[2025-01-08T23:02:51.591+0000][182241.957s][info][gc,phases   ] GC(5881)   Merge Heap Roots: 0.6ms
[2025-01-08T23:02:51.591+0000][182241.957s][info][gc,phases   ] GC(5881)   Evacuate Collection Set: 29.4ms
[2025-01-08T23:02:51.591+0000][182241.957s][info][gc,phases   ] GC(5881)   Post Evacuate Collection Set: 5.4ms
[2025-01-08T23:02:51.591+0000][182241.958s][info][gc,phases   ] GC(5881)   Other: 0.2ms
[2025-01-08T23:02:51.591+0000][182241.958s][info][gc,heap     ] GC(5881) Eden regions: 913->0(66)
[2025-01-08T23:02:51.591+0000][182241.958s][info][gc,heap     ] GC(5881) Survivor regions: 8->10(116)
[2025-01-08T23:02:51.591+0000][182241.958s][info][gc,heap     ] GC(5881) Old regions: 231->231
[2025-01-08T23:02:51.591+0000][182241.958s][info][gc,heap     ] GC(5881) Archive regions: 2->2
[2025-01-08T23:02:51.591+0000][182241.958s][info][gc,heap     ] GC(5881) Humongous regions: 49->49
[2025-01-08T23:02:51.591+0000][182241.958s][info][gc,metaspace] GC(5881) Metaspace: 524076K(533824K)->524076K(533824K) NonClass: 460215K(465088K)->460215K(465088K) Class: 63860K(68736K)->63860K(68736K)
[2025-01-08T23:02:51.591+0000][182241.958s][info][gc          ] GC(5881) Pause Young (Prepare Mixed) (G1 Evacuation Pause) 9613M->2326M(12288M) 35.945ms
[2025-01-08T23:02:51.592+0000][182241.958s][info][gc,cpu      ] GC(5881) User=0.21s Sys=0.00s Real=0.04s
[2025-01-08T23:02:52.463+0000][182242.829s][info][gc,start    ] GC(5882) Pause Young (Mixed) (G1 Evacuation Pause)
[2025-01-08T23:02:52.463+0000][182242.829s][info][gc,task     ] GC(5882) Using 6 workers of 6 for evacuation
[2025-01-08T23:02:52.537+0000][182242.903s][info][gc,phases   ] GC(5882)   Pre Evacuate Collection Set: 0.2ms
[2025-01-08T23:02:52.537+0000][182242.903s][info][gc,phases   ] GC(5882)   Merge Heap Roots: 0.8ms
[2025-01-08T23:02:52.537+0000][182242.903s][info][gc,phases   ] GC(5882)   Evacuate Collection Set: 71.4ms
[2025-01-08T23:02:52.537+0000][182242.903s][info][gc,phases   ] GC(5882)   Post Evacuate Collection Set: 2.0ms
[2025-01-08T23:02:52.537+0000][182242.903s][info][gc,phases   ] GC(5882)   Other: 0.2ms
[2025-01-08T23:02:52.537+0000][182242.903s][info][gc,heap     ] GC(5882) Eden regions: 66->0(917)
[2025-01-08T23:02:52.537+0000][182242.903s][info][gc,heap     ] GC(5882) Survivor regions: 10->4(10)
[2025-01-08T23:02:52.537+0000][182242.903s][info][gc,heap     ] GC(5882) Old regions: 231->233
[2025-01-08T23:02:52.537+0000][182242.903s][info][gc,heap     ] GC(5882) Archive regions: 2->2
[2025-01-08T23:02:52.537+0000][182242.903s][info][gc,heap     ] GC(5882) Humongous regions: 49->49
[2025-01-08T23:02:52.537+0000][182242.903s][info][gc,metaspace] GC(5882) Metaspace: 524076K(533824K)->524076K(533824K) NonClass: 460215K(465088K)->460215K(465088K) Class: 63860K(68736K)->63860K(68736K)
[2025-01-08T23:02:52.537+0000][182242.903s][info][gc          ] GC(5882) Pause Young (Mixed) (G1 Evacuation Pause) 2854M->2286M(12288M) 74.555ms
[2025-01-08T23:02:52.537+0000][182242.903s][info][gc,cpu      ] GC(5882) User=0.42s Sys=0.00s Real=0.07s
[2025-01-08T23:03:05.225+0000][182255.591s][info][gc,start    ] GC(5883) Pause Young (Normal) (G1 Evacuation Pause)
[2025-01-08T23:03:05.225+0000][182255.591s][info][gc,task     ] GC(5883) Using 6 workers of 6 for evacuation
[2025-01-08T23:03:05.252+0000][182255.618s][info][gc,phases   ] GC(5883)   Pre Evacuate Collection Set: 0.2ms
[2025-01-08T23:03:05.252+0000][182255.618s][info][gc,phases   ] GC(5883)   Merge Heap Roots: 0.4ms
[2025-01-08T23:03:05.252+0000][182255.618s][info][gc,phases   ] GC(5883)   Evacuate Collection Set: 21.8ms
[2025-01-08T23:03:05.252+0000][182255.618s][info][gc,phases   ] GC(5883)   Post Evacuate Collection Set: 4.1ms
[2025-01-08T23:03:05.252+0000][182255.618s][info][gc,phases   ] GC(5883)   Other: 0.2ms
[2025-01-08T23:03:05.252+0000][182255.618s][info][gc,heap     ] GC(5883) Eden regions: 917->0(915)
[2025-01-08T23:03:05.252+0000][182255.618s][info][gc,heap     ] GC(5883) Survivor regions: 4->6(116)
[2025-01-08T23:03:05.252+0000][182255.618s][info][gc,heap     ] GC(5883) Old regions: 233->233
[2025-01-08T23:03:05.252+0000][182255.618s][info][gc,heap     ] GC(5883) Archive regions: 2->2
[2025-01-08T23:03:05.252+0000][182255.618s][info][gc,heap     ] GC(5883) Humongous regions: 49->49
[2025-01-08T23:03:05.252+0000][182255.618s][info][gc,metaspace] GC(5883) Metaspace: 524076K(533824K)->524076K(533824K) NonClass: 460215K(465088K)->460215K(465088K) Class: 63860K(68736K)->63860K(68736K)
[2025-01-08T23:03:05.252+0000][182255.618s][info][gc          ] GC(5883) Pause Young (Normal) (G1 Evacuation Pause) 9622M->2306M(12288M) 26.819ms
[2025-01-08T23:03:05.252+0000][182255.618s][info][gc,cpu      ] GC(5883) User=0.16s Sys=0.00s Real=0.03s
[2025-01-08T23:03:10.680+0000][182261.046s][info][gc,start    ] GC(5884) Pause Young (Normal) (G1 Evacuation Pause)
[2025-01-08T23:03:10.680+0000][182261.046s][info][gc,task     ] GC(5884) Using 6 workers of 6 for evacuation
[2025-01-08T23:03:10.706+0000][182261.072s][info][gc,phases   ] GC(5884)   Pre Evacuate Collection Set: 0.2ms
[2025-01-08T23:03:10.706+0000][182261.072s][info][gc,phases   ] GC(5884)   Merge Heap Roots: 0.4ms
[2025-01-08T23:03:10.706+0000][182261.072s][info][gc,phases   ] GC(5884)   Evacuate Collection Set: 22.8ms
[2025-01-08T23:03:10.706+0000][182261.072s][info][gc,phases   ] GC(5884)   Post Evacuate Collection Set: 2.3ms
[2025-01-08T23:03:10.706+0000][182261.072s][info][gc,phases   ] GC(5884)   Other: 0.2ms
[2025-01-08T23:03:10.706+0000][182261.072s][info][gc,heap     ] GC(5884) Eden regions: 915->0(916)
[2025-01-08T23:03:10.706+0000][182261.072s][info][gc,heap     ] GC(5884) Survivor regions: 6->5(116)
[2025-01-08T23:03:10.706+0000][182261.072s][info][gc,heap     ] GC(5884) Old regions: 233->233
[2025-01-08T23:03:10.706+0000][182261.072s][info][gc,heap     ] GC(5884) Archive regions: 2->2
[2025-01-08T23:03:10.706+0000][182261.072s][info][gc,heap     ] GC(5884) Humongous regions: 49->49
[2025-01-08T23:03:10.706+0000][182261.072s][info][gc,metaspace] GC(5884) Metaspace: 524076K(533824K)->524076K(533824K) NonClass: 460215K(465088K)->460215K(465088K) Class: 63860K(68736K)->63860K(68736K)
[2025-01-08T23:03:10.706+0000][182261.072s][info][gc          ] GC(5884) Pause Young (Normal) (G1 Evacuation Pause) 9626M->2297M(12288M) 26.031ms
[2025-01-08T23:03:10.706+0000][182261.072s][info][gc,cpu      ] GC(5884) User=0.14s Sys=0.01s Real=0.03s
[2025-01-08T23:03:17.634+0000][182268.000s][info][gc,start    ] GC(5885) Pause Young (Concurrent Start) (G1 Evacuation Pause)
[2025-01-08T23:03:17.634+0000][182268.000s][info][gc,task     ] GC(5885) Using 6 workers of 6 for evacuation
[2025-01-08T23:03:17.665+0000][182268.031s][info][gc,phases   ] GC(5885)   Pre Evacuate Collection Set: 1.2ms
[2025-01-08T23:03:17.665+0000][182268.031s][info][gc,phases   ] GC(5885)   Merge Heap Roots: 0.4ms
[2025-01-08T23:03:17.665+0000][182268.031s][info][gc,phases   ] GC(5885)   Evacuate Collection Set: 26.3ms
[2025-01-08T23:03:17.665+0000][182268.031s][info][gc,phases   ] GC(5885)   Post Evacuate Collection Set: 2.6ms
[2025-01-08T23:03:17.665+0000][182268.031s][info][gc,phases   ] GC(5885)   Other: 0.3ms
[2025-01-08T23:03:17.665+0000][182268.031s][info][gc,heap     ] GC(5885) Eden regions: 916->0(914)
[2025-01-08T23:03:17.665+0000][182268.031s][info][gc,heap     ] GC(5885) Survivor regions: 5->7(116)
[2025-01-08T23:03:17.665+0000][182268.031s][info][gc,heap     ] GC(5885) Old regions: 233->233
[2025-01-08T23:03:17.665+0000][182268.031s][info][gc,heap     ] GC(5885) Archive regions: 2->2
[2025-01-08T23:03:17.665+0000][182268.031s][info][gc,heap     ] GC(5885) Humongous regions: 49->49
[2025-01-08T23:03:17.665+0000][182268.031s][info][gc,metaspace] GC(5885) Metaspace: 524076K(533824K)->524076K(533824K) NonClass: 460215K(465088K)->460215K(465088K) Class: 63860K(68736K)->63860K(68736K)
[2025-01-08T23:03:17.665+0000][182268.031s][info][gc          ] GC(5885) Pause Young (Concurrent Start) (G1 Evacuation Pause) 9625M->2314M(12288M) 30.853ms
[2025-01-08T23:03:17.665+0000][182268.031s][info][gc,cpu      ] GC(5885) User=0.18s Sys=0.00s Real=0.03s
[2025-01-08T23:03:17.665+0000][182268.031s][info][gc          ] GC(5886) Concurrent Mark Cycle
[2025-01-08T23:03:17.665+0000][182268.031s][info][gc,marking  ] GC(5886) Concurrent Clear Claimed Marks
[2025-01-08T23:03:17.666+0000][182268.032s][info][gc,marking  ] GC(5886) Concurrent Clear Claimed Marks 0.972ms
[2025-01-08T23:03:17.666+0000][182268.032s][info][gc,marking  ] GC(5886) Concurrent Scan Root Regions
[2025-01-08T23:03:17.684+0000][182268.050s][info][gc,marking  ] GC(5886) Concurrent Scan Root Regions 18.191ms
[2025-01-08T23:03:17.684+0000][182268.050s][info][gc,marking  ] GC(5886) Concurrent Mark
[2025-01-08T23:03:17.684+0000][182268.050s][info][gc,marking  ] GC(5886) Concurrent Mark From Roots
[2025-01-08T23:03:17.684+0000][182268.050s][info][gc,task     ] GC(5886) Using 2 workers of 2 for marking
[2025-01-08T23:03:18.472+0000][182268.838s][info][gc,marking  ] GC(5886) Concurrent Mark From Roots 788.217ms
[2025-01-08T23:03:18.472+0000][182268.839s][info][gc,marking  ] GC(5886) Concurrent Preclean
[2025-01-08T23:03:18.475+0000][182268.841s][info][gc,marking  ] GC(5886) Concurrent Preclean 2.518ms
[2025-01-08T23:03:18.475+0000][182268.841s][info][gc,start    ] GC(5886) Pause Remark
[2025-01-08T23:03:18.501+0000][182268.867s][info][gc          ] GC(5886) Pause Remark 3046M->3046M(12288M) 25.845ms
[2025-01-08T23:03:18.501+0000][182268.867s][info][gc,cpu      ] GC(5886) User=0.15s Sys=0.00s Real=0.02s
[2025-01-08T23:03:18.501+0000][182268.867s][info][gc,marking  ] GC(5886) Concurrent Mark 816.915ms
[2025-01-08T23:03:18.501+0000][182268.867s][info][gc,marking  ] GC(5886) Concurrent Rebuild Remembered Sets
[2025-01-08T23:03:19.114+0000][182269.481s][info][gc,marking  ] GC(5886) Concurrent Rebuild Remembered Sets 613.354ms
[2025-01-08T23:03:19.115+0000][182269.481s][info][gc,start    ] GC(5886) Pause Cleanup
[2025-01-08T23:03:19.115+0000][182269.481s][info][gc          ] GC(5886) Pause Cleanup 3527M->3527M(12288M) 0.445ms
[2025-01-08T23:03:19.115+0000][182269.481s][info][gc,cpu      ] GC(5886) User=0.00s Sys=0.00s Real=0.00s
[2025-01-08T23:03:19.115+0000][182269.481s][info][gc,marking  ] GC(5886) Concurrent Cleanup for Next Mark
[2025-01-08T23:03:19.131+0000][182269.497s][info][gc,marking  ] GC(5886) Concurrent Cleanup for Next Mark 15.849ms
[2025-01-08T23:03:19.131+0000][182269.497s][info][gc          ] GC(5886) Concurrent Mark Cycle 1466.129ms
[2025-01-08T23:03:27.368+0000][182277.734s][info][gc,start    ] GC(5887) Pause Young (Prepare Mixed) (G1 Evacuation Pause)
[2025-01-08T23:03:27.368+0000][182277.734s][info][gc,task     ] GC(5887) Using 6 workers of 6 for evacuation
[2025-01-08T23:03:27.403+0000][182277.769s][info][gc,phases   ] GC(5887)   Pre Evacuate Collection Set: 0.2ms
[2025-01-08T23:03:27.403+0000][182277.769s][info][gc,phases   ] GC(5887)   Merge Heap Roots: 0.6ms
[2025-01-08T23:03:27.403+0000][182277.769s][info][gc,phases   ] GC(5887)   Evacuate Collection Set: 31.7ms
[2025-01-08T23:03:27.403+0000][182277.769s][info][gc,phases   ] GC(5887)   Post Evacuate Collection Set: 2.7ms
[2025-01-08T23:03:27.403+0000][182277.769s][info][gc,phases   ] GC(5887)   Other: 0.2ms
[2025-01-08T23:03:27.403+0000][182277.769s][info][gc,heap     ] GC(5887) Eden regions: 914->0(67)
[2025-01-08T23:03:27.403+0000][182277.769s][info][gc,heap     ] GC(5887) Survivor regions: 7->9(116)
[2025-01-08T23:03:27.403+0000][182277.769s][info][gc,heap     ] GC(5887) Old regions: 233->233
[2025-01-08T23:03:27.403+0000][182277.769s][info][gc,heap     ] GC(5887) Archive regions: 2->2
[2025-01-08T23:03:27.403+0000][182277.769s][info][gc,heap     ] GC(5887) Humongous regions: 49->49
[2025-01-08T23:03:27.403+0000][182277.769s][info][gc,metaspace] GC(5887) Metaspace: 524076K(533824K)->524076K(533824K) NonClass: 460215K(465088K)->460215K(465088K) Class: 63860K(68736K)->63860K(68736K)
[2025-01-08T23:03:27.403+0000][182277.769s][info][gc          ] GC(5887) Pause Young (Prepare Mixed) (G1 Evacuation Pause) 9626M->2325M(12288M) 35.474ms
[2025-01-08T23:03:27.403+0000][182277.769s][info][gc,cpu      ] GC(5887) User=0.21s Sys=0.00s Real=0.04s
[2025-01-08T23:03:27.850+0000][182278.216s][info][gc,start    ] GC(5888) Pause Young (Mixed) (G1 Evacuation Pause)
[2025-01-08T23:03:27.850+0000][182278.216s][info][gc,task     ] GC(5888) Using 6 workers of 6 for evacuation
[2025-01-08T23:03:27.896+0000][182278.262s][info][gc,phases   ] GC(5888)   Pre Evacuate Collection Set: 0.2ms
[2025-01-08T23:03:27.896+0000][182278.262s][info][gc,phases   ] GC(5888)   Merge Heap Roots: 0.4ms
[2025-01-08T23:03:27.896+0000][182278.262s][info][gc,phases   ] GC(5888)   Evacuate Collection Set: 44.2ms
[2025-01-08T23:03:27.896+0000][182278.262s][info][gc,phases   ] GC(5888)   Post Evacuate Collection Set: 1.6ms
[2025-01-08T23:03:27.896+0000][182278.262s][info][gc,phases   ] GC(5888)   Other: 0.2ms
[2025-01-08T23:03:27.896+0000][182278.262s][info][gc,heap     ] GC(5888) Eden regions: 67->0(914)
[2025-01-08T23:03:27.896+0000][182278.262s][info][gc,heap     ] GC(5888) Survivor regions: 9->7(10)
[2025-01-08T23:03:27.896+0000][182278.262s][info][gc,heap     ] GC(5888) Old regions: 233->230
[2025-01-08T23:03:27.896+0000][182278.262s][info][gc,heap     ] GC(5888) Archive regions: 2->2
[2025-01-08T23:03:27.896+0000][182278.262s][info][gc,heap     ] GC(5888) Humongous regions: 49->49
[2025-01-08T23:03:27.896+0000][182278.262s][info][gc,metaspace] GC(5888) Metaspace: 524076K(533824K)->524076K(533824K) NonClass: 460215K(465088K)->460215K(465088K) Class: 63860K(68736K)->63860K(68736K)
[2025-01-08T23:03:27.896+0000][182278.263s][info][gc          ] GC(5888) Pause Young (Mixed) (G1 Evacuation Pause) 2861M->2290M(12288M) 46.670ms
[2025-01-08T23:03:27.896+0000][182278.263s][info][gc,cpu      ] GC(5888) User=0.28s Sys=0.00s Real=0.04s
[2025-01-08T23:03:35.682+0000][182286.048s][info][gc,start    ] GC(5889) Pause Young (Normal) (G1 Evacuation Pause)
[2025-01-08T23:03:35.682+0000][182286.048s][info][gc,task     ] GC(5889) Using 6 workers of 6 for evacuation
[2025-01-08T23:03:35.712+0000][182286.078s][info][gc,phases   ] GC(5889)   Pre Evacuate Collection Set: 0.2ms
[2025-01-08T23:03:35.712+0000][182286.078s][info][gc,phases   ] GC(5889)   Merge Heap Roots: 0.5ms
[2025-01-08T23:03:35.712+0000][182286.078s][info][gc,phases   ] GC(5889)   Evacuate Collection Set: 26.5ms
[2025-01-08T23:03:35.712+0000][182286.078s][info][gc,phases   ] GC(5889)   Post Evacuate Collection Set: 2.7ms
[2025-01-08T23:03:35.712+0000][182286.078s][info][gc,phases   ] GC(5889)   Other: 0.2ms
[2025-01-08T23:03:35.712+0000][182286.078s][info][gc,heap     ] GC(5889) Eden regions: 914->0(914)
[2025-01-08T23:03:35.712+0000][182286.078s][info][gc,heap     ] GC(5889) Survivor regions: 7->7(116)
[2025-01-08T23:03:35.712+0000][182286.078s][info][gc,heap     ] GC(5889) Old regions: 230->230
[2025-01-08T23:03:35.712+0000][182286.078s][info][gc,heap     ] GC(5889) Archive regions: 2->2
[2025-01-08T23:03:35.712+0000][182286.078s][info][gc,heap     ] GC(5889) Humongous regions: 49->49
[2025-01-08T23:03:35.712+0000][182286.078s][info][gc,metaspace] GC(5889) Metaspace: 524076K(533824K)->524076K(533824K) NonClass: 460215K(465088K)->460215K(465088K) Class: 63860K(68736K)->63860K(68736K)
[2025-01-08T23:03:35.712+0000][182286.078s][info][gc          ] GC(5889) Pause Young (Normal) (G1 Evacuation Pause) 9602M->2292M(12288M) 30.272ms
[2025-01-08T23:03:35.712+0000][182286.078s][info][gc,cpu      ] GC(5889) User=0.17s Sys=0.00s Real=0.03s
[2025-01-08T23:03:41.203+0000][182291.569s][info][gc,start    ] GC(5890) Pause Young (Normal) (G1 Evacuation Pause)
[2025-01-08T23:03:41.203+0000][182291.569s][info][gc,task     ] GC(5890) Using 6 workers of 6 for evacuation
[2025-01-08T23:03:41.238+0000][182291.604s][info][gc,phases   ] GC(5890)   Pre Evacuate Collection Set: 0.2ms
[2025-01-08T23:03:41.238+0000][182291.604s][info][gc,phases   ] GC(5890)   Merge Heap Roots: 0.4ms
[2025-01-08T23:03:41.238+0000][182291.604s][info][gc,phases   ] GC(5890)   Evacuate Collection Set: 30.4ms
[2025-01-08T23:03:41.238+0000][182291.604s][info][gc,phases   ] GC(5890)   Post Evacuate Collection Set: 3.9ms
[2025-01-08T23:03:41.238+0000][182291.604s][info][gc,phases   ] GC(5890)   Other: 0.2ms
[2025-01-08T23:03:41.238+0000][182291.604s][info][gc,heap     ] GC(5890) Eden regions: 914->0(911)
[2025-01-08T23:03:41.238+0000][182291.604s][info][gc,heap     ] GC(5890) Survivor regions: 7->10(116)
[2025-01-08T23:03:41.238+0000][182291.605s][info][gc,heap     ] GC(5890) Old regions: 230->230
[2025-01-08T23:03:41.238+0000][182291.605s][info][gc,heap     ] GC(5890) Archive regions: 2->2
[2025-01-08T23:03:41.238+0000][182291.605s][info][gc,heap     ] GC(5890) Humongous regions: 49->49
[2025-01-08T23:03:41.238+0000][182291.605s][info][gc,metaspace] GC(5890) Metaspace: 524076K(533824K)->524076K(533824K) NonClass: 460215K(465088K)->460215K(465088K) Class: 63860K(68736K)->63860K(68736K)
[2025-01-08T23:03:41.238+0000][182291.605s][info][gc          ] GC(5890) Pause Young (Normal) (G1 Evacuation Pause) 9604M->2312M(12288M) 35.242ms
[2025-01-08T23:03:41.238+0000][182291.605s][info][gc,cpu      ] GC(5890) User=0.21s Sys=0.00s Real=0.03s
[2025-01-08T23:03:46.693+0000][182297.059s][info][gc,start    ] GC(5891) Pause Young (Concurrent Start) (G1 Evacuation Pause)
[2025-01-08T23:03:46.693+0000][182297.059s][info][gc,task     ] GC(5891) Using 6 workers of 6 for evacuation
[2025-01-08T23:03:46.733+0000][182297.099s][info][gc,phases   ] GC(5891)   Pre Evacuate Collection Set: 1.1ms
[2025-01-08T23:03:46.733+0000][182297.099s][info][gc,phases   ] GC(5891)   Merge Heap Roots: 0.4ms
[2025-01-08T23:03:46.733+0000][182297.099s][info][gc,phases   ] GC(5891)   Evacuate Collection Set: 33.7ms
[2025-01-08T23:03:46.733+0000][182297.099s][info][gc,phases   ] GC(5891)   Post Evacuate Collection Set: 4.3ms
[2025-01-08T23:03:46.733+0000][182297.099s][info][gc,phases   ] GC(5891)   Other: 0.3ms
[2025-01-08T23:03:46.733+0000][182297.099s][info][gc,heap     ] GC(5891) Eden regions: 911->0(912)
[2025-01-08T23:03:46.733+0000][182297.099s][info][gc,heap     ] GC(5891) Survivor regions: 10->9(116)
[2025-01-08T23:03:46.733+0000][182297.099s][info][gc,heap     ] GC(5891) Old regions: 230->230
[2025-01-08T23:03:46.733+0000][182297.099s][info][gc,heap     ] GC(5891) Archive regions: 2->2
[2025-01-08T23:03:46.733+0000][182297.099s][info][gc,heap     ] GC(5891) Humongous regions: 49->49
[2025-01-08T23:03:46.733+0000][182297.099s][info][gc,metaspace] GC(5891) Metaspace: 524076K(533824K)->524076K(533824K) NonClass: 460215K(465088K)->460215K(465088K) Class: 63860K(68736K)->63860K(68736K)
[2025-01-08T23:03:46.733+0000][182297.099s][info][gc          ] GC(5891) Pause Young (Concurrent Start) (G1 Evacuation Pause) 9600M->2309M(12288M) 40.045ms
[2025-01-08T23:03:46.733+0000][182297.099s][info][gc,cpu      ] GC(5891) User=0.23s Sys=0.00s Real=0.04s
[2025-01-08T23:03:46.733+0000][182297.099s][info][gc          ] GC(5892) Concurrent Mark Cycle
[2025-01-08T23:03:46.733+0000][182297.099s][info][gc,marking  ] GC(5892) Concurrent Clear Claimed Marks
[2025-01-08T23:03:46.734+0000][182297.100s][info][gc,marking  ] GC(5892) Concurrent Clear Claimed Marks 0.955ms
[2025-01-08T23:03:46.734+0000][182297.100s][info][gc,marking  ] GC(5892) Concurrent Scan Root Regions
[2025-01-08T23:03:46.761+0000][182297.127s][info][gc,marking  ] GC(5892) Concurrent Scan Root Regions 26.940ms
[2025-01-08T23:03:46.761+0000][182297.127s][info][gc,marking  ] GC(5892) Concurrent Mark
[2025-01-08T23:03:46.761+0000][182297.127s][info][gc,marking  ] GC(5892) Concurrent Mark From Roots
[2025-01-08T23:03:46.761+0000][182297.127s][info][gc,task     ] GC(5892) Using 2 workers of 2 for marking
[2025-01-08T23:03:47.657+0000][182298.023s][info][gc,marking  ] GC(5892) Concurrent Mark From Roots 896.039ms
[2025-01-08T23:03:47.657+0000][182298.023s][info][gc,marking  ] GC(5892) Concurrent Preclean
[2025-01-08T23:03:47.660+0000][182298.026s][info][gc,marking  ] GC(5892) Concurrent Preclean 2.555ms
[2025-01-08T23:03:47.660+0000][182298.026s][info][gc,start    ] GC(5892) Pause Remark
[2025-01-08T23:03:47.686+0000][182298.052s][info][gc          ] GC(5892) Pause Remark 2970M->2970M(12288M) 26.018ms
[2025-01-08T23:03:47.686+0000][182298.052s][info][gc,cpu      ] GC(5892) User=0.15s Sys=0.00s Real=0.03s
[2025-01-08T23:03:47.686+0000][182298.052s][info][gc,marking  ] GC(5892) Concurrent Mark 925.005ms
[2025-01-08T23:03:47.686+0000][182298.052s][info][gc,marking  ] GC(5892) Concurrent Rebuild Remembered Sets
[2025-01-08T23:03:48.201+0000][182298.567s][info][gc,marking  ] GC(5892) Concurrent Rebuild Remembered Sets 515.015ms
[2025-01-08T23:03:48.201+0000][182298.567s][info][gc,start    ] GC(5892) Pause Cleanup
[2025-01-08T23:03:48.202+0000][182298.568s][info][gc          ] GC(5892) Pause Cleanup 3049M->3049M(12288M) 0.457ms
[2025-01-08T23:03:48.202+0000][182298.568s][info][gc,cpu      ] GC(5892) User=0.00s Sys=0.00s Real=0.01s
[2025-01-08T23:03:48.202+0000][182298.568s][info][gc,marking  ] GC(5892) Concurrent Cleanup for Next Mark
[2025-01-08T23:03:48.217+0000][182298.583s][info][gc,marking  ] GC(5892) Concurrent Cleanup for Next Mark 15.323ms
[2025-01-08T23:03:48.217+0000][182298.583s][info][gc          ] GC(5892) Concurrent Mark Cycle 1484.092ms
[2025-01-08T23:03:57.746+0000][182308.112s][info][gc,start    ] GC(5893) Pause Young (Prepare Mixed) (G1 Evacuation Pause)
[2025-01-08T23:03:57.746+0000][182308.112s][info][gc,task     ] GC(5893) Using 6 workers of 6 for evacuation
[2025-01-08T23:03:57.787+0000][182308.153s][info][gc,phases   ] GC(5893)   Pre Evacuate Collection Set: 0.2ms
[2025-01-08T23:03:57.787+0000][182308.153s][info][gc,phases   ] GC(5893)   Merge Heap Roots: 0.7ms
[2025-01-08T23:03:57.787+0000][182308.153s][info][gc,phases   ] GC(5893)   Evacuate Collection Set: 35.7ms
[2025-01-08T23:03:57.787+0000][182308.153s][info][gc,phases   ] GC(5893)   Post Evacuate Collection Set: 4.2ms
[2025-01-08T23:03:57.787+0000][182308.153s][info][gc,phases   ] GC(5893)   Other: 0.2ms
[2025-01-08T23:03:57.787+0000][182308.153s][info][gc,heap     ] GC(5893) Eden regions: 912->0(65)
[2025-01-08T23:03:57.787+0000][182308.153s][info][gc,heap     ] GC(5893) Survivor regions: 9->11(116)
[2025-01-08T23:03:57.787+0000][182308.153s][info][gc,heap     ] GC(5893) Old regions: 230->230
[2025-01-08T23:03:57.787+0000][182308.153s][info][gc,heap     ] GC(5893) Archive regions: 2->2
[2025-01-08T23:03:57.787+0000][182308.153s][info][gc,heap     ] GC(5893) Humongous regions: 49->49
[2025-01-08T23:03:57.787+0000][182308.153s][info][gc,metaspace] GC(5893) Metaspace: 524076K(533824K)->524076K(533824K) NonClass: 460215K(465088K)->460215K(465088K) Class: 63860K(68736K)->63860K(68736K)
[2025-01-08T23:03:57.787+0000][182308.153s][info][gc          ] GC(5893) Pause Young (Prepare Mixed) (G1 Evacuation Pause) 9605M->2321M(12288M) 41.010ms
[2025-01-08T23:03:57.787+0000][182308.153s][info][gc,cpu      ] GC(5893) User=0.24s Sys=0.00s Real=0.04s
[2025-01-08T23:03:58.308+0000][182308.674s][info][gc,start    ] GC(5894) Pause Young (Mixed) (G1 Evacuation Pause)
[2025-01-08T23:03:58.308+0000][182308.674s][info][gc,task     ] GC(5894) Using 6 workers of 6 for evacuation
[2025-01-08T23:03:58.376+0000][182308.742s][info][gc,phases   ] GC(5894)   Pre Evacuate Collection Set: 0.2ms
[2025-01-08T23:03:58.376+0000][182308.742s][info][gc,phases   ] GC(5894)   Merge Heap Roots: 0.6ms
[2025-01-08T23:03:58.376+0000][182308.742s][info][gc,phases   ] GC(5894)   Evacuate Collection Set: 65.2ms
[2025-01-08T23:03:58.376+0000][182308.742s][info][gc,phases   ] GC(5894)   Post Evacuate Collection Set: 1.7ms
[2025-01-08T23:03:58.376+0000][182308.742s][info][gc,phases   ] GC(5894)   Other: 0.2ms
[2025-01-08T23:03:58.376+0000][182308.742s][info][gc,heap     ] GC(5894) Eden regions: 65->0(916)
[2025-01-08T23:03:58.376+0000][182308.742s][info][gc,heap     ] GC(5894) Survivor regions: 11->5(10)
[2025-01-08T23:03:58.376+0000][182308.742s][info][gc,heap     ] GC(5894) Old regions: 230->231
[2025-01-08T23:03:58.376+0000][182308.742s][info][gc,heap     ] GC(5894) Archive regions: 2->2
[2025-01-08T23:03:58.376+0000][182308.742s][info][gc,heap     ] GC(5894) Humongous regions: 49->49
[2025-01-08T23:03:58.376+0000][182308.742s][info][gc,metaspace] GC(5894) Metaspace: 524076K(533824K)->524076K(533824K) NonClass: 460215K(465088K)->460215K(465088K) Class: 63860K(68736K)->63860K(68736K)
[2025-01-08T23:03:58.376+0000][182308.742s][info][gc          ] GC(5894) Pause Young (Mixed) (G1 Evacuation Pause) 2841M->2281M(12288M) 67.938ms
[2025-01-08T23:03:58.376+0000][182308.742s][info][gc,cpu      ] GC(5894) User=0.39s Sys=0.01s Real=0.07s
[2025-01-08T23:04:03.855+0000][182314.221s][info][gc,start    ] GC(5895) Pause Young (Normal) (G1 Evacuation Pause)
[2025-01-08T23:04:03.855+0000][182314.221s][info][gc,task     ] GC(5895) Using 6 workers of 6 for evacuation
[2025-01-08T23:04:03.878+0000][182314.244s][info][gc,phases   ] GC(5895)   Pre Evacuate Collection Set: 0.2ms
[2025-01-08T23:04:03.878+0000][182314.244s][info][gc,phases   ] GC(5895)   Merge Heap Roots: 0.4ms
[2025-01-08T23:04:03.878+0000][182314.244s][info][gc,phases   ] GC(5895)   Evacuate Collection Set: 19.6ms
[2025-01-08T23:04:03.878+0000][182314.244s][info][gc,phases   ] GC(5895)   Post Evacuate Collection Set: 2.4ms
[2025-01-08T23:04:03.878+0000][182314.244s][info][gc,phases   ] GC(5895)   Other: 0.2ms
[2025-01-08T23:04:03.878+0000][182314.244s][info][gc,heap     ] GC(5895) Eden regions: 916->0(916)
[2025-01-08T23:04:03.878+0000][182314.244s][info][gc,heap     ] GC(5895) Survivor regions: 5->5(116)
[2025-01-08T23:04:03.878+0000][182314.244s][info][gc,heap     ] GC(5895) Old regions: 231->231
[2025-01-08T23:04:03.878+0000][182314.244s][info][gc,heap     ] GC(5895) Archive regions: 2->2
[2025-01-08T23:04:03.878+0000][182314.244s][info][gc,heap     ] GC(5895) Humongous regions: 49->49
[2025-01-08T23:04:03.878+0000][182314.244s][info][gc,metaspace] GC(5895) Metaspace: 524076K(533824K)->524076K(533824K) NonClass: 460215K(465088K)->460215K(465088K) Class: 63860K(68736K)->63860K(68736K)
[2025-01-08T23:04:03.878+0000][182314.244s][info][gc          ] GC(5895) Pause Young (Normal) (G1 Evacuation Pause) 9609M->2283M(12288M) 22.901ms
[2025-01-08T23:04:03.878+0000][182314.244s][info][gc,cpu      ] GC(5895) User=0.13s Sys=0.00s Real=0.02s
[2025-01-08T23:04:10.443+0000][182320.809s][info][gc,start    ] GC(5896) Pause Young (Normal) (G1 Evacuation Pause)
[2025-01-08T23:04:10.443+0000][182320.809s][info][gc,task     ] GC(5896) Using 6 workers of 6 for evacuation
[2025-01-08T23:04:10.469+0000][182320.835s][info][gc,phases   ] GC(5896)   Pre Evacuate Collection Set: 0.2ms
[2025-01-08T23:04:10.469+0000][182320.835s][info][gc,phases   ] GC(5896)   Merge Heap Roots: 0.4ms
[2025-01-08T23:04:10.469+0000][182320.835s][info][gc,phases   ] GC(5896)   Evacuate Collection Set: 22.9ms
[2025-01-08T23:04:10.469+0000][182320.835s][info][gc,phases   ] GC(5896)   Post Evacuate Collection Set: 2.5ms
[2025-01-08T23:04:10.469+0000][182320.835s][info][gc,phases   ] GC(5896)   Other: 0.2ms
[2025-01-08T23:04:10.469+0000][182320.835s][info][gc,heap     ] GC(5896) Eden regions: 916->0(915)
[2025-01-08T23:04:10.469+0000][182320.835s][info][gc,heap     ] GC(5896) Survivor regions: 5->6(116)
[2025-01-08T23:04:10.469+0000][182320.835s][info][gc,heap     ] GC(5896) Old regions: 231->231
[2025-01-08T23:04:10.469+0000][182320.835s][info][gc,heap     ] GC(5896) Archive regions: 2->2
[2025-01-08T23:04:10.469+0000][182320.835s][info][gc,heap     ] GC(5896) Humongous regions: 49->49
[2025-01-08T23:04:10.469+0000][182320.835s][info][gc,metaspace] GC(5896) Metaspace: 524076K(533824K)->524076K(533824K) NonClass: 460215K(465088K)->460215K(465088K) Class: 63860K(68736K)->63860K(68736K)
[2025-01-08T23:04:10.469+0000][182320.835s][info][gc          ] GC(5896) Pause Young (Normal) (G1 Evacuation Pause) 9611M->2293M(12288M) 26.338ms
[2025-01-08T23:04:10.469+0000][182320.835s][info][gc,cpu      ] GC(5896) User=0.15s Sys=0.00s Real=0.02s
[2025-01-08T23:04:18.726+0000][182329.092s][info][gc,start    ] GC(5897) Pause Young (Concurrent Start) (G1 Evacuation Pause)
[2025-01-08T23:04:18.726+0000][182329.092s][info][gc,task     ] GC(5897) Using 6 workers of 6 for evacuation
[2025-01-08T23:04:18.763+0000][182329.129s][info][gc,phases   ] GC(5897)   Pre Evacuate Collection Set: 1.2ms
[2025-01-08T23:04:18.763+0000][182329.129s][info][gc,phases   ] GC(5897)   Merge Heap Roots: 0.5ms
[2025-01-08T23:04:18.763+0000][182329.129s][info][gc,phases   ] GC(5897)   Evacuate Collection Set: 32.2ms
[2025-01-08T23:04:18.763+0000][182329.129s][info][gc,phases   ] GC(5897)   Post Evacuate Collection Set: 2.8ms
[2025-01-08T23:04:18.763+0000][182329.129s][info][gc,phases   ] GC(5897)   Other: 0.3ms
[2025-01-08T23:04:18.763+0000][182329.129s][info][gc,heap     ] GC(5897) Eden regions: 915->0(912)
[2025-01-08T23:04:18.763+0000][182329.129s][info][gc,heap     ] GC(5897) Survivor regions: 6->9(116)
[2025-01-08T23:04:18.763+0000][182329.129s][info][gc,heap     ] GC(5897) Old regions: 231->231
[2025-01-08T23:04:18.763+0000][182329.129s][info][gc,heap     ] GC(5897) Archive regions: 2->2
[2025-01-08T23:04:18.763+0000][182329.129s][info][gc,heap     ] GC(5897) Humongous regions: 49->49
[2025-01-08T23:04:18.763+0000][182329.129s][info][gc,metaspace] GC(5897) Metaspace: 524076K(533824K)->524076K(533824K) NonClass: 460215K(465088K)->460215K(465088K) Class: 63860K(68736K)->63860K(68736K)
[2025-01-08T23:04:18.763+0000][182329.129s][info][gc          ] GC(5897) Pause Young (Concurrent Start) (G1 Evacuation Pause) 9613M->2313M(12288M) 37.061ms
[2025-01-08T23:04:18.763+0000][182329.129s][info][gc,cpu      ] GC(5897) User=0.20s Sys=0.01s Real=0.04s
[2025-01-08T23:04:18.763+0000][182329.129s][info][gc          ] GC(5898) Concurrent Mark Cycle
[2025-01-08T23:04:18.763+0000][182329.129s][info][gc,marking  ] GC(5898) Concurrent Clear Claimed Marks
[2025-01-08T23:04:18.764+0000][182329.130s][info][gc,marking  ] GC(5898) Concurrent Clear Claimed Marks 1.012ms
[2025-01-08T23:04:18.764+0000][182329.130s][info][gc,marking  ] GC(5898) Concurrent Scan Root Regions
[2025-01-08T23:04:18.796+0000][182329.162s][info][gc,marking  ] GC(5898) Concurrent Scan Root Regions 31.834ms
[2025-01-08T23:04:18.796+0000][182329.162s][info][gc,marking  ] GC(5898) Concurrent Mark
[2025-01-08T23:04:18.796+0000][182329.162s][info][gc,marking  ] GC(5898) Concurrent Mark From Roots
[2025-01-08T23:04:18.796+0000][182329.162s][info][gc,task     ] GC(5898) Using 2 workers of 2 for marking
[2025-01-08T23:04:19.684+0000][182330.051s][info][gc,marking  ] GC(5898) Concurrent Mark From Roots 888.696ms
[2025-01-08T23:04:19.684+0000][182330.051s][info][gc,marking  ] GC(5898) Concurrent Preclean
[2025-01-08T23:04:19.687+0000][182330.053s][info][gc,marking  ] GC(5898) Concurrent Preclean 2.617ms
[2025-01-08T23:04:19.687+0000][182330.053s][info][gc,start    ] GC(5898) Pause Remark
[2025-01-08T23:04:19.713+0000][182330.079s][info][gc          ] GC(5898) Pause Remark 2790M->2790M(12288M) 25.944ms
[2025-01-08T23:04:19.713+0000][182330.079s][info][gc,cpu      ] GC(5898) User=0.14s Sys=0.00s Real=0.03s
[2025-01-08T23:04:19.713+0000][182330.079s][info][gc,marking  ] GC(5898) Concurrent Mark 917.622ms
[2025-01-08T23:04:19.713+0000][182330.079s][info][gc,marking  ] GC(5898) Concurrent Rebuild Remembered Sets
[2025-01-08T23:04:20.310+0000][182330.676s][info][gc,marking  ] GC(5898) Concurrent Rebuild Remembered Sets 596.344ms
[2025-01-08T23:04:20.310+0000][182330.676s][info][gc,start    ] GC(5898) Pause Cleanup
[2025-01-08T23:04:20.310+0000][182330.676s][info][gc          ] GC(5898) Pause Cleanup 3353M->3353M(12288M) 0.448ms
[2025-01-08T23:04:20.310+0000][182330.676s][info][gc,cpu      ] GC(5898) User=0.00s Sys=0.00s Real=0.00s
[2025-01-08T23:04:20.310+0000][182330.676s][info][gc,marking  ] GC(5898) Concurrent Cleanup for Next Mark
[2025-01-08T23:04:20.326+0000][182330.692s][info][gc,marking  ] GC(5898) Concurrent Cleanup for Next Mark 15.414ms
[2025-01-08T23:04:20.326+0000][182330.692s][info][gc          ] GC(5898) Concurrent Mark Cycle 1563.068ms
[2025-01-08T23:04:28.125+0000][182338.492s][info][gc,start    ] GC(5899) Pause Young (Prepare Mixed) (G1 Evacuation Pause)
[2025-01-08T23:04:28.126+0000][182338.492s][info][gc,task     ] GC(5899) Using 6 workers of 6 for evacuation
[2025-01-08T23:04:28.161+0000][182338.527s][info][gc,phases   ] GC(5899)   Pre Evacuate Collection Set: 0.2ms
[2025-01-08T23:04:28.161+0000][182338.527s][info][gc,phases   ] GC(5899)   Merge Heap Roots: 0.7ms
[2025-01-08T23:04:28.161+0000][182338.527s][info][gc,phases   ] GC(5899)   Evacuate Collection Set: 31.4ms
[2025-01-08T23:04:28.161+0000][182338.527s][info][gc,phases   ] GC(5899)   Post Evacuate Collection Set: 2.7ms
[2025-01-08T23:04:28.161+0000][182338.527s][info][gc,phases   ] GC(5899)   Other: 0.2ms
[2025-01-08T23:04:28.161+0000][182338.527s][info][gc,heap     ] GC(5899) Eden regions: 912->0(67)
[2025-01-08T23:04:28.161+0000][182338.527s][info][gc,heap     ] GC(5899) Survivor regions: 9->9(116)
[2025-01-08T23:04:28.161+0000][182338.527s][info][gc,heap     ] GC(5899) Old regions: 231->231
[2025-01-08T23:04:28.161+0000][182338.527s][info][gc,heap     ] GC(5899) Archive regions: 2->2
[2025-01-08T23:04:28.161+0000][182338.527s][info][gc,heap     ] GC(5899) Humongous regions: 49->49
[2025-01-08T23:04:28.161+0000][182338.527s][info][gc,metaspace] GC(5899) Metaspace: 524076K(533824K)->524076K(533824K) NonClass: 460215K(465088K)->460215K(465088K) Class: 63860K(68736K)->63860K(68736K)
[2025-01-08T23:04:28.161+0000][182338.527s][info][gc          ] GC(5899) Pause Young (Prepare Mixed) (G1 Evacuation Pause) 9609M->2316M(12288M) 35.361ms
[2025-01-08T23:04:28.161+0000][182338.527s][info][gc,cpu      ] GC(5899) User=0.20s Sys=0.00s Real=0.03s
[2025-01-08T23:04:28.728+0000][182339.094s][info][gc,start    ] GC(5900) Pause Young (Mixed) (G1 Evacuation Pause)
[2025-01-08T23:04:28.728+0000][182339.094s][info][gc,task     ] GC(5900) Using 6 workers of 6 for evacuation
[2025-01-08T23:04:28.789+0000][182339.156s][info][gc,phases   ] GC(5900)   Pre Evacuate Collection Set: 0.2ms
[2025-01-08T23:04:28.789+0000][182339.156s][info][gc,phases   ] GC(5900)   Merge Heap Roots: 0.6ms
[2025-01-08T23:04:28.789+0000][182339.156s][info][gc,phases   ] GC(5900)   Evacuate Collection Set: 59.1ms
[2025-01-08T23:04:28.789+0000][182339.156s][info][gc,phases   ] GC(5900)   Post Evacuate Collection Set: 1.6ms
[2025-01-08T23:04:28.789+0000][182339.156s][info][gc,phases   ] GC(5900)   Other: 0.2ms
[2025-01-08T23:04:28.789+0000][182339.156s][info][gc,heap     ] GC(5900) Eden regions: 67->0(916)
[2025-01-08T23:04:28.789+0000][182339.156s][info][gc,heap     ] GC(5900) Survivor regions: 9->5(10)
[2025-01-08T23:04:28.789+0000][182339.156s][info][gc,heap     ] GC(5900) Old regions: 231->231
[2025-01-08T23:04:28.789+0000][182339.156s][info][gc,heap     ] GC(5900) Archive regions: 2->2
[2025-01-08T23:04:28.790+0000][182339.156s][info][gc,heap     ] GC(5900) Humongous regions: 49->49
[2025-01-08T23:04:28.790+0000][182339.156s][info][gc,metaspace] GC(5900) Metaspace: 524076K(533824K)->524076K(533824K) NonClass: 460215K(465088K)->460215K(465088K) Class: 63860K(68736K)->63860K(68736K)
[2025-01-08T23:04:28.790+0000][182339.156s][info][gc          ] GC(5900) Pause Young (Mixed) (G1 Evacuation Pause) 2852M->2283M(12288M) 61.844ms
[2025-01-08T23:04:28.790+0000][182339.156s][info][gc,cpu      ] GC(5900) User=0.36s Sys=0.01s Real=0.07s
[2025-01-08T23:04:35.959+0000][182346.325s][info][gc,start    ] GC(5901) Pause Young (Normal) (G1 Evacuation Pause)
[2025-01-08T23:04:35.959+0000][182346.325s][info][gc,task     ] GC(5901) Using 6 workers of 6 for evacuation
[2025-01-08T23:04:35.987+0000][182346.354s][info][gc,phases   ] GC(5901)   Pre Evacuate Collection Set: 0.2ms
[2025-01-08T23:04:35.987+0000][182346.354s][info][gc,phases   ] GC(5901)   Merge Heap Roots: 0.4ms
[2025-01-08T23:04:35.987+0000][182346.354s][info][gc,phases   ] GC(5901)   Evacuate Collection Set: 23.3ms
[2025-01-08T23:04:35.987+0000][182346.354s][info][gc,phases   ] GC(5901)   Post Evacuate Collection Set: 4.0ms
[2025-01-08T23:04:35.987+0000][182346.354s][info][gc,phases   ] GC(5901)   Other: 0.2ms
[2025-01-08T23:04:35.988+0000][182346.354s][info][gc,heap     ] GC(5901) Eden regions: 916->0(914)
[2025-01-08T23:04:35.988+0000][182346.354s][info][gc,heap     ] GC(5901) Survivor regions: 5->7(116)
[2025-01-08T23:04:35.988+0000][182346.354s][info][gc,heap     ] GC(5901) Old regions: 231->231
[2025-01-08T23:04:35.988+0000][182346.354s][info][gc,heap     ] GC(5901) Archive regions: 2->2
[2025-01-08T23:04:35.988+0000][182346.354s][info][gc,heap     ] GC(5901) Humongous regions: 49->49
[2025-01-08T23:04:35.988+0000][182346.354s][info][gc,metaspace] GC(5901) Metaspace: 524076K(533824K)->524076K(533824K) NonClass: 460215K(465088K)->460215K(465088K) Class: 63860K(68736K)->63860K(68736K)
[2025-01-08T23:04:35.988+0000][182346.354s][info][gc          ] GC(5901) Pause Young (Normal) (G1 Evacuation Pause) 9611M->2298M(12288M) 28.356ms
[2025-01-08T23:04:35.988+0000][182346.354s][info][gc,cpu      ] GC(5901) User=0.17s Sys=0.00s Real=0.03s
[2025-01-08T23:04:43.856+0000][182354.222s][info][gc,start    ] GC(5902) Pause Young (Normal) (G1 Evacuation Pause)
[2025-01-08T23:04:43.856+0000][182354.222s][info][gc,task     ] GC(5902) Using 6 workers of 6 for evacuation
[2025-01-08T23:04:43.886+0000][182354.252s][info][gc,phases   ] GC(5902)   Pre Evacuate Collection Set: 0.2ms
[2025-01-08T23:04:43.886+0000][182354.252s][info][gc,phases   ] GC(5902)   Merge Heap Roots: 0.4ms
[2025-01-08T23:04:43.886+0000][182354.252s][info][gc,phases   ] GC(5902)   Evacuate Collection Set: 25.2ms
[2025-01-08T23:04:43.886+0000][182354.252s][info][gc,phases   ] GC(5902)   Post Evacuate Collection Set: 4.1ms
[2025-01-08T23:04:43.886+0000][182354.252s][info][gc,phases   ] GC(5902)   Other: 0.2ms
[2025-01-08T23:04:43.886+0000][182354.252s][info][gc,heap     ] GC(5902) Eden regions: 914->0(912)
[2025-01-08T23:04:43.886+0000][182354.252s][info][gc,heap     ] GC(5902) Survivor regions: 7->9(116)
[2025-01-08T23:04:43.886+0000][182354.252s][info][gc,heap     ] GC(5902) Old regions: 231->231
[2025-01-08T23:04:43.886+0000][182354.252s][info][gc,heap     ] GC(5902) Archive regions: 2->2
[2025-01-08T23:04:43.886+0000][182354.252s][info][gc,heap     ] GC(5902) Humongous regions: 49->49
[2025-01-08T23:04:43.886+0000][182354.252s][info][gc,metaspace] GC(5902) Metaspace: 524076K(533824K)->524076K(533824K) NonClass: 460215K(465088K)->460215K(465088K) Class: 63860K(68736K)->63860K(68736K)
[2025-01-08T23:04:43.886+0000][182354.252s][info][gc          ] GC(5902) Pause Young (Normal) (G1 Evacuation Pause) 9610M->2309M(12288M) 30.199ms
[2025-01-08T23:04:43.886+0000][182354.252s][info][gc,cpu      ] GC(5902) User=0.18s Sys=0.00s Real=0.03s
[2025-01-08T23:04:53.179+0000][182363.545s][info][gc,start    ] GC(5903) Pause Young (Concurrent Start) (G1 Evacuation Pause)
[2025-01-08T23:04:53.179+0000][182363.545s][info][gc,task     ] GC(5903) Using 6 workers of 6 for evacuation
[2025-01-08T23:04:53.214+0000][182363.580s][info][gc,phases   ] GC(5903)   Pre Evacuate Collection Set: 1.1ms
[2025-01-08T23:04:53.214+0000][182363.580s][info][gc,phases   ] GC(5903)   Merge Heap Roots: 0.5ms
[2025-01-08T23:04:53.214+0000][182363.580s][info][gc,phases   ] GC(5903)   Evacuate Collection Set: 29.3ms
[2025-01-08T23:04:53.214+0000][182363.580s][info][gc,phases   ] GC(5903)   Post Evacuate Collection Set: 4.0ms
[2025-01-08T23:04:53.214+0000][182363.580s][info][gc,phases   ] GC(5903)   Other: 0.3ms
[2025-01-08T23:04:53.214+0000][182363.580s][info][gc,heap     ] GC(5903) Eden regions: 912->0(911)
[2025-01-08T23:04:53.214+0000][182363.580s][info][gc,heap     ] GC(5903) Survivor regions: 9->10(116)
[2025-01-08T23:04:53.214+0000][182363.580s][info][gc,heap     ] GC(5903) Old regions: 231->231
[2025-01-08T23:04:53.214+0000][182363.580s][info][gc,heap     ] GC(5903) Archive regions: 2->2
[2025-01-08T23:04:53.214+0000][182363.580s][info][gc,heap     ] GC(5903) Humongous regions: 49->49
[2025-01-08T23:04:53.214+0000][182363.580s][info][gc,metaspace] GC(5903) Metaspace: 524076K(533824K)->524076K(533824K) NonClass: 460215K(465088K)->460215K(465088K) Class: 63860K(68736K)->63860K(68736K)
[2025-01-08T23:04:53.214+0000][182363.580s][info][gc          ] GC(5903) Pause Young (Concurrent Start) (G1 Evacuation Pause) 9605M->2321M(12288M) 35.236ms
[2025-01-08T23:04:53.214+0000][182363.580s][info][gc,cpu      ] GC(5903) User=0.19s Sys=0.00s Real=0.04s
[2025-01-08T23:04:53.214+0000][182363.580s][info][gc          ] GC(5904) Concurrent Mark Cycle
[2025-01-08T23:04:53.214+0000][182363.580s][info][gc,marking  ] GC(5904) Concurrent Clear Claimed Marks
[2025-01-08T23:04:53.215+0000][182363.581s][info][gc,marking  ] GC(5904) Concurrent Clear Claimed Marks 0.942ms
[2025-01-08T23:04:53.215+0000][182363.581s][info][gc,marking  ] GC(5904) Concurrent Scan Root Regions
[2025-01-08T23:04:53.239+0000][182363.605s][info][gc,marking  ] GC(5904) Concurrent Scan Root Regions 23.515ms
[2025-01-08T23:04:53.239+0000][182363.605s][info][gc,marking  ] GC(5904) Concurrent Mark
[2025-01-08T23:04:53.239+0000][182363.605s][info][gc,marking  ] GC(5904) Concurrent Mark From Roots
[2025-01-08T23:04:53.239+0000][182363.605s][info][gc,task     ] GC(5904) Using 2 workers of 2 for marking
[2025-01-08T23:04:54.101+0000][182364.467s][info][gc,marking  ] GC(5904) Concurrent Mark From Roots 862.212ms
[2025-01-08T23:04:54.101+0000][182364.467s][info][gc,marking  ] GC(5904) Concurrent Preclean
[2025-01-08T23:04:54.104+0000][182364.471s][info][gc,marking  ] GC(5904) Concurrent Preclean 3.535ms
[2025-01-08T23:04:54.105+0000][182364.471s][info][gc,start    ] GC(5904) Pause Remark
[2025-01-08T23:04:54.130+0000][182364.496s][info][gc          ] GC(5904) Pause Remark 3565M->3565M(12288M) 25.819ms
[2025-01-08T23:04:54.130+0000][182364.497s][info][gc,cpu      ] GC(5904) User=0.15s Sys=0.00s Real=0.03s
[2025-01-08T23:04:54.131+0000][182364.497s][info][gc,marking  ] GC(5904) Concurrent Mark 891.949ms
[2025-01-08T23:04:54.131+0000][182364.497s][info][gc,marking  ] GC(5904) Concurrent Rebuild Remembered Sets
[2025-01-08T23:04:54.810+0000][182365.176s][info][gc,marking  ] GC(5904) Concurrent Rebuild Remembered Sets 679.411ms
[2025-01-08T23:04:54.810+0000][182365.176s][info][gc,start    ] GC(5904) Pause Cleanup
[2025-01-08T23:04:54.811+0000][182365.177s][info][gc          ] GC(5904) Pause Cleanup 4549M->4549M(12288M) 0.468ms
[2025-01-08T23:04:54.811+0000][182365.177s][info][gc,cpu      ] GC(5904) User=0.00s Sys=0.00s Real=0.00s
[2025-01-08T23:04:54.811+0000][182365.177s][info][gc,marking  ] GC(5904) Concurrent Cleanup for Next Mark
[2025-01-08T23:04:54.828+0000][182365.194s][info][gc,marking  ] GC(5904) Concurrent Cleanup for Next Mark 16.746ms
[2025-01-08T23:04:54.828+0000][182365.194s][info][gc          ] GC(5904) Concurrent Mark Cycle 1613.539ms
[2025-01-08T23:04:59.204+0000][182369.570s][info][gc,start    ] GC(5905) Pause Young (Prepare Mixed) (G1 Evacuation Pause)
[2025-01-08T23:04:59.204+0000][182369.570s][info][gc,task     ] GC(5905) Using 6 workers of 6 for evacuation
[2025-01-08T23:04:59.240+0000][182369.606s][info][gc,phases   ] GC(5905)   Pre Evacuate Collection Set: 0.2ms
[2025-01-08T23:04:59.240+0000][182369.606s][info][gc,phases   ] GC(5905)   Merge Heap Roots: 0.7ms
[2025-01-08T23:04:59.240+0000][182369.606s][info][gc,phases   ] GC(5905)   Evacuate Collection Set: 32.1ms
[2025-01-08T23:04:59.240+0000][182369.606s][info][gc,phases   ] GC(5905)   Post Evacuate Collection Set: 2.6ms
[2025-01-08T23:04:59.240+0000][182369.606s][info][gc,phases   ] GC(5905)   Other: 0.2ms
[2025-01-08T23:04:59.240+0000][182369.606s][info][gc,heap     ] GC(5905) Eden regions: 911->0(66)
[2025-01-08T23:04:59.240+0000][182369.606s][info][gc,heap     ] GC(5905) Survivor regions: 10->10(116)
[2025-01-08T23:04:59.240+0000][182369.606s][info][gc,heap     ] GC(5905) Old regions: 231->231
[2025-01-08T23:04:59.240+0000][182369.606s][info][gc,heap     ] GC(5905) Archive regions: 2->2
[2025-01-08T23:04:59.240+0000][182369.606s][info][gc,heap     ] GC(5905) Humongous regions: 49->49
[2025-01-08T23:04:59.240+0000][182369.606s][info][gc,metaspace] GC(5905) Metaspace: 524076K(533824K)->524076K(533824K) NonClass: 460215K(465088K)->460215K(465088K) Class: 63860K(68736K)->63860K(68736K)
[2025-01-08T23:04:59.240+0000][182369.606s][info][gc          ] GC(5905) Pause Young (Prepare Mixed) (G1 Evacuation Pause) 9609M->2323M(12288M) 35.849ms
[2025-01-08T23:04:59.240+0000][182369.606s][info][gc,cpu      ] GC(5905) User=0.21s Sys=0.00s Real=0.03s
[2025-01-08T23:04:59.917+0000][182370.283s][info][gc,start    ] GC(5906) Pause Young (Mixed) (G1 Evacuation Pause)
[2025-01-08T23:04:59.917+0000][182370.283s][info][gc,task     ] GC(5906) Using 6 workers of 6 for evacuation
[2025-01-08T23:04:59.983+0000][182370.349s][info][gc,phases   ] GC(5906)   Pre Evacuate Collection Set: 0.2ms
[2025-01-08T23:04:59.983+0000][182370.349s][info][gc,phases   ] GC(5906)   Merge Heap Roots: 0.7ms
[2025-01-08T23:04:59.983+0000][182370.349s][info][gc,phases   ] GC(5906)   Evacuate Collection Set: 62.8ms
[2025-01-08T23:04:59.983+0000][182370.349s][info][gc,phases   ] GC(5906)   Post Evacuate Collection Set: 1.8ms
[2025-01-08T23:04:59.983+0000][182370.349s][info][gc,phases   ] GC(5906)   Other: 0.2ms
[2025-01-08T23:04:59.983+0000][182370.349s][info][gc,heap     ] GC(5906) Eden regions: 66->0(916)
[2025-01-08T23:04:59.983+0000][182370.349s][info][gc,heap     ] GC(5906) Survivor regions: 10->5(10)
[2025-01-08T23:04:59.983+0000][182370.349s][info][gc,heap     ] GC(5906) Old regions: 231->232
[2025-01-08T23:04:59.983+0000][182370.349s][info][gc,heap     ] GC(5906) Archive regions: 2->2
[2025-01-08T23:04:59.983+0000][182370.349s][info][gc,heap     ] GC(5906) Humongous regions: 49->49
[2025-01-08T23:04:59.983+0000][182370.349s][info][gc,metaspace] GC(5906) Metaspace: 524076K(533824K)->524076K(533824K) NonClass: 460215K(465088K)->460215K(465088K) Class: 63860K(68736K)->63860K(68736K)
[2025-01-08T23:04:59.983+0000][182370.349s][info][gc          ] GC(5906) Pause Young (Mixed) (G1 Evacuation Pause) 2851M->2293M(12288M) 65.822ms
[2025-01-08T23:04:59.983+0000][182370.349s][info][gc,cpu      ] GC(5906) User=0.38s Sys=0.00s Real=0.07s
[2025-01-08T23:05:07.219+0000][182377.586s][info][gc,start    ] GC(5907) Pause Young (Normal) (G1 Evacuation Pause)
[2025-01-08T23:05:07.220+0000][182377.586s][info][gc,task     ] GC(5907) Using 6 workers of 6 for evacuation
[2025-01-08T23:05:07.246+0000][182377.612s][info][gc,phases   ] GC(5907)   Pre Evacuate Collection Set: 0.2ms
[2025-01-08T23:05:07.246+0000][182377.612s][info][gc,phases   ] GC(5907)   Merge Heap Roots: 0.4ms
[2025-01-08T23:05:07.246+0000][182377.612s][info][gc,phases   ] GC(5907)   Evacuate Collection Set: 23.1ms
[2025-01-08T23:05:07.246+0000][182377.612s][info][gc,phases   ] GC(5907)   Post Evacuate Collection Set: 2.8ms
[2025-01-08T23:05:07.246+0000][182377.612s][info][gc,phases   ] GC(5907)   Other: 0.2ms
[2025-01-08T23:05:07.246+0000][182377.612s][info][gc,heap     ] GC(5907) Eden regions: 916->0(915)
[2025-01-08T23:05:07.246+0000][182377.612s][info][gc,heap     ] GC(5907) Survivor regions: 5->6(116)
[2025-01-08T23:05:07.246+0000][182377.612s][info][gc,heap     ] GC(5907) Old regions: 232->232
[2025-01-08T23:05:07.246+0000][182377.612s][info][gc,heap     ] GC(5907) Archive regions: 2->2
[2025-01-08T23:05:07.246+0000][182377.612s][info][gc,heap     ] GC(5907) Humongous regions: 49->49
[2025-01-08T23:05:07.246+0000][182377.612s][info][gc,metaspace] GC(5907) Metaspace: 524076K(533824K)->524076K(533824K) NonClass: 460215K(465088K)->460215K(465088K) Class: 63860K(68736K)->63860K(68736K)
[2025-01-08T23:05:07.246+0000][182377.612s][info][gc          ] GC(5907) Pause Young (Normal) (G1 Evacuation Pause) 9621M->2297M(12288M) 26.786ms
[2025-01-08T23:05:07.246+0000][182377.612s][info][gc,cpu      ] GC(5907) User=0.16s Sys=0.00s Real=0.03s
[2025-01-08T23:05:16.948+0000][182387.314s][info][gc,start    ] GC(5908) Pause Young (Normal) (G1 Evacuation Pause)
[2025-01-08T23:05:16.948+0000][182387.314s][info][gc,task     ] GC(5908) Using 6 workers of 6 for evacuation
[2025-01-08T23:05:16.977+0000][182387.343s][info][gc,phases   ] GC(5908)   Pre Evacuate Collection Set: 0.2ms
[2025-01-08T23:05:16.977+0000][182387.343s][info][gc,phases   ] GC(5908)   Merge Heap Roots: 0.4ms
[2025-01-08T23:05:16.977+0000][182387.343s][info][gc,phases   ] GC(5908)   Evacuate Collection Set: 25.1ms
[2025-01-08T23:05:16.977+0000][182387.343s][info][gc,phases   ] GC(5908)   Post Evacuate Collection Set: 2.7ms
[2025-01-08T23:05:16.977+0000][182387.343s][info][gc,phases   ] GC(5908)   Other: 0.2ms
[2025-01-08T23:05:16.977+0000][182387.343s][info][gc,heap     ] GC(5908) Eden regions: 915->0(914)
[2025-01-08T23:05:16.977+0000][182387.343s][info][gc,heap     ] GC(5908) Survivor regions: 6->7(116)
[2025-01-08T23:05:16.977+0000][182387.343s][info][gc,heap     ] GC(5908) Old regions: 232->232
[2025-01-08T23:05:16.977+0000][182387.343s][info][gc,heap     ] GC(5908) Archive regions: 2->2
[2025-01-08T23:05:16.977+0000][182387.343s][info][gc,heap     ] GC(5908) Humongous regions: 49->49
[2025-01-08T23:05:16.977+0000][182387.343s][info][gc,metaspace] GC(5908) Metaspace: 524082K(533824K)->524082K(533824K) NonClass: 460222K(465088K)->460222K(465088K) Class: 63860K(68736K)->63860K(68736K)
[2025-01-08T23:05:16.977+0000][182387.343s][info][gc          ] GC(5908) Pause Young (Normal) (G1 Evacuation Pause) 9617M->2310M(12288M) 28.710ms
[2025-01-08T23:05:16.977+0000][182387.343s][info][gc,cpu      ] GC(5908) User=0.17s Sys=0.00s Real=0.03s
[2025-01-08T23:05:26.052+0000][182396.418s][info][gc,start    ] GC(5909) Pause Young (Concurrent Start) (G1 Evacuation Pause)
[2025-01-08T23:05:26.052+0000][182396.418s][info][gc,task     ] GC(5909) Using 6 workers of 6 for evacuation
[2025-01-08T23:05:26.087+0000][182396.453s][info][gc,phases   ] GC(5909)   Pre Evacuate Collection Set: 1.1ms
[2025-01-08T23:05:26.087+0000][182396.453s][info][gc,phases   ] GC(5909)   Merge Heap Roots: 0.5ms
[2025-01-08T23:05:26.087+0000][182396.453s][info][gc,phases   ] GC(5909)   Evacuate Collection Set: 30.9ms
[2025-01-08T23:05:26.087+0000][182396.453s][info][gc,phases   ] GC(5909)   Post Evacuate Collection Set: 2.7ms
[2025-01-08T23:05:26.087+0000][182396.453s][info][gc,phases   ] GC(5909)   Other: 0.3ms
[2025-01-08T23:05:26.087+0000][182396.453s][info][gc,heap     ] GC(5909) Eden regions: 914->0(912)
[2025-01-08T23:05:26.087+0000][182396.453s][info][gc,heap     ] GC(5909) Survivor regions: 7->9(116)
[2025-01-08T23:05:26.087+0000][182396.453s][info][gc,heap     ] GC(5909) Old regions: 232->232
[2025-01-08T23:05:26.087+0000][182396.453s][info][gc,heap     ] GC(5909) Archive regions: 2->2
[2025-01-08T23:05:26.087+0000][182396.453s][info][gc,heap     ] GC(5909) Humongous regions: 49->49
[2025-01-08T23:05:26.087+0000][182396.453s][info][gc,metaspace] GC(5909) Metaspace: 524082K(533824K)->524082K(533824K) NonClass: 460222K(465088K)->460222K(465088K) Class: 63860K(68736K)->63860K(68736K)
[2025-01-08T23:05:26.087+0000][182396.453s][info][gc          ] GC(5909) Pause Young (Concurrent Start) (G1 Evacuation Pause) 9622M->2325M(12288M) 35.644ms
[2025-01-08T23:05:26.087+0000][182396.454s][info][gc,cpu      ] GC(5909) User=0.21s Sys=0.00s Real=0.03s
[2025-01-08T23:05:26.087+0000][182396.454s][info][gc          ] GC(5910) Concurrent Mark Cycle
[2025-01-08T23:05:26.087+0000][182396.454s][info][gc,marking  ] GC(5910) Concurrent Clear Claimed Marks
[2025-01-08T23:05:26.088+0000][182396.455s][info][gc,marking  ] GC(5910) Concurrent Clear Claimed Marks 0.968ms
[2025-01-08T23:05:26.088+0000][182396.455s][info][gc,marking  ] GC(5910) Concurrent Scan Root Regions
[2025-01-08T23:05:26.113+0000][182396.479s][info][gc,marking  ] GC(5910) Concurrent Scan Root Regions 24.574ms
[2025-01-08T23:05:26.113+0000][182396.479s][info][gc,marking  ] GC(5910) Concurrent Mark
[2025-01-08T23:05:26.113+0000][182396.479s][info][gc,marking  ] GC(5910) Concurrent Mark From Roots
[2025-01-08T23:05:26.113+0000][182396.479s][info][gc,task     ] GC(5910) Using 2 workers of 2 for marking
[2025-01-08T23:05:26.954+0000][182397.320s][info][gc,marking  ] GC(5910) Concurrent Mark From Roots 841.223ms
[2025-01-08T23:05:26.954+0000][182397.320s][info][gc,marking  ] GC(5910) Concurrent Preclean
[2025-01-08T23:05:26.957+0000][182397.323s][info][gc,marking  ] GC(5910) Concurrent Preclean 2.675ms
[2025-01-08T23:05:26.957+0000][182397.323s][info][gc,start    ] GC(5910) Pause Remark
[2025-01-08T23:05:26.984+0000][182397.350s][info][gc          ] GC(5910) Pause Remark 3029M->3029M(12288M) 26.678ms
[2025-01-08T23:05:26.984+0000][182397.350s][info][gc,cpu      ] GC(5910) User=0.15s Sys=0.00s Real=0.03s
[2025-01-08T23:05:26.984+0000][182397.350s][info][gc,marking  ] GC(5910) Concurrent Mark 870.969ms
[2025-01-08T23:05:26.984+0000][182397.350s][info][gc,marking  ] GC(5910) Concurrent Rebuild Remembered Sets
[2025-01-08T23:05:27.513+0000][182397.879s][info][gc,marking  ] GC(5910) Concurrent Rebuild Remembered Sets 528.474ms
[2025-01-08T23:05:27.513+0000][182397.879s][info][gc,start    ] GC(5910) Pause Cleanup
[2025-01-08T23:05:27.513+0000][182397.879s][info][gc          ] GC(5910) Pause Cleanup 3433M->3433M(12288M) 0.482ms
[2025-01-08T23:05:27.513+0000][182397.879s][info][gc,cpu      ] GC(5910) User=0.00s Sys=0.00s Real=0.00s
[2025-01-08T23:05:27.513+0000][182397.879s][info][gc,marking  ] GC(5910) Concurrent Cleanup for Next Mark
[2025-01-08T23:05:27.529+0000][182397.895s][info][gc,marking  ] GC(5910) Concurrent Cleanup for Next Mark 15.608ms
[2025-01-08T23:05:27.529+0000][182397.895s][info][gc          ] GC(5910) Concurrent Mark Cycle 1441.494ms
[2025-01-08T23:05:32.700+0000][182403.066s][info][gc,start    ] GC(5911) Pause Young (Prepare Mixed) (G1 Evacuation Pause)
[2025-01-08T23:05:32.700+0000][182403.066s][info][gc,task     ] GC(5911) Using 6 workers of 6 for evacuation
[2025-01-08T23:05:32.737+0000][182403.103s][info][gc,phases   ] GC(5911)   Pre Evacuate Collection Set: 0.2ms
[2025-01-08T23:05:32.737+0000][182403.103s][info][gc,phases   ] GC(5911)   Merge Heap Roots: 0.7ms
[2025-01-08T23:05:32.737+0000][182403.103s][info][gc,phases   ] GC(5911)   Evacuate Collection Set: 32.1ms
[2025-01-08T23:05:32.737+0000][182403.103s][info][gc,phases   ] GC(5911)   Post Evacuate Collection Set: 4.0ms
[2025-01-08T23:05:32.737+0000][182403.103s][info][gc,phases   ] GC(5911)   Other: 0.2ms
[2025-01-08T23:05:32.737+0000][182403.103s][info][gc,heap     ] GC(5911) Eden regions: 912->0(66)
[2025-01-08T23:05:32.737+0000][182403.103s][info][gc,heap     ] GC(5911) Survivor regions: 9->10(116)
[2025-01-08T23:05:32.737+0000][182403.103s][info][gc,heap     ] GC(5911) Old regions: 232->232
[2025-01-08T23:05:32.737+0000][182403.103s][info][gc,heap     ] GC(5911) Archive regions: 2->2
[2025-01-08T23:05:32.737+0000][182403.103s][info][gc,heap     ] GC(5911) Humongous regions: 49->49
[2025-01-08T23:05:32.737+0000][182403.103s][info][gc,metaspace] GC(5911) Metaspace: 524082K(533824K)->524082K(533824K) NonClass: 460222K(465088K)->460222K(465088K) Class: 63860K(68736K)->63860K(68736K)
[2025-01-08T23:05:32.737+0000][182403.103s][info][gc          ] GC(5911) Pause Young (Prepare Mixed) (G1 Evacuation Pause) 9621M->2334M(12288M) 37.392ms
[2025-01-08T23:05:32.737+0000][182403.103s][info][gc,cpu      ] GC(5911) User=0.22s Sys=0.00s Real=0.04s
[2025-01-08T23:05:33.374+0000][182403.740s][info][gc,start    ] GC(5912) Pause Young (Mixed) (G1 Evacuation Pause)
[2025-01-08T23:05:33.374+0000][182403.740s][info][gc,task     ] GC(5912) Using 6 workers of 6 for evacuation
[2025-01-08T23:05:33.440+0000][182403.806s][info][gc,phases   ] GC(5912)   Pre Evacuate Collection Set: 0.2ms
[2025-01-08T23:05:33.440+0000][182403.806s][info][gc,phases   ] GC(5912)   Merge Heap Roots: 0.7ms
[2025-01-08T23:05:33.440+0000][182403.806s][info][gc,phases   ] GC(5912)   Evacuate Collection Set: 62.8ms
[2025-01-08T23:05:33.440+0000][182403.806s][info][gc,phases   ] GC(5912)   Post Evacuate Collection Set: 1.9ms
[2025-01-08T23:05:33.440+0000][182403.806s][info][gc,phases   ] GC(5912)   Other: 0.2ms
[2025-01-08T23:05:33.440+0000][182403.806s][info][gc,heap     ] GC(5912) Eden regions: 66->0(916)
[2025-01-08T23:05:33.440+0000][182403.806s][info][gc,heap     ] GC(5912) Survivor regions: 10->5(10)
[2025-01-08T23:05:33.440+0000][182403.806s][info][gc,heap     ] GC(5912) Old regions: 232->233
[2025-01-08T23:05:33.440+0000][182403.806s][info][gc,heap     ] GC(5912) Archive regions: 2->2
[2025-01-08T23:05:33.440+0000][182403.806s][info][gc,heap     ] GC(5912) Humongous regions: 49->49
[2025-01-08T23:05:33.440+0000][182403.806s][info][gc,metaspace] GC(5912) Metaspace: 524082K(533824K)->524082K(533824K) NonClass: 460222K(465088K)->460222K(465088K) Class: 63860K(68736K)->63860K(68736K)
[2025-01-08T23:05:33.440+0000][182403.806s][info][gc          ] GC(5912) Pause Young (Mixed) (G1 Evacuation Pause) 2862M->2298M(12288M) 65.836ms
[2025-01-08T23:05:33.440+0000][182403.806s][info][gc,cpu      ] GC(5912) User=0.39s Sys=0.00s Real=0.06s
[2025-01-08T23:05:40.888+0000][182411.254s][info][gc,start    ] GC(5913) Pause Young (Normal) (G1 Evacuation Pause)
[2025-01-08T23:05:40.888+0000][182411.254s][info][gc,task     ] GC(5913) Using 6 workers of 6 for evacuation
[2025-01-08T23:05:40.919+0000][182411.285s][info][gc,phases   ] GC(5913)   Pre Evacuate Collection Set: 0.2ms
[2025-01-08T23:05:40.919+0000][182411.285s][info][gc,phases   ] GC(5913)   Merge Heap Roots: 0.4ms
[2025-01-08T23:05:40.919+0000][182411.285s][info][gc,phases   ] GC(5913)   Evacuate Collection Set: 26.4ms
[2025-01-08T23:05:40.919+0000][182411.285s][info][gc,phases   ] GC(5913)   Post Evacuate Collection Set: 4.1ms
[2025-01-08T23:05:40.919+0000][182411.285s][info][gc,phases   ] GC(5913)   Other: 0.2ms
[2025-01-08T23:05:40.919+0000][182411.285s][info][gc,heap     ] GC(5913) Eden regions: 916->0(914)
[2025-01-08T23:05:40.919+0000][182411.285s][info][gc,heap     ] GC(5913) Survivor regions: 5->7(116)
[2025-01-08T23:05:40.919+0000][182411.285s][info][gc,heap     ] GC(5913) Old regions: 233->233
[2025-01-08T23:05:40.919+0000][182411.285s][info][gc,heap     ] GC(5913) Archive regions: 2->2
[2025-01-08T23:05:40.919+0000][182411.285s][info][gc,heap     ] GC(5913) Humongous regions: 49->49
[2025-01-08T23:05:40.919+0000][182411.285s][info][gc,metaspace] GC(5913) Metaspace: 524082K(533824K)->524082K(533824K) NonClass: 460222K(465088K)->460222K(465088K) Class: 63860K(68736K)->63860K(68736K)
[2025-01-08T23:05:40.919+0000][182411.285s][info][gc          ] GC(5913) Pause Young (Normal) (G1 Evacuation Pause) 9626M->2314M(12288M) 31.427ms
[2025-01-08T23:05:40.919+0000][182411.285s][info][gc,cpu      ] GC(5913) User=0.18s Sys=0.00s Real=0.03s
[2025-01-08T23:05:50.167+0000][182420.533s][info][gc,start    ] GC(5914) Pause Young (Normal) (G1 Evacuation Pause)
[2025-01-08T23:05:50.167+0000][182420.533s][info][gc,task     ] GC(5914) Using 6 workers of 6 for evacuation
[2025-01-08T23:05:50.198+0000][182420.564s][info][gc,phases   ] GC(5914)   Pre Evacuate Collection Set: 0.2ms
[2025-01-08T23:05:50.198+0000][182420.564s][info][gc,phases   ] GC(5914)   Merge Heap Roots: 0.4ms
[2025-01-08T23:05:50.198+0000][182420.564s][info][gc,phases   ] GC(5914)   Evacuate Collection Set: 26.3ms
[2025-01-08T23:05:50.198+0000][182420.564s][info][gc,phases   ] GC(5914)   Post Evacuate Collection Set: 4.0ms
[2025-01-08T23:05:50.198+0000][182420.564s][info][gc,phases   ] GC(5914)   Other: 0.2ms
[2025-01-08T23:05:50.198+0000][182420.564s][info][gc,heap     ] GC(5914) Eden regions: 914->0(913)
[2025-01-08T23:05:50.198+0000][182420.564s][info][gc,heap     ] GC(5914) Survivor regions: 7->8(116)
[2025-01-08T23:05:50.198+0000][182420.564s][info][gc,heap     ] GC(5914) Old regions: 233->233
[2025-01-08T23:05:50.198+0000][182420.564s][info][gc,heap     ] GC(5914) Archive regions: 2->2
[2025-01-08T23:05:50.198+0000][182420.564s][info][gc,heap     ] GC(5914) Humongous regions: 49->49
[2025-01-08T23:05:50.198+0000][182420.564s][info][gc,metaspace] GC(5914) Metaspace: 524083K(533824K)->524083K(533824K) NonClass: 460223K(465088K)->460223K(465088K) Class: 63860K(68736K)->63860K(68736K)
[2025-01-08T23:05:50.198+0000][182420.564s][info][gc          ] GC(5914) Pause Young (Normal) (G1 Evacuation Pause) 9626M->2323M(12288M) 31.124ms
[2025-01-08T23:05:50.198+0000][182420.564s][info][gc,cpu      ] GC(5914) User=0.18s Sys=0.00s Real=0.03s
[2025-01-08T23:06:02.024+0000][182432.390s][info][gc,start    ] GC(5915) Pause Young (Concurrent Start) (G1 Evacuation Pause)
[2025-01-08T23:06:02.024+0000][182432.390s][info][gc,task     ] GC(5915) Using 6 workers of 6 for evacuation
[2025-01-08T23:06:02.060+0000][182432.426s][info][gc,phases   ] GC(5915)   Pre Evacuate Collection Set: 1.1ms
[2025-01-08T23:06:02.060+0000][182432.426s][info][gc,phases   ] GC(5915)   Merge Heap Roots: 0.5ms
[2025-01-08T23:06:02.060+0000][182432.426s][info][gc,phases   ] GC(5915)   Evacuate Collection Set: 31.6ms
[2025-01-08T23:06:02.060+0000][182432.426s][info][gc,phases   ] GC(5915)   Post Evacuate Collection Set: 2.8ms
[2025-01-08T23:06:02.060+0000][182432.426s][info][gc,phases   ] GC(5915)   Other: 0.3ms
[2025-01-08T23:06:02.060+0000][182432.426s][info][gc,heap     ] GC(5915) Eden regions: 913->0(912)
[2025-01-08T23:06:02.060+0000][182432.426s][info][gc,heap     ] GC(5915) Survivor regions: 8->9(116)
[2025-01-08T23:06:02.060+0000][182432.426s][info][gc,heap     ] GC(5915) Old regions: 233->233
[2025-01-08T23:06:02.060+0000][182432.426s][info][gc,heap     ] GC(5915) Archive regions: 2->2
[2025-01-08T23:06:02.060+0000][182432.426s][info][gc,heap     ] GC(5915) Humongous regions: 49->49
[2025-01-08T23:06:02.060+0000][182432.426s][info][gc,metaspace] GC(5915) Metaspace: 524083K(533824K)->524083K(533824K) NonClass: 460223K(465088K)->460223K(465088K) Class: 63860K(68736K)->63860K(68736K)
[2025-01-08T23:06:02.060+0000][182432.426s][info][gc          ] GC(5915) Pause Young (Concurrent Start) (G1 Evacuation Pause) 9627M->2325M(12288M) 36.420ms
[2025-01-08T23:06:02.060+0000][182432.427s][info][gc,cpu      ] GC(5915) User=0.21s Sys=0.00s Real=0.03s
[2025-01-08T23:06:02.060+0000][182432.427s][info][gc          ] GC(5916) Concurrent Mark Cycle
[2025-01-08T23:06:02.060+0000][182432.427s][info][gc,marking  ] GC(5916) Concurrent Clear Claimed Marks
[2025-01-08T23:06:02.061+0000][182432.427s][info][gc,marking  ] GC(5916) Concurrent Clear Claimed Marks 0.929ms
[2025-01-08T23:06:02.061+0000][182432.427s][info][gc,marking  ] GC(5916) Concurrent Scan Root Regions
[2025-01-08T23:06:02.084+0000][182432.450s][info][gc,marking  ] GC(5916) Concurrent Scan Root Regions 22.907ms
[2025-01-08T23:06:02.084+0000][182432.450s][info][gc,marking  ] GC(5916) Concurrent Mark
[2025-01-08T23:06:02.084+0000][182432.450s][info][gc,marking  ] GC(5916) Concurrent Mark From Roots
[2025-01-08T23:06:02.084+0000][182432.450s][info][gc,task     ] GC(5916) Using 2 workers of 2 for marking
[2025-01-08T23:06:02.871+0000][182433.238s][info][gc,marking  ] GC(5916) Concurrent Mark From Roots 787.149ms
[2025-01-08T23:06:02.872+0000][182433.238s][info][gc,marking  ] GC(5916) Concurrent Preclean
[2025-01-08T23:06:02.874+0000][182433.240s][info][gc,marking  ] GC(5916) Concurrent Preclean 2.613ms
[2025-01-08T23:06:02.874+0000][182433.240s][info][gc,start    ] GC(5916) Pause Remark
[2025-01-08T23:06:02.900+0000][182433.266s][info][gc          ] GC(5916) Pause Remark 2977M->2977M(12288M) 25.275ms
[2025-01-08T23:06:02.900+0000][182433.266s][info][gc,cpu      ] GC(5916) User=0.14s Sys=0.00s Real=0.02s
[2025-01-08T23:06:02.900+0000][182433.266s][info][gc,marking  ] GC(5916) Concurrent Mark 815.367ms
[2025-01-08T23:06:02.900+0000][182433.266s][info][gc,marking  ] GC(5916) Concurrent Rebuild Remembered Sets
[2025-01-08T23:06:03.428+0000][182433.794s][info][gc,marking  ] GC(5916) Concurrent Rebuild Remembered Sets 527.853ms
[2025-01-08T23:06:03.428+0000][182433.794s][info][gc,start    ] GC(5916) Pause Cleanup
[2025-01-08T23:06:03.428+0000][182433.794s][info][gc          ] GC(5916) Pause Cleanup 3457M->3457M(12288M) 0.451ms
[2025-01-08T23:06:03.428+0000][182433.794s][info][gc,cpu      ] GC(5916) User=0.00s Sys=0.00s Real=0.00s
[2025-01-08T23:06:03.428+0000][182433.794s][info][gc,marking  ] GC(5916) Concurrent Cleanup for Next Mark
[2025-01-08T23:06:03.444+0000][182433.810s][info][gc,marking  ] GC(5916) Concurrent Cleanup for Next Mark 15.556ms
[2025-01-08T23:06:03.444+0000][182433.810s][info][gc          ] GC(5916) Concurrent Mark Cycle 1383.417ms
[2025-01-08T23:06:07.722+0000][182438.088s][info][gc,start    ] GC(5917) Pause Young (Prepare Mixed) (G1 Evacuation Pause)
[2025-01-08T23:06:07.722+0000][182438.088s][info][gc,task     ] GC(5917) Using 6 workers of 6 for evacuation
[2025-01-08T23:06:07.758+0000][182438.124s][info][gc,phases   ] GC(5917)   Pre Evacuate Collection Set: 0.2ms
[2025-01-08T23:06:07.758+0000][182438.124s][info][gc,phases   ] GC(5917)   Merge Heap Roots: 0.6ms
[2025-01-08T23:06:07.758+0000][182438.124s][info][gc,phases   ] GC(5917)   Evacuate Collection Set: 32.5ms
[2025-01-08T23:06:07.758+0000][182438.124s][info][gc,phases   ] GC(5917)   Post Evacuate Collection Set: 2.6ms
[2025-01-08T23:06:07.758+0000][182438.124s][info][gc,phases   ] GC(5917)   Other: 0.2ms
[2025-01-08T23:06:07.758+0000][182438.124s][info][gc,heap     ] GC(5917) Eden regions: 912->0(67)
[2025-01-08T23:06:07.758+0000][182438.124s][info][gc,heap     ] GC(5917) Survivor regions: 9->9(116)
[2025-01-08T23:06:07.758+0000][182438.124s][info][gc,heap     ] GC(5917) Old regions: 233->233
[2025-01-08T23:06:07.758+0000][182438.124s][info][gc,heap     ] GC(5917) Archive regions: 2->2
[2025-01-08T23:06:07.758+0000][182438.124s][info][gc,heap     ] GC(5917) Humongous regions: 49->49
[2025-01-08T23:06:07.758+0000][182438.124s][info][gc,metaspace] GC(5917) Metaspace: 524083K(533824K)->524083K(533824K) NonClass: 460223K(465088K)->460223K(465088K) Class: 63860K(68736K)->63860K(68736K)
[2025-01-08T23:06:07.758+0000][182438.124s][info][gc          ] GC(5917) Pause Young (Prepare Mixed) (G1 Evacuation Pause) 9621M->2331M(12288M) 36.230ms
[2025-01-08T23:06:07.758+0000][182438.124s][info][gc,cpu      ] GC(5917) User=0.21s Sys=0.00s Real=0.03s
[2025-01-08T23:06:08.029+0000][182438.395s][info][gc,start    ] GC(5918) Pause Young (Mixed) (G1 Evacuation Pause)
[2025-01-08T23:06:08.029+0000][182438.395s][info][gc,task     ] GC(5918) Using 6 workers of 6 for evacuation
[2025-01-08T23:06:08.077+0000][182438.444s][info][gc,phases   ] GC(5918)   Pre Evacuate Collection Set: 0.2ms
[2025-01-08T23:06:08.078+0000][182438.444s][info][gc,phases   ] GC(5918)   Merge Heap Roots: 0.5ms
[2025-01-08T23:06:08.078+0000][182438.444s][info][gc,phases   ] GC(5918)   Evacuate Collection Set: 46.2ms
[2025-01-08T23:06:08.078+0000][182438.444s][info][gc,phases   ] GC(5918)   Post Evacuate Collection Set: 1.7ms
[2025-01-08T23:06:08.078+0000][182438.444s][info][gc,phases   ] GC(5918)   Other: 0.2ms
[2025-01-08T23:06:08.078+0000][182438.444s][info][gc,heap     ] GC(5918) Eden regions: 67->0(914)
[2025-01-08T23:06:08.078+0000][182438.444s][info][gc,heap     ] GC(5918) Survivor regions: 9->7(10)
[2025-01-08T23:06:08.078+0000][182438.444s][info][gc,heap     ] GC(5918) Old regions: 233->231
[2025-01-08T23:06:08.078+0000][182438.444s][info][gc,heap     ] GC(5918) Archive regions: 2->2
[2025-01-08T23:06:08.078+0000][182438.444s][info][gc,heap     ] GC(5918) Humongous regions: 49->49
[2025-01-08T23:06:08.078+0000][182438.444s][info][gc,metaspace] GC(5918) Metaspace: 524083K(533824K)->524083K(533824K) NonClass: 460223K(465088K)->460223K(465088K) Class: 63860K(68736K)->63860K(68736K)
[2025-01-08T23:06:08.078+0000][182438.444s][info][gc          ] GC(5918) Pause Young (Mixed) (G1 Evacuation Pause) 2867M->2294M(12288M) 48.819ms
[2025-01-08T23:06:08.078+0000][182438.444s][info][gc,cpu      ] GC(5918) User=0.28s Sys=0.00s Real=0.05s
[2025-01-08T23:06:14.815+0000][182445.181s][info][gc,start    ] GC(5919) Pause Young (Normal) (G1 Evacuation Pause)
[2025-01-08T23:06:14.815+0000][182445.181s][info][gc,task     ] GC(5919) Using 6 workers of 6 for evacuation
[2025-01-08T23:06:14.843+0000][182445.209s][info][gc,phases   ] GC(5919)   Pre Evacuate Collection Set: 0.2ms
[2025-01-08T23:06:14.843+0000][182445.209s][info][gc,phases   ] GC(5919)   Merge Heap Roots: 0.5ms
[2025-01-08T23:06:14.843+0000][182445.209s][info][gc,phases   ] GC(5919)   Evacuate Collection Set: 24.7ms
[2025-01-08T23:06:14.843+0000][182445.209s][info][gc,phases   ] GC(5919)   Post Evacuate Collection Set: 2.7ms
[2025-01-08T23:06:14.843+0000][182445.209s][info][gc,phases   ] GC(5919)   Other: 0.2ms
[2025-01-08T23:06:14.843+0000][182445.209s][info][gc,heap     ] GC(5919) Eden regions: 914->0(914)
[2025-01-08T23:06:14.843+0000][182445.209s][info][gc,heap     ] GC(5919) Survivor regions: 7->7(116)
[2025-01-08T23:06:14.843+0000][182445.209s][info][gc,heap     ] GC(5919) Old regions: 231->231
[2025-01-08T23:06:14.843+0000][182445.209s][info][gc,heap     ] GC(5919) Archive regions: 2->2
[2025-01-08T23:06:14.843+0000][182445.209s][info][gc,heap     ] GC(5919) Humongous regions: 49->49
[2025-01-08T23:06:14.843+0000][182445.209s][info][gc,metaspace] GC(5919) Metaspace: 524083K(533824K)->524083K(533824K) NonClass: 460223K(465088K)->460223K(465088K) Class: 63860K(68736K)->63860K(68736K)
[2025-01-08T23:06:14.843+0000][182445.209s][info][gc          ] GC(5919) Pause Young (Normal) (G1 Evacuation Pause) 9606M->2293M(12288M) 28.400ms
[2025-01-08T23:06:14.843+0000][182445.209s][info][gc,cpu      ] GC(5919) User=0.17s Sys=0.00s Real=0.03s
[2025-01-08T23:06:25.275+0000][182455.641s][info][gc,start    ] GC(5920) Pause Young (Normal) (G1 Evacuation Pause)
[2025-01-08T23:06:25.275+0000][182455.641s][info][gc,task     ] GC(5920) Using 6 workers of 6 for evacuation
[2025-01-08T23:06:25.310+0000][182455.676s][info][gc,phases   ] GC(5920)   Pre Evacuate Collection Set: 0.2ms
[2025-01-08T23:06:25.310+0000][182455.676s][info][gc,phases   ] GC(5920)   Merge Heap Roots: 0.4ms
[2025-01-08T23:06:25.310+0000][182455.676s][info][gc,phases   ] GC(5920)   Evacuate Collection Set: 29.7ms
[2025-01-08T23:06:25.310+0000][182455.676s][info][gc,phases   ] GC(5920)   Post Evacuate Collection Set: 4.1ms
[2025-01-08T23:06:25.310+0000][182455.676s][info][gc,phases   ] GC(5920)   Other: 0.3ms
[2025-01-08T23:06:25.310+0000][182455.676s][info][gc,heap     ] GC(5920) Eden regions: 914->0(912)
[2025-01-08T23:06:25.310+0000][182455.676s][info][gc,heap     ] GC(5920) Survivor regions: 7->9(116)
[2025-01-08T23:06:25.310+0000][182455.676s][info][gc,heap     ] GC(5920) Old regions: 231->231
[2025-01-08T23:06:25.310+0000][182455.676s][info][gc,heap     ] GC(5920) Archive regions: 2->2
[2025-01-08T23:06:25.310+0000][182455.676s][info][gc,heap     ] GC(5920) Humongous regions: 49->49
[2025-01-08T23:06:25.310+0000][182455.676s][info][gc,metaspace] GC(5920) Metaspace: 524083K(533824K)->524083K(533824K) NonClass: 460223K(465088K)->460223K(465088K) Class: 63860K(68736K)->63860K(68736K)
[2025-01-08T23:06:25.310+0000][182455.676s][info][gc          ] GC(5920) Pause Young (Normal) (G1 Evacuation Pause) 9605M->2311M(12288M) 34.771ms
[2025-01-08T23:06:25.310+0000][182455.676s][info][gc,cpu      ] GC(5920) User=0.21s Sys=0.00s Real=0.04s
[2025-01-08T23:06:36.311+0000][182466.677s][info][gc,start    ] GC(5921) Pause Young (Concurrent Start) (G1 Evacuation Pause)
[2025-01-08T23:06:36.311+0000][182466.677s][info][gc,task     ] GC(5921) Using 6 workers of 6 for evacuation
[2025-01-08T23:06:36.350+0000][182466.716s][info][gc,phases   ] GC(5921)   Pre Evacuate Collection Set: 1.1ms
[2025-01-08T23:06:36.350+0000][182466.716s][info][gc,phases   ] GC(5921)   Merge Heap Roots: 0.5ms
[2025-01-08T23:06:36.350+0000][182466.716s][info][gc,phases   ] GC(5921)   Evacuate Collection Set: 32.7ms
[2025-01-08T23:06:36.350+0000][182466.716s][info][gc,phases   ] GC(5921)   Post Evacuate Collection Set: 4.1ms
[2025-01-08T23:06:36.350+0000][182466.716s][info][gc,phases   ] GC(5921)   Other: 0.3ms
[2025-01-08T23:06:36.350+0000][182466.716s][info][gc,heap     ] GC(5921) Eden regions: 912->0(911)
[2025-01-08T23:06:36.350+0000][182466.716s][info][gc,heap     ] GC(5921) Survivor regions: 9->10(116)
[2025-01-08T23:06:36.350+0000][182466.716s][info][gc,heap     ] GC(5921) Old regions: 231->231
[2025-01-08T23:06:36.350+0000][182466.716s][info][gc,heap     ] GC(5921) Archive regions: 2->2
[2025-01-08T23:06:36.350+0000][182466.716s][info][gc,heap     ] GC(5921) Humongous regions: 49->49
[2025-01-08T23:06:36.350+0000][182466.716s][info][gc,metaspace] GC(5921) Metaspace: 524083K(533824K)->524083K(533824K) NonClass: 460223K(465088K)->460223K(465088K) Class: 63860K(68736K)->63860K(68736K)
[2025-01-08T23:06:36.350+0000][182466.716s][info][gc          ] GC(5921) Pause Young (Concurrent Start) (G1 Evacuation Pause) 9607M->2322M(12288M) 38.793ms
[2025-01-08T23:06:36.350+0000][182466.716s][info][gc,cpu      ] GC(5921) User=0.22s Sys=0.00s Real=0.04s
[2025-01-08T23:06:36.350+0000][182466.716s][info][gc          ] GC(5922) Concurrent Mark Cycle
[2025-01-08T23:06:36.350+0000][182466.716s][info][gc,marking  ] GC(5922) Concurrent Clear Claimed Marks
[2025-01-08T23:06:36.351+0000][182466.717s][info][gc,marking  ] GC(5922) Concurrent Clear Claimed Marks 0.963ms
[2025-01-08T23:06:36.351+0000][182466.717s][info][gc,marking  ] GC(5922) Concurrent Scan Root Regions
[2025-01-08T23:06:36.380+0000][182466.746s][info][gc,marking  ] GC(5922) Concurrent Scan Root Regions 29.128ms
[2025-01-08T23:06:36.380+0000][182466.746s][info][gc,marking  ] GC(5922) Concurrent Mark
[2025-01-08T23:06:36.380+0000][182466.746s][info][gc,marking  ] GC(5922) Concurrent Mark From Roots
[2025-01-08T23:06:36.380+0000][182466.746s][info][gc,task     ] GC(5922) Using 2 workers of 2 for marking
[2025-01-08T23:06:37.278+0000][182467.644s][info][gc,marking  ] GC(5922) Concurrent Mark From Roots 898.321ms
[2025-01-08T23:06:37.278+0000][182467.644s][info][gc,marking  ] GC(5922) Concurrent Preclean
[2025-01-08T23:06:37.282+0000][182467.648s][info][gc,marking  ] GC(5922) Concurrent Preclean 3.410ms
[2025-01-08T23:06:37.282+0000][182467.648s][info][gc,start    ] GC(5922) Pause Remark
[2025-01-08T23:06:37.308+0000][182467.674s][info][gc          ] GC(5922) Pause Remark 3350M->3350M(12288M) 25.811ms
[2025-01-08T23:06:37.308+0000][182467.674s][info][gc,cpu      ] GC(5922) User=0.15s Sys=0.00s Real=0.02s
[2025-01-08T23:06:37.308+0000][182467.674s][info][gc,marking  ] GC(5922) Concurrent Mark 927.889ms
[2025-01-08T23:06:37.308+0000][182467.674s][info][gc,marking  ] GC(5922) Concurrent Rebuild Remembered Sets
[2025-01-08T23:06:37.866+0000][182468.232s][info][gc,marking  ] GC(5922) Concurrent Rebuild Remembered Sets 558.418ms
[2025-01-08T23:06:37.866+0000][182468.233s][info][gc,start    ] GC(5922) Pause Cleanup
[2025-01-08T23:06:37.867+0000][182468.233s][info][gc          ] GC(5922) Pause Cleanup 3778M->3778M(12288M) 0.462ms
[2025-01-08T23:06:37.867+0000][182468.233s][info][gc,cpu      ] GC(5922) User=0.00s Sys=0.00s Real=0.00s
[2025-01-08T23:06:37.867+0000][182468.233s][info][gc,marking  ] GC(5922) Concurrent Cleanup for Next Mark
[2025-01-08T23:06:37.883+0000][182468.249s][info][gc,marking  ] GC(5922) Concurrent Cleanup for Next Mark 16.053ms
[2025-01-08T23:06:37.883+0000][182468.249s][info][gc          ] GC(5922) Concurrent Mark Cycle 1533.326ms
[2025-01-08T23:06:43.381+0000][182473.748s][info][gc,start    ] GC(5923) Pause Young (Prepare Mixed) (G1 Evacuation Pause)
[2025-01-08T23:06:43.381+0000][182473.748s][info][gc,task     ] GC(5923) Using 6 workers of 6 for evacuation
[2025-01-08T23:06:43.421+0000][182473.787s][info][gc,phases   ] GC(5923)   Pre Evacuate Collection Set: 0.2ms
[2025-01-08T23:06:43.421+0000][182473.787s][info][gc,phases   ] GC(5923)   Merge Heap Roots: 0.7ms
[2025-01-08T23:06:43.421+0000][182473.787s][info][gc,phases   ] GC(5923)   Evacuate Collection Set: 34.3ms
[2025-01-08T23:06:43.421+0000][182473.787s][info][gc,phases   ] GC(5923)   Post Evacuate Collection Set: 4.1ms
[2025-01-08T23:06:43.421+0000][182473.787s][info][gc,phases   ] GC(5923)   Other: 0.2ms
[2025-01-08T23:06:43.421+0000][182473.787s][info][gc,heap     ] GC(5923) Eden regions: 911->0(65)
[2025-01-08T23:06:43.421+0000][182473.787s][info][gc,heap     ] GC(5923) Survivor regions: 10->11(116)
[2025-01-08T23:06:43.421+0000][182473.787s][info][gc,heap     ] GC(5923) Old regions: 231->231
[2025-01-08T23:06:43.421+0000][182473.787s][info][gc,heap     ] GC(5923) Archive regions: 2->2
[2025-01-08T23:06:43.421+0000][182473.787s][info][gc,heap     ] GC(5923) Humongous regions: 49->49
[2025-01-08T23:06:43.421+0000][182473.787s][info][gc,metaspace] GC(5923) Metaspace: 524083K(533824K)->524083K(533824K) NonClass: 460223K(465088K)->460223K(465088K) Class: 63860K(68736K)->63860K(68736K)
[2025-01-08T23:06:43.421+0000][182473.787s][info][gc          ] GC(5923) Pause Young (Prepare Mixed) (G1 Evacuation Pause) 9610M->2326M(12288M) 39.719ms
[2025-01-08T23:06:43.421+0000][182473.787s][info][gc,cpu      ] GC(5923) User=0.23s Sys=0.00s Real=0.04s
[2025-01-08T23:06:43.829+0000][182474.195s][info][gc,start    ] GC(5924) Pause Young (Mixed) (G1 Evacuation Pause)
[2025-01-08T23:06:43.829+0000][182474.195s][info][gc,task     ] GC(5924) Using 6 workers of 6 for evacuation
[2025-01-08T23:06:43.911+0000][182474.277s][info][gc,phases   ] GC(5924)   Pre Evacuate Collection Set: 0.2ms
[2025-01-08T23:06:43.911+0000][182474.277s][info][gc,phases   ] GC(5924)   Merge Heap Roots: 0.8ms
[2025-01-08T23:06:43.911+0000][182474.277s][info][gc,phases   ] GC(5924)   Evacuate Collection Set: 78.5ms
[2025-01-08T23:06:43.911+0000][182474.277s][info][gc,phases   ] GC(5924)   Post Evacuate Collection Set: 1.9ms
[2025-01-08T23:06:43.911+0000][182474.277s][info][gc,phases   ] GC(5924)   Other: 0.2ms
[2025-01-08T23:06:43.911+0000][182474.277s][info][gc,heap     ] GC(5924) Eden regions: 65->0(916)
[2025-01-08T23:06:43.911+0000][182474.277s][info][gc,heap     ] GC(5924) Survivor regions: 11->5(10)
[2025-01-08T23:06:43.911+0000][182474.277s][info][gc,heap     ] GC(5924) Old regions: 231->231
[2025-01-08T23:06:43.911+0000][182474.277s][info][gc,heap     ] GC(5924) Archive regions: 2->2
[2025-01-08T23:06:43.911+0000][182474.277s][info][gc,heap     ] GC(5924) Humongous regions: 49->49
[2025-01-08T23:06:43.911+0000][182474.277s][info][gc,metaspace] GC(5924) Metaspace: 524083K(533824K)->524083K(533824K) NonClass: 460223K(465088K)->460223K(465088K) Class: 63860K(68736K)->63860K(68736K)
[2025-01-08T23:06:43.911+0000][182474.277s][info][gc          ] GC(5924) Pause Young (Mixed) (G1 Evacuation Pause) 2846M->2282M(12288M) 81.719ms
[2025-01-08T23:06:43.911+0000][182474.277s][info][gc,cpu      ] GC(5924) User=0.47s Sys=0.00s Real=0.09s
[2025-01-08T23:06:52.445+0000][182482.811s][info][gc,start    ] GC(5925) Pause Young (Normal) (G1 Evacuation Pause)
[2025-01-08T23:06:52.445+0000][182482.811s][info][gc,task     ] GC(5925) Using 6 workers of 6 for evacuation
[2025-01-08T23:06:52.471+0000][182482.837s][info][gc,phases   ] GC(5925)   Pre Evacuate Collection Set: 0.2ms
[2025-01-08T23:06:52.471+0000][182482.837s][info][gc,phases   ] GC(5925)   Merge Heap Roots: 0.5ms
[2025-01-08T23:06:52.471+0000][182482.837s][info][gc,phases   ] GC(5925)   Evacuate Collection Set: 22.4ms
[2025-01-08T23:06:52.471+0000][182482.837s][info][gc,phases   ] GC(5925)   Post Evacuate Collection Set: 2.5ms
[2025-01-08T23:06:52.471+0000][182482.837s][info][gc,phases   ] GC(5925)   Other: 0.2ms
[2025-01-08T23:06:52.471+0000][182482.837s][info][gc,heap     ] GC(5925) Eden regions: 916->0(915)
[2025-01-08T23:06:52.471+0000][182482.837s][info][gc,heap     ] GC(5925) Survivor regions: 5->6(116)
[2025-01-08T23:06:52.471+0000][182482.837s][info][gc,heap     ] GC(5925) Old regions: 231->231
[2025-01-08T23:06:52.471+0000][182482.837s][info][gc,heap     ] GC(5925) Archive regions: 2->2
[2025-01-08T23:06:52.471+0000][182482.837s][info][gc,heap     ] GC(5925) Humongous regions: 49->49
[2025-01-08T23:06:52.471+0000][182482.837s][info][gc,metaspace] GC(5925) Metaspace: 524083K(533824K)->524083K(533824K) NonClass: 460223K(465088K)->460223K(465088K) Class: 63860K(68736K)->63860K(68736K)
[2025-01-08T23:06:52.471+0000][182482.837s][info][gc          ] GC(5925) Pause Young (Normal) (G1 Evacuation Pause) 9610M->2291M(12288M) 25.858ms
[2025-01-08T23:06:52.471+0000][182482.837s][info][gc,cpu      ] GC(5925) User=0.16s Sys=0.00s Real=0.03s
[2025-01-08T23:07:02.242+0000][182492.609s][info][gc,start    ] GC(5926) Pause Young (Normal) (G1 Evacuation Pause)
[2025-01-08T23:07:02.242+0000][182492.609s][info][gc,task     ] GC(5926) Using 6 workers of 6 for evacuation
[2025-01-08T23:07:02.272+0000][182492.638s][info][gc,phases   ] GC(5926)   Pre Evacuate Collection Set: 0.2ms
[2025-01-08T23:07:02.272+0000][182492.638s][info][gc,phases   ] GC(5926)   Merge Heap Roots: 0.5ms
[2025-01-08T23:07:02.272+0000][182492.638s][info][gc,phases   ] GC(5926)   Evacuate Collection Set: 25.6ms
[2025-01-08T23:07:02.272+0000][182492.638s][info][gc,phases   ] GC(5926)   Post Evacuate Collection Set: 2.7ms
[2025-01-08T23:07:02.272+0000][182492.638s][info][gc,phases   ] GC(5926)   Other: 0.2ms
[2025-01-08T23:07:02.272+0000][182492.638s][info][gc,heap     ] GC(5926) Eden regions: 915->0(914)
[2025-01-08T23:07:02.272+0000][182492.638s][info][gc,heap     ] GC(5926) Survivor regions: 6->7(116)
[2025-01-08T23:07:02.272+0000][182492.638s][info][gc,heap     ] GC(5926) Old regions: 231->231
[2025-01-08T23:07:02.272+0000][182492.638s][info][gc,heap     ] GC(5926) Archive regions: 2->2
[2025-01-08T23:07:02.272+0000][182492.638s][info][gc,heap     ] GC(5926) Humongous regions: 49->49
[2025-01-08T23:07:02.272+0000][182492.638s][info][gc,metaspace] GC(5926) Metaspace: 524083K(533824K)->524083K(533824K) NonClass: 460223K(465088K)->460223K(465088K) Class: 63860K(68736K)->63860K(68736K)
[2025-01-08T23:07:02.272+0000][182492.638s][info][gc          ] GC(5926) Pause Young (Normal) (G1 Evacuation Pause) 9611M->2300M(12288M) 29.330ms
[2025-01-08T23:07:02.272+0000][182492.638s][info][gc,cpu      ] GC(5926) User=0.17s Sys=0.00s Real=0.03s
[2025-01-08T23:07:10.990+0000][182501.357s][info][gc,start    ] GC(5927) Pause Young (Concurrent Start) (G1 Evacuation Pause)
[2025-01-08T23:07:10.990+0000][182501.357s][info][gc,task     ] GC(5927) Using 6 workers of 6 for evacuation
[2025-01-08T23:07:11.027+0000][182501.393s][info][gc,phases   ] GC(5927)   Pre Evacuate Collection Set: 1.1ms
[2025-01-08T23:07:11.027+0000][182501.393s][info][gc,phases   ] GC(5927)   Merge Heap Roots: 0.5ms
[2025-01-08T23:07:11.027+0000][182501.393s][info][gc,phases   ] GC(5927)   Evacuate Collection Set: 32.1ms
[2025-01-08T23:07:11.027+0000][182501.393s][info][gc,phases   ] GC(5927)   Post Evacuate Collection Set: 2.7ms
[2025-01-08T23:07:11.027+0000][182501.393s][info][gc,phases   ] GC(5927)   Other: 0.3ms
[2025-01-08T23:07:11.027+0000][182501.393s][info][gc,heap     ] GC(5927) Eden regions: 914->0(912)
[2025-01-08T23:07:11.027+0000][182501.393s][info][gc,heap     ] GC(5927) Survivor regions: 7->9(116)
[2025-01-08T23:07:11.027+0000][182501.393s][info][gc,heap     ] GC(5927) Old regions: 231->231
[2025-01-08T23:07:11.027+0000][182501.393s][info][gc,heap     ] GC(5927) Archive regions: 2->2
[2025-01-08T23:07:11.027+0000][182501.393s][info][gc,heap     ] GC(5927) Humongous regions: 49->49
[2025-01-08T23:07:11.027+0000][182501.393s][info][gc,metaspace] GC(5927) Metaspace: 524083K(533824K)->524083K(533824K) NonClass: 460223K(465088K)->460223K(465088K) Class: 63860K(68736K)->63860K(68736K)
[2025-01-08T23:07:11.027+0000][182501.393s][info][gc          ] GC(5927) Pause Young (Concurrent Start) (G1 Evacuation Pause) 9612M->2317M(12288M) 36.739ms
[2025-01-08T23:07:11.027+0000][182501.393s][info][gc,cpu      ] GC(5927) User=0.21s Sys=0.00s Real=0.03s
[2025-01-08T23:07:11.027+0000][182501.393s][info][gc          ] GC(5928) Concurrent Mark Cycle
[2025-01-08T23:07:11.027+0000][182501.393s][info][gc,marking  ] GC(5928) Concurrent Clear Claimed Marks
[2025-01-08T23:07:11.028+0000][182501.394s][info][gc,marking  ] GC(5928) Concurrent Clear Claimed Marks 0.965ms
[2025-01-08T23:07:11.028+0000][182501.394s][info][gc,marking  ] GC(5928) Concurrent Scan Root Regions
[2025-01-08T23:07:11.056+0000][182501.422s][info][gc,marking  ] GC(5928) Concurrent Scan Root Regions 27.562ms
[2025-01-08T23:07:11.056+0000][182501.422s][info][gc,marking  ] GC(5928) Concurrent Mark
[2025-01-08T23:07:11.056+0000][182501.422s][info][gc,marking  ] GC(5928) Concurrent Mark From Roots
[2025-01-08T23:07:11.056+0000][182501.422s][info][gc,task     ] GC(5928) Using 2 workers of 2 for marking
[2025-01-08T23:07:11.946+0000][182502.312s][info][gc,marking  ] GC(5928) Concurrent Mark From Roots 890.223ms
[2025-01-08T23:07:11.946+0000][182502.312s][info][gc,marking  ] GC(5928) Concurrent Preclean
[2025-01-08T23:07:11.950+0000][182502.316s][info][gc,marking  ] GC(5928) Concurrent Preclean 3.821ms
[2025-01-08T23:07:11.950+0000][182502.316s][info][gc,start    ] GC(5928) Pause Remark
[2025-01-08T23:07:11.977+0000][182502.343s][info][gc          ] GC(5928) Pause Remark 3641M->3641M(12288M) 26.483ms
[2025-01-08T23:07:11.977+0000][182502.343s][info][gc,cpu      ] GC(5928) User=0.15s Sys=0.00s Real=0.02s
[2025-01-08T23:07:11.977+0000][182502.343s][info][gc,marking  ] GC(5928) Concurrent Mark 920.930ms
[2025-01-08T23:07:11.977+0000][182502.343s][info][gc,marking  ] GC(5928) Concurrent Rebuild Remembered Sets
[2025-01-08T23:07:12.537+0000][182502.903s][info][gc,marking  ] GC(5928) Concurrent Rebuild Remembered Sets 560.387ms
[2025-01-08T23:07:12.537+0000][182502.903s][info][gc,start    ] GC(5928) Pause Cleanup
[2025-01-08T23:07:12.538+0000][182502.904s][info][gc          ] GC(5928) Pause Cleanup 4429M->4429M(12288M) 0.495ms
[2025-01-08T23:07:12.538+0000][182502.904s][info][gc,cpu      ] GC(5928) User=0.00s Sys=0.00s Real=0.00s
[2025-01-08T23:07:12.538+0000][182502.904s][info][gc,marking  ] GC(5928) Concurrent Cleanup for Next Mark
[2025-01-08T23:07:12.562+0000][182502.928s][info][gc,marking  ] GC(5928) Concurrent Cleanup for Next Mark 24.285ms
[2025-01-08T23:07:12.562+0000][182502.928s][info][gc          ] GC(5928) Concurrent Mark Cycle 1535.069ms
[2025-01-08T23:07:18.449+0000][182508.815s][info][gc,start    ] GC(5929) Pause Young (Prepare Mixed) (G1 Evacuation Pause)
[2025-01-08T23:07:18.449+0000][182508.815s][info][gc,task     ] GC(5929) Using 6 workers of 6 for evacuation
[2025-01-08T23:07:18.486+0000][182508.852s][info][gc,phases   ] GC(5929)   Pre Evacuate Collection Set: 0.2ms
[2025-01-08T23:07:18.486+0000][182508.852s][info][gc,phases   ] GC(5929)   Merge Heap Roots: 0.7ms
[2025-01-08T23:07:18.486+0000][182508.852s][info][gc,phases   ] GC(5929)   Evacuate Collection Set: 33.3ms
[2025-01-08T23:07:18.486+0000][182508.852s][info][gc,phases   ] GC(5929)   Post Evacuate Collection Set: 2.7ms
[2025-01-08T23:07:18.486+0000][182508.853s][info][gc,phases   ] GC(5929)   Other: 0.2ms
[2025-01-08T23:07:18.486+0000][182508.853s][info][gc,heap     ] GC(5929) Eden regions: 912->0(66)
[2025-01-08T23:07:18.486+0000][182508.853s][info][gc,heap     ] GC(5929) Survivor regions: 9->10(116)
[2025-01-08T23:07:18.486+0000][182508.853s][info][gc,heap     ] GC(5929) Old regions: 231->231
[2025-01-08T23:07:18.486+0000][182508.853s][info][gc,heap     ] GC(5929) Archive regions: 2->2
[2025-01-08T23:07:18.486+0000][182508.853s][info][gc,heap     ] GC(5929) Humongous regions: 49->49
[2025-01-08T23:07:18.486+0000][182508.853s][info][gc,metaspace] GC(5929) Metaspace: 524083K(533824K)->524083K(533824K) NonClass: 460223K(465088K)->460223K(465088K) Class: 63860K(68736K)->63860K(68736K)
[2025-01-08T23:07:18.486+0000][182508.853s][info][gc          ] GC(5929) Pause Young (Prepare Mixed) (G1 Evacuation Pause) 9613M->2321M(12288M) 37.182ms
[2025-01-08T23:07:18.487+0000][182508.853s][info][gc,cpu      ] GC(5929) User=0.22s Sys=0.00s Real=0.04s
[2025-01-08T23:07:18.907+0000][182509.273s][info][gc,start    ] GC(5930) Pause Young (Mixed) (G1 Evacuation Pause)
[2025-01-08T23:07:18.907+0000][182509.273s][info][gc,task     ] GC(5930) Using 6 workers of 6 for evacuation
[2025-01-08T23:07:18.980+0000][182509.346s][info][gc,phases   ] GC(5930)   Pre Evacuate Collection Set: 0.2ms
[2025-01-08T23:07:18.980+0000][182509.346s][info][gc,phases   ] GC(5930)   Merge Heap Roots: 0.8ms
[2025-01-08T23:07:18.980+0000][182509.346s][info][gc,phases   ] GC(5930)   Evacuate Collection Set: 69.9ms
[2025-01-08T23:07:18.980+0000][182509.346s][info][gc,phases   ] GC(5930)   Post Evacuate Collection Set: 1.8ms
[2025-01-08T23:07:18.980+0000][182509.346s][info][gc,phases   ] GC(5930)   Other: 0.2ms
[2025-01-08T23:07:18.980+0000][182509.346s][info][gc,heap     ] GC(5930) Eden regions: 66->0(916)
[2025-01-08T23:07:18.980+0000][182509.346s][info][gc,heap     ] GC(5930) Survivor regions: 10->5(10)
[2025-01-08T23:07:18.980+0000][182509.346s][info][gc,heap     ] GC(5930) Old regions: 231->231
[2025-01-08T23:07:18.980+0000][182509.346s][info][gc,heap     ] GC(5930) Archive regions: 2->2
[2025-01-08T23:07:18.980+0000][182509.346s][info][gc,heap     ] GC(5930) Humongous regions: 49->49
[2025-01-08T23:07:18.980+0000][182509.346s][info][gc,metaspace] GC(5930) Metaspace: 524083K(533824K)->524083K(533824K) NonClass: 460223K(465088K)->460223K(465088K) Class: 63860K(68736K)->63860K(68736K)
[2025-01-08T23:07:18.980+0000][182509.346s][info][gc          ] GC(5930) Pause Young (Mixed) (G1 Evacuation Pause) 2849M->2286M(12288M) 72.922ms
[2025-01-08T23:07:18.980+0000][182509.346s][info][gc,cpu      ] GC(5930) User=0.43s Sys=0.00s Real=0.07s
[2025-01-08T23:07:24.047+0000][182514.413s][info][gc,start    ] GC(5931) Pause Young (Normal) (G1 Evacuation Pause)
[2025-01-08T23:07:24.047+0000][182514.413s][info][gc,task     ] GC(5931) Using 6 workers of 6 for evacuation
[2025-01-08T23:07:24.076+0000][182514.442s][info][gc,phases   ] GC(5931)   Pre Evacuate Collection Set: 0.2ms
[2025-01-08T23:07:24.076+0000][182514.442s][info][gc,phases   ] GC(5931)   Merge Heap Roots: 0.4ms
[2025-01-08T23:07:24.076+0000][182514.442s][info][gc,phases   ] GC(5931)   Evacuate Collection Set: 24.6ms
[2025-01-08T23:07:24.076+0000][182514.442s][info][gc,phases   ] GC(5931)   Post Evacuate Collection Set: 3.9ms
[2025-01-08T23:07:24.076+0000][182514.442s][info][gc,phases   ] GC(5931)   Other: 0.2ms
[2025-01-08T23:07:24.076+0000][182514.442s][info][gc,heap     ] GC(5931) Eden regions: 916->0(914)
[2025-01-08T23:07:24.076+0000][182514.442s][info][gc,heap     ] GC(5931) Survivor regions: 5->7(116)
[2025-01-08T23:07:24.076+0000][182514.442s][info][gc,heap     ] GC(5931) Old regions: 231->231
[2025-01-08T23:07:24.076+0000][182514.442s][info][gc,heap     ] GC(5931) Archive regions: 2->2
[2025-01-08T23:07:24.076+0000][182514.442s][info][gc,heap     ] GC(5931) Humongous regions: 49->49
[2025-01-08T23:07:24.076+0000][182514.442s][info][gc,metaspace] GC(5931) Metaspace: 524083K(533824K)->524083K(533824K) NonClass: 460223K(465088K)->460223K(465088K) Class: 63860K(68736K)->63860K(68736K)
[2025-01-08T23:07:24.076+0000][182514.442s][info][gc          ] GC(5931) Pause Young (Normal) (G1 Evacuation Pause) 9614M->2301M(12288M) 29.417ms
[2025-01-08T23:07:24.076+0000][182514.443s][info][gc,cpu      ] GC(5931) User=0.17s Sys=0.00s Real=0.03s
[2025-01-08T23:07:31.007+0000][182521.373s][info][gc,start    ] GC(5932) Pause Young (Normal) (G1 Evacuation Pause)
[2025-01-08T23:07:31.007+0000][182521.373s][info][gc,task     ] GC(5932) Using 6 workers of 6 for evacuation
[2025-01-08T23:07:31.036+0000][182521.402s][info][gc,phases   ] GC(5932)   Pre Evacuate Collection Set: 0.2ms
[2025-01-08T23:07:31.036+0000][182521.402s][info][gc,phases   ] GC(5932)   Merge Heap Roots: 0.4ms
[2025-01-08T23:07:31.036+0000][182521.402s][info][gc,phases   ] GC(5932)   Evacuate Collection Set: 24.1ms
[2025-01-08T23:07:31.036+0000][182521.402s][info][gc,phases   ] GC(5932)   Post Evacuate Collection Set: 3.9ms
[2025-01-08T23:07:31.036+0000][182521.402s][info][gc,phases   ] GC(5932)   Other: 0.2ms
[2025-01-08T23:07:31.036+0000][182521.402s][info][gc,heap     ] GC(5932) Eden regions: 914->0(914)
[2025-01-08T23:07:31.036+0000][182521.402s][info][gc,heap     ] GC(5932) Survivor regions: 7->7(116)
[2025-01-08T23:07:31.036+0000][182521.402s][info][gc,heap     ] GC(5932) Old regions: 231->231
[2025-01-08T23:07:31.036+0000][182521.402s][info][gc,heap     ] GC(5932) Archive regions: 2->2
[2025-01-08T23:07:31.036+0000][182521.402s][info][gc,heap     ] GC(5932) Humongous regions: 49->49
[2025-01-08T23:07:31.036+0000][182521.402s][info][gc,metaspace] GC(5932) Metaspace: 524083K(533824K)->524083K(533824K) NonClass: 460223K(465088K)->460223K(465088K) Class: 63860K(68736K)->63860K(68736K)
[2025-01-08T23:07:31.036+0000][182521.402s][info][gc          ] GC(5932) Pause Young (Normal) (G1 Evacuation Pause) 9613M->2302M(12288M) 28.879ms
[2025-01-08T23:07:31.036+0000][182521.402s][info][gc,cpu      ] GC(5932) User=0.17s Sys=0.00s Real=0.03s
[2025-01-08T23:07:39.812+0000][182530.178s][info][gc,start    ] GC(5933) Pause Young (Concurrent Start) (G1 Evacuation Pause)
[2025-01-08T23:07:39.812+0000][182530.178s][info][gc,task     ] GC(5933) Using 6 workers of 6 for evacuation
[2025-01-08T23:07:39.847+0000][182530.213s][info][gc,phases   ] GC(5933)   Pre Evacuate Collection Set: 1.1ms
[2025-01-08T23:07:39.847+0000][182530.213s][info][gc,phases   ] GC(5933)   Merge Heap Roots: 0.5ms
[2025-01-08T23:07:39.847+0000][182530.213s][info][gc,phases   ] GC(5933)   Evacuate Collection Set: 29.4ms
[2025-01-08T23:07:39.847+0000][182530.213s][info][gc,phases   ] GC(5933)   Post Evacuate Collection Set: 3.9ms
[2025-01-08T23:07:39.847+0000][182530.213s][info][gc,phases   ] GC(5933)   Other: 0.3ms
[2025-01-08T23:07:39.847+0000][182530.213s][info][gc,heap     ] GC(5933) Eden regions: 914->0(911)
[2025-01-08T23:07:39.847+0000][182530.213s][info][gc,heap     ] GC(5933) Survivor regions: 7->10(116)
[2025-01-08T23:07:39.847+0000][182530.213s][info][gc,heap     ] GC(5933) Old regions: 231->231
[2025-01-08T23:07:39.847+0000][182530.213s][info][gc,heap     ] GC(5933) Archive regions: 2->2
[2025-01-08T23:07:39.847+0000][182530.213s][info][gc,heap     ] GC(5933) Humongous regions: 49->49
[2025-01-08T23:07:39.847+0000][182530.213s][info][gc,metaspace] GC(5933) Metaspace: 524083K(533824K)->524083K(533824K) NonClass: 460223K(465088K)->460223K(465088K) Class: 63860K(68736K)->63860K(68736K)
[2025-01-08T23:07:39.847+0000][182530.213s][info][gc          ] GC(5933) Pause Young (Concurrent Start) (G1 Evacuation Pause) 9614M->2320M(12288M) 35.306ms
[2025-01-08T23:07:39.847+0000][182530.213s][info][gc,cpu      ] GC(5933) User=0.20s Sys=0.00s Real=0.03s
[2025-01-08T23:07:39.847+0000][182530.213s][info][gc          ] GC(5934) Concurrent Mark Cycle
[2025-01-08T23:07:39.847+0000][182530.213s][info][gc,marking  ] GC(5934) Concurrent Clear Claimed Marks
[2025-01-08T23:07:39.848+0000][182530.214s][info][gc,marking  ] GC(5934) Concurrent Clear Claimed Marks 0.967ms
[2025-01-08T23:07:39.848+0000][182530.214s][info][gc,marking  ] GC(5934) Concurrent Scan Root Regions
[2025-01-08T23:07:39.878+0000][182530.244s][info][gc,marking  ] GC(5934) Concurrent Scan Root Regions 29.742ms
[2025-01-08T23:07:39.878+0000][182530.244s][info][gc,marking  ] GC(5934) Concurrent Mark
[2025-01-08T23:07:39.878+0000][182530.244s][info][gc,marking  ] GC(5934) Concurrent Mark From Roots
[2025-01-08T23:07:39.878+0000][182530.244s][info][gc,task     ] GC(5934) Using 2 workers of 2 for marking
[2025-01-08T23:07:40.704+0000][182531.070s][info][gc,marking  ] GC(5934) Concurrent Mark From Roots 825.693ms
[2025-01-08T23:07:40.704+0000][182531.070s][info][gc,marking  ] GC(5934) Concurrent Preclean
[2025-01-08T23:07:40.707+0000][182531.073s][info][gc,marking  ] GC(5934) Concurrent Preclean 3.163ms
[2025-01-08T23:07:40.707+0000][182531.073s][info][gc,start    ] GC(5934) Pause Remark
[2025-01-08T23:07:40.733+0000][182531.099s][info][gc          ] GC(5934) Pause Remark 3080M->3080M(12288M) 25.819ms
[2025-01-08T23:07:40.733+0000][182531.099s][info][gc,cpu      ] GC(5934) User=0.14s Sys=0.00s Real=0.03s
[2025-01-08T23:07:40.733+0000][182531.099s][info][gc,marking  ] GC(5934) Concurrent Mark 855.034ms
[2025-01-08T23:07:40.733+0000][182531.099s][info][gc,marking  ] GC(5934) Concurrent Rebuild Remembered Sets
[2025-01-08T23:07:41.275+0000][182531.641s][info][gc,marking  ] GC(5934) Concurrent Rebuild Remembered Sets 542.230ms
[2025-01-08T23:07:41.276+0000][182531.642s][info][gc,start    ] GC(5934) Pause Cleanup
[2025-01-08T23:07:41.276+0000][182531.642s][info][gc          ] GC(5934) Pause Cleanup 3268M->3268M(12288M) 0.402ms
[2025-01-08T23:07:41.276+0000][182531.642s][info][gc,cpu      ] GC(5934) User=0.00s Sys=0.00s Real=0.00s
[2025-01-08T23:07:41.276+0000][182531.642s][info][gc,marking  ] GC(5934) Concurrent Cleanup for Next Mark
[2025-01-08T23:07:41.291+0000][182531.658s][info][gc,marking  ] GC(5934) Concurrent Cleanup for Next Mark 15.375ms
[2025-01-08T23:07:41.291+0000][182531.658s][info][gc          ] GC(5934) Concurrent Mark Cycle 1444.148ms
[2025-01-08T23:07:46.159+0000][182536.525s][info][gc,start    ] GC(5935) Pause Young (Prepare Mixed) (G1 Evacuation Pause)
[2025-01-08T23:07:46.159+0000][182536.525s][info][gc,task     ] GC(5935) Using 6 workers of 6 for evacuation
[2025-01-08T23:07:46.192+0000][182536.558s][info][gc,phases   ] GC(5935)   Pre Evacuate Collection Set: 0.2ms
[2025-01-08T23:07:46.192+0000][182536.558s][info][gc,phases   ] GC(5935)   Merge Heap Roots: 0.6ms
[2025-01-08T23:07:46.192+0000][182536.558s][info][gc,phases   ] GC(5935)   Evacuate Collection Set: 29.6ms
[2025-01-08T23:07:46.192+0000][182536.558s][info][gc,phases   ] GC(5935)   Post Evacuate Collection Set: 2.6ms
[2025-01-08T23:07:46.192+0000][182536.558s][info][gc,phases   ] GC(5935)   Other: 0.2ms
[2025-01-08T23:07:46.192+0000][182536.558s][info][gc,heap     ] GC(5935) Eden regions: 911->0(67)
[2025-01-08T23:07:46.192+0000][182536.558s][info][gc,heap     ] GC(5935) Survivor regions: 10->9(116)
[2025-01-08T23:07:46.192+0000][182536.558s][info][gc,heap     ] GC(5935) Old regions: 231->231
[2025-01-08T23:07:46.192+0000][182536.558s][info][gc,heap     ] GC(5935) Archive regions: 2->2
[2025-01-08T23:07:46.192+0000][182536.558s][info][gc,heap     ] GC(5935) Humongous regions: 49->49
[2025-01-08T23:07:46.192+0000][182536.558s][info][gc,metaspace] GC(5935) Metaspace: 524083K(533824K)->524083K(533824K) NonClass: 460223K(465088K)->460223K(465088K) Class: 63860K(68736K)->63860K(68736K)
[2025-01-08T23:07:46.192+0000][182536.558s][info][gc          ] GC(5935) Pause Young (Prepare Mixed) (G1 Evacuation Pause) 9608M->2312M(12288M) 33.271ms
[2025-01-08T23:07:46.192+0000][182536.558s][info][gc,cpu      ] GC(5935) User=0.20s Sys=0.00s Real=0.04s
[2025-01-08T23:07:46.632+0000][182536.999s][info][gc,start    ] GC(5936) Pause Young (Mixed) (G1 Evacuation Pause)
[2025-01-08T23:07:46.632+0000][182536.999s][info][gc,task     ] GC(5936) Using 6 workers of 6 for evacuation
[2025-01-08T23:07:46.706+0000][182537.072s][info][gc,phases   ] GC(5936)   Pre Evacuate Collection Set: 0.2ms
[2025-01-08T23:07:46.706+0000][182537.072s][info][gc,phases   ] GC(5936)   Merge Heap Roots: 0.8ms
[2025-01-08T23:07:46.706+0000][182537.072s][info][gc,phases   ] GC(5936)   Evacuate Collection Set: 70.3ms
[2025-01-08T23:07:46.706+0000][182537.072s][info][gc,phases   ] GC(5936)   Post Evacuate Collection Set: 1.9ms
[2025-01-08T23:07:46.706+0000][182537.072s][info][gc,phases   ] GC(5936)   Other: 0.2ms
[2025-01-08T23:07:46.706+0000][182537.072s][info][gc,heap     ] GC(5936) Eden regions: 67->0(915)
[2025-01-08T23:07:46.706+0000][182537.072s][info][gc,heap     ] GC(5936) Survivor regions: 9->6(10)
[2025-01-08T23:07:46.706+0000][182537.072s][info][gc,heap     ] GC(5936) Old regions: 231->230
[2025-01-08T23:07:46.706+0000][182537.072s][info][gc,heap     ] GC(5936) Archive regions: 2->2
[2025-01-08T23:07:46.706+0000][182537.072s][info][gc,heap     ] GC(5936) Humongous regions: 49->49
[2025-01-08T23:07:46.706+0000][182537.072s][info][gc,metaspace] GC(5936) Metaspace: 524083K(533824K)->524083K(533824K) NonClass: 460223K(465088K)->460223K(465088K) Class: 63860K(68736K)->63860K(68736K)
[2025-01-08T23:07:46.706+0000][182537.072s][info][gc          ] GC(5936) Pause Young (Mixed) (G1 Evacuation Pause) 2848M->2279M(12288M) 73.380ms
[2025-01-08T23:07:46.706+0000][182537.072s][info][gc,cpu      ] GC(5936) User=0.40s Sys=0.02s Real=0.07s
[2025-01-08T23:07:53.306+0000][182543.672s][info][gc,start    ] GC(5937) Pause Young (Normal) (G1 Evacuation Pause)
[2025-01-08T23:07:53.306+0000][182543.672s][info][gc,task     ] GC(5937) Using 6 workers of 6 for evacuation
[2025-01-08T23:07:53.334+0000][182543.700s][info][gc,phases   ] GC(5937)   Pre Evacuate Collection Set: 0.2ms
[2025-01-08T23:07:53.334+0000][182543.700s][info][gc,phases   ] GC(5937)   Merge Heap Roots: 0.5ms
[2025-01-08T23:07:53.334+0000][182543.700s][info][gc,phases   ] GC(5937)   Evacuate Collection Set: 25.4ms
[2025-01-08T23:07:53.334+0000][182543.700s][info][gc,phases   ] GC(5937)   Post Evacuate Collection Set: 2.5ms
[2025-01-08T23:07:53.334+0000][182543.700s][info][gc,phases   ] GC(5937)   Other: 0.2ms
[2025-01-08T23:07:53.334+0000][182543.700s][info][gc,heap     ] GC(5937) Eden regions: 915->0(914)
[2025-01-08T23:07:53.334+0000][182543.700s][info][gc,heap     ] GC(5937) Survivor regions: 6->7(116)
[2025-01-08T23:07:53.334+0000][182543.700s][info][gc,heap     ] GC(5937) Old regions: 230->230
[2025-01-08T23:07:53.334+0000][182543.700s][info][gc,heap     ] GC(5937) Archive regions: 2->2
[2025-01-08T23:07:53.334+0000][182543.700s][info][gc,heap     ] GC(5937) Humongous regions: 49->49
[2025-01-08T23:07:53.334+0000][182543.700s][info][gc,metaspace] GC(5937) Metaspace: 524083K(533824K)->524083K(533824K) NonClass: 460223K(465088K)->460223K(465088K) Class: 63860K(68736K)->63860K(68736K)
[2025-01-08T23:07:53.334+0000][182543.700s][info][gc          ] GC(5937) Pause Young (Normal) (G1 Evacuation Pause) 9599M->2289M(12288M) 28.849ms
[2025-01-08T23:07:53.334+0000][182543.701s][info][gc,cpu      ] GC(5937) User=0.17s Sys=0.00s Real=0.03s
[2025-01-08T23:07:57.788+0000][182548.154s][info][gc,start    ] GC(5938) Pause Young (Normal) (GCLocker Initiated GC)
[2025-01-08T23:07:57.788+0000][182548.154s][info][gc,task     ] GC(5938) Using 6 workers of 6 for evacuation
[2025-01-08T23:07:57.816+0000][182548.182s][info][gc,phases   ] GC(5938)   Pre Evacuate Collection Set: 0.2ms
[2025-01-08T23:07:57.816+0000][182548.182s][info][gc,phases   ] GC(5938)   Merge Heap Roots: 0.4ms
[2025-01-08T23:07:57.816+0000][182548.182s][info][gc,phases   ] GC(5938)   Evacuate Collection Set: 25.3ms
[2025-01-08T23:07:57.816+0000][182548.182s][info][gc,phases   ] GC(5938)   Post Evacuate Collection Set: 2.4ms
[2025-01-08T23:07:57.816+0000][182548.182s][info][gc,phases   ] GC(5938)   Other: 0.2ms
[2025-01-08T23:07:57.816+0000][182548.182s][info][gc,heap     ] GC(5938) Eden regions: 914->0(914)
[2025-01-08T23:07:57.816+0000][182548.182s][info][gc,heap     ] GC(5938) Survivor regions: 7->7(116)
[2025-01-08T23:07:57.816+0000][182548.182s][info][gc,heap     ] GC(5938) Old regions: 230->230
[2025-01-08T23:07:57.816+0000][182548.182s][info][gc,heap     ] GC(5938) Archive regions: 2->2
[2025-01-08T23:07:57.816+0000][182548.182s][info][gc,heap     ] GC(5938) Humongous regions: 49->49
[2025-01-08T23:07:57.816+0000][182548.182s][info][gc,metaspace] GC(5938) Metaspace: 524083K(533824K)->524083K(533824K) NonClass: 460223K(465088K)->460223K(465088K) Class: 63860K(68736K)->63860K(68736K)
[2025-01-08T23:07:57.816+0000][182548.182s][info][gc          ] GC(5938) Pause Young (Normal) (GCLocker Initiated GC) 9601M->2293M(12288M) 28.554ms
[2025-01-08T23:07:57.816+0000][182548.182s][info][gc,cpu      ] GC(5938) User=0.17s Sys=0.00s Real=0.03s
[2025-01-08T23:08:02.129+0000][182552.495s][info][gc,start    ] GC(5939) Pause Young (Concurrent Start) (G1 Evacuation Pause)
[2025-01-08T23:08:02.129+0000][182552.495s][info][gc,task     ] GC(5939) Using 6 workers of 6 for evacuation
[2025-01-08T23:08:02.164+0000][182552.530s][info][gc,phases   ] GC(5939)   Pre Evacuate Collection Set: 1.2ms
[2025-01-08T23:08:02.164+0000][182552.530s][info][gc,phases   ] GC(5939)   Merge Heap Roots: 0.4ms
[2025-01-08T23:08:02.164+0000][182552.530s][info][gc,phases   ] GC(5939)   Evacuate Collection Set: 30.9ms
[2025-01-08T23:08:02.164+0000][182552.530s][info][gc,phases   ] GC(5939)   Post Evacuate Collection Set: 2.4ms
[2025-01-08T23:08:02.164+0000][182552.530s][info][gc,phases   ] GC(5939)   Other: 0.3ms
[2025-01-08T23:08:02.164+0000][182552.530s][info][gc,heap     ] GC(5939) Eden regions: 914->0(912)
[2025-01-08T23:08:02.164+0000][182552.530s][info][gc,heap     ] GC(5939) Survivor regions: 7->9(116)
[2025-01-08T23:08:02.164+0000][182552.530s][info][gc,heap     ] GC(5939) Old regions: 230->230
[2025-01-08T23:08:02.164+0000][182552.530s][info][gc,heap     ] GC(5939) Archive regions: 2->2
[2025-01-08T23:08:02.164+0000][182552.530s][info][gc,heap     ] GC(5939) Humongous regions: 49->49
[2025-01-08T23:08:02.164+0000][182552.530s][info][gc,metaspace] GC(5939) Metaspace: 524083K(533824K)->524083K(533824K) NonClass: 460223K(465088K)->460223K(465088K) Class: 63860K(68736K)->63860K(68736K)
[2025-01-08T23:08:02.164+0000][182552.530s][info][gc          ] GC(5939) Pause Young (Concurrent Start) (G1 Evacuation Pause) 9605M->2304M(12288M) 35.328ms
[2025-01-08T23:08:02.164+0000][182552.530s][info][gc,cpu      ] GC(5939) User=0.20s Sys=0.00s Real=0.04s
[2025-01-08T23:08:02.164+0000][182552.530s][info][gc          ] GC(5940) Concurrent Mark Cycle
[2025-01-08T23:08:02.164+0000][182552.531s][info][gc,marking  ] GC(5940) Concurrent Clear Claimed Marks
[2025-01-08T23:08:02.165+0000][182552.531s][info][gc,marking  ] GC(5940) Concurrent Clear Claimed Marks 0.914ms
[2025-01-08T23:08:02.165+0000][182552.531s][info][gc,marking  ] GC(5940) Concurrent Scan Root Regions
[2025-01-08T23:08:02.194+0000][182552.560s][info][gc,marking  ] GC(5940) Concurrent Scan Root Regions 28.412ms
[2025-01-08T23:08:02.194+0000][182552.560s][info][gc,marking  ] GC(5940) Concurrent Mark
[2025-01-08T23:08:02.194+0000][182552.560s][info][gc,marking  ] GC(5940) Concurrent Mark From Roots
[2025-01-08T23:08:02.194+0000][182552.560s][info][gc,task     ] GC(5940) Using 2 workers of 2 for marking
[2025-01-08T23:08:03.271+0000][182553.638s][info][gc,marking  ] GC(5940) Concurrent Mark From Roots 1077.593ms
[2025-01-08T23:08:03.271+0000][182553.638s][info][gc,marking  ] GC(5940) Concurrent Preclean
[2025-01-08T23:08:03.275+0000][182553.641s][info][gc,marking  ] GC(5940) Concurrent Preclean 3.581ms
[2025-01-08T23:08:03.275+0000][182553.641s][info][gc,start    ] GC(5940) Pause Remark
[2025-01-08T23:08:03.301+0000][182553.667s][info][gc          ] GC(5940) Pause Remark 3908M->3908M(12288M) 25.461ms
[2025-01-08T23:08:03.301+0000][182553.667s][info][gc,cpu      ] GC(5940) User=0.14s Sys=0.00s Real=0.02s
[2025-01-08T23:08:03.301+0000][182553.667s][info][gc,marking  ] GC(5940) Concurrent Mark 1106.985ms
[2025-01-08T23:08:03.301+0000][182553.667s][info][gc,marking  ] GC(5940) Concurrent Rebuild Remembered Sets
[2025-01-08T23:08:03.977+0000][182554.343s][info][gc,marking  ] GC(5940) Concurrent Rebuild Remembered Sets 675.986ms
[2025-01-08T23:08:03.977+0000][182554.343s][info][gc,start    ] GC(5940) Pause Cleanup
[2025-01-08T23:08:03.977+0000][182554.343s][info][gc          ] GC(5940) Pause Cleanup 4964M->4964M(12288M) 0.405ms
[2025-01-08T23:08:03.977+0000][182554.343s][info][gc,cpu      ] GC(5940) User=0.00s Sys=0.00s Real=0.00s
[2025-01-08T23:08:03.977+0000][182554.344s][info][gc,marking  ] GC(5940) Concurrent Cleanup for Next Mark
[2025-01-08T23:08:03.994+0000][182554.360s][info][gc,marking  ] GC(5940) Concurrent Cleanup for Next Mark 16.125ms
[2025-01-08T23:08:03.994+0000][182554.360s][info][gc          ] GC(5940) Concurrent Mark Cycle 1829.227ms
[2025-01-08T23:08:07.136+0000][182557.502s][info][gc,start    ] GC(5941) Pause Young (Prepare Mixed) (G1 Evacuation Pause)
[2025-01-08T23:08:07.136+0000][182557.502s][info][gc,task     ] GC(5941) Using 6 workers of 6 for evacuation
[2025-01-08T23:08:07.171+0000][182557.537s][info][gc,phases   ] GC(5941)   Pre Evacuate Collection Set: 0.2ms
[2025-01-08T23:08:07.171+0000][182557.537s][info][gc,phases   ] GC(5941)   Merge Heap Roots: 0.7ms
[2025-01-08T23:08:07.171+0000][182557.537s][info][gc,phases   ] GC(5941)   Evacuate Collection Set: 32.0ms
[2025-01-08T23:08:07.171+0000][182557.537s][info][gc,phases   ] GC(5941)   Post Evacuate Collection Set: 2.5ms
[2025-01-08T23:08:07.171+0000][182557.537s][info][gc,phases   ] GC(5941)   Other: 0.2ms
[2025-01-08T23:08:07.171+0000][182557.537s][info][gc,heap     ] GC(5941) Eden regions: 912->0(67)
[2025-01-08T23:08:07.171+0000][182557.537s][info][gc,heap     ] GC(5941) Survivor regions: 9->9(116)
[2025-01-08T23:08:07.171+0000][182557.537s][info][gc,heap     ] GC(5941) Old regions: 230->230
[2025-01-08T23:08:07.171+0000][182557.537s][info][gc,heap     ] GC(5941) Archive regions: 2->2
[2025-01-08T23:08:07.171+0000][182557.537s][info][gc,heap     ] GC(5941) Humongous regions: 49->49
[2025-01-08T23:08:07.171+0000][182557.537s][info][gc,metaspace] GC(5941) Metaspace: 524083K(533824K)->524083K(533824K) NonClass: 460223K(465088K)->460223K(465088K) Class: 63860K(68736K)->63860K(68736K)
[2025-01-08T23:08:07.171+0000][182557.537s][info][gc          ] GC(5941) Pause Young (Prepare Mixed) (G1 Evacuation Pause) 9600M->2309M(12288M) 35.640ms
[2025-01-08T23:08:07.171+0000][182557.537s][info][gc,cpu      ] GC(5941) User=0.21s Sys=0.00s Real=0.04s
[2025-01-08T23:08:07.496+0000][182557.862s][info][gc,start    ] GC(5942) Pause Young (Mixed) (G1 Evacuation Pause)
[2025-01-08T23:08:07.496+0000][182557.862s][info][gc,task     ] GC(5942) Using 6 workers of 6 for evacuation
[2025-01-08T23:08:07.564+0000][182557.930s][info][gc,phases   ] GC(5942)   Pre Evacuate Collection Set: 0.2ms
[2025-01-08T23:08:07.564+0000][182557.930s][info][gc,phases   ] GC(5942)   Merge Heap Roots: 0.6ms
[2025-01-08T23:08:07.564+0000][182557.930s][info][gc,phases   ] GC(5942)   Evacuate Collection Set: 65.2ms
[2025-01-08T23:08:07.564+0000][182557.930s][info][gc,phases   ] GC(5942)   Post Evacuate Collection Set: 1.8ms
[2025-01-08T23:08:07.564+0000][182557.930s][info][gc,phases   ] GC(5942)   Other: 0.2ms
[2025-01-08T23:08:07.564+0000][182557.930s][info][gc,heap     ] GC(5942) Eden regions: 67->0(915)
[2025-01-08T23:08:07.564+0000][182557.930s][info][gc,heap     ] GC(5942) Survivor regions: 9->6(10)
[2025-01-08T23:08:07.564+0000][182557.930s][info][gc,heap     ] GC(5942) Old regions: 230->230
[2025-01-08T23:08:07.564+0000][182557.930s][info][gc,heap     ] GC(5942) Archive regions: 2->2
[2025-01-08T23:08:07.564+0000][182557.930s][info][gc,heap     ] GC(5942) Humongous regions: 49->49
[2025-01-08T23:08:07.564+0000][182557.930s][info][gc,metaspace] GC(5942) Metaspace: 524083K(533824K)->524083K(533824K) NonClass: 460223K(465088K)->460223K(465088K) Class: 63860K(68736K)->63860K(68736K)
[2025-01-08T23:08:07.564+0000][182557.930s][info][gc          ] GC(5942) Pause Young (Mixed) (G1 Evacuation Pause) 2845M->2279M(12288M) 68.013ms
[2025-01-08T23:08:07.564+0000][182557.930s][info][gc,cpu      ] GC(5942) User=0.40s Sys=0.00s Real=0.07s
[2025-01-08T23:08:13.353+0000][182563.719s][info][gc,start    ] GC(5943) Pause Young (Normal) (G1 Evacuation Pause)
[2025-01-08T23:08:13.353+0000][182563.719s][info][gc,task     ] GC(5943) Using 6 workers of 6 for evacuation
[2025-01-08T23:08:13.381+0000][182563.747s][info][gc,phases   ] GC(5943)   Pre Evacuate Collection Set: 0.2ms
[2025-01-08T23:08:13.381+0000][182563.747s][info][gc,phases   ] GC(5943)   Merge Heap Roots: 0.5ms
[2025-01-08T23:08:13.381+0000][182563.747s][info][gc,phases   ] GC(5943)   Evacuate Collection Set: 24.7ms
[2025-01-08T23:08:13.381+0000][182563.747s][info][gc,phases   ] GC(5943)   Post Evacuate Collection Set: 2.5ms
[2025-01-08T23:08:13.381+0000][182563.747s][info][gc,phases   ] GC(5943)   Other: 0.2ms
[2025-01-08T23:08:13.381+0000][182563.747s][info][gc,heap     ] GC(5943) Eden regions: 915->0(915)
[2025-01-08T23:08:13.381+0000][182563.747s][info][gc,heap     ] GC(5943) Survivor regions: 6->6(116)
[2025-01-08T23:08:13.381+0000][182563.747s][info][gc,heap     ] GC(5943) Old regions: 230->230
[2025-01-08T23:08:13.381+0000][182563.747s][info][gc,heap     ] GC(5943) Archive regions: 2->2
[2025-01-08T23:08:13.381+0000][182563.747s][info][gc,heap     ] GC(5943) Humongous regions: 49->49
[2025-01-08T23:08:13.381+0000][182563.747s][info][gc,metaspace] GC(5943) Metaspace: 524083K(533824K)->524083K(533824K) NonClass: 460223K(465088K)->460223K(465088K) Class: 63860K(68736K)->63860K(68736K)
[2025-01-08T23:08:13.381+0000][182563.747s][info][gc          ] GC(5943) Pause Young (Normal) (G1 Evacuation Pause) 9599M->2280M(12288M) 28.264ms
[2025-01-08T23:08:13.381+0000][182563.747s][info][gc,cpu      ] GC(5943) User=0.17s Sys=0.00s Real=0.02s
[2025-01-08T23:08:20.904+0000][182571.270s][info][gc,start    ] GC(5944) Pause Young (Normal) (GCLocker Initiated GC)
[2025-01-08T23:08:20.904+0000][182571.270s][info][gc,task     ] GC(5944) Using 6 workers of 6 for evacuation
[2025-01-08T23:08:20.937+0000][182571.303s][info][gc,phases   ] GC(5944)   Pre Evacuate Collection Set: 0.2ms
[2025-01-08T23:08:20.937+0000][182571.303s][info][gc,phases   ] GC(5944)   Merge Heap Roots: 0.4ms
[2025-01-08T23:08:20.937+0000][182571.303s][info][gc,phases   ] GC(5944)   Evacuate Collection Set: 26.8ms
[2025-01-08T23:08:20.937+0000][182571.303s][info][gc,phases   ] GC(5944)   Post Evacuate Collection Set: 5.2ms
[2025-01-08T23:08:20.937+0000][182571.303s][info][gc,phases   ] GC(5944)   Other: 0.2ms
[2025-01-08T23:08:20.937+0000][182571.303s][info][gc,heap     ] GC(5944) Eden regions: 915->0(913)
[2025-01-08T23:08:20.937+0000][182571.303s][info][gc,heap     ] GC(5944) Survivor regions: 6->8(116)
[2025-01-08T23:08:20.937+0000][182571.303s][info][gc,heap     ] GC(5944) Old regions: 230->230
[2025-01-08T23:08:20.937+0000][182571.303s][info][gc,heap     ] GC(5944) Archive regions: 2->2
[2025-01-08T23:08:20.937+0000][182571.303s][info][gc,heap     ] GC(5944) Humongous regions: 49->49
[2025-01-08T23:08:20.937+0000][182571.303s][info][gc,metaspace] GC(5944) Metaspace: 524083K(533824K)->524083K(533824K) NonClass: 460223K(465088K)->460223K(465088K) Class: 63860K(68736K)->63860K(68736K)
[2025-01-08T23:08:20.937+0000][182571.303s][info][gc          ] GC(5944) Pause Young (Normal) (GCLocker Initiated GC) 9600M->2296M(12288M) 32.921ms
[2025-01-08T23:08:20.937+0000][182571.303s][info][gc,cpu      ] GC(5944) User=0.20s Sys=0.00s Real=0.03s
[2025-01-08T23:08:30.653+0000][182581.019s][info][gc,start    ] GC(5945) Pause Young (Concurrent Start) (G1 Evacuation Pause)
[2025-01-08T23:08:30.653+0000][182581.019s][info][gc,task     ] GC(5945) Using 6 workers of 6 for evacuation
[2025-01-08T23:08:30.692+0000][182581.058s][info][gc,phases   ] GC(5945)   Pre Evacuate Collection Set: 1.2ms
[2025-01-08T23:08:30.692+0000][182581.059s][info][gc,phases   ] GC(5945)   Merge Heap Roots: 0.5ms
[2025-01-08T23:08:30.692+0000][182581.059s][info][gc,phases   ] GC(5945)   Evacuate Collection Set: 33.3ms
[2025-01-08T23:08:30.692+0000][182581.059s][info][gc,phases   ] GC(5945)   Post Evacuate Collection Set: 4.2ms
[2025-01-08T23:08:30.692+0000][182581.059s][info][gc,phases   ] GC(5945)   Other: 0.3ms
[2025-01-08T23:08:30.692+0000][182581.059s][info][gc,heap     ] GC(5945) Eden regions: 913->0(911)
[2025-01-08T23:08:30.692+0000][182581.059s][info][gc,heap     ] GC(5945) Survivor regions: 8->10(116)
[2025-01-08T23:08:30.692+0000][182581.059s][info][gc,heap     ] GC(5945) Old regions: 230->230
[2025-01-08T23:08:30.692+0000][182581.059s][info][gc,heap     ] GC(5945) Archive regions: 2->2
[2025-01-08T23:08:30.692+0000][182581.059s][info][gc,heap     ] GC(5945) Humongous regions: 49->49
[2025-01-08T23:08:30.692+0000][182581.059s][info][gc,metaspace] GC(5945) Metaspace: 524083K(533824K)->524083K(533824K) NonClass: 460223K(465088K)->460223K(465088K) Class: 63860K(68736K)->63860K(68736K)
[2025-01-08T23:08:30.693+0000][182581.059s][info][gc          ] GC(5945) Pause Young (Concurrent Start) (G1 Evacuation Pause) 9600M->2310M(12288M) 39.612ms
[2025-01-08T23:08:30.693+0000][182581.059s][info][gc,cpu      ] GC(5945) User=0.22s Sys=0.00s Real=0.04s
[2025-01-08T23:08:30.693+0000][182581.059s][info][gc          ] GC(5946) Concurrent Mark Cycle
[2025-01-08T23:08:30.693+0000][182581.059s][info][gc,marking  ] GC(5946) Concurrent Clear Claimed Marks
[2025-01-08T23:08:30.694+0000][182581.060s][info][gc,marking  ] GC(5946) Concurrent Clear Claimed Marks 1.161ms
[2025-01-08T23:08:30.694+0000][182581.060s][info][gc,marking  ] GC(5946) Concurrent Scan Root Regions
[2025-01-08T23:08:30.721+0000][182581.087s][info][gc,marking  ] GC(5946) Concurrent Scan Root Regions 27.432ms
[2025-01-08T23:08:30.721+0000][182581.087s][info][gc,marking  ] GC(5946) Concurrent Mark
[2025-01-08T23:08:30.721+0000][182581.087s][info][gc,marking  ] GC(5946) Concurrent Mark From Roots
[2025-01-08T23:08:30.721+0000][182581.087s][info][gc,task     ] GC(5946) Using 2 workers of 2 for marking
[2025-01-08T23:08:31.523+0000][182581.889s][info][gc,marking  ] GC(5946) Concurrent Mark From Roots 801.996ms
[2025-01-08T23:08:31.523+0000][182581.889s][info][gc,marking  ] GC(5946) Concurrent Preclean
[2025-01-08T23:08:31.526+0000][182581.892s][info][gc,marking  ] GC(5946) Concurrent Preclean 2.884ms
[2025-01-08T23:08:31.526+0000][182581.892s][info][gc,start    ] GC(5946) Pause Remark
[2025-01-08T23:08:31.553+0000][182581.919s][info][gc          ] GC(5946) Pause Remark 3114M->3114M(12288M) 26.742ms
[2025-01-08T23:08:31.553+0000][182581.919s][info][gc,cpu      ] GC(5946) User=0.15s Sys=0.00s Real=0.03s
[2025-01-08T23:08:31.553+0000][182581.919s][info][gc,marking  ] GC(5946) Concurrent Mark 832.026ms
[2025-01-08T23:08:31.553+0000][182581.919s][info][gc,marking  ] GC(5946) Concurrent Rebuild Remembered Sets
[2025-01-08T23:08:32.200+0000][182582.566s][info][gc,marking  ] GC(5946) Concurrent Rebuild Remembered Sets 647.039ms
[2025-01-08T23:08:32.201+0000][182582.567s][info][gc,start    ] GC(5946) Pause Cleanup
[2025-01-08T23:08:32.201+0000][182582.567s][info][gc          ] GC(5946) Pause Cleanup 3910M->3910M(12288M) 0.417ms
[2025-01-08T23:08:32.201+0000][182582.567s][info][gc,cpu      ] GC(5946) User=0.00s Sys=0.00s Real=0.00s
[2025-01-08T23:08:32.201+0000][182582.567s][info][gc,marking  ] GC(5946) Concurrent Cleanup for Next Mark
[2025-01-08T23:08:32.217+0000][182582.583s][info][gc,marking  ] GC(5946) Concurrent Cleanup for Next Mark 15.983ms
[2025-01-08T23:08:32.217+0000][182582.583s][info][gc          ] GC(5946) Concurrent Mark Cycle 1524.514ms
[2025-01-08T23:08:37.870+0000][182588.236s][info][gc,start    ] GC(5947) Pause Young (Prepare Mixed) (G1 Evacuation Pause)
[2025-01-08T23:08:37.870+0000][182588.237s][info][gc,task     ] GC(5947) Using 6 workers of 6 for evacuation
[2025-01-08T23:08:37.913+0000][182588.279s][info][gc,phases   ] GC(5947)   Pre Evacuate Collection Set: 0.2ms
[2025-01-08T23:08:37.913+0000][182588.279s][info][gc,phases   ] GC(5947)   Merge Heap Roots: 0.8ms
[2025-01-08T23:08:37.913+0000][182588.279s][info][gc,phases   ] GC(5947)   Evacuate Collection Set: 38.4ms
[2025-01-08T23:08:37.913+0000][182588.279s][info][gc,phases   ] GC(5947)   Post Evacuate Collection Set: 2.7ms
[2025-01-08T23:08:37.913+0000][182588.279s][info][gc,phases   ] GC(5947)   Other: 0.2ms
[2025-01-08T23:08:37.913+0000][182588.279s][info][gc,heap     ] GC(5947) Eden regions: 911->0(65)
[2025-01-08T23:08:37.913+0000][182588.279s][info][gc,heap     ] GC(5947) Survivor regions: 10->11(116)
[2025-01-08T23:08:37.913+0000][182588.279s][info][gc,heap     ] GC(5947) Old regions: 230->230
[2025-01-08T23:08:37.913+0000][182588.279s][info][gc,heap     ] GC(5947) Archive regions: 2->2
[2025-01-08T23:08:37.913+0000][182588.279s][info][gc,heap     ] GC(5947) Humongous regions: 49->49
[2025-01-08T23:08:37.913+0000][182588.279s][info][gc,metaspace] GC(5947) Metaspace: 524083K(533824K)->524083K(533824K) NonClass: 460223K(465088K)->460223K(465088K) Class: 63860K(68736K)->63860K(68736K)
[2025-01-08T23:08:37.913+0000][182588.279s][info][gc          ] GC(5947) Pause Young (Prepare Mixed) (G1 Evacuation Pause) 9598M->2317M(12288M) 42.337ms
[2025-01-08T23:08:37.913+0000][182588.279s][info][gc,cpu      ] GC(5947) User=0.24s Sys=0.00s Real=0.04s
[2025-01-08T23:08:38.362+0000][182588.728s][info][gc,start    ] GC(5948) Pause Young (Mixed) (G1 Evacuation Pause)
[2025-01-08T23:08:38.362+0000][182588.728s][info][gc,task     ] GC(5948) Using 6 workers of 6 for evacuation
[2025-01-08T23:08:38.435+0000][182588.801s][info][gc,phases   ] GC(5948)   Pre Evacuate Collection Set: 0.2ms
[2025-01-08T23:08:38.435+0000][182588.801s][info][gc,phases   ] GC(5948)   Merge Heap Roots: 0.8ms
[2025-01-08T23:08:38.435+0000][182588.801s][info][gc,phases   ] GC(5948)   Evacuate Collection Set: 70.0ms
[2025-01-08T23:08:38.435+0000][182588.801s][info][gc,phases   ] GC(5948)   Post Evacuate Collection Set: 2.0ms
[2025-01-08T23:08:38.435+0000][182588.801s][info][gc,phases   ] GC(5948)   Other: 0.2ms
[2025-01-08T23:08:38.435+0000][182588.801s][info][gc,heap     ] GC(5948) Eden regions: 65->0(915)
[2025-01-08T23:08:38.435+0000][182588.801s][info][gc,heap     ] GC(5948) Survivor regions: 11->6(10)
[2025-01-08T23:08:38.435+0000][182588.801s][info][gc,heap     ] GC(5948) Old regions: 230->232
[2025-01-08T23:08:38.435+0000][182588.801s][info][gc,heap     ] GC(5948) Archive regions: 2->2
[2025-01-08T23:08:38.435+0000][182588.801s][info][gc,heap     ] GC(5948) Humongous regions: 49->49
[2025-01-08T23:08:38.435+0000][182588.801s][info][gc,metaspace] GC(5948) Metaspace: 524083K(533824K)->524083K(533824K) NonClass: 460223K(465088K)->460223K(465088K) Class: 63860K(68736K)->63860K(68736K)
[2025-01-08T23:08:38.435+0000][182588.801s][info][gc          ] GC(5948) Pause Young (Mixed) (G1 Evacuation Pause) 2837M->2290M(12288M) 73.156ms
[2025-01-08T23:08:38.435+0000][182588.801s][info][gc,cpu      ] GC(5948) User=0.42s Sys=0.00s Real=0.07s
[2025-01-08T23:08:45.356+0000][182595.723s][info][gc,start    ] GC(5949) Pause Young (Normal) (G1 Evacuation Pause)
[2025-01-08T23:08:45.357+0000][182595.723s][info][gc,task     ] GC(5949) Using 6 workers of 6 for evacuation
[2025-01-08T23:08:45.383+0000][182595.749s][info][gc,phases   ] GC(5949)   Pre Evacuate Collection Set: 0.2ms
[2025-01-08T23:08:45.383+0000][182595.749s][info][gc,phases   ] GC(5949)   Merge Heap Roots: 0.4ms
[2025-01-08T23:08:45.383+0000][182595.749s][info][gc,phases   ] GC(5949)   Evacuate Collection Set: 22.8ms
[2025-01-08T23:08:45.383+0000][182595.749s][info][gc,phases   ] GC(5949)   Post Evacuate Collection Set: 2.5ms
[2025-01-08T23:08:45.383+0000][182595.749s][info][gc,phases   ] GC(5949)   Other: 0.2ms
[2025-01-08T23:08:45.383+0000][182595.749s][info][gc,heap     ] GC(5949) Eden regions: 915->0(914)
[2025-01-08T23:08:45.383+0000][182595.749s][info][gc,heap     ] GC(5949) Survivor regions: 6->7(116)
[2025-01-08T23:08:45.383+0000][182595.749s][info][gc,heap     ] GC(5949) Old regions: 232->232
[2025-01-08T23:08:45.383+0000][182595.749s][info][gc,heap     ] GC(5949) Archive regions: 2->2
[2025-01-08T23:08:45.383+0000][182595.749s][info][gc,heap     ] GC(5949) Humongous regions: 49->49
[2025-01-08T23:08:45.383+0000][182595.749s][info][gc,metaspace] GC(5949) Metaspace: 524083K(533824K)->524083K(533824K) NonClass: 460223K(465088K)->460223K(465088K) Class: 63860K(68736K)->63860K(68736K)
[2025-01-08T23:08:45.383+0000][182595.749s][info][gc          ] GC(5949) Pause Young (Normal) (G1 Evacuation Pause) 9610M->2297M(12288M) 26.223ms
[2025-01-08T23:08:45.383+0000][182595.749s][info][gc,cpu      ] GC(5949) User=0.15s Sys=0.01s Real=0.03s
[2025-01-08T23:08:52.868+0000][182603.234s][info][gc,start    ] GC(5950) Pause Young (Normal) (G1 Evacuation Pause)
[2025-01-08T23:08:52.868+0000][182603.234s][info][gc,task     ] GC(5950) Using 6 workers of 6 for evacuation
[2025-01-08T23:08:52.898+0000][182603.264s][info][gc,phases   ] GC(5950)   Pre Evacuate Collection Set: 0.2ms
[2025-01-08T23:08:52.898+0000][182603.264s][info][gc,phases   ] GC(5950)   Merge Heap Roots: 0.4ms
[2025-01-08T23:08:52.898+0000][182603.264s][info][gc,phases   ] GC(5950)   Evacuate Collection Set: 26.1ms
[2025-01-08T23:08:52.898+0000][182603.264s][info][gc,phases   ] GC(5950)   Post Evacuate Collection Set: 2.5ms
[2025-01-08T23:08:52.898+0000][182603.264s][info][gc,phases   ] GC(5950)   Other: 0.2ms
[2025-01-08T23:08:52.898+0000][182603.264s][info][gc,heap     ] GC(5950) Eden regions: 914->0(913)
[2025-01-08T23:08:52.898+0000][182603.264s][info][gc,heap     ] GC(5950) Survivor regions: 7->8(116)
[2025-01-08T23:08:52.898+0000][182603.264s][info][gc,heap     ] GC(5950) Old regions: 232->232
[2025-01-08T23:08:52.898+0000][182603.264s][info][gc,heap     ] GC(5950) Archive regions: 2->2
[2025-01-08T23:08:52.898+0000][182603.264s][info][gc,heap     ] GC(5950) Humongous regions: 49->49
[2025-01-08T23:08:52.898+0000][182603.264s][info][gc,metaspace] GC(5950) Metaspace: 524084K(533824K)->524084K(533824K) NonClass: 460223K(465088K)->460223K(465088K) Class: 63860K(68736K)->63860K(68736K)
[2025-01-08T23:08:52.898+0000][182603.264s][info][gc          ] GC(5950) Pause Young (Normal) (G1 Evacuation Pause) 9609M->2307M(12288M) 29.533ms
[2025-01-08T23:08:52.898+0000][182603.264s][info][gc,cpu      ] GC(5950) User=0.17s Sys=0.00s Real=0.03s
[2025-01-08T23:08:57.780+0000][182608.147s][info][gc,start    ] GC(5951) Pause Young (Concurrent Start) (G1 Evacuation Pause)
[2025-01-08T23:08:57.780+0000][182608.147s][info][gc,task     ] GC(5951) Using 6 workers of 6 for evacuation
[2025-01-08T23:08:57.813+0000][182608.179s][info][gc,phases   ] GC(5951)   Pre Evacuate Collection Set: 1.1ms
[2025-01-08T23:08:57.813+0000][182608.179s][info][gc,phases   ] GC(5951)   Merge Heap Roots: 0.4ms
[2025-01-08T23:08:57.813+0000][182608.179s][info][gc,phases   ] GC(5951)   Evacuate Collection Set: 28.3ms
[2025-01-08T23:08:57.813+0000][182608.179s][info][gc,phases   ] GC(5951)   Post Evacuate Collection Set: 2.5ms
[2025-01-08T23:08:57.813+0000][182608.179s][info][gc,phases   ] GC(5951)   Other: 0.3ms
[2025-01-08T23:08:57.813+0000][182608.179s][info][gc,heap     ] GC(5951) Eden regions: 913->0(912)
[2025-01-08T23:08:57.813+0000][182608.179s][info][gc,heap     ] GC(5951) Survivor regions: 8->9(116)
[2025-01-08T23:08:57.813+0000][182608.179s][info][gc,heap     ] GC(5951) Old regions: 232->232
[2025-01-08T23:08:57.813+0000][182608.179s][info][gc,heap     ] GC(5951) Archive regions: 2->2
[2025-01-08T23:08:57.813+0000][182608.179s][info][gc,heap     ] GC(5951) Humongous regions: 49->49
[2025-01-08T23:08:57.813+0000][182608.179s][info][gc,metaspace] GC(5951) Metaspace: 524084K(533824K)->524084K(533824K) NonClass: 460223K(465088K)->460223K(465088K) Class: 63860K(68736K)->63860K(68736K)
[2025-01-08T23:08:57.813+0000][182608.179s][info][gc          ] GC(5951) Pause Young (Concurrent Start) (G1 Evacuation Pause) 9611M->2315M(12288M) 32.669ms
[2025-01-08T23:08:57.813+0000][182608.179s][info][gc,cpu      ] GC(5951) User=0.18s Sys=0.00s Real=0.04s
[2025-01-08T23:08:57.813+0000][182608.179s][info][gc          ] GC(5952) Concurrent Mark Cycle
[2025-01-08T23:08:57.813+0000][182608.179s][info][gc,marking  ] GC(5952) Concurrent Clear Claimed Marks
[2025-01-08T23:08:57.814+0000][182608.180s][info][gc,marking  ] GC(5952) Concurrent Clear Claimed Marks 0.976ms
[2025-01-08T23:08:57.814+0000][182608.180s][info][gc,marking  ] GC(5952) Concurrent Scan Root Regions
[2025-01-08T23:08:57.840+0000][182608.206s][info][gc,marking  ] GC(5952) Concurrent Scan Root Regions 25.412ms
[2025-01-08T23:08:57.840+0000][182608.206s][info][gc,marking  ] GC(5952) Concurrent Mark
[2025-01-08T23:08:57.840+0000][182608.206s][info][gc,marking  ] GC(5952) Concurrent Mark From Roots
[2025-01-08T23:08:57.840+0000][182608.206s][info][gc,task     ] GC(5952) Using 2 workers of 2 for marking
[2025-01-08T23:08:58.693+0000][182609.059s][info][gc,marking  ] GC(5952) Concurrent Mark From Roots 853.579ms
[2025-01-08T23:08:58.693+0000][182609.059s][info][gc,marking  ] GC(5952) Concurrent Preclean
[2025-01-08T23:08:58.697+0000][182609.063s][info][gc,marking  ] GC(5952) Concurrent Preclean 3.724ms
[2025-01-08T23:08:58.697+0000][182609.063s][info][gc,start    ] GC(5952) Pause Remark
[2025-01-08T23:08:58.723+0000][182609.089s][info][gc          ] GC(5952) Pause Remark 3615M->3615M(12288M) 25.772ms
[2025-01-08T23:08:58.723+0000][182609.089s][info][gc,cpu      ] GC(5952) User=0.14s Sys=0.00s Real=0.03s
[2025-01-08T23:08:58.723+0000][182609.090s][info][gc,marking  ] GC(5952) Concurrent Mark 883.769ms
[2025-01-08T23:08:58.723+0000][182609.090s][info][gc,marking  ] GC(5952) Concurrent Rebuild Remembered Sets
[2025-01-08T23:08:59.426+0000][182609.792s][info][gc,marking  ] GC(5952) Concurrent Rebuild Remembered Sets 702.539ms
[2025-01-08T23:08:59.426+0000][182609.792s][info][gc,start    ] GC(5952) Pause Cleanup
[2025-01-08T23:08:59.427+0000][182609.793s][info][gc          ] GC(5952) Pause Cleanup 4679M->4679M(12288M) 0.446ms
[2025-01-08T23:08:59.427+0000][182609.793s][info][gc,cpu      ] GC(5952) User=0.00s Sys=0.00s Real=0.00s
[2025-01-08T23:08:59.427+0000][182609.793s][info][gc,marking  ] GC(5952) Concurrent Cleanup for Next Mark
[2025-01-08T23:08:59.443+0000][182609.809s][info][gc,marking  ] GC(5952) Concurrent Cleanup for Next Mark 16.623ms
[2025-01-08T23:08:59.443+0000][182609.809s][info][gc          ] GC(5952) Concurrent Mark Cycle 1630.166ms
[2025-01-08T23:09:03.029+0000][182613.395s][info][gc,start    ] GC(5953) Pause Young (Prepare Mixed) (G1 Evacuation Pause)
[2025-01-08T23:09:03.029+0000][182613.395s][info][gc,task     ] GC(5953) Using 6 workers of 6 for evacuation
[2025-01-08T23:09:03.066+0000][182613.432s][info][gc,phases   ] GC(5953)   Pre Evacuate Collection Set: 0.2ms
[2025-01-08T23:09:03.066+0000][182613.432s][info][gc,phases   ] GC(5953)   Merge Heap Roots: 0.7ms
[2025-01-08T23:09:03.066+0000][182613.432s][info][gc,phases   ] GC(5953)   Evacuate Collection Set: 32.7ms
[2025-01-08T23:09:03.066+0000][182613.432s][info][gc,phases   ] GC(5953)   Post Evacuate Collection Set: 2.7ms
[2025-01-08T23:09:03.066+0000][182613.432s][info][gc,phases   ] GC(5953)   Other: 0.2ms
[2025-01-08T23:09:03.066+0000][182613.432s][info][gc,heap     ] GC(5953) Eden regions: 912->0(66)
[2025-01-08T23:09:03.066+0000][182613.432s][info][gc,heap     ] GC(5953) Survivor regions: 9->10(116)
[2025-01-08T23:09:03.066+0000][182613.432s][info][gc,heap     ] GC(5953) Old regions: 232->232
[2025-01-08T23:09:03.066+0000][182613.432s][info][gc,heap     ] GC(5953) Archive regions: 2->2
[2025-01-08T23:09:03.066+0000][182613.432s][info][gc,heap     ] GC(5953) Humongous regions: 49->49
[2025-01-08T23:09:03.066+0000][182613.432s][info][gc,metaspace] GC(5953) Metaspace: 524084K(533824K)->524084K(533824K) NonClass: 460223K(465088K)->460223K(465088K) Class: 63860K(68736K)->63860K(68736K)
[2025-01-08T23:09:03.066+0000][182613.432s][info][gc          ] GC(5953) Pause Young (Prepare Mixed) (G1 Evacuation Pause) 9611M->2322M(12288M) 36.597ms
[2025-01-08T23:09:03.066+0000][182613.432s][info][gc,cpu      ] GC(5953) User=0.22s Sys=0.00s Real=0.04s
[2025-01-08T23:09:03.504+0000][182613.870s][info][gc,start    ] GC(5954) Pause Young (Mixed) (G1 Evacuation Pause)
[2025-01-08T23:09:03.504+0000][182613.870s][info][gc,task     ] GC(5954) Using 6 workers of 6 for evacuation
[2025-01-08T23:09:03.546+0000][182613.912s][info][gc,phases   ] GC(5954)   Pre Evacuate Collection Set: 0.2ms
[2025-01-08T23:09:03.546+0000][182613.912s][info][gc,phases   ] GC(5954)   Merge Heap Roots: 0.4ms
[2025-01-08T23:09:03.546+0000][182613.912s][info][gc,phases   ] GC(5954)   Evacuate Collection Set: 40.2ms
[2025-01-08T23:09:03.546+0000][182613.912s][info][gc,phases   ] GC(5954)   Post Evacuate Collection Set: 1.6ms
[2025-01-08T23:09:03.546+0000][182613.913s][info][gc,phases   ] GC(5954)   Other: 0.2ms
[2025-01-08T23:09:03.546+0000][182613.913s][info][gc,heap     ] GC(5954) Eden regions: 66->0(916)
[2025-01-08T23:09:03.546+0000][182613.913s][info][gc,heap     ] GC(5954) Survivor regions: 10->5(10)
[2025-01-08T23:09:03.546+0000][182613.913s][info][gc,heap     ] GC(5954) Old regions: 232->230
[2025-01-08T23:09:03.546+0000][182613.913s][info][gc,heap     ] GC(5954) Archive regions: 2->2
[2025-01-08T23:09:03.546+0000][182613.913s][info][gc,heap     ] GC(5954) Humongous regions: 49->49
[2025-01-08T23:09:03.546+0000][182613.913s][info][gc,metaspace] GC(5954) Metaspace: 524084K(533824K)->524084K(533824K) NonClass: 460223K(465088K)->460223K(465088K) Class: 63860K(68736K)->63860K(68736K)
[2025-01-08T23:09:03.546+0000][182613.913s][info][gc          ] GC(5954) Pause Young (Mixed) (G1 Evacuation Pause) 2850M->2272M(12288M) 42.614ms
[2025-01-08T23:09:03.547+0000][182613.913s][info][gc,cpu      ] GC(5954) User=0.25s Sys=0.00s Real=0.04s
[2025-01-08T23:09:10.908+0000][182621.274s][info][gc,start    ] GC(5955) Pause Young (Normal) (G1 Evacuation Pause)
[2025-01-08T23:09:10.908+0000][182621.274s][info][gc,task     ] GC(5955) Using 6 workers of 6 for evacuation
[2025-01-08T23:09:10.937+0000][182621.303s][info][gc,phases   ] GC(5955)   Pre Evacuate Collection Set: 0.2ms
[2025-01-08T23:09:10.937+0000][182621.303s][info][gc,phases   ] GC(5955)   Merge Heap Roots: 0.4ms
[2025-01-08T23:09:10.937+0000][182621.303s][info][gc,phases   ] GC(5955)   Evacuate Collection Set: 24.0ms
[2025-01-08T23:09:10.937+0000][182621.303s][info][gc,phases   ] GC(5955)   Post Evacuate Collection Set: 3.8ms
[2025-01-08T23:09:10.937+0000][182621.303s][info][gc,phases   ] GC(5955)   Other: 0.2ms
[2025-01-08T23:09:10.937+0000][182621.303s][info][gc,heap     ] GC(5955) Eden regions: 916->0(914)
[2025-01-08T23:09:10.937+0000][182621.303s][info][gc,heap     ] GC(5955) Survivor regions: 5->7(116)
[2025-01-08T23:09:10.937+0000][182621.303s][info][gc,heap     ] GC(5955) Old regions: 230->230
[2025-01-08T23:09:10.937+0000][182621.303s][info][gc,heap     ] GC(5955) Archive regions: 2->2
[2025-01-08T23:09:10.937+0000][182621.303s][info][gc,heap     ] GC(5955) Humongous regions: 49->49
[2025-01-08T23:09:10.937+0000][182621.303s][info][gc,metaspace] GC(5955) Metaspace: 524084K(533824K)->524084K(533824K) NonClass: 460223K(465088K)->460223K(465088K) Class: 63860K(68736K)->63860K(68736K)
[2025-01-08T23:09:10.937+0000][182621.303s][info][gc          ] GC(5955) Pause Young (Normal) (G1 Evacuation Pause) 9600M->2288M(12288M) 28.759ms
[2025-01-08T23:09:10.937+0000][182621.303s][info][gc,cpu      ] GC(5955) User=0.17s Sys=0.00s Real=0.03s
[2025-01-08T23:09:16.492+0000][182626.858s][info][gc,start    ] GC(5956) Pause Young (Normal) (G1 Evacuation Pause)
[2025-01-08T23:09:16.492+0000][182626.858s][info][gc,task     ] GC(5956) Using 6 workers of 6 for evacuation
[2025-01-08T23:09:16.526+0000][182626.892s][info][gc,phases   ] GC(5956)   Pre Evacuate Collection Set: 0.2ms
[2025-01-08T23:09:16.526+0000][182626.892s][info][gc,phases   ] GC(5956)   Merge Heap Roots: 0.4ms
[2025-01-08T23:09:16.526+0000][182626.892s][info][gc,phases   ] GC(5956)   Evacuate Collection Set: 28.8ms
[2025-01-08T23:09:16.526+0000][182626.892s][info][gc,phases   ] GC(5956)   Post Evacuate Collection Set: 4.3ms
[2025-01-08T23:09:16.526+0000][182626.892s][info][gc,phases   ] GC(5956)   Other: 0.2ms
[2025-01-08T23:09:16.526+0000][182626.892s][info][gc,heap     ] GC(5956) Eden regions: 914->0(913)
[2025-01-08T23:09:16.526+0000][182626.892s][info][gc,heap     ] GC(5956) Survivor regions: 7->8(116)
[2025-01-08T23:09:16.526+0000][182626.892s][info][gc,heap     ] GC(5956) Old regions: 230->230
[2025-01-08T23:09:16.526+0000][182626.892s][info][gc,heap     ] GC(5956) Archive regions: 2->2
[2025-01-08T23:09:16.526+0000][182626.892s][info][gc,heap     ] GC(5956) Humongous regions: 49->49
[2025-01-08T23:09:16.526+0000][182626.892s][info][gc,metaspace] GC(5956) Metaspace: 524084K(533824K)->524084K(533824K) NonClass: 460223K(465088K)->460223K(465088K) Class: 63860K(68736K)->63860K(68736K)
[2025-01-08T23:09:16.526+0000][182626.892s][info][gc          ] GC(5956) Pause Young (Normal) (G1 Evacuation Pause) 9600M->2296M(12288M) 33.971ms
[2025-01-08T23:09:16.526+0000][182626.892s][info][gc,cpu      ] GC(5956) User=0.19s Sys=0.01s Real=0.03s
[2025-01-08T23:09:25.746+0000][182636.112s][info][gc,start    ] GC(5957) Pause Young (Concurrent Start) (G1 Evacuation Pause)
[2025-01-08T23:09:25.746+0000][182636.112s][info][gc,task     ] GC(5957) Using 6 workers of 6 for evacuation
[2025-01-08T23:09:25.784+0000][182636.150s][info][gc,phases   ] GC(5957)   Pre Evacuate Collection Set: 1.2ms
[2025-01-08T23:09:25.784+0000][182636.150s][info][gc,phases   ] GC(5957)   Merge Heap Roots: 0.5ms
[2025-01-08T23:09:25.784+0000][182636.150s][info][gc,phases   ] GC(5957)   Evacuate Collection Set: 32.0ms
[2025-01-08T23:09:25.784+0000][182636.150s][info][gc,phases   ] GC(5957)   Post Evacuate Collection Set: 4.2ms
[2025-01-08T23:09:25.784+0000][182636.150s][info][gc,phases   ] GC(5957)   Other: 0.4ms
[2025-01-08T23:09:25.784+0000][182636.150s][info][gc,heap     ] GC(5957) Eden regions: 913->0(911)
[2025-01-08T23:09:25.784+0000][182636.150s][info][gc,heap     ] GC(5957) Survivor regions: 8->10(116)
[2025-01-08T23:09:25.784+0000][182636.150s][info][gc,heap     ] GC(5957) Old regions: 230->230
[2025-01-08T23:09:25.784+0000][182636.150s][info][gc,heap     ] GC(5957) Archive regions: 2->2
[2025-01-08T23:09:25.784+0000][182636.150s][info][gc,heap     ] GC(5957) Humongous regions: 49->49
[2025-01-08T23:09:25.784+0000][182636.150s][info][gc,metaspace] GC(5957) Metaspace: 524084K(533824K)->524084K(533824K) NonClass: 460223K(465088K)->460223K(465088K) Class: 63860K(68736K)->63860K(68736K)
[2025-01-08T23:09:25.784+0000][182636.150s][info][gc          ] GC(5957) Pause Young (Concurrent Start) (G1 Evacuation Pause) 9600M->2313M(12288M) 38.255ms
[2025-01-08T23:09:25.784+0000][182636.150s][info][gc,cpu      ] GC(5957) User=0.22s Sys=0.00s Real=0.04s
[2025-01-08T23:09:25.784+0000][182636.150s][info][gc          ] GC(5958) Concurrent Mark Cycle
[2025-01-08T23:09:25.784+0000][182636.150s][info][gc,marking  ] GC(5958) Concurrent Clear Claimed Marks
[2025-01-08T23:09:25.785+0000][182636.151s][info][gc,marking  ] GC(5958) Concurrent Clear Claimed Marks 1.005ms
[2025-01-08T23:09:25.785+0000][182636.151s][info][gc,marking  ] GC(5958) Concurrent Scan Root Regions
[2025-01-08T23:09:25.812+0000][182636.179s][info][gc,marking  ] GC(5958) Concurrent Scan Root Regions 27.168ms
[2025-01-08T23:09:25.812+0000][182636.179s][info][gc,marking  ] GC(5958) Concurrent Mark
[2025-01-08T23:09:25.812+0000][182636.179s][info][gc,marking  ] GC(5958) Concurrent Mark From Roots
[2025-01-08T23:09:25.812+0000][182636.179s][info][gc,task     ] GC(5958) Using 2 workers of 2 for marking
[2025-01-08T23:09:26.773+0000][182637.139s][info][gc,marking  ] GC(5958) Concurrent Mark From Roots 960.645ms
[2025-01-08T23:09:26.773+0000][182637.139s][info][gc,marking  ] GC(5958) Concurrent Preclean
[2025-01-08T23:09:26.776+0000][182637.142s][info][gc,marking  ] GC(5958) Concurrent Preclean 2.715ms
[2025-01-08T23:09:26.776+0000][182637.142s][info][gc,start    ] GC(5958) Pause Remark
[2025-01-08T23:09:26.802+0000][182637.168s][info][gc          ] GC(5958) Pause Remark 3381M->3381M(12288M) 25.581ms
[2025-01-08T23:09:26.802+0000][182637.168s][info][gc,cpu      ] GC(5958) User=0.15s Sys=0.00s Real=0.03s
[2025-01-08T23:09:26.802+0000][182637.168s][info][gc,marking  ] GC(5958) Concurrent Mark 989.277ms
[2025-01-08T23:09:26.802+0000][182637.168s][info][gc,marking  ] GC(5958) Concurrent Rebuild Remembered Sets
[2025-01-08T23:09:27.330+0000][182637.697s][info][gc,marking  ] GC(5958) Concurrent Rebuild Remembered Sets 528.634ms
[2025-01-08T23:09:27.331+0000][182637.697s][info][gc,start    ] GC(5958) Pause Cleanup
[2025-01-08T23:09:27.331+0000][182637.697s][info][gc          ] GC(5958) Pause Cleanup 4145M->4145M(12288M) 0.392ms
[2025-01-08T23:09:27.331+0000][182637.697s][info][gc,cpu      ] GC(5958) User=0.00s Sys=0.00s Real=0.00s
[2025-01-08T23:09:27.331+0000][182637.697s][info][gc,marking  ] GC(5958) Concurrent Cleanup for Next Mark
[2025-01-08T23:09:27.347+0000][182637.713s][info][gc,marking  ] GC(5958) Concurrent Cleanup for Next Mark 15.455ms
[2025-01-08T23:09:27.347+0000][182637.713s][info][gc          ] GC(5958) Concurrent Mark Cycle 1562.351ms
[2025-01-08T23:09:33.678+0000][182644.044s][info][gc,start    ] GC(5959) Pause Young (Prepare Mixed) (G1 Evacuation Pause)
[2025-01-08T23:09:33.678+0000][182644.044s][info][gc,task     ] GC(5959) Using 6 workers of 6 for evacuation
[2025-01-08T23:09:33.716+0000][182644.082s][info][gc,phases   ] GC(5959)   Pre Evacuate Collection Set: 0.2ms
[2025-01-08T23:09:33.716+0000][182644.082s][info][gc,phases   ] GC(5959)   Merge Heap Roots: 0.7ms
[2025-01-08T23:09:33.716+0000][182644.082s][info][gc,phases   ] GC(5959)   Evacuate Collection Set: 34.1ms
[2025-01-08T23:09:33.716+0000][182644.082s][info][gc,phases   ] GC(5959)   Post Evacuate Collection Set: 3.0ms
[2025-01-08T23:09:33.716+0000][182644.082s][info][gc,phases   ] GC(5959)   Other: 0.2ms
[2025-01-08T23:09:33.716+0000][182644.082s][info][gc,heap     ] GC(5959) Eden regions: 911->0(66)
[2025-01-08T23:09:33.716+0000][182644.082s][info][gc,heap     ] GC(5959) Survivor regions: 10->10(116)
[2025-01-08T23:09:33.716+0000][182644.082s][info][gc,heap     ] GC(5959) Old regions: 230->230
[2025-01-08T23:09:33.716+0000][182644.082s][info][gc,heap     ] GC(5959) Archive regions: 2->2
[2025-01-08T23:09:33.716+0000][182644.082s][info][gc,heap     ] GC(5959) Humongous regions: 49->49
[2025-01-08T23:09:33.716+0000][182644.082s][info][gc,metaspace] GC(5959) Metaspace: 524084K(533824K)->524084K(533824K) NonClass: 460223K(465088K)->460223K(465088K) Class: 63860K(68736K)->63860K(68736K)
[2025-01-08T23:09:33.716+0000][182644.082s][info][gc          ] GC(5959) Pause Young (Prepare Mixed) (G1 Evacuation Pause) 9601M->2316M(12288M) 38.336ms
[2025-01-08T23:09:33.716+0000][182644.082s][info][gc,cpu      ] GC(5959) User=0.21s Sys=0.00s Real=0.04s
[2025-01-08T23:09:34.169+0000][182644.535s][info][gc,start    ] GC(5960) Pause Young (Mixed) (G1 Evacuation Pause)
[2025-01-08T23:09:34.169+0000][182644.535s][info][gc,task     ] GC(5960) Using 6 workers of 6 for evacuation
[2025-01-08T23:09:34.232+0000][182644.598s][info][gc,phases   ] GC(5960)   Pre Evacuate Collection Set: 0.2ms
[2025-01-08T23:09:34.232+0000][182644.598s][info][gc,phases   ] GC(5960)   Merge Heap Roots: 0.7ms
[2025-01-08T23:09:34.232+0000][182644.598s][info][gc,phases   ] GC(5960)   Evacuate Collection Set: 60.4ms
[2025-01-08T23:09:34.232+0000][182644.598s][info][gc,phases   ] GC(5960)   Post Evacuate Collection Set: 1.8ms
[2025-01-08T23:09:34.232+0000][182644.598s][info][gc,phases   ] GC(5960)   Other: 0.2ms
[2025-01-08T23:09:34.232+0000][182644.598s][info][gc,heap     ] GC(5960) Eden regions: 66->0(915)
[2025-01-08T23:09:34.232+0000][182644.598s][info][gc,heap     ] GC(5960) Survivor regions: 10->6(10)
[2025-01-08T23:09:34.232+0000][182644.598s][info][gc,heap     ] GC(5960) Old regions: 230->231
[2025-01-08T23:09:34.232+0000][182644.598s][info][gc,heap     ] GC(5960) Archive regions: 2->2
[2025-01-08T23:09:34.232+0000][182644.598s][info][gc,heap     ] GC(5960) Humongous regions: 49->49
[2025-01-08T23:09:34.232+0000][182644.598s][info][gc,metaspace] GC(5960) Metaspace: 524084K(533824K)->524084K(533824K) NonClass: 460223K(465088K)->460223K(465088K) Class: 63860K(68736K)->63860K(68736K)
[2025-01-08T23:09:34.232+0000][182644.598s][info][gc          ] GC(5960) Pause Young (Mixed) (G1 Evacuation Pause) 2844M->2282M(12288M) 63.385ms
[2025-01-08T23:09:34.232+0000][182644.598s][info][gc,cpu      ] GC(5960) User=0.37s Sys=0.00s Real=0.07s
[2025-01-08T23:09:44.785+0000][182655.151s][info][gc,start    ] GC(5961) Pause Young (Normal) (G1 Evacuation Pause)
[2025-01-08T23:09:44.785+0000][182655.151s][info][gc,task     ] GC(5961) Using 6 workers of 6 for evacuation
[2025-01-08T23:09:44.813+0000][182655.179s][info][gc,phases   ] GC(5961)   Pre Evacuate Collection Set: 0.2ms
[2025-01-08T23:09:44.813+0000][182655.179s][info][gc,phases   ] GC(5961)   Merge Heap Roots: 0.5ms
[2025-01-08T23:09:44.813+0000][182655.179s][info][gc,phases   ] GC(5961)   Evacuate Collection Set: 24.2ms
[2025-01-08T23:09:44.813+0000][182655.179s][info][gc,phases   ] GC(5961)   Post Evacuate Collection Set: 2.8ms
[2025-01-08T23:09:44.813+0000][182655.179s][info][gc,phases   ] GC(5961)   Other: 0.2ms
[2025-01-08T23:09:44.813+0000][182655.179s][info][gc,heap     ] GC(5961) Eden regions: 915->0(914)
[2025-01-08T23:09:44.813+0000][182655.179s][info][gc,heap     ] GC(5961) Survivor regions: 6->7(116)
[2025-01-08T23:09:44.813+0000][182655.179s][info][gc,heap     ] GC(5961) Old regions: 231->231
[2025-01-08T23:09:44.813+0000][182655.179s][info][gc,heap     ] GC(5961) Archive regions: 2->2
[2025-01-08T23:09:44.813+0000][182655.179s][info][gc,heap     ] GC(5961) Humongous regions: 49->49
[2025-01-08T23:09:44.813+0000][182655.179s][info][gc,metaspace] GC(5961) Metaspace: 524085K(533824K)->524085K(533824K) NonClass: 460225K(465088K)->460225K(465088K) Class: 63860K(68736K)->63860K(68736K)
[2025-01-08T23:09:44.813+0000][182655.179s][info][gc          ] GC(5961) Pause Young (Normal) (G1 Evacuation Pause) 9602M->2295M(12288M) 27.940ms
[2025-01-08T23:09:44.813+0000][182655.179s][info][gc,cpu      ] GC(5961) User=0.16s Sys=0.00s Real=0.03s
[2025-01-08T23:09:51.418+0000][182661.784s][info][gc,start    ] GC(5962) Pause Young (Normal) (G1 Evacuation Pause)
[2025-01-08T23:09:51.418+0000][182661.784s][info][gc,task     ] GC(5962) Using 6 workers of 6 for evacuation
[2025-01-08T23:09:51.450+0000][182661.816s][info][gc,phases   ] GC(5962)   Pre Evacuate Collection Set: 0.2ms
[2025-01-08T23:09:51.450+0000][182661.816s][info][gc,phases   ] GC(5962)   Merge Heap Roots: 0.4ms
[2025-01-08T23:09:51.450+0000][182661.816s][info][gc,phases   ] GC(5962)   Evacuate Collection Set: 28.3ms
[2025-01-08T23:09:51.450+0000][182661.816s][info][gc,phases   ] GC(5962)   Post Evacuate Collection Set: 2.8ms
[2025-01-08T23:09:51.450+0000][182661.816s][info][gc,phases   ] GC(5962)   Other: 0.2ms
[2025-01-08T23:09:51.450+0000][182661.816s][info][gc,heap     ] GC(5962) Eden regions: 914->0(913)
[2025-01-08T23:09:51.450+0000][182661.816s][info][gc,heap     ] GC(5962) Survivor regions: 7->8(116)
[2025-01-08T23:09:51.450+0000][182661.816s][info][gc,heap     ] GC(5962) Old regions: 231->231
[2025-01-08T23:09:51.450+0000][182661.816s][info][gc,heap     ] GC(5962) Archive regions: 2->2
[2025-01-08T23:09:51.450+0000][182661.816s][info][gc,heap     ] GC(5962) Humongous regions: 49->49
[2025-01-08T23:09:51.450+0000][182661.816s][info][gc,metaspace] GC(5962) Metaspace: 524085K(533824K)->524085K(533824K) NonClass: 460225K(465088K)->460225K(465088K) Class: 63860K(68736K)->63860K(68736K)
[2025-01-08T23:09:51.450+0000][182661.816s][info][gc          ] GC(5962) Pause Young (Normal) (G1 Evacuation Pause) 9607M->2303M(12288M) 32.099ms
[2025-01-08T23:09:51.450+0000][182661.816s][info][gc,cpu      ] GC(5962) User=0.19s Sys=0.00s Real=0.04s
[2025-01-08T23:10:00.083+0000][182670.449s][info][gc,start    ] GC(5963) Pause Young (Concurrent Start) (G1 Evacuation Pause)
[2025-01-08T23:10:00.083+0000][182670.449s][info][gc,task     ] GC(5963) Using 6 workers of 6 for evacuation
[2025-01-08T23:10:00.116+0000][182670.482s][info][gc,phases   ] GC(5963)   Pre Evacuate Collection Set: 1.0ms
[2025-01-08T23:10:00.116+0000][182670.482s][info][gc,phases   ] GC(5963)   Merge Heap Roots: 0.4ms
[2025-01-08T23:10:00.116+0000][182670.482s][info][gc,phases   ] GC(5963)   Evacuate Collection Set: 28.4ms
[2025-01-08T23:10:00.116+0000][182670.482s][info][gc,phases   ] GC(5963)   Post Evacuate Collection Set: 2.5ms
[2025-01-08T23:10:00.116+0000][182670.482s][info][gc,phases   ] GC(5963)   Other: 0.3ms
[2025-01-08T23:10:00.116+0000][182670.482s][info][gc,heap     ] GC(5963) Eden regions: 913->0(911)
[2025-01-08T23:10:00.116+0000][182670.482s][info][gc,heap     ] GC(5963) Survivor regions: 8->10(116)
[2025-01-08T23:10:00.116+0000][182670.482s][info][gc,heap     ] GC(5963) Old regions: 231->231
[2025-01-08T23:10:00.116+0000][182670.482s][info][gc,heap     ] GC(5963) Archive regions: 2->2
[2025-01-08T23:10:00.116+0000][182670.482s][info][gc,heap     ] GC(5963) Humongous regions: 49->49
[2025-01-08T23:10:00.116+0000][182670.482s][info][gc,metaspace] GC(5963) Metaspace: 524085K(533824K)->524085K(533824K) NonClass: 460225K(465088K)->460225K(465088K) Class: 63860K(68736K)->63860K(68736K)
[2025-01-08T23:10:00.116+0000][182670.482s][info][gc          ] GC(5963) Pause Young (Concurrent Start) (G1 Evacuation Pause) 9607M->2315M(12288M) 32.722ms
[2025-01-08T23:10:00.116+0000][182670.482s][info][gc,cpu      ] GC(5963) User=0.18s Sys=0.01s Real=0.03s
[2025-01-08T23:10:00.116+0000][182670.482s][info][gc          ] GC(5964) Concurrent Mark Cycle
[2025-01-08T23:10:00.116+0000][182670.482s][info][gc,marking  ] GC(5964) Concurrent Clear Claimed Marks
[2025-01-08T23:10:00.117+0000][182670.483s][info][gc,marking  ] GC(5964) Concurrent Clear Claimed Marks 0.831ms
[2025-01-08T23:10:00.117+0000][182670.483s][info][gc,marking  ] GC(5964) Concurrent Scan Root Regions
[2025-01-08T23:10:00.141+0000][182670.508s][info][gc,marking  ] GC(5964) Concurrent Scan Root Regions 24.689ms
[2025-01-08T23:10:00.141+0000][182670.508s][info][gc,marking  ] GC(5964) Concurrent Mark
[2025-01-08T23:10:00.141+0000][182670.508s][info][gc,marking  ] GC(5964) Concurrent Mark From Roots
[2025-01-08T23:10:00.141+0000][182670.508s][info][gc,task     ] GC(5964) Using 2 workers of 2 for marking
[2025-01-08T23:10:01.488+0000][182671.855s][info][gc,marking  ] GC(5964) Concurrent Mark From Roots 1346.953ms
[2025-01-08T23:10:01.488+0000][182671.855s][info][gc,marking  ] GC(5964) Concurrent Preclean
[2025-01-08T23:10:01.492+0000][182671.858s][info][gc,marking  ] GC(5964) Concurrent Preclean 3.748ms
[2025-01-08T23:10:01.494+0000][182671.860s][info][gc,start    ] GC(5964) Pause Remark
[2025-01-08T23:10:01.520+0000][182671.886s][info][gc          ] GC(5964) Pause Remark 4323M->4323M(12288M) 26.015ms
[2025-01-08T23:10:01.520+0000][182671.887s][info][gc,cpu      ] GC(5964) User=0.15s Sys=0.00s Real=0.02s
[2025-01-08T23:10:01.521+0000][182671.887s][info][gc,marking  ] GC(5964) Concurrent Mark 1379.097ms
[2025-01-08T23:10:01.521+0000][182671.887s][info][gc,marking  ] GC(5964) Concurrent Rebuild Remembered Sets
[2025-01-08T23:10:02.206+0000][182672.572s][info][gc,marking  ] GC(5964) Concurrent Rebuild Remembered Sets 684.923ms
[2025-01-08T23:10:02.206+0000][182672.572s][info][gc,start    ] GC(5964) Pause Cleanup
[2025-01-08T23:10:02.206+0000][182672.572s][info][gc          ] GC(5964) Pause Cleanup 5299M->5299M(12288M) 0.399ms
[2025-01-08T23:10:02.206+0000][182672.572s][info][gc,cpu      ] GC(5964) User=0.00s Sys=0.00s Real=0.00s
[2025-01-08T23:10:02.206+0000][182672.572s][info][gc,marking  ] GC(5964) Concurrent Cleanup for Next Mark
[2025-01-08T23:10:02.234+0000][182672.600s][info][gc,marking  ] GC(5964) Concurrent Cleanup for Next Mark 28.216ms
[2025-01-08T23:10:02.234+0000][182672.601s][info][gc          ] GC(5964) Concurrent Mark Cycle 2118.582ms
[2025-01-08T23:10:05.264+0000][182675.630s][info][gc,start    ] GC(5965) Pause Young (Prepare Mixed) (G1 Evacuation Pause)
[2025-01-08T23:10:05.264+0000][182675.630s][info][gc,task     ] GC(5965) Using 6 workers of 6 for evacuation
[2025-01-08T23:10:05.301+0000][182675.667s][info][gc,phases   ] GC(5965)   Pre Evacuate Collection Set: 0.2ms
[2025-01-08T23:10:05.301+0000][182675.667s][info][gc,phases   ] GC(5965)   Merge Heap Roots: 0.7ms
[2025-01-08T23:10:05.301+0000][182675.667s][info][gc,phases   ] GC(5965)   Evacuate Collection Set: 31.7ms
[2025-01-08T23:10:05.301+0000][182675.667s][info][gc,phases   ] GC(5965)   Post Evacuate Collection Set: 4.2ms
[2025-01-08T23:10:05.301+0000][182675.667s][info][gc,phases   ] GC(5965)   Other: 0.2ms
[2025-01-08T23:10:05.301+0000][182675.667s][info][gc,heap     ] GC(5965) Eden regions: 911->0(64)
[2025-01-08T23:10:05.301+0000][182675.667s][info][gc,heap     ] GC(5965) Survivor regions: 10->12(116)
[2025-01-08T23:10:05.301+0000][182675.667s][info][gc,heap     ] GC(5965) Old regions: 231->231
[2025-01-08T23:10:05.301+0000][182675.667s][info][gc,heap     ] GC(5965) Archive regions: 2->2
[2025-01-08T23:10:05.301+0000][182675.667s][info][gc,heap     ] GC(5965) Humongous regions: 49->49
[2025-01-08T23:10:05.301+0000][182675.667s][info][gc,metaspace] GC(5965) Metaspace: 524085K(533824K)->524085K(533824K) NonClass: 460225K(465088K)->460225K(465088K) Class: 63860K(68736K)->63860K(68736K)
[2025-01-08T23:10:05.301+0000][182675.667s][info][gc          ] GC(5965) Pause Young (Prepare Mixed) (G1 Evacuation Pause) 9603M->2329M(12288M) 37.118ms
[2025-01-08T23:10:05.301+0000][182675.667s][info][gc,cpu      ] GC(5965) User=0.21s Sys=0.00s Real=0.03s
[2025-01-08T23:10:05.654+0000][182676.020s][info][gc,start    ] GC(5966) Pause Young (Mixed) (G1 Evacuation Pause)
[2025-01-08T23:10:05.654+0000][182676.020s][info][gc,task     ] GC(5966) Using 6 workers of 6 for evacuation
[2025-01-08T23:10:05.715+0000][182676.081s][info][gc,phases   ] GC(5966)   Pre Evacuate Collection Set: 0.2ms
[2025-01-08T23:10:05.715+0000][182676.081s][info][gc,phases   ] GC(5966)   Merge Heap Roots: 0.7ms
[2025-01-08T23:10:05.715+0000][182676.081s][info][gc,phases   ] GC(5966)   Evacuate Collection Set: 58.6ms
[2025-01-08T23:10:05.715+0000][182676.081s][info][gc,phases   ] GC(5966)   Post Evacuate Collection Set: 1.6ms
[2025-01-08T23:10:05.715+0000][182676.081s][info][gc,phases   ] GC(5966)   Other: 0.2ms
[2025-01-08T23:10:05.715+0000][182676.081s][info][gc,heap     ] GC(5966) Eden regions: 64->0(916)
[2025-01-08T23:10:05.715+0000][182676.081s][info][gc,heap     ] GC(5966) Survivor regions: 12->5(10)
[2025-01-08T23:10:05.715+0000][182676.081s][info][gc,heap     ] GC(5966) Old regions: 231->232
[2025-01-08T23:10:05.715+0000][182676.081s][info][gc,heap     ] GC(5966) Archive regions: 2->2
[2025-01-08T23:10:05.715+0000][182676.081s][info][gc,heap     ] GC(5966) Humongous regions: 49->49
[2025-01-08T23:10:05.715+0000][182676.081s][info][gc,metaspace] GC(5966) Metaspace: 524085K(533824K)->524085K(533824K) NonClass: 460225K(465088K)->460225K(465088K) Class: 63860K(68736K)->63860K(68736K)
[2025-01-08T23:10:05.715+0000][182676.081s][info][gc          ] GC(5966) Pause Young (Mixed) (G1 Evacuation Pause) 2841M->2294M(12288M) 61.287ms
[2025-01-08T23:10:05.715+0000][182676.081s][info][gc,cpu      ] GC(5966) User=0.36s Sys=0.00s Real=0.06s
[2025-01-08T23:10:14.376+0000][182684.742s][info][gc,start    ] GC(5967) Pause Young (Normal) (G1 Evacuation Pause)
[2025-01-08T23:10:14.376+0000][182684.742s][info][gc,task     ] GC(5967) Using 6 workers of 6 for evacuation
[2025-01-08T23:10:14.403+0000][182684.769s][info][gc,phases   ] GC(5967)   Pre Evacuate Collection Set: 0.2ms
[2025-01-08T23:10:14.403+0000][182684.769s][info][gc,phases   ] GC(5967)   Merge Heap Roots: 0.4ms
[2025-01-08T23:10:14.403+0000][182684.769s][info][gc,phases   ] GC(5967)   Evacuate Collection Set: 22.3ms
[2025-01-08T23:10:14.403+0000][182684.769s][info][gc,phases   ] GC(5967)   Post Evacuate Collection Set: 3.9ms
[2025-01-08T23:10:14.403+0000][182684.769s][info][gc,phases   ] GC(5967)   Other: 0.2ms
[2025-01-08T23:10:14.403+0000][182684.769s][info][gc,heap     ] GC(5967) Eden regions: 916->0(914)
[2025-01-08T23:10:14.403+0000][182684.769s][info][gc,heap     ] GC(5967) Survivor regions: 5->7(116)
[2025-01-08T23:10:14.403+0000][182684.769s][info][gc,heap     ] GC(5967) Old regions: 232->232
[2025-01-08T23:10:14.403+0000][182684.770s][info][gc,heap     ] GC(5967) Archive regions: 2->2
[2025-01-08T23:10:14.403+0000][182684.770s][info][gc,heap     ] GC(5967) Humongous regions: 49->49
[2025-01-08T23:10:14.403+0000][182684.770s][info][gc,metaspace] GC(5967) Metaspace: 524085K(533824K)->524085K(533824K) NonClass: 460225K(465088K)->460225K(465088K) Class: 63860K(68736K)->63860K(68736K)
[2025-01-08T23:10:14.403+0000][182684.770s][info][gc          ] GC(5967) Pause Young (Normal) (G1 Evacuation Pause) 9622M->2308M(12288M) 27.196ms
[2025-01-08T23:10:14.403+0000][182684.770s][info][gc,cpu      ] GC(5967) User=0.15s Sys=0.01s Real=0.03s
[2025-01-08T23:10:21.545+0000][182691.911s][info][gc,start    ] GC(5968) Pause Young (Normal) (G1 Evacuation Pause)
[2025-01-08T23:10:21.545+0000][182691.911s][info][gc,task     ] GC(5968) Using 6 workers of 6 for evacuation
[2025-01-08T23:10:21.576+0000][182691.942s][info][gc,phases   ] GC(5968)   Pre Evacuate Collection Set: 0.2ms
[2025-01-08T23:10:21.576+0000][182691.942s][info][gc,phases   ] GC(5968)   Merge Heap Roots: 0.4ms
[2025-01-08T23:10:21.576+0000][182691.942s][info][gc,phases   ] GC(5968)   Evacuate Collection Set: 26.3ms
[2025-01-08T23:10:21.576+0000][182691.942s][info][gc,phases   ] GC(5968)   Post Evacuate Collection Set: 4.0ms
[2025-01-08T23:10:21.576+0000][182691.942s][info][gc,phases   ] GC(5968)   Other: 0.2ms
[2025-01-08T23:10:21.576+0000][182691.942s][info][gc,heap     ] GC(5968) Eden regions: 914->0(912)
[2025-01-08T23:10:21.576+0000][182691.942s][info][gc,heap     ] GC(5968) Survivor regions: 7->9(116)
[2025-01-08T23:10:21.576+0000][182691.942s][info][gc,heap     ] GC(5968) Old regions: 232->232
[2025-01-08T23:10:21.576+0000][182691.942s][info][gc,heap     ] GC(5968) Archive regions: 2->2
[2025-01-08T23:10:21.576+0000][182691.942s][info][gc,heap     ] GC(5968) Humongous regions: 49->49
[2025-01-08T23:10:21.576+0000][182691.942s][info][gc,metaspace] GC(5968) Metaspace: 524085K(533824K)->524085K(533824K) NonClass: 460225K(465088K)->460225K(465088K) Class: 63860K(68736K)->63860K(68736K)
[2025-01-08T23:10:21.576+0000][182691.942s][info][gc          ] GC(5968) Pause Young (Normal) (G1 Evacuation Pause) 9620M->2321M(12288M) 31.222ms
[2025-01-08T23:10:21.576+0000][182691.942s][info][gc,cpu      ] GC(5968) User=0.19s Sys=0.00s Real=0.03s
[2025-01-08T23:10:27.902+0000][182698.268s][info][gc,start    ] GC(5969) Pause Young (Concurrent Start) (G1 Evacuation Pause)
[2025-01-08T23:10:27.902+0000][182698.268s][info][gc,task     ] GC(5969) Using 6 workers of 6 for evacuation
[2025-01-08T23:10:27.934+0000][182698.300s][info][gc,phases   ] GC(5969)   Pre Evacuate Collection Set: 1.1ms
[2025-01-08T23:10:27.934+0000][182698.301s][info][gc,phases   ] GC(5969)   Merge Heap Roots: 0.4ms
[2025-01-08T23:10:27.934+0000][182698.301s][info][gc,phases   ] GC(5969)   Evacuate Collection Set: 28.2ms
[2025-01-08T23:10:27.934+0000][182698.301s][info][gc,phases   ] GC(5969)   Post Evacuate Collection Set: 2.5ms
[2025-01-08T23:10:27.934+0000][182698.301s][info][gc,phases   ] GC(5969)   Other: 0.3ms
[2025-01-08T23:10:27.934+0000][182698.301s][info][gc,heap     ] GC(5969) Eden regions: 912->0(912)
[2025-01-08T23:10:27.934+0000][182698.301s][info][gc,heap     ] GC(5969) Survivor regions: 9->9(116)
[2025-01-08T23:10:27.934+0000][182698.301s][info][gc,heap     ] GC(5969) Old regions: 232->232
[2025-01-08T23:10:27.934+0000][182698.301s][info][gc,heap     ] GC(5969) Archive regions: 2->2
[2025-01-08T23:10:27.934+0000][182698.301s][info][gc,heap     ] GC(5969) Humongous regions: 49->49
[2025-01-08T23:10:27.934+0000][182698.301s][info][gc,metaspace] GC(5969) Metaspace: 524085K(533824K)->524085K(533824K) NonClass: 460225K(465088K)->460225K(465088K) Class: 63860K(68736K)->63860K(68736K)
[2025-01-08T23:10:27.934+0000][182698.301s][info][gc          ] GC(5969) Pause Young (Concurrent Start) (G1 Evacuation Pause) 9617M->2326M(12288M) 32.606ms
[2025-01-08T23:10:27.935+0000][182698.301s][info][gc,cpu      ] GC(5969) User=0.18s Sys=0.00s Real=0.03s
[2025-01-08T23:10:27.935+0000][182698.301s][info][gc          ] GC(5970) Concurrent Mark Cycle
[2025-01-08T23:10:27.935+0000][182698.301s][info][gc,marking  ] GC(5970) Concurrent Clear Claimed Marks
[2025-01-08T23:10:27.935+0000][182698.302s][info][gc,marking  ] GC(5970) Concurrent Clear Claimed Marks 0.895ms
[2025-01-08T23:10:27.936+0000][182698.302s][info][gc,marking  ] GC(5970) Concurrent Scan Root Regions
[2025-01-08T23:10:27.963+0000][182698.329s][info][gc,marking  ] GC(5970) Concurrent Scan Root Regions 27.393ms
[2025-01-08T23:10:27.963+0000][182698.329s][info][gc,marking  ] GC(5970) Concurrent Mark
[2025-01-08T23:10:27.963+0000][182698.329s][info][gc,marking  ] GC(5970) Concurrent Mark From Roots
[2025-01-08T23:10:27.963+0000][182698.329s][info][gc,task     ] GC(5970) Using 2 workers of 2 for marking
[2025-01-08T23:10:28.965+0000][182699.332s][info][gc,marking  ] GC(5970) Concurrent Mark From Roots 1002.457ms
[2025-01-08T23:10:28.965+0000][182699.332s][info][gc,marking  ] GC(5970) Concurrent Preclean
[2025-01-08T23:10:28.969+0000][182699.335s][info][gc,marking  ] GC(5970) Concurrent Preclean 3.553ms
[2025-01-08T23:10:28.969+0000][182699.335s][info][gc,start    ] GC(5970) Pause Remark
[2025-01-08T23:10:28.995+0000][182699.361s][info][gc          ] GC(5970) Pause Remark 3654M->3654M(12288M) 25.713ms
[2025-01-08T23:10:28.995+0000][182699.361s][info][gc,cpu      ] GC(5970) User=0.14s Sys=0.00s Real=0.03s
[2025-01-08T23:10:28.995+0000][182699.361s][info][gc,marking  ] GC(5970) Concurrent Mark 1032.107ms
[2025-01-08T23:10:28.995+0000][182699.361s][info][gc,marking  ] GC(5970) Concurrent Rebuild Remembered Sets
[2025-01-08T23:10:29.620+0000][182699.986s][info][gc,marking  ] GC(5970) Concurrent Rebuild Remembered Sets 624.806ms
[2025-01-08T23:10:29.620+0000][182699.986s][info][gc,start    ] GC(5970) Pause Cleanup
[2025-01-08T23:10:29.620+0000][182699.987s][info][gc          ] GC(5970) Pause Cleanup 4314M->4314M(12288M) 0.401ms
[2025-01-08T23:10:29.620+0000][182699.987s][info][gc,cpu      ] GC(5970) User=0.00s Sys=0.00s Real=0.00s
[2025-01-08T23:10:29.621+0000][182699.987s][info][gc,marking  ] GC(5970) Concurrent Cleanup for Next Mark
[2025-01-08T23:10:29.636+0000][182700.002s][info][gc,marking  ] GC(5970) Concurrent Cleanup for Next Mark 15.379ms
[2025-01-08T23:10:29.636+0000][182700.002s][info][gc          ] GC(5970) Concurrent Mark Cycle 1701.395ms
[2025-01-08T23:10:34.698+0000][182705.064s][info][gc,start    ] GC(5971) Pause Young (Prepare Mixed) (G1 Evacuation Pause)
[2025-01-08T23:10:34.698+0000][182705.064s][info][gc,task     ] GC(5971) Using 6 workers of 6 for evacuation
[2025-01-08T23:10:34.734+0000][182705.100s][info][gc,phases   ] GC(5971)   Pre Evacuate Collection Set: 0.2ms
[2025-01-08T23:10:34.734+0000][182705.100s][info][gc,phases   ] GC(5971)   Merge Heap Roots: 0.7ms
[2025-01-08T23:10:34.734+0000][182705.100s][info][gc,phases   ] GC(5971)   Evacuate Collection Set: 32.0ms
[2025-01-08T23:10:34.734+0000][182705.100s][info][gc,phases   ] GC(5971)   Post Evacuate Collection Set: 2.6ms
[2025-01-08T23:10:34.734+0000][182705.100s][info][gc,phases   ] GC(5971)   Other: 0.2ms
[2025-01-08T23:10:34.734+0000][182705.100s][info][gc,heap     ] GC(5971) Eden regions: 912->0(66)
[2025-01-08T23:10:34.734+0000][182705.100s][info][gc,heap     ] GC(5971) Survivor regions: 9->10(116)
[2025-01-08T23:10:34.734+0000][182705.100s][info][gc,heap     ] GC(5971) Old regions: 232->232
[2025-01-08T23:10:34.734+0000][182705.100s][info][gc,heap     ] GC(5971) Archive regions: 2->2
[2025-01-08T23:10:34.734+0000][182705.100s][info][gc,heap     ] GC(5971) Humongous regions: 49->49
[2025-01-08T23:10:34.734+0000][182705.100s][info][gc,metaspace] GC(5971) Metaspace: 524085K(533824K)->524085K(533824K) NonClass: 460225K(465088K)->460225K(465088K) Class: 63860K(68736K)->63860K(68736K)
[2025-01-08T23:10:34.734+0000][182705.100s][info][gc          ] GC(5971) Pause Young (Prepare Mixed) (G1 Evacuation Pause) 9622M->2334M(12288M) 35.823ms
[2025-01-08T23:10:34.734+0000][182705.100s][info][gc,cpu      ] GC(5971) User=0.21s Sys=0.00s Real=0.04s
[2025-01-08T23:10:35.027+0000][182705.393s][info][gc,start    ] GC(5972) Pause Young (Mixed) (G1 Evacuation Pause)
[2025-01-08T23:10:35.027+0000][182705.393s][info][gc,task     ] GC(5972) Using 6 workers of 6 for evacuation
[2025-01-08T23:10:35.098+0000][182705.464s][info][gc,phases   ] GC(5972)   Pre Evacuate Collection Set: 0.2ms
[2025-01-08T23:10:35.098+0000][182705.464s][info][gc,phases   ] GC(5972)   Merge Heap Roots: 0.7ms
[2025-01-08T23:10:35.098+0000][182705.464s][info][gc,phases   ] GC(5972)   Evacuate Collection Set: 68.0ms
[2025-01-08T23:10:35.098+0000][182705.464s][info][gc,phases   ] GC(5972)   Post Evacuate Collection Set: 2.0ms
[2025-01-08T23:10:35.098+0000][182705.464s][info][gc,phases   ] GC(5972)   Other: 0.2ms
[2025-01-08T23:10:35.098+0000][182705.464s][info][gc,heap     ] GC(5972) Eden regions: 66->0(915)
[2025-01-08T23:10:35.098+0000][182705.464s][info][gc,heap     ] GC(5972) Survivor regions: 10->6(10)
[2025-01-08T23:10:35.098+0000][182705.464s][info][gc,heap     ] GC(5972) Old regions: 232->234
[2025-01-08T23:10:35.098+0000][182705.464s][info][gc,heap     ] GC(5972) Archive regions: 2->2
[2025-01-08T23:10:35.098+0000][182705.464s][info][gc,heap     ] GC(5972) Humongous regions: 49->49
[2025-01-08T23:10:35.098+0000][182705.464s][info][gc,metaspace] GC(5972) Metaspace: 524085K(533824K)->524085K(533824K) NonClass: 460225K(465088K)->460225K(465088K) Class: 63860K(68736K)->63860K(68736K)
[2025-01-08T23:10:35.098+0000][182705.464s][info][gc          ] GC(5972) Pause Young (Mixed) (G1 Evacuation Pause) 2862M->2311M(12288M) 71.236ms
[2025-01-08T23:10:35.098+0000][182705.465s][info][gc,cpu      ] GC(5972) User=0.41s Sys=0.00s Real=0.07s
[2025-01-08T23:10:42.464+0000][182712.830s][info][gc,start    ] GC(5973) Pause Young (Normal) (G1 Evacuation Pause)
[2025-01-08T23:10:42.464+0000][182712.830s][info][gc,task     ] GC(5973) Using 6 workers of 6 for evacuation
[2025-01-08T23:10:42.490+0000][182712.857s][info][gc,phases   ] GC(5973)   Pre Evacuate Collection Set: 0.2ms
[2025-01-08T23:10:42.491+0000][182712.857s][info][gc,phases   ] GC(5973)   Merge Heap Roots: 0.4ms
[2025-01-08T23:10:42.491+0000][182712.857s][info][gc,phases   ] GC(5973)   Evacuate Collection Set: 22.8ms
[2025-01-08T23:10:42.491+0000][182712.857s][info][gc,phases   ] GC(5973)   Post Evacuate Collection Set: 2.8ms
[2025-01-08T23:10:42.491+0000][182712.857s][info][gc,phases   ] GC(5973)   Other: 0.2ms
[2025-01-08T23:10:42.491+0000][182712.857s][info][gc,heap     ] GC(5973) Eden regions: 915->0(915)
[2025-01-08T23:10:42.491+0000][182712.857s][info][gc,heap     ] GC(5973) Survivor regions: 6->6(116)
[2025-01-08T23:10:42.491+0000][182712.857s][info][gc,heap     ] GC(5973) Old regions: 234->234
[2025-01-08T23:10:42.491+0000][182712.857s][info][gc,heap     ] GC(5973) Archive regions: 2->2
[2025-01-08T23:10:42.491+0000][182712.857s][info][gc,heap     ] GC(5973) Humongous regions: 49->49
[2025-01-08T23:10:42.491+0000][182712.857s][info][gc,metaspace] GC(5973) Metaspace: 524085K(533824K)->524085K(533824K) NonClass: 460225K(465088K)->460225K(465088K) Class: 63860K(68736K)->63860K(68736K)
[2025-01-08T23:10:42.491+0000][182712.857s][info][gc          ] GC(5973) Pause Young (Normal) (G1 Evacuation Pause) 9631M->2313M(12288M) 26.581ms
[2025-01-08T23:10:42.491+0000][182712.857s][info][gc,cpu      ] GC(5973) User=0.15s Sys=0.00s Real=0.03s
[2025-01-08T23:10:53.880+0000][182724.247s][info][gc,start    ] GC(5974) Pause Young (Normal) (GCLocker Initiated GC)
[2025-01-08T23:10:53.880+0000][182724.247s][info][gc,task     ] GC(5974) Using 6 workers of 6 for evacuation
[2025-01-08T23:10:53.913+0000][182724.279s][info][gc,phases   ] GC(5974)   Pre Evacuate Collection Set: 0.2ms
[2025-01-08T23:10:53.913+0000][182724.279s][info][gc,phases   ] GC(5974)   Merge Heap Roots: 0.4ms
[2025-01-08T23:10:53.913+0000][182724.279s][info][gc,phases   ] GC(5974)   Evacuate Collection Set: 29.1ms
[2025-01-08T23:10:53.913+0000][182724.279s][info][gc,phases   ] GC(5974)   Post Evacuate Collection Set: 2.7ms
[2025-01-08T23:10:53.913+0000][182724.279s][info][gc,phases   ] GC(5974)   Other: 0.2ms
[2025-01-08T23:10:53.913+0000][182724.279s][info][gc,heap     ] GC(5974) Eden regions: 915->0(913)
[2025-01-08T23:10:53.913+0000][182724.279s][info][gc,heap     ] GC(5974) Survivor regions: 6->8(116)
[2025-01-08T23:10:53.913+0000][182724.279s][info][gc,heap     ] GC(5974) Old regions: 234->234
[2025-01-08T23:10:53.913+0000][182724.279s][info][gc,heap     ] GC(5974) Archive regions: 2->2
[2025-01-08T23:10:53.913+0000][182724.279s][info][gc,heap     ] GC(5974) Humongous regions: 49->49
[2025-01-08T23:10:53.913+0000][182724.279s][info][gc,metaspace] GC(5974) Metaspace: 524085K(533824K)->524085K(533824K) NonClass: 460225K(465088K)->460225K(465088K) Class: 63860K(68736K)->63860K(68736K)
[2025-01-08T23:10:53.913+0000][182724.279s][info][gc          ] GC(5974) Pause Young (Normal) (GCLocker Initiated GC) 9633M->2330M(12288M) 32.786ms
[2025-01-08T23:10:53.913+0000][182724.279s][info][gc,cpu      ] GC(5974) User=0.20s Sys=0.00s Real=0.04s
[2025-01-08T23:11:01.262+0000][182731.628s][info][gc,start    ] GC(5975) Pause Young (Concurrent Start) (G1 Evacuation Pause)
[2025-01-08T23:11:01.262+0000][182731.628s][info][gc,task     ] GC(5975) Using 6 workers of 6 for evacuation
[2025-01-08T23:11:01.298+0000][182731.664s][info][gc,phases   ] GC(5975)   Pre Evacuate Collection Set: 1.1ms
[2025-01-08T23:11:01.298+0000][182731.664s][info][gc,phases   ] GC(5975)   Merge Heap Roots: 0.5ms
[2025-01-08T23:11:01.298+0000][182731.664s][info][gc,phases   ] GC(5975)   Evacuate Collection Set: 30.1ms
[2025-01-08T23:11:01.298+0000][182731.664s][info][gc,phases   ] GC(5975)   Post Evacuate Collection Set: 3.9ms
[2025-01-08T23:11:01.298+0000][182731.664s][info][gc,phases   ] GC(5975)   Other: 0.3ms
[2025-01-08T23:11:01.298+0000][182731.664s][info][gc,heap     ] GC(5975) Eden regions: 913->0(911)
[2025-01-08T23:11:01.298+0000][182731.664s][info][gc,heap     ] GC(5975) Survivor regions: 8->10(116)
[2025-01-08T23:11:01.298+0000][182731.664s][info][gc,heap     ] GC(5975) Old regions: 234->234
[2025-01-08T23:11:01.298+0000][182731.664s][info][gc,heap     ] GC(5975) Archive regions: 2->2
[2025-01-08T23:11:01.298+0000][182731.664s][info][gc,heap     ] GC(5975) Humongous regions: 49->49
[2025-01-08T23:11:01.298+0000][182731.664s][info][gc,metaspace] GC(5975) Metaspace: 524085K(533824K)->524085K(533824K) NonClass: 460225K(465088K)->460225K(465088K) Class: 63860K(68736K)->63860K(68736K)
[2025-01-08T23:11:01.298+0000][182731.664s][info][gc          ] GC(5975) Pause Young (Concurrent Start) (G1 Evacuation Pause) 9634M->2343M(12288M) 36.040ms
[2025-01-08T23:11:01.298+0000][182731.665s][info][gc,cpu      ] GC(5975) User=0.20s Sys=0.00s Real=0.03s
[2025-01-08T23:11:01.298+0000][182731.665s][info][gc          ] GC(5976) Concurrent Mark Cycle
[2025-01-08T23:11:01.299+0000][182731.665s][info][gc,marking  ] GC(5976) Concurrent Clear Claimed Marks
[2025-01-08T23:11:01.299+0000][182731.666s][info][gc,marking  ] GC(5976) Concurrent Clear Claimed Marks 0.971ms
[2025-01-08T23:11:01.299+0000][182731.666s][info][gc,marking  ] GC(5976) Concurrent Scan Root Regions
[2025-01-08T23:11:01.322+0000][182731.688s][info][gc,marking  ] GC(5976) Concurrent Scan Root Regions 22.313ms
[2025-01-08T23:11:01.322+0000][182731.688s][info][gc,marking  ] GC(5976) Concurrent Mark
[2025-01-08T23:11:01.322+0000][182731.688s][info][gc,marking  ] GC(5976) Concurrent Mark From Roots
[2025-01-08T23:11:01.322+0000][182731.688s][info][gc,task     ] GC(5976) Using 2 workers of 2 for marking
[2025-01-08T23:11:02.288+0000][182732.654s][info][gc,marking  ] GC(5976) Concurrent Mark From Roots 965.692ms
[2025-01-08T23:11:02.288+0000][182732.654s][info][gc,marking  ] GC(5976) Concurrent Preclean
[2025-01-08T23:11:02.290+0000][182732.656s][info][gc,marking  ] GC(5976) Concurrent Preclean 2.630ms
[2025-01-08T23:11:02.290+0000][182732.656s][info][gc,start    ] GC(5976) Pause Remark
[2025-01-08T23:11:02.316+0000][182732.682s][info][gc          ] GC(5976) Pause Remark 3455M->3455M(12288M) 25.663ms
[2025-01-08T23:11:02.316+0000][182732.682s][info][gc,cpu      ] GC(5976) User=0.15s Sys=0.00s Real=0.02s
[2025-01-08T23:11:02.316+0000][182732.682s][info][gc,marking  ] GC(5976) Concurrent Mark 994.322ms
[2025-01-08T23:11:02.316+0000][182732.682s][info][gc,marking  ] GC(5976) Concurrent Rebuild Remembered Sets
[2025-01-08T23:11:02.827+0000][182733.193s][info][gc,marking  ] GC(5976) Concurrent Rebuild Remembered Sets 510.583ms
[2025-01-08T23:11:02.827+0000][182733.193s][info][gc,start    ] GC(5976) Pause Cleanup
[2025-01-08T23:11:02.827+0000][182733.193s][info][gc          ] GC(5976) Pause Cleanup 3539M->3539M(12288M) 0.434ms
[2025-01-08T23:11:02.827+0000][182733.194s][info][gc,cpu      ] GC(5976) User=0.00s Sys=0.00s Real=0.00s
[2025-01-08T23:11:02.827+0000][182733.194s][info][gc,marking  ] GC(5976) Concurrent Cleanup for Next Mark
[2025-01-08T23:11:02.843+0000][182733.209s][info][gc,marking  ] GC(5976) Concurrent Cleanup for Next Mark 15.569ms
[2025-01-08T23:11:02.843+0000][182733.209s][info][gc          ] GC(5976) Concurrent Mark Cycle 1544.609ms
[2025-01-08T23:11:10.055+0000][182740.421s][info][gc,start    ] GC(5977) Pause Young (Prepare Mixed) (G1 Evacuation Pause)
[2025-01-08T23:11:10.055+0000][182740.421s][info][gc,task     ] GC(5977) Using 6 workers of 6 for evacuation
[2025-01-08T23:11:10.095+0000][182740.461s][info][gc,phases   ] GC(5977)   Pre Evacuate Collection Set: 0.2ms
[2025-01-08T23:11:10.095+0000][182740.461s][info][gc,phases   ] GC(5977)   Merge Heap Roots: 0.7ms
[2025-01-08T23:11:10.095+0000][182740.461s][info][gc,phases   ] GC(5977)   Evacuate Collection Set: 34.9ms
[2025-01-08T23:11:10.095+0000][182740.461s][info][gc,phases   ] GC(5977)   Post Evacuate Collection Set: 4.2ms
[2025-01-08T23:11:10.095+0000][182740.461s][info][gc,phases   ] GC(5977)   Other: 0.2ms
[2025-01-08T23:11:10.095+0000][182740.461s][info][gc,heap     ] GC(5977) Eden regions: 911->0(65)
[2025-01-08T23:11:10.095+0000][182740.461s][info][gc,heap     ] GC(5977) Survivor regions: 10->11(116)
[2025-01-08T23:11:10.095+0000][182740.461s][info][gc,heap     ] GC(5977) Old regions: 234->234
[2025-01-08T23:11:10.095+0000][182740.461s][info][gc,heap     ] GC(5977) Archive regions: 2->2
[2025-01-08T23:11:10.095+0000][182740.461s][info][gc,heap     ] GC(5977) Humongous regions: 49->49
[2025-01-08T23:11:10.095+0000][182740.461s][info][gc,metaspace] GC(5977) Metaspace: 524085K(533824K)->524085K(533824K) NonClass: 460225K(465088K)->460225K(465088K) Class: 63860K(68736K)->63860K(68736K)
[2025-01-08T23:11:10.095+0000][182740.461s][info][gc          ] GC(5977) Pause Young (Prepare Mixed) (G1 Evacuation Pause) 9631M->2353M(12288M) 40.305ms
[2025-01-08T23:11:10.095+0000][182740.461s][info][gc,cpu      ] GC(5977) User=0.23s Sys=0.00s Real=0.04s
[2025-01-08T23:11:10.709+0000][182741.075s][info][gc,start    ] GC(5978) Pause Young (Mixed) (G1 Evacuation Pause)
[2025-01-08T23:11:10.709+0000][182741.075s][info][gc,task     ] GC(5978) Using 6 workers of 6 for evacuation
[2025-01-08T23:11:10.769+0000][182741.135s][info][gc,phases   ] GC(5978)   Pre Evacuate Collection Set: 0.2ms
[2025-01-08T23:11:10.769+0000][182741.135s][info][gc,phases   ] GC(5978)   Merge Heap Roots: 0.6ms
[2025-01-08T23:11:10.769+0000][182741.135s][info][gc,phases   ] GC(5978)   Evacuate Collection Set: 57.6ms
[2025-01-08T23:11:10.769+0000][182741.135s][info][gc,phases   ] GC(5978)   Post Evacuate Collection Set: 1.6ms
[2025-01-08T23:11:10.769+0000][182741.135s][info][gc,phases   ] GC(5978)   Other: 0.2ms
[2025-01-08T23:11:10.769+0000][182741.135s][info][gc,heap     ] GC(5978) Eden regions: 65->0(915)
[2025-01-08T23:11:10.769+0000][182741.135s][info][gc,heap     ] GC(5978) Survivor regions: 11->6(10)
[2025-01-08T23:11:10.769+0000][182741.135s][info][gc,heap     ] GC(5978) Old regions: 234->235
[2025-01-08T23:11:10.769+0000][182741.135s][info][gc,heap     ] GC(5978) Archive regions: 2->2
[2025-01-08T23:11:10.769+0000][182741.135s][info][gc,heap     ] GC(5978) Humongous regions: 49->49
[2025-01-08T23:11:10.769+0000][182741.135s][info][gc,metaspace] GC(5978) Metaspace: 524085K(533824K)->524085K(533824K) NonClass: 460225K(465088K)->460225K(465088K) Class: 63860K(68736K)->63860K(68736K)
[2025-01-08T23:11:10.769+0000][182741.135s][info][gc          ] GC(5978) Pause Young (Mixed) (G1 Evacuation Pause) 2873M->2317M(12288M) 60.318ms
[2025-01-08T23:11:10.769+0000][182741.136s][info][gc,cpu      ] GC(5978) User=0.36s Sys=0.00s Real=0.06s
[2025-01-08T23:11:19.872+0000][182750.238s][info][gc,start    ] GC(5979) Pause Young (Normal) (G1 Evacuation Pause)
[2025-01-08T23:11:19.872+0000][182750.238s][info][gc,task     ] GC(5979) Using 6 workers of 6 for evacuation
[2025-01-08T23:11:19.906+0000][182750.272s][info][gc,phases   ] GC(5979)   Pre Evacuate Collection Set: 0.2ms
[2025-01-08T23:11:19.906+0000][182750.272s][info][gc,phases   ] GC(5979)   Merge Heap Roots: 0.4ms
[2025-01-08T23:11:19.906+0000][182750.272s][info][gc,phases   ] GC(5979)   Evacuate Collection Set: 28.3ms
[2025-01-08T23:11:19.906+0000][182750.272s][info][gc,phases   ] GC(5979)   Post Evacuate Collection Set: 4.2ms
[2025-01-08T23:11:19.906+0000][182750.272s][info][gc,phases   ] GC(5979)   Other: 0.2ms
[2025-01-08T23:11:19.906+0000][182750.272s][info][gc,heap     ] GC(5979) Eden regions: 915->0(913)
[2025-01-08T23:11:19.906+0000][182750.272s][info][gc,heap     ] GC(5979) Survivor regions: 6->8(116)
[2025-01-08T23:11:19.906+0000][182750.272s][info][gc,heap     ] GC(5979) Old regions: 235->235
[2025-01-08T23:11:19.906+0000][182750.272s][info][gc,heap     ] GC(5979) Archive regions: 2->2
[2025-01-08T23:11:19.906+0000][182750.272s][info][gc,heap     ] GC(5979) Humongous regions: 49->49
[2025-01-08T23:11:19.906+0000][182750.272s][info][gc,metaspace] GC(5979) Metaspace: 524085K(533824K)->524085K(533824K) NonClass: 460225K(465088K)->460225K(465088K) Class: 63860K(68736K)->63860K(68736K)
[2025-01-08T23:11:19.906+0000][182750.272s][info][gc          ] GC(5979) Pause Young (Normal) (G1 Evacuation Pause) 9637M->2331M(12288M) 33.512ms
[2025-01-08T23:11:19.906+0000][182750.272s][info][gc,cpu      ] GC(5979) User=0.19s Sys=0.00s Real=0.03s
[2025-01-08T23:11:28.356+0000][182758.722s][info][gc,start    ] GC(5980) Pause Young (Normal) (G1 Evacuation Pause)
[2025-01-08T23:11:28.356+0000][182758.722s][info][gc,task     ] GC(5980) Using 6 workers of 6 for evacuation
[2025-01-08T23:11:28.385+0000][182758.752s][info][gc,phases   ] GC(5980)   Pre Evacuate Collection Set: 0.2ms
[2025-01-08T23:11:28.385+0000][182758.752s][info][gc,phases   ] GC(5980)   Merge Heap Roots: 0.4ms
[2025-01-08T23:11:28.385+0000][182758.752s][info][gc,phases   ] GC(5980)   Evacuate Collection Set: 25.6ms
[2025-01-08T23:11:28.386+0000][182758.752s][info][gc,phases   ] GC(5980)   Post Evacuate Collection Set: 2.8ms
[2025-01-08T23:11:28.386+0000][182758.752s][info][gc,phases   ] GC(5980)   Other: 0.3ms
[2025-01-08T23:11:28.386+0000][182758.752s][info][gc,heap     ] GC(5980) Eden regions: 913->0(913)
[2025-01-08T23:11:28.386+0000][182758.752s][info][gc,heap     ] GC(5980) Survivor regions: 8->8(116)
[2025-01-08T23:11:28.386+0000][182758.752s][info][gc,heap     ] GC(5980) Old regions: 235->235
[2025-01-08T23:11:28.386+0000][182758.752s][info][gc,heap     ] GC(5980) Archive regions: 2->2
[2025-01-08T23:11:28.386+0000][182758.752s][info][gc,heap     ] GC(5980) Humongous regions: 49->49
[2025-01-08T23:11:28.386+0000][182758.752s][info][gc,metaspace] GC(5980) Metaspace: 524085K(533824K)->524085K(533824K) NonClass: 460225K(465088K)->460225K(465088K) Class: 63860K(68736K)->63860K(68736K)
[2025-01-08T23:11:28.386+0000][182758.752s][info][gc          ] GC(5980) Pause Young (Normal) (G1 Evacuation Pause) 9635M->2328M(12288M) 29.426ms
[2025-01-08T23:11:28.386+0000][182758.752s][info][gc,cpu      ] GC(5980) User=0.17s Sys=0.00s Real=0.03s
[2025-01-08T23:11:35.391+0000][182765.757s][info][gc,start    ] GC(5981) Pause Young (Concurrent Start) (G1 Evacuation Pause)
[2025-01-08T23:11:35.391+0000][182765.757s][info][gc,task     ] GC(5981) Using 6 workers of 6 for evacuation
[2025-01-08T23:11:35.424+0000][182765.790s][info][gc,phases   ] GC(5981)   Pre Evacuate Collection Set: 1.1ms
[2025-01-08T23:11:35.424+0000][182765.790s][info][gc,phases   ] GC(5981)   Merge Heap Roots: 0.5ms
[2025-01-08T23:11:35.424+0000][182765.790s][info][gc,phases   ] GC(5981)   Evacuate Collection Set: 28.4ms
[2025-01-08T23:11:35.424+0000][182765.790s][info][gc,phases   ] GC(5981)   Post Evacuate Collection Set: 2.5ms
[2025-01-08T23:11:35.424+0000][182765.790s][info][gc,phases   ] GC(5981)   Other: 0.3ms
[2025-01-08T23:11:35.424+0000][182765.790s][info][gc,heap     ] GC(5981) Eden regions: 913->0(913)
[2025-01-08T23:11:35.424+0000][182765.790s][info][gc,heap     ] GC(5981) Survivor regions: 8->8(116)
[2025-01-08T23:11:35.424+0000][182765.790s][info][gc,heap     ] GC(5981) Old regions: 235->235
[2025-01-08T23:11:35.424+0000][182765.790s][info][gc,heap     ] GC(5981) Archive regions: 2->2
[2025-01-08T23:11:35.424+0000][182765.790s][info][gc,heap     ] GC(5981) Humongous regions: 49->49
[2025-01-08T23:11:35.424+0000][182765.790s][info][gc,metaspace] GC(5981) Metaspace: 524085K(533824K)->524085K(533824K) NonClass: 460225K(465088K)->460225K(465088K) Class: 63860K(68736K)->63860K(68736K)
[2025-01-08T23:11:35.424+0000][182765.790s][info][gc          ] GC(5981) Pause Young (Concurrent Start) (G1 Evacuation Pause) 9632M->2336M(12288M) 32.923ms
[2025-01-08T23:11:35.424+0000][182765.790s][info][gc,cpu      ] GC(5981) User=0.18s Sys=0.00s Real=0.03s
[2025-01-08T23:11:35.424+0000][182765.790s][info][gc          ] GC(5982) Concurrent Mark Cycle
[2025-01-08T23:11:35.424+0000][182765.790s][info][gc,marking  ] GC(5982) Concurrent Clear Claimed Marks
[2025-01-08T23:11:35.425+0000][182765.791s][info][gc,marking  ] GC(5982) Concurrent Clear Claimed Marks 0.996ms
[2025-01-08T23:11:35.425+0000][182765.791s][info][gc,marking  ] GC(5982) Concurrent Scan Root Regions
[2025-01-08T23:11:35.447+0000][182765.813s][info][gc,marking  ] GC(5982) Concurrent Scan Root Regions 22.299ms
[2025-01-08T23:11:35.447+0000][182765.813s][info][gc,marking  ] GC(5982) Concurrent Mark
[2025-01-08T23:11:35.447+0000][182765.813s][info][gc,marking  ] GC(5982) Concurrent Mark From Roots
[2025-01-08T23:11:35.447+0000][182765.813s][info][gc,task     ] GC(5982) Using 2 workers of 2 for marking
[2025-01-08T23:11:36.218+0000][182766.584s][info][gc,marking  ] GC(5982) Concurrent Mark From Roots 770.951ms
[2025-01-08T23:11:36.218+0000][182766.584s][info][gc,marking  ] GC(5982) Concurrent Preclean
[2025-01-08T23:11:36.221+0000][182766.587s][info][gc,marking  ] GC(5982) Concurrent Preclean 2.660ms
[2025-01-08T23:11:36.221+0000][182766.587s][info][gc,start    ] GC(5982) Pause Remark
[2025-01-08T23:11:36.247+0000][182766.613s][info][gc          ] GC(5982) Pause Remark 2465M->2465M(12288M) 25.532ms
[2025-01-08T23:11:36.247+0000][182766.613s][info][gc,cpu      ] GC(5982) User=0.14s Sys=0.00s Real=0.03s
[2025-01-08T23:11:36.247+0000][182766.613s][info][gc,marking  ] GC(5982) Concurrent Mark 799.471ms
[2025-01-08T23:11:36.247+0000][182766.613s][info][gc,marking  ] GC(5982) Concurrent Rebuild Remembered Sets
[2025-01-08T23:11:36.799+0000][182767.165s][info][gc,marking  ] GC(5982) Concurrent Rebuild Remembered Sets 551.790ms
[2025-01-08T23:11:36.799+0000][182767.165s][info][gc,start    ] GC(5982) Pause Cleanup
[2025-01-08T23:11:36.799+0000][182767.165s][info][gc          ] GC(5982) Pause Cleanup 2800M->2800M(12288M) 0.436ms
[2025-01-08T23:11:36.799+0000][182767.165s][info][gc,cpu      ] GC(5982) User=0.00s Sys=0.00s Real=0.00s
[2025-01-08T23:11:36.799+0000][182767.165s][info][gc,marking  ] GC(5982) Concurrent Cleanup for Next Mark
[2025-01-08T23:11:36.815+0000][182767.182s][info][gc,marking  ] GC(5982) Concurrent Cleanup for Next Mark 16.114ms
[2025-01-08T23:11:36.815+0000][182767.182s][info][gc          ] GC(5982) Concurrent Mark Cycle 1391.537ms
[2025-01-08T23:11:46.662+0000][182777.028s][info][gc,start    ] GC(5983) Pause Young (Prepare Mixed) (G1 Evacuation Pause)
[2025-01-08T23:11:46.662+0000][182777.028s][info][gc,task     ] GC(5983) Using 6 workers of 6 for evacuation
[2025-01-08T23:11:46.701+0000][182777.068s][info][gc,phases   ] GC(5983)   Pre Evacuate Collection Set: 0.2ms
[2025-01-08T23:11:46.701+0000][182777.068s][info][gc,phases   ] GC(5983)   Merge Heap Roots: 0.7ms
[2025-01-08T23:11:46.701+0000][182777.068s][info][gc,phases   ] GC(5983)   Evacuate Collection Set: 35.6ms
[2025-01-08T23:11:46.701+0000][182777.068s][info][gc,phases   ] GC(5983)   Post Evacuate Collection Set: 2.8ms
[2025-01-08T23:11:46.702+0000][182777.068s][info][gc,phases   ] GC(5983)   Other: 0.2ms
[2025-01-08T23:11:46.702+0000][182777.068s][info][gc,heap     ] GC(5983) Eden regions: 913->0(66)
[2025-01-08T23:11:46.702+0000][182777.068s][info][gc,heap     ] GC(5983) Survivor regions: 8->10(116)
[2025-01-08T23:11:46.702+0000][182777.068s][info][gc,heap     ] GC(5983) Old regions: 235->235
[2025-01-08T23:11:46.702+0000][182777.068s][info][gc,heap     ] GC(5983) Archive regions: 2->2
[2025-01-08T23:11:46.702+0000][182777.068s][info][gc,heap     ] GC(5983) Humongous regions: 49->49
[2025-01-08T23:11:46.702+0000][182777.068s][info][gc,metaspace] GC(5983) Metaspace: 524085K(533824K)->524085K(533824K) NonClass: 460225K(465088K)->460225K(465088K) Class: 63860K(68736K)->63860K(68736K)
[2025-01-08T23:11:46.702+0000][182777.068s][info][gc          ] GC(5983) Pause Young (Prepare Mixed) (G1 Evacuation Pause) 9640M->2352M(12288M) 39.693ms
[2025-01-08T23:11:46.702+0000][182777.068s][info][gc,cpu      ] GC(5983) User=0.23s Sys=0.00s Real=0.04s
[2025-01-08T23:11:47.111+0000][182777.478s][info][gc,start    ] GC(5984) Pause Young (Mixed) (G1 Evacuation Pause)
[2025-01-08T23:11:47.111+0000][182777.478s][info][gc,task     ] GC(5984) Using 6 workers of 6 for evacuation
[2025-01-08T23:11:47.194+0000][182777.560s][info][gc,phases   ] GC(5984)   Pre Evacuate Collection Set: 0.2ms
[2025-01-08T23:11:47.194+0000][182777.560s][info][gc,phases   ] GC(5984)   Merge Heap Roots: 0.9ms
[2025-01-08T23:11:47.194+0000][182777.560s][info][gc,phases   ] GC(5984)   Evacuate Collection Set: 79.4ms
[2025-01-08T23:11:47.194+0000][182777.560s][info][gc,phases   ] GC(5984)   Post Evacuate Collection Set: 2.3ms
[2025-01-08T23:11:47.194+0000][182777.560s][info][gc,phases   ] GC(5984)   Other: 0.2ms
[2025-01-08T23:11:47.194+0000][182777.560s][info][gc,heap     ] GC(5984) Eden regions: 66->0(916)
[2025-01-08T23:11:47.194+0000][182777.560s][info][gc,heap     ] GC(5984) Survivor regions: 10->5(10)
[2025-01-08T23:11:47.194+0000][182777.560s][info][gc,heap     ] GC(5984) Old regions: 235->236
[2025-01-08T23:11:47.194+0000][182777.560s][info][gc,heap     ] GC(5984) Archive regions: 2->2
[2025-01-08T23:11:47.194+0000][182777.560s][info][gc,heap     ] GC(5984) Humongous regions: 49->49
[2025-01-08T23:11:47.194+0000][182777.560s][info][gc,metaspace] GC(5984) Metaspace: 524085K(533824K)->524085K(533824K) NonClass: 460225K(465088K)->460225K(465088K) Class: 63860K(68736K)->63860K(68736K)
[2025-01-08T23:11:47.194+0000][182777.560s][info][gc          ] GC(5984) Pause Young (Mixed) (G1 Evacuation Pause) 2880M->2319M(12288M) 82.946ms
[2025-01-08T23:11:47.194+0000][182777.560s][info][gc,cpu      ] GC(5984) User=0.46s Sys=0.00s Real=0.08s
[2025-01-08T23:11:57.621+0000][182787.987s][info][gc,start    ] GC(5985) Pause Young (Normal) (G1 Evacuation Pause)
[2025-01-08T23:11:57.621+0000][182787.988s][info][gc,task     ] GC(5985) Using 6 workers of 6 for evacuation
[2025-01-08T23:11:57.653+0000][182788.019s][info][gc,phases   ] GC(5985)   Pre Evacuate Collection Set: 0.2ms
[2025-01-08T23:11:57.653+0000][182788.019s][info][gc,phases   ] GC(5985)   Merge Heap Roots: 0.5ms
[2025-01-08T23:11:57.653+0000][182788.019s][info][gc,phases   ] GC(5985)   Evacuate Collection Set: 26.4ms
[2025-01-08T23:11:57.653+0000][182788.019s][info][gc,phases   ] GC(5985)   Post Evacuate Collection Set: 4.4ms
[2025-01-08T23:11:57.653+0000][182788.019s][info][gc,phases   ] GC(5985)   Other: 0.3ms
[2025-01-08T23:11:57.653+0000][182788.019s][info][gc,heap     ] GC(5985) Eden regions: 916->0(914)
[2025-01-08T23:11:57.653+0000][182788.019s][info][gc,heap     ] GC(5985) Survivor regions: 5->7(116)
[2025-01-08T23:11:57.653+0000][182788.019s][info][gc,heap     ] GC(5985) Old regions: 236->236
[2025-01-08T23:11:57.653+0000][182788.019s][info][gc,heap     ] GC(5985) Archive regions: 2->2
[2025-01-08T23:11:57.653+0000][182788.019s][info][gc,heap     ] GC(5985) Humongous regions: 49->49
[2025-01-08T23:11:57.653+0000][182788.019s][info][gc,metaspace] GC(5985) Metaspace: 524085K(533824K)->524085K(533824K) NonClass: 460225K(465088K)->460225K(465088K) Class: 63860K(68736K)->63860K(68736K)
[2025-01-08T23:11:57.653+0000][182788.019s][info][gc          ] GC(5985) Pause Young (Normal) (G1 Evacuation Pause) 9647M->2335M(12288M) 31.819ms
[2025-01-08T23:11:57.653+0000][182788.019s][info][gc,cpu      ] GC(5985) User=0.18s Sys=0.01s Real=0.04s
[2025-01-08T23:12:09.870+0000][182800.236s][info][gc,start    ] GC(5986) Pause Young (Normal) (G1 Evacuation Pause)
[2025-01-08T23:12:09.870+0000][182800.236s][info][gc,task     ] GC(5986) Using 6 workers of 6 for evacuation
[2025-01-08T23:12:09.910+0000][182800.276s][info][gc,phases   ] GC(5986)   Pre Evacuate Collection Set: 0.2ms
[2025-01-08T23:12:09.910+0000][182800.276s][info][gc,phases   ] GC(5986)   Merge Heap Roots: 0.5ms
[2025-01-08T23:12:09.910+0000][182800.276s][info][gc,phases   ] GC(5986)   Evacuate Collection Set: 34.1ms
[2025-01-08T23:12:09.910+0000][182800.276s][info][gc,phases   ] GC(5986)   Post Evacuate Collection Set: 4.4ms
[2025-01-08T23:12:09.910+0000][182800.276s][info][gc,phases   ] GC(5986)   Other: 0.2ms
[2025-01-08T23:12:09.910+0000][182800.276s][info][gc,heap     ] GC(5986) Eden regions: 914->0(909)
[2025-01-08T23:12:09.910+0000][182800.276s][info][gc,heap     ] GC(5986) Survivor regions: 7->12(116)
[2025-01-08T23:12:09.910+0000][182800.276s][info][gc,heap     ] GC(5986) Old regions: 236->236
[2025-01-08T23:12:09.910+0000][182800.276s][info][gc,heap     ] GC(5986) Archive regions: 2->2
[2025-01-08T23:12:09.910+0000][182800.276s][info][gc,heap     ] GC(5986) Humongous regions: 49->49
[2025-01-08T23:12:09.910+0000][182800.276s][info][gc,metaspace] GC(5986) Metaspace: 524085K(533824K)->524085K(533824K) NonClass: 460225K(465088K)->460225K(465088K) Class: 63860K(68736K)->63860K(68736K)
[2025-01-08T23:12:09.910+0000][182800.276s][info][gc          ] GC(5986) Pause Young (Normal) (G1 Evacuation Pause) 9647M->2370M(12288M) 39.550ms
[2025-01-08T23:12:09.910+0000][182800.276s][info][gc,cpu      ] GC(5986) User=0.26s Sys=0.00s Real=0.04s
[2025-01-08T23:12:16.844+0000][182807.210s][info][gc,start    ] GC(5987) Pause Young (Concurrent Start) (G1 Evacuation Pause)
[2025-01-08T23:12:16.844+0000][182807.210s][info][gc,task     ] GC(5987) Using 6 workers of 6 for evacuation
[2025-01-08T23:12:16.885+0000][182807.251s][info][gc,phases   ] GC(5987)   Pre Evacuate Collection Set: 1.2ms
[2025-01-08T23:12:16.885+0000][182807.251s][info][gc,phases   ] GC(5987)   Merge Heap Roots: 0.5ms
[2025-01-08T23:12:16.885+0000][182807.251s][info][gc,phases   ] GC(5987)   Evacuate Collection Set: 34.8ms
[2025-01-08T23:12:16.885+0000][182807.251s][info][gc,phases   ] GC(5987)   Post Evacuate Collection Set: 3.8ms
[2025-01-08T23:12:16.885+0000][182807.251s][info][gc,phases   ] GC(5987)   Other: 0.3ms
[2025-01-08T23:12:16.885+0000][182807.251s][info][gc,heap     ] GC(5987) Eden regions: 909->0(910)
[2025-01-08T23:12:16.885+0000][182807.251s][info][gc,heap     ] GC(5987) Survivor regions: 12->11(116)
[2025-01-08T23:12:16.885+0000][182807.251s][info][gc,heap     ] GC(5987) Old regions: 236->236
[2025-01-08T23:12:16.885+0000][182807.251s][info][gc,heap     ] GC(5987) Archive regions: 2->2
[2025-01-08T23:12:16.885+0000][182807.251s][info][gc,heap     ] GC(5987) Humongous regions: 49->49
[2025-01-08T23:12:16.885+0000][182807.251s][info][gc,metaspace] GC(5987) Metaspace: 524085K(533824K)->524085K(533824K) NonClass: 460225K(465088K)->460225K(465088K) Class: 63860K(68736K)->63860K(68736K)
[2025-01-08T23:12:16.885+0000][182807.251s][info][gc          ] GC(5987) Pause Young (Concurrent Start) (G1 Evacuation Pause) 9642M->2367M(12288M) 40.552ms
[2025-01-08T23:12:16.885+0000][182807.251s][info][gc,cpu      ] GC(5987) User=0.23s Sys=0.00s Real=0.04s
[2025-01-08T23:12:16.885+0000][182807.251s][info][gc          ] GC(5988) Concurrent Mark Cycle
[2025-01-08T23:12:16.885+0000][182807.251s][info][gc,marking  ] GC(5988) Concurrent Clear Claimed Marks
[2025-01-08T23:12:16.886+0000][182807.252s][info][gc,marking  ] GC(5988) Concurrent Clear Claimed Marks 0.963ms
[2025-01-08T23:12:16.886+0000][182807.252s][info][gc,marking  ] GC(5988) Concurrent Scan Root Regions
[2025-01-08T23:12:16.919+0000][182807.285s][info][gc,marking  ] GC(5988) Concurrent Scan Root Regions 33.064ms
[2025-01-08T23:12:16.919+0000][182807.285s][info][gc,marking  ] GC(5988) Concurrent Mark
[2025-01-08T23:12:16.919+0000][182807.285s][info][gc,marking  ] GC(5988) Concurrent Mark From Roots
[2025-01-08T23:12:16.919+0000][182807.285s][info][gc,task     ] GC(5988) Using 2 workers of 2 for marking
[2025-01-08T23:12:17.707+0000][182808.073s][info][gc,marking  ] GC(5988) Concurrent Mark From Roots 787.828ms
[2025-01-08T23:12:17.707+0000][182808.073s][info][gc,marking  ] GC(5988) Concurrent Preclean
[2025-01-08T23:12:17.709+0000][182808.075s][info][gc,marking  ] GC(5988) Concurrent Preclean 2.495ms
[2025-01-08T23:12:17.709+0000][182808.076s][info][gc,start    ] GC(5988) Pause Remark
[2025-01-08T23:12:17.735+0000][182808.101s][info][gc          ] GC(5988) Pause Remark 3039M->3039M(12288M) 25.860ms
[2025-01-08T23:12:17.735+0000][182808.101s][info][gc,cpu      ] GC(5988) User=0.15s Sys=0.00s Real=0.02s
[2025-01-08T23:12:17.736+0000][182808.102s][info][gc,marking  ] GC(5988) Concurrent Mark 816.575ms
[2025-01-08T23:12:17.736+0000][182808.102s][info][gc,marking  ] GC(5988) Concurrent Rebuild Remembered Sets
[2025-01-08T23:12:18.274+0000][182808.640s][info][gc,marking  ] GC(5988) Concurrent Rebuild Remembered Sets 537.999ms
[2025-01-08T23:12:18.274+0000][182808.640s][info][gc,start    ] GC(5988) Pause Cleanup
[2025-01-08T23:12:18.274+0000][182808.640s][info][gc          ] GC(5988) Pause Cleanup 3551M->3551M(12288M) 0.427ms
[2025-01-08T23:12:18.274+0000][182808.640s][info][gc,cpu      ] GC(5988) User=0.00s Sys=0.00s Real=0.00s
[2025-01-08T23:12:18.274+0000][182808.640s][info][gc,marking  ] GC(5988) Concurrent Cleanup for Next Mark
[2025-01-08T23:12:18.290+0000][182808.656s][info][gc,marking  ] GC(5988) Concurrent Cleanup for Next Mark 15.525ms
[2025-01-08T23:12:18.290+0000][182808.656s][info][gc          ] GC(5988) Concurrent Mark Cycle 1404.964ms
[2025-01-08T23:12:25.352+0000][182815.718s][info][gc,start    ] GC(5989) Pause Young (Prepare Mixed) (G1 Evacuation Pause)
[2025-01-08T23:12:25.352+0000][182815.718s][info][gc,task     ] GC(5989) Using 6 workers of 6 for evacuation
[2025-01-08T23:12:25.390+0000][182815.756s][info][gc,phases   ] GC(5989)   Pre Evacuate Collection Set: 0.2ms
[2025-01-08T23:12:25.390+0000][182815.756s][info][gc,phases   ] GC(5989)   Merge Heap Roots: 0.7ms
[2025-01-08T23:12:25.390+0000][182815.756s][info][gc,phases   ] GC(5989)   Evacuate Collection Set: 34.6ms
[2025-01-08T23:12:25.390+0000][182815.756s][info][gc,phases   ] GC(5989)   Post Evacuate Collection Set: 2.6ms
[2025-01-08T23:12:25.390+0000][182815.756s][info][gc,phases   ] GC(5989)   Other: 0.2ms
[2025-01-08T23:12:25.390+0000][182815.756s][info][gc,heap     ] GC(5989) Eden regions: 910->0(65)
[2025-01-08T23:12:25.390+0000][182815.756s][info][gc,heap     ] GC(5989) Survivor regions: 11->11(116)
[2025-01-08T23:12:25.390+0000][182815.756s][info][gc,heap     ] GC(5989) Old regions: 236->236
[2025-01-08T23:12:25.390+0000][182815.756s][info][gc,heap     ] GC(5989) Archive regions: 2->2
[2025-01-08T23:12:25.390+0000][182815.756s][info][gc,heap     ] GC(5989) Humongous regions: 49->49
[2025-01-08T23:12:25.390+0000][182815.756s][info][gc,metaspace] GC(5989) Metaspace: 524085K(533824K)->524085K(533824K) NonClass: 460225K(465088K)->460225K(465088K) Class: 63860K(68736K)->63860K(68736K)
[2025-01-08T23:12:25.390+0000][182815.756s][info][gc          ] GC(5989) Pause Young (Prepare Mixed) (G1 Evacuation Pause) 9647M->2362M(12288M) 38.434ms
[2025-01-08T23:12:25.390+0000][182815.756s][info][gc,cpu      ] GC(5989) User=0.23s Sys=0.00s Real=0.04s
[2025-01-08T23:12:25.841+0000][182816.207s][info][gc,start    ] GC(5990) Pause Young (Mixed) (G1 Evacuation Pause)
[2025-01-08T23:12:25.841+0000][182816.207s][info][gc,task     ] GC(5990) Using 6 workers of 6 for evacuation
[2025-01-08T23:12:25.889+0000][182816.255s][info][gc,phases   ] GC(5990)   Pre Evacuate Collection Set: 0.2ms
[2025-01-08T23:12:25.889+0000][182816.255s][info][gc,phases   ] GC(5990)   Merge Heap Roots: 0.5ms
[2025-01-08T23:12:25.889+0000][182816.255s][info][gc,phases   ] GC(5990)   Evacuate Collection Set: 45.9ms
[2025-01-08T23:12:25.889+0000][182816.255s][info][gc,phases   ] GC(5990)   Post Evacuate Collection Set: 1.7ms
[2025-01-08T23:12:25.889+0000][182816.255s][info][gc,phases   ] GC(5990)   Other: 0.2ms
[2025-01-08T23:12:25.889+0000][182816.255s][info][gc,heap     ] GC(5990) Eden regions: 65->0(915)
[2025-01-08T23:12:25.889+0000][182816.255s][info][gc,heap     ] GC(5990) Survivor regions: 11->6(10)
[2025-01-08T23:12:25.889+0000][182816.255s][info][gc,heap     ] GC(5990) Old regions: 236->234
[2025-01-08T23:12:25.889+0000][182816.255s][info][gc,heap     ] GC(5990) Archive regions: 2->2
[2025-01-08T23:12:25.889+0000][182816.255s][info][gc,heap     ] GC(5990) Humongous regions: 49->49
[2025-01-08T23:12:25.889+0000][182816.255s][info][gc,metaspace] GC(5990) Metaspace: 524085K(533824K)->524085K(533824K) NonClass: 460225K(465088K)->460225K(465088K) Class: 63860K(68736K)->63860K(68736K)
[2025-01-08T23:12:25.889+0000][182816.255s][info][gc          ] GC(5990) Pause Young (Mixed) (G1 Evacuation Pause) 2882M->2312M(12288M) 48.557ms
[2025-01-08T23:12:25.889+0000][182816.255s][info][gc,cpu      ] GC(5990) User=0.28s Sys=0.00s Real=0.05s
[2025-01-08T23:12:33.964+0000][182824.330s][info][gc,start    ] GC(5991) Pause Young (Normal) (G1 Evacuation Pause)
[2025-01-08T23:12:33.964+0000][182824.330s][info][gc,task     ] GC(5991) Using 6 workers of 6 for evacuation
[2025-01-08T23:12:33.991+0000][182824.357s][info][gc,phases   ] GC(5991)   Pre Evacuate Collection Set: 0.2ms
[2025-01-08T23:12:33.991+0000][182824.357s][info][gc,phases   ] GC(5991)   Merge Heap Roots: 0.4ms
[2025-01-08T23:12:33.991+0000][182824.357s][info][gc,phases   ] GC(5991)   Evacuate Collection Set: 23.9ms
[2025-01-08T23:12:33.991+0000][182824.357s][info][gc,phases   ] GC(5991)   Post Evacuate Collection Set: 2.5ms
[2025-01-08T23:12:33.991+0000][182824.357s][info][gc,phases   ] GC(5991)   Other: 0.2ms
[2025-01-08T23:12:33.991+0000][182824.357s][info][gc,heap     ] GC(5991) Eden regions: 915->0(914)
[2025-01-08T23:12:33.991+0000][182824.357s][info][gc,heap     ] GC(5991) Survivor regions: 6->7(116)
[2025-01-08T23:12:33.991+0000][182824.357s][info][gc,heap     ] GC(5991) Old regions: 234->234
[2025-01-08T23:12:33.991+0000][182824.357s][info][gc,heap     ] GC(5991) Archive regions: 2->2
[2025-01-08T23:12:33.991+0000][182824.357s][info][gc,heap     ] GC(5991) Humongous regions: 49->49
[2025-01-08T23:12:33.991+0000][182824.357s][info][gc,metaspace] GC(5991) Metaspace: 524085K(533824K)->524085K(533824K) NonClass: 460225K(465088K)->460225K(465088K) Class: 63860K(68736K)->63860K(68736K)
[2025-01-08T23:12:33.991+0000][182824.357s][info][gc          ] GC(5991) Pause Young (Normal) (G1 Evacuation Pause) 9632M->2318M(12288M) 27.217ms
[2025-01-08T23:12:33.991+0000][182824.357s][info][gc,cpu      ] GC(5991) User=0.16s Sys=0.00s Real=0.03s
[2025-01-08T23:12:42.080+0000][182832.446s][info][gc,start    ] GC(5992) Pause Young (Normal) (G1 Evacuation Pause)
[2025-01-08T23:12:42.080+0000][182832.446s][info][gc,task     ] GC(5992) Using 6 workers of 6 for evacuation
[2025-01-08T23:12:42.109+0000][182832.475s][info][gc,phases   ] GC(5992)   Pre Evacuate Collection Set: 0.2ms
[2025-01-08T23:12:42.109+0000][182832.475s][info][gc,phases   ] GC(5992)   Merge Heap Roots: 0.4ms
[2025-01-08T23:12:42.109+0000][182832.475s][info][gc,phases   ] GC(5992)   Evacuate Collection Set: 26.1ms
[2025-01-08T23:12:42.109+0000][182832.475s][info][gc,phases   ] GC(5992)   Post Evacuate Collection Set: 2.7ms
[2025-01-08T23:12:42.109+0000][182832.475s][info][gc,phases   ] GC(5992)   Other: 0.2ms
[2025-01-08T23:12:42.109+0000][182832.475s][info][gc,heap     ] GC(5992) Eden regions: 914->0(914)
[2025-01-08T23:12:42.109+0000][182832.475s][info][gc,heap     ] GC(5992) Survivor regions: 7->7(116)
[2025-01-08T23:12:42.109+0000][182832.475s][info][gc,heap     ] GC(5992) Old regions: 234->234
[2025-01-08T23:12:42.109+0000][182832.475s][info][gc,heap     ] GC(5992) Archive regions: 2->2
[2025-01-08T23:12:42.109+0000][182832.475s][info][gc,heap     ] GC(5992) Humongous regions: 49->49
[2025-01-08T23:12:42.109+0000][182832.475s][info][gc,metaspace] GC(5992) Metaspace: 524085K(533824K)->524085K(533824K) NonClass: 460225K(465088K)->460225K(465088K) Class: 63860K(68736K)->63860K(68736K)
[2025-01-08T23:12:42.109+0000][182832.475s][info][gc          ] GC(5992) Pause Young (Normal) (G1 Evacuation Pause) 9630M->2323M(12288M) 29.835ms
[2025-01-08T23:12:42.109+0000][182832.476s][info][gc,cpu      ] GC(5992) User=0.17s Sys=0.00s Real=0.04s
[2025-01-08T23:12:50.569+0000][182840.935s][info][gc,start    ] GC(5993) Pause Young (Concurrent Start) (G1 Evacuation Pause)
[2025-01-08T23:12:50.569+0000][182840.935s][info][gc,task     ] GC(5993) Using 6 workers of 6 for evacuation
[2025-01-08T23:12:50.603+0000][182840.969s][info][gc,phases   ] GC(5993)   Pre Evacuate Collection Set: 1.2ms
[2025-01-08T23:12:50.603+0000][182840.969s][info][gc,phases   ] GC(5993)   Merge Heap Roots: 0.4ms
[2025-01-08T23:12:50.603+0000][182840.969s][info][gc,phases   ] GC(5993)   Evacuate Collection Set: 28.3ms
[2025-01-08T23:12:50.603+0000][182840.969s][info][gc,phases   ] GC(5993)   Post Evacuate Collection Set: 3.9ms
[2025-01-08T23:12:50.603+0000][182840.969s][info][gc,phases   ] GC(5993)   Other: 0.3ms
[2025-01-08T23:12:50.603+0000][182840.969s][info][gc,heap     ] GC(5993) Eden regions: 914->0(912)
[2025-01-08T23:12:50.603+0000][182840.969s][info][gc,heap     ] GC(5993) Survivor regions: 7->9(116)
[2025-01-08T23:12:50.603+0000][182840.969s][info][gc,heap     ] GC(5993) Old regions: 234->234
[2025-01-08T23:12:50.603+0000][182840.969s][info][gc,heap     ] GC(5993) Archive regions: 2->2
[2025-01-08T23:12:50.603+0000][182840.969s][info][gc,heap     ] GC(5993) Humongous regions: 49->49
[2025-01-08T23:12:50.603+0000][182840.969s][info][gc,metaspace] GC(5993) Metaspace: 524085K(533824K)->524085K(533824K) NonClass: 460225K(465088K)->460225K(465088K) Class: 63860K(68736K)->63860K(68736K)
[2025-01-08T23:12:50.603+0000][182840.969s][info][gc          ] GC(5993) Pause Young (Concurrent Start) (G1 Evacuation Pause) 9635M->2334M(12288M) 34.245ms
[2025-01-08T23:12:50.603+0000][182840.969s][info][gc,cpu      ] GC(5993) User=0.20s Sys=0.00s Real=0.04s
[2025-01-08T23:12:50.603+0000][182840.969s][info][gc          ] GC(5994) Concurrent Mark Cycle
[2025-01-08T23:12:50.603+0000][182840.969s][info][gc,marking  ] GC(5994) Concurrent Clear Claimed Marks
[2025-01-08T23:12:50.604+0000][182840.970s][info][gc,marking  ] GC(5994) Concurrent Clear Claimed Marks 0.975ms
[2025-01-08T23:12:50.604+0000][182840.970s][info][gc,marking  ] GC(5994) Concurrent Scan Root Regions
[2025-01-08T23:12:50.624+0000][182840.990s][info][gc,marking  ] GC(5994) Concurrent Scan Root Regions 20.163ms
[2025-01-08T23:12:50.624+0000][182840.991s][info][gc,marking  ] GC(5994) Concurrent Mark
[2025-01-08T23:12:50.624+0000][182840.991s][info][gc,marking  ] GC(5994) Concurrent Mark From Roots
[2025-01-08T23:12:50.624+0000][182840.991s][info][gc,task     ] GC(5994) Using 2 workers of 2 for marking
[2025-01-08T23:12:51.476+0000][182841.842s][info][gc,marking  ] GC(5994) Concurrent Mark From Roots 851.113ms
[2025-01-08T23:12:51.476+0000][182841.842s][info][gc,marking  ] GC(5994) Concurrent Preclean
[2025-01-08T23:12:51.479+0000][182841.845s][info][gc,marking  ] GC(5994) Concurrent Preclean 3.599ms
[2025-01-08T23:12:51.479+0000][182841.845s][info][gc,start    ] GC(5994) Pause Remark
[2025-01-08T23:12:51.505+0000][182841.871s][info][gc          ] GC(5994) Pause Remark 3154M->3154M(12288M) 25.887ms
[2025-01-08T23:12:51.505+0000][182841.871s][info][gc,cpu      ] GC(5994) User=0.14s Sys=0.00s Real=0.03s
[2025-01-08T23:12:51.505+0000][182841.872s][info][gc,marking  ] GC(5994) Concurrent Mark 881.039ms
[2025-01-08T23:12:51.506+0000][182841.872s][info][gc,marking  ] GC(5994) Concurrent Rebuild Remembered Sets
[2025-01-08T23:12:52.116+0000][182842.482s][info][gc,marking  ] GC(5994) Concurrent Rebuild Remembered Sets 610.041ms
[2025-01-08T23:12:52.116+0000][182842.482s][info][gc,start    ] GC(5994) Pause Cleanup
[2025-01-08T23:12:52.116+0000][182842.482s][info][gc          ] GC(5994) Pause Cleanup 3754M->3754M(12288M) 0.407ms
[2025-01-08T23:12:52.116+0000][182842.482s][info][gc,cpu      ] GC(5994) User=0.00s Sys=0.00s Real=0.00s
[2025-01-08T23:12:52.116+0000][182842.482s][info][gc,marking  ] GC(5994) Concurrent Cleanup for Next Mark
[2025-01-08T23:12:52.132+0000][182842.498s][info][gc,marking  ] GC(5994) Concurrent Cleanup for Next Mark 15.675ms
[2025-01-08T23:12:52.132+0000][182842.498s][info][gc          ] GC(5994) Concurrent Mark Cycle 1528.733ms
[2025-01-08T23:13:02.320+0000][182852.686s][info][gc,start    ] GC(5995) Pause Young (Prepare Mixed) (G1 Evacuation Pause)
[2025-01-08T23:13:02.320+0000][182852.686s][info][gc,task     ] GC(5995) Using 6 workers of 6 for evacuation
[2025-01-08T23:13:02.359+0000][182852.725s][info][gc,phases   ] GC(5995)   Pre Evacuate Collection Set: 0.2ms
[2025-01-08T23:13:02.359+0000][182852.725s][info][gc,phases   ] GC(5995)   Merge Heap Roots: 0.7ms
[2025-01-08T23:13:02.359+0000][182852.725s][info][gc,phases   ] GC(5995)   Evacuate Collection Set: 34.4ms
[2025-01-08T23:13:02.359+0000][182852.725s][info][gc,phases   ] GC(5995)   Post Evacuate Collection Set: 4.1ms
[2025-01-08T23:13:02.359+0000][182852.725s][info][gc,phases   ] GC(5995)   Other: 0.2ms
[2025-01-08T23:13:02.359+0000][182852.725s][info][gc,heap     ] GC(5995) Eden regions: 912->0(65)
[2025-01-08T23:13:02.359+0000][182852.725s][info][gc,heap     ] GC(5995) Survivor regions: 9->11(116)
[2025-01-08T23:13:02.359+0000][182852.725s][info][gc,heap     ] GC(5995) Old regions: 234->234
[2025-01-08T23:13:02.359+0000][182852.725s][info][gc,heap     ] GC(5995) Archive regions: 2->2
[2025-01-08T23:13:02.359+0000][182852.725s][info][gc,heap     ] GC(5995) Humongous regions: 49->49
[2025-01-08T23:13:02.359+0000][182852.725s][info][gc,metaspace] GC(5995) Metaspace: 524085K(533824K)->524085K(533824K) NonClass: 460225K(465088K)->460225K(465088K) Class: 63860K(68736K)->63860K(68736K)
[2025-01-08T23:13:02.359+0000][182852.726s][info][gc          ] GC(5995) Pause Young (Prepare Mixed) (G1 Evacuation Pause) 9630M->2351M(12288M) 39.797ms
[2025-01-08T23:13:02.359+0000][182852.726s][info][gc,cpu      ] GC(5995) User=0.23s Sys=0.00s Real=0.04s
[2025-01-08T23:13:04.003+0000][182854.369s][info][gc,start    ] GC(5996) Pause Young (Mixed) (G1 Evacuation Pause)
[2025-01-08T23:13:04.003+0000][182854.369s][info][gc,task     ] GC(5996) Using 6 workers of 6 for evacuation
[2025-01-08T23:13:04.069+0000][182854.435s][info][gc,phases   ] GC(5996)   Pre Evacuate Collection Set: 0.2ms
[2025-01-08T23:13:04.069+0000][182854.435s][info][gc,phases   ] GC(5996)   Merge Heap Roots: 0.7ms
[2025-01-08T23:13:04.069+0000][182854.435s][info][gc,phases   ] GC(5996)   Evacuate Collection Set: 63.0ms
[2025-01-08T23:13:04.069+0000][182854.435s][info][gc,phases   ] GC(5996)   Post Evacuate Collection Set: 1.8ms
[2025-01-08T23:13:04.069+0000][182854.435s][info][gc,phases   ] GC(5996)   Other: 0.2ms
[2025-01-08T23:13:04.069+0000][182854.435s][info][gc,heap     ] GC(5996) Eden regions: 65->0(916)
[2025-01-08T23:13:04.069+0000][182854.435s][info][gc,heap     ] GC(5996) Survivor regions: 11->5(10)
[2025-01-08T23:13:04.069+0000][182854.435s][info][gc,heap     ] GC(5996) Old regions: 234->235
[2025-01-08T23:13:04.069+0000][182854.435s][info][gc,heap     ] GC(5996) Archive regions: 2->2
[2025-01-08T23:13:04.069+0000][182854.435s][info][gc,heap     ] GC(5996) Humongous regions: 49->49
[2025-01-08T23:13:04.069+0000][182854.435s][info][gc,metaspace] GC(5996) Metaspace: 524085K(533824K)->524085K(533824K) NonClass: 460225K(465088K)->460225K(465088K) Class: 63860K(68736K)->63860K(68736K)
[2025-01-08T23:13:04.069+0000][182854.435s][info][gc          ] GC(5996) Pause Young (Mixed) (G1 Evacuation Pause) 2871M->2316M(12288M) 65.982ms
[2025-01-08T23:13:04.069+0000][182854.435s][info][gc,cpu      ] GC(5996) User=0.39s Sys=0.00s Real=0.06s
[2025-01-08T23:13:14.453+0000][182864.819s][info][gc,start    ] GC(5997) Pause Young (Normal) (G1 Evacuation Pause)
[2025-01-08T23:13:14.453+0000][182864.819s][info][gc,task     ] GC(5997) Using 6 workers of 6 for evacuation
[2025-01-08T23:13:14.480+0000][182864.846s][info][gc,phases   ] GC(5997)   Pre Evacuate Collection Set: 0.2ms
[2025-01-08T23:13:14.480+0000][182864.846s][info][gc,phases   ] GC(5997)   Merge Heap Roots: 0.5ms
[2025-01-08T23:13:14.480+0000][182864.846s][info][gc,phases   ] GC(5997)   Evacuate Collection Set: 22.4ms
[2025-01-08T23:13:14.480+0000][182864.846s][info][gc,phases   ] GC(5997)   Post Evacuate Collection Set: 4.1ms
[2025-01-08T23:13:14.480+0000][182864.846s][info][gc,phases   ] GC(5997)   Other: 0.2ms
[2025-01-08T23:13:14.480+0000][182864.846s][info][gc,heap     ] GC(5997) Eden regions: 916->0(914)
[2025-01-08T23:13:14.480+0000][182864.846s][info][gc,heap     ] GC(5997) Survivor regions: 5->7(116)
[2025-01-08T23:13:14.480+0000][182864.846s][info][gc,heap     ] GC(5997) Old regions: 235->235
[2025-01-08T23:13:14.480+0000][182864.846s][info][gc,heap     ] GC(5997) Archive regions: 2->2
[2025-01-08T23:13:14.480+0000][182864.846s][info][gc,heap     ] GC(5997) Humongous regions: 49->49
[2025-01-08T23:13:14.480+0000][182864.846s][info][gc,metaspace] GC(5997) Metaspace: 524085K(533824K)->524085K(533824K) NonClass: 460225K(465088K)->460225K(465088K) Class: 63860K(68736K)->63860K(68736K)
[2025-01-08T23:13:14.480+0000][182864.846s][info][gc          ] GC(5997) Pause Young (Normal) (G1 Evacuation Pause) 9644M->2326M(12288M) 27.512ms
[2025-01-08T23:13:14.480+0000][182864.846s][info][gc,cpu      ] GC(5997) User=0.16s Sys=0.00s Real=0.02s
[2025-01-08T23:13:24.023+0000][182874.389s][info][gc,start    ] GC(5998) Pause Young (Normal) (G1 Evacuation Pause)
[2025-01-08T23:13:24.023+0000][182874.389s][info][gc,task     ] GC(5998) Using 6 workers of 6 for evacuation
[2025-01-08T23:13:24.052+0000][182874.418s][info][gc,phases   ] GC(5998)   Pre Evacuate Collection Set: 0.2ms
[2025-01-08T23:13:24.052+0000][182874.418s][info][gc,phases   ] GC(5998)   Merge Heap Roots: 0.4ms
[2025-01-08T23:13:24.052+0000][182874.418s][info][gc,phases   ] GC(5998)   Evacuate Collection Set: 25.4ms
[2025-01-08T23:13:24.052+0000][182874.418s][info][gc,phases   ] GC(5998)   Post Evacuate Collection Set: 2.6ms
[2025-01-08T23:13:24.052+0000][182874.418s][info][gc,phases   ] GC(5998)   Other: 0.2ms
[2025-01-08T23:13:24.052+0000][182874.418s][info][gc,heap     ] GC(5998) Eden regions: 914->0(913)
[2025-01-08T23:13:24.052+0000][182874.418s][info][gc,heap     ] GC(5998) Survivor regions: 7->8(116)
[2025-01-08T23:13:24.052+0000][182874.418s][info][gc,heap     ] GC(5998) Old regions: 235->235
[2025-01-08T23:13:24.052+0000][182874.418s][info][gc,heap     ] GC(5998) Archive regions: 2->2
[2025-01-08T23:13:24.052+0000][182874.418s][info][gc,heap     ] GC(5998) Humongous regions: 49->49
[2025-01-08T23:13:24.052+0000][182874.418s][info][gc,metaspace] GC(5998) Metaspace: 524085K(533824K)->524085K(533824K) NonClass: 460225K(465088K)->460225K(465088K) Class: 63860K(68736K)->63860K(68736K)
[2025-01-08T23:13:24.052+0000][182874.418s][info][gc          ] GC(5998) Pause Young (Normal) (G1 Evacuation Pause) 9638M->2333M(12288M) 28.919ms
[2025-01-08T23:13:24.052+0000][182874.418s][info][gc,cpu      ] GC(5998) User=0.17s Sys=0.00s Real=0.03s
[2025-01-08T23:13:31.799+0000][182882.165s][info][gc,start    ] GC(5999) Pause Young (Concurrent Start) (G1 Evacuation Pause)
[2025-01-08T23:13:31.799+0000][182882.165s][info][gc,task     ] GC(5999) Using 6 workers of 6 for evacuation
[2025-01-08T23:13:31.832+0000][182882.198s][info][gc,phases   ] GC(5999)   Pre Evacuate Collection Set: 1.1ms
[2025-01-08T23:13:31.832+0000][182882.198s][info][gc,phases   ] GC(5999)   Merge Heap Roots: 0.4ms
[2025-01-08T23:13:31.832+0000][182882.198s][info][gc,phases   ] GC(5999)   Evacuate Collection Set: 28.4ms
[2025-01-08T23:13:31.832+0000][182882.198s][info][gc,phases   ] GC(5999)   Post Evacuate Collection Set: 2.5ms
[2025-01-08T23:13:31.832+0000][182882.198s][info][gc,phases   ] GC(5999)   Other: 0.3ms
[2025-01-08T23:13:31.832+0000][182882.198s][info][gc,heap     ] GC(5999) Eden regions: 913->0(912)
[2025-01-08T23:13:31.832+0000][182882.198s][info][gc,heap     ] GC(5999) Survivor regions: 8->9(116)
[2025-01-08T23:13:31.832+0000][182882.198s][info][gc,heap     ] GC(5999) Old regions: 235->235
[2025-01-08T23:13:31.832+0000][182882.198s][info][gc,heap     ] GC(5999) Archive regions: 2->2
[2025-01-08T23:13:31.832+0000][182882.198s][info][gc,heap     ] GC(5999) Humongous regions: 49->49
[2025-01-08T23:13:31.832+0000][182882.198s][info][gc,metaspace] GC(5999) Metaspace: 524085K(533824K)->524085K(533824K) NonClass: 460225K(465088K)->460225K(465088K) Class: 63860K(68736K)->63860K(68736K)
[2025-01-08T23:13:31.832+0000][182882.198s][info][gc          ] GC(5999) Pause Young (Concurrent Start) (G1 Evacuation Pause) 9637M->2343M(12288M) 32.810ms
[2025-01-08T23:13:31.832+0000][182882.198s][info][gc,cpu      ] GC(5999) User=0.18s Sys=0.01s Real=0.04s
[2025-01-08T23:13:31.832+0000][182882.198s][info][gc          ] GC(6000) Concurrent Mark Cycle
[2025-01-08T23:13:31.832+0000][182882.198s][info][gc,marking  ] GC(6000) Concurrent Clear Claimed Marks
[2025-01-08T23:13:31.833+0000][182882.199s][info][gc,marking  ] GC(6000) Concurrent Clear Claimed Marks 0.912ms
[2025-01-08T23:13:31.833+0000][182882.199s][info][gc,marking  ] GC(6000) Concurrent Scan Root Regions
[2025-01-08T23:13:31.857+0000][182882.223s][info][gc,marking  ] GC(6000) Concurrent Scan Root Regions 24.117ms
[2025-01-08T23:13:31.857+0000][182882.223s][info][gc,marking  ] GC(6000) Concurrent Mark
[2025-01-08T23:13:31.857+0000][182882.223s][info][gc,marking  ] GC(6000) Concurrent Mark From Roots
[2025-01-08T23:13:31.857+0000][182882.223s][info][gc,task     ] GC(6000) Using 2 workers of 2 for marking
[2025-01-08T23:13:32.674+0000][182883.040s][info][gc,marking  ] GC(6000) Concurrent Mark From Roots 816.673ms
[2025-01-08T23:13:32.674+0000][182883.040s][info][gc,marking  ] GC(6000) Concurrent Preclean
[2025-01-08T23:13:32.676+0000][182883.042s][info][gc,marking  ] GC(6000) Concurrent Preclean 2.644ms
[2025-01-08T23:13:32.676+0000][182883.042s][info][gc,start    ] GC(6000) Pause Remark
[2025-01-08T23:13:32.703+0000][182883.069s][info][gc          ] GC(6000) Pause Remark 2643M->2643M(12288M) 26.184ms
[2025-01-08T23:13:32.703+0000][182883.069s][info][gc,cpu      ] GC(6000) User=0.15s Sys=0.00s Real=0.03s
[2025-01-08T23:13:32.703+0000][182883.069s][info][gc,marking  ] GC(6000) Concurrent Mark 845.854ms
[2025-01-08T23:13:32.703+0000][182883.069s][info][gc,marking  ] GC(6000) Concurrent Rebuild Remembered Sets
[2025-01-08T23:13:33.247+0000][182883.613s][info][gc,marking  ] GC(6000) Concurrent Rebuild Remembered Sets 544.035ms
[2025-01-08T23:13:33.247+0000][182883.613s][info][gc,start    ] GC(6000) Pause Cleanup
[2025-01-08T23:13:33.247+0000][182883.613s][info][gc          ] GC(6000) Pause Cleanup 2767M->2767M(12288M) 0.429ms
[2025-01-08T23:13:33.247+0000][182883.614s][info][gc,cpu      ] GC(6000) User=0.00s Sys=0.00s Real=0.00s
[2025-01-08T23:13:33.247+0000][182883.614s][info][gc,marking  ] GC(6000) Concurrent Cleanup for Next Mark
[2025-01-08T23:13:33.263+0000][182883.629s][info][gc,marking  ] GC(6000) Concurrent Cleanup for Next Mark 15.445ms
[2025-01-08T23:13:33.263+0000][182883.629s][info][gc          ] GC(6000) Concurrent Mark Cycle 1431.194ms
[2025-01-08T23:13:43.246+0000][182893.612s][info][gc,start    ] GC(6001) Pause Young (Prepare Mixed) (G1 Evacuation Pause)
[2025-01-08T23:13:43.246+0000][182893.612s][info][gc,task     ] GC(6001) Using 6 workers of 6 for evacuation
[2025-01-08T23:13:43.283+0000][182893.649s][info][gc,phases   ] GC(6001)   Pre Evacuate Collection Set: 0.2ms
[2025-01-08T23:13:43.283+0000][182893.649s][info][gc,phases   ] GC(6001)   Merge Heap Roots: 0.7ms
[2025-01-08T23:13:43.283+0000][182893.649s][info][gc,phases   ] GC(6001)   Evacuate Collection Set: 33.0ms
[2025-01-08T23:13:43.283+0000][182893.649s][info][gc,phases   ] GC(6001)   Post Evacuate Collection Set: 2.9ms
[2025-01-08T23:13:43.283+0000][182893.649s][info][gc,phases   ] GC(6001)   Other: 0.2ms
[2025-01-08T23:13:43.283+0000][182893.649s][info][gc,heap     ] GC(6001) Eden regions: 912->0(66)
[2025-01-08T23:13:43.283+0000][182893.649s][info][gc,heap     ] GC(6001) Survivor regions: 9->10(116)
[2025-01-08T23:13:43.283+0000][182893.649s][info][gc,heap     ] GC(6001) Old regions: 235->235
[2025-01-08T23:13:43.283+0000][182893.649s][info][gc,heap     ] GC(6001) Archive regions: 2->2
[2025-01-08T23:13:43.283+0000][182893.649s][info][gc,heap     ] GC(6001) Humongous regions: 49->49
[2025-01-08T23:13:43.283+0000][182893.649s][info][gc,metaspace] GC(6001) Metaspace: 524085K(533824K)->524085K(533824K) NonClass: 460225K(465088K)->460225K(465088K) Class: 63860K(68736K)->63860K(68736K)
[2025-01-08T23:13:43.283+0000][182893.649s][info][gc          ] GC(6001) Pause Young (Prepare Mixed) (G1 Evacuation Pause) 9639M->2353M(12288M) 37.133ms
[2025-01-08T23:13:43.283+0000][182893.649s][info][gc,cpu      ] GC(6001) User=0.22s Sys=0.00s Real=0.04s
[2025-01-08T23:13:43.775+0000][182894.141s][info][gc,start    ] GC(6002) Pause Young (Mixed) (G1 Evacuation Pause)
[2025-01-08T23:13:43.775+0000][182894.141s][info][gc,task     ] GC(6002) Using 6 workers of 6 for evacuation
[2025-01-08T23:13:43.841+0000][182894.207s][info][gc,phases   ] GC(6002)   Pre Evacuate Collection Set: 0.2ms
[2025-01-08T23:13:43.841+0000][182894.207s][info][gc,phases   ] GC(6002)   Merge Heap Roots: 0.7ms
[2025-01-08T23:13:43.841+0000][182894.207s][info][gc,phases   ] GC(6002)   Evacuate Collection Set: 63.3ms
[2025-01-08T23:13:43.841+0000][182894.207s][info][gc,phases   ] GC(6002)   Post Evacuate Collection Set: 1.7ms
[2025-01-08T23:13:43.841+0000][182894.207s][info][gc,phases   ] GC(6002)   Other: 0.2ms
[2025-01-08T23:13:43.841+0000][182894.207s][info][gc,heap     ] GC(6002) Eden regions: 66->0(915)
[2025-01-08T23:13:43.841+0000][182894.207s][info][gc,heap     ] GC(6002) Survivor regions: 10->6(10)
[2025-01-08T23:13:43.841+0000][182894.207s][info][gc,heap     ] GC(6002) Old regions: 235->235
[2025-01-08T23:13:43.841+0000][182894.207s][info][gc,heap     ] GC(6002) Archive regions: 2->2
[2025-01-08T23:13:43.841+0000][182894.207s][info][gc,heap     ] GC(6002) Humongous regions: 49->49
[2025-01-08T23:13:43.841+0000][182894.207s][info][gc,metaspace] GC(6002) Metaspace: 524085K(533824K)->524085K(533824K) NonClass: 460225K(465088K)->460225K(465088K) Class: 63860K(68736K)->63860K(68736K)
[2025-01-08T23:13:43.841+0000][182894.207s][info][gc          ] GC(6002) Pause Young (Mixed) (G1 Evacuation Pause) 2881M->2318M(12288M) 66.168ms
[2025-01-08T23:13:43.841+0000][182894.207s][info][gc,cpu      ] GC(6002) User=0.39s Sys=0.00s Real=0.06s
[2025-01-08T23:13:52.102+0000][182902.468s][info][gc,start    ] GC(6003) Pause Young (Normal) (G1 Evacuation Pause)
[2025-01-08T23:13:52.102+0000][182902.468s][info][gc,task     ] GC(6003) Using 6 workers of 6 for evacuation
[2025-01-08T23:13:52.131+0000][182902.497s][info][gc,phases   ] GC(6003)   Pre Evacuate Collection Set: 0.2ms
[2025-01-08T23:13:52.131+0000][182902.497s][info][gc,phases   ] GC(6003)   Merge Heap Roots: 0.4ms
[2025-01-08T23:13:52.131+0000][182902.497s][info][gc,phases   ] GC(6003)   Evacuate Collection Set: 22.5ms
[2025-01-08T23:13:52.131+0000][182902.497s][info][gc,phases   ] GC(6003)   Post Evacuate Collection Set: 5.3ms
[2025-01-08T23:13:52.131+0000][182902.497s][info][gc,phases   ] GC(6003)   Other: 0.2ms
[2025-01-08T23:13:52.131+0000][182902.497s][info][gc,heap     ] GC(6003) Eden regions: 915->0(913)
[2025-01-08T23:13:52.131+0000][182902.497s][info][gc,heap     ] GC(6003) Survivor regions: 6->8(116)
[2025-01-08T23:13:52.131+0000][182902.497s][info][gc,heap     ] GC(6003) Old regions: 235->235
[2025-01-08T23:13:52.131+0000][182902.497s][info][gc,heap     ] GC(6003) Archive regions: 2->2
[2025-01-08T23:13:52.131+0000][182902.497s][info][gc,heap     ] GC(6003) Humongous regions: 49->49
[2025-01-08T23:13:52.131+0000][182902.497s][info][gc,metaspace] GC(6003) Metaspace: 524085K(533824K)->524085K(533824K) NonClass: 460225K(465088K)->460225K(465088K) Class: 63860K(68736K)->63860K(68736K)
[2025-01-08T23:13:52.131+0000][182902.497s][info][gc          ] GC(6003) Pause Young (Normal) (G1 Evacuation Pause) 9638M->2335M(12288M) 28.806ms
[2025-01-08T23:13:52.131+0000][182902.497s][info][gc,cpu      ] GC(6003) User=0.16s Sys=0.00s Real=0.03s
[2025-01-08T23:13:59.863+0000][182910.229s][info][gc,start    ] GC(6004) Pause Young (Normal) (G1 Evacuation Pause)
[2025-01-08T23:13:59.863+0000][182910.229s][info][gc,task     ] GC(6004) Using 6 workers of 6 for evacuation
[2025-01-08T23:13:59.893+0000][182910.259s][info][gc,phases   ] GC(6004)   Pre Evacuate Collection Set: 0.2ms
[2025-01-08T23:13:59.893+0000][182910.259s][info][gc,phases   ] GC(6004)   Merge Heap Roots: 0.4ms
[2025-01-08T23:13:59.893+0000][182910.259s][info][gc,phases   ] GC(6004)   Evacuate Collection Set: 26.0ms
[2025-01-08T23:13:59.893+0000][182910.259s][info][gc,phases   ] GC(6004)   Post Evacuate Collection Set: 2.7ms
[2025-01-08T23:13:59.893+0000][182910.259s][info][gc,phases   ] GC(6004)   Other: 0.2ms
[2025-01-08T23:13:59.893+0000][182910.259s][info][gc,heap     ] GC(6004) Eden regions: 913->0(911)
[2025-01-08T23:13:59.893+0000][182910.259s][info][gc,heap     ] GC(6004) Survivor regions: 8->10(116)
[2025-01-08T23:13:59.893+0000][182910.259s][info][gc,heap     ] GC(6004) Old regions: 235->235
[2025-01-08T23:13:59.893+0000][182910.259s][info][gc,heap     ] GC(6004) Archive regions: 2->2
[2025-01-08T23:13:59.893+0000][182910.259s][info][gc,heap     ] GC(6004) Humongous regions: 49->49
[2025-01-08T23:13:59.893+0000][182910.259s][info][gc,metaspace] GC(6004) Metaspace: 524085K(533824K)->524085K(533824K) NonClass: 460225K(465088K)->460225K(465088K) Class: 63860K(68736K)->63860K(68736K)
[2025-01-08T23:13:59.893+0000][182910.259s][info][gc          ] GC(6004) Pause Young (Normal) (G1 Evacuation Pause) 9639M->2354M(12288M) 29.683ms
[2025-01-08T23:13:59.893+0000][182910.259s][info][gc,cpu      ] GC(6004) User=0.17s Sys=0.00s Real=0.03s
[2025-01-08T23:14:07.679+0000][182918.045s][info][gc,start    ] GC(6005) Pause Young (Concurrent Start) (G1 Evacuation Pause)
[2025-01-08T23:14:07.679+0000][182918.045s][info][gc,task     ] GC(6005) Using 6 workers of 6 for evacuation
[2025-01-08T23:14:07.713+0000][182918.079s][info][gc,phases   ] GC(6005)   Pre Evacuate Collection Set: 1.2ms
[2025-01-08T23:14:07.713+0000][182918.079s][info][gc,phases   ] GC(6005)   Merge Heap Roots: 0.5ms
[2025-01-08T23:14:07.713+0000][182918.079s][info][gc,phases   ] GC(6005)   Evacuate Collection Set: 27.9ms
[2025-01-08T23:14:07.713+0000][182918.079s][info][gc,phases   ] GC(6005)   Post Evacuate Collection Set: 4.0ms
[2025-01-08T23:14:07.713+0000][182918.079s][info][gc,phases   ] GC(6005)   Other: 0.3ms
[2025-01-08T23:14:07.713+0000][182918.079s][info][gc,heap     ] GC(6005) Eden regions: 911->0(911)
[2025-01-08T23:14:07.713+0000][182918.079s][info][gc,heap     ] GC(6005) Survivor regions: 10->10(116)
[2025-01-08T23:14:07.713+0000][182918.079s][info][gc,heap     ] GC(6005) Old regions: 235->235
[2025-01-08T23:14:07.713+0000][182918.079s][info][gc,heap     ] GC(6005) Archive regions: 2->2
[2025-01-08T23:14:07.713+0000][182918.079s][info][gc,heap     ] GC(6005) Humongous regions: 49->49
[2025-01-08T23:14:07.713+0000][182918.079s][info][gc,metaspace] GC(6005) Metaspace: 524085K(533824K)->524085K(533824K) NonClass: 460225K(465088K)->460225K(465088K) Class: 63860K(68736K)->63860K(68736K)
[2025-01-08T23:14:07.713+0000][182918.079s][info][gc          ] GC(6005) Pause Young (Concurrent Start) (G1 Evacuation Pause) 9642M->2352M(12288M) 33.878ms
[2025-01-08T23:14:07.713+0000][182918.079s][info][gc,cpu      ] GC(6005) User=0.19s Sys=0.00s Real=0.04s
[2025-01-08T23:14:07.713+0000][182918.079s][info][gc          ] GC(6006) Concurrent Mark Cycle
[2025-01-08T23:14:07.713+0000][182918.079s][info][gc,marking  ] GC(6006) Concurrent Clear Claimed Marks
[2025-01-08T23:14:07.714+0000][182918.080s][info][gc,marking  ] GC(6006) Concurrent Clear Claimed Marks 1.017ms
[2025-01-08T23:14:07.714+0000][182918.080s][info][gc,marking  ] GC(6006) Concurrent Scan Root Regions
[2025-01-08T23:14:07.738+0000][182918.104s][info][gc,marking  ] GC(6006) Concurrent Scan Root Regions 23.654ms
[2025-01-08T23:14:07.738+0000][182918.104s][info][gc,marking  ] GC(6006) Concurrent Mark
[2025-01-08T23:14:07.738+0000][182918.104s][info][gc,marking  ] GC(6006) Concurrent Mark From Roots
[2025-01-08T23:14:07.738+0000][182918.104s][info][gc,task     ] GC(6006) Using 2 workers of 2 for marking
[2025-01-08T23:14:08.603+0000][182918.969s][info][gc,marking  ] GC(6006) Concurrent Mark From Roots 864.848ms
[2025-01-08T23:14:08.603+0000][182918.969s][info][gc,marking  ] GC(6006) Concurrent Preclean
[2025-01-08T23:14:08.606+0000][182918.972s][info][gc,marking  ] GC(6006) Concurrent Preclean 2.694ms
[2025-01-08T23:14:08.606+0000][182918.972s][info][gc,start    ] GC(6006) Pause Remark
[2025-01-08T23:14:08.633+0000][182918.999s][info][gc          ] GC(6006) Pause Remark 3112M->3112M(12288M) 26.788ms
[2025-01-08T23:14:08.633+0000][182918.999s][info][gc,cpu      ] GC(6006) User=0.16s Sys=0.00s Real=0.03s
[2025-01-08T23:14:08.633+0000][182918.999s][info][gc,marking  ] GC(6006) Concurrent Mark 894.703ms
[2025-01-08T23:14:08.633+0000][182918.999s][info][gc,marking  ] GC(6006) Concurrent Rebuild Remembered Sets
[2025-01-08T23:14:09.179+0000][182919.545s][info][gc,marking  ] GC(6006) Concurrent Rebuild Remembered Sets 545.949ms
[2025-01-08T23:14:09.179+0000][182919.545s][info][gc,start    ] GC(6006) Pause Cleanup
[2025-01-08T23:14:09.179+0000][182919.545s][info][gc          ] GC(6006) Pause Cleanup 3528M->3528M(12288M) 0.441ms
[2025-01-08T23:14:09.179+0000][182919.545s][info][gc,cpu      ] GC(6006) User=0.00s Sys=0.00s Real=0.00s
[2025-01-08T23:14:09.179+0000][182919.545s][info][gc,marking  ] GC(6006) Concurrent Cleanup for Next Mark
[2025-01-08T23:14:09.195+0000][182919.561s][info][gc,marking  ] GC(6006) Concurrent Cleanup for Next Mark 15.384ms
[2025-01-08T23:14:09.195+0000][182919.561s][info][gc          ] GC(6006) Concurrent Mark Cycle 1481.596ms
[2025-01-08T23:14:17.522+0000][182927.889s][info][gc,start    ] GC(6007) Pause Young (Prepare Mixed) (G1 Evacuation Pause)
[2025-01-08T23:14:17.522+0000][182927.889s][info][gc,task     ] GC(6007) Using 6 workers of 6 for evacuation
[2025-01-08T23:14:17.558+0000][182927.924s][info][gc,phases   ] GC(6007)   Pre Evacuate Collection Set: 0.2ms
[2025-01-08T23:14:17.558+0000][182927.924s][info][gc,phases   ] GC(6007)   Merge Heap Roots: 0.7ms
[2025-01-08T23:14:17.558+0000][182927.924s][info][gc,phases   ] GC(6007)   Evacuate Collection Set: 32.0ms
[2025-01-08T23:14:17.558+0000][182927.924s][info][gc,phases   ] GC(6007)   Post Evacuate Collection Set: 2.7ms
[2025-01-08T23:14:17.558+0000][182927.924s][info][gc,phases   ] GC(6007)   Other: 0.2ms
[2025-01-08T23:14:17.558+0000][182927.924s][info][gc,heap     ] GC(6007) Eden regions: 911->0(66)
[2025-01-08T23:14:17.558+0000][182927.924s][info][gc,heap     ] GC(6007) Survivor regions: 10->10(116)
[2025-01-08T23:14:17.558+0000][182927.924s][info][gc,heap     ] GC(6007) Old regions: 235->235
[2025-01-08T23:14:17.558+0000][182927.924s][info][gc,heap     ] GC(6007) Archive regions: 2->2
[2025-01-08T23:14:17.558+0000][182927.924s][info][gc,heap     ] GC(6007) Humongous regions: 49->49
[2025-01-08T23:14:17.558+0000][182927.924s][info][gc,metaspace] GC(6007) Metaspace: 524085K(533824K)->524085K(533824K) NonClass: 460225K(465088K)->460225K(465088K) Class: 63860K(68736K)->63860K(68736K)
[2025-01-08T23:14:17.558+0000][182927.924s][info][gc          ] GC(6007) Pause Young (Prepare Mixed) (G1 Evacuation Pause) 9640M->2354M(12288M) 35.856ms
[2025-01-08T23:14:17.558+0000][182927.924s][info][gc,cpu      ] GC(6007) User=0.21s Sys=0.00s Real=0.03s
[2025-01-08T23:14:18.304+0000][182928.670s][info][gc,start    ] GC(6008) Pause Young (Mixed) (G1 Evacuation Pause)
[2025-01-08T23:14:18.304+0000][182928.670s][info][gc,task     ] GC(6008) Using 6 workers of 6 for evacuation
[2025-01-08T23:14:18.370+0000][182928.736s][info][gc,phases   ] GC(6008)   Pre Evacuate Collection Set: 0.2ms
[2025-01-08T23:14:18.370+0000][182928.736s][info][gc,phases   ] GC(6008)   Merge Heap Roots: 0.7ms
[2025-01-08T23:14:18.370+0000][182928.736s][info][gc,phases   ] GC(6008)   Evacuate Collection Set: 63.2ms
[2025-01-08T23:14:18.370+0000][182928.736s][info][gc,phases   ] GC(6008)   Post Evacuate Collection Set: 1.7ms
[2025-01-08T23:14:18.370+0000][182928.736s][info][gc,phases   ] GC(6008)   Other: 0.2ms
[2025-01-08T23:14:18.370+0000][182928.736s][info][gc,heap     ] GC(6008) Eden regions: 66->0(916)
[2025-01-08T23:14:18.370+0000][182928.736s][info][gc,heap     ] GC(6008) Survivor regions: 10->5(10)
[2025-01-08T23:14:18.370+0000][182928.736s][info][gc,heap     ] GC(6008) Old regions: 235->235
[2025-01-08T23:14:18.370+0000][182928.736s][info][gc,heap     ] GC(6008) Archive regions: 2->2
[2025-01-08T23:14:18.370+0000][182928.736s][info][gc,heap     ] GC(6008) Humongous regions: 49->49
[2025-01-08T23:14:18.370+0000][182928.736s][info][gc,metaspace] GC(6008) Metaspace: 524085K(533824K)->524085K(533824K) NonClass: 460225K(465088K)->460225K(465088K) Class: 63860K(68736K)->63860K(68736K)
[2025-01-08T23:14:18.370+0000][182928.736s][info][gc          ] GC(6008) Pause Young (Mixed) (G1 Evacuation Pause) 2882M->2317M(12288M) 66.031ms
[2025-01-08T23:14:18.370+0000][182928.736s][info][gc,cpu      ] GC(6008) User=0.39s Sys=0.00s Real=0.07s
[2025-01-08T23:14:28.811+0000][182939.177s][info][gc,start    ] GC(6009) Pause Young (Normal) (G1 Evacuation Pause)
[2025-01-08T23:14:28.811+0000][182939.177s][info][gc,task     ] GC(6009) Using 6 workers of 6 for evacuation
[2025-01-08T23:14:28.840+0000][182939.206s][info][gc,phases   ] GC(6009)   Pre Evacuate Collection Set: 0.2ms
[2025-01-08T23:14:28.840+0000][182939.206s][info][gc,phases   ] GC(6009)   Merge Heap Roots: 0.4ms
[2025-01-08T23:14:28.840+0000][182939.206s][info][gc,phases   ] GC(6009)   Evacuate Collection Set: 25.5ms
[2025-01-08T23:14:28.840+0000][182939.206s][info][gc,phases   ] GC(6009)   Post Evacuate Collection Set: 2.7ms
[2025-01-08T23:14:28.840+0000][182939.206s][info][gc,phases   ] GC(6009)   Other: 0.2ms
[2025-01-08T23:14:28.840+0000][182939.206s][info][gc,heap     ] GC(6009) Eden regions: 916->0(914)
[2025-01-08T23:14:28.840+0000][182939.206s][info][gc,heap     ] GC(6009) Survivor regions: 5->7(116)
[2025-01-08T23:14:28.840+0000][182939.206s][info][gc,heap     ] GC(6009) Old regions: 235->235
[2025-01-08T23:14:28.840+0000][182939.206s][info][gc,heap     ] GC(6009) Archive regions: 2->2
[2025-01-08T23:14:28.840+0000][182939.206s][info][gc,heap     ] GC(6009) Humongous regions: 49->49
[2025-01-08T23:14:28.840+0000][182939.206s][info][gc,metaspace] GC(6009) Metaspace: 524085K(533824K)->524085K(533824K) NonClass: 460225K(465088K)->460225K(465088K) Class: 63860K(68736K)->63860K(68736K)
[2025-01-08T23:14:28.840+0000][182939.206s][info][gc          ] GC(6009) Pause Young (Normal) (G1 Evacuation Pause) 9645M->2330M(12288M) 29.103ms
[2025-01-08T23:14:28.840+0000][182939.206s][info][gc,cpu      ] GC(6009) User=0.16s Sys=0.01s Real=0.02s
[2025-01-08T23:14:35.409+0000][182945.775s][info][gc,start    ] GC(6010) Pause Young (Normal) (G1 Evacuation Pause)
[2025-01-08T23:14:35.409+0000][182945.775s][info][gc,task     ] GC(6010) Using 6 workers of 6 for evacuation
[2025-01-08T23:14:35.437+0000][182945.803s][info][gc,phases   ] GC(6010)   Pre Evacuate Collection Set: 0.2ms
[2025-01-08T23:14:35.437+0000][182945.803s][info][gc,phases   ] GC(6010)   Merge Heap Roots: 0.4ms
[2025-01-08T23:14:35.437+0000][182945.803s][info][gc,phases   ] GC(6010)   Evacuate Collection Set: 24.4ms
[2025-01-08T23:14:35.437+0000][182945.803s][info][gc,phases   ] GC(6010)   Post Evacuate Collection Set: 2.5ms
[2025-01-08T23:14:35.437+0000][182945.803s][info][gc,phases   ] GC(6010)   Other: 0.2ms
[2025-01-08T23:14:35.437+0000][182945.803s][info][gc,heap     ] GC(6010) Eden regions: 914->0(913)
[2025-01-08T23:14:35.437+0000][182945.803s][info][gc,heap     ] GC(6010) Survivor regions: 7->8(116)
[2025-01-08T23:14:35.437+0000][182945.803s][info][gc,heap     ] GC(6010) Old regions: 235->235
[2025-01-08T23:14:35.437+0000][182945.803s][info][gc,heap     ] GC(6010) Archive regions: 2->2
[2025-01-08T23:14:35.437+0000][182945.803s][info][gc,heap     ] GC(6010) Humongous regions: 49->49
[2025-01-08T23:14:35.437+0000][182945.803s][info][gc,metaspace] GC(6010) Metaspace: 524085K(533824K)->524085K(533824K) NonClass: 460225K(465088K)->460225K(465088K) Class: 63860K(68736K)->63860K(68736K)
[2025-01-08T23:14:35.437+0000][182945.803s][info][gc          ] GC(6010) Pause Young (Normal) (G1 Evacuation Pause) 9642M->2339M(12288M) 27.847ms
[2025-01-08T23:14:35.437+0000][182945.803s][info][gc,cpu      ] GC(6010) User=0.16s Sys=0.00s Real=0.03s
[2025-01-08T23:14:43.799+0000][182954.165s][info][gc,start    ] GC(6011) Pause Young (Concurrent Start) (G1 Evacuation Pause)
[2025-01-08T23:14:43.799+0000][182954.165s][info][gc,task     ] GC(6011) Using 6 workers of 6 for evacuation
[2025-01-08T23:14:43.837+0000][182954.203s][info][gc,phases   ] GC(6011)   Pre Evacuate Collection Set: 1.1ms
[2025-01-08T23:14:43.837+0000][182954.203s][info][gc,phases   ] GC(6011)   Merge Heap Roots: 0.5ms
[2025-01-08T23:14:43.837+0000][182954.203s][info][gc,phases   ] GC(6011)   Evacuate Collection Set: 31.9ms
[2025-01-08T23:14:43.837+0000][182954.203s][info][gc,phases   ] GC(6011)   Post Evacuate Collection Set: 4.2ms
[2025-01-08T23:14:43.837+0000][182954.203s][info][gc,phases   ] GC(6011)   Other: 0.3ms
[2025-01-08T23:14:43.837+0000][182954.203s][info][gc,heap     ] GC(6011) Eden regions: 913->0(911)
[2025-01-08T23:14:43.837+0000][182954.203s][info][gc,heap     ] GC(6011) Survivor regions: 8->10(116)
[2025-01-08T23:14:43.837+0000][182954.203s][info][gc,heap     ] GC(6011) Old regions: 235->235
[2025-01-08T23:14:43.837+0000][182954.203s][info][gc,heap     ] GC(6011) Archive regions: 2->2
[2025-01-08T23:14:43.837+0000][182954.203s][info][gc,heap     ] GC(6011) Humongous regions: 49->49
[2025-01-08T23:14:43.837+0000][182954.203s][info][gc,metaspace] GC(6011) Metaspace: 524085K(533824K)->524085K(533824K) NonClass: 460225K(465088K)->460225K(465088K) Class: 63860K(68736K)->63860K(68736K)
[2025-01-08T23:14:43.837+0000][182954.203s][info][gc          ] GC(6011) Pause Young (Concurrent Start) (G1 Evacuation Pause) 9643M->2357M(12288M) 38.163ms
[2025-01-08T23:14:43.837+0000][182954.203s][info][gc,cpu      ] GC(6011) User=0.22s Sys=0.00s Real=0.04s
[2025-01-08T23:14:43.837+0000][182954.204s][info][gc          ] GC(6012) Concurrent Mark Cycle
[2025-01-08T23:14:43.837+0000][182954.204s][info][gc,marking  ] GC(6012) Concurrent Clear Claimed Marks
[2025-01-08T23:14:43.838+0000][182954.205s][info][gc,marking  ] GC(6012) Concurrent Clear Claimed Marks 0.994ms
[2025-01-08T23:14:43.838+0000][182954.205s][info][gc,marking  ] GC(6012) Concurrent Scan Root Regions
[2025-01-08T23:14:43.868+0000][182954.234s][info][gc,marking  ] GC(6012) Concurrent Scan Root Regions 29.810ms
[2025-01-08T23:14:43.868+0000][182954.234s][info][gc,marking  ] GC(6012) Concurrent Mark
[2025-01-08T23:14:43.868+0000][182954.234s][info][gc,marking  ] GC(6012) Concurrent Mark From Roots
[2025-01-08T23:14:43.868+0000][182954.234s][info][gc,task     ] GC(6012) Using 2 workers of 2 for marking
[2025-01-08T23:14:44.676+0000][182955.043s][info][gc,marking  ] GC(6012) Concurrent Mark From Roots 808.055ms
[2025-01-08T23:14:44.676+0000][182955.043s][info][gc,marking  ] GC(6012) Concurrent Preclean
[2025-01-08T23:14:44.680+0000][182955.046s][info][gc,marking  ] GC(6012) Concurrent Preclean 3.360ms
[2025-01-08T23:14:44.680+0000][182955.046s][info][gc,start    ] GC(6012) Pause Remark
[2025-01-08T23:14:44.707+0000][182955.073s][info][gc          ] GC(6012) Pause Remark 2977M->2977M(12288M) 27.351ms
[2025-01-08T23:14:44.707+0000][182955.073s][info][gc,cpu      ] GC(6012) User=0.15s Sys=0.00s Real=0.03s
[2025-01-08T23:14:44.708+0000][182955.074s][info][gc,marking  ] GC(6012) Concurrent Mark 839.172ms
[2025-01-08T23:14:44.708+0000][182955.074s][info][gc,marking  ] GC(6012) Concurrent Rebuild Remembered Sets
[2025-01-08T23:14:45.261+0000][182955.627s][info][gc,marking  ] GC(6012) Concurrent Rebuild Remembered Sets 553.329ms
[2025-01-08T23:14:45.261+0000][182955.627s][info][gc,start    ] GC(6012) Pause Cleanup
[2025-01-08T23:14:45.261+0000][182955.628s][info][gc          ] GC(6012) Pause Cleanup 3537M->3537M(12288M) 0.454ms
[2025-01-08T23:14:45.262+0000][182955.628s][info][gc,cpu      ] GC(6012) User=0.01s Sys=0.00s Real=0.01s
[2025-01-08T23:14:45.262+0000][182955.628s][info][gc,marking  ] GC(6012) Concurrent Cleanup for Next Mark
[2025-01-08T23:14:45.277+0000][182955.643s][info][gc,marking  ] GC(6012) Concurrent Cleanup for Next Mark 15.502ms
[2025-01-08T23:14:45.277+0000][182955.643s][info][gc          ] GC(6012) Concurrent Mark Cycle 1439.736ms
[2025-01-08T23:14:56.484+0000][182966.850s][info][gc,start    ] GC(6013) Pause Young (Prepare Mixed) (G1 Evacuation Pause)
[2025-01-08T23:14:56.484+0000][182966.850s][info][gc,task     ] GC(6013) Using 6 workers of 6 for evacuation
[2025-01-08T23:14:56.525+0000][182966.891s][info][gc,phases   ] GC(6013)   Pre Evacuate Collection Set: 0.2ms
[2025-01-08T23:14:56.525+0000][182966.891s][info][gc,phases   ] GC(6013)   Merge Heap Roots: 0.7ms
[2025-01-08T23:14:56.525+0000][182966.891s][info][gc,phases   ] GC(6013)   Evacuate Collection Set: 35.0ms
[2025-01-08T23:14:56.525+0000][182966.891s][info][gc,phases   ] GC(6013)   Post Evacuate Collection Set: 5.5ms
[2025-01-08T23:14:56.525+0000][182966.891s][info][gc,phases   ] GC(6013)   Other: 0.2ms
[2025-01-08T23:14:56.525+0000][182966.891s][info][gc,heap     ] GC(6013) Eden regions: 911->0(64)
[2025-01-08T23:14:56.525+0000][182966.891s][info][gc,heap     ] GC(6013) Survivor regions: 10->12(116)
[2025-01-08T23:14:56.525+0000][182966.891s][info][gc,heap     ] GC(6013) Old regions: 235->235
[2025-01-08T23:14:56.525+0000][182966.891s][info][gc,heap     ] GC(6013) Archive regions: 2->2
[2025-01-08T23:14:56.525+0000][182966.891s][info][gc,heap     ] GC(6013) Humongous regions: 49->49
[2025-01-08T23:14:56.525+0000][182966.891s][info][gc,metaspace] GC(6013) Metaspace: 524085K(533824K)->524085K(533824K) NonClass: 460225K(465088K)->460225K(465088K) Class: 63860K(68736K)->63860K(68736K)
[2025-01-08T23:14:56.525+0000][182966.891s][info][gc          ] GC(6013) Pause Young (Prepare Mixed) (G1 Evacuation Pause) 9645M->2373M(12288M) 41.723ms
[2025-01-08T23:14:56.525+0000][182966.891s][info][gc,cpu      ] GC(6013) User=0.25s Sys=0.00s Real=0.04s
[2025-01-08T23:14:57.131+0000][182967.497s][info][gc,start    ] GC(6014) Pause Young (Mixed) (G1 Evacuation Pause)
[2025-01-08T23:14:57.131+0000][182967.497s][info][gc,task     ] GC(6014) Using 6 workers of 6 for evacuation
[2025-01-08T23:14:57.206+0000][182967.572s][info][gc,phases   ] GC(6014)   Pre Evacuate Collection Set: 0.2ms
[2025-01-08T23:14:57.206+0000][182967.572s][info][gc,phases   ] GC(6014)   Merge Heap Roots: 0.8ms
[2025-01-08T23:14:57.206+0000][182967.572s][info][gc,phases   ] GC(6014)   Evacuate Collection Set: 72.0ms
[2025-01-08T23:14:57.206+0000][182967.572s][info][gc,phases   ] GC(6014)   Post Evacuate Collection Set: 1.7ms
[2025-01-08T23:14:57.206+0000][182967.572s][info][gc,phases   ] GC(6014)   Other: 0.2ms
[2025-01-08T23:14:57.206+0000][182967.572s][info][gc,heap     ] GC(6014) Eden regions: 64->0(916)
[2025-01-08T23:14:57.206+0000][182967.572s][info][gc,heap     ] GC(6014) Survivor regions: 12->5(10)
[2025-01-08T23:14:57.206+0000][182967.572s][info][gc,heap     ] GC(6014) Old regions: 235->238
[2025-01-08T23:14:57.206+0000][182967.572s][info][gc,heap     ] GC(6014) Archive regions: 2->2
[2025-01-08T23:14:57.206+0000][182967.572s][info][gc,heap     ] GC(6014) Humongous regions: 49->49
[2025-01-08T23:14:57.206+0000][182967.572s][info][gc,metaspace] GC(6014) Metaspace: 524085K(533824K)->524085K(533824K) NonClass: 460225K(465088K)->460225K(465088K) Class: 63860K(68736K)->63860K(68736K)
[2025-01-08T23:14:57.206+0000][182967.572s][info][gc          ] GC(6014) Pause Young (Mixed) (G1 Evacuation Pause) 2885M->2335M(12288M) 75.023ms
[2025-01-08T23:14:57.206+0000][182967.572s][info][gc,cpu      ] GC(6014) User=0.43s Sys=0.00s Real=0.07s
[2025-01-08T23:15:04.913+0000][182975.279s][info][gc,start    ] GC(6015) Pause Young (Normal) (G1 Evacuation Pause)
[2025-01-08T23:15:04.913+0000][182975.279s][info][gc,task     ] GC(6015) Using 6 workers of 6 for evacuation
[2025-01-08T23:15:04.937+0000][182975.303s][info][gc,phases   ] GC(6015)   Pre Evacuate Collection Set: 0.2ms
[2025-01-08T23:15:04.937+0000][182975.303s][info][gc,phases   ] GC(6015)   Merge Heap Roots: 0.4ms
[2025-01-08T23:15:04.937+0000][182975.303s][info][gc,phases   ] GC(6015)   Evacuate Collection Set: 20.6ms
[2025-01-08T23:15:04.937+0000][182975.303s][info][gc,phases   ] GC(6015)   Post Evacuate Collection Set: 2.5ms
[2025-01-08T23:15:04.937+0000][182975.303s][info][gc,phases   ] GC(6015)   Other: 0.2ms
[2025-01-08T23:15:04.937+0000][182975.303s][info][gc,heap     ] GC(6015) Eden regions: 916->0(915)
[2025-01-08T23:15:04.937+0000][182975.304s][info][gc,heap     ] GC(6015) Survivor regions: 5->6(116)
[2025-01-08T23:15:04.937+0000][182975.304s][info][gc,heap     ] GC(6015) Old regions: 238->238
[2025-01-08T23:15:04.937+0000][182975.304s][info][gc,heap     ] GC(6015) Archive regions: 2->2
[2025-01-08T23:15:04.937+0000][182975.304s][info][gc,heap     ] GC(6015) Humongous regions: 49->49
[2025-01-08T23:15:04.937+0000][182975.304s][info][gc,metaspace] GC(6015) Metaspace: 524085K(533824K)->524085K(533824K) NonClass: 460225K(465088K)->460225K(465088K) Class: 63860K(68736K)->63860K(68736K)
[2025-01-08T23:15:04.937+0000][182975.304s][info][gc          ] GC(6015) Pause Young (Normal) (G1 Evacuation Pause) 9663M->2341M(12288M) 24.126ms
[2025-01-08T23:15:04.938+0000][182975.304s][info][gc,cpu      ] GC(6015) User=0.13s Sys=0.00s Real=0.02s
[2025-01-08T23:15:10.592+0000][182980.958s][info][gc,start    ] GC(6016) Pause Young (Normal) (G1 Evacuation Pause)
[2025-01-08T23:15:10.592+0000][182980.958s][info][gc,task     ] GC(6016) Using 6 workers of 6 for evacuation
[2025-01-08T23:15:10.616+0000][182980.982s][info][gc,phases   ] GC(6016)   Pre Evacuate Collection Set: 0.2ms
[2025-01-08T23:15:10.616+0000][182980.982s][info][gc,phases   ] GC(6016)   Merge Heap Roots: 0.4ms
[2025-01-08T23:15:10.616+0000][182980.982s][info][gc,phases   ] GC(6016)   Evacuate Collection Set: 20.9ms
[2025-01-08T23:15:10.616+0000][182980.982s][info][gc,phases   ] GC(6016)   Post Evacuate Collection Set: 2.4ms
[2025-01-08T23:15:10.616+0000][182980.982s][info][gc,phases   ] GC(6016)   Other: 0.2ms
[2025-01-08T23:15:10.616+0000][182980.982s][info][gc,heap     ] GC(6016) Eden regions: 915->0(914)
[2025-01-08T23:15:10.616+0000][182980.982s][info][gc,heap     ] GC(6016) Survivor regions: 6->7(116)
[2025-01-08T23:15:10.616+0000][182980.982s][info][gc,heap     ] GC(6016) Old regions: 238->238
[2025-01-08T23:15:10.616+0000][182980.982s][info][gc,heap     ] GC(6016) Archive regions: 2->2
[2025-01-08T23:15:10.616+0000][182980.982s][info][gc,heap     ] GC(6016) Humongous regions: 49->49
[2025-01-08T23:15:10.616+0000][182980.982s][info][gc,metaspace] GC(6016) Metaspace: 524085K(533824K)->524085K(533824K) NonClass: 460225K(465088K)->460225K(465088K) Class: 63860K(68736K)->63860K(68736K)
[2025-01-08T23:15:10.616+0000][182980.982s][info][gc          ] GC(6016) Pause Young (Normal) (G1 Evacuation Pause) 9661M->2347M(12288M) 24.216ms
[2025-01-08T23:15:10.616+0000][182980.982s][info][gc,cpu      ] GC(6016) User=0.14s Sys=0.00s Real=0.02s
[2025-01-08T23:15:17.066+0000][182987.432s][info][gc,start    ] GC(6017) Pause Young (Concurrent Start) (G1 Evacuation Pause)
[2025-01-08T23:15:17.066+0000][182987.432s][info][gc,task     ] GC(6017) Using 6 workers of 6 for evacuation
[2025-01-08T23:15:17.097+0000][182987.463s][info][gc,phases   ] GC(6017)   Pre Evacuate Collection Set: 1.1ms
[2025-01-08T23:15:17.097+0000][182987.463s][info][gc,phases   ] GC(6017)   Merge Heap Roots: 0.5ms
[2025-01-08T23:15:17.097+0000][182987.463s][info][gc,phases   ] GC(6017)   Evacuate Collection Set: 26.5ms
[2025-01-08T23:15:17.097+0000][182987.463s][info][gc,phases   ] GC(6017)   Post Evacuate Collection Set: 2.8ms
[2025-01-08T23:15:17.097+0000][182987.463s][info][gc,phases   ] GC(6017)   Other: 0.3ms
[2025-01-08T23:15:17.097+0000][182987.463s][info][gc,heap     ] GC(6017) Eden regions: 914->0(914)
[2025-01-08T23:15:17.097+0000][182987.463s][info][gc,heap     ] GC(6017) Survivor regions: 7->7(116)
[2025-01-08T23:15:17.097+0000][182987.463s][info][gc,heap     ] GC(6017) Old regions: 238->238
[2025-01-08T23:15:17.097+0000][182987.463s][info][gc,heap     ] GC(6017) Archive regions: 2->2
[2025-01-08T23:15:17.097+0000][182987.463s][info][gc,heap     ] GC(6017) Humongous regions: 49->49
[2025-01-08T23:15:17.097+0000][182987.463s][info][gc,metaspace] GC(6017) Metaspace: 524085K(533824K)->524085K(533824K) NonClass: 460225K(465088K)->460225K(465088K) Class: 63860K(68736K)->63860K(68736K)
[2025-01-08T23:15:17.097+0000][182987.463s][info][gc          ] GC(6017) Pause Young (Concurrent Start) (G1 Evacuation Pause) 9659M->2353M(12288M) 31.215ms
[2025-01-08T23:15:17.097+0000][182987.463s][info][gc,cpu      ] GC(6017) User=0.17s Sys=0.00s Real=0.03s
[2025-01-08T23:15:17.097+0000][182987.463s][info][gc          ] GC(6018) Concurrent Mark Cycle
[2025-01-08T23:15:17.097+0000][182987.463s][info][gc,marking  ] GC(6018) Concurrent Clear Claimed Marks
[2025-01-08T23:15:17.098+0000][182987.464s][info][gc,marking  ] GC(6018) Concurrent Clear Claimed Marks 0.856ms
[2025-01-08T23:15:17.098+0000][182987.464s][info][gc,marking  ] GC(6018) Concurrent Scan Root Regions
[2025-01-08T23:15:17.122+0000][182987.488s][info][gc,marking  ] GC(6018) Concurrent Scan Root Regions 24.262ms
[2025-01-08T23:15:17.122+0000][182987.488s][info][gc,marking  ] GC(6018) Concurrent Mark
[2025-01-08T23:15:17.122+0000][182987.488s][info][gc,marking  ] GC(6018) Concurrent Mark From Roots
[2025-01-08T23:15:17.122+0000][182987.488s][info][gc,task     ] GC(6018) Using 2 workers of 2 for marking
[2025-01-08T23:15:18.028+0000][182988.394s][info][gc,marking  ] GC(6018) Concurrent Mark From Roots 905.260ms
[2025-01-08T23:15:18.028+0000][182988.394s][info][gc,marking  ] GC(6018) Concurrent Preclean
[2025-01-08T23:15:18.030+0000][182988.396s][info][gc,marking  ] GC(6018) Concurrent Preclean 2.644ms
[2025-01-08T23:15:18.030+0000][182988.397s][info][gc,start    ] GC(6018) Pause Remark
[2025-01-08T23:15:18.058+0000][182988.424s][info][gc          ] GC(6018) Pause Remark 3701M->3701M(12288M) 27.699ms
[2025-01-08T23:15:18.058+0000][182988.424s][info][gc,cpu      ] GC(6018) User=0.15s Sys=0.01s Real=0.02s
[2025-01-08T23:15:18.058+0000][182988.424s][info][gc,marking  ] GC(6018) Concurrent Mark 935.945ms
[2025-01-08T23:15:18.058+0000][182988.424s][info][gc,marking  ] GC(6018) Concurrent Rebuild Remembered Sets
[2025-01-08T23:15:18.631+0000][182988.997s][info][gc,marking  ] GC(6018) Concurrent Rebuild Remembered Sets 572.355ms
[2025-01-08T23:15:18.631+0000][182988.997s][info][gc,start    ] GC(6018) Pause Cleanup
[2025-01-08T23:15:18.631+0000][182988.997s][info][gc          ] GC(6018) Pause Cleanup 4612M->4612M(12288M) 0.438ms
[2025-01-08T23:15:18.631+0000][182988.997s][info][gc,cpu      ] GC(6018) User=0.00s Sys=0.00s Real=0.00s
[2025-01-08T23:15:18.631+0000][182988.997s][info][gc,marking  ] GC(6018) Concurrent Cleanup for Next Mark
[2025-01-08T23:15:18.648+0000][182989.014s][info][gc,marking  ] GC(6018) Concurrent Cleanup for Next Mark 16.820ms
[2025-01-08T23:15:18.648+0000][182989.014s][info][gc          ] GC(6018) Concurrent Mark Cycle 1551.036ms
[2025-01-08T23:15:24.753+0000][182995.119s][info][gc,start    ] GC(6019) Pause Young (Prepare Mixed) (G1 Evacuation Pause)
[2025-01-08T23:15:24.753+0000][182995.119s][info][gc,task     ] GC(6019) Using 6 workers of 6 for evacuation
[2025-01-08T23:15:24.784+0000][182995.150s][info][gc,phases   ] GC(6019)   Pre Evacuate Collection Set: 0.2ms
[2025-01-08T23:15:24.784+0000][182995.150s][info][gc,phases   ] GC(6019)   Merge Heap Roots: 0.6ms
[2025-01-08T23:15:24.784+0000][182995.150s][info][gc,phases   ] GC(6019)   Evacuate Collection Set: 27.5ms
[2025-01-08T23:15:24.784+0000][182995.150s][info][gc,phases   ] GC(6019)   Post Evacuate Collection Set: 2.6ms
[2025-01-08T23:15:24.784+0000][182995.150s][info][gc,phases   ] GC(6019)   Other: 0.2ms
[2025-01-08T23:15:24.784+0000][182995.150s][info][gc,heap     ] GC(6019) Eden regions: 914->0(67)
[2025-01-08T23:15:24.784+0000][182995.150s][info][gc,heap     ] GC(6019) Survivor regions: 7->9(116)
[2025-01-08T23:15:24.784+0000][182995.150s][info][gc,heap     ] GC(6019) Old regions: 238->238
[2025-01-08T23:15:24.784+0000][182995.150s][info][gc,heap     ] GC(6019) Archive regions: 2->2
[2025-01-08T23:15:24.784+0000][182995.150s][info][gc,heap     ] GC(6019) Humongous regions: 49->49
[2025-01-08T23:15:24.784+0000][182995.150s][info][gc,metaspace] GC(6019) Metaspace: 524085K(533824K)->524085K(533824K) NonClass: 460225K(465088K)->460225K(465088K) Class: 63860K(68736K)->63860K(68736K)
[2025-01-08T23:15:24.784+0000][182995.150s][info][gc          ] GC(6019) Pause Young (Prepare Mixed) (G1 Evacuation Pause) 9665M->2363M(12288M) 31.156ms
[2025-01-08T23:15:24.784+0000][182995.150s][info][gc,cpu      ] GC(6019) User=0.18s Sys=0.00s Real=0.03s
[2025-01-08T23:15:25.270+0000][182995.636s][info][gc,start    ] GC(6020) Pause Young (Mixed) (G1 Evacuation Pause)
[2025-01-08T23:15:25.270+0000][182995.636s][info][gc,task     ] GC(6020) Using 6 workers of 6 for evacuation
[2025-01-08T23:15:25.310+0000][182995.676s][info][gc,phases   ] GC(6020)   Pre Evacuate Collection Set: 0.2ms
[2025-01-08T23:15:25.310+0000][182995.676s][info][gc,phases   ] GC(6020)   Merge Heap Roots: 0.5ms
[2025-01-08T23:15:25.310+0000][182995.676s][info][gc,phases   ] GC(6020)   Evacuate Collection Set: 37.8ms
[2025-01-08T23:15:25.310+0000][182995.676s][info][gc,phases   ] GC(6020)   Post Evacuate Collection Set: 1.6ms
[2025-01-08T23:15:25.310+0000][182995.676s][info][gc,phases   ] GC(6020)   Other: 0.2ms
[2025-01-08T23:15:25.310+0000][182995.676s][info][gc,heap     ] GC(6020) Eden regions: 67->0(916)
[2025-01-08T23:15:25.310+0000][182995.676s][info][gc,heap     ] GC(6020) Survivor regions: 9->5(10)
[2025-01-08T23:15:25.310+0000][182995.676s][info][gc,heap     ] GC(6020) Old regions: 238->234
[2025-01-08T23:15:25.310+0000][182995.676s][info][gc,heap     ] GC(6020) Archive regions: 2->2
[2025-01-08T23:15:25.310+0000][182995.676s][info][gc,heap     ] GC(6020) Humongous regions: 49->49
[2025-01-08T23:15:25.310+0000][182995.676s][info][gc,metaspace] GC(6020) Metaspace: 524085K(533824K)->524085K(533824K) NonClass: 460225K(465088K)->460225K(465088K) Class: 63860K(68736K)->63860K(68736K)
[2025-01-08T23:15:25.310+0000][182995.676s][info][gc          ] GC(6020) Pause Young (Mixed) (G1 Evacuation Pause) 2899M->2310M(12288M) 40.300ms
[2025-01-08T23:15:25.310+0000][182995.676s][info][gc,cpu      ] GC(6020) User=0.23s Sys=0.01s Real=0.04s
[2025-01-08T23:15:36.457+0000][183006.823s][info][gc,start    ] GC(6021) Pause Young (Normal) (G1 Evacuation Pause)
[2025-01-08T23:15:36.457+0000][183006.823s][info][gc,task     ] GC(6021) Using 6 workers of 6 for evacuation
[2025-01-08T23:15:36.486+0000][183006.852s][info][gc,phases   ] GC(6021)   Pre Evacuate Collection Set: 0.2ms
[2025-01-08T23:15:36.486+0000][183006.852s][info][gc,phases   ] GC(6021)   Merge Heap Roots: 0.5ms
[2025-01-08T23:15:36.486+0000][183006.852s][info][gc,phases   ] GC(6021)   Evacuate Collection Set: 24.3ms
[2025-01-08T23:15:36.486+0000][183006.852s][info][gc,phases   ] GC(6021)   Post Evacuate Collection Set: 4.1ms
[2025-01-08T23:15:36.486+0000][183006.852s][info][gc,phases   ] GC(6021)   Other: 0.2ms
[2025-01-08T23:15:36.486+0000][183006.852s][info][gc,heap     ] GC(6021) Eden regions: 916->0(913)
[2025-01-08T23:15:36.486+0000][183006.852s][info][gc,heap     ] GC(6021) Survivor regions: 5->8(116)
[2025-01-08T23:15:36.486+0000][183006.852s][info][gc,heap     ] GC(6021) Old regions: 234->234
[2025-01-08T23:15:36.486+0000][183006.852s][info][gc,heap     ] GC(6021) Archive regions: 2->2
[2025-01-08T23:15:36.486+0000][183006.852s][info][gc,heap     ] GC(6021) Humongous regions: 49->49
[2025-01-08T23:15:36.486+0000][183006.852s][info][gc,metaspace] GC(6021) Metaspace: 524085K(533824K)->524085K(533824K) NonClass: 460225K(465088K)->460225K(465088K) Class: 63860K(68736K)->63860K(68736K)
[2025-01-08T23:15:36.486+0000][183006.852s][info][gc          ] GC(6021) Pause Young (Normal) (G1 Evacuation Pause) 9638M->2329M(12288M) 29.410ms
[2025-01-08T23:15:36.486+0000][183006.852s][info][gc,cpu      ] GC(6021) User=0.17s Sys=0.00s Real=0.03s
[2025-01-08T23:15:44.982+0000][183015.348s][info][gc,start    ] GC(6022) Pause Young (Normal) (G1 Evacuation Pause)
[2025-01-08T23:15:44.982+0000][183015.348s][info][gc,task     ] GC(6022) Using 6 workers of 6 for evacuation
[2025-01-08T23:15:45.017+0000][183015.383s][info][gc,phases   ] GC(6022)   Pre Evacuate Collection Set: 0.2ms
[2025-01-08T23:15:45.017+0000][183015.383s][info][gc,phases   ] GC(6022)   Merge Heap Roots: 0.5ms
[2025-01-08T23:15:45.017+0000][183015.384s][info][gc,phases   ] GC(6022)   Evacuate Collection Set: 30.4ms
[2025-01-08T23:15:45.017+0000][183015.384s][info][gc,phases   ] GC(6022)   Post Evacuate Collection Set: 4.0ms
[2025-01-08T23:15:45.017+0000][183015.384s][info][gc,phases   ] GC(6022)   Other: 0.2ms
[2025-01-08T23:15:45.017+0000][183015.384s][info][gc,heap     ] GC(6022) Eden regions: 913->0(911)
[2025-01-08T23:15:45.017+0000][183015.384s][info][gc,heap     ] GC(6022) Survivor regions: 8->10(116)
[2025-01-08T23:15:45.017+0000][183015.384s][info][gc,heap     ] GC(6022) Old regions: 234->234
[2025-01-08T23:15:45.017+0000][183015.384s][info][gc,heap     ] GC(6022) Archive regions: 2->2
[2025-01-08T23:15:45.017+0000][183015.384s][info][gc,heap     ] GC(6022) Humongous regions: 49->49
[2025-01-08T23:15:45.017+0000][183015.384s][info][gc,metaspace] GC(6022) Metaspace: 524085K(533824K)->524085K(533824K) NonClass: 460225K(465088K)->460225K(465088K) Class: 63860K(68736K)->63860K(68736K)
[2025-01-08T23:15:45.018+0000][183015.384s][info][gc          ] GC(6022) Pause Young (Normal) (G1 Evacuation Pause) 9633M->2347M(12288M) 35.449ms
[2025-01-08T23:15:45.018+0000][183015.384s][info][gc,cpu      ] GC(6022) User=0.21s Sys=0.00s Real=0.03s
[2025-01-08T23:15:52.088+0000][183022.454s][info][gc,start    ] GC(6023) Pause Young (Concurrent Start) (G1 Evacuation Pause)
[2025-01-08T23:15:52.088+0000][183022.454s][info][gc,task     ] GC(6023) Using 6 workers of 6 for evacuation
[2025-01-08T23:15:52.126+0000][183022.493s][info][gc,phases   ] GC(6023)   Pre Evacuate Collection Set: 1.1ms
[2025-01-08T23:15:52.126+0000][183022.493s][info][gc,phases   ] GC(6023)   Merge Heap Roots: 0.5ms
[2025-01-08T23:15:52.126+0000][183022.493s][info][gc,phases   ] GC(6023)   Evacuate Collection Set: 32.7ms
[2025-01-08T23:15:52.126+0000][183022.493s][info][gc,phases   ] GC(6023)   Post Evacuate Collection Set: 4.0ms
[2025-01-08T23:15:52.126+0000][183022.493s][info][gc,phases   ] GC(6023)   Other: 0.3ms
[2025-01-08T23:15:52.126+0000][183022.493s][info][gc,heap     ] GC(6023) Eden regions: 911->0(910)
[2025-01-08T23:15:52.126+0000][183022.493s][info][gc,heap     ] GC(6023) Survivor regions: 10->11(116)
[2025-01-08T23:15:52.126+0000][183022.493s][info][gc,heap     ] GC(6023) Old regions: 234->234
[2025-01-08T23:15:52.126+0000][183022.493s][info][gc,heap     ] GC(6023) Archive regions: 2->2
[2025-01-08T23:15:52.126+0000][183022.493s][info][gc,heap     ] GC(6023) Humongous regions: 49->49
[2025-01-08T23:15:52.126+0000][183022.493s][info][gc,metaspace] GC(6023) Metaspace: 524085K(533824K)->524085K(533824K) NonClass: 460225K(465088K)->460225K(465088K) Class: 63860K(68736K)->63860K(68736K)
[2025-01-08T23:15:52.127+0000][183022.493s][info][gc          ] GC(6023) Pause Young (Concurrent Start) (G1 Evacuation Pause) 9635M->2353M(12288M) 38.684ms
[2025-01-08T23:15:52.127+0000][183022.493s][info][gc,cpu      ] GC(6023) User=0.22s Sys=0.00s Real=0.04s
[2025-01-08T23:15:52.127+0000][183022.493s][info][gc          ] GC(6024) Concurrent Mark Cycle
[2025-01-08T23:15:52.127+0000][183022.493s][info][gc,marking  ] GC(6024) Concurrent Clear Claimed Marks
[2025-01-08T23:15:52.128+0000][183022.494s][info][gc,marking  ] GC(6024) Concurrent Clear Claimed Marks 1.039ms
[2025-01-08T23:15:52.128+0000][183022.494s][info][gc,marking  ] GC(6024) Concurrent Scan Root Regions
[2025-01-08T23:15:52.155+0000][183022.521s][info][gc,marking  ] GC(6024) Concurrent Scan Root Regions 27.105ms
[2025-01-08T23:15:52.155+0000][183022.521s][info][gc,marking  ] GC(6024) Concurrent Mark
[2025-01-08T23:15:52.155+0000][183022.521s][info][gc,marking  ] GC(6024) Concurrent Mark From Roots
[2025-01-08T23:15:52.155+0000][183022.521s][info][gc,task     ] GC(6024) Using 2 workers of 2 for marking
[2025-01-08T23:15:53.001+0000][183023.368s][info][gc,marking  ] GC(6024) Concurrent Mark From Roots 846.648ms
[2025-01-08T23:15:53.002+0000][183023.368s][info][gc,marking  ] GC(6024) Concurrent Preclean
[2025-01-08T23:15:53.005+0000][183023.371s][info][gc,marking  ] GC(6024) Concurrent Preclean 3.614ms
[2025-01-08T23:15:53.005+0000][183023.371s][info][gc,start    ] GC(6024) Pause Remark
[2025-01-08T23:15:53.031+0000][183023.398s][info][gc          ] GC(6024) Pause Remark 2805M->2805M(12288M) 26.148ms
[2025-01-08T23:15:53.032+0000][183023.398s][info][gc,cpu      ] GC(6024) User=0.14s Sys=0.00s Real=0.03s
[2025-01-08T23:15:53.032+0000][183023.398s][info][gc,marking  ] GC(6024) Concurrent Mark 876.840ms
[2025-01-08T23:15:53.032+0000][183023.398s][info][gc,marking  ] GC(6024) Concurrent Rebuild Remembered Sets
[2025-01-08T23:15:53.553+0000][183023.919s][info][gc,marking  ] GC(6024) Concurrent Rebuild Remembered Sets 521.675ms
[2025-01-08T23:15:53.554+0000][183023.920s][info][gc,start    ] GC(6024) Pause Cleanup
[2025-01-08T23:15:53.554+0000][183023.920s][info][gc          ] GC(6024) Pause Cleanup 3129M->3129M(12288M) 0.448ms
[2025-01-08T23:15:53.554+0000][183023.920s][info][gc,cpu      ] GC(6024) User=0.01s Sys=0.00s Real=0.00s
[2025-01-08T23:15:53.554+0000][183023.920s][info][gc,marking  ] GC(6024) Concurrent Cleanup for Next Mark
[2025-01-08T23:15:53.582+0000][183023.948s][info][gc,marking  ] GC(6024) Concurrent Cleanup for Next Mark 28.284ms
[2025-01-08T23:15:53.582+0000][183023.948s][info][gc          ] GC(6024) Concurrent Mark Cycle 1455.782ms
[2025-01-08T23:16:00.727+0000][183031.094s][info][gc,start    ] GC(6025) Pause Young (Prepare Mixed) (G1 Evacuation Pause)
[2025-01-08T23:16:00.728+0000][183031.094s][info][gc,task     ] GC(6025) Using 6 workers of 6 for evacuation
[2025-01-08T23:16:00.774+0000][183031.140s][info][gc,phases   ] GC(6025)   Pre Evacuate Collection Set: 0.2ms
[2025-01-08T23:16:00.774+0000][183031.140s][info][gc,phases   ] GC(6025)   Merge Heap Roots: 0.8ms
[2025-01-08T23:16:00.774+0000][183031.140s][info][gc,phases   ] GC(6025)   Evacuate Collection Set: 42.3ms
[2025-01-08T23:16:00.774+0000][183031.140s][info][gc,phases   ] GC(6025)   Post Evacuate Collection Set: 3.1ms
[2025-01-08T23:16:00.774+0000][183031.140s][info][gc,phases   ] GC(6025)   Other: 0.2ms
[2025-01-08T23:16:00.774+0000][183031.140s][info][gc,heap     ] GC(6025) Eden regions: 910->0(64)
[2025-01-08T23:16:00.774+0000][183031.140s][info][gc,heap     ] GC(6025) Survivor regions: 11->12(116)
[2025-01-08T23:16:00.774+0000][183031.140s][info][gc,heap     ] GC(6025) Old regions: 234->234
[2025-01-08T23:16:00.774+0000][183031.140s][info][gc,heap     ] GC(6025) Archive regions: 2->2
[2025-01-08T23:16:00.774+0000][183031.140s][info][gc,heap     ] GC(6025) Humongous regions: 49->49
[2025-01-08T23:16:00.774+0000][183031.140s][info][gc,metaspace] GC(6025) Metaspace: 524085K(533824K)->524085K(533824K) NonClass: 460225K(465088K)->460225K(465088K) Class: 63860K(68736K)->63860K(68736K)
[2025-01-08T23:16:00.774+0000][183031.140s][info][gc          ] GC(6025) Pause Young (Prepare Mixed) (G1 Evacuation Pause) 9633M->2363M(12288M) 46.756ms
[2025-01-08T23:16:00.774+0000][183031.140s][info][gc,cpu      ] GC(6025) User=0.27s Sys=0.00s Real=0.05s
[2025-01-08T23:16:01.451+0000][183031.817s][info][gc,start    ] GC(6026) Pause Young (Mixed) (G1 Evacuation Pause)
[2025-01-08T23:16:01.451+0000][183031.817s][info][gc,task     ] GC(6026) Using 6 workers of 6 for evacuation
[2025-01-08T23:16:01.516+0000][183031.882s][info][gc,phases   ] GC(6026)   Pre Evacuate Collection Set: 0.2ms
[2025-01-08T23:16:01.516+0000][183031.882s][info][gc,phases   ] GC(6026)   Merge Heap Roots: 0.7ms
[2025-01-08T23:16:01.516+0000][183031.882s][info][gc,phases   ] GC(6026)   Evacuate Collection Set: 61.7ms
[2025-01-08T23:16:01.516+0000][183031.882s][info][gc,phases   ] GC(6026)   Post Evacuate Collection Set: 1.7ms
[2025-01-08T23:16:01.516+0000][183031.882s][info][gc,phases   ] GC(6026)   Other: 0.2ms
[2025-01-08T23:16:01.516+0000][183031.882s][info][gc,heap     ] GC(6026) Eden regions: 64->0(915)
[2025-01-08T23:16:01.516+0000][183031.882s][info][gc,heap     ] GC(6026) Survivor regions: 12->6(10)
[2025-01-08T23:16:01.516+0000][183031.882s][info][gc,heap     ] GC(6026) Old regions: 234->235
[2025-01-08T23:16:01.516+0000][183031.882s][info][gc,heap     ] GC(6026) Archive regions: 2->2
[2025-01-08T23:16:01.516+0000][183031.882s][info][gc,heap     ] GC(6026) Humongous regions: 49->49
[2025-01-08T23:16:01.516+0000][183031.882s][info][gc,metaspace] GC(6026) Metaspace: 524085K(533824K)->524085K(533824K) NonClass: 460225K(465088K)->460225K(465088K) Class: 63860K(68736K)->63860K(68736K)
[2025-01-08T23:16:01.516+0000][183031.882s][info][gc          ] GC(6026) Pause Young (Mixed) (G1 Evacuation Pause) 2875M->2318M(12288M) 64.585ms
[2025-01-08T23:16:01.516+0000][183031.882s][info][gc,cpu      ] GC(6026) User=0.39s Sys=0.00s Real=0.06s
[2025-01-08T23:16:08.875+0000][183039.241s][info][gc,start    ] GC(6027) Pause Young (Normal) (G1 Evacuation Pause)
[2025-01-08T23:16:08.875+0000][183039.241s][info][gc,task     ] GC(6027) Using 6 workers of 6 for evacuation
[2025-01-08T23:16:08.901+0000][183039.267s][info][gc,phases   ] GC(6027)   Pre Evacuate Collection Set: 0.2ms
[2025-01-08T23:16:08.901+0000][183039.267s][info][gc,phases   ] GC(6027)   Merge Heap Roots: 0.5ms
[2025-01-08T23:16:08.901+0000][183039.267s][info][gc,phases   ] GC(6027)   Evacuate Collection Set: 23.1ms
[2025-01-08T23:16:08.901+0000][183039.267s][info][gc,phases   ] GC(6027)   Post Evacuate Collection Set: 2.5ms
[2025-01-08T23:16:08.901+0000][183039.267s][info][gc,phases   ] GC(6027)   Other: 0.2ms
[2025-01-08T23:16:08.901+0000][183039.267s][info][gc,heap     ] GC(6027) Eden regions: 915->0(915)
[2025-01-08T23:16:08.901+0000][183039.267s][info][gc,heap     ] GC(6027) Survivor regions: 6->6(116)
[2025-01-08T23:16:08.901+0000][183039.267s][info][gc,heap     ] GC(6027) Old regions: 235->235
[2025-01-08T23:16:08.901+0000][183039.267s][info][gc,heap     ] GC(6027) Archive regions: 2->2
[2025-01-08T23:16:08.901+0000][183039.267s][info][gc,heap     ] GC(6027) Humongous regions: 49->49
[2025-01-08T23:16:08.901+0000][183039.267s][info][gc,metaspace] GC(6027) Metaspace: 524085K(533824K)->524085K(533824K) NonClass: 460225K(465088K)->460225K(465088K) Class: 63860K(68736K)->63860K(68736K)
[2025-01-08T23:16:08.901+0000][183039.267s][info][gc          ] GC(6027) Pause Young (Normal) (G1 Evacuation Pause) 9638M->2323M(12288M) 26.576ms
[2025-01-08T23:16:08.901+0000][183039.267s][info][gc,cpu      ] GC(6027) User=0.15s Sys=0.00s Real=0.02s
[2025-01-08T23:16:15.022+0000][183045.388s][info][gc,start    ] GC(6028) Pause Young (Normal) (G1 Evacuation Pause)
[2025-01-08T23:16:15.022+0000][183045.388s][info][gc,task     ] GC(6028) Using 6 workers of 6 for evacuation
[2025-01-08T23:16:15.052+0000][183045.418s][info][gc,phases   ] GC(6028)   Pre Evacuate Collection Set: 0.2ms
[2025-01-08T23:16:15.052+0000][183045.418s][info][gc,phases   ] GC(6028)   Merge Heap Roots: 0.5ms
[2025-01-08T23:16:15.052+0000][183045.418s][info][gc,phases   ] GC(6028)   Evacuate Collection Set: 27.1ms
[2025-01-08T23:16:15.052+0000][183045.418s][info][gc,phases   ] GC(6028)   Post Evacuate Collection Set: 2.6ms
[2025-01-08T23:16:15.052+0000][183045.418s][info][gc,phases   ] GC(6028)   Other: 0.2ms
[2025-01-08T23:16:15.052+0000][183045.418s][info][gc,heap     ] GC(6028) Eden regions: 915->0(912)
[2025-01-08T23:16:15.052+0000][183045.418s][info][gc,heap     ] GC(6028) Survivor regions: 6->9(116)
[2025-01-08T23:16:15.052+0000][183045.418s][info][gc,heap     ] GC(6028) Old regions: 235->235
[2025-01-08T23:16:15.052+0000][183045.418s][info][gc,heap     ] GC(6028) Archive regions: 2->2
[2025-01-08T23:16:15.052+0000][183045.418s][info][gc,heap     ] GC(6028) Humongous regions: 49->49
[2025-01-08T23:16:15.052+0000][183045.418s][info][gc,metaspace] GC(6028) Metaspace: 524085K(533824K)->524085K(533824K) NonClass: 460225K(465088K)->460225K(465088K) Class: 63860K(68736K)->63860K(68736K)
[2025-01-08T23:16:15.052+0000][183045.418s][info][gc          ] GC(6028) Pause Young (Normal) (G1 Evacuation Pause) 9643M->2340M(12288M) 30.677ms
[2025-01-08T23:16:15.052+0000][183045.418s][info][gc,cpu      ] GC(6028) User=0.17s Sys=0.01s Real=0.03s
[2025-01-08T23:16:21.990+0000][183052.356s][info][gc,start    ] GC(6029) Pause Young (Concurrent Start) (G1 Evacuation Pause)
[2025-01-08T23:16:21.990+0000][183052.356s][info][gc,task     ] GC(6029) Using 6 workers of 6 for evacuation
[2025-01-08T23:16:22.026+0000][183052.392s][info][gc,phases   ] GC(6029)   Pre Evacuate Collection Set: 1.2ms
[2025-01-08T23:16:22.026+0000][183052.392s][info][gc,phases   ] GC(6029)   Merge Heap Roots: 0.5ms
[2025-01-08T23:16:22.026+0000][183052.392s][info][gc,phases   ] GC(6029)   Evacuate Collection Set: 31.0ms
[2025-01-08T23:16:22.026+0000][183052.392s][info][gc,phases   ] GC(6029)   Post Evacuate Collection Set: 2.6ms
[2025-01-08T23:16:22.026+0000][183052.392s][info][gc,phases   ] GC(6029)   Other: 0.4ms
[2025-01-08T23:16:22.026+0000][183052.392s][info][gc,heap     ] GC(6029) Eden regions: 912->0(912)
[2025-01-08T23:16:22.026+0000][183052.392s][info][gc,heap     ] GC(6029) Survivor regions: 9->9(116)
[2025-01-08T23:16:22.026+0000][183052.392s][info][gc,heap     ] GC(6029) Old regions: 235->235
[2025-01-08T23:16:22.026+0000][183052.392s][info][gc,heap     ] GC(6029) Archive regions: 2->2
[2025-01-08T23:16:22.026+0000][183052.392s][info][gc,heap     ] GC(6029) Humongous regions: 49->49
[2025-01-08T23:16:22.026+0000][183052.392s][info][gc,metaspace] GC(6029) Metaspace: 524085K(533824K)->524085K(533824K) NonClass: 460225K(465088K)->460225K(465088K) Class: 63860K(68736K)->63860K(68736K)
[2025-01-08T23:16:22.026+0000][183052.392s][info][gc          ] GC(6029) Pause Young (Concurrent Start) (G1 Evacuation Pause) 9636M->2346M(12288M) 35.729ms
[2025-01-08T23:16:22.026+0000][183052.392s][info][gc,cpu      ] GC(6029) User=0.20s Sys=0.00s Real=0.03s
[2025-01-08T23:16:22.026+0000][183052.392s][info][gc          ] GC(6030) Concurrent Mark Cycle
[2025-01-08T23:16:22.026+0000][183052.392s][info][gc,marking  ] GC(6030) Concurrent Clear Claimed Marks
[2025-01-08T23:16:22.027+0000][183052.393s][info][gc,marking  ] GC(6030) Concurrent Clear Claimed Marks 1.014ms
[2025-01-08T23:16:22.027+0000][183052.393s][info][gc,marking  ] GC(6030) Concurrent Scan Root Regions
[2025-01-08T23:16:22.049+0000][183052.415s][info][gc,marking  ] GC(6030) Concurrent Scan Root Regions 22.133ms
[2025-01-08T23:16:22.049+0000][183052.415s][info][gc,marking  ] GC(6030) Concurrent Mark
[2025-01-08T23:16:22.049+0000][183052.415s][info][gc,marking  ] GC(6030) Concurrent Mark From Roots
[2025-01-08T23:16:22.049+0000][183052.415s][info][gc,task     ] GC(6030) Using 2 workers of 2 for marking
[2025-01-08T23:16:22.965+0000][183053.331s][info][gc,marking  ] GC(6030) Concurrent Mark From Roots 915.552ms
[2025-01-08T23:16:22.965+0000][183053.331s][info][gc,marking  ] GC(6030) Concurrent Preclean
[2025-01-08T23:16:22.968+0000][183053.334s][info][gc,marking  ] GC(6030) Concurrent Preclean 3.663ms
[2025-01-08T23:16:22.969+0000][183053.335s][info][gc,start    ] GC(6030) Pause Remark
[2025-01-08T23:16:22.995+0000][183053.361s][info][gc          ] GC(6030) Pause Remark 3714M->3714M(12288M) 26.039ms
[2025-01-08T23:16:22.995+0000][183053.361s][info][gc,cpu      ] GC(6030) User=0.15s Sys=0.00s Real=0.03s
[2025-01-08T23:16:22.995+0000][183053.361s][info][gc,marking  ] GC(6030) Concurrent Mark 945.898ms
[2025-01-08T23:16:22.995+0000][183053.361s][info][gc,marking  ] GC(6030) Concurrent Rebuild Remembered Sets
[2025-01-08T23:16:23.734+0000][183054.100s][info][gc,marking  ] GC(6030) Concurrent Rebuild Remembered Sets 738.516ms
[2025-01-08T23:16:23.734+0000][183054.100s][info][gc,start    ] GC(6030) Pause Cleanup
[2025-01-08T23:16:23.734+0000][183054.100s][info][gc          ] GC(6030) Pause Cleanup 4946M->4946M(12288M) 0.450ms
[2025-01-08T23:16:23.734+0000][183054.100s][info][gc,cpu      ] GC(6030) User=0.00s Sys=0.00s Real=0.00s
[2025-01-08T23:16:23.734+0000][183054.100s][info][gc,marking  ] GC(6030) Concurrent Cleanup for Next Mark
[2025-01-08T23:16:23.750+0000][183054.116s][info][gc,marking  ] GC(6030) Concurrent Cleanup for Next Mark 15.936ms
[2025-01-08T23:16:23.750+0000][183054.116s][info][gc          ] GC(6030) Concurrent Mark Cycle 1724.441ms
[2025-01-08T23:16:28.872+0000][183059.238s][info][gc,start    ] GC(6031) Pause Young (Prepare Mixed) (G1 Evacuation Pause)
[2025-01-08T23:16:28.872+0000][183059.238s][info][gc,task     ] GC(6031) Using 6 workers of 6 for evacuation
[2025-01-08T23:16:28.911+0000][183059.277s][info][gc,phases   ] GC(6031)   Pre Evacuate Collection Set: 0.2ms
[2025-01-08T23:16:28.911+0000][183059.277s][info][gc,phases   ] GC(6031)   Merge Heap Roots: 0.7ms
[2025-01-08T23:16:28.911+0000][183059.277s][info][gc,phases   ] GC(6031)   Evacuate Collection Set: 35.1ms
[2025-01-08T23:16:28.911+0000][183059.277s][info][gc,phases   ] GC(6031)   Post Evacuate Collection Set: 2.7ms
[2025-01-08T23:16:28.911+0000][183059.277s][info][gc,phases   ] GC(6031)   Other: 0.2ms
[2025-01-08T23:16:28.911+0000][183059.277s][info][gc,heap     ] GC(6031) Eden regions: 912->0(66)
[2025-01-08T23:16:28.911+0000][183059.277s][info][gc,heap     ] GC(6031) Survivor regions: 9->10(116)
[2025-01-08T23:16:28.911+0000][183059.277s][info][gc,heap     ] GC(6031) Old regions: 235->235
[2025-01-08T23:16:28.911+0000][183059.277s][info][gc,heap     ] GC(6031) Archive regions: 2->2
[2025-01-08T23:16:28.911+0000][183059.277s][info][gc,heap     ] GC(6031) Humongous regions: 49->49
[2025-01-08T23:16:28.911+0000][183059.277s][info][gc,metaspace] GC(6031) Metaspace: 524085K(533824K)->524085K(533824K) NonClass: 460225K(465088K)->460225K(465088K) Class: 63860K(68736K)->63860K(68736K)
[2025-01-08T23:16:28.911+0000][183059.277s][info][gc          ] GC(6031) Pause Young (Prepare Mixed) (G1 Evacuation Pause) 9642M->2355M(12288M) 38.890ms
[2025-01-08T23:16:28.911+0000][183059.277s][info][gc,cpu      ] GC(6031) User=0.23s Sys=0.00s Real=0.04s
[2025-01-08T23:16:29.901+0000][183060.267s][info][gc,start    ] GC(6032) Pause Young (Mixed) (G1 Evacuation Pause)
[2025-01-08T23:16:29.901+0000][183060.267s][info][gc,task     ] GC(6032) Using 6 workers of 6 for evacuation
[2025-01-08T23:16:29.970+0000][183060.336s][info][gc,phases   ] GC(6032)   Pre Evacuate Collection Set: 0.2ms
[2025-01-08T23:16:29.970+0000][183060.336s][info][gc,phases   ] GC(6032)   Merge Heap Roots: 0.7ms
[2025-01-08T23:16:29.970+0000][183060.336s][info][gc,phases   ] GC(6032)   Evacuate Collection Set: 66.1ms
[2025-01-08T23:16:29.970+0000][183060.336s][info][gc,phases   ] GC(6032)   Post Evacuate Collection Set: 1.8ms
[2025-01-08T23:16:29.970+0000][183060.336s][info][gc,phases   ] GC(6032)   Other: 0.2ms
[2025-01-08T23:16:29.970+0000][183060.336s][info][gc,heap     ] GC(6032) Eden regions: 66->0(913)
[2025-01-08T23:16:29.970+0000][183060.336s][info][gc,heap     ] GC(6032) Survivor regions: 10->8(10)
[2025-01-08T23:16:29.970+0000][183060.336s][info][gc,heap     ] GC(6032) Old regions: 235->235
[2025-01-08T23:16:29.970+0000][183060.336s][info][gc,heap     ] GC(6032) Archive regions: 2->2
[2025-01-08T23:16:29.970+0000][183060.336s][info][gc,heap     ] GC(6032) Humongous regions: 49->49
[2025-01-08T23:16:29.970+0000][183060.336s][info][gc,metaspace] GC(6032) Metaspace: 524085K(533824K)->524085K(533824K) NonClass: 460225K(465088K)->460225K(465088K) Class: 63860K(68736K)->63860K(68736K)
[2025-01-08T23:16:29.970+0000][183060.336s][info][gc          ] GC(6032) Pause Young (Mixed) (G1 Evacuation Pause) 2883M->2333M(12288M) 69.099ms
[2025-01-08T23:16:29.970+0000][183060.336s][info][gc,cpu      ] GC(6032) User=0.41s Sys=0.00s Real=0.08s
[2025-01-08T23:16:37.367+0000][183067.734s][info][gc,start    ] GC(6033) Pause Young (Normal) (G1 Evacuation Pause)
[2025-01-08T23:16:37.368+0000][183067.734s][info][gc,task     ] GC(6033) Using 6 workers of 6 for evacuation
[2025-01-08T23:16:37.397+0000][183067.763s][info][gc,phases   ] GC(6033)   Pre Evacuate Collection Set: 0.2ms
[2025-01-08T23:16:37.397+0000][183067.763s][info][gc,phases   ] GC(6033)   Merge Heap Roots: 0.4ms
[2025-01-08T23:16:37.397+0000][183067.763s][info][gc,phases   ] GC(6033)   Evacuate Collection Set: 23.4ms
[2025-01-08T23:16:37.397+0000][183067.763s][info][gc,phases   ] GC(6033)   Post Evacuate Collection Set: 5.1ms
[2025-01-08T23:16:37.397+0000][183067.763s][info][gc,phases   ] GC(6033)   Other: 0.2ms
[2025-01-08T23:16:37.397+0000][183067.763s][info][gc,heap     ] GC(6033) Eden regions: 913->0(914)
[2025-01-08T23:16:37.397+0000][183067.763s][info][gc,heap     ] GC(6033) Survivor regions: 8->7(116)
[2025-01-08T23:16:37.397+0000][183067.763s][info][gc,heap     ] GC(6033) Old regions: 235->235
[2025-01-08T23:16:37.397+0000][183067.763s][info][gc,heap     ] GC(6033) Archive regions: 2->2
[2025-01-08T23:16:37.397+0000][183067.763s][info][gc,heap     ] GC(6033) Humongous regions: 49->49
[2025-01-08T23:16:37.397+0000][183067.763s][info][gc,metaspace] GC(6033) Metaspace: 524085K(533824K)->524085K(533824K) NonClass: 460225K(465088K)->460225K(465088K) Class: 63860K(68736K)->63860K(68736K)
[2025-01-08T23:16:37.397+0000][183067.763s][info][gc          ] GC(6033) Pause Young (Normal) (G1 Evacuation Pause) 9637M->2331M(12288M) 29.507ms
[2025-01-08T23:16:37.397+0000][183067.763s][info][gc,cpu      ] GC(6033) User=0.18s Sys=0.00s Real=0.03s
[2025-01-08T23:16:44.843+0000][183075.209s][info][gc,start    ] GC(6034) Pause Young (Normal) (G1 Evacuation Pause)
[2025-01-08T23:16:44.843+0000][183075.209s][info][gc,task     ] GC(6034) Using 6 workers of 6 for evacuation
[2025-01-08T23:16:44.873+0000][183075.239s][info][gc,phases   ] GC(6034)   Pre Evacuate Collection Set: 0.2ms
[2025-01-08T23:16:44.873+0000][183075.239s][info][gc,phases   ] GC(6034)   Merge Heap Roots: 0.4ms
[2025-01-08T23:16:44.873+0000][183075.239s][info][gc,phases   ] GC(6034)   Evacuate Collection Set: 26.8ms
[2025-01-08T23:16:44.873+0000][183075.239s][info][gc,phases   ] GC(6034)   Post Evacuate Collection Set: 2.6ms
[2025-01-08T23:16:44.873+0000][183075.239s][info][gc,phases   ] GC(6034)   Other: 0.2ms
[2025-01-08T23:16:44.873+0000][183075.239s][info][gc,heap     ] GC(6034) Eden regions: 914->0(912)
[2025-01-08T23:16:44.873+0000][183075.239s][info][gc,heap     ] GC(6034) Survivor regions: 7->9(116)
[2025-01-08T23:16:44.873+0000][183075.239s][info][gc,heap     ] GC(6034) Old regions: 235->235
[2025-01-08T23:16:44.873+0000][183075.239s][info][gc,heap     ] GC(6034) Archive regions: 2->2
[2025-01-08T23:16:44.873+0000][183075.239s][info][gc,heap     ] GC(6034) Humongous regions: 49->49
[2025-01-08T23:16:44.873+0000][183075.239s][info][gc,metaspace] GC(6034) Metaspace: 524085K(533824K)->524085K(533824K) NonClass: 460225K(465088K)->460225K(465088K) Class: 63860K(68736K)->63860K(68736K)
[2025-01-08T23:16:44.873+0000][183075.239s][info][gc          ] GC(6034) Pause Young (Normal) (G1 Evacuation Pause) 9643M->2344M(12288M) 30.281ms
[2025-01-08T23:16:44.873+0000][183075.239s][info][gc,cpu      ] GC(6034) User=0.18s Sys=0.00s Real=0.03s
[2025-01-08T23:16:54.461+0000][183084.827s][info][gc,start    ] GC(6035) Pause Young (Concurrent Start) (G1 Evacuation Pause)
[2025-01-08T23:16:54.461+0000][183084.827s][info][gc,task     ] GC(6035) Using 6 workers of 6 for evacuation
[2025-01-08T23:16:54.498+0000][183084.864s][info][gc,phases   ] GC(6035)   Pre Evacuate Collection Set: 1.2ms
[2025-01-08T23:16:54.498+0000][183084.864s][info][gc,phases   ] GC(6035)   Merge Heap Roots: 0.6ms
[2025-01-08T23:16:54.498+0000][183084.864s][info][gc,phases   ] GC(6035)   Evacuate Collection Set: 30.7ms
[2025-01-08T23:16:54.498+0000][183084.864s][info][gc,phases   ] GC(6035)   Post Evacuate Collection Set: 4.1ms
[2025-01-08T23:16:54.498+0000][183084.864s][info][gc,phases   ] GC(6035)   Other: 0.3ms
[2025-01-08T23:16:54.498+0000][183084.864s][info][gc,heap     ] GC(6035) Eden regions: 912->0(912)
[2025-01-08T23:16:54.498+0000][183084.864s][info][gc,heap     ] GC(6035) Survivor regions: 9->9(116)
[2025-01-08T23:16:54.498+0000][183084.864s][info][gc,heap     ] GC(6035) Old regions: 235->235
[2025-01-08T23:16:54.498+0000][183084.864s][info][gc,heap     ] GC(6035) Archive regions: 2->2
[2025-01-08T23:16:54.498+0000][183084.864s][info][gc,heap     ] GC(6035) Humongous regions: 49->49
[2025-01-08T23:16:54.498+0000][183084.864s][info][gc,metaspace] GC(6035) Metaspace: 524085K(533824K)->524085K(533824K) NonClass: 460225K(465088K)->460225K(465088K) Class: 63860K(68736K)->63860K(68736K)
[2025-01-08T23:16:54.498+0000][183084.864s][info][gc          ] GC(6035) Pause Young (Concurrent Start) (G1 Evacuation Pause) 9640M->2347M(12288M) 36.974ms
[2025-01-08T23:16:54.498+0000][183084.864s][info][gc,cpu      ] GC(6035) User=0.21s Sys=0.00s Real=0.04s
[2025-01-08T23:16:54.498+0000][183084.864s][info][gc          ] GC(6036) Concurrent Mark Cycle
[2025-01-08T23:16:54.498+0000][183084.864s][info][gc,marking  ] GC(6036) Concurrent Clear Claimed Marks
[2025-01-08T23:16:54.499+0000][183084.865s][info][gc,marking  ] GC(6036) Concurrent Clear Claimed Marks 0.990ms
[2025-01-08T23:16:54.499+0000][183084.865s][info][gc,marking  ] GC(6036) Concurrent Scan Root Regions
[2025-01-08T23:16:54.527+0000][183084.893s][info][gc,marking  ] GC(6036) Concurrent Scan Root Regions 27.553ms
[2025-01-08T23:16:54.527+0000][183084.893s][info][gc,marking  ] GC(6036) Concurrent Mark
[2025-01-08T23:16:54.527+0000][183084.893s][info][gc,marking  ] GC(6036) Concurrent Mark From Roots
[2025-01-08T23:16:54.527+0000][183084.893s][info][gc,task     ] GC(6036) Using 2 workers of 2 for marking
[2025-01-08T23:16:55.585+0000][183085.951s][info][gc,marking  ] GC(6036) Concurrent Mark From Roots 1057.919ms
[2025-01-08T23:16:55.585+0000][183085.951s][info][gc,marking  ] GC(6036) Concurrent Preclean
[2025-01-08T23:16:55.588+0000][183085.954s][info][gc,marking  ] GC(6036) Concurrent Preclean 3.598ms
[2025-01-08T23:16:55.589+0000][183085.955s][info][gc,start    ] GC(6036) Pause Remark
[2025-01-08T23:16:55.615+0000][183085.981s][info][gc          ] GC(6036) Pause Remark 3443M->3443M(12288M) 26.571ms
[2025-01-08T23:16:55.615+0000][183085.981s][info][gc,cpu      ] GC(6036) User=0.15s Sys=0.00s Real=0.03s
[2025-01-08T23:16:55.615+0000][183085.982s][info][gc,marking  ] GC(6036) Concurrent Mark 1088.595ms
[2025-01-08T23:16:55.615+0000][183085.982s][info][gc,marking  ] GC(6036) Concurrent Rebuild Remembered Sets
[2025-01-08T23:16:56.350+0000][183086.716s][info][gc,marking  ] GC(6036) Concurrent Rebuild Remembered Sets 734.902ms
[2025-01-08T23:16:56.350+0000][183086.717s][info][gc,start    ] GC(6036) Pause Cleanup
[2025-01-08T23:16:56.351+0000][183086.717s][info][gc          ] GC(6036) Pause Cleanup 4255M->4255M(12288M) 0.422ms
[2025-01-08T23:16:56.351+0000][183086.717s][info][gc,cpu      ] GC(6036) User=0.01s Sys=0.00s Real=0.00s
[2025-01-08T23:16:56.351+0000][183086.717s][info][gc,marking  ] GC(6036) Concurrent Cleanup for Next Mark
[2025-01-08T23:16:56.366+0000][183086.733s][info][gc,marking  ] GC(6036) Concurrent Cleanup for Next Mark 15.461ms
[2025-01-08T23:16:56.367+0000][183086.733s][info][gc          ] GC(6036) Concurrent Mark Cycle 1868.315ms
[2025-01-08T23:17:00.752+0000][183091.118s][info][gc,start    ] GC(6037) Pause Young (Prepare Mixed) (G1 Evacuation Pause)
[2025-01-08T23:17:00.752+0000][183091.118s][info][gc,task     ] GC(6037) Using 6 workers of 6 for evacuation
[2025-01-08T23:17:00.792+0000][183091.158s][info][gc,phases   ] GC(6037)   Pre Evacuate Collection Set: 0.2ms
[2025-01-08T23:17:00.792+0000][183091.158s][info][gc,phases   ] GC(6037)   Merge Heap Roots: 0.7ms
[2025-01-08T23:17:00.792+0000][183091.158s][info][gc,phases   ] GC(6037)   Evacuate Collection Set: 36.0ms
[2025-01-08T23:17:00.792+0000][183091.158s][info][gc,phases   ] GC(6037)   Post Evacuate Collection Set: 2.8ms
[2025-01-08T23:17:00.792+0000][183091.158s][info][gc,phases   ] GC(6037)   Other: 0.2ms
[2025-01-08T23:17:00.792+0000][183091.158s][info][gc,heap     ] GC(6037) Eden regions: 912->0(66)
[2025-01-08T23:17:00.792+0000][183091.158s][info][gc,heap     ] GC(6037) Survivor regions: 9->10(116)
[2025-01-08T23:17:00.792+0000][183091.158s][info][gc,heap     ] GC(6037) Old regions: 235->235
[2025-01-08T23:17:00.792+0000][183091.158s][info][gc,heap     ] GC(6037) Archive regions: 2->2
[2025-01-08T23:17:00.792+0000][183091.158s][info][gc,heap     ] GC(6037) Humongous regions: 49->49
[2025-01-08T23:17:00.792+0000][183091.158s][info][gc,metaspace] GC(6037) Metaspace: 524085K(533824K)->524085K(533824K) NonClass: 460225K(465088K)->460225K(465088K) Class: 63860K(68736K)->63860K(68736K)
[2025-01-08T23:17:00.792+0000][183091.158s][info][gc          ] GC(6037) Pause Young (Prepare Mixed) (G1 Evacuation Pause) 9643M->2353M(12288M) 40.097ms
[2025-01-08T23:17:00.792+0000][183091.158s][info][gc,cpu      ] GC(6037) User=0.23s Sys=0.00s Real=0.04s
[2025-01-08T23:17:01.217+0000][183091.583s][info][gc,start    ] GC(6038) Pause Young (Mixed) (G1 Evacuation Pause)
[2025-01-08T23:17:01.217+0000][183091.583s][info][gc,task     ] GC(6038) Using 6 workers of 6 for evacuation
[2025-01-08T23:17:01.290+0000][183091.657s][info][gc,phases   ] GC(6038)   Pre Evacuate Collection Set: 0.2ms
[2025-01-08T23:17:01.291+0000][183091.657s][info][gc,phases   ] GC(6038)   Merge Heap Roots: 0.7ms
[2025-01-08T23:17:01.291+0000][183091.657s][info][gc,phases   ] GC(6038)   Evacuate Collection Set: 70.2ms
[2025-01-08T23:17:01.291+0000][183091.657s][info][gc,phases   ] GC(6038)   Post Evacuate Collection Set: 2.0ms
[2025-01-08T23:17:01.291+0000][183091.657s][info][gc,phases   ] GC(6038)   Other: 0.2ms
[2025-01-08T23:17:01.291+0000][183091.657s][info][gc,heap     ] GC(6038) Eden regions: 66->0(916)
[2025-01-08T23:17:01.291+0000][183091.657s][info][gc,heap     ] GC(6038) Survivor regions: 10->5(10)
[2025-01-08T23:17:01.291+0000][183091.657s][info][gc,heap     ] GC(6038) Old regions: 235->235
[2025-01-08T23:17:01.291+0000][183091.657s][info][gc,heap     ] GC(6038) Archive regions: 2->2
[2025-01-08T23:17:01.291+0000][183091.657s][info][gc,heap     ] GC(6038) Humongous regions: 49->49
[2025-01-08T23:17:01.291+0000][183091.657s][info][gc,metaspace] GC(6038) Metaspace: 524085K(533824K)->524085K(533824K) NonClass: 460225K(465088K)->460225K(465088K) Class: 63860K(68736K)->63860K(68736K)
[2025-01-08T23:17:01.291+0000][183091.657s][info][gc          ] GC(6038) Pause Young (Mixed) (G1 Evacuation Pause) 2881M->2310M(12288M) 73.304ms
[2025-01-08T23:17:01.291+0000][183091.657s][info][gc,cpu      ] GC(6038) User=0.42s Sys=0.00s Real=0.08s
[2025-01-08T23:17:07.792+0000][183098.158s][info][gc,start    ] GC(6039) Pause Young (Normal) (G1 Evacuation Pause)
[2025-01-08T23:17:07.792+0000][183098.158s][info][gc,task     ] GC(6039) Using 6 workers of 6 for evacuation
[2025-01-08T23:17:07.818+0000][183098.184s][info][gc,phases   ] GC(6039)   Pre Evacuate Collection Set: 0.2ms
[2025-01-08T23:17:07.818+0000][183098.184s][info][gc,phases   ] GC(6039)   Merge Heap Roots: 0.4ms
[2025-01-08T23:17:07.818+0000][183098.184s][info][gc,phases   ] GC(6039)   Evacuate Collection Set: 22.6ms
[2025-01-08T23:17:07.818+0000][183098.184s][info][gc,phases   ] GC(6039)   Post Evacuate Collection Set: 2.5ms
[2025-01-08T23:17:07.818+0000][183098.184s][info][gc,phases   ] GC(6039)   Other: 0.2ms
[2025-01-08T23:17:07.818+0000][183098.184s][info][gc,heap     ] GC(6039) Eden regions: 916->0(915)
[2025-01-08T23:17:07.818+0000][183098.184s][info][gc,heap     ] GC(6039) Survivor regions: 5->6(116)
[2025-01-08T23:17:07.818+0000][183098.184s][info][gc,heap     ] GC(6039) Old regions: 235->235
[2025-01-08T23:17:07.818+0000][183098.184s][info][gc,heap     ] GC(6039) Archive regions: 2->2
[2025-01-08T23:17:07.818+0000][183098.184s][info][gc,heap     ] GC(6039) Humongous regions: 49->49
[2025-01-08T23:17:07.818+0000][183098.184s][info][gc,metaspace] GC(6039) Metaspace: 524085K(533824K)->524085K(533824K) NonClass: 460225K(465088K)->460225K(465088K) Class: 63860K(68736K)->63860K(68736K)
[2025-01-08T23:17:07.818+0000][183098.184s][info][gc          ] GC(6039) Pause Young (Normal) (G1 Evacuation Pause) 9638M->2318M(12288M) 25.993ms
[2025-01-08T23:17:07.818+0000][183098.184s][info][gc,cpu      ] GC(6039) User=0.15s Sys=0.00s Real=0.02s
[2025-01-08T23:17:13.871+0000][183104.237s][info][gc,start    ] GC(6040) Pause Young (Normal) (G1 Evacuation Pause)
[2025-01-08T23:17:13.871+0000][183104.237s][info][gc,task     ] GC(6040) Using 6 workers of 6 for evacuation
[2025-01-08T23:17:13.902+0000][183104.268s][info][gc,phases   ] GC(6040)   Pre Evacuate Collection Set: 0.2ms
[2025-01-08T23:17:13.902+0000][183104.268s][info][gc,phases   ] GC(6040)   Merge Heap Roots: 0.4ms
[2025-01-08T23:17:13.902+0000][183104.268s][info][gc,phases   ] GC(6040)   Evacuate Collection Set: 27.3ms
[2025-01-08T23:17:13.902+0000][183104.268s][info][gc,phases   ] GC(6040)   Post Evacuate Collection Set: 2.6ms
[2025-01-08T23:17:13.902+0000][183104.268s][info][gc,phases   ] GC(6040)   Other: 0.2ms
[2025-01-08T23:17:13.902+0000][183104.268s][info][gc,heap     ] GC(6040) Eden regions: 915->0(913)
[2025-01-08T23:17:13.902+0000][183104.268s][info][gc,heap     ] GC(6040) Survivor regions: 6->8(116)
[2025-01-08T23:17:13.902+0000][183104.268s][info][gc,heap     ] GC(6040) Old regions: 235->235
[2025-01-08T23:17:13.902+0000][183104.268s][info][gc,heap     ] GC(6040) Archive regions: 2->2
[2025-01-08T23:17:13.902+0000][183104.268s][info][gc,heap     ] GC(6040) Humongous regions: 49->49
[2025-01-08T23:17:13.902+0000][183104.268s][info][gc,metaspace] GC(6040) Metaspace: 524085K(533824K)->524085K(533824K) NonClass: 460225K(465088K)->460225K(465088K) Class: 63860K(68736K)->63860K(68736K)
[2025-01-08T23:17:13.902+0000][183104.268s][info][gc          ] GC(6040) Pause Young (Normal) (G1 Evacuation Pause) 9638M->2330M(12288M) 30.889ms
[2025-01-08T23:17:13.902+0000][183104.268s][info][gc,cpu      ] GC(6040) User=0.18s Sys=0.00s Real=0.03s
[2025-01-08T23:17:22.653+0000][183113.019s][info][gc,start    ] GC(6041) Pause Young (Concurrent Start) (G1 Evacuation Pause)
[2025-01-08T23:17:22.653+0000][183113.019s][info][gc,task     ] GC(6041) Using 6 workers of 6 for evacuation
[2025-01-08T23:17:22.690+0000][183113.056s][info][gc,phases   ] GC(6041)   Pre Evacuate Collection Set: 1.2ms
[2025-01-08T23:17:22.690+0000][183113.056s][info][gc,phases   ] GC(6041)   Merge Heap Roots: 0.5ms
[2025-01-08T23:17:22.690+0000][183113.056s][info][gc,phases   ] GC(6041)   Evacuate Collection Set: 31.9ms
[2025-01-08T23:17:22.690+0000][183113.056s][info][gc,phases   ] GC(6041)   Post Evacuate Collection Set: 2.7ms
[2025-01-08T23:17:22.690+0000][183113.056s][info][gc,phases   ] GC(6041)   Other: 0.3ms
[2025-01-08T23:17:22.690+0000][183113.056s][info][gc,heap     ] GC(6041) Eden regions: 913->0(912)
[2025-01-08T23:17:22.690+0000][183113.056s][info][gc,heap     ] GC(6041) Survivor regions: 8->9(116)
[2025-01-08T23:17:22.690+0000][183113.056s][info][gc,heap     ] GC(6041) Old regions: 235->235
[2025-01-08T23:17:22.690+0000][183113.056s][info][gc,heap     ] GC(6041) Archive regions: 2->2
[2025-01-08T23:17:22.690+0000][183113.056s][info][gc,heap     ] GC(6041) Humongous regions: 49->49
[2025-01-08T23:17:22.690+0000][183113.056s][info][gc,metaspace] GC(6041) Metaspace: 524085K(533824K)->524085K(533824K) NonClass: 460225K(465088K)->460225K(465088K) Class: 63860K(68736K)->63860K(68736K)
[2025-01-08T23:17:22.690+0000][183113.056s][info][gc          ] GC(6041) Pause Young (Concurrent Start) (G1 Evacuation Pause) 9634M->2343M(12288M) 36.669ms
[2025-01-08T23:17:22.690+0000][183113.056s][info][gc,cpu      ] GC(6041) User=0.21s Sys=0.00s Real=0.04s
[2025-01-08T23:17:22.690+0000][183113.056s][info][gc          ] GC(6042) Concurrent Mark Cycle
[2025-01-08T23:17:22.690+0000][183113.056s][info][gc,marking  ] GC(6042) Concurrent Clear Claimed Marks
[2025-01-08T23:17:22.691+0000][183113.057s][info][gc,marking  ] GC(6042) Concurrent Clear Claimed Marks 0.997ms
[2025-01-08T23:17:22.691+0000][183113.057s][info][gc,marking  ] GC(6042) Concurrent Scan Root Regions
[2025-01-08T23:17:22.721+0000][183113.087s][info][gc,marking  ] GC(6042) Concurrent Scan Root Regions 30.078ms
[2025-01-08T23:17:22.721+0000][183113.087s][info][gc,marking  ] GC(6042) Concurrent Mark
[2025-01-08T23:17:22.721+0000][183113.087s][info][gc,marking  ] GC(6042) Concurrent Mark From Roots
[2025-01-08T23:17:22.721+0000][183113.087s][info][gc,task     ] GC(6042) Using 2 workers of 2 for marking
[2025-01-08T23:17:23.657+0000][183114.023s][info][gc,marking  ] GC(6042) Concurrent Mark From Roots 936.065ms
[2025-01-08T23:17:23.657+0000][183114.023s][info][gc,marking  ] GC(6042) Concurrent Preclean
[2025-01-08T23:17:23.660+0000][183114.026s][info][gc,marking  ] GC(6042) Concurrent Preclean 2.786ms
[2025-01-08T23:17:23.660+0000][183114.026s][info][gc,start    ] GC(6042) Pause Remark
[2025-01-08T23:17:23.687+0000][183114.053s][info][gc          ] GC(6042) Pause Remark 3263M->3263M(12288M) 26.541ms
[2025-01-08T23:17:23.687+0000][183114.053s][info][gc,cpu      ] GC(6042) User=0.15s Sys=0.00s Real=0.03s
[2025-01-08T23:17:23.687+0000][183114.053s][info][gc,marking  ] GC(6042) Concurrent Mark 965.767ms
[2025-01-08T23:17:23.687+0000][183114.053s][info][gc,marking  ] GC(6042) Concurrent Rebuild Remembered Sets
[2025-01-08T23:17:24.242+0000][183114.608s][info][gc,marking  ] GC(6042) Concurrent Rebuild Remembered Sets 555.024ms
[2025-01-08T23:17:24.242+0000][183114.608s][info][gc,start    ] GC(6042) Pause Cleanup
[2025-01-08T23:17:24.242+0000][183114.609s][info][gc          ] GC(6042) Pause Cleanup 3795M->3795M(12288M) 0.432ms
[2025-01-08T23:17:24.243+0000][183114.609s][info][gc,cpu      ] GC(6042) User=0.00s Sys=0.00s Real=0.00s
[2025-01-08T23:17:24.243+0000][183114.609s][info][gc,marking  ] GC(6042) Concurrent Cleanup for Next Mark
[2025-01-08T23:17:24.271+0000][183114.637s][info][gc,marking  ] GC(6042) Concurrent Cleanup for Next Mark 28.227ms
[2025-01-08T23:17:24.271+0000][183114.637s][info][gc          ] GC(6042) Concurrent Mark Cycle 1580.941ms
[2025-01-08T23:17:29.266+0000][183119.632s][info][gc,start    ] GC(6043) Pause Young (Prepare Mixed) (G1 Evacuation Pause)
[2025-01-08T23:17:29.266+0000][183119.632s][info][gc,task     ] GC(6043) Using 6 workers of 6 for evacuation
[2025-01-08T23:17:29.304+0000][183119.670s][info][gc,phases   ] GC(6043)   Pre Evacuate Collection Set: 0.2ms
[2025-01-08T23:17:29.304+0000][183119.670s][info][gc,phases   ] GC(6043)   Merge Heap Roots: 0.7ms
[2025-01-08T23:17:29.304+0000][183119.670s][info][gc,phases   ] GC(6043)   Evacuate Collection Set: 32.7ms
[2025-01-08T23:17:29.304+0000][183119.670s][info][gc,phases   ] GC(6043)   Post Evacuate Collection Set: 4.4ms
[2025-01-08T23:17:29.304+0000][183119.670s][info][gc,phases   ] GC(6043)   Other: 0.2ms
[2025-01-08T23:17:29.304+0000][183119.670s][info][gc,heap     ] GC(6043) Eden regions: 912->0(66)
[2025-01-08T23:17:29.304+0000][183119.670s][info][gc,heap     ] GC(6043) Survivor regions: 9->10(116)
[2025-01-08T23:17:29.304+0000][183119.670s][info][gc,heap     ] GC(6043) Old regions: 235->235
[2025-01-08T23:17:29.304+0000][183119.670s][info][gc,heap     ] GC(6043) Archive regions: 2->2
[2025-01-08T23:17:29.304+0000][183119.670s][info][gc,heap     ] GC(6043) Humongous regions: 49->49
[2025-01-08T23:17:29.304+0000][183119.670s][info][gc,metaspace] GC(6043) Metaspace: 524085K(533824K)->524085K(533824K) NonClass: 460225K(465088K)->460225K(465088K) Class: 63860K(68736K)->63860K(68736K)
[2025-01-08T23:17:29.304+0000][183119.670s][info][gc          ] GC(6043) Pause Young (Prepare Mixed) (G1 Evacuation Pause) 9639M->2351M(12288M) 38.328ms
[2025-01-08T23:17:29.304+0000][183119.670s][info][gc,cpu      ] GC(6043) User=0.23s Sys=0.00s Real=0.04s
[2025-01-08T23:17:29.788+0000][183120.154s][info][gc,start    ] GC(6044) Pause Young (Mixed) (G1 Evacuation Pause)
[2025-01-08T23:17:29.788+0000][183120.154s][info][gc,task     ] GC(6044) Using 6 workers of 6 for evacuation
[2025-01-08T23:17:29.861+0000][183120.227s][info][gc,phases   ] GC(6044)   Pre Evacuate Collection Set: 0.2ms
[2025-01-08T23:17:29.861+0000][183120.227s][info][gc,phases   ] GC(6044)   Merge Heap Roots: 0.8ms
[2025-01-08T23:17:29.861+0000][183120.227s][info][gc,phases   ] GC(6044)   Evacuate Collection Set: 69.8ms
[2025-01-08T23:17:29.861+0000][183120.227s][info][gc,phases   ] GC(6044)   Post Evacuate Collection Set: 1.8ms
[2025-01-08T23:17:29.861+0000][183120.227s][info][gc,phases   ] GC(6044)   Other: 0.2ms
[2025-01-08T23:17:29.861+0000][183120.227s][info][gc,heap     ] GC(6044) Eden regions: 66->0(915)
[2025-01-08T23:17:29.861+0000][183120.227s][info][gc,heap     ] GC(6044) Survivor regions: 10->6(10)
[2025-01-08T23:17:29.861+0000][183120.227s][info][gc,heap     ] GC(6044) Old regions: 235->234
[2025-01-08T23:17:29.861+0000][183120.227s][info][gc,heap     ] GC(6044) Archive regions: 2->2
[2025-01-08T23:17:29.861+0000][183120.227s][info][gc,heap     ] GC(6044) Humongous regions: 49->49
[2025-01-08T23:17:29.861+0000][183120.227s][info][gc,metaspace] GC(6044) Metaspace: 524085K(533824K)->524085K(533824K) NonClass: 460225K(465088K)->460225K(465088K) Class: 63860K(68736K)->63860K(68736K)
[2025-01-08T23:17:29.861+0000][183120.227s][info][gc          ] GC(6044) Pause Young (Mixed) (G1 Evacuation Pause) 2879M->2309M(12288M) 72.856ms
[2025-01-08T23:17:29.861+0000][183120.227s][info][gc,cpu      ] GC(6044) User=0.42s Sys=0.00s Real=0.07s
[2025-01-08T23:17:35.412+0000][183125.778s][info][gc,start    ] GC(6045) Pause Young (Normal) (G1 Evacuation Pause)
[2025-01-08T23:17:35.412+0000][183125.778s][info][gc,task     ] GC(6045) Using 6 workers of 6 for evacuation
[2025-01-08T23:17:35.438+0000][183125.804s][info][gc,phases   ] GC(6045)   Pre Evacuate Collection Set: 0.2ms
[2025-01-08T23:17:35.438+0000][183125.804s][info][gc,phases   ] GC(6045)   Merge Heap Roots: 0.4ms
[2025-01-08T23:17:35.438+0000][183125.804s][info][gc,phases   ] GC(6045)   Evacuate Collection Set: 21.6ms
[2025-01-08T23:17:35.438+0000][183125.804s][info][gc,phases   ] GC(6045)   Post Evacuate Collection Set: 3.9ms
[2025-01-08T23:17:35.438+0000][183125.804s][info][gc,phases   ] GC(6045)   Other: 0.2ms
[2025-01-08T23:17:35.438+0000][183125.804s][info][gc,heap     ] GC(6045) Eden regions: 915->0(915)
[2025-01-08T23:17:35.438+0000][183125.804s][info][gc,heap     ] GC(6045) Survivor regions: 6->6(116)
[2025-01-08T23:17:35.438+0000][183125.804s][info][gc,heap     ] GC(6045) Old regions: 234->234
[2025-01-08T23:17:35.438+0000][183125.804s][info][gc,heap     ] GC(6045) Archive regions: 2->2
[2025-01-08T23:17:35.438+0000][183125.804s][info][gc,heap     ] GC(6045) Humongous regions: 49->49
[2025-01-08T23:17:35.438+0000][183125.804s][info][gc,metaspace] GC(6045) Metaspace: 524085K(533824K)->524085K(533824K) NonClass: 460225K(465088K)->460225K(465088K) Class: 63860K(68736K)->63860K(68736K)
[2025-01-08T23:17:35.438+0000][183125.804s][info][gc          ] GC(6045) Pause Young (Normal) (G1 Evacuation Pause) 9629M->2316M(12288M) 26.420ms
[2025-01-08T23:17:35.438+0000][183125.804s][info][gc,cpu      ] GC(6045) User=0.15s Sys=0.00s Real=0.02s
[2025-01-08T23:17:41.651+0000][183132.017s][info][gc,start    ] GC(6046) Pause Young (Normal) (G1 Evacuation Pause)
[2025-01-08T23:17:41.651+0000][183132.017s][info][gc,task     ] GC(6046) Using 6 workers of 6 for evacuation
[2025-01-08T23:17:41.678+0000][183132.044s][info][gc,phases   ] GC(6046)   Pre Evacuate Collection Set: 0.2ms
[2025-01-08T23:17:41.678+0000][183132.044s][info][gc,phases   ] GC(6046)   Merge Heap Roots: 0.4ms
[2025-01-08T23:17:41.678+0000][183132.044s][info][gc,phases   ] GC(6046)   Evacuate Collection Set: 22.8ms
[2025-01-08T23:17:41.678+0000][183132.044s][info][gc,phases   ] GC(6046)   Post Evacuate Collection Set: 3.9ms
[2025-01-08T23:17:41.678+0000][183132.044s][info][gc,phases   ] GC(6046)   Other: 0.2ms
[2025-01-08T23:17:41.678+0000][183132.044s][info][gc,heap     ] GC(6046) Eden regions: 915->0(914)
[2025-01-08T23:17:41.678+0000][183132.044s][info][gc,heap     ] GC(6046) Survivor regions: 6->7(116)
[2025-01-08T23:17:41.678+0000][183132.044s][info][gc,heap     ] GC(6046) Old regions: 234->234
[2025-01-08T23:17:41.678+0000][183132.044s][info][gc,heap     ] GC(6046) Archive regions: 2->2
[2025-01-08T23:17:41.678+0000][183132.044s][info][gc,heap     ] GC(6046) Humongous regions: 49->49
[2025-01-08T23:17:41.678+0000][183132.044s][info][gc,metaspace] GC(6046) Metaspace: 524085K(533824K)->524085K(533824K) NonClass: 460225K(465088K)->460225K(465088K) Class: 63860K(68736K)->63860K(68736K)
[2025-01-08T23:17:41.678+0000][183132.044s][info][gc          ] GC(6046) Pause Young (Normal) (G1 Evacuation Pause) 9636M->2324M(12288M) 27.558ms
[2025-01-08T23:17:41.678+0000][183132.044s][info][gc,cpu      ] GC(6046) User=0.16s Sys=0.00s Real=0.02s
[2025-01-08T23:17:50.230+0000][183140.596s][info][gc,start    ] GC(6047) Pause Young (Concurrent Start) (G1 Evacuation Pause)
[2025-01-08T23:17:50.230+0000][183140.596s][info][gc,task     ] GC(6047) Using 6 workers of 6 for evacuation
[2025-01-08T23:17:50.266+0000][183140.633s][info][gc,phases   ] GC(6047)   Pre Evacuate Collection Set: 1.2ms
[2025-01-08T23:17:50.267+0000][183140.633s][info][gc,phases   ] GC(6047)   Merge Heap Roots: 0.4ms
[2025-01-08T23:17:50.267+0000][183140.633s][info][gc,phases   ] GC(6047)   Evacuate Collection Set: 31.4ms
[2025-01-08T23:17:50.267+0000][183140.633s][info][gc,phases   ] GC(6047)   Post Evacuate Collection Set: 2.9ms
[2025-01-08T23:17:50.267+0000][183140.633s][info][gc,phases   ] GC(6047)   Other: 0.3ms
[2025-01-08T23:17:50.267+0000][183140.633s][info][gc,heap     ] GC(6047) Eden regions: 914->0(912)
[2025-01-08T23:17:50.267+0000][183140.633s][info][gc,heap     ] GC(6047) Survivor regions: 7->9(116)
[2025-01-08T23:17:50.267+0000][183140.633s][info][gc,heap     ] GC(6047) Old regions: 234->234
[2025-01-08T23:17:50.267+0000][183140.633s][info][gc,heap     ] GC(6047) Archive regions: 2->2
[2025-01-08T23:17:50.267+0000][183140.633s][info][gc,heap     ] GC(6047) Humongous regions: 49->49
[2025-01-08T23:17:50.267+0000][183140.633s][info][gc,metaspace] GC(6047) Metaspace: 524085K(533824K)->524085K(533824K) NonClass: 460225K(465088K)->460225K(465088K) Class: 63860K(68736K)->63860K(68736K)
[2025-01-08T23:17:50.267+0000][183140.633s][info][gc          ] GC(6047) Pause Young (Concurrent Start) (G1 Evacuation Pause) 9636M->2335M(12288M) 36.262ms
[2025-01-08T23:17:50.267+0000][183140.633s][info][gc,cpu      ] GC(6047) User=0.21s Sys=0.00s Real=0.03s
[2025-01-08T23:17:50.267+0000][183140.633s][info][gc          ] GC(6048) Concurrent Mark Cycle
[2025-01-08T23:17:50.267+0000][183140.633s][info][gc,marking  ] GC(6048) Concurrent Clear Claimed Marks
[2025-01-08T23:17:50.268+0000][183140.634s][info][gc,marking  ] GC(6048) Concurrent Clear Claimed Marks 0.997ms
[2025-01-08T23:17:50.268+0000][183140.634s][info][gc,marking  ] GC(6048) Concurrent Scan Root Regions
[2025-01-08T23:17:50.290+0000][183140.656s][info][gc,marking  ] GC(6048) Concurrent Scan Root Regions 22.199ms
[2025-01-08T23:17:50.290+0000][183140.656s][info][gc,marking  ] GC(6048) Concurrent Mark
[2025-01-08T23:17:50.290+0000][183140.656s][info][gc,marking  ] GC(6048) Concurrent Mark From Roots
[2025-01-08T23:17:50.290+0000][183140.656s][info][gc,task     ] GC(6048) Using 2 workers of 2 for marking
[2025-01-08T23:17:51.121+0000][183141.487s][info][gc,marking  ] GC(6048) Concurrent Mark From Roots 831.015ms
[2025-01-08T23:17:51.121+0000][183141.487s][info][gc,marking  ] GC(6048) Concurrent Preclean
[2025-01-08T23:17:51.124+0000][183141.490s][info][gc,marking  ] GC(6048) Concurrent Preclean 2.660ms
[2025-01-08T23:17:51.124+0000][183141.490s][info][gc,start    ] GC(6048) Pause Remark
[2025-01-08T23:17:51.152+0000][183141.518s][info][gc          ] GC(6048) Pause Remark 3075M->3075M(12288M) 28.329ms
[2025-01-08T23:17:51.152+0000][183141.518s][info][gc,cpu      ] GC(6048) User=0.16s Sys=0.00s Real=0.03s
[2025-01-08T23:17:51.152+0000][183141.518s][info][gc,marking  ] GC(6048) Concurrent Mark 862.340ms
[2025-01-08T23:17:51.152+0000][183141.518s][info][gc,marking  ] GC(6048) Concurrent Rebuild Remembered Sets
[2025-01-08T23:17:51.689+0000][183142.055s][info][gc,marking  ] GC(6048) Concurrent Rebuild Remembered Sets 536.590ms
[2025-01-08T23:17:51.689+0000][183142.055s][info][gc,start    ] GC(6048) Pause Cleanup
[2025-01-08T23:17:51.689+0000][183142.056s][info][gc          ] GC(6048) Pause Cleanup 3535M->3535M(12288M) 0.389ms
[2025-01-08T23:17:51.689+0000][183142.056s][info][gc,cpu      ] GC(6048) User=0.00s Sys=0.00s Real=0.01s
[2025-01-08T23:17:51.690+0000][183142.056s][info][gc,marking  ] GC(6048) Concurrent Cleanup for Next Mark
[2025-01-08T23:17:51.706+0000][183142.072s][info][gc,marking  ] GC(6048) Concurrent Cleanup for Next Mark 16.234ms
[2025-01-08T23:17:51.706+0000][183142.072s][info][gc          ] GC(6048) Concurrent Mark Cycle 1439.168ms
[2025-01-08T23:17:58.312+0000][183148.678s][info][gc,start    ] GC(6049) Pause Young (Prepare Mixed) (G1 Evacuation Pause)
[2025-01-08T23:17:58.312+0000][183148.678s][info][gc,task     ] GC(6049) Using 6 workers of 6 for evacuation
[2025-01-08T23:17:58.345+0000][183148.711s][info][gc,phases   ] GC(6049)   Pre Evacuate Collection Set: 0.2ms
[2025-01-08T23:17:58.345+0000][183148.711s][info][gc,phases   ] GC(6049)   Merge Heap Roots: 0.7ms
[2025-01-08T23:17:58.345+0000][183148.711s][info][gc,phases   ] GC(6049)   Evacuate Collection Set: 29.8ms
[2025-01-08T23:17:58.345+0000][183148.711s][info][gc,phases   ] GC(6049)   Post Evacuate Collection Set: 2.6ms
[2025-01-08T23:17:58.345+0000][183148.711s][info][gc,phases   ] GC(6049)   Other: 0.2ms
[2025-01-08T23:17:58.345+0000][183148.711s][info][gc,heap     ] GC(6049) Eden regions: 912->0(67)
[2025-01-08T23:17:58.345+0000][183148.711s][info][gc,heap     ] GC(6049) Survivor regions: 9->9(116)
[2025-01-08T23:17:58.345+0000][183148.711s][info][gc,heap     ] GC(6049) Old regions: 234->234
[2025-01-08T23:17:58.345+0000][183148.711s][info][gc,heap     ] GC(6049) Archive regions: 2->2
[2025-01-08T23:17:58.345+0000][183148.711s][info][gc,heap     ] GC(6049) Humongous regions: 49->49
[2025-01-08T23:17:58.345+0000][183148.711s][info][gc,metaspace] GC(6049) Metaspace: 524085K(533824K)->524085K(533824K) NonClass: 460225K(465088K)->460225K(465088K) Class: 63860K(68736K)->63860K(68736K)
[2025-01-08T23:17:58.345+0000][183148.711s][info][gc          ] GC(6049) Pause Young (Prepare Mixed) (G1 Evacuation Pause) 9631M->2338M(12288M) 33.487ms
[2025-01-08T23:17:58.345+0000][183148.711s][info][gc,cpu      ] GC(6049) User=0.20s Sys=0.00s Real=0.03s
[2025-01-08T23:17:58.689+0000][183149.055s][info][gc,start    ] GC(6050) Pause Young (Mixed) (G1 Evacuation Pause)
[2025-01-08T23:17:58.689+0000][183149.056s][info][gc,task     ] GC(6050) Using 6 workers of 6 for evacuation
[2025-01-08T23:17:58.755+0000][183149.121s][info][gc,phases   ] GC(6050)   Pre Evacuate Collection Set: 0.2ms
[2025-01-08T23:17:58.755+0000][183149.121s][info][gc,phases   ] GC(6050)   Merge Heap Roots: 0.7ms
[2025-01-08T23:17:58.755+0000][183149.121s][info][gc,phases   ] GC(6050)   Evacuate Collection Set: 62.7ms
[2025-01-08T23:17:58.755+0000][183149.121s][info][gc,phases   ] GC(6050)   Post Evacuate Collection Set: 2.1ms
[2025-01-08T23:17:58.755+0000][183149.121s][info][gc,phases   ] GC(6050)   Other: 0.2ms
[2025-01-08T23:17:58.755+0000][183149.121s][info][gc,heap     ] GC(6050) Eden regions: 67->0(915)
[2025-01-08T23:17:58.755+0000][183149.121s][info][gc,heap     ] GC(6050) Survivor regions: 9->6(10)
[2025-01-08T23:17:58.755+0000][183149.121s][info][gc,heap     ] GC(6050) Old regions: 234->234
[2025-01-08T23:17:58.755+0000][183149.121s][info][gc,heap     ] GC(6050) Archive regions: 2->2
[2025-01-08T23:17:58.755+0000][183149.121s][info][gc,heap     ] GC(6050) Humongous regions: 49->49
[2025-01-08T23:17:58.755+0000][183149.121s][info][gc,metaspace] GC(6050) Metaspace: 524085K(533824K)->524085K(533824K) NonClass: 460225K(465088K)->460225K(465088K) Class: 63860K(68736K)->63860K(68736K)
[2025-01-08T23:17:58.755+0000][183149.121s][info][gc          ] GC(6050) Pause Young (Mixed) (G1 Evacuation Pause) 2874M->2307M(12288M) 65.964ms
[2025-01-08T23:17:58.755+0000][183149.121s][info][gc,cpu      ] GC(6050) User=0.37s Sys=0.01s Real=0.07s
[2025-01-08T23:18:02.907+0000][183153.273s][info][gc,start    ] GC(6051) Pause Young (Normal) (G1 Evacuation Pause)
[2025-01-08T23:18:02.907+0000][183153.273s][info][gc,task     ] GC(6051) Using 6 workers of 6 for evacuation
[2025-01-08T23:18:02.932+0000][183153.298s][info][gc,phases   ] GC(6051)   Pre Evacuate Collection Set: 0.2ms
[2025-01-08T23:18:02.932+0000][183153.298s][info][gc,phases   ] GC(6051)   Merge Heap Roots: 0.4ms
[2025-01-08T23:18:02.932+0000][183153.298s][info][gc,phases   ] GC(6051)   Evacuate Collection Set: 22.0ms
[2025-01-08T23:18:02.932+0000][183153.298s][info][gc,phases   ] GC(6051)   Post Evacuate Collection Set: 2.4ms
[2025-01-08T23:18:02.932+0000][183153.298s][info][gc,phases   ] GC(6051)   Other: 0.2ms
[2025-01-08T23:18:02.932+0000][183153.298s][info][gc,heap     ] GC(6051) Eden regions: 915->0(915)
[2025-01-08T23:18:02.932+0000][183153.298s][info][gc,heap     ] GC(6051) Survivor regions: 6->6(116)
[2025-01-08T23:18:02.932+0000][183153.298s][info][gc,heap     ] GC(6051) Old regions: 234->234
[2025-01-08T23:18:02.932+0000][183153.298s][info][gc,heap     ] GC(6051) Archive regions: 2->2
[2025-01-08T23:18:02.932+0000][183153.298s][info][gc,heap     ] GC(6051) Humongous regions: 49->49
[2025-01-08T23:18:02.932+0000][183153.298s][info][gc,metaspace] GC(6051) Metaspace: 524085K(533824K)->524085K(533824K) NonClass: 460225K(465088K)->460225K(465088K) Class: 63860K(68736K)->63860K(68736K)
[2025-01-08T23:18:02.932+0000][183153.298s][info][gc          ] GC(6051) Pause Young (Normal) (G1 Evacuation Pause) 9627M->2311M(12288M) 25.378ms
[2025-01-08T23:18:02.932+0000][183153.298s][info][gc,cpu      ] GC(6051) User=0.14s Sys=0.00s Real=0.03s
[2025-01-08T23:18:13.167+0000][183163.533s][info][gc,start    ] GC(6052) Pause Young (Normal) (G1 Evacuation Pause)
[2025-01-08T23:18:13.167+0000][183163.533s][info][gc,task     ] GC(6052) Using 6 workers of 6 for evacuation
[2025-01-08T23:18:13.198+0000][183163.564s][info][gc,phases   ] GC(6052)   Pre Evacuate Collection Set: 0.2ms
[2025-01-08T23:18:13.198+0000][183163.565s][info][gc,phases   ] GC(6052)   Merge Heap Roots: 0.4ms
[2025-01-08T23:18:13.198+0000][183163.565s][info][gc,phases   ] GC(6052)   Evacuate Collection Set: 28.0ms
[2025-01-08T23:18:13.198+0000][183163.565s][info][gc,phases   ] GC(6052)   Post Evacuate Collection Set: 2.8ms
[2025-01-08T23:18:13.198+0000][183163.565s][info][gc,phases   ] GC(6052)   Other: 0.2ms
[2025-01-08T23:18:13.198+0000][183163.565s][info][gc,heap     ] GC(6052) Eden regions: 915->0(913)
[2025-01-08T23:18:13.198+0000][183163.565s][info][gc,heap     ] GC(6052) Survivor regions: 6->8(116)
[2025-01-08T23:18:13.198+0000][183163.565s][info][gc,heap     ] GC(6052) Old regions: 234->234
[2025-01-08T23:18:13.198+0000][183163.565s][info][gc,heap     ] GC(6052) Archive regions: 2->2
[2025-01-08T23:18:13.198+0000][183163.565s][info][gc,heap     ] GC(6052) Humongous regions: 49->49
[2025-01-08T23:18:13.198+0000][183163.565s][info][gc,metaspace] GC(6052) Metaspace: 524085K(533824K)->524085K(533824K) NonClass: 460225K(465088K)->460225K(465088K) Class: 63860K(68736K)->63860K(68736K)
[2025-01-08T23:18:13.198+0000][183163.565s][info][gc          ] GC(6052) Pause Young (Normal) (G1 Evacuation Pause) 9631M->2323M(12288M) 31.683ms
[2025-01-08T23:18:13.199+0000][183163.565s][info][gc,cpu      ] GC(6052) User=0.18s Sys=0.00s Real=0.03s
[2025-01-08T23:18:20.157+0000][183170.523s][info][gc,start    ] GC(6053) Pause Young (Concurrent Start) (G1 Evacuation Pause)
[2025-01-08T23:18:20.157+0000][183170.523s][info][gc,task     ] GC(6053) Using 6 workers of 6 for evacuation
[2025-01-08T23:18:20.194+0000][183170.560s][info][gc,phases   ] GC(6053)   Pre Evacuate Collection Set: 1.2ms
[2025-01-08T23:18:20.194+0000][183170.560s][info][gc,phases   ] GC(6053)   Merge Heap Roots: 0.5ms
[2025-01-08T23:18:20.194+0000][183170.560s][info][gc,phases   ] GC(6053)   Evacuate Collection Set: 30.9ms
[2025-01-08T23:18:20.194+0000][183170.560s][info][gc,phases   ] GC(6053)   Post Evacuate Collection Set: 4.5ms
[2025-01-08T23:18:20.194+0000][183170.560s][info][gc,phases   ] GC(6053)   Other: 0.3ms
[2025-01-08T23:18:20.194+0000][183170.560s][info][gc,heap     ] GC(6053) Eden regions: 913->0(911)
[2025-01-08T23:18:20.194+0000][183170.560s][info][gc,heap     ] GC(6053) Survivor regions: 8->10(116)
[2025-01-08T23:18:20.194+0000][183170.560s][info][gc,heap     ] GC(6053) Old regions: 234->234
[2025-01-08T23:18:20.194+0000][183170.560s][info][gc,heap     ] GC(6053) Archive regions: 2->2
[2025-01-08T23:18:20.194+0000][183170.560s][info][gc,heap     ] GC(6053) Humongous regions: 49->49
[2025-01-08T23:18:20.194+0000][183170.560s][info][gc,metaspace] GC(6053) Metaspace: 524085K(533824K)->524085K(533824K) NonClass: 460225K(465088K)->460225K(465088K) Class: 63860K(68736K)->63860K(68736K)
[2025-01-08T23:18:20.194+0000][183170.560s][info][gc          ] GC(6053) Pause Young (Concurrent Start) (G1 Evacuation Pause) 9627M->2339M(12288M) 37.373ms
[2025-01-08T23:18:20.194+0000][183170.560s][info][gc,cpu      ] GC(6053) User=0.21s Sys=0.00s Real=0.04s
[2025-01-08T23:18:20.194+0000][183170.561s][info][gc          ] GC(6054) Concurrent Mark Cycle
[2025-01-08T23:18:20.194+0000][183170.561s][info][gc,marking  ] GC(6054) Concurrent Clear Claimed Marks
[2025-01-08T23:18:20.195+0000][183170.562s][info][gc,marking  ] GC(6054) Concurrent Clear Claimed Marks 0.971ms
[2025-01-08T23:18:20.195+0000][183170.562s][info][gc,marking  ] GC(6054) Concurrent Scan Root Regions
[2025-01-08T23:18:20.219+0000][183170.585s][info][gc,marking  ] GC(6054) Concurrent Scan Root Regions 23.815ms
[2025-01-08T23:18:20.219+0000][183170.585s][info][gc,marking  ] GC(6054) Concurrent Mark
[2025-01-08T23:18:20.219+0000][183170.585s][info][gc,marking  ] GC(6054) Concurrent Mark From Roots
[2025-01-08T23:18:20.219+0000][183170.585s][info][gc,task     ] GC(6054) Using 2 workers of 2 for marking
[2025-01-08T23:18:21.011+0000][183171.378s][info][gc,marking  ] GC(6054) Concurrent Mark From Roots 792.156ms
[2025-01-08T23:18:21.011+0000][183171.378s][info][gc,marking  ] GC(6054) Concurrent Preclean
[2025-01-08T23:18:21.014+0000][183171.380s][info][gc,marking  ] GC(6054) Concurrent Preclean 2.618ms
[2025-01-08T23:18:21.014+0000][183171.380s][info][gc,start    ] GC(6054) Pause Remark
[2025-01-08T23:18:21.040+0000][183171.406s][info][gc          ] GC(6054) Pause Remark 3035M->3035M(12288M) 26.062ms
[2025-01-08T23:18:21.040+0000][183171.407s][info][gc,cpu      ] GC(6054) User=0.15s Sys=0.00s Real=0.02s
[2025-01-08T23:18:21.041+0000][183171.407s][info][gc,marking  ] GC(6054) Concurrent Mark 821.273ms
[2025-01-08T23:18:21.041+0000][183171.407s][info][gc,marking  ] GC(6054) Concurrent Rebuild Remembered Sets
[2025-01-08T23:18:21.575+0000][183171.941s][info][gc,marking  ] GC(6054) Concurrent Rebuild Remembered Sets 534.181ms
[2025-01-08T23:18:21.575+0000][183171.941s][info][gc,start    ] GC(6054) Pause Cleanup
[2025-01-08T23:18:21.575+0000][183171.942s][info][gc          ] GC(6054) Pause Cleanup 3551M->3551M(12288M) 0.482ms
[2025-01-08T23:18:21.575+0000][183171.942s][info][gc,cpu      ] GC(6054) User=0.00s Sys=0.00s Real=0.00s
[2025-01-08T23:18:21.576+0000][183171.942s][info][gc,marking  ] GC(6054) Concurrent Cleanup for Next Mark
[2025-01-08T23:18:21.604+0000][183171.970s][info][gc,marking  ] GC(6054) Concurrent Cleanup for Next Mark 28.264ms
[2025-01-08T23:18:21.604+0000][183171.970s][info][gc          ] GC(6054) Concurrent Mark Cycle 1409.434ms
[2025-01-08T23:18:30.110+0000][183180.476s][info][gc,start    ] GC(6055) Pause Young (Prepare Mixed) (G1 Evacuation Pause)
[2025-01-08T23:18:30.110+0000][183180.476s][info][gc,task     ] GC(6055) Using 6 workers of 6 for evacuation
[2025-01-08T23:18:30.152+0000][183180.518s][info][gc,phases   ] GC(6055)   Pre Evacuate Collection Set: 0.2ms
[2025-01-08T23:18:30.152+0000][183180.518s][info][gc,phases   ] GC(6055)   Merge Heap Roots: 0.7ms
[2025-01-08T23:18:30.152+0000][183180.518s][info][gc,phases   ] GC(6055)   Evacuate Collection Set: 36.5ms
[2025-01-08T23:18:30.152+0000][183180.518s][info][gc,phases   ] GC(6055)   Post Evacuate Collection Set: 4.1ms
[2025-01-08T23:18:30.152+0000][183180.518s][info][gc,phases   ] GC(6055)   Other: 0.2ms
[2025-01-08T23:18:30.152+0000][183180.518s][info][gc,heap     ] GC(6055) Eden regions: 911->0(64)
[2025-01-08T23:18:30.152+0000][183180.518s][info][gc,heap     ] GC(6055) Survivor regions: 10->12(116)
[2025-01-08T23:18:30.152+0000][183180.518s][info][gc,heap     ] GC(6055) Old regions: 234->234
[2025-01-08T23:18:30.152+0000][183180.518s][info][gc,heap     ] GC(6055) Archive regions: 2->2
[2025-01-08T23:18:30.152+0000][183180.518s][info][gc,heap     ] GC(6055) Humongous regions: 49->49
[2025-01-08T23:18:30.152+0000][183180.518s][info][gc,metaspace] GC(6055) Metaspace: 524085K(533824K)->524085K(533824K) NonClass: 460225K(465088K)->460225K(465088K) Class: 63860K(68736K)->63860K(68736K)
[2025-01-08T23:18:30.152+0000][183180.518s][info][gc          ] GC(6055) Pause Young (Prepare Mixed) (G1 Evacuation Pause) 9627M->2353M(12288M) 41.830ms
[2025-01-08T23:18:30.152+0000][183180.518s][info][gc,cpu      ] GC(6055) User=0.24s Sys=0.00s Real=0.04s
[2025-01-08T23:18:30.676+0000][183181.042s][info][gc,start    ] GC(6056) Pause Young (Mixed) (G1 Evacuation Pause)
[2025-01-08T23:18:30.676+0000][183181.042s][info][gc,task     ] GC(6056) Using 6 workers of 6 for evacuation
[2025-01-08T23:18:30.722+0000][183181.088s][info][gc,phases   ] GC(6056)   Pre Evacuate Collection Set: 0.2ms
[2025-01-08T23:18:30.722+0000][183181.088s][info][gc,phases   ] GC(6056)   Merge Heap Roots: 0.5ms
[2025-01-08T23:18:30.722+0000][183181.088s][info][gc,phases   ] GC(6056)   Evacuate Collection Set: 43.3ms
[2025-01-08T23:18:30.722+0000][183181.088s][info][gc,phases   ] GC(6056)   Post Evacuate Collection Set: 1.7ms
[2025-01-08T23:18:30.722+0000][183181.088s][info][gc,phases   ] GC(6056)   Other: 0.2ms
[2025-01-08T23:18:30.722+0000][183181.088s][info][gc,heap     ] GC(6056) Eden regions: 64->0(917)
[2025-01-08T23:18:30.722+0000][183181.088s][info][gc,heap     ] GC(6056) Survivor regions: 12->4(10)
[2025-01-08T23:18:30.722+0000][183181.088s][info][gc,heap     ] GC(6056) Old regions: 234->234
[2025-01-08T23:18:30.722+0000][183181.088s][info][gc,heap     ] GC(6056) Archive regions: 2->2
[2025-01-08T23:18:30.722+0000][183181.088s][info][gc,heap     ] GC(6056) Humongous regions: 49->49
[2025-01-08T23:18:30.722+0000][183181.088s][info][gc,metaspace] GC(6056) Metaspace: 524085K(533824K)->524085K(533824K) NonClass: 460225K(465088K)->460225K(465088K) Class: 63860K(68736K)->63860K(68736K)
[2025-01-08T23:18:30.722+0000][183181.088s][info][gc          ] GC(6056) Pause Young (Mixed) (G1 Evacuation Pause) 2865M->2301M(12288M) 45.967ms
[2025-01-08T23:18:30.722+0000][183181.088s][info][gc,cpu      ] GC(6056) User=0.26s Sys=0.00s Real=0.05s
[2025-01-08T23:18:36.866+0000][183187.232s][info][gc,start    ] GC(6057) Pause Young (Normal) (G1 Evacuation Pause)
[2025-01-08T23:18:36.866+0000][183187.232s][info][gc,task     ] GC(6057) Using 6 workers of 6 for evacuation
[2025-01-08T23:18:36.888+0000][183187.254s][info][gc,phases   ] GC(6057)   Pre Evacuate Collection Set: 0.2ms
[2025-01-08T23:18:36.888+0000][183187.254s][info][gc,phases   ] GC(6057)   Merge Heap Roots: 0.4ms
[2025-01-08T23:18:36.888+0000][183187.254s][info][gc,phases   ] GC(6057)   Evacuate Collection Set: 17.9ms
[2025-01-08T23:18:36.888+0000][183187.254s][info][gc,phases   ] GC(6057)   Post Evacuate Collection Set: 3.8ms
[2025-01-08T23:18:36.888+0000][183187.254s][info][gc,phases   ] GC(6057)   Other: 0.2ms
[2025-01-08T23:18:36.888+0000][183187.254s][info][gc,heap     ] GC(6057) Eden regions: 917->0(916)
[2025-01-08T23:18:36.888+0000][183187.254s][info][gc,heap     ] GC(6057) Survivor regions: 4->5(116)
[2025-01-08T23:18:36.888+0000][183187.254s][info][gc,heap     ] GC(6057) Old regions: 234->234
[2025-01-08T23:18:36.888+0000][183187.254s][info][gc,heap     ] GC(6057) Archive regions: 2->2
[2025-01-08T23:18:36.888+0000][183187.254s][info][gc,heap     ] GC(6057) Humongous regions: 49->49
[2025-01-08T23:18:36.888+0000][183187.254s][info][gc,metaspace] GC(6057) Metaspace: 524085K(533824K)->524085K(533824K) NonClass: 460225K(465088K)->460225K(465088K) Class: 63860K(68736K)->63860K(68736K)
[2025-01-08T23:18:36.888+0000][183187.254s][info][gc          ] GC(6057) Pause Young (Normal) (G1 Evacuation Pause) 9637M->2309M(12288M) 22.615ms
[2025-01-08T23:18:36.888+0000][183187.254s][info][gc,cpu      ] GC(6057) User=0.13s Sys=0.00s Real=0.02s
[2025-01-08T23:18:42.455+0000][183192.821s][info][gc,start    ] GC(6058) Pause Young (Normal) (G1 Evacuation Pause)
[2025-01-08T23:18:42.455+0000][183192.821s][info][gc,task     ] GC(6058) Using 6 workers of 6 for evacuation
[2025-01-08T23:18:42.478+0000][183192.844s][info][gc,phases   ] GC(6058)   Pre Evacuate Collection Set: 0.2ms
[2025-01-08T23:18:42.478+0000][183192.844s][info][gc,phases   ] GC(6058)   Merge Heap Roots: 0.4ms
[2025-01-08T23:18:42.478+0000][183192.844s][info][gc,phases   ] GC(6058)   Evacuate Collection Set: 19.6ms
[2025-01-08T23:18:42.478+0000][183192.844s][info][gc,phases   ] GC(6058)   Post Evacuate Collection Set: 2.4ms
[2025-01-08T23:18:42.478+0000][183192.844s][info][gc,phases   ] GC(6058)   Other: 0.2ms
[2025-01-08T23:18:42.478+0000][183192.844s][info][gc,heap     ] GC(6058) Eden regions: 916->0(916)
[2025-01-08T23:18:42.478+0000][183192.844s][info][gc,heap     ] GC(6058) Survivor regions: 5->5(116)
[2025-01-08T23:18:42.478+0000][183192.844s][info][gc,heap     ] GC(6058) Old regions: 234->234
[2025-01-08T23:18:42.478+0000][183192.844s][info][gc,heap     ] GC(6058) Archive regions: 2->2
[2025-01-08T23:18:42.478+0000][183192.844s][info][gc,heap     ] GC(6058) Humongous regions: 49->49
[2025-01-08T23:18:42.478+0000][183192.844s][info][gc,metaspace] GC(6058) Metaspace: 524085K(533824K)->524085K(533824K) NonClass: 460225K(465088K)->460225K(465088K) Class: 63860K(68736K)->63860K(68736K)
[2025-01-08T23:18:42.478+0000][183192.844s][info][gc          ] GC(6058) Pause Young (Normal) (G1 Evacuation Pause) 9637M->2308M(12288M) 22.936ms
[2025-01-08T23:18:42.478+0000][183192.844s][info][gc,cpu      ] GC(6058) User=0.14s Sys=0.00s Real=0.02s
[2025-01-08T23:18:49.017+0000][183199.383s][info][gc,start    ] GC(6059) Pause Young (Concurrent Start) (G1 Evacuation Pause)
[2025-01-08T23:18:49.017+0000][183199.383s][info][gc,task     ] GC(6059) Using 6 workers of 6 for evacuation
[2025-01-08T23:18:49.046+0000][183199.412s][info][gc,phases   ] GC(6059)   Pre Evacuate Collection Set: 1.1ms
[2025-01-08T23:18:49.046+0000][183199.412s][info][gc,phases   ] GC(6059)   Merge Heap Roots: 0.4ms
[2025-01-08T23:18:49.046+0000][183199.412s][info][gc,phases   ] GC(6059)   Evacuate Collection Set: 24.8ms
[2025-01-08T23:18:49.046+0000][183199.412s][info][gc,phases   ] GC(6059)   Post Evacuate Collection Set: 2.5ms
[2025-01-08T23:18:49.046+0000][183199.412s][info][gc,phases   ] GC(6059)   Other: 0.3ms
[2025-01-08T23:18:49.046+0000][183199.412s][info][gc,heap     ] GC(6059) Eden regions: 916->0(914)
[2025-01-08T23:18:49.046+0000][183199.412s][info][gc,heap     ] GC(6059) Survivor regions: 5->7(116)
[2025-01-08T23:18:49.046+0000][183199.412s][info][gc,heap     ] GC(6059) Old regions: 234->234
[2025-01-08T23:18:49.046+0000][183199.412s][info][gc,heap     ] GC(6059) Archive regions: 2->2
[2025-01-08T23:18:49.046+0000][183199.412s][info][gc,heap     ] GC(6059) Humongous regions: 49->49
[2025-01-08T23:18:49.046+0000][183199.412s][info][gc,metaspace] GC(6059) Metaspace: 524085K(533824K)->524085K(533824K) NonClass: 460225K(465088K)->460225K(465088K) Class: 63860K(68736K)->63860K(68736K)
[2025-01-08T23:18:49.046+0000][183199.412s][info][gc          ] GC(6059) Pause Young (Concurrent Start) (G1 Evacuation Pause) 9636M->2319M(12288M) 29.190ms
[2025-01-08T23:18:49.046+0000][183199.412s][info][gc,cpu      ] GC(6059) User=0.16s Sys=0.00s Real=0.03s
[2025-01-08T23:18:49.046+0000][183199.412s][info][gc          ] GC(6060) Concurrent Mark Cycle
[2025-01-08T23:18:49.046+0000][183199.412s][info][gc,marking  ] GC(6060) Concurrent Clear Claimed Marks
[2025-01-08T23:18:49.047+0000][183199.413s][info][gc,marking  ] GC(6060) Concurrent Clear Claimed Marks 0.883ms
[2025-01-08T23:18:49.047+0000][183199.413s][info][gc,marking  ] GC(6060) Concurrent Scan Root Regions
[2025-01-08T23:18:49.066+0000][183199.432s][info][gc,marking  ] GC(6060) Concurrent Scan Root Regions 18.891ms
[2025-01-08T23:18:49.066+0000][183199.432s][info][gc,marking  ] GC(6060) Concurrent Mark
[2025-01-08T23:18:49.066+0000][183199.432s][info][gc,marking  ] GC(6060) Concurrent Mark From Roots
[2025-01-08T23:18:49.066+0000][183199.432s][info][gc,task     ] GC(6060) Using 2 workers of 2 for marking
[2025-01-08T23:18:49.997+0000][183200.363s][info][gc,marking  ] GC(6060) Concurrent Mark From Roots 931.036ms
[2025-01-08T23:18:49.997+0000][183200.363s][info][gc,marking  ] GC(6060) Concurrent Preclean
[2025-01-08T23:18:50.001+0000][183200.367s][info][gc,marking  ] GC(6060) Concurrent Preclean 3.630ms
[2025-01-08T23:18:50.001+0000][183200.367s][info][gc,start    ] GC(6060) Pause Remark
[2025-01-08T23:18:50.027+0000][183200.393s][info][gc          ] GC(6060) Pause Remark 3317M->3317M(12288M) 25.920ms
[2025-01-08T23:18:50.027+0000][183200.393s][info][gc,cpu      ] GC(6060) User=0.14s Sys=0.00s Real=0.03s
[2025-01-08T23:18:50.027+0000][183200.393s][info][gc,marking  ] GC(6060) Concurrent Mark 961.125ms
[2025-01-08T23:18:50.027+0000][183200.393s][info][gc,marking  ] GC(6060) Concurrent Rebuild Remembered Sets
[2025-01-08T23:18:50.660+0000][183201.026s][info][gc,marking  ] GC(6060) Concurrent Rebuild Remembered Sets 632.553ms
[2025-01-08T23:18:50.660+0000][183201.026s][info][gc,start    ] GC(6060) Pause Cleanup
[2025-01-08T23:18:50.660+0000][183201.027s][info][gc          ] GC(6060) Pause Cleanup 4027M->4027M(12288M) 0.410ms
[2025-01-08T23:18:50.660+0000][183201.027s][info][gc,cpu      ] GC(6060) User=0.00s Sys=0.00s Real=0.00s
[2025-01-08T23:18:50.661+0000][183201.027s][info][gc,marking  ] GC(6060) Concurrent Cleanup for Next Mark
[2025-01-08T23:18:50.676+0000][183201.043s][info][gc,marking  ] GC(6060) Concurrent Cleanup for Next Mark 15.896ms
[2025-01-08T23:18:50.676+0000][183201.043s][info][gc          ] GC(6060) Concurrent Mark Cycle 1630.156ms
[2025-01-08T23:18:57.574+0000][183207.940s][info][gc,start    ] GC(6061) Pause Young (Prepare Mixed) (G1 Evacuation Pause)
[2025-01-08T23:18:57.574+0000][183207.941s][info][gc,task     ] GC(6061) Using 6 workers of 6 for evacuation
[2025-01-08T23:18:57.608+0000][183207.974s][info][gc,phases   ] GC(6061)   Pre Evacuate Collection Set: 0.2ms
[2025-01-08T23:18:57.608+0000][183207.974s][info][gc,phases   ] GC(6061)   Merge Heap Roots: 0.7ms
[2025-01-08T23:18:57.608+0000][183207.974s][info][gc,phases   ] GC(6061)   Evacuate Collection Set: 29.3ms
[2025-01-08T23:18:57.608+0000][183207.974s][info][gc,phases   ] GC(6061)   Post Evacuate Collection Set: 2.8ms
[2025-01-08T23:18:57.608+0000][183207.974s][info][gc,phases   ] GC(6061)   Other: 0.2ms
[2025-01-08T23:18:57.608+0000][183207.974s][info][gc,heap     ] GC(6061) Eden regions: 914->0(68)
[2025-01-08T23:18:57.608+0000][183207.974s][info][gc,heap     ] GC(6061) Survivor regions: 7->8(116)
[2025-01-08T23:18:57.608+0000][183207.974s][info][gc,heap     ] GC(6061) Old regions: 234->234
[2025-01-08T23:18:57.608+0000][183207.974s][info][gc,heap     ] GC(6061) Archive regions: 2->2
[2025-01-08T23:18:57.608+0000][183207.974s][info][gc,heap     ] GC(6061) Humongous regions: 49->49
[2025-01-08T23:18:57.608+0000][183207.974s][info][gc,metaspace] GC(6061) Metaspace: 524085K(533824K)->524085K(533824K) NonClass: 460225K(465088K)->460225K(465088K) Class: 63860K(68736K)->63860K(68736K)
[2025-01-08T23:18:57.608+0000][183207.974s][info][gc          ] GC(6061) Pause Young (Prepare Mixed) (G1 Evacuation Pause) 9631M->2327M(12288M) 33.257ms
[2025-01-08T23:18:57.608+0000][183207.974s][info][gc,cpu      ] GC(6061) User=0.19s Sys=0.00s Real=0.03s
[2025-01-08T23:18:57.923+0000][183208.289s][info][gc,start    ] GC(6062) Pause Young (Mixed) (G1 Evacuation Pause)
[2025-01-08T23:18:57.923+0000][183208.290s][info][gc,task     ] GC(6062) Using 6 workers of 6 for evacuation
[2025-01-08T23:18:57.979+0000][183208.346s][info][gc,phases   ] GC(6062)   Pre Evacuate Collection Set: 0.2ms
[2025-01-08T23:18:57.979+0000][183208.346s][info][gc,phases   ] GC(6062)   Merge Heap Roots: 0.6ms
[2025-01-08T23:18:57.979+0000][183208.346s][info][gc,phases   ] GC(6062)   Evacuate Collection Set: 53.5ms
[2025-01-08T23:18:57.979+0000][183208.346s][info][gc,phases   ] GC(6062)   Post Evacuate Collection Set: 1.7ms
[2025-01-08T23:18:57.980+0000][183208.346s][info][gc,phases   ] GC(6062)   Other: 0.2ms
[2025-01-08T23:18:57.980+0000][183208.346s][info][gc,heap     ] GC(6062) Eden regions: 68->0(916)
[2025-01-08T23:18:57.980+0000][183208.346s][info][gc,heap     ] GC(6062) Survivor regions: 8->5(10)
[2025-01-08T23:18:57.980+0000][183208.346s][info][gc,heap     ] GC(6062) Old regions: 234->232
[2025-01-08T23:18:57.980+0000][183208.346s][info][gc,heap     ] GC(6062) Archive regions: 2->2
[2025-01-08T23:18:57.980+0000][183208.346s][info][gc,heap     ] GC(6062) Humongous regions: 49->49
[2025-01-08T23:18:57.980+0000][183208.346s][info][gc,metaspace] GC(6062) Metaspace: 524085K(533824K)->524085K(533824K) NonClass: 460225K(465088K)->460225K(465088K) Class: 63860K(68736K)->63860K(68736K)
[2025-01-08T23:18:57.980+0000][183208.346s][info][gc          ] GC(6062) Pause Young (Mixed) (G1 Evacuation Pause) 2871M->2292M(12288M) 56.196ms
[2025-01-08T23:18:57.980+0000][183208.346s][info][gc,cpu      ] GC(6062) User=0.33s Sys=0.00s Real=0.05s
[2025-01-08T23:19:03.500+0000][183213.866s][info][gc,start    ] GC(6063) Pause Young (Normal) (G1 Evacuation Pause)
[2025-01-08T23:19:03.500+0000][183213.866s][info][gc,task     ] GC(6063) Using 6 workers of 6 for evacuation
[2025-01-08T23:19:03.526+0000][183213.892s][info][gc,phases   ] GC(6063)   Pre Evacuate Collection Set: 0.2ms
[2025-01-08T23:19:03.526+0000][183213.892s][info][gc,phases   ] GC(6063)   Merge Heap Roots: 0.4ms
[2025-01-08T23:19:03.526+0000][183213.892s][info][gc,phases   ] GC(6063)   Evacuate Collection Set: 23.0ms
[2025-01-08T23:19:03.526+0000][183213.892s][info][gc,phases   ] GC(6063)   Post Evacuate Collection Set: 2.5ms
[2025-01-08T23:19:03.526+0000][183213.892s][info][gc,phases   ] GC(6063)   Other: 0.2ms
[2025-01-08T23:19:03.526+0000][183213.892s][info][gc,heap     ] GC(6063) Eden regions: 916->0(915)
[2025-01-08T23:19:03.526+0000][183213.892s][info][gc,heap     ] GC(6063) Survivor regions: 5->6(116)
[2025-01-08T23:19:03.526+0000][183213.892s][info][gc,heap     ] GC(6063) Old regions: 232->232
[2025-01-08T23:19:03.526+0000][183213.892s][info][gc,heap     ] GC(6063) Archive regions: 2->2
[2025-01-08T23:19:03.526+0000][183213.892s][info][gc,heap     ] GC(6063) Humongous regions: 49->49
[2025-01-08T23:19:03.526+0000][183213.892s][info][gc,metaspace] GC(6063) Metaspace: 524085K(533824K)->524085K(533824K) NonClass: 460225K(465088K)->460225K(465088K) Class: 63860K(68736K)->63860K(68736K)
[2025-01-08T23:19:03.526+0000][183213.893s][info][gc          ] GC(6063) Pause Young (Normal) (G1 Evacuation Pause) 9620M->2299M(12288M) 26.454ms
[2025-01-08T23:19:03.526+0000][183213.893s][info][gc,cpu      ] GC(6063) User=0.15s Sys=0.00s Real=0.03s
[2025-01-08T23:19:07.917+0000][183218.283s][info][gc,start    ] GC(6064) Pause Young (Normal) (G1 Evacuation Pause)
[2025-01-08T23:19:07.917+0000][183218.283s][info][gc,task     ] GC(6064) Using 6 workers of 6 for evacuation
[2025-01-08T23:19:07.947+0000][183218.314s][info][gc,phases   ] GC(6064)   Pre Evacuate Collection Set: 0.2ms
[2025-01-08T23:19:07.947+0000][183218.314s][info][gc,phases   ] GC(6064)   Merge Heap Roots: 0.4ms
[2025-01-08T23:19:07.947+0000][183218.314s][info][gc,phases   ] GC(6064)   Evacuate Collection Set: 27.4ms
[2025-01-08T23:19:07.947+0000][183218.314s][info][gc,phases   ] GC(6064)   Post Evacuate Collection Set: 2.5ms
[2025-01-08T23:19:07.947+0000][183218.314s][info][gc,phases   ] GC(6064)   Other: 0.2ms
[2025-01-08T23:19:07.947+0000][183218.314s][info][gc,heap     ] GC(6064) Eden regions: 915->0(913)
[2025-01-08T23:19:07.947+0000][183218.314s][info][gc,heap     ] GC(6064) Survivor regions: 6->8(116)
[2025-01-08T23:19:07.947+0000][183218.314s][info][gc,heap     ] GC(6064) Old regions: 232->232
[2025-01-08T23:19:07.947+0000][183218.314s][info][gc,heap     ] GC(6064) Archive regions: 2->2
[2025-01-08T23:19:07.947+0000][183218.314s][info][gc,heap     ] GC(6064) Humongous regions: 49->49
[2025-01-08T23:19:07.948+0000][183218.314s][info][gc,metaspace] GC(6064) Metaspace: 524085K(533824K)->524085K(533824K) NonClass: 460225K(465088K)->460225K(465088K) Class: 63860K(68736K)->63860K(68736K)
[2025-01-08T23:19:07.948+0000][183218.314s][info][gc          ] GC(6064) Pause Young (Normal) (G1 Evacuation Pause) 9619M->2311M(12288M) 30.874ms
[2025-01-08T23:19:07.948+0000][183218.314s][info][gc,cpu      ] GC(6064) User=0.17s Sys=0.01s Real=0.03s
[2025-01-08T23:19:12.934+0000][183223.300s][info][gc,start    ] GC(6065) Pause Young (Concurrent Start) (G1 Evacuation Pause)
[2025-01-08T23:19:12.934+0000][183223.300s][info][gc,task     ] GC(6065) Using 6 workers of 6 for evacuation
[2025-01-08T23:19:12.968+0000][183223.334s][info][gc,phases   ] GC(6065)   Pre Evacuate Collection Set: 1.1ms
[2025-01-08T23:19:12.968+0000][183223.334s][info][gc,phases   ] GC(6065)   Merge Heap Roots: 0.4ms
[2025-01-08T23:19:12.968+0000][183223.334s][info][gc,phases   ] GC(6065)   Evacuate Collection Set: 29.3ms
[2025-01-08T23:19:12.968+0000][183223.334s][info][gc,phases   ] GC(6065)   Post Evacuate Collection Set: 2.4ms
[2025-01-08T23:19:12.968+0000][183223.334s][info][gc,phases   ] GC(6065)   Other: 0.3ms
[2025-01-08T23:19:12.968+0000][183223.334s][info][gc,heap     ] GC(6065) Eden regions: 913->0(912)
[2025-01-08T23:19:12.968+0000][183223.334s][info][gc,heap     ] GC(6065) Survivor regions: 8->9(116)
[2025-01-08T23:19:12.968+0000][183223.334s][info][gc,heap     ] GC(6065) Old regions: 232->232
[2025-01-08T23:19:12.968+0000][183223.334s][info][gc,heap     ] GC(6065) Archive regions: 2->2
[2025-01-08T23:19:12.968+0000][183223.334s][info][gc,heap     ] GC(6065) Humongous regions: 49->49
[2025-01-08T23:19:12.968+0000][183223.334s][info][gc,metaspace] GC(6065) Metaspace: 524085K(533824K)->524085K(533824K) NonClass: 460225K(465088K)->460225K(465088K) Class: 63860K(68736K)->63860K(68736K)
[2025-01-08T23:19:12.968+0000][183223.334s][info][gc          ] GC(6065) Pause Young (Concurrent Start) (G1 Evacuation Pause) 9615M->2319M(12288M) 33.735ms
[2025-01-08T23:19:12.968+0000][183223.334s][info][gc,cpu      ] GC(6065) User=0.19s Sys=0.00s Real=0.03s
[2025-01-08T23:19:12.968+0000][183223.334s][info][gc          ] GC(6066) Concurrent Mark Cycle
[2025-01-08T23:19:12.968+0000][183223.334s][info][gc,marking  ] GC(6066) Concurrent Clear Claimed Marks
[2025-01-08T23:19:12.969+0000][183223.335s][info][gc,marking  ] GC(6066) Concurrent Clear Claimed Marks 0.958ms
[2025-01-08T23:19:12.969+0000][183223.335s][info][gc,marking  ] GC(6066) Concurrent Scan Root Regions
[2025-01-08T23:19:12.994+0000][183223.360s][info][gc,marking  ] GC(6066) Concurrent Scan Root Regions 25.006ms
[2025-01-08T23:19:12.994+0000][183223.360s][info][gc,marking  ] GC(6066) Concurrent Mark
[2025-01-08T23:19:12.994+0000][183223.360s][info][gc,marking  ] GC(6066) Concurrent Mark From Roots
[2025-01-08T23:19:12.994+0000][183223.360s][info][gc,task     ] GC(6066) Using 2 workers of 2 for marking
[2025-01-08T23:19:13.975+0000][183224.342s][info][gc,marking  ] GC(6066) Concurrent Mark From Roots 981.555ms
[2025-01-08T23:19:13.975+0000][183224.342s][info][gc,marking  ] GC(6066) Concurrent Preclean
[2025-01-08T23:19:13.979+0000][183224.345s][info][gc,marking  ] GC(6066) Concurrent Preclean 3.638ms
[2025-01-08T23:19:13.979+0000][183224.345s][info][gc,start    ] GC(6066) Pause Remark
[2025-01-08T23:19:14.005+0000][183224.371s][info][gc          ] GC(6066) Pause Remark 3711M->3711M(12288M) 26.062ms
[2025-01-08T23:19:14.005+0000][183224.371s][info][gc,cpu      ] GC(6066) User=0.15s Sys=0.01s Real=0.03s
[2025-01-08T23:19:14.006+0000][183224.372s][info][gc,marking  ] GC(6066) Concurrent Mark 1011.702ms
[2025-01-08T23:19:14.006+0000][183224.372s][info][gc,marking  ] GC(6066) Concurrent Rebuild Remembered Sets
[2025-01-08T23:19:14.658+0000][183225.024s][info][gc,marking  ] GC(6066) Concurrent Rebuild Remembered Sets 652.535ms
[2025-01-08T23:19:14.658+0000][183225.024s][info][gc,start    ] GC(6066) Pause Cleanup
[2025-01-08T23:19:14.659+0000][183225.025s][info][gc          ] GC(6066) Pause Cleanup 4595M->4595M(12288M) 0.410ms
[2025-01-08T23:19:14.659+0000][183225.025s][info][gc,cpu      ] GC(6066) User=0.00s Sys=0.00s Real=0.00s
[2025-01-08T23:19:14.659+0000][183225.025s][info][gc,marking  ] GC(6066) Concurrent Cleanup for Next Mark
[2025-01-08T23:19:14.675+0000][183225.041s][info][gc,marking  ] GC(6066) Concurrent Cleanup for Next Mark 16.288ms
[2025-01-08T23:19:14.675+0000][183225.041s][info][gc          ] GC(6066) Concurrent Mark Cycle 1707.330ms
[2025-01-08T23:19:19.889+0000][183230.255s][info][gc,start    ] GC(6067) Pause Young (Prepare Mixed) (G1 Evacuation Pause)
[2025-01-08T23:19:19.889+0000][183230.255s][info][gc,task     ] GC(6067) Using 6 workers of 6 for evacuation
[2025-01-08T23:19:19.932+0000][183230.299s][info][gc,phases   ] GC(6067)   Pre Evacuate Collection Set: 0.2ms
[2025-01-08T23:19:19.933+0000][183230.299s][info][gc,phases   ] GC(6067)   Merge Heap Roots: 0.7ms
[2025-01-08T23:19:19.933+0000][183230.299s][info][gc,phases   ] GC(6067)   Evacuate Collection Set: 37.6ms
[2025-01-08T23:19:19.933+0000][183230.299s][info][gc,phases   ] GC(6067)   Post Evacuate Collection Set: 4.7ms
[2025-01-08T23:19:19.933+0000][183230.299s][info][gc,phases   ] GC(6067)   Other: 0.2ms
[2025-01-08T23:19:19.933+0000][183230.299s][info][gc,heap     ] GC(6067) Eden regions: 912->0(64)
[2025-01-08T23:19:19.933+0000][183230.299s][info][gc,heap     ] GC(6067) Survivor regions: 9->12(116)
[2025-01-08T23:19:19.933+0000][183230.299s][info][gc,heap     ] GC(6067) Old regions: 232->232
[2025-01-08T23:19:19.933+0000][183230.299s][info][gc,heap     ] GC(6067) Archive regions: 2->2
[2025-01-08T23:19:19.933+0000][183230.299s][info][gc,heap     ] GC(6067) Humongous regions: 49->49
[2025-01-08T23:19:19.933+0000][183230.299s][info][gc,metaspace] GC(6067) Metaspace: 524085K(533824K)->524085K(533824K) NonClass: 460225K(465088K)->460225K(465088K) Class: 63860K(68736K)->63860K(68736K)
[2025-01-08T23:19:19.933+0000][183230.299s][info][gc          ] GC(6067) Pause Young (Prepare Mixed) (G1 Evacuation Pause) 9615M->2344M(12288M) 43.584ms
[2025-01-08T23:19:19.933+0000][183230.299s][info][gc,cpu      ] GC(6067) User=0.26s Sys=0.00s Real=0.05s
[2025-01-08T23:19:20.334+0000][183230.700s][info][gc,start    ] GC(6068) Pause Young (Mixed) (G1 Evacuation Pause)
[2025-01-08T23:19:20.334+0000][183230.700s][info][gc,task     ] GC(6068) Using 6 workers of 6 for evacuation
[2025-01-08T23:19:20.400+0000][183230.766s][info][gc,phases   ] GC(6068)   Pre Evacuate Collection Set: 0.2ms
[2025-01-08T23:19:20.400+0000][183230.766s][info][gc,phases   ] GC(6068)   Merge Heap Roots: 0.7ms
[2025-01-08T23:19:20.400+0000][183230.766s][info][gc,phases   ] GC(6068)   Evacuate Collection Set: 62.9ms
[2025-01-08T23:19:20.400+0000][183230.766s][info][gc,phases   ] GC(6068)   Post Evacuate Collection Set: 2.3ms
[2025-01-08T23:19:20.400+0000][183230.766s][info][gc,phases   ] GC(6068)   Other: 0.2ms
[2025-01-08T23:19:20.400+0000][183230.766s][info][gc,heap     ] GC(6068) Eden regions: 64->0(918)
[2025-01-08T23:19:20.400+0000][183230.766s][info][gc,heap     ] GC(6068) Survivor regions: 12->3(10)
[2025-01-08T23:19:20.400+0000][183230.766s][info][gc,heap     ] GC(6068) Old regions: 232->235
[2025-01-08T23:19:20.400+0000][183230.766s][info][gc,heap     ] GC(6068) Archive regions: 2->2
[2025-01-08T23:19:20.400+0000][183230.766s][info][gc,heap     ] GC(6068) Humongous regions: 49->49
[2025-01-08T23:19:20.400+0000][183230.766s][info][gc,metaspace] GC(6068) Metaspace: 524085K(533824K)->524085K(533824K) NonClass: 460225K(465088K)->460225K(465088K) Class: 63860K(68736K)->63860K(68736K)
[2025-01-08T23:19:20.400+0000][183230.766s][info][gc          ] GC(6068) Pause Young (Mixed) (G1 Evacuation Pause) 2856M->2296M(12288M) 66.388ms
[2025-01-08T23:19:20.400+0000][183230.766s][info][gc,cpu      ] GC(6068) User=0.39s Sys=0.00s Real=0.06s
[2025-01-08T23:19:28.025+0000][183238.391s][info][gc,start    ] GC(6069) Pause Young (Normal) (G1 Evacuation Pause)
[2025-01-08T23:19:28.025+0000][183238.391s][info][gc,task     ] GC(6069) Using 6 workers of 6 for evacuation
[2025-01-08T23:19:28.049+0000][183238.415s][info][gc,phases   ] GC(6069)   Pre Evacuate Collection Set: 0.2ms
[2025-01-08T23:19:28.049+0000][183238.415s][info][gc,phases   ] GC(6069)   Merge Heap Roots: 0.4ms
[2025-01-08T23:19:28.049+0000][183238.415s][info][gc,phases   ] GC(6069)   Evacuate Collection Set: 20.6ms
[2025-01-08T23:19:28.049+0000][183238.415s][info][gc,phases   ] GC(6069)   Post Evacuate Collection Set: 2.5ms
[2025-01-08T23:19:28.049+0000][183238.415s][info][gc,phases   ] GC(6069)   Other: 0.2ms
[2025-01-08T23:19:28.049+0000][183238.415s][info][gc,heap     ] GC(6069) Eden regions: 918->0(916)
[2025-01-08T23:19:28.049+0000][183238.415s][info][gc,heap     ] GC(6069) Survivor regions: 3->5(116)
[2025-01-08T23:19:28.049+0000][183238.415s][info][gc,heap     ] GC(6069) Old regions: 235->235
[2025-01-08T23:19:28.049+0000][183238.415s][info][gc,heap     ] GC(6069) Archive regions: 2->2
[2025-01-08T23:19:28.049+0000][183238.415s][info][gc,heap     ] GC(6069) Humongous regions: 49->49
[2025-01-08T23:19:28.049+0000][183238.415s][info][gc,metaspace] GC(6069) Metaspace: 524085K(533824K)->524085K(533824K) NonClass: 460225K(465088K)->460225K(465088K) Class: 63860K(68736K)->63860K(68736K)
[2025-01-08T23:19:28.049+0000][183238.415s][info][gc          ] GC(6069) Pause Young (Normal) (G1 Evacuation Pause) 9640M->2312M(12288M) 24.033ms
[2025-01-08T23:19:28.049+0000][183238.415s][info][gc,cpu      ] GC(6069) User=0.14s Sys=0.00s Real=0.02s
[2025-01-08T23:19:34.830+0000][183245.196s][info][gc,start    ] GC(6070) Pause Young (Normal) (G1 Evacuation Pause)
[2025-01-08T23:19:34.830+0000][183245.196s][info][gc,task     ] GC(6070) Using 6 workers of 6 for evacuation
[2025-01-08T23:19:34.855+0000][183245.221s][info][gc,phases   ] GC(6070)   Pre Evacuate Collection Set: 0.2ms
[2025-01-08T23:19:34.855+0000][183245.222s][info][gc,phases   ] GC(6070)   Merge Heap Roots: 0.4ms
[2025-01-08T23:19:34.855+0000][183245.222s][info][gc,phases   ] GC(6070)   Evacuate Collection Set: 21.2ms
[2025-01-08T23:19:34.855+0000][183245.222s][info][gc,phases   ] GC(6070)   Post Evacuate Collection Set: 3.8ms
[2025-01-08T23:19:34.855+0000][183245.222s][info][gc,phases   ] GC(6070)   Other: 0.2ms
[2025-01-08T23:19:34.855+0000][183245.222s][info][gc,heap     ] GC(6070) Eden regions: 916->0(914)
[2025-01-08T23:19:34.855+0000][183245.222s][info][gc,heap     ] GC(6070) Survivor regions: 5->7(116)
[2025-01-08T23:19:34.855+0000][183245.222s][info][gc,heap     ] GC(6070) Old regions: 235->235
[2025-01-08T23:19:34.855+0000][183245.222s][info][gc,heap     ] GC(6070) Archive regions: 2->2
[2025-01-08T23:19:34.855+0000][183245.222s][info][gc,heap     ] GC(6070) Humongous regions: 49->49
[2025-01-08T23:19:34.855+0000][183245.222s][info][gc,metaspace] GC(6070) Metaspace: 524085K(533824K)->524085K(533824K) NonClass: 460225K(465088K)->460225K(465088K) Class: 63860K(68736K)->63860K(68736K)
[2025-01-08T23:19:34.855+0000][183245.222s][info][gc          ] GC(6070) Pause Young (Normal) (G1 Evacuation Pause) 9640M->2325M(12288M) 25.883ms
[2025-01-08T23:19:34.856+0000][183245.222s][info][gc,cpu      ] GC(6070) User=0.15s Sys=0.00s Real=0.02s
[2025-01-08T23:19:43.505+0000][183253.871s][info][gc,start    ] GC(6071) Pause Young (Concurrent Start) (G1 Evacuation Pause)
[2025-01-08T23:19:43.505+0000][183253.871s][info][gc,task     ] GC(6071) Using 6 workers of 6 for evacuation
[2025-01-08T23:19:43.538+0000][183253.904s][info][gc,phases   ] GC(6071)   Pre Evacuate Collection Set: 1.1ms
[2025-01-08T23:19:43.538+0000][183253.904s][info][gc,phases   ] GC(6071)   Merge Heap Roots: 0.4ms
[2025-01-08T23:19:43.538+0000][183253.904s][info][gc,phases   ] GC(6071)   Evacuate Collection Set: 28.2ms
[2025-01-08T23:19:43.538+0000][183253.904s][info][gc,phases   ] GC(6071)   Post Evacuate Collection Set: 2.9ms
[2025-01-08T23:19:43.538+0000][183253.904s][info][gc,phases   ] GC(6071)   Other: 0.3ms
[2025-01-08T23:19:43.538+0000][183253.904s][info][gc,heap     ] GC(6071) Eden regions: 914->0(914)
[2025-01-08T23:19:43.538+0000][183253.904s][info][gc,heap     ] GC(6071) Survivor regions: 7->7(116)
[2025-01-08T23:19:43.538+0000][183253.904s][info][gc,heap     ] GC(6071) Old regions: 235->235
[2025-01-08T23:19:43.538+0000][183253.904s][info][gc,heap     ] GC(6071) Archive regions: 2->2
[2025-01-08T23:19:43.538+0000][183253.904s][info][gc,heap     ] GC(6071) Humongous regions: 49->49
[2025-01-08T23:19:43.538+0000][183253.904s][info][gc,metaspace] GC(6071) Metaspace: 524085K(533824K)->524085K(533824K) NonClass: 460225K(465088K)->460225K(465088K) Class: 63860K(68736K)->63860K(68736K)
[2025-01-08T23:19:43.538+0000][183253.904s][info][gc          ] GC(6071) Pause Young (Concurrent Start) (G1 Evacuation Pause) 9637M->2328M(12288M) 32.997ms
[2025-01-08T23:19:43.538+0000][183253.904s][info][gc,cpu      ] GC(6071) User=0.18s Sys=0.00s Real=0.03s
[2025-01-08T23:19:43.538+0000][183253.904s][info][gc          ] GC(6072) Concurrent Mark Cycle
[2025-01-08T23:19:43.538+0000][183253.904s][info][gc,marking  ] GC(6072) Concurrent Clear Claimed Marks
[2025-01-08T23:19:43.539+0000][183253.905s][info][gc,marking  ] GC(6072) Concurrent Clear Claimed Marks 0.882ms
[2025-01-08T23:19:43.539+0000][183253.905s][info][gc,marking  ] GC(6072) Concurrent Scan Root Regions
[2025-01-08T23:19:43.559+0000][183253.925s][info][gc,marking  ] GC(6072) Concurrent Scan Root Regions 20.439ms
[2025-01-08T23:19:43.559+0000][183253.925s][info][gc,marking  ] GC(6072) Concurrent Mark
[2025-01-08T23:19:43.559+0000][183253.925s][info][gc,marking  ] GC(6072) Concurrent Mark From Roots
[2025-01-08T23:19:43.559+0000][183253.925s][info][gc,task     ] GC(6072) Using 2 workers of 2 for marking
[2025-01-08T23:19:44.473+0000][183254.839s][info][gc,marking  ] GC(6072) Concurrent Mark From Roots 913.650ms
[2025-01-08T23:19:44.473+0000][183254.839s][info][gc,marking  ] GC(6072) Concurrent Preclean
[2025-01-08T23:19:44.476+0000][183254.843s][info][gc,marking  ] GC(6072) Concurrent Preclean 3.582ms
[2025-01-08T23:19:44.477+0000][183254.843s][info][gc,start    ] GC(6072) Pause Remark
[2025-01-08T23:19:44.505+0000][183254.871s][info][gc          ] GC(6072) Pause Remark 3508M->3508M(12288M) 28.202ms
[2025-01-08T23:19:44.505+0000][183254.871s][info][gc,cpu      ] GC(6072) User=0.16s Sys=0.00s Real=0.03s
[2025-01-08T23:19:44.505+0000][183254.871s][info][gc,marking  ] GC(6072) Concurrent Mark 945.789ms
[2025-01-08T23:19:44.505+0000][183254.871s][info][gc,marking  ] GC(6072) Concurrent Rebuild Remembered Sets
[2025-01-08T23:19:45.121+0000][183255.487s][info][gc,marking  ] GC(6072) Concurrent Rebuild Remembered Sets 616.003ms
[2025-01-08T23:19:45.121+0000][183255.487s][info][gc,start    ] GC(6072) Pause Cleanup
[2025-01-08T23:19:45.122+0000][183255.488s][info][gc          ] GC(6072) Pause Cleanup 4288M->4288M(12288M) 0.418ms
[2025-01-08T23:19:45.122+0000][183255.488s][info][gc,cpu      ] GC(6072) User=0.00s Sys=0.00s Real=0.01s
[2025-01-08T23:19:45.122+0000][183255.488s][info][gc,marking  ] GC(6072) Concurrent Cleanup for Next Mark
[2025-01-08T23:19:45.138+0000][183255.504s][info][gc,marking  ] GC(6072) Concurrent Cleanup for Next Mark 16.257ms
[2025-01-08T23:19:45.138+0000][183255.504s][info][gc          ] GC(6072) Concurrent Mark Cycle 1600.168ms
[2025-01-08T23:19:49.207+0000][183259.573s][info][gc,start    ] GC(6073) Pause Young (Prepare Mixed) (G1 Evacuation Pause)
[2025-01-08T23:19:49.207+0000][183259.573s][info][gc,task     ] GC(6073) Using 6 workers of 6 for evacuation
[2025-01-08T23:19:49.238+0000][183259.604s][info][gc,phases   ] GC(6073)   Pre Evacuate Collection Set: 0.2ms
[2025-01-08T23:19:49.238+0000][183259.604s][info][gc,phases   ] GC(6073)   Merge Heap Roots: 0.6ms
[2025-01-08T23:19:49.238+0000][183259.604s][info][gc,phases   ] GC(6073)   Evacuate Collection Set: 27.4ms
[2025-01-08T23:19:49.238+0000][183259.604s][info][gc,phases   ] GC(6073)   Post Evacuate Collection Set: 2.6ms
[2025-01-08T23:19:49.238+0000][183259.604s][info][gc,phases   ] GC(6073)   Other: 0.2ms
[2025-01-08T23:19:49.238+0000][183259.604s][info][gc,heap     ] GC(6073) Eden regions: 914->0(68)
[2025-01-08T23:19:49.238+0000][183259.604s][info][gc,heap     ] GC(6073) Survivor regions: 7->8(116)
[2025-01-08T23:19:49.238+0000][183259.604s][info][gc,heap     ] GC(6073) Old regions: 235->235
[2025-01-08T23:19:49.238+0000][183259.604s][info][gc,heap     ] GC(6073) Archive regions: 2->2
[2025-01-08T23:19:49.238+0000][183259.604s][info][gc,heap     ] GC(6073) Humongous regions: 49->49
[2025-01-08T23:19:49.238+0000][183259.604s][info][gc,metaspace] GC(6073) Metaspace: 524085K(533824K)->524085K(533824K) NonClass: 460225K(465088K)->460225K(465088K) Class: 63860K(68736K)->63860K(68736K)
[2025-01-08T23:19:49.238+0000][183259.604s][info][gc          ] GC(6073) Pause Young (Prepare Mixed) (G1 Evacuation Pause) 9640M->2334M(12288M) 31.126ms
[2025-01-08T23:19:49.238+0000][183259.604s][info][gc,cpu      ] GC(6073) User=0.17s Sys=0.01s Real=0.03s
[2025-01-08T23:19:49.738+0000][183260.104s][info][gc,start    ] GC(6074) Pause Young (Mixed) (G1 Evacuation Pause)
[2025-01-08T23:19:49.738+0000][183260.104s][info][gc,task     ] GC(6074) Using 6 workers of 6 for evacuation
[2025-01-08T23:19:49.810+0000][183260.176s][info][gc,phases   ] GC(6074)   Pre Evacuate Collection Set: 0.2ms
[2025-01-08T23:19:49.810+0000][183260.176s][info][gc,phases   ] GC(6074)   Merge Heap Roots: 0.9ms
[2025-01-08T23:19:49.810+0000][183260.176s][info][gc,phases   ] GC(6074)   Evacuate Collection Set: 69.2ms
[2025-01-08T23:19:49.810+0000][183260.176s][info][gc,phases   ] GC(6074)   Post Evacuate Collection Set: 1.8ms
[2025-01-08T23:19:49.810+0000][183260.176s][info][gc,phases   ] GC(6074)   Other: 0.2ms
[2025-01-08T23:19:49.810+0000][183260.176s][info][gc,heap     ] GC(6074) Eden regions: 68->0(914)
[2025-01-08T23:19:49.810+0000][183260.176s][info][gc,heap     ] GC(6074) Survivor regions: 8->7(10)
[2025-01-08T23:19:49.810+0000][183260.176s][info][gc,heap     ] GC(6074) Old regions: 235->233
[2025-01-08T23:19:49.810+0000][183260.176s][info][gc,heap     ] GC(6074) Archive regions: 2->2
[2025-01-08T23:19:49.810+0000][183260.176s][info][gc,heap     ] GC(6074) Humongous regions: 49->49
[2025-01-08T23:19:49.810+0000][183260.176s][info][gc,metaspace] GC(6074) Metaspace: 524085K(533824K)->524085K(533824K) NonClass: 460225K(465088K)->460225K(465088K) Class: 63860K(68736K)->63860K(68736K)
[2025-01-08T23:19:49.810+0000][183260.176s][info][gc          ] GC(6074) Pause Young (Mixed) (G1 Evacuation Pause) 2878M->2308M(12288M) 72.329ms
[2025-01-08T23:19:49.810+0000][183260.176s][info][gc,cpu      ] GC(6074) User=0.43s Sys=0.00s Real=0.08s
[2025-01-08T23:19:57.726+0000][183268.092s][info][gc,start    ] GC(6075) Pause Young (Normal) (G1 Evacuation Pause)
[2025-01-08T23:19:57.726+0000][183268.092s][info][gc,task     ] GC(6075) Using 6 workers of 6 for evacuation
[2025-01-08T23:19:57.754+0000][183268.120s][info][gc,phases   ] GC(6075)   Pre Evacuate Collection Set: 0.2ms
[2025-01-08T23:19:57.754+0000][183268.120s][info][gc,phases   ] GC(6075)   Merge Heap Roots: 0.5ms
[2025-01-08T23:19:57.754+0000][183268.120s][info][gc,phases   ] GC(6075)   Evacuate Collection Set: 24.6ms
[2025-01-08T23:19:57.754+0000][183268.120s][info][gc,phases   ] GC(6075)   Post Evacuate Collection Set: 2.7ms
[2025-01-08T23:19:57.754+0000][183268.120s][info][gc,phases   ] GC(6075)   Other: 0.2ms
[2025-01-08T23:19:57.754+0000][183268.120s][info][gc,heap     ] GC(6075) Eden regions: 914->0(914)
[2025-01-08T23:19:57.754+0000][183268.120s][info][gc,heap     ] GC(6075) Survivor regions: 7->7(116)
[2025-01-08T23:19:57.754+0000][183268.120s][info][gc,heap     ] GC(6075) Old regions: 233->233
[2025-01-08T23:19:57.754+0000][183268.120s][info][gc,heap     ] GC(6075) Archive regions: 2->2
[2025-01-08T23:19:57.754+0000][183268.120s][info][gc,heap     ] GC(6075) Humongous regions: 49->49
[2025-01-08T23:19:57.754+0000][183268.120s][info][gc,metaspace] GC(6075) Metaspace: 524085K(533824K)->524085K(533824K) NonClass: 460225K(465088K)->460225K(465088K) Class: 63860K(68736K)->63860K(68736K)
[2025-01-08T23:19:57.754+0000][183268.120s][info][gc          ] GC(6075) Pause Young (Normal) (G1 Evacuation Pause) 9620M->2309M(12288M) 28.183ms
[2025-01-08T23:19:57.754+0000][183268.120s][info][gc,cpu      ] GC(6075) User=0.16s Sys=0.00s Real=0.03s
[2025-01-08T23:20:10.894+0000][183281.260s][info][gc,start    ] GC(6076) Pause Young (Normal) (G1 Evacuation Pause)
[2025-01-08T23:20:10.894+0000][183281.260s][info][gc,task     ] GC(6076) Using 6 workers of 6 for evacuation
[2025-01-08T23:20:10.933+0000][183281.299s][info][gc,phases   ] GC(6076)   Pre Evacuate Collection Set: 0.2ms
[2025-01-08T23:20:10.933+0000][183281.299s][info][gc,phases   ] GC(6076)   Merge Heap Roots: 0.5ms
[2025-01-08T23:20:10.933+0000][183281.299s][info][gc,phases   ] GC(6076)   Evacuate Collection Set: 33.6ms
[2025-01-08T23:20:10.933+0000][183281.299s][info][gc,phases   ] GC(6076)   Post Evacuate Collection Set: 4.1ms
[2025-01-08T23:20:10.933+0000][183281.299s][info][gc,phases   ] GC(6076)   Other: 0.2ms
[2025-01-08T23:20:10.933+0000][183281.299s][info][gc,heap     ] GC(6076) Eden regions: 914->0(911)
[2025-01-08T23:20:10.933+0000][183281.299s][info][gc,heap     ] GC(6076) Survivor regions: 7->10(116)
[2025-01-08T23:20:10.933+0000][183281.299s][info][gc,heap     ] GC(6076) Old regions: 233->233
[2025-01-08T23:20:10.933+0000][183281.299s][info][gc,heap     ] GC(6076) Archive regions: 2->2
[2025-01-08T23:20:10.933+0000][183281.299s][info][gc,heap     ] GC(6076) Humongous regions: 49->49
[2025-01-08T23:20:10.933+0000][183281.299s][info][gc,metaspace] GC(6076) Metaspace: 524085K(533824K)->524085K(533824K) NonClass: 460225K(465088K)->460225K(465088K) Class: 63860K(68736K)->63860K(68736K)
[2025-01-08T23:20:10.933+0000][183281.299s][info][gc          ] GC(6076) Pause Young (Normal) (G1 Evacuation Pause) 9621M->2338M(12288M) 38.668ms
[2025-01-08T23:20:10.933+0000][183281.299s][info][gc,cpu      ] GC(6076) User=0.22s Sys=0.00s Real=0.04s
[2025-01-08T23:20:20.140+0000][183290.506s][info][gc,start    ] GC(6077) Pause Young (Concurrent Start) (G1 Evacuation Pause)
[2025-01-08T23:20:20.140+0000][183290.506s][info][gc,task     ] GC(6077) Using 6 workers of 6 for evacuation
[2025-01-08T23:20:20.181+0000][183290.547s][info][gc,phases   ] GC(6077)   Pre Evacuate Collection Set: 1.1ms
[2025-01-08T23:20:20.181+0000][183290.547s][info][gc,phases   ] GC(6077)   Merge Heap Roots: 0.5ms
[2025-01-08T23:20:20.181+0000][183290.547s][info][gc,phases   ] GC(6077)   Evacuate Collection Set: 35.0ms
[2025-01-08T23:20:20.181+0000][183290.547s][info][gc,phases   ] GC(6077)   Post Evacuate Collection Set: 4.1ms
[2025-01-08T23:20:20.181+0000][183290.547s][info][gc,phases   ] GC(6077)   Other: 0.3ms
[2025-01-08T23:20:20.181+0000][183290.547s][info][gc,heap     ] GC(6077) Eden regions: 911->0(909)
[2025-01-08T23:20:20.181+0000][183290.547s][info][gc,heap     ] GC(6077) Survivor regions: 10->12(116)
[2025-01-08T23:20:20.181+0000][183290.547s][info][gc,heap     ] GC(6077) Old regions: 233->233
[2025-01-08T23:20:20.181+0000][183290.547s][info][gc,heap     ] GC(6077) Archive regions: 2->2
[2025-01-08T23:20:20.181+0000][183290.547s][info][gc,heap     ] GC(6077) Humongous regions: 49->49
[2025-01-08T23:20:20.181+0000][183290.547s][info][gc,metaspace] GC(6077) Metaspace: 524085K(533824K)->524085K(533824K) NonClass: 460225K(465088K)->460225K(465088K) Class: 63860K(68736K)->63860K(68736K)
[2025-01-08T23:20:20.181+0000][183290.547s][info][gc          ] GC(6077) Pause Young (Concurrent Start) (G1 Evacuation Pause) 9626M->2348M(12288M) 41.079ms
[2025-01-08T23:20:20.181+0000][183290.547s][info][gc,cpu      ] GC(6077) User=0.24s Sys=0.00s Real=0.04s
[2025-01-08T23:20:20.181+0000][183290.547s][info][gc          ] GC(6078) Concurrent Mark Cycle
[2025-01-08T23:20:20.181+0000][183290.547s][info][gc,marking  ] GC(6078) Concurrent Clear Claimed Marks
[2025-01-08T23:20:20.182+0000][183290.548s][info][gc,marking  ] GC(6078) Concurrent Clear Claimed Marks 1.014ms
[2025-01-08T23:20:20.182+0000][183290.548s][info][gc,marking  ] GC(6078) Concurrent Scan Root Regions
[2025-01-08T23:20:20.215+0000][183290.581s][info][gc,marking  ] GC(6078) Concurrent Scan Root Regions 32.994ms
[2025-01-08T23:20:20.215+0000][183290.581s][info][gc,marking  ] GC(6078) Concurrent Mark
[2025-01-08T23:20:20.215+0000][183290.581s][info][gc,marking  ] GC(6078) Concurrent Mark From Roots
[2025-01-08T23:20:20.215+0000][183290.581s][info][gc,task     ] GC(6078) Using 2 workers of 2 for marking
[2025-01-08T23:20:21.055+0000][183291.421s][info][gc,marking  ] GC(6078) Concurrent Mark From Roots 840.013ms
[2025-01-08T23:20:21.055+0000][183291.421s][info][gc,marking  ] GC(6078) Concurrent Preclean
[2025-01-08T23:20:21.058+0000][183291.424s][info][gc,marking  ] GC(6078) Concurrent Preclean 2.788ms
[2025-01-08T23:20:21.058+0000][183291.424s][info][gc,start    ] GC(6078) Pause Remark
[2025-01-08T23:20:21.085+0000][183291.451s][info][gc          ] GC(6078) Pause Remark 3064M->3064M(12288M) 26.738ms
[2025-01-08T23:20:21.085+0000][183291.451s][info][gc,cpu      ] GC(6078) User=0.15s Sys=0.00s Real=0.03s
[2025-01-08T23:20:21.085+0000][183291.451s][info][gc,marking  ] GC(6078) Concurrent Mark 869.957ms
[2025-01-08T23:20:21.085+0000][183291.451s][info][gc,marking  ] GC(6078) Concurrent Rebuild Remembered Sets
[2025-01-08T23:20:21.640+0000][183292.006s][info][gc,marking  ] GC(6078) Concurrent Rebuild Remembered Sets 555.476ms
[2025-01-08T23:20:21.640+0000][183292.007s][info][gc,start    ] GC(6078) Pause Cleanup
[2025-01-08T23:20:21.641+0000][183292.007s][info][gc          ] GC(6078) Pause Cleanup 3544M->3544M(12288M) 0.459ms
[2025-01-08T23:20:21.641+0000][183292.007s][info][gc,cpu      ] GC(6078) User=0.00s Sys=0.00s Real=0.00s
[2025-01-08T23:20:21.641+0000][183292.007s][info][gc,marking  ] GC(6078) Concurrent Cleanup for Next Mark
[2025-01-08T23:20:21.657+0000][183292.023s][info][gc,marking  ] GC(6078) Concurrent Cleanup for Next Mark 15.750ms
[2025-01-08T23:20:21.657+0000][183292.023s][info][gc          ] GC(6078) Concurrent Mark Cycle 1476.104ms
[2025-01-08T23:20:27.553+0000][183297.919s][info][gc,start    ] GC(6079) Pause Young (Prepare Mixed) (G1 Evacuation Pause)
[2025-01-08T23:20:27.553+0000][183297.919s][info][gc,task     ] GC(6079) Using 6 workers of 6 for evacuation
[2025-01-08T23:20:27.594+0000][183297.960s][info][gc,phases   ] GC(6079)   Pre Evacuate Collection Set: 0.2ms
[2025-01-08T23:20:27.594+0000][183297.960s][info][gc,phases   ] GC(6079)   Merge Heap Roots: 0.8ms
[2025-01-08T23:20:27.594+0000][183297.960s][info][gc,phases   ] GC(6079)   Evacuate Collection Set: 35.8ms
[2025-01-08T23:20:27.594+0000][183297.960s][info][gc,phases   ] GC(6079)   Post Evacuate Collection Set: 3.9ms
[2025-01-08T23:20:27.594+0000][183297.960s][info][gc,phases   ] GC(6079)   Other: 0.2ms
[2025-01-08T23:20:27.594+0000][183297.960s][info][gc,heap     ] GC(6079) Eden regions: 909->0(63)
[2025-01-08T23:20:27.594+0000][183297.960s][info][gc,heap     ] GC(6079) Survivor regions: 12->13(116)
[2025-01-08T23:20:27.594+0000][183297.960s][info][gc,heap     ] GC(6079) Old regions: 233->233
[2025-01-08T23:20:27.594+0000][183297.960s][info][gc,heap     ] GC(6079) Archive regions: 2->2
[2025-01-08T23:20:27.594+0000][183297.960s][info][gc,heap     ] GC(6079) Humongous regions: 49->49
[2025-01-08T23:20:27.594+0000][183297.960s][info][gc,metaspace] GC(6079) Metaspace: 524085K(533824K)->524085K(533824K) NonClass: 460225K(465088K)->460225K(465088K) Class: 63860K(68736K)->63860K(68736K)
[2025-01-08T23:20:27.594+0000][183297.960s][info][gc          ] GC(6079) Pause Young (Prepare Mixed) (G1 Evacuation Pause) 9620M->2357M(12288M) 40.964ms
[2025-01-08T23:20:27.594+0000][183297.960s][info][gc,cpu      ] GC(6079) User=0.24s Sys=0.00s Real=0.04s
[2025-01-08T23:20:28.046+0000][183298.413s][info][gc,start    ] GC(6080) Pause Young (Mixed) (G1 Evacuation Pause)
[2025-01-08T23:20:28.046+0000][183298.413s][info][gc,task     ] GC(6080) Using 6 workers of 6 for evacuation
[2025-01-08T23:20:28.115+0000][183298.481s][info][gc,phases   ] GC(6080)   Pre Evacuate Collection Set: 0.2ms
[2025-01-08T23:20:28.115+0000][183298.481s][info][gc,phases   ] GC(6080)   Merge Heap Roots: 0.7ms
[2025-01-08T23:20:28.115+0000][183298.481s][info][gc,phases   ] GC(6080)   Evacuate Collection Set: 65.7ms
[2025-01-08T23:20:28.115+0000][183298.481s][info][gc,phases   ] GC(6080)   Post Evacuate Collection Set: 1.6ms
[2025-01-08T23:20:28.115+0000][183298.481s][info][gc,phases   ] GC(6080)   Other: 0.2ms
[2025-01-08T23:20:28.115+0000][183298.481s][info][gc,heap     ] GC(6080) Eden regions: 63->0(916)
[2025-01-08T23:20:28.115+0000][183298.481s][info][gc,heap     ] GC(6080) Survivor regions: 13->5(10)
[2025-01-08T23:20:28.115+0000][183298.481s][info][gc,heap     ] GC(6080) Old regions: 233->235
[2025-01-08T23:20:28.115+0000][183298.481s][info][gc,heap     ] GC(6080) Archive regions: 2->2
[2025-01-08T23:20:28.115+0000][183298.481s][info][gc,heap     ] GC(6080) Humongous regions: 49->49
[2025-01-08T23:20:28.115+0000][183298.481s][info][gc,metaspace] GC(6080) Metaspace: 524085K(533824K)->524085K(533824K) NonClass: 460225K(465088K)->460225K(465088K) Class: 63860K(68736K)->63860K(68736K)
[2025-01-08T23:20:28.115+0000][183298.481s][info][gc          ] GC(6080) Pause Young (Mixed) (G1 Evacuation Pause) 2861M->2309M(12288M) 68.460ms
[2025-01-08T23:20:28.115+0000][183298.481s][info][gc,cpu      ] GC(6080) User=0.40s Sys=0.00s Real=0.07s
[2025-01-08T23:20:35.901+0000][183306.267s][info][gc,start    ] GC(6081) Pause Young (Normal) (G1 Evacuation Pause)
[2025-01-08T23:20:35.901+0000][183306.267s][info][gc,task     ] GC(6081) Using 6 workers of 6 for evacuation
[2025-01-08T23:20:35.928+0000][183306.294s][info][gc,phases   ] GC(6081)   Pre Evacuate Collection Set: 0.2ms
[2025-01-08T23:20:35.928+0000][183306.294s][info][gc,phases   ] GC(6081)   Merge Heap Roots: 0.5ms
[2025-01-08T23:20:35.928+0000][183306.294s][info][gc,phases   ] GC(6081)   Evacuate Collection Set: 24.0ms
[2025-01-08T23:20:35.928+0000][183306.294s][info][gc,phases   ] GC(6081)   Post Evacuate Collection Set: 2.5ms
[2025-01-08T23:20:35.928+0000][183306.294s][info][gc,phases   ] GC(6081)   Other: 0.2ms
[2025-01-08T23:20:35.928+0000][183306.294s][info][gc,heap     ] GC(6081) Eden regions: 916->0(914)
[2025-01-08T23:20:35.928+0000][183306.294s][info][gc,heap     ] GC(6081) Survivor regions: 5->7(116)
[2025-01-08T23:20:35.928+0000][183306.294s][info][gc,heap     ] GC(6081) Old regions: 235->235
[2025-01-08T23:20:35.928+0000][183306.294s][info][gc,heap     ] GC(6081) Archive regions: 2->2
[2025-01-08T23:20:35.928+0000][183306.294s][info][gc,heap     ] GC(6081) Humongous regions: 49->49
[2025-01-08T23:20:35.928+0000][183306.294s][info][gc,metaspace] GC(6081) Metaspace: 524085K(533824K)->524085K(533824K) NonClass: 460225K(465088K)->460225K(465088K) Class: 63860K(68736K)->63860K(68736K)
[2025-01-08T23:20:35.928+0000][183306.294s][info][gc          ] GC(6081) Pause Young (Normal) (G1 Evacuation Pause) 9637M->2321M(12288M) 27.471ms
[2025-01-08T23:20:35.928+0000][183306.294s][info][gc,cpu      ] GC(6081) User=0.16s Sys=0.00s Real=0.03s
[2025-01-08T23:20:40.873+0000][183311.239s][info][gc,start    ] GC(6082) Pause Young (Normal) (G1 Evacuation Pause)
[2025-01-08T23:20:40.873+0000][183311.239s][info][gc,task     ] GC(6082) Using 6 workers of 6 for evacuation
[2025-01-08T23:20:40.903+0000][183311.269s][info][gc,phases   ] GC(6082)   Pre Evacuate Collection Set: 0.2ms
[2025-01-08T23:20:40.903+0000][183311.269s][info][gc,phases   ] GC(6082)   Merge Heap Roots: 0.4ms
[2025-01-08T23:20:40.903+0000][183311.269s][info][gc,phases   ] GC(6082)   Evacuate Collection Set: 26.4ms
[2025-01-08T23:20:40.903+0000][183311.269s][info][gc,phases   ] GC(6082)   Post Evacuate Collection Set: 2.6ms
[2025-01-08T23:20:40.903+0000][183311.269s][info][gc,phases   ] GC(6082)   Other: 0.2ms
[2025-01-08T23:20:40.903+0000][183311.269s][info][gc,heap     ] GC(6082) Eden regions: 914->0(913)
[2025-01-08T23:20:40.903+0000][183311.269s][info][gc,heap     ] GC(6082) Survivor regions: 7->8(116)
[2025-01-08T23:20:40.903+0000][183311.269s][info][gc,heap     ] GC(6082) Old regions: 235->235
[2025-01-08T23:20:40.903+0000][183311.269s][info][gc,heap     ] GC(6082) Archive regions: 2->2
[2025-01-08T23:20:40.903+0000][183311.269s][info][gc,heap     ] GC(6082) Humongous regions: 49->49
[2025-01-08T23:20:40.903+0000][183311.269s][info][gc,metaspace] GC(6082) Metaspace: 524085K(533824K)->524085K(533824K) NonClass: 460225K(465088K)->460225K(465088K) Class: 63860K(68736K)->63860K(68736K)
[2025-01-08T23:20:40.903+0000][183311.269s][info][gc          ] GC(6082) Pause Young (Normal) (G1 Evacuation Pause) 9633M->2333M(12288M) 29.891ms
[2025-01-08T23:20:40.903+0000][183311.269s][info][gc,cpu      ] GC(6082) User=0.18s Sys=0.00s Real=0.03s
[2025-01-08T23:20:47.109+0000][183317.475s][info][gc,start    ] GC(6083) Pause Young (Concurrent Start) (G1 Evacuation Pause)
[2025-01-08T23:20:47.109+0000][183317.475s][info][gc,task     ] GC(6083) Using 6 workers of 6 for evacuation
[2025-01-08T23:20:47.140+0000][183317.506s][info][gc,phases   ] GC(6083)   Pre Evacuate Collection Set: 1.1ms
[2025-01-08T23:20:47.140+0000][183317.506s][info][gc,phases   ] GC(6083)   Merge Heap Roots: 0.5ms
[2025-01-08T23:20:47.140+0000][183317.506s][info][gc,phases   ] GC(6083)   Evacuate Collection Set: 26.2ms
[2025-01-08T23:20:47.140+0000][183317.506s][info][gc,phases   ] GC(6083)   Post Evacuate Collection Set: 2.5ms
[2025-01-08T23:20:47.140+0000][183317.506s][info][gc,phases   ] GC(6083)   Other: 0.3ms
[2025-01-08T23:20:47.140+0000][183317.506s][info][gc,heap     ] GC(6083) Eden regions: 913->0(913)
[2025-01-08T23:20:47.140+0000][183317.506s][info][gc,heap     ] GC(6083) Survivor regions: 8->8(116)
[2025-01-08T23:20:47.140+0000][183317.506s][info][gc,heap     ] GC(6083) Old regions: 235->235
[2025-01-08T23:20:47.140+0000][183317.506s][info][gc,heap     ] GC(6083) Archive regions: 2->2
[2025-01-08T23:20:47.140+0000][183317.506s][info][gc,heap     ] GC(6083) Humongous regions: 49->49
[2025-01-08T23:20:47.140+0000][183317.506s][info][gc,metaspace] GC(6083) Metaspace: 524085K(533824K)->524085K(533824K) NonClass: 460225K(465088K)->460225K(465088K) Class: 63860K(68736K)->63860K(68736K)
[2025-01-08T23:20:47.140+0000][183317.506s][info][gc          ] GC(6083) Pause Young (Concurrent Start) (G1 Evacuation Pause) 9637M->2331M(12288M) 30.703ms
[2025-01-08T23:20:47.140+0000][183317.506s][info][gc,cpu      ] GC(6083) User=0.17s Sys=0.01s Real=0.03s
[2025-01-08T23:20:47.140+0000][183317.506s][info][gc          ] GC(6084) Concurrent Mark Cycle
[2025-01-08T23:20:47.140+0000][183317.506s][info][gc,marking  ] GC(6084) Concurrent Clear Claimed Marks
[2025-01-08T23:20:47.141+0000][183317.507s][info][gc,marking  ] GC(6084) Concurrent Clear Claimed Marks 0.854ms
[2025-01-08T23:20:47.141+0000][183317.507s][info][gc,marking  ] GC(6084) Concurrent Scan Root Regions
[2025-01-08T23:20:47.159+0000][183317.525s][info][gc,marking  ] GC(6084) Concurrent Scan Root Regions 18.542ms
[2025-01-08T23:20:47.159+0000][183317.525s][info][gc,marking  ] GC(6084) Concurrent Mark
[2025-01-08T23:20:47.159+0000][183317.525s][info][gc,marking  ] GC(6084) Concurrent Mark From Roots
[2025-01-08T23:20:47.159+0000][183317.525s][info][gc,task     ] GC(6084) Using 2 workers of 2 for marking
[2025-01-08T23:20:47.943+0000][183318.309s][info][gc,marking  ] GC(6084) Concurrent Mark From Roots 783.460ms
[2025-01-08T23:20:47.943+0000][183318.309s][info][gc,marking  ] GC(6084) Concurrent Preclean
[2025-01-08T23:20:47.945+0000][183318.311s][info][gc,marking  ] GC(6084) Concurrent Preclean 2.495ms
[2025-01-08T23:20:47.945+0000][183318.311s][info][gc,start    ] GC(6084) Pause Remark
[2025-01-08T23:20:47.971+0000][183318.337s][info][gc          ] GC(6084) Pause Remark 3423M->3423M(12288M) 25.554ms
[2025-01-08T23:20:47.971+0000][183318.337s][info][gc,cpu      ] GC(6084) User=0.14s Sys=0.00s Real=0.03s
[2025-01-08T23:20:47.971+0000][183318.337s][info][gc,marking  ] GC(6084) Concurrent Mark 811.851ms
[2025-01-08T23:20:47.971+0000][183318.337s][info][gc,marking  ] GC(6084) Concurrent Rebuild Remembered Sets
[2025-01-08T23:20:48.531+0000][183318.897s][info][gc,marking  ] GC(6084) Concurrent Rebuild Remembered Sets 559.579ms
[2025-01-08T23:20:48.531+0000][183318.897s][info][gc,start    ] GC(6084) Pause Cleanup
[2025-01-08T23:20:48.531+0000][183318.897s][info][gc          ] GC(6084) Pause Cleanup 4267M->4267M(12288M) 0.379ms
[2025-01-08T23:20:48.531+0000][183318.897s][info][gc,cpu      ] GC(6084) User=0.00s Sys=0.00s Real=0.00s
[2025-01-08T23:20:48.531+0000][183318.897s][info][gc,marking  ] GC(6084) Concurrent Cleanup for Next Mark
[2025-01-08T23:20:48.559+0000][183318.925s][info][gc,marking  ] GC(6084) Concurrent Cleanup for Next Mark 28.051ms
[2025-01-08T23:20:48.559+0000][183318.926s][info][gc          ] GC(6084) Concurrent Mark Cycle 1419.620ms
[2025-01-08T23:20:54.063+0000][183324.429s][info][gc,start    ] GC(6085) Pause Young (Prepare Mixed) (G1 Evacuation Pause)
[2025-01-08T23:20:54.063+0000][183324.429s][info][gc,task     ] GC(6085) Using 6 workers of 6 for evacuation
[2025-01-08T23:20:54.096+0000][183324.462s][info][gc,phases   ] GC(6085)   Pre Evacuate Collection Set: 0.2ms
[2025-01-08T23:20:54.096+0000][183324.462s][info][gc,phases   ] GC(6085)   Merge Heap Roots: 0.6ms
[2025-01-08T23:20:54.096+0000][183324.462s][info][gc,phases   ] GC(6085)   Evacuate Collection Set: 29.2ms
[2025-01-08T23:20:54.096+0000][183324.462s][info][gc,phases   ] GC(6085)   Post Evacuate Collection Set: 2.5ms
[2025-01-08T23:20:54.096+0000][183324.462s][info][gc,phases   ] GC(6085)   Other: 0.2ms
[2025-01-08T23:20:54.096+0000][183324.462s][info][gc,heap     ] GC(6085) Eden regions: 913->0(67)
[2025-01-08T23:20:54.096+0000][183324.462s][info][gc,heap     ] GC(6085) Survivor regions: 8->9(116)
[2025-01-08T23:20:54.096+0000][183324.462s][info][gc,heap     ] GC(6085) Old regions: 235->235
[2025-01-08T23:20:54.096+0000][183324.462s][info][gc,heap     ] GC(6085) Archive regions: 2->2
[2025-01-08T23:20:54.096+0000][183324.462s][info][gc,heap     ] GC(6085) Humongous regions: 49->49
[2025-01-08T23:20:54.096+0000][183324.462s][info][gc,metaspace] GC(6085) Metaspace: 524085K(533824K)->524085K(533824K) NonClass: 460225K(465088K)->460225K(465088K) Class: 63860K(68736K)->63860K(68736K)
[2025-01-08T23:20:54.096+0000][183324.462s][info][gc          ] GC(6085) Pause Young (Prepare Mixed) (G1 Evacuation Pause) 9635M->2339M(12288M) 32.881ms
[2025-01-08T23:20:54.096+0000][183324.462s][info][gc,cpu      ] GC(6085) User=0.19s Sys=0.00s Real=0.03s
[2025-01-08T23:20:55.455+0000][183325.821s][info][gc,start    ] GC(6086) Pause Young (Mixed) (G1 Evacuation Pause)
[2025-01-08T23:20:55.455+0000][183325.821s][info][gc,task     ] GC(6086) Using 6 workers of 6 for evacuation
[2025-01-08T23:20:55.528+0000][183325.894s][info][gc,phases   ] GC(6086)   Pre Evacuate Collection Set: 0.2ms
[2025-01-08T23:20:55.528+0000][183325.894s][info][gc,phases   ] GC(6086)   Merge Heap Roots: 0.8ms
[2025-01-08T23:20:55.528+0000][183325.894s][info][gc,phases   ] GC(6086)   Evacuate Collection Set: 69.9ms
[2025-01-08T23:20:55.528+0000][183325.894s][info][gc,phases   ] GC(6086)   Post Evacuate Collection Set: 2.0ms
[2025-01-08T23:20:55.528+0000][183325.894s][info][gc,phases   ] GC(6086)   Other: 0.2ms
[2025-01-08T23:20:55.528+0000][183325.894s][info][gc,heap     ] GC(6086) Eden regions: 67->0(915)
[2025-01-08T23:20:55.528+0000][183325.894s][info][gc,heap     ] GC(6086) Survivor regions: 9->6(10)
[2025-01-08T23:20:55.528+0000][183325.894s][info][gc,heap     ] GC(6086) Old regions: 235->235
[2025-01-08T23:20:55.528+0000][183325.894s][info][gc,heap     ] GC(6086) Archive regions: 2->2
[2025-01-08T23:20:55.528+0000][183325.894s][info][gc,heap     ] GC(6086) Humongous regions: 49->49
[2025-01-08T23:20:55.528+0000][183325.894s][info][gc,metaspace] GC(6086) Metaspace: 524085K(533824K)->524085K(533824K) NonClass: 460225K(465088K)->460225K(465088K) Class: 63860K(68736K)->63860K(68736K)
[2025-01-08T23:20:55.528+0000][183325.894s][info][gc          ] GC(6086) Pause Young (Mixed) (G1 Evacuation Pause) 2875M->2317M(12288M) 73.121ms
[2025-01-08T23:20:55.528+0000][183325.894s][info][gc,cpu      ] GC(6086) User=0.42s Sys=0.00s Real=0.07s
[2025-01-08T23:21:07.092+0000][183337.458s][info][gc,start    ] GC(6087) Pause Young (Normal) (G1 Evacuation Pause)
[2025-01-08T23:21:07.092+0000][183337.458s][info][gc,task     ] GC(6087) Using 6 workers of 6 for evacuation
[2025-01-08T23:21:07.126+0000][183337.492s][info][gc,phases   ] GC(6087)   Pre Evacuate Collection Set: 0.2ms
[2025-01-08T23:21:07.126+0000][183337.492s][info][gc,phases   ] GC(6087)   Merge Heap Roots: 0.5ms
[2025-01-08T23:21:07.126+0000][183337.492s][info][gc,phases   ] GC(6087)   Evacuate Collection Set: 30.6ms
[2025-01-08T23:21:07.126+0000][183337.492s][info][gc,phases   ] GC(6087)   Post Evacuate Collection Set: 2.8ms
[2025-01-08T23:21:07.126+0000][183337.492s][info][gc,phases   ] GC(6087)   Other: 0.2ms
[2025-01-08T23:21:07.126+0000][183337.492s][info][gc,heap     ] GC(6087) Eden regions: 915->0(914)
[2025-01-08T23:21:07.126+0000][183337.492s][info][gc,heap     ] GC(6087) Survivor regions: 6->7(116)
[2025-01-08T23:21:07.126+0000][183337.492s][info][gc,heap     ] GC(6087) Old regions: 235->235
[2025-01-08T23:21:07.126+0000][183337.492s][info][gc,heap     ] GC(6087) Archive regions: 2->2
[2025-01-08T23:21:07.126+0000][183337.492s][info][gc,heap     ] GC(6087) Humongous regions: 49->49
[2025-01-08T23:21:07.126+0000][183337.492s][info][gc,metaspace] GC(6087) Metaspace: 524085K(533824K)->524085K(533824K) NonClass: 460225K(465088K)->460225K(465088K) Class: 63860K(68736K)->63860K(68736K)
[2025-01-08T23:21:07.126+0000][183337.492s][info][gc          ] GC(6087) Pause Young (Normal) (G1 Evacuation Pause) 9637M->2327M(12288M) 34.312ms
[2025-01-08T23:21:07.126+0000][183337.492s][info][gc,cpu      ] GC(6087) User=0.20s Sys=0.00s Real=0.03s
[2025-01-08T23:21:16.702+0000][183347.068s][info][gc,start    ] GC(6088) Pause Young (Normal) (G1 Evacuation Pause)
[2025-01-08T23:21:16.702+0000][183347.068s][info][gc,task     ] GC(6088) Using 6 workers of 6 for evacuation
[2025-01-08T23:21:16.738+0000][183347.104s][info][gc,phases   ] GC(6088)   Pre Evacuate Collection Set: 0.2ms
[2025-01-08T23:21:16.738+0000][183347.105s][info][gc,phases   ] GC(6088)   Merge Heap Roots: 0.4ms
[2025-01-08T23:21:16.738+0000][183347.105s][info][gc,phases   ] GC(6088)   Evacuate Collection Set: 30.0ms
[2025-01-08T23:21:16.738+0000][183347.105s][info][gc,phases   ] GC(6088)   Post Evacuate Collection Set: 5.3ms
[2025-01-08T23:21:16.738+0000][183347.105s][info][gc,phases   ] GC(6088)   Other: 0.2ms
[2025-01-08T23:21:16.738+0000][183347.105s][info][gc,heap     ] GC(6088) Eden regions: 914->0(911)
[2025-01-08T23:21:16.738+0000][183347.105s][info][gc,heap     ] GC(6088) Survivor regions: 7->10(116)
[2025-01-08T23:21:16.738+0000][183347.105s][info][gc,heap     ] GC(6088) Old regions: 235->235
[2025-01-08T23:21:16.738+0000][183347.105s][info][gc,heap     ] GC(6088) Archive regions: 2->2
[2025-01-08T23:21:16.738+0000][183347.105s][info][gc,heap     ] GC(6088) Humongous regions: 49->49
[2025-01-08T23:21:16.738+0000][183347.105s][info][gc,metaspace] GC(6088) Metaspace: 524085K(533824K)->524085K(533824K) NonClass: 460225K(465088K)->460225K(465088K) Class: 63860K(68736K)->63860K(68736K)
[2025-01-08T23:21:16.738+0000][183347.105s][info][gc          ] GC(6088) Pause Young (Normal) (G1 Evacuation Pause) 9639M->2353M(12288M) 36.280ms
[2025-01-08T23:21:16.739+0000][183347.105s][info][gc,cpu      ] GC(6088) User=0.21s Sys=0.00s Real=0.03s
[2025-01-08T23:21:23.604+0000][183353.970s][info][gc,start    ] GC(6089) Pause Young (Concurrent Start) (G1 Evacuation Pause)
[2025-01-08T23:21:23.604+0000][183353.970s][info][gc,task     ] GC(6089) Using 6 workers of 6 for evacuation
[2025-01-08T23:21:23.640+0000][183354.007s][info][gc,phases   ] GC(6089)   Pre Evacuate Collection Set: 1.1ms
[2025-01-08T23:21:23.641+0000][183354.007s][info][gc,phases   ] GC(6089)   Merge Heap Roots: 0.5ms
[2025-01-08T23:21:23.641+0000][183354.007s][info][gc,phases   ] GC(6089)   Evacuate Collection Set: 31.0ms
[2025-01-08T23:21:23.641+0000][183354.007s][info][gc,phases   ] GC(6089)   Post Evacuate Collection Set: 3.9ms
[2025-01-08T23:21:23.641+0000][183354.007s][info][gc,phases   ] GC(6089)   Other: 0.3ms
[2025-01-08T23:21:23.641+0000][183354.007s][info][gc,heap     ] GC(6089) Eden regions: 911->0(911)
[2025-01-08T23:21:23.641+0000][183354.007s][info][gc,heap     ] GC(6089) Survivor regions: 10->10(116)
[2025-01-08T23:21:23.641+0000][183354.007s][info][gc,heap     ] GC(6089) Old regions: 235->235
[2025-01-08T23:21:23.641+0000][183354.007s][info][gc,heap     ] GC(6089) Archive regions: 2->2
[2025-01-08T23:21:23.641+0000][183354.007s][info][gc,heap     ] GC(6089) Humongous regions: 49->49
[2025-01-08T23:21:23.641+0000][183354.007s][info][gc,metaspace] GC(6089) Metaspace: 524085K(533824K)->524085K(533824K) NonClass: 460225K(465088K)->460225K(465088K) Class: 63860K(68736K)->63860K(68736K)
[2025-01-08T23:21:23.641+0000][183354.007s][info][gc          ] GC(6089) Pause Young (Concurrent Start) (G1 Evacuation Pause) 9641M->2353M(12288M) 36.936ms
[2025-01-08T23:21:23.641+0000][183354.007s][info][gc,cpu      ] GC(6089) User=0.21s Sys=0.00s Real=0.03s
[2025-01-08T23:21:23.641+0000][183354.007s][info][gc          ] GC(6090) Concurrent Mark Cycle
[2025-01-08T23:21:23.641+0000][183354.007s][info][gc,marking  ] GC(6090) Concurrent Clear Claimed Marks
[2025-01-08T23:21:23.642+0000][183354.008s][info][gc,marking  ] GC(6090) Concurrent Clear Claimed Marks 0.982ms
[2025-01-08T23:21:23.642+0000][183354.008s][info][gc,marking  ] GC(6090) Concurrent Scan Root Regions
[2025-01-08T23:21:23.668+0000][183354.034s][info][gc,marking  ] GC(6090) Concurrent Scan Root Regions 26.070ms
[2025-01-08T23:21:23.668+0000][183354.034s][info][gc,marking  ] GC(6090) Concurrent Mark
[2025-01-08T23:21:23.668+0000][183354.034s][info][gc,marking  ] GC(6090) Concurrent Mark From Roots
[2025-01-08T23:21:23.668+0000][183354.034s][info][gc,task     ] GC(6090) Using 2 workers of 2 for marking
[2025-01-08T23:21:24.468+0000][183354.834s][info][gc,marking  ] GC(6090) Concurrent Mark From Roots 800.174ms
[2025-01-08T23:21:24.468+0000][183354.834s][info][gc,marking  ] GC(6090) Concurrent Preclean
[2025-01-08T23:21:24.472+0000][183354.838s][info][gc,marking  ] GC(6090) Concurrent Preclean 3.574ms
[2025-01-08T23:21:24.472+0000][183354.838s][info][gc,start    ] GC(6090) Pause Remark
[2025-01-08T23:21:24.498+0000][183354.864s][info][gc          ] GC(6090) Pause Remark 3265M->3265M(12288M) 26.162ms
[2025-01-08T23:21:24.498+0000][183354.864s][info][gc,cpu      ] GC(6090) User=0.15s Sys=0.00s Real=0.02s
[2025-01-08T23:21:24.498+0000][183354.864s][info][gc,marking  ] GC(6090) Concurrent Mark 830.313ms
[2025-01-08T23:21:24.498+0000][183354.864s][info][gc,marking  ] GC(6090) Concurrent Rebuild Remembered Sets
[2025-01-08T23:21:25.135+0000][183355.501s][info][gc,marking  ] GC(6090) Concurrent Rebuild Remembered Sets 637.178ms
[2025-01-08T23:21:25.136+0000][183355.502s][info][gc,start    ] GC(6090) Pause Cleanup
[2025-01-08T23:21:25.136+0000][183355.502s][info][gc          ] GC(6090) Pause Cleanup 4281M->4281M(12288M) 0.458ms
[2025-01-08T23:21:25.136+0000][183355.502s][info][gc,cpu      ] GC(6090) User=0.00s Sys=0.00s Real=0.00s
[2025-01-08T23:21:25.136+0000][183355.502s][info][gc,marking  ] GC(6090) Concurrent Cleanup for Next Mark
[2025-01-08T23:21:25.153+0000][183355.519s][info][gc,marking  ] GC(6090) Concurrent Cleanup for Next Mark 16.831ms
[2025-01-08T23:21:25.153+0000][183355.519s][info][gc          ] GC(6090) Concurrent Mark Cycle 1512.302ms
[2025-01-08T23:21:30.577+0000][183360.944s][info][gc,start    ] GC(6091) Pause Young (Prepare Mixed) (G1 Evacuation Pause)
[2025-01-08T23:21:30.577+0000][183360.944s][info][gc,task     ] GC(6091) Using 6 workers of 6 for evacuation
[2025-01-08T23:21:30.618+0000][183360.984s][info][gc,phases   ] GC(6091)   Pre Evacuate Collection Set: 0.2ms
[2025-01-08T23:21:30.618+0000][183360.984s][info][gc,phases   ] GC(6091)   Merge Heap Roots: 0.7ms
[2025-01-08T23:21:30.618+0000][183360.984s][info][gc,phases   ] GC(6091)   Evacuate Collection Set: 36.5ms
[2025-01-08T23:21:30.618+0000][183360.984s][info][gc,phases   ] GC(6091)   Post Evacuate Collection Set: 2.8ms
[2025-01-08T23:21:30.618+0000][183360.984s][info][gc,phases   ] GC(6091)   Other: 0.2ms
[2025-01-08T23:21:30.618+0000][183360.984s][info][gc,heap     ] GC(6091) Eden regions: 911->0(65)
[2025-01-08T23:21:30.618+0000][183360.984s][info][gc,heap     ] GC(6091) Survivor regions: 10->11(116)
[2025-01-08T23:21:30.618+0000][183360.984s][info][gc,heap     ] GC(6091) Old regions: 235->235
[2025-01-08T23:21:30.618+0000][183360.984s][info][gc,heap     ] GC(6091) Archive regions: 2->2
[2025-01-08T23:21:30.618+0000][183360.984s][info][gc,heap     ] GC(6091) Humongous regions: 49->49
[2025-01-08T23:21:30.618+0000][183360.984s][info][gc,metaspace] GC(6091) Metaspace: 524085K(533824K)->524085K(533824K) NonClass: 460225K(465088K)->460225K(465088K) Class: 63860K(68736K)->63860K(68736K)
[2025-01-08T23:21:30.618+0000][183360.984s][info][gc          ] GC(6091) Pause Young (Prepare Mixed) (G1 Evacuation Pause) 9641M->2360M(12288M) 40.498ms
[2025-01-08T23:21:30.618+0000][183360.984s][info][gc,cpu      ] GC(6091) User=0.23s Sys=0.00s Real=0.04s
[2025-01-08T23:21:31.017+0000][183361.383s][info][gc,start    ] GC(6092) Pause Young (Mixed) (G1 Evacuation Pause)
[2025-01-08T23:21:31.017+0000][183361.383s][info][gc,task     ] GC(6092) Using 6 workers of 6 for evacuation
[2025-01-08T23:21:31.065+0000][183361.431s][info][gc,phases   ] GC(6092)   Pre Evacuate Collection Set: 0.2ms
[2025-01-08T23:21:31.065+0000][183361.431s][info][gc,phases   ] GC(6092)   Merge Heap Roots: 0.5ms
[2025-01-08T23:21:31.065+0000][183361.431s][info][gc,phases   ] GC(6092)   Evacuate Collection Set: 45.9ms
[2025-01-08T23:21:31.065+0000][183361.431s][info][gc,phases   ] GC(6092)   Post Evacuate Collection Set: 1.6ms
[2025-01-08T23:21:31.065+0000][183361.431s][info][gc,phases   ] GC(6092)   Other: 0.2ms
[2025-01-08T23:21:31.065+0000][183361.431s][info][gc,heap     ] GC(6092) Eden regions: 65->0(916)
[2025-01-08T23:21:31.065+0000][183361.431s][info][gc,heap     ] GC(6092) Survivor regions: 11->5(10)
[2025-01-08T23:21:31.065+0000][183361.431s][info][gc,heap     ] GC(6092) Old regions: 235->234
[2025-01-08T23:21:31.065+0000][183361.431s][info][gc,heap     ] GC(6092) Archive regions: 2->2
[2025-01-08T23:21:31.065+0000][183361.431s][info][gc,heap     ] GC(6092) Humongous regions: 49->49
[2025-01-08T23:21:31.065+0000][183361.431s][info][gc,metaspace] GC(6092) Metaspace: 524085K(533824K)->524085K(533824K) NonClass: 460225K(465088K)->460225K(465088K) Class: 63860K(68736K)->63860K(68736K)
[2025-01-08T23:21:31.065+0000][183361.431s][info][gc          ] GC(6092) Pause Young (Mixed) (G1 Evacuation Pause) 2880M->2308M(12288M) 48.398ms
[2025-01-08T23:21:31.065+0000][183361.432s][info][gc,cpu      ] GC(6092) User=0.28s Sys=0.00s Real=0.05s
[2025-01-08T23:21:39.604+0000][183369.970s][info][gc,start    ] GC(6093) Pause Young (Normal) (G1 Evacuation Pause)
[2025-01-08T23:21:39.604+0000][183369.970s][info][gc,task     ] GC(6093) Using 6 workers of 6 for evacuation
[2025-01-08T23:21:39.629+0000][183369.995s][info][gc,phases   ] GC(6093)   Pre Evacuate Collection Set: 0.2ms
[2025-01-08T23:21:39.629+0000][183369.995s][info][gc,phases   ] GC(6093)   Merge Heap Roots: 0.4ms
[2025-01-08T23:21:39.629+0000][183369.995s][info][gc,phases   ] GC(6093)   Evacuate Collection Set: 21.5ms
[2025-01-08T23:21:39.629+0000][183369.995s][info][gc,phases   ] GC(6093)   Post Evacuate Collection Set: 2.5ms
[2025-01-08T23:21:39.629+0000][183369.995s][info][gc,phases   ] GC(6093)   Other: 0.2ms
[2025-01-08T23:21:39.629+0000][183369.995s][info][gc,heap     ] GC(6093) Eden regions: 916->0(916)
[2025-01-08T23:21:39.629+0000][183369.995s][info][gc,heap     ] GC(6093) Survivor regions: 5->5(116)
[2025-01-08T23:21:39.629+0000][183369.995s][info][gc,heap     ] GC(6093) Old regions: 234->234
[2025-01-08T23:21:39.629+0000][183369.995s][info][gc,heap     ] GC(6093) Archive regions: 2->2
[2025-01-08T23:21:39.629+0000][183369.995s][info][gc,heap     ] GC(6093) Humongous regions: 49->49
[2025-01-08T23:21:39.629+0000][183369.995s][info][gc,metaspace] GC(6093) Metaspace: 524085K(533824K)->524085K(533824K) NonClass: 460225K(465088K)->460225K(465088K) Class: 63860K(68736K)->63860K(68736K)
[2025-01-08T23:21:39.629+0000][183369.995s][info][gc          ] GC(6093) Pause Young (Normal) (G1 Evacuation Pause) 9636M->2308M(12288M) 24.881ms
[2025-01-08T23:21:39.629+0000][183369.995s][info][gc,cpu      ] GC(6093) User=0.15s Sys=0.00s Real=0.02s
[2025-01-08T23:21:48.612+0000][183378.978s][info][gc,start    ] GC(6094) Pause Young (Normal) (G1 Evacuation Pause)
[2025-01-08T23:21:48.612+0000][183378.978s][info][gc,task     ] GC(6094) Using 6 workers of 6 for evacuation
[2025-01-08T23:21:48.640+0000][183379.007s][info][gc,phases   ] GC(6094)   Pre Evacuate Collection Set: 0.2ms
[2025-01-08T23:21:48.641+0000][183379.007s][info][gc,phases   ] GC(6094)   Merge Heap Roots: 0.4ms
[2025-01-08T23:21:48.641+0000][183379.007s][info][gc,phases   ] GC(6094)   Evacuate Collection Set: 25.6ms
[2025-01-08T23:21:48.641+0000][183379.007s][info][gc,phases   ] GC(6094)   Post Evacuate Collection Set: 2.5ms
[2025-01-08T23:21:48.641+0000][183379.007s][info][gc,phases   ] GC(6094)   Other: 0.2ms
[2025-01-08T23:21:48.641+0000][183379.007s][info][gc,heap     ] GC(6094) Eden regions: 916->0(914)
[2025-01-08T23:21:48.641+0000][183379.007s][info][gc,heap     ] GC(6094) Survivor regions: 5->7(116)
[2025-01-08T23:21:48.641+0000][183379.007s][info][gc,heap     ] GC(6094) Old regions: 234->234
[2025-01-08T23:21:48.641+0000][183379.007s][info][gc,heap     ] GC(6094) Archive regions: 2->2
[2025-01-08T23:21:48.641+0000][183379.007s][info][gc,heap     ] GC(6094) Humongous regions: 49->49
[2025-01-08T23:21:48.641+0000][183379.007s][info][gc,metaspace] GC(6094) Metaspace: 524085K(533824K)->524085K(533824K) NonClass: 460225K(465088K)->460225K(465088K) Class: 63860K(68736K)->63860K(68736K)
[2025-01-08T23:21:48.641+0000][183379.007s][info][gc          ] GC(6094) Pause Young (Normal) (G1 Evacuation Pause) 9636M->2322M(12288M) 29.047ms
[2025-01-08T23:21:48.641+0000][183379.007s][info][gc,cpu      ] GC(6094) User=0.17s Sys=0.00s Real=0.02s
[2025-01-08T23:21:57.220+0000][183387.586s][info][gc,start    ] GC(6095) Pause Young (Concurrent Start) (G1 Evacuation Pause)
[2025-01-08T23:21:57.220+0000][183387.586s][info][gc,task     ] GC(6095) Using 6 workers of 6 for evacuation
[2025-01-08T23:21:57.252+0000][183387.618s][info][gc,phases   ] GC(6095)   Pre Evacuate Collection Set: 1.1ms
[2025-01-08T23:21:57.252+0000][183387.618s][info][gc,phases   ] GC(6095)   Merge Heap Roots: 0.5ms
[2025-01-08T23:21:57.252+0000][183387.618s][info][gc,phases   ] GC(6095)   Evacuate Collection Set: 27.9ms
[2025-01-08T23:21:57.252+0000][183387.618s][info][gc,phases   ] GC(6095)   Post Evacuate Collection Set: 2.6ms
[2025-01-08T23:21:57.252+0000][183387.618s][info][gc,phases   ] GC(6095)   Other: 0.3ms
[2025-01-08T23:21:57.252+0000][183387.618s][info][gc,heap     ] GC(6095) Eden regions: 914->0(913)
[2025-01-08T23:21:57.252+0000][183387.618s][info][gc,heap     ] GC(6095) Survivor regions: 7->8(116)
[2025-01-08T23:21:57.252+0000][183387.618s][info][gc,heap     ] GC(6095) Old regions: 234->234
[2025-01-08T23:21:57.252+0000][183387.618s][info][gc,heap     ] GC(6095) Archive regions: 2->2
[2025-01-08T23:21:57.252+0000][183387.618s][info][gc,heap     ] GC(6095) Humongous regions: 49->49
[2025-01-08T23:21:57.252+0000][183387.618s][info][gc,metaspace] GC(6095) Metaspace: 524085K(533824K)->524085K(533824K) NonClass: 460225K(465088K)->460225K(465088K) Class: 63860K(68736K)->63860K(68736K)
[2025-01-08T23:21:57.252+0000][183387.618s][info][gc          ] GC(6095) Pause Young (Concurrent Start) (G1 Evacuation Pause) 9634M->2326M(12288M) 32.448ms
[2025-01-08T23:21:57.252+0000][183387.618s][info][gc,cpu      ] GC(6095) User=0.19s Sys=0.00s Real=0.04s
[2025-01-08T23:21:57.252+0000][183387.618s][info][gc          ] GC(6096) Concurrent Mark Cycle
[2025-01-08T23:21:57.252+0000][183387.618s][info][gc,marking  ] GC(6096) Concurrent Clear Claimed Marks
[2025-01-08T23:21:57.253+0000][183387.619s][info][gc,marking  ] GC(6096) Concurrent Clear Claimed Marks 0.871ms
[2025-01-08T23:21:57.253+0000][183387.619s][info][gc,marking  ] GC(6096) Concurrent Scan Root Regions
[2025-01-08T23:21:57.273+0000][183387.639s][info][gc,marking  ] GC(6096) Concurrent Scan Root Regions 19.886ms
[2025-01-08T23:21:57.273+0000][183387.639s][info][gc,marking  ] GC(6096) Concurrent Mark
[2025-01-08T23:21:57.273+0000][183387.639s][info][gc,marking  ] GC(6096) Concurrent Mark From Roots
[2025-01-08T23:21:57.273+0000][183387.639s][info][gc,task     ] GC(6096) Using 2 workers of 2 for marking
[2025-01-08T23:21:58.122+0000][183388.488s][info][gc,marking  ] GC(6096) Concurrent Mark From Roots 848.606ms
[2025-01-08T23:21:58.122+0000][183388.488s][info][gc,marking  ] GC(6096) Concurrent Preclean
[2025-01-08T23:21:58.124+0000][183388.490s][info][gc,marking  ] GC(6096) Concurrent Preclean 2.498ms
[2025-01-08T23:21:58.124+0000][183388.490s][info][gc,start    ] GC(6096) Pause Remark
[2025-01-08T23:21:58.150+0000][183388.517s][info][gc          ] GC(6096) Pause Remark 3206M->3206M(12288M) 26.068ms
[2025-01-08T23:21:58.151+0000][183388.517s][info][gc,cpu      ] GC(6096) User=0.15s Sys=0.00s Real=0.03s
[2025-01-08T23:21:58.151+0000][183388.517s][info][gc,marking  ] GC(6096) Concurrent Mark 877.509ms
[2025-01-08T23:21:58.151+0000][183388.517s][info][gc,marking  ] GC(6096) Concurrent Rebuild Remembered Sets
[2025-01-08T23:21:58.711+0000][183389.077s][info][gc,marking  ] GC(6096) Concurrent Rebuild Remembered Sets 560.575ms
[2025-01-08T23:21:58.711+0000][183389.077s][info][gc,start    ] GC(6096) Pause Cleanup
[2025-01-08T23:21:58.712+0000][183389.078s][info][gc          ] GC(6096) Pause Cleanup 3726M->3726M(12288M) 0.478ms
[2025-01-08T23:21:58.712+0000][183389.078s][info][gc,cpu      ] GC(6096) User=0.00s Sys=0.00s Real=0.00s
[2025-01-08T23:21:58.712+0000][183389.078s][info][gc,marking  ] GC(6096) Concurrent Cleanup for Next Mark
[2025-01-08T23:21:58.740+0000][183389.106s][info][gc,marking  ] GC(6096) Concurrent Cleanup for Next Mark 28.040ms
[2025-01-08T23:21:58.740+0000][183389.106s][info][gc          ] GC(6096) Concurrent Mark Cycle 1487.821ms
[2025-01-08T23:22:07.817+0000][183398.183s][info][gc,start    ] GC(6097) Pause Young (Prepare Mixed) (G1 Evacuation Pause)
[2025-01-08T23:22:07.817+0000][183398.183s][info][gc,task     ] GC(6097) Using 6 workers of 6 for evacuation
[2025-01-08T23:22:07.857+0000][183398.224s][info][gc,phases   ] GC(6097)   Pre Evacuate Collection Set: 0.2ms
[2025-01-08T23:22:07.858+0000][183398.224s][info][gc,phases   ] GC(6097)   Merge Heap Roots: 0.7ms
[2025-01-08T23:22:07.858+0000][183398.224s][info][gc,phases   ] GC(6097)   Evacuate Collection Set: 34.0ms
[2025-01-08T23:22:07.858+0000][183398.224s][info][gc,phases   ] GC(6097)   Post Evacuate Collection Set: 5.5ms
[2025-01-08T23:22:07.858+0000][183398.224s][info][gc,phases   ] GC(6097)   Other: 0.2ms
[2025-01-08T23:22:07.858+0000][183398.224s][info][gc,heap     ] GC(6097) Eden regions: 913->0(65)
[2025-01-08T23:22:07.858+0000][183398.224s][info][gc,heap     ] GC(6097) Survivor regions: 8->11(116)
[2025-01-08T23:22:07.858+0000][183398.224s][info][gc,heap     ] GC(6097) Old regions: 234->234
[2025-01-08T23:22:07.858+0000][183398.224s][info][gc,heap     ] GC(6097) Archive regions: 2->2
[2025-01-08T23:22:07.858+0000][183398.224s][info][gc,heap     ] GC(6097) Humongous regions: 49->49
[2025-01-08T23:22:07.858+0000][183398.224s][info][gc,metaspace] GC(6097) Metaspace: 524085K(533824K)->524085K(533824K) NonClass: 460225K(465088K)->460225K(465088K) Class: 63860K(68736K)->63860K(68736K)
[2025-01-08T23:22:07.858+0000][183398.224s][info][gc          ] GC(6097) Pause Young (Prepare Mixed) (G1 Evacuation Pause) 9630M->2352M(12288M) 40.672ms
[2025-01-08T23:22:07.858+0000][183398.224s][info][gc,cpu      ] GC(6097) User=0.24s Sys=0.00s Real=0.04s
[2025-01-08T23:22:09.513+0000][183399.879s][info][gc,start    ] GC(6098) Pause Young (Mixed) (G1 Evacuation Pause)
[2025-01-08T23:22:09.513+0000][183399.879s][info][gc,task     ] GC(6098) Using 6 workers of 6 for evacuation
[2025-01-08T23:22:09.569+0000][183399.935s][info][gc,phases   ] GC(6098)   Pre Evacuate Collection Set: 0.2ms
[2025-01-08T23:22:09.569+0000][183399.935s][info][gc,phases   ] GC(6098)   Merge Heap Roots: 0.7ms
[2025-01-08T23:22:09.569+0000][183399.935s][info][gc,phases   ] GC(6098)   Evacuate Collection Set: 53.6ms
[2025-01-08T23:22:09.569+0000][183399.935s][info][gc,phases   ] GC(6098)   Post Evacuate Collection Set: 1.7ms
[2025-01-08T23:22:09.569+0000][183399.935s][info][gc,phases   ] GC(6098)   Other: 0.2ms
[2025-01-08T23:22:09.569+0000][183399.935s][info][gc,heap     ] GC(6098) Eden regions: 65->0(917)
[2025-01-08T23:22:09.569+0000][183399.935s][info][gc,heap     ] GC(6098) Survivor regions: 11->4(10)
[2025-01-08T23:22:09.569+0000][183399.935s][info][gc,heap     ] GC(6098) Old regions: 234->234
[2025-01-08T23:22:09.569+0000][183399.935s][info][gc,heap     ] GC(6098) Archive regions: 2->2
[2025-01-08T23:22:09.569+0000][183399.935s][info][gc,heap     ] GC(6098) Humongous regions: 49->49
[2025-01-08T23:22:09.569+0000][183399.935s][info][gc,metaspace] GC(6098) Metaspace: 524085K(533824K)->524085K(533824K) NonClass: 460225K(465088K)->460225K(465088K) Class: 63860K(68736K)->63860K(68736K)
[2025-01-08T23:22:09.569+0000][183399.935s][info][gc          ] GC(6098) Pause Young (Mixed) (G1 Evacuation Pause) 2872M->2300M(12288M) 56.383ms
[2025-01-08T23:22:09.569+0000][183399.935s][info][gc,cpu      ] GC(6098) User=0.33s Sys=0.00s Real=0.05s
[2025-01-08T23:22:16.917+0000][183407.283s][info][gc,start    ] GC(6099) Pause Young (Normal) (G1 Evacuation Pause)
[2025-01-08T23:22:16.917+0000][183407.283s][info][gc,task     ] GC(6099) Using 6 workers of 6 for evacuation
[2025-01-08T23:22:16.942+0000][183407.308s][info][gc,phases   ] GC(6099)   Pre Evacuate Collection Set: 0.2ms
[2025-01-08T23:22:16.942+0000][183407.308s][info][gc,phases   ] GC(6099)   Merge Heap Roots: 0.4ms
[2025-01-08T23:22:16.942+0000][183407.308s][info][gc,phases   ] GC(6099)   Evacuate Collection Set: 20.2ms
[2025-01-08T23:22:16.942+0000][183407.308s][info][gc,phases   ] GC(6099)   Post Evacuate Collection Set: 4.0ms
[2025-01-08T23:22:16.942+0000][183407.308s][info][gc,phases   ] GC(6099)   Other: 0.2ms
[2025-01-08T23:22:16.942+0000][183407.308s][info][gc,heap     ] GC(6099) Eden regions: 917->0(915)
[2025-01-08T23:22:16.942+0000][183407.308s][info][gc,heap     ] GC(6099) Survivor regions: 4->6(116)
[2025-01-08T23:22:16.942+0000][183407.308s][info][gc,heap     ] GC(6099) Old regions: 234->234
[2025-01-08T23:22:16.942+0000][183407.308s][info][gc,heap     ] GC(6099) Archive regions: 2->2
[2025-01-08T23:22:16.942+0000][183407.308s][info][gc,heap     ] GC(6099) Humongous regions: 49->49
[2025-01-08T23:22:16.942+0000][183407.308s][info][gc,metaspace] GC(6099) Metaspace: 524097K(533824K)->524097K(533824K) NonClass: 460234K(465088K)->460234K(465088K) Class: 63863K(68736K)->63863K(68736K)
[2025-01-08T23:22:16.942+0000][183407.308s][info][gc          ] GC(6099) Pause Young (Normal) (G1 Evacuation Pause) 9636M->2315M(12288M) 25.084ms
[2025-01-08T23:22:16.942+0000][183407.308s][info][gc,cpu      ] GC(6099) User=0.14s Sys=0.00s Real=0.03s
[2025-01-08T23:22:23.069+0000][183413.435s][info][gc,start    ] GC(6100) Pause Young (Normal) (G1 Evacuation Pause)
[2025-01-08T23:22:23.069+0000][183413.435s][info][gc,task     ] GC(6100) Using 6 workers of 6 for evacuation
[2025-01-08T23:22:23.099+0000][183413.465s][info][gc,phases   ] GC(6100)   Pre Evacuate Collection Set: 0.2ms
[2025-01-08T23:22:23.099+0000][183413.465s][info][gc,phases   ] GC(6100)   Merge Heap Roots: 0.4ms
[2025-01-08T23:22:23.099+0000][183413.465s][info][gc,phases   ] GC(6100)   Evacuate Collection Set: 26.6ms
[2025-01-08T23:22:23.099+0000][183413.465s][info][gc,phases   ] GC(6100)   Post Evacuate Collection Set: 2.5ms
[2025-01-08T23:22:23.099+0000][183413.465s][info][gc,phases   ] GC(6100)   Other: 0.2ms
[2025-01-08T23:22:23.099+0000][183413.465s][info][gc,heap     ] GC(6100) Eden regions: 915->0(913)
[2025-01-08T23:22:23.099+0000][183413.465s][info][gc,heap     ] GC(6100) Survivor regions: 6->8(116)
[2025-01-08T23:22:23.099+0000][183413.465s][info][gc,heap     ] GC(6100) Old regions: 234->234
[2025-01-08T23:22:23.099+0000][183413.465s][info][gc,heap     ] GC(6100) Archive regions: 2->2
[2025-01-08T23:22:23.099+0000][183413.465s][info][gc,heap     ] GC(6100) Humongous regions: 49->49
[2025-01-08T23:22:23.099+0000][183413.465s][info][gc,metaspace] GC(6100) Metaspace: 524097K(533824K)->524097K(533824K) NonClass: 460234K(465088K)->460234K(465088K) Class: 63863K(68736K)->63863K(68736K)
[2025-01-08T23:22:23.099+0000][183413.465s][info][gc          ] GC(6100) Pause Young (Normal) (G1 Evacuation Pause) 9635M->2328M(12288M) 30.097ms
[2025-01-08T23:22:23.099+0000][183413.465s][info][gc,cpu      ] GC(6100) User=0.17s Sys=0.01s Real=0.03s
[2025-01-08T23:22:34.401+0000][183424.767s][info][gc,start    ] GC(6101) Pause Young (Concurrent Start) (G1 Evacuation Pause)
[2025-01-08T23:22:34.401+0000][183424.767s][info][gc,task     ] GC(6101) Using 6 workers of 6 for evacuation
[2025-01-08T23:22:34.434+0000][183424.800s][info][gc,phases   ] GC(6101)   Pre Evacuate Collection Set: 1.1ms
[2025-01-08T23:22:34.434+0000][183424.800s][info][gc,phases   ] GC(6101)   Merge Heap Roots: 0.5ms
[2025-01-08T23:22:34.434+0000][183424.800s][info][gc,phases   ] GC(6101)   Evacuate Collection Set: 28.6ms
[2025-01-08T23:22:34.434+0000][183424.800s][info][gc,phases   ] GC(6101)   Post Evacuate Collection Set: 2.7ms
[2025-01-08T23:22:34.434+0000][183424.800s][info][gc,phases   ] GC(6101)   Other: 0.3ms
[2025-01-08T23:22:34.434+0000][183424.800s][info][gc,heap     ] GC(6101) Eden regions: 913->0(913)
[2025-01-08T23:22:34.434+0000][183424.800s][info][gc,heap     ] GC(6101) Survivor regions: 8->8(116)
[2025-01-08T23:22:34.434+0000][183424.800s][info][gc,heap     ] GC(6101) Old regions: 234->234
[2025-01-08T23:22:34.434+0000][183424.800s][info][gc,heap     ] GC(6101) Archive regions: 2->2
[2025-01-08T23:22:34.434+0000][183424.800s][info][gc,heap     ] GC(6101) Humongous regions: 49->49
[2025-01-08T23:22:34.434+0000][183424.800s][info][gc,metaspace] GC(6101) Metaspace: 524097K(533824K)->524097K(533824K) NonClass: 460234K(465088K)->460234K(465088K) Class: 63863K(68736K)->63863K(68736K)
[2025-01-08T23:22:34.434+0000][183424.800s][info][gc          ] GC(6101) Pause Young (Concurrent Start) (G1 Evacuation Pause) 9632M->2330M(12288M) 33.293ms
[2025-01-08T23:22:34.434+0000][183424.800s][info][gc,cpu      ] GC(6101) User=0.19s Sys=0.00s Real=0.04s
[2025-01-08T23:22:34.434+0000][183424.800s][info][gc          ] GC(6102) Concurrent Mark Cycle
[2025-01-08T23:22:34.434+0000][183424.800s][info][gc,marking  ] GC(6102) Concurrent Clear Claimed Marks
[2025-01-08T23:22:34.435+0000][183424.801s][info][gc,marking  ] GC(6102) Concurrent Clear Claimed Marks 0.930ms
[2025-01-08T23:22:34.435+0000][183424.801s][info][gc,marking  ] GC(6102) Concurrent Scan Root Regions
[2025-01-08T23:22:34.455+0000][183424.821s][info][gc,marking  ] GC(6102) Concurrent Scan Root Regions 20.101ms
[2025-01-08T23:22:34.455+0000][183424.821s][info][gc,marking  ] GC(6102) Concurrent Mark
[2025-01-08T23:22:34.455+0000][183424.821s][info][gc,marking  ] GC(6102) Concurrent Mark From Roots
[2025-01-08T23:22:34.455+0000][183424.821s][info][gc,task     ] GC(6102) Using 2 workers of 2 for marking
[2025-01-08T23:22:35.352+0000][183425.718s][info][gc,marking  ] GC(6102) Concurrent Mark From Roots 896.571ms
[2025-01-08T23:22:35.352+0000][183425.718s][info][gc,marking  ] GC(6102) Concurrent Preclean
[2025-01-08T23:22:35.354+0000][183425.720s][info][gc,marking  ] GC(6102) Concurrent Preclean 2.449ms
[2025-01-08T23:22:35.354+0000][183425.720s][info][gc,start    ] GC(6102) Pause Remark
[2025-01-08T23:22:35.380+0000][183425.746s][info][gc          ] GC(6102) Pause Remark 3318M->3318M(12288M) 26.086ms
[2025-01-08T23:22:35.380+0000][183425.747s][info][gc,cpu      ] GC(6102) User=0.14s Sys=0.00s Real=0.02s
[2025-01-08T23:22:35.381+0000][183425.747s][info][gc,marking  ] GC(6102) Concurrent Mark 925.446ms
[2025-01-08T23:22:35.381+0000][183425.747s][info][gc,marking  ] GC(6102) Concurrent Rebuild Remembered Sets
[2025-01-08T23:22:35.901+0000][183426.267s][info][gc,marking  ] GC(6102) Concurrent Rebuild Remembered Sets 520.350ms
[2025-01-08T23:22:35.901+0000][183426.267s][info][gc,start    ] GC(6102) Pause Cleanup
[2025-01-08T23:22:35.901+0000][183426.268s][info][gc          ] GC(6102) Pause Cleanup 3738M->3738M(12288M) 0.446ms
[2025-01-08T23:22:35.902+0000][183426.268s][info][gc,cpu      ] GC(6102) User=0.00s Sys=0.00s Real=0.01s
[2025-01-08T23:22:35.902+0000][183426.268s][info][gc,marking  ] GC(6102) Concurrent Cleanup for Next Mark
[2025-01-08T23:22:35.930+0000][183426.296s][info][gc,marking  ] GC(6102) Concurrent Cleanup for Next Mark 28.129ms
[2025-01-08T23:22:35.930+0000][183426.296s][info][gc          ] GC(6102) Concurrent Mark Cycle 1495.846ms
[2025-01-08T23:22:44.103+0000][183434.469s][info][gc,start    ] GC(6103) Pause Young (Prepare Mixed) (G1 Evacuation Pause)
[2025-01-08T23:22:44.103+0000][183434.469s][info][gc,task     ] GC(6103) Using 6 workers of 6 for evacuation
[2025-01-08T23:22:44.139+0000][183434.505s][info][gc,phases   ] GC(6103)   Pre Evacuate Collection Set: 0.2ms
[2025-01-08T23:22:44.139+0000][183434.505s][info][gc,phases   ] GC(6103)   Merge Heap Roots: 0.7ms
[2025-01-08T23:22:44.139+0000][183434.505s][info][gc,phases   ] GC(6103)   Evacuate Collection Set: 32.5ms
[2025-01-08T23:22:44.139+0000][183434.505s][info][gc,phases   ] GC(6103)   Post Evacuate Collection Set: 2.7ms
[2025-01-08T23:22:44.139+0000][183434.505s][info][gc,phases   ] GC(6103)   Other: 0.2ms
[2025-01-08T23:22:44.139+0000][183434.505s][info][gc,heap     ] GC(6103) Eden regions: 913->0(66)
[2025-01-08T23:22:44.139+0000][183434.505s][info][gc,heap     ] GC(6103) Survivor regions: 8->10(116)
[2025-01-08T23:22:44.139+0000][183434.505s][info][gc,heap     ] GC(6103) Old regions: 234->234
[2025-01-08T23:22:44.139+0000][183434.505s][info][gc,heap     ] GC(6103) Archive regions: 2->2
[2025-01-08T23:22:44.139+0000][183434.505s][info][gc,heap     ] GC(6103) Humongous regions: 49->49
[2025-01-08T23:22:44.139+0000][183434.505s][info][gc,metaspace] GC(6103) Metaspace: 524108K(533824K)->524108K(533824K) NonClass: 460244K(465088K)->460244K(465088K) Class: 63864K(68736K)->63864K(68736K)
[2025-01-08T23:22:44.139+0000][183434.505s][info][gc          ] GC(6103) Pause Young (Prepare Mixed) (G1 Evacuation Pause) 9634M->2342M(12288M) 36.410ms
[2025-01-08T23:22:44.139+0000][183434.505s][info][gc,cpu      ] GC(6103) User=0.21s Sys=0.00s Real=0.03s
[2025-01-08T23:22:44.693+0000][183435.059s][info][gc,start    ] GC(6104) Pause Young (Mixed) (G1 Evacuation Pause)
[2025-01-08T23:22:44.693+0000][183435.059s][info][gc,task     ] GC(6104) Using 6 workers of 6 for evacuation
[2025-01-08T23:22:44.760+0000][183435.127s][info][gc,phases   ] GC(6104)   Pre Evacuate Collection Set: 0.2ms
[2025-01-08T23:22:44.761+0000][183435.127s][info][gc,phases   ] GC(6104)   Merge Heap Roots: 0.8ms
[2025-01-08T23:22:44.761+0000][183435.127s][info][gc,phases   ] GC(6104)   Evacuate Collection Set: 64.9ms
[2025-01-08T23:22:44.761+0000][183435.127s][info][gc,phases   ] GC(6104)   Post Evacuate Collection Set: 1.9ms
[2025-01-08T23:22:44.761+0000][183435.127s][info][gc,phases   ] GC(6104)   Other: 0.2ms
[2025-01-08T23:22:44.761+0000][183435.127s][info][gc,heap     ] GC(6104) Eden regions: 66->0(916)
[2025-01-08T23:22:44.761+0000][183435.127s][info][gc,heap     ] GC(6104) Survivor regions: 10->5(10)
[2025-01-08T23:22:44.761+0000][183435.127s][info][gc,heap     ] GC(6104) Old regions: 234->233
[2025-01-08T23:22:44.761+0000][183435.127s][info][gc,heap     ] GC(6104) Archive regions: 2->2
[2025-01-08T23:22:44.761+0000][183435.127s][info][gc,heap     ] GC(6104) Humongous regions: 49->49
[2025-01-08T23:22:44.761+0000][183435.127s][info][gc,metaspace] GC(6104) Metaspace: 524108K(533824K)->524108K(533824K) NonClass: 460244K(465088K)->460244K(465088K) Class: 63864K(68736K)->63864K(68736K)
[2025-01-08T23:22:44.761+0000][183435.127s][info][gc          ] GC(6104) Pause Young (Mixed) (G1 Evacuation Pause) 2870M->2298M(12288M) 68.010ms
[2025-01-08T23:22:44.761+0000][183435.127s][info][gc,cpu      ] GC(6104) User=0.40s Sys=0.00s Real=0.06s
[2025-01-08T23:22:52.915+0000][183443.281s][info][gc,start    ] GC(6105) Pause Young (Normal) (G1 Evacuation Pause)
[2025-01-08T23:22:52.915+0000][183443.281s][info][gc,task     ] GC(6105) Using 6 workers of 6 for evacuation
[2025-01-08T23:22:52.942+0000][183443.308s][info][gc,phases   ] GC(6105)   Pre Evacuate Collection Set: 0.2ms
[2025-01-08T23:22:52.942+0000][183443.308s][info][gc,phases   ] GC(6105)   Merge Heap Roots: 0.5ms
[2025-01-08T23:22:52.942+0000][183443.308s][info][gc,phases   ] GC(6105)   Evacuate Collection Set: 23.6ms
[2025-01-08T23:22:52.942+0000][183443.308s][info][gc,phases   ] GC(6105)   Post Evacuate Collection Set: 2.6ms
[2025-01-08T23:22:52.942+0000][183443.308s][info][gc,phases   ] GC(6105)   Other: 0.2ms
[2025-01-08T23:22:52.942+0000][183443.308s][info][gc,heap     ] GC(6105) Eden regions: 916->0(914)
[2025-01-08T23:22:52.942+0000][183443.308s][info][gc,heap     ] GC(6105) Survivor regions: 5->7(116)
[2025-01-08T23:22:52.942+0000][183443.308s][info][gc,heap     ] GC(6105) Old regions: 233->233
[2025-01-08T23:22:52.942+0000][183443.308s][info][gc,heap     ] GC(6105) Archive regions: 2->2
[2025-01-08T23:22:52.942+0000][183443.308s][info][gc,heap     ] GC(6105) Humongous regions: 49->49
[2025-01-08T23:22:52.942+0000][183443.308s][info][gc,metaspace] GC(6105) Metaspace: 524108K(533824K)->524108K(533824K) NonClass: 460244K(465088K)->460244K(465088K) Class: 63864K(68736K)->63864K(68736K)
[2025-01-08T23:22:52.942+0000][183443.308s][info][gc          ] GC(6105) Pause Young (Normal) (G1 Evacuation Pause) 9626M->2308M(12288M) 27.121ms
[2025-01-08T23:22:52.942+0000][183443.308s][info][gc,cpu      ] GC(6105) User=0.16s Sys=0.00s Real=0.03s
[2025-01-08T23:22:58.573+0000][183448.939s][info][gc,start    ] GC(6106) Pause Young (Normal) (G1 Evacuation Pause)
[2025-01-08T23:22:58.573+0000][183448.939s][info][gc,task     ] GC(6106) Using 6 workers of 6 for evacuation
[2025-01-08T23:22:58.601+0000][183448.967s][info][gc,phases   ] GC(6106)   Pre Evacuate Collection Set: 0.2ms
[2025-01-08T23:22:58.601+0000][183448.967s][info][gc,phases   ] GC(6106)   Merge Heap Roots: 0.4ms
[2025-01-08T23:22:58.601+0000][183448.967s][info][gc,phases   ] GC(6106)   Evacuate Collection Set: 25.0ms
[2025-01-08T23:22:58.601+0000][183448.967s][info][gc,phases   ] GC(6106)   Post Evacuate Collection Set: 2.4ms
[2025-01-08T23:22:58.601+0000][183448.967s][info][gc,phases   ] GC(6106)   Other: 0.2ms
[2025-01-08T23:22:58.601+0000][183448.967s][info][gc,heap     ] GC(6106) Eden regions: 914->0(913)
[2025-01-08T23:22:58.601+0000][183448.967s][info][gc,heap     ] GC(6106) Survivor regions: 7->8(116)
[2025-01-08T23:22:58.601+0000][183448.967s][info][gc,heap     ] GC(6106) Old regions: 233->233
[2025-01-08T23:22:58.601+0000][183448.967s][info][gc,heap     ] GC(6106) Archive regions: 2->2
[2025-01-08T23:22:58.601+0000][183448.967s][info][gc,heap     ] GC(6106) Humongous regions: 49->49
[2025-01-08T23:22:58.601+0000][183448.967s][info][gc,metaspace] GC(6106) Metaspace: 524108K(533824K)->524108K(533824K) NonClass: 460244K(465088K)->460244K(465088K) Class: 63864K(68736K)->63864K(68736K)
[2025-01-08T23:22:58.601+0000][183448.967s][info][gc          ] GC(6106) Pause Young (Normal) (G1 Evacuation Pause) 9620M->2316M(12288M) 28.237ms
[2025-01-08T23:22:58.601+0000][183448.967s][info][gc,cpu      ] GC(6106) User=0.17s Sys=0.00s Real=0.02s
[2025-01-08T23:23:06.041+0000][183456.407s][info][gc,start    ] GC(6107) Pause Young (Concurrent Start) (G1 Evacuation Pause)
[2025-01-08T23:23:06.041+0000][183456.407s][info][gc,task     ] GC(6107) Using 6 workers of 6 for evacuation
[2025-01-08T23:23:06.075+0000][183456.442s][info][gc,phases   ] GC(6107)   Pre Evacuate Collection Set: 1.2ms
[2025-01-08T23:23:06.075+0000][183456.442s][info][gc,phases   ] GC(6107)   Merge Heap Roots: 0.5ms
[2025-01-08T23:23:06.076+0000][183456.442s][info][gc,phases   ] GC(6107)   Evacuate Collection Set: 27.6ms
[2025-01-08T23:23:06.076+0000][183456.442s][info][gc,phases   ] GC(6107)   Post Evacuate Collection Set: 5.3ms
[2025-01-08T23:23:06.076+0000][183456.442s][info][gc,phases   ] GC(6107)   Other: 0.3ms
[2025-01-08T23:23:06.076+0000][183456.442s][info][gc,heap     ] GC(6107) Eden regions: 913->0(911)
[2025-01-08T23:23:06.076+0000][183456.442s][info][gc,heap     ] GC(6107) Survivor regions: 8->10(116)
[2025-01-08T23:23:06.076+0000][183456.442s][info][gc,heap     ] GC(6107) Old regions: 233->233
[2025-01-08T23:23:06.076+0000][183456.442s][info][gc,heap     ] GC(6107) Archive regions: 2->2
[2025-01-08T23:23:06.076+0000][183456.442s][info][gc,heap     ] GC(6107) Humongous regions: 49->49
[2025-01-08T23:23:06.076+0000][183456.442s][info][gc,metaspace] GC(6107) Metaspace: 524108K(533824K)->524108K(533824K) NonClass: 460244K(465088K)->460244K(465088K) Class: 63864K(68736K)->63864K(68736K)
[2025-01-08T23:23:06.076+0000][183456.442s][info][gc          ] GC(6107) Pause Young (Concurrent Start) (G1 Evacuation Pause) 9620M->2334M(12288M) 35.018ms
[2025-01-08T23:23:06.076+0000][183456.442s][info][gc,cpu      ] GC(6107) User=0.19s Sys=0.01s Real=0.04s
[2025-01-08T23:23:06.076+0000][183456.442s][info][gc          ] GC(6108) Concurrent Mark Cycle
[2025-01-08T23:23:06.076+0000][183456.442s][info][gc,marking  ] GC(6108) Concurrent Clear Claimed Marks
[2025-01-08T23:23:06.077+0000][183456.443s][info][gc,marking  ] GC(6108) Concurrent Clear Claimed Marks 0.911ms
[2025-01-08T23:23:06.077+0000][183456.443s][info][gc,marking  ] GC(6108) Concurrent Scan Root Regions
[2025-01-08T23:23:06.101+0000][183456.467s][info][gc,marking  ] GC(6108) Concurrent Scan Root Regions 24.564ms
[2025-01-08T23:23:06.101+0000][183456.467s][info][gc,marking  ] GC(6108) Concurrent Mark
[2025-01-08T23:23:06.101+0000][183456.467s][info][gc,marking  ] GC(6108) Concurrent Mark From Roots
[2025-01-08T23:23:06.101+0000][183456.467s][info][gc,task     ] GC(6108) Using 2 workers of 2 for marking
[2025-01-08T23:23:07.047+0000][183457.413s][info][gc,marking  ] GC(6108) Concurrent Mark From Roots 946.191ms
[2025-01-08T23:23:07.047+0000][183457.414s][info][gc,marking  ] GC(6108) Concurrent Preclean
[2025-01-08T23:23:07.050+0000][183457.416s][info][gc,marking  ] GC(6108) Concurrent Preclean 2.604ms
[2025-01-08T23:23:07.050+0000][183457.416s][info][gc,start    ] GC(6108) Pause Remark
[2025-01-08T23:23:07.076+0000][183457.443s][info][gc          ] GC(6108) Pause Remark 3650M->3650M(12288M) 26.302ms
[2025-01-08T23:23:07.077+0000][183457.443s][info][gc,cpu      ] GC(6108) User=0.15s Sys=0.00s Real=0.02s
[2025-01-08T23:23:07.077+0000][183457.443s][info][gc,marking  ] GC(6108) Concurrent Mark 975.421ms
[2025-01-08T23:23:07.077+0000][183457.443s][info][gc,marking  ] GC(6108) Concurrent Rebuild Remembered Sets
[2025-01-08T23:23:07.669+0000][183458.035s][info][gc,marking  ] GC(6108) Concurrent Rebuild Remembered Sets 592.635ms
[2025-01-08T23:23:07.669+0000][183458.036s][info][gc,start    ] GC(6108) Pause Cleanup
[2025-01-08T23:23:07.670+0000][183458.036s][info][gc          ] GC(6108) Pause Cleanup 4186M->4186M(12288M) 0.459ms
[2025-01-08T23:23:07.670+0000][183458.036s][info][gc,cpu      ] GC(6108) User=0.01s Sys=0.00s Real=0.01s
[2025-01-08T23:23:07.670+0000][183458.036s][info][gc,marking  ] GC(6108) Concurrent Cleanup for Next Mark
[2025-01-08T23:23:07.698+0000][183458.064s][info][gc,marking  ] GC(6108) Concurrent Cleanup for Next Mark 28.078ms
[2025-01-08T23:23:07.698+0000][183458.064s][info][gc          ] GC(6108) Concurrent Mark Cycle 1622.458ms
[2025-01-08T23:23:12.858+0000][183463.224s][info][gc,start    ] GC(6109) Pause Young (Prepare Mixed) (G1 Evacuation Pause)
[2025-01-08T23:23:12.858+0000][183463.224s][info][gc,task     ] GC(6109) Using 6 workers of 6 for evacuation
[2025-01-08T23:23:12.896+0000][183463.262s][info][gc,phases   ] GC(6109)   Pre Evacuate Collection Set: 0.2ms
[2025-01-08T23:23:12.896+0000][183463.262s][info][gc,phases   ] GC(6109)   Merge Heap Roots: 0.7ms
[2025-01-08T23:23:12.896+0000][183463.262s][info][gc,phases   ] GC(6109)   Evacuate Collection Set: 32.5ms
[2025-01-08T23:23:12.896+0000][183463.262s][info][gc,phases   ] GC(6109)   Post Evacuate Collection Set: 4.0ms
[2025-01-08T23:23:12.896+0000][183463.262s][info][gc,phases   ] GC(6109)   Other: 0.2ms
[2025-01-08T23:23:12.896+0000][183463.262s][info][gc,heap     ] GC(6109) Eden regions: 911->0(65)
[2025-01-08T23:23:12.896+0000][183463.262s][info][gc,heap     ] GC(6109) Survivor regions: 10->11(116)
[2025-01-08T23:23:12.896+0000][183463.262s][info][gc,heap     ] GC(6109) Old regions: 233->233
[2025-01-08T23:23:12.896+0000][183463.262s][info][gc,heap     ] GC(6109) Archive regions: 2->2
[2025-01-08T23:23:12.896+0000][183463.262s][info][gc,heap     ] GC(6109) Humongous regions: 49->49
[2025-01-08T23:23:12.896+0000][183463.262s][info][gc,metaspace] GC(6109) Metaspace: 524108K(533824K)->524108K(533824K) NonClass: 460244K(465088K)->460244K(465088K) Class: 63864K(68736K)->63864K(68736K)
[2025-01-08T23:23:12.896+0000][183463.262s][info][gc          ] GC(6109) Pause Young (Prepare Mixed) (G1 Evacuation Pause) 9622M->2345M(12288M) 37.705ms
[2025-01-08T23:23:12.896+0000][183463.262s][info][gc,cpu      ] GC(6109) User=0.22s Sys=0.00s Real=0.04s
[2025-01-08T23:23:13.397+0000][183463.763s][info][gc,start    ] GC(6110) Pause Young (Mixed) (G1 Evacuation Pause)
[2025-01-08T23:23:13.397+0000][183463.763s][info][gc,task     ] GC(6110) Using 6 workers of 6 for evacuation
[2025-01-08T23:23:13.462+0000][183463.828s][info][gc,phases   ] GC(6110)   Pre Evacuate Collection Set: 0.2ms
[2025-01-08T23:23:13.462+0000][183463.828s][info][gc,phases   ] GC(6110)   Merge Heap Roots: 0.7ms
[2025-01-08T23:23:13.462+0000][183463.828s][info][gc,phases   ] GC(6110)   Evacuate Collection Set: 62.0ms
[2025-01-08T23:23:13.462+0000][183463.828s][info][gc,phases   ] GC(6110)   Post Evacuate Collection Set: 1.6ms
[2025-01-08T23:23:13.462+0000][183463.828s][info][gc,phases   ] GC(6110)   Other: 0.2ms
[2025-01-08T23:23:13.462+0000][183463.828s][info][gc,heap     ] GC(6110) Eden regions: 65->0(916)
[2025-01-08T23:23:13.462+0000][183463.828s][info][gc,heap     ] GC(6110) Survivor regions: 11->5(10)
[2025-01-08T23:23:13.462+0000][183463.828s][info][gc,heap     ] GC(6110) Old regions: 233->233
[2025-01-08T23:23:13.462+0000][183463.828s][info][gc,heap     ] GC(6110) Archive regions: 2->2
[2025-01-08T23:23:13.462+0000][183463.828s][info][gc,heap     ] GC(6110) Humongous regions: 49->49
[2025-01-08T23:23:13.462+0000][183463.828s][info][gc,metaspace] GC(6110) Metaspace: 524108K(533824K)->524108K(533824K) NonClass: 460244K(465088K)->460244K(465088K) Class: 63864K(68736K)->63864K(68736K)
[2025-01-08T23:23:13.462+0000][183463.828s][info][gc          ] GC(6110) Pause Young (Mixed) (G1 Evacuation Pause) 2865M->2295M(12288M) 64.825ms
[2025-01-08T23:23:13.462+0000][183463.828s][info][gc,cpu      ] GC(6110) User=0.37s Sys=0.00s Real=0.07s
[2025-01-08T23:23:21.296+0000][183471.662s][info][gc,start    ] GC(6111) Pause Young (Normal) (G1 Evacuation Pause)
[2025-01-08T23:23:21.296+0000][183471.662s][info][gc,task     ] GC(6111) Using 6 workers of 6 for evacuation
[2025-01-08T23:23:21.322+0000][183471.688s][info][gc,phases   ] GC(6111)   Pre Evacuate Collection Set: 0.2ms
[2025-01-08T23:23:21.322+0000][183471.688s][info][gc,phases   ] GC(6111)   Merge Heap Roots: 0.4ms
[2025-01-08T23:23:21.322+0000][183471.688s][info][gc,phases   ] GC(6111)   Evacuate Collection Set: 23.1ms
[2025-01-08T23:23:21.322+0000][183471.688s][info][gc,phases   ] GC(6111)   Post Evacuate Collection Set: 2.5ms
[2025-01-08T23:23:21.322+0000][183471.688s][info][gc,phases   ] GC(6111)   Other: 0.2ms
[2025-01-08T23:23:21.322+0000][183471.688s][info][gc,heap     ] GC(6111) Eden regions: 916->0(915)
[2025-01-08T23:23:21.322+0000][183471.688s][info][gc,heap     ] GC(6111) Survivor regions: 5->6(116)
[2025-01-08T23:23:21.322+0000][183471.688s][info][gc,heap     ] GC(6111) Old regions: 233->233
[2025-01-08T23:23:21.322+0000][183471.688s][info][gc,heap     ] GC(6111) Archive regions: 2->2
[2025-01-08T23:23:21.322+0000][183471.688s][info][gc,heap     ] GC(6111) Humongous regions: 49->49
[2025-01-08T23:23:21.322+0000][183471.688s][info][gc,metaspace] GC(6111) Metaspace: 524108K(533824K)->524108K(533824K) NonClass: 460244K(465088K)->460244K(465088K) Class: 63864K(68736K)->63864K(68736K)
[2025-01-08T23:23:21.322+0000][183471.688s][info][gc          ] GC(6111) Pause Young (Normal) (G1 Evacuation Pause) 9623M->2306M(12288M) 26.519ms
[2025-01-08T23:23:21.322+0000][183471.688s][info][gc,cpu      ] GC(6111) User=0.15s Sys=0.00s Real=0.03s
[2025-01-08T23:23:34.373+0000][183484.739s][info][gc,start    ] GC(6112) Pause Young (Normal) (G1 Evacuation Pause)
[2025-01-08T23:23:34.373+0000][183484.739s][info][gc,task     ] GC(6112) Using 6 workers of 6 for evacuation
[2025-01-08T23:23:34.406+0000][183484.772s][info][gc,phases   ] GC(6112)   Pre Evacuate Collection Set: 0.2ms
[2025-01-08T23:23:34.406+0000][183484.772s][info][gc,phases   ] GC(6112)   Merge Heap Roots: 0.4ms
[2025-01-08T23:23:34.406+0000][183484.772s][info][gc,phases   ] GC(6112)   Evacuate Collection Set: 29.2ms
[2025-01-08T23:23:34.406+0000][183484.772s][info][gc,phases   ] GC(6112)   Post Evacuate Collection Set: 2.6ms
[2025-01-08T23:23:34.406+0000][183484.772s][info][gc,phases   ] GC(6112)   Other: 0.2ms
[2025-01-08T23:23:34.406+0000][183484.772s][info][gc,heap     ] GC(6112) Eden regions: 915->0(913)
[2025-01-08T23:23:34.406+0000][183484.772s][info][gc,heap     ] GC(6112) Survivor regions: 6->8(116)
[2025-01-08T23:23:34.406+0000][183484.772s][info][gc,heap     ] GC(6112) Old regions: 233->233
[2025-01-08T23:23:34.406+0000][183484.772s][info][gc,heap     ] GC(6112) Archive regions: 2->2
[2025-01-08T23:23:34.406+0000][183484.772s][info][gc,heap     ] GC(6112) Humongous regions: 49->49
[2025-01-08T23:23:34.406+0000][183484.772s][info][gc,metaspace] GC(6112) Metaspace: 524108K(533824K)->524108K(533824K) NonClass: 460244K(465088K)->460244K(465088K) Class: 63864K(68736K)->63864K(68736K)
[2025-01-08T23:23:34.406+0000][183484.772s][info][gc          ] GC(6112) Pause Young (Normal) (G1 Evacuation Pause) 9626M->2322M(12288M) 32.725ms
[2025-01-08T23:23:34.406+0000][183484.772s][info][gc,cpu      ] GC(6112) User=0.19s Sys=0.00s Real=0.03s
[2025-01-08T23:23:41.270+0000][183491.636s][info][gc,start    ] GC(6113) Pause Young (Concurrent Start) (G1 Evacuation Pause)
[2025-01-08T23:23:41.270+0000][183491.636s][info][gc,task     ] GC(6113) Using 6 workers of 6 for evacuation
[2025-01-08T23:23:41.304+0000][183491.670s][info][gc,phases   ] GC(6113)   Pre Evacuate Collection Set: 1.2ms
[2025-01-08T23:23:41.304+0000][183491.670s][info][gc,phases   ] GC(6113)   Merge Heap Roots: 0.5ms
[2025-01-08T23:23:41.304+0000][183491.670s][info][gc,phases   ] GC(6113)   Evacuate Collection Set: 29.9ms
[2025-01-08T23:23:41.304+0000][183491.670s][info][gc,phases   ] GC(6113)   Post Evacuate Collection Set: 2.4ms
[2025-01-08T23:23:41.304+0000][183491.670s][info][gc,phases   ] GC(6113)   Other: 0.3ms
[2025-01-08T23:23:41.304+0000][183491.670s][info][gc,heap     ] GC(6113) Eden regions: 913->0(913)
[2025-01-08T23:23:41.304+0000][183491.670s][info][gc,heap     ] GC(6113) Survivor regions: 8->8(116)
[2025-01-08T23:23:41.304+0000][183491.670s][info][gc,heap     ] GC(6113) Old regions: 233->233
[2025-01-08T23:23:41.304+0000][183491.670s][info][gc,heap     ] GC(6113) Archive regions: 2->2
[2025-01-08T23:23:41.304+0000][183491.670s][info][gc,heap     ] GC(6113) Humongous regions: 49->49
[2025-01-08T23:23:41.304+0000][183491.670s][info][gc,metaspace] GC(6113) Metaspace: 524108K(533824K)->524108K(533824K) NonClass: 460244K(465088K)->460244K(465088K) Class: 63864K(68736K)->63864K(68736K)
[2025-01-08T23:23:41.304+0000][183491.670s][info][gc          ] GC(6113) Pause Young (Concurrent Start) (G1 Evacuation Pause) 9626M->2322M(12288M) 34.328ms
[2025-01-08T23:23:41.304+0000][183491.670s][info][gc,cpu      ] GC(6113) User=0.19s Sys=0.00s Real=0.03s
[2025-01-08T23:23:41.304+0000][183491.670s][info][gc          ] GC(6114) Concurrent Mark Cycle
[2025-01-08T23:23:41.304+0000][183491.670s][info][gc,marking  ] GC(6114) Concurrent Clear Claimed Marks
[2025-01-08T23:23:41.305+0000][183491.671s][info][gc,marking  ] GC(6114) Concurrent Clear Claimed Marks 0.936ms
[2025-01-08T23:23:41.305+0000][183491.671s][info][gc,marking  ] GC(6114) Concurrent Scan Root Regions
[2025-01-08T23:23:41.330+0000][183491.696s][info][gc,marking  ] GC(6114) Concurrent Scan Root Regions 24.757ms
[2025-01-08T23:23:41.330+0000][183491.696s][info][gc,marking  ] GC(6114) Concurrent Mark
[2025-01-08T23:23:41.330+0000][183491.696s][info][gc,marking  ] GC(6114) Concurrent Mark From Roots
[2025-01-08T23:23:41.330+0000][183491.696s][info][gc,task     ] GC(6114) Using 2 workers of 2 for marking
[2025-01-08T23:23:42.184+0000][183492.550s][info][gc,marking  ] GC(6114) Concurrent Mark From Roots 854.314ms
[2025-01-08T23:23:42.184+0000][183492.550s][info][gc,marking  ] GC(6114) Concurrent Preclean
[2025-01-08T23:23:42.188+0000][183492.554s][info][gc,marking  ] GC(6114) Concurrent Preclean 3.380ms
[2025-01-08T23:23:42.188+0000][183492.554s][info][gc,start    ] GC(6114) Pause Remark
[2025-01-08T23:23:42.214+0000][183492.580s][info][gc          ] GC(6114) Pause Remark 3522M->3522M(12288M) 25.757ms
[2025-01-08T23:23:42.214+0000][183492.580s][info][gc,cpu      ] GC(6114) User=0.14s Sys=0.01s Real=0.03s
[2025-01-08T23:23:42.214+0000][183492.580s][info][gc,marking  ] GC(6114) Concurrent Mark 883.817ms
[2025-01-08T23:23:42.214+0000][183492.580s][info][gc,marking  ] GC(6114) Concurrent Rebuild Remembered Sets
[2025-01-08T23:23:42.862+0000][183493.228s][info][gc,marking  ] GC(6114) Concurrent Rebuild Remembered Sets 648.554ms
[2025-01-08T23:23:42.862+0000][183493.229s][info][gc,start    ] GC(6114) Pause Cleanup
[2025-01-08T23:23:42.863+0000][183493.229s][info][gc          ] GC(6114) Pause Cleanup 4546M->4546M(12288M) 0.415ms
[2025-01-08T23:23:42.863+0000][183493.229s][info][gc,cpu      ] GC(6114) User=0.00s Sys=0.00s Real=0.00s
[2025-01-08T23:23:42.863+0000][183493.229s][info][gc,marking  ] GC(6114) Concurrent Cleanup for Next Mark
[2025-01-08T23:23:42.879+0000][183493.245s][info][gc,marking  ] GC(6114) Concurrent Cleanup for Next Mark 15.859ms
[2025-01-08T23:23:42.879+0000][183493.245s][info][gc          ] GC(6114) Concurrent Mark Cycle 1574.726ms
[2025-01-08T23:23:46.740+0000][183497.106s][info][gc,start    ] GC(6115) Pause Young (Prepare Mixed) (G1 Evacuation Pause)
[2025-01-08T23:23:46.740+0000][183497.106s][info][gc,task     ] GC(6115) Using 6 workers of 6 for evacuation
[2025-01-08T23:23:46.779+0000][183497.145s][info][gc,phases   ] GC(6115)   Pre Evacuate Collection Set: 0.2ms
[2025-01-08T23:23:46.779+0000][183497.145s][info][gc,phases   ] GC(6115)   Merge Heap Roots: 0.7ms
[2025-01-08T23:23:46.779+0000][183497.145s][info][gc,phases   ] GC(6115)   Evacuate Collection Set: 35.0ms
[2025-01-08T23:23:46.779+0000][183497.145s][info][gc,phases   ] GC(6115)   Post Evacuate Collection Set: 2.6ms
[2025-01-08T23:23:46.779+0000][183497.145s][info][gc,phases   ] GC(6115)   Other: 0.2ms
[2025-01-08T23:23:46.779+0000][183497.145s][info][gc,heap     ] GC(6115) Eden regions: 913->0(65)
[2025-01-08T23:23:46.779+0000][183497.145s][info][gc,heap     ] GC(6115) Survivor regions: 8->11(116)
[2025-01-08T23:23:46.779+0000][183497.145s][info][gc,heap     ] GC(6115) Old regions: 233->233
[2025-01-08T23:23:46.779+0000][183497.145s][info][gc,heap     ] GC(6115) Archive regions: 2->2
[2025-01-08T23:23:46.779+0000][183497.145s][info][gc,heap     ] GC(6115) Humongous regions: 49->49
[2025-01-08T23:23:46.779+0000][183497.145s][info][gc,metaspace] GC(6115) Metaspace: 524108K(533824K)->524108K(533824K) NonClass: 460244K(465088K)->460244K(465088K) Class: 63864K(68736K)->63864K(68736K)
[2025-01-08T23:23:46.779+0000][183497.145s][info][gc          ] GC(6115) Pause Young (Prepare Mixed) (G1 Evacuation Pause) 9626M->2344M(12288M) 38.796ms
[2025-01-08T23:23:46.779+0000][183497.145s][info][gc,cpu      ] GC(6115) User=0.23s Sys=0.00s Real=0.04s
[2025-01-08T23:23:47.046+0000][183497.412s][info][gc,start    ] GC(6116) Pause Young (Mixed) (G1 Evacuation Pause)
[2025-01-08T23:23:47.046+0000][183497.412s][info][gc,task     ] GC(6116) Using 6 workers of 6 for evacuation
[2025-01-08T23:23:47.132+0000][183497.498s][info][gc,phases   ] GC(6116)   Pre Evacuate Collection Set: 0.2ms
[2025-01-08T23:23:47.132+0000][183497.498s][info][gc,phases   ] GC(6116)   Merge Heap Roots: 1.1ms
[2025-01-08T23:23:47.132+0000][183497.498s][info][gc,phases   ] GC(6116)   Evacuate Collection Set: 82.6ms
[2025-01-08T23:23:47.132+0000][183497.498s][info][gc,phases   ] GC(6116)   Post Evacuate Collection Set: 2.2ms
[2025-01-08T23:23:47.132+0000][183497.498s][info][gc,phases   ] GC(6116)   Other: 0.2ms
[2025-01-08T23:23:47.132+0000][183497.498s][info][gc,heap     ] GC(6116) Eden regions: 65->0(916)
[2025-01-08T23:23:47.132+0000][183497.498s][info][gc,heap     ] GC(6116) Survivor regions: 11->5(10)
[2025-01-08T23:23:47.132+0000][183497.498s][info][gc,heap     ] GC(6116) Old regions: 233->234
[2025-01-08T23:23:47.132+0000][183497.498s][info][gc,heap     ] GC(6116) Archive regions: 2->2
[2025-01-08T23:23:47.132+0000][183497.498s][info][gc,heap     ] GC(6116) Humongous regions: 49->49
[2025-01-08T23:23:47.132+0000][183497.498s][info][gc,metaspace] GC(6116) Metaspace: 524108K(533824K)->524108K(533824K) NonClass: 460244K(465088K)->460244K(465088K) Class: 63864K(68736K)->63864K(68736K)
[2025-01-08T23:23:47.132+0000][183497.498s][info][gc          ] GC(6116) Pause Young (Mixed) (G1 Evacuation Pause) 2864M->2310M(12288M) 86.358ms
[2025-01-08T23:23:47.132+0000][183497.498s][info][gc,cpu      ] GC(6116) User=0.50s Sys=0.00s Real=0.09s
[2025-01-08T23:23:54.009+0000][183504.375s][info][gc,start    ] GC(6117) Pause Young (Normal) (G1 Evacuation Pause)
[2025-01-08T23:23:54.009+0000][183504.375s][info][gc,task     ] GC(6117) Using 6 workers of 6 for evacuation
[2025-01-08T23:23:54.033+0000][183504.399s][info][gc,phases   ] GC(6117)   Pre Evacuate Collection Set: 0.2ms
[2025-01-08T23:23:54.033+0000][183504.399s][info][gc,phases   ] GC(6117)   Merge Heap Roots: 0.4ms
[2025-01-08T23:23:54.033+0000][183504.399s][info][gc,phases   ] GC(6117)   Evacuate Collection Set: 19.2ms
[2025-01-08T23:23:54.033+0000][183504.399s][info][gc,phases   ] GC(6117)   Post Evacuate Collection Set: 3.7ms
[2025-01-08T23:23:54.033+0000][183504.399s][info][gc,phases   ] GC(6117)   Other: 0.2ms
[2025-01-08T23:23:54.033+0000][183504.399s][info][gc,heap     ] GC(6117) Eden regions: 916->0(915)
[2025-01-08T23:23:54.033+0000][183504.399s][info][gc,heap     ] GC(6117) Survivor regions: 5->6(116)
[2025-01-08T23:23:54.033+0000][183504.399s][info][gc,heap     ] GC(6117) Old regions: 234->234
[2025-01-08T23:23:54.033+0000][183504.399s][info][gc,heap     ] GC(6117) Archive regions: 2->2
[2025-01-08T23:23:54.033+0000][183504.399s][info][gc,heap     ] GC(6117) Humongous regions: 49->49
[2025-01-08T23:23:54.033+0000][183504.399s][info][gc,metaspace] GC(6117) Metaspace: 524108K(533824K)->524108K(533824K) NonClass: 460244K(465088K)->460244K(465088K) Class: 63864K(68736K)->63864K(68736K)
[2025-01-08T23:23:54.033+0000][183504.399s][info][gc          ] GC(6117) Pause Young (Normal) (G1 Evacuation Pause) 9638M->2316M(12288M) 23.841ms
[2025-01-08T23:23:54.033+0000][183504.399s][info][gc,cpu      ] GC(6117) User=0.13s Sys=0.02s Real=0.03s
[2025-01-08T23:24:00.125+0000][183510.491s][info][gc,start    ] GC(6118) Pause Young (Normal) (G1 Evacuation Pause)
[2025-01-08T23:24:00.125+0000][183510.491s][info][gc,task     ] GC(6118) Using 6 workers of 6 for evacuation
[2025-01-08T23:24:00.149+0000][183510.515s][info][gc,phases   ] GC(6118)   Pre Evacuate Collection Set: 0.2ms
[2025-01-08T23:24:00.149+0000][183510.515s][info][gc,phases   ] GC(6118)   Merge Heap Roots: 0.4ms
[2025-01-08T23:24:00.149+0000][183510.515s][info][gc,phases   ] GC(6118)   Evacuate Collection Set: 19.8ms
[2025-01-08T23:24:00.149+0000][183510.515s][info][gc,phases   ] GC(6118)   Post Evacuate Collection Set: 3.8ms
[2025-01-08T23:24:00.149+0000][183510.515s][info][gc,phases   ] GC(6118)   Other: 0.2ms
[2025-01-08T23:24:00.149+0000][183510.515s][info][gc,heap     ] GC(6118) Eden regions: 915->0(914)
[2025-01-08T23:24:00.149+0000][183510.515s][info][gc,heap     ] GC(6118) Survivor regions: 6->7(116)
[2025-01-08T23:24:00.149+0000][183510.515s][info][gc,heap     ] GC(6118) Old regions: 234->234
[2025-01-08T23:24:00.149+0000][183510.515s][info][gc,heap     ] GC(6118) Archive regions: 2->2
[2025-01-08T23:24:00.149+0000][183510.515s][info][gc,heap     ] GC(6118) Humongous regions: 49->49
[2025-01-08T23:24:00.149+0000][183510.515s][info][gc,metaspace] GC(6118) Metaspace: 524108K(533824K)->524108K(533824K) NonClass: 460244K(465088K)->460244K(465088K) Class: 63864K(68736K)->63864K(68736K)
[2025-01-08T23:24:00.149+0000][183510.515s][info][gc          ] GC(6118) Pause Young (Normal) (G1 Evacuation Pause) 9636M->2323M(12288M) 24.559ms
[2025-01-08T23:24:00.149+0000][183510.515s][info][gc,cpu      ] GC(6118) User=0.14s Sys=0.00s Real=0.02s
[2025-01-08T23:24:07.620+0000][183517.986s][info][gc,start    ] GC(6119) Pause Young (Concurrent Start) (G1 Evacuation Pause)
[2025-01-08T23:24:07.620+0000][183517.986s][info][gc,task     ] GC(6119) Using 6 workers of 6 for evacuation
[2025-01-08T23:24:07.652+0000][183518.018s][info][gc,phases   ] GC(6119)   Pre Evacuate Collection Set: 1.2ms
[2025-01-08T23:24:07.652+0000][183518.018s][info][gc,phases   ] GC(6119)   Merge Heap Roots: 0.4ms
[2025-01-08T23:24:07.652+0000][183518.018s][info][gc,phases   ] GC(6119)   Evacuate Collection Set: 26.3ms
[2025-01-08T23:24:07.652+0000][183518.018s][info][gc,phases   ] GC(6119)   Post Evacuate Collection Set: 3.9ms
[2025-01-08T23:24:07.652+0000][183518.018s][info][gc,phases   ] GC(6119)   Other: 0.3ms
[2025-01-08T23:24:07.652+0000][183518.018s][info][gc,heap     ] GC(6119) Eden regions: 914->0(913)
[2025-01-08T23:24:07.652+0000][183518.018s][info][gc,heap     ] GC(6119) Survivor regions: 7->8(116)
[2025-01-08T23:24:07.652+0000][183518.018s][info][gc,heap     ] GC(6119) Old regions: 234->234
[2025-01-08T23:24:07.652+0000][183518.018s][info][gc,heap     ] GC(6119) Archive regions: 2->2
[2025-01-08T23:24:07.652+0000][183518.018s][info][gc,heap     ] GC(6119) Humongous regions: 49->49
[2025-01-08T23:24:07.652+0000][183518.018s][info][gc,metaspace] GC(6119) Metaspace: 524108K(533824K)->524108K(533824K) NonClass: 460244K(465088K)->460244K(465088K) Class: 63864K(68736K)->63864K(68736K)
[2025-01-08T23:24:07.652+0000][183518.018s][info][gc          ] GC(6119) Pause Young (Concurrent Start) (G1 Evacuation Pause) 9635M->2334M(12288M) 32.141ms
[2025-01-08T23:24:07.652+0000][183518.018s][info][gc,cpu      ] GC(6119) User=0.18s Sys=0.00s Real=0.04s
[2025-01-08T23:24:07.652+0000][183518.019s][info][gc          ] GC(6120) Concurrent Mark Cycle
[2025-01-08T23:24:07.652+0000][183518.019s][info][gc,marking  ] GC(6120) Concurrent Clear Claimed Marks
[2025-01-08T23:24:07.653+0000][183518.019s][info][gc,marking  ] GC(6120) Concurrent Clear Claimed Marks 0.929ms
[2025-01-08T23:24:07.653+0000][183518.019s][info][gc,marking  ] GC(6120) Concurrent Scan Root Regions
[2025-01-08T23:24:07.676+0000][183518.042s][info][gc,marking  ] GC(6120) Concurrent Scan Root Regions 22.848ms
[2025-01-08T23:24:07.676+0000][183518.042s][info][gc,marking  ] GC(6120) Concurrent Mark
[2025-01-08T23:24:07.676+0000][183518.042s][info][gc,marking  ] GC(6120) Concurrent Mark From Roots
[2025-01-08T23:24:07.676+0000][183518.042s][info][gc,task     ] GC(6120) Using 2 workers of 2 for marking
[2025-01-08T23:24:08.651+0000][183519.017s][info][gc,marking  ] GC(6120) Concurrent Mark From Roots 974.503ms
[2025-01-08T23:24:08.651+0000][183519.017s][info][gc,marking  ] GC(6120) Concurrent Preclean
[2025-01-08T23:24:08.653+0000][183519.019s][info][gc,marking  ] GC(6120) Concurrent Preclean 2.499ms
[2025-01-08T23:24:08.653+0000][183519.020s][info][gc,start    ] GC(6120) Pause Remark
[2025-01-08T23:24:08.680+0000][183519.046s][info][gc          ] GC(6120) Pause Remark 3374M->3374M(12288M) 26.218ms
[2025-01-08T23:24:08.680+0000][183519.046s][info][gc,cpu      ] GC(6120) User=0.15s Sys=0.00s Real=0.02s
[2025-01-08T23:24:08.680+0000][183519.046s][info][gc,marking  ] GC(6120) Concurrent Mark 1003.549ms
[2025-01-08T23:24:08.680+0000][183519.046s][info][gc,marking  ] GC(6120) Concurrent Rebuild Remembered Sets
[2025-01-08T23:24:09.214+0000][183519.581s][info][gc,marking  ] GC(6120) Concurrent Rebuild Remembered Sets 534.579ms
[2025-01-08T23:24:09.215+0000][183519.581s][info][gc,start    ] GC(6120) Pause Cleanup
[2025-01-08T23:24:09.215+0000][183519.581s][info][gc          ] GC(6120) Pause Cleanup 3742M->3742M(12288M) 0.476ms
[2025-01-08T23:24:09.215+0000][183519.581s][info][gc,cpu      ] GC(6120) User=0.00s Sys=0.00s Real=0.00s
[2025-01-08T23:24:09.215+0000][183519.581s][info][gc,marking  ] GC(6120) Concurrent Cleanup for Next Mark
[2025-01-08T23:24:09.242+0000][183519.608s][info][gc,marking  ] GC(6120) Concurrent Cleanup for Next Mark 27.248ms
[2025-01-08T23:24:09.242+0000][183519.609s][info][gc          ] GC(6120) Concurrent Mark Cycle 1590.016ms
[2025-01-08T23:24:15.182+0000][183525.548s][info][gc,start    ] GC(6121) Pause Young (Prepare Mixed) (G1 Evacuation Pause)
[2025-01-08T23:24:15.182+0000][183525.548s][info][gc,task     ] GC(6121) Using 6 workers of 6 for evacuation
[2025-01-08T23:24:15.219+0000][183525.585s][info][gc,phases   ] GC(6121)   Pre Evacuate Collection Set: 0.2ms
[2025-01-08T23:24:15.219+0000][183525.585s][info][gc,phases   ] GC(6121)   Merge Heap Roots: 0.7ms
[2025-01-08T23:24:15.219+0000][183525.585s][info][gc,phases   ] GC(6121)   Evacuate Collection Set: 32.9ms
[2025-01-08T23:24:15.219+0000][183525.585s][info][gc,phases   ] GC(6121)   Post Evacuate Collection Set: 2.7ms
[2025-01-08T23:24:15.219+0000][183525.585s][info][gc,phases   ] GC(6121)   Other: 0.2ms
[2025-01-08T23:24:15.219+0000][183525.585s][info][gc,heap     ] GC(6121) Eden regions: 913->0(66)
[2025-01-08T23:24:15.219+0000][183525.585s][info][gc,heap     ] GC(6121) Survivor regions: 8->10(116)
[2025-01-08T23:24:15.219+0000][183525.585s][info][gc,heap     ] GC(6121) Old regions: 234->234
[2025-01-08T23:24:15.219+0000][183525.585s][info][gc,heap     ] GC(6121) Archive regions: 2->2
[2025-01-08T23:24:15.219+0000][183525.585s][info][gc,heap     ] GC(6121) Humongous regions: 49->49
[2025-01-08T23:24:15.219+0000][183525.585s][info][gc,metaspace] GC(6121) Metaspace: 524108K(533824K)->524108K(533824K) NonClass: 460244K(465088K)->460244K(465088K) Class: 63864K(68736K)->63864K(68736K)
[2025-01-08T23:24:15.219+0000][183525.585s][info][gc          ] GC(6121) Pause Young (Prepare Mixed) (G1 Evacuation Pause) 9638M->2346M(12288M) 36.827ms
[2025-01-08T23:24:15.219+0000][183525.585s][info][gc,cpu      ] GC(6121) User=0.22s Sys=0.00s Real=0.03s
[2025-01-08T23:24:15.721+0000][183526.087s][info][gc,start    ] GC(6122) Pause Young (Mixed) (G1 Evacuation Pause)
[2025-01-08T23:24:15.721+0000][183526.087s][info][gc,task     ] GC(6122) Using 6 workers of 6 for evacuation
[2025-01-08T23:24:15.761+0000][183526.127s][info][gc,phases   ] GC(6122)   Pre Evacuate Collection Set: 0.2ms
[2025-01-08T23:24:15.761+0000][183526.127s][info][gc,phases   ] GC(6122)   Merge Heap Roots: 0.4ms
[2025-01-08T23:24:15.761+0000][183526.127s][info][gc,phases   ] GC(6122)   Evacuate Collection Set: 38.4ms
[2025-01-08T23:24:15.761+0000][183526.127s][info][gc,phases   ] GC(6122)   Post Evacuate Collection Set: 1.6ms
[2025-01-08T23:24:15.761+0000][183526.127s][info][gc,phases   ] GC(6122)   Other: 0.2ms
[2025-01-08T23:24:15.761+0000][183526.127s][info][gc,heap     ] GC(6122) Eden regions: 66->0(915)
[2025-01-08T23:24:15.761+0000][183526.127s][info][gc,heap     ] GC(6122) Survivor regions: 10->6(10)
[2025-01-08T23:24:15.761+0000][183526.127s][info][gc,heap     ] GC(6122) Old regions: 234->231
[2025-01-08T23:24:15.761+0000][183526.127s][info][gc,heap     ] GC(6122) Archive regions: 2->2
[2025-01-08T23:24:15.761+0000][183526.127s][info][gc,heap     ] GC(6122) Humongous regions: 49->49
[2025-01-08T23:24:15.761+0000][183526.127s][info][gc,metaspace] GC(6122) Metaspace: 524108K(533824K)->524108K(533824K) NonClass: 460244K(465088K)->460244K(465088K) Class: 63864K(68736K)->63864K(68736K)
[2025-01-08T23:24:15.761+0000][183526.127s][info][gc          ] GC(6122) Pause Young (Mixed) (G1 Evacuation Pause) 2874M->2290M(12288M) 40.739ms
[2025-01-08T23:24:15.761+0000][183526.128s][info][gc,cpu      ] GC(6122) User=0.23s Sys=0.01s Real=0.04s
[2025-01-08T23:24:23.219+0000][183533.585s][info][gc,start    ] GC(6123) Pause Young (Normal) (G1 Evacuation Pause)
[2025-01-08T23:24:23.219+0000][183533.586s][info][gc,task     ] GC(6123) Using 6 workers of 6 for evacuation
[2025-01-08T23:24:23.246+0000][183533.612s][info][gc,phases   ] GC(6123)   Pre Evacuate Collection Set: 0.2ms
[2025-01-08T23:24:23.246+0000][183533.612s][info][gc,phases   ] GC(6123)   Merge Heap Roots: 0.4ms
[2025-01-08T23:24:23.246+0000][183533.612s][info][gc,phases   ] GC(6123)   Evacuate Collection Set: 23.6ms
[2025-01-08T23:24:23.246+0000][183533.612s][info][gc,phases   ] GC(6123)   Post Evacuate Collection Set: 2.5ms
[2025-01-08T23:24:23.246+0000][183533.612s][info][gc,phases   ] GC(6123)   Other: 0.2ms
[2025-01-08T23:24:23.246+0000][183533.612s][info][gc,heap     ] GC(6123) Eden regions: 915->0(915)
[2025-01-08T23:24:23.246+0000][183533.612s][info][gc,heap     ] GC(6123) Survivor regions: 6->6(116)
[2025-01-08T23:24:23.246+0000][183533.612s][info][gc,heap     ] GC(6123) Old regions: 231->231
[2025-01-08T23:24:23.246+0000][183533.612s][info][gc,heap     ] GC(6123) Archive regions: 2->2
[2025-01-08T23:24:23.246+0000][183533.612s][info][gc,heap     ] GC(6123) Humongous regions: 49->49
[2025-01-08T23:24:23.246+0000][183533.612s][info][gc,metaspace] GC(6123) Metaspace: 524108K(533824K)->524108K(533824K) NonClass: 460244K(465088K)->460244K(465088K) Class: 63864K(68736K)->63864K(68736K)
[2025-01-08T23:24:23.246+0000][183533.612s][info][gc          ] GC(6123) Pause Young (Normal) (G1 Evacuation Pause) 9610M->2291M(12288M) 27.030ms
[2025-01-08T23:24:23.246+0000][183533.613s][info][gc,cpu      ] GC(6123) User=0.16s Sys=0.00s Real=0.03s
[2025-01-08T23:24:31.357+0000][183541.723s][info][gc,start    ] GC(6124) Pause Young (Normal) (G1 Evacuation Pause)
[2025-01-08T23:24:31.357+0000][183541.723s][info][gc,task     ] GC(6124) Using 6 workers of 6 for evacuation
[2025-01-08T23:24:31.386+0000][183541.752s][info][gc,phases   ] GC(6124)   Pre Evacuate Collection Set: 0.2ms
[2025-01-08T23:24:31.386+0000][183541.752s][info][gc,phases   ] GC(6124)   Merge Heap Roots: 0.4ms
[2025-01-08T23:24:31.386+0000][183541.752s][info][gc,phases   ] GC(6124)   Evacuate Collection Set: 26.1ms
[2025-01-08T23:24:31.386+0000][183541.752s][info][gc,phases   ] GC(6124)   Post Evacuate Collection Set: 2.3ms
[2025-01-08T23:24:31.386+0000][183541.752s][info][gc,phases   ] GC(6124)   Other: 0.2ms
[2025-01-08T23:24:31.386+0000][183541.752s][info][gc,heap     ] GC(6124) Eden regions: 915->0(915)
[2025-01-08T23:24:31.386+0000][183541.752s][info][gc,heap     ] GC(6124) Survivor regions: 6->6(116)
[2025-01-08T23:24:31.386+0000][183541.752s][info][gc,heap     ] GC(6124) Old regions: 231->231
[2025-01-08T23:24:31.386+0000][183541.752s][info][gc,heap     ] GC(6124) Archive regions: 2->2
[2025-01-08T23:24:31.386+0000][183541.752s][info][gc,heap     ] GC(6124) Humongous regions: 49->49
[2025-01-08T23:24:31.386+0000][183541.752s][info][gc,metaspace] GC(6124) Metaspace: 524108K(533824K)->524108K(533824K) NonClass: 460244K(465088K)->460244K(465088K) Class: 63864K(68736K)->63864K(68736K)
[2025-01-08T23:24:31.386+0000][183541.752s][info][gc          ] GC(6124) Pause Young (Normal) (G1 Evacuation Pause) 9611M->2290M(12288M) 29.395ms
[2025-01-08T23:24:31.386+0000][183541.752s][info][gc,cpu      ] GC(6124) User=0.18s Sys=0.00s Real=0.03s
[2025-01-08T23:24:41.184+0000][183551.550s][info][gc,start    ] GC(6125) Pause Young (Concurrent Start) (G1 Evacuation Pause)
[2025-01-08T23:24:41.184+0000][183551.550s][info][gc,task     ] GC(6125) Using 6 workers of 6 for evacuation
[2025-01-08T23:24:41.223+0000][183551.589s][info][gc,phases   ] GC(6125)   Pre Evacuate Collection Set: 1.2ms
[2025-01-08T23:24:41.223+0000][183551.589s][info][gc,phases   ] GC(6125)   Merge Heap Roots: 0.5ms
[2025-01-08T23:24:41.223+0000][183551.589s][info][gc,phases   ] GC(6125)   Evacuate Collection Set: 34.6ms
[2025-01-08T23:24:41.223+0000][183551.589s][info][gc,phases   ] GC(6125)   Post Evacuate Collection Set: 2.8ms
[2025-01-08T23:24:41.223+0000][183551.589s][info][gc,phases   ] GC(6125)   Other: 0.3ms
[2025-01-08T23:24:41.223+0000][183551.589s][info][gc,heap     ] GC(6125) Eden regions: 915->0(911)
[2025-01-08T23:24:41.223+0000][183551.589s][info][gc,heap     ] GC(6125) Survivor regions: 6->10(116)
[2025-01-08T23:24:41.223+0000][183551.589s][info][gc,heap     ] GC(6125) Old regions: 231->231
[2025-01-08T23:24:41.223+0000][183551.589s][info][gc,heap     ] GC(6125) Archive regions: 2->2
[2025-01-08T23:24:41.223+0000][183551.589s][info][gc,heap     ] GC(6125) Humongous regions: 49->49
[2025-01-08T23:24:41.223+0000][183551.589s][info][gc,metaspace] GC(6125) Metaspace: 524108K(533824K)->524108K(533824K) NonClass: 460244K(465088K)->460244K(465088K) Class: 63864K(68736K)->63864K(68736K)
[2025-01-08T23:24:41.223+0000][183551.589s][info][gc          ] GC(6125) Pause Young (Concurrent Start) (G1 Evacuation Pause) 9610M->2321M(12288M) 39.439ms
[2025-01-08T23:24:41.223+0000][183551.589s][info][gc,cpu      ] GC(6125) User=0.22s Sys=0.00s Real=0.04s
[2025-01-08T23:24:41.223+0000][183551.589s][info][gc          ] GC(6126) Concurrent Mark Cycle
[2025-01-08T23:24:41.223+0000][183551.589s][info][gc,marking  ] GC(6126) Concurrent Clear Claimed Marks
[2025-01-08T23:24:41.224+0000][183551.590s][info][gc,marking  ] GC(6126) Concurrent Clear Claimed Marks 0.949ms
[2025-01-08T23:24:41.224+0000][183551.590s][info][gc,marking  ] GC(6126) Concurrent Scan Root Regions
[2025-01-08T23:24:41.251+0000][183551.617s][info][gc,marking  ] GC(6126) Concurrent Scan Root Regions 27.218ms
[2025-01-08T23:24:41.251+0000][183551.617s][info][gc,marking  ] GC(6126) Concurrent Mark
[2025-01-08T23:24:41.251+0000][183551.617s][info][gc,marking  ] GC(6126) Concurrent Mark From Roots
[2025-01-08T23:24:41.251+0000][183551.617s][info][gc,task     ] GC(6126) Using 2 workers of 2 for marking
[2025-01-08T23:24:42.064+0000][183552.430s][info][gc,marking  ] GC(6126) Concurrent Mark From Roots 812.280ms
[2025-01-08T23:24:42.064+0000][183552.430s][info][gc,marking  ] GC(6126) Concurrent Preclean
[2025-01-08T23:24:42.066+0000][183552.432s][info][gc,marking  ] GC(6126) Concurrent Preclean 2.794ms
[2025-01-08T23:24:42.067+0000][183552.433s][info][gc,start    ] GC(6126) Pause Remark
[2025-01-08T23:24:42.093+0000][183552.459s][info][gc          ] GC(6126) Pause Remark 2713M->2713M(12288M) 26.418ms
[2025-01-08T23:24:42.093+0000][183552.459s][info][gc,cpu      ] GC(6126) User=0.15s Sys=0.01s Real=0.03s
[2025-01-08T23:24:42.093+0000][183552.459s][info][gc,marking  ] GC(6126) Concurrent Mark 841.899ms
[2025-01-08T23:24:42.093+0000][183552.459s][info][gc,marking  ] GC(6126) Concurrent Rebuild Remembered Sets
[2025-01-08T23:24:42.637+0000][183553.004s][info][gc,marking  ] GC(6126) Concurrent Rebuild Remembered Sets 544.209ms
[2025-01-08T23:24:42.638+0000][183553.004s][info][gc,start    ] GC(6126) Pause Cleanup
[2025-01-08T23:24:42.638+0000][183553.004s][info][gc          ] GC(6126) Pause Cleanup 3025M->3025M(12288M) 0.452ms
[2025-01-08T23:24:42.638+0000][183553.004s][info][gc,cpu      ] GC(6126) User=0.00s Sys=0.00s Real=0.00s
[2025-01-08T23:24:42.638+0000][183553.004s][info][gc,marking  ] GC(6126) Concurrent Cleanup for Next Mark
[2025-01-08T23:24:42.654+0000][183553.020s][info][gc,marking  ] GC(6126) Concurrent Cleanup for Next Mark 16.166ms
[2025-01-08T23:24:42.654+0000][183553.020s][info][gc          ] GC(6126) Concurrent Mark Cycle 1431.317ms
[2025-01-08T23:24:50.529+0000][183560.895s][info][gc,start    ] GC(6127) Pause Young (Prepare Mixed) (G1 Evacuation Pause)
[2025-01-08T23:24:50.529+0000][183560.895s][info][gc,task     ] GC(6127) Using 6 workers of 6 for evacuation
[2025-01-08T23:24:50.571+0000][183560.937s][info][gc,phases   ] GC(6127)   Pre Evacuate Collection Set: 0.2ms
[2025-01-08T23:24:50.571+0000][183560.937s][info][gc,phases   ] GC(6127)   Merge Heap Roots: 0.8ms
[2025-01-08T23:24:50.571+0000][183560.937s][info][gc,phases   ] GC(6127)   Evacuate Collection Set: 36.1ms
[2025-01-08T23:24:50.571+0000][183560.937s][info][gc,phases   ] GC(6127)   Post Evacuate Collection Set: 5.5ms
[2025-01-08T23:24:50.571+0000][183560.937s][info][gc,phases   ] GC(6127)   Other: 0.2ms
[2025-01-08T23:24:50.571+0000][183560.937s][info][gc,heap     ] GC(6127) Eden regions: 911->0(64)
[2025-01-08T23:24:50.571+0000][183560.937s][info][gc,heap     ] GC(6127) Survivor regions: 10->12(116)
[2025-01-08T23:24:50.571+0000][183560.937s][info][gc,heap     ] GC(6127) Old regions: 231->231
[2025-01-08T23:24:50.571+0000][183560.937s][info][gc,heap     ] GC(6127) Archive regions: 2->2
[2025-01-08T23:24:50.571+0000][183560.937s][info][gc,heap     ] GC(6127) Humongous regions: 49->49
[2025-01-08T23:24:50.571+0000][183560.937s][info][gc,metaspace] GC(6127) Metaspace: 524109K(533824K)->524109K(533824K) NonClass: 460245K(465088K)->460245K(465088K) Class: 63864K(68736K)->63864K(68736K)
[2025-01-08T23:24:50.571+0000][183560.938s][info][gc          ] GC(6127) Pause Young (Prepare Mixed) (G1 Evacuation Pause) 9609M->2339M(12288M) 42.856ms
[2025-01-08T23:24:50.571+0000][183560.938s][info][gc,cpu      ] GC(6127) User=0.25s Sys=0.00s Real=0.05s
[2025-01-08T23:24:50.912+0000][183561.279s][info][gc,start    ] GC(6128) Pause Young (Mixed) (G1 Evacuation Pause)
[2025-01-08T23:24:50.912+0000][183561.279s][info][gc,task     ] GC(6128) Using 6 workers of 6 for evacuation
[2025-01-08T23:24:50.981+0000][183561.347s][info][gc,phases   ] GC(6128)   Pre Evacuate Collection Set: 0.2ms
[2025-01-08T23:24:50.981+0000][183561.347s][info][gc,phases   ] GC(6128)   Merge Heap Roots: 0.7ms
[2025-01-08T23:24:50.981+0000][183561.347s][info][gc,phases   ] GC(6128)   Evacuate Collection Set: 66.0ms
[2025-01-08T23:24:50.981+0000][183561.347s][info][gc,phases   ] GC(6128)   Post Evacuate Collection Set: 1.6ms
[2025-01-08T23:24:50.981+0000][183561.347s][info][gc,phases   ] GC(6128)   Other: 0.2ms
[2025-01-08T23:24:50.981+0000][183561.347s][info][gc,heap     ] GC(6128) Eden regions: 64->0(917)
[2025-01-08T23:24:50.981+0000][183561.347s][info][gc,heap     ] GC(6128) Survivor regions: 12->4(10)
[2025-01-08T23:24:50.981+0000][183561.347s][info][gc,heap     ] GC(6128) Old regions: 231->233
[2025-01-08T23:24:50.981+0000][183561.347s][info][gc,heap     ] GC(6128) Archive regions: 2->2
[2025-01-08T23:24:50.981+0000][183561.347s][info][gc,heap     ] GC(6128) Humongous regions: 49->49
[2025-01-08T23:24:50.981+0000][183561.347s][info][gc,metaspace] GC(6128) Metaspace: 524109K(533824K)->524109K(533824K) NonClass: 460245K(465088K)->460245K(465088K) Class: 63864K(68736K)->63864K(68736K)
[2025-01-08T23:24:50.981+0000][183561.347s][info][gc          ] GC(6128) Pause Young (Mixed) (G1 Evacuation Pause) 2851M->2292M(12288M) 68.809ms
[2025-01-08T23:24:50.981+0000][183561.347s][info][gc,cpu      ] GC(6128) User=0.41s Sys=0.00s Real=0.06s
[2025-01-08T23:24:55.877+0000][183566.243s][info][gc,start    ] GC(6129) Pause Young (Normal) (G1 Evacuation Pause)
[2025-01-08T23:24:55.877+0000][183566.243s][info][gc,task     ] GC(6129) Using 6 workers of 6 for evacuation
[2025-01-08T23:24:55.896+0000][183566.262s][info][gc,phases   ] GC(6129)   Pre Evacuate Collection Set: 0.2ms
[2025-01-08T23:24:55.896+0000][183566.262s][info][gc,phases   ] GC(6129)   Merge Heap Roots: 0.4ms
[2025-01-08T23:24:55.896+0000][183566.262s][info][gc,phases   ] GC(6129)   Evacuate Collection Set: 16.1ms
[2025-01-08T23:24:55.896+0000][183566.262s][info][gc,phases   ] GC(6129)   Post Evacuate Collection Set: 2.4ms
[2025-01-08T23:24:55.896+0000][183566.262s][info][gc,phases   ] GC(6129)   Other: 0.2ms
[2025-01-08T23:24:55.896+0000][183566.262s][info][gc,heap     ] GC(6129) Eden regions: 917->0(916)
[2025-01-08T23:24:55.896+0000][183566.262s][info][gc,heap     ] GC(6129) Survivor regions: 4->5(116)
[2025-01-08T23:24:55.896+0000][183566.262s][info][gc,heap     ] GC(6129) Old regions: 233->233
[2025-01-08T23:24:55.896+0000][183566.262s][info][gc,heap     ] GC(6129) Archive regions: 2->2
[2025-01-08T23:24:55.896+0000][183566.262s][info][gc,heap     ] GC(6129) Humongous regions: 49->49
[2025-01-08T23:24:55.896+0000][183566.262s][info][gc,metaspace] GC(6129) Metaspace: 524109K(533824K)->524109K(533824K) NonClass: 460245K(465088K)->460245K(465088K) Class: 63864K(68736K)->63864K(68736K)
[2025-01-08T23:24:55.896+0000][183566.262s][info][gc          ] GC(6129) Pause Young (Normal) (G1 Evacuation Pause) 9628M->2294M(12288M) 19.319ms
[2025-01-08T23:24:55.896+0000][183566.262s][info][gc,cpu      ] GC(6129) User=0.11s Sys=0.00s Real=0.02s
[2025-01-08T23:25:01.734+0000][183572.100s][info][gc,start    ] GC(6130) Pause Young (Normal) (G1 Evacuation Pause)
[2025-01-08T23:25:01.734+0000][183572.100s][info][gc,task     ] GC(6130) Using 6 workers of 6 for evacuation
[2025-01-08T23:25:01.759+0000][183572.125s][info][gc,phases   ] GC(6130)   Pre Evacuate Collection Set: 0.2ms
[2025-01-08T23:25:01.759+0000][183572.125s][info][gc,phases   ] GC(6130)   Merge Heap Roots: 0.4ms
[2025-01-08T23:25:01.759+0000][183572.125s][info][gc,phases   ] GC(6130)   Evacuate Collection Set: 20.7ms
[2025-01-08T23:25:01.759+0000][183572.125s][info][gc,phases   ] GC(6130)   Post Evacuate Collection Set: 3.8ms
[2025-01-08T23:25:01.759+0000][183572.125s][info][gc,phases   ] GC(6130)   Other: 0.2ms
[2025-01-08T23:25:01.759+0000][183572.125s][info][gc,heap     ] GC(6130) Eden regions: 916->0(914)
[2025-01-08T23:25:01.759+0000][183572.125s][info][gc,heap     ] GC(6130) Survivor regions: 5->7(116)
[2025-01-08T23:25:01.759+0000][183572.125s][info][gc,heap     ] GC(6130) Old regions: 233->233
[2025-01-08T23:25:01.759+0000][183572.125s][info][gc,heap     ] GC(6130) Archive regions: 2->2
[2025-01-08T23:25:01.759+0000][183572.125s][info][gc,heap     ] GC(6130) Humongous regions: 49->49
[2025-01-08T23:25:01.759+0000][183572.125s][info][gc,metaspace] GC(6130) Metaspace: 524109K(533824K)->524109K(533824K) NonClass: 460245K(465088K)->460245K(465088K) Class: 63864K(68736K)->63864K(68736K)
[2025-01-08T23:25:01.759+0000][183572.125s][info][gc          ] GC(6130) Pause Young (Normal) (G1 Evacuation Pause) 9622M->2311M(12288M) 25.348ms
[2025-01-08T23:25:01.759+0000][183572.125s][info][gc,cpu      ] GC(6130) User=0.15s Sys=0.00s Real=0.02s
[2025-01-08T23:25:11.823+0000][183582.189s][info][gc,start    ] GC(6131) Pause Young (Concurrent Start) (G1 Evacuation Pause)
[2025-01-08T23:25:11.823+0000][183582.189s][info][gc,task     ] GC(6131) Using 6 workers of 6 for evacuation
[2025-01-08T23:25:11.851+0000][183582.217s][info][gc,phases   ] GC(6131)   Pre Evacuate Collection Set: 1.1ms
[2025-01-08T23:25:11.851+0000][183582.217s][info][gc,phases   ] GC(6131)   Merge Heap Roots: 0.4ms
[2025-01-08T23:25:11.851+0000][183582.217s][info][gc,phases   ] GC(6131)   Evacuate Collection Set: 23.9ms
[2025-01-08T23:25:11.851+0000][183582.217s][info][gc,phases   ] GC(6131)   Post Evacuate Collection Set: 2.7ms
[2025-01-08T23:25:11.851+0000][183582.217s][info][gc,phases   ] GC(6131)   Other: 0.3ms
[2025-01-08T23:25:11.851+0000][183582.217s][info][gc,heap     ] GC(6131) Eden regions: 914->0(914)
[2025-01-08T23:25:11.851+0000][183582.217s][info][gc,heap     ] GC(6131) Survivor regions: 7->7(116)
[2025-01-08T23:25:11.851+0000][183582.217s][info][gc,heap     ] GC(6131) Old regions: 233->233
[2025-01-08T23:25:11.851+0000][183582.217s][info][gc,heap     ] GC(6131) Archive regions: 2->2
[2025-01-08T23:25:11.851+0000][183582.217s][info][gc,heap     ] GC(6131) Humongous regions: 49->49
[2025-01-08T23:25:11.851+0000][183582.217s][info][gc,metaspace] GC(6131) Metaspace: 524109K(533824K)->524109K(533824K) NonClass: 460245K(465088K)->460245K(465088K) Class: 63864K(68736K)->63864K(68736K)
[2025-01-08T23:25:11.851+0000][183582.217s][info][gc          ] GC(6131) Pause Young (Concurrent Start) (G1 Evacuation Pause) 9623M->2311M(12288M) 28.590ms
[2025-01-08T23:25:11.851+0000][183582.218s][info][gc,cpu      ] GC(6131) User=0.16s Sys=0.00s Real=0.03s
[2025-01-08T23:25:11.851+0000][183582.218s][info][gc          ] GC(6132) Concurrent Mark Cycle
[2025-01-08T23:25:11.851+0000][183582.218s][info][gc,marking  ] GC(6132) Concurrent Clear Claimed Marks
[2025-01-08T23:25:11.852+0000][183582.219s][info][gc,marking  ] GC(6132) Concurrent Clear Claimed Marks 0.928ms
[2025-01-08T23:25:11.852+0000][183582.219s][info][gc,marking  ] GC(6132) Concurrent Scan Root Regions
[2025-01-08T23:25:11.871+0000][183582.237s][info][gc,marking  ] GC(6132) Concurrent Scan Root Regions 18.624ms
[2025-01-08T23:25:11.871+0000][183582.237s][info][gc,marking  ] GC(6132) Concurrent Mark
[2025-01-08T23:25:11.871+0000][183582.237s][info][gc,marking  ] GC(6132) Concurrent Mark From Roots
[2025-01-08T23:25:11.871+0000][183582.237s][info][gc,task     ] GC(6132) Using 2 workers of 2 for marking
[2025-01-08T23:25:12.734+0000][183583.100s][info][gc,marking  ] GC(6132) Concurrent Mark From Roots 862.824ms
[2025-01-08T23:25:12.734+0000][183583.100s][info][gc,marking  ] GC(6132) Concurrent Preclean
[2025-01-08T23:25:12.738+0000][183583.104s][info][gc,marking  ] GC(6132) Concurrent Preclean 3.662ms
[2025-01-08T23:25:12.738+0000][183583.104s][info][gc,start    ] GC(6132) Pause Remark
[2025-01-08T23:25:12.764+0000][183583.130s][info][gc          ] GC(6132) Pause Remark 3092M->3092M(12288M) 26.000ms
[2025-01-08T23:25:12.764+0000][183583.130s][info][gc,cpu      ] GC(6132) User=0.15s Sys=0.00s Real=0.03s
[2025-01-08T23:25:12.764+0000][183583.130s][info][gc,marking  ] GC(6132) Concurrent Mark 892.868ms
[2025-01-08T23:25:12.764+0000][183583.130s][info][gc,marking  ] GC(6132) Concurrent Rebuild Remembered Sets
[2025-01-08T23:25:13.334+0000][183583.700s][info][gc,marking  ] GC(6132) Concurrent Rebuild Remembered Sets 570.284ms
[2025-01-08T23:25:13.335+0000][183583.701s][info][gc,start    ] GC(6132) Pause Cleanup
[2025-01-08T23:25:13.335+0000][183583.701s][info][gc          ] GC(6132) Pause Cleanup 3639M->3639M(12288M) 0.420ms
[2025-01-08T23:25:13.335+0000][183583.701s][info][gc,cpu      ] GC(6132) User=0.00s Sys=0.00s Real=0.00s
[2025-01-08T23:25:13.335+0000][183583.701s][info][gc,marking  ] GC(6132) Concurrent Cleanup for Next Mark
[2025-01-08T23:25:13.351+0000][183583.717s][info][gc,marking  ] GC(6132) Concurrent Cleanup for Next Mark 15.541ms
[2025-01-08T23:25:13.351+0000][183583.717s][info][gc          ] GC(6132) Concurrent Mark Cycle 1499.196ms
[2025-01-08T23:25:19.473+0000][183589.839s][info][gc,start    ] GC(6133) Pause Young (Prepare Mixed) (G1 Evacuation Pause)
[2025-01-08T23:25:19.473+0000][183589.839s][info][gc,task     ] GC(6133) Using 6 workers of 6 for evacuation
[2025-01-08T23:25:19.503+0000][183589.870s][info][gc,phases   ] GC(6133)   Pre Evacuate Collection Set: 0.2ms
[2025-01-08T23:25:19.503+0000][183589.870s][info][gc,phases   ] GC(6133)   Merge Heap Roots: 0.7ms
[2025-01-08T23:25:19.503+0000][183589.870s][info][gc,phases   ] GC(6133)   Evacuate Collection Set: 26.5ms
[2025-01-08T23:25:19.503+0000][183589.870s][info][gc,phases   ] GC(6133)   Post Evacuate Collection Set: 2.6ms
[2025-01-08T23:25:19.503+0000][183589.870s][info][gc,phases   ] GC(6133)   Other: 0.2ms
[2025-01-08T23:25:19.503+0000][183589.870s][info][gc,heap     ] GC(6133) Eden regions: 914->0(68)
[2025-01-08T23:25:19.503+0000][183589.870s][info][gc,heap     ] GC(6133) Survivor regions: 7->8(116)
[2025-01-08T23:25:19.503+0000][183589.870s][info][gc,heap     ] GC(6133) Old regions: 233->233
[2025-01-08T23:25:19.503+0000][183589.870s][info][gc,heap     ] GC(6133) Archive regions: 2->2
[2025-01-08T23:25:19.503+0000][183589.870s][info][gc,heap     ] GC(6133) Humongous regions: 49->49
[2025-01-08T23:25:19.503+0000][183589.870s][info][gc,metaspace] GC(6133) Metaspace: 524109K(533824K)->524109K(533824K) NonClass: 460245K(465088K)->460245K(465088K) Class: 63864K(68736K)->63864K(68736K)
[2025-01-08T23:25:19.504+0000][183589.870s][info][gc          ] GC(6133) Pause Young (Prepare Mixed) (G1 Evacuation Pause) 9623M->2321M(12288M) 30.303ms
[2025-01-08T23:25:19.504+0000][183589.870s][info][gc,cpu      ] GC(6133) User=0.18s Sys=0.00s Real=0.03s
[2025-01-08T23:25:19.874+0000][183590.241s][info][gc,start    ] GC(6134) Pause Young (Mixed) (G1 Evacuation Pause)
[2025-01-08T23:25:19.874+0000][183590.241s][info][gc,task     ] GC(6134) Using 6 workers of 6 for evacuation
[2025-01-08T23:25:19.939+0000][183590.305s][info][gc,phases   ] GC(6134)   Pre Evacuate Collection Set: 0.2ms
[2025-01-08T23:25:19.939+0000][183590.305s][info][gc,phases   ] GC(6134)   Merge Heap Roots: 0.7ms
[2025-01-08T23:25:19.939+0000][183590.305s][info][gc,phases   ] GC(6134)   Evacuate Collection Set: 61.6ms
[2025-01-08T23:25:19.939+0000][183590.305s][info][gc,phases   ] GC(6134)   Post Evacuate Collection Set: 1.8ms
[2025-01-08T23:25:19.939+0000][183590.305s][info][gc,phases   ] GC(6134)   Other: 0.2ms
[2025-01-08T23:25:19.939+0000][183590.305s][info][gc,heap     ] GC(6134) Eden regions: 68->0(915)
[2025-01-08T23:25:19.939+0000][183590.305s][info][gc,heap     ] GC(6134) Survivor regions: 8->6(10)
[2025-01-08T23:25:19.939+0000][183590.305s][info][gc,heap     ] GC(6134) Old regions: 233->231
[2025-01-08T23:25:19.939+0000][183590.305s][info][gc,heap     ] GC(6134) Archive regions: 2->2
[2025-01-08T23:25:19.939+0000][183590.305s][info][gc,heap     ] GC(6134) Humongous regions: 49->49
[2025-01-08T23:25:19.939+0000][183590.305s][info][gc,metaspace] GC(6134) Metaspace: 524109K(533824K)->524109K(533824K) NonClass: 460245K(465088K)->460245K(465088K) Class: 63864K(68736K)->63864K(68736K)
[2025-01-08T23:25:19.939+0000][183590.305s][info][gc          ] GC(6134) Pause Young (Mixed) (G1 Evacuation Pause) 2865M->2288M(12288M) 64.611ms
[2025-01-08T23:25:19.939+0000][183590.305s][info][gc,cpu      ] GC(6134) User=0.37s Sys=0.00s Real=0.06s
[2025-01-08T23:25:27.091+0000][183597.457s][info][gc,start    ] GC(6135) Pause Young (Normal) (G1 Evacuation Pause)
[2025-01-08T23:25:27.091+0000][183597.457s][info][gc,task     ] GC(6135) Using 6 workers of 6 for evacuation
[2025-01-08T23:25:27.120+0000][183597.486s][info][gc,phases   ] GC(6135)   Pre Evacuate Collection Set: 0.2ms
[2025-01-08T23:25:27.120+0000][183597.486s][info][gc,phases   ] GC(6135)   Merge Heap Roots: 0.5ms
[2025-01-08T23:25:27.120+0000][183597.486s][info][gc,phases   ] GC(6135)   Evacuate Collection Set: 25.3ms
[2025-01-08T23:25:27.120+0000][183597.486s][info][gc,phases   ] GC(6135)   Post Evacuate Collection Set: 2.5ms
[2025-01-08T23:25:27.120+0000][183597.486s][info][gc,phases   ] GC(6135)   Other: 0.2ms
[2025-01-08T23:25:27.120+0000][183597.486s][info][gc,heap     ] GC(6135) Eden regions: 915->0(913)
[2025-01-08T23:25:27.120+0000][183597.486s][info][gc,heap     ] GC(6135) Survivor regions: 6->8(116)
[2025-01-08T23:25:27.120+0000][183597.486s][info][gc,heap     ] GC(6135) Old regions: 231->231
[2025-01-08T23:25:27.120+0000][183597.486s][info][gc,heap     ] GC(6135) Archive regions: 2->2
[2025-01-08T23:25:27.120+0000][183597.486s][info][gc,heap     ] GC(6135) Humongous regions: 49->49
[2025-01-08T23:25:27.120+0000][183597.486s][info][gc,metaspace] GC(6135) Metaspace: 524109K(533824K)->524109K(533824K) NonClass: 460245K(465088K)->460245K(465088K) Class: 63864K(68736K)->63864K(68736K)
[2025-01-08T23:25:27.120+0000][183597.486s][info][gc          ] GC(6135) Pause Young (Normal) (G1 Evacuation Pause) 9608M->2299M(12288M) 28.814ms
[2025-01-08T23:25:27.120+0000][183597.486s][info][gc,cpu      ] GC(6135) User=0.16s Sys=0.00s Real=0.02s
[2025-01-08T23:25:34.809+0000][183605.176s][info][gc,start    ] GC(6136) Pause Young (Normal) (G1 Evacuation Pause)
[2025-01-08T23:25:34.810+0000][183605.176s][info][gc,task     ] GC(6136) Using 6 workers of 6 for evacuation
[2025-01-08T23:25:34.840+0000][183605.206s][info][gc,phases   ] GC(6136)   Pre Evacuate Collection Set: 0.2ms
[2025-01-08T23:25:34.840+0000][183605.206s][info][gc,phases   ] GC(6136)   Merge Heap Roots: 0.4ms
[2025-01-08T23:25:34.840+0000][183605.206s][info][gc,phases   ] GC(6136)   Evacuate Collection Set: 27.5ms
[2025-01-08T23:25:34.840+0000][183605.206s][info][gc,phases   ] GC(6136)   Post Evacuate Collection Set: 2.5ms
[2025-01-08T23:25:34.840+0000][183605.206s][info][gc,phases   ] GC(6136)   Other: 0.2ms
[2025-01-08T23:25:34.840+0000][183605.207s][info][gc,heap     ] GC(6136) Eden regions: 913->0(912)
[2025-01-08T23:25:34.840+0000][183605.207s][info][gc,heap     ] GC(6136) Survivor regions: 8->9(116)
[2025-01-08T23:25:34.840+0000][183605.207s][info][gc,heap     ] GC(6136) Old regions: 231->231
[2025-01-08T23:25:34.840+0000][183605.207s][info][gc,heap     ] GC(6136) Archive regions: 2->2
[2025-01-08T23:25:34.840+0000][183605.207s][info][gc,heap     ] GC(6136) Humongous regions: 49->49
[2025-01-08T23:25:34.840+0000][183605.207s][info][gc,metaspace] GC(6136) Metaspace: 524109K(533824K)->524109K(533824K) NonClass: 460245K(465088K)->460245K(465088K) Class: 63864K(68736K)->63864K(68736K)
[2025-01-08T23:25:34.840+0000][183605.207s][info][gc          ] GC(6136) Pause Young (Normal) (G1 Evacuation Pause) 9603M->2309M(12288M) 30.974ms
[2025-01-08T23:25:34.841+0000][183605.207s][info][gc,cpu      ] GC(6136) User=0.18s Sys=0.00s Real=0.02s
[2025-01-08T23:25:42.827+0000][183613.193s][info][gc,start    ] GC(6137) Pause Young (Concurrent Start) (G1 Evacuation Pause)
[2025-01-08T23:25:42.827+0000][183613.193s][info][gc,task     ] GC(6137) Using 6 workers of 6 for evacuation
[2025-01-08T23:25:42.860+0000][183613.227s][info][gc,phases   ] GC(6137)   Pre Evacuate Collection Set: 1.1ms
[2025-01-08T23:25:42.861+0000][183613.227s][info][gc,phases   ] GC(6137)   Merge Heap Roots: 0.5ms
[2025-01-08T23:25:42.861+0000][183613.227s][info][gc,phases   ] GC(6137)   Evacuate Collection Set: 29.5ms
[2025-01-08T23:25:42.861+0000][183613.227s][info][gc,phases   ] GC(6137)   Post Evacuate Collection Set: 2.6ms
[2025-01-08T23:25:42.861+0000][183613.227s][info][gc,phases   ] GC(6137)   Other: 0.3ms
[2025-01-08T23:25:42.861+0000][183613.227s][info][gc,heap     ] GC(6137) Eden regions: 912->0(911)
[2025-01-08T23:25:42.861+0000][183613.227s][info][gc,heap     ] GC(6137) Survivor regions: 9->10(116)
[2025-01-08T23:25:42.861+0000][183613.227s][info][gc,heap     ] GC(6137) Old regions: 231->231
[2025-01-08T23:25:42.861+0000][183613.227s][info][gc,heap     ] GC(6137) Archive regions: 2->2
[2025-01-08T23:25:42.861+0000][183613.227s][info][gc,heap     ] GC(6137) Humongous regions: 49->49
[2025-01-08T23:25:42.861+0000][183613.227s][info][gc,metaspace] GC(6137) Metaspace: 524109K(533824K)->524109K(533824K) NonClass: 460245K(465088K)->460245K(465088K) Class: 63864K(68736K)->63864K(68736K)
[2025-01-08T23:25:42.861+0000][183613.227s][info][gc          ] GC(6137) Pause Young (Concurrent Start) (G1 Evacuation Pause) 9605M->2314M(12288M) 34.063ms
[2025-01-08T23:25:42.861+0000][183613.227s][info][gc,cpu      ] GC(6137) User=0.20s Sys=0.00s Real=0.03s
[2025-01-08T23:25:42.861+0000][183613.227s][info][gc          ] GC(6138) Concurrent Mark Cycle
[2025-01-08T23:25:42.861+0000][183613.227s][info][gc,marking  ] GC(6138) Concurrent Clear Claimed Marks
[2025-01-08T23:25:42.862+0000][183613.228s][info][gc,marking  ] GC(6138) Concurrent Clear Claimed Marks 1.019ms
[2025-01-08T23:25:42.862+0000][183613.228s][info][gc,marking  ] GC(6138) Concurrent Scan Root Regions
[2025-01-08T23:25:42.887+0000][183613.253s][info][gc,marking  ] GC(6138) Concurrent Scan Root Regions 24.909ms
[2025-01-08T23:25:42.887+0000][183613.253s][info][gc,marking  ] GC(6138) Concurrent Mark
[2025-01-08T23:25:42.887+0000][183613.253s][info][gc,marking  ] GC(6138) Concurrent Mark From Roots
[2025-01-08T23:25:42.887+0000][183613.253s][info][gc,task     ] GC(6138) Using 2 workers of 2 for marking
[2025-01-08T23:25:43.812+0000][183614.178s][info][gc,marking  ] GC(6138) Concurrent Mark From Roots 924.976ms
[2025-01-08T23:25:43.812+0000][183614.178s][info][gc,marking  ] GC(6138) Concurrent Preclean
[2025-01-08T23:25:43.815+0000][183614.181s][info][gc,marking  ] GC(6138) Concurrent Preclean 3.641ms
[2025-01-08T23:25:43.815+0000][183614.182s][info][gc,start    ] GC(6138) Pause Remark
[2025-01-08T23:25:43.841+0000][183614.207s][info][gc          ] GC(6138) Pause Remark 3742M->3742M(12288M) 25.366ms
[2025-01-08T23:25:43.841+0000][183614.207s][info][gc,cpu      ] GC(6138) User=0.15s Sys=0.00s Real=0.02s
[2025-01-08T23:25:43.841+0000][183614.207s][info][gc,marking  ] GC(6138) Concurrent Mark 954.339ms
[2025-01-08T23:25:43.841+0000][183614.207s][info][gc,marking  ] GC(6138) Concurrent Rebuild Remembered Sets
[2025-01-08T23:25:44.411+0000][183614.777s][info][gc,marking  ] GC(6138) Concurrent Rebuild Remembered Sets 570.169ms
[2025-01-08T23:25:44.411+0000][183614.777s][info][gc,start    ] GC(6138) Pause Cleanup
[2025-01-08T23:25:44.412+0000][183614.778s][info][gc          ] GC(6138) Pause Cleanup 4534M->4534M(12288M) 0.398ms
[2025-01-08T23:25:44.412+0000][183614.778s][info][gc,cpu      ] GC(6138) User=0.00s Sys=0.00s Real=0.00s
[2025-01-08T23:25:44.412+0000][183614.778s][info][gc,marking  ] GC(6138) Concurrent Cleanup for Next Mark
[2025-01-08T23:25:44.427+0000][183614.793s][info][gc,marking  ] GC(6138) Concurrent Cleanup for Next Mark 15.348ms
[2025-01-08T23:25:44.427+0000][183614.793s][info][gc          ] GC(6138) Concurrent Mark Cycle 1566.511ms
[2025-01-08T23:25:48.631+0000][183618.997s][info][gc,start    ] GC(6139) Pause Young (Prepare Mixed) (G1 Evacuation Pause)
[2025-01-08T23:25:48.631+0000][183618.997s][info][gc,task     ] GC(6139) Using 6 workers of 6 for evacuation
[2025-01-08T23:25:48.671+0000][183619.037s][info][gc,phases   ] GC(6139)   Pre Evacuate Collection Set: 0.2ms
[2025-01-08T23:25:48.671+0000][183619.037s][info][gc,phases   ] GC(6139)   Merge Heap Roots: 0.7ms
[2025-01-08T23:25:48.671+0000][183619.037s][info][gc,phases   ] GC(6139)   Evacuate Collection Set: 33.8ms
[2025-01-08T23:25:48.671+0000][183619.037s][info][gc,phases   ] GC(6139)   Post Evacuate Collection Set: 5.4ms
[2025-01-08T23:25:48.671+0000][183619.037s][info][gc,phases   ] GC(6139)   Other: 0.2ms
[2025-01-08T23:25:48.671+0000][183619.037s][info][gc,heap     ] GC(6139) Eden regions: 911->0(64)
[2025-01-08T23:25:48.671+0000][183619.037s][info][gc,heap     ] GC(6139) Survivor regions: 10->12(116)
[2025-01-08T23:25:48.671+0000][183619.037s][info][gc,heap     ] GC(6139) Old regions: 231->231
[2025-01-08T23:25:48.671+0000][183619.037s][info][gc,heap     ] GC(6139) Archive regions: 2->2
[2025-01-08T23:25:48.671+0000][183619.037s][info][gc,heap     ] GC(6139) Humongous regions: 49->49
[2025-01-08T23:25:48.671+0000][183619.037s][info][gc,metaspace] GC(6139) Metaspace: 524109K(533824K)->524109K(533824K) NonClass: 460245K(465088K)->460245K(465088K) Class: 63864K(68736K)->63864K(68736K)
[2025-01-08T23:25:48.671+0000][183619.037s][info][gc          ] GC(6139) Pause Young (Prepare Mixed) (G1 Evacuation Pause) 9602M->2332M(12288M) 40.309ms
[2025-01-08T23:25:48.671+0000][183619.038s][info][gc,cpu      ] GC(6139) User=0.24s Sys=0.00s Real=0.04s
[2025-01-08T23:25:49.156+0000][183619.522s][info][gc,start    ] GC(6140) Pause Young (Mixed) (G1 Evacuation Pause)
[2025-01-08T23:25:49.156+0000][183619.522s][info][gc,task     ] GC(6140) Using 6 workers of 6 for evacuation
[2025-01-08T23:25:49.226+0000][183619.593s][info][gc,phases   ] GC(6140)   Pre Evacuate Collection Set: 0.2ms
[2025-01-08T23:25:49.226+0000][183619.593s][info][gc,phases   ] GC(6140)   Merge Heap Roots: 0.8ms
[2025-01-08T23:25:49.226+0000][183619.593s][info][gc,phases   ] GC(6140)   Evacuate Collection Set: 67.5ms
[2025-01-08T23:25:49.226+0000][183619.593s][info][gc,phases   ] GC(6140)   Post Evacuate Collection Set: 1.7ms
[2025-01-08T23:25:49.227+0000][183619.593s][info][gc,phases   ] GC(6140)   Other: 0.2ms
[2025-01-08T23:25:49.227+0000][183619.593s][info][gc,heap     ] GC(6140) Eden regions: 64->0(919)
[2025-01-08T23:25:49.227+0000][183619.593s][info][gc,heap     ] GC(6140) Survivor regions: 12->2(10)
[2025-01-08T23:25:49.227+0000][183619.593s][info][gc,heap     ] GC(6140) Old regions: 231->235
[2025-01-08T23:25:49.227+0000][183619.593s][info][gc,heap     ] GC(6140) Archive regions: 2->2
[2025-01-08T23:25:49.227+0000][183619.593s][info][gc,heap     ] GC(6140) Humongous regions: 49->49
[2025-01-08T23:25:49.227+0000][183619.593s][info][gc,metaspace] GC(6140) Metaspace: 524109K(533824K)->524109K(533824K) NonClass: 460245K(465088K)->460245K(465088K) Class: 63864K(68736K)->63864K(68736K)
[2025-01-08T23:25:49.227+0000][183619.593s][info][gc          ] GC(6140) Pause Young (Mixed) (G1 Evacuation Pause) 2844M->2288M(12288M) 70.409ms
[2025-01-08T23:25:49.227+0000][183619.593s][info][gc,cpu      ] GC(6140) User=0.42s Sys=0.00s Real=0.07s
[2025-01-08T23:25:58.039+0000][183628.405s][info][gc,start    ] GC(6141) Pause Young (Normal) (G1 Evacuation Pause)
[2025-01-08T23:25:58.039+0000][183628.405s][info][gc,task     ] GC(6141) Using 6 workers of 6 for evacuation
[2025-01-08T23:25:58.061+0000][183628.427s][info][gc,phases   ] GC(6141)   Pre Evacuate Collection Set: 0.2ms
[2025-01-08T23:25:58.061+0000][183628.427s][info][gc,phases   ] GC(6141)   Merge Heap Roots: 0.4ms
[2025-01-08T23:25:58.061+0000][183628.427s][info][gc,phases   ] GC(6141)   Evacuate Collection Set: 19.4ms
[2025-01-08T23:25:58.061+0000][183628.427s][info][gc,phases   ] GC(6141)   Post Evacuate Collection Set: 2.5ms
[2025-01-08T23:25:58.061+0000][183628.427s][info][gc,phases   ] GC(6141)   Other: 0.2ms
[2025-01-08T23:25:58.061+0000][183628.427s][info][gc,heap     ] GC(6141) Eden regions: 919->0(916)
[2025-01-08T23:25:58.061+0000][183628.427s][info][gc,heap     ] GC(6141) Survivor regions: 2->5(116)
[2025-01-08T23:25:58.061+0000][183628.427s][info][gc,heap     ] GC(6141) Old regions: 235->235
[2025-01-08T23:25:58.061+0000][183628.427s][info][gc,heap     ] GC(6141) Archive regions: 2->2
[2025-01-08T23:25:58.061+0000][183628.427s][info][gc,heap     ] GC(6141) Humongous regions: 49->49
[2025-01-08T23:25:58.061+0000][183628.427s][info][gc,metaspace] GC(6141) Metaspace: 524109K(533824K)->524109K(533824K) NonClass: 460245K(465088K)->460245K(465088K) Class: 63864K(68736K)->63864K(68736K)
[2025-01-08T23:25:58.061+0000][183628.427s][info][gc          ] GC(6141) Pause Young (Normal) (G1 Evacuation Pause) 9640M->2306M(12288M) 22.766ms
[2025-01-08T23:25:58.061+0000][183628.427s][info][gc,cpu      ] GC(6141) User=0.14s Sys=0.00s Real=0.02s
[2025-01-08T23:26:05.715+0000][183636.081s][info][gc,start    ] GC(6142) Pause Young (Normal) (G1 Evacuation Pause)
[2025-01-08T23:26:05.715+0000][183636.081s][info][gc,task     ] GC(6142) Using 6 workers of 6 for evacuation
[2025-01-08T23:26:05.742+0000][183636.108s][info][gc,phases   ] GC(6142)   Pre Evacuate Collection Set: 0.2ms
[2025-01-08T23:26:05.742+0000][183636.108s][info][gc,phases   ] GC(6142)   Merge Heap Roots: 0.4ms
[2025-01-08T23:26:05.742+0000][183636.108s][info][gc,phases   ] GC(6142)   Evacuate Collection Set: 22.1ms
[2025-01-08T23:26:05.742+0000][183636.108s][info][gc,phases   ] GC(6142)   Post Evacuate Collection Set: 3.9ms
[2025-01-08T23:26:05.742+0000][183636.108s][info][gc,phases   ] GC(6142)   Other: 0.2ms
[2025-01-08T23:26:05.742+0000][183636.108s][info][gc,heap     ] GC(6142) Eden regions: 916->0(914)
[2025-01-08T23:26:05.742+0000][183636.108s][info][gc,heap     ] GC(6142) Survivor regions: 5->7(116)
[2025-01-08T23:26:05.742+0000][183636.108s][info][gc,heap     ] GC(6142) Old regions: 235->235
[2025-01-08T23:26:05.742+0000][183636.108s][info][gc,heap     ] GC(6142) Archive regions: 2->2
[2025-01-08T23:26:05.742+0000][183636.108s][info][gc,heap     ] GC(6142) Humongous regions: 49->49
[2025-01-08T23:26:05.742+0000][183636.108s][info][gc,metaspace] GC(6142) Metaspace: 524109K(533824K)->524109K(533824K) NonClass: 460245K(465088K)->460245K(465088K) Class: 63864K(68736K)->63864K(68736K)
[2025-01-08T23:26:05.742+0000][183636.108s][info][gc          ] GC(6142) Pause Young (Normal) (G1 Evacuation Pause) 9634M->2322M(12288M) 26.885ms
[2025-01-08T23:26:05.742+0000][183636.108s][info][gc,cpu      ] GC(6142) User=0.16s Sys=0.01s Real=0.03s
[2025-01-08T23:26:15.949+0000][183646.315s][info][gc,start    ] GC(6143) Pause Young (Concurrent Start) (G1 Evacuation Pause)
[2025-01-08T23:26:15.949+0000][183646.315s][info][gc,task     ] GC(6143) Using 6 workers of 6 for evacuation
[2025-01-08T23:26:15.984+0000][183646.351s][info][gc,phases   ] GC(6143)   Pre Evacuate Collection Set: 1.2ms
[2025-01-08T23:26:15.984+0000][183646.351s][info][gc,phases   ] GC(6143)   Merge Heap Roots: 0.4ms
[2025-01-08T23:26:15.984+0000][183646.351s][info][gc,phases   ] GC(6143)   Evacuate Collection Set: 30.9ms
[2025-01-08T23:26:15.984+0000][183646.351s][info][gc,phases   ] GC(6143)   Post Evacuate Collection Set: 2.6ms
[2025-01-08T23:26:15.984+0000][183646.351s][info][gc,phases   ] GC(6143)   Other: 0.3ms
[2025-01-08T23:26:15.984+0000][183646.351s][info][gc,heap     ] GC(6143) Eden regions: 914->0(912)
[2025-01-08T23:26:15.984+0000][183646.351s][info][gc,heap     ] GC(6143) Survivor regions: 7->9(116)
[2025-01-08T23:26:15.984+0000][183646.351s][info][gc,heap     ] GC(6143) Old regions: 235->235
[2025-01-08T23:26:15.984+0000][183646.351s][info][gc,heap     ] GC(6143) Archive regions: 2->2
[2025-01-08T23:26:15.984+0000][183646.351s][info][gc,heap     ] GC(6143) Humongous regions: 49->49
[2025-01-08T23:26:15.984+0000][183646.351s][info][gc,metaspace] GC(6143) Metaspace: 524109K(533824K)->524109K(533824K) NonClass: 460245K(465088K)->460245K(465088K) Class: 63864K(68736K)->63864K(68736K)
[2025-01-08T23:26:15.985+0000][183646.351s][info][gc          ] GC(6143) Pause Young (Concurrent Start) (G1 Evacuation Pause) 9634M->2338M(12288M) 35.565ms
[2025-01-08T23:26:15.985+0000][183646.351s][info][gc,cpu      ] GC(6143) User=0.21s Sys=0.00s Real=0.04s
[2025-01-08T23:26:15.985+0000][183646.351s][info][gc          ] GC(6144) Concurrent Mark Cycle
[2025-01-08T23:26:15.985+0000][183646.351s][info][gc,marking  ] GC(6144) Concurrent Clear Claimed Marks
[2025-01-08T23:26:15.986+0000][183646.352s][info][gc,marking  ] GC(6144) Concurrent Clear Claimed Marks 0.921ms
[2025-01-08T23:26:15.986+0000][183646.352s][info][gc,marking  ] GC(6144) Concurrent Scan Root Regions
[2025-01-08T23:26:16.012+0000][183646.378s][info][gc,marking  ] GC(6144) Concurrent Scan Root Regions 26.504ms
[2025-01-08T23:26:16.012+0000][183646.378s][info][gc,marking  ] GC(6144) Concurrent Mark
[2025-01-08T23:26:16.012+0000][183646.378s][info][gc,marking  ] GC(6144) Concurrent Mark From Roots
[2025-01-08T23:26:16.012+0000][183646.378s][info][gc,task     ] GC(6144) Using 2 workers of 2 for marking
[2025-01-08T23:26:16.873+0000][183647.239s][info][gc,marking  ] GC(6144) Concurrent Mark From Roots 860.960ms
[2025-01-08T23:26:16.873+0000][183647.239s][info][gc,marking  ] GC(6144) Concurrent Preclean
[2025-01-08T23:26:16.877+0000][183647.243s][info][gc,marking  ] GC(6144) Concurrent Preclean 3.584ms
[2025-01-08T23:26:16.877+0000][183647.243s][info][gc,start    ] GC(6144) Pause Remark
[2025-01-08T23:26:16.903+0000][183647.269s][info][gc          ] GC(6144) Pause Remark 3178M->3178M(12288M) 25.692ms
[2025-01-08T23:26:16.903+0000][183647.269s][info][gc,cpu      ] GC(6144) User=0.14s Sys=0.00s Real=0.03s
[2025-01-08T23:26:16.903+0000][183647.269s][info][gc,marking  ] GC(6144) Concurrent Mark 890.616ms
[2025-01-08T23:26:16.903+0000][183647.269s][info][gc,marking  ] GC(6144) Concurrent Rebuild Remembered Sets
[2025-01-08T23:26:17.511+0000][183647.877s][info][gc,marking  ] GC(6144) Concurrent Rebuild Remembered Sets 608.034ms
[2025-01-08T23:26:17.511+0000][183647.877s][info][gc,start    ] GC(6144) Pause Cleanup
[2025-01-08T23:26:17.511+0000][183647.877s][info][gc          ] GC(6144) Pause Cleanup 3790M->3790M(12288M) 0.402ms
[2025-01-08T23:26:17.511+0000][183647.877s][info][gc,cpu      ] GC(6144) User=0.00s Sys=0.00s Real=0.00s
[2025-01-08T23:26:17.511+0000][183647.878s][info][gc,marking  ] GC(6144) Concurrent Cleanup for Next Mark
[2025-01-08T23:26:17.527+0000][183647.893s][info][gc,marking  ] GC(6144) Concurrent Cleanup for Next Mark 15.427ms
[2025-01-08T23:26:17.527+0000][183647.893s][info][gc          ] GC(6144) Concurrent Mark Cycle 1542.304ms
[2025-01-08T23:26:22.888+0000][183653.254s][info][gc,start    ] GC(6145) Pause Young (Prepare Mixed) (G1 Evacuation Pause)
[2025-01-08T23:26:22.888+0000][183653.254s][info][gc,task     ] GC(6145) Using 6 workers of 6 for evacuation
[2025-01-08T23:26:22.927+0000][183653.293s][info][gc,phases   ] GC(6145)   Pre Evacuate Collection Set: 0.2ms
[2025-01-08T23:26:22.927+0000][183653.293s][info][gc,phases   ] GC(6145)   Merge Heap Roots: 0.7ms
[2025-01-08T23:26:22.927+0000][183653.293s][info][gc,phases   ] GC(6145)   Evacuate Collection Set: 35.3ms
[2025-01-08T23:26:22.927+0000][183653.293s][info][gc,phases   ] GC(6145)   Post Evacuate Collection Set: 2.8ms
[2025-01-08T23:26:22.927+0000][183653.294s][info][gc,phases   ] GC(6145)   Other: 0.2ms
[2025-01-08T23:26:22.927+0000][183653.294s][info][gc,heap     ] GC(6145) Eden regions: 912->0(67)
[2025-01-08T23:26:22.927+0000][183653.294s][info][gc,heap     ] GC(6145) Survivor regions: 9->9(116)
[2025-01-08T23:26:22.927+0000][183653.294s][info][gc,heap     ] GC(6145) Old regions: 235->235
[2025-01-08T23:26:22.927+0000][183653.294s][info][gc,heap     ] GC(6145) Archive regions: 2->2
[2025-01-08T23:26:22.927+0000][183653.294s][info][gc,heap     ] GC(6145) Humongous regions: 49->49
[2025-01-08T23:26:22.927+0000][183653.294s][info][gc,metaspace] GC(6145) Metaspace: 524109K(533824K)->524109K(533824K) NonClass: 460245K(465088K)->460245K(465088K) Class: 63864K(68736K)->63864K(68736K)
[2025-01-08T23:26:22.927+0000][183653.294s][info][gc          ] GC(6145) Pause Young (Prepare Mixed) (G1 Evacuation Pause) 9634M->2342M(12288M) 39.241ms
[2025-01-08T23:26:22.928+0000][183653.294s][info][gc,cpu      ] GC(6145) User=0.23s Sys=0.00s Real=0.04s
[2025-01-08T23:26:23.263+0000][183653.629s][info][gc,start    ] GC(6146) Pause Young (Mixed) (G1 Evacuation Pause)
[2025-01-08T23:26:23.263+0000][183653.629s][info][gc,task     ] GC(6146) Using 6 workers of 6 for evacuation
[2025-01-08T23:26:23.334+0000][183653.700s][info][gc,phases   ] GC(6146)   Pre Evacuate Collection Set: 0.2ms
[2025-01-08T23:26:23.334+0000][183653.700s][info][gc,phases   ] GC(6146)   Merge Heap Roots: 0.8ms
[2025-01-08T23:26:23.334+0000][183653.700s][info][gc,phases   ] GC(6146)   Evacuate Collection Set: 68.3ms
[2025-01-08T23:26:23.334+0000][183653.700s][info][gc,phases   ] GC(6146)   Post Evacuate Collection Set: 1.8ms
[2025-01-08T23:26:23.334+0000][183653.700s][info][gc,phases   ] GC(6146)   Other: 0.2ms
[2025-01-08T23:26:23.334+0000][183653.700s][info][gc,heap     ] GC(6146) Eden regions: 67->0(916)
[2025-01-08T23:26:23.334+0000][183653.700s][info][gc,heap     ] GC(6146) Survivor regions: 9->5(10)
[2025-01-08T23:26:23.334+0000][183653.700s][info][gc,heap     ] GC(6146) Old regions: 235->233
[2025-01-08T23:26:23.334+0000][183653.700s][info][gc,heap     ] GC(6146) Archive regions: 2->2
[2025-01-08T23:26:23.334+0000][183653.700s][info][gc,heap     ] GC(6146) Humongous regions: 49->49
[2025-01-08T23:26:23.334+0000][183653.700s][info][gc,metaspace] GC(6146) Metaspace: 524109K(533824K)->524109K(533824K) NonClass: 460245K(465088K)->460245K(465088K) Class: 63864K(68736K)->63864K(68736K)
[2025-01-08T23:26:23.334+0000][183653.700s][info][gc          ] GC(6146) Pause Young (Mixed) (G1 Evacuation Pause) 2878M->2300M(12288M) 71.365ms
[2025-01-08T23:26:23.334+0000][183653.700s][info][gc,cpu      ] GC(6146) User=0.41s Sys=0.00s Real=0.07s
[2025-01-08T23:26:32.182+0000][183662.548s][info][gc,start    ] GC(6147) Pause Young (Normal) (G1 Evacuation Pause)
[2025-01-08T23:26:32.182+0000][183662.548s][info][gc,task     ] GC(6147) Using 6 workers of 6 for evacuation
[2025-01-08T23:26:32.209+0000][183662.575s][info][gc,phases   ] GC(6147)   Pre Evacuate Collection Set: 0.2ms
[2025-01-08T23:26:32.209+0000][183662.576s][info][gc,phases   ] GC(6147)   Merge Heap Roots: 0.4ms
[2025-01-08T23:26:32.209+0000][183662.576s][info][gc,phases   ] GC(6147)   Evacuate Collection Set: 23.9ms
[2025-01-08T23:26:32.209+0000][183662.576s][info][gc,phases   ] GC(6147)   Post Evacuate Collection Set: 2.5ms
[2025-01-08T23:26:32.209+0000][183662.576s][info][gc,phases   ] GC(6147)   Other: 0.2ms
[2025-01-08T23:26:32.209+0000][183662.576s][info][gc,heap     ] GC(6147) Eden regions: 916->0(915)
[2025-01-08T23:26:32.209+0000][183662.576s][info][gc,heap     ] GC(6147) Survivor regions: 5->6(116)
[2025-01-08T23:26:32.209+0000][183662.576s][info][gc,heap     ] GC(6147) Old regions: 233->233
[2025-01-08T23:26:32.209+0000][183662.576s][info][gc,heap     ] GC(6147) Archive regions: 2->2
[2025-01-08T23:26:32.209+0000][183662.576s][info][gc,heap     ] GC(6147) Humongous regions: 49->49
[2025-01-08T23:26:32.209+0000][183662.576s][info][gc,metaspace] GC(6147) Metaspace: 524109K(533824K)->524109K(533824K) NonClass: 460245K(465088K)->460245K(465088K) Class: 63864K(68736K)->63864K(68736K)
[2025-01-08T23:26:32.210+0000][183662.576s][info][gc          ] GC(6147) Pause Young (Normal) (G1 Evacuation Pause) 9628M->2308M(12288M) 27.313ms
[2025-01-08T23:26:32.210+0000][183662.576s][info][gc,cpu      ] GC(6147) User=0.15s Sys=0.00s Real=0.03s
[2025-01-08T23:26:37.806+0000][183668.172s][info][gc,start    ] GC(6148) Pause Young (Normal) (G1 Evacuation Pause)
[2025-01-08T23:26:37.806+0000][183668.172s][info][gc,task     ] GC(6148) Using 6 workers of 6 for evacuation
[2025-01-08T23:26:37.839+0000][183668.206s][info][gc,phases   ] GC(6148)   Pre Evacuate Collection Set: 0.2ms
[2025-01-08T23:26:37.839+0000][183668.206s][info][gc,phases   ] GC(6148)   Merge Heap Roots: 0.4ms
[2025-01-08T23:26:37.839+0000][183668.206s][info][gc,phases   ] GC(6148)   Evacuate Collection Set: 28.9ms
[2025-01-08T23:26:37.839+0000][183668.206s][info][gc,phases   ] GC(6148)   Post Evacuate Collection Set: 3.8ms
[2025-01-08T23:26:37.839+0000][183668.206s][info][gc,phases   ] GC(6148)   Other: 0.2ms
[2025-01-08T23:26:37.839+0000][183668.206s][info][gc,heap     ] GC(6148) Eden regions: 915->0(912)
[2025-01-08T23:26:37.839+0000][183668.206s][info][gc,heap     ] GC(6148) Survivor regions: 6->9(116)
[2025-01-08T23:26:37.839+0000][183668.206s][info][gc,heap     ] GC(6148) Old regions: 233->233
[2025-01-08T23:26:37.839+0000][183668.206s][info][gc,heap     ] GC(6148) Archive regions: 2->2
[2025-01-08T23:26:37.839+0000][183668.206s][info][gc,heap     ] GC(6148) Humongous regions: 49->49
[2025-01-08T23:26:37.839+0000][183668.206s][info][gc,metaspace] GC(6148) Metaspace: 524109K(533824K)->524109K(533824K) NonClass: 460245K(465088K)->460245K(465088K) Class: 63864K(68736K)->63864K(68736K)
[2025-01-08T23:26:37.840+0000][183668.206s][info][gc          ] GC(6148) Pause Young (Normal) (G1 Evacuation Pause) 9628M->2331M(12288M) 33.665ms
[2025-01-08T23:26:37.840+0000][183668.206s][info][gc,cpu      ] GC(6148) User=0.19s Sys=0.00s Real=0.03s
[2025-01-08T23:26:46.559+0000][183676.926s][info][gc,start    ] GC(6149) Pause Young (Concurrent Start) (G1 Evacuation Pause)
[2025-01-08T23:26:46.559+0000][183676.926s][info][gc,task     ] GC(6149) Using 6 workers of 6 for evacuation
[2025-01-08T23:26:46.599+0000][183676.965s][info][gc,phases   ] GC(6149)   Pre Evacuate Collection Set: 1.1ms
[2025-01-08T23:26:46.599+0000][183676.965s][info][gc,phases   ] GC(6149)   Merge Heap Roots: 0.5ms
[2025-01-08T23:26:46.599+0000][183676.965s][info][gc,phases   ] GC(6149)   Evacuate Collection Set: 33.9ms
[2025-01-08T23:26:46.599+0000][183676.965s][info][gc,phases   ] GC(6149)   Post Evacuate Collection Set: 4.1ms
[2025-01-08T23:26:46.599+0000][183676.965s][info][gc,phases   ] GC(6149)   Other: 0.3ms
[2025-01-08T23:26:46.599+0000][183676.965s][info][gc,heap     ] GC(6149) Eden regions: 912->0(911)
[2025-01-08T23:26:46.599+0000][183676.965s][info][gc,heap     ] GC(6149) Survivor regions: 9->10(116)
[2025-01-08T23:26:46.599+0000][183676.965s][info][gc,heap     ] GC(6149) Old regions: 233->233
[2025-01-08T23:26:46.599+0000][183676.965s][info][gc,heap     ] GC(6149) Archive regions: 2->2
[2025-01-08T23:26:46.599+0000][183676.965s][info][gc,heap     ] GC(6149) Humongous regions: 49->49
[2025-01-08T23:26:46.599+0000][183676.965s][info][gc,metaspace] GC(6149) Metaspace: 524109K(533824K)->524109K(533824K) NonClass: 460245K(465088K)->460245K(465088K) Class: 63864K(68736K)->63864K(68736K)
[2025-01-08T23:26:46.599+0000][183676.965s][info][gc          ] GC(6149) Pause Young (Concurrent Start) (G1 Evacuation Pause) 9627M->2341M(12288M) 39.957ms
[2025-01-08T23:26:46.599+0000][183676.966s][info][gc,cpu      ] GC(6149) User=0.23s Sys=0.00s Real=0.04s
[2025-01-08T23:26:46.599+0000][183676.966s][info][gc          ] GC(6150) Concurrent Mark Cycle
[2025-01-08T23:26:46.600+0000][183676.966s][info][gc,marking  ] GC(6150) Concurrent Clear Claimed Marks
[2025-01-08T23:26:46.600+0000][183676.967s][info][gc,marking  ] GC(6150) Concurrent Clear Claimed Marks 0.920ms
[2025-01-08T23:26:46.600+0000][183676.967s][info][gc,marking  ] GC(6150) Concurrent Scan Root Regions
[2025-01-08T23:26:46.633+0000][183676.999s][info][gc,marking  ] GC(6150) Concurrent Scan Root Regions 32.344ms
[2025-01-08T23:26:46.633+0000][183676.999s][info][gc,marking  ] GC(6150) Concurrent Mark
[2025-01-08T23:26:46.633+0000][183676.999s][info][gc,marking  ] GC(6150) Concurrent Mark From Roots
[2025-01-08T23:26:46.633+0000][183676.999s][info][gc,task     ] GC(6150) Using 2 workers of 2 for marking
[2025-01-08T23:26:47.588+0000][183677.954s][info][gc,marking  ] GC(6150) Concurrent Mark From Roots 954.793ms
[2025-01-08T23:26:47.588+0000][183677.954s][info][gc,marking  ] GC(6150) Concurrent Preclean
[2025-01-08T23:26:47.591+0000][183677.957s][info][gc,marking  ] GC(6150) Concurrent Preclean 3.183ms
[2025-01-08T23:26:47.591+0000][183677.957s][info][gc,start    ] GC(6150) Pause Remark
[2025-01-08T23:26:47.617+0000][183677.983s][info][gc          ] GC(6150) Pause Remark 3130M->3130M(12288M) 25.608ms
[2025-01-08T23:26:47.617+0000][183677.983s][info][gc,cpu      ] GC(6150) User=0.15s Sys=0.00s Real=0.02s
[2025-01-08T23:26:47.617+0000][183677.983s][info][gc,marking  ] GC(6150) Concurrent Mark 983.904ms
[2025-01-08T23:26:47.617+0000][183677.983s][info][gc,marking  ] GC(6150) Concurrent Rebuild Remembered Sets
[2025-01-08T23:26:48.152+0000][183678.518s][info][gc,marking  ] GC(6150) Concurrent Rebuild Remembered Sets 535.165ms
[2025-01-08T23:26:48.152+0000][183678.518s][info][gc,start    ] GC(6150) Pause Cleanup
[2025-01-08T23:26:48.152+0000][183678.518s][info][gc          ] GC(6150) Pause Cleanup 3290M->3290M(12288M) 0.375ms
[2025-01-08T23:26:48.152+0000][183678.519s][info][gc,cpu      ] GC(6150) User=0.00s Sys=0.00s Real=0.00s
[2025-01-08T23:26:48.152+0000][183678.519s][info][gc,marking  ] GC(6150) Concurrent Cleanup for Next Mark
[2025-01-08T23:26:48.168+0000][183678.534s][info][gc,marking  ] GC(6150) Concurrent Cleanup for Next Mark 15.515ms
[2025-01-08T23:26:48.168+0000][183678.534s][info][gc          ] GC(6150) Concurrent Mark Cycle 1568.562ms
[2025-01-08T23:26:56.497+0000][183686.863s][info][gc,start    ] GC(6151) Pause Young (Prepare Mixed) (G1 Evacuation Pause)
[2025-01-08T23:26:56.497+0000][183686.863s][info][gc,task     ] GC(6151) Using 6 workers of 6 for evacuation
[2025-01-08T23:26:56.537+0000][183686.903s][info][gc,phases   ] GC(6151)   Pre Evacuate Collection Set: 0.2ms
[2025-01-08T23:26:56.537+0000][183686.903s][info][gc,phases   ] GC(6151)   Merge Heap Roots: 0.8ms
[2025-01-08T23:26:56.537+0000][183686.903s][info][gc,phases   ] GC(6151)   Evacuate Collection Set: 35.1ms
[2025-01-08T23:26:56.537+0000][183686.903s][info][gc,phases   ] GC(6151)   Post Evacuate Collection Set: 4.0ms
[2025-01-08T23:26:56.537+0000][183686.903s][info][gc,phases   ] GC(6151)   Other: 0.2ms
[2025-01-08T23:26:56.537+0000][183686.903s][info][gc,heap     ] GC(6151) Eden regions: 911->0(65)
[2025-01-08T23:26:56.537+0000][183686.903s][info][gc,heap     ] GC(6151) Survivor regions: 10->11(116)
[2025-01-08T23:26:56.537+0000][183686.903s][info][gc,heap     ] GC(6151) Old regions: 233->233
[2025-01-08T23:26:56.537+0000][183686.903s][info][gc,heap     ] GC(6151) Archive regions: 2->2
[2025-01-08T23:26:56.537+0000][183686.903s][info][gc,heap     ] GC(6151) Humongous regions: 49->49
[2025-01-08T23:26:56.537+0000][183686.903s][info][gc,metaspace] GC(6151) Metaspace: 524109K(533824K)->524109K(533824K) NonClass: 460245K(465088K)->460245K(465088K) Class: 63864K(68736K)->63864K(68736K)
[2025-01-08T23:26:56.537+0000][183686.903s][info][gc          ] GC(6151) Pause Young (Prepare Mixed) (G1 Evacuation Pause) 9629M->2346M(12288M) 40.420ms
[2025-01-08T23:26:56.537+0000][183686.903s][info][gc,cpu      ] GC(6151) User=0.23s Sys=0.00s Real=0.04s
[2025-01-08T23:26:57.042+0000][183687.408s][info][gc,start    ] GC(6152) Pause Young (Mixed) (G1 Evacuation Pause)
[2025-01-08T23:26:57.042+0000][183687.408s][info][gc,task     ] GC(6152) Using 6 workers of 6 for evacuation
[2025-01-08T23:26:57.119+0000][183687.485s][info][gc,phases   ] GC(6152)   Pre Evacuate Collection Set: 0.2ms
[2025-01-08T23:26:57.119+0000][183687.485s][info][gc,phases   ] GC(6152)   Merge Heap Roots: 0.8ms
[2025-01-08T23:26:57.119+0000][183687.485s][info][gc,phases   ] GC(6152)   Evacuate Collection Set: 73.7ms
[2025-01-08T23:26:57.119+0000][183687.485s][info][gc,phases   ] GC(6152)   Post Evacuate Collection Set: 1.9ms
[2025-01-08T23:26:57.119+0000][183687.485s][info][gc,phases   ] GC(6152)   Other: 0.2ms
[2025-01-08T23:26:57.119+0000][183687.485s][info][gc,heap     ] GC(6152) Eden regions: 65->0(915)
[2025-01-08T23:26:57.119+0000][183687.485s][info][gc,heap     ] GC(6152) Survivor regions: 11->6(10)
[2025-01-08T23:26:57.119+0000][183687.485s][info][gc,heap     ] GC(6152) Old regions: 233->235
[2025-01-08T23:26:57.119+0000][183687.485s][info][gc,heap     ] GC(6152) Archive regions: 2->2
[2025-01-08T23:26:57.119+0000][183687.485s][info][gc,heap     ] GC(6152) Humongous regions: 49->49
[2025-01-08T23:26:57.119+0000][183687.485s][info][gc,metaspace] GC(6152) Metaspace: 524109K(533824K)->524109K(533824K) NonClass: 460245K(465088K)->460245K(465088K) Class: 63864K(68736K)->63864K(68736K)
[2025-01-08T23:26:57.119+0000][183687.485s][info][gc          ] GC(6152) Pause Young (Mixed) (G1 Evacuation Pause) 2866M->2320M(12288M) 76.855ms
[2025-01-08T23:26:57.119+0000][183687.485s][info][gc,cpu      ] GC(6152) User=0.45s Sys=0.00s Real=0.07s
[2025-01-08T23:27:02.978+0000][183693.345s][info][gc,start    ] GC(6153) Pause Young (Normal) (G1 Evacuation Pause)
[2025-01-08T23:27:02.979+0000][183693.345s][info][gc,task     ] GC(6153) Using 6 workers of 6 for evacuation
[2025-01-08T23:27:03.002+0000][183693.368s][info][gc,phases   ] GC(6153)   Pre Evacuate Collection Set: 0.2ms
[2025-01-08T23:27:03.002+0000][183693.368s][info][gc,phases   ] GC(6153)   Merge Heap Roots: 0.4ms
[2025-01-08T23:27:03.002+0000][183693.368s][info][gc,phases   ] GC(6153)   Evacuate Collection Set: 20.6ms
[2025-01-08T23:27:03.002+0000][183693.368s][info][gc,phases   ] GC(6153)   Post Evacuate Collection Set: 2.4ms
[2025-01-08T23:27:03.002+0000][183693.368s][info][gc,phases   ] GC(6153)   Other: 0.2ms
[2025-01-08T23:27:03.002+0000][183693.369s][info][gc,heap     ] GC(6153) Eden regions: 915->0(915)
[2025-01-08T23:27:03.002+0000][183693.369s][info][gc,heap     ] GC(6153) Survivor regions: 6->6(116)
[2025-01-08T23:27:03.002+0000][183693.369s][info][gc,heap     ] GC(6153) Old regions: 235->235
[2025-01-08T23:27:03.002+0000][183693.369s][info][gc,heap     ] GC(6153) Archive regions: 2->2
[2025-01-08T23:27:03.002+0000][183693.369s][info][gc,heap     ] GC(6153) Humongous regions: 49->49
[2025-01-08T23:27:03.002+0000][183693.369s][info][gc,metaspace] GC(6153) Metaspace: 524109K(533824K)->524109K(533824K) NonClass: 460245K(465088K)->460245K(465088K) Class: 63864K(68736K)->63864K(68736K)
[2025-01-08T23:27:03.002+0000][183693.369s][info][gc          ] GC(6153) Pause Young (Normal) (G1 Evacuation Pause) 9640M->2320M(12288M) 23.968ms
[2025-01-08T23:27:03.003+0000][183693.369s][info][gc,cpu      ] GC(6153) User=0.14s Sys=0.00s Real=0.03s
[2025-01-08T23:27:12.837+0000][183703.203s][info][gc,start    ] GC(6154) Pause Young (Normal) (G1 Evacuation Pause)
[2025-01-08T23:27:12.837+0000][183703.203s][info][gc,task     ] GC(6154) Using 6 workers of 6 for evacuation
[2025-01-08T23:27:12.867+0000][183703.233s][info][gc,phases   ] GC(6154)   Pre Evacuate Collection Set: 0.2ms
[2025-01-08T23:27:12.867+0000][183703.233s][info][gc,phases   ] GC(6154)   Merge Heap Roots: 0.4ms
[2025-01-08T23:27:12.867+0000][183703.233s][info][gc,phases   ] GC(6154)   Evacuate Collection Set: 26.4ms
[2025-01-08T23:27:12.867+0000][183703.233s][info][gc,phases   ] GC(6154)   Post Evacuate Collection Set: 2.8ms
[2025-01-08T23:27:12.867+0000][183703.233s][info][gc,phases   ] GC(6154)   Other: 0.2ms
[2025-01-08T23:27:12.867+0000][183703.233s][info][gc,heap     ] GC(6154) Eden regions: 915->0(913)
[2025-01-08T23:27:12.867+0000][183703.233s][info][gc,heap     ] GC(6154) Survivor regions: 6->8(116)
[2025-01-08T23:27:12.867+0000][183703.233s][info][gc,heap     ] GC(6154) Old regions: 235->235
[2025-01-08T23:27:12.867+0000][183703.233s][info][gc,heap     ] GC(6154) Archive regions: 2->2
[2025-01-08T23:27:12.867+0000][183703.233s][info][gc,heap     ] GC(6154) Humongous regions: 49->49
[2025-01-08T23:27:12.867+0000][183703.233s][info][gc,metaspace] GC(6154) Metaspace: 524109K(533824K)->524109K(533824K) NonClass: 460245K(465088K)->460245K(465088K) Class: 63864K(68736K)->63864K(68736K)
[2025-01-08T23:27:12.867+0000][183703.233s][info][gc          ] GC(6154) Pause Young (Normal) (G1 Evacuation Pause) 9640M->2334M(12288M) 30.146ms
[2025-01-08T23:27:12.867+0000][183703.233s][info][gc,cpu      ] GC(6154) User=0.17s Sys=0.00s Real=0.03s
[2025-01-08T23:27:22.620+0000][183712.986s][info][gc,start    ] GC(6155) Pause Young (Concurrent Start) (G1 Evacuation Pause)
[2025-01-08T23:27:22.620+0000][183712.986s][info][gc,task     ] GC(6155) Using 6 workers of 6 for evacuation
[2025-01-08T23:27:22.655+0000][183713.021s][info][gc,phases   ] GC(6155)   Pre Evacuate Collection Set: 1.1ms
[2025-01-08T23:27:22.655+0000][183713.021s][info][gc,phases   ] GC(6155)   Merge Heap Roots: 0.5ms
[2025-01-08T23:27:22.655+0000][183713.021s][info][gc,phases   ] GC(6155)   Evacuate Collection Set: 30.9ms
[2025-01-08T23:27:22.655+0000][183713.021s][info][gc,phases   ] GC(6155)   Post Evacuate Collection Set: 2.9ms
[2025-01-08T23:27:22.655+0000][183713.021s][info][gc,phases   ] GC(6155)   Other: 0.3ms
[2025-01-08T23:27:22.655+0000][183713.021s][info][gc,heap     ] GC(6155) Eden regions: 913->0(911)
[2025-01-08T23:27:22.655+0000][183713.021s][info][gc,heap     ] GC(6155) Survivor regions: 8->10(116)
[2025-01-08T23:27:22.655+0000][183713.021s][info][gc,heap     ] GC(6155) Old regions: 235->235
[2025-01-08T23:27:22.655+0000][183713.021s][info][gc,heap     ] GC(6155) Archive regions: 2->2
[2025-01-08T23:27:22.655+0000][183713.021s][info][gc,heap     ] GC(6155) Humongous regions: 49->49
[2025-01-08T23:27:22.655+0000][183713.021s][info][gc,metaspace] GC(6155) Metaspace: 524109K(533824K)->524109K(533824K) NonClass: 460245K(465088K)->460245K(465088K) Class: 63864K(68736K)->63864K(68736K)
[2025-01-08T23:27:22.655+0000][183713.021s][info][gc          ] GC(6155) Pause Young (Concurrent Start) (G1 Evacuation Pause) 9638M->2348M(12288M) 35.730ms
[2025-01-08T23:27:22.655+0000][183713.021s][info][gc,cpu      ] GC(6155) User=0.20s Sys=0.00s Real=0.04s
[2025-01-08T23:27:22.655+0000][183713.021s][info][gc          ] GC(6156) Concurrent Mark Cycle
[2025-01-08T23:27:22.655+0000][183713.022s][info][gc,marking  ] GC(6156) Concurrent Clear Claimed Marks
[2025-01-08T23:27:22.656+0000][183713.023s][info][gc,marking  ] GC(6156) Concurrent Clear Claimed Marks 0.990ms
[2025-01-08T23:27:22.656+0000][183713.023s][info][gc,marking  ] GC(6156) Concurrent Scan Root Regions
[2025-01-08T23:27:22.685+0000][183713.051s][info][gc,marking  ] GC(6156) Concurrent Scan Root Regions 28.274ms
[2025-01-08T23:27:22.685+0000][183713.051s][info][gc,marking  ] GC(6156) Concurrent Mark
[2025-01-08T23:27:22.685+0000][183713.051s][info][gc,marking  ] GC(6156) Concurrent Mark From Roots
[2025-01-08T23:27:22.685+0000][183713.051s][info][gc,task     ] GC(6156) Using 2 workers of 2 for marking
[2025-01-08T23:27:23.553+0000][183713.919s][info][gc,marking  ] GC(6156) Concurrent Mark From Roots 867.736ms
[2025-01-08T23:27:23.553+0000][183713.919s][info][gc,marking  ] GC(6156) Concurrent Preclean
[2025-01-08T23:27:23.556+0000][183713.922s][info][gc,marking  ] GC(6156) Concurrent Preclean 3.346ms
[2025-01-08T23:27:23.556+0000][183713.922s][info][gc,start    ] GC(6156) Pause Remark
[2025-01-08T23:27:23.612+0000][183713.978s][info][gc          ] GC(6156) Pause Remark 3160M->3160M(12288M) 55.808ms
[2025-01-08T23:27:23.612+0000][183713.978s][info][gc,cpu      ] GC(6156) User=0.30s Sys=0.00s Real=0.06s
[2025-01-08T23:27:23.612+0000][183713.978s][info][gc,marking  ] GC(6156) Concurrent Mark 927.338ms
[2025-01-08T23:27:23.612+0000][183713.978s][info][gc,marking  ] GC(6156) Concurrent Rebuild Remembered Sets
[2025-01-08T23:27:24.151+0000][183714.517s][info][gc,marking  ] GC(6156) Concurrent Rebuild Remembered Sets 538.878ms
[2025-01-08T23:27:24.151+0000][183714.517s][info][gc,start    ] GC(6156) Pause Cleanup
[2025-01-08T23:27:24.152+0000][183714.518s][info][gc          ] GC(6156) Pause Cleanup 3624M->3624M(12288M) 0.456ms
[2025-01-08T23:27:24.152+0000][183714.518s][info][gc,cpu      ] GC(6156) User=0.00s Sys=0.00s Real=0.00s
[2025-01-08T23:27:24.152+0000][183714.518s][info][gc,marking  ] GC(6156) Concurrent Cleanup for Next Mark
[2025-01-08T23:27:24.167+0000][183714.534s][info][gc,marking  ] GC(6156) Concurrent Cleanup for Next Mark 15.579ms
[2025-01-08T23:27:24.167+0000][183714.534s][info][gc          ] GC(6156) Concurrent Mark Cycle 1512.052ms
[2025-01-08T23:27:30.827+0000][183721.193s][info][gc,start    ] GC(6157) Pause Young (Prepare Mixed) (G1 Evacuation Pause)
[2025-01-08T23:27:30.827+0000][183721.193s][info][gc,task     ] GC(6157) Using 6 workers of 6 for evacuation
[2025-01-08T23:27:30.866+0000][183721.232s][info][gc,phases   ] GC(6157)   Pre Evacuate Collection Set: 0.2ms
[2025-01-08T23:27:30.866+0000][183721.232s][info][gc,phases   ] GC(6157)   Merge Heap Roots: 0.7ms
[2025-01-08T23:27:30.866+0000][183721.232s][info][gc,phases   ] GC(6157)   Evacuate Collection Set: 35.2ms
[2025-01-08T23:27:30.866+0000][183721.232s][info][gc,phases   ] GC(6157)   Post Evacuate Collection Set: 2.7ms
[2025-01-08T23:27:30.866+0000][183721.232s][info][gc,phases   ] GC(6157)   Other: 0.2ms
[2025-01-08T23:27:30.866+0000][183721.232s][info][gc,heap     ] GC(6157) Eden regions: 911->0(65)
[2025-01-08T23:27:30.866+0000][183721.232s][info][gc,heap     ] GC(6157) Survivor regions: 10->11(116)
[2025-01-08T23:27:30.866+0000][183721.232s][info][gc,heap     ] GC(6157) Old regions: 235->235
[2025-01-08T23:27:30.866+0000][183721.232s][info][gc,heap     ] GC(6157) Archive regions: 2->2
[2025-01-08T23:27:30.866+0000][183721.232s][info][gc,heap     ] GC(6157) Humongous regions: 49->49
[2025-01-08T23:27:30.866+0000][183721.232s][info][gc,metaspace] GC(6157) Metaspace: 524107K(533824K)->524107K(533824K) NonClass: 460243K(465088K)->460243K(465088K) Class: 63863K(68736K)->63863K(68736K)
[2025-01-08T23:27:30.866+0000][183721.232s][info][gc          ] GC(6157) Pause Young (Prepare Mixed) (G1 Evacuation Pause) 9636M->2360M(12288M) 39.060ms
[2025-01-08T23:27:30.866+0000][183721.232s][info][gc,cpu      ] GC(6157) User=0.23s Sys=0.00s Real=0.04s
[2025-01-08T23:27:31.507+0000][183721.873s][info][gc,start    ] GC(6158) Pause Young (Mixed) (G1 Evacuation Pause)
[2025-01-08T23:27:31.507+0000][183721.874s][info][gc,task     ] GC(6158) Using 6 workers of 6 for evacuation
[2025-01-08T23:27:31.552+0000][183721.918s][info][gc,phases   ] GC(6158)   Pre Evacuate Collection Set: 0.2ms
[2025-01-08T23:27:31.552+0000][183721.918s][info][gc,phases   ] GC(6158)   Merge Heap Roots: 0.5ms
[2025-01-08T23:27:31.552+0000][183721.918s][info][gc,phases   ] GC(6158)   Evacuate Collection Set: 42.6ms
[2025-01-08T23:27:31.552+0000][183721.918s][info][gc,phases   ] GC(6158)   Post Evacuate Collection Set: 1.4ms
[2025-01-08T23:27:31.552+0000][183721.918s][info][gc,phases   ] GC(6158)   Other: 0.2ms
[2025-01-08T23:27:31.552+0000][183721.918s][info][gc,heap     ] GC(6158) Eden regions: 65->0(917)
[2025-01-08T23:27:31.552+0000][183721.918s][info][gc,heap     ] GC(6158) Survivor regions: 11->4(10)
[2025-01-08T23:27:31.552+0000][183721.918s][info][gc,heap     ] GC(6158) Old regions: 235->233
[2025-01-08T23:27:31.552+0000][183721.918s][info][gc,heap     ] GC(6158) Archive regions: 2->2
[2025-01-08T23:27:31.552+0000][183721.918s][info][gc,heap     ] GC(6158) Humongous regions: 49->49
[2025-01-08T23:27:31.552+0000][183721.918s][info][gc,metaspace] GC(6158) Metaspace: 524107K(533824K)->524107K(533824K) NonClass: 460243K(465088K)->460243K(465088K) Class: 63863K(68736K)->63863K(68736K)
[2025-01-08T23:27:31.552+0000][183721.918s][info][gc          ] GC(6158) Pause Young (Mixed) (G1 Evacuation Pause) 2880M->2284M(12288M) 44.984ms
[2025-01-08T23:27:31.552+0000][183721.918s][info][gc,cpu      ] GC(6158) User=0.27s Sys=0.00s Real=0.05s
[2025-01-08T23:27:41.041+0000][183731.407s][info][gc,start    ] GC(6159) Pause Young (Normal) (G1 Evacuation Pause)
[2025-01-08T23:27:41.041+0000][183731.407s][info][gc,task     ] GC(6159) Using 6 workers of 6 for evacuation
[2025-01-08T23:27:41.082+0000][183731.449s][info][gc,phases   ] GC(6159)   Pre Evacuate Collection Set: 0.2ms
[2025-01-08T23:27:41.082+0000][183731.449s][info][gc,phases   ] GC(6159)   Merge Heap Roots: 0.5ms
[2025-01-08T23:27:41.082+0000][183731.449s][info][gc,phases   ] GC(6159)   Evacuate Collection Set: 34.9ms
[2025-01-08T23:27:41.082+0000][183731.449s][info][gc,phases   ] GC(6159)   Post Evacuate Collection Set: 5.5ms
[2025-01-08T23:27:41.082+0000][183731.449s][info][gc,phases   ] GC(6159)   Other: 0.2ms
[2025-01-08T23:27:41.082+0000][183731.449s][info][gc,heap     ] GC(6159) Eden regions: 917->0(911)
[2025-01-08T23:27:41.082+0000][183731.449s][info][gc,heap     ] GC(6159) Survivor regions: 4->10(116)
[2025-01-08T23:27:41.082+0000][183731.449s][info][gc,heap     ] GC(6159) Old regions: 233->233
[2025-01-08T23:27:41.082+0000][183731.449s][info][gc,heap     ] GC(6159) Archive regions: 2->2
[2025-01-08T23:27:41.082+0000][183731.449s][info][gc,heap     ] GC(6159) Humongous regions: 49->49
[2025-01-08T23:27:41.082+0000][183731.449s][info][gc,metaspace] GC(6159) Metaspace: 524107K(533824K)->524107K(533824K) NonClass: 460243K(465088K)->460243K(465088K) Class: 63863K(68736K)->63863K(68736K)
[2025-01-08T23:27:41.083+0000][183731.449s][info][gc          ] GC(6159) Pause Young (Normal) (G1 Evacuation Pause) 9620M->2333M(12288M) 41.453ms
[2025-01-08T23:27:41.083+0000][183731.449s][info][gc,cpu      ] GC(6159) User=0.24s Sys=0.00s Real=0.05s
[2025-01-08T23:27:50.070+0000][183740.436s][info][gc,start    ] GC(6160) Pause Young (Normal) (G1 Evacuation Pause)
[2025-01-08T23:27:50.070+0000][183740.436s][info][gc,task     ] GC(6160) Using 6 workers of 6 for evacuation
[2025-01-08T23:27:50.109+0000][183740.475s][info][gc,phases   ] GC(6160)   Pre Evacuate Collection Set: 0.2ms
[2025-01-08T23:27:50.109+0000][183740.476s][info][gc,phases   ] GC(6160)   Merge Heap Roots: 0.5ms
[2025-01-08T23:27:50.109+0000][183740.476s][info][gc,phases   ] GC(6160)   Evacuate Collection Set: 34.6ms
[2025-01-08T23:27:50.109+0000][183740.476s][info][gc,phases   ] GC(6160)   Post Evacuate Collection Set: 4.0ms
[2025-01-08T23:27:50.109+0000][183740.476s][info][gc,phases   ] GC(6160)   Other: 0.2ms
[2025-01-08T23:27:50.109+0000][183740.476s][info][gc,heap     ] GC(6160) Eden regions: 911->0(910)
[2025-01-08T23:27:50.109+0000][183740.476s][info][gc,heap     ] GC(6160) Survivor regions: 10->11(116)
[2025-01-08T23:27:50.109+0000][183740.476s][info][gc,heap     ] GC(6160) Old regions: 233->233
[2025-01-08T23:27:50.109+0000][183740.476s][info][gc,heap     ] GC(6160) Archive regions: 2->2
[2025-01-08T23:27:50.110+0000][183740.476s][info][gc,heap     ] GC(6160) Humongous regions: 49->49
[2025-01-08T23:27:50.110+0000][183740.476s][info][gc,metaspace] GC(6160) Metaspace: 524107K(533824K)->524107K(533824K) NonClass: 460243K(465088K)->460243K(465088K) Class: 63863K(68736K)->63863K(68736K)
[2025-01-08T23:27:50.110+0000][183740.476s][info][gc          ] GC(6160) Pause Young (Normal) (G1 Evacuation Pause) 9621M->2337M(12288M) 39.688ms
[2025-01-08T23:27:50.110+0000][183740.476s][info][gc,cpu      ] GC(6160) User=0.23s Sys=0.00s Real=0.04s
[2025-01-08T23:27:56.094+0000][183746.461s][info][gc,start    ] GC(6161) Pause Young (Concurrent Start) (G1 Evacuation Pause)
[2025-01-08T23:27:56.094+0000][183746.461s][info][gc,task     ] GC(6161) Using 6 workers of 6 for evacuation
[2025-01-08T23:27:56.136+0000][183746.502s][info][gc,phases   ] GC(6161)   Pre Evacuate Collection Set: 1.1ms
[2025-01-08T23:27:56.136+0000][183746.502s][info][gc,phases   ] GC(6161)   Merge Heap Roots: 0.5ms
[2025-01-08T23:27:56.136+0000][183746.502s][info][gc,phases   ] GC(6161)   Evacuate Collection Set: 36.7ms
[2025-01-08T23:27:56.136+0000][183746.502s][info][gc,phases   ] GC(6161)   Post Evacuate Collection Set: 2.5ms
[2025-01-08T23:27:56.136+0000][183746.502s][info][gc,phases   ] GC(6161)   Other: 0.3ms
[2025-01-08T23:27:56.136+0000][183746.502s][info][gc,heap     ] GC(6161) Eden regions: 910->0(910)
[2025-01-08T23:27:56.136+0000][183746.502s][info][gc,heap     ] GC(6161) Survivor regions: 11->11(116)
[2025-01-08T23:27:56.136+0000][183746.502s][info][gc,heap     ] GC(6161) Old regions: 233->233
[2025-01-08T23:27:56.136+0000][183746.502s][info][gc,heap     ] GC(6161) Archive regions: 2->2
[2025-01-08T23:27:56.136+0000][183746.502s][info][gc,heap     ] GC(6161) Humongous regions: 49->49
[2025-01-08T23:27:56.136+0000][183746.502s][info][gc,metaspace] GC(6161) Metaspace: 524107K(533824K)->524107K(533824K) NonClass: 460243K(465088K)->460243K(465088K) Class: 63863K(68736K)->63863K(68736K)
[2025-01-08T23:27:56.136+0000][183746.502s][info][gc          ] GC(6161) Pause Young (Concurrent Start) (G1 Evacuation Pause) 9617M->2342M(12288M) 41.230ms
[2025-01-08T23:27:56.136+0000][183746.502s][info][gc,cpu      ] GC(6161) User=0.23s Sys=0.01s Real=0.04s
[2025-01-08T23:27:56.136+0000][183746.502s][info][gc          ] GC(6162) Concurrent Mark Cycle
[2025-01-08T23:27:56.136+0000][183746.502s][info][gc,marking  ] GC(6162) Concurrent Clear Claimed Marks
[2025-01-08T23:27:56.137+0000][183746.503s][info][gc,marking  ] GC(6162) Concurrent Clear Claimed Marks 0.928ms
[2025-01-08T23:27:56.137+0000][183746.503s][info][gc,marking  ] GC(6162) Concurrent Scan Root Regions
[2025-01-08T23:27:56.175+0000][183746.541s][info][gc,marking  ] GC(6162) Concurrent Scan Root Regions 38.301ms
[2025-01-08T23:27:56.175+0000][183746.541s][info][gc,marking  ] GC(6162) Concurrent Mark
[2025-01-08T23:27:56.175+0000][183746.541s][info][gc,marking  ] GC(6162) Concurrent Mark From Roots
[2025-01-08T23:27:56.175+0000][183746.541s][info][gc,task     ] GC(6162) Using 2 workers of 2 for marking
[2025-01-08T23:27:57.017+0000][183747.383s][info][gc,marking  ] GC(6162) Concurrent Mark From Roots 841.888ms
[2025-01-08T23:27:57.017+0000][183747.383s][info][gc,marking  ] GC(6162) Concurrent Preclean
[2025-01-08T23:27:57.021+0000][183747.387s][info][gc,marking  ] GC(6162) Concurrent Preclean 3.527ms
[2025-01-08T23:27:57.021+0000][183747.387s][info][gc,start    ] GC(6162) Pause Remark
[2025-01-08T23:27:57.046+0000][183747.412s][info][gc          ] GC(6162) Pause Remark 3566M->3566M(12288M) 25.600ms
[2025-01-08T23:27:57.046+0000][183747.412s][info][gc,cpu      ] GC(6162) User=0.15s Sys=0.00s Real=0.03s
[2025-01-08T23:27:57.046+0000][183747.413s][info][gc,marking  ] GC(6162) Concurrent Mark 871.364ms
[2025-01-08T23:27:57.046+0000][183747.413s][info][gc,marking  ] GC(6162) Concurrent Rebuild Remembered Sets
[2025-01-08T23:27:57.573+0000][183747.939s][info][gc,marking  ] GC(6162) Concurrent Rebuild Remembered Sets 526.678ms
[2025-01-08T23:27:57.573+0000][183747.939s][info][gc,start    ] GC(6162) Pause Cleanup
[2025-01-08T23:27:57.574+0000][183747.940s][info][gc          ] GC(6162) Pause Cleanup 3786M->3786M(12288M) 0.453ms
[2025-01-08T23:27:57.574+0000][183747.940s][info][gc,cpu      ] GC(6162) User=0.00s Sys=0.00s Real=0.00s
[2025-01-08T23:27:57.574+0000][183747.940s][info][gc,marking  ] GC(6162) Concurrent Cleanup for Next Mark
[2025-01-08T23:27:57.590+0000][183747.956s][info][gc,marking  ] GC(6162) Concurrent Cleanup for Next Mark 15.879ms
[2025-01-08T23:27:57.590+0000][183747.956s][info][gc          ] GC(6162) Concurrent Mark Cycle 1454.010ms
[2025-01-08T23:28:06.514+0000][183756.880s][info][gc,start    ] GC(6163) Pause Young (Prepare Mixed) (G1 Evacuation Pause)
[2025-01-08T23:28:06.514+0000][183756.880s][info][gc,task     ] GC(6163) Using 6 workers of 6 for evacuation
[2025-01-08T23:28:06.560+0000][183756.926s][info][gc,phases   ] GC(6163)   Pre Evacuate Collection Set: 0.2ms
[2025-01-08T23:28:06.560+0000][183756.926s][info][gc,phases   ] GC(6163)   Merge Heap Roots: 0.8ms
[2025-01-08T23:28:06.560+0000][183756.926s][info][gc,phases   ] GC(6163)   Evacuate Collection Set: 42.0ms
[2025-01-08T23:28:06.560+0000][183756.926s][info][gc,phases   ] GC(6163)   Post Evacuate Collection Set: 2.7ms
[2025-01-08T23:28:06.560+0000][183756.926s][info][gc,phases   ] GC(6163)   Other: 0.2ms
[2025-01-08T23:28:06.560+0000][183756.926s][info][gc,heap     ] GC(6163) Eden regions: 910->0(64)
[2025-01-08T23:28:06.560+0000][183756.926s][info][gc,heap     ] GC(6163) Survivor regions: 11->12(116)
[2025-01-08T23:28:06.560+0000][183756.926s][info][gc,heap     ] GC(6163) Old regions: 233->233
[2025-01-08T23:28:06.560+0000][183756.926s][info][gc,heap     ] GC(6163) Archive regions: 2->2
[2025-01-08T23:28:06.560+0000][183756.926s][info][gc,heap     ] GC(6163) Humongous regions: 49->49
[2025-01-08T23:28:06.560+0000][183756.926s][info][gc,metaspace] GC(6163) Metaspace: 524111K(533824K)->524111K(533824K) NonClass: 460248K(465088K)->460248K(465088K) Class: 63863K(68736K)->63863K(68736K)
[2025-01-08T23:28:06.560+0000][183756.926s][info][gc          ] GC(6163) Pause Young (Prepare Mixed) (G1 Evacuation Pause) 9622M->2350M(12288M) 46.019ms
[2025-01-08T23:28:06.560+0000][183756.926s][info][gc,cpu      ] GC(6163) User=0.27s Sys=0.00s Real=0.04s
[2025-01-08T23:28:06.940+0000][183757.307s][info][gc,start    ] GC(6164) Pause Young (Mixed) (G1 Evacuation Pause)
[2025-01-08T23:28:06.940+0000][183757.307s][info][gc,task     ] GC(6164) Using 6 workers of 6 for evacuation
[2025-01-08T23:28:07.016+0000][183757.382s][info][gc,phases   ] GC(6164)   Pre Evacuate Collection Set: 0.2ms
[2025-01-08T23:28:07.016+0000][183757.383s][info][gc,phases   ] GC(6164)   Merge Heap Roots: 0.7ms
[2025-01-08T23:28:07.016+0000][183757.383s][info][gc,phases   ] GC(6164)   Evacuate Collection Set: 73.0ms
[2025-01-08T23:28:07.016+0000][183757.383s][info][gc,phases   ] GC(6164)   Post Evacuate Collection Set: 1.9ms
[2025-01-08T23:28:07.016+0000][183757.383s][info][gc,phases   ] GC(6164)   Other: 0.2ms
[2025-01-08T23:28:07.016+0000][183757.383s][info][gc,heap     ] GC(6164) Eden regions: 64->0(916)
[2025-01-08T23:28:07.016+0000][183757.383s][info][gc,heap     ] GC(6164) Survivor regions: 12->5(10)
[2025-01-08T23:28:07.016+0000][183757.383s][info][gc,heap     ] GC(6164) Old regions: 233->235
[2025-01-08T23:28:07.016+0000][183757.383s][info][gc,heap     ] GC(6164) Archive regions: 2->2
[2025-01-08T23:28:07.016+0000][183757.383s][info][gc,heap     ] GC(6164) Humongous regions: 49->49
[2025-01-08T23:28:07.016+0000][183757.383s][info][gc,metaspace] GC(6164) Metaspace: 524111K(533824K)->524111K(533824K) NonClass: 460248K(465088K)->460248K(465088K) Class: 63863K(68736K)->63863K(68736K)
[2025-01-08T23:28:07.016+0000][183757.383s][info][gc          ] GC(6164) Pause Young (Mixed) (G1 Evacuation Pause) 2862M->2314M(12288M) 76.048ms
[2025-01-08T23:28:07.017+0000][183757.383s][info][gc,cpu      ] GC(6164) User=0.44s Sys=0.01s Real=0.08s
[2025-01-08T23:28:13.953+0000][183764.319s][info][gc,start    ] GC(6165) Pause Young (Normal) (GCLocker Initiated GC)
[2025-01-08T23:28:13.953+0000][183764.319s][info][gc,task     ] GC(6165) Using 6 workers of 6 for evacuation
[2025-01-08T23:28:13.976+0000][183764.342s][info][gc,phases   ] GC(6165)   Pre Evacuate Collection Set: 0.2ms
[2025-01-08T23:28:13.976+0000][183764.342s][info][gc,phases   ] GC(6165)   Merge Heap Roots: 0.4ms
[2025-01-08T23:28:13.976+0000][183764.342s][info][gc,phases   ] GC(6165)   Evacuate Collection Set: 20.0ms
[2025-01-08T23:28:13.976+0000][183764.342s][info][gc,phases   ] GC(6165)   Post Evacuate Collection Set: 2.5ms
[2025-01-08T23:28:13.976+0000][183764.342s][info][gc,phases   ] GC(6165)   Other: 0.2ms
[2025-01-08T23:28:13.976+0000][183764.342s][info][gc,heap     ] GC(6165) Eden regions: 916->0(915)
[2025-01-08T23:28:13.976+0000][183764.342s][info][gc,heap     ] GC(6165) Survivor regions: 5->6(116)
[2025-01-08T23:28:13.976+0000][183764.342s][info][gc,heap     ] GC(6165) Old regions: 235->235
[2025-01-08T23:28:13.976+0000][183764.342s][info][gc,heap     ] GC(6165) Archive regions: 2->2
[2025-01-08T23:28:13.976+0000][183764.342s][info][gc,heap     ] GC(6165) Humongous regions: 49->49
[2025-01-08T23:28:13.976+0000][183764.342s][info][gc,metaspace] GC(6165) Metaspace: 524111K(533824K)->524111K(533824K) NonClass: 460248K(465088K)->460248K(465088K) Class: 63863K(68736K)->63863K(68736K)
[2025-01-08T23:28:13.976+0000][183764.342s][info][gc          ] GC(6165) Pause Young (Normal) (GCLocker Initiated GC) 9642M->2317M(12288M) 23.387ms
[2025-01-08T23:28:13.976+0000][183764.342s][info][gc,cpu      ] GC(6165) User=0.14s Sys=0.00s Real=0.02s
[2025-01-08T23:28:23.066+0000][183773.432s][info][gc,start    ] GC(6166) Pause Young (Normal) (G1 Evacuation Pause)
[2025-01-08T23:28:23.066+0000][183773.432s][info][gc,task     ] GC(6166) Using 6 workers of 6 for evacuation
[2025-01-08T23:28:23.092+0000][183773.458s][info][gc,phases   ] GC(6166)   Pre Evacuate Collection Set: 0.2ms
[2025-01-08T23:28:23.092+0000][183773.458s][info][gc,phases   ] GC(6166)   Merge Heap Roots: 0.4ms
[2025-01-08T23:28:23.092+0000][183773.458s][info][gc,phases   ] GC(6166)   Evacuate Collection Set: 22.2ms
[2025-01-08T23:28:23.092+0000][183773.458s][info][gc,phases   ] GC(6166)   Post Evacuate Collection Set: 2.6ms
[2025-01-08T23:28:23.092+0000][183773.458s][info][gc,phases   ] GC(6166)   Other: 0.2ms
[2025-01-08T23:28:23.092+0000][183773.458s][info][gc,heap     ] GC(6166) Eden regions: 915->0(914)
[2025-01-08T23:28:23.092+0000][183773.458s][info][gc,heap     ] GC(6166) Survivor regions: 6->7(116)
[2025-01-08T23:28:23.092+0000][183773.458s][info][gc,heap     ] GC(6166) Old regions: 235->235
[2025-01-08T23:28:23.092+0000][183773.458s][info][gc,heap     ] GC(6166) Archive regions: 2->2
[2025-01-08T23:28:23.092+0000][183773.458s][info][gc,heap     ] GC(6166) Humongous regions: 49->49
[2025-01-08T23:28:23.092+0000][183773.458s][info][gc,metaspace] GC(6166) Metaspace: 524111K(533824K)->524111K(533824K) NonClass: 460248K(465088K)->460248K(465088K) Class: 63863K(68736K)->63863K(68736K)
[2025-01-08T23:28:23.092+0000][183773.458s][info][gc          ] GC(6166) Pause Young (Normal) (G1 Evacuation Pause) 9637M->2328M(12288M) 25.750ms
[2025-01-08T23:28:23.092+0000][183773.458s][info][gc,cpu      ] GC(6166) User=0.15s Sys=0.01s Real=0.03s
[2025-01-08T23:28:30.224+0000][183780.590s][info][gc,start    ] GC(6167) Pause Young (Concurrent Start) (G1 Evacuation Pause)
[2025-01-08T23:28:30.224+0000][183780.590s][info][gc,task     ] GC(6167) Using 6 workers of 6 for evacuation
[2025-01-08T23:28:30.255+0000][183780.621s][info][gc,phases   ] GC(6167)   Pre Evacuate Collection Set: 1.1ms
[2025-01-08T23:28:30.255+0000][183780.621s][info][gc,phases   ] GC(6167)   Merge Heap Roots: 0.4ms
[2025-01-08T23:28:30.255+0000][183780.621s][info][gc,phases   ] GC(6167)   Evacuate Collection Set: 24.4ms
[2025-01-08T23:28:30.255+0000][183780.621s][info][gc,phases   ] GC(6167)   Post Evacuate Collection Set: 5.1ms
[2025-01-08T23:28:30.255+0000][183780.621s][info][gc,phases   ] GC(6167)   Other: 0.3ms
[2025-01-08T23:28:30.255+0000][183780.621s][info][gc,heap     ] GC(6167) Eden regions: 914->0(912)
[2025-01-08T23:28:30.255+0000][183780.621s][info][gc,heap     ] GC(6167) Survivor regions: 7->9(116)
[2025-01-08T23:28:30.255+0000][183780.621s][info][gc,heap     ] GC(6167) Old regions: 235->235
[2025-01-08T23:28:30.255+0000][183780.621s][info][gc,heap     ] GC(6167) Archive regions: 2->2
[2025-01-08T23:28:30.255+0000][183780.621s][info][gc,heap     ] GC(6167) Humongous regions: 49->49
[2025-01-08T23:28:30.255+0000][183780.621s][info][gc,metaspace] GC(6167) Metaspace: 524111K(533824K)->524111K(533824K) NonClass: 460248K(465088K)->460248K(465088K) Class: 63863K(68736K)->63863K(68736K)
[2025-01-08T23:28:30.255+0000][183780.621s][info][gc          ] GC(6167) Pause Young (Concurrent Start) (G1 Evacuation Pause) 9640M->2345M(12288M) 31.417ms
[2025-01-08T23:28:30.255+0000][183780.621s][info][gc,cpu      ] GC(6167) User=0.17s Sys=0.00s Real=0.03s
[2025-01-08T23:28:30.255+0000][183780.621s][info][gc          ] GC(6168) Concurrent Mark Cycle
[2025-01-08T23:28:30.255+0000][183780.621s][info][gc,marking  ] GC(6168) Concurrent Clear Claimed Marks
[2025-01-08T23:28:30.256+0000][183780.622s][info][gc,marking  ] GC(6168) Concurrent Clear Claimed Marks 0.873ms
[2025-01-08T23:28:30.256+0000][183780.622s][info][gc,marking  ] GC(6168) Concurrent Scan Root Regions
[2025-01-08T23:28:30.277+0000][183780.643s][info][gc,marking  ] GC(6168) Concurrent Scan Root Regions 20.759ms
[2025-01-08T23:28:30.279+0000][183780.645s][info][gc,marking  ] GC(6168) Concurrent Mark
[2025-01-08T23:28:30.279+0000][183780.645s][info][gc,marking  ] GC(6168) Concurrent Mark From Roots
[2025-01-08T23:28:30.279+0000][183780.645s][info][gc,task     ] GC(6168) Using 2 workers of 2 for marking
[2025-01-08T23:28:31.106+0000][183781.472s][info][gc,marking  ] GC(6168) Concurrent Mark From Roots 826.931ms
[2025-01-08T23:28:31.106+0000][183781.472s][info][gc,marking  ] GC(6168) Concurrent Preclean
[2025-01-08T23:28:31.109+0000][183781.476s][info][gc,marking  ] GC(6168) Concurrent Preclean 3.598ms
[2025-01-08T23:28:31.110+0000][183781.476s][info][gc,start    ] GC(6168) Pause Remark
[2025-01-08T23:28:31.165+0000][183781.531s][info][gc          ] GC(6168) Pause Remark 2925M->2925M(12288M) 55.696ms
[2025-01-08T23:28:31.165+0000][183781.531s][info][gc,cpu      ] GC(6168) User=0.30s Sys=0.00s Real=0.05s
[2025-01-08T23:28:31.165+0000][183781.532s][info][gc,marking  ] GC(6168) Concurrent Mark 886.594ms
[2025-01-08T23:28:31.166+0000][183781.532s][info][gc,marking  ] GC(6168) Concurrent Rebuild Remembered Sets
[2025-01-08T23:28:31.753+0000][183782.119s][info][gc,marking  ] GC(6168) Concurrent Rebuild Remembered Sets 587.234ms
[2025-01-08T23:28:31.753+0000][183782.119s][info][gc,start    ] GC(6168) Pause Cleanup
[2025-01-08T23:28:31.753+0000][183782.119s][info][gc          ] GC(6168) Pause Cleanup 3473M->3473M(12288M) 0.456ms
[2025-01-08T23:28:31.753+0000][183782.120s][info][gc,cpu      ] GC(6168) User=0.00s Sys=0.00s Real=0.00s
[2025-01-08T23:28:31.754+0000][183782.120s][info][gc,marking  ] GC(6168) Concurrent Cleanup for Next Mark
[2025-01-08T23:28:31.770+0000][183782.136s][info][gc,marking  ] GC(6168) Concurrent Cleanup for Next Mark 16.042ms
[2025-01-08T23:28:31.770+0000][183782.136s][info][gc          ] GC(6168) Concurrent Mark Cycle 1514.234ms
[2025-01-08T23:28:40.704+0000][183791.070s][info][gc,start    ] GC(6169) Pause Young (Prepare Mixed) (G1 Evacuation Pause)
[2025-01-08T23:28:40.704+0000][183791.070s][info][gc,task     ] GC(6169) Using 6 workers of 6 for evacuation
[2025-01-08T23:28:40.738+0000][183791.104s][info][gc,phases   ] GC(6169)   Pre Evacuate Collection Set: 0.2ms
[2025-01-08T23:28:40.738+0000][183791.104s][info][gc,phases   ] GC(6169)   Merge Heap Roots: 0.6ms
[2025-01-08T23:28:40.738+0000][183791.104s][info][gc,phases   ] GC(6169)   Evacuate Collection Set: 30.2ms
[2025-01-08T23:28:40.738+0000][183791.104s][info][gc,phases   ] GC(6169)   Post Evacuate Collection Set: 2.8ms
[2025-01-08T23:28:40.738+0000][183791.104s][info][gc,phases   ] GC(6169)   Other: 0.2ms
[2025-01-08T23:28:40.738+0000][183791.104s][info][gc,heap     ] GC(6169) Eden regions: 912->0(67)
[2025-01-08T23:28:40.738+0000][183791.104s][info][gc,heap     ] GC(6169) Survivor regions: 9->9(116)
[2025-01-08T23:28:40.738+0000][183791.104s][info][gc,heap     ] GC(6169) Old regions: 235->235
[2025-01-08T23:28:40.738+0000][183791.104s][info][gc,heap     ] GC(6169) Archive regions: 2->2
[2025-01-08T23:28:40.738+0000][183791.104s][info][gc,heap     ] GC(6169) Humongous regions: 49->49
[2025-01-08T23:28:40.738+0000][183791.104s][info][gc,metaspace] GC(6169) Metaspace: 524075K(533824K)->524075K(533824K) NonClass: 460221K(465088K)->460221K(465088K) Class: 63853K(68736K)->63853K(68736K)
[2025-01-08T23:28:40.738+0000][183791.104s][info][gc          ] GC(6169) Pause Young (Prepare Mixed) (G1 Evacuation Pause) 9641M->2346M(12288M) 34.107ms
[2025-01-08T23:28:40.738+0000][183791.104s][info][gc,cpu      ] GC(6169) User=0.19s Sys=0.00s Real=0.03s
[2025-01-08T23:28:41.197+0000][183791.563s][info][gc,start    ] GC(6170) Pause Young (Mixed) (G1 Evacuation Pause)
[2025-01-08T23:28:41.197+0000][183791.563s][info][gc,task     ] GC(6170) Using 6 workers of 6 for evacuation
[2025-01-08T23:28:41.270+0000][183791.636s][info][gc,phases   ] GC(6170)   Pre Evacuate Collection Set: 0.2ms
[2025-01-08T23:28:41.270+0000][183791.636s][info][gc,phases   ] GC(6170)   Merge Heap Roots: 0.8ms
[2025-01-08T23:28:41.270+0000][183791.636s][info][gc,phases   ] GC(6170)   Evacuate Collection Set: 69.4ms
[2025-01-08T23:28:41.270+0000][183791.636s][info][gc,phases   ] GC(6170)   Post Evacuate Collection Set: 1.9ms
[2025-01-08T23:28:41.270+0000][183791.636s][info][gc,phases   ] GC(6170)   Other: 0.2ms
[2025-01-08T23:28:41.270+0000][183791.636s][info][gc,heap     ] GC(6170) Eden regions: 67->0(916)
[2025-01-08T23:28:41.270+0000][183791.636s][info][gc,heap     ] GC(6170) Survivor regions: 9->5(10)
[2025-01-08T23:28:41.270+0000][183791.636s][info][gc,heap     ] GC(6170) Old regions: 235->234
[2025-01-08T23:28:41.270+0000][183791.636s][info][gc,heap     ] GC(6170) Archive regions: 2->2
[2025-01-08T23:28:41.270+0000][183791.636s][info][gc,heap     ] GC(6170) Humongous regions: 49->49
[2025-01-08T23:28:41.270+0000][183791.636s][info][gc,metaspace] GC(6170) Metaspace: 524075K(533824K)->524075K(533824K) NonClass: 460221K(465088K)->460221K(465088K) Class: 63853K(68736K)->63853K(68736K)
[2025-01-08T23:28:41.270+0000][183791.636s][info][gc          ] GC(6170) Pause Young (Mixed) (G1 Evacuation Pause) 2882M->2308M(12288M) 72.527ms
[2025-01-08T23:28:41.270+0000][183791.636s][info][gc,cpu      ] GC(6170) User=0.42s Sys=0.01s Real=0.08s
[2025-01-08T23:28:52.912+0000][183803.278s][info][gc,start    ] GC(6171) Pause Young (Normal) (G1 Evacuation Pause)
[2025-01-08T23:28:52.912+0000][183803.278s][info][gc,task     ] GC(6171) Using 6 workers of 6 for evacuation
[2025-01-08T23:28:52.938+0000][183803.305s][info][gc,phases   ] GC(6171)   Pre Evacuate Collection Set: 0.2ms
[2025-01-08T23:28:52.938+0000][183803.305s][info][gc,phases   ] GC(6171)   Merge Heap Roots: 0.4ms
[2025-01-08T23:28:52.938+0000][183803.305s][info][gc,phases   ] GC(6171)   Evacuate Collection Set: 21.5ms
[2025-01-08T23:28:52.938+0000][183803.305s][info][gc,phases   ] GC(6171)   Post Evacuate Collection Set: 3.9ms
[2025-01-08T23:28:52.938+0000][183803.305s][info][gc,phases   ] GC(6171)   Other: 0.2ms
[2025-01-08T23:28:52.938+0000][183803.305s][info][gc,heap     ] GC(6171) Eden regions: 916->0(914)
[2025-01-08T23:28:52.938+0000][183803.305s][info][gc,heap     ] GC(6171) Survivor regions: 5->7(116)
[2025-01-08T23:28:52.939+0000][183803.305s][info][gc,heap     ] GC(6171) Old regions: 234->234
[2025-01-08T23:28:52.939+0000][183803.305s][info][gc,heap     ] GC(6171) Archive regions: 2->2
[2025-01-08T23:28:52.939+0000][183803.305s][info][gc,heap     ] GC(6171) Humongous regions: 49->49
[2025-01-08T23:28:52.939+0000][183803.305s][info][gc,metaspace] GC(6171) Metaspace: 524075K(533824K)->524075K(533824K) NonClass: 460221K(465088K)->460221K(465088K) Class: 63853K(68736K)->63853K(68736K)
[2025-01-08T23:28:52.939+0000][183803.305s][info][gc          ] GC(6171) Pause Young (Normal) (G1 Evacuation Pause) 9636M->2318M(12288M) 26.270ms
[2025-01-08T23:28:52.939+0000][183803.305s][info][gc,cpu      ] GC(6171) User=0.15s Sys=0.00s Real=0.02s
[2025-01-08T23:29:01.613+0000][183811.979s][info][gc,start    ] GC(6172) Pause Young (Normal) (G1 Evacuation Pause)
[2025-01-08T23:29:01.613+0000][183811.979s][info][gc,task     ] GC(6172) Using 6 workers of 6 for evacuation
[2025-01-08T23:29:01.641+0000][183812.007s][info][gc,phases   ] GC(6172)   Pre Evacuate Collection Set: 0.2ms
[2025-01-08T23:29:01.641+0000][183812.007s][info][gc,phases   ] GC(6172)   Merge Heap Roots: 0.4ms
[2025-01-08T23:29:01.641+0000][183812.007s][info][gc,phases   ] GC(6172)   Evacuate Collection Set: 24.0ms
[2025-01-08T23:29:01.641+0000][183812.007s][info][gc,phases   ] GC(6172)   Post Evacuate Collection Set: 2.7ms
[2025-01-08T23:29:01.641+0000][183812.007s][info][gc,phases   ] GC(6172)   Other: 0.2ms
[2025-01-08T23:29:01.641+0000][183812.007s][info][gc,heap     ] GC(6172) Eden regions: 914->0(913)
[2025-01-08T23:29:01.641+0000][183812.007s][info][gc,heap     ] GC(6172) Survivor regions: 7->8(116)
[2025-01-08T23:29:01.641+0000][183812.007s][info][gc,heap     ] GC(6172) Old regions: 234->234
[2025-01-08T23:29:01.641+0000][183812.007s][info][gc,heap     ] GC(6172) Archive regions: 2->2
[2025-01-08T23:29:01.641+0000][183812.007s][info][gc,heap     ] GC(6172) Humongous regions: 49->49
[2025-01-08T23:29:01.641+0000][183812.007s][info][gc,metaspace] GC(6172) Metaspace: 524075K(533824K)->524075K(533824K) NonClass: 460221K(465088K)->460221K(465088K) Class: 63853K(68736K)->63853K(68736K)
[2025-01-08T23:29:01.641+0000][183812.007s][info][gc          ] GC(6172) Pause Young (Normal) (G1 Evacuation Pause) 9630M->2327M(12288M) 27.595ms
[2025-01-08T23:29:01.641+0000][183812.007s][info][gc,cpu      ] GC(6172) User=0.16s Sys=0.00s Real=0.02s
[2025-01-08T23:29:10.319+0000][183820.685s][info][gc,start    ] GC(6173) Pause Young (Concurrent Start) (G1 Evacuation Pause)
[2025-01-08T23:29:10.319+0000][183820.685s][info][gc,task     ] GC(6173) Using 6 workers of 6 for evacuation
[2025-01-08T23:29:10.351+0000][183820.717s][info][gc,phases   ] GC(6173)   Pre Evacuate Collection Set: 1.2ms
[2025-01-08T23:29:10.351+0000][183820.717s][info][gc,phases   ] GC(6173)   Merge Heap Roots: 0.4ms
[2025-01-08T23:29:10.351+0000][183820.717s][info][gc,phases   ] GC(6173)   Evacuate Collection Set: 27.6ms
[2025-01-08T23:29:10.351+0000][183820.717s][info][gc,phases   ] GC(6173)   Post Evacuate Collection Set: 2.6ms
[2025-01-08T23:29:10.351+0000][183820.717s][info][gc,phases   ] GC(6173)   Other: 0.3ms
[2025-01-08T23:29:10.351+0000][183820.717s][info][gc,heap     ] GC(6173) Eden regions: 913->0(912)
[2025-01-08T23:29:10.351+0000][183820.717s][info][gc,heap     ] GC(6173) Survivor regions: 8->9(116)
[2025-01-08T23:29:10.351+0000][183820.717s][info][gc,heap     ] GC(6173) Old regions: 234->234
[2025-01-08T23:29:10.351+0000][183820.717s][info][gc,heap     ] GC(6173) Archive regions: 2->2
[2025-01-08T23:29:10.351+0000][183820.717s][info][gc,heap     ] GC(6173) Humongous regions: 49->49
[2025-01-08T23:29:10.351+0000][183820.717s][info][gc,metaspace] GC(6173) Metaspace: 524075K(533824K)->524075K(533824K) NonClass: 460221K(465088K)->460221K(465088K) Class: 63853K(68736K)->63853K(68736K)
[2025-01-08T23:29:10.351+0000][183820.717s][info][gc          ] GC(6173) Pause Young (Concurrent Start) (G1 Evacuation Pause) 9631M->2340M(12288M) 32.146ms
[2025-01-08T23:29:10.351+0000][183820.717s][info][gc,cpu      ] GC(6173) User=0.18s Sys=0.00s Real=0.04s
[2025-01-08T23:29:10.351+0000][183820.717s][info][gc          ] GC(6174) Concurrent Mark Cycle
[2025-01-08T23:29:10.351+0000][183820.717s][info][gc,marking  ] GC(6174) Concurrent Clear Claimed Marks
[2025-01-08T23:29:10.352+0000][183820.718s][info][gc,marking  ] GC(6174) Concurrent Clear Claimed Marks 0.918ms
[2025-01-08T23:29:10.352+0000][183820.718s][info][gc,marking  ] GC(6174) Concurrent Scan Root Regions
[2025-01-08T23:29:10.372+0000][183820.738s][info][gc,marking  ] GC(6174) Concurrent Scan Root Regions 20.061ms
[2025-01-08T23:29:10.372+0000][183820.738s][info][gc,marking  ] GC(6174) Concurrent Mark
[2025-01-08T23:29:10.372+0000][183820.738s][info][gc,marking  ] GC(6174) Concurrent Mark From Roots
[2025-01-08T23:29:10.372+0000][183820.739s][info][gc,task     ] GC(6174) Using 2 workers of 2 for marking
[2025-01-08T23:29:11.217+0000][183821.583s][info][gc,marking  ] GC(6174) Concurrent Mark From Roots 844.383ms
[2025-01-08T23:29:11.217+0000][183821.583s][info][gc,marking  ] GC(6174) Concurrent Preclean
[2025-01-08T23:29:11.220+0000][183821.586s][info][gc,marking  ] GC(6174) Concurrent Preclean 2.831ms
[2025-01-08T23:29:11.220+0000][183821.586s][info][gc,start    ] GC(6174) Pause Remark
[2025-01-08T23:29:11.246+0000][183821.612s][info][gc          ] GC(6174) Pause Remark 2944M->2944M(12288M) 25.792ms
[2025-01-08T23:29:11.246+0000][183821.612s][info][gc,cpu      ] GC(6174) User=0.15s Sys=0.00s Real=0.03s
[2025-01-08T23:29:11.246+0000][183821.612s][info][gc,marking  ] GC(6174) Concurrent Mark 873.319ms
[2025-01-08T23:29:11.246+0000][183821.612s][info][gc,marking  ] GC(6174) Concurrent Rebuild Remembered Sets
[2025-01-08T23:29:11.749+0000][183822.115s][info][gc,marking  ] GC(6174) Concurrent Rebuild Remembered Sets 503.350ms
[2025-01-08T23:29:11.749+0000][183822.115s][info][gc,start    ] GC(6174) Pause Cleanup
[2025-01-08T23:29:11.750+0000][183822.116s][info][gc          ] GC(6174) Pause Cleanup 2970M->2970M(12288M) 0.439ms
[2025-01-08T23:29:11.750+0000][183822.116s][info][gc,cpu      ] GC(6174) User=0.00s Sys=0.00s Real=0.01s
[2025-01-08T23:29:11.750+0000][183822.116s][info][gc,marking  ] GC(6174) Concurrent Cleanup for Next Mark
[2025-01-08T23:29:11.765+0000][183822.131s][info][gc,marking  ] GC(6174) Concurrent Cleanup for Next Mark 15.449ms
[2025-01-08T23:29:11.765+0000][183822.131s][info][gc          ] GC(6174) Concurrent Mark Cycle 1413.921ms
[2025-01-08T23:29:22.398+0000][183832.764s][info][gc,start    ] GC(6175) Pause Young (Prepare Mixed) (G1 Evacuation Pause)
[2025-01-08T23:29:22.398+0000][183832.765s][info][gc,task     ] GC(6175) Using 6 workers of 6 for evacuation
[2025-01-08T23:29:22.441+0000][183832.808s][info][gc,phases   ] GC(6175)   Pre Evacuate Collection Set: 0.2ms
[2025-01-08T23:29:22.442+0000][183832.808s][info][gc,phases   ] GC(6175)   Merge Heap Roots: 0.7ms
[2025-01-08T23:29:22.442+0000][183832.808s][info][gc,phases   ] GC(6175)   Evacuate Collection Set: 39.2ms
[2025-01-08T23:29:22.442+0000][183832.808s][info][gc,phases   ] GC(6175)   Post Evacuate Collection Set: 2.7ms
[2025-01-08T23:29:22.442+0000][183832.808s][info][gc,phases   ] GC(6175)   Other: 0.2ms
[2025-01-08T23:29:22.442+0000][183832.808s][info][gc,heap     ] GC(6175) Eden regions: 912->0(65)
[2025-01-08T23:29:22.442+0000][183832.808s][info][gc,heap     ] GC(6175) Survivor regions: 9->11(116)
[2025-01-08T23:29:22.442+0000][183832.808s][info][gc,heap     ] GC(6175) Old regions: 234->234
[2025-01-08T23:29:22.442+0000][183832.808s][info][gc,heap     ] GC(6175) Archive regions: 2->2
[2025-01-08T23:29:22.442+0000][183832.808s][info][gc,heap     ] GC(6175) Humongous regions: 49->49
[2025-01-08T23:29:22.442+0000][183832.808s][info][gc,metaspace] GC(6175) Metaspace: 524075K(533824K)->524075K(533824K) NonClass: 460221K(465088K)->460221K(465088K) Class: 63853K(68736K)->63853K(68736K)
[2025-01-08T23:29:22.442+0000][183832.808s][info][gc          ] GC(6175) Pause Young (Prepare Mixed) (G1 Evacuation Pause) 9636M->2354M(12288M) 43.222ms
[2025-01-08T23:29:22.442+0000][183832.808s][info][gc,cpu      ] GC(6175) User=0.25s Sys=0.00s Real=0.05s
[2025-01-08T23:29:22.808+0000][183833.175s][info][gc,start    ] GC(6176) Pause Young (Mixed) (G1 Evacuation Pause)
[2025-01-08T23:29:22.809+0000][183833.175s][info][gc,task     ] GC(6176) Using 6 workers of 6 for evacuation
[2025-01-08T23:29:22.873+0000][183833.239s][info][gc,phases   ] GC(6176)   Pre Evacuate Collection Set: 0.2ms
[2025-01-08T23:29:22.873+0000][183833.239s][info][gc,phases   ] GC(6176)   Merge Heap Roots: 0.6ms
[2025-01-08T23:29:22.873+0000][183833.239s][info][gc,phases   ] GC(6176)   Evacuate Collection Set: 61.9ms
[2025-01-08T23:29:22.873+0000][183833.239s][info][gc,phases   ] GC(6176)   Post Evacuate Collection Set: 1.7ms
[2025-01-08T23:29:22.873+0000][183833.239s][info][gc,phases   ] GC(6176)   Other: 0.2ms
[2025-01-08T23:29:22.873+0000][183833.239s][info][gc,heap     ] GC(6176) Eden regions: 65->0(917)
[2025-01-08T23:29:22.873+0000][183833.239s][info][gc,heap     ] GC(6176) Survivor regions: 11->4(10)
[2025-01-08T23:29:22.873+0000][183833.239s][info][gc,heap     ] GC(6176) Old regions: 234->235
[2025-01-08T23:29:22.873+0000][183833.239s][info][gc,heap     ] GC(6176) Archive regions: 2->2
[2025-01-08T23:29:22.873+0000][183833.239s][info][gc,heap     ] GC(6176) Humongous regions: 49->49
[2025-01-08T23:29:22.873+0000][183833.239s][info][gc,metaspace] GC(6176) Metaspace: 524075K(533824K)->524075K(533824K) NonClass: 460221K(465088K)->460221K(465088K) Class: 63853K(68736K)->63853K(68736K)
[2025-01-08T23:29:22.873+0000][183833.239s][info][gc          ] GC(6176) Pause Young (Mixed) (G1 Evacuation Pause) 2874M->2309M(12288M) 64.593ms
[2025-01-08T23:29:22.873+0000][183833.239s][info][gc,cpu      ] GC(6176) User=0.37s Sys=0.00s Real=0.07s
[2025-01-08T23:29:29.601+0000][183839.967s][info][gc,start    ] GC(6177) Pause Young (Normal) (G1 Evacuation Pause)
[2025-01-08T23:29:29.601+0000][183839.967s][info][gc,task     ] GC(6177) Using 6 workers of 6 for evacuation
[2025-01-08T23:29:29.626+0000][183839.992s][info][gc,phases   ] GC(6177)   Pre Evacuate Collection Set: 0.2ms
[2025-01-08T23:29:29.626+0000][183839.992s][info][gc,phases   ] GC(6177)   Merge Heap Roots: 0.4ms
[2025-01-08T23:29:29.626+0000][183839.992s][info][gc,phases   ] GC(6177)   Evacuate Collection Set: 19.2ms
[2025-01-08T23:29:29.626+0000][183839.992s][info][gc,phases   ] GC(6177)   Post Evacuate Collection Set: 5.2ms
[2025-01-08T23:29:29.626+0000][183839.992s][info][gc,phases   ] GC(6177)   Other: 0.2ms
[2025-01-08T23:29:29.626+0000][183839.992s][info][gc,heap     ] GC(6177) Eden regions: 917->0(914)
[2025-01-08T23:29:29.626+0000][183839.992s][info][gc,heap     ] GC(6177) Survivor regions: 4->7(116)
[2025-01-08T23:29:29.626+0000][183839.992s][info][gc,heap     ] GC(6177) Old regions: 235->235
[2025-01-08T23:29:29.626+0000][183839.992s][info][gc,heap     ] GC(6177) Archive regions: 2->2
[2025-01-08T23:29:29.626+0000][183839.992s][info][gc,heap     ] GC(6177) Humongous regions: 49->49
[2025-01-08T23:29:29.626+0000][183839.992s][info][gc,metaspace] GC(6177) Metaspace: 524075K(533824K)->524075K(533824K) NonClass: 460221K(465088K)->460221K(465088K) Class: 63853K(68736K)->63853K(68736K)
[2025-01-08T23:29:29.626+0000][183839.993s][info][gc          ] GC(6177) Pause Young (Normal) (G1 Evacuation Pause) 9645M->2327M(12288M) 25.374ms
[2025-01-08T23:29:29.626+0000][183839.993s][info][gc,cpu      ] GC(6177) User=0.14s Sys=0.00s Real=0.03s
[2025-01-08T23:29:41.127+0000][183851.493s][info][gc,start    ] GC(6178) Pause Young (Normal) (G1 Evacuation Pause)
[2025-01-08T23:29:41.127+0000][183851.493s][info][gc,task     ] GC(6178) Using 6 workers of 6 for evacuation
[2025-01-08T23:29:41.160+0000][183851.526s][info][gc,phases   ] GC(6178)   Pre Evacuate Collection Set: 0.2ms
[2025-01-08T23:29:41.160+0000][183851.526s][info][gc,phases   ] GC(6178)   Merge Heap Roots: 0.4ms
[2025-01-08T23:29:41.160+0000][183851.526s][info][gc,phases   ] GC(6178)   Evacuate Collection Set: 28.3ms
[2025-01-08T23:29:41.160+0000][183851.526s][info][gc,phases   ] GC(6178)   Post Evacuate Collection Set: 4.1ms
[2025-01-08T23:29:41.160+0000][183851.526s][info][gc,phases   ] GC(6178)   Other: 0.2ms
[2025-01-08T23:29:41.160+0000][183851.526s][info][gc,heap     ] GC(6178) Eden regions: 914->0(912)
[2025-01-08T23:29:41.160+0000][183851.526s][info][gc,heap     ] GC(6178) Survivor regions: 7->9(116)
[2025-01-08T23:29:41.160+0000][183851.526s][info][gc,heap     ] GC(6178) Old regions: 235->235
[2025-01-08T23:29:41.160+0000][183851.526s][info][gc,heap     ] GC(6178) Archive regions: 2->2
[2025-01-08T23:29:41.160+0000][183851.526s][info][gc,heap     ] GC(6178) Humongous regions: 49->49
[2025-01-08T23:29:41.160+0000][183851.526s][info][gc,metaspace] GC(6178) Metaspace: 524075K(533824K)->524075K(533824K) NonClass: 460221K(465088K)->460221K(465088K) Class: 63853K(68736K)->63853K(68736K)
[2025-01-08T23:29:41.160+0000][183851.526s][info][gc          ] GC(6178) Pause Young (Normal) (G1 Evacuation Pause) 9639M->2349M(12288M) 33.410ms
[2025-01-08T23:29:41.160+0000][183851.526s][info][gc,cpu      ] GC(6178) User=0.19s Sys=0.00s Real=0.03s
[2025-01-08T23:29:53.067+0000][183863.433s][info][gc,start    ] GC(6179) Pause Young (Concurrent Start) (G1 Evacuation Pause)
[2025-01-08T23:29:53.067+0000][183863.434s][info][gc,task     ] GC(6179) Using 6 workers of 6 for evacuation
[2025-01-08T23:29:53.101+0000][183863.467s][info][gc,phases   ] GC(6179)   Pre Evacuate Collection Set: 1.1ms
[2025-01-08T23:29:53.101+0000][183863.467s][info][gc,phases   ] GC(6179)   Merge Heap Roots: 0.4ms
[2025-01-08T23:29:53.101+0000][183863.467s][info][gc,phases   ] GC(6179)   Evacuate Collection Set: 29.5ms
[2025-01-08T23:29:53.101+0000][183863.467s][info][gc,phases   ] GC(6179)   Post Evacuate Collection Set: 2.6ms
[2025-01-08T23:29:53.101+0000][183863.467s][info][gc,phases   ] GC(6179)   Other: 0.3ms
[2025-01-08T23:29:53.101+0000][183863.467s][info][gc,heap     ] GC(6179) Eden regions: 912->0(912)
[2025-01-08T23:29:53.101+0000][183863.467s][info][gc,heap     ] GC(6179) Survivor regions: 9->9(116)
[2025-01-08T23:29:53.101+0000][183863.467s][info][gc,heap     ] GC(6179) Old regions: 235->235
[2025-01-08T23:29:53.101+0000][183863.467s][info][gc,heap     ] GC(6179) Archive regions: 2->2
[2025-01-08T23:29:53.101+0000][183863.467s][info][gc,heap     ] GC(6179) Humongous regions: 49->49
[2025-01-08T23:29:53.101+0000][183863.467s][info][gc,metaspace] GC(6179) Metaspace: 524075K(533824K)->524075K(533824K) NonClass: 460221K(465088K)->460221K(465088K) Class: 63853K(68736K)->63853K(68736K)
[2025-01-08T23:29:53.101+0000][183863.467s][info][gc          ] GC(6179) Pause Young (Concurrent Start) (G1 Evacuation Pause) 9645M->2346M(12288M) 34.001ms
[2025-01-08T23:29:53.101+0000][183863.468s][info][gc,cpu      ] GC(6179) User=0.20s Sys=0.00s Real=0.03s
[2025-01-08T23:29:53.101+0000][183863.468s][info][gc          ] GC(6180) Concurrent Mark Cycle
[2025-01-08T23:29:53.101+0000][183863.468s][info][gc,marking  ] GC(6180) Concurrent Clear Claimed Marks
[2025-01-08T23:29:53.102+0000][183863.469s][info][gc,marking  ] GC(6180) Concurrent Clear Claimed Marks 0.938ms
[2025-01-08T23:29:53.102+0000][183863.469s][info][gc,marking  ] GC(6180) Concurrent Scan Root Regions
[2025-01-08T23:29:53.123+0000][183863.489s][info][gc,marking  ] GC(6180) Concurrent Scan Root Regions 20.528ms
[2025-01-08T23:29:53.123+0000][183863.489s][info][gc,marking  ] GC(6180) Concurrent Mark
[2025-01-08T23:29:53.123+0000][183863.489s][info][gc,marking  ] GC(6180) Concurrent Mark From Roots
[2025-01-08T23:29:53.123+0000][183863.489s][info][gc,task     ] GC(6180) Using 2 workers of 2 for marking
[2025-01-08T23:29:53.881+0000][183864.247s][info][gc,marking  ] GC(6180) Concurrent Mark From Roots 758.083ms
[2025-01-08T23:29:53.881+0000][183864.247s][info][gc,marking  ] GC(6180) Concurrent Preclean
[2025-01-08T23:29:53.884+0000][183864.250s][info][gc,marking  ] GC(6180) Concurrent Preclean 2.964ms
[2025-01-08T23:29:53.884+0000][183864.250s][info][gc,start    ] GC(6180) Pause Remark
[2025-01-08T23:29:53.910+0000][183864.276s][info][gc          ] GC(6180) Pause Remark 2430M->2430M(12288M) 25.703ms
[2025-01-08T23:29:53.910+0000][183864.276s][info][gc,cpu      ] GC(6180) User=0.15s Sys=0.00s Real=0.03s
[2025-01-08T23:29:53.910+0000][183864.276s][info][gc,marking  ] GC(6180) Concurrent Mark 787.103ms
[2025-01-08T23:29:53.910+0000][183864.276s][info][gc,marking  ] GC(6180) Concurrent Rebuild Remembered Sets
[2025-01-08T23:29:54.426+0000][183864.792s][info][gc,marking  ] GC(6180) Concurrent Rebuild Remembered Sets 515.485ms
[2025-01-08T23:29:54.426+0000][183864.792s][info][gc,start    ] GC(6180) Pause Cleanup
[2025-01-08T23:29:54.426+0000][183864.792s][info][gc          ] GC(6180) Pause Cleanup 2834M->2834M(12288M) 0.440ms
[2025-01-08T23:29:54.426+0000][183864.792s][info][gc,cpu      ] GC(6180) User=0.00s Sys=0.00s Real=0.00s
[2025-01-08T23:29:54.426+0000][183864.792s][info][gc,marking  ] GC(6180) Concurrent Cleanup for Next Mark
[2025-01-08T23:29:54.442+0000][183864.808s][info][gc,marking  ] GC(6180) Concurrent Cleanup for Next Mark 15.526ms
[2025-01-08T23:29:54.442+0000][183864.808s][info][gc          ] GC(6180) Concurrent Mark Cycle 1340.447ms
[2025-01-08T23:30:00.984+0000][183871.350s][info][gc,start    ] GC(6181) Pause Young (Prepare Mixed) (G1 Evacuation Pause)
[2025-01-08T23:30:00.984+0000][183871.350s][info][gc,task     ] GC(6181) Using 6 workers of 6 for evacuation
[2025-01-08T23:30:01.021+0000][183871.387s][info][gc,phases   ] GC(6181)   Pre Evacuate Collection Set: 0.2ms
[2025-01-08T23:30:01.021+0000][183871.387s][info][gc,phases   ] GC(6181)   Merge Heap Roots: 0.6ms
[2025-01-08T23:30:01.021+0000][183871.387s][info][gc,phases   ] GC(6181)   Evacuate Collection Set: 33.9ms
[2025-01-08T23:30:01.021+0000][183871.387s][info][gc,phases   ] GC(6181)   Post Evacuate Collection Set: 2.5ms
[2025-01-08T23:30:01.021+0000][183871.387s][info][gc,phases   ] GC(6181)   Other: 0.2ms
[2025-01-08T23:30:01.021+0000][183871.387s][info][gc,heap     ] GC(6181) Eden regions: 912->0(66)
[2025-01-08T23:30:01.021+0000][183871.387s][info][gc,heap     ] GC(6181) Survivor regions: 9->10(116)
[2025-01-08T23:30:01.021+0000][183871.387s][info][gc,heap     ] GC(6181) Old regions: 235->235
[2025-01-08T23:30:01.021+0000][183871.387s][info][gc,heap     ] GC(6181) Archive regions: 2->2
[2025-01-08T23:30:01.021+0000][183871.387s][info][gc,heap     ] GC(6181) Humongous regions: 49->49
[2025-01-08T23:30:01.021+0000][183871.387s][info][gc,metaspace] GC(6181) Metaspace: 524075K(533824K)->524075K(533824K) NonClass: 460221K(465088K)->460221K(465088K) Class: 63853K(68736K)->63853K(68736K)
[2025-01-08T23:30:01.021+0000][183871.387s][info][gc          ] GC(6181) Pause Young (Prepare Mixed) (G1 Evacuation Pause) 9642M->2358M(12288M) 37.535ms
[2025-01-08T23:30:01.021+0000][183871.387s][info][gc,cpu      ] GC(6181) User=0.22s Sys=0.00s Real=0.03s
[2025-01-08T23:30:01.524+0000][183871.890s][info][gc,start    ] GC(6182) Pause Young (Mixed) (G1 Evacuation Pause)
[2025-01-08T23:30:01.524+0000][183871.890s][info][gc,task     ] GC(6182) Using 6 workers of 6 for evacuation
[2025-01-08T23:30:01.592+0000][183871.958s][info][gc,phases   ] GC(6182)   Pre Evacuate Collection Set: 0.2ms
[2025-01-08T23:30:01.592+0000][183871.958s][info][gc,phases   ] GC(6182)   Merge Heap Roots: 0.7ms
[2025-01-08T23:30:01.592+0000][183871.958s][info][gc,phases   ] GC(6182)   Evacuate Collection Set: 64.5ms
[2025-01-08T23:30:01.592+0000][183871.958s][info][gc,phases   ] GC(6182)   Post Evacuate Collection Set: 1.7ms
[2025-01-08T23:30:01.592+0000][183871.958s][info][gc,phases   ] GC(6182)   Other: 0.2ms
[2025-01-08T23:30:01.592+0000][183871.958s][info][gc,heap     ] GC(6182) Eden regions: 66->0(916)
[2025-01-08T23:30:01.592+0000][183871.958s][info][gc,heap     ] GC(6182) Survivor regions: 10->5(10)
[2025-01-08T23:30:01.592+0000][183871.958s][info][gc,heap     ] GC(6182) Old regions: 235->235
[2025-01-08T23:30:01.592+0000][183871.958s][info][gc,heap     ] GC(6182) Archive regions: 2->2
[2025-01-08T23:30:01.592+0000][183871.958s][info][gc,heap     ] GC(6182) Humongous regions: 49->49
[2025-01-08T23:30:01.592+0000][183871.958s][info][gc,metaspace] GC(6182) Metaspace: 524075K(533824K)->524075K(533824K) NonClass: 460221K(465088K)->460221K(465088K) Class: 63853K(68736K)->63853K(68736K)
[2025-01-08T23:30:01.592+0000][183871.958s][info][gc          ] GC(6182) Pause Young (Mixed) (G1 Evacuation Pause) 2886M->2317M(12288M) 67.391ms
[2025-01-08T23:30:01.592+0000][183871.958s][info][gc,cpu      ] GC(6182) User=0.38s Sys=0.00s Real=0.07s
[2025-01-08T23:30:12.682+0000][183883.048s][info][gc,start    ] GC(6183) Pause Young (Normal) (G1 Evacuation Pause)
[2025-01-08T23:30:12.682+0000][183883.048s][info][gc,task     ] GC(6183) Using 6 workers of 6 for evacuation
[2025-01-08T23:30:12.714+0000][183883.080s][info][gc,phases   ] GC(6183)   Pre Evacuate Collection Set: 0.2ms
[2025-01-08T23:30:12.714+0000][183883.080s][info][gc,phases   ] GC(6183)   Merge Heap Roots: 0.5ms
[2025-01-08T23:30:12.714+0000][183883.080s][info][gc,phases   ] GC(6183)   Evacuate Collection Set: 28.1ms
[2025-01-08T23:30:12.714+0000][183883.080s][info][gc,phases   ] GC(6183)   Post Evacuate Collection Set: 2.9ms
[2025-01-08T23:30:12.714+0000][183883.080s][info][gc,phases   ] GC(6183)   Other: 0.3ms
[2025-01-08T23:30:12.714+0000][183883.080s][info][gc,heap     ] GC(6183) Eden regions: 916->0(913)
[2025-01-08T23:30:12.714+0000][183883.080s][info][gc,heap     ] GC(6183) Survivor regions: 5->8(116)
[2025-01-08T23:30:12.714+0000][183883.080s][info][gc,heap     ] GC(6183) Old regions: 235->235
[2025-01-08T23:30:12.714+0000][183883.080s][info][gc,heap     ] GC(6183) Archive regions: 2->2
[2025-01-08T23:30:12.714+0000][183883.080s][info][gc,heap     ] GC(6183) Humongous regions: 49->49
[2025-01-08T23:30:12.714+0000][183883.080s][info][gc,metaspace] GC(6183) Metaspace: 524076K(533824K)->524076K(533824K) NonClass: 460222K(465088K)->460222K(465088K) Class: 63853K(68736K)->63853K(68736K)
[2025-01-08T23:30:12.714+0000][183883.080s][info][gc          ] GC(6183) Pause Young (Normal) (G1 Evacuation Pause) 9645M->2339M(12288M) 31.934ms
[2025-01-08T23:30:12.714+0000][183883.080s][info][gc,cpu      ] GC(6183) User=0.19s Sys=0.00s Real=0.03s
[2025-01-08T23:30:18.798+0000][183889.164s][info][gc,start    ] GC(6184) Pause Young (Normal) (G1 Evacuation Pause)
[2025-01-08T23:30:18.798+0000][183889.164s][info][gc,task     ] GC(6184) Using 6 workers of 6 for evacuation
[2025-01-08T23:30:18.831+0000][183889.198s][info][gc,phases   ] GC(6184)   Pre Evacuate Collection Set: 0.2ms
[2025-01-08T23:30:18.832+0000][183889.198s][info][gc,phases   ] GC(6184)   Merge Heap Roots: 0.4ms
[2025-01-08T23:30:18.832+0000][183889.198s][info][gc,phases   ] GC(6184)   Evacuate Collection Set: 28.7ms
[2025-01-08T23:30:18.832+0000][183889.198s][info][gc,phases   ] GC(6184)   Post Evacuate Collection Set: 3.8ms
[2025-01-08T23:30:18.832+0000][183889.198s][info][gc,phases   ] GC(6184)   Other: 0.2ms
[2025-01-08T23:30:18.832+0000][183889.198s][info][gc,heap     ] GC(6184) Eden regions: 913->0(911)
[2025-01-08T23:30:18.832+0000][183889.198s][info][gc,heap     ] GC(6184) Survivor regions: 8->10(116)
[2025-01-08T23:30:18.832+0000][183889.198s][info][gc,heap     ] GC(6184) Old regions: 235->235
[2025-01-08T23:30:18.832+0000][183889.198s][info][gc,heap     ] GC(6184) Archive regions: 2->2
[2025-01-08T23:30:18.832+0000][183889.198s][info][gc,heap     ] GC(6184) Humongous regions: 49->49
[2025-01-08T23:30:18.832+0000][183889.198s][info][gc,metaspace] GC(6184) Metaspace: 524076K(533824K)->524076K(533824K) NonClass: 460222K(465088K)->460222K(465088K) Class: 63853K(68736K)->63853K(68736K)
[2025-01-08T23:30:18.832+0000][183889.198s][info][gc          ] GC(6184) Pause Young (Normal) (G1 Evacuation Pause) 9643M->2353M(12288M) 33.496ms
[2025-01-08T23:30:18.832+0000][183889.198s][info][gc,cpu      ] GC(6184) User=0.20s Sys=0.00s Real=0.04s
[2025-01-08T23:30:27.494+0000][183897.860s][info][gc,start    ] GC(6185) Pause Young (Concurrent Start) (G1 Evacuation Pause)
[2025-01-08T23:30:27.494+0000][183897.860s][info][gc,task     ] GC(6185) Using 6 workers of 6 for evacuation
[2025-01-08T23:30:27.529+0000][183897.895s][info][gc,phases   ] GC(6185)   Pre Evacuate Collection Set: 1.1ms
[2025-01-08T23:30:27.529+0000][183897.895s][info][gc,phases   ] GC(6185)   Merge Heap Roots: 0.5ms
[2025-01-08T23:30:27.529+0000][183897.895s][info][gc,phases   ] GC(6185)   Evacuate Collection Set: 30.0ms
[2025-01-08T23:30:27.529+0000][183897.895s][info][gc,phases   ] GC(6185)   Post Evacuate Collection Set: 3.9ms
[2025-01-08T23:30:27.529+0000][183897.895s][info][gc,phases   ] GC(6185)   Other: 0.3ms
[2025-01-08T23:30:27.529+0000][183897.895s][info][gc,heap     ] GC(6185) Eden regions: 911->0(910)
[2025-01-08T23:30:27.529+0000][183897.896s][info][gc,heap     ] GC(6185) Survivor regions: 10->11(116)
[2025-01-08T23:30:27.529+0000][183897.896s][info][gc,heap     ] GC(6185) Old regions: 235->235
[2025-01-08T23:30:27.529+0000][183897.896s][info][gc,heap     ] GC(6185) Archive regions: 2->2
[2025-01-08T23:30:27.529+0000][183897.896s][info][gc,heap     ] GC(6185) Humongous regions: 49->49
[2025-01-08T23:30:27.529+0000][183897.896s][info][gc,metaspace] GC(6185) Metaspace: 524076K(533824K)->524076K(533824K) NonClass: 460222K(465088K)->460222K(465088K) Class: 63853K(68736K)->63853K(68736K)
[2025-01-08T23:30:27.529+0000][183897.896s][info][gc          ] GC(6185) Pause Young (Concurrent Start) (G1 Evacuation Pause) 9641M->2359M(12288M) 35.917ms
[2025-01-08T23:30:27.530+0000][183897.896s][info][gc,cpu      ] GC(6185) User=0.21s Sys=0.00s Real=0.04s
[2025-01-08T23:30:27.530+0000][183897.896s][info][gc          ] GC(6186) Concurrent Mark Cycle
[2025-01-08T23:30:27.530+0000][183897.896s][info][gc,marking  ] GC(6186) Concurrent Clear Claimed Marks
[2025-01-08T23:30:27.531+0000][183897.897s][info][gc,marking  ] GC(6186) Concurrent Clear Claimed Marks 0.985ms
[2025-01-08T23:30:27.531+0000][183897.897s][info][gc,marking  ] GC(6186) Concurrent Scan Root Regions
[2025-01-08T23:30:27.560+0000][183897.926s][info][gc,marking  ] GC(6186) Concurrent Scan Root Regions 29.400ms
[2025-01-08T23:30:27.560+0000][183897.926s][info][gc,marking  ] GC(6186) Concurrent Mark
[2025-01-08T23:30:27.560+0000][183897.926s][info][gc,marking  ] GC(6186) Concurrent Mark From Roots
[2025-01-08T23:30:27.560+0000][183897.926s][info][gc,task     ] GC(6186) Using 2 workers of 2 for marking
[2025-01-08T23:30:28.428+0000][183898.794s][info][gc,marking  ] GC(6186) Concurrent Mark From Roots 868.336ms
[2025-01-08T23:30:28.428+0000][183898.794s][info][gc,marking  ] GC(6186) Concurrent Preclean
[2025-01-08T23:30:28.431+0000][183898.797s][info][gc,marking  ] GC(6186) Concurrent Preclean 2.824ms
[2025-01-08T23:30:28.431+0000][183898.797s][info][gc,start    ] GC(6186) Pause Remark
[2025-01-08T23:30:28.457+0000][183898.823s][info][gc          ] GC(6186) Pause Remark 3187M->3187M(12288M) 25.693ms
[2025-01-08T23:30:28.457+0000][183898.823s][info][gc,cpu      ] GC(6186) User=0.14s Sys=0.00s Real=0.02s
[2025-01-08T23:30:28.457+0000][183898.823s][info][gc,marking  ] GC(6186) Concurrent Mark 897.207ms
[2025-01-08T23:30:28.457+0000][183898.823s][info][gc,marking  ] GC(6186) Concurrent Rebuild Remembered Sets
[2025-01-08T23:30:29.078+0000][183899.444s][info][gc,marking  ] GC(6186) Concurrent Rebuild Remembered Sets 621.079ms
[2025-01-08T23:30:29.078+0000][183899.445s][info][gc,start    ] GC(6186) Pause Cleanup
[2025-01-08T23:30:29.079+0000][183899.445s][info][gc          ] GC(6186) Pause Cleanup 3875M->3875M(12288M) 0.460ms
[2025-01-08T23:30:29.079+0000][183899.445s][info][gc,cpu      ] GC(6186) User=0.00s Sys=0.00s Real=0.00s
[2025-01-08T23:30:29.079+0000][183899.445s][info][gc,marking  ] GC(6186) Concurrent Cleanup for Next Mark
[2025-01-08T23:30:29.095+0000][183899.461s][info][gc,marking  ] GC(6186) Concurrent Cleanup for Next Mark 16.016ms
[2025-01-08T23:30:29.095+0000][183899.461s][info][gc          ] GC(6186) Concurrent Mark Cycle 1565.553ms
[2025-01-08T23:30:35.225+0000][183905.591s][info][gc,start    ] GC(6187) Pause Young (Prepare Mixed) (G1 Evacuation Pause)
[2025-01-08T23:30:35.225+0000][183905.591s][info][gc,task     ] GC(6187) Using 6 workers of 6 for evacuation
[2025-01-08T23:30:35.264+0000][183905.630s][info][gc,phases   ] GC(6187)   Pre Evacuate Collection Set: 0.2ms
[2025-01-08T23:30:35.264+0000][183905.630s][info][gc,phases   ] GC(6187)   Merge Heap Roots: 0.7ms
[2025-01-08T23:30:35.264+0000][183905.630s][info][gc,phases   ] GC(6187)   Evacuate Collection Set: 33.8ms
[2025-01-08T23:30:35.264+0000][183905.630s][info][gc,phases   ] GC(6187)   Post Evacuate Collection Set: 4.0ms
[2025-01-08T23:30:35.264+0000][183905.630s][info][gc,phases   ] GC(6187)   Other: 0.2ms
[2025-01-08T23:30:35.264+0000][183905.630s][info][gc,heap     ] GC(6187) Eden regions: 910->0(64)
[2025-01-08T23:30:35.264+0000][183905.630s][info][gc,heap     ] GC(6187) Survivor regions: 11->12(116)
[2025-01-08T23:30:35.264+0000][183905.630s][info][gc,heap     ] GC(6187) Old regions: 235->235
[2025-01-08T23:30:35.264+0000][183905.630s][info][gc,heap     ] GC(6187) Archive regions: 2->2
[2025-01-08T23:30:35.264+0000][183905.630s][info][gc,heap     ] GC(6187) Humongous regions: 49->49
[2025-01-08T23:30:35.264+0000][183905.630s][info][gc,metaspace] GC(6187) Metaspace: 524076K(533824K)->524076K(533824K) NonClass: 460222K(465088K)->460222K(465088K) Class: 63853K(68736K)->63853K(68736K)
[2025-01-08T23:30:35.264+0000][183905.630s][info][gc          ] GC(6187) Pause Young (Prepare Mixed) (G1 Evacuation Pause) 9639M->2367M(12288M) 38.933ms
[2025-01-08T23:30:35.264+0000][183905.630s][info][gc,cpu      ] GC(6187) User=0.22s Sys=0.01s Real=0.04s
[2025-01-08T23:30:35.630+0000][183905.996s][info][gc,start    ] GC(6188) Pause Young (Mixed) (G1 Evacuation Pause)
[2025-01-08T23:30:35.630+0000][183905.996s][info][gc,task     ] GC(6188) Using 6 workers of 6 for evacuation
[2025-01-08T23:30:35.675+0000][183906.042s][info][gc,phases   ] GC(6188)   Pre Evacuate Collection Set: 0.2ms
[2025-01-08T23:30:35.675+0000][183906.042s][info][gc,phases   ] GC(6188)   Merge Heap Roots: 0.4ms
[2025-01-08T23:30:35.675+0000][183906.042s][info][gc,phases   ] GC(6188)   Evacuate Collection Set: 43.4ms
[2025-01-08T23:30:35.675+0000][183906.042s][info][gc,phases   ] GC(6188)   Post Evacuate Collection Set: 1.5ms
[2025-01-08T23:30:35.675+0000][183906.042s][info][gc,phases   ] GC(6188)   Other: 0.2ms
[2025-01-08T23:30:35.675+0000][183906.042s][info][gc,heap     ] GC(6188) Eden regions: 64->0(916)
[2025-01-08T23:30:35.675+0000][183906.042s][info][gc,heap     ] GC(6188) Survivor regions: 12->5(10)
[2025-01-08T23:30:35.675+0000][183906.042s][info][gc,heap     ] GC(6188) Old regions: 235->235
[2025-01-08T23:30:35.675+0000][183906.042s][info][gc,heap     ] GC(6188) Archive regions: 2->2
[2025-01-08T23:30:35.675+0000][183906.042s][info][gc,heap     ] GC(6188) Humongous regions: 49->49
[2025-01-08T23:30:35.675+0000][183906.042s][info][gc,metaspace] GC(6188) Metaspace: 524076K(533824K)->524076K(533824K) NonClass: 460222K(465088K)->460222K(465088K) Class: 63853K(68736K)->63853K(68736K)
[2025-01-08T23:30:35.676+0000][183906.042s][info][gc          ] GC(6188) Pause Young (Mixed) (G1 Evacuation Pause) 2879M->2312M(12288M) 45.785ms
[2025-01-08T23:30:35.676+0000][183906.042s][info][gc,cpu      ] GC(6188) User=0.27s Sys=0.00s Real=0.04s
[2025-01-08T23:30:42.015+0000][183912.381s][info][gc,start    ] GC(6189) Pause Young (Normal) (G1 Evacuation Pause)
[2025-01-08T23:30:42.015+0000][183912.381s][info][gc,task     ] GC(6189) Using 6 workers of 6 for evacuation
[2025-01-08T23:30:42.036+0000][183912.403s][info][gc,phases   ] GC(6189)   Pre Evacuate Collection Set: 0.2ms
[2025-01-08T23:30:42.036+0000][183912.403s][info][gc,phases   ] GC(6189)   Merge Heap Roots: 0.4ms
[2025-01-08T23:30:42.036+0000][183912.403s][info][gc,phases   ] GC(6189)   Evacuate Collection Set: 18.3ms
[2025-01-08T23:30:42.036+0000][183912.403s][info][gc,phases   ] GC(6189)   Post Evacuate Collection Set: 2.5ms
[2025-01-08T23:30:42.036+0000][183912.403s][info][gc,phases   ] GC(6189)   Other: 0.2ms
[2025-01-08T23:30:42.036+0000][183912.403s][info][gc,heap     ] GC(6189) Eden regions: 916->0(915)
[2025-01-08T23:30:42.036+0000][183912.403s][info][gc,heap     ] GC(6189) Survivor regions: 5->6(116)
[2025-01-08T23:30:42.036+0000][183912.403s][info][gc,heap     ] GC(6189) Old regions: 235->235
[2025-01-08T23:30:42.036+0000][183912.403s][info][gc,heap     ] GC(6189) Archive regions: 2->2
[2025-01-08T23:30:42.036+0000][183912.403s][info][gc,heap     ] GC(6189) Humongous regions: 49->49
[2025-01-08T23:30:42.036+0000][183912.403s][info][gc,metaspace] GC(6189) Metaspace: 524076K(533824K)->524076K(533824K) NonClass: 460222K(465088K)->460222K(465088K) Class: 63853K(68736K)->63853K(68736K)
[2025-01-08T23:30:42.037+0000][183912.403s][info][gc          ] GC(6189) Pause Young (Normal) (G1 Evacuation Pause) 9640M->2317M(12288M) 21.690ms
[2025-01-08T23:30:42.037+0000][183912.403s][info][gc,cpu      ] GC(6189) User=0.12s Sys=0.00s Real=0.02s
[2025-01-08T23:30:51.322+0000][183921.688s][info][gc,start    ] GC(6190) Pause Young (Normal) (G1 Evacuation Pause)
[2025-01-08T23:30:51.322+0000][183921.688s][info][gc,task     ] GC(6190) Using 6 workers of 6 for evacuation
[2025-01-08T23:30:51.349+0000][183921.715s][info][gc,phases   ] GC(6190)   Pre Evacuate Collection Set: 0.2ms
[2025-01-08T23:30:51.349+0000][183921.715s][info][gc,phases   ] GC(6190)   Merge Heap Roots: 0.4ms
[2025-01-08T23:30:51.349+0000][183921.715s][info][gc,phases   ] GC(6190)   Evacuate Collection Set: 23.3ms
[2025-01-08T23:30:51.349+0000][183921.715s][info][gc,phases   ] GC(6190)   Post Evacuate Collection Set: 2.7ms
[2025-01-08T23:30:51.349+0000][183921.715s][info][gc,phases   ] GC(6190)   Other: 0.2ms
[2025-01-08T23:30:51.349+0000][183921.715s][info][gc,heap     ] GC(6190) Eden regions: 915->0(914)
[2025-01-08T23:30:51.349+0000][183921.715s][info][gc,heap     ] GC(6190) Survivor regions: 6->7(116)
[2025-01-08T23:30:51.349+0000][183921.715s][info][gc,heap     ] GC(6190) Old regions: 235->235
[2025-01-08T23:30:51.349+0000][183921.715s][info][gc,heap     ] GC(6190) Archive regions: 2->2
[2025-01-08T23:30:51.349+0000][183921.715s][info][gc,heap     ] GC(6190) Humongous regions: 49->49
[2025-01-08T23:30:51.349+0000][183921.715s][info][gc,metaspace] GC(6190) Metaspace: 524076K(533824K)->524076K(533824K) NonClass: 460222K(465088K)->460222K(465088K) Class: 63853K(68736K)->63853K(68736K)
[2025-01-08T23:30:51.349+0000][183921.715s][info][gc          ] GC(6190) Pause Young (Normal) (G1 Evacuation Pause) 9637M->2330M(12288M) 26.865ms
[2025-01-08T23:30:51.349+0000][183921.715s][info][gc,cpu      ] GC(6190) User=0.16s Sys=0.00s Real=0.02s
[2025-01-08T23:31:00.478+0000][183930.844s][info][gc,start    ] GC(6191) Pause Young (Concurrent Start) (G1 Evacuation Pause)
[2025-01-08T23:31:00.478+0000][183930.844s][info][gc,task     ] GC(6191) Using 6 workers of 6 for evacuation
[2025-01-08T23:31:00.514+0000][183930.880s][info][gc,phases   ] GC(6191)   Pre Evacuate Collection Set: 1.1ms
[2025-01-08T23:31:00.514+0000][183930.880s][info][gc,phases   ] GC(6191)   Merge Heap Roots: 0.5ms
[2025-01-08T23:31:00.514+0000][183930.880s][info][gc,phases   ] GC(6191)   Evacuate Collection Set: 31.0ms
[2025-01-08T23:31:00.514+0000][183930.880s][info][gc,phases   ] GC(6191)   Post Evacuate Collection Set: 2.6ms
[2025-01-08T23:31:00.514+0000][183930.880s][info][gc,phases   ] GC(6191)   Other: 0.3ms
[2025-01-08T23:31:00.514+0000][183930.880s][info][gc,heap     ] GC(6191) Eden regions: 914->0(912)
[2025-01-08T23:31:00.514+0000][183930.880s][info][gc,heap     ] GC(6191) Survivor regions: 7->9(116)
[2025-01-08T23:31:00.514+0000][183930.880s][info][gc,heap     ] GC(6191) Old regions: 235->235
[2025-01-08T23:31:00.514+0000][183930.880s][info][gc,heap     ] GC(6191) Archive regions: 2->2
[2025-01-08T23:31:00.514+0000][183930.880s][info][gc,heap     ] GC(6191) Humongous regions: 49->49
[2025-01-08T23:31:00.514+0000][183930.880s][info][gc,metaspace] GC(6191) Metaspace: 524076K(533824K)->524076K(533824K) NonClass: 460222K(465088K)->460222K(465088K) Class: 63853K(68736K)->63853K(68736K)
[2025-01-08T23:31:00.514+0000][183930.880s][info][gc          ] GC(6191) Pause Young (Concurrent Start) (G1 Evacuation Pause) 9642M->2345M(12288M) 35.435ms
[2025-01-08T23:31:00.514+0000][183930.880s][info][gc,cpu      ] GC(6191) User=0.20s Sys=0.00s Real=0.04s
[2025-01-08T23:31:00.514+0000][183930.880s][info][gc          ] GC(6192) Concurrent Mark Cycle
[2025-01-08T23:31:00.514+0000][183930.880s][info][gc,marking  ] GC(6192) Concurrent Clear Claimed Marks
[2025-01-08T23:31:00.515+0000][183930.881s][info][gc,marking  ] GC(6192) Concurrent Clear Claimed Marks 0.968ms
[2025-01-08T23:31:00.515+0000][183930.881s][info][gc,marking  ] GC(6192) Concurrent Scan Root Regions
[2025-01-08T23:31:00.542+0000][183930.908s][info][gc,marking  ] GC(6192) Concurrent Scan Root Regions 27.232ms
[2025-01-08T23:31:00.542+0000][183930.908s][info][gc,marking  ] GC(6192) Concurrent Mark
[2025-01-08T23:31:00.542+0000][183930.908s][info][gc,marking  ] GC(6192) Concurrent Mark From Roots
[2025-01-08T23:31:00.542+0000][183930.908s][info][gc,task     ] GC(6192) Using 2 workers of 2 for marking
[2025-01-08T23:31:01.329+0000][183931.695s][info][gc,marking  ] GC(6192) Concurrent Mark From Roots 786.480ms
[2025-01-08T23:31:01.329+0000][183931.695s][info][gc,marking  ] GC(6192) Concurrent Preclean
[2025-01-08T23:31:01.331+0000][183931.697s][info][gc,marking  ] GC(6192) Concurrent Preclean 2.651ms
[2025-01-08T23:31:01.331+0000][183931.698s][info][gc,start    ] GC(6192) Pause Remark
[2025-01-08T23:31:01.357+0000][183931.723s][info][gc          ] GC(6192) Pause Remark 2609M->2609M(12288M) 25.573ms
[2025-01-08T23:31:01.357+0000][183931.723s][info][gc,cpu      ] GC(6192) User=0.15s Sys=0.00s Real=0.02s
[2025-01-08T23:31:01.357+0000][183931.723s][info][gc,marking  ] GC(6192) Concurrent Mark 815.069ms
[2025-01-08T23:31:01.357+0000][183931.723s][info][gc,marking  ] GC(6192) Concurrent Rebuild Remembered Sets
[2025-01-08T23:31:01.896+0000][183932.262s][info][gc,marking  ] GC(6192) Concurrent Rebuild Remembered Sets 539.203ms
[2025-01-08T23:31:01.897+0000][183932.263s][info][gc,start    ] GC(6192) Pause Cleanup
[2025-01-08T23:31:01.897+0000][183932.263s][info][gc          ] GC(6192) Pause Cleanup 2893M->2893M(12288M) 0.432ms
[2025-01-08T23:31:01.897+0000][183932.263s][info][gc,cpu      ] GC(6192) User=0.01s Sys=0.00s Real=0.00s
[2025-01-08T23:31:01.897+0000][183932.263s][info][gc,marking  ] GC(6192) Concurrent Cleanup for Next Mark
[2025-01-08T23:31:01.913+0000][183932.279s][info][gc,marking  ] GC(6192) Concurrent Cleanup for Next Mark 16.352ms
[2025-01-08T23:31:01.913+0000][183932.280s][info][gc          ] GC(6192) Concurrent Mark Cycle 1399.687ms
[2025-01-08T23:31:13.473+0000][183943.840s][info][gc,start    ] GC(6193) Pause Young (Prepare Mixed) (G1 Evacuation Pause)
[2025-01-08T23:31:13.474+0000][183943.840s][info][gc,task     ] GC(6193) Using 6 workers of 6 for evacuation
[2025-01-08T23:31:13.519+0000][183943.885s][info][gc,phases   ] GC(6193)   Pre Evacuate Collection Set: 0.2ms
[2025-01-08T23:31:13.519+0000][183943.885s][info][gc,phases   ] GC(6193)   Merge Heap Roots: 0.8ms
[2025-01-08T23:31:13.519+0000][183943.885s][info][gc,phases   ] GC(6193)   Evacuate Collection Set: 41.0ms
[2025-01-08T23:31:13.519+0000][183943.885s][info][gc,phases   ] GC(6193)   Post Evacuate Collection Set: 2.9ms
[2025-01-08T23:31:13.519+0000][183943.885s][info][gc,phases   ] GC(6193)   Other: 0.2ms
[2025-01-08T23:31:13.519+0000][183943.885s][info][gc,heap     ] GC(6193) Eden regions: 912->0(64)
[2025-01-08T23:31:13.519+0000][183943.885s][info][gc,heap     ] GC(6193) Survivor regions: 9->12(116)
[2025-01-08T23:31:13.519+0000][183943.885s][info][gc,heap     ] GC(6193) Old regions: 235->235
[2025-01-08T23:31:13.519+0000][183943.885s][info][gc,heap     ] GC(6193) Archive regions: 2->2
[2025-01-08T23:31:13.519+0000][183943.885s][info][gc,heap     ] GC(6193) Humongous regions: 49->49
[2025-01-08T23:31:13.519+0000][183943.885s][info][gc,metaspace] GC(6193) Metaspace: 524076K(533824K)->524076K(533824K) NonClass: 460222K(465088K)->460222K(465088K) Class: 63853K(68736K)->63853K(68736K)
[2025-01-08T23:31:13.519+0000][183943.885s][info][gc          ] GC(6193) Pause Young (Prepare Mixed) (G1 Evacuation Pause) 9641M->2367M(12288M) 45.175ms
[2025-01-08T23:31:13.519+0000][183943.885s][info][gc,cpu      ] GC(6193) User=0.26s Sys=0.00s Real=0.04s
[2025-01-08T23:31:13.899+0000][183944.265s][info][gc,start    ] GC(6194) Pause Young (Mixed) (G1 Evacuation Pause)
[2025-01-08T23:31:13.899+0000][183944.265s][info][gc,task     ] GC(6194) Using 6 workers of 6 for evacuation
[2025-01-08T23:31:13.966+0000][183944.332s][info][gc,phases   ] GC(6194)   Pre Evacuate Collection Set: 0.2ms
[2025-01-08T23:31:13.966+0000][183944.332s][info][gc,phases   ] GC(6194)   Merge Heap Roots: 0.6ms
[2025-01-08T23:31:13.966+0000][183944.332s][info][gc,phases   ] GC(6194)   Evacuate Collection Set: 64.3ms
[2025-01-08T23:31:13.966+0000][183944.332s][info][gc,phases   ] GC(6194)   Post Evacuate Collection Set: 1.6ms
[2025-01-08T23:31:13.966+0000][183944.332s][info][gc,phases   ] GC(6194)   Other: 0.2ms
[2025-01-08T23:31:13.966+0000][183944.332s][info][gc,heap     ] GC(6194) Eden regions: 64->0(915)
[2025-01-08T23:31:13.966+0000][183944.332s][info][gc,heap     ] GC(6194) Survivor regions: 12->6(10)
[2025-01-08T23:31:13.966+0000][183944.332s][info][gc,heap     ] GC(6194) Old regions: 235->236
[2025-01-08T23:31:13.966+0000][183944.332s][info][gc,heap     ] GC(6194) Archive regions: 2->2
[2025-01-08T23:31:13.966+0000][183944.332s][info][gc,heap     ] GC(6194) Humongous regions: 49->49
[2025-01-08T23:31:13.966+0000][183944.332s][info][gc,metaspace] GC(6194) Metaspace: 524076K(533824K)->524076K(533824K) NonClass: 460222K(465088K)->460222K(465088K) Class: 63853K(68736K)->63853K(68736K)
[2025-01-08T23:31:13.966+0000][183944.332s][info][gc          ] GC(6194) Pause Young (Mixed) (G1 Evacuation Pause) 2879M->2327M(12288M) 66.996ms
[2025-01-08T23:31:13.966+0000][183944.332s][info][gc,cpu      ] GC(6194) User=0.40s Sys=0.00s Real=0.07s
[2025-01-08T23:31:19.543+0000][183949.910s][info][gc,start    ] GC(6195) Pause Young (Normal) (G1 Evacuation Pause)
[2025-01-08T23:31:19.544+0000][183949.910s][info][gc,task     ] GC(6195) Using 6 workers of 6 for evacuation
[2025-01-08T23:31:19.574+0000][183949.940s][info][gc,phases   ] GC(6195)   Pre Evacuate Collection Set: 0.2ms
[2025-01-08T23:31:19.574+0000][183949.940s][info][gc,phases   ] GC(6195)   Merge Heap Roots: 0.5ms
[2025-01-08T23:31:19.574+0000][183949.940s][info][gc,phases   ] GC(6195)   Evacuate Collection Set: 24.5ms
[2025-01-08T23:31:19.574+0000][183949.940s][info][gc,phases   ] GC(6195)   Post Evacuate Collection Set: 5.2ms
[2025-01-08T23:31:19.574+0000][183949.940s][info][gc,phases   ] GC(6195)   Other: 0.2ms
[2025-01-08T23:31:19.574+0000][183949.940s][info][gc,heap     ] GC(6195) Eden regions: 915->0(913)
[2025-01-08T23:31:19.574+0000][183949.940s][info][gc,heap     ] GC(6195) Survivor regions: 6->8(116)
[2025-01-08T23:31:19.574+0000][183949.940s][info][gc,heap     ] GC(6195) Old regions: 236->236
[2025-01-08T23:31:19.574+0000][183949.940s][info][gc,heap     ] GC(6195) Archive regions: 2->2
[2025-01-08T23:31:19.574+0000][183949.940s][info][gc,heap     ] GC(6195) Humongous regions: 49->49
[2025-01-08T23:31:19.574+0000][183949.940s][info][gc,metaspace] GC(6195) Metaspace: 524076K(533824K)->524076K(533824K) NonClass: 460222K(465088K)->460222K(465088K) Class: 63853K(68736K)->63853K(68736K)
[2025-01-08T23:31:19.574+0000][183949.940s][info][gc          ] GC(6195) Pause Young (Normal) (G1 Evacuation Pause) 9647M->2338M(12288M) 30.670ms
[2025-01-08T23:31:19.574+0000][183949.940s][info][gc,cpu      ] GC(6195) User=0.18s Sys=0.00s Real=0.03s
[2025-01-08T23:31:27.853+0000][183958.219s][info][gc,start    ] GC(6196) Pause Young (Normal) (G1 Evacuation Pause)
[2025-01-08T23:31:27.853+0000][183958.219s][info][gc,task     ] GC(6196) Using 6 workers of 6 for evacuation
[2025-01-08T23:31:27.885+0000][183958.251s][info][gc,phases   ] GC(6196)   Pre Evacuate Collection Set: 0.2ms
[2025-01-08T23:31:27.885+0000][183958.251s][info][gc,phases   ] GC(6196)   Merge Heap Roots: 0.4ms
[2025-01-08T23:31:27.885+0000][183958.251s][info][gc,phases   ] GC(6196)   Evacuate Collection Set: 28.4ms
[2025-01-08T23:31:27.885+0000][183958.251s][info][gc,phases   ] GC(6196)   Post Evacuate Collection Set: 2.6ms
[2025-01-08T23:31:27.885+0000][183958.251s][info][gc,phases   ] GC(6196)   Other: 0.2ms
[2025-01-08T23:31:27.885+0000][183958.251s][info][gc,heap     ] GC(6196) Eden regions: 913->0(913)
[2025-01-08T23:31:27.885+0000][183958.251s][info][gc,heap     ] GC(6196) Survivor regions: 8->8(116)
[2025-01-08T23:31:27.885+0000][183958.251s][info][gc,heap     ] GC(6196) Old regions: 236->236
[2025-01-08T23:31:27.885+0000][183958.251s][info][gc,heap     ] GC(6196) Archive regions: 2->2
[2025-01-08T23:31:27.885+0000][183958.251s][info][gc,heap     ] GC(6196) Humongous regions: 49->49
[2025-01-08T23:31:27.885+0000][183958.251s][info][gc,metaspace] GC(6196) Metaspace: 524076K(533824K)->524076K(533824K) NonClass: 460222K(465088K)->460222K(465088K) Class: 63853K(68736K)->63853K(68736K)
[2025-01-08T23:31:27.885+0000][183958.251s][info][gc          ] GC(6196) Pause Young (Normal) (G1 Evacuation Pause) 9642M->2342M(12288M) 31.960ms
[2025-01-08T23:31:27.885+0000][183958.251s][info][gc,cpu      ] GC(6196) User=0.19s Sys=0.00s Real=0.03s
[2025-01-08T23:31:37.987+0000][183968.353s][info][gc,start    ] GC(6197) Pause Young (Concurrent Start) (G1 Evacuation Pause)
[2025-01-08T23:31:37.987+0000][183968.353s][info][gc,task     ] GC(6197) Using 6 workers of 6 for evacuation
[2025-01-08T23:31:38.026+0000][183968.392s][info][gc,phases   ] GC(6197)   Pre Evacuate Collection Set: 1.1ms
[2025-01-08T23:31:38.026+0000][183968.392s][info][gc,phases   ] GC(6197)   Merge Heap Roots: 0.5ms
[2025-01-08T23:31:38.026+0000][183968.392s][info][gc,phases   ] GC(6197)   Evacuate Collection Set: 32.8ms
[2025-01-08T23:31:38.026+0000][183968.392s][info][gc,phases   ] GC(6197)   Post Evacuate Collection Set: 4.0ms
[2025-01-08T23:31:38.026+0000][183968.392s][info][gc,phases   ] GC(6197)   Other: 0.3ms
[2025-01-08T23:31:38.026+0000][183968.392s][info][gc,heap     ] GC(6197) Eden regions: 913->0(910)
[2025-01-08T23:31:38.026+0000][183968.392s][info][gc,heap     ] GC(6197) Survivor regions: 8->11(116)
[2025-01-08T23:31:38.026+0000][183968.392s][info][gc,heap     ] GC(6197) Old regions: 236->236
[2025-01-08T23:31:38.026+0000][183968.392s][info][gc,heap     ] GC(6197) Archive regions: 2->2
[2025-01-08T23:31:38.026+0000][183968.392s][info][gc,heap     ] GC(6197) Humongous regions: 49->49
[2025-01-08T23:31:38.026+0000][183968.392s][info][gc,metaspace] GC(6197) Metaspace: 524076K(533824K)->524076K(533824K) NonClass: 460222K(465088K)->460222K(465088K) Class: 63853K(68736K)->63853K(68736K)
[2025-01-08T23:31:38.026+0000][183968.392s][info][gc          ] GC(6197) Pause Young (Concurrent Start) (G1 Evacuation Pause) 9646M->2362M(12288M) 38.791ms
[2025-01-08T23:31:38.026+0000][183968.392s][info][gc,cpu      ] GC(6197) User=0.22s Sys=0.00s Real=0.04s
[2025-01-08T23:31:38.026+0000][183968.392s][info][gc          ] GC(6198) Concurrent Mark Cycle
[2025-01-08T23:31:38.026+0000][183968.392s][info][gc,marking  ] GC(6198) Concurrent Clear Claimed Marks
[2025-01-08T23:31:38.027+0000][183968.393s][info][gc,marking  ] GC(6198) Concurrent Clear Claimed Marks 0.991ms
[2025-01-08T23:31:38.027+0000][183968.393s][info][gc,marking  ] GC(6198) Concurrent Scan Root Regions
[2025-01-08T23:31:38.053+0000][183968.419s][info][gc,marking  ] GC(6198) Concurrent Scan Root Regions 26.025ms
[2025-01-08T23:31:38.053+0000][183968.419s][info][gc,marking  ] GC(6198) Concurrent Mark
[2025-01-08T23:31:38.053+0000][183968.419s][info][gc,marking  ] GC(6198) Concurrent Mark From Roots
[2025-01-08T23:31:38.053+0000][183968.419s][info][gc,task     ] GC(6198) Using 2 workers of 2 for marking
[2025-01-08T23:31:38.823+0000][183969.189s][info][gc,marking  ] GC(6198) Concurrent Mark From Roots 769.277ms
[2025-01-08T23:31:38.823+0000][183969.189s][info][gc,marking  ] GC(6198) Concurrent Preclean
[2025-01-08T23:31:38.825+0000][183969.191s][info][gc,marking  ] GC(6198) Concurrent Preclean 2.663ms
[2025-01-08T23:31:38.825+0000][183969.191s][info][gc,start    ] GC(6198) Pause Remark
[2025-01-08T23:31:38.851+0000][183969.218s][info][gc          ] GC(6198) Pause Remark 2495M->2495M(12288M) 26.080ms
[2025-01-08T23:31:38.852+0000][183969.218s][info][gc,cpu      ] GC(6198) User=0.15s Sys=0.00s Real=0.03s
[2025-01-08T23:31:38.852+0000][183969.218s][info][gc,marking  ] GC(6198) Concurrent Mark 798.387ms
[2025-01-08T23:31:38.852+0000][183969.218s][info][gc,marking  ] GC(6198) Concurrent Rebuild Remembered Sets
[2025-01-08T23:31:39.373+0000][183969.739s][info][gc,marking  ] GC(6198) Concurrent Rebuild Remembered Sets 520.840ms
[2025-01-08T23:31:39.373+0000][183969.739s][info][gc,start    ] GC(6198) Pause Cleanup
[2025-01-08T23:31:39.373+0000][183969.739s][info][gc          ] GC(6198) Pause Cleanup 2598M->2598M(12288M) 0.440ms
[2025-01-08T23:31:39.373+0000][183969.739s][info][gc,cpu      ] GC(6198) User=0.00s Sys=0.00s Real=0.00s
[2025-01-08T23:31:39.373+0000][183969.739s][info][gc,marking  ] GC(6198) Concurrent Cleanup for Next Mark
[2025-01-08T23:31:39.389+0000][183969.755s][info][gc,marking  ] GC(6198) Concurrent Cleanup for Next Mark 15.477ms
[2025-01-08T23:31:39.389+0000][183969.755s][info][gc          ] GC(6198) Concurrent Mark Cycle 1362.549ms
[2025-01-08T23:31:47.449+0000][183977.815s][info][gc,start    ] GC(6199) Pause Young (Prepare Mixed) (GCLocker Initiated GC)
[2025-01-08T23:31:47.449+0000][183977.815s][info][gc,task     ] GC(6199) Using 6 workers of 6 for evacuation
[2025-01-08T23:31:47.492+0000][183977.858s][info][gc,phases   ] GC(6199)   Pre Evacuate Collection Set: 0.2ms
[2025-01-08T23:31:47.492+0000][183977.858s][info][gc,phases   ] GC(6199)   Merge Heap Roots: 0.7ms
[2025-01-08T23:31:47.492+0000][183977.858s][info][gc,phases   ] GC(6199)   Evacuate Collection Set: 39.5ms
[2025-01-08T23:31:47.492+0000][183977.858s][info][gc,phases   ] GC(6199)   Post Evacuate Collection Set: 2.7ms
[2025-01-08T23:31:47.492+0000][183977.858s][info][gc,phases   ] GC(6199)   Other: 0.2ms
[2025-01-08T23:31:47.492+0000][183977.858s][info][gc,heap     ] GC(6199) Eden regions: 910->0(65)
[2025-01-08T23:31:47.492+0000][183977.858s][info][gc,heap     ] GC(6199) Survivor regions: 11->11(116)
[2025-01-08T23:31:47.492+0000][183977.858s][info][gc,heap     ] GC(6199) Old regions: 236->236
[2025-01-08T23:31:47.492+0000][183977.858s][info][gc,heap     ] GC(6199) Archive regions: 2->2
[2025-01-08T23:31:47.492+0000][183977.858s][info][gc,heap     ] GC(6199) Humongous regions: 49->49
[2025-01-08T23:31:47.492+0000][183977.858s][info][gc,metaspace] GC(6199) Metaspace: 524076K(533824K)->524076K(533824K) NonClass: 460222K(465088K)->460222K(465088K) Class: 63853K(68736K)->63853K(68736K)
[2025-01-08T23:31:47.492+0000][183977.859s][info][gc          ] GC(6199) Pause Young (Prepare Mixed) (GCLocker Initiated GC) 9642M->2367M(12288M) 43.510ms
[2025-01-08T23:31:47.492+0000][183977.859s][info][gc,cpu      ] GC(6199) User=0.25s Sys=0.00s Real=0.05s
[2025-01-08T23:31:48.711+0000][183979.078s][info][gc,start    ] GC(6200) Pause Young (Mixed) (G1 Evacuation Pause)
[2025-01-08T23:31:48.712+0000][183979.078s][info][gc,task     ] GC(6200) Using 6 workers of 6 for evacuation
[2025-01-08T23:31:48.797+0000][183979.163s][info][gc,phases   ] GC(6200)   Pre Evacuate Collection Set: 0.2ms
[2025-01-08T23:31:48.797+0000][183979.163s][info][gc,phases   ] GC(6200)   Merge Heap Roots: 0.8ms
[2025-01-08T23:31:48.797+0000][183979.163s][info][gc,phases   ] GC(6200)   Evacuate Collection Set: 81.6ms
[2025-01-08T23:31:48.797+0000][183979.163s][info][gc,phases   ] GC(6200)   Post Evacuate Collection Set: 2.3ms
[2025-01-08T23:31:48.797+0000][183979.163s][info][gc,phases   ] GC(6200)   Other: 0.2ms
[2025-01-08T23:31:48.797+0000][183979.163s][info][gc,heap     ] GC(6200) Eden regions: 65->0(914)
[2025-01-08T23:31:48.797+0000][183979.163s][info][gc,heap     ] GC(6200) Survivor regions: 11->7(10)
[2025-01-08T23:31:48.797+0000][183979.163s][info][gc,heap     ] GC(6200) Old regions: 236->236
[2025-01-08T23:31:48.797+0000][183979.163s][info][gc,heap     ] GC(6200) Archive regions: 2->2
[2025-01-08T23:31:48.797+0000][183979.163s][info][gc,heap     ] GC(6200) Humongous regions: 49->49
[2025-01-08T23:31:48.797+0000][183979.163s][info][gc,metaspace] GC(6200) Metaspace: 524076K(533824K)->524076K(533824K) NonClass: 460222K(465088K)->460222K(465088K) Class: 63853K(68736K)->63853K(68736K)
[2025-01-08T23:31:48.797+0000][183979.163s][info][gc          ] GC(6200) Pause Young (Mixed) (G1 Evacuation Pause) 2887M->2334M(12288M) 85.172ms
[2025-01-08T23:31:48.797+0000][183979.163s][info][gc,cpu      ] GC(6200) User=0.49s Sys=0.00s Real=0.08s
[2025-01-08T23:31:55.925+0000][183986.291s][info][gc,start    ] GC(6201) Pause Young (Normal) (G1 Evacuation Pause)
[2025-01-08T23:31:55.925+0000][183986.291s][info][gc,task     ] GC(6201) Using 6 workers of 6 for evacuation
[2025-01-08T23:31:55.962+0000][183986.328s][info][gc,phases   ] GC(6201)   Pre Evacuate Collection Set: 0.2ms
[2025-01-08T23:31:55.962+0000][183986.328s][info][gc,phases   ] GC(6201)   Merge Heap Roots: 0.5ms
[2025-01-08T23:31:55.962+0000][183986.328s][info][gc,phases   ] GC(6201)   Evacuate Collection Set: 33.3ms
[2025-01-08T23:31:55.962+0000][183986.328s][info][gc,phases   ] GC(6201)   Post Evacuate Collection Set: 2.6ms
[2025-01-08T23:31:55.962+0000][183986.328s][info][gc,phases   ] GC(6201)   Other: 0.2ms
[2025-01-08T23:31:55.962+0000][183986.328s][info][gc,heap     ] GC(6201) Eden regions: 914->0(912)
[2025-01-08T23:31:55.962+0000][183986.328s][info][gc,heap     ] GC(6201) Survivor regions: 7->9(116)
[2025-01-08T23:31:55.962+0000][183986.328s][info][gc,heap     ] GC(6201) Old regions: 236->236
[2025-01-08T23:31:55.962+0000][183986.328s][info][gc,heap     ] GC(6201) Archive regions: 2->2
[2025-01-08T23:31:55.962+0000][183986.328s][info][gc,heap     ] GC(6201) Humongous regions: 49->49
[2025-01-08T23:31:55.962+0000][183986.328s][info][gc,metaspace] GC(6201) Metaspace: 524076K(533824K)->524076K(533824K) NonClass: 460222K(465088K)->460222K(465088K) Class: 63853K(68736K)->63853K(68736K)
[2025-01-08T23:31:55.962+0000][183986.328s][info][gc          ] GC(6201) Pause Young (Normal) (G1 Evacuation Pause) 9646M->2346M(12288M) 36.995ms
[2025-01-08T23:31:55.962+0000][183986.328s][info][gc,cpu      ] GC(6201) User=0.21s Sys=0.00s Real=0.04s
[2025-01-08T23:32:04.537+0000][183994.903s][info][gc,start    ] GC(6202) Pause Young (Normal) (GCLocker Initiated GC)
[2025-01-08T23:32:04.537+0000][183994.903s][info][gc,task     ] GC(6202) Using 6 workers of 6 for evacuation
[2025-01-08T23:32:04.571+0000][183994.937s][info][gc,phases   ] GC(6202)   Pre Evacuate Collection Set: 0.2ms
[2025-01-08T23:32:04.571+0000][183994.937s][info][gc,phases   ] GC(6202)   Merge Heap Roots: 0.5ms
[2025-01-08T23:32:04.571+0000][183994.937s][info][gc,phases   ] GC(6202)   Evacuate Collection Set: 31.1ms
[2025-01-08T23:32:04.571+0000][183994.937s][info][gc,phases   ] GC(6202)   Post Evacuate Collection Set: 2.6ms
[2025-01-08T23:32:04.571+0000][183994.937s][info][gc,phases   ] GC(6202)   Other: 0.2ms
[2025-01-08T23:32:04.571+0000][183994.937s][info][gc,heap     ] GC(6202) Eden regions: 912->0(912)
[2025-01-08T23:32:04.571+0000][183994.937s][info][gc,heap     ] GC(6202) Survivor regions: 9->9(116)
[2025-01-08T23:32:04.571+0000][183994.937s][info][gc,heap     ] GC(6202) Old regions: 236->236
[2025-01-08T23:32:04.571+0000][183994.937s][info][gc,heap     ] GC(6202) Archive regions: 2->2
[2025-01-08T23:32:04.571+0000][183994.937s][info][gc,heap     ] GC(6202) Humongous regions: 49->49
[2025-01-08T23:32:04.571+0000][183994.938s][info][gc,metaspace] GC(6202) Metaspace: 524076K(533824K)->524076K(533824K) NonClass: 460222K(465088K)->460222K(465088K) Class: 63853K(68736K)->63853K(68736K)
[2025-01-08T23:32:04.571+0000][183994.938s][info][gc          ] GC(6202) Pause Young (Normal) (GCLocker Initiated GC) 9642M->2347M(12288M) 34.793ms
[2025-01-08T23:32:04.571+0000][183994.938s][info][gc,cpu      ] GC(6202) User=0.20s Sys=0.00s Real=0.04s
[2025-01-08T23:32:13.560+0000][184003.926s][info][gc,start    ] GC(6203) Pause Young (Concurrent Start) (G1 Evacuation Pause)
[2025-01-08T23:32:13.560+0000][184003.926s][info][gc,task     ] GC(6203) Using 6 workers of 6 for evacuation
[2025-01-08T23:32:13.604+0000][184003.970s][info][gc,phases   ] GC(6203)   Pre Evacuate Collection Set: 1.2ms
[2025-01-08T23:32:13.604+0000][184003.970s][info][gc,phases   ] GC(6203)   Merge Heap Roots: 0.5ms
[2025-01-08T23:32:13.604+0000][184003.970s][info][gc,phases   ] GC(6203)   Evacuate Collection Set: 36.0ms
[2025-01-08T23:32:13.604+0000][184003.970s][info][gc,phases   ] GC(6203)   Post Evacuate Collection Set: 5.4ms
[2025-01-08T23:32:13.604+0000][184003.970s][info][gc,phases   ] GC(6203)   Other: 0.3ms
[2025-01-08T23:32:13.604+0000][184003.970s][info][gc,heap     ] GC(6203) Eden regions: 912->0(909)
[2025-01-08T23:32:13.604+0000][184003.970s][info][gc,heap     ] GC(6203) Survivor regions: 9->12(116)
[2025-01-08T23:32:13.604+0000][184003.970s][info][gc,heap     ] GC(6203) Old regions: 236->236
[2025-01-08T23:32:13.604+0000][184003.970s][info][gc,heap     ] GC(6203) Archive regions: 2->2
[2025-01-08T23:32:13.604+0000][184003.970s][info][gc,heap     ] GC(6203) Humongous regions: 49->49
[2025-01-08T23:32:13.604+0000][184003.970s][info][gc,metaspace] GC(6203) Metaspace: 524076K(533824K)->524076K(533824K) NonClass: 460222K(465088K)->460222K(465088K) Class: 63853K(68736K)->63853K(68736K)
[2025-01-08T23:32:13.604+0000][184003.970s][info][gc          ] GC(6203) Pause Young (Concurrent Start) (G1 Evacuation Pause) 9643M->2373M(12288M) 43.547ms
[2025-01-08T23:32:13.604+0000][184003.970s][info][gc,cpu      ] GC(6203) User=0.25s Sys=0.00s Real=0.05s
[2025-01-08T23:32:13.604+0000][184003.970s][info][gc          ] GC(6204) Concurrent Mark Cycle
[2025-01-08T23:32:13.604+0000][184003.970s][info][gc,marking  ] GC(6204) Concurrent Clear Claimed Marks
[2025-01-08T23:32:13.605+0000][184003.971s][info][gc,marking  ] GC(6204) Concurrent Clear Claimed Marks 0.976ms
[2025-01-08T23:32:13.605+0000][184003.971s][info][gc,marking  ] GC(6204) Concurrent Scan Root Regions
[2025-01-08T23:32:13.642+0000][184004.008s][info][gc,marking  ] GC(6204) Concurrent Scan Root Regions 36.881ms
[2025-01-08T23:32:13.642+0000][184004.008s][info][gc,marking  ] GC(6204) Concurrent Mark
[2025-01-08T23:32:13.642+0000][184004.008s][info][gc,marking  ] GC(6204) Concurrent Mark From Roots
[2025-01-08T23:32:13.642+0000][184004.008s][info][gc,task     ] GC(6204) Using 2 workers of 2 for marking
[2025-01-08T23:32:14.611+0000][184004.977s][info][gc,marking  ] GC(6204) Concurrent Mark From Roots 968.901ms
[2025-01-08T23:32:14.611+0000][184004.977s][info][gc,marking  ] GC(6204) Concurrent Preclean
[2025-01-08T23:32:14.613+0000][184004.979s][info][gc,marking  ] GC(6204) Concurrent Preclean 2.702ms
[2025-01-08T23:32:14.614+0000][184004.980s][info][gc,start    ] GC(6204) Pause Remark
[2025-01-08T23:32:14.640+0000][184005.006s][info][gc          ] GC(6204) Pause Remark 3769M->3769M(12288M) 26.383ms
[2025-01-08T23:32:14.640+0000][184005.006s][info][gc,cpu      ] GC(6204) User=0.15s Sys=0.00s Real=0.02s
[2025-01-08T23:32:14.640+0000][184005.006s][info][gc,marking  ] GC(6204) Concurrent Mark 998.409ms
[2025-01-08T23:32:14.640+0000][184005.006s][info][gc,marking  ] GC(6204) Concurrent Rebuild Remembered Sets
[2025-01-08T23:32:15.253+0000][184005.619s][info][gc,marking  ] GC(6204) Concurrent Rebuild Remembered Sets 612.635ms
[2025-01-08T23:32:15.253+0000][184005.619s][info][gc,start    ] GC(6204) Pause Cleanup
[2025-01-08T23:32:15.253+0000][184005.620s][info][gc          ] GC(6204) Pause Cleanup 4637M->4637M(12288M) 0.490ms
[2025-01-08T23:32:15.253+0000][184005.620s][info][gc,cpu      ] GC(6204) User=0.00s Sys=0.00s Real=0.00s
[2025-01-08T23:32:15.254+0000][184005.620s][info][gc,marking  ] GC(6204) Concurrent Cleanup for Next Mark
[2025-01-08T23:32:15.270+0000][184005.636s][info][gc,marking  ] GC(6204) Concurrent Cleanup for Next Mark 16.129ms
[2025-01-08T23:32:15.270+0000][184005.636s][info][gc          ] GC(6204) Concurrent Mark Cycle 1666.013ms
[2025-01-08T23:32:18.945+0000][184009.311s][info][gc,start    ] GC(6205) Pause Young (Prepare Mixed) (G1 Evacuation Pause)
[2025-01-08T23:32:18.945+0000][184009.311s][info][gc,task     ] GC(6205) Using 6 workers of 6 for evacuation
[2025-01-08T23:32:18.988+0000][184009.355s][info][gc,phases   ] GC(6205)   Pre Evacuate Collection Set: 0.2ms
[2025-01-08T23:32:18.988+0000][184009.355s][info][gc,phases   ] GC(6205)   Merge Heap Roots: 0.8ms
[2025-01-08T23:32:18.988+0000][184009.355s][info][gc,phases   ] GC(6205)   Evacuate Collection Set: 39.3ms
[2025-01-08T23:32:18.988+0000][184009.355s][info][gc,phases   ] GC(6205)   Post Evacuate Collection Set: 2.8ms
[2025-01-08T23:32:18.988+0000][184009.355s][info][gc,phases   ] GC(6205)   Other: 0.2ms
[2025-01-08T23:32:18.989+0000][184009.355s][info][gc,heap     ] GC(6205) Eden regions: 909->0(64)
[2025-01-08T23:32:18.989+0000][184009.355s][info][gc,heap     ] GC(6205) Survivor regions: 12->12(116)
[2025-01-08T23:32:18.989+0000][184009.355s][info][gc,heap     ] GC(6205) Old regions: 236->236
[2025-01-08T23:32:18.989+0000][184009.355s][info][gc,heap     ] GC(6205) Archive regions: 2->2
[2025-01-08T23:32:18.989+0000][184009.355s][info][gc,heap     ] GC(6205) Humongous regions: 49->49
[2025-01-08T23:32:18.989+0000][184009.355s][info][gc,metaspace] GC(6205) Metaspace: 524076K(533824K)->524076K(533824K) NonClass: 460222K(465088K)->460222K(465088K) Class: 63853K(68736K)->63853K(68736K)
[2025-01-08T23:32:18.989+0000][184009.355s][info][gc          ] GC(6205) Pause Young (Prepare Mixed) (G1 Evacuation Pause) 9645M->2371M(12288M) 43.373ms
[2025-01-08T23:32:18.989+0000][184009.355s][info][gc,cpu      ] GC(6205) User=0.25s Sys=0.01s Real=0.04s
[2025-01-08T23:32:19.835+0000][184010.202s][info][gc,start    ] GC(6206) Pause Young (Mixed) (G1 Evacuation Pause)
[2025-01-08T23:32:19.835+0000][184010.202s][info][gc,task     ] GC(6206) Using 6 workers of 6 for evacuation
[2025-01-08T23:32:19.909+0000][184010.275s][info][gc,phases   ] GC(6206)   Pre Evacuate Collection Set: 0.2ms
[2025-01-08T23:32:19.909+0000][184010.275s][info][gc,phases   ] GC(6206)   Merge Heap Roots: 0.7ms
[2025-01-08T23:32:19.909+0000][184010.275s][info][gc,phases   ] GC(6206)   Evacuate Collection Set: 70.1ms
[2025-01-08T23:32:19.909+0000][184010.275s][info][gc,phases   ] GC(6206)   Post Evacuate Collection Set: 1.9ms
[2025-01-08T23:32:19.909+0000][184010.275s][info][gc,phases   ] GC(6206)   Other: 0.2ms
[2025-01-08T23:32:19.909+0000][184010.275s][info][gc,heap     ] GC(6206) Eden regions: 64->0(915)
[2025-01-08T23:32:19.909+0000][184010.275s][info][gc,heap     ] GC(6206) Survivor regions: 12->6(10)
[2025-01-08T23:32:19.909+0000][184010.275s][info][gc,heap     ] GC(6206) Old regions: 236->237
[2025-01-08T23:32:19.909+0000][184010.275s][info][gc,heap     ] GC(6206) Archive regions: 2->2
[2025-01-08T23:32:19.909+0000][184010.275s][info][gc,heap     ] GC(6206) Humongous regions: 49->49
[2025-01-08T23:32:19.909+0000][184010.275s][info][gc,metaspace] GC(6206) Metaspace: 524076K(533824K)->524076K(533824K) NonClass: 460222K(465088K)->460222K(465088K) Class: 63853K(68736K)->63853K(68736K)
[2025-01-08T23:32:19.909+0000][184010.275s][info][gc          ] GC(6206) Pause Young (Mixed) (G1 Evacuation Pause) 2883M->2330M(12288M) 73.211ms
[2025-01-08T23:32:19.909+0000][184010.275s][info][gc,cpu      ] GC(6206) User=0.43s Sys=0.00s Real=0.07s
[2025-01-08T23:32:27.752+0000][184018.118s][info][gc,start    ] GC(6207) Pause Young (Normal) (G1 Evacuation Pause)
[2025-01-08T23:32:27.752+0000][184018.118s][info][gc,task     ] GC(6207) Using 6 workers of 6 for evacuation
[2025-01-08T23:32:27.783+0000][184018.149s][info][gc,phases   ] GC(6207)   Pre Evacuate Collection Set: 0.2ms
[2025-01-08T23:32:27.783+0000][184018.149s][info][gc,phases   ] GC(6207)   Merge Heap Roots: 0.4ms
[2025-01-08T23:32:27.783+0000][184018.149s][info][gc,phases   ] GC(6207)   Evacuate Collection Set: 26.3ms
[2025-01-08T23:32:27.783+0000][184018.149s][info][gc,phases   ] GC(6207)   Post Evacuate Collection Set: 4.0ms
[2025-01-08T23:32:27.783+0000][184018.149s][info][gc,phases   ] GC(6207)   Other: 0.2ms
[2025-01-08T23:32:27.783+0000][184018.149s][info][gc,heap     ] GC(6207) Eden regions: 915->0(913)
[2025-01-08T23:32:27.783+0000][184018.149s][info][gc,heap     ] GC(6207) Survivor regions: 6->8(116)
[2025-01-08T23:32:27.783+0000][184018.149s][info][gc,heap     ] GC(6207) Old regions: 237->237
[2025-01-08T23:32:27.783+0000][184018.149s][info][gc,heap     ] GC(6207) Archive regions: 2->2
[2025-01-08T23:32:27.783+0000][184018.149s][info][gc,heap     ] GC(6207) Humongous regions: 49->49
[2025-01-08T23:32:27.783+0000][184018.149s][info][gc,metaspace] GC(6207) Metaspace: 524076K(533824K)->524076K(533824K) NonClass: 460222K(465088K)->460222K(465088K) Class: 63853K(68736K)->63853K(68736K)
[2025-01-08T23:32:27.783+0000][184018.149s][info][gc          ] GC(6207) Pause Young (Normal) (G1 Evacuation Pause) 9650M->2346M(12288M) 31.217ms
[2025-01-08T23:32:27.783+0000][184018.149s][info][gc,cpu      ] GC(6207) User=0.18s Sys=0.00s Real=0.03s
[2025-01-08T23:32:35.830+0000][184026.196s][info][gc,start    ] GC(6208) Pause Young (Normal) (G1 Evacuation Pause)
[2025-01-08T23:32:35.830+0000][184026.196s][info][gc,task     ] GC(6208) Using 6 workers of 6 for evacuation
[2025-01-08T23:32:35.862+0000][184026.228s][info][gc,phases   ] GC(6208)   Pre Evacuate Collection Set: 0.2ms
[2025-01-08T23:32:35.862+0000][184026.228s][info][gc,phases   ] GC(6208)   Merge Heap Roots: 0.5ms
[2025-01-08T23:32:35.862+0000][184026.228s][info][gc,phases   ] GC(6208)   Evacuate Collection Set: 28.1ms
[2025-01-08T23:32:35.862+0000][184026.228s][info][gc,phases   ] GC(6208)   Post Evacuate Collection Set: 3.0ms
[2025-01-08T23:32:35.862+0000][184026.228s][info][gc,phases   ] GC(6208)   Other: 0.2ms
[2025-01-08T23:32:35.862+0000][184026.228s][info][gc,heap     ] GC(6208) Eden regions: 913->0(913)
[2025-01-08T23:32:35.862+0000][184026.228s][info][gc,heap     ] GC(6208) Survivor regions: 8->8(116)
[2025-01-08T23:32:35.862+0000][184026.228s][info][gc,heap     ] GC(6208) Old regions: 237->237
[2025-01-08T23:32:35.862+0000][184026.228s][info][gc,heap     ] GC(6208) Archive regions: 2->2
[2025-01-08T23:32:35.862+0000][184026.228s][info][gc,heap     ] GC(6208) Humongous regions: 49->49
[2025-01-08T23:32:35.862+0000][184026.228s][info][gc,metaspace] GC(6208) Metaspace: 524076K(533824K)->524076K(533824K) NonClass: 460222K(465088K)->460222K(465088K) Class: 63853K(68736K)->63853K(68736K)
[2025-01-08T23:32:35.862+0000][184026.228s][info][gc          ] GC(6208) Pause Young (Normal) (G1 Evacuation Pause) 9650M->2345M(12288M) 32.067ms
[2025-01-08T23:32:35.862+0000][184026.228s][info][gc,cpu      ] GC(6208) User=0.19s Sys=0.00s Real=0.03s
[2025-01-08T23:32:43.798+0000][184034.164s][info][gc,start    ] GC(6209) Pause Young (Concurrent Start) (G1 Evacuation Pause)
[2025-01-08T23:32:43.798+0000][184034.164s][info][gc,task     ] GC(6209) Using 6 workers of 6 for evacuation
[2025-01-08T23:32:43.832+0000][184034.198s][info][gc,phases   ] GC(6209)   Pre Evacuate Collection Set: 1.1ms
[2025-01-08T23:32:43.832+0000][184034.199s][info][gc,phases   ] GC(6209)   Merge Heap Roots: 0.4ms
[2025-01-08T23:32:43.832+0000][184034.199s][info][gc,phases   ] GC(6209)   Evacuate Collection Set: 29.8ms
[2025-01-08T23:32:43.832+0000][184034.199s][info][gc,phases   ] GC(6209)   Post Evacuate Collection Set: 2.6ms
[2025-01-08T23:32:43.832+0000][184034.199s][info][gc,phases   ] GC(6209)   Other: 0.3ms
[2025-01-08T23:32:43.832+0000][184034.199s][info][gc,heap     ] GC(6209) Eden regions: 913->0(912)
[2025-01-08T23:32:43.832+0000][184034.199s][info][gc,heap     ] GC(6209) Survivor regions: 8->9(116)
[2025-01-08T23:32:43.832+0000][184034.199s][info][gc,heap     ] GC(6209) Old regions: 237->237
[2025-01-08T23:32:43.832+0000][184034.199s][info][gc,heap     ] GC(6209) Archive regions: 2->2
[2025-01-08T23:32:43.832+0000][184034.199s][info][gc,heap     ] GC(6209) Humongous regions: 49->49
[2025-01-08T23:32:43.832+0000][184034.199s][info][gc,metaspace] GC(6209) Metaspace: 524076K(533824K)->524076K(533824K) NonClass: 460222K(465088K)->460222K(465088K) Class: 63853K(68736K)->63853K(68736K)
[2025-01-08T23:32:43.832+0000][184034.199s][info][gc          ] GC(6209) Pause Young (Concurrent Start) (G1 Evacuation Pause) 9649M->2353M(12288M) 34.308ms
[2025-01-08T23:32:43.833+0000][184034.199s][info][gc,cpu      ] GC(6209) User=0.20s Sys=0.00s Real=0.04s
[2025-01-08T23:32:43.833+0000][184034.199s][info][gc          ] GC(6210) Concurrent Mark Cycle
[2025-01-08T23:32:43.833+0000][184034.199s][info][gc,marking  ] GC(6210) Concurrent Clear Claimed Marks
[2025-01-08T23:32:43.834+0000][184034.200s][info][gc,marking  ] GC(6210) Concurrent Clear Claimed Marks 0.965ms
[2025-01-08T23:32:43.834+0000][184034.200s][info][gc,marking  ] GC(6210) Concurrent Scan Root Regions
[2025-01-08T23:32:43.858+0000][184034.224s][info][gc,marking  ] GC(6210) Concurrent Scan Root Regions 24.287ms
[2025-01-08T23:32:43.858+0000][184034.224s][info][gc,marking  ] GC(6210) Concurrent Mark
[2025-01-08T23:32:43.858+0000][184034.224s][info][gc,marking  ] GC(6210) Concurrent Mark From Roots
[2025-01-08T23:32:43.858+0000][184034.224s][info][gc,task     ] GC(6210) Using 2 workers of 2 for marking
[2025-01-08T23:32:44.746+0000][184035.113s][info][gc,marking  ] GC(6210) Concurrent Mark From Roots 888.575ms
[2025-01-08T23:32:44.747+0000][184035.113s][info][gc,marking  ] GC(6210) Concurrent Preclean
[2025-01-08T23:32:44.749+0000][184035.115s][info][gc,marking  ] GC(6210) Concurrent Preclean 2.755ms
[2025-01-08T23:32:44.749+0000][184035.116s][info][gc,start    ] GC(6210) Pause Remark
[2025-01-08T23:32:44.776+0000][184035.142s][info][gc          ] GC(6210) Pause Remark 3245M->3245M(12288M) 26.183ms
[2025-01-08T23:32:44.776+0000][184035.142s][info][gc,cpu      ] GC(6210) User=0.14s Sys=0.00s Real=0.03s
[2025-01-08T23:32:44.776+0000][184035.142s][info][gc,marking  ] GC(6210) Concurrent Mark 917.888ms
[2025-01-08T23:32:44.776+0000][184035.142s][info][gc,marking  ] GC(6210) Concurrent Rebuild Remembered Sets
[2025-01-08T23:32:45.330+0000][184035.696s][info][gc,marking  ] GC(6210) Concurrent Rebuild Remembered Sets 553.964ms
[2025-01-08T23:32:45.330+0000][184035.696s][info][gc,start    ] GC(6210) Pause Cleanup
[2025-01-08T23:32:45.330+0000][184035.696s][info][gc          ] GC(6210) Pause Cleanup 3745M->3745M(12288M) 0.426ms
[2025-01-08T23:32:45.330+0000][184035.696s][info][gc,cpu      ] GC(6210) User=0.00s Sys=0.00s Real=0.00s
[2025-01-08T23:32:45.330+0000][184035.697s][info][gc,marking  ] GC(6210) Concurrent Cleanup for Next Mark
[2025-01-08T23:32:45.346+0000][184035.712s][info][gc,marking  ] GC(6210) Concurrent Cleanup for Next Mark 15.307ms
[2025-01-08T23:32:45.346+0000][184035.712s][info][gc          ] GC(6210) Concurrent Mark Cycle 1513.233ms
[2025-01-08T23:32:53.018+0000][184043.384s][info][gc,start    ] GC(6211) Pause Young (Prepare Mixed) (G1 Evacuation Pause)
[2025-01-08T23:32:53.018+0000][184043.384s][info][gc,task     ] GC(6211) Using 6 workers of 6 for evacuation
[2025-01-08T23:32:53.056+0000][184043.422s][info][gc,phases   ] GC(6211)   Pre Evacuate Collection Set: 0.2ms
[2025-01-08T23:32:53.056+0000][184043.422s][info][gc,phases   ] GC(6211)   Merge Heap Roots: 0.7ms
[2025-01-08T23:32:53.056+0000][184043.422s][info][gc,phases   ] GC(6211)   Evacuate Collection Set: 34.4ms
[2025-01-08T23:32:53.056+0000][184043.422s][info][gc,phases   ] GC(6211)   Post Evacuate Collection Set: 2.7ms
[2025-01-08T23:32:53.056+0000][184043.422s][info][gc,phases   ] GC(6211)   Other: 0.2ms
[2025-01-08T23:32:53.056+0000][184043.422s][info][gc,heap     ] GC(6211) Eden regions: 912->0(66)
[2025-01-08T23:32:53.056+0000][184043.422s][info][gc,heap     ] GC(6211) Survivor regions: 9->10(116)
[2025-01-08T23:32:53.056+0000][184043.422s][info][gc,heap     ] GC(6211) Old regions: 237->237
[2025-01-08T23:32:53.056+0000][184043.422s][info][gc,heap     ] GC(6211) Archive regions: 2->2
[2025-01-08T23:32:53.056+0000][184043.422s][info][gc,heap     ] GC(6211) Humongous regions: 49->49
[2025-01-08T23:32:53.056+0000][184043.422s][info][gc,metaspace] GC(6211) Metaspace: 524076K(533824K)->524076K(533824K) NonClass: 460222K(465088K)->460222K(465088K) Class: 63853K(68736K)->63853K(68736K)
[2025-01-08T23:32:53.056+0000][184043.422s][info][gc          ] GC(6211) Pause Young (Prepare Mixed) (G1 Evacuation Pause) 9649M->2367M(12288M) 38.284ms
[2025-01-08T23:32:53.056+0000][184043.422s][info][gc,cpu      ] GC(6211) User=0.22s Sys=0.00s Real=0.04s
[2025-01-08T23:32:53.617+0000][184043.983s][info][gc,start    ] GC(6212) Pause Young (Mixed) (G1 Evacuation Pause)
[2025-01-08T23:32:53.617+0000][184043.983s][info][gc,task     ] GC(6212) Using 6 workers of 6 for evacuation
[2025-01-08T23:32:53.683+0000][184044.049s][info][gc,phases   ] GC(6212)   Pre Evacuate Collection Set: 0.2ms
[2025-01-08T23:32:53.683+0000][184044.049s][info][gc,phases   ] GC(6212)   Merge Heap Roots: 0.7ms
[2025-01-08T23:32:53.683+0000][184044.049s][info][gc,phases   ] GC(6212)   Evacuate Collection Set: 63.2ms
[2025-01-08T23:32:53.683+0000][184044.049s][info][gc,phases   ] GC(6212)   Post Evacuate Collection Set: 1.8ms
[2025-01-08T23:32:53.683+0000][184044.049s][info][gc,phases   ] GC(6212)   Other: 0.2ms
[2025-01-08T23:32:53.683+0000][184044.049s][info][gc,heap     ] GC(6212) Eden regions: 66->0(916)
[2025-01-08T23:32:53.683+0000][184044.049s][info][gc,heap     ] GC(6212) Survivor regions: 10->5(10)
[2025-01-08T23:32:53.683+0000][184044.049s][info][gc,heap     ] GC(6212) Old regions: 237->237
[2025-01-08T23:32:53.683+0000][184044.049s][info][gc,heap     ] GC(6212) Archive regions: 2->2
[2025-01-08T23:32:53.683+0000][184044.049s][info][gc,heap     ] GC(6212) Humongous regions: 49->49
[2025-01-08T23:32:53.683+0000][184044.049s][info][gc,metaspace] GC(6212) Metaspace: 524076K(533824K)->524076K(533824K) NonClass: 460222K(465088K)->460222K(465088K) Class: 63853K(68736K)->63853K(68736K)
[2025-01-08T23:32:53.683+0000][184044.049s][info][gc          ] GC(6212) Pause Young (Mixed) (G1 Evacuation Pause) 2895M->2329M(12288M) 66.100ms
[2025-01-08T23:32:53.683+0000][184044.049s][info][gc,cpu      ] GC(6212) User=0.39s Sys=0.00s Real=0.07s
[2025-01-08T23:33:03.811+0000][184054.178s][info][gc,start    ] GC(6213) Pause Young (Normal) (G1 Evacuation Pause)
[2025-01-08T23:33:03.811+0000][184054.178s][info][gc,task     ] GC(6213) Using 6 workers of 6 for evacuation
[2025-01-08T23:33:03.840+0000][184054.206s][info][gc,phases   ] GC(6213)   Pre Evacuate Collection Set: 0.2ms
[2025-01-08T23:33:03.840+0000][184054.206s][info][gc,phases   ] GC(6213)   Merge Heap Roots: 0.5ms
[2025-01-08T23:33:03.840+0000][184054.206s][info][gc,phases   ] GC(6213)   Evacuate Collection Set: 25.0ms
[2025-01-08T23:33:03.840+0000][184054.206s][info][gc,phases   ] GC(6213)   Post Evacuate Collection Set: 2.5ms
[2025-01-08T23:33:03.840+0000][184054.206s][info][gc,phases   ] GC(6213)   Other: 0.2ms
[2025-01-08T23:33:03.840+0000][184054.206s][info][gc,heap     ] GC(6213) Eden regions: 916->0(915)
[2025-01-08T23:33:03.840+0000][184054.206s][info][gc,heap     ] GC(6213) Survivor regions: 5->6(116)
[2025-01-08T23:33:03.840+0000][184054.206s][info][gc,heap     ] GC(6213) Old regions: 237->237
[2025-01-08T23:33:03.840+0000][184054.206s][info][gc,heap     ] GC(6213) Archive regions: 2->2
[2025-01-08T23:33:03.840+0000][184054.206s][info][gc,heap     ] GC(6213) Humongous regions: 49->49
[2025-01-08T23:33:03.840+0000][184054.206s][info][gc,metaspace] GC(6213) Metaspace: 524076K(533824K)->524076K(533824K) NonClass: 460222K(465088K)->460222K(465088K) Class: 63853K(68736K)->63853K(68736K)
[2025-01-08T23:33:03.840+0000][184054.206s][info][gc          ] GC(6213) Pause Young (Normal) (G1 Evacuation Pause) 9657M->2341M(12288M) 28.509ms
[2025-01-08T23:33:03.840+0000][184054.206s][info][gc,cpu      ] GC(6213) User=0.17s Sys=0.00s Real=0.02s
[2025-01-08T23:33:12.511+0000][184062.877s][info][gc,start    ] GC(6214) Pause Young (Normal) (G1 Evacuation Pause)
[2025-01-08T23:33:12.511+0000][184062.877s][info][gc,task     ] GC(6214) Using 6 workers of 6 for evacuation
[2025-01-08T23:33:12.545+0000][184062.911s][info][gc,phases   ] GC(6214)   Pre Evacuate Collection Set: 0.2ms
[2025-01-08T23:33:12.545+0000][184062.911s][info][gc,phases   ] GC(6214)   Merge Heap Roots: 0.4ms
[2025-01-08T23:33:12.545+0000][184062.911s][info][gc,phases   ] GC(6214)   Evacuate Collection Set: 27.9ms
[2025-01-08T23:33:12.545+0000][184062.911s][info][gc,phases   ] GC(6214)   Post Evacuate Collection Set: 5.3ms
[2025-01-08T23:33:12.545+0000][184062.911s][info][gc,phases   ] GC(6214)   Other: 0.2ms
[2025-01-08T23:33:12.545+0000][184062.911s][info][gc,heap     ] GC(6214) Eden regions: 915->0(912)
[2025-01-08T23:33:12.545+0000][184062.911s][info][gc,heap     ] GC(6214) Survivor regions: 6->9(116)
[2025-01-08T23:33:12.545+0000][184062.911s][info][gc,heap     ] GC(6214) Old regions: 237->237
[2025-01-08T23:33:12.545+0000][184062.911s][info][gc,heap     ] GC(6214) Archive regions: 2->2
[2025-01-08T23:33:12.545+0000][184062.911s][info][gc,heap     ] GC(6214) Humongous regions: 49->49
[2025-01-08T23:33:12.545+0000][184062.911s][info][gc,metaspace] GC(6214) Metaspace: 524076K(533824K)->524076K(533824K) NonClass: 460222K(465088K)->460222K(465088K) Class: 63853K(68736K)->63853K(68736K)
[2025-01-08T23:33:12.545+0000][184062.911s][info][gc          ] GC(6214) Pause Young (Normal) (G1 Evacuation Pause) 9661M->2365M(12288M) 34.206ms
[2025-01-08T23:33:12.545+0000][184062.911s][info][gc,cpu      ] GC(6214) User=0.20s Sys=0.00s Real=0.03s
[2025-01-08T23:33:16.595+0000][184066.961s][info][gc,start    ] GC(6215) Pause Young (Concurrent Start) (G1 Evacuation Pause)
[2025-01-08T23:33:16.595+0000][184066.961s][info][gc,task     ] GC(6215) Using 6 workers of 6 for evacuation
[2025-01-08T23:33:16.630+0000][184066.996s][info][gc,phases   ] GC(6215)   Pre Evacuate Collection Set: 1.2ms
[2025-01-08T23:33:16.630+0000][184066.996s][info][gc,phases   ] GC(6215)   Merge Heap Roots: 0.5ms
[2025-01-08T23:33:16.630+0000][184066.996s][info][gc,phases   ] GC(6215)   Evacuate Collection Set: 31.1ms
[2025-01-08T23:33:16.630+0000][184066.996s][info][gc,phases   ] GC(6215)   Post Evacuate Collection Set: 2.4ms
[2025-01-08T23:33:16.630+0000][184066.996s][info][gc,phases   ] GC(6215)   Other: 0.3ms
[2025-01-08T23:33:16.630+0000][184066.996s][info][gc,heap     ] GC(6215) Eden regions: 912->0(912)
[2025-01-08T23:33:16.630+0000][184066.996s][info][gc,heap     ] GC(6215) Survivor regions: 9->9(116)
[2025-01-08T23:33:16.630+0000][184066.996s][info][gc,heap     ] GC(6215) Old regions: 237->237
[2025-01-08T23:33:16.630+0000][184066.996s][info][gc,heap     ] GC(6215) Archive regions: 2->2
[2025-01-08T23:33:16.630+0000][184066.996s][info][gc,heap     ] GC(6215) Humongous regions: 49->49
[2025-01-08T23:33:16.630+0000][184066.996s][info][gc,metaspace] GC(6215) Metaspace: 524076K(533824K)->524076K(533824K) NonClass: 460222K(465088K)->460222K(465088K) Class: 63853K(68736K)->63853K(68736K)
[2025-01-08T23:33:16.630+0000][184066.996s][info][gc          ] GC(6215) Pause Young (Concurrent Start) (G1 Evacuation Pause) 9661M->2365M(12288M) 35.491ms
[2025-01-08T23:33:16.630+0000][184066.996s][info][gc,cpu      ] GC(6215) User=0.21s Sys=0.00s Real=0.04s
[2025-01-08T23:33:16.630+0000][184066.996s][info][gc          ] GC(6216) Concurrent Mark Cycle
[2025-01-08T23:33:16.630+0000][184066.996s][info][gc,marking  ] GC(6216) Concurrent Clear Claimed Marks
[2025-01-08T23:33:16.631+0000][184066.997s][info][gc,marking  ] GC(6216) Concurrent Clear Claimed Marks 0.942ms
[2025-01-08T23:33:16.631+0000][184066.997s][info][gc,marking  ] GC(6216) Concurrent Scan Root Regions
[2025-01-08T23:33:16.668+0000][184067.035s][info][gc,marking  ] GC(6216) Concurrent Scan Root Regions 37.226ms
[2025-01-08T23:33:16.668+0000][184067.035s][info][gc,marking  ] GC(6216) Concurrent Mark
[2025-01-08T23:33:16.668+0000][184067.035s][info][gc,marking  ] GC(6216) Concurrent Mark From Roots
[2025-01-08T23:33:16.669+0000][184067.035s][info][gc,task     ] GC(6216) Using 2 workers of 2 for marking
[2025-01-08T23:33:17.609+0000][184067.975s][info][gc,marking  ] GC(6216) Concurrent Mark From Roots 940.403ms
[2025-01-08T23:33:17.609+0000][184067.975s][info][gc,marking  ] GC(6216) Concurrent Preclean
[2025-01-08T23:33:17.612+0000][184067.978s][info][gc,marking  ] GC(6216) Concurrent Preclean 2.677ms
[2025-01-08T23:33:17.612+0000][184067.978s][info][gc,start    ] GC(6216) Pause Remark
[2025-01-08T23:33:17.668+0000][184068.034s][info][gc          ] GC(6216) Pause Remark 3881M->3881M(12288M) 56.360ms
[2025-01-08T23:33:17.668+0000][184068.034s][info][gc,cpu      ] GC(6216) User=0.31s Sys=0.00s Real=0.05s
[2025-01-08T23:33:17.668+0000][184068.034s][info][gc,marking  ] GC(6216) Concurrent Mark 999.803ms
[2025-01-08T23:33:17.668+0000][184068.034s][info][gc,marking  ] GC(6216) Concurrent Rebuild Remembered Sets
[2025-01-08T23:33:18.281+0000][184068.647s][info][gc,marking  ] GC(6216) Concurrent Rebuild Remembered Sets 612.666ms
[2025-01-08T23:33:18.281+0000][184068.647s][info][gc,start    ] GC(6216) Pause Cleanup
[2025-01-08T23:33:18.282+0000][184068.648s][info][gc          ] GC(6216) Pause Cleanup 4737M->4737M(12288M) 0.479ms
[2025-01-08T23:33:18.282+0000][184068.648s][info][gc,cpu      ] GC(6216) User=0.01s Sys=0.00s Real=0.01s
[2025-01-08T23:33:18.282+0000][184068.648s][info][gc,marking  ] GC(6216) Concurrent Cleanup for Next Mark
[2025-01-08T23:33:18.298+0000][184068.664s][info][gc,marking  ] GC(6216) Concurrent Cleanup for Next Mark 16.036ms
[2025-01-08T23:33:18.298+0000][184068.664s][info][gc          ] GC(6216) Concurrent Mark Cycle 1667.522ms
[2025-01-08T23:33:21.233+0000][184071.599s][info][gc,start    ] GC(6217) Pause Young (Prepare Mixed) (G1 Evacuation Pause)
[2025-01-08T23:33:21.233+0000][184071.599s][info][gc,task     ] GC(6217) Using 6 workers of 6 for evacuation
[2025-01-08T23:33:21.270+0000][184071.636s][info][gc,phases   ] GC(6217)   Pre Evacuate Collection Set: 0.2ms
[2025-01-08T23:33:21.270+0000][184071.636s][info][gc,phases   ] GC(6217)   Merge Heap Roots: 0.7ms
[2025-01-08T23:33:21.270+0000][184071.636s][info][gc,phases   ] GC(6217)   Evacuate Collection Set: 32.2ms
[2025-01-08T23:33:21.270+0000][184071.636s][info][gc,phases   ] GC(6217)   Post Evacuate Collection Set: 4.0ms
[2025-01-08T23:33:21.270+0000][184071.636s][info][gc,phases   ] GC(6217)   Other: 0.2ms
[2025-01-08T23:33:21.270+0000][184071.636s][info][gc,heap     ] GC(6217) Eden regions: 912->0(66)
[2025-01-08T23:33:21.270+0000][184071.636s][info][gc,heap     ] GC(6217) Survivor regions: 9->10(116)
[2025-01-08T23:33:21.270+0000][184071.636s][info][gc,heap     ] GC(6217) Old regions: 237->237
[2025-01-08T23:33:21.270+0000][184071.636s][info][gc,heap     ] GC(6217) Archive regions: 2->2
[2025-01-08T23:33:21.270+0000][184071.636s][info][gc,heap     ] GC(6217) Humongous regions: 49->49
[2025-01-08T23:33:21.270+0000][184071.636s][info][gc,metaspace] GC(6217) Metaspace: 524032K(533824K)->524032K(533824K) NonClass: 460186K(465088K)->460186K(465088K) Class: 63845K(68736K)->63845K(68736K)
[2025-01-08T23:33:21.270+0000][184071.636s][info][gc          ] GC(6217) Pause Young (Prepare Mixed) (G1 Evacuation Pause) 9661M->2372M(12288M) 37.384ms
[2025-01-08T23:33:21.270+0000][184071.636s][info][gc,cpu      ] GC(6217) User=0.22s Sys=0.00s Real=0.04s
[2025-01-08T23:33:21.674+0000][184072.040s][info][gc,start    ] GC(6218) Pause Young (Mixed) (G1 Evacuation Pause)
[2025-01-08T23:33:21.674+0000][184072.040s][info][gc,task     ] GC(6218) Using 6 workers of 6 for evacuation
[2025-01-08T23:33:21.717+0000][184072.083s][info][gc,phases   ] GC(6218)   Pre Evacuate Collection Set: 0.2ms
[2025-01-08T23:33:21.717+0000][184072.083s][info][gc,phases   ] GC(6218)   Merge Heap Roots: 0.4ms
[2025-01-08T23:33:21.717+0000][184072.083s][info][gc,phases   ] GC(6218)   Evacuate Collection Set: 41.0ms
[2025-01-08T23:33:21.717+0000][184072.084s][info][gc,phases   ] GC(6218)   Post Evacuate Collection Set: 1.6ms
[2025-01-08T23:33:21.717+0000][184072.084s][info][gc,phases   ] GC(6218)   Other: 0.2ms
[2025-01-08T23:33:21.717+0000][184072.084s][info][gc,heap     ] GC(6218) Eden regions: 66->0(915)
[2025-01-08T23:33:21.717+0000][184072.084s][info][gc,heap     ] GC(6218) Survivor regions: 10->6(10)
[2025-01-08T23:33:21.717+0000][184072.084s][info][gc,heap     ] GC(6218) Old regions: 237->234
[2025-01-08T23:33:21.717+0000][184072.084s][info][gc,heap     ] GC(6218) Archive regions: 2->2
[2025-01-08T23:33:21.717+0000][184072.084s][info][gc,heap     ] GC(6218) Humongous regions: 49->49
[2025-01-08T23:33:21.717+0000][184072.084s][info][gc,metaspace] GC(6218) Metaspace: 524032K(533824K)->524032K(533824K) NonClass: 460186K(465088K)->460186K(465088K) Class: 63845K(68736K)->63845K(68736K)
[2025-01-08T23:33:21.718+0000][184072.084s][info][gc          ] GC(6218) Pause Young (Mixed) (G1 Evacuation Pause) 2900M->2309M(12288M) 43.524ms
[2025-01-08T23:33:21.718+0000][184072.084s][info][gc,cpu      ] GC(6218) User=0.25s Sys=0.00s Real=0.04s
[2025-01-08T23:33:30.531+0000][184080.897s][info][gc,start    ] GC(6219) Pause Young (Normal) (G1 Evacuation Pause)
[2025-01-08T23:33:30.531+0000][184080.897s][info][gc,task     ] GC(6219) Using 6 workers of 6 for evacuation
[2025-01-08T23:33:30.559+0000][184080.925s][info][gc,phases   ] GC(6219)   Pre Evacuate Collection Set: 0.2ms
[2025-01-08T23:33:30.559+0000][184080.925s][info][gc,phases   ] GC(6219)   Merge Heap Roots: 0.5ms
[2025-01-08T23:33:30.559+0000][184080.925s][info][gc,phases   ] GC(6219)   Evacuate Collection Set: 24.6ms
[2025-01-08T23:33:30.559+0000][184080.925s][info][gc,phases   ] GC(6219)   Post Evacuate Collection Set: 2.6ms
[2025-01-08T23:33:30.559+0000][184080.925s][info][gc,phases   ] GC(6219)   Other: 0.2ms
[2025-01-08T23:33:30.559+0000][184080.925s][info][gc,heap     ] GC(6219) Eden regions: 915->0(914)
[2025-01-08T23:33:30.559+0000][184080.925s][info][gc,heap     ] GC(6219) Survivor regions: 6->7(116)
[2025-01-08T23:33:30.559+0000][184080.925s][info][gc,heap     ] GC(6219) Old regions: 234->234
[2025-01-08T23:33:30.559+0000][184080.925s][info][gc,heap     ] GC(6219) Archive regions: 2->2
[2025-01-08T23:33:30.559+0000][184080.925s][info][gc,heap     ] GC(6219) Humongous regions: 49->49
[2025-01-08T23:33:30.559+0000][184080.925s][info][gc,metaspace] GC(6219) Metaspace: 524032K(533824K)->524032K(533824K) NonClass: 460186K(465088K)->460186K(465088K) Class: 63845K(68736K)->63845K(68736K)
[2025-01-08T23:33:30.559+0000][184080.925s][info][gc          ] GC(6219) Pause Young (Normal) (G1 Evacuation Pause) 9629M->2317M(12288M) 28.221ms
[2025-01-08T23:33:30.559+0000][184080.925s][info][gc,cpu      ] GC(6219) User=0.17s Sys=0.00s Real=0.02s
[2025-01-08T23:33:36.748+0000][184087.114s][info][gc,start    ] GC(6220) Pause Young (Normal) (G1 Evacuation Pause)
[2025-01-08T23:33:36.748+0000][184087.114s][info][gc,task     ] GC(6220) Using 6 workers of 6 for evacuation
[2025-01-08T23:33:36.777+0000][184087.143s][info][gc,phases   ] GC(6220)   Pre Evacuate Collection Set: 0.2ms
[2025-01-08T23:33:36.777+0000][184087.144s][info][gc,phases   ] GC(6220)   Merge Heap Roots: 0.4ms
[2025-01-08T23:33:36.777+0000][184087.144s][info][gc,phases   ] GC(6220)   Evacuate Collection Set: 25.8ms
[2025-01-08T23:33:36.777+0000][184087.144s][info][gc,phases   ] GC(6220)   Post Evacuate Collection Set: 2.5ms
[2025-01-08T23:33:36.777+0000][184087.144s][info][gc,phases   ] GC(6220)   Other: 0.2ms
[2025-01-08T23:33:36.777+0000][184087.144s][info][gc,heap     ] GC(6220) Eden regions: 914->0(914)
[2025-01-08T23:33:36.777+0000][184087.144s][info][gc,heap     ] GC(6220) Survivor regions: 7->7(116)
[2025-01-08T23:33:36.777+0000][184087.144s][info][gc,heap     ] GC(6220) Old regions: 234->234
[2025-01-08T23:33:36.777+0000][184087.144s][info][gc,heap     ] GC(6220) Archive regions: 2->2
[2025-01-08T23:33:36.777+0000][184087.144s][info][gc,heap     ] GC(6220) Humongous regions: 49->49
[2025-01-08T23:33:36.777+0000][184087.144s][info][gc,metaspace] GC(6220) Metaspace: 524032K(533824K)->524032K(533824K) NonClass: 460186K(465088K)->460186K(465088K) Class: 63845K(68736K)->63845K(68736K)
[2025-01-08T23:33:36.778+0000][184087.144s][info][gc          ] GC(6220) Pause Young (Normal) (G1 Evacuation Pause) 9629M->2323M(12288M) 29.248ms
[2025-01-08T23:33:36.778+0000][184087.144s][info][gc,cpu      ] GC(6220) User=0.17s Sys=0.00s Real=0.03s
[2025-01-08T23:33:43.403+0000][184093.770s][info][gc,start    ] GC(6221) Pause Young (Concurrent Start) (G1 Evacuation Pause)
[2025-01-08T23:33:43.404+0000][184093.770s][info][gc,task     ] GC(6221) Using 6 workers of 6 for evacuation
[2025-01-08T23:33:43.436+0000][184093.802s][info][gc,phases   ] GC(6221)   Pre Evacuate Collection Set: 1.1ms
[2025-01-08T23:33:43.436+0000][184093.802s][info][gc,phases   ] GC(6221)   Merge Heap Roots: 0.5ms
[2025-01-08T23:33:43.436+0000][184093.802s][info][gc,phases   ] GC(6221)   Evacuate Collection Set: 28.1ms
[2025-01-08T23:33:43.436+0000][184093.802s][info][gc,phases   ] GC(6221)   Post Evacuate Collection Set: 2.5ms
[2025-01-08T23:33:43.436+0000][184093.802s][info][gc,phases   ] GC(6221)   Other: 0.3ms
[2025-01-08T23:33:43.436+0000][184093.802s][info][gc,heap     ] GC(6221) Eden regions: 914->0(913)
[2025-01-08T23:33:43.436+0000][184093.802s][info][gc,heap     ] GC(6221) Survivor regions: 7->8(116)
[2025-01-08T23:33:43.436+0000][184093.802s][info][gc,heap     ] GC(6221) Old regions: 234->234
[2025-01-08T23:33:43.436+0000][184093.802s][info][gc,heap     ] GC(6221) Archive regions: 2->2
[2025-01-08T23:33:43.436+0000][184093.802s][info][gc,heap     ] GC(6221) Humongous regions: 49->49
[2025-01-08T23:33:43.436+0000][184093.802s][info][gc,metaspace] GC(6221) Metaspace: 524032K(533824K)->524032K(533824K) NonClass: 460186K(465088K)->460186K(465088K) Class: 63845K(68736K)->63845K(68736K)
[2025-01-08T23:33:43.436+0000][184093.802s][info][gc          ] GC(6221) Pause Young (Concurrent Start) (G1 Evacuation Pause) 9635M->2328M(12288M) 32.492ms
[2025-01-08T23:33:43.436+0000][184093.802s][info][gc,cpu      ] GC(6221) User=0.18s Sys=0.01s Real=0.03s
[2025-01-08T23:33:43.436+0000][184093.802s][info][gc          ] GC(6222) Concurrent Mark Cycle
[2025-01-08T23:33:43.436+0000][184093.802s][info][gc,marking  ] GC(6222) Concurrent Clear Claimed Marks
[2025-01-08T23:33:43.437+0000][184093.803s][info][gc,marking  ] GC(6222) Concurrent Clear Claimed Marks 0.906ms
[2025-01-08T23:33:43.437+0000][184093.803s][info][gc,marking  ] GC(6222) Concurrent Scan Root Regions
[2025-01-08T23:33:43.462+0000][184093.828s][info][gc,marking  ] GC(6222) Concurrent Scan Root Regions 25.047ms
[2025-01-08T23:33:43.462+0000][184093.828s][info][gc,marking  ] GC(6222) Concurrent Mark
[2025-01-08T23:33:43.462+0000][184093.828s][info][gc,marking  ] GC(6222) Concurrent Mark From Roots
[2025-01-08T23:33:43.462+0000][184093.828s][info][gc,task     ] GC(6222) Using 2 workers of 2 for marking
[2025-01-08T23:33:44.356+0000][184094.722s][info][gc,marking  ] GC(6222) Concurrent Mark From Roots 893.674ms
[2025-01-08T23:33:44.356+0000][184094.722s][info][gc,marking  ] GC(6222) Concurrent Preclean
[2025-01-08T23:33:44.358+0000][184094.725s][info][gc,marking  ] GC(6222) Concurrent Preclean 2.608ms
[2025-01-08T23:33:44.359+0000][184094.725s][info][gc,start    ] GC(6222) Pause Remark
[2025-01-08T23:33:44.385+0000][184094.751s][info][gc          ] GC(6222) Pause Remark 3232M->3232M(12288M) 26.243ms
[2025-01-08T23:33:44.385+0000][184094.751s][info][gc,cpu      ] GC(6222) User=0.15s Sys=0.00s Real=0.03s
[2025-01-08T23:33:44.385+0000][184094.751s][info][gc,marking  ] GC(6222) Concurrent Mark 922.851ms
[2025-01-08T23:33:44.385+0000][184094.751s][info][gc,marking  ] GC(6222) Concurrent Rebuild Remembered Sets
[2025-01-08T23:33:44.924+0000][184095.290s][info][gc,marking  ] GC(6222) Concurrent Rebuild Remembered Sets 538.952ms
[2025-01-08T23:33:44.924+0000][184095.290s][info][gc,start    ] GC(6222) Pause Cleanup
[2025-01-08T23:33:44.925+0000][184095.291s][info][gc          ] GC(6222) Pause Cleanup 3680M->3680M(12288M) 0.446ms
[2025-01-08T23:33:44.925+0000][184095.291s][info][gc,cpu      ] GC(6222) User=0.00s Sys=0.00s Real=0.00s
[2025-01-08T23:33:44.925+0000][184095.291s][info][gc,marking  ] GC(6222) Concurrent Cleanup for Next Mark
[2025-01-08T23:33:44.941+0000][184095.307s][info][gc,marking  ] GC(6222) Concurrent Cleanup for Next Mark 16.590ms
[2025-01-08T23:33:44.941+0000][184095.307s][info][gc          ] GC(6222) Concurrent Mark Cycle 1505.218ms
[2025-01-08T23:33:51.018+0000][184101.384s][info][gc,start    ] GC(6223) Pause Young (Prepare Mixed) (G1 Evacuation Pause)
[2025-01-08T23:33:51.018+0000][184101.384s][info][gc,task     ] GC(6223) Using 6 workers of 6 for evacuation
[2025-01-08T23:33:51.056+0000][184101.422s][info][gc,phases   ] GC(6223)   Pre Evacuate Collection Set: 0.2ms
[2025-01-08T23:33:51.056+0000][184101.422s][info][gc,phases   ] GC(6223)   Merge Heap Roots: 0.7ms
[2025-01-08T23:33:51.056+0000][184101.422s][info][gc,phases   ] GC(6223)   Evacuate Collection Set: 33.4ms
[2025-01-08T23:33:51.056+0000][184101.422s][info][gc,phases   ] GC(6223)   Post Evacuate Collection Set: 2.8ms
[2025-01-08T23:33:51.056+0000][184101.422s][info][gc,phases   ] GC(6223)   Other: 0.2ms
[2025-01-08T23:33:51.056+0000][184101.422s][info][gc,heap     ] GC(6223) Eden regions: 913->0(67)
[2025-01-08T23:33:51.056+0000][184101.422s][info][gc,heap     ] GC(6223) Survivor regions: 8->9(116)
[2025-01-08T23:33:51.056+0000][184101.422s][info][gc,heap     ] GC(6223) Old regions: 234->234
[2025-01-08T23:33:51.056+0000][184101.422s][info][gc,heap     ] GC(6223) Archive regions: 2->2
[2025-01-08T23:33:51.056+0000][184101.422s][info][gc,heap     ] GC(6223) Humongous regions: 49->49
[2025-01-08T23:33:51.056+0000][184101.422s][info][gc,metaspace] GC(6223) Metaspace: 524032K(533824K)->524032K(533824K) NonClass: 460186K(465088K)->460186K(465088K) Class: 63845K(68736K)->63845K(68736K)
[2025-01-08T23:33:51.056+0000][184101.422s][info][gc          ] GC(6223) Pause Young (Prepare Mixed) (G1 Evacuation Pause) 9632M->2339M(12288M) 37.407ms
[2025-01-08T23:33:51.056+0000][184101.422s][info][gc,cpu      ] GC(6223) User=0.21s Sys=0.01s Real=0.04s
[2025-01-08T23:33:52.595+0000][184102.961s][info][gc,start    ] GC(6224) Pause Young (Mixed) (G1 Evacuation Pause)
[2025-01-08T23:33:52.595+0000][184102.961s][info][gc,task     ] GC(6224) Using 6 workers of 6 for evacuation
[2025-01-08T23:33:52.661+0000][184103.028s][info][gc,phases   ] GC(6224)   Pre Evacuate Collection Set: 0.2ms
[2025-01-08T23:33:52.662+0000][184103.028s][info][gc,phases   ] GC(6224)   Merge Heap Roots: 0.7ms
[2025-01-08T23:33:52.662+0000][184103.028s][info][gc,phases   ] GC(6224)   Evacuate Collection Set: 63.6ms
[2025-01-08T23:33:52.662+0000][184103.028s][info][gc,phases   ] GC(6224)   Post Evacuate Collection Set: 1.8ms
[2025-01-08T23:33:52.662+0000][184103.028s][info][gc,phases   ] GC(6224)   Other: 0.2ms
[2025-01-08T23:33:52.662+0000][184103.028s][info][gc,heap     ] GC(6224) Eden regions: 67->0(915)
[2025-01-08T23:33:52.662+0000][184103.028s][info][gc,heap     ] GC(6224) Survivor regions: 9->6(10)
[2025-01-08T23:33:52.662+0000][184103.028s][info][gc,heap     ] GC(6224) Old regions: 234->233
[2025-01-08T23:33:52.662+0000][184103.028s][info][gc,heap     ] GC(6224) Archive regions: 2->2
[2025-01-08T23:33:52.662+0000][184103.028s][info][gc,heap     ] GC(6224) Humongous regions: 49->49
[2025-01-08T23:33:52.662+0000][184103.028s][info][gc,metaspace] GC(6224) Metaspace: 524032K(533824K)->524032K(533824K) NonClass: 460186K(465088K)->460186K(465088K) Class: 63845K(68736K)->63845K(68736K)
[2025-01-08T23:33:52.662+0000][184103.028s][info][gc          ] GC(6224) Pause Young (Mixed) (G1 Evacuation Pause) 2875M->2297M(12288M) 66.605ms
[2025-01-08T23:33:52.662+0000][184103.028s][info][gc,cpu      ] GC(6224) User=0.39s Sys=0.00s Real=0.07s
[2025-01-08T23:34:00.256+0000][184110.622s][info][gc,start    ] GC(6225) Pause Young (Normal) (G1 Evacuation Pause)
[2025-01-08T23:34:00.256+0000][184110.622s][info][gc,task     ] GC(6225) Using 6 workers of 6 for evacuation
[2025-01-08T23:34:00.288+0000][184110.655s][info][gc,phases   ] GC(6225)   Pre Evacuate Collection Set: 0.2ms
[2025-01-08T23:34:00.288+0000][184110.655s][info][gc,phases   ] GC(6225)   Merge Heap Roots: 0.5ms
[2025-01-08T23:34:00.288+0000][184110.655s][info][gc,phases   ] GC(6225)   Evacuate Collection Set: 27.1ms
[2025-01-08T23:34:00.288+0000][184110.655s][info][gc,phases   ] GC(6225)   Post Evacuate Collection Set: 4.4ms
[2025-01-08T23:34:00.288+0000][184110.655s][info][gc,phases   ] GC(6225)   Other: 0.2ms
[2025-01-08T23:34:00.288+0000][184110.655s][info][gc,heap     ] GC(6225) Eden regions: 915->0(911)
[2025-01-08T23:34:00.288+0000][184110.655s][info][gc,heap     ] GC(6225) Survivor regions: 6->10(116)
[2025-01-08T23:34:00.288+0000][184110.655s][info][gc,heap     ] GC(6225) Old regions: 233->233
[2025-01-08T23:34:00.289+0000][184110.655s][info][gc,heap     ] GC(6225) Archive regions: 2->2
[2025-01-08T23:34:00.289+0000][184110.655s][info][gc,heap     ] GC(6225) Humongous regions: 49->49
[2025-01-08T23:34:00.289+0000][184110.655s][info][gc,metaspace] GC(6225) Metaspace: 524032K(533824K)->524032K(533824K) NonClass: 460186K(465088K)->460186K(465088K) Class: 63845K(68736K)->63845K(68736K)
[2025-01-08T23:34:00.289+0000][184110.655s][info][gc          ] GC(6225) Pause Young (Normal) (G1 Evacuation Pause) 9617M->2335M(12288M) 32.512ms
[2025-01-08T23:34:00.289+0000][184110.655s][info][gc,cpu      ] GC(6225) User=0.19s Sys=0.00s Real=0.03s
[2025-01-08T23:34:05.675+0000][184116.041s][info][gc,start    ] GC(6226) Pause Young (Normal) (G1 Evacuation Pause)
[2025-01-08T23:34:05.675+0000][184116.041s][info][gc,task     ] GC(6226) Using 6 workers of 6 for evacuation
[2025-01-08T23:34:05.706+0000][184116.073s][info][gc,phases   ] GC(6226)   Pre Evacuate Collection Set: 0.2ms
[2025-01-08T23:34:05.706+0000][184116.073s][info][gc,phases   ] GC(6226)   Merge Heap Roots: 0.4ms
[2025-01-08T23:34:05.706+0000][184116.073s][info][gc,phases   ] GC(6226)   Evacuate Collection Set: 27.1ms
[2025-01-08T23:34:05.706+0000][184116.073s][info][gc,phases   ] GC(6226)   Post Evacuate Collection Set: 3.1ms
[2025-01-08T23:34:05.706+0000][184116.073s][info][gc,phases   ] GC(6226)   Other: 0.2ms
[2025-01-08T23:34:05.707+0000][184116.073s][info][gc,heap     ] GC(6226) Eden regions: 911->0(913)
[2025-01-08T23:34:05.707+0000][184116.073s][info][gc,heap     ] GC(6226) Survivor regions: 10->8(116)
[2025-01-08T23:34:05.707+0000][184116.073s][info][gc,heap     ] GC(6226) Old regions: 233->233
[2025-01-08T23:34:05.707+0000][184116.073s][info][gc,heap     ] GC(6226) Archive regions: 2->2
[2025-01-08T23:34:05.707+0000][184116.073s][info][gc,heap     ] GC(6226) Humongous regions: 49->49
[2025-01-08T23:34:05.707+0000][184116.073s][info][gc,metaspace] GC(6226) Metaspace: 524032K(533824K)->524032K(533824K) NonClass: 460186K(465088K)->460186K(465088K) Class: 63845K(68736K)->63845K(68736K)
[2025-01-08T23:34:05.707+0000][184116.073s][info][gc          ] GC(6226) Pause Young (Normal) (G1 Evacuation Pause) 9623M->2317M(12288M) 31.228ms
[2025-01-08T23:34:05.707+0000][184116.073s][info][gc,cpu      ] GC(6226) User=0.18s Sys=0.00s Real=0.03s
[2025-01-08T23:34:14.168+0000][184124.534s][info][gc,start    ] GC(6227) Pause Young (Concurrent Start) (G1 Evacuation Pause)
[2025-01-08T23:34:14.168+0000][184124.534s][info][gc,task     ] GC(6227) Using 6 workers of 6 for evacuation
[2025-01-08T23:34:14.207+0000][184124.573s][info][gc,phases   ] GC(6227)   Pre Evacuate Collection Set: 1.1ms
[2025-01-08T23:34:14.207+0000][184124.573s][info][gc,phases   ] GC(6227)   Merge Heap Roots: 0.5ms
[2025-01-08T23:34:14.207+0000][184124.573s][info][gc,phases   ] GC(6227)   Evacuate Collection Set: 34.2ms
[2025-01-08T23:34:14.207+0000][184124.573s][info][gc,phases   ] GC(6227)   Post Evacuate Collection Set: 2.7ms
[2025-01-08T23:34:14.207+0000][184124.573s][info][gc,phases   ] GC(6227)   Other: 0.3ms
[2025-01-08T23:34:14.207+0000][184124.573s][info][gc,heap     ] GC(6227) Eden regions: 913->0(911)
[2025-01-08T23:34:14.207+0000][184124.573s][info][gc,heap     ] GC(6227) Survivor regions: 8->10(116)
[2025-01-08T23:34:14.207+0000][184124.573s][info][gc,heap     ] GC(6227) Old regions: 233->233
[2025-01-08T23:34:14.207+0000][184124.573s][info][gc,heap     ] GC(6227) Archive regions: 2->2
[2025-01-08T23:34:14.207+0000][184124.573s][info][gc,heap     ] GC(6227) Humongous regions: 49->49
[2025-01-08T23:34:14.207+0000][184124.573s][info][gc,metaspace] GC(6227) Metaspace: 524032K(533824K)->524032K(533824K) NonClass: 460186K(465088K)->460186K(465088K) Class: 63845K(68736K)->63845K(68736K)
[2025-01-08T23:34:14.207+0000][184124.573s][info][gc          ] GC(6227) Pause Young (Concurrent Start) (G1 Evacuation Pause) 9621M->2331M(12288M) 38.851ms
[2025-01-08T23:34:14.207+0000][184124.573s][info][gc,cpu      ] GC(6227) User=0.22s Sys=0.00s Real=0.04s
[2025-01-08T23:34:14.207+0000][184124.573s][info][gc          ] GC(6228) Concurrent Mark Cycle
[2025-01-08T23:34:14.207+0000][184124.573s][info][gc,marking  ] GC(6228) Concurrent Clear Claimed Marks
[2025-01-08T23:34:14.208+0000][184124.574s][info][gc,marking  ] GC(6228) Concurrent Clear Claimed Marks 0.945ms
[2025-01-08T23:34:14.208+0000][184124.574s][info][gc,marking  ] GC(6228) Concurrent Scan Root Regions
[2025-01-08T23:34:14.235+0000][184124.601s][info][gc,marking  ] GC(6228) Concurrent Scan Root Regions 26.881ms
[2025-01-08T23:34:14.235+0000][184124.601s][info][gc,marking  ] GC(6228) Concurrent Mark
[2025-01-08T23:34:14.235+0000][184124.601s][info][gc,marking  ] GC(6228) Concurrent Mark From Roots
[2025-01-08T23:34:14.235+0000][184124.601s][info][gc,task     ] GC(6228) Using 2 workers of 2 for marking
[2025-01-08T23:34:15.055+0000][184125.421s][info][gc,marking  ] GC(6228) Concurrent Mark From Roots 820.596ms
[2025-01-08T23:34:15.055+0000][184125.421s][info][gc,marking  ] GC(6228) Concurrent Preclean
[2025-01-08T23:34:15.059+0000][184125.425s][info][gc,marking  ] GC(6228) Concurrent Preclean 3.584ms
[2025-01-08T23:34:15.059+0000][184125.425s][info][gc,start    ] GC(6228) Pause Remark
[2025-01-08T23:34:15.085+0000][184125.451s][info][gc          ] GC(6228) Pause Remark 3168M->3168M(12288M) 25.952ms
[2025-01-08T23:34:15.085+0000][184125.451s][info][gc,cpu      ] GC(6228) User=0.14s Sys=0.00s Real=0.03s
[2025-01-08T23:34:15.085+0000][184125.451s][info][gc,marking  ] GC(6228) Concurrent Mark 850.466ms
[2025-01-08T23:34:15.085+0000][184125.451s][info][gc,marking  ] GC(6228) Concurrent Rebuild Remembered Sets
[2025-01-08T23:34:15.629+0000][184125.995s][info][gc,marking  ] GC(6228) Concurrent Rebuild Remembered Sets 543.534ms
[2025-01-08T23:34:15.629+0000][184125.995s][info][gc,start    ] GC(6228) Pause Cleanup
[2025-01-08T23:34:15.629+0000][184125.995s][info][gc          ] GC(6228) Pause Cleanup 3595M->3595M(12288M) 0.430ms
[2025-01-08T23:34:15.629+0000][184125.995s][info][gc,cpu      ] GC(6228) User=0.00s Sys=0.00s Real=0.00s
[2025-01-08T23:34:15.629+0000][184125.996s][info][gc,marking  ] GC(6228) Concurrent Cleanup for Next Mark
[2025-01-08T23:34:15.645+0000][184126.011s][info][gc,marking  ] GC(6228) Concurrent Cleanup for Next Mark 15.881ms
[2025-01-08T23:34:15.645+0000][184126.011s][info][gc          ] GC(6228) Concurrent Mark Cycle 1438.618ms
[2025-01-08T23:34:20.151+0000][184130.517s][info][gc,start    ] GC(6229) Pause Young (Prepare Mixed) (G1 Evacuation Pause)
[2025-01-08T23:34:20.151+0000][184130.517s][info][gc,task     ] GC(6229) Using 6 workers of 6 for evacuation
[2025-01-08T23:34:20.196+0000][184130.562s][info][gc,phases   ] GC(6229)   Pre Evacuate Collection Set: 0.2ms
[2025-01-08T23:34:20.196+0000][184130.562s][info][gc,phases   ] GC(6229)   Merge Heap Roots: 0.7ms
[2025-01-08T23:34:20.196+0000][184130.562s][info][gc,phases   ] GC(6229)   Evacuate Collection Set: 39.5ms
[2025-01-08T23:34:20.196+0000][184130.562s][info][gc,phases   ] GC(6229)   Post Evacuate Collection Set: 4.4ms
[2025-01-08T23:34:20.196+0000][184130.562s][info][gc,phases   ] GC(6229)   Other: 0.2ms
[2025-01-08T23:34:20.196+0000][184130.562s][info][gc,heap     ] GC(6229) Eden regions: 911->0(65)
[2025-01-08T23:34:20.196+0000][184130.562s][info][gc,heap     ] GC(6229) Survivor regions: 10->11(116)
[2025-01-08T23:34:20.196+0000][184130.562s][info][gc,heap     ] GC(6229) Old regions: 233->233
[2025-01-08T23:34:20.196+0000][184130.562s][info][gc,heap     ] GC(6229) Archive regions: 2->2
[2025-01-08T23:34:20.196+0000][184130.562s][info][gc,heap     ] GC(6229) Humongous regions: 49->49
[2025-01-08T23:34:20.196+0000][184130.562s][info][gc,metaspace] GC(6229) Metaspace: 524032K(533824K)->524032K(533824K) NonClass: 460186K(465088K)->460186K(465088K) Class: 63845K(68736K)->63845K(68736K)
[2025-01-08T23:34:20.196+0000][184130.562s][info][gc          ] GC(6229) Pause Young (Prepare Mixed) (G1 Evacuation Pause) 9619M->2339M(12288M) 45.053ms
[2025-01-08T23:34:20.196+0000][184130.562s][info][gc,cpu      ] GC(6229) User=0.27s Sys=0.00s Real=0.04s
[2025-01-08T23:34:20.557+0000][184130.923s][info][gc,start    ] GC(6230) Pause Young (Mixed) (G1 Evacuation Pause)
[2025-01-08T23:34:20.557+0000][184130.923s][info][gc,task     ] GC(6230) Using 6 workers of 6 for evacuation
[2025-01-08T23:34:20.629+0000][184130.995s][info][gc,phases   ] GC(6230)   Pre Evacuate Collection Set: 0.2ms
[2025-01-08T23:34:20.629+0000][184130.995s][info][gc,phases   ] GC(6230)   Merge Heap Roots: 0.7ms
[2025-01-08T23:34:20.629+0000][184130.995s][info][gc,phases   ] GC(6230)   Evacuate Collection Set: 69.5ms
[2025-01-08T23:34:20.629+0000][184130.995s][info][gc,phases   ] GC(6230)   Post Evacuate Collection Set: 1.7ms
[2025-01-08T23:34:20.629+0000][184130.995s][info][gc,phases   ] GC(6230)   Other: 0.2ms
[2025-01-08T23:34:20.629+0000][184130.995s][info][gc,heap     ] GC(6230) Eden regions: 65->0(916)
[2025-01-08T23:34:20.629+0000][184130.995s][info][gc,heap     ] GC(6230) Survivor regions: 11->5(10)
[2025-01-08T23:34:20.629+0000][184130.995s][info][gc,heap     ] GC(6230) Old regions: 233->233
[2025-01-08T23:34:20.629+0000][184130.995s][info][gc,heap     ] GC(6230) Archive regions: 2->2
[2025-01-08T23:34:20.629+0000][184130.995s][info][gc,heap     ] GC(6230) Humongous regions: 49->49
[2025-01-08T23:34:20.629+0000][184130.995s][info][gc,metaspace] GC(6230) Metaspace: 524032K(533824K)->524032K(533824K) NonClass: 460186K(465088K)->460186K(465088K) Class: 63845K(68736K)->63845K(68736K)
[2025-01-08T23:34:20.629+0000][184130.995s][info][gc          ] GC(6230) Pause Young (Mixed) (G1 Evacuation Pause) 2859M->2296M(12288M) 72.308ms
[2025-01-08T23:34:20.629+0000][184130.995s][info][gc,cpu      ] GC(6230) User=0.42s Sys=0.00s Real=0.07s
[2025-01-08T23:34:25.695+0000][184136.061s][info][gc,start    ] GC(6231) Pause Young (Normal) (G1 Evacuation Pause)
[2025-01-08T23:34:25.695+0000][184136.061s][info][gc,task     ] GC(6231) Using 6 workers of 6 for evacuation
[2025-01-08T23:34:25.719+0000][184136.085s][info][gc,phases   ] GC(6231)   Pre Evacuate Collection Set: 0.2ms
[2025-01-08T23:34:25.719+0000][184136.085s][info][gc,phases   ] GC(6231)   Merge Heap Roots: 0.4ms
[2025-01-08T23:34:25.719+0000][184136.085s][info][gc,phases   ] GC(6231)   Evacuate Collection Set: 20.2ms
[2025-01-08T23:34:25.719+0000][184136.085s][info][gc,phases   ] GC(6231)   Post Evacuate Collection Set: 2.4ms
[2025-01-08T23:34:25.719+0000][184136.085s][info][gc,phases   ] GC(6231)   Other: 0.2ms
[2025-01-08T23:34:25.719+0000][184136.085s][info][gc,heap     ] GC(6231) Eden regions: 916->0(916)
[2025-01-08T23:34:25.719+0000][184136.085s][info][gc,heap     ] GC(6231) Survivor regions: 5->5(116)
[2025-01-08T23:34:25.719+0000][184136.085s][info][gc,heap     ] GC(6231) Old regions: 233->233
[2025-01-08T23:34:25.719+0000][184136.085s][info][gc,heap     ] GC(6231) Archive regions: 2->2
[2025-01-08T23:34:25.719+0000][184136.085s][info][gc,heap     ] GC(6231) Humongous regions: 49->49
[2025-01-08T23:34:25.719+0000][184136.085s][info][gc,metaspace] GC(6231) Metaspace: 524047K(533824K)->524047K(533824K) NonClass: 460199K(465088K)->460199K(465088K) Class: 63848K(68736K)->63848K(68736K)
[2025-01-08T23:34:25.719+0000][184136.085s][info][gc          ] GC(6231) Pause Young (Normal) (G1 Evacuation Pause) 9624M->2298M(12288M) 23.558ms
[2025-01-08T23:34:25.719+0000][184136.085s][info][gc,cpu      ] GC(6231) User=0.14s Sys=0.00s Real=0.02s
[2025-01-08T23:34:33.573+0000][184143.939s][info][gc,start    ] GC(6232) Pause Young (Normal) (G1 Evacuation Pause)
[2025-01-08T23:34:33.573+0000][184143.939s][info][gc,task     ] GC(6232) Using 6 workers of 6 for evacuation
[2025-01-08T23:34:33.599+0000][184143.965s][info][gc,phases   ] GC(6232)   Pre Evacuate Collection Set: 0.2ms
[2025-01-08T23:34:33.599+0000][184143.965s][info][gc,phases   ] GC(6232)   Merge Heap Roots: 0.5ms
[2025-01-08T23:34:33.599+0000][184143.965s][info][gc,phases   ] GC(6232)   Evacuate Collection Set: 22.9ms
[2025-01-08T23:34:33.599+0000][184143.965s][info][gc,phases   ] GC(6232)   Post Evacuate Collection Set: 2.5ms
[2025-01-08T23:34:33.599+0000][184143.965s][info][gc,phases   ] GC(6232)   Other: 0.2ms
[2025-01-08T23:34:33.599+0000][184143.965s][info][gc,heap     ] GC(6232) Eden regions: 916->0(915)
[2025-01-08T23:34:33.599+0000][184143.965s][info][gc,heap     ] GC(6232) Survivor regions: 5->6(116)
[2025-01-08T23:34:33.599+0000][184143.965s][info][gc,heap     ] GC(6232) Old regions: 233->233
[2025-01-08T23:34:33.599+0000][184143.965s][info][gc,heap     ] GC(6232) Archive regions: 2->2
[2025-01-08T23:34:33.599+0000][184143.965s][info][gc,heap     ] GC(6232) Humongous regions: 49->49
[2025-01-08T23:34:33.599+0000][184143.965s][info][gc,metaspace] GC(6232) Metaspace: 524047K(533824K)->524047K(533824K) NonClass: 460199K(465088K)->460199K(465088K) Class: 63848K(68736K)->63848K(68736K)
[2025-01-08T23:34:33.599+0000][184143.965s][info][gc          ] GC(6232) Pause Young (Normal) (G1 Evacuation Pause) 9626M->2307M(12288M) 26.358ms
[2025-01-08T23:34:33.599+0000][184143.965s][info][gc,cpu      ] GC(6232) User=0.15s Sys=0.01s Real=0.02s
[2025-01-08T23:34:38.297+0000][184148.663s][info][gc,start    ] GC(6233) Pause Young (Concurrent Start) (G1 Evacuation Pause)
[2025-01-08T23:34:38.297+0000][184148.663s][info][gc,task     ] GC(6233) Using 6 workers of 6 for evacuation
[2025-01-08T23:34:38.326+0000][184148.692s][info][gc,phases   ] GC(6233)   Pre Evacuate Collection Set: 1.1ms
[2025-01-08T23:34:38.326+0000][184148.692s][info][gc,phases   ] GC(6233)   Merge Heap Roots: 0.4ms
[2025-01-08T23:34:38.326+0000][184148.692s][info][gc,phases   ] GC(6233)   Evacuate Collection Set: 24.4ms
[2025-01-08T23:34:38.326+0000][184148.692s][info][gc,phases   ] GC(6233)   Post Evacuate Collection Set: 2.5ms
[2025-01-08T23:34:38.326+0000][184148.692s][info][gc,phases   ] GC(6233)   Other: 0.3ms
[2025-01-08T23:34:38.326+0000][184148.692s][info][gc,heap     ] GC(6233) Eden regions: 915->0(914)
[2025-01-08T23:34:38.326+0000][184148.692s][info][gc,heap     ] GC(6233) Survivor regions: 6->7(116)
[2025-01-08T23:34:38.326+0000][184148.692s][info][gc,heap     ] GC(6233) Old regions: 233->233
[2025-01-08T23:34:38.326+0000][184148.692s][info][gc,heap     ] GC(6233) Archive regions: 2->2
[2025-01-08T23:34:38.326+0000][184148.692s][info][gc,heap     ] GC(6233) Humongous regions: 49->49
[2025-01-08T23:34:38.326+0000][184148.692s][info][gc,metaspace] GC(6233) Metaspace: 524047K(533824K)->524047K(533824K) NonClass: 460199K(465088K)->460199K(465088K) Class: 63848K(68736K)->63848K(68736K)
[2025-01-08T23:34:38.326+0000][184148.692s][info][gc          ] GC(6233) Pause Young (Concurrent Start) (G1 Evacuation Pause) 9627M->2310M(12288M) 28.803ms
[2025-01-08T23:34:38.326+0000][184148.692s][info][gc,cpu      ] GC(6233) User=0.16s Sys=0.00s Real=0.03s
[2025-01-08T23:34:38.326+0000][184148.692s][info][gc          ] GC(6234) Concurrent Mark Cycle
[2025-01-08T23:34:38.326+0000][184148.692s][info][gc,marking  ] GC(6234) Concurrent Clear Claimed Marks
[2025-01-08T23:34:38.327+0000][184148.693s][info][gc,marking  ] GC(6234) Concurrent Clear Claimed Marks 0.884ms
[2025-01-08T23:34:38.327+0000][184148.693s][info][gc,marking  ] GC(6234) Concurrent Scan Root Regions
[2025-01-08T23:34:38.347+0000][184148.714s][info][gc,marking  ] GC(6234) Concurrent Scan Root Regions 20.587ms
[2025-01-08T23:34:38.348+0000][184148.714s][info][gc,marking  ] GC(6234) Concurrent Mark
[2025-01-08T23:34:38.348+0000][184148.714s][info][gc,marking  ] GC(6234) Concurrent Mark From Roots
[2025-01-08T23:34:38.348+0000][184148.714s][info][gc,task     ] GC(6234) Using 2 workers of 2 for marking
[2025-01-08T23:34:39.140+0000][184149.506s][info][gc,marking  ] GC(6234) Concurrent Mark From Roots 792.640ms
[2025-01-08T23:34:39.140+0000][184149.506s][info][gc,marking  ] GC(6234) Concurrent Preclean
[2025-01-08T23:34:39.143+0000][184149.509s][info][gc,marking  ] GC(6234) Concurrent Preclean 2.618ms
[2025-01-08T23:34:39.143+0000][184149.509s][info][gc,start    ] GC(6234) Pause Remark
[2025-01-08T23:34:39.169+0000][184149.535s][info][gc          ] GC(6234) Pause Remark 2930M->2930M(12288M) 25.889ms
[2025-01-08T23:34:39.169+0000][184149.535s][info][gc,cpu      ] GC(6234) User=0.15s Sys=0.00s Real=0.02s
[2025-01-08T23:34:39.169+0000][184149.535s][info][gc,marking  ] GC(6234) Concurrent Mark 821.480ms
[2025-01-08T23:34:39.169+0000][184149.535s][info][gc,marking  ] GC(6234) Concurrent Rebuild Remembered Sets
[2025-01-08T23:34:39.729+0000][184150.095s][info][gc,marking  ] GC(6234) Concurrent Rebuild Remembered Sets 560.093ms
[2025-01-08T23:34:39.729+0000][184150.095s][info][gc,start    ] GC(6234) Pause Cleanup
[2025-01-08T23:34:39.730+0000][184150.096s][info][gc          ] GC(6234) Pause Cleanup 3422M->3422M(12288M) 0.438ms
[2025-01-08T23:34:39.730+0000][184150.096s][info][gc,cpu      ] GC(6234) User=0.00s Sys=0.00s Real=0.01s
[2025-01-08T23:34:39.730+0000][184150.096s][info][gc,marking  ] GC(6234) Concurrent Cleanup for Next Mark
[2025-01-08T23:34:39.746+0000][184150.112s][info][gc,marking  ] GC(6234) Concurrent Cleanup for Next Mark 16.340ms
[2025-01-08T23:34:39.746+0000][184150.112s][info][gc          ] GC(6234) Concurrent Mark Cycle 1420.237ms
[2025-01-08T23:34:46.929+0000][184157.295s][info][gc,start    ] GC(6235) Pause Young (Prepare Mixed) (G1 Evacuation Pause)
[2025-01-08T23:34:46.929+0000][184157.295s][info][gc,task     ] GC(6235) Using 6 workers of 6 for evacuation
[2025-01-08T23:34:46.965+0000][184157.331s][info][gc,phases   ] GC(6235)   Pre Evacuate Collection Set: 0.2ms
[2025-01-08T23:34:46.965+0000][184157.331s][info][gc,phases   ] GC(6235)   Merge Heap Roots: 0.6ms
[2025-01-08T23:34:46.965+0000][184157.331s][info][gc,phases   ] GC(6235)   Evacuate Collection Set: 31.6ms
[2025-01-08T23:34:46.965+0000][184157.331s][info][gc,phases   ] GC(6235)   Post Evacuate Collection Set: 2.5ms
[2025-01-08T23:34:46.965+0000][184157.331s][info][gc,phases   ] GC(6235)   Other: 0.2ms
[2025-01-08T23:34:46.965+0000][184157.331s][info][gc,heap     ] GC(6235) Eden regions: 914->0(67)
[2025-01-08T23:34:46.965+0000][184157.331s][info][gc,heap     ] GC(6235) Survivor regions: 7->9(116)
[2025-01-08T23:34:46.965+0000][184157.331s][info][gc,heap     ] GC(6235) Old regions: 233->233
[2025-01-08T23:34:46.965+0000][184157.331s][info][gc,heap     ] GC(6235) Archive regions: 2->2
[2025-01-08T23:34:46.965+0000][184157.331s][info][gc,heap     ] GC(6235) Humongous regions: 49->49
[2025-01-08T23:34:46.965+0000][184157.331s][info][gc,metaspace] GC(6235) Metaspace: 524047K(533824K)->524047K(533824K) NonClass: 460199K(465088K)->460199K(465088K) Class: 63848K(68736K)->63848K(68736K)
[2025-01-08T23:34:46.965+0000][184157.331s][info][gc          ] GC(6235) Pause Young (Prepare Mixed) (G1 Evacuation Pause) 9622M->2328M(12288M) 35.281ms
[2025-01-08T23:34:46.965+0000][184157.331s][info][gc,cpu      ] GC(6235) User=0.20s Sys=0.00s Real=0.04s
[2025-01-08T23:34:47.572+0000][184157.938s][info][gc,start    ] GC(6236) Pause Young (Mixed) (G1 Evacuation Pause)
[2025-01-08T23:34:47.572+0000][184157.938s][info][gc,task     ] GC(6236) Using 6 workers of 6 for evacuation
[2025-01-08T23:34:47.639+0000][184158.005s][info][gc,phases   ] GC(6236)   Pre Evacuate Collection Set: 0.2ms
[2025-01-08T23:34:47.639+0000][184158.005s][info][gc,phases   ] GC(6236)   Merge Heap Roots: 0.9ms
[2025-01-08T23:34:47.639+0000][184158.005s][info][gc,phases   ] GC(6236)   Evacuate Collection Set: 63.4ms
[2025-01-08T23:34:47.639+0000][184158.005s][info][gc,phases   ] GC(6236)   Post Evacuate Collection Set: 1.8ms
[2025-01-08T23:34:47.639+0000][184158.005s][info][gc,phases   ] GC(6236)   Other: 0.2ms
[2025-01-08T23:34:47.639+0000][184158.005s][info][gc,heap     ] GC(6236) Eden regions: 67->0(917)
[2025-01-08T23:34:47.639+0000][184158.005s][info][gc,heap     ] GC(6236) Survivor regions: 9->4(10)
[2025-01-08T23:34:47.639+0000][184158.005s][info][gc,heap     ] GC(6236) Old regions: 233->233
[2025-01-08T23:34:47.639+0000][184158.005s][info][gc,heap     ] GC(6236) Archive regions: 2->2
[2025-01-08T23:34:47.639+0000][184158.005s][info][gc,heap     ] GC(6236) Humongous regions: 49->49
[2025-01-08T23:34:47.639+0000][184158.005s][info][gc,metaspace] GC(6236) Metaspace: 524047K(533824K)->524047K(533824K) NonClass: 460199K(465088K)->460199K(465088K) Class: 63848K(68736K)->63848K(68736K)
[2025-01-08T23:34:47.639+0000][184158.005s][info][gc          ] GC(6236) Pause Young (Mixed) (G1 Evacuation Pause) 2864M->2291M(12288M) 66.473ms
[2025-01-08T23:34:47.639+0000][184158.005s][info][gc,cpu      ] GC(6236) User=0.39s Sys=0.00s Real=0.06s
[2025-01-08T23:34:54.375+0000][184164.742s][info][gc,start    ] GC(6237) Pause Young (Normal) (G1 Evacuation Pause)
[2025-01-08T23:34:54.376+0000][184164.742s][info][gc,task     ] GC(6237) Using 6 workers of 6 for evacuation
[2025-01-08T23:34:54.399+0000][184164.766s][info][gc,phases   ] GC(6237)   Pre Evacuate Collection Set: 0.2ms
[2025-01-08T23:34:54.400+0000][184164.766s][info][gc,phases   ] GC(6237)   Merge Heap Roots: 0.4ms
[2025-01-08T23:34:54.400+0000][184164.766s][info][gc,phases   ] GC(6237)   Evacuate Collection Set: 20.8ms
[2025-01-08T23:34:54.400+0000][184164.766s][info][gc,phases   ] GC(6237)   Post Evacuate Collection Set: 2.4ms
[2025-01-08T23:34:54.400+0000][184164.766s][info][gc,phases   ] GC(6237)   Other: 0.2ms
[2025-01-08T23:34:54.400+0000][184164.766s][info][gc,heap     ] GC(6237) Eden regions: 917->0(916)
[2025-01-08T23:34:54.400+0000][184164.766s][info][gc,heap     ] GC(6237) Survivor regions: 4->5(116)
[2025-01-08T23:34:54.400+0000][184164.766s][info][gc,heap     ] GC(6237) Old regions: 233->233
[2025-01-08T23:34:54.400+0000][184164.766s][info][gc,heap     ] GC(6237) Archive regions: 2->2
[2025-01-08T23:34:54.400+0000][184164.766s][info][gc,heap     ] GC(6237) Humongous regions: 49->49
[2025-01-08T23:34:54.400+0000][184164.766s][info][gc,metaspace] GC(6237) Metaspace: 524047K(533824K)->524047K(533824K) NonClass: 460199K(465088K)->460199K(465088K) Class: 63848K(68736K)->63848K(68736K)
[2025-01-08T23:34:54.400+0000][184164.766s][info][gc          ] GC(6237) Pause Young (Normal) (G1 Evacuation Pause) 9627M->2300M(12288M) 24.122ms
[2025-01-08T23:34:54.400+0000][184164.766s][info][gc,cpu      ] GC(6237) User=0.14s Sys=0.00s Real=0.02s
[2025-01-08T23:35:00.779+0000][184171.145s][info][gc,start    ] GC(6238) Pause Young (Normal) (G1 Evacuation Pause)
[2025-01-08T23:35:00.779+0000][184171.145s][info][gc,task     ] GC(6238) Using 6 workers of 6 for evacuation
[2025-01-08T23:35:00.807+0000][184171.173s][info][gc,phases   ] GC(6238)   Pre Evacuate Collection Set: 0.2ms
[2025-01-08T23:35:00.807+0000][184171.173s][info][gc,phases   ] GC(6238)   Merge Heap Roots: 0.4ms
[2025-01-08T23:35:00.807+0000][184171.173s][info][gc,phases   ] GC(6238)   Evacuate Collection Set: 22.6ms
[2025-01-08T23:35:00.807+0000][184171.173s][info][gc,phases   ] GC(6238)   Post Evacuate Collection Set: 5.2ms
[2025-01-08T23:35:00.807+0000][184171.173s][info][gc,phases   ] GC(6238)   Other: 0.2ms
[2025-01-08T23:35:00.807+0000][184171.173s][info][gc,heap     ] GC(6238) Eden regions: 916->0(913)
[2025-01-08T23:35:00.807+0000][184171.173s][info][gc,heap     ] GC(6238) Survivor regions: 5->8(116)
[2025-01-08T23:35:00.807+0000][184171.173s][info][gc,heap     ] GC(6238) Old regions: 233->233
[2025-01-08T23:35:00.807+0000][184171.173s][info][gc,heap     ] GC(6238) Archive regions: 2->2
[2025-01-08T23:35:00.807+0000][184171.173s][info][gc,heap     ] GC(6238) Humongous regions: 49->49
[2025-01-08T23:35:00.807+0000][184171.173s][info][gc,metaspace] GC(6238) Metaspace: 524047K(533824K)->524047K(533824K) NonClass: 460199K(465088K)->460199K(465088K) Class: 63848K(68736K)->63848K(68736K)
[2025-01-08T23:35:00.807+0000][184171.174s][info][gc          ] GC(6238) Pause Young (Normal) (G1 Evacuation Pause) 9628M->2319M(12288M) 28.667ms
[2025-01-08T23:35:00.807+0000][184171.174s][info][gc,cpu      ] GC(6238) User=0.16s Sys=0.01s Real=0.03s
[2025-01-08T23:35:05.917+0000][184176.283s][info][gc,start    ] GC(6239) Pause Young (Concurrent Start) (G1 Evacuation Pause)
[2025-01-08T23:35:05.917+0000][184176.283s][info][gc,task     ] GC(6239) Using 6 workers of 6 for evacuation
[2025-01-08T23:35:05.947+0000][184176.313s][info][gc,phases   ] GC(6239)   Pre Evacuate Collection Set: 1.1ms
[2025-01-08T23:35:05.947+0000][184176.313s][info][gc,phases   ] GC(6239)   Merge Heap Roots: 0.5ms
[2025-01-08T23:35:05.947+0000][184176.313s][info][gc,phases   ] GC(6239)   Evacuate Collection Set: 24.6ms
[2025-01-08T23:35:05.947+0000][184176.313s][info][gc,phases   ] GC(6239)   Post Evacuate Collection Set: 3.8ms
[2025-01-08T23:35:05.947+0000][184176.313s][info][gc,phases   ] GC(6239)   Other: 0.3ms
[2025-01-08T23:35:05.947+0000][184176.313s][info][gc,heap     ] GC(6239) Eden regions: 913->0(913)
[2025-01-08T23:35:05.947+0000][184176.313s][info][gc,heap     ] GC(6239) Survivor regions: 8->8(116)
[2025-01-08T23:35:05.947+0000][184176.313s][info][gc,heap     ] GC(6239) Old regions: 233->233
[2025-01-08T23:35:05.947+0000][184176.313s][info][gc,heap     ] GC(6239) Archive regions: 2->2
[2025-01-08T23:35:05.947+0000][184176.313s][info][gc,heap     ] GC(6239) Humongous regions: 49->49
[2025-01-08T23:35:05.947+0000][184176.313s][info][gc,metaspace] GC(6239) Metaspace: 524047K(533824K)->524047K(533824K) NonClass: 460199K(465088K)->460199K(465088K) Class: 63848K(68736K)->63848K(68736K)
[2025-01-08T23:35:05.947+0000][184176.313s][info][gc          ] GC(6239) Pause Young (Concurrent Start) (G1 Evacuation Pause) 9623M->2322M(12288M) 30.337ms
[2025-01-08T23:35:05.947+0000][184176.313s][info][gc,cpu      ] GC(6239) User=0.17s Sys=0.00s Real=0.03s
[2025-01-08T23:35:05.947+0000][184176.313s][info][gc          ] GC(6240) Concurrent Mark Cycle
[2025-01-08T23:35:05.947+0000][184176.313s][info][gc,marking  ] GC(6240) Concurrent Clear Claimed Marks
[2025-01-08T23:35:05.948+0000][184176.314s][info][gc,marking  ] GC(6240) Concurrent Clear Claimed Marks 0.890ms
[2025-01-08T23:35:05.948+0000][184176.314s][info][gc,marking  ] GC(6240) Concurrent Scan Root Regions
[2025-01-08T23:35:05.970+0000][184176.336s][info][gc,marking  ] GC(6240) Concurrent Scan Root Regions 21.689ms
[2025-01-08T23:35:05.970+0000][184176.336s][info][gc,marking  ] GC(6240) Concurrent Mark
[2025-01-08T23:35:05.970+0000][184176.336s][info][gc,marking  ] GC(6240) Concurrent Mark From Roots
[2025-01-08T23:35:05.970+0000][184176.336s][info][gc,task     ] GC(6240) Using 2 workers of 2 for marking
[2025-01-08T23:35:06.859+0000][184177.225s][info][gc,marking  ] GC(6240) Concurrent Mark From Roots 888.941ms
[2025-01-08T23:35:06.859+0000][184177.225s][info][gc,marking  ] GC(6240) Concurrent Preclean
[2025-01-08T23:35:06.862+0000][184177.228s][info][gc,marking  ] GC(6240) Concurrent Preclean 3.291ms
[2025-01-08T23:35:06.862+0000][184177.228s][info][gc,start    ] GC(6240) Pause Remark
[2025-01-08T23:35:06.888+0000][184177.254s][info][gc          ] GC(6240) Pause Remark 3582M->3582M(12288M) 25.747ms
[2025-01-08T23:35:06.888+0000][184177.254s][info][gc,cpu      ] GC(6240) User=0.15s Sys=0.00s Real=0.02s
[2025-01-08T23:35:06.888+0000][184177.254s][info][gc,marking  ] GC(6240) Concurrent Mark 918.383ms
[2025-01-08T23:35:06.888+0000][184177.254s][info][gc,marking  ] GC(6240) Concurrent Rebuild Remembered Sets
[2025-01-08T23:35:07.494+0000][184177.860s][info][gc,marking  ] GC(6240) Concurrent Rebuild Remembered Sets 605.574ms
[2025-01-08T23:35:07.494+0000][184177.860s][info][gc,start    ] GC(6240) Pause Cleanup
[2025-01-08T23:35:07.494+0000][184177.860s][info][gc          ] GC(6240) Pause Cleanup 4450M->4450M(12288M) 0.428ms
[2025-01-08T23:35:07.494+0000][184177.860s][info][gc,cpu      ] GC(6240) User=0.00s Sys=0.00s Real=0.00s
[2025-01-08T23:35:07.494+0000][184177.861s][info][gc,marking  ] GC(6240) Concurrent Cleanup for Next Mark
[2025-01-08T23:35:07.511+0000][184177.877s][info][gc,marking  ] GC(6240) Concurrent Cleanup for Next Mark 16.077ms
[2025-01-08T23:35:07.511+0000][184177.877s][info][gc          ] GC(6240) Concurrent Mark Cycle 1563.450ms
[2025-01-08T23:35:11.043+0000][184181.409s][info][gc,start    ] GC(6241) Pause Young (Prepare Mixed) (G1 Evacuation Pause)
[2025-01-08T23:35:11.043+0000][184181.409s][info][gc,task     ] GC(6241) Using 6 workers of 6 for evacuation
[2025-01-08T23:35:11.074+0000][184181.440s][info][gc,phases   ] GC(6241)   Pre Evacuate Collection Set: 0.2ms
[2025-01-08T23:35:11.074+0000][184181.440s][info][gc,phases   ] GC(6241)   Merge Heap Roots: 0.7ms
[2025-01-08T23:35:11.074+0000][184181.440s][info][gc,phases   ] GC(6241)   Evacuate Collection Set: 27.3ms
[2025-01-08T23:35:11.074+0000][184181.440s][info][gc,phases   ] GC(6241)   Post Evacuate Collection Set: 2.5ms
[2025-01-08T23:35:11.074+0000][184181.440s][info][gc,phases   ] GC(6241)   Other: 0.2ms
[2025-01-08T23:35:11.074+0000][184181.440s][info][gc,heap     ] GC(6241) Eden regions: 913->0(68)
[2025-01-08T23:35:11.074+0000][184181.440s][info][gc,heap     ] GC(6241) Survivor regions: 8->8(116)
[2025-01-08T23:35:11.074+0000][184181.440s][info][gc,heap     ] GC(6241) Old regions: 233->233
[2025-01-08T23:35:11.074+0000][184181.440s][info][gc,heap     ] GC(6241) Archive regions: 2->2
[2025-01-08T23:35:11.074+0000][184181.440s][info][gc,heap     ] GC(6241) Humongous regions: 49->49
[2025-01-08T23:35:11.074+0000][184181.440s][info][gc,metaspace] GC(6241) Metaspace: 524047K(533824K)->524047K(533824K) NonClass: 460199K(465088K)->460199K(465088K) Class: 63848K(68736K)->63848K(68736K)
[2025-01-08T23:35:11.074+0000][184181.440s][info][gc          ] GC(6241) Pause Young (Prepare Mixed) (G1 Evacuation Pause) 9626M->2322M(12288M) 30.918ms
[2025-01-08T23:35:11.074+0000][184181.440s][info][gc,cpu      ] GC(6241) User=0.18s Sys=0.00s Real=0.03s
[2025-01-08T23:35:11.392+0000][184181.759s][info][gc,start    ] GC(6242) Pause Young (Mixed) (G1 Evacuation Pause)
[2025-01-08T23:35:11.393+0000][184181.759s][info][gc,task     ] GC(6242) Using 6 workers of 6 for evacuation
[2025-01-08T23:35:11.447+0000][184181.813s][info][gc,phases   ] GC(6242)   Pre Evacuate Collection Set: 0.2ms
[2025-01-08T23:35:11.447+0000][184181.813s][info][gc,phases   ] GC(6242)   Merge Heap Roots: 0.5ms
[2025-01-08T23:35:11.447+0000][184181.813s][info][gc,phases   ] GC(6242)   Evacuate Collection Set: 51.8ms
[2025-01-08T23:35:11.447+0000][184181.813s][info][gc,phases   ] GC(6242)   Post Evacuate Collection Set: 1.6ms
[2025-01-08T23:35:11.447+0000][184181.813s][info][gc,phases   ] GC(6242)   Other: 0.2ms
[2025-01-08T23:35:11.447+0000][184181.813s][info][gc,heap     ] GC(6242) Eden regions: 68->0(916)
[2025-01-08T23:35:11.447+0000][184181.813s][info][gc,heap     ] GC(6242) Survivor regions: 8->5(10)
[2025-01-08T23:35:11.447+0000][184181.813s][info][gc,heap     ] GC(6242) Old regions: 233->231
[2025-01-08T23:35:11.447+0000][184181.813s][info][gc,heap     ] GC(6242) Archive regions: 2->2
[2025-01-08T23:35:11.447+0000][184181.813s][info][gc,heap     ] GC(6242) Humongous regions: 49->49
[2025-01-08T23:35:11.447+0000][184181.813s][info][gc,metaspace] GC(6242) Metaspace: 524047K(533824K)->524047K(533824K) NonClass: 460199K(465088K)->460199K(465088K) Class: 63848K(68736K)->63848K(68736K)
[2025-01-08T23:35:11.447+0000][184181.813s][info][gc          ] GC(6242) Pause Young (Mixed) (G1 Evacuation Pause) 2866M->2285M(12288M) 54.335ms
[2025-01-08T23:35:11.447+0000][184181.813s][info][gc,cpu      ] GC(6242) User=0.32s Sys=0.00s Real=0.05s
[2025-01-08T23:35:16.097+0000][184186.463s][info][gc,start    ] GC(6243) Pause Young (Normal) (GCLocker Initiated GC)
[2025-01-08T23:35:16.097+0000][184186.463s][info][gc,task     ] GC(6243) Using 6 workers of 6 for evacuation
[2025-01-08T23:35:16.120+0000][184186.486s][info][gc,phases   ] GC(6243)   Pre Evacuate Collection Set: 0.2ms
[2025-01-08T23:35:16.120+0000][184186.486s][info][gc,phases   ] GC(6243)   Merge Heap Roots: 0.4ms
[2025-01-08T23:35:16.120+0000][184186.486s][info][gc,phases   ] GC(6243)   Evacuate Collection Set: 20.0ms
[2025-01-08T23:35:16.120+0000][184186.486s][info][gc,phases   ] GC(6243)   Post Evacuate Collection Set: 2.7ms
[2025-01-08T23:35:16.120+0000][184186.486s][info][gc,phases   ] GC(6243)   Other: 0.2ms
[2025-01-08T23:35:16.120+0000][184186.486s][info][gc,heap     ] GC(6243) Eden regions: 916->0(915)
[2025-01-08T23:35:16.120+0000][184186.486s][info][gc,heap     ] GC(6243) Survivor regions: 5->6(116)
[2025-01-08T23:35:16.120+0000][184186.486s][info][gc,heap     ] GC(6243) Old regions: 231->231
[2025-01-08T23:35:16.120+0000][184186.486s][info][gc,heap     ] GC(6243) Archive regions: 2->2
[2025-01-08T23:35:16.120+0000][184186.486s][info][gc,heap     ] GC(6243) Humongous regions: 49->49
[2025-01-08T23:35:16.120+0000][184186.486s][info][gc,metaspace] GC(6243) Metaspace: 524047K(533824K)->524047K(533824K) NonClass: 460199K(465088K)->460199K(465088K) Class: 63848K(68736K)->63848K(68736K)
[2025-01-08T23:35:16.120+0000][184186.486s][info][gc          ] GC(6243) Pause Young (Normal) (GCLocker Initiated GC) 9613M->2290M(12288M) 23.615ms
[2025-01-08T23:35:16.120+0000][184186.486s][info][gc,cpu      ] GC(6243) User=0.12s Sys=0.02s Real=0.02s
[2025-01-08T23:35:23.087+0000][184193.453s][info][gc,start    ] GC(6244) Pause Young (Normal) (G1 Evacuation Pause)
[2025-01-08T23:35:23.087+0000][184193.453s][info][gc,task     ] GC(6244) Using 6 workers of 6 for evacuation
[2025-01-08T23:35:23.118+0000][184193.484s][info][gc,phases   ] GC(6244)   Pre Evacuate Collection Set: 0.2ms
[2025-01-08T23:35:23.118+0000][184193.484s][info][gc,phases   ] GC(6244)   Merge Heap Roots: 0.4ms
[2025-01-08T23:35:23.118+0000][184193.484s][info][gc,phases   ] GC(6244)   Evacuate Collection Set: 26.9ms
[2025-01-08T23:35:23.118+0000][184193.484s][info][gc,phases   ] GC(6244)   Post Evacuate Collection Set: 2.7ms
[2025-01-08T23:35:23.118+0000][184193.484s][info][gc,phases   ] GC(6244)   Other: 0.2ms
[2025-01-08T23:35:23.118+0000][184193.484s][info][gc,heap     ] GC(6244) Eden regions: 915->0(914)
[2025-01-08T23:35:23.118+0000][184193.484s][info][gc,heap     ] GC(6244) Survivor regions: 6->7(116)
[2025-01-08T23:35:23.118+0000][184193.484s][info][gc,heap     ] GC(6244) Old regions: 231->231
[2025-01-08T23:35:23.118+0000][184193.484s][info][gc,heap     ] GC(6244) Archive regions: 2->2
[2025-01-08T23:35:23.118+0000][184193.484s][info][gc,heap     ] GC(6244) Humongous regions: 49->49
[2025-01-08T23:35:23.118+0000][184193.484s][info][gc,metaspace] GC(6244) Metaspace: 524047K(533824K)->524047K(533824K) NonClass: 460199K(465088K)->460199K(465088K) Class: 63848K(68736K)->63848K(68736K)
[2025-01-08T23:35:23.118+0000][184193.484s][info][gc          ] GC(6244) Pause Young (Normal) (G1 Evacuation Pause) 9610M->2300M(12288M) 30.579ms
[2025-01-08T23:35:23.118+0000][184193.484s][info][gc,cpu      ] GC(6244) User=0.17s Sys=0.00s Real=0.03s
[2025-01-08T23:35:31.915+0000][184202.281s][info][gc,start    ] GC(6245) Pause Young (Concurrent Start) (G1 Evacuation Pause)
[2025-01-08T23:35:31.915+0000][184202.281s][info][gc,task     ] GC(6245) Using 6 workers of 6 for evacuation
[2025-01-08T23:35:31.948+0000][184202.315s][info][gc,phases   ] GC(6245)   Pre Evacuate Collection Set: 1.1ms
[2025-01-08T23:35:31.948+0000][184202.315s][info][gc,phases   ] GC(6245)   Merge Heap Roots: 0.5ms
[2025-01-08T23:35:31.948+0000][184202.315s][info][gc,phases   ] GC(6245)   Evacuate Collection Set: 28.7ms
[2025-01-08T23:35:31.948+0000][184202.315s][info][gc,phases   ] GC(6245)   Post Evacuate Collection Set: 2.6ms
[2025-01-08T23:35:31.948+0000][184202.315s][info][gc,phases   ] GC(6245)   Other: 0.3ms
[2025-01-08T23:35:31.949+0000][184202.315s][info][gc,heap     ] GC(6245) Eden regions: 914->0(912)
[2025-01-08T23:35:31.949+0000][184202.315s][info][gc,heap     ] GC(6245) Survivor regions: 7->9(116)
[2025-01-08T23:35:31.949+0000][184202.315s][info][gc,heap     ] GC(6245) Old regions: 231->231
[2025-01-08T23:35:31.949+0000][184202.315s][info][gc,heap     ] GC(6245) Archive regions: 2->2
[2025-01-08T23:35:31.949+0000][184202.315s][info][gc,heap     ] GC(6245) Humongous regions: 49->49
[2025-01-08T23:35:31.949+0000][184202.315s][info][gc,metaspace] GC(6245) Metaspace: 524047K(533824K)->524047K(533824K) NonClass: 460199K(465088K)->460199K(465088K) Class: 63848K(68736K)->63848K(68736K)
[2025-01-08T23:35:31.949+0000][184202.315s][info][gc          ] GC(6245) Pause Young (Concurrent Start) (G1 Evacuation Pause) 9612M->2314M(12288M) 33.245ms
[2025-01-08T23:35:31.949+0000][184202.315s][info][gc,cpu      ] GC(6245) User=0.19s Sys=0.00s Real=0.03s
[2025-01-08T23:35:31.949+0000][184202.315s][info][gc          ] GC(6246) Concurrent Mark Cycle
[2025-01-08T23:35:31.949+0000][184202.315s][info][gc,marking  ] GC(6246) Concurrent Clear Claimed Marks
[2025-01-08T23:35:31.950+0000][184202.316s][info][gc,marking  ] GC(6246) Concurrent Clear Claimed Marks 0.892ms
[2025-01-08T23:35:31.950+0000][184202.316s][info][gc,marking  ] GC(6246) Concurrent Scan Root Regions
[2025-01-08T23:35:31.976+0000][184202.342s][info][gc,marking  ] GC(6246) Concurrent Scan Root Regions 26.655ms
[2025-01-08T23:35:31.976+0000][184202.342s][info][gc,marking  ] GC(6246) Concurrent Mark
[2025-01-08T23:35:31.976+0000][184202.342s][info][gc,marking  ] GC(6246) Concurrent Mark From Roots
[2025-01-08T23:35:31.976+0000][184202.342s][info][gc,task     ] GC(6246) Using 2 workers of 2 for marking
[2025-01-08T23:35:32.757+0000][184203.123s][info][gc,marking  ] GC(6246) Concurrent Mark From Roots 780.981ms
[2025-01-08T23:35:32.757+0000][184203.123s][info][gc,marking  ] GC(6246) Concurrent Preclean
[2025-01-08T23:35:32.760+0000][184203.126s][info][gc,marking  ] GC(6246) Concurrent Preclean 2.615ms
[2025-01-08T23:35:32.760+0000][184203.126s][info][gc,start    ] GC(6246) Pause Remark
[2025-01-08T23:35:32.786+0000][184203.152s][info][gc          ] GC(6246) Pause Remark 2962M->2962M(12288M) 25.869ms
[2025-01-08T23:35:32.786+0000][184203.152s][info][gc,cpu      ] GC(6246) User=0.15s Sys=0.00s Real=0.03s
[2025-01-08T23:35:32.786+0000][184203.152s][info][gc,marking  ] GC(6246) Concurrent Mark 809.836ms
[2025-01-08T23:35:32.786+0000][184203.152s][info][gc,marking  ] GC(6246) Concurrent Rebuild Remembered Sets
[2025-01-08T23:35:33.299+0000][184203.665s][info][gc,marking  ] GC(6246) Concurrent Rebuild Remembered Sets 512.853ms
[2025-01-08T23:35:33.299+0000][184203.665s][info][gc,start    ] GC(6246) Pause Cleanup
[2025-01-08T23:35:33.300+0000][184203.666s][info][gc          ] GC(6246) Pause Cleanup 3466M->3466M(12288M) 0.394ms
[2025-01-08T23:35:33.300+0000][184203.666s][info][gc,cpu      ] GC(6246) User=0.00s Sys=0.00s Real=0.00s
[2025-01-08T23:35:33.300+0000][184203.666s][info][gc,marking  ] GC(6246) Concurrent Cleanup for Next Mark
[2025-01-08T23:35:33.315+0000][184203.681s][info][gc,marking  ] GC(6246) Concurrent Cleanup for Next Mark 15.435ms
[2025-01-08T23:35:33.315+0000][184203.681s][info][gc          ] GC(6246) Concurrent Mark Cycle 1366.542ms
[2025-01-08T23:35:38.340+0000][184208.707s][info][gc,start    ] GC(6247) Pause Young (Prepare Mixed) (G1 Evacuation Pause)
[2025-01-08T23:35:38.340+0000][184208.707s][info][gc,task     ] GC(6247) Using 6 workers of 6 for evacuation
[2025-01-08T23:35:38.375+0000][184208.741s][info][gc,phases   ] GC(6247)   Pre Evacuate Collection Set: 0.2ms
[2025-01-08T23:35:38.375+0000][184208.741s][info][gc,phases   ] GC(6247)   Merge Heap Roots: 0.7ms
[2025-01-08T23:35:38.375+0000][184208.741s][info][gc,phases   ] GC(6247)   Evacuate Collection Set: 30.7ms
[2025-01-08T23:35:38.375+0000][184208.741s][info][gc,phases   ] GC(6247)   Post Evacuate Collection Set: 2.5ms
[2025-01-08T23:35:38.375+0000][184208.741s][info][gc,phases   ] GC(6247)   Other: 0.2ms
[2025-01-08T23:35:38.375+0000][184208.741s][info][gc,heap     ] GC(6247) Eden regions: 912->0(66)
[2025-01-08T23:35:38.375+0000][184208.741s][info][gc,heap     ] GC(6247) Survivor regions: 9->10(116)
[2025-01-08T23:35:38.375+0000][184208.741s][info][gc,heap     ] GC(6247) Old regions: 231->231
[2025-01-08T23:35:38.375+0000][184208.741s][info][gc,heap     ] GC(6247) Archive regions: 2->2
[2025-01-08T23:35:38.375+0000][184208.741s][info][gc,heap     ] GC(6247) Humongous regions: 49->49
[2025-01-08T23:35:38.375+0000][184208.741s][info][gc,metaspace] GC(6247) Metaspace: 524047K(533824K)->524047K(533824K) NonClass: 460199K(465088K)->460199K(465088K) Class: 63848K(68736K)->63848K(68736K)
[2025-01-08T23:35:38.375+0000][184208.741s][info][gc          ] GC(6247) Pause Young (Prepare Mixed) (G1 Evacuation Pause) 9610M->2322M(12288M) 34.341ms
[2025-01-08T23:35:38.375+0000][184208.741s][info][gc,cpu      ] GC(6247) User=0.20s Sys=0.00s Real=0.04s
[2025-01-08T23:35:39.002+0000][184209.368s][info][gc,start    ] GC(6248) Pause Young (Mixed) (G1 Evacuation Pause)
[2025-01-08T23:35:39.002+0000][184209.368s][info][gc,task     ] GC(6248) Using 6 workers of 6 for evacuation
[2025-01-08T23:35:39.073+0000][184209.439s][info][gc,phases   ] GC(6248)   Pre Evacuate Collection Set: 0.2ms
[2025-01-08T23:35:39.073+0000][184209.439s][info][gc,phases   ] GC(6248)   Merge Heap Roots: 0.8ms
[2025-01-08T23:35:39.073+0000][184209.439s][info][gc,phases   ] GC(6248)   Evacuate Collection Set: 68.1ms
[2025-01-08T23:35:39.073+0000][184209.439s][info][gc,phases   ] GC(6248)   Post Evacuate Collection Set: 1.9ms
[2025-01-08T23:35:39.073+0000][184209.439s][info][gc,phases   ] GC(6248)   Other: 0.2ms
[2025-01-08T23:35:39.073+0000][184209.439s][info][gc,heap     ] GC(6248) Eden regions: 66->0(916)
[2025-01-08T23:35:39.073+0000][184209.439s][info][gc,heap     ] GC(6248) Survivor regions: 10->5(10)
[2025-01-08T23:35:39.073+0000][184209.439s][info][gc,heap     ] GC(6248) Old regions: 231->232
[2025-01-08T23:35:39.073+0000][184209.439s][info][gc,heap     ] GC(6248) Archive regions: 2->2
[2025-01-08T23:35:39.073+0000][184209.440s][info][gc,heap     ] GC(6248) Humongous regions: 49->49
[2025-01-08T23:35:39.073+0000][184209.440s][info][gc,metaspace] GC(6248) Metaspace: 524047K(533824K)->524047K(533824K) NonClass: 460199K(465088K)->460199K(465088K) Class: 63848K(68736K)->63848K(68736K)
[2025-01-08T23:35:39.073+0000][184209.440s][info][gc          ] GC(6248) Pause Young (Mixed) (G1 Evacuation Pause) 2850M->2291M(12288M) 71.215ms
[2025-01-08T23:35:39.074+0000][184209.440s][info][gc,cpu      ] GC(6248) User=0.41s Sys=0.00s Real=0.07s
[2025-01-08T23:35:49.662+0000][184220.028s][info][gc,start    ] GC(6249) Pause Young (Normal) (G1 Evacuation Pause)
[2025-01-08T23:35:49.662+0000][184220.028s][info][gc,task     ] GC(6249) Using 6 workers of 6 for evacuation
[2025-01-08T23:35:49.689+0000][184220.055s][info][gc,phases   ] GC(6249)   Pre Evacuate Collection Set: 0.3ms
[2025-01-08T23:35:49.689+0000][184220.055s][info][gc,phases   ] GC(6249)   Merge Heap Roots: 0.4ms
[2025-01-08T23:35:49.689+0000][184220.055s][info][gc,phases   ] GC(6249)   Evacuate Collection Set: 23.0ms
[2025-01-08T23:35:49.689+0000][184220.055s][info][gc,phases   ] GC(6249)   Post Evacuate Collection Set: 2.6ms
[2025-01-08T23:35:49.689+0000][184220.055s][info][gc,phases   ] GC(6249)   Other: 0.2ms
[2025-01-08T23:35:49.689+0000][184220.055s][info][gc,heap     ] GC(6249) Eden regions: 916->0(915)
[2025-01-08T23:35:49.689+0000][184220.055s][info][gc,heap     ] GC(6249) Survivor regions: 5->6(116)
[2025-01-08T23:35:49.689+0000][184220.055s][info][gc,heap     ] GC(6249) Old regions: 232->232
[2025-01-08T23:35:49.689+0000][184220.055s][info][gc,heap     ] GC(6249) Archive regions: 2->2
[2025-01-08T23:35:49.689+0000][184220.055s][info][gc,heap     ] GC(6249) Humongous regions: 49->49
[2025-01-08T23:35:49.689+0000][184220.055s][info][gc,metaspace] GC(6249) Metaspace: 524047K(533824K)->524047K(533824K) NonClass: 460199K(465088K)->460199K(465088K) Class: 63848K(68736K)->63848K(68736K)
[2025-01-08T23:35:49.689+0000][184220.055s][info][gc          ] GC(6249) Pause Young (Normal) (G1 Evacuation Pause) 9619M->2301M(12288M) 26.572ms
[2025-01-08T23:35:49.689+0000][184220.055s][info][gc,cpu      ] GC(6249) User=0.15s Sys=0.00s Real=0.02s
[2025-01-08T23:35:59.094+0000][184229.460s][info][gc,start    ] GC(6250) Pause Young (Normal) (G1 Evacuation Pause)
[2025-01-08T23:35:59.094+0000][184229.460s][info][gc,task     ] GC(6250) Using 6 workers of 6 for evacuation
[2025-01-08T23:35:59.130+0000][184229.496s][info][gc,phases   ] GC(6250)   Pre Evacuate Collection Set: 0.2ms
[2025-01-08T23:35:59.130+0000][184229.496s][info][gc,phases   ] GC(6250)   Merge Heap Roots: 0.5ms
[2025-01-08T23:35:59.130+0000][184229.496s][info][gc,phases   ] GC(6250)   Evacuate Collection Set: 29.8ms
[2025-01-08T23:35:59.130+0000][184229.496s][info][gc,phases   ] GC(6250)   Post Evacuate Collection Set: 5.3ms
[2025-01-08T23:35:59.130+0000][184229.496s][info][gc,phases   ] GC(6250)   Other: 0.2ms
[2025-01-08T23:35:59.130+0000][184229.496s][info][gc,heap     ] GC(6250) Eden regions: 915->0(911)
[2025-01-08T23:35:59.130+0000][184229.496s][info][gc,heap     ] GC(6250) Survivor regions: 6->10(116)
[2025-01-08T23:35:59.130+0000][184229.496s][info][gc,heap     ] GC(6250) Old regions: 232->232
[2025-01-08T23:35:59.130+0000][184229.496s][info][gc,heap     ] GC(6250) Archive regions: 2->2
[2025-01-08T23:35:59.130+0000][184229.496s][info][gc,heap     ] GC(6250) Humongous regions: 49->49
[2025-01-08T23:35:59.130+0000][184229.496s][info][gc,metaspace] GC(6250) Metaspace: 524047K(533824K)->524047K(533824K) NonClass: 460199K(465088K)->460199K(465088K) Class: 63848K(68736K)->63848K(68736K)
[2025-01-08T23:35:59.130+0000][184229.496s][info][gc          ] GC(6250) Pause Young (Normal) (G1 Evacuation Pause) 9621M->2331M(12288M) 36.078ms
[2025-01-08T23:35:59.130+0000][184229.496s][info][gc,cpu      ] GC(6250) User=0.21s Sys=0.00s Real=0.04s
[2025-01-08T23:36:07.163+0000][184237.529s][info][gc,start    ] GC(6251) Pause Young (Concurrent Start) (G1 Evacuation Pause)
[2025-01-08T23:36:07.163+0000][184237.529s][info][gc,task     ] GC(6251) Using 6 workers of 6 for evacuation
[2025-01-08T23:36:07.198+0000][184237.564s][info][gc,phases   ] GC(6251)   Pre Evacuate Collection Set: 1.1ms
[2025-01-08T23:36:07.198+0000][184237.564s][info][gc,phases   ] GC(6251)   Merge Heap Roots: 0.5ms
[2025-01-08T23:36:07.198+0000][184237.564s][info][gc,phases   ] GC(6251)   Evacuate Collection Set: 29.2ms
[2025-01-08T23:36:07.198+0000][184237.564s][info][gc,phases   ] GC(6251)   Post Evacuate Collection Set: 4.0ms
[2025-01-08T23:36:07.198+0000][184237.564s][info][gc,phases   ] GC(6251)   Other: 0.3ms
[2025-01-08T23:36:07.198+0000][184237.564s][info][gc,heap     ] GC(6251) Eden regions: 911->0(911)
[2025-01-08T23:36:07.198+0000][184237.564s][info][gc,heap     ] GC(6251) Survivor regions: 10->10(116)
[2025-01-08T23:36:07.198+0000][184237.564s][info][gc,heap     ] GC(6251) Old regions: 232->232
[2025-01-08T23:36:07.198+0000][184237.564s][info][gc,heap     ] GC(6251) Archive regions: 2->2
[2025-01-08T23:36:07.198+0000][184237.564s][info][gc,heap     ] GC(6251) Humongous regions: 49->49
[2025-01-08T23:36:07.198+0000][184237.564s][info][gc,metaspace] GC(6251) Metaspace: 524047K(533824K)->524047K(533824K) NonClass: 460199K(465088K)->460199K(465088K) Class: 63848K(68736K)->63848K(68736K)
[2025-01-08T23:36:07.198+0000][184237.564s][info][gc          ] GC(6251) Pause Young (Concurrent Start) (G1 Evacuation Pause) 9619M->2329M(12288M) 35.178ms
[2025-01-08T23:36:07.198+0000][184237.564s][info][gc,cpu      ] GC(6251) User=0.20s Sys=0.00s Real=0.03s
[2025-01-08T23:36:07.198+0000][184237.564s][info][gc          ] GC(6252) Concurrent Mark Cycle
[2025-01-08T23:36:07.198+0000][184237.564s][info][gc,marking  ] GC(6252) Concurrent Clear Claimed Marks
[2025-01-08T23:36:07.199+0000][184237.565s][info][gc,marking  ] GC(6252) Concurrent Clear Claimed Marks 0.968ms
[2025-01-08T23:36:07.199+0000][184237.565s][info][gc,marking  ] GC(6252) Concurrent Scan Root Regions
[2025-01-08T23:36:07.229+0000][184237.595s][info][gc,marking  ] GC(6252) Concurrent Scan Root Regions 29.364ms
[2025-01-08T23:36:07.229+0000][184237.595s][info][gc,marking  ] GC(6252) Concurrent Mark
[2025-01-08T23:36:07.229+0000][184237.595s][info][gc,marking  ] GC(6252) Concurrent Mark From Roots
[2025-01-08T23:36:07.229+0000][184237.595s][info][gc,task     ] GC(6252) Using 2 workers of 2 for marking
[2025-01-08T23:36:08.191+0000][184238.557s][info][gc,marking  ] GC(6252) Concurrent Mark From Roots 962.482ms
[2025-01-08T23:36:08.191+0000][184238.557s][info][gc,marking  ] GC(6252) Concurrent Preclean
[2025-01-08T23:36:08.195+0000][184238.561s][info][gc,marking  ] GC(6252) Concurrent Preclean 3.433ms
[2025-01-08T23:36:08.195+0000][184238.561s][info][gc,start    ] GC(6252) Pause Remark
[2025-01-08T23:36:08.221+0000][184238.587s][info][gc          ] GC(6252) Pause Remark 3741M->3741M(12288M) 25.892ms
[2025-01-08T23:36:08.221+0000][184238.587s][info][gc,cpu      ] GC(6252) User=0.15s Sys=0.00s Real=0.02s
[2025-01-08T23:36:08.221+0000][184238.587s][info][gc,marking  ] GC(6252) Concurrent Mark 992.147ms
[2025-01-08T23:36:08.221+0000][184238.587s][info][gc,marking  ] GC(6252) Concurrent Rebuild Remembered Sets
[2025-01-08T23:36:08.717+0000][184239.083s][info][gc,marking  ] GC(6252) Concurrent Rebuild Remembered Sets 495.982ms
[2025-01-08T23:36:08.717+0000][184239.083s][info][gc,start    ] GC(6252) Pause Cleanup
[2025-01-08T23:36:08.717+0000][184239.083s][info][gc          ] GC(6252) Pause Cleanup 3985M->3985M(12288M) 0.442ms
[2025-01-08T23:36:08.717+0000][184239.083s][info][gc,cpu      ] GC(6252) User=0.01s Sys=0.00s Real=0.00s
[2025-01-08T23:36:08.717+0000][184239.084s][info][gc,marking  ] GC(6252) Concurrent Cleanup for Next Mark
[2025-01-08T23:36:08.733+0000][184239.099s][info][gc,marking  ] GC(6252) Concurrent Cleanup for Next Mark 15.431ms
[2025-01-08T23:36:08.733+0000][184239.099s][info][gc          ] GC(6252) Concurrent Mark Cycle 1534.740ms
[2025-01-08T23:36:14.865+0000][184245.231s][info][gc,start    ] GC(6253) Pause Young (Prepare Mixed) (G1 Evacuation Pause)
[2025-01-08T23:36:14.865+0000][184245.231s][info][gc,task     ] GC(6253) Using 6 workers of 6 for evacuation
[2025-01-08T23:36:14.902+0000][184245.268s][info][gc,phases   ] GC(6253)   Pre Evacuate Collection Set: 0.2ms
[2025-01-08T23:36:14.902+0000][184245.268s][info][gc,phases   ] GC(6253)   Merge Heap Roots: 0.7ms
[2025-01-08T23:36:14.902+0000][184245.268s][info][gc,phases   ] GC(6253)   Evacuate Collection Set: 33.5ms
[2025-01-08T23:36:14.902+0000][184245.268s][info][gc,phases   ] GC(6253)   Post Evacuate Collection Set: 2.7ms
[2025-01-08T23:36:14.902+0000][184245.268s][info][gc,phases   ] GC(6253)   Other: 0.2ms
[2025-01-08T23:36:14.902+0000][184245.268s][info][gc,heap     ] GC(6253) Eden regions: 911->0(65)
[2025-01-08T23:36:14.902+0000][184245.268s][info][gc,heap     ] GC(6253) Survivor regions: 10->11(116)
[2025-01-08T23:36:14.902+0000][184245.268s][info][gc,heap     ] GC(6253) Old regions: 232->232
[2025-01-08T23:36:14.902+0000][184245.268s][info][gc,heap     ] GC(6253) Archive regions: 2->2
[2025-01-08T23:36:14.902+0000][184245.268s][info][gc,heap     ] GC(6253) Humongous regions: 49->49
[2025-01-08T23:36:14.902+0000][184245.268s][info][gc,metaspace] GC(6253) Metaspace: 524047K(533824K)->524047K(533824K) NonClass: 460199K(465088K)->460199K(465088K) Class: 63848K(68736K)->63848K(68736K)
[2025-01-08T23:36:14.902+0000][184245.268s][info][gc          ] GC(6253) Pause Young (Prepare Mixed) (G1 Evacuation Pause) 9617M->2340M(12288M) 37.427ms
[2025-01-08T23:36:14.902+0000][184245.268s][info][gc,cpu      ] GC(6253) User=0.22s Sys=0.00s Real=0.04s
[2025-01-08T23:36:15.314+0000][184245.680s][info][gc,start    ] GC(6254) Pause Young (Mixed) (G1 Evacuation Pause)
[2025-01-08T23:36:15.314+0000][184245.680s][info][gc,task     ] GC(6254) Using 6 workers of 6 for evacuation
[2025-01-08T23:36:15.355+0000][184245.721s][info][gc,phases   ] GC(6254)   Pre Evacuate Collection Set: 0.2ms
[2025-01-08T23:36:15.355+0000][184245.721s][info][gc,phases   ] GC(6254)   Merge Heap Roots: 0.4ms
[2025-01-08T23:36:15.355+0000][184245.721s][info][gc,phases   ] GC(6254)   Evacuate Collection Set: 39.3ms
[2025-01-08T23:36:15.355+0000][184245.721s][info][gc,phases   ] GC(6254)   Post Evacuate Collection Set: 1.7ms
[2025-01-08T23:36:15.355+0000][184245.721s][info][gc,phases   ] GC(6254)   Other: 0.2ms
[2025-01-08T23:36:15.355+0000][184245.721s][info][gc,heap     ] GC(6254) Eden regions: 65->0(916)
[2025-01-08T23:36:15.355+0000][184245.721s][info][gc,heap     ] GC(6254) Survivor regions: 11->5(10)
[2025-01-08T23:36:15.355+0000][184245.721s][info][gc,heap     ] GC(6254) Old regions: 232->230
[2025-01-08T23:36:15.355+0000][184245.721s][info][gc,heap     ] GC(6254) Archive regions: 2->2
[2025-01-08T23:36:15.355+0000][184245.721s][info][gc,heap     ] GC(6254) Humongous regions: 49->49
[2025-01-08T23:36:15.355+0000][184245.721s][info][gc,metaspace] GC(6254) Metaspace: 524047K(533824K)->524047K(533824K) NonClass: 460199K(465088K)->460199K(465088K) Class: 63848K(68736K)->63848K(68736K)
[2025-01-08T23:36:15.355+0000][184245.722s][info][gc          ] GC(6254) Pause Young (Mixed) (G1 Evacuation Pause) 2860M->2277M(12288M) 41.839ms
[2025-01-08T23:36:15.355+0000][184245.722s][info][gc,cpu      ] GC(6254) User=0.24s Sys=0.00s Real=0.04s
[2025-01-08T23:36:20.959+0000][184251.325s][info][gc,start    ] GC(6255) Pause Young (Normal) (G1 Evacuation Pause)
[2025-01-08T23:36:20.959+0000][184251.325s][info][gc,task     ] GC(6255) Using 6 workers of 6 for evacuation
[2025-01-08T23:36:20.982+0000][184251.348s][info][gc,phases   ] GC(6255)   Pre Evacuate Collection Set: 0.2ms
[2025-01-08T23:36:20.982+0000][184251.348s][info][gc,phases   ] GC(6255)   Merge Heap Roots: 0.4ms
[2025-01-08T23:36:20.982+0000][184251.348s][info][gc,phases   ] GC(6255)   Evacuate Collection Set: 20.2ms
[2025-01-08T23:36:20.982+0000][184251.348s][info][gc,phases   ] GC(6255)   Post Evacuate Collection Set: 2.4ms
[2025-01-08T23:36:20.982+0000][184251.348s][info][gc,phases   ] GC(6255)   Other: 0.2ms
[2025-01-08T23:36:20.982+0000][184251.348s][info][gc,heap     ] GC(6255) Eden regions: 916->0(915)
[2025-01-08T23:36:20.982+0000][184251.348s][info][gc,heap     ] GC(6255) Survivor regions: 5->6(116)
[2025-01-08T23:36:20.982+0000][184251.348s][info][gc,heap     ] GC(6255) Old regions: 230->230
[2025-01-08T23:36:20.982+0000][184251.348s][info][gc,heap     ] GC(6255) Archive regions: 2->2
[2025-01-08T23:36:20.982+0000][184251.348s][info][gc,heap     ] GC(6255) Humongous regions: 49->49
[2025-01-08T23:36:20.982+0000][184251.348s][info][gc,metaspace] GC(6255) Metaspace: 524047K(533824K)->524047K(533824K) NonClass: 460199K(465088K)->460199K(465088K) Class: 63848K(68736K)->63848K(68736K)
[2025-01-08T23:36:20.982+0000][184251.348s][info][gc          ] GC(6255) Pause Young (Normal) (G1 Evacuation Pause) 9605M->2281M(12288M) 23.519ms
[2025-01-08T23:36:20.982+0000][184251.348s][info][gc,cpu      ] GC(6255) User=0.14s Sys=0.00s Real=0.03s
[2025-01-08T23:36:30.975+0000][184261.342s][info][gc,start    ] GC(6256) Pause Young (Normal) (G1 Evacuation Pause)
[2025-01-08T23:36:30.975+0000][184261.342s][info][gc,task     ] GC(6256) Using 6 workers of 6 for evacuation
[2025-01-08T23:36:31.003+0000][184261.370s][info][gc,phases   ] GC(6256)   Pre Evacuate Collection Set: 0.2ms
[2025-01-08T23:36:31.003+0000][184261.370s][info][gc,phases   ] GC(6256)   Merge Heap Roots: 0.5ms
[2025-01-08T23:36:31.003+0000][184261.370s][info][gc,phases   ] GC(6256)   Evacuate Collection Set: 24.4ms
[2025-01-08T23:36:31.003+0000][184261.370s][info][gc,phases   ] GC(6256)   Post Evacuate Collection Set: 2.7ms
[2025-01-08T23:36:31.003+0000][184261.370s][info][gc,phases   ] GC(6256)   Other: 0.2ms
[2025-01-08T23:36:31.003+0000][184261.370s][info][gc,heap     ] GC(6256) Eden regions: 915->0(914)
[2025-01-08T23:36:31.003+0000][184261.370s][info][gc,heap     ] GC(6256) Survivor regions: 6->7(116)
[2025-01-08T23:36:31.003+0000][184261.370s][info][gc,heap     ] GC(6256) Old regions: 230->230
[2025-01-08T23:36:31.003+0000][184261.370s][info][gc,heap     ] GC(6256) Archive regions: 2->2
[2025-01-08T23:36:31.003+0000][184261.370s][info][gc,heap     ] GC(6256) Humongous regions: 49->49
[2025-01-08T23:36:31.003+0000][184261.370s][info][gc,metaspace] GC(6256) Metaspace: 524047K(533824K)->524047K(533824K) NonClass: 460199K(465088K)->460199K(465088K) Class: 63848K(68736K)->63848K(68736K)
[2025-01-08T23:36:31.004+0000][184261.370s][info][gc          ] GC(6256) Pause Young (Normal) (G1 Evacuation Pause) 9601M->2291M(12288M) 28.047ms
[2025-01-08T23:36:31.004+0000][184261.370s][info][gc,cpu      ] GC(6256) User=0.16s Sys=0.00s Real=0.03s
[2025-01-08T23:36:40.326+0000][184270.692s][info][gc,start    ] GC(6257) Pause Young (Concurrent Start) (G1 Evacuation Pause)
[2025-01-08T23:36:40.326+0000][184270.692s][info][gc,task     ] GC(6257) Using 6 workers of 6 for evacuation
[2025-01-08T23:36:40.358+0000][184270.724s][info][gc,phases   ] GC(6257)   Pre Evacuate Collection Set: 1.2ms
[2025-01-08T23:36:40.358+0000][184270.724s][info][gc,phases   ] GC(6257)   Merge Heap Roots: 0.5ms
[2025-01-08T23:36:40.358+0000][184270.724s][info][gc,phases   ] GC(6257)   Evacuate Collection Set: 27.6ms
[2025-01-08T23:36:40.358+0000][184270.724s][info][gc,phases   ] GC(6257)   Post Evacuate Collection Set: 2.6ms
[2025-01-08T23:36:40.358+0000][184270.724s][info][gc,phases   ] GC(6257)   Other: 0.3ms
[2025-01-08T23:36:40.358+0000][184270.724s][info][gc,heap     ] GC(6257) Eden regions: 914->0(913)
[2025-01-08T23:36:40.358+0000][184270.724s][info][gc,heap     ] GC(6257) Survivor regions: 7->8(116)
[2025-01-08T23:36:40.358+0000][184270.724s][info][gc,heap     ] GC(6257) Old regions: 230->230
[2025-01-08T23:36:40.358+0000][184270.724s][info][gc,heap     ] GC(6257) Archive regions: 2->2
[2025-01-08T23:36:40.358+0000][184270.724s][info][gc,heap     ] GC(6257) Humongous regions: 49->49
[2025-01-08T23:36:40.358+0000][184270.724s][info][gc,metaspace] GC(6257) Metaspace: 524047K(533824K)->524047K(533824K) NonClass: 460199K(465088K)->460199K(465088K) Class: 63848K(68736K)->63848K(68736K)
[2025-01-08T23:36:40.358+0000][184270.724s][info][gc          ] GC(6257) Pause Young (Concurrent Start) (G1 Evacuation Pause) 9603M->2302M(12288M) 32.183ms
[2025-01-08T23:36:40.358+0000][184270.724s][info][gc,cpu      ] GC(6257) User=0.18s Sys=0.00s Real=0.03s
[2025-01-08T23:36:40.358+0000][184270.724s][info][gc          ] GC(6258) Concurrent Mark Cycle
[2025-01-08T23:36:40.358+0000][184270.724s][info][gc,marking  ] GC(6258) Concurrent Clear Claimed Marks
[2025-01-08T23:36:40.359+0000][184270.725s][info][gc,marking  ] GC(6258) Concurrent Clear Claimed Marks 0.882ms
[2025-01-08T23:36:40.359+0000][184270.725s][info][gc,marking  ] GC(6258) Concurrent Scan Root Regions
[2025-01-08T23:36:40.379+0000][184270.745s][info][gc,marking  ] GC(6258) Concurrent Scan Root Regions 19.395ms
[2025-01-08T23:36:40.379+0000][184270.745s][info][gc,marking  ] GC(6258) Concurrent Mark
[2025-01-08T23:36:40.379+0000][184270.745s][info][gc,marking  ] GC(6258) Concurrent Mark From Roots
[2025-01-08T23:36:40.379+0000][184270.745s][info][gc,task     ] GC(6258) Using 2 workers of 2 for marking
[2025-01-08T23:36:41.234+0000][184271.600s][info][gc,marking  ] GC(6258) Concurrent Mark From Roots 855.304ms
[2025-01-08T23:36:41.234+0000][184271.600s][info][gc,marking  ] GC(6258) Concurrent Preclean
[2025-01-08T23:36:41.237+0000][184271.603s][info][gc,marking  ] GC(6258) Concurrent Preclean 2.554ms
[2025-01-08T23:36:41.237+0000][184271.603s][info][gc,start    ] GC(6258) Pause Remark
[2025-01-08T23:36:41.262+0000][184271.628s][info][gc          ] GC(6258) Pause Remark 3210M->3210M(12288M) 25.636ms
[2025-01-08T23:36:41.262+0000][184271.628s][info][gc,cpu      ] GC(6258) User=0.14s Sys=0.00s Real=0.03s
[2025-01-08T23:36:41.262+0000][184271.629s][info][gc,marking  ] GC(6258) Concurrent Mark 883.814ms
[2025-01-08T23:36:41.263+0000][184271.629s][info][gc,marking  ] GC(6258) Concurrent Rebuild Remembered Sets
[2025-01-08T23:36:41.786+0000][184272.152s][info][gc,marking  ] GC(6258) Concurrent Rebuild Remembered Sets 523.301ms
[2025-01-08T23:36:41.786+0000][184272.152s][info][gc,start    ] GC(6258) Pause Cleanup
[2025-01-08T23:36:41.786+0000][184272.153s][info][gc          ] GC(6258) Pause Cleanup 3706M->3706M(12288M) 0.479ms
[2025-01-08T23:36:41.786+0000][184272.153s][info][gc,cpu      ] GC(6258) User=0.00s Sys=0.00s Real=0.00s
[2025-01-08T23:36:41.787+0000][184272.153s][info][gc,marking  ] GC(6258) Concurrent Cleanup for Next Mark
[2025-01-08T23:36:41.802+0000][184272.168s][info][gc,marking  ] GC(6258) Concurrent Cleanup for Next Mark 15.629ms
[2025-01-08T23:36:41.802+0000][184272.168s][info][gc          ] GC(6258) Concurrent Mark Cycle 1443.881ms
[2025-01-08T23:36:49.778+0000][184280.144s][info][gc,start    ] GC(6259) Pause Young (Prepare Mixed) (G1 Evacuation Pause)
[2025-01-08T23:36:49.778+0000][184280.144s][info][gc,task     ] GC(6259) Using 6 workers of 6 for evacuation
[2025-01-08T23:36:49.817+0000][184280.183s][info][gc,phases   ] GC(6259)   Pre Evacuate Collection Set: 0.2ms
[2025-01-08T23:36:49.817+0000][184280.183s][info][gc,phases   ] GC(6259)   Merge Heap Roots: 0.7ms
[2025-01-08T23:36:49.817+0000][184280.183s][info][gc,phases   ] GC(6259)   Evacuate Collection Set: 33.0ms
[2025-01-08T23:36:49.817+0000][184280.183s][info][gc,phases   ] GC(6259)   Post Evacuate Collection Set: 5.3ms
[2025-01-08T23:36:49.817+0000][184280.183s][info][gc,phases   ] GC(6259)   Other: 0.2ms
[2025-01-08T23:36:49.817+0000][184280.183s][info][gc,heap     ] GC(6259) Eden regions: 913->0(65)
[2025-01-08T23:36:49.817+0000][184280.183s][info][gc,heap     ] GC(6259) Survivor regions: 8->11(116)
[2025-01-08T23:36:49.817+0000][184280.184s][info][gc,heap     ] GC(6259) Old regions: 230->230
[2025-01-08T23:36:49.817+0000][184280.184s][info][gc,heap     ] GC(6259) Archive regions: 2->2
[2025-01-08T23:36:49.817+0000][184280.184s][info][gc,heap     ] GC(6259) Humongous regions: 49->49
[2025-01-08T23:36:49.817+0000][184280.184s][info][gc,metaspace] GC(6259) Metaspace: 524047K(533824K)->524047K(533824K) NonClass: 460199K(465088K)->460199K(465088K) Class: 63848K(68736K)->63848K(68736K)
[2025-01-08T23:36:49.817+0000][184280.184s][info][gc          ] GC(6259) Pause Young (Prepare Mixed) (G1 Evacuation Pause) 9606M->2323M(12288M) 39.610ms
[2025-01-08T23:36:49.818+0000][184280.184s][info][gc,cpu      ] GC(6259) User=0.23s Sys=0.01s Real=0.04s
[2025-01-08T23:36:51.075+0000][184281.441s][info][gc,start    ] GC(6260) Pause Young (Mixed) (G1 Evacuation Pause)
[2025-01-08T23:36:51.075+0000][184281.441s][info][gc,task     ] GC(6260) Using 6 workers of 6 for evacuation
[2025-01-08T23:36:51.135+0000][184281.501s][info][gc,phases   ] GC(6260)   Pre Evacuate Collection Set: 0.2ms
[2025-01-08T23:36:51.135+0000][184281.501s][info][gc,phases   ] GC(6260)   Merge Heap Roots: 0.6ms
[2025-01-08T23:36:51.135+0000][184281.501s][info][gc,phases   ] GC(6260)   Evacuate Collection Set: 57.5ms
[2025-01-08T23:36:51.135+0000][184281.501s][info][gc,phases   ] GC(6260)   Post Evacuate Collection Set: 1.8ms
[2025-01-08T23:36:51.135+0000][184281.501s][info][gc,phases   ] GC(6260)   Other: 0.2ms
[2025-01-08T23:36:51.135+0000][184281.501s][info][gc,heap     ] GC(6260) Eden regions: 65->0(917)
[2025-01-08T23:36:51.135+0000][184281.501s][info][gc,heap     ] GC(6260) Survivor regions: 11->4(10)
[2025-01-08T23:36:51.135+0000][184281.501s][info][gc,heap     ] GC(6260) Old regions: 230->232
[2025-01-08T23:36:51.135+0000][184281.501s][info][gc,heap     ] GC(6260) Archive regions: 2->2
[2025-01-08T23:36:51.135+0000][184281.501s][info][gc,heap     ] GC(6260) Humongous regions: 49->49
[2025-01-08T23:36:51.135+0000][184281.501s][info][gc,metaspace] GC(6260) Metaspace: 524047K(533824K)->524047K(533824K) NonClass: 460199K(465088K)->460199K(465088K) Class: 63848K(68736K)->63848K(68736K)
[2025-01-08T23:36:51.135+0000][184281.501s][info][gc          ] GC(6260) Pause Young (Mixed) (G1 Evacuation Pause) 2843M->2279M(12288M) 60.403ms
[2025-01-08T23:36:51.135+0000][184281.502s][info][gc,cpu      ] GC(6260) User=0.36s Sys=0.00s Real=0.06s
[2025-01-08T23:36:57.924+0000][184288.290s][info][gc,start    ] GC(6261) Pause Young (Normal) (G1 Evacuation Pause)
[2025-01-08T23:36:57.924+0000][184288.290s][info][gc,task     ] GC(6261) Using 6 workers of 6 for evacuation
[2025-01-08T23:36:57.945+0000][184288.311s][info][gc,phases   ] GC(6261)   Pre Evacuate Collection Set: 0.2ms
[2025-01-08T23:36:57.945+0000][184288.311s][info][gc,phases   ] GC(6261)   Merge Heap Roots: 0.4ms
[2025-01-08T23:36:57.945+0000][184288.311s][info][gc,phases   ] GC(6261)   Evacuate Collection Set: 17.7ms
[2025-01-08T23:36:57.945+0000][184288.311s][info][gc,phases   ] GC(6261)   Post Evacuate Collection Set: 2.4ms
[2025-01-08T23:36:57.945+0000][184288.311s][info][gc,phases   ] GC(6261)   Other: 0.2ms
[2025-01-08T23:36:57.945+0000][184288.311s][info][gc,heap     ] GC(6261) Eden regions: 917->0(917)
[2025-01-08T23:36:57.945+0000][184288.311s][info][gc,heap     ] GC(6261) Survivor regions: 4->4(116)
[2025-01-08T23:36:57.945+0000][184288.311s][info][gc,heap     ] GC(6261) Old regions: 232->232
[2025-01-08T23:36:57.945+0000][184288.311s][info][gc,heap     ] GC(6261) Archive regions: 2->2
[2025-01-08T23:36:57.945+0000][184288.311s][info][gc,heap     ] GC(6261) Humongous regions: 49->49
[2025-01-08T23:36:57.945+0000][184288.311s][info][gc,metaspace] GC(6261) Metaspace: 524047K(533824K)->524047K(533824K) NonClass: 460199K(465088K)->460199K(465088K) Class: 63848K(68736K)->63848K(68736K)
[2025-01-08T23:36:57.945+0000][184288.311s][info][gc          ] GC(6261) Pause Young (Normal) (G1 Evacuation Pause) 9615M->2278M(12288M) 20.883ms
[2025-01-08T23:36:57.945+0000][184288.311s][info][gc,cpu      ] GC(6261) User=0.13s Sys=0.00s Real=0.02s
[2025-01-08T23:37:05.090+0000][184295.456s][info][gc,start    ] GC(6262) Pause Young (Normal) (G1 Evacuation Pause)
[2025-01-08T23:37:05.090+0000][184295.456s][info][gc,task     ] GC(6262) Using 6 workers of 6 for evacuation
[2025-01-08T23:37:05.115+0000][184295.481s][info][gc,phases   ] GC(6262)   Pre Evacuate Collection Set: 0.2ms
[2025-01-08T23:37:05.115+0000][184295.481s][info][gc,phases   ] GC(6262)   Merge Heap Roots: 0.5ms
[2025-01-08T23:37:05.115+0000][184295.481s][info][gc,phases   ] GC(6262)   Evacuate Collection Set: 20.4ms
[2025-01-08T23:37:05.115+0000][184295.481s][info][gc,phases   ] GC(6262)   Post Evacuate Collection Set: 3.7ms
[2025-01-08T23:37:05.115+0000][184295.481s][info][gc,phases   ] GC(6262)   Other: 0.2ms
[2025-01-08T23:37:05.115+0000][184295.481s][info][gc,heap     ] GC(6262) Eden regions: 917->0(915)
[2025-01-08T23:37:05.115+0000][184295.481s][info][gc,heap     ] GC(6262) Survivor regions: 4->6(116)
[2025-01-08T23:37:05.115+0000][184295.481s][info][gc,heap     ] GC(6262) Old regions: 232->232
[2025-01-08T23:37:05.115+0000][184295.481s][info][gc,heap     ] GC(6262) Archive regions: 2->2
[2025-01-08T23:37:05.115+0000][184295.481s][info][gc,heap     ] GC(6262) Humongous regions: 49->49
[2025-01-08T23:37:05.115+0000][184295.481s][info][gc,metaspace] GC(6262) Metaspace: 524047K(533824K)->524047K(533824K) NonClass: 460199K(465088K)->460199K(465088K) Class: 63848K(68736K)->63848K(68736K)
[2025-01-08T23:37:05.115+0000][184295.481s][info][gc          ] GC(6262) Pause Young (Normal) (G1 Evacuation Pause) 9614M->2294M(12288M) 25.135ms
[2025-01-08T23:37:05.115+0000][184295.481s][info][gc,cpu      ] GC(6262) User=0.14s Sys=0.00s Real=0.02s
[2025-01-08T23:37:12.407+0000][184302.773s][info][gc,start    ] GC(6263) Pause Young (Concurrent Start) (G1 Evacuation Pause)
[2025-01-08T23:37:12.407+0000][184302.773s][info][gc,task     ] GC(6263) Using 6 workers of 6 for evacuation
[2025-01-08T23:37:12.435+0000][184302.801s][info][gc,phases   ] GC(6263)   Pre Evacuate Collection Set: 1.1ms
[2025-01-08T23:37:12.435+0000][184302.801s][info][gc,phases   ] GC(6263)   Merge Heap Roots: 0.4ms
[2025-01-08T23:37:12.435+0000][184302.801s][info][gc,phases   ] GC(6263)   Evacuate Collection Set: 23.5ms
[2025-01-08T23:37:12.435+0000][184302.801s][info][gc,phases   ] GC(6263)   Post Evacuate Collection Set: 2.5ms
[2025-01-08T23:37:12.435+0000][184302.801s][info][gc,phases   ] GC(6263)   Other: 0.3ms
[2025-01-08T23:37:12.435+0000][184302.801s][info][gc,heap     ] GC(6263) Eden regions: 915->0(914)
[2025-01-08T23:37:12.435+0000][184302.801s][info][gc,heap     ] GC(6263) Survivor regions: 6->7(116)
[2025-01-08T23:37:12.435+0000][184302.801s][info][gc,heap     ] GC(6263) Old regions: 232->232
[2025-01-08T23:37:12.435+0000][184302.801s][info][gc,heap     ] GC(6263) Archive regions: 2->2
[2025-01-08T23:37:12.435+0000][184302.801s][info][gc,heap     ] GC(6263) Humongous regions: 49->49
[2025-01-08T23:37:12.435+0000][184302.801s][info][gc,metaspace] GC(6263) Metaspace: 524047K(533824K)->524047K(533824K) NonClass: 460199K(465088K)->460199K(465088K) Class: 63848K(68736K)->63848K(68736K)
[2025-01-08T23:37:12.435+0000][184302.801s][info][gc          ] GC(6263) Pause Young (Concurrent Start) (G1 Evacuation Pause) 9614M->2295M(12288M) 27.923ms
[2025-01-08T23:37:12.435+0000][184302.801s][info][gc,cpu      ] GC(6263) User=0.16s Sys=0.00s Real=0.03s
[2025-01-08T23:37:12.435+0000][184302.801s][info][gc          ] GC(6264) Concurrent Mark Cycle
[2025-01-08T23:37:12.435+0000][184302.801s][info][gc,marking  ] GC(6264) Concurrent Clear Claimed Marks
[2025-01-08T23:37:12.436+0000][184302.802s][info][gc,marking  ] GC(6264) Concurrent Clear Claimed Marks 0.967ms
[2025-01-08T23:37:12.436+0000][184302.802s][info][gc,marking  ] GC(6264) Concurrent Scan Root Regions
[2025-01-08T23:37:12.454+0000][184302.821s][info][gc,marking  ] GC(6264) Concurrent Scan Root Regions 18.565ms
[2025-01-08T23:37:12.454+0000][184302.821s][info][gc,marking  ] GC(6264) Concurrent Mark
[2025-01-08T23:37:12.455+0000][184302.821s][info][gc,marking  ] GC(6264) Concurrent Mark From Roots
[2025-01-08T23:37:12.455+0000][184302.821s][info][gc,task     ] GC(6264) Using 2 workers of 2 for marking
[2025-01-08T23:37:13.299+0000][184303.665s][info][gc,marking  ] GC(6264) Concurrent Mark From Roots 844.866ms
[2025-01-08T23:37:13.299+0000][184303.666s][info][gc,marking  ] GC(6264) Concurrent Preclean
[2025-01-08T23:37:13.302+0000][184303.668s][info][gc,marking  ] GC(6264) Concurrent Preclean 2.468ms
[2025-01-08T23:37:13.302+0000][184303.668s][info][gc,start    ] GC(6264) Pause Remark
[2025-01-08T23:37:13.328+0000][184303.694s][info][gc          ] GC(6264) Pause Remark 3179M->3179M(12288M) 25.735ms
[2025-01-08T23:37:13.328+0000][184303.694s][info][gc,cpu      ] GC(6264) User=0.15s Sys=0.00s Real=0.02s
[2025-01-08T23:37:13.328+0000][184303.694s][info][gc,marking  ] GC(6264) Concurrent Mark 873.370ms
[2025-01-08T23:37:13.328+0000][184303.694s][info][gc,marking  ] GC(6264) Concurrent Rebuild Remembered Sets
[2025-01-08T23:37:13.878+0000][184304.244s][info][gc,marking  ] GC(6264) Concurrent Rebuild Remembered Sets 550.308ms
[2025-01-08T23:37:13.878+0000][184304.244s][info][gc,start    ] GC(6264) Pause Cleanup
[2025-01-08T23:37:13.879+0000][184304.245s][info][gc          ] GC(6264) Pause Cleanup 3727M->3727M(12288M) 0.409ms
[2025-01-08T23:37:13.879+0000][184304.245s][info][gc,cpu      ] GC(6264) User=0.00s Sys=0.00s Real=0.00s
[2025-01-08T23:37:13.879+0000][184304.245s][info][gc,marking  ] GC(6264) Concurrent Cleanup for Next Mark
[2025-01-08T23:37:13.895+0000][184304.261s][info][gc,marking  ] GC(6264) Concurrent Cleanup for Next Mark 16.523ms
[2025-01-08T23:37:13.895+0000][184304.262s][info][gc          ] GC(6264) Concurrent Mark Cycle 1460.537ms
[2025-01-08T23:37:18.512+0000][184308.878s][info][gc,start    ] GC(6265) Pause Young (Prepare Mixed) (G1 Evacuation Pause)
[2025-01-08T23:37:18.512+0000][184308.878s][info][gc,task     ] GC(6265) Using 6 workers of 6 for evacuation
[2025-01-08T23:37:18.542+0000][184308.908s][info][gc,phases   ] GC(6265)   Pre Evacuate Collection Set: 0.2ms
[2025-01-08T23:37:18.542+0000][184308.908s][info][gc,phases   ] GC(6265)   Merge Heap Roots: 0.6ms
[2025-01-08T23:37:18.542+0000][184308.908s][info][gc,phases   ] GC(6265)   Evacuate Collection Set: 26.5ms
[2025-01-08T23:37:18.542+0000][184308.908s][info][gc,phases   ] GC(6265)   Post Evacuate Collection Set: 2.5ms
[2025-01-08T23:37:18.542+0000][184308.908s][info][gc,phases   ] GC(6265)   Other: 0.2ms
[2025-01-08T23:37:18.542+0000][184308.908s][info][gc,heap     ] GC(6265) Eden regions: 914->0(69)
[2025-01-08T23:37:18.542+0000][184308.908s][info][gc,heap     ] GC(6265) Survivor regions: 7->7(116)
[2025-01-08T23:37:18.542+0000][184308.908s][info][gc,heap     ] GC(6265) Old regions: 232->232
[2025-01-08T23:37:18.542+0000][184308.908s][info][gc,heap     ] GC(6265) Archive regions: 2->2
[2025-01-08T23:37:18.542+0000][184308.908s][info][gc,heap     ] GC(6265) Humongous regions: 49->49
[2025-01-08T23:37:18.542+0000][184308.908s][info][gc,metaspace] GC(6265) Metaspace: 524047K(533824K)->524047K(533824K) NonClass: 460199K(465088K)->460199K(465088K) Class: 63848K(68736K)->63848K(68736K)
[2025-01-08T23:37:18.542+0000][184308.908s][info][gc          ] GC(6265) Pause Young (Prepare Mixed) (G1 Evacuation Pause) 9607M->2302M(12288M) 30.117ms
[2025-01-08T23:37:18.542+0000][184308.908s][info][gc,cpu      ] GC(6265) User=0.18s Sys=0.00s Real=0.03s
[2025-01-08T23:37:18.850+0000][184309.216s][info][gc,start    ] GC(6266) Pause Young (Mixed) (G1 Evacuation Pause)
[2025-01-08T23:37:18.850+0000][184309.216s][info][gc,task     ] GC(6266) Using 6 workers of 6 for evacuation
[2025-01-08T23:37:18.913+0000][184309.279s][info][gc,phases   ] GC(6266)   Pre Evacuate Collection Set: 0.2ms
[2025-01-08T23:37:18.913+0000][184309.279s][info][gc,phases   ] GC(6266)   Merge Heap Roots: 0.8ms
[2025-01-08T23:37:18.913+0000][184309.279s][info][gc,phases   ] GC(6266)   Evacuate Collection Set: 59.8ms
[2025-01-08T23:37:18.913+0000][184309.279s][info][gc,phases   ] GC(6266)   Post Evacuate Collection Set: 1.9ms
[2025-01-08T23:37:18.913+0000][184309.279s][info][gc,phases   ] GC(6266)   Other: 0.2ms
[2025-01-08T23:37:18.913+0000][184309.279s][info][gc,heap     ] GC(6266) Eden regions: 69->0(915)
[2025-01-08T23:37:18.913+0000][184309.279s][info][gc,heap     ] GC(6266) Survivor regions: 7->6(10)
[2025-01-08T23:37:18.913+0000][184309.279s][info][gc,heap     ] GC(6266) Old regions: 232->229
[2025-01-08T23:37:18.913+0000][184309.279s][info][gc,heap     ] GC(6266) Archive regions: 2->2
[2025-01-08T23:37:18.913+0000][184309.279s][info][gc,heap     ] GC(6266) Humongous regions: 49->49
[2025-01-08T23:37:18.913+0000][184309.279s][info][gc,metaspace] GC(6266) Metaspace: 524047K(533824K)->524047K(533824K) NonClass: 460199K(465088K)->460199K(465088K) Class: 63848K(68736K)->63848K(68736K)
[2025-01-08T23:37:18.913+0000][184309.279s][info][gc          ] GC(6266) Pause Young (Mixed) (G1 Evacuation Pause) 2854M->2267M(12288M) 62.913ms
[2025-01-08T23:37:18.913+0000][184309.279s][info][gc,cpu      ] GC(6266) User=0.37s Sys=0.00s Real=0.06s
[2025-01-08T23:37:22.290+0000][184312.657s][info][gc,start    ] GC(6267) Pause Young (Normal) (G1 Evacuation Pause)
[2025-01-08T23:37:22.291+0000][184312.657s][info][gc,task     ] GC(6267) Using 6 workers of 6 for evacuation
[2025-01-08T23:37:22.313+0000][184312.679s][info][gc,phases   ] GC(6267)   Pre Evacuate Collection Set: 0.2ms
[2025-01-08T23:37:22.313+0000][184312.679s][info][gc,phases   ] GC(6267)   Merge Heap Roots: 0.4ms
[2025-01-08T23:37:22.313+0000][184312.679s][info][gc,phases   ] GC(6267)   Evacuate Collection Set: 19.5ms
[2025-01-08T23:37:22.313+0000][184312.679s][info][gc,phases   ] GC(6267)   Post Evacuate Collection Set: 2.2ms
[2025-01-08T23:37:22.313+0000][184312.679s][info][gc,phases   ] GC(6267)   Other: 0.3ms
[2025-01-08T23:37:22.313+0000][184312.679s][info][gc,heap     ] GC(6267) Eden regions: 915->0(915)
[2025-01-08T23:37:22.313+0000][184312.679s][info][gc,heap     ] GC(6267) Survivor regions: 6->6(116)
[2025-01-08T23:37:22.313+0000][184312.679s][info][gc,heap     ] GC(6267) Old regions: 229->229
[2025-01-08T23:37:22.313+0000][184312.679s][info][gc,heap     ] GC(6267) Archive regions: 2->2
[2025-01-08T23:37:22.313+0000][184312.679s][info][gc,heap     ] GC(6267) Humongous regions: 49->49
[2025-01-08T23:37:22.313+0000][184312.679s][info][gc,metaspace] GC(6267) Metaspace: 524047K(533824K)->524047K(533824K) NonClass: 460199K(465088K)->460199K(465088K) Class: 63848K(68736K)->63848K(68736K)
[2025-01-08T23:37:22.313+0000][184312.679s][info][gc          ] GC(6267) Pause Young (Normal) (G1 Evacuation Pause) 9587M->2267M(12288M) 22.725ms
[2025-01-08T23:37:22.313+0000][184312.679s][info][gc,cpu      ] GC(6267) User=0.13s Sys=0.01s Real=0.02s
[2025-01-08T23:37:26.739+0000][184317.105s][info][gc,start    ] GC(6268) Pause Young (Normal) (G1 Evacuation Pause)
[2025-01-08T23:37:26.739+0000][184317.105s][info][gc,task     ] GC(6268) Using 6 workers of 6 for evacuation
[2025-01-08T23:37:26.764+0000][184317.130s][info][gc,phases   ] GC(6268)   Pre Evacuate Collection Set: 0.2ms
[2025-01-08T23:37:26.764+0000][184317.130s][info][gc,phases   ] GC(6268)   Merge Heap Roots: 0.4ms
[2025-01-08T23:37:26.764+0000][184317.130s][info][gc,phases   ] GC(6268)   Evacuate Collection Set: 21.7ms
[2025-01-08T23:37:26.764+0000][184317.130s][info][gc,phases   ] GC(6268)   Post Evacuate Collection Set: 2.5ms
[2025-01-08T23:37:26.764+0000][184317.130s][info][gc,phases   ] GC(6268)   Other: 0.2ms
[2025-01-08T23:37:26.764+0000][184317.130s][info][gc,heap     ] GC(6268) Eden regions: 915->0(915)
[2025-01-08T23:37:26.764+0000][184317.130s][info][gc,heap     ] GC(6268) Survivor regions: 6->6(116)
[2025-01-08T23:37:26.764+0000][184317.130s][info][gc,heap     ] GC(6268) Old regions: 229->229
[2025-01-08T23:37:26.764+0000][184317.130s][info][gc,heap     ] GC(6268) Archive regions: 2->2
[2025-01-08T23:37:26.764+0000][184317.130s][info][gc,heap     ] GC(6268) Humongous regions: 49->49
[2025-01-08T23:37:26.764+0000][184317.130s][info][gc,metaspace] GC(6268) Metaspace: 524047K(533824K)->524047K(533824K) NonClass: 460199K(465088K)->460199K(465088K) Class: 63848K(68736K)->63848K(68736K)
[2025-01-08T23:37:26.764+0000][184317.130s][info][gc          ] GC(6268) Pause Young (Normal) (G1 Evacuation Pause) 9587M->2271M(12288M) 25.084ms
[2025-01-08T23:37:26.764+0000][184317.130s][info][gc,cpu      ] GC(6268) User=0.15s Sys=0.00s Real=0.03s
[2025-01-08T23:37:36.693+0000][184327.059s][info][gc,start    ] GC(6269) Pause Young (Concurrent Start) (G1 Evacuation Pause)
[2025-01-08T23:37:36.693+0000][184327.059s][info][gc,task     ] GC(6269) Using 6 workers of 6 for evacuation
[2025-01-08T23:37:36.725+0000][184327.092s][info][gc,phases   ] GC(6269)   Pre Evacuate Collection Set: 1.1ms
[2025-01-08T23:37:36.725+0000][184327.092s][info][gc,phases   ] GC(6269)   Merge Heap Roots: 0.5ms
[2025-01-08T23:37:36.725+0000][184327.092s][info][gc,phases   ] GC(6269)   Evacuate Collection Set: 27.8ms
[2025-01-08T23:37:36.725+0000][184327.092s][info][gc,phases   ] GC(6269)   Post Evacuate Collection Set: 2.7ms
[2025-01-08T23:37:36.725+0000][184327.092s][info][gc,phases   ] GC(6269)   Other: 0.3ms
[2025-01-08T23:37:36.725+0000][184327.092s][info][gc,heap     ] GC(6269) Eden regions: 915->0(913)
[2025-01-08T23:37:36.726+0000][184327.092s][info][gc,heap     ] GC(6269) Survivor regions: 6->8(116)
[2025-01-08T23:37:36.726+0000][184327.092s][info][gc,heap     ] GC(6269) Old regions: 229->229
[2025-01-08T23:37:36.726+0000][184327.092s][info][gc,heap     ] GC(6269) Archive regions: 2->2
[2025-01-08T23:37:36.726+0000][184327.092s][info][gc,heap     ] GC(6269) Humongous regions: 49->49
[2025-01-08T23:37:36.726+0000][184327.092s][info][gc,metaspace] GC(6269) Metaspace: 524047K(533824K)->524047K(533824K) NonClass: 460199K(465088K)->460199K(465088K) Class: 63848K(68736K)->63848K(68736K)
[2025-01-08T23:37:36.726+0000][184327.092s][info][gc          ] GC(6269) Pause Young (Concurrent Start) (G1 Evacuation Pause) 9591M->2287M(12288M) 32.436ms
[2025-01-08T23:37:36.726+0000][184327.092s][info][gc,cpu      ] GC(6269) User=0.18s Sys=0.00s Real=0.03s
[2025-01-08T23:37:36.726+0000][184327.092s][info][gc          ] GC(6270) Concurrent Mark Cycle
[2025-01-08T23:37:36.726+0000][184327.092s][info][gc,marking  ] GC(6270) Concurrent Clear Claimed Marks
[2025-01-08T23:37:36.727+0000][184327.093s][info][gc,marking  ] GC(6270) Concurrent Clear Claimed Marks 0.879ms
[2025-01-08T23:37:36.727+0000][184327.093s][info][gc,marking  ] GC(6270) Concurrent Scan Root Regions
[2025-01-08T23:37:36.750+0000][184327.116s][info][gc,marking  ] GC(6270) Concurrent Scan Root Regions 23.101ms
[2025-01-08T23:37:36.750+0000][184327.116s][info][gc,marking  ] GC(6270) Concurrent Mark
[2025-01-08T23:37:36.750+0000][184327.116s][info][gc,marking  ] GC(6270) Concurrent Mark From Roots
[2025-01-08T23:37:36.750+0000][184327.116s][info][gc,task     ] GC(6270) Using 2 workers of 2 for marking
[2025-01-08T23:37:37.566+0000][184327.932s][info][gc,marking  ] GC(6270) Concurrent Mark From Roots 815.953ms
[2025-01-08T23:37:37.566+0000][184327.932s][info][gc,marking  ] GC(6270) Concurrent Preclean
[2025-01-08T23:37:37.568+0000][184327.934s][info][gc,marking  ] GC(6270) Concurrent Preclean 2.555ms
[2025-01-08T23:37:37.568+0000][184327.934s][info][gc,start    ] GC(6270) Pause Remark
[2025-01-08T23:37:37.594+0000][184327.960s][info][gc          ] GC(6270) Pause Remark 2963M->2963M(12288M) 25.304ms
[2025-01-08T23:37:37.594+0000][184327.960s][info][gc,cpu      ] GC(6270) User=0.15s Sys=0.00s Real=0.03s
[2025-01-08T23:37:37.594+0000][184327.960s][info][gc,marking  ] GC(6270) Concurrent Mark 844.209ms
[2025-01-08T23:37:37.594+0000][184327.960s][info][gc,marking  ] GC(6270) Concurrent Rebuild Remembered Sets
[2025-01-08T23:37:38.198+0000][184328.564s][info][gc,marking  ] GC(6270) Concurrent Rebuild Remembered Sets 604.220ms
[2025-01-08T23:37:38.198+0000][184328.564s][info][gc,start    ] GC(6270) Pause Cleanup
[2025-01-08T23:37:38.199+0000][184328.565s][info][gc          ] GC(6270) Pause Cleanup 3548M->3548M(12288M) 0.418ms
[2025-01-08T23:37:38.199+0000][184328.565s][info][gc,cpu      ] GC(6270) User=0.00s Sys=0.00s Real=0.00s
[2025-01-08T23:37:38.199+0000][184328.565s][info][gc,marking  ] GC(6270) Concurrent Cleanup for Next Mark
[2025-01-08T23:37:38.214+0000][184328.581s][info][gc,marking  ] GC(6270) Concurrent Cleanup for Next Mark 15.628ms
[2025-01-08T23:37:38.214+0000][184328.581s][info][gc          ] GC(6270) Concurrent Mark Cycle 1488.830ms
[2025-01-08T23:37:47.139+0000][184337.506s][info][gc,start    ] GC(6271) Pause Young (Prepare Mixed) (G1 Evacuation Pause)
[2025-01-08T23:37:47.140+0000][184337.506s][info][gc,task     ] GC(6271) Using 6 workers of 6 for evacuation
[2025-01-08T23:37:47.178+0000][184337.544s][info][gc,phases   ] GC(6271)   Pre Evacuate Collection Set: 0.2ms
[2025-01-08T23:37:47.178+0000][184337.544s][info][gc,phases   ] GC(6271)   Merge Heap Roots: 0.7ms
[2025-01-08T23:37:47.178+0000][184337.544s][info][gc,phases   ] GC(6271)   Evacuate Collection Set: 32.0ms
[2025-01-08T23:37:47.178+0000][184337.544s][info][gc,phases   ] GC(6271)   Post Evacuate Collection Set: 5.4ms
[2025-01-08T23:37:47.178+0000][184337.544s][info][gc,phases   ] GC(6271)   Other: 0.2ms
[2025-01-08T23:37:47.178+0000][184337.544s][info][gc,heap     ] GC(6271) Eden regions: 913->0(65)
[2025-01-08T23:37:47.178+0000][184337.544s][info][gc,heap     ] GC(6271) Survivor regions: 8->11(116)
[2025-01-08T23:37:47.178+0000][184337.544s][info][gc,heap     ] GC(6271) Old regions: 229->229
[2025-01-08T23:37:47.178+0000][184337.544s][info][gc,heap     ] GC(6271) Archive regions: 2->2
[2025-01-08T23:37:47.178+0000][184337.544s][info][gc,heap     ] GC(6271) Humongous regions: 49->49
[2025-01-08T23:37:47.178+0000][184337.544s][info][gc,metaspace] GC(6271) Metaspace: 524047K(533824K)->524047K(533824K) NonClass: 460199K(465088K)->460199K(465088K) Class: 63848K(68736K)->63848K(68736K)
[2025-01-08T23:37:47.178+0000][184337.544s][info][gc          ] GC(6271) Pause Young (Prepare Mixed) (G1 Evacuation Pause) 9591M->2307M(12288M) 38.573ms
[2025-01-08T23:37:47.178+0000][184337.544s][info][gc,cpu      ] GC(6271) User=0.23s Sys=0.00s Real=0.04s
[2025-01-08T23:37:47.870+0000][184338.236s][info][gc,start    ] GC(6272) Pause Young (Mixed) (G1 Evacuation Pause)
[2025-01-08T23:37:47.870+0000][184338.236s][info][gc,task     ] GC(6272) Using 6 workers of 6 for evacuation
[2025-01-08T23:37:47.954+0000][184338.320s][info][gc,phases   ] GC(6272)   Pre Evacuate Collection Set: 0.2ms
[2025-01-08T23:37:47.954+0000][184338.320s][info][gc,phases   ] GC(6272)   Merge Heap Roots: 1.0ms
[2025-01-08T23:37:47.954+0000][184338.320s][info][gc,phases   ] GC(6272)   Evacuate Collection Set: 80.2ms
[2025-01-08T23:37:47.954+0000][184338.320s][info][gc,phases   ] GC(6272)   Post Evacuate Collection Set: 2.3ms
[2025-01-08T23:37:47.954+0000][184338.320s][info][gc,phases   ] GC(6272)   Other: 0.2ms
[2025-01-08T23:37:47.954+0000][184338.320s][info][gc,heap     ] GC(6272) Eden regions: 65->0(917)
[2025-01-08T23:37:47.954+0000][184338.320s][info][gc,heap     ] GC(6272) Survivor regions: 11->4(10)
[2025-01-08T23:37:47.954+0000][184338.320s][info][gc,heap     ] GC(6272) Old regions: 229->230
[2025-01-08T23:37:47.954+0000][184338.320s][info][gc,heap     ] GC(6272) Archive regions: 2->2
[2025-01-08T23:37:47.954+0000][184338.320s][info][gc,heap     ] GC(6272) Humongous regions: 49->49
[2025-01-08T23:37:47.954+0000][184338.320s][info][gc,metaspace] GC(6272) Metaspace: 524047K(533824K)->524047K(533824K) NonClass: 460199K(465088K)->460199K(465088K) Class: 63848K(68736K)->63848K(68736K)
[2025-01-08T23:37:47.954+0000][184338.320s][info][gc          ] GC(6272) Pause Young (Mixed) (G1 Evacuation Pause) 2827M->2268M(12288M) 83.910ms
[2025-01-08T23:37:47.954+0000][184338.320s][info][gc,cpu      ] GC(6272) User=0.48s Sys=0.00s Real=0.08s
[2025-01-08T23:37:56.281+0000][184346.647s][info][gc,start    ] GC(6273) Pause Young (Normal) (G1 Evacuation Pause)
[2025-01-08T23:37:56.281+0000][184346.647s][info][gc,task     ] GC(6273) Using 6 workers of 6 for evacuation
[2025-01-08T23:37:56.304+0000][184346.671s][info][gc,phases   ] GC(6273)   Pre Evacuate Collection Set: 0.2ms
[2025-01-08T23:37:56.305+0000][184346.671s][info][gc,phases   ] GC(6273)   Merge Heap Roots: 0.4ms
[2025-01-08T23:37:56.305+0000][184346.671s][info][gc,phases   ] GC(6273)   Evacuate Collection Set: 19.2ms
[2025-01-08T23:37:56.305+0000][184346.671s][info][gc,phases   ] GC(6273)   Post Evacuate Collection Set: 3.8ms
[2025-01-08T23:37:56.305+0000][184346.671s][info][gc,phases   ] GC(6273)   Other: 0.2ms
[2025-01-08T23:37:56.305+0000][184346.671s][info][gc,heap     ] GC(6273) Eden regions: 917->0(915)
[2025-01-08T23:37:56.305+0000][184346.671s][info][gc,heap     ] GC(6273) Survivor regions: 4->6(116)
[2025-01-08T23:37:56.305+0000][184346.671s][info][gc,heap     ] GC(6273) Old regions: 230->230
[2025-01-08T23:37:56.305+0000][184346.671s][info][gc,heap     ] GC(6273) Archive regions: 2->2
[2025-01-08T23:37:56.305+0000][184346.671s][info][gc,heap     ] GC(6273) Humongous regions: 49->49
[2025-01-08T23:37:56.305+0000][184346.671s][info][gc,metaspace] GC(6273) Metaspace: 524047K(533824K)->524047K(533824K) NonClass: 460199K(465088K)->460199K(465088K) Class: 63848K(68736K)->63848K(68736K)
[2025-01-08T23:37:56.305+0000][184346.671s][info][gc          ] GC(6273) Pause Young (Normal) (G1 Evacuation Pause) 9604M->2280M(12288M) 23.948ms
[2025-01-08T23:37:56.305+0000][184346.671s][info][gc,cpu      ] GC(6273) User=0.14s Sys=0.00s Real=0.03s
[2025-01-08T23:38:01.948+0000][184352.314s][info][gc,start    ] GC(6274) Pause Young (Normal) (G1 Evacuation Pause)
[2025-01-08T23:38:01.948+0000][184352.314s][info][gc,task     ] GC(6274) Using 6 workers of 6 for evacuation
[2025-01-08T23:38:01.972+0000][184352.338s][info][gc,phases   ] GC(6274)   Pre Evacuate Collection Set: 0.2ms
[2025-01-08T23:38:01.972+0000][184352.338s][info][gc,phases   ] GC(6274)   Merge Heap Roots: 0.4ms
[2025-01-08T23:38:01.972+0000][184352.338s][info][gc,phases   ] GC(6274)   Evacuate Collection Set: 20.3ms
[2025-01-08T23:38:01.972+0000][184352.338s][info][gc,phases   ] GC(6274)   Post Evacuate Collection Set: 2.5ms
[2025-01-08T23:38:01.972+0000][184352.338s][info][gc,phases   ] GC(6274)   Other: 0.2ms
[2025-01-08T23:38:01.972+0000][184352.338s][info][gc,heap     ] GC(6274) Eden regions: 915->0(915)
[2025-01-08T23:38:01.972+0000][184352.338s][info][gc,heap     ] GC(6274) Survivor regions: 6->6(116)
[2025-01-08T23:38:01.972+0000][184352.338s][info][gc,heap     ] GC(6274) Old regions: 230->230
[2025-01-08T23:38:01.972+0000][184352.338s][info][gc,heap     ] GC(6274) Archive regions: 2->2
[2025-01-08T23:38:01.972+0000][184352.338s][info][gc,heap     ] GC(6274) Humongous regions: 49->49
[2025-01-08T23:38:01.972+0000][184352.338s][info][gc,metaspace] GC(6274) Metaspace: 524047K(533824K)->524047K(533824K) NonClass: 460199K(465088K)->460199K(465088K) Class: 63848K(68736K)->63848K(68736K)
[2025-01-08T23:38:01.972+0000][184352.338s][info][gc          ] GC(6274) Pause Young (Normal) (G1 Evacuation Pause) 9600M->2280M(12288M) 23.663ms
[2025-01-08T23:38:01.972+0000][184352.338s][info][gc,cpu      ] GC(6274) User=0.14s Sys=0.01s Real=0.03s
[2025-01-08T23:38:13.155+0000][184363.521s][info][gc,start    ] GC(6275) Pause Young (Concurrent Start) (GCLocker Initiated GC)
[2025-01-08T23:38:13.155+0000][184363.521s][info][gc,task     ] GC(6275) Using 6 workers of 6 for evacuation
[2025-01-08T23:38:13.185+0000][184363.551s][info][gc,phases   ] GC(6275)   Pre Evacuate Collection Set: 1.1ms
[2025-01-08T23:38:13.185+0000][184363.551s][info][gc,phases   ] GC(6275)   Merge Heap Roots: 0.5ms
[2025-01-08T23:38:13.185+0000][184363.552s][info][gc,phases   ] GC(6275)   Evacuate Collection Set: 25.6ms
[2025-01-08T23:38:13.185+0000][184363.552s][info][gc,phases   ] GC(6275)   Post Evacuate Collection Set: 2.6ms
[2025-01-08T23:38:13.185+0000][184363.552s][info][gc,phases   ] GC(6275)   Other: 0.3ms
[2025-01-08T23:38:13.185+0000][184363.552s][info][gc,heap     ] GC(6275) Eden regions: 915->0(914)
[2025-01-08T23:38:13.185+0000][184363.552s][info][gc,heap     ] GC(6275) Survivor regions: 6->7(116)
[2025-01-08T23:38:13.185+0000][184363.552s][info][gc,heap     ] GC(6275) Old regions: 230->230
[2025-01-08T23:38:13.185+0000][184363.552s][info][gc,heap     ] GC(6275) Archive regions: 2->2
[2025-01-08T23:38:13.185+0000][184363.552s][info][gc,heap     ] GC(6275) Humongous regions: 49->49
[2025-01-08T23:38:13.185+0000][184363.552s][info][gc,metaspace] GC(6275) Metaspace: 524047K(533824K)->524047K(533824K) NonClass: 460199K(465088K)->460199K(465088K) Class: 63848K(68736K)->63848K(68736K)
[2025-01-08T23:38:13.185+0000][184363.552s][info][gc          ] GC(6275) Pause Young (Concurrent Start) (GCLocker Initiated GC) 9600M->2293M(12288M) 30.198ms
[2025-01-08T23:38:13.186+0000][184363.552s][info][gc,cpu      ] GC(6275) User=0.17s Sys=0.00s Real=0.03s
[2025-01-08T23:38:13.186+0000][184363.552s][info][gc          ] GC(6276) Concurrent Mark Cycle
[2025-01-08T23:38:13.186+0000][184363.552s][info][gc,marking  ] GC(6276) Concurrent Clear Claimed Marks
[2025-01-08T23:38:13.187+0000][184363.553s][info][gc,marking  ] GC(6276) Concurrent Clear Claimed Marks 0.939ms
[2025-01-08T23:38:13.187+0000][184363.553s][info][gc,marking  ] GC(6276) Concurrent Scan Root Regions
[2025-01-08T23:38:13.211+0000][184363.577s][info][gc,marking  ] GC(6276) Concurrent Scan Root Regions 24.701ms
[2025-01-08T23:38:13.211+0000][184363.577s][info][gc,marking  ] GC(6276) Concurrent Mark
[2025-01-08T23:38:13.211+0000][184363.577s][info][gc,marking  ] GC(6276) Concurrent Mark From Roots
[2025-01-08T23:38:13.211+0000][184363.577s][info][gc,task     ] GC(6276) Using 2 workers of 2 for marking
[2025-01-08T23:38:14.067+0000][184364.433s][info][gc,marking  ] GC(6276) Concurrent Mark From Roots 855.921ms
[2025-01-08T23:38:14.067+0000][184364.433s][info][gc,marking  ] GC(6276) Concurrent Preclean
[2025-01-08T23:38:14.071+0000][184364.437s][info][gc,marking  ] GC(6276) Concurrent Preclean 3.474ms
[2025-01-08T23:38:14.071+0000][184364.437s][info][gc,start    ] GC(6276) Pause Remark
[2025-01-08T23:38:14.096+0000][184364.463s][info][gc          ] GC(6276) Pause Remark 2945M->2945M(12288M) 25.620ms
[2025-01-08T23:38:14.097+0000][184364.463s][info][gc,cpu      ] GC(6276) User=0.15s Sys=0.00s Real=0.02s
[2025-01-08T23:38:14.097+0000][184364.463s][info][gc,marking  ] GC(6276) Concurrent Mark 885.376ms
[2025-01-08T23:38:14.097+0000][184364.463s][info][gc,marking  ] GC(6276) Concurrent Rebuild Remembered Sets
[2025-01-08T23:38:14.588+0000][184364.954s][info][gc,marking  ] GC(6276) Concurrent Rebuild Remembered Sets 490.857ms
[2025-01-08T23:38:14.588+0000][184364.954s][info][gc,start    ] GC(6276) Pause Cleanup
[2025-01-08T23:38:14.588+0000][184364.954s][info][gc          ] GC(6276) Pause Cleanup 3261M->3261M(12288M) 0.387ms
[2025-01-08T23:38:14.588+0000][184364.954s][info][gc,cpu      ] GC(6276) User=0.00s Sys=0.00s Real=0.00s
[2025-01-08T23:38:14.588+0000][184364.954s][info][gc,marking  ] GC(6276) Concurrent Cleanup for Next Mark
[2025-01-08T23:38:14.604+0000][184364.970s][info][gc,marking  ] GC(6276) Concurrent Cleanup for Next Mark 15.493ms
[2025-01-08T23:38:14.604+0000][184364.970s][info][gc          ] GC(6276) Concurrent Mark Cycle 1418.170ms
[2025-01-08T23:38:22.213+0000][184372.579s][info][gc,start    ] GC(6277) Pause Young (Prepare Mixed) (G1 Evacuation Pause)
[2025-01-08T23:38:22.213+0000][184372.579s][info][gc,task     ] GC(6277) Using 6 workers of 6 for evacuation
[2025-01-08T23:38:22.247+0000][184372.613s][info][gc,phases   ] GC(6277)   Pre Evacuate Collection Set: 0.2ms
[2025-01-08T23:38:22.247+0000][184372.613s][info][gc,phases   ] GC(6277)   Merge Heap Roots: 0.7ms
[2025-01-08T23:38:22.247+0000][184372.613s][info][gc,phases   ] GC(6277)   Evacuate Collection Set: 30.0ms
[2025-01-08T23:38:22.247+0000][184372.613s][info][gc,phases   ] GC(6277)   Post Evacuate Collection Set: 2.6ms
[2025-01-08T23:38:22.247+0000][184372.613s][info][gc,phases   ] GC(6277)   Other: 0.2ms
[2025-01-08T23:38:22.247+0000][184372.613s][info][gc,heap     ] GC(6277) Eden regions: 914->0(67)
[2025-01-08T23:38:22.247+0000][184372.613s][info][gc,heap     ] GC(6277) Survivor regions: 7->9(116)
[2025-01-08T23:38:22.247+0000][184372.613s][info][gc,heap     ] GC(6277) Old regions: 230->230
[2025-01-08T23:38:22.247+0000][184372.613s][info][gc,heap     ] GC(6277) Archive regions: 2->2
[2025-01-08T23:38:22.247+0000][184372.613s][info][gc,heap     ] GC(6277) Humongous regions: 49->49
[2025-01-08T23:38:22.247+0000][184372.613s][info][gc,metaspace] GC(6277) Metaspace: 524047K(533824K)->524047K(533824K) NonClass: 460199K(465088K)->460199K(465088K) Class: 63848K(68736K)->63848K(68736K)
[2025-01-08T23:38:22.247+0000][184372.613s][info][gc          ] GC(6277) Pause Young (Prepare Mixed) (G1 Evacuation Pause) 9605M->2305M(12288M) 33.834ms
[2025-01-08T23:38:22.247+0000][184372.613s][info][gc,cpu      ] GC(6277) User=0.20s Sys=0.00s Real=0.03s
[2025-01-08T23:38:22.809+0000][184373.175s][info][gc,start    ] GC(6278) Pause Young (Mixed) (G1 Evacuation Pause)
[2025-01-08T23:38:22.809+0000][184373.175s][info][gc,task     ] GC(6278) Using 6 workers of 6 for evacuation
[2025-01-08T23:38:22.866+0000][184373.232s][info][gc,phases   ] GC(6278)   Pre Evacuate Collection Set: 0.2ms
[2025-01-08T23:38:22.866+0000][184373.232s][info][gc,phases   ] GC(6278)   Merge Heap Roots: 0.6ms
[2025-01-08T23:38:22.866+0000][184373.232s][info][gc,phases   ] GC(6278)   Evacuate Collection Set: 54.8ms
[2025-01-08T23:38:22.866+0000][184373.232s][info][gc,phases   ] GC(6278)   Post Evacuate Collection Set: 1.7ms
[2025-01-08T23:38:22.866+0000][184373.232s][info][gc,phases   ] GC(6278)   Other: 0.2ms
[2025-01-08T23:38:22.866+0000][184373.232s][info][gc,heap     ] GC(6278) Eden regions: 67->0(916)
[2025-01-08T23:38:22.866+0000][184373.232s][info][gc,heap     ] GC(6278) Survivor regions: 9->5(10)
[2025-01-08T23:38:22.866+0000][184373.232s][info][gc,heap     ] GC(6278) Old regions: 230->229
[2025-01-08T23:38:22.866+0000][184373.232s][info][gc,heap     ] GC(6278) Archive regions: 2->2
[2025-01-08T23:38:22.866+0000][184373.232s][info][gc,heap     ] GC(6278) Humongous regions: 49->49
[2025-01-08T23:38:22.866+0000][184373.232s][info][gc,metaspace] GC(6278) Metaspace: 524047K(533824K)->524047K(533824K) NonClass: 460199K(465088K)->460199K(465088K) Class: 63848K(68736K)->63848K(68736K)
[2025-01-08T23:38:22.866+0000][184373.232s][info][gc          ] GC(6278) Pause Young (Mixed) (G1 Evacuation Pause) 2841M->2270M(12288M) 57.573ms
[2025-01-08T23:38:22.866+0000][184373.232s][info][gc,cpu      ] GC(6278) User=0.33s Sys=0.00s Real=0.06s
[2025-01-08T23:38:30.759+0000][184381.125s][info][gc,start    ] GC(6279) Pause Young (Normal) (G1 Evacuation Pause)
[2025-01-08T23:38:30.759+0000][184381.125s][info][gc,task     ] GC(6279) Using 6 workers of 6 for evacuation
[2025-01-08T23:38:30.789+0000][184381.155s][info][gc,phases   ] GC(6279)   Pre Evacuate Collection Set: 0.2ms
[2025-01-08T23:38:30.789+0000][184381.155s][info][gc,phases   ] GC(6279)   Merge Heap Roots: 0.4ms
[2025-01-08T23:38:30.789+0000][184381.155s][info][gc,phases   ] GC(6279)   Evacuate Collection Set: 26.7ms
[2025-01-08T23:38:30.789+0000][184381.155s][info][gc,phases   ] GC(6279)   Post Evacuate Collection Set: 2.6ms
[2025-01-08T23:38:30.789+0000][184381.155s][info][gc,phases   ] GC(6279)   Other: 0.2ms
[2025-01-08T23:38:30.789+0000][184381.155s][info][gc,heap     ] GC(6279) Eden regions: 916->0(914)
[2025-01-08T23:38:30.789+0000][184381.155s][info][gc,heap     ] GC(6279) Survivor regions: 5->7(116)
[2025-01-08T23:38:30.789+0000][184381.155s][info][gc,heap     ] GC(6279) Old regions: 229->229
[2025-01-08T23:38:30.789+0000][184381.155s][info][gc,heap     ] GC(6279) Archive regions: 2->2
[2025-01-08T23:38:30.789+0000][184381.155s][info][gc,heap     ] GC(6279) Humongous regions: 49->49
[2025-01-08T23:38:30.789+0000][184381.155s][info][gc,metaspace] GC(6279) Metaspace: 524047K(533824K)->524047K(533824K) NonClass: 460199K(465088K)->460199K(465088K) Class: 63848K(68736K)->63848K(68736K)
[2025-01-08T23:38:30.789+0000][184381.155s][info][gc          ] GC(6279) Pause Young (Normal) (G1 Evacuation Pause) 9598M->2286M(12288M) 30.222ms
[2025-01-08T23:38:30.789+0000][184381.155s][info][gc,cpu      ] GC(6279) User=0.18s Sys=0.00s Real=0.03s
[2025-01-08T23:38:39.375+0000][184389.741s][info][gc,start    ] GC(6280) Pause Young (Normal) (G1 Evacuation Pause)
[2025-01-08T23:38:39.375+0000][184389.741s][info][gc,task     ] GC(6280) Using 6 workers of 6 for evacuation
[2025-01-08T23:38:39.408+0000][184389.774s][info][gc,phases   ] GC(6280)   Pre Evacuate Collection Set: 0.2ms
[2025-01-08T23:38:39.408+0000][184389.774s][info][gc,phases   ] GC(6280)   Merge Heap Roots: 0.5ms
[2025-01-08T23:38:39.408+0000][184389.774s][info][gc,phases   ] GC(6280)   Evacuate Collection Set: 26.9ms
[2025-01-08T23:38:39.408+0000][184389.774s][info][gc,phases   ] GC(6280)   Post Evacuate Collection Set: 5.3ms
[2025-01-08T23:38:39.408+0000][184389.774s][info][gc,phases   ] GC(6280)   Other: 0.2ms
[2025-01-08T23:38:39.408+0000][184389.774s][info][gc,heap     ] GC(6280) Eden regions: 914->0(912)
[2025-01-08T23:38:39.408+0000][184389.774s][info][gc,heap     ] GC(6280) Survivor regions: 7->9(116)
[2025-01-08T23:38:39.408+0000][184389.774s][info][gc,heap     ] GC(6280) Old regions: 229->229
[2025-01-08T23:38:39.408+0000][184389.774s][info][gc,heap     ] GC(6280) Archive regions: 2->2
[2025-01-08T23:38:39.408+0000][184389.774s][info][gc,heap     ] GC(6280) Humongous regions: 49->49
[2025-01-08T23:38:39.408+0000][184389.774s][info][gc,metaspace] GC(6280) Metaspace: 524047K(533824K)->524047K(533824K) NonClass: 460199K(465088K)->460199K(465088K) Class: 63848K(68736K)->63848K(68736K)
[2025-01-08T23:38:39.408+0000][184389.774s][info][gc          ] GC(6280) Pause Young (Normal) (G1 Evacuation Pause) 9598M->2300M(12288M) 33.129ms
[2025-01-08T23:38:39.408+0000][184389.774s][info][gc,cpu      ] GC(6280) User=0.19s Sys=0.00s Real=0.03s
[2025-01-08T23:38:47.944+0000][184398.311s][info][gc,start    ] GC(6281) Pause Young (Concurrent Start) (G1 Evacuation Pause)
[2025-01-08T23:38:47.944+0000][184398.311s][info][gc,task     ] GC(6281) Using 6 workers of 6 for evacuation
[2025-01-08T23:38:47.980+0000][184398.346s][info][gc,phases   ] GC(6281)   Pre Evacuate Collection Set: 1.1ms
[2025-01-08T23:38:47.980+0000][184398.346s][info][gc,phases   ] GC(6281)   Merge Heap Roots: 0.5ms
[2025-01-08T23:38:47.980+0000][184398.346s][info][gc,phases   ] GC(6281)   Evacuate Collection Set: 30.7ms
[2025-01-08T23:38:47.980+0000][184398.346s][info][gc,phases   ] GC(6281)   Post Evacuate Collection Set: 2.7ms
[2025-01-08T23:38:47.980+0000][184398.346s][info][gc,phases   ] GC(6281)   Other: 0.3ms
[2025-01-08T23:38:47.980+0000][184398.346s][info][gc,heap     ] GC(6281) Eden regions: 912->0(911)
[2025-01-08T23:38:47.980+0000][184398.346s][info][gc,heap     ] GC(6281) Survivor regions: 9->10(116)
[2025-01-08T23:38:47.980+0000][184398.346s][info][gc,heap     ] GC(6281) Old regions: 229->229
[2025-01-08T23:38:47.980+0000][184398.346s][info][gc,heap     ] GC(6281) Archive regions: 2->2
[2025-01-08T23:38:47.980+0000][184398.346s][info][gc,heap     ] GC(6281) Humongous regions: 49->49
[2025-01-08T23:38:47.980+0000][184398.346s][info][gc,metaspace] GC(6281) Metaspace: 524047K(533824K)->524047K(533824K) NonClass: 460199K(465088K)->460199K(465088K) Class: 63848K(68736K)->63848K(68736K)
[2025-01-08T23:38:47.980+0000][184398.346s][info][gc          ] GC(6281) Pause Young (Concurrent Start) (G1 Evacuation Pause) 9596M->2306M(12288M) 35.382ms
[2025-01-08T23:38:47.980+0000][184398.346s][info][gc,cpu      ] GC(6281) User=0.20s Sys=0.00s Real=0.03s
[2025-01-08T23:38:47.980+0000][184398.346s][info][gc          ] GC(6282) Concurrent Mark Cycle
[2025-01-08T23:38:47.980+0000][184398.346s][info][gc,marking  ] GC(6282) Concurrent Clear Claimed Marks
[2025-01-08T23:38:47.981+0000][184398.347s][info][gc,marking  ] GC(6282) Concurrent Clear Claimed Marks 0.921ms
[2025-01-08T23:38:47.981+0000][184398.347s][info][gc,marking  ] GC(6282) Concurrent Scan Root Regions
[2025-01-08T23:38:48.003+0000][184398.369s][info][gc,marking  ] GC(6282) Concurrent Scan Root Regions 21.898ms
[2025-01-08T23:38:48.003+0000][184398.369s][info][gc,marking  ] GC(6282) Concurrent Mark
[2025-01-08T23:38:48.003+0000][184398.369s][info][gc,marking  ] GC(6282) Concurrent Mark From Roots
[2025-01-08T23:38:48.003+0000][184398.369s][info][gc,task     ] GC(6282) Using 2 workers of 2 for marking
[2025-01-08T23:38:48.845+0000][184399.211s][info][gc,marking  ] GC(6282) Concurrent Mark From Roots 842.151ms
[2025-01-08T23:38:48.845+0000][184399.211s][info][gc,marking  ] GC(6282) Concurrent Preclean
[2025-01-08T23:38:48.849+0000][184399.215s][info][gc,marking  ] GC(6282) Concurrent Preclean 3.592ms
[2025-01-08T23:38:48.849+0000][184399.215s][info][gc,start    ] GC(6282) Pause Remark
[2025-01-08T23:38:48.877+0000][184399.243s][info][gc          ] GC(6282) Pause Remark 3202M->3202M(12288M) 28.179ms
[2025-01-08T23:38:48.877+0000][184399.243s][info][gc,cpu      ] GC(6282) User=0.15s Sys=0.00s Real=0.03s
[2025-01-08T23:38:48.877+0000][184399.243s][info][gc,marking  ] GC(6282) Concurrent Mark 874.290ms
[2025-01-08T23:38:48.877+0000][184399.243s][info][gc,marking  ] GC(6282) Concurrent Rebuild Remembered Sets
[2025-01-08T23:38:49.420+0000][184399.786s][info][gc,marking  ] GC(6282) Concurrent Rebuild Remembered Sets 542.888ms
[2025-01-08T23:38:49.420+0000][184399.786s][info][gc,start    ] GC(6282) Pause Cleanup
[2025-01-08T23:38:49.421+0000][184399.787s][info][gc          ] GC(6282) Pause Cleanup 3686M->3686M(12288M) 0.382ms
[2025-01-08T23:38:49.421+0000][184399.787s][info][gc,cpu      ] GC(6282) User=0.00s Sys=0.00s Real=0.00s
[2025-01-08T23:38:49.421+0000][184399.787s][info][gc,marking  ] GC(6282) Concurrent Cleanup for Next Mark
[2025-01-08T23:38:49.436+0000][184399.802s][info][gc,marking  ] GC(6282) Concurrent Cleanup for Next Mark 15.690ms
[2025-01-08T23:38:49.436+0000][184399.803s][info][gc          ] GC(6282) Concurrent Mark Cycle 1456.535ms
[2025-01-08T23:38:55.401+0000][184405.767s][info][gc,start    ] GC(6283) Pause Young (Prepare Mixed) (G1 Evacuation Pause)
[2025-01-08T23:38:55.401+0000][184405.767s][info][gc,task     ] GC(6283) Using 6 workers of 6 for evacuation
[2025-01-08T23:38:55.439+0000][184405.805s][info][gc,phases   ] GC(6283)   Pre Evacuate Collection Set: 0.2ms
[2025-01-08T23:38:55.439+0000][184405.805s][info][gc,phases   ] GC(6283)   Merge Heap Roots: 0.7ms
[2025-01-08T23:38:55.439+0000][184405.805s][info][gc,phases   ] GC(6283)   Evacuate Collection Set: 33.2ms
[2025-01-08T23:38:55.439+0000][184405.805s][info][gc,phases   ] GC(6283)   Post Evacuate Collection Set: 3.9ms
[2025-01-08T23:38:55.439+0000][184405.805s][info][gc,phases   ] GC(6283)   Other: 0.2ms
[2025-01-08T23:38:55.439+0000][184405.805s][info][gc,heap     ] GC(6283) Eden regions: 911->0(65)
[2025-01-08T23:38:55.439+0000][184405.805s][info][gc,heap     ] GC(6283) Survivor regions: 10->11(116)
[2025-01-08T23:38:55.439+0000][184405.805s][info][gc,heap     ] GC(6283) Old regions: 229->229
[2025-01-08T23:38:55.439+0000][184405.805s][info][gc,heap     ] GC(6283) Archive regions: 2->2
[2025-01-08T23:38:55.439+0000][184405.805s][info][gc,heap     ] GC(6283) Humongous regions: 49->49
[2025-01-08T23:38:55.439+0000][184405.805s][info][gc,metaspace] GC(6283) Metaspace: 524047K(533824K)->524047K(533824K) NonClass: 460199K(465088K)->460199K(465088K) Class: 63848K(68736K)->63848K(68736K)
[2025-01-08T23:38:55.439+0000][184405.805s][info][gc          ] GC(6283) Pause Young (Prepare Mixed) (G1 Evacuation Pause) 9594M->2316M(12288M) 38.283ms
[2025-01-08T23:38:55.439+0000][184405.805s][info][gc,cpu      ] GC(6283) User=0.22s Sys=0.00s Real=0.04s
[2025-01-08T23:38:55.768+0000][184406.134s][info][gc,start    ] GC(6284) Pause Young (Mixed) (G1 Evacuation Pause)
[2025-01-08T23:38:55.768+0000][184406.134s][info][gc,task     ] GC(6284) Using 6 workers of 6 for evacuation
[2025-01-08T23:38:55.833+0000][184406.199s][info][gc,phases   ] GC(6284)   Pre Evacuate Collection Set: 0.2ms
[2025-01-08T23:38:55.833+0000][184406.199s][info][gc,phases   ] GC(6284)   Merge Heap Roots: 0.7ms
[2025-01-08T23:38:55.833+0000][184406.199s][info][gc,phases   ] GC(6284)   Evacuate Collection Set: 61.9ms
[2025-01-08T23:38:55.833+0000][184406.199s][info][gc,phases   ] GC(6284)   Post Evacuate Collection Set: 1.8ms
[2025-01-08T23:38:55.833+0000][184406.199s][info][gc,phases   ] GC(6284)   Other: 0.2ms
[2025-01-08T23:38:55.833+0000][184406.199s][info][gc,heap     ] GC(6284) Eden regions: 65->0(916)
[2025-01-08T23:38:55.833+0000][184406.199s][info][gc,heap     ] GC(6284) Survivor regions: 11->5(10)
[2025-01-08T23:38:55.833+0000][184406.199s][info][gc,heap     ] GC(6284) Old regions: 229->232
[2025-01-08T23:38:55.833+0000][184406.199s][info][gc,heap     ] GC(6284) Archive regions: 2->2
[2025-01-08T23:38:55.833+0000][184406.199s][info][gc,heap     ] GC(6284) Humongous regions: 49->49
[2025-01-08T23:38:55.833+0000][184406.199s][info][gc,metaspace] GC(6284) Metaspace: 524047K(533824K)->524047K(533824K) NonClass: 460199K(465088K)->460199K(465088K) Class: 63848K(68736K)->63848K(68736K)
[2025-01-08T23:38:55.833+0000][184406.199s][info][gc          ] GC(6284) Pause Young (Mixed) (G1 Evacuation Pause) 2836M->2285M(12288M) 64.778ms
[2025-01-08T23:38:55.833+0000][184406.199s][info][gc,cpu      ] GC(6284) User=0.38s Sys=0.00s Real=0.07s
[2025-01-08T23:39:04.030+0000][184414.396s][info][gc,start    ] GC(6285) Pause Young (Normal) (G1 Evacuation Pause)
[2025-01-08T23:39:04.030+0000][184414.396s][info][gc,task     ] GC(6285) Using 6 workers of 6 for evacuation
[2025-01-08T23:39:04.060+0000][184414.426s][info][gc,phases   ] GC(6285)   Pre Evacuate Collection Set: 0.2ms
[2025-01-08T23:39:04.060+0000][184414.426s][info][gc,phases   ] GC(6285)   Merge Heap Roots: 0.5ms
[2025-01-08T23:39:04.060+0000][184414.426s][info][gc,phases   ] GC(6285)   Evacuate Collection Set: 26.5ms
[2025-01-08T23:39:04.060+0000][184414.426s][info][gc,phases   ] GC(6285)   Post Evacuate Collection Set: 2.8ms
[2025-01-08T23:39:04.060+0000][184414.426s][info][gc,phases   ] GC(6285)   Other: 0.2ms
[2025-01-08T23:39:04.060+0000][184414.426s][info][gc,heap     ] GC(6285) Eden regions: 916->0(915)
[2025-01-08T23:39:04.060+0000][184414.426s][info][gc,heap     ] GC(6285) Survivor regions: 5->6(116)
[2025-01-08T23:39:04.060+0000][184414.426s][info][gc,heap     ] GC(6285) Old regions: 232->232
[2025-01-08T23:39:04.060+0000][184414.426s][info][gc,heap     ] GC(6285) Archive regions: 2->2
[2025-01-08T23:39:04.060+0000][184414.426s][info][gc,heap     ] GC(6285) Humongous regions: 49->49
[2025-01-08T23:39:04.060+0000][184414.426s][info][gc,metaspace] GC(6285) Metaspace: 524047K(533824K)->524047K(533824K) NonClass: 460199K(465088K)->460199K(465088K) Class: 63848K(68736K)->63848K(68736K)
[2025-01-08T23:39:04.060+0000][184414.426s][info][gc          ] GC(6285) Pause Young (Normal) (G1 Evacuation Pause) 9613M->2296M(12288M) 30.191ms
[2025-01-08T23:39:04.060+0000][184414.426s][info][gc,cpu      ] GC(6285) User=0.18s Sys=0.00s Real=0.02s
[2025-01-08T23:39:12.971+0000][184423.337s][info][gc,start    ] GC(6286) Pause Young (Normal) (G1 Evacuation Pause)
[2025-01-08T23:39:12.971+0000][184423.337s][info][gc,task     ] GC(6286) Using 6 workers of 6 for evacuation
[2025-01-08T23:39:13.000+0000][184423.366s][info][gc,phases   ] GC(6286)   Pre Evacuate Collection Set: 0.2ms
[2025-01-08T23:39:13.000+0000][184423.367s][info][gc,phases   ] GC(6286)   Merge Heap Roots: 0.4ms
[2025-01-08T23:39:13.000+0000][184423.367s][info][gc,phases   ] GC(6286)   Evacuate Collection Set: 25.8ms
[2025-01-08T23:39:13.000+0000][184423.367s][info][gc,phases   ] GC(6286)   Post Evacuate Collection Set: 2.6ms
[2025-01-08T23:39:13.000+0000][184423.367s][info][gc,phases   ] GC(6286)   Other: 0.2ms
[2025-01-08T23:39:13.000+0000][184423.367s][info][gc,heap     ] GC(6286) Eden regions: 915->0(913)
[2025-01-08T23:39:13.000+0000][184423.367s][info][gc,heap     ] GC(6286) Survivor regions: 6->8(116)
[2025-01-08T23:39:13.000+0000][184423.367s][info][gc,heap     ] GC(6286) Old regions: 232->232
[2025-01-08T23:39:13.000+0000][184423.367s][info][gc,heap     ] GC(6286) Archive regions: 2->2
[2025-01-08T23:39:13.000+0000][184423.367s][info][gc,heap     ] GC(6286) Humongous regions: 49->49
[2025-01-08T23:39:13.000+0000][184423.367s][info][gc,metaspace] GC(6286) Metaspace: 524047K(533824K)->524047K(533824K) NonClass: 460199K(465088K)->460199K(465088K) Class: 63848K(68736K)->63848K(68736K)
[2025-01-08T23:39:13.000+0000][184423.367s][info][gc          ] GC(6286) Pause Young (Normal) (G1 Evacuation Pause) 9616M->2308M(12288M) 29.254ms
[2025-01-08T23:39:13.001+0000][184423.367s][info][gc,cpu      ] GC(6286) User=0.17s Sys=0.00s Real=0.02s
[2025-01-08T23:39:21.846+0000][184432.212s][info][gc,start    ] GC(6287) Pause Young (Concurrent Start) (G1 Evacuation Pause)
[2025-01-08T23:39:21.846+0000][184432.212s][info][gc,task     ] GC(6287) Using 6 workers of 6 for evacuation
[2025-01-08T23:39:21.884+0000][184432.250s][info][gc,phases   ] GC(6287)   Pre Evacuate Collection Set: 1.1ms
[2025-01-08T23:39:21.884+0000][184432.250s][info][gc,phases   ] GC(6287)   Merge Heap Roots: 0.5ms
[2025-01-08T23:39:21.884+0000][184432.250s][info][gc,phases   ] GC(6287)   Evacuate Collection Set: 33.4ms
[2025-01-08T23:39:21.884+0000][184432.250s][info][gc,phases   ] GC(6287)   Post Evacuate Collection Set: 2.6ms
[2025-01-08T23:39:21.884+0000][184432.250s][info][gc,phases   ] GC(6287)   Other: 0.3ms
[2025-01-08T23:39:21.884+0000][184432.250s][info][gc,heap     ] GC(6287) Eden regions: 913->0(911)
[2025-01-08T23:39:21.884+0000][184432.250s][info][gc,heap     ] GC(6287) Survivor regions: 8->10(116)
[2025-01-08T23:39:21.884+0000][184432.250s][info][gc,heap     ] GC(6287) Old regions: 232->232
[2025-01-08T23:39:21.884+0000][184432.250s][info][gc,heap     ] GC(6287) Archive regions: 2->2
[2025-01-08T23:39:21.884+0000][184432.250s][info][gc,heap     ] GC(6287) Humongous regions: 49->49
[2025-01-08T23:39:21.884+0000][184432.250s][info][gc,metaspace] GC(6287) Metaspace: 524047K(533824K)->524047K(533824K) NonClass: 460199K(465088K)->460199K(465088K) Class: 63848K(68736K)->63848K(68736K)
[2025-01-08T23:39:21.884+0000][184432.250s][info][gc          ] GC(6287) Pause Young (Concurrent Start) (G1 Evacuation Pause) 9612M->2325M(12288M) 38.014ms
[2025-01-08T23:39:21.884+0000][184432.250s][info][gc,cpu      ] GC(6287) User=0.21s Sys=0.00s Real=0.04s
[2025-01-08T23:39:21.884+0000][184432.250s][info][gc          ] GC(6288) Concurrent Mark Cycle
[2025-01-08T23:39:21.884+0000][184432.250s][info][gc,marking  ] GC(6288) Concurrent Clear Claimed Marks
[2025-01-08T23:39:21.885+0000][184432.251s][info][gc,marking  ] GC(6288) Concurrent Clear Claimed Marks 0.920ms
[2025-01-08T23:39:21.885+0000][184432.251s][info][gc,marking  ] GC(6288) Concurrent Scan Root Regions
[2025-01-08T23:39:21.910+0000][184432.276s][info][gc,marking  ] GC(6288) Concurrent Scan Root Regions 24.644ms
[2025-01-08T23:39:21.910+0000][184432.276s][info][gc,marking  ] GC(6288) Concurrent Mark
[2025-01-08T23:39:21.910+0000][184432.276s][info][gc,marking  ] GC(6288) Concurrent Mark From Roots
[2025-01-08T23:39:21.910+0000][184432.276s][info][gc,task     ] GC(6288) Using 2 workers of 2 for marking
[2025-01-08T23:39:22.665+0000][184433.031s][info][gc,marking  ] GC(6288) Concurrent Mark From Roots 755.314ms
[2025-01-08T23:39:22.665+0000][184433.031s][info][gc,marking  ] GC(6288) Concurrent Preclean
[2025-01-08T23:39:22.668+0000][184433.034s][info][gc,marking  ] GC(6288) Concurrent Preclean 2.743ms
[2025-01-08T23:39:22.668+0000][184433.034s][info][gc,start    ] GC(6288) Pause Remark
[2025-01-08T23:39:22.694+0000][184433.060s][info][gc          ] GC(6288) Pause Remark 2502M->2502M(12288M) 25.932ms
[2025-01-08T23:39:22.694+0000][184433.060s][info][gc,cpu      ] GC(6288) User=0.15s Sys=0.00s Real=0.03s
[2025-01-08T23:39:22.694+0000][184433.060s][info][gc,marking  ] GC(6288) Concurrent Mark 784.341ms
[2025-01-08T23:39:22.694+0000][184433.060s][info][gc,marking  ] GC(6288) Concurrent Rebuild Remembered Sets
[2025-01-08T23:39:23.276+0000][184433.642s][info][gc,marking  ] GC(6288) Concurrent Rebuild Remembered Sets 581.665ms
[2025-01-08T23:39:23.276+0000][184433.642s][info][gc,start    ] GC(6288) Pause Cleanup
[2025-01-08T23:39:23.276+0000][184433.643s][info][gc          ] GC(6288) Pause Cleanup 3073M->3073M(12288M) 0.461ms
[2025-01-08T23:39:23.276+0000][184433.643s][info][gc,cpu      ] GC(6288) User=0.00s Sys=0.00s Real=0.00s
[2025-01-08T23:39:23.277+0000][184433.643s][info][gc,marking  ] GC(6288) Concurrent Cleanup for Next Mark
[2025-01-08T23:39:23.292+0000][184433.658s][info][gc,marking  ] GC(6288) Concurrent Cleanup for Next Mark 15.596ms
[2025-01-08T23:39:23.292+0000][184433.658s][info][gc          ] GC(6288) Concurrent Mark Cycle 1408.089ms
[2025-01-08T23:39:28.609+0000][184438.975s][info][gc,start    ] GC(6289) Pause Young (Prepare Mixed) (G1 Evacuation Pause)
[2025-01-08T23:39:28.609+0000][184438.975s][info][gc,task     ] GC(6289) Using 6 workers of 6 for evacuation
[2025-01-08T23:39:28.646+0000][184439.012s][info][gc,phases   ] GC(6289)   Pre Evacuate Collection Set: 0.2ms
[2025-01-08T23:39:28.646+0000][184439.012s][info][gc,phases   ] GC(6289)   Merge Heap Roots: 0.7ms
[2025-01-08T23:39:28.646+0000][184439.012s][info][gc,phases   ] GC(6289)   Evacuate Collection Set: 33.1ms
[2025-01-08T23:39:28.646+0000][184439.012s][info][gc,phases   ] GC(6289)   Post Evacuate Collection Set: 2.7ms
[2025-01-08T23:39:28.646+0000][184439.012s][info][gc,phases   ] GC(6289)   Other: 0.2ms
[2025-01-08T23:39:28.646+0000][184439.012s][info][gc,heap     ] GC(6289) Eden regions: 911->0(66)
[2025-01-08T23:39:28.646+0000][184439.012s][info][gc,heap     ] GC(6289) Survivor regions: 10->10(116)
[2025-01-08T23:39:28.646+0000][184439.012s][info][gc,heap     ] GC(6289) Old regions: 232->232
[2025-01-08T23:39:28.646+0000][184439.012s][info][gc,heap     ] GC(6289) Archive regions: 2->2
[2025-01-08T23:39:28.646+0000][184439.012s][info][gc,heap     ] GC(6289) Humongous regions: 49->49
[2025-01-08T23:39:28.646+0000][184439.012s][info][gc,metaspace] GC(6289) Metaspace: 524047K(533824K)->524047K(533824K) NonClass: 460199K(465088K)->460199K(465088K) Class: 63848K(68736K)->63848K(68736K)
[2025-01-08T23:39:28.646+0000][184439.012s][info][gc          ] GC(6289) Pause Young (Prepare Mixed) (G1 Evacuation Pause) 9613M->2328M(12288M) 36.993ms
[2025-01-08T23:39:28.646+0000][184439.012s][info][gc,cpu      ] GC(6289) User=0.21s Sys=0.00s Real=0.04s
[2025-01-08T23:39:29.026+0000][184439.392s][info][gc,start    ] GC(6290) Pause Young (Mixed) (G1 Evacuation Pause)
[2025-01-08T23:39:29.026+0000][184439.392s][info][gc,task     ] GC(6290) Using 6 workers of 6 for evacuation
[2025-01-08T23:39:29.078+0000][184439.444s][info][gc,phases   ] GC(6290)   Pre Evacuate Collection Set: 0.2ms
[2025-01-08T23:39:29.078+0000][184439.444s][info][gc,phases   ] GC(6290)   Merge Heap Roots: 0.5ms
[2025-01-08T23:39:29.078+0000][184439.444s][info][gc,phases   ] GC(6290)   Evacuate Collection Set: 49.8ms
[2025-01-08T23:39:29.078+0000][184439.444s][info][gc,phases   ] GC(6290)   Post Evacuate Collection Set: 1.6ms
[2025-01-08T23:39:29.078+0000][184439.444s][info][gc,phases   ] GC(6290)   Other: 0.2ms
[2025-01-08T23:39:29.078+0000][184439.444s][info][gc,heap     ] GC(6290) Eden regions: 66->0(915)
[2025-01-08T23:39:29.078+0000][184439.444s][info][gc,heap     ] GC(6290) Survivor regions: 10->6(10)
[2025-01-08T23:39:29.078+0000][184439.444s][info][gc,heap     ] GC(6290) Old regions: 232->231
[2025-01-08T23:39:29.078+0000][184439.444s][info][gc,heap     ] GC(6290) Archive regions: 2->2
[2025-01-08T23:39:29.078+0000][184439.444s][info][gc,heap     ] GC(6290) Humongous regions: 49->49
[2025-01-08T23:39:29.078+0000][184439.444s][info][gc,metaspace] GC(6290) Metaspace: 524047K(533824K)->524047K(533824K) NonClass: 460199K(465088K)->460199K(465088K) Class: 63848K(68736K)->63848K(68736K)
[2025-01-08T23:39:29.078+0000][184439.445s][info][gc          ] GC(6290) Pause Young (Mixed) (G1 Evacuation Pause) 2856M->2282M(12288M) 52.405ms
[2025-01-08T23:39:29.078+0000][184439.445s][info][gc,cpu      ] GC(6290) User=0.31s Sys=0.00s Real=0.05s
[2025-01-08T23:39:36.762+0000][184447.128s][info][gc,start    ] GC(6291) Pause Young (Normal) (G1 Evacuation Pause)
[2025-01-08T23:39:36.762+0000][184447.128s][info][gc,task     ] GC(6291) Using 6 workers of 6 for evacuation
[2025-01-08T23:39:36.790+0000][184447.156s][info][gc,phases   ] GC(6291)   Pre Evacuate Collection Set: 0.2ms
[2025-01-08T23:39:36.790+0000][184447.156s][info][gc,phases   ] GC(6291)   Merge Heap Roots: 0.5ms
[2025-01-08T23:39:36.790+0000][184447.156s][info][gc,phases   ] GC(6291)   Evacuate Collection Set: 22.5ms
[2025-01-08T23:39:36.790+0000][184447.156s][info][gc,phases   ] GC(6291)   Post Evacuate Collection Set: 5.3ms
[2025-01-08T23:39:36.790+0000][184447.156s][info][gc,phases   ] GC(6291)   Other: 0.2ms
[2025-01-08T23:39:36.790+0000][184447.156s][info][gc,heap     ] GC(6291) Eden regions: 915->0(914)
[2025-01-08T23:39:36.790+0000][184447.156s][info][gc,heap     ] GC(6291) Survivor regions: 6->7(116)
[2025-01-08T23:39:36.790+0000][184447.156s][info][gc,heap     ] GC(6291) Old regions: 231->231
[2025-01-08T23:39:36.790+0000][184447.156s][info][gc,heap     ] GC(6291) Archive regions: 2->2
[2025-01-08T23:39:36.790+0000][184447.156s][info][gc,heap     ] GC(6291) Humongous regions: 49->49
[2025-01-08T23:39:36.790+0000][184447.156s][info][gc,metaspace] GC(6291) Metaspace: 524047K(533824K)->524047K(533824K) NonClass: 460199K(465088K)->460199K(465088K) Class: 63848K(68736K)->63848K(68736K)
[2025-01-08T23:39:36.790+0000][184447.156s][info][gc          ] GC(6291) Pause Young (Normal) (G1 Evacuation Pause) 9602M->2296M(12288M) 28.717ms
[2025-01-08T23:39:36.790+0000][184447.156s][info][gc,cpu      ] GC(6291) User=0.16s Sys=0.00s Real=0.03s
[2025-01-08T23:39:45.895+0000][184456.261s][info][gc,start    ] GC(6292) Pause Young (Normal) (G1 Evacuation Pause)
[2025-01-08T23:39:45.895+0000][184456.261s][info][gc,task     ] GC(6292) Using 6 workers of 6 for evacuation
[2025-01-08T23:39:45.927+0000][184456.293s][info][gc,phases   ] GC(6292)   Pre Evacuate Collection Set: 0.2ms
[2025-01-08T23:39:45.927+0000][184456.293s][info][gc,phases   ] GC(6292)   Merge Heap Roots: 0.4ms
[2025-01-08T23:39:45.927+0000][184456.293s][info][gc,phases   ] GC(6292)   Evacuate Collection Set: 27.2ms
[2025-01-08T23:39:45.927+0000][184456.293s][info][gc,phases   ] GC(6292)   Post Evacuate Collection Set: 3.9ms
[2025-01-08T23:39:45.927+0000][184456.293s][info][gc,phases   ] GC(6292)   Other: 0.2ms
[2025-01-08T23:39:45.927+0000][184456.293s][info][gc,heap     ] GC(6292) Eden regions: 914->0(913)
[2025-01-08T23:39:45.927+0000][184456.293s][info][gc,heap     ] GC(6292) Survivor regions: 7->8(116)
[2025-01-08T23:39:45.927+0000][184456.293s][info][gc,heap     ] GC(6292) Old regions: 231->231
[2025-01-08T23:39:45.927+0000][184456.293s][info][gc,heap     ] GC(6292) Archive regions: 2->2
[2025-01-08T23:39:45.927+0000][184456.293s][info][gc,heap     ] GC(6292) Humongous regions: 49->49
[2025-01-08T23:39:45.927+0000][184456.293s][info][gc,metaspace] GC(6292) Metaspace: 524047K(533824K)->524047K(533824K) NonClass: 460199K(465088K)->460199K(465088K) Class: 63848K(68736K)->63848K(68736K)
[2025-01-08T23:39:45.927+0000][184456.293s][info][gc          ] GC(6292) Pause Young (Normal) (G1 Evacuation Pause) 9608M->2304M(12288M) 32.034ms
[2025-01-08T23:39:45.927+0000][184456.293s][info][gc,cpu      ] GC(6292) User=0.19s Sys=0.00s Real=0.03s
[2025-01-08T23:39:54.455+0000][184464.822s][info][gc,start    ] GC(6293) Pause Young (Concurrent Start) (G1 Evacuation Pause)
[2025-01-08T23:39:54.455+0000][184464.822s][info][gc,task     ] GC(6293) Using 6 workers of 6 for evacuation
[2025-01-08T23:39:54.490+0000][184464.856s][info][gc,phases   ] GC(6293)   Pre Evacuate Collection Set: 1.1ms
[2025-01-08T23:39:54.490+0000][184464.856s][info][gc,phases   ] GC(6293)   Merge Heap Roots: 0.5ms
[2025-01-08T23:39:54.490+0000][184464.856s][info][gc,phases   ] GC(6293)   Evacuate Collection Set: 29.7ms
[2025-01-08T23:39:54.490+0000][184464.856s][info][gc,phases   ] GC(6293)   Post Evacuate Collection Set: 2.6ms
[2025-01-08T23:39:54.490+0000][184464.856s][info][gc,phases   ] GC(6293)   Other: 0.3ms
[2025-01-08T23:39:54.490+0000][184464.856s][info][gc,heap     ] GC(6293) Eden regions: 913->0(912)
[2025-01-08T23:39:54.490+0000][184464.856s][info][gc,heap     ] GC(6293) Survivor regions: 8->9(116)
[2025-01-08T23:39:54.490+0000][184464.856s][info][gc,heap     ] GC(6293) Old regions: 231->231
[2025-01-08T23:39:54.490+0000][184464.856s][info][gc,heap     ] GC(6293) Archive regions: 2->2
[2025-01-08T23:39:54.490+0000][184464.856s][info][gc,heap     ] GC(6293) Humongous regions: 49->49
[2025-01-08T23:39:54.490+0000][184464.856s][info][gc,metaspace] GC(6293) Metaspace: 524047K(533824K)->524047K(533824K) NonClass: 460199K(465088K)->460199K(465088K) Class: 63848K(68736K)->63848K(68736K)
[2025-01-08T23:39:54.490+0000][184464.856s][info][gc          ] GC(6293) Pause Young (Concurrent Start) (G1 Evacuation Pause) 9608M->2307M(12288M) 34.250ms
[2025-01-08T23:39:54.490+0000][184464.856s][info][gc,cpu      ] GC(6293) User=0.20s Sys=0.00s Real=0.04s
[2025-01-08T23:39:54.490+0000][184464.856s][info][gc          ] GC(6294) Concurrent Mark Cycle
[2025-01-08T23:39:54.490+0000][184464.856s][info][gc,marking  ] GC(6294) Concurrent Clear Claimed Marks
[2025-01-08T23:39:54.491+0000][184464.857s][info][gc,marking  ] GC(6294) Concurrent Clear Claimed Marks 0.956ms
[2025-01-08T23:39:54.491+0000][184464.857s][info][gc,marking  ] GC(6294) Concurrent Scan Root Regions
[2025-01-08T23:39:54.513+0000][184464.880s][info][gc,marking  ] GC(6294) Concurrent Scan Root Regions 22.701ms
[2025-01-08T23:39:54.514+0000][184464.880s][info][gc,marking  ] GC(6294) Concurrent Mark
[2025-01-08T23:39:54.514+0000][184464.880s][info][gc,marking  ] GC(6294) Concurrent Mark From Roots
[2025-01-08T23:39:54.514+0000][184464.880s][info][gc,task     ] GC(6294) Using 2 workers of 2 for marking
[2025-01-08T23:39:55.408+0000][184465.774s][info][gc,marking  ] GC(6294) Concurrent Mark From Roots 894.434ms
[2025-01-08T23:39:55.408+0000][184465.774s][info][gc,marking  ] GC(6294) Concurrent Preclean
[2025-01-08T23:39:55.410+0000][184465.777s][info][gc,marking  ] GC(6294) Concurrent Preclean 2.464ms
[2025-01-08T23:39:55.411+0000][184465.777s][info][gc,start    ] GC(6294) Pause Remark
[2025-01-08T23:39:55.436+0000][184465.802s][info][gc          ] GC(6294) Pause Remark 3019M->3019M(12288M) 25.800ms
[2025-01-08T23:39:55.436+0000][184465.803s][info][gc,cpu      ] GC(6294) User=0.15s Sys=0.00s Real=0.02s
[2025-01-08T23:39:55.437+0000][184465.803s][info][gc,marking  ] GC(6294) Concurrent Mark 923.026ms
[2025-01-08T23:39:55.437+0000][184465.803s][info][gc,marking  ] GC(6294) Concurrent Rebuild Remembered Sets
[2025-01-08T23:39:56.026+0000][184466.392s][info][gc,marking  ] GC(6294) Concurrent Rebuild Remembered Sets 589.583ms
[2025-01-08T23:39:56.026+0000][184466.392s][info][gc,start    ] GC(6294) Pause Cleanup
[2025-01-08T23:39:56.027+0000][184466.393s][info][gc          ] GC(6294) Pause Cleanup 3689M->3689M(12288M) 0.456ms
[2025-01-08T23:39:56.027+0000][184466.393s][info][gc,cpu      ] GC(6294) User=0.00s Sys=0.00s Real=0.00s
[2025-01-08T23:39:56.027+0000][184466.393s][info][gc,marking  ] GC(6294) Concurrent Cleanup for Next Mark
[2025-01-08T23:39:56.043+0000][184466.409s][info][gc,marking  ] GC(6294) Concurrent Cleanup for Next Mark 16.058ms
[2025-01-08T23:39:56.043+0000][184466.409s][info][gc          ] GC(6294) Concurrent Mark Cycle 1553.267ms
[2025-01-08T23:40:02.520+0000][184472.886s][info][gc,start    ] GC(6295) Pause Young (Prepare Mixed) (G1 Evacuation Pause)
[2025-01-08T23:40:02.520+0000][184472.886s][info][gc,task     ] GC(6295) Using 6 workers of 6 for evacuation
[2025-01-08T23:40:02.561+0000][184472.927s][info][gc,phases   ] GC(6295)   Pre Evacuate Collection Set: 0.2ms
[2025-01-08T23:40:02.561+0000][184472.927s][info][gc,phases   ] GC(6295)   Merge Heap Roots: 0.7ms
[2025-01-08T23:40:02.561+0000][184472.927s][info][gc,phases   ] GC(6295)   Evacuate Collection Set: 36.6ms
[2025-01-08T23:40:02.561+0000][184472.927s][info][gc,phases   ] GC(6295)   Post Evacuate Collection Set: 2.7ms
[2025-01-08T23:40:02.561+0000][184472.927s][info][gc,phases   ] GC(6295)   Other: 0.2ms
[2025-01-08T23:40:02.561+0000][184472.927s][info][gc,heap     ] GC(6295) Eden regions: 912->0(66)
[2025-01-08T23:40:02.561+0000][184472.927s][info][gc,heap     ] GC(6295) Survivor regions: 9->10(116)
[2025-01-08T23:40:02.561+0000][184472.927s][info][gc,heap     ] GC(6295) Old regions: 231->231
[2025-01-08T23:40:02.561+0000][184472.927s][info][gc,heap     ] GC(6295) Archive regions: 2->2
[2025-01-08T23:40:02.561+0000][184472.927s][info][gc,heap     ] GC(6295) Humongous regions: 49->49
[2025-01-08T23:40:02.561+0000][184472.927s][info][gc,metaspace] GC(6295) Metaspace: 524048K(533824K)->524048K(533824K) NonClass: 460200K(465088K)->460200K(465088K) Class: 63848K(68736K)->63848K(68736K)
[2025-01-08T23:40:02.561+0000][184472.927s][info][gc          ] GC(6295) Pause Young (Prepare Mixed) (G1 Evacuation Pause) 9603M->2320M(12288M) 40.487ms
[2025-01-08T23:40:02.561+0000][184472.927s][info][gc,cpu      ] GC(6295) User=0.23s Sys=0.00s Real=0.04s
[2025-01-08T23:40:03.115+0000][184473.481s][info][gc,start    ] GC(6296) Pause Young (Mixed) (G1 Evacuation Pause)
[2025-01-08T23:40:03.115+0000][184473.481s][info][gc,task     ] GC(6296) Using 6 workers of 6 for evacuation
[2025-01-08T23:40:03.184+0000][184473.550s][info][gc,phases   ] GC(6296)   Pre Evacuate Collection Set: 0.2ms
[2025-01-08T23:40:03.184+0000][184473.550s][info][gc,phases   ] GC(6296)   Merge Heap Roots: 0.7ms
[2025-01-08T23:40:03.184+0000][184473.550s][info][gc,phases   ] GC(6296)   Evacuate Collection Set: 66.1ms
[2025-01-08T23:40:03.184+0000][184473.550s][info][gc,phases   ] GC(6296)   Post Evacuate Collection Set: 1.9ms
[2025-01-08T23:40:03.184+0000][184473.550s][info][gc,phases   ] GC(6296)   Other: 0.2ms
[2025-01-08T23:40:03.184+0000][184473.550s][info][gc,heap     ] GC(6296) Eden regions: 66->0(915)
[2025-01-08T23:40:03.184+0000][184473.550s][info][gc,heap     ] GC(6296) Survivor regions: 10->6(10)
[2025-01-08T23:40:03.184+0000][184473.550s][info][gc,heap     ] GC(6296) Old regions: 231->231
[2025-01-08T23:40:03.184+0000][184473.550s][info][gc,heap     ] GC(6296) Archive regions: 2->2
[2025-01-08T23:40:03.184+0000][184473.550s][info][gc,heap     ] GC(6296) Humongous regions: 49->49
[2025-01-08T23:40:03.184+0000][184473.550s][info][gc,metaspace] GC(6296) Metaspace: 524048K(533824K)->524048K(533824K) NonClass: 460200K(465088K)->460200K(465088K) Class: 63848K(68736K)->63848K(68736K)
[2025-01-08T23:40:03.184+0000][184473.550s][info][gc          ] GC(6296) Pause Young (Mixed) (G1 Evacuation Pause) 2848M->2284M(12288M) 69.105ms
[2025-01-08T23:40:03.184+0000][184473.550s][info][gc,cpu      ] GC(6296) User=0.40s Sys=0.00s Real=0.07s
[2025-01-08T23:40:09.969+0000][184480.335s][info][gc,start    ] GC(6297) Pause Young (Normal) (G1 Evacuation Pause)
[2025-01-08T23:40:09.969+0000][184480.335s][info][gc,task     ] GC(6297) Using 6 workers of 6 for evacuation
[2025-01-08T23:40:09.996+0000][184480.362s][info][gc,phases   ] GC(6297)   Pre Evacuate Collection Set: 0.2ms
[2025-01-08T23:40:09.996+0000][184480.362s][info][gc,phases   ] GC(6297)   Merge Heap Roots: 0.5ms
[2025-01-08T23:40:09.996+0000][184480.362s][info][gc,phases   ] GC(6297)   Evacuate Collection Set: 23.4ms
[2025-01-08T23:40:09.996+0000][184480.362s][info][gc,phases   ] GC(6297)   Post Evacuate Collection Set: 2.5ms
[2025-01-08T23:40:09.996+0000][184480.362s][info][gc,phases   ] GC(6297)   Other: 0.2ms
[2025-01-08T23:40:09.996+0000][184480.362s][info][gc,heap     ] GC(6297) Eden regions: 915->0(914)
[2025-01-08T23:40:09.996+0000][184480.362s][info][gc,heap     ] GC(6297) Survivor regions: 6->7(116)
[2025-01-08T23:40:09.996+0000][184480.362s][info][gc,heap     ] GC(6297) Old regions: 231->231
[2025-01-08T23:40:09.996+0000][184480.362s][info][gc,heap     ] GC(6297) Archive regions: 2->2
[2025-01-08T23:40:09.996+0000][184480.362s][info][gc,heap     ] GC(6297) Humongous regions: 49->49
[2025-01-08T23:40:09.996+0000][184480.362s][info][gc,metaspace] GC(6297) Metaspace: 524048K(533824K)->524048K(533824K) NonClass: 460200K(465088K)->460200K(465088K) Class: 63848K(68736K)->63848K(68736K)
[2025-01-08T23:40:09.996+0000][184480.362s][info][gc          ] GC(6297) Pause Young (Normal) (G1 Evacuation Pause) 9604M->2294M(12288M) 26.879ms
[2025-01-08T23:40:09.996+0000][184480.362s][info][gc,cpu      ] GC(6297) User=0.15s Sys=0.01s Real=0.03s
[2025-01-08T23:40:19.279+0000][184489.645s][info][gc,start    ] GC(6298) Pause Young (Normal) (G1 Evacuation Pause)
[2025-01-08T23:40:19.279+0000][184489.645s][info][gc,task     ] GC(6298) Using 6 workers of 6 for evacuation
[2025-01-08T23:40:19.311+0000][184489.677s][info][gc,phases   ] GC(6298)   Pre Evacuate Collection Set: 0.2ms
[2025-01-08T23:40:19.311+0000][184489.677s][info][gc,phases   ] GC(6298)   Merge Heap Roots: 0.4ms
[2025-01-08T23:40:19.311+0000][184489.677s][info][gc,phases   ] GC(6298)   Evacuate Collection Set: 28.3ms
[2025-01-08T23:40:19.311+0000][184489.677s][info][gc,phases   ] GC(6298)   Post Evacuate Collection Set: 2.9ms
[2025-01-08T23:40:19.311+0000][184489.677s][info][gc,phases   ] GC(6298)   Other: 0.2ms
[2025-01-08T23:40:19.311+0000][184489.677s][info][gc,heap     ] GC(6298) Eden regions: 914->0(913)
[2025-01-08T23:40:19.311+0000][184489.677s][info][gc,heap     ] GC(6298) Survivor regions: 7->8(116)
[2025-01-08T23:40:19.311+0000][184489.677s][info][gc,heap     ] GC(6298) Old regions: 231->231
[2025-01-08T23:40:19.311+0000][184489.677s][info][gc,heap     ] GC(6298) Archive regions: 2->2
[2025-01-08T23:40:19.311+0000][184489.677s][info][gc,heap     ] GC(6298) Humongous regions: 49->49
[2025-01-08T23:40:19.311+0000][184489.677s][info][gc,metaspace] GC(6298) Metaspace: 524048K(533824K)->524048K(533824K) NonClass: 460200K(465088K)->460200K(465088K) Class: 63848K(68736K)->63848K(68736K)
[2025-01-08T23:40:19.311+0000][184489.677s][info][gc          ] GC(6298) Pause Young (Normal) (G1 Evacuation Pause) 9606M->2305M(12288M) 32.101ms
[2025-01-08T23:40:19.311+0000][184489.677s][info][gc,cpu      ] GC(6298) User=0.19s Sys=0.00s Real=0.04s
[2025-01-08T23:40:27.369+0000][184497.735s][info][gc,start    ] GC(6299) Pause Young (Concurrent Start) (G1 Evacuation Pause)
[2025-01-08T23:40:27.369+0000][184497.735s][info][gc,task     ] GC(6299) Using 6 workers of 6 for evacuation
[2025-01-08T23:40:27.409+0000][184497.776s][info][gc,phases   ] GC(6299)   Pre Evacuate Collection Set: 1.1ms
[2025-01-08T23:40:27.409+0000][184497.776s][info][gc,phases   ] GC(6299)   Merge Heap Roots: 0.5ms
[2025-01-08T23:40:27.409+0000][184497.776s][info][gc,phases   ] GC(6299)   Evacuate Collection Set: 33.7ms
[2025-01-08T23:40:27.410+0000][184497.776s][info][gc,phases   ] GC(6299)   Post Evacuate Collection Set: 5.3ms
[2025-01-08T23:40:27.410+0000][184497.776s][info][gc,phases   ] GC(6299)   Other: 0.3ms
[2025-01-08T23:40:27.410+0000][184497.776s][info][gc,heap     ] GC(6299) Eden regions: 913->0(910)
[2025-01-08T23:40:27.410+0000][184497.776s][info][gc,heap     ] GC(6299) Survivor regions: 8->11(116)
[2025-01-08T23:40:27.410+0000][184497.776s][info][gc,heap     ] GC(6299) Old regions: 231->231
[2025-01-08T23:40:27.410+0000][184497.776s][info][gc,heap     ] GC(6299) Archive regions: 2->2
[2025-01-08T23:40:27.410+0000][184497.776s][info][gc,heap     ] GC(6299) Humongous regions: 49->49
[2025-01-08T23:40:27.410+0000][184497.776s][info][gc,metaspace] GC(6299) Metaspace: 524049K(533824K)->524049K(533824K) NonClass: 460201K(465088K)->460201K(465088K) Class: 63848K(68736K)->63848K(68736K)
[2025-01-08T23:40:27.410+0000][184497.776s][info][gc          ] GC(6299) Pause Young (Concurrent Start) (G1 Evacuation Pause) 9609M->2325M(12288M) 40.991ms
[2025-01-08T23:40:27.410+0000][184497.776s][info][gc,cpu      ] GC(6299) User=0.23s Sys=0.00s Real=0.05s
[2025-01-08T23:40:27.410+0000][184497.776s][info][gc          ] GC(6300) Concurrent Mark Cycle
[2025-01-08T23:40:27.410+0000][184497.776s][info][gc,marking  ] GC(6300) Concurrent Clear Claimed Marks
[2025-01-08T23:40:27.411+0000][184497.777s][info][gc,marking  ] GC(6300) Concurrent Clear Claimed Marks 0.863ms
[2025-01-08T23:40:27.411+0000][184497.777s][info][gc,marking  ] GC(6300) Concurrent Scan Root Regions
[2025-01-08T23:40:27.438+0000][184497.805s][info][gc,marking  ] GC(6300) Concurrent Scan Root Regions 27.914ms
[2025-01-08T23:40:27.438+0000][184497.805s][info][gc,marking  ] GC(6300) Concurrent Mark
[2025-01-08T23:40:27.438+0000][184497.805s][info][gc,marking  ] GC(6300) Concurrent Mark From Roots
[2025-01-08T23:40:27.439+0000][184497.805s][info][gc,task     ] GC(6300) Using 2 workers of 2 for marking
[2025-01-08T23:40:28.370+0000][184498.736s][info][gc,marking  ] GC(6300) Concurrent Mark From Roots 931.504ms
[2025-01-08T23:40:28.370+0000][184498.736s][info][gc,marking  ] GC(6300) Concurrent Preclean
[2025-01-08T23:40:28.374+0000][184498.740s][info][gc,marking  ] GC(6300) Concurrent Preclean 3.621ms
[2025-01-08T23:40:28.374+0000][184498.740s][info][gc,start    ] GC(6300) Pause Remark
[2025-01-08T23:40:28.400+0000][184498.767s][info][gc          ] GC(6300) Pause Remark 3693M->3693M(12288M) 26.613ms
[2025-01-08T23:40:28.400+0000][184498.767s][info][gc,cpu      ] GC(6300) User=0.16s Sys=0.00s Real=0.02s
[2025-01-08T23:40:28.401+0000][184498.767s][info][gc,marking  ] GC(6300) Concurrent Mark 962.075ms
[2025-01-08T23:40:28.401+0000][184498.767s][info][gc,marking  ] GC(6300) Concurrent Rebuild Remembered Sets
[2025-01-08T23:40:29.085+0000][184499.451s][info][gc,marking  ] GC(6300) Concurrent Rebuild Remembered Sets 684.703ms
[2025-01-08T23:40:29.086+0000][184499.452s][info][gc,start    ] GC(6300) Pause Cleanup
[2025-01-08T23:40:29.086+0000][184499.452s][info][gc          ] GC(6300) Pause Cleanup 4801M->4801M(12288M) 0.451ms
[2025-01-08T23:40:29.086+0000][184499.452s][info][gc,cpu      ] GC(6300) User=0.00s Sys=0.00s Real=0.00s
[2025-01-08T23:40:29.086+0000][184499.452s][info][gc,marking  ] GC(6300) Concurrent Cleanup for Next Mark
[2025-01-08T23:40:29.114+0000][184499.480s][info][gc,marking  ] GC(6300) Concurrent Cleanup for Next Mark 28.186ms
[2025-01-08T23:40:29.114+0000][184499.480s][info][gc          ] GC(6300) Concurrent Mark Cycle 1704.721ms
[2025-01-08T23:40:34.153+0000][184504.519s][info][gc,start    ] GC(6301) Pause Young (Prepare Mixed) (G1 Evacuation Pause)
[2025-01-08T23:40:34.153+0000][184504.519s][info][gc,task     ] GC(6301) Using 6 workers of 6 for evacuation
[2025-01-08T23:40:34.190+0000][184504.556s][info][gc,phases   ] GC(6301)   Pre Evacuate Collection Set: 0.2ms
[2025-01-08T23:40:34.190+0000][184504.556s][info][gc,phases   ] GC(6301)   Merge Heap Roots: 0.7ms
[2025-01-08T23:40:34.190+0000][184504.556s][info][gc,phases   ] GC(6301)   Evacuate Collection Set: 32.9ms
[2025-01-08T23:40:34.190+0000][184504.556s][info][gc,phases   ] GC(6301)   Post Evacuate Collection Set: 2.6ms
[2025-01-08T23:40:34.190+0000][184504.556s][info][gc,phases   ] GC(6301)   Other: 0.2ms
[2025-01-08T23:40:34.190+0000][184504.556s][info][gc,heap     ] GC(6301) Eden regions: 910->0(66)
[2025-01-08T23:40:34.190+0000][184504.556s][info][gc,heap     ] GC(6301) Survivor regions: 11->10(116)
[2025-01-08T23:40:34.190+0000][184504.556s][info][gc,heap     ] GC(6301) Old regions: 231->231
[2025-01-08T23:40:34.190+0000][184504.556s][info][gc,heap     ] GC(6301) Archive regions: 2->2
[2025-01-08T23:40:34.190+0000][184504.556s][info][gc,heap     ] GC(6301) Humongous regions: 49->49
[2025-01-08T23:40:34.190+0000][184504.556s][info][gc,metaspace] GC(6301) Metaspace: 524049K(533824K)->524049K(533824K) NonClass: 460201K(465088K)->460201K(465088K) Class: 63848K(68736K)->63848K(68736K)
[2025-01-08T23:40:34.190+0000][184504.556s][info][gc          ] GC(6301) Pause Young (Prepare Mixed) (G1 Evacuation Pause) 9605M->2321M(12288M) 36.710ms
[2025-01-08T23:40:34.190+0000][184504.556s][info][gc,cpu      ] GC(6301) User=0.22s Sys=0.00s Real=0.04s
[2025-01-08T23:40:34.649+0000][184505.015s][info][gc,start    ] GC(6302) Pause Young (Mixed) (G1 Evacuation Pause)
[2025-01-08T23:40:34.649+0000][184505.015s][info][gc,task     ] GC(6302) Using 6 workers of 6 for evacuation
[2025-01-08T23:40:34.718+0000][184505.084s][info][gc,phases   ] GC(6302)   Pre Evacuate Collection Set: 0.2ms
[2025-01-08T23:40:34.718+0000][184505.084s][info][gc,phases   ] GC(6302)   Merge Heap Roots: 0.7ms
[2025-01-08T23:40:34.718+0000][184505.084s][info][gc,phases   ] GC(6302)   Evacuate Collection Set: 66.3ms
[2025-01-08T23:40:34.718+0000][184505.084s][info][gc,phases   ] GC(6302)   Post Evacuate Collection Set: 2.0ms
[2025-01-08T23:40:34.718+0000][184505.085s][info][gc,phases   ] GC(6302)   Other: 0.2ms
[2025-01-08T23:40:34.718+0000][184505.085s][info][gc,heap     ] GC(6302) Eden regions: 66->0(915)
[2025-01-08T23:40:34.718+0000][184505.085s][info][gc,heap     ] GC(6302) Survivor regions: 10->6(10)
[2025-01-08T23:40:34.718+0000][184505.085s][info][gc,heap     ] GC(6302) Old regions: 231->230
[2025-01-08T23:40:34.718+0000][184505.085s][info][gc,heap     ] GC(6302) Archive regions: 2->2
[2025-01-08T23:40:34.718+0000][184505.085s][info][gc,heap     ] GC(6302) Humongous regions: 49->49
[2025-01-08T23:40:34.718+0000][184505.085s][info][gc,metaspace] GC(6302) Metaspace: 524049K(533824K)->524049K(533824K) NonClass: 460201K(465088K)->460201K(465088K) Class: 63848K(68736K)->63848K(68736K)
[2025-01-08T23:40:34.718+0000][184505.085s][info][gc          ] GC(6302) Pause Young (Mixed) (G1 Evacuation Pause) 2849M->2282M(12288M) 69.407ms
[2025-01-08T23:40:34.719+0000][184505.085s][info][gc,cpu      ] GC(6302) User=0.41s Sys=0.00s Real=0.07s
[2025-01-08T23:40:42.331+0000][184512.697s][info][gc,start    ] GC(6303) Pause Young (Normal) (G1 Evacuation Pause)
[2025-01-08T23:40:42.331+0000][184512.697s][info][gc,task     ] GC(6303) Using 6 workers of 6 for evacuation
[2025-01-08T23:40:42.362+0000][184512.728s][info][gc,phases   ] GC(6303)   Pre Evacuate Collection Set: 0.2ms
[2025-01-08T23:40:42.362+0000][184512.728s][info][gc,phases   ] GC(6303)   Merge Heap Roots: 0.5ms
[2025-01-08T23:40:42.362+0000][184512.728s][info][gc,phases   ] GC(6303)   Evacuate Collection Set: 25.7ms
[2025-01-08T23:40:42.362+0000][184512.728s][info][gc,phases   ] GC(6303)   Post Evacuate Collection Set: 3.9ms
[2025-01-08T23:40:42.362+0000][184512.728s][info][gc,phases   ] GC(6303)   Other: 0.2ms
[2025-01-08T23:40:42.362+0000][184512.728s][info][gc,heap     ] GC(6303) Eden regions: 915->0(913)
[2025-01-08T23:40:42.362+0000][184512.728s][info][gc,heap     ] GC(6303) Survivor regions: 6->8(116)
[2025-01-08T23:40:42.362+0000][184512.728s][info][gc,heap     ] GC(6303) Old regions: 230->230
[2025-01-08T23:40:42.362+0000][184512.728s][info][gc,heap     ] GC(6303) Archive regions: 2->2
[2025-01-08T23:40:42.362+0000][184512.728s][info][gc,heap     ] GC(6303) Humongous regions: 49->49
[2025-01-08T23:40:42.362+0000][184512.728s][info][gc,metaspace] GC(6303) Metaspace: 524049K(533824K)->524049K(533824K) NonClass: 460201K(465088K)->460201K(465088K) Class: 63848K(68736K)->63848K(68736K)
[2025-01-08T23:40:42.362+0000][184512.728s][info][gc          ] GC(6303) Pause Young (Normal) (G1 Evacuation Pause) 9602M->2297M(12288M) 30.606ms
[2025-01-08T23:40:42.362+0000][184512.728s][info][gc,cpu      ] GC(6303) User=0.18s Sys=0.00s Real=0.03s
[2025-01-08T23:40:49.610+0000][184519.976s][info][gc,start    ] GC(6304) Pause Young (Normal) (G1 Evacuation Pause)
[2025-01-08T23:40:49.610+0000][184519.976s][info][gc,task     ] GC(6304) Using 6 workers of 6 for evacuation
[2025-01-08T23:40:49.638+0000][184520.004s][info][gc,phases   ] GC(6304)   Pre Evacuate Collection Set: 0.2ms
[2025-01-08T23:40:49.638+0000][184520.004s][info][gc,phases   ] GC(6304)   Merge Heap Roots: 0.4ms
[2025-01-08T23:40:49.638+0000][184520.004s][info][gc,phases   ] GC(6304)   Evacuate Collection Set: 25.0ms
[2025-01-08T23:40:49.638+0000][184520.004s][info][gc,phases   ] GC(6304)   Post Evacuate Collection Set: 2.5ms
[2025-01-08T23:40:49.638+0000][184520.004s][info][gc,phases   ] GC(6304)   Other: 0.2ms
[2025-01-08T23:40:49.638+0000][184520.004s][info][gc,heap     ] GC(6304) Eden regions: 913->0(913)
[2025-01-08T23:40:49.638+0000][184520.004s][info][gc,heap     ] GC(6304) Survivor regions: 8->8(116)
[2025-01-08T23:40:49.638+0000][184520.004s][info][gc,heap     ] GC(6304) Old regions: 230->230
[2025-01-08T23:40:49.638+0000][184520.004s][info][gc,heap     ] GC(6304) Archive regions: 2->2
[2025-01-08T23:40:49.638+0000][184520.004s][info][gc,heap     ] GC(6304) Humongous regions: 49->49
[2025-01-08T23:40:49.638+0000][184520.004s][info][gc,metaspace] GC(6304) Metaspace: 524049K(533824K)->524049K(533824K) NonClass: 460201K(465088K)->460201K(465088K) Class: 63848K(68736K)->63848K(68736K)
[2025-01-08T23:40:49.638+0000][184520.004s][info][gc          ] GC(6304) Pause Young (Normal) (G1 Evacuation Pause) 9601M->2297M(12288M) 28.498ms
[2025-01-08T23:40:49.638+0000][184520.005s][info][gc,cpu      ] GC(6304) User=0.16s Sys=0.00s Real=0.02s
[2025-01-08T23:40:57.961+0000][184528.327s][info][gc,start    ] GC(6305) Pause Young (Concurrent Start) (G1 Evacuation Pause)
[2025-01-08T23:40:57.961+0000][184528.327s][info][gc,task     ] GC(6305) Using 6 workers of 6 for evacuation
[2025-01-08T23:40:57.996+0000][184528.362s][info][gc,phases   ] GC(6305)   Pre Evacuate Collection Set: 1.1ms
[2025-01-08T23:40:57.996+0000][184528.362s][info][gc,phases   ] GC(6305)   Merge Heap Roots: 0.5ms
[2025-01-08T23:40:57.996+0000][184528.362s][info][gc,phases   ] GC(6305)   Evacuate Collection Set: 30.7ms
[2025-01-08T23:40:57.996+0000][184528.362s][info][gc,phases   ] GC(6305)   Post Evacuate Collection Set: 2.5ms
[2025-01-08T23:40:57.996+0000][184528.362s][info][gc,phases   ] GC(6305)   Other: 0.3ms
[2025-01-08T23:40:57.996+0000][184528.362s][info][gc,heap     ] GC(6305) Eden regions: 913->0(911)
[2025-01-08T23:40:57.996+0000][184528.362s][info][gc,heap     ] GC(6305) Survivor regions: 8->10(116)
[2025-01-08T23:40:57.996+0000][184528.362s][info][gc,heap     ] GC(6305) Old regions: 230->230
[2025-01-08T23:40:57.996+0000][184528.362s][info][gc,heap     ] GC(6305) Archive regions: 2->2
[2025-01-08T23:40:57.996+0000][184528.362s][info][gc,heap     ] GC(6305) Humongous regions: 49->49
[2025-01-08T23:40:57.996+0000][184528.362s][info][gc,metaspace] GC(6305) Metaspace: 524049K(533824K)->524049K(533824K) NonClass: 460201K(465088K)->460201K(465088K) Class: 63848K(68736K)->63848K(68736K)
[2025-01-08T23:40:57.996+0000][184528.362s][info][gc          ] GC(6305) Pause Young (Concurrent Start) (G1 Evacuation Pause) 9601M->2310M(12288M) 35.089ms
[2025-01-08T23:40:57.996+0000][184528.362s][info][gc,cpu      ] GC(6305) User=0.20s Sys=0.00s Real=0.04s
[2025-01-08T23:40:57.996+0000][184528.362s][info][gc          ] GC(6306) Concurrent Mark Cycle
[2025-01-08T23:40:57.996+0000][184528.362s][info][gc,marking  ] GC(6306) Concurrent Clear Claimed Marks
[2025-01-08T23:40:57.997+0000][184528.363s][info][gc,marking  ] GC(6306) Concurrent Clear Claimed Marks 0.899ms
[2025-01-08T23:40:57.997+0000][184528.363s][info][gc,marking  ] GC(6306) Concurrent Scan Root Regions
[2025-01-08T23:40:58.022+0000][184528.388s][info][gc,marking  ] GC(6306) Concurrent Scan Root Regions 24.726ms
[2025-01-08T23:40:58.022+0000][184528.388s][info][gc,marking  ] GC(6306) Concurrent Mark
[2025-01-08T23:40:58.022+0000][184528.388s][info][gc,marking  ] GC(6306) Concurrent Mark From Roots
[2025-01-08T23:40:58.022+0000][184528.388s][info][gc,task     ] GC(6306) Using 2 workers of 2 for marking
[2025-01-08T23:40:58.907+0000][184529.273s][info][gc,marking  ] GC(6306) Concurrent Mark From Roots 884.529ms
[2025-01-08T23:40:58.907+0000][184529.273s][info][gc,marking  ] GC(6306) Concurrent Preclean
[2025-01-08T23:40:58.911+0000][184529.277s][info][gc,marking  ] GC(6306) Concurrent Preclean 3.950ms
[2025-01-08T23:40:58.911+0000][184529.277s][info][gc,start    ] GC(6306) Pause Remark
[2025-01-08T23:40:58.937+0000][184529.303s][info][gc          ] GC(6306) Pause Remark 3214M->3214M(12288M) 25.886ms
[2025-01-08T23:40:58.937+0000][184529.303s][info][gc,cpu      ] GC(6306) User=0.15s Sys=0.01s Real=0.02s
[2025-01-08T23:40:58.937+0000][184529.303s][info][gc,marking  ] GC(6306) Concurrent Mark 914.695ms
[2025-01-08T23:40:58.937+0000][184529.303s][info][gc,marking  ] GC(6306) Concurrent Rebuild Remembered Sets
[2025-01-08T23:40:59.476+0000][184529.842s][info][gc,marking  ] GC(6306) Concurrent Rebuild Remembered Sets 539.470ms
[2025-01-08T23:40:59.476+0000][184529.842s][info][gc,start    ] GC(6306) Pause Cleanup
[2025-01-08T23:40:59.477+0000][184529.843s][info][gc          ] GC(6306) Pause Cleanup 3650M->3650M(12288M) 0.409ms
[2025-01-08T23:40:59.477+0000][184529.843s][info][gc,cpu      ] GC(6306) User=0.00s Sys=0.00s Real=0.00s
[2025-01-08T23:40:59.477+0000][184529.843s][info][gc,marking  ] GC(6306) Concurrent Cleanup for Next Mark
[2025-01-08T23:40:59.492+0000][184529.858s][info][gc,marking  ] GC(6306) Concurrent Cleanup for Next Mark 15.299ms
[2025-01-08T23:40:59.492+0000][184529.858s][info][gc          ] GC(6306) Concurrent Mark Cycle 1495.883ms
[2025-01-08T23:41:06.420+0000][184536.786s][info][gc,start    ] GC(6307) Pause Young (Prepare Mixed) (G1 Evacuation Pause)
[2025-01-08T23:41:06.420+0000][184536.786s][info][gc,task     ] GC(6307) Using 6 workers of 6 for evacuation
[2025-01-08T23:41:06.458+0000][184536.824s][info][gc,phases   ] GC(6307)   Pre Evacuate Collection Set: 0.2ms
[2025-01-08T23:41:06.458+0000][184536.824s][info][gc,phases   ] GC(6307)   Merge Heap Roots: 0.7ms
[2025-01-08T23:41:06.458+0000][184536.824s][info][gc,phases   ] GC(6307)   Evacuate Collection Set: 34.7ms
[2025-01-08T23:41:06.458+0000][184536.824s][info][gc,phases   ] GC(6307)   Post Evacuate Collection Set: 2.7ms
[2025-01-08T23:41:06.458+0000][184536.824s][info][gc,phases   ] GC(6307)   Other: 0.2ms
[2025-01-08T23:41:06.458+0000][184536.824s][info][gc,heap     ] GC(6307) Eden regions: 911->0(65)
[2025-01-08T23:41:06.458+0000][184536.824s][info][gc,heap     ] GC(6307) Survivor regions: 10->11(116)
[2025-01-08T23:41:06.458+0000][184536.824s][info][gc,heap     ] GC(6307) Old regions: 230->230
[2025-01-08T23:41:06.458+0000][184536.824s][info][gc,heap     ] GC(6307) Archive regions: 2->2
[2025-01-08T23:41:06.458+0000][184536.824s][info][gc,heap     ] GC(6307) Humongous regions: 49->49
[2025-01-08T23:41:06.458+0000][184536.824s][info][gc,metaspace] GC(6307) Metaspace: 524049K(533824K)->524049K(533824K) NonClass: 460201K(465088K)->460201K(465088K) Class: 63848K(68736K)->63848K(68736K)
[2025-01-08T23:41:06.458+0000][184536.824s][info][gc          ] GC(6307) Pause Young (Prepare Mixed) (G1 Evacuation Pause) 9598M->2318M(12288M) 38.623ms
[2025-01-08T23:41:06.458+0000][184536.824s][info][gc,cpu      ] GC(6307) User=0.22s Sys=0.00s Real=0.04s
[2025-01-08T23:41:06.882+0000][184537.249s][info][gc,start    ] GC(6308) Pause Young (Mixed) (G1 Evacuation Pause)
[2025-01-08T23:41:06.882+0000][184537.249s][info][gc,task     ] GC(6308) Using 6 workers of 6 for evacuation
[2025-01-08T23:41:06.951+0000][184537.317s][info][gc,phases   ] GC(6308)   Pre Evacuate Collection Set: 0.2ms
[2025-01-08T23:41:06.951+0000][184537.317s][info][gc,phases   ] GC(6308)   Merge Heap Roots: 0.7ms
[2025-01-08T23:41:06.951+0000][184537.317s][info][gc,phases   ] GC(6308)   Evacuate Collection Set: 65.6ms
[2025-01-08T23:41:06.951+0000][184537.317s][info][gc,phases   ] GC(6308)   Post Evacuate Collection Set: 1.7ms
[2025-01-08T23:41:06.951+0000][184537.317s][info][gc,phases   ] GC(6308)   Other: 0.2ms
[2025-01-08T23:41:06.951+0000][184537.317s][info][gc,heap     ] GC(6308) Eden regions: 65->0(915)
[2025-01-08T23:41:06.951+0000][184537.317s][info][gc,heap     ] GC(6308) Survivor regions: 11->6(10)
[2025-01-08T23:41:06.951+0000][184537.317s][info][gc,heap     ] GC(6308) Old regions: 230->232
[2025-01-08T23:41:06.951+0000][184537.317s][info][gc,heap     ] GC(6308) Archive regions: 2->2
[2025-01-08T23:41:06.951+0000][184537.317s][info][gc,heap     ] GC(6308) Humongous regions: 49->49
[2025-01-08T23:41:06.951+0000][184537.317s][info][gc,metaspace] GC(6308) Metaspace: 524049K(533824K)->524049K(533824K) NonClass: 460201K(465088K)->460201K(465088K) Class: 63848K(68736K)->63848K(68736K)
[2025-01-08T23:41:06.951+0000][184537.317s][info][gc          ] GC(6308) Pause Young (Mixed) (G1 Evacuation Pause) 2838M->2292M(12288M) 68.405ms
[2025-01-08T23:41:06.951+0000][184537.317s][info][gc,cpu      ] GC(6308) User=0.40s Sys=0.00s Real=0.07s
[2025-01-08T23:41:16.704+0000][184547.070s][info][gc,start    ] GC(6309) Pause Young (Normal) (G1 Evacuation Pause)
[2025-01-08T23:41:16.704+0000][184547.070s][info][gc,task     ] GC(6309) Using 6 workers of 6 for evacuation
[2025-01-08T23:41:16.734+0000][184547.100s][info][gc,phases   ] GC(6309)   Pre Evacuate Collection Set: 0.2ms
[2025-01-08T23:41:16.734+0000][184547.100s][info][gc,phases   ] GC(6309)   Merge Heap Roots: 0.5ms
[2025-01-08T23:41:16.734+0000][184547.100s][info][gc,phases   ] GC(6309)   Evacuate Collection Set: 27.0ms
[2025-01-08T23:41:16.734+0000][184547.100s][info][gc,phases   ] GC(6309)   Post Evacuate Collection Set: 2.7ms
[2025-01-08T23:41:16.734+0000][184547.100s][info][gc,phases   ] GC(6309)   Other: 0.2ms
[2025-01-08T23:41:16.734+0000][184547.100s][info][gc,heap     ] GC(6309) Eden regions: 915->0(914)
[2025-01-08T23:41:16.734+0000][184547.100s][info][gc,heap     ] GC(6309) Survivor regions: 6->7(116)
[2025-01-08T23:41:16.734+0000][184547.100s][info][gc,heap     ] GC(6309) Old regions: 232->232
[2025-01-08T23:41:16.734+0000][184547.100s][info][gc,heap     ] GC(6309) Archive regions: 2->2
[2025-01-08T23:41:16.734+0000][184547.100s][info][gc,heap     ] GC(6309) Humongous regions: 49->49
[2025-01-08T23:41:16.734+0000][184547.100s][info][gc,metaspace] GC(6309) Metaspace: 524049K(533824K)->524049K(533824K) NonClass: 460201K(465088K)->460201K(465088K) Class: 63848K(68736K)->63848K(68736K)
[2025-01-08T23:41:16.734+0000][184547.101s][info][gc          ] GC(6309) Pause Young (Normal) (G1 Evacuation Pause) 9612M->2303M(12288M) 30.705ms
[2025-01-08T23:41:16.734+0000][184547.101s][info][gc,cpu      ] GC(6309) User=0.17s Sys=0.00s Real=0.03s
[2025-01-08T23:41:24.904+0000][184555.270s][info][gc,start    ] GC(6310) Pause Young (Normal) (G1 Evacuation Pause)
[2025-01-08T23:41:24.904+0000][184555.270s][info][gc,task     ] GC(6310) Using 6 workers of 6 for evacuation
[2025-01-08T23:41:24.939+0000][184555.305s][info][gc,phases   ] GC(6310)   Pre Evacuate Collection Set: 0.2ms
[2025-01-08T23:41:24.939+0000][184555.305s][info][gc,phases   ] GC(6310)   Merge Heap Roots: 0.4ms
[2025-01-08T23:41:24.939+0000][184555.305s][info][gc,phases   ] GC(6310)   Evacuate Collection Set: 28.9ms
[2025-01-08T23:41:24.939+0000][184555.305s][info][gc,phases   ] GC(6310)   Post Evacuate Collection Set: 5.3ms
[2025-01-08T23:41:24.939+0000][184555.305s][info][gc,phases   ] GC(6310)   Other: 0.2ms
[2025-01-08T23:41:24.939+0000][184555.305s][info][gc,heap     ] GC(6310) Eden regions: 914->0(911)
[2025-01-08T23:41:24.939+0000][184555.305s][info][gc,heap     ] GC(6310) Survivor regions: 7->10(116)
[2025-01-08T23:41:24.939+0000][184555.305s][info][gc,heap     ] GC(6310) Old regions: 232->232
[2025-01-08T23:41:24.939+0000][184555.305s][info][gc,heap     ] GC(6310) Archive regions: 2->2
[2025-01-08T23:41:24.939+0000][184555.305s][info][gc,heap     ] GC(6310) Humongous regions: 49->49
[2025-01-08T23:41:24.939+0000][184555.305s][info][gc,metaspace] GC(6310) Metaspace: 524049K(533824K)->524049K(533824K) NonClass: 460201K(465088K)->460201K(465088K) Class: 63848K(68736K)->63848K(68736K)
[2025-01-08T23:41:24.939+0000][184555.305s][info][gc          ] GC(6310) Pause Young (Normal) (G1 Evacuation Pause) 9615M->2324M(12288M) 35.157ms
[2025-01-08T23:41:24.939+0000][184555.305s][info][gc,cpu      ] GC(6310) User=0.21s Sys=0.00s Real=0.03s
[2025-01-08T23:41:33.375+0000][184563.741s][info][gc,start    ] GC(6311) Pause Young (Concurrent Start) (G1 Evacuation Pause)
[2025-01-08T23:41:33.375+0000][184563.741s][info][gc,task     ] GC(6311) Using 6 workers of 6 for evacuation
[2025-01-08T23:41:33.410+0000][184563.776s][info][gc,phases   ] GC(6311)   Pre Evacuate Collection Set: 1.1ms
[2025-01-08T23:41:33.410+0000][184563.776s][info][gc,phases   ] GC(6311)   Merge Heap Roots: 0.5ms
[2025-01-08T23:41:33.410+0000][184563.776s][info][gc,phases   ] GC(6311)   Evacuate Collection Set: 31.1ms
[2025-01-08T23:41:33.410+0000][184563.776s][info][gc,phases   ] GC(6311)   Post Evacuate Collection Set: 2.5ms
[2025-01-08T23:41:33.410+0000][184563.776s][info][gc,phases   ] GC(6311)   Other: 0.3ms
[2025-01-08T23:41:33.410+0000][184563.777s][info][gc,heap     ] GC(6311) Eden regions: 911->0(911)
[2025-01-08T23:41:33.410+0000][184563.777s][info][gc,heap     ] GC(6311) Survivor regions: 10->10(116)
[2025-01-08T23:41:33.410+0000][184563.777s][info][gc,heap     ] GC(6311) Old regions: 232->232
[2025-01-08T23:41:33.410+0000][184563.777s][info][gc,heap     ] GC(6311) Archive regions: 2->2
[2025-01-08T23:41:33.410+0000][184563.777s][info][gc,heap     ] GC(6311) Humongous regions: 49->49
[2025-01-08T23:41:33.410+0000][184563.777s][info][gc,metaspace] GC(6311) Metaspace: 524049K(533824K)->524049K(533824K) NonClass: 460201K(465088K)->460201K(465088K) Class: 63848K(68736K)->63848K(68736K)
[2025-01-08T23:41:33.410+0000][184563.777s][info][gc          ] GC(6311) Pause Young (Concurrent Start) (G1 Evacuation Pause) 9612M->2323M(12288M) 35.565ms
[2025-01-08T23:41:33.410+0000][184563.777s][info][gc,cpu      ] GC(6311) User=0.21s Sys=0.00s Real=0.04s
[2025-01-08T23:41:33.411+0000][184563.777s][info][gc          ] GC(6312) Concurrent Mark Cycle
[2025-01-08T23:41:33.411+0000][184563.777s][info][gc,marking  ] GC(6312) Concurrent Clear Claimed Marks
[2025-01-08T23:41:33.411+0000][184563.778s][info][gc,marking  ] GC(6312) Concurrent Clear Claimed Marks 0.898ms
[2025-01-08T23:41:33.411+0000][184563.778s][info][gc,marking  ] GC(6312) Concurrent Scan Root Regions
[2025-01-08T23:41:33.434+0000][184563.800s][info][gc,marking  ] GC(6312) Concurrent Scan Root Regions 22.719ms
[2025-01-08T23:41:33.434+0000][184563.800s][info][gc,marking  ] GC(6312) Concurrent Mark
[2025-01-08T23:41:33.434+0000][184563.800s][info][gc,marking  ] GC(6312) Concurrent Mark From Roots
[2025-01-08T23:41:33.434+0000][184563.800s][info][gc,task     ] GC(6312) Using 2 workers of 2 for marking
[2025-01-08T23:41:34.485+0000][184564.851s][info][gc,marking  ] GC(6312) Concurrent Mark From Roots 1050.920ms
[2025-01-08T23:41:34.485+0000][184564.851s][info][gc,marking  ] GC(6312) Concurrent Preclean
[2025-01-08T23:41:34.488+0000][184564.854s][info][gc,marking  ] GC(6312) Concurrent Preclean 2.823ms
[2025-01-08T23:41:34.488+0000][184564.854s][info][gc,start    ] GC(6312) Pause Remark
[2025-01-08T23:41:34.514+0000][184564.880s][info][gc          ] GC(6312) Pause Remark 3963M->3963M(12288M) 25.967ms
[2025-01-08T23:41:34.514+0000][184564.880s][info][gc,cpu      ] GC(6312) User=0.15s Sys=0.00s Real=0.03s
[2025-01-08T23:41:34.514+0000][184564.880s][info][gc,marking  ] GC(6312) Concurrent Mark 1080.080ms
[2025-01-08T23:41:34.514+0000][184564.880s][info][gc,marking  ] GC(6312) Concurrent Rebuild Remembered Sets
[2025-01-08T23:41:35.235+0000][184565.601s][info][gc,marking  ] GC(6312) Concurrent Rebuild Remembered Sets 720.674ms
[2025-01-08T23:41:35.235+0000][184565.601s][info][gc,start    ] GC(6312) Pause Cleanup
[2025-01-08T23:41:35.236+0000][184565.602s][info][gc          ] GC(6312) Pause Cleanup 5059M->5059M(12288M) 0.430ms
[2025-01-08T23:41:35.236+0000][184565.602s][info][gc,cpu      ] GC(6312) User=0.00s Sys=0.00s Real=0.00s
[2025-01-08T23:41:35.236+0000][184565.602s][info][gc,marking  ] GC(6312) Concurrent Cleanup for Next Mark
[2025-01-08T23:41:35.264+0000][184565.630s][info][gc,marking  ] GC(6312) Concurrent Cleanup for Next Mark 28.133ms
[2025-01-08T23:41:35.264+0000][184565.630s][info][gc          ] GC(6312) Concurrent Mark Cycle 1853.347ms
[2025-01-08T23:41:39.602+0000][184569.968s][info][gc,start    ] GC(6313) Pause Young (Prepare Mixed) (G1 Evacuation Pause)
[2025-01-08T23:41:39.602+0000][184569.968s][info][gc,task     ] GC(6313) Using 6 workers of 6 for evacuation
[2025-01-08T23:41:39.642+0000][184570.008s][info][gc,phases   ] GC(6313)   Pre Evacuate Collection Set: 0.2ms
[2025-01-08T23:41:39.642+0000][184570.008s][info][gc,phases   ] GC(6313)   Merge Heap Roots: 0.7ms
[2025-01-08T23:41:39.642+0000][184570.008s][info][gc,phases   ] GC(6313)   Evacuate Collection Set: 35.4ms
[2025-01-08T23:41:39.642+0000][184570.008s][info][gc,phases   ] GC(6313)   Post Evacuate Collection Set: 4.1ms
[2025-01-08T23:41:39.642+0000][184570.008s][info][gc,phases   ] GC(6313)   Other: 0.2ms
[2025-01-08T23:41:39.642+0000][184570.008s][info][gc,heap     ] GC(6313) Eden regions: 911->0(64)
[2025-01-08T23:41:39.642+0000][184570.008s][info][gc,heap     ] GC(6313) Survivor regions: 10->12(116)
[2025-01-08T23:41:39.642+0000][184570.008s][info][gc,heap     ] GC(6313) Old regions: 232->232
[2025-01-08T23:41:39.642+0000][184570.008s][info][gc,heap     ] GC(6313) Archive regions: 2->2
[2025-01-08T23:41:39.642+0000][184570.009s][info][gc,heap     ] GC(6313) Humongous regions: 49->49
[2025-01-08T23:41:39.642+0000][184570.009s][info][gc,metaspace] GC(6313) Metaspace: 524049K(533824K)->524049K(533824K) NonClass: 460201K(465088K)->460201K(465088K) Class: 63848K(68736K)->63848K(68736K)
[2025-01-08T23:41:39.642+0000][184570.009s][info][gc          ] GC(6313) Pause Young (Prepare Mixed) (G1 Evacuation Pause) 9611M->2339M(12288M) 40.745ms
[2025-01-08T23:41:39.642+0000][184570.009s][info][gc,cpu      ] GC(6313) User=0.24s Sys=0.00s Real=0.04s
[2025-01-08T23:41:40.211+0000][184570.577s][info][gc,start    ] GC(6314) Pause Young (Mixed) (G1 Evacuation Pause)
[2025-01-08T23:41:40.211+0000][184570.578s][info][gc,task     ] GC(6314) Using 6 workers of 6 for evacuation
[2025-01-08T23:41:40.289+0000][184570.655s][info][gc,phases   ] GC(6314)   Pre Evacuate Collection Set: 0.2ms
[2025-01-08T23:41:40.289+0000][184570.655s][info][gc,phases   ] GC(6314)   Merge Heap Roots: 0.9ms
[2025-01-08T23:41:40.289+0000][184570.655s][info][gc,phases   ] GC(6314)   Evacuate Collection Set: 74.6ms
[2025-01-08T23:41:40.289+0000][184570.655s][info][gc,phases   ] GC(6314)   Post Evacuate Collection Set: 2.0ms
[2025-01-08T23:41:40.289+0000][184570.655s][info][gc,phases   ] GC(6314)   Other: 0.2ms
[2025-01-08T23:41:40.289+0000][184570.655s][info][gc,heap     ] GC(6314) Eden regions: 64->0(916)
[2025-01-08T23:41:40.289+0000][184570.655s][info][gc,heap     ] GC(6314) Survivor regions: 12->5(10)
[2025-01-08T23:41:40.289+0000][184570.655s][info][gc,heap     ] GC(6314) Old regions: 232->233
[2025-01-08T23:41:40.289+0000][184570.655s][info][gc,heap     ] GC(6314) Archive regions: 2->2
[2025-01-08T23:41:40.289+0000][184570.655s][info][gc,heap     ] GC(6314) Humongous regions: 49->49
[2025-01-08T23:41:40.289+0000][184570.655s][info][gc,metaspace] GC(6314) Metaspace: 524049K(533824K)->524049K(533824K) NonClass: 460201K(465088K)->460201K(465088K) Class: 63848K(68736K)->63848K(68736K)
[2025-01-08T23:41:40.289+0000][184570.655s][info][gc          ] GC(6314) Pause Young (Mixed) (G1 Evacuation Pause) 2851M->2289M(12288M) 77.831ms
[2025-01-08T23:41:40.289+0000][184570.655s][info][gc,cpu      ] GC(6314) User=0.44s Sys=0.00s Real=0.07s
[2025-01-08T23:41:48.081+0000][184578.447s][info][gc,start    ] GC(6315) Pause Young (Normal) (G1 Evacuation Pause)
[2025-01-08T23:41:48.081+0000][184578.447s][info][gc,task     ] GC(6315) Using 6 workers of 6 for evacuation
[2025-01-08T23:41:48.107+0000][184578.474s][info][gc,phases   ] GC(6315)   Pre Evacuate Collection Set: 0.2ms
[2025-01-08T23:41:48.107+0000][184578.474s][info][gc,phases   ] GC(6315)   Merge Heap Roots: 0.4ms
[2025-01-08T23:41:48.107+0000][184578.474s][info][gc,phases   ] GC(6315)   Evacuate Collection Set: 23.5ms
[2025-01-08T23:41:48.107+0000][184578.474s][info][gc,phases   ] GC(6315)   Post Evacuate Collection Set: 2.5ms
[2025-01-08T23:41:48.107+0000][184578.474s][info][gc,phases   ] GC(6315)   Other: 0.2ms
[2025-01-08T23:41:48.107+0000][184578.474s][info][gc,heap     ] GC(6315) Eden regions: 916->0(915)
[2025-01-08T23:41:48.107+0000][184578.474s][info][gc,heap     ] GC(6315) Survivor regions: 5->6(116)
[2025-01-08T23:41:48.107+0000][184578.474s][info][gc,heap     ] GC(6315) Old regions: 233->233
[2025-01-08T23:41:48.108+0000][184578.474s][info][gc,heap     ] GC(6315) Archive regions: 2->2
[2025-01-08T23:41:48.108+0000][184578.474s][info][gc,heap     ] GC(6315) Humongous regions: 49->49
[2025-01-08T23:41:48.108+0000][184578.474s][info][gc,metaspace] GC(6315) Metaspace: 524049K(533824K)->524049K(533824K) NonClass: 460201K(465088K)->460201K(465088K) Class: 63848K(68736K)->63848K(68736K)
[2025-01-08T23:41:48.108+0000][184578.474s][info][gc          ] GC(6315) Pause Young (Normal) (G1 Evacuation Pause) 9617M->2302M(12288M) 27.013ms
[2025-01-08T23:41:48.108+0000][184578.474s][info][gc,cpu      ] GC(6315) User=0.16s Sys=0.00s Real=0.03s
[2025-01-08T23:41:57.716+0000][184588.082s][info][gc,start    ] GC(6316) Pause Young (Normal) (G1 Evacuation Pause)
[2025-01-08T23:41:57.716+0000][184588.082s][info][gc,task     ] GC(6316) Using 6 workers of 6 for evacuation
[2025-01-08T23:41:57.744+0000][184588.110s][info][gc,phases   ] GC(6316)   Pre Evacuate Collection Set: 0.2ms
[2025-01-08T23:41:57.744+0000][184588.110s][info][gc,phases   ] GC(6316)   Merge Heap Roots: 0.4ms
[2025-01-08T23:41:57.744+0000][184588.110s][info][gc,phases   ] GC(6316)   Evacuate Collection Set: 24.8ms
[2025-01-08T23:41:57.744+0000][184588.110s][info][gc,phases   ] GC(6316)   Post Evacuate Collection Set: 2.7ms
[2025-01-08T23:41:57.744+0000][184588.110s][info][gc,phases   ] GC(6316)   Other: 0.2ms
[2025-01-08T23:41:57.744+0000][184588.110s][info][gc,heap     ] GC(6316) Eden regions: 915->0(914)
[2025-01-08T23:41:57.744+0000][184588.110s][info][gc,heap     ] GC(6316) Survivor regions: 6->7(116)
[2025-01-08T23:41:57.744+0000][184588.110s][info][gc,heap     ] GC(6316) Old regions: 233->233
[2025-01-08T23:41:57.744+0000][184588.110s][info][gc,heap     ] GC(6316) Archive regions: 2->2
[2025-01-08T23:41:57.744+0000][184588.110s][info][gc,heap     ] GC(6316) Humongous regions: 49->49
[2025-01-08T23:41:57.744+0000][184588.110s][info][gc,metaspace] GC(6316) Metaspace: 524049K(533824K)->524049K(533824K) NonClass: 460201K(465088K)->460201K(465088K) Class: 63848K(68736K)->63848K(68736K)
[2025-01-08T23:41:57.744+0000][184588.110s][info][gc          ] GC(6316) Pause Young (Normal) (G1 Evacuation Pause) 9622M->2308M(12288M) 28.351ms
[2025-01-08T23:41:57.744+0000][184588.110s][info][gc,cpu      ] GC(6316) User=0.16s Sys=0.00s Real=0.03s
[2025-01-08T23:42:03.908+0000][184594.274s][info][gc,start    ] GC(6317) Pause Young (Concurrent Start) (G1 Evacuation Pause)
[2025-01-08T23:42:03.908+0000][184594.274s][info][gc,task     ] GC(6317) Using 6 workers of 6 for evacuation
[2025-01-08T23:42:03.939+0000][184594.305s][info][gc,phases   ] GC(6317)   Pre Evacuate Collection Set: 1.2ms
[2025-01-08T23:42:03.939+0000][184594.305s][info][gc,phases   ] GC(6317)   Merge Heap Roots: 0.5ms
[2025-01-08T23:42:03.939+0000][184594.305s][info][gc,phases   ] GC(6317)   Evacuate Collection Set: 26.5ms
[2025-01-08T23:42:03.939+0000][184594.305s][info][gc,phases   ] GC(6317)   Post Evacuate Collection Set: 2.5ms
[2025-01-08T23:42:03.939+0000][184594.305s][info][gc,phases   ] GC(6317)   Other: 0.3ms
[2025-01-08T23:42:03.939+0000][184594.305s][info][gc,heap     ] GC(6317) Eden regions: 914->0(913)
[2025-01-08T23:42:03.939+0000][184594.305s][info][gc,heap     ] GC(6317) Survivor regions: 7->8(116)
[2025-01-08T23:42:03.939+0000][184594.305s][info][gc,heap     ] GC(6317) Old regions: 233->233
[2025-01-08T23:42:03.939+0000][184594.305s][info][gc,heap     ] GC(6317) Archive regions: 2->2
[2025-01-08T23:42:03.939+0000][184594.305s][info][gc,heap     ] GC(6317) Humongous regions: 49->49
[2025-01-08T23:42:03.939+0000][184594.305s][info][gc,metaspace] GC(6317) Metaspace: 524049K(533824K)->524049K(533824K) NonClass: 460201K(465088K)->460201K(465088K) Class: 63848K(68736K)->63848K(68736K)
[2025-01-08T23:42:03.939+0000][184594.305s][info][gc          ] GC(6317) Pause Young (Concurrent Start) (G1 Evacuation Pause) 9620M->2316M(12288M) 31.047ms
[2025-01-08T23:42:03.939+0000][184594.305s][info][gc,cpu      ] GC(6317) User=0.17s Sys=0.00s Real=0.03s
[2025-01-08T23:42:03.939+0000][184594.306s][info][gc          ] GC(6318) Concurrent Mark Cycle
[2025-01-08T23:42:03.939+0000][184594.306s][info][gc,marking  ] GC(6318) Concurrent Clear Claimed Marks
[2025-01-08T23:42:03.940+0000][184594.306s][info][gc,marking  ] GC(6318) Concurrent Clear Claimed Marks 0.892ms
[2025-01-08T23:42:03.940+0000][184594.306s][info][gc,marking  ] GC(6318) Concurrent Scan Root Regions
[2025-01-08T23:42:03.963+0000][184594.329s][info][gc,marking  ] GC(6318) Concurrent Scan Root Regions 22.978ms
[2025-01-08T23:42:03.963+0000][184594.329s][info][gc,marking  ] GC(6318) Concurrent Mark
[2025-01-08T23:42:03.963+0000][184594.329s][info][gc,marking  ] GC(6318) Concurrent Mark From Roots
[2025-01-08T23:42:03.963+0000][184594.329s][info][gc,task     ] GC(6318) Using 2 workers of 2 for marking
[2025-01-08T23:42:04.792+0000][184595.159s][info][gc,marking  ] GC(6318) Concurrent Mark From Roots 829.035ms
[2025-01-08T23:42:04.792+0000][184595.159s][info][gc,marking  ] GC(6318) Concurrent Preclean
[2025-01-08T23:42:04.795+0000][184595.161s][info][gc,marking  ] GC(6318) Concurrent Preclean 2.908ms
[2025-01-08T23:42:04.796+0000][184595.162s][info][gc,start    ] GC(6318) Pause Remark
[2025-01-08T23:42:04.822+0000][184595.188s][info][gc          ] GC(6318) Pause Remark 3249M->3249M(12288M) 26.088ms
[2025-01-08T23:42:04.822+0000][184595.188s][info][gc,cpu      ] GC(6318) User=0.15s Sys=0.00s Real=0.03s
[2025-01-08T23:42:04.822+0000][184595.188s][info][gc,marking  ] GC(6318) Concurrent Mark 858.493ms
[2025-01-08T23:42:04.822+0000][184595.188s][info][gc,marking  ] GC(6318) Concurrent Rebuild Remembered Sets
[2025-01-08T23:42:05.408+0000][184595.775s][info][gc,marking  ] GC(6318) Concurrent Rebuild Remembered Sets 586.567ms
[2025-01-08T23:42:05.409+0000][184595.775s][info][gc,start    ] GC(6318) Pause Cleanup
[2025-01-08T23:42:05.409+0000][184595.775s][info][gc          ] GC(6318) Pause Cleanup 3848M->3848M(12288M) 0.468ms
[2025-01-08T23:42:05.409+0000][184595.775s][info][gc,cpu      ] GC(6318) User=0.00s Sys=0.00s Real=0.00s
[2025-01-08T23:42:05.409+0000][184595.775s][info][gc,marking  ] GC(6318) Concurrent Cleanup for Next Mark
[2025-01-08T23:42:05.425+0000][184595.791s][info][gc,marking  ] GC(6318) Concurrent Cleanup for Next Mark 15.409ms
[2025-01-08T23:42:05.425+0000][184595.791s][info][gc          ] GC(6318) Concurrent Mark Cycle 1485.207ms
[2025-01-08T23:42:11.164+0000][184601.530s][info][gc,start    ] GC(6319) Pause Young (Prepare Mixed) (G1 Evacuation Pause)
[2025-01-08T23:42:11.164+0000][184601.530s][info][gc,task     ] GC(6319) Using 6 workers of 6 for evacuation
[2025-01-08T23:42:11.200+0000][184601.566s][info][gc,phases   ] GC(6319)   Pre Evacuate Collection Set: 0.2ms
[2025-01-08T23:42:11.200+0000][184601.566s][info][gc,phases   ] GC(6319)   Merge Heap Roots: 0.7ms
[2025-01-08T23:42:11.200+0000][184601.566s][info][gc,phases   ] GC(6319)   Evacuate Collection Set: 32.4ms
[2025-01-08T23:42:11.200+0000][184601.566s][info][gc,phases   ] GC(6319)   Post Evacuate Collection Set: 2.5ms
[2025-01-08T23:42:11.200+0000][184601.566s][info][gc,phases   ] GC(6319)   Other: 0.2ms
[2025-01-08T23:42:11.200+0000][184601.566s][info][gc,heap     ] GC(6319) Eden regions: 913->0(67)
[2025-01-08T23:42:11.200+0000][184601.566s][info][gc,heap     ] GC(6319) Survivor regions: 8->9(116)
[2025-01-08T23:42:11.200+0000][184601.566s][info][gc,heap     ] GC(6319) Old regions: 233->233
[2025-01-08T23:42:11.200+0000][184601.566s][info][gc,heap     ] GC(6319) Archive regions: 2->2
[2025-01-08T23:42:11.200+0000][184601.566s][info][gc,heap     ] GC(6319) Humongous regions: 49->49
[2025-01-08T23:42:11.200+0000][184601.566s][info][gc,metaspace] GC(6319) Metaspace: 524049K(533824K)->524049K(533824K) NonClass: 460201K(465088K)->460201K(465088K) Class: 63848K(68736K)->63848K(68736K)
[2025-01-08T23:42:11.200+0000][184601.566s][info][gc          ] GC(6319) Pause Young (Prepare Mixed) (G1 Evacuation Pause) 9620M->2327M(12288M) 36.149ms
[2025-01-08T23:42:11.200+0000][184601.566s][info][gc,cpu      ] GC(6319) User=0.21s Sys=0.00s Real=0.03s
[2025-01-08T23:42:11.745+0000][184602.111s][info][gc,start    ] GC(6320) Pause Young (Mixed) (GCLocker Initiated GC)
[2025-01-08T23:42:11.745+0000][184602.111s][info][gc,task     ] GC(6320) Using 6 workers of 6 for evacuation
[2025-01-08T23:42:11.785+0000][184602.151s][info][gc,phases   ] GC(6320)   Pre Evacuate Collection Set: 0.2ms
[2025-01-08T23:42:11.785+0000][184602.151s][info][gc,phases   ] GC(6320)   Merge Heap Roots: 0.4ms
[2025-01-08T23:42:11.785+0000][184602.151s][info][gc,phases   ] GC(6320)   Evacuate Collection Set: 37.7ms
[2025-01-08T23:42:11.785+0000][184602.151s][info][gc,phases   ] GC(6320)   Post Evacuate Collection Set: 1.5ms
[2025-01-08T23:42:11.785+0000][184602.151s][info][gc,phases   ] GC(6320)   Other: 0.2ms
[2025-01-08T23:42:11.785+0000][184602.151s][info][gc,heap     ] GC(6320) Eden regions: 67->0(917)
[2025-01-08T23:42:11.785+0000][184602.151s][info][gc,heap     ] GC(6320) Survivor regions: 9->4(10)
[2025-01-08T23:42:11.785+0000][184602.151s][info][gc,heap     ] GC(6320) Old regions: 233->230
[2025-01-08T23:42:11.785+0000][184602.151s][info][gc,heap     ] GC(6320) Archive regions: 2->2
[2025-01-08T23:42:11.785+0000][184602.151s][info][gc,heap     ] GC(6320) Humongous regions: 49->49
[2025-01-08T23:42:11.785+0000][184602.151s][info][gc,metaspace] GC(6320) Metaspace: 524049K(533824K)->524049K(533824K) NonClass: 460201K(465088K)->460201K(465088K) Class: 63848K(68736K)->63848K(68736K)
[2025-01-08T23:42:11.785+0000][184602.151s][info][gc          ] GC(6320) Pause Young (Mixed) (GCLocker Initiated GC) 2863M->2266M(12288M) 40.093ms
[2025-01-08T23:42:11.785+0000][184602.151s][info][gc,cpu      ] GC(6320) User=0.24s Sys=0.00s Real=0.04s
[2025-01-08T23:42:19.526+0000][184609.892s][info][gc,start    ] GC(6321) Pause Young (Normal) (G1 Evacuation Pause)
[2025-01-08T23:42:19.526+0000][184609.892s][info][gc,task     ] GC(6321) Using 6 workers of 6 for evacuation
[2025-01-08T23:42:19.552+0000][184609.918s][info][gc,phases   ] GC(6321)   Pre Evacuate Collection Set: 0.2ms
[2025-01-08T23:42:19.552+0000][184609.918s][info][gc,phases   ] GC(6321)   Merge Heap Roots: 0.4ms
[2025-01-08T23:42:19.552+0000][184609.918s][info][gc,phases   ] GC(6321)   Evacuate Collection Set: 20.3ms
[2025-01-08T23:42:19.552+0000][184609.918s][info][gc,phases   ] GC(6321)   Post Evacuate Collection Set: 5.1ms
[2025-01-08T23:42:19.552+0000][184609.918s][info][gc,phases   ] GC(6321)   Other: 0.2ms
[2025-01-08T23:42:19.552+0000][184609.918s][info][gc,heap     ] GC(6321) Eden regions: 917->0(914)
[2025-01-08T23:42:19.552+0000][184609.918s][info][gc,heap     ] GC(6321) Survivor regions: 4->7(116)
[2025-01-08T23:42:19.552+0000][184609.918s][info][gc,heap     ] GC(6321) Old regions: 230->230
[2025-01-08T23:42:19.552+0000][184609.918s][info][gc,heap     ] GC(6321) Archive regions: 2->2
[2025-01-08T23:42:19.552+0000][184609.918s][info][gc,heap     ] GC(6321) Humongous regions: 49->49
[2025-01-08T23:42:19.552+0000][184609.918s][info][gc,metaspace] GC(6321) Metaspace: 524049K(533824K)->524049K(533824K) NonClass: 460201K(465088K)->460201K(465088K) Class: 63848K(68736K)->63848K(68736K)
[2025-01-08T23:42:19.552+0000][184609.918s][info][gc          ] GC(6321) Pause Young (Normal) (G1 Evacuation Pause) 9602M->2285M(12288M) 26.350ms
[2025-01-08T23:42:19.552+0000][184609.918s][info][gc,cpu      ] GC(6321) User=0.15s Sys=0.00s Real=0.03s
[2025-01-08T23:42:29.911+0000][184620.277s][info][gc,start    ] GC(6322) Pause Young (Normal) (G1 Evacuation Pause)
[2025-01-08T23:42:29.911+0000][184620.277s][info][gc,task     ] GC(6322) Using 6 workers of 6 for evacuation
[2025-01-08T23:42:29.940+0000][184620.306s][info][gc,phases   ] GC(6322)   Pre Evacuate Collection Set: 0.2ms
[2025-01-08T23:42:29.940+0000][184620.306s][info][gc,phases   ] GC(6322)   Merge Heap Roots: 0.4ms
[2025-01-08T23:42:29.940+0000][184620.306s][info][gc,phases   ] GC(6322)   Evacuate Collection Set: 25.2ms
[2025-01-08T23:42:29.940+0000][184620.306s][info][gc,phases   ] GC(6322)   Post Evacuate Collection Set: 3.3ms
[2025-01-08T23:42:29.940+0000][184620.306s][info][gc,phases   ] GC(6322)   Other: 0.2ms
[2025-01-08T23:42:29.940+0000][184620.306s][info][gc,heap     ] GC(6322) Eden regions: 914->0(913)
[2025-01-08T23:42:29.940+0000][184620.306s][info][gc,heap     ] GC(6322) Survivor regions: 7->8(116)
[2025-01-08T23:42:29.940+0000][184620.306s][info][gc,heap     ] GC(6322) Old regions: 230->230
[2025-01-08T23:42:29.940+0000][184620.306s][info][gc,heap     ] GC(6322) Archive regions: 2->2
[2025-01-08T23:42:29.940+0000][184620.306s][info][gc,heap     ] GC(6322) Humongous regions: 49->49
[2025-01-08T23:42:29.940+0000][184620.306s][info][gc,metaspace] GC(6322) Metaspace: 524049K(533824K)->524049K(533824K) NonClass: 460201K(465088K)->460201K(465088K) Class: 63848K(68736K)->63848K(68736K)
[2025-01-08T23:42:29.940+0000][184620.306s][info][gc          ] GC(6322) Pause Young (Normal) (G1 Evacuation Pause) 9597M->2298M(12288M) 29.382ms
[2025-01-08T23:42:29.940+0000][184620.306s][info][gc,cpu      ] GC(6322) User=0.17s Sys=0.00s Real=0.02s
[2025-01-08T23:42:37.762+0000][184628.128s][info][gc,start    ] GC(6323) Pause Young (Concurrent Start) (G1 Evacuation Pause)
[2025-01-08T23:42:37.762+0000][184628.128s][info][gc,task     ] GC(6323) Using 6 workers of 6 for evacuation
[2025-01-08T23:42:37.795+0000][184628.161s][info][gc,phases   ] GC(6323)   Pre Evacuate Collection Set: 1.1ms
[2025-01-08T23:42:37.795+0000][184628.161s][info][gc,phases   ] GC(6323)   Merge Heap Roots: 0.5ms
[2025-01-08T23:42:37.795+0000][184628.161s][info][gc,phases   ] GC(6323)   Evacuate Collection Set: 28.2ms
[2025-01-08T23:42:37.795+0000][184628.161s][info][gc,phases   ] GC(6323)   Post Evacuate Collection Set: 3.4ms
[2025-01-08T23:42:37.795+0000][184628.161s][info][gc,phases   ] GC(6323)   Other: 0.3ms
[2025-01-08T23:42:37.795+0000][184628.161s][info][gc,heap     ] GC(6323) Eden regions: 913->0(912)
[2025-01-08T23:42:37.795+0000][184628.161s][info][gc,heap     ] GC(6323) Survivor regions: 8->9(116)
[2025-01-08T23:42:37.795+0000][184628.161s][info][gc,heap     ] GC(6323) Old regions: 230->230
[2025-01-08T23:42:37.795+0000][184628.161s][info][gc,heap     ] GC(6323) Archive regions: 2->2
[2025-01-08T23:42:37.795+0000][184628.161s][info][gc,heap     ] GC(6323) Humongous regions: 49->49
[2025-01-08T23:42:37.795+0000][184628.161s][info][gc,metaspace] GC(6323) Metaspace: 524049K(533824K)->524049K(533824K) NonClass: 460201K(465088K)->460201K(465088K) Class: 63848K(68736K)->63848K(68736K)
[2025-01-08T23:42:37.795+0000][184628.161s][info][gc          ] GC(6323) Pause Young (Concurrent Start) (G1 Evacuation Pause) 9602M->2302M(12288M) 33.511ms
[2025-01-08T23:42:37.795+0000][184628.161s][info][gc,cpu      ] GC(6323) User=0.20s Sys=0.00s Real=0.03s
[2025-01-08T23:42:37.795+0000][184628.161s][info][gc          ] GC(6324) Concurrent Mark Cycle
[2025-01-08T23:42:37.795+0000][184628.162s][info][gc,marking  ] GC(6324) Concurrent Clear Claimed Marks
[2025-01-08T23:42:37.796+0000][184628.162s][info][gc,marking  ] GC(6324) Concurrent Clear Claimed Marks 0.954ms
[2025-01-08T23:42:37.796+0000][184628.162s][info][gc,marking  ] GC(6324) Concurrent Scan Root Regions
[2025-01-08T23:42:37.822+0000][184628.188s][info][gc,marking  ] GC(6324) Concurrent Scan Root Regions 25.735ms
[2025-01-08T23:42:37.822+0000][184628.188s][info][gc,marking  ] GC(6324) Concurrent Mark
[2025-01-08T23:42:37.822+0000][184628.188s][info][gc,marking  ] GC(6324) Concurrent Mark From Roots
[2025-01-08T23:42:37.822+0000][184628.188s][info][gc,task     ] GC(6324) Using 2 workers of 2 for marking
[2025-01-08T23:42:38.710+0000][184629.076s][info][gc,marking  ] GC(6324) Concurrent Mark From Roots 888.161ms
[2025-01-08T23:42:38.710+0000][184629.076s][info][gc,marking  ] GC(6324) Concurrent Preclean
[2025-01-08T23:42:38.713+0000][184629.079s][info][gc,marking  ] GC(6324) Concurrent Preclean 2.625ms
[2025-01-08T23:42:38.713+0000][184629.079s][info][gc,start    ] GC(6324) Pause Remark
[2025-01-08T23:42:38.739+0000][184629.106s][info][gc          ] GC(6324) Pause Remark 3202M->3202M(12288M) 26.298ms
[2025-01-08T23:42:38.740+0000][184629.106s][info][gc,cpu      ] GC(6324) User=0.15s Sys=0.00s Real=0.02s
[2025-01-08T23:42:38.740+0000][184629.106s][info][gc,marking  ] GC(6324) Concurrent Mark 917.431ms
[2025-01-08T23:42:38.740+0000][184629.106s][info][gc,marking  ] GC(6324) Concurrent Rebuild Remembered Sets
[2025-01-08T23:42:39.338+0000][184629.704s][info][gc,marking  ] GC(6324) Concurrent Rebuild Remembered Sets 598.229ms
[2025-01-08T23:42:39.338+0000][184629.704s][info][gc,start    ] GC(6324) Pause Cleanup
[2025-01-08T23:42:39.338+0000][184629.705s][info][gc          ] GC(6324) Pause Cleanup 3854M->3854M(12288M) 0.437ms
[2025-01-08T23:42:39.338+0000][184629.705s][info][gc,cpu      ] GC(6324) User=0.00s Sys=0.00s Real=0.00s
[2025-01-08T23:42:39.339+0000][184629.705s][info][gc,marking  ] GC(6324) Concurrent Cleanup for Next Mark
[2025-01-08T23:42:39.354+0000][184629.720s][info][gc,marking  ] GC(6324) Concurrent Cleanup for Next Mark 15.359ms
[2025-01-08T23:42:39.354+0000][184629.720s][info][gc          ] GC(6324) Concurrent Mark Cycle 1558.528ms
[2025-01-08T23:42:43.389+0000][184633.755s][info][gc,start    ] GC(6325) Pause Young (Prepare Mixed) (G1 Evacuation Pause)
[2025-01-08T23:42:43.389+0000][184633.755s][info][gc,task     ] GC(6325) Using 6 workers of 6 for evacuation
[2025-01-08T23:42:43.424+0000][184633.790s][info][gc,phases   ] GC(6325)   Pre Evacuate Collection Set: 0.2ms
[2025-01-08T23:42:43.424+0000][184633.790s][info][gc,phases   ] GC(6325)   Merge Heap Roots: 0.7ms
[2025-01-08T23:42:43.424+0000][184633.790s][info][gc,phases   ] GC(6325)   Evacuate Collection Set: 31.4ms
[2025-01-08T23:42:43.424+0000][184633.790s][info][gc,phases   ] GC(6325)   Post Evacuate Collection Set: 2.6ms
[2025-01-08T23:42:43.424+0000][184633.790s][info][gc,phases   ] GC(6325)   Other: 0.2ms
[2025-01-08T23:42:43.424+0000][184633.790s][info][gc,heap     ] GC(6325) Eden regions: 912->0(66)
[2025-01-08T23:42:43.424+0000][184633.790s][info][gc,heap     ] GC(6325) Survivor regions: 9->10(116)
[2025-01-08T23:42:43.424+0000][184633.790s][info][gc,heap     ] GC(6325) Old regions: 230->230
[2025-01-08T23:42:43.424+0000][184633.790s][info][gc,heap     ] GC(6325) Archive regions: 2->2
[2025-01-08T23:42:43.424+0000][184633.790s][info][gc,heap     ] GC(6325) Humongous regions: 49->49
[2025-01-08T23:42:43.424+0000][184633.790s][info][gc,metaspace] GC(6325) Metaspace: 524049K(533824K)->524049K(533824K) NonClass: 460201K(465088K)->460201K(465088K) Class: 63848K(68736K)->63848K(68736K)
[2025-01-08T23:42:43.424+0000][184633.790s][info][gc          ] GC(6325) Pause Young (Prepare Mixed) (G1 Evacuation Pause) 9598M->2310M(12288M) 35.213ms
[2025-01-08T23:42:43.424+0000][184633.790s][info][gc,cpu      ] GC(6325) User=0.21s Sys=0.00s Real=0.04s
[2025-01-08T23:42:44.889+0000][184635.255s][info][gc,start    ] GC(6326) Pause Young (Mixed) (G1 Evacuation Pause)
[2025-01-08T23:42:44.889+0000][184635.255s][info][gc,task     ] GC(6326) Using 6 workers of 6 for evacuation
[2025-01-08T23:42:44.953+0000][184635.319s][info][gc,phases   ] GC(6326)   Pre Evacuate Collection Set: 0.2ms
[2025-01-08T23:42:44.953+0000][184635.320s][info][gc,phases   ] GC(6326)   Merge Heap Roots: 0.7ms
[2025-01-08T23:42:44.953+0000][184635.320s][info][gc,phases   ] GC(6326)   Evacuate Collection Set: 61.2ms
[2025-01-08T23:42:44.953+0000][184635.320s][info][gc,phases   ] GC(6326)   Post Evacuate Collection Set: 1.8ms
[2025-01-08T23:42:44.953+0000][184635.320s][info][gc,phases   ] GC(6326)   Other: 0.2ms
[2025-01-08T23:42:44.953+0000][184635.320s][info][gc,heap     ] GC(6326) Eden regions: 66->0(916)
[2025-01-08T23:42:44.953+0000][184635.320s][info][gc,heap     ] GC(6326) Survivor regions: 10->5(10)
[2025-01-08T23:42:44.953+0000][184635.320s][info][gc,heap     ] GC(6326) Old regions: 230->230
[2025-01-08T23:42:44.953+0000][184635.320s][info][gc,heap     ] GC(6326) Archive regions: 2->2
[2025-01-08T23:42:44.953+0000][184635.320s][info][gc,heap     ] GC(6326) Humongous regions: 49->49
[2025-01-08T23:42:44.953+0000][184635.320s][info][gc,metaspace] GC(6326) Metaspace: 524049K(533824K)->524049K(533824K) NonClass: 460201K(465088K)->460201K(465088K) Class: 63848K(68736K)->63848K(68736K)
[2025-01-08T23:42:44.954+0000][184635.320s][info][gc          ] GC(6326) Pause Young (Mixed) (G1 Evacuation Pause) 2838M->2269M(12288M) 64.211ms
[2025-01-08T23:42:44.954+0000][184635.320s][info][gc,cpu      ] GC(6326) User=0.37s Sys=0.00s Real=0.07s
[2025-01-08T23:42:52.986+0000][184643.352s][info][gc,start    ] GC(6327) Pause Young (Normal) (G1 Evacuation Pause)
[2025-01-08T23:42:52.986+0000][184643.352s][info][gc,task     ] GC(6327) Using 6 workers of 6 for evacuation
[2025-01-08T23:42:53.014+0000][184643.380s][info][gc,phases   ] GC(6327)   Pre Evacuate Collection Set: 0.2ms
[2025-01-08T23:42:53.014+0000][184643.380s][info][gc,phases   ] GC(6327)   Merge Heap Roots: 0.4ms
[2025-01-08T23:42:53.014+0000][184643.380s][info][gc,phases   ] GC(6327)   Evacuate Collection Set: 24.5ms
[2025-01-08T23:42:53.014+0000][184643.380s][info][gc,phases   ] GC(6327)   Post Evacuate Collection Set: 2.6ms
[2025-01-08T23:42:53.014+0000][184643.380s][info][gc,phases   ] GC(6327)   Other: 0.2ms
[2025-01-08T23:42:53.014+0000][184643.380s][info][gc,heap     ] GC(6327) Eden regions: 916->0(914)
[2025-01-08T23:42:53.014+0000][184643.380s][info][gc,heap     ] GC(6327) Survivor regions: 5->7(116)
[2025-01-08T23:42:53.014+0000][184643.380s][info][gc,heap     ] GC(6327) Old regions: 230->230
[2025-01-08T23:42:53.014+0000][184643.380s][info][gc,heap     ] GC(6327) Archive regions: 2->2
[2025-01-08T23:42:53.014+0000][184643.380s][info][gc,heap     ] GC(6327) Humongous regions: 49->49
[2025-01-08T23:42:53.014+0000][184643.380s][info][gc,metaspace] GC(6327) Metaspace: 524051K(533824K)->524051K(533824K) NonClass: 460203K(465088K)->460203K(465088K) Class: 63848K(68736K)->63848K(68736K)
[2025-01-08T23:42:53.014+0000][184643.380s][info][gc          ] GC(6327) Pause Young (Normal) (G1 Evacuation Pause) 9597M->2283M(12288M) 28.050ms
[2025-01-08T23:42:53.014+0000][184643.380s][info][gc,cpu      ] GC(6327) User=0.16s Sys=0.00s Real=0.03s
[2025-01-08T23:42:57.516+0000][184647.882s][info][gc,start    ] GC(6328) Pause Young (Normal) (G1 Evacuation Pause)
[2025-01-08T23:42:57.516+0000][184647.882s][info][gc,task     ] GC(6328) Using 6 workers of 6 for evacuation
[2025-01-08T23:42:57.542+0000][184647.908s][info][gc,phases   ] GC(6328)   Pre Evacuate Collection Set: 0.2ms
[2025-01-08T23:42:57.542+0000][184647.908s][info][gc,phases   ] GC(6328)   Merge Heap Roots: 0.4ms
[2025-01-08T23:42:57.542+0000][184647.908s][info][gc,phases   ] GC(6328)   Evacuate Collection Set: 22.8ms
[2025-01-08T23:42:57.542+0000][184647.908s][info][gc,phases   ] GC(6328)   Post Evacuate Collection Set: 2.3ms
[2025-01-08T23:42:57.542+0000][184647.908s][info][gc,phases   ] GC(6328)   Other: 0.2ms
[2025-01-08T23:42:57.542+0000][184647.908s][info][gc,heap     ] GC(6328) Eden regions: 914->0(914)
[2025-01-08T23:42:57.542+0000][184647.908s][info][gc,heap     ] GC(6328) Survivor regions: 7->7(116)
[2025-01-08T23:42:57.542+0000][184647.908s][info][gc,heap     ] GC(6328) Old regions: 230->230
[2025-01-08T23:42:57.542+0000][184647.908s][info][gc,heap     ] GC(6328) Archive regions: 2->2
[2025-01-08T23:42:57.542+0000][184647.908s][info][gc,heap     ] GC(6328) Humongous regions: 49->49
[2025-01-08T23:42:57.542+0000][184647.908s][info][gc,metaspace] GC(6328) Metaspace: 524051K(533824K)->524051K(533824K) NonClass: 460203K(465088K)->460203K(465088K) Class: 63848K(68736K)->63848K(68736K)
[2025-01-08T23:42:57.542+0000][184647.908s][info][gc          ] GC(6328) Pause Young (Normal) (G1 Evacuation Pause) 9595M->2285M(12288M) 26.041ms
[2025-01-08T23:42:57.542+0000][184647.908s][info][gc,cpu      ] GC(6328) User=0.15s Sys=0.00s Real=0.03s
[2025-01-08T23:43:02.875+0000][184653.241s][info][gc,start    ] GC(6329) Pause Young (Concurrent Start) (G1 Evacuation Pause)
[2025-01-08T23:43:02.875+0000][184653.241s][info][gc,task     ] GC(6329) Using 6 workers of 6 for evacuation
[2025-01-08T23:43:02.906+0000][184653.272s][info][gc,phases   ] GC(6329)   Pre Evacuate Collection Set: 1.1ms
[2025-01-08T23:43:02.906+0000][184653.272s][info][gc,phases   ] GC(6329)   Merge Heap Roots: 0.5ms
[2025-01-08T23:43:02.906+0000][184653.272s][info][gc,phases   ] GC(6329)   Evacuate Collection Set: 26.7ms
[2025-01-08T23:43:02.906+0000][184653.272s][info][gc,phases   ] GC(6329)   Post Evacuate Collection Set: 2.4ms
[2025-01-08T23:43:02.906+0000][184653.272s][info][gc,phases   ] GC(6329)   Other: 0.3ms
[2025-01-08T23:43:02.906+0000][184653.272s][info][gc,heap     ] GC(6329) Eden regions: 914->0(913)
[2025-01-08T23:43:02.906+0000][184653.272s][info][gc,heap     ] GC(6329) Survivor regions: 7->8(116)
[2025-01-08T23:43:02.906+0000][184653.272s][info][gc,heap     ] GC(6329) Old regions: 230->230
[2025-01-08T23:43:02.906+0000][184653.272s][info][gc,heap     ] GC(6329) Archive regions: 2->2
[2025-01-08T23:43:02.906+0000][184653.272s][info][gc,heap     ] GC(6329) Humongous regions: 49->49
[2025-01-08T23:43:02.906+0000][184653.272s][info][gc,metaspace] GC(6329) Metaspace: 524051K(533824K)->524051K(533824K) NonClass: 460203K(465088K)->460203K(465088K) Class: 63848K(68736K)->63848K(68736K)
[2025-01-08T23:43:02.906+0000][184653.272s][info][gc          ] GC(6329) Pause Young (Concurrent Start) (G1 Evacuation Pause) 9597M->2291M(12288M) 30.988ms
[2025-01-08T23:43:02.906+0000][184653.272s][info][gc,cpu      ] GC(6329) User=0.17s Sys=0.00s Real=0.03s
[2025-01-08T23:43:02.906+0000][184653.272s][info][gc          ] GC(6330) Concurrent Mark Cycle
[2025-01-08T23:43:02.906+0000][184653.272s][info][gc,marking  ] GC(6330) Concurrent Clear Claimed Marks
[2025-01-08T23:43:02.907+0000][184653.273s][info][gc,marking  ] GC(6330) Concurrent Clear Claimed Marks 0.908ms
[2025-01-08T23:43:02.907+0000][184653.273s][info][gc,marking  ] GC(6330) Concurrent Scan Root Regions
[2025-01-08T23:43:02.932+0000][184653.298s][info][gc,marking  ] GC(6330) Concurrent Scan Root Regions 25.334ms
[2025-01-08T23:43:02.932+0000][184653.298s][info][gc,marking  ] GC(6330) Concurrent Mark
[2025-01-08T23:43:02.932+0000][184653.298s][info][gc,marking  ] GC(6330) Concurrent Mark From Roots
[2025-01-08T23:43:02.932+0000][184653.298s][info][gc,task     ] GC(6330) Using 2 workers of 2 for marking
[2025-01-08T23:43:03.731+0000][184654.097s][info][gc,marking  ] GC(6330) Concurrent Mark From Roots 798.877ms
[2025-01-08T23:43:03.731+0000][184654.097s][info][gc,marking  ] GC(6330) Concurrent Preclean
[2025-01-08T23:43:03.735+0000][184654.101s][info][gc,marking  ] GC(6330) Concurrent Preclean 3.613ms
[2025-01-08T23:43:03.735+0000][184654.101s][info][gc,start    ] GC(6330) Pause Remark
[2025-01-08T23:43:03.761+0000][184654.127s][info][gc          ] GC(6330) Pause Remark 3067M->3067M(12288M) 25.595ms
[2025-01-08T23:43:03.761+0000][184654.127s][info][gc,cpu      ] GC(6330) User=0.14s Sys=0.01s Real=0.02s
[2025-01-08T23:43:03.761+0000][184654.127s][info][gc,marking  ] GC(6330) Concurrent Mark 828.486ms
[2025-01-08T23:43:03.761+0000][184654.127s][info][gc,marking  ] GC(6330) Concurrent Rebuild Remembered Sets
[2025-01-08T23:43:04.376+0000][184654.743s][info][gc,marking  ] GC(6330) Concurrent Rebuild Remembered Sets 615.631ms
[2025-01-08T23:43:04.377+0000][184654.743s][info][gc,start    ] GC(6330) Pause Cleanup
[2025-01-08T23:43:04.377+0000][184654.743s][info][gc          ] GC(6330) Pause Cleanup 3692M->3692M(12288M) 0.412ms
[2025-01-08T23:43:04.377+0000][184654.743s][info][gc,cpu      ] GC(6330) User=0.00s Sys=0.00s Real=0.00s
[2025-01-08T23:43:04.377+0000][184654.743s][info][gc,marking  ] GC(6330) Concurrent Cleanup for Next Mark
[2025-01-08T23:43:04.393+0000][184654.759s][info][gc,marking  ] GC(6330) Concurrent Cleanup for Next Mark 15.848ms
[2025-01-08T23:43:04.393+0000][184654.759s][info][gc          ] GC(6330) Concurrent Mark Cycle 1487.009ms
[2025-01-08T23:43:10.620+0000][184660.986s][info][gc,start    ] GC(6331) Pause Young (Prepare Mixed) (G1 Evacuation Pause)
[2025-01-08T23:43:10.620+0000][184660.986s][info][gc,task     ] GC(6331) Using 6 workers of 6 for evacuation
[2025-01-08T23:43:10.661+0000][184661.027s][info][gc,phases   ] GC(6331)   Pre Evacuate Collection Set: 0.2ms
[2025-01-08T23:43:10.661+0000][184661.027s][info][gc,phases   ] GC(6331)   Merge Heap Roots: 0.7ms
[2025-01-08T23:43:10.661+0000][184661.027s][info][gc,phases   ] GC(6331)   Evacuate Collection Set: 34.3ms
[2025-01-08T23:43:10.661+0000][184661.027s][info][gc,phases   ] GC(6331)   Post Evacuate Collection Set: 5.9ms
[2025-01-08T23:43:10.661+0000][184661.027s][info][gc,phases   ] GC(6331)   Other: 0.2ms
[2025-01-08T23:43:10.661+0000][184661.027s][info][gc,heap     ] GC(6331) Eden regions: 913->0(66)
[2025-01-08T23:43:10.661+0000][184661.027s][info][gc,heap     ] GC(6331) Survivor regions: 8->10(116)
[2025-01-08T23:43:10.661+0000][184661.027s][info][gc,heap     ] GC(6331) Old regions: 230->230
[2025-01-08T23:43:10.661+0000][184661.027s][info][gc,heap     ] GC(6331) Archive regions: 2->2
[2025-01-08T23:43:10.661+0000][184661.027s][info][gc,heap     ] GC(6331) Humongous regions: 49->49
[2025-01-08T23:43:10.661+0000][184661.027s][info][gc,metaspace] GC(6331) Metaspace: 524051K(533824K)->524051K(533824K) NonClass: 460203K(465088K)->460203K(465088K) Class: 63848K(68736K)->63848K(68736K)
[2025-01-08T23:43:10.661+0000][184661.027s][info][gc          ] GC(6331) Pause Young (Prepare Mixed) (G1 Evacuation Pause) 9595M->2311M(12288M) 41.375ms
[2025-01-08T23:43:10.661+0000][184661.027s][info][gc,cpu      ] GC(6331) User=0.24s Sys=0.00s Real=0.04s
[2025-01-08T23:43:11.154+0000][184661.520s][info][gc,start    ] GC(6332) Pause Young (Mixed) (G1 Evacuation Pause)
[2025-01-08T23:43:11.154+0000][184661.520s][info][gc,task     ] GC(6332) Using 6 workers of 6 for evacuation
[2025-01-08T23:43:11.221+0000][184661.587s][info][gc,phases   ] GC(6332)   Pre Evacuate Collection Set: 0.2ms
[2025-01-08T23:43:11.221+0000][184661.588s][info][gc,phases   ] GC(6332)   Merge Heap Roots: 0.8ms
[2025-01-08T23:43:11.221+0000][184661.588s][info][gc,phases   ] GC(6332)   Evacuate Collection Set: 64.7ms
[2025-01-08T23:43:11.221+0000][184661.588s][info][gc,phases   ] GC(6332)   Post Evacuate Collection Set: 1.6ms
[2025-01-08T23:43:11.221+0000][184661.588s][info][gc,phases   ] GC(6332)   Other: 0.2ms
[2025-01-08T23:43:11.221+0000][184661.588s][info][gc,heap     ] GC(6332) Eden regions: 66->0(916)
[2025-01-08T23:43:11.221+0000][184661.588s][info][gc,heap     ] GC(6332) Survivor regions: 10->5(10)
[2025-01-08T23:43:11.221+0000][184661.588s][info][gc,heap     ] GC(6332) Old regions: 230->229
[2025-01-08T23:43:11.221+0000][184661.588s][info][gc,heap     ] GC(6332) Archive regions: 2->2
[2025-01-08T23:43:11.221+0000][184661.588s][info][gc,heap     ] GC(6332) Humongous regions: 49->49
[2025-01-08T23:43:11.221+0000][184661.588s][info][gc,metaspace] GC(6332) Metaspace: 524051K(533824K)->524051K(533824K) NonClass: 460203K(465088K)->460203K(465088K) Class: 63848K(68736K)->63848K(68736K)
[2025-01-08T23:43:11.222+0000][184661.588s][info][gc          ] GC(6332) Pause Young (Mixed) (G1 Evacuation Pause) 2839M->2264M(12288M) 67.605ms
[2025-01-08T23:43:11.222+0000][184661.588s][info][gc,cpu      ] GC(6332) User=0.40s Sys=0.00s Real=0.07s
[2025-01-08T23:43:16.590+0000][184666.956s][info][gc,start    ] GC(6333) Pause Young (Normal) (G1 Evacuation Pause)
[2025-01-08T23:43:16.590+0000][184666.956s][info][gc,task     ] GC(6333) Using 6 workers of 6 for evacuation
[2025-01-08T23:43:16.612+0000][184666.978s][info][gc,phases   ] GC(6333)   Pre Evacuate Collection Set: 0.2ms
[2025-01-08T23:43:16.612+0000][184666.978s][info][gc,phases   ] GC(6333)   Merge Heap Roots: 0.4ms
[2025-01-08T23:43:16.612+0000][184666.978s][info][gc,phases   ] GC(6333)   Evacuate Collection Set: 18.9ms
[2025-01-08T23:43:16.612+0000][184666.978s][info][gc,phases   ] GC(6333)   Post Evacuate Collection Set: 2.4ms
[2025-01-08T23:43:16.612+0000][184666.978s][info][gc,phases   ] GC(6333)   Other: 0.2ms
[2025-01-08T23:43:16.612+0000][184666.978s][info][gc,heap     ] GC(6333) Eden regions: 916->0(916)
[2025-01-08T23:43:16.612+0000][184666.978s][info][gc,heap     ] GC(6333) Survivor regions: 5->5(116)
[2025-01-08T23:43:16.612+0000][184666.978s][info][gc,heap     ] GC(6333) Old regions: 229->229
[2025-01-08T23:43:16.612+0000][184666.978s][info][gc,heap     ] GC(6333) Archive regions: 2->2
[2025-01-08T23:43:16.612+0000][184666.978s][info][gc,heap     ] GC(6333) Humongous regions: 49->49
[2025-01-08T23:43:16.612+0000][184666.978s][info][gc,metaspace] GC(6333) Metaspace: 524051K(533824K)->524051K(533824K) NonClass: 460203K(465088K)->460203K(465088K) Class: 63848K(68736K)->63848K(68736K)
[2025-01-08T23:43:16.612+0000][184666.979s][info][gc          ] GC(6333) Pause Young (Normal) (G1 Evacuation Pause) 9592M->2267M(12288M) 22.080ms
[2025-01-08T23:43:16.612+0000][184666.979s][info][gc,cpu      ] GC(6333) User=0.12s Sys=0.00s Real=0.02s
[2025-01-08T23:43:21.825+0000][184672.191s][info][gc,start    ] GC(6334) Pause Young (Normal) (G1 Evacuation Pause)
[2025-01-08T23:43:21.825+0000][184672.191s][info][gc,task     ] GC(6334) Using 6 workers of 6 for evacuation
[2025-01-08T23:43:21.851+0000][184672.217s][info][gc,phases   ] GC(6334)   Pre Evacuate Collection Set: 0.2ms
[2025-01-08T23:43:21.851+0000][184672.217s][info][gc,phases   ] GC(6334)   Merge Heap Roots: 0.4ms
[2025-01-08T23:43:21.851+0000][184672.217s][info][gc,phases   ] GC(6334)   Evacuate Collection Set: 22.2ms
[2025-01-08T23:43:21.851+0000][184672.217s][info][gc,phases   ] GC(6334)   Post Evacuate Collection Set: 2.5ms
[2025-01-08T23:43:21.851+0000][184672.217s][info][gc,phases   ] GC(6334)   Other: 0.2ms
[2025-01-08T23:43:21.851+0000][184672.217s][info][gc,heap     ] GC(6334) Eden regions: 916->0(914)
[2025-01-08T23:43:21.851+0000][184672.217s][info][gc,heap     ] GC(6334) Survivor regions: 5->7(116)
[2025-01-08T23:43:21.851+0000][184672.217s][info][gc,heap     ] GC(6334) Old regions: 229->229
[2025-01-08T23:43:21.851+0000][184672.217s][info][gc,heap     ] GC(6334) Archive regions: 2->2
[2025-01-08T23:43:21.851+0000][184672.217s][info][gc,heap     ] GC(6334) Humongous regions: 49->49
[2025-01-08T23:43:21.851+0000][184672.217s][info][gc,metaspace] GC(6334) Metaspace: 524051K(533824K)->524051K(533824K) NonClass: 460203K(465088K)->460203K(465088K) Class: 63848K(68736K)->63848K(68736K)
[2025-01-08T23:43:21.851+0000][184672.217s][info][gc          ] GC(6334) Pause Young (Normal) (G1 Evacuation Pause) 9595M->2279M(12288M) 25.584ms
[2025-01-08T23:43:21.851+0000][184672.217s][info][gc,cpu      ] GC(6334) User=0.15s Sys=0.00s Real=0.03s
[2025-01-08T23:43:30.409+0000][184680.775s][info][gc,start    ] GC(6335) Pause Young (Concurrent Start) (G1 Evacuation Pause)
[2025-01-08T23:43:30.409+0000][184680.775s][info][gc,task     ] GC(6335) Using 6 workers of 6 for evacuation
[2025-01-08T23:43:30.440+0000][184680.806s][info][gc,phases   ] GC(6335)   Pre Evacuate Collection Set: 1.1ms
[2025-01-08T23:43:30.440+0000][184680.806s][info][gc,phases   ] GC(6335)   Merge Heap Roots: 0.4ms
[2025-01-08T23:43:30.440+0000][184680.806s][info][gc,phases   ] GC(6335)   Evacuate Collection Set: 25.2ms
[2025-01-08T23:43:30.440+0000][184680.806s][info][gc,phases   ] GC(6335)   Post Evacuate Collection Set: 3.9ms
[2025-01-08T23:43:30.440+0000][184680.806s][info][gc,phases   ] GC(6335)   Other: 0.3ms
[2025-01-08T23:43:30.440+0000][184680.806s][info][gc,heap     ] GC(6335) Eden regions: 914->0(913)
[2025-01-08T23:43:30.440+0000][184680.806s][info][gc,heap     ] GC(6335) Survivor regions: 7->8(116)
[2025-01-08T23:43:30.440+0000][184680.806s][info][gc,heap     ] GC(6335) Old regions: 229->229
[2025-01-08T23:43:30.440+0000][184680.806s][info][gc,heap     ] GC(6335) Archive regions: 2->2
[2025-01-08T23:43:30.440+0000][184680.806s][info][gc,heap     ] GC(6335) Humongous regions: 49->49
[2025-01-08T23:43:30.440+0000][184680.806s][info][gc,metaspace] GC(6335) Metaspace: 524051K(533824K)->524051K(533824K) NonClass: 460203K(465088K)->460203K(465088K) Class: 63848K(68736K)->63848K(68736K)
[2025-01-08T23:43:30.440+0000][184680.806s][info][gc          ] GC(6335) Pause Young (Concurrent Start) (G1 Evacuation Pause) 9591M->2287M(12288M) 31.086ms
[2025-01-08T23:43:30.440+0000][184680.806s][info][gc,cpu      ] GC(6335) User=0.18s Sys=0.01s Real=0.03s
[2025-01-08T23:43:30.440+0000][184680.806s][info][gc          ] GC(6336) Concurrent Mark Cycle
[2025-01-08T23:43:30.440+0000][184680.807s][info][gc,marking  ] GC(6336) Concurrent Clear Claimed Marks
[2025-01-08T23:43:30.441+0000][184680.807s][info][gc,marking  ] GC(6336) Concurrent Clear Claimed Marks 0.951ms
[2025-01-08T23:43:30.441+0000][184680.807s][info][gc,marking  ] GC(6336) Concurrent Scan Root Regions
[2025-01-08T23:43:30.463+0000][184680.829s][info][gc,marking  ] GC(6336) Concurrent Scan Root Regions 21.768ms
[2025-01-08T23:43:30.463+0000][184680.829s][info][gc,marking  ] GC(6336) Concurrent Mark
[2025-01-08T23:43:30.463+0000][184680.829s][info][gc,marking  ] GC(6336) Concurrent Mark From Roots
[2025-01-08T23:43:30.463+0000][184680.829s][info][gc,task     ] GC(6336) Using 2 workers of 2 for marking
[2025-01-08T23:43:31.321+0000][184681.687s][info][gc,marking  ] GC(6336) Concurrent Mark From Roots 858.120ms
[2025-01-08T23:43:31.321+0000][184681.687s][info][gc,marking  ] GC(6336) Concurrent Preclean
[2025-01-08T23:43:31.325+0000][184681.691s][info][gc,marking  ] GC(6336) Concurrent Preclean 3.540ms
[2025-01-08T23:43:31.325+0000][184681.691s][info][gc,start    ] GC(6336) Pause Remark
[2025-01-08T23:43:31.351+0000][184681.717s][info][gc          ] GC(6336) Pause Remark 3039M->3039M(12288M) 25.878ms
[2025-01-08T23:43:31.351+0000][184681.717s][info][gc,cpu      ] GC(6336) User=0.14s Sys=0.00s Real=0.03s
[2025-01-08T23:43:31.351+0000][184681.717s][info][gc,marking  ] GC(6336) Concurrent Mark 887.856ms
[2025-01-08T23:43:31.351+0000][184681.717s][info][gc,marking  ] GC(6336) Concurrent Rebuild Remembered Sets
[2025-01-08T23:43:31.948+0000][184682.314s][info][gc,marking  ] GC(6336) Concurrent Rebuild Remembered Sets 597.218ms
[2025-01-08T23:43:31.948+0000][184682.315s][info][gc,start    ] GC(6336) Pause Cleanup
[2025-01-08T23:43:31.949+0000][184682.315s][info][gc          ] GC(6336) Pause Cleanup 3716M->3716M(12288M) 0.413ms
[2025-01-08T23:43:31.949+0000][184682.315s][info][gc,cpu      ] GC(6336) User=0.00s Sys=0.00s Real=0.00s
[2025-01-08T23:43:31.949+0000][184682.315s][info][gc,marking  ] GC(6336) Concurrent Cleanup for Next Mark
[2025-01-08T23:43:31.965+0000][184682.331s][info][gc,marking  ] GC(6336) Concurrent Cleanup for Next Mark 16.031ms
[2025-01-08T23:43:31.965+0000][184682.331s][info][gc          ] GC(6336) Concurrent Mark Cycle 1524.713ms
[2025-01-08T23:43:39.777+0000][184690.143s][info][gc,start    ] GC(6337) Pause Young (Prepare Mixed) (G1 Evacuation Pause)
[2025-01-08T23:43:39.777+0000][184690.143s][info][gc,task     ] GC(6337) Using 6 workers of 6 for evacuation
[2025-01-08T23:43:39.810+0000][184690.176s][info][gc,phases   ] GC(6337)   Pre Evacuate Collection Set: 0.2ms
[2025-01-08T23:43:39.810+0000][184690.176s][info][gc,phases   ] GC(6337)   Merge Heap Roots: 0.7ms
[2025-01-08T23:43:39.810+0000][184690.176s][info][gc,phases   ] GC(6337)   Evacuate Collection Set: 29.3ms
[2025-01-08T23:43:39.810+0000][184690.176s][info][gc,phases   ] GC(6337)   Post Evacuate Collection Set: 2.6ms
[2025-01-08T23:43:39.810+0000][184690.176s][info][gc,phases   ] GC(6337)   Other: 0.2ms
[2025-01-08T23:43:39.810+0000][184690.176s][info][gc,heap     ] GC(6337) Eden regions: 913->0(68)
[2025-01-08T23:43:39.810+0000][184690.176s][info][gc,heap     ] GC(6337) Survivor regions: 8->8(116)
[2025-01-08T23:43:39.810+0000][184690.176s][info][gc,heap     ] GC(6337) Old regions: 229->229
[2025-01-08T23:43:39.810+0000][184690.176s][info][gc,heap     ] GC(6337) Archive regions: 2->2
[2025-01-08T23:43:39.810+0000][184690.176s][info][gc,heap     ] GC(6337) Humongous regions: 49->49
[2025-01-08T23:43:39.810+0000][184690.176s][info][gc,metaspace] GC(6337) Metaspace: 524051K(533824K)->524051K(533824K) NonClass: 460203K(465088K)->460203K(465088K) Class: 63848K(68736K)->63848K(68736K)
[2025-01-08T23:43:39.810+0000][184690.177s][info][gc          ] GC(6337) Pause Young (Prepare Mixed) (G1 Evacuation Pause) 9591M->2291M(12288M) 33.125ms
[2025-01-08T23:43:39.810+0000][184690.177s][info][gc,cpu      ] GC(6337) User=0.19s Sys=0.00s Real=0.04s
[2025-01-08T23:43:40.376+0000][184690.742s][info][gc,start    ] GC(6338) Pause Young (Mixed) (G1 Evacuation Pause)
[2025-01-08T23:43:40.376+0000][184690.742s][info][gc,task     ] GC(6338) Using 6 workers of 6 for evacuation
[2025-01-08T23:43:40.446+0000][184690.812s][info][gc,phases   ] GC(6338)   Pre Evacuate Collection Set: 0.2ms
[2025-01-08T23:43:40.446+0000][184690.812s][info][gc,phases   ] GC(6338)   Merge Heap Roots: 0.7ms
[2025-01-08T23:43:40.446+0000][184690.812s][info][gc,phases   ] GC(6338)   Evacuate Collection Set: 66.6ms
[2025-01-08T23:43:40.446+0000][184690.812s][info][gc,phases   ] GC(6338)   Post Evacuate Collection Set: 1.8ms
[2025-01-08T23:43:40.446+0000][184690.812s][info][gc,phases   ] GC(6338)   Other: 0.2ms
[2025-01-08T23:43:40.446+0000][184690.812s][info][gc,heap     ] GC(6338) Eden regions: 68->0(916)
[2025-01-08T23:43:40.446+0000][184690.812s][info][gc,heap     ] GC(6338) Survivor regions: 8->5(10)
[2025-01-08T23:43:40.446+0000][184690.812s][info][gc,heap     ] GC(6338) Old regions: 229->228
[2025-01-08T23:43:40.446+0000][184690.812s][info][gc,heap     ] GC(6338) Archive regions: 2->2
[2025-01-08T23:43:40.446+0000][184690.812s][info][gc,heap     ] GC(6338) Humongous regions: 49->49
[2025-01-08T23:43:40.446+0000][184690.812s][info][gc,metaspace] GC(6338) Metaspace: 524051K(533824K)->524051K(533824K) NonClass: 460203K(465088K)->460203K(465088K) Class: 63848K(68736K)->63848K(68736K)
[2025-01-08T23:43:40.446+0000][184690.812s][info][gc          ] GC(6338) Pause Young (Mixed) (G1 Evacuation Pause) 2835M->2258M(12288M) 69.601ms
[2025-01-08T23:43:40.446+0000][184690.812s][info][gc,cpu      ] GC(6338) User=0.40s Sys=0.01s Real=0.07s
[2025-01-08T23:43:46.837+0000][184697.203s][info][gc,start    ] GC(6339) Pause Young (Normal) (G1 Evacuation Pause)
[2025-01-08T23:43:46.837+0000][184697.203s][info][gc,task     ] GC(6339) Using 6 workers of 6 for evacuation
[2025-01-08T23:43:46.866+0000][184697.232s][info][gc,phases   ] GC(6339)   Pre Evacuate Collection Set: 0.2ms
[2025-01-08T23:43:46.866+0000][184697.232s][info][gc,phases   ] GC(6339)   Merge Heap Roots: 0.5ms
[2025-01-08T23:43:46.866+0000][184697.232s][info][gc,phases   ] GC(6339)   Evacuate Collection Set: 26.3ms
[2025-01-08T23:43:46.866+0000][184697.232s][info][gc,phases   ] GC(6339)   Post Evacuate Collection Set: 2.5ms
[2025-01-08T23:43:46.866+0000][184697.232s][info][gc,phases   ] GC(6339)   Other: 0.2ms
[2025-01-08T23:43:46.866+0000][184697.232s][info][gc,heap     ] GC(6339) Eden regions: 916->0(914)
[2025-01-08T23:43:46.866+0000][184697.232s][info][gc,heap     ] GC(6339) Survivor regions: 5->7(116)
[2025-01-08T23:43:46.866+0000][184697.232s][info][gc,heap     ] GC(6339) Old regions: 228->228
[2025-01-08T23:43:46.866+0000][184697.232s][info][gc,heap     ] GC(6339) Archive regions: 2->2
[2025-01-08T23:43:46.866+0000][184697.232s][info][gc,heap     ] GC(6339) Humongous regions: 49->49
[2025-01-08T23:43:46.866+0000][184697.232s][info][gc,metaspace] GC(6339) Metaspace: 524051K(533824K)->524051K(533824K) NonClass: 460203K(465088K)->460203K(465088K) Class: 63848K(68736K)->63848K(68736K)
[2025-01-08T23:43:46.866+0000][184697.232s][info][gc          ] GC(6339) Pause Young (Normal) (G1 Evacuation Pause) 9586M->2276M(12288M) 29.719ms
[2025-01-08T23:43:46.866+0000][184697.232s][info][gc,cpu      ] GC(6339) User=0.18s Sys=0.00s Real=0.03s
[2025-01-08T23:43:54.871+0000][184705.237s][info][gc,start    ] GC(6340) Pause Young (Normal) (G1 Evacuation Pause)
[2025-01-08T23:43:54.871+0000][184705.237s][info][gc,task     ] GC(6340) Using 6 workers of 6 for evacuation
[2025-01-08T23:43:54.900+0000][184705.266s][info][gc,phases   ] GC(6340)   Pre Evacuate Collection Set: 0.2ms
[2025-01-08T23:43:54.900+0000][184705.266s][info][gc,phases   ] GC(6340)   Merge Heap Roots: 0.4ms
[2025-01-08T23:43:54.900+0000][184705.266s][info][gc,phases   ] GC(6340)   Evacuate Collection Set: 24.8ms
[2025-01-08T23:43:54.900+0000][184705.266s][info][gc,phases   ] GC(6340)   Post Evacuate Collection Set: 2.7ms
[2025-01-08T23:43:54.900+0000][184705.266s][info][gc,phases   ] GC(6340)   Other: 0.2ms
[2025-01-08T23:43:54.900+0000][184705.266s][info][gc,heap     ] GC(6340) Eden regions: 914->0(914)
[2025-01-08T23:43:54.900+0000][184705.266s][info][gc,heap     ] GC(6340) Survivor regions: 7->7(116)
[2025-01-08T23:43:54.900+0000][184705.266s][info][gc,heap     ] GC(6340) Old regions: 228->228
[2025-01-08T23:43:54.900+0000][184705.266s][info][gc,heap     ] GC(6340) Archive regions: 2->2
[2025-01-08T23:43:54.900+0000][184705.266s][info][gc,heap     ] GC(6340) Humongous regions: 49->49
[2025-01-08T23:43:54.900+0000][184705.266s][info][gc,metaspace] GC(6340) Metaspace: 524051K(533824K)->524051K(533824K) NonClass: 460203K(465088K)->460203K(465088K) Class: 63848K(68736K)->63848K(68736K)
[2025-01-08T23:43:54.900+0000][184705.266s][info][gc          ] GC(6340) Pause Young (Normal) (G1 Evacuation Pause) 9588M->2275M(12288M) 28.401ms
[2025-01-08T23:43:54.900+0000][184705.266s][info][gc,cpu      ] GC(6340) User=0.17s Sys=0.00s Real=0.02s
[2025-01-08T23:44:03.781+0000][184714.147s][info][gc,start    ] GC(6341) Pause Young (Concurrent Start) (G1 Evacuation Pause)
[2025-01-08T23:44:03.781+0000][184714.147s][info][gc,task     ] GC(6341) Using 6 workers of 6 for evacuation
[2025-01-08T23:44:03.814+0000][184714.180s][info][gc,phases   ] GC(6341)   Pre Evacuate Collection Set: 1.1ms
[2025-01-08T23:44:03.814+0000][184714.180s][info][gc,phases   ] GC(6341)   Merge Heap Roots: 0.5ms
[2025-01-08T23:44:03.814+0000][184714.180s][info][gc,phases   ] GC(6341)   Evacuate Collection Set: 29.1ms
[2025-01-08T23:44:03.814+0000][184714.180s][info][gc,phases   ] GC(6341)   Post Evacuate Collection Set: 2.6ms
[2025-01-08T23:44:03.814+0000][184714.180s][info][gc,phases   ] GC(6341)   Other: 0.3ms
[2025-01-08T23:44:03.814+0000][184714.180s][info][gc,heap     ] GC(6341) Eden regions: 914->0(913)
[2025-01-08T23:44:03.814+0000][184714.180s][info][gc,heap     ] GC(6341) Survivor regions: 7->8(116)
[2025-01-08T23:44:03.814+0000][184714.180s][info][gc,heap     ] GC(6341) Old regions: 228->228
[2025-01-08T23:44:03.814+0000][184714.180s][info][gc,heap     ] GC(6341) Archive regions: 2->2
[2025-01-08T23:44:03.814+0000][184714.180s][info][gc,heap     ] GC(6341) Humongous regions: 49->49
[2025-01-08T23:44:03.814+0000][184714.180s][info][gc,metaspace] GC(6341) Metaspace: 524051K(533824K)->524051K(533824K) NonClass: 460203K(465088K)->460203K(465088K) Class: 63848K(68736K)->63848K(68736K)
[2025-01-08T23:44:03.814+0000][184714.180s][info][gc          ] GC(6341) Pause Young (Concurrent Start) (G1 Evacuation Pause) 9587M->2285M(12288M) 33.583ms
[2025-01-08T23:44:03.814+0000][184714.180s][info][gc,cpu      ] GC(6341) User=0.19s Sys=0.00s Real=0.04s
[2025-01-08T23:44:03.814+0000][184714.180s][info][gc          ] GC(6342) Concurrent Mark Cycle
[2025-01-08T23:44:03.814+0000][184714.181s][info][gc,marking  ] GC(6342) Concurrent Clear Claimed Marks
[2025-01-08T23:44:03.815+0000][184714.181s][info][gc,marking  ] GC(6342) Concurrent Clear Claimed Marks 0.923ms
[2025-01-08T23:44:03.815+0000][184714.181s][info][gc,marking  ] GC(6342) Concurrent Scan Root Regions
[2025-01-08T23:44:03.842+0000][184714.208s][info][gc,marking  ] GC(6342) Concurrent Scan Root Regions 26.697ms
[2025-01-08T23:44:03.842+0000][184714.208s][info][gc,marking  ] GC(6342) Concurrent Mark
[2025-01-08T23:44:03.842+0000][184714.208s][info][gc,marking  ] GC(6342) Concurrent Mark From Roots
[2025-01-08T23:44:03.842+0000][184714.208s][info][gc,task     ] GC(6342) Using 2 workers of 2 for marking
[2025-01-08T23:44:04.682+0000][184715.048s][info][gc,marking  ] GC(6342) Concurrent Mark From Roots 839.494ms
[2025-01-08T23:44:04.682+0000][184715.048s][info][gc,marking  ] GC(6342) Concurrent Preclean
[2025-01-08T23:44:04.684+0000][184715.050s][info][gc,marking  ] GC(6342) Concurrent Preclean 2.769ms
[2025-01-08T23:44:04.685+0000][184715.051s][info][gc,start    ] GC(6342) Pause Remark
[2025-01-08T23:44:04.711+0000][184715.078s][info][gc          ] GC(6342) Pause Remark 3169M->3169M(12288M) 26.804ms
[2025-01-08T23:44:04.711+0000][184715.078s][info][gc,cpu      ] GC(6342) User=0.15s Sys=0.00s Real=0.03s
[2025-01-08T23:44:04.712+0000][184715.078s][info][gc,marking  ] GC(6342) Concurrent Mark 869.511ms
[2025-01-08T23:44:04.712+0000][184715.078s][info][gc,marking  ] GC(6342) Concurrent Rebuild Remembered Sets
[2025-01-08T23:44:05.301+0000][184715.667s][info][gc,marking  ] GC(6342) Concurrent Rebuild Remembered Sets 589.216ms
[2025-01-08T23:44:05.301+0000][184715.667s][info][gc,start    ] GC(6342) Pause Cleanup
[2025-01-08T23:44:05.301+0000][184715.667s][info][gc          ] GC(6342) Pause Cleanup 3976M->3976M(12288M) 0.392ms
[2025-01-08T23:44:05.301+0000][184715.667s][info][gc,cpu      ] GC(6342) User=0.00s Sys=0.00s Real=0.00s
[2025-01-08T23:44:05.301+0000][184715.668s][info][gc,marking  ] GC(6342) Concurrent Cleanup for Next Mark
[2025-01-08T23:44:05.317+0000][184715.683s][info][gc,marking  ] GC(6342) Concurrent Cleanup for Next Mark 15.567ms
[2025-01-08T23:44:05.317+0000][184715.683s][info][gc          ] GC(6342) Concurrent Mark Cycle 1502.698ms
[2025-01-08T23:44:18.807+0000][184729.173s][info][gc,start    ] GC(6343) Pause Young (Prepare Mixed) (G1 Evacuation Pause)
[2025-01-08T23:44:18.807+0000][184729.173s][info][gc,task     ] GC(6343) Using 6 workers of 6 for evacuation
[2025-01-08T23:44:18.848+0000][184729.215s][info][gc,phases   ] GC(6343)   Pre Evacuate Collection Set: 0.2ms
[2025-01-08T23:44:18.848+0000][184729.215s][info][gc,phases   ] GC(6343)   Merge Heap Roots: 0.7ms
[2025-01-08T23:44:18.848+0000][184729.215s][info][gc,phases   ] GC(6343)   Evacuate Collection Set: 35.1ms
[2025-01-08T23:44:18.849+0000][184729.215s][info][gc,phases   ] GC(6343)   Post Evacuate Collection Set: 5.6ms
[2025-01-08T23:44:18.849+0000][184729.215s][info][gc,phases   ] GC(6343)   Other: 0.2ms
[2025-01-08T23:44:18.849+0000][184729.215s][info][gc,heap     ] GC(6343) Eden regions: 913->0(64)
[2025-01-08T23:44:18.849+0000][184729.215s][info][gc,heap     ] GC(6343) Survivor regions: 8->12(116)
[2025-01-08T23:44:18.849+0000][184729.215s][info][gc,heap     ] GC(6343) Old regions: 228->228
[2025-01-08T23:44:18.849+0000][184729.215s][info][gc,heap     ] GC(6343) Archive regions: 2->2
[2025-01-08T23:44:18.849+0000][184729.215s][info][gc,heap     ] GC(6343) Humongous regions: 49->49
[2025-01-08T23:44:18.849+0000][184729.215s][info][gc,metaspace] GC(6343) Metaspace: 524051K(533824K)->524051K(533824K) NonClass: 460203K(465088K)->460203K(465088K) Class: 63848K(68736K)->63848K(68736K)
[2025-01-08T23:44:18.849+0000][184729.215s][info][gc          ] GC(6343) Pause Young (Prepare Mixed) (G1 Evacuation Pause) 9589M->2313M(12288M) 41.930ms
[2025-01-08T23:44:18.849+0000][184729.215s][info][gc,cpu      ] GC(6343) User=0.25s Sys=0.00s Real=0.04s
[2025-01-08T23:44:20.040+0000][184730.406s][info][gc,start    ] GC(6344) Pause Young (Mixed) (G1 Evacuation Pause)
[2025-01-08T23:44:20.040+0000][184730.406s][info][gc,task     ] GC(6344) Using 6 workers of 6 for evacuation
[2025-01-08T23:44:20.113+0000][184730.479s][info][gc,phases   ] GC(6344)   Pre Evacuate Collection Set: 0.2ms
[2025-01-08T23:44:20.113+0000][184730.479s][info][gc,phases   ] GC(6344)   Merge Heap Roots: 0.7ms
[2025-01-08T23:44:20.113+0000][184730.479s][info][gc,phases   ] GC(6344)   Evacuate Collection Set: 70.0ms
[2025-01-08T23:44:20.113+0000][184730.479s][info][gc,phases   ] GC(6344)   Post Evacuate Collection Set: 2.6ms
[2025-01-08T23:44:20.113+0000][184730.479s][info][gc,phases   ] GC(6344)   Other: 0.2ms
[2025-01-08T23:44:20.113+0000][184730.479s][info][gc,heap     ] GC(6344) Eden regions: 64->0(914)
[2025-01-08T23:44:20.113+0000][184730.479s][info][gc,heap     ] GC(6344) Survivor regions: 12->7(10)
[2025-01-08T23:44:20.113+0000][184730.479s][info][gc,heap     ] GC(6344) Old regions: 228->230
[2025-01-08T23:44:20.113+0000][184730.479s][info][gc,heap     ] GC(6344) Archive regions: 2->2
[2025-01-08T23:44:20.113+0000][184730.479s][info][gc,heap     ] GC(6344) Humongous regions: 49->49
[2025-01-08T23:44:20.113+0000][184730.479s][info][gc,metaspace] GC(6344) Metaspace: 524051K(533824K)->524051K(533824K) NonClass: 460203K(465088K)->460203K(465088K) Class: 63848K(68736K)->63848K(68736K)
[2025-01-08T23:44:20.113+0000][184730.479s][info][gc          ] GC(6344) Pause Young (Mixed) (G1 Evacuation Pause) 2825M->2289M(12288M) 73.708ms
[2025-01-08T23:44:20.113+0000][184730.479s][info][gc,cpu      ] GC(6344) User=0.42s Sys=0.00s Real=0.08s
[2025-01-08T23:44:33.957+0000][184744.323s][info][gc,start    ] GC(6345) Pause Young (Normal) (G1 Evacuation Pause)
[2025-01-08T23:44:33.957+0000][184744.323s][info][gc,task     ] GC(6345) Using 6 workers of 6 for evacuation
[2025-01-08T23:44:33.986+0000][184744.352s][info][gc,phases   ] GC(6345)   Pre Evacuate Collection Set: 0.2ms
[2025-01-08T23:44:33.986+0000][184744.352s][info][gc,phases   ] GC(6345)   Merge Heap Roots: 0.4ms
[2025-01-08T23:44:33.986+0000][184744.352s][info][gc,phases   ] GC(6345)   Evacuate Collection Set: 24.2ms
[2025-01-08T23:44:33.986+0000][184744.352s][info][gc,phases   ] GC(6345)   Post Evacuate Collection Set: 3.3ms
[2025-01-08T23:44:33.986+0000][184744.352s][info][gc,phases   ] GC(6345)   Other: 0.2ms
[2025-01-08T23:44:33.986+0000][184744.352s][info][gc,heap     ] GC(6345) Eden regions: 914->0(914)
[2025-01-08T23:44:33.986+0000][184744.352s][info][gc,heap     ] GC(6345) Survivor regions: 7->7(116)
[2025-01-08T23:44:33.986+0000][184744.352s][info][gc,heap     ] GC(6345) Old regions: 230->230
[2025-01-08T23:44:33.986+0000][184744.352s][info][gc,heap     ] GC(6345) Archive regions: 2->2
[2025-01-08T23:44:33.986+0000][184744.352s][info][gc,heap     ] GC(6345) Humongous regions: 49->49
[2025-01-08T23:44:33.986+0000][184744.352s][info][gc,metaspace] GC(6345) Metaspace: 524051K(533824K)->524051K(533824K) NonClass: 460203K(465088K)->460203K(465088K) Class: 63848K(68736K)->63848K(68736K)
[2025-01-08T23:44:33.986+0000][184744.352s][info][gc          ] GC(6345) Pause Young (Normal) (G1 Evacuation Pause) 9601M->2287M(12288M) 28.456ms
[2025-01-08T23:44:33.986+0000][184744.352s][info][gc,cpu      ] GC(6345) User=0.17s Sys=0.00s Real=0.03s
[2025-01-08T23:44:42.380+0000][184752.746s][info][gc,start    ] GC(6346) Pause Young (Normal) (G1 Evacuation Pause)
[2025-01-08T23:44:42.380+0000][184752.746s][info][gc,task     ] GC(6346) Using 6 workers of 6 for evacuation
[2025-01-08T23:44:42.407+0000][184752.773s][info][gc,phases   ] GC(6346)   Pre Evacuate Collection Set: 0.2ms
[2025-01-08T23:44:42.407+0000][184752.773s][info][gc,phases   ] GC(6346)   Merge Heap Roots: 0.4ms
[2025-01-08T23:44:42.407+0000][184752.773s][info][gc,phases   ] GC(6346)   Evacuate Collection Set: 23.6ms
[2025-01-08T23:44:42.407+0000][184752.773s][info][gc,phases   ] GC(6346)   Post Evacuate Collection Set: 2.5ms
[2025-01-08T23:44:42.407+0000][184752.773s][info][gc,phases   ] GC(6346)   Other: 0.2ms
[2025-01-08T23:44:42.407+0000][184752.773s][info][gc,heap     ] GC(6346) Eden regions: 914->0(913)
[2025-01-08T23:44:42.407+0000][184752.773s][info][gc,heap     ] GC(6346) Survivor regions: 7->8(116)
[2025-01-08T23:44:42.407+0000][184752.773s][info][gc,heap     ] GC(6346) Old regions: 230->230
[2025-01-08T23:44:42.407+0000][184752.773s][info][gc,heap     ] GC(6346) Archive regions: 2->2
[2025-01-08T23:44:42.407+0000][184752.773s][info][gc,heap     ] GC(6346) Humongous regions: 49->49
[2025-01-08T23:44:42.407+0000][184752.773s][info][gc,metaspace] GC(6346) Metaspace: 524051K(533824K)->524051K(533824K) NonClass: 460203K(465088K)->460203K(465088K) Class: 63848K(68736K)->63848K(68736K)
[2025-01-08T23:44:42.407+0000][184752.773s][info][gc          ] GC(6346) Pause Young (Normal) (G1 Evacuation Pause) 9599M->2292M(12288M) 27.060ms
[2025-01-08T23:44:42.407+0000][184752.773s][info][gc,cpu      ] GC(6346) User=0.16s Sys=0.00s Real=0.03s
[2025-01-08T23:44:52.064+0000][184762.430s][info][gc,start    ] GC(6347) Pause Young (Concurrent Start) (G1 Evacuation Pause)
[2025-01-08T23:44:52.064+0000][184762.430s][info][gc,task     ] GC(6347) Using 6 workers of 6 for evacuation
[2025-01-08T23:44:52.100+0000][184762.466s][info][gc,phases   ] GC(6347)   Pre Evacuate Collection Set: 1.1ms
[2025-01-08T23:44:52.100+0000][184762.466s][info][gc,phases   ] GC(6347)   Merge Heap Roots: 0.5ms
[2025-01-08T23:44:52.100+0000][184762.466s][info][gc,phases   ] GC(6347)   Evacuate Collection Set: 31.1ms
[2025-01-08T23:44:52.100+0000][184762.466s][info][gc,phases   ] GC(6347)   Post Evacuate Collection Set: 2.8ms
[2025-01-08T23:44:52.100+0000][184762.466s][info][gc,phases   ] GC(6347)   Other: 0.3ms
[2025-01-08T23:44:52.100+0000][184762.466s][info][gc,heap     ] GC(6347) Eden regions: 913->0(912)
[2025-01-08T23:44:52.100+0000][184762.466s][info][gc,heap     ] GC(6347) Survivor regions: 8->9(116)
[2025-01-08T23:44:52.100+0000][184762.466s][info][gc,heap     ] GC(6347) Old regions: 230->230
[2025-01-08T23:44:52.100+0000][184762.466s][info][gc,heap     ] GC(6347) Archive regions: 2->2
[2025-01-08T23:44:52.100+0000][184762.466s][info][gc,heap     ] GC(6347) Humongous regions: 49->49
[2025-01-08T23:44:52.100+0000][184762.466s][info][gc,metaspace] GC(6347) Metaspace: 524051K(533824K)->524051K(533824K) NonClass: 460203K(465088K)->460203K(465088K) Class: 63848K(68736K)->63848K(68736K)
[2025-01-08T23:44:52.100+0000][184762.466s][info][gc          ] GC(6347) Pause Young (Concurrent Start) (G1 Evacuation Pause) 9596M->2302M(12288M) 35.891ms
[2025-01-08T23:44:52.100+0000][184762.466s][info][gc,cpu      ] GC(6347) User=0.20s Sys=0.01s Real=0.03s
[2025-01-08T23:44:52.100+0000][184762.466s][info][gc          ] GC(6348) Concurrent Mark Cycle
[2025-01-08T23:44:52.100+0000][184762.466s][info][gc,marking  ] GC(6348) Concurrent Clear Claimed Marks
[2025-01-08T23:44:52.101+0000][184762.467s][info][gc,marking  ] GC(6348) Concurrent Clear Claimed Marks 0.876ms
[2025-01-08T23:44:52.101+0000][184762.467s][info][gc,marking  ] GC(6348) Concurrent Scan Root Regions
[2025-01-08T23:44:52.121+0000][184762.487s][info][gc,marking  ] GC(6348) Concurrent Scan Root Regions 20.162ms
[2025-01-08T23:44:52.121+0000][184762.487s][info][gc,marking  ] GC(6348) Concurrent Mark
[2025-01-08T23:44:52.121+0000][184762.487s][info][gc,marking  ] GC(6348) Concurrent Mark From Roots
[2025-01-08T23:44:52.121+0000][184762.487s][info][gc,task     ] GC(6348) Using 2 workers of 2 for marking
[2025-01-08T23:44:52.944+0000][184763.310s][info][gc,marking  ] GC(6348) Concurrent Mark From Roots 822.615ms
[2025-01-08T23:44:52.944+0000][184763.310s][info][gc,marking  ] GC(6348) Concurrent Preclean
[2025-01-08T23:44:52.946+0000][184763.313s][info][gc,marking  ] GC(6348) Concurrent Preclean 2.620ms
[2025-01-08T23:44:52.947+0000][184763.313s][info][gc,start    ] GC(6348) Pause Remark
[2025-01-08T23:44:52.975+0000][184763.341s][info][gc          ] GC(6348) Pause Remark 3042M->3042M(12288M) 28.143ms
[2025-01-08T23:44:52.975+0000][184763.341s][info][gc,cpu      ] GC(6348) User=0.16s Sys=0.00s Real=0.03s
[2025-01-08T23:44:52.975+0000][184763.341s][info][gc,marking  ] GC(6348) Concurrent Mark 853.778ms
[2025-01-08T23:44:52.975+0000][184763.341s][info][gc,marking  ] GC(6348) Concurrent Rebuild Remembered Sets
[2025-01-08T23:44:53.491+0000][184763.857s][info][gc,marking  ] GC(6348) Concurrent Rebuild Remembered Sets 515.582ms
[2025-01-08T23:44:53.491+0000][184763.857s][info][gc,start    ] GC(6348) Pause Cleanup
[2025-01-08T23:44:53.491+0000][184763.857s][info][gc          ] GC(6348) Pause Cleanup 3170M->3170M(12288M) 0.383ms
[2025-01-08T23:44:53.491+0000][184763.857s][info][gc,cpu      ] GC(6348) User=0.00s Sys=0.00s Real=0.00s
[2025-01-08T23:44:53.491+0000][184763.857s][info][gc,marking  ] GC(6348) Concurrent Cleanup for Next Mark
[2025-01-08T23:44:53.507+0000][184763.873s][info][gc,marking  ] GC(6348) Concurrent Cleanup for Next Mark 15.440ms
[2025-01-08T23:44:53.507+0000][184763.873s][info][gc          ] GC(6348) Concurrent Mark Cycle 1406.586ms
[2025-01-08T23:45:00.139+0000][184770.505s][info][gc,start    ] GC(6349) Pause Young (Prepare Mixed) (G1 Evacuation Pause)
[2025-01-08T23:45:00.139+0000][184770.505s][info][gc,task     ] GC(6349) Using 6 workers of 6 for evacuation
[2025-01-08T23:45:00.179+0000][184770.545s][info][gc,phases   ] GC(6349)   Pre Evacuate Collection Set: 0.2ms
[2025-01-08T23:45:00.179+0000][184770.545s][info][gc,phases   ] GC(6349)   Merge Heap Roots: 0.9ms
[2025-01-08T23:45:00.179+0000][184770.545s][info][gc,phases   ] GC(6349)   Evacuate Collection Set: 35.2ms
[2025-01-08T23:45:00.179+0000][184770.545s][info][gc,phases   ] GC(6349)   Post Evacuate Collection Set: 3.9ms
[2025-01-08T23:45:00.179+0000][184770.545s][info][gc,phases   ] GC(6349)   Other: 0.2ms
[2025-01-08T23:45:00.179+0000][184770.545s][info][gc,heap     ] GC(6349) Eden regions: 912->0(65)
[2025-01-08T23:45:00.179+0000][184770.545s][info][gc,heap     ] GC(6349) Survivor regions: 9->11(116)
[2025-01-08T23:45:00.179+0000][184770.545s][info][gc,heap     ] GC(6349) Old regions: 230->230
[2025-01-08T23:45:00.179+0000][184770.545s][info][gc,heap     ] GC(6349) Archive regions: 2->2
[2025-01-08T23:45:00.179+0000][184770.545s][info][gc,heap     ] GC(6349) Humongous regions: 49->49
[2025-01-08T23:45:00.179+0000][184770.545s][info][gc,metaspace] GC(6349) Metaspace: 524051K(533824K)->524051K(533824K) NonClass: 460203K(465088K)->460203K(465088K) Class: 63848K(68736K)->63848K(68736K)
[2025-01-08T23:45:00.179+0000][184770.545s][info][gc          ] GC(6349) Pause Young (Prepare Mixed) (G1 Evacuation Pause) 9598M->2321M(12288M) 40.444ms
[2025-01-08T23:45:00.179+0000][184770.545s][info][gc,cpu      ] GC(6349) User=0.24s Sys=0.00s Real=0.04s
[2025-01-08T23:45:01.441+0000][184771.807s][info][gc,start    ] GC(6350) Pause Young (Mixed) (G1 Evacuation Pause)
[2025-01-08T23:45:01.441+0000][184771.807s][info][gc,task     ] GC(6350) Using 6 workers of 6 for evacuation
[2025-01-08T23:45:01.513+0000][184771.880s][info][gc,phases   ] GC(6350)   Pre Evacuate Collection Set: 0.2ms
[2025-01-08T23:45:01.513+0000][184771.880s][info][gc,phases   ] GC(6350)   Merge Heap Roots: 0.8ms
[2025-01-08T23:45:01.513+0000][184771.880s][info][gc,phases   ] GC(6350)   Evacuate Collection Set: 68.4ms
[2025-01-08T23:45:01.513+0000][184771.880s][info][gc,phases   ] GC(6350)   Post Evacuate Collection Set: 3.1ms
[2025-01-08T23:45:01.513+0000][184771.880s][info][gc,phases   ] GC(6350)   Other: 0.2ms
[2025-01-08T23:45:01.513+0000][184771.880s][info][gc,heap     ] GC(6350) Eden regions: 65->0(918)
[2025-01-08T23:45:01.514+0000][184771.880s][info][gc,heap     ] GC(6350) Survivor regions: 11->3(10)
[2025-01-08T23:45:01.514+0000][184771.880s][info][gc,heap     ] GC(6350) Old regions: 230->234
[2025-01-08T23:45:01.514+0000][184771.880s][info][gc,heap     ] GC(6350) Archive regions: 2->2
[2025-01-08T23:45:01.514+0000][184771.880s][info][gc,heap     ] GC(6350) Humongous regions: 49->49
[2025-01-08T23:45:01.514+0000][184771.880s][info][gc,metaspace] GC(6350) Metaspace: 524051K(533824K)->524051K(533824K) NonClass: 460203K(465088K)->460203K(465088K) Class: 63848K(68736K)->63848K(68736K)
[2025-01-08T23:45:01.514+0000][184771.880s][info][gc          ] GC(6350) Pause Young (Mixed) (G1 Evacuation Pause) 2841M->2284M(12288M) 72.797ms
[2025-01-08T23:45:01.514+0000][184771.880s][info][gc,cpu      ] GC(6350) User=0.41s Sys=0.00s Real=0.08s
[2025-01-08T23:45:14.056+0000][184784.422s][info][gc,start    ] GC(6351) Pause Young (Normal) (G1 Evacuation Pause)
[2025-01-08T23:45:14.056+0000][184784.422s][info][gc,task     ] GC(6351) Using 6 workers of 6 for evacuation
[2025-01-08T23:45:14.085+0000][184784.451s][info][gc,phases   ] GC(6351)   Pre Evacuate Collection Set: 0.2ms
[2025-01-08T23:45:14.085+0000][184784.451s][info][gc,phases   ] GC(6351)   Merge Heap Roots: 0.4ms
[2025-01-08T23:45:14.085+0000][184784.451s][info][gc,phases   ] GC(6351)   Evacuate Collection Set: 25.5ms
[2025-01-08T23:45:14.085+0000][184784.451s][info][gc,phases   ] GC(6351)   Post Evacuate Collection Set: 2.7ms
[2025-01-08T23:45:14.085+0000][184784.451s][info][gc,phases   ] GC(6351)   Other: 0.2ms
[2025-01-08T23:45:14.085+0000][184784.451s][info][gc,heap     ] GC(6351) Eden regions: 918->0(914)
[2025-01-08T23:45:14.085+0000][184784.451s][info][gc,heap     ] GC(6351) Survivor regions: 3->7(116)
[2025-01-08T23:45:14.085+0000][184784.451s][info][gc,heap     ] GC(6351) Old regions: 234->234
[2025-01-08T23:45:14.085+0000][184784.451s][info][gc,heap     ] GC(6351) Archive regions: 2->2
[2025-01-08T23:45:14.085+0000][184784.451s][info][gc,heap     ] GC(6351) Humongous regions: 49->49
[2025-01-08T23:45:14.085+0000][184784.451s][info][gc,metaspace] GC(6351) Metaspace: 524051K(533824K)->524051K(533824K) NonClass: 460203K(465088K)->460203K(465088K) Class: 63848K(68736K)->63848K(68736K)
[2025-01-08T23:45:14.085+0000][184784.451s][info][gc          ] GC(6351) Pause Young (Normal) (G1 Evacuation Pause) 9628M->2314M(12288M) 29.074ms
[2025-01-08T23:45:14.085+0000][184784.451s][info][gc,cpu      ] GC(6351) User=0.17s Sys=0.00s Real=0.03s
[2025-01-08T23:45:20.416+0000][184790.782s][info][gc,start    ] GC(6352) Pause Young (Normal) (G1 Evacuation Pause)
[2025-01-08T23:45:20.416+0000][184790.782s][info][gc,task     ] GC(6352) Using 6 workers of 6 for evacuation
[2025-01-08T23:45:20.443+0000][184790.809s][info][gc,phases   ] GC(6352)   Pre Evacuate Collection Set: 0.2ms
[2025-01-08T23:45:20.443+0000][184790.809s][info][gc,phases   ] GC(6352)   Merge Heap Roots: 0.4ms
[2025-01-08T23:45:20.443+0000][184790.809s][info][gc,phases   ] GC(6352)   Evacuate Collection Set: 22.2ms
[2025-01-08T23:45:20.443+0000][184790.809s][info][gc,phases   ] GC(6352)   Post Evacuate Collection Set: 3.8ms
[2025-01-08T23:45:20.443+0000][184790.809s][info][gc,phases   ] GC(6352)   Other: 0.2ms
[2025-01-08T23:45:20.443+0000][184790.809s][info][gc,heap     ] GC(6352) Eden regions: 914->0(913)
[2025-01-08T23:45:20.443+0000][184790.809s][info][gc,heap     ] GC(6352) Survivor regions: 7->8(116)
[2025-01-08T23:45:20.443+0000][184790.809s][info][gc,heap     ] GC(6352) Old regions: 234->234
[2025-01-08T23:45:20.443+0000][184790.809s][info][gc,heap     ] GC(6352) Archive regions: 2->2
[2025-01-08T23:45:20.443+0000][184790.809s][info][gc,heap     ] GC(6352) Humongous regions: 49->49
[2025-01-08T23:45:20.443+0000][184790.809s][info][gc,metaspace] GC(6352) Metaspace: 524051K(533824K)->524051K(533824K) NonClass: 460203K(465088K)->460203K(465088K) Class: 63848K(68736K)->63848K(68736K)
[2025-01-08T23:45:20.443+0000][184790.809s][info][gc          ] GC(6352) Pause Young (Normal) (G1 Evacuation Pause) 9626M->2320M(12288M) 26.941ms
[2025-01-08T23:45:20.443+0000][184790.809s][info][gc,cpu      ] GC(6352) User=0.16s Sys=0.00s Real=0.03s
[2025-01-08T23:45:31.118+0000][184801.484s][info][gc,start    ] GC(6353) Pause Young (Concurrent Start) (G1 Evacuation Pause)
[2025-01-08T23:45:31.118+0000][184801.484s][info][gc,task     ] GC(6353) Using 6 workers of 6 for evacuation
[2025-01-08T23:45:31.150+0000][184801.516s][info][gc,phases   ] GC(6353)   Pre Evacuate Collection Set: 1.1ms
[2025-01-08T23:45:31.150+0000][184801.516s][info][gc,phases   ] GC(6353)   Merge Heap Roots: 0.5ms
[2025-01-08T23:45:31.150+0000][184801.516s][info][gc,phases   ] GC(6353)   Evacuate Collection Set: 27.8ms
[2025-01-08T23:45:31.150+0000][184801.516s][info][gc,phases   ] GC(6353)   Post Evacuate Collection Set: 2.6ms
[2025-01-08T23:45:31.150+0000][184801.516s][info][gc,phases   ] GC(6353)   Other: 0.3ms
[2025-01-08T23:45:31.150+0000][184801.516s][info][gc,heap     ] GC(6353) Eden regions: 913->0(912)
[2025-01-08T23:45:31.150+0000][184801.516s][info][gc,heap     ] GC(6353) Survivor regions: 8->9(116)
[2025-01-08T23:45:31.150+0000][184801.516s][info][gc,heap     ] GC(6353) Old regions: 234->234
[2025-01-08T23:45:31.150+0000][184801.516s][info][gc,heap     ] GC(6353) Archive regions: 2->2
[2025-01-08T23:45:31.150+0000][184801.516s][info][gc,heap     ] GC(6353) Humongous regions: 49->49
[2025-01-08T23:45:31.150+0000][184801.516s][info][gc,metaspace] GC(6353) Metaspace: 524051K(533824K)->524051K(533824K) NonClass: 460203K(465088K)->460203K(465088K) Class: 63848K(68736K)->63848K(68736K)
[2025-01-08T23:45:31.150+0000][184801.516s][info][gc          ] GC(6353) Pause Young (Concurrent Start) (G1 Evacuation Pause) 9624M->2329M(12288M) 32.342ms
[2025-01-08T23:45:31.150+0000][184801.516s][info][gc,cpu      ] GC(6353) User=0.18s Sys=0.00s Real=0.04s
[2025-01-08T23:45:31.150+0000][184801.516s][info][gc          ] GC(6354) Concurrent Mark Cycle
[2025-01-08T23:45:31.150+0000][184801.516s][info][gc,marking  ] GC(6354) Concurrent Clear Claimed Marks
[2025-01-08T23:45:31.151+0000][184801.517s][info][gc,marking  ] GC(6354) Concurrent Clear Claimed Marks 0.906ms
[2025-01-08T23:45:31.151+0000][184801.517s][info][gc,marking  ] GC(6354) Concurrent Scan Root Regions
[2025-01-08T23:45:31.170+0000][184801.537s][info][gc,marking  ] GC(6354) Concurrent Scan Root Regions 19.317ms
[2025-01-08T23:45:31.171+0000][184801.537s][info][gc,marking  ] GC(6354) Concurrent Mark
[2025-01-08T23:45:31.171+0000][184801.537s][info][gc,marking  ] GC(6354) Concurrent Mark From Roots
[2025-01-08T23:45:31.171+0000][184801.537s][info][gc,task     ] GC(6354) Using 2 workers of 2 for marking
[2025-01-08T23:45:31.988+0000][184802.354s][info][gc,marking  ] GC(6354) Concurrent Mark From Roots 817.568ms
[2025-01-08T23:45:31.988+0000][184802.354s][info][gc,marking  ] GC(6354) Concurrent Preclean
[2025-01-08T23:45:31.992+0000][184802.358s][info][gc,marking  ] GC(6354) Concurrent Preclean 3.436ms
[2025-01-08T23:45:31.992+0000][184802.358s][info][gc,start    ] GC(6354) Pause Remark
[2025-01-08T23:45:32.017+0000][184802.383s][info][gc          ] GC(6354) Pause Remark 3173M->3173M(12288M) 25.090ms
[2025-01-08T23:45:32.017+0000][184802.383s][info][gc,cpu      ] GC(6354) User=0.15s Sys=0.00s Real=0.02s
[2025-01-08T23:45:32.017+0000][184802.383s][info][gc,marking  ] GC(6354) Concurrent Mark 846.418ms
[2025-01-08T23:45:32.017+0000][184802.383s][info][gc,marking  ] GC(6354) Concurrent Rebuild Remembered Sets
[2025-01-08T23:45:32.523+0000][184802.889s][info][gc,marking  ] GC(6354) Concurrent Rebuild Remembered Sets 505.641ms
[2025-01-08T23:45:32.523+0000][184802.889s][info][gc,start    ] GC(6354) Pause Cleanup
[2025-01-08T23:45:32.523+0000][184802.889s][info][gc          ] GC(6354) Pause Cleanup 3597M->3597M(12288M) 0.427ms
[2025-01-08T23:45:32.523+0000][184802.889s][info][gc,cpu      ] GC(6354) User=0.00s Sys=0.00s Real=0.00s
[2025-01-08T23:45:32.523+0000][184802.889s][info][gc,marking  ] GC(6354) Concurrent Cleanup for Next Mark
[2025-01-08T23:45:32.539+0000][184802.905s][info][gc,marking  ] GC(6354) Concurrent Cleanup for Next Mark 15.418ms
[2025-01-08T23:45:32.539+0000][184802.905s][info][gc          ] GC(6354) Concurrent Mark Cycle 1388.512ms
[2025-01-08T23:45:39.190+0000][184809.556s][info][gc,start    ] GC(6355) Pause Young (Prepare Mixed) (G1 Evacuation Pause)
[2025-01-08T23:45:39.190+0000][184809.556s][info][gc,task     ] GC(6355) Using 6 workers of 6 for evacuation
[2025-01-08T23:45:39.223+0000][184809.590s][info][gc,phases   ] GC(6355)   Pre Evacuate Collection Set: 0.2ms
[2025-01-08T23:45:39.223+0000][184809.590s][info][gc,phases   ] GC(6355)   Merge Heap Roots: 0.7ms
[2025-01-08T23:45:39.223+0000][184809.590s][info][gc,phases   ] GC(6355)   Evacuate Collection Set: 30.1ms
[2025-01-08T23:45:39.223+0000][184809.590s][info][gc,phases   ] GC(6355)   Post Evacuate Collection Set: 2.5ms
[2025-01-08T23:45:39.223+0000][184809.590s][info][gc,phases   ] GC(6355)   Other: 0.2ms
[2025-01-08T23:45:39.224+0000][184809.590s][info][gc,heap     ] GC(6355) Eden regions: 912->0(67)
[2025-01-08T23:45:39.224+0000][184809.590s][info][gc,heap     ] GC(6355) Survivor regions: 9->9(116)
[2025-01-08T23:45:39.224+0000][184809.590s][info][gc,heap     ] GC(6355) Old regions: 234->234
[2025-01-08T23:45:39.224+0000][184809.590s][info][gc,heap     ] GC(6355) Archive regions: 2->2
[2025-01-08T23:45:39.224+0000][184809.590s][info][gc,heap     ] GC(6355) Humongous regions: 49->49
[2025-01-08T23:45:39.224+0000][184809.590s][info][gc,metaspace] GC(6355) Metaspace: 524051K(533824K)->524051K(533824K) NonClass: 460203K(465088K)->460203K(465088K) Class: 63848K(68736K)->63848K(68736K)
[2025-01-08T23:45:39.224+0000][184809.590s][info][gc          ] GC(6355) Pause Young (Prepare Mixed) (G1 Evacuation Pause) 9625M->2335M(12288M) 33.807ms
[2025-01-08T23:45:39.224+0000][184809.590s][info][gc,cpu      ] GC(6355) User=0.19s Sys=0.01s Real=0.03s
[2025-01-08T23:45:39.743+0000][184810.109s][info][gc,start    ] GC(6356) Pause Young (Mixed) (G1 Evacuation Pause)
[2025-01-08T23:45:39.743+0000][184810.110s][info][gc,task     ] GC(6356) Using 6 workers of 6 for evacuation
[2025-01-08T23:45:39.789+0000][184810.155s][info][gc,phases   ] GC(6356)   Pre Evacuate Collection Set: 0.2ms
[2025-01-08T23:45:39.789+0000][184810.155s][info][gc,phases   ] GC(6356)   Merge Heap Roots: 0.5ms
[2025-01-08T23:45:39.789+0000][184810.155s][info][gc,phases   ] GC(6356)   Evacuate Collection Set: 42.8ms
[2025-01-08T23:45:39.789+0000][184810.155s][info][gc,phases   ] GC(6356)   Post Evacuate Collection Set: 1.6ms
[2025-01-08T23:45:39.789+0000][184810.155s][info][gc,phases   ] GC(6356)   Other: 0.2ms
[2025-01-08T23:45:39.789+0000][184810.155s][info][gc,heap     ] GC(6356) Eden regions: 67->0(915)
[2025-01-08T23:45:39.789+0000][184810.155s][info][gc,heap     ] GC(6356) Survivor regions: 9->6(10)
[2025-01-08T23:45:39.789+0000][184810.155s][info][gc,heap     ] GC(6356) Old regions: 234->230
[2025-01-08T23:45:39.789+0000][184810.155s][info][gc,heap     ] GC(6356) Archive regions: 2->2
[2025-01-08T23:45:39.789+0000][184810.155s][info][gc,heap     ] GC(6356) Humongous regions: 49->49
[2025-01-08T23:45:39.789+0000][184810.155s][info][gc,metaspace] GC(6356) Metaspace: 524051K(533824K)->524051K(533824K) NonClass: 460203K(465088K)->460203K(465088K) Class: 63848K(68736K)->63848K(68736K)
[2025-01-08T23:45:39.789+0000][184810.155s][info][gc          ] GC(6356) Pause Young (Mixed) (G1 Evacuation Pause) 2871M->2283M(12288M) 45.264ms
[2025-01-08T23:45:39.789+0000][184810.155s][info][gc,cpu      ] GC(6356) User=0.27s Sys=0.00s Real=0.04s
[2025-01-08T23:45:51.458+0000][184821.824s][info][gc,start    ] GC(6357) Pause Young (Normal) (G1 Evacuation Pause)
[2025-01-08T23:45:51.458+0000][184821.824s][info][gc,task     ] GC(6357) Using 6 workers of 6 for evacuation
[2025-01-08T23:45:51.487+0000][184821.853s][info][gc,phases   ] GC(6357)   Pre Evacuate Collection Set: 0.2ms
[2025-01-08T23:45:51.487+0000][184821.853s][info][gc,phases   ] GC(6357)   Merge Heap Roots: 0.5ms
[2025-01-08T23:45:51.487+0000][184821.853s][info][gc,phases   ] GC(6357)   Evacuate Collection Set: 26.1ms
[2025-01-08T23:45:51.487+0000][184821.853s][info][gc,phases   ] GC(6357)   Post Evacuate Collection Set: 2.7ms
[2025-01-08T23:45:51.487+0000][184821.853s][info][gc,phases   ] GC(6357)   Other: 0.2ms
[2025-01-08T23:45:51.487+0000][184821.853s][info][gc,heap     ] GC(6357) Eden regions: 915->0(913)
[2025-01-08T23:45:51.487+0000][184821.853s][info][gc,heap     ] GC(6357) Survivor regions: 6->8(116)
[2025-01-08T23:45:51.487+0000][184821.853s][info][gc,heap     ] GC(6357) Old regions: 230->230
[2025-01-08T23:45:51.487+0000][184821.853s][info][gc,heap     ] GC(6357) Archive regions: 2->2
[2025-01-08T23:45:51.487+0000][184821.853s][info][gc,heap     ] GC(6357) Humongous regions: 49->49
[2025-01-08T23:45:51.487+0000][184821.853s][info][gc,metaspace] GC(6357) Metaspace: 524051K(533824K)->524051K(533824K) NonClass: 460203K(465088K)->460203K(465088K) Class: 63848K(68736K)->63848K(68736K)
[2025-01-08T23:45:51.487+0000][184821.854s][info][gc          ] GC(6357) Pause Young (Normal) (G1 Evacuation Pause) 9603M->2295M(12288M) 29.764ms
[2025-01-08T23:45:51.487+0000][184821.854s][info][gc,cpu      ] GC(6357) User=0.17s Sys=0.00s Real=0.03s
[2025-01-08T23:45:58.778+0000][184829.144s][info][gc,start    ] GC(6358) Pause Young (Normal) (G1 Evacuation Pause)
[2025-01-08T23:45:58.778+0000][184829.144s][info][gc,task     ] GC(6358) Using 6 workers of 6 for evacuation
[2025-01-08T23:45:58.810+0000][184829.176s][info][gc,phases   ] GC(6358)   Pre Evacuate Collection Set: 0.2ms
[2025-01-08T23:45:58.810+0000][184829.176s][info][gc,phases   ] GC(6358)   Merge Heap Roots: 0.4ms
[2025-01-08T23:45:58.810+0000][184829.176s][info][gc,phases   ] GC(6358)   Evacuate Collection Set: 26.4ms
[2025-01-08T23:45:58.810+0000][184829.176s][info][gc,phases   ] GC(6358)   Post Evacuate Collection Set: 5.3ms
[2025-01-08T23:45:58.810+0000][184829.176s][info][gc,phases   ] GC(6358)   Other: 0.2ms
[2025-01-08T23:45:58.810+0000][184829.177s][info][gc,heap     ] GC(6358) Eden regions: 913->0(911)
[2025-01-08T23:45:58.810+0000][184829.177s][info][gc,heap     ] GC(6358) Survivor regions: 8->10(116)
[2025-01-08T23:45:58.810+0000][184829.177s][info][gc,heap     ] GC(6358) Old regions: 230->230
[2025-01-08T23:45:58.810+0000][184829.177s][info][gc,heap     ] GC(6358) Archive regions: 2->2
[2025-01-08T23:45:58.810+0000][184829.177s][info][gc,heap     ] GC(6358) Humongous regions: 49->49
[2025-01-08T23:45:58.810+0000][184829.177s][info][gc,metaspace] GC(6358) Metaspace: 524051K(533824K)->524051K(533824K) NonClass: 460203K(465088K)->460203K(465088K) Class: 63848K(68736K)->63848K(68736K)
[2025-01-08T23:45:58.810+0000][184829.177s][info][gc          ] GC(6358) Pause Young (Normal) (G1 Evacuation Pause) 9599M->2312M(12288M) 32.617ms
[2025-01-08T23:45:58.811+0000][184829.177s][info][gc,cpu      ] GC(6358) User=0.19s Sys=0.00s Real=0.04s
[2025-01-08T23:46:08.603+0000][184838.969s][info][gc,start    ] GC(6359) Pause Young (Concurrent Start) (G1 Evacuation Pause)
[2025-01-08T23:46:08.603+0000][184838.970s][info][gc,task     ] GC(6359) Using 6 workers of 6 for evacuation
[2025-01-08T23:46:08.640+0000][184839.006s][info][gc,phases   ] GC(6359)   Pre Evacuate Collection Set: 1.2ms
[2025-01-08T23:46:08.640+0000][184839.006s][info][gc,phases   ] GC(6359)   Merge Heap Roots: 0.5ms
[2025-01-08T23:46:08.640+0000][184839.006s][info][gc,phases   ] GC(6359)   Evacuate Collection Set: 32.1ms
[2025-01-08T23:46:08.640+0000][184839.006s][info][gc,phases   ] GC(6359)   Post Evacuate Collection Set: 2.7ms
[2025-01-08T23:46:08.640+0000][184839.006s][info][gc,phases   ] GC(6359)   Other: 0.3ms
[2025-01-08T23:46:08.640+0000][184839.006s][info][gc,heap     ] GC(6359) Eden regions: 911->0(910)
[2025-01-08T23:46:08.640+0000][184839.006s][info][gc,heap     ] GC(6359) Survivor regions: 10->11(116)
[2025-01-08T23:46:08.640+0000][184839.006s][info][gc,heap     ] GC(6359) Old regions: 230->230
[2025-01-08T23:46:08.640+0000][184839.006s][info][gc,heap     ] GC(6359) Archive regions: 2->2
[2025-01-08T23:46:08.640+0000][184839.006s][info][gc,heap     ] GC(6359) Humongous regions: 49->49
[2025-01-08T23:46:08.640+0000][184839.006s][info][gc,metaspace] GC(6359) Metaspace: 524051K(533824K)->524051K(533824K) NonClass: 460203K(465088K)->460203K(465088K) Class: 63848K(68736K)->63848K(68736K)
[2025-01-08T23:46:08.640+0000][184839.006s][info][gc          ] GC(6359) Pause Young (Concurrent Start) (G1 Evacuation Pause) 9600M->2319M(12288M) 36.774ms
[2025-01-08T23:46:08.640+0000][184839.006s][info][gc,cpu      ] GC(6359) User=0.21s Sys=0.00s Real=0.03s
[2025-01-08T23:46:08.640+0000][184839.006s][info][gc          ] GC(6360) Concurrent Mark Cycle
[2025-01-08T23:46:08.640+0000][184839.006s][info][gc,marking  ] GC(6360) Concurrent Clear Claimed Marks
[2025-01-08T23:46:08.641+0000][184839.007s][info][gc,marking  ] GC(6360) Concurrent Clear Claimed Marks 0.891ms
[2025-01-08T23:46:08.641+0000][184839.007s][info][gc,marking  ] GC(6360) Concurrent Scan Root Regions
[2025-01-08T23:46:08.663+0000][184839.029s][info][gc,marking  ] GC(6360) Concurrent Scan Root Regions 22.093ms
[2025-01-08T23:46:08.663+0000][184839.029s][info][gc,marking  ] GC(6360) Concurrent Mark
[2025-01-08T23:46:08.663+0000][184839.029s][info][gc,marking  ] GC(6360) Concurrent Mark From Roots
[2025-01-08T23:46:08.663+0000][184839.029s][info][gc,task     ] GC(6360) Using 2 workers of 2 for marking
[2025-01-08T23:46:09.459+0000][184839.825s][info][gc,marking  ] GC(6360) Concurrent Mark From Roots 796.039ms
[2025-01-08T23:46:09.459+0000][184839.825s][info][gc,marking  ] GC(6360) Concurrent Preclean
[2025-01-08T23:46:09.462+0000][184839.828s][info][gc,marking  ] GC(6360) Concurrent Preclean 2.484ms
[2025-01-08T23:46:09.462+0000][184839.828s][info][gc,start    ] GC(6360) Pause Remark
[2025-01-08T23:46:09.488+0000][184839.854s][info][gc          ] GC(6360) Pause Remark 2975M->2975M(12288M) 26.049ms
[2025-01-08T23:46:09.488+0000][184839.854s][info][gc,cpu      ] GC(6360) User=0.15s Sys=0.00s Real=0.02s
[2025-01-08T23:46:09.488+0000][184839.854s][info][gc,marking  ] GC(6360) Concurrent Mark 825.029ms
[2025-01-08T23:46:09.488+0000][184839.854s][info][gc,marking  ] GC(6360) Concurrent Rebuild Remembered Sets
[2025-01-08T23:46:10.104+0000][184840.470s][info][gc,marking  ] GC(6360) Concurrent Rebuild Remembered Sets 615.261ms
[2025-01-08T23:46:10.104+0000][184840.470s][info][gc,start    ] GC(6360) Pause Cleanup
[2025-01-08T23:46:10.104+0000][184840.470s][info][gc          ] GC(6360) Pause Cleanup 3772M->3772M(12288M) 0.460ms
[2025-01-08T23:46:10.104+0000][184840.470s][info][gc,cpu      ] GC(6360) User=0.00s Sys=0.00s Real=0.00s
[2025-01-08T23:46:10.104+0000][184840.470s][info][gc,marking  ] GC(6360) Concurrent Cleanup for Next Mark
[2025-01-08T23:46:10.120+0000][184840.487s][info][gc,marking  ] GC(6360) Concurrent Cleanup for Next Mark 16.215ms
[2025-01-08T23:46:10.121+0000][184840.487s][info][gc          ] GC(6360) Concurrent Mark Cycle 1480.304ms
[2025-01-08T23:46:18.257+0000][184848.624s][info][gc,start    ] GC(6361) Pause Young (Prepare Mixed) (G1 Evacuation Pause)
[2025-01-08T23:46:18.257+0000][184848.624s][info][gc,task     ] GC(6361) Using 6 workers of 6 for evacuation
[2025-01-08T23:46:18.299+0000][184848.665s][info][gc,phases   ] GC(6361)   Pre Evacuate Collection Set: 0.2ms
[2025-01-08T23:46:18.299+0000][184848.665s][info][gc,phases   ] GC(6361)   Merge Heap Roots: 0.7ms
[2025-01-08T23:46:18.299+0000][184848.665s][info][gc,phases   ] GC(6361)   Evacuate Collection Set: 36.6ms
[2025-01-08T23:46:18.299+0000][184848.665s][info][gc,phases   ] GC(6361)   Post Evacuate Collection Set: 4.1ms
[2025-01-08T23:46:18.299+0000][184848.665s][info][gc,phases   ] GC(6361)   Other: 0.2ms
[2025-01-08T23:46:18.299+0000][184848.665s][info][gc,heap     ] GC(6361) Eden regions: 910->0(64)
[2025-01-08T23:46:18.299+0000][184848.665s][info][gc,heap     ] GC(6361) Survivor regions: 11->12(116)
[2025-01-08T23:46:18.299+0000][184848.665s][info][gc,heap     ] GC(6361) Old regions: 230->230
[2025-01-08T23:46:18.299+0000][184848.665s][info][gc,heap     ] GC(6361) Archive regions: 2->2
[2025-01-08T23:46:18.299+0000][184848.665s][info][gc,heap     ] GC(6361) Humongous regions: 49->49
[2025-01-08T23:46:18.299+0000][184848.665s][info][gc,metaspace] GC(6361) Metaspace: 524051K(533824K)->524051K(533824K) NonClass: 460203K(465088K)->460203K(465088K) Class: 63848K(68736K)->63848K(68736K)
[2025-01-08T23:46:18.299+0000][184848.665s][info][gc          ] GC(6361) Pause Young (Prepare Mixed) (G1 Evacuation Pause) 9599M->2332M(12288M) 41.850ms
[2025-01-08T23:46:18.299+0000][184848.665s][info][gc,cpu      ] GC(6361) User=0.25s Sys=0.00s Real=0.04s
[2025-01-08T23:46:18.715+0000][184849.081s][info][gc,start    ] GC(6362) Pause Young (Mixed) (G1 Evacuation Pause)
[2025-01-08T23:46:18.715+0000][184849.081s][info][gc,task     ] GC(6362) Using 6 workers of 6 for evacuation
[2025-01-08T23:46:18.783+0000][184849.149s][info][gc,phases   ] GC(6362)   Pre Evacuate Collection Set: 0.2ms
[2025-01-08T23:46:18.783+0000][184849.149s][info][gc,phases   ] GC(6362)   Merge Heap Roots: 0.6ms
[2025-01-08T23:46:18.783+0000][184849.149s][info][gc,phases   ] GC(6362)   Evacuate Collection Set: 65.0ms
[2025-01-08T23:46:18.783+0000][184849.149s][info][gc,phases   ] GC(6362)   Post Evacuate Collection Set: 1.7ms
[2025-01-08T23:46:18.783+0000][184849.149s][info][gc,phases   ] GC(6362)   Other: 0.2ms
[2025-01-08T23:46:18.783+0000][184849.149s][info][gc,heap     ] GC(6362) Eden regions: 64->0(916)
[2025-01-08T23:46:18.783+0000][184849.149s][info][gc,heap     ] GC(6362) Survivor regions: 12->5(10)
[2025-01-08T23:46:18.783+0000][184849.149s][info][gc,heap     ] GC(6362) Old regions: 230->233
[2025-01-08T23:46:18.783+0000][184849.149s][info][gc,heap     ] GC(6362) Archive regions: 2->2
[2025-01-08T23:46:18.783+0000][184849.149s][info][gc,heap     ] GC(6362) Humongous regions: 49->49
[2025-01-08T23:46:18.783+0000][184849.149s][info][gc,metaspace] GC(6362) Metaspace: 524051K(533824K)->524051K(533824K) NonClass: 460203K(465088K)->460203K(465088K) Class: 63848K(68736K)->63848K(68736K)
[2025-01-08T23:46:18.783+0000][184849.149s][info][gc          ] GC(6362) Pause Young (Mixed) (G1 Evacuation Pause) 2844M->2296M(12288M) 67.847ms
[2025-01-08T23:46:18.783+0000][184849.149s][info][gc,cpu      ] GC(6362) User=0.39s Sys=0.00s Real=0.07s
[2025-01-08T23:46:26.268+0000][184856.634s][info][gc,start    ] GC(6363) Pause Young (Normal) (G1 Evacuation Pause)
[2025-01-08T23:46:26.268+0000][184856.634s][info][gc,task     ] GC(6363) Using 6 workers of 6 for evacuation
[2025-01-08T23:46:26.292+0000][184856.658s][info][gc,phases   ] GC(6363)   Pre Evacuate Collection Set: 0.2ms
[2025-01-08T23:46:26.292+0000][184856.658s][info][gc,phases   ] GC(6363)   Merge Heap Roots: 0.4ms
[2025-01-08T23:46:26.292+0000][184856.658s][info][gc,phases   ] GC(6363)   Evacuate Collection Set: 20.3ms
[2025-01-08T23:46:26.292+0000][184856.658s][info][gc,phases   ] GC(6363)   Post Evacuate Collection Set: 2.6ms
[2025-01-08T23:46:26.292+0000][184856.658s][info][gc,phases   ] GC(6363)   Other: 0.2ms
[2025-01-08T23:46:26.292+0000][184856.658s][info][gc,heap     ] GC(6363) Eden regions: 916->0(916)
[2025-01-08T23:46:26.292+0000][184856.658s][info][gc,heap     ] GC(6363) Survivor regions: 5->5(116)
[2025-01-08T23:46:26.292+0000][184856.658s][info][gc,heap     ] GC(6363) Old regions: 233->233
[2025-01-08T23:46:26.292+0000][184856.658s][info][gc,heap     ] GC(6363) Archive regions: 2->2
[2025-01-08T23:46:26.292+0000][184856.658s][info][gc,heap     ] GC(6363) Humongous regions: 49->49
[2025-01-08T23:46:26.292+0000][184856.658s][info][gc,metaspace] GC(6363) Metaspace: 524051K(533824K)->524051K(533824K) NonClass: 460203K(465088K)->460203K(465088K) Class: 63848K(68736K)->63848K(68736K)
[2025-01-08T23:46:26.292+0000][184856.658s][info][gc          ] GC(6363) Pause Young (Normal) (G1 Evacuation Pause) 9624M->2296M(12288M) 23.765ms
[2025-01-08T23:46:26.292+0000][184856.658s][info][gc,cpu      ] GC(6363) User=0.13s Sys=0.00s Real=0.03s
[2025-01-08T23:46:34.693+0000][184865.059s][info][gc,start    ] GC(6364) Pause Young (Normal) (G1 Evacuation Pause)
[2025-01-08T23:46:34.693+0000][184865.060s][info][gc,task     ] GC(6364) Using 6 workers of 6 for evacuation
[2025-01-08T23:46:34.719+0000][184865.085s][info][gc,phases   ] GC(6364)   Pre Evacuate Collection Set: 0.2ms
[2025-01-08T23:46:34.719+0000][184865.085s][info][gc,phases   ] GC(6364)   Merge Heap Roots: 0.4ms
[2025-01-08T23:46:34.719+0000][184865.085s][info][gc,phases   ] GC(6364)   Evacuate Collection Set: 22.2ms
[2025-01-08T23:46:34.719+0000][184865.085s][info][gc,phases   ] GC(6364)   Post Evacuate Collection Set: 2.5ms
[2025-01-08T23:46:34.719+0000][184865.085s][info][gc,phases   ] GC(6364)   Other: 0.2ms
[2025-01-08T23:46:34.719+0000][184865.085s][info][gc,heap     ] GC(6364) Eden regions: 916->0(914)
[2025-01-08T23:46:34.719+0000][184865.085s][info][gc,heap     ] GC(6364) Survivor regions: 5->7(116)
[2025-01-08T23:46:34.719+0000][184865.085s][info][gc,heap     ] GC(6364) Old regions: 233->233
[2025-01-08T23:46:34.719+0000][184865.085s][info][gc,heap     ] GC(6364) Archive regions: 2->2
[2025-01-08T23:46:34.719+0000][184865.085s][info][gc,heap     ] GC(6364) Humongous regions: 49->49
[2025-01-08T23:46:34.719+0000][184865.085s][info][gc,metaspace] GC(6364) Metaspace: 524051K(533824K)->524051K(533824K) NonClass: 460203K(465088K)->460203K(465088K) Class: 63848K(68736K)->63848K(68736K)
[2025-01-08T23:46:34.719+0000][184865.085s][info][gc          ] GC(6364) Pause Young (Normal) (G1 Evacuation Pause) 9624M->2309M(12288M) 25.646ms
[2025-01-08T23:46:34.719+0000][184865.085s][info][gc,cpu      ] GC(6364) User=0.15s Sys=0.00s Real=0.02s
[2025-01-08T23:46:45.481+0000][184875.847s][info][gc,start    ] GC(6365) Pause Young (Concurrent Start) (G1 Evacuation Pause)
[2025-01-08T23:46:45.481+0000][184875.847s][info][gc,task     ] GC(6365) Using 6 workers of 6 for evacuation
[2025-01-08T23:46:45.512+0000][184875.878s][info][gc,phases   ] GC(6365)   Pre Evacuate Collection Set: 1.2ms
[2025-01-08T23:46:45.512+0000][184875.878s][info][gc,phases   ] GC(6365)   Merge Heap Roots: 0.5ms
[2025-01-08T23:46:45.512+0000][184875.878s][info][gc,phases   ] GC(6365)   Evacuate Collection Set: 27.1ms
[2025-01-08T23:46:45.512+0000][184875.878s][info][gc,phases   ] GC(6365)   Post Evacuate Collection Set: 2.7ms
[2025-01-08T23:46:45.512+0000][184875.878s][info][gc,phases   ] GC(6365)   Other: 0.3ms
[2025-01-08T23:46:45.512+0000][184875.878s][info][gc,heap     ] GC(6365) Eden regions: 914->0(913)
[2025-01-08T23:46:45.512+0000][184875.878s][info][gc,heap     ] GC(6365) Survivor regions: 7->8(116)
[2025-01-08T23:46:45.512+0000][184875.878s][info][gc,heap     ] GC(6365) Old regions: 233->233
[2025-01-08T23:46:45.512+0000][184875.878s][info][gc,heap     ] GC(6365) Archive regions: 2->2
[2025-01-08T23:46:45.512+0000][184875.878s][info][gc,heap     ] GC(6365) Humongous regions: 49->49
[2025-01-08T23:46:45.512+0000][184875.878s][info][gc,metaspace] GC(6365) Metaspace: 524051K(533824K)->524051K(533824K) NonClass: 460203K(465088K)->460203K(465088K) Class: 63848K(68736K)->63848K(68736K)
[2025-01-08T23:46:45.512+0000][184875.878s][info][gc          ] GC(6365) Pause Young (Concurrent Start) (G1 Evacuation Pause) 9621M->2320M(12288M) 31.691ms
[2025-01-08T23:46:45.512+0000][184875.878s][info][gc,cpu      ] GC(6365) User=0.18s Sys=0.00s Real=0.04s
[2025-01-08T23:46:45.512+0000][184875.878s][info][gc          ] GC(6366) Concurrent Mark Cycle
[2025-01-08T23:46:45.512+0000][184875.878s][info][gc,marking  ] GC(6366) Concurrent Clear Claimed Marks
[2025-01-08T23:46:45.513+0000][184875.879s][info][gc,marking  ] GC(6366) Concurrent Clear Claimed Marks 0.861ms
[2025-01-08T23:46:45.513+0000][184875.879s][info][gc,marking  ] GC(6366) Concurrent Scan Root Regions
[2025-01-08T23:46:45.531+0000][184875.897s][info][gc,marking  ] GC(6366) Concurrent Scan Root Regions 17.903ms
[2025-01-08T23:46:45.531+0000][184875.897s][info][gc,marking  ] GC(6366) Concurrent Mark
[2025-01-08T23:46:45.531+0000][184875.897s][info][gc,marking  ] GC(6366) Concurrent Mark From Roots
[2025-01-08T23:46:45.531+0000][184875.897s][info][gc,task     ] GC(6366) Using 2 workers of 2 for marking
[2025-01-08T23:46:46.377+0000][184876.744s][info][gc,marking  ] GC(6366) Concurrent Mark From Roots 846.321ms
[2025-01-08T23:46:46.378+0000][184876.744s][info][gc,marking  ] GC(6366) Concurrent Preclean
[2025-01-08T23:46:46.380+0000][184876.746s][info][gc,marking  ] GC(6366) Concurrent Preclean 2.284ms
[2025-01-08T23:46:46.380+0000][184876.746s][info][gc,start    ] GC(6366) Pause Remark
[2025-01-08T23:46:46.406+0000][184876.772s][info][gc          ] GC(6366) Pause Remark 3036M->3036M(12288M) 26.057ms
[2025-01-08T23:46:46.406+0000][184876.772s][info][gc,cpu      ] GC(6366) User=0.15s Sys=0.00s Real=0.03s
[2025-01-08T23:46:46.406+0000][184876.772s][info][gc,marking  ] GC(6366) Concurrent Mark 874.975ms
[2025-01-08T23:46:46.406+0000][184876.772s][info][gc,marking  ] GC(6366) Concurrent Rebuild Remembered Sets
[2025-01-08T23:46:47.047+0000][184877.413s][info][gc,marking  ] GC(6366) Concurrent Rebuild Remembered Sets 641.162ms
[2025-01-08T23:46:47.047+0000][184877.414s][info][gc,start    ] GC(6366) Pause Cleanup
[2025-01-08T23:46:47.048+0000][184877.414s][info][gc          ] GC(6366) Pause Cleanup 3836M->3836M(12288M) 0.426ms
[2025-01-08T23:46:47.048+0000][184877.414s][info][gc,cpu      ] GC(6366) User=0.00s Sys=0.00s Real=0.00s
[2025-01-08T23:46:47.048+0000][184877.414s][info][gc,marking  ] GC(6366) Concurrent Cleanup for Next Mark
[2025-01-08T23:46:47.065+0000][184877.431s][info][gc,marking  ] GC(6366) Concurrent Cleanup for Next Mark 16.544ms
[2025-01-08T23:46:47.065+0000][184877.431s][info][gc          ] GC(6366) Concurrent Mark Cycle 1552.269ms
[2025-01-08T23:46:52.080+0000][184882.446s][info][gc,start    ] GC(6367) Pause Young (Prepare Mixed) (G1 Evacuation Pause)
[2025-01-08T23:46:52.080+0000][184882.446s][info][gc,task     ] GC(6367) Using 6 workers of 6 for evacuation
[2025-01-08T23:46:52.115+0000][184882.481s][info][gc,phases   ] GC(6367)   Pre Evacuate Collection Set: 0.2ms
[2025-01-08T23:46:52.115+0000][184882.481s][info][gc,phases   ] GC(6367)   Merge Heap Roots: 0.7ms
[2025-01-08T23:46:52.115+0000][184882.481s][info][gc,phases   ] GC(6367)   Evacuate Collection Set: 28.9ms
[2025-01-08T23:46:52.115+0000][184882.481s][info][gc,phases   ] GC(6367)   Post Evacuate Collection Set: 5.2ms
[2025-01-08T23:46:52.115+0000][184882.481s][info][gc,phases   ] GC(6367)   Other: 0.2ms
[2025-01-08T23:46:52.115+0000][184882.481s][info][gc,heap     ] GC(6367) Eden regions: 913->0(66)
[2025-01-08T23:46:52.115+0000][184882.481s][info][gc,heap     ] GC(6367) Survivor regions: 8->10(116)
[2025-01-08T23:46:52.115+0000][184882.481s][info][gc,heap     ] GC(6367) Old regions: 233->233
[2025-01-08T23:46:52.115+0000][184882.481s][info][gc,heap     ] GC(6367) Archive regions: 2->2
[2025-01-08T23:46:52.115+0000][184882.481s][info][gc,heap     ] GC(6367) Humongous regions: 49->49
[2025-01-08T23:46:52.115+0000][184882.481s][info][gc,metaspace] GC(6367) Metaspace: 524051K(533824K)->524051K(533824K) NonClass: 460203K(465088K)->460203K(465088K) Class: 63848K(68736K)->63848K(68736K)
[2025-01-08T23:46:52.115+0000][184882.481s][info][gc          ] GC(6367) Pause Young (Prepare Mixed) (G1 Evacuation Pause) 9624M->2336M(12288M) 35.285ms
[2025-01-08T23:46:52.115+0000][184882.482s][info][gc,cpu      ] GC(6367) User=0.20s Sys=0.00s Real=0.04s
[2025-01-08T23:46:53.031+0000][184883.397s][info][gc,start    ] GC(6368) Pause Young (Mixed) (G1 Evacuation Pause)
[2025-01-08T23:46:53.031+0000][184883.397s][info][gc,task     ] GC(6368) Using 6 workers of 6 for evacuation
[2025-01-08T23:46:53.083+0000][184883.449s][info][gc,phases   ] GC(6368)   Pre Evacuate Collection Set: 0.2ms
[2025-01-08T23:46:53.083+0000][184883.449s][info][gc,phases   ] GC(6368)   Merge Heap Roots: 0.5ms
[2025-01-08T23:46:53.083+0000][184883.449s][info][gc,phases   ] GC(6368)   Evacuate Collection Set: 50.0ms
[2025-01-08T23:46:53.083+0000][184883.449s][info][gc,phases   ] GC(6368)   Post Evacuate Collection Set: 1.8ms
[2025-01-08T23:46:53.083+0000][184883.449s][info][gc,phases   ] GC(6368)   Other: 0.2ms
[2025-01-08T23:46:53.083+0000][184883.449s][info][gc,heap     ] GC(6368) Eden regions: 66->0(918)
[2025-01-08T23:46:53.083+0000][184883.449s][info][gc,heap     ] GC(6368) Survivor regions: 10->3(10)
[2025-01-08T23:46:53.083+0000][184883.449s][info][gc,heap     ] GC(6368) Old regions: 233->234
[2025-01-08T23:46:53.083+0000][184883.449s][info][gc,heap     ] GC(6368) Archive regions: 2->2
[2025-01-08T23:46:53.083+0000][184883.449s][info][gc,heap     ] GC(6368) Humongous regions: 49->49
[2025-01-08T23:46:53.083+0000][184883.449s][info][gc,metaspace] GC(6368) Metaspace: 524051K(533824K)->524051K(533824K) NonClass: 460203K(465088K)->460203K(465088K) Class: 63848K(68736K)->63848K(68736K)
[2025-01-08T23:46:53.083+0000][184883.449s][info][gc          ] GC(6368) Pause Young (Mixed) (G1 Evacuation Pause) 2864M->2294M(12288M) 52.758ms
[2025-01-08T23:46:53.083+0000][184883.449s][info][gc,cpu      ] GC(6368) User=0.31s Sys=0.01s Real=0.05s
[2025-01-08T23:47:00.773+0000][184891.139s][info][gc,start    ] GC(6369) Pause Young (Normal) (G1 Evacuation Pause)
[2025-01-08T23:47:00.773+0000][184891.139s][info][gc,task     ] GC(6369) Using 6 workers of 6 for evacuation
[2025-01-08T23:47:00.798+0000][184891.164s][info][gc,phases   ] GC(6369)   Pre Evacuate Collection Set: 0.2ms
[2025-01-08T23:47:00.798+0000][184891.164s][info][gc,phases   ] GC(6369)   Merge Heap Roots: 0.4ms
[2025-01-08T23:47:00.798+0000][184891.164s][info][gc,phases   ] GC(6369)   Evacuate Collection Set: 21.2ms
[2025-01-08T23:47:00.798+0000][184891.164s][info][gc,phases   ] GC(6369)   Post Evacuate Collection Set: 2.7ms
[2025-01-08T23:47:00.798+0000][184891.164s][info][gc,phases   ] GC(6369)   Other: 0.2ms
[2025-01-08T23:47:00.798+0000][184891.164s][info][gc,heap     ] GC(6369) Eden regions: 918->0(916)
[2025-01-08T23:47:00.798+0000][184891.164s][info][gc,heap     ] GC(6369) Survivor regions: 3->5(116)
[2025-01-08T23:47:00.798+0000][184891.164s][info][gc,heap     ] GC(6369) Old regions: 234->234
[2025-01-08T23:47:00.798+0000][184891.164s][info][gc,heap     ] GC(6369) Archive regions: 2->2
[2025-01-08T23:47:00.798+0000][184891.164s][info][gc,heap     ] GC(6369) Humongous regions: 49->49
[2025-01-08T23:47:00.798+0000][184891.164s][info][gc,metaspace] GC(6369) Metaspace: 524051K(533824K)->524051K(533824K) NonClass: 460203K(465088K)->460203K(465088K) Class: 63848K(68736K)->63848K(68736K)
[2025-01-08T23:47:00.798+0000][184891.164s][info][gc          ] GC(6369) Pause Young (Normal) (G1 Evacuation Pause) 9638M->2305M(12288M) 24.762ms
[2025-01-08T23:47:00.798+0000][184891.164s][info][gc,cpu      ] GC(6369) User=0.14s Sys=0.00s Real=0.02s
[2025-01-08T23:47:09.708+0000][184900.075s][info][gc,start    ] GC(6370) Pause Young (Normal) (G1 Evacuation Pause)
[2025-01-08T23:47:09.708+0000][184900.075s][info][gc,task     ] GC(6370) Using 6 workers of 6 for evacuation
[2025-01-08T23:47:09.736+0000][184900.102s][info][gc,phases   ] GC(6370)   Pre Evacuate Collection Set: 0.2ms
[2025-01-08T23:47:09.736+0000][184900.102s][info][gc,phases   ] GC(6370)   Merge Heap Roots: 0.4ms
[2025-01-08T23:47:09.736+0000][184900.102s][info][gc,phases   ] GC(6370)   Evacuate Collection Set: 22.8ms
[2025-01-08T23:47:09.736+0000][184900.102s][info][gc,phases   ] GC(6370)   Post Evacuate Collection Set: 3.8ms
[2025-01-08T23:47:09.736+0000][184900.102s][info][gc,phases   ] GC(6370)   Other: 0.2ms
[2025-01-08T23:47:09.736+0000][184900.102s][info][gc,heap     ] GC(6370) Eden regions: 916->0(914)
[2025-01-08T23:47:09.736+0000][184900.102s][info][gc,heap     ] GC(6370) Survivor regions: 5->7(116)
[2025-01-08T23:47:09.736+0000][184900.102s][info][gc,heap     ] GC(6370) Old regions: 234->234
[2025-01-08T23:47:09.736+0000][184900.102s][info][gc,heap     ] GC(6370) Archive regions: 2->2
[2025-01-08T23:47:09.736+0000][184900.102s][info][gc,heap     ] GC(6370) Humongous regions: 49->49
[2025-01-08T23:47:09.736+0000][184900.102s][info][gc,metaspace] GC(6370) Metaspace: 524051K(533824K)->524051K(533824K) NonClass: 460203K(465088K)->460203K(465088K) Class: 63848K(68736K)->63848K(68736K)
[2025-01-08T23:47:09.736+0000][184900.102s][info][gc          ] GC(6370) Pause Young (Normal) (G1 Evacuation Pause) 9633M->2320M(12288M) 27.518ms
[2025-01-08T23:47:09.736+0000][184900.102s][info][gc,cpu      ] GC(6370) User=0.16s Sys=0.00s Real=0.03s
[2025-01-08T23:47:17.955+0000][184908.322s][info][gc,start    ] GC(6371) Pause Young (Concurrent Start) (G1 Evacuation Pause)
[2025-01-08T23:47:17.955+0000][184908.322s][info][gc,task     ] GC(6371) Using 6 workers of 6 for evacuation
[2025-01-08T23:47:17.989+0000][184908.355s][info][gc,phases   ] GC(6371)   Pre Evacuate Collection Set: 1.1ms
[2025-01-08T23:47:17.989+0000][184908.355s][info][gc,phases   ] GC(6371)   Merge Heap Roots: 0.5ms
[2025-01-08T23:47:17.989+0000][184908.355s][info][gc,phases   ] GC(6371)   Evacuate Collection Set: 29.6ms
[2025-01-08T23:47:17.989+0000][184908.355s][info][gc,phases   ] GC(6371)   Post Evacuate Collection Set: 2.5ms
[2025-01-08T23:47:17.989+0000][184908.355s][info][gc,phases   ] GC(6371)   Other: 0.3ms
[2025-01-08T23:47:17.989+0000][184908.356s][info][gc,heap     ] GC(6371) Eden regions: 914->0(913)
[2025-01-08T23:47:17.989+0000][184908.356s][info][gc,heap     ] GC(6371) Survivor regions: 7->8(116)
[2025-01-08T23:47:17.989+0000][184908.356s][info][gc,heap     ] GC(6371) Old regions: 234->234
[2025-01-08T23:47:17.989+0000][184908.356s][info][gc,heap     ] GC(6371) Archive regions: 2->2
[2025-01-08T23:47:17.989+0000][184908.356s][info][gc,heap     ] GC(6371) Humongous regions: 49->49
[2025-01-08T23:47:17.989+0000][184908.356s][info][gc,metaspace] GC(6371) Metaspace: 524051K(533824K)->524051K(533824K) NonClass: 460203K(465088K)->460203K(465088K) Class: 63848K(68736K)->63848K(68736K)
[2025-01-08T23:47:17.989+0000][184908.356s][info][gc          ] GC(6371) Pause Young (Concurrent Start) (G1 Evacuation Pause) 9632M->2333M(12288M) 34.094ms
[2025-01-08T23:47:17.990+0000][184908.356s][info][gc,cpu      ] GC(6371) User=0.19s Sys=0.00s Real=0.04s
[2025-01-08T23:47:17.990+0000][184908.356s][info][gc          ] GC(6372) Concurrent Mark Cycle
[2025-01-08T23:47:17.990+0000][184908.356s][info][gc,marking  ] GC(6372) Concurrent Clear Claimed Marks
[2025-01-08T23:47:17.991+0000][184908.357s][info][gc,marking  ] GC(6372) Concurrent Clear Claimed Marks 0.939ms
[2025-01-08T23:47:17.991+0000][184908.357s][info][gc,marking  ] GC(6372) Concurrent Scan Root Regions
[2025-01-08T23:47:18.013+0000][184908.379s][info][gc,marking  ] GC(6372) Concurrent Scan Root Regions 22.493ms
[2025-01-08T23:47:18.013+0000][184908.379s][info][gc,marking  ] GC(6372) Concurrent Mark
[2025-01-08T23:47:18.013+0000][184908.379s][info][gc,marking  ] GC(6372) Concurrent Mark From Roots
[2025-01-08T23:47:18.013+0000][184908.379s][info][gc,task     ] GC(6372) Using 2 workers of 2 for marking
[2025-01-08T23:47:18.866+0000][184909.232s][info][gc,marking  ] GC(6372) Concurrent Mark From Roots 852.427ms
[2025-01-08T23:47:18.866+0000][184909.232s][info][gc,marking  ] GC(6372) Concurrent Preclean
[2025-01-08T23:47:18.868+0000][184909.234s][info][gc,marking  ] GC(6372) Concurrent Preclean 2.334ms
[2025-01-08T23:47:18.868+0000][184909.234s][info][gc,start    ] GC(6372) Pause Remark
[2025-01-08T23:47:18.894+0000][184909.260s][info][gc          ] GC(6372) Pause Remark 2789M->2789M(12288M) 25.713ms
[2025-01-08T23:47:18.894+0000][184909.260s][info][gc,cpu      ] GC(6372) User=0.15s Sys=0.00s Real=0.03s
[2025-01-08T23:47:18.894+0000][184909.260s][info][gc,marking  ] GC(6372) Concurrent Mark 880.803ms
[2025-01-08T23:47:18.894+0000][184909.260s][info][gc,marking  ] GC(6372) Concurrent Rebuild Remembered Sets
[2025-01-08T23:47:19.428+0000][184909.794s][info][gc,marking  ] GC(6372) Concurrent Rebuild Remembered Sets 533.873ms
[2025-01-08T23:47:19.428+0000][184909.794s][info][gc,start    ] GC(6372) Pause Cleanup
[2025-01-08T23:47:19.428+0000][184909.794s][info][gc          ] GC(6372) Pause Cleanup 2921M->2921M(12288M) 0.426ms
[2025-01-08T23:47:19.428+0000][184909.794s][info][gc,cpu      ] GC(6372) User=0.00s Sys=0.00s Real=0.00s
[2025-01-08T23:47:19.428+0000][184909.795s][info][gc,marking  ] GC(6372) Concurrent Cleanup for Next Mark
[2025-01-08T23:47:19.444+0000][184909.810s][info][gc,marking  ] GC(6372) Concurrent Cleanup for Next Mark 15.397ms
[2025-01-08T23:47:19.444+0000][184909.810s][info][gc          ] GC(6372) Concurrent Mark Cycle 1454.313ms
[2025-01-08T23:47:27.015+0000][184917.381s][info][gc,start    ] GC(6373) Pause Young (Prepare Mixed) (G1 Evacuation Pause)
[2025-01-08T23:47:27.015+0000][184917.381s][info][gc,task     ] GC(6373) Using 6 workers of 6 for evacuation
[2025-01-08T23:47:27.054+0000][184917.420s][info][gc,phases   ] GC(6373)   Pre Evacuate Collection Set: 0.2ms
[2025-01-08T23:47:27.054+0000][184917.420s][info][gc,phases   ] GC(6373)   Merge Heap Roots: 0.6ms
[2025-01-08T23:47:27.054+0000][184917.420s][info][gc,phases   ] GC(6373)   Evacuate Collection Set: 35.2ms
[2025-01-08T23:47:27.054+0000][184917.420s][info][gc,phases   ] GC(6373)   Post Evacuate Collection Set: 2.8ms
[2025-01-08T23:47:27.054+0000][184917.420s][info][gc,phases   ] GC(6373)   Other: 0.2ms
[2025-01-08T23:47:27.054+0000][184917.420s][info][gc,heap     ] GC(6373) Eden regions: 913->0(66)
[2025-01-08T23:47:27.054+0000][184917.420s][info][gc,heap     ] GC(6373) Survivor regions: 8->10(116)
[2025-01-08T23:47:27.054+0000][184917.420s][info][gc,heap     ] GC(6373) Old regions: 234->234
[2025-01-08T23:47:27.054+0000][184917.420s][info][gc,heap     ] GC(6373) Archive regions: 2->2
[2025-01-08T23:47:27.054+0000][184917.420s][info][gc,heap     ] GC(6373) Humongous regions: 49->49
[2025-01-08T23:47:27.054+0000][184917.420s][info][gc,metaspace] GC(6373) Metaspace: 524051K(533824K)->524051K(533824K) NonClass: 460203K(465088K)->460203K(465088K) Class: 63848K(68736K)->63848K(68736K)
[2025-01-08T23:47:27.054+0000][184917.420s][info][gc          ] GC(6373) Pause Young (Prepare Mixed) (G1 Evacuation Pause) 9637M->2346M(12288M) 39.069ms
[2025-01-08T23:47:27.054+0000][184917.420s][info][gc,cpu      ] GC(6373) User=0.23s Sys=0.00s Real=0.04s
[2025-01-08T23:47:27.545+0000][184917.911s][info][gc,start    ] GC(6374) Pause Young (Mixed) (G1 Evacuation Pause)
[2025-01-08T23:47:27.545+0000][184917.911s][info][gc,task     ] GC(6374) Using 6 workers of 6 for evacuation
[2025-01-08T23:47:27.616+0000][184917.982s][info][gc,phases   ] GC(6374)   Pre Evacuate Collection Set: 0.2ms
[2025-01-08T23:47:27.616+0000][184917.982s][info][gc,phases   ] GC(6374)   Merge Heap Roots: 0.6ms
[2025-01-08T23:47:27.616+0000][184917.982s][info][gc,phases   ] GC(6374)   Evacuate Collection Set: 67.9ms
[2025-01-08T23:47:27.616+0000][184917.982s][info][gc,phases   ] GC(6374)   Post Evacuate Collection Set: 1.8ms
[2025-01-08T23:47:27.616+0000][184917.982s][info][gc,phases   ] GC(6374)   Other: 0.2ms
[2025-01-08T23:47:27.616+0000][184917.982s][info][gc,heap     ] GC(6374) Eden regions: 66->0(917)
[2025-01-08T23:47:27.616+0000][184917.982s][info][gc,heap     ] GC(6374) Survivor regions: 10->4(10)
[2025-01-08T23:47:27.616+0000][184917.982s][info][gc,heap     ] GC(6374) Old regions: 234->234
[2025-01-08T23:47:27.616+0000][184917.982s][info][gc,heap     ] GC(6374) Archive regions: 2->2
[2025-01-08T23:47:27.616+0000][184917.982s][info][gc,heap     ] GC(6374) Humongous regions: 49->49
[2025-01-08T23:47:27.616+0000][184917.982s][info][gc,metaspace] GC(6374) Metaspace: 524051K(533824K)->524051K(533824K) NonClass: 460203K(465088K)->460203K(465088K) Class: 63848K(68736K)->63848K(68736K)
[2025-01-08T23:47:27.616+0000][184917.982s][info][gc          ] GC(6374) Pause Young (Mixed) (G1 Evacuation Pause) 2874M->2296M(12288M) 70.812ms
[2025-01-08T23:47:27.616+0000][184917.982s][info][gc,cpu      ] GC(6374) User=0.40s Sys=0.00s Real=0.07s
[2025-01-08T23:47:35.670+0000][184926.036s][info][gc,start    ] GC(6375) Pause Young (Normal) (G1 Evacuation Pause)
[2025-01-08T23:47:35.670+0000][184926.036s][info][gc,task     ] GC(6375) Using 6 workers of 6 for evacuation
[2025-01-08T23:47:35.696+0000][184926.062s][info][gc,phases   ] GC(6375)   Pre Evacuate Collection Set: 0.2ms
[2025-01-08T23:47:35.696+0000][184926.062s][info][gc,phases   ] GC(6375)   Merge Heap Roots: 0.4ms
[2025-01-08T23:47:35.696+0000][184926.062s][info][gc,phases   ] GC(6375)   Evacuate Collection Set: 22.1ms
[2025-01-08T23:47:35.696+0000][184926.062s][info][gc,phases   ] GC(6375)   Post Evacuate Collection Set: 2.9ms
[2025-01-08T23:47:35.696+0000][184926.062s][info][gc,phases   ] GC(6375)   Other: 0.2ms
[2025-01-08T23:47:35.696+0000][184926.062s][info][gc,heap     ] GC(6375) Eden regions: 917->0(916)
[2025-01-08T23:47:35.696+0000][184926.062s][info][gc,heap     ] GC(6375) Survivor regions: 4->5(116)
[2025-01-08T23:47:35.696+0000][184926.062s][info][gc,heap     ] GC(6375) Old regions: 234->234
[2025-01-08T23:47:35.696+0000][184926.062s][info][gc,heap     ] GC(6375) Archive regions: 2->2
[2025-01-08T23:47:35.696+0000][184926.062s][info][gc,heap     ] GC(6375) Humongous regions: 49->49
[2025-01-08T23:47:35.696+0000][184926.062s][info][gc,metaspace] GC(6375) Metaspace: 524051K(533824K)->524051K(533824K) NonClass: 460203K(465088K)->460203K(465088K) Class: 63848K(68736K)->63848K(68736K)
[2025-01-08T23:47:35.696+0000][184926.062s][info][gc          ] GC(6375) Pause Young (Normal) (G1 Evacuation Pause) 9632M->2305M(12288M) 25.928ms
[2025-01-08T23:47:35.696+0000][184926.062s][info][gc,cpu      ] GC(6375) User=0.14s Sys=0.01s Real=0.02s
[2025-01-08T23:47:43.378+0000][184933.744s][info][gc,start    ] GC(6376) Pause Young (Normal) (G1 Evacuation Pause)
[2025-01-08T23:47:43.378+0000][184933.744s][info][gc,task     ] GC(6376) Using 6 workers of 6 for evacuation
[2025-01-08T23:47:43.406+0000][184933.772s][info][gc,phases   ] GC(6376)   Pre Evacuate Collection Set: 0.2ms
[2025-01-08T23:47:43.406+0000][184933.772s][info][gc,phases   ] GC(6376)   Merge Heap Roots: 0.4ms
[2025-01-08T23:47:43.406+0000][184933.772s][info][gc,phases   ] GC(6376)   Evacuate Collection Set: 23.9ms
[2025-01-08T23:47:43.406+0000][184933.772s][info][gc,phases   ] GC(6376)   Post Evacuate Collection Set: 2.8ms
[2025-01-08T23:47:43.406+0000][184933.772s][info][gc,phases   ] GC(6376)   Other: 0.2ms
[2025-01-08T23:47:43.406+0000][184933.772s][info][gc,heap     ] GC(6376) Eden regions: 916->0(915)
[2025-01-08T23:47:43.406+0000][184933.772s][info][gc,heap     ] GC(6376) Survivor regions: 5->6(116)
[2025-01-08T23:47:43.406+0000][184933.772s][info][gc,heap     ] GC(6376) Old regions: 234->234
[2025-01-08T23:47:43.406+0000][184933.772s][info][gc,heap     ] GC(6376) Archive regions: 2->2
[2025-01-08T23:47:43.406+0000][184933.772s][info][gc,heap     ] GC(6376) Humongous regions: 49->49
[2025-01-08T23:47:43.406+0000][184933.772s][info][gc,metaspace] GC(6376) Metaspace: 524051K(533824K)->524051K(533824K) NonClass: 460203K(465088K)->460203K(465088K) Class: 63848K(68736K)->63848K(68736K)
[2025-01-08T23:47:43.406+0000][184933.772s][info][gc          ] GC(6376) Pause Young (Normal) (G1 Evacuation Pause) 9633M->2314M(12288M) 27.577ms
[2025-01-08T23:47:43.406+0000][184933.772s][info][gc,cpu      ] GC(6376) User=0.16s Sys=0.00s Real=0.03s
[2025-01-08T23:47:50.064+0000][184940.430s][info][gc,start    ] GC(6377) Pause Young (Concurrent Start) (G1 Evacuation Pause)
[2025-01-08T23:47:50.064+0000][184940.430s][info][gc,task     ] GC(6377) Using 6 workers of 6 for evacuation
[2025-01-08T23:47:50.103+0000][184940.469s][info][gc,phases   ] GC(6377)   Pre Evacuate Collection Set: 1.1ms
[2025-01-08T23:47:50.103+0000][184940.469s][info][gc,phases   ] GC(6377)   Merge Heap Roots: 0.4ms
[2025-01-08T23:47:50.103+0000][184940.469s][info][gc,phases   ] GC(6377)   Evacuate Collection Set: 31.0ms
[2025-01-08T23:47:50.103+0000][184940.469s][info][gc,phases   ] GC(6377)   Post Evacuate Collection Set: 5.8ms
[2025-01-08T23:47:50.103+0000][184940.469s][info][gc,phases   ] GC(6377)   Other: 0.3ms
[2025-01-08T23:47:50.103+0000][184940.469s][info][gc,heap     ] GC(6377) Eden regions: 915->0(911)
[2025-01-08T23:47:50.103+0000][184940.469s][info][gc,heap     ] GC(6377) Survivor regions: 6->10(116)
[2025-01-08T23:47:50.103+0000][184940.469s][info][gc,heap     ] GC(6377) Old regions: 234->234
[2025-01-08T23:47:50.103+0000][184940.469s][info][gc,heap     ] GC(6377) Archive regions: 2->2
[2025-01-08T23:47:50.103+0000][184940.469s][info][gc,heap     ] GC(6377) Humongous regions: 49->49
[2025-01-08T23:47:50.103+0000][184940.469s][info][gc,metaspace] GC(6377) Metaspace: 524051K(533824K)->524051K(533824K) NonClass: 460203K(465088K)->460203K(465088K) Class: 63848K(68736K)->63848K(68736K)
[2025-01-08T23:47:50.103+0000][184940.469s][info][gc          ] GC(6377) Pause Young (Concurrent Start) (G1 Evacuation Pause) 9634M->2341M(12288M) 38.766ms
[2025-01-08T23:47:50.103+0000][184940.469s][info][gc,cpu      ] GC(6377) User=0.22s Sys=0.00s Real=0.04s
[2025-01-08T23:47:50.103+0000][184940.469s][info][gc          ] GC(6378) Concurrent Mark Cycle
[2025-01-08T23:47:50.103+0000][184940.469s][info][gc,marking  ] GC(6378) Concurrent Clear Claimed Marks
[2025-01-08T23:47:50.104+0000][184940.470s][info][gc,marking  ] GC(6378) Concurrent Clear Claimed Marks 0.965ms
[2025-01-08T23:47:50.104+0000][184940.470s][info][gc,marking  ] GC(6378) Concurrent Scan Root Regions
[2025-01-08T23:47:50.133+0000][184940.499s][info][gc,marking  ] GC(6378) Concurrent Scan Root Regions 29.071ms
[2025-01-08T23:47:50.133+0000][184940.499s][info][gc,marking  ] GC(6378) Concurrent Mark
[2025-01-08T23:47:50.133+0000][184940.499s][info][gc,marking  ] GC(6378) Concurrent Mark From Roots
[2025-01-08T23:47:50.133+0000][184940.499s][info][gc,task     ] GC(6378) Using 2 workers of 2 for marking
[2025-01-08T23:47:50.979+0000][184941.345s][info][gc,marking  ] GC(6378) Concurrent Mark From Roots 845.835ms
[2025-01-08T23:47:50.979+0000][184941.345s][info][gc,marking  ] GC(6378) Concurrent Preclean
[2025-01-08T23:47:50.982+0000][184941.348s][info][gc,marking  ] GC(6378) Concurrent Preclean 2.824ms
[2025-01-08T23:47:50.982+0000][184941.348s][info][gc,start    ] GC(6378) Pause Remark
[2025-01-08T23:47:51.008+0000][184941.374s][info][gc          ] GC(6378) Pause Remark 3049M->3049M(12288M) 25.764ms
[2025-01-08T23:47:51.008+0000][184941.374s][info][gc,cpu      ] GC(6378) User=0.15s Sys=0.00s Real=0.02s
[2025-01-08T23:47:51.008+0000][184941.374s][info][gc,marking  ] GC(6378) Concurrent Mark 874.804ms
[2025-01-08T23:47:51.008+0000][184941.374s][info][gc,marking  ] GC(6378) Concurrent Rebuild Remembered Sets
[2025-01-08T23:47:51.552+0000][184941.918s][info][gc,marking  ] GC(6378) Concurrent Rebuild Remembered Sets 543.511ms
[2025-01-08T23:47:51.552+0000][184941.918s][info][gc,start    ] GC(6378) Pause Cleanup
[2025-01-08T23:47:51.552+0000][184941.918s][info][gc          ] GC(6378) Pause Cleanup 3505M->3505M(12288M) 0.452ms
[2025-01-08T23:47:51.552+0000][184941.918s][info][gc,cpu      ] GC(6378) User=0.00s Sys=0.00s Real=0.00s
[2025-01-08T23:47:51.552+0000][184941.918s][info][gc,marking  ] GC(6378) Concurrent Cleanup for Next Mark
[2025-01-08T23:47:51.568+0000][184941.935s][info][gc,marking  ] GC(6378) Concurrent Cleanup for Next Mark 16.203ms
[2025-01-08T23:47:51.569+0000][184941.935s][info][gc          ] GC(6378) Concurrent Mark Cycle 1465.442ms
[2025-01-08T23:47:55.654+0000][184946.021s][info][gc,start    ] GC(6379) Pause Young (Prepare Mixed) (G1 Evacuation Pause)
[2025-01-08T23:47:55.654+0000][184946.021s][info][gc,task     ] GC(6379) Using 6 workers of 6 for evacuation
[2025-01-08T23:47:55.688+0000][184946.054s][info][gc,phases   ] GC(6379)   Pre Evacuate Collection Set: 0.2ms
[2025-01-08T23:47:55.688+0000][184946.054s][info][gc,phases   ] GC(6379)   Merge Heap Roots: 0.6ms
[2025-01-08T23:47:55.688+0000][184946.054s][info][gc,phases   ] GC(6379)   Evacuate Collection Set: 29.7ms
[2025-01-08T23:47:55.688+0000][184946.054s][info][gc,phases   ] GC(6379)   Post Evacuate Collection Set: 2.6ms
[2025-01-08T23:47:55.688+0000][184946.054s][info][gc,phases   ] GC(6379)   Other: 0.2ms
[2025-01-08T23:47:55.688+0000][184946.054s][info][gc,heap     ] GC(6379) Eden regions: 911->0(67)
[2025-01-08T23:47:55.688+0000][184946.054s][info][gc,heap     ] GC(6379) Survivor regions: 10->9(116)
[2025-01-08T23:47:55.688+0000][184946.054s][info][gc,heap     ] GC(6379) Old regions: 234->234
[2025-01-08T23:47:55.688+0000][184946.054s][info][gc,heap     ] GC(6379) Archive regions: 2->2
[2025-01-08T23:47:55.688+0000][184946.054s][info][gc,heap     ] GC(6379) Humongous regions: 49->49
[2025-01-08T23:47:55.688+0000][184946.054s][info][gc,metaspace] GC(6379) Metaspace: 524051K(533824K)->524051K(533824K) NonClass: 460203K(465088K)->460203K(465088K) Class: 63848K(68736K)->63848K(68736K)
[2025-01-08T23:47:55.688+0000][184946.054s][info][gc          ] GC(6379) Pause Young (Prepare Mixed) (G1 Evacuation Pause) 9629M->2338M(12288M) 33.380ms
[2025-01-08T23:47:55.688+0000][184946.054s][info][gc,cpu      ] GC(6379) User=0.19s Sys=0.01s Real=0.03s
[2025-01-08T23:47:55.980+0000][184946.346s][info][gc,start    ] GC(6380) Pause Young (Mixed) (G1 Evacuation Pause)
[2025-01-08T23:47:55.980+0000][184946.346s][info][gc,task     ] GC(6380) Using 6 workers of 6 for evacuation
[2025-01-08T23:47:56.046+0000][184946.412s][info][gc,phases   ] GC(6380)   Pre Evacuate Collection Set: 0.2ms
[2025-01-08T23:47:56.046+0000][184946.412s][info][gc,phases   ] GC(6380)   Merge Heap Roots: 0.7ms
[2025-01-08T23:47:56.046+0000][184946.412s][info][gc,phases   ] GC(6380)   Evacuate Collection Set: 63.3ms
[2025-01-08T23:47:56.046+0000][184946.412s][info][gc,phases   ] GC(6380)   Post Evacuate Collection Set: 1.9ms
[2025-01-08T23:47:56.046+0000][184946.412s][info][gc,phases   ] GC(6380)   Other: 0.2ms
[2025-01-08T23:47:56.046+0000][184946.413s][info][gc,heap     ] GC(6380) Eden regions: 67->0(916)
[2025-01-08T23:47:56.046+0000][184946.413s][info][gc,heap     ] GC(6380) Survivor regions: 9->5(10)
[2025-01-08T23:47:56.046+0000][184946.413s][info][gc,heap     ] GC(6380) Old regions: 234->234
[2025-01-08T23:47:56.046+0000][184946.413s][info][gc,heap     ] GC(6380) Archive regions: 2->2
[2025-01-08T23:47:56.046+0000][184946.413s][info][gc,heap     ] GC(6380) Humongous regions: 49->49
[2025-01-08T23:47:56.046+0000][184946.413s][info][gc,metaspace] GC(6380) Metaspace: 524051K(533824K)->524051K(533824K) NonClass: 460203K(465088K)->460203K(465088K) Class: 63848K(68736K)->63848K(68736K)
[2025-01-08T23:47:56.046+0000][184946.413s][info][gc          ] GC(6380) Pause Young (Mixed) (G1 Evacuation Pause) 2874M->2304M(12288M) 66.300ms
[2025-01-08T23:47:56.047+0000][184946.413s][info][gc,cpu      ] GC(6380) User=0.38s Sys=0.00s Real=0.07s
[2025-01-08T23:48:04.545+0000][184954.911s][info][gc,start    ] GC(6381) Pause Young (Normal) (G1 Evacuation Pause)
[2025-01-08T23:48:04.545+0000][184954.911s][info][gc,task     ] GC(6381) Using 6 workers of 6 for evacuation
[2025-01-08T23:48:04.571+0000][184954.937s][info][gc,phases   ] GC(6381)   Pre Evacuate Collection Set: 0.2ms
[2025-01-08T23:48:04.571+0000][184954.937s][info][gc,phases   ] GC(6381)   Merge Heap Roots: 0.4ms
[2025-01-08T23:48:04.571+0000][184954.937s][info][gc,phases   ] GC(6381)   Evacuate Collection Set: 21.6ms
[2025-01-08T23:48:04.571+0000][184954.937s][info][gc,phases   ] GC(6381)   Post Evacuate Collection Set: 3.9ms
[2025-01-08T23:48:04.571+0000][184954.937s][info][gc,phases   ] GC(6381)   Other: 0.2ms
[2025-01-08T23:48:04.571+0000][184954.937s][info][gc,heap     ] GC(6381) Eden regions: 916->0(915)
[2025-01-08T23:48:04.571+0000][184954.937s][info][gc,heap     ] GC(6381) Survivor regions: 5->6(116)
[2025-01-08T23:48:04.571+0000][184954.937s][info][gc,heap     ] GC(6381) Old regions: 234->234
[2025-01-08T23:48:04.571+0000][184954.937s][info][gc,heap     ] GC(6381) Archive regions: 2->2
[2025-01-08T23:48:04.571+0000][184954.937s][info][gc,heap     ] GC(6381) Humongous regions: 49->49
[2025-01-08T23:48:04.571+0000][184954.937s][info][gc,metaspace] GC(6381) Metaspace: 524051K(533824K)->524051K(533824K) NonClass: 460203K(465088K)->460203K(465088K) Class: 63848K(68736K)->63848K(68736K)
[2025-01-08T23:48:04.571+0000][184954.937s][info][gc          ] GC(6381) Pause Young (Normal) (G1 Evacuation Pause) 9632M->2317M(12288M) 26.397ms
[2025-01-08T23:48:04.571+0000][184954.937s][info][gc,cpu      ] GC(6381) User=0.15s Sys=0.00s Real=0.03s
[2025-01-08T23:48:13.292+0000][184963.658s][info][gc,start    ] GC(6382) Pause Young (Normal) (G1 Evacuation Pause)
[2025-01-08T23:48:13.292+0000][184963.658s][info][gc,task     ] GC(6382) Using 6 workers of 6 for evacuation
[2025-01-08T23:48:13.320+0000][184963.686s][info][gc,phases   ] GC(6382)   Pre Evacuate Collection Set: 0.2ms
[2025-01-08T23:48:13.320+0000][184963.686s][info][gc,phases   ] GC(6382)   Merge Heap Roots: 0.4ms
[2025-01-08T23:48:13.320+0000][184963.686s][info][gc,phases   ] GC(6382)   Evacuate Collection Set: 24.3ms
[2025-01-08T23:48:13.320+0000][184963.686s][info][gc,phases   ] GC(6382)   Post Evacuate Collection Set: 2.7ms
[2025-01-08T23:48:13.320+0000][184963.686s][info][gc,phases   ] GC(6382)   Other: 0.2ms
[2025-01-08T23:48:13.320+0000][184963.686s][info][gc,heap     ] GC(6382) Eden regions: 915->0(914)
[2025-01-08T23:48:13.320+0000][184963.686s][info][gc,heap     ] GC(6382) Survivor regions: 6->7(116)
[2025-01-08T23:48:13.320+0000][184963.686s][info][gc,heap     ] GC(6382) Old regions: 234->234
[2025-01-08T23:48:13.320+0000][184963.686s][info][gc,heap     ] GC(6382) Archive regions: 2->2
[2025-01-08T23:48:13.320+0000][184963.686s][info][gc,heap     ] GC(6382) Humongous regions: 49->49
[2025-01-08T23:48:13.320+0000][184963.686s][info][gc,metaspace] GC(6382) Metaspace: 524051K(533824K)->524051K(533824K) NonClass: 460203K(465088K)->460203K(465088K) Class: 63848K(68736K)->63848K(68736K)
[2025-01-08T23:48:13.320+0000][184963.686s][info][gc          ] GC(6382) Pause Young (Normal) (G1 Evacuation Pause) 9637M->2322M(12288M) 27.873ms
[2025-01-08T23:48:13.320+0000][184963.686s][info][gc,cpu      ] GC(6382) User=0.16s Sys=0.00s Real=0.02s
[2025-01-08T23:48:55.704+0000][185006.071s][info][gc,start    ] GC(6383) Pause Young (Concurrent Start) (G1 Evacuation Pause)
[2025-01-08T23:48:55.705+0000][185006.071s][info][gc,task     ] GC(6383) Using 6 workers of 6 for evacuation
[2025-01-08T23:48:55.735+0000][185006.101s][info][gc,phases   ] GC(6383)   Pre Evacuate Collection Set: 1.2ms
[2025-01-08T23:48:55.735+0000][185006.101s][info][gc,phases   ] GC(6383)   Merge Heap Roots: 0.5ms
[2025-01-08T23:48:55.735+0000][185006.101s][info][gc,phases   ] GC(6383)   Evacuate Collection Set: 26.2ms
[2025-01-08T23:48:55.735+0000][185006.101s][info][gc,phases   ] GC(6383)   Post Evacuate Collection Set: 2.3ms
[2025-01-08T23:48:55.735+0000][185006.101s][info][gc,phases   ] GC(6383)   Other: 0.3ms
[2025-01-08T23:48:55.735+0000][185006.101s][info][gc,heap     ] GC(6383) Eden regions: 914->0(915)
[2025-01-08T23:48:55.735+0000][185006.101s][info][gc,heap     ] GC(6383) Survivor regions: 7->6(116)
[2025-01-08T23:48:55.735+0000][185006.101s][info][gc,heap     ] GC(6383) Old regions: 234->234
[2025-01-08T23:48:55.735+0000][185006.101s][info][gc,heap     ] GC(6383) Archive regions: 2->2
[2025-01-08T23:48:55.735+0000][185006.101s][info][gc,heap     ] GC(6383) Humongous regions: 49->49
[2025-01-08T23:48:55.735+0000][185006.101s][info][gc,metaspace] GC(6383) Metaspace: 524051K(533824K)->524051K(533824K) NonClass: 460203K(465088K)->460203K(465088K) Class: 63848K(68736K)->63848K(68736K)
[2025-01-08T23:48:55.735+0000][185006.101s][info][gc          ] GC(6383) Pause Young (Concurrent Start) (G1 Evacuation Pause) 9634M->2316M(12288M) 30.568ms
[2025-01-08T23:48:55.735+0000][185006.101s][info][gc,cpu      ] GC(6383) User=0.18s Sys=0.00s Real=0.03s
[2025-01-08T23:48:55.735+0000][185006.101s][info][gc          ] GC(6384) Concurrent Mark Cycle
[2025-01-08T23:48:55.735+0000][185006.101s][info][gc,marking  ] GC(6384) Concurrent Clear Claimed Marks
[2025-01-08T23:48:55.736+0000][185006.102s][info][gc,marking  ] GC(6384) Concurrent Clear Claimed Marks 0.940ms
[2025-01-08T23:48:55.736+0000][185006.102s][info][gc,marking  ] GC(6384) Concurrent Scan Root Regions
[2025-01-08T23:48:55.753+0000][185006.119s][info][gc,marking  ] GC(6384) Concurrent Scan Root Regions 17.070ms
[2025-01-08T23:48:55.753+0000][185006.119s][info][gc,marking  ] GC(6384) Concurrent Mark
[2025-01-08T23:48:55.753+0000][185006.119s][info][gc,marking  ] GC(6384) Concurrent Mark From Roots
[2025-01-08T23:48:55.753+0000][185006.119s][info][gc,task     ] GC(6384) Using 2 workers of 2 for marking
[2025-01-08T23:48:56.515+0000][185006.881s][info][gc,marking  ] GC(6384) Concurrent Mark From Roots 761.906ms
[2025-01-08T23:48:56.515+0000][185006.881s][info][gc,marking  ] GC(6384) Concurrent Preclean
[2025-01-08T23:48:56.518+0000][185006.884s][info][gc,marking  ] GC(6384) Concurrent Preclean 2.470ms
[2025-01-08T23:48:56.518+0000][185006.884s][info][gc,start    ] GC(6384) Pause Remark
[2025-01-08T23:48:56.544+0000][185006.910s][info][gc          ] GC(6384) Pause Remark 2900M->2900M(12288M) 26.549ms
[2025-01-08T23:48:56.544+0000][185006.910s][info][gc,cpu      ] GC(6384) User=0.15s Sys=0.00s Real=0.03s
[2025-01-08T23:48:56.544+0000][185006.911s][info][gc,marking  ] GC(6384) Concurrent Mark 791.264ms
[2025-01-08T23:48:56.544+0000][185006.911s][info][gc,marking  ] GC(6384) Concurrent Rebuild Remembered Sets
[2025-01-08T23:48:57.052+0000][185007.418s][info][gc,marking  ] GC(6384) Concurrent Rebuild Remembered Sets 507.132ms
[2025-01-08T23:48:57.052+0000][185007.418s][info][gc,start    ] GC(6384) Pause Cleanup
[2025-01-08T23:48:57.052+0000][185007.418s][info][gc          ] GC(6384) Pause Cleanup 3296M->3296M(12288M) 0.478ms
[2025-01-08T23:48:57.052+0000][185007.418s][info][gc,cpu      ] GC(6384) User=0.00s Sys=0.00s Real=0.00s
[2025-01-08T23:48:57.052+0000][185007.418s][info][gc,marking  ] GC(6384) Concurrent Cleanup for Next Mark
[2025-01-08T23:48:57.068+0000][185007.434s][info][gc,marking  ] GC(6384) Concurrent Cleanup for Next Mark 15.464ms
[2025-01-08T23:48:57.068+0000][185007.434s][info][gc          ] GC(6384) Concurrent Mark Cycle 1332.722ms
[2025-01-09T00:07:16.549+0000][186106.915s][info][gc,start    ] GC(6385) Pause Young (Prepare Mixed) (G1 Evacuation Pause)
[2025-01-09T00:07:16.549+0000][186106.915s][info][gc,task     ] GC(6385) Using 6 workers of 6 for evacuation
[2025-01-09T00:07:16.592+0000][186106.959s][info][gc,phases   ] GC(6385)   Pre Evacuate Collection Set: 0.2ms
[2025-01-09T00:07:16.592+0000][186106.959s][info][gc,phases   ] GC(6385)   Merge Heap Roots: 0.7ms
[2025-01-09T00:07:16.592+0000][186106.959s][info][gc,phases   ] GC(6385)   Evacuate Collection Set: 39.5ms
[2025-01-09T00:07:16.592+0000][186106.959s][info][gc,phases   ] GC(6385)   Post Evacuate Collection Set: 2.8ms
[2025-01-09T00:07:16.592+0000][186106.959s][info][gc,phases   ] GC(6385)   Other: 0.2ms
[2025-01-09T00:07:16.592+0000][186106.959s][info][gc,heap     ] GC(6385) Eden regions: 915->0(65)
[2025-01-09T00:07:16.592+0000][186106.959s][info][gc,heap     ] GC(6385) Survivor regions: 6->11(116)
[2025-01-09T00:07:16.592+0000][186106.959s][info][gc,heap     ] GC(6385) Old regions: 234->234
[2025-01-09T00:07:16.592+0000][186106.959s][info][gc,heap     ] GC(6385) Archive regions: 2->2
[2025-01-09T00:07:16.593+0000][186106.959s][info][gc,heap     ] GC(6385) Humongous regions: 49->49
[2025-01-09T00:07:16.593+0000][186106.959s][info][gc,metaspace] GC(6385) Metaspace: 524082K(533824K)->524082K(533824K) NonClass: 460230K(465088K)->460230K(465088K) Class: 63851K(68736K)->63851K(68736K)
[2025-01-09T00:07:16.593+0000][186106.959s][info][gc          ] GC(6385) Pause Young (Prepare Mixed) (G1 Evacuation Pause) 9636M->2353M(12288M) 43.520ms
[2025-01-09T00:07:16.593+0000][186106.959s][info][gc,cpu      ] GC(6385) User=0.26s Sys=0.00s Real=0.05s
[2025-01-09T00:07:17.650+0000][186108.017s][info][gc,start    ] GC(6386) Pause Young (Mixed) (G1 Evacuation Pause)
[2025-01-09T00:07:17.650+0000][186108.017s][info][gc,task     ] GC(6386) Using 6 workers of 6 for evacuation
[2025-01-09T00:07:17.702+0000][186108.068s][info][gc,phases   ] GC(6386)   Pre Evacuate Collection Set: 0.2ms
[2025-01-09T00:07:17.702+0000][186108.068s][info][gc,phases   ] GC(6386)   Merge Heap Roots: 0.5ms
[2025-01-09T00:07:17.702+0000][186108.068s][info][gc,phases   ] GC(6386)   Evacuate Collection Set: 49.3ms
[2025-01-09T00:07:17.702+0000][186108.068s][info][gc,phases   ] GC(6386)   Post Evacuate Collection Set: 1.3ms
[2025-01-09T00:07:17.702+0000][186108.068s][info][gc,phases   ] GC(6386)   Other: 0.2ms
[2025-01-09T00:07:17.702+0000][186108.068s][info][gc,heap     ] GC(6386) Eden regions: 65->0(919)
[2025-01-09T00:07:17.702+0000][186108.068s][info][gc,heap     ] GC(6386) Survivor regions: 11->2(10)
[2025-01-09T00:07:17.702+0000][186108.068s][info][gc,heap     ] GC(6386) Old regions: 234->237
[2025-01-09T00:07:17.702+0000][186108.068s][info][gc,heap     ] GC(6386) Archive regions: 2->2
[2025-01-09T00:07:17.702+0000][186108.068s][info][gc,heap     ] GC(6386) Humongous regions: 49->49
[2025-01-09T00:07:17.702+0000][186108.068s][info][gc,metaspace] GC(6386) Metaspace: 524083K(533824K)->524083K(533824K) NonClass: 460231K(465088K)->460231K(465088K) Class: 63851K(68736K)->63851K(68736K)
[2025-01-09T00:07:17.702+0000][186108.068s][info][gc          ] GC(6386) Pause Young (Mixed) (G1 Evacuation Pause) 2873M->2304M(12288M) 51.575ms
[2025-01-09T00:07:17.702+0000][186108.068s][info][gc,cpu      ] GC(6386) User=0.30s Sys=0.00s Real=0.05s
[2025-01-09T00:10:26.209+0000][186296.576s][info][gc,start    ] GC(6387) Pause Young (Normal) (G1 Evacuation Pause)
[2025-01-09T00:10:26.209+0000][186296.576s][info][gc,task     ] GC(6387) Using 6 workers of 6 for evacuation
[2025-01-09T00:10:26.241+0000][186296.607s][info][gc,phases   ] GC(6387)   Pre Evacuate Collection Set: 0.2ms
[2025-01-09T00:10:26.241+0000][186296.608s][info][gc,phases   ] GC(6387)   Merge Heap Roots: 0.3ms
[2025-01-09T00:10:26.241+0000][186296.608s][info][gc,phases   ] GC(6387)   Evacuate Collection Set: 28.4ms
[2025-01-09T00:10:26.241+0000][186296.608s][info][gc,phases   ] GC(6387)   Post Evacuate Collection Set: 2.8ms
[2025-01-09T00:10:26.241+0000][186296.608s][info][gc,phases   ] GC(6387)   Other: 0.2ms
[2025-01-09T00:10:26.241+0000][186296.608s][info][gc,heap     ] GC(6387) Eden regions: 919->0(903)
[2025-01-09T00:10:26.241+0000][186296.608s][info][gc,heap     ] GC(6387) Survivor regions: 2->8(116)
[2025-01-09T00:10:26.241+0000][186296.608s][info][gc,heap     ] GC(6387) Old regions: 237->237
[2025-01-09T00:10:26.241+0000][186296.608s][info][gc,heap     ] GC(6387) Archive regions: 2->2
[2025-01-09T00:10:26.241+0000][186296.608s][info][gc,heap     ] GC(6387) Humongous regions: 57->57
[2025-01-09T00:10:26.241+0000][186296.608s][info][gc,metaspace] GC(6387) Metaspace: 524430K(533824K)->524430K(533824K) NonClass: 460525K(465088K)->460525K(465088K) Class: 63905K(68736K)->63905K(68736K)
[2025-01-09T00:10:26.242+0000][186296.608s][info][gc          ] GC(6387) Pause Young (Normal) (G1 Evacuation Pause) 9720M->2418M(12288M) 32.069ms
[2025-01-09T00:10:26.242+0000][186296.608s][info][gc,cpu      ] GC(6387) User=0.18s Sys=0.01s Real=0.03s
[2025-01-09T00:10:28.019+0000][186298.386s][info][gc,start    ] GC(6388) Pause Young (Concurrent Start) (G1 Humongous Allocation)
[2025-01-09T00:10:28.020+0000][186298.386s][info][gc,task     ] GC(6388) Using 6 workers of 6 for evacuation
[2025-01-09T00:10:28.047+0000][186298.413s][info][gc,phases   ] GC(6388)   Pre Evacuate Collection Set: 1.1ms
[2025-01-09T00:10:28.047+0000][186298.413s][info][gc,phases   ] GC(6388)   Merge Heap Roots: 0.2ms
[2025-01-09T00:10:28.047+0000][186298.413s][info][gc,phases   ] GC(6388)   Evacuate Collection Set: 23.9ms
[2025-01-09T00:10:28.047+0000][186298.413s][info][gc,phases   ] GC(6388)   Post Evacuate Collection Set: 1.8ms
[2025-01-09T00:10:28.047+0000][186298.413s][info][gc,phases   ] GC(6388)   Other: 0.3ms
[2025-01-09T00:10:28.047+0000][186298.413s][info][gc,heap     ] GC(6388) Eden regions: 153->0(906)
[2025-01-09T00:10:28.047+0000][186298.413s][info][gc,heap     ] GC(6388) Survivor regions: 8->8(114)
[2025-01-09T00:10:28.047+0000][186298.413s][info][gc,heap     ] GC(6388) Old regions: 237->237
[2025-01-09T00:10:28.047+0000][186298.413s][info][gc,heap     ] GC(6388) Archive regions: 2->2
[2025-01-09T00:10:28.047+0000][186298.413s][info][gc,heap     ] GC(6388) Humongous regions: 57->57
[2025-01-09T00:10:28.047+0000][186298.413s][info][gc,metaspace] GC(6388) Metaspace: 524437K(533824K)->524437K(533824K) NonClass: 460530K(465088K)->460530K(465088K) Class: 63907K(68736K)->63907K(68736K)
[2025-01-09T00:10:28.047+0000][186298.413s][info][gc          ] GC(6388) Pause Young (Concurrent Start) (G1 Humongous Allocation) 3635M->2418M(12288M) 27.364ms
[2025-01-09T00:10:28.047+0000][186298.413s][info][gc,cpu      ] GC(6388) User=0.16s Sys=0.00s Real=0.03s
[2025-01-09T00:10:28.047+0000][186298.413s][info][gc          ] GC(6389) Concurrent Mark Cycle
[2025-01-09T00:10:28.047+0000][186298.413s][info][gc,marking  ] GC(6389) Concurrent Clear Claimed Marks
[2025-01-09T00:10:28.048+0000][186298.414s][info][gc,marking  ] GC(6389) Concurrent Clear Claimed Marks 0.983ms
[2025-01-09T00:10:28.048+0000][186298.414s][info][gc,marking  ] GC(6389) Concurrent Scan Root Regions
[2025-01-09T00:10:28.072+0000][186298.438s][info][gc,marking  ] GC(6389) Concurrent Scan Root Regions 23.610ms
[2025-01-09T00:10:28.072+0000][186298.438s][info][gc,marking  ] GC(6389) Concurrent Mark
[2025-01-09T00:10:28.072+0000][186298.438s][info][gc,marking  ] GC(6389) Concurrent Mark From Roots
[2025-01-09T00:10:28.072+0000][186298.438s][info][gc,task     ] GC(6389) Using 2 workers of 2 for marking
[2025-01-09T00:10:28.804+0000][186299.170s][info][gc,marking  ] GC(6389) Concurrent Mark From Roots 731.935ms
[2025-01-09T00:10:28.804+0000][186299.170s][info][gc,marking  ] GC(6389) Concurrent Preclean
[2025-01-09T00:10:28.806+0000][186299.172s][info][gc,marking  ] GC(6389) Concurrent Preclean 2.262ms
[2025-01-09T00:10:28.806+0000][186299.172s][info][gc,start    ] GC(6389) Pause Remark
[2025-01-09T00:10:28.865+0000][186299.231s][info][gc          ] GC(6389) Pause Remark 2594M->2530M(12288M) 58.952ms
[2025-01-09T00:10:28.865+0000][186299.231s][info][gc,cpu      ] GC(6389) User=0.32s Sys=0.00s Real=0.06s
[2025-01-09T00:10:28.865+0000][186299.231s][info][gc,marking  ] GC(6389) Concurrent Mark 793.491ms
[2025-01-09T00:10:28.865+0000][186299.231s][info][gc,marking  ] GC(6389) Concurrent Rebuild Remembered Sets
[2025-01-09T00:10:29.362+0000][186299.728s][info][gc,marking  ] GC(6389) Concurrent Rebuild Remembered Sets 496.854ms
[2025-01-09T00:10:29.362+0000][186299.728s][info][gc,start    ] GC(6389) Pause Cleanup
[2025-01-09T00:10:29.363+0000][186299.729s][info][gc          ] GC(6389) Pause Cleanup 2534M->2534M(12288M) 0.473ms
[2025-01-09T00:10:29.363+0000][186299.729s][info][gc,cpu      ] GC(6389) User=0.00s Sys=0.00s Real=0.00s
[2025-01-09T00:10:29.363+0000][186299.729s][info][gc,marking  ] GC(6389) Concurrent Cleanup for Next Mark
[2025-01-09T00:10:29.378+0000][186299.744s][info][gc,marking  ] GC(6389) Concurrent Cleanup for Next Mark 15.390ms
[2025-01-09T00:10:29.378+0000][186299.744s][info][gc          ] GC(6389) Concurrent Mark Cycle 1331.158ms
[2025-01-09T00:14:10.950+0000][186521.316s][info][gc,start    ] GC(6390) Pause Young (Prepare Mixed) (G1 Evacuation Pause)
[2025-01-09T00:14:10.950+0000][186521.316s][info][gc,task     ] GC(6390) Using 6 workers of 6 for evacuation
[2025-01-09T00:14:10.998+0000][186521.364s][info][gc,phases   ] GC(6390)   Pre Evacuate Collection Set: 0.2ms
[2025-01-09T00:14:10.998+0000][186521.364s][info][gc,phases   ] GC(6390)   Merge Heap Roots: 0.4ms
[2025-01-09T00:14:10.998+0000][186521.364s][info][gc,phases   ] GC(6390)   Evacuate Collection Set: 43.8ms
[2025-01-09T00:14:10.998+0000][186521.364s][info][gc,phases   ] GC(6390)   Post Evacuate Collection Set: 4.0ms
[2025-01-09T00:14:10.998+0000][186521.364s][info][gc,phases   ] GC(6390)   Other: 0.2ms
[2025-01-09T00:14:10.998+0000][186521.364s][info][gc,heap     ] GC(6390) Eden regions: 906->0(66)
[2025-01-09T00:14:10.998+0000][186521.364s][info][gc,heap     ] GC(6390) Survivor regions: 8->10(115)
[2025-01-09T00:14:10.998+0000][186521.364s][info][gc,heap     ] GC(6390) Old regions: 237->237
[2025-01-09T00:14:10.998+0000][186521.364s][info][gc,heap     ] GC(6390) Archive regions: 2->2
[2025-01-09T00:14:10.998+0000][186521.364s][info][gc,heap     ] GC(6390) Humongous regions: 53->53
[2025-01-09T00:14:10.998+0000][186521.364s][info][gc,metaspace] GC(6390) Metaspace: 524462K(533824K)->524462K(533824K) NonClass: 460554K(465088K)->460554K(465088K) Class: 63907K(68736K)->63907K(68736K)
[2025-01-09T00:14:10.998+0000][186521.365s][info][gc          ] GC(6390) Pause Young (Prepare Mixed) (G1 Evacuation Pause) 9634M->2395M(12288M) 48.701ms
[2025-01-09T00:14:10.998+0000][186521.365s][info][gc,cpu      ] GC(6390) User=0.34s Sys=0.00s Real=0.04s
[2025-01-09T00:14:14.035+0000][186524.401s][info][gc,start    ] GC(6391) Pause Young (Mixed) (G1 Evacuation Pause)
[2025-01-09T00:14:14.035+0000][186524.401s][info][gc,task     ] GC(6391) Using 6 workers of 6 for evacuation
[2025-01-09T00:14:14.114+0000][186524.480s][info][gc,phases   ] GC(6391)   Pre Evacuate Collection Set: 0.2ms
[2025-01-09T00:14:14.114+0000][186524.480s][info][gc,phases   ] GC(6391)   Merge Heap Roots: 0.8ms
[2025-01-09T00:14:14.114+0000][186524.480s][info][gc,phases   ] GC(6391)   Evacuate Collection Set: 76.3ms
[2025-01-09T00:14:14.114+0000][186524.480s][info][gc,phases   ] GC(6391)   Post Evacuate Collection Set: 1.9ms
[2025-01-09T00:14:14.114+0000][186524.480s][info][gc,phases   ] GC(6391)   Other: 0.2ms
[2025-01-09T00:14:14.114+0000][186524.480s][info][gc,heap     ] GC(6391) Eden regions: 66->0(917)
[2025-01-09T00:14:14.114+0000][186524.480s][info][gc,heap     ] GC(6391) Survivor regions: 10->4(10)
[2025-01-09T00:14:14.114+0000][186524.480s][info][gc,heap     ] GC(6391) Old regions: 237->234
[2025-01-09T00:14:14.114+0000][186524.480s][info][gc,heap     ] GC(6391) Archive regions: 2->2
[2025-01-09T00:14:14.114+0000][186524.480s][info][gc,heap     ] GC(6391) Humongous regions: 53->53
[2025-01-09T00:14:14.114+0000][186524.480s][info][gc,metaspace] GC(6391) Metaspace: 524462K(533824K)->524462K(533824K) NonClass: 460554K(465088K)->460554K(465088K) Class: 63907K(68736K)->63907K(68736K)
[2025-01-09T00:14:14.114+0000][186524.481s][info][gc          ] GC(6391) Pause Young (Mixed) (G1 Evacuation Pause) 2923M->2330M(12288M) 79.549ms
[2025-01-09T00:14:14.114+0000][186524.481s][info][gc,cpu      ] GC(6391) User=0.47s Sys=0.00s Real=0.08s
[2025-01-09T00:14:56.606+0000][186566.972s][info][gc,start    ] GC(6392) Pause Young (Normal) (G1 Evacuation Pause)
[2025-01-09T00:14:56.606+0000][186566.972s][info][gc,task     ] GC(6392) Using 6 workers of 6 for evacuation
[2025-01-09T00:14:56.638+0000][186567.004s][info][gc,phases   ] GC(6392)   Pre Evacuate Collection Set: 0.2ms
[2025-01-09T00:14:56.638+0000][186567.004s][info][gc,phases   ] GC(6392)   Merge Heap Roots: 0.4ms
[2025-01-09T00:14:56.638+0000][186567.004s][info][gc,phases   ] GC(6392)   Evacuate Collection Set: 27.9ms
[2025-01-09T00:14:56.638+0000][186567.004s][info][gc,phases   ] GC(6392)   Post Evacuate Collection Set: 3.3ms
[2025-01-09T00:14:56.638+0000][186567.004s][info][gc,phases   ] GC(6392)   Other: 0.2ms
[2025-01-09T00:14:56.638+0000][186567.004s][info][gc,heap     ] GC(6392) Eden regions: 917->0(898)
[2025-01-09T00:14:56.638+0000][186567.004s][info][gc,heap     ] GC(6392) Survivor regions: 4->8(116)
[2025-01-09T00:14:56.638+0000][186567.004s][info][gc,heap     ] GC(6392) Old regions: 234->234
[2025-01-09T00:14:56.638+0000][186567.004s][info][gc,heap     ] GC(6392) Archive regions: 2->2
[2025-01-09T00:14:56.638+0000][186567.004s][info][gc,heap     ] GC(6392) Humongous regions: 69->69
[2025-01-09T00:14:56.638+0000][186567.004s][info][gc,metaspace] GC(6392) Metaspace: 524498K(533888K)->524498K(533888K) NonClass: 460586K(465152K)->460586K(465152K) Class: 63912K(68736K)->63912K(68736K)
[2025-01-09T00:14:56.638+0000][186567.004s][info][gc          ] GC(6392) Pause Young (Normal) (G1 Evacuation Pause) 9794M->2487M(12288M) 32.084ms
[2025-01-09T00:14:56.638+0000][186567.004s][info][gc,cpu      ] GC(6392) User=0.19s Sys=0.00s Real=0.03s
[2025-01-09T00:15:23.153+0000][186593.519s][info][gc,start    ] GC(6393) Pause Young (Concurrent Start) (G1 Humongous Allocation)
[2025-01-09T00:15:23.153+0000][186593.519s][info][gc,task     ] GC(6393) Using 6 workers of 6 for evacuation
[2025-01-09T00:15:23.186+0000][186593.552s][info][gc,phases   ] GC(6393)   Pre Evacuate Collection Set: 1.2ms
[2025-01-09T00:15:23.186+0000][186593.552s][info][gc,phases   ] GC(6393)   Merge Heap Roots: 0.3ms
[2025-01-09T00:15:23.186+0000][186593.552s][info][gc,phases   ] GC(6393)   Evacuate Collection Set: 28.5ms
[2025-01-09T00:15:23.186+0000][186593.552s][info][gc,phases   ] GC(6393)   Post Evacuate Collection Set: 2.3ms
[2025-01-09T00:15:23.186+0000][186593.552s][info][gc,phases   ] GC(6393)   Other: 0.3ms
[2025-01-09T00:15:23.186+0000][186593.552s][info][gc,heap     ] GC(6393) Eden regions: 674->0(897)
[2025-01-09T00:15:23.186+0000][186593.552s][info][gc,heap     ] GC(6393) Survivor regions: 8->9(114)
[2025-01-09T00:15:23.186+0000][186593.552s][info][gc,heap     ] GC(6393) Old regions: 234->234
[2025-01-09T00:15:23.186+0000][186593.552s][info][gc,heap     ] GC(6393) Archive regions: 2->2
[2025-01-09T00:15:23.186+0000][186593.552s][info][gc,heap     ] GC(6393) Humongous regions: 69->69
[2025-01-09T00:15:23.186+0000][186593.552s][info][gc,metaspace] GC(6393) Metaspace: 524500K(533888K)->524500K(533888K) NonClass: 460587K(465152K)->460587K(465152K) Class: 63912K(68736K)->63912K(68736K)
[2025-01-09T00:15:23.186+0000][186593.552s][info][gc          ] GC(6393) Pause Young (Concurrent Start) (G1 Humongous Allocation) 7877M->2492M(12288M) 32.683ms
[2025-01-09T00:15:23.186+0000][186593.552s][info][gc,cpu      ] GC(6393) User=0.18s Sys=0.00s Real=0.03s
[2025-01-09T00:15:23.186+0000][186593.552s][info][gc          ] GC(6394) Concurrent Mark Cycle
[2025-01-09T00:15:23.186+0000][186593.552s][info][gc,marking  ] GC(6394) Concurrent Clear Claimed Marks
[2025-01-09T00:15:23.187+0000][186593.553s][info][gc,marking  ] GC(6394) Concurrent Clear Claimed Marks 1.079ms
[2025-01-09T00:15:23.187+0000][186593.553s][info][gc,marking  ] GC(6394) Concurrent Scan Root Regions
[2025-01-09T00:15:23.214+0000][186593.580s][info][gc,marking  ] GC(6394) Concurrent Scan Root Regions 26.615ms
[2025-01-09T00:15:23.214+0000][186593.580s][info][gc,marking  ] GC(6394) Concurrent Mark
[2025-01-09T00:15:23.214+0000][186593.580s][info][gc,marking  ] GC(6394) Concurrent Mark From Roots
[2025-01-09T00:15:23.214+0000][186593.580s][info][gc,task     ] GC(6394) Using 2 workers of 2 for marking
[2025-01-09T00:15:24.026+0000][186594.393s][info][gc,marking  ] GC(6394) Concurrent Mark From Roots 812.680ms
[2025-01-09T00:15:24.026+0000][186594.393s][info][gc,marking  ] GC(6394) Concurrent Preclean
[2025-01-09T00:15:24.029+0000][186594.395s][info][gc,marking  ] GC(6394) Concurrent Preclean 2.151ms
[2025-01-09T00:15:24.029+0000][186594.395s][info][gc,start    ] GC(6394) Pause Remark
[2025-01-09T00:15:24.056+0000][186594.422s][info][gc          ] GC(6394) Pause Remark 2944M->2784M(12288M) 26.678ms
[2025-01-09T00:15:24.056+0000][186594.422s][info][gc,cpu      ] GC(6394) User=0.15s Sys=0.00s Real=0.03s
[2025-01-09T00:15:24.056+0000][186594.422s][info][gc,marking  ] GC(6394) Concurrent Mark 841.923ms
[2025-01-09T00:15:24.056+0000][186594.422s][info][gc,marking  ] GC(6394) Concurrent Rebuild Remembered Sets
[2025-01-09T00:15:24.567+0000][186594.933s][info][gc,marking  ] GC(6394) Concurrent Rebuild Remembered Sets 511.628ms
[2025-01-09T00:15:24.567+0000][186594.934s][info][gc,start    ] GC(6394) Pause Cleanup
[2025-01-09T00:15:24.568+0000][186594.934s][info][gc          ] GC(6394) Pause Cleanup 2901M->2901M(12288M) 0.465ms
[2025-01-09T00:15:24.568+0000][186594.934s][info][gc,cpu      ] GC(6394) User=0.00s Sys=0.00s Real=0.00s
[2025-01-09T00:15:24.568+0000][186594.934s][info][gc,marking  ] GC(6394) Concurrent Cleanup for Next Mark
[2025-01-09T00:15:24.584+0000][186594.950s][info][gc,marking  ] GC(6394) Concurrent Cleanup for Next Mark 16.273ms
[2025-01-09T00:15:24.584+0000][186594.951s][info][gc          ] GC(6394) Concurrent Mark Cycle 1398.430ms
[2025-01-09T00:15:48.197+0000][186618.564s][info][gc,start    ] GC(6395) Pause Young (Prepare Mixed) (G1 Evacuation Pause)
[2025-01-09T00:15:48.197+0000][186618.564s][info][gc,task     ] GC(6395) Using 6 workers of 6 for evacuation
[2025-01-09T00:15:48.235+0000][186618.601s][info][gc,phases   ] GC(6395)   Pre Evacuate Collection Set: 0.2ms
[2025-01-09T00:15:48.235+0000][186618.602s][info][gc,phases   ] GC(6395)   Merge Heap Roots: 0.5ms
[2025-01-09T00:15:48.235+0000][186618.602s][info][gc,phases   ] GC(6395)   Evacuate Collection Set: 34.3ms
[2025-01-09T00:15:48.235+0000][186618.602s][info][gc,phases   ] GC(6395)   Post Evacuate Collection Set: 2.7ms
[2025-01-09T00:15:48.235+0000][186618.602s][info][gc,phases   ] GC(6395)   Other: 0.2ms
[2025-01-09T00:15:48.235+0000][186618.602s][info][gc,heap     ] GC(6395) Eden regions: 897->0(66)
[2025-01-09T00:15:48.235+0000][186618.602s][info][gc,heap     ] GC(6395) Survivor regions: 9->10(114)
[2025-01-09T00:15:48.235+0000][186618.602s][info][gc,heap     ] GC(6395) Old regions: 234->234
[2025-01-09T00:15:48.235+0000][186618.602s][info][gc,heap     ] GC(6395) Archive regions: 2->2
[2025-01-09T00:15:48.235+0000][186618.602s][info][gc,heap     ] GC(6395) Humongous regions: 53->53
[2025-01-09T00:15:48.235+0000][186618.602s][info][gc,metaspace] GC(6395) Metaspace: 524508K(533888K)->524508K(533888K) NonClass: 460595K(465152K)->460595K(465152K) Class: 63913K(68736K)->63913K(68736K)
[2025-01-09T00:15:48.235+0000][186618.602s][info][gc          ] GC(6395) Pause Young (Prepare Mixed) (G1 Evacuation Pause) 9540M->2378M(12288M) 38.094ms
[2025-01-09T00:15:48.236+0000][186618.602s][info][gc,cpu      ] GC(6395) User=0.22s Sys=0.01s Real=0.04s
[2025-01-09T00:15:48.986+0000][186619.352s][info][gc,start    ] GC(6396) Pause Young (Mixed) (G1 Evacuation Pause)
[2025-01-09T00:15:48.986+0000][186619.352s][info][gc,task     ] GC(6396) Using 6 workers of 6 for evacuation
[2025-01-09T00:15:49.055+0000][186619.421s][info][gc,phases   ] GC(6396)   Pre Evacuate Collection Set: 0.2ms
[2025-01-09T00:15:49.055+0000][186619.421s][info][gc,phases   ] GC(6396)   Merge Heap Roots: 0.6ms
[2025-01-09T00:15:49.055+0000][186619.421s][info][gc,phases   ] GC(6396)   Evacuate Collection Set: 65.9ms
[2025-01-09T00:15:49.055+0000][186619.421s][info][gc,phases   ] GC(6396)   Post Evacuate Collection Set: 1.7ms
[2025-01-09T00:15:49.055+0000][186619.421s][info][gc,phases   ] GC(6396)   Other: 0.2ms
[2025-01-09T00:15:49.055+0000][186619.421s][info][gc,heap     ] GC(6396) Eden regions: 66->0(916)
[2025-01-09T00:15:49.055+0000][186619.421s][info][gc,heap     ] GC(6396) Survivor regions: 10->5(10)
[2025-01-09T00:15:49.055+0000][186619.421s][info][gc,heap     ] GC(6396) Old regions: 234->232
[2025-01-09T00:15:49.055+0000][186619.421s][info][gc,heap     ] GC(6396) Archive regions: 2->2
[2025-01-09T00:15:49.055+0000][186619.421s][info][gc,heap     ] GC(6396) Humongous regions: 53->53
[2025-01-09T00:15:49.055+0000][186619.421s][info][gc,metaspace] GC(6396) Metaspace: 524508K(533888K)->524508K(533888K) NonClass: 460595K(465152K)->460595K(465152K) Class: 63913K(68736K)->63913K(68736K)
[2025-01-09T00:15:49.055+0000][186619.421s][info][gc          ] GC(6396) Pause Young (Mixed) (G1 Evacuation Pause) 2906M->2325M(12288M) 68.648ms
[2025-01-09T00:15:49.055+0000][186619.421s][info][gc,cpu      ] GC(6396) User=0.40s Sys=0.00s Real=0.07s
[2025-01-09T00:16:03.931+0000][186634.297s][info][gc,start    ] GC(6397) Pause Young (Normal) (G1 Evacuation Pause)
[2025-01-09T00:16:03.931+0000][186634.297s][info][gc,task     ] GC(6397) Using 6 workers of 6 for evacuation
[2025-01-09T00:16:03.963+0000][186634.329s][info][gc,phases   ] GC(6397)   Pre Evacuate Collection Set: 0.2ms
[2025-01-09T00:16:03.963+0000][186634.329s][info][gc,phases   ] GC(6397)   Merge Heap Roots: 0.4ms
[2025-01-09T00:16:03.963+0000][186634.329s][info][gc,phases   ] GC(6397)   Evacuate Collection Set: 28.2ms
[2025-01-09T00:16:03.963+0000][186634.329s][info][gc,phases   ] GC(6397)   Post Evacuate Collection Set: 2.7ms
[2025-01-09T00:16:03.963+0000][186634.329s][info][gc,phases   ] GC(6397)   Other: 0.2ms
[2025-01-09T00:16:03.963+0000][186634.329s][info][gc,heap     ] GC(6397) Eden regions: 916->0(915)
[2025-01-09T00:16:03.963+0000][186634.329s][info][gc,heap     ] GC(6397) Survivor regions: 5->6(116)
[2025-01-09T00:16:03.963+0000][186634.329s][info][gc,heap     ] GC(6397) Old regions: 232->232
[2025-01-09T00:16:03.963+0000][186634.329s][info][gc,heap     ] GC(6397) Archive regions: 2->2
[2025-01-09T00:16:03.963+0000][186634.329s][info][gc,heap     ] GC(6397) Humongous regions: 53->53
[2025-01-09T00:16:03.963+0000][186634.329s][info][gc,metaspace] GC(6397) Metaspace: 524581K(533952K)->524581K(533952K) NonClass: 460656K(465216K)->460656K(465216K) Class: 63924K(68736K)->63924K(68736K)
[2025-01-09T00:16:03.963+0000][186634.329s][info][gc          ] GC(6397) Pause Young (Normal) (G1 Evacuation Pause) 9653M->2332M(12288M) 31.734ms
[2025-01-09T00:16:03.963+0000][186634.329s][info][gc,cpu      ] GC(6397) User=0.19s Sys=0.00s Real=0.03s
[2025-01-09T00:16:18.406+0000][186648.772s][info][gc,start    ] GC(6398) Pause Young (Normal) (G1 Evacuation Pause)
[2025-01-09T00:16:18.406+0000][186648.772s][info][gc,task     ] GC(6398) Using 6 workers of 6 for evacuation
[2025-01-09T00:16:18.435+0000][186648.801s][info][gc,phases   ] GC(6398)   Pre Evacuate Collection Set: 0.2ms
[2025-01-09T00:16:18.435+0000][186648.802s][info][gc,phases   ] GC(6398)   Merge Heap Roots: 0.4ms
[2025-01-09T00:16:18.435+0000][186648.802s][info][gc,phases   ] GC(6398)   Evacuate Collection Set: 25.7ms
[2025-01-09T00:16:18.435+0000][186648.802s][info][gc,phases   ] GC(6398)   Post Evacuate Collection Set: 2.8ms
[2025-01-09T00:16:18.435+0000][186648.802s][info][gc,phases   ] GC(6398)   Other: 0.2ms
[2025-01-09T00:16:18.435+0000][186648.802s][info][gc,heap     ] GC(6398) Eden regions: 915->0(913)
[2025-01-09T00:16:18.435+0000][186648.802s][info][gc,heap     ] GC(6398) Survivor regions: 6->8(116)
[2025-01-09T00:16:18.435+0000][186648.802s][info][gc,heap     ] GC(6398) Old regions: 232->232
[2025-01-09T00:16:18.435+0000][186648.802s][info][gc,heap     ] GC(6398) Archive regions: 2->2
[2025-01-09T00:16:18.435+0000][186648.802s][info][gc,heap     ] GC(6398) Humongous regions: 53->53
[2025-01-09T00:16:18.435+0000][186648.802s][info][gc,metaspace] GC(6398) Metaspace: 524586K(533952K)->524586K(533952K) NonClass: 460662K(465216K)->460662K(465216K) Class: 63924K(68736K)->63924K(68736K)
[2025-01-09T00:16:18.435+0000][186648.802s][info][gc          ] GC(6398) Pause Young (Normal) (G1 Evacuation Pause) 9652M->2344M(12288M) 29.347ms
[2025-01-09T00:16:18.436+0000][186648.802s][info][gc,cpu      ] GC(6398) User=0.17s Sys=0.00s Real=0.03s
[2025-01-09T00:16:39.772+0000][186670.138s][info][gc,start    ] GC(6399) Pause Young (Concurrent Start) (G1 Evacuation Pause)
[2025-01-09T00:16:39.772+0000][186670.138s][info][gc,task     ] GC(6399) Using 6 workers of 6 for evacuation
[2025-01-09T00:16:39.809+0000][186670.175s][info][gc,phases   ] GC(6399)   Pre Evacuate Collection Set: 1.2ms
[2025-01-09T00:16:39.809+0000][186670.175s][info][gc,phases   ] GC(6399)   Merge Heap Roots: 0.4ms
[2025-01-09T00:16:39.809+0000][186670.175s][info][gc,phases   ] GC(6399)   Evacuate Collection Set: 31.4ms
[2025-01-09T00:16:39.809+0000][186670.175s][info][gc,phases   ] GC(6399)   Post Evacuate Collection Set: 4.0ms
[2025-01-09T00:16:39.809+0000][186670.175s][info][gc,phases   ] GC(6399)   Other: 0.3ms
[2025-01-09T00:16:39.809+0000][186670.175s][info][gc,heap     ] GC(6399) Eden regions: 913->0(911)
[2025-01-09T00:16:39.809+0000][186670.175s][info][gc,heap     ] GC(6399) Survivor regions: 8->10(116)
[2025-01-09T00:16:39.809+0000][186670.175s][info][gc,heap     ] GC(6399) Old regions: 232->232
[2025-01-09T00:16:39.809+0000][186670.176s][info][gc,heap     ] GC(6399) Archive regions: 2->2
[2025-01-09T00:16:39.809+0000][186670.176s][info][gc,heap     ] GC(6399) Humongous regions: 53->53
[2025-01-09T00:16:39.809+0000][186670.176s][info][gc,metaspace] GC(6399) Metaspace: 524588K(533952K)->524588K(533952K) NonClass: 460664K(465216K)->460664K(465216K) Class: 63924K(68736K)->63924K(68736K)
[2025-01-09T00:16:39.809+0000][186670.176s][info][gc          ] GC(6399) Pause Young (Concurrent Start) (G1 Evacuation Pause) 9648M->2359M(12288M) 37.324ms
[2025-01-09T00:16:39.810+0000][186670.176s][info][gc,cpu      ] GC(6399) User=0.21s Sys=0.00s Real=0.04s
[2025-01-09T00:16:39.810+0000][186670.176s][info][gc          ] GC(6400) Concurrent Mark Cycle
[2025-01-09T00:16:39.810+0000][186670.176s][info][gc,marking  ] GC(6400) Concurrent Clear Claimed Marks
[2025-01-09T00:16:39.811+0000][186670.177s][info][gc,marking  ] GC(6400) Concurrent Clear Claimed Marks 1.023ms
[2025-01-09T00:16:39.811+0000][186670.177s][info][gc,marking  ] GC(6400) Concurrent Scan Root Regions
[2025-01-09T00:16:39.832+0000][186670.198s][info][gc,marking  ] GC(6400) Concurrent Scan Root Regions 21.155ms
[2025-01-09T00:16:39.832+0000][186670.198s][info][gc,marking  ] GC(6400) Concurrent Mark
[2025-01-09T00:16:39.832+0000][186670.198s][info][gc,marking  ] GC(6400) Concurrent Mark From Roots
[2025-01-09T00:16:39.832+0000][186670.198s][info][gc,task     ] GC(6400) Using 2 workers of 2 for marking
[2025-01-09T00:16:40.601+0000][186670.967s][info][gc,marking  ] GC(6400) Concurrent Mark From Roots 769.380ms
[2025-01-09T00:16:40.601+0000][186670.967s][info][gc,marking  ] GC(6400) Concurrent Preclean
[2025-01-09T00:16:40.604+0000][186670.970s][info][gc,marking  ] GC(6400) Concurrent Preclean 2.335ms
[2025-01-09T00:16:40.604+0000][186670.970s][info][gc,start    ] GC(6400) Pause Remark
[2025-01-09T00:16:40.630+0000][186670.996s][info][gc          ] GC(6400) Pause Remark 2467M->2435M(12288M) 26.406ms
[2025-01-09T00:16:40.630+0000][186670.996s][info][gc,cpu      ] GC(6400) User=0.15s Sys=0.00s Real=0.03s
[2025-01-09T00:16:40.630+0000][186670.996s][info][gc,marking  ] GC(6400) Concurrent Mark 798.533ms
[2025-01-09T00:16:40.630+0000][186670.996s][info][gc,marking  ] GC(6400) Concurrent Rebuild Remembered Sets
[2025-01-09T00:16:41.181+0000][186671.548s][info][gc,marking  ] GC(6400) Concurrent Rebuild Remembered Sets 551.069ms
[2025-01-09T00:16:41.182+0000][186671.548s][info][gc,start    ] GC(6400) Pause Cleanup
[2025-01-09T00:16:41.182+0000][186671.548s][info][gc          ] GC(6400) Pause Cleanup 2703M->2703M(12288M) 0.439ms
[2025-01-09T00:16:41.182+0000][186671.548s][info][gc,cpu      ] GC(6400) User=0.00s Sys=0.00s Real=0.00s
[2025-01-09T00:16:41.182+0000][186671.548s][info][gc,marking  ] GC(6400) Concurrent Cleanup for Next Mark
[2025-01-09T00:16:41.198+0000][186671.564s][info][gc,marking  ] GC(6400) Concurrent Cleanup for Next Mark 15.826ms
[2025-01-09T00:16:41.198+0000][186671.564s][info][gc          ] GC(6400) Concurrent Mark Cycle 1388.426ms
[2025-01-09T00:16:56.418+0000][186686.784s][info][gc,start    ] GC(6401) Pause Young (Prepare Mixed) (G1 Evacuation Pause)
[2025-01-09T00:16:56.418+0000][186686.784s][info][gc,task     ] GC(6401) Using 6 workers of 6 for evacuation
[2025-01-09T00:16:56.459+0000][186686.825s][info][gc,phases   ] GC(6401)   Pre Evacuate Collection Set: 0.2ms
[2025-01-09T00:16:56.459+0000][186686.825s][info][gc,phases   ] GC(6401)   Merge Heap Roots: 0.6ms
[2025-01-09T00:16:56.459+0000][186686.825s][info][gc,phases   ] GC(6401)   Evacuate Collection Set: 36.6ms
[2025-01-09T00:16:56.459+0000][186686.825s][info][gc,phases   ] GC(6401)   Post Evacuate Collection Set: 2.9ms
[2025-01-09T00:16:56.459+0000][186686.825s][info][gc,phases   ] GC(6401)   Other: 0.2ms
[2025-01-09T00:16:56.459+0000][186686.825s][info][gc,heap     ] GC(6401) Eden regions: 911->0(65)
[2025-01-09T00:16:56.459+0000][186686.825s][info][gc,heap     ] GC(6401) Survivor regions: 10->11(116)
[2025-01-09T00:16:56.459+0000][186686.825s][info][gc,heap     ] GC(6401) Old regions: 232->232
[2025-01-09T00:16:56.459+0000][186686.825s][info][gc,heap     ] GC(6401) Archive regions: 2->2
[2025-01-09T00:16:56.459+0000][186686.825s][info][gc,heap     ] GC(6401) Humongous regions: 49->49
[2025-01-09T00:16:56.459+0000][186686.825s][info][gc,metaspace] GC(6401) Metaspace: 524588K(533952K)->524588K(533952K) NonClass: 460664K(465216K)->460664K(465216K) Class: 63924K(68736K)->63924K(68736K)
[2025-01-09T00:16:56.459+0000][186686.825s][info][gc          ] GC(6401) Pause Young (Prepare Mixed) (G1 Evacuation Pause) 9615M->2337M(12288M) 40.581ms
[2025-01-09T00:16:56.459+0000][186686.825s][info][gc,cpu      ] GC(6401) User=0.24s Sys=0.00s Real=0.04s
[2025-01-09T00:16:56.947+0000][186687.313s][info][gc,start    ] GC(6402) Pause Young (Mixed) (G1 Evacuation Pause)
[2025-01-09T00:16:56.947+0000][186687.313s][info][gc,task     ] GC(6402) Using 6 workers of 6 for evacuation
[2025-01-09T00:16:57.014+0000][186687.380s][info][gc,phases   ] GC(6402)   Pre Evacuate Collection Set: 0.2ms
[2025-01-09T00:16:57.014+0000][186687.381s][info][gc,phases   ] GC(6402)   Merge Heap Roots: 0.6ms
[2025-01-09T00:16:57.014+0000][186687.381s][info][gc,phases   ] GC(6402)   Evacuate Collection Set: 65.1ms
[2025-01-09T00:16:57.014+0000][186687.381s][info][gc,phases   ] GC(6402)   Post Evacuate Collection Set: 1.8ms
[2025-01-09T00:16:57.014+0000][186687.381s][info][gc,phases   ] GC(6402)   Other: 0.2ms
[2025-01-09T00:16:57.014+0000][186687.381s][info][gc,heap     ] GC(6402) Eden regions: 65->0(914)
[2025-01-09T00:16:57.014+0000][186687.381s][info][gc,heap     ] GC(6402) Survivor regions: 11->7(10)
[2025-01-09T00:16:57.014+0000][186687.381s][info][gc,heap     ] GC(6402) Old regions: 232->232
[2025-01-09T00:16:57.014+0000][186687.381s][info][gc,heap     ] GC(6402) Archive regions: 2->2
[2025-01-09T00:16:57.014+0000][186687.381s][info][gc,heap     ] GC(6402) Humongous regions: 49->49
[2025-01-09T00:16:57.014+0000][186687.381s][info][gc,metaspace] GC(6402) Metaspace: 524588K(533952K)->524588K(533952K) NonClass: 460664K(465216K)->460664K(465216K) Class: 63924K(68736K)->63924K(68736K)
[2025-01-09T00:16:57.014+0000][186687.381s][info][gc          ] GC(6402) Pause Young (Mixed) (G1 Evacuation Pause) 2857M->2304M(12288M) 67.899ms
[2025-01-09T00:16:57.015+0000][186687.381s][info][gc,cpu      ] GC(6402) User=0.40s Sys=0.00s Real=0.07s
[2025-01-09T00:17:11.058+0000][186701.425s][info][gc,start    ] GC(6403) Pause Young (Normal) (G1 Evacuation Pause)
[2025-01-09T00:17:11.058+0000][186701.425s][info][gc,task     ] GC(6403) Using 6 workers of 6 for evacuation
[2025-01-09T00:17:11.085+0000][186701.451s][info][gc,phases   ] GC(6403)   Pre Evacuate Collection Set: 0.2ms
[2025-01-09T00:17:11.085+0000][186701.451s][info][gc,phases   ] GC(6403)   Merge Heap Roots: 0.4ms
[2025-01-09T00:17:11.085+0000][186701.451s][info][gc,phases   ] GC(6403)   Evacuate Collection Set: 23.3ms
[2025-01-09T00:17:11.085+0000][186701.451s][info][gc,phases   ] GC(6403)   Post Evacuate Collection Set: 2.5ms
[2025-01-09T00:17:11.085+0000][186701.451s][info][gc,phases   ] GC(6403)   Other: 0.2ms
[2025-01-09T00:17:11.085+0000][186701.451s][info][gc,heap     ] GC(6403) Eden regions: 914->0(914)
[2025-01-09T00:17:11.085+0000][186701.451s][info][gc,heap     ] GC(6403) Survivor regions: 7->7(116)
[2025-01-09T00:17:11.085+0000][186701.451s][info][gc,heap     ] GC(6403) Old regions: 232->232
[2025-01-09T00:17:11.085+0000][186701.451s][info][gc,heap     ] GC(6403) Archive regions: 2->2
[2025-01-09T00:17:11.085+0000][186701.451s][info][gc,heap     ] GC(6403) Humongous regions: 49->49
[2025-01-09T00:17:11.085+0000][186701.451s][info][gc,metaspace] GC(6403) Metaspace: 524588K(533952K)->524588K(533952K) NonClass: 460664K(465216K)->460664K(465216K) Class: 63924K(68736K)->63924K(68736K)
[2025-01-09T00:17:11.085+0000][186701.451s][info][gc          ] GC(6403) Pause Young (Normal) (G1 Evacuation Pause) 9616M->2306M(12288M) 26.766ms
[2025-01-09T00:17:11.085+0000][186701.451s][info][gc,cpu      ] GC(6403) User=0.15s Sys=0.00s Real=0.03s
[2025-01-09T00:17:27.518+0000][186717.884s][info][gc,start    ] GC(6404) Pause Young (Normal) (G1 Evacuation Pause)
[2025-01-09T00:17:27.518+0000][186717.884s][info][gc,task     ] GC(6404) Using 6 workers of 6 for evacuation
[2025-01-09T00:17:27.549+0000][186717.915s][info][gc,phases   ] GC(6404)   Pre Evacuate Collection Set: 0.2ms
[2025-01-09T00:17:27.549+0000][186717.915s][info][gc,phases   ] GC(6404)   Merge Heap Roots: 0.4ms
[2025-01-09T00:17:27.549+0000][186717.915s][info][gc,phases   ] GC(6404)   Evacuate Collection Set: 28.1ms
[2025-01-09T00:17:27.549+0000][186717.915s][info][gc,phases   ] GC(6404)   Post Evacuate Collection Set: 2.8ms
[2025-01-09T00:17:27.549+0000][186717.915s][info][gc,phases   ] GC(6404)   Other: 0.2ms
[2025-01-09T00:17:27.549+0000][186717.915s][info][gc,heap     ] GC(6404) Eden regions: 914->0(913)
[2025-01-09T00:17:27.549+0000][186717.915s][info][gc,heap     ] GC(6404) Survivor regions: 7->8(116)
[2025-01-09T00:17:27.549+0000][186717.915s][info][gc,heap     ] GC(6404) Old regions: 232->232
[2025-01-09T00:17:27.549+0000][186717.915s][info][gc,heap     ] GC(6404) Archive regions: 2->2
[2025-01-09T00:17:27.549+0000][186717.915s][info][gc,heap     ] GC(6404) Humongous regions: 49->49
[2025-01-09T00:17:27.549+0000][186717.915s][info][gc,metaspace] GC(6404) Metaspace: 524591K(533952K)->524591K(533952K) NonClass: 460667K(465216K)->460667K(465216K) Class: 63924K(68736K)->63924K(68736K)
[2025-01-09T00:17:27.549+0000][186717.915s][info][gc          ] GC(6404) Pause Young (Normal) (G1 Evacuation Pause) 9618M->2317M(12288M) 31.798ms
[2025-01-09T00:17:27.549+0000][186717.916s][info][gc,cpu      ] GC(6404) User=0.19s Sys=0.00s Real=0.03s
[2025-01-09T00:17:35.067+0000][186725.433s][info][gc,start    ] GC(6405) Pause Young (Concurrent Start) (G1 Evacuation Pause)
[2025-01-09T00:17:35.067+0000][186725.433s][info][gc,task     ] GC(6405) Using 6 workers of 6 for evacuation
[2025-01-09T00:17:35.102+0000][186725.468s][info][gc,phases   ] GC(6405)   Pre Evacuate Collection Set: 1.1ms
[2025-01-09T00:17:35.102+0000][186725.468s][info][gc,phases   ] GC(6405)   Merge Heap Roots: 0.4ms
[2025-01-09T00:17:35.102+0000][186725.468s][info][gc,phases   ] GC(6405)   Evacuate Collection Set: 30.7ms
[2025-01-09T00:17:35.102+0000][186725.468s][info][gc,phases   ] GC(6405)   Post Evacuate Collection Set: 2.4ms
[2025-01-09T00:17:35.102+0000][186725.468s][info][gc,phases   ] GC(6405)   Other: 0.3ms
[2025-01-09T00:17:35.102+0000][186725.468s][info][gc,heap     ] GC(6405) Eden regions: 913->0(911)
[2025-01-09T00:17:35.102+0000][186725.468s][info][gc,heap     ] GC(6405) Survivor regions: 8->10(116)
[2025-01-09T00:17:35.102+0000][186725.468s][info][gc,heap     ] GC(6405) Old regions: 232->232
[2025-01-09T00:17:35.102+0000][186725.468s][info][gc,heap     ] GC(6405) Archive regions: 2->2
[2025-01-09T00:17:35.102+0000][186725.468s][info][gc,heap     ] GC(6405) Humongous regions: 49->49
[2025-01-09T00:17:35.102+0000][186725.468s][info][gc,metaspace] GC(6405) Metaspace: 524591K(533952K)->524591K(533952K) NonClass: 460667K(465216K)->460667K(465216K) Class: 63924K(68736K)->63924K(68736K)
[2025-01-09T00:17:35.102+0000][186725.468s][info][gc          ] GC(6405) Pause Young (Concurrent Start) (G1 Evacuation Pause) 9621M->2331M(12288M) 35.024ms
[2025-01-09T00:17:35.102+0000][186725.468s][info][gc,cpu      ] GC(6405) User=0.20s Sys=0.00s Real=0.04s
[2025-01-09T00:17:35.102+0000][186725.468s][info][gc          ] GC(6406) Concurrent Mark Cycle
[2025-01-09T00:17:35.102+0000][186725.468s][info][gc,marking  ] GC(6406) Concurrent Clear Claimed Marks
[2025-01-09T00:17:35.103+0000][186725.469s][info][gc,marking  ] GC(6406) Concurrent Clear Claimed Marks 0.943ms
[2025-01-09T00:17:35.103+0000][186725.469s][info][gc,marking  ] GC(6406) Concurrent Scan Root Regions
[2025-01-09T00:17:35.132+0000][186725.498s][info][gc,marking  ] GC(6406) Concurrent Scan Root Regions 28.812ms
[2025-01-09T00:17:35.132+0000][186725.498s][info][gc,marking  ] GC(6406) Concurrent Mark
[2025-01-09T00:17:35.132+0000][186725.498s][info][gc,marking  ] GC(6406) Concurrent Mark From Roots
[2025-01-09T00:17:35.132+0000][186725.498s][info][gc,task     ] GC(6406) Using 2 workers of 2 for marking
[2025-01-09T00:17:36.142+0000][186726.508s][info][gc,marking  ] GC(6406) Concurrent Mark From Roots 1010.330ms
[2025-01-09T00:17:36.142+0000][186726.508s][info][gc,marking  ] GC(6406) Concurrent Preclean
[2025-01-09T00:17:36.145+0000][186726.511s][info][gc,marking  ] GC(6406) Concurrent Preclean 3.070ms
[2025-01-09T00:17:36.146+0000][186726.512s][info][gc,start    ] GC(6406) Pause Remark
[2025-01-09T00:17:36.171+0000][186726.537s][info][gc          ] GC(6406) Pause Remark 3819M->3819M(12288M) 25.739ms
[2025-01-09T00:17:36.171+0000][186726.537s][info][gc,cpu      ] GC(6406) User=0.15s Sys=0.00s Real=0.03s
[2025-01-09T00:17:36.171+0000][186726.538s][info][gc,marking  ] GC(6406) Concurrent Mark 1039.519ms
[2025-01-09T00:17:36.171+0000][186726.538s][info][gc,marking  ] GC(6406) Concurrent Rebuild Remembered Sets
[2025-01-09T00:17:36.726+0000][186727.092s][info][gc,marking  ] GC(6406) Concurrent Rebuild Remembered Sets 554.318ms
[2025-01-09T00:17:36.726+0000][186727.092s][info][gc,start    ] GC(6406) Pause Cleanup
[2025-01-09T00:17:36.726+0000][186727.092s][info][gc          ] GC(6406) Pause Cleanup 4539M->4539M(12288M) 0.412ms
[2025-01-09T00:17:36.726+0000][186727.092s][info][gc,cpu      ] GC(6406) User=0.00s Sys=0.00s Real=0.00s
[2025-01-09T00:17:36.726+0000][186727.092s][info][gc,marking  ] GC(6406) Concurrent Cleanup for Next Mark
[2025-01-09T00:17:36.742+0000][186727.108s][info][gc,marking  ] GC(6406) Concurrent Cleanup for Next Mark 15.444ms
[2025-01-09T00:17:36.742+0000][186727.108s][info][gc          ] GC(6406) Concurrent Mark Cycle 1639.801ms
[2025-01-09T00:17:40.274+0000][186730.640s][info][gc,start    ] GC(6407) Pause Young (Prepare Mixed) (G1 Evacuation Pause)
[2025-01-09T00:17:40.274+0000][186730.640s][info][gc,task     ] GC(6407) Using 6 workers of 6 for evacuation
[2025-01-09T00:17:40.309+0000][186730.675s][info][gc,phases   ] GC(6407)   Pre Evacuate Collection Set: 0.2ms
[2025-01-09T00:17:40.309+0000][186730.675s][info][gc,phases   ] GC(6407)   Merge Heap Roots: 0.6ms
[2025-01-09T00:17:40.309+0000][186730.675s][info][gc,phases   ] GC(6407)   Evacuate Collection Set: 30.9ms
[2025-01-09T00:17:40.309+0000][186730.675s][info][gc,phases   ] GC(6407)   Post Evacuate Collection Set: 2.7ms
[2025-01-09T00:17:40.309+0000][186730.675s][info][gc,phases   ] GC(6407)   Other: 0.2ms
[2025-01-09T00:17:40.309+0000][186730.675s][info][gc,heap     ] GC(6407) Eden regions: 911->0(66)
[2025-01-09T00:17:40.309+0000][186730.675s][info][gc,heap     ] GC(6407) Survivor regions: 10->10(116)
[2025-01-09T00:17:40.309+0000][186730.675s][info][gc,heap     ] GC(6407) Old regions: 232->232
[2025-01-09T00:17:40.309+0000][186730.675s][info][gc,heap     ] GC(6407) Archive regions: 2->2
[2025-01-09T00:17:40.309+0000][186730.675s][info][gc,heap     ] GC(6407) Humongous regions: 49->49
[2025-01-09T00:17:40.309+0000][186730.675s][info][gc,metaspace] GC(6407) Metaspace: 524591K(533952K)->524591K(533952K) NonClass: 460667K(465216K)->460667K(465216K) Class: 63924K(68736K)->63924K(68736K)
[2025-01-09T00:17:40.309+0000][186730.675s][info][gc          ] GC(6407) Pause Young (Prepare Mixed) (G1 Evacuation Pause) 9619M->2328M(12288M) 34.695ms
[2025-01-09T00:17:40.309+0000][186730.675s][info][gc,cpu      ] GC(6407) User=0.21s Sys=0.00s Real=0.03s
[2025-01-09T00:17:40.665+0000][186731.031s][info][gc,start    ] GC(6408) Pause Young (Mixed) (G1 Evacuation Pause)
[2025-01-09T00:17:40.665+0000][186731.031s][info][gc,task     ] GC(6408) Using 6 workers of 6 for evacuation
[2025-01-09T00:17:40.734+0000][186731.101s][info][gc,phases   ] GC(6408)   Pre Evacuate Collection Set: 0.2ms
[2025-01-09T00:17:40.735+0000][186731.101s][info][gc,phases   ] GC(6408)   Merge Heap Roots: 0.7ms
[2025-01-09T00:17:40.735+0000][186731.101s][info][gc,phases   ] GC(6408)   Evacuate Collection Set: 66.8ms
[2025-01-09T00:17:40.735+0000][186731.101s][info][gc,phases   ] GC(6408)   Post Evacuate Collection Set: 1.8ms
[2025-01-09T00:17:40.735+0000][186731.101s][info][gc,phases   ] GC(6408)   Other: 0.2ms
[2025-01-09T00:17:40.735+0000][186731.101s][info][gc,heap     ] GC(6408) Eden regions: 66->0(915)
[2025-01-09T00:17:40.735+0000][186731.101s][info][gc,heap     ] GC(6408) Survivor regions: 10->6(10)
[2025-01-09T00:17:40.735+0000][186731.101s][info][gc,heap     ] GC(6408) Old regions: 232->232
[2025-01-09T00:17:40.735+0000][186731.101s][info][gc,heap     ] GC(6408) Archive regions: 2->2
[2025-01-09T00:17:40.735+0000][186731.101s][info][gc,heap     ] GC(6408) Humongous regions: 49->49
[2025-01-09T00:17:40.735+0000][186731.101s][info][gc,metaspace] GC(6408) Metaspace: 524591K(533952K)->524591K(533952K) NonClass: 460667K(465216K)->460667K(465216K) Class: 63924K(68736K)->63924K(68736K)
[2025-01-09T00:17:40.735+0000][186731.101s][info][gc          ] GC(6408) Pause Young (Mixed) (G1 Evacuation Pause) 2856M->2298M(12288M) 69.732ms
[2025-01-09T00:17:40.735+0000][186731.101s][info][gc,cpu      ] GC(6408) User=0.41s Sys=0.00s Real=0.07s
[2025-01-09T00:17:45.365+0000][186735.731s][info][gc,start    ] GC(6409) Pause Young (Normal) (G1 Evacuation Pause)
[2025-01-09T00:17:45.365+0000][186735.731s][info][gc,task     ] GC(6409) Using 6 workers of 6 for evacuation
[2025-01-09T00:17:45.388+0000][186735.754s][info][gc,phases   ] GC(6409)   Pre Evacuate Collection Set: 0.2ms
[2025-01-09T00:17:45.388+0000][186735.754s][info][gc,phases   ] GC(6409)   Merge Heap Roots: 0.4ms
[2025-01-09T00:17:45.388+0000][186735.754s][info][gc,phases   ] GC(6409)   Evacuate Collection Set: 20.2ms
[2025-01-09T00:17:45.388+0000][186735.754s][info][gc,phases   ] GC(6409)   Post Evacuate Collection Set: 2.4ms
[2025-01-09T00:17:45.388+0000][186735.754s][info][gc,phases   ] GC(6409)   Other: 0.2ms
[2025-01-09T00:17:45.388+0000][186735.754s][info][gc,heap     ] GC(6409) Eden regions: 915->0(915)
[2025-01-09T00:17:45.388+0000][186735.754s][info][gc,heap     ] GC(6409) Survivor regions: 6->6(116)
[2025-01-09T00:17:45.388+0000][186735.754s][info][gc,heap     ] GC(6409) Old regions: 232->232
[2025-01-09T00:17:45.388+0000][186735.754s][info][gc,heap     ] GC(6409) Archive regions: 2->2
[2025-01-09T00:17:45.388+0000][186735.754s][info][gc,heap     ] GC(6409) Humongous regions: 49->49
[2025-01-09T00:17:45.388+0000][186735.754s][info][gc,metaspace] GC(6409) Metaspace: 524593K(533952K)->524593K(533952K) NonClass: 460669K(465216K)->460669K(465216K) Class: 63924K(68736K)->63924K(68736K)
[2025-01-09T00:17:45.388+0000][186735.754s][info][gc          ] GC(6409) Pause Young (Normal) (G1 Evacuation Pause) 9618M->2297M(12288M) 23.529ms
[2025-01-09T00:17:45.388+0000][186735.754s][info][gc,cpu      ] GC(6409) User=0.14s Sys=0.01s Real=0.02s
[2025-01-09T00:18:01.067+0000][186751.433s][info][gc,start    ] GC(6410) Pause Young (Normal) (G1 Evacuation Pause)
[2025-01-09T00:18:01.067+0000][186751.433s][info][gc,task     ] GC(6410) Using 6 workers of 6 for evacuation
[2025-01-09T00:18:01.096+0000][186751.462s][info][gc,phases   ] GC(6410)   Pre Evacuate Collection Set: 0.2ms
[2025-01-09T00:18:01.096+0000][186751.462s][info][gc,phases   ] GC(6410)   Merge Heap Roots: 0.4ms
[2025-01-09T00:18:01.096+0000][186751.462s][info][gc,phases   ] GC(6410)   Evacuate Collection Set: 25.9ms
[2025-01-09T00:18:01.096+0000][186751.462s][info][gc,phases   ] GC(6410)   Post Evacuate Collection Set: 2.7ms
[2025-01-09T00:18:01.096+0000][186751.462s][info][gc,phases   ] GC(6410)   Other: 0.2ms
[2025-01-09T00:18:01.096+0000][186751.462s][info][gc,heap     ] GC(6410) Eden regions: 915->0(913)
[2025-01-09T00:18:01.096+0000][186751.462s][info][gc,heap     ] GC(6410) Survivor regions: 6->8(116)
[2025-01-09T00:18:01.096+0000][186751.462s][info][gc,heap     ] GC(6410) Old regions: 232->232
[2025-01-09T00:18:01.096+0000][186751.462s][info][gc,heap     ] GC(6410) Archive regions: 2->2
[2025-01-09T00:18:01.096+0000][186751.462s][info][gc,heap     ] GC(6410) Humongous regions: 49->49
[2025-01-09T00:18:01.096+0000][186751.462s][info][gc,metaspace] GC(6410) Metaspace: 524593K(533952K)->524593K(533952K) NonClass: 460669K(465216K)->460669K(465216K) Class: 63924K(68736K)->63924K(68736K)
[2025-01-09T00:18:01.096+0000][186751.463s][info][gc          ] GC(6410) Pause Young (Normal) (G1 Evacuation Pause) 9617M->2308M(12288M) 29.496ms
[2025-01-09T00:18:01.096+0000][186751.463s][info][gc,cpu      ] GC(6410) User=0.17s Sys=0.00s Real=0.03s
[2025-01-09T00:18:08.301+0000][186758.667s][info][gc,start    ] GC(6411) Pause Young (Concurrent Start) (G1 Evacuation Pause)
[2025-01-09T00:18:08.301+0000][186758.667s][info][gc,task     ] GC(6411) Using 6 workers of 6 for evacuation
[2025-01-09T00:18:08.335+0000][186758.701s][info][gc,phases   ] GC(6411)   Pre Evacuate Collection Set: 1.1ms
[2025-01-09T00:18:08.335+0000][186758.701s][info][gc,phases   ] GC(6411)   Merge Heap Roots: 0.4ms
[2025-01-09T00:18:08.335+0000][186758.701s][info][gc,phases   ] GC(6411)   Evacuate Collection Set: 27.9ms
[2025-01-09T00:18:08.335+0000][186758.701s][info][gc,phases   ] GC(6411)   Post Evacuate Collection Set: 4.0ms
[2025-01-09T00:18:08.335+0000][186758.701s][info][gc,phases   ] GC(6411)   Other: 0.3ms
[2025-01-09T00:18:08.335+0000][186758.701s][info][gc,heap     ] GC(6411) Eden regions: 913->0(912)
[2025-01-09T00:18:08.335+0000][186758.701s][info][gc,heap     ] GC(6411) Survivor regions: 8->9(116)
[2025-01-09T00:18:08.335+0000][186758.701s][info][gc,heap     ] GC(6411) Old regions: 232->232
[2025-01-09T00:18:08.335+0000][186758.701s][info][gc,heap     ] GC(6411) Archive regions: 2->2
[2025-01-09T00:18:08.335+0000][186758.701s][info][gc,heap     ] GC(6411) Humongous regions: 49->49
[2025-01-09T00:18:08.335+0000][186758.701s][info][gc,metaspace] GC(6411) Metaspace: 524593K(533952K)->524593K(533952K) NonClass: 460669K(465216K)->460669K(465216K) Class: 63924K(68736K)->63924K(68736K)
[2025-01-09T00:18:08.335+0000][186758.701s][info][gc          ] GC(6411) Pause Young (Concurrent Start) (G1 Evacuation Pause) 9612M->2320M(12288M) 33.844ms
[2025-01-09T00:18:08.335+0000][186758.701s][info][gc,cpu      ] GC(6411) User=0.18s Sys=0.01s Real=0.04s
[2025-01-09T00:18:08.335+0000][186758.701s][info][gc          ] GC(6412) Concurrent Mark Cycle
[2025-01-09T00:18:08.335+0000][186758.701s][info][gc,marking  ] GC(6412) Concurrent Clear Claimed Marks
[2025-01-09T00:18:08.336+0000][186758.702s][info][gc,marking  ] GC(6412) Concurrent Clear Claimed Marks 0.909ms
[2025-01-09T00:18:08.336+0000][186758.702s][info][gc,marking  ] GC(6412) Concurrent Scan Root Regions
[2025-01-09T00:18:08.362+0000][186758.728s][info][gc,marking  ] GC(6412) Concurrent Scan Root Regions 26.263ms
[2025-01-09T00:18:08.362+0000][186758.728s][info][gc,marking  ] GC(6412) Concurrent Mark
[2025-01-09T00:18:08.362+0000][186758.728s][info][gc,marking  ] GC(6412) Concurrent Mark From Roots
[2025-01-09T00:18:08.362+0000][186758.728s][info][gc,task     ] GC(6412) Using 2 workers of 2 for marking
[2025-01-09T00:18:09.352+0000][186759.718s][info][gc,marking  ] GC(6412) Concurrent Mark From Roots 990.012ms
[2025-01-09T00:18:09.352+0000][186759.719s][info][gc,marking  ] GC(6412) Concurrent Preclean
[2025-01-09T00:18:09.356+0000][186759.722s][info][gc,marking  ] GC(6412) Concurrent Preclean 3.429ms
[2025-01-09T00:18:09.356+0000][186759.722s][info][gc,start    ] GC(6412) Pause Remark
[2025-01-09T00:18:09.382+0000][186759.748s][info][gc          ] GC(6412) Pause Remark 3484M->3484M(12288M) 25.603ms
[2025-01-09T00:18:09.382+0000][186759.748s][info][gc,cpu      ] GC(6412) User=0.14s Sys=0.00s Real=0.03s
[2025-01-09T00:18:09.382+0000][186759.748s][info][gc,marking  ] GC(6412) Concurrent Mark 1019.395ms
[2025-01-09T00:18:09.382+0000][186759.748s][info][gc,marking  ] GC(6412) Concurrent Rebuild Remembered Sets
[2025-01-09T00:18:09.877+0000][186760.243s][info][gc,marking  ] GC(6412) Concurrent Rebuild Remembered Sets 495.023ms
[2025-01-09T00:18:09.877+0000][186760.243s][info][gc,start    ] GC(6412) Pause Cleanup
[2025-01-09T00:18:09.877+0000][186760.243s][info][gc          ] GC(6412) Pause Cleanup 3896M->3896M(12288M) 0.392ms
[2025-01-09T00:18:09.877+0000][186760.243s][info][gc,cpu      ] GC(6412) User=0.00s Sys=0.00s Real=0.00s
[2025-01-09T00:18:09.877+0000][186760.244s][info][gc,marking  ] GC(6412) Concurrent Cleanup for Next Mark
[2025-01-09T00:18:09.893+0000][186760.259s][info][gc,marking  ] GC(6412) Concurrent Cleanup for Next Mark 15.466ms
[2025-01-09T00:18:09.893+0000][186760.259s][info][gc          ] GC(6412) Concurrent Mark Cycle 1557.840ms
[2025-01-09T00:18:22.279+0000][186772.645s][info][gc,start    ] GC(6413) Pause Young (Prepare Mixed) (G1 Evacuation Pause)
[2025-01-09T00:18:22.279+0000][186772.645s][info][gc,task     ] GC(6413) Using 6 workers of 6 for evacuation
[2025-01-09T00:18:22.320+0000][186772.686s][info][gc,phases   ] GC(6413)   Pre Evacuate Collection Set: 0.2ms
[2025-01-09T00:18:22.320+0000][186772.686s][info][gc,phases   ] GC(6413)   Merge Heap Roots: 0.6ms
[2025-01-09T00:18:22.320+0000][186772.686s][info][gc,phases   ] GC(6413)   Evacuate Collection Set: 34.4ms
[2025-01-09T00:18:22.320+0000][186772.686s][info][gc,phases   ] GC(6413)   Post Evacuate Collection Set: 5.4ms
[2025-01-09T00:18:22.320+0000][186772.686s][info][gc,phases   ] GC(6413)   Other: 0.2ms
[2025-01-09T00:18:22.320+0000][186772.686s][info][gc,heap     ] GC(6413) Eden regions: 912->0(66)
[2025-01-09T00:18:22.320+0000][186772.686s][info][gc,heap     ] GC(6413) Survivor regions: 9->10(116)
[2025-01-09T00:18:22.320+0000][186772.686s][info][gc,heap     ] GC(6413) Old regions: 232->232
[2025-01-09T00:18:22.320+0000][186772.686s][info][gc,heap     ] GC(6413) Archive regions: 2->2
[2025-01-09T00:18:22.320+0000][186772.686s][info][gc,heap     ] GC(6413) Humongous regions: 49->49
[2025-01-09T00:18:22.320+0000][186772.686s][info][gc,metaspace] GC(6413) Metaspace: 524593K(533952K)->524593K(533952K) NonClass: 460669K(465216K)->460669K(465216K) Class: 63924K(68736K)->63924K(68736K)
[2025-01-09T00:18:22.320+0000][186772.686s][info][gc          ] GC(6413) Pause Young (Prepare Mixed) (G1 Evacuation Pause) 9616M->2327M(12288M) 41.008ms
[2025-01-09T00:18:22.320+0000][186772.686s][info][gc,cpu      ] GC(6413) User=0.25s Sys=0.00s Real=0.04s
[2025-01-09T00:18:22.760+0000][186773.126s][info][gc,start    ] GC(6414) Pause Young (Mixed) (G1 Evacuation Pause)
[2025-01-09T00:18:22.760+0000][186773.126s][info][gc,task     ] GC(6414) Using 6 workers of 6 for evacuation
[2025-01-09T00:18:22.820+0000][186773.186s][info][gc,phases   ] GC(6414)   Pre Evacuate Collection Set: 0.2ms
[2025-01-09T00:18:22.820+0000][186773.186s][info][gc,phases   ] GC(6414)   Merge Heap Roots: 0.5ms
[2025-01-09T00:18:22.820+0000][186773.186s][info][gc,phases   ] GC(6414)   Evacuate Collection Set: 57.3ms
[2025-01-09T00:18:22.820+0000][186773.186s][info][gc,phases   ] GC(6414)   Post Evacuate Collection Set: 1.8ms
[2025-01-09T00:18:22.820+0000][186773.186s][info][gc,phases   ] GC(6414)   Other: 0.2ms
[2025-01-09T00:18:22.820+0000][186773.186s][info][gc,heap     ] GC(6414) Eden regions: 66->0(915)
[2025-01-09T00:18:22.820+0000][186773.186s][info][gc,heap     ] GC(6414) Survivor regions: 10->6(10)
[2025-01-09T00:18:22.820+0000][186773.186s][info][gc,heap     ] GC(6414) Old regions: 232->232
[2025-01-09T00:18:22.820+0000][186773.186s][info][gc,heap     ] GC(6414) Archive regions: 2->2
[2025-01-09T00:18:22.820+0000][186773.186s][info][gc,heap     ] GC(6414) Humongous regions: 49->49
[2025-01-09T00:18:22.820+0000][186773.186s][info][gc,metaspace] GC(6414) Metaspace: 524593K(533952K)->524593K(533952K) NonClass: 460669K(465216K)->460669K(465216K) Class: 63924K(68736K)->63924K(68736K)
[2025-01-09T00:18:22.820+0000][186773.186s][info][gc          ] GC(6414) Pause Young (Mixed) (G1 Evacuation Pause) 2855M->2293M(12288M) 60.048ms
[2025-01-09T00:18:22.820+0000][186773.186s][info][gc,cpu      ] GC(6414) User=0.35s Sys=0.00s Real=0.06s
[2025-01-09T00:18:26.660+0000][186777.026s][info][gc,start    ] GC(6415) Pause Young (Normal) (G1 Evacuation Pause)
[2025-01-09T00:18:26.660+0000][186777.026s][info][gc,task     ] GC(6415) Using 6 workers of 6 for evacuation
[2025-01-09T00:18:26.682+0000][186777.048s][info][gc,phases   ] GC(6415)   Pre Evacuate Collection Set: 0.2ms
[2025-01-09T00:18:26.682+0000][186777.048s][info][gc,phases   ] GC(6415)   Merge Heap Roots: 0.4ms
[2025-01-09T00:18:26.682+0000][186777.049s][info][gc,phases   ] GC(6415)   Evacuate Collection Set: 19.1ms
[2025-01-09T00:18:26.682+0000][186777.049s][info][gc,phases   ] GC(6415)   Post Evacuate Collection Set: 2.6ms
[2025-01-09T00:18:26.682+0000][186777.049s][info][gc,phases   ] GC(6415)   Other: 0.2ms
[2025-01-09T00:18:26.682+0000][186777.049s][info][gc,heap     ] GC(6415) Eden regions: 915->0(915)
[2025-01-09T00:18:26.682+0000][186777.049s][info][gc,heap     ] GC(6415) Survivor regions: 6->6(116)
[2025-01-09T00:18:26.682+0000][186777.049s][info][gc,heap     ] GC(6415) Old regions: 232->232
[2025-01-09T00:18:26.682+0000][186777.049s][info][gc,heap     ] GC(6415) Archive regions: 2->2
[2025-01-09T00:18:26.682+0000][186777.049s][info][gc,heap     ] GC(6415) Humongous regions: 49->49
[2025-01-09T00:18:26.682+0000][186777.049s][info][gc,metaspace] GC(6415) Metaspace: 524594K(533952K)->524594K(533952K) NonClass: 460670K(465216K)->460670K(465216K) Class: 63924K(68736K)->63924K(68736K)
[2025-01-09T00:18:26.682+0000][186777.049s][info][gc          ] GC(6415) Pause Young (Normal) (G1 Evacuation Pause) 9613M->2293M(12288M) 22.674ms
[2025-01-09T00:18:26.683+0000][186777.049s][info][gc,cpu      ] GC(6415) User=0.13s Sys=0.00s Real=0.03s
[2025-01-09T00:18:38.907+0000][186789.273s][info][gc,start    ] GC(6416) Pause Young (Normal) (G1 Evacuation Pause)
[2025-01-09T00:18:38.907+0000][186789.273s][info][gc,task     ] GC(6416) Using 6 workers of 6 for evacuation
[2025-01-09T00:18:38.936+0000][186789.302s][info][gc,phases   ] GC(6416)   Pre Evacuate Collection Set: 0.2ms
[2025-01-09T00:18:38.936+0000][186789.302s][info][gc,phases   ] GC(6416)   Merge Heap Roots: 0.4ms
[2025-01-09T00:18:38.936+0000][186789.302s][info][gc,phases   ] GC(6416)   Evacuate Collection Set: 25.9ms
[2025-01-09T00:18:38.936+0000][186789.302s][info][gc,phases   ] GC(6416)   Post Evacuate Collection Set: 2.6ms
[2025-01-09T00:18:38.936+0000][186789.302s][info][gc,phases   ] GC(6416)   Other: 0.2ms
[2025-01-09T00:18:38.936+0000][186789.302s][info][gc,heap     ] GC(6416) Eden regions: 915->0(913)
[2025-01-09T00:18:38.936+0000][186789.302s][info][gc,heap     ] GC(6416) Survivor regions: 6->8(116)
[2025-01-09T00:18:38.936+0000][186789.302s][info][gc,heap     ] GC(6416) Old regions: 232->232
[2025-01-09T00:18:38.936+0000][186789.302s][info][gc,heap     ] GC(6416) Archive regions: 2->2
[2025-01-09T00:18:38.936+0000][186789.302s][info][gc,heap     ] GC(6416) Humongous regions: 49->49
[2025-01-09T00:18:38.936+0000][186789.302s][info][gc,metaspace] GC(6416) Metaspace: 524594K(533952K)->524594K(533952K) NonClass: 460670K(465216K)->460670K(465216K) Class: 63924K(68736K)->63924K(68736K)
[2025-01-09T00:18:38.936+0000][186789.302s][info][gc          ] GC(6416) Pause Young (Normal) (G1 Evacuation Pause) 9613M->2311M(12288M) 29.325ms
[2025-01-09T00:18:38.936+0000][186789.302s][info][gc,cpu      ] GC(6416) User=0.17s Sys=0.00s Real=0.03s
[2025-01-09T00:18:50.019+0000][186800.385s][info][gc,start    ] GC(6417) Pause Young (Concurrent Start) (G1 Evacuation Pause)
[2025-01-09T00:18:50.019+0000][186800.385s][info][gc,task     ] GC(6417) Using 6 workers of 6 for evacuation
[2025-01-09T00:18:50.052+0000][186800.419s][info][gc,phases   ] GC(6417)   Pre Evacuate Collection Set: 1.1ms
[2025-01-09T00:18:50.052+0000][186800.419s][info][gc,phases   ] GC(6417)   Merge Heap Roots: 0.4ms
[2025-01-09T00:18:50.052+0000][186800.419s][info][gc,phases   ] GC(6417)   Evacuate Collection Set: 29.3ms
[2025-01-09T00:18:50.052+0000][186800.419s][info][gc,phases   ] GC(6417)   Post Evacuate Collection Set: 2.7ms
[2025-01-09T00:18:50.053+0000][186800.419s][info][gc,phases   ] GC(6417)   Other: 0.3ms
[2025-01-09T00:18:50.053+0000][186800.419s][info][gc,heap     ] GC(6417) Eden regions: 913->0(912)
[2025-01-09T00:18:50.053+0000][186800.419s][info][gc,heap     ] GC(6417) Survivor regions: 8->9(116)
[2025-01-09T00:18:50.053+0000][186800.419s][info][gc,heap     ] GC(6417) Old regions: 232->232
[2025-01-09T00:18:50.053+0000][186800.419s][info][gc,heap     ] GC(6417) Archive regions: 2->2
[2025-01-09T00:18:50.053+0000][186800.419s][info][gc,heap     ] GC(6417) Humongous regions: 49->49
[2025-01-09T00:18:50.053+0000][186800.419s][info][gc,metaspace] GC(6417) Metaspace: 524594K(533952K)->524594K(533952K) NonClass: 460670K(465216K)->460670K(465216K) Class: 63924K(68736K)->63924K(68736K)
[2025-01-09T00:18:50.053+0000][186800.419s][info][gc          ] GC(6417) Pause Young (Concurrent Start) (G1 Evacuation Pause) 9615M->2322M(12288M) 33.981ms
[2025-01-09T00:18:50.053+0000][186800.419s][info][gc,cpu      ] GC(6417) User=0.19s Sys=0.00s Real=0.04s
[2025-01-09T00:18:50.053+0000][186800.419s][info][gc          ] GC(6418) Concurrent Mark Cycle
[2025-01-09T00:18:50.053+0000][186800.419s][info][gc,marking  ] GC(6418) Concurrent Clear Claimed Marks
[2025-01-09T00:18:50.054+0000][186800.420s][info][gc,marking  ] GC(6418) Concurrent Clear Claimed Marks 1.003ms
[2025-01-09T00:18:50.054+0000][186800.420s][info][gc,marking  ] GC(6418) Concurrent Scan Root Regions
[2025-01-09T00:18:50.080+0000][186800.446s][info][gc,marking  ] GC(6418) Concurrent Scan Root Regions 26.406ms
[2025-01-09T00:18:50.080+0000][186800.446s][info][gc,marking  ] GC(6418) Concurrent Mark
[2025-01-09T00:18:50.080+0000][186800.446s][info][gc,marking  ] GC(6418) Concurrent Mark From Roots
[2025-01-09T00:18:50.080+0000][186800.446s][info][gc,task     ] GC(6418) Using 2 workers of 2 for marking
[2025-01-09T00:18:51.025+0000][186801.391s][info][gc,marking  ] GC(6418) Concurrent Mark From Roots 944.708ms
[2025-01-09T00:18:51.025+0000][186801.391s][info][gc,marking  ] GC(6418) Concurrent Preclean
[2025-01-09T00:18:51.028+0000][186801.395s][info][gc,marking  ] GC(6418) Concurrent Preclean 3.599ms
[2025-01-09T00:18:51.029+0000][186801.395s][info][gc,start    ] GC(6418) Pause Remark
[2025-01-09T00:18:51.055+0000][186801.421s][info][gc          ] GC(6418) Pause Remark 3734M->3734M(12288M) 25.894ms
[2025-01-09T00:18:51.055+0000][186801.421s][info][gc,cpu      ] GC(6418) User=0.14s Sys=0.00s Real=0.03s
[2025-01-09T00:18:51.056+0000][186801.422s][info][gc,marking  ] GC(6418) Concurrent Mark 975.653ms
[2025-01-09T00:18:51.056+0000][186801.422s][info][gc,marking  ] GC(6418) Concurrent Rebuild Remembered Sets
[2025-01-09T00:18:51.676+0000][186802.043s][info][gc,marking  ] GC(6418) Concurrent Rebuild Remembered Sets 620.633ms
[2025-01-09T00:18:51.677+0000][186802.043s][info][gc,start    ] GC(6418) Pause Cleanup
[2025-01-09T00:18:51.677+0000][186802.043s][info][gc          ] GC(6418) Pause Cleanup 4578M->4578M(12288M) 0.394ms
[2025-01-09T00:18:51.677+0000][186802.043s][info][gc,cpu      ] GC(6418) User=0.00s Sys=0.00s Real=0.00s
[2025-01-09T00:18:51.677+0000][186802.043s][info][gc,marking  ] GC(6418) Concurrent Cleanup for Next Mark
[2025-01-09T00:18:51.705+0000][186802.071s][info][gc,marking  ] GC(6418) Concurrent Cleanup for Next Mark 28.181ms
[2025-01-09T00:18:51.705+0000][186802.071s][info][gc          ] GC(6418) Concurrent Mark Cycle 1652.711ms
[2025-01-09T00:18:54.423+0000][186804.789s][info][gc,start    ] GC(6419) Pause Young (Prepare Mixed) (G1 Evacuation Pause)
[2025-01-09T00:18:54.423+0000][186804.789s][info][gc,task     ] GC(6419) Using 6 workers of 6 for evacuation
[2025-01-09T00:18:54.457+0000][186804.823s][info][gc,phases   ] GC(6419)   Pre Evacuate Collection Set: 0.2ms
[2025-01-09T00:18:54.457+0000][186804.823s][info][gc,phases   ] GC(6419)   Merge Heap Roots: 0.6ms
[2025-01-09T00:18:54.457+0000][186804.823s][info][gc,phases   ] GC(6419)   Evacuate Collection Set: 29.9ms
[2025-01-09T00:18:54.457+0000][186804.823s][info][gc,phases   ] GC(6419)   Post Evacuate Collection Set: 2.5ms
[2025-01-09T00:18:54.457+0000][186804.823s][info][gc,phases   ] GC(6419)   Other: 0.2ms
[2025-01-09T00:18:54.457+0000][186804.823s][info][gc,heap     ] GC(6419) Eden regions: 912->0(66)
[2025-01-09T00:18:54.457+0000][186804.823s][info][gc,heap     ] GC(6419) Survivor regions: 9->10(116)
[2025-01-09T00:18:54.457+0000][186804.823s][info][gc,heap     ] GC(6419) Old regions: 232->232
[2025-01-09T00:18:54.457+0000][186804.823s][info][gc,heap     ] GC(6419) Archive regions: 2->2
[2025-01-09T00:18:54.457+0000][186804.823s][info][gc,heap     ] GC(6419) Humongous regions: 49->49
[2025-01-09T00:18:54.457+0000][186804.823s][info][gc,metaspace] GC(6419) Metaspace: 524594K(533952K)->524594K(533952K) NonClass: 460670K(465216K)->460670K(465216K) Class: 63924K(68736K)->63924K(68736K)
[2025-01-09T00:18:54.457+0000][186804.823s][info][gc          ] GC(6419) Pause Young (Prepare Mixed) (G1 Evacuation Pause) 9618M->2325M(12288M) 33.540ms
[2025-01-09T00:18:54.457+0000][186804.823s][info][gc,cpu      ] GC(6419) User=0.19s Sys=0.00s Real=0.03s
[2025-01-09T00:18:54.715+0000][186805.081s][info][gc,start    ] GC(6420) Pause Young (Mixed) (G1 Evacuation Pause)
[2025-01-09T00:18:54.715+0000][186805.081s][info][gc,task     ] GC(6420) Using 6 workers of 6 for evacuation
[2025-01-09T00:18:54.795+0000][186805.161s][info][gc,phases   ] GC(6420)   Pre Evacuate Collection Set: 0.2ms
[2025-01-09T00:18:54.795+0000][186805.161s][info][gc,phases   ] GC(6420)   Merge Heap Roots: 0.9ms
[2025-01-09T00:18:54.795+0000][186805.161s][info][gc,phases   ] GC(6420)   Evacuate Collection Set: 76.7ms
[2025-01-09T00:18:54.795+0000][186805.161s][info][gc,phases   ] GC(6420)   Post Evacuate Collection Set: 2.2ms
[2025-01-09T00:18:54.795+0000][186805.161s][info][gc,phases   ] GC(6420)   Other: 0.2ms
[2025-01-09T00:18:54.795+0000][186805.161s][info][gc,heap     ] GC(6420) Eden regions: 66->0(916)
[2025-01-09T00:18:54.795+0000][186805.161s][info][gc,heap     ] GC(6420) Survivor regions: 10->5(10)
[2025-01-09T00:18:54.795+0000][186805.162s][info][gc,heap     ] GC(6420) Old regions: 232->232
[2025-01-09T00:18:54.795+0000][186805.162s][info][gc,heap     ] GC(6420) Archive regions: 2->2
[2025-01-09T00:18:54.795+0000][186805.162s][info][gc,heap     ] GC(6420) Humongous regions: 49->49
[2025-01-09T00:18:54.795+0000][186805.162s][info][gc,metaspace] GC(6420) Metaspace: 524594K(533952K)->524594K(533952K) NonClass: 460670K(465216K)->460670K(465216K) Class: 63924K(68736K)->63924K(68736K)
[2025-01-09T00:18:54.795+0000][186805.162s][info][gc          ] GC(6420) Pause Young (Mixed) (G1 Evacuation Pause) 2853M->2288M(12288M) 80.227ms
[2025-01-09T00:18:54.795+0000][186805.162s][info][gc,cpu      ] GC(6420) User=0.45s Sys=0.00s Real=0.08s
[2025-01-09T00:19:03.491+0000][186813.858s][info][gc,start    ] GC(6421) Pause Young (Normal) (G1 Evacuation Pause)
[2025-01-09T00:19:03.491+0000][186813.858s][info][gc,task     ] GC(6421) Using 6 workers of 6 for evacuation
[2025-01-09T00:19:03.516+0000][186813.882s][info][gc,phases   ] GC(6421)   Pre Evacuate Collection Set: 0.2ms
[2025-01-09T00:19:03.516+0000][186813.882s][info][gc,phases   ] GC(6421)   Merge Heap Roots: 0.4ms
[2025-01-09T00:19:03.516+0000][186813.882s][info][gc,phases   ] GC(6421)   Evacuate Collection Set: 21.6ms
[2025-01-09T00:19:03.516+0000][186813.882s][info][gc,phases   ] GC(6421)   Post Evacuate Collection Set: 2.5ms
[2025-01-09T00:19:03.516+0000][186813.882s][info][gc,phases   ] GC(6421)   Other: 0.2ms
[2025-01-09T00:19:03.516+0000][186813.882s][info][gc,heap     ] GC(6421) Eden regions: 916->0(915)
[2025-01-09T00:19:03.516+0000][186813.882s][info][gc,heap     ] GC(6421) Survivor regions: 5->6(116)
[2025-01-09T00:19:03.516+0000][186813.882s][info][gc,heap     ] GC(6421) Old regions: 232->232
[2025-01-09T00:19:03.516+0000][186813.882s][info][gc,heap     ] GC(6421) Archive regions: 2->2
[2025-01-09T00:19:03.516+0000][186813.882s][info][gc,heap     ] GC(6421) Humongous regions: 49->49
[2025-01-09T00:19:03.516+0000][186813.882s][info][gc,metaspace] GC(6421) Metaspace: 524594K(533952K)->524594K(533952K) NonClass: 460670K(465216K)->460670K(465216K) Class: 63924K(68736K)->63924K(68736K)
[2025-01-09T00:19:03.516+0000][186813.882s][info][gc          ] GC(6421) Pause Young (Normal) (G1 Evacuation Pause) 9616M->2297M(12288M) 24.908ms
[2025-01-09T00:19:03.516+0000][186813.882s][info][gc,cpu      ] GC(6421) User=0.14s Sys=0.00s Real=0.02s
[2025-01-09T00:19:09.445+0000][186819.811s][info][gc,start    ] GC(6422) Pause Young (Normal) (G1 Evacuation Pause)
[2025-01-09T00:19:09.445+0000][186819.811s][info][gc,task     ] GC(6422) Using 6 workers of 6 for evacuation
[2025-01-09T00:19:09.473+0000][186819.839s][info][gc,phases   ] GC(6422)   Pre Evacuate Collection Set: 0.3ms
[2025-01-09T00:19:09.473+0000][186819.839s][info][gc,phases   ] GC(6422)   Merge Heap Roots: 0.4ms
[2025-01-09T00:19:09.473+0000][186819.839s][info][gc,phases   ] GC(6422)   Evacuate Collection Set: 24.0ms
[2025-01-09T00:19:09.473+0000][186819.839s][info][gc,phases   ] GC(6422)   Post Evacuate Collection Set: 2.5ms
[2025-01-09T00:19:09.473+0000][186819.839s][info][gc,phases   ] GC(6422)   Other: 0.2ms
[2025-01-09T00:19:09.473+0000][186819.839s][info][gc,heap     ] GC(6422) Eden regions: 915->0(914)
[2025-01-09T00:19:09.473+0000][186819.839s][info][gc,heap     ] GC(6422) Survivor regions: 6->7(116)
[2025-01-09T00:19:09.473+0000][186819.839s][info][gc,heap     ] GC(6422) Old regions: 232->232
[2025-01-09T00:19:09.473+0000][186819.839s][info][gc,heap     ] GC(6422) Archive regions: 2->2
[2025-01-09T00:19:09.473+0000][186819.839s][info][gc,heap     ] GC(6422) Humongous regions: 49->49
[2025-01-09T00:19:09.473+0000][186819.839s][info][gc,metaspace] GC(6422) Metaspace: 524594K(533952K)->524594K(533952K) NonClass: 460670K(465216K)->460670K(465216K) Class: 63924K(68736K)->63924K(68736K)
[2025-01-09T00:19:09.473+0000][186819.839s][info][gc          ] GC(6422) Pause Young (Normal) (G1 Evacuation Pause) 9617M->2307M(12288M) 27.477ms
[2025-01-09T00:19:09.473+0000][186819.839s][info][gc,cpu      ] GC(6422) User=0.16s Sys=0.00s Real=0.03s
[2025-01-09T00:19:16.015+0000][186826.381s][info][gc,start    ] GC(6423) Pause Young (Concurrent Start) (G1 Evacuation Pause)
[2025-01-09T00:19:16.015+0000][186826.381s][info][gc,task     ] GC(6423) Using 6 workers of 6 for evacuation
[2025-01-09T00:19:16.047+0000][186826.414s][info][gc,phases   ] GC(6423)   Pre Evacuate Collection Set: 1.1ms
[2025-01-09T00:19:16.047+0000][186826.414s][info][gc,phases   ] GC(6423)   Merge Heap Roots: 0.4ms
[2025-01-09T00:19:16.047+0000][186826.414s][info][gc,phases   ] GC(6423)   Evacuate Collection Set: 25.2ms
[2025-01-09T00:19:16.048+0000][186826.414s][info][gc,phases   ] GC(6423)   Post Evacuate Collection Set: 5.2ms
[2025-01-09T00:19:16.048+0000][186826.414s][info][gc,phases   ] GC(6423)   Other: 0.3ms
[2025-01-09T00:19:16.048+0000][186826.414s][info][gc,heap     ] GC(6423) Eden regions: 914->0(912)
[2025-01-09T00:19:16.048+0000][186826.414s][info][gc,heap     ] GC(6423) Survivor regions: 7->9(116)
[2025-01-09T00:19:16.048+0000][186826.414s][info][gc,heap     ] GC(6423) Old regions: 232->232
[2025-01-09T00:19:16.048+0000][186826.414s][info][gc,heap     ] GC(6423) Archive regions: 2->2
[2025-01-09T00:19:16.048+0000][186826.414s][info][gc,heap     ] GC(6423) Humongous regions: 49->49
[2025-01-09T00:19:16.048+0000][186826.414s][info][gc,metaspace] GC(6423) Metaspace: 524595K(533952K)->524595K(533952K) NonClass: 460671K(465216K)->460671K(465216K) Class: 63924K(68736K)->63924K(68736K)
[2025-01-09T00:19:16.048+0000][186826.414s][info][gc          ] GC(6423) Pause Young (Concurrent Start) (G1 Evacuation Pause) 9619M->2319M(12288M) 32.366ms
[2025-01-09T00:19:16.048+0000][186826.414s][info][gc,cpu      ] GC(6423) User=0.18s Sys=0.01s Real=0.03s
[2025-01-09T00:19:16.048+0000][186826.414s][info][gc          ] GC(6424) Concurrent Mark Cycle
[2025-01-09T00:19:16.048+0000][186826.414s][info][gc,marking  ] GC(6424) Concurrent Clear Claimed Marks
[2025-01-09T00:19:16.049+0000][186826.415s][info][gc,marking  ] GC(6424) Concurrent Clear Claimed Marks 0.920ms
[2025-01-09T00:19:16.049+0000][186826.415s][info][gc,marking  ] GC(6424) Concurrent Scan Root Regions
[2025-01-09T00:19:16.068+0000][186826.434s][info][gc,marking  ] GC(6424) Concurrent Scan Root Regions 19.019ms
[2025-01-09T00:19:16.068+0000][186826.434s][info][gc,marking  ] GC(6424) Concurrent Mark
[2025-01-09T00:19:16.068+0000][186826.434s][info][gc,marking  ] GC(6424) Concurrent Mark From Roots
[2025-01-09T00:19:16.068+0000][186826.434s][info][gc,task     ] GC(6424) Using 2 workers of 2 for marking
[2025-01-09T00:19:16.869+0000][186827.235s][info][gc,marking  ] GC(6424) Concurrent Mark From Roots 801.141ms
[2025-01-09T00:19:16.869+0000][186827.235s][info][gc,marking  ] GC(6424) Concurrent Preclean
[2025-01-09T00:19:16.873+0000][186827.239s][info][gc,marking  ] GC(6424) Concurrent Preclean 3.682ms
[2025-01-09T00:19:16.873+0000][186827.239s][info][gc,start    ] GC(6424) Pause Remark
[2025-01-09T00:19:16.901+0000][186827.267s][info][gc          ] GC(6424) Pause Remark 3071M->3071M(12288M) 28.299ms
[2025-01-09T00:19:16.901+0000][186827.267s][info][gc,cpu      ] GC(6424) User=0.15s Sys=0.01s Real=0.02s
[2025-01-09T00:19:16.901+0000][186827.267s][info][gc,marking  ] GC(6424) Concurrent Mark 833.524ms
[2025-01-09T00:19:16.901+0000][186827.267s][info][gc,marking  ] GC(6424) Concurrent Rebuild Remembered Sets
[2025-01-09T00:19:17.467+0000][186827.833s][info][gc,marking  ] GC(6424) Concurrent Rebuild Remembered Sets 565.576ms
[2025-01-09T00:19:17.467+0000][186827.833s][info][gc,start    ] GC(6424) Pause Cleanup
[2025-01-09T00:19:17.467+0000][186827.833s][info][gc          ] GC(6424) Pause Cleanup 3683M->3683M(12288M) 0.406ms
[2025-01-09T00:19:17.467+0000][186827.833s][info][gc,cpu      ] GC(6424) User=0.00s Sys=0.00s Real=0.00s
[2025-01-09T00:19:17.467+0000][186827.834s][info][gc,marking  ] GC(6424) Concurrent Cleanup for Next Mark
[2025-01-09T00:19:17.483+0000][186827.849s][info][gc,marking  ] GC(6424) Concurrent Cleanup for Next Mark 15.628ms
[2025-01-09T00:19:17.483+0000][186827.849s][info][gc          ] GC(6424) Concurrent Mark Cycle 1435.450ms
[2025-01-09T00:19:25.752+0000][186836.118s][info][gc,start    ] GC(6425) Pause Young (Prepare Mixed) (G1 Evacuation Pause)
[2025-01-09T00:19:25.752+0000][186836.118s][info][gc,task     ] GC(6425) Using 6 workers of 6 for evacuation
[2025-01-09T00:19:25.785+0000][186836.151s][info][gc,phases   ] GC(6425)   Pre Evacuate Collection Set: 0.2ms
[2025-01-09T00:19:25.785+0000][186836.151s][info][gc,phases   ] GC(6425)   Merge Heap Roots: 0.6ms
[2025-01-09T00:19:25.785+0000][186836.151s][info][gc,phases   ] GC(6425)   Evacuate Collection Set: 30.2ms
[2025-01-09T00:19:25.785+0000][186836.151s][info][gc,phases   ] GC(6425)   Post Evacuate Collection Set: 2.5ms
[2025-01-09T00:19:25.785+0000][186836.151s][info][gc,phases   ] GC(6425)   Other: 0.2ms
[2025-01-09T00:19:25.785+0000][186836.152s][info][gc,heap     ] GC(6425) Eden regions: 912->0(67)
[2025-01-09T00:19:25.785+0000][186836.152s][info][gc,heap     ] GC(6425) Survivor regions: 9->9(116)
[2025-01-09T00:19:25.785+0000][186836.152s][info][gc,heap     ] GC(6425) Old regions: 232->232
[2025-01-09T00:19:25.785+0000][186836.152s][info][gc,heap     ] GC(6425) Archive regions: 2->2
[2025-01-09T00:19:25.785+0000][186836.152s][info][gc,heap     ] GC(6425) Humongous regions: 49->49
[2025-01-09T00:19:25.785+0000][186836.152s][info][gc,metaspace] GC(6425) Metaspace: 524595K(533952K)->524595K(533952K) NonClass: 460671K(465216K)->460671K(465216K) Class: 63924K(68736K)->63924K(68736K)
[2025-01-09T00:19:25.785+0000][186836.152s][info][gc          ] GC(6425) Pause Young (Prepare Mixed) (G1 Evacuation Pause) 9615M->2317M(12288M) 33.932ms
[2025-01-09T00:19:25.786+0000][186836.152s][info][gc,cpu      ] GC(6425) User=0.20s Sys=0.01s Real=0.03s
[2025-01-09T00:19:26.286+0000][186836.652s][info][gc,start    ] GC(6426) Pause Young (Mixed) (G1 Evacuation Pause)
[2025-01-09T00:19:26.286+0000][186836.652s][info][gc,task     ] GC(6426) Using 6 workers of 6 for evacuation
[2025-01-09T00:19:26.341+0000][186836.707s][info][gc,phases   ] GC(6426)   Pre Evacuate Collection Set: 0.2ms
[2025-01-09T00:19:26.341+0000][186836.707s][info][gc,phases   ] GC(6426)   Merge Heap Roots: 0.6ms
[2025-01-09T00:19:26.341+0000][186836.707s][info][gc,phases   ] GC(6426)   Evacuate Collection Set: 52.7ms
[2025-01-09T00:19:26.341+0000][186836.707s][info][gc,phases   ] GC(6426)   Post Evacuate Collection Set: 1.7ms
[2025-01-09T00:19:26.341+0000][186836.707s][info][gc,phases   ] GC(6426)   Other: 0.2ms
[2025-01-09T00:19:26.341+0000][186836.707s][info][gc,heap     ] GC(6426) Eden regions: 67->0(916)
[2025-01-09T00:19:26.341+0000][186836.707s][info][gc,heap     ] GC(6426) Survivor regions: 9->5(10)
[2025-01-09T00:19:26.341+0000][186836.707s][info][gc,heap     ] GC(6426) Old regions: 232->232
[2025-01-09T00:19:26.341+0000][186836.707s][info][gc,heap     ] GC(6426) Archive regions: 2->2
[2025-01-09T00:19:26.341+0000][186836.707s][info][gc,heap     ] GC(6426) Humongous regions: 49->49
[2025-01-09T00:19:26.341+0000][186836.707s][info][gc,metaspace] GC(6426) Metaspace: 524595K(533952K)->524595K(533952K) NonClass: 460671K(465216K)->460671K(465216K) Class: 63924K(68736K)->63924K(68736K)
[2025-01-09T00:19:26.341+0000][186836.707s][info][gc          ] GC(6426) Pause Young (Mixed) (G1 Evacuation Pause) 2853M->2285M(12288M) 55.389ms
[2025-01-09T00:19:26.341+0000][186836.707s][info][gc,cpu      ] GC(6426) User=0.31s Sys=0.00s Real=0.05s
[2025-01-09T00:19:34.948+0000][186845.315s][info][gc,start    ] GC(6427) Pause Young (Normal) (G1 Evacuation Pause)
[2025-01-09T00:19:34.949+0000][186845.315s][info][gc,task     ] GC(6427) Using 6 workers of 6 for evacuation
[2025-01-09T00:19:34.983+0000][186845.349s][info][gc,phases   ] GC(6427)   Pre Evacuate Collection Set: 0.2ms
[2025-01-09T00:19:34.983+0000][186845.349s][info][gc,phases   ] GC(6427)   Merge Heap Roots: 0.4ms
[2025-01-09T00:19:34.983+0000][186845.349s][info][gc,phases   ] GC(6427)   Evacuate Collection Set: 29.5ms
[2025-01-09T00:19:34.983+0000][186845.349s][info][gc,phases   ] GC(6427)   Post Evacuate Collection Set: 4.0ms
[2025-01-09T00:19:34.983+0000][186845.349s][info][gc,phases   ] GC(6427)   Other: 0.2ms
[2025-01-09T00:19:34.983+0000][186845.349s][info][gc,heap     ] GC(6427) Eden regions: 916->0(912)
[2025-01-09T00:19:34.983+0000][186845.349s][info][gc,heap     ] GC(6427) Survivor regions: 5->9(116)
[2025-01-09T00:19:34.983+0000][186845.349s][info][gc,heap     ] GC(6427) Old regions: 232->232
[2025-01-09T00:19:34.983+0000][186845.349s][info][gc,heap     ] GC(6427) Archive regions: 2->2
[2025-01-09T00:19:34.983+0000][186845.349s][info][gc,heap     ] GC(6427) Humongous regions: 49->49
[2025-01-09T00:19:34.983+0000][186845.349s][info][gc,metaspace] GC(6427) Metaspace: 524595K(533952K)->524595K(533952K) NonClass: 460671K(465216K)->460671K(465216K) Class: 63924K(68736K)->63924K(68736K)
[2025-01-09T00:19:34.983+0000][186845.349s][info][gc          ] GC(6427) Pause Young (Normal) (G1 Evacuation Pause) 9613M->2314M(12288M) 34.512ms
[2025-01-09T00:19:34.983+0000][186845.349s][info][gc,cpu      ] GC(6427) User=0.20s Sys=0.00s Real=0.04s
[2025-01-09T00:19:44.693+0000][186855.059s][info][gc,start    ] GC(6428) Pause Young (Normal) (G1 Evacuation Pause)
[2025-01-09T00:19:44.693+0000][186855.059s][info][gc,task     ] GC(6428) Using 6 workers of 6 for evacuation
[2025-01-09T00:19:44.724+0000][186855.090s][info][gc,phases   ] GC(6428)   Pre Evacuate Collection Set: 0.2ms
[2025-01-09T00:19:44.724+0000][186855.091s][info][gc,phases   ] GC(6428)   Merge Heap Roots: 0.4ms
[2025-01-09T00:19:44.724+0000][186855.091s][info][gc,phases   ] GC(6428)   Evacuate Collection Set: 28.1ms
[2025-01-09T00:19:44.724+0000][186855.091s][info][gc,phases   ] GC(6428)   Post Evacuate Collection Set: 2.6ms
[2025-01-09T00:19:44.724+0000][186855.091s][info][gc,phases   ] GC(6428)   Other: 0.2ms
[2025-01-09T00:19:44.724+0000][186855.091s][info][gc,heap     ] GC(6428) Eden regions: 912->0(913)
[2025-01-09T00:19:44.724+0000][186855.091s][info][gc,heap     ] GC(6428) Survivor regions: 9->8(116)
[2025-01-09T00:19:44.724+0000][186855.091s][info][gc,heap     ] GC(6428) Old regions: 232->232
[2025-01-09T00:19:44.724+0000][186855.091s][info][gc,heap     ] GC(6428) Archive regions: 2->2
[2025-01-09T00:19:44.724+0000][186855.091s][info][gc,heap     ] GC(6428) Humongous regions: 49->49
[2025-01-09T00:19:44.724+0000][186855.091s][info][gc,metaspace] GC(6428) Metaspace: 524599K(533952K)->524599K(533952K) NonClass: 460675K(465216K)->460675K(465216K) Class: 63924K(68736K)->63924K(68736K)
[2025-01-09T00:19:44.724+0000][186855.091s][info][gc          ] GC(6428) Pause Young (Normal) (G1 Evacuation Pause) 9610M->2311M(12288M) 31.682ms
[2025-01-09T00:19:44.725+0000][186855.091s][info][gc,cpu      ] GC(6428) User=0.18s Sys=0.00s Real=0.03s
[2025-01-09T00:19:54.142+0000][186864.508s][info][gc,start    ] GC(6429) Pause Young (Concurrent Start) (G1 Evacuation Pause)
[2025-01-09T00:19:54.142+0000][186864.508s][info][gc,task     ] GC(6429) Using 6 workers of 6 for evacuation
[2025-01-09T00:19:54.179+0000][186864.545s][info][gc,phases   ] GC(6429)   Pre Evacuate Collection Set: 1.1ms
[2025-01-09T00:19:54.179+0000][186864.545s][info][gc,phases   ] GC(6429)   Merge Heap Roots: 0.5ms
[2025-01-09T00:19:54.179+0000][186864.545s][info][gc,phases   ] GC(6429)   Evacuate Collection Set: 32.5ms
[2025-01-09T00:19:54.179+0000][186864.545s][info][gc,phases   ] GC(6429)   Post Evacuate Collection Set: 2.7ms
[2025-01-09T00:19:54.179+0000][186864.545s][info][gc,phases   ] GC(6429)   Other: 0.3ms
[2025-01-09T00:19:54.179+0000][186864.545s][info][gc,heap     ] GC(6429) Eden regions: 913->0(911)
[2025-01-09T00:19:54.179+0000][186864.545s][info][gc,heap     ] GC(6429) Survivor regions: 8->10(116)
[2025-01-09T00:19:54.179+0000][186864.545s][info][gc,heap     ] GC(6429) Old regions: 232->232
[2025-01-09T00:19:54.179+0000][186864.545s][info][gc,heap     ] GC(6429) Archive regions: 2->2
[2025-01-09T00:19:54.179+0000][186864.545s][info][gc,heap     ] GC(6429) Humongous regions: 49->49
[2025-01-09T00:19:54.179+0000][186864.545s][info][gc,metaspace] GC(6429) Metaspace: 524599K(533952K)->524599K(533952K) NonClass: 460675K(465216K)->460675K(465216K) Class: 63924K(68736K)->63924K(68736K)
[2025-01-09T00:19:54.179+0000][186864.545s][info][gc          ] GC(6429) Pause Young (Concurrent Start) (G1 Evacuation Pause) 9615M->2325M(12288M) 37.139ms
[2025-01-09T00:19:54.179+0000][186864.545s][info][gc,cpu      ] GC(6429) User=0.22s Sys=0.00s Real=0.03s
[2025-01-09T00:19:54.179+0000][186864.545s][info][gc          ] GC(6430) Concurrent Mark Cycle
[2025-01-09T00:19:54.179+0000][186864.545s][info][gc,marking  ] GC(6430) Concurrent Clear Claimed Marks
[2025-01-09T00:19:54.180+0000][186864.546s][info][gc,marking  ] GC(6430) Concurrent Clear Claimed Marks 0.920ms
[2025-01-09T00:19:54.180+0000][186864.546s][info][gc,marking  ] GC(6430) Concurrent Scan Root Regions
[2025-01-09T00:19:54.202+0000][186864.568s][info][gc,marking  ] GC(6430) Concurrent Scan Root Regions 22.131ms
[2025-01-09T00:19:54.202+0000][186864.569s][info][gc,marking  ] GC(6430) Concurrent Mark
[2025-01-09T00:19:54.202+0000][186864.569s][info][gc,marking  ] GC(6430) Concurrent Mark From Roots
[2025-01-09T00:19:54.202+0000][186864.569s][info][gc,task     ] GC(6430) Using 2 workers of 2 for marking
[2025-01-09T00:19:54.964+0000][186865.330s][info][gc,marking  ] GC(6430) Concurrent Mark From Roots 761.953ms
[2025-01-09T00:19:54.964+0000][186865.331s][info][gc,marking  ] GC(6430) Concurrent Preclean
[2025-01-09T00:19:54.967+0000][186865.333s][info][gc,marking  ] GC(6430) Concurrent Preclean 2.942ms
[2025-01-09T00:19:54.967+0000][186865.334s][info][gc,start    ] GC(6430) Pause Remark
[2025-01-09T00:19:54.994+0000][186865.360s][info][gc          ] GC(6430) Pause Remark 3169M->3169M(12288M) 26.423ms
[2025-01-09T00:19:54.994+0000][186865.360s][info][gc,cpu      ] GC(6430) User=0.15s Sys=0.00s Real=0.03s
[2025-01-09T00:19:54.994+0000][186865.360s][info][gc,marking  ] GC(6430) Concurrent Mark 791.699ms
[2025-01-09T00:19:54.994+0000][186865.360s][info][gc,marking  ] GC(6430) Concurrent Rebuild Remembered Sets
[2025-01-09T00:19:55.512+0000][186865.878s][info][gc,marking  ] GC(6430) Concurrent Rebuild Remembered Sets 517.400ms
[2025-01-09T00:19:55.512+0000][186865.878s][info][gc,start    ] GC(6430) Pause Cleanup
[2025-01-09T00:19:55.512+0000][186865.878s][info][gc          ] GC(6430) Pause Cleanup 3837M->3837M(12288M) 0.381ms
[2025-01-09T00:19:55.512+0000][186865.878s][info][gc,cpu      ] GC(6430) User=0.00s Sys=0.00s Real=0.00s
[2025-01-09T00:19:55.512+0000][186865.878s][info][gc,marking  ] GC(6430) Concurrent Cleanup for Next Mark
[2025-01-09T00:19:55.528+0000][186865.894s][info][gc,marking  ] GC(6430) Concurrent Cleanup for Next Mark 16.002ms
[2025-01-09T00:19:55.528+0000][186865.894s][info][gc          ] GC(6430) Concurrent Mark Cycle 1349.007ms
[2025-01-09T00:20:00.453+0000][186870.819s][info][gc,start    ] GC(6431) Pause Young (Prepare Mixed) (G1 Evacuation Pause)
[2025-01-09T00:20:00.453+0000][186870.819s][info][gc,task     ] GC(6431) Using 6 workers of 6 for evacuation
[2025-01-09T00:20:00.493+0000][186870.859s][info][gc,phases   ] GC(6431)   Pre Evacuate Collection Set: 0.2ms
[2025-01-09T00:20:00.493+0000][186870.859s][info][gc,phases   ] GC(6431)   Merge Heap Roots: 0.7ms
[2025-01-09T00:20:00.493+0000][186870.859s][info][gc,phases   ] GC(6431)   Evacuate Collection Set: 36.2ms
[2025-01-09T00:20:00.493+0000][186870.859s][info][gc,phases   ] GC(6431)   Post Evacuate Collection Set: 2.5ms
[2025-01-09T00:20:00.493+0000][186870.859s][info][gc,phases   ] GC(6431)   Other: 0.2ms
[2025-01-09T00:20:00.493+0000][186870.859s][info][gc,heap     ] GC(6431) Eden regions: 911->0(65)
[2025-01-09T00:20:00.493+0000][186870.859s][info][gc,heap     ] GC(6431) Survivor regions: 10->11(116)
[2025-01-09T00:20:00.493+0000][186870.859s][info][gc,heap     ] GC(6431) Old regions: 232->232
[2025-01-09T00:20:00.493+0000][186870.859s][info][gc,heap     ] GC(6431) Archive regions: 2->2
[2025-01-09T00:20:00.493+0000][186870.859s][info][gc,heap     ] GC(6431) Humongous regions: 49->49
[2025-01-09T00:20:00.493+0000][186870.859s][info][gc,metaspace] GC(6431) Metaspace: 524601K(533952K)->524601K(533952K) NonClass: 460676K(465216K)->460676K(465216K) Class: 63924K(68736K)->63924K(68736K)
[2025-01-09T00:20:00.493+0000][186870.859s][info][gc          ] GC(6431) Pause Young (Prepare Mixed) (G1 Evacuation Pause) 9613M->2334M(12288M) 39.838ms
[2025-01-09T00:20:00.493+0000][186870.859s][info][gc,cpu      ] GC(6431) User=0.24s Sys=0.00s Real=0.04s
[2025-01-09T00:20:00.886+0000][186871.252s][info][gc,start    ] GC(6432) Pause Young (Mixed) (G1 Evacuation Pause)
[2025-01-09T00:20:00.886+0000][186871.252s][info][gc,task     ] GC(6432) Using 6 workers of 6 for evacuation
[2025-01-09T00:20:00.959+0000][186871.325s][info][gc,phases   ] GC(6432)   Pre Evacuate Collection Set: 0.2ms
[2025-01-09T00:20:00.959+0000][186871.325s][info][gc,phases   ] GC(6432)   Merge Heap Roots: 0.7ms
[2025-01-09T00:20:00.959+0000][186871.325s][info][gc,phases   ] GC(6432)   Evacuate Collection Set: 69.4ms
[2025-01-09T00:20:00.959+0000][186871.325s][info][gc,phases   ] GC(6432)   Post Evacuate Collection Set: 2.1ms
[2025-01-09T00:20:00.959+0000][186871.325s][info][gc,phases   ] GC(6432)   Other: 0.2ms
[2025-01-09T00:20:00.959+0000][186871.325s][info][gc,heap     ] GC(6432) Eden regions: 65->0(915)
[2025-01-09T00:20:00.959+0000][186871.325s][info][gc,heap     ] GC(6432) Survivor regions: 11->6(10)
[2025-01-09T00:20:00.959+0000][186871.325s][info][gc,heap     ] GC(6432) Old regions: 232->234
[2025-01-09T00:20:00.959+0000][186871.325s][info][gc,heap     ] GC(6432) Archive regions: 2->2
[2025-01-09T00:20:00.959+0000][186871.325s][info][gc,heap     ] GC(6432) Humongous regions: 49->49
[2025-01-09T00:20:00.959+0000][186871.325s][info][gc,metaspace] GC(6432) Metaspace: 524601K(533952K)->524601K(533952K) NonClass: 460676K(465216K)->460676K(465216K) Class: 63924K(68736K)->63924K(68736K)
[2025-01-09T00:20:00.959+0000][186871.325s][info][gc          ] GC(6432) Pause Young (Mixed) (G1 Evacuation Pause) 2854M->2311M(12288M) 72.635ms
[2025-01-09T00:20:00.959+0000][186871.325s][info][gc,cpu      ] GC(6432) User=0.40s Sys=0.00s Real=0.07s
[2025-01-09T00:20:09.378+0000][186879.744s][info][gc,start    ] GC(6433) Pause Young (Normal) (G1 Evacuation Pause)
[2025-01-09T00:20:09.378+0000][186879.744s][info][gc,task     ] GC(6433) Using 6 workers of 6 for evacuation
[2025-01-09T00:20:09.407+0000][186879.773s][info][gc,phases   ] GC(6433)   Pre Evacuate Collection Set: 0.2ms
[2025-01-09T00:20:09.407+0000][186879.773s][info][gc,phases   ] GC(6433)   Merge Heap Roots: 0.4ms
[2025-01-09T00:20:09.407+0000][186879.773s][info][gc,phases   ] GC(6433)   Evacuate Collection Set: 23.2ms
[2025-01-09T00:20:09.407+0000][186879.773s][info][gc,phases   ] GC(6433)   Post Evacuate Collection Set: 5.2ms
[2025-01-09T00:20:09.407+0000][186879.773s][info][gc,phases   ] GC(6433)   Other: 0.2ms
[2025-01-09T00:20:09.407+0000][186879.773s][info][gc,heap     ] GC(6433) Eden regions: 915->0(913)
[2025-01-09T00:20:09.407+0000][186879.773s][info][gc,heap     ] GC(6433) Survivor regions: 6->8(116)
[2025-01-09T00:20:09.407+0000][186879.773s][info][gc,heap     ] GC(6433) Old regions: 234->234
[2025-01-09T00:20:09.407+0000][186879.773s][info][gc,heap     ] GC(6433) Archive regions: 2->2
[2025-01-09T00:20:09.407+0000][186879.773s][info][gc,heap     ] GC(6433) Humongous regions: 49->49
[2025-01-09T00:20:09.407+0000][186879.773s][info][gc,metaspace] GC(6433) Metaspace: 524601K(533952K)->524601K(533952K) NonClass: 460676K(465216K)->460676K(465216K) Class: 63924K(68736K)->63924K(68736K)
[2025-01-09T00:20:09.407+0000][186879.773s][info][gc          ] GC(6433) Pause Young (Normal) (G1 Evacuation Pause) 9631M->2328M(12288M) 29.276ms
[2025-01-09T00:20:09.407+0000][186879.773s][info][gc,cpu      ] GC(6433) User=0.17s Sys=0.00s Real=0.03s
[2025-01-09T00:20:18.332+0000][186888.698s][info][gc,start    ] GC(6434) Pause Young (Normal) (G1 Evacuation Pause)
[2025-01-09T00:20:18.332+0000][186888.698s][info][gc,task     ] GC(6434) Using 6 workers of 6 for evacuation
[2025-01-09T00:20:18.364+0000][186888.730s][info][gc,phases   ] GC(6434)   Pre Evacuate Collection Set: 0.2ms
[2025-01-09T00:20:18.364+0000][186888.730s][info][gc,phases   ] GC(6434)   Merge Heap Roots: 0.4ms
[2025-01-09T00:20:18.364+0000][186888.730s][info][gc,phases   ] GC(6434)   Evacuate Collection Set: 26.9ms
[2025-01-09T00:20:18.364+0000][186888.730s][info][gc,phases   ] GC(6434)   Post Evacuate Collection Set: 4.1ms
[2025-01-09T00:20:18.364+0000][186888.730s][info][gc,phases   ] GC(6434)   Other: 0.2ms
[2025-01-09T00:20:18.364+0000][186888.730s][info][gc,heap     ] GC(6434) Eden regions: 913->0(912)
[2025-01-09T00:20:18.364+0000][186888.730s][info][gc,heap     ] GC(6434) Survivor regions: 8->9(116)
[2025-01-09T00:20:18.364+0000][186888.730s][info][gc,heap     ] GC(6434) Old regions: 234->234
[2025-01-09T00:20:18.364+0000][186888.730s][info][gc,heap     ] GC(6434) Archive regions: 2->2
[2025-01-09T00:20:18.364+0000][186888.730s][info][gc,heap     ] GC(6434) Humongous regions: 49->49
[2025-01-09T00:20:18.364+0000][186888.730s][info][gc,metaspace] GC(6434) Metaspace: 524602K(533952K)->524602K(533952K) NonClass: 460677K(465216K)->460677K(465216K) Class: 63924K(68736K)->63924K(68736K)
[2025-01-09T00:20:18.364+0000][186888.730s][info][gc          ] GC(6434) Pause Young (Normal) (G1 Evacuation Pause) 9632M->2332M(12288M) 31.870ms
[2025-01-09T00:20:18.364+0000][186888.730s][info][gc,cpu      ] GC(6434) User=0.19s Sys=0.00s Real=0.03s
[2025-01-09T00:20:25.973+0000][186896.339s][info][gc,start    ] GC(6435) Pause Young (Concurrent Start) (G1 Evacuation Pause)
[2025-01-09T00:20:25.973+0000][186896.339s][info][gc,task     ] GC(6435) Using 6 workers of 6 for evacuation
[2025-01-09T00:20:26.009+0000][186896.375s][info][gc,phases   ] GC(6435)   Pre Evacuate Collection Set: 1.2ms
[2025-01-09T00:20:26.009+0000][186896.375s][info][gc,phases   ] GC(6435)   Merge Heap Roots: 0.5ms
[2025-01-09T00:20:26.009+0000][186896.375s][info][gc,phases   ] GC(6435)   Evacuate Collection Set: 31.7ms
[2025-01-09T00:20:26.009+0000][186896.375s][info][gc,phases   ] GC(6435)   Post Evacuate Collection Set: 2.5ms
[2025-01-09T00:20:26.009+0000][186896.375s][info][gc,phases   ] GC(6435)   Other: 0.3ms
[2025-01-09T00:20:26.009+0000][186896.375s][info][gc,heap     ] GC(6435) Eden regions: 912->0(911)
[2025-01-09T00:20:26.009+0000][186896.375s][info][gc,heap     ] GC(6435) Survivor regions: 9->10(116)
[2025-01-09T00:20:26.009+0000][186896.375s][info][gc,heap     ] GC(6435) Old regions: 234->234
[2025-01-09T00:20:26.009+0000][186896.375s][info][gc,heap     ] GC(6435) Archive regions: 2->2
[2025-01-09T00:20:26.009+0000][186896.375s][info][gc,heap     ] GC(6435) Humongous regions: 49->49
[2025-01-09T00:20:26.009+0000][186896.375s][info][gc,metaspace] GC(6435) Metaspace: 524602K(533952K)->524602K(533952K) NonClass: 460677K(465216K)->460677K(465216K) Class: 63924K(68736K)->63924K(68736K)
[2025-01-09T00:20:26.009+0000][186896.375s][info][gc          ] GC(6435) Pause Young (Concurrent Start) (G1 Evacuation Pause) 9628M->2346M(12288M) 36.170ms
[2025-01-09T00:20:26.009+0000][186896.375s][info][gc,cpu      ] GC(6435) User=0.20s Sys=0.00s Real=0.03s
[2025-01-09T00:20:26.009+0000][186896.376s][info][gc          ] GC(6436) Concurrent Mark Cycle
[2025-01-09T00:20:26.009+0000][186896.376s][info][gc,marking  ] GC(6436) Concurrent Clear Claimed Marks
[2025-01-09T00:20:26.010+0000][186896.377s][info][gc,marking  ] GC(6436) Concurrent Clear Claimed Marks 0.931ms
[2025-01-09T00:20:26.010+0000][186896.377s][info][gc,marking  ] GC(6436) Concurrent Scan Root Regions
[2025-01-09T00:20:26.040+0000][186896.406s][info][gc,marking  ] GC(6436) Concurrent Scan Root Regions 29.855ms
[2025-01-09T00:20:26.040+0000][186896.406s][info][gc,marking  ] GC(6436) Concurrent Mark
[2025-01-09T00:20:26.040+0000][186896.406s][info][gc,marking  ] GC(6436) Concurrent Mark From Roots
[2025-01-09T00:20:26.040+0000][186896.406s][info][gc,task     ] GC(6436) Using 2 workers of 2 for marking
[2025-01-09T00:20:26.901+0000][186897.268s][info][gc,marking  ] GC(6436) Concurrent Mark From Roots 861.134ms
[2025-01-09T00:20:26.901+0000][186897.268s][info][gc,marking  ] GC(6436) Concurrent Preclean
[2025-01-09T00:20:26.904+0000][186897.270s][info][gc,marking  ] GC(6436) Concurrent Preclean 2.735ms
[2025-01-09T00:20:26.904+0000][186897.270s][info][gc,start    ] GC(6436) Pause Remark
[2025-01-09T00:20:26.930+0000][186897.297s][info][gc          ] GC(6436) Pause Remark 2990M->2990M(12288M) 26.098ms
[2025-01-09T00:20:26.931+0000][186897.297s][info][gc,cpu      ] GC(6436) User=0.15s Sys=0.00s Real=0.03s
[2025-01-09T00:20:26.931+0000][186897.297s][info][gc,marking  ] GC(6436) Concurrent Mark 890.321ms
[2025-01-09T00:20:26.931+0000][186897.297s][info][gc,marking  ] GC(6436) Concurrent Rebuild Remembered Sets
[2025-01-09T00:20:27.496+0000][186897.862s][info][gc,marking  ] GC(6436) Concurrent Rebuild Remembered Sets 564.911ms
[2025-01-09T00:20:27.496+0000][186897.862s][info][gc,start    ] GC(6436) Pause Cleanup
[2025-01-09T00:20:27.496+0000][186897.862s][info][gc          ] GC(6436) Pause Cleanup 3542M->3542M(12288M) 0.435ms
[2025-01-09T00:20:27.496+0000][186897.862s][info][gc,cpu      ] GC(6436) User=0.00s Sys=0.00s Real=0.00s
[2025-01-09T00:20:27.496+0000][186897.862s][info][gc,marking  ] GC(6436) Concurrent Cleanup for Next Mark
[2025-01-09T00:20:27.512+0000][186897.878s][info][gc,marking  ] GC(6436) Concurrent Cleanup for Next Mark 15.902ms
[2025-01-09T00:20:27.512+0000][186897.878s][info][gc          ] GC(6436) Concurrent Mark Cycle 1502.770ms
[2025-01-09T00:20:34.804+0000][186905.170s][info][gc,start    ] GC(6437) Pause Young (Prepare Mixed) (G1 Evacuation Pause)
[2025-01-09T00:20:34.804+0000][186905.170s][info][gc,task     ] GC(6437) Using 6 workers of 6 for evacuation
[2025-01-09T00:20:34.844+0000][186905.210s][info][gc,phases   ] GC(6437)   Pre Evacuate Collection Set: 0.2ms
[2025-01-09T00:20:34.844+0000][186905.210s][info][gc,phases   ] GC(6437)   Merge Heap Roots: 0.6ms
[2025-01-09T00:20:34.844+0000][186905.210s][info][gc,phases   ] GC(6437)   Evacuate Collection Set: 36.4ms
[2025-01-09T00:20:34.844+0000][186905.210s][info][gc,phases   ] GC(6437)   Post Evacuate Collection Set: 2.7ms
[2025-01-09T00:20:34.844+0000][186905.210s][info][gc,phases   ] GC(6437)   Other: 0.2ms
[2025-01-09T00:20:34.844+0000][186905.210s][info][gc,heap     ] GC(6437) Eden regions: 911->0(64)
[2025-01-09T00:20:34.844+0000][186905.210s][info][gc,heap     ] GC(6437) Survivor regions: 10->12(116)
[2025-01-09T00:20:34.844+0000][186905.210s][info][gc,heap     ] GC(6437) Old regions: 234->234
[2025-01-09T00:20:34.844+0000][186905.210s][info][gc,heap     ] GC(6437) Archive regions: 2->2
[2025-01-09T00:20:34.844+0000][186905.210s][info][gc,heap     ] GC(6437) Humongous regions: 53->53
[2025-01-09T00:20:34.844+0000][186905.210s][info][gc,metaspace] GC(6437) Metaspace: 524602K(533952K)->524602K(533952K) NonClass: 460677K(465216K)->460677K(465216K) Class: 63924K(68736K)->63924K(68736K)
[2025-01-09T00:20:34.844+0000][186905.210s][info][gc          ] GC(6437) Pause Young (Prepare Mixed) (G1 Evacuation Pause) 9666M->2391M(12288M) 40.192ms
[2025-01-09T00:20:34.844+0000][186905.210s][info][gc,cpu      ] GC(6437) User=0.24s Sys=0.00s Real=0.04s
[2025-01-09T00:20:35.162+0000][186905.528s][info][gc,start    ] GC(6438) Pause Young (Mixed) (G1 Evacuation Pause)
[2025-01-09T00:20:35.162+0000][186905.528s][info][gc,task     ] GC(6438) Using 6 workers of 6 for evacuation
[2025-01-09T00:20:35.209+0000][186905.575s][info][gc,phases   ] GC(6438)   Pre Evacuate Collection Set: 0.2ms
[2025-01-09T00:20:35.209+0000][186905.575s][info][gc,phases   ] GC(6438)   Merge Heap Roots: 0.4ms
[2025-01-09T00:20:35.209+0000][186905.575s][info][gc,phases   ] GC(6438)   Evacuate Collection Set: 45.4ms
[2025-01-09T00:20:35.209+0000][186905.575s][info][gc,phases   ] GC(6438)   Post Evacuate Collection Set: 1.6ms
[2025-01-09T00:20:35.209+0000][186905.575s][info][gc,phases   ] GC(6438)   Other: 0.2ms
[2025-01-09T00:20:35.209+0000][186905.575s][info][gc,heap     ] GC(6438) Eden regions: 64->0(914)
[2025-01-09T00:20:35.209+0000][186905.575s][info][gc,heap     ] GC(6438) Survivor regions: 12->7(10)
[2025-01-09T00:20:35.209+0000][186905.575s][info][gc,heap     ] GC(6438) Old regions: 234->232
[2025-01-09T00:20:35.209+0000][186905.575s][info][gc,heap     ] GC(6438) Archive regions: 2->2
[2025-01-09T00:20:35.209+0000][186905.575s][info][gc,heap     ] GC(6438) Humongous regions: 53->53
[2025-01-09T00:20:35.209+0000][186905.575s][info][gc,metaspace] GC(6438) Metaspace: 524602K(533952K)->524602K(533952K) NonClass: 460677K(465216K)->460677K(465216K) Class: 63924K(68736K)->63924K(68736K)
[2025-01-09T00:20:35.209+0000][186905.575s][info][gc          ] GC(6438) Pause Young (Mixed) (G1 Evacuation Pause) 2903M->2337M(12288M) 47.787ms
[2025-01-09T00:20:35.209+0000][186905.575s][info][gc,cpu      ] GC(6438) User=0.28s Sys=0.00s Real=0.04s
[2025-01-09T00:20:41.546+0000][186911.912s][info][gc,start    ] GC(6439) Pause Young (Normal) (G1 Evacuation Pause)
[2025-01-09T00:20:41.546+0000][186911.912s][info][gc,task     ] GC(6439) Using 6 workers of 6 for evacuation
[2025-01-09T00:20:41.570+0000][186911.936s][info][gc,phases   ] GC(6439)   Pre Evacuate Collection Set: 0.2ms
[2025-01-09T00:20:41.570+0000][186911.936s][info][gc,phases   ] GC(6439)   Merge Heap Roots: 0.4ms
[2025-01-09T00:20:41.570+0000][186911.936s][info][gc,phases   ] GC(6439)   Evacuate Collection Set: 20.6ms
[2025-01-09T00:20:41.570+0000][186911.936s][info][gc,phases   ] GC(6439)   Post Evacuate Collection Set: 2.6ms
[2025-01-09T00:20:41.570+0000][186911.936s][info][gc,phases   ] GC(6439)   Other: 0.2ms
[2025-01-09T00:20:41.570+0000][186911.936s][info][gc,heap     ] GC(6439) Eden regions: 914->0(915)
[2025-01-09T00:20:41.570+0000][186911.936s][info][gc,heap     ] GC(6439) Survivor regions: 7->6(116)
[2025-01-09T00:20:41.570+0000][186911.936s][info][gc,heap     ] GC(6439) Old regions: 232->232
[2025-01-09T00:20:41.570+0000][186911.936s][info][gc,heap     ] GC(6439) Archive regions: 2->2
[2025-01-09T00:20:41.570+0000][186911.936s][info][gc,heap     ] GC(6439) Humongous regions: 53->53
[2025-01-09T00:20:41.570+0000][186911.936s][info][gc,metaspace] GC(6439) Metaspace: 524624K(534016K)->524624K(534016K) NonClass: 460695K(465280K)->460695K(465280K) Class: 63928K(68736K)->63928K(68736K)
[2025-01-09T00:20:41.570+0000][186911.937s][info][gc          ] GC(6439) Pause Young (Normal) (G1 Evacuation Pause) 9649M->2333M(12288M) 24.101ms
[2025-01-09T00:20:41.570+0000][186911.937s][info][gc,cpu      ] GC(6439) User=0.14s Sys=0.00s Real=0.03s
[2025-01-09T00:20:50.916+0000][186921.282s][info][gc,start    ] GC(6440) Pause Young (Normal) (G1 Evacuation Pause)
[2025-01-09T00:20:50.916+0000][186921.282s][info][gc,task     ] GC(6440) Using 6 workers of 6 for evacuation
[2025-01-09T00:20:50.946+0000][186921.312s][info][gc,phases   ] GC(6440)   Pre Evacuate Collection Set: 0.2ms
[2025-01-09T00:20:50.946+0000][186921.312s][info][gc,phases   ] GC(6440)   Merge Heap Roots: 0.4ms
[2025-01-09T00:20:50.946+0000][186921.312s][info][gc,phases   ] GC(6440)   Evacuate Collection Set: 26.5ms
[2025-01-09T00:20:50.946+0000][186921.312s][info][gc,phases   ] GC(6440)   Post Evacuate Collection Set: 2.6ms
[2025-01-09T00:20:50.946+0000][186921.312s][info][gc,phases   ] GC(6440)   Other: 0.2ms
[2025-01-09T00:20:50.946+0000][186921.312s][info][gc,heap     ] GC(6440) Eden regions: 915->0(913)
[2025-01-09T00:20:50.946+0000][186921.312s][info][gc,heap     ] GC(6440) Survivor regions: 6->8(116)
[2025-01-09T00:20:50.946+0000][186921.312s][info][gc,heap     ] GC(6440) Old regions: 232->232
[2025-01-09T00:20:50.946+0000][186921.312s][info][gc,heap     ] GC(6440) Archive regions: 2->2
[2025-01-09T00:20:50.946+0000][186921.312s][info][gc,heap     ] GC(6440) Humongous regions: 53->53
[2025-01-09T00:20:50.946+0000][186921.312s][info][gc,metaspace] GC(6440) Metaspace: 524624K(534016K)->524624K(534016K) NonClass: 460696K(465280K)->460696K(465280K) Class: 63928K(68736K)->63928K(68736K)
[2025-01-09T00:20:50.946+0000][186921.312s][info][gc          ] GC(6440) Pause Young (Normal) (G1 Evacuation Pause) 9653M->2346M(12288M) 30.072ms
[2025-01-09T00:20:50.946+0000][186921.312s][info][gc,cpu      ] GC(6440) User=0.17s Sys=0.00s Real=0.03s
[2025-01-09T00:20:59.294+0000][186929.660s][info][gc,start    ] GC(6441) Pause Young (Concurrent Start) (G1 Evacuation Pause)
[2025-01-09T00:20:59.294+0000][186929.660s][info][gc,task     ] GC(6441) Using 6 workers of 6 for evacuation
[2025-01-09T00:20:59.331+0000][186929.697s][info][gc,phases   ] GC(6441)   Pre Evacuate Collection Set: 1.3ms
[2025-01-09T00:20:59.331+0000][186929.697s][info][gc,phases   ] GC(6441)   Merge Heap Roots: 0.5ms
[2025-01-09T00:20:59.331+0000][186929.697s][info][gc,phases   ] GC(6441)   Evacuate Collection Set: 30.3ms
[2025-01-09T00:20:59.331+0000][186929.697s][info][gc,phases   ] GC(6441)   Post Evacuate Collection Set: 4.0ms
[2025-01-09T00:20:59.331+0000][186929.697s][info][gc,phases   ] GC(6441)   Other: 0.4ms
[2025-01-09T00:20:59.331+0000][186929.697s][info][gc,heap     ] GC(6441) Eden regions: 913->0(912)
[2025-01-09T00:20:59.331+0000][186929.697s][info][gc,heap     ] GC(6441) Survivor regions: 8->9(116)
[2025-01-09T00:20:59.331+0000][186929.697s][info][gc,heap     ] GC(6441) Old regions: 232->232
[2025-01-09T00:20:59.331+0000][186929.697s][info][gc,heap     ] GC(6441) Archive regions: 2->2
[2025-01-09T00:20:59.331+0000][186929.697s][info][gc,heap     ] GC(6441) Humongous regions: 53->53
[2025-01-09T00:20:59.331+0000][186929.697s][info][gc,metaspace] GC(6441) Metaspace: 524624K(534016K)->524624K(534016K) NonClass: 460696K(465280K)->460696K(465280K) Class: 63928K(68736K)->63928K(68736K)
[2025-01-09T00:20:59.331+0000][186929.697s][info][gc          ] GC(6441) Pause Young (Concurrent Start) (G1 Evacuation Pause) 9650M->2358M(12288M) 36.577ms
[2025-01-09T00:20:59.331+0000][186929.697s][info][gc,cpu      ] GC(6441) User=0.21s Sys=0.00s Real=0.04s
[2025-01-09T00:20:59.331+0000][186929.697s][info][gc          ] GC(6442) Concurrent Mark Cycle
[2025-01-09T00:20:59.331+0000][186929.697s][info][gc,marking  ] GC(6442) Concurrent Clear Claimed Marks
[2025-01-09T00:20:59.332+0000][186929.698s][info][gc,marking  ] GC(6442) Concurrent Clear Claimed Marks 0.948ms
[2025-01-09T00:20:59.332+0000][186929.698s][info][gc,marking  ] GC(6442) Concurrent Scan Root Regions
[2025-01-09T00:20:59.353+0000][186929.719s][info][gc,marking  ] GC(6442) Concurrent Scan Root Regions 20.731ms
[2025-01-09T00:20:59.353+0000][186929.719s][info][gc,marking  ] GC(6442) Concurrent Mark
[2025-01-09T00:20:59.353+0000][186929.719s][info][gc,marking  ] GC(6442) Concurrent Mark From Roots
[2025-01-09T00:20:59.353+0000][186929.719s][info][gc,task     ] GC(6442) Using 2 workers of 2 for marking
[2025-01-09T00:21:00.328+0000][186930.695s][info][gc,marking  ] GC(6442) Concurrent Mark From Roots 975.897ms
[2025-01-09T00:21:00.328+0000][186930.695s][info][gc,marking  ] GC(6442) Concurrent Preclean
[2025-01-09T00:21:00.331+0000][186930.697s][info][gc,marking  ] GC(6442) Concurrent Preclean 2.697ms
[2025-01-09T00:21:00.331+0000][186930.697s][info][gc,start    ] GC(6442) Pause Remark
[2025-01-09T00:21:00.358+0000][186930.724s][info][gc          ] GC(6442) Pause Remark 3394M->3362M(12288M) 26.355ms
[2025-01-09T00:21:00.358+0000][186930.724s][info][gc,cpu      ] GC(6442) User=0.15s Sys=0.01s Real=0.02s
[2025-01-09T00:21:00.358+0000][186930.724s][info][gc,marking  ] GC(6442) Concurrent Mark 1005.314ms
[2025-01-09T00:21:00.358+0000][186930.724s][info][gc,marking  ] GC(6442) Concurrent Rebuild Remembered Sets
[2025-01-09T00:21:00.873+0000][186931.239s][info][gc,marking  ] GC(6442) Concurrent Rebuild Remembered Sets 514.905ms
[2025-01-09T00:21:00.873+0000][186931.239s][info][gc,start    ] GC(6442) Pause Cleanup
[2025-01-09T00:21:00.873+0000][186931.239s][info][gc          ] GC(6442) Pause Cleanup 3766M->3766M(12288M) 0.434ms
[2025-01-09T00:21:00.873+0000][186931.240s][info][gc,cpu      ] GC(6442) User=0.00s Sys=0.00s Real=0.00s
[2025-01-09T00:21:00.874+0000][186931.240s][info][gc,marking  ] GC(6442) Concurrent Cleanup for Next Mark
[2025-01-09T00:21:00.889+0000][186931.255s][info][gc,marking  ] GC(6442) Concurrent Cleanup for Next Mark 15.344ms
[2025-01-09T00:21:00.889+0000][186931.255s][info][gc          ] GC(6442) Concurrent Mark Cycle 1558.097ms
[2025-01-09T00:21:07.834+0000][186938.200s][info][gc,start    ] GC(6443) Pause Young (Prepare Mixed) (G1 Evacuation Pause)
[2025-01-09T00:21:07.834+0000][186938.200s][info][gc,task     ] GC(6443) Using 6 workers of 6 for evacuation
[2025-01-09T00:21:07.872+0000][186938.238s][info][gc,phases   ] GC(6443)   Pre Evacuate Collection Set: 0.2ms
[2025-01-09T00:21:07.872+0000][186938.238s][info][gc,phases   ] GC(6443)   Merge Heap Roots: 0.6ms
[2025-01-09T00:21:07.872+0000][186938.238s][info][gc,phases   ] GC(6443)   Evacuate Collection Set: 32.5ms
[2025-01-09T00:21:07.872+0000][186938.238s][info][gc,phases   ] GC(6443)   Post Evacuate Collection Set: 4.1ms
[2025-01-09T00:21:07.872+0000][186938.238s][info][gc,phases   ] GC(6443)   Other: 0.2ms
[2025-01-09T00:21:07.872+0000][186938.238s][info][gc,heap     ] GC(6443) Eden regions: 912->0(65)
[2025-01-09T00:21:07.872+0000][186938.238s][info][gc,heap     ] GC(6443) Survivor regions: 9->11(116)
[2025-01-09T00:21:07.872+0000][186938.238s][info][gc,heap     ] GC(6443) Old regions: 232->232
[2025-01-09T00:21:07.872+0000][186938.238s][info][gc,heap     ] GC(6443) Archive regions: 2->2
[2025-01-09T00:21:07.872+0000][186938.238s][info][gc,heap     ] GC(6443) Humongous regions: 49->49
[2025-01-09T00:21:07.872+0000][186938.238s][info][gc,metaspace] GC(6443) Metaspace: 524624K(534016K)->524624K(534016K) NonClass: 460696K(465280K)->460696K(465280K) Class: 63928K(68736K)->63928K(68736K)
[2025-01-09T00:21:07.872+0000][186938.238s][info][gc          ] GC(6443) Pause Young (Prepare Mixed) (G1 Evacuation Pause) 9622M->2341M(12288M) 37.742ms
[2025-01-09T00:21:07.872+0000][186938.238s][info][gc,cpu      ] GC(6443) User=0.22s Sys=0.00s Real=0.04s
[2025-01-09T00:21:08.242+0000][186938.608s][info][gc,start    ] GC(6444) Pause Young (Mixed) (G1 Evacuation Pause)
[2025-01-09T00:21:08.242+0000][186938.608s][info][gc,task     ] GC(6444) Using 6 workers of 6 for evacuation
[2025-01-09T00:21:08.298+0000][186938.664s][info][gc,phases   ] GC(6444)   Pre Evacuate Collection Set: 0.2ms
[2025-01-09T00:21:08.298+0000][186938.664s][info][gc,phases   ] GC(6444)   Merge Heap Roots: 0.5ms
[2025-01-09T00:21:08.298+0000][186938.664s][info][gc,phases   ] GC(6444)   Evacuate Collection Set: 53.8ms
[2025-01-09T00:21:08.298+0000][186938.664s][info][gc,phases   ] GC(6444)   Post Evacuate Collection Set: 1.8ms
[2025-01-09T00:21:08.298+0000][186938.664s][info][gc,phases   ] GC(6444)   Other: 0.2ms
[2025-01-09T00:21:08.298+0000][186938.664s][info][gc,heap     ] GC(6444) Eden regions: 65->0(916)
[2025-01-09T00:21:08.298+0000][186938.664s][info][gc,heap     ] GC(6444) Survivor regions: 11->5(10)
[2025-01-09T00:21:08.298+0000][186938.664s][info][gc,heap     ] GC(6444) Old regions: 232->233
[2025-01-09T00:21:08.298+0000][186938.664s][info][gc,heap     ] GC(6444) Archive regions: 2->2
[2025-01-09T00:21:08.298+0000][186938.664s][info][gc,heap     ] GC(6444) Humongous regions: 49->49
[2025-01-09T00:21:08.298+0000][186938.664s][info][gc,metaspace] GC(6444) Metaspace: 524624K(534016K)->524624K(534016K) NonClass: 460696K(465280K)->460696K(465280K) Class: 63928K(68736K)->63928K(68736K)
[2025-01-09T00:21:08.298+0000][186938.664s][info][gc          ] GC(6444) Pause Young (Mixed) (G1 Evacuation Pause) 2861M->2294M(12288M) 56.589ms
[2025-01-09T00:21:08.298+0000][186938.664s][info][gc,cpu      ] GC(6444) User=0.34s Sys=0.00s Real=0.05s
[2025-01-09T00:21:17.088+0000][186947.454s][info][gc,start    ] GC(6445) Pause Young (Normal) (G1 Evacuation Pause)
[2025-01-09T00:21:17.088+0000][186947.454s][info][gc,task     ] GC(6445) Using 6 workers of 6 for evacuation
[2025-01-09T00:21:17.113+0000][186947.479s][info][gc,phases   ] GC(6445)   Pre Evacuate Collection Set: 0.2ms
[2025-01-09T00:21:17.113+0000][186947.479s][info][gc,phases   ] GC(6445)   Merge Heap Roots: 0.4ms
[2025-01-09T00:21:17.113+0000][186947.479s][info][gc,phases   ] GC(6445)   Evacuate Collection Set: 21.3ms
[2025-01-09T00:21:17.113+0000][186947.479s][info][gc,phases   ] GC(6445)   Post Evacuate Collection Set: 2.6ms
[2025-01-09T00:21:17.113+0000][186947.479s][info][gc,phases   ] GC(6445)   Other: 0.2ms
[2025-01-09T00:21:17.113+0000][186947.479s][info][gc,heap     ] GC(6445) Eden regions: 916->0(915)
[2025-01-09T00:21:17.113+0000][186947.479s][info][gc,heap     ] GC(6445) Survivor regions: 5->6(116)
[2025-01-09T00:21:17.113+0000][186947.479s][info][gc,heap     ] GC(6445) Old regions: 233->233
[2025-01-09T00:21:17.113+0000][186947.479s][info][gc,heap     ] GC(6445) Archive regions: 2->2
[2025-01-09T00:21:17.113+0000][186947.479s][info][gc,heap     ] GC(6445) Humongous regions: 49->49
[2025-01-09T00:21:17.113+0000][186947.479s][info][gc,metaspace] GC(6445) Metaspace: 524624K(534016K)->524624K(534016K) NonClass: 460696K(465280K)->460696K(465280K) Class: 63928K(68736K)->63928K(68736K)
[2025-01-09T00:21:17.113+0000][186947.479s][info][gc          ] GC(6445) Pause Young (Normal) (G1 Evacuation Pause) 9622M->2303M(12288M) 24.779ms
[2025-01-09T00:21:17.113+0000][186947.479s][info][gc,cpu      ] GC(6445) User=0.14s Sys=0.00s Real=0.03s
[2025-01-09T00:21:23.389+0000][186953.755s][info][gc,start    ] GC(6446) Pause Young (Normal) (G1 Evacuation Pause)
[2025-01-09T00:21:23.389+0000][186953.755s][info][gc,task     ] GC(6446) Using 6 workers of 6 for evacuation
[2025-01-09T00:21:23.418+0000][186953.784s][info][gc,phases   ] GC(6446)   Pre Evacuate Collection Set: 0.2ms
[2025-01-09T00:21:23.418+0000][186953.784s][info][gc,phases   ] GC(6446)   Merge Heap Roots: 0.4ms
[2025-01-09T00:21:23.418+0000][186953.784s][info][gc,phases   ] GC(6446)   Evacuate Collection Set: 23.7ms
[2025-01-09T00:21:23.418+0000][186953.784s][info][gc,phases   ] GC(6446)   Post Evacuate Collection Set: 4.1ms
[2025-01-09T00:21:23.418+0000][186953.784s][info][gc,phases   ] GC(6446)   Other: 0.2ms
[2025-01-09T00:21:23.418+0000][186953.784s][info][gc,heap     ] GC(6446) Eden regions: 915->0(913)
[2025-01-09T00:21:23.418+0000][186953.784s][info][gc,heap     ] GC(6446) Survivor regions: 6->8(116)
[2025-01-09T00:21:23.418+0000][186953.784s][info][gc,heap     ] GC(6446) Old regions: 233->233
[2025-01-09T00:21:23.418+0000][186953.784s][info][gc,heap     ] GC(6446) Archive regions: 2->2
[2025-01-09T00:21:23.418+0000][186953.784s][info][gc,heap     ] GC(6446) Humongous regions: 49->49
[2025-01-09T00:21:23.418+0000][186953.784s][info][gc,metaspace] GC(6446) Metaspace: 524624K(534016K)->524624K(534016K) NonClass: 460696K(465280K)->460696K(465280K) Class: 63928K(68736K)->63928K(68736K)
[2025-01-09T00:21:23.418+0000][186953.784s][info][gc          ] GC(6446) Pause Young (Normal) (G1 Evacuation Pause) 9623M->2318M(12288M) 28.774ms
[2025-01-09T00:21:23.418+0000][186953.784s][info][gc,cpu      ] GC(6446) User=0.16s Sys=0.00s Real=0.03s
[2025-01-09T00:21:29.302+0000][186959.668s][info][gc,start    ] GC(6447) Pause Young (Concurrent Start) (G1 Evacuation Pause)
[2025-01-09T00:21:29.302+0000][186959.668s][info][gc,task     ] GC(6447) Using 6 workers of 6 for evacuation
[2025-01-09T00:21:29.338+0000][186959.704s][info][gc,phases   ] GC(6447)   Pre Evacuate Collection Set: 1.2ms
[2025-01-09T00:21:29.338+0000][186959.704s][info][gc,phases   ] GC(6447)   Merge Heap Roots: 0.4ms
[2025-01-09T00:21:29.338+0000][186959.704s][info][gc,phases   ] GC(6447)   Evacuate Collection Set: 31.2ms
[2025-01-09T00:21:29.338+0000][186959.704s][info][gc,phases   ] GC(6447)   Post Evacuate Collection Set: 2.5ms
[2025-01-09T00:21:29.338+0000][186959.704s][info][gc,phases   ] GC(6447)   Other: 0.3ms
[2025-01-09T00:21:29.338+0000][186959.704s][info][gc,heap     ] GC(6447) Eden regions: 913->0(912)
[2025-01-09T00:21:29.338+0000][186959.704s][info][gc,heap     ] GC(6447) Survivor regions: 8->9(116)
[2025-01-09T00:21:29.338+0000][186959.704s][info][gc,heap     ] GC(6447) Old regions: 233->233
[2025-01-09T00:21:29.338+0000][186959.704s][info][gc,heap     ] GC(6447) Archive regions: 2->2
[2025-01-09T00:21:29.338+0000][186959.704s][info][gc,heap     ] GC(6447) Humongous regions: 49->49
[2025-01-09T00:21:29.338+0000][186959.704s][info][gc,metaspace] GC(6447) Metaspace: 524628K(534016K)->524628K(534016K) NonClass: 460699K(465280K)->460699K(465280K) Class: 63929K(68736K)->63929K(68736K)
[2025-01-09T00:21:29.338+0000][186959.704s][info][gc          ] GC(6447) Pause Young (Concurrent Start) (G1 Evacuation Pause) 9622M->2320M(12288M) 35.749ms
[2025-01-09T00:21:29.338+0000][186959.704s][info][gc,cpu      ] GC(6447) User=0.19s Sys=0.00s Real=0.03s
[2025-01-09T00:21:29.338+0000][186959.704s][info][gc          ] GC(6448) Concurrent Mark Cycle
[2025-01-09T00:21:29.338+0000][186959.704s][info][gc,marking  ] GC(6448) Concurrent Clear Claimed Marks
[2025-01-09T00:21:29.339+0000][186959.705s][info][gc,marking  ] GC(6448) Concurrent Clear Claimed Marks 0.936ms
[2025-01-09T00:21:29.339+0000][186959.705s][info][gc,marking  ] GC(6448) Concurrent Scan Root Regions
[2025-01-09T00:21:29.365+0000][186959.731s][info][gc,marking  ] GC(6448) Concurrent Scan Root Regions 25.879ms
[2025-01-09T00:21:29.365+0000][186959.731s][info][gc,marking  ] GC(6448) Concurrent Mark
[2025-01-09T00:21:29.365+0000][186959.731s][info][gc,marking  ] GC(6448) Concurrent Mark From Roots
[2025-01-09T00:21:29.365+0000][186959.731s][info][gc,task     ] GC(6448) Using 2 workers of 2 for marking
[2025-01-09T00:21:30.301+0000][186960.667s][info][gc,marking  ] GC(6448) Concurrent Mark From Roots 936.067ms
[2025-01-09T00:21:30.301+0000][186960.667s][info][gc,marking  ] GC(6448) Concurrent Preclean
[2025-01-09T00:21:30.305+0000][186960.671s][info][gc,marking  ] GC(6448) Concurrent Preclean 3.563ms
[2025-01-09T00:21:30.305+0000][186960.671s][info][gc,start    ] GC(6448) Pause Remark
[2025-01-09T00:21:30.331+0000][186960.697s][info][gc          ] GC(6448) Pause Remark 3220M->3220M(12288M) 26.348ms
[2025-01-09T00:21:30.331+0000][186960.697s][info][gc,cpu      ] GC(6448) User=0.15s Sys=0.00s Real=0.03s
[2025-01-09T00:21:30.331+0000][186960.697s][info][gc,marking  ] GC(6448) Concurrent Mark 966.391ms
[2025-01-09T00:21:30.331+0000][186960.697s][info][gc,marking  ] GC(6448) Concurrent Rebuild Remembered Sets
[2025-01-09T00:21:30.835+0000][186961.201s][info][gc,marking  ] GC(6448) Concurrent Rebuild Remembered Sets 503.597ms
[2025-01-09T00:21:30.835+0000][186961.201s][info][gc,start    ] GC(6448) Pause Cleanup
[2025-01-09T00:21:30.835+0000][186961.202s][info][gc          ] GC(6448) Pause Cleanup 3612M->3612M(12288M) 0.422ms
[2025-01-09T00:21:30.836+0000][186961.202s][info][gc,cpu      ] GC(6448) User=0.00s Sys=0.00s Real=0.00s
[2025-01-09T00:21:30.836+0000][186961.202s][info][gc,marking  ] GC(6448) Concurrent Cleanup for Next Mark
[2025-01-09T00:21:30.851+0000][186961.217s][info][gc,marking  ] GC(6448) Concurrent Cleanup for Next Mark 15.349ms
[2025-01-09T00:21:30.851+0000][186961.217s][info][gc          ] GC(6448) Concurrent Mark Cycle 1512.977ms
[2025-01-09T00:21:36.771+0000][186967.138s][info][gc,start    ] GC(6449) Pause Young (Prepare Mixed) (G1 Evacuation Pause)
[2025-01-09T00:21:36.772+0000][186967.138s][info][gc,task     ] GC(6449) Using 6 workers of 6 for evacuation
[2025-01-09T00:21:36.805+0000][186967.171s][info][gc,phases   ] GC(6449)   Pre Evacuate Collection Set: 0.2ms
[2025-01-09T00:21:36.805+0000][186967.171s][info][gc,phases   ] GC(6449)   Merge Heap Roots: 0.6ms
[2025-01-09T00:21:36.805+0000][186967.171s][info][gc,phases   ] GC(6449)   Evacuate Collection Set: 29.5ms
[2025-01-09T00:21:36.805+0000][186967.171s][info][gc,phases   ] GC(6449)   Post Evacuate Collection Set: 2.6ms
[2025-01-09T00:21:36.805+0000][186967.171s][info][gc,phases   ] GC(6449)   Other: 0.2ms
[2025-01-09T00:21:36.805+0000][186967.171s][info][gc,heap     ] GC(6449) Eden regions: 912->0(66)
[2025-01-09T00:21:36.805+0000][186967.171s][info][gc,heap     ] GC(6449) Survivor regions: 9->10(116)
[2025-01-09T00:21:36.805+0000][186967.171s][info][gc,heap     ] GC(6449) Old regions: 233->233
[2025-01-09T00:21:36.805+0000][186967.171s][info][gc,heap     ] GC(6449) Archive regions: 2->2
[2025-01-09T00:21:36.805+0000][186967.171s][info][gc,heap     ] GC(6449) Humongous regions: 49->49
[2025-01-09T00:21:36.805+0000][186967.171s][info][gc,metaspace] GC(6449) Metaspace: 524628K(534016K)->524628K(534016K) NonClass: 460699K(465280K)->460699K(465280K) Class: 63929K(68736K)->63929K(68736K)
[2025-01-09T00:21:36.805+0000][186967.171s][info][gc          ] GC(6449) Pause Young (Prepare Mixed) (G1 Evacuation Pause) 9616M->2329M(12288M) 33.293ms
[2025-01-09T00:21:36.805+0000][186967.171s][info][gc,cpu      ] GC(6449) User=0.20s Sys=0.00s Real=0.03s
[2025-01-09T00:21:37.171+0000][186967.537s][info][gc,start    ] GC(6450) Pause Young (Mixed) (G1 Evacuation Pause)
[2025-01-09T00:21:37.171+0000][186967.537s][info][gc,task     ] GC(6450) Using 6 workers of 6 for evacuation
[2025-01-09T00:21:37.231+0000][186967.597s][info][gc,phases   ] GC(6450)   Pre Evacuate Collection Set: 0.2ms
[2025-01-09T00:21:37.231+0000][186967.597s][info][gc,phases   ] GC(6450)   Merge Heap Roots: 0.6ms
[2025-01-09T00:21:37.231+0000][186967.597s][info][gc,phases   ] GC(6450)   Evacuate Collection Set: 57.6ms
[2025-01-09T00:21:37.231+0000][186967.597s][info][gc,phases   ] GC(6450)   Post Evacuate Collection Set: 1.6ms
[2025-01-09T00:21:37.231+0000][186967.597s][info][gc,phases   ] GC(6450)   Other: 0.2ms
[2025-01-09T00:21:37.231+0000][186967.597s][info][gc,heap     ] GC(6450) Eden regions: 66->0(916)
[2025-01-09T00:21:37.231+0000][186967.598s][info][gc,heap     ] GC(6450) Survivor regions: 10->5(10)
[2025-01-09T00:21:37.231+0000][186967.598s][info][gc,heap     ] GC(6450) Old regions: 233->232
[2025-01-09T00:21:37.231+0000][186967.598s][info][gc,heap     ] GC(6450) Archive regions: 2->2
[2025-01-09T00:21:37.231+0000][186967.598s][info][gc,heap     ] GC(6450) Humongous regions: 49->49
[2025-01-09T00:21:37.231+0000][186967.598s][info][gc,metaspace] GC(6450) Metaspace: 524628K(534016K)->524628K(534016K) NonClass: 460699K(465280K)->460699K(465280K) Class: 63929K(68736K)->63929K(68736K)
[2025-01-09T00:21:37.231+0000][186967.598s][info][gc          ] GC(6450) Pause Young (Mixed) (G1 Evacuation Pause) 2857M->2288M(12288M) 60.317ms
[2025-01-09T00:21:37.232+0000][186967.598s][info][gc,cpu      ] GC(6450) User=0.35s Sys=0.00s Real=0.06s
[2025-01-09T00:21:42.880+0000][186973.246s][info][gc,start    ] GC(6451) Pause Young (Normal) (G1 Evacuation Pause)
[2025-01-09T00:21:42.880+0000][186973.246s][info][gc,task     ] GC(6451) Using 6 workers of 6 for evacuation
[2025-01-09T00:21:42.904+0000][186973.270s][info][gc,phases   ] GC(6451)   Pre Evacuate Collection Set: 0.2ms
[2025-01-09T00:21:42.904+0000][186973.270s][info][gc,phases   ] GC(6451)   Merge Heap Roots: 0.4ms
[2025-01-09T00:21:42.904+0000][186973.270s][info][gc,phases   ] GC(6451)   Evacuate Collection Set: 20.4ms
[2025-01-09T00:21:42.904+0000][186973.270s][info][gc,phases   ] GC(6451)   Post Evacuate Collection Set: 2.3ms
[2025-01-09T00:21:42.904+0000][186973.270s][info][gc,phases   ] GC(6451)   Other: 0.2ms
[2025-01-09T00:21:42.904+0000][186973.270s][info][gc,heap     ] GC(6451) Eden regions: 916->0(914)
[2025-01-09T00:21:42.904+0000][186973.270s][info][gc,heap     ] GC(6451) Survivor regions: 5->7(116)
[2025-01-09T00:21:42.904+0000][186973.270s][info][gc,heap     ] GC(6451) Old regions: 232->232
[2025-01-09T00:21:42.904+0000][186973.270s][info][gc,heap     ] GC(6451) Archive regions: 2->2
[2025-01-09T00:21:42.904+0000][186973.270s][info][gc,heap     ] GC(6451) Humongous regions: 49->49
[2025-01-09T00:21:42.904+0000][186973.270s][info][gc,metaspace] GC(6451) Metaspace: 524628K(534016K)->524628K(534016K) NonClass: 460699K(465280K)->460699K(465280K) Class: 63929K(68736K)->63929K(68736K)
[2025-01-09T00:21:42.904+0000][186973.270s][info][gc          ] GC(6451) Pause Young (Normal) (G1 Evacuation Pause) 9616M->2297M(12288M) 23.699ms
[2025-01-09T00:21:42.904+0000][186973.270s][info][gc,cpu      ] GC(6451) User=0.14s Sys=0.00s Real=0.03s
[2025-01-09T00:21:52.967+0000][186983.333s][info][gc,start    ] GC(6452) Pause Young (Normal) (G1 Evacuation Pause)
[2025-01-09T00:21:52.967+0000][186983.333s][info][gc,task     ] GC(6452) Using 6 workers of 6 for evacuation
[2025-01-09T00:21:52.998+0000][186983.364s][info][gc,phases   ] GC(6452)   Pre Evacuate Collection Set: 0.2ms
[2025-01-09T00:21:52.998+0000][186983.364s][info][gc,phases   ] GC(6452)   Merge Heap Roots: 0.4ms
[2025-01-09T00:21:52.998+0000][186983.364s][info][gc,phases   ] GC(6452)   Evacuate Collection Set: 27.3ms
[2025-01-09T00:21:52.998+0000][186983.364s][info][gc,phases   ] GC(6452)   Post Evacuate Collection Set: 2.8ms
[2025-01-09T00:21:52.998+0000][186983.364s][info][gc,phases   ] GC(6452)   Other: 0.2ms
[2025-01-09T00:21:52.998+0000][186983.364s][info][gc,heap     ] GC(6452) Eden regions: 914->0(913)
[2025-01-09T00:21:52.998+0000][186983.364s][info][gc,heap     ] GC(6452) Survivor regions: 7->8(116)
[2025-01-09T00:21:52.998+0000][186983.364s][info][gc,heap     ] GC(6452) Old regions: 232->232
[2025-01-09T00:21:52.998+0000][186983.364s][info][gc,heap     ] GC(6452) Archive regions: 2->2
[2025-01-09T00:21:52.998+0000][186983.364s][info][gc,heap     ] GC(6452) Humongous regions: 49->49
[2025-01-09T00:21:52.998+0000][186983.364s][info][gc,metaspace] GC(6452) Metaspace: 524628K(534016K)->524628K(534016K) NonClass: 460699K(465280K)->460699K(465280K) Class: 63929K(68736K)->63929K(68736K)
[2025-01-09T00:21:52.998+0000][186983.364s][info][gc          ] GC(6452) Pause Young (Normal) (G1 Evacuation Pause) 9609M->2311M(12288M) 30.969ms
[2025-01-09T00:21:52.998+0000][186983.364s][info][gc,cpu      ] GC(6452) User=0.18s Sys=0.00s Real=0.03s
[2025-01-09T00:22:00.615+0000][186990.982s][info][gc,start    ] GC(6453) Pause Young (Concurrent Start) (G1 Evacuation Pause)
[2025-01-09T00:22:00.615+0000][186990.982s][info][gc,task     ] GC(6453) Using 6 workers of 6 for evacuation
[2025-01-09T00:22:00.653+0000][186991.019s][info][gc,phases   ] GC(6453)   Pre Evacuate Collection Set: 1.2ms
[2025-01-09T00:22:00.653+0000][186991.019s][info][gc,phases   ] GC(6453)   Merge Heap Roots: 0.5ms
[2025-01-09T00:22:00.653+0000][186991.019s][info][gc,phases   ] GC(6453)   Evacuate Collection Set: 29.9ms
[2025-01-09T00:22:00.653+0000][186991.019s][info][gc,phases   ] GC(6453)   Post Evacuate Collection Set: 5.4ms
[2025-01-09T00:22:00.653+0000][186991.019s][info][gc,phases   ] GC(6453)   Other: 0.3ms
[2025-01-09T00:22:00.653+0000][186991.019s][info][gc,heap     ] GC(6453) Eden regions: 913->0(910)
[2025-01-09T00:22:00.653+0000][186991.019s][info][gc,heap     ] GC(6453) Survivor regions: 8->11(116)
[2025-01-09T00:22:00.653+0000][186991.019s][info][gc,heap     ] GC(6453) Old regions: 232->232
[2025-01-09T00:22:00.653+0000][186991.019s][info][gc,heap     ] GC(6453) Archive regions: 2->2
[2025-01-09T00:22:00.653+0000][186991.019s][info][gc,heap     ] GC(6453) Humongous regions: 49->49
[2025-01-09T00:22:00.653+0000][186991.019s][info][gc,metaspace] GC(6453) Metaspace: 524631K(534016K)->524631K(534016K) NonClass: 460702K(465280K)->460702K(465280K) Class: 63929K(68736K)->63929K(68736K)
[2025-01-09T00:22:00.653+0000][186991.019s][info][gc          ] GC(6453) Pause Young (Concurrent Start) (G1 Evacuation Pause) 9615M->2331M(12288M) 37.316ms
[2025-01-09T00:22:00.653+0000][186991.019s][info][gc,cpu      ] GC(6453) User=0.22s Sys=0.00s Real=0.04s
[2025-01-09T00:22:00.653+0000][186991.019s][info][gc          ] GC(6454) Concurrent Mark Cycle
[2025-01-09T00:22:00.653+0000][186991.019s][info][gc,marking  ] GC(6454) Concurrent Clear Claimed Marks
[2025-01-09T00:22:00.654+0000][186991.020s][info][gc,marking  ] GC(6454) Concurrent Clear Claimed Marks 0.982ms
[2025-01-09T00:22:00.654+0000][186991.020s][info][gc,marking  ] GC(6454) Concurrent Scan Root Regions
[2025-01-09T00:22:00.680+0000][186991.046s][info][gc,marking  ] GC(6454) Concurrent Scan Root Regions 25.932ms
[2025-01-09T00:22:00.680+0000][186991.046s][info][gc,marking  ] GC(6454) Concurrent Mark
[2025-01-09T00:22:00.680+0000][186991.046s][info][gc,marking  ] GC(6454) Concurrent Mark From Roots
[2025-01-09T00:22:00.680+0000][186991.046s][info][gc,task     ] GC(6454) Using 2 workers of 2 for marking
[2025-01-09T00:22:01.475+0000][186991.841s][info][gc,marking  ] GC(6454) Concurrent Mark From Roots 795.422ms
[2025-01-09T00:22:01.475+0000][186991.841s][info][gc,marking  ] GC(6454) Concurrent Preclean
[2025-01-09T00:22:01.478+0000][186991.844s][info][gc,marking  ] GC(6454) Concurrent Preclean 2.596ms
[2025-01-09T00:22:01.478+0000][186991.844s][info][gc,start    ] GC(6454) Pause Remark
[2025-01-09T00:22:01.504+0000][186991.871s][info][gc          ] GC(6454) Pause Remark 2991M->2991M(12288M) 26.432ms
[2025-01-09T00:22:01.504+0000][186991.871s][info][gc,cpu      ] GC(6454) User=0.16s Sys=0.00s Real=0.03s
[2025-01-09T00:22:01.505+0000][186991.871s][info][gc,marking  ] GC(6454) Concurrent Mark 824.805ms
[2025-01-09T00:22:01.505+0000][186991.871s][info][gc,marking  ] GC(6454) Concurrent Rebuild Remembered Sets
[2025-01-09T00:22:02.114+0000][186992.480s][info][gc,marking  ] GC(6454) Concurrent Rebuild Remembered Sets 609.155ms
[2025-01-09T00:22:02.114+0000][186992.480s][info][gc,start    ] GC(6454) Pause Cleanup
[2025-01-09T00:22:02.114+0000][186992.480s][info][gc          ] GC(6454) Pause Cleanup 3695M->3695M(12288M) 0.457ms
[2025-01-09T00:22:02.114+0000][186992.481s][info][gc,cpu      ] GC(6454) User=0.00s Sys=0.00s Real=0.00s
[2025-01-09T00:22:02.115+0000][186992.481s][info][gc,marking  ] GC(6454) Concurrent Cleanup for Next Mark
[2025-01-09T00:22:02.130+0000][186992.497s][info][gc,marking  ] GC(6454) Concurrent Cleanup for Next Mark 15.958ms
[2025-01-09T00:22:02.131+0000][186992.497s][info][gc          ] GC(6454) Concurrent Mark Cycle 1477.724ms
[2025-01-09T00:22:09.923+0000][187000.289s][info][gc,start    ] GC(6455) Pause Young (Prepare Mixed) (G1 Evacuation Pause)
[2025-01-09T00:22:09.923+0000][187000.289s][info][gc,task     ] GC(6455) Using 6 workers of 6 for evacuation
[2025-01-09T00:22:09.961+0000][187000.327s][info][gc,phases   ] GC(6455)   Pre Evacuate Collection Set: 0.2ms
[2025-01-09T00:22:09.961+0000][187000.328s][info][gc,phases   ] GC(6455)   Merge Heap Roots: 0.7ms
[2025-01-09T00:22:09.961+0000][187000.328s][info][gc,phases   ] GC(6455)   Evacuate Collection Set: 33.0ms
[2025-01-09T00:22:09.961+0000][187000.328s][info][gc,phases   ] GC(6455)   Post Evacuate Collection Set: 4.2ms
[2025-01-09T00:22:09.961+0000][187000.328s][info][gc,phases   ] GC(6455)   Other: 0.3ms
[2025-01-09T00:22:09.961+0000][187000.328s][info][gc,heap     ] GC(6455) Eden regions: 910->0(64)
[2025-01-09T00:22:09.961+0000][187000.328s][info][gc,heap     ] GC(6455) Survivor regions: 11->12(116)
[2025-01-09T00:22:09.961+0000][187000.328s][info][gc,heap     ] GC(6455) Old regions: 232->232
[2025-01-09T00:22:09.961+0000][187000.328s][info][gc,heap     ] GC(6455) Archive regions: 2->2
[2025-01-09T00:22:09.961+0000][187000.328s][info][gc,heap     ] GC(6455) Humongous regions: 49->49
[2025-01-09T00:22:09.961+0000][187000.328s][info][gc,metaspace] GC(6455) Metaspace: 524631K(534016K)->524631K(534016K) NonClass: 460702K(465280K)->460702K(465280K) Class: 63929K(68736K)->63929K(68736K)
[2025-01-09T00:22:09.962+0000][187000.328s][info][gc          ] GC(6455) Pause Young (Prepare Mixed) (G1 Evacuation Pause) 9611M->2338M(12288M) 38.505ms
[2025-01-09T00:22:09.962+0000][187000.328s][info][gc,cpu      ] GC(6455) User=0.22s Sys=0.00s Real=0.04s
[2025-01-09T00:22:10.336+0000][187000.702s][info][gc,start    ] GC(6456) Pause Young (Mixed) (G1 Evacuation Pause)
[2025-01-09T00:22:10.336+0000][187000.702s][info][gc,task     ] GC(6456) Using 6 workers of 6 for evacuation
[2025-01-09T00:22:10.397+0000][187000.763s][info][gc,phases   ] GC(6456)   Pre Evacuate Collection Set: 0.2ms
[2025-01-09T00:22:10.397+0000][187000.763s][info][gc,phases   ] GC(6456)   Merge Heap Roots: 0.6ms
[2025-01-09T00:22:10.397+0000][187000.763s][info][gc,phases   ] GC(6456)   Evacuate Collection Set: 58.2ms
[2025-01-09T00:22:10.397+0000][187000.763s][info][gc,phases   ] GC(6456)   Post Evacuate Collection Set: 1.8ms
[2025-01-09T00:22:10.397+0000][187000.763s][info][gc,phases   ] GC(6456)   Other: 0.2ms
[2025-01-09T00:22:10.397+0000][187000.763s][info][gc,heap     ] GC(6456) Eden regions: 64->0(915)
[2025-01-09T00:22:10.397+0000][187000.763s][info][gc,heap     ] GC(6456) Survivor regions: 12->6(10)
[2025-01-09T00:22:10.397+0000][187000.763s][info][gc,heap     ] GC(6456) Old regions: 232->233
[2025-01-09T00:22:10.397+0000][187000.763s][info][gc,heap     ] GC(6456) Archive regions: 2->2
[2025-01-09T00:22:10.397+0000][187000.763s][info][gc,heap     ] GC(6456) Humongous regions: 49->49
[2025-01-09T00:22:10.397+0000][187000.763s][info][gc,metaspace] GC(6456) Metaspace: 524631K(534016K)->524631K(534016K) NonClass: 460702K(465280K)->460702K(465280K) Class: 63929K(68736K)->63929K(68736K)
[2025-01-09T00:22:10.397+0000][187000.763s][info][gc          ] GC(6456) Pause Young (Mixed) (G1 Evacuation Pause) 2850M->2300M(12288M) 61.080ms
[2025-01-09T00:22:10.397+0000][187000.763s][info][gc,cpu      ] GC(6456) User=0.36s Sys=0.00s Real=0.06s
[2025-01-09T00:22:15.034+0000][187005.400s][info][gc,start    ] GC(6457) Pause Young (Normal) (G1 Evacuation Pause)
[2025-01-09T00:22:15.034+0000][187005.400s][info][gc,task     ] GC(6457) Using 6 workers of 6 for evacuation
[2025-01-09T00:22:15.061+0000][187005.427s][info][gc,phases   ] GC(6457)   Pre Evacuate Collection Set: 0.2ms
[2025-01-09T00:22:15.061+0000][187005.427s][info][gc,phases   ] GC(6457)   Merge Heap Roots: 0.4ms
[2025-01-09T00:22:15.061+0000][187005.427s][info][gc,phases   ] GC(6457)   Evacuate Collection Set: 23.2ms
[2025-01-09T00:22:15.061+0000][187005.427s][info][gc,phases   ] GC(6457)   Post Evacuate Collection Set: 2.5ms
[2025-01-09T00:22:15.061+0000][187005.427s][info][gc,phases   ] GC(6457)   Other: 0.2ms
[2025-01-09T00:22:15.061+0000][187005.427s][info][gc,heap     ] GC(6457) Eden regions: 915->0(915)
[2025-01-09T00:22:15.061+0000][187005.427s][info][gc,heap     ] GC(6457) Survivor regions: 6->6(116)
[2025-01-09T00:22:15.061+0000][187005.427s][info][gc,heap     ] GC(6457) Old regions: 233->233
[2025-01-09T00:22:15.061+0000][187005.427s][info][gc,heap     ] GC(6457) Archive regions: 2->2
[2025-01-09T00:22:15.061+0000][187005.427s][info][gc,heap     ] GC(6457) Humongous regions: 49->49
[2025-01-09T00:22:15.061+0000][187005.427s][info][gc,metaspace] GC(6457) Metaspace: 524632K(534016K)->524632K(534016K) NonClass: 460703K(465280K)->460703K(465280K) Class: 63929K(68736K)->63929K(68736K)
[2025-01-09T00:22:15.061+0000][187005.427s][info][gc          ] GC(6457) Pause Young (Normal) (G1 Evacuation Pause) 9620M->2305M(12288M) 26.670ms
[2025-01-09T00:22:15.061+0000][187005.427s][info][gc,cpu      ] GC(6457) User=0.15s Sys=0.00s Real=0.02s
[2025-01-09T00:22:20.591+0000][187010.957s][info][gc,start    ] GC(6458) Pause Young (Normal) (G1 Evacuation Pause)
[2025-01-09T00:22:20.591+0000][187010.957s][info][gc,task     ] GC(6458) Using 6 workers of 6 for evacuation
[2025-01-09T00:22:20.615+0000][187010.981s][info][gc,phases   ] GC(6458)   Pre Evacuate Collection Set: 0.2ms
[2025-01-09T00:22:20.615+0000][187010.981s][info][gc,phases   ] GC(6458)   Merge Heap Roots: 0.4ms
[2025-01-09T00:22:20.615+0000][187010.981s][info][gc,phases   ] GC(6458)   Evacuate Collection Set: 21.2ms
[2025-01-09T00:22:20.615+0000][187010.981s][info][gc,phases   ] GC(6458)   Post Evacuate Collection Set: 2.4ms
[2025-01-09T00:22:20.615+0000][187010.981s][info][gc,phases   ] GC(6458)   Other: 0.2ms
[2025-01-09T00:22:20.615+0000][187010.981s][info][gc,heap     ] GC(6458) Eden regions: 915->0(914)
[2025-01-09T00:22:20.615+0000][187010.981s][info][gc,heap     ] GC(6458) Survivor regions: 6->7(116)
[2025-01-09T00:22:20.615+0000][187010.981s][info][gc,heap     ] GC(6458) Old regions: 233->233
[2025-01-09T00:22:20.615+0000][187010.981s][info][gc,heap     ] GC(6458) Archive regions: 2->2
[2025-01-09T00:22:20.615+0000][187010.981s][info][gc,heap     ] GC(6458) Humongous regions: 49->49
[2025-01-09T00:22:20.615+0000][187010.981s][info][gc,metaspace] GC(6458) Metaspace: 524632K(534016K)->524632K(534016K) NonClass: 460703K(465280K)->460703K(465280K) Class: 63929K(68736K)->63929K(68736K)
[2025-01-09T00:22:20.615+0000][187010.981s][info][gc          ] GC(6458) Pause Young (Normal) (G1 Evacuation Pause) 9625M->2307M(12288M) 24.448ms
[2025-01-09T00:22:20.615+0000][187010.981s][info][gc,cpu      ] GC(6458) User=0.14s Sys=0.00s Real=0.02s
[2025-01-09T00:22:31.080+0000][187021.446s][info][gc,start    ] GC(6459) Pause Young (Concurrent Start) (G1 Evacuation Pause)
[2025-01-09T00:22:31.080+0000][187021.446s][info][gc,task     ] GC(6459) Using 6 workers of 6 for evacuation
[2025-01-09T00:22:31.113+0000][187021.479s][info][gc,phases   ] GC(6459)   Pre Evacuate Collection Set: 1.2ms
[2025-01-09T00:22:31.113+0000][187021.479s][info][gc,phases   ] GC(6459)   Merge Heap Roots: 0.4ms
[2025-01-09T00:22:31.113+0000][187021.479s][info][gc,phases   ] GC(6459)   Evacuate Collection Set: 28.3ms
[2025-01-09T00:22:31.113+0000][187021.479s][info][gc,phases   ] GC(6459)   Post Evacuate Collection Set: 2.7ms
[2025-01-09T00:22:31.113+0000][187021.479s][info][gc,phases   ] GC(6459)   Other: 0.3ms
[2025-01-09T00:22:31.113+0000][187021.479s][info][gc,heap     ] GC(6459) Eden regions: 914->0(913)
[2025-01-09T00:22:31.113+0000][187021.479s][info][gc,heap     ] GC(6459) Survivor regions: 7->8(116)
[2025-01-09T00:22:31.113+0000][187021.479s][info][gc,heap     ] GC(6459) Old regions: 233->233
[2025-01-09T00:22:31.113+0000][187021.479s][info][gc,heap     ] GC(6459) Archive regions: 2->2
[2025-01-09T00:22:31.113+0000][187021.479s][info][gc,heap     ] GC(6459) Humongous regions: 49->49
[2025-01-09T00:22:31.113+0000][187021.479s][info][gc,metaspace] GC(6459) Metaspace: 524632K(534016K)->524632K(534016K) NonClass: 460703K(465280K)->460703K(465280K) Class: 63929K(68736K)->63929K(68736K)
[2025-01-09T00:22:31.113+0000][187021.479s][info][gc          ] GC(6459) Pause Young (Concurrent Start) (G1 Evacuation Pause) 9619M->2320M(12288M) 33.009ms
[2025-01-09T00:22:31.113+0000][187021.479s][info][gc,cpu      ] GC(6459) User=0.19s Sys=0.00s Real=0.04s
[2025-01-09T00:22:31.113+0000][187021.479s][info][gc          ] GC(6460) Concurrent Mark Cycle
[2025-01-09T00:22:31.113+0000][187021.479s][info][gc,marking  ] GC(6460) Concurrent Clear Claimed Marks
[2025-01-09T00:22:31.114+0000][187021.480s][info][gc,marking  ] GC(6460) Concurrent Clear Claimed Marks 1.017ms
[2025-01-09T00:22:31.114+0000][187021.480s][info][gc,marking  ] GC(6460) Concurrent Scan Root Regions
[2025-01-09T00:22:31.141+0000][187021.507s][info][gc,marking  ] GC(6460) Concurrent Scan Root Regions 26.421ms
[2025-01-09T00:22:31.141+0000][187021.507s][info][gc,marking  ] GC(6460) Concurrent Mark
[2025-01-09T00:22:31.141+0000][187021.507s][info][gc,marking  ] GC(6460) Concurrent Mark From Roots
[2025-01-09T00:22:31.141+0000][187021.507s][info][gc,task     ] GC(6460) Using 2 workers of 2 for marking
[2025-01-09T00:22:32.006+0000][187022.372s][info][gc,marking  ] GC(6460) Concurrent Mark From Roots 865.219ms
[2025-01-09T00:22:32.006+0000][187022.372s][info][gc,marking  ] GC(6460) Concurrent Preclean
[2025-01-09T00:22:32.010+0000][187022.376s][info][gc,marking  ] GC(6460) Concurrent Preclean 3.648ms
[2025-01-09T00:22:32.010+0000][187022.376s][info][gc,start    ] GC(6460) Pause Remark
[2025-01-09T00:22:32.036+0000][187022.402s][info][gc          ] GC(6460) Pause Remark 2928M->2928M(12288M) 26.277ms
[2025-01-09T00:22:32.036+0000][187022.402s][info][gc,cpu      ] GC(6460) User=0.14s Sys=0.00s Real=0.02s
[2025-01-09T00:22:32.036+0000][187022.402s][info][gc,marking  ] GC(6460) Concurrent Mark 895.520ms
[2025-01-09T00:22:32.036+0000][187022.402s][info][gc,marking  ] GC(6460) Concurrent Rebuild Remembered Sets
[2025-01-09T00:22:32.545+0000][187022.911s][info][gc,marking  ] GC(6460) Concurrent Rebuild Remembered Sets 508.349ms
[2025-01-09T00:22:32.545+0000][187022.911s][info][gc,start    ] GC(6460) Pause Cleanup
[2025-01-09T00:22:32.545+0000][187022.911s][info][gc          ] GC(6460) Pause Cleanup 3308M->3308M(12288M) 0.411ms
[2025-01-09T00:22:32.545+0000][187022.911s][info][gc,cpu      ] GC(6460) User=0.00s Sys=0.00s Real=0.00s
[2025-01-09T00:22:32.545+0000][187022.911s][info][gc,marking  ] GC(6460) Concurrent Cleanup for Next Mark
[2025-01-09T00:22:32.562+0000][187022.928s][info][gc,marking  ] GC(6460) Concurrent Cleanup for Next Mark 16.255ms
[2025-01-09T00:22:32.562+0000][187022.928s][info][gc          ] GC(6460) Concurrent Mark Cycle 1448.391ms
[2025-01-09T00:22:40.812+0000][187031.178s][info][gc,start    ] GC(6461) Pause Young (Prepare Mixed) (G1 Evacuation Pause)
[2025-01-09T00:22:40.812+0000][187031.178s][info][gc,task     ] GC(6461) Using 6 workers of 6 for evacuation
[2025-01-09T00:22:40.851+0000][187031.217s][info][gc,phases   ] GC(6461)   Pre Evacuate Collection Set: 0.2ms
[2025-01-09T00:22:40.851+0000][187031.217s][info][gc,phases   ] GC(6461)   Merge Heap Roots: 0.7ms
[2025-01-09T00:22:40.851+0000][187031.217s][info][gc,phases   ] GC(6461)   Evacuate Collection Set: 35.0ms
[2025-01-09T00:22:40.851+0000][187031.217s][info][gc,phases   ] GC(6461)   Post Evacuate Collection Set: 2.9ms
[2025-01-09T00:22:40.851+0000][187031.217s][info][gc,phases   ] GC(6461)   Other: 0.2ms
[2025-01-09T00:22:40.851+0000][187031.217s][info][gc,heap     ] GC(6461) Eden regions: 913->0(66)
[2025-01-09T00:22:40.851+0000][187031.217s][info][gc,heap     ] GC(6461) Survivor regions: 8->10(116)
[2025-01-09T00:22:40.851+0000][187031.217s][info][gc,heap     ] GC(6461) Old regions: 233->233
[2025-01-09T00:22:40.851+0000][187031.217s][info][gc,heap     ] GC(6461) Archive regions: 2->2
[2025-01-09T00:22:40.851+0000][187031.217s][info][gc,heap     ] GC(6461) Humongous regions: 49->49
[2025-01-09T00:22:40.851+0000][187031.217s][info][gc,metaspace] GC(6461) Metaspace: 524632K(534016K)->524632K(534016K) NonClass: 460703K(465280K)->460703K(465280K) Class: 63929K(68736K)->63929K(68736K)
[2025-01-09T00:22:40.851+0000][187031.217s][info][gc          ] GC(6461) Pause Young (Prepare Mixed) (G1 Evacuation Pause) 9624M->2333M(12288M) 39.070ms
[2025-01-09T00:22:40.851+0000][187031.217s][info][gc,cpu      ] GC(6461) User=0.23s Sys=0.00s Real=0.04s
[2025-01-09T00:22:41.288+0000][187031.654s][info][gc,start    ] GC(6462) Pause Young (Mixed) (G1 Evacuation Pause)
[2025-01-09T00:22:41.288+0000][187031.654s][info][gc,task     ] GC(6462) Using 6 workers of 6 for evacuation
[2025-01-09T00:22:41.365+0000][187031.731s][info][gc,phases   ] GC(6462)   Pre Evacuate Collection Set: 0.2ms
[2025-01-09T00:22:41.365+0000][187031.731s][info][gc,phases   ] GC(6462)   Merge Heap Roots: 0.9ms
[2025-01-09T00:22:41.365+0000][187031.731s][info][gc,phases   ] GC(6462)   Evacuate Collection Set: 73.5ms
[2025-01-09T00:22:41.365+0000][187031.731s][info][gc,phases   ] GC(6462)   Post Evacuate Collection Set: 2.3ms
[2025-01-09T00:22:41.365+0000][187031.731s][info][gc,phases   ] GC(6462)   Other: 0.2ms
[2025-01-09T00:22:41.365+0000][187031.731s][info][gc,heap     ] GC(6462) Eden regions: 66->0(916)
[2025-01-09T00:22:41.365+0000][187031.731s][info][gc,heap     ] GC(6462) Survivor regions: 10->5(10)
[2025-01-09T00:22:41.365+0000][187031.731s][info][gc,heap     ] GC(6462) Old regions: 233->233
[2025-01-09T00:22:41.365+0000][187031.731s][info][gc,heap     ] GC(6462) Archive regions: 2->2
[2025-01-09T00:22:41.365+0000][187031.731s][info][gc,heap     ] GC(6462) Humongous regions: 49->49
[2025-01-09T00:22:41.365+0000][187031.731s][info][gc,metaspace] GC(6462) Metaspace: 524632K(534016K)->524632K(534016K) NonClass: 460703K(465280K)->460703K(465280K) Class: 63929K(68736K)->63929K(68736K)
[2025-01-09T00:22:41.365+0000][187031.731s][info][gc          ] GC(6462) Pause Young (Mixed) (G1 Evacuation Pause) 2861M->2296M(12288M) 77.113ms
[2025-01-09T00:22:41.365+0000][187031.731s][info][gc,cpu      ] GC(6462) User=0.43s Sys=0.00s Real=0.08s
[2025-01-09T00:22:48.734+0000][187039.100s][info][gc,start    ] GC(6463) Pause Young (Normal) (G1 Evacuation Pause)
[2025-01-09T00:22:48.734+0000][187039.100s][info][gc,task     ] GC(6463) Using 6 workers of 6 for evacuation
[2025-01-09T00:22:48.758+0000][187039.124s][info][gc,phases   ] GC(6463)   Pre Evacuate Collection Set: 0.2ms
[2025-01-09T00:22:48.758+0000][187039.124s][info][gc,phases   ] GC(6463)   Merge Heap Roots: 0.5ms
[2025-01-09T00:22:48.758+0000][187039.124s][info][gc,phases   ] GC(6463)   Evacuate Collection Set: 21.1ms
[2025-01-09T00:22:48.758+0000][187039.124s][info][gc,phases   ] GC(6463)   Post Evacuate Collection Set: 2.4ms
[2025-01-09T00:22:48.758+0000][187039.124s][info][gc,phases   ] GC(6463)   Other: 0.2ms
[2025-01-09T00:22:48.758+0000][187039.125s][info][gc,heap     ] GC(6463) Eden regions: 916->0(915)
[2025-01-09T00:22:48.758+0000][187039.125s][info][gc,heap     ] GC(6463) Survivor regions: 5->6(116)
[2025-01-09T00:22:48.758+0000][187039.125s][info][gc,heap     ] GC(6463) Old regions: 233->233
[2025-01-09T00:22:48.758+0000][187039.125s][info][gc,heap     ] GC(6463) Archive regions: 2->2
[2025-01-09T00:22:48.758+0000][187039.125s][info][gc,heap     ] GC(6463) Humongous regions: 49->49
[2025-01-09T00:22:48.758+0000][187039.125s][info][gc,metaspace] GC(6463) Metaspace: 524632K(534016K)->524632K(534016K) NonClass: 460703K(465280K)->460703K(465280K) Class: 63929K(68736K)->63929K(68736K)
[2025-01-09T00:22:48.758+0000][187039.125s][info][gc          ] GC(6463) Pause Young (Normal) (G1 Evacuation Pause) 9624M->2300M(12288M) 24.482ms
[2025-01-09T00:22:48.758+0000][187039.125s][info][gc,cpu      ] GC(6463) User=0.14s Sys=0.00s Real=0.02s
[2025-01-09T00:22:54.136+0000][187044.502s][info][gc,start    ] GC(6464) Pause Young (Normal) (G1 Evacuation Pause)
[2025-01-09T00:22:54.136+0000][187044.502s][info][gc,task     ] GC(6464) Using 6 workers of 6 for evacuation
[2025-01-09T00:22:54.164+0000][187044.530s][info][gc,phases   ] GC(6464)   Pre Evacuate Collection Set: 0.2ms
[2025-01-09T00:22:54.164+0000][187044.530s][info][gc,phases   ] GC(6464)   Merge Heap Roots: 0.4ms
[2025-01-09T00:22:54.164+0000][187044.530s][info][gc,phases   ] GC(6464)   Evacuate Collection Set: 21.9ms
[2025-01-09T00:22:54.164+0000][187044.530s][info][gc,phases   ] GC(6464)   Post Evacuate Collection Set: 5.2ms
[2025-01-09T00:22:54.164+0000][187044.530s][info][gc,phases   ] GC(6464)   Other: 0.2ms
[2025-01-09T00:22:54.164+0000][187044.530s][info][gc,heap     ] GC(6464) Eden regions: 915->0(913)
[2025-01-09T00:22:54.164+0000][187044.530s][info][gc,heap     ] GC(6464) Survivor regions: 6->8(116)
[2025-01-09T00:22:54.164+0000][187044.530s][info][gc,heap     ] GC(6464) Old regions: 233->233
[2025-01-09T00:22:54.164+0000][187044.530s][info][gc,heap     ] GC(6464) Archive regions: 2->2
[2025-01-09T00:22:54.164+0000][187044.530s][info][gc,heap     ] GC(6464) Humongous regions: 49->49
[2025-01-09T00:22:54.164+0000][187044.530s][info][gc,metaspace] GC(6464) Metaspace: 524632K(534016K)->524632K(534016K) NonClass: 460703K(465280K)->460703K(465280K) Class: 63929K(68736K)->63929K(68736K)
[2025-01-09T00:22:54.164+0000][187044.530s][info][gc          ] GC(6464) Pause Young (Normal) (G1 Evacuation Pause) 9620M->2315M(12288M) 28.002ms
[2025-01-09T00:22:54.164+0000][187044.530s][info][gc,cpu      ] GC(6464) User=0.17s Sys=0.00s Real=0.03s
[2025-01-09T00:23:02.084+0000][187052.450s][info][gc,start    ] GC(6465) Pause Young (Concurrent Start) (G1 Evacuation Pause)
[2025-01-09T00:23:02.084+0000][187052.450s][info][gc,task     ] GC(6465) Using 6 workers of 6 for evacuation
[2025-01-09T00:23:02.118+0000][187052.484s][info][gc,phases   ] GC(6465)   Pre Evacuate Collection Set: 1.1ms
[2025-01-09T00:23:02.118+0000][187052.484s][info][gc,phases   ] GC(6465)   Merge Heap Roots: 0.5ms
[2025-01-09T00:23:02.118+0000][187052.484s][info][gc,phases   ] GC(6465)   Evacuate Collection Set: 29.6ms
[2025-01-09T00:23:02.118+0000][187052.484s][info][gc,phases   ] GC(6465)   Post Evacuate Collection Set: 2.6ms
[2025-01-09T00:23:02.118+0000][187052.484s][info][gc,phases   ] GC(6465)   Other: 0.3ms
[2025-01-09T00:23:02.118+0000][187052.484s][info][gc,heap     ] GC(6465) Eden regions: 913->0(913)
[2025-01-09T00:23:02.118+0000][187052.484s][info][gc,heap     ] GC(6465) Survivor regions: 8->8(116)
[2025-01-09T00:23:02.118+0000][187052.484s][info][gc,heap     ] GC(6465) Old regions: 233->233
[2025-01-09T00:23:02.118+0000][187052.484s][info][gc,heap     ] GC(6465) Archive regions: 2->2
[2025-01-09T00:23:02.118+0000][187052.484s][info][gc,heap     ] GC(6465) Humongous regions: 49->49
[2025-01-09T00:23:02.118+0000][187052.484s][info][gc,metaspace] GC(6465) Metaspace: 524632K(534016K)->524632K(534016K) NonClass: 460703K(465280K)->460703K(465280K) Class: 63929K(68736K)->63929K(68736K)
[2025-01-09T00:23:02.118+0000][187052.484s][info][gc          ] GC(6465) Pause Young (Concurrent Start) (G1 Evacuation Pause) 9619M->2320M(12288M) 34.134ms
[2025-01-09T00:23:02.118+0000][187052.484s][info][gc,cpu      ] GC(6465) User=0.19s Sys=0.00s Real=0.03s
[2025-01-09T00:23:02.118+0000][187052.484s][info][gc          ] GC(6466) Concurrent Mark Cycle
[2025-01-09T00:23:02.118+0000][187052.484s][info][gc,marking  ] GC(6466) Concurrent Clear Claimed Marks
[2025-01-09T00:23:02.119+0000][187052.485s][info][gc,marking  ] GC(6466) Concurrent Clear Claimed Marks 0.967ms
[2025-01-09T00:23:02.119+0000][187052.485s][info][gc,marking  ] GC(6466) Concurrent Scan Root Regions
[2025-01-09T00:23:02.147+0000][187052.513s][info][gc,marking  ] GC(6466) Concurrent Scan Root Regions 27.572ms
[2025-01-09T00:23:02.147+0000][187052.513s][info][gc,marking  ] GC(6466) Concurrent Mark
[2025-01-09T00:23:02.147+0000][187052.513s][info][gc,marking  ] GC(6466) Concurrent Mark From Roots
[2025-01-09T00:23:02.147+0000][187052.513s][info][gc,task     ] GC(6466) Using 2 workers of 2 for marking
[2025-01-09T00:23:03.120+0000][187053.487s][info][gc,marking  ] GC(6466) Concurrent Mark From Roots 973.593ms
[2025-01-09T00:23:03.120+0000][187053.487s][info][gc,marking  ] GC(6466) Concurrent Preclean
[2025-01-09T00:23:03.123+0000][187053.489s][info][gc,marking  ] GC(6466) Concurrent Preclean 2.588ms
[2025-01-09T00:23:03.123+0000][187053.489s][info][gc,start    ] GC(6466) Pause Remark
[2025-01-09T00:23:03.149+0000][187053.515s][info][gc          ] GC(6466) Pause Remark 3212M->3212M(12288M) 26.169ms
[2025-01-09T00:23:03.149+0000][187053.516s][info][gc,cpu      ] GC(6466) User=0.15s Sys=0.00s Real=0.03s
[2025-01-09T00:23:03.150+0000][187053.516s][info][gc,marking  ] GC(6466) Concurrent Mark 1002.706ms
[2025-01-09T00:23:03.150+0000][187053.516s][info][gc,marking  ] GC(6466) Concurrent Rebuild Remembered Sets
[2025-01-09T00:23:03.646+0000][187054.012s][info][gc,marking  ] GC(6466) Concurrent Rebuild Remembered Sets 496.641ms
[2025-01-09T00:23:03.646+0000][187054.012s][info][gc,start    ] GC(6466) Pause Cleanup
[2025-01-09T00:23:03.647+0000][187054.013s][info][gc          ] GC(6466) Pause Cleanup 3252M->3252M(12288M) 0.416ms
[2025-01-09T00:23:03.647+0000][187054.013s][info][gc,cpu      ] GC(6466) User=0.00s Sys=0.00s Real=0.00s
[2025-01-09T00:23:03.647+0000][187054.013s][info][gc,marking  ] GC(6466) Concurrent Cleanup for Next Mark
[2025-01-09T00:23:03.662+0000][187054.028s][info][gc,marking  ] GC(6466) Concurrent Cleanup for Next Mark 15.416ms
[2025-01-09T00:23:03.662+0000][187054.028s][info][gc          ] GC(6466) Concurrent Mark Cycle 1544.074ms
[2025-01-09T00:23:09.523+0000][187059.889s][info][gc,start    ] GC(6467) Pause Young (Prepare Mixed) (G1 Evacuation Pause)
[2025-01-09T00:23:09.523+0000][187059.889s][info][gc,task     ] GC(6467) Using 6 workers of 6 for evacuation
[2025-01-09T00:23:09.558+0000][187059.924s][info][gc,phases   ] GC(6467)   Pre Evacuate Collection Set: 0.2ms
[2025-01-09T00:23:09.558+0000][187059.924s][info][gc,phases   ] GC(6467)   Merge Heap Roots: 0.7ms
[2025-01-09T00:23:09.558+0000][187059.924s][info][gc,phases   ] GC(6467)   Evacuate Collection Set: 29.5ms
[2025-01-09T00:23:09.558+0000][187059.924s][info][gc,phases   ] GC(6467)   Post Evacuate Collection Set: 4.1ms
[2025-01-09T00:23:09.558+0000][187059.924s][info][gc,phases   ] GC(6467)   Other: 0.2ms
[2025-01-09T00:23:09.558+0000][187059.924s][info][gc,heap     ] GC(6467) Eden regions: 913->0(67)
[2025-01-09T00:23:09.558+0000][187059.924s][info][gc,heap     ] GC(6467) Survivor regions: 8->9(116)
[2025-01-09T00:23:09.558+0000][187059.924s][info][gc,heap     ] GC(6467) Old regions: 233->233
[2025-01-09T00:23:09.558+0000][187059.924s][info][gc,heap     ] GC(6467) Archive regions: 2->2
[2025-01-09T00:23:09.558+0000][187059.924s][info][gc,heap     ] GC(6467) Humongous regions: 49->49
[2025-01-09T00:23:09.558+0000][187059.924s][info][gc,metaspace] GC(6467) Metaspace: 524632K(534016K)->524632K(534016K) NonClass: 460703K(465280K)->460703K(465280K) Class: 63929K(68736K)->63929K(68736K)
[2025-01-09T00:23:09.558+0000][187059.924s][info][gc          ] GC(6467) Pause Young (Prepare Mixed) (G1 Evacuation Pause) 9624M->2325M(12288M) 34.730ms
[2025-01-09T00:23:09.558+0000][187059.924s][info][gc,cpu      ] GC(6467) User=0.20s Sys=0.00s Real=0.03s
[2025-01-09T00:23:09.935+0000][187060.301s][info][gc,start    ] GC(6468) Pause Young (Mixed) (G1 Evacuation Pause)
[2025-01-09T00:23:09.935+0000][187060.301s][info][gc,task     ] GC(6468) Using 6 workers of 6 for evacuation
[2025-01-09T00:23:09.979+0000][187060.345s][info][gc,phases   ] GC(6468)   Pre Evacuate Collection Set: 0.2ms
[2025-01-09T00:23:09.979+0000][187060.345s][info][gc,phases   ] GC(6468)   Merge Heap Roots: 0.5ms
[2025-01-09T00:23:09.979+0000][187060.345s][info][gc,phases   ] GC(6468)   Evacuate Collection Set: 41.9ms
[2025-01-09T00:23:09.979+0000][187060.345s][info][gc,phases   ] GC(6468)   Post Evacuate Collection Set: 1.6ms
[2025-01-09T00:23:09.979+0000][187060.345s][info][gc,phases   ] GC(6468)   Other: 0.2ms
[2025-01-09T00:23:09.979+0000][187060.345s][info][gc,heap     ] GC(6468) Eden regions: 67->0(916)
[2025-01-09T00:23:09.979+0000][187060.345s][info][gc,heap     ] GC(6468) Survivor regions: 9->5(10)
[2025-01-09T00:23:09.979+0000][187060.345s][info][gc,heap     ] GC(6468) Old regions: 233->230
[2025-01-09T00:23:09.979+0000][187060.345s][info][gc,heap     ] GC(6468) Archive regions: 2->2
[2025-01-09T00:23:09.979+0000][187060.345s][info][gc,heap     ] GC(6468) Humongous regions: 49->49
[2025-01-09T00:23:09.979+0000][187060.345s][info][gc,metaspace] GC(6468) Metaspace: 524632K(534016K)->524632K(534016K) NonClass: 460703K(465280K)->460703K(465280K) Class: 63929K(68736K)->63929K(68736K)
[2025-01-09T00:23:09.979+0000][187060.345s][info][gc          ] GC(6468) Pause Young (Mixed) (G1 Evacuation Pause) 2861M->2273M(12288M) 44.448ms
[2025-01-09T00:23:09.979+0000][187060.345s][info][gc,cpu      ] GC(6468) User=0.26s Sys=0.00s Real=0.04s
[2025-01-09T00:23:15.409+0000][187065.775s][info][gc,start    ] GC(6469) Pause Young (Normal) (G1 Evacuation Pause)
[2025-01-09T00:23:15.409+0000][187065.775s][info][gc,task     ] GC(6469) Using 6 workers of 6 for evacuation
[2025-01-09T00:23:15.433+0000][187065.799s][info][gc,phases   ] GC(6469)   Pre Evacuate Collection Set: 0.2ms
[2025-01-09T00:23:15.433+0000][187065.799s][info][gc,phases   ] GC(6469)   Merge Heap Roots: 0.5ms
[2025-01-09T00:23:15.433+0000][187065.799s][info][gc,phases   ] GC(6469)   Evacuate Collection Set: 21.2ms
[2025-01-09T00:23:15.433+0000][187065.799s][info][gc,phases   ] GC(6469)   Post Evacuate Collection Set: 2.5ms
[2025-01-09T00:23:15.433+0000][187065.799s][info][gc,phases   ] GC(6469)   Other: 0.2ms
[2025-01-09T00:23:15.433+0000][187065.799s][info][gc,heap     ] GC(6469) Eden regions: 916->0(915)
[2025-01-09T00:23:15.433+0000][187065.799s][info][gc,heap     ] GC(6469) Survivor regions: 5->6(116)
[2025-01-09T00:23:15.433+0000][187065.799s][info][gc,heap     ] GC(6469) Old regions: 230->230
[2025-01-09T00:23:15.433+0000][187065.799s][info][gc,heap     ] GC(6469) Archive regions: 2->2
[2025-01-09T00:23:15.433+0000][187065.799s][info][gc,heap     ] GC(6469) Humongous regions: 49->49
[2025-01-09T00:23:15.433+0000][187065.799s][info][gc,metaspace] GC(6469) Metaspace: 524632K(534016K)->524632K(534016K) NonClass: 460703K(465280K)->460703K(465280K) Class: 63929K(68736K)->63929K(68736K)
[2025-01-09T00:23:15.433+0000][187065.799s][info][gc          ] GC(6469) Pause Young (Normal) (G1 Evacuation Pause) 9601M->2278M(12288M) 24.603ms
[2025-01-09T00:23:15.433+0000][187065.799s][info][gc,cpu      ] GC(6469) User=0.14s Sys=0.00s Real=0.03s
[2025-01-09T00:23:24.443+0000][187074.809s][info][gc,start    ] GC(6470) Pause Young (Normal) (G1 Evacuation Pause)
[2025-01-09T00:23:24.443+0000][187074.809s][info][gc,task     ] GC(6470) Using 6 workers of 6 for evacuation
[2025-01-09T00:23:24.471+0000][187074.837s][info][gc,phases   ] GC(6470)   Pre Evacuate Collection Set: 0.2ms
[2025-01-09T00:23:24.471+0000][187074.837s][info][gc,phases   ] GC(6470)   Merge Heap Roots: 0.4ms
[2025-01-09T00:23:24.471+0000][187074.837s][info][gc,phases   ] GC(6470)   Evacuate Collection Set: 24.4ms
[2025-01-09T00:23:24.471+0000][187074.837s][info][gc,phases   ] GC(6470)   Post Evacuate Collection Set: 2.6ms
[2025-01-09T00:23:24.471+0000][187074.837s][info][gc,phases   ] GC(6470)   Other: 0.2ms
[2025-01-09T00:23:24.471+0000][187074.837s][info][gc,heap     ] GC(6470) Eden regions: 915->0(914)
[2025-01-09T00:23:24.471+0000][187074.837s][info][gc,heap     ] GC(6470) Survivor regions: 6->7(116)
[2025-01-09T00:23:24.471+0000][187074.837s][info][gc,heap     ] GC(6470) Old regions: 230->230
[2025-01-09T00:23:24.471+0000][187074.837s][info][gc,heap     ] GC(6470) Archive regions: 2->2
[2025-01-09T00:23:24.471+0000][187074.837s][info][gc,heap     ] GC(6470) Humongous regions: 49->49
[2025-01-09T00:23:24.471+0000][187074.837s][info][gc,metaspace] GC(6470) Metaspace: 524632K(534016K)->524632K(534016K) NonClass: 460703K(465280K)->460703K(465280K) Class: 63929K(68736K)->63929K(68736K)
[2025-01-09T00:23:24.471+0000][187074.837s][info][gc          ] GC(6470) Pause Young (Normal) (G1 Evacuation Pause) 9598M->2286M(12288M) 27.963ms
[2025-01-09T00:23:24.471+0000][187074.837s][info][gc,cpu      ] GC(6470) User=0.16s Sys=0.00s Real=0.03s
[2025-01-09T00:23:32.097+0000][187082.463s][info][gc,start    ] GC(6471) Pause Young (Concurrent Start) (G1 Evacuation Pause)
[2025-01-09T00:23:32.097+0000][187082.463s][info][gc,task     ] GC(6471) Using 6 workers of 6 for evacuation
[2025-01-09T00:23:32.129+0000][187082.495s][info][gc,phases   ] GC(6471)   Pre Evacuate Collection Set: 1.1ms
[2025-01-09T00:23:32.129+0000][187082.495s][info][gc,phases   ] GC(6471)   Merge Heap Roots: 0.4ms
[2025-01-09T00:23:32.129+0000][187082.495s][info][gc,phases   ] GC(6471)   Evacuate Collection Set: 27.4ms
[2025-01-09T00:23:32.129+0000][187082.495s][info][gc,phases   ] GC(6471)   Post Evacuate Collection Set: 2.5ms
[2025-01-09T00:23:32.129+0000][187082.495s][info][gc,phases   ] GC(6471)   Other: 0.3ms
[2025-01-09T00:23:32.129+0000][187082.495s][info][gc,heap     ] GC(6471) Eden regions: 914->0(914)
[2025-01-09T00:23:32.129+0000][187082.495s][info][gc,heap     ] GC(6471) Survivor regions: 7->7(116)
[2025-01-09T00:23:32.129+0000][187082.495s][info][gc,heap     ] GC(6471) Old regions: 230->230
[2025-01-09T00:23:32.129+0000][187082.495s][info][gc,heap     ] GC(6471) Archive regions: 2->2
[2025-01-09T00:23:32.129+0000][187082.495s][info][gc,heap     ] GC(6471) Humongous regions: 49->49
[2025-01-09T00:23:32.129+0000][187082.495s][info][gc,metaspace] GC(6471) Metaspace: 524632K(534016K)->524632K(534016K) NonClass: 460703K(465280K)->460703K(465280K) Class: 63929K(68736K)->63929K(68736K)
[2025-01-09T00:23:32.129+0000][187082.495s][info][gc          ] GC(6471) Pause Young (Concurrent Start) (G1 Evacuation Pause) 9598M->2293M(12288M) 31.837ms
[2025-01-09T00:23:32.129+0000][187082.495s][info][gc,cpu      ] GC(6471) User=0.18s Sys=0.00s Real=0.03s
[2025-01-09T00:23:32.129+0000][187082.495s][info][gc          ] GC(6472) Concurrent Mark Cycle
[2025-01-09T00:23:32.129+0000][187082.495s][info][gc,marking  ] GC(6472) Concurrent Clear Claimed Marks
[2025-01-09T00:23:32.130+0000][187082.496s][info][gc,marking  ] GC(6472) Concurrent Clear Claimed Marks 0.967ms
[2025-01-09T00:23:32.130+0000][187082.496s][info][gc,marking  ] GC(6472) Concurrent Scan Root Regions
[2025-01-09T00:23:32.154+0000][187082.520s][info][gc,marking  ] GC(6472) Concurrent Scan Root Regions 23.778ms
[2025-01-09T00:23:32.154+0000][187082.520s][info][gc,marking  ] GC(6472) Concurrent Mark
[2025-01-09T00:23:32.154+0000][187082.520s][info][gc,marking  ] GC(6472) Concurrent Mark From Roots
[2025-01-09T00:23:32.154+0000][187082.520s][info][gc,task     ] GC(6472) Using 2 workers of 2 for marking
[2025-01-09T00:23:33.121+0000][187083.487s][info][gc,marking  ] GC(6472) Concurrent Mark From Roots 966.842ms
[2025-01-09T00:23:33.121+0000][187083.487s][info][gc,marking  ] GC(6472) Concurrent Preclean
[2025-01-09T00:23:33.124+0000][187083.490s][info][gc,marking  ] GC(6472) Concurrent Preclean 3.475ms
[2025-01-09T00:23:33.124+0000][187083.490s][info][gc,start    ] GC(6472) Pause Remark
[2025-01-09T00:23:33.150+0000][187083.516s][info][gc          ] GC(6472) Pause Remark 3733M->3733M(12288M) 25.536ms
[2025-01-09T00:23:33.150+0000][187083.516s][info][gc,cpu      ] GC(6472) User=0.14s Sys=0.00s Real=0.03s
[2025-01-09T00:23:33.151+0000][187083.517s][info][gc,marking  ] GC(6472) Concurrent Mark 997.106ms
[2025-01-09T00:23:33.151+0000][187083.517s][info][gc,marking  ] GC(6472) Concurrent Rebuild Remembered Sets
[2025-01-09T00:23:33.794+0000][187084.160s][info][gc,marking  ] GC(6472) Concurrent Rebuild Remembered Sets 642.713ms
[2025-01-09T00:23:33.794+0000][187084.160s][info][gc,start    ] GC(6472) Pause Cleanup
[2025-01-09T00:23:33.794+0000][187084.160s][info][gc          ] GC(6472) Pause Cleanup 4693M->4693M(12288M) 0.456ms
[2025-01-09T00:23:33.794+0000][187084.160s][info][gc,cpu      ] GC(6472) User=0.00s Sys=0.00s Real=0.00s
[2025-01-09T00:23:33.794+0000][187084.160s][info][gc,marking  ] GC(6472) Concurrent Cleanup for Next Mark
[2025-01-09T00:23:33.822+0000][187084.189s][info][gc,marking  ] GC(6472) Concurrent Cleanup for Next Mark 28.087ms
[2025-01-09T00:23:33.822+0000][187084.189s][info][gc          ] GC(6472) Concurrent Mark Cycle 1693.519ms
[2025-01-09T00:23:36.823+0000][187087.189s][info][gc,start    ] GC(6473) Pause Young (Prepare Mixed) (G1 Evacuation Pause)
[2025-01-09T00:23:36.823+0000][187087.190s][info][gc,task     ] GC(6473) Using 6 workers of 6 for evacuation
[2025-01-09T00:23:36.856+0000][187087.222s][info][gc,phases   ] GC(6473)   Pre Evacuate Collection Set: 0.2ms
[2025-01-09T00:23:36.856+0000][187087.222s][info][gc,phases   ] GC(6473)   Merge Heap Roots: 0.7ms
[2025-01-09T00:23:36.856+0000][187087.222s][info][gc,phases   ] GC(6473)   Evacuate Collection Set: 28.8ms
[2025-01-09T00:23:36.856+0000][187087.222s][info][gc,phases   ] GC(6473)   Post Evacuate Collection Set: 2.5ms
[2025-01-09T00:23:36.856+0000][187087.222s][info][gc,phases   ] GC(6473)   Other: 0.2ms
[2025-01-09T00:23:36.856+0000][187087.222s][info][gc,heap     ] GC(6473) Eden regions: 914->0(68)
[2025-01-09T00:23:36.856+0000][187087.222s][info][gc,heap     ] GC(6473) Survivor regions: 7->8(116)
[2025-01-09T00:23:36.856+0000][187087.222s][info][gc,heap     ] GC(6473) Old regions: 230->230
[2025-01-09T00:23:36.856+0000][187087.222s][info][gc,heap     ] GC(6473) Archive regions: 2->2
[2025-01-09T00:23:36.856+0000][187087.222s][info][gc,heap     ] GC(6473) Humongous regions: 49->49
[2025-01-09T00:23:36.856+0000][187087.222s][info][gc,metaspace] GC(6473) Metaspace: 524632K(534016K)->524632K(534016K) NonClass: 460703K(465280K)->460703K(465280K) Class: 63929K(68736K)->63929K(68736K)
[2025-01-09T00:23:36.856+0000][187087.222s][info][gc          ] GC(6473) Pause Young (Prepare Mixed) (G1 Evacuation Pause) 9605M->2300M(12288M) 32.471ms
[2025-01-09T00:23:36.856+0000][187087.222s][info][gc,cpu      ] GC(6473) User=0.18s Sys=0.01s Real=0.03s
[2025-01-09T00:23:37.230+0000][187087.596s][info][gc,start    ] GC(6474) Pause Young (Mixed) (G1 Evacuation Pause)
[2025-01-09T00:23:37.230+0000][187087.596s][info][gc,task     ] GC(6474) Using 6 workers of 6 for evacuation
[2025-01-09T00:23:37.286+0000][187087.652s][info][gc,phases   ] GC(6474)   Pre Evacuate Collection Set: 0.2ms
[2025-01-09T00:23:37.286+0000][187087.652s][info][gc,phases   ] GC(6474)   Merge Heap Roots: 0.7ms
[2025-01-09T00:23:37.286+0000][187087.652s][info][gc,phases   ] GC(6474)   Evacuate Collection Set: 53.9ms
[2025-01-09T00:23:37.286+0000][187087.652s][info][gc,phases   ] GC(6474)   Post Evacuate Collection Set: 1.6ms
[2025-01-09T00:23:37.286+0000][187087.652s][info][gc,phases   ] GC(6474)   Other: 0.2ms
[2025-01-09T00:23:37.286+0000][187087.652s][info][gc,heap     ] GC(6474) Eden regions: 68->0(915)
[2025-01-09T00:23:37.286+0000][187087.652s][info][gc,heap     ] GC(6474) Survivor regions: 8->6(10)
[2025-01-09T00:23:37.286+0000][187087.652s][info][gc,heap     ] GC(6474) Old regions: 230->229
[2025-01-09T00:23:37.286+0000][187087.652s][info][gc,heap     ] GC(6474) Archive regions: 2->2
[2025-01-09T00:23:37.286+0000][187087.652s][info][gc,heap     ] GC(6474) Humongous regions: 49->49
[2025-01-09T00:23:37.286+0000][187087.652s][info][gc,metaspace] GC(6474) Metaspace: 524632K(534016K)->524632K(534016K) NonClass: 460703K(465280K)->460703K(465280K) Class: 63929K(68736K)->63929K(68736K)
[2025-01-09T00:23:37.286+0000][187087.652s][info][gc          ] GC(6474) Pause Young (Mixed) (G1 Evacuation Pause) 2844M->2268M(12288M) 56.651ms
[2025-01-09T00:23:37.286+0000][187087.652s][info][gc,cpu      ] GC(6474) User=0.34s Sys=0.00s Real=0.05s
[2025-01-09T00:23:42.794+0000][187093.161s][info][gc,start    ] GC(6475) Pause Young (Normal) (G1 Evacuation Pause)
[2025-01-09T00:23:42.794+0000][187093.161s][info][gc,task     ] GC(6475) Using 6 workers of 6 for evacuation
[2025-01-09T00:23:42.821+0000][187093.187s][info][gc,phases   ] GC(6475)   Pre Evacuate Collection Set: 0.2ms
[2025-01-09T00:23:42.821+0000][187093.187s][info][gc,phases   ] GC(6475)   Merge Heap Roots: 0.5ms
[2025-01-09T00:23:42.821+0000][187093.187s][info][gc,phases   ] GC(6475)   Evacuate Collection Set: 23.0ms
[2025-01-09T00:23:42.821+0000][187093.187s][info][gc,phases   ] GC(6475)   Post Evacuate Collection Set: 2.3ms
[2025-01-09T00:23:42.821+0000][187093.187s][info][gc,phases   ] GC(6475)   Other: 0.2ms
[2025-01-09T00:23:42.821+0000][187093.187s][info][gc,heap     ] GC(6475) Eden regions: 915->0(916)
[2025-01-09T00:23:42.821+0000][187093.187s][info][gc,heap     ] GC(6475) Survivor regions: 6->5(116)
[2025-01-09T00:23:42.821+0000][187093.187s][info][gc,heap     ] GC(6475) Old regions: 229->229
[2025-01-09T00:23:42.821+0000][187093.187s][info][gc,heap     ] GC(6475) Archive regions: 2->2
[2025-01-09T00:23:42.821+0000][187093.187s][info][gc,heap     ] GC(6475) Humongous regions: 49->49
[2025-01-09T00:23:42.821+0000][187093.187s][info][gc,metaspace] GC(6475) Metaspace: 524632K(534016K)->524632K(534016K) NonClass: 460703K(465280K)->460703K(465280K) Class: 63929K(68736K)->63929K(68736K)
[2025-01-09T00:23:42.821+0000][187093.187s][info][gc          ] GC(6475) Pause Young (Normal) (G1 Evacuation Pause) 9588M->2262M(12288M) 26.234ms
[2025-01-09T00:23:42.821+0000][187093.187s][info][gc,cpu      ] GC(6475) User=0.15s Sys=0.00s Real=0.02s
[2025-01-09T00:23:46.859+0000][187097.225s][info][gc,start    ] GC(6476) Pause Young (Normal) (G1 Evacuation Pause)
[2025-01-09T00:23:46.859+0000][187097.225s][info][gc,task     ] GC(6476) Using 6 workers of 6 for evacuation
[2025-01-09T00:23:46.890+0000][187097.256s][info][gc,phases   ] GC(6476)   Pre Evacuate Collection Set: 0.2ms
[2025-01-09T00:23:46.890+0000][187097.256s][info][gc,phases   ] GC(6476)   Merge Heap Roots: 0.4ms
[2025-01-09T00:23:46.890+0000][187097.256s][info][gc,phases   ] GC(6476)   Evacuate Collection Set: 27.8ms
[2025-01-09T00:23:46.890+0000][187097.256s][info][gc,phases   ] GC(6476)   Post Evacuate Collection Set: 2.4ms
[2025-01-09T00:23:46.890+0000][187097.256s][info][gc,phases   ] GC(6476)   Other: 0.2ms
[2025-01-09T00:23:46.890+0000][187097.256s][info][gc,heap     ] GC(6476) Eden regions: 916->0(913)
[2025-01-09T00:23:46.890+0000][187097.256s][info][gc,heap     ] GC(6476) Survivor regions: 5->8(116)
[2025-01-09T00:23:46.890+0000][187097.256s][info][gc,heap     ] GC(6476) Old regions: 229->229
[2025-01-09T00:23:46.890+0000][187097.256s][info][gc,heap     ] GC(6476) Archive regions: 2->2
[2025-01-09T00:23:46.890+0000][187097.256s][info][gc,heap     ] GC(6476) Humongous regions: 49->49
[2025-01-09T00:23:46.890+0000][187097.256s][info][gc,metaspace] GC(6476) Metaspace: 524632K(534016K)->524632K(534016K) NonClass: 460703K(465280K)->460703K(465280K) Class: 63929K(68736K)->63929K(68736K)
[2025-01-09T00:23:46.890+0000][187097.256s][info][gc          ] GC(6476) Pause Young (Normal) (G1 Evacuation Pause) 9590M->2287M(12288M) 31.141ms
[2025-01-09T00:23:46.890+0000][187097.256s][info][gc,cpu      ] GC(6476) User=0.19s Sys=0.00s Real=0.04s
[2025-01-09T00:23:50.746+0000][187101.112s][info][gc,start    ] GC(6477) Pause Young (Concurrent Start) (G1 Evacuation Pause)
[2025-01-09T00:23:50.746+0000][187101.112s][info][gc,task     ] GC(6477) Using 6 workers of 6 for evacuation
[2025-01-09T00:23:50.779+0000][187101.145s][info][gc,phases   ] GC(6477)   Pre Evacuate Collection Set: 1.2ms
[2025-01-09T00:23:50.779+0000][187101.145s][info][gc,phases   ] GC(6477)   Merge Heap Roots: 0.4ms
[2025-01-09T00:23:50.779+0000][187101.145s][info][gc,phases   ] GC(6477)   Evacuate Collection Set: 26.4ms
[2025-01-09T00:23:50.779+0000][187101.145s][info][gc,phases   ] GC(6477)   Post Evacuate Collection Set: 5.2ms
[2025-01-09T00:23:50.779+0000][187101.145s][info][gc,phases   ] GC(6477)   Other: 0.3ms
[2025-01-09T00:23:50.779+0000][187101.145s][info][gc,heap     ] GC(6477) Eden regions: 913->0(912)
[2025-01-09T00:23:50.779+0000][187101.145s][info][gc,heap     ] GC(6477) Survivor regions: 8->9(116)
[2025-01-09T00:23:50.779+0000][187101.145s][info][gc,heap     ] GC(6477) Old regions: 229->229
[2025-01-09T00:23:50.779+0000][187101.145s][info][gc,heap     ] GC(6477) Archive regions: 2->2
[2025-01-09T00:23:50.779+0000][187101.145s][info][gc,heap     ] GC(6477) Humongous regions: 49->49
[2025-01-09T00:23:50.779+0000][187101.145s][info][gc,metaspace] GC(6477) Metaspace: 524632K(534016K)->524632K(534016K) NonClass: 460703K(465280K)->460703K(465280K) Class: 63929K(68736K)->63929K(68736K)
[2025-01-09T00:23:50.779+0000][187101.145s][info][gc          ] GC(6477) Pause Young (Concurrent Start) (G1 Evacuation Pause) 9591M->2292M(12288M) 33.633ms
[2025-01-09T00:23:50.779+0000][187101.145s][info][gc,cpu      ] GC(6477) User=0.19s Sys=0.00s Real=0.03s
[2025-01-09T00:23:50.779+0000][187101.145s][info][gc          ] GC(6478) Concurrent Mark Cycle
[2025-01-09T00:23:50.779+0000][187101.146s][info][gc,marking  ] GC(6478) Concurrent Clear Claimed Marks
[2025-01-09T00:23:50.780+0000][187101.147s][info][gc,marking  ] GC(6478) Concurrent Clear Claimed Marks 1.017ms
[2025-01-09T00:23:50.780+0000][187101.147s][info][gc,marking  ] GC(6478) Concurrent Scan Root Regions
[2025-01-09T00:23:50.808+0000][187101.174s][info][gc,marking  ] GC(6478) Concurrent Scan Root Regions 27.695ms
[2025-01-09T00:23:50.808+0000][187101.174s][info][gc,marking  ] GC(6478) Concurrent Mark
[2025-01-09T00:23:50.808+0000][187101.174s][info][gc,marking  ] GC(6478) Concurrent Mark From Roots
[2025-01-09T00:23:50.808+0000][187101.174s][info][gc,task     ] GC(6478) Using 2 workers of 2 for marking
[2025-01-09T00:23:51.668+0000][187102.034s][info][gc,marking  ] GC(6478) Concurrent Mark From Roots 860.117ms
[2025-01-09T00:23:51.668+0000][187102.034s][info][gc,marking  ] GC(6478) Concurrent Preclean
[2025-01-09T00:23:51.671+0000][187102.037s][info][gc,marking  ] GC(6478) Concurrent Preclean 2.567ms
[2025-01-09T00:23:51.671+0000][187102.037s][info][gc,start    ] GC(6478) Pause Remark
[2025-01-09T00:23:51.697+0000][187102.063s][info][gc          ] GC(6478) Pause Remark 3276M->3276M(12288M) 25.764ms
[2025-01-09T00:23:51.697+0000][187102.063s][info][gc,cpu      ] GC(6478) User=0.15s Sys=0.00s Real=0.02s
[2025-01-09T00:23:51.697+0000][187102.063s][info][gc,marking  ] GC(6478) Concurrent Mark 888.778ms
[2025-01-09T00:23:51.697+0000][187102.063s][info][gc,marking  ] GC(6478) Concurrent Rebuild Remembered Sets
[2025-01-09T00:23:52.220+0000][187102.586s][info][gc,marking  ] GC(6478) Concurrent Rebuild Remembered Sets 522.816ms
[2025-01-09T00:23:52.220+0000][187102.586s][info][gc,start    ] GC(6478) Pause Cleanup
[2025-01-09T00:23:52.220+0000][187102.586s][info][gc          ] GC(6478) Pause Cleanup 3748M->3748M(12288M) 0.409ms
[2025-01-09T00:23:52.220+0000][187102.587s][info][gc,cpu      ] GC(6478) User=0.00s Sys=0.00s Real=0.00s
[2025-01-09T00:23:52.220+0000][187102.587s][info][gc,marking  ] GC(6478) Concurrent Cleanup for Next Mark
[2025-01-09T00:23:52.236+0000][187102.602s][info][gc,marking  ] GC(6478) Concurrent Cleanup for Next Mark 15.394ms
[2025-01-09T00:23:52.236+0000][187102.602s][info][gc          ] GC(6478) Concurrent Mark Cycle 1456.546ms
[2025-01-09T00:24:00.764+0000][187111.130s][info][gc,start    ] GC(6479) Pause Young (Prepare Mixed) (G1 Evacuation Pause)
[2025-01-09T00:24:00.764+0000][187111.130s][info][gc,task     ] GC(6479) Using 6 workers of 6 for evacuation
[2025-01-09T00:24:00.801+0000][187111.167s][info][gc,phases   ] GC(6479)   Pre Evacuate Collection Set: 0.2ms
[2025-01-09T00:24:00.801+0000][187111.167s][info][gc,phases   ] GC(6479)   Merge Heap Roots: 0.7ms
[2025-01-09T00:24:00.801+0000][187111.167s][info][gc,phases   ] GC(6479)   Evacuate Collection Set: 32.0ms
[2025-01-09T00:24:00.801+0000][187111.167s][info][gc,phases   ] GC(6479)   Post Evacuate Collection Set: 4.1ms
[2025-01-09T00:24:00.801+0000][187111.167s][info][gc,phases   ] GC(6479)   Other: 0.2ms
[2025-01-09T00:24:00.801+0000][187111.167s][info][gc,heap     ] GC(6479) Eden regions: 912->0(66)
[2025-01-09T00:24:00.801+0000][187111.167s][info][gc,heap     ] GC(6479) Survivor regions: 9->10(116)
[2025-01-09T00:24:00.801+0000][187111.167s][info][gc,heap     ] GC(6479) Old regions: 229->229
[2025-01-09T00:24:00.801+0000][187111.167s][info][gc,heap     ] GC(6479) Archive regions: 2->2
[2025-01-09T00:24:00.801+0000][187111.167s][info][gc,heap     ] GC(6479) Humongous regions: 49->49
[2025-01-09T00:24:00.801+0000][187111.167s][info][gc,metaspace] GC(6479) Metaspace: 524632K(534016K)->524632K(534016K) NonClass: 460703K(465280K)->460703K(465280K) Class: 63929K(68736K)->63929K(68736K)
[2025-01-09T00:24:00.801+0000][187111.167s][info][gc          ] GC(6479) Pause Young (Prepare Mixed) (G1 Evacuation Pause) 9588M->2297M(12288M) 37.191ms
[2025-01-09T00:24:00.801+0000][187111.168s][info][gc,cpu      ] GC(6479) User=0.22s Sys=0.00s Real=0.03s
[2025-01-09T00:24:01.497+0000][187111.863s][info][gc,start    ] GC(6480) Pause Young (Mixed) (G1 Evacuation Pause)
[2025-01-09T00:24:01.497+0000][187111.863s][info][gc,task     ] GC(6480) Using 6 workers of 6 for evacuation
[2025-01-09T00:24:01.560+0000][187111.926s][info][gc,phases   ] GC(6480)   Pre Evacuate Collection Set: 0.2ms
[2025-01-09T00:24:01.560+0000][187111.926s][info][gc,phases   ] GC(6480)   Merge Heap Roots: 0.7ms
[2025-01-09T00:24:01.560+0000][187111.926s][info][gc,phases   ] GC(6480)   Evacuate Collection Set: 60.5ms
[2025-01-09T00:24:01.560+0000][187111.926s][info][gc,phases   ] GC(6480)   Post Evacuate Collection Set: 1.7ms
[2025-01-09T00:24:01.560+0000][187111.926s][info][gc,phases   ] GC(6480)   Other: 0.2ms
[2025-01-09T00:24:01.560+0000][187111.926s][info][gc,heap     ] GC(6480) Eden regions: 66->0(916)
[2025-01-09T00:24:01.560+0000][187111.926s][info][gc,heap     ] GC(6480) Survivor regions: 10->5(10)
[2025-01-09T00:24:01.560+0000][187111.926s][info][gc,heap     ] GC(6480) Old regions: 229->229
[2025-01-09T00:24:01.560+0000][187111.926s][info][gc,heap     ] GC(6480) Archive regions: 2->2
[2025-01-09T00:24:01.560+0000][187111.926s][info][gc,heap     ] GC(6480) Humongous regions: 49->49
[2025-01-09T00:24:01.560+0000][187111.926s][info][gc,metaspace] GC(6480) Metaspace: 524632K(534016K)->524632K(534016K) NonClass: 460703K(465280K)->460703K(465280K) Class: 63929K(68736K)->63929K(68736K)
[2025-01-09T00:24:01.560+0000][187111.926s][info][gc          ] GC(6480) Pause Young (Mixed) (G1 Evacuation Pause) 2825M->2262M(12288M) 63.325ms
[2025-01-09T00:24:01.560+0000][187111.926s][info][gc,cpu      ] GC(6480) User=0.38s Sys=0.00s Real=0.06s
[2025-01-09T00:24:08.758+0000][187119.125s][info][gc,start    ] GC(6481) Pause Young (Normal) (G1 Evacuation Pause)
[2025-01-09T00:24:08.758+0000][187119.125s][info][gc,task     ] GC(6481) Using 6 workers of 6 for evacuation
[2025-01-09T00:24:08.783+0000][187119.149s][info][gc,phases   ] GC(6481)   Pre Evacuate Collection Set: 0.2ms
[2025-01-09T00:24:08.783+0000][187119.149s][info][gc,phases   ] GC(6481)   Merge Heap Roots: 0.4ms
[2025-01-09T00:24:08.783+0000][187119.149s][info][gc,phases   ] GC(6481)   Evacuate Collection Set: 21.5ms
[2025-01-09T00:24:08.783+0000][187119.149s][info][gc,phases   ] GC(6481)   Post Evacuate Collection Set: 2.5ms
[2025-01-09T00:24:08.783+0000][187119.149s][info][gc,phases   ] GC(6481)   Other: 0.2ms
[2025-01-09T00:24:08.783+0000][187119.149s][info][gc,heap     ] GC(6481) Eden regions: 916->0(915)
[2025-01-09T00:24:08.783+0000][187119.149s][info][gc,heap     ] GC(6481) Survivor regions: 5->6(116)
[2025-01-09T00:24:08.783+0000][187119.149s][info][gc,heap     ] GC(6481) Old regions: 229->229
[2025-01-09T00:24:08.783+0000][187119.149s][info][gc,heap     ] GC(6481) Archive regions: 2->2
[2025-01-09T00:24:08.783+0000][187119.149s][info][gc,heap     ] GC(6481) Humongous regions: 49->49
[2025-01-09T00:24:08.783+0000][187119.149s][info][gc,metaspace] GC(6481) Metaspace: 524632K(534016K)->524632K(534016K) NonClass: 460703K(465280K)->460703K(465280K) Class: 63929K(68736K)->63929K(68736K)
[2025-01-09T00:24:08.783+0000][187119.149s][info][gc          ] GC(6481) Pause Young (Normal) (G1 Evacuation Pause) 9590M->2267M(12288M) 24.873ms
[2025-01-09T00:24:08.783+0000][187119.149s][info][gc,cpu      ] GC(6481) User=0.15s Sys=0.00s Real=0.03s
[2025-01-09T00:24:17.843+0000][187128.209s][info][gc,start    ] GC(6482) Pause Young (Normal) (GCLocker Initiated GC)
[2025-01-09T00:24:17.843+0000][187128.209s][info][gc,task     ] GC(6482) Using 6 workers of 6 for evacuation
[2025-01-09T00:24:17.875+0000][187128.241s][info][gc,phases   ] GC(6482)   Pre Evacuate Collection Set: 0.2ms
[2025-01-09T00:24:17.875+0000][187128.241s][info][gc,phases   ] GC(6482)   Merge Heap Roots: 0.4ms
[2025-01-09T00:24:17.875+0000][187128.241s][info][gc,phases   ] GC(6482)   Evacuate Collection Set: 28.2ms
[2025-01-09T00:24:17.875+0000][187128.241s][info][gc,phases   ] GC(6482)   Post Evacuate Collection Set: 3.0ms
[2025-01-09T00:24:17.875+0000][187128.241s][info][gc,phases   ] GC(6482)   Other: 0.2ms
[2025-01-09T00:24:17.875+0000][187128.241s][info][gc,heap     ] GC(6482) Eden regions: 915->0(913)
[2025-01-09T00:24:17.875+0000][187128.241s][info][gc,heap     ] GC(6482) Survivor regions: 6->8(116)
[2025-01-09T00:24:17.875+0000][187128.241s][info][gc,heap     ] GC(6482) Old regions: 229->229
[2025-01-09T00:24:17.875+0000][187128.241s][info][gc,heap     ] GC(6482) Archive regions: 2->2
[2025-01-09T00:24:17.875+0000][187128.241s][info][gc,heap     ] GC(6482) Humongous regions: 49->49
[2025-01-09T00:24:17.875+0000][187128.241s][info][gc,metaspace] GC(6482) Metaspace: 524632K(534016K)->524632K(534016K) NonClass: 460703K(465280K)->460703K(465280K) Class: 63929K(68736K)->63929K(68736K)
[2025-01-09T00:24:17.875+0000][187128.241s][info][gc          ] GC(6482) Pause Young (Normal) (GCLocker Initiated GC) 9587M->2285M(12288M) 32.104ms
[2025-01-09T00:24:17.875+0000][187128.241s][info][gc,cpu      ] GC(6482) User=0.19s Sys=0.00s Real=0.03s
[2025-01-09T00:24:23.568+0000][187133.934s][info][gc,start    ] GC(6483) Pause Young (Concurrent Start) (G1 Evacuation Pause)
[2025-01-09T00:24:23.568+0000][187133.934s][info][gc,task     ] GC(6483) Using 6 workers of 6 for evacuation
[2025-01-09T00:24:23.600+0000][187133.966s][info][gc,phases   ] GC(6483)   Pre Evacuate Collection Set: 1.1ms
[2025-01-09T00:24:23.600+0000][187133.966s][info][gc,phases   ] GC(6483)   Merge Heap Roots: 0.5ms
[2025-01-09T00:24:23.600+0000][187133.966s][info][gc,phases   ] GC(6483)   Evacuate Collection Set: 28.1ms
[2025-01-09T00:24:23.600+0000][187133.966s][info][gc,phases   ] GC(6483)   Post Evacuate Collection Set: 2.5ms
[2025-01-09T00:24:23.600+0000][187133.966s][info][gc,phases   ] GC(6483)   Other: 0.3ms
[2025-01-09T00:24:23.600+0000][187133.967s][info][gc,heap     ] GC(6483) Eden regions: 913->0(912)
[2025-01-09T00:24:23.600+0000][187133.967s][info][gc,heap     ] GC(6483) Survivor regions: 8->9(116)
[2025-01-09T00:24:23.600+0000][187133.967s][info][gc,heap     ] GC(6483) Old regions: 229->229
[2025-01-09T00:24:23.600+0000][187133.967s][info][gc,heap     ] GC(6483) Archive regions: 2->2
[2025-01-09T00:24:23.600+0000][187133.967s][info][gc,heap     ] GC(6483) Humongous regions: 49->49
[2025-01-09T00:24:23.600+0000][187133.967s][info][gc,metaspace] GC(6483) Metaspace: 524633K(534016K)->524633K(534016K) NonClass: 460704K(465280K)->460704K(465280K) Class: 63929K(68736K)->63929K(68736K)
[2025-01-09T00:24:23.600+0000][187133.967s][info][gc          ] GC(6483) Pause Young (Concurrent Start) (G1 Evacuation Pause) 9589M->2289M(12288M) 32.579ms
[2025-01-09T00:24:23.600+0000][187133.967s][info][gc,cpu      ] GC(6483) User=0.19s Sys=0.00s Real=0.03s
[2025-01-09T00:24:23.601+0000][187133.967s][info][gc          ] GC(6484) Concurrent Mark Cycle
[2025-01-09T00:24:23.601+0000][187133.967s][info][gc,marking  ] GC(6484) Concurrent Clear Claimed Marks
[2025-01-09T00:24:23.601+0000][187133.968s][info][gc,marking  ] GC(6484) Concurrent Clear Claimed Marks 0.924ms
[2025-01-09T00:24:23.601+0000][187133.968s][info][gc,marking  ] GC(6484) Concurrent Scan Root Regions
[2025-01-09T00:24:23.631+0000][187133.997s][info][gc,marking  ] GC(6484) Concurrent Scan Root Regions 29.587ms
[2025-01-09T00:24:23.631+0000][187133.997s][info][gc,marking  ] GC(6484) Concurrent Mark
[2025-01-09T00:24:23.631+0000][187133.997s][info][gc,marking  ] GC(6484) Concurrent Mark From Roots
[2025-01-09T00:24:23.631+0000][187133.997s][info][gc,task     ] GC(6484) Using 2 workers of 2 for marking
[2025-01-09T00:24:24.653+0000][187135.019s][info][gc,marking  ] GC(6484) Concurrent Mark From Roots 1021.949ms
[2025-01-09T00:24:24.653+0000][187135.019s][info][gc,marking  ] GC(6484) Concurrent Preclean
[2025-01-09T00:24:24.656+0000][187135.022s][info][gc,marking  ] GC(6484) Concurrent Preclean 2.659ms
[2025-01-09T00:24:24.656+0000][187135.022s][info][gc,start    ] GC(6484) Pause Remark
[2025-01-09T00:24:24.683+0000][187135.049s][info][gc          ] GC(6484) Pause Remark 3849M->3849M(12288M) 27.311ms
[2025-01-09T00:24:24.683+0000][187135.049s][info][gc,cpu      ] GC(6484) User=0.15s Sys=0.00s Real=0.03s
[2025-01-09T00:24:24.683+0000][187135.050s][info][gc,marking  ] GC(6484) Concurrent Mark 1052.285ms
[2025-01-09T00:24:24.683+0000][187135.050s][info][gc,marking  ] GC(6484) Concurrent Rebuild Remembered Sets
[2025-01-09T00:24:25.226+0000][187135.592s][info][gc,marking  ] GC(6484) Concurrent Rebuild Remembered Sets 542.852ms
[2025-01-09T00:24:25.226+0000][187135.593s][info][gc,start    ] GC(6484) Pause Cleanup
[2025-01-09T00:24:25.227+0000][187135.593s][info][gc          ] GC(6484) Pause Cleanup 4301M->4301M(12288M) 0.401ms
[2025-01-09T00:24:25.227+0000][187135.593s][info][gc,cpu      ] GC(6484) User=0.00s Sys=0.00s Real=0.00s
[2025-01-09T00:24:25.227+0000][187135.593s][info][gc,marking  ] GC(6484) Concurrent Cleanup for Next Mark
[2025-01-09T00:24:25.242+0000][187135.609s][info][gc,marking  ] GC(6484) Concurrent Cleanup for Next Mark 15.523ms
[2025-01-09T00:24:25.243+0000][187135.609s][info][gc          ] GC(6484) Concurrent Mark Cycle 1641.979ms
[2025-01-09T00:24:28.677+0000][187139.043s][info][gc,start    ] GC(6485) Pause Young (Prepare Mixed) (G1 Evacuation Pause)
[2025-01-09T00:24:28.677+0000][187139.043s][info][gc,task     ] GC(6485) Using 6 workers of 6 for evacuation
[2025-01-09T00:24:28.711+0000][187139.077s][info][gc,phases   ] GC(6485)   Pre Evacuate Collection Set: 0.2ms
[2025-01-09T00:24:28.711+0000][187139.077s][info][gc,phases   ] GC(6485)   Merge Heap Roots: 0.7ms
[2025-01-09T00:24:28.711+0000][187139.077s][info][gc,phases   ] GC(6485)   Evacuate Collection Set: 30.1ms
[2025-01-09T00:24:28.711+0000][187139.077s][info][gc,phases   ] GC(6485)   Post Evacuate Collection Set: 2.6ms
[2025-01-09T00:24:28.711+0000][187139.077s][info][gc,phases   ] GC(6485)   Other: 0.2ms
[2025-01-09T00:24:28.711+0000][187139.077s][info][gc,heap     ] GC(6485) Eden regions: 912->0(67)
[2025-01-09T00:24:28.711+0000][187139.077s][info][gc,heap     ] GC(6485) Survivor regions: 9->9(116)
[2025-01-09T00:24:28.711+0000][187139.077s][info][gc,heap     ] GC(6485) Old regions: 229->229
[2025-01-09T00:24:28.711+0000][187139.077s][info][gc,heap     ] GC(6485) Archive regions: 2->2
[2025-01-09T00:24:28.711+0000][187139.077s][info][gc,heap     ] GC(6485) Humongous regions: 49->49
[2025-01-09T00:24:28.711+0000][187139.077s][info][gc,metaspace] GC(6485) Metaspace: 524633K(534016K)->524633K(534016K) NonClass: 460704K(465280K)->460704K(465280K) Class: 63929K(68736K)->63929K(68736K)
[2025-01-09T00:24:28.711+0000][187139.077s][info][gc          ] GC(6485) Pause Young (Prepare Mixed) (G1 Evacuation Pause) 9585M->2296M(12288M) 33.893ms
[2025-01-09T00:24:28.711+0000][187139.077s][info][gc,cpu      ] GC(6485) User=0.20s Sys=0.00s Real=0.04s
[2025-01-09T00:24:29.059+0000][187139.425s][info][gc,start    ] GC(6486) Pause Young (Mixed) (G1 Evacuation Pause)
[2025-01-09T00:24:29.059+0000][187139.425s][info][gc,task     ] GC(6486) Using 6 workers of 6 for evacuation
[2025-01-09T00:24:29.124+0000][187139.490s][info][gc,phases   ] GC(6486)   Pre Evacuate Collection Set: 0.2ms
[2025-01-09T00:24:29.124+0000][187139.490s][info][gc,phases   ] GC(6486)   Merge Heap Roots: 0.6ms
[2025-01-09T00:24:29.124+0000][187139.490s][info][gc,phases   ] GC(6486)   Evacuate Collection Set: 61.9ms
[2025-01-09T00:24:29.124+0000][187139.490s][info][gc,phases   ] GC(6486)   Post Evacuate Collection Set: 2.0ms
[2025-01-09T00:24:29.124+0000][187139.490s][info][gc,phases   ] GC(6486)   Other: 0.2ms
[2025-01-09T00:24:29.124+0000][187139.490s][info][gc,heap     ] GC(6486) Eden regions: 67->0(915)
[2025-01-09T00:24:29.124+0000][187139.490s][info][gc,heap     ] GC(6486) Survivor regions: 9->6(10)
[2025-01-09T00:24:29.124+0000][187139.490s][info][gc,heap     ] GC(6486) Old regions: 229->228
[2025-01-09T00:24:29.124+0000][187139.490s][info][gc,heap     ] GC(6486) Archive regions: 2->2
[2025-01-09T00:24:29.124+0000][187139.490s][info][gc,heap     ] GC(6486) Humongous regions: 49->49
[2025-01-09T00:24:29.124+0000][187139.490s][info][gc,metaspace] GC(6486) Metaspace: 524633K(534016K)->524633K(534016K) NonClass: 460704K(465280K)->460704K(465280K) Class: 63929K(68736K)->63929K(68736K)
[2025-01-09T00:24:29.124+0000][187139.490s][info][gc          ] GC(6486) Pause Young (Mixed) (G1 Evacuation Pause) 2832M->2263M(12288M) 65.000ms
[2025-01-09T00:24:29.124+0000][187139.490s][info][gc,cpu      ] GC(6486) User=0.36s Sys=0.00s Real=0.07s
[2025-01-09T00:24:36.104+0000][187146.470s][info][gc,start    ] GC(6487) Pause Young (Normal) (G1 Evacuation Pause)
[2025-01-09T00:24:36.104+0000][187146.470s][info][gc,task     ] GC(6487) Using 6 workers of 6 for evacuation
[2025-01-09T00:24:36.130+0000][187146.496s][info][gc,phases   ] GC(6487)   Pre Evacuate Collection Set: 0.2ms
[2025-01-09T00:24:36.130+0000][187146.496s][info][gc,phases   ] GC(6487)   Merge Heap Roots: 0.4ms
[2025-01-09T00:24:36.130+0000][187146.496s][info][gc,phases   ] GC(6487)   Evacuate Collection Set: 23.2ms
[2025-01-09T00:24:36.130+0000][187146.496s][info][gc,phases   ] GC(6487)   Post Evacuate Collection Set: 2.5ms
[2025-01-09T00:24:36.130+0000][187146.496s][info][gc,phases   ] GC(6487)   Other: 0.2ms
[2025-01-09T00:24:36.130+0000][187146.496s][info][gc,heap     ] GC(6487) Eden regions: 915->0(914)
[2025-01-09T00:24:36.130+0000][187146.496s][info][gc,heap     ] GC(6487) Survivor regions: 6->7(116)
[2025-01-09T00:24:36.130+0000][187146.496s][info][gc,heap     ] GC(6487) Old regions: 228->228
[2025-01-09T00:24:36.130+0000][187146.496s][info][gc,heap     ] GC(6487) Archive regions: 2->2
[2025-01-09T00:24:36.130+0000][187146.496s][info][gc,heap     ] GC(6487) Humongous regions: 49->49
[2025-01-09T00:24:36.130+0000][187146.496s][info][gc,metaspace] GC(6487) Metaspace: 524633K(534016K)->524633K(534016K) NonClass: 460704K(465280K)->460704K(465280K) Class: 63929K(68736K)->63929K(68736K)
[2025-01-09T00:24:36.130+0000][187146.496s][info][gc          ] GC(6487) Pause Young (Normal) (G1 Evacuation Pause) 9583M->2270M(12288M) 26.647ms
[2025-01-09T00:24:36.130+0000][187146.496s][info][gc,cpu      ] GC(6487) User=0.15s Sys=0.00s Real=0.03s
[2025-01-09T00:24:43.206+0000][187153.572s][info][gc,start    ] GC(6488) Pause Young (Normal) (G1 Evacuation Pause)
[2025-01-09T00:24:43.206+0000][187153.572s][info][gc,task     ] GC(6488) Using 6 workers of 6 for evacuation
[2025-01-09T00:24:43.237+0000][187153.603s][info][gc,phases   ] GC(6488)   Pre Evacuate Collection Set: 0.2ms
[2025-01-09T00:24:43.237+0000][187153.603s][info][gc,phases   ] GC(6488)   Merge Heap Roots: 0.4ms
[2025-01-09T00:24:43.237+0000][187153.603s][info][gc,phases   ] GC(6488)   Evacuate Collection Set: 25.9ms
[2025-01-09T00:24:43.237+0000][187153.603s][info][gc,phases   ] GC(6488)   Post Evacuate Collection Set: 3.8ms
[2025-01-09T00:24:43.237+0000][187153.603s][info][gc,phases   ] GC(6488)   Other: 0.2ms
[2025-01-09T00:24:43.237+0000][187153.603s][info][gc,heap     ] GC(6488) Eden regions: 914->0(910)
[2025-01-09T00:24:43.237+0000][187153.603s][info][gc,heap     ] GC(6488) Survivor regions: 7->11(116)
[2025-01-09T00:24:43.237+0000][187153.603s][info][gc,heap     ] GC(6488) Old regions: 228->228
[2025-01-09T00:24:43.237+0000][187153.603s][info][gc,heap     ] GC(6488) Archive regions: 2->2
[2025-01-09T00:24:43.237+0000][187153.603s][info][gc,heap     ] GC(6488) Humongous regions: 49->49
[2025-01-09T00:24:43.237+0000][187153.603s][info][gc,metaspace] GC(6488) Metaspace: 524634K(534016K)->524634K(534016K) NonClass: 460705K(465280K)->460705K(465280K) Class: 63929K(68736K)->63929K(68736K)
[2025-01-09T00:24:43.237+0000][187153.603s][info][gc          ] GC(6488) Pause Young (Normal) (G1 Evacuation Pause) 9582M->2302M(12288M) 30.609ms
[2025-01-09T00:24:43.237+0000][187153.603s][info][gc,cpu      ] GC(6488) User=0.18s Sys=0.00s Real=0.03s
[2025-01-09T00:24:54.229+0000][187164.595s][info][gc,start    ] GC(6489) Pause Young (Concurrent Start) (G1 Evacuation Pause)
[2025-01-09T00:24:54.229+0000][187164.595s][info][gc,task     ] GC(6489) Using 6 workers of 6 for evacuation
[2025-01-09T00:24:54.264+0000][187164.630s][info][gc,phases   ] GC(6489)   Pre Evacuate Collection Set: 1.2ms
[2025-01-09T00:24:54.264+0000][187164.631s][info][gc,phases   ] GC(6489)   Merge Heap Roots: 0.5ms
[2025-01-09T00:24:54.264+0000][187164.631s][info][gc,phases   ] GC(6489)   Evacuate Collection Set: 29.4ms
[2025-01-09T00:24:54.264+0000][187164.631s][info][gc,phases   ] GC(6489)   Post Evacuate Collection Set: 4.0ms
[2025-01-09T00:24:54.264+0000][187164.631s][info][gc,phases   ] GC(6489)   Other: 0.3ms
[2025-01-09T00:24:54.264+0000][187164.631s][info][gc,heap     ] GC(6489) Eden regions: 910->0(911)
[2025-01-09T00:24:54.264+0000][187164.631s][info][gc,heap     ] GC(6489) Survivor regions: 11->10(116)
[2025-01-09T00:24:54.264+0000][187164.631s][info][gc,heap     ] GC(6489) Old regions: 228->228
[2025-01-09T00:24:54.264+0000][187164.631s][info][gc,heap     ] GC(6489) Archive regions: 2->2
[2025-01-09T00:24:54.264+0000][187164.631s][info][gc,heap     ] GC(6489) Humongous regions: 49->49
[2025-01-09T00:24:54.264+0000][187164.631s][info][gc,metaspace] GC(6489) Metaspace: 524634K(534016K)->524634K(534016K) NonClass: 460705K(465280K)->460705K(465280K) Class: 63929K(68736K)->63929K(68736K)
[2025-01-09T00:24:54.264+0000][187164.631s][info][gc          ] GC(6489) Pause Young (Concurrent Start) (G1 Evacuation Pause) 9582M->2298M(12288M) 35.430ms
[2025-01-09T00:24:54.265+0000][187164.631s][info][gc,cpu      ] GC(6489) User=0.20s Sys=0.00s Real=0.04s
[2025-01-09T00:24:54.265+0000][187164.631s][info][gc          ] GC(6490) Concurrent Mark Cycle
[2025-01-09T00:24:54.265+0000][187164.631s][info][gc,marking  ] GC(6490) Concurrent Clear Claimed Marks
[2025-01-09T00:24:54.266+0000][187164.632s][info][gc,marking  ] GC(6490) Concurrent Clear Claimed Marks 0.943ms
[2025-01-09T00:24:54.266+0000][187164.632s][info][gc,marking  ] GC(6490) Concurrent Scan Root Regions
[2025-01-09T00:24:54.287+0000][187164.654s][info][gc,marking  ] GC(6490) Concurrent Scan Root Regions 21.863ms
[2025-01-09T00:24:54.287+0000][187164.654s][info][gc,marking  ] GC(6490) Concurrent Mark
[2025-01-09T00:24:54.287+0000][187164.654s][info][gc,marking  ] GC(6490) Concurrent Mark From Roots
[2025-01-09T00:24:54.287+0000][187164.654s][info][gc,task     ] GC(6490) Using 2 workers of 2 for marking
[2025-01-09T00:24:55.075+0000][187165.441s][info][gc,marking  ] GC(6490) Concurrent Mark From Roots 787.390ms
[2025-01-09T00:24:55.075+0000][187165.441s][info][gc,marking  ] GC(6490) Concurrent Preclean
[2025-01-09T00:24:55.078+0000][187165.444s][info][gc,marking  ] GC(6490) Concurrent Preclean 2.646ms
[2025-01-09T00:24:55.078+0000][187165.444s][info][gc,start    ] GC(6490) Pause Remark
[2025-01-09T00:24:55.103+0000][187165.469s][info][gc          ] GC(6490) Pause Remark 2914M->2914M(12288M) 25.641ms
[2025-01-09T00:24:55.103+0000][187165.469s][info][gc,cpu      ] GC(6490) User=0.15s Sys=0.00s Real=0.03s
[2025-01-09T00:24:55.103+0000][187165.470s][info][gc,marking  ] GC(6490) Concurrent Mark 816.018ms
[2025-01-09T00:24:55.103+0000][187165.470s][info][gc,marking  ] GC(6490) Concurrent Rebuild Remembered Sets
[2025-01-09T00:24:55.628+0000][187165.994s][info][gc,marking  ] GC(6490) Concurrent Rebuild Remembered Sets 524.290ms
[2025-01-09T00:24:55.628+0000][187165.994s][info][gc,start    ] GC(6490) Pause Cleanup
[2025-01-09T00:24:55.628+0000][187165.994s][info][gc          ] GC(6490) Pause Cleanup 3450M->3450M(12288M) 0.413ms
[2025-01-09T00:24:55.628+0000][187165.994s][info][gc,cpu      ] GC(6490) User=0.00s Sys=0.00s Real=0.00s
[2025-01-09T00:24:55.628+0000][187165.995s][info][gc,marking  ] GC(6490) Concurrent Cleanup for Next Mark
[2025-01-09T00:24:55.645+0000][187166.011s][info][gc,marking  ] GC(6490) Concurrent Cleanup for Next Mark 16.706ms
[2025-01-09T00:24:55.645+0000][187166.011s][info][gc          ] GC(6490) Concurrent Mark Cycle 1380.600ms
[2025-01-09T00:25:02.959+0000][187173.326s][info][gc,start    ] GC(6491) Pause Young (Prepare Mixed) (G1 Evacuation Pause)
[2025-01-09T00:25:02.959+0000][187173.326s][info][gc,task     ] GC(6491) Using 6 workers of 6 for evacuation
[2025-01-09T00:25:02.998+0000][187173.364s][info][gc,phases   ] GC(6491)   Pre Evacuate Collection Set: 0.2ms
[2025-01-09T00:25:02.998+0000][187173.364s][info][gc,phases   ] GC(6491)   Merge Heap Roots: 0.7ms
[2025-01-09T00:25:02.998+0000][187173.364s][info][gc,phases   ] GC(6491)   Evacuate Collection Set: 33.7ms
[2025-01-09T00:25:02.998+0000][187173.364s][info][gc,phases   ] GC(6491)   Post Evacuate Collection Set: 4.1ms
[2025-01-09T00:25:02.998+0000][187173.364s][info][gc,phases   ] GC(6491)   Other: 0.2ms
[2025-01-09T00:25:02.998+0000][187173.364s][info][gc,heap     ] GC(6491) Eden regions: 911->0(65)
[2025-01-09T00:25:02.998+0000][187173.364s][info][gc,heap     ] GC(6491) Survivor regions: 10->11(116)
[2025-01-09T00:25:02.998+0000][187173.364s][info][gc,heap     ] GC(6491) Old regions: 228->228
[2025-01-09T00:25:02.998+0000][187173.364s][info][gc,heap     ] GC(6491) Archive regions: 2->2
[2025-01-09T00:25:02.998+0000][187173.364s][info][gc,heap     ] GC(6491) Humongous regions: 49->49
[2025-01-09T00:25:02.998+0000][187173.364s][info][gc,metaspace] GC(6491) Metaspace: 524634K(534016K)->524634K(534016K) NonClass: 460705K(465280K)->460705K(465280K) Class: 63929K(68736K)->63929K(68736K)
[2025-01-09T00:25:02.998+0000][187173.364s][info][gc          ] GC(6491) Pause Young (Prepare Mixed) (G1 Evacuation Pause) 9586M->2306M(12288M) 38.938ms
[2025-01-09T00:25:02.998+0000][187173.364s][info][gc,cpu      ] GC(6491) User=0.23s Sys=0.00s Real=0.04s
[2025-01-09T00:25:03.356+0000][187173.723s][info][gc,start    ] GC(6492) Pause Young (Mixed) (G1 Evacuation Pause)
[2025-01-09T00:25:03.357+0000][187173.723s][info][gc,task     ] GC(6492) Using 6 workers of 6 for evacuation
[2025-01-09T00:25:03.422+0000][187173.788s][info][gc,phases   ] GC(6492)   Pre Evacuate Collection Set: 0.2ms
[2025-01-09T00:25:03.422+0000][187173.788s][info][gc,phases   ] GC(6492)   Merge Heap Roots: 0.7ms
[2025-01-09T00:25:03.422+0000][187173.788s][info][gc,phases   ] GC(6492)   Evacuate Collection Set: 62.4ms
[2025-01-09T00:25:03.422+0000][187173.788s][info][gc,phases   ] GC(6492)   Post Evacuate Collection Set: 1.9ms
[2025-01-09T00:25:03.422+0000][187173.788s][info][gc,phases   ] GC(6492)   Other: 0.2ms
[2025-01-09T00:25:03.422+0000][187173.788s][info][gc,heap     ] GC(6492) Eden regions: 65->0(916)
[2025-01-09T00:25:03.422+0000][187173.788s][info][gc,heap     ] GC(6492) Survivor regions: 11->5(10)
[2025-01-09T00:25:03.422+0000][187173.788s][info][gc,heap     ] GC(6492) Old regions: 228->231
[2025-01-09T00:25:03.422+0000][187173.788s][info][gc,heap     ] GC(6492) Archive regions: 2->2
[2025-01-09T00:25:03.422+0000][187173.788s][info][gc,heap     ] GC(6492) Humongous regions: 49->49
[2025-01-09T00:25:03.422+0000][187173.788s][info][gc,metaspace] GC(6492) Metaspace: 524634K(534016K)->524634K(534016K) NonClass: 460705K(465280K)->460705K(465280K) Class: 63929K(68736K)->63929K(68736K)
[2025-01-09T00:25:03.422+0000][187173.788s][info][gc          ] GC(6492) Pause Young (Mixed) (G1 Evacuation Pause) 2826M->2279M(12288M) 65.411ms
[2025-01-09T00:25:03.422+0000][187173.788s][info][gc,cpu      ] GC(6492) User=0.38s Sys=0.01s Real=0.07s
[2025-01-09T00:25:12.204+0000][187182.570s][info][gc,start    ] GC(6493) Pause Young (Normal) (G1 Evacuation Pause)
[2025-01-09T00:25:12.204+0000][187182.570s][info][gc,task     ] GC(6493) Using 6 workers of 6 for evacuation
[2025-01-09T00:25:12.226+0000][187182.592s][info][gc,phases   ] GC(6493)   Pre Evacuate Collection Set: 0.2ms
[2025-01-09T00:25:12.226+0000][187182.592s][info][gc,phases   ] GC(6493)   Merge Heap Roots: 0.4ms
[2025-01-09T00:25:12.226+0000][187182.592s][info][gc,phases   ] GC(6493)   Evacuate Collection Set: 18.1ms
[2025-01-09T00:25:12.226+0000][187182.592s][info][gc,phases   ] GC(6493)   Post Evacuate Collection Set: 2.5ms
[2025-01-09T00:25:12.226+0000][187182.592s][info][gc,phases   ] GC(6493)   Other: 0.2ms
[2025-01-09T00:25:12.226+0000][187182.592s][info][gc,heap     ] GC(6493) Eden regions: 916->0(916)
[2025-01-09T00:25:12.226+0000][187182.592s][info][gc,heap     ] GC(6493) Survivor regions: 5->5(116)
[2025-01-09T00:25:12.226+0000][187182.592s][info][gc,heap     ] GC(6493) Old regions: 231->231
[2025-01-09T00:25:12.226+0000][187182.592s][info][gc,heap     ] GC(6493) Archive regions: 2->2
[2025-01-09T00:25:12.226+0000][187182.592s][info][gc,heap     ] GC(6493) Humongous regions: 49->49
[2025-01-09T00:25:12.226+0000][187182.592s][info][gc,metaspace] GC(6493) Metaspace: 524634K(534016K)->524634K(534016K) NonClass: 460705K(465280K)->460705K(465280K) Class: 63929K(68736K)->63929K(68736K)
[2025-01-09T00:25:12.226+0000][187182.592s][info][gc          ] GC(6493) Pause Young (Normal) (G1 Evacuation Pause) 9607M->2283M(12288M) 21.485ms
[2025-01-09T00:25:12.226+0000][187182.592s][info][gc,cpu      ] GC(6493) User=0.12s Sys=0.00s Real=0.02s
[2025-01-09T00:25:18.412+0000][187188.778s][info][gc,start    ] GC(6494) Pause Young (Normal) (G1 Evacuation Pause)
[2025-01-09T00:25:18.412+0000][187188.778s][info][gc,task     ] GC(6494) Using 6 workers of 6 for evacuation
[2025-01-09T00:25:18.434+0000][187188.801s][info][gc,phases   ] GC(6494)   Pre Evacuate Collection Set: 0.2ms
[2025-01-09T00:25:18.434+0000][187188.801s][info][gc,phases   ] GC(6494)   Merge Heap Roots: 0.4ms
[2025-01-09T00:25:18.435+0000][187188.801s][info][gc,phases   ] GC(6494)   Evacuate Collection Set: 19.6ms
[2025-01-09T00:25:18.435+0000][187188.801s][info][gc,phases   ] GC(6494)   Post Evacuate Collection Set: 2.3ms
[2025-01-09T00:25:18.435+0000][187188.801s][info][gc,phases   ] GC(6494)   Other: 0.2ms
[2025-01-09T00:25:18.435+0000][187188.801s][info][gc,heap     ] GC(6494) Eden regions: 916->0(915)
[2025-01-09T00:25:18.435+0000][187188.801s][info][gc,heap     ] GC(6494) Survivor regions: 5->6(116)
[2025-01-09T00:25:18.435+0000][187188.801s][info][gc,heap     ] GC(6494) Old regions: 231->231
[2025-01-09T00:25:18.435+0000][187188.801s][info][gc,heap     ] GC(6494) Archive regions: 2->2
[2025-01-09T00:25:18.435+0000][187188.801s][info][gc,heap     ] GC(6494) Humongous regions: 49->49
[2025-01-09T00:25:18.435+0000][187188.801s][info][gc,metaspace] GC(6494) Metaspace: 524635K(534016K)->524635K(534016K) NonClass: 460705K(465280K)->460705K(465280K) Class: 63929K(68736K)->63929K(68736K)
[2025-01-09T00:25:18.435+0000][187188.801s][info][gc          ] GC(6494) Pause Young (Normal) (G1 Evacuation Pause) 9611M->2293M(12288M) 22.770ms
[2025-01-09T00:25:18.435+0000][187188.801s][info][gc,cpu      ] GC(6494) User=0.13s Sys=0.00s Real=0.02s
[2025-01-09T00:25:26.058+0000][187196.424s][info][gc,start    ] GC(6495) Pause Young (Concurrent Start) (G1 Evacuation Pause)
[2025-01-09T00:25:26.058+0000][187196.424s][info][gc,task     ] GC(6495) Using 6 workers of 6 for evacuation
[2025-01-09T00:25:26.091+0000][187196.457s][info][gc,phases   ] GC(6495)   Pre Evacuate Collection Set: 1.1ms
[2025-01-09T00:25:26.091+0000][187196.457s][info][gc,phases   ] GC(6495)   Merge Heap Roots: 0.4ms
[2025-01-09T00:25:26.091+0000][187196.457s][info][gc,phases   ] GC(6495)   Evacuate Collection Set: 28.0ms
[2025-01-09T00:25:26.091+0000][187196.457s][info][gc,phases   ] GC(6495)   Post Evacuate Collection Set: 2.8ms
[2025-01-09T00:25:26.091+0000][187196.457s][info][gc,phases   ] GC(6495)   Other: 0.3ms
[2025-01-09T00:25:26.091+0000][187196.457s][info][gc,heap     ] GC(6495) Eden regions: 915->0(913)
[2025-01-09T00:25:26.091+0000][187196.457s][info][gc,heap     ] GC(6495) Survivor regions: 6->8(116)
[2025-01-09T00:25:26.091+0000][187196.457s][info][gc,heap     ] GC(6495) Old regions: 231->231
[2025-01-09T00:25:26.091+0000][187196.457s][info][gc,heap     ] GC(6495) Archive regions: 2->2
[2025-01-09T00:25:26.091+0000][187196.457s][info][gc,heap     ] GC(6495) Humongous regions: 49->49
[2025-01-09T00:25:26.091+0000][187196.457s][info][gc,metaspace] GC(6495) Metaspace: 524635K(534016K)->524635K(534016K) NonClass: 460705K(465280K)->460705K(465280K) Class: 63929K(68736K)->63929K(68736K)
[2025-01-09T00:25:26.091+0000][187196.457s][info][gc          ] GC(6495) Pause Young (Concurrent Start) (G1 Evacuation Pause) 9613M->2305M(12288M) 32.762ms
[2025-01-09T00:25:26.091+0000][187196.457s][info][gc,cpu      ] GC(6495) User=0.18s Sys=0.00s Real=0.04s
[2025-01-09T00:25:26.091+0000][187196.457s][info][gc          ] GC(6496) Concurrent Mark Cycle
[2025-01-09T00:25:26.091+0000][187196.457s][info][gc,marking  ] GC(6496) Concurrent Clear Claimed Marks
[2025-01-09T00:25:26.092+0000][187196.458s][info][gc,marking  ] GC(6496) Concurrent Clear Claimed Marks 0.888ms
[2025-01-09T00:25:26.092+0000][187196.458s][info][gc,marking  ] GC(6496) Concurrent Scan Root Regions
[2025-01-09T00:25:26.108+0000][187196.475s][info][gc,marking  ] GC(6496) Concurrent Scan Root Regions 16.490ms
[2025-01-09T00:25:26.109+0000][187196.475s][info][gc,marking  ] GC(6496) Concurrent Mark
[2025-01-09T00:25:26.109+0000][187196.475s][info][gc,marking  ] GC(6496) Concurrent Mark From Roots
[2025-01-09T00:25:26.109+0000][187196.475s][info][gc,task     ] GC(6496) Using 2 workers of 2 for marking
[2025-01-09T00:25:26.947+0000][187197.313s][info][gc,marking  ] GC(6496) Concurrent Mark From Roots 838.430ms
[2025-01-09T00:25:26.947+0000][187197.313s][info][gc,marking  ] GC(6496) Concurrent Preclean
[2025-01-09T00:25:26.950+0000][187197.317s][info][gc,marking  ] GC(6496) Concurrent Preclean 3.497ms
[2025-01-09T00:25:26.951+0000][187197.317s][info][gc,start    ] GC(6496) Pause Remark
[2025-01-09T00:25:26.976+0000][187197.342s][info][gc          ] GC(6496) Pause Remark 3133M->3133M(12288M) 25.300ms
[2025-01-09T00:25:26.976+0000][187197.342s][info][gc,cpu      ] GC(6496) User=0.15s Sys=0.00s Real=0.02s
[2025-01-09T00:25:26.976+0000][187197.342s][info][gc,marking  ] GC(6496) Concurrent Mark 867.582ms
[2025-01-09T00:25:26.976+0000][187197.342s][info][gc,marking  ] GC(6496) Concurrent Rebuild Remembered Sets
[2025-01-09T00:25:27.491+0000][187197.857s][info][gc,marking  ] GC(6496) Concurrent Rebuild Remembered Sets 514.537ms
[2025-01-09T00:25:27.491+0000][187197.857s][info][gc,start    ] GC(6496) Pause Cleanup
[2025-01-09T00:25:27.491+0000][187197.857s][info][gc          ] GC(6496) Pause Cleanup 3469M->3469M(12288M) 0.387ms
[2025-01-09T00:25:27.491+0000][187197.857s][info][gc,cpu      ] GC(6496) User=0.00s Sys=0.00s Real=0.00s
[2025-01-09T00:25:27.491+0000][187197.857s][info][gc,marking  ] GC(6496) Concurrent Cleanup for Next Mark
[2025-01-09T00:25:27.507+0000][187197.873s][info][gc,marking  ] GC(6496) Concurrent Cleanup for Next Mark 15.301ms
[2025-01-09T00:25:27.507+0000][187197.873s][info][gc          ] GC(6496) Concurrent Mark Cycle 1415.537ms
[2025-01-09T00:25:35.747+0000][187206.113s][info][gc,start    ] GC(6497) Pause Young (Prepare Mixed) (G1 Evacuation Pause)
[2025-01-09T00:25:35.747+0000][187206.113s][info][gc,task     ] GC(6497) Using 6 workers of 6 for evacuation
[2025-01-09T00:25:35.782+0000][187206.148s][info][gc,phases   ] GC(6497)   Pre Evacuate Collection Set: 0.2ms
[2025-01-09T00:25:35.782+0000][187206.148s][info][gc,phases   ] GC(6497)   Merge Heap Roots: 0.6ms
[2025-01-09T00:25:35.782+0000][187206.148s][info][gc,phases   ] GC(6497)   Evacuate Collection Set: 30.7ms
[2025-01-09T00:25:35.782+0000][187206.148s][info][gc,phases   ] GC(6497)   Post Evacuate Collection Set: 2.7ms
[2025-01-09T00:25:35.782+0000][187206.148s][info][gc,phases   ] GC(6497)   Other: 0.2ms
[2025-01-09T00:25:35.782+0000][187206.148s][info][gc,heap     ] GC(6497) Eden regions: 913->0(66)
[2025-01-09T00:25:35.782+0000][187206.148s][info][gc,heap     ] GC(6497) Survivor regions: 8->10(116)
[2025-01-09T00:25:35.782+0000][187206.148s][info][gc,heap     ] GC(6497) Old regions: 231->231
[2025-01-09T00:25:35.782+0000][187206.148s][info][gc,heap     ] GC(6497) Archive regions: 2->2
[2025-01-09T00:25:35.782+0000][187206.148s][info][gc,heap     ] GC(6497) Humongous regions: 49->49
[2025-01-09T00:25:35.782+0000][187206.148s][info][gc,metaspace] GC(6497) Metaspace: 524635K(534016K)->524635K(534016K) NonClass: 460705K(465280K)->460705K(465280K) Class: 63929K(68736K)->63929K(68736K)
[2025-01-09T00:25:35.782+0000][187206.148s][info][gc          ] GC(6497) Pause Young (Prepare Mixed) (G1 Evacuation Pause) 9609M->2320M(12288M) 34.519ms
[2025-01-09T00:25:35.782+0000][187206.148s][info][gc,cpu      ] GC(6497) User=0.20s Sys=0.00s Real=0.04s
[2025-01-09T00:25:36.058+0000][187206.424s][info][gc,start    ] GC(6498) Pause Young (Mixed) (G1 Evacuation Pause)
[2025-01-09T00:25:36.058+0000][187206.424s][info][gc,task     ] GC(6498) Using 6 workers of 6 for evacuation
[2025-01-09T00:25:36.126+0000][187206.492s][info][gc,phases   ] GC(6498)   Pre Evacuate Collection Set: 0.2ms
[2025-01-09T00:25:36.126+0000][187206.492s][info][gc,phases   ] GC(6498)   Merge Heap Roots: 0.8ms
[2025-01-09T00:25:36.126+0000][187206.492s][info][gc,phases   ] GC(6498)   Evacuate Collection Set: 64.7ms
[2025-01-09T00:25:36.126+0000][187206.492s][info][gc,phases   ] GC(6498)   Post Evacuate Collection Set: 2.2ms
[2025-01-09T00:25:36.126+0000][187206.492s][info][gc,phases   ] GC(6498)   Other: 0.2ms
[2025-01-09T00:25:36.126+0000][187206.492s][info][gc,heap     ] GC(6498) Eden regions: 66->0(915)
[2025-01-09T00:25:36.126+0000][187206.492s][info][gc,heap     ] GC(6498) Survivor regions: 10->6(10)
[2025-01-09T00:25:36.126+0000][187206.492s][info][gc,heap     ] GC(6498) Old regions: 231->232
[2025-01-09T00:25:36.126+0000][187206.492s][info][gc,heap     ] GC(6498) Archive regions: 2->2
[2025-01-09T00:25:36.126+0000][187206.492s][info][gc,heap     ] GC(6498) Humongous regions: 49->49
[2025-01-09T00:25:36.126+0000][187206.492s][info][gc,metaspace] GC(6498) Metaspace: 524635K(534016K)->524635K(534016K) NonClass: 460705K(465280K)->460705K(465280K) Class: 63929K(68736K)->63929K(68736K)
[2025-01-09T00:25:36.126+0000][187206.492s][info][gc          ] GC(6498) Pause Young (Mixed) (G1 Evacuation Pause) 2848M->2294M(12288M) 68.069ms
[2025-01-09T00:25:36.126+0000][187206.492s][info][gc,cpu      ] GC(6498) User=0.37s Sys=0.00s Real=0.07s
[2025-01-09T00:25:44.933+0000][187215.299s][info][gc,start    ] GC(6499) Pause Young (Normal) (G1 Evacuation Pause)
[2025-01-09T00:25:44.933+0000][187215.299s][info][gc,task     ] GC(6499) Using 6 workers of 6 for evacuation
[2025-01-09T00:25:44.966+0000][187215.332s][info][gc,phases   ] GC(6499)   Pre Evacuate Collection Set: 0.2ms
[2025-01-09T00:25:44.966+0000][187215.332s][info][gc,phases   ] GC(6499)   Merge Heap Roots: 0.4ms
[2025-01-09T00:25:44.966+0000][187215.332s][info][gc,phases   ] GC(6499)   Evacuate Collection Set: 27.0ms
[2025-01-09T00:25:44.966+0000][187215.332s][info][gc,phases   ] GC(6499)   Post Evacuate Collection Set: 5.2ms
[2025-01-09T00:25:44.966+0000][187215.332s][info][gc,phases   ] GC(6499)   Other: 0.2ms
[2025-01-09T00:25:44.966+0000][187215.332s][info][gc,heap     ] GC(6499) Eden regions: 915->0(912)
[2025-01-09T00:25:44.966+0000][187215.332s][info][gc,heap     ] GC(6499) Survivor regions: 6->9(116)
[2025-01-09T00:25:44.966+0000][187215.332s][info][gc,heap     ] GC(6499) Old regions: 232->232
[2025-01-09T00:25:44.966+0000][187215.332s][info][gc,heap     ] GC(6499) Archive regions: 2->2
[2025-01-09T00:25:44.966+0000][187215.332s][info][gc,heap     ] GC(6499) Humongous regions: 49->49
[2025-01-09T00:25:44.966+0000][187215.332s][info][gc,metaspace] GC(6499) Metaspace: 524635K(534016K)->524635K(534016K) NonClass: 460705K(465280K)->460705K(465280K) Class: 63929K(68736K)->63929K(68736K)
[2025-01-09T00:25:44.966+0000][187215.332s][info][gc          ] GC(6499) Pause Young (Normal) (G1 Evacuation Pause) 9614M->2319M(12288M) 33.089ms
[2025-01-09T00:25:44.966+0000][187215.332s][info][gc,cpu      ] GC(6499) User=0.20s Sys=0.00s Real=0.03s
[2025-01-09T00:25:50.759+0000][187221.125s][info][gc,start    ] GC(6500) Pause Young (Normal) (G1 Evacuation Pause)
[2025-01-09T00:25:50.759+0000][187221.125s][info][gc,task     ] GC(6500) Using 6 workers of 6 for evacuation
[2025-01-09T00:25:50.787+0000][187221.153s][info][gc,phases   ] GC(6500)   Pre Evacuate Collection Set: 0.2ms
[2025-01-09T00:25:50.787+0000][187221.153s][info][gc,phases   ] GC(6500)   Merge Heap Roots: 0.4ms
[2025-01-09T00:25:50.787+0000][187221.153s][info][gc,phases   ] GC(6500)   Evacuate Collection Set: 24.7ms
[2025-01-09T00:25:50.787+0000][187221.153s][info][gc,phases   ] GC(6500)   Post Evacuate Collection Set: 2.5ms
[2025-01-09T00:25:50.787+0000][187221.153s][info][gc,phases   ] GC(6500)   Other: 0.2ms
[2025-01-09T00:25:50.787+0000][187221.153s][info][gc,heap     ] GC(6500) Eden regions: 912->0(912)
[2025-01-09T00:25:50.787+0000][187221.153s][info][gc,heap     ] GC(6500) Survivor regions: 9->9(116)
[2025-01-09T00:25:50.787+0000][187221.153s][info][gc,heap     ] GC(6500) Old regions: 232->232
[2025-01-09T00:25:50.787+0000][187221.153s][info][gc,heap     ] GC(6500) Archive regions: 2->2
[2025-01-09T00:25:50.787+0000][187221.153s][info][gc,heap     ] GC(6500) Humongous regions: 49->49
[2025-01-09T00:25:50.787+0000][187221.153s][info][gc,metaspace] GC(6500) Metaspace: 524635K(534016K)->524635K(534016K) NonClass: 460705K(465280K)->460705K(465280K) Class: 63929K(68736K)->63929K(68736K)
[2025-01-09T00:25:50.787+0000][187221.153s][info][gc          ] GC(6500) Pause Young (Normal) (G1 Evacuation Pause) 9615M->2314M(12288M) 28.079ms
[2025-01-09T00:25:50.787+0000][187221.153s][info][gc,cpu      ] GC(6500) User=0.16s Sys=0.00s Real=0.03s
[2025-01-09T00:25:55.450+0000][187225.816s][info][gc,start    ] GC(6501) Pause Young (Concurrent Start) (G1 Evacuation Pause)
[2025-01-09T00:25:55.450+0000][187225.816s][info][gc,task     ] GC(6501) Using 6 workers of 6 for evacuation
[2025-01-09T00:25:55.482+0000][187225.848s][info][gc,phases   ] GC(6501)   Pre Evacuate Collection Set: 1.2ms
[2025-01-09T00:25:55.482+0000][187225.848s][info][gc,phases   ] GC(6501)   Merge Heap Roots: 0.4ms
[2025-01-09T00:25:55.482+0000][187225.848s][info][gc,phases   ] GC(6501)   Evacuate Collection Set: 26.2ms
[2025-01-09T00:25:55.482+0000][187225.848s][info][gc,phases   ] GC(6501)   Post Evacuate Collection Set: 3.8ms
[2025-01-09T00:25:55.482+0000][187225.848s][info][gc,phases   ] GC(6501)   Other: 0.3ms
[2025-01-09T00:25:55.482+0000][187225.848s][info][gc,heap     ] GC(6501) Eden regions: 912->0(911)
[2025-01-09T00:25:55.482+0000][187225.848s][info][gc,heap     ] GC(6501) Survivor regions: 9->10(116)
[2025-01-09T00:25:55.482+0000][187225.848s][info][gc,heap     ] GC(6501) Old regions: 232->232
[2025-01-09T00:25:55.482+0000][187225.848s][info][gc,heap     ] GC(6501) Archive regions: 2->2
[2025-01-09T00:25:55.482+0000][187225.848s][info][gc,heap     ] GC(6501) Humongous regions: 49->49
[2025-01-09T00:25:55.482+0000][187225.848s][info][gc,metaspace] GC(6501) Metaspace: 524635K(534016K)->524635K(534016K) NonClass: 460705K(465280K)->460705K(465280K) Class: 63929K(68736K)->63929K(68736K)
[2025-01-09T00:25:55.482+0000][187225.848s][info][gc          ] GC(6501) Pause Young (Concurrent Start) (G1 Evacuation Pause) 9610M->2323M(12288M) 31.990ms
[2025-01-09T00:25:55.482+0000][187225.848s][info][gc,cpu      ] GC(6501) User=0.18s Sys=0.00s Real=0.03s
[2025-01-09T00:25:55.482+0000][187225.848s][info][gc          ] GC(6502) Concurrent Mark Cycle
[2025-01-09T00:25:55.482+0000][187225.848s][info][gc,marking  ] GC(6502) Concurrent Clear Claimed Marks
[2025-01-09T00:25:55.483+0000][187225.849s][info][gc,marking  ] GC(6502) Concurrent Clear Claimed Marks 0.946ms
[2025-01-09T00:25:55.483+0000][187225.849s][info][gc,marking  ] GC(6502) Concurrent Scan Root Regions
[2025-01-09T00:25:55.505+0000][187225.871s][info][gc,marking  ] GC(6502) Concurrent Scan Root Regions 21.963ms
[2025-01-09T00:25:55.505+0000][187225.871s][info][gc,marking  ] GC(6502) Concurrent Mark
[2025-01-09T00:25:55.505+0000][187225.871s][info][gc,marking  ] GC(6502) Concurrent Mark From Roots
[2025-01-09T00:25:55.505+0000][187225.871s][info][gc,task     ] GC(6502) Using 2 workers of 2 for marking
[2025-01-09T00:25:56.403+0000][187226.769s][info][gc,marking  ] GC(6502) Concurrent Mark From Roots 898.128ms
[2025-01-09T00:25:56.403+0000][187226.769s][info][gc,marking  ] GC(6502) Concurrent Preclean
[2025-01-09T00:25:56.406+0000][187226.772s][info][gc,marking  ] GC(6502) Concurrent Preclean 3.276ms
[2025-01-09T00:25:56.406+0000][187226.773s][info][gc,start    ] GC(6502) Pause Remark
[2025-01-09T00:25:56.432+0000][187226.798s][info][gc          ] GC(6502) Pause Remark 3659M->3659M(12288M) 25.629ms
[2025-01-09T00:25:56.432+0000][187226.798s][info][gc,cpu      ] GC(6502) User=0.14s Sys=0.00s Real=0.03s
[2025-01-09T00:25:56.432+0000][187226.798s][info][gc,marking  ] GC(6502) Concurrent Mark 927.403ms
[2025-01-09T00:25:56.432+0000][187226.798s][info][gc,marking  ] GC(6502) Concurrent Rebuild Remembered Sets
[2025-01-09T00:25:57.110+0000][187227.476s][info][gc,marking  ] GC(6502) Concurrent Rebuild Remembered Sets 677.465ms
[2025-01-09T00:25:57.110+0000][187227.476s][info][gc,start    ] GC(6502) Pause Cleanup
[2025-01-09T00:25:57.110+0000][187227.476s][info][gc          ] GC(6502) Pause Cleanup 4699M->4699M(12288M) 0.381ms
[2025-01-09T00:25:57.110+0000][187227.476s][info][gc,cpu      ] GC(6502) User=0.00s Sys=0.00s Real=0.00s
[2025-01-09T00:25:57.110+0000][187227.476s][info][gc,marking  ] GC(6502) Concurrent Cleanup for Next Mark
[2025-01-09T00:25:57.126+0000][187227.492s][info][gc,marking  ] GC(6502) Concurrent Cleanup for Next Mark 15.876ms
[2025-01-09T00:25:57.126+0000][187227.492s][info][gc          ] GC(6502) Concurrent Mark Cycle 1644.418ms
[2025-01-09T00:26:00.228+0000][187230.594s][info][gc,start    ] GC(6503) Pause Young (Prepare Mixed) (G1 Evacuation Pause)
[2025-01-09T00:26:00.228+0000][187230.594s][info][gc,task     ] GC(6503) Using 6 workers of 6 for evacuation
[2025-01-09T00:26:00.260+0000][187230.626s][info][gc,phases   ] GC(6503)   Pre Evacuate Collection Set: 0.2ms
[2025-01-09T00:26:00.260+0000][187230.626s][info][gc,phases   ] GC(6503)   Merge Heap Roots: 0.7ms
[2025-01-09T00:26:00.260+0000][187230.626s][info][gc,phases   ] GC(6503)   Evacuate Collection Set: 28.8ms
[2025-01-09T00:26:00.260+0000][187230.626s][info][gc,phases   ] GC(6503)   Post Evacuate Collection Set: 2.5ms
[2025-01-09T00:26:00.260+0000][187230.626s][info][gc,phases   ] GC(6503)   Other: 0.2ms
[2025-01-09T00:26:00.260+0000][187230.626s][info][gc,heap     ] GC(6503) Eden regions: 911->0(66)
[2025-01-09T00:26:00.260+0000][187230.626s][info][gc,heap     ] GC(6503) Survivor regions: 10->10(116)
[2025-01-09T00:26:00.260+0000][187230.626s][info][gc,heap     ] GC(6503) Old regions: 232->232
[2025-01-09T00:26:00.260+0000][187230.626s][info][gc,heap     ] GC(6503) Archive regions: 2->2
[2025-01-09T00:26:00.260+0000][187230.626s][info][gc,heap     ] GC(6503) Humongous regions: 49->49
[2025-01-09T00:26:00.260+0000][187230.626s][info][gc,metaspace] GC(6503) Metaspace: 524635K(534016K)->524635K(534016K) NonClass: 460705K(465280K)->460705K(465280K) Class: 63929K(68736K)->63929K(68736K)
[2025-01-09T00:26:00.260+0000][187230.626s][info][gc          ] GC(6503) Pause Young (Prepare Mixed) (G1 Evacuation Pause) 9611M->2324M(12288M) 32.495ms
[2025-01-09T00:26:00.260+0000][187230.626s][info][gc,cpu      ] GC(6503) User=0.19s Sys=0.00s Real=0.03s
[2025-01-09T00:26:00.581+0000][187230.947s][info][gc,start    ] GC(6504) Pause Young (Mixed) (G1 Evacuation Pause)
[2025-01-09T00:26:00.581+0000][187230.947s][info][gc,task     ] GC(6504) Using 6 workers of 6 for evacuation
[2025-01-09T00:26:00.640+0000][187231.006s][info][gc,phases   ] GC(6504)   Pre Evacuate Collection Set: 0.2ms
[2025-01-09T00:26:00.640+0000][187231.006s][info][gc,phases   ] GC(6504)   Merge Heap Roots: 0.6ms
[2025-01-09T00:26:00.640+0000][187231.006s][info][gc,phases   ] GC(6504)   Evacuate Collection Set: 56.3ms
[2025-01-09T00:26:00.640+0000][187231.006s][info][gc,phases   ] GC(6504)   Post Evacuate Collection Set: 1.7ms
[2025-01-09T00:26:00.640+0000][187231.006s][info][gc,phases   ] GC(6504)   Other: 0.2ms
[2025-01-09T00:26:00.640+0000][187231.006s][info][gc,heap     ] GC(6504) Eden regions: 66->0(916)
[2025-01-09T00:26:00.640+0000][187231.006s][info][gc,heap     ] GC(6504) Survivor regions: 10->5(10)
[2025-01-09T00:26:00.640+0000][187231.006s][info][gc,heap     ] GC(6504) Old regions: 232->233
[2025-01-09T00:26:00.640+0000][187231.006s][info][gc,heap     ] GC(6504) Archive regions: 2->2
[2025-01-09T00:26:00.640+0000][187231.006s][info][gc,heap     ] GC(6504) Humongous regions: 49->49
[2025-01-09T00:26:00.640+0000][187231.006s][info][gc,metaspace] GC(6504) Metaspace: 524635K(534016K)->524635K(534016K) NonClass: 460705K(465280K)->460705K(465280K) Class: 63929K(68736K)->63929K(68736K)
[2025-01-09T00:26:00.640+0000][187231.006s][info][gc          ] GC(6504) Pause Young (Mixed) (G1 Evacuation Pause) 2852M->2299M(12288M) 59.030ms
[2025-01-09T00:26:00.640+0000][187231.006s][info][gc,cpu      ] GC(6504) User=0.34s Sys=0.00s Real=0.06s
[2025-01-09T00:26:05.468+0000][187235.835s][info][gc,start    ] GC(6505) Pause Young (Normal) (G1 Evacuation Pause)
[2025-01-09T00:26:05.469+0000][187235.835s][info][gc,task     ] GC(6505) Using 6 workers of 6 for evacuation
[2025-01-09T00:26:05.489+0000][187235.855s][info][gc,phases   ] GC(6505)   Pre Evacuate Collection Set: 0.2ms
[2025-01-09T00:26:05.489+0000][187235.855s][info][gc,phases   ] GC(6505)   Merge Heap Roots: 0.4ms
[2025-01-09T00:26:05.489+0000][187235.855s][info][gc,phases   ] GC(6505)   Evacuate Collection Set: 17.5ms
[2025-01-09T00:26:05.489+0000][187235.855s][info][gc,phases   ] GC(6505)   Post Evacuate Collection Set: 2.3ms
[2025-01-09T00:26:05.489+0000][187235.855s][info][gc,phases   ] GC(6505)   Other: 0.2ms
[2025-01-09T00:26:05.489+0000][187235.855s][info][gc,heap     ] GC(6505) Eden regions: 916->0(916)
[2025-01-09T00:26:05.489+0000][187235.855s][info][gc,heap     ] GC(6505) Survivor regions: 5->5(116)
[2025-01-09T00:26:05.489+0000][187235.855s][info][gc,heap     ] GC(6505) Old regions: 233->233
[2025-01-09T00:26:05.489+0000][187235.855s][info][gc,heap     ] GC(6505) Archive regions: 2->2
[2025-01-09T00:26:05.489+0000][187235.855s][info][gc,heap     ] GC(6505) Humongous regions: 49->49
[2025-01-09T00:26:05.489+0000][187235.855s][info][gc,metaspace] GC(6505) Metaspace: 524635K(534016K)->524635K(534016K) NonClass: 460705K(465280K)->460705K(465280K) Class: 63929K(68736K)->63929K(68736K)
[2025-01-09T00:26:05.489+0000][187235.855s][info][gc          ] GC(6505) Pause Young (Normal) (G1 Evacuation Pause) 9627M->2302M(12288M) 20.653ms
[2025-01-09T00:26:05.489+0000][187235.855s][info][gc,cpu      ] GC(6505) User=0.12s Sys=0.00s Real=0.02s
[2025-01-09T00:26:09.539+0000][187239.905s][info][gc,start    ] GC(6506) Pause Young (Normal) (G1 Evacuation Pause)
[2025-01-09T00:26:09.539+0000][187239.905s][info][gc,task     ] GC(6506) Using 6 workers of 6 for evacuation
[2025-01-09T00:26:09.561+0000][187239.927s][info][gc,phases   ] GC(6506)   Pre Evacuate Collection Set: 0.2ms
[2025-01-09T00:26:09.561+0000][187239.927s][info][gc,phases   ] GC(6506)   Merge Heap Roots: 0.4ms
[2025-01-09T00:26:09.561+0000][187239.927s][info][gc,phases   ] GC(6506)   Evacuate Collection Set: 18.7ms
[2025-01-09T00:26:09.561+0000][187239.927s][info][gc,phases   ] GC(6506)   Post Evacuate Collection Set: 2.4ms
[2025-01-09T00:26:09.561+0000][187239.927s][info][gc,phases   ] GC(6506)   Other: 0.2ms
[2025-01-09T00:26:09.561+0000][187239.927s][info][gc,heap     ] GC(6506) Eden regions: 916->0(915)
[2025-01-09T00:26:09.561+0000][187239.927s][info][gc,heap     ] GC(6506) Survivor regions: 5->6(116)
[2025-01-09T00:26:09.561+0000][187239.927s][info][gc,heap     ] GC(6506) Old regions: 233->233
[2025-01-09T00:26:09.561+0000][187239.927s][info][gc,heap     ] GC(6506) Archive regions: 2->2
[2025-01-09T00:26:09.561+0000][187239.927s][info][gc,heap     ] GC(6506) Humongous regions: 49->49
[2025-01-09T00:26:09.561+0000][187239.927s][info][gc,metaspace] GC(6506) Metaspace: 524635K(534016K)->524635K(534016K) NonClass: 460705K(465280K)->460705K(465280K) Class: 63929K(68736K)->63929K(68736K)
[2025-01-09T00:26:09.561+0000][187239.927s][info][gc          ] GC(6506) Pause Young (Normal) (G1 Evacuation Pause) 9630M->2307M(12288M) 22.007ms
[2025-01-09T00:26:09.561+0000][187239.928s][info][gc,cpu      ] GC(6506) User=0.13s Sys=0.00s Real=0.02s
[2025-01-09T00:26:15.925+0000][187246.291s][info][gc,start    ] GC(6507) Pause Young (Concurrent Start) (G1 Evacuation Pause)
[2025-01-09T00:26:15.925+0000][187246.291s][info][gc,task     ] GC(6507) Using 6 workers of 6 for evacuation
[2025-01-09T00:26:15.952+0000][187246.318s][info][gc,phases   ] GC(6507)   Pre Evacuate Collection Set: 1.2ms
[2025-01-09T00:26:15.952+0000][187246.318s][info][gc,phases   ] GC(6507)   Merge Heap Roots: 0.4ms
[2025-01-09T00:26:15.952+0000][187246.318s][info][gc,phases   ] GC(6507)   Evacuate Collection Set: 22.6ms
[2025-01-09T00:26:15.952+0000][187246.318s][info][gc,phases   ] GC(6507)   Post Evacuate Collection Set: 2.6ms
[2025-01-09T00:26:15.952+0000][187246.318s][info][gc,phases   ] GC(6507)   Other: 0.3ms
[2025-01-09T00:26:15.952+0000][187246.318s][info][gc,heap     ] GC(6507) Eden regions: 915->0(914)
[2025-01-09T00:26:15.952+0000][187246.318s][info][gc,heap     ] GC(6507) Survivor regions: 6->7(116)
[2025-01-09T00:26:15.952+0000][187246.318s][info][gc,heap     ] GC(6507) Old regions: 233->233
[2025-01-09T00:26:15.952+0000][187246.318s][info][gc,heap     ] GC(6507) Archive regions: 2->2
[2025-01-09T00:26:15.952+0000][187246.318s][info][gc,heap     ] GC(6507) Humongous regions: 49->49
[2025-01-09T00:26:15.952+0000][187246.318s][info][gc,metaspace] GC(6507) Metaspace: 524636K(534016K)->524636K(534016K) NonClass: 460706K(465280K)->460706K(465280K) Class: 63929K(68736K)->63929K(68736K)
[2025-01-09T00:26:15.952+0000][187246.318s][info][gc          ] GC(6507) Pause Young (Concurrent Start) (G1 Evacuation Pause) 9627M->2318M(12288M) 27.183ms
[2025-01-09T00:26:15.952+0000][187246.318s][info][gc,cpu      ] GC(6507) User=0.14s Sys=0.01s Real=0.03s
[2025-01-09T00:26:15.952+0000][187246.318s][info][gc          ] GC(6508) Concurrent Mark Cycle
[2025-01-09T00:26:15.952+0000][187246.319s][info][gc,marking  ] GC(6508) Concurrent Clear Claimed Marks
[2025-01-09T00:26:15.953+0000][187246.319s][info][gc,marking  ] GC(6508) Concurrent Clear Claimed Marks 0.926ms
[2025-01-09T00:26:15.953+0000][187246.319s][info][gc,marking  ] GC(6508) Concurrent Scan Root Regions
[2025-01-09T00:26:15.973+0000][187246.339s][info][gc,marking  ] GC(6508) Concurrent Scan Root Regions 19.624ms
[2025-01-09T00:26:15.973+0000][187246.339s][info][gc,marking  ] GC(6508) Concurrent Mark
[2025-01-09T00:26:15.973+0000][187246.339s][info][gc,marking  ] GC(6508) Concurrent Mark From Roots
[2025-01-09T00:26:15.973+0000][187246.339s][info][gc,task     ] GC(6508) Using 2 workers of 2 for marking
[2025-01-09T00:26:17.123+0000][187247.489s][info][gc,marking  ] GC(6508) Concurrent Mark From Roots 1149.516ms
[2025-01-09T00:26:17.123+0000][187247.489s][info][gc,marking  ] GC(6508) Concurrent Preclean
[2025-01-09T00:26:17.125+0000][187247.491s][info][gc,marking  ] GC(6508) Concurrent Preclean 2.524ms
[2025-01-09T00:26:17.125+0000][187247.491s][info][gc,start    ] GC(6508) Pause Remark
[2025-01-09T00:26:17.151+0000][187247.517s][info][gc          ] GC(6508) Pause Remark 4198M->4198M(12288M) 25.588ms
[2025-01-09T00:26:17.151+0000][187247.517s][info][gc,cpu      ] GC(6508) User=0.14s Sys=0.00s Real=0.03s
[2025-01-09T00:26:17.151+0000][187247.517s][info][gc,marking  ] GC(6508) Concurrent Mark 1178.011ms
[2025-01-09T00:26:17.151+0000][187247.517s][info][gc,marking  ] GC(6508) Concurrent Rebuild Remembered Sets
[2025-01-09T00:26:17.737+0000][187248.103s][info][gc,marking  ] GC(6508) Concurrent Rebuild Remembered Sets 585.591ms
[2025-01-09T00:26:17.737+0000][187248.103s][info][gc,start    ] GC(6508) Pause Cleanup
[2025-01-09T00:26:17.737+0000][187248.103s][info][gc          ] GC(6508) Pause Cleanup 5030M->5030M(12288M) 0.452ms
[2025-01-09T00:26:17.737+0000][187248.103s][info][gc,cpu      ] GC(6508) User=0.00s Sys=0.00s Real=0.00s
[2025-01-09T00:26:17.737+0000][187248.103s][info][gc,marking  ] GC(6508) Concurrent Cleanup for Next Mark
[2025-01-09T00:26:17.754+0000][187248.120s][info][gc,marking  ] GC(6508) Concurrent Cleanup for Next Mark 16.992ms
[2025-01-09T00:26:17.754+0000][187248.121s][info][gc          ] GC(6508) Concurrent Mark Cycle 1802.048ms
[2025-01-09T00:26:20.906+0000][187251.272s][info][gc,start    ] GC(6509) Pause Young (Prepare Mixed) (GCLocker Initiated GC)
[2025-01-09T00:26:20.906+0000][187251.272s][info][gc,task     ] GC(6509) Using 6 workers of 6 for evacuation
[2025-01-09T00:26:20.935+0000][187251.301s][info][gc,phases   ] GC(6509)   Pre Evacuate Collection Set: 0.2ms
[2025-01-09T00:26:20.935+0000][187251.301s][info][gc,phases   ] GC(6509)   Merge Heap Roots: 0.7ms
[2025-01-09T00:26:20.935+0000][187251.301s][info][gc,phases   ] GC(6509)   Evacuate Collection Set: 25.5ms
[2025-01-09T00:26:20.935+0000][187251.301s][info][gc,phases   ] GC(6509)   Post Evacuate Collection Set: 2.7ms
[2025-01-09T00:26:20.935+0000][187251.301s][info][gc,phases   ] GC(6509)   Other: 0.2ms
[2025-01-09T00:26:20.935+0000][187251.301s][info][gc,heap     ] GC(6509) Eden regions: 915->0(68)
[2025-01-09T00:26:20.935+0000][187251.301s][info][gc,heap     ] GC(6509) Survivor regions: 7->8(116)
[2025-01-09T00:26:20.935+0000][187251.301s][info][gc,heap     ] GC(6509) Old regions: 233->233
[2025-01-09T00:26:20.935+0000][187251.301s][info][gc,heap     ] GC(6509) Archive regions: 2->2
[2025-01-09T00:26:20.935+0000][187251.301s][info][gc,heap     ] GC(6509) Humongous regions: 49->49
[2025-01-09T00:26:20.935+0000][187251.301s][info][gc,metaspace] GC(6509) Metaspace: 524636K(534016K)->524636K(534016K) NonClass: 460706K(465280K)->460706K(465280K) Class: 63929K(68736K)->63929K(68736K)
[2025-01-09T00:26:20.935+0000][187251.301s][info][gc          ] GC(6509) Pause Young (Prepare Mixed) (GCLocker Initiated GC) 9630M->2326M(12288M) 29.311ms
[2025-01-09T00:26:20.935+0000][187251.301s][info][gc,cpu      ] GC(6509) User=0.17s Sys=0.00s Real=0.03s
[2025-01-09T00:26:21.293+0000][187251.659s][info][gc,start    ] GC(6510) Pause Young (Mixed) (G1 Evacuation Pause)
[2025-01-09T00:26:21.293+0000][187251.659s][info][gc,task     ] GC(6510) Using 6 workers of 6 for evacuation
[2025-01-09T00:26:21.327+0000][187251.693s][info][gc,phases   ] GC(6510)   Pre Evacuate Collection Set: 0.2ms
[2025-01-09T00:26:21.327+0000][187251.693s][info][gc,phases   ] GC(6510)   Merge Heap Roots: 0.4ms
[2025-01-09T00:26:21.327+0000][187251.693s][info][gc,phases   ] GC(6510)   Evacuate Collection Set: 31.7ms
[2025-01-09T00:26:21.327+0000][187251.693s][info][gc,phases   ] GC(6510)   Post Evacuate Collection Set: 1.7ms
[2025-01-09T00:26:21.327+0000][187251.693s][info][gc,phases   ] GC(6510)   Other: 0.2ms
[2025-01-09T00:26:21.327+0000][187251.693s][info][gc,heap     ] GC(6510) Eden regions: 68->0(916)
[2025-01-09T00:26:21.327+0000][187251.693s][info][gc,heap     ] GC(6510) Survivor regions: 8->5(10)
[2025-01-09T00:26:21.327+0000][187251.693s][info][gc,heap     ] GC(6510) Old regions: 233->230
[2025-01-09T00:26:21.327+0000][187251.693s][info][gc,heap     ] GC(6510) Archive regions: 2->2
[2025-01-09T00:26:21.327+0000][187251.693s][info][gc,heap     ] GC(6510) Humongous regions: 49->49
[2025-01-09T00:26:21.327+0000][187251.693s][info][gc,metaspace] GC(6510) Metaspace: 524636K(534016K)->524636K(534016K) NonClass: 460706K(465280K)->460706K(465280K) Class: 63929K(68736K)->63929K(68736K)
[2025-01-09T00:26:21.327+0000][187251.693s][info][gc          ] GC(6510) Pause Young (Mixed) (G1 Evacuation Pause) 2870M->2276M(12288M) 34.264ms
[2025-01-09T00:26:21.327+0000][187251.693s][info][gc,cpu      ] GC(6510) User=0.20s Sys=0.00s Real=0.03s
[2025-01-09T00:26:31.049+0000][187261.415s][info][gc,start    ] GC(6511) Pause Young (Normal) (G1 Evacuation Pause)
[2025-01-09T00:26:31.049+0000][187261.415s][info][gc,task     ] GC(6511) Using 6 workers of 6 for evacuation
[2025-01-09T00:26:31.072+0000][187261.439s][info][gc,phases   ] GC(6511)   Pre Evacuate Collection Set: 0.2ms
[2025-01-09T00:26:31.072+0000][187261.439s][info][gc,phases   ] GC(6511)   Merge Heap Roots: 0.4ms
[2025-01-09T00:26:31.072+0000][187261.439s][info][gc,phases   ] GC(6511)   Evacuate Collection Set: 20.2ms
[2025-01-09T00:26:31.072+0000][187261.439s][info][gc,phases   ] GC(6511)   Post Evacuate Collection Set: 2.6ms
[2025-01-09T00:26:31.073+0000][187261.439s][info][gc,phases   ] GC(6511)   Other: 0.2ms
[2025-01-09T00:26:31.073+0000][187261.439s][info][gc,heap     ] GC(6511) Eden regions: 916->0(914)
[2025-01-09T00:26:31.073+0000][187261.439s][info][gc,heap     ] GC(6511) Survivor regions: 5->7(116)
[2025-01-09T00:26:31.073+0000][187261.439s][info][gc,heap     ] GC(6511) Old regions: 230->230
[2025-01-09T00:26:31.073+0000][187261.439s][info][gc,heap     ] GC(6511) Archive regions: 2->2
[2025-01-09T00:26:31.073+0000][187261.439s][info][gc,heap     ] GC(6511) Humongous regions: 49->49
[2025-01-09T00:26:31.073+0000][187261.439s][info][gc,metaspace] GC(6511) Metaspace: 524636K(534016K)->524636K(534016K) NonClass: 460706K(465280K)->460706K(465280K) Class: 63929K(68736K)->63929K(68736K)
[2025-01-09T00:26:31.073+0000][187261.439s][info][gc          ] GC(6511) Pause Young (Normal) (G1 Evacuation Pause) 9604M->2286M(12288M) 23.693ms
[2025-01-09T00:26:31.073+0000][187261.439s][info][gc,cpu      ] GC(6511) User=0.14s Sys=0.00s Real=0.03s
[2025-01-09T00:26:37.297+0000][187267.663s][info][gc,start    ] GC(6512) Pause Young (Normal) (G1 Evacuation Pause)
[2025-01-09T00:26:37.297+0000][187267.663s][info][gc,task     ] GC(6512) Using 6 workers of 6 for evacuation
[2025-01-09T00:26:37.327+0000][187267.693s][info][gc,phases   ] GC(6512)   Pre Evacuate Collection Set: 0.2ms
[2025-01-09T00:26:37.327+0000][187267.693s][info][gc,phases   ] GC(6512)   Merge Heap Roots: 0.4ms
[2025-01-09T00:26:37.327+0000][187267.693s][info][gc,phases   ] GC(6512)   Evacuate Collection Set: 23.8ms
[2025-01-09T00:26:37.327+0000][187267.693s][info][gc,phases   ] GC(6512)   Post Evacuate Collection Set: 5.1ms
[2025-01-09T00:26:37.327+0000][187267.693s][info][gc,phases   ] GC(6512)   Other: 0.2ms
[2025-01-09T00:26:37.327+0000][187267.693s][info][gc,heap     ] GC(6512) Eden regions: 914->0(912)
[2025-01-09T00:26:37.327+0000][187267.693s][info][gc,heap     ] GC(6512) Survivor regions: 7->9(116)
[2025-01-09T00:26:37.327+0000][187267.693s][info][gc,heap     ] GC(6512) Old regions: 230->230
[2025-01-09T00:26:37.327+0000][187267.693s][info][gc,heap     ] GC(6512) Archive regions: 2->2
[2025-01-09T00:26:37.327+0000][187267.693s][info][gc,heap     ] GC(6512) Humongous regions: 49->49
[2025-01-09T00:26:37.327+0000][187267.693s][info][gc,metaspace] GC(6512) Metaspace: 524636K(534016K)->524636K(534016K) NonClass: 460706K(465280K)->460706K(465280K) Class: 63929K(68736K)->63929K(68736K)
[2025-01-09T00:26:37.327+0000][187267.693s][info][gc          ] GC(6512) Pause Young (Normal) (G1 Evacuation Pause) 9598M->2309M(12288M) 29.893ms
[2025-01-09T00:26:37.327+0000][187267.693s][info][gc,cpu      ] GC(6512) User=0.17s Sys=0.00s Real=0.03s
[2025-01-09T00:26:42.958+0000][187273.324s][info][gc,start    ] GC(6513) Pause Young (Concurrent Start) (G1 Humongous Allocation)
[2025-01-09T00:26:42.958+0000][187273.324s][info][gc,task     ] GC(6513) Using 6 workers of 6 for evacuation
[2025-01-09T00:26:42.991+0000][187273.357s][info][gc,phases   ] GC(6513)   Pre Evacuate Collection Set: 1.1ms
[2025-01-09T00:26:42.991+0000][187273.357s][info][gc,phases   ] GC(6513)   Merge Heap Roots: 0.4ms
[2025-01-09T00:26:42.991+0000][187273.357s][info][gc,phases   ] GC(6513)   Evacuate Collection Set: 28.1ms
[2025-01-09T00:26:42.991+0000][187273.357s][info][gc,phases   ] GC(6513)   Post Evacuate Collection Set: 2.6ms
[2025-01-09T00:26:42.991+0000][187273.357s][info][gc,phases   ] GC(6513)   Other: 0.3ms
[2025-01-09T00:26:42.991+0000][187273.357s][info][gc,heap     ] GC(6513) Eden regions: 687->0(911)
[2025-01-09T00:26:42.991+0000][187273.357s][info][gc,heap     ] GC(6513) Survivor regions: 9->10(116)
[2025-01-09T00:26:42.991+0000][187273.357s][info][gc,heap     ] GC(6513) Old regions: 230->230
[2025-01-09T00:26:42.991+0000][187273.357s][info][gc,heap     ] GC(6513) Archive regions: 2->2
[2025-01-09T00:26:42.991+0000][187273.357s][info][gc,heap     ] GC(6513) Humongous regions: 49->49
[2025-01-09T00:26:42.991+0000][187273.357s][info][gc,metaspace] GC(6513) Metaspace: 524636K(534016K)->524636K(534016K) NonClass: 460706K(465280K)->460706K(465280K) Class: 63929K(68736K)->63929K(68736K)
[2025-01-09T00:26:42.991+0000][187273.357s][info][gc          ] GC(6513) Pause Young (Concurrent Start) (G1 Humongous Allocation) 7800M->2313M(12288M) 32.657ms
[2025-01-09T00:26:42.991+0000][187273.357s][info][gc,cpu      ] GC(6513) User=0.18s Sys=0.00s Real=0.04s
[2025-01-09T00:26:42.991+0000][187273.357s][info][gc          ] GC(6514) Concurrent Mark Cycle
[2025-01-09T00:26:42.991+0000][187273.357s][info][gc,marking  ] GC(6514) Concurrent Clear Claimed Marks
[2025-01-09T00:26:42.992+0000][187273.358s][info][gc,marking  ] GC(6514) Concurrent Clear Claimed Marks 0.994ms
[2025-01-09T00:26:42.992+0000][187273.358s][info][gc,marking  ] GC(6514) Concurrent Scan Root Regions
[2025-01-09T00:26:43.019+0000][187273.385s][info][gc,marking  ] GC(6514) Concurrent Scan Root Regions 26.500ms
[2025-01-09T00:26:43.019+0000][187273.385s][info][gc,marking  ] GC(6514) Concurrent Mark
[2025-01-09T00:26:43.019+0000][187273.385s][info][gc,marking  ] GC(6514) Concurrent Mark From Roots
[2025-01-09T00:26:43.019+0000][187273.385s][info][gc,task     ] GC(6514) Using 2 workers of 2 for marking
[2025-01-09T00:26:43.894+0000][187274.260s][info][gc,marking  ] GC(6514) Concurrent Mark From Roots 875.259ms
[2025-01-09T00:26:43.894+0000][187274.260s][info][gc,marking  ] GC(6514) Concurrent Preclean
[2025-01-09T00:26:43.897+0000][187274.263s][info][gc,marking  ] GC(6514) Concurrent Preclean 2.538ms
[2025-01-09T00:26:43.897+0000][187274.263s][info][gc,start    ] GC(6514) Pause Remark
[2025-01-09T00:26:43.922+0000][187274.288s][info][gc          ] GC(6514) Pause Remark 2889M->2889M(12288M) 25.164ms
[2025-01-09T00:26:43.922+0000][187274.288s][info][gc,cpu      ] GC(6514) User=0.14s Sys=0.00s Real=0.03s
[2025-01-09T00:26:43.922+0000][187274.288s][info][gc,marking  ] GC(6514) Concurrent Mark 903.290ms
[2025-01-09T00:26:43.922+0000][187274.288s][info][gc,marking  ] GC(6514) Concurrent Rebuild Remembered Sets
[2025-01-09T00:26:44.429+0000][187274.796s][info][gc,marking  ] GC(6514) Concurrent Rebuild Remembered Sets 507.499ms
[2025-01-09T00:26:44.430+0000][187274.796s][info][gc,start    ] GC(6514) Pause Cleanup
[2025-01-09T00:26:44.430+0000][187274.796s][info][gc          ] GC(6514) Pause Cleanup 2969M->2969M(12288M) 0.390ms
[2025-01-09T00:26:44.430+0000][187274.796s][info][gc,cpu      ] GC(6514) User=0.00s Sys=0.00s Real=0.00s
[2025-01-09T00:26:44.430+0000][187274.796s][info][gc,marking  ] GC(6514) Concurrent Cleanup for Next Mark
[2025-01-09T00:26:44.446+0000][187274.812s][info][gc,marking  ] GC(6514) Concurrent Cleanup for Next Mark 15.472ms
[2025-01-09T00:26:44.446+0000][187274.812s][info][gc          ] GC(6514) Concurrent Mark Cycle 1454.527ms
[2025-01-09T00:26:50.257+0000][187280.623s][info][gc,start    ] GC(6515) Pause Young (Prepare Mixed) (G1 Evacuation Pause)
[2025-01-09T00:26:50.257+0000][187280.624s][info][gc,task     ] GC(6515) Using 6 workers of 6 for evacuation
[2025-01-09T00:26:50.294+0000][187280.660s][info][gc,phases   ] GC(6515)   Pre Evacuate Collection Set: 0.2ms
[2025-01-09T00:26:50.294+0000][187280.660s][info][gc,phases   ] GC(6515)   Merge Heap Roots: 0.7ms
[2025-01-09T00:26:50.294+0000][187280.660s][info][gc,phases   ] GC(6515)   Evacuate Collection Set: 31.1ms
[2025-01-09T00:26:50.294+0000][187280.660s][info][gc,phases   ] GC(6515)   Post Evacuate Collection Set: 4.1ms
[2025-01-09T00:26:50.294+0000][187280.660s][info][gc,phases   ] GC(6515)   Other: 0.2ms
[2025-01-09T00:26:50.294+0000][187280.660s][info][gc,heap     ] GC(6515) Eden regions: 911->0(64)
[2025-01-09T00:26:50.294+0000][187280.660s][info][gc,heap     ] GC(6515) Survivor regions: 10->12(116)
[2025-01-09T00:26:50.294+0000][187280.660s][info][gc,heap     ] GC(6515) Old regions: 230->230
[2025-01-09T00:26:50.294+0000][187280.660s][info][gc,heap     ] GC(6515) Archive regions: 2->2
[2025-01-09T00:26:50.294+0000][187280.660s][info][gc,heap     ] GC(6515) Humongous regions: 53->53
[2025-01-09T00:26:50.294+0000][187280.660s][info][gc,metaspace] GC(6515) Metaspace: 524636K(534016K)->524636K(534016K) NonClass: 460706K(465280K)->460706K(465280K) Class: 63929K(68736K)->63929K(68736K)
[2025-01-09T00:26:50.294+0000][187280.660s][info][gc          ] GC(6515) Pause Young (Prepare Mixed) (G1 Evacuation Pause) 9633M->2359M(12288M) 36.427ms
[2025-01-09T00:26:50.294+0000][187280.660s][info][gc,cpu      ] GC(6515) User=0.20s Sys=0.00s Real=0.04s
[2025-01-09T00:26:50.745+0000][187281.112s][info][gc,start    ] GC(6516) Pause Young (Mixed) (G1 Evacuation Pause)
[2025-01-09T00:26:50.746+0000][187281.112s][info][gc,task     ] GC(6516) Using 6 workers of 6 for evacuation
[2025-01-09T00:26:50.809+0000][187281.175s][info][gc,phases   ] GC(6516)   Pre Evacuate Collection Set: 0.2ms
[2025-01-09T00:26:50.809+0000][187281.175s][info][gc,phases   ] GC(6516)   Merge Heap Roots: 0.7ms
[2025-01-09T00:26:50.809+0000][187281.175s][info][gc,phases   ] GC(6516)   Evacuate Collection Set: 60.4ms
[2025-01-09T00:26:50.809+0000][187281.175s][info][gc,phases   ] GC(6516)   Post Evacuate Collection Set: 1.8ms
[2025-01-09T00:26:50.809+0000][187281.175s][info][gc,phases   ] GC(6516)   Other: 0.2ms
[2025-01-09T00:26:50.809+0000][187281.175s][info][gc,heap     ] GC(6516) Eden regions: 64->0(916)
[2025-01-09T00:26:50.809+0000][187281.175s][info][gc,heap     ] GC(6516) Survivor regions: 12->5(10)
[2025-01-09T00:26:50.809+0000][187281.175s][info][gc,heap     ] GC(6516) Old regions: 230->232
[2025-01-09T00:26:50.809+0000][187281.175s][info][gc,heap     ] GC(6516) Archive regions: 2->2
[2025-01-09T00:26:50.809+0000][187281.175s][info][gc,heap     ] GC(6516) Humongous regions: 53->53
[2025-01-09T00:26:50.809+0000][187281.175s][info][gc,metaspace] GC(6516) Metaspace: 524636K(534016K)->524636K(534016K) NonClass: 460707K(465280K)->460707K(465280K) Class: 63929K(68736K)->63929K(68736K)
[2025-01-09T00:26:50.809+0000][187281.175s][info][gc          ] GC(6516) Pause Young (Mixed) (G1 Evacuation Pause) 2871M->2321M(12288M) 63.399ms
[2025-01-09T00:26:50.809+0000][187281.175s][info][gc,cpu      ] GC(6516) User=0.37s Sys=0.00s Real=0.06s
[2025-01-09T00:26:59.435+0000][187289.801s][info][gc,start    ] GC(6517) Pause Young (Normal) (G1 Evacuation Pause)
[2025-01-09T00:26:59.435+0000][187289.801s][info][gc,task     ] GC(6517) Using 6 workers of 6 for evacuation
[2025-01-09T00:26:59.459+0000][187289.825s][info][gc,phases   ] GC(6517)   Pre Evacuate Collection Set: 0.2ms
[2025-01-09T00:26:59.459+0000][187289.825s][info][gc,phases   ] GC(6517)   Merge Heap Roots: 0.4ms
[2025-01-09T00:26:59.459+0000][187289.825s][info][gc,phases   ] GC(6517)   Evacuate Collection Set: 20.8ms
[2025-01-09T00:26:59.459+0000][187289.825s][info][gc,phases   ] GC(6517)   Post Evacuate Collection Set: 2.6ms
[2025-01-09T00:26:59.459+0000][187289.825s][info][gc,phases   ] GC(6517)   Other: 0.2ms
[2025-01-09T00:26:59.459+0000][187289.825s][info][gc,heap     ] GC(6517) Eden regions: 916->0(915)
[2025-01-09T00:26:59.459+0000][187289.825s][info][gc,heap     ] GC(6517) Survivor regions: 5->6(116)
[2025-01-09T00:26:59.459+0000][187289.825s][info][gc,heap     ] GC(6517) Old regions: 232->232
[2025-01-09T00:26:59.459+0000][187289.825s][info][gc,heap     ] GC(6517) Archive regions: 2->2
[2025-01-09T00:26:59.459+0000][187289.825s][info][gc,heap     ] GC(6517) Humongous regions: 53->53
[2025-01-09T00:26:59.459+0000][187289.825s][info][gc,metaspace] GC(6517) Metaspace: 524636K(534016K)->524636K(534016K) NonClass: 460707K(465280K)->460707K(465280K) Class: 63929K(68736K)->63929K(68736K)
[2025-01-09T00:26:59.459+0000][187289.825s][info][gc          ] GC(6517) Pause Young (Normal) (G1 Evacuation Pause) 9649M->2328M(12288M) 24.351ms
[2025-01-09T00:26:59.459+0000][187289.825s][info][gc,cpu      ] GC(6517) User=0.14s Sys=0.00s Real=0.02s
[2025-01-09T00:27:06.468+0000][187296.834s][info][gc,start    ] GC(6518) Pause Young (Normal) (G1 Evacuation Pause)
[2025-01-09T00:27:06.468+0000][187296.834s][info][gc,task     ] GC(6518) Using 6 workers of 6 for evacuation
[2025-01-09T00:27:06.495+0000][187296.861s][info][gc,phases   ] GC(6518)   Pre Evacuate Collection Set: 0.2ms
[2025-01-09T00:27:06.495+0000][187296.861s][info][gc,phases   ] GC(6518)   Merge Heap Roots: 0.4ms
[2025-01-09T00:27:06.495+0000][187296.861s][info][gc,phases   ] GC(6518)   Evacuate Collection Set: 24.0ms
[2025-01-09T00:27:06.495+0000][187296.861s][info][gc,phases   ] GC(6518)   Post Evacuate Collection Set: 2.6ms
[2025-01-09T00:27:06.495+0000][187296.861s][info][gc,phases   ] GC(6518)   Other: 0.2ms
[2025-01-09T00:27:06.495+0000][187296.861s][info][gc,heap     ] GC(6518) Eden regions: 915->0(913)
[2025-01-09T00:27:06.495+0000][187296.861s][info][gc,heap     ] GC(6518) Survivor regions: 6->8(116)
[2025-01-09T00:27:06.495+0000][187296.861s][info][gc,heap     ] GC(6518) Old regions: 232->232
[2025-01-09T00:27:06.495+0000][187296.861s][info][gc,heap     ] GC(6518) Archive regions: 2->2
[2025-01-09T00:27:06.495+0000][187296.861s][info][gc,heap     ] GC(6518) Humongous regions: 53->53
[2025-01-09T00:27:06.495+0000][187296.861s][info][gc,metaspace] GC(6518) Metaspace: 524636K(534016K)->524636K(534016K) NonClass: 460707K(465280K)->460707K(465280K) Class: 63929K(68736K)->63929K(68736K)
[2025-01-09T00:27:06.495+0000][187296.861s][info][gc          ] GC(6518) Pause Young (Normal) (G1 Evacuation Pause) 9648M->2338M(12288M) 27.562ms
[2025-01-09T00:27:06.495+0000][187296.861s][info][gc,cpu      ] GC(6518) User=0.16s Sys=0.00s Real=0.03s
[2025-01-09T00:27:12.763+0000][187303.129s][info][gc,start    ] GC(6519) Pause Young (Concurrent Start) (G1 Evacuation Pause)
[2025-01-09T00:27:12.763+0000][187303.129s][info][gc,task     ] GC(6519) Using 6 workers of 6 for evacuation
[2025-01-09T00:27:12.793+0000][187303.159s][info][gc,phases   ] GC(6519)   Pre Evacuate Collection Set: 1.2ms
[2025-01-09T00:27:12.793+0000][187303.159s][info][gc,phases   ] GC(6519)   Merge Heap Roots: 0.4ms
[2025-01-09T00:27:12.793+0000][187303.159s][info][gc,phases   ] GC(6519)   Evacuate Collection Set: 26.3ms
[2025-01-09T00:27:12.793+0000][187303.159s][info][gc,phases   ] GC(6519)   Post Evacuate Collection Set: 2.4ms
[2025-01-09T00:27:12.793+0000][187303.159s][info][gc,phases   ] GC(6519)   Other: 0.3ms
[2025-01-09T00:27:12.793+0000][187303.159s][info][gc,heap     ] GC(6519) Eden regions: 913->0(914)
[2025-01-09T00:27:12.793+0000][187303.159s][info][gc,heap     ] GC(6519) Survivor regions: 8->7(116)
[2025-01-09T00:27:12.793+0000][187303.159s][info][gc,heap     ] GC(6519) Old regions: 232->232
[2025-01-09T00:27:12.793+0000][187303.159s][info][gc,heap     ] GC(6519) Archive regions: 2->2
[2025-01-09T00:27:12.793+0000][187303.159s][info][gc,heap     ] GC(6519) Humongous regions: 53->53
[2025-01-09T00:27:12.793+0000][187303.159s][info][gc,metaspace] GC(6519) Metaspace: 524637K(534016K)->524637K(534016K) NonClass: 460707K(465280K)->460707K(465280K) Class: 63929K(68736K)->63929K(68736K)
[2025-01-09T00:27:12.793+0000][187303.159s][info][gc          ] GC(6519) Pause Young (Concurrent Start) (G1 Evacuation Pause) 9642M->2334M(12288M) 30.739ms
[2025-01-09T00:27:12.793+0000][187303.160s][info][gc,cpu      ] GC(6519) User=0.17s Sys=0.00s Real=0.03s
[2025-01-09T00:27:12.793+0000][187303.160s][info][gc          ] GC(6520) Concurrent Mark Cycle
[2025-01-09T00:27:12.794+0000][187303.160s][info][gc,marking  ] GC(6520) Concurrent Clear Claimed Marks
[2025-01-09T00:27:12.795+0000][187303.161s][info][gc,marking  ] GC(6520) Concurrent Clear Claimed Marks 0.987ms
[2025-01-09T00:27:12.795+0000][187303.161s][info][gc,marking  ] GC(6520) Concurrent Scan Root Regions
[2025-01-09T00:27:12.818+0000][187303.184s][info][gc,marking  ] GC(6520) Concurrent Scan Root Regions 23.626ms
[2025-01-09T00:27:12.818+0000][187303.184s][info][gc,marking  ] GC(6520) Concurrent Mark
[2025-01-09T00:27:12.818+0000][187303.184s][info][gc,marking  ] GC(6520) Concurrent Mark From Roots
[2025-01-09T00:27:12.818+0000][187303.184s][info][gc,task     ] GC(6520) Using 2 workers of 2 for marking
[2025-01-09T00:27:13.606+0000][187303.972s][info][gc,marking  ] GC(6520) Concurrent Mark From Roots 788.023ms
[2025-01-09T00:27:13.606+0000][187303.972s][info][gc,marking  ] GC(6520) Concurrent Preclean
[2025-01-09T00:27:13.609+0000][187303.975s][info][gc,marking  ] GC(6520) Concurrent Preclean 2.419ms
[2025-01-09T00:27:13.609+0000][187303.975s][info][gc,start    ] GC(6520) Pause Remark
[2025-01-09T00:27:13.634+0000][187304.000s][info][gc          ] GC(6520) Pause Remark 3066M->3034M(12288M) 25.500ms
[2025-01-09T00:27:13.634+0000][187304.000s][info][gc,cpu      ] GC(6520) User=0.14s Sys=0.01s Real=0.03s
[2025-01-09T00:27:13.634+0000][187304.001s][info][gc,marking  ] GC(6520) Concurrent Mark 816.269ms
[2025-01-09T00:27:13.634+0000][187304.001s][info][gc,marking  ] GC(6520) Concurrent Rebuild Remembered Sets
[2025-01-09T00:27:14.270+0000][187304.636s][info][gc,marking  ] GC(6520) Concurrent Rebuild Remembered Sets 635.855ms
[2025-01-09T00:27:14.270+0000][187304.637s][info][gc,start    ] GC(6520) Pause Cleanup
[2025-01-09T00:27:14.271+0000][187304.637s][info][gc          ] GC(6520) Pause Cleanup 3758M->3758M(12288M) 0.389ms
[2025-01-09T00:27:14.271+0000][187304.637s][info][gc,cpu      ] GC(6520) User=0.00s Sys=0.00s Real=0.00s
[2025-01-09T00:27:14.271+0000][187304.637s][info][gc,marking  ] GC(6520) Concurrent Cleanup for Next Mark
[2025-01-09T00:27:14.286+0000][187304.653s][info][gc,marking  ] GC(6520) Concurrent Cleanup for Next Mark 15.466ms
[2025-01-09T00:27:14.286+0000][187304.653s][info][gc          ] GC(6520) Concurrent Mark Cycle 1492.946ms
[2025-01-09T00:27:22.481+0000][187312.847s][info][gc,start    ] GC(6521) Pause Young (Prepare Mixed) (G1 Evacuation Pause)
[2025-01-09T00:27:22.481+0000][187312.847s][info][gc,task     ] GC(6521) Using 6 workers of 6 for evacuation
[2025-01-09T00:27:22.516+0000][187312.882s][info][gc,phases   ] GC(6521)   Pre Evacuate Collection Set: 0.2ms
[2025-01-09T00:27:22.516+0000][187312.882s][info][gc,phases   ] GC(6521)   Merge Heap Roots: 0.7ms
[2025-01-09T00:27:22.516+0000][187312.882s][info][gc,phases   ] GC(6521)   Evacuate Collection Set: 31.6ms
[2025-01-09T00:27:22.516+0000][187312.882s][info][gc,phases   ] GC(6521)   Post Evacuate Collection Set: 2.5ms
[2025-01-09T00:27:22.516+0000][187312.882s][info][gc,phases   ] GC(6521)   Other: 0.2ms
[2025-01-09T00:27:22.516+0000][187312.882s][info][gc,heap     ] GC(6521) Eden regions: 914->0(67)
[2025-01-09T00:27:22.516+0000][187312.882s][info][gc,heap     ] GC(6521) Survivor regions: 7->9(116)
[2025-01-09T00:27:22.516+0000][187312.882s][info][gc,heap     ] GC(6521) Old regions: 232->232
[2025-01-09T00:27:22.516+0000][187312.882s][info][gc,heap     ] GC(6521) Archive regions: 2->2
[2025-01-09T00:27:22.516+0000][187312.882s][info][gc,heap     ] GC(6521) Humongous regions: 49->49
[2025-01-09T00:27:22.516+0000][187312.882s][info][gc,metaspace] GC(6521) Metaspace: 524637K(534016K)->524637K(534016K) NonClass: 460708K(465280K)->460708K(465280K) Class: 63929K(68736K)->63929K(68736K)
[2025-01-09T00:27:22.516+0000][187312.882s][info][gc          ] GC(6521) Pause Young (Prepare Mixed) (G1 Evacuation Pause) 9614M->2316M(12288M) 35.268ms
[2025-01-09T00:27:22.516+0000][187312.882s][info][gc,cpu      ] GC(6521) User=0.21s Sys=0.00s Real=0.04s
[2025-01-09T00:27:22.970+0000][187313.336s][info][gc,start    ] GC(6522) Pause Young (Mixed) (G1 Evacuation Pause)
[2025-01-09T00:27:22.970+0000][187313.336s][info][gc,task     ] GC(6522) Using 6 workers of 6 for evacuation
[2025-01-09T00:27:23.043+0000][187313.409s][info][gc,phases   ] GC(6522)   Pre Evacuate Collection Set: 0.2ms
[2025-01-09T00:27:23.043+0000][187313.409s][info][gc,phases   ] GC(6522)   Merge Heap Roots: 0.8ms
[2025-01-09T00:27:23.043+0000][187313.409s][info][gc,phases   ] GC(6522)   Evacuate Collection Set: 70.2ms
[2025-01-09T00:27:23.043+0000][187313.409s][info][gc,phases   ] GC(6522)   Post Evacuate Collection Set: 2.3ms
[2025-01-09T00:27:23.043+0000][187313.409s][info][gc,phases   ] GC(6522)   Other: 0.2ms
[2025-01-09T00:27:23.043+0000][187313.409s][info][gc,heap     ] GC(6522) Eden regions: 67->0(914)
[2025-01-09T00:27:23.043+0000][187313.409s][info][gc,heap     ] GC(6522) Survivor regions: 9->7(10)
[2025-01-09T00:27:23.043+0000][187313.409s][info][gc,heap     ] GC(6522) Old regions: 232->230
[2025-01-09T00:27:23.043+0000][187313.409s][info][gc,heap     ] GC(6522) Archive regions: 2->2
[2025-01-09T00:27:23.043+0000][187313.409s][info][gc,heap     ] GC(6522) Humongous regions: 49->49
[2025-01-09T00:27:23.043+0000][187313.409s][info][gc,metaspace] GC(6522) Metaspace: 524637K(534016K)->524637K(534016K) NonClass: 460708K(465280K)->460708K(465280K) Class: 63929K(68736K)->63929K(68736K)
[2025-01-09T00:27:23.043+0000][187313.409s][info][gc          ] GC(6522) Pause Young (Mixed) (G1 Evacuation Pause) 2852M->2291M(12288M) 73.762ms
[2025-01-09T00:27:23.043+0000][187313.409s][info][gc,cpu      ] GC(6522) User=0.40s Sys=0.01s Real=0.07s
[2025-01-09T00:27:30.146+0000][187320.512s][info][gc,start    ] GC(6523) Pause Young (Normal) (G1 Evacuation Pause)
[2025-01-09T00:27:30.146+0000][187320.513s][info][gc,task     ] GC(6523) Using 6 workers of 6 for evacuation
[2025-01-09T00:27:30.178+0000][187320.545s][info][gc,phases   ] GC(6523)   Pre Evacuate Collection Set: 0.2ms
[2025-01-09T00:27:30.179+0000][187320.545s][info][gc,phases   ] GC(6523)   Merge Heap Roots: 0.5ms
[2025-01-09T00:27:30.179+0000][187320.545s][info][gc,phases   ] GC(6523)   Evacuate Collection Set: 26.1ms
[2025-01-09T00:27:30.179+0000][187320.545s][info][gc,phases   ] GC(6523)   Post Evacuate Collection Set: 5.2ms
[2025-01-09T00:27:30.179+0000][187320.545s][info][gc,phases   ] GC(6523)   Other: 0.2ms
[2025-01-09T00:27:30.179+0000][187320.545s][info][gc,heap     ] GC(6523) Eden regions: 914->0(912)
[2025-01-09T00:27:30.179+0000][187320.545s][info][gc,heap     ] GC(6523) Survivor regions: 7->9(116)
[2025-01-09T00:27:30.179+0000][187320.545s][info][gc,heap     ] GC(6523) Old regions: 230->230
[2025-01-09T00:27:30.179+0000][187320.545s][info][gc,heap     ] GC(6523) Archive regions: 2->2
[2025-01-09T00:27:30.179+0000][187320.545s][info][gc,heap     ] GC(6523) Humongous regions: 49->49
[2025-01-09T00:27:30.179+0000][187320.545s][info][gc,metaspace] GC(6523) Metaspace: 524637K(534016K)->524637K(534016K) NonClass: 460708K(465280K)->460708K(465280K) Class: 63929K(68736K)->63929K(68736K)
[2025-01-09T00:27:30.179+0000][187320.545s][info][gc          ] GC(6523) Pause Young (Normal) (G1 Evacuation Pause) 9603M->2309M(12288M) 32.202ms
[2025-01-09T00:27:30.179+0000][187320.545s][info][gc,cpu      ] GC(6523) User=0.19s Sys=0.00s Real=0.03s
[2025-01-09T00:27:38.630+0000][187328.997s][info][gc,start    ] GC(6524) Pause Young (Normal) (G1 Evacuation Pause)
[2025-01-09T00:27:38.630+0000][187328.997s][info][gc,task     ] GC(6524) Using 6 workers of 6 for evacuation
[2025-01-09T00:27:38.668+0000][187329.035s][info][gc,phases   ] GC(6524)   Pre Evacuate Collection Set: 0.2ms
[2025-01-09T00:27:38.669+0000][187329.035s][info][gc,phases   ] GC(6524)   Merge Heap Roots: 0.5ms
[2025-01-09T00:27:38.669+0000][187329.035s][info][gc,phases   ] GC(6524)   Evacuate Collection Set: 34.5ms
[2025-01-09T00:27:38.669+0000][187329.035s][info][gc,phases   ] GC(6524)   Post Evacuate Collection Set: 2.6ms
[2025-01-09T00:27:38.669+0000][187329.035s][info][gc,phases   ] GC(6524)   Other: 0.2ms
[2025-01-09T00:27:38.669+0000][187329.035s][info][gc,heap     ] GC(6524) Eden regions: 912->0(911)
[2025-01-09T00:27:38.669+0000][187329.035s][info][gc,heap     ] GC(6524) Survivor regions: 9->10(116)
[2025-01-09T00:27:38.669+0000][187329.035s][info][gc,heap     ] GC(6524) Old regions: 230->230
[2025-01-09T00:27:38.669+0000][187329.035s][info][gc,heap     ] GC(6524) Archive regions: 2->2
[2025-01-09T00:27:38.669+0000][187329.035s][info][gc,heap     ] GC(6524) Humongous regions: 49->49
[2025-01-09T00:27:38.669+0000][187329.035s][info][gc,metaspace] GC(6524) Metaspace: 524637K(534016K)->524637K(534016K) NonClass: 460708K(465280K)->460708K(465280K) Class: 63929K(68736K)->63929K(68736K)
[2025-01-09T00:27:38.669+0000][187329.035s][info][gc          ] GC(6524) Pause Young (Normal) (G1 Evacuation Pause) 9605M->2318M(12288M) 38.170ms
[2025-01-09T00:27:38.669+0000][187329.035s][info][gc,cpu      ] GC(6524) User=0.23s Sys=0.00s Real=0.03s
[2025-01-09T00:27:46.884+0000][187337.250s][info][gc,start    ] GC(6525) Pause Young (Concurrent Start) (G1 Evacuation Pause)
[2025-01-09T00:27:46.884+0000][187337.250s][info][gc,task     ] GC(6525) Using 6 workers of 6 for evacuation
[2025-01-09T00:27:46.927+0000][187337.293s][info][gc,phases   ] GC(6525)   Pre Evacuate Collection Set: 1.1ms
[2025-01-09T00:27:46.927+0000][187337.293s][info][gc,phases   ] GC(6525)   Merge Heap Roots: 0.5ms
[2025-01-09T00:27:46.927+0000][187337.293s][info][gc,phases   ] GC(6525)   Evacuate Collection Set: 37.0ms
[2025-01-09T00:27:46.927+0000][187337.293s][info][gc,phases   ] GC(6525)   Post Evacuate Collection Set: 3.8ms
[2025-01-09T00:27:46.927+0000][187337.293s][info][gc,phases   ] GC(6525)   Other: 0.3ms
[2025-01-09T00:27:46.927+0000][187337.293s][info][gc,heap     ] GC(6525) Eden regions: 911->0(908)
[2025-01-09T00:27:46.927+0000][187337.293s][info][gc,heap     ] GC(6525) Survivor regions: 10->13(116)
[2025-01-09T00:27:46.927+0000][187337.293s][info][gc,heap     ] GC(6525) Old regions: 230->230
[2025-01-09T00:27:46.927+0000][187337.293s][info][gc,heap     ] GC(6525) Archive regions: 2->2
[2025-01-09T00:27:46.927+0000][187337.293s][info][gc,heap     ] GC(6525) Humongous regions: 49->49
[2025-01-09T00:27:46.927+0000][187337.293s][info][gc,metaspace] GC(6525) Metaspace: 524637K(534016K)->524637K(534016K) NonClass: 460708K(465280K)->460708K(465280K) Class: 63929K(68736K)->63929K(68736K)
[2025-01-09T00:27:46.927+0000][187337.293s][info][gc          ] GC(6525) Pause Young (Concurrent Start) (G1 Evacuation Pause) 9606M->2337M(12288M) 42.862ms
[2025-01-09T00:27:46.927+0000][187337.293s][info][gc,cpu      ] GC(6525) User=0.25s Sys=0.00s Real=0.04s
[2025-01-09T00:27:46.927+0000][187337.293s][info][gc          ] GC(6526) Concurrent Mark Cycle
[2025-01-09T00:27:46.927+0000][187337.293s][info][gc,marking  ] GC(6526) Concurrent Clear Claimed Marks
[2025-01-09T00:27:46.928+0000][187337.294s][info][gc,marking  ] GC(6526) Concurrent Clear Claimed Marks 0.983ms
[2025-01-09T00:27:46.928+0000][187337.294s][info][gc,marking  ] GC(6526) Concurrent Scan Root Regions
[2025-01-09T00:27:46.967+0000][187337.333s][info][gc,marking  ] GC(6526) Concurrent Scan Root Regions 38.669ms
[2025-01-09T00:27:46.967+0000][187337.333s][info][gc,marking  ] GC(6526) Concurrent Mark
[2025-01-09T00:27:46.967+0000][187337.333s][info][gc,marking  ] GC(6526) Concurrent Mark From Roots
[2025-01-09T00:27:46.967+0000][187337.333s][info][gc,task     ] GC(6526) Using 2 workers of 2 for marking
[2025-01-09T00:27:47.761+0000][187338.127s][info][gc,marking  ] GC(6526) Concurrent Mark From Roots 793.692ms
[2025-01-09T00:27:47.761+0000][187338.127s][info][gc,marking  ] GC(6526) Concurrent Preclean
[2025-01-09T00:27:47.763+0000][187338.129s][info][gc,marking  ] GC(6526) Concurrent Preclean 2.766ms
[2025-01-09T00:27:47.763+0000][187338.130s][info][gc,start    ] GC(6526) Pause Remark
[2025-01-09T00:27:47.789+0000][187338.155s][info][gc          ] GC(6526) Pause Remark 3061M->3061M(12288M) 25.813ms
[2025-01-09T00:27:47.789+0000][187338.155s][info][gc,cpu      ] GC(6526) User=0.14s Sys=0.00s Real=0.02s
[2025-01-09T00:27:47.790+0000][187338.156s][info][gc,marking  ] GC(6526) Concurrent Mark 822.778ms
[2025-01-09T00:27:47.790+0000][187338.156s][info][gc,marking  ] GC(6526) Concurrent Rebuild Remembered Sets
[2025-01-09T00:27:48.450+0000][187338.816s][info][gc,marking  ] GC(6526) Concurrent Rebuild Remembered Sets 660.406ms
[2025-01-09T00:27:48.450+0000][187338.816s][info][gc,start    ] GC(6526) Pause Cleanup
[2025-01-09T00:27:48.451+0000][187338.817s][info][gc          ] GC(6526) Pause Cleanup 4009M->4009M(12288M) 0.412ms
[2025-01-09T00:27:48.451+0000][187338.817s][info][gc,cpu      ] GC(6526) User=0.00s Sys=0.00s Real=0.00s
[2025-01-09T00:27:48.451+0000][187338.817s][info][gc,marking  ] GC(6526) Concurrent Cleanup for Next Mark
[2025-01-09T00:27:48.467+0000][187338.834s][info][gc,marking  ] GC(6526) Concurrent Cleanup for Next Mark 16.695ms
[2025-01-09T00:27:48.467+0000][187338.834s][info][gc          ] GC(6526) Concurrent Mark Cycle 1540.390ms
[2025-01-09T00:27:52.960+0000][187343.326s][info][gc,start    ] GC(6527) Pause Young (Prepare Mixed) (G1 Evacuation Pause)
[2025-01-09T00:27:52.960+0000][187343.326s][info][gc,task     ] GC(6527) Using 6 workers of 6 for evacuation
[2025-01-09T00:27:53.003+0000][187343.369s][info][gc,phases   ] GC(6527)   Pre Evacuate Collection Set: 0.2ms
[2025-01-09T00:27:53.003+0000][187343.369s][info][gc,phases   ] GC(6527)   Merge Heap Roots: 0.8ms
[2025-01-09T00:27:53.003+0000][187343.369s][info][gc,phases   ] GC(6527)   Evacuate Collection Set: 39.6ms
[2025-01-09T00:27:53.003+0000][187343.369s][info][gc,phases   ] GC(6527)   Post Evacuate Collection Set: 2.6ms
[2025-01-09T00:27:53.003+0000][187343.369s][info][gc,phases   ] GC(6527)   Other: 0.2ms
[2025-01-09T00:27:53.003+0000][187343.369s][info][gc,heap     ] GC(6527) Eden regions: 908->0(64)
[2025-01-09T00:27:53.003+0000][187343.369s][info][gc,heap     ] GC(6527) Survivor regions: 13->12(116)
[2025-01-09T00:27:53.003+0000][187343.369s][info][gc,heap     ] GC(6527) Old regions: 230->230
[2025-01-09T00:27:53.003+0000][187343.369s][info][gc,heap     ] GC(6527) Archive regions: 2->2
[2025-01-09T00:27:53.003+0000][187343.369s][info][gc,heap     ] GC(6527) Humongous regions: 49->49
[2025-01-09T00:27:53.003+0000][187343.369s][info][gc,metaspace] GC(6527) Metaspace: 524637K(534016K)->524637K(534016K) NonClass: 460708K(465280K)->460708K(465280K) Class: 63929K(68736K)->63929K(68736K)
[2025-01-09T00:27:53.003+0000][187343.369s][info][gc          ] GC(6527) Pause Young (Prepare Mixed) (G1 Evacuation Pause) 9601M->2334M(12288M) 43.482ms
[2025-01-09T00:27:53.003+0000][187343.369s][info][gc,cpu      ] GC(6527) User=0.25s Sys=0.00s Real=0.05s
[2025-01-09T00:27:53.607+0000][187343.973s][info][gc,start    ] GC(6528) Pause Young (Mixed) (G1 Evacuation Pause)
[2025-01-09T00:27:53.607+0000][187343.973s][info][gc,task     ] GC(6528) Using 6 workers of 6 for evacuation
[2025-01-09T00:27:53.683+0000][187344.050s][info][gc,phases   ] GC(6528)   Pre Evacuate Collection Set: 0.2ms
[2025-01-09T00:27:53.684+0000][187344.050s][info][gc,phases   ] GC(6528)   Merge Heap Roots: 0.8ms
[2025-01-09T00:27:53.684+0000][187344.050s][info][gc,phases   ] GC(6528)   Evacuate Collection Set: 73.4ms
[2025-01-09T00:27:53.684+0000][187344.050s][info][gc,phases   ] GC(6528)   Post Evacuate Collection Set: 2.2ms
[2025-01-09T00:27:53.684+0000][187344.050s][info][gc,phases   ] GC(6528)   Other: 0.2ms
[2025-01-09T00:27:53.684+0000][187344.050s][info][gc,heap     ] GC(6528) Eden regions: 64->0(916)
[2025-01-09T00:27:53.684+0000][187344.050s][info][gc,heap     ] GC(6528) Survivor regions: 12->5(10)
[2025-01-09T00:27:53.684+0000][187344.050s][info][gc,heap     ] GC(6528) Old regions: 230->234
[2025-01-09T00:27:53.684+0000][187344.050s][info][gc,heap     ] GC(6528) Archive regions: 2->2
[2025-01-09T00:27:53.684+0000][187344.050s][info][gc,heap     ] GC(6528) Humongous regions: 49->49
[2025-01-09T00:27:53.684+0000][187344.050s][info][gc,metaspace] GC(6528) Metaspace: 524637K(534016K)->524637K(534016K) NonClass: 460708K(465280K)->460708K(465280K) Class: 63929K(68736K)->63929K(68736K)
[2025-01-09T00:27:53.684+0000][187344.050s][info][gc          ] GC(6528) Pause Young (Mixed) (G1 Evacuation Pause) 2846M->2309M(12288M) 76.800ms
[2025-01-09T00:27:53.684+0000][187344.050s][info][gc,cpu      ] GC(6528) User=0.44s Sys=0.00s Real=0.08s
[2025-01-09T00:27:59.777+0000][187350.143s][info][gc,start    ] GC(6529) Pause Young (Normal) (G1 Evacuation Pause)
[2025-01-09T00:27:59.777+0000][187350.143s][info][gc,task     ] GC(6529) Using 6 workers of 6 for evacuation
[2025-01-09T00:27:59.801+0000][187350.167s][info][gc,phases   ] GC(6529)   Pre Evacuate Collection Set: 0.2ms
[2025-01-09T00:27:59.801+0000][187350.167s][info][gc,phases   ] GC(6529)   Merge Heap Roots: 0.4ms
[2025-01-09T00:27:59.801+0000][187350.167s][info][gc,phases   ] GC(6529)   Evacuate Collection Set: 20.2ms
[2025-01-09T00:27:59.801+0000][187350.167s][info][gc,phases   ] GC(6529)   Post Evacuate Collection Set: 2.6ms
[2025-01-09T00:27:59.801+0000][187350.167s][info][gc,phases   ] GC(6529)   Other: 0.2ms
[2025-01-09T00:27:59.801+0000][187350.167s][info][gc,heap     ] GC(6529) Eden regions: 916->0(915)
[2025-01-09T00:27:59.801+0000][187350.167s][info][gc,heap     ] GC(6529) Survivor regions: 5->6(116)
[2025-01-09T00:27:59.801+0000][187350.167s][info][gc,heap     ] GC(6529) Old regions: 234->234
[2025-01-09T00:27:59.801+0000][187350.167s][info][gc,heap     ] GC(6529) Archive regions: 2->2
[2025-01-09T00:27:59.801+0000][187350.167s][info][gc,heap     ] GC(6529) Humongous regions: 49->49
[2025-01-09T00:27:59.801+0000][187350.167s][info][gc,metaspace] GC(6529) Metaspace: 524637K(534016K)->524637K(534016K) NonClass: 460708K(465280K)->460708K(465280K) Class: 63929K(68736K)->63929K(68736K)
[2025-01-09T00:27:59.801+0000][187350.167s][info][gc          ] GC(6529) Pause Young (Normal) (G1 Evacuation Pause) 9637M->2312M(12288M) 23.665ms
[2025-01-09T00:27:59.801+0000][187350.167s][info][gc,cpu      ] GC(6529) User=0.14s Sys=0.01s Real=0.02s
[2025-01-09T00:28:07.020+0000][187357.386s][info][gc,start    ] GC(6530) Pause Young (Normal) (G1 Evacuation Pause)
[2025-01-09T00:28:07.020+0000][187357.386s][info][gc,task     ] GC(6530) Using 6 workers of 6 for evacuation
[2025-01-09T00:28:07.044+0000][187357.410s][info][gc,phases   ] GC(6530)   Pre Evacuate Collection Set: 0.2ms
[2025-01-09T00:28:07.044+0000][187357.410s][info][gc,phases   ] GC(6530)   Merge Heap Roots: 0.4ms
[2025-01-09T00:28:07.044+0000][187357.410s][info][gc,phases   ] GC(6530)   Evacuate Collection Set: 20.8ms
[2025-01-09T00:28:07.044+0000][187357.410s][info][gc,phases   ] GC(6530)   Post Evacuate Collection Set: 2.5ms
[2025-01-09T00:28:07.044+0000][187357.410s][info][gc,phases   ] GC(6530)   Other: 0.2ms
[2025-01-09T00:28:07.044+0000][187357.410s][info][gc,heap     ] GC(6530) Eden regions: 915->0(914)
[2025-01-09T00:28:07.044+0000][187357.410s][info][gc,heap     ] GC(6530) Survivor regions: 6->7(116)
[2025-01-09T00:28:07.044+0000][187357.410s][info][gc,heap     ] GC(6530) Old regions: 234->234
[2025-01-09T00:28:07.044+0000][187357.410s][info][gc,heap     ] GC(6530) Archive regions: 2->2
[2025-01-09T00:28:07.044+0000][187357.410s][info][gc,heap     ] GC(6530) Humongous regions: 49->49
[2025-01-09T00:28:07.044+0000][187357.410s][info][gc,metaspace] GC(6530) Metaspace: 524637K(534016K)->524637K(534016K) NonClass: 460708K(465280K)->460708K(465280K) Class: 63929K(68736K)->63929K(68736K)
[2025-01-09T00:28:07.044+0000][187357.410s][info][gc          ] GC(6530) Pause Young (Normal) (G1 Evacuation Pause) 9632M->2318M(12288M) 24.188ms
[2025-01-09T00:28:07.044+0000][187357.410s][info][gc,cpu      ] GC(6530) User=0.14s Sys=0.00s Real=0.03s
[2025-01-09T00:28:17.016+0000][187367.382s][info][gc,start    ] GC(6531) Pause Young (Concurrent Start) (G1 Evacuation Pause)
[2025-01-09T00:28:17.016+0000][187367.382s][info][gc,task     ] GC(6531) Using 6 workers of 6 for evacuation
[2025-01-09T00:28:17.046+0000][187367.412s][info][gc,phases   ] GC(6531)   Pre Evacuate Collection Set: 1.1ms
[2025-01-09T00:28:17.046+0000][187367.412s][info][gc,phases   ] GC(6531)   Merge Heap Roots: 0.4ms
[2025-01-09T00:28:17.046+0000][187367.412s][info][gc,phases   ] GC(6531)   Evacuate Collection Set: 25.6ms
[2025-01-09T00:28:17.046+0000][187367.412s][info][gc,phases   ] GC(6531)   Post Evacuate Collection Set: 2.5ms
[2025-01-09T00:28:17.046+0000][187367.412s][info][gc,phases   ] GC(6531)   Other: 0.3ms
[2025-01-09T00:28:17.046+0000][187367.412s][info][gc,heap     ] GC(6531) Eden regions: 914->0(913)
[2025-01-09T00:28:17.046+0000][187367.412s][info][gc,heap     ] GC(6531) Survivor regions: 7->8(116)
[2025-01-09T00:28:17.046+0000][187367.412s][info][gc,heap     ] GC(6531) Old regions: 234->234
[2025-01-09T00:28:17.046+0000][187367.412s][info][gc,heap     ] GC(6531) Archive regions: 2->2
[2025-01-09T00:28:17.046+0000][187367.412s][info][gc,heap     ] GC(6531) Humongous regions: 49->49
[2025-01-09T00:28:17.046+0000][187367.412s][info][gc,metaspace] GC(6531) Metaspace: 524637K(534016K)->524637K(534016K) NonClass: 460708K(465280K)->460708K(465280K) Class: 63929K(68736K)->63929K(68736K)
[2025-01-09T00:28:17.046+0000][187367.412s][info][gc          ] GC(6531) Pause Young (Concurrent Start) (G1 Evacuation Pause) 9630M->2328M(12288M) 30.018ms
[2025-01-09T00:28:17.046+0000][187367.412s][info][gc,cpu      ] GC(6531) User=0.17s Sys=0.00s Real=0.03s
[2025-01-09T00:28:17.046+0000][187367.412s][info][gc          ] GC(6532) Concurrent Mark Cycle
[2025-01-09T00:28:17.046+0000][187367.412s][info][gc,marking  ] GC(6532) Concurrent Clear Claimed Marks
[2025-01-09T00:28:17.047+0000][187367.413s][info][gc,marking  ] GC(6532) Concurrent Clear Claimed Marks 0.945ms
[2025-01-09T00:28:17.047+0000][187367.413s][info][gc,marking  ] GC(6532) Concurrent Scan Root Regions
[2025-01-09T00:28:17.064+0000][187367.430s][info][gc,marking  ] GC(6532) Concurrent Scan Root Regions 16.915ms
[2025-01-09T00:28:17.064+0000][187367.430s][info][gc,marking  ] GC(6532) Concurrent Mark
[2025-01-09T00:28:17.064+0000][187367.430s][info][gc,marking  ] GC(6532) Concurrent Mark From Roots
[2025-01-09T00:28:17.064+0000][187367.430s][info][gc,task     ] GC(6532) Using 2 workers of 2 for marking
[2025-01-09T00:28:17.828+0000][187368.194s][info][gc,marking  ] GC(6532) Concurrent Mark From Roots 764.492ms
[2025-01-09T00:28:17.828+0000][187368.194s][info][gc,marking  ] GC(6532) Concurrent Preclean
[2025-01-09T00:28:17.831+0000][187368.197s][info][gc,marking  ] GC(6532) Concurrent Preclean 2.781ms
[2025-01-09T00:28:17.831+0000][187368.197s][info][gc,start    ] GC(6532) Pause Remark
[2025-01-09T00:28:17.857+0000][187368.223s][info][gc          ] GC(6532) Pause Remark 2960M->2960M(12288M) 25.601ms
[2025-01-09T00:28:17.857+0000][187368.223s][info][gc,cpu      ] GC(6532) User=0.15s Sys=0.00s Real=0.02s
[2025-01-09T00:28:17.857+0000][187368.223s][info][gc,marking  ] GC(6532) Concurrent Mark 793.211ms
[2025-01-09T00:28:17.857+0000][187368.223s][info][gc,marking  ] GC(6532) Concurrent Rebuild Remembered Sets
[2025-01-09T00:28:18.443+0000][187368.809s][info][gc,marking  ] GC(6532) Concurrent Rebuild Remembered Sets 586.386ms
[2025-01-09T00:28:18.443+0000][187368.810s][info][gc,start    ] GC(6532) Pause Cleanup
[2025-01-09T00:28:18.444+0000][187368.810s][info][gc          ] GC(6532) Pause Cleanup 3620M->3620M(12288M) 0.417ms
[2025-01-09T00:28:18.444+0000][187368.810s][info][gc,cpu      ] GC(6532) User=0.01s Sys=0.00s Real=0.00s
[2025-01-09T00:28:18.444+0000][187368.810s][info][gc,marking  ] GC(6532) Concurrent Cleanup for Next Mark
[2025-01-09T00:28:18.460+0000][187368.826s][info][gc,marking  ] GC(6532) Concurrent Cleanup for Next Mark 15.546ms
[2025-01-09T00:28:18.460+0000][187368.826s][info][gc          ] GC(6532) Concurrent Mark Cycle 1413.812ms
[2025-01-09T00:28:24.105+0000][187374.471s][info][gc,start    ] GC(6533) Pause Young (Prepare Mixed) (G1 Evacuation Pause)
[2025-01-09T00:28:24.105+0000][187374.471s][info][gc,task     ] GC(6533) Using 6 workers of 6 for evacuation
[2025-01-09T00:28:24.141+0000][187374.507s][info][gc,phases   ] GC(6533)   Pre Evacuate Collection Set: 0.2ms
[2025-01-09T00:28:24.141+0000][187374.507s][info][gc,phases   ] GC(6533)   Merge Heap Roots: 0.6ms
[2025-01-09T00:28:24.141+0000][187374.507s][info][gc,phases   ] GC(6533)   Evacuate Collection Set: 29.9ms
[2025-01-09T00:28:24.141+0000][187374.507s][info][gc,phases   ] GC(6533)   Post Evacuate Collection Set: 5.2ms
[2025-01-09T00:28:24.141+0000][187374.507s][info][gc,phases   ] GC(6533)   Other: 0.2ms
[2025-01-09T00:28:24.141+0000][187374.507s][info][gc,heap     ] GC(6533) Eden regions: 913->0(65)
[2025-01-09T00:28:24.141+0000][187374.507s][info][gc,heap     ] GC(6533) Survivor regions: 8->11(116)
[2025-01-09T00:28:24.141+0000][187374.507s][info][gc,heap     ] GC(6533) Old regions: 234->234
[2025-01-09T00:28:24.141+0000][187374.507s][info][gc,heap     ] GC(6533) Archive regions: 2->2
[2025-01-09T00:28:24.141+0000][187374.507s][info][gc,heap     ] GC(6533) Humongous regions: 49->49
[2025-01-09T00:28:24.141+0000][187374.507s][info][gc,metaspace] GC(6533) Metaspace: 524638K(534016K)->524638K(534016K) NonClass: 460709K(465280K)->460709K(465280K) Class: 63929K(68736K)->63929K(68736K)
[2025-01-09T00:28:24.141+0000][187374.507s][info][gc          ] GC(6533) Pause Young (Prepare Mixed) (G1 Evacuation Pause) 9632M->2352M(12288M) 36.281ms
[2025-01-09T00:28:24.141+0000][187374.507s][info][gc,cpu      ] GC(6533) User=0.21s Sys=0.00s Real=0.03s
[2025-01-09T00:28:25.695+0000][187376.061s][info][gc,start    ] GC(6534) Pause Young (Mixed) (G1 Evacuation Pause)
[2025-01-09T00:28:25.695+0000][187376.061s][info][gc,task     ] GC(6534) Using 6 workers of 6 for evacuation
[2025-01-09T00:28:25.755+0000][187376.122s][info][gc,phases   ] GC(6534)   Pre Evacuate Collection Set: 0.2ms
[2025-01-09T00:28:25.755+0000][187376.122s][info][gc,phases   ] GC(6534)   Merge Heap Roots: 0.6ms
[2025-01-09T00:28:25.755+0000][187376.122s][info][gc,phases   ] GC(6534)   Evacuate Collection Set: 57.9ms
[2025-01-09T00:28:25.755+0000][187376.122s][info][gc,phases   ] GC(6534)   Post Evacuate Collection Set: 2.0ms
[2025-01-09T00:28:25.755+0000][187376.122s][info][gc,phases   ] GC(6534)   Other: 0.2ms
[2025-01-09T00:28:25.755+0000][187376.122s][info][gc,heap     ] GC(6534) Eden regions: 65->0(917)
[2025-01-09T00:28:25.755+0000][187376.122s][info][gc,heap     ] GC(6534) Survivor regions: 11->4(10)
[2025-01-09T00:28:25.755+0000][187376.122s][info][gc,heap     ] GC(6534) Old regions: 234->236
[2025-01-09T00:28:25.755+0000][187376.122s][info][gc,heap     ] GC(6534) Archive regions: 2->2
[2025-01-09T00:28:25.756+0000][187376.122s][info][gc,heap     ] GC(6534) Humongous regions: 49->49
[2025-01-09T00:28:25.756+0000][187376.122s][info][gc,metaspace] GC(6534) Metaspace: 524638K(534016K)->524638K(534016K) NonClass: 460709K(465280K)->460709K(465280K) Class: 63929K(68736K)->63929K(68736K)
[2025-01-09T00:28:25.756+0000][187376.122s][info][gc          ] GC(6534) Pause Young (Mixed) (G1 Evacuation Pause) 2872M->2304M(12288M) 60.885ms
[2025-01-09T00:28:25.756+0000][187376.122s][info][gc,cpu      ] GC(6534) User=0.36s Sys=0.00s Real=0.06s
[2025-01-09T00:28:32.925+0000][187383.291s][info][gc,start    ] GC(6535) Pause Young (Normal) (G1 Evacuation Pause)
[2025-01-09T00:28:32.925+0000][187383.291s][info][gc,task     ] GC(6535) Using 6 workers of 6 for evacuation
[2025-01-09T00:28:32.946+0000][187383.312s][info][gc,phases   ] GC(6535)   Pre Evacuate Collection Set: 0.2ms
[2025-01-09T00:28:32.946+0000][187383.312s][info][gc,phases   ] GC(6535)   Merge Heap Roots: 0.4ms
[2025-01-09T00:28:32.946+0000][187383.312s][info][gc,phases   ] GC(6535)   Evacuate Collection Set: 17.7ms
[2025-01-09T00:28:32.946+0000][187383.312s][info][gc,phases   ] GC(6535)   Post Evacuate Collection Set: 2.4ms
[2025-01-09T00:28:32.946+0000][187383.312s][info][gc,phases   ] GC(6535)   Other: 0.2ms
[2025-01-09T00:28:32.946+0000][187383.312s][info][gc,heap     ] GC(6535) Eden regions: 917->0(916)
[2025-01-09T00:28:32.946+0000][187383.312s][info][gc,heap     ] GC(6535) Survivor regions: 4->5(116)
[2025-01-09T00:28:32.946+0000][187383.312s][info][gc,heap     ] GC(6535) Old regions: 236->236
[2025-01-09T00:28:32.946+0000][187383.312s][info][gc,heap     ] GC(6535) Archive regions: 2->2
[2025-01-09T00:28:32.946+0000][187383.312s][info][gc,heap     ] GC(6535) Humongous regions: 49->49
[2025-01-09T00:28:32.946+0000][187383.312s][info][gc,metaspace] GC(6535) Metaspace: 524638K(534016K)->524638K(534016K) NonClass: 460709K(465280K)->460709K(465280K) Class: 63929K(68736K)->63929K(68736K)
[2025-01-09T00:28:32.946+0000][187383.312s][info][gc          ] GC(6535) Pause Young (Normal) (G1 Evacuation Pause) 9640M->2314M(12288M) 20.922ms
[2025-01-09T00:28:32.946+0000][187383.312s][info][gc,cpu      ] GC(6535) User=0.12s Sys=0.00s Real=0.02s
[2025-01-09T00:28:40.739+0000][187391.105s][info][gc,start    ] GC(6536) Pause Young (Normal) (G1 Evacuation Pause)
[2025-01-09T00:28:40.739+0000][187391.105s][info][gc,task     ] GC(6536) Using 6 workers of 6 for evacuation
[2025-01-09T00:28:40.767+0000][187391.133s][info][gc,phases   ] GC(6536)   Pre Evacuate Collection Set: 0.2ms
[2025-01-09T00:28:40.767+0000][187391.133s][info][gc,phases   ] GC(6536)   Merge Heap Roots: 0.4ms
[2025-01-09T00:28:40.767+0000][187391.133s][info][gc,phases   ] GC(6536)   Evacuate Collection Set: 22.8ms
[2025-01-09T00:28:40.767+0000][187391.133s][info][gc,phases   ] GC(6536)   Post Evacuate Collection Set: 4.0ms
[2025-01-09T00:28:40.767+0000][187391.133s][info][gc,phases   ] GC(6536)   Other: 0.2ms
[2025-01-09T00:28:40.767+0000][187391.133s][info][gc,heap     ] GC(6536) Eden regions: 916->0(914)
[2025-01-09T00:28:40.767+0000][187391.133s][info][gc,heap     ] GC(6536) Survivor regions: 5->7(116)
[2025-01-09T00:28:40.767+0000][187391.133s][info][gc,heap     ] GC(6536) Old regions: 236->236
[2025-01-09T00:28:40.767+0000][187391.133s][info][gc,heap     ] GC(6536) Archive regions: 2->2
[2025-01-09T00:28:40.767+0000][187391.133s][info][gc,heap     ] GC(6536) Humongous regions: 49->49
[2025-01-09T00:28:40.767+0000][187391.133s][info][gc,metaspace] GC(6536) Metaspace: 524638K(534016K)->524638K(534016K) NonClass: 460709K(465280K)->460709K(465280K) Class: 63929K(68736K)->63929K(68736K)
[2025-01-09T00:28:40.767+0000][187391.133s][info][gc          ] GC(6536) Pause Young (Normal) (G1 Evacuation Pause) 9642M->2334M(12288M) 27.638ms
[2025-01-09T00:28:40.767+0000][187391.133s][info][gc,cpu      ] GC(6536) User=0.16s Sys=0.00s Real=0.03s
[2025-01-09T00:28:48.664+0000][187399.030s][info][gc,start    ] GC(6537) Pause Young (Concurrent Start) (G1 Evacuation Pause)
[2025-01-09T00:28:48.664+0000][187399.031s][info][gc,task     ] GC(6537) Using 6 workers of 6 for evacuation
[2025-01-09T00:28:48.693+0000][187399.059s][info][gc,phases   ] GC(6537)   Pre Evacuate Collection Set: 1.2ms
[2025-01-09T00:28:48.693+0000][187399.059s][info][gc,phases   ] GC(6537)   Merge Heap Roots: 0.4ms
[2025-01-09T00:28:48.693+0000][187399.059s][info][gc,phases   ] GC(6537)   Evacuate Collection Set: 23.9ms
[2025-01-09T00:28:48.693+0000][187399.059s][info][gc,phases   ] GC(6537)   Post Evacuate Collection Set: 2.6ms
[2025-01-09T00:28:48.693+0000][187399.059s][info][gc,phases   ] GC(6537)   Other: 0.3ms
[2025-01-09T00:28:48.693+0000][187399.059s][info][gc,heap     ] GC(6537) Eden regions: 914->0(914)
[2025-01-09T00:28:48.693+0000][187399.059s][info][gc,heap     ] GC(6537) Survivor regions: 7->7(116)
[2025-01-09T00:28:48.693+0000][187399.059s][info][gc,heap     ] GC(6537) Old regions: 236->236
[2025-01-09T00:28:48.693+0000][187399.059s][info][gc,heap     ] GC(6537) Archive regions: 2->2
[2025-01-09T00:28:48.693+0000][187399.059s][info][gc,heap     ] GC(6537) Humongous regions: 49->49
[2025-01-09T00:28:48.693+0000][187399.059s][info][gc,metaspace] GC(6537) Metaspace: 524638K(534016K)->524638K(534016K) NonClass: 460709K(465280K)->460709K(465280K) Class: 63929K(68736K)->63929K(68736K)
[2025-01-09T00:28:48.693+0000][187399.059s][info][gc          ] GC(6537) Pause Young (Concurrent Start) (G1 Evacuation Pause) 9646M->2335M(12288M) 28.405ms
[2025-01-09T00:28:48.693+0000][187399.059s][info][gc,cpu      ] GC(6537) User=0.16s Sys=0.00s Real=0.03s
[2025-01-09T00:28:48.693+0000][187399.059s][info][gc          ] GC(6538) Concurrent Mark Cycle
[2025-01-09T00:28:48.693+0000][187399.059s][info][gc,marking  ] GC(6538) Concurrent Clear Claimed Marks
[2025-01-09T00:28:48.694+0000][187399.060s][info][gc,marking  ] GC(6538) Concurrent Clear Claimed Marks 0.916ms
[2025-01-09T00:28:48.694+0000][187399.060s][info][gc,marking  ] GC(6538) Concurrent Scan Root Regions
[2025-01-09T00:28:48.714+0000][187399.080s][info][gc,marking  ] GC(6538) Concurrent Scan Root Regions 20.333ms
[2025-01-09T00:28:48.714+0000][187399.080s][info][gc,marking  ] GC(6538) Concurrent Mark
[2025-01-09T00:28:48.714+0000][187399.080s][info][gc,marking  ] GC(6538) Concurrent Mark From Roots
[2025-01-09T00:28:48.714+0000][187399.080s][info][gc,task     ] GC(6538) Using 2 workers of 2 for marking
[2025-01-09T00:28:49.491+0000][187399.857s][info][gc,marking  ] GC(6538) Concurrent Mark From Roots 776.638ms
[2025-01-09T00:28:49.491+0000][187399.857s][info][gc,marking  ] GC(6538) Concurrent Preclean
[2025-01-09T00:28:49.493+0000][187399.860s][info][gc,marking  ] GC(6538) Concurrent Preclean 2.630ms
[2025-01-09T00:28:49.494+0000][187399.860s][info][gc,start    ] GC(6538) Pause Remark
[2025-01-09T00:28:49.519+0000][187399.885s][info][gc          ] GC(6538) Pause Remark 3191M->3191M(12288M) 25.787ms
[2025-01-09T00:28:49.519+0000][187399.886s][info][gc,cpu      ] GC(6538) User=0.15s Sys=0.00s Real=0.02s
[2025-01-09T00:28:49.520+0000][187399.886s][info][gc,marking  ] GC(6538) Concurrent Mark 805.374ms
[2025-01-09T00:28:49.520+0000][187399.886s][info][gc,marking  ] GC(6538) Concurrent Rebuild Remembered Sets
[2025-01-09T00:28:50.101+0000][187400.467s][info][gc,marking  ] GC(6538) Concurrent Rebuild Remembered Sets 581.785ms
[2025-01-09T00:28:50.101+0000][187400.468s][info][gc,start    ] GC(6538) Pause Cleanup
[2025-01-09T00:28:50.102+0000][187400.468s][info][gc          ] GC(6538) Pause Cleanup 3884M->3884M(12288M) 0.353ms
[2025-01-09T00:28:50.102+0000][187400.468s][info][gc,cpu      ] GC(6538) User=0.00s Sys=0.00s Real=0.00s
[2025-01-09T00:28:50.102+0000][187400.468s][info][gc,marking  ] GC(6538) Concurrent Cleanup for Next Mark
[2025-01-09T00:28:50.118+0000][187400.484s][info][gc,marking  ] GC(6538) Concurrent Cleanup for Next Mark 15.641ms
[2025-01-09T00:28:50.118+0000][187400.484s][info][gc          ] GC(6538) Concurrent Mark Cycle 1424.782ms
[2025-01-09T00:28:56.758+0000][187407.124s][info][gc,start    ] GC(6539) Pause Young (Prepare Mixed) (G1 Evacuation Pause)
[2025-01-09T00:28:56.758+0000][187407.124s][info][gc,task     ] GC(6539) Using 6 workers of 6 for evacuation
[2025-01-09T00:28:56.791+0000][187407.157s][info][gc,phases   ] GC(6539)   Pre Evacuate Collection Set: 0.2ms
[2025-01-09T00:28:56.791+0000][187407.157s][info][gc,phases   ] GC(6539)   Merge Heap Roots: 0.6ms
[2025-01-09T00:28:56.791+0000][187407.157s][info][gc,phases   ] GC(6539)   Evacuate Collection Set: 29.6ms
[2025-01-09T00:28:56.791+0000][187407.157s][info][gc,phases   ] GC(6539)   Post Evacuate Collection Set: 2.5ms
[2025-01-09T00:28:56.791+0000][187407.157s][info][gc,phases   ] GC(6539)   Other: 0.2ms
[2025-01-09T00:28:56.791+0000][187407.157s][info][gc,heap     ] GC(6539) Eden regions: 914->0(67)
[2025-01-09T00:28:56.791+0000][187407.157s][info][gc,heap     ] GC(6539) Survivor regions: 7->9(116)
[2025-01-09T00:28:56.791+0000][187407.157s][info][gc,heap     ] GC(6539) Old regions: 236->236
[2025-01-09T00:28:56.791+0000][187407.157s][info][gc,heap     ] GC(6539) Archive regions: 2->2
[2025-01-09T00:28:56.791+0000][187407.157s][info][gc,heap     ] GC(6539) Humongous regions: 49->49
[2025-01-09T00:28:56.791+0000][187407.157s][info][gc,metaspace] GC(6539) Metaspace: 524639K(534016K)->524639K(534016K) NonClass: 460709K(465280K)->460709K(465280K) Class: 63929K(68736K)->63929K(68736K)
[2025-01-09T00:28:56.791+0000][187407.157s][info][gc          ] GC(6539) Pause Young (Prepare Mixed) (G1 Evacuation Pause) 9647M->2347M(12288M) 33.142ms
[2025-01-09T00:28:56.791+0000][187407.157s][info][gc,cpu      ] GC(6539) User=0.19s Sys=0.00s Real=0.04s
[2025-01-09T00:28:57.283+0000][187407.649s][info][gc,start    ] GC(6540) Pause Young (Mixed) (G1 Evacuation Pause)
[2025-01-09T00:28:57.283+0000][187407.649s][info][gc,task     ] GC(6540) Using 6 workers of 6 for evacuation
[2025-01-09T00:28:57.344+0000][187407.710s][info][gc,phases   ] GC(6540)   Pre Evacuate Collection Set: 0.2ms
[2025-01-09T00:28:57.344+0000][187407.711s][info][gc,phases   ] GC(6540)   Merge Heap Roots: 0.6ms
[2025-01-09T00:28:57.344+0000][187407.711s][info][gc,phases   ] GC(6540)   Evacuate Collection Set: 58.5ms
[2025-01-09T00:28:57.344+0000][187407.711s][info][gc,phases   ] GC(6540)   Post Evacuate Collection Set: 1.8ms
[2025-01-09T00:28:57.344+0000][187407.711s][info][gc,phases   ] GC(6540)   Other: 0.2ms
[2025-01-09T00:28:57.344+0000][187407.711s][info][gc,heap     ] GC(6540) Eden regions: 67->0(916)
[2025-01-09T00:28:57.344+0000][187407.711s][info][gc,heap     ] GC(6540) Survivor regions: 9->5(10)
[2025-01-09T00:28:57.344+0000][187407.711s][info][gc,heap     ] GC(6540) Old regions: 236->236
[2025-01-09T00:28:57.344+0000][187407.711s][info][gc,heap     ] GC(6540) Archive regions: 2->2
[2025-01-09T00:28:57.344+0000][187407.711s][info][gc,heap     ] GC(6540) Humongous regions: 49->49
[2025-01-09T00:28:57.344+0000][187407.711s][info][gc,metaspace] GC(6540) Metaspace: 524639K(534016K)->524639K(534016K) NonClass: 460709K(465280K)->460709K(465280K) Class: 63929K(68736K)->63929K(68736K)
[2025-01-09T00:28:57.344+0000][187407.711s][info][gc          ] GC(6540) Pause Young (Mixed) (G1 Evacuation Pause) 2883M->2321M(12288M) 61.368ms
[2025-01-09T00:28:57.345+0000][187407.711s][info][gc,cpu      ] GC(6540) User=0.36s Sys=0.00s Real=0.06s
[2025-01-09T00:29:06.100+0000][187416.466s][info][gc,start    ] GC(6541) Pause Young (Normal) (G1 Evacuation Pause)
[2025-01-09T00:29:06.100+0000][187416.467s][info][gc,task     ] GC(6541) Using 6 workers of 6 for evacuation
[2025-01-09T00:29:06.124+0000][187416.490s][info][gc,phases   ] GC(6541)   Pre Evacuate Collection Set: 0.2ms
[2025-01-09T00:29:06.124+0000][187416.490s][info][gc,phases   ] GC(6541)   Merge Heap Roots: 0.4ms
[2025-01-09T00:29:06.124+0000][187416.490s][info][gc,phases   ] GC(6541)   Evacuate Collection Set: 20.7ms
[2025-01-09T00:29:06.124+0000][187416.490s][info][gc,phases   ] GC(6541)   Post Evacuate Collection Set: 2.5ms
[2025-01-09T00:29:06.124+0000][187416.490s][info][gc,phases   ] GC(6541)   Other: 0.2ms
[2025-01-09T00:29:06.124+0000][187416.490s][info][gc,heap     ] GC(6541) Eden regions: 916->0(915)
[2025-01-09T00:29:06.124+0000][187416.490s][info][gc,heap     ] GC(6541) Survivor regions: 5->6(116)
[2025-01-09T00:29:06.124+0000][187416.490s][info][gc,heap     ] GC(6541) Old regions: 236->236
[2025-01-09T00:29:06.124+0000][187416.490s][info][gc,heap     ] GC(6541) Archive regions: 2->2
[2025-01-09T00:29:06.124+0000][187416.490s][info][gc,heap     ] GC(6541) Humongous regions: 49->49
[2025-01-09T00:29:06.124+0000][187416.491s][info][gc,metaspace] GC(6541) Metaspace: 524639K(534016K)->524639K(534016K) NonClass: 460709K(465280K)->460709K(465280K) Class: 63929K(68736K)->63929K(68736K)
[2025-01-09T00:29:06.124+0000][187416.491s][info][gc          ] GC(6541) Pause Young (Normal) (G1 Evacuation Pause) 9649M->2328M(12288M) 24.044ms
[2025-01-09T00:29:06.124+0000][187416.491s][info][gc,cpu      ] GC(6541) User=0.14s Sys=0.00s Real=0.03s
[2025-01-09T00:29:16.378+0000][187426.744s][info][gc,start    ] GC(6542) Pause Young (Normal) (G1 Evacuation Pause)
[2025-01-09T00:29:16.378+0000][187426.744s][info][gc,task     ] GC(6542) Using 6 workers of 6 for evacuation
[2025-01-09T00:29:16.410+0000][187426.776s][info][gc,phases   ] GC(6542)   Pre Evacuate Collection Set: 0.2ms
[2025-01-09T00:29:16.410+0000][187426.776s][info][gc,phases   ] GC(6542)   Merge Heap Roots: 0.4ms
[2025-01-09T00:29:16.410+0000][187426.776s][info][gc,phases   ] GC(6542)   Evacuate Collection Set: 28.4ms
[2025-01-09T00:29:16.410+0000][187426.776s][info][gc,phases   ] GC(6542)   Post Evacuate Collection Set: 2.8ms
[2025-01-09T00:29:16.410+0000][187426.776s][info][gc,phases   ] GC(6542)   Other: 0.2ms
[2025-01-09T00:29:16.410+0000][187426.776s][info][gc,heap     ] GC(6542) Eden regions: 915->0(913)
[2025-01-09T00:29:16.410+0000][187426.776s][info][gc,heap     ] GC(6542) Survivor regions: 6->8(116)
[2025-01-09T00:29:16.410+0000][187426.776s][info][gc,heap     ] GC(6542) Old regions: 236->236
[2025-01-09T00:29:16.410+0000][187426.776s][info][gc,heap     ] GC(6542) Archive regions: 2->2
[2025-01-09T00:29:16.410+0000][187426.776s][info][gc,heap     ] GC(6542) Humongous regions: 49->49
[2025-01-09T00:29:16.410+0000][187426.776s][info][gc,metaspace] GC(6542) Metaspace: 524639K(534016K)->524639K(534016K) NonClass: 460709K(465280K)->460709K(465280K) Class: 63929K(68736K)->63929K(68736K)
[2025-01-09T00:29:16.410+0000][187426.776s][info][gc          ] GC(6542) Pause Young (Normal) (G1 Evacuation Pause) 9648M->2344M(12288M) 32.105ms
[2025-01-09T00:29:16.410+0000][187426.776s][info][gc,cpu      ] GC(6542) User=0.18s Sys=0.00s Real=0.04s
[2025-01-09T00:29:22.442+0000][187432.808s][info][gc,start    ] GC(6543) Pause Young (Concurrent Start) (G1 Evacuation Pause)
[2025-01-09T00:29:22.442+0000][187432.808s][info][gc,task     ] GC(6543) Using 6 workers of 6 for evacuation
[2025-01-09T00:29:22.475+0000][187432.842s][info][gc,phases   ] GC(6543)   Pre Evacuate Collection Set: 1.2ms
[2025-01-09T00:29:22.476+0000][187432.842s][info][gc,phases   ] GC(6543)   Merge Heap Roots: 0.5ms
[2025-01-09T00:29:22.476+0000][187432.842s][info][gc,phases   ] GC(6543)   Evacuate Collection Set: 26.9ms
[2025-01-09T00:29:22.476+0000][187432.842s][info][gc,phases   ] GC(6543)   Post Evacuate Collection Set: 5.1ms
[2025-01-09T00:29:22.476+0000][187432.842s][info][gc,phases   ] GC(6543)   Other: 0.3ms
[2025-01-09T00:29:22.476+0000][187432.842s][info][gc,heap     ] GC(6543) Eden regions: 913->0(911)
[2025-01-09T00:29:22.476+0000][187432.842s][info][gc,heap     ] GC(6543) Survivor regions: 8->10(116)
[2025-01-09T00:29:22.476+0000][187432.842s][info][gc,heap     ] GC(6543) Old regions: 236->236
[2025-01-09T00:29:22.476+0000][187432.842s][info][gc,heap     ] GC(6543) Archive regions: 2->2
[2025-01-09T00:29:22.476+0000][187432.842s][info][gc,heap     ] GC(6543) Humongous regions: 49->49
[2025-01-09T00:29:22.476+0000][187432.842s][info][gc,metaspace] GC(6543) Metaspace: 524639K(534016K)->524639K(534016K) NonClass: 460709K(465280K)->460709K(465280K) Class: 63929K(68736K)->63929K(68736K)
[2025-01-09T00:29:22.476+0000][187432.842s][info][gc          ] GC(6543) Pause Young (Concurrent Start) (G1 Evacuation Pause) 9648M->2361M(12288M) 34.007ms
[2025-01-09T00:29:22.476+0000][187432.842s][info][gc,cpu      ] GC(6543) User=0.19s Sys=0.00s Real=0.03s
[2025-01-09T00:29:22.476+0000][187432.842s][info][gc          ] GC(6544) Concurrent Mark Cycle
[2025-01-09T00:29:22.476+0000][187432.842s][info][gc,marking  ] GC(6544) Concurrent Clear Claimed Marks
[2025-01-09T00:29:22.477+0000][187432.843s][info][gc,marking  ] GC(6544) Concurrent Clear Claimed Marks 0.892ms
[2025-01-09T00:29:22.477+0000][187432.843s][info][gc,marking  ] GC(6544) Concurrent Scan Root Regions
[2025-01-09T00:29:22.498+0000][187432.864s][info][gc,marking  ] GC(6544) Concurrent Scan Root Regions 21.174ms
[2025-01-09T00:29:22.498+0000][187432.864s][info][gc,marking  ] GC(6544) Concurrent Mark
[2025-01-09T00:29:22.498+0000][187432.864s][info][gc,marking  ] GC(6544) Concurrent Mark From Roots
[2025-01-09T00:29:22.498+0000][187432.864s][info][gc,task     ] GC(6544) Using 2 workers of 2 for marking
[2025-01-09T00:29:23.412+0000][187433.778s][info][gc,marking  ] GC(6544) Concurrent Mark From Roots 914.557ms
[2025-01-09T00:29:23.412+0000][187433.778s][info][gc,marking  ] GC(6544) Concurrent Preclean
[2025-01-09T00:29:23.415+0000][187433.781s][info][gc,marking  ] GC(6544) Concurrent Preclean 2.733ms
[2025-01-09T00:29:23.415+0000][187433.781s][info][gc,start    ] GC(6544) Pause Remark
[2025-01-09T00:29:23.441+0000][187433.807s][info][gc          ] GC(6544) Pause Remark 3329M->3329M(12288M) 25.397ms
[2025-01-09T00:29:23.441+0000][187433.807s][info][gc,cpu      ] GC(6544) User=0.14s Sys=0.00s Real=0.02s
[2025-01-09T00:29:23.441+0000][187433.807s][info][gc,marking  ] GC(6544) Concurrent Mark 943.013ms
[2025-01-09T00:29:23.441+0000][187433.807s][info][gc,marking  ] GC(6544) Concurrent Rebuild Remembered Sets
[2025-01-09T00:29:23.990+0000][187434.356s][info][gc,marking  ] GC(6544) Concurrent Rebuild Remembered Sets 548.854ms
[2025-01-09T00:29:23.990+0000][187434.356s][info][gc,start    ] GC(6544) Pause Cleanup
[2025-01-09T00:29:23.990+0000][187434.356s][info][gc          ] GC(6544) Pause Cleanup 3929M->3929M(12288M) 0.421ms
[2025-01-09T00:29:23.990+0000][187434.356s][info][gc,cpu      ] GC(6544) User=0.00s Sys=0.00s Real=0.00s
[2025-01-09T00:29:23.990+0000][187434.356s][info][gc,marking  ] GC(6544) Concurrent Cleanup for Next Mark
[2025-01-09T00:29:24.006+0000][187434.373s][info][gc,marking  ] GC(6544) Concurrent Cleanup for Next Mark 16.068ms
[2025-01-09T00:29:24.006+0000][187434.373s][info][gc          ] GC(6544) Concurrent Mark Cycle 1530.781ms
[2025-01-09T00:29:27.890+0000][187438.257s][info][gc,start    ] GC(6545) Pause Young (Prepare Mixed) (G1 Evacuation Pause)
[2025-01-09T00:29:27.890+0000][187438.257s][info][gc,task     ] GC(6545) Using 6 workers of 6 for evacuation
[2025-01-09T00:29:27.924+0000][187438.290s][info][gc,phases   ] GC(6545)   Pre Evacuate Collection Set: 0.2ms
[2025-01-09T00:29:27.924+0000][187438.290s][info][gc,phases   ] GC(6545)   Merge Heap Roots: 0.7ms
[2025-01-09T00:29:27.924+0000][187438.290s][info][gc,phases   ] GC(6545)   Evacuate Collection Set: 29.5ms
[2025-01-09T00:29:27.924+0000][187438.290s][info][gc,phases   ] GC(6545)   Post Evacuate Collection Set: 2.6ms
[2025-01-09T00:29:27.924+0000][187438.290s][info][gc,phases   ] GC(6545)   Other: 0.2ms
[2025-01-09T00:29:27.924+0000][187438.290s][info][gc,heap     ] GC(6545) Eden regions: 911->0(66)
[2025-01-09T00:29:27.924+0000][187438.290s][info][gc,heap     ] GC(6545) Survivor regions: 10->10(116)
[2025-01-09T00:29:27.924+0000][187438.290s][info][gc,heap     ] GC(6545) Old regions: 236->236
[2025-01-09T00:29:27.924+0000][187438.290s][info][gc,heap     ] GC(6545) Archive regions: 2->2
[2025-01-09T00:29:27.924+0000][187438.290s][info][gc,heap     ] GC(6545) Humongous regions: 49->49
[2025-01-09T00:29:27.924+0000][187438.290s][info][gc,metaspace] GC(6545) Metaspace: 524639K(534016K)->524639K(534016K) NonClass: 460709K(465280K)->460709K(465280K) Class: 63929K(68736K)->63929K(68736K)
[2025-01-09T00:29:27.924+0000][187438.290s][info][gc          ] GC(6545) Pause Young (Prepare Mixed) (G1 Evacuation Pause) 9649M->2356M(12288M) 33.203ms
[2025-01-09T00:29:27.924+0000][187438.290s][info][gc,cpu      ] GC(6545) User=0.19s Sys=0.00s Real=0.03s
[2025-01-09T00:29:28.538+0000][187438.904s][info][gc,start    ] GC(6546) Pause Young (Mixed) (G1 Evacuation Pause)
[2025-01-09T00:29:28.538+0000][187438.904s][info][gc,task     ] GC(6546) Using 6 workers of 6 for evacuation
[2025-01-09T00:29:28.579+0000][187438.945s][info][gc,phases   ] GC(6546)   Pre Evacuate Collection Set: 0.2ms
[2025-01-09T00:29:28.579+0000][187438.945s][info][gc,phases   ] GC(6546)   Merge Heap Roots: 0.4ms
[2025-01-09T00:29:28.579+0000][187438.945s][info][gc,phases   ] GC(6546)   Evacuate Collection Set: 39.1ms
[2025-01-09T00:29:28.579+0000][187438.945s][info][gc,phases   ] GC(6546)   Post Evacuate Collection Set: 1.5ms
[2025-01-09T00:29:28.579+0000][187438.945s][info][gc,phases   ] GC(6546)   Other: 0.2ms
[2025-01-09T00:29:28.579+0000][187438.945s][info][gc,heap     ] GC(6546) Eden regions: 66->0(917)
[2025-01-09T00:29:28.579+0000][187438.945s][info][gc,heap     ] GC(6546) Survivor regions: 10->4(10)
[2025-01-09T00:29:28.579+0000][187438.945s][info][gc,heap     ] GC(6546) Old regions: 236->234
[2025-01-09T00:29:28.579+0000][187438.945s][info][gc,heap     ] GC(6546) Archive regions: 2->2
[2025-01-09T00:29:28.579+0000][187438.945s][info][gc,heap     ] GC(6546) Humongous regions: 49->49
[2025-01-09T00:29:28.579+0000][187438.945s][info][gc,metaspace] GC(6546) Metaspace: 524639K(534016K)->524639K(534016K) NonClass: 460709K(465280K)->460709K(465280K) Class: 63929K(68736K)->63929K(68736K)
[2025-01-09T00:29:28.579+0000][187438.945s][info][gc          ] GC(6546) Pause Young (Mixed) (G1 Evacuation Pause) 2884M->2300M(12288M) 41.529ms
[2025-01-09T00:29:28.579+0000][187438.945s][info][gc,cpu      ] GC(6546) User=0.25s Sys=0.00s Real=0.04s
[2025-01-09T00:29:33.266+0000][187443.633s][info][gc,start    ] GC(6547) Pause Young (Normal) (G1 Evacuation Pause)
[2025-01-09T00:29:33.266+0000][187443.633s][info][gc,task     ] GC(6547) Using 6 workers of 6 for evacuation
[2025-01-09T00:29:33.286+0000][187443.652s][info][gc,phases   ] GC(6547)   Pre Evacuate Collection Set: 0.2ms
[2025-01-09T00:29:33.286+0000][187443.652s][info][gc,phases   ] GC(6547)   Merge Heap Roots: 0.3ms
[2025-01-09T00:29:33.286+0000][187443.652s][info][gc,phases   ] GC(6547)   Evacuate Collection Set: 15.4ms
[2025-01-09T00:29:33.286+0000][187443.652s][info][gc,phases   ] GC(6547)   Post Evacuate Collection Set: 3.6ms
[2025-01-09T00:29:33.286+0000][187443.652s][info][gc,phases   ] GC(6547)   Other: 0.2ms
[2025-01-09T00:29:33.286+0000][187443.652s][info][gc,heap     ] GC(6547) Eden regions: 917->0(915)
[2025-01-09T00:29:33.286+0000][187443.652s][info][gc,heap     ] GC(6547) Survivor regions: 4->6(116)
[2025-01-09T00:29:33.286+0000][187443.652s][info][gc,heap     ] GC(6547) Old regions: 234->234
[2025-01-09T00:29:33.286+0000][187443.652s][info][gc,heap     ] GC(6547) Archive regions: 2->2
[2025-01-09T00:29:33.286+0000][187443.652s][info][gc,heap     ] GC(6547) Humongous regions: 49->49
[2025-01-09T00:29:33.286+0000][187443.652s][info][gc,metaspace] GC(6547) Metaspace: 524639K(534016K)->524639K(534016K) NonClass: 460709K(465280K)->460709K(465280K) Class: 63929K(68736K)->63929K(68736K)
[2025-01-09T00:29:33.286+0000][187443.652s][info][gc          ] GC(6547) Pause Young (Normal) (G1 Evacuation Pause) 9636M->2310M(12288M) 19.834ms
[2025-01-09T00:29:33.286+0000][187443.652s][info][gc,cpu      ] GC(6547) User=0.11s Sys=0.00s Real=0.02s
[2025-01-09T00:29:39.428+0000][187449.794s][info][gc,start    ] GC(6548) Pause Young (Normal) (G1 Evacuation Pause)
[2025-01-09T00:29:39.428+0000][187449.794s][info][gc,task     ] GC(6548) Using 6 workers of 6 for evacuation
[2025-01-09T00:29:39.448+0000][187449.814s][info][gc,phases   ] GC(6548)   Pre Evacuate Collection Set: 0.2ms
[2025-01-09T00:29:39.448+0000][187449.814s][info][gc,phases   ] GC(6548)   Merge Heap Roots: 0.4ms
[2025-01-09T00:29:39.448+0000][187449.814s][info][gc,phases   ] GC(6548)   Evacuate Collection Set: 16.9ms
[2025-01-09T00:29:39.448+0000][187449.814s][info][gc,phases   ] GC(6548)   Post Evacuate Collection Set: 2.4ms
[2025-01-09T00:29:39.448+0000][187449.814s][info][gc,phases   ] GC(6548)   Other: 0.2ms
[2025-01-09T00:29:39.448+0000][187449.814s][info][gc,heap     ] GC(6548) Eden regions: 915->0(915)
[2025-01-09T00:29:39.448+0000][187449.814s][info][gc,heap     ] GC(6548) Survivor regions: 6->6(116)
[2025-01-09T00:29:39.448+0000][187449.814s][info][gc,heap     ] GC(6548) Old regions: 234->234
[2025-01-09T00:29:39.448+0000][187449.814s][info][gc,heap     ] GC(6548) Archive regions: 2->2
[2025-01-09T00:29:39.448+0000][187449.814s][info][gc,heap     ] GC(6548) Humongous regions: 49->49
[2025-01-09T00:29:39.448+0000][187449.814s][info][gc,metaspace] GC(6548) Metaspace: 524639K(534016K)->524639K(534016K) NonClass: 460709K(465280K)->460709K(465280K) Class: 63929K(68736K)->63929K(68736K)
[2025-01-09T00:29:39.448+0000][187449.814s][info][gc          ] GC(6548) Pause Young (Normal) (G1 Evacuation Pause) 9630M->2311M(12288M) 20.163ms
[2025-01-09T00:29:39.448+0000][187449.814s][info][gc,cpu      ] GC(6548) User=0.12s Sys=0.00s Real=0.02s
[2025-01-09T00:29:44.737+0000][187455.103s][info][gc,start    ] GC(6549) Pause Young (Concurrent Start) (G1 Evacuation Pause)
[2025-01-09T00:29:44.737+0000][187455.103s][info][gc,task     ] GC(6549) Using 6 workers of 6 for evacuation
[2025-01-09T00:29:44.762+0000][187455.128s][info][gc,phases   ] GC(6549)   Pre Evacuate Collection Set: 1.2ms
[2025-01-09T00:29:44.762+0000][187455.128s][info][gc,phases   ] GC(6549)   Merge Heap Roots: 0.4ms
[2025-01-09T00:29:44.762+0000][187455.129s][info][gc,phases   ] GC(6549)   Evacuate Collection Set: 21.2ms
[2025-01-09T00:29:44.762+0000][187455.129s][info][gc,phases   ] GC(6549)   Post Evacuate Collection Set: 2.4ms
[2025-01-09T00:29:44.762+0000][187455.129s][info][gc,phases   ] GC(6549)   Other: 0.3ms
[2025-01-09T00:29:44.762+0000][187455.129s][info][gc,heap     ] GC(6549) Eden regions: 915->0(915)
[2025-01-09T00:29:44.762+0000][187455.129s][info][gc,heap     ] GC(6549) Survivor regions: 6->6(116)
[2025-01-09T00:29:44.762+0000][187455.129s][info][gc,heap     ] GC(6549) Old regions: 234->234
[2025-01-09T00:29:44.762+0000][187455.129s][info][gc,heap     ] GC(6549) Archive regions: 2->2
[2025-01-09T00:29:44.762+0000][187455.129s][info][gc,heap     ] GC(6549) Humongous regions: 49->49
[2025-01-09T00:29:44.762+0000][187455.129s][info][gc,metaspace] GC(6549) Metaspace: 524639K(534016K)->524639K(534016K) NonClass: 460709K(465280K)->460709K(465280K) Class: 63929K(68736K)->63929K(68736K)
[2025-01-09T00:29:44.762+0000][187455.129s][info][gc          ] GC(6549) Pause Young (Concurrent Start) (G1 Evacuation Pause) 9631M->2316M(12288M) 25.515ms
[2025-01-09T00:29:44.763+0000][187455.129s][info][gc,cpu      ] GC(6549) User=0.15s Sys=0.00s Real=0.03s
[2025-01-09T00:29:44.763+0000][187455.129s][info][gc          ] GC(6550) Concurrent Mark Cycle
[2025-01-09T00:29:44.763+0000][187455.129s][info][gc,marking  ] GC(6550) Concurrent Clear Claimed Marks
[2025-01-09T00:29:44.763+0000][187455.130s][info][gc,marking  ] GC(6550) Concurrent Clear Claimed Marks 0.900ms
[2025-01-09T00:29:44.763+0000][187455.130s][info][gc,marking  ] GC(6550) Concurrent Scan Root Regions
[2025-01-09T00:29:44.782+0000][187455.148s][info][gc,marking  ] GC(6550) Concurrent Scan Root Regions 18.588ms
[2025-01-09T00:29:44.782+0000][187455.148s][info][gc,marking  ] GC(6550) Concurrent Mark
[2025-01-09T00:29:44.782+0000][187455.148s][info][gc,marking  ] GC(6550) Concurrent Mark From Roots
[2025-01-09T00:29:44.782+0000][187455.148s][info][gc,task     ] GC(6550) Using 2 workers of 2 for marking
[2025-01-09T00:29:45.977+0000][187456.343s][info][gc,marking  ] GC(6550) Concurrent Mark From Roots 1194.469ms
[2025-01-09T00:29:45.977+0000][187456.343s][info][gc,marking  ] GC(6550) Concurrent Preclean
[2025-01-09T00:29:45.980+0000][187456.346s][info][gc,marking  ] GC(6550) Concurrent Preclean 3.694ms
[2025-01-09T00:29:45.980+0000][187456.347s][info][gc,start    ] GC(6550) Pause Remark
[2025-01-09T00:29:46.006+0000][187456.372s][info][gc          ] GC(6550) Pause Remark 4436M->4436M(12288M) 25.366ms
[2025-01-09T00:29:46.006+0000][187456.372s][info][gc,cpu      ] GC(6550) User=0.15s Sys=0.00s Real=0.03s
[2025-01-09T00:29:46.006+0000][187456.372s][info][gc,marking  ] GC(6550) Concurrent Mark 1223.871ms
[2025-01-09T00:29:46.006+0000][187456.372s][info][gc,marking  ] GC(6550) Concurrent Rebuild Remembered Sets
[2025-01-09T00:29:46.544+0000][187456.910s][info][gc,marking  ] GC(6550) Concurrent Rebuild Remembered Sets 537.913ms
[2025-01-09T00:29:46.544+0000][187456.910s][info][gc,start    ] GC(6550) Pause Cleanup
[2025-01-09T00:29:46.545+0000][187456.911s][info][gc          ] GC(6550) Pause Cleanup 5264M->5264M(12288M) 0.408ms
[2025-01-09T00:29:46.545+0000][187456.911s][info][gc,cpu      ] GC(6550) User=0.00s Sys=0.00s Real=0.00s
[2025-01-09T00:29:46.545+0000][187456.911s][info][gc,marking  ] GC(6550) Concurrent Cleanup for Next Mark
[2025-01-09T00:29:46.570+0000][187456.936s][info][gc,marking  ] GC(6550) Concurrent Cleanup for Next Mark 25.438ms
[2025-01-09T00:29:46.570+0000][187456.936s][info][gc          ] GC(6550) Concurrent Mark Cycle 1807.577ms
[2025-01-09T00:29:48.656+0000][187459.022s][info][gc,start    ] GC(6551) Pause Young (Prepare Mixed) (G1 Evacuation Pause)
[2025-01-09T00:29:48.656+0000][187459.022s][info][gc,task     ] GC(6551) Using 6 workers of 6 for evacuation
[2025-01-09T00:29:48.681+0000][187459.047s][info][gc,phases   ] GC(6551)   Pre Evacuate Collection Set: 0.2ms
[2025-01-09T00:29:48.681+0000][187459.047s][info][gc,phases   ] GC(6551)   Merge Heap Roots: 0.6ms
[2025-01-09T00:29:48.681+0000][187459.047s][info][gc,phases   ] GC(6551)   Evacuate Collection Set: 21.6ms
[2025-01-09T00:29:48.681+0000][187459.047s][info][gc,phases   ] GC(6551)   Post Evacuate Collection Set: 2.4ms
[2025-01-09T00:29:48.681+0000][187459.047s][info][gc,phases   ] GC(6551)   Other: 0.2ms
[2025-01-09T00:29:48.681+0000][187459.047s][info][gc,heap     ] GC(6551) Eden regions: 915->0(69)
[2025-01-09T00:29:48.681+0000][187459.047s][info][gc,heap     ] GC(6551) Survivor regions: 6->7(116)
[2025-01-09T00:29:48.681+0000][187459.047s][info][gc,heap     ] GC(6551) Old regions: 234->234
[2025-01-09T00:29:48.681+0000][187459.047s][info][gc,heap     ] GC(6551) Archive regions: 2->2
[2025-01-09T00:29:48.681+0000][187459.047s][info][gc,heap     ] GC(6551) Humongous regions: 49->49
[2025-01-09T00:29:48.681+0000][187459.047s][info][gc,metaspace] GC(6551) Metaspace: 524639K(534016K)->524639K(534016K) NonClass: 460709K(465280K)->460709K(465280K) Class: 63929K(68736K)->63929K(68736K)
[2025-01-09T00:29:48.681+0000][187459.047s][info][gc          ] GC(6551) Pause Young (Prepare Mixed) (G1 Evacuation Pause) 9636M->2321M(12288M) 25.044ms
[2025-01-09T00:29:48.681+0000][187459.047s][info][gc,cpu      ] GC(6551) User=0.14s Sys=0.00s Real=0.02s
[2025-01-09T00:29:49.013+0000][187459.379s][info][gc,start    ] GC(6552) Pause Young (Mixed) (G1 Evacuation Pause)
[2025-01-09T00:29:49.013+0000][187459.379s][info][gc,task     ] GC(6552) Using 6 workers of 6 for evacuation
[2025-01-09T00:29:49.056+0000][187459.422s][info][gc,phases   ] GC(6552)   Pre Evacuate Collection Set: 0.2ms
[2025-01-09T00:29:49.056+0000][187459.422s][info][gc,phases   ] GC(6552)   Merge Heap Roots: 0.4ms
[2025-01-09T00:29:49.056+0000][187459.422s][info][gc,phases   ] GC(6552)   Evacuate Collection Set: 41.3ms
[2025-01-09T00:29:49.056+0000][187459.422s][info][gc,phases   ] GC(6552)   Post Evacuate Collection Set: 1.6ms
[2025-01-09T00:29:49.056+0000][187459.422s][info][gc,phases   ] GC(6552)   Other: 0.2ms
[2025-01-09T00:29:49.056+0000][187459.422s][info][gc,heap     ] GC(6552) Eden regions: 69->0(916)
[2025-01-09T00:29:49.056+0000][187459.422s][info][gc,heap     ] GC(6552) Survivor regions: 7->5(10)
[2025-01-09T00:29:49.056+0000][187459.422s][info][gc,heap     ] GC(6552) Old regions: 234->232
[2025-01-09T00:29:49.056+0000][187459.422s][info][gc,heap     ] GC(6552) Archive regions: 2->2
[2025-01-09T00:29:49.056+0000][187459.422s][info][gc,heap     ] GC(6552) Humongous regions: 49->49
[2025-01-09T00:29:49.056+0000][187459.422s][info][gc,metaspace] GC(6552) Metaspace: 524640K(534016K)->524640K(534016K) NonClass: 460710K(465280K)->460710K(465280K) Class: 63929K(68736K)->63929K(68736K)
[2025-01-09T00:29:49.056+0000][187459.422s][info][gc          ] GC(6552) Pause Young (Mixed) (G1 Evacuation Pause) 2873M->2286M(12288M) 43.790ms
[2025-01-09T00:29:49.056+0000][187459.422s][info][gc,cpu      ] GC(6552) User=0.26s Sys=0.00s Real=0.04s
[2025-01-09T00:29:57.019+0000][187467.385s][info][gc,start    ] GC(6553) Pause Young (Normal) (G1 Evacuation Pause)
[2025-01-09T00:29:57.019+0000][187467.385s][info][gc,task     ] GC(6553) Using 6 workers of 6 for evacuation
[2025-01-09T00:29:57.043+0000][187467.409s][info][gc,phases   ] GC(6553)   Pre Evacuate Collection Set: 0.2ms
[2025-01-09T00:29:57.043+0000][187467.409s][info][gc,phases   ] GC(6553)   Merge Heap Roots: 0.4ms
[2025-01-09T00:29:57.043+0000][187467.409s][info][gc,phases   ] GC(6553)   Evacuate Collection Set: 21.0ms
[2025-01-09T00:29:57.043+0000][187467.409s][info][gc,phases   ] GC(6553)   Post Evacuate Collection Set: 2.6ms
[2025-01-09T00:29:57.043+0000][187467.409s][info][gc,phases   ] GC(6553)   Other: 0.2ms
[2025-01-09T00:29:57.043+0000][187467.409s][info][gc,heap     ] GC(6553) Eden regions: 916->0(915)
[2025-01-09T00:29:57.043+0000][187467.409s][info][gc,heap     ] GC(6553) Survivor regions: 5->6(116)
[2025-01-09T00:29:57.043+0000][187467.409s][info][gc,heap     ] GC(6553) Old regions: 232->232
[2025-01-09T00:29:57.043+0000][187467.409s][info][gc,heap     ] GC(6553) Archive regions: 2->2
[2025-01-09T00:29:57.043+0000][187467.409s][info][gc,heap     ] GC(6553) Humongous regions: 49->49
[2025-01-09T00:29:57.043+0000][187467.409s][info][gc,metaspace] GC(6553) Metaspace: 524640K(534016K)->524640K(534016K) NonClass: 460710K(465280K)->460710K(465280K) Class: 63929K(68736K)->63929K(68736K)
[2025-01-09T00:29:57.043+0000][187467.409s][info][gc          ] GC(6553) Pause Young (Normal) (G1 Evacuation Pause) 9614M->2296M(12288M) 24.401ms
[2025-01-09T00:29:57.043+0000][187467.409s][info][gc,cpu      ] GC(6553) User=0.14s Sys=0.00s Real=0.03s
[2025-01-09T00:30:06.819+0000][187477.185s][info][gc,start    ] GC(6554) Pause Young (Normal) (G1 Evacuation Pause)
[2025-01-09T00:30:06.819+0000][187477.185s][info][gc,task     ] GC(6554) Using 6 workers of 6 for evacuation
[2025-01-09T00:30:06.849+0000][187477.215s][info][gc,phases   ] GC(6554)   Pre Evacuate Collection Set: 0.2ms
[2025-01-09T00:30:06.849+0000][187477.215s][info][gc,phases   ] GC(6554)   Merge Heap Roots: 0.5ms
[2025-01-09T00:30:06.849+0000][187477.215s][info][gc,phases   ] GC(6554)   Evacuate Collection Set: 26.7ms
[2025-01-09T00:30:06.849+0000][187477.215s][info][gc,phases   ] GC(6554)   Post Evacuate Collection Set: 2.5ms
[2025-01-09T00:30:06.849+0000][187477.215s][info][gc,phases   ] GC(6554)   Other: 0.2ms
[2025-01-09T00:30:06.849+0000][187477.215s][info][gc,heap     ] GC(6554) Eden regions: 915->0(913)
[2025-01-09T00:30:06.849+0000][187477.215s][info][gc,heap     ] GC(6554) Survivor regions: 6->8(116)
[2025-01-09T00:30:06.849+0000][187477.215s][info][gc,heap     ] GC(6554) Old regions: 232->232
[2025-01-09T00:30:06.849+0000][187477.215s][info][gc,heap     ] GC(6554) Archive regions: 2->2
[2025-01-09T00:30:06.849+0000][187477.215s][info][gc,heap     ] GC(6554) Humongous regions: 49->49
[2025-01-09T00:30:06.849+0000][187477.215s][info][gc,metaspace] GC(6554) Metaspace: 524640K(534016K)->524640K(534016K) NonClass: 460710K(465280K)->460710K(465280K) Class: 63929K(68736K)->63929K(68736K)
[2025-01-09T00:30:06.849+0000][187477.215s][info][gc          ] GC(6554) Pause Young (Normal) (G1 Evacuation Pause) 9616M->2308M(12288M) 30.098ms
[2025-01-09T00:30:06.849+0000][187477.215s][info][gc,cpu      ] GC(6554) User=0.18s Sys=0.00s Real=0.03s
[2025-01-09T00:30:14.736+0000][187485.102s][info][gc,start    ] GC(6555) Pause Young (Concurrent Start) (G1 Evacuation Pause)
[2025-01-09T00:30:14.736+0000][187485.102s][info][gc,task     ] GC(6555) Using 6 workers of 6 for evacuation
[2025-01-09T00:30:14.778+0000][187485.145s][info][gc,phases   ] GC(6555)   Pre Evacuate Collection Set: 1.1ms
[2025-01-09T00:30:14.779+0000][187485.145s][info][gc,phases   ] GC(6555)   Merge Heap Roots: 0.5ms
[2025-01-09T00:30:14.779+0000][187485.145s][info][gc,phases   ] GC(6555)   Evacuate Collection Set: 34.9ms
[2025-01-09T00:30:14.779+0000][187485.145s][info][gc,phases   ] GC(6555)   Post Evacuate Collection Set: 5.6ms
[2025-01-09T00:30:14.779+0000][187485.145s][info][gc,phases   ] GC(6555)   Other: 0.3ms
[2025-01-09T00:30:14.779+0000][187485.145s][info][gc,heap     ] GC(6555) Eden regions: 913->0(910)
[2025-01-09T00:30:14.779+0000][187485.145s][info][gc,heap     ] GC(6555) Survivor regions: 8->11(116)
[2025-01-09T00:30:14.779+0000][187485.145s][info][gc,heap     ] GC(6555) Old regions: 232->232
[2025-01-09T00:30:14.779+0000][187485.145s][info][gc,heap     ] GC(6555) Archive regions: 2->2
[2025-01-09T00:30:14.779+0000][187485.145s][info][gc,heap     ] GC(6555) Humongous regions: 49->49
[2025-01-09T00:30:14.779+0000][187485.145s][info][gc,metaspace] GC(6555) Metaspace: 524640K(534016K)->524640K(534016K) NonClass: 460710K(465280K)->460710K(465280K) Class: 63929K(68736K)->63929K(68736K)
[2025-01-09T00:30:14.779+0000][187485.145s][info][gc          ] GC(6555) Pause Young (Concurrent Start) (G1 Evacuation Pause) 9612M->2333M(12288M) 42.429ms
[2025-01-09T00:30:14.779+0000][187485.145s][info][gc,cpu      ] GC(6555) User=0.25s Sys=0.00s Real=0.04s
[2025-01-09T00:30:14.779+0000][187485.145s][info][gc          ] GC(6556) Concurrent Mark Cycle
[2025-01-09T00:30:14.779+0000][187485.145s][info][gc,marking  ] GC(6556) Concurrent Clear Claimed Marks
[2025-01-09T00:30:14.780+0000][187485.146s][info][gc,marking  ] GC(6556) Concurrent Clear Claimed Marks 0.910ms
[2025-01-09T00:30:14.780+0000][187485.146s][info][gc,marking  ] GC(6556) Concurrent Scan Root Regions
[2025-01-09T00:30:14.809+0000][187485.175s][info][gc,marking  ] GC(6556) Concurrent Scan Root Regions 29.739ms
[2025-01-09T00:30:14.809+0000][187485.175s][info][gc,marking  ] GC(6556) Concurrent Mark
[2025-01-09T00:30:14.809+0000][187485.176s][info][gc,marking  ] GC(6556) Concurrent Mark From Roots
[2025-01-09T00:30:14.809+0000][187485.176s][info][gc,task     ] GC(6556) Using 2 workers of 2 for marking
[2025-01-09T00:30:15.676+0000][187486.042s][info][gc,marking  ] GC(6556) Concurrent Mark From Roots 866.241ms
[2025-01-09T00:30:15.676+0000][187486.042s][info][gc,marking  ] GC(6556) Concurrent Preclean
[2025-01-09T00:30:15.678+0000][187486.044s][info][gc,marking  ] GC(6556) Concurrent Preclean 2.488ms
[2025-01-09T00:30:15.678+0000][187486.044s][info][gc,start    ] GC(6556) Pause Remark
[2025-01-09T00:30:15.704+0000][187486.070s][info][gc          ] GC(6556) Pause Remark 3233M->3233M(12288M) 25.689ms
[2025-01-09T00:30:15.704+0000][187486.070s][info][gc,cpu      ] GC(6556) User=0.15s Sys=0.00s Real=0.03s
[2025-01-09T00:30:15.704+0000][187486.070s][info][gc,marking  ] GC(6556) Concurrent Mark 894.758ms
[2025-01-09T00:30:15.704+0000][187486.070s][info][gc,marking  ] GC(6556) Concurrent Rebuild Remembered Sets
[2025-01-09T00:30:16.221+0000][187486.587s][info][gc,marking  ] GC(6556) Concurrent Rebuild Remembered Sets 517.161ms
[2025-01-09T00:30:16.221+0000][187486.588s][info][gc,start    ] GC(6556) Pause Cleanup
[2025-01-09T00:30:16.222+0000][187486.588s][info][gc          ] GC(6556) Pause Cleanup 3689M->3689M(12288M) 0.407ms
[2025-01-09T00:30:16.222+0000][187486.588s][info][gc,cpu      ] GC(6556) User=0.00s Sys=0.00s Real=0.00s
[2025-01-09T00:30:16.222+0000][187486.588s][info][gc,marking  ] GC(6556) Concurrent Cleanup for Next Mark
[2025-01-09T00:30:16.237+0000][187486.603s][info][gc,marking  ] GC(6556) Concurrent Cleanup for Next Mark 15.245ms
[2025-01-09T00:30:16.237+0000][187486.603s][info][gc          ] GC(6556) Concurrent Mark Cycle 1458.614ms
[2025-01-09T00:30:21.070+0000][187491.436s][info][gc,start    ] GC(6557) Pause Young (Prepare Mixed) (G1 Evacuation Pause)
[2025-01-09T00:30:21.070+0000][187491.436s][info][gc,task     ] GC(6557) Using 6 workers of 6 for evacuation
[2025-01-09T00:30:21.106+0000][187491.472s][info][gc,phases   ] GC(6557)   Pre Evacuate Collection Set: 0.2ms
[2025-01-09T00:30:21.106+0000][187491.472s][info][gc,phases   ] GC(6557)   Merge Heap Roots: 0.7ms
[2025-01-09T00:30:21.106+0000][187491.472s][info][gc,phases   ] GC(6557)   Evacuate Collection Set: 31.8ms
[2025-01-09T00:30:21.106+0000][187491.472s][info][gc,phases   ] GC(6557)   Post Evacuate Collection Set: 2.7ms
[2025-01-09T00:30:21.106+0000][187491.472s][info][gc,phases   ] GC(6557)   Other: 0.2ms
[2025-01-09T00:30:21.106+0000][187491.472s][info][gc,heap     ] GC(6557) Eden regions: 910->0(66)
[2025-01-09T00:30:21.106+0000][187491.472s][info][gc,heap     ] GC(6557) Survivor regions: 11->10(116)
[2025-01-09T00:30:21.106+0000][187491.472s][info][gc,heap     ] GC(6557) Old regions: 232->232
[2025-01-09T00:30:21.106+0000][187491.472s][info][gc,heap     ] GC(6557) Archive regions: 2->2
[2025-01-09T00:30:21.106+0000][187491.472s][info][gc,heap     ] GC(6557) Humongous regions: 49->49
[2025-01-09T00:30:21.106+0000][187491.472s][info][gc,metaspace] GC(6557) Metaspace: 524640K(534016K)->524640K(534016K) NonClass: 460710K(465280K)->460710K(465280K) Class: 63929K(68736K)->63929K(68736K)
[2025-01-09T00:30:21.106+0000][187491.472s][info][gc          ] GC(6557) Pause Young (Prepare Mixed) (G1 Evacuation Pause) 9613M->2328M(12288M) 35.636ms
[2025-01-09T00:30:21.106+0000][187491.472s][info][gc,cpu      ] GC(6557) User=0.21s Sys=0.00s Real=0.03s
[2025-01-09T00:30:21.397+0000][187491.763s][info][gc,start    ] GC(6558) Pause Young (Mixed) (G1 Evacuation Pause)
[2025-01-09T00:30:21.397+0000][187491.763s][info][gc,task     ] GC(6558) Using 6 workers of 6 for evacuation
[2025-01-09T00:30:21.465+0000][187491.831s][info][gc,phases   ] GC(6558)   Pre Evacuate Collection Set: 0.2ms
[2025-01-09T00:30:21.465+0000][187491.831s][info][gc,phases   ] GC(6558)   Merge Heap Roots: 0.6ms
[2025-01-09T00:30:21.465+0000][187491.831s][info][gc,phases   ] GC(6558)   Evacuate Collection Set: 65.6ms
[2025-01-09T00:30:21.465+0000][187491.831s][info][gc,phases   ] GC(6558)   Post Evacuate Collection Set: 1.6ms
[2025-01-09T00:30:21.465+0000][187491.831s][info][gc,phases   ] GC(6558)   Other: 0.2ms
[2025-01-09T00:30:21.465+0000][187491.831s][info][gc,heap     ] GC(6558) Eden regions: 66->0(916)
[2025-01-09T00:30:21.465+0000][187491.831s][info][gc,heap     ] GC(6558) Survivor regions: 10->5(10)
[2025-01-09T00:30:21.465+0000][187491.831s][info][gc,heap     ] GC(6558) Old regions: 232->233
[2025-01-09T00:30:21.465+0000][187491.831s][info][gc,heap     ] GC(6558) Archive regions: 2->2
[2025-01-09T00:30:21.465+0000][187491.831s][info][gc,heap     ] GC(6558) Humongous regions: 49->49
[2025-01-09T00:30:21.465+0000][187491.831s][info][gc,metaspace] GC(6558) Metaspace: 524640K(534016K)->524640K(534016K) NonClass: 460710K(465280K)->460710K(465280K) Class: 63929K(68736K)->63929K(68736K)
[2025-01-09T00:30:21.465+0000][187491.831s][info][gc          ] GC(6558) Pause Young (Mixed) (G1 Evacuation Pause) 2856M->2292M(12288M) 68.250ms
[2025-01-09T00:30:21.465+0000][187491.831s][info][gc,cpu      ] GC(6558) User=0.40s Sys=0.00s Real=0.07s
[2025-01-09T00:30:26.180+0000][187496.546s][info][gc,start    ] GC(6559) Pause Young (Normal) (G1 Evacuation Pause)
[2025-01-09T00:30:26.180+0000][187496.546s][info][gc,task     ] GC(6559) Using 6 workers of 6 for evacuation
[2025-01-09T00:30:26.200+0000][187496.566s][info][gc,phases   ] GC(6559)   Pre Evacuate Collection Set: 0.2ms
[2025-01-09T00:30:26.200+0000][187496.566s][info][gc,phases   ] GC(6559)   Merge Heap Roots: 0.4ms
[2025-01-09T00:30:26.200+0000][187496.566s][info][gc,phases   ] GC(6559)   Evacuate Collection Set: 16.7ms
[2025-01-09T00:30:26.200+0000][187496.566s][info][gc,phases   ] GC(6559)   Post Evacuate Collection Set: 2.3ms
[2025-01-09T00:30:26.200+0000][187496.566s][info][gc,phases   ] GC(6559)   Other: 0.2ms
[2025-01-09T00:30:26.200+0000][187496.566s][info][gc,heap     ] GC(6559) Eden regions: 916->0(916)
[2025-01-09T00:30:26.200+0000][187496.566s][info][gc,heap     ] GC(6559) Survivor regions: 5->5(116)
[2025-01-09T00:30:26.200+0000][187496.566s][info][gc,heap     ] GC(6559) Old regions: 233->233
[2025-01-09T00:30:26.200+0000][187496.566s][info][gc,heap     ] GC(6559) Archive regions: 2->2
[2025-01-09T00:30:26.200+0000][187496.566s][info][gc,heap     ] GC(6559) Humongous regions: 49->49
[2025-01-09T00:30:26.200+0000][187496.566s][info][gc,metaspace] GC(6559) Metaspace: 524640K(534016K)->524640K(534016K) NonClass: 460710K(465280K)->460710K(465280K) Class: 63929K(68736K)->63929K(68736K)
[2025-01-09T00:30:26.200+0000][187496.566s][info][gc          ] GC(6559) Pause Young (Normal) (G1 Evacuation Pause) 9620M->2291M(12288M) 19.908ms
[2025-01-09T00:30:26.200+0000][187496.566s][info][gc,cpu      ] GC(6559) User=0.11s Sys=0.00s Real=0.02s
[2025-01-09T00:30:29.934+0000][187500.300s][info][gc,start    ] GC(6560) Pause Young (Normal) (G1 Evacuation Pause)
[2025-01-09T00:30:29.934+0000][187500.300s][info][gc,task     ] GC(6560) Using 6 workers of 6 for evacuation
[2025-01-09T00:30:29.958+0000][187500.324s][info][gc,phases   ] GC(6560)   Pre Evacuate Collection Set: 0.2ms
[2025-01-09T00:30:29.958+0000][187500.324s][info][gc,phases   ] GC(6560)   Merge Heap Roots: 0.4ms
[2025-01-09T00:30:29.958+0000][187500.324s][info][gc,phases   ] GC(6560)   Evacuate Collection Set: 20.0ms
[2025-01-09T00:30:29.958+0000][187500.325s][info][gc,phases   ] GC(6560)   Post Evacuate Collection Set: 3.7ms
[2025-01-09T00:30:29.958+0000][187500.325s][info][gc,phases   ] GC(6560)   Other: 0.2ms
[2025-01-09T00:30:29.958+0000][187500.325s][info][gc,heap     ] GC(6560) Eden regions: 916->0(914)
[2025-01-09T00:30:29.958+0000][187500.325s][info][gc,heap     ] GC(6560) Survivor regions: 5->7(116)
[2025-01-09T00:30:29.958+0000][187500.325s][info][gc,heap     ] GC(6560) Old regions: 233->233
[2025-01-09T00:30:29.958+0000][187500.325s][info][gc,heap     ] GC(6560) Archive regions: 2->2
[2025-01-09T00:30:29.958+0000][187500.325s][info][gc,heap     ] GC(6560) Humongous regions: 49->49
[2025-01-09T00:30:29.958+0000][187500.325s][info][gc,metaspace] GC(6560) Metaspace: 524640K(534016K)->524640K(534016K) NonClass: 460710K(465280K)->460710K(465280K) Class: 63929K(68736K)->63929K(68736K)
[2025-01-09T00:30:29.958+0000][187500.325s][info][gc          ] GC(6560) Pause Young (Normal) (G1 Evacuation Pause) 9619M->2308M(12288M) 24.540ms
[2025-01-09T00:30:29.959+0000][187500.325s][info][gc,cpu      ] GC(6560) User=0.14s Sys=0.00s Real=0.02s
[2025-01-09T00:30:33.653+0000][187504.020s][info][gc,start    ] GC(6561) Pause Young (Concurrent Start) (G1 Evacuation Pause)
[2025-01-09T00:30:33.653+0000][187504.020s][info][gc,task     ] GC(6561) Using 6 workers of 6 for evacuation
[2025-01-09T00:30:33.679+0000][187504.045s][info][gc,phases   ] GC(6561)   Pre Evacuate Collection Set: 1.2ms
[2025-01-09T00:30:33.679+0000][187504.045s][info][gc,phases   ] GC(6561)   Merge Heap Roots: 0.4ms
[2025-01-09T00:30:33.679+0000][187504.045s][info][gc,phases   ] GC(6561)   Evacuate Collection Set: 21.4ms
[2025-01-09T00:30:33.679+0000][187504.045s][info][gc,phases   ] GC(6561)   Post Evacuate Collection Set: 2.6ms
[2025-01-09T00:30:33.679+0000][187504.045s][info][gc,phases   ] GC(6561)   Other: 0.3ms
[2025-01-09T00:30:33.679+0000][187504.045s][info][gc,heap     ] GC(6561) Eden regions: 914->0(915)
[2025-01-09T00:30:33.679+0000][187504.045s][info][gc,heap     ] GC(6561) Survivor regions: 7->6(116)
[2025-01-09T00:30:33.679+0000][187504.045s][info][gc,heap     ] GC(6561) Old regions: 233->233
[2025-01-09T00:30:33.679+0000][187504.045s][info][gc,heap     ] GC(6561) Archive regions: 2->2
[2025-01-09T00:30:33.679+0000][187504.045s][info][gc,heap     ] GC(6561) Humongous regions: 49->49
[2025-01-09T00:30:33.679+0000][187504.045s][info][gc,metaspace] GC(6561) Metaspace: 524640K(534016K)->524640K(534016K) NonClass: 460710K(465280K)->460710K(465280K) Class: 63929K(68736K)->63929K(68736K)
[2025-01-09T00:30:33.679+0000][187504.045s][info][gc          ] GC(6561) Pause Young (Concurrent Start) (G1 Evacuation Pause) 9620M->2296M(12288M) 25.893ms
[2025-01-09T00:30:33.679+0000][187504.045s][info][gc,cpu      ] GC(6561) User=0.14s Sys=0.00s Real=0.02s
[2025-01-09T00:30:33.679+0000][187504.045s][info][gc          ] GC(6562) Concurrent Mark Cycle
[2025-01-09T00:30:33.679+0000][187504.046s][info][gc,marking  ] GC(6562) Concurrent Clear Claimed Marks
[2025-01-09T00:30:33.680+0000][187504.046s][info][gc,marking  ] GC(6562) Concurrent Clear Claimed Marks 0.886ms
[2025-01-09T00:30:33.680+0000][187504.046s][info][gc,marking  ] GC(6562) Concurrent Scan Root Regions
[2025-01-09T00:30:33.701+0000][187504.067s][info][gc,marking  ] GC(6562) Concurrent Scan Root Regions 20.511ms
[2025-01-09T00:30:33.701+0000][187504.067s][info][gc,marking  ] GC(6562) Concurrent Mark
[2025-01-09T00:30:33.701+0000][187504.067s][info][gc,marking  ] GC(6562) Concurrent Mark From Roots
[2025-01-09T00:30:33.701+0000][187504.067s][info][gc,task     ] GC(6562) Using 2 workers of 2 for marking
[2025-01-09T00:30:34.651+0000][187505.017s][info][gc,marking  ] GC(6562) Concurrent Mark From Roots 950.053ms
[2025-01-09T00:30:34.651+0000][187505.017s][info][gc,marking  ] GC(6562) Concurrent Preclean
[2025-01-09T00:30:34.655+0000][187505.021s][info][gc,marking  ] GC(6562) Concurrent Preclean 3.677ms
[2025-01-09T00:30:34.655+0000][187505.021s][info][gc,start    ] GC(6562) Pause Remark
[2025-01-09T00:30:34.683+0000][187505.049s][info][gc          ] GC(6562) Pause Remark 4072M->4072M(12288M) 27.948ms
[2025-01-09T00:30:34.683+0000][187505.049s][info][gc,cpu      ] GC(6562) User=0.15s Sys=0.00s Real=0.03s
[2025-01-09T00:30:34.683+0000][187505.049s][info][gc,marking  ] GC(6562) Concurrent Mark 982.100ms
[2025-01-09T00:30:34.683+0000][187505.049s][info][gc,marking  ] GC(6562) Concurrent Rebuild Remembered Sets
[2025-01-09T00:30:35.445+0000][187505.812s][info][gc,marking  ] GC(6562) Concurrent Rebuild Remembered Sets 762.458ms
[2025-01-09T00:30:35.446+0000][187505.812s][info][gc,start    ] GC(6562) Pause Cleanup
[2025-01-09T00:30:35.446+0000][187505.812s][info][gc          ] GC(6562) Pause Cleanup 5468M->5468M(12288M) 0.429ms
[2025-01-09T00:30:35.446+0000][187505.812s][info][gc,cpu      ] GC(6562) User=0.00s Sys=0.00s Real=0.00s
[2025-01-09T00:30:35.446+0000][187505.812s][info][gc,marking  ] GC(6562) Concurrent Cleanup for Next Mark
[2025-01-09T00:30:35.462+0000][187505.828s][info][gc,marking  ] GC(6562) Concurrent Cleanup for Next Mark 16.060ms
[2025-01-09T00:30:35.462+0000][187505.828s][info][gc          ] GC(6562) Concurrent Mark Cycle 1782.881ms
[2025-01-09T00:30:37.750+0000][187508.117s][info][gc,start    ] GC(6563) Pause Young (Prepare Mixed) (G1 Evacuation Pause)
[2025-01-09T00:30:37.750+0000][187508.117s][info][gc,task     ] GC(6563) Using 6 workers of 6 for evacuation
[2025-01-09T00:30:37.775+0000][187508.141s][info][gc,phases   ] GC(6563)   Pre Evacuate Collection Set: 0.2ms
[2025-01-09T00:30:37.775+0000][187508.141s][info][gc,phases   ] GC(6563)   Merge Heap Roots: 0.5ms
[2025-01-09T00:30:37.775+0000][187508.141s][info][gc,phases   ] GC(6563)   Evacuate Collection Set: 21.3ms
[2025-01-09T00:30:37.775+0000][187508.141s][info][gc,phases   ] GC(6563)   Post Evacuate Collection Set: 2.3ms
[2025-01-09T00:30:37.775+0000][187508.141s][info][gc,phases   ] GC(6563)   Other: 0.2ms
[2025-01-09T00:30:37.775+0000][187508.141s][info][gc,heap     ] GC(6563) Eden regions: 915->0(70)
[2025-01-09T00:30:37.775+0000][187508.141s][info][gc,heap     ] GC(6563) Survivor regions: 6->6(116)
[2025-01-09T00:30:37.775+0000][187508.141s][info][gc,heap     ] GC(6563) Old regions: 233->233
[2025-01-09T00:30:37.775+0000][187508.141s][info][gc,heap     ] GC(6563) Archive regions: 2->2
[2025-01-09T00:30:37.775+0000][187508.141s][info][gc,heap     ] GC(6563) Humongous regions: 49->49
[2025-01-09T00:30:37.775+0000][187508.141s][info][gc,metaspace] GC(6563) Metaspace: 524640K(534016K)->524640K(534016K) NonClass: 460710K(465280K)->460710K(465280K) Class: 63929K(68736K)->63929K(68736K)
[2025-01-09T00:30:37.775+0000][187508.141s][info][gc          ] GC(6563) Pause Young (Prepare Mixed) (G1 Evacuation Pause) 9616M->2302M(12288M) 24.653ms
[2025-01-09T00:30:37.775+0000][187508.141s][info][gc,cpu      ] GC(6563) User=0.15s Sys=0.00s Real=0.02s
[2025-01-09T00:30:38.054+0000][187508.421s][info][gc,start    ] GC(6564) Pause Young (Mixed) (G1 Evacuation Pause)
[2025-01-09T00:30:38.054+0000][187508.421s][info][gc,task     ] GC(6564) Using 6 workers of 6 for evacuation
[2025-01-09T00:30:38.120+0000][187508.486s][info][gc,phases   ] GC(6564)   Pre Evacuate Collection Set: 0.2ms
[2025-01-09T00:30:38.120+0000][187508.486s][info][gc,phases   ] GC(6564)   Merge Heap Roots: 0.7ms
[2025-01-09T00:30:38.120+0000][187508.486s][info][gc,phases   ] GC(6564)   Evacuate Collection Set: 62.2ms
[2025-01-09T00:30:38.120+0000][187508.486s][info][gc,phases   ] GC(6564)   Post Evacuate Collection Set: 2.0ms
[2025-01-09T00:30:38.120+0000][187508.486s][info][gc,phases   ] GC(6564)   Other: 0.2ms
[2025-01-09T00:30:38.120+0000][187508.486s][info][gc,heap     ] GC(6564) Eden regions: 70->0(915)
[2025-01-09T00:30:38.120+0000][187508.486s][info][gc,heap     ] GC(6564) Survivor regions: 6->6(10)
[2025-01-09T00:30:38.120+0000][187508.486s][info][gc,heap     ] GC(6564) Old regions: 233->230
[2025-01-09T00:30:38.120+0000][187508.486s][info][gc,heap     ] GC(6564) Archive regions: 2->2
[2025-01-09T00:30:38.120+0000][187508.486s][info][gc,heap     ] GC(6564) Humongous regions: 49->49
[2025-01-09T00:30:38.120+0000][187508.486s][info][gc,metaspace] GC(6564) Metaspace: 524640K(534016K)->524640K(534016K) NonClass: 460710K(465280K)->460710K(465280K) Class: 63929K(68736K)->63929K(68736K)
[2025-01-09T00:30:38.120+0000][187508.486s][info][gc          ] GC(6564) Pause Young (Mixed) (G1 Evacuation Pause) 2862M->2276M(12288M) 65.351ms
[2025-01-09T00:30:38.120+0000][187508.486s][info][gc,cpu      ] GC(6564) User=0.38s Sys=0.00s Real=0.06s
[2025-01-09T00:30:48.368+0000][187518.734s][info][gc,start    ] GC(6565) Pause Young (Normal) (G1 Evacuation Pause)
[2025-01-09T00:30:48.368+0000][187518.734s][info][gc,task     ] GC(6565) Using 6 workers of 6 for evacuation
[2025-01-09T00:30:48.394+0000][187518.760s][info][gc,phases   ] GC(6565)   Pre Evacuate Collection Set: 0.2ms
[2025-01-09T00:30:48.394+0000][187518.760s][info][gc,phases   ] GC(6565)   Merge Heap Roots: 0.4ms
[2025-01-09T00:30:48.394+0000][187518.760s][info][gc,phases   ] GC(6565)   Evacuate Collection Set: 22.6ms
[2025-01-09T00:30:48.394+0000][187518.760s][info][gc,phases   ] GC(6565)   Post Evacuate Collection Set: 2.7ms
[2025-01-09T00:30:48.394+0000][187518.760s][info][gc,phases   ] GC(6565)   Other: 0.2ms
[2025-01-09T00:30:48.394+0000][187518.760s][info][gc,heap     ] GC(6565) Eden regions: 915->0(915)
[2025-01-09T00:30:48.394+0000][187518.760s][info][gc,heap     ] GC(6565) Survivor regions: 6->6(116)
[2025-01-09T00:30:48.394+0000][187518.760s][info][gc,heap     ] GC(6565) Old regions: 230->230
[2025-01-09T00:30:48.394+0000][187518.760s][info][gc,heap     ] GC(6565) Archive regions: 2->2
[2025-01-09T00:30:48.394+0000][187518.760s][info][gc,heap     ] GC(6565) Humongous regions: 49->49
[2025-01-09T00:30:48.394+0000][187518.760s][info][gc,metaspace] GC(6565) Metaspace: 524640K(534016K)->524640K(534016K) NonClass: 460711K(465280K)->460711K(465280K) Class: 63929K(68736K)->63929K(68736K)
[2025-01-09T00:30:48.394+0000][187518.761s][info][gc          ] GC(6565) Pause Young (Normal) (G1 Evacuation Pause) 9596M->2277M(12288M) 26.189ms
[2025-01-09T00:30:48.394+0000][187518.761s][info][gc,cpu      ] GC(6565) User=0.16s Sys=0.00s Real=0.03s
[2025-01-09T00:31:02.566+0000][187532.932s][info][gc,start    ] GC(6566) Pause Young (Normal) (G1 Evacuation Pause)
[2025-01-09T00:31:02.566+0000][187532.932s][info][gc,task     ] GC(6566) Using 6 workers of 6 for evacuation
[2025-01-09T00:31:02.600+0000][187532.966s][info][gc,phases   ] GC(6566)   Pre Evacuate Collection Set: 0.2ms
[2025-01-09T00:31:02.600+0000][187532.966s][info][gc,phases   ] GC(6566)   Merge Heap Roots: 0.5ms
[2025-01-09T00:31:02.600+0000][187532.966s][info][gc,phases   ] GC(6566)   Evacuate Collection Set: 29.6ms
[2025-01-09T00:31:02.600+0000][187532.966s][info][gc,phases   ] GC(6566)   Post Evacuate Collection Set: 2.7ms
[2025-01-09T00:31:02.600+0000][187532.966s][info][gc,phases   ] GC(6566)   Other: 0.2ms
[2025-01-09T00:31:02.600+0000][187532.966s][info][gc,heap     ] GC(6566) Eden regions: 915->0(914)
[2025-01-09T00:31:02.600+0000][187532.966s][info][gc,heap     ] GC(6566) Survivor regions: 6->7(116)
[2025-01-09T00:31:02.600+0000][187532.966s][info][gc,heap     ] GC(6566) Old regions: 230->230
[2025-01-09T00:31:02.600+0000][187532.966s][info][gc,heap     ] GC(6566) Archive regions: 2->2
[2025-01-09T00:31:02.600+0000][187532.966s][info][gc,heap     ] GC(6566) Humongous regions: 49->49
[2025-01-09T00:31:02.600+0000][187532.966s][info][gc,metaspace] GC(6566) Metaspace: 524640K(534016K)->524640K(534016K) NonClass: 460711K(465280K)->460711K(465280K) Class: 63929K(68736K)->63929K(68736K)
[2025-01-09T00:31:02.600+0000][187532.966s][info][gc          ] GC(6566) Pause Young (Normal) (G1 Evacuation Pause) 9597M->2285M(12288M) 33.289ms
[2025-01-09T00:31:02.600+0000][187532.966s][info][gc,cpu      ] GC(6566) User=0.19s Sys=0.00s Real=0.03s
[2025-01-09T00:31:10.001+0000][187540.367s][info][gc,start    ] GC(6567) Pause Young (Concurrent Start) (G1 Evacuation Pause)
[2025-01-09T00:31:10.001+0000][187540.367s][info][gc,task     ] GC(6567) Using 6 workers of 6 for evacuation
[2025-01-09T00:31:10.042+0000][187540.408s][info][gc,phases   ] GC(6567)   Pre Evacuate Collection Set: 1.2ms
[2025-01-09T00:31:10.042+0000][187540.408s][info][gc,phases   ] GC(6567)   Merge Heap Roots: 0.5ms
[2025-01-09T00:31:10.042+0000][187540.408s][info][gc,phases   ] GC(6567)   Evacuate Collection Set: 33.7ms
[2025-01-09T00:31:10.042+0000][187540.408s][info][gc,phases   ] GC(6567)   Post Evacuate Collection Set: 5.5ms
[2025-01-09T00:31:10.042+0000][187540.408s][info][gc,phases   ] GC(6567)   Other: 0.3ms
[2025-01-09T00:31:10.042+0000][187540.408s][info][gc,heap     ] GC(6567) Eden regions: 914->0(910)
[2025-01-09T00:31:10.042+0000][187540.408s][info][gc,heap     ] GC(6567) Survivor regions: 7->11(116)
[2025-01-09T00:31:10.042+0000][187540.408s][info][gc,heap     ] GC(6567) Old regions: 230->230
[2025-01-09T00:31:10.042+0000][187540.408s][info][gc,heap     ] GC(6567) Archive regions: 2->2
[2025-01-09T00:31:10.042+0000][187540.408s][info][gc,heap     ] GC(6567) Humongous regions: 49->49
[2025-01-09T00:31:10.042+0000][187540.408s][info][gc,metaspace] GC(6567) Metaspace: 524640K(534016K)->524640K(534016K) NonClass: 460711K(465280K)->460711K(465280K) Class: 63929K(68736K)->63929K(68736K)
[2025-01-09T00:31:10.042+0000][187540.408s][info][gc          ] GC(6567) Pause Young (Concurrent Start) (G1 Evacuation Pause) 9597M->2317M(12288M) 41.236ms
[2025-01-09T00:31:10.042+0000][187540.408s][info][gc,cpu      ] GC(6567) User=0.23s Sys=0.00s Real=0.05s
[2025-01-09T00:31:10.042+0000][187540.408s][info][gc          ] GC(6568) Concurrent Mark Cycle
[2025-01-09T00:31:10.042+0000][187540.408s][info][gc,marking  ] GC(6568) Concurrent Clear Claimed Marks
[2025-01-09T00:31:10.043+0000][187540.409s][info][gc,marking  ] GC(6568) Concurrent Clear Claimed Marks 0.999ms
[2025-01-09T00:31:10.043+0000][187540.409s][info][gc,marking  ] GC(6568) Concurrent Scan Root Regions
[2025-01-09T00:31:10.076+0000][187540.443s][info][gc,marking  ] GC(6568) Concurrent Scan Root Regions 33.210ms
[2025-01-09T00:31:10.076+0000][187540.443s][info][gc,marking  ] GC(6568) Concurrent Mark
[2025-01-09T00:31:10.076+0000][187540.443s][info][gc,marking  ] GC(6568) Concurrent Mark From Roots
[2025-01-09T00:31:10.076+0000][187540.443s][info][gc,task     ] GC(6568) Using 2 workers of 2 for marking
[2025-01-09T00:31:10.893+0000][187541.259s][info][gc,marking  ] GC(6568) Concurrent Mark From Roots 816.398ms
[2025-01-09T00:31:10.893+0000][187541.259s][info][gc,marking  ] GC(6568) Concurrent Preclean
[2025-01-09T00:31:10.896+0000][187541.262s][info][gc,marking  ] GC(6568) Concurrent Preclean 2.607ms
[2025-01-09T00:31:10.896+0000][187541.262s][info][gc,start    ] GC(6568) Pause Remark
[2025-01-09T00:31:10.921+0000][187541.287s][info][gc          ] GC(6568) Pause Remark 3053M->3053M(12288M) 25.679ms
[2025-01-09T00:31:10.921+0000][187541.287s][info][gc,cpu      ] GC(6568) User=0.15s Sys=0.00s Real=0.02s
[2025-01-09T00:31:10.921+0000][187541.288s][info][gc,marking  ] GC(6568) Concurrent Mark 845.027ms
[2025-01-09T00:31:10.922+0000][187541.288s][info][gc,marking  ] GC(6568) Concurrent Rebuild Remembered Sets
[2025-01-09T00:31:11.433+0000][187541.799s][info][gc,marking  ] GC(6568) Concurrent Rebuild Remembered Sets 511.837ms
[2025-01-09T00:31:11.434+0000][187541.800s][info][gc,start    ] GC(6568) Pause Cleanup
[2025-01-09T00:31:11.434+0000][187541.800s][info][gc          ] GC(6568) Pause Cleanup 3169M->3169M(12288M) 0.392ms
[2025-01-09T00:31:11.434+0000][187541.800s][info][gc,cpu      ] GC(6568) User=0.00s Sys=0.00s Real=0.00s
[2025-01-09T00:31:11.434+0000][187541.800s][info][gc,marking  ] GC(6568) Concurrent Cleanup for Next Mark
[2025-01-09T00:31:11.449+0000][187541.816s][info][gc,marking  ] GC(6568) Concurrent Cleanup for Next Mark 15.461ms
[2025-01-09T00:31:11.449+0000][187541.816s][info][gc          ] GC(6568) Concurrent Mark Cycle 1407.327ms
[2025-01-09T00:31:25.049+0000][187555.415s][info][gc,start    ] GC(6569) Pause Young (Prepare Mixed) (G1 Evacuation Pause)
[2025-01-09T00:31:25.049+0000][187555.415s][info][gc,task     ] GC(6569) Using 6 workers of 6 for evacuation
[2025-01-09T00:31:25.095+0000][187555.461s][info][gc,phases   ] GC(6569)   Pre Evacuate Collection Set: 0.2ms
[2025-01-09T00:31:25.095+0000][187555.461s][info][gc,phases   ] GC(6569)   Merge Heap Roots: 0.8ms
[2025-01-09T00:31:25.095+0000][187555.461s][info][gc,phases   ] GC(6569)   Evacuate Collection Set: 40.7ms
[2025-01-09T00:31:25.095+0000][187555.461s][info][gc,phases   ] GC(6569)   Post Evacuate Collection Set: 4.3ms
[2025-01-09T00:31:25.095+0000][187555.461s][info][gc,phases   ] GC(6569)   Other: 0.2ms
[2025-01-09T00:31:25.095+0000][187555.461s][info][gc,heap     ] GC(6569) Eden regions: 910->0(64)
[2025-01-09T00:31:25.095+0000][187555.461s][info][gc,heap     ] GC(6569) Survivor regions: 11->12(116)
[2025-01-09T00:31:25.095+0000][187555.461s][info][gc,heap     ] GC(6569) Old regions: 230->230
[2025-01-09T00:31:25.095+0000][187555.461s][info][gc,heap     ] GC(6569) Archive regions: 2->2
[2025-01-09T00:31:25.095+0000][187555.461s][info][gc,heap     ] GC(6569) Humongous regions: 49->49
[2025-01-09T00:31:25.095+0000][187555.461s][info][gc,metaspace] GC(6569) Metaspace: 524640K(534016K)->524640K(534016K) NonClass: 460711K(465280K)->460711K(465280K) Class: 63929K(68736K)->63929K(68736K)
[2025-01-09T00:31:25.095+0000][187555.461s][info][gc          ] GC(6569) Pause Young (Prepare Mixed) (G1 Evacuation Pause) 9597M->2327M(12288M) 46.352ms
[2025-01-09T00:31:25.095+0000][187555.461s][info][gc,cpu      ] GC(6569) User=0.27s Sys=0.00s Real=0.05s
[2025-01-09T00:31:26.099+0000][187556.465s][info][gc,start    ] GC(6570) Pause Young (Mixed) (G1 Evacuation Pause)
[2025-01-09T00:31:26.099+0000][187556.465s][info][gc,task     ] GC(6570) Using 6 workers of 6 for evacuation
[2025-01-09T00:31:26.175+0000][187556.541s][info][gc,phases   ] GC(6570)   Pre Evacuate Collection Set: 0.2ms
[2025-01-09T00:31:26.175+0000][187556.541s][info][gc,phases   ] GC(6570)   Merge Heap Roots: 0.7ms
[2025-01-09T00:31:26.175+0000][187556.541s][info][gc,phases   ] GC(6570)   Evacuate Collection Set: 73.8ms
[2025-01-09T00:31:26.175+0000][187556.541s][info][gc,phases   ] GC(6570)   Post Evacuate Collection Set: 1.8ms
[2025-01-09T00:31:26.175+0000][187556.541s][info][gc,phases   ] GC(6570)   Other: 0.2ms
[2025-01-09T00:31:26.175+0000][187556.541s][info][gc,heap     ] GC(6570) Eden regions: 64->0(916)
[2025-01-09T00:31:26.175+0000][187556.541s][info][gc,heap     ] GC(6570) Survivor regions: 12->5(10)
[2025-01-09T00:31:26.175+0000][187556.541s][info][gc,heap     ] GC(6570) Old regions: 230->232
[2025-01-09T00:31:26.175+0000][187556.541s][info][gc,heap     ] GC(6570) Archive regions: 2->2
[2025-01-09T00:31:26.175+0000][187556.541s][info][gc,heap     ] GC(6570) Humongous regions: 49->49
[2025-01-09T00:31:26.175+0000][187556.541s][info][gc,metaspace] GC(6570) Metaspace: 524640K(534016K)->524640K(534016K) NonClass: 460711K(465280K)->460711K(465280K) Class: 63929K(68736K)->63929K(68736K)
[2025-01-09T00:31:26.175+0000][187556.542s][info][gc          ] GC(6570) Pause Young (Mixed) (G1 Evacuation Pause) 2839M->2293M(12288M) 76.883ms
[2025-01-09T00:31:26.175+0000][187556.542s][info][gc,cpu      ] GC(6570) User=0.45s Sys=0.00s Real=0.08s
[2025-01-09T00:31:34.806+0000][187565.172s][info][gc,start    ] GC(6571) Pause Young (Normal) (G1 Evacuation Pause)
[2025-01-09T00:31:34.806+0000][187565.173s][info][gc,task     ] GC(6571) Using 6 workers of 6 for evacuation
[2025-01-09T00:31:34.832+0000][187565.198s][info][gc,phases   ] GC(6571)   Pre Evacuate Collection Set: 0.2ms
[2025-01-09T00:31:34.832+0000][187565.198s][info][gc,phases   ] GC(6571)   Merge Heap Roots: 0.4ms
[2025-01-09T00:31:34.832+0000][187565.198s][info][gc,phases   ] GC(6571)   Evacuate Collection Set: 21.7ms
[2025-01-09T00:31:34.832+0000][187565.198s][info][gc,phases   ] GC(6571)   Post Evacuate Collection Set: 2.7ms
[2025-01-09T00:31:34.832+0000][187565.198s][info][gc,phases   ] GC(6571)   Other: 0.2ms
[2025-01-09T00:31:34.832+0000][187565.198s][info][gc,heap     ] GC(6571) Eden regions: 916->0(915)
[2025-01-09T00:31:34.832+0000][187565.198s][info][gc,heap     ] GC(6571) Survivor regions: 5->6(116)
[2025-01-09T00:31:34.832+0000][187565.198s][info][gc,heap     ] GC(6571) Old regions: 232->232
[2025-01-09T00:31:34.832+0000][187565.198s][info][gc,heap     ] GC(6571) Archive regions: 2->2
[2025-01-09T00:31:34.832+0000][187565.198s][info][gc,heap     ] GC(6571) Humongous regions: 49->49
[2025-01-09T00:31:34.832+0000][187565.198s][info][gc,metaspace] GC(6571) Metaspace: 524641K(534016K)->524641K(534016K) NonClass: 460712K(465280K)->460712K(465280K) Class: 63929K(68736K)->63929K(68736K)
[2025-01-09T00:31:34.832+0000][187565.198s][info][gc          ] GC(6571) Pause Young (Normal) (G1 Evacuation Pause) 9621M->2297M(12288M) 25.270ms
[2025-01-09T00:31:34.832+0000][187565.198s][info][gc,cpu      ] GC(6571) User=0.15s Sys=0.00s Real=0.03s
[2025-01-09T00:31:42.395+0000][187572.761s][info][gc,start    ] GC(6572) Pause Young (Normal) (G1 Evacuation Pause)
[2025-01-09T00:31:42.395+0000][187572.761s][info][gc,task     ] GC(6572) Using 6 workers of 6 for evacuation
[2025-01-09T00:31:42.422+0000][187572.788s][info][gc,phases   ] GC(6572)   Pre Evacuate Collection Set: 0.2ms
[2025-01-09T00:31:42.422+0000][187572.788s][info][gc,phases   ] GC(6572)   Merge Heap Roots: 0.4ms
[2025-01-09T00:31:42.422+0000][187572.788s][info][gc,phases   ] GC(6572)   Evacuate Collection Set: 23.0ms
[2025-01-09T00:31:42.422+0000][187572.788s][info][gc,phases   ] GC(6572)   Post Evacuate Collection Set: 2.6ms
[2025-01-09T00:31:42.422+0000][187572.788s][info][gc,phases   ] GC(6572)   Other: 0.2ms
[2025-01-09T00:31:42.422+0000][187572.788s][info][gc,heap     ] GC(6572) Eden regions: 915->0(914)
[2025-01-09T00:31:42.422+0000][187572.788s][info][gc,heap     ] GC(6572) Survivor regions: 6->7(116)
[2025-01-09T00:31:42.422+0000][187572.788s][info][gc,heap     ] GC(6572) Old regions: 232->232
[2025-01-09T00:31:42.422+0000][187572.788s][info][gc,heap     ] GC(6572) Archive regions: 2->2
[2025-01-09T00:31:42.422+0000][187572.788s][info][gc,heap     ] GC(6572) Humongous regions: 49->49
[2025-01-09T00:31:42.422+0000][187572.788s][info][gc,metaspace] GC(6572) Metaspace: 524641K(534016K)->524641K(534016K) NonClass: 460712K(465280K)->460712K(465280K) Class: 63929K(68736K)->63929K(68736K)
[2025-01-09T00:31:42.422+0000][187572.788s][info][gc          ] GC(6572) Pause Young (Normal) (G1 Evacuation Pause) 9617M->2307M(12288M) 26.532ms
[2025-01-09T00:31:42.422+0000][187572.788s][info][gc,cpu      ] GC(6572) User=0.15s Sys=0.01s Real=0.03s
[2025-01-09T00:31:53.070+0000][187583.436s][info][gc,start    ] GC(6573) Pause Young (Concurrent Start) (G1 Evacuation Pause)
[2025-01-09T00:31:53.070+0000][187583.436s][info][gc,task     ] GC(6573) Using 6 workers of 6 for evacuation
[2025-01-09T00:31:53.103+0000][187583.469s][info][gc,phases   ] GC(6573)   Pre Evacuate Collection Set: 1.1ms
[2025-01-09T00:31:53.103+0000][187583.469s][info][gc,phases   ] GC(6573)   Merge Heap Roots: 0.5ms
[2025-01-09T00:31:53.103+0000][187583.469s][info][gc,phases   ] GC(6573)   Evacuate Collection Set: 28.0ms
[2025-01-09T00:31:53.103+0000][187583.469s][info][gc,phases   ] GC(6573)   Post Evacuate Collection Set: 2.6ms
[2025-01-09T00:31:53.103+0000][187583.469s][info][gc,phases   ] GC(6573)   Other: 0.3ms
[2025-01-09T00:31:53.103+0000][187583.469s][info][gc,heap     ] GC(6573) Eden regions: 914->0(912)
[2025-01-09T00:31:53.103+0000][187583.469s][info][gc,heap     ] GC(6573) Survivor regions: 7->9(116)
[2025-01-09T00:31:53.103+0000][187583.469s][info][gc,heap     ] GC(6573) Old regions: 232->232
[2025-01-09T00:31:53.103+0000][187583.469s][info][gc,heap     ] GC(6573) Archive regions: 2->2
[2025-01-09T00:31:53.103+0000][187583.469s][info][gc,heap     ] GC(6573) Humongous regions: 49->49
[2025-01-09T00:31:53.103+0000][187583.469s][info][gc,metaspace] GC(6573) Metaspace: 524641K(534016K)->524641K(534016K) NonClass: 460712K(465280K)->460712K(465280K) Class: 63929K(68736K)->63929K(68736K)
[2025-01-09T00:31:53.103+0000][187583.469s][info][gc          ] GC(6573) Pause Young (Concurrent Start) (G1 Evacuation Pause) 9619M->2318M(12288M) 32.533ms
[2025-01-09T00:31:53.103+0000][187583.469s][info][gc,cpu      ] GC(6573) User=0.18s Sys=0.00s Real=0.03s
[2025-01-09T00:31:53.103+0000][187583.469s][info][gc          ] GC(6574) Concurrent Mark Cycle
[2025-01-09T00:31:53.103+0000][187583.469s][info][gc,marking  ] GC(6574) Concurrent Clear Claimed Marks
[2025-01-09T00:31:53.104+0000][187583.470s][info][gc,marking  ] GC(6574) Concurrent Clear Claimed Marks 0.968ms
[2025-01-09T00:31:53.104+0000][187583.470s][info][gc,marking  ] GC(6574) Concurrent Scan Root Regions
[2025-01-09T00:31:53.125+0000][187583.491s][info][gc,marking  ] GC(6574) Concurrent Scan Root Regions 21.314ms
[2025-01-09T00:31:53.125+0000][187583.491s][info][gc,marking  ] GC(6574) Concurrent Mark
[2025-01-09T00:31:53.125+0000][187583.491s][info][gc,marking  ] GC(6574) Concurrent Mark From Roots
[2025-01-09T00:31:53.125+0000][187583.491s][info][gc,task     ] GC(6574) Using 2 workers of 2 for marking
[2025-01-09T00:31:54.018+0000][187584.384s][info][gc,marking  ] GC(6574) Concurrent Mark From Roots 892.944ms
[2025-01-09T00:31:54.018+0000][187584.384s][info][gc,marking  ] GC(6574) Concurrent Preclean
[2025-01-09T00:31:54.022+0000][187584.388s][info][gc,marking  ] GC(6574) Concurrent Preclean 3.545ms
[2025-01-09T00:31:54.022+0000][187584.388s][info][gc,start    ] GC(6574) Pause Remark
[2025-01-09T00:31:54.048+0000][187584.414s][info][gc          ] GC(6574) Pause Remark 2790M->2790M(12288M) 26.143ms
[2025-01-09T00:31:54.048+0000][187584.414s][info][gc,cpu      ] GC(6574) User=0.15s Sys=0.00s Real=0.02s
[2025-01-09T00:31:54.048+0000][187584.414s][info][gc,marking  ] GC(6574) Concurrent Mark 923.013ms
[2025-01-09T00:31:54.048+0000][187584.414s][info][gc,marking  ] GC(6574) Concurrent Rebuild Remembered Sets
[2025-01-09T00:31:54.592+0000][187584.958s][info][gc,marking  ] GC(6574) Concurrent Rebuild Remembered Sets 543.532ms
[2025-01-09T00:31:54.592+0000][187584.958s][info][gc,start    ] GC(6574) Pause Cleanup
[2025-01-09T00:31:54.592+0000][187584.959s][info][gc          ] GC(6574) Pause Cleanup 3035M->3035M(12288M) 0.377ms
[2025-01-09T00:31:54.592+0000][187584.959s][info][gc,cpu      ] GC(6574) User=0.00s Sys=0.00s Real=0.00s
[2025-01-09T00:31:54.593+0000][187584.959s][info][gc,marking  ] GC(6574) Concurrent Cleanup for Next Mark
[2025-01-09T00:31:54.608+0000][187584.974s][info][gc,marking  ] GC(6574) Concurrent Cleanup for Next Mark 15.372ms
[2025-01-09T00:31:54.608+0000][187584.974s][info][gc          ] GC(6574) Concurrent Mark Cycle 1504.967ms
[2025-01-09T00:32:01.728+0000][187592.094s][info][gc,start    ] GC(6575) Pause Young (Prepare Mixed) (G1 Evacuation Pause)
[2025-01-09T00:32:01.728+0000][187592.094s][info][gc,task     ] GC(6575) Using 6 workers of 6 for evacuation
[2025-01-09T00:32:01.767+0000][187592.133s][info][gc,phases   ] GC(6575)   Pre Evacuate Collection Set: 0.2ms
[2025-01-09T00:32:01.767+0000][187592.133s][info][gc,phases   ] GC(6575)   Merge Heap Roots: 0.7ms
[2025-01-09T00:32:01.767+0000][187592.133s][info][gc,phases   ] GC(6575)   Evacuate Collection Set: 34.6ms
[2025-01-09T00:32:01.767+0000][187592.133s][info][gc,phases   ] GC(6575)   Post Evacuate Collection Set: 2.8ms
[2025-01-09T00:32:01.767+0000][187592.133s][info][gc,phases   ] GC(6575)   Other: 0.2ms
[2025-01-09T00:32:01.767+0000][187592.133s][info][gc,heap     ] GC(6575) Eden regions: 912->0(66)
[2025-01-09T00:32:01.767+0000][187592.133s][info][gc,heap     ] GC(6575) Survivor regions: 9->10(116)
[2025-01-09T00:32:01.767+0000][187592.133s][info][gc,heap     ] GC(6575) Old regions: 232->232
[2025-01-09T00:32:01.767+0000][187592.133s][info][gc,heap     ] GC(6575) Archive regions: 2->2
[2025-01-09T00:32:01.767+0000][187592.133s][info][gc,heap     ] GC(6575) Humongous regions: 49->49
[2025-01-09T00:32:01.767+0000][187592.133s][info][gc,metaspace] GC(6575) Metaspace: 524641K(534016K)->524641K(534016K) NonClass: 460712K(465280K)->460712K(465280K) Class: 63929K(68736K)->63929K(68736K)
[2025-01-09T00:32:01.767+0000][187592.133s][info][gc          ] GC(6575) Pause Young (Prepare Mixed) (G1 Evacuation Pause) 9614M->2333M(12288M) 38.691ms
[2025-01-09T00:32:01.767+0000][187592.133s][info][gc,cpu      ] GC(6575) User=0.22s Sys=0.00s Real=0.04s
[2025-01-09T00:32:02.050+0000][187592.416s][info][gc,start    ] GC(6576) Pause Young (Mixed) (G1 Evacuation Pause)
[2025-01-09T00:32:02.050+0000][187592.416s][info][gc,task     ] GC(6576) Using 6 workers of 6 for evacuation
[2025-01-09T00:32:02.119+0000][187592.485s][info][gc,phases   ] GC(6576)   Pre Evacuate Collection Set: 0.2ms
[2025-01-09T00:32:02.119+0000][187592.485s][info][gc,phases   ] GC(6576)   Merge Heap Roots: 0.7ms
[2025-01-09T00:32:02.119+0000][187592.485s][info][gc,phases   ] GC(6576)   Evacuate Collection Set: 66.2ms
[2025-01-09T00:32:02.119+0000][187592.485s][info][gc,phases   ] GC(6576)   Post Evacuate Collection Set: 1.8ms
[2025-01-09T00:32:02.119+0000][187592.485s][info][gc,phases   ] GC(6576)   Other: 0.2ms
[2025-01-09T00:32:02.119+0000][187592.485s][info][gc,heap     ] GC(6576) Eden regions: 66->0(915)
[2025-01-09T00:32:02.119+0000][187592.485s][info][gc,heap     ] GC(6576) Survivor regions: 10->6(10)
[2025-01-09T00:32:02.119+0000][187592.485s][info][gc,heap     ] GC(6576) Old regions: 232->234
[2025-01-09T00:32:02.119+0000][187592.485s][info][gc,heap     ] GC(6576) Archive regions: 2->2
[2025-01-09T00:32:02.119+0000][187592.485s][info][gc,heap     ] GC(6576) Humongous regions: 49->49
[2025-01-09T00:32:02.119+0000][187592.485s][info][gc,metaspace] GC(6576) Metaspace: 524641K(534016K)->524641K(534016K) NonClass: 460712K(465280K)->460712K(465280K) Class: 63929K(68736K)->63929K(68736K)
[2025-01-09T00:32:02.119+0000][187592.485s][info][gc          ] GC(6576) Pause Young (Mixed) (G1 Evacuation Pause) 2861M->2310M(12288M) 69.112ms
[2025-01-09T00:32:02.119+0000][187592.485s][info][gc,cpu      ] GC(6576) User=0.41s Sys=0.00s Real=0.06s
[2025-01-09T00:32:07.333+0000][187597.699s][info][gc,start    ] GC(6577) Pause Young (Normal) (G1 Evacuation Pause)
[2025-01-09T00:32:07.333+0000][187597.699s][info][gc,task     ] GC(6577) Using 6 workers of 6 for evacuation
[2025-01-09T00:32:07.365+0000][187597.731s][info][gc,phases   ] GC(6577)   Pre Evacuate Collection Set: 0.2ms
[2025-01-09T00:32:07.365+0000][187597.731s][info][gc,phases   ] GC(6577)   Merge Heap Roots: 0.5ms
[2025-01-09T00:32:07.365+0000][187597.731s][info][gc,phases   ] GC(6577)   Evacuate Collection Set: 26.1ms
[2025-01-09T00:32:07.365+0000][187597.731s][info][gc,phases   ] GC(6577)   Post Evacuate Collection Set: 5.1ms
[2025-01-09T00:32:07.365+0000][187597.731s][info][gc,phases   ] GC(6577)   Other: 0.2ms
[2025-01-09T00:32:07.365+0000][187597.731s][info][gc,heap     ] GC(6577) Eden regions: 915->0(913)
[2025-01-09T00:32:07.365+0000][187597.731s][info][gc,heap     ] GC(6577) Survivor regions: 6->8(116)
[2025-01-09T00:32:07.365+0000][187597.731s][info][gc,heap     ] GC(6577) Old regions: 234->234
[2025-01-09T00:32:07.365+0000][187597.731s][info][gc,heap     ] GC(6577) Archive regions: 2->2
[2025-01-09T00:32:07.365+0000][187597.731s][info][gc,heap     ] GC(6577) Humongous regions: 49->49
[2025-01-09T00:32:07.365+0000][187597.731s][info][gc,metaspace] GC(6577) Metaspace: 524641K(534016K)->524641K(534016K) NonClass: 460712K(465280K)->460712K(465280K) Class: 63929K(68736K)->63929K(68736K)
[2025-01-09T00:32:07.365+0000][187597.731s][info][gc          ] GC(6577) Pause Young (Normal) (G1 Evacuation Pause) 9630M->2327M(12288M) 32.140ms
[2025-01-09T00:32:07.365+0000][187597.731s][info][gc,cpu      ] GC(6577) User=0.18s Sys=0.01s Real=0.03s
[2025-01-09T00:32:12.265+0000][187602.631s][info][gc,start    ] GC(6578) Pause Young (Normal) (G1 Evacuation Pause)
[2025-01-09T00:32:12.265+0000][187602.631s][info][gc,task     ] GC(6578) Using 6 workers of 6 for evacuation
[2025-01-09T00:32:12.297+0000][187602.663s][info][gc,phases   ] GC(6578)   Pre Evacuate Collection Set: 0.2ms
[2025-01-09T00:32:12.297+0000][187602.664s][info][gc,phases   ] GC(6578)   Merge Heap Roots: 0.4ms
[2025-01-09T00:32:12.297+0000][187602.664s][info][gc,phases   ] GC(6578)   Evacuate Collection Set: 28.8ms
[2025-01-09T00:32:12.297+0000][187602.664s][info][gc,phases   ] GC(6578)   Post Evacuate Collection Set: 2.4ms
[2025-01-09T00:32:12.297+0000][187602.664s][info][gc,phases   ] GC(6578)   Other: 0.2ms
[2025-01-09T00:32:12.297+0000][187602.664s][info][gc,heap     ] GC(6578) Eden regions: 913->0(913)
[2025-01-09T00:32:12.297+0000][187602.664s][info][gc,heap     ] GC(6578) Survivor regions: 8->8(116)
[2025-01-09T00:32:12.297+0000][187602.664s][info][gc,heap     ] GC(6578) Old regions: 234->234
[2025-01-09T00:32:12.297+0000][187602.664s][info][gc,heap     ] GC(6578) Archive regions: 2->2
[2025-01-09T00:32:12.297+0000][187602.664s][info][gc,heap     ] GC(6578) Humongous regions: 49->49
[2025-01-09T00:32:12.297+0000][187602.664s][info][gc,metaspace] GC(6578) Metaspace: 524641K(534016K)->524641K(534016K) NonClass: 460712K(465280K)->460712K(465280K) Class: 63929K(68736K)->63929K(68736K)
[2025-01-09T00:32:12.298+0000][187602.664s][info][gc          ] GC(6578) Pause Young (Normal) (G1 Evacuation Pause) 9631M->2326M(12288M) 32.186ms
[2025-01-09T00:32:12.298+0000][187602.664s][info][gc,cpu      ] GC(6578) User=0.18s Sys=0.00s Real=0.03s
[2025-01-09T00:32:16.893+0000][187607.259s][info][gc,start    ] GC(6579) Pause Young (Concurrent Start) (G1 Evacuation Pause)
[2025-01-09T00:32:16.893+0000][187607.259s][info][gc,task     ] GC(6579) Using 6 workers of 6 for evacuation
[2025-01-09T00:32:16.930+0000][187607.296s][info][gc,phases   ] GC(6579)   Pre Evacuate Collection Set: 1.2ms
[2025-01-09T00:32:16.930+0000][187607.296s][info][gc,phases   ] GC(6579)   Merge Heap Roots: 0.4ms
[2025-01-09T00:32:16.930+0000][187607.296s][info][gc,phases   ] GC(6579)   Evacuate Collection Set: 30.7ms
[2025-01-09T00:32:16.930+0000][187607.296s][info][gc,phases   ] GC(6579)   Post Evacuate Collection Set: 3.9ms
[2025-01-09T00:32:16.930+0000][187607.296s][info][gc,phases   ] GC(6579)   Other: 0.3ms
[2025-01-09T00:32:16.930+0000][187607.296s][info][gc,heap     ] GC(6579) Eden regions: 913->0(911)
[2025-01-09T00:32:16.930+0000][187607.296s][info][gc,heap     ] GC(6579) Survivor regions: 8->10(116)
[2025-01-09T00:32:16.930+0000][187607.296s][info][gc,heap     ] GC(6579) Old regions: 234->234
[2025-01-09T00:32:16.930+0000][187607.296s][info][gc,heap     ] GC(6579) Archive regions: 2->2
[2025-01-09T00:32:16.930+0000][187607.296s][info][gc,heap     ] GC(6579) Humongous regions: 49->49
[2025-01-09T00:32:16.930+0000][187607.296s][info][gc,metaspace] GC(6579) Metaspace: 524641K(534016K)->524641K(534016K) NonClass: 460712K(465280K)->460712K(465280K) Class: 63929K(68736K)->63929K(68736K)
[2025-01-09T00:32:16.930+0000][187607.296s][info][gc          ] GC(6579) Pause Young (Concurrent Start) (G1 Evacuation Pause) 9630M->2337M(12288M) 36.528ms
[2025-01-09T00:32:16.930+0000][187607.296s][info][gc,cpu      ] GC(6579) User=0.21s Sys=0.00s Real=0.04s
[2025-01-09T00:32:16.930+0000][187607.296s][info][gc          ] GC(6580) Concurrent Mark Cycle
[2025-01-09T00:32:16.930+0000][187607.296s][info][gc,marking  ] GC(6580) Concurrent Clear Claimed Marks
[2025-01-09T00:32:16.931+0000][187607.297s][info][gc,marking  ] GC(6580) Concurrent Clear Claimed Marks 1.065ms
[2025-01-09T00:32:16.931+0000][187607.297s][info][gc,marking  ] GC(6580) Concurrent Scan Root Regions
[2025-01-09T00:32:16.963+0000][187607.329s][info][gc,marking  ] GC(6580) Concurrent Scan Root Regions 32.038ms
[2025-01-09T00:32:16.963+0000][187607.329s][info][gc,marking  ] GC(6580) Concurrent Mark
[2025-01-09T00:32:16.963+0000][187607.329s][info][gc,marking  ] GC(6580) Concurrent Mark From Roots
[2025-01-09T00:32:16.963+0000][187607.329s][info][gc,task     ] GC(6580) Using 2 workers of 2 for marking
[2025-01-09T00:32:17.900+0000][187608.266s][info][gc,marking  ] GC(6580) Concurrent Mark From Roots 936.844ms
[2025-01-09T00:32:17.900+0000][187608.266s][info][gc,marking  ] GC(6580) Concurrent Preclean
[2025-01-09T00:32:17.904+0000][187608.270s][info][gc,marking  ] GC(6580) Concurrent Preclean 3.807ms
[2025-01-09T00:32:17.904+0000][187608.270s][info][gc,start    ] GC(6580) Pause Remark
[2025-01-09T00:32:17.930+0000][187608.296s][info][gc          ] GC(6580) Pause Remark 3353M->3353M(12288M) 26.178ms
[2025-01-09T00:32:17.930+0000][187608.296s][info][gc,cpu      ] GC(6580) User=0.15s Sys=0.00s Real=0.03s
[2025-01-09T00:32:17.930+0000][187608.297s][info][gc,marking  ] GC(6580) Concurrent Mark 967.220ms
[2025-01-09T00:32:17.930+0000][187608.297s][info][gc,marking  ] GC(6580) Concurrent Rebuild Remembered Sets
[2025-01-09T00:32:18.472+0000][187608.838s][info][gc,marking  ] GC(6580) Concurrent Rebuild Remembered Sets 541.710ms
[2025-01-09T00:32:18.472+0000][187608.838s][info][gc,start    ] GC(6580) Pause Cleanup
[2025-01-09T00:32:18.473+0000][187608.839s][info][gc          ] GC(6580) Pause Cleanup 4113M->4113M(12288M) 0.449ms
[2025-01-09T00:32:18.473+0000][187608.839s][info][gc,cpu      ] GC(6580) User=0.00s Sys=0.00s Real=0.00s
[2025-01-09T00:32:18.473+0000][187608.839s][info][gc,marking  ] GC(6580) Concurrent Cleanup for Next Mark
[2025-01-09T00:32:18.488+0000][187608.854s][info][gc,marking  ] GC(6580) Concurrent Cleanup for Next Mark 15.407ms
[2025-01-09T00:32:18.488+0000][187608.854s][info][gc          ] GC(6580) Concurrent Mark Cycle 1558.364ms
[2025-01-09T00:32:24.515+0000][187614.881s][info][gc,start    ] GC(6581) Pause Young (Prepare Mixed) (G1 Evacuation Pause)
[2025-01-09T00:32:24.515+0000][187614.881s][info][gc,task     ] GC(6581) Using 6 workers of 6 for evacuation
[2025-01-09T00:32:24.553+0000][187614.919s][info][gc,phases   ] GC(6581)   Pre Evacuate Collection Set: 0.2ms
[2025-01-09T00:32:24.553+0000][187614.919s][info][gc,phases   ] GC(6581)   Merge Heap Roots: 0.7ms
[2025-01-09T00:32:24.553+0000][187614.919s][info][gc,phases   ] GC(6581)   Evacuate Collection Set: 33.9ms
[2025-01-09T00:32:24.553+0000][187614.919s][info][gc,phases   ] GC(6581)   Post Evacuate Collection Set: 2.7ms
[2025-01-09T00:32:24.553+0000][187614.919s][info][gc,phases   ] GC(6581)   Other: 0.3ms
[2025-01-09T00:32:24.553+0000][187614.919s][info][gc,heap     ] GC(6581) Eden regions: 911->0(66)
[2025-01-09T00:32:24.553+0000][187614.919s][info][gc,heap     ] GC(6581) Survivor regions: 10->10(116)
[2025-01-09T00:32:24.553+0000][187614.919s][info][gc,heap     ] GC(6581) Old regions: 234->234
[2025-01-09T00:32:24.553+0000][187614.919s][info][gc,heap     ] GC(6581) Archive regions: 2->2
[2025-01-09T00:32:24.553+0000][187614.919s][info][gc,heap     ] GC(6581) Humongous regions: 49->49
[2025-01-09T00:32:24.553+0000][187614.919s][info][gc,metaspace] GC(6581) Metaspace: 524641K(534016K)->524641K(534016K) NonClass: 460712K(465280K)->460712K(465280K) Class: 63929K(68736K)->63929K(68736K)
[2025-01-09T00:32:24.553+0000][187614.919s][info][gc          ] GC(6581) Pause Young (Prepare Mixed) (G1 Evacuation Pause) 9625M->2338M(12288M) 37.882ms
[2025-01-09T00:32:24.553+0000][187614.919s][info][gc,cpu      ] GC(6581) User=0.22s Sys=0.00s Real=0.04s
[2025-01-09T00:32:25.865+0000][187616.231s][info][gc,start    ] GC(6582) Pause Young (Mixed) (G1 Evacuation Pause)
[2025-01-09T00:32:25.865+0000][187616.231s][info][gc,task     ] GC(6582) Using 6 workers of 6 for evacuation
[2025-01-09T00:32:25.915+0000][187616.281s][info][gc,phases   ] GC(6582)   Pre Evacuate Collection Set: 0.2ms
[2025-01-09T00:32:25.915+0000][187616.281s][info][gc,phases   ] GC(6582)   Merge Heap Roots: 0.5ms
[2025-01-09T00:32:25.915+0000][187616.281s][info][gc,phases   ] GC(6582)   Evacuate Collection Set: 46.9ms
[2025-01-09T00:32:25.915+0000][187616.281s][info][gc,phases   ] GC(6582)   Post Evacuate Collection Set: 1.8ms
[2025-01-09T00:32:25.915+0000][187616.281s][info][gc,phases   ] GC(6582)   Other: 0.2ms
[2025-01-09T00:32:25.915+0000][187616.281s][info][gc,heap     ] GC(6582) Eden regions: 66->0(914)
[2025-01-09T00:32:25.915+0000][187616.281s][info][gc,heap     ] GC(6582) Survivor regions: 10->7(10)
[2025-01-09T00:32:25.915+0000][187616.281s][info][gc,heap     ] GC(6582) Old regions: 234->231
[2025-01-09T00:32:25.915+0000][187616.281s][info][gc,heap     ] GC(6582) Archive regions: 2->2
[2025-01-09T00:32:25.915+0000][187616.281s][info][gc,heap     ] GC(6582) Humongous regions: 49->49
[2025-01-09T00:32:25.915+0000][187616.281s][info][gc,metaspace] GC(6582) Metaspace: 524641K(534016K)->524641K(534016K) NonClass: 460712K(465280K)->460712K(465280K) Class: 63929K(68736K)->63929K(68736K)
[2025-01-09T00:32:25.915+0000][187616.281s][info][gc          ] GC(6582) Pause Young (Mixed) (G1 Evacuation Pause) 2866M->2293M(12288M) 49.576ms
[2025-01-09T00:32:25.915+0000][187616.281s][info][gc,cpu      ] GC(6582) User=0.29s Sys=0.00s Real=0.05s
[2025-01-09T00:32:32.072+0000][187622.438s][info][gc,start    ] GC(6583) Pause Young (Normal) (G1 Evacuation Pause)
[2025-01-09T00:32:32.072+0000][187622.438s][info][gc,task     ] GC(6583) Using 6 workers of 6 for evacuation
[2025-01-09T00:32:32.101+0000][187622.467s][info][gc,phases   ] GC(6583)   Pre Evacuate Collection Set: 0.2ms
[2025-01-09T00:32:32.101+0000][187622.467s][info][gc,phases   ] GC(6583)   Merge Heap Roots: 0.4ms
[2025-01-09T00:32:32.101+0000][187622.467s][info][gc,phases   ] GC(6583)   Evacuate Collection Set: 25.6ms
[2025-01-09T00:32:32.101+0000][187622.467s][info][gc,phases   ] GC(6583)   Post Evacuate Collection Set: 2.5ms
[2025-01-09T00:32:32.101+0000][187622.467s][info][gc,phases   ] GC(6583)   Other: 0.2ms
[2025-01-09T00:32:32.101+0000][187622.467s][info][gc,heap     ] GC(6583) Eden regions: 914->0(914)
[2025-01-09T00:32:32.101+0000][187622.467s][info][gc,heap     ] GC(6583) Survivor regions: 7->7(116)
[2025-01-09T00:32:32.101+0000][187622.467s][info][gc,heap     ] GC(6583) Old regions: 231->231
[2025-01-09T00:32:32.101+0000][187622.467s][info][gc,heap     ] GC(6583) Archive regions: 2->2
[2025-01-09T00:32:32.101+0000][187622.467s][info][gc,heap     ] GC(6583) Humongous regions: 49->49
[2025-01-09T00:32:32.101+0000][187622.467s][info][gc,metaspace] GC(6583) Metaspace: 524641K(534016K)->524641K(534016K) NonClass: 460712K(465280K)->460712K(465280K) Class: 63929K(68736K)->63929K(68736K)
[2025-01-09T00:32:32.101+0000][187622.467s][info][gc          ] GC(6583) Pause Young (Normal) (G1 Evacuation Pause) 9605M->2298M(12288M) 29.016ms
[2025-01-09T00:32:32.101+0000][187622.467s][info][gc,cpu      ] GC(6583) User=0.17s Sys=0.00s Real=0.02s
[2025-01-09T00:32:38.795+0000][187629.162s][info][gc,start    ] GC(6584) Pause Young (Normal) (G1 Evacuation Pause)
[2025-01-09T00:32:38.795+0000][187629.162s][info][gc,task     ] GC(6584) Using 6 workers of 6 for evacuation
[2025-01-09T00:32:38.824+0000][187629.190s][info][gc,phases   ] GC(6584)   Pre Evacuate Collection Set: 0.2ms
[2025-01-09T00:32:38.824+0000][187629.190s][info][gc,phases   ] GC(6584)   Merge Heap Roots: 0.4ms
[2025-01-09T00:32:38.824+0000][187629.190s][info][gc,phases   ] GC(6584)   Evacuate Collection Set: 24.9ms
[2025-01-09T00:32:38.824+0000][187629.190s][info][gc,phases   ] GC(6584)   Post Evacuate Collection Set: 2.6ms
[2025-01-09T00:32:38.824+0000][187629.190s][info][gc,phases   ] GC(6584)   Other: 0.2ms
[2025-01-09T00:32:38.824+0000][187629.190s][info][gc,heap     ] GC(6584) Eden regions: 914->0(913)
[2025-01-09T00:32:38.824+0000][187629.190s][info][gc,heap     ] GC(6584) Survivor regions: 7->8(116)
[2025-01-09T00:32:38.824+0000][187629.190s][info][gc,heap     ] GC(6584) Old regions: 231->231
[2025-01-09T00:32:38.824+0000][187629.190s][info][gc,heap     ] GC(6584) Archive regions: 2->2
[2025-01-09T00:32:38.824+0000][187629.190s][info][gc,heap     ] GC(6584) Humongous regions: 49->49
[2025-01-09T00:32:38.824+0000][187629.190s][info][gc,metaspace] GC(6584) Metaspace: 524643K(534016K)->524643K(534016K) NonClass: 460713K(465280K)->460713K(465280K) Class: 63929K(68736K)->63929K(68736K)
[2025-01-09T00:32:38.824+0000][187629.190s][info][gc          ] GC(6584) Pause Young (Normal) (G1 Evacuation Pause) 9610M->2304M(12288M) 28.380ms
[2025-01-09T00:32:38.824+0000][187629.190s][info][gc,cpu      ] GC(6584) User=0.17s Sys=0.00s Real=0.03s
[2025-01-09T00:32:44.570+0000][187634.936s][info][gc,start    ] GC(6585) Pause Young (Concurrent Start) (G1 Evacuation Pause)
[2025-01-09T00:32:44.570+0000][187634.936s][info][gc,task     ] GC(6585) Using 6 workers of 6 for evacuation
[2025-01-09T00:32:44.601+0000][187634.968s][info][gc,phases   ] GC(6585)   Pre Evacuate Collection Set: 1.2ms
[2025-01-09T00:32:44.601+0000][187634.968s][info][gc,phases   ] GC(6585)   Merge Heap Roots: 0.4ms
[2025-01-09T00:32:44.601+0000][187634.968s][info][gc,phases   ] GC(6585)   Evacuate Collection Set: 26.8ms
[2025-01-09T00:32:44.601+0000][187634.968s][info][gc,phases   ] GC(6585)   Post Evacuate Collection Set: 2.5ms
[2025-01-09T00:32:44.601+0000][187634.968s][info][gc,phases   ] GC(6585)   Other: 0.3ms
[2025-01-09T00:32:44.601+0000][187634.968s][info][gc,heap     ] GC(6585) Eden regions: 913->0(913)
[2025-01-09T00:32:44.602+0000][187634.968s][info][gc,heap     ] GC(6585) Survivor regions: 8->8(116)
[2025-01-09T00:32:44.602+0000][187634.968s][info][gc,heap     ] GC(6585) Old regions: 231->231
[2025-01-09T00:32:44.602+0000][187634.968s][info][gc,heap     ] GC(6585) Archive regions: 2->2
[2025-01-09T00:32:44.602+0000][187634.968s][info][gc,heap     ] GC(6585) Humongous regions: 49->49
[2025-01-09T00:32:44.602+0000][187634.968s][info][gc,metaspace] GC(6585) Metaspace: 524643K(534016K)->524643K(534016K) NonClass: 460713K(465280K)->460713K(465280K) Class: 63929K(68736K)->63929K(68736K)
[2025-01-09T00:32:44.602+0000][187634.968s][info][gc          ] GC(6585) Pause Young (Concurrent Start) (G1 Evacuation Pause) 9608M->2306M(12288M) 31.358ms
[2025-01-09T00:32:44.602+0000][187634.968s][info][gc,cpu      ] GC(6585) User=0.18s Sys=0.00s Real=0.03s
[2025-01-09T00:32:44.602+0000][187634.968s][info][gc          ] GC(6586) Concurrent Mark Cycle
[2025-01-09T00:32:44.602+0000][187634.968s][info][gc,marking  ] GC(6586) Concurrent Clear Claimed Marks
[2025-01-09T00:32:44.603+0000][187634.969s][info][gc,marking  ] GC(6586) Concurrent Clear Claimed Marks 0.957ms
[2025-01-09T00:32:44.603+0000][187634.969s][info][gc,marking  ] GC(6586) Concurrent Scan Root Regions
[2025-01-09T00:32:44.628+0000][187634.994s][info][gc,marking  ] GC(6586) Concurrent Scan Root Regions 25.436ms
[2025-01-09T00:32:44.628+0000][187634.994s][info][gc,marking  ] GC(6586) Concurrent Mark
[2025-01-09T00:32:44.628+0000][187634.994s][info][gc,marking  ] GC(6586) Concurrent Mark From Roots
[2025-01-09T00:32:44.628+0000][187634.994s][info][gc,task     ] GC(6586) Using 2 workers of 2 for marking
[2025-01-09T00:32:45.673+0000][187636.039s][info][gc,marking  ] GC(6586) Concurrent Mark From Roots 1044.455ms
[2025-01-09T00:32:45.673+0000][187636.039s][info][gc,marking  ] GC(6586) Concurrent Preclean
[2025-01-09T00:32:45.676+0000][187636.042s][info][gc,marking  ] GC(6586) Concurrent Preclean 3.124ms
[2025-01-09T00:32:45.676+0000][187636.042s][info][gc,start    ] GC(6586) Pause Remark
[2025-01-09T00:32:45.703+0000][187636.069s][info][gc          ] GC(6586) Pause Remark 3514M->3514M(12288M) 26.639ms
[2025-01-09T00:32:45.703+0000][187636.069s][info][gc,cpu      ] GC(6586) User=0.15s Sys=0.00s Real=0.03s
[2025-01-09T00:32:45.703+0000][187636.069s][info][gc,marking  ] GC(6586) Concurrent Mark 1074.571ms
[2025-01-09T00:32:45.703+0000][187636.069s][info][gc,marking  ] GC(6586) Concurrent Rebuild Remembered Sets
[2025-01-09T00:32:46.230+0000][187636.596s][info][gc,marking  ] GC(6586) Concurrent Rebuild Remembered Sets 526.803ms
[2025-01-09T00:32:46.230+0000][187636.596s][info][gc,start    ] GC(6586) Pause Cleanup
[2025-01-09T00:32:46.230+0000][187636.596s][info][gc          ] GC(6586) Pause Cleanup 3982M->3982M(12288M) 0.428ms
[2025-01-09T00:32:46.230+0000][187636.596s][info][gc,cpu      ] GC(6586) User=0.00s Sys=0.00s Real=0.00s
[2025-01-09T00:32:46.230+0000][187636.596s][info][gc,marking  ] GC(6586) Concurrent Cleanup for Next Mark
[2025-01-09T00:32:46.246+0000][187636.612s][info][gc,marking  ] GC(6586) Concurrent Cleanup for Next Mark 15.535ms
[2025-01-09T00:32:46.246+0000][187636.612s][info][gc          ] GC(6586) Concurrent Mark Cycle 1644.189ms
[2025-01-09T00:32:52.767+0000][187643.133s][info][gc,start    ] GC(6587) Pause Young (Prepare Mixed) (G1 Evacuation Pause)
[2025-01-09T00:32:52.767+0000][187643.133s][info][gc,task     ] GC(6587) Using 6 workers of 6 for evacuation
[2025-01-09T00:32:52.805+0000][187643.171s][info][gc,phases   ] GC(6587)   Pre Evacuate Collection Set: 0.2ms
[2025-01-09T00:32:52.805+0000][187643.171s][info][gc,phases   ] GC(6587)   Merge Heap Roots: 0.7ms
[2025-01-09T00:32:52.805+0000][187643.171s][info][gc,phases   ] GC(6587)   Evacuate Collection Set: 34.4ms
[2025-01-09T00:32:52.805+0000][187643.171s][info][gc,phases   ] GC(6587)   Post Evacuate Collection Set: 2.7ms
[2025-01-09T00:32:52.805+0000][187643.171s][info][gc,phases   ] GC(6587)   Other: 0.2ms
[2025-01-09T00:32:52.805+0000][187643.171s][info][gc,heap     ] GC(6587) Eden regions: 913->0(67)
[2025-01-09T00:32:52.805+0000][187643.171s][info][gc,heap     ] GC(6587) Survivor regions: 8->9(116)
[2025-01-09T00:32:52.805+0000][187643.171s][info][gc,heap     ] GC(6587) Old regions: 231->231
[2025-01-09T00:32:52.805+0000][187643.171s][info][gc,heap     ] GC(6587) Archive regions: 2->2
[2025-01-09T00:32:52.805+0000][187643.171s][info][gc,heap     ] GC(6587) Humongous regions: 49->49
[2025-01-09T00:32:52.805+0000][187643.171s][info][gc,metaspace] GC(6587) Metaspace: 524643K(534016K)->524643K(534016K) NonClass: 460713K(465280K)->460713K(465280K) Class: 63929K(68736K)->63929K(68736K)
[2025-01-09T00:32:52.805+0000][187643.171s][info][gc          ] GC(6587) Pause Young (Prepare Mixed) (G1 Evacuation Pause) 9610M->2309M(12288M) 38.325ms
[2025-01-09T00:32:52.805+0000][187643.171s][info][gc,cpu      ] GC(6587) User=0.22s Sys=0.00s Real=0.04s
[2025-01-09T00:32:53.201+0000][187643.567s][info][gc,start    ] GC(6588) Pause Young (Mixed) (G1 Evacuation Pause)
[2025-01-09T00:32:53.201+0000][187643.567s][info][gc,task     ] GC(6588) Using 6 workers of 6 for evacuation
[2025-01-09T00:32:53.265+0000][187643.631s][info][gc,phases   ] GC(6588)   Pre Evacuate Collection Set: 0.2ms
[2025-01-09T00:32:53.265+0000][187643.631s][info][gc,phases   ] GC(6588)   Merge Heap Roots: 0.6ms
[2025-01-09T00:32:53.265+0000][187643.631s][info][gc,phases   ] GC(6588)   Evacuate Collection Set: 62.0ms
[2025-01-09T00:32:53.265+0000][187643.631s][info][gc,phases   ] GC(6588)   Post Evacuate Collection Set: 1.9ms
[2025-01-09T00:32:53.265+0000][187643.631s][info][gc,phases   ] GC(6588)   Other: 0.2ms
[2025-01-09T00:32:53.265+0000][187643.632s][info][gc,heap     ] GC(6588) Eden regions: 67->0(914)
[2025-01-09T00:32:53.265+0000][187643.632s][info][gc,heap     ] GC(6588) Survivor regions: 9->7(10)
[2025-01-09T00:32:53.265+0000][187643.632s][info][gc,heap     ] GC(6588) Old regions: 231->230
[2025-01-09T00:32:53.265+0000][187643.632s][info][gc,heap     ] GC(6588) Archive regions: 2->2
[2025-01-09T00:32:53.265+0000][187643.632s][info][gc,heap     ] GC(6588) Humongous regions: 49->49
[2025-01-09T00:32:53.265+0000][187643.632s][info][gc,metaspace] GC(6588) Metaspace: 524643K(534016K)->524643K(534016K) NonClass: 460713K(465280K)->460713K(465280K) Class: 63929K(68736K)->63929K(68736K)
[2025-01-09T00:32:53.265+0000][187643.632s][info][gc          ] GC(6588) Pause Young (Mixed) (G1 Evacuation Pause) 2845M->2290M(12288M) 64.978ms
[2025-01-09T00:32:53.266+0000][187643.632s][info][gc,cpu      ] GC(6588) User=0.35s Sys=0.00s Real=0.07s
[2025-01-09T00:33:02.078+0000][187652.444s][info][gc,start    ] GC(6589) Pause Young (Normal) (G1 Evacuation Pause)
[2025-01-09T00:33:02.078+0000][187652.444s][info][gc,task     ] GC(6589) Using 6 workers of 6 for evacuation
[2025-01-09T00:33:02.117+0000][187652.483s][info][gc,phases   ] GC(6589)   Pre Evacuate Collection Set: 0.2ms
[2025-01-09T00:33:02.117+0000][187652.483s][info][gc,phases   ] GC(6589)   Merge Heap Roots: 0.5ms
[2025-01-09T00:33:02.117+0000][187652.483s][info][gc,phases   ] GC(6589)   Evacuate Collection Set: 32.4ms
[2025-01-09T00:33:02.117+0000][187652.483s][info][gc,phases   ] GC(6589)   Post Evacuate Collection Set: 5.4ms
[2025-01-09T00:33:02.117+0000][187652.483s][info][gc,phases   ] GC(6589)   Other: 0.2ms
[2025-01-09T00:33:02.117+0000][187652.483s][info][gc,heap     ] GC(6589) Eden regions: 914->0(910)
[2025-01-09T00:33:02.117+0000][187652.483s][info][gc,heap     ] GC(6589) Survivor regions: 7->11(116)
[2025-01-09T00:33:02.117+0000][187652.483s][info][gc,heap     ] GC(6589) Old regions: 230->230
[2025-01-09T00:33:02.117+0000][187652.483s][info][gc,heap     ] GC(6589) Archive regions: 2->2
[2025-01-09T00:33:02.117+0000][187652.483s][info][gc,heap     ] GC(6589) Humongous regions: 49->49
[2025-01-09T00:33:02.117+0000][187652.483s][info][gc,metaspace] GC(6589) Metaspace: 524644K(534016K)->524644K(534016K) NonClass: 460714K(465280K)->460714K(465280K) Class: 63929K(68736K)->63929K(68736K)
[2025-01-09T00:33:02.117+0000][187652.483s][info][gc          ] GC(6589) Pause Young (Normal) (G1 Evacuation Pause) 9602M->2321M(12288M) 38.801ms
[2025-01-09T00:33:02.117+0000][187652.483s][info][gc,cpu      ] GC(6589) User=0.22s Sys=0.00s Real=0.04s
[2025-01-09T00:33:10.991+0000][187661.357s][info][gc,start    ] GC(6590) Pause Young (Normal) (G1 Evacuation Pause)
[2025-01-09T00:33:10.991+0000][187661.357s][info][gc,task     ] GC(6590) Using 6 workers of 6 for evacuation
[2025-01-09T00:33:11.029+0000][187661.395s][info][gc,phases   ] GC(6590)   Pre Evacuate Collection Set: 0.2ms
[2025-01-09T00:33:11.029+0000][187661.395s][info][gc,phases   ] GC(6590)   Merge Heap Roots: 0.5ms
[2025-01-09T00:33:11.029+0000][187661.395s][info][gc,phases   ] GC(6590)   Evacuate Collection Set: 34.5ms
[2025-01-09T00:33:11.029+0000][187661.395s][info][gc,phases   ] GC(6590)   Post Evacuate Collection Set: 2.7ms
[2025-01-09T00:33:11.029+0000][187661.395s][info][gc,phases   ] GC(6590)   Other: 0.2ms
[2025-01-09T00:33:11.029+0000][187661.395s][info][gc,heap     ] GC(6590) Eden regions: 910->0(910)
[2025-01-09T00:33:11.029+0000][187661.395s][info][gc,heap     ] GC(6590) Survivor regions: 11->11(116)
[2025-01-09T00:33:11.029+0000][187661.395s][info][gc,heap     ] GC(6590) Old regions: 230->230
[2025-01-09T00:33:11.029+0000][187661.395s][info][gc,heap     ] GC(6590) Archive regions: 2->2
[2025-01-09T00:33:11.029+0000][187661.395s][info][gc,heap     ] GC(6590) Humongous regions: 49->49
[2025-01-09T00:33:11.029+0000][187661.395s][info][gc,metaspace] GC(6590) Metaspace: 524644K(534016K)->524644K(534016K) NonClass: 460714K(465280K)->460714K(465280K) Class: 63929K(68736K)->63929K(68736K)
[2025-01-09T00:33:11.029+0000][187661.395s][info][gc          ] GC(6590) Pause Young (Normal) (G1 Evacuation Pause) 9601M->2316M(12288M) 38.187ms
[2025-01-09T00:33:11.029+0000][187661.395s][info][gc,cpu      ] GC(6590) User=0.23s Sys=0.00s Real=0.03s
[2025-01-09T00:33:17.738+0000][187668.104s][info][gc,start    ] GC(6591) Pause Young (Concurrent Start) (G1 Evacuation Pause)
[2025-01-09T00:33:17.738+0000][187668.104s][info][gc,task     ] GC(6591) Using 6 workers of 6 for evacuation
[2025-01-09T00:33:17.777+0000][187668.144s][info][gc,phases   ] GC(6591)   Pre Evacuate Collection Set: 1.1ms
[2025-01-09T00:33:17.777+0000][187668.144s][info][gc,phases   ] GC(6591)   Merge Heap Roots: 0.5ms
[2025-01-09T00:33:17.777+0000][187668.144s][info][gc,phases   ] GC(6591)   Evacuate Collection Set: 34.0ms
[2025-01-09T00:33:17.777+0000][187668.144s][info][gc,phases   ] GC(6591)   Post Evacuate Collection Set: 3.9ms
[2025-01-09T00:33:17.778+0000][187668.144s][info][gc,phases   ] GC(6591)   Other: 0.3ms
[2025-01-09T00:33:17.778+0000][187668.144s][info][gc,heap     ] GC(6591) Eden regions: 910->0(910)
[2025-01-09T00:33:17.778+0000][187668.144s][info][gc,heap     ] GC(6591) Survivor regions: 11->11(116)
[2025-01-09T00:33:17.778+0000][187668.144s][info][gc,heap     ] GC(6591) Old regions: 230->230
[2025-01-09T00:33:17.778+0000][187668.144s][info][gc,heap     ] GC(6591) Archive regions: 2->2
[2025-01-09T00:33:17.778+0000][187668.144s][info][gc,heap     ] GC(6591) Humongous regions: 49->49
[2025-01-09T00:33:17.778+0000][187668.144s][info][gc,metaspace] GC(6591) Metaspace: 524644K(534016K)->524644K(534016K) NonClass: 460714K(465280K)->460714K(465280K) Class: 63929K(68736K)->63929K(68736K)
[2025-01-09T00:33:17.778+0000][187668.144s][info][gc          ] GC(6591) Pause Young (Concurrent Start) (G1 Evacuation Pause) 9596M->2321M(12288M) 39.885ms
[2025-01-09T00:33:17.778+0000][187668.144s][info][gc,cpu      ] GC(6591) User=0.23s Sys=0.00s Real=0.04s
[2025-01-09T00:33:17.778+0000][187668.144s][info][gc          ] GC(6592) Concurrent Mark Cycle
[2025-01-09T00:33:17.778+0000][187668.144s][info][gc,marking  ] GC(6592) Concurrent Clear Claimed Marks
[2025-01-09T00:33:17.779+0000][187668.145s][info][gc,marking  ] GC(6592) Concurrent Clear Claimed Marks 1.010ms
[2025-01-09T00:33:17.779+0000][187668.145s][info][gc,marking  ] GC(6592) Concurrent Scan Root Regions
[2025-01-09T00:33:17.809+0000][187668.175s][info][gc,marking  ] GC(6592) Concurrent Scan Root Regions 30.517ms
[2025-01-09T00:33:17.809+0000][187668.175s][info][gc,marking  ] GC(6592) Concurrent Mark
[2025-01-09T00:33:17.809+0000][187668.175s][info][gc,marking  ] GC(6592) Concurrent Mark From Roots
[2025-01-09T00:33:17.809+0000][187668.175s][info][gc,task     ] GC(6592) Using 2 workers of 2 for marking
[2025-01-09T00:33:18.739+0000][187669.105s][info][gc,marking  ] GC(6592) Concurrent Mark From Roots 929.688ms
[2025-01-09T00:33:18.739+0000][187669.105s][info][gc,marking  ] GC(6592) Concurrent Preclean
[2025-01-09T00:33:18.742+0000][187669.108s][info][gc,marking  ] GC(6592) Concurrent Preclean 2.665ms
[2025-01-09T00:33:18.742+0000][187669.108s][info][gc,start    ] GC(6592) Pause Remark
[2025-01-09T00:33:18.768+0000][187669.134s][info][gc          ] GC(6592) Pause Remark 2989M->2989M(12288M) 26.168ms
[2025-01-09T00:33:18.768+0000][187669.134s][info][gc,cpu      ] GC(6592) User=0.14s Sys=0.01s Real=0.02s
[2025-01-09T00:33:18.768+0000][187669.134s][info][gc,marking  ] GC(6592) Concurrent Mark 958.889ms
[2025-01-09T00:33:18.768+0000][187669.134s][info][gc,marking  ] GC(6592) Concurrent Rebuild Remembered Sets
[2025-01-09T00:33:19.332+0000][187669.698s][info][gc,marking  ] GC(6592) Concurrent Rebuild Remembered Sets 563.883ms
[2025-01-09T00:33:19.332+0000][187669.698s][info][gc,start    ] GC(6592) Pause Cleanup
[2025-01-09T00:33:19.333+0000][187669.699s][info][gc          ] GC(6592) Pause Cleanup 3389M->3389M(12288M) 0.435ms
[2025-01-09T00:33:19.333+0000][187669.699s][info][gc,cpu      ] GC(6592) User=0.00s Sys=0.00s Real=0.00s
[2025-01-09T00:33:19.333+0000][187669.699s][info][gc,marking  ] GC(6592) Concurrent Cleanup for Next Mark
[2025-01-09T00:33:19.348+0000][187669.714s][info][gc,marking  ] GC(6592) Concurrent Cleanup for Next Mark 15.502ms
[2025-01-09T00:33:19.348+0000][187669.714s][info][gc          ] GC(6592) Concurrent Mark Cycle 1570.664ms
[2025-01-09T00:33:26.473+0000][187676.839s][info][gc,start    ] GC(6593) Pause Young (Prepare Mixed) (G1 Evacuation Pause)
[2025-01-09T00:33:26.473+0000][187676.839s][info][gc,task     ] GC(6593) Using 6 workers of 6 for evacuation
[2025-01-09T00:33:26.515+0000][187676.881s][info][gc,phases   ] GC(6593)   Pre Evacuate Collection Set: 0.2ms
[2025-01-09T00:33:26.515+0000][187676.881s][info][gc,phases   ] GC(6593)   Merge Heap Roots: 0.7ms
[2025-01-09T00:33:26.515+0000][187676.881s][info][gc,phases   ] GC(6593)   Evacuate Collection Set: 38.1ms
[2025-01-09T00:33:26.515+0000][187676.881s][info][gc,phases   ] GC(6593)   Post Evacuate Collection Set: 2.8ms
[2025-01-09T00:33:26.515+0000][187676.881s][info][gc,phases   ] GC(6593)   Other: 0.2ms
[2025-01-09T00:33:26.515+0000][187676.881s][info][gc,heap     ] GC(6593) Eden regions: 910->0(64)
[2025-01-09T00:33:26.515+0000][187676.881s][info][gc,heap     ] GC(6593) Survivor regions: 11->12(116)
[2025-01-09T00:33:26.515+0000][187676.881s][info][gc,heap     ] GC(6593) Old regions: 230->230
[2025-01-09T00:33:26.515+0000][187676.881s][info][gc,heap     ] GC(6593) Archive regions: 2->2
[2025-01-09T00:33:26.515+0000][187676.881s][info][gc,heap     ] GC(6593) Humongous regions: 49->49
[2025-01-09T00:33:26.515+0000][187676.881s][info][gc,metaspace] GC(6593) Metaspace: 524644K(534016K)->524644K(534016K) NonClass: 460714K(465280K)->460714K(465280K) Class: 63929K(68736K)->63929K(68736K)
[2025-01-09T00:33:26.515+0000][187676.881s][info][gc          ] GC(6593) Pause Young (Prepare Mixed) (G1 Evacuation Pause) 9601M->2330M(12288M) 42.257ms
[2025-01-09T00:33:26.515+0000][187676.881s][info][gc,cpu      ] GC(6593) User=0.25s Sys=0.00s Real=0.04s
[2025-01-09T00:33:26.869+0000][187677.235s][info][gc,start    ] GC(6594) Pause Young (Mixed) (G1 Evacuation Pause)
[2025-01-09T00:33:26.869+0000][187677.235s][info][gc,task     ] GC(6594) Using 6 workers of 6 for evacuation
[2025-01-09T00:33:26.947+0000][187677.313s][info][gc,phases   ] GC(6594)   Pre Evacuate Collection Set: 0.2ms
[2025-01-09T00:33:26.947+0000][187677.313s][info][gc,phases   ] GC(6594)   Merge Heap Roots: 0.7ms
[2025-01-09T00:33:26.947+0000][187677.313s][info][gc,phases   ] GC(6594)   Evacuate Collection Set: 75.4ms
[2025-01-09T00:33:26.947+0000][187677.313s][info][gc,phases   ] GC(6594)   Post Evacuate Collection Set: 1.9ms
[2025-01-09T00:33:26.947+0000][187677.313s][info][gc,phases   ] GC(6594)   Other: 0.2ms
[2025-01-09T00:33:26.947+0000][187677.313s][info][gc,heap     ] GC(6594) Eden regions: 64->0(915)
[2025-01-09T00:33:26.947+0000][187677.313s][info][gc,heap     ] GC(6594) Survivor regions: 12->6(10)
[2025-01-09T00:33:26.947+0000][187677.313s][info][gc,heap     ] GC(6594) Old regions: 230->232
[2025-01-09T00:33:26.947+0000][187677.313s][info][gc,heap     ] GC(6594) Archive regions: 2->2
[2025-01-09T00:33:26.947+0000][187677.313s][info][gc,heap     ] GC(6594) Humongous regions: 49->49
[2025-01-09T00:33:26.947+0000][187677.313s][info][gc,metaspace] GC(6594) Metaspace: 524644K(534016K)->524644K(534016K) NonClass: 460714K(465280K)->460714K(465280K) Class: 63929K(68736K)->63929K(68736K)
[2025-01-09T00:33:26.947+0000][187677.313s][info][gc          ] GC(6594) Pause Young (Mixed) (G1 Evacuation Pause) 2842M->2295M(12288M) 78.419ms
[2025-01-09T00:33:26.947+0000][187677.313s][info][gc,cpu      ] GC(6594) User=0.47s Sys=0.00s Real=0.08s
[2025-01-09T00:33:33.492+0000][187683.858s][info][gc,start    ] GC(6595) Pause Young (Normal) (G1 Evacuation Pause)
[2025-01-09T00:33:33.492+0000][187683.858s][info][gc,task     ] GC(6595) Using 6 workers of 6 for evacuation
[2025-01-09T00:33:33.516+0000][187683.882s][info][gc,phases   ] GC(6595)   Pre Evacuate Collection Set: 0.2ms
[2025-01-09T00:33:33.516+0000][187683.882s][info][gc,phases   ] GC(6595)   Merge Heap Roots: 0.4ms
[2025-01-09T00:33:33.516+0000][187683.882s][info][gc,phases   ] GC(6595)   Evacuate Collection Set: 21.2ms
[2025-01-09T00:33:33.516+0000][187683.882s][info][gc,phases   ] GC(6595)   Post Evacuate Collection Set: 2.5ms
[2025-01-09T00:33:33.516+0000][187683.882s][info][gc,phases   ] GC(6595)   Other: 0.2ms
[2025-01-09T00:33:33.516+0000][187683.882s][info][gc,heap     ] GC(6595) Eden regions: 915->0(915)
[2025-01-09T00:33:33.516+0000][187683.882s][info][gc,heap     ] GC(6595) Survivor regions: 6->6(116)
[2025-01-09T00:33:33.516+0000][187683.882s][info][gc,heap     ] GC(6595) Old regions: 232->232
[2025-01-09T00:33:33.516+0000][187683.882s][info][gc,heap     ] GC(6595) Archive regions: 2->2
[2025-01-09T00:33:33.516+0000][187683.882s][info][gc,heap     ] GC(6595) Humongous regions: 49->49
[2025-01-09T00:33:33.516+0000][187683.882s][info][gc,metaspace] GC(6595) Metaspace: 524644K(534016K)->524644K(534016K) NonClass: 460714K(465280K)->460714K(465280K) Class: 63929K(68736K)->63929K(68736K)
[2025-01-09T00:33:33.516+0000][187683.882s][info][gc          ] GC(6595) Pause Young (Normal) (G1 Evacuation Pause) 9615M->2294M(12288M) 24.690ms
[2025-01-09T00:33:33.516+0000][187683.882s][info][gc,cpu      ] GC(6595) User=0.14s Sys=0.01s Real=0.02s
[2025-01-09T00:33:44.405+0000][187694.771s][info][gc,start    ] GC(6596) Pause Young (Normal) (G1 Evacuation Pause)
[2025-01-09T00:33:44.405+0000][187694.771s][info][gc,task     ] GC(6596) Using 6 workers of 6 for evacuation
[2025-01-09T00:33:44.435+0000][187694.801s][info][gc,phases   ] GC(6596)   Pre Evacuate Collection Set: 0.3ms
[2025-01-09T00:33:44.435+0000][187694.801s][info][gc,phases   ] GC(6596)   Merge Heap Roots: 0.4ms
[2025-01-09T00:33:44.435+0000][187694.801s][info][gc,phases   ] GC(6596)   Evacuate Collection Set: 26.0ms
[2025-01-09T00:33:44.435+0000][187694.801s][info][gc,phases   ] GC(6596)   Post Evacuate Collection Set: 2.6ms
[2025-01-09T00:33:44.435+0000][187694.801s][info][gc,phases   ] GC(6596)   Other: 0.2ms
[2025-01-09T00:33:44.435+0000][187694.801s][info][gc,heap     ] GC(6596) Eden regions: 915->0(913)
[2025-01-09T00:33:44.435+0000][187694.801s][info][gc,heap     ] GC(6596) Survivor regions: 6->8(116)
[2025-01-09T00:33:44.435+0000][187694.801s][info][gc,heap     ] GC(6596) Old regions: 232->232
[2025-01-09T00:33:44.435+0000][187694.801s][info][gc,heap     ] GC(6596) Archive regions: 2->2
[2025-01-09T00:33:44.435+0000][187694.801s][info][gc,heap     ] GC(6596) Humongous regions: 49->49
[2025-01-09T00:33:44.435+0000][187694.801s][info][gc,metaspace] GC(6596) Metaspace: 524644K(534016K)->524644K(534016K) NonClass: 460714K(465280K)->460714K(465280K) Class: 63929K(68736K)->63929K(68736K)
[2025-01-09T00:33:44.435+0000][187694.801s][info][gc          ] GC(6596) Pause Young (Normal) (G1 Evacuation Pause) 9614M->2309M(12288M) 29.621ms
[2025-01-09T00:33:44.435+0000][187694.801s][info][gc,cpu      ] GC(6596) User=0.17s Sys=0.00s Real=0.03s
[2025-01-09T00:33:50.111+0000][187700.477s][info][gc,start    ] GC(6597) Pause Young (Concurrent Start) (G1 Evacuation Pause)
[2025-01-09T00:33:50.111+0000][187700.477s][info][gc,task     ] GC(6597) Using 6 workers of 6 for evacuation
[2025-01-09T00:33:50.143+0000][187700.509s][info][gc,phases   ] GC(6597)   Pre Evacuate Collection Set: 1.1ms
[2025-01-09T00:33:50.143+0000][187700.509s][info][gc,phases   ] GC(6597)   Merge Heap Roots: 0.5ms
[2025-01-09T00:33:50.143+0000][187700.509s][info][gc,phases   ] GC(6597)   Evacuate Collection Set: 27.0ms
[2025-01-09T00:33:50.143+0000][187700.509s][info][gc,phases   ] GC(6597)   Post Evacuate Collection Set: 2.6ms
[2025-01-09T00:33:50.143+0000][187700.509s][info][gc,phases   ] GC(6597)   Other: 0.3ms
[2025-01-09T00:33:50.143+0000][187700.509s][info][gc,heap     ] GC(6597) Eden regions: 913->0(913)
[2025-01-09T00:33:50.143+0000][187700.509s][info][gc,heap     ] GC(6597) Survivor regions: 8->8(116)
[2025-01-09T00:33:50.143+0000][187700.509s][info][gc,heap     ] GC(6597) Old regions: 232->232
[2025-01-09T00:33:50.143+0000][187700.509s][info][gc,heap     ] GC(6597) Archive regions: 2->2
[2025-01-09T00:33:50.143+0000][187700.509s][info][gc,heap     ] GC(6597) Humongous regions: 49->49
[2025-01-09T00:33:50.143+0000][187700.509s][info][gc,metaspace] GC(6597) Metaspace: 524644K(534016K)->524644K(534016K) NonClass: 460714K(465280K)->460714K(465280K) Class: 63929K(68736K)->63929K(68736K)
[2025-01-09T00:33:50.143+0000][187700.509s][info][gc          ] GC(6597) Pause Young (Concurrent Start) (G1 Evacuation Pause) 9613M->2312M(12288M) 31.546ms
[2025-01-09T00:33:50.143+0000][187700.509s][info][gc,cpu      ] GC(6597) User=0.17s Sys=0.01s Real=0.03s
[2025-01-09T00:33:50.143+0000][187700.509s][info][gc          ] GC(6598) Concurrent Mark Cycle
[2025-01-09T00:33:50.143+0000][187700.509s][info][gc,marking  ] GC(6598) Concurrent Clear Claimed Marks
[2025-01-09T00:33:50.144+0000][187700.510s][info][gc,marking  ] GC(6598) Concurrent Clear Claimed Marks 0.985ms
[2025-01-09T00:33:50.144+0000][187700.510s][info][gc,marking  ] GC(6598) Concurrent Scan Root Regions
[2025-01-09T00:33:50.164+0000][187700.530s][info][gc,marking  ] GC(6598) Concurrent Scan Root Regions 19.872ms
[2025-01-09T00:33:50.164+0000][187700.530s][info][gc,marking  ] GC(6598) Concurrent Mark
[2025-01-09T00:33:50.164+0000][187700.530s][info][gc,marking  ] GC(6598) Concurrent Mark From Roots
[2025-01-09T00:33:50.164+0000][187700.530s][info][gc,task     ] GC(6598) Using 2 workers of 2 for marking
[2025-01-09T00:33:51.054+0000][187701.420s][info][gc,marking  ] GC(6598) Concurrent Mark From Roots 890.002ms
[2025-01-09T00:33:51.054+0000][187701.420s][info][gc,marking  ] GC(6598) Concurrent Preclean
[2025-01-09T00:33:51.058+0000][187701.424s][info][gc,marking  ] GC(6598) Concurrent Preclean 3.804ms
[2025-01-09T00:33:51.058+0000][187701.424s][info][gc,start    ] GC(6598) Pause Remark
[2025-01-09T00:33:51.084+0000][187701.450s][info][gc          ] GC(6598) Pause Remark 3212M->3212M(12288M) 26.484ms
[2025-01-09T00:33:51.084+0000][187701.451s][info][gc,cpu      ] GC(6598) User=0.15s Sys=0.00s Real=0.03s
[2025-01-09T00:33:51.085+0000][187701.451s][info][gc,marking  ] GC(6598) Concurrent Mark 921.005ms
[2025-01-09T00:33:51.085+0000][187701.451s][info][gc,marking  ] GC(6598) Concurrent Rebuild Remembered Sets
[2025-01-09T00:33:51.685+0000][187702.051s][info][gc,marking  ] GC(6598) Concurrent Rebuild Remembered Sets 599.930ms
[2025-01-09T00:33:51.685+0000][187702.051s][info][gc,start    ] GC(6598) Pause Cleanup
[2025-01-09T00:33:51.685+0000][187702.051s][info][gc          ] GC(6598) Pause Cleanup 4032M->4032M(12288M) 0.399ms
[2025-01-09T00:33:51.685+0000][187702.051s][info][gc,cpu      ] GC(6598) User=0.00s Sys=0.00s Real=0.00s
[2025-01-09T00:33:51.685+0000][187702.051s][info][gc,marking  ] GC(6598) Concurrent Cleanup for Next Mark
[2025-01-09T00:33:51.701+0000][187702.067s][info][gc,marking  ] GC(6598) Concurrent Cleanup for Next Mark 15.310ms
[2025-01-09T00:33:51.701+0000][187702.067s][info][gc          ] GC(6598) Concurrent Mark Cycle 1557.905ms
[2025-01-09T00:33:57.198+0000][187707.565s][info][gc,start    ] GC(6599) Pause Young (Prepare Mixed) (G1 Evacuation Pause)
[2025-01-09T00:33:57.199+0000][187707.565s][info][gc,task     ] GC(6599) Using 6 workers of 6 for evacuation
[2025-01-09T00:33:57.242+0000][187707.608s][info][gc,phases   ] GC(6599)   Pre Evacuate Collection Set: 0.2ms
[2025-01-09T00:33:57.242+0000][187707.608s][info][gc,phases   ] GC(6599)   Merge Heap Roots: 0.7ms
[2025-01-09T00:33:57.242+0000][187707.608s][info][gc,phases   ] GC(6599)   Evacuate Collection Set: 36.9ms
[2025-01-09T00:33:57.242+0000][187707.608s][info][gc,phases   ] GC(6599)   Post Evacuate Collection Set: 5.5ms
[2025-01-09T00:33:57.242+0000][187707.608s][info][gc,phases   ] GC(6599)   Other: 0.2ms
[2025-01-09T00:33:57.242+0000][187707.608s][info][gc,heap     ] GC(6599) Eden regions: 913->0(64)
[2025-01-09T00:33:57.242+0000][187707.608s][info][gc,heap     ] GC(6599) Survivor regions: 8->12(116)
[2025-01-09T00:33:57.242+0000][187707.608s][info][gc,heap     ] GC(6599) Old regions: 232->232
[2025-01-09T00:33:57.242+0000][187707.608s][info][gc,heap     ] GC(6599) Archive regions: 2->2
[2025-01-09T00:33:57.242+0000][187707.608s][info][gc,heap     ] GC(6599) Humongous regions: 49->49
[2025-01-09T00:33:57.242+0000][187707.608s][info][gc,metaspace] GC(6599) Metaspace: 524644K(534016K)->524644K(534016K) NonClass: 460714K(465280K)->460714K(465280K) Class: 63929K(68736K)->63929K(68736K)
[2025-01-09T00:33:57.242+0000][187707.608s][info][gc          ] GC(6599) Pause Young (Prepare Mixed) (G1 Evacuation Pause) 9616M->2345M(12288M) 43.537ms
[2025-01-09T00:33:57.242+0000][187707.608s][info][gc,cpu      ] GC(6599) User=0.26s Sys=0.00s Real=0.05s
[2025-01-09T00:33:57.716+0000][187708.082s][info][gc,start    ] GC(6600) Pause Young (Mixed) (G1 Evacuation Pause)
[2025-01-09T00:33:57.716+0000][187708.082s][info][gc,task     ] GC(6600) Using 6 workers of 6 for evacuation
[2025-01-09T00:33:57.782+0000][187708.148s][info][gc,phases   ] GC(6600)   Pre Evacuate Collection Set: 0.2ms
[2025-01-09T00:33:57.782+0000][187708.148s][info][gc,phases   ] GC(6600)   Merge Heap Roots: 0.7ms
[2025-01-09T00:33:57.782+0000][187708.148s][info][gc,phases   ] GC(6600)   Evacuate Collection Set: 62.8ms
[2025-01-09T00:33:57.782+0000][187708.148s][info][gc,phases   ] GC(6600)   Post Evacuate Collection Set: 1.5ms
[2025-01-09T00:33:57.782+0000][187708.148s][info][gc,phases   ] GC(6600)   Other: 0.2ms
[2025-01-09T00:33:57.782+0000][187708.148s][info][gc,heap     ] GC(6600) Eden regions: 64->0(919)
[2025-01-09T00:33:57.782+0000][187708.148s][info][gc,heap     ] GC(6600) Survivor regions: 12->2(10)
[2025-01-09T00:33:57.782+0000][187708.148s][info][gc,heap     ] GC(6600) Old regions: 232->236
[2025-01-09T00:33:57.782+0000][187708.148s][info][gc,heap     ] GC(6600) Archive regions: 2->2
[2025-01-09T00:33:57.782+0000][187708.148s][info][gc,heap     ] GC(6600) Humongous regions: 49->49
[2025-01-09T00:33:57.782+0000][187708.148s][info][gc,metaspace] GC(6600) Metaspace: 524644K(534016K)->524644K(534016K) NonClass: 460714K(465280K)->460714K(465280K) Class: 63929K(68736K)->63929K(68736K)
[2025-01-09T00:33:57.782+0000][187708.148s][info][gc          ] GC(6600) Pause Young (Mixed) (G1 Evacuation Pause) 2857M->2302M(12288M) 65.554ms
[2025-01-09T00:33:57.782+0000][187708.148s][info][gc,cpu      ] GC(6600) User=0.38s Sys=0.00s Real=0.07s
[2025-01-09T00:34:04.773+0000][187715.140s][info][gc,start    ] GC(6601) Pause Young (Normal) (G1 Evacuation Pause)
[2025-01-09T00:34:04.773+0000][187715.140s][info][gc,task     ] GC(6601) Using 6 workers of 6 for evacuation
[2025-01-09T00:34:04.795+0000][187715.161s][info][gc,phases   ] GC(6601)   Pre Evacuate Collection Set: 0.2ms
[2025-01-09T00:34:04.795+0000][187715.161s][info][gc,phases   ] GC(6601)   Merge Heap Roots: 0.4ms
[2025-01-09T00:34:04.795+0000][187715.161s][info][gc,phases   ] GC(6601)   Evacuate Collection Set: 17.2ms
[2025-01-09T00:34:04.795+0000][187715.162s][info][gc,phases   ] GC(6601)   Post Evacuate Collection Set: 3.9ms
[2025-01-09T00:34:04.795+0000][187715.162s][info][gc,phases   ] GC(6601)   Other: 0.2ms
[2025-01-09T00:34:04.795+0000][187715.162s][info][gc,heap     ] GC(6601) Eden regions: 919->0(916)
[2025-01-09T00:34:04.795+0000][187715.162s][info][gc,heap     ] GC(6601) Survivor regions: 2->5(116)
[2025-01-09T00:34:04.795+0000][187715.162s][info][gc,heap     ] GC(6601) Old regions: 236->236
[2025-01-09T00:34:04.795+0000][187715.162s][info][gc,heap     ] GC(6601) Archive regions: 2->2
[2025-01-09T00:34:04.795+0000][187715.162s][info][gc,heap     ] GC(6601) Humongous regions: 49->49
[2025-01-09T00:34:04.795+0000][187715.162s][info][gc,metaspace] GC(6601) Metaspace: 524645K(534016K)->524645K(534016K) NonClass: 460715K(465280K)->460715K(465280K) Class: 63929K(68736K)->63929K(68736K)
[2025-01-09T00:34:04.795+0000][187715.162s][info][gc          ] GC(6601) Pause Young (Normal) (G1 Evacuation Pause) 9654M->2324M(12288M) 22.022ms
[2025-01-09T00:34:04.796+0000][187715.162s][info][gc,cpu      ] GC(6601) User=0.13s Sys=0.00s Real=0.02s
[2025-01-09T00:34:11.648+0000][187722.014s][info][gc,start    ] GC(6602) Pause Young (Normal) (G1 Evacuation Pause)
[2025-01-09T00:34:11.648+0000][187722.014s][info][gc,task     ] GC(6602) Using 6 workers of 6 for evacuation
[2025-01-09T00:34:11.670+0000][187722.036s][info][gc,phases   ] GC(6602)   Pre Evacuate Collection Set: 0.2ms
[2025-01-09T00:34:11.670+0000][187722.036s][info][gc,phases   ] GC(6602)   Merge Heap Roots: 0.4ms
[2025-01-09T00:34:11.670+0000][187722.036s][info][gc,phases   ] GC(6602)   Evacuate Collection Set: 18.4ms
[2025-01-09T00:34:11.670+0000][187722.036s][info][gc,phases   ] GC(6602)   Post Evacuate Collection Set: 2.5ms
[2025-01-09T00:34:11.670+0000][187722.036s][info][gc,phases   ] GC(6602)   Other: 0.2ms
[2025-01-09T00:34:11.670+0000][187722.036s][info][gc,heap     ] GC(6602) Eden regions: 916->0(916)
[2025-01-09T00:34:11.670+0000][187722.036s][info][gc,heap     ] GC(6602) Survivor regions: 5->5(116)
[2025-01-09T00:34:11.670+0000][187722.036s][info][gc,heap     ] GC(6602) Old regions: 236->236
[2025-01-09T00:34:11.670+0000][187722.036s][info][gc,heap     ] GC(6602) Archive regions: 2->2
[2025-01-09T00:34:11.670+0000][187722.036s][info][gc,heap     ] GC(6602) Humongous regions: 49->49
[2025-01-09T00:34:11.670+0000][187722.036s][info][gc,metaspace] GC(6602) Metaspace: 524647K(534016K)->524647K(534016K) NonClass: 460717K(465280K)->460717K(465280K) Class: 63929K(68736K)->63929K(68736K)
[2025-01-09T00:34:11.670+0000][187722.036s][info][gc          ] GC(6602) Pause Young (Normal) (G1 Evacuation Pause) 9652M->2321M(12288M) 21.832ms
[2025-01-09T00:34:11.670+0000][187722.036s][info][gc,cpu      ] GC(6602) User=0.13s Sys=0.00s Real=0.03s
[2025-01-09T00:34:20.616+0000][187730.982s][info][gc,start    ] GC(6603) Pause Young (Concurrent Start) (G1 Evacuation Pause)
[2025-01-09T00:34:20.616+0000][187730.982s][info][gc,task     ] GC(6603) Using 6 workers of 6 for evacuation
[2025-01-09T00:34:20.646+0000][187731.012s][info][gc,phases   ] GC(6603)   Pre Evacuate Collection Set: 1.2ms
[2025-01-09T00:34:20.646+0000][187731.012s][info][gc,phases   ] GC(6603)   Merge Heap Roots: 0.4ms
[2025-01-09T00:34:20.646+0000][187731.012s][info][gc,phases   ] GC(6603)   Evacuate Collection Set: 25.1ms
[2025-01-09T00:34:20.646+0000][187731.012s][info][gc,phases   ] GC(6603)   Post Evacuate Collection Set: 2.8ms
[2025-01-09T00:34:20.646+0000][187731.012s][info][gc,phases   ] GC(6603)   Other: 0.3ms
[2025-01-09T00:34:20.646+0000][187731.012s][info][gc,heap     ] GC(6603) Eden regions: 916->0(914)
[2025-01-09T00:34:20.646+0000][187731.012s][info][gc,heap     ] GC(6603) Survivor regions: 5->7(116)
[2025-01-09T00:34:20.646+0000][187731.012s][info][gc,heap     ] GC(6603) Old regions: 236->236
[2025-01-09T00:34:20.646+0000][187731.012s][info][gc,heap     ] GC(6603) Archive regions: 2->2
[2025-01-09T00:34:20.646+0000][187731.012s][info][gc,heap     ] GC(6603) Humongous regions: 49->49
[2025-01-09T00:34:20.646+0000][187731.012s][info][gc,metaspace] GC(6603) Metaspace: 524647K(534016K)->524647K(534016K) NonClass: 460717K(465280K)->460717K(465280K) Class: 63929K(68736K)->63929K(68736K)
[2025-01-09T00:34:20.646+0000][187731.012s][info][gc          ] GC(6603) Pause Young (Concurrent Start) (G1 Evacuation Pause) 9649M->2337M(12288M) 29.892ms
[2025-01-09T00:34:20.646+0000][187731.012s][info][gc,cpu      ] GC(6603) User=0.17s Sys=0.00s Real=0.03s
[2025-01-09T00:34:20.646+0000][187731.012s][info][gc          ] GC(6604) Concurrent Mark Cycle
[2025-01-09T00:34:20.646+0000][187731.012s][info][gc,marking  ] GC(6604) Concurrent Clear Claimed Marks
[2025-01-09T00:34:20.647+0000][187731.013s][info][gc,marking  ] GC(6604) Concurrent Clear Claimed Marks 1.013ms
[2025-01-09T00:34:20.647+0000][187731.013s][info][gc,marking  ] GC(6604) Concurrent Scan Root Regions
[2025-01-09T00:34:20.669+0000][187731.035s][info][gc,marking  ] GC(6604) Concurrent Scan Root Regions 21.532ms
[2025-01-09T00:34:20.669+0000][187731.035s][info][gc,marking  ] GC(6604) Concurrent Mark
[2025-01-09T00:34:20.669+0000][187731.035s][info][gc,marking  ] GC(6604) Concurrent Mark From Roots
[2025-01-09T00:34:20.669+0000][187731.035s][info][gc,task     ] GC(6604) Using 2 workers of 2 for marking
[2025-01-09T00:34:21.663+0000][187732.029s][info][gc,marking  ] GC(6604) Concurrent Mark From Roots 994.240ms
[2025-01-09T00:34:21.663+0000][187732.029s][info][gc,marking  ] GC(6604) Concurrent Preclean
[2025-01-09T00:34:21.666+0000][187732.032s][info][gc,marking  ] GC(6604) Concurrent Preclean 2.666ms
[2025-01-09T00:34:21.666+0000][187732.032s][info][gc,start    ] GC(6604) Pause Remark
[2025-01-09T00:34:21.694+0000][187732.060s][info][gc          ] GC(6604) Pause Remark 3565M->3565M(12288M) 28.349ms
[2025-01-09T00:34:21.694+0000][187732.060s][info][gc,cpu      ] GC(6604) User=0.16s Sys=0.00s Real=0.03s
[2025-01-09T00:34:21.694+0000][187732.061s][info][gc,marking  ] GC(6604) Concurrent Mark 1025.564ms
[2025-01-09T00:34:21.694+0000][187732.061s][info][gc,marking  ] GC(6604) Concurrent Rebuild Remembered Sets
[2025-01-09T00:34:22.195+0000][187732.561s][info][gc,marking  ] GC(6604) Concurrent Rebuild Remembered Sets 500.473ms
[2025-01-09T00:34:22.195+0000][187732.561s][info][gc,start    ] GC(6604) Pause Cleanup
[2025-01-09T00:34:22.195+0000][187732.562s][info][gc          ] GC(6604) Pause Cleanup 3917M->3917M(12288M) 0.395ms
[2025-01-09T00:34:22.195+0000][187732.562s][info][gc,cpu      ] GC(6604) User=0.00s Sys=0.00s Real=0.00s
[2025-01-09T00:34:22.196+0000][187732.562s][info][gc,marking  ] GC(6604) Concurrent Cleanup for Next Mark
[2025-01-09T00:34:22.211+0000][187732.577s][info][gc,marking  ] GC(6604) Concurrent Cleanup for Next Mark 15.342ms
[2025-01-09T00:34:22.211+0000][187732.577s][info][gc          ] GC(6604) Concurrent Mark Cycle 1564.736ms
[2025-01-09T00:34:27.461+0000][187737.827s][info][gc,start    ] GC(6605) Pause Young (Prepare Mixed) (G1 Evacuation Pause)
[2025-01-09T00:34:27.461+0000][187737.827s][info][gc,task     ] GC(6605) Using 6 workers of 6 for evacuation
[2025-01-09T00:34:27.492+0000][187737.858s][info][gc,phases   ] GC(6605)   Pre Evacuate Collection Set: 0.2ms
[2025-01-09T00:34:27.492+0000][187737.858s][info][gc,phases   ] GC(6605)   Merge Heap Roots: 0.6ms
[2025-01-09T00:34:27.492+0000][187737.858s][info][gc,phases   ] GC(6605)   Evacuate Collection Set: 27.4ms
[2025-01-09T00:34:27.492+0000][187737.858s][info][gc,phases   ] GC(6605)   Post Evacuate Collection Set: 2.8ms
[2025-01-09T00:34:27.492+0000][187737.858s][info][gc,phases   ] GC(6605)   Other: 0.2ms
[2025-01-09T00:34:27.492+0000][187737.858s][info][gc,heap     ] GC(6605) Eden regions: 914->0(68)
[2025-01-09T00:34:27.492+0000][187737.858s][info][gc,heap     ] GC(6605) Survivor regions: 7->8(116)
[2025-01-09T00:34:27.492+0000][187737.858s][info][gc,heap     ] GC(6605) Old regions: 236->236
[2025-01-09T00:34:27.492+0000][187737.858s][info][gc,heap     ] GC(6605) Archive regions: 2->2
[2025-01-09T00:34:27.492+0000][187737.858s][info][gc,heap     ] GC(6605) Humongous regions: 49->49
[2025-01-09T00:34:27.492+0000][187737.858s][info][gc,metaspace] GC(6605) Metaspace: 524647K(534016K)->524647K(534016K) NonClass: 460717K(465280K)->460717K(465280K) Class: 63929K(68736K)->63929K(68736K)
[2025-01-09T00:34:27.492+0000][187737.858s][info][gc          ] GC(6605) Pause Young (Prepare Mixed) (G1 Evacuation Pause) 9649M->2344M(12288M) 31.274ms
[2025-01-09T00:34:27.492+0000][187737.858s][info][gc,cpu      ] GC(6605) User=0.18s Sys=0.00s Real=0.04s
[2025-01-09T00:34:28.236+0000][187738.602s][info][gc,start    ] GC(6606) Pause Young (Mixed) (G1 Evacuation Pause)
[2025-01-09T00:34:28.236+0000][187738.602s][info][gc,task     ] GC(6606) Using 6 workers of 6 for evacuation
[2025-01-09T00:34:28.294+0000][187738.660s][info][gc,phases   ] GC(6606)   Pre Evacuate Collection Set: 0.2ms
[2025-01-09T00:34:28.294+0000][187738.660s][info][gc,phases   ] GC(6606)   Merge Heap Roots: 0.6ms
[2025-01-09T00:34:28.294+0000][187738.660s][info][gc,phases   ] GC(6606)   Evacuate Collection Set: 55.3ms
[2025-01-09T00:34:28.294+0000][187738.661s][info][gc,phases   ] GC(6606)   Post Evacuate Collection Set: 1.8ms
[2025-01-09T00:34:28.294+0000][187738.661s][info][gc,phases   ] GC(6606)   Other: 0.2ms
[2025-01-09T00:34:28.294+0000][187738.661s][info][gc,heap     ] GC(6606) Eden regions: 68->0(916)
[2025-01-09T00:34:28.294+0000][187738.661s][info][gc,heap     ] GC(6606) Survivor regions: 8->5(10)
[2025-01-09T00:34:28.294+0000][187738.661s][info][gc,heap     ] GC(6606) Old regions: 236->234
[2025-01-09T00:34:28.294+0000][187738.661s][info][gc,heap     ] GC(6606) Archive regions: 2->2
[2025-01-09T00:34:28.294+0000][187738.661s][info][gc,heap     ] GC(6606) Humongous regions: 49->49
[2025-01-09T00:34:28.294+0000][187738.661s][info][gc,metaspace] GC(6606) Metaspace: 524647K(534016K)->524647K(534016K) NonClass: 460717K(465280K)->460717K(465280K) Class: 63929K(68736K)->63929K(68736K)
[2025-01-09T00:34:28.294+0000][187738.661s][info][gc          ] GC(6606) Pause Young (Mixed) (G1 Evacuation Pause) 2888M->2303M(12288M) 58.126ms
[2025-01-09T00:34:28.295+0000][187738.661s][info][gc,cpu      ] GC(6606) User=0.35s Sys=0.00s Real=0.06s
[2025-01-09T00:34:35.779+0000][187746.145s][info][gc,start    ] GC(6607) Pause Young (Normal) (G1 Evacuation Pause)
[2025-01-09T00:34:35.779+0000][187746.145s][info][gc,task     ] GC(6607) Using 6 workers of 6 for evacuation
[2025-01-09T00:34:35.805+0000][187746.171s][info][gc,phases   ] GC(6607)   Pre Evacuate Collection Set: 0.2ms
[2025-01-09T00:34:35.805+0000][187746.171s][info][gc,phases   ] GC(6607)   Merge Heap Roots: 0.4ms
[2025-01-09T00:34:35.805+0000][187746.171s][info][gc,phases   ] GC(6607)   Evacuate Collection Set: 22.1ms
[2025-01-09T00:34:35.805+0000][187746.171s][info][gc,phases   ] GC(6607)   Post Evacuate Collection Set: 2.5ms
[2025-01-09T00:34:35.805+0000][187746.171s][info][gc,phases   ] GC(6607)   Other: 0.2ms
[2025-01-09T00:34:35.805+0000][187746.171s][info][gc,heap     ] GC(6607) Eden regions: 916->0(915)
[2025-01-09T00:34:35.805+0000][187746.171s][info][gc,heap     ] GC(6607) Survivor regions: 5->6(116)
[2025-01-09T00:34:35.805+0000][187746.171s][info][gc,heap     ] GC(6607) Old regions: 234->234
[2025-01-09T00:34:35.805+0000][187746.171s][info][gc,heap     ] GC(6607) Archive regions: 2->2
[2025-01-09T00:34:35.805+0000][187746.171s][info][gc,heap     ] GC(6607) Humongous regions: 49->49
[2025-01-09T00:34:35.805+0000][187746.171s][info][gc,metaspace] GC(6607) Metaspace: 524647K(534016K)->524647K(534016K) NonClass: 460717K(465280K)->460717K(465280K) Class: 63929K(68736K)->63929K(68736K)
[2025-01-09T00:34:35.805+0000][187746.171s][info][gc          ] GC(6607) Pause Young (Normal) (G1 Evacuation Pause) 9631M->2309M(12288M) 25.541ms
[2025-01-09T00:34:35.805+0000][187746.171s][info][gc,cpu      ] GC(6607) User=0.15s Sys=0.00s Real=0.03s
[2025-01-09T00:34:46.403+0000][187756.769s][info][gc,start    ] GC(6608) Pause Young (Normal) (G1 Evacuation Pause)
[2025-01-09T00:34:46.403+0000][187756.769s][info][gc,task     ] GC(6608) Using 6 workers of 6 for evacuation
[2025-01-09T00:34:46.432+0000][187756.798s][info][gc,phases   ] GC(6608)   Pre Evacuate Collection Set: 0.2ms
[2025-01-09T00:34:46.432+0000][187756.798s][info][gc,phases   ] GC(6608)   Merge Heap Roots: 0.4ms
[2025-01-09T00:34:46.432+0000][187756.798s][info][gc,phases   ] GC(6608)   Evacuate Collection Set: 24.7ms
[2025-01-09T00:34:46.432+0000][187756.798s][info][gc,phases   ] GC(6608)   Post Evacuate Collection Set: 2.8ms
[2025-01-09T00:34:46.432+0000][187756.798s][info][gc,phases   ] GC(6608)   Other: 0.2ms
[2025-01-09T00:34:46.432+0000][187756.798s][info][gc,heap     ] GC(6608) Eden regions: 915->0(914)
[2025-01-09T00:34:46.432+0000][187756.798s][info][gc,heap     ] GC(6608) Survivor regions: 6->7(116)
[2025-01-09T00:34:46.432+0000][187756.798s][info][gc,heap     ] GC(6608) Old regions: 234->234
[2025-01-09T00:34:46.432+0000][187756.798s][info][gc,heap     ] GC(6608) Archive regions: 2->2
[2025-01-09T00:34:46.432+0000][187756.798s][info][gc,heap     ] GC(6608) Humongous regions: 49->49
[2025-01-09T00:34:46.432+0000][187756.798s][info][gc,metaspace] GC(6608) Metaspace: 524647K(534016K)->524647K(534016K) NonClass: 460717K(465280K)->460717K(465280K) Class: 63929K(68736K)->63929K(68736K)
[2025-01-09T00:34:46.432+0000][187756.798s][info][gc          ] GC(6608) Pause Young (Normal) (G1 Evacuation Pause) 9629M->2320M(12288M) 28.417ms
[2025-01-09T00:34:46.432+0000][187756.798s][info][gc,cpu      ] GC(6608) User=0.16s Sys=0.01s Real=0.03s
[2025-01-09T00:34:55.092+0000][187765.458s][info][gc,start    ] GC(6609) Pause Young (Concurrent Start) (G1 Evacuation Pause)
[2025-01-09T00:34:55.092+0000][187765.458s][info][gc,task     ] GC(6609) Using 6 workers of 6 for evacuation
[2025-01-09T00:34:55.129+0000][187765.495s][info][gc,phases   ] GC(6609)   Pre Evacuate Collection Set: 1.1ms
[2025-01-09T00:34:55.129+0000][187765.495s][info][gc,phases   ] GC(6609)   Merge Heap Roots: 0.5ms
[2025-01-09T00:34:55.129+0000][187765.495s][info][gc,phases   ] GC(6609)   Evacuate Collection Set: 30.0ms
[2025-01-09T00:34:55.129+0000][187765.495s][info][gc,phases   ] GC(6609)   Post Evacuate Collection Set: 5.2ms
[2025-01-09T00:34:55.129+0000][187765.495s][info][gc,phases   ] GC(6609)   Other: 0.3ms
[2025-01-09T00:34:55.129+0000][187765.495s][info][gc,heap     ] GC(6609) Eden regions: 914->0(911)
[2025-01-09T00:34:55.129+0000][187765.495s][info][gc,heap     ] GC(6609) Survivor regions: 7->10(116)
[2025-01-09T00:34:55.129+0000][187765.495s][info][gc,heap     ] GC(6609) Old regions: 234->234
[2025-01-09T00:34:55.129+0000][187765.495s][info][gc,heap     ] GC(6609) Archive regions: 2->2
[2025-01-09T00:34:55.129+0000][187765.495s][info][gc,heap     ] GC(6609) Humongous regions: 49->49
[2025-01-09T00:34:55.129+0000][187765.495s][info][gc,metaspace] GC(6609) Metaspace: 524674K(534016K)->524674K(534016K) NonClass: 460739K(465280K)->460739K(465280K) Class: 63935K(68736K)->63935K(68736K)
[2025-01-09T00:34:55.129+0000][187765.495s][info][gc          ] GC(6609) Pause Young (Concurrent Start) (G1 Evacuation Pause) 9632M->2342M(12288M) 37.212ms
[2025-01-09T00:34:55.129+0000][187765.495s][info][gc,cpu      ] GC(6609) User=0.21s Sys=0.00s Real=0.03s
[2025-01-09T00:34:55.129+0000][187765.495s][info][gc          ] GC(6610) Concurrent Mark Cycle
[2025-01-09T00:34:55.129+0000][187765.495s][info][gc,marking  ] GC(6610) Concurrent Clear Claimed Marks
[2025-01-09T00:34:55.130+0000][187765.496s][info][gc,marking  ] GC(6610) Concurrent Clear Claimed Marks 1.006ms
[2025-01-09T00:34:55.130+0000][187765.496s][info][gc,marking  ] GC(6610) Concurrent Scan Root Regions
[2025-01-09T00:34:55.154+0000][187765.520s][info][gc,marking  ] GC(6610) Concurrent Scan Root Regions 24.203ms
[2025-01-09T00:34:55.154+0000][187765.520s][info][gc,marking  ] GC(6610) Concurrent Mark
[2025-01-09T00:34:55.154+0000][187765.520s][info][gc,marking  ] GC(6610) Concurrent Mark From Roots
[2025-01-09T00:34:55.154+0000][187765.520s][info][gc,task     ] GC(6610) Using 2 workers of 2 for marking
[2025-01-09T00:34:55.977+0000][187766.343s][info][gc,marking  ] GC(6610) Concurrent Mark From Roots 823.070ms
[2025-01-09T00:34:55.977+0000][187766.343s][info][gc,marking  ] GC(6610) Concurrent Preclean
[2025-01-09T00:34:55.981+0000][187766.347s][info][gc,marking  ] GC(6610) Concurrent Preclean 3.865ms
[2025-01-09T00:34:55.981+0000][187766.347s][info][gc,start    ] GC(6610) Pause Remark
[2025-01-09T00:34:56.007+0000][187766.373s][info][gc          ] GC(6610) Pause Remark 2934M->2934M(12288M) 25.640ms
[2025-01-09T00:34:56.007+0000][187766.373s][info][gc,cpu      ] GC(6610) User=0.15s Sys=0.00s Real=0.03s
[2025-01-09T00:34:56.007+0000][187766.373s][info][gc,marking  ] GC(6610) Concurrent Mark 853.203ms
[2025-01-09T00:34:56.007+0000][187766.373s][info][gc,marking  ] GC(6610) Concurrent Rebuild Remembered Sets
[2025-01-09T00:34:56.579+0000][187766.945s][info][gc,marking  ] GC(6610) Concurrent Rebuild Remembered Sets 571.993ms
[2025-01-09T00:34:56.579+0000][187766.946s][info][gc,start    ] GC(6610) Pause Cleanup
[2025-01-09T00:34:56.580+0000][187766.946s][info][gc          ] GC(6610) Pause Cleanup 3430M->3430M(12288M) 0.403ms
[2025-01-09T00:34:56.580+0000][187766.946s][info][gc,cpu      ] GC(6610) User=0.00s Sys=0.00s Real=0.00s
[2025-01-09T00:34:56.580+0000][187766.946s][info][gc,marking  ] GC(6610) Concurrent Cleanup for Next Mark
[2025-01-09T00:34:56.603+0000][187766.969s][info][gc,marking  ] GC(6610) Concurrent Cleanup for Next Mark 23.062ms
[2025-01-09T00:34:56.603+0000][187766.969s][info][gc          ] GC(6610) Concurrent Mark Cycle 1474.264ms
[2025-01-09T00:35:03.400+0000][187773.766s][info][gc,start    ] GC(6611) Pause Young (Prepare Mixed) (G1 Evacuation Pause)
[2025-01-09T00:35:03.400+0000][187773.766s][info][gc,task     ] GC(6611) Using 6 workers of 6 for evacuation
[2025-01-09T00:35:03.439+0000][187773.805s][info][gc,phases   ] GC(6611)   Pre Evacuate Collection Set: 0.2ms
[2025-01-09T00:35:03.439+0000][187773.805s][info][gc,phases   ] GC(6611)   Merge Heap Roots: 0.7ms
[2025-01-09T00:35:03.439+0000][187773.805s][info][gc,phases   ] GC(6611)   Evacuate Collection Set: 34.9ms
[2025-01-09T00:35:03.439+0000][187773.805s][info][gc,phases   ] GC(6611)   Post Evacuate Collection Set: 2.7ms
[2025-01-09T00:35:03.439+0000][187773.805s][info][gc,phases   ] GC(6611)   Other: 0.2ms
[2025-01-09T00:35:03.439+0000][187773.805s][info][gc,heap     ] GC(6611) Eden regions: 911->0(66)
[2025-01-09T00:35:03.439+0000][187773.805s][info][gc,heap     ] GC(6611) Survivor regions: 10->10(116)
[2025-01-09T00:35:03.439+0000][187773.805s][info][gc,heap     ] GC(6611) Old regions: 234->234
[2025-01-09T00:35:03.439+0000][187773.805s][info][gc,heap     ] GC(6611) Archive regions: 2->2
[2025-01-09T00:35:03.439+0000][187773.805s][info][gc,heap     ] GC(6611) Humongous regions: 49->49
[2025-01-09T00:35:03.439+0000][187773.805s][info][gc,metaspace] GC(6611) Metaspace: 524674K(534016K)->524674K(534016K) NonClass: 460739K(465280K)->460739K(465280K) Class: 63935K(68736K)->63935K(68736K)
[2025-01-09T00:35:03.439+0000][187773.805s][info][gc          ] GC(6611) Pause Young (Prepare Mixed) (G1 Evacuation Pause) 9630M->2342M(12288M) 38.708ms
[2025-01-09T00:35:03.439+0000][187773.805s][info][gc,cpu      ] GC(6611) User=0.23s Sys=0.00s Real=0.04s
[2025-01-09T00:35:04.794+0000][187775.160s][info][gc,start    ] GC(6612) Pause Young (Mixed) (G1 Evacuation Pause)
[2025-01-09T00:35:04.794+0000][187775.160s][info][gc,task     ] GC(6612) Using 6 workers of 6 for evacuation
[2025-01-09T00:35:04.868+0000][187775.234s][info][gc,phases   ] GC(6612)   Pre Evacuate Collection Set: 0.2ms
[2025-01-09T00:35:04.868+0000][187775.234s][info][gc,phases   ] GC(6612)   Merge Heap Roots: 0.7ms
[2025-01-09T00:35:04.868+0000][187775.234s][info][gc,phases   ] GC(6612)   Evacuate Collection Set: 69.4ms
[2025-01-09T00:35:04.868+0000][187775.234s][info][gc,phases   ] GC(6612)   Post Evacuate Collection Set: 3.4ms
[2025-01-09T00:35:04.868+0000][187775.234s][info][gc,phases   ] GC(6612)   Other: 0.2ms
[2025-01-09T00:35:04.868+0000][187775.234s][info][gc,heap     ] GC(6612) Eden regions: 66->0(914)
[2025-01-09T00:35:04.868+0000][187775.234s][info][gc,heap     ] GC(6612) Survivor regions: 10->7(10)
[2025-01-09T00:35:04.868+0000][187775.234s][info][gc,heap     ] GC(6612) Old regions: 234->234
[2025-01-09T00:35:04.868+0000][187775.234s][info][gc,heap     ] GC(6612) Archive regions: 2->2
[2025-01-09T00:35:04.868+0000][187775.234s][info][gc,heap     ] GC(6612) Humongous regions: 49->49
[2025-01-09T00:35:04.868+0000][187775.234s][info][gc,metaspace] GC(6612) Metaspace: 524674K(534016K)->524674K(534016K) NonClass: 460739K(465280K)->460739K(465280K) Class: 63935K(68736K)->63935K(68736K)
[2025-01-09T00:35:04.868+0000][187775.234s][info][gc          ] GC(6612) Pause Young (Mixed) (G1 Evacuation Pause) 2870M->2320M(12288M) 73.889ms
[2025-01-09T00:35:04.868+0000][187775.234s][info][gc,cpu      ] GC(6612) User=0.43s Sys=0.00s Real=0.07s
[2025-01-09T00:35:14.821+0000][187785.187s][info][gc,start    ] GC(6613) Pause Young (Normal) (G1 Evacuation Pause)
[2025-01-09T00:35:14.821+0000][187785.187s][info][gc,task     ] GC(6613) Using 6 workers of 6 for evacuation
[2025-01-09T00:35:14.854+0000][187785.220s][info][gc,phases   ] GC(6613)   Pre Evacuate Collection Set: 0.2ms
[2025-01-09T00:35:14.854+0000][187785.220s][info][gc,phases   ] GC(6613)   Merge Heap Roots: 0.5ms
[2025-01-09T00:35:14.854+0000][187785.220s][info][gc,phases   ] GC(6613)   Evacuate Collection Set: 29.7ms
[2025-01-09T00:35:14.854+0000][187785.220s][info][gc,phases   ] GC(6613)   Post Evacuate Collection Set: 2.7ms
[2025-01-09T00:35:14.854+0000][187785.220s][info][gc,phases   ] GC(6613)   Other: 0.2ms
[2025-01-09T00:35:14.854+0000][187785.220s][info][gc,heap     ] GC(6613) Eden regions: 914->0(913)
[2025-01-09T00:35:14.854+0000][187785.220s][info][gc,heap     ] GC(6613) Survivor regions: 7->8(116)
[2025-01-09T00:35:14.854+0000][187785.220s][info][gc,heap     ] GC(6613) Old regions: 234->234
[2025-01-09T00:35:14.854+0000][187785.220s][info][gc,heap     ] GC(6613) Archive regions: 2->2
[2025-01-09T00:35:14.854+0000][187785.220s][info][gc,heap     ] GC(6613) Humongous regions: 49->49
[2025-01-09T00:35:14.854+0000][187785.220s][info][gc,metaspace] GC(6613) Metaspace: 524674K(534016K)->524674K(534016K) NonClass: 460739K(465280K)->460739K(465280K) Class: 63935K(68736K)->63935K(68736K)
[2025-01-09T00:35:14.854+0000][187785.220s][info][gc          ] GC(6613) Pause Young (Normal) (G1 Evacuation Pause) 9632M->2329M(12288M) 33.438ms
[2025-01-09T00:35:14.854+0000][187785.220s][info][gc,cpu      ] GC(6613) User=0.19s Sys=0.00s Real=0.04s
[2025-01-09T00:35:22.021+0000][187792.387s][info][gc,start    ] GC(6614) Pause Young (Normal) (G1 Evacuation Pause)
[2025-01-09T00:35:22.021+0000][187792.387s][info][gc,task     ] GC(6614) Using 6 workers of 6 for evacuation
[2025-01-09T00:35:22.053+0000][187792.419s][info][gc,phases   ] GC(6614)   Pre Evacuate Collection Set: 0.2ms
[2025-01-09T00:35:22.053+0000][187792.419s][info][gc,phases   ] GC(6614)   Merge Heap Roots: 0.5ms
[2025-01-09T00:35:22.053+0000][187792.419s][info][gc,phases   ] GC(6614)   Evacuate Collection Set: 28.7ms
[2025-01-09T00:35:22.053+0000][187792.419s][info][gc,phases   ] GC(6614)   Post Evacuate Collection Set: 2.4ms
[2025-01-09T00:35:22.053+0000][187792.419s][info][gc,phases   ] GC(6614)   Other: 0.2ms
[2025-01-09T00:35:22.053+0000][187792.419s][info][gc,heap     ] GC(6614) Eden regions: 913->0(912)
[2025-01-09T00:35:22.053+0000][187792.419s][info][gc,heap     ] GC(6614) Survivor regions: 8->9(116)
[2025-01-09T00:35:22.053+0000][187792.419s][info][gc,heap     ] GC(6614) Old regions: 234->234
[2025-01-09T00:35:22.053+0000][187792.419s][info][gc,heap     ] GC(6614) Archive regions: 2->2
[2025-01-09T00:35:22.053+0000][187792.419s][info][gc,heap     ] GC(6614) Humongous regions: 49->49
[2025-01-09T00:35:22.053+0000][187792.419s][info][gc,metaspace] GC(6614) Metaspace: 524674K(534016K)->524674K(534016K) NonClass: 460739K(465280K)->460739K(465280K) Class: 63935K(68736K)->63935K(68736K)
[2025-01-09T00:35:22.053+0000][187792.420s][info][gc          ] GC(6614) Pause Young (Normal) (G1 Evacuation Pause) 9633M->2336M(12288M) 32.041ms
[2025-01-09T00:35:22.053+0000][187792.420s][info][gc,cpu      ] GC(6614) User=0.18s Sys=0.00s Real=0.04s
[2025-01-09T00:35:26.356+0000][187796.722s][info][gc,start    ] GC(6615) Pause Young (Concurrent Start) (G1 Evacuation Pause)
[2025-01-09T00:35:26.356+0000][187796.722s][info][gc,task     ] GC(6615) Using 6 workers of 6 for evacuation
[2025-01-09T00:35:26.391+0000][187796.757s][info][gc,phases   ] GC(6615)   Pre Evacuate Collection Set: 1.2ms
[2025-01-09T00:35:26.391+0000][187796.757s][info][gc,phases   ] GC(6615)   Merge Heap Roots: 0.5ms
[2025-01-09T00:35:26.391+0000][187796.757s][info][gc,phases   ] GC(6615)   Evacuate Collection Set: 30.4ms
[2025-01-09T00:35:26.391+0000][187796.757s][info][gc,phases   ] GC(6615)   Post Evacuate Collection Set: 2.5ms
[2025-01-09T00:35:26.391+0000][187796.757s][info][gc,phases   ] GC(6615)   Other: 0.3ms
[2025-01-09T00:35:26.391+0000][187796.757s][info][gc,heap     ] GC(6615) Eden regions: 912->0(912)
[2025-01-09T00:35:26.391+0000][187796.757s][info][gc,heap     ] GC(6615) Survivor regions: 9->9(116)
[2025-01-09T00:35:26.391+0000][187796.757s][info][gc,heap     ] GC(6615) Old regions: 234->234
[2025-01-09T00:35:26.391+0000][187796.757s][info][gc,heap     ] GC(6615) Archive regions: 2->2
[2025-01-09T00:35:26.391+0000][187796.757s][info][gc,heap     ] GC(6615) Humongous regions: 49->49
[2025-01-09T00:35:26.391+0000][187796.757s][info][gc,metaspace] GC(6615) Metaspace: 524674K(534016K)->524674K(534016K) NonClass: 460739K(465280K)->460739K(465280K) Class: 63935K(68736K)->63935K(68736K)
[2025-01-09T00:35:26.391+0000][187796.757s][info][gc          ] GC(6615) Pause Young (Concurrent Start) (G1 Evacuation Pause) 9632M->2342M(12288M) 34.937ms
[2025-01-09T00:35:26.391+0000][187796.757s][info][gc,cpu      ] GC(6615) User=0.20s Sys=0.00s Real=0.04s
[2025-01-09T00:35:26.391+0000][187796.757s][info][gc          ] GC(6616) Concurrent Mark Cycle
[2025-01-09T00:35:26.391+0000][187796.757s][info][gc,marking  ] GC(6616) Concurrent Clear Claimed Marks
[2025-01-09T00:35:26.392+0000][187796.758s][info][gc,marking  ] GC(6616) Concurrent Clear Claimed Marks 0.978ms
[2025-01-09T00:35:26.392+0000][187796.758s][info][gc,marking  ] GC(6616) Concurrent Scan Root Regions
[2025-01-09T00:35:26.417+0000][187796.783s][info][gc,marking  ] GC(6616) Concurrent Scan Root Regions 25.292ms
[2025-01-09T00:35:26.417+0000][187796.783s][info][gc,marking  ] GC(6616) Concurrent Mark
[2025-01-09T00:35:26.417+0000][187796.783s][info][gc,marking  ] GC(6616) Concurrent Mark From Roots
[2025-01-09T00:35:26.417+0000][187796.783s][info][gc,task     ] GC(6616) Using 2 workers of 2 for marking
[2025-01-09T00:35:27.569+0000][187797.935s][info][gc,marking  ] GC(6616) Concurrent Mark From Roots 1151.324ms
[2025-01-09T00:35:27.569+0000][187797.935s][info][gc,marking  ] GC(6616) Concurrent Preclean
[2025-01-09T00:35:27.573+0000][187797.939s][info][gc,marking  ] GC(6616) Concurrent Preclean 3.886ms
[2025-01-09T00:35:27.573+0000][187797.939s][info][gc,start    ] GC(6616) Pause Remark
[2025-01-09T00:35:27.599+0000][187797.965s][info][gc          ] GC(6616) Pause Remark 4106M->4106M(12288M) 26.189ms
[2025-01-09T00:35:27.599+0000][187797.965s][info][gc,cpu      ] GC(6616) User=0.15s Sys=0.00s Real=0.02s
[2025-01-09T00:35:27.599+0000][187797.965s][info][gc,marking  ] GC(6616) Concurrent Mark 1181.779ms
[2025-01-09T00:35:27.599+0000][187797.965s][info][gc,marking  ] GC(6616) Concurrent Rebuild Remembered Sets
[2025-01-09T00:35:28.265+0000][187798.631s][info][gc,marking  ] GC(6616) Concurrent Rebuild Remembered Sets 666.081ms
[2025-01-09T00:35:28.265+0000][187798.632s][info][gc,start    ] GC(6616) Pause Cleanup
[2025-01-09T00:35:28.266+0000][187798.632s][info][gc          ] GC(6616) Pause Cleanup 5158M->5158M(12288M) 0.496ms
[2025-01-09T00:35:28.266+0000][187798.632s][info][gc,cpu      ] GC(6616) User=0.00s Sys=0.00s Real=0.00s
[2025-01-09T00:35:28.266+0000][187798.632s][info][gc,marking  ] GC(6616) Concurrent Cleanup for Next Mark
[2025-01-09T00:35:28.283+0000][187798.649s][info][gc,marking  ] GC(6616) Concurrent Cleanup for Next Mark 16.834ms
[2025-01-09T00:35:28.283+0000][187798.649s][info][gc          ] GC(6616) Concurrent Mark Cycle 1891.917ms
[2025-01-09T00:35:32.017+0000][187802.383s][info][gc,start    ] GC(6617) Pause Young (Prepare Mixed) (G1 Evacuation Pause)
[2025-01-09T00:35:32.017+0000][187802.383s][info][gc,task     ] GC(6617) Using 6 workers of 6 for evacuation
[2025-01-09T00:35:32.055+0000][187802.421s][info][gc,phases   ] GC(6617)   Pre Evacuate Collection Set: 0.2ms
[2025-01-09T00:35:32.055+0000][187802.421s][info][gc,phases   ] GC(6617)   Merge Heap Roots: 0.7ms
[2025-01-09T00:35:32.055+0000][187802.421s][info][gc,phases   ] GC(6617)   Evacuate Collection Set: 34.7ms
[2025-01-09T00:35:32.055+0000][187802.421s][info][gc,phases   ] GC(6617)   Post Evacuate Collection Set: 2.6ms
[2025-01-09T00:35:32.055+0000][187802.421s][info][gc,phases   ] GC(6617)   Other: 0.2ms
[2025-01-09T00:35:32.055+0000][187802.421s][info][gc,heap     ] GC(6617) Eden regions: 912->0(66)
[2025-01-09T00:35:32.055+0000][187802.421s][info][gc,heap     ] GC(6617) Survivor regions: 9->10(116)
[2025-01-09T00:35:32.055+0000][187802.421s][info][gc,heap     ] GC(6617) Old regions: 234->234
[2025-01-09T00:35:32.055+0000][187802.421s][info][gc,heap     ] GC(6617) Archive regions: 2->2
[2025-01-09T00:35:32.055+0000][187802.421s][info][gc,heap     ] GC(6617) Humongous regions: 49->49
[2025-01-09T00:35:32.055+0000][187802.421s][info][gc,metaspace] GC(6617) Metaspace: 524674K(534016K)->524674K(534016K) NonClass: 460739K(465280K)->460739K(465280K) Class: 63935K(68736K)->63935K(68736K)
[2025-01-09T00:35:32.055+0000][187802.421s][info][gc          ] GC(6617) Pause Young (Prepare Mixed) (G1 Evacuation Pause) 9638M->2346M(12288M) 38.477ms
[2025-01-09T00:35:32.055+0000][187802.421s][info][gc,cpu      ] GC(6617) User=0.23s Sys=0.00s Real=0.04s
[2025-01-09T00:35:32.715+0000][187803.081s][info][gc,start    ] GC(6618) Pause Young (Mixed) (G1 Evacuation Pause)
[2025-01-09T00:35:32.715+0000][187803.081s][info][gc,task     ] GC(6618) Using 6 workers of 6 for evacuation
[2025-01-09T00:35:32.764+0000][187803.130s][info][gc,phases   ] GC(6618)   Pre Evacuate Collection Set: 0.2ms
[2025-01-09T00:35:32.764+0000][187803.130s][info][gc,phases   ] GC(6618)   Merge Heap Roots: 0.5ms
[2025-01-09T00:35:32.764+0000][187803.130s][info][gc,phases   ] GC(6618)   Evacuate Collection Set: 46.6ms
[2025-01-09T00:35:32.764+0000][187803.130s][info][gc,phases   ] GC(6618)   Post Evacuate Collection Set: 1.6ms
[2025-01-09T00:35:32.764+0000][187803.130s][info][gc,phases   ] GC(6618)   Other: 0.2ms
[2025-01-09T00:35:32.764+0000][187803.130s][info][gc,heap     ] GC(6618) Eden regions: 66->0(917)
[2025-01-09T00:35:32.764+0000][187803.130s][info][gc,heap     ] GC(6618) Survivor regions: 10->4(10)
[2025-01-09T00:35:32.764+0000][187803.130s][info][gc,heap     ] GC(6618) Old regions: 234->233
[2025-01-09T00:35:32.764+0000][187803.130s][info][gc,heap     ] GC(6618) Archive regions: 2->2
[2025-01-09T00:35:32.764+0000][187803.130s][info][gc,heap     ] GC(6618) Humongous regions: 49->49
[2025-01-09T00:35:32.764+0000][187803.131s][info][gc,metaspace] GC(6618) Metaspace: 524674K(534016K)->524674K(534016K) NonClass: 460739K(465280K)->460739K(465280K) Class: 63935K(68736K)->63935K(68736K)
[2025-01-09T00:35:32.764+0000][187803.131s][info][gc          ] GC(6618) Pause Young (Mixed) (G1 Evacuation Pause) 2874M->2288M(12288M) 49.130ms
[2025-01-09T00:35:32.764+0000][187803.131s][info][gc,cpu      ] GC(6618) User=0.29s Sys=0.00s Real=0.05s
[2025-01-09T00:35:39.090+0000][187809.457s][info][gc,start    ] GC(6619) Pause Young (Normal) (G1 Evacuation Pause)
[2025-01-09T00:35:39.091+0000][187809.457s][info][gc,task     ] GC(6619) Using 6 workers of 6 for evacuation
[2025-01-09T00:35:39.116+0000][187809.482s][info][gc,phases   ] GC(6619)   Pre Evacuate Collection Set: 0.2ms
[2025-01-09T00:35:39.116+0000][187809.482s][info][gc,phases   ] GC(6619)   Merge Heap Roots: 0.4ms
[2025-01-09T00:35:39.116+0000][187809.482s][info][gc,phases   ] GC(6619)   Evacuate Collection Set: 22.1ms
[2025-01-09T00:35:39.116+0000][187809.482s][info][gc,phases   ] GC(6619)   Post Evacuate Collection Set: 2.5ms
[2025-01-09T00:35:39.116+0000][187809.482s][info][gc,phases   ] GC(6619)   Other: 0.2ms
[2025-01-09T00:35:39.116+0000][187809.482s][info][gc,heap     ] GC(6619) Eden regions: 917->0(915)
[2025-01-09T00:35:39.116+0000][187809.482s][info][gc,heap     ] GC(6619) Survivor regions: 4->6(116)
[2025-01-09T00:35:39.116+0000][187809.482s][info][gc,heap     ] GC(6619) Old regions: 233->233
[2025-01-09T00:35:39.116+0000][187809.482s][info][gc,heap     ] GC(6619) Archive regions: 2->2
[2025-01-09T00:35:39.116+0000][187809.482s][info][gc,heap     ] GC(6619) Humongous regions: 49->49
[2025-01-09T00:35:39.116+0000][187809.482s][info][gc,metaspace] GC(6619) Metaspace: 524674K(534016K)->524674K(534016K) NonClass: 460739K(465280K)->460739K(465280K) Class: 63935K(68736K)->63935K(68736K)
[2025-01-09T00:35:39.116+0000][187809.482s][info][gc          ] GC(6619) Pause Young (Normal) (G1 Evacuation Pause) 9624M->2306M(12288M) 25.559ms
[2025-01-09T00:35:39.116+0000][187809.482s][info][gc,cpu      ] GC(6619) User=0.15s Sys=0.00s Real=0.02s
[2025-01-09T00:35:47.905+0000][187818.271s][info][gc,start    ] GC(6620) Pause Young (Normal) (G1 Evacuation Pause)
[2025-01-09T00:35:47.905+0000][187818.271s][info][gc,task     ] GC(6620) Using 6 workers of 6 for evacuation
[2025-01-09T00:35:47.935+0000][187818.301s][info][gc,phases   ] GC(6620)   Pre Evacuate Collection Set: 0.2ms
[2025-01-09T00:35:47.935+0000][187818.302s][info][gc,phases   ] GC(6620)   Merge Heap Roots: 0.4ms
[2025-01-09T00:35:47.935+0000][187818.302s][info][gc,phases   ] GC(6620)   Evacuate Collection Set: 24.8ms
[2025-01-09T00:35:47.935+0000][187818.302s][info][gc,phases   ] GC(6620)   Post Evacuate Collection Set: 5.2ms
[2025-01-09T00:35:47.935+0000][187818.302s][info][gc,phases   ] GC(6620)   Other: 0.2ms
[2025-01-09T00:35:47.935+0000][187818.302s][info][gc,heap     ] GC(6620) Eden regions: 915->0(913)
[2025-01-09T00:35:47.935+0000][187818.302s][info][gc,heap     ] GC(6620) Survivor regions: 6->8(116)
[2025-01-09T00:35:47.935+0000][187818.302s][info][gc,heap     ] GC(6620) Old regions: 233->233
[2025-01-09T00:35:47.935+0000][187818.302s][info][gc,heap     ] GC(6620) Archive regions: 2->2
[2025-01-09T00:35:47.935+0000][187818.302s][info][gc,heap     ] GC(6620) Humongous regions: 49->49
[2025-01-09T00:35:47.935+0000][187818.302s][info][gc,metaspace] GC(6620) Metaspace: 524674K(534016K)->524674K(534016K) NonClass: 460739K(465280K)->460739K(465280K) Class: 63935K(68736K)->63935K(68736K)
[2025-01-09T00:35:47.935+0000][187818.302s][info][gc          ] GC(6620) Pause Young (Normal) (G1 Evacuation Pause) 9626M->2325M(12288M) 30.906ms
[2025-01-09T00:35:47.936+0000][187818.302s][info][gc,cpu      ] GC(6620) User=0.18s Sys=0.00s Real=0.03s
[2025-01-09T00:35:56.645+0000][187827.011s][info][gc,start    ] GC(6621) Pause Young (Concurrent Start) (G1 Evacuation Pause)
[2025-01-09T00:35:56.645+0000][187827.011s][info][gc,task     ] GC(6621) Using 6 workers of 6 for evacuation
[2025-01-09T00:35:56.679+0000][187827.045s][info][gc,phases   ] GC(6621)   Pre Evacuate Collection Set: 1.2ms
[2025-01-09T00:35:56.679+0000][187827.045s][info][gc,phases   ] GC(6621)   Merge Heap Roots: 0.4ms
[2025-01-09T00:35:56.679+0000][187827.045s][info][gc,phases   ] GC(6621)   Evacuate Collection Set: 29.7ms
[2025-01-09T00:35:56.679+0000][187827.045s][info][gc,phases   ] GC(6621)   Post Evacuate Collection Set: 2.8ms
[2025-01-09T00:35:56.679+0000][187827.045s][info][gc,phases   ] GC(6621)   Other: 0.3ms
[2025-01-09T00:35:56.679+0000][187827.045s][info][gc,heap     ] GC(6621) Eden regions: 913->0(913)
[2025-01-09T00:35:56.679+0000][187827.045s][info][gc,heap     ] GC(6621) Survivor regions: 8->8(116)
[2025-01-09T00:35:56.679+0000][187827.045s][info][gc,heap     ] GC(6621) Old regions: 233->233
[2025-01-09T00:35:56.679+0000][187827.046s][info][gc,heap     ] GC(6621) Archive regions: 2->2
[2025-01-09T00:35:56.679+0000][187827.046s][info][gc,heap     ] GC(6621) Humongous regions: 49->49
[2025-01-09T00:35:56.679+0000][187827.046s][info][gc,metaspace] GC(6621) Metaspace: 524674K(534016K)->524674K(534016K) NonClass: 460739K(465280K)->460739K(465280K) Class: 63935K(68736K)->63935K(68736K)
[2025-01-09T00:35:56.679+0000][187827.046s][info][gc          ] GC(6621) Pause Young (Concurrent Start) (G1 Evacuation Pause) 9629M->2326M(12288M) 34.444ms
[2025-01-09T00:35:56.679+0000][187827.046s][info][gc,cpu      ] GC(6621) User=0.20s Sys=0.00s Real=0.03s
[2025-01-09T00:35:56.680+0000][187827.046s][info][gc          ] GC(6622) Concurrent Mark Cycle
[2025-01-09T00:35:56.680+0000][187827.046s][info][gc,marking  ] GC(6622) Concurrent Clear Claimed Marks
[2025-01-09T00:35:56.681+0000][187827.047s][info][gc,marking  ] GC(6622) Concurrent Clear Claimed Marks 0.997ms
[2025-01-09T00:35:56.681+0000][187827.047s][info][gc,marking  ] GC(6622) Concurrent Scan Root Regions
[2025-01-09T00:35:56.704+0000][187827.070s][info][gc,marking  ] GC(6622) Concurrent Scan Root Regions 23.409ms
[2025-01-09T00:35:56.704+0000][187827.070s][info][gc,marking  ] GC(6622) Concurrent Mark
[2025-01-09T00:35:56.704+0000][187827.070s][info][gc,marking  ] GC(6622) Concurrent Mark From Roots
[2025-01-09T00:35:56.704+0000][187827.070s][info][gc,task     ] GC(6622) Using 2 workers of 2 for marking
[2025-01-09T00:35:57.695+0000][187828.061s][info][gc,marking  ] GC(6622) Concurrent Mark From Roots 990.911ms
[2025-01-09T00:35:57.695+0000][187828.061s][info][gc,marking  ] GC(6622) Concurrent Preclean
[2025-01-09T00:35:57.698+0000][187828.064s][info][gc,marking  ] GC(6622) Concurrent Preclean 2.897ms
[2025-01-09T00:35:57.698+0000][187828.064s][info][gc,start    ] GC(6622) Pause Remark
[2025-01-09T00:35:57.725+0000][187828.091s][info][gc          ] GC(6622) Pause Remark 3330M->3330M(12288M) 26.611ms
[2025-01-09T00:35:57.725+0000][187828.091s][info][gc,cpu      ] GC(6622) User=0.14s Sys=0.01s Real=0.03s
[2025-01-09T00:35:57.725+0000][187828.091s][info][gc,marking  ] GC(6622) Concurrent Mark 1020.759ms
[2025-01-09T00:35:57.725+0000][187828.091s][info][gc,marking  ] GC(6622) Concurrent Rebuild Remembered Sets
[2025-01-09T00:35:58.235+0000][187828.601s][info][gc,marking  ] GC(6622) Concurrent Rebuild Remembered Sets 509.710ms
[2025-01-09T00:35:58.235+0000][187828.601s][info][gc,start    ] GC(6622) Pause Cleanup
[2025-01-09T00:35:58.235+0000][187828.601s][info][gc          ] GC(6622) Pause Cleanup 3726M->3726M(12288M) 0.438ms
[2025-01-09T00:35:58.235+0000][187828.601s][info][gc,cpu      ] GC(6622) User=0.00s Sys=0.00s Real=0.00s
[2025-01-09T00:35:58.235+0000][187828.601s][info][gc,marking  ] GC(6622) Concurrent Cleanup for Next Mark
[2025-01-09T00:35:58.251+0000][187828.617s][info][gc,marking  ] GC(6622) Concurrent Cleanup for Next Mark 15.507ms
[2025-01-09T00:35:58.251+0000][187828.617s][info][gc          ] GC(6622) Concurrent Mark Cycle 1571.273ms
[2025-01-09T00:36:03.045+0000][187833.411s][info][gc,start    ] GC(6623) Pause Young (Prepare Mixed) (G1 Evacuation Pause)
[2025-01-09T00:36:03.045+0000][187833.411s][info][gc,task     ] GC(6623) Using 6 workers of 6 for evacuation
[2025-01-09T00:36:03.087+0000][187833.453s][info][gc,phases   ] GC(6623)   Pre Evacuate Collection Set: 0.2ms
[2025-01-09T00:36:03.087+0000][187833.453s][info][gc,phases   ] GC(6623)   Merge Heap Roots: 0.7ms
[2025-01-09T00:36:03.087+0000][187833.453s][info][gc,phases   ] GC(6623)   Evacuate Collection Set: 37.0ms
[2025-01-09T00:36:03.087+0000][187833.453s][info][gc,phases   ] GC(6623)   Post Evacuate Collection Set: 3.9ms
[2025-01-09T00:36:03.087+0000][187833.453s][info][gc,phases   ] GC(6623)   Other: 0.2ms
[2025-01-09T00:36:03.087+0000][187833.453s][info][gc,heap     ] GC(6623) Eden regions: 913->0(65)
[2025-01-09T00:36:03.087+0000][187833.453s][info][gc,heap     ] GC(6623) Survivor regions: 8->11(116)
[2025-01-09T00:36:03.087+0000][187833.453s][info][gc,heap     ] GC(6623) Old regions: 233->233
[2025-01-09T00:36:03.087+0000][187833.453s][info][gc,heap     ] GC(6623) Archive regions: 2->2
[2025-01-09T00:36:03.087+0000][187833.453s][info][gc,heap     ] GC(6623) Humongous regions: 49->49
[2025-01-09T00:36:03.087+0000][187833.453s][info][gc,metaspace] GC(6623) Metaspace: 524674K(534016K)->524674K(534016K) NonClass: 460739K(465280K)->460739K(465280K) Class: 63935K(68736K)->63935K(68736K)
[2025-01-09T00:36:03.087+0000][187833.453s][info][gc          ] GC(6623) Pause Young (Prepare Mixed) (G1 Evacuation Pause) 9630M->2350M(12288M) 42.139ms
[2025-01-09T00:36:03.087+0000][187833.453s][info][gc,cpu      ] GC(6623) User=0.24s Sys=0.00s Real=0.04s
[2025-01-09T00:36:03.429+0000][187833.795s][info][gc,start    ] GC(6624) Pause Young (Mixed) (G1 Evacuation Pause)
[2025-01-09T00:36:03.429+0000][187833.795s][info][gc,task     ] GC(6624) Using 6 workers of 6 for evacuation
[2025-01-09T00:36:03.492+0000][187833.858s][info][gc,phases   ] GC(6624)   Pre Evacuate Collection Set: 0.2ms
[2025-01-09T00:36:03.492+0000][187833.858s][info][gc,phases   ] GC(6624)   Merge Heap Roots: 0.6ms
[2025-01-09T00:36:03.492+0000][187833.858s][info][gc,phases   ] GC(6624)   Evacuate Collection Set: 60.6ms
[2025-01-09T00:36:03.492+0000][187833.858s][info][gc,phases   ] GC(6624)   Post Evacuate Collection Set: 1.7ms
[2025-01-09T00:36:03.492+0000][187833.858s][info][gc,phases   ] GC(6624)   Other: 0.2ms
[2025-01-09T00:36:03.492+0000][187833.858s][info][gc,heap     ] GC(6624) Eden regions: 65->0(917)
[2025-01-09T00:36:03.492+0000][187833.858s][info][gc,heap     ] GC(6624) Survivor regions: 11->4(10)
[2025-01-09T00:36:03.492+0000][187833.858s][info][gc,heap     ] GC(6624) Old regions: 233->235
[2025-01-09T00:36:03.492+0000][187833.858s][info][gc,heap     ] GC(6624) Archive regions: 2->2
[2025-01-09T00:36:03.492+0000][187833.858s][info][gc,heap     ] GC(6624) Humongous regions: 49->49
[2025-01-09T00:36:03.492+0000][187833.858s][info][gc,metaspace] GC(6624) Metaspace: 524674K(534016K)->524674K(534016K) NonClass: 460739K(465280K)->460739K(465280K) Class: 63935K(68736K)->63935K(68736K)
[2025-01-09T00:36:03.492+0000][187833.858s][info][gc          ] GC(6624) Pause Young (Mixed) (G1 Evacuation Pause) 2870M->2306M(12288M) 63.434ms
[2025-01-09T00:36:03.492+0000][187833.858s][info][gc,cpu      ] GC(6624) User=0.37s Sys=0.00s Real=0.07s
[2025-01-09T00:36:11.336+0000][187841.702s][info][gc,start    ] GC(6625) Pause Young (Normal) (G1 Evacuation Pause)
[2025-01-09T00:36:11.336+0000][187841.702s][info][gc,task     ] GC(6625) Using 6 workers of 6 for evacuation
[2025-01-09T00:36:11.358+0000][187841.724s][info][gc,phases   ] GC(6625)   Pre Evacuate Collection Set: 0.2ms
[2025-01-09T00:36:11.358+0000][187841.724s][info][gc,phases   ] GC(6625)   Merge Heap Roots: 0.4ms
[2025-01-09T00:36:11.358+0000][187841.724s][info][gc,phases   ] GC(6625)   Evacuate Collection Set: 19.0ms
[2025-01-09T00:36:11.358+0000][187841.724s][info][gc,phases   ] GC(6625)   Post Evacuate Collection Set: 2.5ms
[2025-01-09T00:36:11.358+0000][187841.724s][info][gc,phases   ] GC(6625)   Other: 0.2ms
[2025-01-09T00:36:11.358+0000][187841.724s][info][gc,heap     ] GC(6625) Eden regions: 917->0(916)
[2025-01-09T00:36:11.358+0000][187841.724s][info][gc,heap     ] GC(6625) Survivor regions: 4->5(116)
[2025-01-09T00:36:11.358+0000][187841.724s][info][gc,heap     ] GC(6625) Old regions: 235->235
[2025-01-09T00:36:11.358+0000][187841.724s][info][gc,heap     ] GC(6625) Archive regions: 2->2
[2025-01-09T00:36:11.358+0000][187841.724s][info][gc,heap     ] GC(6625) Humongous regions: 49->49
[2025-01-09T00:36:11.358+0000][187841.724s][info][gc,metaspace] GC(6625) Metaspace: 524674K(534016K)->524674K(534016K) NonClass: 460739K(465280K)->460739K(465280K) Class: 63935K(68736K)->63935K(68736K)
[2025-01-09T00:36:11.358+0000][187841.724s][info][gc          ] GC(6625) Pause Young (Normal) (G1 Evacuation Pause) 9642M->2312M(12288M) 22.393ms
[2025-01-09T00:36:11.358+0000][187841.724s][info][gc,cpu      ] GC(6625) User=0.13s Sys=0.00s Real=0.02s
[2025-01-09T00:36:19.812+0000][187850.178s][info][gc,start    ] GC(6626) Pause Young (Normal) (G1 Evacuation Pause)
[2025-01-09T00:36:19.812+0000][187850.178s][info][gc,task     ] GC(6626) Using 6 workers of 6 for evacuation
[2025-01-09T00:36:19.837+0000][187850.203s][info][gc,phases   ] GC(6626)   Pre Evacuate Collection Set: 0.2ms
[2025-01-09T00:36:19.837+0000][187850.203s][info][gc,phases   ] GC(6626)   Merge Heap Roots: 0.4ms
[2025-01-09T00:36:19.837+0000][187850.203s][info][gc,phases   ] GC(6626)   Evacuate Collection Set: 21.8ms
[2025-01-09T00:36:19.837+0000][187850.203s][info][gc,phases   ] GC(6626)   Post Evacuate Collection Set: 2.6ms
[2025-01-09T00:36:19.837+0000][187850.203s][info][gc,phases   ] GC(6626)   Other: 0.2ms
[2025-01-09T00:36:19.837+0000][187850.203s][info][gc,heap     ] GC(6626) Eden regions: 916->0(915)
[2025-01-09T00:36:19.837+0000][187850.203s][info][gc,heap     ] GC(6626) Survivor regions: 5->6(116)
[2025-01-09T00:36:19.837+0000][187850.203s][info][gc,heap     ] GC(6626) Old regions: 235->235
[2025-01-09T00:36:19.837+0000][187850.203s][info][gc,heap     ] GC(6626) Archive regions: 2->2
[2025-01-09T00:36:19.837+0000][187850.203s][info][gc,heap     ] GC(6626) Humongous regions: 49->49
[2025-01-09T00:36:19.837+0000][187850.203s][info][gc,metaspace] GC(6626) Metaspace: 524674K(534016K)->524674K(534016K) NonClass: 460739K(465280K)->460739K(465280K) Class: 63935K(68736K)->63935K(68736K)
[2025-01-09T00:36:19.837+0000][187850.203s][info][gc          ] GC(6626) Pause Young (Normal) (G1 Evacuation Pause) 9640M->2323M(12288M) 25.196ms
[2025-01-09T00:36:19.837+0000][187850.203s][info][gc,cpu      ] GC(6626) User=0.14s Sys=0.00s Real=0.02s
[2025-01-09T00:36:29.440+0000][187859.806s][info][gc,start    ] GC(6627) Pause Young (Concurrent Start) (G1 Evacuation Pause)
[2025-01-09T00:36:29.440+0000][187859.806s][info][gc,task     ] GC(6627) Using 6 workers of 6 for evacuation
[2025-01-09T00:36:29.471+0000][187859.837s][info][gc,phases   ] GC(6627)   Pre Evacuate Collection Set: 1.2ms
[2025-01-09T00:36:29.471+0000][187859.837s][info][gc,phases   ] GC(6627)   Merge Heap Roots: 0.4ms
[2025-01-09T00:36:29.471+0000][187859.837s][info][gc,phases   ] GC(6627)   Evacuate Collection Set: 26.9ms
[2025-01-09T00:36:29.471+0000][187859.837s][info][gc,phases   ] GC(6627)   Post Evacuate Collection Set: 2.7ms
[2025-01-09T00:36:29.471+0000][187859.837s][info][gc,phases   ] GC(6627)   Other: 0.3ms
[2025-01-09T00:36:29.471+0000][187859.837s][info][gc,heap     ] GC(6627) Eden regions: 915->0(913)
[2025-01-09T00:36:29.471+0000][187859.837s][info][gc,heap     ] GC(6627) Survivor regions: 6->8(116)
[2025-01-09T00:36:29.471+0000][187859.837s][info][gc,heap     ] GC(6627) Old regions: 235->235
[2025-01-09T00:36:29.471+0000][187859.837s][info][gc,heap     ] GC(6627) Archive regions: 2->2
[2025-01-09T00:36:29.471+0000][187859.837s][info][gc,heap     ] GC(6627) Humongous regions: 49->49
[2025-01-09T00:36:29.471+0000][187859.837s][info][gc,metaspace] GC(6627) Metaspace: 524675K(534016K)->524675K(534016K) NonClass: 460739K(465280K)->460739K(465280K) Class: 63935K(68736K)->63935K(68736K)
[2025-01-09T00:36:29.471+0000][187859.837s][info][gc          ] GC(6627) Pause Young (Concurrent Start) (G1 Evacuation Pause) 9643M->2336M(12288M) 31.596ms
[2025-01-09T00:36:29.471+0000][187859.837s][info][gc,cpu      ] GC(6627) User=0.18s Sys=0.00s Real=0.04s
[2025-01-09T00:36:29.471+0000][187859.837s][info][gc          ] GC(6628) Concurrent Mark Cycle
[2025-01-09T00:36:29.471+0000][187859.837s][info][gc,marking  ] GC(6628) Concurrent Clear Claimed Marks
[2025-01-09T00:36:29.472+0000][187859.838s][info][gc,marking  ] GC(6628) Concurrent Clear Claimed Marks 0.901ms
[2025-01-09T00:36:29.472+0000][187859.838s][info][gc,marking  ] GC(6628) Concurrent Scan Root Regions
[2025-01-09T00:36:29.493+0000][187859.859s][info][gc,marking  ] GC(6628) Concurrent Scan Root Regions 21.036ms
[2025-01-09T00:36:29.493+0000][187859.859s][info][gc,marking  ] GC(6628) Concurrent Mark
[2025-01-09T00:36:29.493+0000][187859.859s][info][gc,marking  ] GC(6628) Concurrent Mark From Roots
[2025-01-09T00:36:29.493+0000][187859.859s][info][gc,task     ] GC(6628) Using 2 workers of 2 for marking
[2025-01-09T00:36:30.365+0000][187860.731s][info][gc,marking  ] GC(6628) Concurrent Mark From Roots 871.486ms
[2025-01-09T00:36:30.365+0000][187860.731s][info][gc,marking  ] GC(6628) Concurrent Preclean
[2025-01-09T00:36:30.368+0000][187860.734s][info][gc,marking  ] GC(6628) Concurrent Preclean 2.828ms
[2025-01-09T00:36:30.368+0000][187860.734s][info][gc,start    ] GC(6628) Pause Remark
[2025-01-09T00:36:30.394+0000][187860.760s][info][gc          ] GC(6628) Pause Remark 3272M->3272M(12288M) 26.435ms
[2025-01-09T00:36:30.394+0000][187860.760s][info][gc,cpu      ] GC(6628) User=0.15s Sys=0.00s Real=0.03s
[2025-01-09T00:36:30.394+0000][187860.761s][info][gc,marking  ] GC(6628) Concurrent Mark 901.091ms
[2025-01-09T00:36:30.394+0000][187860.761s][info][gc,marking  ] GC(6628) Concurrent Rebuild Remembered Sets
[2025-01-09T00:36:30.919+0000][187861.285s][info][gc,marking  ] GC(6628) Concurrent Rebuild Remembered Sets 524.146ms
[2025-01-09T00:36:30.919+0000][187861.285s][info][gc,start    ] GC(6628) Pause Cleanup
[2025-01-09T00:36:30.919+0000][187861.285s][info][gc          ] GC(6628) Pause Cleanup 3318M->3318M(12288M) 0.428ms
[2025-01-09T00:36:30.919+0000][187861.285s][info][gc,cpu      ] GC(6628) User=0.01s Sys=0.00s Real=0.00s
[2025-01-09T00:36:30.919+0000][187861.285s][info][gc,marking  ] GC(6628) Concurrent Cleanup for Next Mark
[2025-01-09T00:36:30.935+0000][187861.301s][info][gc,marking  ] GC(6628) Concurrent Cleanup for Next Mark 15.270ms
[2025-01-09T00:36:30.935+0000][187861.301s][info][gc          ] GC(6628) Concurrent Mark Cycle 1463.203ms
[2025-01-09T00:36:38.915+0000][187869.281s][info][gc,start    ] GC(6629) Pause Young (Prepare Mixed) (G1 Evacuation Pause)
[2025-01-09T00:36:38.915+0000][187869.282s][info][gc,task     ] GC(6629) Using 6 workers of 6 for evacuation
[2025-01-09T00:36:38.957+0000][187869.323s][info][gc,phases   ] GC(6629)   Pre Evacuate Collection Set: 0.2ms
[2025-01-09T00:36:38.957+0000][187869.323s][info][gc,phases   ] GC(6629)   Merge Heap Roots: 0.7ms
[2025-01-09T00:36:38.957+0000][187869.323s][info][gc,phases   ] GC(6629)   Evacuate Collection Set: 37.1ms
[2025-01-09T00:36:38.957+0000][187869.323s][info][gc,phases   ] GC(6629)   Post Evacuate Collection Set: 3.7ms
[2025-01-09T00:36:38.957+0000][187869.323s][info][gc,phases   ] GC(6629)   Other: 0.2ms
[2025-01-09T00:36:38.957+0000][187869.323s][info][gc,heap     ] GC(6629) Eden regions: 913->0(64)
[2025-01-09T00:36:38.957+0000][187869.323s][info][gc,heap     ] GC(6629) Survivor regions: 8->12(116)
[2025-01-09T00:36:38.957+0000][187869.323s][info][gc,heap     ] GC(6629) Old regions: 235->235
[2025-01-09T00:36:38.957+0000][187869.323s][info][gc,heap     ] GC(6629) Archive regions: 2->2
[2025-01-09T00:36:38.957+0000][187869.323s][info][gc,heap     ] GC(6629) Humongous regions: 49->49
[2025-01-09T00:36:38.957+0000][187869.323s][info][gc,metaspace] GC(6629) Metaspace: 524675K(534016K)->524675K(534016K) NonClass: 460739K(465280K)->460739K(465280K) Class: 63935K(68736K)->63935K(68736K)
[2025-01-09T00:36:38.957+0000][187869.323s][info][gc          ] GC(6629) Pause Young (Prepare Mixed) (G1 Evacuation Pause) 9640M->2370M(12288M) 41.966ms
[2025-01-09T00:36:38.957+0000][187869.323s][info][gc,cpu      ] GC(6629) User=0.23s Sys=0.01s Real=0.04s
[2025-01-09T00:36:39.314+0000][187869.680s][info][gc,start    ] GC(6630) Pause Young (Mixed) (G1 Evacuation Pause)
[2025-01-09T00:36:39.314+0000][187869.680s][info][gc,task     ] GC(6630) Using 6 workers of 6 for evacuation
[2025-01-09T00:36:39.385+0000][187869.751s][info][gc,phases   ] GC(6630)   Pre Evacuate Collection Set: 0.2ms
[2025-01-09T00:36:39.385+0000][187869.751s][info][gc,phases   ] GC(6630)   Merge Heap Roots: 0.8ms
[2025-01-09T00:36:39.385+0000][187869.751s][info][gc,phases   ] GC(6630)   Evacuate Collection Set: 67.1ms
[2025-01-09T00:36:39.385+0000][187869.751s][info][gc,phases   ] GC(6630)   Post Evacuate Collection Set: 3.0ms
[2025-01-09T00:36:39.385+0000][187869.751s][info][gc,phases   ] GC(6630)   Other: 0.2ms
[2025-01-09T00:36:39.385+0000][187869.751s][info][gc,heap     ] GC(6630) Eden regions: 64->0(919)
[2025-01-09T00:36:39.385+0000][187869.751s][info][gc,heap     ] GC(6630) Survivor regions: 12->2(10)
[2025-01-09T00:36:39.385+0000][187869.751s][info][gc,heap     ] GC(6630) Old regions: 235->238
[2025-01-09T00:36:39.385+0000][187869.751s][info][gc,heap     ] GC(6630) Archive regions: 2->2
[2025-01-09T00:36:39.385+0000][187869.751s][info][gc,heap     ] GC(6630) Humongous regions: 49->49
[2025-01-09T00:36:39.385+0000][187869.751s][info][gc,metaspace] GC(6630) Metaspace: 524675K(534016K)->524675K(534016K) NonClass: 460739K(465280K)->460739K(465280K) Class: 63935K(68736K)->63935K(68736K)
[2025-01-09T00:36:39.385+0000][187869.751s][info][gc          ] GC(6630) Pause Young (Mixed) (G1 Evacuation Pause) 2882M->2315M(12288M) 71.359ms
[2025-01-09T00:36:39.385+0000][187869.751s][info][gc,cpu      ] GC(6630) User=0.41s Sys=0.01s Real=0.07s
[2025-01-09T00:36:51.142+0000][187881.508s][info][gc,start    ] GC(6631) Pause Young (Normal) (G1 Evacuation Pause)
[2025-01-09T00:36:51.142+0000][187881.508s][info][gc,task     ] GC(6631) Using 6 workers of 6 for evacuation
[2025-01-09T00:36:51.165+0000][187881.531s][info][gc,phases   ] GC(6631)   Pre Evacuate Collection Set: 0.2ms
[2025-01-09T00:36:51.165+0000][187881.531s][info][gc,phases   ] GC(6631)   Merge Heap Roots: 0.4ms
[2025-01-09T00:36:51.165+0000][187881.531s][info][gc,phases   ] GC(6631)   Evacuate Collection Set: 19.1ms
[2025-01-09T00:36:51.165+0000][187881.531s][info][gc,phases   ] GC(6631)   Post Evacuate Collection Set: 2.7ms
[2025-01-09T00:36:51.165+0000][187881.531s][info][gc,phases   ] GC(6631)   Other: 0.2ms
[2025-01-09T00:36:51.165+0000][187881.531s][info][gc,heap     ] GC(6631) Eden regions: 919->0(916)
[2025-01-09T00:36:51.165+0000][187881.531s][info][gc,heap     ] GC(6631) Survivor regions: 2->5(116)
[2025-01-09T00:36:51.165+0000][187881.531s][info][gc,heap     ] GC(6631) Old regions: 238->238
[2025-01-09T00:36:51.165+0000][187881.531s][info][gc,heap     ] GC(6631) Archive regions: 2->2
[2025-01-09T00:36:51.165+0000][187881.531s][info][gc,heap     ] GC(6631) Humongous regions: 49->49
[2025-01-09T00:36:51.165+0000][187881.531s][info][gc,metaspace] GC(6631) Metaspace: 524676K(534016K)->524676K(534016K) NonClass: 460740K(465280K)->460740K(465280K) Class: 63935K(68736K)->63935K(68736K)
[2025-01-09T00:36:51.165+0000][187881.531s][info][gc          ] GC(6631) Pause Young (Normal) (G1 Evacuation Pause) 9667M->2335M(12288M) 22.679ms
[2025-01-09T00:36:51.165+0000][187881.531s][info][gc,cpu      ] GC(6631) User=0.13s Sys=0.00s Real=0.02s
[2025-01-09T00:36:57.000+0000][187887.366s][info][gc,start    ] GC(6632) Pause Young (Normal) (G1 Evacuation Pause)
[2025-01-09T00:36:57.000+0000][187887.366s][info][gc,task     ] GC(6632) Using 6 workers of 6 for evacuation
[2025-01-09T00:36:57.022+0000][187887.388s][info][gc,phases   ] GC(6632)   Pre Evacuate Collection Set: 0.2ms
[2025-01-09T00:36:57.022+0000][187887.388s][info][gc,phases   ] GC(6632)   Merge Heap Roots: 0.4ms
[2025-01-09T00:36:57.022+0000][187887.388s][info][gc,phases   ] GC(6632)   Evacuate Collection Set: 17.2ms
[2025-01-09T00:36:57.022+0000][187887.388s][info][gc,phases   ] GC(6632)   Post Evacuate Collection Set: 3.8ms
[2025-01-09T00:36:57.022+0000][187887.388s][info][gc,phases   ] GC(6632)   Other: 0.2ms
[2025-01-09T00:36:57.022+0000][187887.388s][info][gc,heap     ] GC(6632) Eden regions: 916->0(915)
[2025-01-09T00:36:57.022+0000][187887.388s][info][gc,heap     ] GC(6632) Survivor regions: 5->6(116)
[2025-01-09T00:36:57.022+0000][187887.388s][info][gc,heap     ] GC(6632) Old regions: 238->238
[2025-01-09T00:36:57.022+0000][187887.388s][info][gc,heap     ] GC(6632) Archive regions: 2->2
[2025-01-09T00:36:57.022+0000][187887.388s][info][gc,heap     ] GC(6632) Humongous regions: 49->49
[2025-01-09T00:36:57.022+0000][187887.388s][info][gc,metaspace] GC(6632) Metaspace: 524676K(534016K)->524676K(534016K) NonClass: 460740K(465280K)->460740K(465280K) Class: 63935K(68736K)->63935K(68736K)
[2025-01-09T00:36:57.022+0000][187887.388s][info][gc          ] GC(6632) Pause Young (Normal) (G1 Evacuation Pause) 9663M->2343M(12288M) 21.863ms
[2025-01-09T00:36:57.022+0000][187887.388s][info][gc,cpu      ] GC(6632) User=0.12s Sys=0.01s Real=0.03s
[2025-01-09T00:37:03.629+0000][187893.996s][info][gc,start    ] GC(6633) Pause Young (Concurrent Start) (G1 Evacuation Pause)
[2025-01-09T00:37:03.630+0000][187893.996s][info][gc,task     ] GC(6633) Using 6 workers of 6 for evacuation
[2025-01-09T00:37:03.656+0000][187894.022s][info][gc,phases   ] GC(6633)   Pre Evacuate Collection Set: 1.2ms
[2025-01-09T00:37:03.656+0000][187894.022s][info][gc,phases   ] GC(6633)   Merge Heap Roots: 0.4ms
[2025-01-09T00:37:03.656+0000][187894.022s][info][gc,phases   ] GC(6633)   Evacuate Collection Set: 21.9ms
[2025-01-09T00:37:03.656+0000][187894.022s][info][gc,phases   ] GC(6633)   Post Evacuate Collection Set: 2.5ms
[2025-01-09T00:37:03.656+0000][187894.022s][info][gc,phases   ] GC(6633)   Other: 0.3ms
[2025-01-09T00:37:03.656+0000][187894.022s][info][gc,heap     ] GC(6633) Eden regions: 915->0(915)
[2025-01-09T00:37:03.656+0000][187894.022s][info][gc,heap     ] GC(6633) Survivor regions: 6->6(116)
[2025-01-09T00:37:03.656+0000][187894.022s][info][gc,heap     ] GC(6633) Old regions: 238->238
[2025-01-09T00:37:03.656+0000][187894.022s][info][gc,heap     ] GC(6633) Archive regions: 2->2
[2025-01-09T00:37:03.656+0000][187894.022s][info][gc,heap     ] GC(6633) Humongous regions: 49->49
[2025-01-09T00:37:03.656+0000][187894.022s][info][gc,metaspace] GC(6633) Metaspace: 524676K(534016K)->524676K(534016K) NonClass: 460740K(465280K)->460740K(465280K) Class: 63935K(68736K)->63935K(68736K)
[2025-01-09T00:37:03.656+0000][187894.022s][info][gc          ] GC(6633) Pause Young (Concurrent Start) (G1 Evacuation Pause) 9663M->2347M(12288M) 26.357ms
[2025-01-09T00:37:03.656+0000][187894.022s][info][gc,cpu      ] GC(6633) User=0.15s Sys=0.00s Real=0.02s
[2025-01-09T00:37:03.656+0000][187894.022s][info][gc          ] GC(6634) Concurrent Mark Cycle
[2025-01-09T00:37:03.656+0000][187894.022s][info][gc,marking  ] GC(6634) Concurrent Clear Claimed Marks
[2025-01-09T00:37:03.657+0000][187894.023s][info][gc,marking  ] GC(6634) Concurrent Clear Claimed Marks 0.910ms
[2025-01-09T00:37:03.657+0000][187894.023s][info][gc,marking  ] GC(6634) Concurrent Scan Root Regions
[2025-01-09T00:37:03.674+0000][187894.040s][info][gc,marking  ] GC(6634) Concurrent Scan Root Regions 16.799ms
[2025-01-09T00:37:03.674+0000][187894.040s][info][gc,marking  ] GC(6634) Concurrent Mark
[2025-01-09T00:37:03.674+0000][187894.040s][info][gc,marking  ] GC(6634) Concurrent Mark From Roots
[2025-01-09T00:37:03.674+0000][187894.040s][info][gc,task     ] GC(6634) Using 2 workers of 2 for marking
[2025-01-09T00:37:04.497+0000][187894.863s][info][gc,marking  ] GC(6634) Concurrent Mark From Roots 823.400ms
[2025-01-09T00:37:04.497+0000][187894.863s][info][gc,marking  ] GC(6634) Concurrent Preclean
[2025-01-09T00:37:04.500+0000][187894.866s][info][gc,marking  ] GC(6634) Concurrent Preclean 2.902ms
[2025-01-09T00:37:04.500+0000][187894.866s][info][gc,start    ] GC(6634) Pause Remark
[2025-01-09T00:37:04.527+0000][187894.893s][info][gc          ] GC(6634) Pause Remark 3079M->3079M(12288M) 26.636ms
[2025-01-09T00:37:04.527+0000][187894.893s][info][gc,cpu      ] GC(6634) User=0.15s Sys=0.00s Real=0.03s
[2025-01-09T00:37:04.527+0000][187894.893s][info][gc,marking  ] GC(6634) Concurrent Mark 853.297ms
[2025-01-09T00:37:04.527+0000][187894.893s][info][gc,marking  ] GC(6634) Concurrent Rebuild Remembered Sets
[2025-01-09T00:37:05.181+0000][187895.547s][info][gc,marking  ] GC(6634) Concurrent Rebuild Remembered Sets 654.342ms
[2025-01-09T00:37:05.182+0000][187895.548s][info][gc,start    ] GC(6634) Pause Cleanup
[2025-01-09T00:37:05.182+0000][187895.548s][info][gc          ] GC(6634) Pause Cleanup 3799M->3799M(12288M) 0.441ms
[2025-01-09T00:37:05.182+0000][187895.548s][info][gc,cpu      ] GC(6634) User=0.00s Sys=0.00s Real=0.00s
[2025-01-09T00:37:05.182+0000][187895.548s][info][gc,marking  ] GC(6634) Concurrent Cleanup for Next Mark
[2025-01-09T00:37:05.198+0000][187895.564s][info][gc,marking  ] GC(6634) Concurrent Cleanup for Next Mark 16.246ms
[2025-01-09T00:37:05.198+0000][187895.564s][info][gc          ] GC(6634) Concurrent Mark Cycle 1542.461ms
[2025-01-09T00:37:11.839+0000][187902.205s][info][gc,start    ] GC(6635) Pause Young (Prepare Mixed) (G1 Evacuation Pause)
[2025-01-09T00:37:11.839+0000][187902.205s][info][gc,task     ] GC(6635) Using 6 workers of 6 for evacuation
[2025-01-09T00:37:11.870+0000][187902.237s][info][gc,phases   ] GC(6635)   Pre Evacuate Collection Set: 0.2ms
[2025-01-09T00:37:11.871+0000][187902.237s][info][gc,phases   ] GC(6635)   Merge Heap Roots: 0.6ms
[2025-01-09T00:37:11.871+0000][187902.237s][info][gc,phases   ] GC(6635)   Evacuate Collection Set: 27.5ms
[2025-01-09T00:37:11.871+0000][187902.237s][info][gc,phases   ] GC(6635)   Post Evacuate Collection Set: 2.6ms
[2025-01-09T00:37:11.871+0000][187902.237s][info][gc,phases   ] GC(6635)   Other: 0.2ms
[2025-01-09T00:37:11.871+0000][187902.237s][info][gc,heap     ] GC(6635) Eden regions: 915->0(68)
[2025-01-09T00:37:11.871+0000][187902.237s][info][gc,heap     ] GC(6635) Survivor regions: 6->8(116)
[2025-01-09T00:37:11.871+0000][187902.237s][info][gc,heap     ] GC(6635) Old regions: 238->238
[2025-01-09T00:37:11.871+0000][187902.237s][info][gc,heap     ] GC(6635) Archive regions: 2->2
[2025-01-09T00:37:11.871+0000][187902.237s][info][gc,heap     ] GC(6635) Humongous regions: 49->49
[2025-01-09T00:37:11.871+0000][187902.237s][info][gc,metaspace] GC(6635) Metaspace: 524676K(534016K)->524676K(534016K) NonClass: 460740K(465280K)->460740K(465280K) Class: 63935K(68736K)->63935K(68736K)
[2025-01-09T00:37:11.871+0000][187902.237s][info][gc          ] GC(6635) Pause Young (Prepare Mixed) (G1 Evacuation Pause) 9667M->2358M(12288M) 31.242ms
[2025-01-09T00:37:11.871+0000][187902.237s][info][gc,cpu      ] GC(6635) User=0.18s Sys=0.00s Real=0.04s
[2025-01-09T00:37:12.174+0000][187902.540s][info][gc,start    ] GC(6636) Pause Young (Mixed) (G1 Evacuation Pause)
[2025-01-09T00:37:12.174+0000][187902.540s][info][gc,task     ] GC(6636) Using 6 workers of 6 for evacuation
[2025-01-09T00:37:12.237+0000][187902.603s][info][gc,phases   ] GC(6636)   Pre Evacuate Collection Set: 0.2ms
[2025-01-09T00:37:12.237+0000][187902.603s][info][gc,phases   ] GC(6636)   Merge Heap Roots: 0.8ms
[2025-01-09T00:37:12.237+0000][187902.603s][info][gc,phases   ] GC(6636)   Evacuate Collection Set: 59.5ms
[2025-01-09T00:37:12.237+0000][187902.603s][info][gc,phases   ] GC(6636)   Post Evacuate Collection Set: 2.0ms
[2025-01-09T00:37:12.237+0000][187902.603s][info][gc,phases   ] GC(6636)   Other: 0.2ms
[2025-01-09T00:37:12.237+0000][187902.603s][info][gc,heap     ] GC(6636) Eden regions: 68->0(915)
[2025-01-09T00:37:12.237+0000][187902.603s][info][gc,heap     ] GC(6636) Survivor regions: 8->6(10)
[2025-01-09T00:37:12.237+0000][187902.603s][info][gc,heap     ] GC(6636) Old regions: 238->234
[2025-01-09T00:37:12.237+0000][187902.603s][info][gc,heap     ] GC(6636) Archive regions: 2->2
[2025-01-09T00:37:12.237+0000][187902.603s][info][gc,heap     ] GC(6636) Humongous regions: 49->49
[2025-01-09T00:37:12.237+0000][187902.603s][info][gc,metaspace] GC(6636) Metaspace: 524676K(534016K)->524676K(534016K) NonClass: 460740K(465280K)->460740K(465280K) Class: 63935K(68736K)->63935K(68736K)
[2025-01-09T00:37:12.237+0000][187902.603s][info][gc          ] GC(6636) Pause Young (Mixed) (G1 Evacuation Pause) 2902M->2312M(12288M) 62.752ms
[2025-01-09T00:37:12.237+0000][187902.603s][info][gc,cpu      ] GC(6636) User=0.36s Sys=0.00s Real=0.06s
[2025-01-09T00:37:23.044+0000][187913.410s][info][gc,start    ] GC(6637) Pause Young (Normal) (G1 Evacuation Pause)
[2025-01-09T00:37:23.044+0000][187913.410s][info][gc,task     ] GC(6637) Using 6 workers of 6 for evacuation
[2025-01-09T00:37:23.078+0000][187913.444s][info][gc,phases   ] GC(6637)   Pre Evacuate Collection Set: 0.2ms
[2025-01-09T00:37:23.078+0000][187913.444s][info][gc,phases   ] GC(6637)   Merge Heap Roots: 0.5ms
[2025-01-09T00:37:23.078+0000][187913.444s][info][gc,phases   ] GC(6637)   Evacuate Collection Set: 30.5ms
[2025-01-09T00:37:23.078+0000][187913.444s][info][gc,phases   ] GC(6637)   Post Evacuate Collection Set: 2.8ms
[2025-01-09T00:37:23.078+0000][187913.444s][info][gc,phases   ] GC(6637)   Other: 0.3ms
[2025-01-09T00:37:23.078+0000][187913.444s][info][gc,heap     ] GC(6637) Eden regions: 915->0(912)
[2025-01-09T00:37:23.078+0000][187913.444s][info][gc,heap     ] GC(6637) Survivor regions: 6->9(116)
[2025-01-09T00:37:23.078+0000][187913.444s][info][gc,heap     ] GC(6637) Old regions: 234->234
[2025-01-09T00:37:23.078+0000][187913.444s][info][gc,heap     ] GC(6637) Archive regions: 2->2
[2025-01-09T00:37:23.078+0000][187913.444s][info][gc,heap     ] GC(6637) Humongous regions: 49->49
[2025-01-09T00:37:23.078+0000][187913.444s][info][gc,metaspace] GC(6637) Metaspace: 524676K(534016K)->524676K(534016K) NonClass: 460740K(465280K)->460740K(465280K) Class: 63935K(68736K)->63935K(68736K)
[2025-01-09T00:37:23.078+0000][187913.444s][info][gc          ] GC(6637) Pause Young (Normal) (G1 Evacuation Pause) 9632M->2333M(12288M) 34.225ms
[2025-01-09T00:37:23.078+0000][187913.444s][info][gc,cpu      ] GC(6637) User=0.20s Sys=0.00s Real=0.03s
[2025-01-09T00:37:29.388+0000][187919.754s][info][gc,start    ] GC(6638) Pause Young (Normal) (G1 Evacuation Pause)
[2025-01-09T00:37:29.388+0000][187919.754s][info][gc,task     ] GC(6638) Using 6 workers of 6 for evacuation
[2025-01-09T00:37:29.419+0000][187919.785s][info][gc,phases   ] GC(6638)   Pre Evacuate Collection Set: 0.2ms
[2025-01-09T00:37:29.419+0000][187919.785s][info][gc,phases   ] GC(6638)   Merge Heap Roots: 0.4ms
[2025-01-09T00:37:29.419+0000][187919.785s][info][gc,phases   ] GC(6638)   Evacuate Collection Set: 26.9ms
[2025-01-09T00:37:29.419+0000][187919.785s][info][gc,phases   ] GC(6638)   Post Evacuate Collection Set: 2.6ms
[2025-01-09T00:37:29.419+0000][187919.785s][info][gc,phases   ] GC(6638)   Other: 0.2ms
[2025-01-09T00:37:29.419+0000][187919.785s][info][gc,heap     ] GC(6638) Eden regions: 912->0(913)
[2025-01-09T00:37:29.419+0000][187919.785s][info][gc,heap     ] GC(6638) Survivor regions: 9->8(116)
[2025-01-09T00:37:29.419+0000][187919.785s][info][gc,heap     ] GC(6638) Old regions: 234->234
[2025-01-09T00:37:29.419+0000][187919.785s][info][gc,heap     ] GC(6638) Archive regions: 2->2
[2025-01-09T00:37:29.419+0000][187919.785s][info][gc,heap     ] GC(6638) Humongous regions: 49->49
[2025-01-09T00:37:29.419+0000][187919.785s][info][gc,metaspace] GC(6638) Metaspace: 524677K(534016K)->524677K(534016K) NonClass: 460741K(465280K)->460741K(465280K) Class: 63935K(68736K)->63935K(68736K)
[2025-01-09T00:37:29.419+0000][187919.785s][info][gc          ] GC(6638) Pause Young (Normal) (G1 Evacuation Pause) 9629M->2331M(12288M) 30.387ms
[2025-01-09T00:37:29.419+0000][187919.785s][info][gc,cpu      ] GC(6638) User=0.18s Sys=0.00s Real=0.03s
[2025-01-09T00:37:36.021+0000][187926.387s][info][gc,start    ] GC(6639) Pause Young (Concurrent Start) (G1 Evacuation Pause)
[2025-01-09T00:37:36.021+0000][187926.387s][info][gc,task     ] GC(6639) Using 6 workers of 6 for evacuation
[2025-01-09T00:37:36.063+0000][187926.429s][info][gc,phases   ] GC(6639)   Pre Evacuate Collection Set: 1.2ms
[2025-01-09T00:37:36.063+0000][187926.429s][info][gc,phases   ] GC(6639)   Merge Heap Roots: 0.5ms
[2025-01-09T00:37:36.063+0000][187926.429s][info][gc,phases   ] GC(6639)   Evacuate Collection Set: 34.6ms
[2025-01-09T00:37:36.063+0000][187926.429s][info][gc,phases   ] GC(6639)   Post Evacuate Collection Set: 5.9ms
[2025-01-09T00:37:36.063+0000][187926.430s][info][gc,phases   ] GC(6639)   Other: 0.3ms
[2025-01-09T00:37:36.063+0000][187926.430s][info][gc,heap     ] GC(6639) Eden regions: 913->0(911)
[2025-01-09T00:37:36.063+0000][187926.430s][info][gc,heap     ] GC(6639) Survivor regions: 8->10(116)
[2025-01-09T00:37:36.063+0000][187926.430s][info][gc,heap     ] GC(6639) Old regions: 234->234
[2025-01-09T00:37:36.063+0000][187926.430s][info][gc,heap     ] GC(6639) Archive regions: 2->2
[2025-01-09T00:37:36.063+0000][187926.430s][info][gc,heap     ] GC(6639) Humongous regions: 49->49
[2025-01-09T00:37:36.063+0000][187926.430s][info][gc,metaspace] GC(6639) Metaspace: 524677K(534016K)->524677K(534016K) NonClass: 460741K(465280K)->460741K(465280K) Class: 63935K(68736K)->63935K(68736K)
[2025-01-09T00:37:36.063+0000][187926.430s][info][gc          ] GC(6639) Pause Young (Concurrent Start) (G1 Evacuation Pause) 9635M->2347M(12288M) 42.602ms
[2025-01-09T00:37:36.064+0000][187926.430s][info][gc,cpu      ] GC(6639) User=0.24s Sys=0.00s Real=0.05s
[2025-01-09T00:37:36.064+0000][187926.430s][info][gc          ] GC(6640) Concurrent Mark Cycle
[2025-01-09T00:37:36.064+0000][187926.430s][info][gc,marking  ] GC(6640) Concurrent Clear Claimed Marks
[2025-01-09T00:37:36.065+0000][187926.431s][info][gc,marking  ] GC(6640) Concurrent Clear Claimed Marks 0.970ms
[2025-01-09T00:37:36.065+0000][187926.431s][info][gc,marking  ] GC(6640) Concurrent Scan Root Regions
[2025-01-09T00:37:36.096+0000][187926.462s][info][gc,marking  ] GC(6640) Concurrent Scan Root Regions 31.238ms
[2025-01-09T00:37:36.096+0000][187926.462s][info][gc,marking  ] GC(6640) Concurrent Mark
[2025-01-09T00:37:36.096+0000][187926.462s][info][gc,marking  ] GC(6640) Concurrent Mark From Roots
[2025-01-09T00:37:36.096+0000][187926.462s][info][gc,task     ] GC(6640) Using 2 workers of 2 for marking
[2025-01-09T00:37:36.952+0000][187927.318s][info][gc,marking  ] GC(6640) Concurrent Mark From Roots 856.389ms
[2025-01-09T00:37:36.952+0000][187927.318s][info][gc,marking  ] GC(6640) Concurrent Preclean
[2025-01-09T00:37:36.955+0000][187927.321s][info][gc,marking  ] GC(6640) Concurrent Preclean 2.777ms
[2025-01-09T00:37:36.955+0000][187927.321s][info][gc,start    ] GC(6640) Pause Remark
[2025-01-09T00:37:36.981+0000][187927.347s][info][gc          ] GC(6640) Pause Remark 3559M->3559M(12288M) 26.187ms
[2025-01-09T00:37:36.981+0000][187927.348s][info][gc,cpu      ] GC(6640) User=0.15s Sys=0.00s Real=0.03s
[2025-01-09T00:37:36.982+0000][187927.348s][info][gc,marking  ] GC(6640) Concurrent Mark 885.754ms
[2025-01-09T00:37:36.982+0000][187927.348s][info][gc,marking  ] GC(6640) Concurrent Rebuild Remembered Sets
[2025-01-09T00:37:37.596+0000][187927.962s][info][gc,marking  ] GC(6640) Concurrent Rebuild Remembered Sets 614.329ms
[2025-01-09T00:37:37.596+0000][187927.962s][info][gc,start    ] GC(6640) Pause Cleanup
[2025-01-09T00:37:37.597+0000][187927.963s][info][gc          ] GC(6640) Pause Cleanup 4411M->4411M(12288M) 0.433ms
[2025-01-09T00:37:37.597+0000][187927.963s][info][gc,cpu      ] GC(6640) User=0.00s Sys=0.00s Real=0.00s
[2025-01-09T00:37:37.597+0000][187927.963s][info][gc,marking  ] GC(6640) Concurrent Cleanup for Next Mark
[2025-01-09T00:37:37.613+0000][187927.980s][info][gc,marking  ] GC(6640) Concurrent Cleanup for Next Mark 16.849ms
[2025-01-09T00:37:37.614+0000][187927.980s][info][gc          ] GC(6640) Concurrent Mark Cycle 1549.998ms
[2025-01-09T00:37:41.402+0000][187931.768s][info][gc,start    ] GC(6641) Pause Young (Prepare Mixed) (G1 Evacuation Pause)
[2025-01-09T00:37:41.402+0000][187931.768s][info][gc,task     ] GC(6641) Using 6 workers of 6 for evacuation
[2025-01-09T00:37:41.437+0000][187931.803s][info][gc,phases   ] GC(6641)   Pre Evacuate Collection Set: 0.2ms
[2025-01-09T00:37:41.437+0000][187931.803s][info][gc,phases   ] GC(6641)   Merge Heap Roots: 0.7ms
[2025-01-09T00:37:41.437+0000][187931.803s][info][gc,phases   ] GC(6641)   Evacuate Collection Set: 31.9ms
[2025-01-09T00:37:41.437+0000][187931.803s][info][gc,phases   ] GC(6641)   Post Evacuate Collection Set: 2.5ms
[2025-01-09T00:37:41.437+0000][187931.803s][info][gc,phases   ] GC(6641)   Other: 0.2ms
[2025-01-09T00:37:41.437+0000][187931.803s][info][gc,heap     ] GC(6641) Eden regions: 911->0(67)
[2025-01-09T00:37:41.437+0000][187931.803s][info][gc,heap     ] GC(6641) Survivor regions: 10->9(116)
[2025-01-09T00:37:41.437+0000][187931.803s][info][gc,heap     ] GC(6641) Old regions: 234->234
[2025-01-09T00:37:41.437+0000][187931.803s][info][gc,heap     ] GC(6641) Archive regions: 2->2
[2025-01-09T00:37:41.437+0000][187931.803s][info][gc,heap     ] GC(6641) Humongous regions: 49->49
[2025-01-09T00:37:41.437+0000][187931.803s][info][gc,metaspace] GC(6641) Metaspace: 524677K(534016K)->524677K(534016K) NonClass: 460741K(465280K)->460741K(465280K) Class: 63935K(68736K)->63935K(68736K)
[2025-01-09T00:37:41.437+0000][187931.803s][info][gc          ] GC(6641) Pause Young (Prepare Mixed) (G1 Evacuation Pause) 9635M->2339M(12288M) 35.593ms
[2025-01-09T00:37:41.437+0000][187931.803s][info][gc,cpu      ] GC(6641) User=0.21s Sys=0.00s Real=0.03s
[2025-01-09T00:37:41.894+0000][187932.260s][info][gc,start    ] GC(6642) Pause Young (Mixed) (G1 Evacuation Pause)
[2025-01-09T00:37:41.894+0000][187932.260s][info][gc,task     ] GC(6642) Using 6 workers of 6 for evacuation
[2025-01-09T00:37:41.967+0000][187932.333s][info][gc,phases   ] GC(6642)   Pre Evacuate Collection Set: 0.2ms
[2025-01-09T00:37:41.967+0000][187932.333s][info][gc,phases   ] GC(6642)   Merge Heap Roots: 0.7ms
[2025-01-09T00:37:41.967+0000][187932.333s][info][gc,phases   ] GC(6642)   Evacuate Collection Set: 69.8ms
[2025-01-09T00:37:41.967+0000][187932.333s][info][gc,phases   ] GC(6642)   Post Evacuate Collection Set: 2.1ms
[2025-01-09T00:37:41.967+0000][187932.333s][info][gc,phases   ] GC(6642)   Other: 0.2ms
[2025-01-09T00:37:41.967+0000][187932.333s][info][gc,heap     ] GC(6642) Eden regions: 67->0(914)
[2025-01-09T00:37:41.967+0000][187932.333s][info][gc,heap     ] GC(6642) Survivor regions: 9->7(10)
[2025-01-09T00:37:41.967+0000][187932.333s][info][gc,heap     ] GC(6642) Old regions: 234->233
[2025-01-09T00:37:41.967+0000][187932.333s][info][gc,heap     ] GC(6642) Archive regions: 2->2
[2025-01-09T00:37:41.967+0000][187932.333s][info][gc,heap     ] GC(6642) Humongous regions: 49->49
[2025-01-09T00:37:41.967+0000][187932.333s][info][gc,metaspace] GC(6642) Metaspace: 524677K(534016K)->524677K(534016K) NonClass: 460741K(465280K)->460741K(465280K) Class: 63935K(68736K)->63935K(68736K)
[2025-01-09T00:37:41.967+0000][187932.333s][info][gc          ] GC(6642) Pause Young (Mixed) (G1 Evacuation Pause) 2875M->2317M(12288M) 73.091ms
[2025-01-09T00:37:41.967+0000][187932.333s][info][gc,cpu      ] GC(6642) User=0.43s Sys=0.00s Real=0.07s
[2025-01-09T00:37:50.461+0000][187940.827s][info][gc,start    ] GC(6643) Pause Young (Normal) (G1 Evacuation Pause)
[2025-01-09T00:37:50.461+0000][187940.827s][info][gc,task     ] GC(6643) Using 6 workers of 6 for evacuation
[2025-01-09T00:37:50.492+0000][187940.858s][info][gc,phases   ] GC(6643)   Pre Evacuate Collection Set: 0.2ms
[2025-01-09T00:37:50.492+0000][187940.858s][info][gc,phases   ] GC(6643)   Merge Heap Roots: 0.5ms
[2025-01-09T00:37:50.492+0000][187940.858s][info][gc,phases   ] GC(6643)   Evacuate Collection Set: 26.2ms
[2025-01-09T00:37:50.492+0000][187940.858s][info][gc,phases   ] GC(6643)   Post Evacuate Collection Set: 4.1ms
[2025-01-09T00:37:50.492+0000][187940.858s][info][gc,phases   ] GC(6643)   Other: 0.2ms
[2025-01-09T00:37:50.492+0000][187940.858s][info][gc,heap     ] GC(6643) Eden regions: 914->0(913)
[2025-01-09T00:37:50.492+0000][187940.858s][info][gc,heap     ] GC(6643) Survivor regions: 7->8(116)
[2025-01-09T00:37:50.492+0000][187940.858s][info][gc,heap     ] GC(6643) Old regions: 233->233
[2025-01-09T00:37:50.492+0000][187940.858s][info][gc,heap     ] GC(6643) Archive regions: 2->2
[2025-01-09T00:37:50.492+0000][187940.858s][info][gc,heap     ] GC(6643) Humongous regions: 49->49
[2025-01-09T00:37:50.492+0000][187940.858s][info][gc,metaspace] GC(6643) Metaspace: 524677K(534016K)->524677K(534016K) NonClass: 460741K(465280K)->460741K(465280K) Class: 63935K(68736K)->63935K(68736K)
[2025-01-09T00:37:50.492+0000][187940.858s][info][gc          ] GC(6643) Pause Young (Normal) (G1 Evacuation Pause) 9629M->2320M(12288M) 31.255ms
[2025-01-09T00:37:50.492+0000][187940.858s][info][gc,cpu      ] GC(6643) User=0.18s Sys=0.00s Real=0.04s
[2025-01-09T00:38:00.136+0000][187950.502s][info][gc,start    ] GC(6644) Pause Young (Normal) (G1 Evacuation Pause)
[2025-01-09T00:38:00.136+0000][187950.502s][info][gc,task     ] GC(6644) Using 6 workers of 6 for evacuation
[2025-01-09T00:38:00.169+0000][187950.535s][info][gc,phases   ] GC(6644)   Pre Evacuate Collection Set: 0.2ms
[2025-01-09T00:38:00.169+0000][187950.535s][info][gc,phases   ] GC(6644)   Merge Heap Roots: 0.4ms
[2025-01-09T00:38:00.169+0000][187950.535s][info][gc,phases   ] GC(6644)   Evacuate Collection Set: 29.5ms
[2025-01-09T00:38:00.169+0000][187950.535s][info][gc,phases   ] GC(6644)   Post Evacuate Collection Set: 2.7ms
[2025-01-09T00:38:00.169+0000][187950.535s][info][gc,phases   ] GC(6644)   Other: 0.2ms
[2025-01-09T00:38:00.169+0000][187950.535s][info][gc,heap     ] GC(6644) Eden regions: 913->0(913)
[2025-01-09T00:38:00.169+0000][187950.535s][info][gc,heap     ] GC(6644) Survivor regions: 8->8(116)
[2025-01-09T00:38:00.169+0000][187950.535s][info][gc,heap     ] GC(6644) Old regions: 233->233
[2025-01-09T00:38:00.169+0000][187950.535s][info][gc,heap     ] GC(6644) Archive regions: 2->2
[2025-01-09T00:38:00.169+0000][187950.535s][info][gc,heap     ] GC(6644) Humongous regions: 49->49
[2025-01-09T00:38:00.169+0000][187950.535s][info][gc,metaspace] GC(6644) Metaspace: 524677K(534016K)->524677K(534016K) NonClass: 460741K(465280K)->460741K(465280K) Class: 63935K(68736K)->63935K(68736K)
[2025-01-09T00:38:00.169+0000][187950.535s][info][gc          ] GC(6644) Pause Young (Normal) (G1 Evacuation Pause) 9624M->2325M(12288M) 33.113ms
[2025-01-09T00:38:00.169+0000][187950.535s][info][gc,cpu      ] GC(6644) User=0.19s Sys=0.00s Real=0.03s
[2025-01-09T00:38:09.794+0000][187960.160s][info][gc,start    ] GC(6645) Pause Young (Concurrent Start) (G1 Evacuation Pause)
[2025-01-09T00:38:09.794+0000][187960.161s][info][gc,task     ] GC(6645) Using 6 workers of 6 for evacuation
[2025-01-09T00:38:09.832+0000][187960.198s][info][gc,phases   ] GC(6645)   Pre Evacuate Collection Set: 1.2ms
[2025-01-09T00:38:09.832+0000][187960.198s][info][gc,phases   ] GC(6645)   Merge Heap Roots: 0.5ms
[2025-01-09T00:38:09.832+0000][187960.198s][info][gc,phases   ] GC(6645)   Evacuate Collection Set: 32.7ms
[2025-01-09T00:38:09.832+0000][187960.198s][info][gc,phases   ] GC(6645)   Post Evacuate Collection Set: 2.7ms
[2025-01-09T00:38:09.832+0000][187960.198s][info][gc,phases   ] GC(6645)   Other: 0.3ms
[2025-01-09T00:38:09.832+0000][187960.198s][info][gc,heap     ] GC(6645) Eden regions: 913->0(912)
[2025-01-09T00:38:09.832+0000][187960.198s][info][gc,heap     ] GC(6645) Survivor regions: 8->9(116)
[2025-01-09T00:38:09.832+0000][187960.198s][info][gc,heap     ] GC(6645) Old regions: 233->233
[2025-01-09T00:38:09.832+0000][187960.198s][info][gc,heap     ] GC(6645) Archive regions: 2->2
[2025-01-09T00:38:09.832+0000][187960.198s][info][gc,heap     ] GC(6645) Humongous regions: 49->49
[2025-01-09T00:38:09.832+0000][187960.198s][info][gc,metaspace] GC(6645) Metaspace: 524677K(534016K)->524677K(534016K) NonClass: 460741K(465280K)->460741K(465280K) Class: 63935K(68736K)->63935K(68736K)
[2025-01-09T00:38:09.832+0000][187960.198s][info][gc          ] GC(6645) Pause Young (Concurrent Start) (G1 Evacuation Pause) 9629M->2334M(12288M) 37.412ms
[2025-01-09T00:38:09.832+0000][187960.198s][info][gc,cpu      ] GC(6645) User=0.21s Sys=0.00s Real=0.04s
[2025-01-09T00:38:09.832+0000][187960.198s][info][gc          ] GC(6646) Concurrent Mark Cycle
[2025-01-09T00:38:09.832+0000][187960.198s][info][gc,marking  ] GC(6646) Concurrent Clear Claimed Marks
[2025-01-09T00:38:09.833+0000][187960.199s][info][gc,marking  ] GC(6646) Concurrent Clear Claimed Marks 0.903ms
[2025-01-09T00:38:09.833+0000][187960.199s][info][gc,marking  ] GC(6646) Concurrent Scan Root Regions
[2025-01-09T00:38:09.857+0000][187960.223s][info][gc,marking  ] GC(6646) Concurrent Scan Root Regions 24.435ms
[2025-01-09T00:38:09.857+0000][187960.223s][info][gc,marking  ] GC(6646) Concurrent Mark
[2025-01-09T00:38:09.857+0000][187960.223s][info][gc,marking  ] GC(6646) Concurrent Mark From Roots
[2025-01-09T00:38:09.857+0000][187960.223s][info][gc,task     ] GC(6646) Using 2 workers of 2 for marking
[2025-01-09T00:38:10.698+0000][187961.064s][info][gc,marking  ] GC(6646) Concurrent Mark From Roots 840.690ms
[2025-01-09T00:38:10.698+0000][187961.064s][info][gc,marking  ] GC(6646) Concurrent Preclean
[2025-01-09T00:38:10.701+0000][187961.067s][info][gc,marking  ] GC(6646) Concurrent Preclean 2.908ms
[2025-01-09T00:38:10.701+0000][187961.067s][info][gc,start    ] GC(6646) Pause Remark
[2025-01-09T00:38:10.727+0000][187961.093s][info][gc          ] GC(6646) Pause Remark 3134M->3134M(12288M) 26.024ms
[2025-01-09T00:38:10.727+0000][187961.093s][info][gc,cpu      ] GC(6646) User=0.15s Sys=0.00s Real=0.03s
[2025-01-09T00:38:10.727+0000][187961.093s][info][gc,marking  ] GC(6646) Concurrent Mark 869.987ms
[2025-01-09T00:38:10.727+0000][187961.093s][info][gc,marking  ] GC(6646) Concurrent Rebuild Remembered Sets
[2025-01-09T00:38:11.308+0000][187961.674s][info][gc,marking  ] GC(6646) Concurrent Rebuild Remembered Sets 580.416ms
[2025-01-09T00:38:11.308+0000][187961.674s][info][gc,start    ] GC(6646) Pause Cleanup
[2025-01-09T00:38:11.308+0000][187961.674s][info][gc          ] GC(6646) Pause Cleanup 3670M->3670M(12288M) 0.474ms
[2025-01-09T00:38:11.308+0000][187961.675s][info][gc,cpu      ] GC(6646) User=0.00s Sys=0.00s Real=0.00s
[2025-01-09T00:38:11.308+0000][187961.675s][info][gc,marking  ] GC(6646) Concurrent Cleanup for Next Mark
[2025-01-09T00:38:11.324+0000][187961.690s][info][gc,marking  ] GC(6646) Concurrent Cleanup for Next Mark 15.331ms
[2025-01-09T00:38:11.324+0000][187961.690s][info][gc          ] GC(6646) Concurrent Mark Cycle 1491.949ms
[2025-01-09T00:38:17.601+0000][187967.967s][info][gc,start    ] GC(6647) Pause Young (Prepare Mixed) (G1 Evacuation Pause)
[2025-01-09T00:38:17.601+0000][187967.967s][info][gc,task     ] GC(6647) Using 6 workers of 6 for evacuation
[2025-01-09T00:38:17.641+0000][187968.007s][info][gc,phases   ] GC(6647)   Pre Evacuate Collection Set: 0.2ms
[2025-01-09T00:38:17.641+0000][187968.007s][info][gc,phases   ] GC(6647)   Merge Heap Roots: 0.8ms
[2025-01-09T00:38:17.641+0000][187968.007s][info][gc,phases   ] GC(6647)   Evacuate Collection Set: 35.9ms
[2025-01-09T00:38:17.641+0000][187968.007s][info][gc,phases   ] GC(6647)   Post Evacuate Collection Set: 2.7ms
[2025-01-09T00:38:17.641+0000][187968.007s][info][gc,phases   ] GC(6647)   Other: 0.2ms
[2025-01-09T00:38:17.641+0000][187968.007s][info][gc,heap     ] GC(6647) Eden regions: 912->0(66)
[2025-01-09T00:38:17.641+0000][187968.007s][info][gc,heap     ] GC(6647) Survivor regions: 9->10(116)
[2025-01-09T00:38:17.641+0000][187968.007s][info][gc,heap     ] GC(6647) Old regions: 233->233
[2025-01-09T00:38:17.641+0000][187968.007s][info][gc,heap     ] GC(6647) Archive regions: 2->2
[2025-01-09T00:38:17.641+0000][187968.007s][info][gc,heap     ] GC(6647) Humongous regions: 49->49
[2025-01-09T00:38:17.641+0000][187968.007s][info][gc,metaspace] GC(6647) Metaspace: 524677K(534016K)->524677K(534016K) NonClass: 460741K(465280K)->460741K(465280K) Class: 63935K(68736K)->63935K(68736K)
[2025-01-09T00:38:17.641+0000][187968.007s][info][gc          ] GC(6647) Pause Young (Prepare Mixed) (G1 Evacuation Pause) 9630M->2342M(12288M) 39.812ms
[2025-01-09T00:38:17.641+0000][187968.007s][info][gc,cpu      ] GC(6647) User=0.23s Sys=0.00s Real=0.04s
[2025-01-09T00:38:18.055+0000][187968.421s][info][gc,start    ] GC(6648) Pause Young (Mixed) (G1 Evacuation Pause)
[2025-01-09T00:38:18.055+0000][187968.421s][info][gc,task     ] GC(6648) Using 6 workers of 6 for evacuation
[2025-01-09T00:38:18.104+0000][187968.470s][info][gc,phases   ] GC(6648)   Pre Evacuate Collection Set: 0.2ms
[2025-01-09T00:38:18.104+0000][187968.470s][info][gc,phases   ] GC(6648)   Merge Heap Roots: 0.5ms
[2025-01-09T00:38:18.104+0000][187968.470s][info][gc,phases   ] GC(6648)   Evacuate Collection Set: 46.8ms
[2025-01-09T00:38:18.104+0000][187968.470s][info][gc,phases   ] GC(6648)   Post Evacuate Collection Set: 1.6ms
[2025-01-09T00:38:18.104+0000][187968.470s][info][gc,phases   ] GC(6648)   Other: 0.2ms
[2025-01-09T00:38:18.104+0000][187968.470s][info][gc,heap     ] GC(6648) Eden regions: 66->0(914)
[2025-01-09T00:38:18.104+0000][187968.470s][info][gc,heap     ] GC(6648) Survivor regions: 10->7(10)
[2025-01-09T00:38:18.104+0000][187968.470s][info][gc,heap     ] GC(6648) Old regions: 233->230
[2025-01-09T00:38:18.104+0000][187968.470s][info][gc,heap     ] GC(6648) Archive regions: 2->2
[2025-01-09T00:38:18.104+0000][187968.470s][info][gc,heap     ] GC(6648) Humongous regions: 49->49
[2025-01-09T00:38:18.104+0000][187968.470s][info][gc,metaspace] GC(6648) Metaspace: 524677K(534016K)->524677K(534016K) NonClass: 460741K(465280K)->460741K(465280K) Class: 63935K(68736K)->63935K(68736K)
[2025-01-09T00:38:18.104+0000][187968.470s][info][gc          ] GC(6648) Pause Young (Mixed) (G1 Evacuation Pause) 2870M->2285M(12288M) 49.305ms
[2025-01-09T00:38:18.104+0000][187968.470s][info][gc,cpu      ] GC(6648) User=0.28s Sys=0.00s Real=0.05s
[2025-01-09T00:38:24.451+0000][187974.817s][info][gc,start    ] GC(6649) Pause Young (Normal) (G1 Evacuation Pause)
[2025-01-09T00:38:24.451+0000][187974.817s][info][gc,task     ] GC(6649) Using 6 workers of 6 for evacuation
[2025-01-09T00:38:24.479+0000][187974.845s][info][gc,phases   ] GC(6649)   Pre Evacuate Collection Set: 0.2ms
[2025-01-09T00:38:24.479+0000][187974.845s][info][gc,phases   ] GC(6649)   Merge Heap Roots: 0.4ms
[2025-01-09T00:38:24.479+0000][187974.845s][info][gc,phases   ] GC(6649)   Evacuate Collection Set: 25.0ms
[2025-01-09T00:38:24.479+0000][187974.845s][info][gc,phases   ] GC(6649)   Post Evacuate Collection Set: 2.5ms
[2025-01-09T00:38:24.479+0000][187974.845s][info][gc,phases   ] GC(6649)   Other: 0.2ms
[2025-01-09T00:38:24.479+0000][187974.846s][info][gc,heap     ] GC(6649) Eden regions: 914->0(914)
[2025-01-09T00:38:24.479+0000][187974.846s][info][gc,heap     ] GC(6649) Survivor regions: 7->7(116)
[2025-01-09T00:38:24.479+0000][187974.846s][info][gc,heap     ] GC(6649) Old regions: 230->230
[2025-01-09T00:38:24.479+0000][187974.846s][info][gc,heap     ] GC(6649) Archive regions: 2->2
[2025-01-09T00:38:24.479+0000][187974.846s][info][gc,heap     ] GC(6649) Humongous regions: 49->49
[2025-01-09T00:38:24.479+0000][187974.846s][info][gc,metaspace] GC(6649) Metaspace: 524677K(534016K)->524677K(534016K) NonClass: 460741K(465280K)->460741K(465280K) Class: 63935K(68736K)->63935K(68736K)
[2025-01-09T00:38:24.479+0000][187974.846s][info][gc          ] GC(6649) Pause Young (Normal) (G1 Evacuation Pause) 9597M->2285M(12288M) 28.479ms
[2025-01-09T00:38:24.479+0000][187974.846s][info][gc,cpu      ] GC(6649) User=0.16s Sys=0.00s Real=0.02s
[2025-01-09T00:38:32.164+0000][187982.530s][info][gc,start    ] GC(6650) Pause Young (Normal) (G1 Evacuation Pause)
[2025-01-09T00:38:32.164+0000][187982.530s][info][gc,task     ] GC(6650) Using 6 workers of 6 for evacuation
[2025-01-09T00:38:32.198+0000][187982.564s][info][gc,phases   ] GC(6650)   Pre Evacuate Collection Set: 0.2ms
[2025-01-09T00:38:32.198+0000][187982.564s][info][gc,phases   ] GC(6650)   Merge Heap Roots: 0.4ms
[2025-01-09T00:38:32.198+0000][187982.564s][info][gc,phases   ] GC(6650)   Evacuate Collection Set: 28.2ms
[2025-01-09T00:38:32.198+0000][187982.565s][info][gc,phases   ] GC(6650)   Post Evacuate Collection Set: 5.3ms
[2025-01-09T00:38:32.198+0000][187982.565s][info][gc,phases   ] GC(6650)   Other: 0.2ms
[2025-01-09T00:38:32.198+0000][187982.565s][info][gc,heap     ] GC(6650) Eden regions: 914->0(912)
[2025-01-09T00:38:32.198+0000][187982.565s][info][gc,heap     ] GC(6650) Survivor regions: 7->9(116)
[2025-01-09T00:38:32.198+0000][187982.565s][info][gc,heap     ] GC(6650) Old regions: 230->230
[2025-01-09T00:38:32.198+0000][187982.565s][info][gc,heap     ] GC(6650) Archive regions: 2->2
[2025-01-09T00:38:32.198+0000][187982.565s][info][gc,heap     ] GC(6650) Humongous regions: 49->49
[2025-01-09T00:38:32.198+0000][187982.565s][info][gc,metaspace] GC(6650) Metaspace: 524677K(534016K)->524677K(534016K) NonClass: 460741K(465280K)->460741K(465280K) Class: 63935K(68736K)->63935K(68736K)
[2025-01-09T00:38:32.198+0000][187982.565s][info][gc          ] GC(6650) Pause Young (Normal) (G1 Evacuation Pause) 9597M->2303M(12288M) 34.399ms
[2025-01-09T00:38:32.199+0000][187982.565s][info][gc,cpu      ] GC(6650) User=0.20s Sys=0.00s Real=0.03s
[2025-01-09T00:38:42.829+0000][187993.196s][info][gc,start    ] GC(6651) Pause Young (Concurrent Start) (G1 Evacuation Pause)
[2025-01-09T00:38:42.829+0000][187993.196s][info][gc,task     ] GC(6651) Using 6 workers of 6 for evacuation
[2025-01-09T00:38:42.864+0000][187993.230s][info][gc,phases   ] GC(6651)   Pre Evacuate Collection Set: 1.2ms
[2025-01-09T00:38:42.864+0000][187993.230s][info][gc,phases   ] GC(6651)   Merge Heap Roots: 0.5ms
[2025-01-09T00:38:42.864+0000][187993.230s][info][gc,phases   ] GC(6651)   Evacuate Collection Set: 29.9ms
[2025-01-09T00:38:42.864+0000][187993.230s][info][gc,phases   ] GC(6651)   Post Evacuate Collection Set: 2.6ms
[2025-01-09T00:38:42.864+0000][187993.230s][info][gc,phases   ] GC(6651)   Other: 0.3ms
[2025-01-09T00:38:42.864+0000][187993.230s][info][gc,heap     ] GC(6651) Eden regions: 912->0(914)
[2025-01-09T00:38:42.864+0000][187993.230s][info][gc,heap     ] GC(6651) Survivor regions: 9->7(116)
[2025-01-09T00:38:42.864+0000][187993.230s][info][gc,heap     ] GC(6651) Old regions: 230->230
[2025-01-09T00:38:42.864+0000][187993.230s][info][gc,heap     ] GC(6651) Archive regions: 2->2
[2025-01-09T00:38:42.864+0000][187993.230s][info][gc,heap     ] GC(6651) Humongous regions: 49->49
[2025-01-09T00:38:42.864+0000][187993.230s][info][gc,metaspace] GC(6651) Metaspace: 524677K(534016K)->524677K(534016K) NonClass: 460741K(465280K)->460741K(465280K) Class: 63935K(68736K)->63935K(68736K)
[2025-01-09T00:38:42.864+0000][187993.230s][info][gc          ] GC(6651) Pause Young (Concurrent Start) (G1 Evacuation Pause) 9599M->2289M(12288M) 34.583ms
[2025-01-09T00:38:42.864+0000][187993.230s][info][gc,cpu      ] GC(6651) User=0.20s Sys=0.00s Real=0.04s
[2025-01-09T00:38:42.864+0000][187993.230s][info][gc          ] GC(6652) Concurrent Mark Cycle
[2025-01-09T00:38:42.864+0000][187993.230s][info][gc,marking  ] GC(6652) Concurrent Clear Claimed Marks
[2025-01-09T00:38:42.865+0000][187993.231s][info][gc,marking  ] GC(6652) Concurrent Clear Claimed Marks 0.923ms
[2025-01-09T00:38:42.865+0000][187993.231s][info][gc,marking  ] GC(6652) Concurrent Scan Root Regions
[2025-01-09T00:38:42.893+0000][187993.259s][info][gc,marking  ] GC(6652) Concurrent Scan Root Regions 27.659ms
[2025-01-09T00:38:42.893+0000][187993.259s][info][gc,marking  ] GC(6652) Concurrent Mark
[2025-01-09T00:38:42.893+0000][187993.259s][info][gc,marking  ] GC(6652) Concurrent Mark From Roots
[2025-01-09T00:38:42.893+0000][187993.259s][info][gc,task     ] GC(6652) Using 2 workers of 2 for marking
[2025-01-09T00:38:43.717+0000][187994.083s][info][gc,marking  ] GC(6652) Concurrent Mark From Roots 824.533ms
[2025-01-09T00:38:43.717+0000][187994.083s][info][gc,marking  ] GC(6652) Concurrent Preclean
[2025-01-09T00:38:43.720+0000][187994.086s][info][gc,marking  ] GC(6652) Concurrent Preclean 3.022ms
[2025-01-09T00:38:43.721+0000][187994.087s][info][gc,start    ] GC(6652) Pause Remark
[2025-01-09T00:38:43.746+0000][187994.113s][info][gc          ] GC(6652) Pause Remark 3061M->3061M(12288M) 25.946ms
[2025-01-09T00:38:43.747+0000][187994.113s][info][gc,cpu      ] GC(6652) User=0.15s Sys=0.00s Real=0.03s
[2025-01-09T00:38:43.747+0000][187994.113s][info][gc,marking  ] GC(6652) Concurrent Mark 853.972ms
[2025-01-09T00:38:43.747+0000][187994.113s][info][gc,marking  ] GC(6652) Concurrent Rebuild Remembered Sets
[2025-01-09T00:38:44.400+0000][187994.767s][info][gc,marking  ] GC(6652) Concurrent Rebuild Remembered Sets 653.709ms
[2025-01-09T00:38:44.401+0000][187994.767s][info][gc,start    ] GC(6652) Pause Cleanup
[2025-01-09T00:38:44.401+0000][187994.767s][info][gc          ] GC(6652) Pause Cleanup 3905M->3905M(12288M) 0.436ms
[2025-01-09T00:38:44.401+0000][187994.767s][info][gc,cpu      ] GC(6652) User=0.00s Sys=0.00s Real=0.00s
[2025-01-09T00:38:44.401+0000][187994.767s][info][gc,marking  ] GC(6652) Concurrent Cleanup for Next Mark
[2025-01-09T00:38:44.416+0000][187994.783s][info][gc,marking  ] GC(6652) Concurrent Cleanup for Next Mark 15.309ms
[2025-01-09T00:38:44.416+0000][187994.783s][info][gc          ] GC(6652) Concurrent Mark Cycle 1552.417ms
[2025-01-09T00:38:49.811+0000][188000.178s][info][gc,start    ] GC(6653) Pause Young (Prepare Mixed) (G1 Evacuation Pause)
[2025-01-09T00:38:49.811+0000][188000.178s][info][gc,task     ] GC(6653) Using 6 workers of 6 for evacuation
[2025-01-09T00:38:49.851+0000][188000.217s][info][gc,phases   ] GC(6653)   Pre Evacuate Collection Set: 0.2ms
[2025-01-09T00:38:49.851+0000][188000.217s][info][gc,phases   ] GC(6653)   Merge Heap Roots: 0.7ms
[2025-01-09T00:38:49.851+0000][188000.217s][info][gc,phases   ] GC(6653)   Evacuate Collection Set: 34.5ms
[2025-01-09T00:38:49.851+0000][188000.217s][info][gc,phases   ] GC(6653)   Post Evacuate Collection Set: 4.1ms
[2025-01-09T00:38:49.851+0000][188000.217s][info][gc,phases   ] GC(6653)   Other: 0.2ms
[2025-01-09T00:38:49.851+0000][188000.217s][info][gc,heap     ] GC(6653) Eden regions: 914->0(66)
[2025-01-09T00:38:49.851+0000][188000.217s][info][gc,heap     ] GC(6653) Survivor regions: 7->10(116)
[2025-01-09T00:38:49.851+0000][188000.217s][info][gc,heap     ] GC(6653) Old regions: 230->230
[2025-01-09T00:38:49.851+0000][188000.217s][info][gc,heap     ] GC(6653) Archive regions: 2->2
[2025-01-09T00:38:49.851+0000][188000.217s][info][gc,heap     ] GC(6653) Humongous regions: 49->49
[2025-01-09T00:38:49.851+0000][188000.217s][info][gc,metaspace] GC(6653) Metaspace: 524677K(534016K)->524677K(534016K) NonClass: 460741K(465280K)->460741K(465280K) Class: 63935K(68736K)->63935K(68736K)
[2025-01-09T00:38:49.851+0000][188000.217s][info][gc          ] GC(6653) Pause Young (Prepare Mixed) (G1 Evacuation Pause) 9601M->2313M(12288M) 39.789ms
[2025-01-09T00:38:49.851+0000][188000.217s][info][gc,cpu      ] GC(6653) User=0.24s Sys=0.00s Real=0.04s
[2025-01-09T00:38:50.318+0000][188000.684s][info][gc,start    ] GC(6654) Pause Young (Mixed) (G1 Evacuation Pause)
[2025-01-09T00:38:50.318+0000][188000.684s][info][gc,task     ] GC(6654) Using 6 workers of 6 for evacuation
[2025-01-09T00:38:50.384+0000][188000.750s][info][gc,phases   ] GC(6654)   Pre Evacuate Collection Set: 0.2ms
[2025-01-09T00:38:50.384+0000][188000.750s][info][gc,phases   ] GC(6654)   Merge Heap Roots: 0.6ms
[2025-01-09T00:38:50.384+0000][188000.750s][info][gc,phases   ] GC(6654)   Evacuate Collection Set: 63.4ms
[2025-01-09T00:38:50.384+0000][188000.750s][info][gc,phases   ] GC(6654)   Post Evacuate Collection Set: 1.8ms
[2025-01-09T00:38:50.384+0000][188000.750s][info][gc,phases   ] GC(6654)   Other: 0.2ms
[2025-01-09T00:38:50.384+0000][188000.750s][info][gc,heap     ] GC(6654) Eden regions: 66->0(916)
[2025-01-09T00:38:50.384+0000][188000.750s][info][gc,heap     ] GC(6654) Survivor regions: 10->5(10)
[2025-01-09T00:38:50.384+0000][188000.750s][info][gc,heap     ] GC(6654) Old regions: 230->230
[2025-01-09T00:38:50.384+0000][188000.750s][info][gc,heap     ] GC(6654) Archive regions: 2->2
[2025-01-09T00:38:50.384+0000][188000.750s][info][gc,heap     ] GC(6654) Humongous regions: 49->49
[2025-01-09T00:38:50.384+0000][188000.750s][info][gc,metaspace] GC(6654) Metaspace: 524677K(534016K)->524677K(534016K) NonClass: 460741K(465280K)->460741K(465280K) Class: 63935K(68736K)->63935K(68736K)
[2025-01-09T00:38:50.384+0000][188000.750s][info][gc          ] GC(6654) Pause Young (Mixed) (G1 Evacuation Pause) 2841M->2266M(12288M) 66.275ms
[2025-01-09T00:38:50.384+0000][188000.751s][info][gc,cpu      ] GC(6654) User=0.39s Sys=0.00s Real=0.07s
[2025-01-09T00:39:01.105+0000][188011.471s][info][gc,start    ] GC(6655) Pause Young (Normal) (G1 Evacuation Pause)
[2025-01-09T00:39:01.105+0000][188011.471s][info][gc,task     ] GC(6655) Using 6 workers of 6 for evacuation
[2025-01-09T00:39:01.132+0000][188011.498s][info][gc,phases   ] GC(6655)   Pre Evacuate Collection Set: 0.2ms
[2025-01-09T00:39:01.132+0000][188011.498s][info][gc,phases   ] GC(6655)   Merge Heap Roots: 0.5ms
[2025-01-09T00:39:01.132+0000][188011.498s][info][gc,phases   ] GC(6655)   Evacuate Collection Set: 23.9ms
[2025-01-09T00:39:01.132+0000][188011.498s][info][gc,phases   ] GC(6655)   Post Evacuate Collection Set: 2.7ms
[2025-01-09T00:39:01.132+0000][188011.498s][info][gc,phases   ] GC(6655)   Other: 0.2ms
[2025-01-09T00:39:01.132+0000][188011.498s][info][gc,heap     ] GC(6655) Eden regions: 916->0(915)
[2025-01-09T00:39:01.132+0000][188011.498s][info][gc,heap     ] GC(6655) Survivor regions: 5->6(116)
[2025-01-09T00:39:01.132+0000][188011.498s][info][gc,heap     ] GC(6655) Old regions: 230->230
[2025-01-09T00:39:01.132+0000][188011.498s][info][gc,heap     ] GC(6655) Archive regions: 2->2
[2025-01-09T00:39:01.132+0000][188011.498s][info][gc,heap     ] GC(6655) Humongous regions: 49->49
[2025-01-09T00:39:01.132+0000][188011.498s][info][gc,metaspace] GC(6655) Metaspace: 524677K(534016K)->524677K(534016K) NonClass: 460741K(465280K)->460741K(465280K) Class: 63935K(68736K)->63935K(68736K)
[2025-01-09T00:39:01.132+0000][188011.498s][info][gc          ] GC(6655) Pause Young (Normal) (G1 Evacuation Pause) 9594M->2275M(12288M) 27.590ms
[2025-01-09T00:39:01.132+0000][188011.498s][info][gc,cpu      ] GC(6655) User=0.16s Sys=0.01s Real=0.03s
[2025-01-09T00:39:09.215+0000][188019.582s][info][gc,start    ] GC(6656) Pause Young (Normal) (G1 Evacuation Pause)
[2025-01-09T00:39:09.215+0000][188019.582s][info][gc,task     ] GC(6656) Using 6 workers of 6 for evacuation
[2025-01-09T00:39:09.245+0000][188019.612s][info][gc,phases   ] GC(6656)   Pre Evacuate Collection Set: 0.2ms
[2025-01-09T00:39:09.245+0000][188019.612s][info][gc,phases   ] GC(6656)   Merge Heap Roots: 0.4ms
[2025-01-09T00:39:09.245+0000][188019.612s][info][gc,phases   ] GC(6656)   Evacuate Collection Set: 26.6ms
[2025-01-09T00:39:09.246+0000][188019.612s][info][gc,phases   ] GC(6656)   Post Evacuate Collection Set: 2.5ms
[2025-01-09T00:39:09.246+0000][188019.612s][info][gc,phases   ] GC(6656)   Other: 0.3ms
[2025-01-09T00:39:09.246+0000][188019.612s][info][gc,heap     ] GC(6656) Eden regions: 915->0(914)
[2025-01-09T00:39:09.246+0000][188019.612s][info][gc,heap     ] GC(6656) Survivor regions: 6->7(116)
[2025-01-09T00:39:09.246+0000][188019.612s][info][gc,heap     ] GC(6656) Old regions: 230->230
[2025-01-09T00:39:09.246+0000][188019.612s][info][gc,heap     ] GC(6656) Archive regions: 2->2
[2025-01-09T00:39:09.246+0000][188019.612s][info][gc,heap     ] GC(6656) Humongous regions: 49->49
[2025-01-09T00:39:09.246+0000][188019.612s][info][gc,metaspace] GC(6656) Metaspace: 524677K(534016K)->524677K(534016K) NonClass: 460741K(465280K)->460741K(465280K) Class: 63935K(68736K)->63935K(68736K)
[2025-01-09T00:39:09.246+0000][188019.612s][info][gc          ] GC(6656) Pause Young (Normal) (G1 Evacuation Pause) 9595M->2288M(12288M) 30.113ms
[2025-01-09T00:39:09.246+0000][188019.612s][info][gc,cpu      ] GC(6656) User=0.18s Sys=0.00s Real=0.03s
[2025-01-09T00:39:18.134+0000][188028.500s][info][gc,start    ] GC(6657) Pause Young (Concurrent Start) (G1 Evacuation Pause)
[2025-01-09T00:39:18.134+0000][188028.500s][info][gc,task     ] GC(6657) Using 6 workers of 6 for evacuation
[2025-01-09T00:39:18.171+0000][188028.537s][info][gc,phases   ] GC(6657)   Pre Evacuate Collection Set: 1.1ms
[2025-01-09T00:39:18.171+0000][188028.537s][info][gc,phases   ] GC(6657)   Merge Heap Roots: 0.5ms
[2025-01-09T00:39:18.171+0000][188028.537s][info][gc,phases   ] GC(6657)   Evacuate Collection Set: 32.4ms
[2025-01-09T00:39:18.171+0000][188028.537s][info][gc,phases   ] GC(6657)   Post Evacuate Collection Set: 2.7ms
[2025-01-09T00:39:18.171+0000][188028.537s][info][gc,phases   ] GC(6657)   Other: 0.3ms
[2025-01-09T00:39:18.171+0000][188028.537s][info][gc,heap     ] GC(6657) Eden regions: 914->0(912)
[2025-01-09T00:39:18.171+0000][188028.537s][info][gc,heap     ] GC(6657) Survivor regions: 7->9(116)
[2025-01-09T00:39:18.171+0000][188028.537s][info][gc,heap     ] GC(6657) Old regions: 230->230
[2025-01-09T00:39:18.171+0000][188028.537s][info][gc,heap     ] GC(6657) Archive regions: 2->2
[2025-01-09T00:39:18.171+0000][188028.537s][info][gc,heap     ] GC(6657) Humongous regions: 49->49
[2025-01-09T00:39:18.171+0000][188028.537s][info][gc,metaspace] GC(6657) Metaspace: 524677K(534016K)->524677K(534016K) NonClass: 460741K(465280K)->460741K(465280K) Class: 63935K(68736K)->63935K(68736K)
[2025-01-09T00:39:18.171+0000][188028.537s][info][gc          ] GC(6657) Pause Young (Concurrent Start) (G1 Evacuation Pause) 9600M->2302M(12288M) 37.087ms
[2025-01-09T00:39:18.171+0000][188028.538s][info][gc,cpu      ] GC(6657) User=0.22s Sys=0.00s Real=0.04s
[2025-01-09T00:39:18.171+0000][188028.538s][info][gc          ] GC(6658) Concurrent Mark Cycle
[2025-01-09T00:39:18.171+0000][188028.538s][info][gc,marking  ] GC(6658) Concurrent Clear Claimed Marks
[2025-01-09T00:39:18.172+0000][188028.539s][info][gc,marking  ] GC(6658) Concurrent Clear Claimed Marks 0.947ms
[2025-01-09T00:39:18.172+0000][188028.539s][info][gc,marking  ] GC(6658) Concurrent Scan Root Regions
[2025-01-09T00:39:18.202+0000][188028.568s][info][gc,marking  ] GC(6658) Concurrent Scan Root Regions 29.253ms
[2025-01-09T00:39:18.202+0000][188028.568s][info][gc,marking  ] GC(6658) Concurrent Mark
[2025-01-09T00:39:18.202+0000][188028.568s][info][gc,marking  ] GC(6658) Concurrent Mark From Roots
[2025-01-09T00:39:18.202+0000][188028.568s][info][gc,task     ] GC(6658) Using 2 workers of 2 for marking
[2025-01-09T00:39:19.023+0000][188029.389s][info][gc,marking  ] GC(6658) Concurrent Mark From Roots 820.805ms
[2025-01-09T00:39:19.023+0000][188029.389s][info][gc,marking  ] GC(6658) Concurrent Preclean
[2025-01-09T00:39:19.025+0000][188029.391s][info][gc,marking  ] GC(6658) Concurrent Preclean 2.774ms
[2025-01-09T00:39:19.026+0000][188029.392s][info][gc,start    ] GC(6658) Pause Remark
[2025-01-09T00:39:19.051+0000][188029.418s][info][gc          ] GC(6658) Pause Remark 3054M->3054M(12288M) 25.944ms
[2025-01-09T00:39:19.052+0000][188029.418s][info][gc,cpu      ] GC(6658) User=0.14s Sys=0.00s Real=0.03s
[2025-01-09T00:39:19.052+0000][188029.418s][info][gc,marking  ] GC(6658) Concurrent Mark 849.901ms
[2025-01-09T00:39:19.052+0000][188029.418s][info][gc,marking  ] GC(6658) Concurrent Rebuild Remembered Sets
[2025-01-09T00:39:19.576+0000][188029.942s][info][gc,marking  ] GC(6658) Concurrent Rebuild Remembered Sets 524.120ms
[2025-01-09T00:39:19.576+0000][188029.942s][info][gc,start    ] GC(6658) Pause Cleanup
[2025-01-09T00:39:19.576+0000][188029.943s][info][gc          ] GC(6658) Pause Cleanup 3474M->3474M(12288M) 0.471ms
[2025-01-09T00:39:19.576+0000][188029.943s][info][gc,cpu      ] GC(6658) User=0.00s Sys=0.00s Real=0.00s
[2025-01-09T00:39:19.576+0000][188029.943s][info][gc,marking  ] GC(6658) Concurrent Cleanup for Next Mark
[2025-01-09T00:39:19.603+0000][188029.969s][info][gc,marking  ] GC(6658) Concurrent Cleanup for Next Mark 26.786ms
[2025-01-09T00:39:19.603+0000][188029.969s][info][gc          ] GC(6658) Concurrent Mark Cycle 1431.867ms
[2025-01-09T00:39:23.916+0000][188034.282s][info][gc,start    ] GC(6659) Pause Young (Prepare Mixed) (G1 Evacuation Pause)
[2025-01-09T00:39:23.916+0000][188034.282s][info][gc,task     ] GC(6659) Using 6 workers of 6 for evacuation
[2025-01-09T00:39:23.956+0000][188034.323s][info][gc,phases   ] GC(6659)   Pre Evacuate Collection Set: 0.2ms
[2025-01-09T00:39:23.956+0000][188034.323s][info][gc,phases   ] GC(6659)   Merge Heap Roots: 0.7ms
[2025-01-09T00:39:23.956+0000][188034.323s][info][gc,phases   ] GC(6659)   Evacuate Collection Set: 36.6ms
[2025-01-09T00:39:23.956+0000][188034.323s][info][gc,phases   ] GC(6659)   Post Evacuate Collection Set: 2.6ms
[2025-01-09T00:39:23.956+0000][188034.323s][info][gc,phases   ] GC(6659)   Other: 0.2ms
[2025-01-09T00:39:23.957+0000][188034.323s][info][gc,heap     ] GC(6659) Eden regions: 912->0(64)
[2025-01-09T00:39:23.957+0000][188034.323s][info][gc,heap     ] GC(6659) Survivor regions: 9->12(116)
[2025-01-09T00:39:23.957+0000][188034.323s][info][gc,heap     ] GC(6659) Old regions: 230->230
[2025-01-09T00:39:23.957+0000][188034.323s][info][gc,heap     ] GC(6659) Archive regions: 2->2
[2025-01-09T00:39:23.957+0000][188034.323s][info][gc,heap     ] GC(6659) Humongous regions: 49->49
[2025-01-09T00:39:23.957+0000][188034.323s][info][gc,metaspace] GC(6659) Metaspace: 524677K(534016K)->524677K(534016K) NonClass: 460741K(465280K)->460741K(465280K) Class: 63935K(68736K)->63935K(68736K)
[2025-01-09T00:39:23.957+0000][188034.323s][info][gc          ] GC(6659) Pause Young (Prepare Mixed) (G1 Evacuation Pause) 9598M->2324M(12288M) 40.444ms
[2025-01-09T00:39:23.957+0000][188034.323s][info][gc,cpu      ] GC(6659) User=0.24s Sys=0.00s Real=0.04s
[2025-01-09T00:39:24.186+0000][188034.552s][info][gc,start    ] GC(6660) Pause Young (Mixed) (G1 Evacuation Pause)
[2025-01-09T00:39:24.186+0000][188034.552s][info][gc,task     ] GC(6660) Using 6 workers of 6 for evacuation
[2025-01-09T00:39:24.253+0000][188034.619s][info][gc,phases   ] GC(6660)   Pre Evacuate Collection Set: 0.2ms
[2025-01-09T00:39:24.253+0000][188034.619s][info][gc,phases   ] GC(6660)   Merge Heap Roots: 0.6ms
[2025-01-09T00:39:24.253+0000][188034.619s][info][gc,phases   ] GC(6660)   Evacuate Collection Set: 63.5ms
[2025-01-09T00:39:24.253+0000][188034.619s][info][gc,phases   ] GC(6660)   Post Evacuate Collection Set: 2.9ms
[2025-01-09T00:39:24.253+0000][188034.619s][info][gc,phases   ] GC(6660)   Other: 0.2ms
[2025-01-09T00:39:24.253+0000][188034.620s][info][gc,heap     ] GC(6660) Eden regions: 64->0(915)
[2025-01-09T00:39:24.253+0000][188034.620s][info][gc,heap     ] GC(6660) Survivor regions: 12->6(10)
[2025-01-09T00:39:24.253+0000][188034.620s][info][gc,heap     ] GC(6660) Old regions: 230->230
[2025-01-09T00:39:24.253+0000][188034.620s][info][gc,heap     ] GC(6660) Archive regions: 2->2
[2025-01-09T00:39:24.253+0000][188034.620s][info][gc,heap     ] GC(6660) Humongous regions: 49->49
[2025-01-09T00:39:24.253+0000][188034.620s][info][gc,metaspace] GC(6660) Metaspace: 524677K(534016K)->524677K(534016K) NonClass: 460741K(465280K)->460741K(465280K) Class: 63935K(68736K)->63935K(68736K)
[2025-01-09T00:39:24.253+0000][188034.620s][info][gc          ] GC(6660) Pause Young (Mixed) (G1 Evacuation Pause) 2836M->2285M(12288M) 67.507ms
[2025-01-09T00:39:24.254+0000][188034.620s][info][gc,cpu      ] GC(6660) User=0.40s Sys=0.01s Real=0.07s
[2025-01-09T00:39:30.213+0000][188040.579s][info][gc,start    ] GC(6661) Pause Young (Normal) (G1 Evacuation Pause)
[2025-01-09T00:39:30.213+0000][188040.579s][info][gc,task     ] GC(6661) Using 6 workers of 6 for evacuation
[2025-01-09T00:39:30.237+0000][188040.603s][info][gc,phases   ] GC(6661)   Pre Evacuate Collection Set: 0.2ms
[2025-01-09T00:39:30.237+0000][188040.603s][info][gc,phases   ] GC(6661)   Merge Heap Roots: 0.4ms
[2025-01-09T00:39:30.237+0000][188040.603s][info][gc,phases   ] GC(6661)   Evacuate Collection Set: 19.8ms
[2025-01-09T00:39:30.237+0000][188040.603s][info][gc,phases   ] GC(6661)   Post Evacuate Collection Set: 3.8ms
[2025-01-09T00:39:30.237+0000][188040.603s][info][gc,phases   ] GC(6661)   Other: 0.2ms
[2025-01-09T00:39:30.237+0000][188040.603s][info][gc,heap     ] GC(6661) Eden regions: 915->0(915)
[2025-01-09T00:39:30.237+0000][188040.603s][info][gc,heap     ] GC(6661) Survivor regions: 6->6(116)
[2025-01-09T00:39:30.237+0000][188040.603s][info][gc,heap     ] GC(6661) Old regions: 230->230
[2025-01-09T00:39:30.237+0000][188040.603s][info][gc,heap     ] GC(6661) Archive regions: 2->2
[2025-01-09T00:39:30.237+0000][188040.603s][info][gc,heap     ] GC(6661) Humongous regions: 49->49
[2025-01-09T00:39:30.237+0000][188040.603s][info][gc,metaspace] GC(6661) Metaspace: 524677K(534016K)->524677K(534016K) NonClass: 460741K(465280K)->460741K(465280K) Class: 63935K(68736K)->63935K(68736K)
[2025-01-09T00:39:30.237+0000][188040.604s][info][gc          ] GC(6661) Pause Young (Normal) (G1 Evacuation Pause) 9605M->2281M(12288M) 24.480ms
[2025-01-09T00:39:30.237+0000][188040.604s][info][gc,cpu      ] GC(6661) User=0.13s Sys=0.01s Real=0.02s
[2025-01-09T00:39:35.560+0000][188045.926s][info][gc,start    ] GC(6662) Pause Young (Normal) (G1 Evacuation Pause)
[2025-01-09T00:39:35.560+0000][188045.926s][info][gc,task     ] GC(6662) Using 6 workers of 6 for evacuation
[2025-01-09T00:39:35.579+0000][188045.946s][info][gc,phases   ] GC(6662)   Pre Evacuate Collection Set: 0.2ms
[2025-01-09T00:39:35.579+0000][188045.946s][info][gc,phases   ] GC(6662)   Merge Heap Roots: 0.4ms
[2025-01-09T00:39:35.579+0000][188045.946s][info][gc,phases   ] GC(6662)   Evacuate Collection Set: 16.1ms
[2025-01-09T00:39:35.579+0000][188045.946s][info][gc,phases   ] GC(6662)   Post Evacuate Collection Set: 2.4ms
[2025-01-09T00:39:35.579+0000][188045.946s][info][gc,phases   ] GC(6662)   Other: 0.2ms
[2025-01-09T00:39:35.579+0000][188045.946s][info][gc,heap     ] GC(6662) Eden regions: 915->0(916)
[2025-01-09T00:39:35.579+0000][188045.946s][info][gc,heap     ] GC(6662) Survivor regions: 6->5(116)
[2025-01-09T00:39:35.580+0000][188045.946s][info][gc,heap     ] GC(6662) Old regions: 230->230
[2025-01-09T00:39:35.580+0000][188045.946s][info][gc,heap     ] GC(6662) Archive regions: 2->2
[2025-01-09T00:39:35.580+0000][188045.946s][info][gc,heap     ] GC(6662) Humongous regions: 49->49
[2025-01-09T00:39:35.580+0000][188045.946s][info][gc,metaspace] GC(6662) Metaspace: 524677K(534016K)->524677K(534016K) NonClass: 460741K(465280K)->460741K(465280K) Class: 63935K(68736K)->63935K(68736K)
[2025-01-09T00:39:35.580+0000][188045.946s][info][gc          ] GC(6662) Pause Young (Normal) (G1 Evacuation Pause) 9601M->2271M(12288M) 19.330ms
[2025-01-09T00:39:35.580+0000][188045.946s][info][gc,cpu      ] GC(6662) User=0.11s Sys=0.01s Real=0.02s
[2025-01-09T00:39:48.048+0000][188058.414s][info][gc,start    ] GC(6663) Pause Young (Concurrent Start) (G1 Evacuation Pause)
[2025-01-09T00:39:48.048+0000][188058.414s][info][gc,task     ] GC(6663) Using 6 workers of 6 for evacuation
[2025-01-09T00:39:48.078+0000][188058.444s][info][gc,phases   ] GC(6663)   Pre Evacuate Collection Set: 1.2ms
[2025-01-09T00:39:48.078+0000][188058.444s][info][gc,phases   ] GC(6663)   Merge Heap Roots: 0.4ms
[2025-01-09T00:39:48.078+0000][188058.444s][info][gc,phases   ] GC(6663)   Evacuate Collection Set: 24.1ms
[2025-01-09T00:39:48.078+0000][188058.444s][info][gc,phases   ] GC(6663)   Post Evacuate Collection Set: 4.0ms
[2025-01-09T00:39:48.078+0000][188058.444s][info][gc,phases   ] GC(6663)   Other: 0.3ms
[2025-01-09T00:39:48.078+0000][188058.444s][info][gc,heap     ] GC(6663) Eden regions: 916->0(914)
[2025-01-09T00:39:48.078+0000][188058.444s][info][gc,heap     ] GC(6663) Survivor regions: 5->7(116)
[2025-01-09T00:39:48.078+0000][188058.444s][info][gc,heap     ] GC(6663) Old regions: 230->230
[2025-01-09T00:39:48.078+0000][188058.444s][info][gc,heap     ] GC(6663) Archive regions: 2->2
[2025-01-09T00:39:48.078+0000][188058.444s][info][gc,heap     ] GC(6663) Humongous regions: 49->49
[2025-01-09T00:39:48.078+0000][188058.444s][info][gc,metaspace] GC(6663) Metaspace: 524677K(534016K)->524677K(534016K) NonClass: 460741K(465280K)->460741K(465280K) Class: 63935K(68736K)->63935K(68736K)
[2025-01-09T00:39:48.078+0000][188058.444s][info][gc          ] GC(6663) Pause Young (Concurrent Start) (G1 Evacuation Pause) 9599M->2291M(12288M) 30.132ms
[2025-01-09T00:39:48.078+0000][188058.444s][info][gc,cpu      ] GC(6663) User=0.17s Sys=0.00s Real=0.03s
[2025-01-09T00:39:48.078+0000][188058.444s][info][gc          ] GC(6664) Concurrent Mark Cycle
[2025-01-09T00:39:48.078+0000][188058.445s][info][gc,marking  ] GC(6664) Concurrent Clear Claimed Marks
[2025-01-09T00:39:48.079+0000][188058.445s][info][gc,marking  ] GC(6664) Concurrent Clear Claimed Marks 0.948ms
[2025-01-09T00:39:48.079+0000][188058.445s][info][gc,marking  ] GC(6664) Concurrent Scan Root Regions
[2025-01-09T00:39:48.096+0000][188058.463s][info][gc,marking  ] GC(6664) Concurrent Scan Root Regions 17.032ms
[2025-01-09T00:39:48.096+0000][188058.463s][info][gc,marking  ] GC(6664) Concurrent Mark
[2025-01-09T00:39:48.096+0000][188058.463s][info][gc,marking  ] GC(6664) Concurrent Mark From Roots
[2025-01-09T00:39:48.096+0000][188058.463s][info][gc,task     ] GC(6664) Using 2 workers of 2 for marking
[2025-01-09T00:39:48.878+0000][188059.245s][info][gc,marking  ] GC(6664) Concurrent Mark From Roots 781.995ms
[2025-01-09T00:39:48.878+0000][188059.245s][info][gc,marking  ] GC(6664) Concurrent Preclean
[2025-01-09T00:39:48.881+0000][188059.247s][info][gc,marking  ] GC(6664) Concurrent Preclean 2.625ms
[2025-01-09T00:39:48.881+0000][188059.247s][info][gc,start    ] GC(6664) Pause Remark
[2025-01-09T00:39:48.907+0000][188059.273s][info][gc          ] GC(6664) Pause Remark 2461M->2461M(12288M) 25.436ms
[2025-01-09T00:39:48.907+0000][188059.273s][info][gc,cpu      ] GC(6664) User=0.15s Sys=0.00s Real=0.03s
[2025-01-09T00:39:48.907+0000][188059.273s][info][gc,marking  ] GC(6664) Concurrent Mark 810.372ms
[2025-01-09T00:39:48.907+0000][188059.273s][info][gc,marking  ] GC(6664) Concurrent Rebuild Remembered Sets
[2025-01-09T00:39:49.429+0000][188059.795s][info][gc,marking  ] GC(6664) Concurrent Rebuild Remembered Sets 522.315ms
[2025-01-09T00:39:49.429+0000][188059.795s][info][gc,start    ] GC(6664) Pause Cleanup
[2025-01-09T00:39:49.430+0000][188059.796s][info][gc          ] GC(6664) Pause Cleanup 2567M->2567M(12288M) 0.449ms
[2025-01-09T00:39:49.430+0000][188059.796s][info][gc,cpu      ] GC(6664) User=0.00s Sys=0.00s Real=0.01s
[2025-01-09T00:39:49.430+0000][188059.796s][info][gc,marking  ] GC(6664) Concurrent Cleanup for Next Mark
[2025-01-09T00:39:49.445+0000][188059.812s][info][gc,marking  ] GC(6664) Concurrent Cleanup for Next Mark 15.537ms
[2025-01-09T00:39:49.445+0000][188059.812s][info][gc          ] GC(6664) Concurrent Mark Cycle 1367.109ms
[2025-01-09T00:39:59.761+0000][188070.127s][info][gc,start    ] GC(6665) Pause Young (Prepare Mixed) (G1 Evacuation Pause)
[2025-01-09T00:39:59.761+0000][188070.127s][info][gc,task     ] GC(6665) Using 6 workers of 6 for evacuation
[2025-01-09T00:39:59.798+0000][188070.164s][info][gc,phases   ] GC(6665)   Pre Evacuate Collection Set: 0.2ms
[2025-01-09T00:39:59.798+0000][188070.164s][info][gc,phases   ] GC(6665)   Merge Heap Roots: 0.6ms
[2025-01-09T00:39:59.798+0000][188070.164s][info][gc,phases   ] GC(6665)   Evacuate Collection Set: 33.5ms
[2025-01-09T00:39:59.798+0000][188070.164s][info][gc,phases   ] GC(6665)   Post Evacuate Collection Set: 2.9ms
[2025-01-09T00:39:59.798+0000][188070.164s][info][gc,phases   ] GC(6665)   Other: 0.2ms
[2025-01-09T00:39:59.798+0000][188070.164s][info][gc,heap     ] GC(6665) Eden regions: 914->0(67)
[2025-01-09T00:39:59.798+0000][188070.164s][info][gc,heap     ] GC(6665) Survivor regions: 7->9(116)
[2025-01-09T00:39:59.798+0000][188070.164s][info][gc,heap     ] GC(6665) Old regions: 230->230
[2025-01-09T00:39:59.798+0000][188070.164s][info][gc,heap     ] GC(6665) Archive regions: 2->2
[2025-01-09T00:39:59.798+0000][188070.164s][info][gc,heap     ] GC(6665) Humongous regions: 49->49
[2025-01-09T00:39:59.798+0000][188070.164s][info][gc,metaspace] GC(6665) Metaspace: 524677K(534016K)->524677K(534016K) NonClass: 460741K(465280K)->460741K(465280K) Class: 63935K(68736K)->63935K(68736K)
[2025-01-09T00:39:59.798+0000][188070.164s][info][gc          ] GC(6665) Pause Young (Prepare Mixed) (G1 Evacuation Pause) 9603M->2310M(12288M) 37.485ms
[2025-01-09T00:39:59.798+0000][188070.164s][info][gc,cpu      ] GC(6665) User=0.21s Sys=0.00s Real=0.04s
[2025-01-09T00:40:00.163+0000][188070.529s][info][gc,start    ] GC(6666) Pause Young (Mixed) (G1 Evacuation Pause)
[2025-01-09T00:40:00.163+0000][188070.529s][info][gc,task     ] GC(6666) Using 6 workers of 6 for evacuation
[2025-01-09T00:40:00.242+0000][188070.608s][info][gc,phases   ] GC(6666)   Pre Evacuate Collection Set: 0.2ms
[2025-01-09T00:40:00.242+0000][188070.609s][info][gc,phases   ] GC(6666)   Merge Heap Roots: 0.8ms
[2025-01-09T00:40:00.242+0000][188070.609s][info][gc,phases   ] GC(6666)   Evacuate Collection Set: 76.0ms
[2025-01-09T00:40:00.242+0000][188070.609s][info][gc,phases   ] GC(6666)   Post Evacuate Collection Set: 2.2ms
[2025-01-09T00:40:00.242+0000][188070.609s][info][gc,phases   ] GC(6666)   Other: 0.2ms
[2025-01-09T00:40:00.242+0000][188070.609s][info][gc,heap     ] GC(6666) Eden regions: 67->0(915)
[2025-01-09T00:40:00.242+0000][188070.609s][info][gc,heap     ] GC(6666) Survivor regions: 9->6(10)
[2025-01-09T00:40:00.242+0000][188070.609s][info][gc,heap     ] GC(6666) Old regions: 230->230
[2025-01-09T00:40:00.242+0000][188070.609s][info][gc,heap     ] GC(6666) Archive regions: 2->2
[2025-01-09T00:40:00.242+0000][188070.609s][info][gc,heap     ] GC(6666) Humongous regions: 49->49
[2025-01-09T00:40:00.242+0000][188070.609s][info][gc,metaspace] GC(6666) Metaspace: 524677K(534016K)->524677K(534016K) NonClass: 460741K(465280K)->460741K(465280K) Class: 63935K(68736K)->63935K(68736K)
[2025-01-09T00:40:00.242+0000][188070.609s][info][gc          ] GC(6666) Pause Young (Mixed) (G1 Evacuation Pause) 2846M->2278M(12288M) 79.402ms
[2025-01-09T00:40:00.243+0000][188070.609s][info][gc,cpu      ] GC(6666) User=0.44s Sys=0.01s Real=0.08s
[2025-01-09T00:40:05.039+0000][188075.405s][info][gc,start    ] GC(6667) Pause Young (Normal) (G1 Evacuation Pause)
[2025-01-09T00:40:05.039+0000][188075.405s][info][gc,task     ] GC(6667) Using 6 workers of 6 for evacuation
[2025-01-09T00:40:05.069+0000][188075.435s][info][gc,phases   ] GC(6667)   Pre Evacuate Collection Set: 0.2ms
[2025-01-09T00:40:05.069+0000][188075.435s][info][gc,phases   ] GC(6667)   Merge Heap Roots: 0.4ms
[2025-01-09T00:40:05.069+0000][188075.435s][info][gc,phases   ] GC(6667)   Evacuate Collection Set: 26.0ms
[2025-01-09T00:40:05.069+0000][188075.435s][info][gc,phases   ] GC(6667)   Post Evacuate Collection Set: 2.7ms
[2025-01-09T00:40:05.069+0000][188075.435s][info][gc,phases   ] GC(6667)   Other: 0.2ms
[2025-01-09T00:40:05.069+0000][188075.435s][info][gc,heap     ] GC(6667) Eden regions: 915->0(915)
[2025-01-09T00:40:05.069+0000][188075.435s][info][gc,heap     ] GC(6667) Survivor regions: 6->6(116)
[2025-01-09T00:40:05.069+0000][188075.435s][info][gc,heap     ] GC(6667) Old regions: 230->230
[2025-01-09T00:40:05.069+0000][188075.435s][info][gc,heap     ] GC(6667) Archive regions: 2->2
[2025-01-09T00:40:05.069+0000][188075.435s][info][gc,heap     ] GC(6667) Humongous regions: 49->49
[2025-01-09T00:40:05.069+0000][188075.435s][info][gc,metaspace] GC(6667) Metaspace: 524677K(534016K)->524677K(534016K) NonClass: 460741K(465280K)->460741K(465280K) Class: 63935K(68736K)->63935K(68736K)
[2025-01-09T00:40:05.069+0000][188075.435s][info][gc          ] GC(6667) Pause Young (Normal) (G1 Evacuation Pause) 9598M->2284M(12288M) 29.674ms
[2025-01-09T00:40:05.069+0000][188075.435s][info][gc,cpu      ] GC(6667) User=0.17s Sys=0.00s Real=0.03s
[2025-01-09T00:40:12.976+0000][188083.342s][info][gc,start    ] GC(6668) Pause Young (Normal) (G1 Evacuation Pause)
[2025-01-09T00:40:12.976+0000][188083.342s][info][gc,task     ] GC(6668) Using 6 workers of 6 for evacuation
[2025-01-09T00:40:13.002+0000][188083.368s][info][gc,phases   ] GC(6668)   Pre Evacuate Collection Set: 0.2ms
[2025-01-09T00:40:13.002+0000][188083.368s][info][gc,phases   ] GC(6668)   Merge Heap Roots: 0.4ms
[2025-01-09T00:40:13.002+0000][188083.368s][info][gc,phases   ] GC(6668)   Evacuate Collection Set: 23.3ms
[2025-01-09T00:40:13.002+0000][188083.368s][info][gc,phases   ] GC(6668)   Post Evacuate Collection Set: 2.4ms
[2025-01-09T00:40:13.002+0000][188083.368s][info][gc,phases   ] GC(6668)   Other: 0.2ms
[2025-01-09T00:40:13.002+0000][188083.368s][info][gc,heap     ] GC(6668) Eden regions: 915->0(915)
[2025-01-09T00:40:13.002+0000][188083.368s][info][gc,heap     ] GC(6668) Survivor regions: 6->6(116)
[2025-01-09T00:40:13.002+0000][188083.368s][info][gc,heap     ] GC(6668) Old regions: 230->230
[2025-01-09T00:40:13.002+0000][188083.368s][info][gc,heap     ] GC(6668) Archive regions: 2->2
[2025-01-09T00:40:13.002+0000][188083.368s][info][gc,heap     ] GC(6668) Humongous regions: 49->49
[2025-01-09T00:40:13.002+0000][188083.368s][info][gc,metaspace] GC(6668) Metaspace: 524677K(534016K)->524677K(534016K) NonClass: 460741K(465280K)->460741K(465280K) Class: 63935K(68736K)->63935K(68736K)
[2025-01-09T00:40:13.002+0000][188083.368s][info][gc          ] GC(6668) Pause Young (Normal) (G1 Evacuation Pause) 9604M->2277M(12288M) 26.675ms
[2025-01-09T00:40:13.002+0000][188083.368s][info][gc,cpu      ] GC(6668) User=0.15s Sys=0.00s Real=0.03s
[2025-01-09T00:40:19.558+0000][188089.924s][info][gc,start    ] GC(6669) Pause Young (Concurrent Start) (G1 Evacuation Pause)
[2025-01-09T00:40:19.558+0000][188089.924s][info][gc,task     ] GC(6669) Using 6 workers of 6 for evacuation
[2025-01-09T00:40:19.595+0000][188089.961s][info][gc,phases   ] GC(6669)   Pre Evacuate Collection Set: 1.2ms
[2025-01-09T00:40:19.595+0000][188089.961s][info][gc,phases   ] GC(6669)   Merge Heap Roots: 0.5ms
[2025-01-09T00:40:19.595+0000][188089.961s][info][gc,phases   ] GC(6669)   Evacuate Collection Set: 29.8ms
[2025-01-09T00:40:19.595+0000][188089.961s][info][gc,phases   ] GC(6669)   Post Evacuate Collection Set: 5.7ms
[2025-01-09T00:40:19.595+0000][188089.961s][info][gc,phases   ] GC(6669)   Other: 0.3ms
[2025-01-09T00:40:19.595+0000][188089.961s][info][gc,heap     ] GC(6669) Eden regions: 915->0(912)
[2025-01-09T00:40:19.595+0000][188089.961s][info][gc,heap     ] GC(6669) Survivor regions: 6->9(116)
[2025-01-09T00:40:19.595+0000][188089.961s][info][gc,heap     ] GC(6669) Old regions: 230->230
[2025-01-09T00:40:19.595+0000][188089.961s][info][gc,heap     ] GC(6669) Archive regions: 2->2
[2025-01-09T00:40:19.595+0000][188089.961s][info][gc,heap     ] GC(6669) Humongous regions: 49->49
[2025-01-09T00:40:19.595+0000][188089.961s][info][gc,metaspace] GC(6669) Metaspace: 524677K(534016K)->524677K(534016K) NonClass: 460741K(465280K)->460741K(465280K) Class: 63935K(68736K)->63935K(68736K)
[2025-01-09T00:40:19.595+0000][188089.961s][info][gc          ] GC(6669) Pause Young (Concurrent Start) (G1 Evacuation Pause) 9597M->2306M(12288M) 37.587ms
[2025-01-09T00:40:19.595+0000][188089.961s][info][gc,cpu      ] GC(6669) User=0.22s Sys=0.00s Real=0.04s
[2025-01-09T00:40:19.595+0000][188089.961s][info][gc          ] GC(6670) Concurrent Mark Cycle
[2025-01-09T00:40:19.595+0000][188089.961s][info][gc,marking  ] GC(6670) Concurrent Clear Claimed Marks
[2025-01-09T00:40:19.596+0000][188089.962s][info][gc,marking  ] GC(6670) Concurrent Clear Claimed Marks 1.007ms
[2025-01-09T00:40:19.596+0000][188089.962s][info][gc,marking  ] GC(6670) Concurrent Scan Root Regions
[2025-01-09T00:40:19.616+0000][188089.983s][info][gc,marking  ] GC(6670) Concurrent Scan Root Regions 20.163ms
[2025-01-09T00:40:19.616+0000][188089.983s][info][gc,marking  ] GC(6670) Concurrent Mark
[2025-01-09T00:40:19.616+0000][188089.983s][info][gc,marking  ] GC(6670) Concurrent Mark From Roots
[2025-01-09T00:40:19.616+0000][188089.983s][info][gc,task     ] GC(6670) Using 2 workers of 2 for marking
[2025-01-09T00:40:20.485+0000][188090.851s][info][gc,marking  ] GC(6670) Concurrent Mark From Roots 868.374ms
[2025-01-09T00:40:20.485+0000][188090.851s][info][gc,marking  ] GC(6670) Concurrent Preclean
[2025-01-09T00:40:20.487+0000][188090.854s][info][gc,marking  ] GC(6670) Concurrent Preclean 2.619ms
[2025-01-09T00:40:20.488+0000][188090.854s][info][gc,start    ] GC(6670) Pause Remark
[2025-01-09T00:40:20.516+0000][188090.882s][info][gc          ] GC(6670) Pause Remark 2978M->2978M(12288M) 27.975ms
[2025-01-09T00:40:20.516+0000][188090.882s][info][gc,cpu      ] GC(6670) User=0.15s Sys=0.00s Real=0.03s
[2025-01-09T00:40:20.516+0000][188090.882s][info][gc,marking  ] GC(6670) Concurrent Mark 899.320ms
[2025-01-09T00:40:20.516+0000][188090.882s][info][gc,marking  ] GC(6670) Concurrent Rebuild Remembered Sets
[2025-01-09T00:40:21.074+0000][188091.440s][info][gc,marking  ] GC(6670) Concurrent Rebuild Remembered Sets 558.470ms
[2025-01-09T00:40:21.074+0000][188091.441s][info][gc,start    ] GC(6670) Pause Cleanup
[2025-01-09T00:40:21.075+0000][188091.441s][info][gc          ] GC(6670) Pause Cleanup 3398M->3398M(12288M) 0.459ms
[2025-01-09T00:40:21.075+0000][188091.441s][info][gc,cpu      ] GC(6670) User=0.00s Sys=0.00s Real=0.00s
[2025-01-09T00:40:21.075+0000][188091.441s][info][gc,marking  ] GC(6670) Concurrent Cleanup for Next Mark
[2025-01-09T00:40:21.103+0000][188091.469s][info][gc,marking  ] GC(6670) Concurrent Cleanup for Next Mark 27.532ms
[2025-01-09T00:40:21.103+0000][188091.469s][info][gc          ] GC(6670) Concurrent Mark Cycle 1507.394ms
[2025-01-09T00:40:27.502+0000][188097.868s][info][gc,start    ] GC(6671) Pause Young (Prepare Mixed) (G1 Evacuation Pause)
[2025-01-09T00:40:27.502+0000][188097.868s][info][gc,task     ] GC(6671) Using 6 workers of 6 for evacuation
[2025-01-09T00:40:27.536+0000][188097.902s][info][gc,phases   ] GC(6671)   Pre Evacuate Collection Set: 0.2ms
[2025-01-09T00:40:27.536+0000][188097.902s][info][gc,phases   ] GC(6671)   Merge Heap Roots: 0.7ms
[2025-01-09T00:40:27.536+0000][188097.902s][info][gc,phases   ] GC(6671)   Evacuate Collection Set: 30.7ms
[2025-01-09T00:40:27.536+0000][188097.902s][info][gc,phases   ] GC(6671)   Post Evacuate Collection Set: 2.6ms
[2025-01-09T00:40:27.536+0000][188097.902s][info][gc,phases   ] GC(6671)   Other: 0.2ms
[2025-01-09T00:40:27.536+0000][188097.902s][info][gc,heap     ] GC(6671) Eden regions: 912->0(66)
[2025-01-09T00:40:27.536+0000][188097.902s][info][gc,heap     ] GC(6671) Survivor regions: 9->10(116)
[2025-01-09T00:40:27.536+0000][188097.902s][info][gc,heap     ] GC(6671) Old regions: 230->230
[2025-01-09T00:40:27.536+0000][188097.902s][info][gc,heap     ] GC(6671) Archive regions: 2->2
[2025-01-09T00:40:27.536+0000][188097.902s][info][gc,heap     ] GC(6671) Humongous regions: 49->49
[2025-01-09T00:40:27.536+0000][188097.902s][info][gc,metaspace] GC(6671) Metaspace: 524677K(534016K)->524677K(534016K) NonClass: 460741K(465280K)->460741K(465280K) Class: 63935K(68736K)->63935K(68736K)
[2025-01-09T00:40:27.536+0000][188097.902s][info][gc          ] GC(6671) Pause Young (Prepare Mixed) (G1 Evacuation Pause) 9602M->2310M(12288M) 34.443ms
[2025-01-09T00:40:27.536+0000][188097.902s][info][gc,cpu      ] GC(6671) User=0.20s Sys=0.00s Real=0.03s
[2025-01-09T00:40:27.867+0000][188098.233s][info][gc,start    ] GC(6672) Pause Young (Mixed) (G1 Evacuation Pause)
[2025-01-09T00:40:27.867+0000][188098.233s][info][gc,task     ] GC(6672) Using 6 workers of 6 for evacuation
[2025-01-09T00:40:27.932+0000][188098.298s][info][gc,phases   ] GC(6672)   Pre Evacuate Collection Set: 0.2ms
[2025-01-09T00:40:27.932+0000][188098.298s][info][gc,phases   ] GC(6672)   Merge Heap Roots: 0.7ms
[2025-01-09T00:40:27.932+0000][188098.298s][info][gc,phases   ] GC(6672)   Evacuate Collection Set: 61.6ms
[2025-01-09T00:40:27.932+0000][188098.298s][info][gc,phases   ] GC(6672)   Post Evacuate Collection Set: 1.8ms
[2025-01-09T00:40:27.932+0000][188098.298s][info][gc,phases   ] GC(6672)   Other: 0.2ms
[2025-01-09T00:40:27.932+0000][188098.298s][info][gc,heap     ] GC(6672) Eden regions: 66->0(916)
[2025-01-09T00:40:27.932+0000][188098.298s][info][gc,heap     ] GC(6672) Survivor regions: 10->5(10)
[2025-01-09T00:40:27.932+0000][188098.298s][info][gc,heap     ] GC(6672) Old regions: 230->230
[2025-01-09T00:40:27.932+0000][188098.298s][info][gc,heap     ] GC(6672) Archive regions: 2->2
[2025-01-09T00:40:27.932+0000][188098.298s][info][gc,heap     ] GC(6672) Humongous regions: 49->49
[2025-01-09T00:40:27.932+0000][188098.298s][info][gc,metaspace] GC(6672) Metaspace: 524677K(534016K)->524677K(534016K) NonClass: 460741K(465280K)->460741K(465280K) Class: 63935K(68736K)->63935K(68736K)
[2025-01-09T00:40:27.932+0000][188098.298s][info][gc          ] GC(6672) Pause Young (Mixed) (G1 Evacuation Pause) 2838M->2274M(12288M) 64.597ms
[2025-01-09T00:40:27.932+0000][188098.298s][info][gc,cpu      ] GC(6672) User=0.37s Sys=0.00s Real=0.07s
[2025-01-09T00:40:35.546+0000][188105.912s][info][gc,start    ] GC(6673) Pause Young (Normal) (G1 Evacuation Pause)
[2025-01-09T00:40:35.546+0000][188105.912s][info][gc,task     ] GC(6673) Using 6 workers of 6 for evacuation
[2025-01-09T00:40:35.572+0000][188105.938s][info][gc,phases   ] GC(6673)   Pre Evacuate Collection Set: 0.2ms
[2025-01-09T00:40:35.572+0000][188105.938s][info][gc,phases   ] GC(6673)   Merge Heap Roots: 0.4ms
[2025-01-09T00:40:35.572+0000][188105.938s][info][gc,phases   ] GC(6673)   Evacuate Collection Set: 21.3ms
[2025-01-09T00:40:35.572+0000][188105.938s][info][gc,phases   ] GC(6673)   Post Evacuate Collection Set: 3.9ms
[2025-01-09T00:40:35.572+0000][188105.938s][info][gc,phases   ] GC(6673)   Other: 0.2ms
[2025-01-09T00:40:35.572+0000][188105.938s][info][gc,heap     ] GC(6673) Eden regions: 916->0(914)
[2025-01-09T00:40:35.572+0000][188105.938s][info][gc,heap     ] GC(6673) Survivor regions: 5->7(116)
[2025-01-09T00:40:35.572+0000][188105.938s][info][gc,heap     ] GC(6673) Old regions: 230->230
[2025-01-09T00:40:35.572+0000][188105.938s][info][gc,heap     ] GC(6673) Archive regions: 2->2
[2025-01-09T00:40:35.572+0000][188105.938s][info][gc,heap     ] GC(6673) Humongous regions: 49->49
[2025-01-09T00:40:35.572+0000][188105.938s][info][gc,metaspace] GC(6673) Metaspace: 524677K(534016K)->524677K(534016K) NonClass: 460741K(465280K)->460741K(465280K) Class: 63935K(68736K)->63935K(68736K)
[2025-01-09T00:40:35.572+0000][188105.938s][info][gc          ] GC(6673) Pause Young (Normal) (G1 Evacuation Pause) 9602M->2290M(12288M) 26.202ms
[2025-01-09T00:40:35.572+0000][188105.938s][info][gc,cpu      ] GC(6673) User=0.15s Sys=0.00s Real=0.03s
[2025-01-09T00:40:44.743+0000][188115.109s][info][gc,start    ] GC(6674) Pause Young (Normal) (G1 Evacuation Pause)
[2025-01-09T00:40:44.743+0000][188115.109s][info][gc,task     ] GC(6674) Using 6 workers of 6 for evacuation
[2025-01-09T00:40:44.771+0000][188115.138s][info][gc,phases   ] GC(6674)   Pre Evacuate Collection Set: 0.2ms
[2025-01-09T00:40:44.772+0000][188115.138s][info][gc,phases   ] GC(6674)   Merge Heap Roots: 0.4ms
[2025-01-09T00:40:44.772+0000][188115.138s][info][gc,phases   ] GC(6674)   Evacuate Collection Set: 25.5ms
[2025-01-09T00:40:44.772+0000][188115.138s][info][gc,phases   ] GC(6674)   Post Evacuate Collection Set: 2.6ms
[2025-01-09T00:40:44.772+0000][188115.138s][info][gc,phases   ] GC(6674)   Other: 0.2ms
[2025-01-09T00:40:44.772+0000][188115.138s][info][gc,heap     ] GC(6674) Eden regions: 914->0(913)
[2025-01-09T00:40:44.772+0000][188115.138s][info][gc,heap     ] GC(6674) Survivor regions: 7->8(116)
[2025-01-09T00:40:44.772+0000][188115.138s][info][gc,heap     ] GC(6674) Old regions: 230->230
[2025-01-09T00:40:44.772+0000][188115.138s][info][gc,heap     ] GC(6674) Archive regions: 2->2
[2025-01-09T00:40:44.772+0000][188115.138s][info][gc,heap     ] GC(6674) Humongous regions: 49->49
[2025-01-09T00:40:44.772+0000][188115.138s][info][gc,metaspace] GC(6674) Metaspace: 524677K(534016K)->524677K(534016K) NonClass: 460741K(465280K)->460741K(465280K) Class: 63935K(68736K)->63935K(68736K)
[2025-01-09T00:40:44.772+0000][188115.138s][info][gc          ] GC(6674) Pause Young (Normal) (G1 Evacuation Pause) 9602M->2296M(12288M) 28.975ms
[2025-01-09T00:40:44.772+0000][188115.138s][info][gc,cpu      ] GC(6674) User=0.17s Sys=0.01s Real=0.03s
[2025-01-09T00:40:54.305+0000][188124.671s][info][gc,start    ] GC(6675) Pause Young (Concurrent Start) (G1 Evacuation Pause)
[2025-01-09T00:40:54.305+0000][188124.671s][info][gc,task     ] GC(6675) Using 6 workers of 6 for evacuation
[2025-01-09T00:40:54.342+0000][188124.708s][info][gc,phases   ] GC(6675)   Pre Evacuate Collection Set: 1.2ms
[2025-01-09T00:40:54.342+0000][188124.708s][info][gc,phases   ] GC(6675)   Merge Heap Roots: 0.5ms
[2025-01-09T00:40:54.342+0000][188124.708s][info][gc,phases   ] GC(6675)   Evacuate Collection Set: 32.4ms
[2025-01-09T00:40:54.342+0000][188124.708s][info][gc,phases   ] GC(6675)   Post Evacuate Collection Set: 2.7ms
[2025-01-09T00:40:54.342+0000][188124.709s][info][gc,phases   ] GC(6675)   Other: 0.3ms
[2025-01-09T00:40:54.342+0000][188124.709s][info][gc,heap     ] GC(6675) Eden regions: 913->0(911)
[2025-01-09T00:40:54.342+0000][188124.709s][info][gc,heap     ] GC(6675) Survivor regions: 8->10(116)
[2025-01-09T00:40:54.342+0000][188124.709s][info][gc,heap     ] GC(6675) Old regions: 230->230
[2025-01-09T00:40:54.342+0000][188124.709s][info][gc,heap     ] GC(6675) Archive regions: 2->2
[2025-01-09T00:40:54.342+0000][188124.709s][info][gc,heap     ] GC(6675) Humongous regions: 49->49
[2025-01-09T00:40:54.342+0000][188124.709s][info][gc,metaspace] GC(6675) Metaspace: 524677K(534016K)->524677K(534016K) NonClass: 460741K(465280K)->460741K(465280K) Class: 63935K(68736K)->63935K(68736K)
[2025-01-09T00:40:54.342+0000][188124.709s][info][gc          ] GC(6675) Pause Young (Concurrent Start) (G1 Evacuation Pause) 9600M->2317M(12288M) 37.143ms
[2025-01-09T00:40:54.343+0000][188124.709s][info][gc,cpu      ] GC(6675) User=0.22s Sys=0.00s Real=0.04s
[2025-01-09T00:40:54.343+0000][188124.709s][info][gc          ] GC(6676) Concurrent Mark Cycle
[2025-01-09T00:40:54.343+0000][188124.709s][info][gc,marking  ] GC(6676) Concurrent Clear Claimed Marks
[2025-01-09T00:40:54.344+0000][188124.710s][info][gc,marking  ] GC(6676) Concurrent Clear Claimed Marks 0.965ms
[2025-01-09T00:40:54.344+0000][188124.710s][info][gc,marking  ] GC(6676) Concurrent Scan Root Regions
[2025-01-09T00:40:54.372+0000][188124.738s][info][gc,marking  ] GC(6676) Concurrent Scan Root Regions 28.139ms
[2025-01-09T00:40:54.372+0000][188124.738s][info][gc,marking  ] GC(6676) Concurrent Mark
[2025-01-09T00:40:54.372+0000][188124.738s][info][gc,marking  ] GC(6676) Concurrent Mark From Roots
[2025-01-09T00:40:54.372+0000][188124.738s][info][gc,task     ] GC(6676) Using 2 workers of 2 for marking
[2025-01-09T00:40:55.175+0000][188125.541s][info][gc,marking  ] GC(6676) Concurrent Mark From Roots 803.419ms
[2025-01-09T00:40:55.175+0000][188125.541s][info][gc,marking  ] GC(6676) Concurrent Preclean
[2025-01-09T00:40:55.178+0000][188125.544s][info][gc,marking  ] GC(6676) Concurrent Preclean 2.487ms
[2025-01-09T00:40:55.178+0000][188125.544s][info][gc,start    ] GC(6676) Pause Remark
[2025-01-09T00:40:55.203+0000][188125.569s][info][gc          ] GC(6676) Pause Remark 2949M->2949M(12288M) 25.532ms
[2025-01-09T00:40:55.203+0000][188125.570s][info][gc,cpu      ] GC(6676) User=0.15s Sys=0.00s Real=0.03s
[2025-01-09T00:40:55.204+0000][188125.570s][info][gc,marking  ] GC(6676) Concurrent Mark 831.816ms
[2025-01-09T00:40:55.204+0000][188125.570s][info][gc,marking  ] GC(6676) Concurrent Rebuild Remembered Sets
[2025-01-09T00:40:55.713+0000][188126.079s][info][gc,marking  ] GC(6676) Concurrent Rebuild Remembered Sets 509.143ms
[2025-01-09T00:40:55.713+0000][188126.079s][info][gc,start    ] GC(6676) Pause Cleanup
[2025-01-09T00:40:55.713+0000][188126.079s][info][gc          ] GC(6676) Pause Cleanup 3389M->3389M(12288M) 0.360ms
[2025-01-09T00:40:55.713+0000][188126.079s][info][gc,cpu      ] GC(6676) User=0.00s Sys=0.00s Real=0.00s
[2025-01-09T00:40:55.713+0000][188126.079s][info][gc,marking  ] GC(6676) Concurrent Cleanup for Next Mark
[2025-01-09T00:40:55.730+0000][188126.096s][info][gc,marking  ] GC(6676) Concurrent Cleanup for Next Mark 16.221ms
[2025-01-09T00:40:55.730+0000][188126.096s][info][gc          ] GC(6676) Concurrent Mark Cycle 1387.079ms
[2025-01-09T00:41:02.048+0000][188132.414s][info][gc,start    ] GC(6677) Pause Young (Prepare Mixed) (G1 Evacuation Pause)
[2025-01-09T00:41:02.048+0000][188132.414s][info][gc,task     ] GC(6677) Using 6 workers of 6 for evacuation
[2025-01-09T00:41:02.088+0000][188132.454s][info][gc,phases   ] GC(6677)   Pre Evacuate Collection Set: 0.2ms
[2025-01-09T00:41:02.088+0000][188132.454s][info][gc,phases   ] GC(6677)   Merge Heap Roots: 0.7ms
[2025-01-09T00:41:02.088+0000][188132.454s][info][gc,phases   ] GC(6677)   Evacuate Collection Set: 36.3ms
[2025-01-09T00:41:02.088+0000][188132.454s][info][gc,phases   ] GC(6677)   Post Evacuate Collection Set: 2.6ms
[2025-01-09T00:41:02.088+0000][188132.454s][info][gc,phases   ] GC(6677)   Other: 0.2ms
[2025-01-09T00:41:02.088+0000][188132.454s][info][gc,heap     ] GC(6677) Eden regions: 911->0(65)
[2025-01-09T00:41:02.088+0000][188132.454s][info][gc,heap     ] GC(6677) Survivor regions: 10->11(116)
[2025-01-09T00:41:02.088+0000][188132.454s][info][gc,heap     ] GC(6677) Old regions: 230->230
[2025-01-09T00:41:02.088+0000][188132.454s][info][gc,heap     ] GC(6677) Archive regions: 2->2
[2025-01-09T00:41:02.088+0000][188132.454s][info][gc,heap     ] GC(6677) Humongous regions: 49->49
[2025-01-09T00:41:02.088+0000][188132.454s][info][gc,metaspace] GC(6677) Metaspace: 524677K(534016K)->524677K(534016K) NonClass: 460741K(465280K)->460741K(465280K) Class: 63935K(68736K)->63935K(68736K)
[2025-01-09T00:41:02.088+0000][188132.454s][info][gc          ] GC(6677) Pause Young (Prepare Mixed) (G1 Evacuation Pause) 9605M->2320M(12288M) 40.106ms
[2025-01-09T00:41:02.088+0000][188132.454s][info][gc,cpu      ] GC(6677) User=0.23s Sys=0.00s Real=0.04s
[2025-01-09T00:41:02.967+0000][188133.333s][info][gc,start    ] GC(6678) Pause Young (Mixed) (G1 Evacuation Pause)
[2025-01-09T00:41:02.967+0000][188133.333s][info][gc,task     ] GC(6678) Using 6 workers of 6 for evacuation
[2025-01-09T00:41:03.030+0000][188133.396s][info][gc,phases   ] GC(6678)   Pre Evacuate Collection Set: 0.2ms
[2025-01-09T00:41:03.030+0000][188133.396s][info][gc,phases   ] GC(6678)   Merge Heap Roots: 0.6ms
[2025-01-09T00:41:03.030+0000][188133.396s][info][gc,phases   ] GC(6678)   Evacuate Collection Set: 60.8ms
[2025-01-09T00:41:03.030+0000][188133.396s][info][gc,phases   ] GC(6678)   Post Evacuate Collection Set: 1.9ms
[2025-01-09T00:41:03.030+0000][188133.396s][info][gc,phases   ] GC(6678)   Other: 0.2ms
[2025-01-09T00:41:03.030+0000][188133.396s][info][gc,heap     ] GC(6678) Eden regions: 65->0(915)
[2025-01-09T00:41:03.030+0000][188133.396s][info][gc,heap     ] GC(6678) Survivor regions: 11->6(10)
[2025-01-09T00:41:03.030+0000][188133.396s][info][gc,heap     ] GC(6678) Old regions: 230->232
[2025-01-09T00:41:03.030+0000][188133.396s][info][gc,heap     ] GC(6678) Archive regions: 2->2
[2025-01-09T00:41:03.030+0000][188133.396s][info][gc,heap     ] GC(6678) Humongous regions: 49->49
[2025-01-09T00:41:03.030+0000][188133.396s][info][gc,metaspace] GC(6678) Metaspace: 524677K(534016K)->524677K(534016K) NonClass: 460741K(465280K)->460741K(465280K) Class: 63935K(68736K)->63935K(68736K)
[2025-01-09T00:41:03.030+0000][188133.396s][info][gc          ] GC(6678) Pause Young (Mixed) (G1 Evacuation Pause) 2840M->2301M(12288M) 63.725ms
[2025-01-09T00:41:03.030+0000][188133.397s][info][gc,cpu      ] GC(6678) User=0.37s Sys=0.00s Real=0.07s
[2025-01-09T00:41:13.650+0000][188144.016s][info][gc,start    ] GC(6679) Pause Young (Normal) (G1 Evacuation Pause)
[2025-01-09T00:41:13.650+0000][188144.016s][info][gc,task     ] GC(6679) Using 6 workers of 6 for evacuation
[2025-01-09T00:41:13.680+0000][188144.047s][info][gc,phases   ] GC(6679)   Pre Evacuate Collection Set: 0.2ms
[2025-01-09T00:41:13.681+0000][188144.047s][info][gc,phases   ] GC(6679)   Merge Heap Roots: 0.5ms
[2025-01-09T00:41:13.681+0000][188144.047s][info][gc,phases   ] GC(6679)   Evacuate Collection Set: 26.9ms
[2025-01-09T00:41:13.681+0000][188144.047s][info][gc,phases   ] GC(6679)   Post Evacuate Collection Set: 2.6ms
[2025-01-09T00:41:13.681+0000][188144.047s][info][gc,phases   ] GC(6679)   Other: 0.2ms
[2025-01-09T00:41:13.681+0000][188144.047s][info][gc,heap     ] GC(6679) Eden regions: 915->0(914)
[2025-01-09T00:41:13.681+0000][188144.047s][info][gc,heap     ] GC(6679) Survivor regions: 6->7(116)
[2025-01-09T00:41:13.681+0000][188144.047s][info][gc,heap     ] GC(6679) Old regions: 232->232
[2025-01-09T00:41:13.681+0000][188144.047s][info][gc,heap     ] GC(6679) Archive regions: 2->2
[2025-01-09T00:41:13.681+0000][188144.047s][info][gc,heap     ] GC(6679) Humongous regions: 49->49
[2025-01-09T00:41:13.681+0000][188144.047s][info][gc,metaspace] GC(6679) Metaspace: 524677K(534016K)->524677K(534016K) NonClass: 460742K(465280K)->460742K(465280K) Class: 63935K(68736K)->63935K(68736K)
[2025-01-09T00:41:13.681+0000][188144.047s][info][gc          ] GC(6679) Pause Young (Normal) (G1 Evacuation Pause) 9621M->2310M(12288M) 30.414ms
[2025-01-09T00:41:13.681+0000][188144.047s][info][gc,cpu      ] GC(6679) User=0.18s Sys=0.00s Real=0.02s
[2025-01-09T00:41:22.841+0000][188153.207s][info][gc,start    ] GC(6680) Pause Young (Normal) (GCLocker Initiated GC)
[2025-01-09T00:41:22.841+0000][188153.207s][info][gc,task     ] GC(6680) Using 6 workers of 6 for evacuation
[2025-01-09T00:41:22.876+0000][188153.242s][info][gc,phases   ] GC(6680)   Pre Evacuate Collection Set: 0.2ms
[2025-01-09T00:41:22.876+0000][188153.242s][info][gc,phases   ] GC(6680)   Merge Heap Roots: 0.5ms
[2025-01-09T00:41:22.876+0000][188153.242s][info][gc,phases   ] GC(6680)   Evacuate Collection Set: 28.7ms
[2025-01-09T00:41:22.876+0000][188153.242s][info][gc,phases   ] GC(6680)   Post Evacuate Collection Set: 5.3ms
[2025-01-09T00:41:22.876+0000][188153.242s][info][gc,phases   ] GC(6680)   Other: 0.2ms
[2025-01-09T00:41:22.876+0000][188153.242s][info][gc,heap     ] GC(6680) Eden regions: 914->0(911)
[2025-01-09T00:41:22.876+0000][188153.242s][info][gc,heap     ] GC(6680) Survivor regions: 7->10(116)
[2025-01-09T00:41:22.876+0000][188153.242s][info][gc,heap     ] GC(6680) Old regions: 232->232
[2025-01-09T00:41:22.876+0000][188153.242s][info][gc,heap     ] GC(6680) Archive regions: 2->2
[2025-01-09T00:41:22.876+0000][188153.242s][info][gc,heap     ] GC(6680) Humongous regions: 49->49
[2025-01-09T00:41:22.876+0000][188153.242s][info][gc,metaspace] GC(6680) Metaspace: 524678K(534016K)->524678K(534016K) NonClass: 460743K(465280K)->460743K(465280K) Class: 63935K(68736K)->63935K(68736K)
[2025-01-09T00:41:22.876+0000][188153.242s][info][gc          ] GC(6680) Pause Young (Normal) (GCLocker Initiated GC) 9622M->2333M(12288M) 34.941ms
[2025-01-09T00:41:22.876+0000][188153.242s][info][gc,cpu      ] GC(6680) User=0.20s Sys=0.00s Real=0.04s
[2025-01-09T00:41:31.415+0000][188161.781s][info][gc,start    ] GC(6681) Pause Young (Concurrent Start) (G1 Evacuation Pause)
[2025-01-09T00:41:31.415+0000][188161.781s][info][gc,task     ] GC(6681) Using 6 workers of 6 for evacuation
[2025-01-09T00:41:31.451+0000][188161.817s][info][gc,phases   ] GC(6681)   Pre Evacuate Collection Set: 1.2ms
[2025-01-09T00:41:31.451+0000][188161.817s][info][gc,phases   ] GC(6681)   Merge Heap Roots: 0.5ms
[2025-01-09T00:41:31.451+0000][188161.817s][info][gc,phases   ] GC(6681)   Evacuate Collection Set: 30.2ms
[2025-01-09T00:41:31.451+0000][188161.817s][info][gc,phases   ] GC(6681)   Post Evacuate Collection Set: 4.0ms
[2025-01-09T00:41:31.451+0000][188161.817s][info][gc,phases   ] GC(6681)   Other: 0.3ms
[2025-01-09T00:41:31.451+0000][188161.817s][info][gc,heap     ] GC(6681) Eden regions: 911->0(910)
[2025-01-09T00:41:31.451+0000][188161.817s][info][gc,heap     ] GC(6681) Survivor regions: 10->11(116)
[2025-01-09T00:41:31.451+0000][188161.817s][info][gc,heap     ] GC(6681) Old regions: 232->232
[2025-01-09T00:41:31.451+0000][188161.817s][info][gc,heap     ] GC(6681) Archive regions: 2->2
[2025-01-09T00:41:31.451+0000][188161.817s][info][gc,heap     ] GC(6681) Humongous regions: 49->49
[2025-01-09T00:41:31.451+0000][188161.817s][info][gc,metaspace] GC(6681) Metaspace: 524678K(534016K)->524678K(534016K) NonClass: 460743K(465280K)->460743K(465280K) Class: 63935K(68736K)->63935K(68736K)
[2025-01-09T00:41:31.451+0000][188161.817s][info][gc          ] GC(6681) Pause Young (Concurrent Start) (G1 Evacuation Pause) 9621M->2338M(12288M) 36.120ms
[2025-01-09T00:41:31.451+0000][188161.817s][info][gc,cpu      ] GC(6681) User=0.21s Sys=0.00s Real=0.04s
[2025-01-09T00:41:31.451+0000][188161.817s][info][gc          ] GC(6682) Concurrent Mark Cycle
[2025-01-09T00:41:31.451+0000][188161.817s][info][gc,marking  ] GC(6682) Concurrent Clear Claimed Marks
[2025-01-09T00:41:31.452+0000][188161.818s][info][gc,marking  ] GC(6682) Concurrent Clear Claimed Marks 0.919ms
[2025-01-09T00:41:31.452+0000][188161.818s][info][gc,marking  ] GC(6682) Concurrent Scan Root Regions
[2025-01-09T00:41:31.479+0000][188161.845s][info][gc,marking  ] GC(6682) Concurrent Scan Root Regions 26.312ms
[2025-01-09T00:41:31.479+0000][188161.845s][info][gc,marking  ] GC(6682) Concurrent Mark
[2025-01-09T00:41:31.479+0000][188161.845s][info][gc,marking  ] GC(6682) Concurrent Mark From Roots
[2025-01-09T00:41:31.479+0000][188161.845s][info][gc,task     ] GC(6682) Using 2 workers of 2 for marking
[2025-01-09T00:41:32.330+0000][188162.696s][info][gc,marking  ] GC(6682) Concurrent Mark From Roots 850.895ms
[2025-01-09T00:41:32.330+0000][188162.696s][info][gc,marking  ] GC(6682) Concurrent Preclean
[2025-01-09T00:41:32.332+0000][188162.698s][info][gc,marking  ] GC(6682) Concurrent Preclean 2.573ms
[2025-01-09T00:41:32.332+0000][188162.698s][info][gc,start    ] GC(6682) Pause Remark
[2025-01-09T00:41:32.358+0000][188162.724s][info][gc          ] GC(6682) Pause Remark 3578M->3578M(12288M) 25.651ms
[2025-01-09T00:41:32.358+0000][188162.724s][info][gc,cpu      ] GC(6682) User=0.15s Sys=0.00s Real=0.02s
[2025-01-09T00:41:32.358+0000][188162.724s][info][gc,marking  ] GC(6682) Concurrent Mark 879.444ms
[2025-01-09T00:41:32.358+0000][188162.724s][info][gc,marking  ] GC(6682) Concurrent Rebuild Remembered Sets
[2025-01-09T00:41:32.894+0000][188163.260s][info][gc,marking  ] GC(6682) Concurrent Rebuild Remembered Sets 535.455ms
[2025-01-09T00:41:32.894+0000][188163.260s][info][gc,start    ] GC(6682) Pause Cleanup
[2025-01-09T00:41:32.894+0000][188163.260s][info][gc          ] GC(6682) Pause Cleanup 4122M->4122M(12288M) 0.427ms
[2025-01-09T00:41:32.894+0000][188163.260s][info][gc,cpu      ] GC(6682) User=0.00s Sys=0.00s Real=0.00s
[2025-01-09T00:41:32.894+0000][188163.260s][info][gc,marking  ] GC(6682) Concurrent Cleanup for Next Mark
[2025-01-09T00:41:32.910+0000][188163.276s][info][gc,marking  ] GC(6682) Concurrent Cleanup for Next Mark 15.782ms
[2025-01-09T00:41:32.910+0000][188163.276s][info][gc          ] GC(6682) Concurrent Mark Cycle 1458.727ms
[2025-01-09T00:41:37.222+0000][188167.588s][info][gc,start    ] GC(6683) Pause Young (Prepare Mixed) (G1 Evacuation Pause)
[2025-01-09T00:41:37.222+0000][188167.588s][info][gc,task     ] GC(6683) Using 6 workers of 6 for evacuation
[2025-01-09T00:41:37.258+0000][188167.624s][info][gc,phases   ] GC(6683)   Pre Evacuate Collection Set: 0.2ms
[2025-01-09T00:41:37.258+0000][188167.624s][info][gc,phases   ] GC(6683)   Merge Heap Roots: 0.7ms
[2025-01-09T00:41:37.258+0000][188167.624s][info][gc,phases   ] GC(6683)   Evacuate Collection Set: 31.9ms
[2025-01-09T00:41:37.258+0000][188167.624s][info][gc,phases   ] GC(6683)   Post Evacuate Collection Set: 2.5ms
[2025-01-09T00:41:37.258+0000][188167.624s][info][gc,phases   ] GC(6683)   Other: 0.2ms
[2025-01-09T00:41:37.258+0000][188167.624s][info][gc,heap     ] GC(6683) Eden regions: 910->0(65)
[2025-01-09T00:41:37.258+0000][188167.624s][info][gc,heap     ] GC(6683) Survivor regions: 11->11(116)
[2025-01-09T00:41:37.258+0000][188167.624s][info][gc,heap     ] GC(6683) Old regions: 232->232
[2025-01-09T00:41:37.258+0000][188167.624s][info][gc,heap     ] GC(6683) Archive regions: 2->2
[2025-01-09T00:41:37.258+0000][188167.624s][info][gc,heap     ] GC(6683) Humongous regions: 49->49
[2025-01-09T00:41:37.258+0000][188167.624s][info][gc,metaspace] GC(6683) Metaspace: 524679K(534016K)->524679K(534016K) NonClass: 460744K(465280K)->460744K(465280K) Class: 63935K(68736K)->63935K(68736K)
[2025-01-09T00:41:37.258+0000][188167.624s][info][gc          ] GC(6683) Pause Young (Prepare Mixed) (G1 Evacuation Pause) 9618M->2341M(12288M) 35.560ms
[2025-01-09T00:41:37.258+0000][188167.624s][info][gc,cpu      ] GC(6683) User=0.20s Sys=0.00s Real=0.03s
[2025-01-09T00:41:37.890+0000][188168.256s][info][gc,start    ] GC(6684) Pause Young (Mixed) (G1 Evacuation Pause)
[2025-01-09T00:41:37.890+0000][188168.256s][info][gc,task     ] GC(6684) Using 6 workers of 6 for evacuation
[2025-01-09T00:41:37.940+0000][188168.306s][info][gc,phases   ] GC(6684)   Pre Evacuate Collection Set: 0.2ms
[2025-01-09T00:41:37.940+0000][188168.306s][info][gc,phases   ] GC(6684)   Merge Heap Roots: 0.5ms
[2025-01-09T00:41:37.940+0000][188168.306s][info][gc,phases   ] GC(6684)   Evacuate Collection Set: 47.7ms
[2025-01-09T00:41:37.940+0000][188168.306s][info][gc,phases   ] GC(6684)   Post Evacuate Collection Set: 1.6ms
[2025-01-09T00:41:37.940+0000][188168.306s][info][gc,phases   ] GC(6684)   Other: 0.2ms
[2025-01-09T00:41:37.940+0000][188168.306s][info][gc,heap     ] GC(6684) Eden regions: 65->0(916)
[2025-01-09T00:41:37.940+0000][188168.306s][info][gc,heap     ] GC(6684) Survivor regions: 11->5(10)
[2025-01-09T00:41:37.940+0000][188168.306s][info][gc,heap     ] GC(6684) Old regions: 232->232
[2025-01-09T00:41:37.940+0000][188168.306s][info][gc,heap     ] GC(6684) Archive regions: 2->2
[2025-01-09T00:41:37.940+0000][188168.306s][info][gc,heap     ] GC(6684) Humongous regions: 49->49
[2025-01-09T00:41:37.940+0000][188168.306s][info][gc,metaspace] GC(6684) Metaspace: 524679K(534016K)->524679K(534016K) NonClass: 460744K(465280K)->460744K(465280K) Class: 63935K(68736K)->63935K(68736K)
[2025-01-09T00:41:37.940+0000][188168.306s][info][gc          ] GC(6684) Pause Young (Mixed) (G1 Evacuation Pause) 2861M->2294M(12288M) 50.307ms
[2025-01-09T00:41:37.940+0000][188168.307s][info][gc,cpu      ] GC(6684) User=0.29s Sys=0.00s Real=0.04s
[2025-01-09T00:41:45.457+0000][188175.823s][info][gc,start    ] GC(6685) Pause Young (Normal) (G1 Evacuation Pause)
[2025-01-09T00:41:45.457+0000][188175.823s][info][gc,task     ] GC(6685) Using 6 workers of 6 for evacuation
[2025-01-09T00:41:45.479+0000][188175.845s][info][gc,phases   ] GC(6685)   Pre Evacuate Collection Set: 0.2ms
[2025-01-09T00:41:45.479+0000][188175.845s][info][gc,phases   ] GC(6685)   Merge Heap Roots: 0.4ms
[2025-01-09T00:41:45.479+0000][188175.845s][info][gc,phases   ] GC(6685)   Evacuate Collection Set: 18.9ms
[2025-01-09T00:41:45.479+0000][188175.845s][info][gc,phases   ] GC(6685)   Post Evacuate Collection Set: 2.5ms
[2025-01-09T00:41:45.479+0000][188175.845s][info][gc,phases   ] GC(6685)   Other: 0.2ms
[2025-01-09T00:41:45.479+0000][188175.845s][info][gc,heap     ] GC(6685) Eden regions: 916->0(915)
[2025-01-09T00:41:45.479+0000][188175.845s][info][gc,heap     ] GC(6685) Survivor regions: 5->6(116)
[2025-01-09T00:41:45.479+0000][188175.845s][info][gc,heap     ] GC(6685) Old regions: 232->232
[2025-01-09T00:41:45.479+0000][188175.845s][info][gc,heap     ] GC(6685) Archive regions: 2->2
[2025-01-09T00:41:45.479+0000][188175.845s][info][gc,heap     ] GC(6685) Humongous regions: 49->49
[2025-01-09T00:41:45.479+0000][188175.845s][info][gc,metaspace] GC(6685) Metaspace: 524679K(534016K)->524679K(534016K) NonClass: 460744K(465280K)->460744K(465280K) Class: 63935K(68736K)->63935K(68736K)
[2025-01-09T00:41:45.479+0000][188175.845s][info][gc          ] GC(6685) Pause Young (Normal) (G1 Evacuation Pause) 9622M->2297M(12288M) 22.261ms
[2025-01-09T00:41:45.479+0000][188175.845s][info][gc,cpu      ] GC(6685) User=0.12s Sys=0.00s Real=0.02s
[2025-01-09T00:41:57.765+0000][188188.131s][info][gc,start    ] GC(6686) Pause Young (Normal) (G1 Evacuation Pause)
[2025-01-09T00:41:57.765+0000][188188.131s][info][gc,task     ] GC(6686) Using 6 workers of 6 for evacuation
[2025-01-09T00:41:57.793+0000][188188.159s][info][gc,phases   ] GC(6686)   Pre Evacuate Collection Set: 0.2ms
[2025-01-09T00:41:57.793+0000][188188.159s][info][gc,phases   ] GC(6686)   Merge Heap Roots: 0.4ms
[2025-01-09T00:41:57.793+0000][188188.159s][info][gc,phases   ] GC(6686)   Evacuate Collection Set: 23.7ms
[2025-01-09T00:41:57.793+0000][188188.159s][info][gc,phases   ] GC(6686)   Post Evacuate Collection Set: 2.7ms
[2025-01-09T00:41:57.793+0000][188188.159s][info][gc,phases   ] GC(6686)   Other: 0.2ms
[2025-01-09T00:41:57.793+0000][188188.159s][info][gc,heap     ] GC(6686) Eden regions: 915->0(913)
[2025-01-09T00:41:57.793+0000][188188.159s][info][gc,heap     ] GC(6686) Survivor regions: 6->8(116)
[2025-01-09T00:41:57.793+0000][188188.159s][info][gc,heap     ] GC(6686) Old regions: 232->232
[2025-01-09T00:41:57.793+0000][188188.159s][info][gc,heap     ] GC(6686) Archive regions: 2->2
[2025-01-09T00:41:57.793+0000][188188.159s][info][gc,heap     ] GC(6686) Humongous regions: 49->49
[2025-01-09T00:41:57.793+0000][188188.159s][info][gc,metaspace] GC(6686) Metaspace: 524679K(534016K)->524679K(534016K) NonClass: 460744K(465280K)->460744K(465280K) Class: 63935K(68736K)->63935K(68736K)
[2025-01-09T00:41:57.793+0000][188188.159s][info][gc          ] GC(6686) Pause Young (Normal) (G1 Evacuation Pause) 9617M->2314M(12288M) 27.267ms
[2025-01-09T00:41:57.793+0000][188188.159s][info][gc,cpu      ] GC(6686) User=0.15s Sys=0.00s Real=0.03s
[2025-01-09T00:42:05.906+0000][188196.273s][info][gc,start    ] GC(6687) Pause Young (Concurrent Start) (G1 Evacuation Pause)
[2025-01-09T00:42:05.906+0000][188196.273s][info][gc,task     ] GC(6687) Using 6 workers of 6 for evacuation
[2025-01-09T00:42:05.939+0000][188196.305s][info][gc,phases   ] GC(6687)   Pre Evacuate Collection Set: 1.1ms
[2025-01-09T00:42:05.939+0000][188196.305s][info][gc,phases   ] GC(6687)   Merge Heap Roots: 0.4ms
[2025-01-09T00:42:05.939+0000][188196.305s][info][gc,phases   ] GC(6687)   Evacuate Collection Set: 27.9ms
[2025-01-09T00:42:05.939+0000][188196.305s][info][gc,phases   ] GC(6687)   Post Evacuate Collection Set: 2.7ms
[2025-01-09T00:42:05.939+0000][188196.305s][info][gc,phases   ] GC(6687)   Other: 0.3ms
[2025-01-09T00:42:05.939+0000][188196.305s][info][gc,heap     ] GC(6687) Eden regions: 913->0(911)
[2025-01-09T00:42:05.939+0000][188196.305s][info][gc,heap     ] GC(6687) Survivor regions: 8->10(116)
[2025-01-09T00:42:05.939+0000][188196.305s][info][gc,heap     ] GC(6687) Old regions: 232->232
[2025-01-09T00:42:05.939+0000][188196.305s][info][gc,heap     ] GC(6687) Archive regions: 2->2
[2025-01-09T00:42:05.939+0000][188196.305s][info][gc,heap     ] GC(6687) Humongous regions: 49->49
[2025-01-09T00:42:05.939+0000][188196.305s][info][gc,metaspace] GC(6687) Metaspace: 524679K(534016K)->524679K(534016K) NonClass: 460744K(465280K)->460744K(465280K) Class: 63935K(68736K)->63935K(68736K)
[2025-01-09T00:42:05.939+0000][188196.305s][info][gc          ] GC(6687) Pause Young (Concurrent Start) (G1 Evacuation Pause) 9618M->2328M(12288M) 32.512ms
[2025-01-09T00:42:05.939+0000][188196.305s][info][gc,cpu      ] GC(6687) User=0.19s Sys=0.00s Real=0.03s
[2025-01-09T00:42:05.939+0000][188196.305s][info][gc          ] GC(6688) Concurrent Mark Cycle
[2025-01-09T00:42:05.939+0000][188196.305s][info][gc,marking  ] GC(6688) Concurrent Clear Claimed Marks
[2025-01-09T00:42:05.940+0000][188196.306s][info][gc,marking  ] GC(6688) Concurrent Clear Claimed Marks 0.952ms
[2025-01-09T00:42:05.940+0000][188196.306s][info][gc,marking  ] GC(6688) Concurrent Scan Root Regions
[2025-01-09T00:42:05.968+0000][188196.334s][info][gc,marking  ] GC(6688) Concurrent Scan Root Regions 27.796ms
[2025-01-09T00:42:05.968+0000][188196.334s][info][gc,marking  ] GC(6688) Concurrent Mark
[2025-01-09T00:42:05.968+0000][188196.334s][info][gc,marking  ] GC(6688) Concurrent Mark From Roots
[2025-01-09T00:42:05.968+0000][188196.334s][info][gc,task     ] GC(6688) Using 2 workers of 2 for marking
[2025-01-09T00:42:06.806+0000][188197.172s][info][gc,marking  ] GC(6688) Concurrent Mark From Roots 838.175ms
[2025-01-09T00:42:06.806+0000][188197.172s][info][gc,marking  ] GC(6688) Concurrent Preclean
[2025-01-09T00:42:06.809+0000][188197.175s][info][gc,marking  ] GC(6688) Concurrent Preclean 2.469ms
[2025-01-09T00:42:06.809+0000][188197.175s][info][gc,start    ] GC(6688) Pause Remark
[2025-01-09T00:42:06.834+0000][188197.200s][info][gc          ] GC(6688) Pause Remark 3208M->3208M(12288M) 25.357ms
[2025-01-09T00:42:06.834+0000][188197.200s][info][gc,cpu      ] GC(6688) User=0.15s Sys=0.00s Real=0.03s
[2025-01-09T00:42:06.834+0000][188197.200s][info][gc,marking  ] GC(6688) Concurrent Mark 866.299ms
[2025-01-09T00:42:06.834+0000][188197.200s][info][gc,marking  ] GC(6688) Concurrent Rebuild Remembered Sets
[2025-01-09T00:42:07.347+0000][188197.713s][info][gc,marking  ] GC(6688) Concurrent Rebuild Remembered Sets 513.185ms
[2025-01-09T00:42:07.348+0000][188197.714s][info][gc,start    ] GC(6688) Pause Cleanup
[2025-01-09T00:42:07.348+0000][188197.714s][info][gc          ] GC(6688) Pause Cleanup 3580M->3580M(12288M) 0.447ms
[2025-01-09T00:42:07.348+0000][188197.714s][info][gc,cpu      ] GC(6688) User=0.00s Sys=0.00s Real=0.00s
[2025-01-09T00:42:07.348+0000][188197.714s][info][gc,marking  ] GC(6688) Concurrent Cleanup for Next Mark
[2025-01-09T00:42:07.364+0000][188197.730s][info][gc,marking  ] GC(6688) Concurrent Cleanup for Next Mark 15.449ms
[2025-01-09T00:42:07.364+0000][188197.730s][info][gc          ] GC(6688) Concurrent Mark Cycle 1424.570ms
[2025-01-09T00:42:16.574+0000][188206.940s][info][gc,start    ] GC(6689) Pause Young (Prepare Mixed) (G1 Evacuation Pause)
[2025-01-09T00:42:16.574+0000][188206.940s][info][gc,task     ] GC(6689) Using 6 workers of 6 for evacuation
[2025-01-09T00:42:16.613+0000][188206.979s][info][gc,phases   ] GC(6689)   Pre Evacuate Collection Set: 0.2ms
[2025-01-09T00:42:16.613+0000][188206.979s][info][gc,phases   ] GC(6689)   Merge Heap Roots: 0.7ms
[2025-01-09T00:42:16.613+0000][188206.979s][info][gc,phases   ] GC(6689)   Evacuate Collection Set: 32.3ms
[2025-01-09T00:42:16.613+0000][188206.979s][info][gc,phases   ] GC(6689)   Post Evacuate Collection Set: 5.4ms
[2025-01-09T00:42:16.613+0000][188206.979s][info][gc,phases   ] GC(6689)   Other: 0.2ms
[2025-01-09T00:42:16.613+0000][188206.979s][info][gc,heap     ] GC(6689) Eden regions: 911->0(64)
[2025-01-09T00:42:16.613+0000][188206.979s][info][gc,heap     ] GC(6689) Survivor regions: 10->12(116)
[2025-01-09T00:42:16.613+0000][188206.979s][info][gc,heap     ] GC(6689) Old regions: 232->232
[2025-01-09T00:42:16.613+0000][188206.979s][info][gc,heap     ] GC(6689) Archive regions: 2->2
[2025-01-09T00:42:16.613+0000][188206.979s][info][gc,heap     ] GC(6689) Humongous regions: 49->49
[2025-01-09T00:42:16.613+0000][188206.979s][info][gc,metaspace] GC(6689) Metaspace: 524679K(534016K)->524679K(534016K) NonClass: 460744K(465280K)->460744K(465280K) Class: 63935K(68736K)->63935K(68736K)
[2025-01-09T00:42:16.613+0000][188206.979s][info][gc          ] GC(6689) Pause Young (Prepare Mixed) (G1 Evacuation Pause) 9616M->2348M(12288M) 38.906ms
[2025-01-09T00:42:16.613+0000][188206.979s][info][gc,cpu      ] GC(6689) User=0.23s Sys=0.00s Real=0.04s
[2025-01-09T00:42:17.025+0000][188207.391s][info][gc,start    ] GC(6690) Pause Young (Mixed) (GCLocker Initiated GC)
[2025-01-09T00:42:17.025+0000][188207.391s][info][gc,task     ] GC(6690) Using 6 workers of 6 for evacuation
[2025-01-09T00:42:17.090+0000][188207.456s][info][gc,phases   ] GC(6690)   Pre Evacuate Collection Set: 0.2ms
[2025-01-09T00:42:17.090+0000][188207.456s][info][gc,phases   ] GC(6690)   Merge Heap Roots: 0.7ms
[2025-01-09T00:42:17.090+0000][188207.456s][info][gc,phases   ] GC(6690)   Evacuate Collection Set: 62.5ms
[2025-01-09T00:42:17.090+0000][188207.456s][info][gc,phases   ] GC(6690)   Post Evacuate Collection Set: 1.8ms
[2025-01-09T00:42:17.090+0000][188207.456s][info][gc,phases   ] GC(6690)   Other: 0.2ms
[2025-01-09T00:42:17.090+0000][188207.456s][info][gc,heap     ] GC(6690) Eden regions: 64->0(916)
[2025-01-09T00:42:17.090+0000][188207.456s][info][gc,heap     ] GC(6690) Survivor regions: 12->5(10)
[2025-01-09T00:42:17.090+0000][188207.456s][info][gc,heap     ] GC(6690) Old regions: 232->234
[2025-01-09T00:42:17.090+0000][188207.456s][info][gc,heap     ] GC(6690) Archive regions: 2->2
[2025-01-09T00:42:17.090+0000][188207.456s][info][gc,heap     ] GC(6690) Humongous regions: 49->49
[2025-01-09T00:42:17.090+0000][188207.456s][info][gc,metaspace] GC(6690) Metaspace: 524679K(534016K)->524679K(534016K) NonClass: 460744K(465280K)->460744K(465280K) Class: 63935K(68736K)->63935K(68736K)
[2025-01-09T00:42:17.090+0000][188207.456s][info][gc          ] GC(6690) Pause Young (Mixed) (GCLocker Initiated GC) 2860M->2306M(12288M) 65.420ms
[2025-01-09T00:42:17.090+0000][188207.456s][info][gc,cpu      ] GC(6690) User=0.39s Sys=0.00s Real=0.07s
[2025-01-09T00:42:23.417+0000][188213.783s][info][gc,start    ] GC(6691) Pause Young (Normal) (G1 Evacuation Pause)
[2025-01-09T00:42:23.417+0000][188213.783s][info][gc,task     ] GC(6691) Using 6 workers of 6 for evacuation
[2025-01-09T00:42:23.439+0000][188213.805s][info][gc,phases   ] GC(6691)   Pre Evacuate Collection Set: 0.2ms
[2025-01-09T00:42:23.439+0000][188213.805s][info][gc,phases   ] GC(6691)   Merge Heap Roots: 0.4ms
[2025-01-09T00:42:23.439+0000][188213.805s][info][gc,phases   ] GC(6691)   Evacuate Collection Set: 19.2ms
[2025-01-09T00:42:23.439+0000][188213.805s][info][gc,phases   ] GC(6691)   Post Evacuate Collection Set: 2.5ms
[2025-01-09T00:42:23.439+0000][188213.805s][info][gc,phases   ] GC(6691)   Other: 0.2ms
[2025-01-09T00:42:23.439+0000][188213.806s][info][gc,heap     ] GC(6691) Eden regions: 916->0(916)
[2025-01-09T00:42:23.439+0000][188213.806s][info][gc,heap     ] GC(6691) Survivor regions: 5->5(116)
[2025-01-09T00:42:23.439+0000][188213.806s][info][gc,heap     ] GC(6691) Old regions: 234->234
[2025-01-09T00:42:23.439+0000][188213.806s][info][gc,heap     ] GC(6691) Archive regions: 2->2
[2025-01-09T00:42:23.439+0000][188213.806s][info][gc,heap     ] GC(6691) Humongous regions: 49->49
[2025-01-09T00:42:23.439+0000][188213.806s][info][gc,metaspace] GC(6691) Metaspace: 524679K(534016K)->524679K(534016K) NonClass: 460744K(465280K)->460744K(465280K) Class: 63935K(68736K)->63935K(68736K)
[2025-01-09T00:42:23.439+0000][188213.806s][info][gc          ] GC(6691) Pause Young (Normal) (G1 Evacuation Pause) 9634M->2307M(12288M) 22.568ms
[2025-01-09T00:42:23.439+0000][188213.806s][info][gc,cpu      ] GC(6691) User=0.12s Sys=0.00s Real=0.02s
[2025-01-09T00:42:29.641+0000][188220.007s][info][gc,start    ] GC(6692) Pause Young (Normal) (G1 Evacuation Pause)
[2025-01-09T00:42:29.641+0000][188220.007s][info][gc,task     ] GC(6692) Using 6 workers of 6 for evacuation
[2025-01-09T00:42:29.668+0000][188220.034s][info][gc,phases   ] GC(6692)   Pre Evacuate Collection Set: 0.3ms
[2025-01-09T00:42:29.668+0000][188220.034s][info][gc,phases   ] GC(6692)   Merge Heap Roots: 0.4ms
[2025-01-09T00:42:29.668+0000][188220.034s][info][gc,phases   ] GC(6692)   Evacuate Collection Set: 21.7ms
[2025-01-09T00:42:29.668+0000][188220.034s][info][gc,phases   ] GC(6692)   Post Evacuate Collection Set: 3.9ms
[2025-01-09T00:42:29.668+0000][188220.034s][info][gc,phases   ] GC(6692)   Other: 0.2ms
[2025-01-09T00:42:29.668+0000][188220.034s][info][gc,heap     ] GC(6692) Eden regions: 916->0(914)
[2025-01-09T00:42:29.668+0000][188220.034s][info][gc,heap     ] GC(6692) Survivor regions: 5->7(116)
[2025-01-09T00:42:29.668+0000][188220.034s][info][gc,heap     ] GC(6692) Old regions: 234->234
[2025-01-09T00:42:29.668+0000][188220.034s][info][gc,heap     ] GC(6692) Archive regions: 2->2
[2025-01-09T00:42:29.668+0000][188220.034s][info][gc,heap     ] GC(6692) Humongous regions: 49->49
[2025-01-09T00:42:29.668+0000][188220.034s][info][gc,metaspace] GC(6692) Metaspace: 524679K(534016K)->524679K(534016K) NonClass: 460744K(465280K)->460744K(465280K) Class: 63935K(68736K)->63935K(68736K)
[2025-01-09T00:42:29.668+0000][188220.034s][info][gc          ] GC(6692) Pause Young (Normal) (G1 Evacuation Pause) 9635M->2324M(12288M) 26.552ms
[2025-01-09T00:42:29.668+0000][188220.034s][info][gc,cpu      ] GC(6692) User=0.15s Sys=0.00s Real=0.03s
[2025-01-09T00:42:36.459+0000][188226.825s][info][gc,start    ] GC(6693) Pause Young (Concurrent Start) (G1 Evacuation Pause)
[2025-01-09T00:42:36.459+0000][188226.825s][info][gc,task     ] GC(6693) Using 6 workers of 6 for evacuation
[2025-01-09T00:42:36.490+0000][188226.856s][info][gc,phases   ] GC(6693)   Pre Evacuate Collection Set: 1.2ms
[2025-01-09T00:42:36.490+0000][188226.856s][info][gc,phases   ] GC(6693)   Merge Heap Roots: 0.4ms
[2025-01-09T00:42:36.490+0000][188226.856s][info][gc,phases   ] GC(6693)   Evacuate Collection Set: 26.6ms
[2025-01-09T00:42:36.490+0000][188226.856s][info][gc,phases   ] GC(6693)   Post Evacuate Collection Set: 2.5ms
[2025-01-09T00:42:36.490+0000][188226.856s][info][gc,phases   ] GC(6693)   Other: 0.3ms
[2025-01-09T00:42:36.490+0000][188226.856s][info][gc,heap     ] GC(6693) Eden regions: 914->0(913)
[2025-01-09T00:42:36.490+0000][188226.856s][info][gc,heap     ] GC(6693) Survivor regions: 7->8(116)
[2025-01-09T00:42:36.490+0000][188226.856s][info][gc,heap     ] GC(6693) Old regions: 234->234
[2025-01-09T00:42:36.490+0000][188226.856s][info][gc,heap     ] GC(6693) Archive regions: 2->2
[2025-01-09T00:42:36.490+0000][188226.856s][info][gc,heap     ] GC(6693) Humongous regions: 49->49
[2025-01-09T00:42:36.490+0000][188226.856s][info][gc,metaspace] GC(6693) Metaspace: 524679K(534016K)->524679K(534016K) NonClass: 460744K(465280K)->460744K(465280K) Class: 63935K(68736K)->63935K(68736K)
[2025-01-09T00:42:36.490+0000][188226.856s][info][gc          ] GC(6693) Pause Young (Concurrent Start) (G1 Evacuation Pause) 9636M->2331M(12288M) 31.094ms
[2025-01-09T00:42:36.490+0000][188226.856s][info][gc,cpu      ] GC(6693) User=0.17s Sys=0.00s Real=0.04s
[2025-01-09T00:42:36.490+0000][188226.856s][info][gc          ] GC(6694) Concurrent Mark Cycle
[2025-01-09T00:42:36.490+0000][188226.856s][info][gc,marking  ] GC(6694) Concurrent Clear Claimed Marks
[2025-01-09T00:42:36.491+0000][188226.857s][info][gc,marking  ] GC(6694) Concurrent Clear Claimed Marks 0.999ms
[2025-01-09T00:42:36.491+0000][188226.857s][info][gc,marking  ] GC(6694) Concurrent Scan Root Regions
[2025-01-09T00:42:36.519+0000][188226.885s][info][gc,marking  ] GC(6694) Concurrent Scan Root Regions 27.403ms
[2025-01-09T00:42:36.519+0000][188226.885s][info][gc,marking  ] GC(6694) Concurrent Mark
[2025-01-09T00:42:36.519+0000][188226.885s][info][gc,marking  ] GC(6694) Concurrent Mark From Roots
[2025-01-09T00:42:36.519+0000][188226.885s][info][gc,task     ] GC(6694) Using 2 workers of 2 for marking
[2025-01-09T00:42:37.341+0000][188227.707s][info][gc,marking  ] GC(6694) Concurrent Mark From Roots 822.196ms
[2025-01-09T00:42:37.341+0000][188227.707s][info][gc,marking  ] GC(6694) Concurrent Preclean
[2025-01-09T00:42:37.345+0000][188227.711s][info][gc,marking  ] GC(6694) Concurrent Preclean 3.479ms
[2025-01-09T00:42:37.345+0000][188227.711s][info][gc,start    ] GC(6694) Pause Remark
[2025-01-09T00:42:37.371+0000][188227.737s][info][gc          ] GC(6694) Pause Remark 3399M->3399M(12288M) 25.862ms
[2025-01-09T00:42:37.371+0000][188227.737s][info][gc,cpu      ] GC(6694) User=0.14s Sys=0.01s Real=0.03s
[2025-01-09T00:42:37.371+0000][188227.737s][info][gc,marking  ] GC(6694) Concurrent Mark 851.894ms
[2025-01-09T00:42:37.371+0000][188227.737s][info][gc,marking  ] GC(6694) Concurrent Rebuild Remembered Sets
[2025-01-09T00:42:37.945+0000][188228.311s][info][gc,marking  ] GC(6694) Concurrent Rebuild Remembered Sets 573.830ms
[2025-01-09T00:42:37.945+0000][188228.311s][info][gc,start    ] GC(6694) Pause Cleanup
[2025-01-09T00:42:37.945+0000][188228.311s][info][gc          ] GC(6694) Pause Cleanup 3967M->3967M(12288M) 0.436ms
[2025-01-09T00:42:37.945+0000][188228.311s][info][gc,cpu      ] GC(6694) User=0.00s Sys=0.00s Real=0.00s
[2025-01-09T00:42:37.945+0000][188228.311s][info][gc,marking  ] GC(6694) Concurrent Cleanup for Next Mark
[2025-01-09T00:42:37.962+0000][188228.328s][info][gc,marking  ] GC(6694) Concurrent Cleanup for Next Mark 16.617ms
[2025-01-09T00:42:37.962+0000][188228.328s][info][gc          ] GC(6694) Concurrent Mark Cycle 1471.682ms
[2025-01-09T00:42:43.317+0000][188233.683s][info][gc,start    ] GC(6695) Pause Young (Prepare Mixed) (G1 Evacuation Pause)
[2025-01-09T00:42:43.317+0000][188233.683s][info][gc,task     ] GC(6695) Using 6 workers of 6 for evacuation
[2025-01-09T00:42:43.349+0000][188233.715s][info][gc,phases   ] GC(6695)   Pre Evacuate Collection Set: 0.2ms
[2025-01-09T00:42:43.349+0000][188233.715s][info][gc,phases   ] GC(6695)   Merge Heap Roots: 0.6ms
[2025-01-09T00:42:43.349+0000][188233.715s][info][gc,phases   ] GC(6695)   Evacuate Collection Set: 28.9ms
[2025-01-09T00:42:43.349+0000][188233.715s][info][gc,phases   ] GC(6695)   Post Evacuate Collection Set: 2.6ms
[2025-01-09T00:42:43.349+0000][188233.715s][info][gc,phases   ] GC(6695)   Other: 0.2ms
[2025-01-09T00:42:43.349+0000][188233.715s][info][gc,heap     ] GC(6695) Eden regions: 913->0(67)
[2025-01-09T00:42:43.349+0000][188233.715s][info][gc,heap     ] GC(6695) Survivor regions: 8->9(116)
[2025-01-09T00:42:43.349+0000][188233.715s][info][gc,heap     ] GC(6695) Old regions: 234->234
[2025-01-09T00:42:43.349+0000][188233.715s][info][gc,heap     ] GC(6695) Archive regions: 2->2
[2025-01-09T00:42:43.349+0000][188233.715s][info][gc,heap     ] GC(6695) Humongous regions: 49->49
[2025-01-09T00:42:43.349+0000][188233.715s][info][gc,metaspace] GC(6695) Metaspace: 524679K(534016K)->524679K(534016K) NonClass: 460744K(465280K)->460744K(465280K) Class: 63935K(68736K)->63935K(68736K)
[2025-01-09T00:42:43.349+0000][188233.715s][info][gc          ] GC(6695) Pause Young (Prepare Mixed) (G1 Evacuation Pause) 9635M->2338M(12288M) 32.649ms
[2025-01-09T00:42:43.349+0000][188233.715s][info][gc,cpu      ] GC(6695) User=0.19s Sys=0.00s Real=0.03s
[2025-01-09T00:42:43.827+0000][188234.193s][info][gc,start    ] GC(6696) Pause Young (Mixed) (G1 Evacuation Pause)
[2025-01-09T00:42:43.827+0000][188234.193s][info][gc,task     ] GC(6696) Using 6 workers of 6 for evacuation
[2025-01-09T00:42:43.901+0000][188234.267s][info][gc,phases   ] GC(6696)   Pre Evacuate Collection Set: 0.2ms
[2025-01-09T00:42:43.901+0000][188234.267s][info][gc,phases   ] GC(6696)   Merge Heap Roots: 0.8ms
[2025-01-09T00:42:43.901+0000][188234.267s][info][gc,phases   ] GC(6696)   Evacuate Collection Set: 70.8ms
[2025-01-09T00:42:43.901+0000][188234.267s][info][gc,phases   ] GC(6696)   Post Evacuate Collection Set: 2.1ms
[2025-01-09T00:42:43.901+0000][188234.267s][info][gc,phases   ] GC(6696)   Other: 0.2ms
[2025-01-09T00:42:43.901+0000][188234.267s][info][gc,heap     ] GC(6696) Eden regions: 67->0(916)
[2025-01-09T00:42:43.901+0000][188234.267s][info][gc,heap     ] GC(6696) Survivor regions: 9->5(10)
[2025-01-09T00:42:43.901+0000][188234.267s][info][gc,heap     ] GC(6696) Old regions: 234->234
[2025-01-09T00:42:43.901+0000][188234.267s][info][gc,heap     ] GC(6696) Archive regions: 2->2
[2025-01-09T00:42:43.901+0000][188234.267s][info][gc,heap     ] GC(6696) Humongous regions: 49->49
[2025-01-09T00:42:43.901+0000][188234.267s][info][gc,metaspace] GC(6696) Metaspace: 524679K(534016K)->524679K(534016K) NonClass: 460744K(465280K)->460744K(465280K) Class: 63935K(68736K)->63935K(68736K)
[2025-01-09T00:42:43.901+0000][188234.267s][info][gc          ] GC(6696) Pause Young (Mixed) (G1 Evacuation Pause) 2874M->2301M(12288M) 74.136ms
[2025-01-09T00:42:43.901+0000][188234.267s][info][gc,cpu      ] GC(6696) User=0.42s Sys=0.00s Real=0.07s
[2025-01-09T00:42:52.081+0000][188242.447s][info][gc,start    ] GC(6697) Pause Young (Normal) (G1 Evacuation Pause)
[2025-01-09T00:42:52.081+0000][188242.447s][info][gc,task     ] GC(6697) Using 6 workers of 6 for evacuation
[2025-01-09T00:42:52.104+0000][188242.470s][info][gc,phases   ] GC(6697)   Pre Evacuate Collection Set: 0.2ms
[2025-01-09T00:42:52.104+0000][188242.470s][info][gc,phases   ] GC(6697)   Merge Heap Roots: 0.4ms
[2025-01-09T00:42:52.104+0000][188242.470s][info][gc,phases   ] GC(6697)   Evacuate Collection Set: 20.0ms
[2025-01-09T00:42:52.104+0000][188242.470s][info][gc,phases   ] GC(6697)   Post Evacuate Collection Set: 2.5ms
[2025-01-09T00:42:52.104+0000][188242.470s][info][gc,phases   ] GC(6697)   Other: 0.2ms
[2025-01-09T00:42:52.104+0000][188242.470s][info][gc,heap     ] GC(6697) Eden regions: 916->0(915)
[2025-01-09T00:42:52.104+0000][188242.470s][info][gc,heap     ] GC(6697) Survivor regions: 5->6(116)
[2025-01-09T00:42:52.104+0000][188242.470s][info][gc,heap     ] GC(6697) Old regions: 234->234
[2025-01-09T00:42:52.104+0000][188242.470s][info][gc,heap     ] GC(6697) Archive regions: 2->2
[2025-01-09T00:42:52.104+0000][188242.470s][info][gc,heap     ] GC(6697) Humongous regions: 49->49
[2025-01-09T00:42:52.104+0000][188242.470s][info][gc,metaspace] GC(6697) Metaspace: 524679K(534016K)->524679K(534016K) NonClass: 460744K(465280K)->460744K(465280K) Class: 63935K(68736K)->63935K(68736K)
[2025-01-09T00:42:52.104+0000][188242.471s][info][gc          ] GC(6697) Pause Young (Normal) (G1 Evacuation Pause) 9629M->2305M(12288M) 23.487ms
[2025-01-09T00:42:52.104+0000][188242.471s][info][gc,cpu      ] GC(6697) User=0.14s Sys=0.00s Real=0.03s
[2025-01-09T00:42:57.578+0000][188247.944s][info][gc,start    ] GC(6698) Pause Young (Normal) (G1 Evacuation Pause)
[2025-01-09T00:42:57.578+0000][188247.945s][info][gc,task     ] GC(6698) Using 6 workers of 6 for evacuation
[2025-01-09T00:42:57.602+0000][188247.968s][info][gc,phases   ] GC(6698)   Pre Evacuate Collection Set: 0.2ms
[2025-01-09T00:42:57.602+0000][188247.969s][info][gc,phases   ] GC(6698)   Merge Heap Roots: 0.4ms
[2025-01-09T00:42:57.602+0000][188247.969s][info][gc,phases   ] GC(6698)   Evacuate Collection Set: 20.8ms
[2025-01-09T00:42:57.602+0000][188247.969s][info][gc,phases   ] GC(6698)   Post Evacuate Collection Set: 2.4ms
[2025-01-09T00:42:57.602+0000][188247.969s][info][gc,phases   ] GC(6698)   Other: 0.2ms
[2025-01-09T00:42:57.602+0000][188247.969s][info][gc,heap     ] GC(6698) Eden regions: 915->0(915)
[2025-01-09T00:42:57.602+0000][188247.969s][info][gc,heap     ] GC(6698) Survivor regions: 6->6(116)
[2025-01-09T00:42:57.602+0000][188247.969s][info][gc,heap     ] GC(6698) Old regions: 234->234
[2025-01-09T00:42:57.602+0000][188247.969s][info][gc,heap     ] GC(6698) Archive regions: 2->2
[2025-01-09T00:42:57.602+0000][188247.969s][info][gc,heap     ] GC(6698) Humongous regions: 49->49
[2025-01-09T00:42:57.602+0000][188247.969s][info][gc,metaspace] GC(6698) Metaspace: 524679K(534016K)->524679K(534016K) NonClass: 460744K(465280K)->460744K(465280K) Class: 63935K(68736K)->63935K(68736K)
[2025-01-09T00:42:57.602+0000][188247.969s][info][gc          ] GC(6698) Pause Young (Normal) (G1 Evacuation Pause) 9625M->2310M(12288M) 24.120ms
[2025-01-09T00:42:57.603+0000][188247.969s][info][gc,cpu      ] GC(6698) User=0.14s Sys=0.00s Real=0.03s
[2025-01-09T00:43:10.749+0000][188261.115s][info][gc,start    ] GC(6699) Pause Young (Concurrent Start) (G1 Evacuation Pause)
[2025-01-09T00:43:10.749+0000][188261.115s][info][gc,task     ] GC(6699) Using 6 workers of 6 for evacuation
[2025-01-09T00:43:10.787+0000][188261.153s][info][gc,phases   ] GC(6699)   Pre Evacuate Collection Set: 1.2ms
[2025-01-09T00:43:10.787+0000][188261.153s][info][gc,phases   ] GC(6699)   Merge Heap Roots: 0.5ms
[2025-01-09T00:43:10.787+0000][188261.153s][info][gc,phases   ] GC(6699)   Evacuate Collection Set: 30.6ms
[2025-01-09T00:43:10.787+0000][188261.153s][info][gc,phases   ] GC(6699)   Post Evacuate Collection Set: 5.6ms
[2025-01-09T00:43:10.787+0000][188261.153s][info][gc,phases   ] GC(6699)   Other: 0.3ms
[2025-01-09T00:43:10.787+0000][188261.153s][info][gc,heap     ] GC(6699) Eden regions: 915->0(911)
[2025-01-09T00:43:10.787+0000][188261.153s][info][gc,heap     ] GC(6699) Survivor regions: 6->10(116)
[2025-01-09T00:43:10.787+0000][188261.153s][info][gc,heap     ] GC(6699) Old regions: 234->234
[2025-01-09T00:43:10.787+0000][188261.153s][info][gc,heap     ] GC(6699) Archive regions: 2->2
[2025-01-09T00:43:10.787+0000][188261.153s][info][gc,heap     ] GC(6699) Humongous regions: 49->49
[2025-01-09T00:43:10.787+0000][188261.153s][info][gc,metaspace] GC(6699) Metaspace: 524679K(534016K)->524679K(534016K) NonClass: 460744K(465280K)->460744K(465280K) Class: 63935K(68736K)->63935K(68736K)
[2025-01-09T00:43:10.787+0000][188261.153s][info][gc          ] GC(6699) Pause Young (Concurrent Start) (G1 Evacuation Pause) 9630M->2337M(12288M) 38.247ms
[2025-01-09T00:43:10.787+0000][188261.153s][info][gc,cpu      ] GC(6699) User=0.21s Sys=0.01s Real=0.04s
[2025-01-09T00:43:10.787+0000][188261.154s][info][gc          ] GC(6700) Concurrent Mark Cycle
[2025-01-09T00:43:10.787+0000][188261.154s][info][gc,marking  ] GC(6700) Concurrent Clear Claimed Marks
[2025-01-09T00:43:10.788+0000][188261.155s][info][gc,marking  ] GC(6700) Concurrent Clear Claimed Marks 0.961ms
[2025-01-09T00:43:10.788+0000][188261.155s][info][gc,marking  ] GC(6700) Concurrent Scan Root Regions
[2025-01-09T00:43:10.813+0000][188261.179s][info][gc,marking  ] GC(6700) Concurrent Scan Root Regions 24.838ms
[2025-01-09T00:43:10.813+0000][188261.179s][info][gc,marking  ] GC(6700) Concurrent Mark
[2025-01-09T00:43:10.813+0000][188261.179s][info][gc,marking  ] GC(6700) Concurrent Mark From Roots
[2025-01-09T00:43:10.813+0000][188261.179s][info][gc,task     ] GC(6700) Using 2 workers of 2 for marking
[2025-01-09T00:43:11.668+0000][188262.034s][info][gc,marking  ] GC(6700) Concurrent Mark From Roots 854.536ms
[2025-01-09T00:43:11.668+0000][188262.034s][info][gc,marking  ] GC(6700) Concurrent Preclean
[2025-01-09T00:43:11.670+0000][188262.037s][info][gc,marking  ] GC(6700) Concurrent Preclean 2.549ms
[2025-01-09T00:43:11.671+0000][188262.037s][info][gc,start    ] GC(6700) Pause Remark
[2025-01-09T00:43:11.696+0000][188262.062s][info][gc          ] GC(6700) Pause Remark 3141M->3141M(12288M) 25.691ms
[2025-01-09T00:43:11.696+0000][188262.062s][info][gc,cpu      ] GC(6700) User=0.15s Sys=0.00s Real=0.02s
[2025-01-09T00:43:11.696+0000][188262.063s][info][gc,marking  ] GC(6700) Concurrent Mark 883.098ms
[2025-01-09T00:43:11.696+0000][188262.063s][info][gc,marking  ] GC(6700) Concurrent Rebuild Remembered Sets
[2025-01-09T00:43:12.298+0000][188262.664s][info][gc,marking  ] GC(6700) Concurrent Rebuild Remembered Sets 601.905ms
[2025-01-09T00:43:12.298+0000][188262.665s][info][gc,start    ] GC(6700) Pause Cleanup
[2025-01-09T00:43:12.299+0000][188262.665s][info][gc          ] GC(6700) Pause Cleanup 3829M->3829M(12288M) 0.410ms
[2025-01-09T00:43:12.299+0000][188262.665s][info][gc,cpu      ] GC(6700) User=0.00s Sys=0.00s Real=0.00s
[2025-01-09T00:43:12.299+0000][188262.665s][info][gc,marking  ] GC(6700) Concurrent Cleanup for Next Mark
[2025-01-09T00:43:12.315+0000][188262.681s][info][gc,marking  ] GC(6700) Concurrent Cleanup for Next Mark 15.837ms
[2025-01-09T00:43:12.315+0000][188262.681s][info][gc          ] GC(6700) Concurrent Mark Cycle 1527.454ms
[2025-01-09T00:43:17.628+0000][188267.994s][info][gc,start    ] GC(6701) Pause Young (Prepare Mixed) (G1 Evacuation Pause)
[2025-01-09T00:43:17.628+0000][188267.994s][info][gc,task     ] GC(6701) Using 6 workers of 6 for evacuation
[2025-01-09T00:43:17.662+0000][188268.029s][info][gc,phases   ] GC(6701)   Pre Evacuate Collection Set: 0.2ms
[2025-01-09T00:43:17.662+0000][188268.029s][info][gc,phases   ] GC(6701)   Merge Heap Roots: 0.7ms
[2025-01-09T00:43:17.662+0000][188268.029s][info][gc,phases   ] GC(6701)   Evacuate Collection Set: 30.7ms
[2025-01-09T00:43:17.662+0000][188268.029s][info][gc,phases   ] GC(6701)   Post Evacuate Collection Set: 2.6ms
[2025-01-09T00:43:17.662+0000][188268.029s][info][gc,phases   ] GC(6701)   Other: 0.2ms
[2025-01-09T00:43:17.662+0000][188268.029s][info][gc,heap     ] GC(6701) Eden regions: 911->0(67)
[2025-01-09T00:43:17.662+0000][188268.029s][info][gc,heap     ] GC(6701) Survivor regions: 10->9(116)
[2025-01-09T00:43:17.662+0000][188268.029s][info][gc,heap     ] GC(6701) Old regions: 234->234
[2025-01-09T00:43:17.662+0000][188268.029s][info][gc,heap     ] GC(6701) Archive regions: 2->2
[2025-01-09T00:43:17.662+0000][188268.029s][info][gc,heap     ] GC(6701) Humongous regions: 49->49
[2025-01-09T00:43:17.662+0000][188268.029s][info][gc,metaspace] GC(6701) Metaspace: 524679K(534016K)->524679K(534016K) NonClass: 460744K(465280K)->460744K(465280K) Class: 63935K(68736K)->63935K(68736K)
[2025-01-09T00:43:17.663+0000][188268.029s][info][gc          ] GC(6701) Pause Young (Prepare Mixed) (G1 Evacuation Pause) 9625M->2336M(12288M) 34.437ms
[2025-01-09T00:43:17.663+0000][188268.029s][info][gc,cpu      ] GC(6701) User=0.20s Sys=0.00s Real=0.04s
[2025-01-09T00:43:18.074+0000][188268.440s][info][gc,start    ] GC(6702) Pause Young (Mixed) (G1 Evacuation Pause)
[2025-01-09T00:43:18.074+0000][188268.440s][info][gc,task     ] GC(6702) Using 6 workers of 6 for evacuation
[2025-01-09T00:43:18.139+0000][188268.505s][info][gc,phases   ] GC(6702)   Pre Evacuate Collection Set: 0.2ms
[2025-01-09T00:43:18.139+0000][188268.505s][info][gc,phases   ] GC(6702)   Merge Heap Roots: 0.6ms
[2025-01-09T00:43:18.139+0000][188268.505s][info][gc,phases   ] GC(6702)   Evacuate Collection Set: 61.8ms
[2025-01-09T00:43:18.139+0000][188268.505s][info][gc,phases   ] GC(6702)   Post Evacuate Collection Set: 1.8ms
[2025-01-09T00:43:18.139+0000][188268.505s][info][gc,phases   ] GC(6702)   Other: 0.2ms
[2025-01-09T00:43:18.139+0000][188268.505s][info][gc,heap     ] GC(6702) Eden regions: 67->0(915)
[2025-01-09T00:43:18.139+0000][188268.505s][info][gc,heap     ] GC(6702) Survivor regions: 9->6(10)
[2025-01-09T00:43:18.139+0000][188268.505s][info][gc,heap     ] GC(6702) Old regions: 234->233
[2025-01-09T00:43:18.139+0000][188268.505s][info][gc,heap     ] GC(6702) Archive regions: 2->2
[2025-01-09T00:43:18.139+0000][188268.505s][info][gc,heap     ] GC(6702) Humongous regions: 49->49
[2025-01-09T00:43:18.139+0000][188268.505s][info][gc,metaspace] GC(6702) Metaspace: 524679K(534016K)->524679K(534016K) NonClass: 460744K(465280K)->460744K(465280K) Class: 63935K(68736K)->63935K(68736K)
[2025-01-09T00:43:18.139+0000][188268.505s][info][gc          ] GC(6702) Pause Young (Mixed) (G1 Evacuation Pause) 2872M->2308M(12288M) 64.617ms
[2025-01-09T00:43:18.139+0000][188268.505s][info][gc,cpu      ] GC(6702) User=0.37s Sys=0.00s Real=0.06s
[2025-01-09T00:43:25.784+0000][188276.150s][info][gc,start    ] GC(6703) Pause Young (Normal) (G1 Evacuation Pause)
[2025-01-09T00:43:25.784+0000][188276.150s][info][gc,task     ] GC(6703) Using 6 workers of 6 for evacuation
[2025-01-09T00:43:25.813+0000][188276.179s][info][gc,phases   ] GC(6703)   Pre Evacuate Collection Set: 0.2ms
[2025-01-09T00:43:25.813+0000][188276.179s][info][gc,phases   ] GC(6703)   Merge Heap Roots: 0.4ms
[2025-01-09T00:43:25.813+0000][188276.179s][info][gc,phases   ] GC(6703)   Evacuate Collection Set: 24.6ms
[2025-01-09T00:43:25.813+0000][188276.179s][info][gc,phases   ] GC(6703)   Post Evacuate Collection Set: 4.0ms
[2025-01-09T00:43:25.813+0000][188276.179s][info][gc,phases   ] GC(6703)   Other: 0.2ms
[2025-01-09T00:43:25.813+0000][188276.179s][info][gc,heap     ] GC(6703) Eden regions: 915->0(914)
[2025-01-09T00:43:25.813+0000][188276.179s][info][gc,heap     ] GC(6703) Survivor regions: 6->7(116)
[2025-01-09T00:43:25.813+0000][188276.179s][info][gc,heap     ] GC(6703) Old regions: 233->233
[2025-01-09T00:43:25.813+0000][188276.179s][info][gc,heap     ] GC(6703) Archive regions: 2->2
[2025-01-09T00:43:25.813+0000][188276.179s][info][gc,heap     ] GC(6703) Humongous regions: 49->49
[2025-01-09T00:43:25.813+0000][188276.179s][info][gc,metaspace] GC(6703) Metaspace: 524679K(534016K)->524679K(534016K) NonClass: 460744K(465280K)->460744K(465280K) Class: 63935K(68736K)->63935K(68736K)
[2025-01-09T00:43:25.813+0000][188276.179s][info][gc          ] GC(6703) Pause Young (Normal) (G1 Evacuation Pause) 9628M->2316M(12288M) 29.528ms
[2025-01-09T00:43:25.813+0000][188276.179s][info][gc,cpu      ] GC(6703) User=0.17s Sys=0.01s Real=0.03s
[2025-01-09T00:43:34.810+0000][188285.176s][info][gc,start    ] GC(6704) Pause Young (Normal) (G1 Evacuation Pause)
[2025-01-09T00:43:34.810+0000][188285.176s][info][gc,task     ] GC(6704) Using 6 workers of 6 for evacuation
[2025-01-09T00:43:34.840+0000][188285.206s][info][gc,phases   ] GC(6704)   Pre Evacuate Collection Set: 0.2ms
[2025-01-09T00:43:34.840+0000][188285.206s][info][gc,phases   ] GC(6704)   Merge Heap Roots: 0.4ms
[2025-01-09T00:43:34.840+0000][188285.206s][info][gc,phases   ] GC(6704)   Evacuate Collection Set: 26.7ms
[2025-01-09T00:43:34.840+0000][188285.206s][info][gc,phases   ] GC(6704)   Post Evacuate Collection Set: 2.6ms
[2025-01-09T00:43:34.840+0000][188285.206s][info][gc,phases   ] GC(6704)   Other: 0.2ms
[2025-01-09T00:43:34.840+0000][188285.206s][info][gc,heap     ] GC(6704) Eden regions: 914->0(913)
[2025-01-09T00:43:34.840+0000][188285.206s][info][gc,heap     ] GC(6704) Survivor regions: 7->8(116)
[2025-01-09T00:43:34.840+0000][188285.206s][info][gc,heap     ] GC(6704) Old regions: 233->233
[2025-01-09T00:43:34.840+0000][188285.206s][info][gc,heap     ] GC(6704) Archive regions: 2->2
[2025-01-09T00:43:34.840+0000][188285.206s][info][gc,heap     ] GC(6704) Humongous regions: 49->49
[2025-01-09T00:43:34.840+0000][188285.206s][info][gc,metaspace] GC(6704) Metaspace: 524679K(534016K)->524679K(534016K) NonClass: 460744K(465280K)->460744K(465280K) Class: 63935K(68736K)->63935K(68736K)
[2025-01-09T00:43:34.840+0000][188285.206s][info][gc          ] GC(6704) Pause Young (Normal) (G1 Evacuation Pause) 9628M->2317M(12288M) 30.215ms
[2025-01-09T00:43:34.840+0000][188285.206s][info][gc,cpu      ] GC(6704) User=0.17s Sys=0.00s Real=0.02s
[2025-01-09T00:43:42.679+0000][188293.045s][info][gc,start    ] GC(6705) Pause Young (Concurrent Start) (G1 Evacuation Pause)
[2025-01-09T00:43:42.679+0000][188293.045s][info][gc,task     ] GC(6705) Using 6 workers of 6 for evacuation
[2025-01-09T00:43:42.713+0000][188293.079s][info][gc,phases   ] GC(6705)   Pre Evacuate Collection Set: 1.1ms
[2025-01-09T00:43:42.713+0000][188293.079s][info][gc,phases   ] GC(6705)   Merge Heap Roots: 0.5ms
[2025-01-09T00:43:42.713+0000][188293.079s][info][gc,phases   ] GC(6705)   Evacuate Collection Set: 29.8ms
[2025-01-09T00:43:42.713+0000][188293.079s][info][gc,phases   ] GC(6705)   Post Evacuate Collection Set: 2.6ms
[2025-01-09T00:43:42.713+0000][188293.079s][info][gc,phases   ] GC(6705)   Other: 0.3ms
[2025-01-09T00:43:42.713+0000][188293.079s][info][gc,heap     ] GC(6705) Eden regions: 913->0(912)
[2025-01-09T00:43:42.713+0000][188293.079s][info][gc,heap     ] GC(6705) Survivor regions: 8->9(116)
[2025-01-09T00:43:42.713+0000][188293.079s][info][gc,heap     ] GC(6705) Old regions: 233->233
[2025-01-09T00:43:42.713+0000][188293.079s][info][gc,heap     ] GC(6705) Archive regions: 2->2
[2025-01-09T00:43:42.713+0000][188293.079s][info][gc,heap     ] GC(6705) Humongous regions: 49->49
[2025-01-09T00:43:42.713+0000][188293.079s][info][gc,metaspace] GC(6705) Metaspace: 524679K(534016K)->524679K(534016K) NonClass: 460744K(465280K)->460744K(465280K) Class: 63935K(68736K)->63935K(68736K)
[2025-01-09T00:43:42.713+0000][188293.079s][info][gc          ] GC(6705) Pause Young (Concurrent Start) (G1 Evacuation Pause) 9621M->2329M(12288M) 34.391ms
[2025-01-09T00:43:42.713+0000][188293.079s][info][gc,cpu      ] GC(6705) User=0.19s Sys=0.00s Real=0.04s
[2025-01-09T00:43:42.713+0000][188293.079s][info][gc          ] GC(6706) Concurrent Mark Cycle
[2025-01-09T00:43:42.713+0000][188293.079s][info][gc,marking  ] GC(6706) Concurrent Clear Claimed Marks
[2025-01-09T00:43:42.714+0000][188293.080s][info][gc,marking  ] GC(6706) Concurrent Clear Claimed Marks 0.928ms
[2025-01-09T00:43:42.714+0000][188293.080s][info][gc,marking  ] GC(6706) Concurrent Scan Root Regions
[2025-01-09T00:43:42.738+0000][188293.104s][info][gc,marking  ] GC(6706) Concurrent Scan Root Regions 24.009ms
[2025-01-09T00:43:42.738+0000][188293.104s][info][gc,marking  ] GC(6706) Concurrent Mark
[2025-01-09T00:43:42.738+0000][188293.104s][info][gc,marking  ] GC(6706) Concurrent Mark From Roots
[2025-01-09T00:43:42.738+0000][188293.104s][info][gc,task     ] GC(6706) Using 2 workers of 2 for marking
[2025-01-09T00:43:43.506+0000][188293.873s][info][gc,marking  ] GC(6706) Concurrent Mark From Roots 768.416ms
[2025-01-09T00:43:43.506+0000][188293.873s][info][gc,marking  ] GC(6706) Concurrent Preclean
[2025-01-09T00:43:43.510+0000][188293.876s][info][gc,marking  ] GC(6706) Concurrent Preclean 3.288ms
[2025-01-09T00:43:43.510+0000][188293.876s][info][gc,start    ] GC(6706) Pause Remark
[2025-01-09T00:43:43.536+0000][188293.902s][info][gc          ] GC(6706) Pause Remark 3249M->3249M(12288M) 25.820ms
[2025-01-09T00:43:43.536+0000][188293.902s][info][gc,cpu      ] GC(6706) User=0.14s Sys=0.00s Real=0.02s
[2025-01-09T00:43:43.536+0000][188293.902s][info][gc,marking  ] GC(6706) Concurrent Mark 797.880ms
[2025-01-09T00:43:43.536+0000][188293.902s][info][gc,marking  ] GC(6706) Concurrent Rebuild Remembered Sets
[2025-01-09T00:43:44.162+0000][188294.528s][info][gc,marking  ] GC(6706) Concurrent Rebuild Remembered Sets 626.305ms
[2025-01-09T00:43:44.162+0000][188294.528s][info][gc,start    ] GC(6706) Pause Cleanup
[2025-01-09T00:43:44.163+0000][188294.529s][info][gc          ] GC(6706) Pause Cleanup 4081M->4081M(12288M) 0.385ms
[2025-01-09T00:43:44.163+0000][188294.529s][info][gc,cpu      ] GC(6706) User=0.00s Sys=0.00s Real=0.00s
[2025-01-09T00:43:44.163+0000][188294.529s][info][gc,marking  ] GC(6706) Concurrent Cleanup for Next Mark
[2025-01-09T00:43:44.178+0000][188294.544s][info][gc,marking  ] GC(6706) Concurrent Cleanup for Next Mark 15.377ms
[2025-01-09T00:43:44.178+0000][188294.544s][info][gc          ] GC(6706) Concurrent Mark Cycle 1465.286ms
[2025-01-09T00:43:49.775+0000][188300.141s][info][gc,start    ] GC(6707) Pause Young (Prepare Mixed) (G1 Evacuation Pause)
[2025-01-09T00:43:49.775+0000][188300.141s][info][gc,task     ] GC(6707) Using 6 workers of 6 for evacuation
[2025-01-09T00:43:49.812+0000][188300.178s][info][gc,phases   ] GC(6707)   Pre Evacuate Collection Set: 0.2ms
[2025-01-09T00:43:49.812+0000][188300.178s][info][gc,phases   ] GC(6707)   Merge Heap Roots: 0.7ms
[2025-01-09T00:43:49.812+0000][188300.178s][info][gc,phases   ] GC(6707)   Evacuate Collection Set: 34.1ms
[2025-01-09T00:43:49.812+0000][188300.178s][info][gc,phases   ] GC(6707)   Post Evacuate Collection Set: 2.7ms
[2025-01-09T00:43:49.812+0000][188300.178s][info][gc,phases   ] GC(6707)   Other: 0.2ms
[2025-01-09T00:43:49.812+0000][188300.178s][info][gc,heap     ] GC(6707) Eden regions: 912->0(66)
[2025-01-09T00:43:49.812+0000][188300.179s][info][gc,heap     ] GC(6707) Survivor regions: 9->10(116)
[2025-01-09T00:43:49.812+0000][188300.179s][info][gc,heap     ] GC(6707) Old regions: 233->233
[2025-01-09T00:43:49.812+0000][188300.179s][info][gc,heap     ] GC(6707) Archive regions: 2->2
[2025-01-09T00:43:49.812+0000][188300.179s][info][gc,heap     ] GC(6707) Humongous regions: 49->49
[2025-01-09T00:43:49.812+0000][188300.179s][info][gc,metaspace] GC(6707) Metaspace: 524679K(534016K)->524679K(534016K) NonClass: 460744K(465280K)->460744K(465280K) Class: 63935K(68736K)->63935K(68736K)
[2025-01-09T00:43:49.812+0000][188300.179s][info][gc          ] GC(6707) Pause Young (Prepare Mixed) (G1 Evacuation Pause) 9625M->2338M(12288M) 37.919ms
[2025-01-09T00:43:49.812+0000][188300.179s][info][gc,cpu      ] GC(6707) User=0.22s Sys=0.00s Real=0.04s
[2025-01-09T00:43:50.171+0000][188300.537s][info][gc,start    ] GC(6708) Pause Young (Mixed) (G1 Evacuation Pause)
[2025-01-09T00:43:50.171+0000][188300.537s][info][gc,task     ] GC(6708) Using 6 workers of 6 for evacuation
[2025-01-09T00:43:50.250+0000][188300.616s][info][gc,phases   ] GC(6708)   Pre Evacuate Collection Set: 0.2ms
[2025-01-09T00:43:50.250+0000][188300.616s][info][gc,phases   ] GC(6708)   Merge Heap Roots: 0.8ms
[2025-01-09T00:43:50.250+0000][188300.616s][info][gc,phases   ] GC(6708)   Evacuate Collection Set: 76.2ms
[2025-01-09T00:43:50.250+0000][188300.617s][info][gc,phases   ] GC(6708)   Post Evacuate Collection Set: 2.0ms
[2025-01-09T00:43:50.250+0000][188300.617s][info][gc,phases   ] GC(6708)   Other: 0.2ms
[2025-01-09T00:43:50.250+0000][188300.617s][info][gc,heap     ] GC(6708) Eden regions: 66->0(914)
[2025-01-09T00:43:50.250+0000][188300.617s][info][gc,heap     ] GC(6708) Survivor regions: 10->7(10)
[2025-01-09T00:43:50.250+0000][188300.617s][info][gc,heap     ] GC(6708) Old regions: 233->233
[2025-01-09T00:43:50.250+0000][188300.617s][info][gc,heap     ] GC(6708) Archive regions: 2->2
[2025-01-09T00:43:50.250+0000][188300.617s][info][gc,heap     ] GC(6708) Humongous regions: 49->49
[2025-01-09T00:43:50.250+0000][188300.617s][info][gc,metaspace] GC(6708) Metaspace: 524679K(534016K)->524679K(534016K) NonClass: 460744K(465280K)->460744K(465280K) Class: 63935K(68736K)->63935K(68736K)
[2025-01-09T00:43:50.250+0000][188300.617s][info][gc          ] GC(6708) Pause Young (Mixed) (G1 Evacuation Pause) 2866M->2309M(12288M) 79.472ms
[2025-01-09T00:43:50.251+0000][188300.617s][info][gc,cpu      ] GC(6708) User=0.46s Sys=0.00s Real=0.08s
[2025-01-09T00:44:02.332+0000][188312.698s][info][gc,start    ] GC(6709) Pause Young (Normal) (G1 Evacuation Pause)
[2025-01-09T00:44:02.332+0000][188312.698s][info][gc,task     ] GC(6709) Using 6 workers of 6 for evacuation
[2025-01-09T00:44:02.367+0000][188312.733s][info][gc,phases   ] GC(6709)   Pre Evacuate Collection Set: 0.2ms
[2025-01-09T00:44:02.367+0000][188312.733s][info][gc,phases   ] GC(6709)   Merge Heap Roots: 0.5ms
[2025-01-09T00:44:02.367+0000][188312.733s][info][gc,phases   ] GC(6709)   Evacuate Collection Set: 28.3ms
[2025-01-09T00:44:02.367+0000][188312.733s][info][gc,phases   ] GC(6709)   Post Evacuate Collection Set: 5.4ms
[2025-01-09T00:44:02.367+0000][188312.733s][info][gc,phases   ] GC(6709)   Other: 0.2ms
[2025-01-09T00:44:02.367+0000][188312.733s][info][gc,heap     ] GC(6709) Eden regions: 914->0(912)
[2025-01-09T00:44:02.367+0000][188312.733s][info][gc,heap     ] GC(6709) Survivor regions: 7->9(116)
[2025-01-09T00:44:02.367+0000][188312.733s][info][gc,heap     ] GC(6709) Old regions: 233->233
[2025-01-09T00:44:02.367+0000][188312.733s][info][gc,heap     ] GC(6709) Archive regions: 2->2
[2025-01-09T00:44:02.367+0000][188312.733s][info][gc,heap     ] GC(6709) Humongous regions: 49->49
[2025-01-09T00:44:02.367+0000][188312.733s][info][gc,metaspace] GC(6709) Metaspace: 524679K(534016K)->524679K(534016K) NonClass: 460744K(465280K)->460744K(465280K) Class: 63935K(68736K)->63935K(68736K)
[2025-01-09T00:44:02.367+0000][188312.733s][info][gc          ] GC(6709) Pause Young (Normal) (G1 Evacuation Pause) 9621M->2326M(12288M) 34.698ms
[2025-01-09T00:44:02.367+0000][188312.733s][info][gc,cpu      ] GC(6709) User=0.21s Sys=0.00s Real=0.03s
[2025-01-09T00:44:12.676+0000][188323.042s][info][gc,start    ] GC(6710) Pause Young (Normal) (G1 Evacuation Pause)
[2025-01-09T00:44:12.676+0000][188323.042s][info][gc,task     ] GC(6710) Using 6 workers of 6 for evacuation
[2025-01-09T00:44:12.711+0000][188323.077s][info][gc,phases   ] GC(6710)   Pre Evacuate Collection Set: 0.2ms
[2025-01-09T00:44:12.711+0000][188323.077s][info][gc,phases   ] GC(6710)   Merge Heap Roots: 0.4ms
[2025-01-09T00:44:12.711+0000][188323.077s][info][gc,phases   ] GC(6710)   Evacuate Collection Set: 31.7ms
[2025-01-09T00:44:12.711+0000][188323.077s][info][gc,phases   ] GC(6710)   Post Evacuate Collection Set: 2.7ms
[2025-01-09T00:44:12.711+0000][188323.077s][info][gc,phases   ] GC(6710)   Other: 0.2ms
[2025-01-09T00:44:12.711+0000][188323.077s][info][gc,heap     ] GC(6710) Eden regions: 912->0(912)
[2025-01-09T00:44:12.711+0000][188323.077s][info][gc,heap     ] GC(6710) Survivor regions: 9->9(116)
[2025-01-09T00:44:12.711+0000][188323.077s][info][gc,heap     ] GC(6710) Old regions: 233->233
[2025-01-09T00:44:12.711+0000][188323.077s][info][gc,heap     ] GC(6710) Archive regions: 2->2
[2025-01-09T00:44:12.711+0000][188323.077s][info][gc,heap     ] GC(6710) Humongous regions: 49->49
[2025-01-09T00:44:12.711+0000][188323.077s][info][gc,metaspace] GC(6710) Metaspace: 524680K(534016K)->524680K(534016K) NonClass: 460744K(465280K)->460744K(465280K) Class: 63935K(68736K)->63935K(68736K)
[2025-01-09T00:44:12.711+0000][188323.077s][info][gc          ] GC(6710) Pause Young (Normal) (G1 Evacuation Pause) 9622M->2331M(12288M) 35.294ms
[2025-01-09T00:44:12.711+0000][188323.077s][info][gc,cpu      ] GC(6710) User=0.21s Sys=0.00s Real=0.04s
[2025-01-09T00:44:23.117+0000][188333.483s][info][gc,start    ] GC(6711) Pause Young (Concurrent Start) (G1 Evacuation Pause)
[2025-01-09T00:44:23.117+0000][188333.483s][info][gc,task     ] GC(6711) Using 6 workers of 6 for evacuation
[2025-01-09T00:44:23.159+0000][188333.526s][info][gc,phases   ] GC(6711)   Pre Evacuate Collection Set: 1.2ms
[2025-01-09T00:44:23.159+0000][188333.526s][info][gc,phases   ] GC(6711)   Merge Heap Roots: 0.5ms
[2025-01-09T00:44:23.159+0000][188333.526s][info][gc,phases   ] GC(6711)   Evacuate Collection Set: 36.3ms
[2025-01-09T00:44:23.159+0000][188333.526s][info][gc,phases   ] GC(6711)   Post Evacuate Collection Set: 4.1ms
[2025-01-09T00:44:23.159+0000][188333.526s][info][gc,phases   ] GC(6711)   Other: 0.3ms
[2025-01-09T00:44:23.160+0000][188333.526s][info][gc,heap     ] GC(6711) Eden regions: 912->0(909)
[2025-01-09T00:44:23.160+0000][188333.526s][info][gc,heap     ] GC(6711) Survivor regions: 9->12(116)
[2025-01-09T00:44:23.160+0000][188333.526s][info][gc,heap     ] GC(6711) Old regions: 233->233
[2025-01-09T00:44:23.160+0000][188333.526s][info][gc,heap     ] GC(6711) Archive regions: 2->2
[2025-01-09T00:44:23.160+0000][188333.526s][info][gc,heap     ] GC(6711) Humongous regions: 49->49
[2025-01-09T00:44:23.160+0000][188333.526s][info][gc,metaspace] GC(6711) Metaspace: 524680K(534016K)->524680K(534016K) NonClass: 460744K(465280K)->460744K(465280K) Class: 63935K(68736K)->63935K(68736K)
[2025-01-09T00:44:23.160+0000][188333.526s][info][gc          ] GC(6711) Pause Young (Concurrent Start) (G1 Evacuation Pause) 9627M->2351M(12288M) 42.430ms
[2025-01-09T00:44:23.160+0000][188333.526s][info][gc,cpu      ] GC(6711) User=0.24s Sys=0.00s Real=0.04s
[2025-01-09T00:44:23.160+0000][188333.526s][info][gc          ] GC(6712) Concurrent Mark Cycle
[2025-01-09T00:44:23.160+0000][188333.526s][info][gc,marking  ] GC(6712) Concurrent Clear Claimed Marks
[2025-01-09T00:44:23.161+0000][188333.527s][info][gc,marking  ] GC(6712) Concurrent Clear Claimed Marks 0.952ms
[2025-01-09T00:44:23.161+0000][188333.527s][info][gc,marking  ] GC(6712) Concurrent Scan Root Regions
[2025-01-09T00:44:23.186+0000][188333.552s][info][gc,marking  ] GC(6712) Concurrent Scan Root Regions 25.059ms
[2025-01-09T00:44:23.186+0000][188333.552s][info][gc,marking  ] GC(6712) Concurrent Mark
[2025-01-09T00:44:23.186+0000][188333.552s][info][gc,marking  ] GC(6712) Concurrent Mark From Roots
[2025-01-09T00:44:23.186+0000][188333.552s][info][gc,task     ] GC(6712) Using 2 workers of 2 for marking
[2025-01-09T00:44:24.010+0000][188334.376s][info][gc,marking  ] GC(6712) Concurrent Mark From Roots 824.137ms
[2025-01-09T00:44:24.010+0000][188334.376s][info][gc,marking  ] GC(6712) Concurrent Preclean
[2025-01-09T00:44:24.013+0000][188334.379s][info][gc,marking  ] GC(6712) Concurrent Preclean 3.365ms
[2025-01-09T00:44:24.013+0000][188334.380s][info][gc,start    ] GC(6712) Pause Remark
[2025-01-09T00:44:24.039+0000][188334.405s][info][gc          ] GC(6712) Pause Remark 2815M->2815M(12288M) 25.416ms
[2025-01-09T00:44:24.039+0000][188334.405s][info][gc,cpu      ] GC(6712) User=0.14s Sys=0.00s Real=0.02s
[2025-01-09T00:44:24.039+0000][188334.405s][info][gc,marking  ] GC(6712) Concurrent Mark 853.320ms
[2025-01-09T00:44:24.039+0000][188334.405s][info][gc,marking  ] GC(6712) Concurrent Rebuild Remembered Sets
[2025-01-09T00:44:24.557+0000][188334.923s][info][gc,marking  ] GC(6712) Concurrent Rebuild Remembered Sets 517.861ms
[2025-01-09T00:44:24.557+0000][188334.923s][info][gc,start    ] GC(6712) Pause Cleanup
[2025-01-09T00:44:24.558+0000][188334.924s][info][gc          ] GC(6712) Pause Cleanup 3219M->3219M(12288M) 0.436ms
[2025-01-09T00:44:24.558+0000][188334.924s][info][gc,cpu      ] GC(6712) User=0.00s Sys=0.00s Real=0.00s
[2025-01-09T00:44:24.558+0000][188334.924s][info][gc,marking  ] GC(6712) Concurrent Cleanup for Next Mark
[2025-01-09T00:44:24.586+0000][188334.952s][info][gc,marking  ] GC(6712) Concurrent Cleanup for Next Mark 28.099ms
[2025-01-09T00:44:24.586+0000][188334.952s][info][gc          ] GC(6712) Concurrent Mark Cycle 1426.164ms
[2025-01-09T00:44:32.490+0000][188342.856s][info][gc,start    ] GC(6713) Pause Young (Prepare Mixed) (G1 Evacuation Pause)
[2025-01-09T00:44:32.490+0000][188342.856s][info][gc,task     ] GC(6713) Using 6 workers of 6 for evacuation
[2025-01-09T00:44:32.532+0000][188342.898s][info][gc,phases   ] GC(6713)   Pre Evacuate Collection Set: 0.2ms
[2025-01-09T00:44:32.532+0000][188342.898s][info][gc,phases   ] GC(6713)   Merge Heap Roots: 0.7ms
[2025-01-09T00:44:32.532+0000][188342.898s][info][gc,phases   ] GC(6713)   Evacuate Collection Set: 37.8ms
[2025-01-09T00:44:32.532+0000][188342.898s][info][gc,phases   ] GC(6713)   Post Evacuate Collection Set: 2.7ms
[2025-01-09T00:44:32.532+0000][188342.898s][info][gc,phases   ] GC(6713)   Other: 0.2ms
[2025-01-09T00:44:32.532+0000][188342.898s][info][gc,heap     ] GC(6713) Eden regions: 909->0(64)
[2025-01-09T00:44:32.532+0000][188342.898s][info][gc,heap     ] GC(6713) Survivor regions: 12->12(116)
[2025-01-09T00:44:32.532+0000][188342.898s][info][gc,heap     ] GC(6713) Old regions: 233->233
[2025-01-09T00:44:32.532+0000][188342.898s][info][gc,heap     ] GC(6713) Archive regions: 2->2
[2025-01-09T00:44:32.532+0000][188342.898s][info][gc,heap     ] GC(6713) Humongous regions: 49->49
[2025-01-09T00:44:32.532+0000][188342.898s][info][gc,metaspace] GC(6713) Metaspace: 524682K(534016K)->524682K(534016K) NonClass: 460746K(465280K)->460746K(465280K) Class: 63935K(68736K)->63935K(68736K)
[2025-01-09T00:44:32.532+0000][188342.898s][info][gc          ] GC(6713) Pause Young (Prepare Mixed) (G1 Evacuation Pause) 9623M->2354M(12288M) 41.670ms
[2025-01-09T00:44:32.532+0000][188342.898s][info][gc,cpu      ] GC(6713) User=0.23s Sys=0.00s Real=0.04s
[2025-01-09T00:44:33.004+0000][188343.370s][info][gc,start    ] GC(6714) Pause Young (Mixed) (GCLocker Initiated GC)
[2025-01-09T00:44:33.004+0000][188343.370s][info][gc,task     ] GC(6714) Using 6 workers of 6 for evacuation
[2025-01-09T00:44:33.062+0000][188343.428s][info][gc,phases   ] GC(6714)   Pre Evacuate Collection Set: 0.2ms
[2025-01-09T00:44:33.062+0000][188343.428s][info][gc,phases   ] GC(6714)   Merge Heap Roots: 0.5ms
[2025-01-09T00:44:33.062+0000][188343.428s][info][gc,phases   ] GC(6714)   Evacuate Collection Set: 55.5ms
[2025-01-09T00:44:33.062+0000][188343.428s][info][gc,phases   ] GC(6714)   Post Evacuate Collection Set: 1.8ms
[2025-01-09T00:44:33.062+0000][188343.428s][info][gc,phases   ] GC(6714)   Other: 0.2ms
[2025-01-09T00:44:33.062+0000][188343.428s][info][gc,heap     ] GC(6714) Eden regions: 65->0(916)
[2025-01-09T00:44:33.062+0000][188343.428s][info][gc,heap     ] GC(6714) Survivor regions: 12->5(10)
[2025-01-09T00:44:33.062+0000][188343.428s][info][gc,heap     ] GC(6714) Old regions: 233->233
[2025-01-09T00:44:33.062+0000][188343.428s][info][gc,heap     ] GC(6714) Archive regions: 2->2
[2025-01-09T00:44:33.062+0000][188343.428s][info][gc,heap     ] GC(6714) Humongous regions: 49->49
[2025-01-09T00:44:33.062+0000][188343.428s][info][gc,metaspace] GC(6714) Metaspace: 524682K(534016K)->524682K(534016K) NonClass: 460746K(465280K)->460746K(465280K) Class: 63935K(68736K)->63935K(68736K)
[2025-01-09T00:44:33.062+0000][188343.428s][info][gc          ] GC(6714) Pause Young (Mixed) (GCLocker Initiated GC) 2866M->2295M(12288M) 58.152ms
[2025-01-09T00:44:33.062+0000][188343.428s][info][gc,cpu      ] GC(6714) User=0.34s Sys=0.00s Real=0.06s
[2025-01-09T00:44:42.290+0000][188352.656s][info][gc,start    ] GC(6715) Pause Young (Normal) (G1 Evacuation Pause)
[2025-01-09T00:44:42.290+0000][188352.656s][info][gc,task     ] GC(6715) Using 6 workers of 6 for evacuation
[2025-01-09T00:44:42.317+0000][188352.683s][info][gc,phases   ] GC(6715)   Pre Evacuate Collection Set: 0.2ms
[2025-01-09T00:44:42.317+0000][188352.683s][info][gc,phases   ] GC(6715)   Merge Heap Roots: 0.4ms
[2025-01-09T00:44:42.317+0000][188352.683s][info][gc,phases   ] GC(6715)   Evacuate Collection Set: 23.2ms
[2025-01-09T00:44:42.317+0000][188352.683s][info][gc,phases   ] GC(6715)   Post Evacuate Collection Set: 2.6ms
[2025-01-09T00:44:42.317+0000][188352.683s][info][gc,phases   ] GC(6715)   Other: 0.2ms
[2025-01-09T00:44:42.317+0000][188352.683s][info][gc,heap     ] GC(6715) Eden regions: 916->0(914)
[2025-01-09T00:44:42.317+0000][188352.683s][info][gc,heap     ] GC(6715) Survivor regions: 5->7(116)
[2025-01-09T00:44:42.317+0000][188352.683s][info][gc,heap     ] GC(6715) Old regions: 233->233
[2025-01-09T00:44:42.317+0000][188352.683s][info][gc,heap     ] GC(6715) Archive regions: 2->2
[2025-01-09T00:44:42.317+0000][188352.683s][info][gc,heap     ] GC(6715) Humongous regions: 49->49
[2025-01-09T00:44:42.317+0000][188352.683s][info][gc,metaspace] GC(6715) Metaspace: 524682K(534016K)->524682K(534016K) NonClass: 460746K(465280K)->460746K(465280K) Class: 63935K(68736K)->63935K(68736K)
[2025-01-09T00:44:42.317+0000][188352.683s][info][gc          ] GC(6715) Pause Young (Normal) (G1 Evacuation Pause) 9623M->2309M(12288M) 26.702ms
[2025-01-09T00:44:42.317+0000][188352.683s][info][gc,cpu      ] GC(6715) User=0.16s Sys=0.00s Real=0.02s
[2025-01-09T00:44:50.880+0000][188361.246s][info][gc,start    ] GC(6716) Pause Young (Normal) (G1 Evacuation Pause)
[2025-01-09T00:44:50.880+0000][188361.246s][info][gc,task     ] GC(6716) Using 6 workers of 6 for evacuation
[2025-01-09T00:44:50.909+0000][188361.275s][info][gc,phases   ] GC(6716)   Pre Evacuate Collection Set: 0.2ms
[2025-01-09T00:44:50.909+0000][188361.275s][info][gc,phases   ] GC(6716)   Merge Heap Roots: 0.4ms
[2025-01-09T00:44:50.909+0000][188361.275s][info][gc,phases   ] GC(6716)   Evacuate Collection Set: 25.4ms
[2025-01-09T00:44:50.909+0000][188361.275s][info][gc,phases   ] GC(6716)   Post Evacuate Collection Set: 2.7ms
[2025-01-09T00:44:50.909+0000][188361.275s][info][gc,phases   ] GC(6716)   Other: 0.2ms
[2025-01-09T00:44:50.909+0000][188361.275s][info][gc,heap     ] GC(6716) Eden regions: 914->0(913)
[2025-01-09T00:44:50.909+0000][188361.275s][info][gc,heap     ] GC(6716) Survivor regions: 7->8(116)
[2025-01-09T00:44:50.909+0000][188361.275s][info][gc,heap     ] GC(6716) Old regions: 233->233
[2025-01-09T00:44:50.909+0000][188361.275s][info][gc,heap     ] GC(6716) Archive regions: 2->2
[2025-01-09T00:44:50.909+0000][188361.275s][info][gc,heap     ] GC(6716) Humongous regions: 49->49
[2025-01-09T00:44:50.909+0000][188361.275s][info][gc,metaspace] GC(6716) Metaspace: 524682K(534016K)->524682K(534016K) NonClass: 460746K(465280K)->460746K(465280K) Class: 63935K(68736K)->63935K(68736K)
[2025-01-09T00:44:50.909+0000][188361.275s][info][gc          ] GC(6716) Pause Young (Normal) (G1 Evacuation Pause) 9621M->2319M(12288M) 29.007ms
[2025-01-09T00:44:50.909+0000][188361.275s][info][gc,cpu      ] GC(6716) User=0.17s Sys=0.00s Real=0.03s
[2025-01-09T00:44:56.237+0000][188366.603s][info][gc,start    ] GC(6717) Pause Young (Concurrent Start) (G1 Evacuation Pause)
[2025-01-09T00:44:56.237+0000][188366.603s][info][gc,task     ] GC(6717) Using 6 workers of 6 for evacuation
[2025-01-09T00:44:56.270+0000][188366.636s][info][gc,phases   ] GC(6717)   Pre Evacuate Collection Set: 1.1ms
[2025-01-09T00:44:56.270+0000][188366.636s][info][gc,phases   ] GC(6717)   Merge Heap Roots: 0.4ms
[2025-01-09T00:44:56.270+0000][188366.636s][info][gc,phases   ] GC(6717)   Evacuate Collection Set: 25.7ms
[2025-01-09T00:44:56.270+0000][188366.636s][info][gc,phases   ] GC(6717)   Post Evacuate Collection Set: 5.1ms
[2025-01-09T00:44:56.270+0000][188366.636s][info][gc,phases   ] GC(6717)   Other: 0.3ms
[2025-01-09T00:44:56.270+0000][188366.636s][info][gc,heap     ] GC(6717) Eden regions: 913->0(911)
[2025-01-09T00:44:56.270+0000][188366.636s][info][gc,heap     ] GC(6717) Survivor regions: 8->10(116)
[2025-01-09T00:44:56.270+0000][188366.636s][info][gc,heap     ] GC(6717) Old regions: 233->233
[2025-01-09T00:44:56.270+0000][188366.636s][info][gc,heap     ] GC(6717) Archive regions: 2->2
[2025-01-09T00:44:56.270+0000][188366.636s][info][gc,heap     ] GC(6717) Humongous regions: 49->49
[2025-01-09T00:44:56.270+0000][188366.636s][info][gc,metaspace] GC(6717) Metaspace: 524682K(534016K)->524682K(534016K) NonClass: 460746K(465280K)->460746K(465280K) Class: 63935K(68736K)->63935K(68736K)
[2025-01-09T00:44:56.270+0000][188366.636s][info][gc          ] GC(6717) Pause Young (Concurrent Start) (G1 Evacuation Pause) 9623M->2331M(12288M) 32.704ms
[2025-01-09T00:44:56.270+0000][188366.636s][info][gc,cpu      ] GC(6717) User=0.19s Sys=0.00s Real=0.04s
[2025-01-09T00:44:56.270+0000][188366.636s][info][gc          ] GC(6718) Concurrent Mark Cycle
[2025-01-09T00:44:56.270+0000][188366.636s][info][gc,marking  ] GC(6718) Concurrent Clear Claimed Marks
[2025-01-09T00:44:56.271+0000][188366.637s][info][gc,marking  ] GC(6718) Concurrent Clear Claimed Marks 0.899ms
[2025-01-09T00:44:56.271+0000][188366.637s][info][gc,marking  ] GC(6718) Concurrent Scan Root Regions
[2025-01-09T00:44:56.296+0000][188366.662s][info][gc,marking  ] GC(6718) Concurrent Scan Root Regions 25.189ms
[2025-01-09T00:44:56.296+0000][188366.662s][info][gc,marking  ] GC(6718) Concurrent Mark
[2025-01-09T00:44:56.296+0000][188366.662s][info][gc,marking  ] GC(6718) Concurrent Mark From Roots
[2025-01-09T00:44:56.296+0000][188366.662s][info][gc,task     ] GC(6718) Using 2 workers of 2 for marking
[2025-01-09T00:44:57.214+0000][188367.581s][info][gc,marking  ] GC(6718) Concurrent Mark From Roots 918.494ms
[2025-01-09T00:44:57.214+0000][188367.581s][info][gc,marking  ] GC(6718) Concurrent Preclean
[2025-01-09T00:44:57.217+0000][188367.583s][info][gc,marking  ] GC(6718) Concurrent Preclean 2.420ms
[2025-01-09T00:44:57.217+0000][188367.583s][info][gc,start    ] GC(6718) Pause Remark
[2025-01-09T00:44:57.243+0000][188367.609s][info][gc          ] GC(6718) Pause Remark 3455M->3455M(12288M) 25.685ms
[2025-01-09T00:44:57.243+0000][188367.609s][info][gc,cpu      ] GC(6718) User=0.15s Sys=0.00s Real=0.03s
[2025-01-09T00:44:57.243+0000][188367.609s][info][gc,marking  ] GC(6718) Concurrent Mark 946.914ms
[2025-01-09T00:44:57.243+0000][188367.609s][info][gc,marking  ] GC(6718) Concurrent Rebuild Remembered Sets
[2025-01-09T00:44:57.750+0000][188368.116s][info][gc,marking  ] GC(6718) Concurrent Rebuild Remembered Sets 507.300ms
[2025-01-09T00:44:57.750+0000][188368.116s][info][gc,start    ] GC(6718) Pause Cleanup
[2025-01-09T00:44:57.751+0000][188368.117s][info][gc          ] GC(6718) Pause Cleanup 3807M->3807M(12288M) 0.407ms
[2025-01-09T00:44:57.751+0000][188368.117s][info][gc,cpu      ] GC(6718) User=0.00s Sys=0.00s Real=0.00s
[2025-01-09T00:44:57.751+0000][188368.117s][info][gc,marking  ] GC(6718) Concurrent Cleanup for Next Mark
[2025-01-09T00:44:57.766+0000][188368.132s][info][gc,marking  ] GC(6718) Concurrent Cleanup for Next Mark 15.266ms
[2025-01-09T00:44:57.766+0000][188368.132s][info][gc          ] GC(6718) Concurrent Mark Cycle 1496.346ms
[2025-01-09T00:45:03.149+0000][188373.515s][info][gc,start    ] GC(6719) Pause Young (Prepare Mixed) (G1 Evacuation Pause)
[2025-01-09T00:45:03.149+0000][188373.515s][info][gc,task     ] GC(6719) Using 6 workers of 6 for evacuation
[2025-01-09T00:45:03.184+0000][188373.550s][info][gc,phases   ] GC(6719)   Pre Evacuate Collection Set: 0.2ms
[2025-01-09T00:45:03.184+0000][188373.550s][info][gc,phases   ] GC(6719)   Merge Heap Roots: 0.7ms
[2025-01-09T00:45:03.184+0000][188373.551s][info][gc,phases   ] GC(6719)   Evacuate Collection Set: 32.1ms
[2025-01-09T00:45:03.184+0000][188373.551s][info][gc,phases   ] GC(6719)   Post Evacuate Collection Set: 2.5ms
[2025-01-09T00:45:03.184+0000][188373.551s][info][gc,phases   ] GC(6719)   Other: 0.2ms
[2025-01-09T00:45:03.184+0000][188373.551s][info][gc,heap     ] GC(6719) Eden regions: 911->0(66)
[2025-01-09T00:45:03.184+0000][188373.551s][info][gc,heap     ] GC(6719) Survivor regions: 10->10(116)
[2025-01-09T00:45:03.184+0000][188373.551s][info][gc,heap     ] GC(6719) Old regions: 233->233
[2025-01-09T00:45:03.184+0000][188373.551s][info][gc,heap     ] GC(6719) Archive regions: 2->2
[2025-01-09T00:45:03.184+0000][188373.551s][info][gc,heap     ] GC(6719) Humongous regions: 49->49
[2025-01-09T00:45:03.184+0000][188373.551s][info][gc,metaspace] GC(6719) Metaspace: 524684K(534080K)->524684K(534080K) NonClass: 460748K(465344K)->460748K(465344K) Class: 63935K(68736K)->63935K(68736K)
[2025-01-09T00:45:03.184+0000][188373.551s][info][gc          ] GC(6719) Pause Young (Prepare Mixed) (G1 Evacuation Pause) 9619M->2333M(12288M) 35.823ms
[2025-01-09T00:45:03.185+0000][188373.551s][info][gc,cpu      ] GC(6719) User=0.21s Sys=0.00s Real=0.04s
[2025-01-09T00:45:03.759+0000][188374.125s][info][gc,start    ] GC(6720) Pause Young (Mixed) (G1 Evacuation Pause)
[2025-01-09T00:45:03.759+0000][188374.125s][info][gc,task     ] GC(6720) Using 6 workers of 6 for evacuation
[2025-01-09T00:45:03.818+0000][188374.184s][info][gc,phases   ] GC(6720)   Pre Evacuate Collection Set: 0.2ms
[2025-01-09T00:45:03.818+0000][188374.184s][info][gc,phases   ] GC(6720)   Merge Heap Roots: 0.6ms
[2025-01-09T00:45:03.818+0000][188374.184s][info][gc,phases   ] GC(6720)   Evacuate Collection Set: 56.2ms
[2025-01-09T00:45:03.818+0000][188374.184s][info][gc,phases   ] GC(6720)   Post Evacuate Collection Set: 1.6ms
[2025-01-09T00:45:03.818+0000][188374.184s][info][gc,phases   ] GC(6720)   Other: 0.2ms
[2025-01-09T00:45:03.818+0000][188374.184s][info][gc,heap     ] GC(6720) Eden regions: 66->0(916)
[2025-01-09T00:45:03.818+0000][188374.184s][info][gc,heap     ] GC(6720) Survivor regions: 10->5(10)
[2025-01-09T00:45:03.818+0000][188374.184s][info][gc,heap     ] GC(6720) Old regions: 233->232
[2025-01-09T00:45:03.818+0000][188374.184s][info][gc,heap     ] GC(6720) Archive regions: 2->2
[2025-01-09T00:45:03.818+0000][188374.184s][info][gc,heap     ] GC(6720) Humongous regions: 49->49
[2025-01-09T00:45:03.818+0000][188374.184s][info][gc,metaspace] GC(6720) Metaspace: 524684K(534080K)->524684K(534080K) NonClass: 460748K(465344K)->460748K(465344K) Class: 63935K(68736K)->63935K(68736K)
[2025-01-09T00:45:03.818+0000][188374.184s][info][gc          ] GC(6720) Pause Young (Mixed) (G1 Evacuation Pause) 2861M->2288M(12288M) 58.899ms
[2025-01-09T00:45:03.818+0000][188374.184s][info][gc,cpu      ] GC(6720) User=0.35s Sys=0.00s Real=0.06s
[2025-01-09T00:45:12.374+0000][188382.740s][info][gc,start    ] GC(6721) Pause Young (Normal) (G1 Evacuation Pause)
[2025-01-09T00:45:12.374+0000][188382.740s][info][gc,task     ] GC(6721) Using 6 workers of 6 for evacuation
[2025-01-09T00:45:12.401+0000][188382.768s][info][gc,phases   ] GC(6721)   Pre Evacuate Collection Set: 0.2ms
[2025-01-09T00:45:12.402+0000][188382.768s][info][gc,phases   ] GC(6721)   Merge Heap Roots: 0.4ms
[2025-01-09T00:45:12.402+0000][188382.768s][info][gc,phases   ] GC(6721)   Evacuate Collection Set: 22.7ms
[2025-01-09T00:45:12.402+0000][188382.768s][info][gc,phases   ] GC(6721)   Post Evacuate Collection Set: 3.9ms
[2025-01-09T00:45:12.402+0000][188382.768s][info][gc,phases   ] GC(6721)   Other: 0.2ms
[2025-01-09T00:45:12.402+0000][188382.768s][info][gc,heap     ] GC(6721) Eden regions: 916->0(914)
[2025-01-09T00:45:12.402+0000][188382.768s][info][gc,heap     ] GC(6721) Survivor regions: 5->7(116)
[2025-01-09T00:45:12.402+0000][188382.768s][info][gc,heap     ] GC(6721) Old regions: 232->232
[2025-01-09T00:45:12.402+0000][188382.768s][info][gc,heap     ] GC(6721) Archive regions: 2->2
[2025-01-09T00:45:12.402+0000][188382.768s][info][gc,heap     ] GC(6721) Humongous regions: 49->49
[2025-01-09T00:45:12.402+0000][188382.768s][info][gc,metaspace] GC(6721) Metaspace: 524684K(534080K)->524684K(534080K) NonClass: 460748K(465344K)->460748K(465344K) Class: 63935K(68736K)->63935K(68736K)
[2025-01-09T00:45:12.402+0000][188382.768s][info][gc          ] GC(6721) Pause Young (Normal) (G1 Evacuation Pause) 9616M->2301M(12288M) 27.560ms
[2025-01-09T00:45:12.402+0000][188382.768s][info][gc,cpu      ] GC(6721) User=0.15s Sys=0.01s Real=0.03s
[2025-01-09T00:45:23.930+0000][188394.296s][info][gc,start    ] GC(6722) Pause Young (Normal) (G1 Evacuation Pause)
[2025-01-09T00:45:23.930+0000][188394.296s][info][gc,task     ] GC(6722) Using 6 workers of 6 for evacuation
[2025-01-09T00:45:23.963+0000][188394.329s][info][gc,phases   ] GC(6722)   Pre Evacuate Collection Set: 0.2ms
[2025-01-09T00:45:23.963+0000][188394.329s][info][gc,phases   ] GC(6722)   Merge Heap Roots: 0.4ms
[2025-01-09T00:45:23.963+0000][188394.329s][info][gc,phases   ] GC(6722)   Evacuate Collection Set: 29.9ms
[2025-01-09T00:45:23.963+0000][188394.329s][info][gc,phases   ] GC(6722)   Post Evacuate Collection Set: 2.8ms
[2025-01-09T00:45:23.963+0000][188394.329s][info][gc,phases   ] GC(6722)   Other: 0.2ms
[2025-01-09T00:45:23.963+0000][188394.329s][info][gc,heap     ] GC(6722) Eden regions: 914->0(912)
[2025-01-09T00:45:23.963+0000][188394.329s][info][gc,heap     ] GC(6722) Survivor regions: 7->9(116)
[2025-01-09T00:45:23.963+0000][188394.329s][info][gc,heap     ] GC(6722) Old regions: 232->232
[2025-01-09T00:45:23.963+0000][188394.329s][info][gc,heap     ] GC(6722) Archive regions: 2->2
[2025-01-09T00:45:23.963+0000][188394.329s][info][gc,heap     ] GC(6722) Humongous regions: 49->49
[2025-01-09T00:45:23.963+0000][188394.329s][info][gc,metaspace] GC(6722) Metaspace: 524684K(534080K)->524684K(534080K) NonClass: 460748K(465344K)->460748K(465344K) Class: 63935K(68736K)->63935K(68736K)
[2025-01-09T00:45:23.963+0000][188394.330s][info][gc          ] GC(6722) Pause Young (Normal) (G1 Evacuation Pause) 9613M->2314M(12288M) 33.674ms
[2025-01-09T00:45:23.963+0000][188394.330s][info][gc,cpu      ] GC(6722) User=0.20s Sys=0.00s Real=0.03s
[2025-01-09T00:45:31.987+0000][188402.353s][info][gc,start    ] GC(6723) Pause Young (Concurrent Start) (G1 Evacuation Pause)
[2025-01-09T00:45:31.987+0000][188402.353s][info][gc,task     ] GC(6723) Using 6 workers of 6 for evacuation
[2025-01-09T00:45:32.025+0000][188402.391s][info][gc,phases   ] GC(6723)   Pre Evacuate Collection Set: 1.1ms
[2025-01-09T00:45:32.025+0000][188402.391s][info][gc,phases   ] GC(6723)   Merge Heap Roots: 0.5ms
[2025-01-09T00:45:32.025+0000][188402.391s][info][gc,phases   ] GC(6723)   Evacuate Collection Set: 34.2ms
[2025-01-09T00:45:32.025+0000][188402.391s][info][gc,phases   ] GC(6723)   Post Evacuate Collection Set: 2.6ms
[2025-01-09T00:45:32.025+0000][188402.391s][info][gc,phases   ] GC(6723)   Other: 0.3ms
[2025-01-09T00:45:32.025+0000][188402.391s][info][gc,heap     ] GC(6723) Eden regions: 912->0(911)
[2025-01-09T00:45:32.025+0000][188402.391s][info][gc,heap     ] GC(6723) Survivor regions: 9->10(116)
[2025-01-09T00:45:32.025+0000][188402.392s][info][gc,heap     ] GC(6723) Old regions: 232->232
[2025-01-09T00:45:32.025+0000][188402.392s][info][gc,heap     ] GC(6723) Archive regions: 2->2
[2025-01-09T00:45:32.025+0000][188402.392s][info][gc,heap     ] GC(6723) Humongous regions: 49->49
[2025-01-09T00:45:32.025+0000][188402.392s][info][gc,metaspace] GC(6723) Metaspace: 524684K(534080K)->524684K(534080K) NonClass: 460748K(465344K)->460748K(465344K) Class: 63935K(68736K)->63935K(68736K)
[2025-01-09T00:45:32.025+0000][188402.392s][info][gc          ] GC(6723) Pause Young (Concurrent Start) (G1 Evacuation Pause) 9610M->2323M(12288M) 38.742ms
[2025-01-09T00:45:32.026+0000][188402.392s][info][gc,cpu      ] GC(6723) User=0.22s Sys=0.00s Real=0.04s
[2025-01-09T00:45:32.026+0000][188402.392s][info][gc          ] GC(6724) Concurrent Mark Cycle
[2025-01-09T00:45:32.026+0000][188402.392s][info][gc,marking  ] GC(6724) Concurrent Clear Claimed Marks
[2025-01-09T00:45:32.027+0000][188402.393s][info][gc,marking  ] GC(6724) Concurrent Clear Claimed Marks 0.970ms
[2025-01-09T00:45:32.027+0000][188402.393s][info][gc,marking  ] GC(6724) Concurrent Scan Root Regions
[2025-01-09T00:45:32.060+0000][188402.426s][info][gc,marking  ] GC(6724) Concurrent Scan Root Regions 33.293ms
[2025-01-09T00:45:32.060+0000][188402.426s][info][gc,marking  ] GC(6724) Concurrent Mark
[2025-01-09T00:45:32.060+0000][188402.426s][info][gc,marking  ] GC(6724) Concurrent Mark From Roots
[2025-01-09T00:45:32.060+0000][188402.426s][info][gc,task     ] GC(6724) Using 2 workers of 2 for marking
[2025-01-09T00:45:32.916+0000][188403.282s][info][gc,marking  ] GC(6724) Concurrent Mark From Roots 856.406ms
[2025-01-09T00:45:32.916+0000][188403.282s][info][gc,marking  ] GC(6724) Concurrent Preclean
[2025-01-09T00:45:32.919+0000][188403.285s][info][gc,marking  ] GC(6724) Concurrent Preclean 2.428ms
[2025-01-09T00:45:32.919+0000][188403.285s][info][gc,start    ] GC(6724) Pause Remark
[2025-01-09T00:45:32.945+0000][188403.311s][info][gc          ] GC(6724) Pause Remark 3187M->3187M(12288M) 25.619ms
[2025-01-09T00:45:32.945+0000][188403.311s][info][gc,cpu      ] GC(6724) User=0.15s Sys=0.00s Real=0.03s
[2025-01-09T00:45:32.945+0000][188403.311s][info][gc,marking  ] GC(6724) Concurrent Mark 884.829ms
[2025-01-09T00:45:32.945+0000][188403.311s][info][gc,marking  ] GC(6724) Concurrent Rebuild Remembered Sets
[2025-01-09T00:45:33.506+0000][188403.872s][info][gc,marking  ] GC(6724) Concurrent Rebuild Remembered Sets 560.998ms
[2025-01-09T00:45:33.506+0000][188403.872s][info][gc,start    ] GC(6724) Pause Cleanup
[2025-01-09T00:45:33.506+0000][188403.872s][info][gc          ] GC(6724) Pause Cleanup 3695M->3695M(12288M) 0.415ms
[2025-01-09T00:45:33.506+0000][188403.872s][info][gc,cpu      ] GC(6724) User=0.00s Sys=0.00s Real=0.00s
[2025-01-09T00:45:33.506+0000][188403.872s][info][gc,marking  ] GC(6724) Concurrent Cleanup for Next Mark
[2025-01-09T00:45:33.522+0000][188403.888s][info][gc,marking  ] GC(6724) Concurrent Cleanup for Next Mark 15.367ms
[2025-01-09T00:45:33.522+0000][188403.888s][info][gc          ] GC(6724) Concurrent Mark Cycle 1496.258ms
[2025-01-09T00:45:40.742+0000][188411.108s][info][gc,start    ] GC(6725) Pause Young (Prepare Mixed) (G1 Evacuation Pause)
[2025-01-09T00:45:40.742+0000][188411.109s][info][gc,task     ] GC(6725) Using 6 workers of 6 for evacuation
[2025-01-09T00:45:40.781+0000][188411.147s][info][gc,phases   ] GC(6725)   Pre Evacuate Collection Set: 0.2ms
[2025-01-09T00:45:40.781+0000][188411.147s][info][gc,phases   ] GC(6725)   Merge Heap Roots: 0.7ms
[2025-01-09T00:45:40.781+0000][188411.148s][info][gc,phases   ] GC(6725)   Evacuate Collection Set: 35.2ms
[2025-01-09T00:45:40.781+0000][188411.148s][info][gc,phases   ] GC(6725)   Post Evacuate Collection Set: 2.7ms
[2025-01-09T00:45:40.781+0000][188411.148s][info][gc,phases   ] GC(6725)   Other: 0.2ms
[2025-01-09T00:45:40.781+0000][188411.148s][info][gc,heap     ] GC(6725) Eden regions: 911->0(65)
[2025-01-09T00:45:40.781+0000][188411.148s][info][gc,heap     ] GC(6725) Survivor regions: 10->11(116)
[2025-01-09T00:45:40.781+0000][188411.148s][info][gc,heap     ] GC(6725) Old regions: 232->232
[2025-01-09T00:45:40.781+0000][188411.148s][info][gc,heap     ] GC(6725) Archive regions: 2->2
[2025-01-09T00:45:40.781+0000][188411.148s][info][gc,heap     ] GC(6725) Humongous regions: 49->49
[2025-01-09T00:45:40.781+0000][188411.148s][info][gc,metaspace] GC(6725) Metaspace: 524684K(534080K)->524684K(534080K) NonClass: 460748K(465344K)->460748K(465344K) Class: 63935K(68736K)->63935K(68736K)
[2025-01-09T00:45:40.782+0000][188411.148s][info][gc          ] GC(6725) Pause Young (Prepare Mixed) (G1 Evacuation Pause) 9611M->2333M(12288M) 39.110ms
[2025-01-09T00:45:40.782+0000][188411.148s][info][gc,cpu      ] GC(6725) User=0.23s Sys=0.01s Real=0.04s
[2025-01-09T00:45:41.179+0000][188411.545s][info][gc,start    ] GC(6726) Pause Young (Mixed) (G1 Evacuation Pause)
[2025-01-09T00:45:41.179+0000][188411.545s][info][gc,task     ] GC(6726) Using 6 workers of 6 for evacuation
[2025-01-09T00:45:41.252+0000][188411.618s][info][gc,phases   ] GC(6726)   Pre Evacuate Collection Set: 0.2ms
[2025-01-09T00:45:41.252+0000][188411.618s][info][gc,phases   ] GC(6726)   Merge Heap Roots: 0.7ms
[2025-01-09T00:45:41.252+0000][188411.618s][info][gc,phases   ] GC(6726)   Evacuate Collection Set: 69.8ms
[2025-01-09T00:45:41.252+0000][188411.618s][info][gc,phases   ] GC(6726)   Post Evacuate Collection Set: 1.9ms
[2025-01-09T00:45:41.252+0000][188411.618s][info][gc,phases   ] GC(6726)   Other: 0.2ms
[2025-01-09T00:45:41.252+0000][188411.618s][info][gc,heap     ] GC(6726) Eden regions: 65->0(916)
[2025-01-09T00:45:41.252+0000][188411.618s][info][gc,heap     ] GC(6726) Survivor regions: 11->5(10)
[2025-01-09T00:45:41.252+0000][188411.618s][info][gc,heap     ] GC(6726) Old regions: 232->232
[2025-01-09T00:45:41.252+0000][188411.618s][info][gc,heap     ] GC(6726) Archive regions: 2->2
[2025-01-09T00:45:41.252+0000][188411.618s][info][gc,heap     ] GC(6726) Humongous regions: 49->49
[2025-01-09T00:45:41.252+0000][188411.618s][info][gc,metaspace] GC(6726) Metaspace: 524684K(534080K)->524684K(534080K) NonClass: 460748K(465344K)->460748K(465344K) Class: 63935K(68736K)->63935K(68736K)
[2025-01-09T00:45:41.252+0000][188411.618s][info][gc          ] GC(6726) Pause Young (Mixed) (G1 Evacuation Pause) 2853M->2292M(12288M) 72.883ms
[2025-01-09T00:45:41.252+0000][188411.618s][info][gc,cpu      ] GC(6726) User=0.41s Sys=0.00s Real=0.08s
[2025-01-09T00:45:49.866+0000][188420.232s][info][gc,start    ] GC(6727) Pause Young (Normal) (G1 Evacuation Pause)
[2025-01-09T00:45:49.866+0000][188420.232s][info][gc,task     ] GC(6727) Using 6 workers of 6 for evacuation
[2025-01-09T00:45:49.895+0000][188420.261s][info][gc,phases   ] GC(6727)   Pre Evacuate Collection Set: 0.2ms
[2025-01-09T00:45:49.895+0000][188420.261s][info][gc,phases   ] GC(6727)   Merge Heap Roots: 0.4ms
[2025-01-09T00:45:49.895+0000][188420.261s][info][gc,phases   ] GC(6727)   Evacuate Collection Set: 22.9ms
[2025-01-09T00:45:49.895+0000][188420.261s][info][gc,phases   ] GC(6727)   Post Evacuate Collection Set: 5.2ms
[2025-01-09T00:45:49.895+0000][188420.261s][info][gc,phases   ] GC(6727)   Other: 0.2ms
[2025-01-09T00:45:49.895+0000][188420.261s][info][gc,heap     ] GC(6727) Eden regions: 916->0(914)
[2025-01-09T00:45:49.895+0000][188420.261s][info][gc,heap     ] GC(6727) Survivor regions: 5->7(116)
[2025-01-09T00:45:49.895+0000][188420.261s][info][gc,heap     ] GC(6727) Old regions: 232->232
[2025-01-09T00:45:49.895+0000][188420.261s][info][gc,heap     ] GC(6727) Archive regions: 2->2
[2025-01-09T00:45:49.895+0000][188420.261s][info][gc,heap     ] GC(6727) Humongous regions: 49->49
[2025-01-09T00:45:49.895+0000][188420.261s][info][gc,metaspace] GC(6727) Metaspace: 524684K(534080K)->524684K(534080K) NonClass: 460748K(465344K)->460748K(465344K) Class: 63935K(68736K)->63935K(68736K)
[2025-01-09T00:45:49.895+0000][188420.261s][info][gc          ] GC(6727) Pause Young (Normal) (G1 Evacuation Pause) 9620M->2307M(12288M) 29.069ms
[2025-01-09T00:45:49.895+0000][188420.261s][info][gc,cpu      ] GC(6727) User=0.16s Sys=0.01s Real=0.03s
[2025-01-09T00:45:58.955+0000][188429.321s][info][gc,start    ] GC(6728) Pause Young (Normal) (G1 Evacuation Pause)
[2025-01-09T00:45:58.955+0000][188429.321s][info][gc,task     ] GC(6728) Using 6 workers of 6 for evacuation
[2025-01-09T00:45:58.983+0000][188429.349s][info][gc,phases   ] GC(6728)   Pre Evacuate Collection Set: 0.2ms
[2025-01-09T00:45:58.983+0000][188429.349s][info][gc,phases   ] GC(6728)   Merge Heap Roots: 0.4ms
[2025-01-09T00:45:58.983+0000][188429.349s][info][gc,phases   ] GC(6728)   Evacuate Collection Set: 24.7ms
[2025-01-09T00:45:58.983+0000][188429.349s][info][gc,phases   ] GC(6728)   Post Evacuate Collection Set: 2.6ms
[2025-01-09T00:45:58.983+0000][188429.349s][info][gc,phases   ] GC(6728)   Other: 0.2ms
[2025-01-09T00:45:58.983+0000][188429.349s][info][gc,heap     ] GC(6728) Eden regions: 914->0(913)
[2025-01-09T00:45:58.983+0000][188429.349s][info][gc,heap     ] GC(6728) Survivor regions: 7->8(116)
[2025-01-09T00:45:58.983+0000][188429.349s][info][gc,heap     ] GC(6728) Old regions: 232->232
[2025-01-09T00:45:58.983+0000][188429.349s][info][gc,heap     ] GC(6728) Archive regions: 2->2
[2025-01-09T00:45:58.983+0000][188429.349s][info][gc,heap     ] GC(6728) Humongous regions: 49->49
[2025-01-09T00:45:58.983+0000][188429.349s][info][gc,metaspace] GC(6728) Metaspace: 524684K(534080K)->524684K(534080K) NonClass: 460748K(465344K)->460748K(465344K) Class: 63935K(68736K)->63935K(68736K)
[2025-01-09T00:45:58.983+0000][188429.349s][info][gc          ] GC(6728) Pause Young (Normal) (G1 Evacuation Pause) 9619M->2310M(12288M) 28.180ms
[2025-01-09T00:45:58.983+0000][188429.349s][info][gc,cpu      ] GC(6728) User=0.16s Sys=0.00s Real=0.03s
[2025-01-09T00:46:05.851+0000][188436.217s][info][gc,start    ] GC(6729) Pause Young (Concurrent Start) (G1 Evacuation Pause)
[2025-01-09T00:46:05.851+0000][188436.217s][info][gc,task     ] GC(6729) Using 6 workers of 6 for evacuation
[2025-01-09T00:46:05.884+0000][188436.250s][info][gc,phases   ] GC(6729)   Pre Evacuate Collection Set: 1.1ms
[2025-01-09T00:46:05.884+0000][188436.250s][info][gc,phases   ] GC(6729)   Merge Heap Roots: 0.4ms
[2025-01-09T00:46:05.884+0000][188436.250s][info][gc,phases   ] GC(6729)   Evacuate Collection Set: 26.9ms
[2025-01-09T00:46:05.884+0000][188436.250s][info][gc,phases   ] GC(6729)   Post Evacuate Collection Set: 3.9ms
[2025-01-09T00:46:05.884+0000][188436.250s][info][gc,phases   ] GC(6729)   Other: 0.3ms
[2025-01-09T00:46:05.884+0000][188436.250s][info][gc,heap     ] GC(6729) Eden regions: 913->0(913)
[2025-01-09T00:46:05.884+0000][188436.250s][info][gc,heap     ] GC(6729) Survivor regions: 8->8(116)
[2025-01-09T00:46:05.884+0000][188436.250s][info][gc,heap     ] GC(6729) Old regions: 232->232
[2025-01-09T00:46:05.884+0000][188436.250s][info][gc,heap     ] GC(6729) Archive regions: 2->2
[2025-01-09T00:46:05.884+0000][188436.250s][info][gc,heap     ] GC(6729) Humongous regions: 49->49
[2025-01-09T00:46:05.884+0000][188436.250s][info][gc,metaspace] GC(6729) Metaspace: 524684K(534080K)->524684K(534080K) NonClass: 460748K(465344K)->460748K(465344K) Class: 63935K(68736K)->63935K(68736K)
[2025-01-09T00:46:05.884+0000][188436.250s][info][gc          ] GC(6729) Pause Young (Concurrent Start) (G1 Evacuation Pause) 9614M->2316M(12288M) 32.751ms
[2025-01-09T00:46:05.884+0000][188436.250s][info][gc,cpu      ] GC(6729) User=0.18s Sys=0.01s Real=0.03s
[2025-01-09T00:46:05.884+0000][188436.250s][info][gc          ] GC(6730) Concurrent Mark Cycle
[2025-01-09T00:46:05.884+0000][188436.250s][info][gc,marking  ] GC(6730) Concurrent Clear Claimed Marks
[2025-01-09T00:46:05.885+0000][188436.251s][info][gc,marking  ] GC(6730) Concurrent Clear Claimed Marks 0.952ms
[2025-01-09T00:46:05.885+0000][188436.251s][info][gc,marking  ] GC(6730) Concurrent Scan Root Regions
[2025-01-09T00:46:05.910+0000][188436.276s][info][gc,marking  ] GC(6730) Concurrent Scan Root Regions 25.220ms
[2025-01-09T00:46:05.910+0000][188436.276s][info][gc,marking  ] GC(6730) Concurrent Mark
[2025-01-09T00:46:05.910+0000][188436.276s][info][gc,marking  ] GC(6730) Concurrent Mark From Roots
[2025-01-09T00:46:05.910+0000][188436.276s][info][gc,task     ] GC(6730) Using 2 workers of 2 for marking
[2025-01-09T00:46:06.795+0000][188437.161s][info][gc,marking  ] GC(6730) Concurrent Mark From Roots 884.638ms
[2025-01-09T00:46:06.795+0000][188437.161s][info][gc,marking  ] GC(6730) Concurrent Preclean
[2025-01-09T00:46:06.797+0000][188437.163s][info][gc,marking  ] GC(6730) Concurrent Preclean 2.432ms
[2025-01-09T00:46:06.797+0000][188437.163s][info][gc,start    ] GC(6730) Pause Remark
[2025-01-09T00:46:06.823+0000][188437.189s][info][gc          ] GC(6730) Pause Remark 2752M->2752M(12288M) 25.734ms
[2025-01-09T00:46:06.823+0000][188437.189s][info][gc,cpu      ] GC(6730) User=0.15s Sys=0.00s Real=0.03s
[2025-01-09T00:46:06.823+0000][188437.189s][info][gc,marking  ] GC(6730) Concurrent Mark 913.100ms
[2025-01-09T00:46:06.823+0000][188437.189s][info][gc,marking  ] GC(6730) Concurrent Rebuild Remembered Sets
[2025-01-09T00:46:07.328+0000][188437.694s][info][gc,marking  ] GC(6730) Concurrent Rebuild Remembered Sets 505.285ms
[2025-01-09T00:46:07.329+0000][188437.695s][info][gc,start    ] GC(6730) Pause Cleanup
[2025-01-09T00:46:07.329+0000][188437.695s][info][gc          ] GC(6730) Pause Cleanup 2860M->2860M(12288M) 0.386ms
[2025-01-09T00:46:07.329+0000][188437.695s][info][gc,cpu      ] GC(6730) User=0.00s Sys=0.00s Real=0.00s
[2025-01-09T00:46:07.329+0000][188437.695s][info][gc,marking  ] GC(6730) Concurrent Cleanup for Next Mark
[2025-01-09T00:46:07.344+0000][188437.710s][info][gc,marking  ] GC(6730) Concurrent Cleanup for Next Mark 15.377ms
[2025-01-09T00:46:07.344+0000][188437.711s][info][gc          ] GC(6730) Concurrent Mark Cycle 1460.729ms
[2025-01-09T00:46:17.033+0000][188447.399s][info][gc,start    ] GC(6731) Pause Young (Prepare Mixed) (G1 Evacuation Pause)
[2025-01-09T00:46:17.033+0000][188447.399s][info][gc,task     ] GC(6731) Using 6 workers of 6 for evacuation
[2025-01-09T00:46:17.072+0000][188447.438s][info][gc,phases   ] GC(6731)   Pre Evacuate Collection Set: 0.2ms
[2025-01-09T00:46:17.072+0000][188447.438s][info][gc,phases   ] GC(6731)   Merge Heap Roots: 0.7ms
[2025-01-09T00:46:17.072+0000][188447.438s][info][gc,phases   ] GC(6731)   Evacuate Collection Set: 34.5ms
[2025-01-09T00:46:17.072+0000][188447.438s][info][gc,phases   ] GC(6731)   Post Evacuate Collection Set: 2.9ms
[2025-01-09T00:46:17.072+0000][188447.438s][info][gc,phases   ] GC(6731)   Other: 0.2ms
[2025-01-09T00:46:17.072+0000][188447.438s][info][gc,heap     ] GC(6731) Eden regions: 913->0(66)
[2025-01-09T00:46:17.072+0000][188447.438s][info][gc,heap     ] GC(6731) Survivor regions: 8->10(116)
[2025-01-09T00:46:17.072+0000][188447.438s][info][gc,heap     ] GC(6731) Old regions: 232->232
[2025-01-09T00:46:17.072+0000][188447.438s][info][gc,heap     ] GC(6731) Archive regions: 2->2
[2025-01-09T00:46:17.072+0000][188447.438s][info][gc,heap     ] GC(6731) Humongous regions: 49->49
[2025-01-09T00:46:17.072+0000][188447.438s][info][gc,metaspace] GC(6731) Metaspace: 524684K(534080K)->524684K(534080K) NonClass: 460748K(465344K)->460748K(465344K) Class: 63935K(68736K)->63935K(68736K)
[2025-01-09T00:46:17.072+0000][188447.438s][info][gc          ] GC(6731) Pause Young (Prepare Mixed) (G1 Evacuation Pause) 9620M->2326M(12288M) 38.641ms
[2025-01-09T00:46:17.072+0000][188447.438s][info][gc,cpu      ] GC(6731) User=0.23s Sys=0.00s Real=0.04s
[2025-01-09T00:46:17.615+0000][188447.981s][info][gc,start    ] GC(6732) Pause Young (Mixed) (G1 Evacuation Pause)
[2025-01-09T00:46:17.615+0000][188447.981s][info][gc,task     ] GC(6732) Using 6 workers of 6 for evacuation
[2025-01-09T00:46:17.686+0000][188448.052s][info][gc,phases   ] GC(6732)   Pre Evacuate Collection Set: 0.2ms
[2025-01-09T00:46:17.686+0000][188448.052s][info][gc,phases   ] GC(6732)   Merge Heap Roots: 0.8ms
[2025-01-09T00:46:17.686+0000][188448.052s][info][gc,phases   ] GC(6732)   Evacuate Collection Set: 67.5ms
[2025-01-09T00:46:17.686+0000][188448.052s][info][gc,phases   ] GC(6732)   Post Evacuate Collection Set: 1.9ms
[2025-01-09T00:46:17.686+0000][188448.052s][info][gc,phases   ] GC(6732)   Other: 0.2ms
[2025-01-09T00:46:17.686+0000][188448.052s][info][gc,heap     ] GC(6732) Eden regions: 66->0(916)
[2025-01-09T00:46:17.686+0000][188448.052s][info][gc,heap     ] GC(6732) Survivor regions: 10->5(10)
[2025-01-09T00:46:17.686+0000][188448.052s][info][gc,heap     ] GC(6732) Old regions: 232->232
[2025-01-09T00:46:17.686+0000][188448.052s][info][gc,heap     ] GC(6732) Archive regions: 2->2
[2025-01-09T00:46:17.686+0000][188448.052s][info][gc,heap     ] GC(6732) Humongous regions: 49->49
[2025-01-09T00:46:17.686+0000][188448.052s][info][gc,metaspace] GC(6732) Metaspace: 524684K(534080K)->524684K(534080K) NonClass: 460748K(465344K)->460748K(465344K) Class: 63935K(68736K)->63935K(68736K)
[2025-01-09T00:46:17.686+0000][188448.052s][info][gc          ] GC(6732) Pause Young (Mixed) (G1 Evacuation Pause) 2854M->2291M(12288M) 70.602ms
[2025-01-09T00:46:17.686+0000][188448.052s][info][gc,cpu      ] GC(6732) User=0.42s Sys=0.00s Real=0.07s
[2025-01-09T00:46:29.613+0000][188459.979s][info][gc,start    ] GC(6733) Pause Young (Normal) (G1 Evacuation Pause)
[2025-01-09T00:46:29.613+0000][188459.979s][info][gc,task     ] GC(6733) Using 6 workers of 6 for evacuation
[2025-01-09T00:46:29.645+0000][188460.011s][info][gc,phases   ] GC(6733)   Pre Evacuate Collection Set: 0.2ms
[2025-01-09T00:46:29.645+0000][188460.011s][info][gc,phases   ] GC(6733)   Merge Heap Roots: 0.5ms
[2025-01-09T00:46:29.645+0000][188460.011s][info][gc,phases   ] GC(6733)   Evacuate Collection Set: 28.3ms
[2025-01-09T00:46:29.645+0000][188460.011s][info][gc,phases   ] GC(6733)   Post Evacuate Collection Set: 2.8ms
[2025-01-09T00:46:29.645+0000][188460.011s][info][gc,phases   ] GC(6733)   Other: 0.2ms
[2025-01-09T00:46:29.645+0000][188460.011s][info][gc,heap     ] GC(6733) Eden regions: 916->0(914)
[2025-01-09T00:46:29.645+0000][188460.011s][info][gc,heap     ] GC(6733) Survivor regions: 5->7(116)
[2025-01-09T00:46:29.645+0000][188460.011s][info][gc,heap     ] GC(6733) Old regions: 232->232
[2025-01-09T00:46:29.645+0000][188460.011s][info][gc,heap     ] GC(6733) Archive regions: 2->2
[2025-01-09T00:46:29.645+0000][188460.011s][info][gc,heap     ] GC(6733) Humongous regions: 49->49
[2025-01-09T00:46:29.645+0000][188460.011s][info][gc,metaspace] GC(6733) Metaspace: 524684K(534080K)->524684K(534080K) NonClass: 460748K(465344K)->460748K(465344K) Class: 63935K(68736K)->63935K(68736K)
[2025-01-09T00:46:29.645+0000][188460.011s][info][gc          ] GC(6733) Pause Young (Normal) (G1 Evacuation Pause) 9619M->2300M(12288M) 32.072ms
[2025-01-09T00:46:29.645+0000][188460.011s][info][gc,cpu      ] GC(6733) User=0.18s Sys=0.00s Real=0.03s
[2025-01-09T00:46:36.302+0000][188466.668s][info][gc,start    ] GC(6734) Pause Young (Normal) (G1 Evacuation Pause)
[2025-01-09T00:46:36.302+0000][188466.668s][info][gc,task     ] GC(6734) Using 6 workers of 6 for evacuation
[2025-01-09T00:46:36.331+0000][188466.697s][info][gc,phases   ] GC(6734)   Pre Evacuate Collection Set: 0.2ms
[2025-01-09T00:46:36.331+0000][188466.697s][info][gc,phases   ] GC(6734)   Merge Heap Roots: 0.4ms
[2025-01-09T00:46:36.331+0000][188466.697s][info][gc,phases   ] GC(6734)   Evacuate Collection Set: 25.7ms
[2025-01-09T00:46:36.331+0000][188466.697s][info][gc,phases   ] GC(6734)   Post Evacuate Collection Set: 2.5ms
[2025-01-09T00:46:36.331+0000][188466.697s][info][gc,phases   ] GC(6734)   Other: 0.2ms
[2025-01-09T00:46:36.331+0000][188466.697s][info][gc,heap     ] GC(6734) Eden regions: 914->0(913)
[2025-01-09T00:46:36.331+0000][188466.697s][info][gc,heap     ] GC(6734) Survivor regions: 7->8(116)
[2025-01-09T00:46:36.331+0000][188466.697s][info][gc,heap     ] GC(6734) Old regions: 232->232
[2025-01-09T00:46:36.331+0000][188466.697s][info][gc,heap     ] GC(6734) Archive regions: 2->2
[2025-01-09T00:46:36.331+0000][188466.697s][info][gc,heap     ] GC(6734) Humongous regions: 49->49
[2025-01-09T00:46:36.331+0000][188466.697s][info][gc,metaspace] GC(6734) Metaspace: 524684K(534080K)->524684K(534080K) NonClass: 460748K(465344K)->460748K(465344K) Class: 63935K(68736K)->63935K(68736K)
[2025-01-09T00:46:36.331+0000][188466.697s][info][gc          ] GC(6734) Pause Young (Normal) (G1 Evacuation Pause) 9612M->2308M(12288M) 29.184ms
[2025-01-09T00:46:36.331+0000][188466.697s][info][gc,cpu      ] GC(6734) User=0.17s Sys=0.00s Real=0.03s
[2025-01-09T00:46:44.201+0000][188474.568s][info][gc,start    ] GC(6735) Pause Young (Concurrent Start) (G1 Evacuation Pause)
[2025-01-09T00:46:44.201+0000][188474.568s][info][gc,task     ] GC(6735) Using 6 workers of 6 for evacuation
[2025-01-09T00:46:44.238+0000][188474.604s][info][gc,phases   ] GC(6735)   Pre Evacuate Collection Set: 1.2ms
[2025-01-09T00:46:44.238+0000][188474.604s][info][gc,phases   ] GC(6735)   Merge Heap Roots: 0.4ms
[2025-01-09T00:46:44.238+0000][188474.604s][info][gc,phases   ] GC(6735)   Evacuate Collection Set: 30.5ms
[2025-01-09T00:46:44.238+0000][188474.604s][info][gc,phases   ] GC(6735)   Post Evacuate Collection Set: 4.0ms
[2025-01-09T00:46:44.238+0000][188474.604s][info][gc,phases   ] GC(6735)   Other: 0.3ms
[2025-01-09T00:46:44.238+0000][188474.604s][info][gc,heap     ] GC(6735) Eden regions: 913->0(910)
[2025-01-09T00:46:44.238+0000][188474.604s][info][gc,heap     ] GC(6735) Survivor regions: 8->11(116)
[2025-01-09T00:46:44.238+0000][188474.604s][info][gc,heap     ] GC(6735) Old regions: 232->232
[2025-01-09T00:46:44.238+0000][188474.604s][info][gc,heap     ] GC(6735) Archive regions: 2->2
[2025-01-09T00:46:44.238+0000][188474.604s][info][gc,heap     ] GC(6735) Humongous regions: 49->49
[2025-01-09T00:46:44.238+0000][188474.604s][info][gc,metaspace] GC(6735) Metaspace: 524684K(534080K)->524684K(534080K) NonClass: 460748K(465344K)->460748K(465344K) Class: 63935K(68736K)->63935K(68736K)
[2025-01-09T00:46:44.238+0000][188474.604s][info][gc          ] GC(6735) Pause Young (Concurrent Start) (G1 Evacuation Pause) 9612M->2339M(12288M) 36.441ms
[2025-01-09T00:46:44.238+0000][188474.604s][info][gc,cpu      ] GC(6735) User=0.21s Sys=0.00s Real=0.03s
[2025-01-09T00:46:44.238+0000][188474.604s][info][gc          ] GC(6736) Concurrent Mark Cycle
[2025-01-09T00:46:44.238+0000][188474.604s][info][gc,marking  ] GC(6736) Concurrent Clear Claimed Marks
[2025-01-09T00:46:44.239+0000][188474.605s][info][gc,marking  ] GC(6736) Concurrent Clear Claimed Marks 0.966ms
[2025-01-09T00:46:44.239+0000][188474.605s][info][gc,marking  ] GC(6736) Concurrent Scan Root Regions
[2025-01-09T00:46:44.265+0000][188474.632s][info][gc,marking  ] GC(6736) Concurrent Scan Root Regions 26.526ms
[2025-01-09T00:46:44.266+0000][188474.632s][info][gc,marking  ] GC(6736) Concurrent Mark
[2025-01-09T00:46:44.266+0000][188474.632s][info][gc,marking  ] GC(6736) Concurrent Mark From Roots
[2025-01-09T00:46:44.266+0000][188474.632s][info][gc,task     ] GC(6736) Using 2 workers of 2 for marking
[2025-01-09T00:46:45.159+0000][188475.525s][info][gc,marking  ] GC(6736) Concurrent Mark From Roots 893.516ms
[2025-01-09T00:46:45.159+0000][188475.525s][info][gc,marking  ] GC(6736) Concurrent Preclean
[2025-01-09T00:46:45.162+0000][188475.528s][info][gc,marking  ] GC(6736) Concurrent Preclean 2.629ms
[2025-01-09T00:46:45.162+0000][188475.528s][info][gc,start    ] GC(6736) Pause Remark
[2025-01-09T00:46:45.188+0000][188475.554s][info][gc          ] GC(6736) Pause Remark 3099M->3099M(12288M) 26.220ms
[2025-01-09T00:46:45.188+0000][188475.554s][info][gc,cpu      ] GC(6736) User=0.15s Sys=0.00s Real=0.02s
[2025-01-09T00:46:45.188+0000][188475.554s][info][gc,marking  ] GC(6736) Concurrent Mark 922.711ms
[2025-01-09T00:46:45.188+0000][188475.554s][info][gc,marking  ] GC(6736) Concurrent Rebuild Remembered Sets
[2025-01-09T00:46:45.710+0000][188476.076s][info][gc,marking  ] GC(6736) Concurrent Rebuild Remembered Sets 521.244ms
[2025-01-09T00:46:45.710+0000][188476.076s][info][gc,start    ] GC(6736) Pause Cleanup
[2025-01-09T00:46:45.710+0000][188476.076s][info][gc          ] GC(6736) Pause Cleanup 3227M->3227M(12288M) 0.402ms
[2025-01-09T00:46:45.710+0000][188476.076s][info][gc,cpu      ] GC(6736) User=0.00s Sys=0.00s Real=0.00s
[2025-01-09T00:46:45.710+0000][188476.076s][info][gc,marking  ] GC(6736) Concurrent Cleanup for Next Mark
[2025-01-09T00:46:45.726+0000][188476.092s][info][gc,marking  ] GC(6736) Concurrent Cleanup for Next Mark 15.487ms
[2025-01-09T00:46:45.726+0000][188476.092s][info][gc          ] GC(6736) Concurrent Mark Cycle 1487.737ms
[2025-01-09T00:46:56.634+0000][188487.001s][info][gc,start    ] GC(6737) Pause Young (Prepare Mixed) (G1 Evacuation Pause)
[2025-01-09T00:46:56.635+0000][188487.001s][info][gc,task     ] GC(6737) Using 6 workers of 6 for evacuation
[2025-01-09T00:46:56.674+0000][188487.040s][info][gc,phases   ] GC(6737)   Pre Evacuate Collection Set: 0.2ms
[2025-01-09T00:46:56.674+0000][188487.040s][info][gc,phases   ] GC(6737)   Merge Heap Roots: 0.7ms
[2025-01-09T00:46:56.674+0000][188487.040s][info][gc,phases   ] GC(6737)   Evacuate Collection Set: 34.0ms
[2025-01-09T00:46:56.674+0000][188487.040s][info][gc,phases   ] GC(6737)   Post Evacuate Collection Set: 4.1ms
[2025-01-09T00:46:56.674+0000][188487.040s][info][gc,phases   ] GC(6737)   Other: 0.2ms
[2025-01-09T00:46:56.674+0000][188487.040s][info][gc,heap     ] GC(6737) Eden regions: 910->0(65)
[2025-01-09T00:46:56.674+0000][188487.040s][info][gc,heap     ] GC(6737) Survivor regions: 11->11(116)
[2025-01-09T00:46:56.674+0000][188487.040s][info][gc,heap     ] GC(6737) Old regions: 232->232
[2025-01-09T00:46:56.674+0000][188487.040s][info][gc,heap     ] GC(6737) Archive regions: 2->2
[2025-01-09T00:46:56.674+0000][188487.040s][info][gc,heap     ] GC(6737) Humongous regions: 49->49
[2025-01-09T00:46:56.674+0000][188487.040s][info][gc,metaspace] GC(6737) Metaspace: 524685K(534080K)->524685K(534080K) NonClass: 460749K(465344K)->460749K(465344K) Class: 63935K(68736K)->63935K(68736K)
[2025-01-09T00:46:56.674+0000][188487.040s][info][gc          ] GC(6737) Pause Young (Prepare Mixed) (G1 Evacuation Pause) 9619M->2333M(12288M) 39.311ms
[2025-01-09T00:46:56.674+0000][188487.040s][info][gc,cpu      ] GC(6737) User=0.21s Sys=0.02s Real=0.04s
[2025-01-09T00:46:57.123+0000][188487.489s][info][gc,start    ] GC(6738) Pause Young (Mixed) (G1 Evacuation Pause)
[2025-01-09T00:46:57.123+0000][188487.489s][info][gc,task     ] GC(6738) Using 6 workers of 6 for evacuation
[2025-01-09T00:46:57.189+0000][188487.555s][info][gc,phases   ] GC(6738)   Pre Evacuate Collection Set: 0.2ms
[2025-01-09T00:46:57.189+0000][188487.555s][info][gc,phases   ] GC(6738)   Merge Heap Roots: 0.7ms
[2025-01-09T00:46:57.189+0000][188487.555s][info][gc,phases   ] GC(6738)   Evacuate Collection Set: 63.2ms
[2025-01-09T00:46:57.189+0000][188487.555s][info][gc,phases   ] GC(6738)   Post Evacuate Collection Set: 1.7ms
[2025-01-09T00:46:57.189+0000][188487.555s][info][gc,phases   ] GC(6738)   Other: 0.2ms
[2025-01-09T00:46:57.189+0000][188487.555s][info][gc,heap     ] GC(6738) Eden regions: 65->0(916)
[2025-01-09T00:46:57.189+0000][188487.555s][info][gc,heap     ] GC(6738) Survivor regions: 11->5(10)
[2025-01-09T00:46:57.189+0000][188487.555s][info][gc,heap     ] GC(6738) Old regions: 232->234
[2025-01-09T00:46:57.189+0000][188487.555s][info][gc,heap     ] GC(6738) Archive regions: 2->2
[2025-01-09T00:46:57.189+0000][188487.555s][info][gc,heap     ] GC(6738) Humongous regions: 49->49
[2025-01-09T00:46:57.189+0000][188487.555s][info][gc,metaspace] GC(6738) Metaspace: 524685K(534080K)->524685K(534080K) NonClass: 460749K(465344K)->460749K(465344K) Class: 63935K(68736K)->63935K(68736K)
[2025-01-09T00:46:57.189+0000][188487.555s][info][gc          ] GC(6738) Pause Young (Mixed) (G1 Evacuation Pause) 2853M->2304M(12288M) 66.077ms
[2025-01-09T00:46:57.189+0000][188487.555s][info][gc,cpu      ] GC(6738) User=0.39s Sys=0.00s Real=0.06s
[2025-01-09T00:47:07.137+0000][188497.503s][info][gc,start    ] GC(6739) Pause Young (Normal) (G1 Evacuation Pause)
[2025-01-09T00:47:07.137+0000][188497.503s][info][gc,task     ] GC(6739) Using 6 workers of 6 for evacuation
[2025-01-09T00:47:07.164+0000][188497.530s][info][gc,phases   ] GC(6739)   Pre Evacuate Collection Set: 0.2ms
[2025-01-09T00:47:07.164+0000][188497.530s][info][gc,phases   ] GC(6739)   Merge Heap Roots: 0.4ms
[2025-01-09T00:47:07.164+0000][188497.530s][info][gc,phases   ] GC(6739)   Evacuate Collection Set: 22.2ms
[2025-01-09T00:47:07.164+0000][188497.530s][info][gc,phases   ] GC(6739)   Post Evacuate Collection Set: 4.0ms
[2025-01-09T00:47:07.164+0000][188497.530s][info][gc,phases   ] GC(6739)   Other: 0.2ms
[2025-01-09T00:47:07.164+0000][188497.530s][info][gc,heap     ] GC(6739) Eden regions: 916->0(914)
[2025-01-09T00:47:07.164+0000][188497.530s][info][gc,heap     ] GC(6739) Survivor regions: 5->7(116)
[2025-01-09T00:47:07.164+0000][188497.530s][info][gc,heap     ] GC(6739) Old regions: 234->234
[2025-01-09T00:47:07.164+0000][188497.530s][info][gc,heap     ] GC(6739) Archive regions: 2->2
[2025-01-09T00:47:07.164+0000][188497.530s][info][gc,heap     ] GC(6739) Humongous regions: 49->49
[2025-01-09T00:47:07.164+0000][188497.530s][info][gc,metaspace] GC(6739) Metaspace: 524685K(534080K)->524685K(534080K) NonClass: 460749K(465344K)->460749K(465344K) Class: 63935K(68736K)->63935K(68736K)
[2025-01-09T00:47:07.164+0000][188497.530s][info][gc          ] GC(6739) Pause Young (Normal) (G1 Evacuation Pause) 9632M->2315M(12288M) 27.116ms
[2025-01-09T00:47:07.164+0000][188497.530s][info][gc,cpu      ] GC(6739) User=0.15s Sys=0.01s Real=0.03s
[2025-01-09T00:47:14.113+0000][188504.479s][info][gc,start    ] GC(6740) Pause Young (Normal) (G1 Evacuation Pause)
[2025-01-09T00:47:14.113+0000][188504.479s][info][gc,task     ] GC(6740) Using 6 workers of 6 for evacuation
[2025-01-09T00:47:14.144+0000][188504.510s][info][gc,phases   ] GC(6740)   Pre Evacuate Collection Set: 0.2ms
[2025-01-09T00:47:14.144+0000][188504.510s][info][gc,phases   ] GC(6740)   Merge Heap Roots: 0.4ms
[2025-01-09T00:47:14.144+0000][188504.510s][info][gc,phases   ] GC(6740)   Evacuate Collection Set: 27.8ms
[2025-01-09T00:47:14.144+0000][188504.510s][info][gc,phases   ] GC(6740)   Post Evacuate Collection Set: 2.7ms
[2025-01-09T00:47:14.144+0000][188504.510s][info][gc,phases   ] GC(6740)   Other: 0.2ms
[2025-01-09T00:47:14.144+0000][188504.510s][info][gc,heap     ] GC(6740) Eden regions: 914->0(913)
[2025-01-09T00:47:14.144+0000][188504.510s][info][gc,heap     ] GC(6740) Survivor regions: 7->8(116)
[2025-01-09T00:47:14.144+0000][188504.510s][info][gc,heap     ] GC(6740) Old regions: 234->234
[2025-01-09T00:47:14.144+0000][188504.510s][info][gc,heap     ] GC(6740) Archive regions: 2->2
[2025-01-09T00:47:14.144+0000][188504.510s][info][gc,heap     ] GC(6740) Humongous regions: 49->49
[2025-01-09T00:47:14.144+0000][188504.510s][info][gc,metaspace] GC(6740) Metaspace: 524685K(534080K)->524685K(534080K) NonClass: 460749K(465344K)->460749K(465344K) Class: 63935K(68736K)->63935K(68736K)
[2025-01-09T00:47:14.144+0000][188504.510s][info][gc          ] GC(6740) Pause Young (Normal) (G1 Evacuation Pause) 9627M->2326M(12288M) 31.434ms
[2025-01-09T00:47:14.144+0000][188504.510s][info][gc,cpu      ] GC(6740) User=0.19s Sys=0.00s Real=0.03s
[2025-01-09T00:47:24.983+0000][188515.350s][info][gc,start    ] GC(6741) Pause Young (Concurrent Start) (G1 Evacuation Pause)
[2025-01-09T00:47:24.983+0000][188515.350s][info][gc,task     ] GC(6741) Using 6 workers of 6 for evacuation
[2025-01-09T00:47:25.021+0000][188515.387s][info][gc,phases   ] GC(6741)   Pre Evacuate Collection Set: 1.2ms
[2025-01-09T00:47:25.021+0000][188515.387s][info][gc,phases   ] GC(6741)   Merge Heap Roots: 0.5ms
[2025-01-09T00:47:25.021+0000][188515.387s][info][gc,phases   ] GC(6741)   Evacuate Collection Set: 32.6ms
[2025-01-09T00:47:25.021+0000][188515.387s][info][gc,phases   ] GC(6741)   Post Evacuate Collection Set: 2.9ms
[2025-01-09T00:47:25.021+0000][188515.387s][info][gc,phases   ] GC(6741)   Other: 0.4ms
[2025-01-09T00:47:25.021+0000][188515.387s][info][gc,heap     ] GC(6741) Eden regions: 913->0(912)
[2025-01-09T00:47:25.021+0000][188515.387s][info][gc,heap     ] GC(6741) Survivor regions: 8->9(116)
[2025-01-09T00:47:25.021+0000][188515.387s][info][gc,heap     ] GC(6741) Old regions: 234->234
[2025-01-09T00:47:25.021+0000][188515.387s][info][gc,heap     ] GC(6741) Archive regions: 2->2
[2025-01-09T00:47:25.021+0000][188515.387s][info][gc,heap     ] GC(6741) Humongous regions: 49->49
[2025-01-09T00:47:25.021+0000][188515.387s][info][gc,metaspace] GC(6741) Metaspace: 524685K(534080K)->524685K(534080K) NonClass: 460749K(465344K)->460749K(465344K) Class: 63935K(68736K)->63935K(68736K)
[2025-01-09T00:47:25.021+0000][188515.387s][info][gc          ] GC(6741) Pause Young (Concurrent Start) (G1 Evacuation Pause) 9630M->2334M(12288M) 37.536ms
[2025-01-09T00:47:25.021+0000][188515.387s][info][gc,cpu      ] GC(6741) User=0.22s Sys=0.00s Real=0.03s
[2025-01-09T00:47:25.021+0000][188515.387s][info][gc          ] GC(6742) Concurrent Mark Cycle
[2025-01-09T00:47:25.021+0000][188515.387s][info][gc,marking  ] GC(6742) Concurrent Clear Claimed Marks
[2025-01-09T00:47:25.022+0000][188515.388s][info][gc,marking  ] GC(6742) Concurrent Clear Claimed Marks 1.005ms
[2025-01-09T00:47:25.022+0000][188515.388s][info][gc,marking  ] GC(6742) Concurrent Scan Root Regions
[2025-01-09T00:47:25.044+0000][188515.410s][info][gc,marking  ] GC(6742) Concurrent Scan Root Regions 22.189ms
[2025-01-09T00:47:25.044+0000][188515.410s][info][gc,marking  ] GC(6742) Concurrent Mark
[2025-01-09T00:47:25.044+0000][188515.410s][info][gc,marking  ] GC(6742) Concurrent Mark From Roots
[2025-01-09T00:47:25.044+0000][188515.410s][info][gc,task     ] GC(6742) Using 2 workers of 2 for marking
[2025-01-09T00:47:25.866+0000][188516.232s][info][gc,marking  ] GC(6742) Concurrent Mark From Roots 821.248ms
[2025-01-09T00:47:25.866+0000][188516.232s][info][gc,marking  ] GC(6742) Concurrent Preclean
[2025-01-09T00:47:25.869+0000][188516.235s][info][gc,marking  ] GC(6742) Concurrent Preclean 3.483ms
[2025-01-09T00:47:25.869+0000][188516.235s][info][gc,start    ] GC(6742) Pause Remark
[2025-01-09T00:47:25.895+0000][188516.261s][info][gc          ] GC(6742) Pause Remark 2650M->2650M(12288M) 26.111ms
[2025-01-09T00:47:25.895+0000][188516.262s][info][gc,cpu      ] GC(6742) User=0.15s Sys=0.00s Real=0.03s
[2025-01-09T00:47:25.896+0000][188516.262s][info][gc,marking  ] GC(6742) Concurrent Mark 851.230ms
[2025-01-09T00:47:25.896+0000][188516.262s][info][gc,marking  ] GC(6742) Concurrent Rebuild Remembered Sets
[2025-01-09T00:47:26.442+0000][188516.809s][info][gc,marking  ] GC(6742) Concurrent Rebuild Remembered Sets 546.891ms
[2025-01-09T00:47:26.443+0000][188516.809s][info][gc,start    ] GC(6742) Pause Cleanup
[2025-01-09T00:47:26.443+0000][188516.809s][info][gc          ] GC(6742) Pause Cleanup 2854M->2854M(12288M) 0.486ms
[2025-01-09T00:47:26.443+0000][188516.809s][info][gc,cpu      ] GC(6742) User=0.00s Sys=0.00s Real=0.00s
[2025-01-09T00:47:26.443+0000][188516.809s][info][gc,marking  ] GC(6742) Concurrent Cleanup for Next Mark
[2025-01-09T00:47:26.459+0000][188516.825s][info][gc,marking  ] GC(6742) Concurrent Cleanup for Next Mark 16.042ms
[2025-01-09T00:47:26.459+0000][188516.825s][info][gc          ] GC(6742) Concurrent Mark Cycle 1438.269ms
[2025-01-09T00:47:38.673+0000][188529.039s][info][gc,start    ] GC(6743) Pause Young (Prepare Mixed) (G1 Evacuation Pause)
[2025-01-09T00:47:38.673+0000][188529.039s][info][gc,task     ] GC(6743) Using 6 workers of 6 for evacuation
[2025-01-09T00:47:38.714+0000][188529.081s][info][gc,phases   ] GC(6743)   Pre Evacuate Collection Set: 0.3ms
[2025-01-09T00:47:38.714+0000][188529.081s][info][gc,phases   ] GC(6743)   Merge Heap Roots: 0.7ms
[2025-01-09T00:47:38.714+0000][188529.081s][info][gc,phases   ] GC(6743)   Evacuate Collection Set: 36.9ms
[2025-01-09T00:47:38.714+0000][188529.081s][info][gc,phases   ] GC(6743)   Post Evacuate Collection Set: 3.0ms
[2025-01-09T00:47:38.714+0000][188529.081s][info][gc,phases   ] GC(6743)   Other: 0.2ms
[2025-01-09T00:47:38.714+0000][188529.081s][info][gc,heap     ] GC(6743) Eden regions: 912->0(65)
[2025-01-09T00:47:38.714+0000][188529.081s][info][gc,heap     ] GC(6743) Survivor regions: 9->11(116)
[2025-01-09T00:47:38.714+0000][188529.081s][info][gc,heap     ] GC(6743) Old regions: 234->234
[2025-01-09T00:47:38.714+0000][188529.081s][info][gc,heap     ] GC(6743) Archive regions: 2->2
[2025-01-09T00:47:38.714+0000][188529.081s][info][gc,heap     ] GC(6743) Humongous regions: 49->49
[2025-01-09T00:47:38.715+0000][188529.081s][info][gc,metaspace] GC(6743) Metaspace: 524685K(534080K)->524685K(534080K) NonClass: 460749K(465344K)->460749K(465344K) Class: 63935K(68736K)->63935K(68736K)
[2025-01-09T00:47:38.715+0000][188529.081s][info][gc          ] GC(6743) Pause Young (Prepare Mixed) (G1 Evacuation Pause) 9630M->2350M(12288M) 41.205ms
[2025-01-09T00:47:38.715+0000][188529.081s][info][gc,cpu      ] GC(6743) User=0.24s Sys=0.00s Real=0.04s
[2025-01-09T00:47:39.020+0000][188529.386s][info][gc,start    ] GC(6744) Pause Young (Mixed) (G1 Evacuation Pause)
[2025-01-09T00:47:39.020+0000][188529.387s][info][gc,task     ] GC(6744) Using 6 workers of 6 for evacuation
[2025-01-09T00:47:39.078+0000][188529.444s][info][gc,phases   ] GC(6744)   Pre Evacuate Collection Set: 0.2ms
[2025-01-09T00:47:39.078+0000][188529.444s][info][gc,phases   ] GC(6744)   Merge Heap Roots: 0.5ms
[2025-01-09T00:47:39.078+0000][188529.444s][info][gc,phases   ] GC(6744)   Evacuate Collection Set: 54.0ms
[2025-01-09T00:47:39.078+0000][188529.444s][info][gc,phases   ] GC(6744)   Post Evacuate Collection Set: 2.4ms
[2025-01-09T00:47:39.078+0000][188529.444s][info][gc,phases   ] GC(6744)   Other: 0.2ms
[2025-01-09T00:47:39.078+0000][188529.444s][info][gc,heap     ] GC(6744) Eden regions: 65->0(913)
[2025-01-09T00:47:39.078+0000][188529.444s][info][gc,heap     ] GC(6744) Survivor regions: 11->8(10)
[2025-01-09T00:47:39.078+0000][188529.444s][info][gc,heap     ] GC(6744) Old regions: 234->234
[2025-01-09T00:47:39.078+0000][188529.444s][info][gc,heap     ] GC(6744) Archive regions: 2->2
[2025-01-09T00:47:39.078+0000][188529.444s][info][gc,heap     ] GC(6744) Humongous regions: 49->49
[2025-01-09T00:47:39.078+0000][188529.444s][info][gc,metaspace] GC(6744) Metaspace: 524685K(534080K)->524685K(534080K) NonClass: 460749K(465344K)->460749K(465344K) Class: 63935K(68736K)->63935K(68736K)
[2025-01-09T00:47:39.078+0000][188529.444s][info][gc          ] GC(6744) Pause Young (Mixed) (G1 Evacuation Pause) 2870M->2326M(12288M) 57.410ms
[2025-01-09T00:47:39.078+0000][188529.444s][info][gc,cpu      ] GC(6744) User=0.34s Sys=0.00s Real=0.06s
[2025-01-09T00:47:45.234+0000][188535.600s][info][gc,start    ] GC(6745) Pause Young (Normal) (G1 Evacuation Pause)
[2025-01-09T00:47:45.234+0000][188535.600s][info][gc,task     ] GC(6745) Using 6 workers of 6 for evacuation
[2025-01-09T00:47:45.262+0000][188535.628s][info][gc,phases   ] GC(6745)   Pre Evacuate Collection Set: 0.2ms
[2025-01-09T00:47:45.262+0000][188535.628s][info][gc,phases   ] GC(6745)   Merge Heap Roots: 0.4ms
[2025-01-09T00:47:45.262+0000][188535.628s][info][gc,phases   ] GC(6745)   Evacuate Collection Set: 23.0ms
[2025-01-09T00:47:45.262+0000][188535.628s][info][gc,phases   ] GC(6745)   Post Evacuate Collection Set: 5.0ms
[2025-01-09T00:47:45.262+0000][188535.628s][info][gc,phases   ] GC(6745)   Other: 0.2ms
[2025-01-09T00:47:45.262+0000][188535.628s][info][gc,heap     ] GC(6745) Eden regions: 913->0(914)
[2025-01-09T00:47:45.262+0000][188535.628s][info][gc,heap     ] GC(6745) Survivor regions: 8->7(116)
[2025-01-09T00:47:45.262+0000][188535.628s][info][gc,heap     ] GC(6745) Old regions: 234->234
[2025-01-09T00:47:45.262+0000][188535.628s][info][gc,heap     ] GC(6745) Archive regions: 2->2
[2025-01-09T00:47:45.262+0000][188535.629s][info][gc,heap     ] GC(6745) Humongous regions: 49->49
[2025-01-09T00:47:45.262+0000][188535.629s][info][gc,metaspace] GC(6745) Metaspace: 524685K(534080K)->524685K(534080K) NonClass: 460749K(465344K)->460749K(465344K) Class: 63935K(68736K)->63935K(68736K)
[2025-01-09T00:47:45.262+0000][188535.629s][info][gc          ] GC(6745) Pause Young (Normal) (G1 Evacuation Pause) 9630M->2315M(12288M) 28.834ms
[2025-01-09T00:47:45.262+0000][188535.629s][info][gc,cpu      ] GC(6745) User=0.17s Sys=0.00s Real=0.03s
[2025-01-09T00:47:54.317+0000][188544.683s][info][gc,start    ] GC(6746) Pause Young (Normal) (G1 Evacuation Pause)
[2025-01-09T00:47:54.317+0000][188544.683s][info][gc,task     ] GC(6746) Using 6 workers of 6 for evacuation
[2025-01-09T00:47:54.349+0000][188544.715s][info][gc,phases   ] GC(6746)   Pre Evacuate Collection Set: 0.2ms
[2025-01-09T00:47:54.349+0000][188544.715s][info][gc,phases   ] GC(6746)   Merge Heap Roots: 0.4ms
[2025-01-09T00:47:54.349+0000][188544.715s][info][gc,phases   ] GC(6746)   Evacuate Collection Set: 26.4ms
[2025-01-09T00:47:54.349+0000][188544.715s][info][gc,phases   ] GC(6746)   Post Evacuate Collection Set: 4.5ms
[2025-01-09T00:47:54.349+0000][188544.715s][info][gc,phases   ] GC(6746)   Other: 0.2ms
[2025-01-09T00:47:54.349+0000][188544.715s][info][gc,heap     ] GC(6746) Eden regions: 914->0(913)
[2025-01-09T00:47:54.349+0000][188544.715s][info][gc,heap     ] GC(6746) Survivor regions: 7->8(116)
[2025-01-09T00:47:54.349+0000][188544.715s][info][gc,heap     ] GC(6746) Old regions: 234->234
[2025-01-09T00:47:54.349+0000][188544.715s][info][gc,heap     ] GC(6746) Archive regions: 2->2
[2025-01-09T00:47:54.349+0000][188544.715s][info][gc,heap     ] GC(6746) Humongous regions: 49->49
[2025-01-09T00:47:54.349+0000][188544.715s][info][gc,metaspace] GC(6746) Metaspace: 524685K(534080K)->524685K(534080K) NonClass: 460749K(465344K)->460749K(465344K) Class: 63935K(68736K)->63935K(68736K)
[2025-01-09T00:47:54.349+0000][188544.715s][info][gc          ] GC(6746) Pause Young (Normal) (G1 Evacuation Pause) 9627M->2323M(12288M) 31.863ms
[2025-01-09T00:47:54.349+0000][188544.715s][info][gc,cpu      ] GC(6746) User=0.18s Sys=0.00s Real=0.03s
[2025-01-09T00:48:04.115+0000][188554.481s][info][gc,start    ] GC(6747) Pause Young (Concurrent Start) (G1 Evacuation Pause)
[2025-01-09T00:48:04.115+0000][188554.481s][info][gc,task     ] GC(6747) Using 6 workers of 6 for evacuation
[2025-01-09T00:48:04.151+0000][188554.517s][info][gc,phases   ] GC(6747)   Pre Evacuate Collection Set: 1.2ms
[2025-01-09T00:48:04.151+0000][188554.517s][info][gc,phases   ] GC(6747)   Merge Heap Roots: 0.5ms
[2025-01-09T00:48:04.151+0000][188554.517s][info][gc,phases   ] GC(6747)   Evacuate Collection Set: 31.4ms
[2025-01-09T00:48:04.151+0000][188554.517s][info][gc,phases   ] GC(6747)   Post Evacuate Collection Set: 2.8ms
[2025-01-09T00:48:04.151+0000][188554.517s][info][gc,phases   ] GC(6747)   Other: 0.3ms
[2025-01-09T00:48:04.151+0000][188554.517s][info][gc,heap     ] GC(6747) Eden regions: 913->0(912)
[2025-01-09T00:48:04.151+0000][188554.517s][info][gc,heap     ] GC(6747) Survivor regions: 8->9(116)
[2025-01-09T00:48:04.151+0000][188554.517s][info][gc,heap     ] GC(6747) Old regions: 234->234
[2025-01-09T00:48:04.151+0000][188554.517s][info][gc,heap     ] GC(6747) Archive regions: 2->2
[2025-01-09T00:48:04.151+0000][188554.517s][info][gc,heap     ] GC(6747) Humongous regions: 49->49
[2025-01-09T00:48:04.151+0000][188554.517s][info][gc,metaspace] GC(6747) Metaspace: 524685K(534080K)->524685K(534080K) NonClass: 460749K(465344K)->460749K(465344K) Class: 63935K(68736K)->63935K(68736K)
[2025-01-09T00:48:04.151+0000][188554.517s][info][gc          ] GC(6747) Pause Young (Concurrent Start) (G1 Evacuation Pause) 9627M->2328M(12288M) 36.252ms
[2025-01-09T00:48:04.151+0000][188554.517s][info][gc,cpu      ] GC(6747) User=0.21s Sys=0.00s Real=0.04s
[2025-01-09T00:48:04.151+0000][188554.517s][info][gc          ] GC(6748) Concurrent Mark Cycle
[2025-01-09T00:48:04.151+0000][188554.518s][info][gc,marking  ] GC(6748) Concurrent Clear Claimed Marks
[2025-01-09T00:48:04.152+0000][188554.518s][info][gc,marking  ] GC(6748) Concurrent Clear Claimed Marks 0.886ms
[2025-01-09T00:48:04.152+0000][188554.518s][info][gc,marking  ] GC(6748) Concurrent Scan Root Regions
[2025-01-09T00:48:04.180+0000][188554.546s][info][gc,marking  ] GC(6748) Concurrent Scan Root Regions 27.201ms
[2025-01-09T00:48:04.180+0000][188554.546s][info][gc,marking  ] GC(6748) Concurrent Mark
[2025-01-09T00:48:04.180+0000][188554.546s][info][gc,marking  ] GC(6748) Concurrent Mark From Roots
[2025-01-09T00:48:04.180+0000][188554.546s][info][gc,task     ] GC(6748) Using 2 workers of 2 for marking
[2025-01-09T00:48:05.159+0000][188555.525s][info][gc,marking  ] GC(6748) Concurrent Mark From Roots 978.953ms
[2025-01-09T00:48:05.159+0000][188555.525s][info][gc,marking  ] GC(6748) Concurrent Preclean
[2025-01-09T00:48:05.162+0000][188555.528s][info][gc,marking  ] GC(6748) Concurrent Preclean 3.540ms
[2025-01-09T00:48:05.162+0000][188555.528s][info][gc,start    ] GC(6748) Pause Remark
[2025-01-09T00:48:05.188+0000][188555.554s][info][gc          ] GC(6748) Pause Remark 3348M->3348M(12288M) 25.803ms
[2025-01-09T00:48:05.188+0000][188555.554s][info][gc,cpu      ] GC(6748) User=0.15s Sys=0.00s Real=0.02s
[2025-01-09T00:48:05.188+0000][188555.554s][info][gc,marking  ] GC(6748) Concurrent Mark 1008.785ms
[2025-01-09T00:48:05.188+0000][188555.554s][info][gc,marking  ] GC(6748) Concurrent Rebuild Remembered Sets
[2025-01-09T00:48:05.733+0000][188556.099s][info][gc,marking  ] GC(6748) Concurrent Rebuild Remembered Sets 544.127ms
[2025-01-09T00:48:05.733+0000][188556.099s][info][gc,start    ] GC(6748) Pause Cleanup
[2025-01-09T00:48:05.733+0000][188556.099s][info][gc          ] GC(6748) Pause Cleanup 3852M->3852M(12288M) 0.453ms
[2025-01-09T00:48:05.733+0000][188556.099s][info][gc,cpu      ] GC(6748) User=0.00s Sys=0.00s Real=0.00s
[2025-01-09T00:48:05.733+0000][188556.099s][info][gc,marking  ] GC(6748) Concurrent Cleanup for Next Mark
[2025-01-09T00:48:05.756+0000][188556.122s][info][gc,marking  ] GC(6748) Concurrent Cleanup for Next Mark 22.830ms
[2025-01-09T00:48:05.756+0000][188556.122s][info][gc          ] GC(6748) Concurrent Mark Cycle 1604.693ms
[2025-01-09T00:48:13.925+0000][188564.291s][info][gc,start    ] GC(6749) Pause Young (Prepare Mixed) (G1 Evacuation Pause)
[2025-01-09T00:48:13.925+0000][188564.291s][info][gc,task     ] GC(6749) Using 6 workers of 6 for evacuation
[2025-01-09T00:48:13.964+0000][188564.331s][info][gc,phases   ] GC(6749)   Pre Evacuate Collection Set: 0.2ms
[2025-01-09T00:48:13.965+0000][188564.331s][info][gc,phases   ] GC(6749)   Merge Heap Roots: 0.7ms
[2025-01-09T00:48:13.965+0000][188564.331s][info][gc,phases   ] GC(6749)   Evacuate Collection Set: 35.9ms
[2025-01-09T00:48:13.965+0000][188564.331s][info][gc,phases   ] GC(6749)   Post Evacuate Collection Set: 2.7ms
[2025-01-09T00:48:13.965+0000][188564.331s][info][gc,phases   ] GC(6749)   Other: 0.2ms
[2025-01-09T00:48:13.965+0000][188564.331s][info][gc,heap     ] GC(6749) Eden regions: 912->0(65)
[2025-01-09T00:48:13.965+0000][188564.331s][info][gc,heap     ] GC(6749) Survivor regions: 9->11(116)
[2025-01-09T00:48:13.965+0000][188564.331s][info][gc,heap     ] GC(6749) Old regions: 234->234
[2025-01-09T00:48:13.965+0000][188564.331s][info][gc,heap     ] GC(6749) Archive regions: 2->2
[2025-01-09T00:48:13.965+0000][188564.331s][info][gc,heap     ] GC(6749) Humongous regions: 49->49
[2025-01-09T00:48:13.965+0000][188564.331s][info][gc,metaspace] GC(6749) Metaspace: 524686K(534080K)->524686K(534080K) NonClass: 460750K(465344K)->460750K(465344K) Class: 63935K(68736K)->63935K(68736K)
[2025-01-09T00:48:13.965+0000][188564.331s][info][gc          ] GC(6749) Pause Young (Prepare Mixed) (G1 Evacuation Pause) 9624M->2351M(12288M) 39.867ms
[2025-01-09T00:48:13.965+0000][188564.331s][info][gc,cpu      ] GC(6749) User=0.23s Sys=0.00s Real=0.04s
[2025-01-09T00:48:14.553+0000][188564.919s][info][gc,start    ] GC(6750) Pause Young (Mixed) (G1 Evacuation Pause)
[2025-01-09T00:48:14.553+0000][188564.919s][info][gc,task     ] GC(6750) Using 6 workers of 6 for evacuation
[2025-01-09T00:48:14.608+0000][188564.974s][info][gc,phases   ] GC(6750)   Pre Evacuate Collection Set: 0.2ms
[2025-01-09T00:48:14.608+0000][188564.974s][info][gc,phases   ] GC(6750)   Merge Heap Roots: 0.5ms
[2025-01-09T00:48:14.608+0000][188564.974s][info][gc,phases   ] GC(6750)   Evacuate Collection Set: 52.0ms
[2025-01-09T00:48:14.608+0000][188564.974s][info][gc,phases   ] GC(6750)   Post Evacuate Collection Set: 1.7ms
[2025-01-09T00:48:14.608+0000][188564.974s][info][gc,phases   ] GC(6750)   Other: 0.2ms
[2025-01-09T00:48:14.608+0000][188564.974s][info][gc,heap     ] GC(6750) Eden regions: 65->0(916)
[2025-01-09T00:48:14.608+0000][188564.974s][info][gc,heap     ] GC(6750) Survivor regions: 11->5(10)
[2025-01-09T00:48:14.608+0000][188564.974s][info][gc,heap     ] GC(6750) Old regions: 234->234
[2025-01-09T00:48:14.608+0000][188564.974s][info][gc,heap     ] GC(6750) Archive regions: 2->2
[2025-01-09T00:48:14.608+0000][188564.974s][info][gc,heap     ] GC(6750) Humongous regions: 49->49
[2025-01-09T00:48:14.608+0000][188564.974s][info][gc,metaspace] GC(6750) Metaspace: 524686K(534080K)->524686K(534080K) NonClass: 460750K(465344K)->460750K(465344K) Class: 63935K(68736K)->63935K(68736K)
[2025-01-09T00:48:14.608+0000][188564.974s][info][gc          ] GC(6750) Pause Young (Mixed) (G1 Evacuation Pause) 2871M->2301M(12288M) 54.688ms
[2025-01-09T00:48:14.608+0000][188564.974s][info][gc,cpu      ] GC(6750) User=0.31s Sys=0.00s Real=0.05s
[2025-01-09T00:48:19.083+0000][188569.449s][info][gc,start    ] GC(6751) Pause Young (Normal) (G1 Evacuation Pause)
[2025-01-09T00:48:19.083+0000][188569.450s][info][gc,task     ] GC(6751) Using 6 workers of 6 for evacuation
[2025-01-09T00:48:19.104+0000][188569.471s][info][gc,phases   ] GC(6751)   Pre Evacuate Collection Set: 0.2ms
[2025-01-09T00:48:19.105+0000][188569.471s][info][gc,phases   ] GC(6751)   Merge Heap Roots: 0.4ms
[2025-01-09T00:48:19.105+0000][188569.471s][info][gc,phases   ] GC(6751)   Evacuate Collection Set: 18.0ms
[2025-01-09T00:48:19.105+0000][188569.471s][info][gc,phases   ] GC(6751)   Post Evacuate Collection Set: 2.3ms
[2025-01-09T00:48:19.105+0000][188569.471s][info][gc,phases   ] GC(6751)   Other: 0.2ms
[2025-01-09T00:48:19.105+0000][188569.471s][info][gc,heap     ] GC(6751) Eden regions: 916->0(916)
[2025-01-09T00:48:19.105+0000][188569.471s][info][gc,heap     ] GC(6751) Survivor regions: 5->5(116)
[2025-01-09T00:48:19.105+0000][188569.471s][info][gc,heap     ] GC(6751) Old regions: 234->234
[2025-01-09T00:48:19.105+0000][188569.471s][info][gc,heap     ] GC(6751) Archive regions: 2->2
[2025-01-09T00:48:19.105+0000][188569.471s][info][gc,heap     ] GC(6751) Humongous regions: 49->49
[2025-01-09T00:48:19.105+0000][188569.471s][info][gc,metaspace] GC(6751) Metaspace: 524686K(534080K)->524686K(534080K) NonClass: 460750K(465344K)->460750K(465344K) Class: 63935K(68736K)->63935K(68736K)
[2025-01-09T00:48:19.105+0000][188569.471s][info][gc          ] GC(6751) Pause Young (Normal) (G1 Evacuation Pause) 9629M->2300M(12288M) 21.213ms
[2025-01-09T00:48:19.105+0000][188569.471s][info][gc,cpu      ] GC(6751) User=0.12s Sys=0.00s Real=0.02s
[2025-01-09T00:48:25.108+0000][188575.474s][info][gc,start    ] GC(6752) Pause Young (Normal) (G1 Evacuation Pause)
[2025-01-09T00:48:25.108+0000][188575.474s][info][gc,task     ] GC(6752) Using 6 workers of 6 for evacuation
[2025-01-09T00:48:25.133+0000][188575.499s][info][gc,phases   ] GC(6752)   Pre Evacuate Collection Set: 0.2ms
[2025-01-09T00:48:25.133+0000][188575.499s][info][gc,phases   ] GC(6752)   Merge Heap Roots: 0.4ms
[2025-01-09T00:48:25.133+0000][188575.499s][info][gc,phases   ] GC(6752)   Evacuate Collection Set: 21.6ms
[2025-01-09T00:48:25.133+0000][188575.499s][info][gc,phases   ] GC(6752)   Post Evacuate Collection Set: 2.4ms
[2025-01-09T00:48:25.133+0000][188575.499s][info][gc,phases   ] GC(6752)   Other: 0.2ms
[2025-01-09T00:48:25.133+0000][188575.499s][info][gc,heap     ] GC(6752) Eden regions: 916->0(915)
[2025-01-09T00:48:25.133+0000][188575.499s][info][gc,heap     ] GC(6752) Survivor regions: 5->6(116)
[2025-01-09T00:48:25.133+0000][188575.499s][info][gc,heap     ] GC(6752) Old regions: 234->234
[2025-01-09T00:48:25.133+0000][188575.499s][info][gc,heap     ] GC(6752) Archive regions: 2->2
[2025-01-09T00:48:25.133+0000][188575.499s][info][gc,heap     ] GC(6752) Humongous regions: 49->49
[2025-01-09T00:48:25.133+0000][188575.499s][info][gc,metaspace] GC(6752) Metaspace: 524686K(534080K)->524686K(534080K) NonClass: 460750K(465344K)->460750K(465344K) Class: 63935K(68736K)->63935K(68736K)
[2025-01-09T00:48:25.133+0000][188575.499s][info][gc          ] GC(6752) Pause Young (Normal) (G1 Evacuation Pause) 9628M->2309M(12288M) 25.028ms
[2025-01-09T00:48:25.133+0000][188575.499s][info][gc,cpu      ] GC(6752) User=0.15s Sys=0.00s Real=0.03s
[2025-01-09T00:48:33.958+0000][188584.324s][info][gc,start    ] GC(6753) Pause Young (Concurrent Start) (G1 Evacuation Pause)
[2025-01-09T00:48:33.958+0000][188584.324s][info][gc,task     ] GC(6753) Using 6 workers of 6 for evacuation
[2025-01-09T00:48:33.991+0000][188584.357s][info][gc,phases   ] GC(6753)   Pre Evacuate Collection Set: 1.2ms
[2025-01-09T00:48:33.991+0000][188584.357s][info][gc,phases   ] GC(6753)   Merge Heap Roots: 0.4ms
[2025-01-09T00:48:33.991+0000][188584.357s][info][gc,phases   ] GC(6753)   Evacuate Collection Set: 28.0ms
[2025-01-09T00:48:33.991+0000][188584.357s][info][gc,phases   ] GC(6753)   Post Evacuate Collection Set: 3.3ms
[2025-01-09T00:48:33.991+0000][188584.357s][info][gc,phases   ] GC(6753)   Other: 0.3ms
[2025-01-09T00:48:33.991+0000][188584.357s][info][gc,heap     ] GC(6753) Eden regions: 915->0(911)
[2025-01-09T00:48:33.991+0000][188584.357s][info][gc,heap     ] GC(6753) Survivor regions: 6->10(116)
[2025-01-09T00:48:33.991+0000][188584.357s][info][gc,heap     ] GC(6753) Old regions: 234->234
[2025-01-09T00:48:33.991+0000][188584.357s][info][gc,heap     ] GC(6753) Archive regions: 2->2
[2025-01-09T00:48:33.991+0000][188584.357s][info][gc,heap     ] GC(6753) Humongous regions: 49->49
[2025-01-09T00:48:33.991+0000][188584.357s][info][gc,metaspace] GC(6753) Metaspace: 524686K(534080K)->524686K(534080K) NonClass: 460750K(465344K)->460750K(465344K) Class: 63935K(68736K)->63935K(68736K)
[2025-01-09T00:48:33.991+0000][188584.357s][info][gc          ] GC(6753) Pause Young (Concurrent Start) (G1 Evacuation Pause) 9629M->2341M(12288M) 33.197ms
[2025-01-09T00:48:33.991+0000][188584.357s][info][gc,cpu      ] GC(6753) User=0.18s Sys=0.00s Real=0.04s
[2025-01-09T00:48:33.991+0000][188584.357s][info][gc          ] GC(6754) Concurrent Mark Cycle
[2025-01-09T00:48:33.991+0000][188584.357s][info][gc,marking  ] GC(6754) Concurrent Clear Claimed Marks
[2025-01-09T00:48:33.992+0000][188584.358s][info][gc,marking  ] GC(6754) Concurrent Clear Claimed Marks 0.897ms
[2025-01-09T00:48:33.992+0000][188584.358s][info][gc,marking  ] GC(6754) Concurrent Scan Root Regions
[2025-01-09T00:48:34.014+0000][188584.380s][info][gc,marking  ] GC(6754) Concurrent Scan Root Regions 22.222ms
[2025-01-09T00:48:34.014+0000][188584.380s][info][gc,marking  ] GC(6754) Concurrent Mark
[2025-01-09T00:48:34.014+0000][188584.380s][info][gc,marking  ] GC(6754) Concurrent Mark From Roots
[2025-01-09T00:48:34.014+0000][188584.380s][info][gc,task     ] GC(6754) Using 2 workers of 2 for marking
[2025-01-09T00:48:34.847+0000][188585.213s][info][gc,marking  ] GC(6754) Concurrent Mark From Roots 832.665ms
[2025-01-09T00:48:34.847+0000][188585.213s][info][gc,marking  ] GC(6754) Concurrent Preclean
[2025-01-09T00:48:34.849+0000][188585.216s][info][gc,marking  ] GC(6754) Concurrent Preclean 2.494ms
[2025-01-09T00:48:34.850+0000][188585.216s][info][gc,start    ] GC(6754) Pause Remark
[2025-01-09T00:48:34.875+0000][188585.241s][info][gc          ] GC(6754) Pause Remark 2813M->2813M(12288M) 25.692ms
[2025-01-09T00:48:34.875+0000][188585.241s][info][gc,cpu      ] GC(6754) User=0.15s Sys=0.00s Real=0.02s
[2025-01-09T00:48:34.875+0000][188585.242s][info][gc,marking  ] GC(6754) Concurrent Mark 861.203ms
[2025-01-09T00:48:34.875+0000][188585.242s][info][gc,marking  ] GC(6754) Concurrent Rebuild Remembered Sets
[2025-01-09T00:48:35.413+0000][188585.779s][info][gc,marking  ] GC(6754) Concurrent Rebuild Remembered Sets 537.803ms
[2025-01-09T00:48:35.413+0000][188585.780s][info][gc,start    ] GC(6754) Pause Cleanup
[2025-01-09T00:48:35.414+0000][188585.780s][info][gc          ] GC(6754) Pause Cleanup 2998M->2998M(12288M) 0.437ms
[2025-01-09T00:48:35.414+0000][188585.780s][info][gc,cpu      ] GC(6754) User=0.00s Sys=0.00s Real=0.00s
[2025-01-09T00:48:35.414+0000][188585.780s][info][gc,marking  ] GC(6754) Concurrent Cleanup for Next Mark
[2025-01-09T00:48:35.429+0000][188585.795s][info][gc,marking  ] GC(6754) Concurrent Cleanup for Next Mark 15.401ms
[2025-01-09T00:48:35.429+0000][188585.795s][info][gc          ] GC(6754) Concurrent Mark Cycle 1438.339ms
[2025-01-09T00:48:43.088+0000][188593.454s][info][gc,start    ] GC(6755) Pause Young (Prepare Mixed) (G1 Evacuation Pause)
[2025-01-09T00:48:43.088+0000][188593.454s][info][gc,task     ] GC(6755) Using 6 workers of 6 for evacuation
[2025-01-09T00:48:43.123+0000][188593.489s][info][gc,phases   ] GC(6755)   Pre Evacuate Collection Set: 0.2ms
[2025-01-09T00:48:43.123+0000][188593.489s][info][gc,phases   ] GC(6755)   Merge Heap Roots: 0.6ms
[2025-01-09T00:48:43.123+0000][188593.490s][info][gc,phases   ] GC(6755)   Evacuate Collection Set: 30.0ms
[2025-01-09T00:48:43.123+0000][188593.490s][info][gc,phases   ] GC(6755)   Post Evacuate Collection Set: 4.5ms
[2025-01-09T00:48:43.123+0000][188593.490s][info][gc,phases   ] GC(6755)   Other: 0.2ms
[2025-01-09T00:48:43.123+0000][188593.490s][info][gc,heap     ] GC(6755) Eden regions: 911->0(68)
[2025-01-09T00:48:43.123+0000][188593.490s][info][gc,heap     ] GC(6755) Survivor regions: 10->8(116)
[2025-01-09T00:48:43.123+0000][188593.490s][info][gc,heap     ] GC(6755) Old regions: 234->234
[2025-01-09T00:48:43.123+0000][188593.490s][info][gc,heap     ] GC(6755) Archive regions: 2->2
[2025-01-09T00:48:43.123+0000][188593.490s][info][gc,heap     ] GC(6755) Humongous regions: 49->49
[2025-01-09T00:48:43.123+0000][188593.490s][info][gc,metaspace] GC(6755) Metaspace: 524686K(534080K)->524686K(534080K) NonClass: 460750K(465344K)->460750K(465344K) Class: 63935K(68736K)->63935K(68736K)
[2025-01-09T00:48:43.123+0000][188593.490s][info][gc          ] GC(6755) Pause Young (Prepare Mixed) (G1 Evacuation Pause) 9629M->2328M(12288M) 35.686ms
[2025-01-09T00:48:43.124+0000][188593.490s][info][gc,cpu      ] GC(6755) User=0.21s Sys=0.01s Real=0.04s
[2025-01-09T00:48:43.550+0000][188593.916s][info][gc,start    ] GC(6756) Pause Young (Mixed) (G1 Evacuation Pause)
[2025-01-09T00:48:43.550+0000][188593.916s][info][gc,task     ] GC(6756) Using 6 workers of 6 for evacuation
[2025-01-09T00:48:43.613+0000][188593.980s][info][gc,phases   ] GC(6756)   Pre Evacuate Collection Set: 0.2ms
[2025-01-09T00:48:43.614+0000][188593.980s][info][gc,phases   ] GC(6756)   Merge Heap Roots: 0.7ms
[2025-01-09T00:48:43.614+0000][188593.980s][info][gc,phases   ] GC(6756)   Evacuate Collection Set: 61.0ms
[2025-01-09T00:48:43.614+0000][188593.980s][info][gc,phases   ] GC(6756)   Post Evacuate Collection Set: 1.7ms
[2025-01-09T00:48:43.614+0000][188593.980s][info][gc,phases   ] GC(6756)   Other: 0.2ms
[2025-01-09T00:48:43.614+0000][188593.980s][info][gc,heap     ] GC(6756) Eden regions: 68->0(914)
[2025-01-09T00:48:43.614+0000][188593.980s][info][gc,heap     ] GC(6756) Survivor regions: 8->7(10)
[2025-01-09T00:48:43.614+0000][188593.980s][info][gc,heap     ] GC(6756) Old regions: 234->232
[2025-01-09T00:48:43.614+0000][188593.980s][info][gc,heap     ] GC(6756) Archive regions: 2->2
[2025-01-09T00:48:43.614+0000][188593.980s][info][gc,heap     ] GC(6756) Humongous regions: 49->49
[2025-01-09T00:48:43.614+0000][188593.980s][info][gc,metaspace] GC(6756) Metaspace: 524686K(534080K)->524686K(534080K) NonClass: 460750K(465344K)->460750K(465344K) Class: 63935K(68736K)->63935K(68736K)
[2025-01-09T00:48:43.614+0000][188593.980s][info][gc          ] GC(6756) Pause Young (Mixed) (G1 Evacuation Pause) 2872M->2297M(12288M) 63.833ms
[2025-01-09T00:48:43.614+0000][188593.980s][info][gc,cpu      ] GC(6756) User=0.37s Sys=0.00s Real=0.06s
[2025-01-09T00:48:52.456+0000][188602.822s][info][gc,start    ] GC(6757) Pause Young (Normal) (G1 Evacuation Pause)
[2025-01-09T00:48:52.456+0000][188602.822s][info][gc,task     ] GC(6757) Using 6 workers of 6 for evacuation
[2025-01-09T00:48:52.486+0000][188602.852s][info][gc,phases   ] GC(6757)   Pre Evacuate Collection Set: 0.2ms
[2025-01-09T00:48:52.486+0000][188602.853s][info][gc,phases   ] GC(6757)   Merge Heap Roots: 0.5ms
[2025-01-09T00:48:52.486+0000][188602.853s][info][gc,phases   ] GC(6757)   Evacuate Collection Set: 25.3ms
[2025-01-09T00:48:52.486+0000][188602.853s][info][gc,phases   ] GC(6757)   Post Evacuate Collection Set: 4.0ms
[2025-01-09T00:48:52.486+0000][188602.853s][info][gc,phases   ] GC(6757)   Other: 0.2ms
[2025-01-09T00:48:52.486+0000][188602.853s][info][gc,heap     ] GC(6757) Eden regions: 914->0(913)
[2025-01-09T00:48:52.486+0000][188602.853s][info][gc,heap     ] GC(6757) Survivor regions: 7->8(116)
[2025-01-09T00:48:52.486+0000][188602.853s][info][gc,heap     ] GC(6757) Old regions: 232->232
[2025-01-09T00:48:52.486+0000][188602.853s][info][gc,heap     ] GC(6757) Archive regions: 2->2
[2025-01-09T00:48:52.486+0000][188602.853s][info][gc,heap     ] GC(6757) Humongous regions: 49->49
[2025-01-09T00:48:52.486+0000][188602.853s][info][gc,metaspace] GC(6757) Metaspace: 524686K(534080K)->524686K(534080K) NonClass: 460750K(465344K)->460750K(465344K) Class: 63935K(68736K)->63935K(68736K)
[2025-01-09T00:48:52.486+0000][188602.853s][info][gc          ] GC(6757) Pause Young (Normal) (G1 Evacuation Pause) 9609M->2306M(12288M) 30.290ms
[2025-01-09T00:48:52.487+0000][188602.853s][info][gc,cpu      ] GC(6757) User=0.17s Sys=0.00s Real=0.03s
[2025-01-09T00:49:02.588+0000][188612.954s][info][gc,start    ] GC(6758) Pause Young (Normal) (G1 Evacuation Pause)
[2025-01-09T00:49:02.588+0000][188612.954s][info][gc,task     ] GC(6758) Using 6 workers of 6 for evacuation
[2025-01-09T00:49:02.625+0000][188612.991s][info][gc,phases   ] GC(6758)   Pre Evacuate Collection Set: 0.2ms
[2025-01-09T00:49:02.625+0000][188612.991s][info][gc,phases   ] GC(6758)   Merge Heap Roots: 0.5ms
[2025-01-09T00:49:02.625+0000][188612.991s][info][gc,phases   ] GC(6758)   Evacuate Collection Set: 33.1ms
[2025-01-09T00:49:02.625+0000][188612.991s][info][gc,phases   ] GC(6758)   Post Evacuate Collection Set: 3.0ms
[2025-01-09T00:49:02.625+0000][188612.991s][info][gc,phases   ] GC(6758)   Other: 0.2ms
[2025-01-09T00:49:02.625+0000][188612.991s][info][gc,heap     ] GC(6758) Eden regions: 913->0(912)
[2025-01-09T00:49:02.625+0000][188612.991s][info][gc,heap     ] GC(6758) Survivor regions: 8->9(116)
[2025-01-09T00:49:02.625+0000][188612.991s][info][gc,heap     ] GC(6758) Old regions: 232->232
[2025-01-09T00:49:02.625+0000][188612.991s][info][gc,heap     ] GC(6758) Archive regions: 2->2
[2025-01-09T00:49:02.625+0000][188612.991s][info][gc,heap     ] GC(6758) Humongous regions: 49->49
[2025-01-09T00:49:02.625+0000][188612.991s][info][gc,metaspace] GC(6758) Metaspace: 524686K(534080K)->524686K(534080K) NonClass: 460750K(465344K)->460750K(465344K) Class: 63935K(68736K)->63935K(68736K)
[2025-01-09T00:49:02.625+0000][188612.991s][info][gc          ] GC(6758) Pause Young (Normal) (G1 Evacuation Pause) 9610M->2314M(12288M) 37.054ms
[2025-01-09T00:49:02.625+0000][188612.991s][info][gc,cpu      ] GC(6758) User=0.22s Sys=0.00s Real=0.04s
[2025-01-09T00:49:14.384+0000][188624.750s][info][gc,start    ] GC(6759) Pause Young (Concurrent Start) (G1 Evacuation Pause)
[2025-01-09T00:49:14.384+0000][188624.750s][info][gc,task     ] GC(6759) Using 6 workers of 6 for evacuation
[2025-01-09T00:49:14.427+0000][188624.793s][info][gc,phases   ] GC(6759)   Pre Evacuate Collection Set: 1.2ms
[2025-01-09T00:49:14.427+0000][188624.793s][info][gc,phases   ] GC(6759)   Merge Heap Roots: 0.5ms
[2025-01-09T00:49:14.427+0000][188624.793s][info][gc,phases   ] GC(6759)   Evacuate Collection Set: 38.1ms
[2025-01-09T00:49:14.427+0000][188624.793s][info][gc,phases   ] GC(6759)   Post Evacuate Collection Set: 3.1ms
[2025-01-09T00:49:14.427+0000][188624.793s][info][gc,phases   ] GC(6759)   Other: 0.3ms
[2025-01-09T00:49:14.427+0000][188624.793s][info][gc,heap     ] GC(6759) Eden regions: 912->0(910)
[2025-01-09T00:49:14.427+0000][188624.793s][info][gc,heap     ] GC(6759) Survivor regions: 9->11(116)
[2025-01-09T00:49:14.427+0000][188624.793s][info][gc,heap     ] GC(6759) Old regions: 232->232
[2025-01-09T00:49:14.427+0000][188624.793s][info][gc,heap     ] GC(6759) Archive regions: 2->2
[2025-01-09T00:49:14.427+0000][188624.793s][info][gc,heap     ] GC(6759) Humongous regions: 49->49
[2025-01-09T00:49:14.427+0000][188624.793s][info][gc,metaspace] GC(6759) Metaspace: 524686K(534080K)->524686K(534080K) NonClass: 460750K(465344K)->460750K(465344K) Class: 63935K(68736K)->63935K(68736K)
[2025-01-09T00:49:14.427+0000][188624.793s][info][gc          ] GC(6759) Pause Young (Concurrent Start) (G1 Evacuation Pause) 9610M->2331M(12288M) 43.297ms
[2025-01-09T00:49:14.427+0000][188624.793s][info][gc,cpu      ] GC(6759) User=0.25s Sys=0.00s Real=0.04s
[2025-01-09T00:49:14.427+0000][188624.793s][info][gc          ] GC(6760) Concurrent Mark Cycle
[2025-01-09T00:49:14.427+0000][188624.793s][info][gc,marking  ] GC(6760) Concurrent Clear Claimed Marks
[2025-01-09T00:49:14.428+0000][188624.794s][info][gc,marking  ] GC(6760) Concurrent Clear Claimed Marks 0.896ms
[2025-01-09T00:49:14.428+0000][188624.794s][info][gc,marking  ] GC(6760) Concurrent Scan Root Regions
[2025-01-09T00:49:14.456+0000][188624.822s][info][gc,marking  ] GC(6760) Concurrent Scan Root Regions 27.629ms
[2025-01-09T00:49:14.456+0000][188624.822s][info][gc,marking  ] GC(6760) Concurrent Mark
[2025-01-09T00:49:14.456+0000][188624.822s][info][gc,marking  ] GC(6760) Concurrent Mark From Roots
[2025-01-09T00:49:14.456+0000][188624.822s][info][gc,task     ] GC(6760) Using 2 workers of 2 for marking
[2025-01-09T00:49:15.424+0000][188625.790s][info][gc,marking  ] GC(6760) Concurrent Mark From Roots 968.389ms
[2025-01-09T00:49:15.424+0000][188625.790s][info][gc,marking  ] GC(6760) Concurrent Preclean
[2025-01-09T00:49:15.427+0000][188625.793s][info][gc,marking  ] GC(6760) Concurrent Preclean 2.371ms
[2025-01-09T00:49:15.427+0000][188625.793s][info][gc,start    ] GC(6760) Pause Remark
[2025-01-09T00:49:15.455+0000][188625.821s][info][gc          ] GC(6760) Pause Remark 3459M->3459M(12288M) 28.386ms
[2025-01-09T00:49:15.455+0000][188625.821s][info][gc,cpu      ] GC(6760) User=0.16s Sys=0.00s Real=0.03s
[2025-01-09T00:49:15.455+0000][188625.821s][info][gc,marking  ] GC(6760) Concurrent Mark 999.505ms
[2025-01-09T00:49:15.455+0000][188625.822s][info][gc,marking  ] GC(6760) Concurrent Rebuild Remembered Sets
[2025-01-09T00:49:15.976+0000][188626.342s][info][gc,marking  ] GC(6760) Concurrent Rebuild Remembered Sets 520.192ms
[2025-01-09T00:49:15.976+0000][188626.342s][info][gc,start    ] GC(6760) Pause Cleanup
[2025-01-09T00:49:15.976+0000][188626.342s][info][gc          ] GC(6760) Pause Cleanup 3875M->3875M(12288M) 0.407ms
[2025-01-09T00:49:15.976+0000][188626.342s][info][gc,cpu      ] GC(6760) User=0.00s Sys=0.00s Real=0.00s
[2025-01-09T00:49:15.976+0000][188626.342s][info][gc,marking  ] GC(6760) Concurrent Cleanup for Next Mark
[2025-01-09T00:49:15.992+0000][188626.358s][info][gc,marking  ] GC(6760) Concurrent Cleanup for Next Mark 15.689ms
[2025-01-09T00:49:15.992+0000][188626.358s][info][gc          ] GC(6760) Concurrent Mark Cycle 1564.693ms
[2025-01-09T00:49:23.730+0000][188634.096s][info][gc,start    ] GC(6761) Pause Young (Prepare Mixed) (G1 Evacuation Pause)
[2025-01-09T00:49:23.730+0000][188634.096s][info][gc,task     ] GC(6761) Using 6 workers of 6 for evacuation
[2025-01-09T00:49:23.776+0000][188634.142s][info][gc,phases   ] GC(6761)   Pre Evacuate Collection Set: 0.2ms
[2025-01-09T00:49:23.776+0000][188634.142s][info][gc,phases   ] GC(6761)   Merge Heap Roots: 0.8ms
[2025-01-09T00:49:23.776+0000][188634.142s][info][gc,phases   ] GC(6761)   Evacuate Collection Set: 42.1ms
[2025-01-09T00:49:23.776+0000][188634.142s][info][gc,phases   ] GC(6761)   Post Evacuate Collection Set: 3.0ms
[2025-01-09T00:49:23.776+0000][188634.142s][info][gc,phases   ] GC(6761)   Other: 0.2ms
[2025-01-09T00:49:23.776+0000][188634.142s][info][gc,heap     ] GC(6761) Eden regions: 910->0(64)
[2025-01-09T00:49:23.776+0000][188634.142s][info][gc,heap     ] GC(6761) Survivor regions: 11->12(116)
[2025-01-09T00:49:23.776+0000][188634.142s][info][gc,heap     ] GC(6761) Old regions: 232->232
[2025-01-09T00:49:23.776+0000][188634.142s][info][gc,heap     ] GC(6761) Archive regions: 2->2
[2025-01-09T00:49:23.776+0000][188634.142s][info][gc,heap     ] GC(6761) Humongous regions: 49->49
[2025-01-09T00:49:23.776+0000][188634.142s][info][gc,metaspace] GC(6761) Metaspace: 524686K(534080K)->524686K(534080K) NonClass: 460750K(465344K)->460750K(465344K) Class: 63935K(68736K)->63935K(68736K)
[2025-01-09T00:49:23.776+0000][188634.142s][info][gc          ] GC(6761) Pause Young (Prepare Mixed) (G1 Evacuation Pause) 9611M->2340M(12288M) 46.437ms
[2025-01-09T00:49:23.776+0000][188634.142s][info][gc,cpu      ] GC(6761) User=0.28s Sys=0.00s Real=0.04s
[2025-01-09T00:49:24.031+0000][188634.398s][info][gc,start    ] GC(6762) Pause Young (Mixed) (G1 Evacuation Pause)
[2025-01-09T00:49:24.031+0000][188634.398s][info][gc,task     ] GC(6762) Using 6 workers of 6 for evacuation
[2025-01-09T00:49:24.106+0000][188634.472s][info][gc,phases   ] GC(6762)   Pre Evacuate Collection Set: 0.2ms
[2025-01-09T00:49:24.106+0000][188634.472s][info][gc,phases   ] GC(6762)   Merge Heap Roots: 0.7ms
[2025-01-09T00:49:24.106+0000][188634.472s][info][gc,phases   ] GC(6762)   Evacuate Collection Set: 71.5ms
[2025-01-09T00:49:24.106+0000][188634.472s][info][gc,phases   ] GC(6762)   Post Evacuate Collection Set: 1.7ms
[2025-01-09T00:49:24.106+0000][188634.472s][info][gc,phases   ] GC(6762)   Other: 0.2ms
[2025-01-09T00:49:24.106+0000][188634.472s][info][gc,heap     ] GC(6762) Eden regions: 64->0(914)
[2025-01-09T00:49:24.106+0000][188634.472s][info][gc,heap     ] GC(6762) Survivor regions: 12->7(10)
[2025-01-09T00:49:24.106+0000][188634.472s][info][gc,heap     ] GC(6762) Old regions: 232->233
[2025-01-09T00:49:24.106+0000][188634.472s][info][gc,heap     ] GC(6762) Archive regions: 2->2
[2025-01-09T00:49:24.106+0000][188634.472s][info][gc,heap     ] GC(6762) Humongous regions: 49->49
[2025-01-09T00:49:24.106+0000][188634.472s][info][gc,metaspace] GC(6762) Metaspace: 524686K(534080K)->524686K(534080K) NonClass: 460750K(465344K)->460750K(465344K) Class: 63935K(68736K)->63935K(68736K)
[2025-01-09T00:49:24.106+0000][188634.472s][info][gc          ] GC(6762) Pause Young (Mixed) (G1 Evacuation Pause) 2852M->2312M(12288M) 74.390ms
[2025-01-09T00:49:24.106+0000][188634.472s][info][gc,cpu      ] GC(6762) User=0.43s Sys=0.00s Real=0.07s
[2025-01-09T00:49:29.224+0000][188639.590s][info][gc,start    ] GC(6763) Pause Young (Normal) (G1 Evacuation Pause)
[2025-01-09T00:49:29.224+0000][188639.590s][info][gc,task     ] GC(6763) Using 6 workers of 6 for evacuation
[2025-01-09T00:49:29.252+0000][188639.618s][info][gc,phases   ] GC(6763)   Pre Evacuate Collection Set: 0.2ms
[2025-01-09T00:49:29.252+0000][188639.618s][info][gc,phases   ] GC(6763)   Merge Heap Roots: 0.4ms
[2025-01-09T00:49:29.252+0000][188639.618s][info][gc,phases   ] GC(6763)   Evacuate Collection Set: 23.9ms
[2025-01-09T00:49:29.252+0000][188639.618s][info][gc,phases   ] GC(6763)   Post Evacuate Collection Set: 3.7ms
[2025-01-09T00:49:29.252+0000][188639.618s][info][gc,phases   ] GC(6763)   Other: 0.2ms
[2025-01-09T00:49:29.252+0000][188639.618s][info][gc,heap     ] GC(6763) Eden regions: 914->0(914)
[2025-01-09T00:49:29.252+0000][188639.618s][info][gc,heap     ] GC(6763) Survivor regions: 7->7(116)
[2025-01-09T00:49:29.252+0000][188639.618s][info][gc,heap     ] GC(6763) Old regions: 233->233
[2025-01-09T00:49:29.252+0000][188639.618s][info][gc,heap     ] GC(6763) Archive regions: 2->2
[2025-01-09T00:49:29.252+0000][188639.618s][info][gc,heap     ] GC(6763) Humongous regions: 49->49
[2025-01-09T00:49:29.252+0000][188639.618s][info][gc,metaspace] GC(6763) Metaspace: 524686K(534080K)->524686K(534080K) NonClass: 460750K(465344K)->460750K(465344K) Class: 63935K(68736K)->63935K(68736K)
[2025-01-09T00:49:29.252+0000][188639.618s][info][gc          ] GC(6763) Pause Young (Normal) (G1 Evacuation Pause) 9624M->2314M(12288M) 28.598ms
[2025-01-09T00:49:29.252+0000][188639.618s][info][gc,cpu      ] GC(6763) User=0.16s Sys=0.00s Real=0.03s
[2025-01-09T00:49:37.811+0000][188648.177s][info][gc,start    ] GC(6764) Pause Young (Normal) (G1 Evacuation Pause)
[2025-01-09T00:49:37.811+0000][188648.177s][info][gc,task     ] GC(6764) Using 6 workers of 6 for evacuation
[2025-01-09T00:49:37.840+0000][188648.206s][info][gc,phases   ] GC(6764)   Pre Evacuate Collection Set: 0.2ms
[2025-01-09T00:49:37.840+0000][188648.206s][info][gc,phases   ] GC(6764)   Merge Heap Roots: 0.4ms
[2025-01-09T00:49:37.840+0000][188648.206s][info][gc,phases   ] GC(6764)   Evacuate Collection Set: 24.4ms
[2025-01-09T00:49:37.840+0000][188648.206s][info][gc,phases   ] GC(6764)   Post Evacuate Collection Set: 3.9ms
[2025-01-09T00:49:37.840+0000][188648.206s][info][gc,phases   ] GC(6764)   Other: 0.2ms
[2025-01-09T00:49:37.840+0000][188648.206s][info][gc,heap     ] GC(6764) Eden regions: 914->0(913)
[2025-01-09T00:49:37.840+0000][188648.206s][info][gc,heap     ] GC(6764) Survivor regions: 7->8(116)
[2025-01-09T00:49:37.840+0000][188648.206s][info][gc,heap     ] GC(6764) Old regions: 233->233
[2025-01-09T00:49:37.840+0000][188648.206s][info][gc,heap     ] GC(6764) Archive regions: 2->2
[2025-01-09T00:49:37.840+0000][188648.206s][info][gc,heap     ] GC(6764) Humongous regions: 49->49
[2025-01-09T00:49:37.840+0000][188648.206s][info][gc,metaspace] GC(6764) Metaspace: 524686K(534080K)->524686K(534080K) NonClass: 460750K(465344K)->460750K(465344K) Class: 63935K(68736K)->63935K(68736K)
[2025-01-09T00:49:37.840+0000][188648.206s][info][gc          ] GC(6764) Pause Young (Normal) (G1 Evacuation Pause) 9626M->2320M(12288M) 29.179ms
[2025-01-09T00:49:37.840+0000][188648.206s][info][gc,cpu      ] GC(6764) User=0.17s Sys=0.00s Real=0.02s
[2025-01-09T00:49:46.308+0000][188656.674s][info][gc,start    ] GC(6765) Pause Young (Concurrent Start) (G1 Evacuation Pause)
[2025-01-09T00:49:46.308+0000][188656.674s][info][gc,task     ] GC(6765) Using 6 workers of 6 for evacuation
[2025-01-09T00:49:46.342+0000][188656.708s][info][gc,phases   ] GC(6765)   Pre Evacuate Collection Set: 1.2ms
[2025-01-09T00:49:46.342+0000][188656.708s][info][gc,phases   ] GC(6765)   Merge Heap Roots: 0.4ms
[2025-01-09T00:49:46.342+0000][188656.708s][info][gc,phases   ] GC(6765)   Evacuate Collection Set: 27.7ms
[2025-01-09T00:49:46.342+0000][188656.708s][info][gc,phases   ] GC(6765)   Post Evacuate Collection Set: 4.0ms
[2025-01-09T00:49:46.342+0000][188656.708s][info][gc,phases   ] GC(6765)   Other: 0.3ms
[2025-01-09T00:49:46.342+0000][188656.708s][info][gc,heap     ] GC(6765) Eden regions: 913->0(912)
[2025-01-09T00:49:46.342+0000][188656.708s][info][gc,heap     ] GC(6765) Survivor regions: 8->9(116)
[2025-01-09T00:49:46.342+0000][188656.708s][info][gc,heap     ] GC(6765) Old regions: 233->233
[2025-01-09T00:49:46.342+0000][188656.708s][info][gc,heap     ] GC(6765) Archive regions: 2->2
[2025-01-09T00:49:46.342+0000][188656.708s][info][gc,heap     ] GC(6765) Humongous regions: 49->49
[2025-01-09T00:49:46.342+0000][188656.708s][info][gc,metaspace] GC(6765) Metaspace: 524686K(534080K)->524686K(534080K) NonClass: 460750K(465344K)->460750K(465344K) Class: 63935K(68736K)->63935K(68736K)
[2025-01-09T00:49:46.342+0000][188656.708s][info][gc          ] GC(6765) Pause Young (Concurrent Start) (G1 Evacuation Pause) 9624M->2330M(12288M) 33.700ms
[2025-01-09T00:49:46.342+0000][188656.708s][info][gc,cpu      ] GC(6765) User=0.19s Sys=0.00s Real=0.04s
[2025-01-09T00:49:46.342+0000][188656.708s][info][gc          ] GC(6766) Concurrent Mark Cycle
[2025-01-09T00:49:46.342+0000][188656.708s][info][gc,marking  ] GC(6766) Concurrent Clear Claimed Marks
[2025-01-09T00:49:46.343+0000][188656.709s][info][gc,marking  ] GC(6766) Concurrent Clear Claimed Marks 0.964ms
[2025-01-09T00:49:46.343+0000][188656.709s][info][gc,marking  ] GC(6766) Concurrent Scan Root Regions
[2025-01-09T00:49:46.366+0000][188656.732s][info][gc,marking  ] GC(6766) Concurrent Scan Root Regions 23.461ms
[2025-01-09T00:49:46.366+0000][188656.733s][info][gc,marking  ] GC(6766) Concurrent Mark
[2025-01-09T00:49:46.366+0000][188656.733s][info][gc,marking  ] GC(6766) Concurrent Mark From Roots
[2025-01-09T00:49:46.366+0000][188656.733s][info][gc,task     ] GC(6766) Using 2 workers of 2 for marking
[2025-01-09T00:49:47.373+0000][188657.739s][info][gc,marking  ] GC(6766) Concurrent Mark From Roots 1006.500ms
[2025-01-09T00:49:47.373+0000][188657.739s][info][gc,marking  ] GC(6766) Concurrent Preclean
[2025-01-09T00:49:47.376+0000][188657.742s][info][gc,marking  ] GC(6766) Concurrent Preclean 2.620ms
[2025-01-09T00:49:47.376+0000][188657.742s][info][gc,start    ] GC(6766) Pause Remark
[2025-01-09T00:49:47.401+0000][188657.767s][info][gc          ] GC(6766) Pause Remark 3506M->3506M(12288M) 25.689ms
[2025-01-09T00:49:47.401+0000][188657.768s][info][gc,cpu      ] GC(6766) User=0.14s Sys=0.01s Real=0.03s
[2025-01-09T00:49:47.402+0000][188657.768s][info][gc,marking  ] GC(6766) Concurrent Mark 1035.186ms
[2025-01-09T00:49:47.402+0000][188657.768s][info][gc,marking  ] GC(6766) Concurrent Rebuild Remembered Sets
[2025-01-09T00:49:47.925+0000][188658.291s][info][gc,marking  ] GC(6766) Concurrent Rebuild Remembered Sets 523.210ms
[2025-01-09T00:49:47.925+0000][188658.291s][info][gc,start    ] GC(6766) Pause Cleanup
[2025-01-09T00:49:47.925+0000][188658.292s][info][gc          ] GC(6766) Pause Cleanup 3774M->3774M(12288M) 0.435ms
[2025-01-09T00:49:47.925+0000][188658.292s][info][gc,cpu      ] GC(6766) User=0.00s Sys=0.00s Real=0.00s
[2025-01-09T00:49:47.926+0000][188658.292s][info][gc,marking  ] GC(6766) Concurrent Cleanup for Next Mark
[2025-01-09T00:49:47.941+0000][188658.307s][info][gc,marking  ] GC(6766) Concurrent Cleanup for Next Mark 15.495ms
[2025-01-09T00:49:47.941+0000][188658.307s][info][gc          ] GC(6766) Concurrent Mark Cycle 1599.168ms
[2025-01-09T00:49:57.209+0000][188667.575s][info][gc,start    ] GC(6767) Pause Young (Prepare Mixed) (G1 Evacuation Pause)
[2025-01-09T00:49:57.209+0000][188667.575s][info][gc,task     ] GC(6767) Using 6 workers of 6 for evacuation
[2025-01-09T00:49:57.247+0000][188667.613s][info][gc,phases   ] GC(6767)   Pre Evacuate Collection Set: 0.2ms
[2025-01-09T00:49:57.247+0000][188667.613s][info][gc,phases   ] GC(6767)   Merge Heap Roots: 0.7ms
[2025-01-09T00:49:57.247+0000][188667.613s][info][gc,phases   ] GC(6767)   Evacuate Collection Set: 33.7ms
[2025-01-09T00:49:57.247+0000][188667.613s][info][gc,phases   ] GC(6767)   Post Evacuate Collection Set: 2.8ms
[2025-01-09T00:49:57.247+0000][188667.613s][info][gc,phases   ] GC(6767)   Other: 0.2ms
[2025-01-09T00:49:57.247+0000][188667.613s][info][gc,heap     ] GC(6767) Eden regions: 912->0(66)
[2025-01-09T00:49:57.247+0000][188667.613s][info][gc,heap     ] GC(6767) Survivor regions: 9->10(116)
[2025-01-09T00:49:57.247+0000][188667.613s][info][gc,heap     ] GC(6767) Old regions: 233->233
[2025-01-09T00:49:57.247+0000][188667.613s][info][gc,heap     ] GC(6767) Archive regions: 2->2
[2025-01-09T00:49:57.247+0000][188667.613s][info][gc,heap     ] GC(6767) Humongous regions: 49->49
[2025-01-09T00:49:57.247+0000][188667.613s][info][gc,metaspace] GC(6767) Metaspace: 524686K(534080K)->524686K(534080K) NonClass: 460750K(465344K)->460750K(465344K) Class: 63935K(68736K)->63935K(68736K)
[2025-01-09T00:49:57.247+0000][188667.613s][info][gc          ] GC(6767) Pause Young (Prepare Mixed) (G1 Evacuation Pause) 9626M->2337M(12288M) 37.733ms
[2025-01-09T00:49:57.247+0000][188667.613s][info][gc,cpu      ] GC(6767) User=0.22s Sys=0.00s Real=0.04s
[2025-01-09T00:49:59.058+0000][188669.425s][info][gc,start    ] GC(6768) Pause Young (Mixed) (G1 Evacuation Pause)
[2025-01-09T00:49:59.058+0000][188669.425s][info][gc,task     ] GC(6768) Using 6 workers of 6 for evacuation
[2025-01-09T00:49:59.134+0000][188669.500s][info][gc,phases   ] GC(6768)   Pre Evacuate Collection Set: 0.2ms
[2025-01-09T00:49:59.134+0000][188669.500s][info][gc,phases   ] GC(6768)   Merge Heap Roots: 0.8ms
[2025-01-09T00:49:59.134+0000][188669.500s][info][gc,phases   ] GC(6768)   Evacuate Collection Set: 72.4ms
[2025-01-09T00:49:59.134+0000][188669.500s][info][gc,phases   ] GC(6768)   Post Evacuate Collection Set: 2.0ms
[2025-01-09T00:49:59.134+0000][188669.500s][info][gc,phases   ] GC(6768)   Other: 0.2ms
[2025-01-09T00:49:59.134+0000][188669.500s][info][gc,heap     ] GC(6768) Eden regions: 66->0(915)
[2025-01-09T00:49:59.134+0000][188669.500s][info][gc,heap     ] GC(6768) Survivor regions: 10->6(10)
[2025-01-09T00:49:59.134+0000][188669.500s][info][gc,heap     ] GC(6768) Old regions: 233->234
[2025-01-09T00:49:59.134+0000][188669.500s][info][gc,heap     ] GC(6768) Archive regions: 2->2
[2025-01-09T00:49:59.134+0000][188669.500s][info][gc,heap     ] GC(6768) Humongous regions: 49->49
[2025-01-09T00:49:59.134+0000][188669.500s][info][gc,metaspace] GC(6768) Metaspace: 524686K(534080K)->524686K(534080K) NonClass: 460750K(465344K)->460750K(465344K) Class: 63935K(68736K)->63935K(68736K)
[2025-01-09T00:49:59.134+0000][188669.500s][info][gc          ] GC(6768) Pause Young (Mixed) (G1 Evacuation Pause) 2865M->2306M(12288M) 75.660ms
[2025-01-09T00:49:59.134+0000][188669.500s][info][gc,cpu      ] GC(6768) User=0.44s Sys=0.00s Real=0.08s
[2025-01-09T00:50:07.748+0000][188678.114s][info][gc,start    ] GC(6769) Pause Young (Normal) (G1 Evacuation Pause)
[2025-01-09T00:50:07.748+0000][188678.114s][info][gc,task     ] GC(6769) Using 6 workers of 6 for evacuation
[2025-01-09T00:50:07.776+0000][188678.143s][info][gc,phases   ] GC(6769)   Pre Evacuate Collection Set: 0.2ms
[2025-01-09T00:50:07.777+0000][188678.143s][info][gc,phases   ] GC(6769)   Merge Heap Roots: 0.5ms
[2025-01-09T00:50:07.777+0000][188678.143s][info][gc,phases   ] GC(6769)   Evacuate Collection Set: 25.4ms
[2025-01-09T00:50:07.777+0000][188678.143s][info][gc,phases   ] GC(6769)   Post Evacuate Collection Set: 2.5ms
[2025-01-09T00:50:07.777+0000][188678.143s][info][gc,phases   ] GC(6769)   Other: 0.2ms
[2025-01-09T00:50:07.777+0000][188678.143s][info][gc,heap     ] GC(6769) Eden regions: 915->0(915)
[2025-01-09T00:50:07.777+0000][188678.143s][info][gc,heap     ] GC(6769) Survivor regions: 6->6(116)
[2025-01-09T00:50:07.777+0000][188678.143s][info][gc,heap     ] GC(6769) Old regions: 234->234
[2025-01-09T00:50:07.777+0000][188678.143s][info][gc,heap     ] GC(6769) Archive regions: 2->2
[2025-01-09T00:50:07.777+0000][188678.143s][info][gc,heap     ] GC(6769) Humongous regions: 49->49
[2025-01-09T00:50:07.777+0000][188678.143s][info][gc,metaspace] GC(6769) Metaspace: 524686K(534080K)->524686K(534080K) NonClass: 460750K(465344K)->460750K(465344K) Class: 63935K(68736K)->63935K(68736K)
[2025-01-09T00:50:07.777+0000][188678.143s][info][gc          ] GC(6769) Pause Young (Normal) (G1 Evacuation Pause) 9626M->2309M(12288M) 28.916ms
[2025-01-09T00:50:07.777+0000][188678.143s][info][gc,cpu      ] GC(6769) User=0.17s Sys=0.00s Real=0.03s
[2025-01-09T00:50:18.203+0000][188688.569s][info][gc,start    ] GC(6770) Pause Young (Normal) (G1 Evacuation Pause)
[2025-01-09T00:50:18.203+0000][188688.569s][info][gc,task     ] GC(6770) Using 6 workers of 6 for evacuation
[2025-01-09T00:50:18.238+0000][188688.604s][info][gc,phases   ] GC(6770)   Pre Evacuate Collection Set: 0.2ms
[2025-01-09T00:50:18.238+0000][188688.604s][info][gc,phases   ] GC(6770)   Merge Heap Roots: 0.5ms
[2025-01-09T00:50:18.238+0000][188688.604s][info][gc,phases   ] GC(6770)   Evacuate Collection Set: 31.4ms
[2025-01-09T00:50:18.238+0000][188688.604s][info][gc,phases   ] GC(6770)   Post Evacuate Collection Set: 2.8ms
[2025-01-09T00:50:18.238+0000][188688.604s][info][gc,phases   ] GC(6770)   Other: 0.2ms
[2025-01-09T00:50:18.238+0000][188688.604s][info][gc,heap     ] GC(6770) Eden regions: 915->0(912)
[2025-01-09T00:50:18.238+0000][188688.604s][info][gc,heap     ] GC(6770) Survivor regions: 6->9(116)
[2025-01-09T00:50:18.238+0000][188688.604s][info][gc,heap     ] GC(6770) Old regions: 234->234
[2025-01-09T00:50:18.238+0000][188688.604s][info][gc,heap     ] GC(6770) Archive regions: 2->2
[2025-01-09T00:50:18.238+0000][188688.604s][info][gc,heap     ] GC(6770) Humongous regions: 49->49
[2025-01-09T00:50:18.238+0000][188688.604s][info][gc,metaspace] GC(6770) Metaspace: 524688K(534080K)->524688K(534080K) NonClass: 460752K(465344K)->460752K(465344K) Class: 63935K(68736K)->63935K(68736K)
[2025-01-09T00:50:18.238+0000][188688.604s][info][gc          ] GC(6770) Pause Young (Normal) (G1 Evacuation Pause) 9629M->2329M(12288M) 35.074ms
[2025-01-09T00:50:18.238+0000][188688.604s][info][gc,cpu      ] GC(6770) User=0.20s Sys=0.00s Real=0.03s
[2025-01-09T00:50:27.330+0000][188697.696s][info][gc,start    ] GC(6771) Pause Young (Concurrent Start) (G1 Evacuation Pause)
[2025-01-09T00:50:27.330+0000][188697.696s][info][gc,task     ] GC(6771) Using 6 workers of 6 for evacuation
[2025-01-09T00:50:27.371+0000][188697.737s][info][gc,phases   ] GC(6771)   Pre Evacuate Collection Set: 1.1ms
[2025-01-09T00:50:27.371+0000][188697.737s][info][gc,phases   ] GC(6771)   Merge Heap Roots: 0.5ms
[2025-01-09T00:50:27.371+0000][188697.737s][info][gc,phases   ] GC(6771)   Evacuate Collection Set: 33.1ms
[2025-01-09T00:50:27.371+0000][188697.737s][info][gc,phases   ] GC(6771)   Post Evacuate Collection Set: 5.4ms
[2025-01-09T00:50:27.371+0000][188697.737s][info][gc,phases   ] GC(6771)   Other: 0.3ms
[2025-01-09T00:50:27.371+0000][188697.737s][info][gc,heap     ] GC(6771) Eden regions: 912->0(910)
[2025-01-09T00:50:27.371+0000][188697.737s][info][gc,heap     ] GC(6771) Survivor regions: 9->11(116)
[2025-01-09T00:50:27.371+0000][188697.737s][info][gc,heap     ] GC(6771) Old regions: 234->234
[2025-01-09T00:50:27.371+0000][188697.737s][info][gc,heap     ] GC(6771) Archive regions: 2->2
[2025-01-09T00:50:27.371+0000][188697.737s][info][gc,heap     ] GC(6771) Humongous regions: 49->49
[2025-01-09T00:50:27.371+0000][188697.737s][info][gc,metaspace] GC(6771) Metaspace: 524688K(534080K)->524688K(534080K) NonClass: 460752K(465344K)->460752K(465344K) Class: 63935K(68736K)->63935K(68736K)
[2025-01-09T00:50:27.371+0000][188697.737s][info][gc          ] GC(6771) Pause Young (Concurrent Start) (G1 Evacuation Pause) 9625M->2347M(12288M) 40.532ms
[2025-01-09T00:50:27.371+0000][188697.737s][info][gc,cpu      ] GC(6771) User=0.24s Sys=0.00s Real=0.04s
[2025-01-09T00:50:27.371+0000][188697.737s][info][gc          ] GC(6772) Concurrent Mark Cycle
[2025-01-09T00:50:27.371+0000][188697.737s][info][gc,marking  ] GC(6772) Concurrent Clear Claimed Marks
[2025-01-09T00:50:27.372+0000][188697.738s][info][gc,marking  ] GC(6772) Concurrent Clear Claimed Marks 0.945ms
[2025-01-09T00:50:27.372+0000][188697.738s][info][gc,marking  ] GC(6772) Concurrent Scan Root Regions
[2025-01-09T00:50:27.397+0000][188697.764s][info][gc,marking  ] GC(6772) Concurrent Scan Root Regions 25.665ms
[2025-01-09T00:50:27.397+0000][188697.764s][info][gc,marking  ] GC(6772) Concurrent Mark
[2025-01-09T00:50:27.397+0000][188697.764s][info][gc,marking  ] GC(6772) Concurrent Mark From Roots
[2025-01-09T00:50:27.397+0000][188697.764s][info][gc,task     ] GC(6772) Using 2 workers of 2 for marking
[2025-01-09T00:50:28.163+0000][188698.529s][info][gc,marking  ] GC(6772) Concurrent Mark From Roots 765.396ms
[2025-01-09T00:50:28.163+0000][188698.529s][info][gc,marking  ] GC(6772) Concurrent Preclean
[2025-01-09T00:50:28.165+0000][188698.531s][info][gc,marking  ] GC(6772) Concurrent Preclean 2.383ms
[2025-01-09T00:50:28.165+0000][188698.532s][info][gc,start    ] GC(6772) Pause Remark
[2025-01-09T00:50:28.191+0000][188698.557s][info][gc          ] GC(6772) Pause Remark 2955M->2955M(12288M) 25.786ms
[2025-01-09T00:50:28.191+0000][188698.557s][info][gc,cpu      ] GC(6772) User=0.14s Sys=0.00s Real=0.03s
[2025-01-09T00:50:28.191+0000][188698.558s][info][gc,marking  ] GC(6772) Concurrent Mark 793.996ms
[2025-01-09T00:50:28.191+0000][188698.558s][info][gc,marking  ] GC(6772) Concurrent Rebuild Remembered Sets
[2025-01-09T00:50:28.699+0000][188699.066s][info][gc,marking  ] GC(6772) Concurrent Rebuild Remembered Sets 507.994ms
[2025-01-09T00:50:28.700+0000][188699.066s][info][gc,start    ] GC(6772) Pause Cleanup
[2025-01-09T00:50:28.700+0000][188699.066s][info][gc          ] GC(6772) Pause Cleanup 3351M->3351M(12288M) 0.423ms
[2025-01-09T00:50:28.700+0000][188699.066s][info][gc,cpu      ] GC(6772) User=0.00s Sys=0.00s Real=0.00s
[2025-01-09T00:50:28.700+0000][188699.066s][info][gc,marking  ] GC(6772) Concurrent Cleanup for Next Mark
[2025-01-09T00:50:28.716+0000][188699.082s][info][gc,marking  ] GC(6772) Concurrent Cleanup for Next Mark 16.100ms
[2025-01-09T00:50:28.716+0000][188699.082s][info][gc          ] GC(6772) Concurrent Mark Cycle 1345.484ms
[2025-01-09T00:50:34.389+0000][188704.755s][info][gc,start    ] GC(6773) Pause Young (Prepare Mixed) (G1 Evacuation Pause)
[2025-01-09T00:50:34.389+0000][188704.755s][info][gc,task     ] GC(6773) Using 6 workers of 6 for evacuation
[2025-01-09T00:50:34.428+0000][188704.794s][info][gc,phases   ] GC(6773)   Pre Evacuate Collection Set: 0.2ms
[2025-01-09T00:50:34.428+0000][188704.794s][info][gc,phases   ] GC(6773)   Merge Heap Roots: 0.7ms
[2025-01-09T00:50:34.428+0000][188704.794s][info][gc,phases   ] GC(6773)   Evacuate Collection Set: 35.1ms
[2025-01-09T00:50:34.428+0000][188704.794s][info][gc,phases   ] GC(6773)   Post Evacuate Collection Set: 2.5ms
[2025-01-09T00:50:34.428+0000][188704.794s][info][gc,phases   ] GC(6773)   Other: 0.2ms
[2025-01-09T00:50:34.428+0000][188704.794s][info][gc,heap     ] GC(6773) Eden regions: 910->0(66)
[2025-01-09T00:50:34.428+0000][188704.794s][info][gc,heap     ] GC(6773) Survivor regions: 11->10(116)
[2025-01-09T00:50:34.428+0000][188704.794s][info][gc,heap     ] GC(6773) Old regions: 234->234
[2025-01-09T00:50:34.428+0000][188704.794s][info][gc,heap     ] GC(6773) Archive regions: 2->2
[2025-01-09T00:50:34.428+0000][188704.794s][info][gc,heap     ] GC(6773) Humongous regions: 49->49
[2025-01-09T00:50:34.428+0000][188704.794s][info][gc,metaspace] GC(6773) Metaspace: 524688K(534080K)->524688K(534080K) NonClass: 460752K(465344K)->460752K(465344K) Class: 63935K(68736K)->63935K(68736K)
[2025-01-09T00:50:34.428+0000][188704.794s][info][gc          ] GC(6773) Pause Young (Prepare Mixed) (G1 Evacuation Pause) 9627M->2343M(12288M) 38.794ms
[2025-01-09T00:50:34.428+0000][188704.794s][info][gc,cpu      ] GC(6773) User=0.23s Sys=0.00s Real=0.04s
[2025-01-09T00:50:34.755+0000][188705.122s][info][gc,start    ] GC(6774) Pause Young (Mixed) (G1 Evacuation Pause)
[2025-01-09T00:50:34.755+0000][188705.122s][info][gc,task     ] GC(6774) Using 6 workers of 6 for evacuation
[2025-01-09T00:50:34.810+0000][188705.176s][info][gc,phases   ] GC(6774)   Pre Evacuate Collection Set: 0.2ms
[2025-01-09T00:50:34.810+0000][188705.176s][info][gc,phases   ] GC(6774)   Merge Heap Roots: 0.5ms
[2025-01-09T00:50:34.810+0000][188705.176s][info][gc,phases   ] GC(6774)   Evacuate Collection Set: 52.2ms
[2025-01-09T00:50:34.810+0000][188705.176s][info][gc,phases   ] GC(6774)   Post Evacuate Collection Set: 1.6ms
[2025-01-09T00:50:34.810+0000][188705.176s][info][gc,phases   ] GC(6774)   Other: 0.2ms
[2025-01-09T00:50:34.810+0000][188705.176s][info][gc,heap     ] GC(6774) Eden regions: 66->0(915)
[2025-01-09T00:50:34.810+0000][188705.176s][info][gc,heap     ] GC(6774) Survivor regions: 10->6(10)
[2025-01-09T00:50:34.810+0000][188705.176s][info][gc,heap     ] GC(6774) Old regions: 234->233
[2025-01-09T00:50:34.810+0000][188705.176s][info][gc,heap     ] GC(6774) Archive regions: 2->2
[2025-01-09T00:50:34.810+0000][188705.176s][info][gc,heap     ] GC(6774) Humongous regions: 49->49
[2025-01-09T00:50:34.810+0000][188705.176s][info][gc,metaspace] GC(6774) Metaspace: 524688K(534080K)->524688K(534080K) NonClass: 460752K(465344K)->460752K(465344K) Class: 63935K(68736K)->63935K(68736K)
[2025-01-09T00:50:34.810+0000][188705.176s][info][gc          ] GC(6774) Pause Young (Mixed) (G1 Evacuation Pause) 2871M->2303M(12288M) 54.798ms
[2025-01-09T00:50:34.810+0000][188705.176s][info][gc,cpu      ] GC(6774) User=0.32s Sys=0.00s Real=0.06s
[2025-01-09T00:50:41.981+0000][188712.348s][info][gc,start    ] GC(6775) Pause Young (Normal) (G1 Evacuation Pause)
[2025-01-09T00:50:41.981+0000][188712.348s][info][gc,task     ] GC(6775) Using 6 workers of 6 for evacuation
[2025-01-09T00:50:42.008+0000][188712.374s][info][gc,phases   ] GC(6775)   Pre Evacuate Collection Set: 0.2ms
[2025-01-09T00:50:42.008+0000][188712.374s][info][gc,phases   ] GC(6775)   Merge Heap Roots: 0.4ms
[2025-01-09T00:50:42.008+0000][188712.374s][info][gc,phases   ] GC(6775)   Evacuate Collection Set: 21.5ms
[2025-01-09T00:50:42.008+0000][188712.374s][info][gc,phases   ] GC(6775)   Post Evacuate Collection Set: 3.8ms
[2025-01-09T00:50:42.008+0000][188712.374s][info][gc,phases   ] GC(6775)   Other: 0.2ms
[2025-01-09T00:50:42.008+0000][188712.374s][info][gc,heap     ] GC(6775) Eden regions: 915->0(914)
[2025-01-09T00:50:42.008+0000][188712.374s][info][gc,heap     ] GC(6775) Survivor regions: 6->7(116)
[2025-01-09T00:50:42.008+0000][188712.374s][info][gc,heap     ] GC(6775) Old regions: 233->233
[2025-01-09T00:50:42.008+0000][188712.374s][info][gc,heap     ] GC(6775) Archive regions: 2->2
[2025-01-09T00:50:42.008+0000][188712.374s][info][gc,heap     ] GC(6775) Humongous regions: 49->49
[2025-01-09T00:50:42.008+0000][188712.374s][info][gc,metaspace] GC(6775) Metaspace: 524688K(534080K)->524688K(534080K) NonClass: 460752K(465344K)->460752K(465344K) Class: 63935K(68736K)->63935K(68736K)
[2025-01-09T00:50:42.008+0000][188712.374s][info][gc          ] GC(6775) Pause Young (Normal) (G1 Evacuation Pause) 9623M->2311M(12288M) 26.256ms
[2025-01-09T00:50:42.008+0000][188712.374s][info][gc,cpu      ] GC(6775) User=0.15s Sys=0.00s Real=0.02s
[2025-01-09T00:50:50.198+0000][188720.564s][info][gc,start    ] GC(6776) Pause Young (Normal) (G1 Evacuation Pause)
[2025-01-09T00:50:50.198+0000][188720.564s][info][gc,task     ] GC(6776) Using 6 workers of 6 for evacuation
[2025-01-09T00:50:50.225+0000][188720.591s][info][gc,phases   ] GC(6776)   Pre Evacuate Collection Set: 0.2ms
[2025-01-09T00:50:50.225+0000][188720.591s][info][gc,phases   ] GC(6776)   Merge Heap Roots: 0.4ms
[2025-01-09T00:50:50.225+0000][188720.591s][info][gc,phases   ] GC(6776)   Evacuate Collection Set: 23.6ms
[2025-01-09T00:50:50.225+0000][188720.591s][info][gc,phases   ] GC(6776)   Post Evacuate Collection Set: 2.4ms
[2025-01-09T00:50:50.225+0000][188720.591s][info][gc,phases   ] GC(6776)   Other: 0.2ms
[2025-01-09T00:50:50.225+0000][188720.591s][info][gc,heap     ] GC(6776) Eden regions: 914->0(914)
[2025-01-09T00:50:50.225+0000][188720.591s][info][gc,heap     ] GC(6776) Survivor regions: 7->7(116)
[2025-01-09T00:50:50.225+0000][188720.591s][info][gc,heap     ] GC(6776) Old regions: 233->233
[2025-01-09T00:50:50.225+0000][188720.591s][info][gc,heap     ] GC(6776) Archive regions: 2->2
[2025-01-09T00:50:50.225+0000][188720.591s][info][gc,heap     ] GC(6776) Humongous regions: 49->49
[2025-01-09T00:50:50.225+0000][188720.591s][info][gc,metaspace] GC(6776) Metaspace: 524688K(534080K)->524688K(534080K) NonClass: 460752K(465344K)->460752K(465344K) Class: 63935K(68736K)->63935K(68736K)
[2025-01-09T00:50:50.225+0000][188720.591s][info][gc          ] GC(6776) Pause Young (Normal) (G1 Evacuation Pause) 9623M->2316M(12288M) 26.950ms
[2025-01-09T00:50:50.225+0000][188720.591s][info][gc,cpu      ] GC(6776) User=0.15s Sys=0.00s Real=0.03s
[2025-01-09T00:50:59.839+0000][188730.205s][info][gc,start    ] GC(6777) Pause Young (Concurrent Start) (G1 Evacuation Pause)
[2025-01-09T00:50:59.839+0000][188730.205s][info][gc,task     ] GC(6777) Using 6 workers of 6 for evacuation
[2025-01-09T00:50:59.873+0000][188730.239s][info][gc,phases   ] GC(6777)   Pre Evacuate Collection Set: 1.2ms
[2025-01-09T00:50:59.873+0000][188730.239s][info][gc,phases   ] GC(6777)   Merge Heap Roots: 0.4ms
[2025-01-09T00:50:59.873+0000][188730.239s][info][gc,phases   ] GC(6777)   Evacuate Collection Set: 29.3ms
[2025-01-09T00:50:59.873+0000][188730.239s][info][gc,phases   ] GC(6777)   Post Evacuate Collection Set: 2.7ms
[2025-01-09T00:50:59.873+0000][188730.239s][info][gc,phases   ] GC(6777)   Other: 0.3ms
[2025-01-09T00:50:59.873+0000][188730.239s][info][gc,heap     ] GC(6777) Eden regions: 914->0(912)
[2025-01-09T00:50:59.873+0000][188730.239s][info][gc,heap     ] GC(6777) Survivor regions: 7->9(116)
[2025-01-09T00:50:59.873+0000][188730.239s][info][gc,heap     ] GC(6777) Old regions: 233->233
[2025-01-09T00:50:59.873+0000][188730.239s][info][gc,heap     ] GC(6777) Archive regions: 2->2
[2025-01-09T00:50:59.873+0000][188730.239s][info][gc,heap     ] GC(6777) Humongous regions: 49->49
[2025-01-09T00:50:59.873+0000][188730.239s][info][gc,metaspace] GC(6777) Metaspace: 524688K(534080K)->524688K(534080K) NonClass: 460752K(465344K)->460752K(465344K) Class: 63935K(68736K)->63935K(68736K)
[2025-01-09T00:50:59.873+0000][188730.239s][info][gc          ] GC(6777) Pause Young (Concurrent Start) (G1 Evacuation Pause) 9628M->2330M(12288M) 33.997ms
[2025-01-09T00:50:59.873+0000][188730.239s][info][gc,cpu      ] GC(6777) User=0.20s Sys=0.00s Real=0.04s
[2025-01-09T00:50:59.873+0000][188730.239s][info][gc          ] GC(6778) Concurrent Mark Cycle
[2025-01-09T00:50:59.873+0000][188730.239s][info][gc,marking  ] GC(6778) Concurrent Clear Claimed Marks
[2025-01-09T00:50:59.874+0000][188730.240s][info][gc,marking  ] GC(6778) Concurrent Clear Claimed Marks 0.985ms
[2025-01-09T00:50:59.874+0000][188730.240s][info][gc,marking  ] GC(6778) Concurrent Scan Root Regions
[2025-01-09T00:50:59.912+0000][188730.278s][info][gc,marking  ] GC(6778) Concurrent Scan Root Regions 37.824ms
[2025-01-09T00:50:59.912+0000][188730.278s][info][gc,marking  ] GC(6778) Concurrent Mark
[2025-01-09T00:50:59.912+0000][188730.278s][info][gc,marking  ] GC(6778) Concurrent Mark From Roots
[2025-01-09T00:50:59.912+0000][188730.278s][info][gc,task     ] GC(6778) Using 2 workers of 2 for marking
[2025-01-09T00:51:00.959+0000][188731.325s][info][gc,marking  ] GC(6778) Concurrent Mark From Roots 1046.694ms
[2025-01-09T00:51:00.959+0000][188731.325s][info][gc,marking  ] GC(6778) Concurrent Preclean
[2025-01-09T00:51:00.961+0000][188731.327s][info][gc,marking  ] GC(6778) Concurrent Preclean 2.659ms
[2025-01-09T00:51:00.961+0000][188731.328s][info][gc,start    ] GC(6778) Pause Remark
[2025-01-09T00:51:00.988+0000][188731.354s][info][gc          ] GC(6778) Pause Remark 3446M->3446M(12288M) 26.724ms
[2025-01-09T00:51:00.988+0000][188731.354s][info][gc,cpu      ] GC(6778) User=0.15s Sys=0.00s Real=0.02s
[2025-01-09T00:51:00.988+0000][188731.354s][info][gc,marking  ] GC(6778) Concurrent Mark 1076.458ms
[2025-01-09T00:51:00.988+0000][188731.354s][info][gc,marking  ] GC(6778) Concurrent Rebuild Remembered Sets
[2025-01-09T00:51:01.504+0000][188731.870s][info][gc,marking  ] GC(6778) Concurrent Rebuild Remembered Sets 515.976ms
[2025-01-09T00:51:01.505+0000][188731.871s][info][gc,start    ] GC(6778) Pause Cleanup
[2025-01-09T00:51:01.505+0000][188731.871s][info][gc          ] GC(6778) Pause Cleanup 3862M->3862M(12288M) 0.456ms
[2025-01-09T00:51:01.505+0000][188731.871s][info][gc,cpu      ] GC(6778) User=0.00s Sys=0.00s Real=0.00s
[2025-01-09T00:51:01.505+0000][188731.871s][info][gc,marking  ] GC(6778) Concurrent Cleanup for Next Mark
[2025-01-09T00:51:01.520+0000][188731.887s][info][gc,marking  ] GC(6778) Concurrent Cleanup for Next Mark 15.391ms
[2025-01-09T00:51:01.521+0000][188731.887s][info][gc          ] GC(6778) Concurrent Mark Cycle 1647.520ms
[2025-01-09T00:51:07.493+0000][188737.859s][info][gc,start    ] GC(6779) Pause Young (Prepare Mixed) (G1 Evacuation Pause)
[2025-01-09T00:51:07.493+0000][188737.859s][info][gc,task     ] GC(6779) Using 6 workers of 6 for evacuation
[2025-01-09T00:51:07.528+0000][188737.894s][info][gc,phases   ] GC(6779)   Pre Evacuate Collection Set: 0.2ms
[2025-01-09T00:51:07.528+0000][188737.894s][info][gc,phases   ] GC(6779)   Merge Heap Roots: 0.7ms
[2025-01-09T00:51:07.528+0000][188737.894s][info][gc,phases   ] GC(6779)   Evacuate Collection Set: 31.6ms
[2025-01-09T00:51:07.528+0000][188737.894s][info][gc,phases   ] GC(6779)   Post Evacuate Collection Set: 2.6ms
[2025-01-09T00:51:07.528+0000][188737.894s][info][gc,phases   ] GC(6779)   Other: 0.2ms
[2025-01-09T00:51:07.528+0000][188737.894s][info][gc,heap     ] GC(6779) Eden regions: 912->0(66)
[2025-01-09T00:51:07.528+0000][188737.894s][info][gc,heap     ] GC(6779) Survivor regions: 9->10(116)
[2025-01-09T00:51:07.528+0000][188737.894s][info][gc,heap     ] GC(6779) Old regions: 233->233
[2025-01-09T00:51:07.528+0000][188737.894s][info][gc,heap     ] GC(6779) Archive regions: 2->2
[2025-01-09T00:51:07.528+0000][188737.894s][info][gc,heap     ] GC(6779) Humongous regions: 49->49
[2025-01-09T00:51:07.528+0000][188737.894s][info][gc,metaspace] GC(6779) Metaspace: 524688K(534080K)->524688K(534080K) NonClass: 460752K(465344K)->460752K(465344K) Class: 63935K(68736K)->63935K(68736K)
[2025-01-09T00:51:07.528+0000][188737.894s][info][gc          ] GC(6779) Pause Young (Prepare Mixed) (G1 Evacuation Pause) 9626M->2341M(12288M) 35.338ms
[2025-01-09T00:51:07.528+0000][188737.894s][info][gc,cpu      ] GC(6779) User=0.21s Sys=0.00s Real=0.03s
[2025-01-09T00:51:08.374+0000][188738.740s][info][gc,start    ] GC(6780) Pause Young (Mixed) (G1 Evacuation Pause)
[2025-01-09T00:51:08.374+0000][188738.740s][info][gc,task     ] GC(6780) Using 6 workers of 6 for evacuation
[2025-01-09T00:51:08.432+0000][188738.798s][info][gc,phases   ] GC(6780)   Pre Evacuate Collection Set: 0.2ms
[2025-01-09T00:51:08.432+0000][188738.798s][info][gc,phases   ] GC(6780)   Merge Heap Roots: 0.5ms
[2025-01-09T00:51:08.432+0000][188738.798s][info][gc,phases   ] GC(6780)   Evacuate Collection Set: 55.6ms
[2025-01-09T00:51:08.432+0000][188738.798s][info][gc,phases   ] GC(6780)   Post Evacuate Collection Set: 1.7ms
[2025-01-09T00:51:08.432+0000][188738.798s][info][gc,phases   ] GC(6780)   Other: 0.2ms
[2025-01-09T00:51:08.432+0000][188738.798s][info][gc,heap     ] GC(6780) Eden regions: 66->0(915)
[2025-01-09T00:51:08.432+0000][188738.798s][info][gc,heap     ] GC(6780) Survivor regions: 10->6(10)
[2025-01-09T00:51:08.432+0000][188738.798s][info][gc,heap     ] GC(6780) Old regions: 233->233
[2025-01-09T00:51:08.432+0000][188738.798s][info][gc,heap     ] GC(6780) Archive regions: 2->2
[2025-01-09T00:51:08.432+0000][188738.798s][info][gc,heap     ] GC(6780) Humongous regions: 49->49
[2025-01-09T00:51:08.432+0000][188738.798s][info][gc,metaspace] GC(6780) Metaspace: 524688K(534080K)->524688K(534080K) NonClass: 460752K(465344K)->460752K(465344K) Class: 63935K(68736K)->63935K(68736K)
[2025-01-09T00:51:08.432+0000][188738.798s][info][gc          ] GC(6780) Pause Young (Mixed) (G1 Evacuation Pause) 2869M->2304M(12288M) 58.281ms
[2025-01-09T00:51:08.432+0000][188738.798s][info][gc,cpu      ] GC(6780) User=0.34s Sys=0.00s Real=0.06s
[2025-01-09T00:51:16.940+0000][188747.306s][info][gc,start    ] GC(6781) Pause Young (Normal) (G1 Evacuation Pause)
[2025-01-09T00:51:16.940+0000][188747.306s][info][gc,task     ] GC(6781) Using 6 workers of 6 for evacuation
[2025-01-09T00:51:16.969+0000][188747.335s][info][gc,phases   ] GC(6781)   Pre Evacuate Collection Set: 0.2ms
[2025-01-09T00:51:16.969+0000][188747.335s][info][gc,phases   ] GC(6781)   Merge Heap Roots: 0.4ms
[2025-01-09T00:51:16.969+0000][188747.335s][info][gc,phases   ] GC(6781)   Evacuate Collection Set: 26.1ms
[2025-01-09T00:51:16.969+0000][188747.335s][info][gc,phases   ] GC(6781)   Post Evacuate Collection Set: 2.4ms
[2025-01-09T00:51:16.969+0000][188747.335s][info][gc,phases   ] GC(6781)   Other: 0.2ms
[2025-01-09T00:51:16.969+0000][188747.335s][info][gc,heap     ] GC(6781) Eden regions: 915->0(914)
[2025-01-09T00:51:16.969+0000][188747.335s][info][gc,heap     ] GC(6781) Survivor regions: 6->7(116)
[2025-01-09T00:51:16.969+0000][188747.335s][info][gc,heap     ] GC(6781) Old regions: 233->233
[2025-01-09T00:51:16.969+0000][188747.335s][info][gc,heap     ] GC(6781) Archive regions: 2->2
[2025-01-09T00:51:16.969+0000][188747.335s][info][gc,heap     ] GC(6781) Humongous regions: 49->49
[2025-01-09T00:51:16.969+0000][188747.335s][info][gc,metaspace] GC(6781) Metaspace: 524688K(534080K)->524688K(534080K) NonClass: 460752K(465344K)->460752K(465344K) Class: 63935K(68736K)->63935K(68736K)
[2025-01-09T00:51:16.969+0000][188747.335s][info][gc          ] GC(6781) Pause Young (Normal) (G1 Evacuation Pause) 9624M->2317M(12288M) 29.394ms
[2025-01-09T00:51:16.969+0000][188747.335s][info][gc,cpu      ] GC(6781) User=0.17s Sys=0.00s Real=0.03s
[2025-01-09T00:51:23.400+0000][188753.766s][info][gc,start    ] GC(6782) Pause Young (Normal) (G1 Evacuation Pause)
[2025-01-09T00:51:23.400+0000][188753.766s][info][gc,task     ] GC(6782) Using 6 workers of 6 for evacuation
[2025-01-09T00:51:23.432+0000][188753.798s][info][gc,phases   ] GC(6782)   Pre Evacuate Collection Set: 0.2ms
[2025-01-09T00:51:23.432+0000][188753.798s][info][gc,phases   ] GC(6782)   Merge Heap Roots: 0.4ms
[2025-01-09T00:51:23.432+0000][188753.798s][info][gc,phases   ] GC(6782)   Evacuate Collection Set: 25.8ms
[2025-01-09T00:51:23.432+0000][188753.798s][info][gc,phases   ] GC(6782)   Post Evacuate Collection Set: 5.0ms
[2025-01-09T00:51:23.432+0000][188753.798s][info][gc,phases   ] GC(6782)   Other: 0.2ms
[2025-01-09T00:51:23.432+0000][188753.798s][info][gc,heap     ] GC(6782) Eden regions: 914->0(911)
[2025-01-09T00:51:23.432+0000][188753.798s][info][gc,heap     ] GC(6782) Survivor regions: 7->10(116)
[2025-01-09T00:51:23.432+0000][188753.798s][info][gc,heap     ] GC(6782) Old regions: 233->233
[2025-01-09T00:51:23.432+0000][188753.798s][info][gc,heap     ] GC(6782) Archive regions: 2->2
[2025-01-09T00:51:23.432+0000][188753.798s][info][gc,heap     ] GC(6782) Humongous regions: 49->49
[2025-01-09T00:51:23.432+0000][188753.798s][info][gc,metaspace] GC(6782) Metaspace: 524688K(534080K)->524688K(534080K) NonClass: 460752K(465344K)->460752K(465344K) Class: 63935K(68736K)->63935K(68736K)
[2025-01-09T00:51:23.432+0000][188753.798s][info][gc          ] GC(6782) Pause Young (Normal) (G1 Evacuation Pause) 9629M->2335M(12288M) 31.696ms
[2025-01-09T00:51:23.432+0000][188753.798s][info][gc,cpu      ] GC(6782) User=0.18s Sys=0.00s Real=0.04s
[2025-01-09T00:51:30.770+0000][188761.136s][info][gc,start    ] GC(6783) Pause Young (Concurrent Start) (G1 Evacuation Pause)
[2025-01-09T00:51:30.770+0000][188761.136s][info][gc,task     ] GC(6783) Using 6 workers of 6 for evacuation
[2025-01-09T00:51:30.804+0000][188761.170s][info][gc,phases   ] GC(6783)   Pre Evacuate Collection Set: 1.2ms
[2025-01-09T00:51:30.804+0000][188761.170s][info][gc,phases   ] GC(6783)   Merge Heap Roots: 0.5ms
[2025-01-09T00:51:30.804+0000][188761.170s][info][gc,phases   ] GC(6783)   Evacuate Collection Set: 29.2ms
[2025-01-09T00:51:30.804+0000][188761.170s][info][gc,phases   ] GC(6783)   Post Evacuate Collection Set: 2.6ms
[2025-01-09T00:51:30.804+0000][188761.170s][info][gc,phases   ] GC(6783)   Other: 0.3ms
[2025-01-09T00:51:30.804+0000][188761.170s][info][gc,heap     ] GC(6783) Eden regions: 911->0(911)
[2025-01-09T00:51:30.804+0000][188761.170s][info][gc,heap     ] GC(6783) Survivor regions: 10->10(116)
[2025-01-09T00:51:30.804+0000][188761.170s][info][gc,heap     ] GC(6783) Old regions: 233->233
[2025-01-09T00:51:30.804+0000][188761.170s][info][gc,heap     ] GC(6783) Archive regions: 2->2
[2025-01-09T00:51:30.804+0000][188761.170s][info][gc,heap     ] GC(6783) Humongous regions: 49->49
[2025-01-09T00:51:30.804+0000][188761.170s][info][gc,metaspace] GC(6783) Metaspace: 524688K(534080K)->524688K(534080K) NonClass: 460752K(465344K)->460752K(465344K) Class: 63935K(68736K)->63935K(68736K)
[2025-01-09T00:51:30.804+0000][188761.170s][info][gc          ] GC(6783) Pause Young (Concurrent Start) (G1 Evacuation Pause) 9623M->2335M(12288M) 33.810ms
[2025-01-09T00:51:30.804+0000][188761.170s][info][gc,cpu      ] GC(6783) User=0.20s Sys=0.00s Real=0.03s
[2025-01-09T00:51:30.804+0000][188761.170s][info][gc          ] GC(6784) Concurrent Mark Cycle
[2025-01-09T00:51:30.804+0000][188761.170s][info][gc,marking  ] GC(6784) Concurrent Clear Claimed Marks
[2025-01-09T00:51:30.805+0000][188761.171s][info][gc,marking  ] GC(6784) Concurrent Clear Claimed Marks 0.945ms
[2025-01-09T00:51:30.805+0000][188761.171s][info][gc,marking  ] GC(6784) Concurrent Scan Root Regions
[2025-01-09T00:51:30.824+0000][188761.190s][info][gc,marking  ] GC(6784) Concurrent Scan Root Regions 19.624ms
[2025-01-09T00:51:30.824+0000][188761.190s][info][gc,marking  ] GC(6784) Concurrent Mark
[2025-01-09T00:51:30.824+0000][188761.190s][info][gc,marking  ] GC(6784) Concurrent Mark From Roots
[2025-01-09T00:51:30.824+0000][188761.190s][info][gc,task     ] GC(6784) Using 2 workers of 2 for marking
[2025-01-09T00:51:31.668+0000][188762.034s][info][gc,marking  ] GC(6784) Concurrent Mark From Roots 844.044ms
[2025-01-09T00:51:31.668+0000][188762.034s][info][gc,marking  ] GC(6784) Concurrent Preclean
[2025-01-09T00:51:31.672+0000][188762.038s][info][gc,marking  ] GC(6784) Concurrent Preclean 3.377ms
[2025-01-09T00:51:31.672+0000][188762.038s][info][gc,start    ] GC(6784) Pause Remark
[2025-01-09T00:51:31.698+0000][188762.064s][info][gc          ] GC(6784) Pause Remark 3439M->3439M(12288M) 25.727ms
[2025-01-09T00:51:31.698+0000][188762.064s][info][gc,cpu      ] GC(6784) User=0.14s Sys=0.00s Real=0.02s
[2025-01-09T00:51:31.698+0000][188762.064s][info][gc,marking  ] GC(6784) Concurrent Mark 873.814ms
[2025-01-09T00:51:31.698+0000][188762.064s][info][gc,marking  ] GC(6784) Concurrent Rebuild Remembered Sets
[2025-01-09T00:51:32.405+0000][188762.771s][info][gc,marking  ] GC(6784) Concurrent Rebuild Remembered Sets 707.010ms
[2025-01-09T00:51:32.405+0000][188762.771s][info][gc,start    ] GC(6784) Pause Cleanup
[2025-01-09T00:51:32.406+0000][188762.772s][info][gc          ] GC(6784) Pause Cleanup 4527M->4527M(12288M) 0.477ms
[2025-01-09T00:51:32.406+0000][188762.772s][info][gc,cpu      ] GC(6784) User=0.00s Sys=0.00s Real=0.00s
[2025-01-09T00:51:32.406+0000][188762.772s][info][gc,marking  ] GC(6784) Concurrent Cleanup for Next Mark
[2025-01-09T00:51:32.422+0000][188762.788s][info][gc,marking  ] GC(6784) Concurrent Cleanup for Next Mark 16.255ms
[2025-01-09T00:51:32.422+0000][188762.788s][info][gc          ] GC(6784) Concurrent Mark Cycle 1618.494ms
[2025-01-09T00:51:36.085+0000][188766.451s][info][gc,start    ] GC(6785) Pause Young (Prepare Mixed) (G1 Evacuation Pause)
[2025-01-09T00:51:36.085+0000][188766.451s][info][gc,task     ] GC(6785) Using 6 workers of 6 for evacuation
[2025-01-09T00:51:36.122+0000][188766.488s][info][gc,phases   ] GC(6785)   Pre Evacuate Collection Set: 0.2ms
[2025-01-09T00:51:36.122+0000][188766.488s][info][gc,phases   ] GC(6785)   Merge Heap Roots: 0.7ms
[2025-01-09T00:51:36.122+0000][188766.488s][info][gc,phases   ] GC(6785)   Evacuate Collection Set: 32.0ms
[2025-01-09T00:51:36.122+0000][188766.488s][info][gc,phases   ] GC(6785)   Post Evacuate Collection Set: 4.0ms
[2025-01-09T00:51:36.122+0000][188766.488s][info][gc,phases   ] GC(6785)   Other: 0.2ms
[2025-01-09T00:51:36.122+0000][188766.488s][info][gc,heap     ] GC(6785) Eden regions: 911->0(65)
[2025-01-09T00:51:36.122+0000][188766.488s][info][gc,heap     ] GC(6785) Survivor regions: 10->11(116)
[2025-01-09T00:51:36.122+0000][188766.488s][info][gc,heap     ] GC(6785) Old regions: 233->233
[2025-01-09T00:51:36.122+0000][188766.488s][info][gc,heap     ] GC(6785) Archive regions: 2->2
[2025-01-09T00:51:36.122+0000][188766.488s][info][gc,heap     ] GC(6785) Humongous regions: 49->49
[2025-01-09T00:51:36.122+0000][188766.488s][info][gc,metaspace] GC(6785) Metaspace: 524688K(534080K)->524688K(534080K) NonClass: 460752K(465344K)->460752K(465344K) Class: 63935K(68736K)->63935K(68736K)
[2025-01-09T00:51:36.122+0000][188766.488s][info][gc          ] GC(6785) Pause Young (Prepare Mixed) (G1 Evacuation Pause) 9623M->2346M(12288M) 37.124ms
[2025-01-09T00:51:36.122+0000][188766.488s][info][gc,cpu      ] GC(6785) User=0.21s Sys=0.00s Real=0.04s
[2025-01-09T00:51:36.646+0000][188767.012s][info][gc,start    ] GC(6786) Pause Young (Mixed) (G1 Evacuation Pause)
[2025-01-09T00:51:36.646+0000][188767.012s][info][gc,task     ] GC(6786) Using 6 workers of 6 for evacuation
[2025-01-09T00:51:36.708+0000][188767.074s][info][gc,phases   ] GC(6786)   Pre Evacuate Collection Set: 0.2ms
[2025-01-09T00:51:36.708+0000][188767.074s][info][gc,phases   ] GC(6786)   Merge Heap Roots: 0.7ms
[2025-01-09T00:51:36.708+0000][188767.074s][info][gc,phases   ] GC(6786)   Evacuate Collection Set: 59.4ms
[2025-01-09T00:51:36.708+0000][188767.074s][info][gc,phases   ] GC(6786)   Post Evacuate Collection Set: 1.6ms
[2025-01-09T00:51:36.708+0000][188767.074s][info][gc,phases   ] GC(6786)   Other: 0.2ms
[2025-01-09T00:51:36.708+0000][188767.074s][info][gc,heap     ] GC(6786) Eden regions: 65->0(917)
[2025-01-09T00:51:36.708+0000][188767.074s][info][gc,heap     ] GC(6786) Survivor regions: 11->4(10)
[2025-01-09T00:51:36.708+0000][188767.074s][info][gc,heap     ] GC(6786) Old regions: 233->234
[2025-01-09T00:51:36.708+0000][188767.074s][info][gc,heap     ] GC(6786) Archive regions: 2->2
[2025-01-09T00:51:36.708+0000][188767.074s][info][gc,heap     ] GC(6786) Humongous regions: 49->49
[2025-01-09T00:51:36.708+0000][188767.074s][info][gc,metaspace] GC(6786) Metaspace: 524688K(534080K)->524688K(534080K) NonClass: 460752K(465344K)->460752K(465344K) Class: 63935K(68736K)->63935K(68736K)
[2025-01-09T00:51:36.708+0000][188767.074s][info][gc          ] GC(6786) Pause Young (Mixed) (G1 Evacuation Pause) 2866M->2301M(12288M) 62.197ms
[2025-01-09T00:51:36.708+0000][188767.074s][info][gc,cpu      ] GC(6786) User=0.37s Sys=0.00s Real=0.06s
[2025-01-09T00:51:45.563+0000][188775.929s][info][gc,start    ] GC(6787) Pause Young (Normal) (G1 Evacuation Pause)
[2025-01-09T00:51:45.563+0000][188775.929s][info][gc,task     ] GC(6787) Using 6 workers of 6 for evacuation
[2025-01-09T00:51:45.587+0000][188775.953s][info][gc,phases   ] GC(6787)   Pre Evacuate Collection Set: 0.2ms
[2025-01-09T00:51:45.587+0000][188775.953s][info][gc,phases   ] GC(6787)   Merge Heap Roots: 0.4ms
[2025-01-09T00:51:45.587+0000][188775.953s][info][gc,phases   ] GC(6787)   Evacuate Collection Set: 20.1ms
[2025-01-09T00:51:45.587+0000][188775.953s][info][gc,phases   ] GC(6787)   Post Evacuate Collection Set: 2.6ms
[2025-01-09T00:51:45.587+0000][188775.953s][info][gc,phases   ] GC(6787)   Other: 0.2ms
[2025-01-09T00:51:45.587+0000][188775.953s][info][gc,heap     ] GC(6787) Eden regions: 917->0(915)
[2025-01-09T00:51:45.587+0000][188775.953s][info][gc,heap     ] GC(6787) Survivor regions: 4->6(116)
[2025-01-09T00:51:45.587+0000][188775.953s][info][gc,heap     ] GC(6787) Old regions: 234->234
[2025-01-09T00:51:45.587+0000][188775.953s][info][gc,heap     ] GC(6787) Archive regions: 2->2
[2025-01-09T00:51:45.587+0000][188775.953s][info][gc,heap     ] GC(6787) Humongous regions: 49->49
[2025-01-09T00:51:45.587+0000][188775.953s][info][gc,metaspace] GC(6787) Metaspace: 524688K(534080K)->524688K(534080K) NonClass: 460752K(465344K)->460752K(465344K) Class: 63935K(68736K)->63935K(68736K)
[2025-01-09T00:51:45.587+0000][188775.953s][info][gc          ] GC(6787) Pause Young (Normal) (G1 Evacuation Pause) 9637M->2315M(12288M) 23.599ms
[2025-01-09T00:51:45.587+0000][188775.953s][info][gc,cpu      ] GC(6787) User=0.14s Sys=0.00s Real=0.02s
[2025-01-09T00:51:53.345+0000][188783.711s][info][gc,start    ] GC(6788) Pause Young (Normal) (G1 Evacuation Pause)
[2025-01-09T00:51:53.345+0000][188783.711s][info][gc,task     ] GC(6788) Using 6 workers of 6 for evacuation
[2025-01-09T00:51:53.371+0000][188783.737s][info][gc,phases   ] GC(6788)   Pre Evacuate Collection Set: 0.2ms
[2025-01-09T00:51:53.371+0000][188783.737s][info][gc,phases   ] GC(6788)   Merge Heap Roots: 0.4ms
[2025-01-09T00:51:53.371+0000][188783.737s][info][gc,phases   ] GC(6788)   Evacuate Collection Set: 22.7ms
[2025-01-09T00:51:53.371+0000][188783.737s][info][gc,phases   ] GC(6788)   Post Evacuate Collection Set: 2.5ms
[2025-01-09T00:51:53.371+0000][188783.737s][info][gc,phases   ] GC(6788)   Other: 0.2ms
[2025-01-09T00:51:53.371+0000][188783.737s][info][gc,heap     ] GC(6788) Eden regions: 915->0(914)
[2025-01-09T00:51:53.371+0000][188783.737s][info][gc,heap     ] GC(6788) Survivor regions: 6->7(116)
[2025-01-09T00:51:53.371+0000][188783.737s][info][gc,heap     ] GC(6788) Old regions: 234->234
[2025-01-09T00:51:53.371+0000][188783.737s][info][gc,heap     ] GC(6788) Archive regions: 2->2
[2025-01-09T00:51:53.371+0000][188783.737s][info][gc,heap     ] GC(6788) Humongous regions: 49->49
[2025-01-09T00:51:53.371+0000][188783.737s][info][gc,metaspace] GC(6788) Metaspace: 524688K(534080K)->524688K(534080K) NonClass: 460752K(465344K)->460752K(465344K) Class: 63935K(68736K)->63935K(68736K)
[2025-01-09T00:51:53.371+0000][188783.737s][info][gc          ] GC(6788) Pause Young (Normal) (G1 Evacuation Pause) 9635M->2324M(12288M) 26.071ms
[2025-01-09T00:51:53.371+0000][188783.737s][info][gc,cpu      ] GC(6788) User=0.15s Sys=0.00s Real=0.03s
[2025-01-09T00:51:59.998+0000][188790.364s][info][gc,start    ] GC(6789) Pause Young (Concurrent Start) (G1 Evacuation Pause)
[2025-01-09T00:51:59.998+0000][188790.364s][info][gc,task     ] GC(6789) Using 6 workers of 6 for evacuation
[2025-01-09T00:52:00.027+0000][188790.394s][info][gc,phases   ] GC(6789)   Pre Evacuate Collection Set: 1.1ms
[2025-01-09T00:52:00.027+0000][188790.394s][info][gc,phases   ] GC(6789)   Merge Heap Roots: 0.4ms
[2025-01-09T00:52:00.027+0000][188790.394s][info][gc,phases   ] GC(6789)   Evacuate Collection Set: 25.2ms
[2025-01-09T00:52:00.027+0000][188790.394s][info][gc,phases   ] GC(6789)   Post Evacuate Collection Set: 2.6ms
[2025-01-09T00:52:00.027+0000][188790.394s][info][gc,phases   ] GC(6789)   Other: 0.3ms
[2025-01-09T00:52:00.028+0000][188790.394s][info][gc,heap     ] GC(6789) Eden regions: 914->0(913)
[2025-01-09T00:52:00.028+0000][188790.394s][info][gc,heap     ] GC(6789) Survivor regions: 7->8(116)
[2025-01-09T00:52:00.028+0000][188790.394s][info][gc,heap     ] GC(6789) Old regions: 234->234
[2025-01-09T00:52:00.028+0000][188790.394s][info][gc,heap     ] GC(6789) Archive regions: 2->2
[2025-01-09T00:52:00.028+0000][188790.394s][info][gc,heap     ] GC(6789) Humongous regions: 49->49
[2025-01-09T00:52:00.028+0000][188790.394s][info][gc,metaspace] GC(6789) Metaspace: 524688K(534080K)->524688K(534080K) NonClass: 460752K(465344K)->460752K(465344K) Class: 63935K(68736K)->63935K(68736K)
[2025-01-09T00:52:00.028+0000][188790.394s][info][gc          ] GC(6789) Pause Young (Concurrent Start) (G1 Evacuation Pause) 9636M->2332M(12288M) 29.757ms
[2025-01-09T00:52:00.028+0000][188790.394s][info][gc,cpu      ] GC(6789) User=0.16s Sys=0.00s Real=0.03s
[2025-01-09T00:52:00.028+0000][188790.394s][info][gc          ] GC(6790) Concurrent Mark Cycle
[2025-01-09T00:52:00.028+0000][188790.394s][info][gc,marking  ] GC(6790) Concurrent Clear Claimed Marks
[2025-01-09T00:52:00.029+0000][188790.395s][info][gc,marking  ] GC(6790) Concurrent Clear Claimed Marks 0.953ms
[2025-01-09T00:52:00.029+0000][188790.395s][info][gc,marking  ] GC(6790) Concurrent Scan Root Regions
[2025-01-09T00:52:00.057+0000][188790.423s][info][gc,marking  ] GC(6790) Concurrent Scan Root Regions 28.555ms
[2025-01-09T00:52:00.057+0000][188790.423s][info][gc,marking  ] GC(6790) Concurrent Mark
[2025-01-09T00:52:00.057+0000][188790.423s][info][gc,marking  ] GC(6790) Concurrent Mark From Roots
[2025-01-09T00:52:00.057+0000][188790.423s][info][gc,task     ] GC(6790) Using 2 workers of 2 for marking
[2025-01-09T00:52:01.034+0000][188791.400s][info][gc,marking  ] GC(6790) Concurrent Mark From Roots 977.001ms
[2025-01-09T00:52:01.034+0000][188791.400s][info][gc,marking  ] GC(6790) Concurrent Preclean
[2025-01-09T00:52:01.038+0000][188791.404s][info][gc,marking  ] GC(6790) Concurrent Preclean 3.531ms
[2025-01-09T00:52:01.038+0000][188791.404s][info][gc,start    ] GC(6790) Pause Remark
[2025-01-09T00:52:01.064+0000][188791.430s][info][gc          ] GC(6790) Pause Remark 3776M->3776M(12288M) 25.850ms
[2025-01-09T00:52:01.064+0000][188791.430s][info][gc,cpu      ] GC(6790) User=0.15s Sys=0.00s Real=0.03s
[2025-01-09T00:52:01.064+0000][188791.430s][info][gc,marking  ] GC(6790) Concurrent Mark 1006.754ms
[2025-01-09T00:52:01.064+0000][188791.430s][info][gc,marking  ] GC(6790) Concurrent Rebuild Remembered Sets
[2025-01-09T00:52:01.582+0000][188791.948s][info][gc,marking  ] GC(6790) Concurrent Rebuild Remembered Sets 518.354ms
[2025-01-09T00:52:01.582+0000][188791.949s][info][gc,start    ] GC(6790) Pause Cleanup
[2025-01-09T00:52:01.583+0000][188791.949s][info][gc          ] GC(6790) Pause Cleanup 4540M->4540M(12288M) 0.430ms
[2025-01-09T00:52:01.583+0000][188791.949s][info][gc,cpu      ] GC(6790) User=0.00s Sys=0.00s Real=0.00s
[2025-01-09T00:52:01.583+0000][188791.949s][info][gc,marking  ] GC(6790) Concurrent Cleanup for Next Mark
[2025-01-09T00:52:01.599+0000][188791.966s][info][gc,marking  ] GC(6790) Concurrent Cleanup for Next Mark 16.395ms
[2025-01-09T00:52:01.599+0000][188791.966s][info][gc          ] GC(6790) Concurrent Mark Cycle 1571.847ms
[2025-01-09T00:52:08.185+0000][188798.551s][info][gc,start    ] GC(6791) Pause Young (Prepare Mixed) (G1 Evacuation Pause)
[2025-01-09T00:52:08.185+0000][188798.551s][info][gc,task     ] GC(6791) Using 6 workers of 6 for evacuation
[2025-01-09T00:52:08.218+0000][188798.584s][info][gc,phases   ] GC(6791)   Pre Evacuate Collection Set: 0.2ms
[2025-01-09T00:52:08.218+0000][188798.584s][info][gc,phases   ] GC(6791)   Merge Heap Roots: 0.7ms
[2025-01-09T00:52:08.218+0000][188798.584s][info][gc,phases   ] GC(6791)   Evacuate Collection Set: 29.5ms
[2025-01-09T00:52:08.218+0000][188798.584s][info][gc,phases   ] GC(6791)   Post Evacuate Collection Set: 2.6ms
[2025-01-09T00:52:08.218+0000][188798.584s][info][gc,phases   ] GC(6791)   Other: 0.2ms
[2025-01-09T00:52:08.218+0000][188798.584s][info][gc,heap     ] GC(6791) Eden regions: 913->0(67)
[2025-01-09T00:52:08.218+0000][188798.584s][info][gc,heap     ] GC(6791) Survivor regions: 8->9(116)
[2025-01-09T00:52:08.218+0000][188798.584s][info][gc,heap     ] GC(6791) Old regions: 234->234
[2025-01-09T00:52:08.218+0000][188798.584s][info][gc,heap     ] GC(6791) Archive regions: 2->2
[2025-01-09T00:52:08.218+0000][188798.584s][info][gc,heap     ] GC(6791) Humongous regions: 49->49
[2025-01-09T00:52:08.218+0000][188798.584s][info][gc,metaspace] GC(6791) Metaspace: 524688K(534080K)->524688K(534080K) NonClass: 460752K(465344K)->460752K(465344K) Class: 63935K(68736K)->63935K(68736K)
[2025-01-09T00:52:08.218+0000][188798.584s][info][gc          ] GC(6791) Pause Young (Prepare Mixed) (G1 Evacuation Pause) 9636M->2341M(12288M) 33.287ms
[2025-01-09T00:52:08.218+0000][188798.584s][info][gc,cpu      ] GC(6791) User=0.19s Sys=0.01s Real=0.03s
[2025-01-09T00:52:08.759+0000][188799.125s][info][gc,start    ] GC(6792) Pause Young (Mixed) (G1 Evacuation Pause)
[2025-01-09T00:52:08.759+0000][188799.125s][info][gc,task     ] GC(6792) Using 6 workers of 6 for evacuation
[2025-01-09T00:52:08.826+0000][188799.192s][info][gc,phases   ] GC(6792)   Pre Evacuate Collection Set: 0.2ms
[2025-01-09T00:52:08.826+0000][188799.193s][info][gc,phases   ] GC(6792)   Merge Heap Roots: 0.6ms
[2025-01-09T00:52:08.826+0000][188799.193s][info][gc,phases   ] GC(6792)   Evacuate Collection Set: 65.1ms
[2025-01-09T00:52:08.826+0000][188799.193s][info][gc,phases   ] GC(6792)   Post Evacuate Collection Set: 1.8ms
[2025-01-09T00:52:08.826+0000][188799.193s][info][gc,phases   ] GC(6792)   Other: 0.2ms
[2025-01-09T00:52:08.826+0000][188799.193s][info][gc,heap     ] GC(6792) Eden regions: 67->0(914)
[2025-01-09T00:52:08.826+0000][188799.193s][info][gc,heap     ] GC(6792) Survivor regions: 9->7(10)
[2025-01-09T00:52:08.826+0000][188799.193s][info][gc,heap     ] GC(6792) Old regions: 234->234
[2025-01-09T00:52:08.826+0000][188799.193s][info][gc,heap     ] GC(6792) Archive regions: 2->2
[2025-01-09T00:52:08.826+0000][188799.193s][info][gc,heap     ] GC(6792) Humongous regions: 49->49
[2025-01-09T00:52:08.826+0000][188799.193s][info][gc,metaspace] GC(6792) Metaspace: 524688K(534080K)->524688K(534080K) NonClass: 460752K(465344K)->460752K(465344K) Class: 63935K(68736K)->63935K(68736K)
[2025-01-09T00:52:08.826+0000][188799.193s][info][gc          ] GC(6792) Pause Young (Mixed) (G1 Evacuation Pause) 2877M->2320M(12288M) 67.964ms
[2025-01-09T00:52:08.827+0000][188799.193s][info][gc,cpu      ] GC(6792) User=0.41s Sys=0.00s Real=0.07s
[2025-01-09T00:52:17.265+0000][188807.631s][info][gc,start    ] GC(6793) Pause Young (Normal) (G1 Evacuation Pause)
[2025-01-09T00:52:17.265+0000][188807.631s][info][gc,task     ] GC(6793) Using 6 workers of 6 for evacuation
[2025-01-09T00:52:17.296+0000][188807.663s][info][gc,phases   ] GC(6793)   Pre Evacuate Collection Set: 0.2ms
[2025-01-09T00:52:17.297+0000][188807.663s][info][gc,phases   ] GC(6793)   Merge Heap Roots: 0.4ms
[2025-01-09T00:52:17.297+0000][188807.663s][info][gc,phases   ] GC(6793)   Evacuate Collection Set: 25.1ms
[2025-01-09T00:52:17.297+0000][188807.663s][info][gc,phases   ] GC(6793)   Post Evacuate Collection Set: 5.3ms
[2025-01-09T00:52:17.297+0000][188807.663s][info][gc,phases   ] GC(6793)   Other: 0.2ms
[2025-01-09T00:52:17.297+0000][188807.663s][info][gc,heap     ] GC(6793) Eden regions: 914->0(912)
[2025-01-09T00:52:17.297+0000][188807.663s][info][gc,heap     ] GC(6793) Survivor regions: 7->9(116)
[2025-01-09T00:52:17.297+0000][188807.663s][info][gc,heap     ] GC(6793) Old regions: 234->234
[2025-01-09T00:52:17.297+0000][188807.663s][info][gc,heap     ] GC(6793) Archive regions: 2->2
[2025-01-09T00:52:17.297+0000][188807.663s][info][gc,heap     ] GC(6793) Humongous regions: 49->49
[2025-01-09T00:52:17.297+0000][188807.663s][info][gc,metaspace] GC(6793) Metaspace: 524688K(534080K)->524688K(534080K) NonClass: 460752K(465344K)->460752K(465344K) Class: 63935K(68736K)->63935K(68736K)
[2025-01-09T00:52:17.297+0000][188807.663s][info][gc          ] GC(6793) Pause Young (Normal) (G1 Evacuation Pause) 9632M->2334M(12288M) 31.342ms
[2025-01-09T00:52:17.297+0000][188807.663s][info][gc,cpu      ] GC(6793) User=0.18s Sys=0.00s Real=0.03s
[2025-01-09T00:52:24.330+0000][188814.696s][info][gc,start    ] GC(6794) Pause Young (Normal) (G1 Evacuation Pause)
[2025-01-09T00:52:24.330+0000][188814.696s][info][gc,task     ] GC(6794) Using 6 workers of 6 for evacuation
[2025-01-09T00:52:24.362+0000][188814.728s][info][gc,phases   ] GC(6794)   Pre Evacuate Collection Set: 0.2ms
[2025-01-09T00:52:24.362+0000][188814.728s][info][gc,phases   ] GC(6794)   Merge Heap Roots: 0.4ms
[2025-01-09T00:52:24.362+0000][188814.728s][info][gc,phases   ] GC(6794)   Evacuate Collection Set: 28.5ms
[2025-01-09T00:52:24.362+0000][188814.728s][info][gc,phases   ] GC(6794)   Post Evacuate Collection Set: 2.4ms
[2025-01-09T00:52:24.362+0000][188814.728s][info][gc,phases   ] GC(6794)   Other: 0.3ms
[2025-01-09T00:52:24.362+0000][188814.728s][info][gc,heap     ] GC(6794) Eden regions: 912->0(912)
[2025-01-09T00:52:24.362+0000][188814.728s][info][gc,heap     ] GC(6794) Survivor regions: 9->9(116)
[2025-01-09T00:52:24.362+0000][188814.728s][info][gc,heap     ] GC(6794) Old regions: 234->234
[2025-01-09T00:52:24.362+0000][188814.728s][info][gc,heap     ] GC(6794) Archive regions: 2->2
[2025-01-09T00:52:24.362+0000][188814.728s][info][gc,heap     ] GC(6794) Humongous regions: 49->49
[2025-01-09T00:52:24.362+0000][188814.728s][info][gc,metaspace] GC(6794) Metaspace: 524688K(534080K)->524688K(534080K) NonClass: 460752K(465344K)->460752K(465344K) Class: 63935K(68736K)->63935K(68736K)
[2025-01-09T00:52:24.362+0000][188814.728s][info][gc          ] GC(6794) Pause Young (Normal) (G1 Evacuation Pause) 9630M->2340M(12288M) 31.834ms
[2025-01-09T00:52:24.362+0000][188814.728s][info][gc,cpu      ] GC(6794) User=0.19s Sys=0.00s Real=0.03s
[2025-01-09T00:52:35.038+0000][188825.404s][info][gc,start    ] GC(6795) Pause Young (Concurrent Start) (G1 Evacuation Pause)
[2025-01-09T00:52:35.038+0000][188825.404s][info][gc,task     ] GC(6795) Using 6 workers of 6 for evacuation
[2025-01-09T00:52:35.077+0000][188825.443s][info][gc,phases   ] GC(6795)   Pre Evacuate Collection Set: 1.1ms
[2025-01-09T00:52:35.077+0000][188825.443s][info][gc,phases   ] GC(6795)   Merge Heap Roots: 0.5ms
[2025-01-09T00:52:35.077+0000][188825.443s][info][gc,phases   ] GC(6795)   Evacuate Collection Set: 32.9ms
[2025-01-09T00:52:35.077+0000][188825.443s][info][gc,phases   ] GC(6795)   Post Evacuate Collection Set: 4.1ms
[2025-01-09T00:52:35.077+0000][188825.443s][info][gc,phases   ] GC(6795)   Other: 0.3ms
[2025-01-09T00:52:35.077+0000][188825.443s][info][gc,heap     ] GC(6795) Eden regions: 912->0(910)
[2025-01-09T00:52:35.077+0000][188825.443s][info][gc,heap     ] GC(6795) Survivor regions: 9->11(116)
[2025-01-09T00:52:35.077+0000][188825.443s][info][gc,heap     ] GC(6795) Old regions: 234->234
[2025-01-09T00:52:35.077+0000][188825.443s][info][gc,heap     ] GC(6795) Archive regions: 2->2
[2025-01-09T00:52:35.077+0000][188825.443s][info][gc,heap     ] GC(6795) Humongous regions: 49->49
[2025-01-09T00:52:35.077+0000][188825.443s][info][gc,metaspace] GC(6795) Metaspace: 524688K(534080K)->524688K(534080K) NonClass: 460752K(465344K)->460752K(465344K) Class: 63935K(68736K)->63935K(68736K)
[2025-01-09T00:52:35.077+0000][188825.443s][info][gc          ] GC(6795) Pause Young (Concurrent Start) (G1 Evacuation Pause) 9636M->2356M(12288M) 39.000ms
[2025-01-09T00:52:35.077+0000][188825.443s][info][gc,cpu      ] GC(6795) User=0.22s Sys=0.00s Real=0.04s
[2025-01-09T00:52:35.077+0000][188825.443s][info][gc          ] GC(6796) Concurrent Mark Cycle
[2025-01-09T00:52:35.077+0000][188825.443s][info][gc,marking  ] GC(6796) Concurrent Clear Claimed Marks
[2025-01-09T00:52:35.078+0000][188825.444s][info][gc,marking  ] GC(6796) Concurrent Clear Claimed Marks 1.007ms
[2025-01-09T00:52:35.078+0000][188825.444s][info][gc,marking  ] GC(6796) Concurrent Scan Root Regions
[2025-01-09T00:52:35.109+0000][188825.475s][info][gc,marking  ] GC(6796) Concurrent Scan Root Regions 30.507ms
[2025-01-09T00:52:35.109+0000][188825.475s][info][gc,marking  ] GC(6796) Concurrent Mark
[2025-01-09T00:52:35.109+0000][188825.475s][info][gc,marking  ] GC(6796) Concurrent Mark From Roots
[2025-01-09T00:52:35.109+0000][188825.475s][info][gc,task     ] GC(6796) Using 2 workers of 2 for marking
[2025-01-09T00:52:35.917+0000][188826.283s][info][gc,marking  ] GC(6796) Concurrent Mark From Roots 808.018ms
[2025-01-09T00:52:35.917+0000][188826.283s][info][gc,marking  ] GC(6796) Concurrent Preclean
[2025-01-09T00:52:35.920+0000][188826.286s][info][gc,marking  ] GC(6796) Concurrent Preclean 2.850ms
[2025-01-09T00:52:35.920+0000][188826.286s][info][gc,start    ] GC(6796) Pause Remark
[2025-01-09T00:52:35.948+0000][188826.314s][info][gc          ] GC(6796) Pause Remark 3124M->3124M(12288M) 28.185ms
[2025-01-09T00:52:35.948+0000][188826.314s][info][gc,cpu      ] GC(6796) User=0.17s Sys=0.00s Real=0.03s
[2025-01-09T00:52:35.948+0000][188826.314s][info][gc,marking  ] GC(6796) Concurrent Mark 839.544ms
[2025-01-09T00:52:35.948+0000][188826.314s][info][gc,marking  ] GC(6796) Concurrent Rebuild Remembered Sets
[2025-01-09T00:52:36.546+0000][188826.912s][info][gc,marking  ] GC(6796) Concurrent Rebuild Remembered Sets 598.016ms
[2025-01-09T00:52:36.546+0000][188826.912s][info][gc,start    ] GC(6796) Pause Cleanup
[2025-01-09T00:52:36.547+0000][188826.913s][info][gc          ] GC(6796) Pause Cleanup 3832M->3832M(12288M) 0.382ms
[2025-01-09T00:52:36.547+0000][188826.913s][info][gc,cpu      ] GC(6796) User=0.00s Sys=0.00s Real=0.00s
[2025-01-09T00:52:36.547+0000][188826.913s][info][gc,marking  ] GC(6796) Concurrent Cleanup for Next Mark
[2025-01-09T00:52:36.563+0000][188826.929s][info][gc,marking  ] GC(6796) Concurrent Cleanup for Next Mark 15.963ms
[2025-01-09T00:52:36.563+0000][188826.929s][info][gc          ] GC(6796) Concurrent Mark Cycle 1485.827ms
[2025-01-09T00:52:42.194+0000][188832.560s][info][gc,start    ] GC(6797) Pause Young (Prepare Mixed) (G1 Evacuation Pause)
[2025-01-09T00:52:42.194+0000][188832.560s][info][gc,task     ] GC(6797) Using 6 workers of 6 for evacuation
[2025-01-09T00:52:42.234+0000][188832.600s][info][gc,phases   ] GC(6797)   Pre Evacuate Collection Set: 0.2ms
[2025-01-09T00:52:42.234+0000][188832.600s][info][gc,phases   ] GC(6797)   Merge Heap Roots: 0.7ms
[2025-01-09T00:52:42.234+0000][188832.600s][info][gc,phases   ] GC(6797)   Evacuate Collection Set: 36.2ms
[2025-01-09T00:52:42.234+0000][188832.600s][info][gc,phases   ] GC(6797)   Post Evacuate Collection Set: 2.6ms
[2025-01-09T00:52:42.234+0000][188832.600s][info][gc,phases   ] GC(6797)   Other: 0.2ms
[2025-01-09T00:52:42.234+0000][188832.600s][info][gc,heap     ] GC(6797) Eden regions: 910->0(64)
[2025-01-09T00:52:42.234+0000][188832.600s][info][gc,heap     ] GC(6797) Survivor regions: 11->12(116)
[2025-01-09T00:52:42.234+0000][188832.600s][info][gc,heap     ] GC(6797) Old regions: 234->234
[2025-01-09T00:52:42.234+0000][188832.600s][info][gc,heap     ] GC(6797) Archive regions: 2->2
[2025-01-09T00:52:42.234+0000][188832.600s][info][gc,heap     ] GC(6797) Humongous regions: 49->49
[2025-01-09T00:52:42.234+0000][188832.600s][info][gc,metaspace] GC(6797) Metaspace: 524688K(534080K)->524688K(534080K) NonClass: 460752K(465344K)->460752K(465344K) Class: 63935K(68736K)->63935K(68736K)
[2025-01-09T00:52:42.234+0000][188832.600s][info][gc          ] GC(6797) Pause Young (Prepare Mixed) (G1 Evacuation Pause) 9636M->2357M(12288M) 40.099ms
[2025-01-09T00:52:42.234+0000][188832.600s][info][gc,cpu      ] GC(6797) User=0.23s Sys=0.00s Real=0.04s
[2025-01-09T00:52:42.869+0000][188833.235s][info][gc,start    ] GC(6798) Pause Young (Mixed) (G1 Evacuation Pause)
[2025-01-09T00:52:42.869+0000][188833.235s][info][gc,task     ] GC(6798) Using 6 workers of 6 for evacuation
[2025-01-09T00:52:42.937+0000][188833.303s][info][gc,phases   ] GC(6798)   Pre Evacuate Collection Set: 0.2ms
[2025-01-09T00:52:42.937+0000][188833.303s][info][gc,phases   ] GC(6798)   Merge Heap Roots: 0.8ms
[2025-01-09T00:52:42.937+0000][188833.303s][info][gc,phases   ] GC(6798)   Evacuate Collection Set: 65.4ms
[2025-01-09T00:52:42.937+0000][188833.303s][info][gc,phases   ] GC(6798)   Post Evacuate Collection Set: 1.8ms
[2025-01-09T00:52:42.937+0000][188833.303s][info][gc,phases   ] GC(6798)   Other: 0.2ms
[2025-01-09T00:52:42.937+0000][188833.303s][info][gc,heap     ] GC(6798) Eden regions: 64->0(916)
[2025-01-09T00:52:42.937+0000][188833.303s][info][gc,heap     ] GC(6798) Survivor regions: 12->5(10)
[2025-01-09T00:52:42.937+0000][188833.303s][info][gc,heap     ] GC(6798) Old regions: 234->235
[2025-01-09T00:52:42.937+0000][188833.303s][info][gc,heap     ] GC(6798) Archive regions: 2->2
[2025-01-09T00:52:42.937+0000][188833.303s][info][gc,heap     ] GC(6798) Humongous regions: 49->49
[2025-01-09T00:52:42.937+0000][188833.303s][info][gc,metaspace] GC(6798) Metaspace: 524688K(534080K)->524688K(534080K) NonClass: 460752K(465344K)->460752K(465344K) Class: 63935K(68736K)->63935K(68736K)
[2025-01-09T00:52:42.937+0000][188833.303s][info][gc          ] GC(6798) Pause Young (Mixed) (G1 Evacuation Pause) 2869M->2313M(12288M) 68.425ms
[2025-01-09T00:52:42.937+0000][188833.303s][info][gc,cpu      ] GC(6798) User=0.40s Sys=0.00s Real=0.07s
[2025-01-09T00:52:48.123+0000][188838.489s][info][gc,start    ] GC(6799) Pause Young (Normal) (G1 Evacuation Pause)
[2025-01-09T00:52:48.123+0000][188838.489s][info][gc,task     ] GC(6799) Using 6 workers of 6 for evacuation
[2025-01-09T00:52:48.148+0000][188838.514s][info][gc,phases   ] GC(6799)   Pre Evacuate Collection Set: 0.2ms
[2025-01-09T00:52:48.148+0000][188838.514s][info][gc,phases   ] GC(6799)   Merge Heap Roots: 0.4ms
[2025-01-09T00:52:48.148+0000][188838.514s][info][gc,phases   ] GC(6799)   Evacuate Collection Set: 22.0ms
[2025-01-09T00:52:48.148+0000][188838.514s][info][gc,phases   ] GC(6799)   Post Evacuate Collection Set: 2.3ms
[2025-01-09T00:52:48.148+0000][188838.514s][info][gc,phases   ] GC(6799)   Other: 0.2ms
[2025-01-09T00:52:48.148+0000][188838.514s][info][gc,heap     ] GC(6799) Eden regions: 916->0(915)
[2025-01-09T00:52:48.148+0000][188838.514s][info][gc,heap     ] GC(6799) Survivor regions: 5->6(116)
[2025-01-09T00:52:48.148+0000][188838.514s][info][gc,heap     ] GC(6799) Old regions: 235->235
[2025-01-09T00:52:48.148+0000][188838.514s][info][gc,heap     ] GC(6799) Archive regions: 2->2
[2025-01-09T00:52:48.148+0000][188838.514s][info][gc,heap     ] GC(6799) Humongous regions: 49->49
[2025-01-09T00:52:48.148+0000][188838.514s][info][gc,metaspace] GC(6799) Metaspace: 524688K(534080K)->524688K(534080K) NonClass: 460752K(465344K)->460752K(465344K) Class: 63935K(68736K)->63935K(68736K)
[2025-01-09T00:52:48.148+0000][188838.514s][info][gc          ] GC(6799) Pause Young (Normal) (G1 Evacuation Pause) 9641M->2322M(12288M) 25.290ms
[2025-01-09T00:52:48.148+0000][188838.514s][info][gc,cpu      ] GC(6799) User=0.15s Sys=0.00s Real=0.02s
[2025-01-09T00:52:59.512+0000][188849.878s][info][gc,start    ] GC(6800) Pause Young (Normal) (G1 Evacuation Pause)
[2025-01-09T00:52:59.512+0000][188849.878s][info][gc,task     ] GC(6800) Using 6 workers of 6 for evacuation
[2025-01-09T00:52:59.538+0000][188849.904s][info][gc,phases   ] GC(6800)   Pre Evacuate Collection Set: 0.2ms
[2025-01-09T00:52:59.538+0000][188849.904s][info][gc,phases   ] GC(6800)   Merge Heap Roots: 0.4ms
[2025-01-09T00:52:59.538+0000][188849.904s][info][gc,phases   ] GC(6800)   Evacuate Collection Set: 22.7ms
[2025-01-09T00:52:59.538+0000][188849.904s][info][gc,phases   ] GC(6800)   Post Evacuate Collection Set: 2.7ms
[2025-01-09T00:52:59.538+0000][188849.904s][info][gc,phases   ] GC(6800)   Other: 0.2ms
[2025-01-09T00:52:59.538+0000][188849.904s][info][gc,heap     ] GC(6800) Eden regions: 915->0(914)
[2025-01-09T00:52:59.538+0000][188849.904s][info][gc,heap     ] GC(6800) Survivor regions: 6->7(116)
[2025-01-09T00:52:59.538+0000][188849.904s][info][gc,heap     ] GC(6800) Old regions: 235->235
[2025-01-09T00:52:59.538+0000][188849.904s][info][gc,heap     ] GC(6800) Archive regions: 2->2
[2025-01-09T00:52:59.538+0000][188849.904s][info][gc,heap     ] GC(6800) Humongous regions: 49->49
[2025-01-09T00:52:59.538+0000][188849.904s][info][gc,metaspace] GC(6800) Metaspace: 524688K(534080K)->524688K(534080K) NonClass: 460752K(465344K)->460752K(465344K) Class: 63935K(68736K)->63935K(68736K)
[2025-01-09T00:52:59.538+0000][188849.904s][info][gc          ] GC(6800) Pause Young (Normal) (G1 Evacuation Pause) 9642M->2325M(12288M) 26.242ms
[2025-01-09T00:52:59.538+0000][188849.904s][info][gc,cpu      ] GC(6800) User=0.16s Sys=0.00s Real=0.02s
[2025-01-09T00:53:08.722+0000][188859.088s][info][gc,start    ] GC(6801) Pause Young (Concurrent Start) (G1 Evacuation Pause)
[2025-01-09T00:53:08.722+0000][188859.088s][info][gc,task     ] GC(6801) Using 6 workers of 6 for evacuation
[2025-01-09T00:53:08.755+0000][188859.121s][info][gc,phases   ] GC(6801)   Pre Evacuate Collection Set: 1.1ms
[2025-01-09T00:53:08.755+0000][188859.121s][info][gc,phases   ] GC(6801)   Merge Heap Roots: 0.4ms
[2025-01-09T00:53:08.755+0000][188859.121s][info][gc,phases   ] GC(6801)   Evacuate Collection Set: 28.1ms
[2025-01-09T00:53:08.755+0000][188859.121s][info][gc,phases   ] GC(6801)   Post Evacuate Collection Set: 2.6ms
[2025-01-09T00:53:08.755+0000][188859.121s][info][gc,phases   ] GC(6801)   Other: 0.3ms
[2025-01-09T00:53:08.755+0000][188859.121s][info][gc,heap     ] GC(6801) Eden regions: 914->0(913)
[2025-01-09T00:53:08.755+0000][188859.121s][info][gc,heap     ] GC(6801) Survivor regions: 7->8(116)
[2025-01-09T00:53:08.755+0000][188859.121s][info][gc,heap     ] GC(6801) Old regions: 235->235
[2025-01-09T00:53:08.755+0000][188859.121s][info][gc,heap     ] GC(6801) Archive regions: 2->2
[2025-01-09T00:53:08.755+0000][188859.121s][info][gc,heap     ] GC(6801) Humongous regions: 49->49
[2025-01-09T00:53:08.755+0000][188859.121s][info][gc,metaspace] GC(6801) Metaspace: 524688K(534080K)->524688K(534080K) NonClass: 460752K(465344K)->460752K(465344K) Class: 63935K(68736K)->63935K(68736K)
[2025-01-09T00:53:08.755+0000][188859.121s][info][gc          ] GC(6801) Pause Young (Concurrent Start) (G1 Evacuation Pause) 9637M->2338M(12288M) 32.640ms
[2025-01-09T00:53:08.755+0000][188859.121s][info][gc,cpu      ] GC(6801) User=0.19s Sys=0.00s Real=0.03s
[2025-01-09T00:53:08.755+0000][188859.121s][info][gc          ] GC(6802) Concurrent Mark Cycle
[2025-01-09T00:53:08.755+0000][188859.121s][info][gc,marking  ] GC(6802) Concurrent Clear Claimed Marks
[2025-01-09T00:53:08.756+0000][188859.122s][info][gc,marking  ] GC(6802) Concurrent Clear Claimed Marks 0.996ms
[2025-01-09T00:53:08.756+0000][188859.122s][info][gc,marking  ] GC(6802) Concurrent Scan Root Regions
[2025-01-09T00:53:08.782+0000][188859.148s][info][gc,marking  ] GC(6802) Concurrent Scan Root Regions 26.355ms
[2025-01-09T00:53:08.782+0000][188859.148s][info][gc,marking  ] GC(6802) Concurrent Mark
[2025-01-09T00:53:08.782+0000][188859.148s][info][gc,marking  ] GC(6802) Concurrent Mark From Roots
[2025-01-09T00:53:08.782+0000][188859.148s][info][gc,task     ] GC(6802) Using 2 workers of 2 for marking
[2025-01-09T00:53:09.744+0000][188860.110s][info][gc,marking  ] GC(6802) Concurrent Mark From Roots 961.821ms
[2025-01-09T00:53:09.744+0000][188860.110s][info][gc,marking  ] GC(6802) Concurrent Preclean
[2025-01-09T00:53:09.747+0000][188860.113s][info][gc,marking  ] GC(6802) Concurrent Preclean 2.756ms
[2025-01-09T00:53:09.747+0000][188860.113s][info][gc,start    ] GC(6802) Pause Remark
[2025-01-09T00:53:09.773+0000][188860.139s][info][gc          ] GC(6802) Pause Remark 3598M->3598M(12288M) 25.665ms
[2025-01-09T00:53:09.773+0000][188860.139s][info][gc,cpu      ] GC(6802) User=0.15s Sys=0.00s Real=0.03s
[2025-01-09T00:53:09.773+0000][188860.139s][info][gc,marking  ] GC(6802) Concurrent Mark 990.640ms
[2025-01-09T00:53:09.773+0000][188860.139s][info][gc,marking  ] GC(6802) Concurrent Rebuild Remembered Sets
[2025-01-09T00:53:10.317+0000][188860.683s][info][gc,marking  ] GC(6802) Concurrent Rebuild Remembered Sets 544.213ms
[2025-01-09T00:53:10.317+0000][188860.683s][info][gc,start    ] GC(6802) Pause Cleanup
[2025-01-09T00:53:10.318+0000][188860.684s][info][gc          ] GC(6802) Pause Cleanup 4232M->4232M(12288M) 0.454ms
[2025-01-09T00:53:10.318+0000][188860.684s][info][gc,cpu      ] GC(6802) User=0.00s Sys=0.00s Real=0.00s
[2025-01-09T00:53:10.318+0000][188860.684s][info][gc,marking  ] GC(6802) Concurrent Cleanup for Next Mark
[2025-01-09T00:53:10.333+0000][188860.699s][info][gc,marking  ] GC(6802) Concurrent Cleanup for Next Mark 15.405ms
[2025-01-09T00:53:10.333+0000][188860.699s][info][gc          ] GC(6802) Concurrent Mark Cycle 1578.418ms
[2025-01-09T00:53:17.867+0000][188868.233s][info][gc,start    ] GC(6803) Pause Young (Prepare Mixed) (G1 Evacuation Pause)
[2025-01-09T00:53:17.867+0000][188868.233s][info][gc,task     ] GC(6803) Using 6 workers of 6 for evacuation
[2025-01-09T00:53:17.905+0000][188868.271s][info][gc,phases   ] GC(6803)   Pre Evacuate Collection Set: 0.2ms
[2025-01-09T00:53:17.905+0000][188868.271s][info][gc,phases   ] GC(6803)   Merge Heap Roots: 0.7ms
[2025-01-09T00:53:17.905+0000][188868.271s][info][gc,phases   ] GC(6803)   Evacuate Collection Set: 31.7ms
[2025-01-09T00:53:17.905+0000][188868.271s][info][gc,phases   ] GC(6803)   Post Evacuate Collection Set: 5.4ms
[2025-01-09T00:53:17.905+0000][188868.271s][info][gc,phases   ] GC(6803)   Other: 0.2ms
[2025-01-09T00:53:17.905+0000][188868.271s][info][gc,heap     ] GC(6803) Eden regions: 913->0(65)
[2025-01-09T00:53:17.905+0000][188868.271s][info][gc,heap     ] GC(6803) Survivor regions: 8->11(116)
[2025-01-09T00:53:17.905+0000][188868.271s][info][gc,heap     ] GC(6803) Old regions: 235->235
[2025-01-09T00:53:17.905+0000][188868.271s][info][gc,heap     ] GC(6803) Archive regions: 2->2
[2025-01-09T00:53:17.905+0000][188868.271s][info][gc,heap     ] GC(6803) Humongous regions: 49->49
[2025-01-09T00:53:17.905+0000][188868.271s][info][gc,metaspace] GC(6803) Metaspace: 524688K(534080K)->524688K(534080K) NonClass: 460752K(465344K)->460752K(465344K) Class: 63935K(68736K)->63935K(68736K)
[2025-01-09T00:53:17.905+0000][188868.271s][info][gc          ] GC(6803) Pause Young (Prepare Mixed) (G1 Evacuation Pause) 9642M->2358M(12288M) 38.276ms
[2025-01-09T00:53:17.905+0000][188868.271s][info][gc,cpu      ] GC(6803) User=0.22s Sys=0.00s Real=0.04s
[2025-01-09T00:53:18.296+0000][188868.662s][info][gc,start    ] GC(6804) Pause Young (Mixed) (G1 Evacuation Pause)
[2025-01-09T00:53:18.296+0000][188868.662s][info][gc,task     ] GC(6804) Using 6 workers of 6 for evacuation
[2025-01-09T00:53:18.347+0000][188868.713s][info][gc,phases   ] GC(6804)   Pre Evacuate Collection Set: 0.2ms
[2025-01-09T00:53:18.347+0000][188868.713s][info][gc,phases   ] GC(6804)   Merge Heap Roots: 0.5ms
[2025-01-09T00:53:18.347+0000][188868.713s][info][gc,phases   ] GC(6804)   Evacuate Collection Set: 48.2ms
[2025-01-09T00:53:18.347+0000][188868.713s][info][gc,phases   ] GC(6804)   Post Evacuate Collection Set: 1.6ms
[2025-01-09T00:53:18.347+0000][188868.713s][info][gc,phases   ] GC(6804)   Other: 0.2ms
[2025-01-09T00:53:18.347+0000][188868.713s][info][gc,heap     ] GC(6804) Eden regions: 65->0(917)
[2025-01-09T00:53:18.347+0000][188868.713s][info][gc,heap     ] GC(6804) Survivor regions: 11->4(10)
[2025-01-09T00:53:18.347+0000][188868.713s][info][gc,heap     ] GC(6804) Old regions: 235->233
[2025-01-09T00:53:18.347+0000][188868.713s][info][gc,heap     ] GC(6804) Archive regions: 2->2
[2025-01-09T00:53:18.347+0000][188868.713s][info][gc,heap     ] GC(6804) Humongous regions: 49->49
[2025-01-09T00:53:18.347+0000][188868.713s][info][gc,metaspace] GC(6804) Metaspace: 524688K(534080K)->524688K(534080K) NonClass: 460752K(465344K)->460752K(465344K) Class: 63935K(68736K)->63935K(68736K)
[2025-01-09T00:53:18.347+0000][188868.713s][info][gc          ] GC(6804) Pause Young (Mixed) (G1 Evacuation Pause) 2878M->2288M(12288M) 50.662ms
[2025-01-09T00:53:18.347+0000][188868.713s][info][gc,cpu      ] GC(6804) User=0.29s Sys=0.00s Real=0.05s
[2025-01-09T00:53:28.021+0000][188878.387s][info][gc,start    ] GC(6805) Pause Young (Normal) (G1 Evacuation Pause)
[2025-01-09T00:53:28.021+0000][188878.387s][info][gc,task     ] GC(6805) Using 6 workers of 6 for evacuation
[2025-01-09T00:53:28.045+0000][188878.411s][info][gc,phases   ] GC(6805)   Pre Evacuate Collection Set: 0.2ms
[2025-01-09T00:53:28.045+0000][188878.411s][info][gc,phases   ] GC(6805)   Merge Heap Roots: 0.4ms
[2025-01-09T00:53:28.045+0000][188878.411s][info][gc,phases   ] GC(6805)   Evacuate Collection Set: 19.1ms
[2025-01-09T00:53:28.045+0000][188878.411s][info][gc,phases   ] GC(6805)   Post Evacuate Collection Set: 3.9ms
[2025-01-09T00:53:28.045+0000][188878.411s][info][gc,phases   ] GC(6805)   Other: 0.2ms
[2025-01-09T00:53:28.045+0000][188878.411s][info][gc,heap     ] GC(6805) Eden regions: 917->0(916)
[2025-01-09T00:53:28.045+0000][188878.411s][info][gc,heap     ] GC(6805) Survivor regions: 4->5(116)
[2025-01-09T00:53:28.045+0000][188878.411s][info][gc,heap     ] GC(6805) Old regions: 233->233
[2025-01-09T00:53:28.045+0000][188878.411s][info][gc,heap     ] GC(6805) Archive regions: 2->2
[2025-01-09T00:53:28.045+0000][188878.411s][info][gc,heap     ] GC(6805) Humongous regions: 49->49
[2025-01-09T00:53:28.045+0000][188878.411s][info][gc,metaspace] GC(6805) Metaspace: 524688K(534080K)->524688K(534080K) NonClass: 460752K(465344K)->460752K(465344K) Class: 63935K(68736K)->63935K(68736K)
[2025-01-09T00:53:28.045+0000][188878.411s][info][gc          ] GC(6805) Pause Young (Normal) (G1 Evacuation Pause) 9624M->2296M(12288M) 23.864ms
[2025-01-09T00:53:28.045+0000][188878.411s][info][gc,cpu      ] GC(6805) User=0.14s Sys=0.00s Real=0.03s
[2025-01-09T00:53:36.031+0000][188886.397s][info][gc,start    ] GC(6806) Pause Young (Normal) (G1 Evacuation Pause)
[2025-01-09T00:53:36.031+0000][188886.397s][info][gc,task     ] GC(6806) Using 6 workers of 6 for evacuation
[2025-01-09T00:53:36.057+0000][188886.423s][info][gc,phases   ] GC(6806)   Pre Evacuate Collection Set: 0.2ms
[2025-01-09T00:53:36.057+0000][188886.423s][info][gc,phases   ] GC(6806)   Merge Heap Roots: 0.4ms
[2025-01-09T00:53:36.057+0000][188886.423s][info][gc,phases   ] GC(6806)   Evacuate Collection Set: 22.7ms
[2025-01-09T00:53:36.057+0000][188886.423s][info][gc,phases   ] GC(6806)   Post Evacuate Collection Set: 2.5ms
[2025-01-09T00:53:36.057+0000][188886.423s][info][gc,phases   ] GC(6806)   Other: 0.2ms
[2025-01-09T00:53:36.057+0000][188886.423s][info][gc,heap     ] GC(6806) Eden regions: 916->0(915)
[2025-01-09T00:53:36.057+0000][188886.423s][info][gc,heap     ] GC(6806) Survivor regions: 5->6(116)
[2025-01-09T00:53:36.057+0000][188886.423s][info][gc,heap     ] GC(6806) Old regions: 233->233
[2025-01-09T00:53:36.057+0000][188886.423s][info][gc,heap     ] GC(6806) Archive regions: 2->2
[2025-01-09T00:53:36.057+0000][188886.423s][info][gc,heap     ] GC(6806) Humongous regions: 49->49
[2025-01-09T00:53:36.057+0000][188886.423s][info][gc,metaspace] GC(6806) Metaspace: 524689K(534080K)->524689K(534080K) NonClass: 460753K(465344K)->460753K(465344K) Class: 63936K(68736K)->63936K(68736K)
[2025-01-09T00:53:36.057+0000][188886.423s][info][gc          ] GC(6806) Pause Young (Normal) (G1 Evacuation Pause) 9624M->2303M(12288M) 26.127ms
[2025-01-09T00:53:36.057+0000][188886.423s][info][gc,cpu      ] GC(6806) User=0.15s Sys=0.00s Real=0.02s
[2025-01-09T00:53:44.284+0000][188894.650s][info][gc,start    ] GC(6807) Pause Young (Concurrent Start) (G1 Evacuation Pause)
[2025-01-09T00:53:44.284+0000][188894.650s][info][gc,task     ] GC(6807) Using 6 workers of 6 for evacuation
[2025-01-09T00:53:44.311+0000][188894.677s][info][gc,phases   ] GC(6807)   Pre Evacuate Collection Set: 1.2ms
[2025-01-09T00:53:44.311+0000][188894.677s][info][gc,phases   ] GC(6807)   Merge Heap Roots: 0.4ms
[2025-01-09T00:53:44.311+0000][188894.677s][info][gc,phases   ] GC(6807)   Evacuate Collection Set: 22.6ms
[2025-01-09T00:53:44.311+0000][188894.677s][info][gc,phases   ] GC(6807)   Post Evacuate Collection Set: 2.4ms
[2025-01-09T00:53:44.311+0000][188894.677s][info][gc,phases   ] GC(6807)   Other: 0.3ms
[2025-01-09T00:53:44.311+0000][188894.677s][info][gc,heap     ] GC(6807) Eden regions: 915->0(915)
[2025-01-09T00:53:44.311+0000][188894.677s][info][gc,heap     ] GC(6807) Survivor regions: 6->6(116)
[2025-01-09T00:53:44.311+0000][188894.677s][info][gc,heap     ] GC(6807) Old regions: 233->233
[2025-01-09T00:53:44.311+0000][188894.677s][info][gc,heap     ] GC(6807) Archive regions: 2->2
[2025-01-09T00:53:44.311+0000][188894.677s][info][gc,heap     ] GC(6807) Humongous regions: 49->49
[2025-01-09T00:53:44.311+0000][188894.677s][info][gc,metaspace] GC(6807) Metaspace: 524689K(534080K)->524689K(534080K) NonClass: 460753K(465344K)->460753K(465344K) Class: 63936K(68736K)->63936K(68736K)
[2025-01-09T00:53:44.311+0000][188894.677s][info][gc          ] GC(6807) Pause Young (Concurrent Start) (G1 Evacuation Pause) 9623M->2304M(12288M) 26.962ms
[2025-01-09T00:53:44.311+0000][188894.677s][info][gc,cpu      ] GC(6807) User=0.16s Sys=0.00s Real=0.03s
[2025-01-09T00:53:44.311+0000][188894.677s][info][gc          ] GC(6808) Concurrent Mark Cycle
[2025-01-09T00:53:44.311+0000][188894.677s][info][gc,marking  ] GC(6808) Concurrent Clear Claimed Marks
[2025-01-09T00:53:44.312+0000][188894.678s][info][gc,marking  ] GC(6808) Concurrent Clear Claimed Marks 0.877ms
[2025-01-09T00:53:44.312+0000][188894.678s][info][gc,marking  ] GC(6808) Concurrent Scan Root Regions
[2025-01-09T00:53:44.328+0000][188894.694s][info][gc,marking  ] GC(6808) Concurrent Scan Root Regions 16.108ms
[2025-01-09T00:53:44.328+0000][188894.694s][info][gc,marking  ] GC(6808) Concurrent Mark
[2025-01-09T00:53:44.328+0000][188894.694s][info][gc,marking  ] GC(6808) Concurrent Mark From Roots
[2025-01-09T00:53:44.328+0000][188894.694s][info][gc,task     ] GC(6808) Using 2 workers of 2 for marking
[2025-01-09T00:53:45.277+0000][188895.643s][info][gc,marking  ] GC(6808) Concurrent Mark From Roots 949.036ms
[2025-01-09T00:53:45.277+0000][188895.643s][info][gc,marking  ] GC(6808) Concurrent Preclean
[2025-01-09T00:53:45.280+0000][188895.646s][info][gc,marking  ] GC(6808) Concurrent Preclean 2.819ms
[2025-01-09T00:53:45.280+0000][188895.646s][info][gc,start    ] GC(6808) Pause Remark
[2025-01-09T00:53:45.305+0000][188895.671s][info][gc          ] GC(6808) Pause Remark 3600M->3600M(12288M) 25.003ms
[2025-01-09T00:53:45.305+0000][188895.671s][info][gc,cpu      ] GC(6808) User=0.14s Sys=0.00s Real=0.03s
[2025-01-09T00:53:45.306+0000][188895.672s][info][gc,marking  ] GC(6808) Concurrent Mark 977.199ms
[2025-01-09T00:53:45.306+0000][188895.672s][info][gc,marking  ] GC(6808) Concurrent Rebuild Remembered Sets
[2025-01-09T00:53:45.851+0000][188896.217s][info][gc,marking  ] GC(6808) Concurrent Rebuild Remembered Sets 545.686ms
[2025-01-09T00:53:45.851+0000][188896.217s][info][gc,start    ] GC(6808) Pause Cleanup
[2025-01-09T00:53:45.852+0000][188896.218s][info][gc          ] GC(6808) Pause Cleanup 4144M->4144M(12288M) 0.425ms
[2025-01-09T00:53:45.852+0000][188896.218s][info][gc,cpu      ] GC(6808) User=0.00s Sys=0.00s Real=0.00s
[2025-01-09T00:53:45.852+0000][188896.218s][info][gc,marking  ] GC(6808) Concurrent Cleanup for Next Mark
[2025-01-09T00:53:45.867+0000][188896.233s][info][gc,marking  ] GC(6808) Concurrent Cleanup for Next Mark 15.280ms
[2025-01-09T00:53:45.867+0000][188896.233s][info][gc          ] GC(6808) Concurrent Mark Cycle 1555.977ms
[2025-01-09T00:53:51.483+0000][188901.849s][info][gc,start    ] GC(6809) Pause Young (Prepare Mixed) (G1 Evacuation Pause)
[2025-01-09T00:53:51.483+0000][188901.849s][info][gc,task     ] GC(6809) Using 6 workers of 6 for evacuation
[2025-01-09T00:53:51.514+0000][188901.880s][info][gc,phases   ] GC(6809)   Pre Evacuate Collection Set: 0.2ms
[2025-01-09T00:53:51.514+0000][188901.880s][info][gc,phases   ] GC(6809)   Merge Heap Roots: 0.7ms
[2025-01-09T00:53:51.514+0000][188901.880s][info][gc,phases   ] GC(6809)   Evacuate Collection Set: 27.2ms
[2025-01-09T00:53:51.514+0000][188901.880s][info][gc,phases   ] GC(6809)   Post Evacuate Collection Set: 2.6ms
[2025-01-09T00:53:51.514+0000][188901.880s][info][gc,phases   ] GC(6809)   Other: 0.2ms
[2025-01-09T00:53:51.514+0000][188901.880s][info][gc,heap     ] GC(6809) Eden regions: 915->0(69)
[2025-01-09T00:53:51.514+0000][188901.880s][info][gc,heap     ] GC(6809) Survivor regions: 6->7(116)
[2025-01-09T00:53:51.514+0000][188901.880s][info][gc,heap     ] GC(6809) Old regions: 233->233
[2025-01-09T00:53:51.514+0000][188901.880s][info][gc,heap     ] GC(6809) Archive regions: 2->2
[2025-01-09T00:53:51.514+0000][188901.880s][info][gc,heap     ] GC(6809) Humongous regions: 49->49
[2025-01-09T00:53:51.514+0000][188901.880s][info][gc,metaspace] GC(6809) Metaspace: 524689K(534080K)->524689K(534080K) NonClass: 460753K(465344K)->460753K(465344K) Class: 63936K(68736K)->63936K(68736K)
[2025-01-09T00:53:51.514+0000][188901.880s][info][gc          ] GC(6809) Pause Young (Prepare Mixed) (G1 Evacuation Pause) 9624M->2311M(12288M) 30.958ms
[2025-01-09T00:53:51.514+0000][188901.880s][info][gc,cpu      ] GC(6809) User=0.18s Sys=0.00s Real=0.03s
[2025-01-09T00:53:52.145+0000][188902.511s][info][gc,start    ] GC(6810) Pause Young (Mixed) (G1 Evacuation Pause)
[2025-01-09T00:53:52.145+0000][188902.511s][info][gc,task     ] GC(6810) Using 6 workers of 6 for evacuation
[2025-01-09T00:53:52.193+0000][188902.559s][info][gc,phases   ] GC(6810)   Pre Evacuate Collection Set: 0.2ms
[2025-01-09T00:53:52.193+0000][188902.559s][info][gc,phases   ] GC(6810)   Merge Heap Roots: 0.5ms
[2025-01-09T00:53:52.193+0000][188902.559s][info][gc,phases   ] GC(6810)   Evacuate Collection Set: 45.0ms
[2025-01-09T00:53:52.193+0000][188902.559s][info][gc,phases   ] GC(6810)   Post Evacuate Collection Set: 1.8ms
[2025-01-09T00:53:52.193+0000][188902.559s][info][gc,phases   ] GC(6810)   Other: 0.2ms
[2025-01-09T00:53:52.193+0000][188902.559s][info][gc,heap     ] GC(6810) Eden regions: 69->0(915)
[2025-01-09T00:53:52.193+0000][188902.559s][info][gc,heap     ] GC(6810) Survivor regions: 7->6(10)
[2025-01-09T00:53:52.193+0000][188902.559s][info][gc,heap     ] GC(6810) Old regions: 233->229
[2025-01-09T00:53:52.193+0000][188902.559s][info][gc,heap     ] GC(6810) Archive regions: 2->2
[2025-01-09T00:53:52.193+0000][188902.559s][info][gc,heap     ] GC(6810) Humongous regions: 49->49
[2025-01-09T00:53:52.193+0000][188902.559s][info][gc,metaspace] GC(6810) Metaspace: 524689K(534080K)->524689K(534080K) NonClass: 460753K(465344K)->460753K(465344K) Class: 63936K(68736K)->63936K(68736K)
[2025-01-09T00:53:52.193+0000][188902.559s][info][gc          ] GC(6810) Pause Young (Mixed) (G1 Evacuation Pause) 2863M->2272M(12288M) 47.700ms
[2025-01-09T00:53:52.193+0000][188902.559s][info][gc,cpu      ] GC(6810) User=0.28s Sys=0.00s Real=0.05s
[2025-01-09T00:54:06.085+0000][188916.451s][info][gc,start    ] GC(6811) Pause Young (Normal) (G1 Evacuation Pause)
[2025-01-09T00:54:06.085+0000][188916.451s][info][gc,task     ] GC(6811) Using 6 workers of 6 for evacuation
[2025-01-09T00:54:06.122+0000][188916.488s][info][gc,phases   ] GC(6811)   Pre Evacuate Collection Set: 0.2ms
[2025-01-09T00:54:06.122+0000][188916.488s][info][gc,phases   ] GC(6811)   Merge Heap Roots: 0.5ms
[2025-01-09T00:54:06.122+0000][188916.488s][info][gc,phases   ] GC(6811)   Evacuate Collection Set: 31.4ms
[2025-01-09T00:54:06.122+0000][188916.488s][info][gc,phases   ] GC(6811)   Post Evacuate Collection Set: 5.4ms
[2025-01-09T00:54:06.122+0000][188916.488s][info][gc,phases   ] GC(6811)   Other: 0.2ms
[2025-01-09T00:54:06.122+0000][188916.488s][info][gc,heap     ] GC(6811) Eden regions: 915->0(911)
[2025-01-09T00:54:06.122+0000][188916.488s][info][gc,heap     ] GC(6811) Survivor regions: 6->10(116)
[2025-01-09T00:54:06.122+0000][188916.488s][info][gc,heap     ] GC(6811) Old regions: 229->229
[2025-01-09T00:54:06.122+0000][188916.488s][info][gc,heap     ] GC(6811) Archive regions: 2->2
[2025-01-09T00:54:06.122+0000][188916.488s][info][gc,heap     ] GC(6811) Humongous regions: 49->49
[2025-01-09T00:54:06.122+0000][188916.488s][info][gc,metaspace] GC(6811) Metaspace: 524689K(534080K)->524689K(534080K) NonClass: 460753K(465344K)->460753K(465344K) Class: 63936K(68736K)->63936K(68736K)
[2025-01-09T00:54:06.122+0000][188916.488s][info][gc          ] GC(6811) Pause Young (Normal) (G1 Evacuation Pause) 9592M->2305M(12288M) 37.801ms
[2025-01-09T00:54:06.122+0000][188916.489s][info][gc,cpu      ] GC(6811) User=0.22s Sys=0.00s Real=0.04s
[2025-01-09T00:54:13.479+0000][188923.845s][info][gc,start    ] GC(6812) Pause Young (Normal) (G1 Evacuation Pause)
[2025-01-09T00:54:13.479+0000][188923.845s][info][gc,task     ] GC(6812) Using 6 workers of 6 for evacuation
[2025-01-09T00:54:13.509+0000][188923.875s][info][gc,phases   ] GC(6812)   Pre Evacuate Collection Set: 0.2ms
[2025-01-09T00:54:13.509+0000][188923.875s][info][gc,phases   ] GC(6812)   Merge Heap Roots: 0.5ms
[2025-01-09T00:54:13.509+0000][188923.875s][info][gc,phases   ] GC(6812)   Evacuate Collection Set: 27.2ms
[2025-01-09T00:54:13.509+0000][188923.875s][info][gc,phases   ] GC(6812)   Post Evacuate Collection Set: 2.3ms
[2025-01-09T00:54:13.509+0000][188923.875s][info][gc,phases   ] GC(6812)   Other: 0.2ms
[2025-01-09T00:54:13.509+0000][188923.875s][info][gc,heap     ] GC(6812) Eden regions: 911->0(913)
[2025-01-09T00:54:13.509+0000][188923.875s][info][gc,heap     ] GC(6812) Survivor regions: 10->8(116)
[2025-01-09T00:54:13.509+0000][188923.875s][info][gc,heap     ] GC(6812) Old regions: 229->229
[2025-01-09T00:54:13.509+0000][188923.875s][info][gc,heap     ] GC(6812) Archive regions: 2->2
[2025-01-09T00:54:13.509+0000][188923.875s][info][gc,heap     ] GC(6812) Humongous regions: 49->49
[2025-01-09T00:54:13.509+0000][188923.875s][info][gc,metaspace] GC(6812) Metaspace: 524689K(534080K)->524689K(534080K) NonClass: 460753K(465344K)->460753K(465344K) Class: 63936K(68736K)->63936K(68736K)
[2025-01-09T00:54:13.509+0000][188923.875s][info][gc          ] GC(6812) Pause Young (Normal) (G1 Evacuation Pause) 9593M->2285M(12288M) 30.405ms
[2025-01-09T00:54:13.509+0000][188923.875s][info][gc,cpu      ] GC(6812) User=0.18s Sys=0.00s Real=0.03s
[2025-01-09T00:54:19.441+0000][188929.807s][info][gc,start    ] GC(6813) Pause Young (Concurrent Start) (G1 Evacuation Pause)
[2025-01-09T00:54:19.441+0000][188929.807s][info][gc,task     ] GC(6813) Using 6 workers of 6 for evacuation
[2025-01-09T00:54:19.476+0000][188929.842s][info][gc,phases   ] GC(6813)   Pre Evacuate Collection Set: 1.2ms
[2025-01-09T00:54:19.476+0000][188929.842s][info][gc,phases   ] GC(6813)   Merge Heap Roots: 0.5ms
[2025-01-09T00:54:19.476+0000][188929.842s][info][gc,phases   ] GC(6813)   Evacuate Collection Set: 30.8ms
[2025-01-09T00:54:19.476+0000][188929.842s][info][gc,phases   ] GC(6813)   Post Evacuate Collection Set: 2.5ms
[2025-01-09T00:54:19.476+0000][188929.842s][info][gc,phases   ] GC(6813)   Other: 0.3ms
[2025-01-09T00:54:19.476+0000][188929.842s][info][gc,heap     ] GC(6813) Eden regions: 913->0(912)
[2025-01-09T00:54:19.476+0000][188929.842s][info][gc,heap     ] GC(6813) Survivor regions: 8->9(116)
[2025-01-09T00:54:19.476+0000][188929.842s][info][gc,heap     ] GC(6813) Old regions: 229->229
[2025-01-09T00:54:19.476+0000][188929.842s][info][gc,heap     ] GC(6813) Archive regions: 2->2
[2025-01-09T00:54:19.476+0000][188929.842s][info][gc,heap     ] GC(6813) Humongous regions: 49->49
[2025-01-09T00:54:19.476+0000][188929.842s][info][gc,metaspace] GC(6813) Metaspace: 524689K(534080K)->524689K(534080K) NonClass: 460753K(465344K)->460753K(465344K) Class: 63936K(68736K)->63936K(68736K)
[2025-01-09T00:54:19.476+0000][188929.842s][info][gc          ] GC(6813) Pause Young (Concurrent Start) (G1 Evacuation Pause) 9589M->2299M(12288M) 35.251ms
[2025-01-09T00:54:19.476+0000][188929.842s][info][gc,cpu      ] GC(6813) User=0.20s Sys=0.01s Real=0.04s
[2025-01-09T00:54:19.476+0000][188929.842s][info][gc          ] GC(6814) Concurrent Mark Cycle
[2025-01-09T00:54:19.476+0000][188929.842s][info][gc,marking  ] GC(6814) Concurrent Clear Claimed Marks
[2025-01-09T00:54:19.477+0000][188929.843s][info][gc,marking  ] GC(6814) Concurrent Clear Claimed Marks 0.884ms
[2025-01-09T00:54:19.477+0000][188929.843s][info][gc,marking  ] GC(6814) Concurrent Scan Root Regions
[2025-01-09T00:54:19.500+0000][188929.866s][info][gc,marking  ] GC(6814) Concurrent Scan Root Regions 22.957ms
[2025-01-09T00:54:19.500+0000][188929.866s][info][gc,marking  ] GC(6814) Concurrent Mark
[2025-01-09T00:54:19.500+0000][188929.866s][info][gc,marking  ] GC(6814) Concurrent Mark From Roots
[2025-01-09T00:54:19.500+0000][188929.866s][info][gc,task     ] GC(6814) Using 2 workers of 2 for marking
[2025-01-09T00:54:20.456+0000][188930.822s][info][gc,marking  ] GC(6814) Concurrent Mark From Roots 955.931ms
[2025-01-09T00:54:20.456+0000][188930.822s][info][gc,marking  ] GC(6814) Concurrent Preclean
[2025-01-09T00:54:20.459+0000][188930.826s][info][gc,marking  ] GC(6814) Concurrent Preclean 3.702ms
[2025-01-09T00:54:20.460+0000][188930.826s][info][gc,start    ] GC(6814) Pause Remark
[2025-01-09T00:54:20.485+0000][188930.851s][info][gc          ] GC(6814) Pause Remark 3499M->3499M(12288M) 25.717ms
[2025-01-09T00:54:20.485+0000][188930.851s][info][gc,cpu      ] GC(6814) User=0.15s Sys=0.00s Real=0.03s
[2025-01-09T00:54:20.485+0000][188930.852s][info][gc,marking  ] GC(6814) Concurrent Mark 985.717ms
[2025-01-09T00:54:20.485+0000][188930.852s][info][gc,marking  ] GC(6814) Concurrent Rebuild Remembered Sets
[2025-01-09T00:54:21.065+0000][188931.431s][info][gc,marking  ] GC(6814) Concurrent Rebuild Remembered Sets 579.378ms
[2025-01-09T00:54:21.065+0000][188931.431s][info][gc,start    ] GC(6814) Pause Cleanup
[2025-01-09T00:54:21.065+0000][188931.432s][info][gc          ] GC(6814) Pause Cleanup 4247M->4247M(12288M) 0.466ms
[2025-01-09T00:54:21.066+0000][188931.432s][info][gc,cpu      ] GC(6814) User=0.00s Sys=0.00s Real=0.00s
[2025-01-09T00:54:21.066+0000][188931.432s][info][gc,marking  ] GC(6814) Concurrent Cleanup for Next Mark
[2025-01-09T00:54:21.081+0000][188931.447s][info][gc,marking  ] GC(6814) Concurrent Cleanup for Next Mark 15.615ms
[2025-01-09T00:54:21.081+0000][188931.447s][info][gc          ] GC(6814) Concurrent Mark Cycle 1605.431ms
[2025-01-09T00:54:26.705+0000][188937.072s][info][gc,start    ] GC(6815) Pause Young (Prepare Mixed) (G1 Evacuation Pause)
[2025-01-09T00:54:26.706+0000][188937.072s][info][gc,task     ] GC(6815) Using 6 workers of 6 for evacuation
[2025-01-09T00:54:26.745+0000][188937.111s][info][gc,phases   ] GC(6815)   Pre Evacuate Collection Set: 0.2ms
[2025-01-09T00:54:26.745+0000][188937.111s][info][gc,phases   ] GC(6815)   Merge Heap Roots: 0.7ms
[2025-01-09T00:54:26.745+0000][188937.111s][info][gc,phases   ] GC(6815)   Evacuate Collection Set: 34.4ms
[2025-01-09T00:54:26.745+0000][188937.111s][info][gc,phases   ] GC(6815)   Post Evacuate Collection Set: 3.9ms
[2025-01-09T00:54:26.745+0000][188937.111s][info][gc,phases   ] GC(6815)   Other: 0.2ms
[2025-01-09T00:54:26.745+0000][188937.111s][info][gc,heap     ] GC(6815) Eden regions: 912->0(65)
[2025-01-09T00:54:26.745+0000][188937.111s][info][gc,heap     ] GC(6815) Survivor regions: 9->11(116)
[2025-01-09T00:54:26.745+0000][188937.111s][info][gc,heap     ] GC(6815) Old regions: 229->229
[2025-01-09T00:54:26.745+0000][188937.111s][info][gc,heap     ] GC(6815) Archive regions: 2->2
[2025-01-09T00:54:26.745+0000][188937.111s][info][gc,heap     ] GC(6815) Humongous regions: 49->49
[2025-01-09T00:54:26.745+0000][188937.111s][info][gc,metaspace] GC(6815) Metaspace: 524689K(534080K)->524689K(534080K) NonClass: 460753K(465344K)->460753K(465344K) Class: 63936K(68736K)->63936K(68736K)
[2025-01-09T00:54:26.745+0000][188937.111s][info][gc          ] GC(6815) Pause Young (Prepare Mixed) (G1 Evacuation Pause) 9595M->2311M(12288M) 39.570ms
[2025-01-09T00:54:26.745+0000][188937.111s][info][gc,cpu      ] GC(6815) User=0.22s Sys=0.00s Real=0.04s
[2025-01-09T00:54:27.102+0000][188937.468s][info][gc,start    ] GC(6816) Pause Young (Mixed) (G1 Evacuation Pause)
[2025-01-09T00:54:27.102+0000][188937.468s][info][gc,task     ] GC(6816) Using 6 workers of 6 for evacuation
[2025-01-09T00:54:27.174+0000][188937.540s][info][gc,phases   ] GC(6816)   Pre Evacuate Collection Set: 0.2ms
[2025-01-09T00:54:27.174+0000][188937.540s][info][gc,phases   ] GC(6816)   Merge Heap Roots: 0.6ms
[2025-01-09T00:54:27.174+0000][188937.540s][info][gc,phases   ] GC(6816)   Evacuate Collection Set: 69.5ms
[2025-01-09T00:54:27.174+0000][188937.540s][info][gc,phases   ] GC(6816)   Post Evacuate Collection Set: 1.8ms
[2025-01-09T00:54:27.174+0000][188937.540s][info][gc,phases   ] GC(6816)   Other: 0.2ms
[2025-01-09T00:54:27.174+0000][188937.540s][info][gc,heap     ] GC(6816) Eden regions: 65->0(916)
[2025-01-09T00:54:27.174+0000][188937.540s][info][gc,heap     ] GC(6816) Survivor regions: 11->5(10)
[2025-01-09T00:54:27.174+0000][188937.540s][info][gc,heap     ] GC(6816) Old regions: 229->230
[2025-01-09T00:54:27.174+0000][188937.540s][info][gc,heap     ] GC(6816) Archive regions: 2->2
[2025-01-09T00:54:27.174+0000][188937.540s][info][gc,heap     ] GC(6816) Humongous regions: 49->49
[2025-01-09T00:54:27.174+0000][188937.540s][info][gc,metaspace] GC(6816) Metaspace: 524689K(534080K)->524689K(534080K) NonClass: 460753K(465344K)->460753K(465344K) Class: 63936K(68736K)->63936K(68736K)
[2025-01-09T00:54:27.174+0000][188937.540s][info][gc          ] GC(6816) Pause Young (Mixed) (G1 Evacuation Pause) 2831M->2271M(12288M) 72.330ms
[2025-01-09T00:54:27.174+0000][188937.541s][info][gc,cpu      ] GC(6816) User=0.42s Sys=0.00s Real=0.07s
[2025-01-09T00:54:37.071+0000][188947.437s][info][gc,start    ] GC(6817) Pause Young (Normal) (G1 Evacuation Pause)
[2025-01-09T00:54:37.071+0000][188947.437s][info][gc,task     ] GC(6817) Using 6 workers of 6 for evacuation
[2025-01-09T00:54:37.096+0000][188947.462s][info][gc,phases   ] GC(6817)   Pre Evacuate Collection Set: 0.2ms
[2025-01-09T00:54:37.096+0000][188947.462s][info][gc,phases   ] GC(6817)   Merge Heap Roots: 0.4ms
[2025-01-09T00:54:37.096+0000][188947.462s][info][gc,phases   ] GC(6817)   Evacuate Collection Set: 21.7ms
[2025-01-09T00:54:37.096+0000][188947.462s][info][gc,phases   ] GC(6817)   Post Evacuate Collection Set: 2.5ms
[2025-01-09T00:54:37.096+0000][188947.462s][info][gc,phases   ] GC(6817)   Other: 0.2ms
[2025-01-09T00:54:37.096+0000][188947.462s][info][gc,heap     ] GC(6817) Eden regions: 916->0(915)
[2025-01-09T00:54:37.096+0000][188947.462s][info][gc,heap     ] GC(6817) Survivor regions: 5->6(116)
[2025-01-09T00:54:37.096+0000][188947.462s][info][gc,heap     ] GC(6817) Old regions: 230->230
[2025-01-09T00:54:37.096+0000][188947.462s][info][gc,heap     ] GC(6817) Archive regions: 2->2
[2025-01-09T00:54:37.096+0000][188947.462s][info][gc,heap     ] GC(6817) Humongous regions: 49->49
[2025-01-09T00:54:37.096+0000][188947.462s][info][gc,metaspace] GC(6817) Metaspace: 524689K(534080K)->524689K(534080K) NonClass: 460753K(465344K)->460753K(465344K) Class: 63936K(68736K)->63936K(68736K)
[2025-01-09T00:54:37.096+0000][188947.462s][info][gc          ] GC(6817) Pause Young (Normal) (G1 Evacuation Pause) 9599M->2276M(12288M) 25.128ms
[2025-01-09T00:54:37.096+0000][188947.462s][info][gc,cpu      ] GC(6817) User=0.14s Sys=0.00s Real=0.02s
[2025-01-09T00:54:45.284+0000][188955.650s][info][gc,start    ] GC(6818) Pause Young (Normal) (G1 Evacuation Pause)
[2025-01-09T00:54:45.284+0000][188955.650s][info][gc,task     ] GC(6818) Using 6 workers of 6 for evacuation
[2025-01-09T00:54:45.313+0000][188955.679s][info][gc,phases   ] GC(6818)   Pre Evacuate Collection Set: 0.2ms
[2025-01-09T00:54:45.313+0000][188955.679s][info][gc,phases   ] GC(6818)   Merge Heap Roots: 0.4ms
[2025-01-09T00:54:45.313+0000][188955.679s][info][gc,phases   ] GC(6818)   Evacuate Collection Set: 25.6ms
[2025-01-09T00:54:45.313+0000][188955.679s][info][gc,phases   ] GC(6818)   Post Evacuate Collection Set: 2.5ms
[2025-01-09T00:54:45.313+0000][188955.679s][info][gc,phases   ] GC(6818)   Other: 0.2ms
[2025-01-09T00:54:45.313+0000][188955.679s][info][gc,heap     ] GC(6818) Eden regions: 915->0(914)
[2025-01-09T00:54:45.313+0000][188955.679s][info][gc,heap     ] GC(6818) Survivor regions: 6->7(116)
[2025-01-09T00:54:45.313+0000][188955.679s][info][gc,heap     ] GC(6818) Old regions: 230->230
[2025-01-09T00:54:45.313+0000][188955.679s][info][gc,heap     ] GC(6818) Archive regions: 2->2
[2025-01-09T00:54:45.313+0000][188955.679s][info][gc,heap     ] GC(6818) Humongous regions: 49->49
[2025-01-09T00:54:45.313+0000][188955.679s][info][gc,metaspace] GC(6818) Metaspace: 524689K(534080K)->524689K(534080K) NonClass: 460753K(465344K)->460753K(465344K) Class: 63936K(68736K)->63936K(68736K)
[2025-01-09T00:54:45.313+0000][188955.679s][info][gc          ] GC(6818) Pause Young (Normal) (G1 Evacuation Pause) 9596M->2288M(12288M) 29.063ms
[2025-01-09T00:54:45.313+0000][188955.679s][info][gc,cpu      ] GC(6818) User=0.17s Sys=0.00s Real=0.03s
[2025-01-09T00:54:55.220+0000][188965.586s][info][gc,start    ] GC(6819) Pause Young (Concurrent Start) (G1 Evacuation Pause)
[2025-01-09T00:54:55.220+0000][188965.586s][info][gc,task     ] GC(6819) Using 6 workers of 6 for evacuation
[2025-01-09T00:54:55.252+0000][188965.618s][info][gc,phases   ] GC(6819)   Pre Evacuate Collection Set: 1.1ms
[2025-01-09T00:54:55.252+0000][188965.618s][info][gc,phases   ] GC(6819)   Merge Heap Roots: 0.5ms
[2025-01-09T00:54:55.252+0000][188965.618s][info][gc,phases   ] GC(6819)   Evacuate Collection Set: 27.6ms
[2025-01-09T00:54:55.252+0000][188965.618s][info][gc,phases   ] GC(6819)   Post Evacuate Collection Set: 2.8ms
[2025-01-09T00:54:55.252+0000][188965.618s][info][gc,phases   ] GC(6819)   Other: 0.3ms
[2025-01-09T00:54:55.252+0000][188965.618s][info][gc,heap     ] GC(6819) Eden regions: 914->0(913)
[2025-01-09T00:54:55.252+0000][188965.618s][info][gc,heap     ] GC(6819) Survivor regions: 7->8(116)
[2025-01-09T00:54:55.252+0000][188965.618s][info][gc,heap     ] GC(6819) Old regions: 230->230
[2025-01-09T00:54:55.252+0000][188965.618s][info][gc,heap     ] GC(6819) Archive regions: 2->2
[2025-01-09T00:54:55.252+0000][188965.618s][info][gc,heap     ] GC(6819) Humongous regions: 49->49
[2025-01-09T00:54:55.252+0000][188965.618s][info][gc,metaspace] GC(6819) Metaspace: 524689K(534080K)->524689K(534080K) NonClass: 460753K(465344K)->460753K(465344K) Class: 63936K(68736K)->63936K(68736K)
[2025-01-09T00:54:55.252+0000][188965.618s][info][gc          ] GC(6819) Pause Young (Concurrent Start) (G1 Evacuation Pause) 9600M->2296M(12288M) 32.280ms
[2025-01-09T00:54:55.252+0000][188965.618s][info][gc,cpu      ] GC(6819) User=0.18s Sys=0.00s Real=0.04s
[2025-01-09T00:54:55.252+0000][188965.618s][info][gc          ] GC(6820) Concurrent Mark Cycle
[2025-01-09T00:54:55.252+0000][188965.618s][info][gc,marking  ] GC(6820) Concurrent Clear Claimed Marks
[2025-01-09T00:54:55.253+0000][188965.619s][info][gc,marking  ] GC(6820) Concurrent Clear Claimed Marks 0.862ms
[2025-01-09T00:54:55.253+0000][188965.619s][info][gc,marking  ] GC(6820) Concurrent Scan Root Regions
[2025-01-09T00:54:55.279+0000][188965.645s][info][gc,marking  ] GC(6820) Concurrent Scan Root Regions 26.163ms
[2025-01-09T00:54:55.279+0000][188965.645s][info][gc,marking  ] GC(6820) Concurrent Mark
[2025-01-09T00:54:55.279+0000][188965.645s][info][gc,marking  ] GC(6820) Concurrent Mark From Roots
[2025-01-09T00:54:55.279+0000][188965.645s][info][gc,task     ] GC(6820) Using 2 workers of 2 for marking
[2025-01-09T00:54:56.113+0000][188966.479s][info][gc,marking  ] GC(6820) Concurrent Mark From Roots 834.221ms
[2025-01-09T00:54:56.113+0000][188966.479s][info][gc,marking  ] GC(6820) Concurrent Preclean
[2025-01-09T00:54:56.117+0000][188966.483s][info][gc,marking  ] GC(6820) Concurrent Preclean 3.683ms
[2025-01-09T00:54:56.117+0000][188966.483s][info][gc,start    ] GC(6820) Pause Remark
[2025-01-09T00:54:56.145+0000][188966.511s][info][gc          ] GC(6820) Pause Remark 3176M->3176M(12288M) 27.498ms
[2025-01-09T00:54:56.145+0000][188966.511s][info][gc,cpu      ] GC(6820) User=0.16s Sys=0.00s Real=0.03s
[2025-01-09T00:54:56.145+0000][188966.511s][info][gc,marking  ] GC(6820) Concurrent Mark 865.730ms
[2025-01-09T00:54:56.145+0000][188966.511s][info][gc,marking  ] GC(6820) Concurrent Rebuild Remembered Sets
[2025-01-09T00:54:56.694+0000][188967.060s][info][gc,marking  ] GC(6820) Concurrent Rebuild Remembered Sets 548.880ms
[2025-01-09T00:54:56.694+0000][188967.060s][info][gc,start    ] GC(6820) Pause Cleanup
[2025-01-09T00:54:56.694+0000][188967.060s][info][gc          ] GC(6820) Pause Cleanup 3736M->3736M(12288M) 0.419ms
[2025-01-09T00:54:56.694+0000][188967.060s][info][gc,cpu      ] GC(6820) User=0.00s Sys=0.00s Real=0.00s
[2025-01-09T00:54:56.694+0000][188967.060s][info][gc,marking  ] GC(6820) Concurrent Cleanup for Next Mark
[2025-01-09T00:54:56.711+0000][188967.077s][info][gc,marking  ] GC(6820) Concurrent Cleanup for Next Mark 16.464ms
[2025-01-09T00:54:56.711+0000][188967.077s][info][gc          ] GC(6820) Concurrent Mark Cycle 1458.888ms
[2025-01-09T00:55:01.663+0000][188972.029s][info][gc,start    ] GC(6821) Pause Young (Prepare Mixed) (G1 Evacuation Pause)
[2025-01-09T00:55:01.663+0000][188972.029s][info][gc,task     ] GC(6821) Using 6 workers of 6 for evacuation
[2025-01-09T00:55:01.700+0000][188972.066s][info][gc,phases   ] GC(6821)   Pre Evacuate Collection Set: 0.2ms
[2025-01-09T00:55:01.700+0000][188972.066s][info][gc,phases   ] GC(6821)   Merge Heap Roots: 0.7ms
[2025-01-09T00:55:01.700+0000][188972.066s][info][gc,phases   ] GC(6821)   Evacuate Collection Set: 30.8ms
[2025-01-09T00:55:01.700+0000][188972.066s][info][gc,phases   ] GC(6821)   Post Evacuate Collection Set: 5.1ms
[2025-01-09T00:55:01.700+0000][188972.066s][info][gc,phases   ] GC(6821)   Other: 0.2ms
[2025-01-09T00:55:01.700+0000][188972.066s][info][gc,heap     ] GC(6821) Eden regions: 913->0(66)
[2025-01-09T00:55:01.700+0000][188972.066s][info][gc,heap     ] GC(6821) Survivor regions: 8->10(116)
[2025-01-09T00:55:01.700+0000][188972.066s][info][gc,heap     ] GC(6821) Old regions: 230->230
[2025-01-09T00:55:01.700+0000][188972.066s][info][gc,heap     ] GC(6821) Archive regions: 2->2
[2025-01-09T00:55:01.700+0000][188972.066s][info][gc,heap     ] GC(6821) Humongous regions: 49->49
[2025-01-09T00:55:01.700+0000][188972.066s][info][gc,metaspace] GC(6821) Metaspace: 524690K(534080K)->524690K(534080K) NonClass: 460753K(465344K)->460753K(465344K) Class: 63936K(68736K)->63936K(68736K)
[2025-01-09T00:55:01.700+0000][188972.066s][info][gc          ] GC(6821) Pause Young (Prepare Mixed) (G1 Evacuation Pause) 9600M->2312M(12288M) 37.040ms
[2025-01-09T00:55:01.700+0000][188972.066s][info][gc,cpu      ] GC(6821) User=0.21s Sys=0.00s Real=0.03s
[2025-01-09T00:55:02.156+0000][188972.522s][info][gc,start    ] GC(6822) Pause Young (Mixed) (G1 Evacuation Pause)
[2025-01-09T00:55:02.156+0000][188972.522s][info][gc,task     ] GC(6822) Using 6 workers of 6 for evacuation
[2025-01-09T00:55:02.220+0000][188972.586s][info][gc,phases   ] GC(6822)   Pre Evacuate Collection Set: 0.2ms
[2025-01-09T00:55:02.220+0000][188972.586s][info][gc,phases   ] GC(6822)   Merge Heap Roots: 0.7ms
[2025-01-09T00:55:02.220+0000][188972.586s][info][gc,phases   ] GC(6822)   Evacuate Collection Set: 60.8ms
[2025-01-09T00:55:02.220+0000][188972.586s][info][gc,phases   ] GC(6822)   Post Evacuate Collection Set: 1.8ms
[2025-01-09T00:55:02.220+0000][188972.586s][info][gc,phases   ] GC(6822)   Other: 0.2ms
[2025-01-09T00:55:02.220+0000][188972.586s][info][gc,heap     ] GC(6822) Eden regions: 66->0(916)
[2025-01-09T00:55:02.220+0000][188972.586s][info][gc,heap     ] GC(6822) Survivor regions: 10->5(10)
[2025-01-09T00:55:02.220+0000][188972.586s][info][gc,heap     ] GC(6822) Old regions: 230->230
[2025-01-09T00:55:02.220+0000][188972.586s][info][gc,heap     ] GC(6822) Archive regions: 2->2
[2025-01-09T00:55:02.220+0000][188972.586s][info][gc,heap     ] GC(6822) Humongous regions: 49->49
[2025-01-09T00:55:02.220+0000][188972.586s][info][gc,metaspace] GC(6822) Metaspace: 524690K(534080K)->524690K(534080K) NonClass: 460753K(465344K)->460753K(465344K) Class: 63936K(68736K)->63936K(68736K)
[2025-01-09T00:55:02.220+0000][188972.586s][info][gc          ] GC(6822) Pause Young (Mixed) (G1 Evacuation Pause) 2840M->2270M(12288M) 63.749ms
[2025-01-09T00:55:02.220+0000][188972.586s][info][gc,cpu      ] GC(6822) User=0.37s Sys=0.00s Real=0.06s
[2025-01-09T00:55:08.238+0000][188978.604s][info][gc,start    ] GC(6823) Pause Young (Normal) (G1 Evacuation Pause)
[2025-01-09T00:55:08.238+0000][188978.604s][info][gc,task     ] GC(6823) Using 6 workers of 6 for evacuation
[2025-01-09T00:55:08.261+0000][188978.627s][info][gc,phases   ] GC(6823)   Pre Evacuate Collection Set: 0.2ms
[2025-01-09T00:55:08.261+0000][188978.627s][info][gc,phases   ] GC(6823)   Merge Heap Roots: 0.4ms
[2025-01-09T00:55:08.261+0000][188978.627s][info][gc,phases   ] GC(6823)   Evacuate Collection Set: 20.3ms
[2025-01-09T00:55:08.261+0000][188978.627s][info][gc,phases   ] GC(6823)   Post Evacuate Collection Set: 2.3ms
[2025-01-09T00:55:08.261+0000][188978.627s][info][gc,phases   ] GC(6823)   Other: 0.2ms
[2025-01-09T00:55:08.261+0000][188978.627s][info][gc,heap     ] GC(6823) Eden regions: 916->0(915)
[2025-01-09T00:55:08.261+0000][188978.627s][info][gc,heap     ] GC(6823) Survivor regions: 5->6(116)
[2025-01-09T00:55:08.261+0000][188978.627s][info][gc,heap     ] GC(6823) Old regions: 230->230
[2025-01-09T00:55:08.261+0000][188978.627s][info][gc,heap     ] GC(6823) Archive regions: 2->2
[2025-01-09T00:55:08.261+0000][188978.627s][info][gc,heap     ] GC(6823) Humongous regions: 49->49
[2025-01-09T00:55:08.261+0000][188978.627s][info][gc,metaspace] GC(6823) Metaspace: 524690K(534080K)->524690K(534080K) NonClass: 460753K(465344K)->460753K(465344K) Class: 63936K(68736K)->63936K(68736K)
[2025-01-09T00:55:08.261+0000][188978.627s][info][gc          ] GC(6823) Pause Young (Normal) (G1 Evacuation Pause) 9598M->2276M(12288M) 23.537ms
[2025-01-09T00:55:08.261+0000][188978.627s][info][gc,cpu      ] GC(6823) User=0.13s Sys=0.00s Real=0.02s
[2025-01-09T00:55:13.057+0000][188983.423s][info][gc,start    ] GC(6824) Pause Young (Normal) (G1 Evacuation Pause)
[2025-01-09T00:55:13.057+0000][188983.423s][info][gc,task     ] GC(6824) Using 6 workers of 6 for evacuation
[2025-01-09T00:55:13.081+0000][188983.447s][info][gc,phases   ] GC(6824)   Pre Evacuate Collection Set: 0.2ms
[2025-01-09T00:55:13.081+0000][188983.447s][info][gc,phases   ] GC(6824)   Merge Heap Roots: 0.4ms
[2025-01-09T00:55:13.081+0000][188983.447s][info][gc,phases   ] GC(6824)   Evacuate Collection Set: 20.7ms
[2025-01-09T00:55:13.081+0000][188983.447s][info][gc,phases   ] GC(6824)   Post Evacuate Collection Set: 2.4ms
[2025-01-09T00:55:13.081+0000][188983.447s][info][gc,phases   ] GC(6824)   Other: 0.2ms
[2025-01-09T00:55:13.081+0000][188983.447s][info][gc,heap     ] GC(6824) Eden regions: 915->0(915)
[2025-01-09T00:55:13.081+0000][188983.447s][info][gc,heap     ] GC(6824) Survivor regions: 6->6(116)
[2025-01-09T00:55:13.081+0000][188983.447s][info][gc,heap     ] GC(6824) Old regions: 230->230
[2025-01-09T00:55:13.081+0000][188983.447s][info][gc,heap     ] GC(6824) Archive regions: 2->2
[2025-01-09T00:55:13.081+0000][188983.447s][info][gc,heap     ] GC(6824) Humongous regions: 49->49
[2025-01-09T00:55:13.081+0000][188983.447s][info][gc,metaspace] GC(6824) Metaspace: 524690K(534080K)->524690K(534080K) NonClass: 460753K(465344K)->460753K(465344K) Class: 63936K(68736K)->63936K(68736K)
[2025-01-09T00:55:13.081+0000][188983.447s][info][gc          ] GC(6824) Pause Young (Normal) (G1 Evacuation Pause) 9596M->2281M(12288M) 24.026ms
[2025-01-09T00:55:13.081+0000][188983.447s][info][gc,cpu      ] GC(6824) User=0.14s Sys=0.00s Real=0.02s
[2025-01-09T00:55:18.642+0000][188989.008s][info][gc,start    ] GC(6825) Pause Young (Concurrent Start) (G1 Evacuation Pause)
[2025-01-09T00:55:18.642+0000][188989.008s][info][gc,task     ] GC(6825) Using 6 workers of 6 for evacuation
[2025-01-09T00:55:18.671+0000][188989.037s][info][gc,phases   ] GC(6825)   Pre Evacuate Collection Set: 1.2ms
[2025-01-09T00:55:18.671+0000][188989.037s][info][gc,phases   ] GC(6825)   Merge Heap Roots: 0.4ms
[2025-01-09T00:55:18.671+0000][188989.037s][info][gc,phases   ] GC(6825)   Evacuate Collection Set: 24.2ms
[2025-01-09T00:55:18.671+0000][188989.037s][info][gc,phases   ] GC(6825)   Post Evacuate Collection Set: 3.6ms
[2025-01-09T00:55:18.671+0000][188989.037s][info][gc,phases   ] GC(6825)   Other: 0.3ms
[2025-01-09T00:55:18.671+0000][188989.037s][info][gc,heap     ] GC(6825) Eden regions: 915->0(913)
[2025-01-09T00:55:18.671+0000][188989.037s][info][gc,heap     ] GC(6825) Survivor regions: 6->8(116)
[2025-01-09T00:55:18.671+0000][188989.037s][info][gc,heap     ] GC(6825) Old regions: 230->230
[2025-01-09T00:55:18.671+0000][188989.037s][info][gc,heap     ] GC(6825) Archive regions: 2->2
[2025-01-09T00:55:18.671+0000][188989.037s][info][gc,heap     ] GC(6825) Humongous regions: 49->49
[2025-01-09T00:55:18.671+0000][188989.037s][info][gc,metaspace] GC(6825) Metaspace: 524690K(534080K)->524690K(534080K) NonClass: 460753K(465344K)->460753K(465344K) Class: 63936K(68736K)->63936K(68736K)
[2025-01-09T00:55:18.671+0000][188989.038s][info][gc          ] GC(6825) Pause Young (Concurrent Start) (G1 Evacuation Pause) 9601M->2294M(12288M) 29.784ms
[2025-01-09T00:55:18.671+0000][188989.038s][info][gc,cpu      ] GC(6825) User=0.17s Sys=0.00s Real=0.03s
[2025-01-09T00:55:18.671+0000][188989.038s][info][gc          ] GC(6826) Concurrent Mark Cycle
[2025-01-09T00:55:18.672+0000][188989.038s][info][gc,marking  ] GC(6826) Concurrent Clear Claimed Marks
[2025-01-09T00:55:18.672+0000][188989.038s][info][gc,marking  ] GC(6826) Concurrent Clear Claimed Marks 0.878ms
[2025-01-09T00:55:18.672+0000][188989.038s][info][gc,marking  ] GC(6826) Concurrent Scan Root Regions
[2025-01-09T00:55:18.694+0000][188989.060s][info][gc,marking  ] GC(6826) Concurrent Scan Root Regions 21.568ms
[2025-01-09T00:55:18.694+0000][188989.060s][info][gc,marking  ] GC(6826) Concurrent Mark
[2025-01-09T00:55:18.694+0000][188989.060s][info][gc,marking  ] GC(6826) Concurrent Mark From Roots
[2025-01-09T00:55:18.694+0000][188989.060s][info][gc,task     ] GC(6826) Using 2 workers of 2 for marking
[2025-01-09T00:55:19.437+0000][188989.803s][info][gc,marking  ] GC(6826) Concurrent Mark From Roots 742.514ms
[2025-01-09T00:55:19.437+0000][188989.803s][info][gc,marking  ] GC(6826) Concurrent Preclean
[2025-01-09T00:55:19.440+0000][188989.806s][info][gc,marking  ] GC(6826) Concurrent Preclean 3.707ms
[2025-01-09T00:55:19.440+0000][188989.806s][info][gc,start    ] GC(6826) Pause Remark
[2025-01-09T00:55:19.466+0000][188989.832s][info][gc          ] GC(6826) Pause Remark 2898M->2898M(12288M) 25.550ms
[2025-01-09T00:55:19.466+0000][188989.832s][info][gc,cpu      ] GC(6826) User=0.15s Sys=0.00s Real=0.03s
[2025-01-09T00:55:19.466+0000][188989.832s][info][gc,marking  ] GC(6826) Concurrent Mark 772.089ms
[2025-01-09T00:55:19.466+0000][188989.832s][info][gc,marking  ] GC(6826) Concurrent Rebuild Remembered Sets
[2025-01-09T00:55:20.066+0000][188990.432s][info][gc,marking  ] GC(6826) Concurrent Rebuild Remembered Sets 599.908ms
[2025-01-09T00:55:20.066+0000][188990.432s][info][gc,start    ] GC(6826) Pause Cleanup
[2025-01-09T00:55:20.067+0000][188990.433s][info][gc          ] GC(6826) Pause Cleanup 3645M->3645M(12288M) 0.423ms
[2025-01-09T00:55:20.067+0000][188990.433s][info][gc,cpu      ] GC(6826) User=0.00s Sys=0.00s Real=0.00s
[2025-01-09T00:55:20.067+0000][188990.433s][info][gc,marking  ] GC(6826) Concurrent Cleanup for Next Mark
[2025-01-09T00:55:20.095+0000][188990.461s][info][gc,marking  ] GC(6826) Concurrent Cleanup for Next Mark 27.835ms
[2025-01-09T00:55:20.095+0000][188990.461s][info][gc          ] GC(6826) Concurrent Mark Cycle 1423.108ms
[2025-01-09T00:55:23.693+0000][188994.059s][info][gc,start    ] GC(6827) Pause Young (Prepare Mixed) (G1 Evacuation Pause)
[2025-01-09T00:55:23.693+0000][188994.059s][info][gc,task     ] GC(6827) Using 6 workers of 6 for evacuation
[2025-01-09T00:55:23.724+0000][188994.090s][info][gc,phases   ] GC(6827)   Pre Evacuate Collection Set: 0.2ms
[2025-01-09T00:55:23.724+0000][188994.090s][info][gc,phases   ] GC(6827)   Merge Heap Roots: 0.6ms
[2025-01-09T00:55:23.724+0000][188994.090s][info][gc,phases   ] GC(6827)   Evacuate Collection Set: 27.1ms
[2025-01-09T00:55:23.724+0000][188994.090s][info][gc,phases   ] GC(6827)   Post Evacuate Collection Set: 2.5ms
[2025-01-09T00:55:23.724+0000][188994.090s][info][gc,phases   ] GC(6827)   Other: 0.2ms
[2025-01-09T00:55:23.724+0000][188994.090s][info][gc,heap     ] GC(6827) Eden regions: 913->0(68)
[2025-01-09T00:55:23.724+0000][188994.090s][info][gc,heap     ] GC(6827) Survivor regions: 8->8(116)
[2025-01-09T00:55:23.724+0000][188994.090s][info][gc,heap     ] GC(6827) Old regions: 230->230
[2025-01-09T00:55:23.724+0000][188994.090s][info][gc,heap     ] GC(6827) Archive regions: 2->2
[2025-01-09T00:55:23.724+0000][188994.090s][info][gc,heap     ] GC(6827) Humongous regions: 49->49
[2025-01-09T00:55:23.724+0000][188994.090s][info][gc,metaspace] GC(6827) Metaspace: 524690K(534080K)->524690K(534080K) NonClass: 460753K(465344K)->460753K(465344K) Class: 63936K(68736K)->63936K(68736K)
[2025-01-09T00:55:23.724+0000][188994.090s][info][gc          ] GC(6827) Pause Young (Prepare Mixed) (G1 Evacuation Pause) 9598M->2297M(12288M) 30.753ms
[2025-01-09T00:55:23.724+0000][188994.090s][info][gc,cpu      ] GC(6827) User=0.17s Sys=0.01s Real=0.03s
[2025-01-09T00:55:23.953+0000][188994.319s][info][gc,start    ] GC(6828) Pause Young (Mixed) (G1 Evacuation Pause)
[2025-01-09T00:55:23.953+0000][188994.319s][info][gc,task     ] GC(6828) Using 6 workers of 6 for evacuation
[2025-01-09T00:55:24.020+0000][188994.386s][info][gc,phases   ] GC(6828)   Pre Evacuate Collection Set: 0.2ms
[2025-01-09T00:55:24.020+0000][188994.386s][info][gc,phases   ] GC(6828)   Merge Heap Roots: 0.7ms
[2025-01-09T00:55:24.020+0000][188994.386s][info][gc,phases   ] GC(6828)   Evacuate Collection Set: 64.0ms
[2025-01-09T00:55:24.020+0000][188994.386s][info][gc,phases   ] GC(6828)   Post Evacuate Collection Set: 1.8ms
[2025-01-09T00:55:24.020+0000][188994.386s][info][gc,phases   ] GC(6828)   Other: 0.2ms
[2025-01-09T00:55:24.020+0000][188994.386s][info][gc,heap     ] GC(6828) Eden regions: 68->0(914)
[2025-01-09T00:55:24.020+0000][188994.386s][info][gc,heap     ] GC(6828) Survivor regions: 8->7(10)
[2025-01-09T00:55:24.020+0000][188994.386s][info][gc,heap     ] GC(6828) Old regions: 230->228
[2025-01-09T00:55:24.020+0000][188994.386s][info][gc,heap     ] GC(6828) Archive regions: 2->2
[2025-01-09T00:55:24.020+0000][188994.386s][info][gc,heap     ] GC(6828) Humongous regions: 49->49
[2025-01-09T00:55:24.020+0000][188994.386s][info][gc,metaspace] GC(6828) Metaspace: 524690K(534080K)->524690K(534080K) NonClass: 460753K(465344K)->460753K(465344K) Class: 63936K(68736K)->63936K(68736K)
[2025-01-09T00:55:24.020+0000][188994.386s][info][gc          ] GC(6828) Pause Young (Mixed) (G1 Evacuation Pause) 2841M->2271M(12288M) 66.949ms
[2025-01-09T00:55:24.020+0000][188994.386s][info][gc,cpu      ] GC(6828) User=0.38s Sys=0.00s Real=0.06s
[2025-01-09T00:55:30.721+0000][189001.087s][info][gc,start    ] GC(6829) Pause Young (Normal) (G1 Evacuation Pause)
[2025-01-09T00:55:30.721+0000][189001.087s][info][gc,task     ] GC(6829) Using 6 workers of 6 for evacuation
[2025-01-09T00:55:30.747+0000][189001.113s][info][gc,phases   ] GC(6829)   Pre Evacuate Collection Set: 0.2ms
[2025-01-09T00:55:30.747+0000][189001.113s][info][gc,phases   ] GC(6829)   Merge Heap Roots: 0.4ms
[2025-01-09T00:55:30.747+0000][189001.113s][info][gc,phases   ] GC(6829)   Evacuate Collection Set: 22.2ms
[2025-01-09T00:55:30.747+0000][189001.113s][info][gc,phases   ] GC(6829)   Post Evacuate Collection Set: 2.5ms
[2025-01-09T00:55:30.747+0000][189001.113s][info][gc,phases   ] GC(6829)   Other: 0.2ms
[2025-01-09T00:55:30.747+0000][189001.113s][info][gc,heap     ] GC(6829) Eden regions: 914->0(914)
[2025-01-09T00:55:30.747+0000][189001.113s][info][gc,heap     ] GC(6829) Survivor regions: 7->7(116)
[2025-01-09T00:55:30.747+0000][189001.113s][info][gc,heap     ] GC(6829) Old regions: 228->228
[2025-01-09T00:55:30.747+0000][189001.113s][info][gc,heap     ] GC(6829) Archive regions: 2->2
[2025-01-09T00:55:30.747+0000][189001.113s][info][gc,heap     ] GC(6829) Humongous regions: 49->49
[2025-01-09T00:55:30.747+0000][189001.113s][info][gc,metaspace] GC(6829) Metaspace: 524690K(534080K)->524690K(534080K) NonClass: 460754K(465344K)->460754K(465344K) Class: 63936K(68736K)->63936K(68736K)
[2025-01-09T00:55:30.747+0000][189001.113s][info][gc          ] GC(6829) Pause Young (Normal) (G1 Evacuation Pause) 9583M->2269M(12288M) 25.621ms
[2025-01-09T00:55:30.747+0000][189001.113s][info][gc,cpu      ] GC(6829) User=0.15s Sys=0.00s Real=0.03s
[2025-01-09T00:55:37.919+0000][189008.285s][info][gc,start    ] GC(6830) Pause Young (Normal) (G1 Evacuation Pause)
[2025-01-09T00:55:37.919+0000][189008.285s][info][gc,task     ] GC(6830) Using 6 workers of 6 for evacuation
[2025-01-09T00:55:37.946+0000][189008.313s][info][gc,phases   ] GC(6830)   Pre Evacuate Collection Set: 0.2ms
[2025-01-09T00:55:37.946+0000][189008.313s][info][gc,phases   ] GC(6830)   Merge Heap Roots: 0.4ms
[2025-01-09T00:55:37.946+0000][189008.313s][info][gc,phases   ] GC(6830)   Evacuate Collection Set: 24.7ms
[2025-01-09T00:55:37.946+0000][189008.313s][info][gc,phases   ] GC(6830)   Post Evacuate Collection Set: 2.5ms
[2025-01-09T00:55:37.947+0000][189008.313s][info][gc,phases   ] GC(6830)   Other: 0.2ms
[2025-01-09T00:55:37.947+0000][189008.313s][info][gc,heap     ] GC(6830) Eden regions: 914->0(913)
[2025-01-09T00:55:37.947+0000][189008.313s][info][gc,heap     ] GC(6830) Survivor regions: 7->8(116)
[2025-01-09T00:55:37.947+0000][189008.313s][info][gc,heap     ] GC(6830) Old regions: 228->228
[2025-01-09T00:55:37.947+0000][189008.313s][info][gc,heap     ] GC(6830) Archive regions: 2->2
[2025-01-09T00:55:37.947+0000][189008.313s][info][gc,heap     ] GC(6830) Humongous regions: 49->49
[2025-01-09T00:55:37.947+0000][189008.313s][info][gc,metaspace] GC(6830) Metaspace: 524690K(534080K)->524690K(534080K) NonClass: 460754K(465344K)->460754K(465344K) Class: 63936K(68736K)->63936K(68736K)
[2025-01-09T00:55:37.947+0000][189008.313s][info][gc          ] GC(6830) Pause Young (Normal) (G1 Evacuation Pause) 9581M->2278M(12288M) 28.045ms
[2025-01-09T00:55:37.947+0000][189008.313s][info][gc,cpu      ] GC(6830) User=0.16s Sys=0.00s Real=0.03s
[2025-01-09T00:55:43.329+0000][189013.695s][info][gc,start    ] GC(6831) Pause Young (Concurrent Start) (G1 Evacuation Pause)
[2025-01-09T00:55:43.329+0000][189013.695s][info][gc,task     ] GC(6831) Using 6 workers of 6 for evacuation
[2025-01-09T00:55:43.359+0000][189013.725s][info][gc,phases   ] GC(6831)   Pre Evacuate Collection Set: 1.2ms
[2025-01-09T00:55:43.359+0000][189013.725s][info][gc,phases   ] GC(6831)   Merge Heap Roots: 0.4ms
[2025-01-09T00:55:43.359+0000][189013.725s][info][gc,phases   ] GC(6831)   Evacuate Collection Set: 25.9ms
[2025-01-09T00:55:43.359+0000][189013.725s][info][gc,phases   ] GC(6831)   Post Evacuate Collection Set: 2.4ms
[2025-01-09T00:55:43.359+0000][189013.725s][info][gc,phases   ] GC(6831)   Other: 0.3ms
[2025-01-09T00:55:43.359+0000][189013.725s][info][gc,heap     ] GC(6831) Eden regions: 913->0(912)
[2025-01-09T00:55:43.359+0000][189013.725s][info][gc,heap     ] GC(6831) Survivor regions: 8->9(116)
[2025-01-09T00:55:43.359+0000][189013.725s][info][gc,heap     ] GC(6831) Old regions: 228->228
[2025-01-09T00:55:43.359+0000][189013.726s][info][gc,heap     ] GC(6831) Archive regions: 2->2
[2025-01-09T00:55:43.359+0000][189013.726s][info][gc,heap     ] GC(6831) Humongous regions: 49->49
[2025-01-09T00:55:43.359+0000][189013.726s][info][gc,metaspace] GC(6831) Metaspace: 524690K(534080K)->524690K(534080K) NonClass: 460754K(465344K)->460754K(465344K) Class: 63936K(68736K)->63936K(68736K)
[2025-01-09T00:55:43.359+0000][189013.726s][info][gc          ] GC(6831) Pause Young (Concurrent Start) (G1 Evacuation Pause) 9582M->2283M(12288M) 30.283ms
[2025-01-09T00:55:43.359+0000][189013.726s][info][gc,cpu      ] GC(6831) User=0.17s Sys=0.00s Real=0.03s
[2025-01-09T00:55:43.360+0000][189013.726s][info][gc          ] GC(6832) Concurrent Mark Cycle
[2025-01-09T00:55:43.360+0000][189013.726s][info][gc,marking  ] GC(6832) Concurrent Clear Claimed Marks
[2025-01-09T00:55:43.360+0000][189013.727s][info][gc,marking  ] GC(6832) Concurrent Clear Claimed Marks 0.880ms
[2025-01-09T00:55:43.360+0000][189013.727s][info][gc,marking  ] GC(6832) Concurrent Scan Root Regions
[2025-01-09T00:55:43.381+0000][189013.747s][info][gc,marking  ] GC(6832) Concurrent Scan Root Regions 20.653ms
[2025-01-09T00:55:43.381+0000][189013.747s][info][gc,marking  ] GC(6832) Concurrent Mark
[2025-01-09T00:55:43.381+0000][189013.747s][info][gc,marking  ] GC(6832) Concurrent Mark From Roots
[2025-01-09T00:55:43.381+0000][189013.747s][info][gc,task     ] GC(6832) Using 2 workers of 2 for marking
[2025-01-09T00:55:44.272+0000][189014.638s][info][gc,marking  ] GC(6832) Concurrent Mark From Roots 891.071ms
[2025-01-09T00:55:44.272+0000][189014.638s][info][gc,marking  ] GC(6832) Concurrent Preclean
[2025-01-09T00:55:44.276+0000][189014.642s][info][gc,marking  ] GC(6832) Concurrent Preclean 3.479ms
[2025-01-09T00:55:44.276+0000][189014.642s][info][gc,start    ] GC(6832) Pause Remark
[2025-01-09T00:55:44.301+0000][189014.667s][info][gc          ] GC(6832) Pause Remark 3467M->3467M(12288M) 25.008ms
[2025-01-09T00:55:44.301+0000][189014.667s][info][gc,cpu      ] GC(6832) User=0.15s Sys=0.00s Real=0.02s
[2025-01-09T00:55:44.301+0000][189014.667s][info][gc,marking  ] GC(6832) Concurrent Mark 919.873ms
[2025-01-09T00:55:44.301+0000][189014.667s][info][gc,marking  ] GC(6832) Concurrent Rebuild Remembered Sets
[2025-01-09T00:55:44.846+0000][189015.212s][info][gc,marking  ] GC(6832) Concurrent Rebuild Remembered Sets 545.111ms
[2025-01-09T00:55:44.846+0000][189015.212s][info][gc,start    ] GC(6832) Pause Cleanup
[2025-01-09T00:55:44.847+0000][189015.213s][info][gc          ] GC(6832) Pause Cleanup 4292M->4292M(12288M) 0.376ms
[2025-01-09T00:55:44.847+0000][189015.213s][info][gc,cpu      ] GC(6832) User=0.01s Sys=0.00s Real=0.00s
[2025-01-09T00:55:44.847+0000][189015.213s][info][gc,marking  ] GC(6832) Concurrent Cleanup for Next Mark
[2025-01-09T00:55:44.868+0000][189015.234s][info][gc,marking  ] GC(6832) Concurrent Cleanup for Next Mark 21.504ms
[2025-01-09T00:55:44.868+0000][189015.234s][info][gc          ] GC(6832) Concurrent Mark Cycle 1508.850ms
[2025-01-09T00:55:48.087+0000][189018.453s][info][gc,start    ] GC(6833) Pause Young (Prepare Mixed) (G1 Evacuation Pause)
[2025-01-09T00:55:48.087+0000][189018.453s][info][gc,task     ] GC(6833) Using 6 workers of 6 for evacuation
[2025-01-09T00:55:48.120+0000][189018.486s][info][gc,phases   ] GC(6833)   Pre Evacuate Collection Set: 0.2ms
[2025-01-09T00:55:48.120+0000][189018.486s][info][gc,phases   ] GC(6833)   Merge Heap Roots: 0.7ms
[2025-01-09T00:55:48.120+0000][189018.486s][info][gc,phases   ] GC(6833)   Evacuate Collection Set: 30.0ms
[2025-01-09T00:55:48.120+0000][189018.486s][info][gc,phases   ] GC(6833)   Post Evacuate Collection Set: 2.5ms
[2025-01-09T00:55:48.120+0000][189018.486s][info][gc,phases   ] GC(6833)   Other: 0.2ms
[2025-01-09T00:55:48.120+0000][189018.486s][info][gc,heap     ] GC(6833) Eden regions: 912->0(66)
[2025-01-09T00:55:48.120+0000][189018.486s][info][gc,heap     ] GC(6833) Survivor regions: 9->10(116)
[2025-01-09T00:55:48.120+0000][189018.486s][info][gc,heap     ] GC(6833) Old regions: 228->228
[2025-01-09T00:55:48.120+0000][189018.486s][info][gc,heap     ] GC(6833) Archive regions: 2->2
[2025-01-09T00:55:48.120+0000][189018.486s][info][gc,heap     ] GC(6833) Humongous regions: 49->49
[2025-01-09T00:55:48.120+0000][189018.486s][info][gc,metaspace] GC(6833) Metaspace: 524690K(534080K)->524690K(534080K) NonClass: 460754K(465344K)->460754K(465344K) Class: 63936K(68736K)->63936K(68736K)
[2025-01-09T00:55:48.120+0000][189018.486s][info][gc          ] GC(6833) Pause Young (Prepare Mixed) (G1 Evacuation Pause) 9579M->2289M(12288M) 33.627ms
[2025-01-09T00:55:48.120+0000][189018.487s][info][gc,cpu      ] GC(6833) User=0.19s Sys=0.00s Real=0.03s
[2025-01-09T00:55:48.481+0000][189018.847s][info][gc,start    ] GC(6834) Pause Young (Mixed) (G1 Evacuation Pause)
[2025-01-09T00:55:48.481+0000][189018.847s][info][gc,task     ] GC(6834) Using 6 workers of 6 for evacuation
[2025-01-09T00:55:48.544+0000][189018.910s][info][gc,phases   ] GC(6834)   Pre Evacuate Collection Set: 0.2ms
[2025-01-09T00:55:48.544+0000][189018.910s][info][gc,phases   ] GC(6834)   Merge Heap Roots: 0.7ms
[2025-01-09T00:55:48.544+0000][189018.910s][info][gc,phases   ] GC(6834)   Evacuate Collection Set: 60.5ms
[2025-01-09T00:55:48.544+0000][189018.910s][info][gc,phases   ] GC(6834)   Post Evacuate Collection Set: 1.7ms
[2025-01-09T00:55:48.544+0000][189018.910s][info][gc,phases   ] GC(6834)   Other: 0.2ms
[2025-01-09T00:55:48.544+0000][189018.910s][info][gc,heap     ] GC(6834) Eden regions: 66->0(916)
[2025-01-09T00:55:48.544+0000][189018.910s][info][gc,heap     ] GC(6834) Survivor regions: 10->5(10)
[2025-01-09T00:55:48.544+0000][189018.910s][info][gc,heap     ] GC(6834) Old regions: 228->229
[2025-01-09T00:55:48.544+0000][189018.910s][info][gc,heap     ] GC(6834) Archive regions: 2->2
[2025-01-09T00:55:48.544+0000][189018.910s][info][gc,heap     ] GC(6834) Humongous regions: 49->49
[2025-01-09T00:55:48.544+0000][189018.910s][info][gc,metaspace] GC(6834) Metaspace: 524690K(534080K)->524690K(534080K) NonClass: 460754K(465344K)->460754K(465344K) Class: 63936K(68736K)->63936K(68736K)
[2025-01-09T00:55:48.544+0000][189018.910s][info][gc          ] GC(6834) Pause Young (Mixed) (G1 Evacuation Pause) 2817M->2265M(12288M) 63.307ms
[2025-01-09T00:55:48.544+0000][189018.910s][info][gc,cpu      ] GC(6834) User=0.36s Sys=0.00s Real=0.07s
[2025-01-09T00:55:53.304+0000][189023.671s][info][gc,start    ] GC(6835) Pause Young (Normal) (G1 Evacuation Pause)
[2025-01-09T00:55:53.304+0000][189023.671s][info][gc,task     ] GC(6835) Using 6 workers of 6 for evacuation
[2025-01-09T00:55:53.326+0000][189023.692s][info][gc,phases   ] GC(6835)   Pre Evacuate Collection Set: 0.2ms
[2025-01-09T00:55:53.326+0000][189023.692s][info][gc,phases   ] GC(6835)   Merge Heap Roots: 0.4ms
[2025-01-09T00:55:53.326+0000][189023.692s][info][gc,phases   ] GC(6835)   Evacuate Collection Set: 18.7ms
[2025-01-09T00:55:53.326+0000][189023.692s][info][gc,phases   ] GC(6835)   Post Evacuate Collection Set: 2.3ms
[2025-01-09T00:55:53.326+0000][189023.692s][info][gc,phases   ] GC(6835)   Other: 0.2ms
[2025-01-09T00:55:53.326+0000][189023.692s][info][gc,heap     ] GC(6835) Eden regions: 916->0(917)
[2025-01-09T00:55:53.326+0000][189023.692s][info][gc,heap     ] GC(6835) Survivor regions: 5->4(116)
[2025-01-09T00:55:53.326+0000][189023.692s][info][gc,heap     ] GC(6835) Old regions: 229->229
[2025-01-09T00:55:53.326+0000][189023.692s][info][gc,heap     ] GC(6835) Archive regions: 2->2
[2025-01-09T00:55:53.326+0000][189023.692s][info][gc,heap     ] GC(6835) Humongous regions: 49->49
[2025-01-09T00:55:53.326+0000][189023.692s][info][gc,metaspace] GC(6835) Metaspace: 524690K(534080K)->524690K(534080K) NonClass: 460754K(465344K)->460754K(465344K) Class: 63936K(68736K)->63936K(68736K)
[2025-01-09T00:55:53.326+0000][189023.692s][info][gc          ] GC(6835) Pause Young (Normal) (G1 Evacuation Pause) 9593M->2257M(12288M) 21.919ms
[2025-01-09T00:55:53.326+0000][189023.693s][info][gc,cpu      ] GC(6835) User=0.12s Sys=0.00s Real=0.02s
[2025-01-09T00:55:58.356+0000][189028.723s][info][gc,start    ] GC(6836) Pause Young (Normal) (G1 Evacuation Pause)
[2025-01-09T00:55:58.357+0000][189028.723s][info][gc,task     ] GC(6836) Using 6 workers of 6 for evacuation
[2025-01-09T00:55:58.383+0000][189028.749s][info][gc,phases   ] GC(6836)   Pre Evacuate Collection Set: 0.2ms
[2025-01-09T00:55:58.383+0000][189028.749s][info][gc,phases   ] GC(6836)   Merge Heap Roots: 0.4ms
[2025-01-09T00:55:58.383+0000][189028.749s][info][gc,phases   ] GC(6836)   Evacuate Collection Set: 20.8ms
[2025-01-09T00:55:58.383+0000][189028.749s][info][gc,phases   ] GC(6836)   Post Evacuate Collection Set: 5.0ms
[2025-01-09T00:55:58.383+0000][189028.749s][info][gc,phases   ] GC(6836)   Other: 0.2ms
[2025-01-09T00:55:58.383+0000][189028.749s][info][gc,heap     ] GC(6836) Eden regions: 917->0(913)
[2025-01-09T00:55:58.383+0000][189028.749s][info][gc,heap     ] GC(6836) Survivor regions: 4->8(116)
[2025-01-09T00:55:58.383+0000][189028.749s][info][gc,heap     ] GC(6836) Old regions: 229->229
[2025-01-09T00:55:58.383+0000][189028.749s][info][gc,heap     ] GC(6836) Archive regions: 2->2
[2025-01-09T00:55:58.383+0000][189028.749s][info][gc,heap     ] GC(6836) Humongous regions: 49->49
[2025-01-09T00:55:58.383+0000][189028.749s][info][gc,metaspace] GC(6836) Metaspace: 524690K(534080K)->524690K(534080K) NonClass: 460754K(465344K)->460754K(465344K) Class: 63936K(68736K)->63936K(68736K)
[2025-01-09T00:55:58.383+0000][189028.749s][info][gc          ] GC(6836) Pause Young (Normal) (G1 Evacuation Pause) 9593M->2282M(12288M) 26.704ms
[2025-01-09T00:55:58.383+0000][189028.749s][info][gc,cpu      ] GC(6836) User=0.16s Sys=0.00s Real=0.03s
[2025-01-09T00:56:07.724+0000][189038.090s][info][gc,start    ] GC(6837) Pause Young (Concurrent Start) (G1 Evacuation Pause)
[2025-01-09T00:56:07.724+0000][189038.090s][info][gc,task     ] GC(6837) Using 6 workers of 6 for evacuation
[2025-01-09T00:56:07.756+0000][189038.122s][info][gc,phases   ] GC(6837)   Pre Evacuate Collection Set: 1.1ms
[2025-01-09T00:56:07.756+0000][189038.122s][info][gc,phases   ] GC(6837)   Merge Heap Roots: 0.5ms
[2025-01-09T00:56:07.756+0000][189038.122s][info][gc,phases   ] GC(6837)   Evacuate Collection Set: 28.0ms
[2025-01-09T00:56:07.756+0000][189038.122s][info][gc,phases   ] GC(6837)   Post Evacuate Collection Set: 2.5ms
[2025-01-09T00:56:07.756+0000][189038.122s][info][gc,phases   ] GC(6837)   Other: 0.3ms
[2025-01-09T00:56:07.756+0000][189038.122s][info][gc,heap     ] GC(6837) Eden regions: 913->0(913)
[2025-01-09T00:56:07.756+0000][189038.122s][info][gc,heap     ] GC(6837) Survivor regions: 8->8(116)
[2025-01-09T00:56:07.756+0000][189038.122s][info][gc,heap     ] GC(6837) Old regions: 229->229
[2025-01-09T00:56:07.756+0000][189038.122s][info][gc,heap     ] GC(6837) Archive regions: 2->2
[2025-01-09T00:56:07.756+0000][189038.122s][info][gc,heap     ] GC(6837) Humongous regions: 49->49
[2025-01-09T00:56:07.756+0000][189038.122s][info][gc,metaspace] GC(6837) Metaspace: 524690K(534080K)->524690K(534080K) NonClass: 460754K(465344K)->460754K(465344K) Class: 63936K(68736K)->63936K(68736K)
[2025-01-09T00:56:07.756+0000][189038.122s][info][gc          ] GC(6837) Pause Young (Concurrent Start) (G1 Evacuation Pause) 9586M->2289M(12288M) 32.367ms
[2025-01-09T00:56:07.756+0000][189038.122s][info][gc,cpu      ] GC(6837) User=0.18s Sys=0.00s Real=0.03s
[2025-01-09T00:56:07.756+0000][189038.122s][info][gc          ] GC(6838) Concurrent Mark Cycle
[2025-01-09T00:56:07.756+0000][189038.122s][info][gc,marking  ] GC(6838) Concurrent Clear Claimed Marks
[2025-01-09T00:56:07.757+0000][189038.123s][info][gc,marking  ] GC(6838) Concurrent Clear Claimed Marks 0.929ms
[2025-01-09T00:56:07.757+0000][189038.123s][info][gc,marking  ] GC(6838) Concurrent Scan Root Regions
[2025-01-09T00:56:07.780+0000][189038.146s][info][gc,marking  ] GC(6838) Concurrent Scan Root Regions 22.486ms
[2025-01-09T00:56:07.780+0000][189038.146s][info][gc,marking  ] GC(6838) Concurrent Mark
[2025-01-09T00:56:07.780+0000][189038.146s][info][gc,marking  ] GC(6838) Concurrent Mark From Roots
[2025-01-09T00:56:07.780+0000][189038.146s][info][gc,task     ] GC(6838) Using 2 workers of 2 for marking
[2025-01-09T00:56:08.631+0000][189038.997s][info][gc,marking  ] GC(6838) Concurrent Mark From Roots 851.281ms
[2025-01-09T00:56:08.631+0000][189038.997s][info][gc,marking  ] GC(6838) Concurrent Preclean
[2025-01-09T00:56:08.635+0000][189039.001s][info][gc,marking  ] GC(6838) Concurrent Preclean 3.518ms
[2025-01-09T00:56:08.635+0000][189039.001s][info][gc,start    ] GC(6838) Pause Remark
[2025-01-09T00:56:08.660+0000][189039.026s][info][gc          ] GC(6838) Pause Remark 3617M->3617M(12288M) 25.326ms
[2025-01-09T00:56:08.660+0000][189039.026s][info][gc,cpu      ] GC(6838) User=0.15s Sys=0.00s Real=0.02s
[2025-01-09T00:56:08.660+0000][189039.026s][info][gc,marking  ] GC(6838) Concurrent Mark 880.474ms
[2025-01-09T00:56:08.660+0000][189039.026s][info][gc,marking  ] GC(6838) Concurrent Rebuild Remembered Sets
[2025-01-09T00:56:09.346+0000][189039.712s][info][gc,marking  ] GC(6838) Concurrent Rebuild Remembered Sets 685.293ms
[2025-01-09T00:56:09.346+0000][189039.712s][info][gc,start    ] GC(6838) Pause Cleanup
[2025-01-09T00:56:09.346+0000][189039.712s][info][gc          ] GC(6838) Pause Cleanup 4661M->4661M(12288M) 0.439ms
[2025-01-09T00:56:09.346+0000][189039.712s][info][gc,cpu      ] GC(6838) User=0.00s Sys=0.00s Real=0.00s
[2025-01-09T00:56:09.346+0000][189039.712s][info][gc,marking  ] GC(6838) Concurrent Cleanup for Next Mark
[2025-01-09T00:56:09.362+0000][189039.728s][info][gc,marking  ] GC(6838) Concurrent Cleanup for Next Mark 16.110ms
[2025-01-09T00:56:09.362+0000][189039.729s][info][gc          ] GC(6838) Concurrent Mark Cycle 1606.169ms
[2025-01-09T00:56:13.144+0000][189043.510s][info][gc,start    ] GC(6839) Pause Young (Prepare Mixed) (G1 Evacuation Pause)
[2025-01-09T00:56:13.144+0000][189043.511s][info][gc,task     ] GC(6839) Using 6 workers of 6 for evacuation
[2025-01-09T00:56:13.179+0000][189043.545s][info][gc,phases   ] GC(6839)   Pre Evacuate Collection Set: 0.2ms
[2025-01-09T00:56:13.179+0000][189043.545s][info][gc,phases   ] GC(6839)   Merge Heap Roots: 0.7ms
[2025-01-09T00:56:13.179+0000][189043.545s][info][gc,phases   ] GC(6839)   Evacuate Collection Set: 30.1ms
[2025-01-09T00:56:13.179+0000][189043.545s][info][gc,phases   ] GC(6839)   Post Evacuate Collection Set: 3.8ms
[2025-01-09T00:56:13.179+0000][189043.545s][info][gc,phases   ] GC(6839)   Other: 0.2ms
[2025-01-09T00:56:13.179+0000][189043.545s][info][gc,heap     ] GC(6839) Eden regions: 913->0(66)
[2025-01-09T00:56:13.179+0000][189043.545s][info][gc,heap     ] GC(6839) Survivor regions: 8->10(116)
[2025-01-09T00:56:13.179+0000][189043.545s][info][gc,heap     ] GC(6839) Old regions: 229->229
[2025-01-09T00:56:13.179+0000][189043.545s][info][gc,heap     ] GC(6839) Archive regions: 2->2
[2025-01-09T00:56:13.179+0000][189043.545s][info][gc,heap     ] GC(6839) Humongous regions: 49->49
[2025-01-09T00:56:13.179+0000][189043.546s][info][gc,metaspace] GC(6839) Metaspace: 524690K(534080K)->524690K(534080K) NonClass: 460754K(465344K)->460754K(465344K) Class: 63936K(68736K)->63936K(68736K)
[2025-01-09T00:56:13.179+0000][189043.546s][info][gc          ] GC(6839) Pause Young (Prepare Mixed) (G1 Evacuation Pause) 9593M->2303M(12288M) 35.035ms
[2025-01-09T00:56:13.179+0000][189043.546s][info][gc,cpu      ] GC(6839) User=0.20s Sys=0.00s Real=0.03s
[2025-01-09T00:56:13.691+0000][189044.057s][info][gc,start    ] GC(6840) Pause Young (Mixed) (G1 Evacuation Pause)
[2025-01-09T00:56:13.691+0000][189044.057s][info][gc,task     ] GC(6840) Using 6 workers of 6 for evacuation
[2025-01-09T00:56:13.731+0000][189044.097s][info][gc,phases   ] GC(6840)   Pre Evacuate Collection Set: 0.2ms
[2025-01-09T00:56:13.731+0000][189044.097s][info][gc,phases   ] GC(6840)   Merge Heap Roots: 0.4ms
[2025-01-09T00:56:13.731+0000][189044.097s][info][gc,phases   ] GC(6840)   Evacuate Collection Set: 38.2ms
[2025-01-09T00:56:13.731+0000][189044.097s][info][gc,phases   ] GC(6840)   Post Evacuate Collection Set: 1.6ms
[2025-01-09T00:56:13.731+0000][189044.097s][info][gc,phases   ] GC(6840)   Other: 0.2ms
[2025-01-09T00:56:13.731+0000][189044.097s][info][gc,heap     ] GC(6840) Eden regions: 66->0(916)
[2025-01-09T00:56:13.731+0000][189044.097s][info][gc,heap     ] GC(6840) Survivor regions: 10->5(10)
[2025-01-09T00:56:13.731+0000][189044.097s][info][gc,heap     ] GC(6840) Old regions: 229->228
[2025-01-09T00:56:13.731+0000][189044.097s][info][gc,heap     ] GC(6840) Archive regions: 2->2
[2025-01-09T00:56:13.731+0000][189044.097s][info][gc,heap     ] GC(6840) Humongous regions: 49->49
[2025-01-09T00:56:13.731+0000][189044.097s][info][gc,metaspace] GC(6840) Metaspace: 524690K(534080K)->524690K(534080K) NonClass: 460754K(465344K)->460754K(465344K) Class: 63936K(68736K)->63936K(68736K)
[2025-01-09T00:56:13.731+0000][189044.098s][info][gc          ] GC(6840) Pause Young (Mixed) (G1 Evacuation Pause) 2831M->2257M(12288M) 40.602ms
[2025-01-09T00:56:13.731+0000][189044.098s][info][gc,cpu      ] GC(6840) User=0.23s Sys=0.00s Real=0.04s
[2025-01-09T00:56:22.645+0000][189053.011s][info][gc,start    ] GC(6841) Pause Young (Normal) (G1 Evacuation Pause)
[2025-01-09T00:56:22.645+0000][189053.011s][info][gc,task     ] GC(6841) Using 6 workers of 6 for evacuation
[2025-01-09T00:56:22.672+0000][189053.038s][info][gc,phases   ] GC(6841)   Pre Evacuate Collection Set: 0.2ms
[2025-01-09T00:56:22.672+0000][189053.038s][info][gc,phases   ] GC(6841)   Merge Heap Roots: 0.4ms
[2025-01-09T00:56:22.672+0000][189053.038s][info][gc,phases   ] GC(6841)   Evacuate Collection Set: 23.5ms
[2025-01-09T00:56:22.672+0000][189053.038s][info][gc,phases   ] GC(6841)   Post Evacuate Collection Set: 2.7ms
[2025-01-09T00:56:22.672+0000][189053.038s][info][gc,phases   ] GC(6841)   Other: 0.2ms
[2025-01-09T00:56:22.672+0000][189053.038s][info][gc,heap     ] GC(6841) Eden regions: 916->0(914)
[2025-01-09T00:56:22.672+0000][189053.038s][info][gc,heap     ] GC(6841) Survivor regions: 5->7(116)
[2025-01-09T00:56:22.672+0000][189053.038s][info][gc,heap     ] GC(6841) Old regions: 228->228
[2025-01-09T00:56:22.672+0000][189053.038s][info][gc,heap     ] GC(6841) Archive regions: 2->2
[2025-01-09T00:56:22.672+0000][189053.038s][info][gc,heap     ] GC(6841) Humongous regions: 49->49
[2025-01-09T00:56:22.672+0000][189053.038s][info][gc,metaspace] GC(6841) Metaspace: 524690K(534080K)->524690K(534080K) NonClass: 460754K(465344K)->460754K(465344K) Class: 63936K(68736K)->63936K(68736K)
[2025-01-09T00:56:22.672+0000][189053.038s][info][gc          ] GC(6841) Pause Young (Normal) (G1 Evacuation Pause) 9585M->2269M(12288M) 27.097ms
[2025-01-09T00:56:22.672+0000][189053.038s][info][gc,cpu      ] GC(6841) User=0.16s Sys=0.00s Real=0.03s
[2025-01-09T00:56:31.540+0000][189061.906s][info][gc,start    ] GC(6842) Pause Young (Normal) (G1 Evacuation Pause)
[2025-01-09T00:56:31.540+0000][189061.906s][info][gc,task     ] GC(6842) Using 6 workers of 6 for evacuation
[2025-01-09T00:56:31.569+0000][189061.935s][info][gc,phases   ] GC(6842)   Pre Evacuate Collection Set: 0.2ms
[2025-01-09T00:56:31.569+0000][189061.935s][info][gc,phases   ] GC(6842)   Merge Heap Roots: 0.4ms
[2025-01-09T00:56:31.569+0000][189061.935s][info][gc,phases   ] GC(6842)   Evacuate Collection Set: 25.6ms
[2025-01-09T00:56:31.569+0000][189061.935s][info][gc,phases   ] GC(6842)   Post Evacuate Collection Set: 2.6ms
[2025-01-09T00:56:31.569+0000][189061.935s][info][gc,phases   ] GC(6842)   Other: 0.2ms
[2025-01-09T00:56:31.569+0000][189061.935s][info][gc,heap     ] GC(6842) Eden regions: 914->0(913)
[2025-01-09T00:56:31.569+0000][189061.935s][info][gc,heap     ] GC(6842) Survivor regions: 7->8(116)
[2025-01-09T00:56:31.569+0000][189061.935s][info][gc,heap     ] GC(6842) Old regions: 228->228
[2025-01-09T00:56:31.569+0000][189061.935s][info][gc,heap     ] GC(6842) Archive regions: 2->2
[2025-01-09T00:56:31.569+0000][189061.935s][info][gc,heap     ] GC(6842) Humongous regions: 49->49
[2025-01-09T00:56:31.569+0000][189061.935s][info][gc,metaspace] GC(6842) Metaspace: 524690K(534080K)->524690K(534080K) NonClass: 460754K(465344K)->460754K(465344K) Class: 63936K(68736K)->63936K(68736K)
[2025-01-09T00:56:31.569+0000][189061.935s][info][gc          ] GC(6842) Pause Young (Normal) (G1 Evacuation Pause) 9581M->2277M(12288M) 29.124ms
[2025-01-09T00:56:31.569+0000][189061.935s][info][gc,cpu      ] GC(6842) User=0.17s Sys=0.00s Real=0.03s
[2025-01-09T00:56:39.052+0000][189069.418s][info][gc,start    ] GC(6843) Pause Young (Concurrent Start) (G1 Evacuation Pause)
[2025-01-09T00:56:39.052+0000][189069.418s][info][gc,task     ] GC(6843) Using 6 workers of 6 for evacuation
[2025-01-09T00:56:39.086+0000][189069.452s][info][gc,phases   ] GC(6843)   Pre Evacuate Collection Set: 1.1ms
[2025-01-09T00:56:39.086+0000][189069.452s][info][gc,phases   ] GC(6843)   Merge Heap Roots: 0.5ms
[2025-01-09T00:56:39.086+0000][189069.452s][info][gc,phases   ] GC(6843)   Evacuate Collection Set: 29.5ms
[2025-01-09T00:56:39.086+0000][189069.452s][info][gc,phases   ] GC(6843)   Post Evacuate Collection Set: 2.6ms
[2025-01-09T00:56:39.086+0000][189069.452s][info][gc,phases   ] GC(6843)   Other: 0.3ms
[2025-01-09T00:56:39.086+0000][189069.452s][info][gc,heap     ] GC(6843) Eden regions: 913->0(911)
[2025-01-09T00:56:39.086+0000][189069.452s][info][gc,heap     ] GC(6843) Survivor regions: 8->10(116)
[2025-01-09T00:56:39.086+0000][189069.452s][info][gc,heap     ] GC(6843) Old regions: 228->228
[2025-01-09T00:56:39.086+0000][189069.452s][info][gc,heap     ] GC(6843) Archive regions: 2->2
[2025-01-09T00:56:39.086+0000][189069.452s][info][gc,heap     ] GC(6843) Humongous regions: 49->49
[2025-01-09T00:56:39.086+0000][189069.452s][info][gc,metaspace] GC(6843) Metaspace: 524690K(534080K)->524690K(534080K) NonClass: 460754K(465344K)->460754K(465344K) Class: 63936K(68736K)->63936K(68736K)
[2025-01-09T00:56:39.086+0000][189069.452s][info][gc          ] GC(6843) Pause Young (Concurrent Start) (G1 Evacuation Pause) 9581M->2291M(12288M) 34.040ms
[2025-01-09T00:56:39.086+0000][189069.452s][info][gc,cpu      ] GC(6843) User=0.20s Sys=0.00s Real=0.03s
[2025-01-09T00:56:39.086+0000][189069.452s][info][gc          ] GC(6844) Concurrent Mark Cycle
[2025-01-09T00:56:39.086+0000][189069.452s][info][gc,marking  ] GC(6844) Concurrent Clear Claimed Marks
[2025-01-09T00:56:39.087+0000][189069.453s][info][gc,marking  ] GC(6844) Concurrent Clear Claimed Marks 0.929ms
[2025-01-09T00:56:39.087+0000][189069.453s][info][gc,marking  ] GC(6844) Concurrent Scan Root Regions
[2025-01-09T00:56:39.119+0000][189069.485s][info][gc,marking  ] GC(6844) Concurrent Scan Root Regions 32.510ms
[2025-01-09T00:56:39.119+0000][189069.486s][info][gc,marking  ] GC(6844) Concurrent Mark
[2025-01-09T00:56:39.119+0000][189069.486s][info][gc,marking  ] GC(6844) Concurrent Mark From Roots
[2025-01-09T00:56:39.119+0000][189069.486s][info][gc,task     ] GC(6844) Using 2 workers of 2 for marking
[2025-01-09T00:56:39.971+0000][189070.338s][info][gc,marking  ] GC(6844) Concurrent Mark From Roots 852.054ms
[2025-01-09T00:56:39.972+0000][189070.338s][info][gc,marking  ] GC(6844) Concurrent Preclean
[2025-01-09T00:56:39.975+0000][189070.341s][info][gc,marking  ] GC(6844) Concurrent Preclean 3.486ms
[2025-01-09T00:56:39.975+0000][189070.341s][info][gc,start    ] GC(6844) Pause Remark
[2025-01-09T00:56:40.001+0000][189070.367s][info][gc          ] GC(6844) Pause Remark 3499M->3499M(12288M) 25.533ms
[2025-01-09T00:56:40.001+0000][189070.367s][info][gc,cpu      ] GC(6844) User=0.15s Sys=0.00s Real=0.02s
[2025-01-09T00:56:40.001+0000][189070.367s][info][gc,marking  ] GC(6844) Concurrent Mark 881.416ms
[2025-01-09T00:56:40.001+0000][189070.367s][info][gc,marking  ] GC(6844) Concurrent Rebuild Remembered Sets
[2025-01-09T00:56:40.502+0000][189070.868s][info][gc,marking  ] GC(6844) Concurrent Rebuild Remembered Sets 501.472ms
[2025-01-09T00:56:40.502+0000][189070.869s][info][gc,start    ] GC(6844) Pause Cleanup
[2025-01-09T00:56:40.503+0000][189070.869s][info][gc          ] GC(6844) Pause Cleanup 4155M->4155M(12288M) 0.389ms
[2025-01-09T00:56:40.503+0000][189070.869s][info][gc,cpu      ] GC(6844) User=0.00s Sys=0.00s Real=0.00s
[2025-01-09T00:56:40.503+0000][189070.869s][info][gc,marking  ] GC(6844) Concurrent Cleanup for Next Mark
[2025-01-09T00:56:40.518+0000][189070.884s][info][gc,marking  ] GC(6844) Concurrent Cleanup for Next Mark 15.290ms
[2025-01-09T00:56:40.518+0000][189070.884s][info][gc          ] GC(6844) Concurrent Mark Cycle 1432.377ms
[2025-01-09T00:56:48.537+0000][189078.903s][info][gc,start    ] GC(6845) Pause Young (Prepare Mixed) (G1 Evacuation Pause)
[2025-01-09T00:56:48.537+0000][189078.904s][info][gc,task     ] GC(6845) Using 6 workers of 6 for evacuation
[2025-01-09T00:56:48.574+0000][189078.940s][info][gc,phases   ] GC(6845)   Pre Evacuate Collection Set: 0.2ms
[2025-01-09T00:56:48.574+0000][189078.940s][info][gc,phases   ] GC(6845)   Merge Heap Roots: 0.7ms
[2025-01-09T00:56:48.574+0000][189078.940s][info][gc,phases   ] GC(6845)   Evacuate Collection Set: 33.0ms
[2025-01-09T00:56:48.574+0000][189078.940s][info][gc,phases   ] GC(6845)   Post Evacuate Collection Set: 2.8ms
[2025-01-09T00:56:48.574+0000][189078.940s][info][gc,phases   ] GC(6845)   Other: 0.2ms
[2025-01-09T00:56:48.574+0000][189078.940s][info][gc,heap     ] GC(6845) Eden regions: 911->0(65)
[2025-01-09T00:56:48.574+0000][189078.940s][info][gc,heap     ] GC(6845) Survivor regions: 10->11(116)
[2025-01-09T00:56:48.574+0000][189078.940s][info][gc,heap     ] GC(6845) Old regions: 228->228
[2025-01-09T00:56:48.574+0000][189078.940s][info][gc,heap     ] GC(6845) Archive regions: 2->2
[2025-01-09T00:56:48.574+0000][189078.940s][info][gc,heap     ] GC(6845) Humongous regions: 49->49
[2025-01-09T00:56:48.574+0000][189078.940s][info][gc,metaspace] GC(6845) Metaspace: 524690K(534080K)->524690K(534080K) NonClass: 460754K(465344K)->460754K(465344K) Class: 63936K(68736K)->63936K(68736K)
[2025-01-09T00:56:48.574+0000][189078.940s][info][gc          ] GC(6845) Pause Young (Prepare Mixed) (G1 Evacuation Pause) 9579M->2299M(12288M) 36.995ms
[2025-01-09T00:56:48.574+0000][189078.941s][info][gc,cpu      ] GC(6845) User=0.22s Sys=0.00s Real=0.04s
[2025-01-09T00:56:49.240+0000][189079.606s][info][gc,start    ] GC(6846) Pause Young (Mixed) (G1 Evacuation Pause)
[2025-01-09T00:56:49.240+0000][189079.606s][info][gc,task     ] GC(6846) Using 6 workers of 6 for evacuation
[2025-01-09T00:56:49.306+0000][189079.672s][info][gc,phases   ] GC(6846)   Pre Evacuate Collection Set: 0.2ms
[2025-01-09T00:56:49.306+0000][189079.672s][info][gc,phases   ] GC(6846)   Merge Heap Roots: 0.7ms
[2025-01-09T00:56:49.306+0000][189079.672s][info][gc,phases   ] GC(6846)   Evacuate Collection Set: 63.1ms
[2025-01-09T00:56:49.306+0000][189079.672s][info][gc,phases   ] GC(6846)   Post Evacuate Collection Set: 1.8ms
[2025-01-09T00:56:49.306+0000][189079.672s][info][gc,phases   ] GC(6846)   Other: 0.2ms
[2025-01-09T00:56:49.306+0000][189079.672s][info][gc,heap     ] GC(6846) Eden regions: 65->0(916)
[2025-01-09T00:56:49.306+0000][189079.672s][info][gc,heap     ] GC(6846) Survivor regions: 11->5(10)
[2025-01-09T00:56:49.306+0000][189079.672s][info][gc,heap     ] GC(6846) Old regions: 228->228
[2025-01-09T00:56:49.306+0000][189079.672s][info][gc,heap     ] GC(6846) Archive regions: 2->2
[2025-01-09T00:56:49.306+0000][189079.672s][info][gc,heap     ] GC(6846) Humongous regions: 49->49
[2025-01-09T00:56:49.306+0000][189079.672s][info][gc,metaspace] GC(6846) Metaspace: 524690K(534080K)->524690K(534080K) NonClass: 460754K(465344K)->460754K(465344K) Class: 63936K(68736K)->63936K(68736K)
[2025-01-09T00:56:49.306+0000][189079.672s][info][gc          ] GC(6846) Pause Young (Mixed) (G1 Evacuation Pause) 2819M->2262M(12288M) 66.019ms
[2025-01-09T00:56:49.306+0000][189079.672s][info][gc,cpu      ] GC(6846) User=0.37s Sys=0.00s Real=0.07s
[2025-01-09T00:57:02.447+0000][189092.813s][info][gc,start    ] GC(6847) Pause Young (Normal) (G1 Evacuation Pause)
[2025-01-09T00:57:02.447+0000][189092.813s][info][gc,task     ] GC(6847) Using 6 workers of 6 for evacuation
[2025-01-09T00:57:02.476+0000][189092.843s][info][gc,phases   ] GC(6847)   Pre Evacuate Collection Set: 0.2ms
[2025-01-09T00:57:02.476+0000][189092.843s][info][gc,phases   ] GC(6847)   Merge Heap Roots: 0.4ms
[2025-01-09T00:57:02.476+0000][189092.843s][info][gc,phases   ] GC(6847)   Evacuate Collection Set: 23.5ms
[2025-01-09T00:57:02.476+0000][189092.843s][info][gc,phases   ] GC(6847)   Post Evacuate Collection Set: 5.3ms
[2025-01-09T00:57:02.476+0000][189092.843s][info][gc,phases   ] GC(6847)   Other: 0.2ms
[2025-01-09T00:57:02.476+0000][189092.843s][info][gc,heap     ] GC(6847) Eden regions: 916->0(913)
[2025-01-09T00:57:02.476+0000][189092.843s][info][gc,heap     ] GC(6847) Survivor regions: 5->8(116)
[2025-01-09T00:57:02.476+0000][189092.843s][info][gc,heap     ] GC(6847) Old regions: 228->228
[2025-01-09T00:57:02.476+0000][189092.843s][info][gc,heap     ] GC(6847) Archive regions: 2->2
[2025-01-09T00:57:02.476+0000][189092.843s][info][gc,heap     ] GC(6847) Humongous regions: 49->49
[2025-01-09T00:57:02.476+0000][189092.843s][info][gc,metaspace] GC(6847) Metaspace: 524690K(534080K)->524690K(534080K) NonClass: 460754K(465344K)->460754K(465344K) Class: 63936K(68736K)->63936K(68736K)
[2025-01-09T00:57:02.477+0000][189092.843s][info][gc          ] GC(6847) Pause Young (Normal) (G1 Evacuation Pause) 9590M->2286M(12288M) 29.702ms
[2025-01-09T00:57:02.477+0000][189092.843s][info][gc,cpu      ] GC(6847) User=0.17s Sys=0.00s Real=0.03s
[2025-01-09T00:57:11.511+0000][189101.877s][info][gc,start    ] GC(6848) Pause Young (Normal) (G1 Evacuation Pause)
[2025-01-09T00:57:11.511+0000][189101.877s][info][gc,task     ] GC(6848) Using 6 workers of 6 for evacuation
[2025-01-09T00:57:11.540+0000][189101.906s][info][gc,phases   ] GC(6848)   Pre Evacuate Collection Set: 0.2ms
[2025-01-09T00:57:11.540+0000][189101.906s][info][gc,phases   ] GC(6848)   Merge Heap Roots: 0.4ms
[2025-01-09T00:57:11.540+0000][189101.906s][info][gc,phases   ] GC(6848)   Evacuate Collection Set: 24.2ms
[2025-01-09T00:57:11.540+0000][189101.906s][info][gc,phases   ] GC(6848)   Post Evacuate Collection Set: 3.9ms
[2025-01-09T00:57:11.540+0000][189101.906s][info][gc,phases   ] GC(6848)   Other: 0.2ms
[2025-01-09T00:57:11.540+0000][189101.906s][info][gc,heap     ] GC(6848) Eden regions: 913->0(912)
[2025-01-09T00:57:11.540+0000][189101.906s][info][gc,heap     ] GC(6848) Survivor regions: 8->9(116)
[2025-01-09T00:57:11.540+0000][189101.906s][info][gc,heap     ] GC(6848) Old regions: 228->228
[2025-01-09T00:57:11.540+0000][189101.906s][info][gc,heap     ] GC(6848) Archive regions: 2->2
[2025-01-09T00:57:11.540+0000][189101.906s][info][gc,heap     ] GC(6848) Humongous regions: 49->49
[2025-01-09T00:57:11.540+0000][189101.906s][info][gc,metaspace] GC(6848) Metaspace: 524716K(534080K)->524716K(534080K) NonClass: 460772K(465344K)->460772K(465344K) Class: 63943K(68736K)->63943K(68736K)
[2025-01-09T00:57:11.540+0000][189101.906s][info][gc          ] GC(6848) Pause Young (Normal) (G1 Evacuation Pause) 9590M->2290M(12288M) 28.926ms
[2025-01-09T00:57:11.540+0000][189101.906s][info][gc,cpu      ] GC(6848) User=0.16s Sys=0.00s Real=0.02s
[2025-01-09T00:57:22.989+0000][189113.355s][info][gc,start    ] GC(6849) Pause Young (Concurrent Start) (G1 Evacuation Pause)
[2025-01-09T00:57:22.989+0000][189113.355s][info][gc,task     ] GC(6849) Using 6 workers of 6 for evacuation
[2025-01-09T00:57:23.024+0000][189113.390s][info][gc,phases   ] GC(6849)   Pre Evacuate Collection Set: 1.1ms
[2025-01-09T00:57:23.024+0000][189113.391s][info][gc,phases   ] GC(6849)   Merge Heap Roots: 0.5ms
[2025-01-09T00:57:23.024+0000][189113.391s][info][gc,phases   ] GC(6849)   Evacuate Collection Set: 30.9ms
[2025-01-09T00:57:23.024+0000][189113.391s][info][gc,phases   ] GC(6849)   Post Evacuate Collection Set: 2.6ms
[2025-01-09T00:57:23.024+0000][189113.391s][info][gc,phases   ] GC(6849)   Other: 0.3ms
[2025-01-09T00:57:23.024+0000][189113.391s][info][gc,heap     ] GC(6849) Eden regions: 912->0(910)
[2025-01-09T00:57:23.024+0000][189113.391s][info][gc,heap     ] GC(6849) Survivor regions: 9->11(116)
[2025-01-09T00:57:23.024+0000][189113.391s][info][gc,heap     ] GC(6849) Old regions: 228->228
[2025-01-09T00:57:23.024+0000][189113.391s][info][gc,heap     ] GC(6849) Archive regions: 2->2
[2025-01-09T00:57:23.024+0000][189113.391s][info][gc,heap     ] GC(6849) Humongous regions: 49->49
[2025-01-09T00:57:23.024+0000][189113.391s][info][gc,metaspace] GC(6849) Metaspace: 524716K(534080K)->524716K(534080K) NonClass: 460772K(465344K)->460772K(465344K) Class: 63943K(68736K)->63943K(68736K)
[2025-01-09T00:57:23.024+0000][189113.391s][info][gc          ] GC(6849) Pause Young (Concurrent Start) (G1 Evacuation Pause) 9586M->2307M(12288M) 35.443ms
[2025-01-09T00:57:23.025+0000][189113.391s][info][gc,cpu      ] GC(6849) User=0.20s Sys=0.00s Real=0.04s
[2025-01-09T00:57:23.025+0000][189113.391s][info][gc          ] GC(6850) Concurrent Mark Cycle
[2025-01-09T00:57:23.025+0000][189113.391s][info][gc,marking  ] GC(6850) Concurrent Clear Claimed Marks
[2025-01-09T00:57:23.026+0000][189113.392s][info][gc,marking  ] GC(6850) Concurrent Clear Claimed Marks 0.949ms
[2025-01-09T00:57:23.026+0000][189113.392s][info][gc,marking  ] GC(6850) Concurrent Scan Root Regions
[2025-01-09T00:57:23.055+0000][189113.421s][info][gc,marking  ] GC(6850) Concurrent Scan Root Regions 29.204ms
[2025-01-09T00:57:23.055+0000][189113.421s][info][gc,marking  ] GC(6850) Concurrent Mark
[2025-01-09T00:57:23.055+0000][189113.421s][info][gc,marking  ] GC(6850) Concurrent Mark From Roots
[2025-01-09T00:57:23.055+0000][189113.421s][info][gc,task     ] GC(6850) Using 2 workers of 2 for marking
[2025-01-09T00:57:23.954+0000][189114.320s][info][gc,marking  ] GC(6850) Concurrent Mark From Roots 898.688ms
[2025-01-09T00:57:23.954+0000][189114.320s][info][gc,marking  ] GC(6850) Concurrent Preclean
[2025-01-09T00:57:23.957+0000][189114.323s][info][gc,marking  ] GC(6850) Concurrent Preclean 3.374ms
[2025-01-09T00:57:23.957+0000][189114.323s][info][gc,start    ] GC(6850) Pause Remark
[2025-01-09T00:57:23.982+0000][189114.349s][info][gc          ] GC(6850) Pause Remark 3055M->3055M(12288M) 25.406ms
[2025-01-09T00:57:23.983+0000][189114.349s][info][gc,cpu      ] GC(6850) User=0.15s Sys=0.00s Real=0.03s
[2025-01-09T00:57:23.983+0000][189114.349s][info][gc,marking  ] GC(6850) Concurrent Mark 927.858ms
[2025-01-09T00:57:23.983+0000][189114.349s][info][gc,marking  ] GC(6850) Concurrent Rebuild Remembered Sets
[2025-01-09T00:57:24.507+0000][189114.873s][info][gc,marking  ] GC(6850) Concurrent Rebuild Remembered Sets 524.405ms
[2025-01-09T00:57:24.507+0000][189114.873s][info][gc,start    ] GC(6850) Pause Cleanup
[2025-01-09T00:57:24.508+0000][189114.874s][info][gc          ] GC(6850) Pause Cleanup 3515M->3515M(12288M) 0.427ms
[2025-01-09T00:57:24.508+0000][189114.874s][info][gc,cpu      ] GC(6850) User=0.00s Sys=0.00s Real=0.00s
[2025-01-09T00:57:24.508+0000][189114.874s][info][gc,marking  ] GC(6850) Concurrent Cleanup for Next Mark
[2025-01-09T00:57:24.523+0000][189114.889s][info][gc,marking  ] GC(6850) Concurrent Cleanup for Next Mark 15.281ms
[2025-01-09T00:57:24.523+0000][189114.889s][info][gc          ] GC(6850) Concurrent Mark Cycle 1498.548ms
[2025-01-09T00:57:33.380+0000][189123.746s][info][gc,start    ] GC(6851) Pause Young (Prepare Mixed) (G1 Evacuation Pause)
[2025-01-09T00:57:33.380+0000][189123.746s][info][gc,task     ] GC(6851) Using 6 workers of 6 for evacuation
[2025-01-09T00:57:33.419+0000][189123.786s][info][gc,phases   ] GC(6851)   Pre Evacuate Collection Set: 0.2ms
[2025-01-09T00:57:33.420+0000][189123.786s][info][gc,phases   ] GC(6851)   Merge Heap Roots: 0.7ms
[2025-01-09T00:57:33.420+0000][189123.786s][info][gc,phases   ] GC(6851)   Evacuate Collection Set: 35.5ms
[2025-01-09T00:57:33.420+0000][189123.786s][info][gc,phases   ] GC(6851)   Post Evacuate Collection Set: 2.8ms
[2025-01-09T00:57:33.420+0000][189123.786s][info][gc,phases   ] GC(6851)   Other: 0.2ms
[2025-01-09T00:57:33.420+0000][189123.786s][info][gc,heap     ] GC(6851) Eden regions: 910->0(63)
[2025-01-09T00:57:33.420+0000][189123.786s][info][gc,heap     ] GC(6851) Survivor regions: 11->13(116)
[2025-01-09T00:57:33.420+0000][189123.786s][info][gc,heap     ] GC(6851) Old regions: 228->228
[2025-01-09T00:57:33.420+0000][189123.786s][info][gc,heap     ] GC(6851) Archive regions: 2->2
[2025-01-09T00:57:33.420+0000][189123.786s][info][gc,heap     ] GC(6851) Humongous regions: 49->49
[2025-01-09T00:57:33.420+0000][189123.786s][info][gc,metaspace] GC(6851) Metaspace: 524716K(534080K)->524716K(534080K) NonClass: 460772K(465344K)->460772K(465344K) Class: 63943K(68736K)->63943K(68736K)
[2025-01-09T00:57:33.420+0000][189123.786s][info][gc          ] GC(6851) Pause Young (Prepare Mixed) (G1 Evacuation Pause) 9587M->2321M(12288M) 39.542ms
[2025-01-09T00:57:33.420+0000][189123.786s][info][gc,cpu      ] GC(6851) User=0.23s Sys=0.00s Real=0.04s
[2025-01-09T00:57:34.140+0000][189124.506s][info][gc,start    ] GC(6852) Pause Young (Mixed) (G1 Evacuation Pause)
[2025-01-09T00:57:34.140+0000][189124.506s][info][gc,task     ] GC(6852) Using 6 workers of 6 for evacuation
[2025-01-09T00:57:34.204+0000][189124.570s][info][gc,phases   ] GC(6852)   Pre Evacuate Collection Set: 0.2ms
[2025-01-09T00:57:34.204+0000][189124.570s][info][gc,phases   ] GC(6852)   Merge Heap Roots: 0.6ms
[2025-01-09T00:57:34.204+0000][189124.570s][info][gc,phases   ] GC(6852)   Evacuate Collection Set: 61.4ms
[2025-01-09T00:57:34.204+0000][189124.570s][info][gc,phases   ] GC(6852)   Post Evacuate Collection Set: 1.8ms
[2025-01-09T00:57:34.204+0000][189124.570s][info][gc,phases   ] GC(6852)   Other: 0.2ms
[2025-01-09T00:57:34.204+0000][189124.570s][info][gc,heap     ] GC(6852) Eden regions: 63->0(917)
[2025-01-09T00:57:34.204+0000][189124.570s][info][gc,heap     ] GC(6852) Survivor regions: 13->4(10)
[2025-01-09T00:57:34.204+0000][189124.570s][info][gc,heap     ] GC(6852) Old regions: 228->232
[2025-01-09T00:57:34.204+0000][189124.570s][info][gc,heap     ] GC(6852) Archive regions: 2->2
[2025-01-09T00:57:34.204+0000][189124.570s][info][gc,heap     ] GC(6852) Humongous regions: 49->49
[2025-01-09T00:57:34.204+0000][189124.570s][info][gc,metaspace] GC(6852) Metaspace: 524716K(534080K)->524716K(534080K) NonClass: 460772K(465344K)->460772K(465344K) Class: 63943K(68736K)->63943K(68736K)
[2025-01-09T00:57:34.204+0000][189124.570s][info][gc          ] GC(6852) Pause Young (Mixed) (G1 Evacuation Pause) 2825M->2280M(12288M) 64.186ms
[2025-01-09T00:57:34.204+0000][189124.570s][info][gc,cpu      ] GC(6852) User=0.38s Sys=0.00s Real=0.07s
[2025-01-09T00:57:42.180+0000][189132.547s][info][gc,start    ] GC(6853) Pause Young (Normal) (G1 Evacuation Pause)
[2025-01-09T00:57:42.180+0000][189132.547s][info][gc,task     ] GC(6853) Using 6 workers of 6 for evacuation
[2025-01-09T00:57:42.204+0000][189132.570s][info][gc,phases   ] GC(6853)   Pre Evacuate Collection Set: 0.2ms
[2025-01-09T00:57:42.204+0000][189132.570s][info][gc,phases   ] GC(6853)   Merge Heap Roots: 0.4ms
[2025-01-09T00:57:42.204+0000][189132.570s][info][gc,phases   ] GC(6853)   Evacuate Collection Set: 20.7ms
[2025-01-09T00:57:42.204+0000][189132.570s][info][gc,phases   ] GC(6853)   Post Evacuate Collection Set: 2.4ms
[2025-01-09T00:57:42.204+0000][189132.570s][info][gc,phases   ] GC(6853)   Other: 0.2ms
[2025-01-09T00:57:42.204+0000][189132.570s][info][gc,heap     ] GC(6853) Eden regions: 917->0(915)
[2025-01-09T00:57:42.204+0000][189132.570s][info][gc,heap     ] GC(6853) Survivor regions: 4->6(116)
[2025-01-09T00:57:42.204+0000][189132.570s][info][gc,heap     ] GC(6853) Old regions: 232->232
[2025-01-09T00:57:42.204+0000][189132.570s][info][gc,heap     ] GC(6853) Archive regions: 2->2
[2025-01-09T00:57:42.204+0000][189132.570s][info][gc,heap     ] GC(6853) Humongous regions: 49->49
[2025-01-09T00:57:42.204+0000][189132.570s][info][gc,metaspace] GC(6853) Metaspace: 524716K(534080K)->524716K(534080K) NonClass: 460772K(465344K)->460772K(465344K) Class: 63943K(68736K)->63943K(68736K)
[2025-01-09T00:57:42.204+0000][189132.570s][info][gc          ] GC(6853) Pause Young (Normal) (G1 Evacuation Pause) 9616M->2292M(12288M) 23.920ms
[2025-01-09T00:57:42.204+0000][189132.571s][info][gc,cpu      ] GC(6853) User=0.14s Sys=0.00s Real=0.03s
[2025-01-09T00:57:48.756+0000][189139.122s][info][gc,start    ] GC(6854) Pause Young (Normal) (G1 Evacuation Pause)
[2025-01-09T00:57:48.756+0000][189139.122s][info][gc,task     ] GC(6854) Using 6 workers of 6 for evacuation
[2025-01-09T00:57:48.782+0000][189139.148s][info][gc,phases   ] GC(6854)   Pre Evacuate Collection Set: 0.2ms
[2025-01-09T00:57:48.782+0000][189139.148s][info][gc,phases   ] GC(6854)   Merge Heap Roots: 0.4ms
[2025-01-09T00:57:48.782+0000][189139.148s][info][gc,phases   ] GC(6854)   Evacuate Collection Set: 20.6ms
[2025-01-09T00:57:48.782+0000][189139.148s][info][gc,phases   ] GC(6854)   Post Evacuate Collection Set: 5.0ms
[2025-01-09T00:57:48.782+0000][189139.148s][info][gc,phases   ] GC(6854)   Other: 0.2ms
[2025-01-09T00:57:48.782+0000][189139.148s][info][gc,heap     ] GC(6854) Eden regions: 915->0(913)
[2025-01-09T00:57:48.782+0000][189139.148s][info][gc,heap     ] GC(6854) Survivor regions: 6->8(116)
[2025-01-09T00:57:48.782+0000][189139.148s][info][gc,heap     ] GC(6854) Old regions: 232->232
[2025-01-09T00:57:48.782+0000][189139.148s][info][gc,heap     ] GC(6854) Archive regions: 2->2
[2025-01-09T00:57:48.782+0000][189139.148s][info][gc,heap     ] GC(6854) Humongous regions: 49->49
[2025-01-09T00:57:48.782+0000][189139.148s][info][gc,metaspace] GC(6854) Metaspace: 524716K(534080K)->524716K(534080K) NonClass: 460772K(465344K)->460772K(465344K) Class: 63943K(68736K)->63943K(68736K)
[2025-01-09T00:57:48.782+0000][189139.148s][info][gc          ] GC(6854) Pause Young (Normal) (G1 Evacuation Pause) 9612M->2307M(12288M) 26.435ms
[2025-01-09T00:57:48.782+0000][189139.148s][info][gc,cpu      ] GC(6854) User=0.15s Sys=0.00s Real=0.03s
[2025-01-09T00:57:55.876+0000][189146.242s][info][gc,start    ] GC(6855) Pause Young (Concurrent Start) (G1 Evacuation Pause)
[2025-01-09T00:57:55.876+0000][189146.242s][info][gc,task     ] GC(6855) Using 6 workers of 6 for evacuation
[2025-01-09T00:57:55.905+0000][189146.271s][info][gc,phases   ] GC(6855)   Pre Evacuate Collection Set: 1.1ms
[2025-01-09T00:57:55.905+0000][189146.271s][info][gc,phases   ] GC(6855)   Merge Heap Roots: 0.4ms
[2025-01-09T00:57:55.905+0000][189146.271s][info][gc,phases   ] GC(6855)   Evacuate Collection Set: 25.3ms
[2025-01-09T00:57:55.905+0000][189146.271s][info][gc,phases   ] GC(6855)   Post Evacuate Collection Set: 2.5ms
[2025-01-09T00:57:55.905+0000][189146.271s][info][gc,phases   ] GC(6855)   Other: 0.3ms
[2025-01-09T00:57:55.905+0000][189146.271s][info][gc,heap     ] GC(6855) Eden regions: 913->0(914)
[2025-01-09T00:57:55.905+0000][189146.271s][info][gc,heap     ] GC(6855) Survivor regions: 8->7(116)
[2025-01-09T00:57:55.905+0000][189146.271s][info][gc,heap     ] GC(6855) Old regions: 232->232
[2025-01-09T00:57:55.905+0000][189146.271s][info][gc,heap     ] GC(6855) Archive regions: 2->2
[2025-01-09T00:57:55.905+0000][189146.271s][info][gc,heap     ] GC(6855) Humongous regions: 49->49
[2025-01-09T00:57:55.905+0000][189146.271s][info][gc,metaspace] GC(6855) Metaspace: 524716K(534080K)->524716K(534080K) NonClass: 460772K(465344K)->460772K(465344K) Class: 63943K(68736K)->63943K(68736K)
[2025-01-09T00:57:55.905+0000][189146.271s][info][gc          ] GC(6855) Pause Young (Concurrent Start) (G1 Evacuation Pause) 9611M->2302M(12288M) 29.598ms
[2025-01-09T00:57:55.905+0000][189146.271s][info][gc,cpu      ] GC(6855) User=0.17s Sys=0.00s Real=0.03s
[2025-01-09T00:57:55.905+0000][189146.271s][info][gc          ] GC(6856) Concurrent Mark Cycle
[2025-01-09T00:57:55.905+0000][189146.271s][info][gc,marking  ] GC(6856) Concurrent Clear Claimed Marks
[2025-01-09T00:57:55.906+0000][189146.272s][info][gc,marking  ] GC(6856) Concurrent Clear Claimed Marks 0.966ms
[2025-01-09T00:57:55.906+0000][189146.272s][info][gc,marking  ] GC(6856) Concurrent Scan Root Regions
[2025-01-09T00:57:55.928+0000][189146.294s][info][gc,marking  ] GC(6856) Concurrent Scan Root Regions 21.313ms
[2025-01-09T00:57:55.928+0000][189146.294s][info][gc,marking  ] GC(6856) Concurrent Mark
[2025-01-09T00:57:55.928+0000][189146.294s][info][gc,marking  ] GC(6856) Concurrent Mark From Roots
[2025-01-09T00:57:55.928+0000][189146.294s][info][gc,task     ] GC(6856) Using 2 workers of 2 for marking
[2025-01-09T00:57:56.729+0000][189147.095s][info][gc,marking  ] GC(6856) Concurrent Mark From Roots 801.783ms
[2025-01-09T00:57:56.729+0000][189147.096s][info][gc,marking  ] GC(6856) Concurrent Preclean
[2025-01-09T00:57:56.733+0000][189147.099s][info][gc,marking  ] GC(6856) Concurrent Preclean 3.247ms
[2025-01-09T00:57:56.733+0000][189147.099s][info][gc,start    ] GC(6856) Pause Remark
[2025-01-09T00:57:56.760+0000][189147.126s][info][gc          ] GC(6856) Pause Remark 2978M->2978M(12288M) 27.401ms
[2025-01-09T00:57:56.760+0000][189147.126s][info][gc,cpu      ] GC(6856) User=0.16s Sys=0.00s Real=0.02s
[2025-01-09T00:57:56.760+0000][189147.127s][info][gc,marking  ] GC(6856) Concurrent Mark 832.832ms
[2025-01-09T00:57:56.760+0000][189147.127s][info][gc,marking  ] GC(6856) Concurrent Rebuild Remembered Sets
[2025-01-09T00:57:57.313+0000][189147.679s][info][gc,marking  ] GC(6856) Concurrent Rebuild Remembered Sets 552.413ms
[2025-01-09T00:57:57.313+0000][189147.679s][info][gc,start    ] GC(6856) Pause Cleanup
[2025-01-09T00:57:57.313+0000][189147.679s][info][gc          ] GC(6856) Pause Cleanup 3466M->3466M(12288M) 0.377ms
[2025-01-09T00:57:57.313+0000][189147.679s][info][gc,cpu      ] GC(6856) User=0.00s Sys=0.00s Real=0.00s
[2025-01-09T00:57:57.313+0000][189147.680s][info][gc,marking  ] GC(6856) Concurrent Cleanup for Next Mark
[2025-01-09T00:57:57.329+0000][189147.695s][info][gc,marking  ] GC(6856) Concurrent Cleanup for Next Mark 15.566ms
[2025-01-09T00:57:57.329+0000][189147.695s][info][gc          ] GC(6856) Concurrent Mark Cycle 1423.848ms
[2025-01-09T00:58:03.871+0000][189154.237s][info][gc,start    ] GC(6857) Pause Young (Prepare Mixed) (G1 Evacuation Pause)
[2025-01-09T00:58:03.871+0000][189154.237s][info][gc,task     ] GC(6857) Using 6 workers of 6 for evacuation
[2025-01-09T00:58:03.904+0000][189154.270s][info][gc,phases   ] GC(6857)   Pre Evacuate Collection Set: 0.2ms
[2025-01-09T00:58:03.904+0000][189154.270s][info][gc,phases   ] GC(6857)   Merge Heap Roots: 0.6ms
[2025-01-09T00:58:03.904+0000][189154.270s][info][gc,phases   ] GC(6857)   Evacuate Collection Set: 28.4ms
[2025-01-09T00:58:03.904+0000][189154.270s][info][gc,phases   ] GC(6857)   Post Evacuate Collection Set: 3.7ms
[2025-01-09T00:58:03.904+0000][189154.270s][info][gc,phases   ] GC(6857)   Other: 0.2ms
[2025-01-09T00:58:03.904+0000][189154.270s][info][gc,heap     ] GC(6857) Eden regions: 914->0(68)
[2025-01-09T00:58:03.904+0000][189154.270s][info][gc,heap     ] GC(6857) Survivor regions: 7->8(116)
[2025-01-09T00:58:03.904+0000][189154.270s][info][gc,heap     ] GC(6857) Old regions: 232->232
[2025-01-09T00:58:03.904+0000][189154.270s][info][gc,heap     ] GC(6857) Archive regions: 2->2
[2025-01-09T00:58:03.904+0000][189154.270s][info][gc,heap     ] GC(6857) Humongous regions: 49->49
[2025-01-09T00:58:03.904+0000][189154.270s][info][gc,metaspace] GC(6857) Metaspace: 524717K(534080K)->524717K(534080K) NonClass: 460774K(465344K)->460774K(465344K) Class: 63943K(68736K)->63943K(68736K)
[2025-01-09T00:58:03.904+0000][189154.270s][info][gc          ] GC(6857) Pause Young (Prepare Mixed) (G1 Evacuation Pause) 9614M->2307M(12288M) 33.228ms
[2025-01-09T00:58:03.904+0000][189154.270s][info][gc,cpu      ] GC(6857) User=0.20s Sys=0.00s Real=0.03s
[2025-01-09T00:58:04.620+0000][189154.986s][info][gc,start    ] GC(6858) Pause Young (Mixed) (G1 Evacuation Pause)
[2025-01-09T00:58:04.620+0000][189154.986s][info][gc,task     ] GC(6858) Using 6 workers of 6 for evacuation
[2025-01-09T00:58:04.681+0000][189155.047s][info][gc,phases   ] GC(6858)   Pre Evacuate Collection Set: 0.2ms
[2025-01-09T00:58:04.681+0000][189155.047s][info][gc,phases   ] GC(6858)   Merge Heap Roots: 0.6ms
[2025-01-09T00:58:04.681+0000][189155.047s][info][gc,phases   ] GC(6858)   Evacuate Collection Set: 58.9ms
[2025-01-09T00:58:04.681+0000][189155.047s][info][gc,phases   ] GC(6858)   Post Evacuate Collection Set: 1.8ms
[2025-01-09T00:58:04.681+0000][189155.047s][info][gc,phases   ] GC(6858)   Other: 0.2ms
[2025-01-09T00:58:04.681+0000][189155.047s][info][gc,heap     ] GC(6858) Eden regions: 68->0(915)
[2025-01-09T00:58:04.681+0000][189155.047s][info][gc,heap     ] GC(6858) Survivor regions: 8->6(10)
[2025-01-09T00:58:04.681+0000][189155.047s][info][gc,heap     ] GC(6858) Old regions: 232->232
[2025-01-09T00:58:04.681+0000][189155.047s][info][gc,heap     ] GC(6858) Archive regions: 2->2
[2025-01-09T00:58:04.681+0000][189155.047s][info][gc,heap     ] GC(6858) Humongous regions: 49->49
[2025-01-09T00:58:04.681+0000][189155.047s][info][gc,metaspace] GC(6858) Metaspace: 524717K(534080K)->524717K(534080K) NonClass: 460774K(465344K)->460774K(465344K) Class: 63943K(68736K)->63943K(68736K)
[2025-01-09T00:58:04.681+0000][189155.047s][info][gc          ] GC(6858) Pause Young (Mixed) (G1 Evacuation Pause) 2851M->2290M(12288M) 61.789ms
[2025-01-09T00:58:04.681+0000][189155.047s][info][gc,cpu      ] GC(6858) User=0.36s Sys=0.00s Real=0.06s
[2025-01-09T00:58:12.101+0000][189162.467s][info][gc,start    ] GC(6859) Pause Young (Normal) (G1 Evacuation Pause)
[2025-01-09T00:58:12.101+0000][189162.467s][info][gc,task     ] GC(6859) Using 6 workers of 6 for evacuation
[2025-01-09T00:58:12.129+0000][189162.495s][info][gc,phases   ] GC(6859)   Pre Evacuate Collection Set: 0.2ms
[2025-01-09T00:58:12.129+0000][189162.495s][info][gc,phases   ] GC(6859)   Merge Heap Roots: 0.5ms
[2025-01-09T00:58:12.129+0000][189162.495s][info][gc,phases   ] GC(6859)   Evacuate Collection Set: 25.0ms
[2025-01-09T00:58:12.129+0000][189162.495s][info][gc,phases   ] GC(6859)   Post Evacuate Collection Set: 2.5ms
[2025-01-09T00:58:12.129+0000][189162.495s][info][gc,phases   ] GC(6859)   Other: 0.2ms
[2025-01-09T00:58:12.129+0000][189162.495s][info][gc,heap     ] GC(6859) Eden regions: 915->0(915)
[2025-01-09T00:58:12.129+0000][189162.495s][info][gc,heap     ] GC(6859) Survivor regions: 6->6(116)
[2025-01-09T00:58:12.129+0000][189162.495s][info][gc,heap     ] GC(6859) Old regions: 232->232
[2025-01-09T00:58:12.129+0000][189162.495s][info][gc,heap     ] GC(6859) Archive regions: 2->2
[2025-01-09T00:58:12.129+0000][189162.495s][info][gc,heap     ] GC(6859) Humongous regions: 49->49
[2025-01-09T00:58:12.129+0000][189162.495s][info][gc,metaspace] GC(6859) Metaspace: 524717K(534080K)->524717K(534080K) NonClass: 460774K(465344K)->460774K(465344K) Class: 63943K(68736K)->63943K(68736K)
[2025-01-09T00:58:12.129+0000][189162.495s][info][gc          ] GC(6859) Pause Young (Normal) (G1 Evacuation Pause) 9610M->2296M(12288M) 28.439ms
[2025-01-09T00:58:12.129+0000][189162.495s][info][gc,cpu      ] GC(6859) User=0.17s Sys=0.00s Real=0.03s
[2025-01-09T00:58:21.662+0000][189172.028s][info][gc,start    ] GC(6860) Pause Young (Normal) (G1 Evacuation Pause)
[2025-01-09T00:58:21.662+0000][189172.028s][info][gc,task     ] GC(6860) Using 6 workers of 6 for evacuation
[2025-01-09T00:58:21.692+0000][189172.058s][info][gc,phases   ] GC(6860)   Pre Evacuate Collection Set: 0.2ms
[2025-01-09T00:58:21.692+0000][189172.058s][info][gc,phases   ] GC(6860)   Merge Heap Roots: 0.4ms
[2025-01-09T00:58:21.692+0000][189172.058s][info][gc,phases   ] GC(6860)   Evacuate Collection Set: 26.5ms
[2025-01-09T00:58:21.692+0000][189172.058s][info][gc,phases   ] GC(6860)   Post Evacuate Collection Set: 2.6ms
[2025-01-09T00:58:21.692+0000][189172.058s][info][gc,phases   ] GC(6860)   Other: 0.2ms
[2025-01-09T00:58:21.692+0000][189172.058s][info][gc,heap     ] GC(6860) Eden regions: 915->0(913)
[2025-01-09T00:58:21.692+0000][189172.058s][info][gc,heap     ] GC(6860) Survivor regions: 6->8(116)
[2025-01-09T00:58:21.692+0000][189172.058s][info][gc,heap     ] GC(6860) Old regions: 232->232
[2025-01-09T00:58:21.692+0000][189172.058s][info][gc,heap     ] GC(6860) Archive regions: 2->2
[2025-01-09T00:58:21.692+0000][189172.058s][info][gc,heap     ] GC(6860) Humongous regions: 49->49
[2025-01-09T00:58:21.692+0000][189172.058s][info][gc,metaspace] GC(6860) Metaspace: 524718K(534080K)->524718K(534080K) NonClass: 460775K(465344K)->460775K(465344K) Class: 63943K(68736K)->63943K(68736K)
[2025-01-09T00:58:21.692+0000][189172.058s][info][gc          ] GC(6860) Pause Young (Normal) (G1 Evacuation Pause) 9616M->2308M(12288M) 30.000ms
[2025-01-09T00:58:21.692+0000][189172.058s][info][gc,cpu      ] GC(6860) User=0.17s Sys=0.00s Real=0.03s
[2025-01-09T00:58:34.436+0000][189184.802s][info][gc,start    ] GC(6861) Pause Young (Concurrent Start) (G1 Evacuation Pause)
[2025-01-09T00:58:34.436+0000][189184.802s][info][gc,task     ] GC(6861) Using 6 workers of 6 for evacuation
[2025-01-09T00:58:34.473+0000][189184.839s][info][gc,phases   ] GC(6861)   Pre Evacuate Collection Set: 1.2ms
[2025-01-09T00:58:34.473+0000][189184.839s][info][gc,phases   ] GC(6861)   Merge Heap Roots: 0.5ms
[2025-01-09T00:58:34.473+0000][189184.839s][info][gc,phases   ] GC(6861)   Evacuate Collection Set: 31.8ms
[2025-01-09T00:58:34.473+0000][189184.839s][info][gc,phases   ] GC(6861)   Post Evacuate Collection Set: 2.7ms
[2025-01-09T00:58:34.473+0000][189184.839s][info][gc,phases   ] GC(6861)   Other: 0.3ms
[2025-01-09T00:58:34.473+0000][189184.839s][info][gc,heap     ] GC(6861) Eden regions: 913->0(911)
[2025-01-09T00:58:34.473+0000][189184.839s][info][gc,heap     ] GC(6861) Survivor regions: 8->10(116)
[2025-01-09T00:58:34.473+0000][189184.839s][info][gc,heap     ] GC(6861) Old regions: 232->232
[2025-01-09T00:58:34.473+0000][189184.839s][info][gc,heap     ] GC(6861) Archive regions: 2->2
[2025-01-09T00:58:34.473+0000][189184.839s][info][gc,heap     ] GC(6861) Humongous regions: 49->49
[2025-01-09T00:58:34.473+0000][189184.839s][info][gc,metaspace] GC(6861) Metaspace: 524718K(534080K)->524718K(534080K) NonClass: 460775K(465344K)->460775K(465344K) Class: 63943K(68736K)->63943K(68736K)
[2025-01-09T00:58:34.473+0000][189184.839s][info][gc          ] GC(6861) Pause Young (Concurrent Start) (G1 Evacuation Pause) 9612M->2322M(12288M) 36.463ms
[2025-01-09T00:58:34.473+0000][189184.839s][info][gc,cpu      ] GC(6861) User=0.21s Sys=0.00s Real=0.04s
[2025-01-09T00:58:34.473+0000][189184.839s][info][gc          ] GC(6862) Concurrent Mark Cycle
[2025-01-09T00:58:34.473+0000][189184.839s][info][gc,marking  ] GC(6862) Concurrent Clear Claimed Marks
[2025-01-09T00:58:34.474+0000][189184.840s][info][gc,marking  ] GC(6862) Concurrent Clear Claimed Marks 0.892ms
[2025-01-09T00:58:34.474+0000][189184.840s][info][gc,marking  ] GC(6862) Concurrent Scan Root Regions
[2025-01-09T00:58:34.497+0000][189184.863s][info][gc,marking  ] GC(6862) Concurrent Scan Root Regions 23.372ms
[2025-01-09T00:58:34.497+0000][189184.863s][info][gc,marking  ] GC(6862) Concurrent Mark
[2025-01-09T00:58:34.497+0000][189184.863s][info][gc,marking  ] GC(6862) Concurrent Mark From Roots
[2025-01-09T00:58:34.497+0000][189184.863s][info][gc,task     ] GC(6862) Using 2 workers of 2 for marking
[2025-01-09T00:58:35.317+0000][189185.683s][info][gc,marking  ] GC(6862) Concurrent Mark From Roots 819.793ms
[2025-01-09T00:58:35.317+0000][189185.683s][info][gc,marking  ] GC(6862) Concurrent Preclean
[2025-01-09T00:58:35.320+0000][189185.686s][info][gc,marking  ] GC(6862) Concurrent Preclean 2.570ms
[2025-01-09T00:58:35.320+0000][189185.686s][info][gc,start    ] GC(6862) Pause Remark
[2025-01-09T00:58:35.345+0000][189185.711s][info][gc          ] GC(6862) Pause Remark 2890M->2890M(12288M) 25.548ms
[2025-01-09T00:58:35.345+0000][189185.711s][info][gc,cpu      ] GC(6862) User=0.14s Sys=0.00s Real=0.03s
[2025-01-09T00:58:35.345+0000][189185.712s][info][gc,marking  ] GC(6862) Concurrent Mark 848.247ms
[2025-01-09T00:58:35.345+0000][189185.712s][info][gc,marking  ] GC(6862) Concurrent Rebuild Remembered Sets
[2025-01-09T00:58:35.915+0000][189186.282s][info][gc,marking  ] GC(6862) Concurrent Rebuild Remembered Sets 569.942ms
[2025-01-09T00:58:35.916+0000][189186.282s][info][gc,start    ] GC(6862) Pause Cleanup
[2025-01-09T00:58:35.916+0000][189186.282s][info][gc          ] GC(6862) Pause Cleanup 3168M->3168M(12288M) 0.391ms
[2025-01-09T00:58:35.916+0000][189186.282s][info][gc,cpu      ] GC(6862) User=0.00s Sys=0.00s Real=0.00s
[2025-01-09T00:58:35.916+0000][189186.282s][info][gc,marking  ] GC(6862) Concurrent Cleanup for Next Mark
[2025-01-09T00:58:35.932+0000][189186.298s][info][gc,marking  ] GC(6862) Concurrent Cleanup for Next Mark 16.210ms
[2025-01-09T00:58:35.932+0000][189186.298s][info][gc          ] GC(6862) Concurrent Mark Cycle 1459.417ms
[2025-01-09T00:58:43.881+0000][189194.247s][info][gc,start    ] GC(6863) Pause Young (Prepare Mixed) (G1 Evacuation Pause)
[2025-01-09T00:58:43.881+0000][189194.247s][info][gc,task     ] GC(6863) Using 6 workers of 6 for evacuation
[2025-01-09T00:58:43.924+0000][189194.290s][info][gc,phases   ] GC(6863)   Pre Evacuate Collection Set: 0.2ms
[2025-01-09T00:58:43.924+0000][189194.290s][info][gc,phases   ] GC(6863)   Merge Heap Roots: 0.7ms
[2025-01-09T00:58:43.924+0000][189194.290s][info][gc,phases   ] GC(6863)   Evacuate Collection Set: 36.6ms
[2025-01-09T00:58:43.924+0000][189194.290s][info][gc,phases   ] GC(6863)   Post Evacuate Collection Set: 5.4ms
[2025-01-09T00:58:43.924+0000][189194.290s][info][gc,phases   ] GC(6863)   Other: 0.2ms
[2025-01-09T00:58:43.924+0000][189194.290s][info][gc,heap     ] GC(6863) Eden regions: 911->0(64)
[2025-01-09T00:58:43.924+0000][189194.290s][info][gc,heap     ] GC(6863) Survivor regions: 10->12(116)
[2025-01-09T00:58:43.924+0000][189194.290s][info][gc,heap     ] GC(6863) Old regions: 232->232
[2025-01-09T00:58:43.924+0000][189194.290s][info][gc,heap     ] GC(6863) Archive regions: 2->2
[2025-01-09T00:58:43.924+0000][189194.290s][info][gc,heap     ] GC(6863) Humongous regions: 49->49
[2025-01-09T00:58:43.924+0000][189194.290s][info][gc,metaspace] GC(6863) Metaspace: 524718K(534080K)->524718K(534080K) NonClass: 460775K(465344K)->460775K(465344K) Class: 63943K(68736K)->63943K(68736K)
[2025-01-09T00:58:43.924+0000][189194.290s][info][gc          ] GC(6863) Pause Young (Prepare Mixed) (G1 Evacuation Pause) 9610M->2344M(12288M) 43.202ms
[2025-01-09T00:58:43.924+0000][189194.290s][info][gc,cpu      ] GC(6863) User=0.26s Sys=0.00s Real=0.05s
[2025-01-09T00:58:44.946+0000][189195.312s][info][gc,start    ] GC(6864) Pause Young (Mixed) (G1 Evacuation Pause)
[2025-01-09T00:58:44.946+0000][189195.312s][info][gc,task     ] GC(6864) Using 6 workers of 6 for evacuation
[2025-01-09T00:58:45.007+0000][189195.373s][info][gc,phases   ] GC(6864)   Pre Evacuate Collection Set: 0.2ms
[2025-01-09T00:58:45.007+0000][189195.373s][info][gc,phases   ] GC(6864)   Merge Heap Roots: 0.7ms
[2025-01-09T00:58:45.007+0000][189195.373s][info][gc,phases   ] GC(6864)   Evacuate Collection Set: 58.4ms
[2025-01-09T00:58:45.007+0000][189195.373s][info][gc,phases   ] GC(6864)   Post Evacuate Collection Set: 1.7ms
[2025-01-09T00:58:45.007+0000][189195.373s][info][gc,phases   ] GC(6864)   Other: 0.2ms
[2025-01-09T00:58:45.007+0000][189195.373s][info][gc,heap     ] GC(6864) Eden regions: 64->0(917)
[2025-01-09T00:58:45.007+0000][189195.373s][info][gc,heap     ] GC(6864) Survivor regions: 12->4(10)
[2025-01-09T00:58:45.007+0000][189195.373s][info][gc,heap     ] GC(6864) Old regions: 232->234
[2025-01-09T00:58:45.007+0000][189195.373s][info][gc,heap     ] GC(6864) Archive regions: 2->2
[2025-01-09T00:58:45.007+0000][189195.373s][info][gc,heap     ] GC(6864) Humongous regions: 49->49
[2025-01-09T00:58:45.007+0000][189195.373s][info][gc,metaspace] GC(6864) Metaspace: 524718K(534080K)->524718K(534080K) NonClass: 460775K(465344K)->460775K(465344K) Class: 63943K(68736K)->63943K(68736K)
[2025-01-09T00:58:45.007+0000][189195.373s][info][gc          ] GC(6864) Pause Young (Mixed) (G1 Evacuation Pause) 2856M->2295M(12288M) 61.185ms
[2025-01-09T00:58:45.007+0000][189195.373s][info][gc,cpu      ] GC(6864) User=0.36s Sys=0.00s Real=0.06s
[2025-01-09T00:58:56.481+0000][189206.848s][info][gc,start    ] GC(6865) Pause Young (Normal) (G1 Evacuation Pause)
[2025-01-09T00:58:56.482+0000][189206.848s][info][gc,task     ] GC(6865) Using 6 workers of 6 for evacuation
[2025-01-09T00:58:56.507+0000][189206.873s][info][gc,phases   ] GC(6865)   Pre Evacuate Collection Set: 0.2ms
[2025-01-09T00:58:56.507+0000][189206.873s][info][gc,phases   ] GC(6865)   Merge Heap Roots: 0.4ms
[2025-01-09T00:58:56.507+0000][189206.873s][info][gc,phases   ] GC(6865)   Evacuate Collection Set: 21.0ms
[2025-01-09T00:58:56.507+0000][189206.873s][info][gc,phases   ] GC(6865)   Post Evacuate Collection Set: 3.8ms
[2025-01-09T00:58:56.507+0000][189206.873s][info][gc,phases   ] GC(6865)   Other: 0.2ms
[2025-01-09T00:58:56.507+0000][189206.873s][info][gc,heap     ] GC(6865) Eden regions: 917->0(915)
[2025-01-09T00:58:56.507+0000][189206.873s][info][gc,heap     ] GC(6865) Survivor regions: 4->6(116)
[2025-01-09T00:58:56.507+0000][189206.873s][info][gc,heap     ] GC(6865) Old regions: 234->234
[2025-01-09T00:58:56.507+0000][189206.873s][info][gc,heap     ] GC(6865) Archive regions: 2->2
[2025-01-09T00:58:56.507+0000][189206.873s][info][gc,heap     ] GC(6865) Humongous regions: 49->49
[2025-01-09T00:58:56.507+0000][189206.873s][info][gc,metaspace] GC(6865) Metaspace: 524718K(534080K)->524718K(534080K) NonClass: 460775K(465344K)->460775K(465344K) Class: 63943K(68736K)->63943K(68736K)
[2025-01-09T00:58:56.507+0000][189206.873s][info][gc          ] GC(6865) Pause Young (Normal) (G1 Evacuation Pause) 9631M->2307M(12288M) 25.705ms
[2025-01-09T00:58:56.507+0000][189206.873s][info][gc,cpu      ] GC(6865) User=0.15s Sys=0.00s Real=0.02s
[2025-01-09T00:59:05.598+0000][189215.964s][info][gc,start    ] GC(6866) Pause Young (Normal) (G1 Evacuation Pause)
[2025-01-09T00:59:05.598+0000][189215.964s][info][gc,task     ] GC(6866) Using 6 workers of 6 for evacuation
[2025-01-09T00:59:05.625+0000][189215.991s][info][gc,phases   ] GC(6866)   Pre Evacuate Collection Set: 0.2ms
[2025-01-09T00:59:05.625+0000][189215.991s][info][gc,phases   ] GC(6866)   Merge Heap Roots: 0.4ms
[2025-01-09T00:59:05.625+0000][189215.991s][info][gc,phases   ] GC(6866)   Evacuate Collection Set: 23.9ms
[2025-01-09T00:59:05.625+0000][189215.991s][info][gc,phases   ] GC(6866)   Post Evacuate Collection Set: 2.4ms
[2025-01-09T00:59:05.625+0000][189215.991s][info][gc,phases   ] GC(6866)   Other: 0.2ms
[2025-01-09T00:59:05.625+0000][189215.991s][info][gc,heap     ] GC(6866) Eden regions: 915->0(914)
[2025-01-09T00:59:05.625+0000][189215.991s][info][gc,heap     ] GC(6866) Survivor regions: 6->7(116)
[2025-01-09T00:59:05.625+0000][189215.991s][info][gc,heap     ] GC(6866) Old regions: 234->234
[2025-01-09T00:59:05.625+0000][189215.991s][info][gc,heap     ] GC(6866) Archive regions: 2->2
[2025-01-09T00:59:05.625+0000][189215.991s][info][gc,heap     ] GC(6866) Humongous regions: 49->49
[2025-01-09T00:59:05.625+0000][189215.991s][info][gc,metaspace] GC(6866) Metaspace: 524718K(534080K)->524718K(534080K) NonClass: 460775K(465344K)->460775K(465344K) Class: 63943K(68736K)->63943K(68736K)
[2025-01-09T00:59:05.625+0000][189215.991s][info][gc          ] GC(6866) Pause Young (Normal) (G1 Evacuation Pause) 9627M->2314M(12288M) 27.235ms
[2025-01-09T00:59:05.625+0000][189215.991s][info][gc,cpu      ] GC(6866) User=0.16s Sys=0.00s Real=0.03s
[2025-01-09T00:59:10.910+0000][189221.276s][info][gc,start    ] GC(6867) Pause Young (Concurrent Start) (G1 Evacuation Pause)
[2025-01-09T00:59:10.910+0000][189221.276s][info][gc,task     ] GC(6867) Using 6 workers of 6 for evacuation
[2025-01-09T00:59:10.940+0000][189221.306s][info][gc,phases   ] GC(6867)   Pre Evacuate Collection Set: 1.1ms
[2025-01-09T00:59:10.940+0000][189221.306s][info][gc,phases   ] GC(6867)   Merge Heap Roots: 0.4ms
[2025-01-09T00:59:10.940+0000][189221.306s][info][gc,phases   ] GC(6867)   Evacuate Collection Set: 26.3ms
[2025-01-09T00:59:10.940+0000][189221.306s][info][gc,phases   ] GC(6867)   Post Evacuate Collection Set: 2.5ms
[2025-01-09T00:59:10.940+0000][189221.306s][info][gc,phases   ] GC(6867)   Other: 0.3ms
[2025-01-09T00:59:10.940+0000][189221.306s][info][gc,heap     ] GC(6867) Eden regions: 914->0(913)
[2025-01-09T00:59:10.940+0000][189221.306s][info][gc,heap     ] GC(6867) Survivor regions: 7->8(116)
[2025-01-09T00:59:10.940+0000][189221.306s][info][gc,heap     ] GC(6867) Old regions: 234->234
[2025-01-09T00:59:10.940+0000][189221.306s][info][gc,heap     ] GC(6867) Archive regions: 2->2
[2025-01-09T00:59:10.940+0000][189221.306s][info][gc,heap     ] GC(6867) Humongous regions: 49->49
[2025-01-09T00:59:10.940+0000][189221.306s][info][gc,metaspace] GC(6867) Metaspace: 524718K(534080K)->524718K(534080K) NonClass: 460775K(465344K)->460775K(465344K) Class: 63943K(68736K)->63943K(68736K)
[2025-01-09T00:59:10.940+0000][189221.306s][info][gc          ] GC(6867) Pause Young (Concurrent Start) (G1 Evacuation Pause) 9626M->2322M(12288M) 30.730ms
[2025-01-09T00:59:10.940+0000][189221.307s][info][gc,cpu      ] GC(6867) User=0.17s Sys=0.00s Real=0.02s
[2025-01-09T00:59:10.940+0000][189221.307s][info][gc          ] GC(6868) Concurrent Mark Cycle
[2025-01-09T00:59:10.940+0000][189221.307s][info][gc,marking  ] GC(6868) Concurrent Clear Claimed Marks
[2025-01-09T00:59:10.941+0000][189221.307s][info][gc,marking  ] GC(6868) Concurrent Clear Claimed Marks 0.893ms
[2025-01-09T00:59:10.941+0000][189221.307s][info][gc,marking  ] GC(6868) Concurrent Scan Root Regions
[2025-01-09T00:59:10.977+0000][189221.343s][info][gc,marking  ] GC(6868) Concurrent Scan Root Regions 35.567ms
[2025-01-09T00:59:10.977+0000][189221.343s][info][gc,marking  ] GC(6868) Concurrent Mark
[2025-01-09T00:59:10.977+0000][189221.343s][info][gc,marking  ] GC(6868) Concurrent Mark From Roots
[2025-01-09T00:59:10.977+0000][189221.343s][info][gc,task     ] GC(6868) Using 2 workers of 2 for marking
[2025-01-09T00:59:12.068+0000][189222.434s][info][gc,marking  ] GC(6868) Concurrent Mark From Roots 1091.022ms
[2025-01-09T00:59:12.068+0000][189222.434s][info][gc,marking  ] GC(6868) Concurrent Preclean
[2025-01-09T00:59:12.072+0000][189222.438s][info][gc,marking  ] GC(6868) Concurrent Preclean 3.538ms
[2025-01-09T00:59:12.072+0000][189222.438s][info][gc,start    ] GC(6868) Pause Remark
[2025-01-09T00:59:12.097+0000][189222.463s][info][gc          ] GC(6868) Pause Remark 4238M->4238M(12288M) 25.442ms
[2025-01-09T00:59:12.097+0000][189222.463s][info][gc,cpu      ] GC(6868) User=0.14s Sys=0.00s Real=0.02s
[2025-01-09T00:59:12.097+0000][189222.463s][info][gc,marking  ] GC(6868) Concurrent Mark 1120.368ms
[2025-01-09T00:59:12.097+0000][189222.463s][info][gc,marking  ] GC(6868) Concurrent Rebuild Remembered Sets
[2025-01-09T00:59:12.629+0000][189222.995s][info][gc,marking  ] GC(6868) Concurrent Rebuild Remembered Sets 531.230ms
[2025-01-09T00:59:12.629+0000][189222.995s][info][gc,start    ] GC(6868) Pause Cleanup
[2025-01-09T00:59:12.629+0000][189222.995s][info][gc          ] GC(6868) Pause Cleanup 4886M->4886M(12288M) 0.417ms
[2025-01-09T00:59:12.629+0000][189222.995s][info][gc,cpu      ] GC(6868) User=0.00s Sys=0.00s Real=0.00s
[2025-01-09T00:59:12.629+0000][189222.995s][info][gc,marking  ] GC(6868) Concurrent Cleanup for Next Mark
[2025-01-09T00:59:12.645+0000][189223.011s][info][gc,marking  ] GC(6868) Concurrent Cleanup for Next Mark 15.293ms
[2025-01-09T00:59:12.645+0000][189223.011s][info][gc          ] GC(6868) Concurrent Mark Cycle 1704.169ms
[2025-01-09T00:59:15.138+0000][189225.504s][info][gc,start    ] GC(6869) Pause Young (Prepare Mixed) (G1 Evacuation Pause)
[2025-01-09T00:59:15.138+0000][189225.504s][info][gc,task     ] GC(6869) Using 6 workers of 6 for evacuation
[2025-01-09T00:59:15.170+0000][189225.536s][info][gc,phases   ] GC(6869)   Pre Evacuate Collection Set: 0.2ms
[2025-01-09T00:59:15.170+0000][189225.536s][info][gc,phases   ] GC(6869)   Merge Heap Roots: 0.6ms
[2025-01-09T00:59:15.170+0000][189225.536s][info][gc,phases   ] GC(6869)   Evacuate Collection Set: 28.2ms
[2025-01-09T00:59:15.170+0000][189225.536s][info][gc,phases   ] GC(6869)   Post Evacuate Collection Set: 2.5ms
[2025-01-09T00:59:15.170+0000][189225.536s][info][gc,phases   ] GC(6869)   Other: 0.2ms
[2025-01-09T00:59:15.170+0000][189225.536s][info][gc,heap     ] GC(6869) Eden regions: 913->0(67)
[2025-01-09T00:59:15.170+0000][189225.536s][info][gc,heap     ] GC(6869) Survivor regions: 8->9(116)
[2025-01-09T00:59:15.170+0000][189225.536s][info][gc,heap     ] GC(6869) Old regions: 234->234
[2025-01-09T00:59:15.170+0000][189225.536s][info][gc,heap     ] GC(6869) Archive regions: 2->2
[2025-01-09T00:59:15.170+0000][189225.536s][info][gc,heap     ] GC(6869) Humongous regions: 49->49
[2025-01-09T00:59:15.170+0000][189225.536s][info][gc,metaspace] GC(6869) Metaspace: 524718K(534080K)->524718K(534080K) NonClass: 460775K(465344K)->460775K(465344K) Class: 63943K(68736K)->63943K(68736K)
[2025-01-09T00:59:15.170+0000][189225.536s][info][gc          ] GC(6869) Pause Young (Prepare Mixed) (G1 Evacuation Pause) 9626M->2329M(12288M) 31.778ms
[2025-01-09T00:59:15.170+0000][189225.536s][info][gc,cpu      ] GC(6869) User=0.19s Sys=0.00s Real=0.04s
[2025-01-09T00:59:15.442+0000][189225.808s][info][gc,start    ] GC(6870) Pause Young (Mixed) (G1 Evacuation Pause)
[2025-01-09T00:59:15.442+0000][189225.808s][info][gc,task     ] GC(6870) Using 6 workers of 6 for evacuation
[2025-01-09T00:59:15.481+0000][189225.847s][info][gc,phases   ] GC(6870)   Pre Evacuate Collection Set: 0.2ms
[2025-01-09T00:59:15.481+0000][189225.847s][info][gc,phases   ] GC(6870)   Merge Heap Roots: 0.4ms
[2025-01-09T00:59:15.481+0000][189225.847s][info][gc,phases   ] GC(6870)   Evacuate Collection Set: 37.5ms
[2025-01-09T00:59:15.481+0000][189225.847s][info][gc,phases   ] GC(6870)   Post Evacuate Collection Set: 1.5ms
[2025-01-09T00:59:15.481+0000][189225.848s][info][gc,phases   ] GC(6870)   Other: 0.2ms
[2025-01-09T00:59:15.481+0000][189225.848s][info][gc,heap     ] GC(6870) Eden regions: 67->0(915)
[2025-01-09T00:59:15.481+0000][189225.848s][info][gc,heap     ] GC(6870) Survivor regions: 9->6(10)
[2025-01-09T00:59:15.481+0000][189225.848s][info][gc,heap     ] GC(6870) Old regions: 234->231
[2025-01-09T00:59:15.481+0000][189225.848s][info][gc,heap     ] GC(6870) Archive regions: 2->2
[2025-01-09T00:59:15.481+0000][189225.848s][info][gc,heap     ] GC(6870) Humongous regions: 49->49
[2025-01-09T00:59:15.481+0000][189225.848s][info][gc,metaspace] GC(6870) Metaspace: 524718K(534080K)->524718K(534080K) NonClass: 460775K(465344K)->460775K(465344K) Class: 63943K(68736K)->63943K(68736K)
[2025-01-09T00:59:15.481+0000][189225.848s][info][gc          ] GC(6870) Pause Young (Mixed) (G1 Evacuation Pause) 2865M->2283M(12288M) 39.902ms
[2025-01-09T00:59:15.482+0000][189225.848s][info][gc,cpu      ] GC(6870) User=0.24s Sys=0.00s Real=0.04s
[2025-01-09T00:59:22.519+0000][189232.885s][info][gc,start    ] GC(6871) Pause Young (Normal) (G1 Evacuation Pause)
[2025-01-09T00:59:22.519+0000][189232.885s][info][gc,task     ] GC(6871) Using 6 workers of 6 for evacuation
[2025-01-09T00:59:22.544+0000][189232.910s][info][gc,phases   ] GC(6871)   Pre Evacuate Collection Set: 0.2ms
[2025-01-09T00:59:22.544+0000][189232.910s][info][gc,phases   ] GC(6871)   Merge Heap Roots: 0.4ms
[2025-01-09T00:59:22.544+0000][189232.910s][info][gc,phases   ] GC(6871)   Evacuate Collection Set: 21.8ms
[2025-01-09T00:59:22.544+0000][189232.910s][info][gc,phases   ] GC(6871)   Post Evacuate Collection Set: 2.5ms
[2025-01-09T00:59:22.544+0000][189232.910s][info][gc,phases   ] GC(6871)   Other: 0.2ms
[2025-01-09T00:59:22.544+0000][189232.910s][info][gc,heap     ] GC(6871) Eden regions: 915->0(915)
[2025-01-09T00:59:22.544+0000][189232.910s][info][gc,heap     ] GC(6871) Survivor regions: 6->6(116)
[2025-01-09T00:59:22.544+0000][189232.910s][info][gc,heap     ] GC(6871) Old regions: 231->231
[2025-01-09T00:59:22.544+0000][189232.910s][info][gc,heap     ] GC(6871) Archive regions: 2->2
[2025-01-09T00:59:22.544+0000][189232.910s][info][gc,heap     ] GC(6871) Humongous regions: 49->49
[2025-01-09T00:59:22.544+0000][189232.910s][info][gc,metaspace] GC(6871) Metaspace: 524718K(534080K)->524718K(534080K) NonClass: 460775K(465344K)->460775K(465344K) Class: 63943K(68736K)->63943K(68736K)
[2025-01-09T00:59:22.544+0000][189232.910s][info][gc          ] GC(6871) Pause Young (Normal) (G1 Evacuation Pause) 9603M->2286M(12288M) 25.123ms
[2025-01-09T00:59:22.544+0000][189232.910s][info][gc,cpu      ] GC(6871) User=0.15s Sys=0.00s Real=0.03s
[2025-01-09T00:59:29.431+0000][189239.797s][info][gc,start    ] GC(6872) Pause Young (Normal) (G1 Evacuation Pause)
[2025-01-09T00:59:29.431+0000][189239.797s][info][gc,task     ] GC(6872) Using 6 workers of 6 for evacuation
[2025-01-09T00:59:29.458+0000][189239.825s][info][gc,phases   ] GC(6872)   Pre Evacuate Collection Set: 0.2ms
[2025-01-09T00:59:29.458+0000][189239.825s][info][gc,phases   ] GC(6872)   Merge Heap Roots: 0.4ms
[2025-01-09T00:59:29.458+0000][189239.825s][info][gc,phases   ] GC(6872)   Evacuate Collection Set: 24.1ms
[2025-01-09T00:59:29.458+0000][189239.825s][info][gc,phases   ] GC(6872)   Post Evacuate Collection Set: 2.6ms
[2025-01-09T00:59:29.458+0000][189239.825s][info][gc,phases   ] GC(6872)   Other: 0.2ms
[2025-01-09T00:59:29.458+0000][189239.825s][info][gc,heap     ] GC(6872) Eden regions: 915->0(914)
[2025-01-09T00:59:29.458+0000][189239.825s][info][gc,heap     ] GC(6872) Survivor regions: 6->7(116)
[2025-01-09T00:59:29.458+0000][189239.825s][info][gc,heap     ] GC(6872) Old regions: 231->231
[2025-01-09T00:59:29.458+0000][189239.825s][info][gc,heap     ] GC(6872) Archive regions: 2->2
[2025-01-09T00:59:29.458+0000][189239.825s][info][gc,heap     ] GC(6872) Humongous regions: 49->49
[2025-01-09T00:59:29.458+0000][189239.825s][info][gc,metaspace] GC(6872) Metaspace: 524718K(534080K)->524718K(534080K) NonClass: 460775K(465344K)->460775K(465344K) Class: 63943K(68736K)->63943K(68736K)
[2025-01-09T00:59:29.459+0000][189239.825s][info][gc          ] GC(6872) Pause Young (Normal) (G1 Evacuation Pause) 9606M->2294M(12288M) 27.590ms
[2025-01-09T00:59:29.459+0000][189239.825s][info][gc,cpu      ] GC(6872) User=0.16s Sys=0.00s Real=0.02s
[2025-01-09T00:59:41.642+0000][189252.008s][info][gc,start    ] GC(6873) Pause Young (Concurrent Start) (G1 Evacuation Pause)
[2025-01-09T00:59:41.642+0000][189252.008s][info][gc,task     ] GC(6873) Using 6 workers of 6 for evacuation
[2025-01-09T00:59:41.678+0000][189252.044s][info][gc,phases   ] GC(6873)   Pre Evacuate Collection Set: 1.1ms
[2025-01-09T00:59:41.678+0000][189252.044s][info][gc,phases   ] GC(6873)   Merge Heap Roots: 0.5ms
[2025-01-09T00:59:41.678+0000][189252.044s][info][gc,phases   ] GC(6873)   Evacuate Collection Set: 28.7ms
[2025-01-09T00:59:41.678+0000][189252.044s][info][gc,phases   ] GC(6873)   Post Evacuate Collection Set: 5.3ms
[2025-01-09T00:59:41.678+0000][189252.044s][info][gc,phases   ] GC(6873)   Other: 0.3ms
[2025-01-09T00:59:41.678+0000][189252.044s][info][gc,heap     ] GC(6873) Eden regions: 914->0(911)
[2025-01-09T00:59:41.678+0000][189252.044s][info][gc,heap     ] GC(6873) Survivor regions: 7->10(116)
[2025-01-09T00:59:41.678+0000][189252.044s][info][gc,heap     ] GC(6873) Old regions: 231->231
[2025-01-09T00:59:41.678+0000][189252.044s][info][gc,heap     ] GC(6873) Archive regions: 2->2
[2025-01-09T00:59:41.678+0000][189252.044s][info][gc,heap     ] GC(6873) Humongous regions: 49->49
[2025-01-09T00:59:41.678+0000][189252.044s][info][gc,metaspace] GC(6873) Metaspace: 524718K(534080K)->524718K(534080K) NonClass: 460775K(465344K)->460775K(465344K) Class: 63943K(68736K)->63943K(68736K)
[2025-01-09T00:59:41.678+0000][189252.044s][info][gc          ] GC(6873) Pause Young (Concurrent Start) (G1 Evacuation Pause) 9606M->2316M(12288M) 35.936ms
[2025-01-09T00:59:41.678+0000][189252.044s][info][gc,cpu      ] GC(6873) User=0.20s Sys=0.00s Real=0.03s
[2025-01-09T00:59:41.678+0000][189252.044s][info][gc          ] GC(6874) Concurrent Mark Cycle
[2025-01-09T00:59:41.678+0000][189252.044s][info][gc,marking  ] GC(6874) Concurrent Clear Claimed Marks
[2025-01-09T00:59:41.679+0000][189252.045s][info][gc,marking  ] GC(6874) Concurrent Clear Claimed Marks 0.942ms
[2025-01-09T00:59:41.679+0000][189252.045s][info][gc,marking  ] GC(6874) Concurrent Scan Root Regions
[2025-01-09T00:59:41.704+0000][189252.070s][info][gc,marking  ] GC(6874) Concurrent Scan Root Regions 25.093ms
[2025-01-09T00:59:41.704+0000][189252.070s][info][gc,marking  ] GC(6874) Concurrent Mark
[2025-01-09T00:59:41.704+0000][189252.070s][info][gc,marking  ] GC(6874) Concurrent Mark From Roots
[2025-01-09T00:59:41.704+0000][189252.070s][info][gc,task     ] GC(6874) Using 2 workers of 2 for marking
[2025-01-09T00:59:42.520+0000][189252.886s][info][gc,marking  ] GC(6874) Concurrent Mark From Roots 815.890ms
[2025-01-09T00:59:42.520+0000][189252.886s][info][gc,marking  ] GC(6874) Concurrent Preclean
[2025-01-09T00:59:42.522+0000][189252.889s][info][gc,marking  ] GC(6874) Concurrent Preclean 2.576ms
[2025-01-09T00:59:42.523+0000][189252.889s][info][gc,start    ] GC(6874) Pause Remark
[2025-01-09T00:59:42.548+0000][189252.914s][info][gc          ] GC(6874) Pause Remark 2864M->2864M(12288M) 25.486ms
[2025-01-09T00:59:42.548+0000][189252.914s][info][gc,cpu      ] GC(6874) User=0.15s Sys=0.00s Real=0.02s
[2025-01-09T00:59:42.548+0000][189252.914s][info][gc,marking  ] GC(6874) Concurrent Mark 844.251ms
[2025-01-09T00:59:42.548+0000][189252.914s][info][gc,marking  ] GC(6874) Concurrent Rebuild Remembered Sets
[2025-01-09T00:59:43.058+0000][189253.424s][info][gc,marking  ] GC(6874) Concurrent Rebuild Remembered Sets 509.629ms
[2025-01-09T00:59:43.058+0000][189253.424s][info][gc,start    ] GC(6874) Pause Cleanup
[2025-01-09T00:59:43.058+0000][189253.424s][info][gc          ] GC(6874) Pause Cleanup 3268M->3268M(12288M) 0.435ms
[2025-01-09T00:59:43.058+0000][189253.425s][info][gc,cpu      ] GC(6874) User=0.00s Sys=0.00s Real=0.00s
[2025-01-09T00:59:43.058+0000][189253.425s][info][gc,marking  ] GC(6874) Concurrent Cleanup for Next Mark
[2025-01-09T00:59:43.075+0000][189253.441s][info][gc,marking  ] GC(6874) Concurrent Cleanup for Next Mark 16.076ms
[2025-01-09T00:59:43.075+0000][189253.441s][info][gc          ] GC(6874) Concurrent Mark Cycle 1396.821ms
[2025-01-09T00:59:52.813+0000][189263.179s][info][gc,start    ] GC(6875) Pause Young (Prepare Mixed) (G1 Evacuation Pause)
[2025-01-09T00:59:52.813+0000][189263.179s][info][gc,task     ] GC(6875) Using 6 workers of 6 for evacuation
[2025-01-09T00:59:52.854+0000][189263.220s][info][gc,phases   ] GC(6875)   Pre Evacuate Collection Set: 0.2ms
[2025-01-09T00:59:52.854+0000][189263.220s][info][gc,phases   ] GC(6875)   Merge Heap Roots: 0.7ms
[2025-01-09T00:59:52.854+0000][189263.220s][info][gc,phases   ] GC(6875)   Evacuate Collection Set: 36.2ms
[2025-01-09T00:59:52.854+0000][189263.220s][info][gc,phases   ] GC(6875)   Post Evacuate Collection Set: 4.0ms
[2025-01-09T00:59:52.854+0000][189263.221s][info][gc,phases   ] GC(6875)   Other: 0.2ms
[2025-01-09T00:59:52.854+0000][189263.221s][info][gc,heap     ] GC(6875) Eden regions: 911->0(65)
[2025-01-09T00:59:52.854+0000][189263.221s][info][gc,heap     ] GC(6875) Survivor regions: 10->11(116)
[2025-01-09T00:59:52.854+0000][189263.221s][info][gc,heap     ] GC(6875) Old regions: 231->231
[2025-01-09T00:59:52.854+0000][189263.221s][info][gc,heap     ] GC(6875) Archive regions: 2->2
[2025-01-09T00:59:52.854+0000][189263.221s][info][gc,heap     ] GC(6875) Humongous regions: 49->49
[2025-01-09T00:59:52.854+0000][189263.221s][info][gc,metaspace] GC(6875) Metaspace: 524718K(534080K)->524718K(534080K) NonClass: 460775K(465344K)->460775K(465344K) Class: 63943K(68736K)->63943K(68736K)
[2025-01-09T00:59:52.854+0000][189263.221s][info][gc          ] GC(6875) Pause Young (Prepare Mixed) (G1 Evacuation Pause) 9604M->2327M(12288M) 41.341ms
[2025-01-09T00:59:52.855+0000][189263.221s][info][gc,cpu      ] GC(6875) User=0.24s Sys=0.00s Real=0.04s
[2025-01-09T00:59:53.227+0000][189263.593s][info][gc,start    ] GC(6876) Pause Young (Mixed) (G1 Evacuation Pause)
[2025-01-09T00:59:53.227+0000][189263.593s][info][gc,task     ] GC(6876) Using 6 workers of 6 for evacuation
[2025-01-09T00:59:53.291+0000][189263.658s][info][gc,phases   ] GC(6876)   Pre Evacuate Collection Set: 0.2ms
[2025-01-09T00:59:53.291+0000][189263.658s][info][gc,phases   ] GC(6876)   Merge Heap Roots: 0.7ms
[2025-01-09T00:59:53.292+0000][189263.658s][info][gc,phases   ] GC(6876)   Evacuate Collection Set: 61.6ms
[2025-01-09T00:59:53.292+0000][189263.658s][info][gc,phases   ] GC(6876)   Post Evacuate Collection Set: 1.7ms
[2025-01-09T00:59:53.292+0000][189263.658s][info][gc,phases   ] GC(6876)   Other: 0.2ms
[2025-01-09T00:59:53.292+0000][189263.658s][info][gc,heap     ] GC(6876) Eden regions: 65->0(917)
[2025-01-09T00:59:53.292+0000][189263.658s][info][gc,heap     ] GC(6876) Survivor regions: 11->4(10)
[2025-01-09T00:59:53.292+0000][189263.658s][info][gc,heap     ] GC(6876) Old regions: 231->232
[2025-01-09T00:59:53.292+0000][189263.658s][info][gc,heap     ] GC(6876) Archive regions: 2->2
[2025-01-09T00:59:53.292+0000][189263.658s][info][gc,heap     ] GC(6876) Humongous regions: 49->49
[2025-01-09T00:59:53.292+0000][189263.658s][info][gc,metaspace] GC(6876) Metaspace: 524718K(534080K)->524718K(534080K) NonClass: 460775K(465344K)->460775K(465344K) Class: 63943K(68736K)->63943K(68736K)
[2025-01-09T00:59:53.292+0000][189263.658s][info][gc          ] GC(6876) Pause Young (Mixed) (G1 Evacuation Pause) 2847M->2283M(12288M) 64.451ms
[2025-01-09T00:59:53.292+0000][189263.658s][info][gc,cpu      ] GC(6876) User=0.38s Sys=0.00s Real=0.07s
[2025-01-09T01:00:01.585+0000][189271.952s][info][gc,start    ] GC(6877) Pause Young (Normal) (G1 Evacuation Pause)
[2025-01-09T01:00:01.586+0000][189271.952s][info][gc,task     ] GC(6877) Using 6 workers of 6 for evacuation
[2025-01-09T01:00:01.608+0000][189271.974s][info][gc,phases   ] GC(6877)   Pre Evacuate Collection Set: 0.2ms
[2025-01-09T01:00:01.608+0000][189271.974s][info][gc,phases   ] GC(6877)   Merge Heap Roots: 0.4ms
[2025-01-09T01:00:01.608+0000][189271.974s][info][gc,phases   ] GC(6877)   Evacuate Collection Set: 19.3ms
[2025-01-09T01:00:01.608+0000][189271.974s][info][gc,phases   ] GC(6877)   Post Evacuate Collection Set: 2.5ms
[2025-01-09T01:00:01.608+0000][189271.974s][info][gc,phases   ] GC(6877)   Other: 0.2ms
[2025-01-09T01:00:01.608+0000][189271.974s][info][gc,heap     ] GC(6877) Eden regions: 917->0(916)
[2025-01-09T01:00:01.608+0000][189271.974s][info][gc,heap     ] GC(6877) Survivor regions: 4->5(116)
[2025-01-09T01:00:01.608+0000][189271.974s][info][gc,heap     ] GC(6877) Old regions: 232->232
[2025-01-09T01:00:01.608+0000][189271.974s][info][gc,heap     ] GC(6877) Archive regions: 2->2
[2025-01-09T01:00:01.608+0000][189271.974s][info][gc,heap     ] GC(6877) Humongous regions: 49->49
[2025-01-09T01:00:01.608+0000][189271.974s][info][gc,metaspace] GC(6877) Metaspace: 524718K(534080K)->524718K(534080K) NonClass: 460775K(465344K)->460775K(465344K) Class: 63943K(68736K)->63943K(68736K)
[2025-01-09T01:00:01.608+0000][189271.974s][info][gc          ] GC(6877) Pause Young (Normal) (G1 Evacuation Pause) 9619M->2292M(12288M) 22.686ms
[2025-01-09T01:00:01.608+0000][189271.974s][info][gc,cpu      ] GC(6877) User=0.13s Sys=0.00s Real=0.02s
[2025-01-09T01:00:07.726+0000][189278.093s][info][gc,start    ] GC(6878) Pause Young (Normal) (G1 Evacuation Pause)
[2025-01-09T01:00:07.727+0000][189278.093s][info][gc,task     ] GC(6878) Using 6 workers of 6 for evacuation
[2025-01-09T01:00:07.750+0000][189278.116s][info][gc,phases   ] GC(6878)   Pre Evacuate Collection Set: 0.2ms
[2025-01-09T01:00:07.750+0000][189278.117s][info][gc,phases   ] GC(6878)   Merge Heap Roots: 0.4ms
[2025-01-09T01:00:07.750+0000][189278.117s][info][gc,phases   ] GC(6878)   Evacuate Collection Set: 20.8ms
[2025-01-09T01:00:07.750+0000][189278.117s][info][gc,phases   ] GC(6878)   Post Evacuate Collection Set: 2.4ms
[2025-01-09T01:00:07.750+0000][189278.117s][info][gc,phases   ] GC(6878)   Other: 0.2ms
[2025-01-09T01:00:07.750+0000][189278.117s][info][gc,heap     ] GC(6878) Eden regions: 916->0(915)
[2025-01-09T01:00:07.750+0000][189278.117s][info][gc,heap     ] GC(6878) Survivor regions: 5->6(116)
[2025-01-09T01:00:07.750+0000][189278.117s][info][gc,heap     ] GC(6878) Old regions: 232->232
[2025-01-09T01:00:07.750+0000][189278.117s][info][gc,heap     ] GC(6878) Archive regions: 2->2
[2025-01-09T01:00:07.750+0000][189278.117s][info][gc,heap     ] GC(6878) Humongous regions: 49->49
[2025-01-09T01:00:07.750+0000][189278.117s][info][gc,metaspace] GC(6878) Metaspace: 524718K(534080K)->524718K(534080K) NonClass: 460775K(465344K)->460775K(465344K) Class: 63943K(68736K)->63943K(68736K)
[2025-01-09T01:00:07.750+0000][189278.117s][info][gc          ] GC(6878) Pause Young (Normal) (G1 Evacuation Pause) 9620M->2298M(12288M) 24.025ms
[2025-01-09T01:00:07.751+0000][189278.117s][info][gc,cpu      ] GC(6878) User=0.14s Sys=0.00s Real=0.03s
[2025-01-09T01:00:16.873+0000][189287.239s][info][gc,start    ] GC(6879) Pause Young (Concurrent Start) (G1 Evacuation Pause)
[2025-01-09T01:00:16.873+0000][189287.239s][info][gc,task     ] GC(6879) Using 6 workers of 6 for evacuation
[2025-01-09T01:00:16.904+0000][189287.271s][info][gc,phases   ] GC(6879)   Pre Evacuate Collection Set: 1.1ms
[2025-01-09T01:00:16.904+0000][189287.271s][info][gc,phases   ] GC(6879)   Merge Heap Roots: 0.4ms
[2025-01-09T01:00:16.904+0000][189287.271s][info][gc,phases   ] GC(6879)   Evacuate Collection Set: 27.4ms
[2025-01-09T01:00:16.904+0000][189287.271s][info][gc,phases   ] GC(6879)   Post Evacuate Collection Set: 2.6ms
[2025-01-09T01:00:16.904+0000][189287.271s][info][gc,phases   ] GC(6879)   Other: 0.3ms
[2025-01-09T01:00:16.904+0000][189287.271s][info][gc,heap     ] GC(6879) Eden regions: 915->0(913)
[2025-01-09T01:00:16.905+0000][189287.271s][info][gc,heap     ] GC(6879) Survivor regions: 6->8(116)
[2025-01-09T01:00:16.905+0000][189287.271s][info][gc,heap     ] GC(6879) Old regions: 232->232
[2025-01-09T01:00:16.905+0000][189287.271s][info][gc,heap     ] GC(6879) Archive regions: 2->2
[2025-01-09T01:00:16.905+0000][189287.271s][info][gc,heap     ] GC(6879) Humongous regions: 49->49
[2025-01-09T01:00:16.905+0000][189287.271s][info][gc,metaspace] GC(6879) Metaspace: 524718K(534080K)->524718K(534080K) NonClass: 460775K(465344K)->460775K(465344K) Class: 63943K(68736K)->63943K(68736K)
[2025-01-09T01:00:16.905+0000][189287.271s][info][gc          ] GC(6879) Pause Young (Concurrent Start) (G1 Evacuation Pause) 9618M->2315M(12288M) 31.867ms
[2025-01-09T01:00:16.905+0000][189287.271s][info][gc,cpu      ] GC(6879) User=0.18s Sys=0.00s Real=0.03s
[2025-01-09T01:00:16.905+0000][189287.271s][info][gc          ] GC(6880) Concurrent Mark Cycle
[2025-01-09T01:00:16.905+0000][189287.271s][info][gc,marking  ] GC(6880) Concurrent Clear Claimed Marks
[2025-01-09T01:00:16.906+0000][189287.272s][info][gc,marking  ] GC(6880) Concurrent Clear Claimed Marks 0.959ms
[2025-01-09T01:00:16.906+0000][189287.272s][info][gc,marking  ] GC(6880) Concurrent Scan Root Regions
[2025-01-09T01:00:16.930+0000][189287.297s][info][gc,marking  ] GC(6880) Concurrent Scan Root Regions 24.775ms
[2025-01-09T01:00:16.930+0000][189287.297s][info][gc,marking  ] GC(6880) Concurrent Mark
[2025-01-09T01:00:16.930+0000][189287.297s][info][gc,marking  ] GC(6880) Concurrent Mark From Roots
[2025-01-09T01:00:16.930+0000][189287.297s][info][gc,task     ] GC(6880) Using 2 workers of 2 for marking
[2025-01-09T01:00:17.738+0000][189288.104s][info][gc,marking  ] GC(6880) Concurrent Mark From Roots 807.615ms
[2025-01-09T01:00:17.738+0000][189288.104s][info][gc,marking  ] GC(6880) Concurrent Preclean
[2025-01-09T01:00:17.741+0000][189288.107s][info][gc,marking  ] GC(6880) Concurrent Preclean 2.758ms
[2025-01-09T01:00:17.741+0000][189288.107s][info][gc,start    ] GC(6880) Pause Remark
[2025-01-09T01:00:17.797+0000][189288.163s][info][gc          ] GC(6880) Pause Remark 2723M->2723M(12288M) 56.241ms
[2025-01-09T01:00:17.797+0000][189288.163s][info][gc,cpu      ] GC(6880) User=0.31s Sys=0.00s Real=0.06s
[2025-01-09T01:00:17.797+0000][189288.164s][info][gc,marking  ] GC(6880) Concurrent Mark 867.051ms
[2025-01-09T01:00:17.798+0000][189288.164s][info][gc,marking  ] GC(6880) Concurrent Rebuild Remembered Sets
[2025-01-09T01:00:18.369+0000][189288.735s][info][gc,marking  ] GC(6880) Concurrent Rebuild Remembered Sets 571.254ms
[2025-01-09T01:00:18.369+0000][189288.735s][info][gc,start    ] GC(6880) Pause Cleanup
[2025-01-09T01:00:18.369+0000][189288.735s][info][gc          ] GC(6880) Pause Cleanup 3015M->3015M(12288M) 0.419ms
[2025-01-09T01:00:18.369+0000][189288.735s][info][gc,cpu      ] GC(6880) User=0.00s Sys=0.00s Real=0.00s
[2025-01-09T01:00:18.369+0000][189288.736s][info][gc,marking  ] GC(6880) Concurrent Cleanup for Next Mark
[2025-01-09T01:00:18.385+0000][189288.751s][info][gc,marking  ] GC(6880) Concurrent Cleanup for Next Mark 15.867ms
[2025-01-09T01:00:18.385+0000][189288.751s][info][gc          ] GC(6880) Concurrent Mark Cycle 1480.708ms
[2025-01-09T01:00:26.887+0000][189297.253s][info][gc,start    ] GC(6881) Pause Young (Prepare Mixed) (G1 Evacuation Pause)
[2025-01-09T01:00:26.887+0000][189297.253s][info][gc,task     ] GC(6881) Using 6 workers of 6 for evacuation
[2025-01-09T01:00:26.924+0000][189297.290s][info][gc,phases   ] GC(6881)   Pre Evacuate Collection Set: 0.2ms
[2025-01-09T01:00:26.924+0000][189297.290s][info][gc,phases   ] GC(6881)   Merge Heap Roots: 0.6ms
[2025-01-09T01:00:26.924+0000][189297.290s][info][gc,phases   ] GC(6881)   Evacuate Collection Set: 33.2ms
[2025-01-09T01:00:26.924+0000][189297.290s][info][gc,phases   ] GC(6881)   Post Evacuate Collection Set: 2.6ms
[2025-01-09T01:00:26.924+0000][189297.290s][info][gc,phases   ] GC(6881)   Other: 0.2ms
[2025-01-09T01:00:26.924+0000][189297.290s][info][gc,heap     ] GC(6881) Eden regions: 913->0(67)
[2025-01-09T01:00:26.924+0000][189297.290s][info][gc,heap     ] GC(6881) Survivor regions: 8->9(116)
[2025-01-09T01:00:26.924+0000][189297.290s][info][gc,heap     ] GC(6881) Old regions: 232->232
[2025-01-09T01:00:26.924+0000][189297.290s][info][gc,heap     ] GC(6881) Archive regions: 2->2
[2025-01-09T01:00:26.924+0000][189297.290s][info][gc,heap     ] GC(6881) Humongous regions: 49->49
[2025-01-09T01:00:26.924+0000][189297.290s][info][gc,metaspace] GC(6881) Metaspace: 524681K(534080K)->524681K(534080K) NonClass: 460744K(465344K)->460744K(465344K) Class: 63937K(68736K)->63937K(68736K)
[2025-01-09T01:00:26.924+0000][189297.290s][info][gc          ] GC(6881) Pause Young (Prepare Mixed) (G1 Evacuation Pause) 9619M->2326M(12288M) 36.953ms
[2025-01-09T01:00:26.924+0000][189297.290s][info][gc,cpu      ] GC(6881) User=0.21s Sys=0.00s Real=0.04s
[2025-01-09T01:00:27.620+0000][189297.986s][info][gc,start    ] GC(6882) Pause Young (Mixed) (G1 Evacuation Pause)
[2025-01-09T01:00:27.620+0000][189297.986s][info][gc,task     ] GC(6882) Using 6 workers of 6 for evacuation
[2025-01-09T01:00:27.688+0000][189298.054s][info][gc,phases   ] GC(6882)   Pre Evacuate Collection Set: 0.2ms
[2025-01-09T01:00:27.688+0000][189298.054s][info][gc,phases   ] GC(6882)   Merge Heap Roots: 0.6ms
[2025-01-09T01:00:27.688+0000][189298.054s][info][gc,phases   ] GC(6882)   Evacuate Collection Set: 65.1ms
[2025-01-09T01:00:27.688+0000][189298.054s][info][gc,phases   ] GC(6882)   Post Evacuate Collection Set: 1.9ms
[2025-01-09T01:00:27.688+0000][189298.054s][info][gc,phases   ] GC(6882)   Other: 0.2ms
[2025-01-09T01:00:27.688+0000][189298.054s][info][gc,heap     ] GC(6882) Eden regions: 67->0(916)
[2025-01-09T01:00:27.688+0000][189298.054s][info][gc,heap     ] GC(6882) Survivor regions: 9->5(10)
[2025-01-09T01:00:27.688+0000][189298.054s][info][gc,heap     ] GC(6882) Old regions: 232->231
[2025-01-09T01:00:27.688+0000][189298.054s][info][gc,heap     ] GC(6882) Archive regions: 2->2
[2025-01-09T01:00:27.688+0000][189298.054s][info][gc,heap     ] GC(6882) Humongous regions: 49->49
[2025-01-09T01:00:27.688+0000][189298.054s][info][gc,metaspace] GC(6882) Metaspace: 524681K(534080K)->524681K(534080K) NonClass: 460744K(465344K)->460744K(465344K) Class: 63937K(68736K)->63937K(68736K)
[2025-01-09T01:00:27.688+0000][189298.054s][info][gc          ] GC(6882) Pause Young (Mixed) (G1 Evacuation Pause) 2862M->2280M(12288M) 68.022ms
[2025-01-09T01:00:27.688+0000][189298.054s][info][gc,cpu      ] GC(6882) User=0.39s Sys=0.00s Real=0.07s
[2025-01-09T01:00:42.095+0000][189312.461s][info][gc,start    ] GC(6883) Pause Young (Normal) (G1 Evacuation Pause)
[2025-01-09T01:00:42.095+0000][189312.461s][info][gc,task     ] GC(6883) Using 6 workers of 6 for evacuation
[2025-01-09T01:00:42.129+0000][189312.495s][info][gc,phases   ] GC(6883)   Pre Evacuate Collection Set: 0.2ms
[2025-01-09T01:00:42.129+0000][189312.495s][info][gc,phases   ] GC(6883)   Merge Heap Roots: 0.4ms
[2025-01-09T01:00:42.129+0000][189312.495s][info][gc,phases   ] GC(6883)   Evacuate Collection Set: 27.5ms
[2025-01-09T01:00:42.129+0000][189312.495s][info][gc,phases   ] GC(6883)   Post Evacuate Collection Set: 5.3ms
[2025-01-09T01:00:42.129+0000][189312.495s][info][gc,phases   ] GC(6883)   Other: 0.2ms
[2025-01-09T01:00:42.129+0000][189312.495s][info][gc,heap     ] GC(6883) Eden regions: 916->0(912)
[2025-01-09T01:00:42.129+0000][189312.495s][info][gc,heap     ] GC(6883) Survivor regions: 5->9(116)
[2025-01-09T01:00:42.129+0000][189312.495s][info][gc,heap     ] GC(6883) Old regions: 231->231
[2025-01-09T01:00:42.129+0000][189312.495s][info][gc,heap     ] GC(6883) Archive regions: 2->2
[2025-01-09T01:00:42.129+0000][189312.495s][info][gc,heap     ] GC(6883) Humongous regions: 49->49
[2025-01-09T01:00:42.129+0000][189312.495s][info][gc,metaspace] GC(6883) Metaspace: 524681K(534080K)->524681K(534080K) NonClass: 460744K(465344K)->460744K(465344K) Class: 63937K(68736K)->63937K(68736K)
[2025-01-09T01:00:42.129+0000][189312.495s][info][gc          ] GC(6883) Pause Young (Normal) (G1 Evacuation Pause) 9608M->2307M(12288M) 33.717ms
[2025-01-09T01:00:42.129+0000][189312.495s][info][gc,cpu      ] GC(6883) User=0.20s Sys=0.00s Real=0.03s
[2025-01-09T01:00:51.116+0000][189321.482s][info][gc,start    ] GC(6884) Pause Young (Normal) (G1 Evacuation Pause)
[2025-01-09T01:00:51.116+0000][189321.482s][info][gc,task     ] GC(6884) Using 6 workers of 6 for evacuation
[2025-01-09T01:00:51.147+0000][189321.513s][info][gc,phases   ] GC(6884)   Pre Evacuate Collection Set: 0.2ms
[2025-01-09T01:00:51.147+0000][189321.513s][info][gc,phases   ] GC(6884)   Merge Heap Roots: 0.4ms
[2025-01-09T01:00:51.147+0000][189321.513s][info][gc,phases   ] GC(6884)   Evacuate Collection Set: 25.6ms
[2025-01-09T01:00:51.147+0000][189321.513s][info][gc,phases   ] GC(6884)   Post Evacuate Collection Set: 3.9ms
[2025-01-09T01:00:51.147+0000][189321.513s][info][gc,phases   ] GC(6884)   Other: 0.2ms
[2025-01-09T01:00:51.147+0000][189321.513s][info][gc,heap     ] GC(6884) Eden regions: 912->0(912)
[2025-01-09T01:00:51.147+0000][189321.513s][info][gc,heap     ] GC(6884) Survivor regions: 9->9(116)
[2025-01-09T01:00:51.147+0000][189321.513s][info][gc,heap     ] GC(6884) Old regions: 231->231
[2025-01-09T01:00:51.147+0000][189321.513s][info][gc,heap     ] GC(6884) Archive regions: 2->2
[2025-01-09T01:00:51.147+0000][189321.513s][info][gc,heap     ] GC(6884) Humongous regions: 49->49
[2025-01-09T01:00:51.147+0000][189321.513s][info][gc,metaspace] GC(6884) Metaspace: 524681K(534080K)->524681K(534080K) NonClass: 460744K(465344K)->460744K(465344K) Class: 63937K(68736K)->63937K(68736K)
[2025-01-09T01:00:51.147+0000][189321.513s][info][gc          ] GC(6884) Pause Young (Normal) (G1 Evacuation Pause) 9603M->2305M(12288M) 30.354ms
[2025-01-09T01:00:51.147+0000][189321.513s][info][gc,cpu      ] GC(6884) User=0.17s Sys=0.01s Real=0.03s
[2025-01-09T01:00:57.520+0000][189327.886s][info][gc,start    ] GC(6885) Pause Young (Concurrent Start) (G1 Evacuation Pause)
[2025-01-09T01:00:57.520+0000][189327.886s][info][gc,task     ] GC(6885) Using 6 workers of 6 for evacuation
[2025-01-09T01:00:57.553+0000][189327.919s][info][gc,phases   ] GC(6885)   Pre Evacuate Collection Set: 1.2ms
[2025-01-09T01:00:57.553+0000][189327.919s][info][gc,phases   ] GC(6885)   Merge Heap Roots: 0.4ms
[2025-01-09T01:00:57.553+0000][189327.919s][info][gc,phases   ] GC(6885)   Evacuate Collection Set: 28.3ms
[2025-01-09T01:00:57.553+0000][189327.919s][info][gc,phases   ] GC(6885)   Post Evacuate Collection Set: 2.4ms
[2025-01-09T01:00:57.553+0000][189327.919s][info][gc,phases   ] GC(6885)   Other: 0.3ms
[2025-01-09T01:00:57.553+0000][189327.919s][info][gc,heap     ] GC(6885) Eden regions: 912->0(912)
[2025-01-09T01:00:57.553+0000][189327.919s][info][gc,heap     ] GC(6885) Survivor regions: 9->9(116)
[2025-01-09T01:00:57.553+0000][189327.919s][info][gc,heap     ] GC(6885) Old regions: 231->231
[2025-01-09T01:00:57.553+0000][189327.919s][info][gc,heap     ] GC(6885) Archive regions: 2->2
[2025-01-09T01:00:57.553+0000][189327.919s][info][gc,heap     ] GC(6885) Humongous regions: 49->49
[2025-01-09T01:00:57.553+0000][189327.919s][info][gc,metaspace] GC(6885) Metaspace: 524681K(534080K)->524681K(534080K) NonClass: 460744K(465344K)->460744K(465344K) Class: 63937K(68736K)->63937K(68736K)
[2025-01-09T01:00:57.553+0000][189327.919s][info][gc          ] GC(6885) Pause Young (Concurrent Start) (G1 Evacuation Pause) 9601M->2309M(12288M) 32.669ms
[2025-01-09T01:00:57.553+0000][189327.919s][info][gc,cpu      ] GC(6885) User=0.19s Sys=0.00s Real=0.04s
[2025-01-09T01:00:57.553+0000][189327.919s][info][gc          ] GC(6886) Concurrent Mark Cycle
[2025-01-09T01:00:57.553+0000][189327.919s][info][gc,marking  ] GC(6886) Concurrent Clear Claimed Marks
[2025-01-09T01:00:57.554+0000][189327.920s][info][gc,marking  ] GC(6886) Concurrent Clear Claimed Marks 0.932ms
[2025-01-09T01:00:57.554+0000][189327.920s][info][gc,marking  ] GC(6886) Concurrent Scan Root Regions
[2025-01-09T01:00:57.582+0000][189327.948s][info][gc,marking  ] GC(6886) Concurrent Scan Root Regions 28.020ms
[2025-01-09T01:00:57.582+0000][189327.948s][info][gc,marking  ] GC(6886) Concurrent Mark
[2025-01-09T01:00:57.582+0000][189327.948s][info][gc,marking  ] GC(6886) Concurrent Mark From Roots
[2025-01-09T01:00:57.582+0000][189327.948s][info][gc,task     ] GC(6886) Using 2 workers of 2 for marking
[2025-01-09T01:00:58.401+0000][189328.767s][info][gc,marking  ] GC(6886) Concurrent Mark From Roots 818.911ms
[2025-01-09T01:00:58.401+0000][189328.767s][info][gc,marking  ] GC(6886) Concurrent Preclean
[2025-01-09T01:00:58.404+0000][189328.770s][info][gc,marking  ] GC(6886) Concurrent Preclean 2.649ms
[2025-01-09T01:00:58.404+0000][189328.770s][info][gc,start    ] GC(6886) Pause Remark
[2025-01-09T01:00:58.429+0000][189328.795s][info][gc          ] GC(6886) Pause Remark 3449M->3449M(12288M) 25.543ms
[2025-01-09T01:00:58.429+0000][189328.795s][info][gc,cpu      ] GC(6886) User=0.15s Sys=0.00s Real=0.02s
[2025-01-09T01:00:58.429+0000][189328.796s][info][gc,marking  ] GC(6886) Concurrent Mark 847.449ms
[2025-01-09T01:00:58.430+0000][189328.796s][info][gc,marking  ] GC(6886) Concurrent Rebuild Remembered Sets
[2025-01-09T01:00:59.107+0000][189329.473s][info][gc,marking  ] GC(6886) Concurrent Rebuild Remembered Sets 677.459ms
[2025-01-09T01:00:59.107+0000][189329.473s][info][gc,start    ] GC(6886) Pause Cleanup
[2025-01-09T01:00:59.108+0000][189329.474s][info][gc          ] GC(6886) Pause Cleanup 4430M->4430M(12288M) 0.440ms
[2025-01-09T01:00:59.108+0000][189329.474s][info][gc,cpu      ] GC(6886) User=0.00s Sys=0.00s Real=0.00s
[2025-01-09T01:00:59.108+0000][189329.474s][info][gc,marking  ] GC(6886) Concurrent Cleanup for Next Mark
[2025-01-09T01:00:59.125+0000][189329.491s][info][gc,marking  ] GC(6886) Concurrent Cleanup for Next Mark 16.820ms
[2025-01-09T01:00:59.125+0000][189329.491s][info][gc          ] GC(6886) Concurrent Mark Cycle 1571.553ms
[2025-01-09T01:01:02.216+0000][189332.582s][info][gc,start    ] GC(6887) Pause Young (Prepare Mixed) (G1 Evacuation Pause)
[2025-01-09T01:01:02.216+0000][189332.582s][info][gc,task     ] GC(6887) Using 6 workers of 6 for evacuation
[2025-01-09T01:01:02.249+0000][189332.615s][info][gc,phases   ] GC(6887)   Pre Evacuate Collection Set: 0.2ms
[2025-01-09T01:01:02.249+0000][189332.616s][info][gc,phases   ] GC(6887)   Merge Heap Roots: 0.6ms
[2025-01-09T01:01:02.249+0000][189332.616s][info][gc,phases   ] GC(6887)   Evacuate Collection Set: 30.2ms
[2025-01-09T01:01:02.249+0000][189332.616s][info][gc,phases   ] GC(6887)   Post Evacuate Collection Set: 2.5ms
[2025-01-09T01:01:02.249+0000][189332.616s][info][gc,phases   ] GC(6887)   Other: 0.2ms
[2025-01-09T01:01:02.249+0000][189332.616s][info][gc,heap     ] GC(6887) Eden regions: 912->0(67)
[2025-01-09T01:01:02.249+0000][189332.616s][info][gc,heap     ] GC(6887) Survivor regions: 9->9(116)
[2025-01-09T01:01:02.249+0000][189332.616s][info][gc,heap     ] GC(6887) Old regions: 231->231
[2025-01-09T01:01:02.249+0000][189332.616s][info][gc,heap     ] GC(6887) Archive regions: 2->2
[2025-01-09T01:01:02.249+0000][189332.616s][info][gc,heap     ] GC(6887) Humongous regions: 49->49
[2025-01-09T01:01:02.249+0000][189332.616s][info][gc,metaspace] GC(6887) Metaspace: 524681K(534080K)->524681K(534080K) NonClass: 460744K(465344K)->460744K(465344K) Class: 63937K(68736K)->63937K(68736K)
[2025-01-09T01:01:02.250+0000][189332.616s][info][gc          ] GC(6887) Pause Young (Prepare Mixed) (G1 Evacuation Pause) 9605M->2310M(12288M) 33.820ms
[2025-01-09T01:01:02.250+0000][189332.616s][info][gc,cpu      ] GC(6887) User=0.20s Sys=0.00s Real=0.04s
[2025-01-09T01:01:02.766+0000][189333.132s][info][gc,start    ] GC(6888) Pause Young (Mixed) (G1 Evacuation Pause)
[2025-01-09T01:01:02.766+0000][189333.132s][info][gc,task     ] GC(6888) Using 6 workers of 6 for evacuation
[2025-01-09T01:01:02.835+0000][189333.201s][info][gc,phases   ] GC(6888)   Pre Evacuate Collection Set: 0.2ms
[2025-01-09T01:01:02.835+0000][189333.201s][info][gc,phases   ] GC(6888)   Merge Heap Roots: 0.7ms
[2025-01-09T01:01:02.835+0000][189333.201s][info][gc,phases   ] GC(6888)   Evacuate Collection Set: 66.4ms
[2025-01-09T01:01:02.835+0000][189333.201s][info][gc,phases   ] GC(6888)   Post Evacuate Collection Set: 1.9ms
[2025-01-09T01:01:02.835+0000][189333.201s][info][gc,phases   ] GC(6888)   Other: 0.2ms
[2025-01-09T01:01:02.835+0000][189333.201s][info][gc,heap     ] GC(6888) Eden regions: 67->0(916)
[2025-01-09T01:01:02.835+0000][189333.201s][info][gc,heap     ] GC(6888) Survivor regions: 9->5(10)
[2025-01-09T01:01:02.835+0000][189333.201s][info][gc,heap     ] GC(6888) Old regions: 231->231
[2025-01-09T01:01:02.835+0000][189333.201s][info][gc,heap     ] GC(6888) Archive regions: 2->2
[2025-01-09T01:01:02.835+0000][189333.201s][info][gc,heap     ] GC(6888) Humongous regions: 49->49
[2025-01-09T01:01:02.835+0000][189333.201s][info][gc,metaspace] GC(6888) Metaspace: 524681K(534080K)->524681K(534080K) NonClass: 460744K(465344K)->460744K(465344K) Class: 63937K(68736K)->63937K(68736K)
[2025-01-09T01:01:02.835+0000][189333.201s][info][gc          ] GC(6888) Pause Young (Mixed) (G1 Evacuation Pause) 2846M->2285M(12288M) 69.384ms
[2025-01-09T01:01:02.835+0000][189333.201s][info][gc,cpu      ] GC(6888) User=0.40s Sys=0.00s Real=0.07s
[2025-01-09T01:01:10.874+0000][189341.240s][info][gc,start    ] GC(6889) Pause Young (Normal) (G1 Evacuation Pause)
[2025-01-09T01:01:10.874+0000][189341.240s][info][gc,task     ] GC(6889) Using 6 workers of 6 for evacuation
[2025-01-09T01:01:10.901+0000][189341.267s][info][gc,phases   ] GC(6889)   Pre Evacuate Collection Set: 0.2ms
[2025-01-09T01:01:10.901+0000][189341.267s][info][gc,phases   ] GC(6889)   Merge Heap Roots: 0.4ms
[2025-01-09T01:01:10.901+0000][189341.267s][info][gc,phases   ] GC(6889)   Evacuate Collection Set: 23.6ms
[2025-01-09T01:01:10.901+0000][189341.267s][info][gc,phases   ] GC(6889)   Post Evacuate Collection Set: 2.5ms
[2025-01-09T01:01:10.901+0000][189341.267s][info][gc,phases   ] GC(6889)   Other: 0.2ms
[2025-01-09T01:01:10.901+0000][189341.267s][info][gc,heap     ] GC(6889) Eden regions: 916->0(915)
[2025-01-09T01:01:10.901+0000][189341.267s][info][gc,heap     ] GC(6889) Survivor regions: 5->6(116)
[2025-01-09T01:01:10.901+0000][189341.267s][info][gc,heap     ] GC(6889) Old regions: 231->231
[2025-01-09T01:01:10.901+0000][189341.267s][info][gc,heap     ] GC(6889) Archive regions: 2->2
[2025-01-09T01:01:10.901+0000][189341.267s][info][gc,heap     ] GC(6889) Humongous regions: 49->49
[2025-01-09T01:01:10.901+0000][189341.267s][info][gc,metaspace] GC(6889) Metaspace: 524681K(534080K)->524681K(534080K) NonClass: 460744K(465344K)->460744K(465344K) Class: 63937K(68736K)->63937K(68736K)
[2025-01-09T01:01:10.901+0000][189341.267s][info][gc          ] GC(6889) Pause Young (Normal) (G1 Evacuation Pause) 9613M->2293M(12288M) 27.053ms
[2025-01-09T01:01:10.901+0000][189341.267s][info][gc,cpu      ] GC(6889) User=0.15s Sys=0.00s Real=0.02s
[2025-01-09T01:01:21.102+0000][189351.468s][info][gc,start    ] GC(6890) Pause Young (Normal) (G1 Evacuation Pause)
[2025-01-09T01:01:21.102+0000][189351.468s][info][gc,task     ] GC(6890) Using 6 workers of 6 for evacuation
[2025-01-09T01:01:21.132+0000][189351.498s][info][gc,phases   ] GC(6890)   Pre Evacuate Collection Set: 0.2ms
[2025-01-09T01:01:21.132+0000][189351.498s][info][gc,phases   ] GC(6890)   Merge Heap Roots: 0.4ms
[2025-01-09T01:01:21.132+0000][189351.498s][info][gc,phases   ] GC(6890)   Evacuate Collection Set: 26.7ms
[2025-01-09T01:01:21.132+0000][189351.498s][info][gc,phases   ] GC(6890)   Post Evacuate Collection Set: 2.7ms
[2025-01-09T01:01:21.132+0000][189351.498s][info][gc,phases   ] GC(6890)   Other: 0.2ms
[2025-01-09T01:01:21.132+0000][189351.498s][info][gc,heap     ] GC(6890) Eden regions: 915->0(913)
[2025-01-09T01:01:21.132+0000][189351.498s][info][gc,heap     ] GC(6890) Survivor regions: 6->8(116)
[2025-01-09T01:01:21.132+0000][189351.498s][info][gc,heap     ] GC(6890) Old regions: 231->231
[2025-01-09T01:01:21.132+0000][189351.498s][info][gc,heap     ] GC(6890) Archive regions: 2->2
[2025-01-09T01:01:21.132+0000][189351.498s][info][gc,heap     ] GC(6890) Humongous regions: 49->49
[2025-01-09T01:01:21.132+0000][189351.498s][info][gc,metaspace] GC(6890) Metaspace: 524681K(534080K)->524681K(534080K) NonClass: 460744K(465344K)->460744K(465344K) Class: 63937K(68736K)->63937K(68736K)
[2025-01-09T01:01:21.132+0000][189351.498s][info][gc          ] GC(6890) Pause Young (Normal) (G1 Evacuation Pause) 9613M->2302M(12288M) 30.322ms
[2025-01-09T01:01:21.132+0000][189351.498s][info][gc,cpu      ] GC(6890) User=0.18s Sys=0.00s Real=0.03s
[2025-01-09T01:01:28.595+0000][189358.961s][info][gc,start    ] GC(6891) Pause Young (Concurrent Start) (G1 Evacuation Pause)
[2025-01-09T01:01:28.595+0000][189358.961s][info][gc,task     ] GC(6891) Using 6 workers of 6 for evacuation
[2025-01-09T01:01:28.628+0000][189358.994s][info][gc,phases   ] GC(6891)   Pre Evacuate Collection Set: 1.1ms
[2025-01-09T01:01:28.628+0000][189358.994s][info][gc,phases   ] GC(6891)   Merge Heap Roots: 0.4ms
[2025-01-09T01:01:28.628+0000][189358.994s][info][gc,phases   ] GC(6891)   Evacuate Collection Set: 26.0ms
[2025-01-09T01:01:28.628+0000][189358.994s][info][gc,phases   ] GC(6891)   Post Evacuate Collection Set: 5.0ms
[2025-01-09T01:01:28.628+0000][189358.994s][info][gc,phases   ] GC(6891)   Other: 0.3ms
[2025-01-09T01:01:28.628+0000][189358.994s][info][gc,heap     ] GC(6891) Eden regions: 913->0(912)
[2025-01-09T01:01:28.628+0000][189358.994s][info][gc,heap     ] GC(6891) Survivor regions: 8->9(116)
[2025-01-09T01:01:28.628+0000][189358.994s][info][gc,heap     ] GC(6891) Old regions: 231->231
[2025-01-09T01:01:28.628+0000][189358.994s][info][gc,heap     ] GC(6891) Archive regions: 2->2
[2025-01-09T01:01:28.628+0000][189358.994s][info][gc,heap     ] GC(6891) Humongous regions: 49->49
[2025-01-09T01:01:28.628+0000][189358.994s][info][gc,metaspace] GC(6891) Metaspace: 524681K(534080K)->524681K(534080K) NonClass: 460744K(465344K)->460744K(465344K) Class: 63937K(68736K)->63937K(68736K)
[2025-01-09T01:01:28.628+0000][189358.994s][info][gc          ] GC(6891) Pause Young (Concurrent Start) (G1 Evacuation Pause) 9606M->2312M(12288M) 32.957ms
[2025-01-09T01:01:28.628+0000][189358.994s][info][gc,cpu      ] GC(6891) User=0.18s Sys=0.00s Real=0.03s
[2025-01-09T01:01:28.628+0000][189358.994s][info][gc          ] GC(6892) Concurrent Mark Cycle
[2025-01-09T01:01:28.628+0000][189358.994s][info][gc,marking  ] GC(6892) Concurrent Clear Claimed Marks
[2025-01-09T01:01:28.629+0000][189358.995s][info][gc,marking  ] GC(6892) Concurrent Clear Claimed Marks 0.899ms
[2025-01-09T01:01:28.629+0000][189358.995s][info][gc,marking  ] GC(6892) Concurrent Scan Root Regions
[2025-01-09T01:01:28.657+0000][189359.023s][info][gc,marking  ] GC(6892) Concurrent Scan Root Regions 28.492ms
[2025-01-09T01:01:28.657+0000][189359.023s][info][gc,marking  ] GC(6892) Concurrent Mark
[2025-01-09T01:01:28.657+0000][189359.023s][info][gc,marking  ] GC(6892) Concurrent Mark From Roots
[2025-01-09T01:01:28.657+0000][189359.023s][info][gc,task     ] GC(6892) Using 2 workers of 2 for marking
[2025-01-09T01:01:29.550+0000][189359.916s][info][gc,marking  ] GC(6892) Concurrent Mark From Roots 892.895ms
[2025-01-09T01:01:29.550+0000][189359.916s][info][gc,marking  ] GC(6892) Concurrent Preclean
[2025-01-09T01:01:29.554+0000][189359.920s][info][gc,marking  ] GC(6892) Concurrent Preclean 3.668ms
[2025-01-09T01:01:29.554+0000][189359.920s][info][gc,start    ] GC(6892) Pause Remark
[2025-01-09T01:01:29.580+0000][189359.946s][info][gc          ] GC(6892) Pause Remark 3368M->3368M(12288M) 26.265ms
[2025-01-09T01:01:29.580+0000][189359.946s][info][gc,cpu      ] GC(6892) User=0.15s Sys=0.00s Real=0.02s
[2025-01-09T01:01:29.580+0000][189359.947s][info][gc,marking  ] GC(6892) Concurrent Mark 923.198ms
[2025-01-09T01:01:29.581+0000][189359.947s][info][gc,marking  ] GC(6892) Concurrent Rebuild Remembered Sets
[2025-01-09T01:01:30.218+0000][189360.584s][info][gc,marking  ] GC(6892) Concurrent Rebuild Remembered Sets 637.322ms
[2025-01-09T01:01:30.218+0000][189360.584s][info][gc,start    ] GC(6892) Pause Cleanup
[2025-01-09T01:01:30.218+0000][189360.584s][info][gc          ] GC(6892) Pause Cleanup 4144M->4144M(12288M) 0.423ms
[2025-01-09T01:01:30.218+0000][189360.585s][info][gc,cpu      ] GC(6892) User=0.00s Sys=0.00s Real=0.00s
[2025-01-09T01:01:30.218+0000][189360.585s][info][gc,marking  ] GC(6892) Concurrent Cleanup for Next Mark
[2025-01-09T01:01:30.234+0000][189360.600s][info][gc,marking  ] GC(6892) Concurrent Cleanup for Next Mark 15.891ms
[2025-01-09T01:01:30.234+0000][189360.601s][info][gc          ] GC(6892) Concurrent Mark Cycle 1606.636ms
[2025-01-09T01:01:37.176+0000][189367.542s][info][gc,start    ] GC(6893) Pause Young (Prepare Mixed) (G1 Evacuation Pause)
[2025-01-09T01:01:37.176+0000][189367.542s][info][gc,task     ] GC(6893) Using 6 workers of 6 for evacuation
[2025-01-09T01:01:37.212+0000][189367.578s][info][gc,phases   ] GC(6893)   Pre Evacuate Collection Set: 0.2ms
[2025-01-09T01:01:37.212+0000][189367.578s][info][gc,phases   ] GC(6893)   Merge Heap Roots: 0.7ms
[2025-01-09T01:01:37.212+0000][189367.578s][info][gc,phases   ] GC(6893)   Evacuate Collection Set: 32.0ms
[2025-01-09T01:01:37.212+0000][189367.578s][info][gc,phases   ] GC(6893)   Post Evacuate Collection Set: 2.9ms
[2025-01-09T01:01:37.212+0000][189367.578s][info][gc,phases   ] GC(6893)   Other: 0.2ms
[2025-01-09T01:01:37.212+0000][189367.578s][info][gc,heap     ] GC(6893) Eden regions: 912->0(67)
[2025-01-09T01:01:37.212+0000][189367.578s][info][gc,heap     ] GC(6893) Survivor regions: 9->9(116)
[2025-01-09T01:01:37.212+0000][189367.578s][info][gc,heap     ] GC(6893) Old regions: 231->231
[2025-01-09T01:01:37.212+0000][189367.578s][info][gc,heap     ] GC(6893) Archive regions: 2->2
[2025-01-09T01:01:37.212+0000][189367.578s][info][gc,heap     ] GC(6893) Humongous regions: 49->49
[2025-01-09T01:01:37.212+0000][189367.578s][info][gc,metaspace] GC(6893) Metaspace: 524681K(534080K)->524681K(534080K) NonClass: 460744K(465344K)->460744K(465344K) Class: 63937K(68736K)->63937K(68736K)
[2025-01-09T01:01:37.212+0000][189367.578s][info][gc          ] GC(6893) Pause Young (Prepare Mixed) (G1 Evacuation Pause) 9608M->2311M(12288M) 36.093ms
[2025-01-09T01:01:37.212+0000][189367.578s][info][gc,cpu      ] GC(6893) User=0.21s Sys=0.00s Real=0.04s
[2025-01-09T01:01:37.854+0000][189368.220s][info][gc,start    ] GC(6894) Pause Young (Mixed) (G1 Evacuation Pause)
[2025-01-09T01:01:37.854+0000][189368.220s][info][gc,task     ] GC(6894) Using 6 workers of 6 for evacuation
[2025-01-09T01:01:37.920+0000][189368.286s][info][gc,phases   ] GC(6894)   Pre Evacuate Collection Set: 0.2ms
[2025-01-09T01:01:37.920+0000][189368.286s][info][gc,phases   ] GC(6894)   Merge Heap Roots: 0.7ms
[2025-01-09T01:01:37.920+0000][189368.286s][info][gc,phases   ] GC(6894)   Evacuate Collection Set: 63.3ms
[2025-01-09T01:01:37.920+0000][189368.286s][info][gc,phases   ] GC(6894)   Post Evacuate Collection Set: 1.8ms
[2025-01-09T01:01:37.920+0000][189368.286s][info][gc,phases   ] GC(6894)   Other: 0.2ms
[2025-01-09T01:01:37.920+0000][189368.286s][info][gc,heap     ] GC(6894) Eden regions: 67->0(915)
[2025-01-09T01:01:37.920+0000][189368.286s][info][gc,heap     ] GC(6894) Survivor regions: 9->6(10)
[2025-01-09T01:01:37.920+0000][189368.286s][info][gc,heap     ] GC(6894) Old regions: 231->230
[2025-01-09T01:01:37.920+0000][189368.286s][info][gc,heap     ] GC(6894) Archive regions: 2->2
[2025-01-09T01:01:37.920+0000][189368.286s][info][gc,heap     ] GC(6894) Humongous regions: 49->49
[2025-01-09T01:01:37.920+0000][189368.286s][info][gc,metaspace] GC(6894) Metaspace: 524681K(534080K)->524681K(534080K) NonClass: 460744K(465344K)->460744K(465344K) Class: 63937K(68736K)->63937K(68736K)
[2025-01-09T01:01:37.920+0000][189368.286s][info][gc          ] GC(6894) Pause Young (Mixed) (G1 Evacuation Pause) 2847M->2279M(12288M) 66.295ms
[2025-01-09T01:01:37.920+0000][189368.286s][info][gc,cpu      ] GC(6894) User=0.38s Sys=0.01s Real=0.06s
[2025-01-09T01:01:46.502+0000][189376.868s][info][gc,start    ] GC(6895) Pause Young (Normal) (G1 Evacuation Pause)
[2025-01-09T01:01:46.502+0000][189376.868s][info][gc,task     ] GC(6895) Using 6 workers of 6 for evacuation
[2025-01-09T01:01:46.531+0000][189376.898s][info][gc,phases   ] GC(6895)   Pre Evacuate Collection Set: 0.2ms
[2025-01-09T01:01:46.532+0000][189376.898s][info][gc,phases   ] GC(6895)   Merge Heap Roots: 0.4ms
[2025-01-09T01:01:46.532+0000][189376.898s][info][gc,phases   ] GC(6895)   Evacuate Collection Set: 24.7ms
[2025-01-09T01:01:46.532+0000][189376.898s][info][gc,phases   ] GC(6895)   Post Evacuate Collection Set: 4.0ms
[2025-01-09T01:01:46.532+0000][189376.898s][info][gc,phases   ] GC(6895)   Other: 0.2ms
[2025-01-09T01:01:46.532+0000][189376.898s][info][gc,heap     ] GC(6895) Eden regions: 915->0(914)
[2025-01-09T01:01:46.532+0000][189376.898s][info][gc,heap     ] GC(6895) Survivor regions: 6->7(116)
[2025-01-09T01:01:46.532+0000][189376.898s][info][gc,heap     ] GC(6895) Old regions: 230->230
[2025-01-09T01:01:46.532+0000][189376.898s][info][gc,heap     ] GC(6895) Archive regions: 2->2
[2025-01-09T01:01:46.532+0000][189376.898s][info][gc,heap     ] GC(6895) Humongous regions: 49->49
[2025-01-09T01:01:46.532+0000][189376.898s][info][gc,metaspace] GC(6895) Metaspace: 524681K(534080K)->524681K(534080K) NonClass: 460744K(465344K)->460744K(465344K) Class: 63937K(68736K)->63937K(68736K)
[2025-01-09T01:01:46.532+0000][189376.898s][info][gc          ] GC(6895) Pause Young (Normal) (G1 Evacuation Pause) 9599M->2286M(12288M) 29.700ms
[2025-01-09T01:01:46.532+0000][189376.898s][info][gc,cpu      ] GC(6895) User=0.17s Sys=0.00s Real=0.03s
[2025-01-09T01:01:57.060+0000][189387.426s][info][gc,start    ] GC(6896) Pause Young (Normal) (G1 Evacuation Pause)
[2025-01-09T01:01:57.060+0000][189387.426s][info][gc,task     ] GC(6896) Using 6 workers of 6 for evacuation
[2025-01-09T01:01:57.091+0000][189387.457s][info][gc,phases   ] GC(6896)   Pre Evacuate Collection Set: 0.2ms
[2025-01-09T01:01:57.091+0000][189387.457s][info][gc,phases   ] GC(6896)   Merge Heap Roots: 0.4ms
[2025-01-09T01:01:57.091+0000][189387.457s][info][gc,phases   ] GC(6896)   Evacuate Collection Set: 27.8ms
[2025-01-09T01:01:57.091+0000][189387.457s][info][gc,phases   ] GC(6896)   Post Evacuate Collection Set: 2.7ms
[2025-01-09T01:01:57.091+0000][189387.457s][info][gc,phases   ] GC(6896)   Other: 0.2ms
[2025-01-09T01:01:57.091+0000][189387.457s][info][gc,heap     ] GC(6896) Eden regions: 914->0(913)
[2025-01-09T01:01:57.091+0000][189387.457s][info][gc,heap     ] GC(6896) Survivor regions: 7->8(116)
[2025-01-09T01:01:57.091+0000][189387.457s][info][gc,heap     ] GC(6896) Old regions: 230->230
[2025-01-09T01:01:57.091+0000][189387.457s][info][gc,heap     ] GC(6896) Archive regions: 2->2
[2025-01-09T01:01:57.091+0000][189387.457s][info][gc,heap     ] GC(6896) Humongous regions: 49->49
[2025-01-09T01:01:57.091+0000][189387.457s][info][gc,metaspace] GC(6896) Metaspace: 524681K(534080K)->524681K(534080K) NonClass: 460744K(465344K)->460744K(465344K) Class: 63937K(68736K)->63937K(68736K)
[2025-01-09T01:01:57.091+0000][189387.457s][info][gc          ] GC(6896) Pause Young (Normal) (G1 Evacuation Pause) 9598M->2294M(12288M) 31.372ms
[2025-01-09T01:01:57.091+0000][189387.457s][info][gc,cpu      ] GC(6896) User=0.18s Sys=0.00s Real=0.04s
[2025-01-09T01:02:06.496+0000][189396.862s][info][gc,start    ] GC(6897) Pause Young (Concurrent Start) (G1 Evacuation Pause)
[2025-01-09T01:02:06.496+0000][189396.863s][info][gc,task     ] GC(6897) Using 6 workers of 6 for evacuation
[2025-01-09T01:02:06.531+0000][189396.897s][info][gc,phases   ] GC(6897)   Pre Evacuate Collection Set: 1.3ms
[2025-01-09T01:02:06.531+0000][189396.898s][info][gc,phases   ] GC(6897)   Merge Heap Roots: 0.5ms
[2025-01-09T01:02:06.531+0000][189396.898s][info][gc,phases   ] GC(6897)   Evacuate Collection Set: 30.4ms
[2025-01-09T01:02:06.531+0000][189396.898s][info][gc,phases   ] GC(6897)   Post Evacuate Collection Set: 2.6ms
[2025-01-09T01:02:06.531+0000][189396.898s][info][gc,phases   ] GC(6897)   Other: 0.3ms
[2025-01-09T01:02:06.531+0000][189396.898s][info][gc,heap     ] GC(6897) Eden regions: 913->0(912)
[2025-01-09T01:02:06.531+0000][189396.898s][info][gc,heap     ] GC(6897) Survivor regions: 8->9(116)
[2025-01-09T01:02:06.531+0000][189396.898s][info][gc,heap     ] GC(6897) Old regions: 230->230
[2025-01-09T01:02:06.531+0000][189396.898s][info][gc,heap     ] GC(6897) Archive regions: 2->2
[2025-01-09T01:02:06.531+0000][189396.898s][info][gc,heap     ] GC(6897) Humongous regions: 49->49
[2025-01-09T01:02:06.531+0000][189396.898s][info][gc,metaspace] GC(6897) Metaspace: 524681K(534080K)->524681K(534080K) NonClass: 460744K(465344K)->460744K(465344K) Class: 63937K(68736K)->63937K(68736K)
[2025-01-09T01:02:06.531+0000][189396.898s][info][gc          ] GC(6897) Pause Young (Concurrent Start) (G1 Evacuation Pause) 9598M->2299M(12288M) 35.115ms
[2025-01-09T01:02:06.532+0000][189396.898s][info][gc,cpu      ] GC(6897) User=0.19s Sys=0.00s Real=0.04s
[2025-01-09T01:02:06.532+0000][189396.898s][info][gc          ] GC(6898) Concurrent Mark Cycle
[2025-01-09T01:02:06.532+0000][189396.898s][info][gc,marking  ] GC(6898) Concurrent Clear Claimed Marks
[2025-01-09T01:02:06.533+0000][189396.899s][info][gc,marking  ] GC(6898) Concurrent Clear Claimed Marks 0.965ms
[2025-01-09T01:02:06.533+0000][189396.899s][info][gc,marking  ] GC(6898) Concurrent Scan Root Regions
[2025-01-09T01:02:06.555+0000][189396.921s][info][gc,marking  ] GC(6898) Concurrent Scan Root Regions 22.159ms
[2025-01-09T01:02:06.555+0000][189396.921s][info][gc,marking  ] GC(6898) Concurrent Mark
[2025-01-09T01:02:06.555+0000][189396.921s][info][gc,marking  ] GC(6898) Concurrent Mark From Roots
[2025-01-09T01:02:06.555+0000][189396.921s][info][gc,task     ] GC(6898) Using 2 workers of 2 for marking
[2025-01-09T01:02:07.406+0000][189397.772s][info][gc,marking  ] GC(6898) Concurrent Mark From Roots 850.952ms
[2025-01-09T01:02:07.406+0000][189397.772s][info][gc,marking  ] GC(6898) Concurrent Preclean
[2025-01-09T01:02:07.410+0000][189397.776s][info][gc,marking  ] GC(6898) Concurrent Preclean 4.027ms
[2025-01-09T01:02:07.410+0000][189397.776s][info][gc,start    ] GC(6898) Pause Remark
[2025-01-09T01:02:07.437+0000][189397.803s][info][gc          ] GC(6898) Pause Remark 3079M->3079M(12288M) 26.958ms
[2025-01-09T01:02:07.437+0000][189397.803s][info][gc,cpu      ] GC(6898) User=0.15s Sys=0.01s Real=0.02s
[2025-01-09T01:02:07.437+0000][189397.803s][info][gc,marking  ] GC(6898) Concurrent Mark 882.318ms
[2025-01-09T01:02:07.437+0000][189397.803s][info][gc,marking  ] GC(6898) Concurrent Rebuild Remembered Sets
[2025-01-09T01:02:08.082+0000][189398.449s][info][gc,marking  ] GC(6898) Concurrent Rebuild Remembered Sets 645.344ms
[2025-01-09T01:02:08.083+0000][189398.449s][info][gc,start    ] GC(6898) Pause Cleanup
[2025-01-09T01:02:08.083+0000][189398.449s][info][gc          ] GC(6898) Pause Cleanup 3779M->3779M(12288M) 0.464ms
[2025-01-09T01:02:08.083+0000][189398.449s][info][gc,cpu      ] GC(6898) User=0.01s Sys=0.00s Real=0.00s
[2025-01-09T01:02:08.083+0000][189398.449s][info][gc,marking  ] GC(6898) Concurrent Cleanup for Next Mark
[2025-01-09T01:02:08.099+0000][189398.465s][info][gc,marking  ] GC(6898) Concurrent Cleanup for Next Mark 16.115ms
[2025-01-09T01:02:08.099+0000][189398.465s][info][gc          ] GC(6898) Concurrent Mark Cycle 1567.803ms
[2025-01-09T01:02:14.095+0000][189404.461s][info][gc,start    ] GC(6899) Pause Young (Prepare Mixed) (G1 Evacuation Pause)
[2025-01-09T01:02:14.095+0000][189404.461s][info][gc,task     ] GC(6899) Using 6 workers of 6 for evacuation
[2025-01-09T01:02:14.132+0000][189404.498s][info][gc,phases   ] GC(6899)   Pre Evacuate Collection Set: 0.2ms
[2025-01-09T01:02:14.132+0000][189404.498s][info][gc,phases   ] GC(6899)   Merge Heap Roots: 0.7ms
[2025-01-09T01:02:14.132+0000][189404.498s][info][gc,phases   ] GC(6899)   Evacuate Collection Set: 33.0ms
[2025-01-09T01:02:14.132+0000][189404.498s][info][gc,phases   ] GC(6899)   Post Evacuate Collection Set: 2.7ms
[2025-01-09T01:02:14.132+0000][189404.498s][info][gc,phases   ] GC(6899)   Other: 0.2ms
[2025-01-09T01:02:14.132+0000][189404.498s][info][gc,heap     ] GC(6899) Eden regions: 912->0(66)
[2025-01-09T01:02:14.132+0000][189404.498s][info][gc,heap     ] GC(6899) Survivor regions: 9->10(116)
[2025-01-09T01:02:14.132+0000][189404.498s][info][gc,heap     ] GC(6899) Old regions: 230->230
[2025-01-09T01:02:14.132+0000][189404.498s][info][gc,heap     ] GC(6899) Archive regions: 2->2
[2025-01-09T01:02:14.132+0000][189404.498s][info][gc,heap     ] GC(6899) Humongous regions: 49->49
[2025-01-09T01:02:14.132+0000][189404.498s][info][gc,metaspace] GC(6899) Metaspace: 524681K(534080K)->524681K(534080K) NonClass: 460744K(465344K)->460744K(465344K) Class: 63937K(68736K)->63937K(68736K)
[2025-01-09T01:02:14.132+0000][189404.498s][info][gc          ] GC(6899) Pause Young (Prepare Mixed) (G1 Evacuation Pause) 9595M->2309M(12288M) 36.969ms
[2025-01-09T01:02:14.132+0000][189404.498s][info][gc,cpu      ] GC(6899) User=0.22s Sys=0.00s Real=0.04s
[2025-01-09T01:02:14.487+0000][189404.853s][info][gc,start    ] GC(6900) Pause Young (Mixed) (G1 Evacuation Pause)
[2025-01-09T01:02:14.487+0000][189404.853s][info][gc,task     ] GC(6900) Using 6 workers of 6 for evacuation
[2025-01-09T01:02:14.532+0000][189404.898s][info][gc,phases   ] GC(6900)   Pre Evacuate Collection Set: 0.2ms
[2025-01-09T01:02:14.532+0000][189404.898s][info][gc,phases   ] GC(6900)   Merge Heap Roots: 0.4ms
[2025-01-09T01:02:14.532+0000][189404.898s][info][gc,phases   ] GC(6900)   Evacuate Collection Set: 43.2ms
[2025-01-09T01:02:14.532+0000][189404.898s][info][gc,phases   ] GC(6900)   Post Evacuate Collection Set: 1.6ms
[2025-01-09T01:02:14.532+0000][189404.898s][info][gc,phases   ] GC(6900)   Other: 0.2ms
[2025-01-09T01:02:14.532+0000][189404.898s][info][gc,heap     ] GC(6900) Eden regions: 66->0(915)
[2025-01-09T01:02:14.532+0000][189404.898s][info][gc,heap     ] GC(6900) Survivor regions: 10->6(10)
[2025-01-09T01:02:14.532+0000][189404.898s][info][gc,heap     ] GC(6900) Old regions: 230->226
[2025-01-09T01:02:14.532+0000][189404.898s][info][gc,heap     ] GC(6900) Archive regions: 2->2
[2025-01-09T01:02:14.532+0000][189404.898s][info][gc,heap     ] GC(6900) Humongous regions: 49->49
[2025-01-09T01:02:14.532+0000][189404.898s][info][gc,metaspace] GC(6900) Metaspace: 524681K(534080K)->524681K(534080K) NonClass: 460744K(465344K)->460744K(465344K) Class: 63937K(68736K)->63937K(68736K)
[2025-01-09T01:02:14.532+0000][189404.898s][info][gc          ] GC(6900) Pause Young (Mixed) (G1 Evacuation Pause) 2837M->2254M(12288M) 45.663ms
[2025-01-09T01:02:14.532+0000][189404.898s][info][gc,cpu      ] GC(6900) User=0.26s Sys=0.00s Real=0.05s
[2025-01-09T01:02:23.241+0000][189413.607s][info][gc,start    ] GC(6901) Pause Young (Normal) (G1 Evacuation Pause)
[2025-01-09T01:02:23.241+0000][189413.607s][info][gc,task     ] GC(6901) Using 6 workers of 6 for evacuation
[2025-01-09T01:02:23.271+0000][189413.638s][info][gc,phases   ] GC(6901)   Pre Evacuate Collection Set: 0.2ms
[2025-01-09T01:02:23.271+0000][189413.638s][info][gc,phases   ] GC(6901)   Merge Heap Roots: 0.5ms
[2025-01-09T01:02:23.271+0000][189413.638s][info][gc,phases   ] GC(6901)   Evacuate Collection Set: 24.6ms
[2025-01-09T01:02:23.271+0000][189413.638s][info][gc,phases   ] GC(6901)   Post Evacuate Collection Set: 5.3ms
[2025-01-09T01:02:23.271+0000][189413.638s][info][gc,phases   ] GC(6901)   Other: 0.3ms
[2025-01-09T01:02:23.271+0000][189413.638s][info][gc,heap     ] GC(6901) Eden regions: 915->0(913)
[2025-01-09T01:02:23.271+0000][189413.638s][info][gc,heap     ] GC(6901) Survivor regions: 6->8(116)
[2025-01-09T01:02:23.271+0000][189413.638s][info][gc,heap     ] GC(6901) Old regions: 226->226
[2025-01-09T01:02:23.271+0000][189413.638s][info][gc,heap     ] GC(6901) Archive regions: 2->2
[2025-01-09T01:02:23.271+0000][189413.638s][info][gc,heap     ] GC(6901) Humongous regions: 49->49
[2025-01-09T01:02:23.271+0000][189413.638s][info][gc,metaspace] GC(6901) Metaspace: 524681K(534080K)->524681K(534080K) NonClass: 460744K(465344K)->460744K(465344K) Class: 63937K(68736K)->63937K(68736K)
[2025-01-09T01:02:23.272+0000][189413.638s][info][gc          ] GC(6901) Pause Young (Normal) (G1 Evacuation Pause) 9574M->2270M(12288M) 30.938ms
[2025-01-09T01:02:23.272+0000][189413.638s][info][gc,cpu      ] GC(6901) User=0.18s Sys=0.01s Real=0.04s
[2025-01-09T01:02:31.742+0000][189422.108s][info][gc,start    ] GC(6902) Pause Young (Normal) (G1 Evacuation Pause)
[2025-01-09T01:02:31.742+0000][189422.108s][info][gc,task     ] GC(6902) Using 6 workers of 6 for evacuation
[2025-01-09T01:02:31.773+0000][189422.139s][info][gc,phases   ] GC(6902)   Pre Evacuate Collection Set: 0.2ms
[2025-01-09T01:02:31.773+0000][189422.139s][info][gc,phases   ] GC(6902)   Merge Heap Roots: 0.5ms
[2025-01-09T01:02:31.773+0000][189422.139s][info][gc,phases   ] GC(6902)   Evacuate Collection Set: 27.5ms
[2025-01-09T01:02:31.773+0000][189422.139s][info][gc,phases   ] GC(6902)   Post Evacuate Collection Set: 2.6ms
[2025-01-09T01:02:31.773+0000][189422.139s][info][gc,phases   ] GC(6902)   Other: 0.2ms
[2025-01-09T01:02:31.773+0000][189422.139s][info][gc,heap     ] GC(6902) Eden regions: 913->0(913)
[2025-01-09T01:02:31.773+0000][189422.139s][info][gc,heap     ] GC(6902) Survivor regions: 8->8(116)
[2025-01-09T01:02:31.773+0000][189422.139s][info][gc,heap     ] GC(6902) Old regions: 226->226
[2025-01-09T01:02:31.773+0000][189422.139s][info][gc,heap     ] GC(6902) Archive regions: 2->2
[2025-01-09T01:02:31.773+0000][189422.139s][info][gc,heap     ] GC(6902) Humongous regions: 49->49
[2025-01-09T01:02:31.773+0000][189422.139s][info][gc,metaspace] GC(6902) Metaspace: 524681K(534080K)->524681K(534080K) NonClass: 460744K(465344K)->460744K(465344K) Class: 63937K(68736K)->63937K(68736K)
[2025-01-09T01:02:31.773+0000][189422.139s][info][gc          ] GC(6902) Pause Young (Normal) (G1 Evacuation Pause) 9574M->2269M(12288M) 31.061ms
[2025-01-09T01:02:31.773+0000][189422.139s][info][gc,cpu      ] GC(6902) User=0.18s Sys=0.00s Real=0.03s
[2025-01-09T01:02:40.710+0000][189431.076s][info][gc,start    ] GC(6903) Pause Young (Concurrent Start) (G1 Evacuation Pause)
[2025-01-09T01:02:40.710+0000][189431.076s][info][gc,task     ] GC(6903) Using 6 workers of 6 for evacuation
[2025-01-09T01:02:40.746+0000][189431.112s][info][gc,phases   ] GC(6903)   Pre Evacuate Collection Set: 1.2ms
[2025-01-09T01:02:40.746+0000][189431.112s][info][gc,phases   ] GC(6903)   Merge Heap Roots: 0.4ms
[2025-01-09T01:02:40.746+0000][189431.112s][info][gc,phases   ] GC(6903)   Evacuate Collection Set: 30.4ms
[2025-01-09T01:02:40.746+0000][189431.112s][info][gc,phases   ] GC(6903)   Post Evacuate Collection Set: 4.0ms
[2025-01-09T01:02:40.746+0000][189431.112s][info][gc,phases   ] GC(6903)   Other: 0.3ms
[2025-01-09T01:02:40.746+0000][189431.112s][info][gc,heap     ] GC(6903) Eden regions: 913->0(911)
[2025-01-09T01:02:40.746+0000][189431.112s][info][gc,heap     ] GC(6903) Survivor regions: 8->10(116)
[2025-01-09T01:02:40.746+0000][189431.112s][info][gc,heap     ] GC(6903) Old regions: 226->226
[2025-01-09T01:02:40.746+0000][189431.112s][info][gc,heap     ] GC(6903) Archive regions: 2->2
[2025-01-09T01:02:40.746+0000][189431.112s][info][gc,heap     ] GC(6903) Humongous regions: 49->49
[2025-01-09T01:02:40.746+0000][189431.112s][info][gc,metaspace] GC(6903) Metaspace: 524681K(534080K)->524681K(534080K) NonClass: 460744K(465344K)->460744K(465344K) Class: 63937K(68736K)->63937K(68736K)
[2025-01-09T01:02:40.746+0000][189431.112s][info][gc          ] GC(6903) Pause Young (Concurrent Start) (G1 Evacuation Pause) 9573M->2285M(12288M) 36.424ms
[2025-01-09T01:02:40.746+0000][189431.112s][info][gc,cpu      ] GC(6903) User=0.21s Sys=0.00s Real=0.03s
[2025-01-09T01:02:40.746+0000][189431.112s][info][gc          ] GC(6904) Concurrent Mark Cycle
[2025-01-09T01:02:40.746+0000][189431.112s][info][gc,marking  ] GC(6904) Concurrent Clear Claimed Marks
[2025-01-09T01:02:40.747+0000][189431.113s][info][gc,marking  ] GC(6904) Concurrent Clear Claimed Marks 0.988ms
[2025-01-09T01:02:40.747+0000][189431.113s][info][gc,marking  ] GC(6904) Concurrent Scan Root Regions
[2025-01-09T01:02:40.776+0000][189431.142s][info][gc,marking  ] GC(6904) Concurrent Scan Root Regions 28.981ms
[2025-01-09T01:02:40.776+0000][189431.142s][info][gc,marking  ] GC(6904) Concurrent Mark
[2025-01-09T01:02:40.776+0000][189431.142s][info][gc,marking  ] GC(6904) Concurrent Mark From Roots
[2025-01-09T01:02:40.776+0000][189431.142s][info][gc,task     ] GC(6904) Using 2 workers of 2 for marking
[2025-01-09T01:02:41.722+0000][189432.088s][info][gc,marking  ] GC(6904) Concurrent Mark From Roots 946.203ms
[2025-01-09T01:02:41.722+0000][189432.088s][info][gc,marking  ] GC(6904) Concurrent Preclean
[2025-01-09T01:02:41.726+0000][189432.092s][info][gc,marking  ] GC(6904) Concurrent Preclean 3.191ms
[2025-01-09T01:02:41.726+0000][189432.092s][info][gc,start    ] GC(6904) Pause Remark
[2025-01-09T01:02:41.752+0000][189432.118s][info][gc          ] GC(6904) Pause Remark 2981M->2981M(12288M) 26.321ms
[2025-01-09T01:02:41.752+0000][189432.118s][info][gc,cpu      ] GC(6904) User=0.15s Sys=0.00s Real=0.03s
[2025-01-09T01:02:41.752+0000][189432.118s][info][gc,marking  ] GC(6904) Concurrent Mark 976.167ms
[2025-01-09T01:02:41.752+0000][189432.118s][info][gc,marking  ] GC(6904) Concurrent Rebuild Remembered Sets
[2025-01-09T01:02:42.343+0000][189432.709s][info][gc,marking  ] GC(6904) Concurrent Rebuild Remembered Sets 590.442ms
[2025-01-09T01:02:42.343+0000][189432.709s][info][gc,start    ] GC(6904) Pause Cleanup
[2025-01-09T01:02:42.343+0000][189432.709s][info][gc          ] GC(6904) Pause Cleanup 3602M->3602M(12288M) 0.401ms
[2025-01-09T01:02:42.343+0000][189432.709s][info][gc,cpu      ] GC(6904) User=0.00s Sys=0.00s Real=0.00s
[2025-01-09T01:02:42.343+0000][189432.709s][info][gc,marking  ] GC(6904) Concurrent Cleanup for Next Mark
[2025-01-09T01:02:42.371+0000][189432.737s][info][gc,marking  ] GC(6904) Concurrent Cleanup for Next Mark 27.966ms
[2025-01-09T01:02:42.371+0000][189432.738s][info][gc          ] GC(6904) Concurrent Mark Cycle 1625.357ms
[2025-01-09T01:02:48.449+0000][189438.815s][info][gc,start    ] GC(6905) Pause Young (Prepare Mixed) (G1 Evacuation Pause)
[2025-01-09T01:02:48.449+0000][189438.815s][info][gc,task     ] GC(6905) Using 6 workers of 6 for evacuation
[2025-01-09T01:02:48.490+0000][189438.856s][info][gc,phases   ] GC(6905)   Pre Evacuate Collection Set: 0.2ms
[2025-01-09T01:02:48.490+0000][189438.856s][info][gc,phases   ] GC(6905)   Merge Heap Roots: 0.7ms
[2025-01-09T01:02:48.490+0000][189438.856s][info][gc,phases   ] GC(6905)   Evacuate Collection Set: 36.9ms
[2025-01-09T01:02:48.490+0000][189438.856s][info][gc,phases   ] GC(6905)   Post Evacuate Collection Set: 2.7ms
[2025-01-09T01:02:48.490+0000][189438.856s][info][gc,phases   ] GC(6905)   Other: 0.2ms
[2025-01-09T01:02:48.490+0000][189438.856s][info][gc,heap     ] GC(6905) Eden regions: 911->0(64)
[2025-01-09T01:02:48.490+0000][189438.856s][info][gc,heap     ] GC(6905) Survivor regions: 10->12(116)
[2025-01-09T01:02:48.490+0000][189438.856s][info][gc,heap     ] GC(6905) Old regions: 226->226
[2025-01-09T01:02:48.490+0000][189438.856s][info][gc,heap     ] GC(6905) Archive regions: 2->2
[2025-01-09T01:02:48.490+0000][189438.856s][info][gc,heap     ] GC(6905) Humongous regions: 49->49
[2025-01-09T01:02:48.490+0000][189438.856s][info][gc,metaspace] GC(6905) Metaspace: 524681K(534080K)->524681K(534080K) NonClass: 460744K(465344K)->460744K(465344K) Class: 63937K(68736K)->63937K(68736K)
[2025-01-09T01:02:48.490+0000][189438.856s][info][gc          ] GC(6905) Pause Young (Prepare Mixed) (G1 Evacuation Pause) 9573M->2296M(12288M) 40.891ms
[2025-01-09T01:02:48.490+0000][189438.856s][info][gc,cpu      ] GC(6905) User=0.24s Sys=0.00s Real=0.05s
[2025-01-09T01:02:49.078+0000][189439.444s][info][gc,start    ] GC(6906) Pause Young (Mixed) (G1 Evacuation Pause)
[2025-01-09T01:02:49.078+0000][189439.444s][info][gc,task     ] GC(6906) Using 6 workers of 6 for evacuation
[2025-01-09T01:02:49.150+0000][189439.516s][info][gc,phases   ] GC(6906)   Pre Evacuate Collection Set: 0.2ms
[2025-01-09T01:02:49.150+0000][189439.516s][info][gc,phases   ] GC(6906)   Merge Heap Roots: 0.7ms
[2025-01-09T01:02:49.150+0000][189439.516s][info][gc,phases   ] GC(6906)   Evacuate Collection Set: 68.4ms
[2025-01-09T01:02:49.150+0000][189439.516s][info][gc,phases   ] GC(6906)   Post Evacuate Collection Set: 2.0ms
[2025-01-09T01:02:49.150+0000][189439.516s][info][gc,phases   ] GC(6906)   Other: 0.2ms
[2025-01-09T01:02:49.150+0000][189439.516s][info][gc,heap     ] GC(6906) Eden regions: 64->0(916)
[2025-01-09T01:02:49.150+0000][189439.516s][info][gc,heap     ] GC(6906) Survivor regions: 12->5(10)
[2025-01-09T01:02:49.150+0000][189439.516s][info][gc,heap     ] GC(6906) Old regions: 226->228
[2025-01-09T01:02:49.150+0000][189439.516s][info][gc,heap     ] GC(6906) Archive regions: 2->2
[2025-01-09T01:02:49.150+0000][189439.516s][info][gc,heap     ] GC(6906) Humongous regions: 49->49
[2025-01-09T01:02:49.150+0000][189439.516s][info][gc,metaspace] GC(6906) Metaspace: 524681K(534080K)->524681K(534080K) NonClass: 460744K(465344K)->460744K(465344K) Class: 63937K(68736K)->63937K(68736K)
[2025-01-09T01:02:49.150+0000][189439.516s][info][gc          ] GC(6906) Pause Young (Mixed) (G1 Evacuation Pause) 2808M->2255M(12288M) 71.531ms
[2025-01-09T01:02:49.150+0000][189439.516s][info][gc,cpu      ] GC(6906) User=0.40s Sys=0.01s Real=0.08s
[2025-01-09T01:02:56.006+0000][189446.372s][info][gc,start    ] GC(6907) Pause Young (Normal) (G1 Evacuation Pause)
[2025-01-09T01:02:56.006+0000][189446.372s][info][gc,task     ] GC(6907) Using 6 workers of 6 for evacuation
[2025-01-09T01:02:56.031+0000][189446.397s][info][gc,phases   ] GC(6907)   Pre Evacuate Collection Set: 0.2ms
[2025-01-09T01:02:56.031+0000][189446.397s][info][gc,phases   ] GC(6907)   Merge Heap Roots: 0.4ms
[2025-01-09T01:02:56.031+0000][189446.397s][info][gc,phases   ] GC(6907)   Evacuate Collection Set: 22.2ms
[2025-01-09T01:02:56.031+0000][189446.397s][info][gc,phases   ] GC(6907)   Post Evacuate Collection Set: 2.5ms
[2025-01-09T01:02:56.031+0000][189446.397s][info][gc,phases   ] GC(6907)   Other: 0.2ms
[2025-01-09T01:02:56.031+0000][189446.397s][info][gc,heap     ] GC(6907) Eden regions: 916->0(915)
[2025-01-09T01:02:56.031+0000][189446.397s][info][gc,heap     ] GC(6907) Survivor regions: 5->6(116)
[2025-01-09T01:02:56.031+0000][189446.397s][info][gc,heap     ] GC(6907) Old regions: 228->228
[2025-01-09T01:02:56.031+0000][189446.397s][info][gc,heap     ] GC(6907) Archive regions: 2->2
[2025-01-09T01:02:56.031+0000][189446.397s][info][gc,heap     ] GC(6907) Humongous regions: 49->49
[2025-01-09T01:02:56.031+0000][189446.397s][info][gc,metaspace] GC(6907) Metaspace: 524681K(534080K)->524681K(534080K) NonClass: 460744K(465344K)->460744K(465344K) Class: 63937K(68736K)->63937K(68736K)
[2025-01-09T01:02:56.031+0000][189446.397s][info][gc          ] GC(6907) Pause Young (Normal) (G1 Evacuation Pause) 9583M->2262M(12288M) 25.647ms
[2025-01-09T01:02:56.031+0000][189446.397s][info][gc,cpu      ] GC(6907) User=0.15s Sys=0.00s Real=0.03s
[2025-01-09T01:03:04.782+0000][189455.149s][info][gc,start    ] GC(6908) Pause Young (Normal) (G1 Evacuation Pause)
[2025-01-09T01:03:04.782+0000][189455.149s][info][gc,task     ] GC(6908) Using 6 workers of 6 for evacuation
[2025-01-09T01:03:04.815+0000][189455.181s][info][gc,phases   ] GC(6908)   Pre Evacuate Collection Set: 0.2ms
[2025-01-09T01:03:04.815+0000][189455.181s][info][gc,phases   ] GC(6908)   Merge Heap Roots: 0.4ms
[2025-01-09T01:03:04.815+0000][189455.181s][info][gc,phases   ] GC(6908)   Evacuate Collection Set: 28.8ms
[2025-01-09T01:03:04.815+0000][189455.181s][info][gc,phases   ] GC(6908)   Post Evacuate Collection Set: 2.7ms
[2025-01-09T01:03:04.815+0000][189455.181s][info][gc,phases   ] GC(6908)   Other: 0.2ms
[2025-01-09T01:03:04.815+0000][189455.181s][info][gc,heap     ] GC(6908) Eden regions: 915->0(913)
[2025-01-09T01:03:04.815+0000][189455.181s][info][gc,heap     ] GC(6908) Survivor regions: 6->8(116)
[2025-01-09T01:03:04.815+0000][189455.181s][info][gc,heap     ] GC(6908) Old regions: 228->228
[2025-01-09T01:03:04.815+0000][189455.181s][info][gc,heap     ] GC(6908) Archive regions: 2->2
[2025-01-09T01:03:04.815+0000][189455.181s][info][gc,heap     ] GC(6908) Humongous regions: 49->49
[2025-01-09T01:03:04.815+0000][189455.181s][info][gc,metaspace] GC(6908) Metaspace: 524681K(534080K)->524681K(534080K) NonClass: 460744K(465344K)->460744K(465344K) Class: 63937K(68736K)->63937K(68736K)
[2025-01-09T01:03:04.815+0000][189455.181s][info][gc          ] GC(6908) Pause Young (Normal) (G1 Evacuation Pause) 9582M->2275M(12288M) 32.434ms
[2025-01-09T01:03:04.815+0000][189455.181s][info][gc,cpu      ] GC(6908) User=0.19s Sys=0.00s Real=0.03s
[2025-01-09T01:03:13.586+0000][189463.953s][info][gc,start    ] GC(6909) Pause Young (Concurrent Start) (G1 Evacuation Pause)
[2025-01-09T01:03:13.586+0000][189463.953s][info][gc,task     ] GC(6909) Using 6 workers of 6 for evacuation
[2025-01-09T01:03:13.619+0000][189463.985s][info][gc,phases   ] GC(6909)   Pre Evacuate Collection Set: 1.1ms
[2025-01-09T01:03:13.619+0000][189463.985s][info][gc,phases   ] GC(6909)   Merge Heap Roots: 0.4ms
[2025-01-09T01:03:13.619+0000][189463.985s][info][gc,phases   ] GC(6909)   Evacuate Collection Set: 28.2ms
[2025-01-09T01:03:13.619+0000][189463.985s][info][gc,phases   ] GC(6909)   Post Evacuate Collection Set: 2.5ms
[2025-01-09T01:03:13.619+0000][189463.985s][info][gc,phases   ] GC(6909)   Other: 0.3ms
[2025-01-09T01:03:13.619+0000][189463.985s][info][gc,heap     ] GC(6909) Eden regions: 913->0(913)
[2025-01-09T01:03:13.619+0000][189463.985s][info][gc,heap     ] GC(6909) Survivor regions: 8->8(116)
[2025-01-09T01:03:13.619+0000][189463.985s][info][gc,heap     ] GC(6909) Old regions: 228->228
[2025-01-09T01:03:13.619+0000][189463.985s][info][gc,heap     ] GC(6909) Archive regions: 2->2
[2025-01-09T01:03:13.619+0000][189463.985s][info][gc,heap     ] GC(6909) Humongous regions: 49->49
[2025-01-09T01:03:13.619+0000][189463.985s][info][gc,metaspace] GC(6909) Metaspace: 524681K(534080K)->524681K(534080K) NonClass: 460744K(465344K)->460744K(465344K) Class: 63937K(68736K)->63937K(68736K)
[2025-01-09T01:03:13.619+0000][189463.985s][info][gc          ] GC(6909) Pause Young (Concurrent Start) (G1 Evacuation Pause) 9579M->2273M(12288M) 32.633ms
[2025-01-09T01:03:13.619+0000][189463.985s][info][gc,cpu      ] GC(6909) User=0.18s Sys=0.00s Real=0.03s
[2025-01-09T01:03:13.619+0000][189463.985s][info][gc          ] GC(6910) Concurrent Mark Cycle
[2025-01-09T01:03:13.619+0000][189463.985s][info][gc,marking  ] GC(6910) Concurrent Clear Claimed Marks
[2025-01-09T01:03:13.620+0000][189463.986s][info][gc,marking  ] GC(6910) Concurrent Clear Claimed Marks 0.931ms
[2025-01-09T01:03:13.620+0000][189463.986s][info][gc,marking  ] GC(6910) Concurrent Scan Root Regions
[2025-01-09T01:03:13.641+0000][189464.007s][info][gc,marking  ] GC(6910) Concurrent Scan Root Regions 20.648ms
[2025-01-09T01:03:13.641+0000][189464.007s][info][gc,marking  ] GC(6910) Concurrent Mark
[2025-01-09T01:03:13.641+0000][189464.007s][info][gc,marking  ] GC(6910) Concurrent Mark From Roots
[2025-01-09T01:03:13.641+0000][189464.007s][info][gc,task     ] GC(6910) Using 2 workers of 2 for marking
[2025-01-09T01:03:14.515+0000][189464.881s][info][gc,marking  ] GC(6910) Concurrent Mark From Roots 874.555ms
[2025-01-09T01:03:14.515+0000][189464.881s][info][gc,marking  ] GC(6910) Concurrent Preclean
[2025-01-09T01:03:14.518+0000][189464.884s][info][gc,marking  ] GC(6910) Concurrent Preclean 2.642ms
[2025-01-09T01:03:14.518+0000][189464.884s][info][gc,start    ] GC(6910) Pause Remark
[2025-01-09T01:03:14.544+0000][189464.910s][info][gc          ] GC(6910) Pause Remark 3081M->3081M(12288M) 25.851ms
[2025-01-09T01:03:14.544+0000][189464.910s][info][gc,cpu      ] GC(6910) User=0.14s Sys=0.00s Real=0.03s
[2025-01-09T01:03:14.544+0000][189464.910s][info][gc,marking  ] GC(6910) Concurrent Mark 903.398ms
[2025-01-09T01:03:14.544+0000][189464.910s][info][gc,marking  ] GC(6910) Concurrent Rebuild Remembered Sets
[2025-01-09T01:03:15.175+0000][189465.541s][info][gc,marking  ] GC(6910) Concurrent Rebuild Remembered Sets 630.622ms
[2025-01-09T01:03:15.175+0000][189465.541s][info][gc,start    ] GC(6910) Pause Cleanup
[2025-01-09T01:03:15.175+0000][189465.542s][info][gc          ] GC(6910) Pause Cleanup 3781M->3781M(12288M) 0.450ms
[2025-01-09T01:03:15.175+0000][189465.542s][info][gc,cpu      ] GC(6910) User=0.00s Sys=0.00s Real=0.00s
[2025-01-09T01:03:15.176+0000][189465.542s][info][gc,marking  ] GC(6910) Concurrent Cleanup for Next Mark
[2025-01-09T01:03:15.192+0000][189465.558s][info][gc,marking  ] GC(6910) Concurrent Cleanup for Next Mark 16.317ms
[2025-01-09T01:03:15.192+0000][189465.558s][info][gc          ] GC(6910) Concurrent Mark Cycle 1572.786ms
[2025-01-09T01:03:24.076+0000][189474.442s][info][gc,start    ] GC(6911) Pause Young (Prepare Mixed) (G1 Evacuation Pause)
[2025-01-09T01:03:24.076+0000][189474.442s][info][gc,task     ] GC(6911) Using 6 workers of 6 for evacuation
[2025-01-09T01:03:24.120+0000][189474.486s][info][gc,phases   ] GC(6911)   Pre Evacuate Collection Set: 0.2ms
[2025-01-09T01:03:24.120+0000][189474.486s][info][gc,phases   ] GC(6911)   Merge Heap Roots: 0.7ms
[2025-01-09T01:03:24.120+0000][189474.486s][info][gc,phases   ] GC(6911)   Evacuate Collection Set: 37.6ms
[2025-01-09T01:03:24.120+0000][189474.486s][info][gc,phases   ] GC(6911)   Post Evacuate Collection Set: 5.5ms
[2025-01-09T01:03:24.120+0000][189474.486s][info][gc,phases   ] GC(6911)   Other: 0.2ms
[2025-01-09T01:03:24.120+0000][189474.486s][info][gc,heap     ] GC(6911) Eden regions: 913->0(64)
[2025-01-09T01:03:24.120+0000][189474.486s][info][gc,heap     ] GC(6911) Survivor regions: 8->12(116)
[2025-01-09T01:03:24.120+0000][189474.486s][info][gc,heap     ] GC(6911) Old regions: 228->228
[2025-01-09T01:03:24.120+0000][189474.486s][info][gc,heap     ] GC(6911) Archive regions: 2->2
[2025-01-09T01:03:24.120+0000][189474.486s][info][gc,heap     ] GC(6911) Humongous regions: 49->49
[2025-01-09T01:03:24.120+0000][189474.486s][info][gc,metaspace] GC(6911) Metaspace: 524681K(534080K)->524681K(534080K) NonClass: 460744K(465344K)->460744K(465344K) Class: 63937K(68736K)->63937K(68736K)
[2025-01-09T01:03:24.120+0000][189474.486s][info][gc          ] GC(6911) Pause Young (Prepare Mixed) (G1 Evacuation Pause) 9577M->2310M(12288M) 44.268ms
[2025-01-09T01:03:24.120+0000][189474.486s][info][gc,cpu      ] GC(6911) User=0.26s Sys=0.00s Real=0.04s
[2025-01-09T01:03:24.549+0000][189474.915s][info][gc,start    ] GC(6912) Pause Young (Mixed) (G1 Evacuation Pause)
[2025-01-09T01:03:24.549+0000][189474.915s][info][gc,task     ] GC(6912) Using 6 workers of 6 for evacuation
[2025-01-09T01:03:24.615+0000][189474.981s][info][gc,phases   ] GC(6912)   Pre Evacuate Collection Set: 0.2ms
[2025-01-09T01:03:24.615+0000][189474.981s][info][gc,phases   ] GC(6912)   Merge Heap Roots: 0.7ms
[2025-01-09T01:03:24.615+0000][189474.981s][info][gc,phases   ] GC(6912)   Evacuate Collection Set: 63.8ms
[2025-01-09T01:03:24.615+0000][189474.981s][info][gc,phases   ] GC(6912)   Post Evacuate Collection Set: 1.4ms
[2025-01-09T01:03:24.615+0000][189474.981s][info][gc,phases   ] GC(6912)   Other: 0.2ms
[2025-01-09T01:03:24.615+0000][189474.981s][info][gc,heap     ] GC(6912) Eden regions: 64->0(919)
[2025-01-09T01:03:24.615+0000][189474.981s][info][gc,heap     ] GC(6912) Survivor regions: 12->2(10)
[2025-01-09T01:03:24.615+0000][189474.981s][info][gc,heap     ] GC(6912) Old regions: 228->232
[2025-01-09T01:03:24.615+0000][189474.981s][info][gc,heap     ] GC(6912) Archive regions: 2->2
[2025-01-09T01:03:24.615+0000][189474.981s][info][gc,heap     ] GC(6912) Humongous regions: 49->49
[2025-01-09T01:03:24.615+0000][189474.981s][info][gc,metaspace] GC(6912) Metaspace: 524681K(534080K)->524681K(534080K) NonClass: 460744K(465344K)->460744K(465344K) Class: 63937K(68736K)->63937K(68736K)
[2025-01-09T01:03:24.615+0000][189474.981s][info][gc          ] GC(6912) Pause Young (Mixed) (G1 Evacuation Pause) 2822M->2269M(12288M) 66.379ms
[2025-01-09T01:03:24.615+0000][189474.981s][info][gc,cpu      ] GC(6912) User=0.39s Sys=0.00s Real=0.07s
[2025-01-09T01:03:37.841+0000][189488.207s][info][gc,start    ] GC(6913) Pause Young (Normal) (G1 Evacuation Pause)
[2025-01-09T01:03:37.841+0000][189488.207s][info][gc,task     ] GC(6913) Using 6 workers of 6 for evacuation
[2025-01-09T01:03:37.866+0000][189488.232s][info][gc,phases   ] GC(6913)   Pre Evacuate Collection Set: 0.2ms
[2025-01-09T01:03:37.866+0000][189488.232s][info][gc,phases   ] GC(6913)   Merge Heap Roots: 0.4ms
[2025-01-09T01:03:37.866+0000][189488.232s][info][gc,phases   ] GC(6913)   Evacuate Collection Set: 20.2ms
[2025-01-09T01:03:37.866+0000][189488.232s][info][gc,phases   ] GC(6913)   Post Evacuate Collection Set: 4.0ms
[2025-01-09T01:03:37.866+0000][189488.232s][info][gc,phases   ] GC(6913)   Other: 0.2ms
[2025-01-09T01:03:37.866+0000][189488.232s][info][gc,heap     ] GC(6913) Eden regions: 919->0(916)
[2025-01-09T01:03:37.866+0000][189488.232s][info][gc,heap     ] GC(6913) Survivor regions: 2->5(116)
[2025-01-09T01:03:37.866+0000][189488.232s][info][gc,heap     ] GC(6913) Old regions: 232->232
[2025-01-09T01:03:37.866+0000][189488.232s][info][gc,heap     ] GC(6913) Archive regions: 2->2
[2025-01-09T01:03:37.866+0000][189488.232s][info][gc,heap     ] GC(6913) Humongous regions: 49->49
[2025-01-09T01:03:37.866+0000][189488.232s][info][gc,metaspace] GC(6913) Metaspace: 524681K(534080K)->524681K(534080K) NonClass: 460744K(465344K)->460744K(465344K) Class: 63937K(68736K)->63937K(68736K)
[2025-01-09T01:03:37.866+0000][189488.232s][info][gc          ] GC(6913) Pause Young (Normal) (G1 Evacuation Pause) 9621M->2290M(12288M) 25.154ms
[2025-01-09T01:03:37.866+0000][189488.233s][info][gc,cpu      ] GC(6913) User=0.15s Sys=0.00s Real=0.03s
[2025-01-09T01:03:48.240+0000][189498.606s][info][gc,start    ] GC(6914) Pause Young (Normal) (G1 Evacuation Pause)
[2025-01-09T01:03:48.240+0000][189498.606s][info][gc,task     ] GC(6914) Using 6 workers of 6 for evacuation
[2025-01-09T01:03:48.266+0000][189498.633s][info][gc,phases   ] GC(6914)   Pre Evacuate Collection Set: 0.2ms
[2025-01-09T01:03:48.266+0000][189498.633s][info][gc,phases   ] GC(6914)   Merge Heap Roots: 0.4ms
[2025-01-09T01:03:48.266+0000][189498.633s][info][gc,phases   ] GC(6914)   Evacuate Collection Set: 23.2ms
[2025-01-09T01:03:48.266+0000][189498.633s][info][gc,phases   ] GC(6914)   Post Evacuate Collection Set: 2.6ms
[2025-01-09T01:03:48.266+0000][189498.633s][info][gc,phases   ] GC(6914)   Other: 0.2ms
[2025-01-09T01:03:48.266+0000][189498.633s][info][gc,heap     ] GC(6914) Eden regions: 916->0(915)
[2025-01-09T01:03:48.266+0000][189498.633s][info][gc,heap     ] GC(6914) Survivor regions: 5->6(116)
[2025-01-09T01:03:48.266+0000][189498.633s][info][gc,heap     ] GC(6914) Old regions: 232->232
[2025-01-09T01:03:48.266+0000][189498.633s][info][gc,heap     ] GC(6914) Archive regions: 2->2
[2025-01-09T01:03:48.267+0000][189498.633s][info][gc,heap     ] GC(6914) Humongous regions: 49->49
[2025-01-09T01:03:48.267+0000][189498.633s][info][gc,metaspace] GC(6914) Metaspace: 524681K(534080K)->524681K(534080K) NonClass: 460744K(465344K)->460744K(465344K) Class: 63937K(68736K)->63937K(68736K)
[2025-01-09T01:03:48.267+0000][189498.633s][info][gc          ] GC(6914) Pause Young (Normal) (G1 Evacuation Pause) 9618M->2300M(12288M) 26.678ms
[2025-01-09T01:03:48.267+0000][189498.633s][info][gc,cpu      ] GC(6914) User=0.15s Sys=0.00s Real=0.03s
[2025-01-09T01:03:56.841+0000][189507.207s][info][gc,start    ] GC(6915) Pause Young (Concurrent Start) (G1 Evacuation Pause)
[2025-01-09T01:03:56.841+0000][189507.207s][info][gc,task     ] GC(6915) Using 6 workers of 6 for evacuation
[2025-01-09T01:03:56.873+0000][189507.239s][info][gc,phases   ] GC(6915)   Pre Evacuate Collection Set: 1.2ms
[2025-01-09T01:03:56.873+0000][189507.239s][info][gc,phases   ] GC(6915)   Merge Heap Roots: 0.5ms
[2025-01-09T01:03:56.873+0000][189507.239s][info][gc,phases   ] GC(6915)   Evacuate Collection Set: 27.7ms
[2025-01-09T01:03:56.873+0000][189507.239s][info][gc,phases   ] GC(6915)   Post Evacuate Collection Set: 2.6ms
[2025-01-09T01:03:56.873+0000][189507.239s][info][gc,phases   ] GC(6915)   Other: 0.3ms
[2025-01-09T01:03:56.873+0000][189507.239s][info][gc,heap     ] GC(6915) Eden regions: 915->0(914)
[2025-01-09T01:03:56.873+0000][189507.239s][info][gc,heap     ] GC(6915) Survivor regions: 6->7(116)
[2025-01-09T01:03:56.873+0000][189507.239s][info][gc,heap     ] GC(6915) Old regions: 232->232
[2025-01-09T01:03:56.873+0000][189507.239s][info][gc,heap     ] GC(6915) Archive regions: 2->2
[2025-01-09T01:03:56.873+0000][189507.239s][info][gc,heap     ] GC(6915) Humongous regions: 49->49
[2025-01-09T01:03:56.873+0000][189507.239s][info][gc,metaspace] GC(6915) Metaspace: 524681K(534080K)->524681K(534080K) NonClass: 460744K(465344K)->460744K(465344K) Class: 63937K(68736K)->63937K(68736K)
[2025-01-09T01:03:56.873+0000][189507.239s][info][gc          ] GC(6915) Pause Young (Concurrent Start) (G1 Evacuation Pause) 9620M->2309M(12288M) 32.334ms
[2025-01-09T01:03:56.873+0000][189507.239s][info][gc,cpu      ] GC(6915) User=0.18s Sys=0.00s Real=0.04s
[2025-01-09T01:03:56.873+0000][189507.239s][info][gc          ] GC(6916) Concurrent Mark Cycle
[2025-01-09T01:03:56.873+0000][189507.239s][info][gc,marking  ] GC(6916) Concurrent Clear Claimed Marks
[2025-01-09T01:03:56.874+0000][189507.240s][info][gc,marking  ] GC(6916) Concurrent Clear Claimed Marks 0.993ms
[2025-01-09T01:03:56.874+0000][189507.240s][info][gc,marking  ] GC(6916) Concurrent Scan Root Regions
[2025-01-09T01:03:56.900+0000][189507.266s][info][gc,marking  ] GC(6916) Concurrent Scan Root Regions 25.309ms
[2025-01-09T01:03:56.900+0000][189507.266s][info][gc,marking  ] GC(6916) Concurrent Mark
[2025-01-09T01:03:56.900+0000][189507.266s][info][gc,marking  ] GC(6916) Concurrent Mark From Roots
[2025-01-09T01:03:56.900+0000][189507.266s][info][gc,task     ] GC(6916) Using 2 workers of 2 for marking
[2025-01-09T01:03:57.823+0000][189508.190s][info][gc,marking  ] GC(6916) Concurrent Mark From Roots 923.857ms
[2025-01-09T01:03:57.823+0000][189508.190s][info][gc,marking  ] GC(6916) Concurrent Preclean
[2025-01-09T01:03:57.826+0000][189508.192s][info][gc,marking  ] GC(6916) Concurrent Preclean 2.677ms
[2025-01-09T01:03:57.826+0000][189508.192s][info][gc,start    ] GC(6916) Pause Remark
[2025-01-09T01:03:57.852+0000][189508.218s][info][gc          ] GC(6916) Pause Remark 3329M->3329M(12288M) 25.973ms
[2025-01-09T01:03:57.852+0000][189508.218s][info][gc,cpu      ] GC(6916) User=0.14s Sys=0.00s Real=0.03s
[2025-01-09T01:03:57.852+0000][189508.219s][info][gc,marking  ] GC(6916) Concurrent Mark 952.852ms
[2025-01-09T01:03:57.852+0000][189508.219s][info][gc,marking  ] GC(6916) Concurrent Rebuild Remembered Sets
[2025-01-09T01:03:58.408+0000][189508.774s][info][gc,marking  ] GC(6916) Concurrent Rebuild Remembered Sets 555.708ms
[2025-01-09T01:03:58.408+0000][189508.774s][info][gc,start    ] GC(6916) Pause Cleanup
[2025-01-09T01:03:58.409+0000][189508.775s][info][gc          ] GC(6916) Pause Cleanup 3691M->3691M(12288M) 0.404ms
[2025-01-09T01:03:58.409+0000][189508.775s][info][gc,cpu      ] GC(6916) User=0.00s Sys=0.00s Real=0.00s
[2025-01-09T01:03:58.409+0000][189508.775s][info][gc,marking  ] GC(6916) Concurrent Cleanup for Next Mark
[2025-01-09T01:03:58.435+0000][189508.802s][info][gc,marking  ] GC(6916) Concurrent Cleanup for Next Mark 26.684ms
[2025-01-09T01:03:58.436+0000][189508.802s][info][gc          ] GC(6916) Concurrent Mark Cycle 1562.350ms
[2025-01-09T01:04:04.980+0000][189515.347s][info][gc,start    ] GC(6917) Pause Young (Prepare Mixed) (G1 Evacuation Pause)
[2025-01-09T01:04:04.980+0000][189515.347s][info][gc,task     ] GC(6917) Using 6 workers of 6 for evacuation
[2025-01-09T01:04:05.017+0000][189515.383s][info][gc,phases   ] GC(6917)   Pre Evacuate Collection Set: 0.2ms
[2025-01-09T01:04:05.017+0000][189515.383s][info][gc,phases   ] GC(6917)   Merge Heap Roots: 0.6ms
[2025-01-09T01:04:05.017+0000][189515.383s][info][gc,phases   ] GC(6917)   Evacuate Collection Set: 32.4ms
[2025-01-09T01:04:05.017+0000][189515.383s][info][gc,phases   ] GC(6917)   Post Evacuate Collection Set: 2.7ms
[2025-01-09T01:04:05.017+0000][189515.383s][info][gc,phases   ] GC(6917)   Other: 0.2ms
[2025-01-09T01:04:05.017+0000][189515.383s][info][gc,heap     ] GC(6917) Eden regions: 914->0(67)
[2025-01-09T01:04:05.017+0000][189515.383s][info][gc,heap     ] GC(6917) Survivor regions: 7->9(116)
[2025-01-09T01:04:05.017+0000][189515.383s][info][gc,heap     ] GC(6917) Old regions: 232->232
[2025-01-09T01:04:05.017+0000][189515.383s][info][gc,heap     ] GC(6917) Archive regions: 2->2
[2025-01-09T01:04:05.017+0000][189515.383s][info][gc,heap     ] GC(6917) Humongous regions: 49->49
[2025-01-09T01:04:05.017+0000][189515.383s][info][gc,metaspace] GC(6917) Metaspace: 524681K(534080K)->524681K(534080K) NonClass: 460744K(465344K)->460744K(465344K) Class: 63937K(68736K)->63937K(68736K)
[2025-01-09T01:04:05.017+0000][189515.383s][info][gc          ] GC(6917) Pause Young (Prepare Mixed) (G1 Evacuation Pause) 9621M->2320M(12288M) 36.248ms
[2025-01-09T01:04:05.017+0000][189515.383s][info][gc,cpu      ] GC(6917) User=0.21s Sys=0.00s Real=0.04s
[2025-01-09T01:04:05.950+0000][189516.316s][info][gc,start    ] GC(6918) Pause Young (Mixed) (G1 Evacuation Pause)
[2025-01-09T01:04:05.950+0000][189516.316s][info][gc,task     ] GC(6918) Using 6 workers of 6 for evacuation
[2025-01-09T01:04:06.019+0000][189516.385s][info][gc,phases   ] GC(6918)   Pre Evacuate Collection Set: 0.2ms
[2025-01-09T01:04:06.019+0000][189516.385s][info][gc,phases   ] GC(6918)   Merge Heap Roots: 0.8ms
[2025-01-09T01:04:06.019+0000][189516.385s][info][gc,phases   ] GC(6918)   Evacuate Collection Set: 65.3ms
[2025-01-09T01:04:06.019+0000][189516.385s][info][gc,phases   ] GC(6918)   Post Evacuate Collection Set: 1.9ms
[2025-01-09T01:04:06.019+0000][189516.385s][info][gc,phases   ] GC(6918)   Other: 0.2ms
[2025-01-09T01:04:06.019+0000][189516.385s][info][gc,heap     ] GC(6918) Eden regions: 67->0(915)
[2025-01-09T01:04:06.019+0000][189516.385s][info][gc,heap     ] GC(6918) Survivor regions: 9->6(10)
[2025-01-09T01:04:06.019+0000][189516.385s][info][gc,heap     ] GC(6918) Old regions: 232->231
[2025-01-09T01:04:06.019+0000][189516.385s][info][gc,heap     ] GC(6918) Archive regions: 2->2
[2025-01-09T01:04:06.019+0000][189516.385s][info][gc,heap     ] GC(6918) Humongous regions: 49->49
[2025-01-09T01:04:06.019+0000][189516.385s][info][gc,metaspace] GC(6918) Metaspace: 524681K(534080K)->524681K(534080K) NonClass: 460744K(465344K)->460744K(465344K) Class: 63937K(68736K)->63937K(68736K)
[2025-01-09T01:04:06.019+0000][189516.385s][info][gc          ] GC(6918) Pause Young (Mixed) (G1 Evacuation Pause) 2856M->2283M(12288M) 68.447ms
[2025-01-09T01:04:06.019+0000][189516.385s][info][gc,cpu      ] GC(6918) User=0.40s Sys=0.00s Real=0.06s
[2025-01-09T01:04:19.602+0000][189529.969s][info][gc,start    ] GC(6919) Pause Young (Normal) (G1 Evacuation Pause)
[2025-01-09T01:04:19.603+0000][189529.969s][info][gc,task     ] GC(6919) Using 6 workers of 6 for evacuation
[2025-01-09T01:04:19.635+0000][189530.001s][info][gc,phases   ] GC(6919)   Pre Evacuate Collection Set: 0.2ms
[2025-01-09T01:04:19.635+0000][189530.001s][info][gc,phases   ] GC(6919)   Merge Heap Roots: 0.4ms
[2025-01-09T01:04:19.635+0000][189530.001s][info][gc,phases   ] GC(6919)   Evacuate Collection Set: 26.2ms
[2025-01-09T01:04:19.635+0000][189530.001s][info][gc,phases   ] GC(6919)   Post Evacuate Collection Set: 5.5ms
[2025-01-09T01:04:19.635+0000][189530.001s][info][gc,phases   ] GC(6919)   Other: 0.2ms
[2025-01-09T01:04:19.635+0000][189530.001s][info][gc,heap     ] GC(6919) Eden regions: 915->0(913)
[2025-01-09T01:04:19.635+0000][189530.001s][info][gc,heap     ] GC(6919) Survivor regions: 6->8(116)
[2025-01-09T01:04:19.635+0000][189530.001s][info][gc,heap     ] GC(6919) Old regions: 231->231
[2025-01-09T01:04:19.635+0000][189530.001s][info][gc,heap     ] GC(6919) Archive regions: 2->2
[2025-01-09T01:04:19.635+0000][189530.001s][info][gc,heap     ] GC(6919) Humongous regions: 49->49
[2025-01-09T01:04:19.635+0000][189530.001s][info][gc,metaspace] GC(6919) Metaspace: 524681K(534080K)->524681K(534080K) NonClass: 460744K(465344K)->460744K(465344K) Class: 63937K(68736K)->63937K(68736K)
[2025-01-09T01:04:19.635+0000][189530.001s][info][gc          ] GC(6919) Pause Young (Normal) (G1 Evacuation Pause) 9603M->2303M(12288M) 32.712ms
[2025-01-09T01:04:19.635+0000][189530.001s][info][gc,cpu      ] GC(6919) User=0.19s Sys=0.01s Real=0.03s
[2025-01-09T01:04:28.917+0000][189539.283s][info][gc,start    ] GC(6920) Pause Young (Normal) (G1 Evacuation Pause)
[2025-01-09T01:04:28.917+0000][189539.283s][info][gc,task     ] GC(6920) Using 6 workers of 6 for evacuation
[2025-01-09T01:04:28.949+0000][189539.316s][info][gc,phases   ] GC(6920)   Pre Evacuate Collection Set: 0.2ms
[2025-01-09T01:04:28.949+0000][189539.316s][info][gc,phases   ] GC(6920)   Merge Heap Roots: 0.5ms
[2025-01-09T01:04:28.949+0000][189539.316s][info][gc,phases   ] GC(6920)   Evacuate Collection Set: 27.9ms
[2025-01-09T01:04:28.949+0000][189539.316s][info][gc,phases   ] GC(6920)   Post Evacuate Collection Set: 4.0ms
[2025-01-09T01:04:28.949+0000][189539.316s][info][gc,phases   ] GC(6920)   Other: 0.2ms
[2025-01-09T01:04:28.950+0000][189539.316s][info][gc,heap     ] GC(6920) Eden regions: 913->0(912)
[2025-01-09T01:04:28.950+0000][189539.316s][info][gc,heap     ] GC(6920) Survivor regions: 8->9(116)
[2025-01-09T01:04:28.950+0000][189539.316s][info][gc,heap     ] GC(6920) Old regions: 231->231
[2025-01-09T01:04:28.950+0000][189539.316s][info][gc,heap     ] GC(6920) Archive regions: 2->2
[2025-01-09T01:04:28.950+0000][189539.316s][info][gc,heap     ] GC(6920) Humongous regions: 49->49
[2025-01-09T01:04:28.950+0000][189539.316s][info][gc,metaspace] GC(6920) Metaspace: 524681K(534080K)->524681K(534080K) NonClass: 460744K(465344K)->460744K(465344K) Class: 63937K(68736K)->63937K(68736K)
[2025-01-09T01:04:28.950+0000][189539.316s][info][gc          ] GC(6920) Pause Young (Normal) (G1 Evacuation Pause) 9607M->2305M(12288M) 32.831ms
[2025-01-09T01:04:28.950+0000][189539.316s][info][gc,cpu      ] GC(6920) User=0.19s Sys=0.00s Real=0.04s
[2025-01-09T01:04:36.946+0000][189547.312s][info][gc,start    ] GC(6921) Pause Young (Concurrent Start) (G1 Evacuation Pause)
[2025-01-09T01:04:36.946+0000][189547.312s][info][gc,task     ] GC(6921) Using 6 workers of 6 for evacuation
[2025-01-09T01:04:36.981+0000][189547.347s][info][gc,phases   ] GC(6921)   Pre Evacuate Collection Set: 1.2ms
[2025-01-09T01:04:36.981+0000][189547.347s][info][gc,phases   ] GC(6921)   Merge Heap Roots: 0.5ms
[2025-01-09T01:04:36.981+0000][189547.347s][info][gc,phases   ] GC(6921)   Evacuate Collection Set: 30.7ms
[2025-01-09T01:04:36.981+0000][189547.347s][info][gc,phases   ] GC(6921)   Post Evacuate Collection Set: 2.6ms
[2025-01-09T01:04:36.981+0000][189547.347s][info][gc,phases   ] GC(6921)   Other: 0.3ms
[2025-01-09T01:04:36.981+0000][189547.347s][info][gc,heap     ] GC(6921) Eden regions: 912->0(912)
[2025-01-09T01:04:36.981+0000][189547.347s][info][gc,heap     ] GC(6921) Survivor regions: 9->9(116)
[2025-01-09T01:04:36.981+0000][189547.347s][info][gc,heap     ] GC(6921) Old regions: 231->231
[2025-01-09T01:04:36.981+0000][189547.347s][info][gc,heap     ] GC(6921) Archive regions: 2->2
[2025-01-09T01:04:36.981+0000][189547.347s][info][gc,heap     ] GC(6921) Humongous regions: 49->49
[2025-01-09T01:04:36.981+0000][189547.347s][info][gc,metaspace] GC(6921) Metaspace: 524681K(534080K)->524681K(534080K) NonClass: 460744K(465344K)->460744K(465344K) Class: 63937K(68736K)->63937K(68736K)
[2025-01-09T01:04:36.981+0000][189547.347s][info][gc          ] GC(6921) Pause Young (Concurrent Start) (G1 Evacuation Pause) 9601M->2309M(12288M) 35.293ms
[2025-01-09T01:04:36.981+0000][189547.347s][info][gc,cpu      ] GC(6921) User=0.20s Sys=0.00s Real=0.03s
[2025-01-09T01:04:36.981+0000][189547.347s][info][gc          ] GC(6922) Concurrent Mark Cycle
[2025-01-09T01:04:36.981+0000][189547.347s][info][gc,marking  ] GC(6922) Concurrent Clear Claimed Marks
[2025-01-09T01:04:36.982+0000][189547.348s][info][gc,marking  ] GC(6922) Concurrent Clear Claimed Marks 0.979ms
[2025-01-09T01:04:36.982+0000][189547.348s][info][gc,marking  ] GC(6922) Concurrent Scan Root Regions
[2025-01-09T01:04:37.004+0000][189547.370s][info][gc,marking  ] GC(6922) Concurrent Scan Root Regions 21.582ms
[2025-01-09T01:04:37.004+0000][189547.370s][info][gc,marking  ] GC(6922) Concurrent Mark
[2025-01-09T01:04:37.004+0000][189547.370s][info][gc,marking  ] GC(6922) Concurrent Mark From Roots
[2025-01-09T01:04:37.004+0000][189547.370s][info][gc,task     ] GC(6922) Using 2 workers of 2 for marking
[2025-01-09T01:04:37.791+0000][189548.157s][info][gc,marking  ] GC(6922) Concurrent Mark From Roots 787.407ms
[2025-01-09T01:04:37.791+0000][189548.157s][info][gc,marking  ] GC(6922) Concurrent Preclean
[2025-01-09T01:04:37.795+0000][189548.161s][info][gc,marking  ] GC(6922) Concurrent Preclean 3.400ms
[2025-01-09T01:04:37.795+0000][189548.161s][info][gc,start    ] GC(6922) Pause Remark
[2025-01-09T01:04:37.820+0000][189548.186s][info][gc          ] GC(6922) Pause Remark 3105M->3105M(12288M) 25.185ms
[2025-01-09T01:04:37.820+0000][189548.186s][info][gc,cpu      ] GC(6922) User=0.15s Sys=0.00s Real=0.02s
[2025-01-09T01:04:37.820+0000][189548.186s][info][gc,marking  ] GC(6922) Concurrent Mark 816.322ms
[2025-01-09T01:04:37.820+0000][189548.186s][info][gc,marking  ] GC(6922) Concurrent Rebuild Remembered Sets
[2025-01-09T01:04:38.438+0000][189548.804s][info][gc,marking  ] GC(6922) Concurrent Rebuild Remembered Sets 617.387ms
[2025-01-09T01:04:38.438+0000][189548.804s][info][gc,start    ] GC(6922) Pause Cleanup
[2025-01-09T01:04:38.438+0000][189548.804s][info][gc          ] GC(6922) Pause Cleanup 3897M->3897M(12288M) 0.418ms
[2025-01-09T01:04:38.438+0000][189548.804s][info][gc,cpu      ] GC(6922) User=0.00s Sys=0.00s Real=0.00s
[2025-01-09T01:04:38.438+0000][189548.804s][info][gc,marking  ] GC(6922) Concurrent Cleanup for Next Mark
[2025-01-09T01:04:38.454+0000][189548.820s][info][gc,marking  ] GC(6922) Concurrent Cleanup for Next Mark 15.922ms
[2025-01-09T01:04:38.454+0000][189548.820s][info][gc          ] GC(6922) Concurrent Mark Cycle 1472.989ms
[2025-01-09T01:05:23.434+0000][189593.801s][info][gc,start    ] GC(6923) Pause Young (Prepare Mixed) (G1 Evacuation Pause)
[2025-01-09T01:05:23.435+0000][189593.801s][info][gc,task     ] GC(6923) Using 6 workers of 6 for evacuation
[2025-01-09T01:05:23.470+0000][189593.836s][info][gc,phases   ] GC(6923)   Pre Evacuate Collection Set: 0.2ms
[2025-01-09T01:05:23.470+0000][189593.836s][info][gc,phases   ] GC(6923)   Merge Heap Roots: 0.7ms
[2025-01-09T01:05:23.470+0000][189593.836s][info][gc,phases   ] GC(6923)   Evacuate Collection Set: 31.7ms
[2025-01-09T01:05:23.470+0000][189593.836s][info][gc,phases   ] GC(6923)   Post Evacuate Collection Set: 2.4ms
[2025-01-09T01:05:23.470+0000][189593.836s][info][gc,phases   ] GC(6923)   Other: 0.2ms
[2025-01-09T01:05:23.470+0000][189593.836s][info][gc,heap     ] GC(6923) Eden regions: 912->0(67)
[2025-01-09T01:05:23.470+0000][189593.836s][info][gc,heap     ] GC(6923) Survivor regions: 9->9(116)
[2025-01-09T01:05:23.470+0000][189593.836s][info][gc,heap     ] GC(6923) Old regions: 231->231
[2025-01-09T01:05:23.470+0000][189593.836s][info][gc,heap     ] GC(6923) Archive regions: 2->2
[2025-01-09T01:05:23.470+0000][189593.836s][info][gc,heap     ] GC(6923) Humongous regions: 49->49
[2025-01-09T01:05:23.470+0000][189593.836s][info][gc,metaspace] GC(6923) Metaspace: 524684K(534080K)->524684K(534080K) NonClass: 460746K(465344K)->460746K(465344K) Class: 63937K(68736K)->63937K(68736K)
[2025-01-09T01:05:23.470+0000][189593.836s][info][gc          ] GC(6923) Pause Young (Prepare Mixed) (G1 Evacuation Pause) 9605M->2305M(12288M) 35.305ms
[2025-01-09T01:05:23.470+0000][189593.836s][info][gc,cpu      ] GC(6923) User=0.21s Sys=0.00s Real=0.04s
[2025-01-09T01:05:24.137+0000][189594.503s][info][gc,start    ] GC(6924) Pause Young (Mixed) (G1 Evacuation Pause)
[2025-01-09T01:05:24.137+0000][189594.503s][info][gc,task     ] GC(6924) Using 6 workers of 6 for evacuation
[2025-01-09T01:05:24.200+0000][189594.566s][info][gc,phases   ] GC(6924)   Pre Evacuate Collection Set: 0.2ms
[2025-01-09T01:05:24.200+0000][189594.566s][info][gc,phases   ] GC(6924)   Merge Heap Roots: 0.7ms
[2025-01-09T01:05:24.200+0000][189594.566s][info][gc,phases   ] GC(6924)   Evacuate Collection Set: 60.7ms
[2025-01-09T01:05:24.200+0000][189594.566s][info][gc,phases   ] GC(6924)   Post Evacuate Collection Set: 1.6ms
[2025-01-09T01:05:24.200+0000][189594.566s][info][gc,phases   ] GC(6924)   Other: 0.2ms
[2025-01-09T01:05:24.200+0000][189594.566s][info][gc,heap     ] GC(6924) Eden regions: 67->0(915)
[2025-01-09T01:05:24.200+0000][189594.566s][info][gc,heap     ] GC(6924) Survivor regions: 9->6(10)
[2025-01-09T01:05:24.200+0000][189594.566s][info][gc,heap     ] GC(6924) Old regions: 231->228
[2025-01-09T01:05:24.200+0000][189594.566s][info][gc,heap     ] GC(6924) Archive regions: 2->2
[2025-01-09T01:05:24.200+0000][189594.566s][info][gc,heap     ] GC(6924) Humongous regions: 49->49
[2025-01-09T01:05:24.200+0000][189594.566s][info][gc,metaspace] GC(6924) Metaspace: 524684K(534080K)->524684K(534080K) NonClass: 460746K(465344K)->460746K(465344K) Class: 63937K(68736K)->63937K(68736K)
[2025-01-09T01:05:24.200+0000][189594.566s][info][gc          ] GC(6924) Pause Young (Mixed) (G1 Evacuation Pause) 2841M->2265M(12288M) 63.542ms
[2025-01-09T01:05:24.200+0000][189594.566s][info][gc,cpu      ] GC(6924) User=0.37s Sys=0.00s Real=0.06s
[2025-01-09T01:33:44.374+0000][191294.740s][info][gc,start    ] GC(6925) Pause Young (Normal) (G1 Evacuation Pause)
[2025-01-09T01:33:44.374+0000][191294.740s][info][gc,task     ] GC(6925) Using 6 workers of 6 for evacuation
[2025-01-09T01:33:44.432+0000][191294.798s][info][gc,phases   ] GC(6925)   Pre Evacuate Collection Set: 0.2ms
[2025-01-09T01:33:44.432+0000][191294.798s][info][gc,phases   ] GC(6925)   Merge Heap Roots: 0.7ms
[2025-01-09T01:33:44.432+0000][191294.798s][info][gc,phases   ] GC(6925)   Evacuate Collection Set: 52.7ms
[2025-01-09T01:33:44.432+0000][191294.798s][info][gc,phases   ] GC(6925)   Post Evacuate Collection Set: 4.3ms
[2025-01-09T01:33:44.432+0000][191294.798s][info][gc,phases   ] GC(6925)   Other: 0.2ms
[2025-01-09T01:33:44.432+0000][191294.798s][info][gc,heap     ] GC(6925) Eden regions: 915->0(909)
[2025-01-09T01:33:44.432+0000][191294.798s][info][gc,heap     ] GC(6925) Survivor regions: 6->12(116)
[2025-01-09T01:33:44.432+0000][191294.798s][info][gc,heap     ] GC(6925) Old regions: 228->228
[2025-01-09T01:33:44.432+0000][191294.798s][info][gc,heap     ] GC(6925) Archive regions: 2->2
[2025-01-09T01:33:44.432+0000][191294.798s][info][gc,heap     ] GC(6925) Humongous regions: 49->49
[2025-01-09T01:33:44.432+0000][191294.798s][info][gc,metaspace] GC(6925) Metaspace: 524773K(534144K)->524773K(534144K) NonClass: 460819K(465408K)->460819K(465408K) Class: 63954K(68736K)->63954K(68736K)
[2025-01-09T01:33:44.432+0000][191294.798s][info][gc          ] GC(6925) Pause Young (Normal) (G1 Evacuation Pause) 9585M->2307M(12288M) 58.182ms
[2025-01-09T01:33:44.432+0000][191294.798s][info][gc,cpu      ] GC(6925) User=0.34s Sys=0.00s Real=0.06s
[2025-01-09T01:34:37.147+0000][191347.513s][info][gc,start    ] GC(6926) Pause Young (Normal) (G1 Evacuation Pause)
[2025-01-09T01:34:37.147+0000][191347.513s][info][gc,task     ] GC(6926) Using 6 workers of 6 for evacuation
[2025-01-09T01:34:37.216+0000][191347.582s][info][gc,phases   ] GC(6926)   Pre Evacuate Collection Set: 0.2ms
[2025-01-09T01:34:37.216+0000][191347.582s][info][gc,phases   ] GC(6926)   Merge Heap Roots: 0.6ms
[2025-01-09T01:34:37.216+0000][191347.582s][info][gc,phases   ] GC(6926)   Evacuate Collection Set: 63.6ms
[2025-01-09T01:34:37.216+0000][191347.582s][info][gc,phases   ] GC(6926)   Post Evacuate Collection Set: 4.1ms
[2025-01-09T01:34:37.216+0000][191347.582s][info][gc,phases   ] GC(6926)   Other: 0.2ms
[2025-01-09T01:34:37.216+0000][191347.582s][info][gc,heap     ] GC(6926) Eden regions: 909->0(905)
[2025-01-09T01:34:37.216+0000][191347.582s][info][gc,heap     ] GC(6926) Survivor regions: 12->16(116)
[2025-01-09T01:34:37.216+0000][191347.582s][info][gc,heap     ] GC(6926) Old regions: 228->228
[2025-01-09T01:34:37.216+0000][191347.582s][info][gc,heap     ] GC(6926) Archive regions: 2->2
[2025-01-09T01:34:37.216+0000][191347.582s][info][gc,heap     ] GC(6926) Humongous regions: 49->49
[2025-01-09T01:34:37.216+0000][191347.582s][info][gc,metaspace] GC(6926) Metaspace: 524798K(534144K)->524798K(534144K) NonClass: 460840K(465408K)->460840K(465408K) Class: 63957K(68736K)->63957K(68736K)
[2025-01-09T01:34:37.216+0000][191347.582s][info][gc          ] GC(6926) Pause Young (Normal) (G1 Evacuation Pause) 9579M->2345M(12288M) 68.835ms
[2025-01-09T01:34:37.216+0000][191347.582s][info][gc,cpu      ] GC(6926) User=0.40s Sys=0.00s Real=0.07s
[2025-01-09T01:35:08.007+0000][191378.373s][info][gc,start    ] GC(6927) Pause Young (Concurrent Start) (GCLocker Initiated GC)
[2025-01-09T01:35:08.007+0000][191378.373s][info][gc,task     ] GC(6927) Using 6 workers of 6 for evacuation
[2025-01-09T01:35:08.069+0000][191378.435s][info][gc,phases   ] GC(6927)   Pre Evacuate Collection Set: 1.1ms
[2025-01-09T01:35:08.069+0000][191378.435s][info][gc,phases   ] GC(6927)   Merge Heap Roots: 0.6ms
[2025-01-09T01:35:08.069+0000][191378.435s][info][gc,phases   ] GC(6927)   Evacuate Collection Set: 57.5ms
[2025-01-09T01:35:08.069+0000][191378.435s][info][gc,phases   ] GC(6927)   Post Evacuate Collection Set: 2.7ms
[2025-01-09T01:35:08.069+0000][191378.435s][info][gc,phases   ] GC(6927)   Other: 0.3ms
[2025-01-09T01:35:08.069+0000][191378.435s][info][gc,heap     ] GC(6927) Eden regions: 905->0(903)
[2025-01-09T01:35:08.069+0000][191378.435s][info][gc,heap     ] GC(6927) Survivor regions: 16->18(116)
[2025-01-09T01:35:08.069+0000][191378.435s][info][gc,heap     ] GC(6927) Old regions: 228->228
[2025-01-09T01:35:08.069+0000][191378.435s][info][gc,heap     ] GC(6927) Archive regions: 2->2
[2025-01-09T01:35:08.069+0000][191378.435s][info][gc,heap     ] GC(6927) Humongous regions: 49->49
[2025-01-09T01:35:08.069+0000][191378.435s][info][gc,metaspace] GC(6927) Metaspace: 524798K(534144K)->524798K(534144K) NonClass: 460840K(465408K)->460840K(465408K) Class: 63957K(68736K)->63957K(68736K)
[2025-01-09T01:35:08.069+0000][191378.436s][info][gc          ] GC(6927) Pause Young (Concurrent Start) (GCLocker Initiated GC) 9585M->2357M(12288M) 62.350ms
[2025-01-09T01:35:08.069+0000][191378.436s][info][gc,cpu      ] GC(6927) User=0.36s Sys=0.00s Real=0.07s
[2025-01-09T01:35:08.070+0000][191378.436s][info][gc          ] GC(6928) Concurrent Mark Cycle
[2025-01-09T01:35:08.070+0000][191378.436s][info][gc,marking  ] GC(6928) Concurrent Clear Claimed Marks
[2025-01-09T01:35:08.071+0000][191378.437s][info][gc,marking  ] GC(6928) Concurrent Clear Claimed Marks 0.972ms
[2025-01-09T01:35:08.071+0000][191378.437s][info][gc,marking  ] GC(6928) Concurrent Scan Root Regions
[2025-01-09T01:35:08.133+0000][191378.499s][info][gc,marking  ] GC(6928) Concurrent Scan Root Regions 61.965ms
[2025-01-09T01:35:08.133+0000][191378.499s][info][gc,marking  ] GC(6928) Concurrent Mark
[2025-01-09T01:35:08.133+0000][191378.499s][info][gc,marking  ] GC(6928) Concurrent Mark From Roots
[2025-01-09T01:35:08.133+0000][191378.499s][info][gc,task     ] GC(6928) Using 2 workers of 2 for marking
[2025-01-09T01:35:08.887+0000][191379.254s][info][gc,marking  ] GC(6928) Concurrent Mark From Roots 754.876ms
[2025-01-09T01:35:08.887+0000][191379.254s][info][gc,marking  ] GC(6928) Concurrent Preclean
[2025-01-09T01:35:08.890+0000][191379.256s][info][gc,marking  ] GC(6928) Concurrent Preclean 2.584ms
[2025-01-09T01:35:08.890+0000][191379.256s][info][gc,start    ] GC(6928) Pause Remark
[2025-01-09T01:35:08.916+0000][191379.282s][info][gc          ] GC(6928) Pause Remark 2675M->2675M(12288M) 26.056ms
[2025-01-09T01:35:08.916+0000][191379.282s][info][gc,cpu      ] GC(6928) User=0.15s Sys=0.00s Real=0.02s
[2025-01-09T01:35:08.916+0000][191379.282s][info][gc,marking  ] GC(6928) Concurrent Mark 783.825ms
[2025-01-09T01:35:08.916+0000][191379.282s][info][gc,marking  ] GC(6928) Concurrent Rebuild Remembered Sets
[2025-01-09T01:35:09.426+0000][191379.792s][info][gc,marking  ] GC(6928) Concurrent Rebuild Remembered Sets 509.806ms
[2025-01-09T01:35:09.426+0000][191379.792s][info][gc,start    ] GC(6928) Pause Cleanup
[2025-01-09T01:35:09.427+0000][191379.793s][info][gc          ] GC(6928) Pause Cleanup 2813M->2813M(12288M) 0.460ms
[2025-01-09T01:35:09.427+0000][191379.793s][info][gc,cpu      ] GC(6928) User=0.01s Sys=0.00s Real=0.00s
[2025-01-09T01:35:09.427+0000][191379.793s][info][gc,marking  ] GC(6928) Concurrent Cleanup for Next Mark
[2025-01-09T01:35:09.442+0000][191379.808s][info][gc,marking  ] GC(6928) Concurrent Cleanup for Next Mark 15.282ms
[2025-01-09T01:35:09.442+0000][191379.808s][info][gc          ] GC(6928) Concurrent Mark Cycle 1372.698ms
[2025-01-09T01:35:26.830+0000][191397.196s][info][gc,start    ] GC(6929) Pause Young (Prepare Mixed) (G1 Evacuation Pause)
[2025-01-09T01:35:26.830+0000][191397.196s][info][gc,task     ] GC(6929) Using 6 workers of 6 for evacuation
[2025-01-09T01:35:26.901+0000][191397.267s][info][gc,phases   ] GC(6929)   Pre Evacuate Collection Set: 0.2ms
[2025-01-09T01:35:26.901+0000][191397.267s][info][gc,phases   ] GC(6929)   Merge Heap Roots: 1.0ms
[2025-01-09T01:35:26.901+0000][191397.267s][info][gc,phases   ] GC(6929)   Evacuate Collection Set: 66.7ms
[2025-01-09T01:35:26.901+0000][191397.267s][info][gc,phases   ] GC(6929)   Post Evacuate Collection Set: 2.7ms
[2025-01-09T01:35:26.901+0000][191397.267s][info][gc,phases   ] GC(6929)   Other: 0.2ms
[2025-01-09T01:35:26.901+0000][191397.267s][info][gc,heap     ] GC(6929) Eden regions: 903->0(57)
[2025-01-09T01:35:26.901+0000][191397.267s][info][gc,heap     ] GC(6929) Survivor regions: 18->19(116)
[2025-01-09T01:35:26.901+0000][191397.267s][info][gc,heap     ] GC(6929) Old regions: 228->228
[2025-01-09T01:35:26.901+0000][191397.267s][info][gc,heap     ] GC(6929) Archive regions: 2->2
[2025-01-09T01:35:26.901+0000][191397.267s][info][gc,heap     ] GC(6929) Humongous regions: 49->49
[2025-01-09T01:35:26.901+0000][191397.267s][info][gc,metaspace] GC(6929) Metaspace: 524798K(534144K)->524798K(534144K) NonClass: 460840K(465408K)->460840K(465408K) Class: 63957K(68736K)->63957K(68736K)
[2025-01-09T01:35:26.901+0000][191397.267s][info][gc          ] GC(6929) Pause Young (Prepare Mixed) (G1 Evacuation Pause) 9581M->2365M(12288M) 70.906ms
[2025-01-09T01:35:26.901+0000][191397.267s][info][gc,cpu      ] GC(6929) User=0.42s Sys=0.00s Real=0.06s
[2025-01-09T01:35:33.162+0000][191403.528s][info][gc,start    ] GC(6930) Pause Young (Mixed) (G1 Evacuation Pause)
[2025-01-09T01:35:33.162+0000][191403.528s][info][gc,task     ] GC(6930) Using 6 workers of 6 for evacuation
[2025-01-09T01:35:33.248+0000][191403.614s][info][gc,phases   ] GC(6930)   Pre Evacuate Collection Set: 0.3ms
[2025-01-09T01:35:33.248+0000][191403.614s][info][gc,phases   ] GC(6930)   Merge Heap Roots: 0.8ms
[2025-01-09T01:35:33.248+0000][191403.614s][info][gc,phases   ] GC(6930)   Evacuate Collection Set: 83.4ms
[2025-01-09T01:35:33.248+0000][191403.614s][info][gc,phases   ] GC(6930)   Post Evacuate Collection Set: 1.7ms
[2025-01-09T01:35:33.248+0000][191403.614s][info][gc,phases   ] GC(6930)   Other: 0.2ms
[2025-01-09T01:35:33.248+0000][191403.614s][info][gc,heap     ] GC(6930) Eden regions: 57->0(915)
[2025-01-09T01:35:33.248+0000][191403.614s][info][gc,heap     ] GC(6930) Survivor regions: 19->6(10)
[2025-01-09T01:35:33.248+0000][191403.614s][info][gc,heap     ] GC(6930) Old regions: 228->233
[2025-01-09T01:35:33.248+0000][191403.614s][info][gc,heap     ] GC(6930) Archive regions: 2->2
[2025-01-09T01:35:33.248+0000][191403.614s][info][gc,heap     ] GC(6930) Humongous regions: 49->49
[2025-01-09T01:35:33.248+0000][191403.614s][info][gc,metaspace] GC(6930) Metaspace: 524798K(534144K)->524798K(534144K) NonClass: 460840K(465408K)->460840K(465408K) Class: 63957K(68736K)->63957K(68736K)
[2025-01-09T01:35:33.248+0000][191403.614s][info][gc          ] GC(6930) Pause Young (Mixed) (G1 Evacuation Pause) 2821M->2306M(12288M) 86.359ms
[2025-01-09T01:35:33.248+0000][191403.615s][info][gc,cpu      ] GC(6930) User=0.51s Sys=0.00s Real=0.08s
[2025-01-09T01:35:50.077+0000][191420.444s][info][gc,start    ] GC(6931) Pause Young (Normal) (G1 Evacuation Pause)
[2025-01-09T01:35:50.078+0000][191420.444s][info][gc,task     ] GC(6931) Using 6 workers of 6 for evacuation
[2025-01-09T01:35:50.103+0000][191420.469s][info][gc,phases   ] GC(6931)   Pre Evacuate Collection Set: 0.2ms
[2025-01-09T01:35:50.103+0000][191420.469s][info][gc,phases   ] GC(6931)   Merge Heap Roots: 0.4ms
[2025-01-09T01:35:50.103+0000][191420.469s][info][gc,phases   ] GC(6931)   Evacuate Collection Set: 22.3ms
[2025-01-09T01:35:50.103+0000][191420.469s][info][gc,phases   ] GC(6931)   Post Evacuate Collection Set: 2.4ms
[2025-01-09T01:35:50.103+0000][191420.469s][info][gc,phases   ] GC(6931)   Other: 0.2ms
[2025-01-09T01:35:50.103+0000][191420.469s][info][gc,heap     ] GC(6931) Eden regions: 915->0(915)
[2025-01-09T01:35:50.103+0000][191420.469s][info][gc,heap     ] GC(6931) Survivor regions: 6->6(116)
[2025-01-09T01:35:50.103+0000][191420.469s][info][gc,heap     ] GC(6931) Old regions: 233->233
[2025-01-09T01:35:50.103+0000][191420.469s][info][gc,heap     ] GC(6931) Archive regions: 2->2
[2025-01-09T01:35:50.103+0000][191420.469s][info][gc,heap     ] GC(6931) Humongous regions: 49->49
[2025-01-09T01:35:50.103+0000][191420.469s][info][gc,metaspace] GC(6931) Metaspace: 524798K(534144K)->524798K(534144K) NonClass: 460840K(465408K)->460840K(465408K) Class: 63957K(68736K)->63957K(68736K)
[2025-01-09T01:35:50.103+0000][191420.469s][info][gc          ] GC(6931) Pause Young (Normal) (G1 Evacuation Pause) 9626M->2306M(12288M) 25.541ms
[2025-01-09T01:35:50.103+0000][191420.469s][info][gc,cpu      ] GC(6931) User=0.15s Sys=0.00s Real=0.03s
[2025-01-09T01:44:07.974+0000][191918.340s][info][gc,start    ] GC(6932) Pause Young (Normal) (G1 Evacuation Pause)
[2025-01-09T01:44:07.974+0000][191918.340s][info][gc,task     ] GC(6932) Using 6 workers of 6 for evacuation
[2025-01-09T01:44:08.002+0000][191918.368s][info][gc,phases   ] GC(6932)   Pre Evacuate Collection Set: 0.2ms
[2025-01-09T01:44:08.002+0000][191918.368s][info][gc,phases   ] GC(6932)   Merge Heap Roots: 0.4ms
[2025-01-09T01:44:08.002+0000][191918.368s][info][gc,phases   ] GC(6932)   Evacuate Collection Set: 24.6ms
[2025-01-09T01:44:08.002+0000][191918.368s][info][gc,phases   ] GC(6932)   Post Evacuate Collection Set: 3.1ms
[2025-01-09T01:44:08.002+0000][191918.368s][info][gc,phases   ] GC(6932)   Other: 0.2ms
[2025-01-09T01:44:08.002+0000][191918.368s][info][gc,heap     ] GC(6932) Eden regions: 915->0(913)
[2025-01-09T01:44:08.002+0000][191918.368s][info][gc,heap     ] GC(6932) Survivor regions: 6->8(116)
[2025-01-09T01:44:08.002+0000][191918.368s][info][gc,heap     ] GC(6932) Old regions: 233->233
[2025-01-09T01:44:08.002+0000][191918.368s][info][gc,heap     ] GC(6932) Archive regions: 2->2
[2025-01-09T01:44:08.002+0000][191918.368s][info][gc,heap     ] GC(6932) Humongous regions: 49->49
[2025-01-09T01:44:08.002+0000][191918.368s][info][gc,metaspace] GC(6932) Metaspace: 524841K(534208K)->524841K(534208K) NonClass: 460874K(465472K)->460874K(465472K) Class: 63966K(68736K)->63966K(68736K)
[2025-01-09T01:44:08.002+0000][191918.368s][info][gc          ] GC(6932) Pause Young (Normal) (G1 Evacuation Pause) 9626M->2321M(12288M) 28.598ms
[2025-01-09T01:44:08.002+0000][191918.368s][info][gc,cpu      ] GC(6932) User=0.16s Sys=0.00s Real=0.03s
[2025-01-09T01:44:53.522+0000][191963.888s][info][gc,start    ] GC(6933) Pause Young (Concurrent Start) (G1 Evacuation Pause)
[2025-01-09T01:44:53.522+0000][191963.888s][info][gc,task     ] GC(6933) Using 6 workers of 6 for evacuation
[2025-01-09T01:44:53.564+0000][191963.930s][info][gc,phases   ] GC(6933)   Pre Evacuate Collection Set: 1.1ms
[2025-01-09T01:44:53.564+0000][191963.930s][info][gc,phases   ] GC(6933)   Merge Heap Roots: 0.4ms
[2025-01-09T01:44:53.564+0000][191963.930s][info][gc,phases   ] GC(6933)   Evacuate Collection Set: 36.1ms
[2025-01-09T01:44:53.564+0000][191963.930s][info][gc,phases   ] GC(6933)   Post Evacuate Collection Set: 4.2ms
[2025-01-09T01:44:53.564+0000][191963.930s][info][gc,phases   ] GC(6933)   Other: 0.3ms
[2025-01-09T01:44:53.564+0000][191963.930s][info][gc,heap     ] GC(6933) Eden regions: 913->0(911)
[2025-01-09T01:44:53.564+0000][191963.930s][info][gc,heap     ] GC(6933) Survivor regions: 8->10(116)
[2025-01-09T01:44:53.564+0000][191963.930s][info][gc,heap     ] GC(6933) Old regions: 233->233
[2025-01-09T01:44:53.564+0000][191963.930s][info][gc,heap     ] GC(6933) Archive regions: 2->2
[2025-01-09T01:44:53.564+0000][191963.930s][info][gc,heap     ] GC(6933) Humongous regions: 49->49
[2025-01-09T01:44:53.564+0000][191963.930s][info][gc,metaspace] GC(6933) Metaspace: 524841K(534208K)->524841K(534208K) NonClass: 460874K(465472K)->460874K(465472K) Class: 63966K(68736K)->63966K(68736K)
[2025-01-09T01:44:53.564+0000][191963.930s][info][gc          ] GC(6933) Pause Young (Concurrent Start) (G1 Evacuation Pause) 9625M->2338M(12288M) 42.156ms
[2025-01-09T01:44:53.564+0000][191963.930s][info][gc,cpu      ] GC(6933) User=0.24s Sys=0.00s Real=0.04s
[2025-01-09T01:44:53.564+0000][191963.930s][info][gc          ] GC(6934) Concurrent Mark Cycle
[2025-01-09T01:44:53.564+0000][191963.930s][info][gc,marking  ] GC(6934) Concurrent Clear Claimed Marks
[2025-01-09T01:44:53.565+0000][191963.931s][info][gc,marking  ] GC(6934) Concurrent Clear Claimed Marks 0.963ms
[2025-01-09T01:44:53.565+0000][191963.931s][info][gc,marking  ] GC(6934) Concurrent Scan Root Regions
[2025-01-09T01:44:53.587+0000][191963.953s][info][gc,marking  ] GC(6934) Concurrent Scan Root Regions 21.561ms
[2025-01-09T01:44:53.587+0000][191963.953s][info][gc,marking  ] GC(6934) Concurrent Mark
[2025-01-09T01:44:53.587+0000][191963.953s][info][gc,marking  ] GC(6934) Concurrent Mark From Roots
[2025-01-09T01:44:53.587+0000][191963.953s][info][gc,task     ] GC(6934) Using 2 workers of 2 for marking
[2025-01-09T01:44:54.301+0000][191964.667s][info][gc,marking  ] GC(6934) Concurrent Mark From Roots 714.376ms
[2025-01-09T01:44:54.301+0000][191964.667s][info][gc,marking  ] GC(6934) Concurrent Preclean
[2025-01-09T01:44:54.304+0000][191964.670s][info][gc,marking  ] GC(6934) Concurrent Preclean 2.446ms
[2025-01-09T01:44:54.304+0000][191964.670s][info][gc,start    ] GC(6934) Pause Remark
[2025-01-09T01:44:54.360+0000][191964.726s][info][gc          ] GC(6934) Pause Remark 2494M->2494M(12288M) 55.882ms
[2025-01-09T01:44:54.360+0000][191964.726s][info][gc,cpu      ] GC(6934) User=0.31s Sys=0.00s Real=0.05s
[2025-01-09T01:44:54.360+0000][191964.726s][info][gc,marking  ] GC(6934) Concurrent Mark 773.014ms
[2025-01-09T01:44:54.360+0000][191964.726s][info][gc,marking  ] GC(6934) Concurrent Rebuild Remembered Sets
[2025-01-09T01:44:54.862+0000][191965.228s][info][gc,marking  ] GC(6934) Concurrent Rebuild Remembered Sets 502.448ms
[2025-01-09T01:44:54.863+0000][191965.229s][info][gc,start    ] GC(6934) Pause Cleanup
[2025-01-09T01:44:54.863+0000][191965.229s][info][gc          ] GC(6934) Pause Cleanup 2598M->2598M(12288M) 0.465ms
[2025-01-09T01:44:54.863+0000][191965.229s][info][gc,cpu      ] GC(6934) User=0.00s Sys=0.00s Real=0.00s
[2025-01-09T01:44:54.863+0000][191965.229s][info][gc,marking  ] GC(6934) Concurrent Cleanup for Next Mark
[2025-01-09T01:44:54.879+0000][191965.245s][info][gc,marking  ] GC(6934) Concurrent Cleanup for Next Mark 15.599ms
[2025-01-09T01:44:54.879+0000][191965.245s][info][gc          ] GC(6934) Concurrent Mark Cycle 1314.441ms
[2025-01-09T01:45:10.585+0000][191980.951s][info][gc,start    ] GC(6935) Pause Young (Prepare Mixed) (G1 Evacuation Pause)
[2025-01-09T01:45:10.585+0000][191980.951s][info][gc,task     ] GC(6935) Using 6 workers of 6 for evacuation
[2025-01-09T01:45:10.617+0000][191980.983s][info][gc,phases   ] GC(6935)   Pre Evacuate Collection Set: 0.2ms
[2025-01-09T01:45:10.617+0000][191980.983s][info][gc,phases   ] GC(6935)   Merge Heap Roots: 0.6ms
[2025-01-09T01:45:10.617+0000][191980.983s][info][gc,phases   ] GC(6935)   Evacuate Collection Set: 28.8ms
[2025-01-09T01:45:10.617+0000][191980.983s][info][gc,phases   ] GC(6935)   Post Evacuate Collection Set: 2.6ms
[2025-01-09T01:45:10.617+0000][191980.983s][info][gc,phases   ] GC(6935)   Other: 0.2ms
[2025-01-09T01:45:10.617+0000][191980.983s][info][gc,heap     ] GC(6935) Eden regions: 911->0(66)
[2025-01-09T01:45:10.617+0000][191980.983s][info][gc,heap     ] GC(6935) Survivor regions: 10->10(116)
[2025-01-09T01:45:10.617+0000][191980.983s][info][gc,heap     ] GC(6935) Old regions: 233->233
[2025-01-09T01:45:10.617+0000][191980.983s][info][gc,heap     ] GC(6935) Archive regions: 2->2
[2025-01-09T01:45:10.617+0000][191980.983s][info][gc,heap     ] GC(6935) Humongous regions: 49->49
[2025-01-09T01:45:10.617+0000][191980.983s][info][gc,metaspace] GC(6935) Metaspace: 524839K(534208K)->524839K(534208K) NonClass: 460873K(465472K)->460873K(465472K) Class: 63965K(68736K)->63965K(68736K)
[2025-01-09T01:45:10.617+0000][191980.983s][info][gc          ] GC(6935) Pause Young (Prepare Mixed) (G1 Evacuation Pause) 9626M->2332M(12288M) 32.411ms
[2025-01-09T01:45:10.617+0000][191980.983s][info][gc,cpu      ] GC(6935) User=0.19s Sys=0.01s Real=0.03s
[2025-01-09T01:45:14.307+0000][191984.673s][info][gc,start    ] GC(6936) Pause Young (Mixed) (G1 Evacuation Pause)
[2025-01-09T01:45:14.307+0000][191984.673s][info][gc,task     ] GC(6936) Using 6 workers of 6 for evacuation
[2025-01-09T01:45:14.369+0000][191984.735s][info][gc,phases   ] GC(6936)   Pre Evacuate Collection Set: 0.2ms
[2025-01-09T01:45:14.369+0000][191984.735s][info][gc,phases   ] GC(6936)   Merge Heap Roots: 0.6ms
[2025-01-09T01:45:14.369+0000][191984.735s][info][gc,phases   ] GC(6936)   Evacuate Collection Set: 60.2ms
[2025-01-09T01:45:14.369+0000][191984.735s][info][gc,phases   ] GC(6936)   Post Evacuate Collection Set: 1.6ms
[2025-01-09T01:45:14.369+0000][191984.735s][info][gc,phases   ] GC(6936)   Other: 0.2ms
[2025-01-09T01:45:14.369+0000][191984.735s][info][gc,heap     ] GC(6936) Eden regions: 66->0(917)
[2025-01-09T01:45:14.369+0000][191984.735s][info][gc,heap     ] GC(6936) Survivor regions: 10->4(10)
[2025-01-09T01:45:14.369+0000][191984.735s][info][gc,heap     ] GC(6936) Old regions: 233->230
[2025-01-09T01:45:14.369+0000][191984.735s][info][gc,heap     ] GC(6936) Archive regions: 2->2
[2025-01-09T01:45:14.369+0000][191984.735s][info][gc,heap     ] GC(6936) Humongous regions: 49->49
[2025-01-09T01:45:14.369+0000][191984.735s][info][gc,metaspace] GC(6936) Metaspace: 524839K(534208K)->524839K(534208K) NonClass: 460873K(465472K)->460873K(465472K) Class: 63965K(68736K)->63965K(68736K)
[2025-01-09T01:45:14.369+0000][191984.735s][info][gc          ] GC(6936) Pause Young (Mixed) (G1 Evacuation Pause) 2860M->2268M(12288M) 62.848ms
[2025-01-09T01:45:14.369+0000][191984.736s][info][gc,cpu      ] GC(6936) User=0.37s Sys=0.00s Real=0.07s
[2025-01-09T01:45:50.777+0000][192021.143s][info][gc,start    ] GC(6937) Pause Young (Normal) (G1 Evacuation Pause)
[2025-01-09T01:45:50.777+0000][192021.143s][info][gc,task     ] GC(6937) Using 6 workers of 6 for evacuation
[2025-01-09T01:45:50.808+0000][192021.174s][info][gc,phases   ] GC(6937)   Pre Evacuate Collection Set: 0.2ms
[2025-01-09T01:45:50.808+0000][192021.174s][info][gc,phases   ] GC(6937)   Merge Heap Roots: 0.4ms
[2025-01-09T01:45:50.808+0000][192021.174s][info][gc,phases   ] GC(6937)   Evacuate Collection Set: 27.2ms
[2025-01-09T01:45:50.808+0000][192021.174s][info][gc,phases   ] GC(6937)   Post Evacuate Collection Set: 2.6ms
[2025-01-09T01:45:50.808+0000][192021.174s][info][gc,phases   ] GC(6937)   Other: 0.2ms
[2025-01-09T01:45:50.808+0000][192021.174s][info][gc,heap     ] GC(6937) Eden regions: 917->0(913)
[2025-01-09T01:45:50.808+0000][192021.174s][info][gc,heap     ] GC(6937) Survivor regions: 4->8(116)
[2025-01-09T01:45:50.808+0000][192021.174s][info][gc,heap     ] GC(6937) Old regions: 230->230
[2025-01-09T01:45:50.808+0000][192021.174s][info][gc,heap     ] GC(6937) Archive regions: 2->2
[2025-01-09T01:45:50.808+0000][192021.174s][info][gc,heap     ] GC(6937) Humongous regions: 49->49
[2025-01-09T01:45:50.808+0000][192021.174s][info][gc,metaspace] GC(6937) Metaspace: 524839K(534208K)->524839K(534208K) NonClass: 460874K(465472K)->460874K(465472K) Class: 63965K(68736K)->63965K(68736K)
[2025-01-09T01:45:50.808+0000][192021.174s][info][gc          ] GC(6937) Pause Young (Normal) (G1 Evacuation Pause) 9604M->2297M(12288M) 30.681ms
[2025-01-09T01:45:50.808+0000][192021.174s][info][gc,cpu      ] GC(6937) User=0.18s Sys=0.00s Real=0.03s
[2025-01-09T01:46:08.216+0000][192038.582s][info][gc,start    ] GC(6938) Pause Young (Normal) (G1 Evacuation Pause)
[2025-01-09T01:46:08.216+0000][192038.582s][info][gc,task     ] GC(6938) Using 6 workers of 6 for evacuation
[2025-01-09T01:46:08.244+0000][192038.610s][info][gc,phases   ] GC(6938)   Pre Evacuate Collection Set: 0.2ms
[2025-01-09T01:46:08.244+0000][192038.610s][info][gc,phases   ] GC(6938)   Merge Heap Roots: 0.4ms
[2025-01-09T01:46:08.244+0000][192038.610s][info][gc,phases   ] GC(6938)   Evacuate Collection Set: 24.2ms
[2025-01-09T01:46:08.244+0000][192038.610s][info][gc,phases   ] GC(6938)   Post Evacuate Collection Set: 2.4ms
[2025-01-09T01:46:08.244+0000][192038.610s][info][gc,phases   ] GC(6938)   Other: 0.2ms
[2025-01-09T01:46:08.244+0000][192038.610s][info][gc,heap     ] GC(6938) Eden regions: 913->0(913)
[2025-01-09T01:46:08.244+0000][192038.610s][info][gc,heap     ] GC(6938) Survivor regions: 8->8(116)
[2025-01-09T01:46:08.244+0000][192038.610s][info][gc,heap     ] GC(6938) Old regions: 230->230
[2025-01-09T01:46:08.244+0000][192038.610s][info][gc,heap     ] GC(6938) Archive regions: 2->2
[2025-01-09T01:46:08.244+0000][192038.610s][info][gc,heap     ] GC(6938) Humongous regions: 49->49
[2025-01-09T01:46:08.244+0000][192038.610s][info][gc,metaspace] GC(6938) Metaspace: 524839K(534208K)->524839K(534208K) NonClass: 460874K(465472K)->460874K(465472K) Class: 63965K(68736K)->63965K(68736K)
[2025-01-09T01:46:08.244+0000][192038.610s][info][gc          ] GC(6938) Pause Young (Normal) (G1 Evacuation Pause) 9601M->2298M(12288M) 27.470ms
[2025-01-09T01:46:08.244+0000][192038.610s][info][gc,cpu      ] GC(6938) User=0.15s Sys=0.00s Real=0.03s
[2025-01-09T01:46:20.573+0000][192050.939s][info][gc,start    ] GC(6939) Pause Young (Concurrent Start) (G1 Evacuation Pause)
[2025-01-09T01:46:20.573+0000][192050.939s][info][gc,task     ] GC(6939) Using 6 workers of 6 for evacuation
[2025-01-09T01:46:20.606+0000][192050.972s][info][gc,phases   ] GC(6939)   Pre Evacuate Collection Set: 1.1ms
[2025-01-09T01:46:20.606+0000][192050.972s][info][gc,phases   ] GC(6939)   Merge Heap Roots: 0.4ms
[2025-01-09T01:46:20.606+0000][192050.972s][info][gc,phases   ] GC(6939)   Evacuate Collection Set: 28.5ms
[2025-01-09T01:46:20.606+0000][192050.972s][info][gc,phases   ] GC(6939)   Post Evacuate Collection Set: 2.6ms
[2025-01-09T01:46:20.606+0000][192050.972s][info][gc,phases   ] GC(6939)   Other: 0.3ms
[2025-01-09T01:46:20.606+0000][192050.972s][info][gc,heap     ] GC(6939) Eden regions: 913->0(912)
[2025-01-09T01:46:20.606+0000][192050.972s][info][gc,heap     ] GC(6939) Survivor regions: 8->9(116)
[2025-01-09T01:46:20.606+0000][192050.972s][info][gc,heap     ] GC(6939) Old regions: 230->230
[2025-01-09T01:46:20.606+0000][192050.972s][info][gc,heap     ] GC(6939) Archive regions: 2->2
[2025-01-09T01:46:20.606+0000][192050.972s][info][gc,heap     ] GC(6939) Humongous regions: 49->49
[2025-01-09T01:46:20.606+0000][192050.972s][info][gc,metaspace] GC(6939) Metaspace: 524844K(534208K)->524844K(534208K) NonClass: 460878K(465472K)->460878K(465472K) Class: 63965K(68736K)->63965K(68736K)
[2025-01-09T01:46:20.606+0000][192050.972s][info][gc          ] GC(6939) Pause Young (Concurrent Start) (G1 Evacuation Pause) 9602M->2308M(12288M) 33.032ms
[2025-01-09T01:46:20.606+0000][192050.972s][info][gc,cpu      ] GC(6939) User=0.19s Sys=0.00s Real=0.03s
[2025-01-09T01:46:20.606+0000][192050.972s][info][gc          ] GC(6940) Concurrent Mark Cycle
[2025-01-09T01:46:20.606+0000][192050.972s][info][gc,marking  ] GC(6940) Concurrent Clear Claimed Marks
[2025-01-09T01:46:20.607+0000][192050.973s][info][gc,marking  ] GC(6940) Concurrent Clear Claimed Marks 0.922ms
[2025-01-09T01:46:20.607+0000][192050.973s][info][gc,marking  ] GC(6940) Concurrent Scan Root Regions
[2025-01-09T01:46:20.628+0000][192050.994s][info][gc,marking  ] GC(6940) Concurrent Scan Root Regions 21.172ms
[2025-01-09T01:46:20.628+0000][192050.994s][info][gc,marking  ] GC(6940) Concurrent Mark
[2025-01-09T01:46:20.628+0000][192050.994s][info][gc,marking  ] GC(6940) Concurrent Mark From Roots
[2025-01-09T01:46:20.628+0000][192050.994s][info][gc,task     ] GC(6940) Using 2 workers of 2 for marking
[2025-01-09T01:46:21.399+0000][192051.765s][info][gc,marking  ] GC(6940) Concurrent Mark From Roots 771.072ms
[2025-01-09T01:46:21.399+0000][192051.765s][info][gc,marking  ] GC(6940) Concurrent Preclean
[2025-01-09T01:46:21.402+0000][192051.768s][info][gc,marking  ] GC(6940) Concurrent Preclean 2.350ms
[2025-01-09T01:46:21.402+0000][192051.768s][info][gc,start    ] GC(6940) Pause Remark
[2025-01-09T01:46:21.457+0000][192051.823s][info][gc          ] GC(6940) Pause Remark 2888M->2888M(12288M) 55.017ms
[2025-01-09T01:46:21.457+0000][192051.823s][info][gc,cpu      ] GC(6940) User=0.30s Sys=0.00s Real=0.05s
[2025-01-09T01:46:21.457+0000][192051.823s][info][gc,marking  ] GC(6940) Concurrent Mark 828.772ms
[2025-01-09T01:46:21.457+0000][192051.823s][info][gc,marking  ] GC(6940) Concurrent Rebuild Remembered Sets
[2025-01-09T01:46:21.959+0000][192052.325s][info][gc,marking  ] GC(6940) Concurrent Rebuild Remembered Sets 501.728ms
[2025-01-09T01:46:21.959+0000][192052.325s][info][gc,start    ] GC(6940) Pause Cleanup
[2025-01-09T01:46:21.959+0000][192052.325s][info][gc          ] GC(6940) Pause Cleanup 2988M->2988M(12288M) 0.411ms
[2025-01-09T01:46:21.959+0000][192052.325s][info][gc,cpu      ] GC(6940) User=0.00s Sys=0.00s Real=0.00s
[2025-01-09T01:46:21.959+0000][192052.325s][info][gc,marking  ] GC(6940) Concurrent Cleanup for Next Mark
[2025-01-09T01:46:21.975+0000][192052.341s][info][gc,marking  ] GC(6940) Concurrent Cleanup for Next Mark 15.314ms
[2025-01-09T01:46:21.975+0000][192052.341s][info][gc          ] GC(6940) Concurrent Mark Cycle 1368.716ms
[2025-01-09T01:46:42.884+0000][192073.250s][info][gc,start    ] GC(6941) Pause Young (Prepare Mixed) (G1 Evacuation Pause)
[2025-01-09T01:46:42.884+0000][192073.250s][info][gc,task     ] GC(6941) Using 6 workers of 6 for evacuation
[2025-01-09T01:46:42.922+0000][192073.288s][info][gc,phases   ] GC(6941)   Pre Evacuate Collection Set: 0.2ms
[2025-01-09T01:46:42.922+0000][192073.288s][info][gc,phases   ] GC(6941)   Merge Heap Roots: 0.5ms
[2025-01-09T01:46:42.922+0000][192073.288s][info][gc,phases   ] GC(6941)   Evacuate Collection Set: 34.4ms
[2025-01-09T01:46:42.922+0000][192073.288s][info][gc,phases   ] GC(6941)   Post Evacuate Collection Set: 2.7ms
[2025-01-09T01:46:42.922+0000][192073.288s][info][gc,phases   ] GC(6941)   Other: 0.2ms
[2025-01-09T01:46:42.922+0000][192073.288s][info][gc,heap     ] GC(6941) Eden regions: 912->0(65)
[2025-01-09T01:46:42.922+0000][192073.288s][info][gc,heap     ] GC(6941) Survivor regions: 9->11(116)
[2025-01-09T01:46:42.922+0000][192073.288s][info][gc,heap     ] GC(6941) Old regions: 230->230
[2025-01-09T01:46:42.922+0000][192073.288s][info][gc,heap     ] GC(6941) Archive regions: 2->2
[2025-01-09T01:46:42.922+0000][192073.288s][info][gc,heap     ] GC(6941) Humongous regions: 49->49
[2025-01-09T01:46:42.922+0000][192073.288s][info][gc,metaspace] GC(6941) Metaspace: 524837K(534208K)->524837K(534208K) NonClass: 460872K(465472K)->460872K(465472K) Class: 63964K(68736K)->63964K(68736K)
[2025-01-09T01:46:42.922+0000][192073.288s][info][gc          ] GC(6941) Pause Young (Prepare Mixed) (G1 Evacuation Pause) 9604M->2318M(12288M) 38.150ms
[2025-01-09T01:46:42.922+0000][192073.288s][info][gc,cpu      ] GC(6941) User=0.23s Sys=0.00s Real=0.04s
[2025-01-09T01:46:43.634+0000][192074.000s][info][gc,start    ] GC(6942) Pause Young (Mixed) (G1 Evacuation Pause)
[2025-01-09T01:46:43.634+0000][192074.001s][info][gc,task     ] GC(6942) Using 6 workers of 6 for evacuation
[2025-01-09T01:46:43.695+0000][192074.061s][info][gc,phases   ] GC(6942)   Pre Evacuate Collection Set: 0.2ms
[2025-01-09T01:46:43.695+0000][192074.061s][info][gc,phases   ] GC(6942)   Merge Heap Roots: 0.5ms
[2025-01-09T01:46:43.695+0000][192074.061s][info][gc,phases   ] GC(6942)   Evacuate Collection Set: 58.4ms
[2025-01-09T01:46:43.695+0000][192074.061s][info][gc,phases   ] GC(6942)   Post Evacuate Collection Set: 1.7ms
[2025-01-09T01:46:43.695+0000][192074.061s][info][gc,phases   ] GC(6942)   Other: 0.2ms
[2025-01-09T01:46:43.695+0000][192074.061s][info][gc,heap     ] GC(6942) Eden regions: 65->0(915)
[2025-01-09T01:46:43.695+0000][192074.061s][info][gc,heap     ] GC(6942) Survivor regions: 11->6(10)
[2025-01-09T01:46:43.695+0000][192074.061s][info][gc,heap     ] GC(6942) Old regions: 230->230
[2025-01-09T01:46:43.695+0000][192074.061s][info][gc,heap     ] GC(6942) Archive regions: 2->2
[2025-01-09T01:46:43.695+0000][192074.061s][info][gc,heap     ] GC(6942) Humongous regions: 49->49
[2025-01-09T01:46:43.695+0000][192074.061s][info][gc,metaspace] GC(6942) Metaspace: 524837K(534208K)->524837K(534208K) NonClass: 460872K(465472K)->460872K(465472K) Class: 63964K(68736K)->63964K(68736K)
[2025-01-09T01:46:43.695+0000][192074.062s][info][gc          ] GC(6942) Pause Young (Mixed) (G1 Evacuation Pause) 2838M->2276M(12288M) 61.030ms
[2025-01-09T01:46:43.695+0000][192074.062s][info][gc,cpu      ] GC(6942) User=0.36s Sys=0.00s Real=0.06s
[2025-01-09T01:47:02.455+0000][192092.821s][info][gc,start    ] GC(6943) Pause Young (Normal) (G1 Evacuation Pause)
[2025-01-09T01:47:02.455+0000][192092.821s][info][gc,task     ] GC(6943) Using 6 workers of 6 for evacuation
[2025-01-09T01:47:02.487+0000][192092.853s][info][gc,phases   ] GC(6943)   Pre Evacuate Collection Set: 0.2ms
[2025-01-09T01:47:02.487+0000][192092.853s][info][gc,phases   ] GC(6943)   Merge Heap Roots: 0.4ms
[2025-01-09T01:47:02.487+0000][192092.853s][info][gc,phases   ] GC(6943)   Evacuate Collection Set: 27.0ms
[2025-01-09T01:47:02.487+0000][192092.853s][info][gc,phases   ] GC(6943)   Post Evacuate Collection Set: 4.0ms
[2025-01-09T01:47:02.487+0000][192092.853s][info][gc,phases   ] GC(6943)   Other: 0.2ms
[2025-01-09T01:47:02.487+0000][192092.853s][info][gc,heap     ] GC(6943) Eden regions: 915->0(913)
[2025-01-09T01:47:02.487+0000][192092.853s][info][gc,heap     ] GC(6943) Survivor regions: 6->8(116)
[2025-01-09T01:47:02.487+0000][192092.853s][info][gc,heap     ] GC(6943) Old regions: 230->230
[2025-01-09T01:47:02.487+0000][192092.853s][info][gc,heap     ] GC(6943) Archive regions: 2->2
[2025-01-09T01:47:02.487+0000][192092.853s][info][gc,heap     ] GC(6943) Humongous regions: 49->49
[2025-01-09T01:47:02.487+0000][192092.853s][info][gc,metaspace] GC(6943) Metaspace: 524837K(534208K)->524837K(534208K) NonClass: 460873K(465472K)->460873K(465472K) Class: 63964K(68736K)->63964K(68736K)
[2025-01-09T01:47:02.487+0000][192092.853s][info][gc          ] GC(6943) Pause Young (Normal) (G1 Evacuation Pause) 9596M->2290M(12288M) 31.874ms
[2025-01-09T01:47:02.487+0000][192092.853s][info][gc,cpu      ] GC(6943) User=0.19s Sys=0.00s Real=0.03s
[2025-01-09T01:47:14.777+0000][192105.143s][info][gc,start    ] GC(6944) Pause Young (Normal) (G1 Evacuation Pause)
[2025-01-09T01:47:14.777+0000][192105.143s][info][gc,task     ] GC(6944) Using 6 workers of 6 for evacuation
[2025-01-09T01:47:14.806+0000][192105.172s][info][gc,phases   ] GC(6944)   Pre Evacuate Collection Set: 0.2ms
[2025-01-09T01:47:14.806+0000][192105.173s][info][gc,phases   ] GC(6944)   Merge Heap Roots: 0.4ms
[2025-01-09T01:47:14.806+0000][192105.173s][info][gc,phases   ] GC(6944)   Evacuate Collection Set: 26.2ms
[2025-01-09T01:47:14.806+0000][192105.173s][info][gc,phases   ] GC(6944)   Post Evacuate Collection Set: 2.5ms
[2025-01-09T01:47:14.806+0000][192105.173s][info][gc,phases   ] GC(6944)   Other: 0.2ms
[2025-01-09T01:47:14.806+0000][192105.173s][info][gc,heap     ] GC(6944) Eden regions: 913->0(912)
[2025-01-09T01:47:14.806+0000][192105.173s][info][gc,heap     ] GC(6944) Survivor regions: 8->9(116)
[2025-01-09T01:47:14.806+0000][192105.173s][info][gc,heap     ] GC(6944) Old regions: 230->230
[2025-01-09T01:47:14.806+0000][192105.173s][info][gc,heap     ] GC(6944) Archive regions: 2->2
[2025-01-09T01:47:14.806+0000][192105.173s][info][gc,heap     ] GC(6944) Humongous regions: 49->49
[2025-01-09T01:47:14.806+0000][192105.173s][info][gc,metaspace] GC(6944) Metaspace: 524837K(534208K)->524837K(534208K) NonClass: 460873K(465472K)->460873K(465472K) Class: 63964K(68736K)->63964K(68736K)
[2025-01-09T01:47:14.806+0000][192105.173s][info][gc          ] GC(6944) Pause Young (Normal) (G1 Evacuation Pause) 9594M->2299M(12288M) 29.565ms
[2025-01-09T01:47:14.807+0000][192105.173s][info][gc,cpu      ] GC(6944) User=0.17s Sys=0.00s Real=0.03s
[2025-01-09T01:47:26.849+0000][192117.215s][info][gc,start    ] GC(6945) Pause Young (Concurrent Start) (G1 Evacuation Pause)
[2025-01-09T01:47:26.849+0000][192117.215s][info][gc,task     ] GC(6945) Using 6 workers of 6 for evacuation
[2025-01-09T01:47:26.882+0000][192117.248s][info][gc,phases   ] GC(6945)   Pre Evacuate Collection Set: 1.2ms
[2025-01-09T01:47:26.882+0000][192117.248s][info][gc,phases   ] GC(6945)   Merge Heap Roots: 0.4ms
[2025-01-09T01:47:26.882+0000][192117.248s][info][gc,phases   ] GC(6945)   Evacuate Collection Set: 28.4ms
[2025-01-09T01:47:26.882+0000][192117.248s][info][gc,phases   ] GC(6945)   Post Evacuate Collection Set: 2.5ms
[2025-01-09T01:47:26.882+0000][192117.248s][info][gc,phases   ] GC(6945)   Other: 0.3ms
[2025-01-09T01:47:26.882+0000][192117.248s][info][gc,heap     ] GC(6945) Eden regions: 912->0(911)
[2025-01-09T01:47:26.882+0000][192117.248s][info][gc,heap     ] GC(6945) Survivor regions: 9->10(116)
[2025-01-09T01:47:26.882+0000][192117.248s][info][gc,heap     ] GC(6945) Old regions: 230->230
[2025-01-09T01:47:26.882+0000][192117.248s][info][gc,heap     ] GC(6945) Archive regions: 2->2
[2025-01-09T01:47:26.882+0000][192117.248s][info][gc,heap     ] GC(6945) Humongous regions: 49->49
[2025-01-09T01:47:26.882+0000][192117.248s][info][gc,metaspace] GC(6945) Metaspace: 524837K(534208K)->524837K(534208K) NonClass: 460873K(465472K)->460873K(465472K) Class: 63964K(68736K)->63964K(68736K)
[2025-01-09T01:47:26.882+0000][192117.248s][info][gc          ] GC(6945) Pause Young (Concurrent Start) (G1 Evacuation Pause) 9595M->2305M(12288M) 32.907ms
[2025-01-09T01:47:26.882+0000][192117.248s][info][gc,cpu      ] GC(6945) User=0.18s Sys=0.00s Real=0.04s
[2025-01-09T01:47:26.882+0000][192117.248s][info][gc          ] GC(6946) Concurrent Mark Cycle
[2025-01-09T01:47:26.882+0000][192117.248s][info][gc,marking  ] GC(6946) Concurrent Clear Claimed Marks
[2025-01-09T01:47:26.883+0000][192117.249s][info][gc,marking  ] GC(6946) Concurrent Clear Claimed Marks 0.919ms
[2025-01-09T01:47:26.883+0000][192117.249s][info][gc,marking  ] GC(6946) Concurrent Scan Root Regions
[2025-01-09T01:47:26.909+0000][192117.275s][info][gc,marking  ] GC(6946) Concurrent Scan Root Regions 26.241ms
[2025-01-09T01:47:26.909+0000][192117.275s][info][gc,marking  ] GC(6946) Concurrent Mark
[2025-01-09T01:47:26.909+0000][192117.275s][info][gc,marking  ] GC(6946) Concurrent Mark From Roots
[2025-01-09T01:47:26.909+0000][192117.275s][info][gc,task     ] GC(6946) Using 2 workers of 2 for marking
[2025-01-09T01:47:27.723+0000][192118.089s][info][gc,marking  ] GC(6946) Concurrent Mark From Roots 813.991ms
[2025-01-09T01:47:27.723+0000][192118.089s][info][gc,marking  ] GC(6946) Concurrent Preclean
[2025-01-09T01:47:27.726+0000][192118.092s][info][gc,marking  ] GC(6946) Concurrent Preclean 2.472ms
[2025-01-09T01:47:27.726+0000][192118.092s][info][gc,start    ] GC(6946) Pause Remark
[2025-01-09T01:47:27.751+0000][192118.117s][info][gc          ] GC(6946) Pause Remark 3169M->3169M(12288M) 25.303ms
[2025-01-09T01:47:27.751+0000][192118.117s][info][gc,cpu      ] GC(6946) User=0.15s Sys=0.00s Real=0.03s
[2025-01-09T01:47:27.751+0000][192118.117s][info][gc,marking  ] GC(6946) Concurrent Mark 842.108ms
[2025-01-09T01:47:27.751+0000][192118.117s][info][gc,marking  ] GC(6946) Concurrent Rebuild Remembered Sets
[2025-01-09T01:47:28.299+0000][192118.665s][info][gc,marking  ] GC(6946) Concurrent Rebuild Remembered Sets 548.174ms
[2025-01-09T01:47:28.300+0000][192118.666s][info][gc,start    ] GC(6946) Pause Cleanup
[2025-01-09T01:47:28.300+0000][192118.666s][info][gc          ] GC(6946) Pause Cleanup 3797M->3797M(12288M) 0.428ms
[2025-01-09T01:47:28.300+0000][192118.666s][info][gc,cpu      ] GC(6946) User=0.00s Sys=0.00s Real=0.00s
[2025-01-09T01:47:28.300+0000][192118.666s][info][gc,marking  ] GC(6946) Concurrent Cleanup for Next Mark
[2025-01-09T01:47:28.316+0000][192118.682s][info][gc,marking  ] GC(6946) Concurrent Cleanup for Next Mark 15.418ms
[2025-01-09T01:47:28.316+0000][192118.682s][info][gc          ] GC(6946) Concurrent Mark Cycle 1433.805ms
[2025-01-09T01:47:44.493+0000][192134.859s][info][gc,start    ] GC(6947) Pause Young (Prepare Mixed) (G1 Evacuation Pause)
[2025-01-09T01:47:44.493+0000][192134.859s][info][gc,task     ] GC(6947) Using 6 workers of 6 for evacuation
[2025-01-09T01:47:44.531+0000][192134.897s][info][gc,phases   ] GC(6947)   Pre Evacuate Collection Set: 0.2ms
[2025-01-09T01:47:44.531+0000][192134.897s][info][gc,phases   ] GC(6947)   Merge Heap Roots: 0.6ms
[2025-01-09T01:47:44.531+0000][192134.897s][info][gc,phases   ] GC(6947)   Evacuate Collection Set: 34.0ms
[2025-01-09T01:47:44.531+0000][192134.897s][info][gc,phases   ] GC(6947)   Post Evacuate Collection Set: 2.7ms
[2025-01-09T01:47:44.531+0000][192134.897s][info][gc,phases   ] GC(6947)   Other: 0.2ms
[2025-01-09T01:47:44.531+0000][192134.897s][info][gc,heap     ] GC(6947) Eden regions: 911->0(66)
[2025-01-09T01:47:44.531+0000][192134.897s][info][gc,heap     ] GC(6947) Survivor regions: 10->10(116)
[2025-01-09T01:47:44.531+0000][192134.897s][info][gc,heap     ] GC(6947) Old regions: 230->230
[2025-01-09T01:47:44.531+0000][192134.897s][info][gc,heap     ] GC(6947) Archive regions: 2->2
[2025-01-09T01:47:44.531+0000][192134.897s][info][gc,heap     ] GC(6947) Humongous regions: 49->49
[2025-01-09T01:47:44.531+0000][192134.897s][info][gc,metaspace] GC(6947) Metaspace: 524837K(534208K)->524837K(534208K) NonClass: 460873K(465472K)->460873K(465472K) Class: 63964K(68736K)->63964K(68736K)
[2025-01-09T01:47:44.531+0000][192134.897s][info][gc          ] GC(6947) Pause Young (Prepare Mixed) (G1 Evacuation Pause) 9593M->2310M(12288M) 37.823ms
[2025-01-09T01:47:44.531+0000][192134.897s][info][gc,cpu      ] GC(6947) User=0.22s Sys=0.00s Real=0.04s
[2025-01-09T01:47:44.884+0000][192135.251s][info][gc,start    ] GC(6948) Pause Young (Mixed) (G1 Evacuation Pause)
[2025-01-09T01:47:44.884+0000][192135.251s][info][gc,task     ] GC(6948) Using 6 workers of 6 for evacuation
[2025-01-09T01:47:44.952+0000][192135.318s][info][gc,phases   ] GC(6948)   Pre Evacuate Collection Set: 0.2ms
[2025-01-09T01:47:44.952+0000][192135.318s][info][gc,phases   ] GC(6948)   Merge Heap Roots: 0.4ms
[2025-01-09T01:47:44.952+0000][192135.318s][info][gc,phases   ] GC(6948)   Evacuate Collection Set: 64.7ms
[2025-01-09T01:47:44.952+0000][192135.318s][info][gc,phases   ] GC(6948)   Post Evacuate Collection Set: 1.9ms
[2025-01-09T01:47:44.952+0000][192135.318s][info][gc,phases   ] GC(6948)   Other: 0.2ms
[2025-01-09T01:47:44.952+0000][192135.318s][info][gc,heap     ] GC(6948) Eden regions: 66->0(914)
[2025-01-09T01:47:44.952+0000][192135.318s][info][gc,heap     ] GC(6948) Survivor regions: 10->7(10)
[2025-01-09T01:47:44.952+0000][192135.318s][info][gc,heap     ] GC(6948) Old regions: 230->229
[2025-01-09T01:47:44.952+0000][192135.318s][info][gc,heap     ] GC(6948) Archive regions: 2->2
[2025-01-09T01:47:44.952+0000][192135.318s][info][gc,heap     ] GC(6948) Humongous regions: 49->49
[2025-01-09T01:47:44.952+0000][192135.318s][info][gc,metaspace] GC(6948) Metaspace: 524837K(534208K)->524837K(534208K) NonClass: 460873K(465472K)->460873K(465472K) Class: 63964K(68736K)->63964K(68736K)
[2025-01-09T01:47:44.952+0000][192135.318s][info][gc          ] GC(6948) Pause Young (Mixed) (G1 Evacuation Pause) 2838M->2279M(12288M) 67.547ms
[2025-01-09T01:47:44.952+0000][192135.318s][info][gc,cpu      ] GC(6948) User=0.40s Sys=0.00s Real=0.07s
[2025-01-09T01:47:55.235+0000][192145.601s][info][gc,start    ] GC(6949) Pause Young (Normal) (G1 Evacuation Pause)
[2025-01-09T01:47:55.235+0000][192145.601s][info][gc,task     ] GC(6949) Using 6 workers of 6 for evacuation
[2025-01-09T01:47:55.262+0000][192145.628s][info][gc,phases   ] GC(6949)   Pre Evacuate Collection Set: 0.2ms
[2025-01-09T01:47:55.262+0000][192145.628s][info][gc,phases   ] GC(6949)   Merge Heap Roots: 0.4ms
[2025-01-09T01:47:55.262+0000][192145.628s][info][gc,phases   ] GC(6949)   Evacuate Collection Set: 24.2ms
[2025-01-09T01:47:55.262+0000][192145.628s][info][gc,phases   ] GC(6949)   Post Evacuate Collection Set: 2.5ms
[2025-01-09T01:47:55.262+0000][192145.629s][info][gc,phases   ] GC(6949)   Other: 0.2ms
[2025-01-09T01:47:55.262+0000][192145.629s][info][gc,heap     ] GC(6949) Eden regions: 914->0(913)
[2025-01-09T01:47:55.262+0000][192145.629s][info][gc,heap     ] GC(6949) Survivor regions: 7->8(116)
[2025-01-09T01:47:55.262+0000][192145.629s][info][gc,heap     ] GC(6949) Old regions: 229->229
[2025-01-09T01:47:55.262+0000][192145.629s][info][gc,heap     ] GC(6949) Archive regions: 2->2
[2025-01-09T01:47:55.262+0000][192145.629s][info][gc,heap     ] GC(6949) Humongous regions: 49->49
[2025-01-09T01:47:55.262+0000][192145.629s][info][gc,metaspace] GC(6949) Metaspace: 524837K(534208K)->524837K(534208K) NonClass: 460873K(465472K)->460873K(465472K) Class: 63964K(68736K)->63964K(68736K)
[2025-01-09T01:47:55.262+0000][192145.629s][info][gc          ] GC(6949) Pause Young (Normal) (G1 Evacuation Pause) 9591M->2284M(12288M) 27.593ms
[2025-01-09T01:47:55.263+0000][192145.629s][info][gc,cpu      ] GC(6949) User=0.16s Sys=0.00s Real=0.03s
[2025-01-09T01:48:08.725+0000][192159.091s][info][gc,start    ] GC(6950) Pause Young (Normal) (G1 Evacuation Pause)
[2025-01-09T01:48:08.725+0000][192159.091s][info][gc,task     ] GC(6950) Using 6 workers of 6 for evacuation
[2025-01-09T01:48:08.757+0000][192159.123s][info][gc,phases   ] GC(6950)   Pre Evacuate Collection Set: 0.2ms
[2025-01-09T01:48:08.757+0000][192159.123s][info][gc,phases   ] GC(6950)   Merge Heap Roots: 0.4ms
[2025-01-09T01:48:08.757+0000][192159.123s][info][gc,phases   ] GC(6950)   Evacuate Collection Set: 28.2ms
[2025-01-09T01:48:08.757+0000][192159.123s][info][gc,phases   ] GC(6950)   Post Evacuate Collection Set: 3.4ms
[2025-01-09T01:48:08.757+0000][192159.123s][info][gc,phases   ] GC(6950)   Other: 0.2ms
[2025-01-09T01:48:08.757+0000][192159.123s][info][gc,heap     ] GC(6950) Eden regions: 913->0(911)
[2025-01-09T01:48:08.757+0000][192159.123s][info][gc,heap     ] GC(6950) Survivor regions: 8->10(116)
[2025-01-09T01:48:08.757+0000][192159.123s][info][gc,heap     ] GC(6950) Old regions: 229->229
[2025-01-09T01:48:08.757+0000][192159.123s][info][gc,heap     ] GC(6950) Archive regions: 2->2
[2025-01-09T01:48:08.757+0000][192159.123s][info][gc,heap     ] GC(6950) Humongous regions: 49->49
[2025-01-09T01:48:08.757+0000][192159.123s][info][gc,metaspace] GC(6950) Metaspace: 524837K(534208K)->524837K(534208K) NonClass: 460873K(465472K)->460873K(465472K) Class: 63964K(68736K)->63964K(68736K)
[2025-01-09T01:48:08.757+0000][192159.123s][info][gc          ] GC(6950) Pause Young (Normal) (G1 Evacuation Pause) 9588M->2304M(12288M) 32.439ms
[2025-01-09T01:48:08.757+0000][192159.123s][info][gc,cpu      ] GC(6950) User=0.19s Sys=0.00s Real=0.03s
[2025-01-09T01:48:16.039+0000][192166.405s][info][gc,start    ] GC(6951) Pause Young (Concurrent Start) (G1 Evacuation Pause)
[2025-01-09T01:48:16.039+0000][192166.405s][info][gc,task     ] GC(6951) Using 6 workers of 6 for evacuation
[2025-01-09T01:48:16.073+0000][192166.439s][info][gc,phases   ] GC(6951)   Pre Evacuate Collection Set: 1.2ms
[2025-01-09T01:48:16.073+0000][192166.439s][info][gc,phases   ] GC(6951)   Merge Heap Roots: 0.4ms
[2025-01-09T01:48:16.073+0000][192166.439s][info][gc,phases   ] GC(6951)   Evacuate Collection Set: 28.7ms
[2025-01-09T01:48:16.073+0000][192166.439s][info][gc,phases   ] GC(6951)   Post Evacuate Collection Set: 3.2ms
[2025-01-09T01:48:16.073+0000][192166.439s][info][gc,phases   ] GC(6951)   Other: 0.3ms
[2025-01-09T01:48:16.073+0000][192166.439s][info][gc,heap     ] GC(6951) Eden regions: 911->0(910)
[2025-01-09T01:48:16.073+0000][192166.439s][info][gc,heap     ] GC(6951) Survivor regions: 10->11(116)
[2025-01-09T01:48:16.073+0000][192166.439s][info][gc,heap     ] GC(6951) Old regions: 229->229
[2025-01-09T01:48:16.073+0000][192166.439s][info][gc,heap     ] GC(6951) Archive regions: 2->2
[2025-01-09T01:48:16.073+0000][192166.439s][info][gc,heap     ] GC(6951) Humongous regions: 49->49
[2025-01-09T01:48:16.073+0000][192166.439s][info][gc,metaspace] GC(6951) Metaspace: 524837K(534208K)->524837K(534208K) NonClass: 460873K(465472K)->460873K(465472K) Class: 63964K(68736K)->63964K(68736K)
[2025-01-09T01:48:16.073+0000][192166.439s][info][gc          ] GC(6951) Pause Young (Concurrent Start) (G1 Evacuation Pause) 9592M->2307M(12288M) 33.906ms
[2025-01-09T01:48:16.073+0000][192166.439s][info][gc,cpu      ] GC(6951) User=0.19s Sys=0.00s Real=0.04s
[2025-01-09T01:48:16.073+0000][192166.439s][info][gc          ] GC(6952) Concurrent Mark Cycle
[2025-01-09T01:48:16.073+0000][192166.439s][info][gc,marking  ] GC(6952) Concurrent Clear Claimed Marks
[2025-01-09T01:48:16.074+0000][192166.440s][info][gc,marking  ] GC(6952) Concurrent Clear Claimed Marks 0.986ms
[2025-01-09T01:48:16.074+0000][192166.440s][info][gc,marking  ] GC(6952) Concurrent Scan Root Regions
[2025-01-09T01:48:16.094+0000][192166.460s][info][gc,marking  ] GC(6952) Concurrent Scan Root Regions 19.577ms
[2025-01-09T01:48:16.094+0000][192166.460s][info][gc,marking  ] GC(6952) Concurrent Mark
[2025-01-09T01:48:16.094+0000][192166.460s][info][gc,marking  ] GC(6952) Concurrent Mark From Roots
[2025-01-09T01:48:16.094+0000][192166.460s][info][gc,task     ] GC(6952) Using 2 workers of 2 for marking
[2025-01-09T01:48:16.818+0000][192167.184s][info][gc,marking  ] GC(6952) Concurrent Mark From Roots 723.912ms
[2025-01-09T01:48:16.818+0000][192167.184s][info][gc,marking  ] GC(6952) Concurrent Preclean
[2025-01-09T01:48:16.820+0000][192167.186s][info][gc,marking  ] GC(6952) Concurrent Preclean 2.656ms
[2025-01-09T01:48:16.820+0000][192167.187s][info][gc,start    ] GC(6952) Pause Remark
[2025-01-09T01:48:16.847+0000][192167.213s][info][gc          ] GC(6952) Pause Remark 3375M->3375M(12288M) 26.065ms
[2025-01-09T01:48:16.847+0000][192167.213s][info][gc,cpu      ] GC(6952) User=0.14s Sys=0.00s Real=0.03s
[2025-01-09T01:48:16.847+0000][192167.213s][info][gc,marking  ] GC(6952) Concurrent Mark 752.983ms
[2025-01-09T01:48:16.847+0000][192167.213s][info][gc,marking  ] GC(6952) Concurrent Rebuild Remembered Sets
[2025-01-09T01:48:17.337+0000][192167.703s][info][gc,marking  ] GC(6952) Concurrent Rebuild Remembered Sets 490.114ms
[2025-01-09T01:48:17.337+0000][192167.703s][info][gc,start    ] GC(6952) Pause Cleanup
[2025-01-09T01:48:17.337+0000][192167.704s][info][gc          ] GC(6952) Pause Cleanup 3731M->3731M(12288M) 0.453ms
[2025-01-09T01:48:17.338+0000][192167.704s][info][gc,cpu      ] GC(6952) User=0.00s Sys=0.00s Real=0.00s
[2025-01-09T01:48:17.338+0000][192167.704s][info][gc,marking  ] GC(6952) Concurrent Cleanup for Next Mark
[2025-01-09T01:48:17.353+0000][192167.719s][info][gc,marking  ] GC(6952) Concurrent Cleanup for Next Mark 15.451ms
[2025-01-09T01:48:17.353+0000][192167.719s][info][gc          ] GC(6952) Concurrent Mark Cycle 1279.986ms
[2025-01-09T01:48:32.544+0000][192182.910s][info][gc,start    ] GC(6953) Pause Young (Prepare Mixed) (G1 Evacuation Pause)
[2025-01-09T01:48:32.544+0000][192182.910s][info][gc,task     ] GC(6953) Using 6 workers of 6 for evacuation
[2025-01-09T01:48:32.587+0000][192182.953s][info][gc,phases   ] GC(6953)   Pre Evacuate Collection Set: 0.2ms
[2025-01-09T01:48:32.587+0000][192182.953s][info][gc,phases   ] GC(6953)   Merge Heap Roots: 0.5ms
[2025-01-09T01:48:32.587+0000][192182.953s][info][gc,phases   ] GC(6953)   Evacuate Collection Set: 37.5ms
[2025-01-09T01:48:32.587+0000][192182.953s][info][gc,phases   ] GC(6953)   Post Evacuate Collection Set: 4.3ms
[2025-01-09T01:48:32.587+0000][192182.953s][info][gc,phases   ] GC(6953)   Other: 0.2ms
[2025-01-09T01:48:32.587+0000][192182.953s][info][gc,heap     ] GC(6953) Eden regions: 910->0(63)
[2025-01-09T01:48:32.587+0000][192182.953s][info][gc,heap     ] GC(6953) Survivor regions: 11->13(116)
[2025-01-09T01:48:32.587+0000][192182.953s][info][gc,heap     ] GC(6953) Old regions: 229->229
[2025-01-09T01:48:32.587+0000][192182.953s][info][gc,heap     ] GC(6953) Archive regions: 2->2
[2025-01-09T01:48:32.587+0000][192182.953s][info][gc,heap     ] GC(6953) Humongous regions: 49->49
[2025-01-09T01:48:32.587+0000][192182.953s][info][gc,metaspace] GC(6953) Metaspace: 524838K(534208K)->524838K(534208K) NonClass: 460874K(465472K)->460874K(465472K) Class: 63964K(68736K)->63964K(68736K)
[2025-01-09T01:48:32.587+0000][192182.953s][info][gc          ] GC(6953) Pause Young (Prepare Mixed) (G1 Evacuation Pause) 9587M->2328M(12288M) 42.889ms
[2025-01-09T01:48:32.587+0000][192182.953s][info][gc,cpu      ] GC(6953) User=0.24s Sys=0.01s Real=0.04s
[2025-01-09T01:48:32.980+0000][192183.347s][info][gc,start    ] GC(6954) Pause Young (Mixed) (GCLocker Initiated GC)
[2025-01-09T01:48:32.980+0000][192183.347s][info][gc,task     ] GC(6954) Using 6 workers of 6 for evacuation
[2025-01-09T01:48:33.052+0000][192183.419s][info][gc,phases   ] GC(6954)   Pre Evacuate Collection Set: 0.2ms
[2025-01-09T01:48:33.052+0000][192183.419s][info][gc,phases   ] GC(6954)   Merge Heap Roots: 0.6ms
[2025-01-09T01:48:33.052+0000][192183.419s][info][gc,phases   ] GC(6954)   Evacuate Collection Set: 69.5ms
[2025-01-09T01:48:33.052+0000][192183.419s][info][gc,phases   ] GC(6954)   Post Evacuate Collection Set: 1.7ms
[2025-01-09T01:48:33.052+0000][192183.419s][info][gc,phases   ] GC(6954)   Other: 0.2ms
[2025-01-09T01:48:33.053+0000][192183.419s][info][gc,heap     ] GC(6954) Eden regions: 63->0(915)
[2025-01-09T01:48:33.053+0000][192183.419s][info][gc,heap     ] GC(6954) Survivor regions: 13->6(10)
[2025-01-09T01:48:33.053+0000][192183.419s][info][gc,heap     ] GC(6954) Old regions: 229->232
[2025-01-09T01:48:33.053+0000][192183.419s][info][gc,heap     ] GC(6954) Archive regions: 2->2
[2025-01-09T01:48:33.053+0000][192183.419s][info][gc,heap     ] GC(6954) Humongous regions: 49->49
[2025-01-09T01:48:33.053+0000][192183.419s][info][gc,metaspace] GC(6954) Metaspace: 524838K(534208K)->524838K(534208K) NonClass: 460874K(465472K)->460874K(465472K) Class: 63964K(68736K)->63964K(68736K)
[2025-01-09T01:48:33.053+0000][192183.419s][info][gc          ] GC(6954) Pause Young (Mixed) (GCLocker Initiated GC) 2832M->2295M(12288M) 72.153ms
[2025-01-09T01:48:33.053+0000][192183.419s][info][gc,cpu      ] GC(6954) User=0.43s Sys=0.00s Real=0.08s
[2025-01-09T01:48:39.091+0000][192189.457s][info][gc,start    ] GC(6955) Pause Young (Normal) (G1 Evacuation Pause)
[2025-01-09T01:48:39.091+0000][192189.457s][info][gc,task     ] GC(6955) Using 6 workers of 6 for evacuation
[2025-01-09T01:48:39.113+0000][192189.479s][info][gc,phases   ] GC(6955)   Pre Evacuate Collection Set: 0.2ms
[2025-01-09T01:48:39.113+0000][192189.479s][info][gc,phases   ] GC(6955)   Merge Heap Roots: 0.4ms
[2025-01-09T01:48:39.113+0000][192189.479s][info][gc,phases   ] GC(6955)   Evacuate Collection Set: 17.5ms
[2025-01-09T01:48:39.113+0000][192189.479s][info][gc,phases   ] GC(6955)   Post Evacuate Collection Set: 3.7ms
[2025-01-09T01:48:39.113+0000][192189.479s][info][gc,phases   ] GC(6955)   Other: 0.2ms
[2025-01-09T01:48:39.113+0000][192189.479s][info][gc,heap     ] GC(6955) Eden regions: 915->0(915)
[2025-01-09T01:48:39.113+0000][192189.479s][info][gc,heap     ] GC(6955) Survivor regions: 6->6(116)
[2025-01-09T01:48:39.113+0000][192189.479s][info][gc,heap     ] GC(6955) Old regions: 232->232
[2025-01-09T01:48:39.113+0000][192189.479s][info][gc,heap     ] GC(6955) Archive regions: 2->2
[2025-01-09T01:48:39.113+0000][192189.479s][info][gc,heap     ] GC(6955) Humongous regions: 49->49
[2025-01-09T01:48:39.113+0000][192189.479s][info][gc,metaspace] GC(6955) Metaspace: 524838K(534208K)->524838K(534208K) NonClass: 460874K(465472K)->460874K(465472K) Class: 63964K(68736K)->63964K(68736K)
[2025-01-09T01:48:39.113+0000][192189.479s][info][gc          ] GC(6955) Pause Young (Normal) (G1 Evacuation Pause) 9615M->2295M(12288M) 22.046ms
[2025-01-09T01:48:39.113+0000][192189.479s][info][gc,cpu      ] GC(6955) User=0.13s Sys=0.01s Real=0.02s
[2025-01-09T01:48:42.305+0000][192192.671s][info][gc,start    ] GC(6956) Pause Young (Normal) (G1 Evacuation Pause)
[2025-01-09T01:48:42.305+0000][192192.671s][info][gc,task     ] GC(6956) Using 6 workers of 6 for evacuation
[2025-01-09T01:48:42.326+0000][192192.693s][info][gc,phases   ] GC(6956)   Pre Evacuate Collection Set: 0.2ms
[2025-01-09T01:48:42.326+0000][192192.693s][info][gc,phases   ] GC(6956)   Merge Heap Roots: 0.3ms
[2025-01-09T01:48:42.326+0000][192192.693s][info][gc,phases   ] GC(6956)   Evacuate Collection Set: 18.0ms
[2025-01-09T01:48:42.326+0000][192192.693s][info][gc,phases   ] GC(6956)   Post Evacuate Collection Set: 2.5ms
[2025-01-09T01:48:42.326+0000][192192.693s][info][gc,phases   ] GC(6956)   Other: 0.2ms
[2025-01-09T01:48:42.326+0000][192192.693s][info][gc,heap     ] GC(6956) Eden regions: 915->0(915)
[2025-01-09T01:48:42.327+0000][192192.693s][info][gc,heap     ] GC(6956) Survivor regions: 6->6(116)
[2025-01-09T01:48:42.327+0000][192192.693s][info][gc,heap     ] GC(6956) Old regions: 232->232
[2025-01-09T01:48:42.327+0000][192192.693s][info][gc,heap     ] GC(6956) Archive regions: 2->2
[2025-01-09T01:48:42.327+0000][192192.693s][info][gc,heap     ] GC(6956) Humongous regions: 49->49
[2025-01-09T01:48:42.327+0000][192192.693s][info][gc,metaspace] GC(6956) Metaspace: 524838K(534208K)->524838K(534208K) NonClass: 460874K(465472K)->460874K(465472K) Class: 63964K(68736K)->63964K(68736K)
[2025-01-09T01:48:42.327+0000][192192.693s][info][gc          ] GC(6956) Pause Young (Normal) (G1 Evacuation Pause) 9615M->2289M(12288M) 21.390ms
[2025-01-09T01:48:42.327+0000][192192.693s][info][gc,cpu      ] GC(6956) User=0.13s Sys=0.00s Real=0.02s
[2025-01-09T01:48:48.704+0000][192199.070s][info][gc,start    ] GC(6957) Pause Young (Concurrent Start) (G1 Evacuation Pause)
[2025-01-09T01:48:48.704+0000][192199.070s][info][gc,task     ] GC(6957) Using 6 workers of 6 for evacuation
[2025-01-09T01:48:48.732+0000][192199.098s][info][gc,phases   ] GC(6957)   Pre Evacuate Collection Set: 1.2ms
[2025-01-09T01:48:48.732+0000][192199.098s][info][gc,phases   ] GC(6957)   Merge Heap Roots: 0.4ms
[2025-01-09T01:48:48.732+0000][192199.098s][info][gc,phases   ] GC(6957)   Evacuate Collection Set: 23.6ms
[2025-01-09T01:48:48.732+0000][192199.098s][info][gc,phases   ] GC(6957)   Post Evacuate Collection Set: 2.6ms
[2025-01-09T01:48:48.732+0000][192199.098s][info][gc,phases   ] GC(6957)   Other: 0.3ms
[2025-01-09T01:48:48.732+0000][192199.098s][info][gc,heap     ] GC(6957) Eden regions: 915->0(914)
[2025-01-09T01:48:48.732+0000][192199.098s][info][gc,heap     ] GC(6957) Survivor regions: 6->7(116)
[2025-01-09T01:48:48.732+0000][192199.098s][info][gc,heap     ] GC(6957) Old regions: 232->232
[2025-01-09T01:48:48.732+0000][192199.098s][info][gc,heap     ] GC(6957) Archive regions: 2->2
[2025-01-09T01:48:48.732+0000][192199.098s][info][gc,heap     ] GC(6957) Humongous regions: 49->49
[2025-01-09T01:48:48.732+0000][192199.098s][info][gc,metaspace] GC(6957) Metaspace: 524838K(534208K)->524838K(534208K) NonClass: 460874K(465472K)->460874K(465472K) Class: 63964K(68736K)->63964K(68736K)
[2025-01-09T01:48:48.732+0000][192199.098s][info][gc          ] GC(6957) Pause Young (Concurrent Start) (G1 Evacuation Pause) 9609M->2303M(12288M) 28.085ms
[2025-01-09T01:48:48.732+0000][192199.098s][info][gc,cpu      ] GC(6957) User=0.16s Sys=0.00s Real=0.03s
[2025-01-09T01:48:48.732+0000][192199.098s][info][gc          ] GC(6958) Concurrent Mark Cycle
[2025-01-09T01:48:48.732+0000][192199.098s][info][gc,marking  ] GC(6958) Concurrent Clear Claimed Marks
[2025-01-09T01:48:48.733+0000][192199.099s][info][gc,marking  ] GC(6958) Concurrent Clear Claimed Marks 1.005ms
[2025-01-09T01:48:48.733+0000][192199.099s][info][gc,marking  ] GC(6958) Concurrent Scan Root Regions
[2025-01-09T01:48:48.757+0000][192199.123s][info][gc,marking  ] GC(6958) Concurrent Scan Root Regions 23.849ms
[2025-01-09T01:48:48.757+0000][192199.123s][info][gc,marking  ] GC(6958) Concurrent Mark
[2025-01-09T01:48:48.757+0000][192199.123s][info][gc,marking  ] GC(6958) Concurrent Mark From Roots
[2025-01-09T01:48:48.757+0000][192199.123s][info][gc,task     ] GC(6958) Using 2 workers of 2 for marking
[2025-01-09T01:48:49.646+0000][192200.012s][info][gc,marking  ] GC(6958) Concurrent Mark From Roots 889.140ms
[2025-01-09T01:48:49.646+0000][192200.012s][info][gc,marking  ] GC(6958) Concurrent Preclean
[2025-01-09T01:48:49.649+0000][192200.015s][info][gc,marking  ] GC(6958) Concurrent Preclean 2.777ms
[2025-01-09T01:48:49.649+0000][192200.015s][info][gc,start    ] GC(6958) Pause Remark
[2025-01-09T01:48:49.676+0000][192200.042s][info][gc          ] GC(6958) Pause Remark 3263M->3263M(12288M) 26.540ms
[2025-01-09T01:48:49.676+0000][192200.042s][info][gc,cpu      ] GC(6958) User=0.15s Sys=0.00s Real=0.03s
[2025-01-09T01:48:49.676+0000][192200.042s][info][gc,marking  ] GC(6958) Concurrent Mark 918.842ms
[2025-01-09T01:48:49.676+0000][192200.042s][info][gc,marking  ] GC(6958) Concurrent Rebuild Remembered Sets
[2025-01-09T01:48:50.167+0000][192200.533s][info][gc,marking  ] GC(6958) Concurrent Rebuild Remembered Sets 491.458ms
[2025-01-09T01:48:50.167+0000][192200.533s][info][gc,start    ] GC(6958) Pause Cleanup
[2025-01-09T01:48:50.168+0000][192200.534s][info][gc          ] GC(6958) Pause Cleanup 3619M->3619M(12288M) 0.430ms
[2025-01-09T01:48:50.168+0000][192200.534s][info][gc,cpu      ] GC(6958) User=0.00s Sys=0.00s Real=0.00s
[2025-01-09T01:48:50.168+0000][192200.534s][info][gc,marking  ] GC(6958) Concurrent Cleanup for Next Mark
[2025-01-09T01:48:50.183+0000][192200.549s][info][gc,marking  ] GC(6958) Concurrent Cleanup for Next Mark 15.398ms
[2025-01-09T01:48:50.183+0000][192200.549s][info][gc          ] GC(6958) Concurrent Mark Cycle 1451.430ms
[2025-01-09T01:48:55.012+0000][192205.378s][info][gc,start    ] GC(6959) Pause Young (Prepare Mixed) (G1 Evacuation Pause)
[2025-01-09T01:48:55.012+0000][192205.378s][info][gc,task     ] GC(6959) Using 6 workers of 6 for evacuation
[2025-01-09T01:48:55.039+0000][192205.405s][info][gc,phases   ] GC(6959)   Pre Evacuate Collection Set: 0.2ms
[2025-01-09T01:48:55.039+0000][192205.405s][info][gc,phases   ] GC(6959)   Merge Heap Roots: 0.5ms
[2025-01-09T01:48:55.039+0000][192205.405s][info][gc,phases   ] GC(6959)   Evacuate Collection Set: 23.6ms
[2025-01-09T01:48:55.039+0000][192205.405s][info][gc,phases   ] GC(6959)   Post Evacuate Collection Set: 2.6ms
[2025-01-09T01:48:55.039+0000][192205.405s][info][gc,phases   ] GC(6959)   Other: 0.2ms
[2025-01-09T01:48:55.039+0000][192205.405s][info][gc,heap     ] GC(6959) Eden regions: 914->0(69)
[2025-01-09T01:48:55.039+0000][192205.405s][info][gc,heap     ] GC(6959) Survivor regions: 7->7(116)
[2025-01-09T01:48:55.039+0000][192205.405s][info][gc,heap     ] GC(6959) Old regions: 232->232
[2025-01-09T01:48:55.039+0000][192205.405s][info][gc,heap     ] GC(6959) Archive regions: 2->2
[2025-01-09T01:48:55.039+0000][192205.405s][info][gc,heap     ] GC(6959) Humongous regions: 49->49
[2025-01-09T01:48:55.039+0000][192205.405s][info][gc,metaspace] GC(6959) Metaspace: 524838K(534208K)->524838K(534208K) NonClass: 460874K(465472K)->460874K(465472K) Class: 63964K(68736K)->63964K(68736K)
[2025-01-09T01:48:55.039+0000][192205.405s][info][gc          ] GC(6959) Pause Young (Prepare Mixed) (G1 Evacuation Pause) 9615M->2302M(12288M) 27.182ms
[2025-01-09T01:48:55.039+0000][192205.405s][info][gc,cpu      ] GC(6959) User=0.16s Sys=0.00s Real=0.02s
[2025-01-09T01:48:56.511+0000][192206.877s][info][gc,start    ] GC(6960) Pause Young (Mixed) (G1 Evacuation Pause)
[2025-01-09T01:48:56.511+0000][192206.877s][info][gc,task     ] GC(6960) Using 6 workers of 6 for evacuation
[2025-01-09T01:48:56.576+0000][192206.942s][info][gc,phases   ] GC(6960)   Pre Evacuate Collection Set: 0.2ms
[2025-01-09T01:48:56.576+0000][192206.942s][info][gc,phases   ] GC(6960)   Merge Heap Roots: 0.6ms
[2025-01-09T01:48:56.576+0000][192206.942s][info][gc,phases   ] GC(6960)   Evacuate Collection Set: 62.2ms
[2025-01-09T01:48:56.576+0000][192206.942s][info][gc,phases   ] GC(6960)   Post Evacuate Collection Set: 1.8ms
[2025-01-09T01:48:56.576+0000][192206.942s][info][gc,phases   ] GC(6960)   Other: 0.2ms
[2025-01-09T01:48:56.576+0000][192206.942s][info][gc,heap     ] GC(6960) Eden regions: 69->0(915)
[2025-01-09T01:48:56.576+0000][192206.942s][info][gc,heap     ] GC(6960) Survivor regions: 7->6(10)
[2025-01-09T01:48:56.576+0000][192206.942s][info][gc,heap     ] GC(6960) Old regions: 232->230
[2025-01-09T01:48:56.576+0000][192206.942s][info][gc,heap     ] GC(6960) Archive regions: 2->2
[2025-01-09T01:48:56.576+0000][192206.942s][info][gc,heap     ] GC(6960) Humongous regions: 49->49
[2025-01-09T01:48:56.576+0000][192206.942s][info][gc,metaspace] GC(6960) Metaspace: 524838K(534208K)->524838K(534208K) NonClass: 460874K(465472K)->460874K(465472K) Class: 63964K(68736K)->63964K(68736K)
[2025-01-09T01:48:56.576+0000][192206.942s][info][gc          ] GC(6960) Pause Young (Mixed) (G1 Evacuation Pause) 2854M->2274M(12288M) 65.127ms
[2025-01-09T01:48:56.576+0000][192206.942s][info][gc,cpu      ] GC(6960) User=0.38s Sys=0.00s Real=0.06s
[2025-01-09T01:49:03.706+0000][192214.072s][info][gc,start    ] GC(6961) Pause Young (Normal) (G1 Evacuation Pause)
[2025-01-09T01:49:03.706+0000][192214.072s][info][gc,task     ] GC(6961) Using 6 workers of 6 for evacuation
[2025-01-09T01:49:03.729+0000][192214.095s][info][gc,phases   ] GC(6961)   Pre Evacuate Collection Set: 0.2ms
[2025-01-09T01:49:03.729+0000][192214.095s][info][gc,phases   ] GC(6961)   Merge Heap Roots: 0.4ms
[2025-01-09T01:49:03.729+0000][192214.095s][info][gc,phases   ] GC(6961)   Evacuate Collection Set: 20.4ms
[2025-01-09T01:49:03.729+0000][192214.095s][info][gc,phases   ] GC(6961)   Post Evacuate Collection Set: 2.5ms
[2025-01-09T01:49:03.729+0000][192214.095s][info][gc,phases   ] GC(6961)   Other: 0.2ms
[2025-01-09T01:49:03.729+0000][192214.095s][info][gc,heap     ] GC(6961) Eden regions: 915->0(915)
[2025-01-09T01:49:03.729+0000][192214.095s][info][gc,heap     ] GC(6961) Survivor regions: 6->6(116)
[2025-01-09T01:49:03.729+0000][192214.095s][info][gc,heap     ] GC(6961) Old regions: 230->230
[2025-01-09T01:49:03.729+0000][192214.095s][info][gc,heap     ] GC(6961) Archive regions: 2->2
[2025-01-09T01:49:03.729+0000][192214.095s][info][gc,heap     ] GC(6961) Humongous regions: 49->49
[2025-01-09T01:49:03.729+0000][192214.095s][info][gc,metaspace] GC(6961) Metaspace: 524838K(534208K)->524838K(534208K) NonClass: 460874K(465472K)->460874K(465472K) Class: 63964K(68736K)->63964K(68736K)
[2025-01-09T01:49:03.729+0000][192214.096s][info][gc          ] GC(6961) Pause Young (Normal) (G1 Evacuation Pause) 9594M->2279M(12288M) 23.719ms
[2025-01-09T01:49:03.729+0000][192214.096s][info][gc,cpu      ] GC(6961) User=0.14s Sys=0.01s Real=0.03s
[2025-01-09T01:49:13.690+0000][192224.056s][info][gc,start    ] GC(6962) Pause Young (Normal) (G1 Evacuation Pause)
[2025-01-09T01:49:13.690+0000][192224.056s][info][gc,task     ] GC(6962) Using 6 workers of 6 for evacuation
[2025-01-09T01:49:13.718+0000][192224.085s][info][gc,phases   ] GC(6962)   Pre Evacuate Collection Set: 0.2ms
[2025-01-09T01:49:13.718+0000][192224.085s][info][gc,phases   ] GC(6962)   Merge Heap Roots: 0.4ms
[2025-01-09T01:49:13.718+0000][192224.085s][info][gc,phases   ] GC(6962)   Evacuate Collection Set: 24.9ms
[2025-01-09T01:49:13.718+0000][192224.085s][info][gc,phases   ] GC(6962)   Post Evacuate Collection Set: 2.6ms
[2025-01-09T01:49:13.718+0000][192224.085s][info][gc,phases   ] GC(6962)   Other: 0.2ms
[2025-01-09T01:49:13.718+0000][192224.085s][info][gc,heap     ] GC(6962) Eden regions: 915->0(913)
[2025-01-09T01:49:13.718+0000][192224.085s][info][gc,heap     ] GC(6962) Survivor regions: 6->8(116)
[2025-01-09T01:49:13.718+0000][192224.085s][info][gc,heap     ] GC(6962) Old regions: 230->230
[2025-01-09T01:49:13.718+0000][192224.085s][info][gc,heap     ] GC(6962) Archive regions: 2->2
[2025-01-09T01:49:13.718+0000][192224.085s][info][gc,heap     ] GC(6962) Humongous regions: 49->49
[2025-01-09T01:49:13.718+0000][192224.085s][info][gc,metaspace] GC(6962) Metaspace: 524838K(534208K)->524838K(534208K) NonClass: 460874K(465472K)->460874K(465472K) Class: 63964K(68736K)->63964K(68736K)
[2025-01-09T01:49:13.719+0000][192224.085s][info][gc          ] GC(6962) Pause Young (Normal) (G1 Evacuation Pause) 9599M->2291M(12288M) 28.386ms
[2025-01-09T01:49:13.719+0000][192224.085s][info][gc,cpu      ] GC(6962) User=0.16s Sys=0.00s Real=0.02s
[2025-01-09T01:49:21.679+0000][192232.045s][info][gc,start    ] GC(6963) Pause Young (Concurrent Start) (G1 Evacuation Pause)
[2025-01-09T01:49:21.679+0000][192232.045s][info][gc,task     ] GC(6963) Using 6 workers of 6 for evacuation
[2025-01-09T01:49:21.711+0000][192232.077s][info][gc,phases   ] GC(6963)   Pre Evacuate Collection Set: 1.1ms
[2025-01-09T01:49:21.711+0000][192232.077s][info][gc,phases   ] GC(6963)   Merge Heap Roots: 0.4ms
[2025-01-09T01:49:21.711+0000][192232.077s][info][gc,phases   ] GC(6963)   Evacuate Collection Set: 28.3ms
[2025-01-09T01:49:21.711+0000][192232.077s][info][gc,phases   ] GC(6963)   Post Evacuate Collection Set: 2.5ms
[2025-01-09T01:49:21.711+0000][192232.077s][info][gc,phases   ] GC(6963)   Other: 0.3ms
[2025-01-09T01:49:21.711+0000][192232.077s][info][gc,heap     ] GC(6963) Eden regions: 913->0(912)
[2025-01-09T01:49:21.711+0000][192232.077s][info][gc,heap     ] GC(6963) Survivor regions: 8->9(116)
[2025-01-09T01:49:21.711+0000][192232.077s][info][gc,heap     ] GC(6963) Old regions: 230->230
[2025-01-09T01:49:21.711+0000][192232.077s][info][gc,heap     ] GC(6963) Archive regions: 2->2
[2025-01-09T01:49:21.711+0000][192232.077s][info][gc,heap     ] GC(6963) Humongous regions: 49->49
[2025-01-09T01:49:21.711+0000][192232.077s][info][gc,metaspace] GC(6963) Metaspace: 524838K(534208K)->524838K(534208K) NonClass: 460874K(465472K)->460874K(465472K) Class: 63964K(68736K)->63964K(68736K)
[2025-01-09T01:49:21.711+0000][192232.077s][info][gc          ] GC(6963) Pause Young (Concurrent Start) (G1 Evacuation Pause) 9595M->2299M(12288M) 32.636ms
[2025-01-09T01:49:21.711+0000][192232.077s][info][gc,cpu      ] GC(6963) User=0.19s Sys=0.00s Real=0.04s
[2025-01-09T01:49:21.711+0000][192232.077s][info][gc          ] GC(6964) Concurrent Mark Cycle
[2025-01-09T01:49:21.711+0000][192232.077s][info][gc,marking  ] GC(6964) Concurrent Clear Claimed Marks
[2025-01-09T01:49:21.712+0000][192232.078s][info][gc,marking  ] GC(6964) Concurrent Clear Claimed Marks 0.906ms
[2025-01-09T01:49:21.712+0000][192232.078s][info][gc,marking  ] GC(6964) Concurrent Scan Root Regions
[2025-01-09T01:49:21.738+0000][192232.104s][info][gc,marking  ] GC(6964) Concurrent Scan Root Regions 25.356ms
[2025-01-09T01:49:21.738+0000][192232.104s][info][gc,marking  ] GC(6964) Concurrent Mark
[2025-01-09T01:49:21.738+0000][192232.104s][info][gc,marking  ] GC(6964) Concurrent Mark From Roots
[2025-01-09T01:49:21.738+0000][192232.104s][info][gc,task     ] GC(6964) Using 2 workers of 2 for marking
[2025-01-09T01:49:22.613+0000][192232.980s][info][gc,marking  ] GC(6964) Concurrent Mark From Roots 875.881ms
[2025-01-09T01:49:22.614+0000][192232.980s][info][gc,marking  ] GC(6964) Concurrent Preclean
[2025-01-09T01:49:22.616+0000][192232.982s][info][gc,marking  ] GC(6964) Concurrent Preclean 2.619ms
[2025-01-09T01:49:22.616+0000][192232.982s][info][gc,start    ] GC(6964) Pause Remark
[2025-01-09T01:49:22.642+0000][192233.008s][info][gc          ] GC(6964) Pause Remark 3163M->3163M(12288M) 25.986ms
[2025-01-09T01:49:22.642+0000][192233.008s][info][gc,cpu      ] GC(6964) User=0.15s Sys=0.00s Real=0.03s
[2025-01-09T01:49:22.642+0000][192233.009s][info][gc,marking  ] GC(6964) Concurrent Mark 904.833ms
[2025-01-09T01:49:22.642+0000][192233.009s][info][gc,marking  ] GC(6964) Concurrent Rebuild Remembered Sets
[2025-01-09T01:49:23.129+0000][192233.495s][info][gc,marking  ] GC(6964) Concurrent Rebuild Remembered Sets 486.052ms
[2025-01-09T01:49:23.129+0000][192233.495s][info][gc,start    ] GC(6964) Pause Cleanup
[2025-01-09T01:49:23.129+0000][192233.495s][info][gc          ] GC(6964) Pause Cleanup 3475M->3475M(12288M) 0.376ms
[2025-01-09T01:49:23.129+0000][192233.495s][info][gc,cpu      ] GC(6964) User=0.00s Sys=0.00s Real=0.00s
[2025-01-09T01:49:23.129+0000][192233.495s][info][gc,marking  ] GC(6964) Concurrent Cleanup for Next Mark
[2025-01-09T01:49:23.144+0000][192233.511s][info][gc,marking  ] GC(6964) Concurrent Cleanup for Next Mark 15.339ms
[2025-01-09T01:49:23.145+0000][192233.511s][info][gc          ] GC(6964) Concurrent Mark Cycle 1433.234ms
[2025-01-09T01:49:28.015+0000][192238.381s][info][gc,start    ] GC(6965) Pause Young (Prepare Mixed) (G1 Evacuation Pause)
[2025-01-09T01:49:28.015+0000][192238.382s][info][gc,task     ] GC(6965) Using 6 workers of 6 for evacuation
[2025-01-09T01:49:28.053+0000][192238.419s][info][gc,phases   ] GC(6965)   Pre Evacuate Collection Set: 0.2ms
[2025-01-09T01:49:28.053+0000][192238.419s][info][gc,phases   ] GC(6965)   Merge Heap Roots: 0.6ms
[2025-01-09T01:49:28.053+0000][192238.419s][info][gc,phases   ] GC(6965)   Evacuate Collection Set: 31.2ms
[2025-01-09T01:49:28.053+0000][192238.419s][info][gc,phases   ] GC(6965)   Post Evacuate Collection Set: 5.2ms
[2025-01-09T01:49:28.053+0000][192238.419s][info][gc,phases   ] GC(6965)   Other: 0.2ms
[2025-01-09T01:49:28.053+0000][192238.419s][info][gc,heap     ] GC(6965) Eden regions: 912->0(65)
[2025-01-09T01:49:28.053+0000][192238.419s][info][gc,heap     ] GC(6965) Survivor regions: 9->11(116)
[2025-01-09T01:49:28.053+0000][192238.419s][info][gc,heap     ] GC(6965) Old regions: 230->230
[2025-01-09T01:49:28.053+0000][192238.419s][info][gc,heap     ] GC(6965) Archive regions: 2->2
[2025-01-09T01:49:28.053+0000][192238.419s][info][gc,heap     ] GC(6965) Humongous regions: 49->49
[2025-01-09T01:49:28.053+0000][192238.419s][info][gc,metaspace] GC(6965) Metaspace: 524838K(534208K)->524838K(534208K) NonClass: 460874K(465472K)->460874K(465472K) Class: 63964K(68736K)->63964K(68736K)
[2025-01-09T01:49:28.053+0000][192238.419s][info][gc          ] GC(6965) Pause Young (Prepare Mixed) (G1 Evacuation Pause) 9595M->2320M(12288M) 37.450ms
[2025-01-09T01:49:28.053+0000][192238.419s][info][gc,cpu      ] GC(6965) User=0.22s Sys=0.00s Real=0.04s
[2025-01-09T01:49:29.458+0000][192239.824s][info][gc,start    ] GC(6966) Pause Young (Mixed) (G1 Evacuation Pause)
[2025-01-09T01:49:29.458+0000][192239.824s][info][gc,task     ] GC(6966) Using 6 workers of 6 for evacuation
[2025-01-09T01:49:29.519+0000][192239.885s][info][gc,phases   ] GC(6966)   Pre Evacuate Collection Set: 0.2ms
[2025-01-09T01:49:29.519+0000][192239.885s][info][gc,phases   ] GC(6966)   Merge Heap Roots: 0.5ms
[2025-01-09T01:49:29.519+0000][192239.885s][info][gc,phases   ] GC(6966)   Evacuate Collection Set: 58.3ms
[2025-01-09T01:49:29.519+0000][192239.885s][info][gc,phases   ] GC(6966)   Post Evacuate Collection Set: 2.0ms
[2025-01-09T01:49:29.519+0000][192239.885s][info][gc,phases   ] GC(6966)   Other: 0.2ms
[2025-01-09T01:49:29.519+0000][192239.885s][info][gc,heap     ] GC(6966) Eden regions: 65->0(916)
[2025-01-09T01:49:29.519+0000][192239.885s][info][gc,heap     ] GC(6966) Survivor regions: 11->5(10)
[2025-01-09T01:49:29.519+0000][192239.885s][info][gc,heap     ] GC(6966) Old regions: 230->231
[2025-01-09T01:49:29.519+0000][192239.885s][info][gc,heap     ] GC(6966) Archive regions: 2->2
[2025-01-09T01:49:29.519+0000][192239.885s][info][gc,heap     ] GC(6966) Humongous regions: 49->49
[2025-01-09T01:49:29.519+0000][192239.885s][info][gc,metaspace] GC(6966) Metaspace: 524838K(534208K)->524838K(534208K) NonClass: 460874K(465472K)->460874K(465472K) Class: 63964K(68736K)->63964K(68736K)
[2025-01-09T01:49:29.519+0000][192239.885s][info][gc          ] GC(6966) Pause Young (Mixed) (G1 Evacuation Pause) 2840M->2280M(12288M) 61.262ms
[2025-01-09T01:49:29.519+0000][192239.885s][info][gc,cpu      ] GC(6966) User=0.37s Sys=0.00s Real=0.06s
[2025-01-09T01:49:35.980+0000][192246.346s][info][gc,start    ] GC(6967) Pause Young (Normal) (G1 Evacuation Pause)
[2025-01-09T01:49:35.980+0000][192246.346s][info][gc,task     ] GC(6967) Using 6 workers of 6 for evacuation
[2025-01-09T01:49:36.002+0000][192246.368s][info][gc,phases   ] GC(6967)   Pre Evacuate Collection Set: 0.2ms
[2025-01-09T01:49:36.002+0000][192246.368s][info][gc,phases   ] GC(6967)   Merge Heap Roots: 0.4ms
[2025-01-09T01:49:36.002+0000][192246.368s][info][gc,phases   ] GC(6967)   Evacuate Collection Set: 18.9ms
[2025-01-09T01:49:36.002+0000][192246.368s][info][gc,phases   ] GC(6967)   Post Evacuate Collection Set: 2.4ms
[2025-01-09T01:49:36.002+0000][192246.368s][info][gc,phases   ] GC(6967)   Other: 0.2ms
[2025-01-09T01:49:36.002+0000][192246.368s][info][gc,heap     ] GC(6967) Eden regions: 916->0(916)
[2025-01-09T01:49:36.002+0000][192246.368s][info][gc,heap     ] GC(6967) Survivor regions: 5->5(116)
[2025-01-09T01:49:36.002+0000][192246.369s][info][gc,heap     ] GC(6967) Old regions: 231->231
[2025-01-09T01:49:36.002+0000][192246.369s][info][gc,heap     ] GC(6967) Archive regions: 2->2
[2025-01-09T01:49:36.002+0000][192246.369s][info][gc,heap     ] GC(6967) Humongous regions: 49->49
[2025-01-09T01:49:36.002+0000][192246.369s][info][gc,metaspace] GC(6967) Metaspace: 524838K(534208K)->524838K(534208K) NonClass: 460874K(465472K)->460874K(465472K) Class: 63964K(68736K)->63964K(68736K)
[2025-01-09T01:49:36.002+0000][192246.369s][info][gc          ] GC(6967) Pause Young (Normal) (G1 Evacuation Pause) 9608M->2286M(12288M) 22.226ms
[2025-01-09T01:49:36.002+0000][192246.369s][info][gc,cpu      ] GC(6967) User=0.13s Sys=0.00s Real=0.03s
[2025-01-09T01:49:41.641+0000][192252.007s][info][gc,start    ] GC(6968) Pause Young (Normal) (G1 Evacuation Pause)
[2025-01-09T01:49:41.641+0000][192252.008s][info][gc,task     ] GC(6968) Using 6 workers of 6 for evacuation
[2025-01-09T01:49:41.668+0000][192252.034s][info][gc,phases   ] GC(6968)   Pre Evacuate Collection Set: 0.2ms
[2025-01-09T01:49:41.668+0000][192252.034s][info][gc,phases   ] GC(6968)   Merge Heap Roots: 0.3ms
[2025-01-09T01:49:41.668+0000][192252.034s][info][gc,phases   ] GC(6968)   Evacuate Collection Set: 21.6ms
[2025-01-09T01:49:41.668+0000][192252.034s][info][gc,phases   ] GC(6968)   Post Evacuate Collection Set: 3.7ms
[2025-01-09T01:49:41.668+0000][192252.034s][info][gc,phases   ] GC(6968)   Other: 0.2ms
[2025-01-09T01:49:41.668+0000][192252.034s][info][gc,heap     ] GC(6968) Eden regions: 916->0(913)
[2025-01-09T01:49:41.668+0000][192252.034s][info][gc,heap     ] GC(6968) Survivor regions: 5->8(116)
[2025-01-09T01:49:41.668+0000][192252.034s][info][gc,heap     ] GC(6968) Old regions: 231->231
[2025-01-09T01:49:41.668+0000][192252.034s][info][gc,heap     ] GC(6968) Archive regions: 2->2
[2025-01-09T01:49:41.668+0000][192252.034s][info][gc,heap     ] GC(6968) Humongous regions: 49->49
[2025-01-09T01:49:41.668+0000][192252.034s][info][gc,metaspace] GC(6968) Metaspace: 524838K(534208K)->524838K(534208K) NonClass: 460874K(465472K)->460874K(465472K) Class: 63964K(68736K)->63964K(68736K)
[2025-01-09T01:49:41.668+0000][192252.034s][info][gc          ] GC(6968) Pause Young (Normal) (G1 Evacuation Pause) 9614M->2304M(12288M) 26.221ms
[2025-01-09T01:49:41.668+0000][192252.034s][info][gc,cpu      ] GC(6968) User=0.15s Sys=0.01s Real=0.03s
[2025-01-09T01:49:47.775+0000][192258.141s][info][gc,start    ] GC(6969) Pause Young (Concurrent Start) (G1 Evacuation Pause)
[2025-01-09T01:49:47.775+0000][192258.141s][info][gc,task     ] GC(6969) Using 6 workers of 6 for evacuation
[2025-01-09T01:49:47.802+0000][192258.168s][info][gc,phases   ] GC(6969)   Pre Evacuate Collection Set: 1.1ms
[2025-01-09T01:49:47.802+0000][192258.168s][info][gc,phases   ] GC(6969)   Merge Heap Roots: 0.4ms
[2025-01-09T01:49:47.802+0000][192258.168s][info][gc,phases   ] GC(6969)   Evacuate Collection Set: 22.9ms
[2025-01-09T01:49:47.802+0000][192258.168s][info][gc,phases   ] GC(6969)   Post Evacuate Collection Set: 2.4ms
[2025-01-09T01:49:47.802+0000][192258.168s][info][gc,phases   ] GC(6969)   Other: 0.3ms
[2025-01-09T01:49:47.802+0000][192258.168s][info][gc,heap     ] GC(6969) Eden regions: 913->0(914)
[2025-01-09T01:49:47.802+0000][192258.168s][info][gc,heap     ] GC(6969) Survivor regions: 8->7(116)
[2025-01-09T01:49:47.802+0000][192258.168s][info][gc,heap     ] GC(6969) Old regions: 231->231
[2025-01-09T01:49:47.802+0000][192258.168s][info][gc,heap     ] GC(6969) Archive regions: 2->2
[2025-01-09T01:49:47.802+0000][192258.168s][info][gc,heap     ] GC(6969) Humongous regions: 49->49
[2025-01-09T01:49:47.802+0000][192258.168s][info][gc,metaspace] GC(6969) Metaspace: 524838K(534208K)->524838K(534208K) NonClass: 460874K(465472K)->460874K(465472K) Class: 63964K(68736K)->63964K(68736K)
[2025-01-09T01:49:47.802+0000][192258.168s][info][gc          ] GC(6969) Pause Young (Concurrent Start) (G1 Evacuation Pause) 9608M->2299M(12288M) 27.179ms
[2025-01-09T01:49:47.802+0000][192258.168s][info][gc,cpu      ] GC(6969) User=0.15s Sys=0.00s Real=0.03s
[2025-01-09T01:49:47.802+0000][192258.168s][info][gc          ] GC(6970) Concurrent Mark Cycle
[2025-01-09T01:49:47.802+0000][192258.169s][info][gc,marking  ] GC(6970) Concurrent Clear Claimed Marks
[2025-01-09T01:49:47.803+0000][192258.169s][info][gc,marking  ] GC(6970) Concurrent Clear Claimed Marks 0.964ms
[2025-01-09T01:49:47.803+0000][192258.169s][info][gc,marking  ] GC(6970) Concurrent Scan Root Regions
[2025-01-09T01:49:47.826+0000][192258.193s][info][gc,marking  ] GC(6970) Concurrent Scan Root Regions 23.008ms
[2025-01-09T01:49:47.826+0000][192258.193s][info][gc,marking  ] GC(6970) Concurrent Mark
[2025-01-09T01:49:47.826+0000][192258.193s][info][gc,marking  ] GC(6970) Concurrent Mark From Roots
[2025-01-09T01:49:47.826+0000][192258.193s][info][gc,task     ] GC(6970) Using 2 workers of 2 for marking
[2025-01-09T01:49:48.765+0000][192259.131s][info][gc,marking  ] GC(6970) Concurrent Mark From Roots 938.508ms
[2025-01-09T01:49:48.765+0000][192259.131s][info][gc,marking  ] GC(6970) Concurrent Preclean
[2025-01-09T01:49:48.769+0000][192259.135s][info][gc,marking  ] GC(6970) Concurrent Preclean 3.880ms
[2025-01-09T01:49:48.769+0000][192259.135s][info][gc,start    ] GC(6970) Pause Remark
[2025-01-09T01:49:48.795+0000][192259.161s][info][gc          ] GC(6970) Pause Remark 3623M->3623M(12288M) 25.941ms
[2025-01-09T01:49:48.795+0000][192259.161s][info][gc,cpu      ] GC(6970) User=0.15s Sys=0.00s Real=0.03s
[2025-01-09T01:49:48.795+0000][192259.161s][info][gc,marking  ] GC(6970) Concurrent Mark 968.824ms
[2025-01-09T01:49:48.795+0000][192259.161s][info][gc,marking  ] GC(6970) Concurrent Rebuild Remembered Sets
[2025-01-09T01:49:49.509+0000][192259.875s][info][gc,marking  ] GC(6970) Concurrent Rebuild Remembered Sets 713.723ms
[2025-01-09T01:49:49.509+0000][192259.875s][info][gc,start    ] GC(6970) Pause Cleanup
[2025-01-09T01:49:49.510+0000][192259.876s][info][gc          ] GC(6970) Pause Cleanup 4745M->4745M(12288M) 0.416ms
[2025-01-09T01:49:49.510+0000][192259.876s][info][gc,cpu      ] GC(6970) User=0.00s Sys=0.00s Real=0.01s
[2025-01-09T01:49:49.510+0000][192259.876s][info][gc,marking  ] GC(6970) Concurrent Cleanup for Next Mark
[2025-01-09T01:49:49.526+0000][192259.892s][info][gc,marking  ] GC(6970) Concurrent Cleanup for Next Mark 15.958ms
[2025-01-09T01:49:49.526+0000][192259.892s][info][gc          ] GC(6970) Concurrent Mark Cycle 1723.327ms
[2025-01-09T01:49:52.366+0000][192262.732s][info][gc,start    ] GC(6971) Pause Young (Prepare Mixed) (G1 Evacuation Pause)
[2025-01-09T01:49:52.366+0000][192262.732s][info][gc,task     ] GC(6971) Using 6 workers of 6 for evacuation
[2025-01-09T01:49:52.395+0000][192262.761s][info][gc,phases   ] GC(6971)   Pre Evacuate Collection Set: 0.2ms
[2025-01-09T01:49:52.395+0000][192262.761s][info][gc,phases   ] GC(6971)   Merge Heap Roots: 0.6ms
[2025-01-09T01:49:52.395+0000][192262.761s][info][gc,phases   ] GC(6971)   Evacuate Collection Set: 25.8ms
[2025-01-09T01:49:52.395+0000][192262.761s][info][gc,phases   ] GC(6971)   Post Evacuate Collection Set: 2.6ms
[2025-01-09T01:49:52.395+0000][192262.761s][info][gc,phases   ] GC(6971)   Other: 0.2ms
[2025-01-09T01:49:52.395+0000][192262.761s][info][gc,heap     ] GC(6971) Eden regions: 914->0(68)
[2025-01-09T01:49:52.395+0000][192262.761s][info][gc,heap     ] GC(6971) Survivor regions: 7->8(116)
[2025-01-09T01:49:52.395+0000][192262.761s][info][gc,heap     ] GC(6971) Old regions: 231->231
[2025-01-09T01:49:52.395+0000][192262.761s][info][gc,heap     ] GC(6971) Archive regions: 2->2
[2025-01-09T01:49:52.395+0000][192262.761s][info][gc,heap     ] GC(6971) Humongous regions: 49->49
[2025-01-09T01:49:52.395+0000][192262.761s][info][gc,metaspace] GC(6971) Metaspace: 524839K(534208K)->524839K(534208K) NonClass: 460874K(465472K)->460874K(465472K) Class: 63964K(68736K)->63964K(68736K)
[2025-01-09T01:49:52.395+0000][192262.761s][info][gc          ] GC(6971) Pause Young (Prepare Mixed) (G1 Evacuation Pause) 9611M->2305M(12288M) 29.447ms
[2025-01-09T01:49:52.395+0000][192262.761s][info][gc,cpu      ] GC(6971) User=0.18s Sys=0.00s Real=0.03s
[2025-01-09T01:49:52.658+0000][192263.024s][info][gc,start    ] GC(6972) Pause Young (Mixed) (G1 Evacuation Pause)
[2025-01-09T01:49:52.658+0000][192263.024s][info][gc,task     ] GC(6972) Using 6 workers of 6 for evacuation
[2025-01-09T01:49:52.717+0000][192263.083s][info][gc,phases   ] GC(6972)   Pre Evacuate Collection Set: 0.2ms
[2025-01-09T01:49:52.717+0000][192263.083s][info][gc,phases   ] GC(6972)   Merge Heap Roots: 0.6ms
[2025-01-09T01:49:52.717+0000][192263.083s][info][gc,phases   ] GC(6972)   Evacuate Collection Set: 55.6ms
[2025-01-09T01:49:52.717+0000][192263.083s][info][gc,phases   ] GC(6972)   Post Evacuate Collection Set: 1.9ms
[2025-01-09T01:49:52.717+0000][192263.083s][info][gc,phases   ] GC(6972)   Other: 0.2ms
[2025-01-09T01:49:52.717+0000][192263.083s][info][gc,heap     ] GC(6972) Eden regions: 68->0(915)
[2025-01-09T01:49:52.717+0000][192263.083s][info][gc,heap     ] GC(6972) Survivor regions: 8->6(10)
[2025-01-09T01:49:52.717+0000][192263.083s][info][gc,heap     ] GC(6972) Old regions: 231->231
[2025-01-09T01:49:52.717+0000][192263.083s][info][gc,heap     ] GC(6972) Archive regions: 2->2
[2025-01-09T01:49:52.717+0000][192263.083s][info][gc,heap     ] GC(6972) Humongous regions: 49->49
[2025-01-09T01:49:52.717+0000][192263.083s][info][gc,metaspace] GC(6972) Metaspace: 524839K(534208K)->524839K(534208K) NonClass: 460874K(465472K)->460874K(465472K) Class: 63964K(68736K)->63964K(68736K)
[2025-01-09T01:49:52.717+0000][192263.083s][info][gc          ] GC(6972) Pause Young (Mixed) (G1 Evacuation Pause) 2849M->2284M(12288M) 58.518ms
[2025-01-09T01:49:52.717+0000][192263.083s][info][gc,cpu      ] GC(6972) User=0.34s Sys=0.00s Real=0.06s
[2025-01-09T01:50:01.007+0000][192271.373s][info][gc,start    ] GC(6973) Pause Young (Normal) (G1 Evacuation Pause)
[2025-01-09T01:50:01.007+0000][192271.373s][info][gc,task     ] GC(6973) Using 6 workers of 6 for evacuation
[2025-01-09T01:50:01.036+0000][192271.402s][info][gc,phases   ] GC(6973)   Pre Evacuate Collection Set: 0.2ms
[2025-01-09T01:50:01.036+0000][192271.402s][info][gc,phases   ] GC(6973)   Merge Heap Roots: 0.4ms
[2025-01-09T01:50:01.036+0000][192271.402s][info][gc,phases   ] GC(6973)   Evacuate Collection Set: 25.9ms
[2025-01-09T01:50:01.036+0000][192271.402s][info][gc,phases   ] GC(6973)   Post Evacuate Collection Set: 2.6ms
[2025-01-09T01:50:01.036+0000][192271.402s][info][gc,phases   ] GC(6973)   Other: 0.2ms
[2025-01-09T01:50:01.036+0000][192271.402s][info][gc,heap     ] GC(6973) Eden regions: 915->0(913)
[2025-01-09T01:50:01.036+0000][192271.402s][info][gc,heap     ] GC(6973) Survivor regions: 6->8(116)
[2025-01-09T01:50:01.036+0000][192271.402s][info][gc,heap     ] GC(6973) Old regions: 231->231
[2025-01-09T01:50:01.036+0000][192271.402s][info][gc,heap     ] GC(6973) Archive regions: 2->2
[2025-01-09T01:50:01.036+0000][192271.402s][info][gc,heap     ] GC(6973) Humongous regions: 49->49
[2025-01-09T01:50:01.036+0000][192271.402s][info][gc,metaspace] GC(6973) Metaspace: 524839K(534208K)->524839K(534208K) NonClass: 460874K(465472K)->460874K(465472K) Class: 63964K(68736K)->63964K(68736K)
[2025-01-09T01:50:01.036+0000][192271.402s][info][gc          ] GC(6973) Pause Young (Normal) (G1 Evacuation Pause) 9604M->2296M(12288M) 29.430ms
[2025-01-09T01:50:01.036+0000][192271.403s][info][gc,cpu      ] GC(6973) User=0.17s Sys=0.00s Real=0.03s
[2025-01-09T01:50:09.884+0000][192280.250s][info][gc,start    ] GC(6974) Pause Young (Normal) (G1 Evacuation Pause)
[2025-01-09T01:50:09.884+0000][192280.250s][info][gc,task     ] GC(6974) Using 6 workers of 6 for evacuation
[2025-01-09T01:50:09.916+0000][192280.282s][info][gc,phases   ] GC(6974)   Pre Evacuate Collection Set: 0.2ms
[2025-01-09T01:50:09.916+0000][192280.282s][info][gc,phases   ] GC(6974)   Merge Heap Roots: 0.4ms
[2025-01-09T01:50:09.916+0000][192280.282s][info][gc,phases   ] GC(6974)   Evacuate Collection Set: 28.8ms
[2025-01-09T01:50:09.916+0000][192280.282s][info][gc,phases   ] GC(6974)   Post Evacuate Collection Set: 2.7ms
[2025-01-09T01:50:09.916+0000][192280.283s][info][gc,phases   ] GC(6974)   Other: 0.2ms
[2025-01-09T01:50:09.916+0000][192280.283s][info][gc,heap     ] GC(6974) Eden regions: 913->0(912)
[2025-01-09T01:50:09.916+0000][192280.283s][info][gc,heap     ] GC(6974) Survivor regions: 8->9(116)
[2025-01-09T01:50:09.916+0000][192280.283s][info][gc,heap     ] GC(6974) Old regions: 231->231
[2025-01-09T01:50:09.916+0000][192280.283s][info][gc,heap     ] GC(6974) Archive regions: 2->2
[2025-01-09T01:50:09.916+0000][192280.283s][info][gc,heap     ] GC(6974) Humongous regions: 49->49
[2025-01-09T01:50:09.916+0000][192280.283s][info][gc,metaspace] GC(6974) Metaspace: 524839K(534208K)->524839K(534208K) NonClass: 460874K(465472K)->460874K(465472K) Class: 63964K(68736K)->63964K(68736K)
[2025-01-09T01:50:09.916+0000][192280.283s][info][gc          ] GC(6974) Pause Young (Normal) (G1 Evacuation Pause) 9600M->2307M(12288M) 32.360ms
[2025-01-09T01:50:09.917+0000][192280.283s][info][gc,cpu      ] GC(6974) User=0.18s Sys=0.00s Real=0.03s
[2025-01-09T01:50:14.866+0000][192285.232s][info][gc,start    ] GC(6975) Pause Young (Concurrent Start) (G1 Evacuation Pause)
[2025-01-09T01:50:14.866+0000][192285.232s][info][gc,task     ] GC(6975) Using 6 workers of 6 for evacuation
[2025-01-09T01:50:14.900+0000][192285.266s][info][gc,phases   ] GC(6975)   Pre Evacuate Collection Set: 1.1ms
[2025-01-09T01:50:14.900+0000][192285.266s][info][gc,phases   ] GC(6975)   Merge Heap Roots: 0.4ms
[2025-01-09T01:50:14.900+0000][192285.266s][info][gc,phases   ] GC(6975)   Evacuate Collection Set: 28.5ms
[2025-01-09T01:50:14.900+0000][192285.266s][info][gc,phases   ] GC(6975)   Post Evacuate Collection Set: 3.8ms
[2025-01-09T01:50:14.900+0000][192285.266s][info][gc,phases   ] GC(6975)   Other: 0.3ms
[2025-01-09T01:50:14.900+0000][192285.266s][info][gc,heap     ] GC(6975) Eden regions: 912->0(911)
[2025-01-09T01:50:14.900+0000][192285.266s][info][gc,heap     ] GC(6975) Survivor regions: 9->10(116)
[2025-01-09T01:50:14.900+0000][192285.266s][info][gc,heap     ] GC(6975) Old regions: 231->231
[2025-01-09T01:50:14.900+0000][192285.266s][info][gc,heap     ] GC(6975) Archive regions: 2->2
[2025-01-09T01:50:14.900+0000][192285.266s][info][gc,heap     ] GC(6975) Humongous regions: 49->49
[2025-01-09T01:50:14.900+0000][192285.266s][info][gc,metaspace] GC(6975) Metaspace: 524839K(534208K)->524839K(534208K) NonClass: 460874K(465472K)->460874K(465472K) Class: 63964K(68736K)->63964K(68736K)
[2025-01-09T01:50:14.900+0000][192285.266s][info][gc          ] GC(6975) Pause Young (Concurrent Start) (G1 Evacuation Pause) 9603M->2319M(12288M) 34.119ms
[2025-01-09T01:50:14.900+0000][192285.266s][info][gc,cpu      ] GC(6975) User=0.20s Sys=0.00s Real=0.03s
[2025-01-09T01:50:14.900+0000][192285.266s][info][gc          ] GC(6976) Concurrent Mark Cycle
[2025-01-09T01:50:14.900+0000][192285.266s][info][gc,marking  ] GC(6976) Concurrent Clear Claimed Marks
[2025-01-09T01:50:14.901+0000][192285.267s][info][gc,marking  ] GC(6976) Concurrent Clear Claimed Marks 0.894ms
[2025-01-09T01:50:14.901+0000][192285.267s][info][gc,marking  ] GC(6976) Concurrent Scan Root Regions
[2025-01-09T01:50:14.923+0000][192285.290s][info][gc,marking  ] GC(6976) Concurrent Scan Root Regions 22.172ms
[2025-01-09T01:50:14.923+0000][192285.290s][info][gc,marking  ] GC(6976) Concurrent Mark
[2025-01-09T01:50:14.923+0000][192285.290s][info][gc,marking  ] GC(6976) Concurrent Mark From Roots
[2025-01-09T01:50:14.923+0000][192285.290s][info][gc,task     ] GC(6976) Using 2 workers of 2 for marking
[2025-01-09T01:50:15.711+0000][192286.077s][info][gc,marking  ] GC(6976) Concurrent Mark From Roots 787.592ms
[2025-01-09T01:50:15.711+0000][192286.077s][info][gc,marking  ] GC(6976) Concurrent Preclean
[2025-01-09T01:50:15.715+0000][192286.081s][info][gc,marking  ] GC(6976) Concurrent Preclean 3.744ms
[2025-01-09T01:50:15.715+0000][192286.081s][info][gc,start    ] GC(6976) Pause Remark
[2025-01-09T01:50:15.743+0000][192286.109s][info][gc          ] GC(6976) Pause Remark 2859M->2859M(12288M) 27.572ms
[2025-01-09T01:50:15.743+0000][192286.109s][info][gc,cpu      ] GC(6976) User=0.14s Sys=0.01s Real=0.03s
[2025-01-09T01:50:15.743+0000][192286.109s][info][gc,marking  ] GC(6976) Concurrent Mark 819.369ms
[2025-01-09T01:50:15.743+0000][192286.109s][info][gc,marking  ] GC(6976) Concurrent Rebuild Remembered Sets
[2025-01-09T01:50:16.379+0000][192286.745s][info][gc,marking  ] GC(6976) Concurrent Rebuild Remembered Sets 636.378ms
[2025-01-09T01:50:16.379+0000][192286.746s][info][gc,start    ] GC(6976) Pause Cleanup
[2025-01-09T01:50:16.380+0000][192286.746s][info][gc          ] GC(6976) Pause Cleanup 3683M->3683M(12288M) 0.415ms
[2025-01-09T01:50:16.380+0000][192286.746s][info][gc,cpu      ] GC(6976) User=0.00s Sys=0.00s Real=0.00s
[2025-01-09T01:50:16.380+0000][192286.746s][info][gc,marking  ] GC(6976) Concurrent Cleanup for Next Mark
[2025-01-09T01:50:16.395+0000][192286.761s][info][gc,marking  ] GC(6976) Concurrent Cleanup for Next Mark 15.405ms
[2025-01-09T01:50:16.395+0000][192286.761s][info][gc          ] GC(6976) Concurrent Mark Cycle 1495.063ms
[2025-01-09T01:50:21.952+0000][192292.318s][info][gc,start    ] GC(6977) Pause Young (Prepare Mixed) (G1 Evacuation Pause)
[2025-01-09T01:50:21.952+0000][192292.318s][info][gc,task     ] GC(6977) Using 6 workers of 6 for evacuation
[2025-01-09T01:50:21.989+0000][192292.355s][info][gc,phases   ] GC(6977)   Pre Evacuate Collection Set: 0.2ms
[2025-01-09T01:50:21.989+0000][192292.355s][info][gc,phases   ] GC(6977)   Merge Heap Roots: 0.6ms
[2025-01-09T01:50:21.989+0000][192292.355s][info][gc,phases   ] GC(6977)   Evacuate Collection Set: 32.4ms
[2025-01-09T01:50:21.989+0000][192292.355s][info][gc,phases   ] GC(6977)   Post Evacuate Collection Set: 3.8ms
[2025-01-09T01:50:21.989+0000][192292.355s][info][gc,phases   ] GC(6977)   Other: 0.2ms
[2025-01-09T01:50:21.989+0000][192292.355s][info][gc,heap     ] GC(6977) Eden regions: 911->0(65)
[2025-01-09T01:50:21.989+0000][192292.355s][info][gc,heap     ] GC(6977) Survivor regions: 10->11(116)
[2025-01-09T01:50:21.989+0000][192292.355s][info][gc,heap     ] GC(6977) Old regions: 231->231
[2025-01-09T01:50:21.989+0000][192292.355s][info][gc,heap     ] GC(6977) Archive regions: 2->2
[2025-01-09T01:50:21.989+0000][192292.355s][info][gc,heap     ] GC(6977) Humongous regions: 49->49
[2025-01-09T01:50:21.989+0000][192292.355s][info][gc,metaspace] GC(6977) Metaspace: 524839K(534208K)->524839K(534208K) NonClass: 460874K(465472K)->460874K(465472K) Class: 63964K(68736K)->63964K(68736K)
[2025-01-09T01:50:21.989+0000][192292.355s][info][gc          ] GC(6977) Pause Young (Prepare Mixed) (G1 Evacuation Pause) 9607M->2327M(12288M) 37.260ms
[2025-01-09T01:50:21.989+0000][192292.355s][info][gc,cpu      ] GC(6977) User=0.22s Sys=0.00s Real=0.03s
[2025-01-09T01:50:22.596+0000][192292.962s][info][gc,start    ] GC(6978) Pause Young (Mixed) (G1 Evacuation Pause)
[2025-01-09T01:50:22.596+0000][192292.962s][info][gc,task     ] GC(6978) Using 6 workers of 6 for evacuation
[2025-01-09T01:50:22.641+0000][192293.008s][info][gc,phases   ] GC(6978)   Pre Evacuate Collection Set: 0.2ms
[2025-01-09T01:50:22.642+0000][192293.008s][info][gc,phases   ] GC(6978)   Merge Heap Roots: 0.4ms
[2025-01-09T01:50:22.642+0000][192293.008s][info][gc,phases   ] GC(6978)   Evacuate Collection Set: 42.9ms
[2025-01-09T01:50:22.642+0000][192293.008s][info][gc,phases   ] GC(6978)   Post Evacuate Collection Set: 1.5ms
[2025-01-09T01:50:22.642+0000][192293.008s][info][gc,phases   ] GC(6978)   Other: 0.2ms
[2025-01-09T01:50:22.642+0000][192293.008s][info][gc,heap     ] GC(6978) Eden regions: 65->0(917)
[2025-01-09T01:50:22.642+0000][192293.008s][info][gc,heap     ] GC(6978) Survivor regions: 11->4(10)
[2025-01-09T01:50:22.642+0000][192293.008s][info][gc,heap     ] GC(6978) Old regions: 231->229
[2025-01-09T01:50:22.642+0000][192293.008s][info][gc,heap     ] GC(6978) Archive regions: 2->2
[2025-01-09T01:50:22.642+0000][192293.008s][info][gc,heap     ] GC(6978) Humongous regions: 49->49
[2025-01-09T01:50:22.642+0000][192293.008s][info][gc,metaspace] GC(6978) Metaspace: 524839K(534208K)->524839K(534208K) NonClass: 460874K(465472K)->460874K(465472K) Class: 63964K(68736K)->63964K(68736K)
[2025-01-09T01:50:22.642+0000][192293.008s][info][gc          ] GC(6978) Pause Young (Mixed) (G1 Evacuation Pause) 2847M->2262M(12288M) 45.283ms
[2025-01-09T01:50:22.642+0000][192293.008s][info][gc,cpu      ] GC(6978) User=0.26s Sys=0.00s Real=0.05s
[2025-01-09T01:50:28.132+0000][192298.498s][info][gc,start    ] GC(6979) Pause Young (Normal) (G1 Evacuation Pause)
[2025-01-09T01:50:28.132+0000][192298.498s][info][gc,task     ] GC(6979) Using 6 workers of 6 for evacuation
[2025-01-09T01:50:28.153+0000][192298.519s][info][gc,phases   ] GC(6979)   Pre Evacuate Collection Set: 0.2ms
[2025-01-09T01:50:28.153+0000][192298.519s][info][gc,phases   ] GC(6979)   Merge Heap Roots: 0.4ms
[2025-01-09T01:50:28.153+0000][192298.519s][info][gc,phases   ] GC(6979)   Evacuate Collection Set: 17.3ms
[2025-01-09T01:50:28.153+0000][192298.519s][info][gc,phases   ] GC(6979)   Post Evacuate Collection Set: 2.3ms
[2025-01-09T01:50:28.153+0000][192298.519s][info][gc,phases   ] GC(6979)   Other: 0.2ms
[2025-01-09T01:50:28.153+0000][192298.519s][info][gc,heap     ] GC(6979) Eden regions: 917->0(916)
[2025-01-09T01:50:28.153+0000][192298.519s][info][gc,heap     ] GC(6979) Survivor regions: 4->5(116)
[2025-01-09T01:50:28.153+0000][192298.519s][info][gc,heap     ] GC(6979) Old regions: 229->229
[2025-01-09T01:50:28.153+0000][192298.519s][info][gc,heap     ] GC(6979) Archive regions: 2->2
[2025-01-09T01:50:28.153+0000][192298.519s][info][gc,heap     ] GC(6979) Humongous regions: 49->49
[2025-01-09T01:50:28.153+0000][192298.519s][info][gc,metaspace] GC(6979) Metaspace: 524839K(534208K)->524839K(534208K) NonClass: 460874K(465472K)->460874K(465472K) Class: 63964K(68736K)->63964K(68736K)
[2025-01-09T01:50:28.153+0000][192298.519s][info][gc          ] GC(6979) Pause Young (Normal) (G1 Evacuation Pause) 9598M->2268M(12288M) 20.412ms
[2025-01-09T01:50:28.153+0000][192298.519s][info][gc,cpu      ] GC(6979) User=0.11s Sys=0.00s Real=0.02s
[2025-01-09T01:50:37.763+0000][192308.129s][info][gc,start    ] GC(6980) Pause Young (Normal) (G1 Evacuation Pause)
[2025-01-09T01:50:37.763+0000][192308.129s][info][gc,task     ] GC(6980) Using 6 workers of 6 for evacuation
[2025-01-09T01:50:37.789+0000][192308.155s][info][gc,phases   ] GC(6980)   Pre Evacuate Collection Set: 0.2ms
[2025-01-09T01:50:37.789+0000][192308.155s][info][gc,phases   ] GC(6980)   Merge Heap Roots: 0.4ms
[2025-01-09T01:50:37.789+0000][192308.155s][info][gc,phases   ] GC(6980)   Evacuate Collection Set: 21.0ms
[2025-01-09T01:50:37.789+0000][192308.155s][info][gc,phases   ] GC(6980)   Post Evacuate Collection Set: 3.9ms
[2025-01-09T01:50:37.789+0000][192308.155s][info][gc,phases   ] GC(6980)   Other: 0.2ms
[2025-01-09T01:50:37.789+0000][192308.155s][info][gc,heap     ] GC(6980) Eden regions: 916->0(914)
[2025-01-09T01:50:37.789+0000][192308.155s][info][gc,heap     ] GC(6980) Survivor regions: 5->7(116)
[2025-01-09T01:50:37.789+0000][192308.155s][info][gc,heap     ] GC(6980) Old regions: 229->229
[2025-01-09T01:50:37.789+0000][192308.155s][info][gc,heap     ] GC(6980) Archive regions: 2->2
[2025-01-09T01:50:37.789+0000][192308.155s][info][gc,heap     ] GC(6980) Humongous regions: 49->49
[2025-01-09T01:50:37.789+0000][192308.155s][info][gc,metaspace] GC(6980) Metaspace: 524839K(534208K)->524839K(534208K) NonClass: 460874K(465472K)->460874K(465472K) Class: 63964K(68736K)->63964K(68736K)
[2025-01-09T01:50:37.789+0000][192308.155s][info][gc          ] GC(6980) Pause Young (Normal) (G1 Evacuation Pause) 9596M->2285M(12288M) 25.751ms
[2025-01-09T01:50:37.789+0000][192308.155s][info][gc,cpu      ] GC(6980) User=0.15s Sys=0.00s Real=0.02s
[2025-01-09T01:50:43.840+0000][192314.206s][info][gc,start    ] GC(6981) Pause Young (Concurrent Start) (G1 Evacuation Pause)
[2025-01-09T01:50:43.840+0000][192314.206s][info][gc,task     ] GC(6981) Using 6 workers of 6 for evacuation
[2025-01-09T01:50:43.872+0000][192314.238s][info][gc,phases   ] GC(6981)   Pre Evacuate Collection Set: 1.2ms
[2025-01-09T01:50:43.872+0000][192314.238s][info][gc,phases   ] GC(6981)   Merge Heap Roots: 0.4ms
[2025-01-09T01:50:43.872+0000][192314.238s][info][gc,phases   ] GC(6981)   Evacuate Collection Set: 27.2ms
[2025-01-09T01:50:43.872+0000][192314.238s][info][gc,phases   ] GC(6981)   Post Evacuate Collection Set: 2.7ms
[2025-01-09T01:50:43.872+0000][192314.238s][info][gc,phases   ] GC(6981)   Other: 0.3ms
[2025-01-09T01:50:43.872+0000][192314.238s][info][gc,heap     ] GC(6981) Eden regions: 914->0(913)
[2025-01-09T01:50:43.872+0000][192314.238s][info][gc,heap     ] GC(6981) Survivor regions: 7->8(116)
[2025-01-09T01:50:43.872+0000][192314.238s][info][gc,heap     ] GC(6981) Old regions: 229->229
[2025-01-09T01:50:43.872+0000][192314.238s][info][gc,heap     ] GC(6981) Archive regions: 2->2
[2025-01-09T01:50:43.872+0000][192314.238s][info][gc,heap     ] GC(6981) Humongous regions: 49->49
[2025-01-09T01:50:43.872+0000][192314.238s][info][gc,metaspace] GC(6981) Metaspace: 524839K(534208K)->524839K(534208K) NonClass: 460874K(465472K)->460874K(465472K) Class: 63964K(68736K)->63964K(68736K)
[2025-01-09T01:50:43.872+0000][192314.238s][info][gc          ] GC(6981) Pause Young (Concurrent Start) (G1 Evacuation Pause) 9597M->2287M(12288M) 31.806ms
[2025-01-09T01:50:43.872+0000][192314.238s][info][gc,cpu      ] GC(6981) User=0.18s Sys=0.00s Real=0.04s
[2025-01-09T01:50:43.872+0000][192314.238s][info][gc          ] GC(6982) Concurrent Mark Cycle
[2025-01-09T01:50:43.872+0000][192314.238s][info][gc,marking  ] GC(6982) Concurrent Clear Claimed Marks
[2025-01-09T01:50:43.873+0000][192314.239s][info][gc,marking  ] GC(6982) Concurrent Clear Claimed Marks 0.967ms
[2025-01-09T01:50:43.873+0000][192314.239s][info][gc,marking  ] GC(6982) Concurrent Scan Root Regions
[2025-01-09T01:50:43.896+0000][192314.262s][info][gc,marking  ] GC(6982) Concurrent Scan Root Regions 22.661ms
[2025-01-09T01:50:43.896+0000][192314.262s][info][gc,marking  ] GC(6982) Concurrent Mark
[2025-01-09T01:50:43.896+0000][192314.262s][info][gc,marking  ] GC(6982) Concurrent Mark From Roots
[2025-01-09T01:50:43.896+0000][192314.262s][info][gc,task     ] GC(6982) Using 2 workers of 2 for marking
[2025-01-09T01:50:44.787+0000][192315.153s][info][gc,marking  ] GC(6982) Concurrent Mark From Roots 891.025ms
[2025-01-09T01:50:44.787+0000][192315.153s][info][gc,marking  ] GC(6982) Concurrent Preclean
[2025-01-09T01:50:44.791+0000][192315.157s][info][gc,marking  ] GC(6982) Concurrent Preclean 4.006ms
[2025-01-09T01:50:44.791+0000][192315.157s][info][gc,start    ] GC(6982) Pause Remark
[2025-01-09T01:50:44.819+0000][192315.185s][info][gc          ] GC(6982) Pause Remark 3395M->3395M(12288M) 27.721ms
[2025-01-09T01:50:44.819+0000][192315.185s][info][gc,cpu      ] GC(6982) User=0.16s Sys=0.00s Real=0.02s
[2025-01-09T01:50:44.819+0000][192315.185s][info][gc,marking  ] GC(6982) Concurrent Mark 923.129ms
[2025-01-09T01:50:44.819+0000][192315.185s][info][gc,marking  ] GC(6982) Concurrent Rebuild Remembered Sets
[2025-01-09T01:50:45.420+0000][192315.786s][info][gc,marking  ] GC(6982) Concurrent Rebuild Remembered Sets 600.852ms
[2025-01-09T01:50:45.420+0000][192315.786s][info][gc,start    ] GC(6982) Pause Cleanup
[2025-01-09T01:50:45.420+0000][192315.787s][info][gc          ] GC(6982) Pause Cleanup 4095M->4095M(12288M) 0.415ms
[2025-01-09T01:50:45.420+0000][192315.787s][info][gc,cpu      ] GC(6982) User=0.00s Sys=0.00s Real=0.00s
[2025-01-09T01:50:45.421+0000][192315.787s][info][gc,marking  ] GC(6982) Concurrent Cleanup for Next Mark
[2025-01-09T01:50:45.449+0000][192315.815s][info][gc,marking  ] GC(6982) Concurrent Cleanup for Next Mark 28.128ms
[2025-01-09T01:50:45.449+0000][192315.815s][info][gc          ] GC(6982) Concurrent Mark Cycle 1576.535ms
[2025-01-09T01:50:51.506+0000][192321.872s][info][gc,start    ] GC(6983) Pause Young (Prepare Mixed) (G1 Evacuation Pause)
[2025-01-09T01:50:51.506+0000][192321.872s][info][gc,task     ] GC(6983) Using 6 workers of 6 for evacuation
[2025-01-09T01:50:51.539+0000][192321.905s][info][gc,phases   ] GC(6983)   Pre Evacuate Collection Set: 0.2ms
[2025-01-09T01:50:51.539+0000][192321.905s][info][gc,phases   ] GC(6983)   Merge Heap Roots: 0.6ms
[2025-01-09T01:50:51.539+0000][192321.905s][info][gc,phases   ] GC(6983)   Evacuate Collection Set: 29.3ms
[2025-01-09T01:50:51.539+0000][192321.905s][info][gc,phases   ] GC(6983)   Post Evacuate Collection Set: 2.5ms
[2025-01-09T01:50:51.539+0000][192321.905s][info][gc,phases   ] GC(6983)   Other: 0.2ms
[2025-01-09T01:50:51.539+0000][192321.905s][info][gc,heap     ] GC(6983) Eden regions: 913->0(67)
[2025-01-09T01:50:51.539+0000][192321.905s][info][gc,heap     ] GC(6983) Survivor regions: 8->9(116)
[2025-01-09T01:50:51.539+0000][192321.905s][info][gc,heap     ] GC(6983) Old regions: 229->229
[2025-01-09T01:50:51.539+0000][192321.905s][info][gc,heap     ] GC(6983) Archive regions: 2->2
[2025-01-09T01:50:51.539+0000][192321.905s][info][gc,heap     ] GC(6983) Humongous regions: 49->49
[2025-01-09T01:50:51.539+0000][192321.905s][info][gc,metaspace] GC(6983) Metaspace: 524839K(534208K)->524839K(534208K) NonClass: 460874K(465472K)->460874K(465472K) Class: 63964K(68736K)->63964K(68736K)
[2025-01-09T01:50:51.539+0000][192321.905s][info][gc          ] GC(6983) Pause Young (Prepare Mixed) (G1 Evacuation Pause) 9591M->2297M(12288M) 32.945ms
[2025-01-09T01:50:51.539+0000][192321.905s][info][gc,cpu      ] GC(6983) User=0.20s Sys=0.00s Real=0.03s
[2025-01-09T01:50:51.803+0000][192322.169s][info][gc,start    ] GC(6984) Pause Young (Mixed) (G1 Evacuation Pause)
[2025-01-09T01:50:51.803+0000][192322.170s][info][gc,task     ] GC(6984) Using 6 workers of 6 for evacuation
[2025-01-09T01:50:51.852+0000][192322.218s][info][gc,phases   ] GC(6984)   Pre Evacuate Collection Set: 0.2ms
[2025-01-09T01:50:51.852+0000][192322.218s][info][gc,phases   ] GC(6984)   Merge Heap Roots: 0.4ms
[2025-01-09T01:50:51.852+0000][192322.218s][info][gc,phases   ] GC(6984)   Evacuate Collection Set: 46.0ms
[2025-01-09T01:50:51.852+0000][192322.218s][info][gc,phases   ] GC(6984)   Post Evacuate Collection Set: 1.8ms
[2025-01-09T01:50:51.852+0000][192322.218s][info][gc,phases   ] GC(6984)   Other: 0.2ms
[2025-01-09T01:50:51.852+0000][192322.218s][info][gc,heap     ] GC(6984) Eden regions: 67->0(916)
[2025-01-09T01:50:51.852+0000][192322.218s][info][gc,heap     ] GC(6984) Survivor regions: 9->5(10)
[2025-01-09T01:50:51.852+0000][192322.218s][info][gc,heap     ] GC(6984) Old regions: 229->229
[2025-01-09T01:50:51.852+0000][192322.218s][info][gc,heap     ] GC(6984) Archive regions: 2->2
[2025-01-09T01:50:51.852+0000][192322.218s][info][gc,heap     ] GC(6984) Humongous regions: 49->49
[2025-01-09T01:50:51.852+0000][192322.218s][info][gc,metaspace] GC(6984) Metaspace: 524839K(534208K)->524839K(534208K) NonClass: 460874K(465472K)->460874K(465472K) Class: 63964K(68736K)->63964K(68736K)
[2025-01-09T01:50:51.852+0000][192322.218s][info][gc          ] GC(6984) Pause Young (Mixed) (G1 Evacuation Pause) 2833M->2263M(12288M) 48.645ms
[2025-01-09T01:50:51.852+0000][192322.218s][info][gc,cpu      ] GC(6984) User=0.29s Sys=0.00s Real=0.05s
[2025-01-09T01:50:57.938+0000][192328.304s][info][gc,start    ] GC(6985) Pause Young (Normal) (G1 Evacuation Pause)
[2025-01-09T01:50:57.938+0000][192328.304s][info][gc,task     ] GC(6985) Using 6 workers of 6 for evacuation
[2025-01-09T01:50:57.964+0000][192328.330s][info][gc,phases   ] GC(6985)   Pre Evacuate Collection Set: 0.2ms
[2025-01-09T01:50:57.964+0000][192328.330s][info][gc,phases   ] GC(6985)   Merge Heap Roots: 0.4ms
[2025-01-09T01:50:57.964+0000][192328.330s][info][gc,phases   ] GC(6985)   Evacuate Collection Set: 23.2ms
[2025-01-09T01:50:57.964+0000][192328.331s][info][gc,phases   ] GC(6985)   Post Evacuate Collection Set: 2.4ms
[2025-01-09T01:50:57.964+0000][192328.331s][info][gc,phases   ] GC(6985)   Other: 0.2ms
[2025-01-09T01:50:57.964+0000][192328.331s][info][gc,heap     ] GC(6985) Eden regions: 916->0(914)
[2025-01-09T01:50:57.964+0000][192328.331s][info][gc,heap     ] GC(6985) Survivor regions: 5->7(116)
[2025-01-09T01:50:57.964+0000][192328.331s][info][gc,heap     ] GC(6985) Old regions: 229->229
[2025-01-09T01:50:57.964+0000][192328.331s][info][gc,heap     ] GC(6985) Archive regions: 2->2
[2025-01-09T01:50:57.964+0000][192328.331s][info][gc,heap     ] GC(6985) Humongous regions: 49->49
[2025-01-09T01:50:57.964+0000][192328.331s][info][gc,metaspace] GC(6985) Metaspace: 524839K(534208K)->524839K(534208K) NonClass: 460874K(465472K)->460874K(465472K) Class: 63964K(68736K)->63964K(68736K)
[2025-01-09T01:50:57.964+0000][192328.331s][info][gc          ] GC(6985) Pause Young (Normal) (G1 Evacuation Pause) 9591M->2274M(12288M) 26.518ms
[2025-01-09T01:50:57.965+0000][192328.331s][info][gc,cpu      ] GC(6985) User=0.16s Sys=0.00s Real=0.03s
[2025-01-09T01:51:06.378+0000][192336.744s][info][gc,start    ] GC(6986) Pause Young (Normal) (G1 Evacuation Pause)
[2025-01-09T01:51:06.378+0000][192336.744s][info][gc,task     ] GC(6986) Using 6 workers of 6 for evacuation
[2025-01-09T01:51:06.406+0000][192336.772s][info][gc,phases   ] GC(6986)   Pre Evacuate Collection Set: 0.2ms
[2025-01-09T01:51:06.406+0000][192336.772s][info][gc,phases   ] GC(6986)   Merge Heap Roots: 0.4ms
[2025-01-09T01:51:06.406+0000][192336.772s][info][gc,phases   ] GC(6986)   Evacuate Collection Set: 24.7ms
[2025-01-09T01:51:06.406+0000][192336.772s][info][gc,phases   ] GC(6986)   Post Evacuate Collection Set: 2.6ms
[2025-01-09T01:51:06.406+0000][192336.772s][info][gc,phases   ] GC(6986)   Other: 0.2ms
[2025-01-09T01:51:06.406+0000][192336.772s][info][gc,heap     ] GC(6986) Eden regions: 914->0(913)
[2025-01-09T01:51:06.406+0000][192336.772s][info][gc,heap     ] GC(6986) Survivor regions: 7->8(116)
[2025-01-09T01:51:06.406+0000][192336.772s][info][gc,heap     ] GC(6986) Old regions: 229->229
[2025-01-09T01:51:06.406+0000][192336.772s][info][gc,heap     ] GC(6986) Archive regions: 2->2
[2025-01-09T01:51:06.406+0000][192336.772s][info][gc,heap     ] GC(6986) Humongous regions: 49->49
[2025-01-09T01:51:06.406+0000][192336.772s][info][gc,metaspace] GC(6986) Metaspace: 524839K(534208K)->524839K(534208K) NonClass: 460874K(465472K)->460874K(465472K) Class: 63964K(68736K)->63964K(68736K)
[2025-01-09T01:51:06.406+0000][192336.772s][info][gc          ] GC(6986) Pause Young (Normal) (G1 Evacuation Pause) 9586M->2281M(12288M) 28.090ms
[2025-01-09T01:51:06.406+0000][192336.773s][info][gc,cpu      ] GC(6986) User=0.17s Sys=0.00s Real=0.03s
[2025-01-09T01:51:13.224+0000][192343.590s][info][gc,start    ] GC(6987) Pause Young (Concurrent Start) (G1 Evacuation Pause)
[2025-01-09T01:51:13.224+0000][192343.590s][info][gc,task     ] GC(6987) Using 6 workers of 6 for evacuation
[2025-01-09T01:51:13.258+0000][192343.624s][info][gc,phases   ] GC(6987)   Pre Evacuate Collection Set: 1.1ms
[2025-01-09T01:51:13.258+0000][192343.624s][info][gc,phases   ] GC(6987)   Merge Heap Roots: 0.4ms
[2025-01-09T01:51:13.258+0000][192343.624s][info][gc,phases   ] GC(6987)   Evacuate Collection Set: 28.9ms
[2025-01-09T01:51:13.258+0000][192343.624s][info][gc,phases   ] GC(6987)   Post Evacuate Collection Set: 3.8ms
[2025-01-09T01:51:13.258+0000][192343.624s][info][gc,phases   ] GC(6987)   Other: 0.3ms
[2025-01-09T01:51:13.258+0000][192343.624s][info][gc,heap     ] GC(6987) Eden regions: 913->0(911)
[2025-01-09T01:51:13.258+0000][192343.624s][info][gc,heap     ] GC(6987) Survivor regions: 8->10(116)
[2025-01-09T01:51:13.258+0000][192343.624s][info][gc,heap     ] GC(6987) Old regions: 229->229
[2025-01-09T01:51:13.258+0000][192343.624s][info][gc,heap     ] GC(6987) Archive regions: 2->2
[2025-01-09T01:51:13.258+0000][192343.624s][info][gc,heap     ] GC(6987) Humongous regions: 49->49
[2025-01-09T01:51:13.258+0000][192343.624s][info][gc,metaspace] GC(6987) Metaspace: 524839K(534208K)->524839K(534208K) NonClass: 460874K(465472K)->460874K(465472K) Class: 63964K(68736K)->63964K(68736K)
[2025-01-09T01:51:13.258+0000][192343.624s][info][gc          ] GC(6987) Pause Young (Concurrent Start) (G1 Evacuation Pause) 9585M->2297M(12288M) 34.658ms
[2025-01-09T01:51:13.258+0000][192343.624s][info][gc,cpu      ] GC(6987) User=0.20s Sys=0.00s Real=0.03s
[2025-01-09T01:51:13.258+0000][192343.624s][info][gc          ] GC(6988) Concurrent Mark Cycle
[2025-01-09T01:51:13.258+0000][192343.624s][info][gc,marking  ] GC(6988) Concurrent Clear Claimed Marks
[2025-01-09T01:51:13.259+0000][192343.625s][info][gc,marking  ] GC(6988) Concurrent Clear Claimed Marks 0.935ms
[2025-01-09T01:51:13.259+0000][192343.625s][info][gc,marking  ] GC(6988) Concurrent Scan Root Regions
[2025-01-09T01:51:13.283+0000][192343.649s][info][gc,marking  ] GC(6988) Concurrent Scan Root Regions 23.905ms
[2025-01-09T01:51:13.283+0000][192343.649s][info][gc,marking  ] GC(6988) Concurrent Mark
[2025-01-09T01:51:13.283+0000][192343.649s][info][gc,marking  ] GC(6988) Concurrent Mark From Roots
[2025-01-09T01:51:13.283+0000][192343.649s][info][gc,task     ] GC(6988) Using 2 workers of 2 for marking
[2025-01-09T01:51:14.015+0000][192344.381s][info][gc,marking  ] GC(6988) Concurrent Mark From Roots 732.067ms
[2025-01-09T01:51:14.015+0000][192344.381s][info][gc,marking  ] GC(6988) Concurrent Preclean
[2025-01-09T01:51:14.018+0000][192344.384s][info][gc,marking  ] GC(6988) Concurrent Preclean 2.816ms
[2025-01-09T01:51:14.018+0000][192344.384s][info][gc,start    ] GC(6988) Pause Remark
[2025-01-09T01:51:14.044+0000][192344.410s][info][gc          ] GC(6988) Pause Remark 2889M->2889M(12288M) 25.298ms
[2025-01-09T01:51:14.044+0000][192344.410s][info][gc,cpu      ] GC(6988) User=0.14s Sys=0.00s Real=0.03s
[2025-01-09T01:51:14.044+0000][192344.410s][info][gc,marking  ] GC(6988) Concurrent Mark 760.496ms
[2025-01-09T01:51:14.044+0000][192344.410s][info][gc,marking  ] GC(6988) Concurrent Rebuild Remembered Sets
[2025-01-09T01:51:14.525+0000][192344.891s][info][gc,marking  ] GC(6988) Concurrent Rebuild Remembered Sets 481.619ms
[2025-01-09T01:51:14.526+0000][192344.892s][info][gc,start    ] GC(6988) Pause Cleanup
[2025-01-09T01:51:14.526+0000][192344.892s][info][gc          ] GC(6988) Pause Cleanup 3271M->3271M(12288M) 0.419ms
[2025-01-09T01:51:14.526+0000][192344.892s][info][gc,cpu      ] GC(6988) User=0.00s Sys=0.00s Real=0.00s
