[2024-08-15T12:28:24.059+0000][0.004s][info][gc] Using G1
[2024-08-15T12:28:24.088+0000][0.032s][info][gc,init] Version: 17.0.12+7 (release)
[2024-08-15T12:28:24.088+0000][0.032s][info][gc,init] CPUs: 8 total, 6 available
[2024-08-15T12:28:24.088+0000][0.032s][info][gc,init] Memory: 30734M
[2024-08-15T12:28:24.088+0000][0.032s][info][gc,init] Large Page Support: Disabled
[2024-08-15T12:28:24.088+0000][0.032s][info][gc,init] NUMA Support: Disabled
[2024-08-15T12:28:24.088+0000][0.032s][info][gc,init] Compressed Oops: Enabled (Zero based)
[2024-08-15T12:28:24.088+0000][0.032s][info][gc,init] Heap Region Size: 8M
[2024-08-15T12:28:24.088+0000][0.032s][info][gc,init] Heap Min Capacity: 12G
[2024-08-15T12:28:24.088+0000][0.032s][info][gc,init] Heap Initial Capacity: 12G
[2024-08-15T12:28:24.088+0000][0.032s][info][gc,init] Heap Max Capacity: 12G
[2024-08-15T12:28:24.088+0000][0.032s][info][gc,init] Pre-touch: Disabled
[2024-08-15T12:28:24.088+0000][0.032s][info][gc,init] Parallel Workers: 6
[2024-08-15T12:28:24.088+0000][0.032s][info][gc,init] Concurrent Workers: 2
[2024-08-15T12:28:24.088+0000][0.032s][info][gc,init] Concurrent Refinement Workers: 6
[2024-08-15T12:28:24.088+0000][0.032s][info][gc,init] Periodic GC: Disabled
[2024-08-15T12:28:24.095+0000][0.039s][info][gc,metaspace] CDS archive(s) mapped at: [0x00007fad67000000-0x00007fad67bc9000-0x00007fad67bc9000), size 12357632, SharedBaseAddress: 0x00007fad67000000, ArchiveRelocationMode: 1.
[2024-08-15T12:28:24.095+0000][0.039s][info][gc,metaspace] Compressed class space mapped at: 0x00007fad68000000-0x00007fada8000000, reserved size: 1073741824
[2024-08-15T12:28:24.095+0000][0.039s][info][gc,metaspace] Narrow klass base: 0x00007fad67000000, Narrow klass shift: 0, Narrow klass range: 0x100000000
[2024-08-15T12:28:25.895+0000][1.840s][info][gc,start    ] GC(0) Pause Young (Normal) (G1 Evacuation Pause)
[2024-08-15T12:28:25.896+0000][1.840s][info][gc,task     ] GC(0) Using 6 workers of 6 for evacuation
[2024-08-15T12:28:25.907+0000][1.852s][info][gc,phases   ] GC(0)   Pre Evacuate Collection Set: 0.1ms
[2024-08-15T12:28:25.907+0000][1.852s][info][gc,phases   ] GC(0)   Merge Heap Roots: 0.2ms
[2024-08-15T12:28:25.907+0000][1.852s][info][gc,phases   ] GC(0)   Evacuate Collection Set: 10.2ms
[2024-08-15T12:28:25.907+0000][1.852s][info][gc,phases   ] GC(0)   Post Evacuate Collection Set: 1.0ms
[2024-08-15T12:28:25.907+0000][1.852s][info][gc,phases   ] GC(0)   Other: 0.5ms
[2024-08-15T12:28:25.907+0000][1.852s][info][gc,heap     ] GC(0) Eden regions: 76->0(72)
[2024-08-15T12:28:25.907+0000][1.852s][info][gc,heap     ] GC(0) Survivor regions: 0->4(10)
[2024-08-15T12:28:25.907+0000][1.852s][info][gc,heap     ] GC(0) Old regions: 0->0
[2024-08-15T12:28:25.907+0000][1.852s][info][gc,heap     ] GC(0) Archive regions: 2->2
[2024-08-15T12:28:25.907+0000][1.852s][info][gc,heap     ] GC(0) Humongous regions: 0->0
[2024-08-15T12:28:25.907+0000][1.852s][info][gc,metaspace] GC(0) Metaspace: 15048K(15360K)->15048K(15360K) NonClass: 13369K(13568K)->13369K(13568K) Class: 1679K(1792K)->1679K(1792K)
[2024-08-15T12:28:25.907+0000][1.852s][info][gc          ] GC(0) Pause Young (Normal) (G1 Evacuation Pause) 612M->34M(12288M) 12.001ms
[2024-08-15T12:28:25.907+0000][1.852s][info][gc,cpu      ] GC(0) User=0.05s Sys=0.02s Real=0.01s
[2024-08-15T12:28:26.166+0000][2.111s][info][gc,start    ] GC(1) Pause Young (Concurrent Start) (GCLocker Initiated GC)
[2024-08-15T12:28:26.166+0000][2.111s][info][gc,task     ] GC(1) Using 6 workers of 6 for evacuation
[2024-08-15T12:28:26.175+0000][2.120s][info][gc,phases   ] GC(1)   Pre Evacuate Collection Set: 0.1ms
[2024-08-15T12:28:26.175+0000][2.120s][info][gc,phases   ] GC(1)   Merge Heap Roots: 0.1ms
[2024-08-15T12:28:26.175+0000][2.120s][info][gc,phases   ] GC(1)   Evacuate Collection Set: 7.6ms
[2024-08-15T12:28:26.175+0000][2.120s][info][gc,phases   ] GC(1)   Post Evacuate Collection Set: 0.9ms
[2024-08-15T12:28:26.175+0000][2.120s][info][gc,phases   ] GC(1)   Other: 0.2ms
[2024-08-15T12:28:26.175+0000][2.120s][info][gc,heap     ] GC(1) Eden regions: 12->0(72)
[2024-08-15T12:28:26.175+0000][2.120s][info][gc,heap     ] GC(1) Survivor regions: 4->4(10)
[2024-08-15T12:28:26.175+0000][2.120s][info][gc,heap     ] GC(1) Old regions: 0->0
[2024-08-15T12:28:26.175+0000][2.120s][info][gc,heap     ] GC(1) Archive regions: 2->2
[2024-08-15T12:28:26.175+0000][2.120s][info][gc,heap     ] GC(1) Humongous regions: 0->0
[2024-08-15T12:28:26.175+0000][2.120s][info][gc,metaspace] GC(1) Metaspace: 21214K(21568K)->21214K(21568K) NonClass: 18744K(18944K)->18744K(18944K) Class: 2469K(2624K)->2469K(2624K)
[2024-08-15T12:28:26.175+0000][2.120s][info][gc          ] GC(1) Pause Young (Concurrent Start) (GCLocker Initiated GC) 130M->36M(12288M) 8.916ms
[2024-08-15T12:28:26.175+0000][2.120s][info][gc,cpu      ] GC(1) User=0.06s Sys=0.00s Real=0.01s
[2024-08-15T12:28:26.175+0000][2.120s][info][gc          ] GC(2) Concurrent Mark Cycle
[2024-08-15T12:28:26.175+0000][2.120s][info][gc,marking  ] GC(2) Concurrent Clear Claimed Marks
[2024-08-15T12:28:26.175+0000][2.120s][info][gc,marking  ] GC(2) Concurrent Clear Claimed Marks 0.018ms
[2024-08-15T12:28:26.175+0000][2.120s][info][gc,marking  ] GC(2) Concurrent Scan Root Regions
[2024-08-15T12:28:26.181+0000][2.126s][info][gc,marking  ] GC(2) Concurrent Scan Root Regions 5.606ms
[2024-08-15T12:28:26.181+0000][2.126s][info][gc,marking  ] GC(2) Concurrent Mark
[2024-08-15T12:28:26.181+0000][2.126s][info][gc,marking  ] GC(2) Concurrent Mark From Roots
[2024-08-15T12:28:26.181+0000][2.126s][info][gc,task     ] GC(2) Using 2 workers of 2 for marking
[2024-08-15T12:28:26.183+0000][2.127s][info][gc,marking  ] GC(2) Concurrent Mark From Roots 1.747ms
[2024-08-15T12:28:26.183+0000][2.127s][info][gc,marking  ] GC(2) Concurrent Preclean
[2024-08-15T12:28:26.183+0000][2.127s][info][gc,marking  ] GC(2) Concurrent Preclean 0.071ms
[2024-08-15T12:28:26.183+0000][2.128s][info][gc,start    ] GC(2) Pause Remark
[2024-08-15T12:28:26.185+0000][2.129s][info][gc          ] GC(2) Pause Remark 44M->44M(12288M) 1.668ms
[2024-08-15T12:28:26.185+0000][2.129s][info][gc,cpu      ] GC(2) User=0.01s Sys=0.00s Real=0.01s
[2024-08-15T12:28:26.185+0000][2.129s][info][gc,marking  ] GC(2) Concurrent Mark 3.673ms
[2024-08-15T12:28:26.185+0000][2.129s][info][gc,marking  ] GC(2) Concurrent Rebuild Remembered Sets
[2024-08-15T12:28:26.185+0000][2.129s][info][gc,marking  ] GC(2) Concurrent Rebuild Remembered Sets 0.004ms
[2024-08-15T12:28:26.185+0000][2.129s][info][gc,start    ] GC(2) Pause Cleanup
[2024-08-15T12:28:26.185+0000][2.129s][info][gc          ] GC(2) Pause Cleanup 44M->44M(12288M) 0.010ms
[2024-08-15T12:28:26.185+0000][2.129s][info][gc,cpu      ] GC(2) User=0.00s Sys=0.00s Real=0.00s
[2024-08-15T12:28:26.185+0000][2.129s][info][gc,marking  ] GC(2) Concurrent Cleanup for Next Mark
[2024-08-15T12:28:26.250+0000][2.194s][info][gc,marking  ] GC(2) Concurrent Cleanup for Next Mark 64.963ms
[2024-08-15T12:28:26.250+0000][2.194s][info][gc          ] GC(2) Concurrent Mark Cycle 74.571ms
[2024-08-15T12:28:26.933+0000][2.878s][info][gc,start    ] GC(3) Pause Young (Concurrent Start) (Metadata GC Threshold)
[2024-08-15T12:28:26.933+0000][2.878s][info][gc,task     ] GC(3) Using 6 workers of 6 for evacuation
[2024-08-15T12:28:26.945+0000][2.889s][info][gc,phases   ] GC(3)   Pre Evacuate Collection Set: 0.1ms
[2024-08-15T12:28:26.945+0000][2.890s][info][gc,phases   ] GC(3)   Merge Heap Roots: 0.1ms
[2024-08-15T12:28:26.945+0000][2.890s][info][gc,phases   ] GC(3)   Evacuate Collection Set: 10.2ms
[2024-08-15T12:28:26.945+0000][2.890s][info][gc,phases   ] GC(3)   Post Evacuate Collection Set: 0.9ms
[2024-08-15T12:28:26.945+0000][2.890s][info][gc,phases   ] GC(3)   Other: 0.2ms
[2024-08-15T12:28:26.945+0000][2.890s][info][gc,heap     ] GC(3) Eden regions: 33->0(70)
[2024-08-15T12:28:26.945+0000][2.890s][info][gc,heap     ] GC(3) Survivor regions: 4->6(10)
[2024-08-15T12:28:26.945+0000][2.890s][info][gc,heap     ] GC(3) Old regions: 0->0
[2024-08-15T12:28:26.945+0000][2.890s][info][gc,heap     ] GC(3) Archive regions: 2->2
[2024-08-15T12:28:26.945+0000][2.890s][info][gc,heap     ] GC(3) Humongous regions: 0->0
[2024-08-15T12:28:26.945+0000][2.890s][info][gc,metaspace] GC(3) Metaspace: 35785K(36096K)->35785K(36096K) NonClass: 31475K(31680K)->31475K(31680K) Class: 4310K(4416K)->4310K(4416K)
[2024-08-15T12:28:26.945+0000][2.890s][info][gc          ] GC(3) Pause Young (Concurrent Start) (Metadata GC Threshold) 300M->45M(12288M) 11.520ms
[2024-08-15T12:28:26.945+0000][2.890s][info][gc,cpu      ] GC(3) User=0.06s Sys=0.00s Real=0.02s
[2024-08-15T12:28:26.945+0000][2.890s][info][gc          ] GC(4) Concurrent Mark Cycle
[2024-08-15T12:28:26.945+0000][2.890s][info][gc,marking  ] GC(4) Concurrent Clear Claimed Marks
[2024-08-15T12:28:26.945+0000][2.890s][info][gc,marking  ] GC(4) Concurrent Clear Claimed Marks 0.024ms
[2024-08-15T12:28:26.945+0000][2.890s][info][gc,marking  ] GC(4) Concurrent Scan Root Regions
[2024-08-15T12:28:26.951+0000][2.896s][info][gc,marking  ] GC(4) Concurrent Scan Root Regions 6.104ms
[2024-08-15T12:28:26.951+0000][2.896s][info][gc,marking  ] GC(4) Concurrent Mark
[2024-08-15T12:28:26.951+0000][2.896s][info][gc,marking  ] GC(4) Concurrent Mark From Roots
[2024-08-15T12:28:26.951+0000][2.896s][info][gc,task     ] GC(4) Using 2 workers of 2 for marking
[2024-08-15T12:28:26.953+0000][2.898s][info][gc,marking  ] GC(4) Concurrent Mark From Roots 1.870ms
[2024-08-15T12:28:26.953+0000][2.898s][info][gc,marking  ] GC(4) Concurrent Preclean
[2024-08-15T12:28:26.953+0000][2.898s][info][gc,marking  ] GC(4) Concurrent Preclean 0.091ms
[2024-08-15T12:28:26.953+0000][2.898s][info][gc,start    ] GC(4) Pause Remark
[2024-08-15T12:28:26.955+0000][2.899s][info][gc          ] GC(4) Pause Remark 49M->49M(12288M) 1.534ms
[2024-08-15T12:28:26.955+0000][2.899s][info][gc,cpu      ] GC(4) User=0.01s Sys=0.00s Real=0.00s
[2024-08-15T12:28:26.955+0000][2.900s][info][gc,marking  ] GC(4) Concurrent Mark 3.704ms
[2024-08-15T12:28:26.955+0000][2.900s][info][gc,marking  ] GC(4) Concurrent Rebuild Remembered Sets
[2024-08-15T12:28:26.955+0000][2.900s][info][gc,marking  ] GC(4) Concurrent Rebuild Remembered Sets 0.008ms
[2024-08-15T12:28:26.955+0000][2.900s][info][gc,start    ] GC(4) Pause Cleanup
[2024-08-15T12:28:26.955+0000][2.900s][info][gc          ] GC(4) Pause Cleanup 49M->49M(12288M) 0.009ms
[2024-08-15T12:28:26.955+0000][2.900s][info][gc,cpu      ] GC(4) User=0.00s Sys=0.00s Real=0.00s
[2024-08-15T12:28:26.955+0000][2.900s][info][gc,marking  ] GC(4) Concurrent Cleanup for Next Mark
[2024-08-15T12:28:27.020+0000][2.965s][info][gc,marking  ] GC(4) Concurrent Cleanup for Next Mark 64.958ms
[2024-08-15T12:28:27.020+0000][2.965s][info][gc          ] GC(4) Concurrent Mark Cycle 75.053ms
[2024-08-15T12:28:28.766+0000][4.711s][info][gc,start    ] GC(5) Pause Young (Normal) (G1 Evacuation Pause)
[2024-08-15T12:28:28.766+0000][4.711s][info][gc,task     ] GC(5) Using 6 workers of 6 for evacuation
[2024-08-15T12:28:28.784+0000][4.729s][info][gc,phases   ] GC(5)   Pre Evacuate Collection Set: 0.1ms
[2024-08-15T12:28:28.784+0000][4.729s][info][gc,phases   ] GC(5)   Merge Heap Roots: 0.1ms
[2024-08-15T12:28:28.784+0000][4.729s][info][gc,phases   ] GC(5)   Evacuate Collection Set: 15.9ms
[2024-08-15T12:28:28.784+0000][4.729s][info][gc,phases   ] GC(5)   Post Evacuate Collection Set: 1.4ms
[2024-08-15T12:28:28.784+0000][4.729s][info][gc,phases   ] GC(5)   Other: 0.1ms
[2024-08-15T12:28:28.784+0000][4.729s][info][gc,heap     ] GC(5) Eden regions: 70->0(70)
[2024-08-15T12:28:28.784+0000][4.729s][info][gc,heap     ] GC(5) Survivor regions: 6->6(10)
[2024-08-15T12:28:28.784+0000][4.729s][info][gc,heap     ] GC(5) Old regions: 0->0
[2024-08-15T12:28:28.784+0000][4.729s][info][gc,heap     ] GC(5) Archive regions: 2->2
[2024-08-15T12:28:28.784+0000][4.729s][info][gc,heap     ] GC(5) Humongous regions: 0->0
[2024-08-15T12:28:28.784+0000][4.729s][info][gc,metaspace] GC(5) Metaspace: 49962K(50368K)->49962K(50368K) NonClass: 43879K(44096K)->43879K(44096K) Class: 6083K(6272K)->6083K(6272K)
[2024-08-15T12:28:28.784+0000][4.729s][info][gc          ] GC(5) Pause Young (Normal) (G1 Evacuation Pause) 605M->52M(12288M) 17.718ms
[2024-08-15T12:28:28.784+0000][4.729s][info][gc,cpu      ] GC(5) User=0.13s Sys=0.01s Real=0.02s
[2024-08-15T12:28:29.832+0000][5.777s][info][gc,start    ] GC(6) Pause Young (Concurrent Start) (Metadata GC Threshold)
[2024-08-15T12:28:29.832+0000][5.777s][info][gc,task     ] GC(6) Using 6 workers of 6 for evacuation
[2024-08-15T12:28:29.854+0000][5.798s][info][gc,phases   ] GC(6)   Pre Evacuate Collection Set: 0.1ms
[2024-08-15T12:28:29.854+0000][5.798s][info][gc,phases   ] GC(6)   Merge Heap Roots: 0.1ms
[2024-08-15T12:28:29.854+0000][5.798s][info][gc,phases   ] GC(6)   Evacuate Collection Set: 19.7ms
[2024-08-15T12:28:29.854+0000][5.798s][info][gc,phases   ] GC(6)   Post Evacuate Collection Set: 1.2ms
[2024-08-15T12:28:29.854+0000][5.798s][info][gc,phases   ] GC(6)   Other: 0.2ms
[2024-08-15T12:28:29.854+0000][5.798s][info][gc,heap     ] GC(6) Eden regions: 40->0(72)
[2024-08-15T12:28:29.854+0000][5.798s][info][gc,heap     ] GC(6) Survivor regions: 6->4(10)
[2024-08-15T12:28:29.854+0000][5.798s][info][gc,heap     ] GC(6) Old regions: 0->4
[2024-08-15T12:28:29.854+0000][5.798s][info][gc,heap     ] GC(6) Archive regions: 2->2
[2024-08-15T12:28:29.854+0000][5.798s][info][gc,heap     ] GC(6) Humongous regions: 0->0
[2024-08-15T12:28:29.854+0000][5.798s][info][gc,metaspace] GC(6) Metaspace: 60095K(60416K)->60095K(60416K) NonClass: 52244K(52416K)->52244K(52416K) Class: 7851K(8000K)->7851K(8000K)
[2024-08-15T12:28:29.854+0000][5.798s][info][gc          ] GC(6) Pause Young (Concurrent Start) (Metadata GC Threshold) 368M->60M(12288M) 21.365ms
[2024-08-15T12:28:29.854+0000][5.798s][info][gc,cpu      ] GC(6) User=0.10s Sys=0.03s Real=0.02s
[2024-08-15T12:28:29.854+0000][5.798s][info][gc          ] GC(7) Concurrent Mark Cycle
[2024-08-15T12:28:29.854+0000][5.798s][info][gc,marking  ] GC(7) Concurrent Clear Claimed Marks
[2024-08-15T12:28:29.854+0000][5.799s][info][gc,marking  ] GC(7) Concurrent Clear Claimed Marks 0.036ms
[2024-08-15T12:28:29.854+0000][5.799s][info][gc,marking  ] GC(7) Concurrent Scan Root Regions
[2024-08-15T12:28:29.865+0000][5.809s][info][gc,marking  ] GC(7) Concurrent Scan Root Regions 10.944ms
[2024-08-15T12:28:29.865+0000][5.810s][info][gc,marking  ] GC(7) Concurrent Mark
[2024-08-15T12:28:29.865+0000][5.810s][info][gc,marking  ] GC(7) Concurrent Mark From Roots
[2024-08-15T12:28:29.865+0000][5.810s][info][gc,task     ] GC(7) Using 2 workers of 2 for marking
[2024-08-15T12:28:29.867+0000][5.811s][info][gc,marking  ] GC(7) Concurrent Mark From Roots 1.770ms
[2024-08-15T12:28:29.867+0000][5.811s][info][gc,marking  ] GC(7) Concurrent Preclean
[2024-08-15T12:28:29.867+0000][5.811s][info][gc,marking  ] GC(7) Concurrent Preclean 0.089ms
[2024-08-15T12:28:29.867+0000][5.812s][info][gc,start    ] GC(7) Pause Remark
[2024-08-15T12:28:29.870+0000][5.815s][info][gc          ] GC(7) Pause Remark 64M->64M(12288M) 3.459ms
[2024-08-15T12:28:29.870+0000][5.815s][info][gc,cpu      ] GC(7) User=0.02s Sys=0.01s Real=0.00s
[2024-08-15T12:28:29.870+0000][5.815s][info][gc,marking  ] GC(7) Concurrent Mark 5.535ms
[2024-08-15T12:28:29.870+0000][5.815s][info][gc,marking  ] GC(7) Concurrent Rebuild Remembered Sets
[2024-08-15T12:28:29.877+0000][5.822s][info][gc,marking  ] GC(7) Concurrent Rebuild Remembered Sets 6.960ms
[2024-08-15T12:28:29.878+0000][5.822s][info][gc,start    ] GC(7) Pause Cleanup
[2024-08-15T12:28:29.878+0000][5.822s][info][gc          ] GC(7) Pause Cleanup 64M->64M(12288M) 0.153ms
[2024-08-15T12:28:29.878+0000][5.822s][info][gc,cpu      ] GC(7) User=0.01s Sys=0.00s Real=0.00s
[2024-08-15T12:28:29.878+0000][5.822s][info][gc,marking  ] GC(7) Concurrent Cleanup for Next Mark
[2024-08-15T12:28:29.906+0000][5.850s][info][gc,marking  ] GC(7) Concurrent Cleanup for Next Mark 27.940ms
[2024-08-15T12:28:29.906+0000][5.850s][info][gc          ] GC(7) Concurrent Mark Cycle 51.885ms
[2024-08-15T12:28:32.414+0000][8.358s][info][gc,start    ] GC(8) Pause Young (Normal) (G1 Evacuation Pause)
[2024-08-15T12:28:32.414+0000][8.358s][info][gc,task     ] GC(8) Using 6 workers of 6 for evacuation
[2024-08-15T12:28:32.426+0000][8.371s][info][gc,phases   ] GC(8)   Pre Evacuate Collection Set: 0.1ms
[2024-08-15T12:28:32.426+0000][8.371s][info][gc,phases   ] GC(8)   Merge Heap Roots: 0.1ms
[2024-08-15T12:28:32.426+0000][8.371s][info][gc,phases   ] GC(8)   Evacuate Collection Set: 11.3ms
[2024-08-15T12:28:32.426+0000][8.371s][info][gc,phases   ] GC(8)   Post Evacuate Collection Set: 1.0ms
[2024-08-15T12:28:32.426+0000][8.371s][info][gc,phases   ] GC(8)   Other: 0.1ms
[2024-08-15T12:28:32.426+0000][8.371s][info][gc,heap     ] GC(8) Eden regions: 72->0(79)
[2024-08-15T12:28:32.426+0000][8.371s][info][gc,heap     ] GC(8) Survivor regions: 4->4(10)
[2024-08-15T12:28:32.426+0000][8.371s][info][gc,heap     ] GC(8) Old regions: 4->4
[2024-08-15T12:28:32.426+0000][8.371s][info][gc,heap     ] GC(8) Archive regions: 2->2
[2024-08-15T12:28:32.426+0000][8.371s][info][gc,heap     ] GC(8) Humongous regions: 0->0
[2024-08-15T12:28:32.426+0000][8.371s][info][gc,metaspace] GC(8) Metaspace: 77975K(78336K)->77975K(78336K) NonClass: 67531K(67712K)->67531K(67712K) Class: 10444K(10624K)->10444K(10624K)
[2024-08-15T12:28:32.426+0000][8.371s][info][gc          ] GC(8) Pause Young (Normal) (G1 Evacuation Pause) 636M->65M(12288M) 12.714ms
[2024-08-15T12:28:32.426+0000][8.371s][info][gc,cpu      ] GC(8) User=0.07s Sys=0.00s Real=0.02s
[2024-08-15T12:28:39.954+0000][15.898s][info][gc,start    ] GC(9) Pause Young (Normal) (G1 Evacuation Pause)
[2024-08-15T12:28:39.954+0000][15.898s][info][gc,task     ] GC(9) Using 6 workers of 6 for evacuation
[2024-08-15T12:28:39.976+0000][15.921s][info][gc,phases   ] GC(9)   Pre Evacuate Collection Set: 0.2ms
[2024-08-15T12:28:39.976+0000][15.921s][info][gc,phases   ] GC(9)   Merge Heap Roots: 0.1ms
[2024-08-15T12:28:39.976+0000][15.921s][info][gc,phases   ] GC(9)   Evacuate Collection Set: 20.7ms
[2024-08-15T12:28:39.976+0000][15.921s][info][gc,phases   ] GC(9)   Post Evacuate Collection Set: 1.6ms
[2024-08-15T12:28:39.976+0000][15.921s][info][gc,phases   ] GC(9)   Other: 0.1ms
[2024-08-15T12:28:39.976+0000][15.921s][info][gc,heap     ] GC(9) Eden regions: 79->0(150)
[2024-08-15T12:28:39.976+0000][15.921s][info][gc,heap     ] GC(9) Survivor regions: 4->6(11)
[2024-08-15T12:28:39.976+0000][15.921s][info][gc,heap     ] GC(9) Old regions: 4->4
[2024-08-15T12:28:39.976+0000][15.921s][info][gc,heap     ] GC(9) Archive regions: 2->2
[2024-08-15T12:28:39.976+0000][15.921s][info][gc,heap     ] GC(9) Humongous regions: 0->0
[2024-08-15T12:28:39.976+0000][15.921s][info][gc,metaspace] GC(9) Metaspace: 96873K(97280K)->96873K(97280K) NonClass: 83998K(84224K)->83998K(84224K) Class: 12875K(13056K)->12875K(13056K)
[2024-08-15T12:28:39.976+0000][15.921s][info][gc          ] GC(9) Pause Young (Normal) (G1 Evacuation Pause) 697M->78M(12288M) 22.797ms
[2024-08-15T12:28:39.976+0000][15.921s][info][gc,cpu      ] GC(9) User=0.13s Sys=0.01s Real=0.03s
[2024-08-15T12:28:40.509+0000][16.454s][info][gc,start    ] GC(10) Pause Young (Concurrent Start) (Metadata GC Threshold)
[2024-08-15T12:28:40.509+0000][16.454s][info][gc,task     ] GC(10) Using 6 workers of 6 for evacuation
[2024-08-15T12:28:40.530+0000][16.474s][info][gc,phases   ] GC(10)   Pre Evacuate Collection Set: 0.2ms
[2024-08-15T12:28:40.530+0000][16.474s][info][gc,phases   ] GC(10)   Merge Heap Roots: 0.1ms
[2024-08-15T12:28:40.530+0000][16.474s][info][gc,phases   ] GC(10)   Evacuate Collection Set: 19.3ms
[2024-08-15T12:28:40.530+0000][16.474s][info][gc,phases   ] GC(10)   Post Evacuate Collection Set: 1.1ms
[2024-08-15T12:28:40.530+0000][16.474s][info][gc,phases   ] GC(10)   Other: 0.2ms
[2024-08-15T12:28:40.530+0000][16.474s][info][gc,heap     ] GC(10) Eden regions: 22->0(346)
[2024-08-15T12:28:40.530+0000][16.474s][info][gc,heap     ] GC(10) Survivor regions: 6->6(20)
[2024-08-15T12:28:40.530+0000][16.474s][info][gc,heap     ] GC(10) Old regions: 4->4
[2024-08-15T12:28:40.530+0000][16.474s][info][gc,heap     ] GC(10) Archive regions: 2->2
[2024-08-15T12:28:40.530+0000][16.474s][info][gc,heap     ] GC(10) Humongous regions: 0->0
[2024-08-15T12:28:40.530+0000][16.474s][info][gc,metaspace] GC(10) Metaspace: 100426K(100800K)->100426K(100800K) NonClass: 87166K(87360K)->87166K(87360K) Class: 13259K(13440K)->13259K(13440K)
[2024-08-15T12:28:40.530+0000][16.475s][info][gc          ] GC(10) Pause Young (Concurrent Start) (Metadata GC Threshold) 250M->81M(12288M) 20.921ms
[2024-08-15T12:28:40.530+0000][16.475s][info][gc,cpu      ] GC(10) User=0.15s Sys=0.00s Real=0.02s
[2024-08-15T12:28:40.530+0000][16.475s][info][gc          ] GC(11) Concurrent Mark Cycle
[2024-08-15T12:28:40.530+0000][16.475s][info][gc,marking  ] GC(11) Concurrent Clear Claimed Marks
[2024-08-15T12:28:40.530+0000][16.475s][info][gc,marking  ] GC(11) Concurrent Clear Claimed Marks 0.042ms
[2024-08-15T12:28:40.530+0000][16.475s][info][gc,marking  ] GC(11) Concurrent Scan Root Regions
[2024-08-15T12:28:40.544+0000][16.489s][info][gc,marking  ] GC(11) Concurrent Scan Root Regions 14.343ms
[2024-08-15T12:28:40.544+0000][16.489s][info][gc,marking  ] GC(11) Concurrent Mark
[2024-08-15T12:28:40.544+0000][16.489s][info][gc,marking  ] GC(11) Concurrent Mark From Roots
[2024-08-15T12:28:40.544+0000][16.489s][info][gc,task     ] GC(11) Using 2 workers of 2 for marking
[2024-08-15T12:28:40.563+0000][16.508s][info][gc,marking  ] GC(11) Concurrent Mark From Roots 18.987ms
[2024-08-15T12:28:40.563+0000][16.508s][info][gc,marking  ] GC(11) Concurrent Preclean
[2024-08-15T12:28:40.564+0000][16.508s][info][gc,marking  ] GC(11) Concurrent Preclean 0.181ms
[2024-08-15T12:28:40.564+0000][16.508s][info][gc,start    ] GC(11) Pause Remark
[2024-08-15T12:28:40.568+0000][16.513s][info][gc          ] GC(11) Pause Remark 93M->93M(12288M) 4.418ms
[2024-08-15T12:28:40.568+0000][16.513s][info][gc,cpu      ] GC(11) User=0.03s Sys=0.00s Real=0.00s
[2024-08-15T12:28:40.568+0000][16.513s][info][gc,marking  ] GC(11) Concurrent Mark 23.823ms
[2024-08-15T12:28:40.568+0000][16.513s][info][gc,marking  ] GC(11) Concurrent Rebuild Remembered Sets
[2024-08-15T12:28:40.577+0000][16.521s][info][gc,marking  ] GC(11) Concurrent Rebuild Remembered Sets 8.592ms
[2024-08-15T12:28:40.577+0000][16.522s][info][gc,start    ] GC(11) Pause Cleanup
[2024-08-15T12:28:40.577+0000][16.522s][info][gc          ] GC(11) Pause Cleanup 93M->93M(12288M) 0.173ms
[2024-08-15T12:28:40.577+0000][16.522s][info][gc,cpu      ] GC(11) User=0.00s Sys=0.00s Real=0.00s
[2024-08-15T12:28:40.577+0000][16.522s][info][gc,marking  ] GC(11) Concurrent Cleanup for Next Mark
[2024-08-15T12:28:40.593+0000][16.537s][info][gc,marking  ] GC(11) Concurrent Cleanup for Next Mark 15.668ms
[2024-08-15T12:28:40.593+0000][16.538s][info][gc          ] GC(11) Concurrent Mark Cycle 62.923ms
[2024-08-15T12:28:56.352+0000][32.297s][info][gc,start    ] GC(12) Pause Young (Normal) (G1 Evacuation Pause)
[2024-08-15T12:28:56.352+0000][32.297s][info][gc,task     ] GC(12) Using 6 workers of 6 for evacuation
[2024-08-15T12:28:56.425+0000][32.369s][info][gc,phases   ] GC(12)   Pre Evacuate Collection Set: 0.1ms
[2024-08-15T12:28:56.425+0000][32.369s][info][gc,phases   ] GC(12)   Merge Heap Roots: 0.1ms
[2024-08-15T12:28:56.425+0000][32.369s][info][gc,phases   ] GC(12)   Evacuate Collection Set: 68.1ms
[2024-08-15T12:28:56.425+0000][32.369s][info][gc,phases   ] GC(12)   Post Evacuate Collection Set: 3.5ms
[2024-08-15T12:28:56.425+0000][32.369s][info][gc,phases   ] GC(12)   Other: 0.2ms
[2024-08-15T12:28:56.425+0000][32.369s][info][gc,heap     ] GC(12) Eden regions: 450->0(208)
[2024-08-15T12:28:56.425+0000][32.369s][info][gc,heap     ] GC(12) Survivor regions: 6->19(57)
[2024-08-15T12:28:56.425+0000][32.369s][info][gc,heap     ] GC(12) Old regions: 4->4
[2024-08-15T12:28:56.425+0000][32.369s][info][gc,heap     ] GC(12) Archive regions: 2->2
[2024-08-15T12:28:56.425+0000][32.369s][info][gc,heap     ] GC(12) Humongous regions: 0->0
[2024-08-15T12:28:56.425+0000][32.369s][info][gc,metaspace] GC(12) Metaspace: 154376K(155072K)->154376K(155072K) NonClass: 134297K(134656K)->134297K(134656K) Class: 20079K(20416K)->20079K(20416K)
[2024-08-15T12:28:56.425+0000][32.369s][info][gc          ] GC(12) Pause Young (Normal) (G1 Evacuation Pause) 3681M->183M(12288M) 72.241ms
[2024-08-15T12:28:56.425+0000][32.369s][info][gc,cpu      ] GC(12) User=0.41s Sys=0.07s Real=0.08s
[2024-08-15T12:28:58.474+0000][34.419s][info][gc,start    ] GC(13) Pause Young (Concurrent Start) (Metadata GC Threshold)
[2024-08-15T12:28:58.474+0000][34.419s][info][gc,task     ] GC(13) Using 6 workers of 6 for evacuation
[2024-08-15T12:28:58.535+0000][34.479s][info][gc,phases   ] GC(13)   Pre Evacuate Collection Set: 0.2ms
[2024-08-15T12:28:58.535+0000][34.479s][info][gc,phases   ] GC(13)   Merge Heap Roots: 0.1ms
[2024-08-15T12:28:58.535+0000][34.479s][info][gc,phases   ] GC(13)   Evacuate Collection Set: 57.4ms
[2024-08-15T12:28:58.535+0000][34.479s][info][gc,phases   ] GC(13)   Post Evacuate Collection Set: 2.2ms
[2024-08-15T12:28:58.535+0000][34.479s][info][gc,phases   ] GC(13)   Other: 0.2ms
[2024-08-15T12:28:58.535+0000][34.479s][info][gc,heap     ] GC(13) Eden regions: 85->0(60)
[2024-08-15T12:28:58.535+0000][34.479s][info][gc,heap     ] GC(13) Survivor regions: 19->16(29)
[2024-08-15T12:28:58.535+0000][34.479s][info][gc,heap     ] GC(13) Old regions: 4->9
[2024-08-15T12:28:58.535+0000][34.479s][info][gc,heap     ] GC(13) Archive regions: 2->2
[2024-08-15T12:28:58.535+0000][34.479s][info][gc,heap     ] GC(13) Humongous regions: 0->0
[2024-08-15T12:28:58.535+0000][34.479s][info][gc,metaspace] GC(13) Metaspace: 167677K(168448K)->167677K(168448K) NonClass: 145458K(145856K)->145458K(145856K) Class: 22218K(22592K)->22218K(22592K)
[2024-08-15T12:28:58.535+0000][34.479s][info][gc          ] GC(13) Pause Young (Concurrent Start) (Metadata GC Threshold) 863M->196M(12288M) 60.299ms
[2024-08-15T12:28:58.535+0000][34.479s][info][gc,cpu      ] GC(13) User=0.38s Sys=0.03s Real=0.06s
[2024-08-15T12:28:58.535+0000][34.479s][info][gc          ] GC(14) Concurrent Mark Cycle
[2024-08-15T12:28:58.535+0000][34.479s][info][gc,marking  ] GC(14) Concurrent Clear Claimed Marks
[2024-08-15T12:28:58.535+0000][34.479s][info][gc,marking  ] GC(14) Concurrent Clear Claimed Marks 0.082ms
[2024-08-15T12:28:58.535+0000][34.479s][info][gc,marking  ] GC(14) Concurrent Scan Root Regions
[2024-08-15T12:28:58.576+0000][34.520s][info][gc,marking  ] GC(14) Concurrent Scan Root Regions 40.850ms
[2024-08-15T12:28:58.576+0000][34.520s][info][gc,marking  ] GC(14) Concurrent Mark
[2024-08-15T12:28:58.576+0000][34.520s][info][gc,marking  ] GC(14) Concurrent Mark From Roots
[2024-08-15T12:28:58.576+0000][34.520s][info][gc,task     ] GC(14) Using 2 workers of 2 for marking
[2024-08-15T12:28:58.593+0000][34.538s][info][gc,marking  ] GC(14) Concurrent Mark From Roots 17.375ms
[2024-08-15T12:28:58.593+0000][34.538s][info][gc,marking  ] GC(14) Concurrent Preclean
[2024-08-15T12:28:58.593+0000][34.538s][info][gc,marking  ] GC(14) Concurrent Preclean 0.259ms
[2024-08-15T12:28:58.594+0000][34.538s][info][gc,start    ] GC(14) Pause Remark
[2024-08-15T12:28:58.600+0000][34.544s][info][gc          ] GC(14) Pause Remark 220M->220M(12288M) 6.240ms
[2024-08-15T12:28:58.600+0000][34.544s][info][gc,cpu      ] GC(14) User=0.04s Sys=0.00s Real=0.01s
[2024-08-15T12:28:58.600+0000][34.545s][info][gc,marking  ] GC(14) Concurrent Mark 24.197ms
[2024-08-15T12:28:58.600+0000][34.545s][info][gc,marking  ] GC(14) Concurrent Rebuild Remembered Sets
[2024-08-15T12:28:58.624+0000][34.568s][info][gc,marking  ] GC(14) Concurrent Rebuild Remembered Sets 23.627ms
[2024-08-15T12:28:58.624+0000][34.568s][info][gc,start    ] GC(14) Pause Cleanup
[2024-08-15T12:28:58.624+0000][34.568s][info][gc          ] GC(14) Pause Cleanup 229M->229M(12288M) 0.161ms
[2024-08-15T12:28:58.624+0000][34.568s][info][gc,cpu      ] GC(14) User=0.00s Sys=0.00s Real=0.00s
[2024-08-15T12:28:58.624+0000][34.568s][info][gc,marking  ] GC(14) Concurrent Cleanup for Next Mark
[2024-08-15T12:28:58.640+0000][34.584s][info][gc,marking  ] GC(14) Concurrent Cleanup for Next Mark 15.672ms
[2024-08-15T12:28:58.640+0000][34.584s][info][gc          ] GC(14) Concurrent Mark Cycle 104.854ms
[2024-08-15T12:29:00.081+0000][36.026s][info][gc,start    ] GC(15) Pause Young (Normal) (G1 Evacuation Pause)
[2024-08-15T12:29:00.081+0000][36.026s][info][gc,task     ] GC(15) Using 6 workers of 6 for evacuation
[2024-08-15T12:29:00.129+0000][36.074s][info][gc,phases   ] GC(15)   Pre Evacuate Collection Set: 0.1ms
[2024-08-15T12:29:00.129+0000][36.074s][info][gc,phases   ] GC(15)   Merge Heap Roots: 0.1ms
[2024-08-15T12:29:00.129+0000][36.074s][info][gc,phases   ] GC(15)   Evacuate Collection Set: 46.2ms
[2024-08-15T12:29:00.129+0000][36.074s][info][gc,phases   ] GC(15)   Post Evacuate Collection Set: 1.3ms
[2024-08-15T12:29:00.129+0000][36.074s][info][gc,phases   ] GC(15)   Other: 0.1ms
[2024-08-15T12:29:00.129+0000][36.074s][info][gc,heap     ] GC(15) Eden regions: 60->0(714)
[2024-08-15T12:29:00.129+0000][36.074s][info][gc,heap     ] GC(15) Survivor regions: 16->4(10)
[2024-08-15T12:29:00.129+0000][36.074s][info][gc,heap     ] GC(15) Old regions: 9->22
[2024-08-15T12:29:00.129+0000][36.074s][info][gc,heap     ] GC(15) Archive regions: 2->2
[2024-08-15T12:29:00.129+0000][36.074s][info][gc,heap     ] GC(15) Humongous regions: 0->0
[2024-08-15T12:29:00.129+0000][36.074s][info][gc,metaspace] GC(15) Metaspace: 175584K(176384K)->175584K(176384K) NonClass: 152349K(152768K)->152349K(152768K) Class: 23234K(23616K)->23234K(23616K)
[2024-08-15T12:29:00.129+0000][36.074s][info][gc          ] GC(15) Pause Young (Normal) (G1 Evacuation Pause) 676M->212M(12288M) 48.039ms
[2024-08-15T12:29:00.129+0000][36.074s][info][gc,cpu      ] GC(15) User=0.24s Sys=0.04s Real=0.05s
[2024-08-15T12:29:14.034+0000][49.979s][info][gc,start    ] GC(16) Pause Young (Normal) (GCLocker Initiated GC)
[2024-08-15T12:29:14.034+0000][49.979s][info][gc,task     ] GC(16) Using 6 workers of 6 for evacuation
[2024-08-15T12:29:14.083+0000][50.027s][info][gc,phases   ] GC(16)   Pre Evacuate Collection Set: 0.1ms
[2024-08-15T12:29:14.083+0000][50.027s][info][gc,phases   ] GC(16)   Merge Heap Roots: 0.2ms
[2024-08-15T12:29:14.083+0000][50.027s][info][gc,phases   ] GC(16)   Evacuate Collection Set: 46.5ms
[2024-08-15T12:29:14.083+0000][50.027s][info][gc,phases   ] GC(16)   Post Evacuate Collection Set: 1.9ms
[2024-08-15T12:29:14.083+0000][50.027s][info][gc,phases   ] GC(16)   Other: 0.2ms
[2024-08-15T12:29:14.083+0000][50.028s][info][gc,heap     ] GC(16) Eden regions: 671->0(317)
[2024-08-15T12:29:14.083+0000][50.028s][info][gc,heap     ] GC(16) Survivor regions: 4->12(85)
[2024-08-15T12:29:14.083+0000][50.028s][info][gc,heap     ] GC(16) Old regions: 22->22
[2024-08-15T12:29:14.083+0000][50.028s][info][gc,heap     ] GC(16) Archive regions: 2->2
[2024-08-15T12:29:14.083+0000][50.028s][info][gc,heap     ] GC(16) Humongous regions: 0->0
[2024-08-15T12:29:14.083+0000][50.028s][info][gc,metaspace] GC(16) Metaspace: 190598K(191680K)->190598K(191680K) NonClass: 165670K(166208K)->165670K(166208K) Class: 24928K(25472K)->24928K(25472K)
[2024-08-15T12:29:14.083+0000][50.028s][info][gc          ] GC(16) Pause Young (Normal) (GCLocker Initiated GC) 5580M->272M(12288M) 48.994ms
[2024-08-15T12:29:14.083+0000][50.028s][info][gc,cpu      ] GC(16) User=0.26s Sys=0.04s Real=0.05s
[2024-08-15T12:29:19.710+0000][55.654s][info][gc,start    ] GC(17) Pause Young (Normal) (G1 Evacuation Pause)
[2024-08-15T12:29:19.710+0000][55.654s][info][gc,task     ] GC(17) Using 6 workers of 6 for evacuation
[2024-08-15T12:29:19.781+0000][55.725s][info][gc,phases   ] GC(17)   Pre Evacuate Collection Set: 0.3ms
[2024-08-15T12:29:19.781+0000][55.726s][info][gc,phases   ] GC(17)   Merge Heap Roots: 0.2ms
[2024-08-15T12:29:19.781+0000][55.726s][info][gc,phases   ] GC(17)   Evacuate Collection Set: 68.2ms
[2024-08-15T12:29:19.781+0000][55.726s][info][gc,phases   ] GC(17)   Post Evacuate Collection Set: 2.3ms
[2024-08-15T12:29:19.781+0000][55.726s][info][gc,phases   ] GC(17)   Other: 0.2ms
[2024-08-15T12:29:19.781+0000][55.726s][info][gc,heap     ] GC(17) Eden regions: 269->0(176)
[2024-08-15T12:29:19.781+0000][55.726s][info][gc,heap     ] GC(17) Survivor regions: 12->24(36)
[2024-08-15T12:29:19.781+0000][55.726s][info][gc,heap     ] GC(17) Old regions: 22->22
[2024-08-15T12:29:19.781+0000][55.726s][info][gc,heap     ] GC(17) Archive regions: 2->2
[2024-08-15T12:29:19.781+0000][55.726s][info][gc,heap     ] GC(17) Humongous regions: 0->0
[2024-08-15T12:29:19.781+0000][55.726s][info][gc,metaspace] GC(17) Metaspace: 247315K(251136K)->247315K(251136K) NonClass: 215730K(217920K)->215730K(217920K) Class: 31585K(33216K)->31585K(33216K)
[2024-08-15T12:29:19.781+0000][55.726s][info][gc          ] GC(17) Pause Young (Normal) (G1 Evacuation Pause) 2424M->369M(12288M) 71.149ms
[2024-08-15T12:29:19.781+0000][55.726s][info][gc,cpu      ] GC(17) User=0.44s Sys=0.00s Real=0.07s
[2024-08-15T12:29:23.164+0000][59.109s][info][gc,start    ] GC(18) Pause Young (Normal) (G1 Evacuation Pause)
[2024-08-15T12:29:23.164+0000][59.109s][info][gc,task     ] GC(18) Using 6 workers of 6 for evacuation
[2024-08-15T12:29:23.249+0000][59.194s][info][gc,phases   ] GC(18)   Pre Evacuate Collection Set: 0.1ms
[2024-08-15T12:29:23.249+0000][59.194s][info][gc,phases   ] GC(18)   Merge Heap Roots: 0.2ms
[2024-08-15T12:29:23.249+0000][59.194s][info][gc,phases   ] GC(18)   Evacuate Collection Set: 83.1ms
[2024-08-15T12:29:23.249+0000][59.194s][info][gc,phases   ] GC(18)   Post Evacuate Collection Set: 1.8ms
[2024-08-15T12:29:23.249+0000][59.194s][info][gc,phases   ] GC(18)   Other: 0.2ms
[2024-08-15T12:29:23.249+0000][59.194s][info][gc,heap     ] GC(18) Eden regions: 146->0(918)
[2024-08-15T12:29:23.249+0000][59.194s][info][gc,heap     ] GC(18) Survivor regions: 24->3(22)
[2024-08-15T12:29:23.249+0000][59.194s][info][gc,heap     ] GC(18) Old regions: 22->45
[2024-08-15T12:29:23.249+0000][59.194s][info][gc,heap     ] GC(18) Archive regions: 2->2
[2024-08-15T12:29:23.249+0000][59.194s][info][gc,heap     ] GC(18) Humongous regions: 0->0
[2024-08-15T12:29:23.249+0000][59.194s][info][gc,metaspace] GC(18) Metaspace: 253315K(257344K)->253315K(257344K) NonClass: 220893K(223232K)->220893K(223232K) Class: 32421K(34112K)->32421K(34112K)
[2024-08-15T12:29:23.249+0000][59.194s][info][gc          ] GC(18) Pause Young (Normal) (G1 Evacuation Pause) 1537M->386M(12288M) 85.392ms
[2024-08-15T12:29:23.249+0000][59.194s][info][gc,cpu      ] GC(18) User=0.42s Sys=0.09s Real=0.08s
[2024-08-15T12:29:25.011+0000][60.956s][info][gc,start    ] GC(19) Pause Young (Concurrent Start) (Metadata GC Threshold)
[2024-08-15T12:29:25.012+0000][60.956s][info][gc,task     ] GC(19) Using 6 workers of 6 for evacuation
[2024-08-15T12:29:25.044+0000][60.988s][info][gc,phases   ] GC(19)   Pre Evacuate Collection Set: 0.4ms
[2024-08-15T12:29:25.044+0000][60.988s][info][gc,phases   ] GC(19)   Merge Heap Roots: 0.2ms
[2024-08-15T12:29:25.044+0000][60.988s][info][gc,phases   ] GC(19)   Evacuate Collection Set: 29.8ms
[2024-08-15T12:29:25.044+0000][60.988s][info][gc,phases   ] GC(19)   Post Evacuate Collection Set: 1.5ms
[2024-08-15T12:29:25.044+0000][60.988s][info][gc,phases   ] GC(19)   Other: 0.2ms
[2024-08-15T12:29:25.044+0000][60.988s][info][gc,heap     ] GC(19) Eden regions: 143->0(913)
[2024-08-15T12:29:25.044+0000][60.988s][info][gc,heap     ] GC(19) Survivor regions: 3->8(116)
[2024-08-15T12:29:25.044+0000][60.988s][info][gc,heap     ] GC(19) Old regions: 45->45
[2024-08-15T12:29:25.044+0000][60.988s][info][gc,heap     ] GC(19) Archive regions: 2->2
[2024-08-15T12:29:25.044+0000][60.988s][info][gc,heap     ] GC(19) Humongous regions: 0->0
[2024-08-15T12:29:25.044+0000][60.988s][info][gc,metaspace] GC(19) Metaspace: 276759K(281280K)->276759K(281280K) NonClass: 241607K(244160K)->241607K(244160K) Class: 35151K(37120K)->35151K(37120K)
[2024-08-15T12:29:25.044+0000][60.988s][info][gc          ] GC(19) Pause Young (Concurrent Start) (Metadata GC Threshold) 1530M->426M(12288M) 32.188ms
[2024-08-15T12:29:25.044+0000][60.988s][info][gc,cpu      ] GC(19) User=0.21s Sys=0.01s Real=0.04s
[2024-08-15T12:29:25.044+0000][60.988s][info][gc          ] GC(20) Concurrent Mark Cycle
[2024-08-15T12:29:25.044+0000][60.988s][info][gc,marking  ] GC(20) Concurrent Clear Claimed Marks
[2024-08-15T12:29:25.044+0000][60.989s][info][gc,marking  ] GC(20) Concurrent Clear Claimed Marks 0.213ms
[2024-08-15T12:29:25.044+0000][60.989s][info][gc,marking  ] GC(20) Concurrent Scan Root Regions
[2024-08-15T12:29:25.079+0000][61.023s][info][gc,marking  ] GC(20) Concurrent Scan Root Regions 34.765ms
[2024-08-15T12:29:25.079+0000][61.023s][info][gc,marking  ] GC(20) Concurrent Mark
[2024-08-15T12:29:25.079+0000][61.023s][info][gc,marking  ] GC(20) Concurrent Mark From Roots
[2024-08-15T12:29:25.079+0000][61.023s][info][gc,task     ] GC(20) Using 2 workers of 2 for marking
[2024-08-15T12:29:25.823+0000][61.768s][info][gc,marking  ] GC(20) Concurrent Mark From Roots 744.405ms
[2024-08-15T12:29:25.823+0000][61.768s][info][gc,marking  ] GC(20) Concurrent Preclean
[2024-08-15T12:29:25.824+0000][61.769s][info][gc,marking  ] GC(20) Concurrent Preclean 0.833ms
[2024-08-15T12:29:25.824+0000][61.769s][info][gc,start    ] GC(20) Pause Remark
[2024-08-15T12:29:25.835+0000][61.780s][info][gc          ] GC(20) Pause Remark 794M->794M(12288M) 10.676ms
[2024-08-15T12:29:25.835+0000][61.780s][info][gc,cpu      ] GC(20) User=0.06s Sys=0.00s Real=0.00s
[2024-08-15T12:29:25.835+0000][61.780s][info][gc,marking  ] GC(20) Concurrent Mark 756.331ms
[2024-08-15T12:29:25.835+0000][61.780s][info][gc,marking  ] GC(20) Concurrent Rebuild Remembered Sets
[2024-08-15T12:29:26.037+0000][61.981s][info][gc,marking  ] GC(20) Concurrent Rebuild Remembered Sets 201.645ms
[2024-08-15T12:29:26.037+0000][61.982s][info][gc,start    ] GC(20) Pause Cleanup
[2024-08-15T12:29:26.037+0000][61.982s][info][gc          ] GC(20) Pause Cleanup 882M->882M(12288M) 0.198ms
[2024-08-15T12:29:26.037+0000][61.982s][info][gc,cpu      ] GC(20) User=0.00s Sys=0.00s Real=0.00s
[2024-08-15T12:29:26.037+0000][61.982s][info][gc,marking  ] GC(20) Concurrent Cleanup for Next Mark
[2024-08-15T12:29:26.054+0000][61.998s][info][gc,marking  ] GC(20) Concurrent Cleanup for Next Mark 16.506ms
[2024-08-15T12:29:26.054+0000][61.999s][info][gc          ] GC(20) Concurrent Mark Cycle 1010.165ms
[2024-08-15T12:29:48.276+0000][84.221s][info][gc,start    ] GC(21) Pause Young (Concurrent Start) (G1 Evacuation Pause)
[2024-08-15T12:29:48.276+0000][84.221s][info][gc,task     ] GC(21) Using 6 workers of 6 for evacuation
[2024-08-15T12:29:48.417+0000][84.361s][info][gc,phases   ] GC(21)   Pre Evacuate Collection Set: 0.6ms
[2024-08-15T12:29:48.417+0000][84.361s][info][gc,phases   ] GC(21)   Merge Heap Roots: 0.5ms
[2024-08-15T12:29:48.417+0000][84.361s][info][gc,phases   ] GC(21)   Evacuate Collection Set: 133.0ms
[2024-08-15T12:29:48.417+0000][84.361s][info][gc,phases   ] GC(21)   Post Evacuate Collection Set: 6.1ms
[2024-08-15T12:29:48.417+0000][84.361s][info][gc,phases   ] GC(21)   Other: 0.4ms
[2024-08-15T12:29:48.417+0000][84.362s][info][gc,heap     ] GC(21) Eden regions: 913->0(158)
[2024-08-15T12:29:48.417+0000][84.362s][info][gc,heap     ] GC(21) Survivor regions: 8->29(116)
[2024-08-15T12:29:48.417+0000][84.362s][info][gc,heap     ] GC(21) Old regions: 45->45
[2024-08-15T12:29:48.417+0000][84.362s][info][gc,heap     ] GC(21) Archive regions: 2->2
[2024-08-15T12:29:48.417+0000][84.362s][info][gc,heap     ] GC(21) Humongous regions: 0->0
[2024-08-15T12:29:48.417+0000][84.362s][info][gc,metaspace] GC(21) Metaspace: 401485K(407424K)->401485K(407424K) NonClass: 350418K(353920K)->350418K(353920K) Class: 51066K(53504K)->51066K(53504K)
[2024-08-15T12:29:48.417+0000][84.362s][info][gc          ] GC(21) Pause Young (Concurrent Start) (G1 Evacuation Pause) 7730M->593M(12288M) 140.532ms
[2024-08-15T12:29:48.417+0000][84.362s][info][gc,cpu      ] GC(21) User=0.90s Sys=0.08s Real=0.14s
[2024-08-15T12:29:48.417+0000][84.362s][info][gc          ] GC(22) Concurrent Mark Cycle
[2024-08-15T12:29:48.417+0000][84.362s][info][gc,marking  ] GC(22) Concurrent Clear Claimed Marks
[2024-08-15T12:29:48.417+0000][84.362s][info][gc,marking  ] GC(22) Concurrent Clear Claimed Marks 0.349ms
[2024-08-15T12:29:48.417+0000][84.362s][info][gc,marking  ] GC(22) Concurrent Scan Root Regions
[2024-08-15T12:29:48.516+0000][84.461s][info][gc,marking  ] GC(22) Concurrent Scan Root Regions 98.768ms
[2024-08-15T12:29:48.516+0000][84.461s][info][gc,marking  ] GC(22) Concurrent Mark
[2024-08-15T12:29:48.516+0000][84.461s][info][gc,marking  ] GC(22) Concurrent Mark From Roots
[2024-08-15T12:29:48.516+0000][84.461s][info][gc,task     ] GC(22) Using 2 workers of 2 for marking
[2024-08-15T12:29:48.884+0000][84.829s][info][gc,marking  ] GC(22) Concurrent Mark From Roots 368.062ms
[2024-08-15T12:29:48.884+0000][84.829s][info][gc,marking  ] GC(22) Concurrent Preclean
[2024-08-15T12:29:48.885+0000][84.830s][info][gc,marking  ] GC(22) Concurrent Preclean 0.933ms
[2024-08-15T12:29:48.885+0000][84.830s][info][gc,start    ] GC(22) Pause Remark
[2024-08-15T12:29:48.918+0000][84.863s][info][gc          ] GC(22) Pause Remark 712M->712M(12288M) 32.719ms
[2024-08-15T12:29:48.918+0000][84.863s][info][gc,cpu      ] GC(22) User=0.18s Sys=0.00s Real=0.03s
[2024-08-15T12:29:48.918+0000][84.863s][info][gc,marking  ] GC(22) Concurrent Mark 402.152ms
[2024-08-15T12:29:48.918+0000][84.863s][info][gc,marking  ] GC(22) Concurrent Rebuild Remembered Sets
[2024-08-15T12:29:49.069+0000][85.013s][info][gc,marking  ] GC(22) Concurrent Rebuild Remembered Sets 150.364ms
[2024-08-15T12:29:49.089+0000][85.034s][info][gc,start    ] GC(22) Pause Cleanup
[2024-08-15T12:29:49.089+0000][85.034s][info][gc          ] GC(22) Pause Cleanup 745M->745M(12288M) 0.230ms
[2024-08-15T12:29:49.089+0000][85.034s][info][gc,cpu      ] GC(22) User=0.00s Sys=0.00s Real=0.00s
[2024-08-15T12:29:49.089+0000][85.034s][info][gc,marking  ] GC(22) Concurrent Cleanup for Next Mark
[2024-08-15T12:29:49.105+0000][85.049s][info][gc,marking  ] GC(22) Concurrent Cleanup for Next Mark 15.413ms
[2024-08-15T12:29:49.105+0000][85.049s][info][gc          ] GC(22) Concurrent Mark Cycle 687.797ms
[2024-08-15T12:29:51.377+0000][87.321s][info][gc,start    ] GC(23) Pause Young (Prepare Mixed) (G1 Evacuation Pause)
[2024-08-15T12:29:51.377+0000][87.321s][info][gc,task     ] GC(23) Using 6 workers of 6 for evacuation
[2024-08-15T12:29:51.502+0000][87.446s][info][gc,phases   ] GC(23)   Pre Evacuate Collection Set: 0.3ms
[2024-08-15T12:29:51.502+0000][87.446s][info][gc,phases   ] GC(23)   Merge Heap Roots: 0.3ms
[2024-08-15T12:29:51.502+0000][87.446s][info][gc,phases   ] GC(23)   Evacuate Collection Set: 120.0ms
[2024-08-15T12:29:51.502+0000][87.446s][info][gc,phases   ] GC(23)   Post Evacuate Collection Set: 4.1ms
[2024-08-15T12:29:51.502+0000][87.446s][info][gc,phases   ] GC(23)   Other: 0.3ms
[2024-08-15T12:29:51.502+0000][87.446s][info][gc,heap     ] GC(23) Eden regions: 97->0(71)
[2024-08-15T12:29:51.502+0000][87.446s][info][gc,heap     ] GC(23) Survivor regions: 29->5(16)
[2024-08-15T12:29:51.502+0000][87.446s][info][gc,heap     ] GC(23) Old regions: 45->73
[2024-08-15T12:29:51.502+0000][87.446s][info][gc,heap     ] GC(23) Archive regions: 2->2
[2024-08-15T12:29:51.502+0000][87.446s][info][gc,heap     ] GC(23) Humongous regions: 0->0
[2024-08-15T12:29:51.502+0000][87.446s][info][gc,metaspace] GC(23) Metaspace: 401147K(407424K)->401147K(407424K) NonClass: 350112K(353920K)->350112K(353920K) Class: 51035K(53504K)->51035K(53504K)
[2024-08-15T12:29:51.502+0000][87.446s][info][gc          ] GC(23) Pause Young (Prepare Mixed) (G1 Evacuation Pause) 1369M->623M(12288M) 124.928ms
[2024-08-15T12:29:51.502+0000][87.446s][info][gc,cpu      ] GC(23) User=0.64s Sys=0.12s Real=0.12s
[2024-08-15T12:29:53.749+0000][89.694s][info][gc,start    ] GC(24) Pause Young (Mixed) (G1 Evacuation Pause)
[2024-08-15T12:29:53.749+0000][89.694s][info][gc,task     ] GC(24) Using 6 workers of 6 for evacuation
[2024-08-15T12:29:53.773+0000][89.717s][info][gc,phases   ] GC(24)   Pre Evacuate Collection Set: 0.2ms
[2024-08-15T12:29:53.773+0000][89.718s][info][gc,phases   ] GC(24)   Merge Heap Roots: 0.1ms
[2024-08-15T12:29:53.773+0000][89.718s][info][gc,phases   ] GC(24)   Evacuate Collection Set: 20.8ms
[2024-08-15T12:29:53.773+0000][89.718s][info][gc,phases   ] GC(24)   Post Evacuate Collection Set: 2.4ms
[2024-08-15T12:29:53.773+0000][89.718s][info][gc,phases   ] GC(24)   Other: 0.2ms
[2024-08-15T12:29:53.773+0000][89.718s][info][gc,heap     ] GC(24) Eden regions: 71->0(914)
[2024-08-15T12:29:53.773+0000][89.718s][info][gc,heap     ] GC(24) Survivor regions: 5->7(10)
[2024-08-15T12:29:53.773+0000][89.718s][info][gc,heap     ] GC(24) Old regions: 73->74
[2024-08-15T12:29:53.773+0000][89.718s][info][gc,heap     ] GC(24) Archive regions: 2->2
[2024-08-15T12:29:53.773+0000][89.718s][info][gc,heap     ] GC(24) Humongous regions: 0->0
[2024-08-15T12:29:53.773+0000][89.718s][info][gc,metaspace] GC(24) Metaspace: 401182K(407424K)->401182K(407424K) NonClass: 350145K(353920K)->350145K(353920K) Class: 51037K(53504K)->51037K(53504K)
[2024-08-15T12:29:53.773+0000][89.718s][info][gc          ] GC(24) Pause Young (Mixed) (G1 Evacuation Pause) 1191M->646M(12288M) 23.766ms
[2024-08-15T12:29:53.773+0000][89.718s][info][gc,cpu      ] GC(24) User=0.14s Sys=0.00s Real=0.02s
[2024-08-15T12:30:33.436+0000][129.381s][info][gc,start    ] GC(25) Pause Young (Normal) (G1 Evacuation Pause)
[2024-08-15T12:30:33.436+0000][129.381s][info][gc,task     ] GC(25) Using 6 workers of 6 for evacuation
[2024-08-15T12:30:34.223+0000][130.167s][info][gc,mmu      ] GC(25) MMU target violated: 201.0ms (200.0ms/201.0ms)
[2024-08-15T12:30:34.223+0000][130.168s][info][gc,phases   ] GC(25)   Pre Evacuate Collection Set: 0.2ms
[2024-08-15T12:30:34.223+0000][130.168s][info][gc,phases   ] GC(25)   Merge Heap Roots: 0.6ms
[2024-08-15T12:30:34.223+0000][130.168s][info][gc,phases   ] GC(25)   Evacuate Collection Set: 781.4ms
[2024-08-15T12:30:34.223+0000][130.168s][info][gc,phases   ] GC(25)   Post Evacuate Collection Set: 4.0ms
[2024-08-15T12:30:34.223+0000][130.168s][info][gc,phases   ] GC(25)   Other: 0.2ms
[2024-08-15T12:30:34.223+0000][130.168s][info][gc,heap     ] GC(25) Eden regions: 375->0(28)
[2024-08-15T12:30:34.223+0000][130.168s][info][gc,heap     ] GC(25) Survivor regions: 7->48(48)
[2024-08-15T12:30:34.223+0000][130.168s][info][gc,heap     ] GC(25) Old regions: 74->142
[2024-08-15T12:30:34.223+0000][130.168s][info][gc,heap     ] GC(25) Archive regions: 2->2
[2024-08-15T12:30:34.223+0000][130.168s][info][gc,heap     ] GC(25) Humongous regions: 28->28
[2024-08-15T12:30:34.223+0000][130.168s][info][gc,metaspace] GC(25) Metaspace: 409758K(415744K)->409758K(415744K) NonClass: 357495K(360960K)->357495K(360960K) Class: 52263K(54784K)->52263K(54784K)
[2024-08-15T12:30:34.223+0000][130.168s][info][gc          ] GC(25) Pause Young (Normal) (G1 Evacuation Pause) 3870M->1748M(12288M) 786.564ms
[2024-08-15T12:30:34.223+0000][130.168s][info][gc,cpu      ] GC(25) User=4.35s Sys=0.34s Real=0.78s
[2024-08-15T12:30:36.977+0000][132.922s][info][gc,start    ] GC(26) Pause Young (Normal) (G1 Evacuation Pause)
[2024-08-15T12:30:36.977+0000][132.922s][info][gc,task     ] GC(26) Using 6 workers of 6 for evacuation
[2024-08-15T12:30:37.520+0000][133.465s][info][gc,mmu      ] GC(26) MMU target violated: 201.0ms (200.0ms/201.0ms)
[2024-08-15T12:30:37.520+0000][133.465s][info][gc,phases   ] GC(26)   Pre Evacuate Collection Set: 0.2ms
[2024-08-15T12:30:37.520+0000][133.465s][info][gc,phases   ] GC(26)   Merge Heap Roots: 0.5ms
[2024-08-15T12:30:37.520+0000][133.465s][info][gc,phases   ] GC(26)   Evacuate Collection Set: 539.1ms
[2024-08-15T12:30:37.520+0000][133.465s][info][gc,phases   ] GC(26)   Post Evacuate Collection Set: 3.3ms
[2024-08-15T12:30:37.520+0000][133.465s][info][gc,phases   ] GC(26)   Other: 0.2ms
[2024-08-15T12:30:37.520+0000][133.465s][info][gc,heap     ] GC(26) Eden regions: 28->0(66)
[2024-08-15T12:30:37.520+0000][133.465s][info][gc,heap     ] GC(26) Survivor regions: 48->10(10)
[2024-08-15T12:30:37.520+0000][133.465s][info][gc,heap     ] GC(26) Old regions: 142->194
[2024-08-15T12:30:37.520+0000][133.465s][info][gc,heap     ] GC(26) Archive regions: 2->2
[2024-08-15T12:30:37.520+0000][133.465s][info][gc,heap     ] GC(26) Humongous regions: 30->30
[2024-08-15T12:30:37.520+0000][133.465s][info][gc,metaspace] GC(26) Metaspace: 409775K(415744K)->409775K(415744K) NonClass: 357510K(360960K)->357510K(360960K) Class: 52264K(54784K)->52264K(54784K)
[2024-08-15T12:30:37.520+0000][133.465s][info][gc          ] GC(26) Pause Young (Normal) (G1 Evacuation Pause) 1988M->1876M(12288M) 543.289ms
[2024-08-15T12:30:37.520+0000][133.465s][info][gc,cpu      ] GC(26) User=2.98s Sys=0.24s Real=0.54s
[2024-08-15T12:30:40.698+0000][136.642s][info][gc,start    ] GC(27) Pause Young (Normal) (G1 Evacuation Pause)
[2024-08-15T12:30:40.698+0000][136.642s][info][gc,task     ] GC(27) Using 6 workers of 6 for evacuation
[2024-08-15T12:30:41.155+0000][137.100s][info][gc,mmu      ] GC(27) MMU target violated: 201.0ms (200.0ms/201.0ms)
[2024-08-15T12:30:41.155+0000][137.100s][info][gc,phases   ] GC(27)   Pre Evacuate Collection Set: 0.2ms
[2024-08-15T12:30:41.155+0000][137.100s][info][gc,phases   ] GC(27)   Merge Heap Roots: 0.2ms
[2024-08-15T12:30:41.155+0000][137.100s][info][gc,phases   ] GC(27)   Evacuate Collection Set: 455.1ms
[2024-08-15T12:30:41.155+0000][137.100s][info][gc,phases   ] GC(27)   Post Evacuate Collection Set: 1.7ms
[2024-08-15T12:30:41.155+0000][137.100s][info][gc,phases   ] GC(27)   Other: 0.2ms
[2024-08-15T12:30:41.155+0000][137.100s][info][gc,heap     ] GC(27) Eden regions: 66->0(66)
[2024-08-15T12:30:41.155+0000][137.100s][info][gc,heap     ] GC(27) Survivor regions: 10->10(10)
[2024-08-15T12:30:41.155+0000][137.100s][info][gc,heap     ] GC(27) Old regions: 194->232
[2024-08-15T12:30:41.155+0000][137.100s][info][gc,heap     ] GC(27) Archive regions: 2->2
[2024-08-15T12:30:41.155+0000][137.100s][info][gc,heap     ] GC(27) Humongous regions: 38->38
[2024-08-15T12:30:41.155+0000][137.100s][info][gc,metaspace] GC(27) Metaspace: 409855K(415808K)->409855K(415808K) NonClass: 357584K(361024K)->357584K(361024K) Class: 52271K(54784K)->52271K(54784K)
[2024-08-15T12:30:41.155+0000][137.100s][info][gc          ] GC(27) Pause Young (Normal) (G1 Evacuation Pause) 2468M->2240M(12288M) 457.506ms
[2024-08-15T12:30:41.155+0000][137.100s][info][gc,cpu      ] GC(27) User=2.43s Sys=0.28s Real=0.46s
[2024-08-15T12:30:42.067+0000][138.011s][info][gc,start    ] GC(28) Pause Young (Normal) (G1 Evacuation Pause)
[2024-08-15T12:30:42.067+0000][138.011s][info][gc,task     ] GC(28) Using 6 workers of 6 for evacuation
[2024-08-15T12:30:42.164+0000][138.109s][info][gc,phases   ] GC(28)   Pre Evacuate Collection Set: 0.2ms
[2024-08-15T12:30:42.164+0000][138.109s][info][gc,phases   ] GC(28)   Merge Heap Roots: 0.2ms
[2024-08-15T12:30:42.164+0000][138.109s][info][gc,phases   ] GC(28)   Evacuate Collection Set: 95.2ms
[2024-08-15T12:30:42.164+0000][138.109s][info][gc,phases   ] GC(28)   Post Evacuate Collection Set: 1.7ms
[2024-08-15T12:30:42.164+0000][138.109s][info][gc,phases   ] GC(28)   Other: 0.2ms
[2024-08-15T12:30:42.164+0000][138.109s][info][gc,heap     ] GC(28) Eden regions: 66->0(66)
[2024-08-15T12:30:42.164+0000][138.109s][info][gc,heap     ] GC(28) Survivor regions: 10->10(10)
[2024-08-15T12:30:42.164+0000][138.109s][info][gc,heap     ] GC(28) Old regions: 232->243
[2024-08-15T12:30:42.164+0000][138.109s][info][gc,heap     ] GC(28) Archive regions: 2->2
[2024-08-15T12:30:42.164+0000][138.109s][info][gc,heap     ] GC(28) Humongous regions: 67->67
[2024-08-15T12:30:42.164+0000][138.109s][info][gc,metaspace] GC(28) Metaspace: 410434K(416384K)->410434K(416384K) NonClass: 358011K(361472K)->358011K(361472K) Class: 52422K(54912K)->52422K(54912K)
[2024-08-15T12:30:42.164+0000][138.109s][info][gc          ] GC(28) Pause Young (Normal) (G1 Evacuation Pause) 3000M->2561M(12288M) 97.559ms
[2024-08-15T12:30:42.164+0000][138.109s][info][gc,cpu      ] GC(28) User=0.65s Sys=0.03s Real=0.10s
[2024-08-15T12:30:44.029+0000][139.973s][info][gc,start    ] GC(29) Pause Young (Normal) (G1 Evacuation Pause)
[2024-08-15T12:30:44.029+0000][139.974s][info][gc,task     ] GC(29) Using 6 workers of 6 for evacuation
[2024-08-15T12:30:44.219+0000][140.164s][info][gc,phases   ] GC(29)   Pre Evacuate Collection Set: 0.3ms
[2024-08-15T12:30:44.219+0000][140.164s][info][gc,phases   ] GC(29)   Merge Heap Roots: 0.1ms
[2024-08-15T12:30:44.219+0000][140.164s][info][gc,phases   ] GC(29)   Evacuate Collection Set: 187.5ms
[2024-08-15T12:30:44.219+0000][140.164s][info][gc,phases   ] GC(29)   Post Evacuate Collection Set: 2.1ms
[2024-08-15T12:30:44.219+0000][140.164s][info][gc,phases   ] GC(29)   Other: 0.2ms
[2024-08-15T12:30:44.219+0000][140.164s][info][gc,heap     ] GC(29) Eden regions: 66->0(72)
[2024-08-15T12:30:44.219+0000][140.164s][info][gc,heap     ] GC(29) Survivor regions: 10->4(10)
[2024-08-15T12:30:44.219+0000][140.164s][info][gc,heap     ] GC(29) Old regions: 243->254
[2024-08-15T12:30:44.219+0000][140.164s][info][gc,heap     ] GC(29) Archive regions: 2->2
[2024-08-15T12:30:44.219+0000][140.164s][info][gc,heap     ] GC(29) Humongous regions: 67->67
[2024-08-15T12:30:44.219+0000][140.164s][info][gc,metaspace] GC(29) Metaspace: 413318K(419328K)->413318K(419328K) NonClass: 360725K(364224K)->360725K(364224K) Class: 52592K(55104K)->52592K(55104K)
[2024-08-15T12:30:44.219+0000][140.164s][info][gc          ] GC(29) Pause Young (Normal) (G1 Evacuation Pause) 3089M->2604M(12288M) 190.251ms
[2024-08-15T12:30:44.219+0000][140.164s][info][gc,cpu      ] GC(29) User=1.16s Sys=0.10s Real=0.19s
[2024-08-15T12:30:46.760+0000][142.704s][info][gc,start    ] GC(30) Pause Young (Normal) (G1 Evacuation Pause)
[2024-08-15T12:30:46.760+0000][142.704s][info][gc,task     ] GC(30) Using 6 workers of 6 for evacuation
[2024-08-15T12:30:46.771+0000][142.716s][info][gc,phases   ] GC(30)   Pre Evacuate Collection Set: 0.2ms
[2024-08-15T12:30:46.772+0000][142.716s][info][gc,phases   ] GC(30)   Merge Heap Roots: 0.1ms
[2024-08-15T12:30:46.772+0000][142.716s][info][gc,phases   ] GC(30)   Evacuate Collection Set: 9.5ms
[2024-08-15T12:30:46.772+0000][142.716s][info][gc,phases   ] GC(30)   Post Evacuate Collection Set: 2.0ms
[2024-08-15T12:30:46.772+0000][142.716s][info][gc,phases   ] GC(30)   Other: 0.2ms
[2024-08-15T12:30:46.772+0000][142.716s][info][gc,heap     ] GC(30) Eden regions: 72->0(71)
[2024-08-15T12:30:46.772+0000][142.716s][info][gc,heap     ] GC(30) Survivor regions: 4->5(10)
[2024-08-15T12:30:46.772+0000][142.716s][info][gc,heap     ] GC(30) Old regions: 254->254
[2024-08-15T12:30:46.772+0000][142.716s][info][gc,heap     ] GC(30) Archive regions: 2->2
[2024-08-15T12:30:46.772+0000][142.716s][info][gc,heap     ] GC(30) Humongous regions: 67->67
[2024-08-15T12:30:46.772+0000][142.716s][info][gc,metaspace] GC(30) Metaspace: 413589K(419648K)->413589K(419648K) NonClass: 360996K(364544K)->360996K(364544K) Class: 52592K(55104K)->52592K(55104K)
[2024-08-15T12:30:46.772+0000][142.716s][info][gc          ] GC(30) Pause Young (Normal) (G1 Evacuation Pause) 3180M->2610M(12288M) 12.052ms
[2024-08-15T12:30:46.772+0000][142.716s][info][gc,cpu      ] GC(30) User=0.08s Sys=0.00s Real=0.01s
[2024-08-15T12:30:49.060+0000][145.005s][info][gc,start    ] GC(31) Pause Young (Normal) (G1 Evacuation Pause)
[2024-08-15T12:30:49.060+0000][145.005s][info][gc,task     ] GC(31) Using 6 workers of 6 for evacuation
[2024-08-15T12:30:49.075+0000][145.020s][info][gc,phases   ] GC(31)   Pre Evacuate Collection Set: 0.2ms
[2024-08-15T12:30:49.075+0000][145.020s][info][gc,phases   ] GC(31)   Merge Heap Roots: 0.1ms
[2024-08-15T12:30:49.075+0000][145.020s][info][gc,phases   ] GC(31)   Evacuate Collection Set: 12.7ms
[2024-08-15T12:30:49.075+0000][145.020s][info][gc,phases   ] GC(31)   Post Evacuate Collection Set: 2.0ms
[2024-08-15T12:30:49.075+0000][145.020s][info][gc,phases   ] GC(31)   Other: 0.2ms
[2024-08-15T12:30:49.075+0000][145.020s][info][gc,heap     ] GC(31) Eden regions: 71->0(79)
[2024-08-15T12:30:49.075+0000][145.020s][info][gc,heap     ] GC(31) Survivor regions: 5->6(10)
[2024-08-15T12:30:49.075+0000][145.020s][info][gc,heap     ] GC(31) Old regions: 254->254
[2024-08-15T12:30:49.075+0000][145.020s][info][gc,heap     ] GC(31) Archive regions: 2->2
[2024-08-15T12:30:49.075+0000][145.020s][info][gc,heap     ] GC(31) Humongous regions: 67->67
[2024-08-15T12:30:49.075+0000][145.020s][info][gc,metaspace] GC(31) Metaspace: 413693K(419712K)->413693K(419712K) NonClass: 361099K(364608K)->361099K(364608K) Class: 52594K(55104K)->52594K(55104K)
[2024-08-15T12:30:49.075+0000][145.020s][info][gc          ] GC(31) Pause Young (Normal) (G1 Evacuation Pause) 3178M->2619M(12288M) 15.243ms
[2024-08-15T12:30:49.075+0000][145.020s][info][gc,cpu      ] GC(31) User=0.09s Sys=0.00s Real=0.02s
[2024-08-15T12:30:51.644+0000][147.588s][info][gc,start    ] GC(32) Pause Young (Normal) (G1 Evacuation Pause)
[2024-08-15T12:30:51.644+0000][147.588s][info][gc,task     ] GC(32) Using 6 workers of 6 for evacuation
[2024-08-15T12:30:51.659+0000][147.604s][info][gc,phases   ] GC(32)   Pre Evacuate Collection Set: 0.2ms
[2024-08-15T12:30:51.659+0000][147.604s][info][gc,phases   ] GC(32)   Merge Heap Roots: 0.1ms
[2024-08-15T12:30:51.659+0000][147.604s][info][gc,phases   ] GC(32)   Evacuate Collection Set: 12.9ms
[2024-08-15T12:30:51.659+0000][147.604s][info][gc,phases   ] GC(32)   Post Evacuate Collection Set: 1.8ms
[2024-08-15T12:30:51.659+0000][147.604s][info][gc,phases   ] GC(32)   Other: 0.2ms
[2024-08-15T12:30:51.659+0000][147.604s][info][gc,heap     ] GC(32) Eden regions: 79->0(114)
[2024-08-15T12:30:51.659+0000][147.604s][info][gc,heap     ] GC(32) Survivor regions: 6->7(11)
[2024-08-15T12:30:51.659+0000][147.604s][info][gc,heap     ] GC(32) Old regions: 254->254
[2024-08-15T12:30:51.659+0000][147.604s][info][gc,heap     ] GC(32) Archive regions: 2->2
[2024-08-15T12:30:51.659+0000][147.604s][info][gc,heap     ] GC(32) Humongous regions: 67->67
[2024-08-15T12:30:51.659+0000][147.604s][info][gc,metaspace] GC(32) Metaspace: 413860K(419968K)->413860K(419968K) NonClass: 361249K(364800K)->361249K(364800K) Class: 52610K(55168K)->52610K(55168K)
[2024-08-15T12:30:51.659+0000][147.604s][info][gc          ] GC(32) Pause Young (Normal) (G1 Evacuation Pause) 3251M->2628M(12288M) 15.323ms
[2024-08-15T12:30:51.659+0000][147.604s][info][gc,cpu      ] GC(32) User=0.09s Sys=0.00s Real=0.01s
[2024-08-15T12:30:53.574+0000][149.518s][info][gc,start    ] GC(33) Pause Young (Normal) (G1 Evacuation Pause)
[2024-08-15T12:30:53.574+0000][149.518s][info][gc,task     ] GC(33) Using 6 workers of 6 for evacuation
[2024-08-15T12:30:53.597+0000][149.541s][info][gc,phases   ] GC(33)   Pre Evacuate Collection Set: 0.2ms
[2024-08-15T12:30:53.597+0000][149.541s][info][gc,phases   ] GC(33)   Merge Heap Roots: 0.1ms
[2024-08-15T12:30:53.597+0000][149.541s][info][gc,phases   ] GC(33)   Evacuate Collection Set: 20.4ms
[2024-08-15T12:30:53.597+0000][149.541s][info][gc,phases   ] GC(33)   Post Evacuate Collection Set: 2.3ms
[2024-08-15T12:30:53.597+0000][149.541s][info][gc,phases   ] GC(33)   Other: 0.2ms
[2024-08-15T12:30:53.597+0000][149.541s][info][gc,heap     ] GC(33) Eden regions: 114->0(149)
[2024-08-15T12:30:53.597+0000][149.541s][info][gc,heap     ] GC(33) Survivor regions: 7->10(16)
[2024-08-15T12:30:53.597+0000][149.542s][info][gc,heap     ] GC(33) Old regions: 254->254
[2024-08-15T12:30:53.597+0000][149.542s][info][gc,heap     ] GC(33) Archive regions: 2->2
[2024-08-15T12:30:53.597+0000][149.542s][info][gc,heap     ] GC(33) Humongous regions: 67->67
[2024-08-15T12:30:53.597+0000][149.542s][info][gc,metaspace] GC(33) Metaspace: 415477K(421632K)->415477K(421632K) NonClass: 362679K(366272K)->362679K(366272K) Class: 52798K(55360K)->52798K(55360K)
[2024-08-15T12:30:53.597+0000][149.542s][info][gc          ] GC(33) Pause Young (Normal) (G1 Evacuation Pause) 3540M->2649M(12288M) 23.229ms
[2024-08-15T12:30:53.597+0000][149.542s][info][gc,cpu      ] GC(33) User=0.18s Sys=0.00s Real=0.03s
[2024-08-15T12:30:55.681+0000][151.625s][info][gc,start    ] GC(34) Pause Young (Normal) (G1 Evacuation Pause)
[2024-08-15T12:30:55.681+0000][151.625s][info][gc,task     ] GC(34) Using 6 workers of 6 for evacuation
[2024-08-15T12:30:55.703+0000][151.648s][info][gc,phases   ] GC(34)   Pre Evacuate Collection Set: 0.2ms
[2024-08-15T12:30:55.703+0000][151.648s][info][gc,phases   ] GC(34)   Merge Heap Roots: 0.1ms
[2024-08-15T12:30:55.703+0000][151.648s][info][gc,phases   ] GC(34)   Evacuate Collection Set: 19.7ms
[2024-08-15T12:30:55.703+0000][151.648s][info][gc,phases   ] GC(34)   Post Evacuate Collection Set: 2.1ms
[2024-08-15T12:30:55.703+0000][151.648s][info][gc,phases   ] GC(34)   Other: 0.2ms
[2024-08-15T12:30:55.703+0000][151.648s][info][gc,heap     ] GC(34) Eden regions: 149->0(210)
[2024-08-15T12:30:55.703+0000][151.648s][info][gc,heap     ] GC(34) Survivor regions: 10->11(20)
[2024-08-15T12:30:55.703+0000][151.648s][info][gc,heap     ] GC(34) Old regions: 254->254
[2024-08-15T12:30:55.703+0000][151.648s][info][gc,heap     ] GC(34) Archive regions: 2->2
[2024-08-15T12:30:55.703+0000][151.648s][info][gc,heap     ] GC(34) Humongous regions: 67->67
[2024-08-15T12:30:55.703+0000][151.648s][info][gc,metaspace] GC(34) Metaspace: 415511K(421632K)->415511K(421632K) NonClass: 362713K(366272K)->362713K(366272K) Class: 52798K(55360K)->52798K(55360K)
[2024-08-15T12:30:55.703+0000][151.648s][info][gc          ] GC(34) Pause Young (Normal) (G1 Evacuation Pause) 3841M->2655M(12288M) 22.404ms
[2024-08-15T12:30:55.703+0000][151.648s][info][gc,cpu      ] GC(34) User=0.15s Sys=0.00s Real=0.03s
[2024-08-15T12:30:58.397+0000][154.341s][info][gc,start    ] GC(35) Pause Young (Normal) (G1 Evacuation Pause)
[2024-08-15T12:30:58.397+0000][154.342s][info][gc,task     ] GC(35) Using 6 workers of 6 for evacuation
[2024-08-15T12:30:58.420+0000][154.365s][info][gc,phases   ] GC(35)   Pre Evacuate Collection Set: 0.2ms
[2024-08-15T12:30:58.420+0000][154.365s][info][gc,phases   ] GC(35)   Merge Heap Roots: 0.1ms
[2024-08-15T12:30:58.420+0000][154.365s][info][gc,phases   ] GC(35)   Evacuate Collection Set: 20.7ms
[2024-08-15T12:30:58.420+0000][154.365s][info][gc,phases   ] GC(35)   Post Evacuate Collection Set: 2.0ms
[2024-08-15T12:30:58.420+0000][154.365s][info][gc,phases   ] GC(35)   Other: 0.2ms
[2024-08-15T12:30:58.420+0000][154.365s][info][gc,heap     ] GC(35) Eden regions: 210->0(301)
[2024-08-15T12:30:58.420+0000][154.365s][info][gc,heap     ] GC(35) Survivor regions: 11->12(28)
[2024-08-15T12:30:58.420+0000][154.365s][info][gc,heap     ] GC(35) Old regions: 254->254
[2024-08-15T12:30:58.420+0000][154.365s][info][gc,heap     ] GC(35) Archive regions: 2->2
[2024-08-15T12:30:58.420+0000][154.365s][info][gc,heap     ] GC(35) Humongous regions: 67->67
[2024-08-15T12:30:58.420+0000][154.365s][info][gc,metaspace] GC(35) Metaspace: 415544K(421696K)->415544K(421696K) NonClass: 362745K(366336K)->362745K(366336K) Class: 52798K(55360K)->52798K(55360K)
[2024-08-15T12:30:58.420+0000][154.365s][info][gc          ] GC(35) Pause Young (Normal) (G1 Evacuation Pause) 4335M->2665M(12288M) 23.262ms
[2024-08-15T12:30:58.420+0000][154.365s][info][gc,cpu      ] GC(35) User=0.15s Sys=0.00s Real=0.02s
[2024-08-15T12:31:02.129+0000][158.074s][info][gc,start    ] GC(36) Pause Young (Normal) (G1 Evacuation Pause)
[2024-08-15T12:31:02.129+0000][158.074s][info][gc,task     ] GC(36) Using 6 workers of 6 for evacuation
[2024-08-15T12:31:02.154+0000][158.099s][info][gc,phases   ] GC(36)   Pre Evacuate Collection Set: 0.2ms
[2024-08-15T12:31:02.154+0000][158.099s][info][gc,phases   ] GC(36)   Merge Heap Roots: 0.1ms
[2024-08-15T12:31:02.154+0000][158.099s][info][gc,phases   ] GC(36)   Evacuate Collection Set: 22.3ms
[2024-08-15T12:31:02.154+0000][158.099s][info][gc,phases   ] GC(36)   Post Evacuate Collection Set: 2.1ms
[2024-08-15T12:31:02.154+0000][158.099s][info][gc,phases   ] GC(36)   Other: 0.2ms
[2024-08-15T12:31:02.154+0000][158.099s][info][gc,heap     ] GC(36) Eden regions: 301->0(429)
[2024-08-15T12:31:02.154+0000][158.099s][info][gc,heap     ] GC(36) Survivor regions: 12->13(40)
[2024-08-15T12:31:02.154+0000][158.099s][info][gc,heap     ] GC(36) Old regions: 254->254
[2024-08-15T12:31:02.154+0000][158.099s][info][gc,heap     ] GC(36) Archive regions: 2->2
[2024-08-15T12:31:02.154+0000][158.099s][info][gc,heap     ] GC(36) Humongous regions: 67->67
[2024-08-15T12:31:02.154+0000][158.099s][info][gc,metaspace] GC(36) Metaspace: 415649K(421760K)->415649K(421760K) NonClass: 362850K(366400K)->362850K(366400K) Class: 52798K(55360K)->52798K(55360K)
[2024-08-15T12:31:02.154+0000][158.099s][info][gc          ] GC(36) Pause Young (Normal) (G1 Evacuation Pause) 5073M->2674M(12288M) 24.982ms
[2024-08-15T12:31:02.154+0000][158.099s][info][gc,cpu      ] GC(36) User=0.15s Sys=0.00s Real=0.02s
[2024-08-15T12:31:07.006+0000][162.951s][info][gc,start    ] GC(37) Pause Young (Normal) (G1 Evacuation Pause)
[2024-08-15T12:31:07.006+0000][162.951s][info][gc,task     ] GC(37) Using 6 workers of 6 for evacuation
[2024-08-15T12:31:07.035+0000][162.980s][info][gc,phases   ] GC(37)   Pre Evacuate Collection Set: 0.2ms
[2024-08-15T12:31:07.035+0000][162.980s][info][gc,phases   ] GC(37)   Merge Heap Roots: 0.2ms
[2024-08-15T12:31:07.035+0000][162.980s][info][gc,phases   ] GC(37)   Evacuate Collection Set: 26.3ms
[2024-08-15T12:31:07.035+0000][162.980s][info][gc,phases   ] GC(37)   Post Evacuate Collection Set: 2.2ms
[2024-08-15T12:31:07.035+0000][162.980s][info][gc,phases   ] GC(37)   Other: 0.2ms
[2024-08-15T12:31:07.035+0000][162.980s][info][gc,heap     ] GC(37) Eden regions: 429->0(583)
[2024-08-15T12:31:07.035+0000][162.980s][info][gc,heap     ] GC(37) Survivor regions: 13->14(56)
[2024-08-15T12:31:07.035+0000][162.980s][info][gc,heap     ] GC(37) Old regions: 254->254
[2024-08-15T12:31:07.035+0000][162.980s][info][gc,heap     ] GC(37) Archive regions: 2->2
[2024-08-15T12:31:07.035+0000][162.980s][info][gc,heap     ] GC(37) Humongous regions: 67->67
[2024-08-15T12:31:07.035+0000][162.980s][info][gc,metaspace] GC(37) Metaspace: 415724K(421824K)->415724K(421824K) NonClass: 362922K(366464K)->362922K(366464K) Class: 52801K(55360K)->52801K(55360K)
[2024-08-15T12:31:07.035+0000][162.980s][info][gc          ] GC(37) Pause Young (Normal) (G1 Evacuation Pause) 6106M->2684M(12288M) 29.106ms
[2024-08-15T12:31:07.035+0000][162.980s][info][gc,cpu      ] GC(37) User=0.16s Sys=0.01s Real=0.03s
[2024-08-15T12:31:13.461+0000][169.406s][info][gc,start    ] GC(38) Pause Young (Normal) (G1 Evacuation Pause)
[2024-08-15T12:31:13.461+0000][169.406s][info][gc,task     ] GC(38) Using 6 workers of 6 for evacuation
[2024-08-15T12:31:13.494+0000][169.439s][info][gc,phases   ] GC(38)   Pre Evacuate Collection Set: 0.2ms
[2024-08-15T12:31:13.494+0000][169.439s][info][gc,phases   ] GC(38)   Merge Heap Roots: 0.2ms
[2024-08-15T12:31:13.494+0000][169.439s][info][gc,phases   ] GC(38)   Evacuate Collection Set: 30.1ms
[2024-08-15T12:31:13.494+0000][169.439s][info][gc,phases   ] GC(38)   Post Evacuate Collection Set: 2.2ms
[2024-08-15T12:31:13.494+0000][169.439s][info][gc,phases   ] GC(38)   Other: 0.2ms
[2024-08-15T12:31:13.494+0000][169.439s][info][gc,heap     ] GC(38) Eden regions: 583->0(762)
[2024-08-15T12:31:13.494+0000][169.439s][info][gc,heap     ] GC(38) Survivor regions: 14->16(75)
[2024-08-15T12:31:13.494+0000][169.439s][info][gc,heap     ] GC(38) Old regions: 254->254
[2024-08-15T12:31:13.494+0000][169.439s][info][gc,heap     ] GC(38) Archive regions: 2->2
[2024-08-15T12:31:13.494+0000][169.439s][info][gc,heap     ] GC(38) Humongous regions: 67->67
[2024-08-15T12:31:13.494+0000][169.439s][info][gc,metaspace] GC(38) Metaspace: 415763K(421824K)->415763K(421824K) NonClass: 362961K(366464K)->362961K(366464K) Class: 52801K(55360K)->52801K(55360K)
[2024-08-15T12:31:13.494+0000][169.439s][info][gc          ] GC(38) Pause Young (Normal) (G1 Evacuation Pause) 7348M->2699M(12288M) 32.863ms
[2024-08-15T12:31:13.494+0000][169.439s][info][gc,cpu      ] GC(38) User=0.20s Sys=0.00s Real=0.03s
[2024-08-15T12:31:21.824+0000][177.769s][info][gc,start    ] GC(39) Pause Young (Normal) (G1 Evacuation Pause)
[2024-08-15T12:31:21.824+0000][177.769s][info][gc,task     ] GC(39) Using 6 workers of 6 for evacuation
[2024-08-15T12:31:21.866+0000][177.810s][info][gc,phases   ] GC(39)   Pre Evacuate Collection Set: 0.2ms
[2024-08-15T12:31:21.866+0000][177.810s][info][gc,phases   ] GC(39)   Merge Heap Roots: 0.2ms
[2024-08-15T12:31:21.866+0000][177.810s][info][gc,phases   ] GC(39)   Evacuate Collection Set: 38.5ms
[2024-08-15T12:31:21.866+0000][177.810s][info][gc,phases   ] GC(39)   Post Evacuate Collection Set: 2.5ms
[2024-08-15T12:31:21.866+0000][177.810s][info][gc,phases   ] GC(39)   Other: 0.2ms
[2024-08-15T12:31:21.866+0000][177.810s][info][gc,heap     ] GC(39) Eden regions: 762->0(779)
[2024-08-15T12:31:21.866+0000][177.810s][info][gc,heap     ] GC(39) Survivor regions: 16->19(98)
[2024-08-15T12:31:21.866+0000][177.810s][info][gc,heap     ] GC(39) Old regions: 254->254
[2024-08-15T12:31:21.866+0000][177.810s][info][gc,heap     ] GC(39) Archive regions: 2->2
[2024-08-15T12:31:21.866+0000][177.810s][info][gc,heap     ] GC(39) Humongous regions: 67->67
[2024-08-15T12:31:21.866+0000][177.810s][info][gc,metaspace] GC(39) Metaspace: 415810K(421952K)->415810K(421952K) NonClass: 363007K(366592K)->363007K(366592K) Class: 52802K(55360K)->52802K(55360K)
[2024-08-15T12:31:21.866+0000][177.810s][info][gc          ] GC(39) Pause Young (Normal) (G1 Evacuation Pause) 8795M->2724M(12288M) 41.553ms
[2024-08-15T12:31:21.866+0000][177.811s][info][gc,cpu      ] GC(39) User=0.24s Sys=0.00s Real=0.04s
[2024-08-15T12:31:30.581+0000][186.526s][info][gc,start    ] GC(40) Pause Young (Normal) (G1 Evacuation Pause)
[2024-08-15T12:31:30.581+0000][186.526s][info][gc,task     ] GC(40) Using 6 workers of 6 for evacuation
[2024-08-15T12:31:30.638+0000][186.583s][info][gc,phases   ] GC(40)   Pre Evacuate Collection Set: 0.2ms
[2024-08-15T12:31:30.638+0000][186.583s][info][gc,phases   ] GC(40)   Merge Heap Roots: 0.2ms
[2024-08-15T12:31:30.638+0000][186.583s][info][gc,phases   ] GC(40)   Evacuate Collection Set: 54.5ms
[2024-08-15T12:31:30.638+0000][186.583s][info][gc,phases   ] GC(40)   Post Evacuate Collection Set: 2.4ms
[2024-08-15T12:31:30.638+0000][186.583s][info][gc,phases   ] GC(40)   Other: 0.2ms
[2024-08-15T12:31:30.638+0000][186.583s][info][gc,heap     ] GC(40) Eden regions: 779->0(793)
[2024-08-15T12:31:30.638+0000][186.583s][info][gc,heap     ] GC(40) Survivor regions: 19->22(100)
[2024-08-15T12:31:30.638+0000][186.583s][info][gc,heap     ] GC(40) Old regions: 254->254
[2024-08-15T12:31:30.638+0000][186.583s][info][gc,heap     ] GC(40) Archive regions: 2->2
[2024-08-15T12:31:30.638+0000][186.583s][info][gc,heap     ] GC(40) Humongous regions: 67->67
[2024-08-15T12:31:30.638+0000][186.583s][info][gc,metaspace] GC(40) Metaspace: 415879K(422016K)->415879K(422016K) NonClass: 363076K(366656K)->363076K(366656K) Class: 52803K(55360K)->52803K(55360K)
[2024-08-15T12:31:30.639+0000][186.583s][info][gc          ] GC(40) Pause Young (Normal) (G1 Evacuation Pause) 8956M->2744M(12288M) 57.543ms
[2024-08-15T12:31:30.639+0000][186.583s][info][gc,cpu      ] GC(40) User=0.36s Sys=0.01s Real=0.06s
[2024-08-15T12:31:39.316+0000][195.261s][info][gc,start    ] GC(41) Pause Young (Normal) (G1 Evacuation Pause)
[2024-08-15T12:31:39.316+0000][195.261s][info][gc,task     ] GC(41) Using 6 workers of 6 for evacuation
[2024-08-15T12:31:39.374+0000][195.319s][info][gc,phases   ] GC(41)   Pre Evacuate Collection Set: 0.2ms
[2024-08-15T12:31:39.374+0000][195.319s][info][gc,phases   ] GC(41)   Merge Heap Roots: 0.2ms
[2024-08-15T12:31:39.374+0000][195.319s][info][gc,phases   ] GC(41)   Evacuate Collection Set: 54.5ms
[2024-08-15T12:31:39.374+0000][195.319s][info][gc,phases   ] GC(41)   Post Evacuate Collection Set: 2.8ms
[2024-08-15T12:31:39.374+0000][195.319s][info][gc,phases   ] GC(41)   Other: 0.2ms
[2024-08-15T12:31:39.374+0000][195.319s][info][gc,heap     ] GC(41) Eden regions: 793->0(802)
[2024-08-15T12:31:39.374+0000][195.319s][info][gc,heap     ] GC(41) Survivor regions: 22->26(102)
[2024-08-15T12:31:39.374+0000][195.319s][info][gc,heap     ] GC(41) Old regions: 254->254
[2024-08-15T12:31:39.374+0000][195.319s][info][gc,heap     ] GC(41) Archive regions: 2->2
[2024-08-15T12:31:39.374+0000][195.319s][info][gc,heap     ] GC(41) Humongous regions: 67->67
[2024-08-15T12:31:39.374+0000][195.319s][info][gc,metaspace] GC(41) Metaspace: 415945K(422080K)->415945K(422080K) NonClass: 363140K(366720K)->363140K(366720K) Class: 52804K(55360K)->52804K(55360K)
[2024-08-15T12:31:39.374+0000][195.319s][info][gc          ] GC(41) Pause Young (Normal) (G1 Evacuation Pause) 9088M->2776M(12288M) 58.013ms
[2024-08-15T12:31:39.374+0000][195.319s][info][gc,cpu      ] GC(41) User=0.34s Sys=0.00s Real=0.05s
[2024-08-15T12:31:48.343+0000][204.288s][info][gc,start    ] GC(42) Pause Young (Normal) (G1 Evacuation Pause)
[2024-08-15T12:31:48.343+0000][204.288s][info][gc,task     ] GC(42) Using 6 workers of 6 for evacuation
[2024-08-15T12:31:48.399+0000][204.344s][info][gc,phases   ] GC(42)   Pre Evacuate Collection Set: 0.2ms
[2024-08-15T12:31:48.399+0000][204.344s][info][gc,phases   ] GC(42)   Merge Heap Roots: 0.2ms
[2024-08-15T12:31:48.399+0000][204.344s][info][gc,phases   ] GC(42)   Evacuate Collection Set: 52.8ms
[2024-08-15T12:31:48.399+0000][204.344s][info][gc,phases   ] GC(42)   Post Evacuate Collection Set: 2.5ms
[2024-08-15T12:31:48.399+0000][204.344s][info][gc,phases   ] GC(42)   Other: 0.2ms
[2024-08-15T12:31:48.399+0000][204.344s][info][gc,heap     ] GC(42) Eden regions: 802->0(811)
[2024-08-15T12:31:48.399+0000][204.344s][info][gc,heap     ] GC(42) Survivor regions: 26->28(104)
[2024-08-15T12:31:48.399+0000][204.344s][info][gc,heap     ] GC(42) Old regions: 254->254
[2024-08-15T12:31:48.399+0000][204.344s][info][gc,heap     ] GC(42) Archive regions: 2->2
[2024-08-15T12:31:48.399+0000][204.344s][info][gc,heap     ] GC(42) Humongous regions: 67->67
[2024-08-15T12:31:48.399+0000][204.344s][info][gc,metaspace] GC(42) Metaspace: 416322K(422464K)->416322K(422464K) NonClass: 363492K(367040K)->363492K(367040K) Class: 52829K(55424K)->52829K(55424K)
[2024-08-15T12:31:48.399+0000][204.344s][info][gc          ] GC(42) Pause Young (Normal) (G1 Evacuation Pause) 9192M->2792M(12288M) 55.932ms
[2024-08-15T12:31:48.399+0000][204.344s][info][gc,cpu      ] GC(42) User=0.35s Sys=0.01s Real=0.05s
[2024-08-15T12:31:56.820+0000][212.765s][info][gc,start    ] GC(43) Pause Young (Normal) (G1 Evacuation Pause)
[2024-08-15T12:31:56.820+0000][212.765s][info][gc,task     ] GC(43) Using 6 workers of 6 for evacuation
[2024-08-15T12:31:56.876+0000][212.821s][info][gc,phases   ] GC(43)   Pre Evacuate Collection Set: 0.2ms
[2024-08-15T12:31:56.876+0000][212.821s][info][gc,phases   ] GC(43)   Merge Heap Roots: 0.2ms
[2024-08-15T12:31:56.876+0000][212.821s][info][gc,phases   ] GC(43)   Evacuate Collection Set: 53.5ms
[2024-08-15T12:31:56.876+0000][212.821s][info][gc,phases   ] GC(43)   Post Evacuate Collection Set: 2.4ms
[2024-08-15T12:31:56.876+0000][212.821s][info][gc,phases   ] GC(43)   Other: 0.2ms
[2024-08-15T12:31:56.876+0000][212.821s][info][gc,heap     ] GC(43) Eden regions: 811->0(823)
[2024-08-15T12:31:56.876+0000][212.821s][info][gc,heap     ] GC(43) Survivor regions: 28->25(105)
[2024-08-15T12:31:56.876+0000][212.821s][info][gc,heap     ] GC(43) Old regions: 254->254
[2024-08-15T12:31:56.876+0000][212.821s][info][gc,heap     ] GC(43) Archive regions: 2->2
[2024-08-15T12:31:56.876+0000][212.821s][info][gc,heap     ] GC(43) Humongous regions: 67->67
[2024-08-15T12:31:56.876+0000][212.821s][info][gc,metaspace] GC(43) Metaspace: 416417K(422528K)->416417K(422528K) NonClass: 363581K(367104K)->363581K(367104K) Class: 52835K(55424K)->52835K(55424K)
[2024-08-15T12:31:56.876+0000][212.821s][info][gc          ] GC(43) Pause Young (Normal) (G1 Evacuation Pause) 9280M->2768M(12288M) 56.557ms
[2024-08-15T12:31:56.877+0000][212.821s][info][gc,cpu      ] GC(43) User=0.34s Sys=0.00s Real=0.06s
[2024-08-15T12:32:05.753+0000][221.697s][info][gc,start    ] GC(44) Pause Young (Normal) (G1 Evacuation Pause)
[2024-08-15T12:32:05.753+0000][221.697s][info][gc,task     ] GC(44) Using 6 workers of 6 for evacuation
[2024-08-15T12:32:05.811+0000][221.756s][info][gc,phases   ] GC(44)   Pre Evacuate Collection Set: 0.2ms
[2024-08-15T12:32:05.811+0000][221.756s][info][gc,phases   ] GC(44)   Merge Heap Roots: 0.2ms
[2024-08-15T12:32:05.811+0000][221.756s][info][gc,phases   ] GC(44)   Evacuate Collection Set: 55.6ms
[2024-08-15T12:32:05.811+0000][221.756s][info][gc,phases   ] GC(44)   Post Evacuate Collection Set: 2.3ms
[2024-08-15T12:32:05.811+0000][221.756s][info][gc,phases   ] GC(44)   Other: 0.2ms
[2024-08-15T12:32:05.811+0000][221.756s][info][gc,heap     ] GC(44) Eden regions: 823->0(829)
[2024-08-15T12:32:05.811+0000][221.756s][info][gc,heap     ] GC(44) Survivor regions: 25->25(106)
[2024-08-15T12:32:05.811+0000][221.756s][info][gc,heap     ] GC(44) Old regions: 254->256
[2024-08-15T12:32:05.811+0000][221.756s][info][gc,heap     ] GC(44) Archive regions: 2->2
[2024-08-15T12:32:05.811+0000][221.756s][info][gc,heap     ] GC(44) Humongous regions: 67->67
[2024-08-15T12:32:05.811+0000][221.756s][info][gc,metaspace] GC(44) Metaspace: 416490K(422592K)->416490K(422592K) NonClass: 363654K(367168K)->363654K(367168K) Class: 52835K(55424K)->52835K(55424K)
[2024-08-15T12:32:05.811+0000][221.756s][info][gc          ] GC(44) Pause Young (Normal) (G1 Evacuation Pause) 9352M->2782M(12288M) 58.600ms
[2024-08-15T12:32:05.811+0000][221.756s][info][gc,cpu      ] GC(44) User=0.34s Sys=0.01s Real=0.06s
[2024-08-15T12:32:10.267+0000][226.212s][info][gc,start    ] GC(45) Pause Young (Normal) (G1 Evacuation Pause)
[2024-08-15T12:32:10.267+0000][226.212s][info][gc,task     ] GC(45) Using 6 workers of 6 for evacuation
[2024-08-15T12:32:10.396+0000][226.341s][info][gc,phases   ] GC(45)   Pre Evacuate Collection Set: 0.2ms
[2024-08-15T12:32:10.397+0000][226.341s][info][gc,phases   ] GC(45)   Merge Heap Roots: 0.2ms
[2024-08-15T12:32:10.397+0000][226.341s][info][gc,phases   ] GC(45)   Evacuate Collection Set: 107.9ms
[2024-08-15T12:32:10.397+0000][226.341s][info][gc,phases   ] GC(45)   Post Evacuate Collection Set: 21.0ms
[2024-08-15T12:32:10.397+0000][226.341s][info][gc,phases   ] GC(45)   Other: 0.3ms
[2024-08-15T12:32:10.397+0000][226.341s][info][gc,heap     ] GC(45) Eden regions: 829->0(824)
[2024-08-15T12:32:10.397+0000][226.341s][info][gc,heap     ] GC(45) Survivor regions: 25->31(107)
[2024-08-15T12:32:10.397+0000][226.341s][info][gc,heap     ] GC(45) Old regions: 256->256
[2024-08-15T12:32:10.397+0000][226.341s][info][gc,heap     ] GC(45) Archive regions: 2->2
[2024-08-15T12:32:10.397+0000][226.341s][info][gc,heap     ] GC(45) Humongous regions: 67->67
[2024-08-15T12:32:10.397+0000][226.341s][info][gc,metaspace] GC(45) Metaspace: 416666K(422784K)->416666K(422784K) NonClass: 363814K(367360K)->363814K(367360K) Class: 52851K(55424K)->52851K(55424K)
[2024-08-15T12:32:10.397+0000][226.341s][info][gc          ] GC(45) Pause Young (Normal) (G1 Evacuation Pause) 9414M->2831M(12288M) 129.630ms
[2024-08-15T12:32:10.397+0000][226.341s][info][gc,cpu      ] GC(45) User=0.75s Sys=0.01s Real=0.13s
[2024-08-15T12:32:16.550+0000][232.495s][info][gc,start    ] GC(46) Pause Young (Normal) (G1 Evacuation Pause)
[2024-08-15T12:32:16.550+0000][232.495s][info][gc,task     ] GC(46) Using 6 workers of 6 for evacuation
[2024-08-15T12:32:16.619+0000][232.563s][info][gc,phases   ] GC(46)   Pre Evacuate Collection Set: 0.2ms
[2024-08-15T12:32:16.619+0000][232.563s][info][gc,phases   ] GC(46)   Merge Heap Roots: 0.2ms
[2024-08-15T12:32:16.619+0000][232.563s][info][gc,phases   ] GC(46)   Evacuate Collection Set: 62.2ms
[2024-08-15T12:32:16.619+0000][232.563s][info][gc,phases   ] GC(46)   Post Evacuate Collection Set: 5.9ms
[2024-08-15T12:32:16.619+0000][232.563s][info][gc,phases   ] GC(46)   Other: 0.2ms
[2024-08-15T12:32:16.619+0000][232.563s][info][gc,heap     ] GC(46) Eden regions: 824->0(834)
[2024-08-15T12:32:16.619+0000][232.563s][info][gc,heap     ] GC(46) Survivor regions: 31->27(107)
[2024-08-15T12:32:16.619+0000][232.563s][info][gc,heap     ] GC(46) Old regions: 256->257
[2024-08-15T12:32:16.619+0000][232.563s][info][gc,heap     ] GC(46) Archive regions: 2->2
[2024-08-15T12:32:16.619+0000][232.563s][info][gc,heap     ] GC(46) Humongous regions: 67->67
[2024-08-15T12:32:16.619+0000][232.563s][info][gc,metaspace] GC(46) Metaspace: 416864K(422976K)->416864K(422976K) NonClass: 363995K(367552K)->363995K(367552K) Class: 52868K(55424K)->52868K(55424K)
[2024-08-15T12:32:16.619+0000][232.563s][info][gc          ] GC(46) Pause Young (Normal) (G1 Evacuation Pause) 9423M->2803M(12288M) 68.726ms
[2024-08-15T12:32:16.619+0000][232.563s][info][gc,cpu      ] GC(46) User=0.40s Sys=0.00s Real=0.07s
[2024-08-15T12:32:25.808+0000][241.753s][info][gc,start    ] GC(47) Pause Young (Normal) (G1 Evacuation Pause)
[2024-08-15T12:32:25.808+0000][241.753s][info][gc,task     ] GC(47) Using 6 workers of 6 for evacuation
[2024-08-15T12:32:25.873+0000][241.818s][info][gc,phases   ] GC(47)   Pre Evacuate Collection Set: 0.2ms
[2024-08-15T12:32:25.873+0000][241.818s][info][gc,phases   ] GC(47)   Merge Heap Roots: 0.2ms
[2024-08-15T12:32:25.873+0000][241.818s][info][gc,phases   ] GC(47)   Evacuate Collection Set: 62.3ms
[2024-08-15T12:32:25.873+0000][241.818s][info][gc,phases   ] GC(47)   Post Evacuate Collection Set: 2.3ms
[2024-08-15T12:32:25.873+0000][241.818s][info][gc,phases   ] GC(47)   Other: 0.2ms
[2024-08-15T12:32:25.873+0000][241.818s][info][gc,heap     ] GC(47) Eden regions: 834->0(838)
[2024-08-15T12:32:25.873+0000][241.818s][info][gc,heap     ] GC(47) Survivor regions: 27->27(108)
[2024-08-15T12:32:25.873+0000][241.818s][info][gc,heap     ] GC(47) Old regions: 257->258
[2024-08-15T12:32:25.873+0000][241.818s][info][gc,heap     ] GC(47) Archive regions: 2->2
[2024-08-15T12:32:25.873+0000][241.818s][info][gc,heap     ] GC(47) Humongous regions: 67->67
[2024-08-15T12:32:25.873+0000][241.818s][info][gc,metaspace] GC(47) Metaspace: 416905K(423040K)->416905K(423040K) NonClass: 364036K(367616K)->364036K(367616K) Class: 52868K(55424K)->52868K(55424K)
[2024-08-15T12:32:25.873+0000][241.818s][info][gc          ] GC(47) Pause Young (Normal) (G1 Evacuation Pause) 9475M->2815M(12288M) 65.276ms
[2024-08-15T12:32:25.873+0000][241.818s][info][gc,cpu      ] GC(47) User=0.38s Sys=0.00s Real=0.06s
[2024-08-15T12:32:35.069+0000][251.013s][info][gc,start    ] GC(48) Pause Young (Normal) (G1 Evacuation Pause)
[2024-08-15T12:32:35.069+0000][251.014s][info][gc,task     ] GC(48) Using 6 workers of 6 for evacuation
[2024-08-15T12:32:35.136+0000][251.081s][info][gc,phases   ] GC(48)   Pre Evacuate Collection Set: 0.2ms
[2024-08-15T12:32:35.136+0000][251.081s][info][gc,phases   ] GC(48)   Merge Heap Roots: 0.2ms
[2024-08-15T12:32:35.136+0000][251.081s][info][gc,phases   ] GC(48)   Evacuate Collection Set: 64.7ms
[2024-08-15T12:32:35.136+0000][251.081s][info][gc,phases   ] GC(48)   Post Evacuate Collection Set: 2.3ms
[2024-08-15T12:32:35.136+0000][251.081s][info][gc,phases   ] GC(48)   Other: 0.2ms
[2024-08-15T12:32:35.137+0000][251.081s][info][gc,heap     ] GC(48) Eden regions: 838->0(840)
[2024-08-15T12:32:35.137+0000][251.081s][info][gc,heap     ] GC(48) Survivor regions: 27->28(109)
[2024-08-15T12:32:35.137+0000][251.081s][info][gc,heap     ] GC(48) Old regions: 258->259
[2024-08-15T12:32:35.137+0000][251.081s][info][gc,heap     ] GC(48) Archive regions: 2->2
[2024-08-15T12:32:35.137+0000][251.081s][info][gc,heap     ] GC(48) Humongous regions: 67->67
[2024-08-15T12:32:35.137+0000][251.081s][info][gc,metaspace] GC(48) Metaspace: 417406K(423552K)->417406K(423552K) NonClass: 364480K(368064K)->364480K(368064K) Class: 52926K(55488K)->52926K(55488K)
[2024-08-15T12:32:35.137+0000][251.081s][info][gc          ] GC(48) Pause Young (Normal) (G1 Evacuation Pause) 9519M->2831M(12288M) 67.692ms
[2024-08-15T12:32:35.137+0000][251.081s][info][gc,cpu      ] GC(48) User=0.40s Sys=0.01s Real=0.07s
[2024-08-15T12:32:44.376+0000][260.320s][info][gc,start    ] GC(49) Pause Young (Normal) (G1 Evacuation Pause)
[2024-08-15T12:32:44.376+0000][260.320s][info][gc,task     ] GC(49) Using 6 workers of 6 for evacuation
[2024-08-15T12:32:44.442+0000][260.386s][info][gc,phases   ] GC(49)   Pre Evacuate Collection Set: 0.2ms
[2024-08-15T12:32:44.442+0000][260.387s][info][gc,phases   ] GC(49)   Merge Heap Roots: 0.2ms
[2024-08-15T12:32:44.442+0000][260.387s][info][gc,phases   ] GC(49)   Evacuate Collection Set: 63.1ms
[2024-08-15T12:32:44.442+0000][260.387s][info][gc,phases   ] GC(49)   Post Evacuate Collection Set: 2.4ms
[2024-08-15T12:32:44.442+0000][260.387s][info][gc,phases   ] GC(49)   Other: 0.2ms
[2024-08-15T12:32:44.442+0000][260.387s][info][gc,heap     ] GC(49) Eden regions: 840->0(840)
[2024-08-15T12:32:44.442+0000][260.387s][info][gc,heap     ] GC(49) Survivor regions: 28->30(109)
[2024-08-15T12:32:44.442+0000][260.387s][info][gc,heap     ] GC(49) Old regions: 259->259
[2024-08-15T12:32:44.442+0000][260.387s][info][gc,heap     ] GC(49) Archive regions: 2->2
[2024-08-15T12:32:44.442+0000][260.387s][info][gc,heap     ] GC(49) Humongous regions: 67->67
[2024-08-15T12:32:44.442+0000][260.387s][info][gc,metaspace] GC(49) Metaspace: 417446K(423552K)->417446K(423552K) NonClass: 364518K(368064K)->364518K(368064K) Class: 52927K(55488K)->52927K(55488K)
[2024-08-15T12:32:44.442+0000][260.387s][info][gc          ] GC(49) Pause Young (Normal) (G1 Evacuation Pause) 9551M->2849M(12288M) 66.211ms
[2024-08-15T12:32:44.442+0000][260.387s][info][gc,cpu      ] GC(49) User=0.40s Sys=0.00s Real=0.06s
[2024-08-15T12:32:53.195+0000][269.140s][info][gc,start    ] GC(50) Pause Young (Normal) (G1 Evacuation Pause)
[2024-08-15T12:32:53.195+0000][269.140s][info][gc,task     ] GC(50) Using 6 workers of 6 for evacuation
[2024-08-15T12:32:53.266+0000][269.210s][info][gc,phases   ] GC(50)   Pre Evacuate Collection Set: 0.2ms
[2024-08-15T12:32:53.266+0000][269.210s][info][gc,phases   ] GC(50)   Merge Heap Roots: 0.2ms
[2024-08-15T12:32:53.266+0000][269.210s][info][gc,phases   ] GC(50)   Evacuate Collection Set: 67.7ms
[2024-08-15T12:32:53.266+0000][269.210s][info][gc,phases   ] GC(50)   Post Evacuate Collection Set: 2.2ms
[2024-08-15T12:32:53.266+0000][269.210s][info][gc,phases   ] GC(50)   Other: 0.2ms
[2024-08-15T12:32:53.266+0000][269.210s][info][gc,heap     ] GC(50) Eden regions: 840->0(846)
[2024-08-15T12:32:53.266+0000][269.210s][info][gc,heap     ] GC(50) Survivor regions: 30->27(109)
[2024-08-15T12:32:53.266+0000][269.210s][info][gc,heap     ] GC(50) Old regions: 259->259
[2024-08-15T12:32:53.266+0000][269.210s][info][gc,heap     ] GC(50) Archive regions: 2->2
[2024-08-15T12:32:53.266+0000][269.210s][info][gc,heap     ] GC(50) Humongous regions: 67->67
[2024-08-15T12:32:53.266+0000][269.210s][info][gc,metaspace] GC(50) Metaspace: 417495K(423616K)->417495K(423616K) NonClass: 364566K(368128K)->364566K(368128K) Class: 52929K(55488K)->52929K(55488K)
[2024-08-15T12:32:53.266+0000][269.210s][info][gc          ] GC(50) Pause Young (Normal) (G1 Evacuation Pause) 9569M->2823M(12288M) 70.595ms
[2024-08-15T12:32:53.266+0000][269.210s][info][gc,cpu      ] GC(50) User=0.42s Sys=0.00s Real=0.07s
[2024-08-15T12:33:02.548+0000][278.492s][info][gc,start    ] GC(51) Pause Young (Normal) (G1 Evacuation Pause)
[2024-08-15T12:33:02.548+0000][278.492s][info][gc,task     ] GC(51) Using 6 workers of 6 for evacuation
[2024-08-15T12:33:02.621+0000][278.566s][info][gc,phases   ] GC(51)   Pre Evacuate Collection Set: 0.2ms
[2024-08-15T12:33:02.621+0000][278.566s][info][gc,phases   ] GC(51)   Merge Heap Roots: 0.2ms
[2024-08-15T12:33:02.621+0000][278.566s][info][gc,phases   ] GC(51)   Evacuate Collection Set: 70.3ms
[2024-08-15T12:33:02.621+0000][278.566s][info][gc,phases   ] GC(51)   Post Evacuate Collection Set: 2.5ms
[2024-08-15T12:33:02.621+0000][278.566s][info][gc,phases   ] GC(51)   Other: 0.2ms
[2024-08-15T12:33:02.621+0000][278.566s][info][gc,heap     ] GC(51) Eden regions: 846->0(843)
[2024-08-15T12:33:02.621+0000][278.566s][info][gc,heap     ] GC(51) Survivor regions: 27->28(110)
[2024-08-15T12:33:02.621+0000][278.566s][info][gc,heap     ] GC(51) Old regions: 259->260
[2024-08-15T12:33:02.621+0000][278.566s][info][gc,heap     ] GC(51) Archive regions: 2->2
[2024-08-15T12:33:02.621+0000][278.566s][info][gc,heap     ] GC(51) Humongous regions: 67->67
[2024-08-15T12:33:02.621+0000][278.566s][info][gc,metaspace] GC(51) Metaspace: 417547K(423680K)->417547K(423680K) NonClass: 364617K(368192K)->364617K(368192K) Class: 52929K(55488K)->52929K(55488K)
[2024-08-15T12:33:02.621+0000][278.566s][info][gc          ] GC(51) Pause Young (Normal) (G1 Evacuation Pause) 9591M->2838M(12288M) 73.486ms
[2024-08-15T12:33:02.621+0000][278.566s][info][gc,cpu      ] GC(51) User=0.44s Sys=0.00s Real=0.07s
[2024-08-15T12:33:11.278+0000][287.223s][info][gc,start    ] GC(52) Pause Young (Normal) (G1 Evacuation Pause)
[2024-08-15T12:33:11.278+0000][287.223s][info][gc,task     ] GC(52) Using 6 workers of 6 for evacuation
[2024-08-15T12:33:11.346+0000][287.291s][info][gc,phases   ] GC(52)   Pre Evacuate Collection Set: 0.2ms
[2024-08-15T12:33:11.346+0000][287.291s][info][gc,phases   ] GC(52)   Merge Heap Roots: 0.2ms
[2024-08-15T12:33:11.346+0000][287.291s][info][gc,phases   ] GC(52)   Evacuate Collection Set: 64.8ms
[2024-08-15T12:33:11.346+0000][287.291s][info][gc,phases   ] GC(52)   Post Evacuate Collection Set: 2.5ms
[2024-08-15T12:33:11.346+0000][287.291s][info][gc,phases   ] GC(52)   Other: 0.2ms
[2024-08-15T12:33:11.346+0000][287.291s][info][gc,heap     ] GC(52) Eden regions: 843->0(843)
[2024-08-15T12:33:11.346+0000][287.291s][info][gc,heap     ] GC(52) Survivor regions: 28->28(109)
[2024-08-15T12:33:11.346+0000][287.291s][info][gc,heap     ] GC(52) Old regions: 260->260
[2024-08-15T12:33:11.346+0000][287.291s][info][gc,heap     ] GC(52) Archive regions: 2->2
[2024-08-15T12:33:11.346+0000][287.291s][info][gc,heap     ] GC(52) Humongous regions: 67->67
[2024-08-15T12:33:11.346+0000][287.291s][info][gc,metaspace] GC(52) Metaspace: 417610K(423680K)->417610K(423680K) NonClass: 364678K(368192K)->364678K(368192K) Class: 52932K(55488K)->52932K(55488K)
[2024-08-15T12:33:11.346+0000][287.291s][info][gc          ] GC(52) Pause Young (Normal) (G1 Evacuation Pause) 9582M->2838M(12288M) 67.936ms
[2024-08-15T12:33:11.346+0000][287.291s][info][gc,cpu      ] GC(52) User=0.40s Sys=0.01s Real=0.07s
[2024-08-15T12:33:20.783+0000][296.728s][info][gc,start    ] GC(53) Pause Young (Normal) (G1 Evacuation Pause)
[2024-08-15T12:33:20.783+0000][296.728s][info][gc,task     ] GC(53) Using 6 workers of 6 for evacuation
[2024-08-15T12:33:20.853+0000][296.798s][info][gc,phases   ] GC(53)   Pre Evacuate Collection Set: 0.2ms
[2024-08-15T12:33:20.853+0000][296.798s][info][gc,phases   ] GC(53)   Merge Heap Roots: 0.2ms
[2024-08-15T12:33:20.853+0000][296.798s][info][gc,phases   ] GC(53)   Evacuate Collection Set: 67.1ms
[2024-08-15T12:33:20.853+0000][296.798s][info][gc,phases   ] GC(53)   Post Evacuate Collection Set: 2.2ms
[2024-08-15T12:33:20.853+0000][296.798s][info][gc,phases   ] GC(53)   Other: 0.2ms
[2024-08-15T12:33:20.853+0000][296.798s][info][gc,heap     ] GC(53) Eden regions: 843->0(842)
[2024-08-15T12:33:20.853+0000][296.798s][info][gc,heap     ] GC(53) Survivor regions: 28->28(109)
[2024-08-15T12:33:20.853+0000][296.798s][info][gc,heap     ] GC(53) Old regions: 260->261
[2024-08-15T12:33:20.853+0000][296.798s][info][gc,heap     ] GC(53) Archive regions: 2->2
[2024-08-15T12:33:20.853+0000][296.798s][info][gc,heap     ] GC(53) Humongous regions: 67->67
[2024-08-15T12:33:20.853+0000][296.798s][info][gc,metaspace] GC(53) Metaspace: 417619K(423680K)->417619K(423680K) NonClass: 364687K(368192K)->364687K(368192K) Class: 52932K(55488K)->52932K(55488K)
[2024-08-15T12:33:20.853+0000][296.798s][info][gc          ] GC(53) Pause Young (Normal) (G1 Evacuation Pause) 9582M->2848M(12288M) 70.009ms
[2024-08-15T12:33:20.853+0000][296.798s][info][gc,cpu      ] GC(53) User=0.40s Sys=0.01s Real=0.06s
[2024-08-15T12:33:30.028+0000][305.973s][info][gc,start    ] GC(54) Pause Young (Normal) (G1 Evacuation Pause)
[2024-08-15T12:33:30.028+0000][305.973s][info][gc,task     ] GC(54) Using 6 workers of 6 for evacuation
[2024-08-15T12:33:30.102+0000][306.046s][info][gc,phases   ] GC(54)   Pre Evacuate Collection Set: 0.2ms
[2024-08-15T12:33:30.102+0000][306.046s][info][gc,phases   ] GC(54)   Merge Heap Roots: 0.2ms
[2024-08-15T12:33:30.102+0000][306.046s][info][gc,phases   ] GC(54)   Evacuate Collection Set: 70.6ms
[2024-08-15T12:33:30.102+0000][306.046s][info][gc,phases   ] GC(54)   Post Evacuate Collection Set: 2.3ms
[2024-08-15T12:33:30.102+0000][306.046s][info][gc,phases   ] GC(54)   Other: 0.2ms
[2024-08-15T12:33:30.102+0000][306.046s][info][gc,heap     ] GC(54) Eden regions: 842->0(837)
[2024-08-15T12:33:30.102+0000][306.046s][info][gc,heap     ] GC(54) Survivor regions: 28->30(109)
[2024-08-15T12:33:30.102+0000][306.046s][info][gc,heap     ] GC(54) Old regions: 261->262
[2024-08-15T12:33:30.102+0000][306.046s][info][gc,heap     ] GC(54) Archive regions: 2->2
[2024-08-15T12:33:30.102+0000][306.046s][info][gc,heap     ] GC(54) Humongous regions: 67->67
[2024-08-15T12:33:30.102+0000][306.046s][info][gc,metaspace] GC(54) Metaspace: 417634K(423744K)->417634K(423744K) NonClass: 364702K(368256K)->364702K(368256K) Class: 52932K(55488K)->52932K(55488K)
[2024-08-15T12:33:30.102+0000][306.046s][info][gc          ] GC(54) Pause Young (Normal) (G1 Evacuation Pause) 9584M->2871M(12288M) 73.616ms
[2024-08-15T12:33:30.102+0000][306.047s][info][gc,cpu      ] GC(54) User=0.43s Sys=0.00s Real=0.07s
[2024-08-15T12:33:39.137+0000][315.081s][info][gc,start    ] GC(55) Pause Young (Normal) (G1 Evacuation Pause)
[2024-08-15T12:33:39.137+0000][315.081s][info][gc,task     ] GC(55) Using 6 workers of 6 for evacuation
[2024-08-15T12:33:39.210+0000][315.155s][info][gc,phases   ] GC(55)   Pre Evacuate Collection Set: 0.2ms
[2024-08-15T12:33:39.210+0000][315.155s][info][gc,phases   ] GC(55)   Merge Heap Roots: 0.2ms
[2024-08-15T12:33:39.210+0000][315.155s][info][gc,phases   ] GC(55)   Evacuate Collection Set: 70.3ms
[2024-08-15T12:33:39.210+0000][315.155s][info][gc,phases   ] GC(55)   Post Evacuate Collection Set: 2.4ms
[2024-08-15T12:33:39.210+0000][315.155s][info][gc,phases   ] GC(55)   Other: 0.2ms
[2024-08-15T12:33:39.210+0000][315.155s][info][gc,heap     ] GC(55) Eden regions: 837->0(830)
[2024-08-15T12:33:39.210+0000][315.155s][info][gc,heap     ] GC(55) Survivor regions: 30->33(109)
[2024-08-15T12:33:39.210+0000][315.155s][info][gc,heap     ] GC(55) Old regions: 262->263
[2024-08-15T12:33:39.210+0000][315.155s][info][gc,heap     ] GC(55) Archive regions: 2->2
[2024-08-15T12:33:39.210+0000][315.155s][info][gc,heap     ] GC(55) Humongous regions: 67->67
[2024-08-15T12:33:39.210+0000][315.155s][info][gc,metaspace] GC(55) Metaspace: 417703K(423744K)->417703K(423744K) NonClass: 364770K(368256K)->364770K(368256K) Class: 52933K(55488K)->52933K(55488K)
[2024-08-15T12:33:39.210+0000][315.155s][info][gc          ] GC(55) Pause Young (Normal) (G1 Evacuation Pause) 9567M->2898M(12288M) 73.423ms
[2024-08-15T12:33:39.210+0000][315.155s][info][gc,cpu      ] GC(55) User=0.44s Sys=0.00s Real=0.07s
[2024-08-15T12:33:48.234+0000][324.178s][info][gc,start    ] GC(56) Pause Young (Normal) (G1 Evacuation Pause)
[2024-08-15T12:33:48.234+0000][324.178s][info][gc,task     ] GC(56) Using 6 workers of 6 for evacuation
[2024-08-15T12:33:48.311+0000][324.256s][info][gc,phases   ] GC(56)   Pre Evacuate Collection Set: 0.2ms
[2024-08-15T12:33:48.311+0000][324.256s][info][gc,phases   ] GC(56)   Merge Heap Roots: 0.2ms
[2024-08-15T12:33:48.311+0000][324.256s][info][gc,phases   ] GC(56)   Evacuate Collection Set: 74.6ms
[2024-08-15T12:33:48.311+0000][324.256s][info][gc,phases   ] GC(56)   Post Evacuate Collection Set: 2.3ms
[2024-08-15T12:33:48.311+0000][324.256s][info][gc,phases   ] GC(56)   Other: 0.2ms
[2024-08-15T12:33:48.311+0000][324.256s][info][gc,heap     ] GC(56) Eden regions: 830->0(837)
[2024-08-15T12:33:48.311+0000][324.256s][info][gc,heap     ] GC(56) Survivor regions: 33->29(108)
[2024-08-15T12:33:48.311+0000][324.256s][info][gc,heap     ] GC(56) Old regions: 263->264
[2024-08-15T12:33:48.311+0000][324.256s][info][gc,heap     ] GC(56) Archive regions: 2->2
[2024-08-15T12:33:48.311+0000][324.256s][info][gc,heap     ] GC(56) Humongous regions: 67->67
[2024-08-15T12:33:48.311+0000][324.256s][info][gc,metaspace] GC(56) Metaspace: 417769K(423872K)->417769K(423872K) NonClass: 364835K(368384K)->364835K(368384K) Class: 52934K(55488K)->52934K(55488K)
[2024-08-15T12:33:48.311+0000][324.256s][info][gc          ] GC(56) Pause Young (Normal) (G1 Evacuation Pause) 9538M->2873M(12288M) 77.636ms
[2024-08-15T12:33:48.311+0000][324.256s][info][gc,cpu      ] GC(56) User=0.45s Sys=0.01s Real=0.08s
[2024-08-15T12:33:57.575+0000][333.519s][info][gc,start    ] GC(57) Pause Young (Normal) (G1 Evacuation Pause)
[2024-08-15T12:33:57.575+0000][333.520s][info][gc,task     ] GC(57) Using 6 workers of 6 for evacuation
[2024-08-15T12:33:57.651+0000][333.595s][info][gc,phases   ] GC(57)   Pre Evacuate Collection Set: 0.2ms
[2024-08-15T12:33:57.651+0000][333.595s][info][gc,phases   ] GC(57)   Merge Heap Roots: 0.2ms
[2024-08-15T12:33:57.651+0000][333.595s][info][gc,phases   ] GC(57)   Evacuate Collection Set: 72.8ms
[2024-08-15T12:33:57.651+0000][333.595s][info][gc,phases   ] GC(57)   Post Evacuate Collection Set: 2.2ms
[2024-08-15T12:33:57.651+0000][333.595s][info][gc,phases   ] GC(57)   Other: 0.2ms
[2024-08-15T12:33:57.651+0000][333.595s][info][gc,heap     ] GC(57) Eden regions: 837->0(835)
[2024-08-15T12:33:57.651+0000][333.595s][info][gc,heap     ] GC(57) Survivor regions: 29->30(109)
[2024-08-15T12:33:57.651+0000][333.595s][info][gc,heap     ] GC(57) Old regions: 264->264
[2024-08-15T12:33:57.651+0000][333.595s][info][gc,heap     ] GC(57) Archive regions: 2->2
[2024-08-15T12:33:57.651+0000][333.595s][info][gc,heap     ] GC(57) Humongous regions: 67->67
[2024-08-15T12:33:57.651+0000][333.595s][info][gc,metaspace] GC(57) Metaspace: 417790K(423872K)->417790K(423872K) NonClass: 364855K(368384K)->364855K(368384K) Class: 52934K(55488K)->52934K(55488K)
[2024-08-15T12:33:57.651+0000][333.595s][info][gc          ] GC(57) Pause Young (Normal) (G1 Evacuation Pause) 9569M->2888M(12288M) 75.750ms
[2024-08-15T12:33:57.651+0000][333.595s][info][gc,cpu      ] GC(57) User=0.43s Sys=0.01s Real=0.08s
[2024-08-15T12:34:06.788+0000][342.732s][info][gc,start    ] GC(58) Pause Young (Normal) (G1 Evacuation Pause)
[2024-08-15T12:34:06.788+0000][342.732s][info][gc,task     ] GC(58) Using 6 workers of 6 for evacuation
[2024-08-15T12:34:06.862+0000][342.807s][info][gc,phases   ] GC(58)   Pre Evacuate Collection Set: 0.2ms
[2024-08-15T12:34:06.862+0000][342.807s][info][gc,phases   ] GC(58)   Merge Heap Roots: 0.2ms
[2024-08-15T12:34:06.862+0000][342.807s][info][gc,phases   ] GC(58)   Evacuate Collection Set: 72.0ms
[2024-08-15T12:34:06.862+0000][342.807s][info][gc,phases   ] GC(58)   Post Evacuate Collection Set: 2.3ms
[2024-08-15T12:34:06.862+0000][342.807s][info][gc,phases   ] GC(58)   Other: 0.2ms
[2024-08-15T12:34:06.862+0000][342.807s][info][gc,heap     ] GC(58) Eden regions: 835->0(832)
[2024-08-15T12:34:06.862+0000][342.807s][info][gc,heap     ] GC(58) Survivor regions: 30->31(109)
[2024-08-15T12:34:06.862+0000][342.807s][info][gc,heap     ] GC(58) Old regions: 264->265
[2024-08-15T12:34:06.862+0000][342.807s][info][gc,heap     ] GC(58) Archive regions: 2->2
[2024-08-15T12:34:06.862+0000][342.807s][info][gc,heap     ] GC(58) Humongous regions: 67->67
[2024-08-15T12:34:06.862+0000][342.807s][info][gc,metaspace] GC(58) Metaspace: 417814K(423936K)->417814K(423936K) NonClass: 364879K(368448K)->364879K(368448K) Class: 52934K(55488K)->52934K(55488K)
[2024-08-15T12:34:06.862+0000][342.807s][info][gc          ] GC(58) Pause Young (Normal) (G1 Evacuation Pause) 9568M->2907M(12288M) 74.970ms
[2024-08-15T12:34:06.863+0000][342.807s][info][gc,cpu      ] GC(58) User=0.44s Sys=0.01s Real=0.07s
[2024-08-15T12:34:15.571+0000][351.516s][info][gc,start    ] GC(59) Pause Young (Normal) (G1 Evacuation Pause)
[2024-08-15T12:34:15.571+0000][351.516s][info][gc,task     ] GC(59) Using 6 workers of 6 for evacuation
[2024-08-15T12:34:15.647+0000][351.592s][info][gc,phases   ] GC(59)   Pre Evacuate Collection Set: 0.2ms
[2024-08-15T12:34:15.647+0000][351.592s][info][gc,phases   ] GC(59)   Merge Heap Roots: 0.2ms
[2024-08-15T12:34:15.647+0000][351.592s][info][gc,phases   ] GC(59)   Evacuate Collection Set: 73.2ms
[2024-08-15T12:34:15.647+0000][351.592s][info][gc,phases   ] GC(59)   Post Evacuate Collection Set: 2.2ms
[2024-08-15T12:34:15.647+0000][351.592s][info][gc,phases   ] GC(59)   Other: 0.2ms
[2024-08-15T12:34:15.647+0000][351.592s][info][gc,heap     ] GC(59) Eden regions: 832->0(835)
[2024-08-15T12:34:15.647+0000][351.592s][info][gc,heap     ] GC(59) Survivor regions: 31->29(108)
[2024-08-15T12:34:15.647+0000][351.592s][info][gc,heap     ] GC(59) Old regions: 265->266
[2024-08-15T12:34:15.647+0000][351.592s][info][gc,heap     ] GC(59) Archive regions: 2->2
[2024-08-15T12:34:15.647+0000][351.592s][info][gc,heap     ] GC(59) Humongous regions: 67->67
[2024-08-15T12:34:15.647+0000][351.592s][info][gc,metaspace] GC(59) Metaspace: 417843K(423936K)->417843K(423936K) NonClass: 364907K(368448K)->364907K(368448K) Class: 52936K(55488K)->52936K(55488K)
[2024-08-15T12:34:15.647+0000][351.592s][info][gc          ] GC(59) Pause Young (Normal) (G1 Evacuation Pause) 9563M->2899M(12288M) 76.176ms
[2024-08-15T12:34:15.647+0000][351.592s][info][gc,cpu      ] GC(59) User=0.44s Sys=0.01s Real=0.08s
[2024-08-15T12:34:24.729+0000][360.674s][info][gc,start    ] GC(60) Pause Young (Normal) (G1 Evacuation Pause)
[2024-08-15T12:34:24.729+0000][360.674s][info][gc,task     ] GC(60) Using 6 workers of 6 for evacuation
[2024-08-15T12:34:24.813+0000][360.758s][info][gc,phases   ] GC(60)   Pre Evacuate Collection Set: 0.2ms
[2024-08-15T12:34:24.813+0000][360.758s][info][gc,phases   ] GC(60)   Merge Heap Roots: 0.2ms
[2024-08-15T12:34:24.813+0000][360.758s][info][gc,phases   ] GC(60)   Evacuate Collection Set: 80.6ms
[2024-08-15T12:34:24.813+0000][360.758s][info][gc,phases   ] GC(60)   Post Evacuate Collection Set: 2.5ms
[2024-08-15T12:34:24.813+0000][360.758s][info][gc,phases   ] GC(60)   Other: 0.2ms
[2024-08-15T12:34:24.813+0000][360.758s][info][gc,heap     ] GC(60) Eden regions: 835->0(834)
[2024-08-15T12:34:24.813+0000][360.758s][info][gc,heap     ] GC(60) Survivor regions: 29->28(108)
[2024-08-15T12:34:24.813+0000][360.758s][info][gc,heap     ] GC(60) Old regions: 266->269
[2024-08-15T12:34:24.813+0000][360.758s][info][gc,heap     ] GC(60) Archive regions: 2->2
[2024-08-15T12:34:24.813+0000][360.758s][info][gc,heap     ] GC(60) Humongous regions: 67->67
[2024-08-15T12:34:24.813+0000][360.758s][info][gc,metaspace] GC(60) Metaspace: 417856K(423936K)->417856K(423936K) NonClass: 364920K(368448K)->364920K(368448K) Class: 52936K(55488K)->52936K(55488K)
[2024-08-15T12:34:24.813+0000][360.758s][info][gc          ] GC(60) Pause Young (Normal) (G1 Evacuation Pause) 9579M->2913M(12288M) 83.791ms
[2024-08-15T12:34:24.813+0000][360.758s][info][gc,cpu      ] GC(60) User=0.49s Sys=0.00s Real=0.08s
[2024-08-15T12:34:33.649+0000][369.594s][info][gc,start    ] GC(61) Pause Young (Normal) (G1 Evacuation Pause)
[2024-08-15T12:34:33.649+0000][369.594s][info][gc,task     ] GC(61) Using 6 workers of 6 for evacuation
[2024-08-15T12:34:33.716+0000][369.660s][info][gc,phases   ] GC(61)   Pre Evacuate Collection Set: 0.2ms
[2024-08-15T12:34:33.716+0000][369.660s][info][gc,phases   ] GC(61)   Merge Heap Roots: 0.2ms
[2024-08-15T12:34:33.716+0000][369.660s][info][gc,phases   ] GC(61)   Evacuate Collection Set: 63.7ms
[2024-08-15T12:34:33.716+0000][369.660s][info][gc,phases   ] GC(61)   Post Evacuate Collection Set: 2.3ms
[2024-08-15T12:34:33.716+0000][369.660s][info][gc,phases   ] GC(61)   Other: 0.2ms
[2024-08-15T12:34:33.716+0000][369.660s][info][gc,heap     ] GC(61) Eden regions: 834->0(838)
[2024-08-15T12:34:33.716+0000][369.660s][info][gc,heap     ] GC(61) Survivor regions: 28->25(108)
[2024-08-15T12:34:33.716+0000][369.660s][info][gc,heap     ] GC(61) Old regions: 269->271
[2024-08-15T12:34:33.716+0000][369.660s][info][gc,heap     ] GC(61) Archive regions: 2->2
[2024-08-15T12:34:33.716+0000][369.660s][info][gc,heap     ] GC(61) Humongous regions: 67->67
[2024-08-15T12:34:33.716+0000][369.660s][info][gc,metaspace] GC(61) Metaspace: 417942K(424064K)->417942K(424064K) NonClass: 364998K(368512K)->364998K(368512K) Class: 52944K(55552K)->52944K(55552K)
[2024-08-15T12:34:33.716+0000][369.660s][info][gc          ] GC(61) Pause Young (Normal) (G1 Evacuation Pause) 9585M->2901M(12288M) 66.684ms
[2024-08-15T12:34:33.716+0000][369.660s][info][gc,cpu      ] GC(61) User=0.40s Sys=0.00s Real=0.07s
[2024-08-15T12:34:43.047+0000][378.992s][info][gc,start    ] GC(62) Pause Young (Normal) (G1 Evacuation Pause)
[2024-08-15T12:34:43.047+0000][378.992s][info][gc,task     ] GC(62) Using 6 workers of 6 for evacuation
[2024-08-15T12:34:43.110+0000][379.055s][info][gc,phases   ] GC(62)   Pre Evacuate Collection Set: 0.2ms
[2024-08-15T12:34:43.110+0000][379.055s][info][gc,phases   ] GC(62)   Merge Heap Roots: 0.2ms
[2024-08-15T12:34:43.111+0000][379.055s][info][gc,phases   ] GC(62)   Evacuate Collection Set: 60.3ms
[2024-08-15T12:34:43.111+0000][379.055s][info][gc,phases   ] GC(62)   Post Evacuate Collection Set: 2.4ms
[2024-08-15T12:34:43.111+0000][379.055s][info][gc,phases   ] GC(62)   Other: 0.2ms
[2024-08-15T12:34:43.111+0000][379.055s][info][gc,heap     ] GC(62) Eden regions: 838->0(834)
[2024-08-15T12:34:43.111+0000][379.055s][info][gc,heap     ] GC(62) Survivor regions: 25->27(108)
[2024-08-15T12:34:43.111+0000][379.055s][info][gc,heap     ] GC(62) Old regions: 271->271
[2024-08-15T12:34:43.111+0000][379.055s][info][gc,heap     ] GC(62) Archive regions: 2->2
[2024-08-15T12:34:43.111+0000][379.055s][info][gc,heap     ] GC(62) Humongous regions: 67->67
[2024-08-15T12:34:43.111+0000][379.055s][info][gc,metaspace] GC(62) Metaspace: 417974K(424128K)->417974K(424128K) NonClass: 365029K(368576K)->365029K(368576K) Class: 52945K(55552K)->52945K(55552K)
[2024-08-15T12:34:43.111+0000][379.055s][info][gc          ] GC(62) Pause Young (Normal) (G1 Evacuation Pause) 9605M->2920M(12288M) 63.360ms
[2024-08-15T12:34:43.111+0000][379.055s][info][gc,cpu      ] GC(62) User=0.37s Sys=0.00s Real=0.06s
[2024-08-15T12:34:50.146+0000][386.091s][info][gc,start    ] GC(63) Pause Young (Normal) (G1 Evacuation Pause)
[2024-08-15T12:34:50.146+0000][386.091s][info][gc,task     ] GC(63) Using 6 workers of 6 for evacuation
[2024-08-15T12:34:50.224+0000][386.169s][info][gc,phases   ] GC(63)   Pre Evacuate Collection Set: 0.2ms
[2024-08-15T12:34:50.224+0000][386.169s][info][gc,phases   ] GC(63)   Merge Heap Roots: 0.2ms
[2024-08-15T12:34:50.224+0000][386.169s][info][gc,phases   ] GC(63)   Evacuate Collection Set: 70.8ms
[2024-08-15T12:34:50.224+0000][386.169s][info][gc,phases   ] GC(63)   Post Evacuate Collection Set: 6.2ms
[2024-08-15T12:34:50.224+0000][386.169s][info][gc,phases   ] GC(63)   Other: 0.2ms
[2024-08-15T12:34:50.224+0000][386.169s][info][gc,heap     ] GC(63) Eden regions: 834->0(833)
[2024-08-15T12:34:50.224+0000][386.169s][info][gc,heap     ] GC(63) Survivor regions: 27->27(108)
[2024-08-15T12:34:50.224+0000][386.169s][info][gc,heap     ] GC(63) Old regions: 271->272
[2024-08-15T12:34:50.224+0000][386.169s][info][gc,heap     ] GC(63) Archive regions: 2->2
[2024-08-15T12:34:50.224+0000][386.169s][info][gc,heap     ] GC(63) Humongous regions: 67->67
[2024-08-15T12:34:50.224+0000][386.169s][info][gc,metaspace] GC(63) Metaspace: 418016K(424128K)->418016K(424128K) NonClass: 365069K(368576K)->365069K(368576K) Class: 52947K(55552K)->52947K(55552K)
[2024-08-15T12:34:50.224+0000][386.169s][info][gc          ] GC(63) Pause Young (Normal) (G1 Evacuation Pause) 9592M->2931M(12288M) 77.706ms
[2024-08-15T12:34:50.224+0000][386.169s][info][gc,cpu      ] GC(63) User=0.46s Sys=0.00s Real=0.08s
[2024-08-15T12:34:52.777+0000][388.721s][info][gc,start    ] GC(64) Pause Young (Normal) (G1 Evacuation Pause)
[2024-08-15T12:34:52.777+0000][388.721s][info][gc,task     ] GC(64) Using 6 workers of 6 for evacuation
[2024-08-15T12:34:52.896+0000][388.840s][info][gc,phases   ] GC(64)   Pre Evacuate Collection Set: 0.2ms
[2024-08-15T12:34:52.896+0000][388.840s][info][gc,phases   ] GC(64)   Merge Heap Roots: 0.2ms
[2024-08-15T12:34:52.896+0000][388.840s][info][gc,phases   ] GC(64)   Evacuate Collection Set: 99.4ms
[2024-08-15T12:34:52.896+0000][388.840s][info][gc,phases   ] GC(64)   Post Evacuate Collection Set: 19.2ms
[2024-08-15T12:34:52.896+0000][388.840s][info][gc,phases   ] GC(64)   Other: 0.2ms
[2024-08-15T12:34:52.896+0000][388.840s][info][gc,heap     ] GC(64) Eden regions: 833->0(824)
[2024-08-15T12:34:52.896+0000][388.840s][info][gc,heap     ] GC(64) Survivor regions: 27->31(108)
[2024-08-15T12:34:52.896+0000][388.841s][info][gc,heap     ] GC(64) Old regions: 272->273
[2024-08-15T12:34:52.896+0000][388.841s][info][gc,heap     ] GC(64) Archive regions: 2->2
[2024-08-15T12:34:52.896+0000][388.841s][info][gc,heap     ] GC(64) Humongous regions: 67->67
[2024-08-15T12:34:52.896+0000][388.841s][info][gc,metaspace] GC(64) Metaspace: 418030K(424192K)->418030K(424192K) NonClass: 365081K(368640K)->365081K(368640K) Class: 52949K(55552K)->52949K(55552K)
[2024-08-15T12:34:52.896+0000][388.841s][info][gc          ] GC(64) Pause Young (Normal) (G1 Evacuation Pause) 9595M->2970M(12288M) 119.391ms
[2024-08-15T12:34:52.896+0000][388.841s][info][gc,cpu      ] GC(64) User=0.70s Sys=0.00s Real=0.12s
[2024-08-15T12:34:55.589+0000][391.534s][info][gc,start    ] GC(65) Pause Young (Normal) (G1 Evacuation Pause)
[2024-08-15T12:34:55.589+0000][391.534s][info][gc,task     ] GC(65) Using 6 workers of 6 for evacuation
[2024-08-15T12:34:55.722+0000][391.666s][info][gc,phases   ] GC(65)   Pre Evacuate Collection Set: 0.2ms
[2024-08-15T12:34:55.722+0000][391.666s][info][gc,phases   ] GC(65)   Merge Heap Roots: 0.2ms
[2024-08-15T12:34:55.722+0000][391.666s][info][gc,phases   ] GC(65)   Evacuate Collection Set: 111.3ms
[2024-08-15T12:34:55.722+0000][391.666s][info][gc,phases   ] GC(65)   Post Evacuate Collection Set: 20.3ms
[2024-08-15T12:34:55.722+0000][391.666s][info][gc,phases   ] GC(65)   Other: 0.2ms
[2024-08-15T12:34:55.722+0000][391.666s][info][gc,heap     ] GC(65) Eden regions: 824->0(817)
[2024-08-15T12:34:55.722+0000][391.666s][info][gc,heap     ] GC(65) Survivor regions: 31->34(107)
[2024-08-15T12:34:55.722+0000][391.666s][info][gc,heap     ] GC(65) Old regions: 273->274
[2024-08-15T12:34:55.722+0000][391.666s][info][gc,heap     ] GC(65) Archive regions: 2->2
[2024-08-15T12:34:55.722+0000][391.666s][info][gc,heap     ] GC(65) Humongous regions: 67->67
[2024-08-15T12:34:55.722+0000][391.666s][info][gc,metaspace] GC(65) Metaspace: 418047K(424192K)->418047K(424192K) NonClass: 365098K(368640K)->365098K(368640K) Class: 52949K(55552K)->52949K(55552K)
[2024-08-15T12:34:55.722+0000][391.666s][info][gc          ] GC(65) Pause Young (Normal) (G1 Evacuation Pause) 9562M->2997M(12288M) 132.314ms
[2024-08-15T12:34:55.722+0000][391.666s][info][gc,cpu      ] GC(65) User=0.78s Sys=0.00s Real=0.13s
[2024-08-15T12:34:58.569+0000][394.514s][info][gc,start    ] GC(66) Pause Young (Normal) (G1 Evacuation Pause)
[2024-08-15T12:34:58.569+0000][394.514s][info][gc,task     ] GC(66) Using 6 workers of 6 for evacuation
[2024-08-15T12:34:58.725+0000][394.669s][info][gc,phases   ] GC(66)   Pre Evacuate Collection Set: 0.2ms
[2024-08-15T12:34:58.725+0000][394.669s][info][gc,phases   ] GC(66)   Merge Heap Roots: 0.2ms
[2024-08-15T12:34:58.725+0000][394.669s][info][gc,phases   ] GC(66)   Evacuate Collection Set: 129.4ms
[2024-08-15T12:34:58.725+0000][394.669s][info][gc,phases   ] GC(66)   Post Evacuate Collection Set: 25.5ms
[2024-08-15T12:34:58.725+0000][394.669s][info][gc,phases   ] GC(66)   Other: 0.2ms
[2024-08-15T12:34:58.725+0000][394.669s][info][gc,heap     ] GC(66) Eden regions: 817->0(804)
[2024-08-15T12:34:58.725+0000][394.669s][info][gc,heap     ] GC(66) Survivor regions: 34->40(107)
[2024-08-15T12:34:58.725+0000][394.669s][info][gc,heap     ] GC(66) Old regions: 274->275
[2024-08-15T12:34:58.725+0000][394.669s][info][gc,heap     ] GC(66) Archive regions: 2->2
[2024-08-15T12:34:58.725+0000][394.669s][info][gc,heap     ] GC(66) Humongous regions: 67->67
[2024-08-15T12:34:58.725+0000][394.669s][info][gc,metaspace] GC(66) Metaspace: 418070K(424192K)->418070K(424192K) NonClass: 365121K(368640K)->365121K(368640K) Class: 52949K(55552K)->52949K(55552K)
[2024-08-15T12:34:58.725+0000][394.669s][info][gc          ] GC(66) Pause Young (Normal) (G1 Evacuation Pause) 9533M->3052M(12288M) 155.538ms
[2024-08-15T12:34:58.725+0000][394.669s][info][gc,cpu      ] GC(66) User=0.91s Sys=0.00s Real=0.16s
[2024-08-15T12:35:01.379+0000][397.324s][info][gc,start    ] GC(67) Pause Young (Normal) (G1 Evacuation Pause)
[2024-08-15T12:35:01.379+0000][397.324s][info][gc,task     ] GC(67) Using 6 workers of 6 for evacuation
[2024-08-15T12:35:01.526+0000][397.471s][info][gc,phases   ] GC(67)   Pre Evacuate Collection Set: 0.2ms
[2024-08-15T12:35:01.526+0000][397.471s][info][gc,phases   ] GC(67)   Merge Heap Roots: 0.2ms
[2024-08-15T12:35:01.526+0000][397.471s][info][gc,phases   ] GC(67)   Evacuate Collection Set: 129.1ms
[2024-08-15T12:35:01.526+0000][397.471s][info][gc,phases   ] GC(67)   Post Evacuate Collection Set: 17.1ms
[2024-08-15T12:35:01.526+0000][397.471s][info][gc,phases   ] GC(67)   Other: 0.2ms
[2024-08-15T12:35:01.526+0000][397.471s][info][gc,heap     ] GC(67) Eden regions: 804->0(799)
[2024-08-15T12:35:01.526+0000][397.471s][info][gc,heap     ] GC(67) Survivor regions: 40->42(106)
[2024-08-15T12:35:01.526+0000][397.471s][info][gc,heap     ] GC(67) Old regions: 275->276
[2024-08-15T12:35:01.526+0000][397.471s][info][gc,heap     ] GC(67) Archive regions: 2->2
[2024-08-15T12:35:01.526+0000][397.471s][info][gc,heap     ] GC(67) Humongous regions: 67->67
[2024-08-15T12:35:01.526+0000][397.471s][info][gc,metaspace] GC(67) Metaspace: 418097K(424192K)->418097K(424192K) NonClass: 365147K(368640K)->365147K(368640K) Class: 52949K(55552K)->52949K(55552K)
[2024-08-15T12:35:01.526+0000][397.471s][info][gc          ] GC(67) Pause Young (Normal) (G1 Evacuation Pause) 9484M->3077M(12288M) 146.925ms
[2024-08-15T12:35:01.526+0000][397.471s][info][gc,cpu      ] GC(67) User=0.86s Sys=0.01s Real=0.15s
[2024-08-15T12:35:04.202+0000][400.146s][info][gc,start    ] GC(68) Pause Young (Normal) (G1 Evacuation Pause)
[2024-08-15T12:35:04.202+0000][400.146s][info][gc,task     ] GC(68) Using 6 workers of 6 for evacuation
[2024-08-15T12:35:04.349+0000][400.293s][info][gc,phases   ] GC(68)   Pre Evacuate Collection Set: 0.2ms
[2024-08-15T12:35:04.349+0000][400.293s][info][gc,phases   ] GC(68)   Merge Heap Roots: 0.2ms
[2024-08-15T12:35:04.349+0000][400.293s][info][gc,phases   ] GC(68)   Evacuate Collection Set: 130.9ms
[2024-08-15T12:35:04.349+0000][400.293s][info][gc,phases   ] GC(68)   Post Evacuate Collection Set: 15.3ms
[2024-08-15T12:35:04.349+0000][400.293s][info][gc,phases   ] GC(68)   Other: 0.3ms
[2024-08-15T12:35:04.349+0000][400.293s][info][gc,heap     ] GC(68) Eden regions: 799->0(796)
[2024-08-15T12:35:04.349+0000][400.293s][info][gc,heap     ] GC(68) Survivor regions: 42->43(106)
[2024-08-15T12:35:04.349+0000][400.293s][info][gc,heap     ] GC(68) Old regions: 276->277
[2024-08-15T12:35:04.349+0000][400.293s][info][gc,heap     ] GC(68) Archive regions: 2->2
[2024-08-15T12:35:04.349+0000][400.293s][info][gc,heap     ] GC(68) Humongous regions: 67->67
[2024-08-15T12:35:04.349+0000][400.293s][info][gc,metaspace] GC(68) Metaspace: 418101K(424256K)->418101K(424256K) NonClass: 365151K(368704K)->365151K(368704K) Class: 52950K(55552K)->52950K(55552K)
[2024-08-15T12:35:04.349+0000][400.293s][info][gc          ] GC(68) Pause Young (Normal) (G1 Evacuation Pause) 9469M->3097M(12288M) 146.853ms
[2024-08-15T12:35:04.349+0000][400.293s][info][gc,cpu      ] GC(68) User=0.86s Sys=0.00s Real=0.15s
[2024-08-15T12:35:06.924+0000][402.868s][info][gc,start    ] GC(69) Pause Young (Normal) (G1 Evacuation Pause)
[2024-08-15T12:35:06.924+0000][402.869s][info][gc,task     ] GC(69) Using 6 workers of 6 for evacuation
[2024-08-15T12:35:07.072+0000][403.017s][info][gc,phases   ] GC(69)   Pre Evacuate Collection Set: 0.2ms
[2024-08-15T12:35:07.072+0000][403.017s][info][gc,phases   ] GC(69)   Merge Heap Roots: 0.2ms
[2024-08-15T12:35:07.072+0000][403.017s][info][gc,phases   ] GC(69)   Evacuate Collection Set: 133.3ms
[2024-08-15T12:35:07.072+0000][403.017s][info][gc,phases   ] GC(69)   Post Evacuate Collection Set: 14.4ms
[2024-08-15T12:35:07.072+0000][403.017s][info][gc,phases   ] GC(69)   Other: 0.2ms
[2024-08-15T12:35:07.072+0000][403.017s][info][gc,heap     ] GC(69) Eden regions: 796->0(793)
[2024-08-15T12:35:07.072+0000][403.017s][info][gc,heap     ] GC(69) Survivor regions: 43->44(105)
[2024-08-15T12:35:07.072+0000][403.017s][info][gc,heap     ] GC(69) Old regions: 277->278
[2024-08-15T12:35:07.072+0000][403.017s][info][gc,heap     ] GC(69) Archive regions: 2->2
[2024-08-15T12:35:07.072+0000][403.017s][info][gc,heap     ] GC(69) Humongous regions: 67->67
[2024-08-15T12:35:07.072+0000][403.017s][info][gc,metaspace] GC(69) Metaspace: 418101K(424256K)->418101K(424256K) NonClass: 365151K(368704K)->365151K(368704K) Class: 52950K(55552K)->52950K(55552K)
[2024-08-15T12:35:07.072+0000][403.017s][info][gc          ] GC(69) Pause Young (Normal) (G1 Evacuation Pause) 9465M->3116M(12288M) 148.349ms
[2024-08-15T12:35:07.072+0000][403.017s][info][gc,cpu      ] GC(69) User=0.87s Sys=0.01s Real=0.14s
[2024-08-15T12:35:09.305+0000][405.249s][info][gc,start    ] GC(70) Pause Young (Normal) (G1 Evacuation Pause)
[2024-08-15T12:35:09.305+0000][405.249s][info][gc,task     ] GC(70) Using 6 workers of 6 for evacuation
[2024-08-15T12:35:09.436+0000][405.381s][info][gc,phases   ] GC(70)   Pre Evacuate Collection Set: 0.2ms
[2024-08-15T12:35:09.436+0000][405.381s][info][gc,phases   ] GC(70)   Merge Heap Roots: 0.2ms
[2024-08-15T12:35:09.436+0000][405.381s][info][gc,phases   ] GC(70)   Evacuate Collection Set: 128.6ms
[2024-08-15T12:35:09.436+0000][405.381s][info][gc,phases   ] GC(70)   Post Evacuate Collection Set: 2.3ms
[2024-08-15T12:35:09.436+0000][405.381s][info][gc,phases   ] GC(70)   Other: 0.2ms
[2024-08-15T12:35:09.436+0000][405.381s][info][gc,heap     ] GC(70) Eden regions: 793->0(791)
[2024-08-15T12:35:09.436+0000][405.381s][info][gc,heap     ] GC(70) Survivor regions: 44->44(105)
[2024-08-15T12:35:09.436+0000][405.381s][info][gc,heap     ] GC(70) Old regions: 278->280
[2024-08-15T12:35:09.436+0000][405.381s][info][gc,heap     ] GC(70) Archive regions: 2->2
[2024-08-15T12:35:09.436+0000][405.381s][info][gc,heap     ] GC(70) Humongous regions: 67->67
[2024-08-15T12:35:09.436+0000][405.381s][info][gc,metaspace] GC(70) Metaspace: 418103K(424256K)->418103K(424256K) NonClass: 365153K(368704K)->365153K(368704K) Class: 52950K(55552K)->52950K(55552K)
[2024-08-15T12:35:09.436+0000][405.381s][info][gc          ] GC(70) Pause Young (Normal) (G1 Evacuation Pause) 9460M->3122M(12288M) 131.619ms
[2024-08-15T12:35:09.436+0000][405.381s][info][gc,cpu      ] GC(70) User=0.88s Sys=0.00s Real=0.13s
[2024-08-15T12:35:12.288+0000][408.233s][info][gc,start    ] GC(71) Pause Young (Normal) (G1 Evacuation Pause)
[2024-08-15T12:35:12.288+0000][408.233s][info][gc,task     ] GC(71) Using 6 workers of 6 for evacuation
[2024-08-15T12:35:12.464+0000][408.408s][info][gc,phases   ] GC(71)   Pre Evacuate Collection Set: 0.2ms
[2024-08-15T12:35:12.464+0000][408.408s][info][gc,phases   ] GC(71)   Merge Heap Roots: 0.2ms
[2024-08-15T12:35:12.464+0000][408.408s][info][gc,phases   ] GC(71)   Evacuate Collection Set: 153.9ms
[2024-08-15T12:35:12.464+0000][408.408s][info][gc,phases   ] GC(71)   Post Evacuate Collection Set: 21.0ms
[2024-08-15T12:35:12.464+0000][408.408s][info][gc,phases   ] GC(71)   Other: 0.2ms
[2024-08-15T12:35:12.464+0000][408.408s][info][gc,heap     ] GC(71) Eden regions: 791->0(790)
[2024-08-15T12:35:12.464+0000][408.408s][info][gc,heap     ] GC(71) Survivor regions: 44->44(105)
[2024-08-15T12:35:12.464+0000][408.408s][info][gc,heap     ] GC(71) Old regions: 280->281
[2024-08-15T12:35:12.464+0000][408.408s][info][gc,heap     ] GC(71) Archive regions: 2->2
[2024-08-15T12:35:12.464+0000][408.408s][info][gc,heap     ] GC(71) Humongous regions: 67->67
[2024-08-15T12:35:12.464+0000][408.408s][info][gc,metaspace] GC(71) Metaspace: 418148K(424320K)->418148K(424320K) NonClass: 365198K(368768K)->365198K(368768K) Class: 52950K(55552K)->52950K(55552K)
[2024-08-15T12:35:12.464+0000][408.408s][info][gc          ] GC(71) Pause Young (Normal) (G1 Evacuation Pause) 9450M->3136M(12288M) 175.541ms
[2024-08-15T12:35:12.464+0000][408.408s][info][gc,cpu      ] GC(71) User=1.02s Sys=0.00s Real=0.18s
[2024-08-15T12:35:14.990+0000][410.934s][info][gc,start    ] GC(72) Pause Young (Normal) (G1 Evacuation Pause)
[2024-08-15T12:35:14.990+0000][410.934s][info][gc,task     ] GC(72) Using 6 workers of 6 for evacuation
[2024-08-15T12:35:15.150+0000][411.094s][info][gc,phases   ] GC(72)   Pre Evacuate Collection Set: 0.2ms
[2024-08-15T12:35:15.150+0000][411.094s][info][gc,phases   ] GC(72)   Merge Heap Roots: 0.2ms
[2024-08-15T12:35:15.150+0000][411.094s][info][gc,phases   ] GC(72)   Evacuate Collection Set: 145.4ms
[2024-08-15T12:35:15.150+0000][411.094s][info][gc,phases   ] GC(72)   Post Evacuate Collection Set: 13.8ms
[2024-08-15T12:35:15.150+0000][411.094s][info][gc,phases   ] GC(72)   Other: 0.2ms
[2024-08-15T12:35:15.150+0000][411.094s][info][gc,heap     ] GC(72) Eden regions: 790->0(787)
[2024-08-15T12:35:15.150+0000][411.094s][info][gc,heap     ] GC(72) Survivor regions: 44->45(105)
[2024-08-15T12:35:15.150+0000][411.094s][info][gc,heap     ] GC(72) Old regions: 281->282
[2024-08-15T12:35:15.150+0000][411.094s][info][gc,heap     ] GC(72) Archive regions: 2->2
[2024-08-15T12:35:15.150+0000][411.094s][info][gc,heap     ] GC(72) Humongous regions: 67->67
[2024-08-15T12:35:15.150+0000][411.094s][info][gc,metaspace] GC(72) Metaspace: 418153K(424320K)->418153K(424320K) NonClass: 365202K(368768K)->365202K(368768K) Class: 52950K(55552K)->52950K(55552K)
[2024-08-15T12:35:15.150+0000][411.094s][info][gc          ] GC(72) Pause Young (Normal) (G1 Evacuation Pause) 9456M->3148M(12288M) 159.949ms
[2024-08-15T12:35:15.150+0000][411.094s][info][gc,cpu      ] GC(72) User=0.95s Sys=0.00s Real=0.16s
[2024-08-15T12:35:18.525+0000][414.470s][info][gc,start    ] GC(73) Pause Young (Normal) (G1 Evacuation Pause)
[2024-08-15T12:35:18.525+0000][414.470s][info][gc,task     ] GC(73) Using 6 workers of 6 for evacuation
[2024-08-15T12:35:18.702+0000][414.646s][info][gc,phases   ] GC(73)   Pre Evacuate Collection Set: 0.2ms
[2024-08-15T12:35:18.702+0000][414.646s][info][gc,phases   ] GC(73)   Merge Heap Roots: 0.2ms
[2024-08-15T12:35:18.702+0000][414.646s][info][gc,phases   ] GC(73)   Evacuate Collection Set: 158.2ms
[2024-08-15T12:35:18.702+0000][414.646s][info][gc,phases   ] GC(73)   Post Evacuate Collection Set: 17.8ms
[2024-08-15T12:35:18.702+0000][414.647s][info][gc,phases   ] GC(73)   Other: 0.2ms
[2024-08-15T12:35:18.702+0000][414.647s][info][gc,heap     ] GC(73) Eden regions: 787->0(780)
[2024-08-15T12:35:18.702+0000][414.647s][info][gc,heap     ] GC(73) Survivor regions: 45->48(104)
[2024-08-15T12:35:18.702+0000][414.647s][info][gc,heap     ] GC(73) Old regions: 282->283
[2024-08-15T12:35:18.702+0000][414.647s][info][gc,heap     ] GC(73) Archive regions: 2->2
[2024-08-15T12:35:18.702+0000][414.647s][info][gc,heap     ] GC(73) Humongous regions: 67->67
[2024-08-15T12:35:18.702+0000][414.647s][info][gc,metaspace] GC(73) Metaspace: 418167K(424320K)->418167K(424320K) NonClass: 365217K(368768K)->365217K(368768K) Class: 52950K(55552K)->52950K(55552K)
[2024-08-15T12:35:18.702+0000][414.647s][info][gc          ] GC(73) Pause Young (Normal) (G1 Evacuation Pause) 9444M->3185M(12288M) 176.676ms
[2024-08-15T12:35:18.702+0000][414.647s][info][gc,cpu      ] GC(73) User=1.03s Sys=0.01s Real=0.17s
[2024-08-15T12:35:22.408+0000][418.353s][info][gc,start    ] GC(74) Pause Young (Normal) (G1 Evacuation Pause)
[2024-08-15T12:35:22.408+0000][418.353s][info][gc,task     ] GC(74) Using 6 workers of 6 for evacuation
[2024-08-15T12:35:22.589+0000][418.533s][info][gc,phases   ] GC(74)   Pre Evacuate Collection Set: 0.2ms
[2024-08-15T12:35:22.589+0000][418.533s][info][gc,phases   ] GC(74)   Merge Heap Roots: 0.2ms
[2024-08-15T12:35:22.589+0000][418.533s][info][gc,phases   ] GC(74)   Evacuate Collection Set: 162.1ms
[2024-08-15T12:35:22.589+0000][418.533s][info][gc,phases   ] GC(74)   Post Evacuate Collection Set: 17.7ms
[2024-08-15T12:35:22.589+0000][418.533s][info][gc,phases   ] GC(74)   Other: 0.2ms
[2024-08-15T12:35:22.589+0000][418.533s][info][gc,heap     ] GC(74) Eden regions: 780->0(775)
[2024-08-15T12:35:22.589+0000][418.533s][info][gc,heap     ] GC(74) Survivor regions: 48->50(104)
[2024-08-15T12:35:22.589+0000][418.533s][info][gc,heap     ] GC(74) Old regions: 283->284
[2024-08-15T12:35:22.589+0000][418.533s][info][gc,heap     ] GC(74) Archive regions: 2->2
[2024-08-15T12:35:22.589+0000][418.533s][info][gc,heap     ] GC(74) Humongous regions: 67->67
[2024-08-15T12:35:22.589+0000][418.533s][info][gc,metaspace] GC(74) Metaspace: 418169K(424320K)->418169K(424320K) NonClass: 365218K(368768K)->365218K(368768K) Class: 52950K(55552K)->52950K(55552K)
[2024-08-15T12:35:22.589+0000][418.533s][info][gc          ] GC(74) Pause Young (Normal) (G1 Evacuation Pause) 9425M->3207M(12288M) 180.546ms
[2024-08-15T12:35:22.589+0000][418.533s][info][gc,cpu      ] GC(74) User=1.06s Sys=0.00s Real=0.18s
[2024-08-15T12:35:28.406+0000][424.351s][info][gc,start    ] GC(75) Pause Young (Normal) (G1 Evacuation Pause)
[2024-08-15T12:35:28.406+0000][424.351s][info][gc,task     ] GC(75) Using 6 workers of 6 for evacuation
[2024-08-15T12:35:28.570+0000][424.514s][info][gc,phases   ] GC(75)   Pre Evacuate Collection Set: 0.2ms
[2024-08-15T12:35:28.570+0000][424.514s][info][gc,phases   ] GC(75)   Merge Heap Roots: 0.2ms
[2024-08-15T12:35:28.570+0000][424.514s][info][gc,phases   ] GC(75)   Evacuate Collection Set: 151.0ms
[2024-08-15T12:35:28.570+0000][424.514s][info][gc,phases   ] GC(75)   Post Evacuate Collection Set: 12.1ms
[2024-08-15T12:35:28.570+0000][424.514s][info][gc,phases   ] GC(75)   Other: 0.3ms
[2024-08-15T12:35:28.570+0000][424.514s][info][gc,heap     ] GC(75) Eden regions: 775->0(775)
[2024-08-15T12:35:28.570+0000][424.515s][info][gc,heap     ] GC(75) Survivor regions: 50->49(104)
[2024-08-15T12:35:28.570+0000][424.515s][info][gc,heap     ] GC(75) Old regions: 284->286
[2024-08-15T12:35:28.570+0000][424.515s][info][gc,heap     ] GC(75) Archive regions: 2->2
[2024-08-15T12:35:28.570+0000][424.515s][info][gc,heap     ] GC(75) Humongous regions: 67->67
[2024-08-15T12:35:28.570+0000][424.515s][info][gc,metaspace] GC(75) Metaspace: 418186K(424384K)->418186K(424384K) NonClass: 365236K(368832K)->365236K(368832K) Class: 52950K(55552K)->52950K(55552K)
[2024-08-15T12:35:28.570+0000][424.515s][info][gc          ] GC(75) Pause Young (Normal) (G1 Evacuation Pause) 9407M->3209M(12288M) 163.857ms
[2024-08-15T12:35:28.570+0000][424.515s][info][gc,cpu      ] GC(75) User=0.96s Sys=0.00s Real=0.16s
[2024-08-15T12:35:32.322+0000][428.266s][info][gc,start    ] GC(76) Pause Young (Normal) (G1 Evacuation Pause)
[2024-08-15T12:35:32.322+0000][428.266s][info][gc,task     ] GC(76) Using 6 workers of 6 for evacuation
[2024-08-15T12:35:32.463+0000][428.407s][info][gc,phases   ] GC(76)   Pre Evacuate Collection Set: 0.2ms
[2024-08-15T12:35:32.463+0000][428.407s][info][gc,phases   ] GC(76)   Merge Heap Roots: 0.2ms
[2024-08-15T12:35:32.463+0000][428.407s][info][gc,phases   ] GC(76)   Evacuate Collection Set: 127.2ms
[2024-08-15T12:35:32.463+0000][428.407s][info][gc,phases   ] GC(76)   Post Evacuate Collection Set: 13.4ms
[2024-08-15T12:35:32.463+0000][428.407s][info][gc,phases   ] GC(76)   Other: 0.2ms
[2024-08-15T12:35:32.463+0000][428.407s][info][gc,heap     ] GC(76) Eden regions: 775->0(790)
[2024-08-15T12:35:32.463+0000][428.407s][info][gc,heap     ] GC(76) Survivor regions: 49->41(103)
[2024-08-15T12:35:32.463+0000][428.407s][info][gc,heap     ] GC(76) Old regions: 286->287
[2024-08-15T12:35:32.463+0000][428.407s][info][gc,heap     ] GC(76) Archive regions: 2->2
[2024-08-15T12:35:32.463+0000][428.407s][info][gc,heap     ] GC(76) Humongous regions: 67->67
[2024-08-15T12:35:32.463+0000][428.407s][info][gc,metaspace] GC(76) Metaspace: 418217K(424384K)->418217K(424384K) NonClass: 365265K(368832K)->365265K(368832K) Class: 52951K(55552K)->52951K(55552K)
[2024-08-15T12:35:32.463+0000][428.407s][info][gc          ] GC(76) Pause Young (Normal) (G1 Evacuation Pause) 9409M->3156M(12288M) 141.310ms
[2024-08-15T12:35:32.463+0000][428.408s][info][gc,cpu      ] GC(76) User=0.83s Sys=0.00s Real=0.14s
[2024-08-15T12:35:38.052+0000][433.997s][info][gc,start    ] GC(77) Pause Young (Normal) (G1 Evacuation Pause)
[2024-08-15T12:35:38.052+0000][433.997s][info][gc,task     ] GC(77) Using 6 workers of 6 for evacuation
[2024-08-15T12:35:38.167+0000][434.111s][info][gc,phases   ] GC(77)   Pre Evacuate Collection Set: 0.2ms
[2024-08-15T12:35:38.167+0000][434.111s][info][gc,phases   ] GC(77)   Merge Heap Roots: 0.2ms
[2024-08-15T12:35:38.167+0000][434.111s][info][gc,phases   ] GC(77)   Evacuate Collection Set: 111.5ms
[2024-08-15T12:35:38.167+0000][434.111s][info][gc,phases   ] GC(77)   Post Evacuate Collection Set: 2.4ms
[2024-08-15T12:35:38.167+0000][434.111s][info][gc,phases   ] GC(77)   Other: 0.3ms
[2024-08-15T12:35:38.167+0000][434.111s][info][gc,heap     ] GC(77) Eden regions: 790->0(794)
[2024-08-15T12:35:38.167+0000][434.111s][info][gc,heap     ] GC(77) Survivor regions: 41->38(104)
[2024-08-15T12:35:38.167+0000][434.111s][info][gc,heap     ] GC(77) Old regions: 287->289
[2024-08-15T12:35:38.167+0000][434.111s][info][gc,heap     ] GC(77) Archive regions: 2->2
[2024-08-15T12:35:38.167+0000][434.111s][info][gc,heap     ] GC(77) Humongous regions: 67->67
[2024-08-15T12:35:38.167+0000][434.111s][info][gc,metaspace] GC(77) Metaspace: 418248K(424384K)->418248K(424384K) NonClass: 365296K(368832K)->365296K(368832K) Class: 52952K(55552K)->52952K(55552K)
[2024-08-15T12:35:38.167+0000][434.111s][info][gc          ] GC(77) Pause Young (Normal) (G1 Evacuation Pause) 9476M->3145M(12288M) 114.553ms
[2024-08-15T12:35:38.167+0000][434.112s][info][gc,cpu      ] GC(77) User=0.68s Sys=0.01s Real=0.12s
[2024-08-15T12:35:41.921+0000][437.866s][info][gc,start    ] GC(78) Pause Young (Normal) (G1 Evacuation Pause)
[2024-08-15T12:35:41.921+0000][437.866s][info][gc,task     ] GC(78) Using 6 workers of 6 for evacuation
[2024-08-15T12:35:42.031+0000][437.976s][info][gc,phases   ] GC(78)   Pre Evacuate Collection Set: 0.2ms
[2024-08-15T12:35:42.031+0000][437.976s][info][gc,phases   ] GC(78)   Merge Heap Roots: 0.2ms
[2024-08-15T12:35:42.031+0000][437.976s][info][gc,phases   ] GC(78)   Evacuate Collection Set: 107.0ms
[2024-08-15T12:35:42.031+0000][437.976s][info][gc,phases   ] GC(78)   Post Evacuate Collection Set: 2.4ms
[2024-08-15T12:35:42.031+0000][437.976s][info][gc,phases   ] GC(78)   Other: 0.2ms
[2024-08-15T12:35:42.031+0000][437.976s][info][gc,heap     ] GC(78) Eden regions: 794->0(793)
[2024-08-15T12:35:42.031+0000][437.976s][info][gc,heap     ] GC(78) Survivor regions: 38->38(104)
[2024-08-15T12:35:42.031+0000][437.976s][info][gc,heap     ] GC(78) Old regions: 289->290
[2024-08-15T12:35:42.031+0000][437.976s][info][gc,heap     ] GC(78) Archive regions: 2->2
[2024-08-15T12:35:42.031+0000][437.976s][info][gc,heap     ] GC(78) Humongous regions: 67->67
[2024-08-15T12:35:42.031+0000][437.976s][info][gc,metaspace] GC(78) Metaspace: 418285K(424448K)->418285K(424448K) NonClass: 365333K(368896K)->365333K(368896K) Class: 52952K(55552K)->52952K(55552K)
[2024-08-15T12:35:42.031+0000][437.976s][info][gc          ] GC(78) Pause Young (Normal) (G1 Evacuation Pause) 9497M->3161M(12288M) 110.114ms
[2024-08-15T12:35:42.032+0000][437.976s][info][gc,cpu      ] GC(78) User=0.66s Sys=0.00s Real=0.11s
[2024-08-15T12:35:47.082+0000][443.026s][info][gc,start    ] GC(79) Pause Young (Normal) (G1 Evacuation Pause)
[2024-08-15T12:35:47.082+0000][443.026s][info][gc,task     ] GC(79) Using 6 workers of 6 for evacuation
[2024-08-15T12:35:47.200+0000][443.145s][info][gc,phases   ] GC(79)   Pre Evacuate Collection Set: 0.3ms
[2024-08-15T12:35:47.200+0000][443.145s][info][gc,phases   ] GC(79)   Merge Heap Roots: 0.3ms
[2024-08-15T12:35:47.200+0000][443.145s][info][gc,phases   ] GC(79)   Evacuate Collection Set: 115.6ms
[2024-08-15T12:35:47.200+0000][443.145s][info][gc,phases   ] GC(79)   Post Evacuate Collection Set: 2.3ms
[2024-08-15T12:35:47.200+0000][443.145s][info][gc,phases   ] GC(79)   Other: 0.3ms
[2024-08-15T12:35:47.200+0000][443.145s][info][gc,heap     ] GC(79) Eden regions: 793->0(792)
[2024-08-15T12:35:47.200+0000][443.145s][info][gc,heap     ] GC(79) Survivor regions: 38->37(104)
[2024-08-15T12:35:47.200+0000][443.145s][info][gc,heap     ] GC(79) Old regions: 290->293
[2024-08-15T12:35:47.200+0000][443.145s][info][gc,heap     ] GC(79) Archive regions: 2->2
[2024-08-15T12:35:47.200+0000][443.145s][info][gc,heap     ] GC(79) Humongous regions: 67->67
[2024-08-15T12:35:47.200+0000][443.145s][info][gc,metaspace] GC(79) Metaspace: 418304K(424448K)->418304K(424448K) NonClass: 365352K(368896K)->365352K(368896K) Class: 52952K(55552K)->52952K(55552K)
[2024-08-15T12:35:47.200+0000][443.145s][info][gc          ] GC(79) Pause Young (Normal) (G1 Evacuation Pause) 9505M->3173M(12288M) 118.670ms
[2024-08-15T12:35:47.200+0000][443.145s][info][gc,cpu      ] GC(79) User=0.70s Sys=0.01s Real=0.12s
[2024-08-15T12:35:56.005+0000][451.950s][info][gc,start    ] GC(80) Pause Young (Normal) (G1 Evacuation Pause)
[2024-08-15T12:35:56.005+0000][451.950s][info][gc,task     ] GC(80) Using 6 workers of 6 for evacuation
[2024-08-15T12:35:56.116+0000][452.060s][info][gc,phases   ] GC(80)   Pre Evacuate Collection Set: 0.2ms
[2024-08-15T12:35:56.116+0000][452.060s][info][gc,phases   ] GC(80)   Merge Heap Roots: 0.2ms
[2024-08-15T12:35:56.116+0000][452.060s][info][gc,phases   ] GC(80)   Evacuate Collection Set: 107.7ms
[2024-08-15T12:35:56.116+0000][452.060s][info][gc,phases   ] GC(80)   Post Evacuate Collection Set: 2.4ms
[2024-08-15T12:35:56.116+0000][452.060s][info][gc,phases   ] GC(80)   Other: 0.2ms
[2024-08-15T12:35:56.116+0000][452.060s][info][gc,heap     ] GC(80) Eden regions: 792->0(795)
[2024-08-15T12:35:56.116+0000][452.060s][info][gc,heap     ] GC(80) Survivor regions: 37->33(104)
[2024-08-15T12:35:56.116+0000][452.060s][info][gc,heap     ] GC(80) Old regions: 293->298
[2024-08-15T12:35:56.116+0000][452.060s][info][gc,heap     ] GC(80) Archive regions: 2->2
[2024-08-15T12:35:56.116+0000][452.060s][info][gc,heap     ] GC(80) Humongous regions: 67->67
[2024-08-15T12:35:56.116+0000][452.060s][info][gc,metaspace] GC(80) Metaspace: 418320K(424448K)->418320K(424448K) NonClass: 365367K(368896K)->365367K(368896K) Class: 52953K(55552K)->52953K(55552K)
[2024-08-15T12:35:56.116+0000][452.060s][info][gc          ] GC(80) Pause Young (Normal) (G1 Evacuation Pause) 9509M->3185M(12288M) 110.762ms
[2024-08-15T12:35:56.116+0000][452.060s][info][gc,cpu      ] GC(80) User=0.63s Sys=0.03s Real=0.11s
[2024-08-15T12:36:04.968+0000][460.913s][info][gc,start    ] GC(81) Pause Young (Normal) (G1 Evacuation Pause)
[2024-08-15T12:36:04.968+0000][460.913s][info][gc,task     ] GC(81) Using 6 workers of 6 for evacuation
[2024-08-15T12:36:05.063+0000][461.008s][info][gc,phases   ] GC(81)   Pre Evacuate Collection Set: 0.2ms
[2024-08-15T12:36:05.063+0000][461.008s][info][gc,phases   ] GC(81)   Merge Heap Roots: 0.2ms
[2024-08-15T12:36:05.063+0000][461.008s][info][gc,phases   ] GC(81)   Evacuate Collection Set: 92.4ms
[2024-08-15T12:36:05.063+0000][461.008s][info][gc,phases   ] GC(81)   Post Evacuate Collection Set: 2.2ms
[2024-08-15T12:36:05.063+0000][461.008s][info][gc,phases   ] GC(81)   Other: 0.2ms
[2024-08-15T12:36:05.063+0000][461.008s][info][gc,heap     ] GC(81) Eden regions: 795->0(793)
[2024-08-15T12:36:05.063+0000][461.008s][info][gc,heap     ] GC(81) Survivor regions: 33->33(104)
[2024-08-15T12:36:05.063+0000][461.008s][info][gc,heap     ] GC(81) Old regions: 298->300
[2024-08-15T12:36:05.063+0000][461.008s][info][gc,heap     ] GC(81) Archive regions: 2->2
[2024-08-15T12:36:05.063+0000][461.008s][info][gc,heap     ] GC(81) Humongous regions: 67->67
[2024-08-15T12:36:05.063+0000][461.008s][info][gc,metaspace] GC(81) Metaspace: 418358K(424512K)->418358K(424512K) NonClass: 365405K(368960K)->365405K(368960K) Class: 52953K(55552K)->52953K(55552K)
[2024-08-15T12:36:05.063+0000][461.008s][info][gc          ] GC(81) Pause Young (Normal) (G1 Evacuation Pause) 9545M->3197M(12288M) 95.292ms
[2024-08-15T12:36:05.063+0000][461.008s][info][gc,cpu      ] GC(81) User=0.55s Sys=0.02s Real=0.10s
[2024-08-15T12:36:13.690+0000][469.634s][info][gc,start    ] GC(82) Pause Young (Normal) (G1 Evacuation Pause)
[2024-08-15T12:36:13.690+0000][469.634s][info][gc,task     ] GC(82) Using 6 workers of 6 for evacuation
[2024-08-15T12:36:13.784+0000][469.729s][info][gc,phases   ] GC(82)   Pre Evacuate Collection Set: 0.2ms
[2024-08-15T12:36:13.784+0000][469.729s][info][gc,phases   ] GC(82)   Merge Heap Roots: 0.3ms
[2024-08-15T12:36:13.784+0000][469.729s][info][gc,phases   ] GC(82)   Evacuate Collection Set: 91.7ms
[2024-08-15T12:36:13.784+0000][469.729s][info][gc,phases   ] GC(82)   Post Evacuate Collection Set: 2.3ms
[2024-08-15T12:36:13.784+0000][469.729s][info][gc,phases   ] GC(82)   Other: 0.2ms
[2024-08-15T12:36:13.784+0000][469.729s][info][gc,heap     ] GC(82) Eden regions: 793->0(791)
[2024-08-15T12:36:13.784+0000][469.729s][info][gc,heap     ] GC(82) Survivor regions: 33->33(104)
[2024-08-15T12:36:13.784+0000][469.729s][info][gc,heap     ] GC(82) Old regions: 300->302
[2024-08-15T12:36:13.784+0000][469.729s][info][gc,heap     ] GC(82) Archive regions: 2->2
[2024-08-15T12:36:13.784+0000][469.729s][info][gc,heap     ] GC(82) Humongous regions: 67->67
[2024-08-15T12:36:13.784+0000][469.729s][info][gc,metaspace] GC(82) Metaspace: 418375K(424512K)->418375K(424512K) NonClass: 365422K(368960K)->365422K(368960K) Class: 52953K(55552K)->52953K(55552K)
[2024-08-15T12:36:13.784+0000][469.729s][info][gc          ] GC(82) Pause Young (Normal) (G1 Evacuation Pause) 9541M->3214M(12288M) 94.654ms
[2024-08-15T12:36:13.784+0000][469.729s][info][gc,cpu      ] GC(82) User=0.57s Sys=0.00s Real=0.10s
[2024-08-15T12:36:22.309+0000][478.253s][info][gc,start    ] GC(83) Pause Young (Normal) (G1 Evacuation Pause)
[2024-08-15T12:36:22.309+0000][478.253s][info][gc,task     ] GC(83) Using 6 workers of 6 for evacuation
[2024-08-15T12:36:22.398+0000][478.343s][info][gc,phases   ] GC(83)   Pre Evacuate Collection Set: 0.2ms
[2024-08-15T12:36:22.398+0000][478.343s][info][gc,phases   ] GC(83)   Merge Heap Roots: 0.2ms
[2024-08-15T12:36:22.398+0000][478.343s][info][gc,phases   ] GC(83)   Evacuate Collection Set: 86.3ms
[2024-08-15T12:36:22.398+0000][478.343s][info][gc,phases   ] GC(83)   Post Evacuate Collection Set: 2.2ms
[2024-08-15T12:36:22.398+0000][478.343s][info][gc,phases   ] GC(83)   Other: 0.2ms
[2024-08-15T12:36:22.398+0000][478.343s][info][gc,heap     ] GC(83) Eden regions: 791->0(789)
[2024-08-15T12:36:22.398+0000][478.343s][info][gc,heap     ] GC(83) Survivor regions: 33->33(103)
[2024-08-15T12:36:22.398+0000][478.343s][info][gc,heap     ] GC(83) Old regions: 302->304
[2024-08-15T12:36:22.398+0000][478.343s][info][gc,heap     ] GC(83) Archive regions: 2->2
[2024-08-15T12:36:22.398+0000][478.343s][info][gc,heap     ] GC(83) Humongous regions: 67->67
[2024-08-15T12:36:22.398+0000][478.343s][info][gc,metaspace] GC(83) Metaspace: 418397K(424512K)->418397K(424512K) NonClass: 365443K(368960K)->365443K(368960K) Class: 52953K(55552K)->52953K(55552K)
[2024-08-15T12:36:22.398+0000][478.343s][info][gc          ] GC(83) Pause Young (Normal) (G1 Evacuation Pause) 9542M->3229M(12288M) 89.209ms
[2024-08-15T12:36:22.398+0000][478.343s][info][gc,cpu      ] GC(83) User=0.53s Sys=0.00s Real=0.09s
[2024-08-15T12:36:31.273+0000][487.218s][info][gc,start    ] GC(84) Pause Young (Normal) (G1 Evacuation Pause)
[2024-08-15T12:36:31.273+0000][487.218s][info][gc,task     ] GC(84) Using 6 workers of 6 for evacuation
[2024-08-15T12:36:31.361+0000][487.306s][info][gc,phases   ] GC(84)   Pre Evacuate Collection Set: 0.2ms
[2024-08-15T12:36:31.361+0000][487.306s][info][gc,phases   ] GC(84)   Merge Heap Roots: 0.2ms
[2024-08-15T12:36:31.361+0000][487.306s][info][gc,phases   ] GC(84)   Evacuate Collection Set: 84.9ms
[2024-08-15T12:36:31.361+0000][487.306s][info][gc,phases   ] GC(84)   Post Evacuate Collection Set: 2.2ms
[2024-08-15T12:36:31.361+0000][487.306s][info][gc,phases   ] GC(84)   Other: 0.2ms
[2024-08-15T12:36:31.361+0000][487.306s][info][gc,heap     ] GC(84) Eden regions: 789->0(790)
[2024-08-15T12:36:31.361+0000][487.306s][info][gc,heap     ] GC(84) Survivor regions: 33->31(103)
[2024-08-15T12:36:31.361+0000][487.306s][info][gc,heap     ] GC(84) Old regions: 304->307
[2024-08-15T12:36:31.361+0000][487.306s][info][gc,heap     ] GC(84) Archive regions: 2->2
[2024-08-15T12:36:31.361+0000][487.306s][info][gc,heap     ] GC(84) Humongous regions: 67->67
[2024-08-15T12:36:31.361+0000][487.306s][info][gc,metaspace] GC(84) Metaspace: 418426K(424576K)->418426K(424576K) NonClass: 365473K(369024K)->365473K(369024K) Class: 52953K(55552K)->52953K(55552K)
[2024-08-15T12:36:31.361+0000][487.306s][info][gc          ] GC(84) Pause Young (Normal) (G1 Evacuation Pause) 9541M->3242M(12288M) 87.831ms
[2024-08-15T12:36:31.361+0000][487.306s][info][gc,cpu      ] GC(84) User=0.51s Sys=0.01s Real=0.09s
[2024-08-15T12:36:39.777+0000][495.721s][info][gc,start    ] GC(85) Pause Young (Normal) (G1 Evacuation Pause)
[2024-08-15T12:36:39.777+0000][495.721s][info][gc,task     ] GC(85) Using 6 workers of 6 for evacuation
[2024-08-15T12:36:39.860+0000][495.805s][info][gc,phases   ] GC(85)   Pre Evacuate Collection Set: 0.2ms
[2024-08-15T12:36:39.860+0000][495.805s][info][gc,phases   ] GC(85)   Merge Heap Roots: 0.2ms
[2024-08-15T12:36:39.860+0000][495.805s][info][gc,phases   ] GC(85)   Evacuate Collection Set: 80.2ms
[2024-08-15T12:36:39.860+0000][495.805s][info][gc,phases   ] GC(85)   Post Evacuate Collection Set: 2.6ms
[2024-08-15T12:36:39.860+0000][495.805s][info][gc,phases   ] GC(85)   Other: 0.2ms
[2024-08-15T12:36:39.860+0000][495.805s][info][gc,heap     ] GC(85) Eden regions: 790->0(791)
[2024-08-15T12:36:39.860+0000][495.805s][info][gc,heap     ] GC(85) Survivor regions: 31->30(103)
[2024-08-15T12:36:39.860+0000][495.805s][info][gc,heap     ] GC(85) Old regions: 307->308
[2024-08-15T12:36:39.860+0000][495.805s][info][gc,heap     ] GC(85) Archive regions: 2->2
[2024-08-15T12:36:39.860+0000][495.805s][info][gc,heap     ] GC(85) Humongous regions: 67->67
[2024-08-15T12:36:39.860+0000][495.805s][info][gc,metaspace] GC(85) Metaspace: 418525K(424640K)->418525K(424640K) NonClass: 365571K(369088K)->365571K(369088K) Class: 52953K(55552K)->52953K(55552K)
[2024-08-15T12:36:39.860+0000][495.805s][info][gc          ] GC(85) Pause Young (Normal) (G1 Evacuation Pause) 9562M->3238M(12288M) 83.559ms
[2024-08-15T12:36:39.860+0000][495.805s][info][gc,cpu      ] GC(85) User=0.50s Sys=0.00s Real=0.08s
[2024-08-15T12:36:48.522+0000][504.467s][info][gc,start    ] GC(86) Pause Young (Normal) (G1 Evacuation Pause)
[2024-08-15T12:36:48.522+0000][504.467s][info][gc,task     ] GC(86) Using 6 workers of 6 for evacuation
[2024-08-15T12:36:48.602+0000][504.547s][info][gc,phases   ] GC(86)   Pre Evacuate Collection Set: 0.2ms
[2024-08-15T12:36:48.602+0000][504.547s][info][gc,phases   ] GC(86)   Merge Heap Roots: 0.2ms
[2024-08-15T12:36:48.602+0000][504.547s][info][gc,phases   ] GC(86)   Evacuate Collection Set: 77.2ms
[2024-08-15T12:36:48.602+0000][504.547s][info][gc,phases   ] GC(86)   Post Evacuate Collection Set: 2.2ms
[2024-08-15T12:36:48.602+0000][504.547s][info][gc,phases   ] GC(86)   Other: 0.2ms
[2024-08-15T12:36:48.602+0000][504.547s][info][gc,heap     ] GC(86) Eden regions: 791->0(794)
[2024-08-15T12:36:48.602+0000][504.547s][info][gc,heap     ] GC(86) Survivor regions: 30->28(103)
[2024-08-15T12:36:48.602+0000][504.547s][info][gc,heap     ] GC(86) Old regions: 308->309
[2024-08-15T12:36:48.602+0000][504.547s][info][gc,heap     ] GC(86) Archive regions: 2->2
[2024-08-15T12:36:48.602+0000][504.547s][info][gc,heap     ] GC(86) Humongous regions: 67->67
[2024-08-15T12:36:48.602+0000][504.547s][info][gc,metaspace] GC(86) Metaspace: 418529K(424640K)->418529K(424640K) NonClass: 365575K(369088K)->365575K(369088K) Class: 52954K(55552K)->52954K(55552K)
[2024-08-15T12:36:48.602+0000][504.547s][info][gc          ] GC(86) Pause Young (Normal) (G1 Evacuation Pause) 9566M->3227M(12288M) 80.105ms
[2024-08-15T12:36:48.603+0000][504.547s][info][gc,cpu      ] GC(86) User=0.47s Sys=0.01s Real=0.08s
[2024-08-15T12:36:57.508+0000][513.453s][info][gc,start    ] GC(87) Pause Young (Normal) (G1 Evacuation Pause)
[2024-08-15T12:36:57.508+0000][513.453s][info][gc,task     ] GC(87) Using 6 workers of 6 for evacuation
[2024-08-15T12:36:57.587+0000][513.532s][info][gc,phases   ] GC(87)   Pre Evacuate Collection Set: 0.2ms
[2024-08-15T12:36:57.587+0000][513.532s][info][gc,phases   ] GC(87)   Merge Heap Roots: 0.2ms
[2024-08-15T12:36:57.587+0000][513.532s][info][gc,phases   ] GC(87)   Evacuate Collection Set: 75.7ms
[2024-08-15T12:36:57.587+0000][513.532s][info][gc,phases   ] GC(87)   Post Evacuate Collection Set: 2.2ms
[2024-08-15T12:36:57.587+0000][513.532s][info][gc,phases   ] GC(87)   Other: 0.2ms
[2024-08-15T12:36:57.587+0000][513.532s][info][gc,heap     ] GC(87) Eden regions: 794->0(794)
[2024-08-15T12:36:57.587+0000][513.532s][info][gc,heap     ] GC(87) Survivor regions: 28->27(103)
[2024-08-15T12:36:57.587+0000][513.532s][info][gc,heap     ] GC(87) Old regions: 309->311
[2024-08-15T12:36:57.587+0000][513.532s][info][gc,heap     ] GC(87) Archive regions: 2->2
[2024-08-15T12:36:57.587+0000][513.532s][info][gc,heap     ] GC(87) Humongous regions: 67->67
[2024-08-15T12:36:57.587+0000][513.532s][info][gc,metaspace] GC(87) Metaspace: 418537K(424640K)->418537K(424640K) NonClass: 365583K(369088K)->365583K(369088K) Class: 52954K(55552K)->52954K(55552K)
[2024-08-15T12:36:57.587+0000][513.532s][info][gc          ] GC(87) Pause Young (Normal) (G1 Evacuation Pause) 9579M->3244M(12288M) 78.597ms
[2024-08-15T12:36:57.587+0000][513.532s][info][gc,cpu      ] GC(87) User=0.45s Sys=0.01s Real=0.08s
[2024-08-15T12:37:06.363+0000][522.308s][info][gc,start    ] GC(88) Pause Young (Normal) (G1 Evacuation Pause)
[2024-08-15T12:37:06.363+0000][522.308s][info][gc,task     ] GC(88) Using 6 workers of 6 for evacuation
[2024-08-15T12:37:06.438+0000][522.382s][info][gc,phases   ] GC(88)   Pre Evacuate Collection Set: 0.2ms
[2024-08-15T12:37:06.438+0000][522.382s][info][gc,phases   ] GC(88)   Merge Heap Roots: 0.2ms
[2024-08-15T12:37:06.438+0000][522.382s][info][gc,phases   ] GC(88)   Evacuate Collection Set: 71.5ms
[2024-08-15T12:37:06.438+0000][522.382s][info][gc,phases   ] GC(88)   Post Evacuate Collection Set: 2.2ms
[2024-08-15T12:37:06.438+0000][522.382s][info][gc,phases   ] GC(88)   Other: 0.3ms
[2024-08-15T12:37:06.438+0000][522.382s][info][gc,heap     ] GC(88) Eden regions: 794->0(792)
[2024-08-15T12:37:06.438+0000][522.382s][info][gc,heap     ] GC(88) Survivor regions: 27->26(103)
[2024-08-15T12:37:06.438+0000][522.382s][info][gc,heap     ] GC(88) Old regions: 311->315
[2024-08-15T12:37:06.438+0000][522.382s][info][gc,heap     ] GC(88) Archive regions: 2->2
[2024-08-15T12:37:06.438+0000][522.382s][info][gc,heap     ] GC(88) Humongous regions: 67->67
[2024-08-15T12:37:06.438+0000][522.382s][info][gc,metaspace] GC(88) Metaspace: 418561K(424704K)->418561K(424704K) NonClass: 365607K(369152K)->365607K(369152K) Class: 52954K(55552K)->52954K(55552K)
[2024-08-15T12:37:06.438+0000][522.382s][info][gc          ] GC(88) Pause Young (Normal) (G1 Evacuation Pause) 9596M->3262M(12288M) 74.414ms
[2024-08-15T12:37:06.438+0000][522.383s][info][gc,cpu      ] GC(88) User=0.44s Sys=0.00s Real=0.07s
[2024-08-15T12:37:15.355+0000][531.300s][info][gc,start    ] GC(89) Pause Young (Normal) (G1 Evacuation Pause)
[2024-08-15T12:37:15.355+0000][531.300s][info][gc,task     ] GC(89) Using 6 workers of 6 for evacuation
[2024-08-15T12:37:15.429+0000][531.374s][info][gc,phases   ] GC(89)   Pre Evacuate Collection Set: 0.2ms
[2024-08-15T12:37:15.429+0000][531.374s][info][gc,phases   ] GC(89)   Merge Heap Roots: 0.2ms
[2024-08-15T12:37:15.429+0000][531.374s][info][gc,phases   ] GC(89)   Evacuate Collection Set: 71.5ms
[2024-08-15T12:37:15.429+0000][531.374s][info][gc,phases   ] GC(89)   Post Evacuate Collection Set: 2.3ms
[2024-08-15T12:37:15.429+0000][531.374s][info][gc,phases   ] GC(89)   Other: 0.2ms
[2024-08-15T12:37:15.429+0000][531.374s][info][gc,heap     ] GC(89) Eden regions: 792->0(788)
[2024-08-15T12:37:15.429+0000][531.374s][info][gc,heap     ] GC(89) Survivor regions: 26->27(103)
[2024-08-15T12:37:15.429+0000][531.374s][info][gc,heap     ] GC(89) Old regions: 315->317
[2024-08-15T12:37:15.429+0000][531.374s][info][gc,heap     ] GC(89) Archive regions: 2->2
[2024-08-15T12:37:15.429+0000][531.374s][info][gc,heap     ] GC(89) Humongous regions: 67->67
[2024-08-15T12:37:15.429+0000][531.374s][info][gc,metaspace] GC(89) Metaspace: 418581K(424704K)->418581K(424704K) NonClass: 365624K(369152K)->365624K(369152K) Class: 52957K(55552K)->52957K(55552K)
[2024-08-15T12:37:15.429+0000][531.374s][info][gc          ] GC(89) Pause Young (Normal) (G1 Evacuation Pause) 9598M->3286M(12288M) 74.471ms
[2024-08-15T12:37:15.429+0000][531.374s][info][gc,cpu      ] GC(89) User=0.43s Sys=0.01s Real=0.08s
[2024-08-15T12:37:23.868+0000][539.812s][info][gc,start    ] GC(90) Pause Young (Normal) (G1 Evacuation Pause)
[2024-08-15T12:37:23.868+0000][539.812s][info][gc,task     ] GC(90) Using 6 workers of 6 for evacuation
[2024-08-15T12:37:23.939+0000][539.883s][info][gc,phases   ] GC(90)   Pre Evacuate Collection Set: 0.2ms
[2024-08-15T12:37:23.939+0000][539.884s][info][gc,phases   ] GC(90)   Merge Heap Roots: 0.2ms
[2024-08-15T12:37:23.939+0000][539.884s][info][gc,phases   ] GC(90)   Evacuate Collection Set: 68.5ms
[2024-08-15T12:37:23.939+0000][539.884s][info][gc,phases   ] GC(90)   Post Evacuate Collection Set: 2.2ms
[2024-08-15T12:37:23.939+0000][539.884s][info][gc,phases   ] GC(90)   Other: 0.2ms
[2024-08-15T12:37:23.939+0000][539.884s][info][gc,heap     ] GC(90) Eden regions: 788->0(793)
[2024-08-15T12:37:23.939+0000][539.884s][info][gc,heap     ] GC(90) Survivor regions: 27->24(102)
[2024-08-15T12:37:23.939+0000][539.884s][info][gc,heap     ] GC(90) Old regions: 317->318
[2024-08-15T12:37:23.939+0000][539.884s][info][gc,heap     ] GC(90) Archive regions: 2->2
[2024-08-15T12:37:23.939+0000][539.884s][info][gc,heap     ] GC(90) Humongous regions: 67->67
[2024-08-15T12:37:23.939+0000][539.884s][info][gc,metaspace] GC(90) Metaspace: 418603K(424704K)->418603K(424704K) NonClass: 365645K(369152K)->365645K(369152K) Class: 52957K(55552K)->52957K(55552K)
[2024-08-15T12:37:23.939+0000][539.884s][info][gc          ] GC(90) Pause Young (Normal) (G1 Evacuation Pause) 9590M->3265M(12288M) 71.444ms
[2024-08-15T12:37:23.939+0000][539.884s][info][gc,cpu      ] GC(90) User=0.42s Sys=0.00s Real=0.07s
[2024-08-15T12:37:32.716+0000][548.660s][info][gc,start    ] GC(91) Pause Young (Normal) (G1 Evacuation Pause)
[2024-08-15T12:37:32.716+0000][548.660s][info][gc,task     ] GC(91) Using 6 workers of 6 for evacuation
[2024-08-15T12:37:32.781+0000][548.726s][info][gc,phases   ] GC(91)   Pre Evacuate Collection Set: 0.2ms
[2024-08-15T12:37:32.781+0000][548.726s][info][gc,phases   ] GC(91)   Merge Heap Roots: 0.3ms
[2024-08-15T12:37:32.781+0000][548.726s][info][gc,phases   ] GC(91)   Evacuate Collection Set: 62.8ms
[2024-08-15T12:37:32.781+0000][548.726s][info][gc,phases   ] GC(91)   Post Evacuate Collection Set: 2.2ms
[2024-08-15T12:37:32.781+0000][548.726s][info][gc,phases   ] GC(91)   Other: 0.2ms
[2024-08-15T12:37:32.781+0000][548.726s][info][gc,heap     ] GC(91) Eden regions: 793->0(791)
[2024-08-15T12:37:32.781+0000][548.726s][info][gc,heap     ] GC(91) Survivor regions: 24->25(103)
[2024-08-15T12:37:32.781+0000][548.726s][info][gc,heap     ] GC(91) Old regions: 318->318
[2024-08-15T12:37:32.781+0000][548.726s][info][gc,heap     ] GC(91) Archive regions: 2->2
[2024-08-15T12:37:32.781+0000][548.726s][info][gc,heap     ] GC(91) Humongous regions: 67->67
[2024-08-15T12:37:32.781+0000][548.726s][info][gc,metaspace] GC(91) Metaspace: 418617K(424704K)->418617K(424704K) NonClass: 365659K(369152K)->365659K(369152K) Class: 52957K(55552K)->52957K(55552K)
[2024-08-15T12:37:32.781+0000][548.726s][info][gc          ] GC(91) Pause Young (Normal) (G1 Evacuation Pause) 9609M->3284M(12288M) 65.797ms
[2024-08-15T12:37:32.781+0000][548.726s][info][gc,cpu      ] GC(91) User=0.39s Sys=0.00s Real=0.06s
[2024-08-15T12:37:41.616+0000][557.561s][info][gc,start    ] GC(92) Pause Young (Normal) (G1 Evacuation Pause)
[2024-08-15T12:37:41.616+0000][557.561s][info][gc,task     ] GC(92) Using 6 workers of 6 for evacuation
[2024-08-15T12:37:41.676+0000][557.621s][info][gc,phases   ] GC(92)   Pre Evacuate Collection Set: 0.2ms
[2024-08-15T12:37:41.676+0000][557.621s][info][gc,phases   ] GC(92)   Merge Heap Roots: 0.2ms
[2024-08-15T12:37:41.676+0000][557.621s][info][gc,phases   ] GC(92)   Evacuate Collection Set: 56.8ms
[2024-08-15T12:37:41.676+0000][557.621s][info][gc,phases   ] GC(92)   Post Evacuate Collection Set: 2.4ms
[2024-08-15T12:37:41.676+0000][557.621s][info][gc,phases   ] GC(92)   Other: 0.2ms
[2024-08-15T12:37:41.676+0000][557.621s][info][gc,heap     ] GC(92) Eden regions: 791->0(788)
[2024-08-15T12:37:41.676+0000][557.621s][info][gc,heap     ] GC(92) Survivor regions: 25->26(102)
[2024-08-15T12:37:41.676+0000][557.621s][info][gc,heap     ] GC(92) Old regions: 318->319
[2024-08-15T12:37:41.676+0000][557.621s][info][gc,heap     ] GC(92) Archive regions: 2->2
[2024-08-15T12:37:41.676+0000][557.621s][info][gc,heap     ] GC(92) Humongous regions: 67->67
[2024-08-15T12:37:41.676+0000][557.621s][info][gc,metaspace] GC(92) Metaspace: 418661K(424832K)->418661K(424832K) NonClass: 365704K(369280K)->365704K(369280K) Class: 52957K(55552K)->52957K(55552K)
[2024-08-15T12:37:41.676+0000][557.621s][info][gc          ] GC(92) Pause Young (Normal) (G1 Evacuation Pause) 9612M->3296M(12288M) 59.886ms
[2024-08-15T12:37:41.676+0000][557.621s][info][gc,cpu      ] GC(92) User=0.35s Sys=0.00s Real=0.06s
[2024-08-15T12:37:50.050+0000][565.994s][info][gc,start    ] GC(93) Pause Young (Normal) (G1 Evacuation Pause)
[2024-08-15T12:37:50.050+0000][565.994s][info][gc,task     ] GC(93) Using 6 workers of 6 for evacuation
[2024-08-15T12:37:50.106+0000][566.050s][info][gc,phases   ] GC(93)   Pre Evacuate Collection Set: 0.2ms
[2024-08-15T12:37:50.106+0000][566.050s][info][gc,phases   ] GC(93)   Merge Heap Roots: 0.2ms
[2024-08-15T12:37:50.106+0000][566.050s][info][gc,phases   ] GC(93)   Evacuate Collection Set: 53.0ms
[2024-08-15T12:37:50.106+0000][566.050s][info][gc,phases   ] GC(93)   Post Evacuate Collection Set: 2.2ms
[2024-08-15T12:37:50.106+0000][566.050s][info][gc,phases   ] GC(93)   Other: 0.2ms
[2024-08-15T12:37:50.106+0000][566.050s][info][gc,heap     ] GC(93) Eden regions: 788->0(790)
[2024-08-15T12:37:50.106+0000][566.050s][info][gc,heap     ] GC(93) Survivor regions: 26->25(102)
[2024-08-15T12:37:50.106+0000][566.050s][info][gc,heap     ] GC(93) Old regions: 319->319
[2024-08-15T12:37:50.106+0000][566.050s][info][gc,heap     ] GC(93) Archive regions: 2->2
[2024-08-15T12:37:50.106+0000][566.050s][info][gc,heap     ] GC(93) Humongous regions: 67->67
[2024-08-15T12:37:50.106+0000][566.050s][info][gc,metaspace] GC(93) Metaspace: 418668K(424832K)->418668K(424832K) NonClass: 365711K(369280K)->365711K(369280K) Class: 52957K(55552K)->52957K(55552K)
[2024-08-15T12:37:50.106+0000][566.050s][info][gc          ] GC(93) Pause Young (Normal) (G1 Evacuation Pause) 9600M->3287M(12288M) 55.950ms
[2024-08-15T12:37:50.106+0000][566.050s][info][gc,cpu      ] GC(93) User=0.33s Sys=0.00s Real=0.06s
[2024-08-15T12:37:58.795+0000][574.740s][info][gc,start    ] GC(94) Pause Young (Normal) (G1 Evacuation Pause)
[2024-08-15T12:37:58.795+0000][574.740s][info][gc,task     ] GC(94) Using 6 workers of 6 for evacuation
[2024-08-15T12:37:58.863+0000][574.807s][info][gc,phases   ] GC(94)   Pre Evacuate Collection Set: 0.2ms
[2024-08-15T12:37:58.863+0000][574.807s][info][gc,phases   ] GC(94)   Merge Heap Roots: 0.2ms
[2024-08-15T12:37:58.863+0000][574.807s][info][gc,phases   ] GC(94)   Evacuate Collection Set: 64.5ms
[2024-08-15T12:37:58.863+0000][574.807s][info][gc,phases   ] GC(94)   Post Evacuate Collection Set: 2.6ms
[2024-08-15T12:37:58.863+0000][574.807s][info][gc,phases   ] GC(94)   Other: 0.2ms
[2024-08-15T12:37:58.863+0000][574.807s][info][gc,heap     ] GC(94) Eden regions: 790->0(787)
[2024-08-15T12:37:58.863+0000][574.807s][info][gc,heap     ] GC(94) Survivor regions: 25->26(102)
[2024-08-15T12:37:58.863+0000][574.807s][info][gc,heap     ] GC(94) Old regions: 319->320
[2024-08-15T12:37:58.863+0000][574.807s][info][gc,heap     ] GC(94) Archive regions: 2->2
[2024-08-15T12:37:58.863+0000][574.807s][info][gc,heap     ] GC(94) Humongous regions: 67->67
[2024-08-15T12:37:58.863+0000][574.807s][info][gc,metaspace] GC(94) Metaspace: 418674K(424832K)->418674K(424832K) NonClass: 365717K(369280K)->365717K(369280K) Class: 52957K(55552K)->52957K(55552K)
[2024-08-15T12:37:58.863+0000][574.807s][info][gc          ] GC(94) Pause Young (Normal) (G1 Evacuation Pause) 9607M->3307M(12288M) 67.779ms
[2024-08-15T12:37:58.863+0000][574.808s][info][gc,cpu      ] GC(94) User=0.39s Sys=0.01s Real=0.07s
[2024-08-15T12:38:07.298+0000][583.243s][info][gc,start    ] GC(95) Pause Young (Normal) (G1 Evacuation Pause)
[2024-08-15T12:38:07.298+0000][583.243s][info][gc,task     ] GC(95) Using 6 workers of 6 for evacuation
[2024-08-15T12:38:07.358+0000][583.302s][info][gc,phases   ] GC(95)   Pre Evacuate Collection Set: 0.2ms
[2024-08-15T12:38:07.358+0000][583.302s][info][gc,phases   ] GC(95)   Merge Heap Roots: 0.2ms
[2024-08-15T12:38:07.358+0000][583.302s][info][gc,phases   ] GC(95)   Evacuate Collection Set: 56.8ms
[2024-08-15T12:38:07.358+0000][583.302s][info][gc,phases   ] GC(95)   Post Evacuate Collection Set: 2.4ms
[2024-08-15T12:38:07.358+0000][583.302s][info][gc,phases   ] GC(95)   Other: 0.2ms
[2024-08-15T12:38:07.358+0000][583.302s][info][gc,heap     ] GC(95) Eden regions: 787->0(790)
[2024-08-15T12:38:07.358+0000][583.302s][info][gc,heap     ] GC(95) Survivor regions: 26->24(102)
[2024-08-15T12:38:07.358+0000][583.302s][info][gc,heap     ] GC(95) Old regions: 320->321
[2024-08-15T12:38:07.358+0000][583.302s][info][gc,heap     ] GC(95) Archive regions: 2->2
[2024-08-15T12:38:07.358+0000][583.302s][info][gc,heap     ] GC(95) Humongous regions: 67->67
[2024-08-15T12:38:07.358+0000][583.302s][info][gc,metaspace] GC(95) Metaspace: 418698K(424832K)->418698K(424832K) NonClass: 365741K(369280K)->365741K(369280K) Class: 52957K(55552K)->52957K(55552K)
[2024-08-15T12:38:07.358+0000][583.302s][info][gc          ] GC(95) Pause Young (Normal) (G1 Evacuation Pause) 9603M->3294M(12288M) 59.951ms
[2024-08-15T12:38:07.358+0000][583.303s][info][gc,cpu      ] GC(95) User=0.36s Sys=0.00s Real=0.06s
[2024-08-15T12:38:15.887+0000][591.831s][info][gc,start    ] GC(96) Pause Young (Normal) (G1 Evacuation Pause)
[2024-08-15T12:38:15.887+0000][591.831s][info][gc,task     ] GC(96) Using 6 workers of 6 for evacuation
[2024-08-15T12:38:15.946+0000][591.891s][info][gc,phases   ] GC(96)   Pre Evacuate Collection Set: 0.2ms
[2024-08-15T12:38:15.946+0000][591.891s][info][gc,phases   ] GC(96)   Merge Heap Roots: 0.2ms
[2024-08-15T12:38:15.946+0000][591.891s][info][gc,phases   ] GC(96)   Evacuate Collection Set: 56.7ms
[2024-08-15T12:38:15.946+0000][591.891s][info][gc,phases   ] GC(96)   Post Evacuate Collection Set: 2.2ms
[2024-08-15T12:38:15.946+0000][591.891s][info][gc,phases   ] GC(96)   Other: 0.2ms
[2024-08-15T12:38:15.946+0000][591.891s][info][gc,heap     ] GC(96) Eden regions: 790->0(787)
[2024-08-15T12:38:15.946+0000][591.891s][info][gc,heap     ] GC(96) Survivor regions: 24->25(102)
[2024-08-15T12:38:15.946+0000][591.891s][info][gc,heap     ] GC(96) Old regions: 321->322
[2024-08-15T12:38:15.946+0000][591.891s][info][gc,heap     ] GC(96) Archive regions: 2->2
[2024-08-15T12:38:15.946+0000][591.891s][info][gc,heap     ] GC(96) Humongous regions: 67->67
[2024-08-15T12:38:15.946+0000][591.891s][info][gc,metaspace] GC(96) Metaspace: 418715K(424896K)->418715K(424896K) NonClass: 365758K(369344K)->365758K(369344K) Class: 52957K(55552K)->52957K(55552K)
[2024-08-15T12:38:15.946+0000][591.891s][info][gc          ] GC(96) Pause Young (Normal) (G1 Evacuation Pause) 9614M->3308M(12288M) 59.623ms
[2024-08-15T12:38:15.946+0000][591.891s][info][gc,cpu      ] GC(96) User=0.35s Sys=0.00s Real=0.06s
[2024-08-15T12:38:24.582+0000][600.527s][info][gc,start    ] GC(97) Pause Young (Normal) (G1 Evacuation Pause)
[2024-08-15T12:38:24.582+0000][600.527s][info][gc,task     ] GC(97) Using 6 workers of 6 for evacuation
[2024-08-15T12:38:24.642+0000][600.587s][info][gc,phases   ] GC(97)   Pre Evacuate Collection Set: 0.2ms
[2024-08-15T12:38:24.642+0000][600.587s][info][gc,phases   ] GC(97)   Merge Heap Roots: 0.2ms
[2024-08-15T12:38:24.642+0000][600.587s][info][gc,phases   ] GC(97)   Evacuate Collection Set: 57.4ms
[2024-08-15T12:38:24.642+0000][600.587s][info][gc,phases   ] GC(97)   Post Evacuate Collection Set: 2.2ms
[2024-08-15T12:38:24.642+0000][600.587s][info][gc,phases   ] GC(97)   Other: 0.2ms
[2024-08-15T12:38:24.642+0000][600.587s][info][gc,heap     ] GC(97) Eden regions: 787->0(786)
[2024-08-15T12:38:24.642+0000][600.587s][info][gc,heap     ] GC(97) Survivor regions: 25->25(102)
[2024-08-15T12:38:24.642+0000][600.587s][info][gc,heap     ] GC(97) Old regions: 322->323
[2024-08-15T12:38:24.642+0000][600.587s][info][gc,heap     ] GC(97) Archive regions: 2->2
[2024-08-15T12:38:24.642+0000][600.587s][info][gc,heap     ] GC(97) Humongous regions: 67->67
[2024-08-15T12:38:24.642+0000][600.587s][info][gc,metaspace] GC(97) Metaspace: 418725K(424896K)->418725K(424896K) NonClass: 365767K(369344K)->365767K(369344K) Class: 52957K(55552K)->52957K(55552K)
[2024-08-15T12:38:24.642+0000][600.587s][info][gc          ] GC(97) Pause Young (Normal) (G1 Evacuation Pause) 9604M->3315M(12288M) 60.285ms
[2024-08-15T12:38:24.642+0000][600.587s][info][gc,cpu      ] GC(97) User=0.36s Sys=0.00s Real=0.06s
[2024-08-15T12:38:32.975+0000][608.920s][info][gc,start    ] GC(98) Pause Young (Normal) (G1 Evacuation Pause)
[2024-08-15T12:38:32.975+0000][608.920s][info][gc,task     ] GC(98) Using 6 workers of 6 for evacuation
[2024-08-15T12:38:33.041+0000][608.986s][info][gc,phases   ] GC(98)   Pre Evacuate Collection Set: 0.2ms
[2024-08-15T12:38:33.041+0000][608.986s][info][gc,phases   ] GC(98)   Merge Heap Roots: 0.2ms
[2024-08-15T12:38:33.041+0000][608.986s][info][gc,phases   ] GC(98)   Evacuate Collection Set: 63.1ms
[2024-08-15T12:38:33.041+0000][608.986s][info][gc,phases   ] GC(98)   Post Evacuate Collection Set: 2.2ms
[2024-08-15T12:38:33.041+0000][608.986s][info][gc,phases   ] GC(98)   Other: 0.2ms
[2024-08-15T12:38:33.041+0000][608.986s][info][gc,heap     ] GC(98) Eden regions: 786->0(785)
[2024-08-15T12:38:33.041+0000][608.986s][info][gc,heap     ] GC(98) Survivor regions: 25->25(102)
[2024-08-15T12:38:33.041+0000][608.986s][info][gc,heap     ] GC(98) Old regions: 323->324
[2024-08-15T12:38:33.041+0000][608.986s][info][gc,heap     ] GC(98) Archive regions: 2->2
[2024-08-15T12:38:33.041+0000][608.986s][info][gc,heap     ] GC(98) Humongous regions: 67->67
[2024-08-15T12:38:33.041+0000][608.986s][info][gc,metaspace] GC(98) Metaspace: 418749K(424896K)->418749K(424896K) NonClass: 365790K(369344K)->365790K(369344K) Class: 52958K(55552K)->52958K(55552K)
[2024-08-15T12:38:33.041+0000][608.986s][info][gc          ] GC(98) Pause Young (Normal) (G1 Evacuation Pause) 9603M->3322M(12288M) 66.001ms
[2024-08-15T12:38:33.041+0000][608.986s][info][gc,cpu      ] GC(98) User=0.38s Sys=0.00s Real=0.06s
[2024-08-15T12:38:41.662+0000][617.607s][info][gc,start    ] GC(99) Pause Young (Normal) (G1 Evacuation Pause)
[2024-08-15T12:38:41.662+0000][617.607s][info][gc,task     ] GC(99) Using 6 workers of 6 for evacuation
[2024-08-15T12:38:41.722+0000][617.666s][info][gc,phases   ] GC(99)   Pre Evacuate Collection Set: 0.2ms
[2024-08-15T12:38:41.722+0000][617.666s][info][gc,phases   ] GC(99)   Merge Heap Roots: 0.2ms
[2024-08-15T12:38:41.722+0000][617.666s][info][gc,phases   ] GC(99)   Evacuate Collection Set: 56.8ms
[2024-08-15T12:38:41.722+0000][617.666s][info][gc,phases   ] GC(99)   Post Evacuate Collection Set: 2.3ms
[2024-08-15T12:38:41.722+0000][617.666s][info][gc,phases   ] GC(99)   Other: 0.2ms
[2024-08-15T12:38:41.722+0000][617.666s][info][gc,heap     ] GC(99) Eden regions: 785->0(784)
[2024-08-15T12:38:41.722+0000][617.666s][info][gc,heap     ] GC(99) Survivor regions: 25->25(102)
[2024-08-15T12:38:41.722+0000][617.666s][info][gc,heap     ] GC(99) Old regions: 324->325
[2024-08-15T12:38:41.722+0000][617.666s][info][gc,heap     ] GC(99) Archive regions: 2->2
[2024-08-15T12:38:41.722+0000][617.666s][info][gc,heap     ] GC(99) Humongous regions: 67->67
[2024-08-15T12:38:41.722+0000][617.666s][info][gc,metaspace] GC(99) Metaspace: 418765K(424896K)->418765K(424896K) NonClass: 365807K(369344K)->365807K(369344K) Class: 52958K(55552K)->52958K(55552K)
[2024-08-15T12:38:41.722+0000][617.666s][info][gc          ] GC(99) Pause Young (Normal) (G1 Evacuation Pause) 9602M->3334M(12288M) 59.812ms
[2024-08-15T12:38:41.722+0000][617.667s][info][gc,cpu      ] GC(99) User=0.36s Sys=0.00s Real=0.06s
[2024-08-15T12:38:50.175+0000][626.120s][info][gc,start    ] GC(100) Pause Young (Normal) (G1 Evacuation Pause)
[2024-08-15T12:38:50.175+0000][626.120s][info][gc,task     ] GC(100) Using 6 workers of 6 for evacuation
[2024-08-15T12:38:50.242+0000][626.187s][info][gc,phases   ] GC(100)   Pre Evacuate Collection Set: 0.2ms
[2024-08-15T12:38:50.242+0000][626.187s][info][gc,phases   ] GC(100)   Merge Heap Roots: 0.2ms
[2024-08-15T12:38:50.242+0000][626.187s][info][gc,phases   ] GC(100)   Evacuate Collection Set: 64.1ms
[2024-08-15T12:38:50.242+0000][626.187s][info][gc,phases   ] GC(100)   Post Evacuate Collection Set: 2.2ms
[2024-08-15T12:38:50.242+0000][626.187s][info][gc,phases   ] GC(100)   Other: 0.2ms
[2024-08-15T12:38:50.242+0000][626.187s][info][gc,heap     ] GC(100) Eden regions: 784->0(787)
[2024-08-15T12:38:50.242+0000][626.187s][info][gc,heap     ] GC(100) Survivor regions: 25->23(102)
[2024-08-15T12:38:50.242+0000][626.187s][info][gc,heap     ] GC(100) Old regions: 325->326
[2024-08-15T12:38:50.242+0000][626.187s][info][gc,heap     ] GC(100) Archive regions: 2->2
[2024-08-15T12:38:50.242+0000][626.187s][info][gc,heap     ] GC(100) Humongous regions: 67->67
[2024-08-15T12:38:50.242+0000][626.187s][info][gc,metaspace] GC(100) Metaspace: 418784K(424960K)->418784K(424960K) NonClass: 365825K(369408K)->365825K(369408K) Class: 52958K(55552K)->52958K(55552K)
[2024-08-15T12:38:50.242+0000][626.187s][info][gc          ] GC(100) Pause Young (Normal) (G1 Evacuation Pause) 9606M->3322M(12288M) 67.067ms
[2024-08-15T12:38:50.242+0000][626.187s][info][gc,cpu      ] GC(100) User=0.39s Sys=0.01s Real=0.06s
[2024-08-15T12:38:59.018+0000][634.963s][info][gc,start    ] GC(101) Pause Young (Normal) (G1 Evacuation Pause)
[2024-08-15T12:38:59.018+0000][634.963s][info][gc,task     ] GC(101) Using 6 workers of 6 for evacuation
[2024-08-15T12:38:59.078+0000][635.022s][info][gc,phases   ] GC(101)   Pre Evacuate Collection Set: 0.2ms
[2024-08-15T12:38:59.078+0000][635.022s][info][gc,phases   ] GC(101)   Merge Heap Roots: 0.2ms
[2024-08-15T12:38:59.078+0000][635.022s][info][gc,phases   ] GC(101)   Evacuate Collection Set: 56.8ms
[2024-08-15T12:38:59.078+0000][635.022s][info][gc,phases   ] GC(101)   Post Evacuate Collection Set: 2.2ms
[2024-08-15T12:38:59.078+0000][635.022s][info][gc,phases   ] GC(101)   Other: 0.2ms
[2024-08-15T12:38:59.078+0000][635.022s][info][gc,heap     ] GC(101) Eden regions: 787->0(784)
[2024-08-15T12:38:59.078+0000][635.022s][info][gc,heap     ] GC(101) Survivor regions: 23->24(102)
[2024-08-15T12:38:59.078+0000][635.022s][info][gc,heap     ] GC(101) Old regions: 326->327
[2024-08-15T12:38:59.078+0000][635.022s][info][gc,heap     ] GC(101) Archive regions: 2->2
[2024-08-15T12:38:59.078+0000][635.022s][info][gc,heap     ] GC(101) Humongous regions: 67->67
[2024-08-15T12:38:59.078+0000][635.022s][info][gc,metaspace] GC(101) Metaspace: 418795K(424960K)->418795K(424960K) NonClass: 365837K(369408K)->365837K(369408K) Class: 52958K(55552K)->52958K(55552K)
[2024-08-15T12:38:59.078+0000][635.022s][info][gc          ] GC(101) Pause Young (Normal) (G1 Evacuation Pause) 9618M->3338M(12288M) 59.693ms
[2024-08-15T12:38:59.078+0000][635.022s][info][gc,cpu      ] GC(101) User=0.36s Sys=0.00s Real=0.06s
[2024-08-15T12:39:02.757+0000][638.702s][info][gc,start    ] GC(102) Pause Young (Normal) (G1 Evacuation Pause)
[2024-08-15T12:39:02.757+0000][638.702s][info][gc,task     ] GC(102) Using 6 workers of 6 for evacuation
[2024-08-15T12:39:02.848+0000][638.793s][info][gc,phases   ] GC(102)   Pre Evacuate Collection Set: 0.2ms
[2024-08-15T12:39:02.848+0000][638.793s][info][gc,phases   ] GC(102)   Merge Heap Roots: 0.2ms
[2024-08-15T12:39:02.848+0000][638.793s][info][gc,phases   ] GC(102)   Evacuate Collection Set: 77.2ms
[2024-08-15T12:39:02.848+0000][638.793s][info][gc,phases   ] GC(102)   Post Evacuate Collection Set: 13.1ms
[2024-08-15T12:39:02.848+0000][638.793s][info][gc,phases   ] GC(102)   Other: 0.2ms
[2024-08-15T12:39:02.848+0000][638.793s][info][gc,heap     ] GC(102) Eden regions: 784->0(780)
[2024-08-15T12:39:02.848+0000][638.793s][info][gc,heap     ] GC(102) Survivor regions: 24->26(101)
[2024-08-15T12:39:02.848+0000][638.793s][info][gc,heap     ] GC(102) Old regions: 327->327
[2024-08-15T12:39:02.848+0000][638.793s][info][gc,heap     ] GC(102) Archive regions: 2->2
[2024-08-15T12:39:02.848+0000][638.793s][info][gc,heap     ] GC(102) Humongous regions: 67->67
[2024-08-15T12:39:02.848+0000][638.793s][info][gc,metaspace] GC(102) Metaspace: 418814K(424960K)->418814K(424960K) NonClass: 365855K(369408K)->365855K(369408K) Class: 52958K(55552K)->52958K(55552K)
[2024-08-15T12:39:02.848+0000][638.793s][info][gc          ] GC(102) Pause Young (Normal) (G1 Evacuation Pause) 9610M->3360M(12288M) 90.984ms
[2024-08-15T12:39:02.848+0000][638.793s][info][gc,cpu      ] GC(102) User=0.53s Sys=0.01s Real=0.09s
[2024-08-15T12:39:05.165+0000][641.110s][info][gc,start    ] GC(103) Pause Young (Normal) (G1 Evacuation Pause)
[2024-08-15T12:39:05.165+0000][641.110s][info][gc,task     ] GC(103) Using 6 workers of 6 for evacuation
[2024-08-15T12:39:05.292+0000][641.237s][info][gc,phases   ] GC(103)   Pre Evacuate Collection Set: 0.2ms
[2024-08-15T12:39:05.292+0000][641.237s][info][gc,phases   ] GC(103)   Merge Heap Roots: 0.2ms
[2024-08-15T12:39:05.292+0000][641.237s][info][gc,phases   ] GC(103)   Evacuate Collection Set: 106.1ms
[2024-08-15T12:39:05.292+0000][641.237s][info][gc,phases   ] GC(103)   Post Evacuate Collection Set: 20.2ms
[2024-08-15T12:39:05.292+0000][641.237s][info][gc,phases   ] GC(103)   Other: 0.2ms
[2024-08-15T12:39:05.292+0000][641.237s][info][gc,heap     ] GC(103) Eden regions: 780->0(771)
[2024-08-15T12:39:05.292+0000][641.237s][info][gc,heap     ] GC(103) Survivor regions: 26->30(101)
[2024-08-15T12:39:05.292+0000][641.237s][info][gc,heap     ] GC(103) Old regions: 327->328
[2024-08-15T12:39:05.292+0000][641.237s][info][gc,heap     ] GC(103) Archive regions: 2->2
[2024-08-15T12:39:05.292+0000][641.237s][info][gc,heap     ] GC(103) Humongous regions: 67->67
[2024-08-15T12:39:05.292+0000][641.237s][info][gc,metaspace] GC(103) Metaspace: 418823K(424960K)->418823K(424960K) NonClass: 365864K(369408K)->365864K(369408K) Class: 52958K(55552K)->52958K(55552K)
[2024-08-15T12:39:05.292+0000][641.237s][info][gc          ] GC(103) Pause Young (Normal) (G1 Evacuation Pause) 9600M->3402M(12288M) 127.032ms
[2024-08-15T12:39:05.292+0000][641.237s][info][gc,cpu      ] GC(103) User=0.74s Sys=0.01s Real=0.12s
[2024-08-15T12:39:07.592+0000][643.537s][info][gc,start    ] GC(104) Pause Young (Normal) (G1 Evacuation Pause)
[2024-08-15T12:39:07.592+0000][643.537s][info][gc,task     ] GC(104) Using 6 workers of 6 for evacuation
[2024-08-15T12:39:07.719+0000][643.664s][info][gc,phases   ] GC(104)   Pre Evacuate Collection Set: 0.2ms
[2024-08-15T12:39:07.719+0000][643.664s][info][gc,phases   ] GC(104)   Merge Heap Roots: 0.2ms
[2024-08-15T12:39:07.719+0000][643.664s][info][gc,phases   ] GC(104)   Evacuate Collection Set: 108.2ms
[2024-08-15T12:39:07.719+0000][643.664s][info][gc,phases   ] GC(104)   Post Evacuate Collection Set: 18.1ms
[2024-08-15T12:39:07.719+0000][643.664s][info][gc,phases   ] GC(104)   Other: 0.2ms
[2024-08-15T12:39:07.719+0000][643.664s][info][gc,heap     ] GC(104) Eden regions: 771->0(764)
[2024-08-15T12:39:07.719+0000][643.664s][info][gc,heap     ] GC(104) Survivor regions: 30->33(101)
[2024-08-15T12:39:07.719+0000][643.664s][info][gc,heap     ] GC(104) Old regions: 328->329
[2024-08-15T12:39:07.719+0000][643.664s][info][gc,heap     ] GC(104) Archive regions: 2->2
[2024-08-15T12:39:07.719+0000][643.664s][info][gc,heap     ] GC(104) Humongous regions: 67->67
[2024-08-15T12:39:07.719+0000][643.664s][info][gc,metaspace] GC(104) Metaspace: 418823K(424960K)->418823K(424960K) NonClass: 365865K(369408K)->365865K(369408K) Class: 52958K(55552K)->52958K(55552K)
[2024-08-15T12:39:07.719+0000][643.664s][info][gc          ] GC(104) Pause Young (Normal) (G1 Evacuation Pause) 9570M->3429M(12288M) 127.005ms
[2024-08-15T12:39:07.719+0000][643.664s][info][gc,cpu      ] GC(104) User=0.75s Sys=0.00s Real=0.13s
[2024-08-15T12:39:09.972+0000][645.917s][info][gc,start    ] GC(105) Pause Young (Normal) (G1 Evacuation Pause)
[2024-08-15T12:39:09.972+0000][645.917s][info][gc,task     ] GC(105) Using 6 workers of 6 for evacuation
[2024-08-15T12:39:10.111+0000][646.056s][info][gc,phases   ] GC(105)   Pre Evacuate Collection Set: 0.2ms
[2024-08-15T12:39:10.111+0000][646.056s][info][gc,phases   ] GC(105)   Merge Heap Roots: 0.4ms
[2024-08-15T12:39:10.111+0000][646.056s][info][gc,phases   ] GC(105)   Evacuate Collection Set: 117.4ms
[2024-08-15T12:39:10.111+0000][646.056s][info][gc,phases   ] GC(105)   Post Evacuate Collection Set: 20.8ms
[2024-08-15T12:39:10.111+0000][646.056s][info][gc,phases   ] GC(105)   Other: 0.2ms
[2024-08-15T12:39:10.111+0000][646.056s][info][gc,heap     ] GC(105) Eden regions: 764->0(757)
[2024-08-15T12:39:10.111+0000][646.056s][info][gc,heap     ] GC(105) Survivor regions: 33->36(100)
[2024-08-15T12:39:10.111+0000][646.056s][info][gc,heap     ] GC(105) Old regions: 329->330
[2024-08-15T12:39:10.111+0000][646.056s][info][gc,heap     ] GC(105) Archive regions: 2->2
[2024-08-15T12:39:10.111+0000][646.056s][info][gc,heap     ] GC(105) Humongous regions: 67->67
[2024-08-15T12:39:10.111+0000][646.056s][info][gc,metaspace] GC(105) Metaspace: 418836K(424960K)->418836K(424960K) NonClass: 365878K(369408K)->365878K(369408K) Class: 52958K(55552K)->52958K(55552K)
[2024-08-15T12:39:10.112+0000][646.056s][info][gc          ] GC(105) Pause Young (Normal) (G1 Evacuation Pause) 9541M->3461M(12288M) 139.202ms
[2024-08-15T12:39:10.112+0000][646.056s][info][gc,cpu      ] GC(105) User=0.82s Sys=0.00s Real=0.14s
[2024-08-15T12:39:12.383+0000][648.327s][info][gc,start    ] GC(106) Pause Young (Normal) (G1 Evacuation Pause)
[2024-08-15T12:39:12.383+0000][648.327s][info][gc,task     ] GC(106) Using 6 workers of 6 for evacuation
[2024-08-15T12:39:12.548+0000][648.492s][info][gc,phases   ] GC(106)   Pre Evacuate Collection Set: 0.2ms
[2024-08-15T12:39:12.548+0000][648.492s][info][gc,phases   ] GC(106)   Merge Heap Roots: 0.6ms
[2024-08-15T12:39:12.548+0000][648.492s][info][gc,phases   ] GC(106)   Evacuate Collection Set: 138.7ms
[2024-08-15T12:39:12.548+0000][648.492s][info][gc,phases   ] GC(106)   Post Evacuate Collection Set: 25.5ms
[2024-08-15T12:39:12.548+0000][648.492s][info][gc,phases   ] GC(106)   Other: 0.2ms
[2024-08-15T12:39:12.548+0000][648.492s][info][gc,heap     ] GC(106) Eden regions: 757->0(750)
[2024-08-15T12:39:12.548+0000][648.492s][info][gc,heap     ] GC(106) Survivor regions: 36->39(100)
[2024-08-15T12:39:12.548+0000][648.492s][info][gc,heap     ] GC(106) Old regions: 330->331
[2024-08-15T12:39:12.548+0000][648.492s][info][gc,heap     ] GC(106) Archive regions: 2->2
[2024-08-15T12:39:12.548+0000][648.492s][info][gc,heap     ] GC(106) Humongous regions: 67->67
[2024-08-15T12:39:12.548+0000][648.492s][info][gc,metaspace] GC(106) Metaspace: 418836K(424960K)->418836K(424960K) NonClass: 365878K(369408K)->365878K(369408K) Class: 52958K(55552K)->52958K(55552K)
[2024-08-15T12:39:12.548+0000][648.493s][info][gc          ] GC(106) Pause Young (Normal) (G1 Evacuation Pause) 9517M->3492M(12288M) 165.291ms
[2024-08-15T12:39:12.548+0000][648.493s][info][gc,cpu      ] GC(106) User=0.96s Sys=0.01s Real=0.17s
[2024-08-15T12:39:15.088+0000][651.033s][info][gc,start    ] GC(107) Pause Young (Normal) (G1 Evacuation Pause)
[2024-08-15T12:39:15.088+0000][651.033s][info][gc,task     ] GC(107) Using 6 workers of 6 for evacuation
[2024-08-15T12:39:15.253+0000][651.198s][info][gc,phases   ] GC(107)   Pre Evacuate Collection Set: 0.2ms
[2024-08-15T12:39:15.253+0000][651.198s][info][gc,phases   ] GC(107)   Merge Heap Roots: 0.5ms
[2024-08-15T12:39:15.253+0000][651.198s][info][gc,phases   ] GC(107)   Evacuate Collection Set: 141.1ms
[2024-08-15T12:39:15.253+0000][651.198s][info][gc,phases   ] GC(107)   Post Evacuate Collection Set: 23.2ms
[2024-08-15T12:39:15.253+0000][651.198s][info][gc,phases   ] GC(107)   Other: 0.2ms
[2024-08-15T12:39:15.253+0000][651.198s][info][gc,heap     ] GC(107) Eden regions: 750->0(743)
[2024-08-15T12:39:15.253+0000][651.198s][info][gc,heap     ] GC(107) Survivor regions: 39->42(99)
[2024-08-15T12:39:15.253+0000][651.198s][info][gc,heap     ] GC(107) Old regions: 331->332
[2024-08-15T12:39:15.253+0000][651.198s][info][gc,heap     ] GC(107) Archive regions: 2->2
[2024-08-15T12:39:15.253+0000][651.198s][info][gc,heap     ] GC(107) Humongous regions: 67->67
[2024-08-15T12:39:15.253+0000][651.198s][info][gc,metaspace] GC(107) Metaspace: 418845K(424960K)->418845K(424960K) NonClass: 365887K(369408K)->365887K(369408K) Class: 52958K(55552K)->52958K(55552K)
[2024-08-15T12:39:15.253+0000][651.198s][info][gc          ] GC(107) Pause Young (Normal) (G1 Evacuation Pause) 9492M->3526M(12288M) 165.247ms
[2024-08-15T12:39:15.253+0000][651.198s][info][gc,cpu      ] GC(107) User=0.95s Sys=0.01s Real=0.16s
[2024-08-15T12:39:17.362+0000][653.306s][info][gc,start    ] GC(108) Pause Young (Normal) (G1 Evacuation Pause)
[2024-08-15T12:39:17.362+0000][653.306s][info][gc,task     ] GC(108) Using 6 workers of 6 for evacuation
[2024-08-15T12:39:17.498+0000][653.442s][info][gc,phases   ] GC(108)   Pre Evacuate Collection Set: 0.2ms
[2024-08-15T12:39:17.498+0000][653.442s][info][gc,phases   ] GC(108)   Merge Heap Roots: 0.3ms
[2024-08-15T12:39:17.498+0000][653.442s][info][gc,phases   ] GC(108)   Evacuate Collection Set: 126.2ms
[2024-08-15T12:39:17.498+0000][653.443s][info][gc,phases   ] GC(108)   Post Evacuate Collection Set: 9.4ms
[2024-08-15T12:39:17.498+0000][653.443s][info][gc,phases   ] GC(108)   Other: 0.2ms
[2024-08-15T12:39:17.498+0000][653.443s][info][gc,heap     ] GC(108) Eden regions: 743->0(742)
[2024-08-15T12:39:17.498+0000][653.443s][info][gc,heap     ] GC(108) Survivor regions: 42->42(99)
[2024-08-15T12:39:17.498+0000][653.443s][info][gc,heap     ] GC(108) Old regions: 332->333
[2024-08-15T12:39:17.498+0000][653.443s][info][gc,heap     ] GC(108) Archive regions: 2->2
[2024-08-15T12:39:17.498+0000][653.443s][info][gc,heap     ] GC(108) Humongous regions: 67->67
[2024-08-15T12:39:17.498+0000][653.443s][info][gc,metaspace] GC(108) Metaspace: 418845K(424960K)->418845K(424960K) NonClass: 365887K(369408K)->365887K(369408K) Class: 52958K(55552K)->52958K(55552K)
[2024-08-15T12:39:17.498+0000][653.443s][info][gc          ] GC(108) Pause Young (Normal) (G1 Evacuation Pause) 9470M->3533M(12288M) 136.357ms
[2024-08-15T12:39:17.498+0000][653.443s][info][gc,cpu      ] GC(108) User=0.80s Sys=0.00s Real=0.14s
[2024-08-15T12:39:19.489+0000][655.434s][info][gc,start    ] GC(109) Pause Young (Normal) (G1 Evacuation Pause)
[2024-08-15T12:39:19.489+0000][655.434s][info][gc,task     ] GC(109) Using 6 workers of 6 for evacuation
[2024-08-15T12:39:19.614+0000][655.559s][info][gc,phases   ] GC(109)   Pre Evacuate Collection Set: 0.2ms
[2024-08-15T12:39:19.614+0000][655.559s][info][gc,phases   ] GC(109)   Merge Heap Roots: 0.3ms
[2024-08-15T12:39:19.614+0000][655.559s][info][gc,phases   ] GC(109)   Evacuate Collection Set: 119.8ms
[2024-08-15T12:39:19.614+0000][655.559s][info][gc,phases   ] GC(109)   Post Evacuate Collection Set: 4.2ms
[2024-08-15T12:39:19.614+0000][655.559s][info][gc,phases   ] GC(109)   Other: 0.2ms
[2024-08-15T12:39:19.614+0000][655.559s][info][gc,heap     ] GC(109) Eden regions: 742->0(742)
[2024-08-15T12:39:19.614+0000][655.559s][info][gc,heap     ] GC(109) Survivor regions: 42->42(98)
[2024-08-15T12:39:19.614+0000][655.559s][info][gc,heap     ] GC(109) Old regions: 333->333
[2024-08-15T12:39:19.614+0000][655.559s][info][gc,heap     ] GC(109) Archive regions: 2->2
[2024-08-15T12:39:19.614+0000][655.559s][info][gc,heap     ] GC(109) Humongous regions: 67->67
[2024-08-15T12:39:19.614+0000][655.559s][info][gc,metaspace] GC(109) Metaspace: 418857K(424960K)->418857K(424960K) NonClass: 365899K(369408K)->365899K(369408K) Class: 52958K(55552K)->52958K(55552K)
[2024-08-15T12:39:19.614+0000][655.559s][info][gc          ] GC(109) Pause Young (Normal) (G1 Evacuation Pause) 9469M->3540M(12288M) 124.741ms
[2024-08-15T12:39:19.614+0000][655.559s][info][gc,cpu      ] GC(109) User=0.74s Sys=0.00s Real=0.12s
[2024-08-15T12:39:23.073+0000][659.018s][info][gc,start    ] GC(110) Pause Young (Normal) (G1 Evacuation Pause)
[2024-08-15T12:39:23.073+0000][659.018s][info][gc,task     ] GC(110) Using 6 workers of 6 for evacuation
[2024-08-15T12:39:23.229+0000][659.173s][info][gc,phases   ] GC(110)   Pre Evacuate Collection Set: 0.2ms
[2024-08-15T12:39:23.229+0000][659.173s][info][gc,phases   ] GC(110)   Merge Heap Roots: 0.3ms
[2024-08-15T12:39:23.229+0000][659.173s][info][gc,phases   ] GC(110)   Evacuate Collection Set: 139.1ms
[2024-08-15T12:39:23.229+0000][659.173s][info][gc,phases   ] GC(110)   Post Evacuate Collection Set: 16.1ms
[2024-08-15T12:39:23.229+0000][659.173s][info][gc,phases   ] GC(110)   Other: 0.2ms
[2024-08-15T12:39:23.229+0000][659.173s][info][gc,heap     ] GC(110) Eden regions: 742->0(739)
[2024-08-15T12:39:23.229+0000][659.173s][info][gc,heap     ] GC(110) Survivor regions: 42->43(98)
[2024-08-15T12:39:23.229+0000][659.173s][info][gc,heap     ] GC(110) Old regions: 333->334
[2024-08-15T12:39:23.229+0000][659.173s][info][gc,heap     ] GC(110) Archive regions: 2->2
[2024-08-15T12:39:23.229+0000][659.173s][info][gc,heap     ] GC(110) Humongous regions: 67->67
[2024-08-15T12:39:23.229+0000][659.173s][info][gc,metaspace] GC(110) Metaspace: 418865K(425024K)->418865K(425024K) NonClass: 365907K(369472K)->365907K(369472K) Class: 52958K(55552K)->52958K(55552K)
[2024-08-15T12:39:23.229+0000][659.173s][info][gc          ] GC(110) Pause Young (Normal) (G1 Evacuation Pause) 9476M->3555M(12288M) 155.925ms
[2024-08-15T12:39:23.229+0000][659.173s][info][gc,cpu      ] GC(110) User=0.92s Sys=0.00s Real=0.16s
[2024-08-15T12:39:31.100+0000][667.045s][info][gc,start    ] GC(111) Pause Young (Normal) (G1 Evacuation Pause)
[2024-08-15T12:39:31.100+0000][667.045s][info][gc,task     ] GC(111) Using 6 workers of 6 for evacuation
[2024-08-15T12:39:31.229+0000][667.174s][info][gc,phases   ] GC(111)   Pre Evacuate Collection Set: 0.2ms
[2024-08-15T12:39:31.229+0000][667.174s][info][gc,phases   ] GC(111)   Merge Heap Roots: 0.3ms
[2024-08-15T12:39:31.229+0000][667.174s][info][gc,phases   ] GC(111)   Evacuate Collection Set: 125.7ms
[2024-08-15T12:39:31.229+0000][667.174s][info][gc,phases   ] GC(111)   Post Evacuate Collection Set: 2.3ms
[2024-08-15T12:39:31.229+0000][667.174s][info][gc,phases   ] GC(111)   Other: 0.2ms
[2024-08-15T12:39:31.229+0000][667.174s][info][gc,heap     ] GC(111) Eden regions: 739->0(740)
[2024-08-15T12:39:31.229+0000][667.174s][info][gc,heap     ] GC(111) Survivor regions: 43->42(98)
[2024-08-15T12:39:31.229+0000][667.174s][info][gc,heap     ] GC(111) Old regions: 334->335
[2024-08-15T12:39:31.229+0000][667.174s][info][gc,heap     ] GC(111) Archive regions: 2->2
[2024-08-15T12:39:31.229+0000][667.174s][info][gc,heap     ] GC(111) Humongous regions: 67->67
[2024-08-15T12:39:31.229+0000][667.174s][info][gc,metaspace] GC(111) Metaspace: 418892K(425024K)->418892K(425024K) NonClass: 365933K(369472K)->365933K(369472K) Class: 52958K(55552K)->52958K(55552K)
[2024-08-15T12:39:31.229+0000][667.174s][info][gc          ] GC(111) Pause Young (Normal) (G1 Evacuation Pause) 9467M->3550M(12288M) 128.699ms
[2024-08-15T12:39:31.229+0000][667.174s][info][gc,cpu      ] GC(111) User=0.77s Sys=0.00s Real=0.13s
[2024-08-15T12:39:39.141+0000][675.086s][info][gc,start    ] GC(112) Pause Young (Normal) (G1 Evacuation Pause)
[2024-08-15T12:39:39.141+0000][675.086s][info][gc,task     ] GC(112) Using 6 workers of 6 for evacuation
[2024-08-15T12:39:39.267+0000][675.212s][info][gc,phases   ] GC(112)   Pre Evacuate Collection Set: 0.2ms
[2024-08-15T12:39:39.267+0000][675.212s][info][gc,phases   ] GC(112)   Merge Heap Roots: 0.3ms
[2024-08-15T12:39:39.267+0000][675.212s][info][gc,phases   ] GC(112)   Evacuate Collection Set: 122.6ms
[2024-08-15T12:39:39.267+0000][675.212s][info][gc,phases   ] GC(112)   Post Evacuate Collection Set: 2.3ms
[2024-08-15T12:39:39.267+0000][675.212s][info][gc,phases   ] GC(112)   Other: 0.2ms
[2024-08-15T12:39:39.267+0000][675.212s][info][gc,heap     ] GC(112) Eden regions: 740->0(739)
[2024-08-15T12:39:39.267+0000][675.212s][info][gc,heap     ] GC(112) Survivor regions: 42->42(98)
[2024-08-15T12:39:39.267+0000][675.212s][info][gc,heap     ] GC(112) Old regions: 335->336
[2024-08-15T12:39:39.267+0000][675.212s][info][gc,heap     ] GC(112) Archive regions: 2->2
[2024-08-15T12:39:39.267+0000][675.212s][info][gc,heap     ] GC(112) Humongous regions: 67->67
[2024-08-15T12:39:39.267+0000][675.212s][info][gc,metaspace] GC(112) Metaspace: 418962K(425152K)->418962K(425152K) NonClass: 366004K(369600K)->366004K(369600K) Class: 52958K(55552K)->52958K(55552K)
[2024-08-15T12:39:39.267+0000][675.212s][info][gc          ] GC(112) Pause Young (Normal) (G1 Evacuation Pause) 9470M->3558M(12288M) 125.723ms
[2024-08-15T12:39:39.267+0000][675.212s][info][gc,cpu      ] GC(112) User=0.75s Sys=0.00s Real=0.13s
[2024-08-15T12:39:47.295+0000][683.240s][info][gc,start    ] GC(113) Pause Young (Normal) (G1 Evacuation Pause)
[2024-08-15T12:39:47.295+0000][683.240s][info][gc,task     ] GC(113) Using 6 workers of 6 for evacuation
[2024-08-15T12:39:47.427+0000][683.371s][info][gc,phases   ] GC(113)   Pre Evacuate Collection Set: 0.2ms
[2024-08-15T12:39:47.427+0000][683.371s][info][gc,phases   ] GC(113)   Merge Heap Roots: 0.3ms
[2024-08-15T12:39:47.427+0000][683.371s][info][gc,phases   ] GC(113)   Evacuate Collection Set: 128.1ms
[2024-08-15T12:39:47.427+0000][683.371s][info][gc,phases   ] GC(113)   Post Evacuate Collection Set: 2.5ms
[2024-08-15T12:39:47.427+0000][683.371s][info][gc,phases   ] GC(113)   Other: 0.3ms
[2024-08-15T12:39:47.427+0000][683.371s][info][gc,heap     ] GC(113) Eden regions: 739->0(736)
[2024-08-15T12:39:47.427+0000][683.371s][info][gc,heap     ] GC(113) Survivor regions: 42->43(98)
[2024-08-15T12:39:47.427+0000][683.371s][info][gc,heap     ] GC(113) Old regions: 336->337
[2024-08-15T12:39:47.427+0000][683.371s][info][gc,heap     ] GC(113) Archive regions: 2->2
[2024-08-15T12:39:47.427+0000][683.371s][info][gc,heap     ] GC(113) Humongous regions: 67->67
[2024-08-15T12:39:47.427+0000][683.371s][info][gc,metaspace] GC(113) Metaspace: 418986K(425152K)->418986K(425152K) NonClass: 366028K(369600K)->366028K(369600K) Class: 52958K(55552K)->52958K(55552K)
[2024-08-15T12:39:47.427+0000][683.372s][info][gc          ] GC(113) Pause Young (Normal) (G1 Evacuation Pause) 9470M->3577M(12288M) 131.438ms
[2024-08-15T12:39:47.427+0000][683.372s][info][gc,cpu      ] GC(113) User=0.78s Sys=0.00s Real=0.13s
[2024-08-15T12:39:55.369+0000][691.313s][info][gc,start    ] GC(114) Pause Young (Normal) (G1 Evacuation Pause)
[2024-08-15T12:39:55.369+0000][691.313s][info][gc,task     ] GC(114) Using 6 workers of 6 for evacuation
[2024-08-15T12:39:55.498+0000][691.442s][info][gc,phases   ] GC(114)   Pre Evacuate Collection Set: 0.2ms
[2024-08-15T12:39:55.498+0000][691.442s][info][gc,phases   ] GC(114)   Merge Heap Roots: 0.3ms
[2024-08-15T12:39:55.498+0000][691.442s][info][gc,phases   ] GC(114)   Evacuate Collection Set: 126.0ms
[2024-08-15T12:39:55.498+0000][691.442s][info][gc,phases   ] GC(114)   Post Evacuate Collection Set: 2.3ms
[2024-08-15T12:39:55.498+0000][691.442s][info][gc,phases   ] GC(114)   Other: 0.2ms
[2024-08-15T12:39:55.498+0000][691.442s][info][gc,heap     ] GC(114) Eden regions: 736->0(731)
[2024-08-15T12:39:55.498+0000][691.442s][info][gc,heap     ] GC(114) Survivor regions: 43->45(98)
[2024-08-15T12:39:55.498+0000][691.442s][info][gc,heap     ] GC(114) Old regions: 337->338
[2024-08-15T12:39:55.498+0000][691.442s][info][gc,heap     ] GC(114) Archive regions: 2->2
[2024-08-15T12:39:55.498+0000][691.442s][info][gc,heap     ] GC(114) Humongous regions: 67->67
[2024-08-15T12:39:55.498+0000][691.442s][info][gc,metaspace] GC(114) Metaspace: 419054K(425216K)->419054K(425216K) NonClass: 366095K(369664K)->366095K(369664K) Class: 52958K(55552K)->52958K(55552K)
[2024-08-15T12:39:55.498+0000][691.442s][info][gc          ] GC(114) Pause Young (Normal) (G1 Evacuation Pause) 9465M->3597M(12288M) 129.034ms
[2024-08-15T12:39:55.498+0000][691.442s][info][gc,cpu      ] GC(114) User=0.77s Sys=0.00s Real=0.13s
[2024-08-15T12:40:03.392+0000][699.337s][info][gc,start    ] GC(115) Pause Young (Normal) (G1 Evacuation Pause)
[2024-08-15T12:40:03.392+0000][699.337s][info][gc,task     ] GC(115) Using 6 workers of 6 for evacuation
[2024-08-15T12:40:03.525+0000][699.469s][info][gc,phases   ] GC(115)   Pre Evacuate Collection Set: 0.2ms
[2024-08-15T12:40:03.525+0000][699.469s][info][gc,phases   ] GC(115)   Merge Heap Roots: 0.3ms
[2024-08-15T12:40:03.525+0000][699.469s][info][gc,phases   ] GC(115)   Evacuate Collection Set: 129.2ms
[2024-08-15T12:40:03.525+0000][699.469s][info][gc,phases   ] GC(115)   Post Evacuate Collection Set: 2.5ms
[2024-08-15T12:40:03.525+0000][699.469s][info][gc,phases   ] GC(115)   Other: 0.2ms
[2024-08-15T12:40:03.525+0000][699.469s][info][gc,heap     ] GC(115) Eden regions: 731->0(730)
[2024-08-15T12:40:03.525+0000][699.469s][info][gc,heap     ] GC(115) Survivor regions: 45->45(97)
[2024-08-15T12:40:03.525+0000][699.469s][info][gc,heap     ] GC(115) Old regions: 338->339
[2024-08-15T12:40:03.525+0000][699.469s][info][gc,heap     ] GC(115) Archive regions: 2->2
[2024-08-15T12:40:03.525+0000][699.469s][info][gc,heap     ] GC(115) Humongous regions: 67->67
[2024-08-15T12:40:03.525+0000][699.469s][info][gc,metaspace] GC(115) Metaspace: 419084K(425280K)->419084K(425280K) NonClass: 366126K(369728K)->366126K(369728K) Class: 52958K(55552K)->52958K(55552K)
[2024-08-15T12:40:03.525+0000][699.469s][info][gc          ] GC(115) Pause Young (Normal) (G1 Evacuation Pause) 9445M->3609M(12288M) 132.455ms
[2024-08-15T12:40:03.525+0000][699.469s][info][gc,cpu      ] GC(115) User=0.79s Sys=0.00s Real=0.14s
[2024-08-15T12:40:11.205+0000][707.150s][info][gc,start    ] GC(116) Pause Young (Normal) (G1 Evacuation Pause)
[2024-08-15T12:40:11.205+0000][707.150s][info][gc,task     ] GC(116) Using 6 workers of 6 for evacuation
[2024-08-15T12:40:11.342+0000][707.287s][info][gc,phases   ] GC(116)   Pre Evacuate Collection Set: 0.2ms
[2024-08-15T12:40:11.342+0000][707.287s][info][gc,phases   ] GC(116)   Merge Heap Roots: 0.4ms
[2024-08-15T12:40:11.342+0000][707.287s][info][gc,phases   ] GC(116)   Evacuate Collection Set: 134.3ms
[2024-08-15T12:40:11.342+0000][707.287s][info][gc,phases   ] GC(116)   Post Evacuate Collection Set: 2.3ms
[2024-08-15T12:40:11.342+0000][707.287s][info][gc,phases   ] GC(116)   Other: 0.2ms
[2024-08-15T12:40:11.342+0000][707.287s][info][gc,heap     ] GC(116) Eden regions: 730->0(733)
[2024-08-15T12:40:11.342+0000][707.287s][info][gc,heap     ] GC(116) Survivor regions: 45->43(97)
[2024-08-15T12:40:11.342+0000][707.287s][info][gc,heap     ] GC(116) Old regions: 339->340
[2024-08-15T12:40:11.342+0000][707.287s][info][gc,heap     ] GC(116) Archive regions: 2->2
[2024-08-15T12:40:11.342+0000][707.287s][info][gc,heap     ] GC(116) Humongous regions: 67->67
[2024-08-15T12:40:11.342+0000][707.287s][info][gc,metaspace] GC(116) Metaspace: 419097K(425280K)->419097K(425280K) NonClass: 366139K(369728K)->366139K(369728K) Class: 52958K(55552K)->52958K(55552K)
[2024-08-15T12:40:11.342+0000][707.287s][info][gc          ] GC(116) Pause Young (Normal) (G1 Evacuation Pause) 9449M->3601M(12288M) 137.423ms
[2024-08-15T12:40:11.342+0000][707.287s][info][gc,cpu      ] GC(116) User=0.82s Sys=0.00s Real=0.13s
[2024-08-15T12:40:18.786+0000][714.730s][info][gc,start    ] GC(117) Pause Young (Normal) (G1 Evacuation Pause)
[2024-08-15T12:40:18.786+0000][714.730s][info][gc,task     ] GC(117) Using 6 workers of 6 for evacuation
[2024-08-15T12:40:18.912+0000][714.857s][info][gc,phases   ] GC(117)   Pre Evacuate Collection Set: 0.2ms
[2024-08-15T12:40:18.912+0000][714.857s][info][gc,phases   ] GC(117)   Merge Heap Roots: 0.3ms
[2024-08-15T12:40:18.912+0000][714.857s][info][gc,phases   ] GC(117)   Evacuate Collection Set: 123.6ms
[2024-08-15T12:40:18.912+0000][714.857s][info][gc,phases   ] GC(117)   Post Evacuate Collection Set: 2.3ms
[2024-08-15T12:40:18.912+0000][714.857s][info][gc,phases   ] GC(117)   Other: 0.2ms
[2024-08-15T12:40:18.912+0000][714.857s][info][gc,heap     ] GC(117) Eden regions: 733->0(738)
[2024-08-15T12:40:18.912+0000][714.857s][info][gc,heap     ] GC(117) Survivor regions: 43->39(97)
[2024-08-15T12:40:18.912+0000][714.857s][info][gc,heap     ] GC(117) Old regions: 340->343
[2024-08-15T12:40:18.912+0000][714.857s][info][gc,heap     ] GC(117) Archive regions: 2->2
[2024-08-15T12:40:18.912+0000][714.857s][info][gc,heap     ] GC(117) Humongous regions: 67->67
[2024-08-15T12:40:18.912+0000][714.857s][info][gc,metaspace] GC(117) Metaspace: 419109K(425280K)->419109K(425280K) NonClass: 366150K(369728K)->366150K(369728K) Class: 52958K(55552K)->52958K(55552K)
[2024-08-15T12:40:18.913+0000][714.857s][info][gc          ] GC(117) Pause Young (Normal) (G1 Evacuation Pause) 9465M->3590M(12288M) 126.697ms
[2024-08-15T12:40:18.913+0000][714.857s][info][gc,cpu      ] GC(117) User=0.76s Sys=0.00s Real=0.12s
[2024-08-15T12:40:26.987+0000][722.932s][info][gc,start    ] GC(118) Pause Young (Normal) (G1 Evacuation Pause)
[2024-08-15T12:40:26.987+0000][722.932s][info][gc,task     ] GC(118) Using 6 workers of 6 for evacuation
[2024-08-15T12:40:27.106+0000][723.050s][info][gc,phases   ] GC(118)   Pre Evacuate Collection Set: 0.2ms
[2024-08-15T12:40:27.106+0000][723.050s][info][gc,phases   ] GC(118)   Merge Heap Roots: 0.3ms
[2024-08-15T12:40:27.106+0000][723.050s][info][gc,phases   ] GC(118)   Evacuate Collection Set: 115.2ms
[2024-08-15T12:40:27.106+0000][723.050s][info][gc,phases   ] GC(118)   Post Evacuate Collection Set: 2.3ms
[2024-08-15T12:40:27.106+0000][723.050s][info][gc,phases   ] GC(118)   Other: 0.2ms
[2024-08-15T12:40:27.106+0000][723.050s][info][gc,heap     ] GC(118) Eden regions: 738->0(738)
[2024-08-15T12:40:27.106+0000][723.050s][info][gc,heap     ] GC(118) Survivor regions: 39->37(98)
[2024-08-15T12:40:27.106+0000][723.050s][info][gc,heap     ] GC(118) Old regions: 343->347
[2024-08-15T12:40:27.106+0000][723.050s][info][gc,heap     ] GC(118) Archive regions: 2->2
[2024-08-15T12:40:27.106+0000][723.050s][info][gc,heap     ] GC(118) Humongous regions: 67->67
[2024-08-15T12:40:27.106+0000][723.050s][info][gc,metaspace] GC(118) Metaspace: 419111K(425280K)->419111K(425280K) NonClass: 366152K(369728K)->366152K(369728K) Class: 52958K(55552K)->52958K(55552K)
[2024-08-15T12:40:27.106+0000][723.050s][info][gc          ] GC(118) Pause Young (Normal) (G1 Evacuation Pause) 9494M->3606M(12288M) 118.287ms
[2024-08-15T12:40:27.106+0000][723.050s][info][gc,cpu      ] GC(118) User=0.70s Sys=0.01s Real=0.12s
[2024-08-15T12:40:35.517+0000][731.461s][info][gc,start    ] GC(119) Pause Young (Normal) (G1 Evacuation Pause)
[2024-08-15T12:40:35.517+0000][731.461s][info][gc,task     ] GC(119) Using 6 workers of 6 for evacuation
[2024-08-15T12:40:35.632+0000][731.576s][info][gc,phases   ] GC(119)   Pre Evacuate Collection Set: 0.2ms
[2024-08-15T12:40:35.632+0000][731.577s][info][gc,phases   ] GC(119)   Merge Heap Roots: 0.3ms
[2024-08-15T12:40:35.632+0000][731.577s][info][gc,phases   ] GC(119)   Evacuate Collection Set: 112.4ms
[2024-08-15T12:40:35.632+0000][731.577s][info][gc,phases   ] GC(119)   Post Evacuate Collection Set: 2.3ms
[2024-08-15T12:40:35.632+0000][731.577s][info][gc,phases   ] GC(119)   Other: 0.2ms
[2024-08-15T12:40:35.632+0000][731.577s][info][gc,heap     ] GC(119) Eden regions: 738->0(737)
[2024-08-15T12:40:35.632+0000][731.577s][info][gc,heap     ] GC(119) Survivor regions: 37->36(97)
[2024-08-15T12:40:35.632+0000][731.577s][info][gc,heap     ] GC(119) Old regions: 347->350
[2024-08-15T12:40:35.632+0000][731.577s][info][gc,heap     ] GC(119) Archive regions: 2->2
[2024-08-15T12:40:35.632+0000][731.577s][info][gc,heap     ] GC(119) Humongous regions: 67->67
[2024-08-15T12:40:35.632+0000][731.577s][info][gc,metaspace] GC(119) Metaspace: 419123K(425280K)->419123K(425280K) NonClass: 366165K(369728K)->366165K(369728K) Class: 52958K(55552K)->52958K(55552K)
[2024-08-15T12:40:35.632+0000][731.577s][info][gc          ] GC(119) Pause Young (Normal) (G1 Evacuation Pause) 9510M->3625M(12288M) 115.386ms
[2024-08-15T12:40:35.632+0000][731.577s][info][gc,cpu      ] GC(119) User=0.69s Sys=0.01s Real=0.11s
[2024-08-15T12:40:43.494+0000][739.439s][info][gc,start    ] GC(120) Pause Young (Normal) (G1 Evacuation Pause)
[2024-08-15T12:40:43.494+0000][739.439s][info][gc,task     ] GC(120) Using 6 workers of 6 for evacuation
[2024-08-15T12:40:43.599+0000][739.544s][info][gc,phases   ] GC(120)   Pre Evacuate Collection Set: 0.2ms
[2024-08-15T12:40:43.599+0000][739.544s][info][gc,phases   ] GC(120)   Merge Heap Roots: 0.3ms
[2024-08-15T12:40:43.599+0000][739.544s][info][gc,phases   ] GC(120)   Evacuate Collection Set: 101.9ms
[2024-08-15T12:40:43.599+0000][739.544s][info][gc,phases   ] GC(120)   Post Evacuate Collection Set: 2.3ms
[2024-08-15T12:40:43.599+0000][739.544s][info][gc,phases   ] GC(120)   Other: 0.2ms
[2024-08-15T12:40:43.599+0000][739.544s][info][gc,heap     ] GC(120) Eden regions: 737->0(743)
[2024-08-15T12:40:43.599+0000][739.544s][info][gc,heap     ] GC(120) Survivor regions: 36->31(97)
[2024-08-15T12:40:43.599+0000][739.544s][info][gc,heap     ] GC(120) Old regions: 350->354
[2024-08-15T12:40:43.599+0000][739.544s][info][gc,heap     ] GC(120) Archive regions: 2->2
[2024-08-15T12:40:43.599+0000][739.544s][info][gc,heap     ] GC(120) Humongous regions: 67->67
[2024-08-15T12:40:43.599+0000][739.544s][info][gc,metaspace] GC(120) Metaspace: 419139K(425280K)->419139K(425280K) NonClass: 366180K(369728K)->366180K(369728K) Class: 52958K(55552K)->52958K(55552K)
[2024-08-15T12:40:43.599+0000][739.544s][info][gc          ] GC(120) Pause Young (Normal) (G1 Evacuation Pause) 9521M->3614M(12288M) 105.072ms
[2024-08-15T12:40:43.599+0000][739.544s][info][gc,cpu      ] GC(120) User=0.62s Sys=0.02s Real=0.11s
[2024-08-15T12:40:51.640+0000][747.584s][info][gc,start    ] GC(121) Pause Young (Normal) (G1 Evacuation Pause)
[2024-08-15T12:40:51.640+0000][747.585s][info][gc,task     ] GC(121) Using 6 workers of 6 for evacuation
[2024-08-15T12:40:51.748+0000][747.692s][info][gc,phases   ] GC(121)   Pre Evacuate Collection Set: 0.2ms
[2024-08-15T12:40:51.748+0000][747.692s][info][gc,phases   ] GC(121)   Merge Heap Roots: 0.3ms
[2024-08-15T12:40:51.748+0000][747.692s][info][gc,phases   ] GC(121)   Evacuate Collection Set: 104.8ms
[2024-08-15T12:40:51.748+0000][747.692s][info][gc,phases   ] GC(121)   Post Evacuate Collection Set: 2.5ms
[2024-08-15T12:40:51.748+0000][747.692s][info][gc,phases   ] GC(121)   Other: 0.2ms
[2024-08-15T12:40:51.748+0000][747.692s][info][gc,heap     ] GC(121) Eden regions: 743->0(741)
[2024-08-15T12:40:51.748+0000][747.692s][info][gc,heap     ] GC(121) Survivor regions: 31->30(97)
[2024-08-15T12:40:51.748+0000][747.692s][info][gc,heap     ] GC(121) Old regions: 354->358
[2024-08-15T12:40:51.748+0000][747.692s][info][gc,heap     ] GC(121) Archive regions: 2->2
[2024-08-15T12:40:51.748+0000][747.692s][info][gc,heap     ] GC(121) Humongous regions: 67->67
[2024-08-15T12:40:51.748+0000][747.692s][info][gc,metaspace] GC(121) Metaspace: 419151K(425344K)->419151K(425344K) NonClass: 366192K(369792K)->366192K(369792K) Class: 52958K(55552K)->52958K(55552K)
[2024-08-15T12:40:51.748+0000][747.692s][info][gc          ] GC(121) Pause Young (Normal) (G1 Evacuation Pause) 9558M->3641M(12288M) 107.956ms
[2024-08-15T12:40:51.748+0000][747.692s][info][gc,cpu      ] GC(121) User=0.62s Sys=0.02s Real=0.11s
[2024-08-15T12:40:59.744+0000][755.688s][info][gc,start    ] GC(122) Pause Young (Normal) (G1 Evacuation Pause)
[2024-08-15T12:40:59.744+0000][755.688s][info][gc,task     ] GC(122) Using 6 workers of 6 for evacuation
[2024-08-15T12:40:59.847+0000][755.791s][info][gc,phases   ] GC(122)   Pre Evacuate Collection Set: 0.2ms
[2024-08-15T12:40:59.847+0000][755.791s][info][gc,phases   ] GC(122)   Merge Heap Roots: 0.3ms
[2024-08-15T12:40:59.847+0000][755.791s][info][gc,phases   ] GC(122)   Evacuate Collection Set: 100.0ms
[2024-08-15T12:40:59.847+0000][755.791s][info][gc,phases   ] GC(122)   Post Evacuate Collection Set: 2.3ms
[2024-08-15T12:40:59.847+0000][755.791s][info][gc,phases   ] GC(122)   Other: 0.2ms
[2024-08-15T12:40:59.847+0000][755.791s][info][gc,heap     ] GC(122) Eden regions: 741->0(743)
[2024-08-15T12:40:59.847+0000][755.791s][info][gc,heap     ] GC(122) Survivor regions: 30->27(97)
[2024-08-15T12:40:59.847+0000][755.791s][info][gc,heap     ] GC(122) Old regions: 358->362
[2024-08-15T12:40:59.847+0000][755.791s][info][gc,heap     ] GC(122) Archive regions: 2->2
[2024-08-15T12:40:59.847+0000][755.791s][info][gc,heap     ] GC(122) Humongous regions: 67->67
[2024-08-15T12:40:59.847+0000][755.791s][info][gc,metaspace] GC(122) Metaspace: 419175K(425344K)->419175K(425344K) NonClass: 366217K(369792K)->366217K(369792K) Class: 52958K(55552K)->52958K(55552K)
[2024-08-15T12:40:59.847+0000][755.791s][info][gc          ] GC(122) Pause Young (Normal) (G1 Evacuation Pause) 9569M->3647M(12288M) 103.061ms
[2024-08-15T12:40:59.847+0000][755.791s][info][gc,cpu      ] GC(122) User=0.59s Sys=0.02s Real=0.10s
[2024-08-15T12:41:03.606+0000][759.551s][info][gc,start    ] GC(123) Pause Young (Normal) (G1 Evacuation Pause)
[2024-08-15T12:41:03.606+0000][759.551s][info][gc,task     ] GC(123) Using 6 workers of 6 for evacuation
[2024-08-15T12:41:03.744+0000][759.688s][info][gc,phases   ] GC(123)   Pre Evacuate Collection Set: 0.2ms
[2024-08-15T12:41:03.744+0000][759.688s][info][gc,phases   ] GC(123)   Merge Heap Roots: 0.3ms
[2024-08-15T12:41:03.744+0000][759.688s][info][gc,phases   ] GC(123)   Evacuate Collection Set: 122.9ms
[2024-08-15T12:41:03.744+0000][759.688s][info][gc,phases   ] GC(123)   Post Evacuate Collection Set: 13.8ms
[2024-08-15T12:41:03.744+0000][759.688s][info][gc,phases   ] GC(123)   Other: 0.2ms
[2024-08-15T12:41:03.744+0000][759.688s][info][gc,heap     ] GC(123) Eden regions: 743->0(728)
[2024-08-15T12:41:03.744+0000][759.688s][info][gc,heap     ] GC(123) Survivor regions: 27->33(97)
[2024-08-15T12:41:03.744+0000][759.688s][info][gc,heap     ] GC(123) Old regions: 362->364
[2024-08-15T12:41:03.744+0000][759.688s][info][gc,heap     ] GC(123) Archive regions: 2->2
[2024-08-15T12:41:03.744+0000][759.688s][info][gc,heap     ] GC(123) Humongous regions: 68->68
[2024-08-15T12:41:03.744+0000][759.688s][info][gc,metaspace] GC(123) Metaspace: 419246K(425408K)->419246K(425408K) NonClass: 366287K(369856K)->366287K(369856K) Class: 52958K(55552K)->52958K(55552K)
[2024-08-15T12:41:03.744+0000][759.688s][info][gc          ] GC(123) Pause Young (Normal) (G1 Evacuation Pause) 9599M->3720M(12288M) 137.479ms
[2024-08-15T12:41:03.744+0000][759.688s][info][gc,cpu      ] GC(123) User=0.81s Sys=0.00s Real=0.14s
[2024-08-15T12:41:05.616+0000][761.561s][info][gc,start    ] GC(124) Pause Young (Normal) (G1 Evacuation Pause)
[2024-08-15T12:41:05.616+0000][761.561s][info][gc,task     ] GC(124) Using 6 workers of 6 for evacuation
[2024-08-15T12:41:05.759+0000][761.703s][info][gc,phases   ] GC(124)   Pre Evacuate Collection Set: 0.2ms
[2024-08-15T12:41:05.759+0000][761.703s][info][gc,phases   ] GC(124)   Merge Heap Roots: 0.3ms
[2024-08-15T12:41:05.759+0000][761.703s][info][gc,phases   ] GC(124)   Evacuate Collection Set: 119.8ms
[2024-08-15T12:41:05.759+0000][761.703s][info][gc,phases   ] GC(124)   Post Evacuate Collection Set: 22.0ms
[2024-08-15T12:41:05.759+0000][761.703s][info][gc,phases   ] GC(124)   Other: 0.2ms
[2024-08-15T12:41:05.759+0000][761.703s][info][gc,heap     ] GC(124) Eden regions: 728->0(723)
[2024-08-15T12:41:05.759+0000][761.703s][info][gc,heap     ] GC(124) Survivor regions: 33->35(96)
[2024-08-15T12:41:05.759+0000][761.703s][info][gc,heap     ] GC(124) Old regions: 364->365
[2024-08-15T12:41:05.759+0000][761.703s][info][gc,heap     ] GC(124) Archive regions: 2->2
[2024-08-15T12:41:05.759+0000][761.703s][info][gc,heap     ] GC(124) Humongous regions: 68->68
[2024-08-15T12:41:05.759+0000][761.703s][info][gc,metaspace] GC(124) Metaspace: 419249K(425408K)->419249K(425408K) NonClass: 366291K(369856K)->366291K(369856K) Class: 52958K(55552K)->52958K(55552K)
[2024-08-15T12:41:05.759+0000][761.704s][info][gc          ] GC(124) Pause Young (Normal) (G1 Evacuation Pause) 9544M->3740M(12288M) 142.501ms
[2024-08-15T12:41:05.759+0000][761.704s][info][gc,cpu      ] GC(124) User=0.83s Sys=0.00s Real=0.14s
[2024-08-15T12:41:07.912+0000][763.856s][info][gc,start    ] GC(125) Pause Young (Normal) (G1 Evacuation Pause)
[2024-08-15T12:41:07.912+0000][763.857s][info][gc,task     ] GC(125) Using 6 workers of 6 for evacuation
[2024-08-15T12:41:08.062+0000][764.006s][info][gc,phases   ] GC(125)   Pre Evacuate Collection Set: 0.2ms
[2024-08-15T12:41:08.062+0000][764.007s][info][gc,phases   ] GC(125)   Merge Heap Roots: 0.4ms
[2024-08-15T12:41:08.062+0000][764.007s][info][gc,phases   ] GC(125)   Evacuate Collection Set: 129.3ms
[2024-08-15T12:41:08.062+0000][764.007s][info][gc,phases   ] GC(125)   Post Evacuate Collection Set: 20.0ms
[2024-08-15T12:41:08.062+0000][764.007s][info][gc,phases   ] GC(125)   Other: 0.2ms
[2024-08-15T12:41:08.062+0000][764.007s][info][gc,heap     ] GC(125) Eden regions: 723->0(719)
[2024-08-15T12:41:08.062+0000][764.007s][info][gc,heap     ] GC(125) Survivor regions: 35->35(95)
[2024-08-15T12:41:08.062+0000][764.007s][info][gc,heap     ] GC(125) Old regions: 365->369
[2024-08-15T12:41:08.062+0000][764.007s][info][gc,heap     ] GC(125) Archive regions: 2->2
[2024-08-15T12:41:08.062+0000][764.007s][info][gc,heap     ] GC(125) Humongous regions: 68->68
[2024-08-15T12:41:08.062+0000][764.007s][info][gc,metaspace] GC(125) Metaspace: 419249K(425408K)->419249K(425408K) NonClass: 366291K(369856K)->366291K(369856K) Class: 52958K(55552K)->52958K(55552K)
[2024-08-15T12:41:08.062+0000][764.007s][info][gc          ] GC(125) Pause Young (Normal) (G1 Evacuation Pause) 9524M->3769M(12288M) 150.100ms
[2024-08-15T12:41:08.062+0000][764.007s][info][gc,cpu      ] GC(125) User=0.87s Sys=0.00s Real=0.15s
[2024-08-15T12:41:10.141+0000][766.086s][info][gc,start    ] GC(126) Pause Young (Normal) (G1 Evacuation Pause)
[2024-08-15T12:41:10.141+0000][766.086s][info][gc,task     ] GC(126) Using 6 workers of 6 for evacuation
[2024-08-15T12:41:10.301+0000][766.245s][info][gc,phases   ] GC(126)   Pre Evacuate Collection Set: 0.2ms
[2024-08-15T12:41:10.301+0000][766.245s][info][gc,phases   ] GC(126)   Merge Heap Roots: 0.5ms
[2024-08-15T12:41:10.301+0000][766.245s][info][gc,phases   ] GC(126)   Evacuate Collection Set: 138.8ms
[2024-08-15T12:41:10.301+0000][766.245s][info][gc,phases   ] GC(126)   Post Evacuate Collection Set: 19.5ms
[2024-08-15T12:41:10.301+0000][766.245s][info][gc,phases   ] GC(126)   Other: 0.2ms
[2024-08-15T12:41:10.301+0000][766.245s][info][gc,heap     ] GC(126) Eden regions: 719->0(712)
[2024-08-15T12:41:10.301+0000][766.245s][info][gc,heap     ] GC(126) Survivor regions: 35->38(95)
[2024-08-15T12:41:10.301+0000][766.245s][info][gc,heap     ] GC(126) Old regions: 369->370
[2024-08-15T12:41:10.301+0000][766.245s][info][gc,heap     ] GC(126) Archive regions: 2->2
[2024-08-15T12:41:10.301+0000][766.245s][info][gc,heap     ] GC(126) Humongous regions: 68->68
[2024-08-15T12:41:10.301+0000][766.245s][info][gc,metaspace] GC(126) Metaspace: 419278K(425408K)->419278K(425408K) NonClass: 366319K(369856K)->366319K(369856K) Class: 52958K(55552K)->52958K(55552K)
[2024-08-15T12:41:10.301+0000][766.245s][info][gc          ] GC(126) Pause Young (Normal) (G1 Evacuation Pause) 9521M->3805M(12288M) 159.277ms
[2024-08-15T12:41:10.301+0000][766.245s][info][gc,cpu      ] GC(126) User=0.94s Sys=0.00s Real=0.16s
[2024-08-15T12:41:12.311+0000][768.256s][info][gc,start    ] GC(127) Pause Young (Normal) (G1 Evacuation Pause)
[2024-08-15T12:41:12.311+0000][768.256s][info][gc,task     ] GC(127) Using 6 workers of 6 for evacuation
[2024-08-15T12:41:12.485+0000][768.430s][info][gc,phases   ] GC(127)   Pre Evacuate Collection Set: 0.2ms
[2024-08-15T12:41:12.485+0000][768.430s][info][gc,phases   ] GC(127)   Merge Heap Roots: 0.5ms
[2024-08-15T12:41:12.485+0000][768.430s][info][gc,phases   ] GC(127)   Evacuate Collection Set: 150.4ms
[2024-08-15T12:41:12.485+0000][768.430s][info][gc,phases   ] GC(127)   Post Evacuate Collection Set: 23.0ms
[2024-08-15T12:41:12.485+0000][768.430s][info][gc,phases   ] GC(127)   Other: 0.2ms
[2024-08-15T12:41:12.485+0000][768.430s][info][gc,heap     ] GC(127) Eden regions: 712->0(706)
[2024-08-15T12:41:12.485+0000][768.430s][info][gc,heap     ] GC(127) Survivor regions: 38->41(94)
[2024-08-15T12:41:12.485+0000][768.430s][info][gc,heap     ] GC(127) Old regions: 370->370
[2024-08-15T12:41:12.485+0000][768.430s][info][gc,heap     ] GC(127) Archive regions: 2->2
[2024-08-15T12:41:12.485+0000][768.430s][info][gc,heap     ] GC(127) Humongous regions: 68->68
[2024-08-15T12:41:12.485+0000][768.430s][info][gc,metaspace] GC(127) Metaspace: 419283K(425408K)->419283K(425408K) NonClass: 366325K(369856K)->366325K(369856K) Class: 52958K(55552K)->52958K(55552K)
[2024-08-15T12:41:12.485+0000][768.430s][info][gc          ] GC(127) Pause Young (Normal) (G1 Evacuation Pause) 9501M->3836M(12288M) 174.385ms
[2024-08-15T12:41:12.485+0000][768.430s][info][gc,cpu      ] GC(127) User=1.02s Sys=0.00s Real=0.18s
[2024-08-15T12:41:14.596+0000][770.540s][info][gc,start    ] GC(128) Pause Young (Normal) (G1 Evacuation Pause)
[2024-08-15T12:41:14.596+0000][770.540s][info][gc,task     ] GC(128) Using 6 workers of 6 for evacuation
[2024-08-15T12:41:14.746+0000][770.691s][info][gc,phases   ] GC(128)   Pre Evacuate Collection Set: 0.2ms
[2024-08-15T12:41:14.746+0000][770.691s][info][gc,phases   ] GC(128)   Merge Heap Roots: 0.4ms
[2024-08-15T12:41:14.746+0000][770.691s][info][gc,phases   ] GC(128)   Evacuate Collection Set: 136.7ms
[2024-08-15T12:41:14.746+0000][770.691s][info][gc,phases   ] GC(128)   Post Evacuate Collection Set: 12.8ms
[2024-08-15T12:41:14.746+0000][770.691s][info][gc,phases   ] GC(128)   Other: 0.2ms
[2024-08-15T12:41:14.746+0000][770.691s][info][gc,heap     ] GC(128) Eden regions: 706->0(703)
[2024-08-15T12:41:14.746+0000][770.691s][info][gc,heap     ] GC(128) Survivor regions: 41->42(94)
[2024-08-15T12:41:14.746+0000][770.691s][info][gc,heap     ] GC(128) Old regions: 370->371
[2024-08-15T12:41:14.746+0000][770.691s][info][gc,heap     ] GC(128) Archive regions: 2->2
[2024-08-15T12:41:14.746+0000][770.691s][info][gc,heap     ] GC(128) Humongous regions: 68->68
[2024-08-15T12:41:14.746+0000][770.691s][info][gc,metaspace] GC(128) Metaspace: 419290K(425408K)->419290K(425408K) NonClass: 366332K(369856K)->366332K(369856K) Class: 52958K(55552K)->52958K(55552K)
[2024-08-15T12:41:14.746+0000][770.691s][info][gc          ] GC(128) Pause Young (Normal) (G1 Evacuation Pause) 9484M->3847M(12288M) 150.415ms
[2024-08-15T12:41:14.746+0000][770.691s][info][gc,cpu      ] GC(128) User=0.88s Sys=0.00s Real=0.15s
[2024-08-15T12:41:16.635+0000][772.579s][info][gc,start    ] GC(129) Pause Young (Normal) (G1 Evacuation Pause)
[2024-08-15T12:41:16.635+0000][772.579s][info][gc,task     ] GC(129) Using 6 workers of 6 for evacuation
[2024-08-15T12:41:16.797+0000][772.742s][info][gc,phases   ] GC(129)   Pre Evacuate Collection Set: 0.2ms
[2024-08-15T12:41:16.797+0000][772.742s][info][gc,phases   ] GC(129)   Merge Heap Roots: 0.5ms
[2024-08-15T12:41:16.797+0000][772.742s][info][gc,phases   ] GC(129)   Evacuate Collection Set: 150.1ms
[2024-08-15T12:41:16.797+0000][772.742s][info][gc,phases   ] GC(129)   Post Evacuate Collection Set: 11.9ms
[2024-08-15T12:41:16.797+0000][772.742s][info][gc,phases   ] GC(129)   Other: 0.3ms
[2024-08-15T12:41:16.797+0000][772.742s][info][gc,heap     ] GC(129) Eden regions: 703->0(698)
[2024-08-15T12:41:16.797+0000][772.742s][info][gc,heap     ] GC(129) Survivor regions: 42->44(94)
[2024-08-15T12:41:16.797+0000][772.742s][info][gc,heap     ] GC(129) Old regions: 371->372
[2024-08-15T12:41:16.797+0000][772.742s][info][gc,heap     ] GC(129) Archive regions: 2->2
[2024-08-15T12:41:16.797+0000][772.742s][info][gc,heap     ] GC(129) Humongous regions: 68->68
[2024-08-15T12:41:16.797+0000][772.742s][info][gc,metaspace] GC(129) Metaspace: 419290K(425408K)->419290K(425408K) NonClass: 366332K(369856K)->366332K(369856K) Class: 52958K(55552K)->52958K(55552K)
[2024-08-15T12:41:16.797+0000][772.742s][info][gc          ] GC(129) Pause Young (Normal) (G1 Evacuation Pause) 9471M->3870M(12288M) 162.906ms
[2024-08-15T12:41:16.798+0000][772.742s][info][gc,cpu      ] GC(129) User=0.97s Sys=0.00s Real=0.17s
[2024-08-15T12:41:23.836+0000][779.781s][info][gc,start    ] GC(130) Pause Young (Normal) (G1 Evacuation Pause)
[2024-08-15T12:41:23.836+0000][779.781s][info][gc,task     ] GC(130) Using 6 workers of 6 for evacuation
[2024-08-15T12:41:23.949+0000][779.893s][info][gc,phases   ] GC(130)   Pre Evacuate Collection Set: 0.2ms
[2024-08-15T12:41:23.949+0000][779.894s][info][gc,phases   ] GC(130)   Merge Heap Roots: 0.4ms
[2024-08-15T12:41:23.949+0000][779.894s][info][gc,phases   ] GC(130)   Evacuate Collection Set: 107.5ms
[2024-08-15T12:41:23.949+0000][779.894s][info][gc,phases   ] GC(130)   Post Evacuate Collection Set: 4.4ms
[2024-08-15T12:41:23.949+0000][779.894s][info][gc,phases   ] GC(130)   Other: 0.2ms
[2024-08-15T12:41:23.949+0000][779.894s][info][gc,heap     ] GC(130) Eden regions: 698->0(715)
[2024-08-15T12:41:23.949+0000][779.894s][info][gc,heap     ] GC(130) Survivor regions: 44->35(93)
[2024-08-15T12:41:23.949+0000][779.894s][info][gc,heap     ] GC(130) Old regions: 372->373
[2024-08-15T12:41:23.949+0000][779.894s][info][gc,heap     ] GC(130) Archive regions: 2->2
[2024-08-15T12:41:23.949+0000][779.894s][info][gc,heap     ] GC(130) Humongous regions: 68->68
[2024-08-15T12:41:23.949+0000][779.894s][info][gc,metaspace] GC(130) Metaspace: 419298K(425408K)->419298K(425408K) NonClass: 366340K(369856K)->366340K(369856K) Class: 52958K(55552K)->52958K(55552K)
[2024-08-15T12:41:23.949+0000][779.894s][info][gc          ] GC(130) Pause Young (Normal) (G1 Evacuation Pause) 9454M->3805M(12288M) 112.753ms
[2024-08-15T12:41:23.949+0000][779.894s][info][gc,cpu      ] GC(130) User=0.67s Sys=0.00s Real=0.11s
[2024-08-15T12:41:32.190+0000][788.135s][info][gc,start    ] GC(131) Pause Young (Normal) (G1 Evacuation Pause)
[2024-08-15T12:41:32.190+0000][788.135s][info][gc,task     ] GC(131) Using 6 workers of 6 for evacuation
[2024-08-15T12:41:32.301+0000][788.246s][info][gc,phases   ] GC(131)   Pre Evacuate Collection Set: 0.2ms
[2024-08-15T12:41:32.301+0000][788.246s][info][gc,phases   ] GC(131)   Merge Heap Roots: 0.3ms
[2024-08-15T12:41:32.301+0000][788.246s][info][gc,phases   ] GC(131)   Evacuate Collection Set: 108.0ms
[2024-08-15T12:41:32.301+0000][788.246s][info][gc,phases   ] GC(131)   Post Evacuate Collection Set: 2.4ms
[2024-08-15T12:41:32.301+0000][788.246s][info][gc,phases   ] GC(131)   Other: 0.2ms
[2024-08-15T12:41:32.301+0000][788.246s][info][gc,heap     ] GC(131) Eden regions: 715->0(714)
[2024-08-15T12:41:32.301+0000][788.246s][info][gc,heap     ] GC(131) Survivor regions: 35->35(94)
[2024-08-15T12:41:32.301+0000][788.246s][info][gc,heap     ] GC(131) Old regions: 373->374
[2024-08-15T12:41:32.301+0000][788.246s][info][gc,heap     ] GC(131) Archive regions: 2->2
[2024-08-15T12:41:32.301+0000][788.246s][info][gc,heap     ] GC(131) Humongous regions: 68->68
[2024-08-15T12:41:32.301+0000][788.246s][info][gc,metaspace] GC(131) Metaspace: 419308K(425472K)->419308K(425472K) NonClass: 366349K(369920K)->366349K(369920K) Class: 52958K(55552K)->52958K(55552K)
[2024-08-15T12:41:32.301+0000][788.246s][info][gc          ] GC(131) Pause Young (Normal) (G1 Evacuation Pause) 9525M->3819M(12288M) 111.159ms
[2024-08-15T12:41:32.301+0000][788.246s][info][gc,cpu      ] GC(131) User=0.67s Sys=0.00s Real=0.11s
[2024-08-15T12:41:40.322+0000][796.266s][info][gc,start    ] GC(132) Pause Young (Normal) (G1 Evacuation Pause)
[2024-08-15T12:41:40.322+0000][796.266s][info][gc,task     ] GC(132) Using 6 workers of 6 for evacuation
[2024-08-15T12:41:40.429+0000][796.373s][info][gc,phases   ] GC(132)   Pre Evacuate Collection Set: 0.2ms
[2024-08-15T12:41:40.429+0000][796.373s][info][gc,phases   ] GC(132)   Merge Heap Roots: 0.3ms
[2024-08-15T12:41:40.429+0000][796.373s][info][gc,phases   ] GC(132)   Evacuate Collection Set: 104.0ms
[2024-08-15T12:41:40.429+0000][796.373s][info][gc,phases   ] GC(132)   Post Evacuate Collection Set: 2.4ms
[2024-08-15T12:41:40.429+0000][796.373s][info][gc,phases   ] GC(132)   Other: 0.2ms
[2024-08-15T12:41:40.429+0000][796.373s][info][gc,heap     ] GC(132) Eden regions: 714->0(709)
[2024-08-15T12:41:40.429+0000][796.373s][info][gc,heap     ] GC(132) Survivor regions: 35->37(94)
[2024-08-15T12:41:40.429+0000][796.373s][info][gc,heap     ] GC(132) Old regions: 374->375
[2024-08-15T12:41:40.429+0000][796.373s][info][gc,heap     ] GC(132) Archive regions: 2->2
[2024-08-15T12:41:40.429+0000][796.374s][info][gc,heap     ] GC(132) Humongous regions: 68->68
[2024-08-15T12:41:40.429+0000][796.374s][info][gc,metaspace] GC(132) Metaspace: 419349K(425472K)->419349K(425472K) NonClass: 366391K(369920K)->366391K(369920K) Class: 52958K(55552K)->52958K(55552K)
[2024-08-15T12:41:40.429+0000][796.374s][info][gc          ] GC(132) Pause Young (Normal) (G1 Evacuation Pause) 9531M->3837M(12288M) 107.222ms
[2024-08-15T12:41:40.429+0000][796.374s][info][gc,cpu      ] GC(132) User=0.64s Sys=0.00s Real=0.11s
[2024-08-15T12:41:48.375+0000][804.320s][info][gc,start    ] GC(133) Pause Young (Normal) (G1 Evacuation Pause)
[2024-08-15T12:41:48.375+0000][804.320s][info][gc,task     ] GC(133) Using 6 workers of 6 for evacuation
[2024-08-15T12:41:48.486+0000][804.431s][info][gc,phases   ] GC(133)   Pre Evacuate Collection Set: 0.2ms
[2024-08-15T12:41:48.486+0000][804.431s][info][gc,phases   ] GC(133)   Merge Heap Roots: 0.4ms
[2024-08-15T12:41:48.486+0000][804.431s][info][gc,phases   ] GC(133)   Evacuate Collection Set: 108.0ms
[2024-08-15T12:41:48.486+0000][804.431s][info][gc,phases   ] GC(133)   Post Evacuate Collection Set: 2.2ms
[2024-08-15T12:41:48.486+0000][804.431s][info][gc,phases   ] GC(133)   Other: 0.2ms
[2024-08-15T12:41:48.486+0000][804.431s][info][gc,heap     ] GC(133) Eden regions: 709->0(708)
[2024-08-15T12:41:48.486+0000][804.431s][info][gc,heap     ] GC(133) Survivor regions: 37->37(94)
[2024-08-15T12:41:48.486+0000][804.431s][info][gc,heap     ] GC(133) Old regions: 375->376
[2024-08-15T12:41:48.486+0000][804.431s][info][gc,heap     ] GC(133) Archive regions: 2->2
[2024-08-15T12:41:48.486+0000][804.431s][info][gc,heap     ] GC(133) Humongous regions: 68->68
[2024-08-15T12:41:48.486+0000][804.431s][info][gc,metaspace] GC(133) Metaspace: 419351K(425472K)->419351K(425472K) NonClass: 366392K(369920K)->366392K(369920K) Class: 52958K(55552K)->52958K(55552K)
[2024-08-15T12:41:48.486+0000][804.431s][info][gc          ] GC(133) Pause Young (Normal) (G1 Evacuation Pause) 9509M->3844M(12288M) 111.018ms
[2024-08-15T12:41:48.486+0000][804.431s][info][gc,cpu      ] GC(133) User=0.65s Sys=0.00s Real=0.11s
[2024-08-15T12:41:56.350+0000][812.294s][info][gc,start    ] GC(134) Pause Young (Normal) (G1 Evacuation Pause)
[2024-08-15T12:41:56.350+0000][812.294s][info][gc,task     ] GC(134) Using 6 workers of 6 for evacuation
[2024-08-15T12:41:56.458+0000][812.403s][info][gc,phases   ] GC(134)   Pre Evacuate Collection Set: 0.2ms
[2024-08-15T12:41:56.458+0000][812.403s][info][gc,phases   ] GC(134)   Merge Heap Roots: 0.3ms
[2024-08-15T12:41:56.458+0000][812.403s][info][gc,phases   ] GC(134)   Evacuate Collection Set: 105.7ms
[2024-08-15T12:41:56.458+0000][812.403s][info][gc,phases   ] GC(134)   Post Evacuate Collection Set: 2.2ms
[2024-08-15T12:41:56.458+0000][812.403s][info][gc,phases   ] GC(134)   Other: 0.2ms
[2024-08-15T12:41:56.458+0000][812.403s][info][gc,heap     ] GC(134) Eden regions: 708->0(705)
[2024-08-15T12:41:56.458+0000][812.403s][info][gc,heap     ] GC(134) Survivor regions: 37->38(94)
[2024-08-15T12:41:56.458+0000][812.403s][info][gc,heap     ] GC(134) Old regions: 376->377
[2024-08-15T12:41:56.458+0000][812.403s][info][gc,heap     ] GC(134) Archive regions: 2->2
[2024-08-15T12:41:56.458+0000][812.403s][info][gc,heap     ] GC(134) Humongous regions: 68->68
[2024-08-15T12:41:56.458+0000][812.403s][info][gc,metaspace] GC(134) Metaspace: 419352K(425472K)->419352K(425472K) NonClass: 366393K(369920K)->366393K(369920K) Class: 52958K(55552K)->52958K(55552K)
[2024-08-15T12:41:56.458+0000][812.403s][info][gc          ] GC(134) Pause Young (Normal) (G1 Evacuation Pause) 9508M->3863M(12288M) 108.702ms
[2024-08-15T12:41:56.458+0000][812.403s][info][gc,cpu      ] GC(134) User=0.65s Sys=0.00s Real=0.11s
[2024-08-15T12:42:01.914+0000][817.859s][info][gc,start    ] GC(135) Pause Young (Normal) (G1 Evacuation Pause)
[2024-08-15T12:42:01.914+0000][817.859s][info][gc,task     ] GC(135) Using 6 workers of 6 for evacuation
[2024-08-15T12:42:02.023+0000][817.968s][info][gc,phases   ] GC(135)   Pre Evacuate Collection Set: 0.2ms
[2024-08-15T12:42:02.023+0000][817.968s][info][gc,phases   ] GC(135)   Merge Heap Roots: 0.3ms
[2024-08-15T12:42:02.023+0000][817.968s][info][gc,phases   ] GC(135)   Evacuate Collection Set: 106.0ms
[2024-08-15T12:42:02.023+0000][817.968s][info][gc,phases   ] GC(135)   Post Evacuate Collection Set: 2.3ms
[2024-08-15T12:42:02.023+0000][817.968s][info][gc,phases   ] GC(135)   Other: 0.2ms
[2024-08-15T12:42:02.023+0000][817.968s][info][gc,heap     ] GC(135) Eden regions: 705->0(710)
[2024-08-15T12:42:02.023+0000][817.968s][info][gc,heap     ] GC(135) Survivor regions: 38->35(93)
[2024-08-15T12:42:02.023+0000][817.968s][info][gc,heap     ] GC(135) Old regions: 377->378
[2024-08-15T12:42:02.023+0000][817.968s][info][gc,heap     ] GC(135) Archive regions: 2->2
[2024-08-15T12:42:02.023+0000][817.968s][info][gc,heap     ] GC(135) Humongous regions: 68->68
[2024-08-15T12:42:02.023+0000][817.968s][info][gc,metaspace] GC(135) Metaspace: 419353K(425472K)->419353K(425472K) NonClass: 366394K(369920K)->366394K(369920K) Class: 52958K(55552K)->52958K(55552K)
[2024-08-15T12:42:02.023+0000][817.968s][info][gc          ] GC(135) Pause Young (Normal) (G1 Evacuation Pause) 9503M->3842M(12288M) 109.139ms
[2024-08-15T12:42:02.024+0000][817.968s][info][gc,cpu      ] GC(135) User=0.65s Sys=0.00s Real=0.12s
[2024-08-15T12:42:05.557+0000][821.501s][info][gc,start    ] GC(136) Pause Young (Normal) (G1 Evacuation Pause)
[2024-08-15T12:42:05.557+0000][821.501s][info][gc,task     ] GC(136) Using 6 workers of 6 for evacuation
[2024-08-15T12:42:05.664+0000][821.608s][info][gc,phases   ] GC(136)   Pre Evacuate Collection Set: 0.2ms
[2024-08-15T12:42:05.664+0000][821.608s][info][gc,phases   ] GC(136)   Merge Heap Roots: 0.3ms
[2024-08-15T12:42:05.664+0000][821.608s][info][gc,phases   ] GC(136)   Evacuate Collection Set: 104.3ms
[2024-08-15T12:42:05.664+0000][821.608s][info][gc,phases   ] GC(136)   Post Evacuate Collection Set: 2.3ms
[2024-08-15T12:42:05.664+0000][821.608s][info][gc,phases   ] GC(136)   Other: 0.2ms
[2024-08-15T12:42:05.664+0000][821.608s][info][gc,heap     ] GC(136) Eden regions: 710->0(709)
[2024-08-15T12:42:05.664+0000][821.608s][info][gc,heap     ] GC(136) Survivor regions: 35->35(94)
[2024-08-15T12:42:05.664+0000][821.608s][info][gc,heap     ] GC(136) Old regions: 378->379
[2024-08-15T12:42:05.664+0000][821.608s][info][gc,heap     ] GC(136) Archive regions: 2->2
[2024-08-15T12:42:05.664+0000][821.608s][info][gc,heap     ] GC(136) Humongous regions: 68->68
[2024-08-15T12:42:05.664+0000][821.608s][info][gc,metaspace] GC(136) Metaspace: 419353K(425472K)->419353K(425472K) NonClass: 366395K(369920K)->366395K(369920K) Class: 52958K(55552K)->52958K(55552K)
[2024-08-15T12:42:05.664+0000][821.608s][info][gc          ] GC(136) Pause Young (Normal) (G1 Evacuation Pause) 9522M->3853M(12288M) 107.361ms
[2024-08-15T12:42:05.664+0000][821.609s][info][gc,cpu      ] GC(136) User=0.64s Sys=0.00s Real=0.11s
[2024-08-15T12:42:09.026+0000][824.971s][info][gc,start    ] GC(137) Pause Young (Normal) (G1 Evacuation Pause)
[2024-08-15T12:42:09.026+0000][824.971s][info][gc,task     ] GC(137) Using 6 workers of 6 for evacuation
[2024-08-15T12:42:09.127+0000][825.071s][info][gc,phases   ] GC(137)   Pre Evacuate Collection Set: 0.2ms
[2024-08-15T12:42:09.127+0000][825.071s][info][gc,phases   ] GC(137)   Merge Heap Roots: 0.3ms
[2024-08-15T12:42:09.127+0000][825.071s][info][gc,phases   ] GC(137)   Evacuate Collection Set: 97.5ms
[2024-08-15T12:42:09.127+0000][825.071s][info][gc,phases   ] GC(137)   Post Evacuate Collection Set: 2.2ms
[2024-08-15T12:42:09.127+0000][825.071s][info][gc,phases   ] GC(137)   Other: 0.2ms
[2024-08-15T12:42:09.127+0000][825.071s][info][gc,heap     ] GC(137) Eden regions: 709->0(706)
[2024-08-15T12:42:09.127+0000][825.071s][info][gc,heap     ] GC(137) Survivor regions: 35->36(93)
[2024-08-15T12:42:09.127+0000][825.071s][info][gc,heap     ] GC(137) Old regions: 379->380
[2024-08-15T12:42:09.127+0000][825.071s][info][gc,heap     ] GC(137) Archive regions: 2->2
[2024-08-15T12:42:09.127+0000][825.071s][info][gc,heap     ] GC(137) Humongous regions: 68->68
[2024-08-15T12:42:09.127+0000][825.071s][info][gc,metaspace] GC(137) Metaspace: 419357K(425472K)->419357K(425472K) NonClass: 366399K(369920K)->366399K(369920K) Class: 52958K(55552K)->52958K(55552K)
[2024-08-15T12:42:09.127+0000][825.071s][info][gc          ] GC(137) Pause Young (Normal) (G1 Evacuation Pause) 9525M->3865M(12288M) 100.421ms
[2024-08-15T12:42:09.127+0000][825.071s][info][gc,cpu      ] GC(137) User=0.60s Sys=0.00s Real=0.10s
[2024-08-15T12:42:12.940+0000][828.885s][info][gc,start    ] GC(138) Pause Young (Normal) (G1 Evacuation Pause)
[2024-08-15T12:42:12.940+0000][828.885s][info][gc,task     ] GC(138) Using 6 workers of 6 for evacuation
[2024-08-15T12:42:13.046+0000][828.991s][info][gc,phases   ] GC(138)   Pre Evacuate Collection Set: 0.2ms
[2024-08-15T12:42:13.046+0000][828.991s][info][gc,phases   ] GC(138)   Merge Heap Roots: 0.3ms
[2024-08-15T12:42:13.046+0000][828.991s][info][gc,phases   ] GC(138)   Evacuate Collection Set: 103.3ms
[2024-08-15T12:42:13.046+0000][828.991s][info][gc,phases   ] GC(138)   Post Evacuate Collection Set: 2.2ms
[2024-08-15T12:42:13.046+0000][828.991s][info][gc,phases   ] GC(138)   Other: 0.2ms
[2024-08-15T12:42:13.046+0000][828.991s][info][gc,heap     ] GC(138) Eden regions: 706->0(711)
[2024-08-15T12:42:13.046+0000][828.991s][info][gc,heap     ] GC(138) Survivor regions: 36->31(93)
[2024-08-15T12:42:13.046+0000][828.991s][info][gc,heap     ] GC(138) Old regions: 380->385
[2024-08-15T12:42:13.046+0000][828.991s][info][gc,heap     ] GC(138) Archive regions: 2->2
[2024-08-15T12:42:13.046+0000][828.991s][info][gc,heap     ] GC(138) Humongous regions: 68->68
[2024-08-15T12:42:13.046+0000][828.991s][info][gc,metaspace] GC(138) Metaspace: 419369K(425472K)->419369K(425472K) NonClass: 366411K(369920K)->366411K(369920K) Class: 52958K(55552K)->52958K(55552K)
[2024-08-15T12:42:13.046+0000][828.991s][info][gc          ] GC(138) Pause Young (Normal) (G1 Evacuation Pause) 9513M->3871M(12288M) 106.253ms
[2024-08-15T12:42:13.046+0000][828.991s][info][gc,cpu      ] GC(138) User=0.60s Sys=0.03s Real=0.11s
[2024-08-15T12:42:17.743+0000][833.688s][info][gc,start    ] GC(139) Pause Young (Normal) (G1 Evacuation Pause)
[2024-08-15T12:42:17.743+0000][833.688s][info][gc,task     ] GC(139) Using 6 workers of 6 for evacuation
[2024-08-15T12:42:17.831+0000][833.776s][info][gc,phases   ] GC(139)   Pre Evacuate Collection Set: 0.2ms
[2024-08-15T12:42:17.831+0000][833.776s][info][gc,phases   ] GC(139)   Merge Heap Roots: 0.3ms
[2024-08-15T12:42:17.831+0000][833.776s][info][gc,phases   ] GC(139)   Evacuate Collection Set: 85.0ms
[2024-08-15T12:42:17.831+0000][833.776s][info][gc,phases   ] GC(139)   Post Evacuate Collection Set: 2.2ms
[2024-08-15T12:42:17.831+0000][833.776s][info][gc,phases   ] GC(139)   Other: 0.2ms
[2024-08-15T12:42:17.831+0000][833.776s][info][gc,heap     ] GC(139) Eden regions: 711->0(710)
[2024-08-15T12:42:17.831+0000][833.776s][info][gc,heap     ] GC(139) Survivor regions: 31->30(93)
[2024-08-15T12:42:17.831+0000][833.776s][info][gc,heap     ] GC(139) Old regions: 385->388
[2024-08-15T12:42:17.831+0000][833.776s][info][gc,heap     ] GC(139) Archive regions: 2->2
[2024-08-15T12:42:17.831+0000][833.776s][info][gc,heap     ] GC(139) Humongous regions: 68->68
[2024-08-15T12:42:17.831+0000][833.776s][info][gc,metaspace] GC(139) Metaspace: 419372K(425472K)->419372K(425472K) NonClass: 366414K(369920K)->366414K(369920K) Class: 52958K(55552K)->52958K(55552K)
[2024-08-15T12:42:17.831+0000][833.776s][info][gc          ] GC(139) Pause Young (Normal) (G1 Evacuation Pause) 9559M->3888M(12288M) 87.988ms
[2024-08-15T12:42:17.831+0000][833.776s][info][gc,cpu      ] GC(139) User=0.50s Sys=0.02s Real=0.08s
[2024-08-15T12:42:22.517+0000][838.462s][info][gc,start    ] GC(140) Pause Young (Normal) (G1 Evacuation Pause)
[2024-08-15T12:42:22.518+0000][838.462s][info][gc,task     ] GC(140) Using 6 workers of 6 for evacuation
[2024-08-15T12:42:22.600+0000][838.544s][info][gc,phases   ] GC(140)   Pre Evacuate Collection Set: 0.2ms
[2024-08-15T12:42:22.600+0000][838.544s][info][gc,phases   ] GC(140)   Merge Heap Roots: 0.3ms
[2024-08-15T12:42:22.600+0000][838.544s][info][gc,phases   ] GC(140)   Evacuate Collection Set: 79.3ms
[2024-08-15T12:42:22.600+0000][838.544s][info][gc,phases   ] GC(140)   Post Evacuate Collection Set: 2.3ms
[2024-08-15T12:42:22.600+0000][838.544s][info][gc,phases   ] GC(140)   Other: 0.2ms
[2024-08-15T12:42:22.600+0000][838.544s][info][gc,heap     ] GC(140) Eden regions: 710->0(713)
[2024-08-15T12:42:22.600+0000][838.544s][info][gc,heap     ] GC(140) Survivor regions: 30->26(93)
[2024-08-15T12:42:22.600+0000][838.544s][info][gc,heap     ] GC(140) Old regions: 388->393
[2024-08-15T12:42:22.600+0000][838.544s][info][gc,heap     ] GC(140) Archive regions: 2->2
[2024-08-15T12:42:22.600+0000][838.544s][info][gc,heap     ] GC(140) Humongous regions: 68->68
[2024-08-15T12:42:22.600+0000][838.544s][info][gc,metaspace] GC(140) Metaspace: 419384K(425472K)->419384K(425472K) NonClass: 366426K(369920K)->366426K(369920K) Class: 52958K(55552K)->52958K(55552K)
[2024-08-15T12:42:22.600+0000][838.544s][info][gc          ] GC(140) Pause Young (Normal) (G1 Evacuation Pause) 9568M->3894M(12288M) 82.350ms
[2024-08-15T12:42:22.600+0000][838.545s][info][gc,cpu      ] GC(140) User=0.48s Sys=0.02s Real=0.08s
[2024-08-15T12:42:26.689+0000][842.634s][info][gc,start    ] GC(141) Pause Young (Normal) (G1 Evacuation Pause)
[2024-08-15T12:42:26.689+0000][842.634s][info][gc,task     ] GC(141) Using 6 workers of 6 for evacuation
[2024-08-15T12:42:26.757+0000][842.702s][info][gc,phases   ] GC(141)   Pre Evacuate Collection Set: 0.2ms
[2024-08-15T12:42:26.757+0000][842.702s][info][gc,phases   ] GC(141)   Merge Heap Roots: 0.3ms
[2024-08-15T12:42:26.757+0000][842.702s][info][gc,phases   ] GC(141)   Evacuate Collection Set: 65.1ms
[2024-08-15T12:42:26.757+0000][842.702s][info][gc,phases   ] GC(141)   Post Evacuate Collection Set: 2.2ms
[2024-08-15T12:42:26.757+0000][842.702s][info][gc,phases   ] GC(141)   Other: 0.2ms
[2024-08-15T12:42:26.757+0000][842.702s][info][gc,heap     ] GC(141) Eden regions: 713->0(713)
[2024-08-15T12:42:26.757+0000][842.702s][info][gc,heap     ] GC(141) Survivor regions: 26->25(93)
[2024-08-15T12:42:26.757+0000][842.702s][info][gc,heap     ] GC(141) Old regions: 393->395
[2024-08-15T12:42:26.757+0000][842.702s][info][gc,heap     ] GC(141) Archive regions: 2->2
[2024-08-15T12:42:26.757+0000][842.702s][info][gc,heap     ] GC(141) Humongous regions: 68->68
[2024-08-15T12:42:26.757+0000][842.702s][info][gc,metaspace] GC(141) Metaspace: 419400K(425536K)->419400K(425536K) NonClass: 366442K(369984K)->366442K(369984K) Class: 52958K(55552K)->52958K(55552K)
[2024-08-15T12:42:26.757+0000][842.702s][info][gc          ] GC(141) Pause Young (Normal) (G1 Evacuation Pause) 9598M->3904M(12288M) 68.010ms
[2024-08-15T12:42:26.757+0000][842.702s][info][gc,cpu      ] GC(141) User=0.40s Sys=0.00s Real=0.07s
[2024-08-15T12:42:32.607+0000][848.551s][info][gc,start    ] GC(142) Pause Young (Normal) (G1 Evacuation Pause)
[2024-08-15T12:42:32.607+0000][848.551s][info][gc,task     ] GC(142) Using 6 workers of 6 for evacuation
[2024-08-15T12:42:32.677+0000][848.621s][info][gc,phases   ] GC(142)   Pre Evacuate Collection Set: 0.2ms
[2024-08-15T12:42:32.677+0000][848.621s][info][gc,phases   ] GC(142)   Merge Heap Roots: 0.3ms
[2024-08-15T12:42:32.677+0000][848.621s][info][gc,phases   ] GC(142)   Evacuate Collection Set: 66.9ms
[2024-08-15T12:42:32.677+0000][848.621s][info][gc,phases   ] GC(142)   Post Evacuate Collection Set: 2.3ms
[2024-08-15T12:42:32.677+0000][848.621s][info][gc,phases   ] GC(142)   Other: 0.3ms
[2024-08-15T12:42:32.677+0000][848.621s][info][gc,heap     ] GC(142) Eden regions: 713->0(710)
[2024-08-15T12:42:32.677+0000][848.621s][info][gc,heap     ] GC(142) Survivor regions: 25->25(93)
[2024-08-15T12:42:32.677+0000][848.621s][info][gc,heap     ] GC(142) Old regions: 395->398
[2024-08-15T12:42:32.677+0000][848.621s][info][gc,heap     ] GC(142) Archive regions: 2->2
[2024-08-15T12:42:32.677+0000][848.621s][info][gc,heap     ] GC(142) Humongous regions: 68->68
[2024-08-15T12:42:32.677+0000][848.621s][info][gc,metaspace] GC(142) Metaspace: 419419K(425536K)->419419K(425536K) NonClass: 366461K(369984K)->366461K(369984K) Class: 52958K(55552K)->52958K(55552K)
[2024-08-15T12:42:32.677+0000][848.621s][info][gc          ] GC(142) Pause Young (Normal) (G1 Evacuation Pause) 9608M->3925M(12288M) 70.044ms
[2024-08-15T12:42:32.677+0000][848.621s][info][gc,cpu      ] GC(142) User=0.41s Sys=0.00s Real=0.07s
[2024-08-15T12:42:36.648+0000][852.592s][info][gc,start    ] GC(143) Pause Young (Normal) (G1 Evacuation Pause)
[2024-08-15T12:42:36.648+0000][852.592s][info][gc,task     ] GC(143) Using 6 workers of 6 for evacuation
[2024-08-15T12:42:36.700+0000][852.645s][info][gc,phases   ] GC(143)   Pre Evacuate Collection Set: 0.2ms
[2024-08-15T12:42:36.700+0000][852.645s][info][gc,phases   ] GC(143)   Merge Heap Roots: 0.2ms
[2024-08-15T12:42:36.700+0000][852.645s][info][gc,phases   ] GC(143)   Evacuate Collection Set: 49.7ms
[2024-08-15T12:42:36.700+0000][852.645s][info][gc,phases   ] GC(143)   Post Evacuate Collection Set: 2.2ms
[2024-08-15T12:42:36.700+0000][852.645s][info][gc,phases   ] GC(143)   Other: 0.2ms
[2024-08-15T12:42:36.700+0000][852.645s][info][gc,heap     ] GC(143) Eden regions: 710->0(724)
[2024-08-15T12:42:36.700+0000][852.645s][info][gc,heap     ] GC(143) Survivor regions: 25->17(92)
[2024-08-15T12:42:36.700+0000][852.645s][info][gc,heap     ] GC(143) Old regions: 398->400
[2024-08-15T12:42:36.700+0000][852.645s][info][gc,heap     ] GC(143) Archive regions: 2->2
[2024-08-15T12:42:36.700+0000][852.645s][info][gc,heap     ] GC(143) Humongous regions: 68->68
[2024-08-15T12:42:36.700+0000][852.645s][info][gc,metaspace] GC(143) Metaspace: 419425K(425536K)->419425K(425536K) NonClass: 366466K(369984K)->366466K(369984K) Class: 52958K(55552K)->52958K(55552K)
[2024-08-15T12:42:36.700+0000][852.645s][info][gc          ] GC(143) Pause Young (Normal) (G1 Evacuation Pause) 9605M->3880M(12288M) 52.636ms
[2024-08-15T12:42:36.700+0000][852.645s][info][gc,cpu      ] GC(143) User=0.31s Sys=0.00s Real=0.05s
[2024-08-15T12:42:41.254+0000][857.199s][info][gc,start    ] GC(144) Pause Young (Normal) (G1 Evacuation Pause)
[2024-08-15T12:42:41.254+0000][857.199s][info][gc,task     ] GC(144) Using 6 workers of 6 for evacuation
[2024-08-15T12:42:41.302+0000][857.246s][info][gc,phases   ] GC(144)   Pre Evacuate Collection Set: 0.2ms
[2024-08-15T12:42:41.302+0000][857.246s][info][gc,phases   ] GC(144)   Merge Heap Roots: 0.2ms
[2024-08-15T12:42:41.302+0000][857.246s][info][gc,phases   ] GC(144)   Evacuate Collection Set: 45.0ms
[2024-08-15T12:42:41.302+0000][857.246s][info][gc,phases   ] GC(144)   Post Evacuate Collection Set: 2.3ms
[2024-08-15T12:42:41.302+0000][857.246s][info][gc,phases   ] GC(144)   Other: 0.2ms
[2024-08-15T12:42:41.302+0000][857.247s][info][gc,heap     ] GC(144) Eden regions: 724->0(722)
[2024-08-15T12:42:41.302+0000][857.247s][info][gc,heap     ] GC(144) Survivor regions: 17->18(93)
[2024-08-15T12:42:41.302+0000][857.247s][info][gc,heap     ] GC(144) Old regions: 400->400
[2024-08-15T12:42:41.302+0000][857.247s][info][gc,heap     ] GC(144) Archive regions: 2->2
[2024-08-15T12:42:41.302+0000][857.247s][info][gc,heap     ] GC(144) Humongous regions: 68->68
[2024-08-15T12:42:41.302+0000][857.247s][info][gc,metaspace] GC(144) Metaspace: 419429K(425536K)->419429K(425536K) NonClass: 366470K(369984K)->366470K(369984K) Class: 52958K(55552K)->52958K(55552K)
[2024-08-15T12:42:41.302+0000][857.247s][info][gc          ] GC(144) Pause Young (Normal) (G1 Evacuation Pause) 9672M->3891M(12288M) 47.957ms
[2024-08-15T12:42:41.302+0000][857.247s][info][gc,cpu      ] GC(144) User=0.28s Sys=0.00s Real=0.05s
[2024-08-15T12:42:45.021+0000][860.966s][info][gc,start    ] GC(145) Pause Young (Normal) (G1 Evacuation Pause)
[2024-08-15T12:42:45.021+0000][860.966s][info][gc,task     ] GC(145) Using 6 workers of 6 for evacuation
[2024-08-15T12:42:45.084+0000][861.028s][info][gc,phases   ] GC(145)   Pre Evacuate Collection Set: 0.2ms
[2024-08-15T12:42:45.084+0000][861.028s][info][gc,phases   ] GC(145)   Merge Heap Roots: 0.2ms
[2024-08-15T12:42:45.084+0000][861.028s][info][gc,phases   ] GC(145)   Evacuate Collection Set: 59.7ms
[2024-08-15T12:42:45.084+0000][861.028s][info][gc,phases   ] GC(145)   Post Evacuate Collection Set: 2.2ms
[2024-08-15T12:42:45.084+0000][861.028s][info][gc,phases   ] GC(145)   Other: 0.2ms
[2024-08-15T12:42:45.084+0000][861.028s][info][gc,heap     ] GC(145) Eden regions: 722->0(719)
[2024-08-15T12:42:45.084+0000][861.028s][info][gc,heap     ] GC(145) Survivor regions: 18->19(93)
[2024-08-15T12:42:45.084+0000][861.028s][info][gc,heap     ] GC(145) Old regions: 400->401
[2024-08-15T12:42:45.084+0000][861.028s][info][gc,heap     ] GC(145) Archive regions: 2->2
[2024-08-15T12:42:45.084+0000][861.028s][info][gc,heap     ] GC(145) Humongous regions: 68->68
[2024-08-15T12:42:45.084+0000][861.028s][info][gc,metaspace] GC(145) Metaspace: 419439K(425536K)->419439K(425536K) NonClass: 366478K(369984K)->366478K(369984K) Class: 52960K(55552K)->52960K(55552K)
[2024-08-15T12:42:45.084+0000][861.028s][info][gc          ] GC(145) Pause Young (Normal) (G1 Evacuation Pause) 9667M->3900M(12288M) 62.543ms
[2024-08-15T12:42:45.084+0000][861.028s][info][gc,cpu      ] GC(145) User=0.37s Sys=0.00s Real=0.07s
[2024-08-15T12:42:49.431+0000][865.376s][info][gc,start    ] GC(146) Pause Young (Normal) (G1 Evacuation Pause)
[2024-08-15T12:42:49.431+0000][865.376s][info][gc,task     ] GC(146) Using 6 workers of 6 for evacuation
[2024-08-15T12:42:49.478+0000][865.422s][info][gc,phases   ] GC(146)   Pre Evacuate Collection Set: 0.2ms
[2024-08-15T12:42:49.478+0000][865.422s][info][gc,phases   ] GC(146)   Merge Heap Roots: 0.2ms
[2024-08-15T12:42:49.478+0000][865.422s][info][gc,phases   ] GC(146)   Evacuate Collection Set: 43.5ms
[2024-08-15T12:42:49.478+0000][865.422s][info][gc,phases   ] GC(146)   Post Evacuate Collection Set: 2.2ms
[2024-08-15T12:42:49.478+0000][865.422s][info][gc,phases   ] GC(146)   Other: 0.2ms
[2024-08-15T12:42:49.478+0000][865.422s][info][gc,heap     ] GC(146) Eden regions: 719->0(718)
[2024-08-15T12:42:49.478+0000][865.422s][info][gc,heap     ] GC(146) Survivor regions: 19->19(93)
[2024-08-15T12:42:49.478+0000][865.422s][info][gc,heap     ] GC(146) Old regions: 401->402
[2024-08-15T12:42:49.478+0000][865.422s][info][gc,heap     ] GC(146) Archive regions: 2->2
[2024-08-15T12:42:49.478+0000][865.422s][info][gc,heap     ] GC(146) Humongous regions: 68->68
[2024-08-15T12:42:49.478+0000][865.422s][info][gc,metaspace] GC(146) Metaspace: 419463K(425600K)->419463K(425600K) NonClass: 366503K(370048K)->366503K(370048K) Class: 52960K(55552K)->52960K(55552K)
[2024-08-15T12:42:49.478+0000][865.422s][info][gc          ] GC(146) Pause Young (Normal) (G1 Evacuation Pause) 9652M->3911M(12288M) 46.356ms
[2024-08-15T12:42:49.478+0000][865.422s][info][gc,cpu      ] GC(146) User=0.27s Sys=0.00s Real=0.05s
[2024-08-15T12:42:56.956+0000][872.901s][info][gc,start    ] GC(147) Pause Young (Normal) (G1 Evacuation Pause)
[2024-08-15T12:42:56.956+0000][872.901s][info][gc,task     ] GC(147) Using 6 workers of 6 for evacuation
[2024-08-15T12:42:57.005+0000][872.950s][info][gc,phases   ] GC(147)   Pre Evacuate Collection Set: 0.2ms
[2024-08-15T12:42:57.005+0000][872.950s][info][gc,phases   ] GC(147)   Merge Heap Roots: 0.2ms
[2024-08-15T12:42:57.005+0000][872.950s][info][gc,phases   ] GC(147)   Evacuate Collection Set: 46.2ms
[2024-08-15T12:42:57.005+0000][872.950s][info][gc,phases   ] GC(147)   Post Evacuate Collection Set: 2.2ms
[2024-08-15T12:42:57.005+0000][872.950s][info][gc,phases   ] GC(147)   Other: 0.2ms
[2024-08-15T12:42:57.005+0000][872.950s][info][gc,heap     ] GC(147) Eden regions: 718->0(711)
[2024-08-15T12:42:57.005+0000][872.950s][info][gc,heap     ] GC(147) Survivor regions: 19->22(93)
[2024-08-15T12:42:57.005+0000][872.950s][info][gc,heap     ] GC(147) Old regions: 402->403
[2024-08-15T12:42:57.005+0000][872.950s][info][gc,heap     ] GC(147) Archive regions: 2->2
[2024-08-15T12:42:57.005+0000][872.950s][info][gc,heap     ] GC(147) Humongous regions: 68->68
[2024-08-15T12:42:57.005+0000][872.950s][info][gc,metaspace] GC(147) Metaspace: 419472K(425664K)->419472K(425664K) NonClass: 366512K(370112K)->366512K(370112K) Class: 52960K(55552K)->52960K(55552K)
[2024-08-15T12:42:57.005+0000][872.950s][info][gc          ] GC(147) Pause Young (Normal) (G1 Evacuation Pause) 9655M->3938M(12288M) 49.062ms
[2024-08-15T12:42:57.005+0000][872.950s][info][gc,cpu      ] GC(147) User=0.29s Sys=0.00s Real=0.05s
[2024-08-15T12:43:04.539+0000][880.484s][info][gc,start    ] GC(148) Pause Young (Normal) (G1 Evacuation Pause)
[2024-08-15T12:43:04.539+0000][880.484s][info][gc,task     ] GC(148) Using 6 workers of 6 for evacuation
[2024-08-15T12:43:04.598+0000][880.543s][info][gc,phases   ] GC(148)   Pre Evacuate Collection Set: 0.2ms
[2024-08-15T12:43:04.598+0000][880.543s][info][gc,phases   ] GC(148)   Merge Heap Roots: 0.2ms
[2024-08-15T12:43:04.598+0000][880.543s][info][gc,phases   ] GC(148)   Evacuate Collection Set: 55.9ms
[2024-08-15T12:43:04.598+0000][880.543s][info][gc,phases   ] GC(148)   Post Evacuate Collection Set: 2.2ms
[2024-08-15T12:43:04.598+0000][880.543s][info][gc,phases   ] GC(148)   Other: 0.2ms
[2024-08-15T12:43:04.598+0000][880.543s][info][gc,heap     ] GC(148) Eden regions: 711->0(708)
[2024-08-15T12:43:04.598+0000][880.543s][info][gc,heap     ] GC(148) Survivor regions: 22->23(92)
[2024-08-15T12:43:04.598+0000][880.543s][info][gc,heap     ] GC(148) Old regions: 403->404
[2024-08-15T12:43:04.598+0000][880.543s][info][gc,heap     ] GC(148) Archive regions: 2->2
[2024-08-15T12:43:04.598+0000][880.543s][info][gc,heap     ] GC(148) Humongous regions: 68->68
[2024-08-15T12:43:04.598+0000][880.543s][info][gc,metaspace] GC(148) Metaspace: 419509K(425664K)->419509K(425664K) NonClass: 366547K(370112K)->366547K(370112K) Class: 52962K(55552K)->52962K(55552K)
[2024-08-15T12:43:04.598+0000][880.543s][info][gc          ] GC(148) Pause Young (Normal) (G1 Evacuation Pause) 9626M->3957M(12288M) 58.799ms
[2024-08-15T12:43:04.598+0000][880.543s][info][gc,cpu      ] GC(148) User=0.35s Sys=0.01s Real=0.06s
[2024-08-15T12:43:11.760+0000][887.704s][info][gc,start    ] GC(149) Pause Young (Normal) (G1 Evacuation Pause)
[2024-08-15T12:43:11.760+0000][887.704s][info][gc,task     ] GC(149) Using 6 workers of 6 for evacuation
[2024-08-15T12:43:11.815+0000][887.759s][info][gc,phases   ] GC(149)   Pre Evacuate Collection Set: 3.0ms
[2024-08-15T12:43:11.815+0000][887.759s][info][gc,phases   ] GC(149)   Merge Heap Roots: 0.3ms
[2024-08-15T12:43:11.815+0000][887.759s][info][gc,phases   ] GC(149)   Evacuate Collection Set: 49.5ms
[2024-08-15T12:43:11.815+0000][887.759s][info][gc,phases   ] GC(149)   Post Evacuate Collection Set: 2.2ms
[2024-08-15T12:43:11.815+0000][887.759s][info][gc,phases   ] GC(149)   Other: 0.2ms
[2024-08-15T12:43:11.815+0000][887.759s][info][gc,heap     ] GC(149) Eden regions: 708->0(711)
[2024-08-15T12:43:11.815+0000][887.759s][info][gc,heap     ] GC(149) Survivor regions: 23->21(92)
[2024-08-15T12:43:11.815+0000][887.759s][info][gc,heap     ] GC(149) Old regions: 404->405
[2024-08-15T12:43:11.815+0000][887.759s][info][gc,heap     ] GC(149) Archive regions: 2->2
[2024-08-15T12:43:11.815+0000][887.759s][info][gc,heap     ] GC(149) Humongous regions: 68->68
[2024-08-15T12:43:11.815+0000][887.759s][info][gc,metaspace] GC(149) Metaspace: 419514K(425664K)->419514K(425664K) NonClass: 366552K(370112K)->366552K(370112K) Class: 52962K(55552K)->52962K(55552K)
[2024-08-15T12:43:11.815+0000][887.759s][info][gc          ] GC(149) Pause Young (Normal) (G1 Evacuation Pause) 9621M->3945M(12288M) 55.321ms
[2024-08-15T12:43:11.815+0000][887.760s][info][gc,cpu      ] GC(149) User=0.30s Sys=0.00s Real=0.05s
[2024-08-15T12:43:19.294+0000][895.238s][info][gc,start    ] GC(150) Pause Young (Normal) (G1 Evacuation Pause)
[2024-08-15T12:43:19.294+0000][895.238s][info][gc,task     ] GC(150) Using 6 workers of 6 for evacuation
[2024-08-15T12:43:19.342+0000][895.287s][info][gc,phases   ] GC(150)   Pre Evacuate Collection Set: 0.2ms
[2024-08-15T12:43:19.342+0000][895.287s][info][gc,phases   ] GC(150)   Merge Heap Roots: 0.2ms
[2024-08-15T12:43:19.343+0000][895.287s][info][gc,phases   ] GC(150)   Evacuate Collection Set: 46.1ms
[2024-08-15T12:43:19.343+0000][895.287s][info][gc,phases   ] GC(150)   Post Evacuate Collection Set: 2.2ms
[2024-08-15T12:43:19.343+0000][895.287s][info][gc,phases   ] GC(150)   Other: 0.2ms
[2024-08-15T12:43:19.343+0000][895.287s][info][gc,heap     ] GC(150) Eden regions: 711->0(709)
[2024-08-15T12:43:19.343+0000][895.287s][info][gc,heap     ] GC(150) Survivor regions: 21->22(92)
[2024-08-15T12:43:19.343+0000][895.287s][info][gc,heap     ] GC(150) Old regions: 405->405
[2024-08-15T12:43:19.343+0000][895.287s][info][gc,heap     ] GC(150) Archive regions: 2->2
[2024-08-15T12:43:19.343+0000][895.287s][info][gc,heap     ] GC(150) Humongous regions: 68->68
[2024-08-15T12:43:19.343+0000][895.287s][info][gc,metaspace] GC(150) Metaspace: 419523K(425664K)->419523K(425664K) NonClass: 366561K(370112K)->366561K(370112K) Class: 52962K(55552K)->52962K(55552K)
[2024-08-15T12:43:19.343+0000][895.287s][info][gc          ] GC(150) Pause Young (Normal) (G1 Evacuation Pause) 9633M->3962M(12288M) 48.915ms
[2024-08-15T12:43:19.343+0000][895.287s][info][gc,cpu      ] GC(150) User=0.29s Sys=0.00s Real=0.05s
[2024-08-15T12:43:26.633+0000][902.577s][info][gc,start    ] GC(151) Pause Young (Normal) (G1 Evacuation Pause)
[2024-08-15T12:43:26.633+0000][902.577s][info][gc,task     ] GC(151) Using 6 workers of 6 for evacuation
[2024-08-15T12:43:26.684+0000][902.629s][info][gc,phases   ] GC(151)   Pre Evacuate Collection Set: 0.2ms
[2024-08-15T12:43:26.684+0000][902.629s][info][gc,phases   ] GC(151)   Merge Heap Roots: 0.2ms
[2024-08-15T12:43:26.684+0000][902.629s][info][gc,phases   ] GC(151)   Evacuate Collection Set: 48.6ms
[2024-08-15T12:43:26.684+0000][902.629s][info][gc,phases   ] GC(151)   Post Evacuate Collection Set: 2.2ms
[2024-08-15T12:43:26.684+0000][902.629s][info][gc,phases   ] GC(151)   Other: 0.2ms
[2024-08-15T12:43:26.684+0000][902.629s][info][gc,heap     ] GC(151) Eden regions: 709->0(706)
[2024-08-15T12:43:26.684+0000][902.629s][info][gc,heap     ] GC(151) Survivor regions: 22->23(92)
[2024-08-15T12:43:26.684+0000][902.629s][info][gc,heap     ] GC(151) Old regions: 405->406
[2024-08-15T12:43:26.684+0000][902.629s][info][gc,heap     ] GC(151) Archive regions: 2->2
[2024-08-15T12:43:26.684+0000][902.629s][info][gc,heap     ] GC(151) Humongous regions: 68->68
[2024-08-15T12:43:26.684+0000][902.629s][info][gc,metaspace] GC(151) Metaspace: 419523K(425664K)->419523K(425664K) NonClass: 366561K(370112K)->366561K(370112K) Class: 52962K(55552K)->52962K(55552K)
[2024-08-15T12:43:26.684+0000][902.629s][info][gc          ] GC(151) Pause Young (Normal) (G1 Evacuation Pause) 9634M->3973M(12288M) 51.419ms
[2024-08-15T12:43:26.684+0000][902.629s][info][gc,cpu      ] GC(151) User=0.30s Sys=0.00s Real=0.06s
[2024-08-15T12:43:33.615+0000][909.560s][info][gc,start    ] GC(152) Pause Young (Normal) (G1 Evacuation Pause)
[2024-08-15T12:43:33.615+0000][909.560s][info][gc,task     ] GC(152) Using 6 workers of 6 for evacuation
[2024-08-15T12:43:33.664+0000][909.608s][info][gc,phases   ] GC(152)   Pre Evacuate Collection Set: 0.2ms
[2024-08-15T12:43:33.664+0000][909.608s][info][gc,phases   ] GC(152)   Merge Heap Roots: 0.2ms
[2024-08-15T12:43:33.664+0000][909.608s][info][gc,phases   ] GC(152)   Evacuate Collection Set: 45.5ms
[2024-08-15T12:43:33.664+0000][909.608s][info][gc,phases   ] GC(152)   Post Evacuate Collection Set: 2.3ms
[2024-08-15T12:43:33.664+0000][909.608s][info][gc,phases   ] GC(152)   Other: 0.2ms
[2024-08-15T12:43:33.664+0000][909.608s][info][gc,heap     ] GC(152) Eden regions: 706->0(714)
[2024-08-15T12:43:33.664+0000][909.608s][info][gc,heap     ] GC(152) Survivor regions: 23->19(92)
[2024-08-15T12:43:33.664+0000][909.608s][info][gc,heap     ] GC(152) Old regions: 406->406
[2024-08-15T12:43:33.664+0000][909.608s][info][gc,heap     ] GC(152) Archive regions: 2->2
[2024-08-15T12:43:33.664+0000][909.608s][info][gc,heap     ] GC(152) Humongous regions: 68->68
[2024-08-15T12:43:33.664+0000][909.608s][info][gc,metaspace] GC(152) Metaspace: 419551K(425664K)->419551K(425664K) NonClass: 366588K(370112K)->366588K(370112K) Class: 52962K(55552K)->52962K(55552K)
[2024-08-15T12:43:33.664+0000][909.608s][info][gc          ] GC(152) Pause Young (Normal) (G1 Evacuation Pause) 9621M->3940M(12288M) 48.437ms
[2024-08-15T12:43:33.664+0000][909.608s][info][gc,cpu      ] GC(152) User=0.28s Sys=0.00s Real=0.05s
[2024-08-15T12:43:41.073+0000][917.018s][info][gc,start    ] GC(153) Pause Young (Normal) (G1 Evacuation Pause)
[2024-08-15T12:43:41.073+0000][917.018s][info][gc,task     ] GC(153) Using 6 workers of 6 for evacuation
[2024-08-15T12:43:41.123+0000][917.067s][info][gc,phases   ] GC(153)   Pre Evacuate Collection Set: 0.2ms
[2024-08-15T12:43:41.123+0000][917.067s][info][gc,phases   ] GC(153)   Merge Heap Roots: 0.2ms
[2024-08-15T12:43:41.123+0000][917.067s][info][gc,phases   ] GC(153)   Evacuate Collection Set: 46.2ms
[2024-08-15T12:43:41.123+0000][917.067s][info][gc,phases   ] GC(153)   Post Evacuate Collection Set: 2.3ms
[2024-08-15T12:43:41.123+0000][917.067s][info][gc,phases   ] GC(153)   Other: 0.2ms
[2024-08-15T12:43:41.123+0000][917.067s][info][gc,heap     ] GC(153) Eden regions: 714->0(710)
[2024-08-15T12:43:41.123+0000][917.067s][info][gc,heap     ] GC(153) Survivor regions: 19->21(92)
[2024-08-15T12:43:41.123+0000][917.067s][info][gc,heap     ] GC(153) Old regions: 406->406
[2024-08-15T12:43:41.123+0000][917.067s][info][gc,heap     ] GC(153) Archive regions: 2->2
[2024-08-15T12:43:41.123+0000][917.067s][info][gc,heap     ] GC(153) Humongous regions: 68->68
[2024-08-15T12:43:41.123+0000][917.067s][info][gc,metaspace] GC(153) Metaspace: 419557K(425664K)->419557K(425664K) NonClass: 366595K(370112K)->366595K(370112K) Class: 52962K(55552K)->52962K(55552K)
[2024-08-15T12:43:41.123+0000][917.067s][info][gc          ] GC(153) Pause Young (Normal) (G1 Evacuation Pause) 9652M->3960M(12288M) 49.213ms
[2024-08-15T12:43:41.123+0000][917.067s][info][gc,cpu      ] GC(153) User=0.30s Sys=0.00s Real=0.05s
[2024-08-15T12:43:48.567+0000][924.511s][info][gc,start    ] GC(154) Pause Young (Normal) (G1 Evacuation Pause)
[2024-08-15T12:43:48.567+0000][924.511s][info][gc,task     ] GC(154) Using 6 workers of 6 for evacuation
[2024-08-15T12:43:48.621+0000][924.566s][info][gc,phases   ] GC(154)   Pre Evacuate Collection Set: 0.2ms
[2024-08-15T12:43:48.621+0000][924.566s][info][gc,phases   ] GC(154)   Merge Heap Roots: 0.2ms
[2024-08-15T12:43:48.621+0000][924.566s][info][gc,phases   ] GC(154)   Evacuate Collection Set: 51.7ms
[2024-08-15T12:43:48.621+0000][924.566s][info][gc,phases   ] GC(154)   Post Evacuate Collection Set: 2.2ms
[2024-08-15T12:43:48.621+0000][924.566s][info][gc,phases   ] GC(154)   Other: 0.2ms
[2024-08-15T12:43:48.621+0000][924.566s][info][gc,heap     ] GC(154) Eden regions: 710->0(707)
[2024-08-15T12:43:48.621+0000][924.566s][info][gc,heap     ] GC(154) Survivor regions: 21->22(92)
[2024-08-15T12:43:48.621+0000][924.566s][info][gc,heap     ] GC(154) Old regions: 406->407
[2024-08-15T12:43:48.621+0000][924.566s][info][gc,heap     ] GC(154) Archive regions: 2->2
[2024-08-15T12:43:48.621+0000][924.566s][info][gc,heap     ] GC(154) Humongous regions: 68->68
[2024-08-15T12:43:48.621+0000][924.566s][info][gc,metaspace] GC(154) Metaspace: 419561K(425664K)->419561K(425664K) NonClass: 366598K(370112K)->366598K(370112K) Class: 52962K(55552K)->52962K(55552K)
[2024-08-15T12:43:48.621+0000][924.566s][info][gc          ] GC(154) Pause Young (Normal) (G1 Evacuation Pause) 9640M->3976M(12288M) 54.571ms
[2024-08-15T12:43:48.621+0000][924.566s][info][gc,cpu      ] GC(154) User=0.32s Sys=0.00s Real=0.05s
[2024-08-15T12:43:55.877+0000][931.822s][info][gc,start    ] GC(155) Pause Young (Normal) (G1 Evacuation Pause)
[2024-08-15T12:43:55.877+0000][931.822s][info][gc,task     ] GC(155) Using 6 workers of 6 for evacuation
[2024-08-15T12:43:55.929+0000][931.873s][info][gc,phases   ] GC(155)   Pre Evacuate Collection Set: 0.2ms
[2024-08-15T12:43:55.929+0000][931.873s][info][gc,phases   ] GC(155)   Merge Heap Roots: 0.2ms
[2024-08-15T12:43:55.929+0000][931.873s][info][gc,phases   ] GC(155)   Evacuate Collection Set: 48.7ms
[2024-08-15T12:43:55.929+0000][931.873s][info][gc,phases   ] GC(155)   Post Evacuate Collection Set: 2.2ms
[2024-08-15T12:43:55.929+0000][931.873s][info][gc,phases   ] GC(155)   Other: 0.2ms
[2024-08-15T12:43:55.929+0000][931.873s][info][gc,heap     ] GC(155) Eden regions: 707->0(703)
[2024-08-15T12:43:55.929+0000][931.873s][info][gc,heap     ] GC(155) Survivor regions: 22->24(92)
[2024-08-15T12:43:55.929+0000][931.873s][info][gc,heap     ] GC(155) Old regions: 407->407
[2024-08-15T12:43:55.929+0000][931.873s][info][gc,heap     ] GC(155) Archive regions: 2->2
[2024-08-15T12:43:55.929+0000][931.873s][info][gc,heap     ] GC(155) Humongous regions: 68->68
[2024-08-15T12:43:55.929+0000][931.873s][info][gc,metaspace] GC(155) Metaspace: 419573K(425728K)->419573K(425728K) NonClass: 366610K(370176K)->366610K(370176K) Class: 52962K(55552K)->52962K(55552K)
[2024-08-15T12:43:55.929+0000][931.873s][info][gc          ] GC(155) Pause Young (Normal) (G1 Evacuation Pause) 9632M->3991M(12288M) 51.498ms
[2024-08-15T12:43:55.929+0000][931.873s][info][gc,cpu      ] GC(155) User=0.31s Sys=0.00s Real=0.05s
[2024-08-15T12:44:03.111+0000][939.056s][info][gc,start    ] GC(156) Pause Young (Normal) (G1 Evacuation Pause)
[2024-08-15T12:44:03.111+0000][939.056s][info][gc,task     ] GC(156) Using 6 workers of 6 for evacuation
[2024-08-15T12:44:03.164+0000][939.109s][info][gc,phases   ] GC(156)   Pre Evacuate Collection Set: 0.2ms
[2024-08-15T12:44:03.164+0000][939.109s][info][gc,phases   ] GC(156)   Merge Heap Roots: 0.2ms
[2024-08-15T12:44:03.164+0000][939.109s][info][gc,phases   ] GC(156)   Evacuate Collection Set: 50.0ms
[2024-08-15T12:44:03.164+0000][939.109s][info][gc,phases   ] GC(156)   Post Evacuate Collection Set: 2.4ms
[2024-08-15T12:44:03.164+0000][939.109s][info][gc,phases   ] GC(156)   Other: 0.2ms
[2024-08-15T12:44:03.164+0000][939.109s][info][gc,heap     ] GC(156) Eden regions: 703->0(706)
[2024-08-15T12:44:03.164+0000][939.109s][info][gc,heap     ] GC(156) Survivor regions: 24->22(91)
[2024-08-15T12:44:03.164+0000][939.109s][info][gc,heap     ] GC(156) Old regions: 407->408
[2024-08-15T12:44:03.164+0000][939.109s][info][gc,heap     ] GC(156) Archive regions: 2->2
[2024-08-15T12:44:03.164+0000][939.109s][info][gc,heap     ] GC(156) Humongous regions: 68->68
[2024-08-15T12:44:03.164+0000][939.109s][info][gc,metaspace] GC(156) Metaspace: 419646K(425856K)->419646K(425856K) NonClass: 366683K(370304K)->366683K(370304K) Class: 52962K(55552K)->52962K(55552K)
[2024-08-15T12:44:03.164+0000][939.109s][info][gc          ] GC(156) Pause Young (Normal) (G1 Evacuation Pause) 9615M->3983M(12288M) 53.058ms
[2024-08-15T12:44:03.164+0000][939.109s][info][gc,cpu      ] GC(156) User=0.31s Sys=0.01s Real=0.06s
[2024-08-15T12:44:10.581+0000][946.526s][info][gc,start    ] GC(157) Pause Young (Normal) (G1 Evacuation Pause)
[2024-08-15T12:44:10.581+0000][946.526s][info][gc,task     ] GC(157) Using 6 workers of 6 for evacuation
[2024-08-15T12:44:10.635+0000][946.580s][info][gc,phases   ] GC(157)   Pre Evacuate Collection Set: 0.2ms
[2024-08-15T12:44:10.635+0000][946.580s][info][gc,phases   ] GC(157)   Merge Heap Roots: 0.2ms
[2024-08-15T12:44:10.635+0000][946.580s][info][gc,phases   ] GC(157)   Evacuate Collection Set: 51.1ms
[2024-08-15T12:44:10.635+0000][946.580s][info][gc,phases   ] GC(157)   Post Evacuate Collection Set: 2.2ms
[2024-08-15T12:44:10.635+0000][946.580s][info][gc,phases   ] GC(157)   Other: 0.2ms
[2024-08-15T12:44:10.635+0000][946.580s][info][gc,heap     ] GC(157) Eden regions: 706->0(703)
[2024-08-15T12:44:10.635+0000][946.580s][info][gc,heap     ] GC(157) Survivor regions: 22->23(91)
[2024-08-15T12:44:10.635+0000][946.580s][info][gc,heap     ] GC(157) Old regions: 408->409
[2024-08-15T12:44:10.635+0000][946.580s][info][gc,heap     ] GC(157) Archive regions: 2->2
[2024-08-15T12:44:10.635+0000][946.580s][info][gc,heap     ] GC(157) Humongous regions: 68->68
[2024-08-15T12:44:10.635+0000][946.580s][info][gc,metaspace] GC(157) Metaspace: 419658K(425856K)->419658K(425856K) NonClass: 366695K(370304K)->366695K(370304K) Class: 52962K(55552K)->52962K(55552K)
[2024-08-15T12:44:10.635+0000][946.580s][info][gc          ] GC(157) Pause Young (Normal) (G1 Evacuation Pause) 9631M->3997M(12288M) 54.015ms
[2024-08-15T12:44:10.635+0000][946.580s][info][gc,cpu      ] GC(157) User=0.31s Sys=0.00s Real=0.06s
[2024-08-15T12:44:17.869+0000][953.814s][info][gc,start    ] GC(158) Pause Young (Normal) (G1 Evacuation Pause)
[2024-08-15T12:44:17.869+0000][953.814s][info][gc,task     ] GC(158) Using 6 workers of 6 for evacuation
[2024-08-15T12:44:17.924+0000][953.868s][info][gc,phases   ] GC(158)   Pre Evacuate Collection Set: 0.2ms
[2024-08-15T12:44:17.924+0000][953.868s][info][gc,phases   ] GC(158)   Merge Heap Roots: 0.2ms
[2024-08-15T12:44:17.924+0000][953.868s][info][gc,phases   ] GC(158)   Evacuate Collection Set: 51.6ms
[2024-08-15T12:44:17.924+0000][953.868s][info][gc,phases   ] GC(158)   Post Evacuate Collection Set: 2.2ms
[2024-08-15T12:44:17.924+0000][953.868s][info][gc,phases   ] GC(158)   Other: 0.2ms
[2024-08-15T12:44:17.924+0000][953.868s][info][gc,heap     ] GC(158) Eden regions: 703->0(699)
[2024-08-15T12:44:17.924+0000][953.868s][info][gc,heap     ] GC(158) Survivor regions: 23->25(91)
[2024-08-15T12:44:17.924+0000][953.868s][info][gc,heap     ] GC(158) Old regions: 409->409
[2024-08-15T12:44:17.924+0000][953.868s][info][gc,heap     ] GC(158) Archive regions: 2->2
[2024-08-15T12:44:17.924+0000][953.868s][info][gc,heap     ] GC(158) Humongous regions: 68->68
[2024-08-15T12:44:17.924+0000][953.868s][info][gc,metaspace] GC(158) Metaspace: 419661K(425856K)->419661K(425856K) NonClass: 366698K(370304K)->366698K(370304K) Class: 52962K(55552K)->52962K(55552K)
[2024-08-15T12:44:17.924+0000][953.868s][info][gc          ] GC(158) Pause Young (Normal) (G1 Evacuation Pause) 9621M->4013M(12288M) 54.505ms
[2024-08-15T12:44:17.924+0000][953.868s][info][gc,cpu      ] GC(158) User=0.32s Sys=0.00s Real=0.06s
[2024-08-15T12:44:24.915+0000][960.859s][info][gc,start    ] GC(159) Pause Young (Normal) (G1 Evacuation Pause)
[2024-08-15T12:44:24.915+0000][960.859s][info][gc,task     ] GC(159) Using 6 workers of 6 for evacuation
[2024-08-15T12:44:24.967+0000][960.912s][info][gc,phases   ] GC(159)   Pre Evacuate Collection Set: 0.2ms
[2024-08-15T12:44:24.967+0000][960.912s][info][gc,phases   ] GC(159)   Merge Heap Roots: 0.2ms
[2024-08-15T12:44:24.967+0000][960.912s][info][gc,phases   ] GC(159)   Evacuate Collection Set: 49.8ms
[2024-08-15T12:44:24.967+0000][960.912s][info][gc,phases   ] GC(159)   Post Evacuate Collection Set: 2.2ms
[2024-08-15T12:44:24.967+0000][960.912s][info][gc,phases   ] GC(159)   Other: 0.2ms
[2024-08-15T12:44:24.967+0000][960.912s][info][gc,heap     ] GC(159) Eden regions: 699->0(702)
[2024-08-15T12:44:24.967+0000][960.912s][info][gc,heap     ] GC(159) Survivor regions: 25->23(91)
[2024-08-15T12:44:24.967+0000][960.912s][info][gc,heap     ] GC(159) Old regions: 409->410
[2024-08-15T12:44:24.967+0000][960.912s][info][gc,heap     ] GC(159) Archive regions: 2->2
[2024-08-15T12:44:24.967+0000][960.912s][info][gc,heap     ] GC(159) Humongous regions: 68->68
[2024-08-15T12:44:24.967+0000][960.912s][info][gc,metaspace] GC(159) Metaspace: 419663K(425856K)->419663K(425856K) NonClass: 366700K(370304K)->366700K(370304K) Class: 52962K(55552K)->52962K(55552K)
[2024-08-15T12:44:24.968+0000][960.912s][info][gc          ] GC(159) Pause Young (Normal) (G1 Evacuation Pause) 9605M->4005M(12288M) 52.704ms
[2024-08-15T12:44:24.968+0000][960.912s][info][gc,cpu      ] GC(159) User=0.30s Sys=0.01s Real=0.06s
[2024-08-15T12:44:32.238+0000][968.183s][info][gc,start    ] GC(160) Pause Young (Normal) (G1 Evacuation Pause)
[2024-08-15T12:44:32.238+0000][968.183s][info][gc,task     ] GC(160) Using 6 workers of 6 for evacuation
[2024-08-15T12:44:32.294+0000][968.238s][info][gc,phases   ] GC(160)   Pre Evacuate Collection Set: 0.2ms
[2024-08-15T12:44:32.294+0000][968.238s][info][gc,phases   ] GC(160)   Merge Heap Roots: 0.2ms
[2024-08-15T12:44:32.294+0000][968.238s][info][gc,phases   ] GC(160)   Evacuate Collection Set: 52.6ms
[2024-08-15T12:44:32.294+0000][968.238s][info][gc,phases   ] GC(160)   Post Evacuate Collection Set: 2.3ms
[2024-08-15T12:44:32.294+0000][968.238s][info][gc,phases   ] GC(160)   Other: 0.2ms
[2024-08-15T12:44:32.294+0000][968.238s][info][gc,heap     ] GC(160) Eden regions: 702->0(702)
[2024-08-15T12:44:32.294+0000][968.238s][info][gc,heap     ] GC(160) Survivor regions: 23->23(91)
[2024-08-15T12:44:32.294+0000][968.238s][info][gc,heap     ] GC(160) Old regions: 410->410
[2024-08-15T12:44:32.294+0000][968.238s][info][gc,heap     ] GC(160) Archive regions: 2->2
[2024-08-15T12:44:32.294+0000][968.238s][info][gc,heap     ] GC(160) Humongous regions: 68->68
[2024-08-15T12:44:32.294+0000][968.239s][info][gc,metaspace] GC(160) Metaspace: 419696K(425856K)->419696K(425856K) NonClass: 366732K(370304K)->366732K(370304K) Class: 52963K(55552K)->52963K(55552K)
[2024-08-15T12:44:32.294+0000][968.239s][info][gc          ] GC(160) Pause Young (Normal) (G1 Evacuation Pause) 9621M->4004M(12288M) 55.584ms
[2024-08-15T12:44:32.294+0000][968.239s][info][gc,cpu      ] GC(160) User=0.33s Sys=0.00s Real=0.05s
[2024-08-15T12:44:39.622+0000][975.567s][info][gc,start    ] GC(161) Pause Young (Normal) (G1 Evacuation Pause)
[2024-08-15T12:44:39.622+0000][975.567s][info][gc,task     ] GC(161) Using 6 workers of 6 for evacuation
[2024-08-15T12:44:39.676+0000][975.620s][info][gc,phases   ] GC(161)   Pre Evacuate Collection Set: 0.2ms
[2024-08-15T12:44:39.676+0000][975.620s][info][gc,phases   ] GC(161)   Merge Heap Roots: 0.2ms
[2024-08-15T12:44:39.676+0000][975.620s][info][gc,phases   ] GC(161)   Evacuate Collection Set: 50.4ms
[2024-08-15T12:44:39.676+0000][975.620s][info][gc,phases   ] GC(161)   Post Evacuate Collection Set: 2.2ms
[2024-08-15T12:44:39.676+0000][975.620s][info][gc,phases   ] GC(161)   Other: 0.2ms
[2024-08-15T12:44:39.676+0000][975.620s][info][gc,heap     ] GC(161) Eden regions: 702->0(700)
[2024-08-15T12:44:39.676+0000][975.620s][info][gc,heap     ] GC(161) Survivor regions: 23->24(91)
[2024-08-15T12:44:39.676+0000][975.620s][info][gc,heap     ] GC(161) Old regions: 410->410
[2024-08-15T12:44:39.676+0000][975.620s][info][gc,heap     ] GC(161) Archive regions: 2->2
[2024-08-15T12:44:39.676+0000][975.620s][info][gc,heap     ] GC(161) Humongous regions: 68->68
[2024-08-15T12:44:39.676+0000][975.620s][info][gc,metaspace] GC(161) Metaspace: 419710K(425856K)->419710K(425856K) NonClass: 366746K(370304K)->366746K(370304K) Class: 52963K(55552K)->52963K(55552K)
[2024-08-15T12:44:39.676+0000][975.620s][info][gc          ] GC(161) Pause Young (Normal) (G1 Evacuation Pause) 9620M->4016M(12288M) 53.275ms
[2024-08-15T12:44:39.676+0000][975.620s][info][gc,cpu      ] GC(161) User=0.31s Sys=0.01s Real=0.06s
[2024-08-15T12:44:46.997+0000][982.942s][info][gc,start    ] GC(162) Pause Young (Normal) (G1 Evacuation Pause)
[2024-08-15T12:44:46.997+0000][982.942s][info][gc,task     ] GC(162) Using 6 workers of 6 for evacuation
[2024-08-15T12:44:47.063+0000][983.008s][info][gc,phases   ] GC(162)   Pre Evacuate Collection Set: 0.2ms
[2024-08-15T12:44:47.063+0000][983.008s][info][gc,phases   ] GC(162)   Merge Heap Roots: 0.2ms
[2024-08-15T12:44:47.063+0000][983.008s][info][gc,phases   ] GC(162)   Evacuate Collection Set: 62.8ms
[2024-08-15T12:44:47.063+0000][983.008s][info][gc,phases   ] GC(162)   Post Evacuate Collection Set: 2.4ms
[2024-08-15T12:44:47.063+0000][983.008s][info][gc,phases   ] GC(162)   Other: 0.2ms
[2024-08-15T12:44:47.063+0000][983.008s][info][gc,heap     ] GC(162) Eden regions: 700->0(700)
[2024-08-15T12:44:47.063+0000][983.008s][info][gc,heap     ] GC(162) Survivor regions: 24->23(91)
[2024-08-15T12:44:47.063+0000][983.008s][info][gc,heap     ] GC(162) Old regions: 410->412
[2024-08-15T12:44:47.063+0000][983.008s][info][gc,heap     ] GC(162) Archive regions: 2->2
[2024-08-15T12:44:47.063+0000][983.008s][info][gc,heap     ] GC(162) Humongous regions: 68->68
[2024-08-15T12:44:47.063+0000][983.008s][info][gc,metaspace] GC(162) Metaspace: 419746K(425920K)->419746K(425920K) NonClass: 366777K(370368K)->366777K(370368K) Class: 52968K(55552K)->52968K(55552K)
[2024-08-15T12:44:47.063+0000][983.008s][info][gc          ] GC(162) Pause Young (Normal) (G1 Evacuation Pause) 9616M->4028M(12288M) 65.963ms
[2024-08-15T12:44:47.063+0000][983.008s][info][gc,cpu      ] GC(162) User=0.39s Sys=0.01s Real=0.07s
[2024-08-15T12:44:51.846+0000][987.790s][info][gc,start    ] GC(163) Pause Young (Normal) (G1 Evacuation Pause)
[2024-08-15T12:44:51.846+0000][987.790s][info][gc,task     ] GC(163) Using 6 workers of 6 for evacuation
[2024-08-15T12:44:51.917+0000][987.862s][info][gc,phases   ] GC(163)   Pre Evacuate Collection Set: 0.2ms
[2024-08-15T12:44:51.917+0000][987.862s][info][gc,phases   ] GC(163)   Merge Heap Roots: 0.2ms
[2024-08-15T12:44:51.917+0000][987.862s][info][gc,phases   ] GC(163)   Evacuate Collection Set: 63.9ms
[2024-08-15T12:44:51.917+0000][987.862s][info][gc,phases   ] GC(163)   Post Evacuate Collection Set: 6.8ms
[2024-08-15T12:44:51.917+0000][987.862s][info][gc,phases   ] GC(163)   Other: 0.3ms
[2024-08-15T12:44:51.917+0000][987.862s][info][gc,heap     ] GC(163) Eden regions: 700->0(697)
[2024-08-15T12:44:51.917+0000][987.862s][info][gc,heap     ] GC(163) Survivor regions: 23->24(91)
[2024-08-15T12:44:51.917+0000][987.862s][info][gc,heap     ] GC(163) Old regions: 412->413
[2024-08-15T12:44:51.917+0000][987.862s][info][gc,heap     ] GC(163) Archive regions: 2->2
[2024-08-15T12:44:51.917+0000][987.862s][info][gc,heap     ] GC(163) Humongous regions: 68->68
[2024-08-15T12:44:51.917+0000][987.862s][info][gc,metaspace] GC(163) Metaspace: 419747K(425920K)->419747K(425920K) NonClass: 366778K(370368K)->366778K(370368K) Class: 52968K(55552K)->52968K(55552K)
[2024-08-15T12:44:51.917+0000][987.862s][info][gc          ] GC(163) Pause Young (Normal) (G1 Evacuation Pause) 9628M->4038M(12288M) 71.469ms
[2024-08-15T12:44:51.917+0000][987.862s][info][gc,cpu      ] GC(163) User=0.42s Sys=0.00s Real=0.07s
[2024-08-15T12:44:54.053+0000][989.997s][info][gc,start    ] GC(164) Pause Young (Normal) (G1 Evacuation Pause)
[2024-08-15T12:44:54.053+0000][989.997s][info][gc,task     ] GC(164) Using 6 workers of 6 for evacuation
[2024-08-15T12:44:54.156+0000][990.101s][info][gc,phases   ] GC(164)   Pre Evacuate Collection Set: 0.2ms
[2024-08-15T12:44:54.156+0000][990.101s][info][gc,phases   ] GC(164)   Merge Heap Roots: 0.2ms
[2024-08-15T12:44:54.156+0000][990.101s][info][gc,phases   ] GC(164)   Evacuate Collection Set: 87.0ms
[2024-08-15T12:44:54.156+0000][990.101s][info][gc,phases   ] GC(164)   Post Evacuate Collection Set: 16.2ms
[2024-08-15T12:44:54.156+0000][990.101s][info][gc,phases   ] GC(164)   Other: 0.2ms
[2024-08-15T12:44:54.156+0000][990.101s][info][gc,heap     ] GC(164) Eden regions: 697->0(688)
[2024-08-15T12:44:54.156+0000][990.101s][info][gc,heap     ] GC(164) Survivor regions: 24->28(91)
[2024-08-15T12:44:54.156+0000][990.101s][info][gc,heap     ] GC(164) Old regions: 413->414
[2024-08-15T12:44:54.156+0000][990.101s][info][gc,heap     ] GC(164) Archive regions: 2->2
[2024-08-15T12:44:54.156+0000][990.101s][info][gc,heap     ] GC(164) Humongous regions: 68->68
[2024-08-15T12:44:54.156+0000][990.101s][info][gc,metaspace] GC(164) Metaspace: 419748K(425920K)->419748K(425920K) NonClass: 366780K(370368K)->366780K(370368K) Class: 52968K(55552K)->52968K(55552K)
[2024-08-15T12:44:54.156+0000][990.101s][info][gc          ] GC(164) Pause Young (Normal) (G1 Evacuation Pause) 9614M->4076M(12288M) 103.846ms
[2024-08-15T12:44:54.157+0000][990.101s][info][gc,cpu      ] GC(164) User=0.61s Sys=0.00s Real=0.11s
[2024-08-15T12:44:56.401+0000][992.346s][info][gc,start    ] GC(165) Pause Young (Normal) (G1 Evacuation Pause)
[2024-08-15T12:44:56.401+0000][992.346s][info][gc,task     ] GC(165) Using 6 workers of 6 for evacuation
[2024-08-15T12:44:56.532+0000][992.476s][info][gc,phases   ] GC(165)   Pre Evacuate Collection Set: 0.2ms
[2024-08-15T12:44:56.532+0000][992.476s][info][gc,phases   ] GC(165)   Merge Heap Roots: 0.2ms
[2024-08-15T12:44:56.532+0000][992.476s][info][gc,phases   ] GC(165)   Evacuate Collection Set: 110.1ms
[2024-08-15T12:44:56.532+0000][992.476s][info][gc,phases   ] GC(165)   Post Evacuate Collection Set: 20.0ms
[2024-08-15T12:44:56.532+0000][992.476s][info][gc,phases   ] GC(165)   Other: 0.2ms
[2024-08-15T12:44:56.532+0000][992.476s][info][gc,heap     ] GC(165) Eden regions: 688->0(677)
[2024-08-15T12:44:56.532+0000][992.476s][info][gc,heap     ] GC(165) Survivor regions: 28->33(90)
[2024-08-15T12:44:56.532+0000][992.476s][info][gc,heap     ] GC(165) Old regions: 414->415
[2024-08-15T12:44:56.532+0000][992.476s][info][gc,heap     ] GC(165) Archive regions: 2->2
[2024-08-15T12:44:56.532+0000][992.476s][info][gc,heap     ] GC(165) Humongous regions: 68->68
[2024-08-15T12:44:56.532+0000][992.476s][info][gc,metaspace] GC(165) Metaspace: 419750K(425920K)->419750K(425920K) NonClass: 366782K(370368K)->366782K(370368K) Class: 52968K(55552K)->52968K(55552K)
[2024-08-15T12:44:56.532+0000][992.476s][info][gc          ] GC(165) Pause Young (Normal) (G1 Evacuation Pause) 9580M->4121M(12288M) 130.735ms
[2024-08-15T12:44:56.532+0000][992.476s][info][gc,cpu      ] GC(165) User=0.77s Sys=0.00s Real=0.13s
[2024-08-15T12:44:58.685+0000][994.630s][info][gc,start    ] GC(166) Pause Young (Normal) (G1 Evacuation Pause)
[2024-08-15T12:44:58.685+0000][994.630s][info][gc,task     ] GC(166) Using 6 workers of 6 for evacuation
[2024-08-15T12:44:58.839+0000][994.784s][info][gc,phases   ] GC(166)   Pre Evacuate Collection Set: 0.2ms
[2024-08-15T12:44:58.839+0000][994.784s][info][gc,phases   ] GC(166)   Merge Heap Roots: 0.3ms
[2024-08-15T12:44:58.839+0000][994.784s][info][gc,phases   ] GC(166)   Evacuate Collection Set: 128.6ms
[2024-08-15T12:44:58.839+0000][994.784s][info][gc,phases   ] GC(166)   Post Evacuate Collection Set: 25.0ms
[2024-08-15T12:44:58.839+0000][994.784s][info][gc,phases   ] GC(166)   Other: 0.2ms
[2024-08-15T12:44:58.839+0000][994.784s][info][gc,heap     ] GC(166) Eden regions: 677->0(673)
[2024-08-15T12:44:58.839+0000][994.784s][info][gc,heap     ] GC(166) Survivor regions: 33->35(89)
[2024-08-15T12:44:58.839+0000][994.784s][info][gc,heap     ] GC(166) Old regions: 415->415
[2024-08-15T12:44:58.839+0000][994.784s][info][gc,heap     ] GC(166) Archive regions: 2->2
[2024-08-15T12:44:58.839+0000][994.784s][info][gc,heap     ] GC(166) Humongous regions: 68->68
[2024-08-15T12:44:58.839+0000][994.784s][info][gc,metaspace] GC(166) Metaspace: 419750K(425920K)->419750K(425920K) NonClass: 366782K(370368K)->366782K(370368K) Class: 52968K(55552K)->52968K(55552K)
[2024-08-15T12:44:58.839+0000][994.784s][info][gc          ] GC(166) Pause Young (Normal) (G1 Evacuation Pause) 9537M->4144M(12288M) 154.418ms
[2024-08-15T12:44:58.839+0000][994.784s][info][gc,cpu      ] GC(166) User=0.90s Sys=0.00s Real=0.15s
[2024-08-15T12:45:01.158+0000][997.103s][info][gc,start    ] GC(167) Pause Young (Normal) (G1 Evacuation Pause)
[2024-08-15T12:45:01.158+0000][997.103s][info][gc,task     ] GC(167) Using 6 workers of 6 for evacuation
[2024-08-15T12:45:01.325+0000][997.269s][info][gc,phases   ] GC(167)   Pre Evacuate Collection Set: 0.2ms
[2024-08-15T12:45:01.325+0000][997.269s][info][gc,phases   ] GC(167)   Merge Heap Roots: 0.3ms
[2024-08-15T12:45:01.325+0000][997.269s][info][gc,phases   ] GC(167)   Evacuate Collection Set: 140.1ms
[2024-08-15T12:45:01.325+0000][997.269s][info][gc,phases   ] GC(167)   Post Evacuate Collection Set: 25.7ms
[2024-08-15T12:45:01.325+0000][997.269s][info][gc,phases   ] GC(167)   Other: 0.2ms
[2024-08-15T12:45:01.325+0000][997.269s][info][gc,heap     ] GC(167) Eden regions: 673->0(664)
[2024-08-15T12:45:01.325+0000][997.269s][info][gc,heap     ] GC(167) Survivor regions: 35->39(89)
[2024-08-15T12:45:01.325+0000][997.269s][info][gc,heap     ] GC(167) Old regions: 415->416
[2024-08-15T12:45:01.325+0000][997.269s][info][gc,heap     ] GC(167) Archive regions: 2->2
[2024-08-15T12:45:01.325+0000][997.269s][info][gc,heap     ] GC(167) Humongous regions: 68->68
[2024-08-15T12:45:01.325+0000][997.269s][info][gc,metaspace] GC(167) Metaspace: 419778K(425920K)->419778K(425920K) NonClass: 366808K(370368K)->366808K(370368K) Class: 52969K(55552K)->52969K(55552K)
[2024-08-15T12:45:01.325+0000][997.269s][info][gc          ] GC(167) Pause Young (Normal) (G1 Evacuation Pause) 9528M->4184M(12288M) 166.496ms
[2024-08-15T12:45:01.325+0000][997.269s][info][gc,cpu      ] GC(167) User=0.98s Sys=0.00s Real=0.17s
[2024-08-15T12:45:03.456+0000][999.401s][info][gc,start    ] GC(168) Pause Young (Normal) (G1 Evacuation Pause)
[2024-08-15T12:45:03.456+0000][999.401s][info][gc,task     ] GC(168) Using 6 workers of 6 for evacuation
[2024-08-15T12:45:03.633+0000][999.578s][info][gc,phases   ] GC(168)   Pre Evacuate Collection Set: 0.2ms
[2024-08-15T12:45:03.633+0000][999.578s][info][gc,phases   ] GC(168)   Merge Heap Roots: 0.3ms
[2024-08-15T12:45:03.633+0000][999.578s][info][gc,phases   ] GC(168)   Evacuate Collection Set: 151.1ms
[2024-08-15T12:45:03.633+0000][999.578s][info][gc,phases   ] GC(168)   Post Evacuate Collection Set: 25.3ms
[2024-08-15T12:45:03.633+0000][999.578s][info][gc,phases   ] GC(168)   Other: 0.2ms
[2024-08-15T12:45:03.633+0000][999.578s][info][gc,heap     ] GC(168) Eden regions: 664->0(655)
[2024-08-15T12:45:03.633+0000][999.578s][info][gc,heap     ] GC(168) Survivor regions: 39->43(88)
[2024-08-15T12:45:03.633+0000][999.578s][info][gc,heap     ] GC(168) Old regions: 416->417
[2024-08-15T12:45:03.633+0000][999.578s][info][gc,heap     ] GC(168) Archive regions: 2->2
[2024-08-15T12:45:03.633+0000][999.578s][info][gc,heap     ] GC(168) Humongous regions: 68->68
[2024-08-15T12:45:03.633+0000][999.578s][info][gc,metaspace] GC(168) Metaspace: 419789K(425920K)->419789K(425920K) NonClass: 366819K(370368K)->366819K(370368K) Class: 52969K(55552K)->52969K(55552K)
[2024-08-15T12:45:03.633+0000][999.578s][info][gc          ] GC(168) Pause Young (Normal) (G1 Evacuation Pause) 9496M->4222M(12288M) 177.173ms
[2024-08-15T12:45:03.633+0000][999.578s][info][gc,cpu      ] GC(168) User=1.03s Sys=0.00s Real=0.17s
[2024-08-15T12:45:05.673+0000][1001.618s][info][gc,start    ] GC(169) Pause Young (Normal) (G1 Evacuation Pause)
[2024-08-15T12:45:05.673+0000][1001.618s][info][gc,task     ] GC(169) Using 6 workers of 6 for evacuation
[2024-08-15T12:45:05.859+0000][1001.803s][info][gc,phases   ] GC(169)   Pre Evacuate Collection Set: 0.2ms
[2024-08-15T12:45:05.859+0000][1001.804s][info][gc,phases   ] GC(169)   Merge Heap Roots: 0.3ms
[2024-08-15T12:45:05.859+0000][1001.804s][info][gc,phases   ] GC(169)   Evacuate Collection Set: 162.3ms
[2024-08-15T12:45:05.859+0000][1001.804s][info][gc,phases   ] GC(169)   Post Evacuate Collection Set: 22.9ms
[2024-08-15T12:45:05.859+0000][1001.804s][info][gc,phases   ] GC(169)   Other: 0.2ms
[2024-08-15T12:45:05.859+0000][1001.804s][info][gc,heap     ] GC(169) Eden regions: 655->0(648)
[2024-08-15T12:45:05.859+0000][1001.804s][info][gc,heap     ] GC(169) Survivor regions: 43->46(88)
[2024-08-15T12:45:05.859+0000][1001.804s][info][gc,heap     ] GC(169) Old regions: 417->418
[2024-08-15T12:45:05.859+0000][1001.804s][info][gc,heap     ] GC(169) Archive regions: 2->2
[2024-08-15T12:45:05.859+0000][1001.804s][info][gc,heap     ] GC(169) Humongous regions: 68->68
[2024-08-15T12:45:05.859+0000][1001.804s][info][gc,metaspace] GC(169) Metaspace: 419789K(425920K)->419789K(425920K) NonClass: 366819K(370368K)->366819K(370368K) Class: 52969K(55552K)->52969K(55552K)
[2024-08-15T12:45:05.859+0000][1001.804s][info][gc          ] GC(169) Pause Young (Normal) (G1 Evacuation Pause) 9462M->4253M(12288M) 186.007ms
[2024-08-15T12:45:05.859+0000][1001.804s][info][gc,cpu      ] GC(169) User=1.09s Sys=0.00s Real=0.19s
[2024-08-15T12:45:07.857+0000][1003.801s][info][gc,start    ] GC(170) Pause Young (Normal) (G1 Evacuation Pause)
[2024-08-15T12:45:07.857+0000][1003.801s][info][gc,task     ] GC(170) Using 6 workers of 6 for evacuation
[2024-08-15T12:45:08.058+0000][1004.003s][info][gc,mmu      ] GC(170) MMU target violated: 201.0ms (200.0ms/201.0ms)
[2024-08-15T12:45:08.058+0000][1004.003s][info][gc,phases   ] GC(170)   Pre Evacuate Collection Set: 0.2ms
[2024-08-15T12:45:08.058+0000][1004.003s][info][gc,phases   ] GC(170)   Merge Heap Roots: 0.3ms
[2024-08-15T12:45:08.058+0000][1004.003s][info][gc,phases   ] GC(170)   Evacuate Collection Set: 176.8ms
[2024-08-15T12:45:08.058+0000][1004.003s][info][gc,phases   ] GC(170)   Post Evacuate Collection Set: 24.1ms
[2024-08-15T12:45:08.058+0000][1004.003s][info][gc,phases   ] GC(170)   Other: 0.3ms
[2024-08-15T12:45:08.058+0000][1004.003s][info][gc,heap     ] GC(170) Eden regions: 648->0(359)
[2024-08-15T12:45:08.058+0000][1004.003s][info][gc,heap     ] GC(170) Survivor regions: 46->49(87)
[2024-08-15T12:45:08.058+0000][1004.003s][info][gc,heap     ] GC(170) Old regions: 418->419
[2024-08-15T12:45:08.058+0000][1004.003s][info][gc,heap     ] GC(170) Archive regions: 2->2
[2024-08-15T12:45:08.058+0000][1004.003s][info][gc,heap     ] GC(170) Humongous regions: 68->68
[2024-08-15T12:45:08.058+0000][1004.003s][info][gc,metaspace] GC(170) Metaspace: 419789K(425920K)->419789K(425920K) NonClass: 366819K(370368K)->366819K(370368K) Class: 52969K(55552K)->52969K(55552K)
[2024-08-15T12:45:08.058+0000][1004.003s][info][gc          ] GC(170) Pause Young (Normal) (G1 Evacuation Pause) 9437M->4288M(12288M) 201.666ms
[2024-08-15T12:45:08.058+0000][1004.003s][info][gc,cpu      ] GC(170) User=1.19s Sys=0.00s Real=0.20s
[2024-08-15T12:45:09.320+0000][1005.265s][info][gc,start    ] GC(171) Pause Young (Normal) (G1 Evacuation Pause)
[2024-08-15T12:45:09.320+0000][1005.265s][info][gc,task     ] GC(171) Using 6 workers of 6 for evacuation
[2024-08-15T12:45:09.524+0000][1005.469s][info][gc,mmu      ] GC(171) MMU target violated: 201.0ms (200.0ms/201.0ms)
[2024-08-15T12:45:09.524+0000][1005.469s][info][gc,phases   ] GC(171)   Pre Evacuate Collection Set: 0.2ms
[2024-08-15T12:45:09.524+0000][1005.469s][info][gc,phases   ] GC(171)   Merge Heap Roots: 0.3ms
[2024-08-15T12:45:09.524+0000][1005.469s][info][gc,phases   ] GC(171)   Evacuate Collection Set: 187.4ms
[2024-08-15T12:45:09.524+0000][1005.469s][info][gc,phases   ] GC(171)   Post Evacuate Collection Set: 15.8ms
[2024-08-15T12:45:09.524+0000][1005.469s][info][gc,phases   ] GC(171)   Other: 0.3ms
[2024-08-15T12:45:09.524+0000][1005.469s][info][gc,heap     ] GC(171) Eden regions: 359->0(664)
[2024-08-15T12:45:09.524+0000][1005.469s][info][gc,heap     ] GC(171) Survivor regions: 49->25(51)
[2024-08-15T12:45:09.524+0000][1005.469s][info][gc,heap     ] GC(171) Old regions: 419->444
[2024-08-15T12:45:09.524+0000][1005.469s][info][gc,heap     ] GC(171) Archive regions: 2->2
[2024-08-15T12:45:09.524+0000][1005.469s][info][gc,heap     ] GC(171) Humongous regions: 68->68
[2024-08-15T12:45:09.524+0000][1005.469s][info][gc,metaspace] GC(171) Metaspace: 419789K(425920K)->419789K(425920K) NonClass: 366820K(370368K)->366820K(370368K) Class: 52969K(55552K)->52969K(55552K)
[2024-08-15T12:45:09.524+0000][1005.469s][info][gc          ] GC(171) Pause Young (Normal) (G1 Evacuation Pause) 7160M->4299M(12288M) 204.011ms
[2024-08-15T12:45:09.524+0000][1005.469s][info][gc,cpu      ] GC(171) User=1.11s Sys=0.09s Real=0.21s
[2024-08-15T12:45:15.224+0000][1011.169s][info][gc,start    ] GC(172) Pause Young (Normal) (G1 Evacuation Pause)
[2024-08-15T12:45:15.224+0000][1011.169s][info][gc,task     ] GC(172) Using 6 workers of 6 for evacuation
[2024-08-15T12:45:15.340+0000][1011.285s][info][gc,phases   ] GC(172)   Pre Evacuate Collection Set: 0.2ms
[2024-08-15T12:45:15.340+0000][1011.285s][info][gc,phases   ] GC(172)   Merge Heap Roots: 0.3ms
[2024-08-15T12:45:15.340+0000][1011.285s][info][gc,phases   ] GC(172)   Evacuate Collection Set: 107.3ms
[2024-08-15T12:45:15.340+0000][1011.285s][info][gc,phases   ] GC(172)   Post Evacuate Collection Set: 8.4ms
[2024-08-15T12:45:15.340+0000][1011.285s][info][gc,phases   ] GC(172)   Other: 0.2ms
[2024-08-15T12:45:15.340+0000][1011.285s][info][gc,heap     ] GC(172) Eden regions: 664->0(658)
[2024-08-15T12:45:15.340+0000][1011.285s][info][gc,heap     ] GC(172) Survivor regions: 25->28(87)
[2024-08-15T12:45:15.340+0000][1011.285s][info][gc,heap     ] GC(172) Old regions: 444->444
[2024-08-15T12:45:15.340+0000][1011.285s][info][gc,heap     ] GC(172) Archive regions: 2->2
[2024-08-15T12:45:15.340+0000][1011.285s][info][gc,heap     ] GC(172) Humongous regions: 68->68
[2024-08-15T12:45:15.340+0000][1011.285s][info][gc,metaspace] GC(172) Metaspace: 419795K(425920K)->419795K(425920K) NonClass: 366825K(370368K)->366825K(370368K) Class: 52969K(55552K)->52969K(55552K)
[2024-08-15T12:45:15.340+0000][1011.285s][info][gc          ] GC(172) Pause Young (Normal) (G1 Evacuation Pause) 9611M->4323M(12288M) 116.377ms
[2024-08-15T12:45:15.341+0000][1011.285s][info][gc,cpu      ] GC(172) User=0.69s Sys=0.00s Real=0.11s
[2024-08-15T12:45:22.361+0000][1018.305s][info][gc,start    ] GC(173) Pause Young (Normal) (G1 Evacuation Pause)
[2024-08-15T12:45:22.361+0000][1018.305s][info][gc,task     ] GC(173) Using 6 workers of 6 for evacuation
[2024-08-15T12:45:22.462+0000][1018.407s][info][gc,phases   ] GC(173)   Pre Evacuate Collection Set: 0.2ms
[2024-08-15T12:45:22.462+0000][1018.407s][info][gc,phases   ] GC(173)   Merge Heap Roots: 0.3ms
[2024-08-15T12:45:22.462+0000][1018.407s][info][gc,phases   ] GC(173)   Evacuate Collection Set: 98.7ms
[2024-08-15T12:45:22.462+0000][1018.407s][info][gc,phases   ] GC(173)   Post Evacuate Collection Set: 2.2ms
[2024-08-15T12:45:22.462+0000][1018.407s][info][gc,phases   ] GC(173)   Other: 0.2ms
[2024-08-15T12:45:22.462+0000][1018.407s][info][gc,heap     ] GC(173) Eden regions: 658->0(654)
[2024-08-15T12:45:22.462+0000][1018.407s][info][gc,heap     ] GC(173) Survivor regions: 28->30(86)
[2024-08-15T12:45:22.462+0000][1018.407s][info][gc,heap     ] GC(173) Old regions: 444->444
[2024-08-15T12:45:22.462+0000][1018.407s][info][gc,heap     ] GC(173) Archive regions: 2->2
[2024-08-15T12:45:22.462+0000][1018.407s][info][gc,heap     ] GC(173) Humongous regions: 68->68
[2024-08-15T12:45:22.462+0000][1018.407s][info][gc,metaspace] GC(173) Metaspace: 419796K(425920K)->419796K(425920K) NonClass: 366826K(370368K)->366826K(370368K) Class: 52969K(55552K)->52969K(55552K)
[2024-08-15T12:45:22.462+0000][1018.407s][info][gc          ] GC(173) Pause Young (Normal) (G1 Evacuation Pause) 9587M->4339M(12288M) 101.713ms
[2024-08-15T12:45:22.462+0000][1018.407s][info][gc,cpu      ] GC(173) User=0.61s Sys=0.00s Real=0.10s
[2024-08-15T12:45:29.538+0000][1025.482s][info][gc,start    ] GC(174) Pause Young (Normal) (G1 Evacuation Pause)
[2024-08-15T12:45:29.538+0000][1025.482s][info][gc,task     ] GC(174) Using 6 workers of 6 for evacuation
[2024-08-15T12:45:29.642+0000][1025.587s][info][gc,phases   ] GC(174)   Pre Evacuate Collection Set: 0.2ms
[2024-08-15T12:45:29.642+0000][1025.587s][info][gc,phases   ] GC(174)   Merge Heap Roots: 0.3ms
[2024-08-15T12:45:29.642+0000][1025.587s][info][gc,phases   ] GC(174)   Evacuate Collection Set: 101.6ms
[2024-08-15T12:45:29.642+0000][1025.587s][info][gc,phases   ] GC(174)   Post Evacuate Collection Set: 2.2ms
[2024-08-15T12:45:29.642+0000][1025.587s][info][gc,phases   ] GC(174)   Other: 0.3ms
[2024-08-15T12:45:29.642+0000][1025.587s][info][gc,heap     ] GC(174) Eden regions: 654->0(646)
[2024-08-15T12:45:29.642+0000][1025.587s][info][gc,heap     ] GC(174) Survivor regions: 30->34(86)
[2024-08-15T12:45:29.642+0000][1025.587s][info][gc,heap     ] GC(174) Old regions: 444->444
[2024-08-15T12:45:29.642+0000][1025.587s][info][gc,heap     ] GC(174) Archive regions: 2->2
[2024-08-15T12:45:29.642+0000][1025.587s][info][gc,heap     ] GC(174) Humongous regions: 68->68
[2024-08-15T12:45:29.642+0000][1025.587s][info][gc,metaspace] GC(174) Metaspace: 419808K(425920K)->419808K(425920K) NonClass: 366838K(370368K)->366838K(370368K) Class: 52969K(55552K)->52969K(55552K)
[2024-08-15T12:45:29.642+0000][1025.587s][info][gc          ] GC(174) Pause Young (Normal) (G1 Evacuation Pause) 9571M->4367M(12288M) 104.562ms
[2024-08-15T12:45:29.642+0000][1025.587s][info][gc,cpu      ] GC(174) User=0.62s Sys=0.00s Real=0.10s
[2024-08-15T12:45:36.590+0000][1032.535s][info][gc,start    ] GC(175) Pause Young (Normal) (G1 Evacuation Pause)
[2024-08-15T12:45:36.590+0000][1032.535s][info][gc,task     ] GC(175) Using 6 workers of 6 for evacuation
[2024-08-15T12:45:36.703+0000][1032.647s][info][gc,phases   ] GC(175)   Pre Evacuate Collection Set: 0.2ms
[2024-08-15T12:45:36.703+0000][1032.647s][info][gc,phases   ] GC(175)   Merge Heap Roots: 0.3ms
[2024-08-15T12:45:36.703+0000][1032.647s][info][gc,phases   ] GC(175)   Evacuate Collection Set: 109.4ms
[2024-08-15T12:45:36.703+0000][1032.647s][info][gc,phases   ] GC(175)   Post Evacuate Collection Set: 2.2ms
[2024-08-15T12:45:36.703+0000][1032.647s][info][gc,phases   ] GC(175)   Other: 0.2ms
[2024-08-15T12:45:36.703+0000][1032.647s][info][gc,heap     ] GC(175) Eden regions: 646->0(642)
[2024-08-15T12:45:36.703+0000][1032.647s][info][gc,heap     ] GC(175) Survivor regions: 34->36(85)
[2024-08-15T12:45:36.703+0000][1032.647s][info][gc,heap     ] GC(175) Old regions: 444->444
[2024-08-15T12:45:36.703+0000][1032.647s][info][gc,heap     ] GC(175) Archive regions: 2->2
[2024-08-15T12:45:36.703+0000][1032.647s][info][gc,heap     ] GC(175) Humongous regions: 68->68
[2024-08-15T12:45:36.703+0000][1032.647s][info][gc,metaspace] GC(175) Metaspace: 419809K(425920K)->419809K(425920K) NonClass: 366840K(370368K)->366840K(370368K) Class: 52969K(55552K)->52969K(55552K)
[2024-08-15T12:45:36.703+0000][1032.647s][info][gc          ] GC(175) Pause Young (Normal) (G1 Evacuation Pause) 9535M->4387M(12288M) 112.411ms
[2024-08-15T12:45:36.703+0000][1032.648s][info][gc,cpu      ] GC(175) User=0.67s Sys=0.00s Real=0.11s
[2024-08-15T12:45:43.552+0000][1039.497s][info][gc,start    ] GC(176) Pause Young (Normal) (G1 Evacuation Pause)
[2024-08-15T12:45:43.552+0000][1039.497s][info][gc,task     ] GC(176) Using 6 workers of 6 for evacuation
[2024-08-15T12:45:43.667+0000][1039.612s][info][gc,phases   ] GC(176)   Pre Evacuate Collection Set: 0.2ms
[2024-08-15T12:45:43.667+0000][1039.612s][info][gc,phases   ] GC(176)   Merge Heap Roots: 0.3ms
[2024-08-15T12:45:43.667+0000][1039.612s][info][gc,phases   ] GC(176)   Evacuate Collection Set: 112.1ms
[2024-08-15T12:45:43.667+0000][1039.612s][info][gc,phases   ] GC(176)   Post Evacuate Collection Set: 2.3ms
[2024-08-15T12:45:43.667+0000][1039.612s][info][gc,phases   ] GC(176)   Other: 0.2ms
[2024-08-15T12:45:43.667+0000][1039.612s][info][gc,heap     ] GC(176) Eden regions: 642->0(642)
[2024-08-15T12:45:43.667+0000][1039.612s][info][gc,heap     ] GC(176) Survivor regions: 36->36(85)
[2024-08-15T12:45:43.667+0000][1039.612s][info][gc,heap     ] GC(176) Old regions: 444->444
[2024-08-15T12:45:43.667+0000][1039.612s][info][gc,heap     ] GC(176) Archive regions: 2->2
[2024-08-15T12:45:43.667+0000][1039.612s][info][gc,heap     ] GC(176) Humongous regions: 68->68
[2024-08-15T12:45:43.667+0000][1039.612s][info][gc,metaspace] GC(176) Metaspace: 419827K(425984K)->419827K(425984K) NonClass: 366857K(370432K)->366857K(370432K) Class: 52970K(55552K)->52970K(55552K)
[2024-08-15T12:45:43.668+0000][1039.612s][info][gc          ] GC(176) Pause Young (Normal) (G1 Evacuation Pause) 9523M->4387M(12288M) 115.203ms
[2024-08-15T12:45:43.668+0000][1039.612s][info][gc,cpu      ] GC(176) User=0.69s Sys=0.00s Real=0.12s
[2024-08-15T12:45:50.619+0000][1046.564s][info][gc,start    ] GC(177) Pause Young (Normal) (G1 Evacuation Pause)
[2024-08-15T12:45:50.619+0000][1046.564s][info][gc,task     ] GC(177) Using 6 workers of 6 for evacuation
[2024-08-15T12:45:50.737+0000][1046.681s][info][gc,phases   ] GC(177)   Pre Evacuate Collection Set: 0.2ms
[2024-08-15T12:45:50.737+0000][1046.681s][info][gc,phases   ] GC(177)   Merge Heap Roots: 0.3ms
[2024-08-15T12:45:50.737+0000][1046.681s][info][gc,phases   ] GC(177)   Evacuate Collection Set: 114.7ms
[2024-08-15T12:45:50.737+0000][1046.681s][info][gc,phases   ] GC(177)   Post Evacuate Collection Set: 2.3ms
[2024-08-15T12:45:50.737+0000][1046.681s][info][gc,phases   ] GC(177)   Other: 0.2ms
[2024-08-15T12:45:50.737+0000][1046.681s][info][gc,heap     ] GC(177) Eden regions: 642->0(636)
[2024-08-15T12:45:50.737+0000][1046.681s][info][gc,heap     ] GC(177) Survivor regions: 36->39(85)
[2024-08-15T12:45:50.737+0000][1046.681s][info][gc,heap     ] GC(177) Old regions: 444->444
[2024-08-15T12:45:50.737+0000][1046.681s][info][gc,heap     ] GC(177) Archive regions: 2->2
[2024-08-15T12:45:50.737+0000][1046.681s][info][gc,heap     ] GC(177) Humongous regions: 68->68
[2024-08-15T12:45:50.737+0000][1046.681s][info][gc,metaspace] GC(177) Metaspace: 419832K(425984K)->419832K(425984K) NonClass: 366861K(370432K)->366861K(370432K) Class: 52970K(55552K)->52970K(55552K)
[2024-08-15T12:45:50.737+0000][1046.681s][info][gc          ] GC(177) Pause Young (Normal) (G1 Evacuation Pause) 9523M->4411M(12288M) 117.727ms
[2024-08-15T12:45:50.737+0000][1046.681s][info][gc,cpu      ] GC(177) User=0.70s Sys=0.00s Real=0.12s
[2024-08-15T12:45:57.572+0000][1053.516s][info][gc,start    ] GC(178) Pause Young (Normal) (G1 Evacuation Pause)
[2024-08-15T12:45:57.572+0000][1053.516s][info][gc,task     ] GC(178) Using 6 workers of 6 for evacuation
[2024-08-15T12:45:57.696+0000][1053.641s][info][gc,phases   ] GC(178)   Pre Evacuate Collection Set: 0.2ms
[2024-08-15T12:45:57.696+0000][1053.641s][info][gc,phases   ] GC(178)   Merge Heap Roots: 0.3ms
[2024-08-15T12:45:57.696+0000][1053.641s][info][gc,phases   ] GC(178)   Evacuate Collection Set: 121.8ms
[2024-08-15T12:45:57.696+0000][1053.641s][info][gc,phases   ] GC(178)   Post Evacuate Collection Set: 2.2ms
[2024-08-15T12:45:57.696+0000][1053.641s][info][gc,phases   ] GC(178)   Other: 0.2ms
[2024-08-15T12:45:57.696+0000][1053.641s][info][gc,heap     ] GC(178) Eden regions: 636->0(632)
[2024-08-15T12:45:57.696+0000][1053.641s][info][gc,heap     ] GC(178) Survivor regions: 39->41(85)
[2024-08-15T12:45:57.696+0000][1053.641s][info][gc,heap     ] GC(178) Old regions: 444->444
[2024-08-15T12:45:57.696+0000][1053.641s][info][gc,heap     ] GC(178) Archive regions: 2->2
[2024-08-15T12:45:57.696+0000][1053.641s][info][gc,heap     ] GC(178) Humongous regions: 68->68
[2024-08-15T12:45:57.696+0000][1053.641s][info][gc,metaspace] GC(178) Metaspace: 419832K(425984K)->419832K(425984K) NonClass: 366862K(370432K)->366862K(370432K) Class: 52970K(55552K)->52970K(55552K)
[2024-08-15T12:45:57.696+0000][1053.641s][info][gc          ] GC(178) Pause Young (Normal) (G1 Evacuation Pause) 9499M->4423M(12288M) 124.837ms
[2024-08-15T12:45:57.697+0000][1053.641s][info][gc,cpu      ] GC(178) User=0.75s Sys=0.00s Real=0.13s
[2024-08-15T12:46:04.517+0000][1060.462s][info][gc,start    ] GC(179) Pause Young (Normal) (G1 Evacuation Pause)
[2024-08-15T12:46:04.517+0000][1060.462s][info][gc,task     ] GC(179) Using 6 workers of 6 for evacuation
[2024-08-15T12:46:04.643+0000][1060.588s][info][gc,phases   ] GC(179)   Pre Evacuate Collection Set: 0.2ms
[2024-08-15T12:46:04.643+0000][1060.588s][info][gc,phases   ] GC(179)   Merge Heap Roots: 0.3ms
[2024-08-15T12:46:04.643+0000][1060.588s][info][gc,phases   ] GC(179)   Evacuate Collection Set: 123.7ms
[2024-08-15T12:46:04.643+0000][1060.588s][info][gc,phases   ] GC(179)   Post Evacuate Collection Set: 2.2ms
[2024-08-15T12:46:04.643+0000][1060.588s][info][gc,phases   ] GC(179)   Other: 0.2ms
[2024-08-15T12:46:04.643+0000][1060.588s][info][gc,heap     ] GC(179) Eden regions: 632->0(628)
[2024-08-15T12:46:04.643+0000][1060.588s][info][gc,heap     ] GC(179) Survivor regions: 41->43(85)
[2024-08-15T12:46:04.643+0000][1060.588s][info][gc,heap     ] GC(179) Old regions: 444->444
[2024-08-15T12:46:04.643+0000][1060.588s][info][gc,heap     ] GC(179) Archive regions: 2->2
[2024-08-15T12:46:04.643+0000][1060.588s][info][gc,heap     ] GC(179) Humongous regions: 68->68
[2024-08-15T12:46:04.643+0000][1060.588s][info][gc,metaspace] GC(179) Metaspace: 419843K(425984K)->419843K(425984K) NonClass: 366873K(370432K)->366873K(370432K) Class: 52970K(55552K)->52970K(55552K)
[2024-08-15T12:46:04.644+0000][1060.588s][info][gc          ] GC(179) Pause Young (Normal) (G1 Evacuation Pause) 9479M->4439M(12288M) 126.604ms
[2024-08-15T12:46:04.644+0000][1060.588s][info][gc,cpu      ] GC(179) User=0.75s Sys=0.00s Real=0.13s
[2024-08-15T12:46:11.285+0000][1067.230s][info][gc,start    ] GC(180) Pause Young (Normal) (G1 Evacuation Pause)
[2024-08-15T12:46:11.285+0000][1067.230s][info][gc,task     ] GC(180) Using 6 workers of 6 for evacuation
[2024-08-15T12:46:11.411+0000][1067.355s][info][gc,phases   ] GC(180)   Pre Evacuate Collection Set: 0.2ms
[2024-08-15T12:46:11.411+0000][1067.355s][info][gc,phases   ] GC(180)   Merge Heap Roots: 0.3ms
[2024-08-15T12:46:11.411+0000][1067.355s][info][gc,phases   ] GC(180)   Evacuate Collection Set: 122.5ms
[2024-08-15T12:46:11.411+0000][1067.355s][info][gc,phases   ] GC(180)   Post Evacuate Collection Set: 2.2ms
[2024-08-15T12:46:11.411+0000][1067.355s][info][gc,phases   ] GC(180)   Other: 0.2ms
[2024-08-15T12:46:11.411+0000][1067.355s][info][gc,heap     ] GC(180) Eden regions: 628->0(628)
[2024-08-15T12:46:11.411+0000][1067.355s][info][gc,heap     ] GC(180) Survivor regions: 43->43(84)
[2024-08-15T12:46:11.411+0000][1067.355s][info][gc,heap     ] GC(180) Old regions: 444->444
[2024-08-15T12:46:11.411+0000][1067.355s][info][gc,heap     ] GC(180) Archive regions: 2->2
[2024-08-15T12:46:11.411+0000][1067.355s][info][gc,heap     ] GC(180) Humongous regions: 68->68
[2024-08-15T12:46:11.411+0000][1067.355s][info][gc,metaspace] GC(180) Metaspace: 419853K(425984K)->419853K(425984K) NonClass: 366883K(370432K)->366883K(370432K) Class: 52970K(55552K)->52970K(55552K)
[2024-08-15T12:46:11.411+0000][1067.355s][info][gc          ] GC(180) Pause Young (Normal) (G1 Evacuation Pause) 9463M->4439M(12288M) 125.444ms
[2024-08-15T12:46:11.411+0000][1067.355s][info][gc,cpu      ] GC(180) User=0.75s Sys=0.00s Real=0.12s
[2024-08-15T12:46:17.940+0000][1073.885s][info][gc,start    ] GC(181) Pause Young (Normal) (G1 Evacuation Pause)
[2024-08-15T12:46:17.940+0000][1073.885s][info][gc,task     ] GC(181) Using 6 workers of 6 for evacuation
[2024-08-15T12:46:18.073+0000][1074.018s][info][gc,phases   ] GC(181)   Pre Evacuate Collection Set: 0.2ms
[2024-08-15T12:46:18.073+0000][1074.018s][info][gc,phases   ] GC(181)   Merge Heap Roots: 0.3ms
[2024-08-15T12:46:18.073+0000][1074.018s][info][gc,phases   ] GC(181)   Evacuate Collection Set: 130.4ms
[2024-08-15T12:46:18.073+0000][1074.018s][info][gc,phases   ] GC(181)   Post Evacuate Collection Set: 2.1ms
[2024-08-15T12:46:18.073+0000][1074.018s][info][gc,phases   ] GC(181)   Other: 0.2ms
[2024-08-15T12:46:18.073+0000][1074.018s][info][gc,heap     ] GC(181) Eden regions: 628->0(637)
[2024-08-15T12:46:18.073+0000][1074.018s][info][gc,heap     ] GC(181) Survivor regions: 43->36(84)
[2024-08-15T12:46:18.073+0000][1074.018s][info][gc,heap     ] GC(181) Old regions: 444->449
[2024-08-15T12:46:18.073+0000][1074.018s][info][gc,heap     ] GC(181) Archive regions: 2->2
[2024-08-15T12:46:18.073+0000][1074.018s][info][gc,heap     ] GC(181) Humongous regions: 68->68
[2024-08-15T12:46:18.073+0000][1074.018s][info][gc,metaspace] GC(181) Metaspace: 419858K(425984K)->419858K(425984K) NonClass: 366887K(370432K)->366887K(370432K) Class: 52970K(55552K)->52970K(55552K)
[2024-08-15T12:46:18.073+0000][1074.018s][info][gc          ] GC(181) Pause Young (Normal) (G1 Evacuation Pause) 9463M->4422M(12288M) 133.298ms
[2024-08-15T12:46:18.074+0000][1074.018s][info][gc,cpu      ] GC(181) User=0.76s Sys=0.03s Real=0.13s
[2024-08-15T12:46:25.007+0000][1080.952s][info][gc,start    ] GC(182) Pause Young (Normal) (G1 Evacuation Pause)
[2024-08-15T12:46:25.007+0000][1080.952s][info][gc,task     ] GC(182) Using 6 workers of 6 for evacuation
[2024-08-15T12:46:25.122+0000][1081.067s][info][gc,phases   ] GC(182)   Pre Evacuate Collection Set: 0.2ms
[2024-08-15T12:46:25.123+0000][1081.067s][info][gc,phases   ] GC(182)   Merge Heap Roots: 0.3ms
[2024-08-15T12:46:25.123+0000][1081.067s][info][gc,phases   ] GC(182)   Evacuate Collection Set: 112.4ms
[2024-08-15T12:46:25.123+0000][1081.067s][info][gc,phases   ] GC(182)   Post Evacuate Collection Set: 2.2ms
[2024-08-15T12:46:25.123+0000][1081.067s][info][gc,phases   ] GC(182)   Other: 0.2ms
[2024-08-15T12:46:25.123+0000][1081.067s][info][gc,heap     ] GC(182) Eden regions: 637->0(636)
[2024-08-15T12:46:25.123+0000][1081.067s][info][gc,heap     ] GC(182) Survivor regions: 36->34(85)
[2024-08-15T12:46:25.123+0000][1081.067s][info][gc,heap     ] GC(182) Old regions: 449->454
[2024-08-15T12:46:25.123+0000][1081.067s][info][gc,heap     ] GC(182) Archive regions: 2->2
[2024-08-15T12:46:25.123+0000][1081.067s][info][gc,heap     ] GC(182) Humongous regions: 68->68
[2024-08-15T12:46:25.123+0000][1081.067s][info][gc,metaspace] GC(182) Metaspace: 419858K(425984K)->419858K(425984K) NonClass: 366887K(370432K)->366887K(370432K) Class: 52970K(55552K)->52970K(55552K)
[2024-08-15T12:46:25.123+0000][1081.067s][info][gc          ] GC(182) Pause Young (Normal) (G1 Evacuation Pause) 9518M->4444M(12288M) 115.342ms
[2024-08-15T12:46:25.123+0000][1081.067s][info][gc,cpu      ] GC(182) User=0.67s Sys=0.01s Real=0.11s
[2024-08-15T12:46:32.038+0000][1087.983s][info][gc,start    ] GC(183) Pause Young (Normal) (G1 Evacuation Pause)
[2024-08-15T12:46:32.038+0000][1087.983s][info][gc,task     ] GC(183) Using 6 workers of 6 for evacuation
[2024-08-15T12:46:32.140+0000][1088.084s][info][gc,phases   ] GC(183)   Pre Evacuate Collection Set: 0.2ms
[2024-08-15T12:46:32.140+0000][1088.084s][info][gc,phases   ] GC(183)   Merge Heap Roots: 0.3ms
[2024-08-15T12:46:32.140+0000][1088.084s][info][gc,phases   ] GC(183)   Evacuate Collection Set: 98.8ms
[2024-08-15T12:46:32.140+0000][1088.084s][info][gc,phases   ] GC(183)   Post Evacuate Collection Set: 2.2ms
[2024-08-15T12:46:32.140+0000][1088.084s][info][gc,phases   ] GC(183)   Other: 0.2ms
[2024-08-15T12:46:32.140+0000][1088.084s][info][gc,heap     ] GC(183) Eden regions: 636->0(637)
[2024-08-15T12:46:32.140+0000][1088.084s][info][gc,heap     ] GC(183) Survivor regions: 34->31(84)
[2024-08-15T12:46:32.140+0000][1088.084s][info][gc,heap     ] GC(183) Old regions: 454->459
[2024-08-15T12:46:32.140+0000][1088.084s][info][gc,heap     ] GC(183) Archive regions: 2->2
[2024-08-15T12:46:32.140+0000][1088.084s][info][gc,heap     ] GC(183) Humongous regions: 68->68
[2024-08-15T12:46:32.140+0000][1088.084s][info][gc,metaspace] GC(183) Metaspace: 419901K(426048K)->419901K(426048K) NonClass: 366931K(370496K)->366931K(370496K) Class: 52970K(55552K)->52970K(55552K)
[2024-08-15T12:46:32.140+0000][1088.085s][info][gc          ] GC(183) Pause Young (Normal) (G1 Evacuation Pause) 9532M->4461M(12288M) 101.761ms
[2024-08-15T12:46:32.140+0000][1088.085s][info][gc,cpu      ] GC(183) User=0.60s Sys=0.01s Real=0.10s
[2024-08-15T12:46:38.800+0000][1094.745s][info][gc,start    ] GC(184) Pause Young (Normal) (G1 Evacuation Pause)
[2024-08-15T12:46:38.800+0000][1094.745s][info][gc,task     ] GC(184) Using 6 workers of 6 for evacuation
[2024-08-15T12:46:38.887+0000][1094.832s][info][gc,phases   ] GC(184)   Pre Evacuate Collection Set: 0.2ms
[2024-08-15T12:46:38.887+0000][1094.832s][info][gc,phases   ] GC(184)   Merge Heap Roots: 0.3ms
[2024-08-15T12:46:38.887+0000][1094.832s][info][gc,phases   ] GC(184)   Evacuate Collection Set: 84.3ms
[2024-08-15T12:46:38.887+0000][1094.832s][info][gc,phases   ] GC(184)   Post Evacuate Collection Set: 2.1ms
[2024-08-15T12:46:38.887+0000][1094.832s][info][gc,phases   ] GC(184)   Other: 0.2ms
[2024-08-15T12:46:38.887+0000][1094.832s][info][gc,heap     ] GC(184) Eden regions: 637->0(643)
[2024-08-15T12:46:38.887+0000][1094.832s][info][gc,heap     ] GC(184) Survivor regions: 31->26(84)
[2024-08-15T12:46:38.887+0000][1094.832s][info][gc,heap     ] GC(184) Old regions: 459->463
[2024-08-15T12:46:38.887+0000][1094.832s][info][gc,heap     ] GC(184) Archive regions: 2->2
[2024-08-15T12:46:38.887+0000][1094.832s][info][gc,heap     ] GC(184) Humongous regions: 68->68
[2024-08-15T12:46:38.887+0000][1094.832s][info][gc,metaspace] GC(184) Metaspace: 419915K(426048K)->419915K(426048K) NonClass: 366944K(370496K)->366944K(370496K) Class: 52970K(55552K)->52970K(55552K)
[2024-08-15T12:46:38.887+0000][1094.832s][info][gc          ] GC(184) Pause Young (Normal) (G1 Evacuation Pause) 9557M->4456M(12288M) 87.149ms
[2024-08-15T12:46:38.887+0000][1094.832s][info][gc,cpu      ] GC(184) User=0.51s Sys=0.01s Real=0.09s
[2024-08-15T12:46:45.831+0000][1101.776s][info][gc,start    ] GC(185) Pause Young (Normal) (G1 Evacuation Pause)
[2024-08-15T12:46:45.831+0000][1101.776s][info][gc,task     ] GC(185) Using 6 workers of 6 for evacuation
[2024-08-15T12:46:45.908+0000][1101.853s][info][gc,phases   ] GC(185)   Pre Evacuate Collection Set: 0.2ms
[2024-08-15T12:46:45.908+0000][1101.853s][info][gc,phases   ] GC(185)   Merge Heap Roots: 0.3ms
[2024-08-15T12:46:45.908+0000][1101.853s][info][gc,phases   ] GC(185)   Evacuate Collection Set: 74.1ms
[2024-08-15T12:46:45.908+0000][1101.853s][info][gc,phases   ] GC(185)   Post Evacuate Collection Set: 2.2ms
[2024-08-15T12:46:45.908+0000][1101.853s][info][gc,phases   ] GC(185)   Other: 0.2ms
[2024-08-15T12:46:45.908+0000][1101.853s][info][gc,heap     ] GC(185) Eden regions: 643->0(641)
[2024-08-15T12:46:45.908+0000][1101.853s][info][gc,heap     ] GC(185) Survivor regions: 26->25(84)
[2024-08-15T12:46:45.908+0000][1101.853s][info][gc,heap     ] GC(185) Old regions: 463->467
[2024-08-15T12:46:45.908+0000][1101.853s][info][gc,heap     ] GC(185) Archive regions: 2->2
[2024-08-15T12:46:45.908+0000][1101.853s][info][gc,heap     ] GC(185) Humongous regions: 68->68
[2024-08-15T12:46:45.908+0000][1101.853s][info][gc,metaspace] GC(185) Metaspace: 419921K(426048K)->419921K(426048K) NonClass: 366951K(370496K)->366951K(370496K) Class: 52970K(55552K)->52970K(55552K)
[2024-08-15T12:46:45.908+0000][1101.853s][info][gc          ] GC(185) Pause Young (Normal) (G1 Evacuation Pause) 9600M->4477M(12288M) 77.083ms
[2024-08-15T12:46:45.908+0000][1101.853s][info][gc,cpu      ] GC(185) User=0.45s Sys=0.00s Real=0.08s
[2024-08-15T12:46:52.605+0000][1108.549s][info][gc,start    ] GC(186) Pause Young (Normal) (G1 Evacuation Pause)
[2024-08-15T12:46:52.605+0000][1108.549s][info][gc,task     ] GC(186) Using 6 workers of 6 for evacuation
[2024-08-15T12:46:52.673+0000][1108.617s][info][gc,phases   ] GC(186)   Pre Evacuate Collection Set: 0.2ms
[2024-08-15T12:46:52.673+0000][1108.617s][info][gc,phases   ] GC(186)   Merge Heap Roots: 0.2ms
[2024-08-15T12:46:52.673+0000][1108.617s][info][gc,phases   ] GC(186)   Evacuate Collection Set: 65.5ms
[2024-08-15T12:46:52.673+0000][1108.617s][info][gc,phases   ] GC(186)   Post Evacuate Collection Set: 2.1ms
[2024-08-15T12:46:52.673+0000][1108.617s][info][gc,phases   ] GC(186)   Other: 0.2ms
[2024-08-15T12:46:52.673+0000][1108.617s][info][gc,heap     ] GC(186) Eden regions: 641->0(639)
[2024-08-15T12:46:52.673+0000][1108.617s][info][gc,heap     ] GC(186) Survivor regions: 25->25(84)
[2024-08-15T12:46:52.673+0000][1108.617s][info][gc,heap     ] GC(186) Old regions: 467->469
[2024-08-15T12:46:52.673+0000][1108.617s][info][gc,heap     ] GC(186) Archive regions: 2->2
[2024-08-15T12:46:52.673+0000][1108.617s][info][gc,heap     ] GC(186) Humongous regions: 68->68
[2024-08-15T12:46:52.673+0000][1108.617s][info][gc,metaspace] GC(186) Metaspace: 419922K(426048K)->419922K(426048K) NonClass: 366951K(370496K)->366951K(370496K) Class: 52970K(55552K)->52970K(55552K)
[2024-08-15T12:46:52.673+0000][1108.617s][info][gc          ] GC(186) Pause Young (Normal) (G1 Evacuation Pause) 9605M->4496M(12288M) 68.254ms
[2024-08-15T12:46:52.673+0000][1108.618s][info][gc,cpu      ] GC(186) User=0.40s Sys=0.00s Real=0.06s
[2024-08-15T12:46:59.521+0000][1115.466s][info][gc,start    ] GC(187) Pause Young (Normal) (G1 Evacuation Pause)
[2024-08-15T12:46:59.521+0000][1115.466s][info][gc,task     ] GC(187) Using 6 workers of 6 for evacuation
[2024-08-15T12:46:59.588+0000][1115.533s][info][gc,phases   ] GC(187)   Pre Evacuate Collection Set: 0.2ms
[2024-08-15T12:46:59.588+0000][1115.533s][info][gc,phases   ] GC(187)   Merge Heap Roots: 0.3ms
[2024-08-15T12:46:59.588+0000][1115.533s][info][gc,phases   ] GC(187)   Evacuate Collection Set: 63.9ms
[2024-08-15T12:46:59.588+0000][1115.533s][info][gc,phases   ] GC(187)   Post Evacuate Collection Set: 2.3ms
[2024-08-15T12:46:59.588+0000][1115.533s][info][gc,phases   ] GC(187)   Other: 0.2ms
[2024-08-15T12:46:59.588+0000][1115.533s][info][gc,heap     ] GC(187) Eden regions: 639->0(636)
[2024-08-15T12:46:59.588+0000][1115.533s][info][gc,heap     ] GC(187) Survivor regions: 25->25(83)
[2024-08-15T12:46:59.588+0000][1115.533s][info][gc,heap     ] GC(187) Old regions: 469->472
[2024-08-15T12:46:59.588+0000][1115.533s][info][gc,heap     ] GC(187) Archive regions: 2->2
[2024-08-15T12:46:59.588+0000][1115.533s][info][gc,heap     ] GC(187) Humongous regions: 68->68
[2024-08-15T12:46:59.588+0000][1115.533s][info][gc,metaspace] GC(187) Metaspace: 419934K(426048K)->419934K(426048K) NonClass: 366963K(370496K)->366963K(370496K) Class: 52970K(55552K)->52970K(55552K)
[2024-08-15T12:46:59.588+0000][1115.533s][info][gc          ] GC(187) Pause Young (Normal) (G1 Evacuation Pause) 9608M->4515M(12288M) 66.871ms
[2024-08-15T12:46:59.588+0000][1115.533s][info][gc,cpu      ] GC(187) User=0.38s Sys=0.01s Real=0.07s
[2024-08-15T12:47:05.363+0000][1121.307s][info][gc,start    ] GC(188) Pause Young (Normal) (G1 Evacuation Pause)
[2024-08-15T12:47:05.363+0000][1121.307s][info][gc,task     ] GC(188) Using 6 workers of 6 for evacuation
[2024-08-15T12:47:05.420+0000][1121.365s][info][gc,phases   ] GC(188)   Pre Evacuate Collection Set: 0.2ms
[2024-08-15T12:47:05.420+0000][1121.365s][info][gc,phases   ] GC(188)   Merge Heap Roots: 0.2ms
[2024-08-15T12:47:05.420+0000][1121.365s][info][gc,phases   ] GC(188)   Evacuate Collection Set: 55.1ms
[2024-08-15T12:47:05.420+0000][1121.365s][info][gc,phases   ] GC(188)   Post Evacuate Collection Set: 2.1ms
[2024-08-15T12:47:05.420+0000][1121.365s][info][gc,phases   ] GC(188)   Other: 0.2ms
[2024-08-15T12:47:05.420+0000][1121.365s][info][gc,heap     ] GC(188) Eden regions: 636->0(641)
[2024-08-15T12:47:05.420+0000][1121.365s][info][gc,heap     ] GC(188) Survivor regions: 25->22(83)
[2024-08-15T12:47:05.420+0000][1121.365s][info][gc,heap     ] GC(188) Old regions: 472->473
[2024-08-15T12:47:05.420+0000][1121.365s][info][gc,heap     ] GC(188) Archive regions: 2->2
[2024-08-15T12:47:05.420+0000][1121.365s][info][gc,heap     ] GC(188) Humongous regions: 68->68
[2024-08-15T12:47:05.420+0000][1121.365s][info][gc,metaspace] GC(188) Metaspace: 419945K(426112K)->419945K(426112K) NonClass: 366975K(370560K)->366975K(370560K) Class: 52970K(55552K)->52970K(55552K)
[2024-08-15T12:47:05.420+0000][1121.365s][info][gc          ] GC(188) Pause Young (Normal) (G1 Evacuation Pause) 9603M->4498M(12288M) 57.881ms
[2024-08-15T12:47:05.420+0000][1121.365s][info][gc,cpu      ] GC(188) User=0.35s Sys=0.00s Real=0.06s
[2024-08-15T12:47:10.419+0000][1126.364s][info][gc,start    ] GC(189) Pause Young (Normal) (G1 Evacuation Pause)
[2024-08-15T12:47:10.419+0000][1126.364s][info][gc,task     ] GC(189) Using 6 workers of 6 for evacuation
[2024-08-15T12:47:10.474+0000][1126.419s][info][gc,phases   ] GC(189)   Pre Evacuate Collection Set: 0.2ms
[2024-08-15T12:47:10.474+0000][1126.419s][info][gc,phases   ] GC(189)   Merge Heap Roots: 0.2ms
[2024-08-15T12:47:10.474+0000][1126.419s][info][gc,phases   ] GC(189)   Evacuate Collection Set: 52.5ms
[2024-08-15T12:47:10.474+0000][1126.419s][info][gc,phases   ] GC(189)   Post Evacuate Collection Set: 2.1ms
[2024-08-15T12:47:10.474+0000][1126.419s][info][gc,phases   ] GC(189)   Other: 0.2ms
[2024-08-15T12:47:10.474+0000][1126.419s][info][gc,heap     ] GC(189) Eden regions: 641->0(640)
[2024-08-15T12:47:10.474+0000][1126.419s][info][gc,heap     ] GC(189) Survivor regions: 22->22(83)
[2024-08-15T12:47:10.474+0000][1126.419s][info][gc,heap     ] GC(189) Old regions: 473->474
[2024-08-15T12:47:10.474+0000][1126.419s][info][gc,heap     ] GC(189) Archive regions: 2->2
[2024-08-15T12:47:10.474+0000][1126.419s][info][gc,heap     ] GC(189) Humongous regions: 68->68
[2024-08-15T12:47:10.474+0000][1126.419s][info][gc,metaspace] GC(189) Metaspace: 419959K(426112K)->419959K(426112K) NonClass: 366989K(370560K)->366989K(370560K) Class: 52970K(55552K)->52970K(55552K)
[2024-08-15T12:47:10.474+0000][1126.419s][info][gc          ] GC(189) Pause Young (Normal) (G1 Evacuation Pause) 9626M->4505M(12288M) 55.347ms
[2024-08-15T12:47:10.474+0000][1126.419s][info][gc,cpu      ] GC(189) User=0.32s Sys=0.01s Real=0.05s
[2024-08-15T12:47:17.331+0000][1133.276s][info][gc,start    ] GC(190) Pause Young (Normal) (G1 Evacuation Pause)
[2024-08-15T12:47:17.331+0000][1133.276s][info][gc,task     ] GC(190) Using 6 workers of 6 for evacuation
[2024-08-15T12:47:17.393+0000][1133.338s][info][gc,phases   ] GC(190)   Pre Evacuate Collection Set: 0.2ms
[2024-08-15T12:47:17.393+0000][1133.338s][info][gc,phases   ] GC(190)   Merge Heap Roots: 0.3ms
[2024-08-15T12:47:17.393+0000][1133.338s][info][gc,phases   ] GC(190)   Evacuate Collection Set: 59.0ms
[2024-08-15T12:47:17.393+0000][1133.338s][info][gc,phases   ] GC(190)   Post Evacuate Collection Set: 2.4ms
[2024-08-15T12:47:17.393+0000][1133.338s][info][gc,phases   ] GC(190)   Other: 0.2ms
[2024-08-15T12:47:17.393+0000][1133.338s][info][gc,heap     ] GC(190) Eden regions: 640->0(638)
[2024-08-15T12:47:17.393+0000][1133.338s][info][gc,heap     ] GC(190) Survivor regions: 22->23(83)
[2024-08-15T12:47:17.393+0000][1133.338s][info][gc,heap     ] GC(190) Old regions: 474->474
[2024-08-15T12:47:17.393+0000][1133.338s][info][gc,heap     ] GC(190) Archive regions: 2->2
[2024-08-15T12:47:17.393+0000][1133.338s][info][gc,heap     ] GC(190) Humongous regions: 68->68
[2024-08-15T12:47:17.393+0000][1133.338s][info][gc,metaspace] GC(190) Metaspace: 419973K(426112K)->419973K(426112K) NonClass: 367002K(370560K)->367002K(370560K) Class: 52970K(55552K)->52970K(55552K)
[2024-08-15T12:47:17.393+0000][1133.338s][info][gc          ] GC(190) Pause Young (Normal) (G1 Evacuation Pause) 9625M->4519M(12288M) 62.027ms
[2024-08-15T12:47:17.394+0000][1133.338s][info][gc,cpu      ] GC(190) User=0.37s Sys=0.01s Real=0.06s
[2024-08-15T12:47:24.287+0000][1140.231s][info][gc,start    ] GC(191) Pause Young (Normal) (G1 Evacuation Pause)
[2024-08-15T12:47:24.287+0000][1140.231s][info][gc,task     ] GC(191) Using 6 workers of 6 for evacuation
[2024-08-15T12:47:24.345+0000][1140.290s][info][gc,phases   ] GC(191)   Pre Evacuate Collection Set: 0.2ms
[2024-08-15T12:47:24.345+0000][1140.290s][info][gc,phases   ] GC(191)   Merge Heap Roots: 0.3ms
[2024-08-15T12:47:24.345+0000][1140.290s][info][gc,phases   ] GC(191)   Evacuate Collection Set: 55.5ms
[2024-08-15T12:47:24.345+0000][1140.290s][info][gc,phases   ] GC(191)   Post Evacuate Collection Set: 2.2ms
[2024-08-15T12:47:24.345+0000][1140.290s][info][gc,phases   ] GC(191)   Other: 0.2ms
[2024-08-15T12:47:24.345+0000][1140.290s][info][gc,heap     ] GC(191) Eden regions: 638->0(637)
[2024-08-15T12:47:24.345+0000][1140.290s][info][gc,heap     ] GC(191) Survivor regions: 23->23(83)
[2024-08-15T12:47:24.345+0000][1140.290s][info][gc,heap     ] GC(191) Old regions: 474->475
[2024-08-15T12:47:24.345+0000][1140.290s][info][gc,heap     ] GC(191) Archive regions: 2->2
[2024-08-15T12:47:24.345+0000][1140.290s][info][gc,heap     ] GC(191) Humongous regions: 68->68
[2024-08-15T12:47:24.345+0000][1140.290s][info][gc,metaspace] GC(191) Metaspace: 419982K(426176K)->419982K(426176K) NonClass: 367011K(370624K)->367011K(370624K) Class: 52970K(55552K)->52970K(55552K)
[2024-08-15T12:47:24.345+0000][1140.290s][info][gc          ] GC(191) Pause Young (Normal) (G1 Evacuation Pause) 9623M->4525M(12288M) 58.459ms
[2024-08-15T12:47:24.345+0000][1140.290s][info][gc,cpu      ] GC(191) User=0.35s Sys=0.00s Real=0.06s
[2024-08-15T12:47:30.975+0000][1146.920s][info][gc,start    ] GC(192) Pause Young (Normal) (G1 Evacuation Pause)
[2024-08-15T12:47:30.975+0000][1146.920s][info][gc,task     ] GC(192) Using 6 workers of 6 for evacuation
[2024-08-15T12:47:31.035+0000][1146.979s][info][gc,phases   ] GC(192)   Pre Evacuate Collection Set: 0.2ms
[2024-08-15T12:47:31.035+0000][1146.980s][info][gc,phases   ] GC(192)   Merge Heap Roots: 0.2ms
[2024-08-15T12:47:31.035+0000][1146.980s][info][gc,phases   ] GC(192)   Evacuate Collection Set: 56.4ms
[2024-08-15T12:47:31.035+0000][1146.980s][info][gc,phases   ] GC(192)   Post Evacuate Collection Set: 2.9ms
[2024-08-15T12:47:31.035+0000][1146.980s][info][gc,phases   ] GC(192)   Other: 0.2ms
[2024-08-15T12:47:31.035+0000][1146.980s][info][gc,heap     ] GC(192) Eden regions: 637->0(640)
[2024-08-15T12:47:31.035+0000][1146.980s][info][gc,heap     ] GC(192) Survivor regions: 23->21(83)
[2024-08-15T12:47:31.035+0000][1146.980s][info][gc,heap     ] GC(192) Old regions: 475->476
[2024-08-15T12:47:31.035+0000][1146.980s][info][gc,heap     ] GC(192) Archive regions: 2->2
[2024-08-15T12:47:31.035+0000][1146.980s][info][gc,heap     ] GC(192) Humongous regions: 68->68
[2024-08-15T12:47:31.035+0000][1146.980s][info][gc,metaspace] GC(192) Metaspace: 419985K(426176K)->419985K(426176K) NonClass: 367014K(370624K)->367014K(370624K) Class: 52970K(55552K)->52970K(55552K)
[2024-08-15T12:47:31.035+0000][1146.980s][info][gc          ] GC(192) Pause Young (Normal) (G1 Evacuation Pause) 9621M->4520M(12288M) 60.003ms
[2024-08-15T12:47:31.035+0000][1146.980s][info][gc,cpu      ] GC(192) User=0.35s Sys=0.00s Real=0.06s
[2024-08-15T12:47:33.092+0000][1149.036s][info][gc,start    ] GC(193) Pause Young (Normal) (G1 Evacuation Pause)
[2024-08-15T12:47:33.092+0000][1149.036s][info][gc,task     ] GC(193) Using 6 workers of 6 for evacuation
[2024-08-15T12:47:33.202+0000][1149.146s][info][gc,phases   ] GC(193)   Pre Evacuate Collection Set: 0.2ms
[2024-08-15T12:47:33.202+0000][1149.146s][info][gc,phases   ] GC(193)   Merge Heap Roots: 0.2ms
[2024-08-15T12:47:33.202+0000][1149.146s][info][gc,phases   ] GC(193)   Evacuate Collection Set: 92.0ms
[2024-08-15T12:47:33.202+0000][1149.146s][info][gc,phases   ] GC(193)   Post Evacuate Collection Set: 17.5ms
[2024-08-15T12:47:33.202+0000][1149.146s][info][gc,phases   ] GC(193)   Other: 0.2ms
[2024-08-15T12:47:33.202+0000][1149.146s][info][gc,heap     ] GC(193) Eden regions: 640->0(627)
[2024-08-15T12:47:33.202+0000][1149.146s][info][gc,heap     ] GC(193) Survivor regions: 21->27(83)
[2024-08-15T12:47:33.202+0000][1149.146s][info][gc,heap     ] GC(193) Old regions: 476->477
[2024-08-15T12:47:33.202+0000][1149.146s][info][gc,heap     ] GC(193) Archive regions: 2->2
[2024-08-15T12:47:33.202+0000][1149.146s][info][gc,heap     ] GC(193) Humongous regions: 68->68
[2024-08-15T12:47:33.202+0000][1149.146s][info][gc,metaspace] GC(193) Metaspace: 419991K(426176K)->419991K(426176K) NonClass: 367020K(370624K)->367020K(370624K) Class: 52970K(55552K)->52970K(55552K)
[2024-08-15T12:47:33.202+0000][1149.146s][info][gc          ] GC(193) Pause Young (Normal) (G1 Evacuation Pause) 9640M->4569M(12288M) 110.204ms
[2024-08-15T12:47:33.202+0000][1149.146s][info][gc,cpu      ] GC(193) User=0.64s Sys=0.01s Real=0.11s
[2024-08-15T12:47:35.046+0000][1150.991s][info][gc,start    ] GC(194) Pause Young (Normal) (G1 Evacuation Pause)
[2024-08-15T12:47:35.046+0000][1150.991s][info][gc,task     ] GC(194) Using 6 workers of 6 for evacuation
[2024-08-15T12:47:35.164+0000][1151.109s][info][gc,phases   ] GC(194)   Pre Evacuate Collection Set: 0.2ms
[2024-08-15T12:47:35.164+0000][1151.109s][info][gc,phases   ] GC(194)   Merge Heap Roots: 0.2ms
[2024-08-15T12:47:35.164+0000][1151.109s][info][gc,phases   ] GC(194)   Evacuate Collection Set: 99.7ms
[2024-08-15T12:47:35.164+0000][1151.109s][info][gc,phases   ] GC(194)   Post Evacuate Collection Set: 17.7ms
[2024-08-15T12:47:35.164+0000][1151.109s][info][gc,phases   ] GC(194)   Other: 0.2ms
[2024-08-15T12:47:35.164+0000][1151.109s][info][gc,heap     ] GC(194) Eden regions: 627->0(623)
[2024-08-15T12:47:35.164+0000][1151.109s][info][gc,heap     ] GC(194) Survivor regions: 27->29(82)
[2024-08-15T12:47:35.164+0000][1151.109s][info][gc,heap     ] GC(194) Old regions: 477->477
[2024-08-15T12:47:35.164+0000][1151.109s][info][gc,heap     ] GC(194) Archive regions: 2->2
[2024-08-15T12:47:35.164+0000][1151.109s][info][gc,heap     ] GC(194) Humongous regions: 68->68
[2024-08-15T12:47:35.164+0000][1151.109s][info][gc,metaspace] GC(194) Metaspace: 419991K(426176K)->419991K(426176K) NonClass: 367020K(370624K)->367020K(370624K) Class: 52970K(55552K)->52970K(55552K)
[2024-08-15T12:47:35.164+0000][1151.109s][info][gc          ] GC(194) Pause Young (Normal) (G1 Evacuation Pause) 9585M->4591M(12288M) 118.091ms
[2024-08-15T12:47:35.164+0000][1151.109s][info][gc,cpu      ] GC(194) User=0.69s Sys=0.00s Real=0.12s
[2024-08-15T12:47:37.222+0000][1153.167s][info][gc,start    ] GC(195) Pause Young (Normal) (G1 Evacuation Pause)
[2024-08-15T12:47:37.222+0000][1153.167s][info][gc,task     ] GC(195) Using 6 workers of 6 for evacuation
[2024-08-15T12:47:37.348+0000][1153.293s][info][gc,phases   ] GC(195)   Pre Evacuate Collection Set: 0.2ms
[2024-08-15T12:47:37.348+0000][1153.293s][info][gc,phases   ] GC(195)   Merge Heap Roots: 0.3ms
[2024-08-15T12:47:37.348+0000][1153.293s][info][gc,phases   ] GC(195)   Evacuate Collection Set: 108.3ms
[2024-08-15T12:47:37.348+0000][1153.293s][info][gc,phases   ] GC(195)   Post Evacuate Collection Set: 16.8ms
[2024-08-15T12:47:37.348+0000][1153.293s][info][gc,phases   ] GC(195)   Other: 0.3ms
[2024-08-15T12:47:37.348+0000][1153.293s][info][gc,heap     ] GC(195) Eden regions: 623->0(618)
[2024-08-15T12:47:37.348+0000][1153.293s][info][gc,heap     ] GC(195) Survivor regions: 29->31(82)
[2024-08-15T12:47:37.348+0000][1153.293s][info][gc,heap     ] GC(195) Old regions: 477->478
[2024-08-15T12:47:37.348+0000][1153.293s][info][gc,heap     ] GC(195) Archive regions: 2->2
[2024-08-15T12:47:37.348+0000][1153.293s][info][gc,heap     ] GC(195) Humongous regions: 68->68
[2024-08-15T12:47:37.348+0000][1153.293s][info][gc,metaspace] GC(195) Metaspace: 419996K(426176K)->419996K(426176K) NonClass: 367025K(370624K)->367025K(370624K) Class: 52970K(55552K)->52970K(55552K)
[2024-08-15T12:47:37.348+0000][1153.293s][info][gc          ] GC(195) Pause Young (Normal) (G1 Evacuation Pause) 9575M->4613M(12288M) 125.994ms
[2024-08-15T12:47:37.348+0000][1153.293s][info][gc,cpu      ] GC(195) User=0.74s Sys=0.00s Real=0.13s
[2024-08-15T12:47:39.361+0000][1155.306s][info][gc,start    ] GC(196) Pause Young (Normal) (G1 Evacuation Pause)
[2024-08-15T12:47:39.361+0000][1155.306s][info][gc,task     ] GC(196) Using 6 workers of 6 for evacuation
[2024-08-15T12:47:39.498+0000][1155.443s][info][gc,phases   ] GC(196)   Pre Evacuate Collection Set: 0.2ms
[2024-08-15T12:47:39.498+0000][1155.443s][info][gc,phases   ] GC(196)   Merge Heap Roots: 0.4ms
[2024-08-15T12:47:39.498+0000][1155.443s][info][gc,phases   ] GC(196)   Evacuate Collection Set: 119.7ms
[2024-08-15T12:47:39.498+0000][1155.443s][info][gc,phases   ] GC(196)   Post Evacuate Collection Set: 16.4ms
[2024-08-15T12:47:39.498+0000][1155.443s][info][gc,phases   ] GC(196)   Other: 0.2ms
[2024-08-15T12:47:39.498+0000][1155.443s][info][gc,heap     ] GC(196) Eden regions: 618->0(613)
[2024-08-15T12:47:39.498+0000][1155.443s][info][gc,heap     ] GC(196) Survivor regions: 31->33(82)
[2024-08-15T12:47:39.498+0000][1155.443s][info][gc,heap     ] GC(196) Old regions: 478->479
[2024-08-15T12:47:39.498+0000][1155.443s][info][gc,heap     ] GC(196) Archive regions: 2->2
[2024-08-15T12:47:39.498+0000][1155.443s][info][gc,heap     ] GC(196) Humongous regions: 68->68
[2024-08-15T12:47:39.498+0000][1155.443s][info][gc,metaspace] GC(196) Metaspace: 420003K(426176K)->420003K(426176K) NonClass: 367032K(370624K)->367032K(370624K) Class: 52970K(55552K)->52970K(55552K)
[2024-08-15T12:47:39.498+0000][1155.443s][info][gc          ] GC(196) Pause Young (Normal) (G1 Evacuation Pause) 9557M->4636M(12288M) 137.009ms
[2024-08-15T12:47:39.498+0000][1155.443s][info][gc,cpu      ] GC(196) User=0.81s Sys=0.00s Real=0.14s
[2024-08-15T12:47:41.291+0000][1157.236s][info][gc,start    ] GC(197) Pause Young (Normal) (G1 Evacuation Pause)
[2024-08-15T12:47:41.291+0000][1157.236s][info][gc,task     ] GC(197) Using 6 workers of 6 for evacuation
[2024-08-15T12:47:41.435+0000][1157.380s][info][gc,phases   ] GC(197)   Pre Evacuate Collection Set: 0.2ms
[2024-08-15T12:47:41.435+0000][1157.380s][info][gc,phases   ] GC(197)   Merge Heap Roots: 0.4ms
[2024-08-15T12:47:41.435+0000][1157.380s][info][gc,phases   ] GC(197)   Evacuate Collection Set: 125.5ms
[2024-08-15T12:47:41.435+0000][1157.380s][info][gc,phases   ] GC(197)   Post Evacuate Collection Set: 18.0ms
[2024-08-15T12:47:41.435+0000][1157.380s][info][gc,phases   ] GC(197)   Other: 0.2ms
[2024-08-15T12:47:41.435+0000][1157.380s][info][gc,heap     ] GC(197) Eden regions: 613->0(606)
[2024-08-15T12:47:41.435+0000][1157.380s][info][gc,heap     ] GC(197) Survivor regions: 33->36(81)
[2024-08-15T12:47:41.435+0000][1157.380s][info][gc,heap     ] GC(197) Old regions: 479->480
[2024-08-15T12:47:41.435+0000][1157.380s][info][gc,heap     ] GC(197) Archive regions: 2->2
[2024-08-15T12:47:41.436+0000][1157.380s][info][gc,heap     ] GC(197) Humongous regions: 68->68
[2024-08-15T12:47:41.436+0000][1157.380s][info][gc,metaspace] GC(197) Metaspace: 420006K(426176K)->420006K(426176K) NonClass: 367035K(370624K)->367035K(370624K) Class: 52970K(55552K)->52970K(55552K)
[2024-08-15T12:47:41.436+0000][1157.380s][info][gc          ] GC(197) Pause Young (Normal) (G1 Evacuation Pause) 9540M->4666M(12288M) 144.311ms
[2024-08-15T12:47:41.436+0000][1157.380s][info][gc,cpu      ] GC(197) User=0.85s Sys=0.01s Real=0.15s
[2024-08-15T12:47:43.486+0000][1159.431s][info][gc,start    ] GC(198) Pause Young (Normal) (G1 Evacuation Pause)
[2024-08-15T12:47:43.486+0000][1159.431s][info][gc,task     ] GC(198) Using 6 workers of 6 for evacuation
[2024-08-15T12:47:43.637+0000][1159.582s][info][gc,phases   ] GC(198)   Pre Evacuate Collection Set: 0.2ms
[2024-08-15T12:47:43.637+0000][1159.582s][info][gc,phases   ] GC(198)   Merge Heap Roots: 0.5ms
[2024-08-15T12:47:43.637+0000][1159.582s][info][gc,phases   ] GC(198)   Evacuate Collection Set: 133.5ms
[2024-08-15T12:47:43.637+0000][1159.582s][info][gc,phases   ] GC(198)   Post Evacuate Collection Set: 16.7ms
[2024-08-15T12:47:43.637+0000][1159.582s][info][gc,phases   ] GC(198)   Other: 0.2ms
[2024-08-15T12:47:43.637+0000][1159.582s][info][gc,heap     ] GC(198) Eden regions: 606->0(604)
[2024-08-15T12:47:43.637+0000][1159.582s][info][gc,heap     ] GC(198) Survivor regions: 36->37(81)
[2024-08-15T12:47:43.637+0000][1159.582s][info][gc,heap     ] GC(198) Old regions: 480->480
[2024-08-15T12:47:43.637+0000][1159.582s][info][gc,heap     ] GC(198) Archive regions: 2->2
[2024-08-15T12:47:43.637+0000][1159.582s][info][gc,heap     ] GC(198) Humongous regions: 68->68
[2024-08-15T12:47:43.637+0000][1159.582s][info][gc,metaspace] GC(198) Metaspace: 420009K(426176K)->420009K(426176K) NonClass: 367038K(370624K)->367038K(370624K) Class: 52970K(55552K)->52970K(55552K)
[2024-08-15T12:47:43.637+0000][1159.582s][info][gc          ] GC(198) Pause Young (Normal) (G1 Evacuation Pause) 9514M->4680M(12288M) 151.182ms
[2024-08-15T12:47:43.637+0000][1159.582s][info][gc,cpu      ] GC(198) User=0.90s Sys=0.00s Real=0.15s
[2024-08-15T12:47:45.442+0000][1161.386s][info][gc,start    ] GC(199) Pause Young (Normal) (G1 Evacuation Pause)
[2024-08-15T12:47:45.442+0000][1161.386s][info][gc,task     ] GC(199) Using 6 workers of 6 for evacuation
[2024-08-15T12:47:45.608+0000][1161.553s][info][gc,phases   ] GC(199)   Pre Evacuate Collection Set: 0.2ms
[2024-08-15T12:47:45.608+0000][1161.553s][info][gc,phases   ] GC(199)   Merge Heap Roots: 0.5ms
[2024-08-15T12:47:45.608+0000][1161.553s][info][gc,phases   ] GC(199)   Evacuate Collection Set: 149.7ms
[2024-08-15T12:47:45.608+0000][1161.553s][info][gc,phases   ] GC(199)   Post Evacuate Collection Set: 15.8ms
[2024-08-15T12:47:45.608+0000][1161.553s][info][gc,phases   ] GC(199)   Other: 0.2ms
[2024-08-15T12:47:45.608+0000][1161.553s][info][gc,heap     ] GC(199) Eden regions: 604->0(599)
[2024-08-15T12:47:45.608+0000][1161.553s][info][gc,heap     ] GC(199) Survivor regions: 37->39(81)
[2024-08-15T12:47:45.608+0000][1161.553s][info][gc,heap     ] GC(199) Old regions: 480->481
[2024-08-15T12:47:45.608+0000][1161.553s][info][gc,heap     ] GC(199) Archive regions: 2->2
[2024-08-15T12:47:45.608+0000][1161.553s][info][gc,heap     ] GC(199) Humongous regions: 68->68
[2024-08-15T12:47:45.608+0000][1161.553s][info][gc,metaspace] GC(199) Metaspace: 420009K(426176K)->420009K(426176K) NonClass: 367038K(370624K)->367038K(370624K) Class: 52970K(55552K)->52970K(55552K)
[2024-08-15T12:47:45.608+0000][1161.553s][info][gc          ] GC(199) Pause Young (Normal) (G1 Evacuation Pause) 9512M->4707M(12288M) 166.472ms
[2024-08-15T12:47:45.608+0000][1161.553s][info][gc,cpu      ] GC(199) User=0.98s Sys=0.01s Real=0.17s
[2024-08-15T12:47:47.469+0000][1163.414s][info][gc,start    ] GC(200) Pause Young (Normal) (G1 Evacuation Pause)
[2024-08-15T12:47:47.469+0000][1163.414s][info][gc,task     ] GC(200) Using 6 workers of 6 for evacuation
[2024-08-15T12:47:47.628+0000][1163.573s][info][gc,phases   ] GC(200)   Pre Evacuate Collection Set: 0.2ms
[2024-08-15T12:47:47.628+0000][1163.573s][info][gc,phases   ] GC(200)   Merge Heap Roots: 0.4ms
[2024-08-15T12:47:47.628+0000][1163.573s][info][gc,phases   ] GC(200)   Evacuate Collection Set: 142.2ms
[2024-08-15T12:47:47.628+0000][1163.573s][info][gc,phases   ] GC(200)   Post Evacuate Collection Set: 16.0ms
[2024-08-15T12:47:47.628+0000][1163.573s][info][gc,phases   ] GC(200)   Other: 0.2ms
[2024-08-15T12:47:47.628+0000][1163.573s][info][gc,heap     ] GC(200) Eden regions: 599->0(594)
[2024-08-15T12:47:47.628+0000][1163.573s][info][gc,heap     ] GC(200) Survivor regions: 39->41(80)
[2024-08-15T12:47:47.628+0000][1163.573s][info][gc,heap     ] GC(200) Old regions: 481->482
[2024-08-15T12:47:47.628+0000][1163.573s][info][gc,heap     ] GC(200) Archive regions: 2->2
[2024-08-15T12:47:47.628+0000][1163.573s][info][gc,heap     ] GC(200) Humongous regions: 68->68
[2024-08-15T12:47:47.628+0000][1163.573s][info][gc,metaspace] GC(200) Metaspace: 420016K(426176K)->420016K(426176K) NonClass: 367045K(370624K)->367045K(370624K) Class: 52970K(55552K)->52970K(55552K)
[2024-08-15T12:47:47.628+0000][1163.573s][info][gc          ] GC(200) Pause Young (Normal) (G1 Evacuation Pause) 9499M->4730M(12288M) 159.157ms
[2024-08-15T12:47:47.628+0000][1163.573s][info][gc,cpu      ] GC(200) User=0.94s Sys=0.00s Real=0.16s
[2024-08-15T12:47:49.613+0000][1165.557s][info][gc,start    ] GC(201) Pause Young (Normal) (G1 Evacuation Pause)
[2024-08-15T12:47:49.613+0000][1165.557s][info][gc,task     ] GC(201) Using 6 workers of 6 for evacuation
[2024-08-15T12:47:49.788+0000][1165.733s][info][gc,phases   ] GC(201)   Pre Evacuate Collection Set: 0.2ms
[2024-08-15T12:47:49.788+0000][1165.733s][info][gc,phases   ] GC(201)   Merge Heap Roots: 0.4ms
[2024-08-15T12:47:49.788+0000][1165.733s][info][gc,phases   ] GC(201)   Evacuate Collection Set: 156.3ms
[2024-08-15T12:47:49.788+0000][1165.733s][info][gc,phases   ] GC(201)   Post Evacuate Collection Set: 18.2ms
[2024-08-15T12:47:49.788+0000][1165.733s][info][gc,phases   ] GC(201)   Other: 0.2ms
[2024-08-15T12:47:49.788+0000][1165.733s][info][gc,heap     ] GC(201) Eden regions: 594->0(587)
[2024-08-15T12:47:49.788+0000][1165.733s][info][gc,heap     ] GC(201) Survivor regions: 41->44(80)
[2024-08-15T12:47:49.788+0000][1165.733s][info][gc,heap     ] GC(201) Old regions: 482->483
[2024-08-15T12:47:49.788+0000][1165.733s][info][gc,heap     ] GC(201) Archive regions: 2->2
[2024-08-15T12:47:49.788+0000][1165.733s][info][gc,heap     ] GC(201) Humongous regions: 68->68
[2024-08-15T12:47:49.788+0000][1165.733s][info][gc,metaspace] GC(201) Metaspace: 420021K(426176K)->420021K(426176K) NonClass: 367051K(370624K)->367051K(370624K) Class: 52970K(55552K)->52970K(55552K)
[2024-08-15T12:47:49.788+0000][1165.733s][info][gc          ] GC(201) Pause Young (Normal) (G1 Evacuation Pause) 9482M->4758M(12288M) 175.470ms
[2024-08-15T12:47:49.788+0000][1165.733s][info][gc,cpu      ] GC(201) User=1.04s Sys=0.00s Real=0.18s
[2024-08-15T12:47:52.426+0000][1168.371s][info][gc,start    ] GC(202) Pause Young (Normal) (G1 Evacuation Pause)
[2024-08-15T12:47:52.427+0000][1168.371s][info][gc,task     ] GC(202) Using 6 workers of 6 for evacuation
[2024-08-15T12:47:52.553+0000][1168.498s][info][gc,phases   ] GC(202)   Pre Evacuate Collection Set: 0.2ms
[2024-08-15T12:47:52.553+0000][1168.498s][info][gc,phases   ] GC(202)   Merge Heap Roots: 0.4ms
[2024-08-15T12:47:52.553+0000][1168.498s][info][gc,phases   ] GC(202)   Evacuate Collection Set: 114.4ms
[2024-08-15T12:47:52.553+0000][1168.498s][info][gc,phases   ] GC(202)   Post Evacuate Collection Set: 11.3ms
[2024-08-15T12:47:52.553+0000][1168.498s][info][gc,phases   ] GC(202)   Other: 0.2ms
[2024-08-15T12:47:52.553+0000][1168.498s][info][gc,heap     ] GC(202) Eden regions: 587->0(609)
[2024-08-15T12:47:52.553+0000][1168.498s][info][gc,heap     ] GC(202) Survivor regions: 44->32(79)
[2024-08-15T12:47:52.553+0000][1168.498s][info][gc,heap     ] GC(202) Old regions: 483->485
[2024-08-15T12:47:52.553+0000][1168.498s][info][gc,heap     ] GC(202) Archive regions: 2->2
[2024-08-15T12:47:52.553+0000][1168.498s][info][gc,heap     ] GC(202) Humongous regions: 68->68
[2024-08-15T12:47:52.553+0000][1168.498s][info][gc,metaspace] GC(202) Metaspace: 420021K(426176K)->420021K(426176K) NonClass: 367051K(370624K)->367051K(370624K) Class: 52970K(55552K)->52970K(55552K)
[2024-08-15T12:47:52.553+0000][1168.498s][info][gc          ] GC(202) Pause Young (Normal) (G1 Evacuation Pause) 9454M->4683M(12288M) 126.590ms
[2024-08-15T12:47:52.553+0000][1168.498s][info][gc,cpu      ] GC(202) User=0.75s Sys=0.01s Real=0.12s
[2024-08-15T12:47:59.145+0000][1175.090s][info][gc,start    ] GC(203) Pause Young (Normal) (G1 Evacuation Pause)
[2024-08-15T12:47:59.145+0000][1175.090s][info][gc,task     ] GC(203) Using 6 workers of 6 for evacuation
[2024-08-15T12:47:59.241+0000][1175.185s][info][gc,phases   ] GC(203)   Pre Evacuate Collection Set: 0.2ms
[2024-08-15T12:47:59.241+0000][1175.185s][info][gc,phases   ] GC(203)   Merge Heap Roots: 0.3ms
[2024-08-15T12:47:59.241+0000][1175.185s][info][gc,phases   ] GC(203)   Evacuate Collection Set: 93.1ms
[2024-08-15T12:47:59.241+0000][1175.185s][info][gc,phases   ] GC(203)   Post Evacuate Collection Set: 2.1ms
[2024-08-15T12:47:59.241+0000][1175.186s][info][gc,phases   ] GC(203)   Other: 0.2ms
[2024-08-15T12:47:59.241+0000][1175.186s][info][gc,heap     ] GC(203) Eden regions: 609->0(606)
[2024-08-15T12:47:59.241+0000][1175.186s][info][gc,heap     ] GC(203) Survivor regions: 32->33(81)
[2024-08-15T12:47:59.241+0000][1175.186s][info][gc,heap     ] GC(203) Old regions: 485->486
[2024-08-15T12:47:59.241+0000][1175.186s][info][gc,heap     ] GC(203) Archive regions: 2->2
[2024-08-15T12:47:59.241+0000][1175.186s][info][gc,heap     ] GC(203) Humongous regions: 68->68
[2024-08-15T12:47:59.241+0000][1175.186s][info][gc,metaspace] GC(203) Metaspace: 420026K(426176K)->420026K(426176K) NonClass: 367055K(370624K)->367055K(370624K) Class: 52970K(55552K)->52970K(55552K)
[2024-08-15T12:47:59.241+0000][1175.186s][info][gc          ] GC(203) Pause Young (Normal) (G1 Evacuation Pause) 9555M->4696M(12288M) 95.970ms
[2024-08-15T12:47:59.241+0000][1175.186s][info][gc,cpu      ] GC(203) User=0.57s Sys=0.00s Real=0.09s
[2024-08-15T12:48:05.571+0000][1181.516s][info][gc,start    ] GC(204) Pause Young (Normal) (G1 Evacuation Pause)
[2024-08-15T12:48:05.572+0000][1181.516s][info][gc,task     ] GC(204) Using 6 workers of 6 for evacuation
[2024-08-15T12:48:05.667+0000][1181.612s][info][gc,phases   ] GC(204)   Pre Evacuate Collection Set: 0.2ms
[2024-08-15T12:48:05.667+0000][1181.612s][info][gc,phases   ] GC(204)   Merge Heap Roots: 0.3ms
[2024-08-15T12:48:05.667+0000][1181.612s][info][gc,phases   ] GC(204)   Evacuate Collection Set: 93.1ms
[2024-08-15T12:48:05.667+0000][1181.612s][info][gc,phases   ] GC(204)   Post Evacuate Collection Set: 2.1ms
[2024-08-15T12:48:05.667+0000][1181.612s][info][gc,phases   ] GC(204)   Other: 0.2ms
[2024-08-15T12:48:05.667+0000][1181.612s][info][gc,heap     ] GC(204) Eden regions: 606->0(607)
[2024-08-15T12:48:05.667+0000][1181.612s][info][gc,heap     ] GC(204) Survivor regions: 33->32(80)
[2024-08-15T12:48:05.667+0000][1181.612s][info][gc,heap     ] GC(204) Old regions: 486->487
[2024-08-15T12:48:05.667+0000][1181.612s][info][gc,heap     ] GC(204) Archive regions: 2->2
[2024-08-15T12:48:05.667+0000][1181.612s][info][gc,heap     ] GC(204) Humongous regions: 68->68
[2024-08-15T12:48:05.667+0000][1181.612s][info][gc,metaspace] GC(204) Metaspace: 420032K(426240K)->420032K(426240K) NonClass: 367061K(370688K)->367061K(370688K) Class: 52970K(55552K)->52970K(55552K)
[2024-08-15T12:48:05.668+0000][1181.612s][info][gc          ] GC(204) Pause Young (Normal) (G1 Evacuation Pause) 9544M->4696M(12288M) 96.028ms
[2024-08-15T12:48:05.668+0000][1181.612s][info][gc,cpu      ] GC(204) User=0.56s Sys=0.00s Real=0.10s
[2024-08-15T12:48:12.100+0000][1188.045s][info][gc,start    ] GC(205) Pause Young (Normal) (G1 Evacuation Pause)
[2024-08-15T12:48:12.101+0000][1188.045s][info][gc,task     ] GC(205) Using 6 workers of 6 for evacuation
[2024-08-15T12:48:12.198+0000][1188.143s][info][gc,phases   ] GC(205)   Pre Evacuate Collection Set: 0.2ms
[2024-08-15T12:48:12.198+0000][1188.143s][info][gc,phases   ] GC(205)   Merge Heap Roots: 0.3ms
[2024-08-15T12:48:12.198+0000][1188.143s][info][gc,phases   ] GC(205)   Evacuate Collection Set: 95.0ms
[2024-08-15T12:48:12.198+0000][1188.143s][info][gc,phases   ] GC(205)   Post Evacuate Collection Set: 2.1ms
[2024-08-15T12:48:12.198+0000][1188.143s][info][gc,phases   ] GC(205)   Other: 0.2ms
[2024-08-15T12:48:12.198+0000][1188.143s][info][gc,heap     ] GC(205) Eden regions: 607->0(605)
[2024-08-15T12:48:12.198+0000][1188.143s][info][gc,heap     ] GC(205) Survivor regions: 32->32(80)
[2024-08-15T12:48:12.198+0000][1188.143s][info][gc,heap     ] GC(205) Old regions: 487->489
[2024-08-15T12:48:12.198+0000][1188.143s][info][gc,heap     ] GC(205) Archive regions: 2->2
[2024-08-15T12:48:12.198+0000][1188.143s][info][gc,heap     ] GC(205) Humongous regions: 68->68
[2024-08-15T12:48:12.198+0000][1188.143s][info][gc,metaspace] GC(205) Metaspace: 420041K(426240K)->420041K(426240K) NonClass: 367070K(370688K)->367070K(370688K) Class: 52970K(55552K)->52970K(55552K)
[2024-08-15T12:48:12.198+0000][1188.143s][info][gc          ] GC(205) Pause Young (Normal) (G1 Evacuation Pause) 9552M->4709M(12288M) 97.873ms
[2024-08-15T12:48:12.198+0000][1188.143s][info][gc,cpu      ] GC(205) User=0.59s Sys=0.01s Real=0.10s
[2024-08-15T12:48:18.712+0000][1194.657s][info][gc,start    ] GC(206) Pause Young (Normal) (G1 Evacuation Pause)
[2024-08-15T12:48:18.712+0000][1194.657s][info][gc,task     ] GC(206) Using 6 workers of 6 for evacuation
[2024-08-15T12:48:18.809+0000][1194.753s][info][gc,phases   ] GC(206)   Pre Evacuate Collection Set: 0.2ms
[2024-08-15T12:48:18.809+0000][1194.753s][info][gc,phases   ] GC(206)   Merge Heap Roots: 0.3ms
[2024-08-15T12:48:18.809+0000][1194.753s][info][gc,phases   ] GC(206)   Evacuate Collection Set: 93.7ms
[2024-08-15T12:48:18.809+0000][1194.753s][info][gc,phases   ] GC(206)   Post Evacuate Collection Set: 2.1ms
[2024-08-15T12:48:18.809+0000][1194.753s][info][gc,phases   ] GC(206)   Other: 0.2ms
[2024-08-15T12:48:18.809+0000][1194.753s][info][gc,heap     ] GC(206) Eden regions: 605->0(602)
[2024-08-15T12:48:18.809+0000][1194.753s][info][gc,heap     ] GC(206) Survivor regions: 32->33(80)
[2024-08-15T12:48:18.809+0000][1194.753s][info][gc,heap     ] GC(206) Old regions: 489->490
[2024-08-15T12:48:18.809+0000][1194.753s][info][gc,heap     ] GC(206) Archive regions: 2->2
[2024-08-15T12:48:18.809+0000][1194.753s][info][gc,heap     ] GC(206) Humongous regions: 68->68
[2024-08-15T12:48:18.809+0000][1194.753s][info][gc,metaspace] GC(206) Metaspace: 420060K(426240K)->420060K(426240K) NonClass: 367089K(370688K)->367089K(370688K) Class: 52970K(55552K)->52970K(55552K)
[2024-08-15T12:48:18.809+0000][1194.753s][info][gc          ] GC(206) Pause Young (Normal) (G1 Evacuation Pause) 9549M->4724M(12288M) 96.648ms
[2024-08-15T12:48:18.809+0000][1194.753s][info][gc,cpu      ] GC(206) User=0.58s Sys=0.00s Real=0.10s
[2024-08-15T12:48:25.310+0000][1201.255s][info][gc,start    ] GC(207) Pause Young (Normal) (G1 Evacuation Pause)
[2024-08-15T12:48:25.310+0000][1201.255s][info][gc,task     ] GC(207) Using 6 workers of 6 for evacuation
[2024-08-15T12:48:25.408+0000][1201.352s][info][gc,phases   ] GC(207)   Pre Evacuate Collection Set: 0.2ms
[2024-08-15T12:48:25.408+0000][1201.353s][info][gc,phases   ] GC(207)   Merge Heap Roots: 0.3ms
[2024-08-15T12:48:25.408+0000][1201.353s][info][gc,phases   ] GC(207)   Evacuate Collection Set: 94.9ms
[2024-08-15T12:48:25.408+0000][1201.353s][info][gc,phases   ] GC(207)   Post Evacuate Collection Set: 2.1ms
[2024-08-15T12:48:25.408+0000][1201.353s][info][gc,phases   ] GC(207)   Other: 0.2ms
[2024-08-15T12:48:25.408+0000][1201.353s][info][gc,heap     ] GC(207) Eden regions: 602->0(599)
[2024-08-15T12:48:25.408+0000][1201.353s][info][gc,heap     ] GC(207) Survivor regions: 33->34(80)
[2024-08-15T12:48:25.408+0000][1201.353s][info][gc,heap     ] GC(207) Old regions: 490->491
[2024-08-15T12:48:25.408+0000][1201.353s][info][gc,heap     ] GC(207) Archive regions: 2->2
[2024-08-15T12:48:25.408+0000][1201.353s][info][gc,heap     ] GC(207) Humongous regions: 68->68
[2024-08-15T12:48:25.408+0000][1201.353s][info][gc,metaspace] GC(207) Metaspace: 420072K(426240K)->420072K(426240K) NonClass: 367101K(370688K)->367101K(370688K) Class: 52970K(55552K)->52970K(55552K)
[2024-08-15T12:48:25.408+0000][1201.353s][info][gc          ] GC(207) Pause Young (Normal) (G1 Evacuation Pause) 9540M->4740M(12288M) 97.813ms
[2024-08-15T12:48:25.408+0000][1201.353s][info][gc,cpu      ] GC(207) User=0.58s Sys=0.00s Real=0.10s
[2024-08-15T12:48:31.643+0000][1207.588s][info][gc,start    ] GC(208) Pause Young (Normal) (G1 Evacuation Pause)
[2024-08-15T12:48:31.643+0000][1207.588s][info][gc,task     ] GC(208) Using 6 workers of 6 for evacuation
[2024-08-15T12:48:31.741+0000][1207.685s][info][gc,phases   ] GC(208)   Pre Evacuate Collection Set: 0.2ms
[2024-08-15T12:48:31.741+0000][1207.685s][info][gc,phases   ] GC(208)   Merge Heap Roots: 0.3ms
[2024-08-15T12:48:31.741+0000][1207.685s][info][gc,phases   ] GC(208)   Evacuate Collection Set: 94.4ms
[2024-08-15T12:48:31.741+0000][1207.685s][info][gc,phases   ] GC(208)   Post Evacuate Collection Set: 2.1ms
[2024-08-15T12:48:31.741+0000][1207.685s][info][gc,phases   ] GC(208)   Other: 0.2ms
[2024-08-15T12:48:31.741+0000][1207.685s][info][gc,heap     ] GC(208) Eden regions: 599->0(602)
[2024-08-15T12:48:31.741+0000][1207.685s][info][gc,heap     ] GC(208) Survivor regions: 34->32(80)
[2024-08-15T12:48:31.741+0000][1207.685s][info][gc,heap     ] GC(208) Old regions: 491->492
[2024-08-15T12:48:31.741+0000][1207.685s][info][gc,heap     ] GC(208) Archive regions: 2->2
[2024-08-15T12:48:31.741+0000][1207.685s][info][gc,heap     ] GC(208) Humongous regions: 68->68
[2024-08-15T12:48:31.741+0000][1207.685s][info][gc,metaspace] GC(208) Metaspace: 420090K(426240K)->420090K(426240K) NonClass: 367119K(370688K)->367119K(370688K) Class: 52970K(55552K)->52970K(55552K)
[2024-08-15T12:48:31.741+0000][1207.685s][info][gc          ] GC(208) Pause Young (Normal) (G1 Evacuation Pause) 9532M->4738M(12288M) 97.276ms
[2024-08-15T12:48:31.741+0000][1207.685s][info][gc,cpu      ] GC(208) User=0.58s Sys=0.00s Real=0.09s
[2024-08-15T12:48:38.205+0000][1214.150s][info][gc,start    ] GC(209) Pause Young (Normal) (G1 Evacuation Pause)
[2024-08-15T12:48:38.205+0000][1214.150s][info][gc,task     ] GC(209) Using 6 workers of 6 for evacuation
[2024-08-15T12:48:38.299+0000][1214.244s][info][gc,phases   ] GC(209)   Pre Evacuate Collection Set: 0.2ms
[2024-08-15T12:48:38.299+0000][1214.244s][info][gc,phases   ] GC(209)   Merge Heap Roots: 0.3ms
[2024-08-15T12:48:38.299+0000][1214.244s][info][gc,phases   ] GC(209)   Evacuate Collection Set: 91.6ms
[2024-08-15T12:48:38.299+0000][1214.244s][info][gc,phases   ] GC(209)   Post Evacuate Collection Set: 2.1ms
[2024-08-15T12:48:38.299+0000][1214.244s][info][gc,phases   ] GC(209)   Other: 0.2ms
[2024-08-15T12:48:38.299+0000][1214.244s][info][gc,heap     ] GC(209) Eden regions: 602->0(600)
[2024-08-15T12:48:38.299+0000][1214.244s][info][gc,heap     ] GC(209) Survivor regions: 32->32(80)
[2024-08-15T12:48:38.299+0000][1214.244s][info][gc,heap     ] GC(209) Old regions: 492->494
[2024-08-15T12:48:38.299+0000][1214.244s][info][gc,heap     ] GC(209) Archive regions: 2->2
[2024-08-15T12:48:38.299+0000][1214.244s][info][gc,heap     ] GC(209) Humongous regions: 68->68
[2024-08-15T12:48:38.299+0000][1214.244s][info][gc,metaspace] GC(209) Metaspace: 420098K(426240K)->420098K(426240K) NonClass: 367127K(370688K)->367127K(370688K) Class: 52970K(55552K)->52970K(55552K)
[2024-08-15T12:48:38.299+0000][1214.244s][info][gc          ] GC(209) Pause Young (Normal) (G1 Evacuation Pause) 9554M->4750M(12288M) 94.478ms
[2024-08-15T12:48:38.299+0000][1214.244s][info][gc,cpu      ] GC(209) User=0.56s Sys=0.00s Real=0.09s
[2024-08-15T12:48:44.193+0000][1220.138s][info][gc,start    ] GC(210) Pause Young (Normal) (G1 Evacuation Pause)
[2024-08-15T12:48:44.193+0000][1220.138s][info][gc,task     ] GC(210) Using 6 workers of 6 for evacuation
[2024-08-15T12:48:44.286+0000][1220.231s][info][gc,phases   ] GC(210)   Pre Evacuate Collection Set: 0.2ms
[2024-08-15T12:48:44.286+0000][1220.231s][info][gc,phases   ] GC(210)   Merge Heap Roots: 0.3ms
[2024-08-15T12:48:44.286+0000][1220.231s][info][gc,phases   ] GC(210)   Evacuate Collection Set: 90.1ms
[2024-08-15T12:48:44.286+0000][1220.231s][info][gc,phases   ] GC(210)   Post Evacuate Collection Set: 2.2ms
[2024-08-15T12:48:44.286+0000][1220.231s][info][gc,phases   ] GC(210)   Other: 0.2ms
[2024-08-15T12:48:44.286+0000][1220.231s][info][gc,heap     ] GC(210) Eden regions: 600->0(604)
[2024-08-15T12:48:44.286+0000][1220.231s][info][gc,heap     ] GC(210) Survivor regions: 32->29(79)
[2024-08-15T12:48:44.286+0000][1220.231s][info][gc,heap     ] GC(210) Old regions: 494->496
[2024-08-15T12:48:44.286+0000][1220.231s][info][gc,heap     ] GC(210) Archive regions: 2->2
[2024-08-15T12:48:44.286+0000][1220.231s][info][gc,heap     ] GC(210) Humongous regions: 68->68
[2024-08-15T12:48:44.286+0000][1220.231s][info][gc,metaspace] GC(210) Metaspace: 420127K(426304K)->420127K(426304K) NonClass: 367156K(370752K)->367156K(370752K) Class: 52970K(55552K)->52970K(55552K)
[2024-08-15T12:48:44.286+0000][1220.231s][info][gc          ] GC(210) Pause Young (Normal) (G1 Evacuation Pause) 9550M->4741M(12288M) 93.081ms
[2024-08-15T12:48:44.286+0000][1220.231s][info][gc,cpu      ] GC(210) User=0.55s Sys=0.01s Real=0.10s
[2024-08-15T12:48:50.742+0000][1226.687s][info][gc,start    ] GC(211) Pause Young (Normal) (G1 Evacuation Pause)
[2024-08-15T12:48:50.742+0000][1226.687s][info][gc,task     ] GC(211) Using 6 workers of 6 for evacuation
[2024-08-15T12:48:50.829+0000][1226.773s][info][gc,phases   ] GC(211)   Pre Evacuate Collection Set: 0.2ms
[2024-08-15T12:48:50.829+0000][1226.773s][info][gc,phases   ] GC(211)   Merge Heap Roots: 0.3ms
[2024-08-15T12:48:50.829+0000][1226.773s][info][gc,phases   ] GC(211)   Evacuate Collection Set: 84.1ms
[2024-08-15T12:48:50.829+0000][1226.773s][info][gc,phases   ] GC(211)   Post Evacuate Collection Set: 2.1ms
[2024-08-15T12:48:50.829+0000][1226.773s][info][gc,phases   ] GC(211)   Other: 0.2ms
[2024-08-15T12:48:50.829+0000][1226.773s][info][gc,heap     ] GC(211) Eden regions: 604->0(603)
[2024-08-15T12:48:50.829+0000][1226.773s][info][gc,heap     ] GC(211) Survivor regions: 29->28(80)
[2024-08-15T12:48:50.829+0000][1226.773s][info][gc,heap     ] GC(211) Old regions: 496->499
[2024-08-15T12:48:50.829+0000][1226.773s][info][gc,heap     ] GC(211) Archive regions: 2->2
[2024-08-15T12:48:50.829+0000][1226.773s][info][gc,heap     ] GC(211) Humongous regions: 68->68
[2024-08-15T12:48:50.829+0000][1226.773s][info][gc,metaspace] GC(211) Metaspace: 420139K(426304K)->420139K(426304K) NonClass: 367168K(370752K)->367168K(370752K) Class: 52970K(55552K)->52970K(55552K)
[2024-08-15T12:48:50.829+0000][1226.773s][info][gc          ] GC(211) Pause Young (Normal) (G1 Evacuation Pause) 9573M->4761M(12288M) 86.944ms
[2024-08-15T12:48:50.829+0000][1226.774s][info][gc,cpu      ] GC(211) User=0.49s Sys=0.02s Real=0.09s
[2024-08-15T12:48:57.126+0000][1233.071s][info][gc,start    ] GC(212) Pause Young (Normal) (G1 Evacuation Pause)
[2024-08-15T12:48:57.126+0000][1233.071s][info][gc,task     ] GC(212) Using 6 workers of 6 for evacuation
[2024-08-15T12:48:57.203+0000][1233.148s][info][gc,phases   ] GC(212)   Pre Evacuate Collection Set: 0.2ms
[2024-08-15T12:48:57.203+0000][1233.148s][info][gc,phases   ] GC(212)   Merge Heap Roots: 0.3ms
[2024-08-15T12:48:57.203+0000][1233.148s][info][gc,phases   ] GC(212)   Evacuate Collection Set: 74.3ms
[2024-08-15T12:48:57.203+0000][1233.148s][info][gc,phases   ] GC(212)   Post Evacuate Collection Set: 2.1ms
[2024-08-15T12:48:57.203+0000][1233.148s][info][gc,phases   ] GC(212)   Other: 0.2ms
[2024-08-15T12:48:57.203+0000][1233.148s][info][gc,heap     ] GC(212) Eden regions: 603->0(604)
[2024-08-15T12:48:57.203+0000][1233.148s][info][gc,heap     ] GC(212) Survivor regions: 28->27(79)
[2024-08-15T12:48:57.203+0000][1233.148s][info][gc,heap     ] GC(212) Old regions: 499->500
[2024-08-15T12:48:57.203+0000][1233.148s][info][gc,heap     ] GC(212) Archive regions: 2->2
[2024-08-15T12:48:57.203+0000][1233.148s][info][gc,heap     ] GC(212) Humongous regions: 68->68
[2024-08-15T12:48:57.203+0000][1233.148s][info][gc,metaspace] GC(212) Metaspace: 420149K(426304K)->420149K(426304K) NonClass: 367179K(370752K)->367179K(370752K) Class: 52970K(55552K)->52970K(55552K)
[2024-08-15T12:48:57.204+0000][1233.148s][info][gc          ] GC(212) Pause Young (Normal) (G1 Evacuation Pause) 9585M->4758M(12288M) 77.150ms
[2024-08-15T12:48:57.204+0000][1233.148s][info][gc,cpu      ] GC(212) User=0.46s Sys=0.00s Real=0.08s
[2024-08-15T12:49:03.632+0000][1239.577s][info][gc,start    ] GC(213) Pause Young (Normal) (G1 Evacuation Pause)
[2024-08-15T12:49:03.632+0000][1239.577s][info][gc,task     ] GC(213) Using 6 workers of 6 for evacuation
[2024-08-15T12:49:03.720+0000][1239.665s][info][gc,phases   ] GC(213)   Pre Evacuate Collection Set: 0.2ms
[2024-08-15T12:49:03.720+0000][1239.665s][info][gc,phases   ] GC(213)   Merge Heap Roots: 0.3ms
[2024-08-15T12:49:03.720+0000][1239.665s][info][gc,phases   ] GC(213)   Evacuate Collection Set: 85.1ms
[2024-08-15T12:49:03.720+0000][1239.665s][info][gc,phases   ] GC(213)   Post Evacuate Collection Set: 2.2ms
[2024-08-15T12:49:03.720+0000][1239.665s][info][gc,phases   ] GC(213)   Other: 0.2ms
[2024-08-15T12:49:03.720+0000][1239.665s][info][gc,heap     ] GC(213) Eden regions: 604->0(603)
[2024-08-15T12:49:03.720+0000][1239.665s][info][gc,heap     ] GC(213) Survivor regions: 27->26(79)
[2024-08-15T12:49:03.720+0000][1239.665s][info][gc,heap     ] GC(213) Old regions: 500->503
[2024-08-15T12:49:03.720+0000][1239.665s][info][gc,heap     ] GC(213) Archive regions: 2->2
[2024-08-15T12:49:03.720+0000][1239.665s][info][gc,heap     ] GC(213) Humongous regions: 68->68
[2024-08-15T12:49:03.720+0000][1239.665s][info][gc,metaspace] GC(213) Metaspace: 420198K(426368K)->420198K(426368K) NonClass: 367227K(370816K)->367227K(370816K) Class: 52970K(55552K)->52970K(55552K)
[2024-08-15T12:49:03.720+0000][1239.665s][info][gc          ] GC(213) Pause Young (Normal) (G1 Evacuation Pause) 9590M->4774M(12288M) 87.998ms
[2024-08-15T12:49:03.720+0000][1239.665s][info][gc,cpu      ] GC(213) User=0.53s Sys=0.00s Real=0.09s
[2024-08-15T12:49:10.203+0000][1246.148s][info][gc,start    ] GC(214) Pause Young (Normal) (G1 Evacuation Pause)
[2024-08-15T12:49:10.203+0000][1246.148s][info][gc,task     ] GC(214) Using 6 workers of 6 for evacuation
[2024-08-15T12:49:10.272+0000][1246.217s][info][gc,phases   ] GC(214)   Pre Evacuate Collection Set: 0.2ms
[2024-08-15T12:49:10.272+0000][1246.217s][info][gc,phases   ] GC(214)   Merge Heap Roots: 0.3ms
[2024-08-15T12:49:10.272+0000][1246.217s][info][gc,phases   ] GC(214)   Evacuate Collection Set: 66.7ms
[2024-08-15T12:49:10.272+0000][1246.217s][info][gc,phases   ] GC(214)   Post Evacuate Collection Set: 2.1ms
[2024-08-15T12:49:10.272+0000][1246.217s][info][gc,phases   ] GC(214)   Other: 0.2ms
[2024-08-15T12:49:10.272+0000][1246.217s][info][gc,heap     ] GC(214) Eden regions: 603->0(603)
[2024-08-15T12:49:10.272+0000][1246.217s][info][gc,heap     ] GC(214) Survivor regions: 26->25(79)
[2024-08-15T12:49:10.272+0000][1246.217s][info][gc,heap     ] GC(214) Old regions: 503->505
[2024-08-15T12:49:10.272+0000][1246.217s][info][gc,heap     ] GC(214) Archive regions: 2->2
[2024-08-15T12:49:10.272+0000][1246.217s][info][gc,heap     ] GC(214) Humongous regions: 68->68
[2024-08-15T12:49:10.272+0000][1246.217s][info][gc,metaspace] GC(214) Metaspace: 420223K(426368K)->420223K(426368K) NonClass: 367253K(370816K)->367253K(370816K) Class: 52970K(55552K)->52970K(55552K)
[2024-08-15T12:49:10.272+0000][1246.217s][info][gc          ] GC(214) Pause Young (Normal) (G1 Evacuation Pause) 9598M->4783M(12288M) 69.525ms
[2024-08-15T12:49:10.272+0000][1246.217s][info][gc,cpu      ] GC(214) User=0.40s Sys=0.00s Real=0.07s
[2024-08-15T12:49:16.830+0000][1252.775s][info][gc,start    ] GC(215) Pause Young (Normal) (G1 Evacuation Pause)
[2024-08-15T12:49:16.830+0000][1252.775s][info][gc,task     ] GC(215) Using 6 workers of 6 for evacuation
[2024-08-15T12:49:16.903+0000][1252.848s][info][gc,phases   ] GC(215)   Pre Evacuate Collection Set: 0.2ms
[2024-08-15T12:49:16.903+0000][1252.848s][info][gc,phases   ] GC(215)   Merge Heap Roots: 0.2ms
[2024-08-15T12:49:16.903+0000][1252.848s][info][gc,phases   ] GC(215)   Evacuate Collection Set: 69.7ms
[2024-08-15T12:49:16.903+0000][1252.848s][info][gc,phases   ] GC(215)   Post Evacuate Collection Set: 2.3ms
[2024-08-15T12:49:16.903+0000][1252.848s][info][gc,phases   ] GC(215)   Other: 0.3ms
[2024-08-15T12:49:16.903+0000][1252.848s][info][gc,heap     ] GC(215) Eden regions: 603->0(601)
[2024-08-15T12:49:16.903+0000][1252.848s][info][gc,heap     ] GC(215) Survivor regions: 25->25(79)
[2024-08-15T12:49:16.903+0000][1252.848s][info][gc,heap     ] GC(215) Old regions: 505->507
[2024-08-15T12:49:16.903+0000][1252.848s][info][gc,heap     ] GC(215) Archive regions: 2->2
[2024-08-15T12:49:16.903+0000][1252.848s][info][gc,heap     ] GC(215) Humongous regions: 68->68
[2024-08-15T12:49:16.903+0000][1252.848s][info][gc,metaspace] GC(215) Metaspace: 420242K(426368K)->420242K(426368K) NonClass: 367271K(370816K)->367271K(370816K) Class: 52970K(55552K)->52970K(55552K)
[2024-08-15T12:49:16.903+0000][1252.848s][info][gc          ] GC(215) Pause Young (Normal) (G1 Evacuation Pause) 9607M->4799M(12288M) 72.762ms
[2024-08-15T12:49:16.903+0000][1252.848s][info][gc,cpu      ] GC(215) User=0.42s Sys=0.01s Real=0.08s
[2024-08-15T12:49:23.134+0000][1259.079s][info][gc,start    ] GC(216) Pause Young (Normal) (G1 Evacuation Pause)
[2024-08-15T12:49:23.134+0000][1259.079s][info][gc,task     ] GC(216) Using 6 workers of 6 for evacuation
[2024-08-15T12:49:23.197+0000][1259.141s][info][gc,phases   ] GC(216)   Pre Evacuate Collection Set: 0.2ms
[2024-08-15T12:49:23.197+0000][1259.141s][info][gc,phases   ] GC(216)   Merge Heap Roots: 0.2ms
[2024-08-15T12:49:23.197+0000][1259.141s][info][gc,phases   ] GC(216)   Evacuate Collection Set: 59.7ms
[2024-08-15T12:49:23.197+0000][1259.141s][info][gc,phases   ] GC(216)   Post Evacuate Collection Set: 2.1ms
[2024-08-15T12:49:23.197+0000][1259.141s][info][gc,phases   ] GC(216)   Other: 0.2ms
[2024-08-15T12:49:23.197+0000][1259.141s][info][gc,heap     ] GC(216) Eden regions: 601->0(602)
[2024-08-15T12:49:23.197+0000][1259.141s][info][gc,heap     ] GC(216) Survivor regions: 25->24(79)
[2024-08-15T12:49:23.197+0000][1259.141s][info][gc,heap     ] GC(216) Old regions: 507->508
[2024-08-15T12:49:23.197+0000][1259.141s][info][gc,heap     ] GC(216) Archive regions: 2->2
[2024-08-15T12:49:23.197+0000][1259.141s][info][gc,heap     ] GC(216) Humongous regions: 68->68
[2024-08-15T12:49:23.197+0000][1259.141s][info][gc,metaspace] GC(216) Metaspace: 420243K(426368K)->420243K(426368K) NonClass: 367271K(370816K)->367271K(370816K) Class: 52971K(55552K)->52971K(55552K)
[2024-08-15T12:49:23.197+0000][1259.141s][info][gc          ] GC(216) Pause Young (Normal) (G1 Evacuation Pause) 9607M->4795M(12288M) 62.467ms
[2024-08-15T12:49:23.197+0000][1259.141s][info][gc,cpu      ] GC(216) User=0.37s Sys=0.00s Real=0.07s
[2024-08-15T12:49:29.751+0000][1265.696s][info][gc,start    ] GC(217) Pause Young (Normal) (G1 Evacuation Pause)
[2024-08-15T12:49:29.751+0000][1265.696s][info][gc,task     ] GC(217) Using 6 workers of 6 for evacuation
[2024-08-15T12:49:29.819+0000][1265.764s][info][gc,phases   ] GC(217)   Pre Evacuate Collection Set: 0.2ms
[2024-08-15T12:49:29.819+0000][1265.764s][info][gc,phases   ] GC(217)   Merge Heap Roots: 0.2ms
[2024-08-15T12:49:29.819+0000][1265.764s][info][gc,phases   ] GC(217)   Evacuate Collection Set: 65.4ms
[2024-08-15T12:49:29.819+0000][1265.764s][info][gc,phases   ] GC(217)   Post Evacuate Collection Set: 2.0ms
[2024-08-15T12:49:29.819+0000][1265.764s][info][gc,phases   ] GC(217)   Other: 0.2ms
[2024-08-15T12:49:29.819+0000][1265.764s][info][gc,heap     ] GC(217) Eden regions: 602->0(602)
[2024-08-15T12:49:29.819+0000][1265.764s][info][gc,heap     ] GC(217) Survivor regions: 24->23(79)
[2024-08-15T12:49:29.819+0000][1265.764s][info][gc,heap     ] GC(217) Old regions: 508->510
[2024-08-15T12:49:29.819+0000][1265.764s][info][gc,heap     ] GC(217) Archive regions: 2->2
[2024-08-15T12:49:29.819+0000][1265.764s][info][gc,heap     ] GC(217) Humongous regions: 68->68
[2024-08-15T12:49:29.819+0000][1265.764s][info][gc,metaspace] GC(217) Metaspace: 420274K(426432K)->420274K(426432K) NonClass: 367303K(370880K)->367303K(370880K) Class: 52971K(55552K)->52971K(55552K)
[2024-08-15T12:49:29.819+0000][1265.764s][info][gc          ] GC(217) Pause Young (Normal) (G1 Evacuation Pause) 9611M->4811M(12288M) 68.204ms
[2024-08-15T12:49:29.819+0000][1265.764s][info][gc,cpu      ] GC(217) User=0.40s Sys=0.01s Real=0.07s
[2024-08-15T12:49:36.000+0000][1271.945s][info][gc,start    ] GC(218) Pause Young (Normal) (G1 Evacuation Pause)
[2024-08-15T12:49:36.000+0000][1271.945s][info][gc,task     ] GC(218) Using 6 workers of 6 for evacuation
[2024-08-15T12:49:36.053+0000][1271.998s][info][gc,phases   ] GC(218)   Pre Evacuate Collection Set: 0.2ms
[2024-08-15T12:49:36.053+0000][1271.998s][info][gc,phases   ] GC(218)   Merge Heap Roots: 0.2ms
[2024-08-15T12:49:36.053+0000][1271.998s][info][gc,phases   ] GC(218)   Evacuate Collection Set: 50.0ms
[2024-08-15T12:49:36.053+0000][1271.998s][info][gc,phases   ] GC(218)   Post Evacuate Collection Set: 2.1ms
[2024-08-15T12:49:36.053+0000][1271.998s][info][gc,phases   ] GC(218)   Other: 0.2ms
[2024-08-15T12:49:36.053+0000][1271.998s][info][gc,heap     ] GC(218) Eden regions: 602->0(605)
[2024-08-15T12:49:36.053+0000][1271.998s][info][gc,heap     ] GC(218) Survivor regions: 23->21(79)
[2024-08-15T12:49:36.053+0000][1271.998s][info][gc,heap     ] GC(218) Old regions: 510->511
[2024-08-15T12:49:36.053+0000][1271.998s][info][gc,heap     ] GC(218) Archive regions: 2->2
[2024-08-15T12:49:36.053+0000][1271.998s][info][gc,heap     ] GC(218) Humongous regions: 68->68
[2024-08-15T12:49:36.053+0000][1271.998s][info][gc,metaspace] GC(218) Metaspace: 420277K(426432K)->420277K(426432K) NonClass: 367305K(370880K)->367305K(370880K) Class: 52971K(55552K)->52971K(55552K)
[2024-08-15T12:49:36.053+0000][1271.998s][info][gc          ] GC(218) Pause Young (Normal) (G1 Evacuation Pause) 9627M->4803M(12288M) 52.840ms
[2024-08-15T12:49:36.053+0000][1271.998s][info][gc,cpu      ] GC(218) User=0.30s Sys=0.01s Real=0.05s
[2024-08-15T12:49:42.662+0000][1278.607s][info][gc,start    ] GC(219) Pause Young (Normal) (G1 Evacuation Pause)
[2024-08-15T12:49:42.662+0000][1278.607s][info][gc,task     ] GC(219) Using 6 workers of 6 for evacuation
[2024-08-15T12:49:42.716+0000][1278.661s][info][gc,phases   ] GC(219)   Pre Evacuate Collection Set: 0.2ms
[2024-08-15T12:49:42.716+0000][1278.661s][info][gc,phases   ] GC(219)   Merge Heap Roots: 0.2ms
[2024-08-15T12:49:42.716+0000][1278.661s][info][gc,phases   ] GC(219)   Evacuate Collection Set: 51.0ms
[2024-08-15T12:49:42.716+0000][1278.661s][info][gc,phases   ] GC(219)   Post Evacuate Collection Set: 2.2ms
[2024-08-15T12:49:42.716+0000][1278.661s][info][gc,phases   ] GC(219)   Other: 0.2ms
[2024-08-15T12:49:42.716+0000][1278.661s][info][gc,heap     ] GC(219) Eden regions: 605->0(602)
[2024-08-15T12:49:42.716+0000][1278.661s][info][gc,heap     ] GC(219) Survivor regions: 21->22(79)
[2024-08-15T12:49:42.716+0000][1278.661s][info][gc,heap     ] GC(219) Old regions: 511->512
[2024-08-15T12:49:42.716+0000][1278.661s][info][gc,heap     ] GC(219) Archive regions: 2->2
[2024-08-15T12:49:42.716+0000][1278.661s][info][gc,heap     ] GC(219) Humongous regions: 68->68
[2024-08-15T12:49:42.716+0000][1278.661s][info][gc,metaspace] GC(219) Metaspace: 420285K(426432K)->420285K(426432K) NonClass: 367314K(370880K)->367314K(370880K) Class: 52971K(55552K)->52971K(55552K)
[2024-08-15T12:49:42.716+0000][1278.661s][info][gc          ] GC(219) Pause Young (Normal) (G1 Evacuation Pause) 9643M->4813M(12288M) 53.904ms
[2024-08-15T12:49:42.716+0000][1278.661s][info][gc,cpu      ] GC(219) User=0.32s Sys=0.01s Real=0.06s
[2024-08-15T12:49:49.025+0000][1284.970s][info][gc,start    ] GC(220) Pause Young (Normal) (G1 Evacuation Pause)
[2024-08-15T12:49:49.025+0000][1284.970s][info][gc,task     ] GC(220) Using 6 workers of 6 for evacuation
[2024-08-15T12:49:49.094+0000][1285.038s][info][gc,phases   ] GC(220)   Pre Evacuate Collection Set: 0.2ms
[2024-08-15T12:49:49.094+0000][1285.038s][info][gc,phases   ] GC(220)   Merge Heap Roots: 0.2ms
[2024-08-15T12:49:49.094+0000][1285.038s][info][gc,phases   ] GC(220)   Evacuate Collection Set: 65.7ms
[2024-08-15T12:49:49.094+0000][1285.038s][info][gc,phases   ] GC(220)   Post Evacuate Collection Set: 2.1ms
[2024-08-15T12:49:49.094+0000][1285.038s][info][gc,phases   ] GC(220)   Other: 0.2ms
[2024-08-15T12:49:49.094+0000][1285.038s][info][gc,heap     ] GC(220) Eden regions: 602->0(603)
[2024-08-15T12:49:49.094+0000][1285.038s][info][gc,heap     ] GC(220) Survivor regions: 22->21(78)
[2024-08-15T12:49:49.094+0000][1285.038s][info][gc,heap     ] GC(220) Old regions: 512->513
[2024-08-15T12:49:49.094+0000][1285.038s][info][gc,heap     ] GC(220) Archive regions: 2->2
[2024-08-15T12:49:49.094+0000][1285.038s][info][gc,heap     ] GC(220) Humongous regions: 68->68
[2024-08-15T12:49:49.094+0000][1285.038s][info][gc,metaspace] GC(220) Metaspace: 420299K(426432K)->420299K(426432K) NonClass: 367327K(370880K)->367327K(370880K) Class: 52971K(55552K)->52971K(55552K)
[2024-08-15T12:49:49.094+0000][1285.038s][info][gc          ] GC(220) Pause Young (Normal) (G1 Evacuation Pause) 9629M->4811M(12288M) 68.474ms
[2024-08-15T12:49:49.094+0000][1285.038s][info][gc,cpu      ] GC(220) User=0.41s Sys=0.00s Real=0.06s
[2024-08-15T12:49:55.544+0000][1291.488s][info][gc,start    ] GC(221) Pause Young (Normal) (G1 Evacuation Pause)
[2024-08-15T12:49:55.544+0000][1291.488s][info][gc,task     ] GC(221) Using 6 workers of 6 for evacuation
[2024-08-15T12:49:55.598+0000][1291.543s][info][gc,phases   ] GC(221)   Pre Evacuate Collection Set: 0.2ms
[2024-08-15T12:49:55.599+0000][1291.543s][info][gc,phases   ] GC(221)   Merge Heap Roots: 0.2ms
[2024-08-15T12:49:55.599+0000][1291.543s][info][gc,phases   ] GC(221)   Evacuate Collection Set: 52.2ms
[2024-08-15T12:49:55.599+0000][1291.543s][info][gc,phases   ] GC(221)   Post Evacuate Collection Set: 2.0ms
[2024-08-15T12:49:55.599+0000][1291.543s][info][gc,phases   ] GC(221)   Other: 0.2ms
[2024-08-15T12:49:55.599+0000][1291.543s][info][gc,heap     ] GC(221) Eden regions: 603->0(603)
[2024-08-15T12:49:55.599+0000][1291.543s][info][gc,heap     ] GC(221) Survivor regions: 21->21(78)
[2024-08-15T12:49:55.599+0000][1291.543s][info][gc,heap     ] GC(221) Old regions: 513->513
[2024-08-15T12:49:55.599+0000][1291.543s][info][gc,heap     ] GC(221) Archive regions: 2->2
[2024-08-15T12:49:55.599+0000][1291.543s][info][gc,heap     ] GC(221) Humongous regions: 68->68
[2024-08-15T12:49:55.599+0000][1291.543s][info][gc,metaspace] GC(221) Metaspace: 420320K(426432K)->420320K(426432K) NonClass: 367349K(370880K)->367349K(370880K) Class: 52971K(55552K)->52971K(55552K)
[2024-08-15T12:49:55.599+0000][1291.543s][info][gc          ] GC(221) Pause Young (Normal) (G1 Evacuation Pause) 9635M->4820M(12288M) 54.903ms
[2024-08-15T12:49:55.599+0000][1291.543s][info][gc,cpu      ] GC(221) User=0.32s Sys=0.00s Real=0.05s
[2024-08-15T12:50:02.163+0000][1298.107s][info][gc,start    ] GC(222) Pause Young (Normal) (G1 Evacuation Pause)
[2024-08-15T12:50:02.163+0000][1298.107s][info][gc,task     ] GC(222) Using 6 workers of 6 for evacuation
[2024-08-15T12:50:02.219+0000][1298.163s][info][gc,phases   ] GC(222)   Pre Evacuate Collection Set: 0.2ms
[2024-08-15T12:50:02.219+0000][1298.163s][info][gc,phases   ] GC(222)   Merge Heap Roots: 0.3ms
[2024-08-15T12:50:02.219+0000][1298.163s][info][gc,phases   ] GC(222)   Evacuate Collection Set: 53.2ms
[2024-08-15T12:50:02.219+0000][1298.163s][info][gc,phases   ] GC(222)   Post Evacuate Collection Set: 2.2ms
[2024-08-15T12:50:02.219+0000][1298.163s][info][gc,phases   ] GC(222)   Other: 0.2ms
[2024-08-15T12:50:02.219+0000][1298.163s][info][gc,heap     ] GC(222) Eden regions: 603->0(600)
[2024-08-15T12:50:02.219+0000][1298.163s][info][gc,heap     ] GC(222) Survivor regions: 21->22(78)
[2024-08-15T12:50:02.219+0000][1298.163s][info][gc,heap     ] GC(222) Old regions: 513->514
[2024-08-15T12:50:02.219+0000][1298.163s][info][gc,heap     ] GC(222) Archive regions: 2->2
[2024-08-15T12:50:02.219+0000][1298.163s][info][gc,heap     ] GC(222) Humongous regions: 68->68
[2024-08-15T12:50:02.219+0000][1298.163s][info][gc,metaspace] GC(222) Metaspace: 420354K(426496K)->420354K(426496K) NonClass: 367383K(370944K)->367383K(370944K) Class: 52971K(55552K)->52971K(55552K)
[2024-08-15T12:50:02.219+0000][1298.163s][info][gc          ] GC(222) Pause Young (Normal) (G1 Evacuation Pause) 9644M->4835M(12288M) 56.077ms
[2024-08-15T12:50:02.219+0000][1298.164s][info][gc,cpu      ] GC(222) User=0.33s Sys=0.00s Real=0.06s
[2024-08-15T12:50:08.487+0000][1304.431s][info][gc,start    ] GC(223) Pause Young (Normal) (G1 Evacuation Pause)
[2024-08-15T12:50:08.487+0000][1304.431s][info][gc,task     ] GC(223) Using 6 workers of 6 for evacuation
[2024-08-15T12:50:08.544+0000][1304.489s][info][gc,phases   ] GC(223)   Pre Evacuate Collection Set: 0.2ms
[2024-08-15T12:50:08.544+0000][1304.489s][info][gc,phases   ] GC(223)   Merge Heap Roots: 0.2ms
[2024-08-15T12:50:08.544+0000][1304.489s][info][gc,phases   ] GC(223)   Evacuate Collection Set: 54.6ms
[2024-08-15T12:50:08.544+0000][1304.489s][info][gc,phases   ] GC(223)   Post Evacuate Collection Set: 2.1ms
[2024-08-15T12:50:08.544+0000][1304.489s][info][gc,phases   ] GC(223)   Other: 0.2ms
[2024-08-15T12:50:08.544+0000][1304.489s][info][gc,heap     ] GC(223) Eden regions: 600->0(597)
[2024-08-15T12:50:08.544+0000][1304.489s][info][gc,heap     ] GC(223) Survivor regions: 22->23(78)
[2024-08-15T12:50:08.544+0000][1304.489s][info][gc,heap     ] GC(223) Old regions: 514->515
[2024-08-15T12:50:08.544+0000][1304.489s][info][gc,heap     ] GC(223) Archive regions: 2->2
[2024-08-15T12:50:08.544+0000][1304.489s][info][gc,heap     ] GC(223) Humongous regions: 68->68
[2024-08-15T12:50:08.544+0000][1304.489s][info][gc,metaspace] GC(223) Metaspace: 420359K(426496K)->420359K(426496K) NonClass: 367388K(370944K)->367388K(370944K) Class: 52971K(55552K)->52971K(55552K)
[2024-08-15T12:50:08.544+0000][1304.489s][info][gc          ] GC(223) Pause Young (Normal) (G1 Evacuation Pause) 9635M->4848M(12288M) 57.389ms
[2024-08-15T12:50:08.544+0000][1304.489s][info][gc,cpu      ] GC(223) User=0.33s Sys=0.01s Real=0.06s
[2024-08-15T12:50:15.053+0000][1310.997s][info][gc,start    ] GC(224) Pause Young (Normal) (G1 Evacuation Pause)
[2024-08-15T12:50:15.053+0000][1310.997s][info][gc,task     ] GC(224) Using 6 workers of 6 for evacuation
[2024-08-15T12:50:15.111+0000][1311.055s][info][gc,phases   ] GC(224)   Pre Evacuate Collection Set: 0.2ms
[2024-08-15T12:50:15.111+0000][1311.055s][info][gc,phases   ] GC(224)   Merge Heap Roots: 0.2ms
[2024-08-15T12:50:15.111+0000][1311.055s][info][gc,phases   ] GC(224)   Evacuate Collection Set: 55.4ms
[2024-08-15T12:50:15.111+0000][1311.055s][info][gc,phases   ] GC(224)   Post Evacuate Collection Set: 2.1ms
[2024-08-15T12:50:15.111+0000][1311.055s][info][gc,phases   ] GC(224)   Other: 0.2ms
[2024-08-15T12:50:15.111+0000][1311.055s][info][gc,heap     ] GC(224) Eden regions: 597->0(592)
[2024-08-15T12:50:15.111+0000][1311.055s][info][gc,heap     ] GC(224) Survivor regions: 23->25(78)
[2024-08-15T12:50:15.111+0000][1311.055s][info][gc,heap     ] GC(224) Old regions: 515->516
[2024-08-15T12:50:15.111+0000][1311.055s][info][gc,heap     ] GC(224) Archive regions: 2->2
[2024-08-15T12:50:15.111+0000][1311.055s][info][gc,heap     ] GC(224) Humongous regions: 68->68
[2024-08-15T12:50:15.111+0000][1311.055s][info][gc,metaspace] GC(224) Metaspace: 420360K(426496K)->420360K(426496K) NonClass: 367389K(370944K)->367389K(370944K) Class: 52971K(55552K)->52971K(55552K)
[2024-08-15T12:50:15.111+0000][1311.055s][info][gc          ] GC(224) Pause Young (Normal) (G1 Evacuation Pause) 9624M->4866M(12288M) 58.147ms
[2024-08-15T12:50:15.111+0000][1311.055s][info][gc,cpu      ] GC(224) User=0.34s Sys=0.00s Real=0.06s
[2024-08-15T12:50:21.356+0000][1317.301s][info][gc,start    ] GC(225) Pause Young (Normal) (G1 Evacuation Pause)
[2024-08-15T12:50:21.356+0000][1317.301s][info][gc,task     ] GC(225) Using 6 workers of 6 for evacuation
[2024-08-15T12:50:21.414+0000][1317.359s][info][gc,phases   ] GC(225)   Pre Evacuate Collection Set: 0.2ms
[2024-08-15T12:50:21.414+0000][1317.359s][info][gc,phases   ] GC(225)   Merge Heap Roots: 0.2ms
[2024-08-15T12:50:21.414+0000][1317.359s][info][gc,phases   ] GC(225)   Evacuate Collection Set: 55.2ms
[2024-08-15T12:50:21.414+0000][1317.359s][info][gc,phases   ] GC(225)   Post Evacuate Collection Set: 2.0ms
[2024-08-15T12:50:21.414+0000][1317.359s][info][gc,phases   ] GC(225)   Other: 0.2ms
[2024-08-15T12:50:21.414+0000][1317.359s][info][gc,heap     ] GC(225) Eden regions: 592->0(591)
[2024-08-15T12:50:21.414+0000][1317.359s][info][gc,heap     ] GC(225) Survivor regions: 25->25(78)
[2024-08-15T12:50:21.414+0000][1317.359s][info][gc,heap     ] GC(225) Old regions: 516->517
[2024-08-15T12:50:21.414+0000][1317.359s][info][gc,heap     ] GC(225) Archive regions: 2->2
[2024-08-15T12:50:21.414+0000][1317.359s][info][gc,heap     ] GC(225) Humongous regions: 68->68
[2024-08-15T12:50:21.414+0000][1317.359s][info][gc,metaspace] GC(225) Metaspace: 420362K(426496K)->420362K(426496K) NonClass: 367391K(370944K)->367391K(370944K) Class: 52971K(55552K)->52971K(55552K)
[2024-08-15T12:50:21.414+0000][1317.359s][info][gc          ] GC(225) Pause Young (Normal) (G1 Evacuation Pause) 9602M->4873M(12288M) 57.983ms
[2024-08-15T12:50:21.414+0000][1317.359s][info][gc,cpu      ] GC(225) User=0.34s Sys=0.00s Real=0.05s
[2024-08-15T12:50:27.928+0000][1323.873s][info][gc,start    ] GC(226) Pause Young (Normal) (G1 Evacuation Pause)
[2024-08-15T12:50:27.928+0000][1323.873s][info][gc,task     ] GC(226) Using 6 workers of 6 for evacuation
[2024-08-15T12:50:27.987+0000][1323.931s][info][gc,phases   ] GC(226)   Pre Evacuate Collection Set: 0.2ms
[2024-08-15T12:50:27.987+0000][1323.931s][info][gc,phases   ] GC(226)   Merge Heap Roots: 0.2ms
[2024-08-15T12:50:27.987+0000][1323.931s][info][gc,phases   ] GC(226)   Evacuate Collection Set: 55.6ms
[2024-08-15T12:50:27.987+0000][1323.931s][info][gc,phases   ] GC(226)   Post Evacuate Collection Set: 2.1ms
[2024-08-15T12:50:27.987+0000][1323.931s][info][gc,phases   ] GC(226)   Other: 0.2ms
[2024-08-15T12:50:27.987+0000][1323.931s][info][gc,heap     ] GC(226) Eden regions: 591->0(591)
[2024-08-15T12:50:27.987+0000][1323.931s][info][gc,heap     ] GC(226) Survivor regions: 25->25(77)
[2024-08-15T12:50:27.987+0000][1323.931s][info][gc,heap     ] GC(226) Old regions: 517->517
[2024-08-15T12:50:27.987+0000][1323.931s][info][gc,heap     ] GC(226) Archive regions: 2->2
[2024-08-15T12:50:27.987+0000][1323.931s][info][gc,heap     ] GC(226) Humongous regions: 68->68
[2024-08-15T12:50:27.987+0000][1323.931s][info][gc,metaspace] GC(226) Metaspace: 420365K(426496K)->420365K(426496K) NonClass: 367394K(370944K)->367394K(370944K) Class: 52971K(55552K)->52971K(55552K)
[2024-08-15T12:50:27.987+0000][1323.931s][info][gc          ] GC(226) Pause Young (Normal) (G1 Evacuation Pause) 9601M->4878M(12288M) 58.474ms
[2024-08-15T12:50:27.987+0000][1323.931s][info][gc,cpu      ] GC(226) User=0.34s Sys=0.00s Real=0.06s
[2024-08-15T12:50:34.087+0000][1330.031s][info][gc,start    ] GC(227) Pause Young (Normal) (G1 Evacuation Pause)
[2024-08-15T12:50:34.087+0000][1330.031s][info][gc,task     ] GC(227) Using 6 workers of 6 for evacuation
[2024-08-15T12:50:34.142+0000][1330.087s][info][gc,phases   ] GC(227)   Pre Evacuate Collection Set: 0.2ms
[2024-08-15T12:50:34.142+0000][1330.087s][info][gc,phases   ] GC(227)   Merge Heap Roots: 0.3ms
[2024-08-15T12:50:34.142+0000][1330.087s][info][gc,phases   ] GC(227)   Evacuate Collection Set: 53.0ms
[2024-08-15T12:50:34.142+0000][1330.087s][info][gc,phases   ] GC(227)   Post Evacuate Collection Set: 2.1ms
[2024-08-15T12:50:34.142+0000][1330.087s][info][gc,phases   ] GC(227)   Other: 0.2ms
[2024-08-15T12:50:34.142+0000][1330.087s][info][gc,heap     ] GC(227) Eden regions: 591->0(598)
[2024-08-15T12:50:34.142+0000][1330.087s][info][gc,heap     ] GC(227) Survivor regions: 25->21(77)
[2024-08-15T12:50:34.142+0000][1330.087s][info][gc,heap     ] GC(227) Old regions: 517->518
[2024-08-15T12:50:34.142+0000][1330.087s][info][gc,heap     ] GC(227) Archive regions: 2->2
[2024-08-15T12:50:34.142+0000][1330.087s][info][gc,heap     ] GC(227) Humongous regions: 68->68
[2024-08-15T12:50:34.142+0000][1330.087s][info][gc,metaspace] GC(227) Metaspace: 420390K(426496K)->420390K(426496K) NonClass: 367416K(370944K)->367416K(370944K) Class: 52974K(55552K)->52974K(55552K)
[2024-08-15T12:50:34.143+0000][1330.087s][info][gc          ] GC(227) Pause Young (Normal) (G1 Evacuation Pause) 9606M->4856M(12288M) 55.811ms
[2024-08-15T12:50:34.143+0000][1330.087s][info][gc,cpu      ] GC(227) User=0.33s Sys=0.00s Real=0.05s
[2024-08-15T12:50:36.369+0000][1332.314s][info][gc,start    ] GC(228) Pause Young (Normal) (G1 Evacuation Pause)
[2024-08-15T12:50:36.369+0000][1332.314s][info][gc,task     ] GC(228) Using 6 workers of 6 for evacuation
[2024-08-15T12:50:36.451+0000][1332.395s][info][gc,phases   ] GC(228)   Pre Evacuate Collection Set: 0.2ms
[2024-08-15T12:50:36.451+0000][1332.396s][info][gc,phases   ] GC(228)   Merge Heap Roots: 0.3ms
[2024-08-15T12:50:36.451+0000][1332.396s][info][gc,phases   ] GC(228)   Evacuate Collection Set: 69.3ms
[2024-08-15T12:50:36.451+0000][1332.396s][info][gc,phases   ] GC(228)   Post Evacuate Collection Set: 11.6ms
[2024-08-15T12:50:36.451+0000][1332.396s][info][gc,phases   ] GC(228)   Other: 0.2ms
[2024-08-15T12:50:36.451+0000][1332.396s][info][gc,heap     ] GC(228) Eden regions: 598->0(595)
[2024-08-15T12:50:36.451+0000][1332.396s][info][gc,heap     ] GC(228) Survivor regions: 21->22(78)
[2024-08-15T12:50:36.451+0000][1332.396s][info][gc,heap     ] GC(228) Old regions: 518->519
[2024-08-15T12:50:36.451+0000][1332.396s][info][gc,heap     ] GC(228) Archive regions: 2->2
[2024-08-15T12:50:36.451+0000][1332.396s][info][gc,heap     ] GC(228) Humongous regions: 68->68
[2024-08-15T12:50:36.451+0000][1332.396s][info][gc,metaspace] GC(228) Metaspace: 420390K(426496K)->420390K(426496K) NonClass: 367416K(370944K)->367416K(370944K) Class: 52974K(55552K)->52974K(55552K)
[2024-08-15T12:50:36.451+0000][1332.396s][info][gc          ] GC(228) Pause Young (Normal) (G1 Evacuation Pause) 9640M->4870M(12288M) 81.542ms
[2024-08-15T12:50:36.451+0000][1332.396s][info][gc,cpu      ] GC(228) User=0.47s Sys=0.01s Real=0.08s
[2024-08-15T12:50:38.343+0000][1334.288s][info][gc,start    ] GC(229) Pause Young (Normal) (G1 Evacuation Pause)
[2024-08-15T12:50:38.343+0000][1334.288s][info][gc,task     ] GC(229) Using 6 workers of 6 for evacuation
[2024-08-15T12:50:38.444+0000][1334.389s][info][gc,phases   ] GC(229)   Pre Evacuate Collection Set: 0.2ms
[2024-08-15T12:50:38.444+0000][1334.389s][info][gc,phases   ] GC(229)   Merge Heap Roots: 0.2ms
[2024-08-15T12:50:38.444+0000][1334.389s][info][gc,phases   ] GC(229)   Evacuate Collection Set: 84.5ms
[2024-08-15T12:50:38.444+0000][1334.389s][info][gc,phases   ] GC(229)   Post Evacuate Collection Set: 16.1ms
[2024-08-15T12:50:38.444+0000][1334.389s][info][gc,phases   ] GC(229)   Other: 0.2ms
[2024-08-15T12:50:38.444+0000][1334.389s][info][gc,heap     ] GC(229) Eden regions: 595->0(591)
[2024-08-15T12:50:38.444+0000][1334.389s][info][gc,heap     ] GC(229) Survivor regions: 22->24(78)
[2024-08-15T12:50:38.444+0000][1334.389s][info][gc,heap     ] GC(229) Old regions: 519->519
[2024-08-15T12:50:38.444+0000][1334.389s][info][gc,heap     ] GC(229) Archive regions: 2->2
[2024-08-15T12:50:38.444+0000][1334.389s][info][gc,heap     ] GC(229) Humongous regions: 68->68
[2024-08-15T12:50:38.444+0000][1334.389s][info][gc,metaspace] GC(229) Metaspace: 420390K(426496K)->420390K(426496K) NonClass: 367416K(370944K)->367416K(370944K) Class: 52974K(55552K)->52974K(55552K)
[2024-08-15T12:50:38.444+0000][1334.389s][info][gc          ] GC(229) Pause Young (Normal) (G1 Evacuation Pause) 9630M->4892M(12288M) 101.244ms
[2024-08-15T12:50:38.444+0000][1334.389s][info][gc,cpu      ] GC(229) User=0.60s Sys=0.00s Real=0.10s
[2024-08-15T12:50:40.374+0000][1336.319s][info][gc,start    ] GC(230) Pause Young (Normal) (G1 Evacuation Pause)
[2024-08-15T12:50:40.374+0000][1336.319s][info][gc,task     ] GC(230) Using 6 workers of 6 for evacuation
[2024-08-15T12:50:40.492+0000][1336.436s][info][gc,phases   ] GC(230)   Pre Evacuate Collection Set: 0.2ms
[2024-08-15T12:50:40.492+0000][1336.436s][info][gc,phases   ] GC(230)   Merge Heap Roots: 0.3ms
[2024-08-15T12:50:40.492+0000][1336.436s][info][gc,phases   ] GC(230)   Evacuate Collection Set: 99.3ms
[2024-08-15T12:50:40.492+0000][1336.436s][info][gc,phases   ] GC(230)   Post Evacuate Collection Set: 17.8ms
[2024-08-15T12:50:40.492+0000][1336.436s][info][gc,phases   ] GC(230)   Other: 0.2ms
[2024-08-15T12:50:40.492+0000][1336.436s][info][gc,heap     ] GC(230) Eden regions: 591->0(580)
[2024-08-15T12:50:40.492+0000][1336.436s][info][gc,heap     ] GC(230) Survivor regions: 24->29(77)
[2024-08-15T12:50:40.492+0000][1336.436s][info][gc,heap     ] GC(230) Old regions: 519->520
[2024-08-15T12:50:40.492+0000][1336.436s][info][gc,heap     ] GC(230) Archive regions: 2->2
[2024-08-15T12:50:40.492+0000][1336.436s][info][gc,heap     ] GC(230) Humongous regions: 68->68
[2024-08-15T12:50:40.492+0000][1336.436s][info][gc,metaspace] GC(230) Metaspace: 420394K(426560K)->420394K(426560K) NonClass: 367420K(371008K)->367420K(371008K) Class: 52974K(55552K)->52974K(55552K)
[2024-08-15T12:50:40.492+0000][1336.437s][info][gc          ] GC(230) Pause Young (Normal) (G1 Evacuation Pause) 9620M->4934M(12288M) 117.857ms
[2024-08-15T12:50:40.492+0000][1336.437s][info][gc,cpu      ] GC(230) User=0.69s Sys=0.00s Real=0.12s
[2024-08-15T12:50:42.352+0000][1338.297s][info][gc,start    ] GC(231) Pause Young (Normal) (G1 Evacuation Pause)
[2024-08-15T12:50:42.352+0000][1338.297s][info][gc,task     ] GC(231) Using 6 workers of 6 for evacuation
[2024-08-15T12:50:42.486+0000][1338.431s][info][gc,phases   ] GC(231)   Pre Evacuate Collection Set: 0.2ms
[2024-08-15T12:50:42.486+0000][1338.431s][info][gc,phases   ] GC(231)   Merge Heap Roots: 0.3ms
[2024-08-15T12:50:42.486+0000][1338.431s][info][gc,phases   ] GC(231)   Evacuate Collection Set: 112.9ms
[2024-08-15T12:50:42.486+0000][1338.431s][info][gc,phases   ] GC(231)   Post Evacuate Collection Set: 20.8ms
[2024-08-15T12:50:42.486+0000][1338.431s][info][gc,phases   ] GC(231)   Other: 0.2ms
[2024-08-15T12:50:42.486+0000][1338.431s][info][gc,heap     ] GC(231) Eden regions: 580->0(577)
[2024-08-15T12:50:42.486+0000][1338.431s][info][gc,heap     ] GC(231) Survivor regions: 29->30(77)
[2024-08-15T12:50:42.486+0000][1338.431s][info][gc,heap     ] GC(231) Old regions: 520->521
[2024-08-15T12:50:42.486+0000][1338.431s][info][gc,heap     ] GC(231) Archive regions: 2->2
[2024-08-15T12:50:42.486+0000][1338.431s][info][gc,heap     ] GC(231) Humongous regions: 68->68
[2024-08-15T12:50:42.486+0000][1338.431s][info][gc,metaspace] GC(231) Metaspace: 420394K(426560K)->420394K(426560K) NonClass: 367420K(371008K)->367420K(371008K) Class: 52974K(55552K)->52974K(55552K)
[2024-08-15T12:50:42.486+0000][1338.431s][info][gc          ] GC(231) Pause Young (Normal) (G1 Evacuation Pause) 9574M->4952M(12288M) 134.442ms
[2024-08-15T12:50:42.486+0000][1338.431s][info][gc,cpu      ] GC(231) User=0.78s Sys=0.00s Real=0.14s
[2024-08-15T12:50:44.380+0000][1340.324s][info][gc,start    ] GC(232) Pause Young (Normal) (G1 Evacuation Pause)
[2024-08-15T12:50:44.380+0000][1340.324s][info][gc,task     ] GC(232) Using 6 workers of 6 for evacuation
[2024-08-15T12:50:44.524+0000][1340.469s][info][gc,phases   ] GC(232)   Pre Evacuate Collection Set: 0.2ms
[2024-08-15T12:50:44.524+0000][1340.469s][info][gc,phases   ] GC(232)   Merge Heap Roots: 0.4ms
[2024-08-15T12:50:44.524+0000][1340.469s][info][gc,phases   ] GC(232)   Evacuate Collection Set: 123.7ms
[2024-08-15T12:50:44.524+0000][1340.469s][info][gc,phases   ] GC(232)   Post Evacuate Collection Set: 20.1ms
[2024-08-15T12:50:44.524+0000][1340.469s][info][gc,phases   ] GC(232)   Other: 0.2ms
[2024-08-15T12:50:44.524+0000][1340.469s][info][gc,heap     ] GC(232) Eden regions: 577->0(572)
[2024-08-15T12:50:44.524+0000][1340.469s][info][gc,heap     ] GC(232) Survivor regions: 30->32(76)
[2024-08-15T12:50:44.524+0000][1340.469s][info][gc,heap     ] GC(232) Old regions: 521->522
[2024-08-15T12:50:44.524+0000][1340.469s][info][gc,heap     ] GC(232) Archive regions: 2->2
[2024-08-15T12:50:44.524+0000][1340.469s][info][gc,heap     ] GC(232) Humongous regions: 68->68
[2024-08-15T12:50:44.524+0000][1340.469s][info][gc,metaspace] GC(232) Metaspace: 420406K(426624K)->420406K(426624K) NonClass: 367432K(371072K)->367432K(371072K) Class: 52974K(55552K)->52974K(55552K)
[2024-08-15T12:50:44.524+0000][1340.469s][info][gc          ] GC(232) Pause Young (Normal) (G1 Evacuation Pause) 9568M->4975M(12288M) 144.637ms
[2024-08-15T12:50:44.524+0000][1340.469s][info][gc,cpu      ] GC(232) User=0.85s Sys=0.00s Real=0.15s
[2024-08-15T12:50:46.337+0000][1342.282s][info][gc,start    ] GC(233) Pause Young (Normal) (G1 Evacuation Pause)
[2024-08-15T12:50:46.337+0000][1342.282s][info][gc,task     ] GC(233) Using 6 workers of 6 for evacuation
[2024-08-15T12:50:46.491+0000][1342.435s][info][gc,phases   ] GC(233)   Pre Evacuate Collection Set: 0.2ms
[2024-08-15T12:50:46.491+0000][1342.435s][info][gc,phases   ] GC(233)   Merge Heap Roots: 0.4ms
[2024-08-15T12:50:46.491+0000][1342.435s][info][gc,phases   ] GC(233)   Evacuate Collection Set: 133.2ms
[2024-08-15T12:50:46.491+0000][1342.435s][info][gc,phases   ] GC(233)   Post Evacuate Collection Set: 19.6ms
[2024-08-15T12:50:46.491+0000][1342.435s][info][gc,phases   ] GC(233)   Other: 0.2ms
[2024-08-15T12:50:46.491+0000][1342.435s][info][gc,heap     ] GC(233) Eden regions: 572->0(565)
[2024-08-15T12:50:46.491+0000][1342.435s][info][gc,heap     ] GC(233) Survivor regions: 32->35(76)
[2024-08-15T12:50:46.491+0000][1342.435s][info][gc,heap     ] GC(233) Old regions: 522->523
[2024-08-15T12:50:46.491+0000][1342.435s][info][gc,heap     ] GC(233) Archive regions: 2->2
[2024-08-15T12:50:46.491+0000][1342.435s][info][gc,heap     ] GC(233) Humongous regions: 68->68
[2024-08-15T12:50:46.491+0000][1342.435s][info][gc,metaspace] GC(233) Metaspace: 420406K(426624K)->420406K(426624K) NonClass: 367432K(371072K)->367432K(371072K) Class: 52974K(55552K)->52974K(55552K)
[2024-08-15T12:50:46.491+0000][1342.435s][info][gc          ] GC(233) Pause Young (Normal) (G1 Evacuation Pause) 9551M->5006M(12288M) 153.645ms
[2024-08-15T12:50:46.491+0000][1342.435s][info][gc,cpu      ] GC(233) User=0.90s Sys=0.00s Real=0.15s
[2024-08-15T12:50:48.329+0000][1344.273s][info][gc,start    ] GC(234) Pause Young (Normal) (G1 Evacuation Pause)
[2024-08-15T12:50:48.329+0000][1344.273s][info][gc,task     ] GC(234) Using 6 workers of 6 for evacuation
[2024-08-15T12:50:48.491+0000][1344.436s][info][gc,phases   ] GC(234)   Pre Evacuate Collection Set: 0.2ms
[2024-08-15T12:50:48.491+0000][1344.436s][info][gc,phases   ] GC(234)   Merge Heap Roots: 0.4ms
[2024-08-15T12:50:48.491+0000][1344.436s][info][gc,phases   ] GC(234)   Evacuate Collection Set: 142.9ms
[2024-08-15T12:50:48.491+0000][1344.436s][info][gc,phases   ] GC(234)   Post Evacuate Collection Set: 19.0ms
[2024-08-15T12:50:48.491+0000][1344.436s][info][gc,phases   ] GC(234)   Other: 0.2ms
[2024-08-15T12:50:48.491+0000][1344.436s][info][gc,heap     ] GC(234) Eden regions: 565->0(558)
[2024-08-15T12:50:48.491+0000][1344.436s][info][gc,heap     ] GC(234) Survivor regions: 35->38(75)
[2024-08-15T12:50:48.491+0000][1344.436s][info][gc,heap     ] GC(234) Old regions: 523->524
[2024-08-15T12:50:48.491+0000][1344.436s][info][gc,heap     ] GC(234) Archive regions: 2->2
[2024-08-15T12:50:48.491+0000][1344.436s][info][gc,heap     ] GC(234) Humongous regions: 68->68
[2024-08-15T12:50:48.491+0000][1344.436s][info][gc,metaspace] GC(234) Metaspace: 420406K(426624K)->420406K(426624K) NonClass: 367432K(371072K)->367432K(371072K) Class: 52974K(55552K)->52974K(55552K)
[2024-08-15T12:50:48.491+0000][1344.436s][info][gc          ] GC(234) Pause Young (Normal) (G1 Evacuation Pause) 9526M->5034M(12288M) 162.766ms
[2024-08-15T12:50:48.492+0000][1344.436s][info][gc,cpu      ] GC(234) User=0.96s Sys=0.00s Real=0.16s
[2024-08-15T12:50:50.412+0000][1346.356s][info][gc,start    ] GC(235) Pause Young (Normal) (G1 Evacuation Pause)
[2024-08-15T12:50:50.412+0000][1346.356s][info][gc,task     ] GC(235) Using 6 workers of 6 for evacuation
[2024-08-15T12:50:50.577+0000][1346.522s][info][gc,phases   ] GC(235)   Pre Evacuate Collection Set: 0.2ms
[2024-08-15T12:50:50.577+0000][1346.522s][info][gc,phases   ] GC(235)   Merge Heap Roots: 0.3ms
[2024-08-15T12:50:50.577+0000][1346.522s][info][gc,phases   ] GC(235)   Evacuate Collection Set: 145.8ms
[2024-08-15T12:50:50.577+0000][1346.522s][info][gc,phases   ] GC(235)   Post Evacuate Collection Set: 19.1ms
[2024-08-15T12:50:50.577+0000][1346.522s][info][gc,phases   ] GC(235)   Other: 0.2ms
[2024-08-15T12:50:50.577+0000][1346.522s][info][gc,heap     ] GC(235) Eden regions: 558->0(555)
[2024-08-15T12:50:50.577+0000][1346.522s][info][gc,heap     ] GC(235) Survivor regions: 38->39(75)
[2024-08-15T12:50:50.577+0000][1346.522s][info][gc,heap     ] GC(235) Old regions: 524->525
[2024-08-15T12:50:50.577+0000][1346.522s][info][gc,heap     ] GC(235) Archive regions: 2->2
[2024-08-15T12:50:50.577+0000][1346.522s][info][gc,heap     ] GC(235) Humongous regions: 68->68
[2024-08-15T12:50:50.577+0000][1346.522s][info][gc,metaspace] GC(235) Metaspace: 420406K(426624K)->420406K(426624K) NonClass: 367432K(371072K)->367432K(371072K) Class: 52974K(55552K)->52974K(55552K)
[2024-08-15T12:50:50.577+0000][1346.522s][info][gc          ] GC(235) Pause Young (Normal) (G1 Evacuation Pause) 9498M->5054M(12288M) 165.683ms
[2024-08-15T12:50:50.577+0000][1346.522s][info][gc,cpu      ] GC(235) User=0.97s Sys=0.00s Real=0.17s
[2024-08-15T12:50:54.279+0000][1350.223s][info][gc,start    ] GC(236) Pause Young (Normal) (G1 Evacuation Pause)
[2024-08-15T12:50:54.279+0000][1350.223s][info][gc,task     ] GC(236) Using 6 workers of 6 for evacuation
[2024-08-15T12:50:54.426+0000][1350.371s][info][gc,phases   ] GC(236)   Pre Evacuate Collection Set: 0.2ms
[2024-08-15T12:50:54.426+0000][1350.371s][info][gc,phases   ] GC(236)   Merge Heap Roots: 0.4ms
[2024-08-15T12:50:54.426+0000][1350.371s][info][gc,phases   ] GC(236)   Evacuate Collection Set: 135.6ms
[2024-08-15T12:50:54.426+0000][1350.371s][info][gc,phases   ] GC(236)   Post Evacuate Collection Set: 11.2ms
[2024-08-15T12:50:54.426+0000][1350.371s][info][gc,phases   ] GC(236)   Other: 0.2ms
[2024-08-15T12:50:54.426+0000][1350.371s][info][gc,heap     ] GC(236) Eden regions: 555->0(554)
[2024-08-15T12:50:54.426+0000][1350.371s][info][gc,heap     ] GC(236) Survivor regions: 39->39(75)
[2024-08-15T12:50:54.426+0000][1350.371s][info][gc,heap     ] GC(236) Old regions: 525->526
[2024-08-15T12:50:54.426+0000][1350.371s][info][gc,heap     ] GC(236) Archive regions: 2->2
[2024-08-15T12:50:54.426+0000][1350.371s][info][gc,heap     ] GC(236) Humongous regions: 68->68
[2024-08-15T12:50:54.426+0000][1350.371s][info][gc,metaspace] GC(236) Metaspace: 420422K(426624K)->420422K(426624K) NonClass: 367447K(371072K)->367447K(371072K) Class: 52974K(55552K)->52974K(55552K)
[2024-08-15T12:50:54.426+0000][1350.371s][info][gc          ] GC(236) Pause Young (Normal) (G1 Evacuation Pause) 9494M->5060M(12288M) 147.656ms
[2024-08-15T12:50:54.426+0000][1350.371s][info][gc,cpu      ] GC(236) User=0.87s Sys=0.00s Real=0.15s
[2024-08-15T12:51:00.494+0000][1356.439s][info][gc,start    ] GC(237) Pause Young (Normal) (G1 Evacuation Pause)
[2024-08-15T12:51:00.495+0000][1356.439s][info][gc,task     ] GC(237) Using 6 workers of 6 for evacuation
[2024-08-15T12:51:00.620+0000][1356.565s][info][gc,phases   ] GC(237)   Pre Evacuate Collection Set: 0.2ms
[2024-08-15T12:51:00.620+0000][1356.565s][info][gc,phases   ] GC(237)   Merge Heap Roots: 0.4ms
[2024-08-15T12:51:00.620+0000][1356.565s][info][gc,phases   ] GC(237)   Evacuate Collection Set: 123.0ms
[2024-08-15T12:51:00.620+0000][1356.565s][info][gc,phases   ] GC(237)   Post Evacuate Collection Set: 2.1ms
[2024-08-15T12:51:00.620+0000][1356.565s][info][gc,phases   ] GC(237)   Other: 0.2ms
[2024-08-15T12:51:00.620+0000][1356.565s][info][gc,heap     ] GC(237) Eden regions: 554->0(553)
[2024-08-15T12:51:00.620+0000][1356.565s][info][gc,heap     ] GC(237) Survivor regions: 39->39(75)
[2024-08-15T12:51:00.620+0000][1356.565s][info][gc,heap     ] GC(237) Old regions: 526->527
[2024-08-15T12:51:00.620+0000][1356.565s][info][gc,heap     ] GC(237) Archive regions: 2->2
[2024-08-15T12:51:00.620+0000][1356.565s][info][gc,heap     ] GC(237) Humongous regions: 68->68
[2024-08-15T12:51:00.620+0000][1356.565s][info][gc,metaspace] GC(237) Metaspace: 420429K(426624K)->420429K(426624K) NonClass: 367455K(371072K)->367455K(371072K) Class: 52974K(55552K)->52974K(55552K)
[2024-08-15T12:51:00.620+0000][1356.565s][info][gc          ] GC(237) Pause Young (Normal) (G1 Evacuation Pause) 9492M->5073M(12288M) 125.856ms
[2024-08-15T12:51:00.620+0000][1356.565s][info][gc,cpu      ] GC(237) User=0.75s Sys=0.00s Real=0.13s
[2024-08-15T12:51:06.608+0000][1362.553s][info][gc,start    ] GC(238) Pause Young (Normal) (G1 Evacuation Pause)
[2024-08-15T12:51:06.608+0000][1362.553s][info][gc,task     ] GC(238) Using 6 workers of 6 for evacuation
[2024-08-15T12:51:06.735+0000][1362.680s][info][gc,phases   ] GC(238)   Pre Evacuate Collection Set: 0.2ms
[2024-08-15T12:51:06.735+0000][1362.680s][info][gc,phases   ] GC(238)   Merge Heap Roots: 0.3ms
[2024-08-15T12:51:06.735+0000][1362.680s][info][gc,phases   ] GC(238)   Evacuate Collection Set: 124.3ms
[2024-08-15T12:51:06.735+0000][1362.680s][info][gc,phases   ] GC(238)   Post Evacuate Collection Set: 2.1ms
[2024-08-15T12:51:06.735+0000][1362.680s][info][gc,phases   ] GC(238)   Other: 0.2ms
[2024-08-15T12:51:06.735+0000][1362.680s][info][gc,heap     ] GC(238) Eden regions: 553->0(550)
[2024-08-15T12:51:06.735+0000][1362.680s][info][gc,heap     ] GC(238) Survivor regions: 39->40(74)
[2024-08-15T12:51:06.735+0000][1362.680s][info][gc,heap     ] GC(238) Old regions: 527->528
[2024-08-15T12:51:06.735+0000][1362.680s][info][gc,heap     ] GC(238) Archive regions: 2->2
[2024-08-15T12:51:06.735+0000][1362.680s][info][gc,heap     ] GC(238) Humongous regions: 68->68
[2024-08-15T12:51:06.735+0000][1362.680s][info][gc,metaspace] GC(238) Metaspace: 420442K(426624K)->420442K(426624K) NonClass: 367467K(371072K)->367467K(371072K) Class: 52974K(55552K)->52974K(55552K)
[2024-08-15T12:51:06.735+0000][1362.680s][info][gc          ] GC(238) Pause Young (Normal) (G1 Evacuation Pause) 9497M->5087M(12288M) 127.194ms
[2024-08-15T12:51:06.735+0000][1362.680s][info][gc,cpu      ] GC(238) User=0.76s Sys=0.00s Real=0.13s
[2024-08-15T12:51:12.741+0000][1368.686s][info][gc,start    ] GC(239) Pause Young (Normal) (G1 Evacuation Pause)
[2024-08-15T12:51:12.741+0000][1368.686s][info][gc,task     ] GC(239) Using 6 workers of 6 for evacuation
[2024-08-15T12:51:12.866+0000][1368.811s][info][gc,phases   ] GC(239)   Pre Evacuate Collection Set: 0.2ms
[2024-08-15T12:51:12.866+0000][1368.811s][info][gc,phases   ] GC(239)   Merge Heap Roots: 0.3ms
[2024-08-15T12:51:12.866+0000][1368.811s][info][gc,phases   ] GC(239)   Evacuate Collection Set: 122.3ms
[2024-08-15T12:51:12.866+0000][1368.811s][info][gc,phases   ] GC(239)   Post Evacuate Collection Set: 2.1ms
[2024-08-15T12:51:12.866+0000][1368.811s][info][gc,phases   ] GC(239)   Other: 0.2ms
[2024-08-15T12:51:12.866+0000][1368.811s][info][gc,heap     ] GC(239) Eden regions: 550->0(549)
[2024-08-15T12:51:12.866+0000][1368.811s][info][gc,heap     ] GC(239) Survivor regions: 40->39(74)
[2024-08-15T12:51:12.866+0000][1368.811s][info][gc,heap     ] GC(239) Old regions: 528->531
[2024-08-15T12:51:12.866+0000][1368.811s][info][gc,heap     ] GC(239) Archive regions: 2->2
[2024-08-15T12:51:12.866+0000][1368.811s][info][gc,heap     ] GC(239) Humongous regions: 68->68
[2024-08-15T12:51:12.866+0000][1368.811s][info][gc,metaspace] GC(239) Metaspace: 420451K(426624K)->420451K(426624K) NonClass: 367477K(371072K)->367477K(371072K) Class: 52974K(55552K)->52974K(55552K)
[2024-08-15T12:51:12.866+0000][1368.811s][info][gc          ] GC(239) Pause Young (Normal) (G1 Evacuation Pause) 9487M->5102M(12288M) 125.171ms
[2024-08-15T12:51:12.866+0000][1368.811s][info][gc,cpu      ] GC(239) User=0.75s Sys=0.00s Real=0.13s
[2024-08-15T12:51:18.864+0000][1374.808s][info][gc,start    ] GC(240) Pause Young (Normal) (G1 Evacuation Pause)
[2024-08-15T12:51:18.864+0000][1374.808s][info][gc,task     ] GC(240) Using 6 workers of 6 for evacuation
[2024-08-15T12:51:18.985+0000][1374.929s][info][gc,phases   ] GC(240)   Pre Evacuate Collection Set: 0.2ms
[2024-08-15T12:51:18.985+0000][1374.929s][info][gc,phases   ] GC(240)   Merge Heap Roots: 0.3ms
[2024-08-15T12:51:18.985+0000][1374.929s][info][gc,phases   ] GC(240)   Evacuate Collection Set: 118.3ms
[2024-08-15T12:51:18.985+0000][1374.929s][info][gc,phases   ] GC(240)   Post Evacuate Collection Set: 2.1ms
[2024-08-15T12:51:18.985+0000][1374.929s][info][gc,phases   ] GC(240)   Other: 0.2ms
[2024-08-15T12:51:18.985+0000][1374.929s][info][gc,heap     ] GC(240) Eden regions: 549->0(546)
[2024-08-15T12:51:18.985+0000][1374.929s][info][gc,heap     ] GC(240) Survivor regions: 39->40(74)
[2024-08-15T12:51:18.985+0000][1374.929s][info][gc,heap     ] GC(240) Old regions: 531->532
[2024-08-15T12:51:18.985+0000][1374.929s][info][gc,heap     ] GC(240) Archive regions: 2->2
[2024-08-15T12:51:18.985+0000][1374.929s][info][gc,heap     ] GC(240) Humongous regions: 68->68
[2024-08-15T12:51:18.985+0000][1374.929s][info][gc,metaspace] GC(240) Metaspace: 420460K(426624K)->420460K(426624K) NonClass: 367486K(371072K)->367486K(371072K) Class: 52974K(55552K)->52974K(55552K)
[2024-08-15T12:51:18.985+0000][1374.929s][info][gc          ] GC(240) Pause Young (Normal) (G1 Evacuation Pause) 9494M->5118M(12288M) 121.162ms
[2024-08-15T12:51:18.985+0000][1374.930s][info][gc,cpu      ] GC(240) User=0.72s Sys=0.00s Real=0.12s
[2024-08-15T12:51:24.940+0000][1380.885s][info][gc,start    ] GC(241) Pause Young (Normal) (G1 Evacuation Pause)
[2024-08-15T12:51:24.940+0000][1380.885s][info][gc,task     ] GC(241) Using 6 workers of 6 for evacuation
[2024-08-15T12:51:25.072+0000][1381.017s][info][gc,phases   ] GC(241)   Pre Evacuate Collection Set: 0.2ms
[2024-08-15T12:51:25.072+0000][1381.017s][info][gc,phases   ] GC(241)   Merge Heap Roots: 0.3ms
[2024-08-15T12:51:25.072+0000][1381.017s][info][gc,phases   ] GC(241)   Evacuate Collection Set: 128.8ms
[2024-08-15T12:51:25.072+0000][1381.017s][info][gc,phases   ] GC(241)   Post Evacuate Collection Set: 2.2ms
[2024-08-15T12:51:25.072+0000][1381.017s][info][gc,phases   ] GC(241)   Other: 0.2ms
[2024-08-15T12:51:25.072+0000][1381.017s][info][gc,heap     ] GC(241) Eden regions: 546->0(542)
[2024-08-15T12:51:25.072+0000][1381.017s][info][gc,heap     ] GC(241) Survivor regions: 40->41(74)
[2024-08-15T12:51:25.072+0000][1381.017s][info][gc,heap     ] GC(241) Old regions: 532->534
[2024-08-15T12:51:25.072+0000][1381.017s][info][gc,heap     ] GC(241) Archive regions: 2->2
[2024-08-15T12:51:25.072+0000][1381.017s][info][gc,heap     ] GC(241) Humongous regions: 68->68
[2024-08-15T12:51:25.072+0000][1381.017s][info][gc,metaspace] GC(241) Metaspace: 420460K(426624K)->420460K(426624K) NonClass: 367486K(371072K)->367486K(371072K) Class: 52974K(55552K)->52974K(55552K)
[2024-08-15T12:51:25.072+0000][1381.017s][info][gc          ] GC(241) Pause Young (Normal) (G1 Evacuation Pause) 9486M->5143M(12288M) 131.862ms
[2024-08-15T12:51:25.072+0000][1381.017s][info][gc,cpu      ] GC(241) User=0.79s Sys=0.00s Real=0.13s
[2024-08-15T12:51:30.957+0000][1386.901s][info][gc,start    ] GC(242) Pause Young (Normal) (G1 Evacuation Pause)
[2024-08-15T12:51:30.957+0000][1386.901s][info][gc,task     ] GC(242) Using 6 workers of 6 for evacuation
[2024-08-15T12:51:31.081+0000][1387.026s][info][gc,phases   ] GC(242)   Pre Evacuate Collection Set: 0.2ms
[2024-08-15T12:51:31.081+0000][1387.026s][info][gc,phases   ] GC(242)   Merge Heap Roots: 0.3ms
[2024-08-15T12:51:31.081+0000][1387.026s][info][gc,phases   ] GC(242)   Evacuate Collection Set: 121.6ms
[2024-08-15T12:51:31.081+0000][1387.026s][info][gc,phases   ] GC(242)   Post Evacuate Collection Set: 2.1ms
[2024-08-15T12:51:31.081+0000][1387.026s][info][gc,phases   ] GC(242)   Other: 0.2ms
[2024-08-15T12:51:31.081+0000][1387.026s][info][gc,heap     ] GC(242) Eden regions: 542->0(540)
[2024-08-15T12:51:31.081+0000][1387.026s][info][gc,heap     ] GC(242) Survivor regions: 41->41(73)
[2024-08-15T12:51:31.081+0000][1387.026s][info][gc,heap     ] GC(242) Old regions: 534->536
[2024-08-15T12:51:31.081+0000][1387.026s][info][gc,heap     ] GC(242) Archive regions: 2->2
[2024-08-15T12:51:31.081+0000][1387.026s][info][gc,heap     ] GC(242) Humongous regions: 68->68
[2024-08-15T12:51:31.081+0000][1387.026s][info][gc,metaspace] GC(242) Metaspace: 420460K(426624K)->420460K(426624K) NonClass: 367486K(371072K)->367486K(371072K) Class: 52974K(55552K)->52974K(55552K)
[2024-08-15T12:51:31.081+0000][1387.026s][info][gc          ] GC(242) Pause Young (Normal) (G1 Evacuation Pause) 9479M->5160M(12288M) 124.411ms
[2024-08-15T12:51:31.081+0000][1387.026s][info][gc,cpu      ] GC(242) User=0.74s Sys=0.00s Real=0.12s
[2024-08-15T12:51:36.772+0000][1392.716s][info][gc,start    ] GC(243) Pause Young (Normal) (G1 Evacuation Pause)
[2024-08-15T12:51:36.772+0000][1392.716s][info][gc,task     ] GC(243) Using 6 workers of 6 for evacuation
[2024-08-15T12:51:36.889+0000][1392.834s][info][gc,phases   ] GC(243)   Pre Evacuate Collection Set: 0.2ms
[2024-08-15T12:51:36.889+0000][1392.834s][info][gc,phases   ] GC(243)   Merge Heap Roots: 0.3ms
[2024-08-15T12:51:36.889+0000][1392.834s][info][gc,phases   ] GC(243)   Evacuate Collection Set: 114.8ms
[2024-08-15T12:51:36.889+0000][1392.834s][info][gc,phases   ] GC(243)   Post Evacuate Collection Set: 2.2ms
[2024-08-15T12:51:36.889+0000][1392.834s][info][gc,phases   ] GC(243)   Other: 0.2ms
[2024-08-15T12:51:36.889+0000][1392.834s][info][gc,heap     ] GC(243) Eden regions: 540->0(542)
[2024-08-15T12:51:36.889+0000][1392.834s][info][gc,heap     ] GC(243) Survivor regions: 41->38(73)
[2024-08-15T12:51:36.889+0000][1392.834s][info][gc,heap     ] GC(243) Old regions: 536->540
[2024-08-15T12:51:36.889+0000][1392.834s][info][gc,heap     ] GC(243) Archive regions: 2->2
[2024-08-15T12:51:36.889+0000][1392.834s][info][gc,heap     ] GC(243) Humongous regions: 68->68
[2024-08-15T12:51:36.889+0000][1392.834s][info][gc,metaspace] GC(243) Metaspace: 420526K(426688K)->420526K(426688K) NonClass: 367552K(371136K)->367552K(371136K) Class: 52974K(55552K)->52974K(55552K)
[2024-08-15T12:51:36.890+0000][1392.834s][info][gc          ] GC(243) Pause Young (Normal) (G1 Evacuation Pause) 9480M->5165M(12288M) 117.828ms
[2024-08-15T12:51:36.890+0000][1392.834s][info][gc,cpu      ] GC(243) User=0.70s Sys=0.01s Real=0.12s
[2024-08-15T12:51:42.698+0000][1398.642s][info][gc,start    ] GC(244) Pause Young (Normal) (G1 Evacuation Pause)
[2024-08-15T12:51:42.698+0000][1398.643s][info][gc,task     ] GC(244) Using 6 workers of 6 for evacuation
[2024-08-15T12:51:42.807+0000][1398.752s][info][gc,phases   ] GC(244)   Pre Evacuate Collection Set: 0.2ms
[2024-08-15T12:51:42.807+0000][1398.752s][info][gc,phases   ] GC(244)   Merge Heap Roots: 0.3ms
[2024-08-15T12:51:42.807+0000][1398.752s][info][gc,phases   ] GC(244)   Evacuate Collection Set: 106.2ms
[2024-08-15T12:51:42.807+0000][1398.752s][info][gc,phases   ] GC(244)   Post Evacuate Collection Set: 2.2ms
[2024-08-15T12:51:42.807+0000][1398.752s][info][gc,phases   ] GC(244)   Other: 0.2ms
[2024-08-15T12:51:42.807+0000][1398.752s][info][gc,heap     ] GC(244) Eden regions: 542->0(547)
[2024-08-15T12:51:42.807+0000][1398.752s][info][gc,heap     ] GC(244) Survivor regions: 38->34(73)
[2024-08-15T12:51:42.807+0000][1398.752s][info][gc,heap     ] GC(244) Old regions: 540->543
[2024-08-15T12:51:42.807+0000][1398.752s][info][gc,heap     ] GC(244) Archive regions: 2->2
[2024-08-15T12:51:42.807+0000][1398.752s][info][gc,heap     ] GC(244) Humongous regions: 68->68
[2024-08-15T12:51:42.807+0000][1398.752s][info][gc,metaspace] GC(244) Metaspace: 420545K(426688K)->420545K(426688K) NonClass: 367571K(371136K)->367571K(371136K) Class: 52974K(55552K)->52974K(55552K)
[2024-08-15T12:51:42.807+0000][1398.752s][info][gc          ] GC(244) Pause Young (Normal) (G1 Evacuation Pause) 9501M->5164M(12288M) 109.172ms
[2024-08-15T12:51:42.807+0000][1398.752s][info][gc,cpu      ] GC(244) User=0.65s Sys=0.00s Real=0.11s
[2024-08-15T12:51:48.771+0000][1404.716s][info][gc,start    ] GC(245) Pause Young (Normal) (G1 Evacuation Pause)
[2024-08-15T12:51:48.771+0000][1404.716s][info][gc,task     ] GC(245) Using 6 workers of 6 for evacuation
[2024-08-15T12:51:48.876+0000][1404.821s][info][gc,phases   ] GC(245)   Pre Evacuate Collection Set: 0.2ms
[2024-08-15T12:51:48.876+0000][1404.821s][info][gc,phases   ] GC(245)   Merge Heap Roots: 0.3ms
[2024-08-15T12:51:48.876+0000][1404.821s][info][gc,phases   ] GC(245)   Evacuate Collection Set: 102.3ms
[2024-08-15T12:51:48.876+0000][1404.821s][info][gc,phases   ] GC(245)   Post Evacuate Collection Set: 2.1ms
[2024-08-15T12:51:48.876+0000][1404.821s][info][gc,phases   ] GC(245)   Other: 0.2ms
[2024-08-15T12:51:48.876+0000][1404.821s][info][gc,heap     ] GC(245) Eden regions: 547->0(545)
[2024-08-15T12:51:48.876+0000][1404.821s][info][gc,heap     ] GC(245) Survivor regions: 34->35(73)
[2024-08-15T12:51:48.876+0000][1404.821s][info][gc,heap     ] GC(245) Old regions: 543->543
[2024-08-15T12:51:48.876+0000][1404.821s][info][gc,heap     ] GC(245) Archive regions: 2->2
[2024-08-15T12:51:48.876+0000][1404.821s][info][gc,heap     ] GC(245) Humongous regions: 68->68
[2024-08-15T12:51:48.876+0000][1404.821s][info][gc,metaspace] GC(245) Metaspace: 420548K(426688K)->420548K(426688K) NonClass: 367573K(371136K)->367573K(371136K) Class: 52974K(55552K)->52974K(55552K)
[2024-08-15T12:51:48.876+0000][1404.821s][info][gc          ] GC(245) Pause Young (Normal) (G1 Evacuation Pause) 9540M->5168M(12288M) 105.201ms
[2024-08-15T12:51:48.876+0000][1404.821s][info][gc,cpu      ] GC(245) User=0.62s Sys=0.00s Real=0.11s
[2024-08-15T12:51:54.745+0000][1410.690s][info][gc,start    ] GC(246) Pause Young (Normal) (G1 Evacuation Pause)
[2024-08-15T12:51:54.745+0000][1410.690s][info][gc,task     ] GC(246) Using 6 workers of 6 for evacuation
[2024-08-15T12:51:54.851+0000][1410.796s][info][gc,phases   ] GC(246)   Pre Evacuate Collection Set: 0.2ms
[2024-08-15T12:51:54.851+0000][1410.796s][info][gc,phases   ] GC(246)   Merge Heap Roots: 0.3ms
[2024-08-15T12:51:54.851+0000][1410.796s][info][gc,phases   ] GC(246)   Evacuate Collection Set: 103.3ms
[2024-08-15T12:51:54.851+0000][1410.796s][info][gc,phases   ] GC(246)   Post Evacuate Collection Set: 2.1ms
[2024-08-15T12:51:54.851+0000][1410.796s][info][gc,phases   ] GC(246)   Other: 0.3ms
[2024-08-15T12:51:54.851+0000][1410.796s][info][gc,heap     ] GC(246) Eden regions: 545->0(544)
[2024-08-15T12:51:54.851+0000][1410.796s][info][gc,heap     ] GC(246) Survivor regions: 35->34(73)
[2024-08-15T12:51:54.851+0000][1410.796s][info][gc,heap     ] GC(246) Old regions: 543->546
[2024-08-15T12:51:54.851+0000][1410.796s][info][gc,heap     ] GC(246) Archive regions: 2->2
[2024-08-15T12:51:54.851+0000][1410.796s][info][gc,heap     ] GC(246) Humongous regions: 68->68
[2024-08-15T12:51:54.851+0000][1410.796s][info][gc,metaspace] GC(246) Metaspace: 420558K(426752K)->420558K(426752K) NonClass: 367583K(371200K)->367583K(371200K) Class: 52974K(55552K)->52974K(55552K)
[2024-08-15T12:51:54.852+0000][1410.796s][info][gc          ] GC(246) Pause Young (Normal) (G1 Evacuation Pause) 9528M->5187M(12288M) 106.220ms
[2024-08-15T12:51:54.852+0000][1410.796s][info][gc,cpu      ] GC(246) User=0.63s Sys=0.00s Real=0.10s
[2024-08-15T12:52:00.742+0000][1416.687s][info][gc,start    ] GC(247) Pause Young (Normal) (G1 Evacuation Pause)
[2024-08-15T12:52:00.742+0000][1416.687s][info][gc,task     ] GC(247) Using 6 workers of 6 for evacuation
[2024-08-15T12:52:00.838+0000][1416.783s][info][gc,phases   ] GC(247)   Pre Evacuate Collection Set: 0.2ms
[2024-08-15T12:52:00.838+0000][1416.783s][info][gc,phases   ] GC(247)   Merge Heap Roots: 0.3ms
[2024-08-15T12:52:00.838+0000][1416.783s][info][gc,phases   ] GC(247)   Evacuate Collection Set: 93.4ms
[2024-08-15T12:52:00.838+0000][1416.783s][info][gc,phases   ] GC(247)   Post Evacuate Collection Set: 2.2ms
[2024-08-15T12:52:00.839+0000][1416.783s][info][gc,phases   ] GC(247)   Other: 0.2ms
[2024-08-15T12:52:00.839+0000][1416.783s][info][gc,heap     ] GC(247) Eden regions: 544->0(545)
[2024-08-15T12:52:00.839+0000][1416.783s][info][gc,heap     ] GC(247) Survivor regions: 34->31(73)
[2024-08-15T12:52:00.839+0000][1416.783s][info][gc,heap     ] GC(247) Old regions: 546->551
[2024-08-15T12:52:00.839+0000][1416.783s][info][gc,heap     ] GC(247) Archive regions: 2->2
[2024-08-15T12:52:00.839+0000][1416.783s][info][gc,heap     ] GC(247) Humongous regions: 68->68
[2024-08-15T12:52:00.839+0000][1416.783s][info][gc,metaspace] GC(247) Metaspace: 420569K(426752K)->420569K(426752K) NonClass: 367594K(371200K)->367594K(371200K) Class: 52974K(55552K)->52974K(55552K)
[2024-08-15T12:52:00.839+0000][1416.783s][info][gc          ] GC(247) Pause Young (Normal) (G1 Evacuation Pause) 9539M->5198M(12288M) 96.302ms
[2024-08-15T12:52:00.839+0000][1416.783s][info][gc,cpu      ] GC(247) User=0.57s Sys=0.00s Real=0.10s
[2024-08-15T12:52:06.360+0000][1422.305s][info][gc,start    ] GC(248) Pause Young (Normal) (G1 Evacuation Pause)
[2024-08-15T12:52:06.360+0000][1422.305s][info][gc,task     ] GC(248) Using 6 workers of 6 for evacuation
[2024-08-15T12:52:06.439+0000][1422.383s][info][gc,phases   ] GC(248)   Pre Evacuate Collection Set: 0.2ms
[2024-08-15T12:52:06.439+0000][1422.383s][info][gc,phases   ] GC(248)   Merge Heap Roots: 0.3ms
[2024-08-15T12:52:06.439+0000][1422.383s][info][gc,phases   ] GC(248)   Evacuate Collection Set: 75.8ms
[2024-08-15T12:52:06.439+0000][1422.383s][info][gc,phases   ] GC(248)   Post Evacuate Collection Set: 2.0ms
[2024-08-15T12:52:06.439+0000][1422.383s][info][gc,phases   ] GC(248)   Other: 0.2ms
[2024-08-15T12:52:06.439+0000][1422.383s][info][gc,heap     ] GC(248) Eden regions: 545->0(550)
[2024-08-15T12:52:06.439+0000][1422.383s][info][gc,heap     ] GC(248) Survivor regions: 31->27(72)
[2024-08-15T12:52:06.439+0000][1422.383s][info][gc,heap     ] GC(248) Old regions: 551->554
[2024-08-15T12:52:06.439+0000][1422.383s][info][gc,heap     ] GC(248) Archive regions: 2->2
[2024-08-15T12:52:06.439+0000][1422.383s][info][gc,heap     ] GC(248) Humongous regions: 68->68
[2024-08-15T12:52:06.439+0000][1422.383s][info][gc,metaspace] GC(248) Metaspace: 420569K(426752K)->420569K(426752K) NonClass: 367594K(371200K)->367594K(371200K) Class: 52974K(55552K)->52974K(55552K)
[2024-08-15T12:52:06.439+0000][1422.383s][info][gc          ] GC(248) Pause Young (Normal) (G1 Evacuation Pause) 9558M->5191M(12288M) 78.530ms
[2024-08-15T12:52:06.439+0000][1422.383s][info][gc,cpu      ] GC(248) User=0.47s Sys=0.01s Real=0.08s
[2024-08-15T12:52:12.368+0000][1428.313s][info][gc,start    ] GC(249) Pause Young (Normal) (G1 Evacuation Pause)
[2024-08-15T12:52:12.368+0000][1428.313s][info][gc,task     ] GC(249) Using 6 workers of 6 for evacuation
[2024-08-15T12:52:12.438+0000][1428.382s][info][gc,phases   ] GC(249)   Pre Evacuate Collection Set: 0.2ms
[2024-08-15T12:52:12.438+0000][1428.382s][info][gc,phases   ] GC(249)   Merge Heap Roots: 0.2ms
[2024-08-15T12:52:12.438+0000][1428.382s][info][gc,phases   ] GC(249)   Evacuate Collection Set: 67.0ms
[2024-08-15T12:52:12.438+0000][1428.382s][info][gc,phases   ] GC(249)   Post Evacuate Collection Set: 2.0ms
[2024-08-15T12:52:12.438+0000][1428.382s][info][gc,phases   ] GC(249)   Other: 0.2ms
[2024-08-15T12:52:12.438+0000][1428.382s][info][gc,heap     ] GC(249) Eden regions: 550->0(549)
[2024-08-15T12:52:12.438+0000][1428.382s][info][gc,heap     ] GC(249) Survivor regions: 27->26(73)
[2024-08-15T12:52:12.438+0000][1428.382s][info][gc,heap     ] GC(249) Old regions: 554->557
[2024-08-15T12:52:12.438+0000][1428.382s][info][gc,heap     ] GC(249) Archive regions: 2->2
[2024-08-15T12:52:12.438+0000][1428.382s][info][gc,heap     ] GC(249) Humongous regions: 68->68
[2024-08-15T12:52:12.438+0000][1428.382s][info][gc,metaspace] GC(249) Metaspace: 420588K(426752K)->420588K(426752K) NonClass: 367613K(371200K)->367613K(371200K) Class: 52974K(55552K)->52974K(55552K)
[2024-08-15T12:52:12.438+0000][1428.382s][info][gc          ] GC(249) Pause Young (Normal) (G1 Evacuation Pause) 9591M->5206M(12288M) 69.737ms
[2024-08-15T12:52:12.438+0000][1428.383s][info][gc,cpu      ] GC(249) User=0.42s Sys=0.00s Real=0.07s
[2024-08-15T12:52:18.419+0000][1434.363s][info][gc,start    ] GC(250) Pause Young (Normal) (G1 Evacuation Pause)
[2024-08-15T12:52:18.419+0000][1434.364s][info][gc,task     ] GC(250) Using 6 workers of 6 for evacuation
[2024-08-15T12:52:18.488+0000][1434.432s][info][gc,phases   ] GC(250)   Pre Evacuate Collection Set: 0.2ms
[2024-08-15T12:52:18.488+0000][1434.432s][info][gc,phases   ] GC(250)   Merge Heap Roots: 0.2ms
[2024-08-15T12:52:18.488+0000][1434.432s][info][gc,phases   ] GC(250)   Evacuate Collection Set: 66.3ms
[2024-08-15T12:52:18.488+0000][1434.432s][info][gc,phases   ] GC(250)   Post Evacuate Collection Set: 2.1ms
[2024-08-15T12:52:18.488+0000][1434.432s][info][gc,phases   ] GC(250)   Other: 0.2ms
[2024-08-15T12:52:18.488+0000][1434.432s][info][gc,heap     ] GC(250) Eden regions: 549->0(550)
[2024-08-15T12:52:18.488+0000][1434.432s][info][gc,heap     ] GC(250) Survivor regions: 26->24(72)
[2024-08-15T12:52:18.488+0000][1434.432s][info][gc,heap     ] GC(250) Old regions: 557->560
[2024-08-15T12:52:18.488+0000][1434.432s][info][gc,heap     ] GC(250) Archive regions: 2->2
[2024-08-15T12:52:18.488+0000][1434.432s][info][gc,heap     ] GC(250) Humongous regions: 68->68
[2024-08-15T12:52:18.488+0000][1434.432s][info][gc,metaspace] GC(250) Metaspace: 420632K(426816K)->420632K(426816K) NonClass: 367652K(371264K)->367652K(371264K) Class: 52979K(55552K)->52979K(55552K)
[2024-08-15T12:52:18.488+0000][1434.433s][info][gc          ] GC(250) Pause Young (Normal) (G1 Evacuation Pause) 9598M->5219M(12288M) 69.012ms
[2024-08-15T12:52:18.488+0000][1434.433s][info][gc,cpu      ] GC(250) User=0.41s Sys=0.00s Real=0.07s
[2024-08-15T12:52:24.400+0000][1440.345s][info][gc,start    ] GC(251) Pause Young (Normal) (G1 Evacuation Pause)
[2024-08-15T12:52:24.400+0000][1440.345s][info][gc,task     ] GC(251) Using 6 workers of 6 for evacuation
[2024-08-15T12:52:24.461+0000][1440.406s][info][gc,phases   ] GC(251)   Pre Evacuate Collection Set: 0.2ms
[2024-08-15T12:52:24.461+0000][1440.406s][info][gc,phases   ] GC(251)   Merge Heap Roots: 0.2ms
[2024-08-15T12:52:24.461+0000][1440.406s][info][gc,phases   ] GC(251)   Evacuate Collection Set: 58.1ms
[2024-08-15T12:52:24.461+0000][1440.406s][info][gc,phases   ] GC(251)   Post Evacuate Collection Set: 2.0ms
[2024-08-15T12:52:24.461+0000][1440.406s][info][gc,phases   ] GC(251)   Other: 0.2ms
[2024-08-15T12:52:24.461+0000][1440.406s][info][gc,heap     ] GC(251) Eden regions: 550->0(551)
[2024-08-15T12:52:24.461+0000][1440.406s][info][gc,heap     ] GC(251) Survivor regions: 24->22(72)
[2024-08-15T12:52:24.461+0000][1440.406s][info][gc,heap     ] GC(251) Old regions: 560->563
[2024-08-15T12:52:24.461+0000][1440.406s][info][gc,heap     ] GC(251) Archive regions: 2->2
[2024-08-15T12:52:24.461+0000][1440.406s][info][gc,heap     ] GC(251) Humongous regions: 68->68
[2024-08-15T12:52:24.461+0000][1440.406s][info][gc,metaspace] GC(251) Metaspace: 420634K(426816K)->420634K(426816K) NonClass: 367655K(371264K)->367655K(371264K) Class: 52979K(55552K)->52979K(55552K)
[2024-08-15T12:52:24.461+0000][1440.406s][info][gc          ] GC(251) Pause Young (Normal) (G1 Evacuation Pause) 9619M->5224M(12288M) 60.828ms
[2024-08-15T12:52:24.461+0000][1440.406s][info][gc,cpu      ] GC(251) User=0.36s Sys=0.00s Real=0.06s
[2024-08-15T12:52:29.528+0000][1445.472s][info][gc,start    ] GC(252) Pause Young (Normal) (G1 Evacuation Pause)
[2024-08-15T12:52:29.528+0000][1445.472s][info][gc,task     ] GC(252) Using 6 workers of 6 for evacuation
[2024-08-15T12:52:29.589+0000][1445.534s][info][gc,phases   ] GC(252)   Pre Evacuate Collection Set: 0.2ms
[2024-08-15T12:52:29.589+0000][1445.534s][info][gc,phases   ] GC(252)   Merge Heap Roots: 0.2ms
[2024-08-15T12:52:29.589+0000][1445.534s][info][gc,phases   ] GC(252)   Evacuate Collection Set: 59.0ms
[2024-08-15T12:52:29.589+0000][1445.534s][info][gc,phases   ] GC(252)   Post Evacuate Collection Set: 2.0ms
[2024-08-15T12:52:29.589+0000][1445.534s][info][gc,phases   ] GC(252)   Other: 0.2ms
[2024-08-15T12:52:29.589+0000][1445.534s][info][gc,heap     ] GC(252) Eden regions: 551->0(556)
[2024-08-15T12:52:29.589+0000][1445.534s][info][gc,heap     ] GC(252) Survivor regions: 22->19(72)
[2024-08-15T12:52:29.589+0000][1445.534s][info][gc,heap     ] GC(252) Old regions: 563->564
[2024-08-15T12:52:29.589+0000][1445.534s][info][gc,heap     ] GC(252) Archive regions: 2->2
[2024-08-15T12:52:29.589+0000][1445.534s][info][gc,heap     ] GC(252) Humongous regions: 68->68
[2024-08-15T12:52:29.589+0000][1445.534s][info][gc,metaspace] GC(252) Metaspace: 420646K(426816K)->420646K(426816K) NonClass: 367666K(371264K)->367666K(371264K) Class: 52979K(55552K)->52979K(55552K)
[2024-08-15T12:52:29.589+0000][1445.534s][info][gc          ] GC(252) Pause Young (Normal) (G1 Evacuation Pause) 9632M->5208M(12288M) 61.667ms
[2024-08-15T12:52:29.589+0000][1445.534s][info][gc,cpu      ] GC(252) User=0.35s Sys=0.01s Real=0.06s
[2024-08-15T12:52:33.802+0000][1449.746s][info][gc,start    ] GC(253) Pause Young (Normal) (G1 Evacuation Pause)
[2024-08-15T12:52:33.802+0000][1449.746s][info][gc,task     ] GC(253) Using 6 workers of 6 for evacuation
[2024-08-15T12:52:33.850+0000][1449.794s][info][gc,phases   ] GC(253)   Pre Evacuate Collection Set: 0.2ms
[2024-08-15T12:52:33.850+0000][1449.794s][info][gc,phases   ] GC(253)   Merge Heap Roots: 0.2ms
[2024-08-15T12:52:33.850+0000][1449.794s][info][gc,phases   ] GC(253)   Evacuate Collection Set: 45.4ms
[2024-08-15T12:52:33.850+0000][1449.794s][info][gc,phases   ] GC(253)   Post Evacuate Collection Set: 2.0ms
[2024-08-15T12:52:33.850+0000][1449.794s][info][gc,phases   ] GC(253)   Other: 0.2ms
[2024-08-15T12:52:33.850+0000][1449.794s][info][gc,heap     ] GC(253) Eden regions: 556->0(555)
[2024-08-15T12:52:33.850+0000][1449.794s][info][gc,heap     ] GC(253) Survivor regions: 19->19(72)
[2024-08-15T12:52:33.850+0000][1449.794s][info][gc,heap     ] GC(253) Old regions: 564->565
[2024-08-15T12:52:33.850+0000][1449.794s][info][gc,heap     ] GC(253) Archive regions: 2->2
[2024-08-15T12:52:33.850+0000][1449.794s][info][gc,heap     ] GC(253) Humongous regions: 68->68
[2024-08-15T12:52:33.850+0000][1449.794s][info][gc,metaspace] GC(253) Metaspace: 420648K(426816K)->420648K(426816K) NonClass: 367669K(371264K)->367669K(371264K) Class: 52979K(55552K)->52979K(55552K)
[2024-08-15T12:52:33.850+0000][1449.794s][info][gc          ] GC(253) Pause Young (Normal) (G1 Evacuation Pause) 9656M->5214M(12288M) 48.129ms
[2024-08-15T12:52:33.850+0000][1449.794s][info][gc,cpu      ] GC(253) User=0.28s Sys=0.00s Real=0.05s
[2024-08-15T12:52:39.912+0000][1455.856s][info][gc,start    ] GC(254) Pause Young (Normal) (G1 Evacuation Pause)
[2024-08-15T12:52:39.912+0000][1455.856s][info][gc,task     ] GC(254) Using 6 workers of 6 for evacuation
[2024-08-15T12:52:39.976+0000][1455.920s][info][gc,phases   ] GC(254)   Pre Evacuate Collection Set: 0.2ms
[2024-08-15T12:52:39.976+0000][1455.920s][info][gc,phases   ] GC(254)   Merge Heap Roots: 0.2ms
[2024-08-15T12:52:39.976+0000][1455.920s][info][gc,phases   ] GC(254)   Evacuate Collection Set: 61.4ms
[2024-08-15T12:52:39.976+0000][1455.920s][info][gc,phases   ] GC(254)   Post Evacuate Collection Set: 2.3ms
[2024-08-15T12:52:39.976+0000][1455.920s][info][gc,phases   ] GC(254)   Other: 0.2ms
[2024-08-15T12:52:39.976+0000][1455.920s][info][gc,heap     ] GC(254) Eden regions: 555->0(553)
[2024-08-15T12:52:39.976+0000][1455.920s][info][gc,heap     ] GC(254) Survivor regions: 19->20(72)
[2024-08-15T12:52:39.976+0000][1455.920s][info][gc,heap     ] GC(254) Old regions: 565->565
[2024-08-15T12:52:39.976+0000][1455.920s][info][gc,heap     ] GC(254) Archive regions: 2->2
[2024-08-15T12:52:39.976+0000][1455.920s][info][gc,heap     ] GC(254) Humongous regions: 68->68
[2024-08-15T12:52:39.976+0000][1455.920s][info][gc,metaspace] GC(254) Metaspace: 420657K(426816K)->420657K(426816K) NonClass: 367678K(371264K)->367678K(371264K) Class: 52979K(55552K)->52979K(55552K)
[2024-08-15T12:52:39.976+0000][1455.920s][info][gc          ] GC(254) Pause Young (Normal) (G1 Evacuation Pause) 9654M->5227M(12288M) 64.293ms
[2024-08-15T12:52:39.976+0000][1455.921s][info][gc,cpu      ] GC(254) User=0.38s Sys=0.00s Real=0.07s
[2024-08-15T12:52:46.104+0000][1462.048s][info][gc,start    ] GC(255) Pause Young (Normal) (G1 Evacuation Pause)
[2024-08-15T12:52:46.104+0000][1462.048s][info][gc,task     ] GC(255) Using 6 workers of 6 for evacuation
[2024-08-15T12:52:46.158+0000][1462.102s][info][gc,phases   ] GC(255)   Pre Evacuate Collection Set: 0.2ms
[2024-08-15T12:52:46.158+0000][1462.102s][info][gc,phases   ] GC(255)   Merge Heap Roots: 0.2ms
[2024-08-15T12:52:46.158+0000][1462.102s][info][gc,phases   ] GC(255)   Evacuate Collection Set: 51.3ms
[2024-08-15T12:52:46.158+0000][1462.102s][info][gc,phases   ] GC(255)   Post Evacuate Collection Set: 2.0ms
[2024-08-15T12:52:46.158+0000][1462.102s][info][gc,phases   ] GC(255)   Other: 0.2ms
[2024-08-15T12:52:46.158+0000][1462.102s][info][gc,heap     ] GC(255) Eden regions: 553->0(550)
[2024-08-15T12:52:46.158+0000][1462.102s][info][gc,heap     ] GC(255) Survivor regions: 20->21(72)
[2024-08-15T12:52:46.158+0000][1462.102s][info][gc,heap     ] GC(255) Old regions: 565->566
[2024-08-15T12:52:46.158+0000][1462.102s][info][gc,heap     ] GC(255) Archive regions: 2->2
[2024-08-15T12:52:46.158+0000][1462.102s][info][gc,heap     ] GC(255) Humongous regions: 68->68
[2024-08-15T12:52:46.158+0000][1462.102s][info][gc,metaspace] GC(255) Metaspace: 420659K(426816K)->420659K(426816K) NonClass: 367679K(371264K)->367679K(371264K) Class: 52979K(55552K)->52979K(55552K)
[2024-08-15T12:52:46.158+0000][1462.102s][info][gc          ] GC(255) Pause Young (Normal) (G1 Evacuation Pause) 9651M->5241M(12288M) 53.962ms
[2024-08-15T12:52:46.158+0000][1462.102s][info][gc,cpu      ] GC(255) User=0.32s Sys=0.00s Real=0.05s
[2024-08-15T12:52:52.134+0000][1468.078s][info][gc,start    ] GC(256) Pause Young (Normal) (G1 Evacuation Pause)
[2024-08-15T12:52:52.134+0000][1468.078s][info][gc,task     ] GC(256) Using 6 workers of 6 for evacuation
[2024-08-15T12:52:52.191+0000][1468.136s][info][gc,phases   ] GC(256)   Pre Evacuate Collection Set: 0.2ms
[2024-08-15T12:52:52.191+0000][1468.136s][info][gc,phases   ] GC(256)   Merge Heap Roots: 0.2ms
[2024-08-15T12:52:52.191+0000][1468.136s][info][gc,phases   ] GC(256)   Evacuate Collection Set: 55.0ms
[2024-08-15T12:52:52.191+0000][1468.136s][info][gc,phases   ] GC(256)   Post Evacuate Collection Set: 2.2ms
[2024-08-15T12:52:52.191+0000][1468.136s][info][gc,phases   ] GC(256)   Other: 0.2ms
[2024-08-15T12:52:52.191+0000][1468.136s][info][gc,heap     ] GC(256) Eden regions: 550->0(547)
[2024-08-15T12:52:52.191+0000][1468.136s][info][gc,heap     ] GC(256) Survivor regions: 21->22(72)
[2024-08-15T12:52:52.191+0000][1468.136s][info][gc,heap     ] GC(256) Old regions: 566->567
[2024-08-15T12:52:52.191+0000][1468.136s][info][gc,heap     ] GC(256) Archive regions: 2->2
[2024-08-15T12:52:52.191+0000][1468.136s][info][gc,heap     ] GC(256) Humongous regions: 68->68
[2024-08-15T12:52:52.191+0000][1468.136s][info][gc,metaspace] GC(256) Metaspace: 420659K(426816K)->420659K(426816K) NonClass: 367680K(371264K)->367680K(371264K) Class: 52979K(55552K)->52979K(55552K)
[2024-08-15T12:52:52.191+0000][1468.136s][info][gc          ] GC(256) Pause Young (Normal) (G1 Evacuation Pause) 9641M->5250M(12288M) 57.824ms
[2024-08-15T12:52:52.191+0000][1468.136s][info][gc,cpu      ] GC(256) User=0.34s Sys=0.00s Real=0.06s
[2024-08-15T12:52:58.216+0000][1474.161s][info][gc,start    ] GC(257) Pause Young (Normal) (G1 Evacuation Pause)
[2024-08-15T12:52:58.217+0000][1474.161s][info][gc,task     ] GC(257) Using 6 workers of 6 for evacuation
[2024-08-15T12:52:58.270+0000][1474.214s][info][gc,phases   ] GC(257)   Pre Evacuate Collection Set: 0.2ms
[2024-08-15T12:52:58.270+0000][1474.215s][info][gc,phases   ] GC(257)   Merge Heap Roots: 0.2ms
[2024-08-15T12:52:58.270+0000][1474.215s][info][gc,phases   ] GC(257)   Evacuate Collection Set: 50.8ms
[2024-08-15T12:52:58.270+0000][1474.215s][info][gc,phases   ] GC(257)   Post Evacuate Collection Set: 2.0ms
[2024-08-15T12:52:58.270+0000][1474.215s][info][gc,phases   ] GC(257)   Other: 0.2ms
[2024-08-15T12:52:58.270+0000][1474.215s][info][gc,heap     ] GC(257) Eden regions: 547->0(547)
[2024-08-15T12:52:58.270+0000][1474.215s][info][gc,heap     ] GC(257) Survivor regions: 22->22(72)
[2024-08-15T12:52:58.270+0000][1474.215s][info][gc,heap     ] GC(257) Old regions: 567->567
[2024-08-15T12:52:58.270+0000][1474.215s][info][gc,heap     ] GC(257) Archive regions: 2->2
[2024-08-15T12:52:58.270+0000][1474.215s][info][gc,heap     ] GC(257) Humongous regions: 68->68
[2024-08-15T12:52:58.270+0000][1474.215s][info][gc,metaspace] GC(257) Metaspace: 420660K(426816K)->420660K(426816K) NonClass: 367680K(371264K)->367680K(371264K) Class: 52979K(55552K)->52979K(55552K)
[2024-08-15T12:52:58.270+0000][1474.215s][info][gc          ] GC(257) Pause Young (Normal) (G1 Evacuation Pause) 9626M->5259M(12288M) 53.503ms
[2024-08-15T12:52:58.270+0000][1474.215s][info][gc,cpu      ] GC(257) User=0.32s Sys=0.00s Real=0.05s
[2024-08-15T12:53:03.893+0000][1479.838s][info][gc,start    ] GC(258) Pause Young (Normal) (G1 Evacuation Pause)
[2024-08-15T12:53:03.893+0000][1479.838s][info][gc,task     ] GC(258) Using 6 workers of 6 for evacuation
[2024-08-15T12:53:03.942+0000][1479.886s][info][gc,phases   ] GC(258)   Pre Evacuate Collection Set: 0.2ms
[2024-08-15T12:53:03.942+0000][1479.886s][info][gc,phases   ] GC(258)   Merge Heap Roots: 0.2ms
[2024-08-15T12:53:03.942+0000][1479.886s][info][gc,phases   ] GC(258)   Evacuate Collection Set: 46.0ms
[2024-08-15T12:53:03.942+0000][1479.886s][info][gc,phases   ] GC(258)   Post Evacuate Collection Set: 2.0ms
[2024-08-15T12:53:03.942+0000][1479.886s][info][gc,phases   ] GC(258)   Other: 0.2ms
[2024-08-15T12:53:03.942+0000][1479.886s][info][gc,heap     ] GC(258) Eden regions: 547->0(548)
[2024-08-15T12:53:03.942+0000][1479.886s][info][gc,heap     ] GC(258) Survivor regions: 22->21(72)
[2024-08-15T12:53:03.942+0000][1479.886s][info][gc,heap     ] GC(258) Old regions: 567->568
[2024-08-15T12:53:03.942+0000][1479.886s][info][gc,heap     ] GC(258) Archive regions: 2->2
[2024-08-15T12:53:03.942+0000][1479.886s][info][gc,heap     ] GC(258) Humongous regions: 68->68
[2024-08-15T12:53:03.942+0000][1479.886s][info][gc,metaspace] GC(258) Metaspace: 420661K(426816K)->420661K(426816K) NonClass: 367681K(371264K)->367681K(371264K) Class: 52979K(55552K)->52979K(55552K)
[2024-08-15T12:53:03.942+0000][1479.886s][info][gc          ] GC(258) Pause Young (Normal) (G1 Evacuation Pause) 9635M->5252M(12288M) 48.746ms
[2024-08-15T12:53:03.942+0000][1479.887s][info][gc,cpu      ] GC(258) User=0.28s Sys=0.00s Real=0.05s
[2024-08-15T12:53:09.898+0000][1485.843s][info][gc,start    ] GC(259) Pause Young (Normal) (G1 Evacuation Pause)
[2024-08-15T12:53:09.898+0000][1485.843s][info][gc,task     ] GC(259) Using 6 workers of 6 for evacuation
[2024-08-15T12:53:09.948+0000][1485.892s][info][gc,phases   ] GC(259)   Pre Evacuate Collection Set: 0.2ms
[2024-08-15T12:53:09.948+0000][1485.892s][info][gc,phases   ] GC(259)   Merge Heap Roots: 0.2ms
[2024-08-15T12:53:09.948+0000][1485.892s][info][gc,phases   ] GC(259)   Evacuate Collection Set: 47.1ms
[2024-08-15T12:53:09.948+0000][1485.892s][info][gc,phases   ] GC(259)   Post Evacuate Collection Set: 2.0ms
[2024-08-15T12:53:09.948+0000][1485.892s][info][gc,phases   ] GC(259)   Other: 0.2ms
[2024-08-15T12:53:09.948+0000][1485.892s][info][gc,heap     ] GC(259) Eden regions: 548->0(545)
[2024-08-15T12:53:09.948+0000][1485.892s][info][gc,heap     ] GC(259) Survivor regions: 21->22(72)
[2024-08-15T12:53:09.948+0000][1485.892s][info][gc,heap     ] GC(259) Old regions: 568->569
[2024-08-15T12:53:09.948+0000][1485.892s][info][gc,heap     ] GC(259) Archive regions: 2->2
[2024-08-15T12:53:09.948+0000][1485.892s][info][gc,heap     ] GC(259) Humongous regions: 68->68
[2024-08-15T12:53:09.948+0000][1485.892s][info][gc,metaspace] GC(259) Metaspace: 420662K(426816K)->420662K(426816K) NonClass: 367683K(371264K)->367683K(371264K) Class: 52979K(55552K)->52979K(55552K)
[2024-08-15T12:53:09.948+0000][1485.892s][info][gc          ] GC(259) Pause Young (Normal) (G1 Evacuation Pause) 9636M->5265M(12288M) 49.813ms
[2024-08-15T12:53:09.948+0000][1485.892s][info][gc,cpu      ] GC(259) User=0.29s Sys=0.00s Real=0.05s
[2024-08-15T12:53:15.629+0000][1491.574s][info][gc,start    ] GC(260) Pause Young (Normal) (G1 Evacuation Pause)
[2024-08-15T12:53:15.629+0000][1491.574s][info][gc,task     ] GC(260) Using 6 workers of 6 for evacuation
[2024-08-15T12:53:15.680+0000][1491.624s][info][gc,phases   ] GC(260)   Pre Evacuate Collection Set: 0.2ms
[2024-08-15T12:53:15.680+0000][1491.624s][info][gc,phases   ] GC(260)   Merge Heap Roots: 0.2ms
[2024-08-15T12:53:15.680+0000][1491.624s][info][gc,phases   ] GC(260)   Evacuate Collection Set: 47.9ms
[2024-08-15T12:53:15.680+0000][1491.624s][info][gc,phases   ] GC(260)   Post Evacuate Collection Set: 2.2ms
[2024-08-15T12:53:15.680+0000][1491.624s][info][gc,phases   ] GC(260)   Other: 0.2ms
[2024-08-15T12:53:15.680+0000][1491.624s][info][gc,heap     ] GC(260) Eden regions: 545->0(551)
[2024-08-15T12:53:15.680+0000][1491.624s][info][gc,heap     ] GC(260) Survivor regions: 22->19(71)
[2024-08-15T12:53:15.680+0000][1491.624s][info][gc,heap     ] GC(260) Old regions: 569->569
[2024-08-15T12:53:15.680+0000][1491.624s][info][gc,heap     ] GC(260) Archive regions: 2->2
[2024-08-15T12:53:15.680+0000][1491.624s][info][gc,heap     ] GC(260) Humongous regions: 68->68
[2024-08-15T12:53:15.680+0000][1491.624s][info][gc,metaspace] GC(260) Metaspace: 420662K(426816K)->420662K(426816K) NonClass: 367683K(371264K)->367683K(371264K) Class: 52979K(55552K)->52979K(55552K)
[2024-08-15T12:53:15.680+0000][1491.624s][info][gc          ] GC(260) Pause Young (Normal) (G1 Evacuation Pause) 9625M->5246M(12288M) 50.671ms
[2024-08-15T12:53:15.680+0000][1491.624s][info][gc,cpu      ] GC(260) User=0.30s Sys=0.00s Real=0.05s
[2024-08-15T12:53:21.702+0000][1497.647s][info][gc,start    ] GC(261) Pause Young (Normal) (G1 Evacuation Pause)
[2024-08-15T12:53:21.702+0000][1497.647s][info][gc,task     ] GC(261) Using 6 workers of 6 for evacuation
[2024-08-15T12:53:21.758+0000][1497.703s][info][gc,phases   ] GC(261)   Pre Evacuate Collection Set: 0.2ms
[2024-08-15T12:53:21.758+0000][1497.703s][info][gc,phases   ] GC(261)   Merge Heap Roots: 0.2ms
[2024-08-15T12:53:21.758+0000][1497.703s][info][gc,phases   ] GC(261)   Evacuate Collection Set: 53.0ms
[2024-08-15T12:53:21.758+0000][1497.703s][info][gc,phases   ] GC(261)   Post Evacuate Collection Set: 2.3ms
[2024-08-15T12:53:21.758+0000][1497.703s][info][gc,phases   ] GC(261)   Other: 0.2ms
[2024-08-15T12:53:21.758+0000][1497.703s][info][gc,heap     ] GC(261) Eden regions: 551->0(550)
[2024-08-15T12:53:21.758+0000][1497.703s][info][gc,heap     ] GC(261) Survivor regions: 19->19(72)
[2024-08-15T12:53:21.758+0000][1497.703s][info][gc,heap     ] GC(261) Old regions: 569->570
[2024-08-15T12:53:21.758+0000][1497.703s][info][gc,heap     ] GC(261) Archive regions: 2->2
[2024-08-15T12:53:21.758+0000][1497.703s][info][gc,heap     ] GC(261) Humongous regions: 68->68
[2024-08-15T12:53:21.758+0000][1497.703s][info][gc,metaspace] GC(261) Metaspace: 420662K(426816K)->420662K(426816K) NonClass: 367683K(371264K)->367683K(371264K) Class: 52979K(55552K)->52979K(55552K)
[2024-08-15T12:53:21.758+0000][1497.703s][info][gc          ] GC(261) Pause Young (Normal) (G1 Evacuation Pause) 9654M->5255M(12288M) 56.068ms
[2024-08-15T12:53:21.758+0000][1497.703s][info][gc,cpu      ] GC(261) User=0.33s Sys=0.00s Real=0.06s
[2024-08-15T12:53:27.842+0000][1503.787s][info][gc,start    ] GC(262) Pause Young (Normal) (G1 Evacuation Pause)
[2024-08-15T12:53:27.842+0000][1503.787s][info][gc,task     ] GC(262) Using 6 workers of 6 for evacuation
[2024-08-15T12:53:27.898+0000][1503.843s][info][gc,phases   ] GC(262)   Pre Evacuate Collection Set: 0.2ms
[2024-08-15T12:53:27.898+0000][1503.843s][info][gc,phases   ] GC(262)   Merge Heap Roots: 0.2ms
[2024-08-15T12:53:27.898+0000][1503.843s][info][gc,phases   ] GC(262)   Evacuate Collection Set: 53.3ms
[2024-08-15T12:53:27.898+0000][1503.843s][info][gc,phases   ] GC(262)   Post Evacuate Collection Set: 2.2ms
[2024-08-15T12:53:27.898+0000][1503.843s][info][gc,phases   ] GC(262)   Other: 0.2ms
[2024-08-15T12:53:27.898+0000][1503.843s][info][gc,heap     ] GC(262) Eden regions: 550->0(548)
[2024-08-15T12:53:27.898+0000][1503.843s][info][gc,heap     ] GC(262) Survivor regions: 19->20(72)
[2024-08-15T12:53:27.898+0000][1503.843s][info][gc,heap     ] GC(262) Old regions: 570->570
[2024-08-15T12:53:27.898+0000][1503.843s][info][gc,heap     ] GC(262) Archive regions: 2->2
[2024-08-15T12:53:27.898+0000][1503.843s][info][gc,heap     ] GC(262) Humongous regions: 68->68
[2024-08-15T12:53:27.898+0000][1503.843s][info][gc,metaspace] GC(262) Metaspace: 420664K(426816K)->420664K(426816K) NonClass: 367684K(371264K)->367684K(371264K) Class: 52979K(55552K)->52979K(55552K)
[2024-08-15T12:53:27.898+0000][1503.843s][info][gc          ] GC(262) Pause Young (Normal) (G1 Evacuation Pause) 9655M->5264M(12288M) 56.153ms
[2024-08-15T12:53:27.899+0000][1503.843s][info][gc,cpu      ] GC(262) User=0.34s Sys=0.00s Real=0.06s
[2024-08-15T12:53:33.928+0000][1509.872s][info][gc,start    ] GC(263) Pause Young (Normal) (G1 Evacuation Pause)
[2024-08-15T12:53:33.928+0000][1509.872s][info][gc,task     ] GC(263) Using 6 workers of 6 for evacuation
[2024-08-15T12:53:33.991+0000][1509.936s][info][gc,phases   ] GC(263)   Pre Evacuate Collection Set: 0.2ms
[2024-08-15T12:53:33.991+0000][1509.936s][info][gc,phases   ] GC(263)   Merge Heap Roots: 0.2ms
[2024-08-15T12:53:33.991+0000][1509.936s][info][gc,phases   ] GC(263)   Evacuate Collection Set: 60.8ms
[2024-08-15T12:53:33.991+0000][1509.936s][info][gc,phases   ] GC(263)   Post Evacuate Collection Set: 2.1ms
[2024-08-15T12:53:33.991+0000][1509.936s][info][gc,phases   ] GC(263)   Other: 0.2ms
[2024-08-15T12:53:33.991+0000][1509.936s][info][gc,heap     ] GC(263) Eden regions: 548->0(545)
[2024-08-15T12:53:33.991+0000][1509.936s][info][gc,heap     ] GC(263) Survivor regions: 20->21(71)
[2024-08-15T12:53:33.991+0000][1509.936s][info][gc,heap     ] GC(263) Old regions: 570->571
[2024-08-15T12:53:33.991+0000][1509.936s][info][gc,heap     ] GC(263) Archive regions: 2->2
[2024-08-15T12:53:33.991+0000][1509.936s][info][gc,heap     ] GC(263) Humongous regions: 68->68
[2024-08-15T12:53:33.991+0000][1509.936s][info][gc,metaspace] GC(263) Metaspace: 420677K(426816K)->420677K(426816K) NonClass: 367698K(371264K)->367698K(371264K) Class: 52979K(55552K)->52979K(55552K)
[2024-08-15T12:53:33.991+0000][1509.936s][info][gc          ] GC(263) Pause Young (Normal) (G1 Evacuation Pause) 9648M->5282M(12288M) 63.457ms
[2024-08-15T12:53:33.991+0000][1509.936s][info][gc,cpu      ] GC(263) User=0.37s Sys=0.00s Real=0.06s
[2024-08-15T12:53:39.977+0000][1515.922s][info][gc,start    ] GC(264) Pause Young (Normal) (G1 Evacuation Pause)
[2024-08-15T12:53:39.977+0000][1515.922s][info][gc,task     ] GC(264) Using 6 workers of 6 for evacuation
[2024-08-15T12:53:40.026+0000][1515.970s][info][gc,phases   ] GC(264)   Pre Evacuate Collection Set: 0.2ms
[2024-08-15T12:53:40.026+0000][1515.970s][info][gc,phases   ] GC(264)   Merge Heap Roots: 0.2ms
[2024-08-15T12:53:40.026+0000][1515.971s][info][gc,phases   ] GC(264)   Evacuate Collection Set: 45.9ms
[2024-08-15T12:53:40.026+0000][1515.971s][info][gc,phases   ] GC(264)   Post Evacuate Collection Set: 2.1ms
[2024-08-15T12:53:40.026+0000][1515.971s][info][gc,phases   ] GC(264)   Other: 0.2ms
[2024-08-15T12:53:40.026+0000][1515.971s][info][gc,heap     ] GC(264) Eden regions: 545->0(544)
[2024-08-15T12:53:40.026+0000][1515.971s][info][gc,heap     ] GC(264) Survivor regions: 21->21(71)
[2024-08-15T12:53:40.026+0000][1515.971s][info][gc,heap     ] GC(264) Old regions: 571->572
[2024-08-15T12:53:40.026+0000][1515.971s][info][gc,heap     ] GC(264) Archive regions: 2->2
[2024-08-15T12:53:40.026+0000][1515.971s][info][gc,heap     ] GC(264) Humongous regions: 68->68
[2024-08-15T12:53:40.026+0000][1515.971s][info][gc,metaspace] GC(264) Metaspace: 420689K(426816K)->420689K(426816K) NonClass: 367710K(371264K)->367710K(371264K) Class: 52979K(55552K)->52979K(55552K)
[2024-08-15T12:53:40.026+0000][1515.971s][info][gc          ] GC(264) Pause Young (Normal) (G1 Evacuation Pause) 9642M->5287M(12288M) 48.646ms
[2024-08-15T12:53:40.026+0000][1515.971s][info][gc,cpu      ] GC(264) User=0.29s Sys=0.00s Real=0.05s
[2024-08-15T12:53:45.947+0000][1521.891s][info][gc,start    ] GC(265) Pause Young (Normal) (G1 Evacuation Pause)
[2024-08-15T12:53:45.947+0000][1521.891s][info][gc,task     ] GC(265) Using 6 workers of 6 for evacuation
[2024-08-15T12:53:45.997+0000][1521.942s][info][gc,phases   ] GC(265)   Pre Evacuate Collection Set: 0.2ms
[2024-08-15T12:53:45.997+0000][1521.942s][info][gc,phases   ] GC(265)   Merge Heap Roots: 0.2ms
[2024-08-15T12:53:45.997+0000][1521.942s][info][gc,phases   ] GC(265)   Evacuate Collection Set: 47.7ms
[2024-08-15T12:53:45.997+0000][1521.942s][info][gc,phases   ] GC(265)   Post Evacuate Collection Set: 2.1ms
[2024-08-15T12:53:45.997+0000][1521.942s][info][gc,phases   ] GC(265)   Other: 0.2ms
[2024-08-15T12:53:45.997+0000][1521.942s][info][gc,heap     ] GC(265) Eden regions: 544->0(540)
[2024-08-15T12:53:45.997+0000][1521.942s][info][gc,heap     ] GC(265) Survivor regions: 21->23(71)
[2024-08-15T12:53:45.997+0000][1521.942s][info][gc,heap     ] GC(265) Old regions: 572->572
[2024-08-15T12:53:45.997+0000][1521.942s][info][gc,heap     ] GC(265) Archive regions: 2->2
[2024-08-15T12:53:45.997+0000][1521.942s][info][gc,heap     ] GC(265) Humongous regions: 68->68
[2024-08-15T12:53:45.997+0000][1521.942s][info][gc,metaspace] GC(265) Metaspace: 420698K(426816K)->420698K(426816K) NonClass: 367719K(371264K)->367719K(371264K) Class: 52979K(55552K)->52979K(55552K)
[2024-08-15T12:53:45.997+0000][1521.942s][info][gc          ] GC(265) Pause Young (Normal) (G1 Evacuation Pause) 9639M->5308M(12288M) 50.470ms
[2024-08-15T12:53:45.997+0000][1521.942s][info][gc,cpu      ] GC(265) User=0.30s Sys=0.00s Real=0.05s
[2024-08-15T12:53:51.742+0000][1527.687s][info][gc,start    ] GC(266) Pause Young (Normal) (G1 Evacuation Pause)
[2024-08-15T12:53:51.742+0000][1527.687s][info][gc,task     ] GC(266) Using 6 workers of 6 for evacuation
[2024-08-15T12:53:51.796+0000][1527.741s][info][gc,phases   ] GC(266)   Pre Evacuate Collection Set: 0.2ms
[2024-08-15T12:53:51.796+0000][1527.741s][info][gc,phases   ] GC(266)   Merge Heap Roots: 0.2ms
[2024-08-15T12:53:51.796+0000][1527.741s][info][gc,phases   ] GC(266)   Evacuate Collection Set: 51.0ms
[2024-08-15T12:53:51.796+0000][1527.741s][info][gc,phases   ] GC(266)   Post Evacuate Collection Set: 2.0ms
[2024-08-15T12:53:51.796+0000][1527.741s][info][gc,phases   ] GC(266)   Other: 0.2ms
[2024-08-15T12:53:51.796+0000][1527.741s][info][gc,heap     ] GC(266) Eden regions: 540->0(539)
[2024-08-15T12:53:51.796+0000][1527.741s][info][gc,heap     ] GC(266) Survivor regions: 23->23(71)
[2024-08-15T12:53:51.796+0000][1527.741s][info][gc,heap     ] GC(266) Old regions: 572->573
[2024-08-15T12:53:51.796+0000][1527.741s][info][gc,heap     ] GC(266) Archive regions: 2->2
[2024-08-15T12:53:51.796+0000][1527.741s][info][gc,heap     ] GC(266) Humongous regions: 68->68
[2024-08-15T12:53:51.796+0000][1527.741s][info][gc,metaspace] GC(266) Metaspace: 420698K(426816K)->420698K(426816K) NonClass: 367719K(371264K)->367719K(371264K) Class: 52979K(55552K)->52979K(55552K)
[2024-08-15T12:53:51.796+0000][1527.741s][info][gc          ] GC(266) Pause Young (Normal) (G1 Evacuation Pause) 9628M->5313M(12288M) 53.732ms
[2024-08-15T12:53:51.796+0000][1527.741s][info][gc,cpu      ] GC(266) User=0.32s Sys=0.00s Real=0.06s
[2024-08-15T12:53:57.244+0000][1533.188s][info][gc,start    ] GC(267) Pause Young (Normal) (G1 Evacuation Pause)
[2024-08-15T12:53:57.244+0000][1533.188s][info][gc,task     ] GC(267) Using 6 workers of 6 for evacuation
[2024-08-15T12:53:57.293+0000][1533.238s][info][gc,phases   ] GC(267)   Pre Evacuate Collection Set: 0.2ms
[2024-08-15T12:53:57.294+0000][1533.238s][info][gc,phases   ] GC(267)   Merge Heap Roots: 0.2ms
[2024-08-15T12:53:57.294+0000][1533.238s][info][gc,phases   ] GC(267)   Evacuate Collection Set: 47.2ms
[2024-08-15T12:53:57.294+0000][1533.238s][info][gc,phases   ] GC(267)   Post Evacuate Collection Set: 2.0ms
[2024-08-15T12:53:57.294+0000][1533.238s][info][gc,phases   ] GC(267)   Other: 0.2ms
[2024-08-15T12:53:57.294+0000][1533.238s][info][gc,heap     ] GC(267) Eden regions: 539->0(544)
[2024-08-15T12:53:57.294+0000][1533.238s][info][gc,heap     ] GC(267) Survivor regions: 23->20(71)
[2024-08-15T12:53:57.294+0000][1533.238s][info][gc,heap     ] GC(267) Old regions: 573->574
[2024-08-15T12:53:57.294+0000][1533.238s][info][gc,heap     ] GC(267) Archive regions: 2->2
[2024-08-15T12:53:57.294+0000][1533.238s][info][gc,heap     ] GC(267) Humongous regions: 68->68
[2024-08-15T12:53:57.294+0000][1533.238s][info][gc,metaspace] GC(267) Metaspace: 420698K(426816K)->420698K(426816K) NonClass: 367719K(371264K)->367719K(371264K) Class: 52979K(55552K)->52979K(55552K)
[2024-08-15T12:53:57.294+0000][1533.238s][info][gc          ] GC(267) Pause Young (Normal) (G1 Evacuation Pause) 9625M->5293M(12288M) 49.804ms
[2024-08-15T12:53:57.294+0000][1533.238s][info][gc,cpu      ] GC(267) User=0.29s Sys=0.00s Real=0.04s
[2024-08-15T12:54:00.174+0000][1536.119s][info][gc,start    ] GC(268) Pause Young (Normal) (G1 Evacuation Pause)
[2024-08-15T12:54:00.174+0000][1536.119s][info][gc,task     ] GC(268) Using 6 workers of 6 for evacuation
[2024-08-15T12:54:00.247+0000][1536.192s][info][gc,phases   ] GC(268)   Pre Evacuate Collection Set: 0.2ms
[2024-08-15T12:54:00.247+0000][1536.192s][info][gc,phases   ] GC(268)   Merge Heap Roots: 0.3ms
[2024-08-15T12:54:00.247+0000][1536.192s][info][gc,phases   ] GC(268)   Evacuate Collection Set: 64.3ms
[2024-08-15T12:54:00.247+0000][1536.192s][info][gc,phases   ] GC(268)   Post Evacuate Collection Set: 8.4ms
[2024-08-15T12:54:00.247+0000][1536.192s][info][gc,phases   ] GC(268)   Other: 0.2ms
[2024-08-15T12:54:00.247+0000][1536.192s][info][gc,heap     ] GC(268) Eden regions: 544->0(542)
[2024-08-15T12:54:00.247+0000][1536.192s][info][gc,heap     ] GC(268) Survivor regions: 20->21(71)
[2024-08-15T12:54:00.247+0000][1536.192s][info][gc,heap     ] GC(268) Old regions: 574->574
[2024-08-15T12:54:00.247+0000][1536.192s][info][gc,heap     ] GC(268) Archive regions: 2->2
[2024-08-15T12:54:00.247+0000][1536.192s][info][gc,heap     ] GC(268) Humongous regions: 68->68
[2024-08-15T12:54:00.247+0000][1536.192s][info][gc,metaspace] GC(268) Metaspace: 420707K(426880K)->420707K(426880K) NonClass: 367728K(371328K)->367728K(371328K) Class: 52979K(55552K)->52979K(55552K)
[2024-08-15T12:54:00.247+0000][1536.192s][info][gc          ] GC(268) Pause Young (Normal) (G1 Evacuation Pause) 9645M->5301M(12288M) 73.425ms
[2024-08-15T12:54:00.248+0000][1536.192s][info][gc,cpu      ] GC(268) User=0.43s Sys=0.00s Real=0.08s
[2024-08-15T12:54:02.097+0000][1538.042s][info][gc,start    ] GC(269) Pause Young (Normal) (G1 Evacuation Pause)
[2024-08-15T12:54:02.097+0000][1538.042s][info][gc,task     ] GC(269) Using 6 workers of 6 for evacuation
[2024-08-15T12:54:02.186+0000][1538.130s][info][gc,phases   ] GC(269)   Pre Evacuate Collection Set: 0.2ms
[2024-08-15T12:54:02.186+0000][1538.130s][info][gc,phases   ] GC(269)   Merge Heap Roots: 0.3ms
[2024-08-15T12:54:02.186+0000][1538.130s][info][gc,phases   ] GC(269)   Evacuate Collection Set: 76.3ms
[2024-08-15T12:54:02.186+0000][1538.130s][info][gc,phases   ] GC(269)   Post Evacuate Collection Set: 11.5ms
[2024-08-15T12:54:02.186+0000][1538.130s][info][gc,phases   ] GC(269)   Other: 0.2ms
[2024-08-15T12:54:02.186+0000][1538.130s][info][gc,heap     ] GC(269) Eden regions: 542->0(537)
[2024-08-15T12:54:02.186+0000][1538.130s][info][gc,heap     ] GC(269) Survivor regions: 21->23(71)
[2024-08-15T12:54:02.186+0000][1538.130s][info][gc,heap     ] GC(269) Old regions: 574->575
[2024-08-15T12:54:02.186+0000][1538.130s][info][gc,heap     ] GC(269) Archive regions: 2->2
[2024-08-15T12:54:02.186+0000][1538.130s][info][gc,heap     ] GC(269) Humongous regions: 68->68
[2024-08-15T12:54:02.186+0000][1538.130s][info][gc,metaspace] GC(269) Metaspace: 420707K(426880K)->420707K(426880K) NonClass: 367728K(371328K)->367728K(371328K) Class: 52979K(55552K)->52979K(55552K)
[2024-08-15T12:54:02.186+0000][1538.131s][info][gc          ] GC(269) Pause Young (Normal) (G1 Evacuation Pause) 9637M->5320M(12288M) 88.570ms
[2024-08-15T12:54:02.186+0000][1538.131s][info][gc,cpu      ] GC(269) User=0.52s Sys=0.00s Real=0.09s
[2024-08-15T12:54:04.046+0000][1539.990s][info][gc,start    ] GC(270) Pause Young (Normal) (G1 Evacuation Pause)
[2024-08-15T12:54:04.046+0000][1539.990s][info][gc,task     ] GC(270) Using 6 workers of 6 for evacuation
[2024-08-15T12:54:04.141+0000][1540.086s][info][gc,phases   ] GC(270)   Pre Evacuate Collection Set: 0.2ms
[2024-08-15T12:54:04.141+0000][1540.086s][info][gc,phases   ] GC(270)   Merge Heap Roots: 0.3ms
[2024-08-15T12:54:04.141+0000][1540.086s][info][gc,phases   ] GC(270)   Evacuate Collection Set: 81.4ms
[2024-08-15T12:54:04.141+0000][1540.086s][info][gc,phases   ] GC(270)   Post Evacuate Collection Set: 13.5ms
[2024-08-15T12:54:04.141+0000][1540.086s][info][gc,phases   ] GC(270)   Other: 0.2ms
[2024-08-15T12:54:04.141+0000][1540.086s][info][gc,heap     ] GC(270) Eden regions: 537->0(535)
[2024-08-15T12:54:04.141+0000][1540.086s][info][gc,heap     ] GC(270) Survivor regions: 23->24(70)
[2024-08-15T12:54:04.141+0000][1540.086s][info][gc,heap     ] GC(270) Old regions: 575->575
[2024-08-15T12:54:04.141+0000][1540.086s][info][gc,heap     ] GC(270) Archive regions: 2->2
[2024-08-15T12:54:04.141+0000][1540.086s][info][gc,heap     ] GC(270) Humongous regions: 68->68
[2024-08-15T12:54:04.141+0000][1540.086s][info][gc,metaspace] GC(270) Metaspace: 420709K(426880K)->420709K(426880K) NonClass: 367730K(371328K)->367730K(371328K) Class: 52979K(55552K)->52979K(55552K)
[2024-08-15T12:54:04.141+0000][1540.086s][info][gc          ] GC(270) Pause Young (Normal) (G1 Evacuation Pause) 9616M->5335M(12288M) 95.647ms
[2024-08-15T12:54:04.141+0000][1540.086s][info][gc,cpu      ] GC(270) User=0.56s Sys=0.00s Real=0.09s
[2024-08-15T12:54:05.689+0000][1541.634s][info][gc,start    ] GC(271) Pause Young (Normal) (G1 Evacuation Pause)
[2024-08-15T12:54:05.689+0000][1541.634s][info][gc,task     ] GC(271) Using 6 workers of 6 for evacuation
[2024-08-15T12:54:05.790+0000][1541.734s][info][gc,phases   ] GC(271)   Pre Evacuate Collection Set: 0.2ms
[2024-08-15T12:54:05.790+0000][1541.734s][info][gc,phases   ] GC(271)   Merge Heap Roots: 0.3ms
[2024-08-15T12:54:05.790+0000][1541.734s][info][gc,phases   ] GC(271)   Evacuate Collection Set: 87.4ms
[2024-08-15T12:54:05.790+0000][1541.734s][info][gc,phases   ] GC(271)   Post Evacuate Collection Set: 12.4ms
[2024-08-15T12:54:05.790+0000][1541.734s][info][gc,phases   ] GC(271)   Other: 0.2ms
[2024-08-15T12:54:05.790+0000][1541.734s][info][gc,heap     ] GC(271) Eden regions: 535->0(530)
[2024-08-15T12:54:05.790+0000][1541.734s][info][gc,heap     ] GC(271) Survivor regions: 24->26(70)
[2024-08-15T12:54:05.790+0000][1541.734s][info][gc,heap     ] GC(271) Old regions: 575->576
[2024-08-15T12:54:05.790+0000][1541.734s][info][gc,heap     ] GC(271) Archive regions: 2->2
[2024-08-15T12:54:05.790+0000][1541.734s][info][gc,heap     ] GC(271) Humongous regions: 68->68
[2024-08-15T12:54:05.790+0000][1541.734s][info][gc,metaspace] GC(271) Metaspace: 420721K(426880K)->420721K(426880K) NonClass: 367742K(371328K)->367742K(371328K) Class: 52979K(55552K)->52979K(55552K)
[2024-08-15T12:54:05.790+0000][1541.734s][info][gc          ] GC(271) Pause Young (Normal) (G1 Evacuation Pause) 9615M->5360M(12288M) 100.567ms
[2024-08-15T12:54:05.790+0000][1541.734s][info][gc,cpu      ] GC(271) User=0.59s Sys=0.00s Real=0.10s
[2024-08-15T12:54:07.445+0000][1543.390s][info][gc,start    ] GC(272) Pause Young (Normal) (G1 Evacuation Pause)
[2024-08-15T12:54:07.445+0000][1543.390s][info][gc,task     ] GC(272) Using 6 workers of 6 for evacuation
[2024-08-15T12:54:07.556+0000][1543.501s][info][gc,phases   ] GC(272)   Pre Evacuate Collection Set: 0.2ms
[2024-08-15T12:54:07.556+0000][1543.501s][info][gc,phases   ] GC(272)   Merge Heap Roots: 0.4ms
[2024-08-15T12:54:07.556+0000][1543.501s][info][gc,phases   ] GC(272)   Evacuate Collection Set: 96.8ms
[2024-08-15T12:54:07.556+0000][1543.501s][info][gc,phases   ] GC(272)   Post Evacuate Collection Set: 13.4ms
[2024-08-15T12:54:07.556+0000][1543.501s][info][gc,phases   ] GC(272)   Other: 0.2ms
[2024-08-15T12:54:07.556+0000][1543.501s][info][gc,heap     ] GC(272) Eden regions: 530->0(525)
[2024-08-15T12:54:07.556+0000][1543.501s][info][gc,heap     ] GC(272) Survivor regions: 26->28(70)
[2024-08-15T12:54:07.556+0000][1543.501s][info][gc,heap     ] GC(272) Old regions: 576->577
[2024-08-15T12:54:07.556+0000][1543.501s][info][gc,heap     ] GC(272) Archive regions: 2->2
[2024-08-15T12:54:07.556+0000][1543.501s][info][gc,heap     ] GC(272) Humongous regions: 68->68
[2024-08-15T12:54:07.556+0000][1543.501s][info][gc,metaspace] GC(272) Metaspace: 420721K(426880K)->420721K(426880K) NonClass: 367742K(371328K)->367742K(371328K) Class: 52979K(55552K)->52979K(55552K)
[2024-08-15T12:54:07.556+0000][1543.501s][info][gc          ] GC(272) Pause Young (Normal) (G1 Evacuation Pause) 9600M->5379M(12288M) 111.086ms
[2024-08-15T12:54:07.556+0000][1543.501s][info][gc,cpu      ] GC(272) User=0.65s Sys=0.00s Real=0.11s
[2024-08-15T12:54:09.143+0000][1545.088s][info][gc,start    ] GC(273) Pause Young (Normal) (G1 Evacuation Pause)
[2024-08-15T12:54:09.143+0000][1545.088s][info][gc,task     ] GC(273) Using 6 workers of 6 for evacuation
[2024-08-15T12:54:09.261+0000][1545.206s][info][gc,phases   ] GC(273)   Pre Evacuate Collection Set: 0.2ms
[2024-08-15T12:54:09.261+0000][1545.206s][info][gc,phases   ] GC(273)   Merge Heap Roots: 0.3ms
[2024-08-15T12:54:09.261+0000][1545.206s][info][gc,phases   ] GC(273)   Evacuate Collection Set: 104.8ms
[2024-08-15T12:54:09.261+0000][1545.206s][info][gc,phases   ] GC(273)   Post Evacuate Collection Set: 12.8ms
[2024-08-15T12:54:09.261+0000][1545.206s][info][gc,phases   ] GC(273)   Other: 0.2ms
[2024-08-15T12:54:09.261+0000][1545.206s][info][gc,heap     ] GC(273) Eden regions: 525->0(520)
[2024-08-15T12:54:09.261+0000][1545.206s][info][gc,heap     ] GC(273) Survivor regions: 28->30(70)
[2024-08-15T12:54:09.261+0000][1545.206s][info][gc,heap     ] GC(273) Old regions: 577->578
[2024-08-15T12:54:09.261+0000][1545.206s][info][gc,heap     ] GC(273) Archive regions: 2->2
[2024-08-15T12:54:09.261+0000][1545.206s][info][gc,heap     ] GC(273) Humongous regions: 68->68
[2024-08-15T12:54:09.262+0000][1545.206s][info][gc,metaspace] GC(273) Metaspace: 420727K(426880K)->420727K(426880K) NonClass: 367748K(371328K)->367748K(371328K) Class: 52979K(55552K)->52979K(55552K)
[2024-08-15T12:54:09.262+0000][1545.206s][info][gc          ] GC(273) Pause Young (Normal) (G1 Evacuation Pause) 9579M->5402M(12288M) 118.281ms
[2024-08-15T12:54:09.262+0000][1545.206s][info][gc,cpu      ] GC(273) User=0.70s Sys=0.01s Real=0.11s
[2024-08-15T12:54:10.927+0000][1546.872s][info][gc,start    ] GC(274) Pause Young (Normal) (G1 Evacuation Pause)
[2024-08-15T12:54:10.927+0000][1546.872s][info][gc,task     ] GC(274) Using 6 workers of 6 for evacuation
[2024-08-15T12:54:11.051+0000][1546.996s][info][gc,phases   ] GC(274)   Pre Evacuate Collection Set: 0.2ms
[2024-08-15T12:54:11.051+0000][1546.996s][info][gc,phases   ] GC(274)   Merge Heap Roots: 0.3ms
[2024-08-15T12:54:11.051+0000][1546.996s][info][gc,phases   ] GC(274)   Evacuate Collection Set: 109.1ms
[2024-08-15T12:54:11.051+0000][1546.996s][info][gc,phases   ] GC(274)   Post Evacuate Collection Set: 14.3ms
[2024-08-15T12:54:11.051+0000][1546.996s][info][gc,phases   ] GC(274)   Other: 0.2ms
[2024-08-15T12:54:11.051+0000][1546.996s][info][gc,heap     ] GC(274) Eden regions: 520->0(516)
[2024-08-15T12:54:11.051+0000][1546.996s][info][gc,heap     ] GC(274) Survivor regions: 30->32(69)
[2024-08-15T12:54:11.051+0000][1546.996s][info][gc,heap     ] GC(274) Old regions: 578->578
[2024-08-15T12:54:11.051+0000][1546.996s][info][gc,heap     ] GC(274) Archive regions: 2->2
[2024-08-15T12:54:11.051+0000][1546.996s][info][gc,heap     ] GC(274) Humongous regions: 68->68
[2024-08-15T12:54:11.051+0000][1546.996s][info][gc,metaspace] GC(274) Metaspace: 420728K(426880K)->420728K(426880K) NonClass: 367749K(371328K)->367749K(371328K) Class: 52979K(55552K)->52979K(55552K)
[2024-08-15T12:54:11.051+0000][1546.996s][info][gc          ] GC(274) Pause Young (Normal) (G1 Evacuation Pause) 9562M->5428M(12288M) 124.136ms
[2024-08-15T12:54:11.051+0000][1546.996s][info][gc,cpu      ] GC(274) User=0.72s Sys=0.00s Real=0.12s
[2024-08-15T12:54:14.240+0000][1550.185s][info][gc,start    ] GC(275) Pause Young (Normal) (G1 Evacuation Pause)
[2024-08-15T12:54:14.240+0000][1550.185s][info][gc,task     ] GC(275) Using 6 workers of 6 for evacuation
[2024-08-15T12:54:14.289+0000][1550.233s][info][gc,phases   ] GC(275)   Pre Evacuate Collection Set: 0.2ms
[2024-08-15T12:54:14.289+0000][1550.233s][info][gc,phases   ] GC(275)   Merge Heap Roots: 0.3ms
[2024-08-15T12:54:14.289+0000][1550.233s][info][gc,phases   ] GC(275)   Evacuate Collection Set: 44.9ms
[2024-08-15T12:54:14.289+0000][1550.233s][info][gc,phases   ] GC(275)   Post Evacuate Collection Set: 2.9ms
[2024-08-15T12:54:14.289+0000][1550.233s][info][gc,phases   ] GC(275)   Other: 0.2ms
[2024-08-15T12:54:14.289+0000][1550.233s][info][gc,heap     ] GC(275) Eden regions: 516->0(543)
[2024-08-15T12:54:14.289+0000][1550.233s][info][gc,heap     ] GC(275) Survivor regions: 32->18(69)
[2024-08-15T12:54:14.289+0000][1550.233s][info][gc,heap     ] GC(275) Old regions: 578->579
[2024-08-15T12:54:14.289+0000][1550.233s][info][gc,heap     ] GC(275) Archive regions: 2->2
[2024-08-15T12:54:14.289+0000][1550.233s][info][gc,heap     ] GC(275) Humongous regions: 68->68
[2024-08-15T12:54:14.289+0000][1550.233s][info][gc,metaspace] GC(275) Metaspace: 420729K(426880K)->420729K(426880K) NonClass: 367749K(371328K)->367749K(371328K) Class: 52979K(55552K)->52979K(55552K)
[2024-08-15T12:54:14.289+0000][1550.233s][info][gc          ] GC(275) Pause Young (Normal) (G1 Evacuation Pause) 9556M->5321M(12288M) 48.561ms
[2024-08-15T12:54:14.289+0000][1550.233s][info][gc,cpu      ] GC(275) User=0.28s Sys=0.00s Real=0.05s
[2024-08-15T12:54:18.099+0000][1554.044s][info][gc,start    ] GC(276) Pause Young (Normal) (G1 Evacuation Pause)
[2024-08-15T12:54:18.100+0000][1554.044s][info][gc,task     ] GC(276) Using 6 workers of 6 for evacuation
[2024-08-15T12:54:18.142+0000][1554.087s][info][gc,phases   ] GC(276)   Pre Evacuate Collection Set: 0.2ms
[2024-08-15T12:54:18.142+0000][1554.087s][info][gc,phases   ] GC(276)   Merge Heap Roots: 0.2ms
[2024-08-15T12:54:18.142+0000][1554.087s][info][gc,phases   ] GC(276)   Evacuate Collection Set: 40.3ms
[2024-08-15T12:54:18.142+0000][1554.087s][info][gc,phases   ] GC(276)   Post Evacuate Collection Set: 2.0ms
[2024-08-15T12:54:18.142+0000][1554.087s][info][gc,phases   ] GC(276)   Other: 0.2ms
[2024-08-15T12:54:18.142+0000][1554.087s][info][gc,heap     ] GC(276) Eden regions: 543->0(542)
[2024-08-15T12:54:18.142+0000][1554.087s][info][gc,heap     ] GC(276) Survivor regions: 18->18(71)
[2024-08-15T12:54:18.142+0000][1554.087s][info][gc,heap     ] GC(276) Old regions: 579->580
[2024-08-15T12:54:18.142+0000][1554.087s][info][gc,heap     ] GC(276) Archive regions: 2->2
[2024-08-15T12:54:18.142+0000][1554.087s][info][gc,heap     ] GC(276) Humongous regions: 68->68
[2024-08-15T12:54:18.142+0000][1554.087s][info][gc,metaspace] GC(276) Metaspace: 420729K(426880K)->420729K(426880K) NonClass: 367749K(371328K)->367749K(371328K) Class: 52979K(55552K)->52979K(55552K)
[2024-08-15T12:54:18.142+0000][1554.087s][info][gc          ] GC(276) Pause Young (Normal) (G1 Evacuation Pause) 9665M->5323M(12288M) 42.917ms
[2024-08-15T12:54:18.142+0000][1554.087s][info][gc,cpu      ] GC(276) User=0.25s Sys=0.00s Real=0.04s
[2024-08-15T12:54:23.970+0000][1559.915s][info][gc,start    ] GC(277) Pause Young (Normal) (G1 Evacuation Pause)
[2024-08-15T12:54:23.970+0000][1559.915s][info][gc,task     ] GC(277) Using 6 workers of 6 for evacuation
[2024-08-15T12:54:24.016+0000][1559.960s][info][gc,phases   ] GC(277)   Pre Evacuate Collection Set: 0.2ms
[2024-08-15T12:54:24.016+0000][1559.960s][info][gc,phases   ] GC(277)   Merge Heap Roots: 0.2ms
[2024-08-15T12:54:24.016+0000][1559.960s][info][gc,phases   ] GC(277)   Evacuate Collection Set: 43.1ms
[2024-08-15T12:54:24.016+0000][1559.960s][info][gc,phases   ] GC(277)   Post Evacuate Collection Set: 2.0ms
[2024-08-15T12:54:24.016+0000][1559.960s][info][gc,phases   ] GC(277)   Other: 0.2ms
[2024-08-15T12:54:24.016+0000][1559.960s][info][gc,heap     ] GC(277) Eden regions: 542->0(541)
[2024-08-15T12:54:24.016+0000][1559.960s][info][gc,heap     ] GC(277) Survivor regions: 18->18(70)
[2024-08-15T12:54:24.016+0000][1559.960s][info][gc,heap     ] GC(277) Old regions: 580->581
[2024-08-15T12:54:24.016+0000][1559.960s][info][gc,heap     ] GC(277) Archive regions: 2->2
[2024-08-15T12:54:24.016+0000][1559.960s][info][gc,heap     ] GC(277) Humongous regions: 68->68
[2024-08-15T12:54:24.016+0000][1559.960s][info][gc,metaspace] GC(277) Metaspace: 420730K(426880K)->420730K(426880K) NonClass: 367750K(371328K)->367750K(371328K) Class: 52979K(55552K)->52979K(55552K)
[2024-08-15T12:54:24.016+0000][1559.960s][info][gc          ] GC(277) Pause Young (Normal) (G1 Evacuation Pause) 9659M->5329M(12288M) 45.800ms
[2024-08-15T12:54:24.016+0000][1559.960s][info][gc,cpu      ] GC(277) User=0.27s Sys=0.00s Real=0.05s
[2024-08-15T12:54:29.877+0000][1565.821s][info][gc,start    ] GC(278) Pause Young (Normal) (G1 Evacuation Pause)
[2024-08-15T12:54:29.877+0000][1565.822s][info][gc,task     ] GC(278) Using 6 workers of 6 for evacuation
[2024-08-15T12:54:29.922+0000][1565.866s][info][gc,phases   ] GC(278)   Pre Evacuate Collection Set: 0.2ms
[2024-08-15T12:54:29.922+0000][1565.866s][info][gc,phases   ] GC(278)   Merge Heap Roots: 0.2ms
[2024-08-15T12:54:29.922+0000][1565.866s][info][gc,phases   ] GC(278)   Evacuate Collection Set: 42.2ms
[2024-08-15T12:54:29.922+0000][1565.866s][info][gc,phases   ] GC(278)   Post Evacuate Collection Set: 2.0ms
[2024-08-15T12:54:29.922+0000][1565.866s][info][gc,phases   ] GC(278)   Other: 0.2ms
[2024-08-15T12:54:29.922+0000][1565.866s][info][gc,heap     ] GC(278) Eden regions: 541->0(539)
[2024-08-15T12:54:29.922+0000][1565.866s][info][gc,heap     ] GC(278) Survivor regions: 18->19(70)
[2024-08-15T12:54:29.922+0000][1565.866s][info][gc,heap     ] GC(278) Old regions: 581->581
[2024-08-15T12:54:29.922+0000][1565.866s][info][gc,heap     ] GC(278) Archive regions: 2->2
[2024-08-15T12:54:29.922+0000][1565.866s][info][gc,heap     ] GC(278) Humongous regions: 68->68
[2024-08-15T12:54:29.922+0000][1565.866s][info][gc,metaspace] GC(278) Metaspace: 420752K(426880K)->420752K(426880K) NonClass: 367772K(371328K)->367772K(371328K) Class: 52979K(55552K)->52979K(55552K)
[2024-08-15T12:54:29.922+0000][1565.866s][info][gc          ] GC(278) Pause Young (Normal) (G1 Evacuation Pause) 9657M->5344M(12288M) 44.864ms
[2024-08-15T12:54:29.922+0000][1565.866s][info][gc,cpu      ] GC(278) User=0.26s Sys=0.00s Real=0.04s
[2024-08-15T12:54:35.812+0000][1571.756s][info][gc,start    ] GC(279) Pause Young (Normal) (G1 Evacuation Pause)
[2024-08-15T12:54:35.812+0000][1571.756s][info][gc,task     ] GC(279) Using 6 workers of 6 for evacuation
[2024-08-15T12:54:35.858+0000][1571.803s][info][gc,phases   ] GC(279)   Pre Evacuate Collection Set: 0.2ms
[2024-08-15T12:54:35.858+0000][1571.803s][info][gc,phases   ] GC(279)   Merge Heap Roots: 0.2ms
[2024-08-15T12:54:35.858+0000][1571.803s][info][gc,phases   ] GC(279)   Evacuate Collection Set: 44.1ms
[2024-08-15T12:54:35.858+0000][1571.803s][info][gc,phases   ] GC(279)   Post Evacuate Collection Set: 2.0ms
[2024-08-15T12:54:35.858+0000][1571.803s][info][gc,phases   ] GC(279)   Other: 0.2ms
[2024-08-15T12:54:35.858+0000][1571.803s][info][gc,heap     ] GC(279) Eden regions: 539->0(537)
[2024-08-15T12:54:35.858+0000][1571.803s][info][gc,heap     ] GC(279) Survivor regions: 19->19(70)
[2024-08-15T12:54:35.858+0000][1571.803s][info][gc,heap     ] GC(279) Old regions: 581->583
[2024-08-15T12:54:35.858+0000][1571.803s][info][gc,heap     ] GC(279) Archive regions: 2->2
[2024-08-15T12:54:35.858+0000][1571.803s][info][gc,heap     ] GC(279) Humongous regions: 68->68
[2024-08-15T12:54:35.858+0000][1571.803s][info][gc,metaspace] GC(279) Metaspace: 420756K(426880K)->420756K(426880K) NonClass: 367776K(371328K)->367776K(371328K) Class: 52979K(55552K)->52979K(55552K)
[2024-08-15T12:54:35.858+0000][1571.803s][info][gc          ] GC(279) Pause Young (Normal) (G1 Evacuation Pause) 9656M->5359M(12288M) 46.738ms
[2024-08-15T12:54:35.858+0000][1571.803s][info][gc,cpu      ] GC(279) User=0.28s Sys=0.01s Real=0.05s
[2024-08-15T12:54:38.971+0000][1574.916s][info][gc,start    ] GC(280) Pause Young (Normal) (G1 Evacuation Pause)
[2024-08-15T12:54:38.971+0000][1574.916s][info][gc,task     ] GC(280) Using 6 workers of 6 for evacuation
[2024-08-15T12:54:39.029+0000][1574.974s][info][gc,phases   ] GC(280)   Pre Evacuate Collection Set: 0.2ms
[2024-08-15T12:54:39.029+0000][1574.974s][info][gc,phases   ] GC(280)   Merge Heap Roots: 0.2ms
[2024-08-15T12:54:39.029+0000][1574.974s][info][gc,phases   ] GC(280)   Evacuate Collection Set: 50.3ms
[2024-08-15T12:54:39.029+0000][1574.974s][info][gc,phases   ] GC(280)   Post Evacuate Collection Set: 7.3ms
[2024-08-15T12:54:39.029+0000][1574.974s][info][gc,phases   ] GC(280)   Other: 0.2ms
[2024-08-15T12:54:39.029+0000][1574.974s][info][gc,heap     ] GC(280) Eden regions: 537->0(534)
[2024-08-15T12:54:39.030+0000][1574.974s][info][gc,heap     ] GC(280) Survivor regions: 19->20(70)
[2024-08-15T12:54:39.030+0000][1574.974s][info][gc,heap     ] GC(280) Old regions: 583->584
[2024-08-15T12:54:39.030+0000][1574.974s][info][gc,heap     ] GC(280) Archive regions: 2->2
[2024-08-15T12:54:39.030+0000][1574.974s][info][gc,heap     ] GC(280) Humongous regions: 68->68
[2024-08-15T12:54:39.030+0000][1574.974s][info][gc,metaspace] GC(280) Metaspace: 420758K(426880K)->420758K(426880K) NonClass: 367778K(371328K)->367778K(371328K) Class: 52979K(55552K)->52979K(55552K)
[2024-08-15T12:54:39.030+0000][1574.974s][info][gc          ] GC(280) Pause Young (Normal) (G1 Evacuation Pause) 9655M->5370M(12288M) 58.251ms
[2024-08-15T12:54:39.030+0000][1574.974s][info][gc,cpu      ] GC(280) User=0.34s Sys=0.00s Real=0.06s
[2024-08-15T12:54:40.657+0000][1576.601s][info][gc,start    ] GC(281) Pause Young (Normal) (G1 Evacuation Pause)
[2024-08-15T12:54:40.657+0000][1576.601s][info][gc,task     ] GC(281) Using 6 workers of 6 for evacuation
[2024-08-15T12:54:40.736+0000][1576.680s][info][gc,phases   ] GC(281)   Pre Evacuate Collection Set: 0.2ms
[2024-08-15T12:54:40.736+0000][1576.680s][info][gc,phases   ] GC(281)   Merge Heap Roots: 0.2ms
[2024-08-15T12:54:40.736+0000][1576.680s][info][gc,phases   ] GC(281)   Evacuate Collection Set: 65.7ms
[2024-08-15T12:54:40.736+0000][1576.680s][info][gc,phases   ] GC(281)   Post Evacuate Collection Set: 12.9ms
[2024-08-15T12:54:40.736+0000][1576.681s][info][gc,phases   ] GC(281)   Other: 0.2ms
[2024-08-15T12:54:40.736+0000][1576.681s][info][gc,heap     ] GC(281) Eden regions: 534->0(531)
[2024-08-15T12:54:40.736+0000][1576.681s][info][gc,heap     ] GC(281) Survivor regions: 20->21(70)
[2024-08-15T12:54:40.736+0000][1576.681s][info][gc,heap     ] GC(281) Old regions: 584->585
[2024-08-15T12:54:40.736+0000][1576.681s][info][gc,heap     ] GC(281) Archive regions: 2->2
[2024-08-15T12:54:40.736+0000][1576.681s][info][gc,heap     ] GC(281) Humongous regions: 68->68
[2024-08-15T12:54:40.736+0000][1576.681s][info][gc,metaspace] GC(281) Metaspace: 420758K(426880K)->420758K(426880K) NonClass: 367778K(371328K)->367778K(371328K) Class: 52979K(55552K)->52979K(55552K)
[2024-08-15T12:54:40.736+0000][1576.681s][info][gc          ] GC(281) Pause Young (Normal) (G1 Evacuation Pause) 9642M->5389M(12288M) 79.265ms
[2024-08-15T12:54:40.736+0000][1576.681s][info][gc,cpu      ] GC(281) User=0.45s Sys=0.01s Real=0.08s
[2024-08-15T12:54:42.498+0000][1578.442s][info][gc,start    ] GC(282) Pause Young (Normal) (G1 Evacuation Pause)
[2024-08-15T12:54:42.498+0000][1578.442s][info][gc,task     ] GC(282) Using 6 workers of 6 for evacuation
[2024-08-15T12:54:42.577+0000][1578.521s][info][gc,phases   ] GC(282)   Pre Evacuate Collection Set: 0.2ms
[2024-08-15T12:54:42.577+0000][1578.521s][info][gc,phases   ] GC(282)   Merge Heap Roots: 0.2ms
[2024-08-15T12:54:42.577+0000][1578.521s][info][gc,phases   ] GC(282)   Evacuate Collection Set: 66.0ms
[2024-08-15T12:54:42.577+0000][1578.521s][info][gc,phases   ] GC(282)   Post Evacuate Collection Set: 12.1ms
[2024-08-15T12:54:42.577+0000][1578.521s][info][gc,phases   ] GC(282)   Other: 0.2ms
[2024-08-15T12:54:42.577+0000][1578.521s][info][gc,heap     ] GC(282) Eden regions: 531->0(528)
[2024-08-15T12:54:42.577+0000][1578.521s][info][gc,heap     ] GC(282) Survivor regions: 21->22(69)
[2024-08-15T12:54:42.577+0000][1578.521s][info][gc,heap     ] GC(282) Old regions: 585->586
[2024-08-15T12:54:42.577+0000][1578.521s][info][gc,heap     ] GC(282) Archive regions: 2->2
[2024-08-15T12:54:42.577+0000][1578.521s][info][gc,heap     ] GC(282) Humongous regions: 68->68
[2024-08-15T12:54:42.577+0000][1578.521s][info][gc,metaspace] GC(282) Metaspace: 420758K(426880K)->420758K(426880K) NonClass: 367778K(371328K)->367778K(371328K) Class: 52979K(55552K)->52979K(55552K)
[2024-08-15T12:54:42.577+0000][1578.521s][info][gc          ] GC(282) Pause Young (Normal) (G1 Evacuation Pause) 9637M->5401M(12288M) 78.850ms
[2024-08-15T12:54:42.577+0000][1578.521s][info][gc,cpu      ] GC(282) User=0.46s Sys=0.00s Real=0.08s
[2024-08-15T12:54:44.214+0000][1580.158s][info][gc,start    ] GC(283) Pause Young (Normal) (G1 Evacuation Pause)
[2024-08-15T12:54:44.214+0000][1580.158s][info][gc,task     ] GC(283) Using 6 workers of 6 for evacuation
[2024-08-15T12:54:44.298+0000][1580.243s][info][gc,phases   ] GC(283)   Pre Evacuate Collection Set: 0.2ms
[2024-08-15T12:54:44.298+0000][1580.243s][info][gc,phases   ] GC(283)   Merge Heap Roots: 0.3ms
[2024-08-15T12:54:44.298+0000][1580.243s][info][gc,phases   ] GC(283)   Evacuate Collection Set: 72.0ms
[2024-08-15T12:54:44.298+0000][1580.243s][info][gc,phases   ] GC(283)   Post Evacuate Collection Set: 11.9ms
[2024-08-15T12:54:44.298+0000][1580.243s][info][gc,phases   ] GC(283)   Other: 0.2ms
[2024-08-15T12:54:44.298+0000][1580.243s][info][gc,heap     ] GC(283) Eden regions: 528->0(530)
[2024-08-15T12:54:44.298+0000][1580.243s][info][gc,heap     ] GC(283) Survivor regions: 22->21(69)
[2024-08-15T12:54:44.298+0000][1580.243s][info][gc,heap     ] GC(283) Old regions: 586->586
[2024-08-15T12:54:44.298+0000][1580.243s][info][gc,heap     ] GC(283) Archive regions: 2->2
[2024-08-15T12:54:44.298+0000][1580.243s][info][gc,heap     ] GC(283) Humongous regions: 68->68
[2024-08-15T12:54:44.298+0000][1580.243s][info][gc,metaspace] GC(283) Metaspace: 420758K(426880K)->420758K(426880K) NonClass: 367778K(371328K)->367778K(371328K) Class: 52979K(55552K)->52979K(55552K)
[2024-08-15T12:54:44.298+0000][1580.243s][info][gc          ] GC(283) Pause Young (Normal) (G1 Evacuation Pause) 9625M->5403M(12288M) 84.585ms
[2024-08-15T12:54:44.298+0000][1580.243s][info][gc,cpu      ] GC(283) User=0.49s Sys=0.00s Real=0.09s
[2024-08-15T12:54:45.938+0000][1581.883s][info][gc,start    ] GC(284) Pause Young (Normal) (G1 Evacuation Pause)
[2024-08-15T12:54:45.938+0000][1581.883s][info][gc,task     ] GC(284) Using 6 workers of 6 for evacuation
[2024-08-15T12:54:46.035+0000][1581.979s][info][gc,phases   ] GC(284)   Pre Evacuate Collection Set: 0.2ms
[2024-08-15T12:54:46.035+0000][1581.979s][info][gc,phases   ] GC(284)   Merge Heap Roots: 0.2ms
[2024-08-15T12:54:46.035+0000][1581.979s][info][gc,phases   ] GC(284)   Evacuate Collection Set: 80.4ms
[2024-08-15T12:54:46.035+0000][1581.979s][info][gc,phases   ] GC(284)   Post Evacuate Collection Set: 15.5ms
[2024-08-15T12:54:46.035+0000][1581.979s][info][gc,phases   ] GC(284)   Other: 0.2ms
[2024-08-15T12:54:46.035+0000][1581.979s][info][gc,heap     ] GC(284) Eden regions: 530->0(525)
[2024-08-15T12:54:46.035+0000][1581.979s][info][gc,heap     ] GC(284) Survivor regions: 21->23(69)
[2024-08-15T12:54:46.035+0000][1581.979s][info][gc,heap     ] GC(284) Old regions: 586->587
[2024-08-15T12:54:46.035+0000][1581.979s][info][gc,heap     ] GC(284) Archive regions: 2->2
[2024-08-15T12:54:46.035+0000][1581.979s][info][gc,heap     ] GC(284) Humongous regions: 68->68
[2024-08-15T12:54:46.035+0000][1581.979s][info][gc,metaspace] GC(284) Metaspace: 420758K(426880K)->420758K(426880K) NonClass: 367778K(371328K)->367778K(371328K) Class: 52979K(55552K)->52979K(55552K)
[2024-08-15T12:54:46.035+0000][1581.980s][info][gc          ] GC(284) Pause Young (Normal) (G1 Evacuation Pause) 9643M->5418M(12288M) 96.655ms
[2024-08-15T12:54:46.035+0000][1581.980s][info][gc,cpu      ] GC(284) User=0.56s Sys=0.00s Real=0.09s
[2024-08-15T12:54:47.782+0000][1583.727s][info][gc,start    ] GC(285) Pause Young (Normal) (G1 Evacuation Pause)
[2024-08-15T12:54:47.782+0000][1583.727s][info][gc,task     ] GC(285) Using 6 workers of 6 for evacuation
[2024-08-15T12:54:47.884+0000][1583.829s][info][gc,phases   ] GC(285)   Pre Evacuate Collection Set: 0.2ms
[2024-08-15T12:54:47.884+0000][1583.829s][info][gc,phases   ] GC(285)   Merge Heap Roots: 0.2ms
[2024-08-15T12:54:47.884+0000][1583.829s][info][gc,phases   ] GC(285)   Evacuate Collection Set: 88.4ms
[2024-08-15T12:54:47.884+0000][1583.829s][info][gc,phases   ] GC(285)   Post Evacuate Collection Set: 13.4ms
[2024-08-15T12:54:47.884+0000][1583.829s][info][gc,phases   ] GC(285)   Other: 0.2ms
[2024-08-15T12:54:47.884+0000][1583.829s][info][gc,heap     ] GC(285) Eden regions: 525->0(521)
[2024-08-15T12:54:47.884+0000][1583.829s][info][gc,heap     ] GC(285) Survivor regions: 23->25(69)
[2024-08-15T12:54:47.884+0000][1583.829s][info][gc,heap     ] GC(285) Old regions: 587->587
[2024-08-15T12:54:47.884+0000][1583.829s][info][gc,heap     ] GC(285) Archive regions: 2->2
[2024-08-15T12:54:47.884+0000][1583.829s][info][gc,heap     ] GC(285) Humongous regions: 68->68
[2024-08-15T12:54:47.884+0000][1583.829s][info][gc,metaspace] GC(285) Metaspace: 420758K(426880K)->420758K(426880K) NonClass: 367778K(371328K)->367778K(371328K) Class: 52979K(55552K)->52979K(55552K)
[2024-08-15T12:54:47.884+0000][1583.829s][info][gc          ] GC(285) Pause Young (Normal) (G1 Evacuation Pause) 9618M->5438M(12288M) 102.447ms
[2024-08-15T12:54:47.885+0000][1583.829s][info][gc,cpu      ] GC(285) User=0.60s Sys=0.00s Real=0.11s
[2024-08-15T12:54:49.523+0000][1585.468s][info][gc,start    ] GC(286) Pause Young (Normal) (G1 Evacuation Pause)
[2024-08-15T12:54:49.523+0000][1585.468s][info][gc,task     ] GC(286) Using 6 workers of 6 for evacuation
[2024-08-15T12:54:49.632+0000][1585.577s][info][gc,phases   ] GC(286)   Pre Evacuate Collection Set: 0.2ms
[2024-08-15T12:54:49.632+0000][1585.577s][info][gc,phases   ] GC(286)   Merge Heap Roots: 0.3ms
[2024-08-15T12:54:49.632+0000][1585.577s][info][gc,phases   ] GC(286)   Evacuate Collection Set: 93.3ms
[2024-08-15T12:54:49.632+0000][1585.577s][info][gc,phases   ] GC(286)   Post Evacuate Collection Set: 14.8ms
[2024-08-15T12:54:49.632+0000][1585.577s][info][gc,phases   ] GC(286)   Other: 0.2ms
[2024-08-15T12:54:49.632+0000][1585.577s][info][gc,heap     ] GC(286) Eden regions: 521->0(518)
[2024-08-15T12:54:49.632+0000][1585.577s][info][gc,heap     ] GC(286) Survivor regions: 25->26(69)
[2024-08-15T12:54:49.632+0000][1585.577s][info][gc,heap     ] GC(286) Old regions: 587->588
[2024-08-15T12:54:49.632+0000][1585.577s][info][gc,heap     ] GC(286) Archive regions: 2->2
[2024-08-15T12:54:49.632+0000][1585.577s][info][gc,heap     ] GC(286) Humongous regions: 68->68
[2024-08-15T12:54:49.632+0000][1585.577s][info][gc,metaspace] GC(286) Metaspace: 420758K(426880K)->420758K(426880K) NonClass: 367778K(371328K)->367778K(371328K) Class: 52979K(55552K)->52979K(55552K)
[2024-08-15T12:54:49.632+0000][1585.577s][info][gc          ] GC(286) Pause Young (Normal) (G1 Evacuation Pause) 9606M->5449M(12288M) 108.839ms
[2024-08-15T12:54:49.632+0000][1585.577s][info][gc,cpu      ] GC(286) User=0.64s Sys=0.00s Real=0.10s
[2024-08-15T12:54:51.230+0000][1587.175s][info][gc,start    ] GC(287) Pause Young (Normal) (G1 Evacuation Pause)
[2024-08-15T12:54:51.230+0000][1587.175s][info][gc,task     ] GC(287) Using 6 workers of 6 for evacuation
[2024-08-15T12:54:51.347+0000][1587.292s][info][gc,phases   ] GC(287)   Pre Evacuate Collection Set: 0.2ms
[2024-08-15T12:54:51.347+0000][1587.292s][info][gc,phases   ] GC(287)   Merge Heap Roots: 0.3ms
[2024-08-15T12:54:51.347+0000][1587.292s][info][gc,phases   ] GC(287)   Evacuate Collection Set: 102.9ms
[2024-08-15T12:54:51.348+0000][1587.292s][info][gc,phases   ] GC(287)   Post Evacuate Collection Set: 13.8ms
[2024-08-15T12:54:51.348+0000][1587.292s][info][gc,phases   ] GC(287)   Other: 0.2ms
[2024-08-15T12:54:51.348+0000][1587.292s][info][gc,heap     ] GC(287) Eden regions: 518->0(512)
[2024-08-15T12:54:51.348+0000][1587.292s][info][gc,heap     ] GC(287) Survivor regions: 26->29(68)
[2024-08-15T12:54:51.348+0000][1587.292s][info][gc,heap     ] GC(287) Old regions: 588->588
[2024-08-15T12:54:51.348+0000][1587.292s][info][gc,heap     ] GC(287) Archive regions: 2->2
[2024-08-15T12:54:51.348+0000][1587.292s][info][gc,heap     ] GC(287) Humongous regions: 68->68
[2024-08-15T12:54:51.348+0000][1587.292s][info][gc,metaspace] GC(287) Metaspace: 420758K(426880K)->420758K(426880K) NonClass: 367778K(371328K)->367778K(371328K) Class: 52979K(55552K)->52979K(55552K)
[2024-08-15T12:54:51.348+0000][1587.292s][info][gc          ] GC(287) Pause Young (Normal) (G1 Evacuation Pause) 9593M->5479M(12288M) 117.407ms
[2024-08-15T12:54:51.348+0000][1587.292s][info][gc,cpu      ] GC(287) User=0.70s Sys=0.00s Real=0.12s
[2024-08-15T12:54:52.986+0000][1588.930s][info][gc,start    ] GC(288) Pause Young (Normal) (G1 Evacuation Pause)
[2024-08-15T12:54:52.986+0000][1588.930s][info][gc,task     ] GC(288) Using 6 workers of 6 for evacuation
[2024-08-15T12:54:53.105+0000][1589.050s][info][gc,phases   ] GC(288)   Pre Evacuate Collection Set: 0.2ms
[2024-08-15T12:54:53.106+0000][1589.050s][info][gc,phases   ] GC(288)   Merge Heap Roots: 0.3ms
[2024-08-15T12:54:53.106+0000][1589.050s][info][gc,phases   ] GC(288)   Evacuate Collection Set: 106.4ms
[2024-08-15T12:54:53.106+0000][1589.050s][info][gc,phases   ] GC(288)   Post Evacuate Collection Set: 12.6ms
[2024-08-15T12:54:53.106+0000][1589.050s][info][gc,phases   ] GC(288)   Other: 0.2ms
[2024-08-15T12:54:53.106+0000][1589.050s][info][gc,heap     ] GC(288) Eden regions: 512->0(508)
[2024-08-15T12:54:53.106+0000][1589.050s][info][gc,heap     ] GC(288) Survivor regions: 29->31(68)
[2024-08-15T12:54:53.106+0000][1589.050s][info][gc,heap     ] GC(288) Old regions: 588->588
[2024-08-15T12:54:53.106+0000][1589.050s][info][gc,heap     ] GC(288) Archive regions: 2->2
[2024-08-15T12:54:53.106+0000][1589.050s][info][gc,heap     ] GC(288) Humongous regions: 68->68
[2024-08-15T12:54:53.106+0000][1589.050s][info][gc,metaspace] GC(288) Metaspace: 420758K(426880K)->420758K(426880K) NonClass: 367778K(371328K)->367778K(371328K) Class: 52979K(55552K)->52979K(55552K)
[2024-08-15T12:54:53.106+0000][1589.050s][info][gc          ] GC(288) Pause Young (Normal) (G1 Evacuation Pause) 9575M->5494M(12288M) 119.782ms
[2024-08-15T12:54:53.106+0000][1589.050s][info][gc,cpu      ] GC(288) User=0.71s Sys=0.00s Real=0.12s
[2024-08-15T12:54:54.706+0000][1590.650s][info][gc,start    ] GC(289) Pause Young (Normal) (G1 Evacuation Pause)
[2024-08-15T12:54:54.706+0000][1590.650s][info][gc,task     ] GC(289) Using 6 workers of 6 for evacuation
[2024-08-15T12:54:54.832+0000][1590.776s][info][gc,phases   ] GC(289)   Pre Evacuate Collection Set: 0.2ms
[2024-08-15T12:54:54.832+0000][1590.776s][info][gc,phases   ] GC(289)   Merge Heap Roots: 0.3ms
[2024-08-15T12:54:54.832+0000][1590.776s][info][gc,phases   ] GC(289)   Evacuate Collection Set: 110.7ms
[2024-08-15T12:54:54.832+0000][1590.776s][info][gc,phases   ] GC(289)   Post Evacuate Collection Set: 14.6ms
[2024-08-15T12:54:54.832+0000][1590.776s][info][gc,phases   ] GC(289)   Other: 0.3ms
[2024-08-15T12:54:54.832+0000][1590.776s][info][gc,heap     ] GC(289) Eden regions: 508->0(505)
[2024-08-15T12:54:54.832+0000][1590.776s][info][gc,heap     ] GC(289) Survivor regions: 31->32(68)
[2024-08-15T12:54:54.832+0000][1590.776s][info][gc,heap     ] GC(289) Old regions: 588->589
[2024-08-15T12:54:54.832+0000][1590.776s][info][gc,heap     ] GC(289) Archive regions: 2->2
[2024-08-15T12:54:54.832+0000][1590.776s][info][gc,heap     ] GC(289) Humongous regions: 68->68
[2024-08-15T12:54:54.832+0000][1590.776s][info][gc,metaspace] GC(289) Metaspace: 420758K(426880K)->420758K(426880K) NonClass: 367778K(371328K)->367778K(371328K) Class: 52979K(55552K)->52979K(55552K)
[2024-08-15T12:54:54.832+0000][1590.776s][info][gc          ] GC(289) Pause Young (Normal) (G1 Evacuation Pause) 9558M->5508M(12288M) 126.022ms
[2024-08-15T12:54:54.832+0000][1590.777s][info][gc,cpu      ] GC(289) User=0.74s Sys=0.00s Real=0.12s
[2024-08-15T12:54:56.443+0000][1592.388s][info][gc,start    ] GC(290) Pause Young (Normal) (G1 Evacuation Pause)
[2024-08-15T12:54:56.443+0000][1592.388s][info][gc,task     ] GC(290) Using 6 workers of 6 for evacuation
[2024-08-15T12:54:56.571+0000][1592.516s][info][gc,phases   ] GC(290)   Pre Evacuate Collection Set: 0.2ms
[2024-08-15T12:54:56.571+0000][1592.516s][info][gc,phases   ] GC(290)   Merge Heap Roots: 0.3ms
[2024-08-15T12:54:56.571+0000][1592.516s][info][gc,phases   ] GC(290)   Evacuate Collection Set: 113.5ms
[2024-08-15T12:54:56.571+0000][1592.516s][info][gc,phases   ] GC(290)   Post Evacuate Collection Set: 13.5ms
[2024-08-15T12:54:56.571+0000][1592.516s][info][gc,phases   ] GC(290)   Other: 0.2ms
[2024-08-15T12:54:56.571+0000][1592.516s][info][gc,heap     ] GC(290) Eden regions: 505->0(502)
[2024-08-15T12:54:56.571+0000][1592.516s][info][gc,heap     ] GC(290) Survivor regions: 32->33(68)
[2024-08-15T12:54:56.571+0000][1592.516s][info][gc,heap     ] GC(290) Old regions: 589->590
[2024-08-15T12:54:56.571+0000][1592.516s][info][gc,heap     ] GC(290) Archive regions: 2->2
[2024-08-15T12:54:56.571+0000][1592.516s][info][gc,heap     ] GC(290) Humongous regions: 68->68
[2024-08-15T12:54:56.571+0000][1592.516s][info][gc,metaspace] GC(290) Metaspace: 420758K(426880K)->420758K(426880K) NonClass: 367778K(371328K)->367778K(371328K) Class: 52979K(55552K)->52979K(55552K)
[2024-08-15T12:54:56.571+0000][1592.516s][info][gc          ] GC(290) Pause Young (Normal) (G1 Evacuation Pause) 9548M->5521M(12288M) 127.789ms
[2024-08-15T12:54:56.571+0000][1592.516s][info][gc,cpu      ] GC(290) User=0.75s Sys=0.00s Real=0.12s
[2024-08-15T12:55:01.571+0000][1597.515s][info][gc,start    ] GC(291) Pause Young (Normal) (G1 Evacuation Pause)
[2024-08-15T12:55:01.571+0000][1597.515s][info][gc,task     ] GC(291) Using 6 workers of 6 for evacuation
[2024-08-15T12:55:01.676+0000][1597.621s][info][gc,phases   ] GC(291)   Pre Evacuate Collection Set: 0.2ms
[2024-08-15T12:55:01.676+0000][1597.621s][info][gc,phases   ] GC(291)   Merge Heap Roots: 0.3ms
[2024-08-15T12:55:01.676+0000][1597.621s][info][gc,phases   ] GC(291)   Evacuate Collection Set: 101.4ms
[2024-08-15T12:55:01.676+0000][1597.621s][info][gc,phases   ] GC(291)   Post Evacuate Collection Set: 3.2ms
[2024-08-15T12:55:01.676+0000][1597.621s][info][gc,phases   ] GC(291)   Other: 0.2ms
[2024-08-15T12:55:01.676+0000][1597.621s][info][gc,heap     ] GC(291) Eden regions: 502->0(502)
[2024-08-15T12:55:01.676+0000][1597.621s][info][gc,heap     ] GC(291) Survivor regions: 33->33(67)
[2024-08-15T12:55:01.676+0000][1597.621s][info][gc,heap     ] GC(291) Old regions: 590->590
[2024-08-15T12:55:01.676+0000][1597.621s][info][gc,heap     ] GC(291) Archive regions: 2->2
[2024-08-15T12:55:01.676+0000][1597.621s][info][gc,heap     ] GC(291) Humongous regions: 68->68
[2024-08-15T12:55:01.676+0000][1597.621s][info][gc,metaspace] GC(291) Metaspace: 420765K(426880K)->420765K(426880K) NonClass: 367785K(371328K)->367785K(371328K) Class: 52979K(55552K)->52979K(55552K)
[2024-08-15T12:55:01.676+0000][1597.621s][info][gc          ] GC(291) Pause Young (Normal) (G1 Evacuation Pause) 9536M->5527M(12288M) 105.369ms
[2024-08-15T12:55:01.676+0000][1597.621s][info][gc,cpu      ] GC(291) User=0.63s Sys=0.00s Real=0.11s
[2024-08-15T12:55:07.121+0000][1603.066s][info][gc,start    ] GC(292) Pause Young (Normal) (G1 Evacuation Pause)
[2024-08-15T12:55:07.121+0000][1603.066s][info][gc,task     ] GC(292) Using 6 workers of 6 for evacuation
[2024-08-15T12:55:07.222+0000][1603.167s][info][gc,phases   ] GC(292)   Pre Evacuate Collection Set: 0.2ms
[2024-08-15T12:55:07.222+0000][1603.167s][info][gc,phases   ] GC(292)   Merge Heap Roots: 0.3ms
[2024-08-15T12:55:07.222+0000][1603.167s][info][gc,phases   ] GC(292)   Evacuate Collection Set: 98.3ms
[2024-08-15T12:55:07.222+0000][1603.167s][info][gc,phases   ] GC(292)   Post Evacuate Collection Set: 2.0ms
[2024-08-15T12:55:07.222+0000][1603.167s][info][gc,phases   ] GC(292)   Other: 0.2ms
[2024-08-15T12:55:07.222+0000][1603.167s][info][gc,heap     ] GC(292) Eden regions: 502->0(499)
[2024-08-15T12:55:07.222+0000][1603.167s][info][gc,heap     ] GC(292) Survivor regions: 33->34(67)
[2024-08-15T12:55:07.222+0000][1603.167s][info][gc,heap     ] GC(292) Old regions: 590->591
[2024-08-15T12:55:07.222+0000][1603.167s][info][gc,heap     ] GC(292) Archive regions: 2->2
[2024-08-15T12:55:07.222+0000][1603.167s][info][gc,heap     ] GC(292) Humongous regions: 68->68
[2024-08-15T12:55:07.222+0000][1603.167s][info][gc,metaspace] GC(292) Metaspace: 420765K(426880K)->420765K(426880K) NonClass: 367785K(371328K)->367785K(371328K) Class: 52979K(55552K)->52979K(55552K)
[2024-08-15T12:55:07.222+0000][1603.167s][info][gc          ] GC(292) Pause Young (Normal) (G1 Evacuation Pause) 9543M->5544M(12288M) 101.007ms
[2024-08-15T12:55:07.222+0000][1603.167s][info][gc,cpu      ] GC(292) User=0.60s Sys=0.00s Real=0.10s
[2024-08-15T12:55:12.616+0000][1608.561s][info][gc,start    ] GC(293) Pause Young (Normal) (G1 Evacuation Pause)
[2024-08-15T12:55:12.616+0000][1608.561s][info][gc,task     ] GC(293) Using 6 workers of 6 for evacuation
[2024-08-15T12:55:12.723+0000][1608.667s][info][gc,phases   ] GC(293)   Pre Evacuate Collection Set: 0.2ms
[2024-08-15T12:55:12.723+0000][1608.667s][info][gc,phases   ] GC(293)   Merge Heap Roots: 0.3ms
[2024-08-15T12:55:12.723+0000][1608.667s][info][gc,phases   ] GC(293)   Evacuate Collection Set: 103.7ms
[2024-08-15T12:55:12.723+0000][1608.667s][info][gc,phases   ] GC(293)   Post Evacuate Collection Set: 2.0ms
[2024-08-15T12:55:12.723+0000][1608.667s][info][gc,phases   ] GC(293)   Other: 0.2ms
[2024-08-15T12:55:12.723+0000][1608.667s][info][gc,heap     ] GC(293) Eden regions: 499->0(495)
[2024-08-15T12:55:12.723+0000][1608.667s][info][gc,heap     ] GC(293) Survivor regions: 34->35(67)
[2024-08-15T12:55:12.723+0000][1608.667s][info][gc,heap     ] GC(293) Old regions: 591->593
[2024-08-15T12:55:12.723+0000][1608.667s][info][gc,heap     ] GC(293) Archive regions: 2->2
[2024-08-15T12:55:12.723+0000][1608.667s][info][gc,heap     ] GC(293) Humongous regions: 68->68
[2024-08-15T12:55:12.723+0000][1608.667s][info][gc,metaspace] GC(293) Metaspace: 420808K(426880K)->420808K(426880K) NonClass: 367828K(371328K)->367828K(371328K) Class: 52979K(55552K)->52979K(55552K)
[2024-08-15T12:55:12.723+0000][1608.667s][info][gc          ] GC(293) Pause Young (Normal) (G1 Evacuation Pause) 9536M->5561M(12288M) 106.428ms
[2024-08-15T12:55:12.723+0000][1608.668s][info][gc,cpu      ] GC(293) User=0.64s Sys=0.00s Real=0.10s
[2024-08-15T12:55:18.105+0000][1614.050s][info][gc,start    ] GC(294) Pause Young (Normal) (G1 Evacuation Pause)
[2024-08-15T12:55:18.105+0000][1614.050s][info][gc,task     ] GC(294) Using 6 workers of 6 for evacuation
[2024-08-15T12:55:18.207+0000][1614.152s][info][gc,phases   ] GC(294)   Pre Evacuate Collection Set: 0.2ms
[2024-08-15T12:55:18.207+0000][1614.152s][info][gc,phases   ] GC(294)   Merge Heap Roots: 0.3ms
[2024-08-15T12:55:18.207+0000][1614.152s][info][gc,phases   ] GC(294)   Evacuate Collection Set: 99.5ms
[2024-08-15T12:55:18.207+0000][1614.152s][info][gc,phases   ] GC(294)   Post Evacuate Collection Set: 2.0ms
[2024-08-15T12:55:18.207+0000][1614.152s][info][gc,phases   ] GC(294)   Other: 0.2ms
[2024-08-15T12:55:18.207+0000][1614.152s][info][gc,heap     ] GC(294) Eden regions: 495->0(494)
[2024-08-15T12:55:18.207+0000][1614.152s][info][gc,heap     ] GC(294) Survivor regions: 35->35(67)
[2024-08-15T12:55:18.207+0000][1614.152s][info][gc,heap     ] GC(294) Old regions: 593->594
[2024-08-15T12:55:18.207+0000][1614.152s][info][gc,heap     ] GC(294) Archive regions: 2->2
[2024-08-15T12:55:18.207+0000][1614.152s][info][gc,heap     ] GC(294) Humongous regions: 68->68
[2024-08-15T12:55:18.207+0000][1614.152s][info][gc,metaspace] GC(294) Metaspace: 420817K(426944K)->420817K(426944K) NonClass: 367837K(371392K)->367837K(371392K) Class: 52979K(55552K)->52979K(55552K)
[2024-08-15T12:55:18.207+0000][1614.152s][info][gc          ] GC(294) Pause Young (Normal) (G1 Evacuation Pause) 9521M->5570M(12288M) 102.162ms
[2024-08-15T12:55:18.207+0000][1614.152s][info][gc,cpu      ] GC(294) User=0.61s Sys=0.00s Real=0.10s
[2024-08-15T12:55:23.476+0000][1619.421s][info][gc,start    ] GC(295) Pause Young (Normal) (G1 Evacuation Pause)
[2024-08-15T12:55:23.476+0000][1619.421s][info][gc,task     ] GC(295) Using 6 workers of 6 for evacuation
[2024-08-15T12:55:23.579+0000][1619.524s][info][gc,phases   ] GC(295)   Pre Evacuate Collection Set: 0.2ms
[2024-08-15T12:55:23.579+0000][1619.524s][info][gc,phases   ] GC(295)   Merge Heap Roots: 0.3ms
[2024-08-15T12:55:23.579+0000][1619.524s][info][gc,phases   ] GC(295)   Evacuate Collection Set: 100.1ms
[2024-08-15T12:55:23.579+0000][1619.524s][info][gc,phases   ] GC(295)   Post Evacuate Collection Set: 2.0ms
[2024-08-15T12:55:23.579+0000][1619.524s][info][gc,phases   ] GC(295)   Other: 0.2ms
[2024-08-15T12:55:23.579+0000][1619.524s][info][gc,heap     ] GC(295) Eden regions: 494->0(491)
[2024-08-15T12:55:23.579+0000][1619.524s][info][gc,heap     ] GC(295) Survivor regions: 35->36(67)
[2024-08-15T12:55:23.579+0000][1619.524s][info][gc,heap     ] GC(295) Old regions: 594->595
[2024-08-15T12:55:23.579+0000][1619.524s][info][gc,heap     ] GC(295) Archive regions: 2->2
[2024-08-15T12:55:23.579+0000][1619.524s][info][gc,heap     ] GC(295) Humongous regions: 68->68
[2024-08-15T12:55:23.579+0000][1619.524s][info][gc,metaspace] GC(295) Metaspace: 420817K(426944K)->420817K(426944K) NonClass: 367837K(371392K)->367837K(371392K) Class: 52979K(55552K)->52979K(55552K)
[2024-08-15T12:55:23.579+0000][1619.524s][info][gc          ] GC(295) Pause Young (Normal) (G1 Evacuation Pause) 9522M->5591M(12288M) 102.813ms
[2024-08-15T12:55:23.579+0000][1619.524s][info][gc,cpu      ] GC(295) User=0.61s Sys=0.00s Real=0.10s
[2024-08-15T12:55:28.811+0000][1624.756s][info][gc,start    ] GC(296) Pause Young (Normal) (G1 Evacuation Pause)
[2024-08-15T12:55:28.811+0000][1624.756s][info][gc,task     ] GC(296) Using 6 workers of 6 for evacuation
[2024-08-15T12:55:28.912+0000][1624.856s][info][gc,phases   ] GC(296)   Pre Evacuate Collection Set: 0.2ms
[2024-08-15T12:55:28.912+0000][1624.856s][info][gc,phases   ] GC(296)   Merge Heap Roots: 0.3ms
[2024-08-15T12:55:28.912+0000][1624.856s][info][gc,phases   ] GC(296)   Evacuate Collection Set: 98.0ms
[2024-08-15T12:55:28.912+0000][1624.856s][info][gc,phases   ] GC(296)   Post Evacuate Collection Set: 2.0ms
[2024-08-15T12:55:28.912+0000][1624.856s][info][gc,phases   ] GC(296)   Other: 0.2ms
[2024-08-15T12:55:28.912+0000][1624.856s][info][gc,heap     ] GC(296) Eden regions: 491->0(490)
[2024-08-15T12:55:28.912+0000][1624.856s][info][gc,heap     ] GC(296) Survivor regions: 36->36(66)
[2024-08-15T12:55:28.912+0000][1624.856s][info][gc,heap     ] GC(296) Old regions: 595->596
[2024-08-15T12:55:28.912+0000][1624.856s][info][gc,heap     ] GC(296) Archive regions: 2->2
[2024-08-15T12:55:28.912+0000][1624.856s][info][gc,heap     ] GC(296) Humongous regions: 68->68
[2024-08-15T12:55:28.912+0000][1624.856s][info][gc,metaspace] GC(296) Metaspace: 420823K(426944K)->420823K(426944K) NonClass: 367843K(371392K)->367843K(371392K) Class: 52979K(55552K)->52979K(55552K)
[2024-08-15T12:55:28.912+0000][1624.856s][info][gc          ] GC(296) Pause Young (Normal) (G1 Evacuation Pause) 9519M->5603M(12288M) 100.764ms
[2024-08-15T12:55:28.912+0000][1624.856s][info][gc,cpu      ] GC(296) User=0.60s Sys=0.00s Real=0.10s
[2024-08-15T12:55:33.962+0000][1629.906s][info][gc,start    ] GC(297) Pause Young (Normal) (G1 Evacuation Pause)
[2024-08-15T12:55:33.962+0000][1629.906s][info][gc,task     ] GC(297) Using 6 workers of 6 for evacuation
[2024-08-15T12:55:34.061+0000][1630.006s][info][gc,phases   ] GC(297)   Pre Evacuate Collection Set: 0.2ms
[2024-08-15T12:55:34.061+0000][1630.006s][info][gc,phases   ] GC(297)   Merge Heap Roots: 0.3ms
[2024-08-15T12:55:34.061+0000][1630.006s][info][gc,phases   ] GC(297)   Evacuate Collection Set: 96.6ms
[2024-08-15T12:55:34.061+0000][1630.006s][info][gc,phases   ] GC(297)   Post Evacuate Collection Set: 2.0ms
[2024-08-15T12:55:34.061+0000][1630.006s][info][gc,phases   ] GC(297)   Other: 0.2ms
[2024-08-15T12:55:34.061+0000][1630.006s][info][gc,heap     ] GC(297) Eden regions: 490->0(497)
[2024-08-15T12:55:34.061+0000][1630.006s][info][gc,heap     ] GC(297) Survivor regions: 36->31(66)
[2024-08-15T12:55:34.061+0000][1630.006s][info][gc,heap     ] GC(297) Old regions: 596->599
[2024-08-15T12:55:34.061+0000][1630.006s][info][gc,heap     ] GC(297) Archive regions: 2->2
[2024-08-15T12:55:34.061+0000][1630.006s][info][gc,heap     ] GC(297) Humongous regions: 68->68
[2024-08-15T12:55:34.061+0000][1630.006s][info][gc,metaspace] GC(297) Metaspace: 420823K(426944K)->420823K(426944K) NonClass: 367843K(371392K)->367843K(371392K) Class: 52979K(55552K)->52979K(55552K)
[2024-08-15T12:55:34.061+0000][1630.006s][info][gc          ] GC(297) Pause Young (Normal) (G1 Evacuation Pause) 9523M->5582M(12288M) 99.339ms
[2024-08-15T12:55:34.061+0000][1630.006s][info][gc,cpu      ] GC(297) User=0.59s Sys=0.00s Real=0.10s
[2024-08-15T12:55:39.363+0000][1635.308s][info][gc,start    ] GC(298) Pause Young (Normal) (G1 Evacuation Pause)
[2024-08-15T12:55:39.363+0000][1635.308s][info][gc,task     ] GC(298) Using 6 workers of 6 for evacuation
[2024-08-15T12:55:39.467+0000][1635.412s][info][gc,phases   ] GC(298)   Pre Evacuate Collection Set: 0.2ms
[2024-08-15T12:55:39.467+0000][1635.412s][info][gc,phases   ] GC(298)   Merge Heap Roots: 0.3ms
[2024-08-15T12:55:39.467+0000][1635.412s][info][gc,phases   ] GC(298)   Evacuate Collection Set: 101.6ms
[2024-08-15T12:55:39.467+0000][1635.412s][info][gc,phases   ] GC(298)   Post Evacuate Collection Set: 2.0ms
[2024-08-15T12:55:39.467+0000][1635.412s][info][gc,phases   ] GC(298)   Other: 0.2ms
[2024-08-15T12:55:39.467+0000][1635.412s][info][gc,heap     ] GC(298) Eden regions: 497->0(496)
[2024-08-15T12:55:39.467+0000][1635.412s][info][gc,heap     ] GC(298) Survivor regions: 31->30(66)
[2024-08-15T12:55:39.467+0000][1635.412s][info][gc,heap     ] GC(298) Old regions: 599->602
[2024-08-15T12:55:39.467+0000][1635.412s][info][gc,heap     ] GC(298) Archive regions: 2->2
[2024-08-15T12:55:39.467+0000][1635.412s][info][gc,heap     ] GC(298) Humongous regions: 68->68
[2024-08-15T12:55:39.467+0000][1635.412s][info][gc,metaspace] GC(298) Metaspace: 420826K(426944K)->420826K(426944K) NonClass: 367846K(371392K)->367846K(371392K) Class: 52979K(55552K)->52979K(55552K)
[2024-08-15T12:55:39.467+0000][1635.412s][info][gc          ] GC(298) Pause Young (Normal) (G1 Evacuation Pause) 9558M->5598M(12288M) 104.449ms
[2024-08-15T12:55:39.467+0000][1635.412s][info][gc,cpu      ] GC(298) User=0.62s Sys=0.00s Real=0.11s
[2024-08-15T12:55:44.497+0000][1640.441s][info][gc,start    ] GC(299) Pause Young (Normal) (G1 Evacuation Pause)
[2024-08-15T12:55:44.497+0000][1640.441s][info][gc,task     ] GC(299) Using 6 workers of 6 for evacuation
[2024-08-15T12:55:44.585+0000][1640.530s][info][gc,phases   ] GC(299)   Pre Evacuate Collection Set: 0.2ms
[2024-08-15T12:55:44.585+0000][1640.530s][info][gc,phases   ] GC(299)   Merge Heap Roots: 0.3ms
[2024-08-15T12:55:44.585+0000][1640.530s][info][gc,phases   ] GC(299)   Evacuate Collection Set: 85.6ms
[2024-08-15T12:55:44.585+0000][1640.530s][info][gc,phases   ] GC(299)   Post Evacuate Collection Set: 2.0ms
[2024-08-15T12:55:44.585+0000][1640.530s][info][gc,phases   ] GC(299)   Other: 0.2ms
[2024-08-15T12:55:44.585+0000][1640.530s][info][gc,heap     ] GC(299) Eden regions: 496->0(498)
[2024-08-15T12:55:44.585+0000][1640.530s][info][gc,heap     ] GC(299) Survivor regions: 30->28(66)
[2024-08-15T12:55:44.585+0000][1640.530s][info][gc,heap     ] GC(299) Old regions: 602->604
[2024-08-15T12:55:44.585+0000][1640.530s][info][gc,heap     ] GC(299) Archive regions: 2->2
[2024-08-15T12:55:44.585+0000][1640.530s][info][gc,heap     ] GC(299) Humongous regions: 68->68
[2024-08-15T12:55:44.585+0000][1640.530s][info][gc,metaspace] GC(299) Metaspace: 420835K(426944K)->420835K(426944K) NonClass: 367855K(371392K)->367855K(371392K) Class: 52979K(55552K)->52979K(55552K)
[2024-08-15T12:55:44.585+0000][1640.530s][info][gc          ] GC(299) Pause Young (Normal) (G1 Evacuation Pause) 9566M->5596M(12288M) 88.384ms
[2024-08-15T12:55:44.585+0000][1640.530s][info][gc,cpu      ] GC(299) User=0.52s Sys=0.01s Real=0.09s
[2024-08-15T12:55:49.867+0000][1645.812s][info][gc,start    ] GC(300) Pause Young (Normal) (G1 Evacuation Pause)
[2024-08-15T12:55:49.867+0000][1645.812s][info][gc,task     ] GC(300) Using 6 workers of 6 for evacuation
[2024-08-15T12:55:49.950+0000][1645.895s][info][gc,phases   ] GC(300)   Pre Evacuate Collection Set: 0.2ms
[2024-08-15T12:55:49.950+0000][1645.895s][info][gc,phases   ] GC(300)   Merge Heap Roots: 0.3ms
[2024-08-15T12:55:49.950+0000][1645.895s][info][gc,phases   ] GC(300)   Evacuate Collection Set: 80.0ms
[2024-08-15T12:55:49.950+0000][1645.895s][info][gc,phases   ] GC(300)   Post Evacuate Collection Set: 2.0ms
[2024-08-15T12:55:49.950+0000][1645.895s][info][gc,phases   ] GC(300)   Other: 0.2ms
[2024-08-15T12:55:49.950+0000][1645.895s][info][gc,heap     ] GC(300) Eden regions: 498->0(497)
[2024-08-15T12:55:49.950+0000][1645.895s][info][gc,heap     ] GC(300) Survivor regions: 28->28(66)
[2024-08-15T12:55:49.950+0000][1645.895s][info][gc,heap     ] GC(300) Old regions: 604->605
[2024-08-15T12:55:49.950+0000][1645.895s][info][gc,heap     ] GC(300) Archive regions: 2->2
[2024-08-15T12:55:49.950+0000][1645.895s][info][gc,heap     ] GC(300) Humongous regions: 68->68
[2024-08-15T12:55:49.950+0000][1645.895s][info][gc,metaspace] GC(300) Metaspace: 420835K(426944K)->420835K(426944K) NonClass: 367855K(371392K)->367855K(371392K) Class: 52979K(55552K)->52979K(55552K)
[2024-08-15T12:55:49.950+0000][1645.895s][info][gc          ] GC(300) Pause Young (Normal) (G1 Evacuation Pause) 9580M->5608M(12288M) 82.706ms
[2024-08-15T12:55:49.950+0000][1645.895s][info][gc,cpu      ] GC(300) User=0.49s Sys=0.00s Real=0.08s
[2024-08-15T12:55:55.206+0000][1651.150s][info][gc,start    ] GC(301) Pause Young (Normal) (G1 Evacuation Pause)
[2024-08-15T12:55:55.206+0000][1651.150s][info][gc,task     ] GC(301) Using 6 workers of 6 for evacuation
[2024-08-15T12:55:55.286+0000][1651.230s][info][gc,phases   ] GC(301)   Pre Evacuate Collection Set: 0.2ms
[2024-08-15T12:55:55.286+0000][1651.230s][info][gc,phases   ] GC(301)   Merge Heap Roots: 0.3ms
[2024-08-15T12:55:55.286+0000][1651.230s][info][gc,phases   ] GC(301)   Evacuate Collection Set: 77.5ms
[2024-08-15T12:55:55.286+0000][1651.230s][info][gc,phases   ] GC(301)   Post Evacuate Collection Set: 1.9ms
[2024-08-15T12:55:55.286+0000][1651.230s][info][gc,phases   ] GC(301)   Other: 0.2ms
[2024-08-15T12:55:55.286+0000][1651.230s][info][gc,heap     ] GC(301) Eden regions: 497->0(498)
[2024-08-15T12:55:55.286+0000][1651.231s][info][gc,heap     ] GC(301) Survivor regions: 28->26(66)
[2024-08-15T12:55:55.286+0000][1651.231s][info][gc,heap     ] GC(301) Old regions: 605->608
[2024-08-15T12:55:55.286+0000][1651.231s][info][gc,heap     ] GC(301) Archive regions: 2->2
[2024-08-15T12:55:55.286+0000][1651.231s][info][gc,heap     ] GC(301) Humongous regions: 68->68
[2024-08-15T12:55:55.286+0000][1651.231s][info][gc,metaspace] GC(301) Metaspace: 420835K(426944K)->420835K(426944K) NonClass: 367855K(371392K)->367855K(371392K) Class: 52979K(55552K)->52979K(55552K)
[2024-08-15T12:55:55.286+0000][1651.231s][info][gc          ] GC(301) Pause Young (Normal) (G1 Evacuation Pause) 9584M->5620M(12288M) 80.252ms
[2024-08-15T12:55:55.286+0000][1651.231s][info][gc,cpu      ] GC(301) User=0.48s Sys=0.00s Real=0.08s
[2024-08-15T12:56:00.561+0000][1656.506s][info][gc,start    ] GC(302) Pause Young (Normal) (G1 Evacuation Pause)
[2024-08-15T12:56:00.561+0000][1656.506s][info][gc,task     ] GC(302) Using 6 workers of 6 for evacuation
[2024-08-15T12:56:00.632+0000][1656.577s][info][gc,phases   ] GC(302)   Pre Evacuate Collection Set: 0.2ms
[2024-08-15T12:56:00.632+0000][1656.577s][info][gc,phases   ] GC(302)   Merge Heap Roots: 0.3ms
[2024-08-15T12:56:00.632+0000][1656.577s][info][gc,phases   ] GC(302)   Evacuate Collection Set: 68.5ms
[2024-08-15T12:56:00.632+0000][1656.577s][info][gc,phases   ] GC(302)   Post Evacuate Collection Set: 1.9ms
[2024-08-15T12:56:00.632+0000][1656.577s][info][gc,phases   ] GC(302)   Other: 0.2ms
[2024-08-15T12:56:00.632+0000][1656.577s][info][gc,heap     ] GC(302) Eden regions: 498->0(495)
[2024-08-15T12:56:00.632+0000][1656.577s][info][gc,heap     ] GC(302) Survivor regions: 26->26(66)
[2024-08-15T12:56:00.632+0000][1656.577s][info][gc,heap     ] GC(302) Old regions: 608->611
[2024-08-15T12:56:00.632+0000][1656.577s][info][gc,heap     ] GC(302) Archive regions: 2->2
[2024-08-15T12:56:00.632+0000][1656.577s][info][gc,heap     ] GC(302) Humongous regions: 68->68
[2024-08-15T12:56:00.632+0000][1656.577s][info][gc,metaspace] GC(302) Metaspace: 420835K(426944K)->420835K(426944K) NonClass: 367855K(371392K)->367855K(371392K) Class: 52979K(55552K)->52979K(55552K)
[2024-08-15T12:56:00.632+0000][1656.577s][info][gc          ] GC(302) Pause Young (Normal) (G1 Evacuation Pause) 9604M->5636M(12288M) 71.173ms
[2024-08-15T12:56:00.633+0000][1656.577s][info][gc,cpu      ] GC(302) User=0.42s Sys=0.00s Real=0.07s
[2024-08-15T12:56:05.894+0000][1661.839s][info][gc,start    ] GC(303) Pause Young (Normal) (G1 Evacuation Pause)
[2024-08-15T12:56:05.894+0000][1661.839s][info][gc,task     ] GC(303) Using 6 workers of 6 for evacuation
[2024-08-15T12:56:05.964+0000][1661.908s][info][gc,phases   ] GC(303)   Pre Evacuate Collection Set: 0.2ms
[2024-08-15T12:56:05.964+0000][1661.908s][info][gc,phases   ] GC(303)   Merge Heap Roots: 0.3ms
[2024-08-15T12:56:05.964+0000][1661.908s][info][gc,phases   ] GC(303)   Evacuate Collection Set: 67.2ms
[2024-08-15T12:56:05.964+0000][1661.908s][info][gc,phases   ] GC(303)   Post Evacuate Collection Set: 1.9ms
[2024-08-15T12:56:05.964+0000][1661.908s][info][gc,phases   ] GC(303)   Other: 0.2ms
[2024-08-15T12:56:05.964+0000][1661.908s][info][gc,heap     ] GC(303) Eden regions: 495->0(495)
[2024-08-15T12:56:05.964+0000][1661.908s][info][gc,heap     ] GC(303) Survivor regions: 26->25(66)
[2024-08-15T12:56:05.964+0000][1661.908s][info][gc,heap     ] GC(303) Old regions: 611->613
[2024-08-15T12:56:05.964+0000][1661.908s][info][gc,heap     ] GC(303) Archive regions: 2->2
[2024-08-15T12:56:05.964+0000][1661.908s][info][gc,heap     ] GC(303) Humongous regions: 68->68
[2024-08-15T12:56:05.964+0000][1661.908s][info][gc,metaspace] GC(303) Metaspace: 420835K(426944K)->420835K(426944K) NonClass: 367855K(371392K)->367855K(371392K) Class: 52979K(55552K)->52979K(55552K)
[2024-08-15T12:56:05.964+0000][1661.909s][info][gc          ] GC(303) Pause Young (Normal) (G1 Evacuation Pause) 9596M->5647M(12288M) 69.830ms
[2024-08-15T12:56:05.964+0000][1661.909s][info][gc,cpu      ] GC(303) User=0.41s Sys=0.00s Real=0.08s
[2024-08-15T12:56:11.132+0000][1667.077s][info][gc,start    ] GC(304) Pause Young (Normal) (G1 Evacuation Pause)
[2024-08-15T12:56:11.132+0000][1667.077s][info][gc,task     ] GC(304) Using 6 workers of 6 for evacuation
[2024-08-15T12:56:11.193+0000][1667.138s][info][gc,phases   ] GC(304)   Pre Evacuate Collection Set: 0.2ms
[2024-08-15T12:56:11.193+0000][1667.138s][info][gc,phases   ] GC(304)   Merge Heap Roots: 0.3ms
[2024-08-15T12:56:11.193+0000][1667.138s][info][gc,phases   ] GC(304)   Evacuate Collection Set: 58.8ms
[2024-08-15T12:56:11.193+0000][1667.138s][info][gc,phases   ] GC(304)   Post Evacuate Collection Set: 1.9ms
[2024-08-15T12:56:11.193+0000][1667.138s][info][gc,phases   ] GC(304)   Other: 0.2ms
[2024-08-15T12:56:11.193+0000][1667.138s][info][gc,heap     ] GC(304) Eden regions: 495->0(494)
[2024-08-15T12:56:11.193+0000][1667.138s][info][gc,heap     ] GC(304) Survivor regions: 25->25(65)
[2024-08-15T12:56:11.193+0000][1667.138s][info][gc,heap     ] GC(304) Old regions: 613->614
[2024-08-15T12:56:11.193+0000][1667.138s][info][gc,heap     ] GC(304) Archive regions: 2->2
[2024-08-15T12:56:11.193+0000][1667.138s][info][gc,heap     ] GC(304) Humongous regions: 68->68
[2024-08-15T12:56:11.193+0000][1667.138s][info][gc,metaspace] GC(304) Metaspace: 420838K(426944K)->420838K(426944K) NonClass: 367858K(371392K)->367858K(371392K) Class: 52979K(55552K)->52979K(55552K)
[2024-08-15T12:56:11.193+0000][1667.138s][info][gc          ] GC(304) Pause Young (Normal) (G1 Evacuation Pause) 9607M->5659M(12288M) 61.433ms
[2024-08-15T12:56:11.194+0000][1667.138s][info][gc,cpu      ] GC(304) User=0.36s Sys=0.00s Real=0.06s
[2024-08-15T12:56:16.510+0000][1672.455s][info][gc,start    ] GC(305) Pause Young (Normal) (G1 Evacuation Pause)
[2024-08-15T12:56:16.510+0000][1672.455s][info][gc,task     ] GC(305) Using 6 workers of 6 for evacuation
[2024-08-15T12:56:16.567+0000][1672.512s][info][gc,phases   ] GC(305)   Pre Evacuate Collection Set: 0.2ms
[2024-08-15T12:56:16.567+0000][1672.512s][info][gc,phases   ] GC(305)   Merge Heap Roots: 0.3ms
[2024-08-15T12:56:16.567+0000][1672.512s][info][gc,phases   ] GC(305)   Evacuate Collection Set: 54.0ms
[2024-08-15T12:56:16.567+0000][1672.512s][info][gc,phases   ] GC(305)   Post Evacuate Collection Set: 1.9ms
[2024-08-15T12:56:16.567+0000][1672.512s][info][gc,phases   ] GC(305)   Other: 0.2ms
[2024-08-15T12:56:16.567+0000][1672.512s][info][gc,heap     ] GC(305) Eden regions: 494->0(499)
[2024-08-15T12:56:16.567+0000][1672.512s][info][gc,heap     ] GC(305) Survivor regions: 25->22(65)
[2024-08-15T12:56:16.567+0000][1672.512s][info][gc,heap     ] GC(305) Old regions: 614->615
[2024-08-15T12:56:16.567+0000][1672.512s][info][gc,heap     ] GC(305) Archive regions: 2->2
[2024-08-15T12:56:16.567+0000][1672.512s][info][gc,heap     ] GC(305) Humongous regions: 68->68
[2024-08-15T12:56:16.567+0000][1672.512s][info][gc,metaspace] GC(305) Metaspace: 420839K(426944K)->420839K(426944K) NonClass: 367859K(371392K)->367859K(371392K) Class: 52979K(55552K)->52979K(55552K)
[2024-08-15T12:56:16.567+0000][1672.512s][info][gc          ] GC(305) Pause Young (Normal) (G1 Evacuation Pause) 9611M->5639M(12288M) 56.653ms
[2024-08-15T12:56:16.567+0000][1672.512s][info][gc,cpu      ] GC(305) User=0.33s Sys=0.00s Real=0.06s
[2024-08-15T12:56:21.690+0000][1677.635s][info][gc,start    ] GC(306) Pause Young (Normal) (G1 Evacuation Pause)
[2024-08-15T12:56:21.690+0000][1677.635s][info][gc,task     ] GC(306) Using 6 workers of 6 for evacuation
[2024-08-15T12:56:21.745+0000][1677.690s][info][gc,phases   ] GC(306)   Pre Evacuate Collection Set: 0.2ms
[2024-08-15T12:56:21.745+0000][1677.690s][info][gc,phases   ] GC(306)   Merge Heap Roots: 0.3ms
[2024-08-15T12:56:21.745+0000][1677.690s][info][gc,phases   ] GC(306)   Evacuate Collection Set: 52.1ms
[2024-08-15T12:56:21.745+0000][1677.690s][info][gc,phases   ] GC(306)   Post Evacuate Collection Set: 2.1ms
[2024-08-15T12:56:21.745+0000][1677.690s][info][gc,phases   ] GC(306)   Other: 0.2ms
[2024-08-15T12:56:21.745+0000][1677.690s][info][gc,heap     ] GC(306) Eden regions: 499->0(502)
[2024-08-15T12:56:21.745+0000][1677.690s][info][gc,heap     ] GC(306) Survivor regions: 22->19(66)
[2024-08-15T12:56:21.745+0000][1677.690s][info][gc,heap     ] GC(306) Old regions: 615->618
[2024-08-15T12:56:21.745+0000][1677.690s][info][gc,heap     ] GC(306) Archive regions: 2->2
[2024-08-15T12:56:21.745+0000][1677.690s][info][gc,heap     ] GC(306) Humongous regions: 68->68
[2024-08-15T12:56:21.745+0000][1677.690s][info][gc,metaspace] GC(306) Metaspace: 420840K(426944K)->420840K(426944K) NonClass: 367860K(371392K)->367860K(371392K) Class: 52979K(55552K)->52979K(55552K)
[2024-08-15T12:56:21.745+0000][1677.690s][info][gc          ] GC(306) Pause Young (Normal) (G1 Evacuation Pause) 9631M->5638M(12288M) 54.956ms
[2024-08-15T12:56:21.745+0000][1677.690s][info][gc,cpu      ] GC(306) User=0.33s Sys=0.00s Real=0.06s
[2024-08-15T12:56:27.219+0000][1683.163s][info][gc,start    ] GC(307) Pause Young (Normal) (G1 Evacuation Pause)
[2024-08-15T12:56:27.219+0000][1683.163s][info][gc,task     ] GC(307) Using 6 workers of 6 for evacuation
[2024-08-15T12:56:27.274+0000][1683.219s][info][gc,phases   ] GC(307)   Pre Evacuate Collection Set: 0.2ms
[2024-08-15T12:56:27.274+0000][1683.219s][info][gc,phases   ] GC(307)   Merge Heap Roots: 0.3ms
[2024-08-15T12:56:27.274+0000][1683.219s][info][gc,phases   ] GC(307)   Evacuate Collection Set: 53.1ms
[2024-08-15T12:56:27.274+0000][1683.219s][info][gc,phases   ] GC(307)   Post Evacuate Collection Set: 1.9ms
[2024-08-15T12:56:27.274+0000][1683.219s][info][gc,phases   ] GC(307)   Other: 0.2ms
[2024-08-15T12:56:27.274+0000][1683.219s][info][gc,heap     ] GC(307) Eden regions: 502->0(499)
[2024-08-15T12:56:27.274+0000][1683.219s][info][gc,heap     ] GC(307) Survivor regions: 19->20(66)
[2024-08-15T12:56:27.274+0000][1683.219s][info][gc,heap     ] GC(307) Old regions: 618->619
[2024-08-15T12:56:27.274+0000][1683.219s][info][gc,heap     ] GC(307) Archive regions: 2->2
[2024-08-15T12:56:27.274+0000][1683.219s][info][gc,heap     ] GC(307) Humongous regions: 68->68
[2024-08-15T12:56:27.274+0000][1683.219s][info][gc,metaspace] GC(307) Metaspace: 420840K(426944K)->420840K(426944K) NonClass: 367860K(371392K)->367860K(371392K) Class: 52979K(55552K)->52979K(55552K)
[2024-08-15T12:56:27.274+0000][1683.219s][info][gc          ] GC(307) Pause Young (Normal) (G1 Evacuation Pause) 9654M->5654M(12288M) 55.828ms
[2024-08-15T12:56:27.274+0000][1683.219s][info][gc,cpu      ] GC(307) User=0.34s Sys=0.00s Real=0.05s
[2024-08-15T12:56:32.659+0000][1688.604s][info][gc,start    ] GC(308) Pause Young (Normal) (G1 Evacuation Pause)
[2024-08-15T12:56:32.659+0000][1688.604s][info][gc,task     ] GC(308) Using 6 workers of 6 for evacuation
[2024-08-15T12:56:32.709+0000][1688.653s][info][gc,phases   ] GC(308)   Pre Evacuate Collection Set: 0.2ms
[2024-08-15T12:56:32.709+0000][1688.653s][info][gc,phases   ] GC(308)   Merge Heap Roots: 0.2ms
[2024-08-15T12:56:32.709+0000][1688.653s][info][gc,phases   ] GC(308)   Evacuate Collection Set: 47.0ms
[2024-08-15T12:56:32.709+0000][1688.653s][info][gc,phases   ] GC(308)   Post Evacuate Collection Set: 1.9ms
[2024-08-15T12:56:32.709+0000][1688.653s][info][gc,phases   ] GC(308)   Other: 0.2ms
[2024-08-15T12:56:32.709+0000][1688.653s][info][gc,heap     ] GC(308) Eden regions: 499->0(498)
[2024-08-15T12:56:32.709+0000][1688.653s][info][gc,heap     ] GC(308) Survivor regions: 20->20(65)
[2024-08-15T12:56:32.709+0000][1688.653s][info][gc,heap     ] GC(308) Old regions: 619->620
[2024-08-15T12:56:32.709+0000][1688.653s][info][gc,heap     ] GC(308) Archive regions: 2->2
[2024-08-15T12:56:32.709+0000][1688.654s][info][gc,heap     ] GC(308) Humongous regions: 68->68
[2024-08-15T12:56:32.709+0000][1688.654s][info][gc,metaspace] GC(308) Metaspace: 420848K(426944K)->420848K(426944K) NonClass: 367867K(371392K)->367867K(371392K) Class: 52981K(55552K)->52981K(55552K)
[2024-08-15T12:56:32.709+0000][1688.654s][info][gc          ] GC(308) Pause Young (Normal) (G1 Evacuation Pause) 9646M->5662M(12288M) 49.548ms
[2024-08-15T12:56:32.709+0000][1688.654s][info][gc,cpu      ] GC(308) User=0.29s Sys=0.00s Real=0.05s
[2024-08-15T12:56:38.157+0000][1694.102s][info][gc,start    ] GC(309) Pause Young (Normal) (G1 Evacuation Pause)
[2024-08-15T12:56:38.157+0000][1694.102s][info][gc,task     ] GC(309) Using 6 workers of 6 for evacuation
[2024-08-15T12:56:38.207+0000][1694.152s][info][gc,phases   ] GC(309)   Pre Evacuate Collection Set: 0.2ms
[2024-08-15T12:56:38.207+0000][1694.152s][info][gc,phases   ] GC(309)   Merge Heap Roots: 0.2ms
[2024-08-15T12:56:38.207+0000][1694.152s][info][gc,phases   ] GC(309)   Evacuate Collection Set: 47.5ms
[2024-08-15T12:56:38.207+0000][1694.152s][info][gc,phases   ] GC(309)   Post Evacuate Collection Set: 2.0ms
[2024-08-15T12:56:38.207+0000][1694.152s][info][gc,phases   ] GC(309)   Other: 0.2ms
[2024-08-15T12:56:38.207+0000][1694.152s][info][gc,heap     ] GC(309) Eden regions: 498->0(495)
[2024-08-15T12:56:38.207+0000][1694.152s][info][gc,heap     ] GC(309) Survivor regions: 20->21(65)
[2024-08-15T12:56:38.207+0000][1694.152s][info][gc,heap     ] GC(309) Old regions: 620->621
[2024-08-15T12:56:38.207+0000][1694.152s][info][gc,heap     ] GC(309) Archive regions: 2->2
[2024-08-15T12:56:38.207+0000][1694.152s][info][gc,heap     ] GC(309) Humongous regions: 68->68
[2024-08-15T12:56:38.207+0000][1694.152s][info][gc,metaspace] GC(309) Metaspace: 420848K(426944K)->420848K(426944K) NonClass: 367867K(371392K)->367867K(371392K) Class: 52981K(55552K)->52981K(55552K)
[2024-08-15T12:56:38.207+0000][1694.152s][info][gc          ] GC(309) Pause Young (Normal) (G1 Evacuation Pause) 9646M->5676M(12288M) 50.130ms
[2024-08-15T12:56:38.207+0000][1694.152s][info][gc,cpu      ] GC(309) User=0.30s Sys=0.00s Real=0.05s
[2024-08-15T12:56:43.713+0000][1699.658s][info][gc,start    ] GC(310) Pause Young (Normal) (G1 Evacuation Pause)
[2024-08-15T12:56:43.713+0000][1699.658s][info][gc,task     ] GC(310) Using 6 workers of 6 for evacuation
[2024-08-15T12:56:43.761+0000][1699.706s][info][gc,phases   ] GC(310)   Pre Evacuate Collection Set: 0.2ms
[2024-08-15T12:56:43.761+0000][1699.706s][info][gc,phases   ] GC(310)   Merge Heap Roots: 0.2ms
[2024-08-15T12:56:43.761+0000][1699.706s][info][gc,phases   ] GC(310)   Evacuate Collection Set: 45.5ms
[2024-08-15T12:56:43.761+0000][1699.706s][info][gc,phases   ] GC(310)   Post Evacuate Collection Set: 2.0ms
[2024-08-15T12:56:43.761+0000][1699.706s][info][gc,phases   ] GC(310)   Other: 0.2ms
[2024-08-15T12:56:43.761+0000][1699.706s][info][gc,heap     ] GC(310) Eden regions: 495->0(494)
[2024-08-15T12:56:43.761+0000][1699.706s][info][gc,heap     ] GC(310) Survivor regions: 21->21(65)
[2024-08-15T12:56:43.761+0000][1699.706s][info][gc,heap     ] GC(310) Old regions: 621->622
[2024-08-15T12:56:43.761+0000][1699.706s][info][gc,heap     ] GC(310) Archive regions: 2->2
[2024-08-15T12:56:43.762+0000][1699.706s][info][gc,heap     ] GC(310) Humongous regions: 68->68
[2024-08-15T12:56:43.762+0000][1699.706s][info][gc,metaspace] GC(310) Metaspace: 420854K(426944K)->420854K(426944K) NonClass: 367872K(371392K)->367872K(371392K) Class: 52981K(55552K)->52981K(55552K)
[2024-08-15T12:56:43.762+0000][1699.706s][info][gc          ] GC(310) Pause Young (Normal) (G1 Evacuation Pause) 9636M->5681M(12288M) 48.243ms
[2024-08-15T12:56:43.762+0000][1699.706s][info][gc,cpu      ] GC(310) User=0.28s Sys=0.00s Real=0.05s
[2024-08-15T12:56:47.178+0000][1703.123s][info][gc,start    ] GC(311) Pause Young (Concurrent Start) (G1 Humongous Allocation)
[2024-08-15T12:56:47.178+0000][1703.123s][info][gc,task     ] GC(311) Using 6 workers of 6 for evacuation
[2024-08-15T12:56:47.232+0000][1703.177s][info][gc,phases   ] GC(311)   Pre Evacuate Collection Set: 0.5ms
[2024-08-15T12:56:47.232+0000][1703.177s][info][gc,phases   ] GC(311)   Merge Heap Roots: 0.2ms
[2024-08-15T12:56:47.232+0000][1703.177s][info][gc,phases   ] GC(311)   Evacuate Collection Set: 51.3ms
[2024-08-15T12:56:47.232+0000][1703.177s][info][gc,phases   ] GC(311)   Post Evacuate Collection Set: 1.9ms
[2024-08-15T12:56:47.232+0000][1703.177s][info][gc,phases   ] GC(311)   Other: 0.3ms
[2024-08-15T12:56:47.232+0000][1703.177s][info][gc,heap     ] GC(311) Eden regions: 303->0(490)
[2024-08-15T12:56:47.232+0000][1703.177s][info][gc,heap     ] GC(311) Survivor regions: 21->23(65)
[2024-08-15T12:56:47.232+0000][1703.177s][info][gc,heap     ] GC(311) Old regions: 622->622
[2024-08-15T12:56:47.232+0000][1703.177s][info][gc,heap     ] GC(311) Archive regions: 2->2
[2024-08-15T12:56:47.232+0000][1703.177s][info][gc,heap     ] GC(311) Humongous regions: 68->68
[2024-08-15T12:56:47.232+0000][1703.177s][info][gc,metaspace] GC(311) Metaspace: 420854K(426944K)->420854K(426944K) NonClass: 367872K(371392K)->367872K(371392K) Class: 52981K(55552K)->52981K(55552K)
[2024-08-15T12:56:47.232+0000][1703.177s][info][gc          ] GC(311) Pause Young (Concurrent Start) (G1 Humongous Allocation) 8105M->5702M(12288M) 54.243ms
[2024-08-15T12:56:47.232+0000][1703.177s][info][gc,cpu      ] GC(311) User=0.32s Sys=0.00s Real=0.05s
[2024-08-15T12:56:47.232+0000][1703.177s][info][gc          ] GC(312) Concurrent Mark Cycle
[2024-08-15T12:56:47.232+0000][1703.177s][info][gc,marking  ] GC(312) Concurrent Clear Claimed Marks
[2024-08-15T12:56:47.233+0000][1703.177s][info][gc,marking  ] GC(312) Concurrent Clear Claimed Marks 0.407ms
[2024-08-15T12:56:47.233+0000][1703.177s][info][gc,marking  ] GC(312) Concurrent Scan Root Regions
[2024-08-15T12:56:47.308+0000][1703.252s][info][gc,marking  ] GC(312) Concurrent Scan Root Regions 75.025ms
[2024-08-15T12:56:47.308+0000][1703.252s][info][gc,marking  ] GC(312) Concurrent Mark
[2024-08-15T12:56:47.308+0000][1703.252s][info][gc,marking  ] GC(312) Concurrent Mark From Roots
[2024-08-15T12:56:47.308+0000][1703.252s][info][gc,task     ] GC(312) Using 2 workers of 2 for marking
[2024-08-15T12:56:48.480+0000][1704.425s][info][gc,marking  ] GC(312) Concurrent Mark From Roots 1172.645ms
[2024-08-15T12:56:48.480+0000][1704.425s][info][gc,marking  ] GC(312) Concurrent Preclean
[2024-08-15T12:56:48.482+0000][1704.427s][info][gc,marking  ] GC(312) Concurrent Preclean 1.591ms
[2024-08-15T12:56:48.482+0000][1704.427s][info][gc,start    ] GC(312) Pause Remark
[2024-08-15T12:56:48.522+0000][1704.466s][info][gc          ] GC(312) Pause Remark 8282M->6914M(12288M) 39.288ms
[2024-08-15T12:56:48.522+0000][1704.466s][info][gc,cpu      ] GC(312) User=0.20s Sys=0.00s Real=0.04s
[2024-08-15T12:56:48.522+0000][1704.467s][info][gc,marking  ] GC(312) Concurrent Mark 1214.277ms
[2024-08-15T12:56:48.522+0000][1704.467s][info][gc,marking  ] GC(312) Concurrent Rebuild Remembered Sets
[2024-08-15T12:56:49.100+0000][1705.045s][info][gc,start    ] GC(313) Pause Young (Normal) (G1 Evacuation Pause)
[2024-08-15T12:56:49.101+0000][1705.045s][info][gc,task     ] GC(313) Using 6 workers of 6 for evacuation
[2024-08-15T12:56:49.231+0000][1705.175s][info][gc,phases   ] GC(313)   Pre Evacuate Collection Set: 0.2ms
[2024-08-15T12:56:49.231+0000][1705.175s][info][gc,phases   ] GC(313)   Merge Heap Roots: 0.3ms
[2024-08-15T12:56:49.231+0000][1705.175s][info][gc,phases   ] GC(313)   Evacuate Collection Set: 110.2ms
[2024-08-15T12:56:49.231+0000][1705.175s][info][gc,phases   ] GC(313)   Post Evacuate Collection Set: 19.3ms
[2024-08-15T12:56:49.231+0000][1705.175s][info][gc,phases   ] GC(313)   Other: 0.2ms
[2024-08-15T12:56:49.231+0000][1705.175s][info][gc,heap     ] GC(313) Eden regions: 490->0(648)
[2024-08-15T12:56:49.231+0000][1705.175s][info][gc,heap     ] GC(313) Survivor regions: 23->28(65)
[2024-08-15T12:56:49.231+0000][1705.175s][info][gc,heap     ] GC(313) Old regions: 514->515
[2024-08-15T12:56:49.231+0000][1705.175s][info][gc,heap     ] GC(313) Archive regions: 2->2
[2024-08-15T12:56:49.231+0000][1705.175s][info][gc,heap     ] GC(313) Humongous regions: 7->7
[2024-08-15T12:56:49.231+0000][1705.175s][info][gc,metaspace] GC(313) Metaspace: 420812K(426944K)->420812K(426944K) NonClass: 367842K(371392K)->367842K(371392K) Class: 52969K(55552K)->52969K(55552K)
[2024-08-15T12:56:49.231+0000][1705.175s][info][gc          ] GC(313) Pause Young (Normal) (G1 Evacuation Pause) 8270M->4398M(12288M) 130.245ms
[2024-08-15T12:56:49.231+0000][1705.175s][info][gc,cpu      ] GC(313) User=0.76s Sys=0.00s Real=0.13s
[2024-08-15T12:56:49.588+0000][1705.533s][info][gc,marking  ] GC(312) Concurrent Rebuild Remembered Sets 1066.203ms
[2024-08-15T12:56:49.588+0000][1705.533s][info][gc,start    ] GC(312) Pause Cleanup
[2024-08-15T12:56:49.589+0000][1705.534s][info][gc          ] GC(312) Pause Cleanup 5286M->5286M(12288M) 0.578ms
[2024-08-15T12:56:49.589+0000][1705.534s][info][gc,cpu      ] GC(312) User=0.00s Sys=0.00s Real=0.00s
[2024-08-15T12:56:49.589+0000][1705.534s][info][gc,marking  ] GC(312) Concurrent Cleanup for Next Mark
[2024-08-15T12:56:49.606+0000][1705.551s][info][gc,marking  ] GC(312) Concurrent Cleanup for Next Mark 16.791ms
[2024-08-15T12:56:49.606+0000][1705.551s][info][gc          ] GC(312) Concurrent Mark Cycle 2373.788ms
[2024-08-15T12:56:51.232+0000][1707.177s][info][gc,start    ] GC(314) Pause Young (Prepare Mixed) (G1 Evacuation Pause)
[2024-08-15T12:56:51.232+0000][1707.177s][info][gc,task     ] GC(314) Using 6 workers of 6 for evacuation
[2024-08-15T12:56:51.354+0000][1707.299s][info][gc,phases   ] GC(314)   Pre Evacuate Collection Set: 0.2ms
[2024-08-15T12:56:51.354+0000][1707.299s][info][gc,phases   ] GC(314)   Merge Heap Roots: 0.4ms
[2024-08-15T12:56:51.354+0000][1707.299s][info][gc,phases   ] GC(314)   Evacuate Collection Set: 104.6ms
[2024-08-15T12:56:51.354+0000][1707.299s][info][gc,phases   ] GC(314)   Post Evacuate Collection Set: 17.1ms
[2024-08-15T12:56:51.354+0000][1707.299s][info][gc,phases   ] GC(314)   Other: 0.2ms
[2024-08-15T12:56:51.354+0000][1707.299s][info][gc,heap     ] GC(314) Eden regions: 648->0(45)
[2024-08-15T12:56:51.354+0000][1707.299s][info][gc,heap     ] GC(314) Survivor regions: 28->31(85)
[2024-08-15T12:56:51.354+0000][1707.299s][info][gc,heap     ] GC(314) Old regions: 515->515
[2024-08-15T12:56:51.354+0000][1707.299s][info][gc,heap     ] GC(314) Archive regions: 2->2
[2024-08-15T12:56:51.355+0000][1707.299s][info][gc,heap     ] GC(314) Humongous regions: 7->7
[2024-08-15T12:56:51.355+0000][1707.299s][info][gc,metaspace] GC(314) Metaspace: 420812K(426944K)->420812K(426944K) NonClass: 367842K(371392K)->367842K(371392K) Class: 52969K(55552K)->52969K(55552K)
[2024-08-15T12:56:51.355+0000][1707.299s][info][gc          ] GC(314) Pause Young (Prepare Mixed) (G1 Evacuation Pause) 9582M->4427M(12288M) 122.553ms
[2024-08-15T12:56:51.355+0000][1707.299s][info][gc,cpu      ] GC(314) User=0.72s Sys=0.00s Real=0.12s
[2024-08-15T12:56:51.542+0000][1707.487s][info][gc,start    ] GC(315) Pause Young (Mixed) (G1 Evacuation Pause)
[2024-08-15T12:56:51.542+0000][1707.487s][info][gc,task     ] GC(315) Using 6 workers of 6 for evacuation
[2024-08-15T12:56:51.624+0000][1707.569s][info][gc,phases   ] GC(315)   Pre Evacuate Collection Set: 0.2ms
[2024-08-15T12:56:51.624+0000][1707.569s][info][gc,phases   ] GC(315)   Merge Heap Roots: 0.2ms
[2024-08-15T12:56:51.624+0000][1707.569s][info][gc,phases   ] GC(315)   Evacuate Collection Set: 78.4ms
[2024-08-15T12:56:51.624+0000][1707.569s][info][gc,phases   ] GC(315)   Post Evacuate Collection Set: 3.0ms
[2024-08-15T12:56:51.624+0000][1707.569s][info][gc,phases   ] GC(315)   Other: 0.2ms
[2024-08-15T12:56:51.624+0000][1707.569s][info][gc,heap     ] GC(315) Eden regions: 45->0(71)
[2024-08-15T12:56:51.624+0000][1707.569s][info][gc,heap     ] GC(315) Survivor regions: 31->5(10)
[2024-08-15T12:56:51.624+0000][1707.569s][info][gc,heap     ] GC(315) Old regions: 515->387
[2024-08-15T12:56:51.624+0000][1707.569s][info][gc,heap     ] GC(315) Archive regions: 2->2
[2024-08-15T12:56:51.624+0000][1707.569s][info][gc,heap     ] GC(315) Humongous regions: 7->7
[2024-08-15T12:56:51.624+0000][1707.569s][info][gc,metaspace] GC(315) Metaspace: 420812K(426944K)->420812K(426944K) NonClass: 367842K(371392K)->367842K(371392K) Class: 52969K(55552K)->52969K(55552K)
[2024-08-15T12:56:51.624+0000][1707.569s][info][gc          ] GC(315) Pause Young (Mixed) (G1 Evacuation Pause) 4787M->3187M(12288M) 82.130ms
[2024-08-15T12:56:51.624+0000][1707.569s][info][gc,cpu      ] GC(315) User=0.48s Sys=0.00s Real=0.09s
[2024-08-15T12:56:51.840+0000][1707.784s][info][gc,start    ] GC(316) Pause Young (Mixed) (G1 Evacuation Pause)
[2024-08-15T12:56:51.840+0000][1707.784s][info][gc,task     ] GC(316) Using 6 workers of 6 for evacuation
[2024-08-15T12:56:51.912+0000][1707.857s][info][gc,phases   ] GC(316)   Pre Evacuate Collection Set: 0.2ms
[2024-08-15T12:56:51.912+0000][1707.857s][info][gc,phases   ] GC(316)   Merge Heap Roots: 0.3ms
[2024-08-15T12:56:51.912+0000][1707.857s][info][gc,phases   ] GC(316)   Evacuate Collection Set: 67.7ms
[2024-08-15T12:56:51.912+0000][1707.857s][info][gc,phases   ] GC(316)   Post Evacuate Collection Set: 4.1ms
[2024-08-15T12:56:51.912+0000][1707.857s][info][gc,phases   ] GC(316)   Other: 0.2ms
[2024-08-15T12:56:51.912+0000][1707.857s][info][gc,heap     ] GC(316) Eden regions: 71->0(917)
[2024-08-15T12:56:51.912+0000][1707.857s][info][gc,heap     ] GC(316) Survivor regions: 5->4(10)
[2024-08-15T12:56:51.912+0000][1707.857s][info][gc,heap     ] GC(316) Old regions: 387->261
[2024-08-15T12:56:51.912+0000][1707.857s][info][gc,heap     ] GC(316) Archive regions: 2->2
[2024-08-15T12:56:51.912+0000][1707.857s][info][gc,heap     ] GC(316) Humongous regions: 7->7
[2024-08-15T12:56:51.912+0000][1707.857s][info][gc,metaspace] GC(316) Metaspace: 420813K(426944K)->420813K(426944K) NonClass: 367842K(371392K)->367842K(371392K) Class: 52970K(55552K)->52970K(55552K)
[2024-08-15T12:56:51.912+0000][1707.857s][info][gc          ] GC(316) Pause Young (Mixed) (G1 Evacuation Pause) 3755M->2176M(12288M) 72.646ms
[2024-08-15T12:56:51.912+0000][1707.857s][info][gc,cpu      ] GC(316) User=0.42s Sys=0.01s Real=0.07s
[2024-08-15T12:56:54.964+0000][1710.908s][info][gc,start    ] GC(317) Pause Young (Normal) (G1 Evacuation Pause)
[2024-08-15T12:56:54.964+0000][1710.908s][info][gc,task     ] GC(317) Using 6 workers of 6 for evacuation
[2024-08-15T12:56:55.063+0000][1711.008s][info][gc,phases   ] GC(317)   Pre Evacuate Collection Set: 0.2ms
[2024-08-15T12:56:55.063+0000][1711.008s][info][gc,phases   ] GC(317)   Merge Heap Roots: 0.3ms
[2024-08-15T12:56:55.063+0000][1711.008s][info][gc,phases   ] GC(317)   Evacuate Collection Set: 74.4ms
[2024-08-15T12:56:55.063+0000][1711.008s][info][gc,phases   ] GC(317)   Post Evacuate Collection Set: 24.7ms
[2024-08-15T12:56:55.063+0000][1711.008s][info][gc,phases   ] GC(317)   Other: 0.2ms
[2024-08-15T12:56:55.063+0000][1711.008s][info][gc,heap     ] GC(317) Eden regions: 917->0(911)
[2024-08-15T12:56:55.063+0000][1711.008s][info][gc,heap     ] GC(317) Survivor regions: 4->10(116)
[2024-08-15T12:56:55.063+0000][1711.008s][info][gc,heap     ] GC(317) Old regions: 261->261
[2024-08-15T12:56:55.064+0000][1711.008s][info][gc,heap     ] GC(317) Archive regions: 2->2
[2024-08-15T12:56:55.064+0000][1711.008s][info][gc,heap     ] GC(317) Humongous regions: 7->7
[2024-08-15T12:56:55.064+0000][1711.008s][info][gc,metaspace] GC(317) Metaspace: 420815K(426944K)->420815K(426944K) NonClass: 367844K(371392K)->367844K(371392K) Class: 52970K(55552K)->52970K(55552K)
[2024-08-15T12:56:55.064+0000][1711.008s][info][gc          ] GC(317) Pause Young (Normal) (G1 Evacuation Pause) 9512M->2224M(12288M) 99.810ms
[2024-08-15T12:56:55.064+0000][1711.008s][info][gc,cpu      ] GC(317) User=0.58s Sys=0.01s Real=0.10s
[2024-08-15T12:56:57.741+0000][1713.685s][info][gc,start    ] GC(318) Pause Young (Normal) (G1 Evacuation Pause)
[2024-08-15T12:56:57.741+0000][1713.685s][info][gc,task     ] GC(318) Using 6 workers of 6 for evacuation
[2024-08-15T12:56:57.857+0000][1713.802s][info][gc,phases   ] GC(318)   Pre Evacuate Collection Set: 0.2ms
[2024-08-15T12:56:57.857+0000][1713.802s][info][gc,phases   ] GC(318)   Merge Heap Roots: 0.4ms
[2024-08-15T12:56:57.857+0000][1713.802s][info][gc,phases   ] GC(318)   Evacuate Collection Set: 90.6ms
[2024-08-15T12:56:57.857+0000][1713.802s][info][gc,phases   ] GC(318)   Post Evacuate Collection Set: 25.1ms
[2024-08-15T12:56:57.857+0000][1713.802s][info][gc,phases   ] GC(318)   Other: 0.2ms
[2024-08-15T12:56:57.857+0000][1713.802s][info][gc,heap     ] GC(318) Eden regions: 911->0(905)
[2024-08-15T12:56:57.857+0000][1713.802s][info][gc,heap     ] GC(318) Survivor regions: 10->16(116)
[2024-08-15T12:56:57.857+0000][1713.802s][info][gc,heap     ] GC(318) Old regions: 261->261
[2024-08-15T12:56:57.857+0000][1713.802s][info][gc,heap     ] GC(318) Archive regions: 2->2
[2024-08-15T12:56:57.857+0000][1713.802s][info][gc,heap     ] GC(318) Humongous regions: 7->7
[2024-08-15T12:56:57.857+0000][1713.802s][info][gc,metaspace] GC(318) Metaspace: 420815K(426944K)->420815K(426944K) NonClass: 367844K(371392K)->367844K(371392K) Class: 52970K(55552K)->52970K(55552K)
[2024-08-15T12:56:57.857+0000][1713.802s][info][gc          ] GC(318) Pause Young (Normal) (G1 Evacuation Pause) 9512M->2269M(12288M) 116.513ms
[2024-08-15T12:56:57.857+0000][1713.802s][info][gc,cpu      ] GC(318) User=0.68s Sys=0.00s Real=0.12s
[2024-08-15T12:57:00.757+0000][1716.702s][info][gc,start    ] GC(319) Pause Young (Normal) (G1 Evacuation Pause)
[2024-08-15T12:57:00.757+0000][1716.702s][info][gc,task     ] GC(319) Using 6 workers of 6 for evacuation
[2024-08-15T12:57:00.890+0000][1716.834s][info][gc,phases   ] GC(319)   Pre Evacuate Collection Set: 0.2ms
[2024-08-15T12:57:00.890+0000][1716.834s][info][gc,phases   ] GC(319)   Merge Heap Roots: 0.4ms
[2024-08-15T12:57:00.890+0000][1716.834s][info][gc,phases   ] GC(319)   Evacuate Collection Set: 107.1ms
[2024-08-15T12:57:00.890+0000][1716.834s][info][gc,phases   ] GC(319)   Post Evacuate Collection Set: 24.8ms
[2024-08-15T12:57:00.890+0000][1716.834s][info][gc,phases   ] GC(319)   Other: 0.2ms
[2024-08-15T12:57:00.890+0000][1716.834s][info][gc,heap     ] GC(319) Eden regions: 905->0(900)
[2024-08-15T12:57:00.890+0000][1716.834s][info][gc,heap     ] GC(319) Survivor regions: 16->21(116)
[2024-08-15T12:57:00.890+0000][1716.834s][info][gc,heap     ] GC(319) Old regions: 261->261
[2024-08-15T12:57:00.890+0000][1716.834s][info][gc,heap     ] GC(319) Archive regions: 2->2
[2024-08-15T12:57:00.890+0000][1716.835s][info][gc,heap     ] GC(319) Humongous regions: 7->7
[2024-08-15T12:57:00.890+0000][1716.835s][info][gc,metaspace] GC(319) Metaspace: 420816K(426944K)->420816K(426944K) NonClass: 367845K(371392K)->367845K(371392K) Class: 52970K(55552K)->52970K(55552K)
[2024-08-15T12:57:00.890+0000][1716.835s][info][gc          ] GC(319) Pause Young (Normal) (G1 Evacuation Pause) 9509M->2312M(12288M) 132.837ms
[2024-08-15T12:57:00.890+0000][1716.835s][info][gc,cpu      ] GC(319) User=0.78s Sys=0.00s Real=0.13s
[2024-08-15T12:57:05.391+0000][1721.336s][info][gc,start    ] GC(320) Pause Young (Normal) (G1 Evacuation Pause)
[2024-08-15T12:57:05.391+0000][1721.336s][info][gc,task     ] GC(320) Using 6 workers of 6 for evacuation
[2024-08-15T12:57:05.524+0000][1721.469s][info][gc,phases   ] GC(320)   Pre Evacuate Collection Set: 0.2ms
[2024-08-15T12:57:05.524+0000][1721.469s][info][gc,phases   ] GC(320)   Merge Heap Roots: 0.4ms
[2024-08-15T12:57:05.524+0000][1721.469s][info][gc,phases   ] GC(320)   Evacuate Collection Set: 112.1ms
[2024-08-15T12:57:05.524+0000][1721.469s][info][gc,phases   ] GC(320)   Post Evacuate Collection Set: 20.2ms
[2024-08-15T12:57:05.524+0000][1721.469s][info][gc,phases   ] GC(320)   Other: 0.2ms
[2024-08-15T12:57:05.524+0000][1721.469s][info][gc,heap     ] GC(320) Eden regions: 900->0(895)
[2024-08-15T12:57:05.525+0000][1721.469s][info][gc,heap     ] GC(320) Survivor regions: 21->26(116)
[2024-08-15T12:57:05.525+0000][1721.469s][info][gc,heap     ] GC(320) Old regions: 261->261
[2024-08-15T12:57:05.525+0000][1721.469s][info][gc,heap     ] GC(320) Archive regions: 2->2
[2024-08-15T12:57:05.525+0000][1721.469s][info][gc,heap     ] GC(320) Humongous regions: 7->7
[2024-08-15T12:57:05.525+0000][1721.469s][info][gc,metaspace] GC(320) Metaspace: 420816K(426944K)->420816K(426944K) NonClass: 367845K(371392K)->367845K(371392K) Class: 52970K(55552K)->52970K(55552K)
[2024-08-15T12:57:05.525+0000][1721.469s][info][gc          ] GC(320) Pause Young (Normal) (G1 Evacuation Pause) 9512M->2352M(12288M) 133.152ms
[2024-08-15T12:57:05.525+0000][1721.469s][info][gc,cpu      ] GC(320) User=0.78s Sys=0.00s Real=0.14s
[2024-08-15T12:57:15.255+0000][1731.200s][info][gc,start    ] GC(321) Pause Young (Normal) (G1 Evacuation Pause)
[2024-08-15T12:57:15.255+0000][1731.200s][info][gc,task     ] GC(321) Using 6 workers of 6 for evacuation
[2024-08-15T12:57:15.352+0000][1731.296s][info][gc,phases   ] GC(321)   Pre Evacuate Collection Set: 0.2ms
[2024-08-15T12:57:15.352+0000][1731.296s][info][gc,phases   ] GC(321)   Merge Heap Roots: 0.3ms
[2024-08-15T12:57:15.352+0000][1731.296s][info][gc,phases   ] GC(321)   Evacuate Collection Set: 93.2ms
[2024-08-15T12:57:15.352+0000][1731.296s][info][gc,phases   ] GC(321)   Post Evacuate Collection Set: 2.3ms
[2024-08-15T12:57:15.352+0000][1731.296s][info][gc,phases   ] GC(321)   Other: 0.2ms
[2024-08-15T12:57:15.352+0000][1731.296s][info][gc,heap     ] GC(321) Eden regions: 895->0(891)
[2024-08-15T12:57:15.352+0000][1731.296s][info][gc,heap     ] GC(321) Survivor regions: 26->30(116)
[2024-08-15T12:57:15.352+0000][1731.296s][info][gc,heap     ] GC(321) Old regions: 261->261
[2024-08-15T12:57:15.352+0000][1731.296s][info][gc,heap     ] GC(321) Archive regions: 2->2
[2024-08-15T12:57:15.352+0000][1731.296s][info][gc,heap     ] GC(321) Humongous regions: 7->7
[2024-08-15T12:57:15.352+0000][1731.296s][info][gc,metaspace] GC(321) Metaspace: 420818K(426944K)->420818K(426944K) NonClass: 367848K(371392K)->367848K(371392K) Class: 52970K(55552K)->52970K(55552K)
[2024-08-15T12:57:15.352+0000][1731.296s][info][gc          ] GC(321) Pause Young (Normal) (G1 Evacuation Pause) 9512M->2380M(12288M) 96.349ms
[2024-08-15T12:57:15.352+0000][1731.296s][info][gc,cpu      ] GC(321) User=0.57s Sys=0.00s Real=0.09s
[2024-08-15T12:57:25.049+0000][1740.993s][info][gc,start    ] GC(322) Pause Young (Normal) (G1 Evacuation Pause)
[2024-08-15T12:57:25.049+0000][1740.993s][info][gc,task     ] GC(322) Using 6 workers of 6 for evacuation
[2024-08-15T12:57:25.149+0000][1741.094s][info][gc,phases   ] GC(322)   Pre Evacuate Collection Set: 0.2ms
[2024-08-15T12:57:25.149+0000][1741.094s][info][gc,phases   ] GC(322)   Merge Heap Roots: 0.3ms
[2024-08-15T12:57:25.150+0000][1741.094s][info][gc,phases   ] GC(322)   Evacuate Collection Set: 97.7ms
[2024-08-15T12:57:25.150+0000][1741.094s][info][gc,phases   ] GC(322)   Post Evacuate Collection Set: 2.3ms
[2024-08-15T12:57:25.150+0000][1741.094s][info][gc,phases   ] GC(322)   Other: 0.2ms
[2024-08-15T12:57:25.150+0000][1741.094s][info][gc,heap     ] GC(322) Eden regions: 891->0(888)
[2024-08-15T12:57:25.150+0000][1741.094s][info][gc,heap     ] GC(322) Survivor regions: 30->33(116)
[2024-08-15T12:57:25.150+0000][1741.094s][info][gc,heap     ] GC(322) Old regions: 261->261
[2024-08-15T12:57:25.150+0000][1741.094s][info][gc,heap     ] GC(322) Archive regions: 2->2
[2024-08-15T12:57:25.150+0000][1741.094s][info][gc,heap     ] GC(322) Humongous regions: 7->7
[2024-08-15T12:57:25.150+0000][1741.094s][info][gc,metaspace] GC(322) Metaspace: 420818K(426944K)->420818K(426944K) NonClass: 367848K(371392K)->367848K(371392K) Class: 52970K(55552K)->52970K(55552K)
[2024-08-15T12:57:25.150+0000][1741.094s][info][gc          ] GC(322) Pause Young (Normal) (G1 Evacuation Pause) 9508M->2408M(12288M) 100.803ms
[2024-08-15T12:57:25.150+0000][1741.094s][info][gc,cpu      ] GC(322) User=0.60s Sys=0.00s Real=0.10s
[2024-08-15T12:57:34.938+0000][1750.883s][info][gc,start    ] GC(323) Pause Young (Normal) (G1 Evacuation Pause)
[2024-08-15T12:57:34.939+0000][1750.883s][info][gc,task     ] GC(323) Using 6 workers of 6 for evacuation
[2024-08-15T12:57:35.044+0000][1750.989s][info][gc,phases   ] GC(323)   Pre Evacuate Collection Set: 0.2ms
[2024-08-15T12:57:35.044+0000][1750.989s][info][gc,phases   ] GC(323)   Merge Heap Roots: 0.4ms
[2024-08-15T12:57:35.044+0000][1750.989s][info][gc,phases   ] GC(323)   Evacuate Collection Set: 102.6ms
[2024-08-15T12:57:35.044+0000][1750.989s][info][gc,phases   ] GC(323)   Post Evacuate Collection Set: 2.4ms
[2024-08-15T12:57:35.044+0000][1750.989s][info][gc,phases   ] GC(323)   Other: 0.2ms
[2024-08-15T12:57:35.044+0000][1750.989s][info][gc,heap     ] GC(323) Eden regions: 888->0(884)
[2024-08-15T12:57:35.044+0000][1750.989s][info][gc,heap     ] GC(323) Survivor regions: 33->37(116)
[2024-08-15T12:57:35.044+0000][1750.989s][info][gc,heap     ] GC(323) Old regions: 261->261
[2024-08-15T12:57:35.044+0000][1750.989s][info][gc,heap     ] GC(323) Archive regions: 2->2
[2024-08-15T12:57:35.044+0000][1750.989s][info][gc,heap     ] GC(323) Humongous regions: 7->7
[2024-08-15T12:57:35.044+0000][1750.989s][info][gc,metaspace] GC(323) Metaspace: 420839K(427008K)->420839K(427008K) NonClass: 367869K(371456K)->367869K(371456K) Class: 52970K(55552K)->52970K(55552K)
[2024-08-15T12:57:35.044+0000][1750.989s][info][gc          ] GC(323) Pause Young (Normal) (G1 Evacuation Pause) 9512M->2440M(12288M) 105.892ms
[2024-08-15T12:57:35.044+0000][1750.989s][info][gc,cpu      ] GC(323) User=0.63s Sys=0.00s Real=0.11s
[2024-08-15T12:57:44.527+0000][1760.472s][info][gc,start    ] GC(324) Pause Young (Normal) (G1 Evacuation Pause)
[2024-08-15T12:57:44.527+0000][1760.472s][info][gc,task     ] GC(324) Using 6 workers of 6 for evacuation
[2024-08-15T12:57:44.639+0000][1760.583s][info][gc,phases   ] GC(324)   Pre Evacuate Collection Set: 0.2ms
[2024-08-15T12:57:44.639+0000][1760.583s][info][gc,phases   ] GC(324)   Merge Heap Roots: 0.3ms
[2024-08-15T12:57:44.639+0000][1760.583s][info][gc,phases   ] GC(324)   Evacuate Collection Set: 108.0ms
[2024-08-15T12:57:44.639+0000][1760.583s][info][gc,phases   ] GC(324)   Post Evacuate Collection Set: 2.7ms
[2024-08-15T12:57:44.639+0000][1760.583s][info][gc,phases   ] GC(324)   Other: 0.2ms
[2024-08-15T12:57:44.639+0000][1760.583s][info][gc,heap     ] GC(324) Eden regions: 884->0(885)
[2024-08-15T12:57:44.639+0000][1760.583s][info][gc,heap     ] GC(324) Survivor regions: 37->36(116)
[2024-08-15T12:57:44.639+0000][1760.583s][info][gc,heap     ] GC(324) Old regions: 261->261
[2024-08-15T12:57:44.639+0000][1760.583s][info][gc,heap     ] GC(324) Archive regions: 2->2
[2024-08-15T12:57:44.639+0000][1760.583s][info][gc,heap     ] GC(324) Humongous regions: 7->7
[2024-08-15T12:57:44.639+0000][1760.583s][info][gc,metaspace] GC(324) Metaspace: 420844K(427008K)->420844K(427008K) NonClass: 367874K(371456K)->367874K(371456K) Class: 52970K(55552K)->52970K(55552K)
[2024-08-15T12:57:44.639+0000][1760.583s][info][gc          ] GC(324) Pause Young (Normal) (G1 Evacuation Pause) 9512M->2428M(12288M) 111.486ms
[2024-08-15T12:57:44.639+0000][1760.584s][info][gc,cpu      ] GC(324) User=0.66s Sys=0.00s Real=0.11s
[2024-08-15T12:57:54.289+0000][1770.234s][info][gc,start    ] GC(325) Pause Young (Normal) (G1 Evacuation Pause)
[2024-08-15T12:57:54.289+0000][1770.234s][info][gc,task     ] GC(325) Using 6 workers of 6 for evacuation
[2024-08-15T12:57:54.401+0000][1770.346s][info][gc,phases   ] GC(325)   Pre Evacuate Collection Set: 0.2ms
[2024-08-15T12:57:54.401+0000][1770.346s][info][gc,phases   ] GC(325)   Merge Heap Roots: 0.4ms
[2024-08-15T12:57:54.401+0000][1770.346s][info][gc,phases   ] GC(325)   Evacuate Collection Set: 108.8ms
[2024-08-15T12:57:54.401+0000][1770.346s][info][gc,phases   ] GC(325)   Post Evacuate Collection Set: 2.3ms
[2024-08-15T12:57:54.401+0000][1770.346s][info][gc,phases   ] GC(325)   Other: 0.2ms
[2024-08-15T12:57:54.401+0000][1770.346s][info][gc,heap     ] GC(325) Eden regions: 885->0(880)
[2024-08-15T12:57:54.401+0000][1770.346s][info][gc,heap     ] GC(325) Survivor regions: 36->39(116)
[2024-08-15T12:57:54.401+0000][1770.346s][info][gc,heap     ] GC(325) Old regions: 261->261
[2024-08-15T12:57:54.401+0000][1770.346s][info][gc,heap     ] GC(325) Archive regions: 2->2
[2024-08-15T12:57:54.401+0000][1770.346s][info][gc,heap     ] GC(325) Humongous regions: 7->7
[2024-08-15T12:57:54.401+0000][1770.346s][info][gc,metaspace] GC(325) Metaspace: 420861K(427008K)->420861K(427008K) NonClass: 367891K(371456K)->367891K(371456K) Class: 52970K(55552K)->52970K(55552K)
[2024-08-15T12:57:54.401+0000][1770.346s][info][gc          ] GC(325) Pause Young (Normal) (G1 Evacuation Pause) 9508M->2452M(12288M) 112.021ms
[2024-08-15T12:57:54.401+0000][1770.346s][info][gc,cpu      ] GC(325) User=0.67s Sys=0.00s Real=0.11s
[2024-08-15T12:58:04.038+0000][1779.982s][info][gc,start    ] GC(326) Pause Young (Normal) (G1 Evacuation Pause)
[2024-08-15T12:58:04.038+0000][1779.982s][info][gc,task     ] GC(326) Using 6 workers of 6 for evacuation
[2024-08-15T12:58:04.150+0000][1780.094s][info][gc,phases   ] GC(326)   Pre Evacuate Collection Set: 0.2ms
[2024-08-15T12:58:04.150+0000][1780.094s][info][gc,phases   ] GC(326)   Merge Heap Roots: 0.3ms
[2024-08-15T12:58:04.150+0000][1780.094s][info][gc,phases   ] GC(326)   Evacuate Collection Set: 109.1ms
[2024-08-15T12:58:04.150+0000][1780.094s][info][gc,phases   ] GC(326)   Post Evacuate Collection Set: 2.3ms
[2024-08-15T12:58:04.150+0000][1780.094s][info][gc,phases   ] GC(326)   Other: 0.2ms
[2024-08-15T12:58:04.150+0000][1780.094s][info][gc,heap     ] GC(326) Eden regions: 880->0(876)
[2024-08-15T12:58:04.150+0000][1780.094s][info][gc,heap     ] GC(326) Survivor regions: 39->41(115)
[2024-08-15T12:58:04.150+0000][1780.094s][info][gc,heap     ] GC(326) Old regions: 261->261
[2024-08-15T12:58:04.150+0000][1780.094s][info][gc,heap     ] GC(326) Archive regions: 2->2
[2024-08-15T12:58:04.150+0000][1780.094s][info][gc,heap     ] GC(326) Humongous regions: 7->7
[2024-08-15T12:58:04.150+0000][1780.094s][info][gc,metaspace] GC(326) Metaspace: 420870K(427008K)->420870K(427008K) NonClass: 367900K(371456K)->367900K(371456K) Class: 52970K(55552K)->52970K(55552K)
[2024-08-15T12:58:04.150+0000][1780.094s][info][gc          ] GC(326) Pause Young (Normal) (G1 Evacuation Pause) 9492M->2468M(12288M) 112.199ms
[2024-08-15T12:58:04.150+0000][1780.094s][info][gc,cpu      ] GC(326) User=0.67s Sys=0.00s Real=0.11s
[2024-08-15T12:58:13.185+0000][1789.130s][info][gc,start    ] GC(327) Pause Young (Normal) (G1 Evacuation Pause)
[2024-08-15T12:58:13.185+0000][1789.130s][info][gc,task     ] GC(327) Using 6 workers of 6 for evacuation
[2024-08-15T12:58:13.299+0000][1789.243s][info][gc,phases   ] GC(327)   Pre Evacuate Collection Set: 0.2ms
[2024-08-15T12:58:13.299+0000][1789.243s][info][gc,phases   ] GC(327)   Merge Heap Roots: 0.3ms
[2024-08-15T12:58:13.299+0000][1789.243s][info][gc,phases   ] GC(327)   Evacuate Collection Set: 110.6ms
[2024-08-15T12:58:13.299+0000][1789.243s][info][gc,phases   ] GC(327)   Post Evacuate Collection Set: 2.4ms
[2024-08-15T12:58:13.299+0000][1789.243s][info][gc,phases   ] GC(327)   Other: 0.2ms
[2024-08-15T12:58:13.299+0000][1789.243s][info][gc,heap     ] GC(327) Eden regions: 876->0(878)
[2024-08-15T12:58:13.299+0000][1789.243s][info][gc,heap     ] GC(327) Survivor regions: 41->40(115)
[2024-08-15T12:58:13.299+0000][1789.243s][info][gc,heap     ] GC(327) Old regions: 261->261
[2024-08-15T12:58:13.299+0000][1789.243s][info][gc,heap     ] GC(327) Archive regions: 2->2
[2024-08-15T12:58:13.299+0000][1789.243s][info][gc,heap     ] GC(327) Humongous regions: 7->7
[2024-08-15T12:58:13.299+0000][1789.243s][info][gc,metaspace] GC(327) Metaspace: 420888K(427008K)->420888K(427008K) NonClass: 367917K(371456K)->367917K(371456K) Class: 52970K(55552K)->52970K(55552K)
[2024-08-15T12:58:13.299+0000][1789.243s][info][gc          ] GC(327) Pause Young (Normal) (G1 Evacuation Pause) 9476M->2464M(12288M) 113.809ms
[2024-08-15T12:58:13.299+0000][1789.243s][info][gc,cpu      ] GC(327) User=0.68s Sys=0.00s Real=0.11s
[2024-08-15T12:58:22.512+0000][1798.456s][info][gc,start    ] GC(328) Pause Young (Normal) (G1 Evacuation Pause)
[2024-08-15T12:58:22.512+0000][1798.456s][info][gc,task     ] GC(328) Using 6 workers of 6 for evacuation
[2024-08-15T12:58:22.635+0000][1798.580s][info][gc,phases   ] GC(328)   Pre Evacuate Collection Set: 0.2ms
[2024-08-15T12:58:22.635+0000][1798.580s][info][gc,phases   ] GC(328)   Merge Heap Roots: 0.4ms
[2024-08-15T12:58:22.635+0000][1798.580s][info][gc,phases   ] GC(328)   Evacuate Collection Set: 120.4ms
[2024-08-15T12:58:22.635+0000][1798.580s][info][gc,phases   ] GC(328)   Post Evacuate Collection Set: 2.3ms
[2024-08-15T12:58:22.635+0000][1798.580s][info][gc,phases   ] GC(328)   Other: 0.2ms
[2024-08-15T12:58:22.635+0000][1798.580s][info][gc,heap     ] GC(328) Eden regions: 878->0(880)
[2024-08-15T12:58:22.635+0000][1798.580s][info][gc,heap     ] GC(328) Survivor regions: 40->39(115)
[2024-08-15T12:58:22.635+0000][1798.580s][info][gc,heap     ] GC(328) Old regions: 261->261
[2024-08-15T12:58:22.635+0000][1798.580s][info][gc,heap     ] GC(328) Archive regions: 2->2
[2024-08-15T12:58:22.635+0000][1798.580s][info][gc,heap     ] GC(328) Humongous regions: 7->7
[2024-08-15T12:58:22.635+0000][1798.580s][info][gc,metaspace] GC(328) Metaspace: 420889K(427008K)->420889K(427008K) NonClass: 367919K(371456K)->367919K(371456K) Class: 52970K(55552K)->52970K(55552K)
[2024-08-15T12:58:22.635+0000][1798.580s][info][gc          ] GC(328) Pause Young (Normal) (G1 Evacuation Pause) 9488M->2456M(12288M) 123.633ms
[2024-08-15T12:58:22.635+0000][1798.580s][info][gc,cpu      ] GC(328) User=0.73s Sys=0.00s Real=0.13s
[2024-08-15T12:58:32.293+0000][1808.237s][info][gc,start    ] GC(329) Pause Young (Normal) (G1 Evacuation Pause)
[2024-08-15T12:58:32.293+0000][1808.237s][info][gc,task     ] GC(329) Using 6 workers of 6 for evacuation
[2024-08-15T12:58:32.414+0000][1808.359s][info][gc,phases   ] GC(329)   Pre Evacuate Collection Set: 0.2ms
[2024-08-15T12:58:32.414+0000][1808.359s][info][gc,phases   ] GC(329)   Merge Heap Roots: 0.3ms
[2024-08-15T12:58:32.414+0000][1808.359s][info][gc,phases   ] GC(329)   Evacuate Collection Set: 118.7ms
[2024-08-15T12:58:32.414+0000][1808.359s][info][gc,phases   ] GC(329)   Post Evacuate Collection Set: 2.4ms
[2024-08-15T12:58:32.414+0000][1808.359s][info][gc,phases   ] GC(329)   Other: 0.3ms
[2024-08-15T12:58:32.414+0000][1808.359s][info][gc,heap     ] GC(329) Eden regions: 880->0(877)
[2024-08-15T12:58:32.414+0000][1808.359s][info][gc,heap     ] GC(329) Survivor regions: 39->39(115)
[2024-08-15T12:58:32.415+0000][1808.359s][info][gc,heap     ] GC(329) Old regions: 261->264
[2024-08-15T12:58:32.415+0000][1808.359s][info][gc,heap     ] GC(329) Archive regions: 2->2
[2024-08-15T12:58:32.415+0000][1808.359s][info][gc,heap     ] GC(329) Humongous regions: 7->7
[2024-08-15T12:58:32.415+0000][1808.359s][info][gc,metaspace] GC(329) Metaspace: 420990K(427136K)->420990K(427136K) NonClass: 368004K(371520K)->368004K(371520K) Class: 52985K(55616K)->52985K(55616K)
[2024-08-15T12:58:32.415+0000][1808.359s][info][gc          ] GC(329) Pause Young (Normal) (G1 Evacuation Pause) 9496M->2473M(12288M) 121.873ms
[2024-08-15T12:58:32.415+0000][1808.359s][info][gc,cpu      ] GC(329) User=0.72s Sys=0.01s Real=0.12s
[2024-08-15T12:58:41.845+0000][1817.790s][info][gc,start    ] GC(330) Pause Young (Normal) (G1 Evacuation Pause)
[2024-08-15T12:58:41.845+0000][1817.790s][info][gc,task     ] GC(330) Using 6 workers of 6 for evacuation
[2024-08-15T12:58:41.967+0000][1817.912s][info][gc,phases   ] GC(330)   Pre Evacuate Collection Set: 0.2ms
[2024-08-15T12:58:41.967+0000][1817.912s][info][gc,phases   ] GC(330)   Merge Heap Roots: 0.4ms
[2024-08-15T12:58:41.967+0000][1817.912s][info][gc,phases   ] GC(330)   Evacuate Collection Set: 118.3ms
[2024-08-15T12:58:41.967+0000][1817.912s][info][gc,phases   ] GC(330)   Post Evacuate Collection Set: 2.4ms
[2024-08-15T12:58:41.967+0000][1817.912s][info][gc,phases   ] GC(330)   Other: 0.2ms
[2024-08-15T12:58:41.967+0000][1817.912s][info][gc,heap     ] GC(330) Eden regions: 877->0(871)
[2024-08-15T12:58:41.967+0000][1817.912s][info][gc,heap     ] GC(330) Survivor regions: 39->42(115)
[2024-08-15T12:58:41.967+0000][1817.912s][info][gc,heap     ] GC(330) Old regions: 264->264
[2024-08-15T12:58:41.967+0000][1817.912s][info][gc,heap     ] GC(330) Archive regions: 2->2
[2024-08-15T12:58:41.967+0000][1817.912s][info][gc,heap     ] GC(330) Humongous regions: 7->7
[2024-08-15T12:58:41.967+0000][1817.912s][info][gc,metaspace] GC(330) Metaspace: 420997K(427136K)->420997K(427136K) NonClass: 368011K(371520K)->368011K(371520K) Class: 52985K(55616K)->52985K(55616K)
[2024-08-15T12:58:41.967+0000][1817.912s][info][gc          ] GC(330) Pause Young (Normal) (G1 Evacuation Pause) 9489M->2500M(12288M) 121.685ms
[2024-08-15T12:58:41.967+0000][1817.912s][info][gc,cpu      ] GC(330) User=0.72s Sys=0.00s Real=0.12s
[2024-08-15T12:58:51.761+0000][1827.705s][info][gc,start    ] GC(331) Pause Young (Normal) (G1 Evacuation Pause)
[2024-08-15T12:58:51.761+0000][1827.705s][info][gc,task     ] GC(331) Using 6 workers of 6 for evacuation
[2024-08-15T12:58:51.903+0000][1827.848s][info][gc,phases   ] GC(331)   Pre Evacuate Collection Set: 0.2ms
[2024-08-15T12:58:51.903+0000][1827.848s][info][gc,phases   ] GC(331)   Merge Heap Roots: 0.4ms
[2024-08-15T12:58:51.903+0000][1827.848s][info][gc,phases   ] GC(331)   Evacuate Collection Set: 139.0ms
[2024-08-15T12:58:51.903+0000][1827.848s][info][gc,phases   ] GC(331)   Post Evacuate Collection Set: 2.6ms
[2024-08-15T12:58:51.903+0000][1827.848s][info][gc,phases   ] GC(331)   Other: 0.2ms
[2024-08-15T12:58:51.903+0000][1827.848s][info][gc,heap     ] GC(331) Eden regions: 871->0(867)
[2024-08-15T12:58:51.903+0000][1827.848s][info][gc,heap     ] GC(331) Survivor regions: 42->44(115)
[2024-08-15T12:58:51.903+0000][1827.848s][info][gc,heap     ] GC(331) Old regions: 264->264
[2024-08-15T12:58:51.903+0000][1827.848s][info][gc,heap     ] GC(331) Archive regions: 2->2
[2024-08-15T12:58:51.903+0000][1827.848s][info][gc,heap     ] GC(331) Humongous regions: 7->7
[2024-08-15T12:58:51.903+0000][1827.848s][info][gc,metaspace] GC(331) Metaspace: 421001K(427136K)->421001K(427136K) NonClass: 368015K(371520K)->368015K(371520K) Class: 52985K(55616K)->52985K(55616K)
[2024-08-15T12:58:51.903+0000][1827.848s][info][gc          ] GC(331) Pause Young (Normal) (G1 Evacuation Pause) 9468M->2517M(12288M) 142.589ms
[2024-08-15T12:58:51.903+0000][1827.848s][info][gc,cpu      ] GC(331) User=0.85s Sys=0.00s Real=0.15s
[2024-08-15T12:59:00.934+0000][1836.879s][info][gc,start    ] GC(332) Pause Young (Normal) (G1 Evacuation Pause)
[2024-08-15T12:59:00.934+0000][1836.879s][info][gc,task     ] GC(332) Using 6 workers of 6 for evacuation
[2024-08-15T12:59:01.050+0000][1836.995s][info][gc,phases   ] GC(332)   Pre Evacuate Collection Set: 0.2ms
[2024-08-15T12:59:01.050+0000][1836.995s][info][gc,phases   ] GC(332)   Merge Heap Roots: 0.4ms
[2024-08-15T12:59:01.050+0000][1836.995s][info][gc,phases   ] GC(332)   Evacuate Collection Set: 112.5ms
[2024-08-15T12:59:01.050+0000][1836.995s][info][gc,phases   ] GC(332)   Post Evacuate Collection Set: 2.4ms
[2024-08-15T12:59:01.050+0000][1836.995s][info][gc,phases   ] GC(332)   Other: 0.2ms
[2024-08-15T12:59:01.050+0000][1836.995s][info][gc,heap     ] GC(332) Eden regions: 867->0(879)
[2024-08-15T12:59:01.050+0000][1836.995s][info][gc,heap     ] GC(332) Survivor regions: 44->35(114)
[2024-08-15T12:59:01.050+0000][1836.995s][info][gc,heap     ] GC(332) Old regions: 264->270
[2024-08-15T12:59:01.050+0000][1836.995s][info][gc,heap     ] GC(332) Archive regions: 2->2
[2024-08-15T12:59:01.050+0000][1836.995s][info][gc,heap     ] GC(332) Humongous regions: 7->7
[2024-08-15T12:59:01.050+0000][1836.995s][info][gc,metaspace] GC(332) Metaspace: 421012K(427200K)->421012K(427200K) NonClass: 368026K(371584K)->368026K(371584K) Class: 52985K(55616K)->52985K(55616K)
[2024-08-15T12:59:01.050+0000][1836.995s][info][gc          ] GC(332) Pause Young (Normal) (G1 Evacuation Pause) 9453M->2493M(12288M) 115.811ms
[2024-08-15T12:59:01.050+0000][1836.995s][info][gc,cpu      ] GC(332) User=0.69s Sys=0.00s Real=0.12s
[2024-08-15T12:59:10.742+0000][1846.687s][info][gc,start    ] GC(333) Pause Young (Normal) (G1 Evacuation Pause)
[2024-08-15T12:59:10.742+0000][1846.687s][info][gc,task     ] GC(333) Using 6 workers of 6 for evacuation
[2024-08-15T12:59:10.855+0000][1846.799s][info][gc,phases   ] GC(333)   Pre Evacuate Collection Set: 0.2ms
[2024-08-15T12:59:10.855+0000][1846.799s][info][gc,phases   ] GC(333)   Merge Heap Roots: 0.3ms
[2024-08-15T12:59:10.855+0000][1846.799s][info][gc,phases   ] GC(333)   Evacuate Collection Set: 109.6ms
[2024-08-15T12:59:10.855+0000][1846.799s][info][gc,phases   ] GC(333)   Post Evacuate Collection Set: 2.3ms
[2024-08-15T12:59:10.855+0000][1846.799s][info][gc,phases   ] GC(333)   Other: 0.3ms
[2024-08-15T12:59:10.855+0000][1846.799s][info][gc,heap     ] GC(333) Eden regions: 879->0(880)
[2024-08-15T12:59:10.855+0000][1846.799s][info][gc,heap     ] GC(333) Survivor regions: 35->32(115)
[2024-08-15T12:59:10.855+0000][1846.799s][info][gc,heap     ] GC(333) Old regions: 270->275
[2024-08-15T12:59:10.855+0000][1846.799s][info][gc,heap     ] GC(333) Archive regions: 2->2
[2024-08-15T12:59:10.855+0000][1846.799s][info][gc,heap     ] GC(333) Humongous regions: 7->7
[2024-08-15T12:59:10.855+0000][1846.799s][info][gc,metaspace] GC(333) Metaspace: 421020K(427200K)->421020K(427200K) NonClass: 368035K(371584K)->368035K(371584K) Class: 52985K(55616K)->52985K(55616K)
[2024-08-15T12:59:10.855+0000][1846.800s][info][gc          ] GC(333) Pause Young (Normal) (G1 Evacuation Pause) 9525M->2505M(12288M) 112.806ms
[2024-08-15T12:59:10.855+0000][1846.800s][info][gc,cpu      ] GC(333) User=0.67s Sys=0.00s Real=0.11s
[2024-08-15T12:59:20.764+0000][1856.709s][info][gc,start    ] GC(334) Pause Young (Normal) (G1 Evacuation Pause)
[2024-08-15T12:59:20.764+0000][1856.709s][info][gc,task     ] GC(334) Using 6 workers of 6 for evacuation
[2024-08-15T12:59:20.852+0000][1856.797s][info][gc,phases   ] GC(334)   Pre Evacuate Collection Set: 0.2ms
[2024-08-15T12:59:20.852+0000][1856.797s][info][gc,phases   ] GC(334)   Merge Heap Roots: 0.3ms
[2024-08-15T12:59:20.852+0000][1856.797s][info][gc,phases   ] GC(334)   Evacuate Collection Set: 85.1ms
[2024-08-15T12:59:20.852+0000][1856.797s][info][gc,phases   ] GC(334)   Post Evacuate Collection Set: 2.3ms
[2024-08-15T12:59:20.852+0000][1856.797s][info][gc,phases   ] GC(334)   Other: 0.2ms
[2024-08-15T12:59:20.852+0000][1856.797s][info][gc,heap     ] GC(334) Eden regions: 880->0(880)
[2024-08-15T12:59:20.852+0000][1856.797s][info][gc,heap     ] GC(334) Survivor regions: 32->30(114)
[2024-08-15T12:59:20.852+0000][1856.797s][info][gc,heap     ] GC(334) Old regions: 275->279
[2024-08-15T12:59:20.852+0000][1856.797s][info][gc,heap     ] GC(334) Archive regions: 2->2
[2024-08-15T12:59:20.852+0000][1856.797s][info][gc,heap     ] GC(334) Humongous regions: 7->7
[2024-08-15T12:59:20.852+0000][1856.797s][info][gc,metaspace] GC(334) Metaspace: 421073K(427264K)->421073K(427264K) NonClass: 368087K(371648K)->368087K(371648K) Class: 52985K(55616K)->52985K(55616K)
[2024-08-15T12:59:20.852+0000][1856.797s][info][gc          ] GC(334) Pause Young (Normal) (G1 Evacuation Pause) 9545M->2530M(12288M) 88.132ms
[2024-08-15T12:59:20.852+0000][1856.797s][info][gc,cpu      ] GC(334) User=0.52s Sys=0.00s Real=0.08s
[2024-08-15T12:59:30.686+0000][1866.631s][info][gc,start    ] GC(335) Pause Young (Normal) (G1 Evacuation Pause)
[2024-08-15T12:59:30.686+0000][1866.631s][info][gc,task     ] GC(335) Using 6 workers of 6 for evacuation
[2024-08-15T12:59:30.763+0000][1866.708s][info][gc,phases   ] GC(335)   Pre Evacuate Collection Set: 0.2ms
[2024-08-15T12:59:30.763+0000][1866.708s][info][gc,phases   ] GC(335)   Merge Heap Roots: 0.3ms
[2024-08-15T12:59:30.763+0000][1866.708s][info][gc,phases   ] GC(335)   Evacuate Collection Set: 74.0ms
[2024-08-15T12:59:30.763+0000][1866.708s][info][gc,phases   ] GC(335)   Post Evacuate Collection Set: 2.4ms
[2024-08-15T12:59:30.763+0000][1866.708s][info][gc,phases   ] GC(335)   Other: 0.2ms
[2024-08-15T12:59:30.763+0000][1866.708s][info][gc,heap     ] GC(335) Eden regions: 880->0(879)
[2024-08-15T12:59:30.763+0000][1866.708s][info][gc,heap     ] GC(335) Survivor regions: 30->28(114)
[2024-08-15T12:59:30.763+0000][1866.708s][info][gc,heap     ] GC(335) Old regions: 279->284
[2024-08-15T12:59:30.763+0000][1866.708s][info][gc,heap     ] GC(335) Archive regions: 2->2
[2024-08-15T12:59:30.763+0000][1866.708s][info][gc,heap     ] GC(335) Humongous regions: 7->7
[2024-08-15T12:59:30.763+0000][1866.708s][info][gc,metaspace] GC(335) Metaspace: 421098K(427328K)->421098K(427328K) NonClass: 368112K(371712K)->368112K(371712K) Class: 52985K(55616K)->52985K(55616K)
[2024-08-15T12:59:30.763+0000][1866.708s][info][gc          ] GC(335) Pause Young (Normal) (G1 Evacuation Pause) 9570M->2550M(12288M) 77.181ms
[2024-08-15T12:59:30.763+0000][1866.708s][info][gc,cpu      ] GC(335) User=0.46s Sys=0.00s Real=0.08s
[2024-08-15T12:59:36.276+0000][1872.221s][info][gc,start    ] GC(336) Pause Young (Normal) (G1 Evacuation Pause)
[2024-08-15T12:59:36.276+0000][1872.221s][info][gc,task     ] GC(336) Using 6 workers of 6 for evacuation
[2024-08-15T12:59:36.374+0000][1872.319s][info][gc,phases   ] GC(336)   Pre Evacuate Collection Set: 0.2ms
[2024-08-15T12:59:36.374+0000][1872.319s][info][gc,phases   ] GC(336)   Merge Heap Roots: 0.2ms
[2024-08-15T12:59:36.374+0000][1872.319s][info][gc,phases   ] GC(336)   Evacuate Collection Set: 84.8ms
[2024-08-15T12:59:36.374+0000][1872.319s][info][gc,phases   ] GC(336)   Post Evacuate Collection Set: 12.9ms
[2024-08-15T12:59:36.374+0000][1872.319s][info][gc,phases   ] GC(336)   Other: 0.2ms
[2024-08-15T12:59:36.374+0000][1872.319s][info][gc,heap     ] GC(336) Eden regions: 879->0(870)
[2024-08-15T12:59:36.374+0000][1872.319s][info][gc,heap     ] GC(336) Survivor regions: 28->32(114)
[2024-08-15T12:59:36.374+0000][1872.319s][info][gc,heap     ] GC(336) Old regions: 284->285
[2024-08-15T12:59:36.374+0000][1872.319s][info][gc,heap     ] GC(336) Archive regions: 2->2
[2024-08-15T12:59:36.374+0000][1872.319s][info][gc,heap     ] GC(336) Humongous regions: 7->7
[2024-08-15T12:59:36.374+0000][1872.319s][info][gc,metaspace] GC(336) Metaspace: 421102K(427328K)->421102K(427328K) NonClass: 368117K(371712K)->368117K(371712K) Class: 52985K(55616K)->52985K(55616K)
[2024-08-15T12:59:36.374+0000][1872.319s][info][gc          ] GC(336) Pause Young (Normal) (G1 Evacuation Pause) 9582M->2591M(12288M) 98.422ms
[2024-08-15T12:59:36.375+0000][1872.319s][info][gc,cpu      ] GC(336) User=0.58s Sys=0.00s Real=0.09s
[2024-08-15T12:59:38.988+0000][1874.932s][info][gc,start    ] GC(337) Pause Young (Normal) (G1 Evacuation Pause)
[2024-08-15T12:59:38.988+0000][1874.932s][info][gc,task     ] GC(337) Using 6 workers of 6 for evacuation
[2024-08-15T12:59:39.117+0000][1875.062s][info][gc,phases   ] GC(337)   Pre Evacuate Collection Set: 0.2ms
[2024-08-15T12:59:39.117+0000][1875.062s][info][gc,phases   ] GC(337)   Merge Heap Roots: 0.2ms
[2024-08-15T12:59:39.117+0000][1875.062s][info][gc,phases   ] GC(337)   Evacuate Collection Set: 107.6ms
[2024-08-15T12:59:39.117+0000][1875.062s][info][gc,phases   ] GC(337)   Post Evacuate Collection Set: 21.2ms
[2024-08-15T12:59:39.117+0000][1875.062s][info][gc,phases   ] GC(337)   Other: 0.2ms
[2024-08-15T12:59:39.117+0000][1875.062s][info][gc,heap     ] GC(337) Eden regions: 870->0(869)
[2024-08-15T12:59:39.117+0000][1875.062s][info][gc,heap     ] GC(337) Survivor regions: 32->32(113)
[2024-08-15T12:59:39.117+0000][1875.062s][info][gc,heap     ] GC(337) Old regions: 285->286
[2024-08-15T12:59:39.117+0000][1875.062s][info][gc,heap     ] GC(337) Archive regions: 2->2
[2024-08-15T12:59:39.117+0000][1875.062s][info][gc,heap     ] GC(337) Humongous regions: 7->7
[2024-08-15T12:59:39.117+0000][1875.062s][info][gc,metaspace] GC(337) Metaspace: 421102K(427328K)->421102K(427328K) NonClass: 368117K(371712K)->368117K(371712K) Class: 52985K(55616K)->52985K(55616K)
[2024-08-15T12:59:39.117+0000][1875.062s][info][gc          ] GC(337) Pause Young (Normal) (G1 Evacuation Pause) 9551M->2604M(12288M) 129.506ms
[2024-08-15T12:59:39.117+0000][1875.062s][info][gc,cpu      ] GC(337) User=0.75s Sys=0.00s Real=0.13s
[2024-08-15T12:59:41.777+0000][1877.722s][info][gc,start    ] GC(338) Pause Young (Normal) (G1 Evacuation Pause)
[2024-08-15T12:59:41.777+0000][1877.722s][info][gc,task     ] GC(338) Using 6 workers of 6 for evacuation
[2024-08-15T12:59:41.939+0000][1877.883s][info][gc,phases   ] GC(338)   Pre Evacuate Collection Set: 0.2ms
[2024-08-15T12:59:41.939+0000][1877.883s][info][gc,phases   ] GC(338)   Merge Heap Roots: 0.4ms
[2024-08-15T12:59:41.939+0000][1877.883s][info][gc,phases   ] GC(338)   Evacuate Collection Set: 134.4ms
[2024-08-15T12:59:41.939+0000][1877.883s][info][gc,phases   ] GC(338)   Post Evacuate Collection Set: 26.0ms
[2024-08-15T12:59:41.939+0000][1877.883s][info][gc,phases   ] GC(338)   Other: 0.2ms
[2024-08-15T12:59:41.939+0000][1877.883s][info][gc,heap     ] GC(338) Eden regions: 869->0(856)
[2024-08-15T12:59:41.939+0000][1877.883s][info][gc,heap     ] GC(338) Survivor regions: 32->38(113)
[2024-08-15T12:59:41.939+0000][1877.883s][info][gc,heap     ] GC(338) Old regions: 286->287
[2024-08-15T12:59:41.939+0000][1877.883s][info][gc,heap     ] GC(338) Archive regions: 2->2
[2024-08-15T12:59:41.939+0000][1877.883s][info][gc,heap     ] GC(338) Humongous regions: 7->7
[2024-08-15T12:59:41.939+0000][1877.883s][info][gc,metaspace] GC(338) Metaspace: 421148K(427328K)->421148K(427328K) NonClass: 368155K(371712K)->368155K(371712K) Class: 52992K(55616K)->52992K(55616K)
[2024-08-15T12:59:41.939+0000][1877.883s][info][gc          ] GC(338) Pause Young (Normal) (G1 Evacuation Pause) 9556M->2656M(12288M) 161.253ms
[2024-08-15T12:59:41.939+0000][1877.883s][info][gc,cpu      ] GC(338) User=0.95s Sys=0.00s Real=0.16s
[2024-08-15T12:59:44.647+0000][1880.591s][info][gc,start    ] GC(339) Pause Young (Normal) (G1 Evacuation Pause)
[2024-08-15T12:59:44.647+0000][1880.591s][info][gc,task     ] GC(339) Using 6 workers of 6 for evacuation
[2024-08-15T12:59:44.825+0000][1880.770s][info][gc,phases   ] GC(339)   Pre Evacuate Collection Set: 0.2ms
[2024-08-15T12:59:44.825+0000][1880.770s][info][gc,phases   ] GC(339)   Merge Heap Roots: 0.4ms
[2024-08-15T12:59:44.825+0000][1880.770s][info][gc,phases   ] GC(339)   Evacuate Collection Set: 156.5ms
[2024-08-15T12:59:44.825+0000][1880.770s][info][gc,phases   ] GC(339)   Post Evacuate Collection Set: 21.4ms
[2024-08-15T12:59:44.825+0000][1880.770s][info][gc,phases   ] GC(339)   Other: 0.2ms
[2024-08-15T12:59:44.825+0000][1880.770s][info][gc,heap     ] GC(339) Eden regions: 856->0(849)
[2024-08-15T12:59:44.825+0000][1880.770s][info][gc,heap     ] GC(339) Survivor regions: 38->41(112)
[2024-08-15T12:59:44.825+0000][1880.770s][info][gc,heap     ] GC(339) Old regions: 287->288
[2024-08-15T12:59:44.825+0000][1880.770s][info][gc,heap     ] GC(339) Archive regions: 2->2
[2024-08-15T12:59:44.825+0000][1880.770s][info][gc,heap     ] GC(339) Humongous regions: 7->7
[2024-08-15T12:59:44.825+0000][1880.770s][info][gc,metaspace] GC(339) Metaspace: 421150K(427328K)->421150K(427328K) NonClass: 368156K(371712K)->368156K(371712K) Class: 52993K(55616K)->52993K(55616K)
[2024-08-15T12:59:44.825+0000][1880.770s][info][gc          ] GC(339) Pause Young (Normal) (G1 Evacuation Pause) 9504M->2688M(12288M) 178.697ms
[2024-08-15T12:59:44.825+0000][1880.770s][info][gc,cpu      ] GC(339) User=1.06s Sys=0.00s Real=0.18s
[2024-08-15T12:59:47.360+0000][1883.305s][info][gc,start    ] GC(340) Pause Young (Normal) (G1 Evacuation Pause)
[2024-08-15T12:59:47.360+0000][1883.305s][info][gc,task     ] GC(340) Using 6 workers of 6 for evacuation
[2024-08-15T12:59:47.541+0000][1883.485s][info][gc,phases   ] GC(340)   Pre Evacuate Collection Set: 0.2ms
[2024-08-15T12:59:47.541+0000][1883.485s][info][gc,phases   ] GC(340)   Merge Heap Roots: 0.4ms
[2024-08-15T12:59:47.541+0000][1883.485s][info][gc,phases   ] GC(340)   Evacuate Collection Set: 156.0ms
[2024-08-15T12:59:47.541+0000][1883.485s][info][gc,phases   ] GC(340)   Post Evacuate Collection Set: 23.8ms
[2024-08-15T12:59:47.541+0000][1883.485s][info][gc,phases   ] GC(340)   Other: 0.2ms
[2024-08-15T12:59:47.541+0000][1883.485s][info][gc,heap     ] GC(340) Eden regions: 849->0(841)
[2024-08-15T12:59:47.541+0000][1883.485s][info][gc,heap     ] GC(340) Survivor regions: 41->44(112)
[2024-08-15T12:59:47.541+0000][1883.485s][info][gc,heap     ] GC(340) Old regions: 288->290
[2024-08-15T12:59:47.541+0000][1883.485s][info][gc,heap     ] GC(340) Archive regions: 2->2
[2024-08-15T12:59:47.541+0000][1883.485s][info][gc,heap     ] GC(340) Humongous regions: 7->7
[2024-08-15T12:59:47.541+0000][1883.485s][info][gc,metaspace] GC(340) Metaspace: 421151K(427328K)->421151K(427328K) NonClass: 368158K(371712K)->368158K(371712K) Class: 52993K(55616K)->52993K(55616K)
[2024-08-15T12:59:47.541+0000][1883.485s][info][gc          ] GC(340) Pause Young (Normal) (G1 Evacuation Pause) 9480M->2725M(12288M) 180.696ms
[2024-08-15T12:59:47.541+0000][1883.485s][info][gc,cpu      ] GC(340) User=1.05s Sys=0.00s Real=0.18s
[2024-08-15T12:59:50.069+0000][1886.014s][info][gc,start    ] GC(341) Pause Young (Normal) (G1 Evacuation Pause)
[2024-08-15T12:59:50.070+0000][1886.014s][info][gc,task     ] GC(341) Using 6 workers of 6 for evacuation
[2024-08-15T12:59:50.265+0000][1886.209s][info][gc,phases   ] GC(341)   Pre Evacuate Collection Set: 0.2ms
[2024-08-15T12:59:50.265+0000][1886.209s][info][gc,phases   ] GC(341)   Merge Heap Roots: 0.4ms
[2024-08-15T12:59:50.265+0000][1886.209s][info][gc,phases   ] GC(341)   Evacuate Collection Set: 171.7ms
[2024-08-15T12:59:50.265+0000][1886.209s][info][gc,phases   ] GC(341)   Post Evacuate Collection Set: 22.6ms
[2024-08-15T12:59:50.265+0000][1886.209s][info][gc,phases   ] GC(341)   Other: 0.2ms
[2024-08-15T12:59:50.265+0000][1886.209s][info][gc,heap     ] GC(341) Eden regions: 841->0(739)
[2024-08-15T12:59:50.265+0000][1886.209s][info][gc,heap     ] GC(341) Survivor regions: 44->48(111)
[2024-08-15T12:59:50.265+0000][1886.209s][info][gc,heap     ] GC(341) Old regions: 290->291
[2024-08-15T12:59:50.265+0000][1886.209s][info][gc,heap     ] GC(341) Archive regions: 2->2
[2024-08-15T12:59:50.265+0000][1886.209s][info][gc,heap     ] GC(341) Humongous regions: 7->7
[2024-08-15T12:59:50.265+0000][1886.209s][info][gc,metaspace] GC(341) Metaspace: 421151K(427328K)->421151K(427328K) NonClass: 368158K(371712K)->368158K(371712K) Class: 52993K(55616K)->52993K(55616K)
[2024-08-15T12:59:50.265+0000][1886.209s][info][gc          ] GC(341) Pause Young (Normal) (G1 Evacuation Pause) 9453M->2766M(12288M) 195.251ms
[2024-08-15T12:59:50.265+0000][1886.209s][info][gc,cpu      ] GC(341) User=1.14s Sys=0.00s Real=0.20s
[2024-08-15T12:59:52.434+0000][1888.379s][info][gc,start    ] GC(342) Pause Young (Normal) (G1 Evacuation Pause)
[2024-08-15T12:59:52.434+0000][1888.379s][info][gc,task     ] GC(342) Using 6 workers of 6 for evacuation
[2024-08-15T12:59:52.637+0000][1888.581s][info][gc,mmu      ] GC(342) MMU target violated: 201.0ms (200.0ms/201.0ms)
[2024-08-15T12:59:52.637+0000][1888.581s][info][gc,phases   ] GC(342)   Pre Evacuate Collection Set: 0.2ms
[2024-08-15T12:59:52.637+0000][1888.581s][info][gc,phases   ] GC(342)   Merge Heap Roots: 0.4ms
[2024-08-15T12:59:52.637+0000][1888.581s][info][gc,phases   ] GC(342)   Evacuate Collection Set: 181.3ms
[2024-08-15T12:59:52.637+0000][1888.581s][info][gc,phases   ] GC(342)   Post Evacuate Collection Set: 20.5ms
[2024-08-15T12:59:52.637+0000][1888.581s][info][gc,phases   ] GC(342)   Other: 0.3ms
[2024-08-15T12:59:52.637+0000][1888.581s][info][gc,heap     ] GC(342) Eden regions: 739->0(570)
[2024-08-15T12:59:52.637+0000][1888.581s][info][gc,heap     ] GC(342) Survivor regions: 48->51(99)
[2024-08-15T12:59:52.637+0000][1888.581s][info][gc,heap     ] GC(342) Old regions: 291->292
[2024-08-15T12:59:52.637+0000][1888.581s][info][gc,heap     ] GC(342) Archive regions: 2->2
[2024-08-15T12:59:52.637+0000][1888.581s][info][gc,heap     ] GC(342) Humongous regions: 7->7
[2024-08-15T12:59:52.637+0000][1888.581s][info][gc,metaspace] GC(342) Metaspace: 421151K(427328K)->421151K(427328K) NonClass: 368158K(371712K)->368158K(371712K) Class: 52993K(55616K)->52993K(55616K)
[2024-08-15T12:59:52.637+0000][1888.581s][info][gc          ] GC(342) Pause Young (Normal) (G1 Evacuation Pause) 8678M->2800M(12288M) 202.683ms
[2024-08-15T12:59:52.637+0000][1888.581s][info][gc,cpu      ] GC(342) User=1.20s Sys=0.00s Real=0.21s
[2024-08-15T12:59:54.545+0000][1890.490s][info][gc,start    ] GC(343) Pause Young (Normal) (G1 Evacuation Pause)
[2024-08-15T12:59:54.545+0000][1890.490s][info][gc,task     ] GC(343) Using 6 workers of 6 for evacuation
[2024-08-15T12:59:54.734+0000][1890.678s][info][gc,phases   ] GC(343)   Pre Evacuate Collection Set: 0.2ms
[2024-08-15T12:59:54.734+0000][1890.678s][info][gc,phases   ] GC(343)   Merge Heap Roots: 0.4ms
[2024-08-15T12:59:54.734+0000][1890.678s][info][gc,phases   ] GC(343)   Evacuate Collection Set: 172.9ms
[2024-08-15T12:59:54.734+0000][1890.678s][info][gc,phases   ] GC(343)   Post Evacuate Collection Set: 14.8ms
[2024-08-15T12:59:54.734+0000][1890.678s][info][gc,phases   ] GC(343)   Other: 0.2ms
[2024-08-15T12:59:54.734+0000][1890.679s][info][gc,heap     ] GC(343) Eden regions: 570->0(831)
[2024-08-15T12:59:54.734+0000][1890.679s][info][gc,heap     ] GC(343) Survivor regions: 51->43(78)
[2024-08-15T12:59:54.734+0000][1890.679s][info][gc,heap     ] GC(343) Old regions: 292->302
[2024-08-15T12:59:54.734+0000][1890.679s][info][gc,heap     ] GC(343) Archive regions: 2->2
[2024-08-15T12:59:54.734+0000][1890.679s][info][gc,heap     ] GC(343) Humongous regions: 7->7
[2024-08-15T12:59:54.734+0000][1890.679s][info][gc,metaspace] GC(343) Metaspace: 421151K(427328K)->421151K(427328K) NonClass: 368158K(371712K)->368158K(371712K) Class: 52993K(55616K)->52993K(55616K)
[2024-08-15T12:59:54.734+0000][1890.679s][info][gc          ] GC(343) Pause Young (Normal) (G1 Evacuation Pause) 7360M->2816M(12288M) 188.552ms
[2024-08-15T12:59:54.734+0000][1890.679s][info][gc,cpu      ] GC(343) User=1.12s Sys=0.00s Real=0.18s
[2024-08-15T12:59:57.389+0000][1893.334s][info][gc,start    ] GC(344) Pause Young (Normal) (G1 Evacuation Pause)
[2024-08-15T12:59:57.389+0000][1893.334s][info][gc,task     ] GC(344) Using 6 workers of 6 for evacuation
[2024-08-15T12:59:57.594+0000][1893.538s][info][gc,mmu      ] GC(344) MMU target violated: 201.0ms (200.0ms/201.0ms)
[2024-08-15T12:59:57.594+0000][1893.538s][info][gc,phases   ] GC(344)   Pre Evacuate Collection Set: 0.2ms
[2024-08-15T12:59:57.594+0000][1893.538s][info][gc,phases   ] GC(344)   Merge Heap Roots: 0.5ms
[2024-08-15T12:59:57.594+0000][1893.538s][info][gc,phases   ] GC(344)   Evacuate Collection Set: 181.1ms
[2024-08-15T12:59:57.594+0000][1893.538s][info][gc,phases   ] GC(344)   Post Evacuate Collection Set: 22.3ms
[2024-08-15T12:59:57.594+0000][1893.538s][info][gc,phases   ] GC(344)   Other: 0.3ms
[2024-08-15T12:59:57.594+0000][1893.538s][info][gc,heap     ] GC(344) Eden regions: 831->0(823)
[2024-08-15T12:59:57.594+0000][1893.538s][info][gc,heap     ] GC(344) Survivor regions: 43->47(110)
[2024-08-15T12:59:57.594+0000][1893.538s][info][gc,heap     ] GC(344) Old regions: 302->302
[2024-08-15T12:59:57.594+0000][1893.538s][info][gc,heap     ] GC(344) Archive regions: 2->2
[2024-08-15T12:59:57.594+0000][1893.538s][info][gc,heap     ] GC(344) Humongous regions: 7->7
[2024-08-15T12:59:57.594+0000][1893.538s][info][gc,metaspace] GC(344) Metaspace: 421151K(427328K)->421151K(427328K) NonClass: 368158K(371712K)->368158K(371712K) Class: 52993K(55616K)->52993K(55616K)
[2024-08-15T12:59:57.594+0000][1893.538s][info][gc          ] GC(344) Pause Young (Normal) (G1 Evacuation Pause) 9464M->2848M(12288M) 204.365ms
[2024-08-15T12:59:57.594+0000][1893.538s][info][gc,cpu      ] GC(344) User=1.21s Sys=0.00s Real=0.20s
[2024-08-15T13:00:02.219+0000][1898.164s][info][gc,start    ] GC(345) Pause Young (Normal) (G1 Evacuation Pause)
[2024-08-15T13:00:02.219+0000][1898.164s][info][gc,task     ] GC(345) Using 6 workers of 6 for evacuation
[2024-08-15T13:00:02.340+0000][1898.284s][info][gc,phases   ] GC(345)   Pre Evacuate Collection Set: 0.2ms
[2024-08-15T13:00:02.340+0000][1898.284s][info][gc,phases   ] GC(345)   Merge Heap Roots: 0.5ms
[2024-08-15T13:00:02.340+0000][1898.284s][info][gc,phases   ] GC(345)   Evacuate Collection Set: 113.0ms
[2024-08-15T13:00:02.340+0000][1898.284s][info][gc,phases   ] GC(345)   Post Evacuate Collection Set: 6.5ms
[2024-08-15T13:00:02.340+0000][1898.284s][info][gc,phases   ] GC(345)   Other: 0.3ms
[2024-08-15T13:00:02.340+0000][1898.284s][info][gc,heap     ] GC(345) Eden regions: 823->0(845)
[2024-08-15T13:00:02.340+0000][1898.284s][info][gc,heap     ] GC(345) Survivor regions: 47->36(109)
[2024-08-15T13:00:02.340+0000][1898.284s][info][gc,heap     ] GC(345) Old regions: 302->302
[2024-08-15T13:00:02.340+0000][1898.284s][info][gc,heap     ] GC(345) Archive regions: 2->2
[2024-08-15T13:00:02.340+0000][1898.284s][info][gc,heap     ] GC(345) Humongous regions: 7->7
[2024-08-15T13:00:02.340+0000][1898.284s][info][gc,metaspace] GC(345) Metaspace: 430243K(436480K)->430243K(436480K) NonClass: 375928K(379520K)->375928K(379520K) Class: 54315K(56960K)->54315K(56960K)
[2024-08-15T13:00:02.340+0000][1898.284s][info][gc          ] GC(345) Pause Young (Normal) (G1 Evacuation Pause) 9432M->2764M(12288M) 120.586ms
[2024-08-15T13:00:02.340+0000][1898.284s][info][gc,cpu      ] GC(345) User=0.74s Sys=0.00s Real=0.12s
[2024-08-15T13:00:08.171+0000][1904.115s][info][gc,start    ] GC(346) Pause Young (Normal) (G1 Evacuation Pause)
[2024-08-15T13:00:08.171+0000][1904.115s][info][gc,task     ] GC(346) Using 6 workers of 6 for evacuation
[2024-08-15T13:00:08.295+0000][1904.239s][info][gc,phases   ] GC(346)   Pre Evacuate Collection Set: 0.3ms
[2024-08-15T13:00:08.295+0000][1904.239s][info][gc,phases   ] GC(346)   Merge Heap Roots: 0.4ms
[2024-08-15T13:00:08.295+0000][1904.239s][info][gc,phases   ] GC(346)   Evacuate Collection Set: 119.8ms
[2024-08-15T13:00:08.295+0000][1904.239s][info][gc,phases   ] GC(346)   Post Evacuate Collection Set: 3.0ms
[2024-08-15T13:00:08.295+0000][1904.239s][info][gc,phases   ] GC(346)   Other: 0.3ms
[2024-08-15T13:00:08.295+0000][1904.239s][info][gc,heap     ] GC(346) Eden regions: 845->0(837)
[2024-08-15T13:00:08.295+0000][1904.239s][info][gc,heap     ] GC(346) Survivor regions: 36->40(111)
[2024-08-15T13:00:08.295+0000][1904.239s][info][gc,heap     ] GC(346) Old regions: 302->302
[2024-08-15T13:00:08.295+0000][1904.239s][info][gc,heap     ] GC(346) Archive regions: 2->2
[2024-08-15T13:00:08.295+0000][1904.239s][info][gc,heap     ] GC(346) Humongous regions: 7->7
[2024-08-15T13:00:08.295+0000][1904.239s][info][gc,metaspace] GC(346) Metaspace: 436467K(442880K)->436467K(442880K) NonClass: 381538K(385216K)->381538K(385216K) Class: 54928K(57664K)->54928K(57664K)
[2024-08-15T13:00:08.295+0000][1904.239s][info][gc          ] GC(346) Pause Young (Normal) (G1 Evacuation Pause) 9524M->2792M(12288M) 123.830ms
[2024-08-15T13:00:08.295+0000][1904.239s][info][gc,cpu      ] GC(346) User=0.87s Sys=0.00s Real=0.12s
[2024-08-15T13:00:14.198+0000][1910.143s][info][gc,start    ] GC(347) Pause Young (Normal) (G1 Evacuation Pause)
[2024-08-15T13:00:14.198+0000][1910.143s][info][gc,task     ] GC(347) Using 6 workers of 6 for evacuation
[2024-08-15T13:00:14.337+0000][1910.281s][info][gc,phases   ] GC(347)   Pre Evacuate Collection Set: 0.2ms
[2024-08-15T13:00:14.337+0000][1910.281s][info][gc,phases   ] GC(347)   Merge Heap Roots: 0.4ms
[2024-08-15T13:00:14.337+0000][1910.281s][info][gc,phases   ] GC(347)   Evacuate Collection Set: 135.2ms
[2024-08-15T13:00:14.337+0000][1910.281s][info][gc,phases   ] GC(347)   Post Evacuate Collection Set: 2.6ms
[2024-08-15T13:00:14.337+0000][1910.281s][info][gc,phases   ] GC(347)   Other: 0.3ms
[2024-08-15T13:00:14.337+0000][1910.281s][info][gc,heap     ] GC(347) Eden regions: 837->0(833)
[2024-08-15T13:00:14.337+0000][1910.281s][info][gc,heap     ] GC(347) Survivor regions: 40->42(110)
[2024-08-15T13:00:14.337+0000][1910.281s][info][gc,heap     ] GC(347) Old regions: 302->302
[2024-08-15T13:00:14.337+0000][1910.281s][info][gc,heap     ] GC(347) Archive regions: 2->2
[2024-08-15T13:00:14.337+0000][1910.281s][info][gc,heap     ] GC(347) Humongous regions: 7->7
[2024-08-15T13:00:14.337+0000][1910.281s][info][gc,metaspace] GC(347) Metaspace: 436993K(443392K)->436993K(443392K) NonClass: 382062K(385728K)->382062K(385728K) Class: 54930K(57664K)->54930K(57664K)
[2024-08-15T13:00:14.337+0000][1910.281s][info][gc          ] GC(347) Pause Young (Normal) (G1 Evacuation Pause) 9488M->2808M(12288M) 138.779ms
[2024-08-15T13:00:14.337+0000][1910.281s][info][gc,cpu      ] GC(347) User=1.09s Sys=0.00s Real=0.14s
[2024-08-15T13:00:19.975+0000][1915.920s][info][gc,start    ] GC(348) Pause Young (Normal) (G1 Evacuation Pause)
[2024-08-15T13:00:19.975+0000][1915.920s][info][gc,task     ] GC(348) Using 6 workers of 6 for evacuation
[2024-08-15T13:00:20.102+0000][1916.047s][info][gc,phases   ] GC(348)   Pre Evacuate Collection Set: 0.2ms
[2024-08-15T13:00:20.102+0000][1916.047s][info][gc,phases   ] GC(348)   Merge Heap Roots: 0.4ms
[2024-08-15T13:00:20.102+0000][1916.047s][info][gc,phases   ] GC(348)   Evacuate Collection Set: 123.8ms
[2024-08-15T13:00:20.102+0000][1916.047s][info][gc,phases   ] GC(348)   Post Evacuate Collection Set: 2.7ms
[2024-08-15T13:00:20.102+0000][1916.047s][info][gc,phases   ] GC(348)   Other: 0.3ms
[2024-08-15T13:00:20.102+0000][1916.047s][info][gc,heap     ] GC(348) Eden regions: 833->0(825)
[2024-08-15T13:00:20.102+0000][1916.047s][info][gc,heap     ] GC(348) Survivor regions: 42->46(110)
[2024-08-15T13:00:20.102+0000][1916.047s][info][gc,heap     ] GC(348) Old regions: 302->302
[2024-08-15T13:00:20.102+0000][1916.047s][info][gc,heap     ] GC(348) Archive regions: 2->2
[2024-08-15T13:00:20.102+0000][1916.047s][info][gc,heap     ] GC(348) Humongous regions: 7->7
[2024-08-15T13:00:20.102+0000][1916.047s][info][gc,metaspace] GC(348) Metaspace: 437346K(443712K)->437346K(443712K) NonClass: 382415K(386048K)->382415K(386048K) Class: 54931K(57664K)->54931K(57664K)
[2024-08-15T13:00:20.102+0000][1916.047s][info][gc          ] GC(348) Pause Young (Normal) (G1 Evacuation Pause) 9472M->2840M(12288M) 127.448ms
[2024-08-15T13:00:20.102+0000][1916.047s][info][gc,cpu      ] GC(348) User=0.76s Sys=0.00s Real=0.13s
[2024-08-15T13:00:25.333+0000][1921.278s][info][gc,start    ] GC(349) Pause Young (Normal) (G1 Evacuation Pause)
[2024-08-15T13:00:25.333+0000][1921.278s][info][gc,task     ] GC(349) Using 6 workers of 6 for evacuation
[2024-08-15T13:00:25.467+0000][1921.412s][info][gc,phases   ] GC(349)   Pre Evacuate Collection Set: 0.2ms
[2024-08-15T13:00:25.467+0000][1921.412s][info][gc,phases   ] GC(349)   Merge Heap Roots: 0.4ms
[2024-08-15T13:00:25.467+0000][1921.412s][info][gc,phases   ] GC(349)   Evacuate Collection Set: 130.5ms
[2024-08-15T13:00:25.467+0000][1921.412s][info][gc,phases   ] GC(349)   Post Evacuate Collection Set: 3.1ms
[2024-08-15T13:00:25.467+0000][1921.412s][info][gc,phases   ] GC(349)   Other: 0.3ms
[2024-08-15T13:00:25.467+0000][1921.412s][info][gc,heap     ] GC(349) Eden regions: 825->0(823)
[2024-08-15T13:00:25.467+0000][1921.412s][info][gc,heap     ] GC(349) Survivor regions: 46->47(109)
[2024-08-15T13:00:25.467+0000][1921.412s][info][gc,heap     ] GC(349) Old regions: 302->302
[2024-08-15T13:00:25.467+0000][1921.412s][info][gc,heap     ] GC(349) Archive regions: 2->2
[2024-08-15T13:00:25.467+0000][1921.412s][info][gc,heap     ] GC(349) Humongous regions: 7->7
[2024-08-15T13:00:25.468+0000][1921.412s][info][gc,metaspace] GC(349) Metaspace: 437469K(443840K)->437469K(443840K) NonClass: 382538K(386176K)->382538K(386176K) Class: 54931K(57664K)->54931K(57664K)
[2024-08-15T13:00:25.468+0000][1921.412s][info][gc          ] GC(349) Pause Young (Normal) (G1 Evacuation Pause) 9440M->2848M(12288M) 134.540ms
[2024-08-15T13:00:25.468+0000][1921.412s][info][gc,cpu      ] GC(349) User=0.81s Sys=0.00s Real=0.14s
[2024-08-15T13:00:30.060+0000][1926.004s][info][gc,start    ] GC(350) Pause Young (Normal) (G1 Evacuation Pause)
[2024-08-15T13:00:30.060+0000][1926.004s][info][gc,task     ] GC(350) Using 6 workers of 6 for evacuation
[2024-08-15T13:00:30.197+0000][1926.142s][info][gc,phases   ] GC(350)   Pre Evacuate Collection Set: 0.2ms
[2024-08-15T13:00:30.197+0000][1926.142s][info][gc,phases   ] GC(350)   Merge Heap Roots: 0.4ms
[2024-08-15T13:00:30.197+0000][1926.142s][info][gc,phases   ] GC(350)   Evacuate Collection Set: 133.9ms
[2024-08-15T13:00:30.197+0000][1926.142s][info][gc,phases   ] GC(350)   Post Evacuate Collection Set: 2.8ms
[2024-08-15T13:00:30.197+0000][1926.142s][info][gc,phases   ] GC(350)   Other: 0.2ms
[2024-08-15T13:00:30.197+0000][1926.142s][info][gc,heap     ] GC(350) Eden regions: 823->0(823)
[2024-08-15T13:00:30.197+0000][1926.142s][info][gc,heap     ] GC(350) Survivor regions: 47->46(109)
[2024-08-15T13:00:30.197+0000][1926.142s][info][gc,heap     ] GC(350) Old regions: 302->304
[2024-08-15T13:00:30.197+0000][1926.142s][info][gc,heap     ] GC(350) Archive regions: 2->2
[2024-08-15T13:00:30.197+0000][1926.142s][info][gc,heap     ] GC(350) Humongous regions: 7->7
[2024-08-15T13:00:30.197+0000][1926.142s][info][gc,metaspace] GC(350) Metaspace: 437617K(443968K)->437617K(443968K) NonClass: 382685K(386304K)->382685K(386304K) Class: 54932K(57664K)->54932K(57664K)
[2024-08-15T13:00:30.197+0000][1926.142s][info][gc          ] GC(350) Pause Young (Normal) (G1 Evacuation Pause) 9432M->2855M(12288M) 137.478ms
[2024-08-15T13:00:30.197+0000][1926.142s][info][gc,cpu      ] GC(350) User=0.82s Sys=0.00s Real=0.14s
[2024-08-15T13:00:34.413+0000][1930.358s][info][gc,start    ] GC(351) Pause Young (Normal) (G1 Evacuation Pause)
[2024-08-15T13:00:34.413+0000][1930.358s][info][gc,task     ] GC(351) Using 6 workers of 6 for evacuation
[2024-08-15T13:00:34.552+0000][1930.497s][info][gc,phases   ] GC(351)   Pre Evacuate Collection Set: 0.2ms
[2024-08-15T13:00:34.552+0000][1930.497s][info][gc,phases   ] GC(351)   Merge Heap Roots: 0.4ms
[2024-08-15T13:00:34.552+0000][1930.497s][info][gc,phases   ] GC(351)   Evacuate Collection Set: 135.4ms
[2024-08-15T13:00:34.552+0000][1930.497s][info][gc,phases   ] GC(351)   Post Evacuate Collection Set: 2.8ms
[2024-08-15T13:00:34.552+0000][1930.497s][info][gc,phases   ] GC(351)   Other: 0.2ms
[2024-08-15T13:00:34.552+0000][1930.497s][info][gc,heap     ] GC(351) Eden regions: 823->0(821)
[2024-08-15T13:00:34.552+0000][1930.497s][info][gc,heap     ] GC(351) Survivor regions: 46->46(109)
[2024-08-15T13:00:34.552+0000][1930.497s][info][gc,heap     ] GC(351) Old regions: 304->306
[2024-08-15T13:00:34.552+0000][1930.497s][info][gc,heap     ] GC(351) Archive regions: 2->2
[2024-08-15T13:00:34.552+0000][1930.497s][info][gc,heap     ] GC(351) Humongous regions: 7->7
[2024-08-15T13:00:34.552+0000][1930.497s][info][gc,metaspace] GC(351) Metaspace: 437952K(444288K)->437952K(444288K) NonClass: 383020K(386624K)->383020K(386624K) Class: 54932K(57664K)->54932K(57664K)
[2024-08-15T13:00:34.552+0000][1930.497s][info][gc          ] GC(351) Pause Young (Normal) (G1 Evacuation Pause) 9439M->2876M(12288M) 138.977ms
[2024-08-15T13:00:34.552+0000][1930.497s][info][gc,cpu      ] GC(351) User=0.83s Sys=0.00s Real=0.14s
[2024-08-15T13:00:39.721+0000][1935.665s][info][gc,start    ] GC(352) Pause Young (Normal) (G1 Evacuation Pause)
[2024-08-15T13:00:39.721+0000][1935.665s][info][gc,task     ] GC(352) Using 6 workers of 6 for evacuation
[2024-08-15T13:00:39.863+0000][1935.808s][info][gc,phases   ] GC(352)   Pre Evacuate Collection Set: 0.2ms
[2024-08-15T13:00:39.863+0000][1935.808s][info][gc,phases   ] GC(352)   Merge Heap Roots: 0.4ms
[2024-08-15T13:00:39.863+0000][1935.808s][info][gc,phases   ] GC(352)   Evacuate Collection Set: 139.4ms
[2024-08-15T13:00:39.863+0000][1935.808s][info][gc,phases   ] GC(352)   Post Evacuate Collection Set: 2.7ms
[2024-08-15T13:00:39.863+0000][1935.808s][info][gc,phases   ] GC(352)   Other: 0.2ms
[2024-08-15T13:00:39.863+0000][1935.808s][info][gc,heap     ] GC(352) Eden regions: 821->0(812)
[2024-08-15T13:00:39.863+0000][1935.808s][info][gc,heap     ] GC(352) Survivor regions: 46->49(109)
[2024-08-15T13:00:39.863+0000][1935.808s][info][gc,heap     ] GC(352) Old regions: 306->309
[2024-08-15T13:00:39.863+0000][1935.808s][info][gc,heap     ] GC(352) Archive regions: 2->2
[2024-08-15T13:00:39.863+0000][1935.808s][info][gc,heap     ] GC(352) Humongous regions: 7->7
[2024-08-15T13:00:39.863+0000][1935.808s][info][gc,metaspace] GC(352) Metaspace: 438002K(444352K)->438002K(444352K) NonClass: 383069K(386688K)->383069K(386688K) Class: 54932K(57664K)->54932K(57664K)
[2024-08-15T13:00:39.864+0000][1935.808s][info][gc          ] GC(352) Pause Young (Normal) (G1 Evacuation Pause) 9444M->2917M(12288M) 142.954ms
[2024-08-15T13:00:39.864+0000][1935.808s][info][gc,cpu      ] GC(352) User=0.86s Sys=0.00s Real=0.15s
[2024-08-15T13:00:44.995+0000][1940.940s][info][gc,start    ] GC(353) Pause Young (Normal) (G1 Evacuation Pause)
[2024-08-15T13:00:44.995+0000][1940.940s][info][gc,task     ] GC(353) Using 6 workers of 6 for evacuation
[2024-08-15T13:00:45.135+0000][1941.079s][info][gc,phases   ] GC(353)   Pre Evacuate Collection Set: 0.2ms
[2024-08-15T13:00:45.135+0000][1941.079s][info][gc,phases   ] GC(353)   Merge Heap Roots: 0.4ms
[2024-08-15T13:00:45.135+0000][1941.080s][info][gc,phases   ] GC(353)   Evacuate Collection Set: 135.8ms
[2024-08-15T13:00:45.135+0000][1941.080s][info][gc,phases   ] GC(353)   Post Evacuate Collection Set: 2.9ms
[2024-08-15T13:00:45.135+0000][1941.080s][info][gc,phases   ] GC(353)   Other: 0.3ms
[2024-08-15T13:00:45.135+0000][1941.080s][info][gc,heap     ] GC(353) Eden regions: 812->0(813)
[2024-08-15T13:00:45.135+0000][1941.080s][info][gc,heap     ] GC(353) Survivor regions: 49->46(108)
[2024-08-15T13:00:45.135+0000][1941.080s][info][gc,heap     ] GC(353) Old regions: 309->314
[2024-08-15T13:00:45.135+0000][1941.080s][info][gc,heap     ] GC(353) Archive regions: 2->2
[2024-08-15T13:00:45.135+0000][1941.080s][info][gc,heap     ] GC(353) Humongous regions: 7->7
[2024-08-15T13:00:45.135+0000][1941.080s][info][gc,metaspace] GC(353) Metaspace: 438053K(444416K)->438053K(444416K) NonClass: 383120K(386752K)->383120K(386752K) Class: 54932K(57664K)->54932K(57664K)
[2024-08-15T13:00:45.135+0000][1941.080s][info][gc          ] GC(353) Pause Young (Normal) (G1 Evacuation Pause) 9413M->2931M(12288M) 139.579ms
[2024-08-15T13:00:45.135+0000][1941.080s][info][gc,cpu      ] GC(353) User=0.83s Sys=0.00s Real=0.13s
[2024-08-15T13:00:50.247+0000][1946.192s][info][gc,start    ] GC(354) Pause Young (Normal) (G1 Evacuation Pause)
[2024-08-15T13:00:50.247+0000][1946.192s][info][gc,task     ] GC(354) Using 6 workers of 6 for evacuation
[2024-08-15T13:00:50.379+0000][1946.324s][info][gc,phases   ] GC(354)   Pre Evacuate Collection Set: 0.2ms
[2024-08-15T13:00:50.379+0000][1946.324s][info][gc,phases   ] GC(354)   Merge Heap Roots: 0.3ms
[2024-08-15T13:00:50.379+0000][1946.324s][info][gc,phases   ] GC(354)   Evacuate Collection Set: 128.7ms
[2024-08-15T13:00:50.379+0000][1946.324s][info][gc,phases   ] GC(354)   Post Evacuate Collection Set: 2.8ms
[2024-08-15T13:00:50.379+0000][1946.324s][info][gc,phases   ] GC(354)   Other: 0.3ms
[2024-08-15T13:00:50.379+0000][1946.324s][info][gc,heap     ] GC(354) Eden regions: 813->0(807)
[2024-08-15T13:00:50.379+0000][1946.324s][info][gc,heap     ] GC(354) Survivor regions: 46->48(108)
[2024-08-15T13:00:50.379+0000][1946.324s][info][gc,heap     ] GC(354) Old regions: 314->316
[2024-08-15T13:00:50.379+0000][1946.324s][info][gc,heap     ] GC(354) Archive regions: 2->2
[2024-08-15T13:00:50.379+0000][1946.324s][info][gc,heap     ] GC(354) Humongous regions: 7->7
[2024-08-15T13:00:50.379+0000][1946.324s][info][gc,metaspace] GC(354) Metaspace: 438175K(444480K)->438175K(444480K) NonClass: 383242K(386816K)->383242K(386816K) Class: 54932K(57664K)->54932K(57664K)
[2024-08-15T13:00:50.379+0000][1946.324s][info][gc          ] GC(354) Pause Young (Normal) (G1 Evacuation Pause) 9435M->2963M(12288M) 132.413ms
[2024-08-15T13:00:50.379+0000][1946.324s][info][gc,cpu      ] GC(354) User=0.79s Sys=0.00s Real=0.13s
[2024-08-15T13:00:55.102+0000][1951.047s][info][gc,start    ] GC(355) Pause Young (Normal) (G1 Evacuation Pause)
[2024-08-15T13:00:55.102+0000][1951.047s][info][gc,task     ] GC(355) Using 6 workers of 6 for evacuation
[2024-08-15T13:00:55.229+0000][1951.174s][info][gc,phases   ] GC(355)   Pre Evacuate Collection Set: 0.2ms
[2024-08-15T13:00:55.229+0000][1951.174s][info][gc,phases   ] GC(355)   Merge Heap Roots: 0.3ms
[2024-08-15T13:00:55.229+0000][1951.174s][info][gc,phases   ] GC(355)   Evacuate Collection Set: 123.4ms
[2024-08-15T13:00:55.229+0000][1951.174s][info][gc,phases   ] GC(355)   Post Evacuate Collection Set: 2.8ms
[2024-08-15T13:00:55.229+0000][1951.174s][info][gc,phases   ] GC(355)   Other: 0.2ms
[2024-08-15T13:00:55.229+0000][1951.174s][info][gc,heap     ] GC(355) Eden regions: 807->0(811)
[2024-08-15T13:00:55.229+0000][1951.174s][info][gc,heap     ] GC(355) Survivor regions: 48->45(107)
[2024-08-15T13:00:55.229+0000][1951.174s][info][gc,heap     ] GC(355) Old regions: 316->318
[2024-08-15T13:00:55.229+0000][1951.174s][info][gc,heap     ] GC(355) Archive regions: 2->2
[2024-08-15T13:00:55.229+0000][1951.174s][info][gc,heap     ] GC(355) Humongous regions: 7->7
[2024-08-15T13:00:55.229+0000][1951.174s][info][gc,metaspace] GC(355) Metaspace: 438191K(444544K)->438191K(444544K) NonClass: 383259K(386880K)->383259K(386880K) Class: 54932K(57664K)->54932K(57664K)
[2024-08-15T13:00:55.229+0000][1951.174s][info][gc          ] GC(355) Pause Young (Normal) (G1 Evacuation Pause) 9419M->2955M(12288M) 126.923ms
[2024-08-15T13:00:55.229+0000][1951.174s][info][gc,cpu      ] GC(355) User=0.76s Sys=0.00s Real=0.13s
[2024-08-15T13:01:00.313+0000][1956.257s][info][gc,start    ] GC(356) Pause Young (Normal) (G1 Evacuation Pause)
[2024-08-15T13:01:00.313+0000][1956.257s][info][gc,task     ] GC(356) Using 6 workers of 6 for evacuation
[2024-08-15T13:01:00.442+0000][1956.387s][info][gc,phases   ] GC(356)   Pre Evacuate Collection Set: 0.2ms
[2024-08-15T13:01:00.442+0000][1956.387s][info][gc,phases   ] GC(356)   Merge Heap Roots: 0.3ms
[2024-08-15T13:01:00.442+0000][1956.387s][info][gc,phases   ] GC(356)   Evacuate Collection Set: 126.2ms
[2024-08-15T13:01:00.442+0000][1956.387s][info][gc,phases   ] GC(356)   Post Evacuate Collection Set: 2.8ms
[2024-08-15T13:01:00.442+0000][1956.387s][info][gc,phases   ] GC(356)   Other: 0.2ms
[2024-08-15T13:01:00.442+0000][1956.387s][info][gc,heap     ] GC(356) Eden regions: 811->0(808)
[2024-08-15T13:01:00.442+0000][1956.387s][info][gc,heap     ] GC(356) Survivor regions: 45->44(107)
[2024-08-15T13:01:00.442+0000][1956.387s][info][gc,heap     ] GC(356) Old regions: 318->323
[2024-08-15T13:01:00.442+0000][1956.387s][info][gc,heap     ] GC(356) Archive regions: 2->2
[2024-08-15T13:01:00.442+0000][1956.387s][info][gc,heap     ] GC(356) Humongous regions: 7->7
[2024-08-15T13:01:00.442+0000][1956.387s][info][gc,metaspace] GC(356) Metaspace: 438585K(444928K)->438585K(444928K) NonClass: 383652K(387264K)->383652K(387264K) Class: 54932K(57664K)->54932K(57664K)
[2024-08-15T13:01:00.442+0000][1956.387s][info][gc          ] GC(356) Pause Young (Normal) (G1 Evacuation Pause) 9443M->2985M(12288M) 129.802ms
[2024-08-15T13:01:00.443+0000][1956.387s][info][gc,cpu      ] GC(356) User=0.77s Sys=0.00s Real=0.13s
[2024-08-15T13:01:05.448+0000][1961.393s][info][gc,start    ] GC(357) Pause Young (Normal) (G1 Evacuation Pause)
[2024-08-15T13:01:05.448+0000][1961.393s][info][gc,task     ] GC(357) Using 6 workers of 6 for evacuation
[2024-08-15T13:01:05.567+0000][1961.511s][info][gc,phases   ] GC(357)   Pre Evacuate Collection Set: 0.2ms
[2024-08-15T13:01:05.567+0000][1961.511s][info][gc,phases   ] GC(357)   Merge Heap Roots: 0.3ms
[2024-08-15T13:01:05.567+0000][1961.511s][info][gc,phases   ] GC(357)   Evacuate Collection Set: 115.5ms
[2024-08-15T13:01:05.567+0000][1961.511s][info][gc,phases   ] GC(357)   Post Evacuate Collection Set: 2.7ms
[2024-08-15T13:01:05.567+0000][1961.511s][info][gc,phases   ] GC(357)   Other: 0.2ms
[2024-08-15T13:01:05.567+0000][1961.512s][info][gc,heap     ] GC(357) Eden regions: 808->0(804)
[2024-08-15T13:01:05.567+0000][1961.512s][info][gc,heap     ] GC(357) Survivor regions: 44->45(107)
[2024-08-15T13:01:05.567+0000][1961.512s][info][gc,heap     ] GC(357) Old regions: 323->325
[2024-08-15T13:01:05.567+0000][1961.512s][info][gc,heap     ] GC(357) Archive regions: 2->2
[2024-08-15T13:01:05.567+0000][1961.512s][info][gc,heap     ] GC(357) Humongous regions: 7->7
[2024-08-15T13:01:05.567+0000][1961.512s][info][gc,metaspace] GC(357) Metaspace: 438585K(444928K)->438585K(444928K) NonClass: 383652K(387264K)->383652K(387264K) Class: 54932K(57664K)->54932K(57664K)
[2024-08-15T13:01:05.567+0000][1961.512s][info][gc          ] GC(357) Pause Young (Normal) (G1 Evacuation Pause) 9449M->3009M(12288M) 118.934ms
[2024-08-15T13:01:05.567+0000][1961.512s][info][gc,cpu      ] GC(357) User=0.71s Sys=0.00s Real=0.12s
[2024-08-15T13:01:10.424+0000][1966.369s][info][gc,start    ] GC(358) Pause Young (Normal) (G1 Evacuation Pause)
[2024-08-15T13:01:10.424+0000][1966.369s][info][gc,task     ] GC(358) Using 6 workers of 6 for evacuation
[2024-08-15T13:01:10.544+0000][1966.488s][info][gc,phases   ] GC(358)   Pre Evacuate Collection Set: 0.2ms
[2024-08-15T13:01:10.544+0000][1966.488s][info][gc,phases   ] GC(358)   Merge Heap Roots: 0.3ms
[2024-08-15T13:01:10.544+0000][1966.488s][info][gc,phases   ] GC(358)   Evacuate Collection Set: 116.2ms
[2024-08-15T13:01:10.544+0000][1966.488s][info][gc,phases   ] GC(358)   Post Evacuate Collection Set: 2.7ms
[2024-08-15T13:01:10.544+0000][1966.488s][info][gc,phases   ] GC(358)   Other: 0.2ms
[2024-08-15T13:01:10.544+0000][1966.488s][info][gc,heap     ] GC(358) Eden regions: 804->0(804)
[2024-08-15T13:01:10.544+0000][1966.488s][info][gc,heap     ] GC(358) Survivor regions: 45->45(107)
[2024-08-15T13:01:10.544+0000][1966.488s][info][gc,heap     ] GC(358) Old regions: 325->325
[2024-08-15T13:01:10.544+0000][1966.488s][info][gc,heap     ] GC(358) Archive regions: 2->2
[2024-08-15T13:01:10.544+0000][1966.488s][info][gc,heap     ] GC(358) Humongous regions: 7->7
[2024-08-15T13:01:10.544+0000][1966.488s][info][gc,metaspace] GC(358) Metaspace: 438589K(444928K)->438589K(444928K) NonClass: 383656K(387264K)->383656K(387264K) Class: 54932K(57664K)->54932K(57664K)
[2024-08-15T13:01:10.544+0000][1966.488s][info][gc          ] GC(358) Pause Young (Normal) (G1 Evacuation Pause) 9441M->3020M(12288M) 119.733ms
[2024-08-15T13:01:10.544+0000][1966.488s][info][gc,cpu      ] GC(358) User=0.72s Sys=0.00s Real=0.12s
[2024-08-15T13:01:15.678+0000][1971.623s][info][gc,start    ] GC(359) Pause Young (Normal) (G1 Evacuation Pause)
[2024-08-15T13:01:15.678+0000][1971.623s][info][gc,task     ] GC(359) Using 6 workers of 6 for evacuation
[2024-08-15T13:01:15.801+0000][1971.745s][info][gc,phases   ] GC(359)   Pre Evacuate Collection Set: 0.2ms
[2024-08-15T13:01:15.801+0000][1971.745s][info][gc,phases   ] GC(359)   Merge Heap Roots: 0.3ms
[2024-08-15T13:01:15.801+0000][1971.745s][info][gc,phases   ] GC(359)   Evacuate Collection Set: 119.1ms
[2024-08-15T13:01:15.801+0000][1971.745s][info][gc,phases   ] GC(359)   Post Evacuate Collection Set: 2.7ms
[2024-08-15T13:01:15.801+0000][1971.745s][info][gc,phases   ] GC(359)   Other: 0.2ms
[2024-08-15T13:01:15.801+0000][1971.745s][info][gc,heap     ] GC(359) Eden regions: 804->0(804)
[2024-08-15T13:01:15.801+0000][1971.745s][info][gc,heap     ] GC(359) Survivor regions: 45->43(107)
[2024-08-15T13:01:15.801+0000][1971.745s][info][gc,heap     ] GC(359) Old regions: 325->329
[2024-08-15T13:01:15.801+0000][1971.745s][info][gc,heap     ] GC(359) Archive regions: 2->2
[2024-08-15T13:01:15.801+0000][1971.745s][info][gc,heap     ] GC(359) Humongous regions: 7->7
[2024-08-15T13:01:15.801+0000][1971.745s][info][gc,metaspace] GC(359) Metaspace: 438595K(444928K)->438595K(444928K) NonClass: 383662K(387264K)->383662K(387264K) Class: 54932K(57664K)->54932K(57664K)
[2024-08-15T13:01:15.801+0000][1971.745s][info][gc          ] GC(359) Pause Young (Normal) (G1 Evacuation Pause) 9452M->3031M(12288M) 122.603ms
[2024-08-15T13:01:15.801+0000][1971.745s][info][gc,cpu      ] GC(359) User=0.73s Sys=0.00s Real=0.12s
[2024-08-15T13:01:20.735+0000][1976.679s][info][gc,start    ] GC(360) Pause Young (Normal) (G1 Evacuation Pause)
[2024-08-15T13:01:20.735+0000][1976.679s][info][gc,task     ] GC(360) Using 6 workers of 6 for evacuation
[2024-08-15T13:01:20.850+0000][1976.795s][info][gc,phases   ] GC(360)   Pre Evacuate Collection Set: 0.2ms
[2024-08-15T13:01:20.850+0000][1976.795s][info][gc,phases   ] GC(360)   Merge Heap Roots: 0.3ms
[2024-08-15T13:01:20.850+0000][1976.795s][info][gc,phases   ] GC(360)   Evacuate Collection Set: 112.2ms
[2024-08-15T13:01:20.850+0000][1976.795s][info][gc,phases   ] GC(360)   Post Evacuate Collection Set: 2.7ms
[2024-08-15T13:01:20.850+0000][1976.795s][info][gc,phases   ] GC(360)   Other: 0.2ms
[2024-08-15T13:01:20.850+0000][1976.795s][info][gc,heap     ] GC(360) Eden regions: 804->0(798)
[2024-08-15T13:01:20.850+0000][1976.795s][info][gc,heap     ] GC(360) Survivor regions: 43->45(106)
[2024-08-15T13:01:20.850+0000][1976.795s][info][gc,heap     ] GC(360) Old regions: 329->331
[2024-08-15T13:01:20.850+0000][1976.795s][info][gc,heap     ] GC(360) Archive regions: 2->2
[2024-08-15T13:01:20.850+0000][1976.795s][info][gc,heap     ] GC(360) Humongous regions: 7->7
[2024-08-15T13:01:20.850+0000][1976.795s][info][gc,metaspace] GC(360) Metaspace: 438595K(444928K)->438595K(444928K) NonClass: 383662K(387264K)->383662K(387264K) Class: 54932K(57664K)->54932K(57664K)
[2024-08-15T13:01:20.850+0000][1976.795s][info][gc          ] GC(360) Pause Young (Normal) (G1 Evacuation Pause) 9463M->3065M(12288M) 115.727ms
[2024-08-15T13:01:20.851+0000][1976.795s][info][gc,cpu      ] GC(360) User=0.70s Sys=0.00s Real=0.12s
[2024-08-15T13:01:25.855+0000][1981.800s][info][gc,start    ] GC(361) Pause Young (Normal) (G1 Evacuation Pause)
[2024-08-15T13:01:25.855+0000][1981.800s][info][gc,task     ] GC(361) Using 6 workers of 6 for evacuation
[2024-08-15T13:01:25.977+0000][1981.922s][info][gc,phases   ] GC(361)   Pre Evacuate Collection Set: 0.2ms
[2024-08-15T13:01:25.977+0000][1981.922s][info][gc,phases   ] GC(361)   Merge Heap Roots: 0.3ms
[2024-08-15T13:01:25.977+0000][1981.922s][info][gc,phases   ] GC(361)   Evacuate Collection Set: 119.1ms
[2024-08-15T13:01:25.977+0000][1981.922s][info][gc,phases   ] GC(361)   Post Evacuate Collection Set: 2.6ms
[2024-08-15T13:01:25.977+0000][1981.922s][info][gc,phases   ] GC(361)   Other: 0.3ms
[2024-08-15T13:01:25.977+0000][1981.922s][info][gc,heap     ] GC(361) Eden regions: 798->0(794)
[2024-08-15T13:01:25.977+0000][1981.922s][info][gc,heap     ] GC(361) Survivor regions: 45->46(106)
[2024-08-15T13:01:25.977+0000][1981.922s][info][gc,heap     ] GC(361) Old regions: 331->333
[2024-08-15T13:01:25.977+0000][1981.922s][info][gc,heap     ] GC(361) Archive regions: 2->2
[2024-08-15T13:01:25.977+0000][1981.922s][info][gc,heap     ] GC(361) Humongous regions: 7->7
[2024-08-15T13:01:25.977+0000][1981.922s][info][gc,metaspace] GC(361) Metaspace: 438606K(444928K)->438606K(444928K) NonClass: 383673K(387264K)->383673K(387264K) Class: 54932K(57664K)->54932K(57664K)
[2024-08-15T13:01:25.977+0000][1981.922s][info][gc          ] GC(361) Pause Young (Normal) (G1 Evacuation Pause) 9449M->3086M(12288M) 122.494ms
[2024-08-15T13:01:25.977+0000][1981.922s][info][gc,cpu      ] GC(361) User=0.73s Sys=0.00s Real=0.13s
[2024-08-15T13:01:31.006+0000][1986.950s][info][gc,start    ] GC(362) Pause Young (Normal) (G1 Evacuation Pause)
[2024-08-15T13:01:31.006+0000][1986.950s][info][gc,task     ] GC(362) Using 6 workers of 6 for evacuation
[2024-08-15T13:01:31.128+0000][1987.072s][info][gc,phases   ] GC(362)   Pre Evacuate Collection Set: 0.2ms
[2024-08-15T13:01:31.128+0000][1987.072s][info][gc,phases   ] GC(362)   Merge Heap Roots: 0.2ms
[2024-08-15T13:01:31.128+0000][1987.072s][info][gc,phases   ] GC(362)   Evacuate Collection Set: 118.7ms
[2024-08-15T13:01:31.128+0000][1987.072s][info][gc,phases   ] GC(362)   Post Evacuate Collection Set: 2.6ms
[2024-08-15T13:01:31.128+0000][1987.072s][info][gc,phases   ] GC(362)   Other: 0.2ms
[2024-08-15T13:01:31.128+0000][1987.072s][info][gc,heap     ] GC(362) Eden regions: 794->0(793)
[2024-08-15T13:01:31.128+0000][1987.072s][info][gc,heap     ] GC(362) Survivor regions: 46->45(105)
[2024-08-15T13:01:31.128+0000][1987.072s][info][gc,heap     ] GC(362) Old regions: 333->336
[2024-08-15T13:01:31.128+0000][1987.072s][info][gc,heap     ] GC(362) Archive regions: 2->2
[2024-08-15T13:01:31.128+0000][1987.072s][info][gc,heap     ] GC(362) Humongous regions: 7->7
[2024-08-15T13:01:31.128+0000][1987.072s][info][gc,metaspace] GC(362) Metaspace: 438611K(444928K)->438611K(444928K) NonClass: 383678K(387264K)->383678K(387264K) Class: 54932K(57664K)->54932K(57664K)
[2024-08-15T13:01:31.128+0000][1987.072s][info][gc          ] GC(362) Pause Young (Normal) (G1 Evacuation Pause) 9438M->3102M(12288M) 121.930ms
[2024-08-15T13:01:31.128+0000][1987.072s][info][gc,cpu      ] GC(362) User=0.72s Sys=0.00s Real=0.12s
[2024-08-15T13:01:36.051+0000][1991.996s][info][gc,start    ] GC(363) Pause Young (Normal) (G1 Evacuation Pause)
[2024-08-15T13:01:36.051+0000][1991.996s][info][gc,task     ] GC(363) Using 6 workers of 6 for evacuation
[2024-08-15T13:01:36.171+0000][1992.116s][info][gc,phases   ] GC(363)   Pre Evacuate Collection Set: 0.2ms
[2024-08-15T13:01:36.171+0000][1992.116s][info][gc,phases   ] GC(363)   Merge Heap Roots: 0.2ms
[2024-08-15T13:01:36.171+0000][1992.116s][info][gc,phases   ] GC(363)   Evacuate Collection Set: 117.0ms
[2024-08-15T13:01:36.171+0000][1992.116s][info][gc,phases   ] GC(363)   Post Evacuate Collection Set: 2.6ms
[2024-08-15T13:01:36.171+0000][1992.116s][info][gc,phases   ] GC(363)   Other: 0.3ms
[2024-08-15T13:01:36.171+0000][1992.116s][info][gc,heap     ] GC(363) Eden regions: 793->0(785)
[2024-08-15T13:01:36.171+0000][1992.116s][info][gc,heap     ] GC(363) Survivor regions: 45->48(105)
[2024-08-15T13:01:36.171+0000][1992.116s][info][gc,heap     ] GC(363) Old regions: 336->338
[2024-08-15T13:01:36.171+0000][1992.116s][info][gc,heap     ] GC(363) Archive regions: 2->2
[2024-08-15T13:01:36.171+0000][1992.116s][info][gc,heap     ] GC(363) Humongous regions: 7->7
[2024-08-15T13:01:36.171+0000][1992.116s][info][gc,metaspace] GC(363) Metaspace: 438621K(444992K)->438621K(444992K) NonClass: 383689K(387328K)->383689K(387328K) Class: 54932K(57664K)->54932K(57664K)
[2024-08-15T13:01:36.171+0000][1992.116s][info][gc          ] GC(363) Pause Young (Normal) (G1 Evacuation Pause) 9446M->3142M(12288M) 120.430ms
[2024-08-15T13:01:36.171+0000][1992.116s][info][gc,cpu      ] GC(363) User=0.72s Sys=0.00s Real=0.12s
[2024-08-15T13:01:40.968+0000][1996.912s][info][gc,start    ] GC(364) Pause Young (Normal) (G1 Evacuation Pause)
[2024-08-15T13:01:40.968+0000][1996.912s][info][gc,task     ] GC(364) Using 6 workers of 6 for evacuation
[2024-08-15T13:01:41.090+0000][1997.035s][info][gc,phases   ] GC(364)   Pre Evacuate Collection Set: 0.2ms
[2024-08-15T13:01:41.090+0000][1997.035s][info][gc,phases   ] GC(364)   Merge Heap Roots: 0.2ms
[2024-08-15T13:01:41.090+0000][1997.035s][info][gc,phases   ] GC(364)   Evacuate Collection Set: 119.3ms
[2024-08-15T13:01:41.090+0000][1997.035s][info][gc,phases   ] GC(364)   Post Evacuate Collection Set: 2.6ms
[2024-08-15T13:01:41.090+0000][1997.035s][info][gc,phases   ] GC(364)   Other: 0.2ms
[2024-08-15T13:01:41.090+0000][1997.035s][info][gc,heap     ] GC(364) Eden regions: 785->0(781)
[2024-08-15T13:01:41.090+0000][1997.035s][info][gc,heap     ] GC(364) Survivor regions: 48->49(105)
[2024-08-15T13:01:41.090+0000][1997.035s][info][gc,heap     ] GC(364) Old regions: 338->340
[2024-08-15T13:01:41.090+0000][1997.035s][info][gc,heap     ] GC(364) Archive regions: 2->2
[2024-08-15T13:01:41.090+0000][1997.035s][info][gc,heap     ] GC(364) Humongous regions: 7->7
[2024-08-15T13:01:41.090+0000][1997.035s][info][gc,metaspace] GC(364) Metaspace: 438625K(444992K)->438625K(444992K) NonClass: 383692K(387328K)->383692K(387328K) Class: 54933K(57664K)->54933K(57664K)
[2024-08-15T13:01:41.090+0000][1997.035s][info][gc          ] GC(364) Pause Young (Normal) (G1 Evacuation Pause) 9422M->3172M(12288M) 122.557ms
[2024-08-15T13:01:41.090+0000][1997.035s][info][gc,cpu      ] GC(364) User=0.73s Sys=0.00s Real=0.12s
[2024-08-15T13:01:45.989+0000][2001.934s][info][gc,start    ] GC(365) Pause Young (Normal) (G1 Evacuation Pause)
[2024-08-15T13:01:45.989+0000][2001.934s][info][gc,task     ] GC(365) Using 6 workers of 6 for evacuation
[2024-08-15T13:01:46.114+0000][2002.058s][info][gc,phases   ] GC(365)   Pre Evacuate Collection Set: 0.2ms
[2024-08-15T13:01:46.114+0000][2002.058s][info][gc,phases   ] GC(365)   Merge Heap Roots: 0.3ms
[2024-08-15T13:01:46.114+0000][2002.058s][info][gc,phases   ] GC(365)   Evacuate Collection Set: 121.2ms
[2024-08-15T13:01:46.114+0000][2002.058s][info][gc,phases   ] GC(365)   Post Evacuate Collection Set: 2.8ms
[2024-08-15T13:01:46.114+0000][2002.058s][info][gc,phases   ] GC(365)   Other: 0.2ms
[2024-08-15T13:01:46.114+0000][2002.058s][info][gc,heap     ] GC(365) Eden regions: 781->0(785)
[2024-08-15T13:01:46.114+0000][2002.058s][info][gc,heap     ] GC(365) Survivor regions: 49->46(104)
[2024-08-15T13:01:46.114+0000][2002.058s][info][gc,heap     ] GC(365) Old regions: 340->342
[2024-08-15T13:01:46.114+0000][2002.059s][info][gc,heap     ] GC(365) Archive regions: 2->2
[2024-08-15T13:01:46.114+0000][2002.059s][info][gc,heap     ] GC(365) Humongous regions: 7->7
[2024-08-15T13:01:46.114+0000][2002.059s][info][gc,metaspace] GC(365) Metaspace: 438629K(444992K)->438629K(444992K) NonClass: 383696K(387328K)->383696K(387328K) Class: 54933K(57664K)->54933K(57664K)
[2024-08-15T13:01:46.114+0000][2002.059s][info][gc          ] GC(365) Pause Young (Normal) (G1 Evacuation Pause) 9420M->3160M(12288M) 124.673ms
[2024-08-15T13:01:46.114+0000][2002.059s][info][gc,cpu      ] GC(365) User=0.74s Sys=0.01s Real=0.12s
[2024-08-15T13:01:50.937+0000][2006.881s][info][gc,start    ] GC(366) Pause Young (Normal) (G1 Evacuation Pause)
[2024-08-15T13:01:50.937+0000][2006.881s][info][gc,task     ] GC(366) Using 6 workers of 6 for evacuation
[2024-08-15T13:01:51.062+0000][2007.006s][info][gc,phases   ] GC(366)   Pre Evacuate Collection Set: 0.2ms
[2024-08-15T13:01:51.062+0000][2007.006s][info][gc,phases   ] GC(366)   Merge Heap Roots: 0.3ms
[2024-08-15T13:01:51.062+0000][2007.006s][info][gc,phases   ] GC(366)   Evacuate Collection Set: 122.1ms
[2024-08-15T13:01:51.062+0000][2007.006s][info][gc,phases   ] GC(366)   Post Evacuate Collection Set: 2.5ms
[2024-08-15T13:01:51.062+0000][2007.006s][info][gc,phases   ] GC(366)   Other: 0.2ms
[2024-08-15T13:01:51.062+0000][2007.006s][info][gc,heap     ] GC(366) Eden regions: 785->0(780)
[2024-08-15T13:01:51.062+0000][2007.006s][info][gc,heap     ] GC(366) Survivor regions: 46->47(104)
[2024-08-15T13:01:51.062+0000][2007.006s][info][gc,heap     ] GC(366) Old regions: 342->345
[2024-08-15T13:01:51.062+0000][2007.006s][info][gc,heap     ] GC(366) Archive regions: 2->2
[2024-08-15T13:01:51.062+0000][2007.006s][info][gc,heap     ] GC(366) Humongous regions: 7->7
[2024-08-15T13:01:51.062+0000][2007.006s][info][gc,metaspace] GC(366) Metaspace: 438640K(444992K)->438640K(444992K) NonClass: 383707K(387328K)->383707K(387328K) Class: 54933K(57664K)->54933K(57664K)
[2024-08-15T13:01:51.062+0000][2007.006s][info][gc          ] GC(366) Pause Young (Normal) (G1 Evacuation Pause) 9440M->3185M(12288M) 125.292ms
[2024-08-15T13:01:51.062+0000][2007.006s][info][gc,cpu      ] GC(366) User=0.74s Sys=0.00s Real=0.12s
[2024-08-15T13:01:55.627+0000][2011.572s][info][gc,start    ] GC(367) Pause Young (Normal) (G1 Evacuation Pause)
[2024-08-15T13:01:55.627+0000][2011.572s][info][gc,task     ] GC(367) Using 6 workers of 6 for evacuation
[2024-08-15T13:01:55.748+0000][2011.692s][info][gc,phases   ] GC(367)   Pre Evacuate Collection Set: 0.2ms
[2024-08-15T13:01:55.748+0000][2011.692s][info][gc,phases   ] GC(367)   Merge Heap Roots: 0.3ms
[2024-08-15T13:01:55.748+0000][2011.692s][info][gc,phases   ] GC(367)   Evacuate Collection Set: 117.6ms
[2024-08-15T13:01:55.748+0000][2011.692s][info][gc,phases   ] GC(367)   Post Evacuate Collection Set: 2.5ms
[2024-08-15T13:01:55.748+0000][2011.692s][info][gc,phases   ] GC(367)   Other: 0.2ms
[2024-08-15T13:01:55.748+0000][2011.692s][info][gc,heap     ] GC(367) Eden regions: 780->0(780)
[2024-08-15T13:01:55.748+0000][2011.692s][info][gc,heap     ] GC(367) Survivor regions: 47->46(104)
[2024-08-15T13:01:55.748+0000][2011.692s][info][gc,heap     ] GC(367) Old regions: 345->347
[2024-08-15T13:01:55.748+0000][2011.693s][info][gc,heap     ] GC(367) Archive regions: 2->2
[2024-08-15T13:01:55.748+0000][2011.693s][info][gc,heap     ] GC(367) Humongous regions: 7->7
[2024-08-15T13:01:55.748+0000][2011.693s][info][gc,metaspace] GC(367) Metaspace: 438641K(444992K)->438641K(444992K) NonClass: 383708K(387328K)->383708K(387328K) Class: 54933K(57664K)->54933K(57664K)
[2024-08-15T13:01:55.748+0000][2011.693s][info][gc          ] GC(367) Pause Young (Normal) (G1 Evacuation Pause) 9425M->3196M(12288M) 120.934ms
[2024-08-15T13:01:55.748+0000][2011.693s][info][gc,cpu      ] GC(367) User=0.72s Sys=0.00s Real=0.12s
[2024-08-15T13:02:00.517+0000][2016.462s][info][gc,start    ] GC(368) Pause Young (Normal) (G1 Evacuation Pause)
[2024-08-15T13:02:00.517+0000][2016.462s][info][gc,task     ] GC(368) Using 6 workers of 6 for evacuation
[2024-08-15T13:02:00.639+0000][2016.583s][info][gc,phases   ] GC(368)   Pre Evacuate Collection Set: 0.2ms
[2024-08-15T13:02:00.639+0000][2016.583s][info][gc,phases   ] GC(368)   Merge Heap Roots: 0.2ms
[2024-08-15T13:02:00.639+0000][2016.583s][info][gc,phases   ] GC(368)   Evacuate Collection Set: 118.4ms
[2024-08-15T13:02:00.639+0000][2016.583s][info][gc,phases   ] GC(368)   Post Evacuate Collection Set: 2.6ms
[2024-08-15T13:02:00.639+0000][2016.583s][info][gc,phases   ] GC(368)   Other: 0.2ms
[2024-08-15T13:02:00.639+0000][2016.583s][info][gc,heap     ] GC(368) Eden regions: 780->0(776)
[2024-08-15T13:02:00.639+0000][2016.583s][info][gc,heap     ] GC(368) Survivor regions: 46->47(104)
[2024-08-15T13:02:00.639+0000][2016.583s][info][gc,heap     ] GC(368) Old regions: 347->349
[2024-08-15T13:02:00.639+0000][2016.583s][info][gc,heap     ] GC(368) Archive regions: 2->2
[2024-08-15T13:02:00.639+0000][2016.583s][info][gc,heap     ] GC(368) Humongous regions: 7->7
[2024-08-15T13:02:00.639+0000][2016.583s][info][gc,metaspace] GC(368) Metaspace: 438653K(444992K)->438653K(444992K) NonClass: 383720K(387328K)->383720K(387328K) Class: 54933K(57664K)->54933K(57664K)
[2024-08-15T13:02:00.639+0000][2016.583s][info][gc          ] GC(368) Pause Young (Normal) (G1 Evacuation Pause) 9436M->3227M(12288M) 121.749ms
[2024-08-15T13:02:00.639+0000][2016.583s][info][gc,cpu      ] GC(368) User=0.72s Sys=0.00s Real=0.12s
[2024-08-15T13:02:05.421+0000][2021.366s][info][gc,start    ] GC(369) Pause Young (Normal) (G1 Evacuation Pause)
[2024-08-15T13:02:05.421+0000][2021.366s][info][gc,task     ] GC(369) Using 6 workers of 6 for evacuation
[2024-08-15T13:02:05.543+0000][2021.487s][info][gc,phases   ] GC(369)   Pre Evacuate Collection Set: 0.2ms
[2024-08-15T13:02:05.543+0000][2021.487s][info][gc,phases   ] GC(369)   Merge Heap Roots: 0.3ms
[2024-08-15T13:02:05.543+0000][2021.487s][info][gc,phases   ] GC(369)   Evacuate Collection Set: 118.7ms
[2024-08-15T13:02:05.543+0000][2021.487s][info][gc,phases   ] GC(369)   Post Evacuate Collection Set: 2.5ms
[2024-08-15T13:02:05.543+0000][2021.487s][info][gc,phases   ] GC(369)   Other: 0.2ms
[2024-08-15T13:02:05.543+0000][2021.487s][info][gc,heap     ] GC(369) Eden regions: 776->0(775)
[2024-08-15T13:02:05.543+0000][2021.487s][info][gc,heap     ] GC(369) Survivor regions: 47->46(103)
[2024-08-15T13:02:05.543+0000][2021.487s][info][gc,heap     ] GC(369) Old regions: 349->352
[2024-08-15T13:02:05.543+0000][2021.488s][info][gc,heap     ] GC(369) Archive regions: 2->2
[2024-08-15T13:02:05.543+0000][2021.488s][info][gc,heap     ] GC(369) Humongous regions: 7->7
[2024-08-15T13:02:05.543+0000][2021.488s][info][gc,metaspace] GC(369) Metaspace: 438653K(444992K)->438653K(444992K) NonClass: 383720K(387328K)->383720K(387328K) Class: 54933K(57664K)->54933K(57664K)
[2024-08-15T13:02:05.543+0000][2021.488s][info][gc          ] GC(369) Pause Young (Normal) (G1 Evacuation Pause) 9435M->3235M(12288M) 121.948ms
[2024-08-15T13:02:05.543+0000][2021.488s][info][gc,cpu      ] GC(369) User=0.73s Sys=0.00s Real=0.12s
[2024-08-15T13:02:10.227+0000][2026.172s][info][gc,start    ] GC(370) Pause Young (Normal) (G1 Evacuation Pause)
[2024-08-15T13:02:10.227+0000][2026.172s][info][gc,task     ] GC(370) Using 6 workers of 6 for evacuation
[2024-08-15T13:02:10.359+0000][2026.304s][info][gc,phases   ] GC(370)   Pre Evacuate Collection Set: 0.2ms
[2024-08-15T13:02:10.359+0000][2026.304s][info][gc,phases   ] GC(370)   Merge Heap Roots: 0.3ms
[2024-08-15T13:02:10.359+0000][2026.304s][info][gc,phases   ] GC(370)   Evacuate Collection Set: 128.7ms
[2024-08-15T13:02:10.359+0000][2026.304s][info][gc,phases   ] GC(370)   Post Evacuate Collection Set: 2.5ms
[2024-08-15T13:02:10.359+0000][2026.304s][info][gc,phases   ] GC(370)   Other: 0.2ms
[2024-08-15T13:02:10.359+0000][2026.304s][info][gc,heap     ] GC(370) Eden regions: 775->0(770)
[2024-08-15T13:02:10.359+0000][2026.304s][info][gc,heap     ] GC(370) Survivor regions: 46->47(103)
[2024-08-15T13:02:10.359+0000][2026.304s][info][gc,heap     ] GC(370) Old regions: 352->355
[2024-08-15T13:02:10.359+0000][2026.304s][info][gc,heap     ] GC(370) Archive regions: 2->2
[2024-08-15T13:02:10.359+0000][2026.304s][info][gc,heap     ] GC(370) Humongous regions: 7->7
[2024-08-15T13:02:10.359+0000][2026.304s][info][gc,metaspace] GC(370) Metaspace: 438657K(444992K)->438657K(444992K) NonClass: 383724K(387328K)->383724K(387328K) Class: 54933K(57664K)->54933K(57664K)
[2024-08-15T13:02:10.359+0000][2026.304s][info][gc          ] GC(370) Pause Young (Normal) (G1 Evacuation Pause) 9435M->3269M(12288M) 131.909ms
[2024-08-15T13:02:10.359+0000][2026.304s][info][gc,cpu      ] GC(370) User=0.78s Sys=0.00s Real=0.13s
[2024-08-15T13:02:15.134+0000][2031.079s][info][gc,start    ] GC(371) Pause Young (Normal) (G1 Evacuation Pause)
[2024-08-15T13:02:15.134+0000][2031.079s][info][gc,task     ] GC(371) Using 6 workers of 6 for evacuation
[2024-08-15T13:02:15.253+0000][2031.198s][info][gc,phases   ] GC(371)   Pre Evacuate Collection Set: 0.2ms
[2024-08-15T13:02:15.253+0000][2031.198s][info][gc,phases   ] GC(371)   Merge Heap Roots: 0.3ms
[2024-08-15T13:02:15.253+0000][2031.198s][info][gc,phases   ] GC(371)   Evacuate Collection Set: 116.0ms
[2024-08-15T13:02:15.253+0000][2031.198s][info][gc,phases   ] GC(371)   Post Evacuate Collection Set: 2.5ms
[2024-08-15T13:02:15.253+0000][2031.198s][info][gc,phases   ] GC(371)   Other: 0.3ms
[2024-08-15T13:02:15.253+0000][2031.198s][info][gc,heap     ] GC(371) Eden regions: 770->0(768)
[2024-08-15T13:02:15.253+0000][2031.198s][info][gc,heap     ] GC(371) Survivor regions: 47->47(103)
[2024-08-15T13:02:15.253+0000][2031.198s][info][gc,heap     ] GC(371) Old regions: 355->357
[2024-08-15T13:02:15.253+0000][2031.198s][info][gc,heap     ] GC(371) Archive regions: 2->2
[2024-08-15T13:02:15.253+0000][2031.198s][info][gc,heap     ] GC(371) Humongous regions: 7->7
[2024-08-15T13:02:15.253+0000][2031.198s][info][gc,metaspace] GC(371) Metaspace: 438666K(444992K)->438666K(444992K) NonClass: 383733K(387328K)->383733K(387328K) Class: 54933K(57664K)->54933K(57664K)
[2024-08-15T13:02:15.253+0000][2031.198s][info][gc          ] GC(371) Pause Young (Normal) (G1 Evacuation Pause) 9429M->3285M(12288M) 119.338ms
[2024-08-15T13:02:15.253+0000][2031.198s][info][gc,cpu      ] GC(371) User=0.71s Sys=0.00s Real=0.12s
[2024-08-15T13:02:19.917+0000][2035.862s][info][gc,start    ] GC(372) Pause Young (Normal) (G1 Evacuation Pause)
[2024-08-15T13:02:19.917+0000][2035.862s][info][gc,task     ] GC(372) Using 6 workers of 6 for evacuation
[2024-08-15T13:02:20.038+0000][2035.982s][info][gc,phases   ] GC(372)   Pre Evacuate Collection Set: 0.2ms
[2024-08-15T13:02:20.038+0000][2035.982s][info][gc,phases   ] GC(372)   Merge Heap Roots: 0.2ms
[2024-08-15T13:02:20.038+0000][2035.982s][info][gc,phases   ] GC(372)   Evacuate Collection Set: 117.4ms
[2024-08-15T13:02:20.038+0000][2035.982s][info][gc,phases   ] GC(372)   Post Evacuate Collection Set: 2.5ms
[2024-08-15T13:02:20.038+0000][2035.982s][info][gc,phases   ] GC(372)   Other: 0.2ms
[2024-08-15T13:02:20.038+0000][2035.982s][info][gc,heap     ] GC(372) Eden regions: 768->0(766)
[2024-08-15T13:02:20.038+0000][2035.982s][info][gc,heap     ] GC(372) Survivor regions: 47->47(102)
[2024-08-15T13:02:20.038+0000][2035.982s][info][gc,heap     ] GC(372) Old regions: 357->359
[2024-08-15T13:02:20.038+0000][2035.982s][info][gc,heap     ] GC(372) Archive regions: 2->2
[2024-08-15T13:02:20.038+0000][2035.982s][info][gc,heap     ] GC(372) Humongous regions: 7->7
[2024-08-15T13:02:20.038+0000][2035.982s][info][gc,metaspace] GC(372) Metaspace: 438674K(444992K)->438674K(444992K) NonClass: 383741K(387328K)->383741K(387328K) Class: 54933K(57664K)->54933K(57664K)
[2024-08-15T13:02:20.038+0000][2035.982s][info][gc          ] GC(372) Pause Young (Normal) (G1 Evacuation Pause) 9429M->3307M(12288M) 120.618ms
[2024-08-15T13:02:20.038+0000][2035.982s][info][gc,cpu      ] GC(372) User=0.72s Sys=0.01s Real=0.12s
[2024-08-15T13:02:24.636+0000][2040.580s][info][gc,start    ] GC(373) Pause Young (Normal) (G1 Evacuation Pause)
[2024-08-15T13:02:24.636+0000][2040.580s][info][gc,task     ] GC(373) Using 6 workers of 6 for evacuation
[2024-08-15T13:02:24.757+0000][2040.702s][info][gc,phases   ] GC(373)   Pre Evacuate Collection Set: 0.2ms
[2024-08-15T13:02:24.757+0000][2040.702s][info][gc,phases   ] GC(373)   Merge Heap Roots: 0.2ms
[2024-08-15T13:02:24.757+0000][2040.702s][info][gc,phases   ] GC(373)   Evacuate Collection Set: 118.5ms
[2024-08-15T13:02:24.757+0000][2040.702s][info][gc,phases   ] GC(373)   Post Evacuate Collection Set: 2.5ms
[2024-08-15T13:02:24.757+0000][2040.702s][info][gc,phases   ] GC(373)   Other: 0.2ms
[2024-08-15T13:02:24.757+0000][2040.702s][info][gc,heap     ] GC(373) Eden regions: 766->0(767)
[2024-08-15T13:02:24.757+0000][2040.702s][info][gc,heap     ] GC(373) Survivor regions: 47->45(102)
[2024-08-15T13:02:24.757+0000][2040.702s][info][gc,heap     ] GC(373) Old regions: 359->362
[2024-08-15T13:02:24.757+0000][2040.702s][info][gc,heap     ] GC(373) Archive regions: 2->2
[2024-08-15T13:02:24.757+0000][2040.702s][info][gc,heap     ] GC(373) Humongous regions: 7->7
[2024-08-15T13:02:24.757+0000][2040.702s][info][gc,metaspace] GC(373) Metaspace: 438674K(444992K)->438674K(444992K) NonClass: 383741K(387328K)->383741K(387328K) Class: 54933K(57664K)->54933K(57664K)
[2024-08-15T13:02:24.757+0000][2040.702s][info][gc          ] GC(373) Pause Young (Normal) (G1 Evacuation Pause) 9435M->3306M(12288M) 121.690ms
[2024-08-15T13:02:24.757+0000][2040.702s][info][gc,cpu      ] GC(373) User=0.72s Sys=0.00s Real=0.12s
[2024-08-15T13:02:29.456+0000][2045.401s][info][gc,start    ] GC(374) Pause Young (Normal) (G1 Evacuation Pause)
[2024-08-15T13:02:29.456+0000][2045.401s][info][gc,task     ] GC(374) Using 6 workers of 6 for evacuation
[2024-08-15T13:02:29.578+0000][2045.522s][info][gc,phases   ] GC(374)   Pre Evacuate Collection Set: 0.2ms
[2024-08-15T13:02:29.578+0000][2045.522s][info][gc,phases   ] GC(374)   Merge Heap Roots: 0.2ms
[2024-08-15T13:02:29.578+0000][2045.522s][info][gc,phases   ] GC(374)   Evacuate Collection Set: 118.5ms
[2024-08-15T13:02:29.578+0000][2045.522s][info][gc,phases   ] GC(374)   Post Evacuate Collection Set: 2.5ms
[2024-08-15T13:02:29.578+0000][2045.522s][info][gc,phases   ] GC(374)   Other: 0.2ms
[2024-08-15T13:02:29.578+0000][2045.522s][info][gc,heap     ] GC(374) Eden regions: 767->0(763)
[2024-08-15T13:02:29.578+0000][2045.522s][info][gc,heap     ] GC(374) Survivor regions: 45->46(102)
[2024-08-15T13:02:29.578+0000][2045.522s][info][gc,heap     ] GC(374) Old regions: 362->364
[2024-08-15T13:02:29.578+0000][2045.522s][info][gc,heap     ] GC(374) Archive regions: 2->2
[2024-08-15T13:02:29.578+0000][2045.522s][info][gc,heap     ] GC(374) Humongous regions: 7->7
[2024-08-15T13:02:29.578+0000][2045.522s][info][gc,metaspace] GC(374) Metaspace: 438743K(445056K)->438743K(445056K) NonClass: 383798K(387392K)->383798K(387392K) Class: 54944K(57664K)->54944K(57664K)
[2024-08-15T13:02:29.578+0000][2045.522s][info][gc          ] GC(374) Pause Young (Normal) (G1 Evacuation Pause) 9442M->3338M(12288M) 121.732ms
[2024-08-15T13:02:29.578+0000][2045.522s][info][gc,cpu      ] GC(374) User=0.72s Sys=0.00s Real=0.12s
[2024-08-15T13:02:31.880+0000][2047.825s][info][gc,start    ] GC(375) Pause Young (Normal) (G1 Evacuation Pause)
[2024-08-15T13:02:31.880+0000][2047.825s][info][gc,task     ] GC(375) Using 6 workers of 6 for evacuation
[2024-08-15T13:02:32.037+0000][2047.982s][info][gc,phases   ] GC(375)   Pre Evacuate Collection Set: 0.2ms
[2024-08-15T13:02:32.037+0000][2047.982s][info][gc,phases   ] GC(375)   Merge Heap Roots: 0.3ms
[2024-08-15T13:02:32.037+0000][2047.982s][info][gc,phases   ] GC(375)   Evacuate Collection Set: 140.6ms
[2024-08-15T13:02:32.037+0000][2047.982s][info][gc,phases   ] GC(375)   Post Evacuate Collection Set: 15.9ms
[2024-08-15T13:02:32.037+0000][2047.982s][info][gc,phases   ] GC(375)   Other: 0.2ms
[2024-08-15T13:02:32.037+0000][2047.982s][info][gc,heap     ] GC(375) Eden regions: 763->0(756)
[2024-08-15T13:02:32.037+0000][2047.982s][info][gc,heap     ] GC(375) Survivor regions: 46->48(102)
[2024-08-15T13:02:32.037+0000][2047.982s][info][gc,heap     ] GC(375) Old regions: 364->367
[2024-08-15T13:02:32.037+0000][2047.982s][info][gc,heap     ] GC(375) Archive regions: 2->2
[2024-08-15T13:02:32.037+0000][2047.982s][info][gc,heap     ] GC(375) Humongous regions: 7->7
[2024-08-15T13:02:32.037+0000][2047.982s][info][gc,metaspace] GC(375) Metaspace: 438743K(445056K)->438743K(445056K) NonClass: 383798K(387392K)->383798K(387392K) Class: 54944K(57664K)->54944K(57664K)
[2024-08-15T13:02:32.037+0000][2047.982s][info][gc          ] GC(375) Pause Young (Normal) (G1 Evacuation Pause) 9442M->3374M(12288M) 157.255ms
[2024-08-15T13:02:32.037+0000][2047.982s][info][gc,cpu      ] GC(375) User=0.92s Sys=0.00s Real=0.16s
[2024-08-15T13:02:33.987+0000][2049.932s][info][gc,start    ] GC(376) Pause Young (Normal) (G1 Evacuation Pause)
[2024-08-15T13:02:33.987+0000][2049.932s][info][gc,task     ] GC(376) Using 6 workers of 6 for evacuation
[2024-08-15T13:02:34.156+0000][2050.101s][info][gc,phases   ] GC(376)   Pre Evacuate Collection Set: 0.2ms
[2024-08-15T13:02:34.156+0000][2050.101s][info][gc,phases   ] GC(376)   Merge Heap Roots: 0.3ms
[2024-08-15T13:02:34.156+0000][2050.101s][info][gc,phases   ] GC(376)   Evacuate Collection Set: 152.4ms
[2024-08-15T13:02:34.156+0000][2050.101s][info][gc,phases   ] GC(376)   Post Evacuate Collection Set: 16.0ms
[2024-08-15T13:02:34.156+0000][2050.101s][info][gc,phases   ] GC(376)   Other: 0.2ms
[2024-08-15T13:02:34.156+0000][2050.101s][info][gc,heap     ] GC(376) Eden regions: 756->0(744)
[2024-08-15T13:02:34.156+0000][2050.101s][info][gc,heap     ] GC(376) Survivor regions: 48->53(101)
[2024-08-15T13:02:34.156+0000][2050.101s][info][gc,heap     ] GC(376) Old regions: 367->369
[2024-08-15T13:02:34.156+0000][2050.101s][info][gc,heap     ] GC(376) Archive regions: 2->2
[2024-08-15T13:02:34.156+0000][2050.101s][info][gc,heap     ] GC(376) Humongous regions: 7->7
[2024-08-15T13:02:34.156+0000][2050.101s][info][gc,metaspace] GC(376) Metaspace: 438743K(445056K)->438743K(445056K) NonClass: 383799K(387392K)->383799K(387392K) Class: 54944K(57664K)->54944K(57664K)
[2024-08-15T13:02:34.156+0000][2050.101s][info][gc          ] GC(376) Pause Young (Normal) (G1 Evacuation Pause) 9422M->3429M(12288M) 169.216ms
[2024-08-15T13:02:34.156+0000][2050.101s][info][gc,cpu      ] GC(376) User=1.00s Sys=0.00s Real=0.17s
[2024-08-15T13:02:36.079+0000][2052.023s][info][gc,start    ] GC(377) Pause Young (Normal) (G1 Evacuation Pause)
[2024-08-15T13:02:36.079+0000][2052.023s][info][gc,task     ] GC(377) Using 6 workers of 6 for evacuation
[2024-08-15T13:02:36.260+0000][2052.205s][info][gc,phases   ] GC(377)   Pre Evacuate Collection Set: 0.2ms
[2024-08-15T13:02:36.260+0000][2052.205s][info][gc,phases   ] GC(377)   Merge Heap Roots: 0.4ms
[2024-08-15T13:02:36.260+0000][2052.205s][info][gc,phases   ] GC(377)   Evacuate Collection Set: 165.4ms
[2024-08-15T13:02:36.260+0000][2052.205s][info][gc,phases   ] GC(377)   Post Evacuate Collection Set: 15.3ms
[2024-08-15T13:02:36.260+0000][2052.205s][info][gc,phases   ] GC(377)   Other: 0.2ms
[2024-08-15T13:02:36.260+0000][2052.205s][info][gc,heap     ] GC(377) Eden regions: 744->0(743)
[2024-08-15T13:02:36.260+0000][2052.205s][info][gc,heap     ] GC(377) Survivor regions: 53->52(100)
[2024-08-15T13:02:36.260+0000][2052.205s][info][gc,heap     ] GC(377) Old regions: 369->372
[2024-08-15T13:02:36.260+0000][2052.205s][info][gc,heap     ] GC(377) Archive regions: 2->2
[2024-08-15T13:02:36.260+0000][2052.205s][info][gc,heap     ] GC(377) Humongous regions: 7->7
[2024-08-15T13:02:36.260+0000][2052.205s][info][gc,metaspace] GC(377) Metaspace: 438743K(445056K)->438743K(445056K) NonClass: 383799K(387392K)->383799K(387392K) Class: 54944K(57664K)->54944K(57664K)
[2024-08-15T13:02:36.260+0000][2052.205s][info][gc          ] GC(377) Pause Young (Normal) (G1 Evacuation Pause) 9381M->3446M(12288M) 181.500ms
[2024-08-15T13:02:36.260+0000][2052.205s][info][gc,cpu      ] GC(377) User=1.07s Sys=0.00s Real=0.18s
[2024-08-15T13:02:38.217+0000][2054.162s][info][gc,start    ] GC(378) Pause Young (Normal) (G1 Evacuation Pause)
[2024-08-15T13:02:38.217+0000][2054.162s][info][gc,task     ] GC(378) Using 6 workers of 6 for evacuation
[2024-08-15T13:02:38.416+0000][2054.361s][info][gc,phases   ] GC(378)   Pre Evacuate Collection Set: 0.2ms
[2024-08-15T13:02:38.416+0000][2054.361s][info][gc,phases   ] GC(378)   Merge Heap Roots: 0.4ms
[2024-08-15T13:02:38.416+0000][2054.361s][info][gc,phases   ] GC(378)   Evacuate Collection Set: 178.6ms
[2024-08-15T13:02:38.416+0000][2054.361s][info][gc,phases   ] GC(378)   Post Evacuate Collection Set: 19.4ms
[2024-08-15T13:02:38.416+0000][2054.361s][info][gc,phases   ] GC(378)   Other: 0.2ms
[2024-08-15T13:02:38.416+0000][2054.361s][info][gc,heap     ] GC(378) Eden regions: 743->0(735)
[2024-08-15T13:02:38.416+0000][2054.361s][info][gc,heap     ] GC(378) Survivor regions: 52->54(100)
[2024-08-15T13:02:38.416+0000][2054.361s][info][gc,heap     ] GC(378) Old regions: 372->376
[2024-08-15T13:02:38.416+0000][2054.361s][info][gc,heap     ] GC(378) Archive regions: 2->2
[2024-08-15T13:02:38.416+0000][2054.361s][info][gc,heap     ] GC(378) Humongous regions: 7->7
[2024-08-15T13:02:38.416+0000][2054.361s][info][gc,metaspace] GC(378) Metaspace: 438743K(445056K)->438743K(445056K) NonClass: 383799K(387392K)->383799K(387392K) Class: 54944K(57664K)->54944K(57664K)
[2024-08-15T13:02:38.416+0000][2054.361s][info][gc          ] GC(378) Pause Young (Normal) (G1 Evacuation Pause) 9390M->3493M(12288M) 198.926ms
[2024-08-15T13:02:38.416+0000][2054.361s][info][gc,cpu      ] GC(378) User=1.17s Sys=0.00s Real=0.20s
[2024-08-15T13:02:40.319+0000][2056.263s][info][gc,start    ] GC(379) Pause Young (Normal) (G1 Evacuation Pause)
[2024-08-15T13:02:40.319+0000][2056.263s][info][gc,task     ] GC(379) Using 6 workers of 6 for evacuation
[2024-08-15T13:02:40.508+0000][2056.452s][info][gc,phases   ] GC(379)   Pre Evacuate Collection Set: 0.2ms
[2024-08-15T13:02:40.508+0000][2056.452s][info][gc,phases   ] GC(379)   Merge Heap Roots: 0.4ms
[2024-08-15T13:02:40.508+0000][2056.452s][info][gc,phases   ] GC(379)   Evacuate Collection Set: 172.1ms
[2024-08-15T13:02:40.508+0000][2056.452s][info][gc,phases   ] GC(379)   Post Evacuate Collection Set: 16.0ms
[2024-08-15T13:02:40.508+0000][2056.452s][info][gc,phases   ] GC(379)   Other: 0.2ms
[2024-08-15T13:02:40.508+0000][2056.452s][info][gc,heap     ] GC(379) Eden regions: 735->0(732)
[2024-08-15T13:02:40.508+0000][2056.452s][info][gc,heap     ] GC(379) Survivor regions: 54->53(99)
[2024-08-15T13:02:40.508+0000][2056.452s][info][gc,heap     ] GC(379) Old regions: 376->381
[2024-08-15T13:02:40.508+0000][2056.452s][info][gc,heap     ] GC(379) Archive regions: 2->2
[2024-08-15T13:02:40.508+0000][2056.452s][info][gc,heap     ] GC(379) Humongous regions: 7->7
[2024-08-15T13:02:40.508+0000][2056.452s][info][gc,metaspace] GC(379) Metaspace: 438745K(445056K)->438745K(445056K) NonClass: 383801K(387392K)->383801K(387392K) Class: 54944K(57664K)->54944K(57664K)
[2024-08-15T13:02:40.508+0000][2056.452s][info][gc          ] GC(379) Pause Young (Normal) (G1 Evacuation Pause) 9373M->3523M(12288M) 189.050ms
[2024-08-15T13:02:40.508+0000][2056.452s][info][gc,cpu      ] GC(379) User=1.12s Sys=0.00s Real=0.19s
[2024-08-15T13:02:42.552+0000][2058.497s][info][gc,start    ] GC(380) Pause Young (Normal) (G1 Evacuation Pause)
[2024-08-15T13:02:42.553+0000][2058.497s][info][gc,task     ] GC(380) Using 6 workers of 6 for evacuation
[2024-08-15T13:02:42.742+0000][2058.687s][info][gc,phases   ] GC(380)   Pre Evacuate Collection Set: 0.2ms
[2024-08-15T13:02:42.742+0000][2058.687s][info][gc,phases   ] GC(380)   Merge Heap Roots: 0.4ms
[2024-08-15T13:02:42.742+0000][2058.687s][info][gc,phases   ] GC(380)   Evacuate Collection Set: 172.3ms
[2024-08-15T13:02:42.742+0000][2058.687s][info][gc,phases   ] GC(380)   Post Evacuate Collection Set: 16.9ms
[2024-08-15T13:02:42.742+0000][2058.687s][info][gc,phases   ] GC(380)   Other: 0.2ms
[2024-08-15T13:02:42.742+0000][2058.687s][info][gc,heap     ] GC(380) Eden regions: 732->0(733)
[2024-08-15T13:02:42.742+0000][2058.687s][info][gc,heap     ] GC(380) Survivor regions: 53->51(99)
[2024-08-15T13:02:42.742+0000][2058.687s][info][gc,heap     ] GC(380) Old regions: 381->384
[2024-08-15T13:02:42.742+0000][2058.687s][info][gc,heap     ] GC(380) Archive regions: 2->2
[2024-08-15T13:02:42.743+0000][2058.687s][info][gc,heap     ] GC(380) Humongous regions: 7->7
[2024-08-15T13:02:42.743+0000][2058.687s][info][gc,metaspace] GC(380) Metaspace: 438745K(445056K)->438745K(445056K) NonClass: 383801K(387392K)->383801K(387392K) Class: 54944K(57664K)->54944K(57664K)
[2024-08-15T13:02:42.743+0000][2058.687s][info][gc          ] GC(380) Pause Young (Normal) (G1 Evacuation Pause) 9379M->3534M(12288M) 190.054ms
[2024-08-15T13:02:42.743+0000][2058.687s][info][gc,cpu      ] GC(380) User=1.11s Sys=0.00s Real=0.19s
[2024-08-15T13:02:44.690+0000][2060.634s][info][gc,start    ] GC(381) Pause Young (Normal) (G1 Evacuation Pause)
[2024-08-15T13:02:44.690+0000][2060.634s][info][gc,task     ] GC(381) Using 6 workers of 6 for evacuation
[2024-08-15T13:02:44.876+0000][2060.821s][info][gc,phases   ] GC(381)   Pre Evacuate Collection Set: 0.2ms
[2024-08-15T13:02:44.876+0000][2060.821s][info][gc,phases   ] GC(381)   Merge Heap Roots: 0.4ms
[2024-08-15T13:02:44.876+0000][2060.821s][info][gc,phases   ] GC(381)   Evacuate Collection Set: 169.0ms
[2024-08-15T13:02:44.876+0000][2060.821s][info][gc,phases   ] GC(381)   Post Evacuate Collection Set: 16.8ms
[2024-08-15T13:02:44.876+0000][2060.821s][info][gc,phases   ] GC(381)   Other: 0.2ms
[2024-08-15T13:02:44.876+0000][2060.821s][info][gc,heap     ] GC(381) Eden regions: 733->0(729)
[2024-08-15T13:02:44.876+0000][2060.821s][info][gc,heap     ] GC(381) Survivor regions: 51->52(98)
[2024-08-15T13:02:44.876+0000][2060.821s][info][gc,heap     ] GC(381) Old regions: 384->386
[2024-08-15T13:02:44.876+0000][2060.821s][info][gc,heap     ] GC(381) Archive regions: 2->2
[2024-08-15T13:02:44.876+0000][2060.821s][info][gc,heap     ] GC(381) Humongous regions: 7->7
[2024-08-15T13:02:44.876+0000][2060.821s][info][gc,metaspace] GC(381) Metaspace: 438745K(445056K)->438745K(445056K) NonClass: 383801K(387392K)->383801K(387392K) Class: 54944K(57664K)->54944K(57664K)
[2024-08-15T13:02:44.877+0000][2060.821s][info][gc          ] GC(381) Pause Young (Normal) (G1 Evacuation Pause) 9398M->3560M(12288M) 186.725ms
[2024-08-15T13:02:44.877+0000][2060.821s][info][gc,cpu      ] GC(381) User=1.11s Sys=0.00s Real=0.19s
[2024-08-15T13:02:46.893+0000][2062.838s][info][gc,start    ] GC(382) Pause Young (Normal) (G1 Evacuation Pause)
[2024-08-15T13:02:46.893+0000][2062.838s][info][gc,task     ] GC(382) Using 6 workers of 6 for evacuation
[2024-08-15T13:02:47.089+0000][2063.033s][info][gc,phases   ] GC(382)   Pre Evacuate Collection Set: 0.2ms
[2024-08-15T13:02:47.089+0000][2063.033s][info][gc,phases   ] GC(382)   Merge Heap Roots: 0.5ms
[2024-08-15T13:02:47.089+0000][2063.033s][info][gc,phases   ] GC(382)   Evacuate Collection Set: 178.6ms
[2024-08-15T13:02:47.089+0000][2063.033s][info][gc,phases   ] GC(382)   Post Evacuate Collection Set: 16.5ms
[2024-08-15T13:02:47.089+0000][2063.033s][info][gc,phases   ] GC(382)   Other: 0.3ms
[2024-08-15T13:02:47.089+0000][2063.033s][info][gc,heap     ] GC(382) Eden regions: 729->0(724)
[2024-08-15T13:02:47.089+0000][2063.034s][info][gc,heap     ] GC(382) Survivor regions: 52->53(98)
[2024-08-15T13:02:47.089+0000][2063.034s][info][gc,heap     ] GC(382) Old regions: 386->389
[2024-08-15T13:02:47.089+0000][2063.034s][info][gc,heap     ] GC(382) Archive regions: 2->2
[2024-08-15T13:02:47.089+0000][2063.034s][info][gc,heap     ] GC(382) Humongous regions: 7->7
[2024-08-15T13:02:47.089+0000][2063.034s][info][gc,metaspace] GC(382) Metaspace: 438745K(445056K)->438745K(445056K) NonClass: 383801K(387392K)->383801K(387392K) Class: 54944K(57664K)->54944K(57664K)
[2024-08-15T13:02:47.089+0000][2063.034s][info][gc          ] GC(382) Pause Young (Normal) (G1 Evacuation Pause) 9392M->3596M(12288M) 196.012ms
[2024-08-15T13:02:47.089+0000][2063.034s][info][gc,cpu      ] GC(382) User=1.16s Sys=0.00s Real=0.20s
[2024-08-15T13:02:49.173+0000][2065.117s][info][gc,start    ] GC(383) Pause Young (Normal) (G1 Evacuation Pause)
[2024-08-15T13:02:49.173+0000][2065.117s][info][gc,task     ] GC(383) Using 6 workers of 6 for evacuation
[2024-08-15T13:02:49.369+0000][2065.314s][info][gc,phases   ] GC(383)   Pre Evacuate Collection Set: 0.2ms
[2024-08-15T13:02:49.369+0000][2065.314s][info][gc,phases   ] GC(383)   Merge Heap Roots: 0.4ms
[2024-08-15T13:02:49.369+0000][2065.314s][info][gc,phases   ] GC(383)   Evacuate Collection Set: 174.4ms
[2024-08-15T13:02:49.369+0000][2065.314s][info][gc,phases   ] GC(383)   Post Evacuate Collection Set: 21.4ms
[2024-08-15T13:02:49.369+0000][2065.314s][info][gc,phases   ] GC(383)   Other: 0.3ms
[2024-08-15T13:02:49.369+0000][2065.314s][info][gc,heap     ] GC(383) Eden regions: 724->0(721)
[2024-08-15T13:02:49.369+0000][2065.314s][info][gc,heap     ] GC(383) Survivor regions: 53->53(98)
[2024-08-15T13:02:49.369+0000][2065.314s][info][gc,heap     ] GC(383) Old regions: 389->392
[2024-08-15T13:02:49.369+0000][2065.314s][info][gc,heap     ] GC(383) Archive regions: 2->2
[2024-08-15T13:02:49.369+0000][2065.314s][info][gc,heap     ] GC(383) Humongous regions: 7->7
[2024-08-15T13:02:49.369+0000][2065.314s][info][gc,metaspace] GC(383) Metaspace: 438745K(445056K)->438745K(445056K) NonClass: 383801K(387392K)->383801K(387392K) Class: 54944K(57664K)->54944K(57664K)
[2024-08-15T13:02:49.369+0000][2065.314s][info][gc          ] GC(383) Pause Young (Normal) (G1 Evacuation Pause) 9388M->3619M(12288M) 196.648ms
[2024-08-15T13:02:49.369+0000][2065.314s][info][gc,cpu      ] GC(383) User=1.14s Sys=0.00s Real=0.20s
[2024-08-15T13:02:53.823+0000][2069.767s][info][gc,start    ] GC(384) Pause Young (Normal) (G1 Evacuation Pause)
[2024-08-15T13:02:53.823+0000][2069.767s][info][gc,task     ] GC(384) Using 6 workers of 6 for evacuation
[2024-08-15T13:02:53.984+0000][2069.928s][info][gc,phases   ] GC(384)   Pre Evacuate Collection Set: 0.2ms
[2024-08-15T13:02:53.984+0000][2069.928s][info][gc,phases   ] GC(384)   Merge Heap Roots: 0.4ms
[2024-08-15T13:02:53.984+0000][2069.928s][info][gc,phases   ] GC(384)   Evacuate Collection Set: 158.0ms
[2024-08-15T13:02:53.984+0000][2069.928s][info][gc,phases   ] GC(384)   Post Evacuate Collection Set: 2.4ms
[2024-08-15T13:02:53.984+0000][2069.928s][info][gc,phases   ] GC(384)   Other: 0.3ms
[2024-08-15T13:02:53.984+0000][2069.928s][info][gc,heap     ] GC(384) Eden regions: 721->0(719)
[2024-08-15T13:02:53.984+0000][2069.928s][info][gc,heap     ] GC(384) Survivor regions: 53->51(97)
[2024-08-15T13:02:53.984+0000][2069.928s][info][gc,heap     ] GC(384) Old regions: 392->398
[2024-08-15T13:02:53.984+0000][2069.928s][info][gc,heap     ] GC(384) Archive regions: 2->2
[2024-08-15T13:02:53.984+0000][2069.928s][info][gc,heap     ] GC(384) Humongous regions: 7->7
[2024-08-15T13:02:53.984+0000][2069.928s][info][gc,metaspace] GC(384) Metaspace: 438745K(445056K)->438745K(445056K) NonClass: 383801K(387392K)->383801K(387392K) Class: 54944K(57664K)->54944K(57664K)
[2024-08-15T13:02:53.984+0000][2069.929s][info][gc          ] GC(384) Pause Young (Normal) (G1 Evacuation Pause) 9387M->3645M(12288M) 161.378ms
[2024-08-15T13:02:53.984+0000][2069.929s][info][gc,cpu      ] GC(384) User=0.96s Sys=0.00s Real=0.17s
[2024-08-15T13:02:58.509+0000][2074.454s][info][gc,start    ] GC(385) Pause Young (Normal) (G1 Evacuation Pause)
[2024-08-15T13:02:58.509+0000][2074.454s][info][gc,task     ] GC(385) Using 6 workers of 6 for evacuation
[2024-08-15T13:02:58.670+0000][2074.615s][info][gc,phases   ] GC(385)   Pre Evacuate Collection Set: 0.2ms
[2024-08-15T13:02:58.670+0000][2074.615s][info][gc,phases   ] GC(385)   Merge Heap Roots: 0.4ms
[2024-08-15T13:02:58.670+0000][2074.615s][info][gc,phases   ] GC(385)   Evacuate Collection Set: 157.1ms
[2024-08-15T13:02:58.670+0000][2074.615s][info][gc,phases   ] GC(385)   Post Evacuate Collection Set: 2.7ms
[2024-08-15T13:02:58.670+0000][2074.615s][info][gc,phases   ] GC(385)   Other: 0.2ms
[2024-08-15T13:02:58.670+0000][2074.615s][info][gc,heap     ] GC(385) Eden regions: 719->0(712)
[2024-08-15T13:02:58.670+0000][2074.615s][info][gc,heap     ] GC(385) Survivor regions: 51->53(97)
[2024-08-15T13:02:58.670+0000][2074.615s][info][gc,heap     ] GC(385) Old regions: 398->401
[2024-08-15T13:02:58.670+0000][2074.615s][info][gc,heap     ] GC(385) Archive regions: 2->2
[2024-08-15T13:02:58.670+0000][2074.615s][info][gc,heap     ] GC(385) Humongous regions: 7->7
[2024-08-15T13:02:58.670+0000][2074.615s][info][gc,metaspace] GC(385) Metaspace: 438747K(445056K)->438747K(445056K) NonClass: 383803K(387392K)->383803K(387392K) Class: 54944K(57664K)->54944K(57664K)
[2024-08-15T13:02:58.670+0000][2074.615s][info][gc          ] GC(385) Pause Young (Normal) (G1 Evacuation Pause) 9397M->3692M(12288M) 160.655ms
[2024-08-15T13:02:58.670+0000][2074.615s][info][gc,cpu      ] GC(385) User=0.95s Sys=0.02s Real=0.16s
[2024-08-15T13:03:02.982+0000][2078.927s][info][gc,start    ] GC(386) Pause Young (Normal) (G1 Evacuation Pause)
[2024-08-15T13:03:02.982+0000][2078.927s][info][gc,task     ] GC(386) Using 6 workers of 6 for evacuation
[2024-08-15T13:03:03.138+0000][2079.082s][info][gc,phases   ] GC(386)   Pre Evacuate Collection Set: 0.2ms
[2024-08-15T13:03:03.138+0000][2079.082s][info][gc,phases   ] GC(386)   Merge Heap Roots: 0.4ms
[2024-08-15T13:03:03.138+0000][2079.082s][info][gc,phases   ] GC(386)   Evacuate Collection Set: 152.3ms
[2024-08-15T13:03:03.138+0000][2079.082s][info][gc,phases   ] GC(386)   Post Evacuate Collection Set: 2.5ms
[2024-08-15T13:03:03.138+0000][2079.082s][info][gc,phases   ] GC(386)   Other: 0.2ms
[2024-08-15T13:03:03.138+0000][2079.082s][info][gc,heap     ] GC(386) Eden regions: 712->0(715)
[2024-08-15T13:03:03.138+0000][2079.082s][info][gc,heap     ] GC(386) Survivor regions: 53->48(96)
[2024-08-15T13:03:03.138+0000][2079.082s][info][gc,heap     ] GC(386) Old regions: 401->408
[2024-08-15T13:03:03.138+0000][2079.082s][info][gc,heap     ] GC(386) Archive regions: 2->2
[2024-08-15T13:03:03.138+0000][2079.082s][info][gc,heap     ] GC(386) Humongous regions: 7->7
[2024-08-15T13:03:03.138+0000][2079.082s][info][gc,metaspace] GC(386) Metaspace: 438748K(445056K)->438748K(445056K) NonClass: 383803K(387392K)->383803K(387392K) Class: 54944K(57664K)->54944K(57664K)
[2024-08-15T13:03:03.138+0000][2079.082s][info][gc          ] GC(386) Pause Young (Normal) (G1 Evacuation Pause) 9388M->3703M(12288M) 155.712ms
[2024-08-15T13:03:03.138+0000][2079.082s][info][gc,cpu      ] GC(386) User=0.93s Sys=0.00s Real=0.16s
[2024-08-15T13:03:07.519+0000][2083.464s][info][gc,start    ] GC(387) Pause Young (Normal) (G1 Evacuation Pause)
[2024-08-15T13:03:07.519+0000][2083.464s][info][gc,task     ] GC(387) Using 6 workers of 6 for evacuation
[2024-08-15T13:03:07.668+0000][2083.613s][info][gc,phases   ] GC(387)   Pre Evacuate Collection Set: 0.2ms
[2024-08-15T13:03:07.668+0000][2083.613s][info][gc,phases   ] GC(387)   Merge Heap Roots: 0.4ms
[2024-08-15T13:03:07.668+0000][2083.613s][info][gc,phases   ] GC(387)   Evacuate Collection Set: 145.7ms
[2024-08-15T13:03:07.668+0000][2083.613s][info][gc,phases   ] GC(387)   Post Evacuate Collection Set: 2.6ms
[2024-08-15T13:03:07.668+0000][2083.613s][info][gc,phases   ] GC(387)   Other: 0.3ms
[2024-08-15T13:03:07.668+0000][2083.613s][info][gc,heap     ] GC(387) Eden regions: 715->0(713)
[2024-08-15T13:03:07.668+0000][2083.613s][info][gc,heap     ] GC(387) Survivor regions: 48->49(96)
[2024-08-15T13:03:07.668+0000][2083.613s][info][gc,heap     ] GC(387) Old regions: 408->408
[2024-08-15T13:03:07.668+0000][2083.613s][info][gc,heap     ] GC(387) Archive regions: 2->2
[2024-08-15T13:03:07.668+0000][2083.613s][info][gc,heap     ] GC(387) Humongous regions: 7->7
[2024-08-15T13:03:07.668+0000][2083.613s][info][gc,metaspace] GC(387) Metaspace: 438748K(445056K)->438748K(445056K) NonClass: 383803K(387392K)->383803K(387392K) Class: 54944K(57664K)->54944K(57664K)
[2024-08-15T13:03:07.668+0000][2083.613s][info][gc          ] GC(387) Pause Young (Normal) (G1 Evacuation Pause) 9423M->3707M(12288M) 149.192ms
[2024-08-15T13:03:07.668+0000][2083.613s][info][gc,cpu      ] GC(387) User=0.90s Sys=0.00s Real=0.15s
[2024-08-15T13:03:12.063+0000][2088.008s][info][gc,start    ] GC(388) Pause Young (Normal) (G1 Evacuation Pause)
[2024-08-15T13:03:12.063+0000][2088.008s][info][gc,task     ] GC(388) Using 6 workers of 6 for evacuation
[2024-08-15T13:03:12.213+0000][2088.157s][info][gc,phases   ] GC(388)   Pre Evacuate Collection Set: 0.2ms
[2024-08-15T13:03:12.213+0000][2088.157s][info][gc,phases   ] GC(388)   Merge Heap Roots: 0.4ms
[2024-08-15T13:03:12.213+0000][2088.157s][info][gc,phases   ] GC(388)   Evacuate Collection Set: 146.0ms
[2024-08-15T13:03:12.213+0000][2088.157s][info][gc,phases   ] GC(388)   Post Evacuate Collection Set: 2.5ms
[2024-08-15T13:03:12.213+0000][2088.157s][info][gc,phases   ] GC(388)   Other: 0.2ms
[2024-08-15T13:03:12.213+0000][2088.157s][info][gc,heap     ] GC(388) Eden regions: 713->0(705)
[2024-08-15T13:03:12.213+0000][2088.157s][info][gc,heap     ] GC(388) Survivor regions: 49->53(96)
[2024-08-15T13:03:12.213+0000][2088.157s][info][gc,heap     ] GC(388) Old regions: 408->408
[2024-08-15T13:03:12.213+0000][2088.157s][info][gc,heap     ] GC(388) Archive regions: 2->2
[2024-08-15T13:03:12.213+0000][2088.157s][info][gc,heap     ] GC(388) Humongous regions: 7->7
[2024-08-15T13:03:12.213+0000][2088.157s][info][gc,metaspace] GC(388) Metaspace: 438748K(445056K)->438748K(445056K) NonClass: 383803K(387392K)->383803K(387392K) Class: 54944K(57664K)->54944K(57664K)
[2024-08-15T13:03:12.213+0000][2088.157s][info][gc          ] GC(388) Pause Young (Normal) (G1 Evacuation Pause) 9411M->3743M(12288M) 149.430ms
[2024-08-15T13:03:12.213+0000][2088.157s][info][gc,cpu      ] GC(388) User=0.89s Sys=0.00s Real=0.14s
[2024-08-15T13:03:16.607+0000][2092.551s][info][gc,start    ] GC(389) Pause Young (Normal) (G1 Evacuation Pause)
[2024-08-15T13:03:16.607+0000][2092.552s][info][gc,task     ] GC(389) Using 6 workers of 6 for evacuation
[2024-08-15T13:03:16.772+0000][2092.717s][info][gc,phases   ] GC(389)   Pre Evacuate Collection Set: 0.2ms
[2024-08-15T13:03:16.772+0000][2092.717s][info][gc,phases   ] GC(389)   Merge Heap Roots: 0.4ms
[2024-08-15T13:03:16.772+0000][2092.717s][info][gc,phases   ] GC(389)   Evacuate Collection Set: 161.9ms
[2024-08-15T13:03:16.772+0000][2092.717s][info][gc,phases   ] GC(389)   Post Evacuate Collection Set: 2.6ms
[2024-08-15T13:03:16.772+0000][2092.717s][info][gc,phases   ] GC(389)   Other: 0.2ms
[2024-08-15T13:03:16.772+0000][2092.717s][info][gc,heap     ] GC(389) Eden regions: 705->0(705)
[2024-08-15T13:03:16.772+0000][2092.717s][info][gc,heap     ] GC(389) Survivor regions: 53->51(95)
[2024-08-15T13:03:16.772+0000][2092.717s][info][gc,heap     ] GC(389) Old regions: 408->412
[2024-08-15T13:03:16.772+0000][2092.717s][info][gc,heap     ] GC(389) Archive regions: 2->2
[2024-08-15T13:03:16.772+0000][2092.717s][info][gc,heap     ] GC(389) Humongous regions: 7->7
[2024-08-15T13:03:16.772+0000][2092.717s][info][gc,metaspace] GC(389) Metaspace: 438748K(445056K)->438748K(445056K) NonClass: 383803K(387392K)->383803K(387392K) Class: 54944K(57664K)->54944K(57664K)
[2024-08-15T13:03:16.772+0000][2092.717s][info][gc          ] GC(389) Pause Young (Normal) (G1 Evacuation Pause) 9383M->3758M(12288M) 165.332ms
[2024-08-15T13:03:16.772+0000][2092.717s][info][gc,cpu      ] GC(389) User=0.99s Sys=0.00s Real=0.16s
[2024-08-15T13:03:21.074+0000][2097.018s][info][gc,start    ] GC(390) Pause Young (Normal) (G1 Evacuation Pause)
[2024-08-15T13:03:21.074+0000][2097.018s][info][gc,task     ] GC(390) Using 6 workers of 6 for evacuation
[2024-08-15T13:03:21.235+0000][2097.179s][info][gc,phases   ] GC(390)   Pre Evacuate Collection Set: 0.2ms
[2024-08-15T13:03:21.235+0000][2097.179s][info][gc,phases   ] GC(390)   Merge Heap Roots: 0.4ms
[2024-08-15T13:03:21.235+0000][2097.179s][info][gc,phases   ] GC(390)   Evacuate Collection Set: 157.8ms
[2024-08-15T13:03:21.235+0000][2097.179s][info][gc,phases   ] GC(390)   Post Evacuate Collection Set: 2.5ms
[2024-08-15T13:03:21.235+0000][2097.179s][info][gc,phases   ] GC(390)   Other: 0.2ms
[2024-08-15T13:03:21.235+0000][2097.179s][info][gc,heap     ] GC(390) Eden regions: 705->0(705)
[2024-08-15T13:03:21.235+0000][2097.179s][info][gc,heap     ] GC(390) Survivor regions: 51->49(95)
[2024-08-15T13:03:21.235+0000][2097.179s][info][gc,heap     ] GC(390) Old regions: 412->416
[2024-08-15T13:03:21.235+0000][2097.179s][info][gc,heap     ] GC(390) Archive regions: 2->2
[2024-08-15T13:03:21.235+0000][2097.179s][info][gc,heap     ] GC(390) Humongous regions: 7->7
[2024-08-15T13:03:21.235+0000][2097.179s][info][gc,metaspace] GC(390) Metaspace: 438748K(445056K)->438748K(445056K) NonClass: 383803K(387392K)->383803K(387392K) Class: 54944K(57664K)->54944K(57664K)
[2024-08-15T13:03:21.235+0000][2097.180s][info][gc          ] GC(390) Pause Young (Normal) (G1 Evacuation Pause) 9398M->3776M(12288M) 161.200ms
[2024-08-15T13:03:21.235+0000][2097.180s][info][gc,cpu      ] GC(390) User=0.96s Sys=0.00s Real=0.16s
[2024-08-15T13:03:25.623+0000][2101.567s][info][gc,start    ] GC(391) Pause Young (Normal) (G1 Evacuation Pause)
[2024-08-15T13:03:25.623+0000][2101.567s][info][gc,task     ] GC(391) Using 6 workers of 6 for evacuation
[2024-08-15T13:03:25.767+0000][2101.712s][info][gc,phases   ] GC(391)   Pre Evacuate Collection Set: 0.2ms
[2024-08-15T13:03:25.767+0000][2101.712s][info][gc,phases   ] GC(391)   Merge Heap Roots: 0.4ms
[2024-08-15T13:03:25.767+0000][2101.712s][info][gc,phases   ] GC(391)   Evacuate Collection Set: 141.3ms
[2024-08-15T13:03:25.767+0000][2101.712s][info][gc,phases   ] GC(391)   Post Evacuate Collection Set: 2.5ms
[2024-08-15T13:03:25.767+0000][2101.712s][info][gc,phases   ] GC(391)   Other: 0.3ms
[2024-08-15T13:03:25.767+0000][2101.712s][info][gc,heap     ] GC(391) Eden regions: 705->0(703)
[2024-08-15T13:03:25.767+0000][2101.712s][info][gc,heap     ] GC(391) Survivor regions: 49->48(95)
[2024-08-15T13:03:25.767+0000][2101.712s][info][gc,heap     ] GC(391) Old regions: 416->420
[2024-08-15T13:03:25.767+0000][2101.712s][info][gc,heap     ] GC(391) Archive regions: 2->2
[2024-08-15T13:03:25.767+0000][2101.712s][info][gc,heap     ] GC(391) Humongous regions: 7->7
[2024-08-15T13:03:25.767+0000][2101.712s][info][gc,metaspace] GC(391) Metaspace: 438749K(445056K)->438749K(445056K) NonClass: 383804K(387392K)->383804K(387392K) Class: 54944K(57664K)->54944K(57664K)
[2024-08-15T13:03:25.767+0000][2101.712s][info][gc          ] GC(391) Pause Young (Normal) (G1 Evacuation Pause) 9416M->3804M(12288M) 144.701ms
[2024-08-15T13:03:25.767+0000][2101.712s][info][gc,cpu      ] GC(391) User=0.86s Sys=0.00s Real=0.15s
[2024-08-15T13:03:30.117+0000][2106.062s][info][gc,start    ] GC(392) Pause Young (Normal) (G1 Evacuation Pause)
[2024-08-15T13:03:30.117+0000][2106.062s][info][gc,task     ] GC(392) Using 6 workers of 6 for evacuation
[2024-08-15T13:03:30.263+0000][2106.208s][info][gc,phases   ] GC(392)   Pre Evacuate Collection Set: 0.2ms
[2024-08-15T13:03:30.263+0000][2106.208s][info][gc,phases   ] GC(392)   Merge Heap Roots: 0.4ms
[2024-08-15T13:03:30.263+0000][2106.208s][info][gc,phases   ] GC(392)   Evacuate Collection Set: 143.0ms
[2024-08-15T13:03:30.263+0000][2106.208s][info][gc,phases   ] GC(392)   Post Evacuate Collection Set: 2.4ms
[2024-08-15T13:03:30.263+0000][2106.208s][info][gc,phases   ] GC(392)   Other: 0.2ms
[2024-08-15T13:03:30.263+0000][2106.208s][info][gc,heap     ] GC(392) Eden regions: 703->0(695)
[2024-08-15T13:03:30.263+0000][2106.208s][info][gc,heap     ] GC(392) Survivor regions: 48->52(94)
[2024-08-15T13:03:30.263+0000][2106.208s][info][gc,heap     ] GC(392) Old regions: 420->420
[2024-08-15T13:03:30.263+0000][2106.208s][info][gc,heap     ] GC(392) Archive regions: 2->2
[2024-08-15T13:03:30.263+0000][2106.208s][info][gc,heap     ] GC(392) Humongous regions: 7->7
[2024-08-15T13:03:30.263+0000][2106.208s][info][gc,metaspace] GC(392) Metaspace: 438759K(445056K)->438759K(445056K) NonClass: 383814K(387392K)->383814K(387392K) Class: 54944K(57664K)->54944K(57664K)
[2024-08-15T13:03:30.263+0000][2106.208s][info][gc          ] GC(392) Pause Young (Normal) (G1 Evacuation Pause) 9428M->3836M(12288M) 146.244ms
[2024-08-15T13:03:30.263+0000][2106.208s][info][gc,cpu      ] GC(392) User=0.88s Sys=0.00s Real=0.15s
[2024-08-15T13:03:34.505+0000][2110.450s][info][gc,start    ] GC(393) Pause Young (Normal) (G1 Evacuation Pause)
[2024-08-15T13:03:34.505+0000][2110.450s][info][gc,task     ] GC(393) Using 6 workers of 6 for evacuation
[2024-08-15T13:03:34.650+0000][2110.594s][info][gc,phases   ] GC(393)   Pre Evacuate Collection Set: 0.2ms
[2024-08-15T13:03:34.650+0000][2110.594s][info][gc,phases   ] GC(393)   Merge Heap Roots: 0.4ms
[2024-08-15T13:03:34.650+0000][2110.594s][info][gc,phases   ] GC(393)   Evacuate Collection Set: 141.1ms
[2024-08-15T13:03:34.650+0000][2110.594s][info][gc,phases   ] GC(393)   Post Evacuate Collection Set: 2.5ms
[2024-08-15T13:03:34.650+0000][2110.594s][info][gc,phases   ] GC(393)   Other: 0.2ms
[2024-08-15T13:03:34.650+0000][2110.594s][info][gc,heap     ] GC(393) Eden regions: 695->0(693)
[2024-08-15T13:03:34.650+0000][2110.594s][info][gc,heap     ] GC(393) Survivor regions: 52->51(94)
[2024-08-15T13:03:34.650+0000][2110.594s][info][gc,heap     ] GC(393) Old regions: 420->424
[2024-08-15T13:03:34.650+0000][2110.594s][info][gc,heap     ] GC(393) Archive regions: 2->2
[2024-08-15T13:03:34.650+0000][2110.594s][info][gc,heap     ] GC(393) Humongous regions: 7->7
[2024-08-15T13:03:34.650+0000][2110.594s][info][gc,metaspace] GC(393) Metaspace: 438762K(445056K)->438762K(445056K) NonClass: 383817K(387392K)->383817K(387392K) Class: 54944K(57664K)->54944K(57664K)
[2024-08-15T13:03:34.650+0000][2110.594s][info][gc          ] GC(393) Pause Young (Normal) (G1 Evacuation Pause) 9396M->3853M(12288M) 144.525ms
[2024-08-15T13:03:34.650+0000][2110.595s][info][gc,cpu      ] GC(393) User=0.85s Sys=0.01s Real=0.14s
[2024-08-15T13:03:38.961+0000][2114.906s][info][gc,start    ] GC(394) Pause Young (Normal) (G1 Evacuation Pause)
[2024-08-15T13:03:38.961+0000][2114.906s][info][gc,task     ] GC(394) Using 6 workers of 6 for evacuation
[2024-08-15T13:03:39.102+0000][2115.046s][info][gc,phases   ] GC(394)   Pre Evacuate Collection Set: 0.2ms
[2024-08-15T13:03:39.102+0000][2115.046s][info][gc,phases   ] GC(394)   Merge Heap Roots: 0.3ms
[2024-08-15T13:03:39.102+0000][2115.046s][info][gc,phases   ] GC(394)   Evacuate Collection Set: 137.5ms
[2024-08-15T13:03:39.102+0000][2115.046s][info][gc,phases   ] GC(394)   Post Evacuate Collection Set: 2.4ms
[2024-08-15T13:03:39.102+0000][2115.046s][info][gc,phases   ] GC(394)   Other: 0.2ms
[2024-08-15T13:03:39.102+0000][2115.046s][info][gc,heap     ] GC(394) Eden regions: 693->0(692)
[2024-08-15T13:03:39.102+0000][2115.046s][info][gc,heap     ] GC(394) Survivor regions: 51->50(93)
[2024-08-15T13:03:39.102+0000][2115.046s][info][gc,heap     ] GC(394) Old regions: 424->427
[2024-08-15T13:03:39.102+0000][2115.046s][info][gc,heap     ] GC(394) Archive regions: 2->2
[2024-08-15T13:03:39.102+0000][2115.046s][info][gc,heap     ] GC(394) Humongous regions: 7->7
[2024-08-15T13:03:39.102+0000][2115.046s][info][gc,metaspace] GC(394) Metaspace: 438763K(445056K)->438763K(445056K) NonClass: 383818K(387392K)->383818K(387392K) Class: 54944K(57664K)->54944K(57664K)
[2024-08-15T13:03:39.102+0000][2115.046s][info][gc          ] GC(394) Pause Young (Normal) (G1 Evacuation Pause) 9397M->3873M(12288M) 140.675ms
[2024-08-15T13:03:39.102+0000][2115.046s][info][gc,cpu      ] GC(394) User=0.84s Sys=0.00s Real=0.14s
[2024-08-15T13:03:43.347+0000][2119.291s][info][gc,start    ] GC(395) Pause Young (Normal) (G1 Evacuation Pause)
[2024-08-15T13:03:43.347+0000][2119.292s][info][gc,task     ] GC(395) Using 6 workers of 6 for evacuation
[2024-08-15T13:03:43.482+0000][2119.426s][info][gc,phases   ] GC(395)   Pre Evacuate Collection Set: 0.2ms
[2024-08-15T13:03:43.482+0000][2119.426s][info][gc,phases   ] GC(395)   Merge Heap Roots: 0.3ms
[2024-08-15T13:03:43.482+0000][2119.426s][info][gc,phases   ] GC(395)   Evacuate Collection Set: 131.6ms
[2024-08-15T13:03:43.482+0000][2119.426s][info][gc,phases   ] GC(395)   Post Evacuate Collection Set: 2.4ms
[2024-08-15T13:03:43.482+0000][2119.426s][info][gc,phases   ] GC(395)   Other: 0.2ms
[2024-08-15T13:03:43.482+0000][2119.426s][info][gc,heap     ] GC(395) Eden regions: 692->0(697)
[2024-08-15T13:03:43.482+0000][2119.426s][info][gc,heap     ] GC(395) Survivor regions: 50->46(93)
[2024-08-15T13:03:43.482+0000][2119.426s][info][gc,heap     ] GC(395) Old regions: 427->430
[2024-08-15T13:03:43.482+0000][2119.426s][info][gc,heap     ] GC(395) Archive regions: 2->2
[2024-08-15T13:03:43.482+0000][2119.426s][info][gc,heap     ] GC(395) Humongous regions: 7->7
[2024-08-15T13:03:43.482+0000][2119.426s][info][gc,metaspace] GC(395) Metaspace: 438768K(445056K)->438768K(445056K) NonClass: 383823K(387392K)->383823K(387392K) Class: 54944K(57664K)->54944K(57664K)
[2024-08-15T13:03:43.482+0000][2119.426s][info][gc          ] GC(395) Pause Young (Normal) (G1 Evacuation Pause) 9409M->3859M(12288M) 134.802ms
[2024-08-15T13:03:43.482+0000][2119.426s][info][gc,cpu      ] GC(395) User=0.79s Sys=0.00s Real=0.13s
[2024-08-15T13:03:47.569+0000][2123.514s][info][gc,start    ] GC(396) Pause Young (Normal) (G1 Evacuation Pause)
[2024-08-15T13:03:47.569+0000][2123.514s][info][gc,task     ] GC(396) Using 6 workers of 6 for evacuation
[2024-08-15T13:03:47.700+0000][2123.644s][info][gc,phases   ] GC(396)   Pre Evacuate Collection Set: 0.2ms
[2024-08-15T13:03:47.700+0000][2123.644s][info][gc,phases   ] GC(396)   Merge Heap Roots: 0.3ms
[2024-08-15T13:03:47.700+0000][2123.644s][info][gc,phases   ] GC(396)   Evacuate Collection Set: 127.4ms
[2024-08-15T13:03:47.700+0000][2123.644s][info][gc,phases   ] GC(396)   Post Evacuate Collection Set: 2.4ms
[2024-08-15T13:03:47.700+0000][2123.644s][info][gc,phases   ] GC(396)   Other: 0.2ms
[2024-08-15T13:03:47.700+0000][2123.644s][info][gc,heap     ] GC(396) Eden regions: 697->0(695)
[2024-08-15T13:03:47.700+0000][2123.644s][info][gc,heap     ] GC(396) Survivor regions: 46->45(93)
[2024-08-15T13:03:47.700+0000][2123.644s][info][gc,heap     ] GC(396) Old regions: 430->434
[2024-08-15T13:03:47.700+0000][2123.644s][info][gc,heap     ] GC(396) Archive regions: 2->2
[2024-08-15T13:03:47.700+0000][2123.644s][info][gc,heap     ] GC(396) Humongous regions: 7->7
[2024-08-15T13:03:47.700+0000][2123.644s][info][gc,metaspace] GC(396) Metaspace: 438768K(445056K)->438768K(445056K) NonClass: 383823K(387392K)->383823K(387392K) Class: 54945K(57664K)->54945K(57664K)
[2024-08-15T13:03:47.700+0000][2123.644s][info][gc          ] GC(396) Pause Young (Normal) (G1 Evacuation Pause) 9435M->3888M(12288M) 130.499ms
[2024-08-15T13:03:47.700+0000][2123.644s][info][gc,cpu      ] GC(396) User=0.78s Sys=0.00s Real=0.13s
[2024-08-15T13:03:51.849+0000][2127.794s][info][gc,start    ] GC(397) Pause Young (Normal) (G1 Evacuation Pause)
[2024-08-15T13:03:51.849+0000][2127.794s][info][gc,task     ] GC(397) Using 6 workers of 6 for evacuation
[2024-08-15T13:03:51.970+0000][2127.915s][info][gc,phases   ] GC(397)   Pre Evacuate Collection Set: 0.2ms
[2024-08-15T13:03:51.970+0000][2127.915s][info][gc,phases   ] GC(397)   Merge Heap Roots: 0.3ms
[2024-08-15T13:03:51.970+0000][2127.915s][info][gc,phases   ] GC(397)   Evacuate Collection Set: 117.6ms
[2024-08-15T13:03:51.970+0000][2127.915s][info][gc,phases   ] GC(397)   Post Evacuate Collection Set: 2.5ms
[2024-08-15T13:03:51.970+0000][2127.915s][info][gc,phases   ] GC(397)   Other: 0.2ms
[2024-08-15T13:03:51.970+0000][2127.915s][info][gc,heap     ] GC(397) Eden regions: 695->0(695)
[2024-08-15T13:03:51.970+0000][2127.915s][info][gc,heap     ] GC(397) Survivor regions: 45->43(93)
[2024-08-15T13:03:51.970+0000][2127.915s][info][gc,heap     ] GC(397) Old regions: 434->438
[2024-08-15T13:03:51.970+0000][2127.915s][info][gc,heap     ] GC(397) Archive regions: 2->2
[2024-08-15T13:03:51.970+0000][2127.915s][info][gc,heap     ] GC(397) Humongous regions: 7->7
[2024-08-15T13:03:51.970+0000][2127.915s][info][gc,metaspace] GC(397) Metaspace: 438768K(445056K)->438768K(445056K) NonClass: 383823K(387392K)->383823K(387392K) Class: 54945K(57664K)->54945K(57664K)
[2024-08-15T13:03:51.970+0000][2127.915s][info][gc          ] GC(397) Pause Young (Normal) (G1 Evacuation Pause) 9448M->3905M(12288M) 120.827ms
[2024-08-15T13:03:51.970+0000][2127.915s][info][gc,cpu      ] GC(397) User=0.72s Sys=0.00s Real=0.12s
[2024-08-15T13:03:56.244+0000][2132.188s][info][gc,start    ] GC(398) Pause Young (Normal) (G1 Evacuation Pause)
[2024-08-15T13:03:56.244+0000][2132.188s][info][gc,task     ] GC(398) Using 6 workers of 6 for evacuation
[2024-08-15T13:03:56.359+0000][2132.304s][info][gc,phases   ] GC(398)   Pre Evacuate Collection Set: 0.2ms
[2024-08-15T13:03:56.359+0000][2132.304s][info][gc,phases   ] GC(398)   Merge Heap Roots: 0.3ms
[2024-08-15T13:03:56.359+0000][2132.304s][info][gc,phases   ] GC(398)   Evacuate Collection Set: 112.3ms
[2024-08-15T13:03:56.359+0000][2132.304s][info][gc,phases   ] GC(398)   Post Evacuate Collection Set: 2.4ms
[2024-08-15T13:03:56.359+0000][2132.304s][info][gc,phases   ] GC(398)   Other: 0.2ms
[2024-08-15T13:03:56.359+0000][2132.304s][info][gc,heap     ] GC(398) Eden regions: 695->0(695)
[2024-08-15T13:03:56.359+0000][2132.304s][info][gc,heap     ] GC(398) Survivor regions: 43->41(93)
[2024-08-15T13:03:56.359+0000][2132.304s][info][gc,heap     ] GC(398) Old regions: 438->442
[2024-08-15T13:03:56.359+0000][2132.304s][info][gc,heap     ] GC(398) Archive regions: 2->2
[2024-08-15T13:03:56.359+0000][2132.304s][info][gc,heap     ] GC(398) Humongous regions: 7->7
[2024-08-15T13:03:56.359+0000][2132.304s][info][gc,metaspace] GC(398) Metaspace: 438769K(445056K)->438769K(445056K) NonClass: 383823K(387392K)->383823K(387392K) Class: 54946K(57664K)->54946K(57664K)
[2024-08-15T13:03:56.359+0000][2132.304s][info][gc          ] GC(398) Pause Young (Normal) (G1 Evacuation Pause) 9465M->3918M(12288M) 115.450ms
[2024-08-15T13:03:56.359+0000][2132.304s][info][gc,cpu      ] GC(398) User=0.69s Sys=0.01s Real=0.11s
[2024-08-15T13:04:00.621+0000][2136.566s][info][gc,start    ] GC(399) Pause Young (Normal) (G1 Evacuation Pause)
[2024-08-15T13:04:00.621+0000][2136.566s][info][gc,task     ] GC(399) Using 6 workers of 6 for evacuation
[2024-08-15T13:04:00.731+0000][2136.676s][info][gc,phases   ] GC(399)   Pre Evacuate Collection Set: 0.2ms
[2024-08-15T13:04:00.731+0000][2136.676s][info][gc,phases   ] GC(399)   Merge Heap Roots: 0.3ms
[2024-08-15T13:04:00.731+0000][2136.676s][info][gc,phases   ] GC(399)   Evacuate Collection Set: 107.0ms
[2024-08-15T13:04:00.731+0000][2136.676s][info][gc,phases   ] GC(399)   Post Evacuate Collection Set: 2.6ms
[2024-08-15T13:04:00.731+0000][2136.676s][info][gc,phases   ] GC(399)   Other: 0.2ms
[2024-08-15T13:04:00.731+0000][2136.676s][info][gc,heap     ] GC(399) Eden regions: 695->0(692)
[2024-08-15T13:04:00.731+0000][2136.676s][info][gc,heap     ] GC(399) Survivor regions: 41->41(92)
[2024-08-15T13:04:00.731+0000][2136.676s][info][gc,heap     ] GC(399) Old regions: 442->445
[2024-08-15T13:04:00.731+0000][2136.676s][info][gc,heap     ] GC(399) Archive regions: 2->2
[2024-08-15T13:04:00.731+0000][2136.676s][info][gc,heap     ] GC(399) Humongous regions: 7->7
[2024-08-15T13:04:00.731+0000][2136.676s][info][gc,metaspace] GC(399) Metaspace: 438769K(445056K)->438769K(445056K) NonClass: 383823K(387392K)->383823K(387392K) Class: 54946K(57664K)->54946K(57664K)
[2024-08-15T13:04:00.731+0000][2136.676s][info][gc          ] GC(399) Pause Young (Normal) (G1 Evacuation Pause) 9478M->3942M(12288M) 110.359ms
[2024-08-15T13:04:00.731+0000][2136.676s][info][gc,cpu      ] GC(399) User=0.66s Sys=0.00s Real=0.11s
[2024-08-15T13:04:05.018+0000][2140.963s][info][gc,start    ] GC(400) Pause Young (Normal) (G1 Evacuation Pause)
[2024-08-15T13:04:05.018+0000][2140.963s][info][gc,task     ] GC(400) Using 6 workers of 6 for evacuation
[2024-08-15T13:04:05.130+0000][2141.075s][info][gc,phases   ] GC(400)   Pre Evacuate Collection Set: 0.2ms
[2024-08-15T13:04:05.130+0000][2141.075s][info][gc,phases   ] GC(400)   Merge Heap Roots: 0.3ms
[2024-08-15T13:04:05.130+0000][2141.075s][info][gc,phases   ] GC(400)   Evacuate Collection Set: 108.7ms
[2024-08-15T13:04:05.130+0000][2141.075s][info][gc,phases   ] GC(400)   Post Evacuate Collection Set: 2.4ms
[2024-08-15T13:04:05.130+0000][2141.075s][info][gc,phases   ] GC(400)   Other: 0.2ms
[2024-08-15T13:04:05.130+0000][2141.075s][info][gc,heap     ] GC(400) Eden regions: 692->0(686)
[2024-08-15T13:04:05.130+0000][2141.075s][info][gc,heap     ] GC(400) Survivor regions: 41->43(92)
[2024-08-15T13:04:05.130+0000][2141.075s][info][gc,heap     ] GC(400) Old regions: 445->447
[2024-08-15T13:04:05.130+0000][2141.075s][info][gc,heap     ] GC(400) Archive regions: 2->2
[2024-08-15T13:04:05.130+0000][2141.075s][info][gc,heap     ] GC(400) Humongous regions: 7->7
[2024-08-15T13:04:05.130+0000][2141.075s][info][gc,metaspace] GC(400) Metaspace: 438776K(445056K)->438776K(445056K) NonClass: 383829K(387392K)->383829K(387392K) Class: 54946K(57664K)->54946K(57664K)
[2024-08-15T13:04:05.130+0000][2141.075s][info][gc          ] GC(400) Pause Young (Normal) (G1 Evacuation Pause) 9478M->3972M(12288M) 111.831ms
[2024-08-15T13:04:05.130+0000][2141.075s][info][gc,cpu      ] GC(400) User=0.66s Sys=0.00s Real=0.11s
[2024-08-15T13:04:09.393+0000][2145.338s][info][gc,start    ] GC(401) Pause Young (Normal) (G1 Evacuation Pause)
[2024-08-15T13:04:09.393+0000][2145.338s][info][gc,task     ] GC(401) Using 6 workers of 6 for evacuation
[2024-08-15T13:04:09.507+0000][2145.451s][info][gc,phases   ] GC(401)   Pre Evacuate Collection Set: 0.2ms
[2024-08-15T13:04:09.507+0000][2145.451s][info][gc,phases   ] GC(401)   Merge Heap Roots: 0.3ms
[2024-08-15T13:04:09.507+0000][2145.451s][info][gc,phases   ] GC(401)   Evacuate Collection Set: 110.5ms
[2024-08-15T13:04:09.507+0000][2145.451s][info][gc,phases   ] GC(401)   Post Evacuate Collection Set: 2.5ms
[2024-08-15T13:04:09.507+0000][2145.451s][info][gc,phases   ] GC(401)   Other: 0.2ms
[2024-08-15T13:04:09.507+0000][2145.451s][info][gc,heap     ] GC(401) Eden regions: 686->0(688)
[2024-08-15T13:04:09.507+0000][2145.451s][info][gc,heap     ] GC(401) Survivor regions: 43->41(92)
[2024-08-15T13:04:09.507+0000][2145.451s][info][gc,heap     ] GC(401) Old regions: 447->449
[2024-08-15T13:04:09.507+0000][2145.451s][info][gc,heap     ] GC(401) Archive regions: 2->2
[2024-08-15T13:04:09.507+0000][2145.451s][info][gc,heap     ] GC(401) Humongous regions: 7->7
[2024-08-15T13:04:09.507+0000][2145.451s][info][gc,metaspace] GC(401) Metaspace: 438777K(445056K)->438777K(445056K) NonClass: 383830K(387392K)->383830K(387392K) Class: 54946K(57664K)->54946K(57664K)
[2024-08-15T13:04:09.507+0000][2145.451s][info][gc          ] GC(401) Pause Young (Normal) (G1 Evacuation Pause) 9460M->3978M(12288M) 113.664ms
[2024-08-15T13:04:09.507+0000][2145.452s][info][gc,cpu      ] GC(401) User=0.68s Sys=0.00s Real=0.12s
[2024-08-15T13:04:13.708+0000][2149.652s][info][gc,start    ] GC(402) Pause Young (Normal) (G1 Evacuation Pause)
[2024-08-15T13:04:13.708+0000][2149.652s][info][gc,task     ] GC(402) Using 6 workers of 6 for evacuation
[2024-08-15T13:04:13.819+0000][2149.764s][info][gc,phases   ] GC(402)   Pre Evacuate Collection Set: 0.2ms
[2024-08-15T13:04:13.819+0000][2149.764s][info][gc,phases   ] GC(402)   Merge Heap Roots: 0.3ms
[2024-08-15T13:04:13.819+0000][2149.764s][info][gc,phases   ] GC(402)   Evacuate Collection Set: 108.2ms
[2024-08-15T13:04:13.819+0000][2149.764s][info][gc,phases   ] GC(402)   Post Evacuate Collection Set: 2.3ms
[2024-08-15T13:04:13.819+0000][2149.764s][info][gc,phases   ] GC(402)   Other: 0.2ms
[2024-08-15T13:04:13.819+0000][2149.764s][info][gc,heap     ] GC(402) Eden regions: 688->0(686)
[2024-08-15T13:04:13.819+0000][2149.764s][info][gc,heap     ] GC(402) Survivor regions: 41->41(92)
[2024-08-15T13:04:13.819+0000][2149.764s][info][gc,heap     ] GC(402) Old regions: 449->451
[2024-08-15T13:04:13.819+0000][2149.764s][info][gc,heap     ] GC(402) Archive regions: 2->2
[2024-08-15T13:04:13.819+0000][2149.764s][info][gc,heap     ] GC(402) Humongous regions: 7->7
[2024-08-15T13:04:13.819+0000][2149.764s][info][gc,metaspace] GC(402) Metaspace: 438779K(445120K)->438779K(445120K) NonClass: 383832K(387456K)->383832K(387456K) Class: 54946K(57664K)->54946K(57664K)
[2024-08-15T13:04:13.819+0000][2149.764s][info][gc          ] GC(402) Pause Young (Normal) (G1 Evacuation Pause) 9482M->3996M(12288M) 111.198ms
[2024-08-15T13:04:13.819+0000][2149.764s][info][gc,cpu      ] GC(402) User=0.67s Sys=0.00s Real=0.11s
[2024-08-15T13:04:17.920+0000][2153.864s][info][gc,start    ] GC(403) Pause Young (Normal) (G1 Evacuation Pause)
[2024-08-15T13:04:17.920+0000][2153.864s][info][gc,task     ] GC(403) Using 6 workers of 6 for evacuation
[2024-08-15T13:04:18.046+0000][2153.991s][info][gc,phases   ] GC(403)   Pre Evacuate Collection Set: 0.2ms
[2024-08-15T13:04:18.046+0000][2153.991s][info][gc,phases   ] GC(403)   Merge Heap Roots: 0.3ms
[2024-08-15T13:04:18.046+0000][2153.991s][info][gc,phases   ] GC(403)   Evacuate Collection Set: 123.6ms
[2024-08-15T13:04:18.046+0000][2153.991s][info][gc,phases   ] GC(403)   Post Evacuate Collection Set: 2.6ms
[2024-08-15T13:04:18.046+0000][2153.991s][info][gc,phases   ] GC(403)   Other: 0.2ms
[2024-08-15T13:04:18.046+0000][2153.991s][info][gc,heap     ] GC(403) Eden regions: 686->0(687)
[2024-08-15T13:04:18.046+0000][2153.991s][info][gc,heap     ] GC(403) Survivor regions: 41->39(91)
[2024-08-15T13:04:18.046+0000][2153.991s][info][gc,heap     ] GC(403) Old regions: 451->454
[2024-08-15T13:04:18.046+0000][2153.991s][info][gc,heap     ] GC(403) Archive regions: 2->2
[2024-08-15T13:04:18.046+0000][2153.991s][info][gc,heap     ] GC(403) Humongous regions: 7->7
[2024-08-15T13:04:18.046+0000][2153.991s][info][gc,metaspace] GC(403) Metaspace: 438780K(445120K)->438780K(445120K) NonClass: 383833K(387456K)->383833K(387456K) Class: 54946K(57664K)->54946K(57664K)
[2024-08-15T13:04:18.047+0000][2153.991s][info][gc          ] GC(403) Pause Young (Normal) (G1 Evacuation Pause) 9484M->3998M(12288M) 126.917ms
[2024-08-15T13:04:18.047+0000][2153.991s][info][gc,cpu      ] GC(403) User=0.76s Sys=0.00s Real=0.13s
[2024-08-15T13:04:22.239+0000][2158.184s][info][gc,start    ] GC(404) Pause Young (Normal) (G1 Evacuation Pause)
[2024-08-15T13:04:22.239+0000][2158.184s][info][gc,task     ] GC(404) Using 6 workers of 6 for evacuation
[2024-08-15T13:04:22.353+0000][2158.297s][info][gc,phases   ] GC(404)   Pre Evacuate Collection Set: 0.2ms
[2024-08-15T13:04:22.353+0000][2158.297s][info][gc,phases   ] GC(404)   Merge Heap Roots: 0.3ms
[2024-08-15T13:04:22.353+0000][2158.297s][info][gc,phases   ] GC(404)   Evacuate Collection Set: 110.3ms
[2024-08-15T13:04:22.353+0000][2158.297s][info][gc,phases   ] GC(404)   Post Evacuate Collection Set: 2.4ms
[2024-08-15T13:04:22.353+0000][2158.297s][info][gc,phases   ] GC(404)   Other: 0.2ms
[2024-08-15T13:04:22.353+0000][2158.297s][info][gc,heap     ] GC(404) Eden regions: 687->0(681)
[2024-08-15T13:04:22.353+0000][2158.297s][info][gc,heap     ] GC(404) Survivor regions: 39->41(91)
[2024-08-15T13:04:22.353+0000][2158.297s][info][gc,heap     ] GC(404) Old regions: 454->456
[2024-08-15T13:04:22.353+0000][2158.297s][info][gc,heap     ] GC(404) Archive regions: 2->2
[2024-08-15T13:04:22.353+0000][2158.297s][info][gc,heap     ] GC(404) Humongous regions: 7->7
[2024-08-15T13:04:22.353+0000][2158.297s][info][gc,metaspace] GC(404) Metaspace: 438780K(445120K)->438780K(445120K) NonClass: 383833K(387456K)->383833K(387456K) Class: 54946K(57664K)->54946K(57664K)
[2024-08-15T13:04:22.353+0000][2158.297s][info][gc          ] GC(404) Pause Young (Normal) (G1 Evacuation Pause) 9494M->4028M(12288M) 113.442ms
[2024-08-15T13:04:22.353+0000][2158.297s][info][gc,cpu      ] GC(404) User=0.68s Sys=0.00s Real=0.11s
[2024-08-15T13:04:26.531+0000][2162.476s][info][gc,start    ] GC(405) Pause Young (Normal) (G1 Evacuation Pause)
[2024-08-15T13:04:26.531+0000][2162.476s][info][gc,task     ] GC(405) Using 6 workers of 6 for evacuation
[2024-08-15T13:04:26.642+0000][2162.587s][info][gc,phases   ] GC(405)   Pre Evacuate Collection Set: 0.2ms
[2024-08-15T13:04:26.642+0000][2162.587s][info][gc,phases   ] GC(405)   Merge Heap Roots: 0.3ms
[2024-08-15T13:04:26.642+0000][2162.587s][info][gc,phases   ] GC(405)   Evacuate Collection Set: 108.2ms
[2024-08-15T13:04:26.642+0000][2162.587s][info][gc,phases   ] GC(405)   Post Evacuate Collection Set: 2.4ms
[2024-08-15T13:04:26.642+0000][2162.587s][info][gc,phases   ] GC(405)   Other: 0.2ms
[2024-08-15T13:04:26.642+0000][2162.587s][info][gc,heap     ] GC(405) Eden regions: 681->0(679)
[2024-08-15T13:04:26.642+0000][2162.587s][info][gc,heap     ] GC(405) Survivor regions: 41->41(91)
[2024-08-15T13:04:26.642+0000][2162.587s][info][gc,heap     ] GC(405) Old regions: 456->458
[2024-08-15T13:04:26.642+0000][2162.587s][info][gc,heap     ] GC(405) Archive regions: 2->2
[2024-08-15T13:04:26.642+0000][2162.587s][info][gc,heap     ] GC(405) Humongous regions: 7->7
[2024-08-15T13:04:26.642+0000][2162.587s][info][gc,metaspace] GC(405) Metaspace: 438780K(445120K)->438780K(445120K) NonClass: 383833K(387456K)->383833K(387456K) Class: 54946K(57664K)->54946K(57664K)
[2024-08-15T13:04:26.642+0000][2162.587s][info][gc          ] GC(405) Pause Young (Normal) (G1 Evacuation Pause) 9476M->4050M(12288M) 111.398ms
[2024-08-15T13:04:26.642+0000][2162.587s][info][gc,cpu      ] GC(405) User=0.68s Sys=0.00s Real=0.11s
[2024-08-15T13:04:30.760+0000][2166.705s][info][gc,start    ] GC(406) Pause Young (Normal) (G1 Evacuation Pause)
[2024-08-15T13:04:30.760+0000][2166.705s][info][gc,task     ] GC(406) Using 6 workers of 6 for evacuation
[2024-08-15T13:04:30.874+0000][2166.819s][info][gc,phases   ] GC(406)   Pre Evacuate Collection Set: 0.2ms
[2024-08-15T13:04:30.874+0000][2166.819s][info][gc,phases   ] GC(406)   Merge Heap Roots: 0.3ms
[2024-08-15T13:04:30.874+0000][2166.819s][info][gc,phases   ] GC(406)   Evacuate Collection Set: 110.8ms
[2024-08-15T13:04:30.874+0000][2166.819s][info][gc,phases   ] GC(406)   Post Evacuate Collection Set: 2.5ms
[2024-08-15T13:04:30.874+0000][2166.819s][info][gc,phases   ] GC(406)   Other: 0.2ms
[2024-08-15T13:04:30.874+0000][2166.819s][info][gc,heap     ] GC(406) Eden regions: 679->0(672)
[2024-08-15T13:04:30.874+0000][2166.819s][info][gc,heap     ] GC(406) Survivor regions: 41->43(90)
[2024-08-15T13:04:30.874+0000][2166.819s][info][gc,heap     ] GC(406) Old regions: 458->461
[2024-08-15T13:04:30.874+0000][2166.819s][info][gc,heap     ] GC(406) Archive regions: 2->2
[2024-08-15T13:04:30.874+0000][2166.819s][info][gc,heap     ] GC(406) Humongous regions: 7->7
[2024-08-15T13:04:30.874+0000][2166.819s][info][gc,metaspace] GC(406) Metaspace: 438837K(445184K)->438837K(445184K) NonClass: 383887K(387520K)->383887K(387520K) Class: 54949K(57664K)->54949K(57664K)
[2024-08-15T13:04:30.874+0000][2166.819s][info][gc          ] GC(406) Pause Young (Normal) (G1 Evacuation Pause) 9482M->4085M(12288M) 114.052ms
[2024-08-15T13:04:30.874+0000][2166.819s][info][gc,cpu      ] GC(406) User=0.67s Sys=0.01s Real=0.11s
[2024-08-15T13:04:34.925+0000][2170.870s][info][gc,start    ] GC(407) Pause Young (Normal) (G1 Evacuation Pause)
[2024-08-15T13:04:34.925+0000][2170.870s][info][gc,task     ] GC(407) Using 6 workers of 6 for evacuation
[2024-08-15T13:04:35.038+0000][2170.983s][info][gc,phases   ] GC(407)   Pre Evacuate Collection Set: 0.2ms
[2024-08-15T13:04:35.038+0000][2170.983s][info][gc,phases   ] GC(407)   Merge Heap Roots: 0.3ms
[2024-08-15T13:04:35.038+0000][2170.983s][info][gc,phases   ] GC(407)   Evacuate Collection Set: 110.4ms
[2024-08-15T13:04:35.038+0000][2170.983s][info][gc,phases   ] GC(407)   Post Evacuate Collection Set: 2.3ms
[2024-08-15T13:04:35.038+0000][2170.983s][info][gc,phases   ] GC(407)   Other: 0.2ms
[2024-08-15T13:04:35.038+0000][2170.983s][info][gc,heap     ] GC(407) Eden regions: 672->0(672)
[2024-08-15T13:04:35.038+0000][2170.983s][info][gc,heap     ] GC(407) Survivor regions: 43->42(90)
[2024-08-15T13:04:35.038+0000][2170.983s][info][gc,heap     ] GC(407) Old regions: 461->463
[2024-08-15T13:04:35.038+0000][2170.983s][info][gc,heap     ] GC(407) Archive regions: 2->2
[2024-08-15T13:04:35.038+0000][2170.983s][info][gc,heap     ] GC(407) Humongous regions: 7->7
[2024-08-15T13:04:35.038+0000][2170.983s][info][gc,metaspace] GC(407) Metaspace: 438838K(445184K)->438838K(445184K) NonClass: 383888K(387520K)->383888K(387520K) Class: 54949K(57664K)->54949K(57664K)
[2024-08-15T13:04:35.038+0000][2170.983s][info][gc          ] GC(407) Pause Young (Normal) (G1 Evacuation Pause) 9461M->4095M(12288M) 113.449ms
[2024-08-15T13:04:35.038+0000][2170.983s][info][gc,cpu      ] GC(407) User=0.68s Sys=0.00s Real=0.11s
[2024-08-15T13:04:39.100+0000][2175.044s][info][gc,start    ] GC(408) Pause Young (Normal) (G1 Evacuation Pause)
[2024-08-15T13:04:39.100+0000][2175.044s][info][gc,task     ] GC(408) Using 6 workers of 6 for evacuation
[2024-08-15T13:04:39.213+0000][2175.157s][info][gc,phases   ] GC(408)   Pre Evacuate Collection Set: 0.2ms
[2024-08-15T13:04:39.213+0000][2175.157s][info][gc,phases   ] GC(408)   Merge Heap Roots: 0.3ms
[2024-08-15T13:04:39.213+0000][2175.157s][info][gc,phases   ] GC(408)   Evacuate Collection Set: 109.9ms
[2024-08-15T13:04:39.213+0000][2175.157s][info][gc,phases   ] GC(408)   Post Evacuate Collection Set: 2.5ms
[2024-08-15T13:04:39.213+0000][2175.157s][info][gc,phases   ] GC(408)   Other: 0.2ms
[2024-08-15T13:04:39.213+0000][2175.157s][info][gc,heap     ] GC(408) Eden regions: 672->0(670)
[2024-08-15T13:04:39.213+0000][2175.158s][info][gc,heap     ] GC(408) Survivor regions: 42->42(90)
[2024-08-15T13:04:39.213+0000][2175.158s][info][gc,heap     ] GC(408) Old regions: 463->465
[2024-08-15T13:04:39.213+0000][2175.158s][info][gc,heap     ] GC(408) Archive regions: 2->2
[2024-08-15T13:04:39.213+0000][2175.158s][info][gc,heap     ] GC(408) Humongous regions: 7->7
[2024-08-15T13:04:39.213+0000][2175.158s][info][gc,metaspace] GC(408) Metaspace: 438838K(445184K)->438838K(445184K) NonClass: 383889K(387520K)->383889K(387520K) Class: 54949K(57664K)->54949K(57664K)
[2024-08-15T13:04:39.213+0000][2175.158s][info][gc          ] GC(408) Pause Young (Normal) (G1 Evacuation Pause) 9471M->4108M(12288M) 113.136ms
[2024-08-15T13:04:39.213+0000][2175.158s][info][gc,cpu      ] GC(408) User=0.68s Sys=0.00s Real=0.11s
[2024-08-15T13:04:43.300+0000][2179.245s][info][gc,start    ] GC(409) Pause Young (Normal) (G1 Evacuation Pause)
[2024-08-15T13:04:43.300+0000][2179.245s][info][gc,task     ] GC(409) Using 6 workers of 6 for evacuation
[2024-08-15T13:04:43.412+0000][2179.356s][info][gc,phases   ] GC(409)   Pre Evacuate Collection Set: 0.2ms
[2024-08-15T13:04:43.412+0000][2179.356s][info][gc,phases   ] GC(409)   Merge Heap Roots: 0.3ms
[2024-08-15T13:04:43.412+0000][2179.356s][info][gc,phases   ] GC(409)   Evacuate Collection Set: 108.6ms
[2024-08-15T13:04:43.412+0000][2179.356s][info][gc,phases   ] GC(409)   Post Evacuate Collection Set: 2.5ms
[2024-08-15T13:04:43.412+0000][2179.356s][info][gc,phases   ] GC(409)   Other: 0.2ms
[2024-08-15T13:04:43.412+0000][2179.356s][info][gc,heap     ] GC(409) Eden regions: 670->0(670)
[2024-08-15T13:04:43.412+0000][2179.356s][info][gc,heap     ] GC(409) Survivor regions: 42->41(89)
[2024-08-15T13:04:43.412+0000][2179.356s][info][gc,heap     ] GC(409) Old regions: 465->467
[2024-08-15T13:04:43.412+0000][2179.356s][info][gc,heap     ] GC(409) Archive regions: 2->2
[2024-08-15T13:04:43.412+0000][2179.356s][info][gc,heap     ] GC(409) Humongous regions: 7->7
[2024-08-15T13:04:43.412+0000][2179.356s][info][gc,metaspace] GC(409) Metaspace: 438842K(445184K)->438842K(445184K) NonClass: 383892K(387520K)->383892K(387520K) Class: 54950K(57664K)->54950K(57664K)
[2024-08-15T13:04:43.412+0000][2179.356s][info][gc          ] GC(409) Pause Young (Normal) (G1 Evacuation Pause) 9468M->4122M(12288M) 111.866ms
[2024-08-15T13:04:43.412+0000][2179.357s][info][gc,cpu      ] GC(409) User=0.67s Sys=0.00s Real=0.11s
[2024-08-15T13:04:47.484+0000][2183.429s][info][gc,start    ] GC(410) Pause Young (Normal) (G1 Evacuation Pause)
[2024-08-15T13:04:47.484+0000][2183.429s][info][gc,task     ] GC(410) Using 6 workers of 6 for evacuation
[2024-08-15T13:04:47.594+0000][2183.539s][info][gc,phases   ] GC(410)   Pre Evacuate Collection Set: 0.2ms
[2024-08-15T13:04:47.594+0000][2183.539s][info][gc,phases   ] GC(410)   Merge Heap Roots: 0.3ms
[2024-08-15T13:04:47.594+0000][2183.539s][info][gc,phases   ] GC(410)   Evacuate Collection Set: 106.7ms
[2024-08-15T13:04:47.594+0000][2183.539s][info][gc,phases   ] GC(410)   Post Evacuate Collection Set: 2.5ms
[2024-08-15T13:04:47.594+0000][2183.539s][info][gc,phases   ] GC(410)   Other: 0.2ms
[2024-08-15T13:04:47.594+0000][2183.539s][info][gc,heap     ] GC(410) Eden regions: 670->0(664)
[2024-08-15T13:04:47.594+0000][2183.539s][info][gc,heap     ] GC(410) Survivor regions: 41->43(89)
[2024-08-15T13:04:47.594+0000][2183.539s][info][gc,heap     ] GC(410) Old regions: 467->469
[2024-08-15T13:04:47.594+0000][2183.539s][info][gc,heap     ] GC(410) Archive regions: 2->2
[2024-08-15T13:04:47.594+0000][2183.539s][info][gc,heap     ] GC(410) Humongous regions: 7->7
[2024-08-15T13:04:47.594+0000][2183.539s][info][gc,metaspace] GC(410) Metaspace: 438843K(445184K)->438843K(445184K) NonClass: 383893K(387520K)->383893K(387520K) Class: 54950K(57664K)->54950K(57664K)
[2024-08-15T13:04:47.594+0000][2183.539s][info][gc          ] GC(410) Pause Young (Normal) (G1 Evacuation Pause) 9482M->4155M(12288M) 109.876ms
[2024-08-15T13:04:47.594+0000][2183.539s][info][gc,cpu      ] GC(410) User=0.65s Sys=0.00s Real=0.10s
[2024-08-15T13:04:51.573+0000][2187.518s][info][gc,start    ] GC(411) Pause Young (Normal) (G1 Evacuation Pause)
[2024-08-15T13:04:51.573+0000][2187.518s][info][gc,task     ] GC(411) Using 6 workers of 6 for evacuation
[2024-08-15T13:04:51.683+0000][2187.628s][info][gc,phases   ] GC(411)   Pre Evacuate Collection Set: 0.2ms
[2024-08-15T13:04:51.683+0000][2187.628s][info][gc,phases   ] GC(411)   Merge Heap Roots: 0.3ms
[2024-08-15T13:04:51.683+0000][2187.628s][info][gc,phases   ] GC(411)   Evacuate Collection Set: 107.0ms
[2024-08-15T13:04:51.683+0000][2187.628s][info][gc,phases   ] GC(411)   Post Evacuate Collection Set: 2.4ms
[2024-08-15T13:04:51.683+0000][2187.628s][info][gc,phases   ] GC(411)   Other: 0.2ms
[2024-08-15T13:04:51.683+0000][2187.628s][info][gc,heap     ] GC(411) Eden regions: 664->0(662)
[2024-08-15T13:04:51.683+0000][2187.628s][info][gc,heap     ] GC(411) Survivor regions: 43->43(89)
[2024-08-15T13:04:51.683+0000][2187.628s][info][gc,heap     ] GC(411) Old regions: 469->471
[2024-08-15T13:04:51.683+0000][2187.628s][info][gc,heap     ] GC(411) Archive regions: 2->2
[2024-08-15T13:04:51.683+0000][2187.628s][info][gc,heap     ] GC(411) Humongous regions: 7->7
[2024-08-15T13:04:51.683+0000][2187.628s][info][gc,metaspace] GC(411) Metaspace: 438843K(445184K)->438843K(445184K) NonClass: 383893K(387520K)->383893K(387520K) Class: 54950K(57664K)->54950K(57664K)
[2024-08-15T13:04:51.683+0000][2187.628s][info][gc          ] GC(411) Pause Young (Normal) (G1 Evacuation Pause) 9467M->4168M(12288M) 110.215ms
[2024-08-15T13:04:51.683+0000][2187.628s][info][gc,cpu      ] GC(411) User=0.65s Sys=0.00s Real=0.12s
[2024-08-15T13:04:55.643+0000][2191.588s][info][gc,start    ] GC(412) Pause Young (Normal) (G1 Evacuation Pause)
[2024-08-15T13:04:55.643+0000][2191.588s][info][gc,task     ] GC(412) Using 6 workers of 6 for evacuation
[2024-08-15T13:04:55.754+0000][2191.699s][info][gc,phases   ] GC(412)   Pre Evacuate Collection Set: 0.2ms
[2024-08-15T13:04:55.754+0000][2191.699s][info][gc,phases   ] GC(412)   Merge Heap Roots: 0.3ms
[2024-08-15T13:04:55.754+0000][2191.699s][info][gc,phases   ] GC(412)   Evacuate Collection Set: 107.4ms
[2024-08-15T13:04:55.754+0000][2191.699s][info][gc,phases   ] GC(412)   Post Evacuate Collection Set: 2.5ms
[2024-08-15T13:04:55.754+0000][2191.699s][info][gc,phases   ] GC(412)   Other: 0.2ms
[2024-08-15T13:04:55.754+0000][2191.699s][info][gc,heap     ] GC(412) Eden regions: 662->0(663)
[2024-08-15T13:04:55.754+0000][2191.699s][info][gc,heap     ] GC(412) Survivor regions: 43->41(89)
[2024-08-15T13:04:55.754+0000][2191.699s][info][gc,heap     ] GC(412) Old regions: 471->474
[2024-08-15T13:04:55.754+0000][2191.699s][info][gc,heap     ] GC(412) Archive regions: 2->2
[2024-08-15T13:04:55.754+0000][2191.699s][info][gc,heap     ] GC(412) Humongous regions: 7->7
[2024-08-15T13:04:55.754+0000][2191.699s][info][gc,metaspace] GC(412) Metaspace: 438843K(445184K)->438843K(445184K) NonClass: 383893K(387520K)->383893K(387520K) Class: 54950K(57664K)->54950K(57664K)
[2024-08-15T13:04:55.754+0000][2191.699s][info][gc          ] GC(412) Pause Young (Normal) (G1 Evacuation Pause) 9464M->4176M(12288M) 110.677ms
[2024-08-15T13:04:55.754+0000][2191.699s][info][gc,cpu      ] GC(412) User=0.66s Sys=0.00s Real=0.10s
[2024-08-15T13:04:59.529+0000][2195.474s][info][gc,start    ] GC(413) Pause Young (Normal) (G1 Evacuation Pause)
[2024-08-15T13:04:59.529+0000][2195.474s][info][gc,task     ] GC(413) Using 6 workers of 6 for evacuation
[2024-08-15T13:04:59.638+0000][2195.583s][info][gc,phases   ] GC(413)   Pre Evacuate Collection Set: 0.2ms
[2024-08-15T13:04:59.638+0000][2195.583s][info][gc,phases   ] GC(413)   Merge Heap Roots: 0.3ms
[2024-08-15T13:04:59.638+0000][2195.583s][info][gc,phases   ] GC(413)   Evacuate Collection Set: 105.9ms
[2024-08-15T13:04:59.638+0000][2195.583s][info][gc,phases   ] GC(413)   Post Evacuate Collection Set: 2.5ms
[2024-08-15T13:04:59.638+0000][2195.583s][info][gc,phases   ] GC(413)   Other: 0.2ms
[2024-08-15T13:04:59.638+0000][2195.583s][info][gc,heap     ] GC(413) Eden regions: 663->0(663)
[2024-08-15T13:04:59.638+0000][2195.583s][info][gc,heap     ] GC(413) Survivor regions: 41->40(88)
[2024-08-15T13:04:59.638+0000][2195.583s][info][gc,heap     ] GC(413) Old regions: 474->476
[2024-08-15T13:04:59.638+0000][2195.583s][info][gc,heap     ] GC(413) Archive regions: 2->2
[2024-08-15T13:04:59.638+0000][2195.583s][info][gc,heap     ] GC(413) Humongous regions: 7->7
[2024-08-15T13:04:59.638+0000][2195.583s][info][gc,metaspace] GC(413) Metaspace: 438846K(445184K)->438846K(445184K) NonClass: 383896K(387520K)->383896K(387520K) Class: 54950K(57664K)->54950K(57664K)
[2024-08-15T13:04:59.638+0000][2195.583s][info][gc          ] GC(413) Pause Young (Normal) (G1 Evacuation Pause) 9480M->4186M(12288M) 109.136ms
[2024-08-15T13:04:59.638+0000][2195.583s][info][gc,cpu      ] GC(413) User=0.65s Sys=0.00s Real=0.11s
[2024-08-15T13:05:03.637+0000][2199.581s][info][gc,start    ] GC(414) Pause Young (Normal) (G1 Evacuation Pause)
[2024-08-15T13:05:03.637+0000][2199.581s][info][gc,task     ] GC(414) Using 6 workers of 6 for evacuation
[2024-08-15T13:05:03.745+0000][2199.690s][info][gc,phases   ] GC(414)   Pre Evacuate Collection Set: 0.2ms
[2024-08-15T13:05:03.746+0000][2199.690s][info][gc,phases   ] GC(414)   Merge Heap Roots: 0.3ms
[2024-08-15T13:05:03.746+0000][2199.690s][info][gc,phases   ] GC(414)   Evacuate Collection Set: 105.7ms
[2024-08-15T13:05:03.746+0000][2199.690s][info][gc,phases   ] GC(414)   Post Evacuate Collection Set: 2.3ms
[2024-08-15T13:05:03.746+0000][2199.690s][info][gc,phases   ] GC(414)   Other: 0.2ms
[2024-08-15T13:05:03.746+0000][2199.690s][info][gc,heap     ] GC(414) Eden regions: 663->0(665)
[2024-08-15T13:05:03.746+0000][2199.690s][info][gc,heap     ] GC(414) Survivor regions: 40->38(88)
[2024-08-15T13:05:03.746+0000][2199.690s][info][gc,heap     ] GC(414) Old regions: 476->478
[2024-08-15T13:05:03.746+0000][2199.690s][info][gc,heap     ] GC(414) Archive regions: 2->2
[2024-08-15T13:05:03.746+0000][2199.690s][info][gc,heap     ] GC(414) Humongous regions: 7->7
[2024-08-15T13:05:03.746+0000][2199.690s][info][gc,metaspace] GC(414) Metaspace: 438874K(445248K)->438874K(445248K) NonClass: 383923K(387584K)->383923K(387584K) Class: 54951K(57664K)->54951K(57664K)
[2024-08-15T13:05:03.746+0000][2199.690s][info][gc          ] GC(414) Pause Young (Normal) (G1 Evacuation Pause) 9490M->4187M(12288M) 108.753ms
[2024-08-15T13:05:03.746+0000][2199.690s][info][gc,cpu      ] GC(414) User=0.64s Sys=0.01s Real=0.11s
[2024-08-15T13:05:07.671+0000][2203.615s][info][gc,start    ] GC(415) Pause Young (Normal) (G1 Evacuation Pause)
[2024-08-15T13:05:07.671+0000][2203.615s][info][gc,task     ] GC(415) Using 6 workers of 6 for evacuation
[2024-08-15T13:05:07.778+0000][2203.723s][info][gc,phases   ] GC(415)   Pre Evacuate Collection Set: 0.2ms
[2024-08-15T13:05:07.778+0000][2203.723s][info][gc,phases   ] GC(415)   Merge Heap Roots: 0.3ms
[2024-08-15T13:05:07.778+0000][2203.723s][info][gc,phases   ] GC(415)   Evacuate Collection Set: 104.6ms
[2024-08-15T13:05:07.778+0000][2203.723s][info][gc,phases   ] GC(415)   Post Evacuate Collection Set: 2.4ms
[2024-08-15T13:05:07.778+0000][2203.723s][info][gc,phases   ] GC(415)   Other: 0.2ms
[2024-08-15T13:05:07.778+0000][2203.723s][info][gc,heap     ] GC(415) Eden regions: 665->0(654)
[2024-08-15T13:05:07.778+0000][2203.723s][info][gc,heap     ] GC(415) Survivor regions: 38->42(88)
[2024-08-15T13:05:07.778+0000][2203.723s][info][gc,heap     ] GC(415) Old regions: 478->481
[2024-08-15T13:05:07.778+0000][2203.723s][info][gc,heap     ] GC(415) Archive regions: 2->2
[2024-08-15T13:05:07.778+0000][2203.723s][info][gc,heap     ] GC(415) Humongous regions: 7->7
[2024-08-15T13:05:07.778+0000][2203.723s][info][gc,metaspace] GC(415) Metaspace: 438874K(445248K)->438874K(445248K) NonClass: 383923K(387584K)->383923K(387584K) Class: 54951K(57664K)->54951K(57664K)
[2024-08-15T13:05:07.778+0000][2203.723s][info][gc          ] GC(415) Pause Young (Normal) (G1 Evacuation Pause) 9507M->4234M(12288M) 107.790ms
[2024-08-15T13:05:07.778+0000][2203.723s][info][gc,cpu      ] GC(415) User=0.64s Sys=0.00s Real=0.11s
[2024-08-15T13:05:11.684+0000][2207.628s][info][gc,start    ] GC(416) Pause Young (Normal) (G1 Evacuation Pause)
[2024-08-15T13:05:11.684+0000][2207.628s][info][gc,task     ] GC(416) Using 6 workers of 6 for evacuation
[2024-08-15T13:05:11.796+0000][2207.741s][info][gc,phases   ] GC(416)   Pre Evacuate Collection Set: 0.2ms
[2024-08-15T13:05:11.796+0000][2207.741s][info][gc,phases   ] GC(416)   Merge Heap Roots: 0.3ms
[2024-08-15T13:05:11.796+0000][2207.741s][info][gc,phases   ] GC(416)   Evacuate Collection Set: 109.6ms
[2024-08-15T13:05:11.796+0000][2207.741s][info][gc,phases   ] GC(416)   Post Evacuate Collection Set: 2.5ms
[2024-08-15T13:05:11.797+0000][2207.741s][info][gc,phases   ] GC(416)   Other: 0.2ms
[2024-08-15T13:05:11.797+0000][2207.741s][info][gc,heap     ] GC(416) Eden regions: 654->0(656)
[2024-08-15T13:05:11.797+0000][2207.741s][info][gc,heap     ] GC(416) Survivor regions: 42->40(87)
[2024-08-15T13:05:11.797+0000][2207.741s][info][gc,heap     ] GC(416) Old regions: 481->483
[2024-08-15T13:05:11.797+0000][2207.741s][info][gc,heap     ] GC(416) Archive regions: 2->2
[2024-08-15T13:05:11.797+0000][2207.741s][info][gc,heap     ] GC(416) Humongous regions: 7->7
[2024-08-15T13:05:11.797+0000][2207.741s][info][gc,metaspace] GC(416) Metaspace: 438913K(445248K)->438913K(445248K) NonClass: 383957K(387584K)->383957K(387584K) Class: 54955K(57664K)->54955K(57664K)
[2024-08-15T13:05:11.797+0000][2207.741s][info][gc          ] GC(416) Pause Young (Normal) (G1 Evacuation Pause) 9466M->4239M(12288M) 112.851ms
[2024-08-15T13:05:11.797+0000][2207.741s][info][gc,cpu      ] GC(416) User=0.67s Sys=0.00s Real=0.11s
[2024-08-15T13:05:15.757+0000][2211.701s][info][gc,start    ] GC(417) Pause Young (Normal) (G1 Evacuation Pause)
[2024-08-15T13:05:15.757+0000][2211.701s][info][gc,task     ] GC(417) Using 6 workers of 6 for evacuation
[2024-08-15T13:05:15.865+0000][2211.809s][info][gc,phases   ] GC(417)   Pre Evacuate Collection Set: 0.2ms
[2024-08-15T13:05:15.865+0000][2211.809s][info][gc,phases   ] GC(417)   Merge Heap Roots: 0.3ms
[2024-08-15T13:05:15.865+0000][2211.809s][info][gc,phases   ] GC(417)   Evacuate Collection Set: 105.2ms
[2024-08-15T13:05:15.865+0000][2211.809s][info][gc,phases   ] GC(417)   Post Evacuate Collection Set: 2.4ms
[2024-08-15T13:05:15.865+0000][2211.809s][info][gc,phases   ] GC(417)   Other: 0.2ms
[2024-08-15T13:05:15.865+0000][2211.809s][info][gc,heap     ] GC(417) Eden regions: 656->0(654)
[2024-08-15T13:05:15.865+0000][2211.809s][info][gc,heap     ] GC(417) Survivor regions: 40->40(87)
[2024-08-15T13:05:15.865+0000][2211.809s][info][gc,heap     ] GC(417) Old regions: 483->485
[2024-08-15T13:05:15.865+0000][2211.809s][info][gc,heap     ] GC(417) Archive regions: 2->2
[2024-08-15T13:05:15.865+0000][2211.809s][info][gc,heap     ] GC(417) Humongous regions: 7->7
[2024-08-15T13:05:15.865+0000][2211.809s][info][gc,metaspace] GC(417) Metaspace: 438913K(445248K)->438913K(445248K) NonClass: 383957K(387584K)->383957K(387584K) Class: 54955K(57664K)->54955K(57664K)
[2024-08-15T13:05:15.865+0000][2211.809s][info][gc          ] GC(417) Pause Young (Normal) (G1 Evacuation Pause) 9487M->4252M(12288M) 108.341ms
[2024-08-15T13:05:15.865+0000][2211.810s][info][gc,cpu      ] GC(417) User=0.64s Sys=0.00s Real=0.11s
[2024-08-15T13:05:19.699+0000][2215.643s][info][gc,start    ] GC(418) Pause Young (Normal) (G1 Evacuation Pause)
[2024-08-15T13:05:19.699+0000][2215.643s][info][gc,task     ] GC(418) Using 6 workers of 6 for evacuation
[2024-08-15T13:05:19.805+0000][2215.750s][info][gc,phases   ] GC(418)   Pre Evacuate Collection Set: 0.2ms
[2024-08-15T13:05:19.805+0000][2215.750s][info][gc,phases   ] GC(418)   Merge Heap Roots: 0.3ms
[2024-08-15T13:05:19.805+0000][2215.750s][info][gc,phases   ] GC(418)   Evacuate Collection Set: 103.3ms
[2024-08-15T13:05:19.805+0000][2215.750s][info][gc,phases   ] GC(418)   Post Evacuate Collection Set: 2.4ms
[2024-08-15T13:05:19.805+0000][2215.750s][info][gc,phases   ] GC(418)   Other: 0.2ms
[2024-08-15T13:05:19.805+0000][2215.750s][info][gc,heap     ] GC(418) Eden regions: 654->0(656)
[2024-08-15T13:05:19.805+0000][2215.750s][info][gc,heap     ] GC(418) Survivor regions: 40->38(87)
[2024-08-15T13:05:19.805+0000][2215.750s][info][gc,heap     ] GC(418) Old regions: 485->487
[2024-08-15T13:05:19.805+0000][2215.750s][info][gc,heap     ] GC(418) Archive regions: 2->2
[2024-08-15T13:05:19.805+0000][2215.750s][info][gc,heap     ] GC(418) Humongous regions: 7->7
[2024-08-15T13:05:19.805+0000][2215.750s][info][gc,metaspace] GC(418) Metaspace: 438919K(445248K)->438919K(445248K) NonClass: 383964K(387584K)->383964K(387584K) Class: 54955K(57664K)->54955K(57664K)
[2024-08-15T13:05:19.805+0000][2215.750s][info][gc          ] GC(418) Pause Young (Normal) (G1 Evacuation Pause) 9484M->4253M(12288M) 106.499ms
[2024-08-15T13:05:19.805+0000][2215.750s][info][gc,cpu      ] GC(418) User=0.64s Sys=0.00s Real=0.11s
[2024-08-15T13:05:23.744+0000][2219.688s][info][gc,start    ] GC(419) Pause Young (Normal) (G1 Evacuation Pause)
[2024-08-15T13:05:23.744+0000][2219.688s][info][gc,task     ] GC(419) Using 6 workers of 6 for evacuation
[2024-08-15T13:05:23.852+0000][2219.796s][info][gc,phases   ] GC(419)   Pre Evacuate Collection Set: 0.2ms
[2024-08-15T13:05:23.852+0000][2219.796s][info][gc,phases   ] GC(419)   Merge Heap Roots: 0.3ms
[2024-08-15T13:05:23.852+0000][2219.796s][info][gc,phases   ] GC(419)   Evacuate Collection Set: 105.1ms
[2024-08-15T13:05:23.852+0000][2219.796s][info][gc,phases   ] GC(419)   Post Evacuate Collection Set: 2.4ms
[2024-08-15T13:05:23.852+0000][2219.796s][info][gc,phases   ] GC(419)   Other: 0.2ms
[2024-08-15T13:05:23.852+0000][2219.796s][info][gc,heap     ] GC(419) Eden regions: 656->0(656)
[2024-08-15T13:05:23.852+0000][2219.796s][info][gc,heap     ] GC(419) Survivor regions: 38->37(87)
[2024-08-15T13:05:23.852+0000][2219.796s][info][gc,heap     ] GC(419) Old regions: 487->489
[2024-08-15T13:05:23.852+0000][2219.796s][info][gc,heap     ] GC(419) Archive regions: 2->2
[2024-08-15T13:05:23.852+0000][2219.796s][info][gc,heap     ] GC(419) Humongous regions: 7->7
[2024-08-15T13:05:23.852+0000][2219.796s][info][gc,metaspace] GC(419) Metaspace: 438919K(445248K)->438919K(445248K) NonClass: 383964K(387584K)->383964K(387584K) Class: 54955K(57664K)->54955K(57664K)
[2024-08-15T13:05:23.852+0000][2219.796s][info][gc          ] GC(419) Pause Young (Normal) (G1 Evacuation Pause) 9501M->4262M(12288M) 108.165ms
[2024-08-15T13:05:23.852+0000][2219.797s][info][gc,cpu      ] GC(419) User=0.65s Sys=0.00s Real=0.10s
[2024-08-15T13:05:27.761+0000][2223.705s][info][gc,start    ] GC(420) Pause Young (Normal) (G1 Evacuation Pause)
[2024-08-15T13:05:27.761+0000][2223.705s][info][gc,task     ] GC(420) Using 6 workers of 6 for evacuation
[2024-08-15T13:05:27.868+0000][2223.813s][info][gc,phases   ] GC(420)   Pre Evacuate Collection Set: 0.2ms
[2024-08-15T13:05:27.868+0000][2223.813s][info][gc,phases   ] GC(420)   Merge Heap Roots: 0.3ms
[2024-08-15T13:05:27.868+0000][2223.813s][info][gc,phases   ] GC(420)   Evacuate Collection Set: 104.6ms
[2024-08-15T13:05:27.868+0000][2223.813s][info][gc,phases   ] GC(420)   Post Evacuate Collection Set: 2.5ms
[2024-08-15T13:05:27.868+0000][2223.813s][info][gc,phases   ] GC(420)   Other: 0.2ms
[2024-08-15T13:05:27.868+0000][2223.813s][info][gc,heap     ] GC(420) Eden regions: 656->0(650)
[2024-08-15T13:05:27.868+0000][2223.813s][info][gc,heap     ] GC(420) Survivor regions: 37->39(87)
[2024-08-15T13:05:27.868+0000][2223.813s][info][gc,heap     ] GC(420) Old regions: 489->491
[2024-08-15T13:05:27.868+0000][2223.813s][info][gc,heap     ] GC(420) Archive regions: 2->2
[2024-08-15T13:05:27.868+0000][2223.813s][info][gc,heap     ] GC(420) Humongous regions: 7->7
[2024-08-15T13:05:27.868+0000][2223.813s][info][gc,metaspace] GC(420) Metaspace: 438919K(445248K)->438919K(445248K) NonClass: 383964K(387584K)->383964K(387584K) Class: 54955K(57664K)->54955K(57664K)
[2024-08-15T13:05:27.868+0000][2223.813s][info][gc          ] GC(420) Pause Young (Normal) (G1 Evacuation Pause) 9510M->4300M(12288M) 107.837ms
[2024-08-15T13:05:27.868+0000][2223.813s][info][gc,cpu      ] GC(420) User=0.64s Sys=0.00s Real=0.11s
[2024-08-15T13:05:31.721+0000][2227.665s][info][gc,start    ] GC(421) Pause Young (Normal) (G1 Evacuation Pause)
[2024-08-15T13:05:31.721+0000][2227.665s][info][gc,task     ] GC(421) Using 6 workers of 6 for evacuation
[2024-08-15T13:05:31.832+0000][2227.777s][info][gc,phases   ] GC(421)   Pre Evacuate Collection Set: 0.2ms
[2024-08-15T13:05:31.832+0000][2227.777s][info][gc,phases   ] GC(421)   Merge Heap Roots: 0.3ms
[2024-08-15T13:05:31.832+0000][2227.777s][info][gc,phases   ] GC(421)   Evacuate Collection Set: 108.8ms
[2024-08-15T13:05:31.832+0000][2227.777s][info][gc,phases   ] GC(421)   Post Evacuate Collection Set: 2.3ms
[2024-08-15T13:05:31.832+0000][2227.777s][info][gc,phases   ] GC(421)   Other: 0.2ms
[2024-08-15T13:05:31.832+0000][2227.777s][info][gc,heap     ] GC(421) Eden regions: 650->0(643)
[2024-08-15T13:05:31.832+0000][2227.777s][info][gc,heap     ] GC(421) Survivor regions: 39->41(87)
[2024-08-15T13:05:31.832+0000][2227.777s][info][gc,heap     ] GC(421) Old regions: 491->494
[2024-08-15T13:05:31.832+0000][2227.777s][info][gc,heap     ] GC(421) Archive regions: 2->2
[2024-08-15T13:05:31.832+0000][2227.777s][info][gc,heap     ] GC(421) Humongous regions: 7->7
[2024-08-15T13:05:31.832+0000][2227.777s][info][gc,metaspace] GC(421) Metaspace: 438919K(445248K)->438919K(445248K) NonClass: 383964K(387584K)->383964K(387584K) Class: 54955K(57664K)->54955K(57664K)
[2024-08-15T13:05:31.832+0000][2227.777s][info][gc          ] GC(421) Pause Young (Normal) (G1 Evacuation Pause) 9500M->4335M(12288M) 111.914ms
[2024-08-15T13:05:31.832+0000][2227.777s][info][gc,cpu      ] GC(421) User=0.67s Sys=0.00s Real=0.11s
[2024-08-15T13:05:35.653+0000][2231.598s][info][gc,start    ] GC(422) Pause Young (Normal) (G1 Evacuation Pause)
[2024-08-15T13:05:35.653+0000][2231.598s][info][gc,task     ] GC(422) Using 6 workers of 6 for evacuation
[2024-08-15T13:05:35.761+0000][2231.706s][info][gc,phases   ] GC(422)   Pre Evacuate Collection Set: 0.2ms
[2024-08-15T13:05:35.761+0000][2231.706s][info][gc,phases   ] GC(422)   Merge Heap Roots: 0.3ms
[2024-08-15T13:05:35.761+0000][2231.706s][info][gc,phases   ] GC(422)   Evacuate Collection Set: 104.5ms
[2024-08-15T13:05:35.761+0000][2231.706s][info][gc,phases   ] GC(422)   Post Evacuate Collection Set: 2.4ms
[2024-08-15T13:05:35.761+0000][2231.706s][info][gc,phases   ] GC(422)   Other: 0.2ms
[2024-08-15T13:05:35.761+0000][2231.706s][info][gc,heap     ] GC(422) Eden regions: 643->0(643)
[2024-08-15T13:05:35.761+0000][2231.706s][info][gc,heap     ] GC(422) Survivor regions: 41->40(86)
[2024-08-15T13:05:35.761+0000][2231.706s][info][gc,heap     ] GC(422) Old regions: 494->496
[2024-08-15T13:05:35.761+0000][2231.706s][info][gc,heap     ] GC(422) Archive regions: 2->2
[2024-08-15T13:05:35.761+0000][2231.706s][info][gc,heap     ] GC(422) Humongous regions: 7->7
[2024-08-15T13:05:35.761+0000][2231.706s][info][gc,metaspace] GC(422) Metaspace: 438922K(445248K)->438922K(445248K) NonClass: 383966K(387584K)->383966K(387584K) Class: 54955K(57664K)->54955K(57664K)
[2024-08-15T13:05:35.761+0000][2231.706s][info][gc          ] GC(422) Pause Young (Normal) (G1 Evacuation Pause) 9479M->4339M(12288M) 107.734ms
[2024-08-15T13:05:35.761+0000][2231.706s][info][gc,cpu      ] GC(422) User=0.64s Sys=0.00s Real=0.11s
[2024-08-15T13:05:39.616+0000][2235.561s][info][gc,start    ] GC(423) Pause Young (Normal) (G1 Evacuation Pause)
[2024-08-15T13:05:39.616+0000][2235.561s][info][gc,task     ] GC(423) Using 6 workers of 6 for evacuation
[2024-08-15T13:05:39.723+0000][2235.667s][info][gc,phases   ] GC(423)   Pre Evacuate Collection Set: 0.2ms
[2024-08-15T13:05:39.723+0000][2235.667s][info][gc,phases   ] GC(423)   Merge Heap Roots: 0.3ms
[2024-08-15T13:05:39.723+0000][2235.667s][info][gc,phases   ] GC(423)   Evacuate Collection Set: 103.7ms
[2024-08-15T13:05:39.723+0000][2235.667s][info][gc,phases   ] GC(423)   Post Evacuate Collection Set: 2.3ms
[2024-08-15T13:05:39.723+0000][2235.667s][info][gc,phases   ] GC(423)   Other: 0.2ms
[2024-08-15T13:05:39.723+0000][2235.667s][info][gc,heap     ] GC(423) Eden regions: 643->0(641)
[2024-08-15T13:05:39.723+0000][2235.667s][info][gc,heap     ] GC(423) Survivor regions: 40->40(86)
[2024-08-15T13:05:39.723+0000][2235.668s][info][gc,heap     ] GC(423) Old regions: 496->498
[2024-08-15T13:05:39.723+0000][2235.668s][info][gc,heap     ] GC(423) Archive regions: 2->2
[2024-08-15T13:05:39.723+0000][2235.668s][info][gc,heap     ] GC(423) Humongous regions: 7->7
[2024-08-15T13:05:39.723+0000][2235.668s][info][gc,metaspace] GC(423) Metaspace: 438923K(445248K)->438923K(445248K) NonClass: 383967K(387584K)->383967K(387584K) Class: 54955K(57664K)->54955K(57664K)
[2024-08-15T13:05:39.723+0000][2235.668s][info][gc          ] GC(423) Pause Young (Normal) (G1 Evacuation Pause) 9483M->4360M(12288M) 106.729ms
[2024-08-15T13:05:39.723+0000][2235.668s][info][gc,cpu      ] GC(423) User=0.64s Sys=0.00s Real=0.10s
[2024-08-15T13:05:43.639+0000][2239.584s][info][gc,start    ] GC(424) Pause Young (Normal) (G1 Evacuation Pause)
[2024-08-15T13:05:43.639+0000][2239.584s][info][gc,task     ] GC(424) Using 6 workers of 6 for evacuation
[2024-08-15T13:05:43.753+0000][2239.698s][info][gc,phases   ] GC(424)   Pre Evacuate Collection Set: 0.2ms
[2024-08-15T13:05:43.753+0000][2239.698s][info][gc,phases   ] GC(424)   Merge Heap Roots: 0.3ms
[2024-08-15T13:05:43.753+0000][2239.698s][info][gc,phases   ] GC(424)   Evacuate Collection Set: 110.7ms
[2024-08-15T13:05:43.753+0000][2239.698s][info][gc,phases   ] GC(424)   Post Evacuate Collection Set: 2.4ms
[2024-08-15T13:05:43.753+0000][2239.698s][info][gc,phases   ] GC(424)   Other: 0.3ms
[2024-08-15T13:05:43.753+0000][2239.698s][info][gc,heap     ] GC(424) Eden regions: 641->0(641)
[2024-08-15T13:05:43.753+0000][2239.698s][info][gc,heap     ] GC(424) Survivor regions: 40->39(86)
[2024-08-15T13:05:43.753+0000][2239.698s][info][gc,heap     ] GC(424) Old regions: 498->500
[2024-08-15T13:05:43.753+0000][2239.698s][info][gc,heap     ] GC(424) Archive regions: 2->2
[2024-08-15T13:05:43.753+0000][2239.698s][info][gc,heap     ] GC(424) Humongous regions: 7->7
[2024-08-15T13:05:43.753+0000][2239.698s][info][gc,metaspace] GC(424) Metaspace: 438927K(445248K)->438927K(445248K) NonClass: 383971K(387584K)->383971K(387584K) Class: 54955K(57664K)->54955K(57664K)
[2024-08-15T13:05:43.753+0000][2239.698s][info][gc          ] GC(424) Pause Young (Normal) (G1 Evacuation Pause) 9488M->4370M(12288M) 113.832ms
[2024-08-15T13:05:43.753+0000][2239.698s][info][gc,cpu      ] GC(424) User=0.68s Sys=0.00s Real=0.11s
[2024-08-15T13:05:47.549+0000][2243.493s][info][gc,start    ] GC(425) Pause Young (Normal) (G1 Evacuation Pause)
[2024-08-15T13:05:47.549+0000][2243.493s][info][gc,task     ] GC(425) Using 6 workers of 6 for evacuation
[2024-08-15T13:05:47.655+0000][2243.600s][info][gc,phases   ] GC(425)   Pre Evacuate Collection Set: 0.2ms
[2024-08-15T13:05:47.655+0000][2243.600s][info][gc,phases   ] GC(425)   Merge Heap Roots: 0.3ms
[2024-08-15T13:05:47.655+0000][2243.600s][info][gc,phases   ] GC(425)   Evacuate Collection Set: 103.4ms
[2024-08-15T13:05:47.655+0000][2243.600s][info][gc,phases   ] GC(425)   Post Evacuate Collection Set: 2.3ms
[2024-08-15T13:05:47.655+0000][2243.600s][info][gc,phases   ] GC(425)   Other: 0.2ms
[2024-08-15T13:05:47.655+0000][2243.600s][info][gc,heap     ] GC(425) Eden regions: 641->0(639)
[2024-08-15T13:05:47.655+0000][2243.600s][info][gc,heap     ] GC(425) Survivor regions: 39->39(85)
[2024-08-15T13:05:47.655+0000][2243.600s][info][gc,heap     ] GC(425) Old regions: 500->502
[2024-08-15T13:05:47.655+0000][2243.600s][info][gc,heap     ] GC(425) Archive regions: 2->2
[2024-08-15T13:05:47.655+0000][2243.600s][info][gc,heap     ] GC(425) Humongous regions: 7->7
[2024-08-15T13:05:47.655+0000][2243.600s][info][gc,metaspace] GC(425) Metaspace: 438930K(445248K)->438930K(445248K) NonClass: 383975K(387584K)->383975K(387584K) Class: 54955K(57664K)->54955K(57664K)
[2024-08-15T13:05:47.655+0000][2243.600s][info][gc          ] GC(425) Pause Young (Normal) (G1 Evacuation Pause) 9498M->4383M(12288M) 106.449ms
[2024-08-15T13:05:47.655+0000][2243.600s][info][gc,cpu      ] GC(425) User=0.63s Sys=0.00s Real=0.11s
[2024-08-15T13:05:51.341+0000][2247.286s][info][gc,start    ] GC(426) Pause Young (Normal) (G1 Evacuation Pause)
[2024-08-15T13:05:51.341+0000][2247.286s][info][gc,task     ] GC(426) Using 6 workers of 6 for evacuation
[2024-08-15T13:05:51.445+0000][2247.389s][info][gc,phases   ] GC(426)   Pre Evacuate Collection Set: 0.2ms
[2024-08-15T13:05:51.445+0000][2247.390s][info][gc,phases   ] GC(426)   Merge Heap Roots: 0.3ms
[2024-08-15T13:05:51.445+0000][2247.390s][info][gc,phases   ] GC(426)   Evacuate Collection Set: 100.5ms
[2024-08-15T13:05:51.445+0000][2247.390s][info][gc,phases   ] GC(426)   Post Evacuate Collection Set: 2.4ms
[2024-08-15T13:05:51.445+0000][2247.390s][info][gc,phases   ] GC(426)   Other: 0.2ms
[2024-08-15T13:05:51.445+0000][2247.390s][info][gc,heap     ] GC(426) Eden regions: 639->0(643)
[2024-08-15T13:05:51.445+0000][2247.390s][info][gc,heap     ] GC(426) Survivor regions: 39->36(85)
[2024-08-15T13:05:51.445+0000][2247.390s][info][gc,heap     ] GC(426) Old regions: 502->504
[2024-08-15T13:05:51.445+0000][2247.390s][info][gc,heap     ] GC(426) Archive regions: 2->2
[2024-08-15T13:05:51.445+0000][2247.390s][info][gc,heap     ] GC(426) Humongous regions: 7->7
[2024-08-15T13:05:51.445+0000][2247.390s][info][gc,metaspace] GC(426) Metaspace: 438930K(445248K)->438930K(445248K) NonClass: 383975K(387584K)->383975K(387584K) Class: 54955K(57664K)->54955K(57664K)
[2024-08-15T13:05:51.445+0000][2247.390s][info][gc          ] GC(426) Pause Young (Normal) (G1 Evacuation Pause) 9495M->4379M(12288M) 103.615ms
[2024-08-15T13:05:51.445+0000][2247.390s][info][gc,cpu      ] GC(426) User=0.62s Sys=0.00s Real=0.11s
[2024-08-15T13:05:55.256+0000][2251.200s][info][gc,start    ] GC(427) Pause Young (Normal) (G1 Evacuation Pause)
[2024-08-15T13:05:55.256+0000][2251.200s][info][gc,task     ] GC(427) Using 6 workers of 6 for evacuation
[2024-08-15T13:05:55.357+0000][2251.302s][info][gc,phases   ] GC(427)   Pre Evacuate Collection Set: 0.2ms
[2024-08-15T13:05:55.357+0000][2251.302s][info][gc,phases   ] GC(427)   Merge Heap Roots: 0.3ms
[2024-08-15T13:05:55.357+0000][2251.302s][info][gc,phases   ] GC(427)   Evacuate Collection Set: 98.7ms
[2024-08-15T13:05:55.357+0000][2251.302s][info][gc,phases   ] GC(427)   Post Evacuate Collection Set: 2.3ms
[2024-08-15T13:05:55.357+0000][2251.302s][info][gc,phases   ] GC(427)   Other: 0.2ms
[2024-08-15T13:05:55.357+0000][2251.302s][info][gc,heap     ] GC(427) Eden regions: 643->0(643)
[2024-08-15T13:05:55.357+0000][2251.302s][info][gc,heap     ] GC(427) Survivor regions: 36->35(85)
[2024-08-15T13:05:55.357+0000][2251.302s][info][gc,heap     ] GC(427) Old regions: 504->506
[2024-08-15T13:05:55.357+0000][2251.302s][info][gc,heap     ] GC(427) Archive regions: 2->2
[2024-08-15T13:05:55.357+0000][2251.302s][info][gc,heap     ] GC(427) Humongous regions: 7->7
[2024-08-15T13:05:55.357+0000][2251.302s][info][gc,metaspace] GC(427) Metaspace: 438936K(445248K)->438936K(445248K) NonClass: 383980K(387584K)->383980K(387584K) Class: 54955K(57664K)->54955K(57664K)
[2024-08-15T13:05:55.357+0000][2251.302s][info][gc          ] GC(427) Pause Young (Normal) (G1 Evacuation Pause) 9523M->4388M(12288M) 101.731ms
[2024-08-15T13:05:55.357+0000][2251.302s][info][gc,cpu      ] GC(427) User=0.61s Sys=0.00s Real=0.10s
[2024-08-15T13:05:59.237+0000][2255.182s][info][gc,start    ] GC(428) Pause Young (Normal) (G1 Evacuation Pause)
[2024-08-15T13:05:59.237+0000][2255.182s][info][gc,task     ] GC(428) Using 6 workers of 6 for evacuation
[2024-08-15T13:05:59.340+0000][2255.285s][info][gc,phases   ] GC(428)   Pre Evacuate Collection Set: 0.2ms
[2024-08-15T13:05:59.340+0000][2255.285s][info][gc,phases   ] GC(428)   Merge Heap Roots: 0.3ms
[2024-08-15T13:05:59.340+0000][2255.285s][info][gc,phases   ] GC(428)   Evacuate Collection Set: 99.8ms
[2024-08-15T13:05:59.340+0000][2255.285s][info][gc,phases   ] GC(428)   Post Evacuate Collection Set: 2.5ms
[2024-08-15T13:05:59.340+0000][2255.285s][info][gc,phases   ] GC(428)   Other: 0.2ms
[2024-08-15T13:05:59.340+0000][2255.285s][info][gc,heap     ] GC(428) Eden regions: 643->0(634)
[2024-08-15T13:05:59.340+0000][2255.285s][info][gc,heap     ] GC(428) Survivor regions: 35->38(85)
[2024-08-15T13:05:59.340+0000][2255.285s][info][gc,heap     ] GC(428) Old regions: 506->509
[2024-08-15T13:05:59.340+0000][2255.285s][info][gc,heap     ] GC(428) Archive regions: 2->2
[2024-08-15T13:05:59.340+0000][2255.285s][info][gc,heap     ] GC(428) Humongous regions: 7->7
[2024-08-15T13:05:59.340+0000][2255.285s][info][gc,metaspace] GC(428) Metaspace: 438939K(445248K)->438939K(445248K) NonClass: 383983K(387584K)->383983K(387584K) Class: 54955K(57664K)->54955K(57664K)
[2024-08-15T13:05:59.340+0000][2255.285s][info][gc          ] GC(428) Pause Young (Normal) (G1 Evacuation Pause) 9532M->4425M(12288M) 103.068ms
[2024-08-15T13:05:59.341+0000][2255.285s][info][gc,cpu      ] GC(428) User=0.61s Sys=0.00s Real=0.10s
[2024-08-15T13:06:03.138+0000][2259.083s][info][gc,start    ] GC(429) Pause Young (Normal) (G1 Evacuation Pause)
[2024-08-15T13:06:03.138+0000][2259.083s][info][gc,task     ] GC(429) Using 6 workers of 6 for evacuation
[2024-08-15T13:06:03.244+0000][2259.188s][info][gc,phases   ] GC(429)   Pre Evacuate Collection Set: 0.2ms
[2024-08-15T13:06:03.244+0000][2259.188s][info][gc,phases   ] GC(429)   Merge Heap Roots: 0.3ms
[2024-08-15T13:06:03.244+0000][2259.188s][info][gc,phases   ] GC(429)   Evacuate Collection Set: 102.4ms
[2024-08-15T13:06:03.244+0000][2259.188s][info][gc,phases   ] GC(429)   Post Evacuate Collection Set: 2.4ms
[2024-08-15T13:06:03.244+0000][2259.188s][info][gc,phases   ] GC(429)   Other: 0.2ms
[2024-08-15T13:06:03.244+0000][2259.188s][info][gc,heap     ] GC(429) Eden regions: 634->0(628)
[2024-08-15T13:06:03.244+0000][2259.188s][info][gc,heap     ] GC(429) Survivor regions: 38->40(84)
[2024-08-15T13:06:03.244+0000][2259.188s][info][gc,heap     ] GC(429) Old regions: 509->511
[2024-08-15T13:06:03.244+0000][2259.188s][info][gc,heap     ] GC(429) Archive regions: 2->2
[2024-08-15T13:06:03.244+0000][2259.188s][info][gc,heap     ] GC(429) Humongous regions: 7->7
[2024-08-15T13:06:03.244+0000][2259.188s][info][gc,metaspace] GC(429) Metaspace: 438939K(445248K)->438939K(445248K) NonClass: 383983K(387584K)->383983K(387584K) Class: 54955K(57664K)->54955K(57664K)
[2024-08-15T13:06:03.244+0000][2259.188s][info][gc          ] GC(429) Pause Young (Normal) (G1 Evacuation Pause) 9497M->4457M(12288M) 105.498ms
[2024-08-15T13:06:03.244+0000][2259.189s][info][gc,cpu      ] GC(429) User=0.63s Sys=0.00s Real=0.11s
[2024-08-15T13:06:07.040+0000][2262.985s][info][gc,start    ] GC(430) Pause Young (Normal) (G1 Evacuation Pause)
[2024-08-15T13:06:07.040+0000][2262.985s][info][gc,task     ] GC(430) Using 6 workers of 6 for evacuation
[2024-08-15T13:06:07.145+0000][2263.089s][info][gc,phases   ] GC(430)   Pre Evacuate Collection Set: 0.2ms
[2024-08-15T13:06:07.145+0000][2263.089s][info][gc,phases   ] GC(430)   Merge Heap Roots: 0.3ms
[2024-08-15T13:06:07.145+0000][2263.089s][info][gc,phases   ] GC(430)   Evacuate Collection Set: 101.6ms
[2024-08-15T13:06:07.145+0000][2263.089s][info][gc,phases   ] GC(430)   Post Evacuate Collection Set: 2.3ms
[2024-08-15T13:06:07.145+0000][2263.089s][info][gc,phases   ] GC(430)   Other: 0.2ms
[2024-08-15T13:06:07.145+0000][2263.089s][info][gc,heap     ] GC(430) Eden regions: 628->0(628)
[2024-08-15T13:06:07.145+0000][2263.089s][info][gc,heap     ] GC(430) Survivor regions: 40->39(84)
[2024-08-15T13:06:07.145+0000][2263.089s][info][gc,heap     ] GC(430) Old regions: 511->513
[2024-08-15T13:06:07.145+0000][2263.089s][info][gc,heap     ] GC(430) Archive regions: 2->2
[2024-08-15T13:06:07.145+0000][2263.089s][info][gc,heap     ] GC(430) Humongous regions: 7->7
[2024-08-15T13:06:07.145+0000][2263.089s][info][gc,metaspace] GC(430) Metaspace: 438939K(445248K)->438939K(445248K) NonClass: 383983K(387584K)->383983K(387584K) Class: 54955K(57664K)->54955K(57664K)
[2024-08-15T13:06:07.145+0000][2263.089s][info][gc          ] GC(430) Pause Young (Normal) (G1 Evacuation Pause) 9481M->4465M(12288M) 104.741ms
[2024-08-15T13:06:07.145+0000][2263.089s][info][gc,cpu      ] GC(430) User=0.63s Sys=0.00s Real=0.11s
[2024-08-15T13:06:10.882+0000][2266.827s][info][gc,start    ] GC(431) Pause Young (Normal) (G1 Evacuation Pause)
[2024-08-15T13:06:10.883+0000][2266.827s][info][gc,task     ] GC(431) Using 6 workers of 6 for evacuation
[2024-08-15T13:06:10.986+0000][2266.931s][info][gc,phases   ] GC(431)   Pre Evacuate Collection Set: 0.2ms
[2024-08-15T13:06:10.986+0000][2266.931s][info][gc,phases   ] GC(431)   Merge Heap Roots: 0.3ms
[2024-08-15T13:06:10.986+0000][2266.931s][info][gc,phases   ] GC(431)   Evacuate Collection Set: 100.8ms
[2024-08-15T13:06:10.986+0000][2266.931s][info][gc,phases   ] GC(431)   Post Evacuate Collection Set: 2.4ms
[2024-08-15T13:06:10.986+0000][2266.931s][info][gc,phases   ] GC(431)   Other: 0.2ms
[2024-08-15T13:06:10.986+0000][2266.931s][info][gc,heap     ] GC(431) Eden regions: 628->0(628)
[2024-08-15T13:06:10.986+0000][2266.931s][info][gc,heap     ] GC(431) Survivor regions: 39->38(84)
[2024-08-15T13:06:10.986+0000][2266.931s][info][gc,heap     ] GC(431) Old regions: 513->515
[2024-08-15T13:06:10.986+0000][2266.931s][info][gc,heap     ] GC(431) Archive regions: 2->2
[2024-08-15T13:06:10.986+0000][2266.931s][info][gc,heap     ] GC(431) Humongous regions: 7->7
[2024-08-15T13:06:10.986+0000][2266.931s][info][gc,metaspace] GC(431) Metaspace: 438940K(445248K)->438940K(445248K) NonClass: 383984K(387584K)->383984K(387584K) Class: 54955K(57664K)->54955K(57664K)
[2024-08-15T13:06:10.986+0000][2266.931s][info][gc          ] GC(431) Pause Young (Normal) (G1 Evacuation Pause) 9489M->4477M(12288M) 103.948ms
[2024-08-15T13:06:10.986+0000][2266.931s][info][gc,cpu      ] GC(431) User=0.62s Sys=0.00s Real=0.11s
[2024-08-15T13:06:14.807+0000][2270.752s][info][gc,start    ] GC(432) Pause Young (Normal) (G1 Evacuation Pause)
[2024-08-15T13:06:14.807+0000][2270.752s][info][gc,task     ] GC(432) Using 6 workers of 6 for evacuation
[2024-08-15T13:06:14.909+0000][2270.854s][info][gc,phases   ] GC(432)   Pre Evacuate Collection Set: 0.2ms
[2024-08-15T13:06:14.909+0000][2270.854s][info][gc,phases   ] GC(432)   Merge Heap Roots: 0.3ms
[2024-08-15T13:06:14.909+0000][2270.854s][info][gc,phases   ] GC(432)   Evacuate Collection Set: 99.1ms
[2024-08-15T13:06:14.909+0000][2270.854s][info][gc,phases   ] GC(432)   Post Evacuate Collection Set: 2.3ms
[2024-08-15T13:06:14.909+0000][2270.854s][info][gc,phases   ] GC(432)   Other: 0.2ms
[2024-08-15T13:06:14.909+0000][2270.854s][info][gc,heap     ] GC(432) Eden regions: 628->0(626)
[2024-08-15T13:06:14.909+0000][2270.854s][info][gc,heap     ] GC(432) Survivor regions: 38->38(84)
[2024-08-15T13:06:14.909+0000][2270.854s][info][gc,heap     ] GC(432) Old regions: 515->517
[2024-08-15T13:06:14.909+0000][2270.854s][info][gc,heap     ] GC(432) Archive regions: 2->2
[2024-08-15T13:06:14.909+0000][2270.854s][info][gc,heap     ] GC(432) Humongous regions: 7->7
[2024-08-15T13:06:14.909+0000][2270.854s][info][gc,metaspace] GC(432) Metaspace: 438940K(445248K)->438940K(445248K) NonClass: 383984K(387584K)->383984K(387584K) Class: 54955K(57664K)->54955K(57664K)
[2024-08-15T13:06:14.909+0000][2270.854s][info][gc          ] GC(432) Pause Young (Normal) (G1 Evacuation Pause) 9501M->4489M(12288M) 102.040ms
[2024-08-15T13:06:14.909+0000][2270.854s][info][gc,cpu      ] GC(432) User=0.60s Sys=0.00s Real=0.10s
[2024-08-15T13:06:18.614+0000][2274.559s][info][gc,start    ] GC(433) Pause Young (Normal) (G1 Evacuation Pause)
[2024-08-15T13:06:18.614+0000][2274.559s][info][gc,task     ] GC(433) Using 6 workers of 6 for evacuation
[2024-08-15T13:06:18.733+0000][2274.678s][info][gc,phases   ] GC(433)   Pre Evacuate Collection Set: 0.2ms
[2024-08-15T13:06:18.733+0000][2274.678s][info][gc,phases   ] GC(433)   Merge Heap Roots: 0.3ms
[2024-08-15T13:06:18.733+0000][2274.678s][info][gc,phases   ] GC(433)   Evacuate Collection Set: 115.5ms
[2024-08-15T13:06:18.733+0000][2274.678s][info][gc,phases   ] GC(433)   Post Evacuate Collection Set: 2.6ms
[2024-08-15T13:06:18.733+0000][2274.678s][info][gc,phases   ] GC(433)   Other: 0.2ms
[2024-08-15T13:06:18.733+0000][2274.678s][info][gc,heap     ] GC(433) Eden regions: 626->0(622)
[2024-08-15T13:06:18.733+0000][2274.678s][info][gc,heap     ] GC(433) Survivor regions: 38->39(83)
[2024-08-15T13:06:18.733+0000][2274.678s][info][gc,heap     ] GC(433) Old regions: 517->519
[2024-08-15T13:06:18.733+0000][2274.678s][info][gc,heap     ] GC(433) Archive regions: 2->2
[2024-08-15T13:06:18.733+0000][2274.678s][info][gc,heap     ] GC(433) Humongous regions: 7->7
[2024-08-15T13:06:18.733+0000][2274.678s][info][gc,metaspace] GC(433) Metaspace: 438940K(445248K)->438940K(445248K) NonClass: 383984K(387584K)->383984K(387584K) Class: 54955K(57664K)->54955K(57664K)
[2024-08-15T13:06:18.733+0000][2274.678s][info][gc          ] GC(433) Pause Young (Normal) (G1 Evacuation Pause) 9497M->4517M(12288M) 118.838ms
[2024-08-15T13:06:18.733+0000][2274.678s][info][gc,cpu      ] GC(433) User=0.70s Sys=0.00s Real=0.12s
[2024-08-15T13:06:22.457+0000][2278.402s][info][gc,start    ] GC(434) Pause Young (Normal) (G1 Evacuation Pause)
[2024-08-15T13:06:22.457+0000][2278.402s][info][gc,task     ] GC(434) Using 6 workers of 6 for evacuation
[2024-08-15T13:06:22.560+0000][2278.505s][info][gc,phases   ] GC(434)   Pre Evacuate Collection Set: 0.2ms
[2024-08-15T13:06:22.560+0000][2278.505s][info][gc,phases   ] GC(434)   Merge Heap Roots: 0.3ms
[2024-08-15T13:06:22.560+0000][2278.505s][info][gc,phases   ] GC(434)   Evacuate Collection Set: 99.8ms
[2024-08-15T13:06:22.560+0000][2278.505s][info][gc,phases   ] GC(434)   Post Evacuate Collection Set: 2.3ms
[2024-08-15T13:06:22.560+0000][2278.505s][info][gc,phases   ] GC(434)   Other: 0.2ms
[2024-08-15T13:06:22.560+0000][2278.505s][info][gc,heap     ] GC(434) Eden regions: 622->0(622)
[2024-08-15T13:06:22.560+0000][2278.505s][info][gc,heap     ] GC(434) Survivor regions: 39->38(83)
[2024-08-15T13:06:22.560+0000][2278.505s][info][gc,heap     ] GC(434) Old regions: 519->521
[2024-08-15T13:06:22.560+0000][2278.505s][info][gc,heap     ] GC(434) Archive regions: 2->2
[2024-08-15T13:06:22.560+0000][2278.505s][info][gc,heap     ] GC(434) Humongous regions: 7->7
[2024-08-15T13:06:22.560+0000][2278.505s][info][gc,metaspace] GC(434) Metaspace: 438943K(445248K)->438943K(445248K) NonClass: 383987K(387584K)->383987K(387584K) Class: 54955K(57664K)->54955K(57664K)
[2024-08-15T13:06:22.560+0000][2278.505s][info][gc          ] GC(434) Pause Young (Normal) (G1 Evacuation Pause) 9493M->4522M(12288M) 102.893ms
[2024-08-15T13:06:22.560+0000][2278.505s][info][gc,cpu      ] GC(434) User=0.61s Sys=0.01s Real=0.10s
[2024-08-15T13:06:26.294+0000][2282.239s][info][gc,start    ] GC(435) Pause Young (Normal) (G1 Evacuation Pause)
[2024-08-15T13:06:26.294+0000][2282.239s][info][gc,task     ] GC(435) Using 6 workers of 6 for evacuation
[2024-08-15T13:06:26.396+0000][2282.341s][info][gc,phases   ] GC(435)   Pre Evacuate Collection Set: 0.2ms
[2024-08-15T13:06:26.396+0000][2282.341s][info][gc,phases   ] GC(435)   Merge Heap Roots: 0.3ms
[2024-08-15T13:06:26.396+0000][2282.341s][info][gc,phases   ] GC(435)   Evacuate Collection Set: 99.6ms
[2024-08-15T13:06:26.396+0000][2282.341s][info][gc,phases   ] GC(435)   Post Evacuate Collection Set: 2.2ms
[2024-08-15T13:06:26.396+0000][2282.341s][info][gc,phases   ] GC(435)   Other: 0.2ms
[2024-08-15T13:06:26.396+0000][2282.341s][info][gc,heap     ] GC(435) Eden regions: 622->0(622)
[2024-08-15T13:06:26.396+0000][2282.341s][info][gc,heap     ] GC(435) Survivor regions: 38->37(83)
[2024-08-15T13:06:26.396+0000][2282.341s][info][gc,heap     ] GC(435) Old regions: 521->523
[2024-08-15T13:06:26.396+0000][2282.341s][info][gc,heap     ] GC(435) Archive regions: 2->2
[2024-08-15T13:06:26.396+0000][2282.341s][info][gc,heap     ] GC(435) Humongous regions: 7->7
[2024-08-15T13:06:26.396+0000][2282.341s][info][gc,metaspace] GC(435) Metaspace: 438943K(445248K)->438943K(445248K) NonClass: 383987K(387584K)->383987K(387584K) Class: 54955K(57664K)->54955K(57664K)
[2024-08-15T13:06:26.396+0000][2282.341s][info][gc          ] GC(435) Pause Young (Normal) (G1 Evacuation Pause) 9498M->4530M(12288M) 102.558ms
[2024-08-15T13:06:26.397+0000][2282.341s][info][gc,cpu      ] GC(435) User=0.61s Sys=0.01s Real=0.11s
[2024-08-15T13:06:30.138+0000][2286.082s][info][gc,start    ] GC(436) Pause Young (Normal) (G1 Evacuation Pause)
[2024-08-15T13:06:30.138+0000][2286.082s][info][gc,task     ] GC(436) Using 6 workers of 6 for evacuation
[2024-08-15T13:06:30.242+0000][2286.187s][info][gc,phases   ] GC(436)   Pre Evacuate Collection Set: 0.2ms
[2024-08-15T13:06:30.242+0000][2286.187s][info][gc,phases   ] GC(436)   Merge Heap Roots: 0.3ms
[2024-08-15T13:06:30.242+0000][2286.187s][info][gc,phases   ] GC(436)   Evacuate Collection Set: 101.5ms
[2024-08-15T13:06:30.242+0000][2286.187s][info][gc,phases   ] GC(436)   Post Evacuate Collection Set: 2.4ms
[2024-08-15T13:06:30.242+0000][2286.187s][info][gc,phases   ] GC(436)   Other: 0.2ms
[2024-08-15T13:06:30.242+0000][2286.187s][info][gc,heap     ] GC(436) Eden regions: 622->0(618)
[2024-08-15T13:06:30.242+0000][2286.187s][info][gc,heap     ] GC(436) Survivor regions: 37->38(83)
[2024-08-15T13:06:30.242+0000][2286.187s][info][gc,heap     ] GC(436) Old regions: 523->525
[2024-08-15T13:06:30.242+0000][2286.187s][info][gc,heap     ] GC(436) Archive regions: 2->2
[2024-08-15T13:06:30.242+0000][2286.187s][info][gc,heap     ] GC(436) Humongous regions: 7->7
[2024-08-15T13:06:30.242+0000][2286.187s][info][gc,metaspace] GC(436) Metaspace: 438957K(445312K)->438957K(445312K) NonClass: 384001K(387648K)->384001K(387648K) Class: 54956K(57664K)->54956K(57664K)
[2024-08-15T13:06:30.242+0000][2286.187s][info][gc          ] GC(436) Pause Young (Normal) (G1 Evacuation Pause) 9506M->4562M(12288M) 104.612ms
[2024-08-15T13:06:30.242+0000][2286.187s][info][gc,cpu      ] GC(436) User=0.62s Sys=0.00s Real=0.10s
[2024-08-15T13:06:33.968+0000][2289.912s][info][gc,start    ] GC(437) Pause Young (Normal) (G1 Evacuation Pause)
[2024-08-15T13:06:33.968+0000][2289.912s][info][gc,task     ] GC(437) Using 6 workers of 6 for evacuation
[2024-08-15T13:06:34.069+0000][2290.014s][info][gc,phases   ] GC(437)   Pre Evacuate Collection Set: 0.2ms
[2024-08-15T13:06:34.069+0000][2290.014s][info][gc,phases   ] GC(437)   Merge Heap Roots: 0.3ms
[2024-08-15T13:06:34.069+0000][2290.014s][info][gc,phases   ] GC(437)   Evacuate Collection Set: 98.6ms
[2024-08-15T13:06:34.069+0000][2290.014s][info][gc,phases   ] GC(437)   Post Evacuate Collection Set: 2.3ms
[2024-08-15T13:06:34.069+0000][2290.014s][info][gc,phases   ] GC(437)   Other: 0.2ms
[2024-08-15T13:06:34.069+0000][2290.014s][info][gc,heap     ] GC(437) Eden regions: 618->0(618)
[2024-08-15T13:06:34.069+0000][2290.014s][info][gc,heap     ] GC(437) Survivor regions: 38->37(82)
[2024-08-15T13:06:34.069+0000][2290.014s][info][gc,heap     ] GC(437) Old regions: 525->527
[2024-08-15T13:06:34.069+0000][2290.014s][info][gc,heap     ] GC(437) Archive regions: 2->2
[2024-08-15T13:06:34.069+0000][2290.014s][info][gc,heap     ] GC(437) Humongous regions: 7->7
[2024-08-15T13:06:34.069+0000][2290.014s][info][gc,metaspace] GC(437) Metaspace: 438957K(445312K)->438957K(445312K) NonClass: 384001K(387648K)->384001K(387648K) Class: 54956K(57664K)->54956K(57664K)
[2024-08-15T13:06:34.069+0000][2290.014s][info][gc          ] GC(437) Pause Young (Normal) (G1 Evacuation Pause) 9506M->4565M(12288M) 101.674ms
[2024-08-15T13:06:34.069+0000][2290.014s][info][gc,cpu      ] GC(437) User=0.60s Sys=0.00s Real=0.10s
[2024-08-15T13:06:37.736+0000][2293.681s][info][gc,start    ] GC(438) Pause Young (Normal) (G1 Evacuation Pause)
[2024-08-15T13:06:37.736+0000][2293.681s][info][gc,task     ] GC(438) Using 6 workers of 6 for evacuation
[2024-08-15T13:06:37.840+0000][2293.785s][info][gc,phases   ] GC(438)   Pre Evacuate Collection Set: 0.2ms
[2024-08-15T13:06:37.840+0000][2293.785s][info][gc,phases   ] GC(438)   Merge Heap Roots: 0.3ms
[2024-08-15T13:06:37.840+0000][2293.785s][info][gc,phases   ] GC(438)   Evacuate Collection Set: 100.9ms
[2024-08-15T13:06:37.840+0000][2293.785s][info][gc,phases   ] GC(438)   Post Evacuate Collection Set: 2.4ms
[2024-08-15T13:06:37.840+0000][2293.785s][info][gc,phases   ] GC(438)   Other: 0.2ms
[2024-08-15T13:06:37.840+0000][2293.785s][info][gc,heap     ] GC(438) Eden regions: 618->0(606)
[2024-08-15T13:06:37.840+0000][2293.785s][info][gc,heap     ] GC(438) Survivor regions: 37->42(82)
[2024-08-15T13:06:37.840+0000][2293.785s][info][gc,heap     ] GC(438) Old regions: 527->529
[2024-08-15T13:06:37.840+0000][2293.785s][info][gc,heap     ] GC(438) Archive regions: 2->2
[2024-08-15T13:06:37.840+0000][2293.785s][info][gc,heap     ] GC(438) Humongous regions: 7->7
[2024-08-15T13:06:37.840+0000][2293.785s][info][gc,metaspace] GC(438) Metaspace: 438957K(445312K)->438957K(445312K) NonClass: 384001K(387648K)->384001K(387648K) Class: 54956K(57664K)->54956K(57664K)
[2024-08-15T13:06:37.840+0000][2293.785s][info][gc          ] GC(438) Pause Young (Normal) (G1 Evacuation Pause) 9509M->4622M(12288M) 104.081ms
[2024-08-15T13:06:37.840+0000][2293.785s][info][gc,cpu      ] GC(438) User=0.62s Sys=0.00s Real=0.10s
[2024-08-15T13:06:41.499+0000][2297.444s][info][gc,start    ] GC(439) Pause Young (Normal) (G1 Evacuation Pause)
[2024-08-15T13:06:41.499+0000][2297.444s][info][gc,task     ] GC(439) Using 6 workers of 6 for evacuation
[2024-08-15T13:06:41.604+0000][2297.549s][info][gc,phases   ] GC(439)   Pre Evacuate Collection Set: 0.2ms
[2024-08-15T13:06:41.604+0000][2297.549s][info][gc,phases   ] GC(439)   Merge Heap Roots: 0.3ms
[2024-08-15T13:06:41.604+0000][2297.549s][info][gc,phases   ] GC(439)   Evacuate Collection Set: 102.1ms
[2024-08-15T13:06:41.604+0000][2297.549s][info][gc,phases   ] GC(439)   Post Evacuate Collection Set: 2.4ms
[2024-08-15T13:06:41.604+0000][2297.549s][info][gc,phases   ] GC(439)   Other: 0.2ms
[2024-08-15T13:06:41.604+0000][2297.549s][info][gc,heap     ] GC(439) Eden regions: 606->0(608)
[2024-08-15T13:06:41.604+0000][2297.549s][info][gc,heap     ] GC(439) Survivor regions: 42->40(81)
[2024-08-15T13:06:41.604+0000][2297.549s][info][gc,heap     ] GC(439) Old regions: 529->531
[2024-08-15T13:06:41.604+0000][2297.549s][info][gc,heap     ] GC(439) Archive regions: 2->2
[2024-08-15T13:06:41.604+0000][2297.549s][info][gc,heap     ] GC(439) Humongous regions: 7->7
[2024-08-15T13:06:41.604+0000][2297.549s][info][gc,metaspace] GC(439) Metaspace: 438981K(445376K)->438981K(445376K) NonClass: 384025K(387712K)->384025K(387712K) Class: 54956K(57664K)->54956K(57664K)
[2024-08-15T13:06:41.604+0000][2297.549s][info][gc          ] GC(439) Pause Young (Normal) (G1 Evacuation Pause) 9470M->4627M(12288M) 105.313ms
[2024-08-15T13:06:41.604+0000][2297.549s][info][gc,cpu      ] GC(439) User=0.62s Sys=0.00s Real=0.11s
[2024-08-15T13:06:44.944+0000][2300.888s][info][gc,start    ] GC(440) Pause Young (Normal) (G1 Evacuation Pause)
[2024-08-15T13:06:44.944+0000][2300.888s][info][gc,task     ] GC(440) Using 6 workers of 6 for evacuation
[2024-08-15T13:06:45.045+0000][2300.990s][info][gc,phases   ] GC(440)   Pre Evacuate Collection Set: 0.2ms
[2024-08-15T13:06:45.045+0000][2300.990s][info][gc,phases   ] GC(440)   Merge Heap Roots: 0.3ms
[2024-08-15T13:06:45.045+0000][2300.990s][info][gc,phases   ] GC(440)   Evacuate Collection Set: 98.6ms
[2024-08-15T13:06:45.045+0000][2300.990s][info][gc,phases   ] GC(440)   Post Evacuate Collection Set: 2.2ms
[2024-08-15T13:06:45.045+0000][2300.990s][info][gc,phases   ] GC(440)   Other: 0.2ms
[2024-08-15T13:06:45.045+0000][2300.990s][info][gc,heap     ] GC(440) Eden regions: 608->0(614)
[2024-08-15T13:06:45.045+0000][2300.990s][info][gc,heap     ] GC(440) Survivor regions: 40->36(81)
[2024-08-15T13:06:45.045+0000][2300.990s][info][gc,heap     ] GC(440) Old regions: 531->533
[2024-08-15T13:06:45.045+0000][2300.990s][info][gc,heap     ] GC(440) Archive regions: 2->2
[2024-08-15T13:06:45.045+0000][2300.990s][info][gc,heap     ] GC(440) Humongous regions: 7->7
[2024-08-15T13:06:45.045+0000][2300.990s][info][gc,metaspace] GC(440) Metaspace: 438992K(445376K)->438992K(445376K) NonClass: 384036K(387712K)->384036K(387712K) Class: 54956K(57664K)->54956K(57664K)
[2024-08-15T13:06:45.045+0000][2300.990s][info][gc          ] GC(440) Pause Young (Normal) (G1 Evacuation Pause) 9491M->4611M(12288M) 101.612ms
[2024-08-15T13:06:45.045+0000][2300.990s][info][gc,cpu      ] GC(440) User=0.61s Sys=0.00s Real=0.10s
[2024-08-15T13:06:47.686+0000][2303.631s][info][gc,start    ] GC(441) Pause Young (Normal) (G1 Evacuation Pause)
[2024-08-15T13:06:47.686+0000][2303.631s][info][gc,task     ] GC(441) Using 6 workers of 6 for evacuation
[2024-08-15T13:06:47.786+0000][2303.731s][info][gc,phases   ] GC(441)   Pre Evacuate Collection Set: 0.2ms
[2024-08-15T13:06:47.786+0000][2303.731s][info][gc,phases   ] GC(441)   Merge Heap Roots: 0.3ms
[2024-08-15T13:06:47.786+0000][2303.731s][info][gc,phases   ] GC(441)   Evacuate Collection Set: 97.1ms
[2024-08-15T13:06:47.786+0000][2303.731s][info][gc,phases   ] GC(441)   Post Evacuate Collection Set: 2.4ms
[2024-08-15T13:06:47.786+0000][2303.731s][info][gc,phases   ] GC(441)   Other: 0.2ms
[2024-08-15T13:06:47.786+0000][2303.731s][info][gc,heap     ] GC(441) Eden regions: 614->0(610)
[2024-08-15T13:06:47.786+0000][2303.731s][info][gc,heap     ] GC(441) Survivor regions: 36->37(82)
[2024-08-15T13:06:47.786+0000][2303.731s][info][gc,heap     ] GC(441) Old regions: 533->535
[2024-08-15T13:06:47.786+0000][2303.731s][info][gc,heap     ] GC(441) Archive regions: 2->2
[2024-08-15T13:06:47.786+0000][2303.731s][info][gc,heap     ] GC(441) Humongous regions: 7->7
[2024-08-15T13:06:47.786+0000][2303.731s][info][gc,metaspace] GC(441) Metaspace: 438996K(445376K)->438996K(445376K) NonClass: 384039K(387712K)->384039K(387712K) Class: 54956K(57664K)->54956K(57664K)
[2024-08-15T13:06:47.786+0000][2303.731s][info][gc          ] GC(441) Pause Young (Normal) (G1 Evacuation Pause) 9523M->4636M(12288M) 100.214ms
[2024-08-15T13:06:47.787+0000][2303.731s][info][gc,cpu      ] GC(441) User=0.60s Sys=0.00s Real=0.10s
[2024-08-15T13:06:49.458+0000][2305.403s][info][gc,start    ] GC(442) Pause Young (Normal) (G1 Evacuation Pause)
[2024-08-15T13:06:49.458+0000][2305.403s][info][gc,task     ] GC(442) Using 6 workers of 6 for evacuation
[2024-08-15T13:06:49.583+0000][2305.527s][info][gc,phases   ] GC(442)   Pre Evacuate Collection Set: 0.2ms
[2024-08-15T13:06:49.583+0000][2305.527s][info][gc,phases   ] GC(442)   Merge Heap Roots: 0.3ms
[2024-08-15T13:06:49.583+0000][2305.527s][info][gc,phases   ] GC(442)   Evacuate Collection Set: 111.7ms
[2024-08-15T13:06:49.583+0000][2305.527s][info][gc,phases   ] GC(442)   Post Evacuate Collection Set: 12.1ms
[2024-08-15T13:06:49.583+0000][2305.527s][info][gc,phases   ] GC(442)   Other: 0.2ms
[2024-08-15T13:06:49.583+0000][2305.527s][info][gc,heap     ] GC(442) Eden regions: 610->0(607)
[2024-08-15T13:06:49.583+0000][2305.527s][info][gc,heap     ] GC(442) Survivor regions: 37->37(81)
[2024-08-15T13:06:49.583+0000][2305.527s][info][gc,heap     ] GC(442) Old regions: 535->538
[2024-08-15T13:06:49.583+0000][2305.527s][info][gc,heap     ] GC(442) Archive regions: 2->2
[2024-08-15T13:06:49.583+0000][2305.527s][info][gc,heap     ] GC(442) Humongous regions: 7->7
[2024-08-15T13:06:49.583+0000][2305.527s][info][gc,metaspace] GC(442) Metaspace: 438996K(445376K)->438996K(445376K) NonClass: 384039K(387712K)->384039K(387712K) Class: 54956K(57664K)->54956K(57664K)
[2024-08-15T13:06:49.583+0000][2305.527s][info][gc          ] GC(442) Pause Young (Normal) (G1 Evacuation Pause) 9516M->4649M(12288M) 124.534ms
[2024-08-15T13:06:49.583+0000][2305.527s][info][gc,cpu      ] GC(442) User=0.73s Sys=0.00s Real=0.12s
[2024-08-15T13:06:51.200+0000][2307.145s][info][gc,start    ] GC(443) Pause Young (Normal) (G1 Evacuation Pause)
[2024-08-15T13:06:51.200+0000][2307.145s][info][gc,task     ] GC(443) Using 6 workers of 6 for evacuation
[2024-08-15T13:06:51.323+0000][2307.267s][info][gc,phases   ] GC(443)   Pre Evacuate Collection Set: 0.2ms
[2024-08-15T13:06:51.323+0000][2307.267s][info][gc,phases   ] GC(443)   Merge Heap Roots: 0.3ms
[2024-08-15T13:06:51.323+0000][2307.267s][info][gc,phases   ] GC(443)   Evacuate Collection Set: 110.7ms
[2024-08-15T13:06:51.323+0000][2307.267s][info][gc,phases   ] GC(443)   Post Evacuate Collection Set: 10.8ms
[2024-08-15T13:06:51.323+0000][2307.267s][info][gc,phases   ] GC(443)   Other: 0.2ms
[2024-08-15T13:06:51.323+0000][2307.267s][info][gc,heap     ] GC(443) Eden regions: 607->0(607)
[2024-08-15T13:06:51.323+0000][2307.267s][info][gc,heap     ] GC(443) Survivor regions: 37->36(81)
[2024-08-15T13:06:51.323+0000][2307.267s][info][gc,heap     ] GC(443) Old regions: 538->540
[2024-08-15T13:06:51.323+0000][2307.267s][info][gc,heap     ] GC(443) Archive regions: 2->2
[2024-08-15T13:06:51.323+0000][2307.267s][info][gc,heap     ] GC(443) Humongous regions: 7->7
[2024-08-15T13:06:51.323+0000][2307.267s][info][gc,metaspace] GC(443) Metaspace: 438997K(445376K)->438997K(445376K) NonClass: 384040K(387712K)->384040K(387712K) Class: 54956K(57664K)->54956K(57664K)
[2024-08-15T13:06:51.323+0000][2307.267s][info][gc          ] GC(443) Pause Young (Normal) (G1 Evacuation Pause) 9505M->4661M(12288M) 122.262ms
[2024-08-15T13:06:51.323+0000][2307.267s][info][gc,cpu      ] GC(443) User=0.72s Sys=0.00s Real=0.12s
[2024-08-15T13:06:53.040+0000][2308.985s][info][gc,start    ] GC(444) Pause Young (Normal) (G1 Evacuation Pause)
[2024-08-15T13:06:53.040+0000][2308.985s][info][gc,task     ] GC(444) Using 6 workers of 6 for evacuation
[2024-08-15T13:06:53.168+0000][2309.113s][info][gc,phases   ] GC(444)   Pre Evacuate Collection Set: 0.2ms
[2024-08-15T13:06:53.168+0000][2309.113s][info][gc,phases   ] GC(444)   Merge Heap Roots: 0.3ms
[2024-08-15T13:06:53.168+0000][2309.113s][info][gc,phases   ] GC(444)   Evacuate Collection Set: 115.3ms
[2024-08-15T13:06:53.168+0000][2309.113s][info][gc,phases   ] GC(444)   Post Evacuate Collection Set: 12.1ms
[2024-08-15T13:06:53.168+0000][2309.113s][info][gc,phases   ] GC(444)   Other: 0.2ms
[2024-08-15T13:06:53.168+0000][2309.113s][info][gc,heap     ] GC(444) Eden regions: 607->0(601)
[2024-08-15T13:06:53.168+0000][2309.113s][info][gc,heap     ] GC(444) Survivor regions: 36->38(81)
[2024-08-15T13:06:53.168+0000][2309.113s][info][gc,heap     ] GC(444) Old regions: 540->542
[2024-08-15T13:06:53.168+0000][2309.113s][info][gc,heap     ] GC(444) Archive regions: 2->2
[2024-08-15T13:06:53.168+0000][2309.113s][info][gc,heap     ] GC(444) Humongous regions: 7->7
[2024-08-15T13:06:53.168+0000][2309.113s][info][gc,metaspace] GC(444) Metaspace: 438997K(445376K)->438997K(445376K) NonClass: 384040K(387712K)->384040K(387712K) Class: 54956K(57664K)->54956K(57664K)
[2024-08-15T13:06:53.168+0000][2309.113s][info][gc          ] GC(444) Pause Young (Normal) (G1 Evacuation Pause) 9517M->4690M(12288M) 128.062ms
[2024-08-15T13:06:53.168+0000][2309.113s][info][gc,cpu      ] GC(444) User=0.75s Sys=0.00s Real=0.13s
[2024-08-15T13:06:54.793+0000][2310.738s][info][gc,start    ] GC(445) Pause Young (Normal) (G1 Evacuation Pause)
[2024-08-15T13:06:54.793+0000][2310.738s][info][gc,task     ] GC(445) Using 6 workers of 6 for evacuation
[2024-08-15T13:06:54.925+0000][2310.869s][info][gc,phases   ] GC(445)   Pre Evacuate Collection Set: 0.2ms
[2024-08-15T13:06:54.925+0000][2310.869s][info][gc,phases   ] GC(445)   Merge Heap Roots: 0.3ms
[2024-08-15T13:06:54.925+0000][2310.869s][info][gc,phases   ] GC(445)   Evacuate Collection Set: 119.6ms
[2024-08-15T13:06:54.925+0000][2310.869s][info][gc,phases   ] GC(445)   Post Evacuate Collection Set: 11.2ms
[2024-08-15T13:06:54.925+0000][2310.869s][info][gc,phases   ] GC(445)   Other: 0.2ms
[2024-08-15T13:06:54.925+0000][2310.869s][info][gc,heap     ] GC(445) Eden regions: 601->0(601)
[2024-08-15T13:06:54.925+0000][2310.869s][info][gc,heap     ] GC(445) Survivor regions: 38->37(80)
[2024-08-15T13:06:54.925+0000][2310.869s][info][gc,heap     ] GC(445) Old regions: 542->544
[2024-08-15T13:06:54.925+0000][2310.869s][info][gc,heap     ] GC(445) Archive regions: 2->2
[2024-08-15T13:06:54.925+0000][2310.869s][info][gc,heap     ] GC(445) Humongous regions: 7->7
[2024-08-15T13:06:54.925+0000][2310.869s][info][gc,metaspace] GC(445) Metaspace: 438997K(445376K)->438997K(445376K) NonClass: 384040K(387712K)->384040K(387712K) Class: 54956K(57664K)->54956K(57664K)
[2024-08-15T13:06:54.925+0000][2310.869s][info][gc          ] GC(445) Pause Young (Normal) (G1 Evacuation Pause) 9498M->4700M(12288M) 131.610ms
[2024-08-15T13:06:54.925+0000][2310.870s][info][gc,cpu      ] GC(445) User=0.78s Sys=0.00s Real=0.14s
[2024-08-15T13:06:56.592+0000][2312.536s][info][gc,start    ] GC(446) Pause Young (Normal) (G1 Evacuation Pause)
[2024-08-15T13:06:56.592+0000][2312.536s][info][gc,task     ] GC(446) Using 6 workers of 6 for evacuation
[2024-08-15T13:06:56.728+0000][2312.673s][info][gc,phases   ] GC(446)   Pre Evacuate Collection Set: 0.2ms
[2024-08-15T13:06:56.728+0000][2312.673s][info][gc,phases   ] GC(446)   Merge Heap Roots: 0.3ms
[2024-08-15T13:06:56.728+0000][2312.673s][info][gc,phases   ] GC(446)   Evacuate Collection Set: 124.4ms
[2024-08-15T13:06:56.728+0000][2312.673s][info][gc,phases   ] GC(446)   Post Evacuate Collection Set: 11.4ms
[2024-08-15T13:06:56.728+0000][2312.673s][info][gc,phases   ] GC(446)   Other: 0.2ms
[2024-08-15T13:06:56.728+0000][2312.673s][info][gc,heap     ] GC(446) Eden regions: 601->0(599)
[2024-08-15T13:06:56.728+0000][2312.673s][info][gc,heap     ] GC(446) Survivor regions: 37->37(80)
[2024-08-15T13:06:56.728+0000][2312.673s][info][gc,heap     ] GC(446) Old regions: 544->546
[2024-08-15T13:06:56.728+0000][2312.673s][info][gc,heap     ] GC(446) Archive regions: 2->2
[2024-08-15T13:06:56.728+0000][2312.673s][info][gc,heap     ] GC(446) Humongous regions: 7->7
[2024-08-15T13:06:56.728+0000][2312.673s][info][gc,metaspace] GC(446) Metaspace: 438997K(445376K)->438997K(445376K) NonClass: 384040K(387712K)->384040K(387712K) Class: 54956K(57664K)->54956K(57664K)
[2024-08-15T13:06:56.728+0000][2312.673s][info][gc          ] GC(446) Pause Young (Normal) (G1 Evacuation Pause) 9508M->4717M(12288M) 136.565ms
[2024-08-15T13:06:56.728+0000][2312.673s][info][gc,cpu      ] GC(446) User=0.81s Sys=0.00s Real=0.14s
[2024-08-15T13:06:58.293+0000][2314.237s][info][gc,start    ] GC(447) Pause Young (Normal) (G1 Evacuation Pause)
[2024-08-15T13:06:58.293+0000][2314.237s][info][gc,task     ] GC(447) Using 6 workers of 6 for evacuation
[2024-08-15T13:06:58.451+0000][2314.396s][info][gc,phases   ] GC(447)   Pre Evacuate Collection Set: 0.2ms
[2024-08-15T13:06:58.451+0000][2314.396s][info][gc,phases   ] GC(447)   Merge Heap Roots: 0.4ms
[2024-08-15T13:06:58.451+0000][2314.396s][info][gc,phases   ] GC(447)   Evacuate Collection Set: 140.4ms
[2024-08-15T13:06:58.451+0000][2314.396s][info][gc,phases   ] GC(447)   Post Evacuate Collection Set: 17.2ms
[2024-08-15T13:06:58.451+0000][2314.396s][info][gc,phases   ] GC(447)   Other: 0.2ms
[2024-08-15T13:06:58.451+0000][2314.396s][info][gc,heap     ] GC(447) Eden regions: 599->0(591)
[2024-08-15T13:06:58.451+0000][2314.396s][info][gc,heap     ] GC(447) Survivor regions: 37->40(80)
[2024-08-15T13:06:58.451+0000][2314.396s][info][gc,heap     ] GC(447) Old regions: 546->548
[2024-08-15T13:06:58.451+0000][2314.396s][info][gc,heap     ] GC(447) Archive regions: 2->2
[2024-08-15T13:06:58.451+0000][2314.396s][info][gc,heap     ] GC(447) Humongous regions: 7->7
[2024-08-15T13:06:58.451+0000][2314.396s][info][gc,metaspace] GC(447) Metaspace: 438997K(445376K)->438997K(445376K) NonClass: 384040K(387712K)->384040K(387712K) Class: 54956K(57664K)->54956K(57664K)
[2024-08-15T13:06:58.451+0000][2314.396s][info][gc          ] GC(447) Pause Young (Normal) (G1 Evacuation Pause) 9509M->4763M(12288M) 158.448ms
[2024-08-15T13:06:58.451+0000][2314.396s][info][gc,cpu      ] GC(447) User=0.92s Sys=0.01s Real=0.16s
[2024-08-15T13:06:59.942+0000][2315.887s][info][gc,start    ] GC(448) Pause Young (Normal) (G1 Evacuation Pause)
[2024-08-15T13:06:59.942+0000][2315.887s][info][gc,task     ] GC(448) Using 6 workers of 6 for evacuation
[2024-08-15T13:07:00.092+0000][2316.036s][info][gc,phases   ] GC(448)   Pre Evacuate Collection Set: 0.2ms
[2024-08-15T13:07:00.092+0000][2316.037s][info][gc,phases   ] GC(448)   Merge Heap Roots: 0.3ms
[2024-08-15T13:07:00.092+0000][2316.037s][info][gc,phases   ] GC(448)   Evacuate Collection Set: 135.5ms
[2024-08-15T13:07:00.092+0000][2316.037s][info][gc,phases   ] GC(448)   Post Evacuate Collection Set: 13.6ms
[2024-08-15T13:07:00.092+0000][2316.037s][info][gc,phases   ] GC(448)   Other: 0.2ms
[2024-08-15T13:07:00.092+0000][2316.037s][info][gc,heap     ] GC(448) Eden regions: 591->0(585)
[2024-08-15T13:07:00.092+0000][2316.037s][info][gc,heap     ] GC(448) Survivor regions: 40->42(79)
[2024-08-15T13:07:00.092+0000][2316.037s][info][gc,heap     ] GC(448) Old regions: 548->550
[2024-08-15T13:07:00.092+0000][2316.037s][info][gc,heap     ] GC(448) Archive regions: 2->2
[2024-08-15T13:07:00.092+0000][2316.037s][info][gc,heap     ] GC(448) Humongous regions: 7->7
[2024-08-15T13:07:00.092+0000][2316.037s][info][gc,metaspace] GC(448) Metaspace: 438997K(445376K)->438997K(445376K) NonClass: 384040K(387712K)->384040K(387712K) Class: 54956K(57664K)->54956K(57664K)
[2024-08-15T13:07:00.092+0000][2316.037s][info][gc          ] GC(448) Pause Young (Normal) (G1 Evacuation Pause) 9491M->4792M(12288M) 149.784ms
[2024-08-15T13:07:00.092+0000][2316.037s][info][gc,cpu      ] GC(448) User=0.88s Sys=0.00s Real=0.15s
[2024-08-15T13:07:01.617+0000][2317.562s][info][gc,start    ] GC(449) Pause Young (Normal) (G1 Evacuation Pause)
[2024-08-15T13:07:01.617+0000][2317.562s][info][gc,task     ] GC(449) Using 6 workers of 6 for evacuation
[2024-08-15T13:07:01.774+0000][2317.719s][info][gc,phases   ] GC(449)   Pre Evacuate Collection Set: 0.2ms
[2024-08-15T13:07:01.774+0000][2317.719s][info][gc,phases   ] GC(449)   Merge Heap Roots: 0.3ms
[2024-08-15T13:07:01.774+0000][2317.719s][info][gc,phases   ] GC(449)   Evacuate Collection Set: 142.5ms
[2024-08-15T13:07:01.774+0000][2317.719s][info][gc,phases   ] GC(449)   Post Evacuate Collection Set: 14.0ms
[2024-08-15T13:07:01.774+0000][2317.719s][info][gc,phases   ] GC(449)   Other: 0.2ms
[2024-08-15T13:07:01.774+0000][2317.719s][info][gc,heap     ] GC(449) Eden regions: 585->0(578)
[2024-08-15T13:07:01.774+0000][2317.719s][info][gc,heap     ] GC(449) Survivor regions: 42->44(79)
[2024-08-15T13:07:01.774+0000][2317.719s][info][gc,heap     ] GC(449) Old regions: 550->553
[2024-08-15T13:07:01.774+0000][2317.719s][info][gc,heap     ] GC(449) Archive regions: 2->2
[2024-08-15T13:07:01.774+0000][2317.719s][info][gc,heap     ] GC(449) Humongous regions: 7->7
[2024-08-15T13:07:01.774+0000][2317.719s][info][gc,metaspace] GC(449) Metaspace: 438997K(445376K)->438997K(445376K) NonClass: 384040K(387712K)->384040K(387712K) Class: 54956K(57664K)->54956K(57664K)
[2024-08-15T13:07:01.774+0000][2317.719s][info][gc          ] GC(449) Pause Young (Normal) (G1 Evacuation Pause) 9472M->4833M(12288M) 157.328ms
[2024-08-15T13:07:01.774+0000][2317.719s][info][gc,cpu      ] GC(449) User=0.92s Sys=0.00s Real=0.15s
[2024-08-15T13:07:03.234+0000][2319.179s][info][gc,start    ] GC(450) Pause Young (Normal) (G1 Evacuation Pause)
[2024-08-15T13:07:03.234+0000][2319.179s][info][gc,task     ] GC(450) Using 6 workers of 6 for evacuation
[2024-08-15T13:07:03.394+0000][2319.339s][info][gc,phases   ] GC(450)   Pre Evacuate Collection Set: 0.2ms
[2024-08-15T13:07:03.394+0000][2319.339s][info][gc,phases   ] GC(450)   Merge Heap Roots: 0.4ms
[2024-08-15T13:07:03.394+0000][2319.339s][info][gc,phases   ] GC(450)   Evacuate Collection Set: 146.5ms
[2024-08-15T13:07:03.394+0000][2319.339s][info][gc,phases   ] GC(450)   Post Evacuate Collection Set: 12.9ms
[2024-08-15T13:07:03.394+0000][2319.339s][info][gc,phases   ] GC(450)   Other: 0.2ms
[2024-08-15T13:07:03.394+0000][2319.339s][info][gc,heap     ] GC(450) Eden regions: 578->0(580)
[2024-08-15T13:07:03.394+0000][2319.339s][info][gc,heap     ] GC(450) Survivor regions: 44->41(78)
[2024-08-15T13:07:03.394+0000][2319.339s][info][gc,heap     ] GC(450) Old regions: 553->557
[2024-08-15T13:07:03.394+0000][2319.339s][info][gc,heap     ] GC(450) Archive regions: 2->2
[2024-08-15T13:07:03.394+0000][2319.339s][info][gc,heap     ] GC(450) Humongous regions: 7->7
[2024-08-15T13:07:03.394+0000][2319.339s][info][gc,metaspace] GC(450) Metaspace: 438997K(445376K)->438997K(445376K) NonClass: 384040K(387712K)->384040K(387712K) Class: 54956K(57664K)->54956K(57664K)
[2024-08-15T13:07:03.394+0000][2319.339s][info][gc          ] GC(450) Pause Young (Normal) (G1 Evacuation Pause) 9457M->4844M(12288M) 160.193ms
[2024-08-15T13:07:03.394+0000][2319.339s][info][gc,cpu      ] GC(450) User=0.96s Sys=0.00s Real=0.16s
[2024-08-15T13:07:04.903+0000][2320.848s][info][gc,start    ] GC(451) Pause Young (Normal) (G1 Evacuation Pause)
[2024-08-15T13:07:04.903+0000][2320.848s][info][gc,task     ] GC(451) Using 6 workers of 6 for evacuation
[2024-08-15T13:07:05.072+0000][2321.017s][info][gc,phases   ] GC(451)   Pre Evacuate Collection Set: 0.2ms
[2024-08-15T13:07:05.072+0000][2321.017s][info][gc,phases   ] GC(451)   Merge Heap Roots: 0.4ms
[2024-08-15T13:07:05.072+0000][2321.017s][info][gc,phases   ] GC(451)   Evacuate Collection Set: 151.6ms
[2024-08-15T13:07:05.072+0000][2321.017s][info][gc,phases   ] GC(451)   Post Evacuate Collection Set: 16.8ms
[2024-08-15T13:07:05.072+0000][2321.017s][info][gc,phases   ] GC(451)   Other: 0.2ms
[2024-08-15T13:07:05.072+0000][2321.017s][info][gc,heap     ] GC(451) Eden regions: 580->0(577)
[2024-08-15T13:07:05.072+0000][2321.017s][info][gc,heap     ] GC(451) Survivor regions: 41->41(78)
[2024-08-15T13:07:05.072+0000][2321.017s][info][gc,heap     ] GC(451) Old regions: 557->560
[2024-08-15T13:07:05.072+0000][2321.017s][info][gc,heap     ] GC(451) Archive regions: 2->2
[2024-08-15T13:07:05.072+0000][2321.017s][info][gc,heap     ] GC(451) Humongous regions: 7->7
[2024-08-15T13:07:05.072+0000][2321.017s][info][gc,metaspace] GC(451) Metaspace: 438997K(445376K)->438997K(445376K) NonClass: 384040K(387712K)->384040K(387712K) Class: 54956K(57664K)->54956K(57664K)
[2024-08-15T13:07:05.072+0000][2321.017s][info][gc          ] GC(451) Pause Young (Normal) (G1 Evacuation Pause) 9484M->4865M(12288M) 169.275ms
[2024-08-15T13:07:05.072+0000][2321.017s][info][gc,cpu      ] GC(451) User=1.00s Sys=0.00s Real=0.17s
[2024-08-15T13:07:06.708+0000][2322.652s][info][gc,start    ] GC(452) Pause Young (Normal) (G1 Evacuation Pause)
[2024-08-15T13:07:06.708+0000][2322.652s][info][gc,task     ] GC(452) Using 6 workers of 6 for evacuation
[2024-08-15T13:07:06.863+0000][2322.808s][info][gc,phases   ] GC(452)   Pre Evacuate Collection Set: 0.2ms
[2024-08-15T13:07:06.863+0000][2322.808s][info][gc,phases   ] GC(452)   Merge Heap Roots: 0.3ms
[2024-08-15T13:07:06.863+0000][2322.808s][info][gc,phases   ] GC(452)   Evacuate Collection Set: 144.7ms
[2024-08-15T13:07:06.863+0000][2322.808s][info][gc,phases   ] GC(452)   Post Evacuate Collection Set: 10.2ms
[2024-08-15T13:07:06.863+0000][2322.808s][info][gc,phases   ] GC(452)   Other: 0.2ms
[2024-08-15T13:07:06.863+0000][2322.808s][info][gc,heap     ] GC(452) Eden regions: 577->0(573)
[2024-08-15T13:07:06.863+0000][2322.808s][info][gc,heap     ] GC(452) Survivor regions: 41->42(78)
[2024-08-15T13:07:06.863+0000][2322.808s][info][gc,heap     ] GC(452) Old regions: 560->562
[2024-08-15T13:07:06.863+0000][2322.808s][info][gc,heap     ] GC(452) Archive regions: 2->2
[2024-08-15T13:07:06.863+0000][2322.808s][info][gc,heap     ] GC(452) Humongous regions: 7->7
[2024-08-15T13:07:06.863+0000][2322.808s][info][gc,metaspace] GC(452) Metaspace: 438997K(445376K)->438997K(445376K) NonClass: 384040K(387712K)->384040K(387712K) Class: 54956K(57664K)->54956K(57664K)
[2024-08-15T13:07:06.863+0000][2322.808s][info][gc          ] GC(452) Pause Young (Normal) (G1 Evacuation Pause) 9481M->4892M(12288M) 155.739ms
[2024-08-15T13:07:06.863+0000][2322.808s][info][gc,cpu      ] GC(452) User=0.92s Sys=0.00s Real=0.16s
[2024-08-15T13:07:08.364+0000][2324.309s][info][gc,start    ] GC(453) Pause Young (Normal) (G1 Evacuation Pause)
[2024-08-15T13:07:08.364+0000][2324.309s][info][gc,task     ] GC(453) Using 6 workers of 6 for evacuation
[2024-08-15T13:07:08.525+0000][2324.470s][info][gc,phases   ] GC(453)   Pre Evacuate Collection Set: 0.2ms
[2024-08-15T13:07:08.525+0000][2324.470s][info][gc,phases   ] GC(453)   Merge Heap Roots: 0.4ms
[2024-08-15T13:07:08.525+0000][2324.470s][info][gc,phases   ] GC(453)   Evacuate Collection Set: 147.6ms
[2024-08-15T13:07:08.525+0000][2324.470s][info][gc,phases   ] GC(453)   Post Evacuate Collection Set: 13.1ms
[2024-08-15T13:07:08.525+0000][2324.470s][info][gc,phases   ] GC(453)   Other: 0.2ms
[2024-08-15T13:07:08.525+0000][2324.470s][info][gc,heap     ] GC(453) Eden regions: 573->0(572)
[2024-08-15T13:07:08.525+0000][2324.470s][info][gc,heap     ] GC(453) Survivor regions: 42->40(77)
[2024-08-15T13:07:08.525+0000][2324.470s][info][gc,heap     ] GC(453) Old regions: 562->567
[2024-08-15T13:07:08.525+0000][2324.470s][info][gc,heap     ] GC(453) Archive regions: 2->2
[2024-08-15T13:07:08.525+0000][2324.470s][info][gc,heap     ] GC(453) Humongous regions: 7->7
[2024-08-15T13:07:08.525+0000][2324.470s][info][gc,metaspace] GC(453) Metaspace: 438997K(445376K)->438997K(445376K) NonClass: 384040K(387712K)->384040K(387712K) Class: 54956K(57664K)->54956K(57664K)
[2024-08-15T13:07:08.525+0000][2324.470s][info][gc          ] GC(453) Pause Young (Normal) (G1 Evacuation Pause) 9476M->4907M(12288M) 161.480ms
[2024-08-15T13:07:08.525+0000][2324.470s][info][gc,cpu      ] GC(453) User=0.95s Sys=0.00s Real=0.16s
[2024-08-15T13:07:10.009+0000][2325.954s][info][gc,start    ] GC(454) Pause Young (Normal) (G1 Evacuation Pause)
[2024-08-15T13:07:10.009+0000][2325.954s][info][gc,task     ] GC(454) Using 6 workers of 6 for evacuation
[2024-08-15T13:07:10.171+0000][2326.116s][info][gc,phases   ] GC(454)   Pre Evacuate Collection Set: 0.2ms
[2024-08-15T13:07:10.171+0000][2326.116s][info][gc,phases   ] GC(454)   Merge Heap Roots: 0.4ms
[2024-08-15T13:07:10.171+0000][2326.116s][info][gc,phases   ] GC(454)   Evacuate Collection Set: 149.4ms
[2024-08-15T13:07:10.171+0000][2326.116s][info][gc,phases   ] GC(454)   Post Evacuate Collection Set: 12.3ms
[2024-08-15T13:07:10.171+0000][2326.116s][info][gc,phases   ] GC(454)   Other: 0.2ms
[2024-08-15T13:07:10.171+0000][2326.116s][info][gc,heap     ] GC(454) Eden regions: 572->0(566)
[2024-08-15T13:07:10.171+0000][2326.116s][info][gc,heap     ] GC(454) Survivor regions: 40->43(77)
[2024-08-15T13:07:10.171+0000][2326.116s][info][gc,heap     ] GC(454) Old regions: 567->567
[2024-08-15T13:07:10.171+0000][2326.116s][info][gc,heap     ] GC(454) Archive regions: 2->2
[2024-08-15T13:07:10.171+0000][2326.116s][info][gc,heap     ] GC(454) Humongous regions: 7->7
[2024-08-15T13:07:10.171+0000][2326.116s][info][gc,metaspace] GC(454) Metaspace: 438997K(445376K)->438997K(445376K) NonClass: 384040K(387712K)->384040K(387712K) Class: 54956K(57664K)->54956K(57664K)
[2024-08-15T13:07:10.171+0000][2326.116s][info][gc          ] GC(454) Pause Young (Normal) (G1 Evacuation Pause) 9483M->4935M(12288M) 162.494ms
[2024-08-15T13:07:10.171+0000][2326.116s][info][gc,cpu      ] GC(454) User=0.97s Sys=0.00s Real=0.16s
[2024-08-15T13:07:11.705+0000][2327.650s][info][gc,start    ] GC(455) Pause Young (Normal) (G1 Evacuation Pause)
[2024-08-15T13:07:11.706+0000][2327.650s][info][gc,task     ] GC(455) Using 6 workers of 6 for evacuation
[2024-08-15T13:07:11.873+0000][2327.818s][info][gc,phases   ] GC(455)   Pre Evacuate Collection Set: 0.2ms
[2024-08-15T13:07:11.873+0000][2327.818s][info][gc,phases   ] GC(455)   Merge Heap Roots: 0.4ms
[2024-08-15T13:07:11.873+0000][2327.818s][info][gc,phases   ] GC(455)   Evacuate Collection Set: 155.4ms
[2024-08-15T13:07:11.873+0000][2327.818s][info][gc,phases   ] GC(455)   Post Evacuate Collection Set: 11.5ms
[2024-08-15T13:07:11.873+0000][2327.818s][info][gc,phases   ] GC(455)   Other: 0.2ms
[2024-08-15T13:07:11.873+0000][2327.818s][info][gc,heap     ] GC(455) Eden regions: 566->0(562)
[2024-08-15T13:07:11.873+0000][2327.818s][info][gc,heap     ] GC(455) Survivor regions: 43->43(77)
[2024-08-15T13:07:11.873+0000][2327.818s][info][gc,heap     ] GC(455) Old regions: 567->571
[2024-08-15T13:07:11.873+0000][2327.818s][info][gc,heap     ] GC(455) Archive regions: 2->2
[2024-08-15T13:07:11.873+0000][2327.818s][info][gc,heap     ] GC(455) Humongous regions: 7->7
[2024-08-15T13:07:11.873+0000][2327.818s][info][gc,metaspace] GC(455) Metaspace: 438998K(445376K)->438998K(445376K) NonClass: 384042K(387712K)->384042K(387712K) Class: 54956K(57664K)->54956K(57664K)
[2024-08-15T13:07:11.873+0000][2327.818s][info][gc          ] GC(455) Pause Young (Normal) (G1 Evacuation Pause) 9463M->4962M(12288M) 167.753ms
[2024-08-15T13:07:11.873+0000][2327.818s][info][gc,cpu      ] GC(455) User=1.00s Sys=0.00s Real=0.16s
[2024-08-15T13:07:13.292+0000][2329.236s][info][gc,start    ] GC(456) Pause Young (Normal) (G1 Evacuation Pause)
[2024-08-15T13:07:13.292+0000][2329.236s][info][gc,task     ] GC(456) Using 6 workers of 6 for evacuation
[2024-08-15T13:07:13.458+0000][2329.403s][info][gc,phases   ] GC(456)   Pre Evacuate Collection Set: 0.2ms
[2024-08-15T13:07:13.458+0000][2329.403s][info][gc,phases   ] GC(456)   Merge Heap Roots: 0.4ms
[2024-08-15T13:07:13.458+0000][2329.403s][info][gc,phases   ] GC(456)   Evacuate Collection Set: 151.8ms
[2024-08-15T13:07:13.458+0000][2329.403s][info][gc,phases   ] GC(456)   Post Evacuate Collection Set: 13.9ms
[2024-08-15T13:07:13.458+0000][2329.403s][info][gc,phases   ] GC(456)   Other: 0.2ms
[2024-08-15T13:07:13.458+0000][2329.403s][info][gc,heap     ] GC(456) Eden regions: 562->0(562)
[2024-08-15T13:07:13.458+0000][2329.403s][info][gc,heap     ] GC(456) Survivor regions: 43->40(76)
[2024-08-15T13:07:13.458+0000][2329.403s][info][gc,heap     ] GC(456) Old regions: 571->577
[2024-08-15T13:07:13.458+0000][2329.403s][info][gc,heap     ] GC(456) Archive regions: 2->2
[2024-08-15T13:07:13.458+0000][2329.403s][info][gc,heap     ] GC(456) Humongous regions: 7->7
[2024-08-15T13:07:13.458+0000][2329.403s][info][gc,metaspace] GC(456) Metaspace: 438998K(445376K)->438998K(445376K) NonClass: 384042K(387712K)->384042K(387712K) Class: 54956K(57664K)->54956K(57664K)
[2024-08-15T13:07:13.458+0000][2329.403s][info][gc          ] GC(456) Pause Young (Normal) (G1 Evacuation Pause) 9458M->4985M(12288M) 166.484ms
[2024-08-15T13:07:13.458+0000][2329.403s][info][gc,cpu      ] GC(456) User=0.98s Sys=0.00s Real=0.17s
[2024-08-15T13:07:14.902+0000][2330.847s][info][gc,start    ] GC(457) Pause Young (Normal) (G1 Evacuation Pause)
[2024-08-15T13:07:14.902+0000][2330.847s][info][gc,task     ] GC(457) Using 6 workers of 6 for evacuation
[2024-08-15T13:07:15.066+0000][2331.011s][info][gc,phases   ] GC(457)   Pre Evacuate Collection Set: 0.2ms
[2024-08-15T13:07:15.066+0000][2331.011s][info][gc,phases   ] GC(457)   Merge Heap Roots: 0.5ms
[2024-08-15T13:07:15.066+0000][2331.011s][info][gc,phases   ] GC(457)   Evacuate Collection Set: 151.7ms
[2024-08-15T13:07:15.066+0000][2331.011s][info][gc,phases   ] GC(457)   Post Evacuate Collection Set: 11.9ms
[2024-08-15T13:07:15.066+0000][2331.011s][info][gc,phases   ] GC(457)   Other: 0.2ms
[2024-08-15T13:07:15.066+0000][2331.011s][info][gc,heap     ] GC(457) Eden regions: 562->0(563)
[2024-08-15T13:07:15.066+0000][2331.011s][info][gc,heap     ] GC(457) Survivor regions: 40->38(76)
[2024-08-15T13:07:15.066+0000][2331.011s][info][gc,heap     ] GC(457) Old regions: 577->580
[2024-08-15T13:07:15.066+0000][2331.011s][info][gc,heap     ] GC(457) Archive regions: 2->2
[2024-08-15T13:07:15.066+0000][2331.011s][info][gc,heap     ] GC(457) Humongous regions: 7->7
[2024-08-15T13:07:15.066+0000][2331.011s][info][gc,metaspace] GC(457) Metaspace: 438998K(445376K)->438998K(445376K) NonClass: 384042K(387712K)->384042K(387712K) Class: 54956K(57664K)->54956K(57664K)
[2024-08-15T13:07:15.066+0000][2331.011s][info][gc          ] GC(457) Pause Young (Normal) (G1 Evacuation Pause) 9481M->4998M(12288M) 164.444ms
[2024-08-15T13:07:15.067+0000][2331.011s][info][gc,cpu      ] GC(457) User=0.97s Sys=0.00s Real=0.17s
[2024-08-15T13:07:16.503+0000][2332.448s][info][gc,start    ] GC(458) Pause Young (Normal) (G1 Evacuation Pause)
[2024-08-15T13:07:16.503+0000][2332.448s][info][gc,task     ] GC(458) Using 6 workers of 6 for evacuation
[2024-08-15T13:07:16.662+0000][2332.606s][info][gc,phases   ] GC(458)   Pre Evacuate Collection Set: 0.2ms
[2024-08-15T13:07:16.662+0000][2332.606s][info][gc,phases   ] GC(458)   Merge Heap Roots: 0.4ms
[2024-08-15T13:07:16.662+0000][2332.606s][info][gc,phases   ] GC(458)   Evacuate Collection Set: 145.7ms
[2024-08-15T13:07:16.662+0000][2332.606s][info][gc,phases   ] GC(458)   Post Evacuate Collection Set: 11.9ms
[2024-08-15T13:07:16.662+0000][2332.606s][info][gc,phases   ] GC(458)   Other: 0.2ms
[2024-08-15T13:07:16.662+0000][2332.606s][info][gc,heap     ] GC(458) Eden regions: 563->0(559)
[2024-08-15T13:07:16.662+0000][2332.606s][info][gc,heap     ] GC(458) Survivor regions: 38->40(76)
[2024-08-15T13:07:16.662+0000][2332.606s][info][gc,heap     ] GC(458) Old regions: 580->580
[2024-08-15T13:07:16.662+0000][2332.606s][info][gc,heap     ] GC(458) Archive regions: 2->2
[2024-08-15T13:07:16.662+0000][2332.606s][info][gc,heap     ] GC(458) Humongous regions: 7->7
[2024-08-15T13:07:16.662+0000][2332.606s][info][gc,metaspace] GC(458) Metaspace: 438998K(445376K)->438998K(445376K) NonClass: 384042K(387712K)->384042K(387712K) Class: 54956K(57664K)->54956K(57664K)
[2024-08-15T13:07:16.662+0000][2332.607s][info][gc          ] GC(458) Pause Young (Normal) (G1 Evacuation Pause) 9502M->5010M(12288M) 158.511ms
[2024-08-15T13:07:16.662+0000][2332.607s][info][gc,cpu      ] GC(458) User=0.94s Sys=0.00s Real=0.15s
[2024-08-15T13:07:18.173+0000][2334.118s][info][gc,start    ] GC(459) Pause Young (Normal) (G1 Evacuation Pause)
[2024-08-15T13:07:18.173+0000][2334.118s][info][gc,task     ] GC(459) Using 6 workers of 6 for evacuation
[2024-08-15T13:07:18.336+0000][2334.280s][info][gc,phases   ] GC(459)   Pre Evacuate Collection Set: 0.2ms
[2024-08-15T13:07:18.336+0000][2334.280s][info][gc,phases   ] GC(459)   Merge Heap Roots: 0.4ms
[2024-08-15T13:07:18.336+0000][2334.280s][info][gc,phases   ] GC(459)   Evacuate Collection Set: 150.9ms
[2024-08-15T13:07:18.336+0000][2334.280s][info][gc,phases   ] GC(459)   Post Evacuate Collection Set: 10.8ms
[2024-08-15T13:07:18.336+0000][2334.280s][info][gc,phases   ] GC(459)   Other: 0.2ms
[2024-08-15T13:07:18.336+0000][2334.280s][info][gc,heap     ] GC(459) Eden regions: 559->0(555)
[2024-08-15T13:07:18.336+0000][2334.280s][info][gc,heap     ] GC(459) Survivor regions: 40->41(75)
[2024-08-15T13:07:18.336+0000][2334.280s][info][gc,heap     ] GC(459) Old regions: 580->582
[2024-08-15T13:07:18.336+0000][2334.280s][info][gc,heap     ] GC(459) Archive regions: 2->2
[2024-08-15T13:07:18.336+0000][2334.280s][info][gc,heap     ] GC(459) Humongous regions: 7->7
[2024-08-15T13:07:18.336+0000][2334.280s][info][gc,metaspace] GC(459) Metaspace: 438998K(445376K)->438998K(445376K) NonClass: 384042K(387712K)->384042K(387712K) Class: 54956K(57664K)->54956K(57664K)
[2024-08-15T13:07:18.336+0000][2334.280s][info][gc          ] GC(459) Pause Young (Normal) (G1 Evacuation Pause) 9482M->5038M(12288M) 162.640ms
[2024-08-15T13:07:18.336+0000][2334.281s][info][gc,cpu      ] GC(459) User=0.97s Sys=0.00s Real=0.17s
[2024-08-15T13:07:19.832+0000][2335.776s][info][gc,start    ] GC(460) Pause Young (Normal) (G1 Evacuation Pause)
[2024-08-15T13:07:19.832+0000][2335.776s][info][gc,task     ] GC(460) Using 6 workers of 6 for evacuation
[2024-08-15T13:07:19.995+0000][2335.939s][info][gc,phases   ] GC(460)   Pre Evacuate Collection Set: 0.2ms
[2024-08-15T13:07:19.995+0000][2335.940s][info][gc,phases   ] GC(460)   Merge Heap Roots: 0.4ms
[2024-08-15T13:07:19.995+0000][2335.940s][info][gc,phases   ] GC(460)   Evacuate Collection Set: 151.3ms
[2024-08-15T13:07:19.995+0000][2335.940s][info][gc,phases   ] GC(460)   Post Evacuate Collection Set: 11.2ms
[2024-08-15T13:07:19.995+0000][2335.940s][info][gc,phases   ] GC(460)   Other: 0.2ms
[2024-08-15T13:07:19.995+0000][2335.940s][info][gc,heap     ] GC(460) Eden regions: 555->0(554)
[2024-08-15T13:07:19.995+0000][2335.940s][info][gc,heap     ] GC(460) Survivor regions: 41->39(75)
[2024-08-15T13:07:19.995+0000][2335.940s][info][gc,heap     ] GC(460) Old regions: 582->587
[2024-08-15T13:07:19.995+0000][2335.940s][info][gc,heap     ] GC(460) Archive regions: 2->2
[2024-08-15T13:07:19.995+0000][2335.940s][info][gc,heap     ] GC(460) Humongous regions: 7->7
[2024-08-15T13:07:19.995+0000][2335.940s][info][gc,metaspace] GC(460) Metaspace: 438998K(445376K)->438998K(445376K) NonClass: 384042K(387712K)->384042K(387712K) Class: 54956K(57664K)->54956K(57664K)
[2024-08-15T13:07:19.995+0000][2335.940s][info][gc          ] GC(460) Pause Young (Normal) (G1 Evacuation Pause) 9478M->5058M(12288M) 163.393ms
[2024-08-15T13:07:19.995+0000][2335.940s][info][gc,cpu      ] GC(460) User=0.97s Sys=0.00s Real=0.16s
[2024-08-15T13:07:21.459+0000][2337.403s][info][gc,start    ] GC(461) Pause Young (Normal) (G1 Evacuation Pause)
[2024-08-15T13:07:21.459+0000][2337.403s][info][gc,task     ] GC(461) Using 6 workers of 6 for evacuation
[2024-08-15T13:07:21.613+0000][2337.558s][info][gc,phases   ] GC(461)   Pre Evacuate Collection Set: 0.2ms
[2024-08-15T13:07:21.613+0000][2337.558s][info][gc,phases   ] GC(461)   Merge Heap Roots: 0.4ms
[2024-08-15T13:07:21.613+0000][2337.558s][info][gc,phases   ] GC(461)   Evacuate Collection Set: 140.7ms
[2024-08-15T13:07:21.613+0000][2337.558s][info][gc,phases   ] GC(461)   Post Evacuate Collection Set: 12.7ms
[2024-08-15T13:07:21.613+0000][2337.558s][info][gc,phases   ] GC(461)   Other: 0.2ms
[2024-08-15T13:07:21.613+0000][2337.558s][info][gc,heap     ] GC(461) Eden regions: 554->0(548)
[2024-08-15T13:07:21.613+0000][2337.558s][info][gc,heap     ] GC(461) Survivor regions: 39->42(75)
[2024-08-15T13:07:21.613+0000][2337.558s][info][gc,heap     ] GC(461) Old regions: 587->587
[2024-08-15T13:07:21.613+0000][2337.558s][info][gc,heap     ] GC(461) Archive regions: 2->2
[2024-08-15T13:07:21.613+0000][2337.558s][info][gc,heap     ] GC(461) Humongous regions: 7->7
[2024-08-15T13:07:21.613+0000][2337.558s][info][gc,metaspace] GC(461) Metaspace: 438998K(445376K)->438998K(445376K) NonClass: 384042K(387712K)->384042K(387712K) Class: 54956K(57664K)->54956K(57664K)
[2024-08-15T13:07:21.613+0000][2337.558s][info][gc          ] GC(461) Pause Young (Normal) (G1 Evacuation Pause) 9490M->5082M(12288M) 154.185ms
[2024-08-15T13:07:21.613+0000][2337.558s][info][gc,cpu      ] GC(461) User=0.91s Sys=0.00s Real=0.15s
[2024-08-15T13:07:23.739+0000][2339.684s][info][gc,start    ] GC(462) Pause Young (Normal) (G1 Evacuation Pause)
[2024-08-15T13:07:23.739+0000][2339.684s][info][gc,task     ] GC(462) Using 6 workers of 6 for evacuation
[2024-08-15T13:07:23.855+0000][2339.799s][info][gc,phases   ] GC(462)   Pre Evacuate Collection Set: 0.2ms
[2024-08-15T13:07:23.855+0000][2339.799s][info][gc,phases   ] GC(462)   Merge Heap Roots: 0.5ms
[2024-08-15T13:07:23.855+0000][2339.799s][info][gc,phases   ] GC(462)   Evacuate Collection Set: 107.9ms
[2024-08-15T13:07:23.855+0000][2339.800s][info][gc,phases   ] GC(462)   Post Evacuate Collection Set: 7.1ms
[2024-08-15T13:07:23.855+0000][2339.800s][info][gc,phases   ] GC(462)   Other: 0.2ms
[2024-08-15T13:07:23.855+0000][2339.800s][info][gc,heap     ] GC(462) Eden regions: 548->0(571)
[2024-08-15T13:07:23.855+0000][2339.800s][info][gc,heap     ] GC(462) Survivor regions: 42->29(74)
[2024-08-15T13:07:23.855+0000][2339.800s][info][gc,heap     ] GC(462) Old regions: 587->590
[2024-08-15T13:07:23.855+0000][2339.800s][info][gc,heap     ] GC(462) Archive regions: 2->2
[2024-08-15T13:07:23.855+0000][2339.800s][info][gc,heap     ] GC(462) Humongous regions: 7->7
[2024-08-15T13:07:23.855+0000][2339.800s][info][gc,metaspace] GC(462) Metaspace: 438999K(445376K)->438999K(445376K) NonClass: 384043K(387712K)->384043K(387712K) Class: 54956K(57664K)->54956K(57664K)
[2024-08-15T13:07:23.855+0000][2339.800s][info][gc          ] GC(462) Pause Young (Normal) (G1 Evacuation Pause) 9466M->5006M(12288M) 116.057ms
[2024-08-15T13:07:23.855+0000][2339.800s][info][gc,cpu      ] GC(462) User=0.69s Sys=0.00s Real=0.11s
[2024-08-15T13:07:27.266+0000][2343.211s][info][gc,start    ] GC(463) Pause Young (Normal) (G1 Evacuation Pause)
[2024-08-15T13:07:27.266+0000][2343.211s][info][gc,task     ] GC(463) Using 6 workers of 6 for evacuation
[2024-08-15T13:07:27.361+0000][2343.306s][info][gc,phases   ] GC(463)   Pre Evacuate Collection Set: 0.2ms
[2024-08-15T13:07:27.362+0000][2343.306s][info][gc,phases   ] GC(463)   Merge Heap Roots: 0.3ms
[2024-08-15T13:07:27.362+0000][2343.306s][info][gc,phases   ] GC(463)   Evacuate Collection Set: 92.6ms
[2024-08-15T13:07:27.362+0000][2343.306s][info][gc,phases   ] GC(463)   Post Evacuate Collection Set: 2.2ms
[2024-08-15T13:07:27.362+0000][2343.306s][info][gc,phases   ] GC(463)   Other: 0.3ms
[2024-08-15T13:07:27.362+0000][2343.306s][info][gc,heap     ] GC(463) Eden regions: 571->0(567)
[2024-08-15T13:07:27.362+0000][2343.306s][info][gc,heap     ] GC(463) Survivor regions: 29->31(75)
[2024-08-15T13:07:27.362+0000][2343.306s][info][gc,heap     ] GC(463) Old regions: 590->590
[2024-08-15T13:07:27.362+0000][2343.306s][info][gc,heap     ] GC(463) Archive regions: 2->2
[2024-08-15T13:07:27.362+0000][2343.306s][info][gc,heap     ] GC(463) Humongous regions: 7->7
[2024-08-15T13:07:27.362+0000][2343.306s][info][gc,metaspace] GC(463) Metaspace: 438999K(445376K)->438999K(445376K) NonClass: 384043K(387712K)->384043K(387712K) Class: 54956K(57664K)->54956K(57664K)
[2024-08-15T13:07:27.362+0000][2343.306s][info][gc          ] GC(463) Pause Young (Normal) (G1 Evacuation Pause) 9574M->5018M(12288M) 95.643ms
[2024-08-15T13:07:27.362+0000][2343.306s][info][gc,cpu      ] GC(463) User=0.57s Sys=0.00s Real=0.09s
[2024-08-15T13:07:30.784+0000][2346.728s][info][gc,start    ] GC(464) Pause Young (Normal) (G1 Evacuation Pause)
[2024-08-15T13:07:30.784+0000][2346.728s][info][gc,task     ] GC(464) Using 6 workers of 6 for evacuation
[2024-08-15T13:07:30.882+0000][2346.827s][info][gc,phases   ] GC(464)   Pre Evacuate Collection Set: 0.2ms
[2024-08-15T13:07:30.882+0000][2346.827s][info][gc,phases   ] GC(464)   Merge Heap Roots: 0.3ms
[2024-08-15T13:07:30.882+0000][2346.827s][info][gc,phases   ] GC(464)   Evacuate Collection Set: 95.5ms
[2024-08-15T13:07:30.882+0000][2346.827s][info][gc,phases   ] GC(464)   Post Evacuate Collection Set: 2.3ms
[2024-08-15T13:07:30.882+0000][2346.827s][info][gc,phases   ] GC(464)   Other: 0.2ms
[2024-08-15T13:07:30.882+0000][2346.827s][info][gc,heap     ] GC(464) Eden regions: 567->0(564)
[2024-08-15T13:07:30.882+0000][2346.827s][info][gc,heap     ] GC(464) Survivor regions: 31->32(75)
[2024-08-15T13:07:30.882+0000][2346.827s][info][gc,heap     ] GC(464) Old regions: 590->591
[2024-08-15T13:07:30.882+0000][2346.827s][info][gc,heap     ] GC(464) Archive regions: 2->2
[2024-08-15T13:07:30.882+0000][2346.827s][info][gc,heap     ] GC(464) Humongous regions: 7->7
[2024-08-15T13:07:30.882+0000][2346.827s][info][gc,metaspace] GC(464) Metaspace: 438999K(445376K)->438999K(445376K) NonClass: 384043K(387712K)->384043K(387712K) Class: 54956K(57664K)->54956K(57664K)
[2024-08-15T13:07:30.882+0000][2346.827s][info][gc          ] GC(464) Pause Young (Normal) (G1 Evacuation Pause) 9554M->5039M(12288M) 98.548ms
[2024-08-15T13:07:30.882+0000][2346.827s][info][gc,cpu      ] GC(464) User=0.59s Sys=0.00s Real=0.09s
[2024-08-15T13:07:34.206+0000][2350.150s][info][gc,start    ] GC(465) Pause Young (Normal) (G1 Evacuation Pause)
[2024-08-15T13:07:34.206+0000][2350.150s][info][gc,task     ] GC(465) Using 6 workers of 6 for evacuation
[2024-08-15T13:07:34.306+0000][2350.251s][info][gc,phases   ] GC(465)   Pre Evacuate Collection Set: 0.2ms
[2024-08-15T13:07:34.306+0000][2350.251s][info][gc,phases   ] GC(465)   Merge Heap Roots: 0.3ms
[2024-08-15T13:07:34.306+0000][2350.251s][info][gc,phases   ] GC(465)   Evacuate Collection Set: 97.6ms
[2024-08-15T13:07:34.306+0000][2350.251s][info][gc,phases   ] GC(465)   Post Evacuate Collection Set: 2.3ms
[2024-08-15T13:07:34.306+0000][2350.251s][info][gc,phases   ] GC(465)   Other: 0.2ms
[2024-08-15T13:07:34.306+0000][2350.251s][info][gc,heap     ] GC(465) Eden regions: 564->0(562)
[2024-08-15T13:07:34.306+0000][2350.251s][info][gc,heap     ] GC(465) Survivor regions: 32->32(75)
[2024-08-15T13:07:34.306+0000][2350.251s][info][gc,heap     ] GC(465) Old regions: 591->593
[2024-08-15T13:07:34.306+0000][2350.251s][info][gc,heap     ] GC(465) Archive regions: 2->2
[2024-08-15T13:07:34.306+0000][2350.251s][info][gc,heap     ] GC(465) Humongous regions: 7->7
[2024-08-15T13:07:34.306+0000][2350.251s][info][gc,metaspace] GC(465) Metaspace: 439011K(445376K)->439011K(445376K) NonClass: 384055K(387712K)->384055K(387712K) Class: 54956K(57664K)->54956K(57664K)
[2024-08-15T13:07:34.306+0000][2350.251s][info][gc          ] GC(465) Pause Young (Normal) (G1 Evacuation Pause) 9551M->5059M(12288M) 100.710ms
[2024-08-15T13:07:34.306+0000][2350.251s][info][gc,cpu      ] GC(465) User=0.60s Sys=0.00s Real=0.10s
[2024-08-15T13:07:37.633+0000][2353.578s][info][gc,start    ] GC(466) Pause Young (Normal) (G1 Evacuation Pause)
[2024-08-15T13:07:37.633+0000][2353.578s][info][gc,task     ] GC(466) Using 6 workers of 6 for evacuation
[2024-08-15T13:07:37.736+0000][2353.680s][info][gc,phases   ] GC(466)   Pre Evacuate Collection Set: 0.2ms
[2024-08-15T13:07:37.736+0000][2353.680s][info][gc,phases   ] GC(466)   Merge Heap Roots: 0.3ms
[2024-08-15T13:07:37.736+0000][2353.680s][info][gc,phases   ] GC(466)   Evacuate Collection Set: 99.3ms
[2024-08-15T13:07:37.736+0000][2353.680s][info][gc,phases   ] GC(466)   Post Evacuate Collection Set: 2.4ms
[2024-08-15T13:07:37.736+0000][2353.680s][info][gc,phases   ] GC(466)   Other: 0.2ms
[2024-08-15T13:07:37.736+0000][2353.680s][info][gc,heap     ] GC(466) Eden regions: 562->0(553)
[2024-08-15T13:07:37.736+0000][2353.680s][info][gc,heap     ] GC(466) Survivor regions: 32->36(75)
[2024-08-15T13:07:37.736+0000][2353.680s][info][gc,heap     ] GC(466) Old regions: 593->594
[2024-08-15T13:07:37.736+0000][2353.680s][info][gc,heap     ] GC(466) Archive regions: 2->2
[2024-08-15T13:07:37.736+0000][2353.680s][info][gc,heap     ] GC(466) Humongous regions: 7->7
[2024-08-15T13:07:37.736+0000][2353.680s][info][gc,metaspace] GC(466) Metaspace: 439011K(445376K)->439011K(445376K) NonClass: 384055K(387712K)->384055K(387712K) Class: 54956K(57664K)->54956K(57664K)
[2024-08-15T13:07:37.736+0000][2353.680s][info][gc          ] GC(466) Pause Young (Normal) (G1 Evacuation Pause) 9555M->5099M(12288M) 102.437ms
[2024-08-15T13:07:37.736+0000][2353.680s][info][gc,cpu      ] GC(466) User=0.61s Sys=0.00s Real=0.11s
[2024-08-15T13:07:40.974+0000][2356.918s][info][gc,start    ] GC(467) Pause Young (Normal) (G1 Evacuation Pause)
[2024-08-15T13:07:40.974+0000][2356.919s][info][gc,task     ] GC(467) Using 6 workers of 6 for evacuation
[2024-08-15T13:07:41.080+0000][2357.025s][info][gc,phases   ] GC(467)   Pre Evacuate Collection Set: 0.2ms
[2024-08-15T13:07:41.080+0000][2357.025s][info][gc,phases   ] GC(467)   Merge Heap Roots: 0.3ms
[2024-08-15T13:07:41.080+0000][2357.025s][info][gc,phases   ] GC(467)   Evacuate Collection Set: 102.9ms
[2024-08-15T13:07:41.080+0000][2357.025s][info][gc,phases   ] GC(467)   Post Evacuate Collection Set: 2.5ms
[2024-08-15T13:07:41.080+0000][2357.025s][info][gc,phases   ] GC(467)   Other: 0.3ms
[2024-08-15T13:07:41.080+0000][2357.025s][info][gc,heap     ] GC(467) Eden regions: 553->0(548)
[2024-08-15T13:07:41.080+0000][2357.025s][info][gc,heap     ] GC(467) Survivor regions: 36->38(74)
[2024-08-15T13:07:41.080+0000][2357.025s][info][gc,heap     ] GC(467) Old regions: 594->595
[2024-08-15T13:07:41.080+0000][2357.025s][info][gc,heap     ] GC(467) Archive regions: 2->2
[2024-08-15T13:07:41.080+0000][2357.025s][info][gc,heap     ] GC(467) Humongous regions: 7->7
[2024-08-15T13:07:41.080+0000][2357.025s][info][gc,metaspace] GC(467) Metaspace: 439029K(445376K)->439029K(445376K) NonClass: 384073K(387712K)->384073K(387712K) Class: 54956K(57664K)->54956K(57664K)
[2024-08-15T13:07:41.080+0000][2357.025s][info][gc          ] GC(467) Pause Young (Normal) (G1 Evacuation Pause) 9523M->5120M(12288M) 106.194ms
[2024-08-15T13:07:41.080+0000][2357.025s][info][gc,cpu      ] GC(467) User=0.64s Sys=0.00s Real=0.11s
[2024-08-15T13:07:44.349+0000][2360.293s][info][gc,start    ] GC(468) Pause Young (Normal) (G1 Evacuation Pause)
[2024-08-15T13:07:44.349+0000][2360.293s][info][gc,task     ] GC(468) Using 6 workers of 6 for evacuation
[2024-08-15T13:07:44.456+0000][2360.400s][info][gc,phases   ] GC(468)   Pre Evacuate Collection Set: 0.2ms
[2024-08-15T13:07:44.456+0000][2360.400s][info][gc,phases   ] GC(468)   Merge Heap Roots: 0.3ms
[2024-08-15T13:07:44.456+0000][2360.400s][info][gc,phases   ] GC(468)   Evacuate Collection Set: 104.1ms
[2024-08-15T13:07:44.456+0000][2360.401s][info][gc,phases   ] GC(468)   Post Evacuate Collection Set: 2.2ms
[2024-08-15T13:07:44.456+0000][2360.401s][info][gc,phases   ] GC(468)   Other: 0.2ms
[2024-08-15T13:07:44.456+0000][2360.401s][info][gc,heap     ] GC(468) Eden regions: 548->0(557)
[2024-08-15T13:07:44.456+0000][2360.401s][info][gc,heap     ] GC(468) Survivor regions: 38->33(74)
[2024-08-15T13:07:44.456+0000][2360.401s][info][gc,heap     ] GC(468) Old regions: 595->596
[2024-08-15T13:07:44.456+0000][2360.401s][info][gc,heap     ] GC(468) Archive regions: 2->2
[2024-08-15T13:07:44.456+0000][2360.401s][info][gc,heap     ] GC(468) Humongous regions: 7->7
[2024-08-15T13:07:44.456+0000][2360.401s][info][gc,metaspace] GC(468) Metaspace: 439029K(445376K)->439029K(445376K) NonClass: 384073K(387712K)->384073K(387712K) Class: 54956K(57664K)->54956K(57664K)
[2024-08-15T13:07:44.456+0000][2360.401s][info][gc          ] GC(468) Pause Young (Normal) (G1 Evacuation Pause) 9504M->5091M(12288M) 107.145ms
[2024-08-15T13:07:44.456+0000][2360.401s][info][gc,cpu      ] GC(468) User=0.64s Sys=0.00s Real=0.11s
[2024-08-15T13:07:47.833+0000][2363.778s][info][gc,start    ] GC(469) Pause Young (Normal) (G1 Evacuation Pause)
[2024-08-15T13:07:47.833+0000][2363.778s][info][gc,task     ] GC(469) Using 6 workers of 6 for evacuation
[2024-08-15T13:07:47.940+0000][2363.885s][info][gc,phases   ] GC(469)   Pre Evacuate Collection Set: 0.2ms
[2024-08-15T13:07:47.940+0000][2363.885s][info][gc,phases   ] GC(469)   Merge Heap Roots: 0.3ms
[2024-08-15T13:07:47.940+0000][2363.885s][info][gc,phases   ] GC(469)   Evacuate Collection Set: 103.9ms
[2024-08-15T13:07:47.940+0000][2363.885s][info][gc,phases   ] GC(469)   Post Evacuate Collection Set: 2.4ms
[2024-08-15T13:07:47.940+0000][2363.885s][info][gc,phases   ] GC(469)   Other: 0.2ms
[2024-08-15T13:07:47.940+0000][2363.885s][info][gc,heap     ] GC(469) Eden regions: 557->0(546)
[2024-08-15T13:07:47.940+0000][2363.885s][info][gc,heap     ] GC(469) Survivor regions: 33->38(74)
[2024-08-15T13:07:47.940+0000][2363.885s][info][gc,heap     ] GC(469) Old regions: 596->597
[2024-08-15T13:07:47.940+0000][2363.885s][info][gc,heap     ] GC(469) Archive regions: 2->2
[2024-08-15T13:07:47.940+0000][2363.885s][info][gc,heap     ] GC(469) Humongous regions: 7->7
[2024-08-15T13:07:47.940+0000][2363.885s][info][gc,metaspace] GC(469) Metaspace: 439029K(445376K)->439029K(445376K) NonClass: 384073K(387712K)->384073K(387712K) Class: 54956K(57664K)->54956K(57664K)
[2024-08-15T13:07:47.940+0000][2363.885s][info][gc          ] GC(469) Pause Young (Normal) (G1 Evacuation Pause) 9547M->5139M(12288M) 107.080ms
[2024-08-15T13:07:47.940+0000][2363.885s][info][gc,cpu      ] GC(469) User=0.64s Sys=0.00s Real=0.11s
[2024-08-15T13:07:51.133+0000][2367.078s][info][gc,start    ] GC(470) Pause Young (Normal) (G1 Evacuation Pause)
[2024-08-15T13:07:51.133+0000][2367.078s][info][gc,task     ] GC(470) Using 6 workers of 6 for evacuation
[2024-08-15T13:07:51.244+0000][2367.188s][info][gc,phases   ] GC(470)   Pre Evacuate Collection Set: 0.2ms
[2024-08-15T13:07:51.244+0000][2367.188s][info][gc,phases   ] GC(470)   Merge Heap Roots: 0.3ms
[2024-08-15T13:07:51.244+0000][2367.188s][info][gc,phases   ] GC(470)   Evacuate Collection Set: 107.2ms
[2024-08-15T13:07:51.244+0000][2367.188s][info][gc,phases   ] GC(470)   Post Evacuate Collection Set: 2.4ms
[2024-08-15T13:07:51.244+0000][2367.188s][info][gc,phases   ] GC(470)   Other: 0.2ms
[2024-08-15T13:07:51.244+0000][2367.188s][info][gc,heap     ] GC(470) Eden regions: 546->0(543)
[2024-08-15T13:07:51.244+0000][2367.188s][info][gc,heap     ] GC(470) Survivor regions: 38->39(73)
[2024-08-15T13:07:51.244+0000][2367.188s][info][gc,heap     ] GC(470) Old regions: 597->598
[2024-08-15T13:07:51.244+0000][2367.188s][info][gc,heap     ] GC(470) Archive regions: 2->2
[2024-08-15T13:07:51.244+0000][2367.188s][info][gc,heap     ] GC(470) Humongous regions: 7->7
[2024-08-15T13:07:51.244+0000][2367.188s][info][gc,metaspace] GC(470) Metaspace: 439029K(445376K)->439029K(445376K) NonClass: 384073K(387712K)->384073K(387712K) Class: 54956K(57664K)->54956K(57664K)
[2024-08-15T13:07:51.244+0000][2367.189s][info][gc          ] GC(470) Pause Young (Normal) (G1 Evacuation Pause) 9507M->5150M(12288M) 110.467ms
[2024-08-15T13:07:51.244+0000][2367.189s][info][gc,cpu      ] GC(470) User=0.66s Sys=0.00s Real=0.12s
[2024-08-15T13:07:54.429+0000][2370.374s][info][gc,start    ] GC(471) Pause Young (Normal) (G1 Evacuation Pause)
[2024-08-15T13:07:54.429+0000][2370.374s][info][gc,task     ] GC(471) Using 6 workers of 6 for evacuation
[2024-08-15T13:07:54.541+0000][2370.486s][info][gc,phases   ] GC(471)   Pre Evacuate Collection Set: 0.2ms
[2024-08-15T13:07:54.541+0000][2370.486s][info][gc,phases   ] GC(471)   Merge Heap Roots: 0.3ms
[2024-08-15T13:07:54.541+0000][2370.486s][info][gc,phases   ] GC(471)   Evacuate Collection Set: 109.0ms
[2024-08-15T13:07:54.541+0000][2370.486s][info][gc,phases   ] GC(471)   Post Evacuate Collection Set: 2.2ms
[2024-08-15T13:07:54.541+0000][2370.486s][info][gc,phases   ] GC(471)   Other: 0.2ms
[2024-08-15T13:07:54.541+0000][2370.486s][info][gc,heap     ] GC(471) Eden regions: 543->0(544)
[2024-08-15T13:07:54.541+0000][2370.486s][info][gc,heap     ] GC(471) Survivor regions: 39->37(73)
[2024-08-15T13:07:54.541+0000][2370.486s][info][gc,heap     ] GC(471) Old regions: 598->601
[2024-08-15T13:07:54.541+0000][2370.486s][info][gc,heap     ] GC(471) Archive regions: 2->2
[2024-08-15T13:07:54.541+0000][2370.486s][info][gc,heap     ] GC(471) Humongous regions: 7->7
[2024-08-15T13:07:54.541+0000][2370.486s][info][gc,metaspace] GC(471) Metaspace: 439029K(445376K)->439029K(445376K) NonClass: 384073K(387712K)->384073K(387712K) Class: 54956K(57664K)->54956K(57664K)
[2024-08-15T13:07:54.541+0000][2370.486s][info][gc          ] GC(471) Pause Young (Normal) (G1 Evacuation Pause) 9494M->5158M(12288M) 112.030ms
[2024-08-15T13:07:54.541+0000][2370.486s][info][gc,cpu      ] GC(471) User=0.67s Sys=0.00s Real=0.11s
[2024-08-15T13:07:57.829+0000][2373.773s][info][gc,start    ] GC(472) Pause Young (Normal) (G1 Evacuation Pause)
[2024-08-15T13:07:57.829+0000][2373.773s][info][gc,task     ] GC(472) Using 6 workers of 6 for evacuation
[2024-08-15T13:07:57.938+0000][2373.883s][info][gc,phases   ] GC(472)   Pre Evacuate Collection Set: 0.2ms
[2024-08-15T13:07:57.938+0000][2373.883s][info][gc,phases   ] GC(472)   Merge Heap Roots: 0.3ms
[2024-08-15T13:07:57.938+0000][2373.883s][info][gc,phases   ] GC(472)   Evacuate Collection Set: 106.5ms
[2024-08-15T13:07:57.938+0000][2373.883s][info][gc,phases   ] GC(472)   Post Evacuate Collection Set: 2.3ms
[2024-08-15T13:07:57.938+0000][2373.883s][info][gc,phases   ] GC(472)   Other: 0.2ms
[2024-08-15T13:07:57.938+0000][2373.883s][info][gc,heap     ] GC(472) Eden regions: 544->0(539)
[2024-08-15T13:07:57.938+0000][2373.883s][info][gc,heap     ] GC(472) Survivor regions: 37->38(73)
[2024-08-15T13:07:57.938+0000][2373.883s][info][gc,heap     ] GC(472) Old regions: 601->604
[2024-08-15T13:07:57.938+0000][2373.883s][info][gc,heap     ] GC(472) Archive regions: 2->2
[2024-08-15T13:07:57.938+0000][2373.883s][info][gc,heap     ] GC(472) Humongous regions: 7->7
[2024-08-15T13:07:57.938+0000][2373.883s][info][gc,metaspace] GC(472) Metaspace: 439058K(445376K)->439058K(445376K) NonClass: 384101K(387712K)->384101K(387712K) Class: 54956K(57664K)->54956K(57664K)
[2024-08-15T13:07:57.938+0000][2373.883s][info][gc          ] GC(472) Pause Young (Normal) (G1 Evacuation Pause) 9510M->5187M(12288M) 109.539ms
[2024-08-15T13:07:57.938+0000][2373.883s][info][gc,cpu      ] GC(472) User=0.65s Sys=0.00s Real=0.11s
[2024-08-15T13:08:01.147+0000][2377.092s][info][gc,start    ] GC(473) Pause Young (Normal) (G1 Evacuation Pause)
[2024-08-15T13:08:01.147+0000][2377.092s][info][gc,task     ] GC(473) Using 6 workers of 6 for evacuation
[2024-08-15T13:08:01.254+0000][2377.198s][info][gc,phases   ] GC(473)   Pre Evacuate Collection Set: 0.2ms
[2024-08-15T13:08:01.254+0000][2377.198s][info][gc,phases   ] GC(473)   Merge Heap Roots: 0.3ms
[2024-08-15T13:08:01.254+0000][2377.198s][info][gc,phases   ] GC(473)   Evacuate Collection Set: 103.4ms
[2024-08-15T13:08:01.254+0000][2377.198s][info][gc,phases   ] GC(473)   Post Evacuate Collection Set: 2.3ms
[2024-08-15T13:08:01.254+0000][2377.198s][info][gc,phases   ] GC(473)   Other: 0.3ms
[2024-08-15T13:08:01.254+0000][2377.198s][info][gc,heap     ] GC(473) Eden regions: 539->0(535)
[2024-08-15T13:08:01.254+0000][2377.198s][info][gc,heap     ] GC(473) Survivor regions: 38->39(73)
[2024-08-15T13:08:01.254+0000][2377.198s][info][gc,heap     ] GC(473) Old regions: 604->606
[2024-08-15T13:08:01.254+0000][2377.198s][info][gc,heap     ] GC(473) Archive regions: 2->2
[2024-08-15T13:08:01.254+0000][2377.198s][info][gc,heap     ] GC(473) Humongous regions: 7->7
[2024-08-15T13:08:01.254+0000][2377.198s][info][gc,metaspace] GC(473) Metaspace: 439058K(445376K)->439058K(445376K) NonClass: 384101K(387712K)->384101K(387712K) Class: 54956K(57664K)->54956K(57664K)
[2024-08-15T13:08:01.254+0000][2377.198s][info][gc          ] GC(473) Pause Young (Normal) (G1 Evacuation Pause) 9499M->5214M(12288M) 106.466ms
[2024-08-15T13:08:01.254+0000][2377.198s][info][gc,cpu      ] GC(473) User=0.63s Sys=0.00s Real=0.10s
[2024-08-15T13:08:04.377+0000][2380.321s][info][gc,start    ] GC(474) Pause Young (Normal) (G1 Evacuation Pause)
[2024-08-15T13:08:04.377+0000][2380.321s][info][gc,task     ] GC(474) Using 6 workers of 6 for evacuation
[2024-08-15T13:08:04.481+0000][2380.426s][info][gc,phases   ] GC(474)   Pre Evacuate Collection Set: 0.2ms
[2024-08-15T13:08:04.481+0000][2380.426s][info][gc,phases   ] GC(474)   Merge Heap Roots: 0.3ms
[2024-08-15T13:08:04.481+0000][2380.426s][info][gc,phases   ] GC(474)   Evacuate Collection Set: 101.7ms
[2024-08-15T13:08:04.481+0000][2380.426s][info][gc,phases   ] GC(474)   Post Evacuate Collection Set: 2.1ms
[2024-08-15T13:08:04.481+0000][2380.426s][info][gc,phases   ] GC(474)   Other: 0.3ms
[2024-08-15T13:08:04.481+0000][2380.426s][info][gc,heap     ] GC(474) Eden regions: 535->0(539)
[2024-08-15T13:08:04.481+0000][2380.426s][info][gc,heap     ] GC(474) Survivor regions: 39->36(72)
[2024-08-15T13:08:04.481+0000][2380.426s][info][gc,heap     ] GC(474) Old regions: 606->608
[2024-08-15T13:08:04.481+0000][2380.426s][info][gc,heap     ] GC(474) Archive regions: 2->2
[2024-08-15T13:08:04.481+0000][2380.426s][info][gc,heap     ] GC(474) Humongous regions: 7->7
[2024-08-15T13:08:04.481+0000][2380.426s][info][gc,metaspace] GC(474) Metaspace: 439058K(445376K)->439058K(445376K) NonClass: 384101K(387712K)->384101K(387712K) Class: 54956K(57664K)->54956K(57664K)
[2024-08-15T13:08:04.482+0000][2380.426s][info][gc          ] GC(474) Pause Young (Normal) (G1 Evacuation Pause) 9494M->5212M(12288M) 104.708ms
[2024-08-15T13:08:04.482+0000][2380.426s][info][gc,cpu      ] GC(474) User=0.62s Sys=0.00s Real=0.10s
[2024-08-15T13:08:07.664+0000][2383.608s][info][gc,start    ] GC(475) Pause Young (Normal) (G1 Evacuation Pause)
[2024-08-15T13:08:07.664+0000][2383.609s][info][gc,task     ] GC(475) Using 6 workers of 6 for evacuation
[2024-08-15T13:08:07.766+0000][2383.710s][info][gc,phases   ] GC(475)   Pre Evacuate Collection Set: 0.2ms
[2024-08-15T13:08:07.766+0000][2383.710s][info][gc,phases   ] GC(475)   Merge Heap Roots: 0.3ms
[2024-08-15T13:08:07.766+0000][2383.710s][info][gc,phases   ] GC(475)   Evacuate Collection Set: 98.8ms
[2024-08-15T13:08:07.766+0000][2383.710s][info][gc,phases   ] GC(475)   Post Evacuate Collection Set: 2.3ms
[2024-08-15T13:08:07.766+0000][2383.710s][info][gc,phases   ] GC(475)   Other: 0.2ms
[2024-08-15T13:08:07.766+0000][2383.710s][info][gc,heap     ] GC(475) Eden regions: 539->0(528)
[2024-08-15T13:08:07.766+0000][2383.710s][info][gc,heap     ] GC(475) Survivor regions: 36->40(72)
[2024-08-15T13:08:07.766+0000][2383.710s][info][gc,heap     ] GC(475) Old regions: 608->611
[2024-08-15T13:08:07.766+0000][2383.710s][info][gc,heap     ] GC(475) Archive regions: 2->2
[2024-08-15T13:08:07.766+0000][2383.710s][info][gc,heap     ] GC(475) Humongous regions: 7->7
[2024-08-15T13:08:07.766+0000][2383.710s][info][gc,metaspace] GC(475) Metaspace: 439058K(445376K)->439058K(445376K) NonClass: 384101K(387712K)->384101K(387712K) Class: 54956K(57664K)->54956K(57664K)
[2024-08-15T13:08:07.766+0000][2383.710s][info][gc          ] GC(475) Pause Young (Normal) (G1 Evacuation Pause) 9524M->5258M(12288M) 101.914ms
[2024-08-15T13:08:07.766+0000][2383.710s][info][gc,cpu      ] GC(475) User=0.61s Sys=0.00s Real=0.10s
[2024-08-15T13:08:10.820+0000][2386.765s][info][gc,start    ] GC(476) Pause Young (Normal) (G1 Evacuation Pause)
[2024-08-15T13:08:10.820+0000][2386.765s][info][gc,task     ] GC(476) Using 6 workers of 6 for evacuation
[2024-08-15T13:08:10.920+0000][2386.864s][info][gc,phases   ] GC(476)   Pre Evacuate Collection Set: 0.2ms
[2024-08-15T13:08:10.920+0000][2386.864s][info][gc,phases   ] GC(476)   Merge Heap Roots: 0.3ms
[2024-08-15T13:08:10.920+0000][2386.864s][info][gc,phases   ] GC(476)   Evacuate Collection Set: 96.5ms
[2024-08-15T13:08:10.920+0000][2386.864s][info][gc,phases   ] GC(476)   Post Evacuate Collection Set: 2.4ms
[2024-08-15T13:08:10.920+0000][2386.864s][info][gc,phases   ] GC(476)   Other: 0.2ms
[2024-08-15T13:08:10.920+0000][2386.864s][info][gc,heap     ] GC(476) Eden regions: 528->0(536)
[2024-08-15T13:08:10.920+0000][2386.864s][info][gc,heap     ] GC(476) Survivor regions: 40->35(71)
[2024-08-15T13:08:10.920+0000][2386.864s][info][gc,heap     ] GC(476) Old regions: 611->613
[2024-08-15T13:08:10.920+0000][2386.864s][info][gc,heap     ] GC(476) Archive regions: 2->2
[2024-08-15T13:08:10.920+0000][2386.864s][info][gc,heap     ] GC(476) Humongous regions: 7->7
[2024-08-15T13:08:10.920+0000][2386.864s][info][gc,metaspace] GC(476) Metaspace: 439059K(445376K)->439059K(445376K) NonClass: 384102K(387712K)->384102K(387712K) Class: 54956K(57664K)->54956K(57664K)
[2024-08-15T13:08:10.920+0000][2386.864s][info][gc          ] GC(476) Pause Young (Normal) (G1 Evacuation Pause) 9482M->5239M(12288M) 99.561ms
[2024-08-15T13:08:10.920+0000][2386.864s][info][gc,cpu      ] GC(476) User=0.59s Sys=0.00s Real=0.10s
[2024-08-15T13:08:14.994+0000][2390.939s][info][gc,start    ] GC(477) Pause Young (Normal) (G1 Evacuation Pause)
[2024-08-15T13:08:14.994+0000][2390.939s][info][gc,task     ] GC(477) Using 6 workers of 6 for evacuation
[2024-08-15T13:08:15.091+0000][2391.035s][info][gc,phases   ] GC(477)   Pre Evacuate Collection Set: 0.2ms
[2024-08-15T13:08:15.091+0000][2391.035s][info][gc,phases   ] GC(477)   Merge Heap Roots: 0.3ms
[2024-08-15T13:08:15.091+0000][2391.035s][info][gc,phases   ] GC(477)   Evacuate Collection Set: 94.0ms
[2024-08-15T13:08:15.091+0000][2391.035s][info][gc,phases   ] GC(477)   Post Evacuate Collection Set: 2.1ms
[2024-08-15T13:08:15.091+0000][2391.035s][info][gc,phases   ] GC(477)   Other: 0.2ms
[2024-08-15T13:08:15.091+0000][2391.035s][info][gc,heap     ] GC(477) Eden regions: 536->0(538)
[2024-08-15T13:08:15.091+0000][2391.035s][info][gc,heap     ] GC(477) Survivor regions: 35->33(72)
[2024-08-15T13:08:15.091+0000][2391.035s][info][gc,heap     ] GC(477) Old regions: 613->615
[2024-08-15T13:08:15.091+0000][2391.035s][info][gc,heap     ] GC(477) Archive regions: 2->2
[2024-08-15T13:08:15.091+0000][2391.035s][info][gc,heap     ] GC(477) Humongous regions: 7->7
[2024-08-15T13:08:15.091+0000][2391.035s][info][gc,metaspace] GC(477) Metaspace: 439060K(445376K)->439060K(445376K) NonClass: 384104K(387712K)->384104K(387712K) Class: 54956K(57664K)->54956K(57664K)
[2024-08-15T13:08:15.091+0000][2391.035s][info][gc          ] GC(477) Pause Young (Normal) (G1 Evacuation Pause) 9527M->5244M(12288M) 96.758ms
[2024-08-15T13:08:15.091+0000][2391.035s][info][gc,cpu      ] GC(477) User=0.57s Sys=0.00s Real=0.10s
[2024-08-15T13:08:20.281+0000][2396.226s][info][gc,start    ] GC(478) Pause Young (Normal) (G1 Evacuation Pause)
[2024-08-15T13:08:20.281+0000][2396.226s][info][gc,task     ] GC(478) Using 6 workers of 6 for evacuation
[2024-08-15T13:08:20.370+0000][2396.314s][info][gc,phases   ] GC(478)   Pre Evacuate Collection Set: 0.2ms
[2024-08-15T13:08:20.370+0000][2396.314s][info][gc,phases   ] GC(478)   Merge Heap Roots: 0.3ms
[2024-08-15T13:08:20.370+0000][2396.314s][info][gc,phases   ] GC(478)   Evacuate Collection Set: 85.5ms
[2024-08-15T13:08:20.370+0000][2396.314s][info][gc,phases   ] GC(478)   Post Evacuate Collection Set: 2.3ms
[2024-08-15T13:08:20.370+0000][2396.314s][info][gc,phases   ] GC(478)   Other: 0.2ms
[2024-08-15T13:08:20.370+0000][2396.314s][info][gc,heap     ] GC(478) Eden regions: 538->0(540)
[2024-08-15T13:08:20.370+0000][2396.314s][info][gc,heap     ] GC(478) Survivor regions: 33->31(72)
[2024-08-15T13:08:20.370+0000][2396.314s][info][gc,heap     ] GC(478) Old regions: 615->617
[2024-08-15T13:08:20.370+0000][2396.314s][info][gc,heap     ] GC(478) Archive regions: 2->2
[2024-08-15T13:08:20.370+0000][2396.314s][info][gc,heap     ] GC(478) Humongous regions: 7->7
[2024-08-15T13:08:20.370+0000][2396.314s][info][gc,metaspace] GC(478) Metaspace: 439060K(445376K)->439060K(445376K) NonClass: 384104K(387712K)->384104K(387712K) Class: 54956K(57664K)->54956K(57664K)
[2024-08-15T13:08:20.370+0000][2396.314s][info][gc          ] GC(478) Pause Young (Normal) (G1 Evacuation Pause) 9548M->5239M(12288M) 88.564ms
[2024-08-15T13:08:20.370+0000][2396.314s][info][gc,cpu      ] GC(478) User=0.53s Sys=0.00s Real=0.09s
[2024-08-15T13:08:26.223+0000][2402.168s][info][gc,start    ] GC(479) Pause Young (Normal) (G1 Evacuation Pause)
[2024-08-15T13:08:26.223+0000][2402.168s][info][gc,task     ] GC(479) Using 6 workers of 6 for evacuation
[2024-08-15T13:08:26.310+0000][2402.254s][info][gc,phases   ] GC(479)   Pre Evacuate Collection Set: 0.2ms
[2024-08-15T13:08:26.310+0000][2402.254s][info][gc,phases   ] GC(479)   Merge Heap Roots: 0.3ms
[2024-08-15T13:08:26.310+0000][2402.254s][info][gc,phases   ] GC(479)   Evacuate Collection Set: 84.1ms
[2024-08-15T13:08:26.310+0000][2402.254s][info][gc,phases   ] GC(479)   Post Evacuate Collection Set: 2.1ms
[2024-08-15T13:08:26.310+0000][2402.254s][info][gc,phases   ] GC(479)   Other: 0.2ms
[2024-08-15T13:08:26.310+0000][2402.254s][info][gc,heap     ] GC(479) Eden regions: 540->0(538)
[2024-08-15T13:08:26.310+0000][2402.255s][info][gc,heap     ] GC(479) Survivor regions: 31->31(72)
[2024-08-15T13:08:26.310+0000][2402.255s][info][gc,heap     ] GC(479) Old regions: 617->619
[2024-08-15T13:08:26.310+0000][2402.255s][info][gc,heap     ] GC(479) Archive regions: 2->2
[2024-08-15T13:08:26.310+0000][2402.255s][info][gc,heap     ] GC(479) Humongous regions: 7->7
[2024-08-15T13:08:26.310+0000][2402.255s][info][gc,metaspace] GC(479) Metaspace: 439074K(445440K)->439074K(445440K) NonClass: 384118K(387776K)->384118K(387776K) Class: 54956K(57664K)->54956K(57664K)
[2024-08-15T13:08:26.310+0000][2402.255s][info][gc          ] GC(479) Pause Young (Normal) (G1 Evacuation Pause) 9559M->5254M(12288M) 86.929ms
[2024-08-15T13:08:26.310+0000][2402.255s][info][gc,cpu      ] GC(479) User=0.52s Sys=0.00s Real=0.09s
[2024-08-15T13:08:32.017+0000][2407.961s][info][gc,start    ] GC(480) Pause Young (Normal) (G1 Evacuation Pause)
[2024-08-15T13:08:32.017+0000][2407.961s][info][gc,task     ] GC(480) Using 6 workers of 6 for evacuation
[2024-08-15T13:08:32.105+0000][2408.050s][info][gc,phases   ] GC(480)   Pre Evacuate Collection Set: 0.2ms
[2024-08-15T13:08:32.105+0000][2408.050s][info][gc,phases   ] GC(480)   Merge Heap Roots: 0.3ms
[2024-08-15T13:08:32.105+0000][2408.050s][info][gc,phases   ] GC(480)   Evacuate Collection Set: 85.9ms
[2024-08-15T13:08:32.105+0000][2408.050s][info][gc,phases   ] GC(480)   Post Evacuate Collection Set: 2.1ms
[2024-08-15T13:08:32.105+0000][2408.050s][info][gc,phases   ] GC(480)   Other: 0.2ms
[2024-08-15T13:08:32.105+0000][2408.050s][info][gc,heap     ] GC(480) Eden regions: 538->0(542)
[2024-08-15T13:08:32.105+0000][2408.050s][info][gc,heap     ] GC(480) Survivor regions: 31->28(72)
[2024-08-15T13:08:32.105+0000][2408.050s][info][gc,heap     ] GC(480) Old regions: 619->621
[2024-08-15T13:08:32.105+0000][2408.050s][info][gc,heap     ] GC(480) Archive regions: 2->2
[2024-08-15T13:08:32.105+0000][2408.050s][info][gc,heap     ] GC(480) Humongous regions: 7->7
[2024-08-15T13:08:32.105+0000][2408.050s][info][gc,metaspace] GC(480) Metaspace: 439076K(445440K)->439076K(445440K) NonClass: 384119K(387776K)->384119K(387776K) Class: 54956K(57664K)->54956K(57664K)
[2024-08-15T13:08:32.105+0000][2408.050s][info][gc          ] GC(480) Pause Young (Normal) (G1 Evacuation Pause) 9558M->5245M(12288M) 88.648ms
[2024-08-15T13:08:32.105+0000][2408.050s][info][gc,cpu      ] GC(480) User=0.52s Sys=0.00s Real=0.09s
[2024-08-15T13:08:37.756+0000][2413.701s][info][gc,start    ] GC(481) Pause Young (Normal) (G1 Evacuation Pause)
[2024-08-15T13:08:37.756+0000][2413.701s][info][gc,task     ] GC(481) Using 6 workers of 6 for evacuation
[2024-08-15T13:08:37.840+0000][2413.785s][info][gc,phases   ] GC(481)   Pre Evacuate Collection Set: 0.2ms
[2024-08-15T13:08:37.840+0000][2413.785s][info][gc,phases   ] GC(481)   Merge Heap Roots: 0.3ms
[2024-08-15T13:08:37.840+0000][2413.785s][info][gc,phases   ] GC(481)   Evacuate Collection Set: 81.0ms
[2024-08-15T13:08:37.840+0000][2413.785s][info][gc,phases   ] GC(481)   Post Evacuate Collection Set: 2.1ms
[2024-08-15T13:08:37.840+0000][2413.785s][info][gc,phases   ] GC(481)   Other: 0.2ms
[2024-08-15T13:08:37.840+0000][2413.785s][info][gc,heap     ] GC(481) Eden regions: 542->0(540)
[2024-08-15T13:08:37.840+0000][2413.785s][info][gc,heap     ] GC(481) Survivor regions: 28->28(72)
[2024-08-15T13:08:37.840+0000][2413.785s][info][gc,heap     ] GC(481) Old regions: 621->623
[2024-08-15T13:08:37.840+0000][2413.785s][info][gc,heap     ] GC(481) Archive regions: 2->2
[2024-08-15T13:08:37.840+0000][2413.785s][info][gc,heap     ] GC(481) Humongous regions: 7->7
[2024-08-15T13:08:37.840+0000][2413.785s][info][gc,metaspace] GC(481) Metaspace: 439077K(445440K)->439077K(445440K) NonClass: 384121K(387776K)->384121K(387776K) Class: 54956K(57664K)->54956K(57664K)
[2024-08-15T13:08:37.840+0000][2413.785s][info][gc          ] GC(481) Pause Young (Normal) (G1 Evacuation Pause) 9581M->5262M(12288M) 83.844ms
[2024-08-15T13:08:37.840+0000][2413.785s][info][gc,cpu      ] GC(481) User=0.50s Sys=0.00s Real=0.08s
[2024-08-15T13:08:43.595+0000][2419.539s][info][gc,start    ] GC(482) Pause Young (Normal) (G1 Evacuation Pause)
[2024-08-15T13:08:43.595+0000][2419.539s][info][gc,task     ] GC(482) Using 6 workers of 6 for evacuation
[2024-08-15T13:08:43.674+0000][2419.619s][info][gc,phases   ] GC(482)   Pre Evacuate Collection Set: 0.2ms
[2024-08-15T13:08:43.674+0000][2419.619s][info][gc,phases   ] GC(482)   Merge Heap Roots: 0.3ms
[2024-08-15T13:08:43.674+0000][2419.619s][info][gc,phases   ] GC(482)   Evacuate Collection Set: 76.8ms
[2024-08-15T13:08:43.674+0000][2419.619s][info][gc,phases   ] GC(482)   Post Evacuate Collection Set: 2.2ms
[2024-08-15T13:08:43.674+0000][2419.619s][info][gc,phases   ] GC(482)   Other: 0.2ms
[2024-08-15T13:08:43.674+0000][2419.619s][info][gc,heap     ] GC(482) Eden regions: 540->0(536)
[2024-08-15T13:08:43.674+0000][2419.619s][info][gc,heap     ] GC(482) Survivor regions: 28->29(71)
[2024-08-15T13:08:43.674+0000][2419.619s][info][gc,heap     ] GC(482) Old regions: 623->625
[2024-08-15T13:08:43.674+0000][2419.619s][info][gc,heap     ] GC(482) Archive regions: 2->2
[2024-08-15T13:08:43.674+0000][2419.619s][info][gc,heap     ] GC(482) Humongous regions: 7->7
[2024-08-15T13:08:43.675+0000][2419.619s][info][gc,metaspace] GC(482) Metaspace: 439082K(445440K)->439082K(445440K) NonClass: 384125K(387776K)->384125K(387776K) Class: 54956K(57664K)->54956K(57664K)
[2024-08-15T13:08:43.675+0000][2419.619s][info][gc          ] GC(482) Pause Young (Normal) (G1 Evacuation Pause) 9582M->5283M(12288M) 79.737ms
[2024-08-15T13:08:43.675+0000][2419.619s][info][gc,cpu      ] GC(482) User=0.47s Sys=0.00s Real=0.08s
[2024-08-15T13:08:49.281+0000][2425.226s][info][gc,start    ] GC(483) Pause Young (Normal) (G1 Evacuation Pause)
[2024-08-15T13:08:49.281+0000][2425.226s][info][gc,task     ] GC(483) Using 6 workers of 6 for evacuation
[2024-08-15T13:08:49.361+0000][2425.306s][info][gc,phases   ] GC(483)   Pre Evacuate Collection Set: 0.2ms
[2024-08-15T13:08:49.361+0000][2425.306s][info][gc,phases   ] GC(483)   Merge Heap Roots: 0.3ms
[2024-08-15T13:08:49.361+0000][2425.306s][info][gc,phases   ] GC(483)   Evacuate Collection Set: 76.6ms
[2024-08-15T13:08:49.361+0000][2425.306s][info][gc,phases   ] GC(483)   Post Evacuate Collection Set: 2.5ms
[2024-08-15T13:08:49.361+0000][2425.306s][info][gc,phases   ] GC(483)   Other: 0.2ms
[2024-08-15T13:08:49.361+0000][2425.306s][info][gc,heap     ] GC(483) Eden regions: 536->0(537)
[2024-08-15T13:08:49.361+0000][2425.306s][info][gc,heap     ] GC(483) Survivor regions: 29->28(71)
[2024-08-15T13:08:49.361+0000][2425.306s][info][gc,heap     ] GC(483) Old regions: 625->626
[2024-08-15T13:08:49.361+0000][2425.306s][info][gc,heap     ] GC(483) Archive regions: 2->2
[2024-08-15T13:08:49.361+0000][2425.306s][info][gc,heap     ] GC(483) Humongous regions: 7->7
[2024-08-15T13:08:49.361+0000][2425.306s][info][gc,metaspace] GC(483) Metaspace: 439082K(445440K)->439082K(445440K) NonClass: 384125K(387776K)->384125K(387776K) Class: 54956K(57664K)->54956K(57664K)
[2024-08-15T13:08:49.361+0000][2425.306s][info][gc          ] GC(483) Pause Young (Normal) (G1 Evacuation Pause) 9571M->5292M(12288M) 79.900ms
[2024-08-15T13:08:49.361+0000][2425.306s][info][gc,cpu      ] GC(483) User=0.47s Sys=0.00s Real=0.08s
[2024-08-15T13:08:54.974+0000][2430.919s][info][gc,start    ] GC(484) Pause Young (Normal) (G1 Evacuation Pause)
[2024-08-15T13:08:54.974+0000][2430.919s][info][gc,task     ] GC(484) Using 6 workers of 6 for evacuation
[2024-08-15T13:08:55.050+0000][2430.995s][info][gc,phases   ] GC(484)   Pre Evacuate Collection Set: 0.2ms
[2024-08-15T13:08:55.050+0000][2430.995s][info][gc,phases   ] GC(484)   Merge Heap Roots: 0.3ms
[2024-08-15T13:08:55.050+0000][2430.995s][info][gc,phases   ] GC(484)   Evacuate Collection Set: 72.9ms
[2024-08-15T13:08:55.050+0000][2430.995s][info][gc,phases   ] GC(484)   Post Evacuate Collection Set: 2.1ms
[2024-08-15T13:08:55.050+0000][2430.995s][info][gc,phases   ] GC(484)   Other: 0.2ms
[2024-08-15T13:08:55.050+0000][2430.995s][info][gc,heap     ] GC(484) Eden regions: 537->0(539)
[2024-08-15T13:08:55.050+0000][2430.995s][info][gc,heap     ] GC(484) Survivor regions: 28->26(71)
[2024-08-15T13:08:55.050+0000][2430.995s][info][gc,heap     ] GC(484) Old regions: 626->628
[2024-08-15T13:08:55.050+0000][2430.995s][info][gc,heap     ] GC(484) Archive regions: 2->2
[2024-08-15T13:08:55.050+0000][2430.995s][info][gc,heap     ] GC(484) Humongous regions: 7->7
[2024-08-15T13:08:55.050+0000][2430.995s][info][gc,metaspace] GC(484) Metaspace: 439082K(445440K)->439082K(445440K) NonClass: 384126K(387776K)->384126K(387776K) Class: 54956K(57664K)->54956K(57664K)
[2024-08-15T13:08:55.050+0000][2430.995s][info][gc          ] GC(484) Pause Young (Normal) (G1 Evacuation Pause) 9588M->5286M(12288M) 75.682ms
[2024-08-15T13:08:55.050+0000][2430.995s][info][gc,cpu      ] GC(484) User=0.45s Sys=0.00s Real=0.08s
[2024-08-15T13:09:00.770+0000][2436.714s][info][gc,start    ] GC(485) Pause Young (Normal) (G1 Evacuation Pause)
[2024-08-15T13:09:00.770+0000][2436.714s][info][gc,task     ] GC(485) Using 6 workers of 6 for evacuation
[2024-08-15T13:09:00.845+0000][2436.790s][info][gc,phases   ] GC(485)   Pre Evacuate Collection Set: 0.2ms
[2024-08-15T13:09:00.845+0000][2436.790s][info][gc,phases   ] GC(485)   Merge Heap Roots: 0.3ms
[2024-08-15T13:09:00.845+0000][2436.790s][info][gc,phases   ] GC(485)   Evacuate Collection Set: 73.0ms
[2024-08-15T13:09:00.845+0000][2436.790s][info][gc,phases   ] GC(485)   Post Evacuate Collection Set: 2.1ms
[2024-08-15T13:09:00.845+0000][2436.790s][info][gc,phases   ] GC(485)   Other: 0.2ms
[2024-08-15T13:09:00.845+0000][2436.790s][info][gc,heap     ] GC(485) Eden regions: 539->0(537)
[2024-08-15T13:09:00.845+0000][2436.790s][info][gc,heap     ] GC(485) Survivor regions: 26->26(71)
[2024-08-15T13:09:00.845+0000][2436.790s][info][gc,heap     ] GC(485) Old regions: 628->630
[2024-08-15T13:09:00.845+0000][2436.790s][info][gc,heap     ] GC(485) Archive regions: 2->2
[2024-08-15T13:09:00.845+0000][2436.790s][info][gc,heap     ] GC(485) Humongous regions: 7->7
[2024-08-15T13:09:00.845+0000][2436.790s][info][gc,metaspace] GC(485) Metaspace: 439082K(445440K)->439082K(445440K) NonClass: 384126K(387776K)->384126K(387776K) Class: 54956K(57664K)->54956K(57664K)
[2024-08-15T13:09:00.846+0000][2436.790s][info][gc          ] GC(485) Pause Young (Normal) (G1 Evacuation Pause) 9598M->5304M(12288M) 75.801ms
[2024-08-15T13:09:00.846+0000][2436.790s][info][gc,cpu      ] GC(485) User=0.45s Sys=0.00s Real=0.08s
[2024-08-15T13:09:06.393+0000][2442.337s][info][gc,start    ] GC(486) Pause Young (Normal) (G1 Evacuation Pause)
[2024-08-15T13:09:06.393+0000][2442.337s][info][gc,task     ] GC(486) Using 6 workers of 6 for evacuation
[2024-08-15T13:09:06.464+0000][2442.408s][info][gc,phases   ] GC(486)   Pre Evacuate Collection Set: 0.2ms
[2024-08-15T13:09:06.464+0000][2442.408s][info][gc,phases   ] GC(486)   Merge Heap Roots: 0.3ms
[2024-08-15T13:09:06.464+0000][2442.408s][info][gc,phases   ] GC(486)   Evacuate Collection Set: 68.3ms
[2024-08-15T13:09:06.464+0000][2442.408s][info][gc,phases   ] GC(486)   Post Evacuate Collection Set: 2.1ms
[2024-08-15T13:09:06.464+0000][2442.408s][info][gc,phases   ] GC(486)   Other: 0.2ms
[2024-08-15T13:09:06.464+0000][2442.408s][info][gc,heap     ] GC(486) Eden regions: 537->0(536)
[2024-08-15T13:09:06.464+0000][2442.408s][info][gc,heap     ] GC(486) Survivor regions: 26->26(71)
[2024-08-15T13:09:06.464+0000][2442.408s][info][gc,heap     ] GC(486) Old regions: 630->631
[2024-08-15T13:09:06.464+0000][2442.408s][info][gc,heap     ] GC(486) Archive regions: 2->2
[2024-08-15T13:09:06.464+0000][2442.408s][info][gc,heap     ] GC(486) Humongous regions: 7->7
[2024-08-15T13:09:06.464+0000][2442.408s][info][gc,metaspace] GC(486) Metaspace: 439082K(445440K)->439082K(445440K) NonClass: 384126K(387776K)->384126K(387776K) Class: 54956K(57664K)->54956K(57664K)
[2024-08-15T13:09:06.464+0000][2442.408s][info][gc          ] GC(486) Pause Young (Normal) (G1 Evacuation Pause) 9600M->5316M(12288M) 71.071ms
[2024-08-15T13:09:06.464+0000][2442.408s][info][gc,cpu      ] GC(486) User=0.42s Sys=0.00s Real=0.08s
[2024-08-15T13:09:11.779+0000][2447.724s][info][gc,start    ] GC(487) Pause Young (Normal) (G1 Evacuation Pause)
[2024-08-15T13:09:11.779+0000][2447.724s][info][gc,task     ] GC(487) Using 6 workers of 6 for evacuation
[2024-08-15T13:09:11.847+0000][2447.792s][info][gc,phases   ] GC(487)   Pre Evacuate Collection Set: 0.2ms
[2024-08-15T13:09:11.847+0000][2447.792s][info][gc,phases   ] GC(487)   Merge Heap Roots: 0.3ms
[2024-08-15T13:09:11.847+0000][2447.792s][info][gc,phases   ] GC(487)   Evacuate Collection Set: 65.0ms
[2024-08-15T13:09:11.847+0000][2447.792s][info][gc,phases   ] GC(487)   Post Evacuate Collection Set: 2.1ms
[2024-08-15T13:09:11.847+0000][2447.792s][info][gc,phases   ] GC(487)   Other: 0.2ms
[2024-08-15T13:09:11.847+0000][2447.792s][info][gc,heap     ] GC(487) Eden regions: 536->0(538)
[2024-08-15T13:09:11.847+0000][2447.792s][info][gc,heap     ] GC(487) Survivor regions: 26->24(71)
[2024-08-15T13:09:11.847+0000][2447.792s][info][gc,heap     ] GC(487) Old regions: 631->633
[2024-08-15T13:09:11.847+0000][2447.792s][info][gc,heap     ] GC(487) Archive regions: 2->2
[2024-08-15T13:09:11.847+0000][2447.792s][info][gc,heap     ] GC(487) Humongous regions: 7->7
[2024-08-15T13:09:11.847+0000][2447.792s][info][gc,metaspace] GC(487) Metaspace: 439087K(445440K)->439087K(445440K) NonClass: 384130K(387776K)->384130K(387776K) Class: 54956K(57664K)->54956K(57664K)
[2024-08-15T13:09:11.847+0000][2447.792s][info][gc          ] GC(487) Pause Young (Normal) (G1 Evacuation Pause) 9604M->5313M(12288M) 67.854ms
[2024-08-15T13:09:11.847+0000][2447.792s][info][gc,cpu      ] GC(487) User=0.40s Sys=0.00s Real=0.07s
[2024-08-15T13:09:17.180+0000][2453.124s][info][gc,start    ] GC(488) Pause Young (Normal) (G1 Evacuation Pause)
[2024-08-15T13:09:17.180+0000][2453.124s][info][gc,task     ] GC(488) Using 6 workers of 6 for evacuation
[2024-08-15T13:09:17.245+0000][2453.189s][info][gc,phases   ] GC(488)   Pre Evacuate Collection Set: 0.2ms
[2024-08-15T13:09:17.245+0000][2453.190s][info][gc,phases   ] GC(488)   Merge Heap Roots: 0.3ms
[2024-08-15T13:09:17.245+0000][2453.190s][info][gc,phases   ] GC(488)   Evacuate Collection Set: 62.4ms
[2024-08-15T13:09:17.245+0000][2453.190s][info][gc,phases   ] GC(488)   Post Evacuate Collection Set: 2.1ms
[2024-08-15T13:09:17.245+0000][2453.190s][info][gc,phases   ] GC(488)   Other: 0.2ms
[2024-08-15T13:09:17.245+0000][2453.190s][info][gc,heap     ] GC(488) Eden regions: 538->0(538)
[2024-08-15T13:09:17.245+0000][2453.190s][info][gc,heap     ] GC(488) Survivor regions: 24->23(71)
[2024-08-15T13:09:17.245+0000][2453.190s][info][gc,heap     ] GC(488) Old regions: 633->635
[2024-08-15T13:09:17.245+0000][2453.190s][info][gc,heap     ] GC(488) Archive regions: 2->2
[2024-08-15T13:09:17.245+0000][2453.190s][info][gc,heap     ] GC(488) Humongous regions: 7->7
[2024-08-15T13:09:17.245+0000][2453.190s][info][gc,metaspace] GC(488) Metaspace: 439087K(445440K)->439087K(445440K) NonClass: 384130K(387776K)->384130K(387776K) Class: 54956K(57664K)->54956K(57664K)
[2024-08-15T13:09:17.245+0000][2453.190s][info][gc          ] GC(488) Pause Young (Normal) (G1 Evacuation Pause) 9617M->5315M(12288M) 65.231ms
[2024-08-15T13:09:17.245+0000][2453.190s][info][gc,cpu      ] GC(488) User=0.39s Sys=0.00s Real=0.07s
[2024-08-15T13:09:22.951+0000][2458.895s][info][gc,start    ] GC(489) Pause Young (Normal) (G1 Evacuation Pause)
[2024-08-15T13:09:22.951+0000][2458.895s][info][gc,task     ] GC(489) Using 6 workers of 6 for evacuation
[2024-08-15T13:09:23.015+0000][2458.959s][info][gc,phases   ] GC(489)   Pre Evacuate Collection Set: 0.2ms
[2024-08-15T13:09:23.015+0000][2458.959s][info][gc,phases   ] GC(489)   Merge Heap Roots: 0.3ms
[2024-08-15T13:09:23.015+0000][2458.959s][info][gc,phases   ] GC(489)   Evacuate Collection Set: 61.2ms
[2024-08-15T13:09:23.015+0000][2458.959s][info][gc,phases   ] GC(489)   Post Evacuate Collection Set: 2.0ms
[2024-08-15T13:09:23.015+0000][2458.959s][info][gc,phases   ] GC(489)   Other: 0.2ms
[2024-08-15T13:09:23.015+0000][2458.959s][info][gc,heap     ] GC(489) Eden regions: 538->0(535)
[2024-08-15T13:09:23.015+0000][2458.959s][info][gc,heap     ] GC(489) Survivor regions: 23->24(71)
[2024-08-15T13:09:23.015+0000][2458.959s][info][gc,heap     ] GC(489) Old regions: 635->636
[2024-08-15T13:09:23.015+0000][2458.959s][info][gc,heap     ] GC(489) Archive regions: 2->2
[2024-08-15T13:09:23.015+0000][2458.959s][info][gc,heap     ] GC(489) Humongous regions: 7->7
[2024-08-15T13:09:23.015+0000][2458.959s][info][gc,metaspace] GC(489) Metaspace: 439087K(445440K)->439087K(445440K) NonClass: 384130K(387776K)->384130K(387776K) Class: 54956K(57664K)->54956K(57664K)
[2024-08-15T13:09:23.015+0000][2458.959s][info][gc          ] GC(489) Pause Young (Normal) (G1 Evacuation Pause) 9619M->5336M(12288M) 64.014ms
[2024-08-15T13:09:23.015+0000][2458.959s][info][gc,cpu      ] GC(489) User=0.38s Sys=0.00s Real=0.06s
[2024-08-15T13:09:28.733+0000][2464.678s][info][gc,start    ] GC(490) Pause Young (Normal) (G1 Evacuation Pause)
[2024-08-15T13:09:28.733+0000][2464.678s][info][gc,task     ] GC(490) Using 6 workers of 6 for evacuation
[2024-08-15T13:09:28.794+0000][2464.739s][info][gc,phases   ] GC(490)   Pre Evacuate Collection Set: 0.2ms
[2024-08-15T13:09:28.794+0000][2464.739s][info][gc,phases   ] GC(490)   Merge Heap Roots: 0.3ms
[2024-08-15T13:09:28.794+0000][2464.739s][info][gc,phases   ] GC(490)   Evacuate Collection Set: 58.1ms
[2024-08-15T13:09:28.794+0000][2464.739s][info][gc,phases   ] GC(490)   Post Evacuate Collection Set: 2.1ms
[2024-08-15T13:09:28.794+0000][2464.739s][info][gc,phases   ] GC(490)   Other: 0.2ms
[2024-08-15T13:09:28.794+0000][2464.739s][info][gc,heap     ] GC(490) Eden regions: 535->0(535)
[2024-08-15T13:09:28.794+0000][2464.739s][info][gc,heap     ] GC(490) Survivor regions: 24->23(70)
[2024-08-15T13:09:28.794+0000][2464.739s][info][gc,heap     ] GC(490) Old regions: 636->638
[2024-08-15T13:09:28.794+0000][2464.739s][info][gc,heap     ] GC(490) Archive regions: 2->2
[2024-08-15T13:09:28.794+0000][2464.739s][info][gc,heap     ] GC(490) Humongous regions: 7->7
[2024-08-15T13:09:28.794+0000][2464.739s][info][gc,metaspace] GC(490) Metaspace: 439471K(445824K)->439471K(445824K) NonClass: 384515K(388160K)->384515K(388160K) Class: 54956K(57664K)->54956K(57664K)
[2024-08-15T13:09:28.794+0000][2464.739s][info][gc          ] GC(490) Pause Young (Normal) (G1 Evacuation Pause) 9616M->5345M(12288M) 60.960ms
[2024-08-15T13:09:28.794+0000][2464.739s][info][gc,cpu      ] GC(490) User=0.36s Sys=0.00s Real=0.06s
[2024-08-15T13:09:34.416+0000][2470.361s][info][gc,start    ] GC(491) Pause Young (Normal) (G1 Evacuation Pause)
[2024-08-15T13:09:34.416+0000][2470.361s][info][gc,task     ] GC(491) Using 6 workers of 6 for evacuation
[2024-08-15T13:09:34.476+0000][2470.421s][info][gc,phases   ] GC(491)   Pre Evacuate Collection Set: 0.2ms
[2024-08-15T13:09:34.476+0000][2470.421s][info][gc,phases   ] GC(491)   Merge Heap Roots: 0.3ms
[2024-08-15T13:09:34.476+0000][2470.421s][info][gc,phases   ] GC(491)   Evacuate Collection Set: 56.8ms
[2024-08-15T13:09:34.476+0000][2470.421s][info][gc,phases   ] GC(491)   Post Evacuate Collection Set: 2.1ms
[2024-08-15T13:09:34.476+0000][2470.421s][info][gc,phases   ] GC(491)   Other: 0.3ms
[2024-08-15T13:09:34.476+0000][2470.421s][info][gc,heap     ] GC(491) Eden regions: 535->0(533)
[2024-08-15T13:09:34.476+0000][2470.421s][info][gc,heap     ] GC(491) Survivor regions: 23->23(70)
[2024-08-15T13:09:34.476+0000][2470.421s][info][gc,heap     ] GC(491) Old regions: 638->640
[2024-08-15T13:09:34.476+0000][2470.421s][info][gc,heap     ] GC(491) Archive regions: 2->2
[2024-08-15T13:09:34.476+0000][2470.421s][info][gc,heap     ] GC(491) Humongous regions: 7->7
[2024-08-15T13:09:34.476+0000][2470.421s][info][gc,metaspace] GC(491) Metaspace: 439517K(445824K)->439517K(445824K) NonClass: 384560K(388160K)->384560K(388160K) Class: 54957K(57664K)->54957K(57664K)
[2024-08-15T13:09:34.476+0000][2470.421s][info][gc          ] GC(491) Pause Young (Normal) (G1 Evacuation Pause) 9625M->5358M(12288M) 59.701ms
[2024-08-15T13:09:34.476+0000][2470.421s][info][gc,cpu      ] GC(491) User=0.35s Sys=0.00s Real=0.06s
[2024-08-15T13:09:39.893+0000][2475.838s][info][gc,start    ] GC(492) Pause Young (Normal) (G1 Evacuation Pause)
[2024-08-15T13:09:39.893+0000][2475.838s][info][gc,task     ] GC(492) Using 6 workers of 6 for evacuation
[2024-08-15T13:09:39.946+0000][2475.891s][info][gc,phases   ] GC(492)   Pre Evacuate Collection Set: 0.2ms
[2024-08-15T13:09:39.946+0000][2475.891s][info][gc,phases   ] GC(492)   Merge Heap Roots: 0.3ms
[2024-08-15T13:09:39.946+0000][2475.891s][info][gc,phases   ] GC(492)   Evacuate Collection Set: 50.7ms
[2024-08-15T13:09:39.946+0000][2475.891s][info][gc,phases   ] GC(492)   Post Evacuate Collection Set: 2.1ms
[2024-08-15T13:09:39.946+0000][2475.891s][info][gc,phases   ] GC(492)   Other: 0.2ms
[2024-08-15T13:09:39.946+0000][2475.891s][info][gc,heap     ] GC(492) Eden regions: 533->0(538)
[2024-08-15T13:09:39.946+0000][2475.891s][info][gc,heap     ] GC(492) Survivor regions: 23->20(70)
[2024-08-15T13:09:39.946+0000][2475.891s][info][gc,heap     ] GC(492) Old regions: 640->641
[2024-08-15T13:09:39.946+0000][2475.891s][info][gc,heap     ] GC(492) Archive regions: 2->2
[2024-08-15T13:09:39.946+0000][2475.891s][info][gc,heap     ] GC(492) Humongous regions: 7->7
[2024-08-15T13:09:39.946+0000][2475.891s][info][gc,metaspace] GC(492) Metaspace: 439544K(445824K)->439544K(445824K) NonClass: 384586K(388160K)->384586K(388160K) Class: 54957K(57664K)->54957K(57664K)
[2024-08-15T13:09:39.946+0000][2475.891s][info][gc          ] GC(492) Pause Young (Normal) (G1 Evacuation Pause) 9622M->5340M(12288M) 53.547ms
[2024-08-15T13:09:39.946+0000][2475.891s][info][gc,cpu      ] GC(492) User=0.32s Sys=0.00s Real=0.06s
[2024-08-15T13:09:45.655+0000][2481.600s][info][gc,start    ] GC(493) Pause Young (Normal) (G1 Evacuation Pause)
[2024-08-15T13:09:45.655+0000][2481.600s][info][gc,task     ] GC(493) Using 6 workers of 6 for evacuation
[2024-08-15T13:09:45.708+0000][2481.652s][info][gc,phases   ] GC(493)   Pre Evacuate Collection Set: 0.2ms
[2024-08-15T13:09:45.708+0000][2481.652s][info][gc,phases   ] GC(493)   Merge Heap Roots: 0.2ms
[2024-08-15T13:09:45.708+0000][2481.652s][info][gc,phases   ] GC(493)   Evacuate Collection Set: 49.9ms
[2024-08-15T13:09:45.708+0000][2481.652s][info][gc,phases   ] GC(493)   Post Evacuate Collection Set: 2.1ms
[2024-08-15T13:09:45.708+0000][2481.652s][info][gc,phases   ] GC(493)   Other: 0.2ms
[2024-08-15T13:09:45.708+0000][2481.652s][info][gc,heap     ] GC(493) Eden regions: 538->0(535)
[2024-08-15T13:09:45.708+0000][2481.652s][info][gc,heap     ] GC(493) Survivor regions: 20->21(70)
[2024-08-15T13:09:45.708+0000][2481.652s][info][gc,heap     ] GC(493) Old regions: 641->642
[2024-08-15T13:09:45.708+0000][2481.652s][info][gc,heap     ] GC(493) Archive regions: 2->2
[2024-08-15T13:09:45.708+0000][2481.652s][info][gc,heap     ] GC(493) Humongous regions: 7->7
[2024-08-15T13:09:45.708+0000][2481.652s][info][gc,metaspace] GC(493) Metaspace: 439557K(445824K)->439557K(445824K) NonClass: 384600K(388160K)->384600K(388160K) Class: 54957K(57664K)->54957K(57664K)
[2024-08-15T13:09:45.708+0000][2481.652s][info][gc          ] GC(493) Pause Young (Normal) (G1 Evacuation Pause) 9644M->5355M(12288M) 52.690ms
[2024-08-15T13:09:45.708+0000][2481.652s][info][gc,cpu      ] GC(493) User=0.31s Sys=0.00s Real=0.06s
[2024-08-15T13:09:51.286+0000][2487.231s][info][gc,start    ] GC(494) Pause Young (Normal) (G1 Evacuation Pause)
[2024-08-15T13:09:51.286+0000][2487.231s][info][gc,task     ] GC(494) Using 6 workers of 6 for evacuation
[2024-08-15T13:09:51.337+0000][2487.282s][info][gc,phases   ] GC(494)   Pre Evacuate Collection Set: 0.2ms
[2024-08-15T13:09:51.337+0000][2487.282s][info][gc,phases   ] GC(494)   Merge Heap Roots: 0.2ms
[2024-08-15T13:09:51.337+0000][2487.282s][info][gc,phases   ] GC(494)   Evacuate Collection Set: 48.7ms
[2024-08-15T13:09:51.337+0000][2487.282s][info][gc,phases   ] GC(494)   Post Evacuate Collection Set: 2.0ms
[2024-08-15T13:09:51.337+0000][2487.282s][info][gc,phases   ] GC(494)   Other: 0.2ms
[2024-08-15T13:09:51.337+0000][2487.282s][info][gc,heap     ] GC(494) Eden regions: 535->0(534)
[2024-08-15T13:09:51.337+0000][2487.282s][info][gc,heap     ] GC(494) Survivor regions: 21->21(70)
[2024-08-15T13:09:51.337+0000][2487.282s][info][gc,heap     ] GC(494) Old regions: 642->643
[2024-08-15T13:09:51.337+0000][2487.282s][info][gc,heap     ] GC(494) Archive regions: 2->2
[2024-08-15T13:09:51.337+0000][2487.282s][info][gc,heap     ] GC(494) Humongous regions: 7->7
[2024-08-15T13:09:51.337+0000][2487.282s][info][gc,metaspace] GC(494) Metaspace: 439557K(445824K)->439557K(445824K) NonClass: 384600K(388160K)->384600K(388160K) Class: 54957K(57664K)->54957K(57664K)
[2024-08-15T13:09:51.337+0000][2487.282s][info][gc          ] GC(494) Pause Young (Normal) (G1 Evacuation Pause) 9635M->5361M(12288M) 51.403ms
[2024-08-15T13:09:51.337+0000][2487.282s][info][gc,cpu      ] GC(494) User=0.30s Sys=0.00s Real=0.05s
[2024-08-15T13:09:56.594+0000][2492.539s][info][gc,start    ] GC(495) Pause Young (Normal) (G1 Evacuation Pause)
[2024-08-15T13:09:56.594+0000][2492.539s][info][gc,task     ] GC(495) Using 6 workers of 6 for evacuation
[2024-08-15T13:09:56.651+0000][2492.595s][info][gc,phases   ] GC(495)   Pre Evacuate Collection Set: 0.2ms
[2024-08-15T13:09:56.651+0000][2492.595s][info][gc,phases   ] GC(495)   Merge Heap Roots: 0.2ms
[2024-08-15T13:09:56.651+0000][2492.595s][info][gc,phases   ] GC(495)   Evacuate Collection Set: 53.6ms
[2024-08-15T13:09:56.651+0000][2492.595s][info][gc,phases   ] GC(495)   Post Evacuate Collection Set: 2.0ms
[2024-08-15T13:09:56.651+0000][2492.595s][info][gc,phases   ] GC(495)   Other: 0.2ms
[2024-08-15T13:09:56.651+0000][2492.595s][info][gc,heap     ] GC(495) Eden regions: 534->0(538)
[2024-08-15T13:09:56.651+0000][2492.595s][info][gc,heap     ] GC(495) Survivor regions: 21->19(70)
[2024-08-15T13:09:56.651+0000][2492.595s][info][gc,heap     ] GC(495) Old regions: 643->643
[2024-08-15T13:09:56.651+0000][2492.595s][info][gc,heap     ] GC(495) Archive regions: 2->2
[2024-08-15T13:09:56.651+0000][2492.595s][info][gc,heap     ] GC(495) Humongous regions: 7->7
[2024-08-15T13:09:56.651+0000][2492.595s][info][gc,metaspace] GC(495) Metaspace: 439557K(445824K)->439557K(445824K) NonClass: 384600K(388160K)->384600K(388160K) Class: 54957K(57664K)->54957K(57664K)
[2024-08-15T13:09:56.651+0000][2492.595s][info][gc          ] GC(495) Pause Young (Normal) (G1 Evacuation Pause) 9633M->5353M(12288M) 56.323ms
[2024-08-15T13:09:56.651+0000][2492.595s][info][gc,cpu      ] GC(495) User=0.33s Sys=0.00s Real=0.06s
[2024-08-15T13:10:02.319+0000][2498.264s][info][gc,start    ] GC(496) Pause Young (Normal) (G1 Evacuation Pause)
[2024-08-15T13:10:02.319+0000][2498.264s][info][gc,task     ] GC(496) Using 6 workers of 6 for evacuation
[2024-08-15T13:10:02.369+0000][2498.313s][info][gc,phases   ] GC(496)   Pre Evacuate Collection Set: 0.2ms
[2024-08-15T13:10:02.369+0000][2498.314s][info][gc,phases   ] GC(496)   Merge Heap Roots: 0.2ms
[2024-08-15T13:10:02.369+0000][2498.314s][info][gc,phases   ] GC(496)   Evacuate Collection Set: 46.9ms
[2024-08-15T13:10:02.369+0000][2498.314s][info][gc,phases   ] GC(496)   Post Evacuate Collection Set: 2.1ms
[2024-08-15T13:10:02.369+0000][2498.314s][info][gc,phases   ] GC(496)   Other: 0.2ms
[2024-08-15T13:10:02.369+0000][2498.314s][info][gc,heap     ] GC(496) Eden regions: 538->0(533)
[2024-08-15T13:10:02.369+0000][2498.314s][info][gc,heap     ] GC(496) Survivor regions: 19->21(70)
[2024-08-15T13:10:02.369+0000][2498.314s][info][gc,heap     ] GC(496) Old regions: 643->644
[2024-08-15T13:10:02.369+0000][2498.314s][info][gc,heap     ] GC(496) Archive regions: 2->2
[2024-08-15T13:10:02.369+0000][2498.314s][info][gc,heap     ] GC(496) Humongous regions: 7->7
[2024-08-15T13:10:02.369+0000][2498.314s][info][gc,metaspace] GC(496) Metaspace: 439582K(445824K)->439582K(445824K) NonClass: 384625K(388160K)->384625K(388160K) Class: 54957K(57664K)->54957K(57664K)
[2024-08-15T13:10:02.369+0000][2498.314s][info][gc          ] GC(496) Pause Young (Normal) (G1 Evacuation Pause) 9657M->5370M(12288M) 49.739ms
[2024-08-15T13:10:02.369+0000][2498.314s][info][gc,cpu      ] GC(496) User=0.30s Sys=0.00s Real=0.05s
[2024-08-15T13:10:07.929+0000][2503.874s][info][gc,start    ] GC(497) Pause Young (Normal) (G1 Evacuation Pause)
[2024-08-15T13:10:07.929+0000][2503.874s][info][gc,task     ] GC(497) Using 6 workers of 6 for evacuation
[2024-08-15T13:10:07.982+0000][2503.927s][info][gc,phases   ] GC(497)   Pre Evacuate Collection Set: 0.2ms
[2024-08-15T13:10:07.982+0000][2503.927s][info][gc,phases   ] GC(497)   Merge Heap Roots: 0.3ms
[2024-08-15T13:10:07.982+0000][2503.927s][info][gc,phases   ] GC(497)   Evacuate Collection Set: 50.2ms
[2024-08-15T13:10:07.982+0000][2503.927s][info][gc,phases   ] GC(497)   Post Evacuate Collection Set: 2.0ms
[2024-08-15T13:10:07.982+0000][2503.927s][info][gc,phases   ] GC(497)   Other: 0.2ms
[2024-08-15T13:10:07.982+0000][2503.927s][info][gc,heap     ] GC(497) Eden regions: 533->0(531)
[2024-08-15T13:10:07.982+0000][2503.927s][info][gc,heap     ] GC(497) Survivor regions: 21->22(70)
[2024-08-15T13:10:07.982+0000][2503.927s][info][gc,heap     ] GC(497) Old regions: 644->644
[2024-08-15T13:10:07.982+0000][2503.927s][info][gc,heap     ] GC(497) Archive regions: 2->2
[2024-08-15T13:10:07.982+0000][2503.927s][info][gc,heap     ] GC(497) Humongous regions: 7->7
[2024-08-15T13:10:07.982+0000][2503.927s][info][gc,metaspace] GC(497) Metaspace: 439582K(445824K)->439582K(445824K) NonClass: 384625K(388160K)->384625K(388160K) Class: 54957K(57664K)->54957K(57664K)
[2024-08-15T13:10:07.982+0000][2503.927s][info][gc          ] GC(497) Pause Young (Normal) (G1 Evacuation Pause) 9634M->5379M(12288M) 52.944ms
[2024-08-15T13:10:07.982+0000][2503.927s][info][gc,cpu      ] GC(497) User=0.32s Sys=0.00s Real=0.05s
[2024-08-15T13:10:13.466+0000][2509.410s][info][gc,start    ] GC(498) Pause Young (Normal) (G1 Evacuation Pause)
[2024-08-15T13:10:13.466+0000][2509.410s][info][gc,task     ] GC(498) Using 6 workers of 6 for evacuation
[2024-08-15T13:10:13.514+0000][2509.459s][info][gc,phases   ] GC(498)   Pre Evacuate Collection Set: 0.2ms
[2024-08-15T13:10:13.514+0000][2509.459s][info][gc,phases   ] GC(498)   Merge Heap Roots: 0.2ms
[2024-08-15T13:10:13.514+0000][2509.459s][info][gc,phases   ] GC(498)   Evacuate Collection Set: 45.8ms
[2024-08-15T13:10:13.514+0000][2509.459s][info][gc,phases   ] GC(498)   Post Evacuate Collection Set: 2.0ms
[2024-08-15T13:10:13.514+0000][2509.459s][info][gc,phases   ] GC(498)   Other: 0.2ms
[2024-08-15T13:10:13.514+0000][2509.459s][info][gc,heap     ] GC(498) Eden regions: 531->0(528)
[2024-08-15T13:10:13.514+0000][2509.459s][info][gc,heap     ] GC(498) Survivor regions: 22->23(70)
[2024-08-15T13:10:13.514+0000][2509.459s][info][gc,heap     ] GC(498) Old regions: 644->645
[2024-08-15T13:10:13.514+0000][2509.459s][info][gc,heap     ] GC(498) Archive regions: 2->2
[2024-08-15T13:10:13.514+0000][2509.459s][info][gc,heap     ] GC(498) Humongous regions: 7->7
[2024-08-15T13:10:13.514+0000][2509.459s][info][gc,metaspace] GC(498) Metaspace: 439583K(445824K)->439583K(445824K) NonClass: 384625K(388160K)->384625K(388160K) Class: 54957K(57664K)->54957K(57664K)
[2024-08-15T13:10:13.514+0000][2509.459s][info][gc          ] GC(498) Pause Young (Normal) (G1 Evacuation Pause) 9627M->5392M(12288M) 48.515ms
[2024-08-15T13:10:13.514+0000][2509.459s][info][gc,cpu      ] GC(498) User=0.28s Sys=0.00s Real=0.04s
[2024-08-15T13:10:19.131+0000][2515.076s][info][gc,start    ] GC(499) Pause Young (Normal) (G1 Evacuation Pause)
[2024-08-15T13:10:19.132+0000][2515.076s][info][gc,task     ] GC(499) Using 6 workers of 6 for evacuation
[2024-08-15T13:10:19.182+0000][2515.127s][info][gc,phases   ] GC(499)   Pre Evacuate Collection Set: 0.2ms
[2024-08-15T13:10:19.182+0000][2515.127s][info][gc,phases   ] GC(499)   Merge Heap Roots: 0.2ms
[2024-08-15T13:10:19.182+0000][2515.127s][info][gc,phases   ] GC(499)   Evacuate Collection Set: 47.9ms
[2024-08-15T13:10:19.182+0000][2515.127s][info][gc,phases   ] GC(499)   Post Evacuate Collection Set: 2.0ms
[2024-08-15T13:10:19.182+0000][2515.127s][info][gc,phases   ] GC(499)   Other: 0.2ms
[2024-08-15T13:10:19.182+0000][2515.127s][info][gc,heap     ] GC(499) Eden regions: 528->0(528)
[2024-08-15T13:10:19.182+0000][2515.127s][info][gc,heap     ] GC(499) Survivor regions: 23->23(69)
[2024-08-15T13:10:19.182+0000][2515.127s][info][gc,heap     ] GC(499) Old regions: 645->645
[2024-08-15T13:10:19.182+0000][2515.127s][info][gc,heap     ] GC(499) Archive regions: 2->2
[2024-08-15T13:10:19.182+0000][2515.127s][info][gc,heap     ] GC(499) Humongous regions: 7->7
[2024-08-15T13:10:19.182+0000][2515.127s][info][gc,metaspace] GC(499) Metaspace: 439583K(445824K)->439583K(445824K) NonClass: 384625K(388160K)->384625K(388160K) Class: 54957K(57664K)->54957K(57664K)
[2024-08-15T13:10:19.182+0000][2515.127s][info][gc          ] GC(499) Pause Young (Normal) (G1 Evacuation Pause) 9616M->5400M(12288M) 50.595ms
[2024-08-15T13:10:19.182+0000][2515.127s][info][gc,cpu      ] GC(499) User=0.30s Sys=0.00s Real=0.05s
[2024-08-15T13:10:21.063+0000][2517.008s][info][gc,start    ] GC(500) Pause Young (Normal) (G1 Evacuation Pause)
[2024-08-15T13:10:21.063+0000][2517.008s][info][gc,task     ] GC(500) Using 6 workers of 6 for evacuation
[2024-08-15T13:10:21.157+0000][2517.102s][info][gc,phases   ] GC(500)   Pre Evacuate Collection Set: 0.2ms
[2024-08-15T13:10:21.157+0000][2517.102s][info][gc,phases   ] GC(500)   Merge Heap Roots: 0.2ms
[2024-08-15T13:10:21.157+0000][2517.102s][info][gc,phases   ] GC(500)   Evacuate Collection Set: 78.2ms
[2024-08-15T13:10:21.157+0000][2517.102s][info][gc,phases   ] GC(500)   Post Evacuate Collection Set: 15.1ms
[2024-08-15T13:10:21.157+0000][2517.102s][info][gc,phases   ] GC(500)   Other: 0.2ms
[2024-08-15T13:10:21.157+0000][2517.102s][info][gc,heap     ] GC(500) Eden regions: 528->0(525)
[2024-08-15T13:10:21.157+0000][2517.102s][info][gc,heap     ] GC(500) Survivor regions: 23->24(69)
[2024-08-15T13:10:21.157+0000][2517.102s][info][gc,heap     ] GC(500) Old regions: 645->646
[2024-08-15T13:10:21.157+0000][2517.102s][info][gc,heap     ] GC(500) Archive regions: 2->2
[2024-08-15T13:10:21.157+0000][2517.102s][info][gc,heap     ] GC(500) Humongous regions: 7->7
[2024-08-15T13:10:21.157+0000][2517.102s][info][gc,metaspace] GC(500) Metaspace: 439590K(445888K)->439590K(445888K) NonClass: 384633K(388224K)->384633K(388224K) Class: 54957K(57664K)->54957K(57664K)
[2024-08-15T13:10:21.157+0000][2517.102s][info][gc          ] GC(500) Pause Young (Normal) (G1 Evacuation Pause) 9624M->5413M(12288M) 93.982ms
[2024-08-15T13:10:21.157+0000][2517.102s][info][gc,cpu      ] GC(500) User=0.55s Sys=0.01s Real=0.09s
[2024-08-15T13:10:22.695+0000][2518.640s][info][gc,start    ] GC(501) Pause Young (Normal) (G1 Evacuation Pause)
[2024-08-15T13:10:22.695+0000][2518.640s][info][gc,task     ] GC(501) Using 6 workers of 6 for evacuation
[2024-08-15T13:10:22.786+0000][2518.731s][info][gc,phases   ] GC(501)   Pre Evacuate Collection Set: 0.2ms
[2024-08-15T13:10:22.787+0000][2518.731s][info][gc,phases   ] GC(501)   Merge Heap Roots: 0.2ms
[2024-08-15T13:10:22.787+0000][2518.731s][info][gc,phases   ] GC(501)   Evacuate Collection Set: 78.1ms
[2024-08-15T13:10:22.787+0000][2518.731s][info][gc,phases   ] GC(501)   Post Evacuate Collection Set: 12.7ms
[2024-08-15T13:10:22.787+0000][2518.731s][info][gc,phases   ] GC(501)   Other: 0.2ms
[2024-08-15T13:10:22.787+0000][2518.731s][info][gc,heap     ] GC(501) Eden regions: 525->0(520)
[2024-08-15T13:10:22.787+0000][2518.731s][info][gc,heap     ] GC(501) Survivor regions: 24->26(69)
[2024-08-15T13:10:22.787+0000][2518.731s][info][gc,heap     ] GC(501) Old regions: 646->647
[2024-08-15T13:10:22.787+0000][2518.731s][info][gc,heap     ] GC(501) Archive regions: 2->2
[2024-08-15T13:10:22.787+0000][2518.731s][info][gc,heap     ] GC(501) Humongous regions: 7->7
[2024-08-15T13:10:22.787+0000][2518.731s][info][gc,metaspace] GC(501) Metaspace: 439590K(445888K)->439590K(445888K) NonClass: 384633K(388224K)->384633K(388224K) Class: 54957K(57664K)->54957K(57664K)
[2024-08-15T13:10:22.787+0000][2518.731s][info][gc          ] GC(501) Pause Young (Normal) (G1 Evacuation Pause) 9613M->5433M(12288M) 91.454ms
[2024-08-15T13:10:22.787+0000][2518.731s][info][gc,cpu      ] GC(501) User=0.54s Sys=0.00s Real=0.09s
[2024-08-15T13:10:24.398+0000][2520.342s][info][gc,start    ] GC(502) Pause Young (Normal) (G1 Evacuation Pause)
[2024-08-15T13:10:24.398+0000][2520.342s][info][gc,task     ] GC(502) Using 6 workers of 6 for evacuation
[2024-08-15T13:10:24.497+0000][2520.442s][info][gc,phases   ] GC(502)   Pre Evacuate Collection Set: 0.2ms
[2024-08-15T13:10:24.497+0000][2520.442s][info][gc,phases   ] GC(502)   Merge Heap Roots: 0.2ms
[2024-08-15T13:10:24.497+0000][2520.442s][info][gc,phases   ] GC(502)   Evacuate Collection Set: 85.2ms
[2024-08-15T13:10:24.497+0000][2520.442s][info][gc,phases   ] GC(502)   Post Evacuate Collection Set: 13.4ms
[2024-08-15T13:10:24.497+0000][2520.442s][info][gc,phases   ] GC(502)   Other: 0.2ms
[2024-08-15T13:10:24.497+0000][2520.442s][info][gc,heap     ] GC(502) Eden regions: 520->0(515)
[2024-08-15T13:10:24.497+0000][2520.442s][info][gc,heap     ] GC(502) Survivor regions: 26->28(69)
[2024-08-15T13:10:24.497+0000][2520.442s][info][gc,heap     ] GC(502) Old regions: 647->648
[2024-08-15T13:10:24.497+0000][2520.442s][info][gc,heap     ] GC(502) Archive regions: 2->2
[2024-08-15T13:10:24.497+0000][2520.442s][info][gc,heap     ] GC(502) Humongous regions: 7->7
[2024-08-15T13:10:24.497+0000][2520.442s][info][gc,metaspace] GC(502) Metaspace: 439590K(445888K)->439590K(445888K) NonClass: 384633K(388224K)->384633K(388224K) Class: 54957K(57664K)->54957K(57664K)
[2024-08-15T13:10:24.497+0000][2520.442s][info][gc          ] GC(502) Pause Young (Normal) (G1 Evacuation Pause) 9593M->5459M(12288M) 99.324ms
[2024-08-15T13:10:24.497+0000][2520.442s][info][gc,cpu      ] GC(502) User=0.58s Sys=0.00s Real=0.10s
[2024-08-15T13:10:26.106+0000][2522.050s][info][gc,start    ] GC(503) Pause Young (Normal) (G1 Evacuation Pause)
[2024-08-15T13:10:26.106+0000][2522.051s][info][gc,task     ] GC(503) Using 6 workers of 6 for evacuation
[2024-08-15T13:10:26.214+0000][2522.158s][info][gc,phases   ] GC(503)   Pre Evacuate Collection Set: 0.2ms
[2024-08-15T13:10:26.214+0000][2522.158s][info][gc,phases   ] GC(503)   Merge Heap Roots: 0.2ms
[2024-08-15T13:10:26.214+0000][2522.158s][info][gc,phases   ] GC(503)   Evacuate Collection Set: 92.3ms
[2024-08-15T13:10:26.214+0000][2522.158s][info][gc,phases   ] GC(503)   Post Evacuate Collection Set: 15.1ms
[2024-08-15T13:10:26.214+0000][2522.159s][info][gc,phases   ] GC(503)   Other: 0.2ms
[2024-08-15T13:10:26.214+0000][2522.159s][info][gc,heap     ] GC(503) Eden regions: 515->0(513)
[2024-08-15T13:10:26.214+0000][2522.159s][info][gc,heap     ] GC(503) Survivor regions: 28->29(68)
[2024-08-15T13:10:26.214+0000][2522.159s][info][gc,heap     ] GC(503) Old regions: 648->648
[2024-08-15T13:10:26.214+0000][2522.159s][info][gc,heap     ] GC(503) Archive regions: 2->2
[2024-08-15T13:10:26.214+0000][2522.159s][info][gc,heap     ] GC(503) Humongous regions: 7->7
[2024-08-15T13:10:26.214+0000][2522.159s][info][gc,metaspace] GC(503) Metaspace: 439590K(445888K)->439590K(445888K) NonClass: 384633K(388224K)->384633K(388224K) Class: 54957K(57664K)->54957K(57664K)
[2024-08-15T13:10:26.214+0000][2522.159s][info][gc          ] GC(503) Pause Young (Normal) (G1 Evacuation Pause) 9579M->5476M(12288M) 108.098ms
[2024-08-15T13:10:26.214+0000][2522.159s][info][gc,cpu      ] GC(503) User=0.63s Sys=0.00s Real=0.10s
[2024-08-15T13:10:27.833+0000][2523.777s][info][gc,start    ] GC(504) Pause Young (Normal) (G1 Evacuation Pause)
[2024-08-15T13:10:27.833+0000][2523.777s][info][gc,task     ] GC(504) Using 6 workers of 6 for evacuation
[2024-08-15T13:10:27.952+0000][2523.897s][info][gc,phases   ] GC(504)   Pre Evacuate Collection Set: 0.2ms
[2024-08-15T13:10:27.952+0000][2523.897s][info][gc,phases   ] GC(504)   Merge Heap Roots: 0.3ms
[2024-08-15T13:10:27.952+0000][2523.897s][info][gc,phases   ] GC(504)   Evacuate Collection Set: 103.9ms
[2024-08-15T13:10:27.952+0000][2523.897s][info][gc,phases   ] GC(504)   Post Evacuate Collection Set: 15.0ms
[2024-08-15T13:10:27.952+0000][2523.897s][info][gc,phases   ] GC(504)   Other: 0.2ms
[2024-08-15T13:10:27.952+0000][2523.897s][info][gc,heap     ] GC(504) Eden regions: 513->0(510)
[2024-08-15T13:10:27.952+0000][2523.897s][info][gc,heap     ] GC(504) Survivor regions: 29->30(68)
[2024-08-15T13:10:27.952+0000][2523.897s][info][gc,heap     ] GC(504) Old regions: 648->649
[2024-08-15T13:10:27.952+0000][2523.897s][info][gc,heap     ] GC(504) Archive regions: 2->2
[2024-08-15T13:10:27.952+0000][2523.897s][info][gc,heap     ] GC(504) Humongous regions: 7->7
[2024-08-15T13:10:27.952+0000][2523.897s][info][gc,metaspace] GC(504) Metaspace: 439590K(445888K)->439590K(445888K) NonClass: 384633K(388224K)->384633K(388224K) Class: 54957K(57664K)->54957K(57664K)
[2024-08-15T13:10:27.952+0000][2523.897s][info][gc          ] GC(504) Pause Young (Normal) (G1 Evacuation Pause) 9580M->5487M(12288M) 119.566ms
[2024-08-15T13:10:27.952+0000][2523.897s][info][gc,cpu      ] GC(504) User=0.70s Sys=0.00s Real=0.12s
[2024-08-15T13:10:29.523+0000][2525.467s][info][gc,start    ] GC(505) Pause Young (Normal) (G1 Evacuation Pause)
[2024-08-15T13:10:29.523+0000][2525.467s][info][gc,task     ] GC(505) Using 6 workers of 6 for evacuation
[2024-08-15T13:10:29.647+0000][2525.591s][info][gc,phases   ] GC(505)   Pre Evacuate Collection Set: 0.2ms
[2024-08-15T13:10:29.647+0000][2525.591s][info][gc,phases   ] GC(505)   Merge Heap Roots: 0.3ms
[2024-08-15T13:10:29.647+0000][2525.591s][info][gc,phases   ] GC(505)   Evacuate Collection Set: 108.5ms
[2024-08-15T13:10:29.647+0000][2525.591s][info][gc,phases   ] GC(505)   Post Evacuate Collection Set: 14.9ms
[2024-08-15T13:10:29.647+0000][2525.591s][info][gc,phases   ] GC(505)   Other: 0.2ms
[2024-08-15T13:10:29.647+0000][2525.591s][info][gc,heap     ] GC(505) Eden regions: 510->0(505)
[2024-08-15T13:10:29.647+0000][2525.591s][info][gc,heap     ] GC(505) Survivor regions: 30->32(68)
[2024-08-15T13:10:29.647+0000][2525.591s][info][gc,heap     ] GC(505) Old regions: 649->650
[2024-08-15T13:10:29.647+0000][2525.591s][info][gc,heap     ] GC(505) Archive regions: 2->2
[2024-08-15T13:10:29.647+0000][2525.591s][info][gc,heap     ] GC(505) Humongous regions: 7->7
[2024-08-15T13:10:29.647+0000][2525.591s][info][gc,metaspace] GC(505) Metaspace: 439608K(445952K)->439608K(445952K) NonClass: 384651K(388288K)->384651K(388288K) Class: 54957K(57664K)->54957K(57664K)
[2024-08-15T13:10:29.647+0000][2525.591s][info][gc          ] GC(505) Pause Young (Normal) (G1 Evacuation Pause) 9567M->5509M(12288M) 124.122ms
[2024-08-15T13:10:29.647+0000][2525.591s][info][gc,cpu      ] GC(505) User=0.73s Sys=0.00s Real=0.13s
[2024-08-15T13:10:31.210+0000][2527.154s][info][gc,start    ] GC(506) Pause Young (Normal) (G1 Evacuation Pause)
[2024-08-15T13:10:31.210+0000][2527.154s][info][gc,task     ] GC(506) Using 6 workers of 6 for evacuation
[2024-08-15T13:10:31.313+0000][2527.258s][info][gc,phases   ] GC(506)   Pre Evacuate Collection Set: 0.2ms
[2024-08-15T13:10:31.314+0000][2527.258s][info][gc,phases   ] GC(506)   Merge Heap Roots: 0.3ms
[2024-08-15T13:10:31.314+0000][2527.258s][info][gc,phases   ] GC(506)   Evacuate Collection Set: 95.7ms
[2024-08-15T13:10:31.314+0000][2527.258s][info][gc,phases   ] GC(506)   Post Evacuate Collection Set: 7.4ms
[2024-08-15T13:10:31.314+0000][2527.258s][info][gc,phases   ] GC(506)   Other: 0.2ms
[2024-08-15T13:10:31.314+0000][2527.258s][info][gc,heap     ] GC(506) Eden regions: 505->0(506)
[2024-08-15T13:10:31.314+0000][2527.258s][info][gc,heap     ] GC(506) Survivor regions: 32->31(68)
[2024-08-15T13:10:31.314+0000][2527.258s][info][gc,heap     ] GC(506) Old regions: 650->651
[2024-08-15T13:10:31.314+0000][2527.258s][info][gc,heap     ] GC(506) Archive regions: 2->2
[2024-08-15T13:10:31.314+0000][2527.258s][info][gc,heap     ] GC(506) Humongous regions: 7->7
[2024-08-15T13:10:31.314+0000][2527.258s][info][gc,metaspace] GC(506) Metaspace: 439608K(445952K)->439608K(445952K) NonClass: 384651K(388288K)->384651K(388288K) Class: 54957K(57664K)->54957K(57664K)
[2024-08-15T13:10:31.314+0000][2527.258s][info][gc          ] GC(506) Pause Young (Normal) (G1 Evacuation Pause) 9549M->5509M(12288M) 103.825ms
[2024-08-15T13:10:31.314+0000][2527.258s][info][gc,cpu      ] GC(506) User=0.62s Sys=0.00s Real=0.10s
[2024-08-15T13:10:32.891+0000][2528.835s][info][gc,start    ] GC(507) Pause Young (Normal) (G1 Evacuation Pause)
[2024-08-15T13:10:32.891+0000][2528.835s][info][gc,task     ] GC(507) Using 6 workers of 6 for evacuation
[2024-08-15T13:10:33.013+0000][2528.958s][info][gc,phases   ] GC(507)   Pre Evacuate Collection Set: 0.2ms
[2024-08-15T13:10:33.013+0000][2528.958s][info][gc,phases   ] GC(507)   Merge Heap Roots: 0.3ms
[2024-08-15T13:10:33.013+0000][2528.958s][info][gc,phases   ] GC(507)   Evacuate Collection Set: 107.9ms
[2024-08-15T13:10:33.013+0000][2528.958s][info][gc,phases   ] GC(507)   Post Evacuate Collection Set: 14.1ms
[2024-08-15T13:10:33.013+0000][2528.958s][info][gc,phases   ] GC(507)   Other: 0.2ms
[2024-08-15T13:10:33.013+0000][2528.958s][info][gc,heap     ] GC(507) Eden regions: 506->0(501)
[2024-08-15T13:10:33.013+0000][2528.958s][info][gc,heap     ] GC(507) Survivor regions: 31->33(68)
[2024-08-15T13:10:33.013+0000][2528.958s][info][gc,heap     ] GC(507) Old regions: 651->652
[2024-08-15T13:10:33.013+0000][2528.958s][info][gc,heap     ] GC(507) Archive regions: 2->2
[2024-08-15T13:10:33.013+0000][2528.958s][info][gc,heap     ] GC(507) Humongous regions: 7->7
[2024-08-15T13:10:33.013+0000][2528.958s][info][gc,metaspace] GC(507) Metaspace: 439608K(445952K)->439608K(445952K) NonClass: 384651K(388288K)->384651K(388288K) Class: 54957K(57664K)->54957K(57664K)
[2024-08-15T13:10:33.013+0000][2528.958s][info][gc          ] GC(507) Pause Young (Normal) (G1 Evacuation Pause) 9557M->5531M(12288M) 122.735ms
[2024-08-15T13:10:33.013+0000][2528.958s][info][gc,cpu      ] GC(507) User=0.73s Sys=0.00s Real=0.12s
[2024-08-15T13:10:34.484+0000][2530.428s][info][gc,start    ] GC(508) Pause Young (Normal) (G1 Evacuation Pause)
[2024-08-15T13:10:34.484+0000][2530.428s][info][gc,task     ] GC(508) Using 6 workers of 6 for evacuation
[2024-08-15T13:10:34.611+0000][2530.556s][info][gc,phases   ] GC(508)   Pre Evacuate Collection Set: 0.2ms
[2024-08-15T13:10:34.611+0000][2530.556s][info][gc,phases   ] GC(508)   Merge Heap Roots: 0.3ms
[2024-08-15T13:10:34.611+0000][2530.556s][info][gc,phases   ] GC(508)   Evacuate Collection Set: 112.7ms
[2024-08-15T13:10:34.611+0000][2530.556s][info][gc,phases   ] GC(508)   Post Evacuate Collection Set: 14.4ms
[2024-08-15T13:10:34.611+0000][2530.556s][info][gc,phases   ] GC(508)   Other: 0.2ms
[2024-08-15T13:10:34.611+0000][2530.556s][info][gc,heap     ] GC(508) Eden regions: 501->0(500)
[2024-08-15T13:10:34.611+0000][2530.556s][info][gc,heap     ] GC(508) Survivor regions: 33->33(67)
[2024-08-15T13:10:34.611+0000][2530.556s][info][gc,heap     ] GC(508) Old regions: 652->653
[2024-08-15T13:10:34.611+0000][2530.556s][info][gc,heap     ] GC(508) Archive regions: 2->2
[2024-08-15T13:10:34.611+0000][2530.556s][info][gc,heap     ] GC(508) Humongous regions: 7->7
[2024-08-15T13:10:34.611+0000][2530.556s][info][gc,metaspace] GC(508) Metaspace: 439608K(445952K)->439608K(445952K) NonClass: 384651K(388288K)->384651K(388288K) Class: 54957K(57664K)->54957K(57664K)
[2024-08-15T13:10:34.611+0000][2530.556s][info][gc          ] GC(508) Pause Young (Normal) (G1 Evacuation Pause) 9539M->5538M(12288M) 127.794ms
[2024-08-15T13:10:34.612+0000][2530.556s][info][gc,cpu      ] GC(508) User=0.75s Sys=0.00s Real=0.12s
[2024-08-15T13:10:36.115+0000][2532.060s][info][gc,start    ] GC(509) Pause Young (Normal) (G1 Evacuation Pause)
[2024-08-15T13:10:36.115+0000][2532.060s][info][gc,task     ] GC(509) Using 6 workers of 6 for evacuation
[2024-08-15T13:10:36.250+0000][2532.195s][info][gc,phases   ] GC(509)   Pre Evacuate Collection Set: 0.2ms
[2024-08-15T13:10:36.250+0000][2532.195s][info][gc,phases   ] GC(509)   Merge Heap Roots: 0.4ms
[2024-08-15T13:10:36.250+0000][2532.195s][info][gc,phases   ] GC(509)   Evacuate Collection Set: 119.3ms
[2024-08-15T13:10:36.250+0000][2532.195s][info][gc,phases   ] GC(509)   Post Evacuate Collection Set: 14.9ms
[2024-08-15T13:10:36.250+0000][2532.195s][info][gc,phases   ] GC(509)   Other: 0.2ms
[2024-08-15T13:10:36.250+0000][2532.195s][info][gc,heap     ] GC(509) Eden regions: 500->0(499)
[2024-08-15T13:10:36.250+0000][2532.195s][info][gc,heap     ] GC(509) Survivor regions: 33->33(67)
[2024-08-15T13:10:36.250+0000][2532.195s][info][gc,heap     ] GC(509) Old regions: 653->654
[2024-08-15T13:10:36.250+0000][2532.195s][info][gc,heap     ] GC(509) Archive regions: 2->2
[2024-08-15T13:10:36.250+0000][2532.195s][info][gc,heap     ] GC(509) Humongous regions: 7->7
[2024-08-15T13:10:36.250+0000][2532.195s][info][gc,metaspace] GC(509) Metaspace: 439608K(445952K)->439608K(445952K) NonClass: 384651K(388288K)->384651K(388288K) Class: 54957K(57664K)->54957K(57664K)
[2024-08-15T13:10:36.250+0000][2532.195s][info][gc          ] GC(509) Pause Young (Normal) (G1 Evacuation Pause) 9538M->5546M(12288M) 135.009ms
[2024-08-15T13:10:36.250+0000][2532.195s][info][gc,cpu      ] GC(509) User=0.79s Sys=0.00s Real=0.13s
[2024-08-15T13:10:37.795+0000][2533.739s][info][gc,start    ] GC(510) Pause Young (Normal) (G1 Evacuation Pause)
[2024-08-15T13:10:37.795+0000][2533.739s][info][gc,task     ] GC(510) Using 6 workers of 6 for evacuation
[2024-08-15T13:10:37.927+0000][2533.871s][info][gc,phases   ] GC(510)   Pre Evacuate Collection Set: 0.2ms
[2024-08-15T13:10:37.927+0000][2533.871s][info][gc,phases   ] GC(510)   Merge Heap Roots: 0.3ms
[2024-08-15T13:10:37.927+0000][2533.871s][info][gc,phases   ] GC(510)   Evacuate Collection Set: 118.8ms
[2024-08-15T13:10:37.927+0000][2533.871s][info][gc,phases   ] GC(510)   Post Evacuate Collection Set: 12.7ms
[2024-08-15T13:10:37.927+0000][2533.871s][info][gc,phases   ] GC(510)   Other: 0.2ms
[2024-08-15T13:10:37.927+0000][2533.871s][info][gc,heap     ] GC(510) Eden regions: 499->0(496)
[2024-08-15T13:10:37.927+0000][2533.871s][info][gc,heap     ] GC(510) Survivor regions: 33->34(67)
[2024-08-15T13:10:37.927+0000][2533.872s][info][gc,heap     ] GC(510) Old regions: 654->655
[2024-08-15T13:10:37.927+0000][2533.872s][info][gc,heap     ] GC(510) Archive regions: 2->2
[2024-08-15T13:10:37.927+0000][2533.872s][info][gc,heap     ] GC(510) Humongous regions: 7->7
[2024-08-15T13:10:37.927+0000][2533.872s][info][gc,metaspace] GC(510) Metaspace: 439608K(445952K)->439608K(445952K) NonClass: 384651K(388288K)->384651K(388288K) Class: 54957K(57664K)->54957K(57664K)
[2024-08-15T13:10:37.927+0000][2533.872s][info][gc          ] GC(510) Pause Young (Normal) (G1 Evacuation Pause) 9538M->5563M(12288M) 132.356ms
[2024-08-15T13:10:37.927+0000][2533.872s][info][gc,cpu      ] GC(510) User=0.78s Sys=0.00s Real=0.14s
[2024-08-15T13:10:39.557+0000][2535.501s][info][gc,start    ] GC(511) Pause Young (Normal) (G1 Evacuation Pause)
[2024-08-15T13:10:39.557+0000][2535.502s][info][gc,task     ] GC(511) Using 6 workers of 6 for evacuation
[2024-08-15T13:10:39.691+0000][2535.635s][info][gc,phases   ] GC(511)   Pre Evacuate Collection Set: 0.2ms
[2024-08-15T13:10:39.691+0000][2535.635s][info][gc,phases   ] GC(511)   Merge Heap Roots: 0.4ms
[2024-08-15T13:10:39.691+0000][2535.635s][info][gc,phases   ] GC(511)   Evacuate Collection Set: 119.1ms
[2024-08-15T13:10:39.691+0000][2535.635s][info][gc,phases   ] GC(511)   Post Evacuate Collection Set: 14.2ms
[2024-08-15T13:10:39.691+0000][2535.635s][info][gc,phases   ] GC(511)   Other: 0.2ms
[2024-08-15T13:10:39.691+0000][2535.635s][info][gc,heap     ] GC(511) Eden regions: 496->0(495)
[2024-08-15T13:10:39.691+0000][2535.635s][info][gc,heap     ] GC(511) Survivor regions: 34->34(67)
[2024-08-15T13:10:39.691+0000][2535.635s][info][gc,heap     ] GC(511) Old regions: 655->656
[2024-08-15T13:10:39.691+0000][2535.635s][info][gc,heap     ] GC(511) Archive regions: 2->2
[2024-08-15T13:10:39.691+0000][2535.635s][info][gc,heap     ] GC(511) Humongous regions: 7->7
[2024-08-15T13:10:39.691+0000][2535.635s][info][gc,metaspace] GC(511) Metaspace: 439608K(445952K)->439608K(445952K) NonClass: 384651K(388288K)->384651K(388288K) Class: 54957K(57664K)->54957K(57664K)
[2024-08-15T13:10:39.691+0000][2535.636s][info][gc          ] GC(511) Pause Young (Normal) (G1 Evacuation Pause) 9531M->5578M(12288M) 134.055ms
[2024-08-15T13:10:39.691+0000][2535.636s][info][gc,cpu      ] GC(511) User=0.79s Sys=0.00s Real=0.13s
[2024-08-15T13:10:41.182+0000][2537.127s][info][gc,start    ] GC(512) Pause Young (Normal) (G1 Evacuation Pause)
[2024-08-15T13:10:41.183+0000][2537.127s][info][gc,task     ] GC(512) Using 6 workers of 6 for evacuation
[2024-08-15T13:10:41.329+0000][2537.274s][info][gc,phases   ] GC(512)   Pre Evacuate Collection Set: 0.2ms
[2024-08-15T13:10:41.329+0000][2537.274s][info][gc,phases   ] GC(512)   Merge Heap Roots: 0.4ms
[2024-08-15T13:10:41.329+0000][2537.274s][info][gc,phases   ] GC(512)   Evacuate Collection Set: 131.9ms
[2024-08-15T13:10:41.329+0000][2537.274s][info][gc,phases   ] GC(512)   Post Evacuate Collection Set: 14.4ms
[2024-08-15T13:10:41.329+0000][2537.274s][info][gc,phases   ] GC(512)   Other: 0.2ms
[2024-08-15T13:10:41.329+0000][2537.274s][info][gc,heap     ] GC(512) Eden regions: 495->0(491)
[2024-08-15T13:10:41.329+0000][2537.274s][info][gc,heap     ] GC(512) Survivor regions: 34->35(67)
[2024-08-15T13:10:41.329+0000][2537.274s][info][gc,heap     ] GC(512) Old regions: 656->658
[2024-08-15T13:10:41.329+0000][2537.274s][info][gc,heap     ] GC(512) Archive regions: 2->2
[2024-08-15T13:10:41.329+0000][2537.274s][info][gc,heap     ] GC(512) Humongous regions: 7->7
[2024-08-15T13:10:41.329+0000][2537.274s][info][gc,metaspace] GC(512) Metaspace: 439608K(445952K)->439608K(445952K) NonClass: 384651K(388288K)->384651K(388288K) Class: 54957K(57664K)->54957K(57664K)
[2024-08-15T13:10:41.330+0000][2537.274s][info][gc          ] GC(512) Pause Young (Normal) (G1 Evacuation Pause) 9538M->5597M(12288M) 147.050ms
[2024-08-15T13:10:41.330+0000][2537.274s][info][gc,cpu      ] GC(512) User=0.87s Sys=0.00s Real=0.15s
[2024-08-15T13:10:46.121+0000][2542.065s][info][gc,start    ] GC(513) Pause Young (Normal) (G1 Evacuation Pause)
[2024-08-15T13:10:46.121+0000][2542.065s][info][gc,task     ] GC(513) Using 6 workers of 6 for evacuation
[2024-08-15T13:10:46.230+0000][2542.174s][info][gc,phases   ] GC(513)   Pre Evacuate Collection Set: 0.2ms
[2024-08-15T13:10:46.230+0000][2542.174s][info][gc,phases   ] GC(513)   Merge Heap Roots: 0.3ms
[2024-08-15T13:10:46.230+0000][2542.174s][info][gc,phases   ] GC(513)   Evacuate Collection Set: 104.5ms
[2024-08-15T13:10:46.230+0000][2542.174s][info][gc,phases   ] GC(513)   Post Evacuate Collection Set: 3.7ms
[2024-08-15T13:10:46.230+0000][2542.174s][info][gc,phases   ] GC(513)   Other: 0.2ms
[2024-08-15T13:10:46.230+0000][2542.174s][info][gc,heap     ] GC(513) Eden regions: 491->0(494)
[2024-08-15T13:10:46.230+0000][2542.174s][info][gc,heap     ] GC(513) Survivor regions: 35->33(66)
[2024-08-15T13:10:46.230+0000][2542.174s][info][gc,heap     ] GC(513) Old regions: 658->659
[2024-08-15T13:10:46.230+0000][2542.174s][info][gc,heap     ] GC(513) Archive regions: 2->2
[2024-08-15T13:10:46.230+0000][2542.174s][info][gc,heap     ] GC(513) Humongous regions: 7->7
[2024-08-15T13:10:46.230+0000][2542.174s][info][gc,metaspace] GC(513) Metaspace: 439608K(445952K)->439608K(445952K) NonClass: 384651K(388288K)->384651K(388288K) Class: 54957K(57664K)->54957K(57664K)
[2024-08-15T13:10:46.230+0000][2542.174s][info][gc          ] GC(513) Pause Young (Normal) (G1 Evacuation Pause) 9525M->5592M(12288M) 108.927ms
[2024-08-15T13:10:46.230+0000][2542.174s][info][gc,cpu      ] GC(513) User=0.64s Sys=0.00s Real=0.11s
[2024-08-15T13:10:51.461+0000][2547.406s][info][gc,start    ] GC(514) Pause Young (Normal) (G1 Evacuation Pause)
[2024-08-15T13:10:51.461+0000][2547.406s][info][gc,task     ] GC(514) Using 6 workers of 6 for evacuation
[2024-08-15T13:10:51.569+0000][2547.514s][info][gc,phases   ] GC(514)   Pre Evacuate Collection Set: 0.2ms
[2024-08-15T13:10:51.569+0000][2547.514s][info][gc,phases   ] GC(514)   Merge Heap Roots: 0.4ms
[2024-08-15T13:10:51.569+0000][2547.514s][info][gc,phases   ] GC(514)   Evacuate Collection Set: 105.4ms
[2024-08-15T13:10:51.569+0000][2547.514s][info][gc,phases   ] GC(514)   Post Evacuate Collection Set: 2.0ms
[2024-08-15T13:10:51.569+0000][2547.514s][info][gc,phases   ] GC(514)   Other: 0.2ms
[2024-08-15T13:10:51.569+0000][2547.514s][info][gc,heap     ] GC(514) Eden regions: 494->0(491)
[2024-08-15T13:10:51.569+0000][2547.514s][info][gc,heap     ] GC(514) Survivor regions: 33->34(66)
[2024-08-15T13:10:51.569+0000][2547.514s][info][gc,heap     ] GC(514) Old regions: 659->660
[2024-08-15T13:10:51.569+0000][2547.514s][info][gc,heap     ] GC(514) Archive regions: 2->2
[2024-08-15T13:10:51.569+0000][2547.514s][info][gc,heap     ] GC(514) Humongous regions: 7->7
[2024-08-15T13:10:51.569+0000][2547.514s][info][gc,metaspace] GC(514) Metaspace: 439608K(445952K)->439608K(445952K) NonClass: 384651K(388288K)->384651K(388288K) Class: 54957K(57664K)->54957K(57664K)
[2024-08-15T13:10:51.569+0000][2547.514s][info][gc          ] GC(514) Pause Young (Normal) (G1 Evacuation Pause) 9544M->5608M(12288M) 108.243ms
[2024-08-15T13:10:51.569+0000][2547.514s][info][gc,cpu      ] GC(514) User=0.64s Sys=0.00s Real=0.11s
[2024-08-15T13:10:56.839+0000][2552.783s][info][gc,start    ] GC(515) Pause Young (Normal) (G1 Evacuation Pause)
[2024-08-15T13:10:56.839+0000][2552.783s][info][gc,task     ] GC(515) Using 6 workers of 6 for evacuation
[2024-08-15T13:10:56.952+0000][2552.896s][info][gc,phases   ] GC(515)   Pre Evacuate Collection Set: 0.2ms
[2024-08-15T13:10:56.952+0000][2552.896s][info][gc,phases   ] GC(515)   Merge Heap Roots: 0.4ms
[2024-08-15T13:10:56.952+0000][2552.896s][info][gc,phases   ] GC(515)   Evacuate Collection Set: 110.5ms
[2024-08-15T13:10:56.952+0000][2552.896s][info][gc,phases   ] GC(515)   Post Evacuate Collection Set: 2.0ms
[2024-08-15T13:10:56.952+0000][2552.896s][info][gc,phases   ] GC(515)   Other: 0.2ms
[2024-08-15T13:10:56.952+0000][2552.896s][info][gc,heap     ] GC(515) Eden regions: 491->0(490)
[2024-08-15T13:10:56.952+0000][2552.896s][info][gc,heap     ] GC(515) Survivor regions: 34->32(66)
[2024-08-15T13:10:56.952+0000][2552.897s][info][gc,heap     ] GC(515) Old regions: 660->665
[2024-08-15T13:10:56.952+0000][2552.897s][info][gc,heap     ] GC(515) Archive regions: 2->2
[2024-08-15T13:10:56.952+0000][2552.897s][info][gc,heap     ] GC(515) Humongous regions: 7->7
[2024-08-15T13:10:56.952+0000][2552.897s][info][gc,metaspace] GC(515) Metaspace: 439608K(445952K)->439608K(445952K) NonClass: 384651K(388288K)->384651K(388288K) Class: 54957K(57664K)->54957K(57664K)
[2024-08-15T13:10:56.952+0000][2552.897s][info][gc          ] GC(515) Pause Young (Normal) (G1 Evacuation Pause) 9536M->5625M(12288M) 113.367ms
[2024-08-15T13:10:56.952+0000][2552.897s][info][gc,cpu      ] GC(515) User=0.67s Sys=0.00s Real=0.11s
[2024-08-15T13:11:02.259+0000][2558.203s][info][gc,start    ] GC(516) Pause Young (Normal) (G1 Evacuation Pause)
[2024-08-15T13:11:02.259+0000][2558.203s][info][gc,task     ] GC(516) Using 6 workers of 6 for evacuation
[2024-08-15T13:11:02.357+0000][2558.302s][info][gc,phases   ] GC(516)   Pre Evacuate Collection Set: 0.2ms
[2024-08-15T13:11:02.357+0000][2558.302s][info][gc,phases   ] GC(516)   Merge Heap Roots: 0.4ms
[2024-08-15T13:11:02.357+0000][2558.302s][info][gc,phases   ] GC(516)   Evacuate Collection Set: 96.2ms
[2024-08-15T13:11:02.357+0000][2558.302s][info][gc,phases   ] GC(516)   Post Evacuate Collection Set: 2.0ms
[2024-08-15T13:11:02.357+0000][2558.302s][info][gc,phases   ] GC(516)   Other: 0.2ms
[2024-08-15T13:11:02.357+0000][2558.302s][info][gc,heap     ] GC(516) Eden regions: 490->0(488)
[2024-08-15T13:11:02.357+0000][2558.302s][info][gc,heap     ] GC(516) Survivor regions: 32->32(66)
[2024-08-15T13:11:02.357+0000][2558.302s][info][gc,heap     ] GC(516) Old regions: 665->667
[2024-08-15T13:11:02.357+0000][2558.302s][info][gc,heap     ] GC(516) Archive regions: 2->2
[2024-08-15T13:11:02.357+0000][2558.302s][info][gc,heap     ] GC(516) Humongous regions: 7->7
[2024-08-15T13:11:02.357+0000][2558.302s][info][gc,metaspace] GC(516) Metaspace: 439608K(445952K)->439608K(445952K) NonClass: 384651K(388288K)->384651K(388288K) Class: 54957K(57664K)->54957K(57664K)
[2024-08-15T13:11:02.358+0000][2558.302s][info][gc          ] GC(516) Pause Young (Normal) (G1 Evacuation Pause) 9545M->5648M(12288M) 98.964ms
[2024-08-15T13:11:02.358+0000][2558.302s][info][gc,cpu      ] GC(516) User=0.59s Sys=0.00s Real=0.10s
[2024-08-15T13:11:07.543+0000][2563.487s][info][gc,start    ] GC(517) Pause Young (Normal) (G1 Evacuation Pause)
[2024-08-15T13:11:07.543+0000][2563.487s][info][gc,task     ] GC(517) Using 6 workers of 6 for evacuation
[2024-08-15T13:11:07.636+0000][2563.581s][info][gc,phases   ] GC(517)   Pre Evacuate Collection Set: 0.2ms
[2024-08-15T13:11:07.636+0000][2563.581s][info][gc,phases   ] GC(517)   Merge Heap Roots: 0.3ms
[2024-08-15T13:11:07.636+0000][2563.581s][info][gc,phases   ] GC(517)   Evacuate Collection Set: 91.0ms
[2024-08-15T13:11:07.636+0000][2563.581s][info][gc,phases   ] GC(517)   Post Evacuate Collection Set: 2.0ms
[2024-08-15T13:11:07.636+0000][2563.581s][info][gc,phases   ] GC(517)   Other: 0.2ms
[2024-08-15T13:11:07.636+0000][2563.581s][info][gc,heap     ] GC(517) Eden regions: 488->0(487)
[2024-08-15T13:11:07.636+0000][2563.581s][info][gc,heap     ] GC(517) Survivor regions: 32->31(65)
[2024-08-15T13:11:07.636+0000][2563.581s][info][gc,heap     ] GC(517) Old regions: 667->670
[2024-08-15T13:11:07.636+0000][2563.581s][info][gc,heap     ] GC(517) Archive regions: 2->2
[2024-08-15T13:11:07.636+0000][2563.581s][info][gc,heap     ] GC(517) Humongous regions: 7->7
[2024-08-15T13:11:07.636+0000][2563.581s][info][gc,metaspace] GC(517) Metaspace: 439610K(445952K)->439610K(445952K) NonClass: 384653K(388288K)->384653K(388288K) Class: 54957K(57664K)->54957K(57664K)
[2024-08-15T13:11:07.636+0000][2563.581s][info][gc          ] GC(517) Pause Young (Normal) (G1 Evacuation Pause) 9552M->5663M(12288M) 93.732ms
[2024-08-15T13:11:07.636+0000][2563.581s][info][gc,cpu      ] GC(517) User=0.55s Sys=0.00s Real=0.10s
[2024-08-15T13:11:12.847+0000][2568.792s][info][gc,start    ] GC(518) Pause Young (Normal) (G1 Evacuation Pause)
[2024-08-15T13:11:12.847+0000][2568.792s][info][gc,task     ] GC(518) Using 6 workers of 6 for evacuation
[2024-08-15T13:11:12.940+0000][2568.885s][info][gc,phases   ] GC(518)   Pre Evacuate Collection Set: 0.2ms
[2024-08-15T13:11:12.940+0000][2568.885s][info][gc,phases   ] GC(518)   Merge Heap Roots: 0.3ms
[2024-08-15T13:11:12.940+0000][2568.885s][info][gc,phases   ] GC(518)   Evacuate Collection Set: 90.6ms
[2024-08-15T13:11:12.940+0000][2568.885s][info][gc,phases   ] GC(518)   Post Evacuate Collection Set: 2.1ms
[2024-08-15T13:11:12.940+0000][2568.885s][info][gc,phases   ] GC(518)   Other: 0.2ms
[2024-08-15T13:11:12.940+0000][2568.885s][info][gc,heap     ] GC(518) Eden regions: 487->0(483)
[2024-08-15T13:11:12.940+0000][2568.885s][info][gc,heap     ] GC(518) Survivor regions: 31->32(65)
[2024-08-15T13:11:12.940+0000][2568.885s][info][gc,heap     ] GC(518) Old regions: 670->672
[2024-08-15T13:11:12.940+0000][2568.885s][info][gc,heap     ] GC(518) Archive regions: 2->2
[2024-08-15T13:11:12.940+0000][2568.885s][info][gc,heap     ] GC(518) Humongous regions: 7->7
[2024-08-15T13:11:12.940+0000][2568.885s][info][gc,metaspace] GC(518) Metaspace: 439618K(445952K)->439618K(445952K) NonClass: 384660K(388288K)->384660K(388288K) Class: 54957K(57664K)->54957K(57664K)
[2024-08-15T13:11:12.940+0000][2568.885s][info][gc          ] GC(518) Pause Young (Normal) (G1 Evacuation Pause) 9559M->5683M(12288M) 93.495ms
[2024-08-15T13:11:12.941+0000][2568.885s][info][gc,cpu      ] GC(518) User=0.56s Sys=0.00s Real=0.09s
[2024-08-15T13:11:18.180+0000][2574.125s][info][gc,start    ] GC(519) Pause Young (Normal) (G1 Evacuation Pause)
[2024-08-15T13:11:18.180+0000][2574.125s][info][gc,task     ] GC(519) Using 6 workers of 6 for evacuation
[2024-08-15T13:11:18.269+0000][2574.214s][info][gc,phases   ] GC(519)   Pre Evacuate Collection Set: 0.2ms
[2024-08-15T13:11:18.269+0000][2574.214s][info][gc,phases   ] GC(519)   Merge Heap Roots: 0.3ms
[2024-08-15T13:11:18.269+0000][2574.214s][info][gc,phases   ] GC(519)   Evacuate Collection Set: 85.8ms
[2024-08-15T13:11:18.269+0000][2574.214s][info][gc,phases   ] GC(519)   Post Evacuate Collection Set: 2.0ms
[2024-08-15T13:11:18.269+0000][2574.214s][info][gc,phases   ] GC(519)   Other: 0.2ms
[2024-08-15T13:11:18.269+0000][2574.214s][info][gc,heap     ] GC(519) Eden regions: 483->0(492)
[2024-08-15T13:11:18.269+0000][2574.214s][info][gc,heap     ] GC(519) Survivor regions: 32->26(65)
[2024-08-15T13:11:18.269+0000][2574.214s][info][gc,heap     ] GC(519) Old regions: 672->675
[2024-08-15T13:11:18.269+0000][2574.214s][info][gc,heap     ] GC(519) Archive regions: 2->2
[2024-08-15T13:11:18.269+0000][2574.214s][info][gc,heap     ] GC(519) Humongous regions: 7->7
[2024-08-15T13:11:18.269+0000][2574.214s][info][gc,metaspace] GC(519) Metaspace: 439640K(445952K)->439640K(445952K) NonClass: 384683K(388288K)->384683K(388288K) Class: 54957K(57664K)->54957K(57664K)
[2024-08-15T13:11:18.269+0000][2574.214s][info][gc          ] GC(519) Pause Young (Normal) (G1 Evacuation Pause) 9547M->5662M(12288M) 88.571ms
[2024-08-15T13:11:18.269+0000][2574.214s][info][gc,cpu      ] GC(519) User=0.53s Sys=0.00s Real=0.09s
[2024-08-15T13:11:23.786+0000][2579.731s][info][gc,start    ] GC(520) Pause Young (Normal) (G1 Evacuation Pause)
[2024-08-15T13:11:23.786+0000][2579.731s][info][gc,task     ] GC(520) Using 6 workers of 6 for evacuation
[2024-08-15T13:11:23.866+0000][2579.811s][info][gc,phases   ] GC(520)   Pre Evacuate Collection Set: 0.2ms
[2024-08-15T13:11:23.866+0000][2579.811s][info][gc,phases   ] GC(520)   Merge Heap Roots: 0.3ms
[2024-08-15T13:11:23.866+0000][2579.811s][info][gc,phases   ] GC(520)   Evacuate Collection Set: 77.7ms
[2024-08-15T13:11:23.866+0000][2579.811s][info][gc,phases   ] GC(520)   Post Evacuate Collection Set: 2.0ms
[2024-08-15T13:11:23.866+0000][2579.811s][info][gc,phases   ] GC(520)   Other: 0.2ms
[2024-08-15T13:11:23.866+0000][2579.811s][info][gc,heap     ] GC(520) Eden regions: 492->0(491)
[2024-08-15T13:11:23.866+0000][2579.811s][info][gc,heap     ] GC(520) Survivor regions: 26->26(65)
[2024-08-15T13:11:23.866+0000][2579.811s][info][gc,heap     ] GC(520) Old regions: 675->676
[2024-08-15T13:11:23.866+0000][2579.811s][info][gc,heap     ] GC(520) Archive regions: 2->2
[2024-08-15T13:11:23.866+0000][2579.811s][info][gc,heap     ] GC(520) Humongous regions: 7->7
[2024-08-15T13:11:23.866+0000][2579.811s][info][gc,metaspace] GC(520) Metaspace: 439640K(445952K)->439640K(445952K) NonClass: 384683K(388288K)->384683K(388288K) Class: 54957K(57664K)->54957K(57664K)
[2024-08-15T13:11:23.866+0000][2579.811s][info][gc          ] GC(520) Pause Young (Normal) (G1 Evacuation Pause) 9598M->5676M(12288M) 80.420ms
[2024-08-15T13:11:23.866+0000][2579.811s][info][gc,cpu      ] GC(520) User=0.48s Sys=0.00s Real=0.08s
[2024-08-15T13:11:29.231+0000][2585.176s][info][gc,start    ] GC(521) Pause Young (Normal) (G1 Evacuation Pause)
[2024-08-15T13:11:29.231+0000][2585.176s][info][gc,task     ] GC(521) Using 6 workers of 6 for evacuation
[2024-08-15T13:11:29.311+0000][2585.255s][info][gc,phases   ] GC(521)   Pre Evacuate Collection Set: 0.2ms
[2024-08-15T13:11:29.311+0000][2585.255s][info][gc,phases   ] GC(521)   Merge Heap Roots: 0.3ms
[2024-08-15T13:11:29.311+0000][2585.255s][info][gc,phases   ] GC(521)   Evacuate Collection Set: 76.9ms
[2024-08-15T13:11:29.311+0000][2585.255s][info][gc,phases   ] GC(521)   Post Evacuate Collection Set: 2.2ms
[2024-08-15T13:11:29.311+0000][2585.255s][info][gc,phases   ] GC(521)   Other: 0.2ms
[2024-08-15T13:11:29.311+0000][2585.255s][info][gc,heap     ] GC(521) Eden regions: 491->0(487)
[2024-08-15T13:11:29.311+0000][2585.255s][info][gc,heap     ] GC(521) Survivor regions: 26->27(65)
[2024-08-15T13:11:29.311+0000][2585.255s][info][gc,heap     ] GC(521) Old regions: 676->678
[2024-08-15T13:11:29.311+0000][2585.255s][info][gc,heap     ] GC(521) Archive regions: 2->2
[2024-08-15T13:11:29.311+0000][2585.255s][info][gc,heap     ] GC(521) Humongous regions: 7->7
[2024-08-15T13:11:29.311+0000][2585.255s][info][gc,metaspace] GC(521) Metaspace: 439640K(445952K)->439640K(445952K) NonClass: 384683K(388288K)->384683K(388288K) Class: 54957K(57664K)->54957K(57664K)
[2024-08-15T13:11:29.311+0000][2585.255s][info][gc          ] GC(521) Pause Young (Normal) (G1 Evacuation Pause) 9604M->5693M(12288M) 79.858ms
[2024-08-15T13:11:29.311+0000][2585.255s][info][gc,cpu      ] GC(521) User=0.47s Sys=0.00s Real=0.08s
[2024-08-15T13:11:34.582+0000][2590.526s][info][gc,start    ] GC(522) Pause Young (Normal) (G1 Evacuation Pause)
[2024-08-15T13:11:34.582+0000][2590.526s][info][gc,task     ] GC(522) Using 6 workers of 6 for evacuation
[2024-08-15T13:11:34.656+0000][2590.601s][info][gc,phases   ] GC(522)   Pre Evacuate Collection Set: 0.2ms
[2024-08-15T13:11:34.656+0000][2590.601s][info][gc,phases   ] GC(522)   Merge Heap Roots: 0.3ms
[2024-08-15T13:11:34.656+0000][2590.601s][info][gc,phases   ] GC(522)   Evacuate Collection Set: 71.9ms
[2024-08-15T13:11:34.656+0000][2590.601s][info][gc,phases   ] GC(522)   Post Evacuate Collection Set: 2.1ms
[2024-08-15T13:11:34.656+0000][2590.601s][info][gc,phases   ] GC(522)   Other: 0.2ms
[2024-08-15T13:11:34.656+0000][2590.601s][info][gc,heap     ] GC(522) Eden regions: 487->0(486)
[2024-08-15T13:11:34.656+0000][2590.601s][info][gc,heap     ] GC(522) Survivor regions: 27->27(65)
[2024-08-15T13:11:34.656+0000][2590.601s][info][gc,heap     ] GC(522) Old regions: 678->679
[2024-08-15T13:11:34.656+0000][2590.601s][info][gc,heap     ] GC(522) Archive regions: 2->2
[2024-08-15T13:11:34.656+0000][2590.601s][info][gc,heap     ] GC(522) Humongous regions: 7->7
[2024-08-15T13:11:34.656+0000][2590.601s][info][gc,metaspace] GC(522) Metaspace: 439660K(445952K)->439660K(445952K) NonClass: 384702K(388288K)->384702K(388288K) Class: 54957K(57664K)->54957K(57664K)
[2024-08-15T13:11:34.656+0000][2590.601s][info][gc          ] GC(522) Pause Young (Normal) (G1 Evacuation Pause) 9589M->5704M(12288M) 74.687ms
[2024-08-15T13:11:34.657+0000][2590.601s][info][gc,cpu      ] GC(522) User=0.44s Sys=0.00s Real=0.08s
[2024-08-15T13:11:39.841+0000][2595.786s][info][gc,start    ] GC(523) Pause Young (Normal) (G1 Evacuation Pause)
[2024-08-15T13:11:39.841+0000][2595.786s][info][gc,task     ] GC(523) Using 6 workers of 6 for evacuation
[2024-08-15T13:11:39.912+0000][2595.857s][info][gc,phases   ] GC(523)   Pre Evacuate Collection Set: 0.2ms
[2024-08-15T13:11:39.912+0000][2595.857s][info][gc,phases   ] GC(523)   Merge Heap Roots: 0.3ms
[2024-08-15T13:11:39.912+0000][2595.857s][info][gc,phases   ] GC(523)   Evacuate Collection Set: 68.7ms
[2024-08-15T13:11:39.912+0000][2595.857s][info][gc,phases   ] GC(523)   Post Evacuate Collection Set: 2.1ms
[2024-08-15T13:11:39.912+0000][2595.857s][info][gc,phases   ] GC(523)   Other: 0.2ms
[2024-08-15T13:11:39.912+0000][2595.857s][info][gc,heap     ] GC(523) Eden regions: 486->0(485)
[2024-08-15T13:11:39.912+0000][2595.857s][info][gc,heap     ] GC(523) Survivor regions: 27->27(65)
[2024-08-15T13:11:39.912+0000][2595.857s][info][gc,heap     ] GC(523) Old regions: 679->680
[2024-08-15T13:11:39.912+0000][2595.857s][info][gc,heap     ] GC(523) Archive regions: 2->2
[2024-08-15T13:11:39.912+0000][2595.857s][info][gc,heap     ] GC(523) Humongous regions: 7->7
[2024-08-15T13:11:39.912+0000][2595.857s][info][gc,metaspace] GC(523) Metaspace: 439666K(445952K)->439666K(445952K) NonClass: 384709K(388288K)->384709K(388288K) Class: 54957K(57664K)->54957K(57664K)
[2024-08-15T13:11:39.912+0000][2595.857s][info][gc          ] GC(523) Pause Young (Normal) (G1 Evacuation Pause) 9592M->5716M(12288M) 71.451ms
[2024-08-15T13:11:39.913+0000][2595.857s][info][gc,cpu      ] GC(523) User=0.43s Sys=0.00s Real=0.07s
[2024-08-15T13:11:45.274+0000][2601.219s][info][gc,start    ] GC(524) Pause Young (Normal) (G1 Evacuation Pause)
[2024-08-15T13:11:45.274+0000][2601.219s][info][gc,task     ] GC(524) Using 6 workers of 6 for evacuation
[2024-08-15T13:11:45.345+0000][2601.289s][info][gc,phases   ] GC(524)   Pre Evacuate Collection Set: 0.2ms
[2024-08-15T13:11:45.345+0000][2601.289s][info][gc,phases   ] GC(524)   Merge Heap Roots: 0.3ms
[2024-08-15T13:11:45.345+0000][2601.289s][info][gc,phases   ] GC(524)   Evacuate Collection Set: 67.8ms
[2024-08-15T13:11:45.345+0000][2601.289s][info][gc,phases   ] GC(524)   Post Evacuate Collection Set: 1.9ms
[2024-08-15T13:11:45.345+0000][2601.289s][info][gc,phases   ] GC(524)   Other: 0.2ms
[2024-08-15T13:11:45.345+0000][2601.289s][info][gc,heap     ] GC(524) Eden regions: 485->0(482)
[2024-08-15T13:11:45.345+0000][2601.289s][info][gc,heap     ] GC(524) Survivor regions: 27->27(64)
[2024-08-15T13:11:45.345+0000][2601.289s][info][gc,heap     ] GC(524) Old regions: 680->683
[2024-08-15T13:11:45.345+0000][2601.289s][info][gc,heap     ] GC(524) Archive regions: 2->2
[2024-08-15T13:11:45.345+0000][2601.289s][info][gc,heap     ] GC(524) Humongous regions: 7->7
[2024-08-15T13:11:45.345+0000][2601.289s][info][gc,metaspace] GC(524) Metaspace: 439666K(445952K)->439666K(445952K) NonClass: 384709K(388288K)->384709K(388288K) Class: 54957K(57664K)->54957K(57664K)
[2024-08-15T13:11:45.345+0000][2601.289s][info][gc          ] GC(524) Pause Young (Normal) (G1 Evacuation Pause) 9596M->5729M(12288M) 70.430ms
[2024-08-15T13:11:45.345+0000][2601.290s][info][gc,cpu      ] GC(524) User=0.42s Sys=0.00s Real=0.08s
[2024-08-15T13:11:50.534+0000][2606.479s][info][gc,start    ] GC(525) Pause Young (Concurrent Start) (G1 Evacuation Pause)
[2024-08-15T13:11:50.534+0000][2606.479s][info][gc,task     ] GC(525) Using 6 workers of 6 for evacuation
[2024-08-15T13:11:50.607+0000][2606.552s][info][gc,phases   ] GC(525)   Pre Evacuate Collection Set: 0.6ms
[2024-08-15T13:11:50.607+0000][2606.552s][info][gc,phases   ] GC(525)   Merge Heap Roots: 0.3ms
[2024-08-15T13:11:50.607+0000][2606.552s][info][gc,phases   ] GC(525)   Evacuate Collection Set: 70.1ms
[2024-08-15T13:11:50.607+0000][2606.552s][info][gc,phases   ] GC(525)   Post Evacuate Collection Set: 2.0ms
[2024-08-15T13:11:50.607+0000][2606.552s][info][gc,phases   ] GC(525)   Other: 0.3ms
[2024-08-15T13:11:50.607+0000][2606.552s][info][gc,heap     ] GC(525) Eden regions: 482->0(483)
[2024-08-15T13:11:50.607+0000][2606.552s][info][gc,heap     ] GC(525) Survivor regions: 27->26(64)
[2024-08-15T13:11:50.607+0000][2606.552s][info][gc,heap     ] GC(525) Old regions: 683->684
[2024-08-15T13:11:50.607+0000][2606.552s][info][gc,heap     ] GC(525) Archive regions: 2->2
[2024-08-15T13:11:50.607+0000][2606.552s][info][gc,heap     ] GC(525) Humongous regions: 7->7
[2024-08-15T13:11:50.607+0000][2606.552s][info][gc,metaspace] GC(525) Metaspace: 439668K(445952K)->439668K(445952K) NonClass: 384711K(388288K)->384711K(388288K) Class: 54957K(57664K)->54957K(57664K)
[2024-08-15T13:11:50.607+0000][2606.552s][info][gc          ] GC(525) Pause Young (Concurrent Start) (G1 Evacuation Pause) 9585M->5734M(12288M) 73.330ms
[2024-08-15T13:11:50.608+0000][2606.552s][info][gc,cpu      ] GC(525) User=0.44s Sys=0.00s Real=0.08s
[2024-08-15T13:11:50.608+0000][2606.552s][info][gc          ] GC(526) Concurrent Mark Cycle
[2024-08-15T13:11:50.608+0000][2606.552s][info][gc,marking  ] GC(526) Concurrent Clear Claimed Marks
[2024-08-15T13:11:50.608+0000][2606.553s][info][gc,marking  ] GC(526) Concurrent Clear Claimed Marks 0.438ms
[2024-08-15T13:11:50.608+0000][2606.553s][info][gc,marking  ] GC(526) Concurrent Scan Root Regions
[2024-08-15T13:11:50.659+0000][2606.604s][info][gc,marking  ] GC(526) Concurrent Scan Root Regions 50.914ms
[2024-08-15T13:11:50.659+0000][2606.604s][info][gc,marking  ] GC(526) Concurrent Mark
[2024-08-15T13:11:50.659+0000][2606.604s][info][gc,marking  ] GC(526) Concurrent Mark From Roots
[2024-08-15T13:11:50.659+0000][2606.604s][info][gc,task     ] GC(526) Using 2 workers of 2 for marking
[2024-08-15T13:11:52.948+0000][2608.893s][info][gc,marking  ] GC(526) Concurrent Mark From Roots 2289.367ms
[2024-08-15T13:11:52.948+0000][2608.893s][info][gc,marking  ] GC(526) Concurrent Preclean
[2024-08-15T13:11:52.950+0000][2608.894s][info][gc,marking  ] GC(526) Concurrent Preclean 1.198ms
[2024-08-15T13:11:52.950+0000][2608.894s][info][gc,start    ] GC(526) Pause Remark
[2024-08-15T13:11:52.975+0000][2608.919s][info][gc          ] GC(526) Pause Remark 7666M->7378M(12288M) 24.925ms
[2024-08-15T13:11:52.975+0000][2608.919s][info][gc,cpu      ] GC(526) User=0.10s Sys=0.00s Real=0.02s
[2024-08-15T13:11:52.975+0000][2608.919s][info][gc,marking  ] GC(526) Concurrent Mark 2315.833ms
[2024-08-15T13:11:52.975+0000][2608.919s][info][gc,marking  ] GC(526) Concurrent Rebuild Remembered Sets
[2024-08-15T13:11:54.477+0000][2610.422s][info][gc,marking  ] GC(526) Concurrent Rebuild Remembered Sets 1502.283ms
[2024-08-15T13:11:54.477+0000][2610.422s][info][gc,start    ] GC(526) Pause Cleanup
[2024-08-15T13:11:54.478+0000][2610.423s][info][gc          ] GC(526) Pause Cleanup 8454M->8454M(12288M) 0.890ms
[2024-08-15T13:11:54.478+0000][2610.423s][info][gc,cpu      ] GC(526) User=0.00s Sys=0.00s Real=0.00s
[2024-08-15T13:11:54.478+0000][2610.423s][info][gc,marking  ] GC(526) Concurrent Cleanup for Next Mark
[2024-08-15T13:11:54.495+0000][2610.440s][info][gc,marking  ] GC(526) Concurrent Cleanup for Next Mark 16.907ms
[2024-08-15T13:11:54.495+0000][2610.440s][info][gc          ] GC(526) Concurrent Mark Cycle 3887.763ms
[2024-08-15T13:11:55.655+0000][2611.600s][info][gc,start    ] GC(527) Pause Young (Prepare Mixed) (G1 Evacuation Pause)
[2024-08-15T13:11:55.655+0000][2611.600s][info][gc,task     ] GC(527) Using 6 workers of 6 for evacuation
[2024-08-15T13:11:55.714+0000][2611.658s][info][gc,phases   ] GC(527)   Pre Evacuate Collection Set: 0.2ms
[2024-08-15T13:11:55.714+0000][2611.658s][info][gc,phases   ] GC(527)   Merge Heap Roots: 0.3ms
[2024-08-15T13:11:55.714+0000][2611.658s][info][gc,phases   ] GC(527)   Evacuate Collection Set: 55.6ms
[2024-08-15T13:11:55.714+0000][2611.658s][info][gc,phases   ] GC(527)   Post Evacuate Collection Set: 1.9ms
[2024-08-15T13:11:55.714+0000][2611.658s][info][gc,phases   ] GC(527)   Other: 0.2ms
[2024-08-15T13:11:55.714+0000][2611.658s][info][gc,heap     ] GC(527) Eden regions: 483->0(55)
[2024-08-15T13:11:55.714+0000][2611.658s][info][gc,heap     ] GC(527) Survivor regions: 26->21(64)
[2024-08-15T13:11:55.714+0000][2611.658s][info][gc,heap     ] GC(527) Old regions: 650->653
[2024-08-15T13:11:55.714+0000][2611.658s][info][gc,heap     ] GC(527) Archive regions: 2->2
[2024-08-15T13:11:55.714+0000][2611.658s][info][gc,heap     ] GC(527) Humongous regions: 5->5
[2024-08-15T13:11:55.714+0000][2611.658s][info][gc,metaspace] GC(527) Metaspace: 439668K(445952K)->439668K(445952K) NonClass: 384711K(388288K)->384711K(388288K) Class: 54957K(57664K)->54957K(57664K)
[2024-08-15T13:11:55.714+0000][2611.658s][info][gc          ] GC(527) Pause Young (Prepare Mixed) (G1 Evacuation Pause) 9310M->5430M(12288M) 58.298ms
[2024-08-15T13:11:55.714+0000][2611.658s][info][gc,cpu      ] GC(527) User=0.35s Sys=0.00s Real=0.05s
[2024-08-15T13:11:56.285+0000][2612.230s][info][gc,start    ] GC(528) Pause Young (Mixed) (G1 Evacuation Pause)
[2024-08-15T13:11:56.285+0000][2612.230s][info][gc,task     ] GC(528) Using 6 workers of 6 for evacuation
[2024-08-15T13:11:56.342+0000][2612.287s][info][gc,phases   ] GC(528)   Pre Evacuate Collection Set: 0.2ms
[2024-08-15T13:11:56.342+0000][2612.287s][info][gc,phases   ] GC(528)   Merge Heap Roots: 0.3ms
[2024-08-15T13:11:56.342+0000][2612.287s][info][gc,phases   ] GC(528)   Evacuate Collection Set: 54.5ms
[2024-08-15T13:11:56.342+0000][2612.287s][info][gc,phases   ] GC(528)   Post Evacuate Collection Set: 2.1ms
[2024-08-15T13:11:56.342+0000][2612.287s][info][gc,phases   ] GC(528)   Other: 0.2ms
[2024-08-15T13:11:56.342+0000][2612.287s][info][gc,heap     ] GC(528) Eden regions: 55->0(70)
[2024-08-15T13:11:56.342+0000][2612.287s][info][gc,heap     ] GC(528) Survivor regions: 21->6(10)
[2024-08-15T13:11:56.342+0000][2612.287s][info][gc,heap     ] GC(528) Old regions: 653->516
[2024-08-15T13:11:56.342+0000][2612.287s][info][gc,heap     ] GC(528) Archive regions: 2->2
[2024-08-15T13:11:56.342+0000][2612.287s][info][gc,heap     ] GC(528) Humongous regions: 5->5
[2024-08-15T13:11:56.342+0000][2612.287s][info][gc,metaspace] GC(528) Metaspace: 439668K(445952K)->439668K(445952K) NonClass: 384711K(388288K)->384711K(388288K) Class: 54957K(57664K)->54957K(57664K)
[2024-08-15T13:11:56.342+0000][2612.287s][info][gc          ] GC(528) Pause Young (Mixed) (G1 Evacuation Pause) 5870M->4215M(12288M) 57.386ms
[2024-08-15T13:11:56.343+0000][2612.287s][info][gc,cpu      ] GC(528) User=0.34s Sys=0.00s Real=0.05s
[2024-08-15T13:11:57.096+0000][2613.041s][info][gc,start    ] GC(529) Pause Young (Mixed) (G1 Evacuation Pause)
[2024-08-15T13:11:57.096+0000][2613.041s][info][gc,task     ] GC(529) Using 6 workers of 6 for evacuation
[2024-08-15T13:11:57.251+0000][2613.195s][info][gc,phases   ] GC(529)   Pre Evacuate Collection Set: 0.2ms
[2024-08-15T13:11:57.251+0000][2613.195s][info][gc,phases   ] GC(529)   Merge Heap Roots: 0.5ms
[2024-08-15T13:11:57.251+0000][2613.195s][info][gc,phases   ] GC(529)   Evacuate Collection Set: 151.1ms
[2024-08-15T13:11:57.251+0000][2613.195s][info][gc,phases   ] GC(529)   Post Evacuate Collection Set: 2.2ms
[2024-08-15T13:11:57.251+0000][2613.195s][info][gc,phases   ] GC(529)   Other: 0.2ms
[2024-08-15T13:11:57.251+0000][2613.195s][info][gc,heap     ] GC(529) Eden regions: 70->0(70)
[2024-08-15T13:11:57.251+0000][2613.195s][info][gc,heap     ] GC(529) Survivor regions: 6->6(10)
[2024-08-15T13:11:57.251+0000][2613.195s][info][gc,heap     ] GC(529) Old regions: 516->408
[2024-08-15T13:11:57.251+0000][2613.195s][info][gc,heap     ] GC(529) Archive regions: 2->2
[2024-08-15T13:11:57.251+0000][2613.195s][info][gc,heap     ] GC(529) Humongous regions: 5->5
[2024-08-15T13:11:57.251+0000][2613.195s][info][gc,metaspace] GC(529) Metaspace: 439675K(445952K)->439675K(445952K) NonClass: 384718K(388288K)->384718K(388288K) Class: 54957K(57664K)->54957K(57664K)
[2024-08-15T13:11:57.251+0000][2613.195s][info][gc          ] GC(529) Pause Young (Mixed) (G1 Evacuation Pause) 4775M->3350M(12288M) 154.321ms
[2024-08-15T13:11:57.251+0000][2613.195s][info][gc,cpu      ] GC(529) User=0.92s Sys=0.00s Real=0.15s
[2024-08-15T13:11:58.034+0000][2613.979s][info][gc,start    ] GC(530) Pause Young (Mixed) (G1 Evacuation Pause)
[2024-08-15T13:11:58.034+0000][2613.979s][info][gc,task     ] GC(530) Using 6 workers of 6 for evacuation
[2024-08-15T13:11:58.220+0000][2614.165s][info][gc,phases   ] GC(530)   Pre Evacuate Collection Set: 0.2ms
[2024-08-15T13:11:58.220+0000][2614.165s][info][gc,phases   ] GC(530)   Merge Heap Roots: 0.5ms
[2024-08-15T13:11:58.220+0000][2614.165s][info][gc,phases   ] GC(530)   Evacuate Collection Set: 182.8ms
[2024-08-15T13:11:58.220+0000][2614.165s][info][gc,phases   ] GC(530)   Post Evacuate Collection Set: 2.2ms
[2024-08-15T13:11:58.220+0000][2614.165s][info][gc,phases   ] GC(530)   Other: 0.2ms
[2024-08-15T13:11:58.220+0000][2614.165s][info][gc,heap     ] GC(530) Eden regions: 70->0(803)
[2024-08-15T13:11:58.220+0000][2614.165s][info][gc,heap     ] GC(530) Survivor regions: 6->6(10)
[2024-08-15T13:11:58.220+0000][2614.165s][info][gc,heap     ] GC(530) Old regions: 408->398
[2024-08-15T13:11:58.220+0000][2614.165s][info][gc,heap     ] GC(530) Archive regions: 2->2
[2024-08-15T13:11:58.220+0000][2614.165s][info][gc,heap     ] GC(530) Humongous regions: 5->5
[2024-08-15T13:11:58.220+0000][2614.165s][info][gc,metaspace] GC(530) Metaspace: 439675K(445952K)->439675K(445952K) NonClass: 384718K(388288K)->384718K(388288K) Class: 54957K(57664K)->54957K(57664K)
[2024-08-15T13:11:58.220+0000][2614.165s][info][gc          ] GC(530) Pause Young (Mixed) (G1 Evacuation Pause) 3910M->3273M(12288M) 185.916ms
[2024-08-15T13:11:58.220+0000][2614.165s][info][gc,cpu      ] GC(530) User=1.11s Sys=0.00s Real=0.19s
[2024-08-15T13:12:05.180+0000][2621.125s][info][gc,start    ] GC(531) Pause Young (Normal) (G1 Evacuation Pause)
[2024-08-15T13:12:05.180+0000][2621.125s][info][gc,task     ] GC(531) Using 6 workers of 6 for evacuation
[2024-08-15T13:12:05.203+0000][2621.148s][info][gc,phases   ] GC(531)   Pre Evacuate Collection Set: 0.2ms
[2024-08-15T13:12:05.203+0000][2621.148s][info][gc,phases   ] GC(531)   Merge Heap Roots: 0.3ms
[2024-08-15T13:12:05.203+0000][2621.148s][info][gc,phases   ] GC(531)   Evacuate Collection Set: 20.0ms
[2024-08-15T13:12:05.203+0000][2621.148s][info][gc,phases   ] GC(531)   Post Evacuate Collection Set: 2.3ms
[2024-08-15T13:12:05.203+0000][2621.148s][info][gc,phases   ] GC(531)   Other: 0.2ms
[2024-08-15T13:12:05.203+0000][2621.148s][info][gc,heap     ] GC(531) Eden regions: 803->0(803)
[2024-08-15T13:12:05.203+0000][2621.148s][info][gc,heap     ] GC(531) Survivor regions: 6->7(102)
[2024-08-15T13:12:05.203+0000][2621.148s][info][gc,heap     ] GC(531) Old regions: 398->398
[2024-08-15T13:12:05.203+0000][2621.148s][info][gc,heap     ] GC(531) Archive regions: 2->2
[2024-08-15T13:12:05.203+0000][2621.148s][info][gc,heap     ] GC(531) Humongous regions: 5->5
[2024-08-15T13:12:05.203+0000][2621.148s][info][gc,metaspace] GC(531) Metaspace: 439682K(445952K)->439682K(445952K) NonClass: 384724K(388288K)->384724K(388288K) Class: 54957K(57664K)->54957K(57664K)
[2024-08-15T13:12:05.203+0000][2621.148s][info][gc          ] GC(531) Pause Young (Normal) (G1 Evacuation Pause) 9697M->3282M(12288M) 22.970ms
[2024-08-15T13:12:05.203+0000][2621.148s][info][gc,cpu      ] GC(531) User=0.14s Sys=0.00s Real=0.03s
[2024-08-15T13:12:11.452+0000][2627.397s][info][gc,start    ] GC(532) Pause Young (Normal) (G1 Evacuation Pause)
[2024-08-15T13:12:11.452+0000][2627.397s][info][gc,task     ] GC(532) Using 6 workers of 6 for evacuation
[2024-08-15T13:12:11.478+0000][2627.422s][info][gc,phases   ] GC(532)   Pre Evacuate Collection Set: 0.2ms
[2024-08-15T13:12:11.478+0000][2627.422s][info][gc,phases   ] GC(532)   Merge Heap Roots: 0.2ms
[2024-08-15T13:12:11.478+0000][2627.422s][info][gc,phases   ] GC(532)   Evacuate Collection Set: 22.8ms
[2024-08-15T13:12:11.478+0000][2627.422s][info][gc,phases   ] GC(532)   Post Evacuate Collection Set: 2.2ms
[2024-08-15T13:12:11.478+0000][2627.422s][info][gc,phases   ] GC(532)   Other: 0.2ms
[2024-08-15T13:12:11.478+0000][2627.422s][info][gc,heap     ] GC(532) Eden regions: 803->0(802)
[2024-08-15T13:12:11.478+0000][2627.422s][info][gc,heap     ] GC(532) Survivor regions: 7->9(102)
[2024-08-15T13:12:11.478+0000][2627.422s][info][gc,heap     ] GC(532) Old regions: 398->398
[2024-08-15T13:12:11.478+0000][2627.422s][info][gc,heap     ] GC(532) Archive regions: 2->2
[2024-08-15T13:12:11.478+0000][2627.422s][info][gc,heap     ] GC(532) Humongous regions: 5->5
[2024-08-15T13:12:11.478+0000][2627.422s][info][gc,metaspace] GC(532) Metaspace: 439690K(446016K)->439690K(446016K) NonClass: 384732K(388352K)->384732K(388352K) Class: 54957K(57664K)->54957K(57664K)
[2024-08-15T13:12:11.478+0000][2627.422s][info][gc          ] GC(532) Pause Young (Normal) (G1 Evacuation Pause) 9706M->3300M(12288M) 25.734ms
[2024-08-15T13:12:11.478+0000][2627.422s][info][gc,cpu      ] GC(532) User=0.15s Sys=0.00s Real=0.03s
[2024-08-15T13:12:20.380+0000][2636.325s][info][gc,start    ] GC(533) Pause Young (Concurrent Start) (G1 Evacuation Pause)
[2024-08-15T13:12:20.380+0000][2636.325s][info][gc,task     ] GC(533) Using 6 workers of 6 for evacuation
[2024-08-15T13:12:20.413+0000][2636.357s][info][gc,phases   ] GC(533)   Pre Evacuate Collection Set: 0.6ms
[2024-08-15T13:12:20.413+0000][2636.358s][info][gc,phases   ] GC(533)   Merge Heap Roots: 0.2ms
[2024-08-15T13:12:20.413+0000][2636.358s][info][gc,phases   ] GC(533)   Evacuate Collection Set: 29.2ms
[2024-08-15T13:12:20.413+0000][2636.358s][info][gc,phases   ] GC(533)   Post Evacuate Collection Set: 2.2ms
[2024-08-15T13:12:20.413+0000][2636.358s][info][gc,phases   ] GC(533)   Other: 0.3ms
[2024-08-15T13:12:20.413+0000][2636.358s][info][gc,heap     ] GC(533) Eden regions: 802->0(797)
[2024-08-15T13:12:20.413+0000][2636.358s][info][gc,heap     ] GC(533) Survivor regions: 9->13(102)
[2024-08-15T13:12:20.413+0000][2636.358s][info][gc,heap     ] GC(533) Old regions: 398->398
[2024-08-15T13:12:20.413+0000][2636.358s][info][gc,heap     ] GC(533) Archive regions: 2->2
[2024-08-15T13:12:20.413+0000][2636.358s][info][gc,heap     ] GC(533) Humongous regions: 5->5
[2024-08-15T13:12:20.413+0000][2636.358s][info][gc,metaspace] GC(533) Metaspace: 439695K(446016K)->439695K(446016K) NonClass: 384738K(388352K)->384738K(388352K) Class: 54957K(57664K)->54957K(57664K)
[2024-08-15T13:12:20.413+0000][2636.358s][info][gc          ] GC(533) Pause Young (Concurrent Start) (G1 Evacuation Pause) 9716M->3329M(12288M) 32.599ms
[2024-08-15T13:12:20.413+0000][2636.358s][info][gc,cpu      ] GC(533) User=0.19s Sys=0.00s Real=0.03s
[2024-08-15T13:12:20.413+0000][2636.358s][info][gc          ] GC(534) Concurrent Mark Cycle
[2024-08-15T13:12:20.413+0000][2636.358s][info][gc,marking  ] GC(534) Concurrent Clear Claimed Marks
[2024-08-15T13:12:20.414+0000][2636.358s][info][gc,marking  ] GC(534) Concurrent Clear Claimed Marks 0.434ms
[2024-08-15T13:12:20.414+0000][2636.358s][info][gc,marking  ] GC(534) Concurrent Scan Root Regions
[2024-08-15T13:12:20.437+0000][2636.382s][info][gc,marking  ] GC(534) Concurrent Scan Root Regions 23.910ms
[2024-08-15T13:12:20.437+0000][2636.382s][info][gc,marking  ] GC(534) Concurrent Mark
[2024-08-15T13:12:20.437+0000][2636.382s][info][gc,marking  ] GC(534) Concurrent Mark From Roots
[2024-08-15T13:12:20.438+0000][2636.382s][info][gc,task     ] GC(534) Using 2 workers of 2 for marking
[2024-08-15T13:12:22.754+0000][2638.698s][info][gc,marking  ] GC(534) Concurrent Mark From Roots 2316.048ms
[2024-08-15T13:12:22.754+0000][2638.698s][info][gc,marking  ] GC(534) Concurrent Preclean
[2024-08-15T13:12:22.755+0000][2638.700s][info][gc,marking  ] GC(534) Concurrent Preclean 1.373ms
[2024-08-15T13:12:22.755+0000][2638.700s][info][gc,start    ] GC(534) Pause Remark
[2024-08-15T13:12:22.779+0000][2638.724s][info][gc          ] GC(534) Pause Remark 4885M->4885M(12288M) 24.115ms
[2024-08-15T13:12:22.779+0000][2638.724s][info][gc,cpu      ] GC(534) User=0.10s Sys=0.00s Real=0.02s
[2024-08-15T13:12:22.779+0000][2638.724s][info][gc,marking  ] GC(534) Concurrent Mark 2342.005ms
[2024-08-15T13:12:22.780+0000][2638.724s][info][gc,marking  ] GC(534) Concurrent Rebuild Remembered Sets
[2024-08-15T13:12:24.317+0000][2640.262s][info][gc,marking  ] GC(534) Concurrent Rebuild Remembered Sets 1537.738ms
[2024-08-15T13:12:24.317+0000][2640.262s][info][gc,start    ] GC(534) Pause Cleanup
[2024-08-15T13:12:24.318+0000][2640.263s][info][gc          ] GC(534) Pause Cleanup 5945M->5945M(12288M) 0.763ms
[2024-08-15T13:12:24.318+0000][2640.263s][info][gc,cpu      ] GC(534) User=0.00s Sys=0.00s Real=0.00s
[2024-08-15T13:12:24.318+0000][2640.263s][info][gc,marking  ] GC(534) Concurrent Cleanup for Next Mark
[2024-08-15T13:12:24.347+0000][2640.291s][info][gc,marking  ] GC(534) Concurrent Cleanup for Next Mark 28.433ms
[2024-08-15T13:12:24.347+0000][2640.291s][info][gc          ] GC(534) Concurrent Mark Cycle 3933.713ms
[2024-08-15T13:12:29.544+0000][2645.488s][info][gc,start    ] GC(535) Pause Young (Prepare Mixed) (G1 Evacuation Pause)
[2024-08-15T13:12:29.544+0000][2645.488s][info][gc,task     ] GC(535) Using 6 workers of 6 for evacuation
[2024-08-15T13:12:29.579+0000][2645.523s][info][gc,phases   ] GC(535)   Pre Evacuate Collection Set: 0.2ms
[2024-08-15T13:12:29.579+0000][2645.523s][info][gc,phases   ] GC(535)   Merge Heap Roots: 0.3ms
[2024-08-15T13:12:29.579+0000][2645.523s][info][gc,phases   ] GC(535)   Evacuate Collection Set: 32.1ms
[2024-08-15T13:12:29.579+0000][2645.523s][info][gc,phases   ] GC(535)   Post Evacuate Collection Set: 2.2ms
[2024-08-15T13:12:29.579+0000][2645.523s][info][gc,phases   ] GC(535)   Other: 0.2ms
[2024-08-15T13:12:29.579+0000][2645.523s][info][gc,heap     ] GC(535) Eden regions: 797->0(60)
[2024-08-15T13:12:29.579+0000][2645.523s][info][gc,heap     ] GC(535) Survivor regions: 13->16(102)
[2024-08-15T13:12:29.579+0000][2645.523s][info][gc,heap     ] GC(535) Old regions: 398->398
[2024-08-15T13:12:29.579+0000][2645.523s][info][gc,heap     ] GC(535) Archive regions: 2->2
[2024-08-15T13:12:29.579+0000][2645.523s][info][gc,heap     ] GC(535) Humongous regions: 5->5
[2024-08-15T13:12:29.579+0000][2645.523s][info][gc,metaspace] GC(535) Metaspace: 439706K(446016K)->439706K(446016K) NonClass: 384748K(388352K)->384748K(388352K) Class: 54957K(57664K)->54957K(57664K)
[2024-08-15T13:12:29.579+0000][2645.523s][info][gc          ] GC(535) Pause Young (Prepare Mixed) (G1 Evacuation Pause) 9705M->3356M(12288M) 35.117ms
[2024-08-15T13:12:29.579+0000][2645.523s][info][gc,cpu      ] GC(535) User=0.20s Sys=0.01s Real=0.03s
[2024-08-15T13:12:30.269+0000][2646.214s][info][gc,start    ] GC(536) Pause Young (Mixed) (G1 Evacuation Pause)
[2024-08-15T13:12:30.269+0000][2646.214s][info][gc,task     ] GC(536) Using 6 workers of 6 for evacuation
[2024-08-15T13:12:30.372+0000][2646.316s][info][gc,phases   ] GC(536)   Pre Evacuate Collection Set: 0.2ms
[2024-08-15T13:12:30.372+0000][2646.316s][info][gc,phases   ] GC(536)   Merge Heap Roots: 0.3ms
[2024-08-15T13:12:30.372+0000][2646.316s][info][gc,phases   ] GC(536)   Evacuate Collection Set: 100.2ms
[2024-08-15T13:12:30.372+0000][2646.316s][info][gc,phases   ] GC(536)   Post Evacuate Collection Set: 2.0ms
[2024-08-15T13:12:30.372+0000][2646.316s][info][gc,phases   ] GC(536)   Other: 0.2ms
[2024-08-15T13:12:30.372+0000][2646.316s][info][gc,heap     ] GC(536) Eden regions: 60->0(809)
[2024-08-15T13:12:30.372+0000][2646.316s][info][gc,heap     ] GC(536) Survivor regions: 16->6(10)
[2024-08-15T13:12:30.372+0000][2646.316s][info][gc,heap     ] GC(536) Old regions: 398->392
[2024-08-15T13:12:30.372+0000][2646.316s][info][gc,heap     ] GC(536) Archive regions: 2->2
[2024-08-15T13:12:30.372+0000][2646.316s][info][gc,heap     ] GC(536) Humongous regions: 5->5
[2024-08-15T13:12:30.372+0000][2646.316s][info][gc,metaspace] GC(536) Metaspace: 439706K(446016K)->439706K(446016K) NonClass: 384748K(388352K)->384748K(388352K) Class: 54957K(57664K)->54957K(57664K)
[2024-08-15T13:12:30.372+0000][2646.316s][info][gc          ] GC(536) Pause Young (Mixed) (G1 Evacuation Pause) 3836M->3223M(12288M) 102.938ms
[2024-08-15T13:12:30.372+0000][2646.317s][info][gc,cpu      ] GC(536) User=0.58s Sys=0.00s Real=0.10s
[2024-08-15T13:12:39.224+0000][2655.169s][info][gc,start    ] GC(537) Pause Young (Normal) (G1 Evacuation Pause)
[2024-08-15T13:12:39.224+0000][2655.169s][info][gc,task     ] GC(537) Using 6 workers of 6 for evacuation
[2024-08-15T13:12:39.246+0000][2655.191s][info][gc,phases   ] GC(537)   Pre Evacuate Collection Set: 0.2ms
[2024-08-15T13:12:39.246+0000][2655.191s][info][gc,phases   ] GC(537)   Merge Heap Roots: 0.3ms
[2024-08-15T13:12:39.246+0000][2655.191s][info][gc,phases   ] GC(537)   Evacuate Collection Set: 19.1ms
[2024-08-15T13:12:39.246+0000][2655.191s][info][gc,phases   ] GC(537)   Post Evacuate Collection Set: 2.2ms
[2024-08-15T13:12:39.246+0000][2655.191s][info][gc,phases   ] GC(537)   Other: 0.2ms
[2024-08-15T13:12:39.246+0000][2655.191s][info][gc,heap     ] GC(537) Eden regions: 809->0(806)
[2024-08-15T13:12:39.246+0000][2655.191s][info][gc,heap     ] GC(537) Survivor regions: 6->9(102)
[2024-08-15T13:12:39.246+0000][2655.191s][info][gc,heap     ] GC(537) Old regions: 392->392
[2024-08-15T13:12:39.246+0000][2655.191s][info][gc,heap     ] GC(537) Archive regions: 2->2
[2024-08-15T13:12:39.246+0000][2655.191s][info][gc,heap     ] GC(537) Humongous regions: 5->5
[2024-08-15T13:12:39.246+0000][2655.191s][info][gc,metaspace] GC(537) Metaspace: 439708K(446016K)->439708K(446016K) NonClass: 384751K(388352K)->384751K(388352K) Class: 54957K(57664K)->54957K(57664K)
[2024-08-15T13:12:39.246+0000][2655.191s][info][gc          ] GC(537) Pause Young (Normal) (G1 Evacuation Pause) 9695M->3242M(12288M) 21.915ms
[2024-08-15T13:12:39.246+0000][2655.191s][info][gc,cpu      ] GC(537) User=0.13s Sys=0.01s Real=0.02s
[2024-08-15T13:12:47.461+0000][2663.405s][info][gc,start    ] GC(538) Pause Young (Normal) (G1 Evacuation Pause)
[2024-08-15T13:12:47.461+0000][2663.405s][info][gc,task     ] GC(538) Using 6 workers of 6 for evacuation
[2024-08-15T13:12:47.485+0000][2663.430s][info][gc,phases   ] GC(538)   Pre Evacuate Collection Set: 0.2ms
[2024-08-15T13:12:47.485+0000][2663.430s][info][gc,phases   ] GC(538)   Merge Heap Roots: 0.2ms
[2024-08-15T13:12:47.485+0000][2663.430s][info][gc,phases   ] GC(538)   Evacuate Collection Set: 21.5ms
[2024-08-15T13:12:47.485+0000][2663.430s][info][gc,phases   ] GC(538)   Post Evacuate Collection Set: 2.3ms
[2024-08-15T13:12:47.485+0000][2663.430s][info][gc,phases   ] GC(538)   Other: 0.2ms
[2024-08-15T13:12:47.485+0000][2663.430s][info][gc,heap     ] GC(538) Eden regions: 806->0(808)
[2024-08-15T13:12:47.485+0000][2663.430s][info][gc,heap     ] GC(538) Survivor regions: 9->8(102)
[2024-08-15T13:12:47.485+0000][2663.430s][info][gc,heap     ] GC(538) Old regions: 392->392
[2024-08-15T13:12:47.485+0000][2663.430s][info][gc,heap     ] GC(538) Archive regions: 2->2
[2024-08-15T13:12:47.485+0000][2663.430s][info][gc,heap     ] GC(538) Humongous regions: 5->5
[2024-08-15T13:12:47.485+0000][2663.430s][info][gc,metaspace] GC(538) Metaspace: 439719K(446016K)->439719K(446016K) NonClass: 384760K(388352K)->384760K(388352K) Class: 54959K(57664K)->54959K(57664K)
[2024-08-15T13:12:47.485+0000][2663.430s][info][gc          ] GC(538) Pause Young (Normal) (G1 Evacuation Pause) 9690M->3239M(12288M) 24.565ms
[2024-08-15T13:12:47.485+0000][2663.430s][info][gc,cpu      ] GC(538) User=0.14s Sys=0.00s Real=0.03s
[2024-08-15T13:12:56.264+0000][2672.209s][info][gc,start    ] GC(539) Pause Young (Concurrent Start) (G1 Evacuation Pause)
[2024-08-15T13:12:56.265+0000][2672.209s][info][gc,task     ] GC(539) Using 6 workers of 6 for evacuation
[2024-08-15T13:12:56.295+0000][2672.240s][info][gc,phases   ] GC(539)   Pre Evacuate Collection Set: 0.6ms
[2024-08-15T13:12:56.295+0000][2672.240s][info][gc,phases   ] GC(539)   Merge Heap Roots: 0.3ms
[2024-08-15T13:12:56.295+0000][2672.240s][info][gc,phases   ] GC(539)   Evacuate Collection Set: 27.1ms
[2024-08-15T13:12:56.295+0000][2672.240s][info][gc,phases   ] GC(539)   Post Evacuate Collection Set: 2.2ms
[2024-08-15T13:12:56.295+0000][2672.240s][info][gc,phases   ] GC(539)   Other: 0.3ms
[2024-08-15T13:12:56.295+0000][2672.240s][info][gc,heap     ] GC(539) Eden regions: 808->0(804)
[2024-08-15T13:12:56.295+0000][2672.240s][info][gc,heap     ] GC(539) Survivor regions: 8->12(102)
[2024-08-15T13:12:56.295+0000][2672.240s][info][gc,heap     ] GC(539) Old regions: 392->392
[2024-08-15T13:12:56.295+0000][2672.240s][info][gc,heap     ] GC(539) Archive regions: 2->2
[2024-08-15T13:12:56.295+0000][2672.240s][info][gc,heap     ] GC(539) Humongous regions: 5->5
[2024-08-15T13:12:56.295+0000][2672.240s][info][gc,metaspace] GC(539) Metaspace: 439719K(446016K)->439719K(446016K) NonClass: 384760K(388352K)->384760K(388352K) Class: 54959K(57664K)->54959K(57664K)
[2024-08-15T13:12:56.295+0000][2672.240s][info][gc          ] GC(539) Pause Young (Concurrent Start) (G1 Evacuation Pause) 9703M->3265M(12288M) 30.573ms
[2024-08-15T13:12:56.295+0000][2672.240s][info][gc,cpu      ] GC(539) User=0.17s Sys=0.00s Real=0.03s
[2024-08-15T13:12:56.295+0000][2672.240s][info][gc          ] GC(540) Concurrent Mark Cycle
[2024-08-15T13:12:56.295+0000][2672.240s][info][gc,marking  ] GC(540) Concurrent Clear Claimed Marks
[2024-08-15T13:12:56.296+0000][2672.240s][info][gc,marking  ] GC(540) Concurrent Clear Claimed Marks 0.424ms
[2024-08-15T13:12:56.296+0000][2672.240s][info][gc,marking  ] GC(540) Concurrent Scan Root Regions
[2024-08-15T13:12:56.326+0000][2672.270s][info][gc,marking  ] GC(540) Concurrent Scan Root Regions 29.975ms
[2024-08-15T13:12:56.326+0000][2672.270s][info][gc,marking  ] GC(540) Concurrent Mark
[2024-08-15T13:12:56.326+0000][2672.270s][info][gc,marking  ] GC(540) Concurrent Mark From Roots
[2024-08-15T13:12:56.326+0000][2672.270s][info][gc,task     ] GC(540) Using 2 workers of 2 for marking
[2024-08-15T13:12:58.660+0000][2674.604s][info][gc,marking  ] GC(540) Concurrent Mark From Roots 2334.065ms
[2024-08-15T13:12:58.660+0000][2674.604s][info][gc,marking  ] GC(540) Concurrent Preclean
[2024-08-15T13:12:58.661+0000][2674.606s][info][gc,marking  ] GC(540) Concurrent Preclean 1.603ms
[2024-08-15T13:12:58.662+0000][2674.606s][info][gc,start    ] GC(540) Pause Remark
[2024-08-15T13:12:58.685+0000][2674.630s][info][gc          ] GC(540) Pause Remark 4853M->4853M(12288M) 23.436ms
[2024-08-15T13:12:58.685+0000][2674.630s][info][gc,cpu      ] GC(540) User=0.10s Sys=0.00s Real=0.03s
[2024-08-15T13:12:58.685+0000][2674.630s][info][gc,marking  ] GC(540) Concurrent Mark 2359.700ms
[2024-08-15T13:12:58.685+0000][2674.630s][info][gc,marking  ] GC(540) Concurrent Rebuild Remembered Sets
[2024-08-15T13:13:00.069+0000][2676.013s][info][gc,marking  ] GC(540) Concurrent Rebuild Remembered Sets 1383.467ms
[2024-08-15T13:13:00.069+0000][2676.014s][info][gc,start    ] GC(540) Pause Cleanup
[2024-08-15T13:13:00.070+0000][2676.014s][info][gc          ] GC(540) Pause Cleanup 5817M->5817M(12288M) 0.752ms
[2024-08-15T13:13:00.070+0000][2676.014s][info][gc,cpu      ] GC(540) User=0.00s Sys=0.00s Real=0.00s
[2024-08-15T13:13:00.070+0000][2676.015s][info][gc,marking  ] GC(540) Concurrent Cleanup for Next Mark
[2024-08-15T13:13:00.087+0000][2676.032s][info][gc,marking  ] GC(540) Concurrent Cleanup for Next Mark 17.265ms
[2024-08-15T13:13:00.087+0000][2676.032s][info][gc          ] GC(540) Concurrent Mark Cycle 3792.090ms
[2024-08-15T13:13:05.316+0000][2681.261s][info][gc,start    ] GC(541) Pause Young (Prepare Mixed) (G1 Evacuation Pause)
[2024-08-15T13:13:05.316+0000][2681.261s][info][gc,task     ] GC(541) Using 6 workers of 6 for evacuation
[2024-08-15T13:13:05.354+0000][2681.299s][info][gc,phases   ] GC(541)   Pre Evacuate Collection Set: 0.2ms
[2024-08-15T13:13:05.354+0000][2681.299s][info][gc,phases   ] GC(541)   Merge Heap Roots: 0.3ms
[2024-08-15T13:13:05.354+0000][2681.299s][info][gc,phases   ] GC(541)   Evacuate Collection Set: 35.3ms
[2024-08-15T13:13:05.354+0000][2681.299s][info][gc,phases   ] GC(541)   Post Evacuate Collection Set: 2.2ms
[2024-08-15T13:13:05.354+0000][2681.299s][info][gc,phases   ] GC(541)   Other: 0.2ms
[2024-08-15T13:13:05.355+0000][2681.299s][info][gc,heap     ] GC(541) Eden regions: 804->0(61)
[2024-08-15T13:13:05.355+0000][2681.299s][info][gc,heap     ] GC(541) Survivor regions: 12->15(102)
[2024-08-15T13:13:05.355+0000][2681.299s][info][gc,heap     ] GC(541) Old regions: 392->392
[2024-08-15T13:13:05.355+0000][2681.299s][info][gc,heap     ] GC(541) Archive regions: 2->2
[2024-08-15T13:13:05.355+0000][2681.299s][info][gc,heap     ] GC(541) Humongous regions: 5->5
[2024-08-15T13:13:05.355+0000][2681.299s][info][gc,metaspace] GC(541) Metaspace: 439727K(446016K)->439727K(446016K) NonClass: 384768K(388352K)->384768K(388352K) Class: 54959K(57664K)->54959K(57664K)
[2024-08-15T13:13:05.355+0000][2681.299s][info][gc          ] GC(541) Pause Young (Prepare Mixed) (G1 Evacuation Pause) 9697M->3289M(12288M) 38.321ms
[2024-08-15T13:13:05.355+0000][2681.299s][info][gc,cpu      ] GC(541) User=0.22s Sys=0.00s Real=0.03s
[2024-08-15T13:13:06.015+0000][2681.960s][info][gc,start    ] GC(542) Pause Young (Mixed) (G1 Evacuation Pause)
[2024-08-15T13:13:06.015+0000][2681.960s][info][gc,task     ] GC(542) Using 6 workers of 6 for evacuation
[2024-08-15T13:13:06.091+0000][2682.036s][info][gc,phases   ] GC(542)   Pre Evacuate Collection Set: 0.2ms
[2024-08-15T13:13:06.091+0000][2682.036s][info][gc,phases   ] GC(542)   Merge Heap Roots: 0.3ms
[2024-08-15T13:13:06.091+0000][2682.036s][info][gc,phases   ] GC(542)   Evacuate Collection Set: 73.8ms
[2024-08-15T13:13:06.091+0000][2682.036s][info][gc,phases   ] GC(542)   Post Evacuate Collection Set: 1.8ms
[2024-08-15T13:13:06.091+0000][2682.036s][info][gc,phases   ] GC(542)   Other: 0.2ms
[2024-08-15T13:13:06.091+0000][2682.036s][info][gc,heap     ] GC(542) Eden regions: 61->0(817)
[2024-08-15T13:13:06.091+0000][2682.036s][info][gc,heap     ] GC(542) Survivor regions: 15->5(10)
[2024-08-15T13:13:06.091+0000][2682.036s][info][gc,heap     ] GC(542) Old regions: 392->386
[2024-08-15T13:13:06.091+0000][2682.036s][info][gc,heap     ] GC(542) Archive regions: 2->2
[2024-08-15T13:13:06.091+0000][2682.036s][info][gc,heap     ] GC(542) Humongous regions: 5->5
[2024-08-15T13:13:06.091+0000][2682.036s][info][gc,metaspace] GC(542) Metaspace: 439727K(446016K)->439727K(446016K) NonClass: 384768K(388352K)->384768K(388352K) Class: 54959K(57664K)->54959K(57664K)
[2024-08-15T13:13:06.091+0000][2682.036s][info][gc          ] GC(542) Pause Young (Mixed) (G1 Evacuation Pause) 3777M->3170M(12288M) 76.309ms
[2024-08-15T13:13:06.092+0000][2682.036s][info][gc,cpu      ] GC(542) User=0.45s Sys=0.00s Real=0.07s
[2024-08-15T13:13:14.963+0000][2690.908s][info][gc,start    ] GC(543) Pause Young (Normal) (G1 Evacuation Pause)
[2024-08-15T13:13:14.963+0000][2690.908s][info][gc,task     ] GC(543) Using 6 workers of 6 for evacuation
[2024-08-15T13:13:14.984+0000][2690.929s][info][gc,phases   ] GC(543)   Pre Evacuate Collection Set: 0.2ms
[2024-08-15T13:13:14.984+0000][2690.929s][info][gc,phases   ] GC(543)   Merge Heap Roots: 0.3ms
[2024-08-15T13:13:14.984+0000][2690.929s][info][gc,phases   ] GC(543)   Evacuate Collection Set: 18.4ms
[2024-08-15T13:13:14.984+0000][2690.929s][info][gc,phases   ] GC(543)   Post Evacuate Collection Set: 2.2ms
[2024-08-15T13:13:14.984+0000][2690.929s][info][gc,phases   ] GC(543)   Other: 0.2ms
[2024-08-15T13:13:14.984+0000][2690.929s][info][gc,heap     ] GC(543) Eden regions: 817->0(813)
[2024-08-15T13:13:14.984+0000][2690.929s][info][gc,heap     ] GC(543) Survivor regions: 5->8(103)
[2024-08-15T13:13:14.984+0000][2690.929s][info][gc,heap     ] GC(543) Old regions: 386->386
[2024-08-15T13:13:14.984+0000][2690.929s][info][gc,heap     ] GC(543) Archive regions: 2->2
[2024-08-15T13:13:14.984+0000][2690.929s][info][gc,heap     ] GC(543) Humongous regions: 5->5
[2024-08-15T13:13:14.984+0000][2690.929s][info][gc,metaspace] GC(543) Metaspace: 439728K(446016K)->439728K(446016K) NonClass: 384768K(388352K)->384768K(388352K) Class: 54959K(57664K)->54959K(57664K)
[2024-08-15T13:13:14.984+0000][2690.929s][info][gc          ] GC(543) Pause Young (Normal) (G1 Evacuation Pause) 9706M->3194M(12288M) 21.288ms
[2024-08-15T13:13:14.984+0000][2690.929s][info][gc,cpu      ] GC(543) User=0.13s Sys=0.00s Real=0.02s
[2024-08-15T13:13:22.367+0000][2698.312s][info][gc,start    ] GC(544) Pause Young (Normal) (G1 Evacuation Pause)
[2024-08-15T13:13:22.367+0000][2698.312s][info][gc,task     ] GC(544) Using 6 workers of 6 for evacuation
[2024-08-15T13:13:22.402+0000][2698.347s][info][gc,phases   ] GC(544)   Pre Evacuate Collection Set: 0.2ms
[2024-08-15T13:13:22.402+0000][2698.347s][info][gc,phases   ] GC(544)   Merge Heap Roots: 0.3ms
[2024-08-15T13:13:22.402+0000][2698.347s][info][gc,phases   ] GC(544)   Evacuate Collection Set: 28.7ms
[2024-08-15T13:13:22.402+0000][2698.347s][info][gc,phases   ] GC(544)   Post Evacuate Collection Set: 5.3ms
[2024-08-15T13:13:22.402+0000][2698.347s][info][gc,phases   ] GC(544)   Other: 0.2ms
[2024-08-15T13:13:22.402+0000][2698.347s][info][gc,heap     ] GC(544) Eden regions: 813->0(809)
[2024-08-15T13:13:22.402+0000][2698.347s][info][gc,heap     ] GC(544) Survivor regions: 8->12(103)
[2024-08-15T13:13:22.402+0000][2698.347s][info][gc,heap     ] GC(544) Old regions: 386->386
[2024-08-15T13:13:22.402+0000][2698.347s][info][gc,heap     ] GC(544) Archive regions: 2->2
[2024-08-15T13:13:22.402+0000][2698.347s][info][gc,heap     ] GC(544) Humongous regions: 5->5
[2024-08-15T13:13:22.402+0000][2698.347s][info][gc,metaspace] GC(544) Metaspace: 439728K(446016K)->439728K(446016K) NonClass: 384768K(388352K)->384768K(388352K) Class: 54959K(57664K)->54959K(57664K)
[2024-08-15T13:13:22.402+0000][2698.347s][info][gc          ] GC(544) Pause Young (Normal) (G1 Evacuation Pause) 9698M->3226M(12288M) 34.715ms
[2024-08-15T13:13:22.402+0000][2698.347s][info][gc,cpu      ] GC(544) User=0.20s Sys=0.00s Real=0.03s
[2024-08-15T13:13:25.113+0000][2701.058s][info][gc,start    ] GC(545) Pause Young (Concurrent Start) (G1 Evacuation Pause)
[2024-08-15T13:13:25.113+0000][2701.058s][info][gc,task     ] GC(545) Using 6 workers of 6 for evacuation
[2024-08-15T13:13:25.202+0000][2701.146s][info][gc,phases   ] GC(545)   Pre Evacuate Collection Set: 0.6ms
[2024-08-15T13:13:25.202+0000][2701.146s][info][gc,phases   ] GC(545)   Merge Heap Roots: 0.3ms
[2024-08-15T13:13:25.202+0000][2701.146s][info][gc,phases   ] GC(545)   Evacuate Collection Set: 68.2ms
[2024-08-15T13:13:25.202+0000][2701.146s][info][gc,phases   ] GC(545)   Post Evacuate Collection Set: 19.3ms
[2024-08-15T13:13:25.202+0000][2701.146s][info][gc,phases   ] GC(545)   Other: 0.3ms
[2024-08-15T13:13:25.202+0000][2701.146s][info][gc,heap     ] GC(545) Eden regions: 809->0(799)
[2024-08-15T13:13:25.202+0000][2701.146s][info][gc,heap     ] GC(545) Survivor regions: 12->18(103)
[2024-08-15T13:13:25.202+0000][2701.146s][info][gc,heap     ] GC(545) Old regions: 386->386
[2024-08-15T13:13:25.202+0000][2701.146s][info][gc,heap     ] GC(545) Archive regions: 2->2
[2024-08-15T13:13:25.202+0000][2701.146s][info][gc,heap     ] GC(545) Humongous regions: 5->5
[2024-08-15T13:13:25.202+0000][2701.146s][info][gc,metaspace] GC(545) Metaspace: 439728K(446016K)->439728K(446016K) NonClass: 384768K(388352K)->384768K(388352K) Class: 54959K(57664K)->54959K(57664K)
[2024-08-15T13:13:25.202+0000][2701.146s][info][gc          ] GC(545) Pause Young (Concurrent Start) (G1 Evacuation Pause) 9698M->3274M(12288M) 88.805ms
[2024-08-15T13:13:25.202+0000][2701.146s][info][gc,cpu      ] GC(545) User=0.51s Sys=0.01s Real=0.09s
[2024-08-15T13:13:25.202+0000][2701.146s][info][gc          ] GC(546) Concurrent Mark Cycle
[2024-08-15T13:13:25.202+0000][2701.146s][info][gc,marking  ] GC(546) Concurrent Clear Claimed Marks
[2024-08-15T13:13:25.202+0000][2701.147s][info][gc,marking  ] GC(546) Concurrent Clear Claimed Marks 0.439ms
[2024-08-15T13:13:25.202+0000][2701.147s][info][gc,marking  ] GC(546) Concurrent Scan Root Regions
[2024-08-15T13:13:25.261+0000][2701.206s][info][gc,marking  ] GC(546) Concurrent Scan Root Regions 59.011ms
[2024-08-15T13:13:25.261+0000][2701.206s][info][gc,marking  ] GC(546) Concurrent Mark
[2024-08-15T13:13:25.261+0000][2701.206s][info][gc,marking  ] GC(546) Concurrent Mark From Roots
[2024-08-15T13:13:25.261+0000][2701.206s][info][gc,task     ] GC(546) Using 2 workers of 2 for marking
[2024-08-15T13:13:27.677+0000][2703.622s][info][gc,marking  ] GC(546) Concurrent Mark From Roots 2415.992ms
[2024-08-15T13:13:27.677+0000][2703.622s][info][gc,marking  ] GC(546) Concurrent Preclean
[2024-08-15T13:13:27.678+0000][2703.623s][info][gc,marking  ] GC(546) Concurrent Preclean 1.084ms
[2024-08-15T13:13:27.679+0000][2703.623s][info][gc,start    ] GC(546) Pause Remark
[2024-08-15T13:13:27.702+0000][2703.647s][info][gc          ] GC(546) Pause Remark 8370M->8370M(12288M) 23.324ms
[2024-08-15T13:13:27.702+0000][2703.647s][info][gc,cpu      ] GC(546) User=0.10s Sys=0.00s Real=0.02s
[2024-08-15T13:13:27.702+0000][2703.647s][info][gc,marking  ] GC(546) Concurrent Mark 2440.812ms
[2024-08-15T13:13:27.702+0000][2703.647s][info][gc,marking  ] GC(546) Concurrent Rebuild Remembered Sets
[2024-08-15T13:13:28.279+0000][2704.223s][info][gc,start    ] GC(547) Pause Young (Normal) (G1 Evacuation Pause)
[2024-08-15T13:13:28.279+0000][2704.223s][info][gc,task     ] GC(547) Using 6 workers of 6 for evacuation
[2024-08-15T13:13:28.383+0000][2704.328s][info][gc,phases   ] GC(547)   Pre Evacuate Collection Set: 0.2ms
[2024-08-15T13:13:28.383+0000][2704.328s][info][gc,phases   ] GC(547)   Merge Heap Roots: 0.9ms
[2024-08-15T13:13:28.383+0000][2704.328s][info][gc,phases   ] GC(547)   Evacuate Collection Set: 84.6ms
[2024-08-15T13:13:28.383+0000][2704.328s][info][gc,phases   ] GC(547)   Post Evacuate Collection Set: 18.5ms
[2024-08-15T13:13:28.383+0000][2704.328s][info][gc,phases   ] GC(547)   Other: 0.2ms
[2024-08-15T13:13:28.383+0000][2704.328s][info][gc,heap     ] GC(547) Eden regions: 799->0(789)
[2024-08-15T13:13:28.383+0000][2704.328s][info][gc,heap     ] GC(547) Survivor regions: 18->23(103)
[2024-08-15T13:13:28.383+0000][2704.328s][info][gc,heap     ] GC(547) Old regions: 386->386
[2024-08-15T13:13:28.383+0000][2704.328s][info][gc,heap     ] GC(547) Archive regions: 2->2
[2024-08-15T13:13:28.383+0000][2704.328s][info][gc,heap     ] GC(547) Humongous regions: 5->5
[2024-08-15T13:13:28.383+0000][2704.328s][info][gc,metaspace] GC(547) Metaspace: 439728K(446016K)->439728K(446016K) NonClass: 384769K(388352K)->384769K(388352K) Class: 54959K(57664K)->54959K(57664K)
[2024-08-15T13:13:28.383+0000][2704.328s][info][gc          ] GC(547) Pause Young (Normal) (G1 Evacuation Pause) 9666M->3314M(12288M) 104.505ms
[2024-08-15T13:13:28.383+0000][2704.328s][info][gc,cpu      ] GC(547) User=0.61s Sys=0.00s Real=0.11s
[2024-08-15T13:13:29.243+0000][2705.187s][info][gc,marking  ] GC(546) Concurrent Rebuild Remembered Sets 1540.528ms
[2024-08-15T13:13:29.243+0000][2705.188s][info][gc,start    ] GC(546) Pause Cleanup
[2024-08-15T13:13:29.244+0000][2705.188s][info][gc          ] GC(546) Pause Cleanup 5234M->5234M(12288M) 0.747ms
[2024-08-15T13:13:29.244+0000][2705.188s][info][gc,cpu      ] GC(546) User=0.00s Sys=0.00s Real=0.01s
[2024-08-15T13:13:29.244+0000][2705.188s][info][gc,marking  ] GC(546) Concurrent Cleanup for Next Mark
[2024-08-15T13:13:29.261+0000][2705.205s][info][gc,marking  ] GC(546) Concurrent Cleanup for Next Mark 17.019ms
[2024-08-15T13:13:29.261+0000][2705.206s][info][gc          ] GC(546) Concurrent Mark Cycle 4059.078ms
[2024-08-15T13:13:30.928+0000][2706.872s][info][gc,start    ] GC(548) Pause Young (Prepare Mixed) (G1 Evacuation Pause)
[2024-08-15T13:13:30.928+0000][2706.872s][info][gc,task     ] GC(548) Using 6 workers of 6 for evacuation
[2024-08-15T13:13:31.042+0000][2706.986s][info][gc,phases   ] GC(548)   Pre Evacuate Collection Set: 0.2ms
[2024-08-15T13:13:31.042+0000][2706.986s][info][gc,phases   ] GC(548)   Merge Heap Roots: 0.5ms
[2024-08-15T13:13:31.042+0000][2706.986s][info][gc,phases   ] GC(548)   Evacuate Collection Set: 93.6ms
[2024-08-15T13:13:31.042+0000][2706.986s][info][gc,phases   ] GC(548)   Post Evacuate Collection Set: 19.5ms
[2024-08-15T13:13:31.042+0000][2706.986s][info][gc,phases   ] GC(548)   Other: 0.2ms
[2024-08-15T13:13:31.042+0000][2706.986s][info][gc,heap     ] GC(548) Eden regions: 789->0(51)
[2024-08-15T13:13:31.042+0000][2706.986s][info][gc,heap     ] GC(548) Survivor regions: 23->25(102)
[2024-08-15T13:13:31.042+0000][2706.986s][info][gc,heap     ] GC(548) Old regions: 386->386
[2024-08-15T13:13:31.042+0000][2706.986s][info][gc,heap     ] GC(548) Archive regions: 2->2
[2024-08-15T13:13:31.042+0000][2706.986s][info][gc,heap     ] GC(548) Humongous regions: 5->5
[2024-08-15T13:13:31.042+0000][2706.986s][info][gc,metaspace] GC(548) Metaspace: 439728K(446016K)->439728K(446016K) NonClass: 384769K(388352K)->384769K(388352K) Class: 54959K(57664K)->54959K(57664K)
[2024-08-15T13:13:31.042+0000][2706.986s][info][gc          ] GC(548) Pause Young (Prepare Mixed) (G1 Evacuation Pause) 9626M->3326M(12288M) 113.944ms
[2024-08-15T13:13:31.042+0000][2706.986s][info][gc,cpu      ] GC(548) User=0.66s Sys=0.01s Real=0.11s
[2024-08-15T13:13:31.227+0000][2707.171s][info][gc,start    ] GC(549) Pause Young (Mixed) (G1 Evacuation Pause)
[2024-08-15T13:13:31.227+0000][2707.171s][info][gc,task     ] GC(549) Using 6 workers of 6 for evacuation
[2024-08-15T13:13:31.345+0000][2707.290s][info][gc,phases   ] GC(549)   Pre Evacuate Collection Set: 0.2ms
[2024-08-15T13:13:31.345+0000][2707.290s][info][gc,phases   ] GC(549)   Merge Heap Roots: 0.3ms
[2024-08-15T13:13:31.345+0000][2707.290s][info][gc,phases   ] GC(549)   Evacuate Collection Set: 104.2ms
[2024-08-15T13:13:31.345+0000][2707.290s][info][gc,phases   ] GC(549)   Merge Optional Heap Roots: 0.1ms
[2024-08-15T13:13:31.345+0000][2707.290s][info][gc,phases   ] GC(549)   Evacuate Optional Collection Set: 10.0ms
[2024-08-15T13:13:31.345+0000][2707.290s][info][gc,phases   ] GC(549)   Post Evacuate Collection Set: 3.3ms
[2024-08-15T13:13:31.345+0000][2707.290s][info][gc,phases   ] GC(549)   Other: 0.2ms
[2024-08-15T13:13:31.345+0000][2707.290s][info][gc,heap     ] GC(549) Eden regions: 51->0(73)
[2024-08-15T13:13:31.345+0000][2707.290s][info][gc,heap     ] GC(549) Survivor regions: 25->3(10)
[2024-08-15T13:13:31.345+0000][2707.290s][info][gc,heap     ] GC(549) Old regions: 386->395
[2024-08-15T13:13:31.345+0000][2707.290s][info][gc,heap     ] GC(549) Archive regions: 2->2
[2024-08-15T13:13:31.345+0000][2707.290s][info][gc,heap     ] GC(549) Humongous regions: 5->5
[2024-08-15T13:13:31.345+0000][2707.290s][info][gc,metaspace] GC(549) Metaspace: 439728K(446016K)->439728K(446016K) NonClass: 384769K(388352K)->384769K(388352K) Class: 54959K(57664K)->54959K(57664K)
[2024-08-15T13:13:31.345+0000][2707.290s][info][gc          ] GC(549) Pause Young (Mixed) (G1 Evacuation Pause) 3734M->3223M(12288M) 118.319ms
[2024-08-15T13:13:31.345+0000][2707.290s][info][gc,cpu      ] GC(549) User=0.70s Sys=0.00s Real=0.12s
[2024-08-15T13:13:31.572+0000][2707.517s][info][gc,start    ] GC(550) Pause Young (Mixed) (G1 Evacuation Pause)
[2024-08-15T13:13:31.572+0000][2707.517s][info][gc,task     ] GC(550) Using 6 workers of 6 for evacuation
[2024-08-15T13:13:31.586+0000][2707.531s][info][gc,phases   ] GC(550)   Pre Evacuate Collection Set: 0.2ms
[2024-08-15T13:13:31.587+0000][2707.531s][info][gc,phases   ] GC(550)   Merge Heap Roots: 0.2ms
[2024-08-15T13:13:31.587+0000][2707.531s][info][gc,phases   ] GC(550)   Evacuate Collection Set: 11.0ms
[2024-08-15T13:13:31.587+0000][2707.531s][info][gc,phases   ] GC(550)   Post Evacuate Collection Set: 3.0ms
[2024-08-15T13:13:31.587+0000][2707.531s][info][gc,phases   ] GC(550)   Other: 0.2ms
[2024-08-15T13:13:31.587+0000][2707.531s][info][gc,heap     ] GC(550) Eden regions: 73->0(806)
[2024-08-15T13:13:31.587+0000][2707.531s][info][gc,heap     ] GC(550) Survivor regions: 3->2(10)
[2024-08-15T13:13:31.587+0000][2707.531s][info][gc,heap     ] GC(550) Old regions: 395->396
[2024-08-15T13:13:31.587+0000][2707.531s][info][gc,heap     ] GC(550) Archive regions: 2->2
[2024-08-15T13:13:31.587+0000][2707.531s][info][gc,heap     ] GC(550) Humongous regions: 5->5
[2024-08-15T13:13:31.587+0000][2707.531s][info][gc,metaspace] GC(550) Metaspace: 439728K(446016K)->439728K(446016K) NonClass: 384769K(388352K)->384769K(388352K) Class: 54959K(57664K)->54959K(57664K)
[2024-08-15T13:13:31.587+0000][2707.531s][info][gc          ] GC(550) Pause Young (Mixed) (G1 Evacuation Pause) 3807M->3227M(12288M) 14.598ms
[2024-08-15T13:13:31.587+0000][2707.531s][info][gc,cpu      ] GC(550) User=0.07s Sys=0.01s Real=0.02s
[2024-08-15T13:13:35.029+0000][2710.973s][info][gc,start    ] GC(551) Pause Young (Normal) (G1 Evacuation Pause)
[2024-08-15T13:13:35.029+0000][2710.973s][info][gc,task     ] GC(551) Using 6 workers of 6 for evacuation
[2024-08-15T13:13:35.095+0000][2711.039s][info][gc,phases   ] GC(551)   Pre Evacuate Collection Set: 0.2ms
[2024-08-15T13:13:35.095+0000][2711.039s][info][gc,phases   ] GC(551)   Merge Heap Roots: 0.8ms
[2024-08-15T13:13:35.095+0000][2711.039s][info][gc,phases   ] GC(551)   Evacuate Collection Set: 49.8ms
[2024-08-15T13:13:35.095+0000][2711.039s][info][gc,phases   ] GC(551)   Post Evacuate Collection Set: 14.9ms
[2024-08-15T13:13:35.095+0000][2711.039s][info][gc,phases   ] GC(551)   Other: 0.2ms
[2024-08-15T13:13:35.095+0000][2711.039s][info][gc,heap     ] GC(551) Eden regions: 806->0(802)
[2024-08-15T13:13:35.095+0000][2711.039s][info][gc,heap     ] GC(551) Survivor regions: 2->6(101)
[2024-08-15T13:13:35.095+0000][2711.039s][info][gc,heap     ] GC(551) Old regions: 396->396
[2024-08-15T13:13:35.095+0000][2711.039s][info][gc,heap     ] GC(551) Archive regions: 2->2
[2024-08-15T13:13:35.095+0000][2711.039s][info][gc,heap     ] GC(551) Humongous regions: 5->5
[2024-08-15T13:13:35.095+0000][2711.039s][info][gc,metaspace] GC(551) Metaspace: 439733K(446016K)->439733K(446016K) NonClass: 384774K(388352K)->384774K(388352K) Class: 54959K(57664K)->54959K(57664K)
[2024-08-15T13:13:35.095+0000][2711.039s][info][gc          ] GC(551) Pause Young (Normal) (G1 Evacuation Pause) 9675M->3259M(12288M) 65.889ms
[2024-08-15T13:13:35.095+0000][2711.039s][info][gc,cpu      ] GC(551) User=0.37s Sys=0.00s Real=0.06s
[2024-08-15T13:13:40.650+0000][2716.594s][info][gc,start    ] GC(552) Pause Young (Normal) (G1 Evacuation Pause)
[2024-08-15T13:13:40.650+0000][2716.594s][info][gc,task     ] GC(552) Using 6 workers of 6 for evacuation
[2024-08-15T13:13:40.665+0000][2716.609s][info][gc,phases   ] GC(552)   Pre Evacuate Collection Set: 0.2ms
[2024-08-15T13:13:40.665+0000][2716.609s][info][gc,phases   ] GC(552)   Merge Heap Roots: 0.2ms
[2024-08-15T13:13:40.665+0000][2716.609s][info][gc,phases   ] GC(552)   Evacuate Collection Set: 11.8ms
[2024-08-15T13:13:40.665+0000][2716.609s][info][gc,phases   ] GC(552)   Post Evacuate Collection Set: 2.3ms
[2024-08-15T13:13:40.665+0000][2716.609s][info][gc,phases   ] GC(552)   Other: 0.2ms
[2024-08-15T13:13:40.665+0000][2716.609s][info][gc,heap     ] GC(552) Eden regions: 802->0(803)
[2024-08-15T13:13:40.665+0000][2716.609s][info][gc,heap     ] GC(552) Survivor regions: 6->6(101)
[2024-08-15T13:13:40.665+0000][2716.609s][info][gc,heap     ] GC(552) Old regions: 396->396
[2024-08-15T13:13:40.665+0000][2716.609s][info][gc,heap     ] GC(552) Archive regions: 2->2
[2024-08-15T13:13:40.665+0000][2716.609s][info][gc,heap     ] GC(552) Humongous regions: 5->5
[2024-08-15T13:13:40.665+0000][2716.609s][info][gc,metaspace] GC(552) Metaspace: 439734K(446016K)->439734K(446016K) NonClass: 384774K(388352K)->384774K(388352K) Class: 54959K(57664K)->54959K(57664K)
[2024-08-15T13:13:40.665+0000][2716.609s][info][gc          ] GC(552) Pause Young (Normal) (G1 Evacuation Pause) 9675M->3256M(12288M) 14.840ms
[2024-08-15T13:13:40.665+0000][2716.609s][info][gc,cpu      ] GC(552) User=0.08s Sys=0.00s Real=0.02s
[2024-08-15T13:13:47.867+0000][2723.812s][info][gc,start    ] GC(553) Pause Young (Concurrent Start) (G1 Evacuation Pause)
[2024-08-15T13:13:47.867+0000][2723.812s][info][gc,task     ] GC(553) Using 6 workers of 6 for evacuation
[2024-08-15T13:13:47.900+0000][2723.845s][info][gc,phases   ] GC(553)   Pre Evacuate Collection Set: 0.6ms
[2024-08-15T13:13:47.900+0000][2723.845s][info][gc,phases   ] GC(553)   Merge Heap Roots: 0.2ms
[2024-08-15T13:13:47.900+0000][2723.845s][info][gc,phases   ] GC(553)   Evacuate Collection Set: 26.8ms
[2024-08-15T13:13:47.900+0000][2723.845s][info][gc,phases   ] GC(553)   Post Evacuate Collection Set: 5.1ms
[2024-08-15T13:13:47.900+0000][2723.845s][info][gc,phases   ] GC(553)   Other: 0.3ms
[2024-08-15T13:13:47.900+0000][2723.845s][info][gc,heap     ] GC(553) Eden regions: 803->0(802)
[2024-08-15T13:13:47.900+0000][2723.845s][info][gc,heap     ] GC(553) Survivor regions: 6->8(102)
[2024-08-15T13:13:47.900+0000][2723.845s][info][gc,heap     ] GC(553) Old regions: 396->396
[2024-08-15T13:13:47.900+0000][2723.845s][info][gc,heap     ] GC(553) Archive regions: 2->2
[2024-08-15T13:13:47.900+0000][2723.845s][info][gc,heap     ] GC(553) Humongous regions: 5->5
[2024-08-15T13:13:47.900+0000][2723.845s][info][gc,metaspace] GC(553) Metaspace: 439734K(446016K)->439734K(446016K) NonClass: 384775K(388352K)->384775K(388352K) Class: 54959K(57664K)->54959K(57664K)
[2024-08-15T13:13:47.900+0000][2723.845s][info][gc          ] GC(553) Pause Young (Concurrent Start) (G1 Evacuation Pause) 9680M->3275M(12288M) 33.085ms
[2024-08-15T13:13:47.900+0000][2723.845s][info][gc,cpu      ] GC(553) User=0.19s Sys=0.00s Real=0.03s
[2024-08-15T13:13:47.900+0000][2723.845s][info][gc          ] GC(554) Concurrent Mark Cycle
[2024-08-15T13:13:47.900+0000][2723.845s][info][gc,marking  ] GC(554) Concurrent Clear Claimed Marks
[2024-08-15T13:13:47.901+0000][2723.845s][info][gc,marking  ] GC(554) Concurrent Clear Claimed Marks 0.427ms
[2024-08-15T13:13:47.901+0000][2723.845s][info][gc,marking  ] GC(554) Concurrent Scan Root Regions
[2024-08-15T13:13:47.923+0000][2723.867s][info][gc,marking  ] GC(554) Concurrent Scan Root Regions 21.917ms
[2024-08-15T13:13:47.923+0000][2723.867s][info][gc,marking  ] GC(554) Concurrent Mark
[2024-08-15T13:13:47.923+0000][2723.867s][info][gc,marking  ] GC(554) Concurrent Mark From Roots
[2024-08-15T13:13:47.923+0000][2723.867s][info][gc,task     ] GC(554) Using 2 workers of 2 for marking
[2024-08-15T13:13:50.324+0000][2726.269s][info][gc,marking  ] GC(554) Concurrent Mark From Roots 2401.739ms
[2024-08-15T13:13:50.324+0000][2726.269s][info][gc,marking  ] GC(554) Concurrent Preclean
[2024-08-15T13:13:50.326+0000][2726.271s][info][gc,marking  ] GC(554) Concurrent Preclean 1.601ms
[2024-08-15T13:13:50.326+0000][2726.271s][info][gc,start    ] GC(554) Pause Remark
[2024-08-15T13:13:50.349+0000][2726.294s][info][gc          ] GC(554) Pause Remark 8171M->8171M(12288M) 23.152ms
[2024-08-15T13:13:50.350+0000][2726.294s][info][gc,cpu      ] GC(554) User=0.10s Sys=0.00s Real=0.02s
[2024-08-15T13:13:50.350+0000][2726.294s][info][gc,marking  ] GC(554) Concurrent Mark 2426.993ms
[2024-08-15T13:13:50.350+0000][2726.294s][info][gc,marking  ] GC(554) Concurrent Rebuild Remembered Sets
[2024-08-15T13:13:51.073+0000][2727.018s][info][gc,start    ] GC(555) Pause Young (Normal) (G1 Evacuation Pause)
[2024-08-15T13:13:51.073+0000][2727.018s][info][gc,task     ] GC(555) Using 6 workers of 6 for evacuation
[2024-08-15T13:13:51.156+0000][2727.101s][info][gc,phases   ] GC(555)   Pre Evacuate Collection Set: 0.2ms
[2024-08-15T13:13:51.156+0000][2727.101s][info][gc,phases   ] GC(555)   Merge Heap Roots: 0.3ms
[2024-08-15T13:13:51.156+0000][2727.101s][info][gc,phases   ] GC(555)   Evacuate Collection Set: 63.7ms
[2024-08-15T13:13:51.156+0000][2727.101s][info][gc,phases   ] GC(555)   Post Evacuate Collection Set: 18.4ms
[2024-08-15T13:13:51.156+0000][2727.101s][info][gc,phases   ] GC(555)   Other: 0.2ms
[2024-08-15T13:13:51.156+0000][2727.101s][info][gc,heap     ] GC(555) Eden regions: 802->0(794)
[2024-08-15T13:13:51.156+0000][2727.101s][info][gc,heap     ] GC(555) Survivor regions: 8->14(102)
[2024-08-15T13:13:51.156+0000][2727.101s][info][gc,heap     ] GC(555) Old regions: 396->396
[2024-08-15T13:13:51.156+0000][2727.101s][info][gc,heap     ] GC(555) Archive regions: 2->2
[2024-08-15T13:13:51.156+0000][2727.101s][info][gc,heap     ] GC(555) Humongous regions: 5->5
[2024-08-15T13:13:51.156+0000][2727.101s][info][gc,metaspace] GC(555) Metaspace: 439736K(446016K)->439736K(446016K) NonClass: 384776K(388352K)->384776K(388352K) Class: 54959K(57664K)->54959K(57664K)
[2024-08-15T13:13:51.156+0000][2727.101s][info][gc          ] GC(555) Pause Young (Normal) (G1 Evacuation Pause) 9691M->3318M(12288M) 82.778ms
[2024-08-15T13:13:51.156+0000][2727.101s][info][gc,cpu      ] GC(555) User=0.48s Sys=0.00s Real=0.09s
[2024-08-15T13:13:51.849+0000][2727.794s][info][gc,marking  ] GC(554) Concurrent Rebuild Remembered Sets 1499.361ms
[2024-08-15T13:13:51.849+0000][2727.794s][info][gc,start    ] GC(554) Pause Cleanup
[2024-08-15T13:13:51.850+0000][2727.795s][info][gc          ] GC(554) Pause Cleanup 4854M->4854M(12288M) 0.771ms
[2024-08-15T13:13:51.850+0000][2727.795s][info][gc,cpu      ] GC(554) User=0.00s Sys=0.00s Real=0.00s
[2024-08-15T13:13:51.850+0000][2727.795s][info][gc,marking  ] GC(554) Concurrent Cleanup for Next Mark
[2024-08-15T13:13:51.879+0000][2727.823s][info][gc,marking  ] GC(554) Concurrent Cleanup for Next Mark 28.660ms
[2024-08-15T13:13:51.879+0000][2727.824s][info][gc          ] GC(554) Concurrent Mark Cycle 3978.641ms
[2024-08-15T13:13:53.692+0000][2729.636s][info][gc,start    ] GC(556) Pause Young (Prepare Mixed) (G1 Evacuation Pause)
[2024-08-15T13:13:53.692+0000][2729.636s][info][gc,task     ] GC(556) Using 6 workers of 6 for evacuation
[2024-08-15T13:13:53.806+0000][2729.751s][info][gc,phases   ] GC(556)   Pre Evacuate Collection Set: 0.2ms
[2024-08-15T13:13:53.806+0000][2729.751s][info][gc,phases   ] GC(556)   Merge Heap Roots: 0.5ms
[2024-08-15T13:13:53.806+0000][2729.751s][info][gc,phases   ] GC(556)   Evacuate Collection Set: 89.9ms
[2024-08-15T13:13:53.806+0000][2729.751s][info][gc,phases   ] GC(556)   Post Evacuate Collection Set: 23.8ms
[2024-08-15T13:13:53.806+0000][2729.751s][info][gc,phases   ] GC(556)   Other: 0.2ms
[2024-08-15T13:13:53.806+0000][2729.751s][info][gc,heap     ] GC(556) Eden regions: 794->0(57)
[2024-08-15T13:13:53.806+0000][2729.751s][info][gc,heap     ] GC(556) Survivor regions: 14->19(101)
[2024-08-15T13:13:53.806+0000][2729.751s][info][gc,heap     ] GC(556) Old regions: 396->396
[2024-08-15T13:13:53.806+0000][2729.751s][info][gc,heap     ] GC(556) Archive regions: 2->2
[2024-08-15T13:13:53.806+0000][2729.751s][info][gc,heap     ] GC(556) Humongous regions: 5->5
[2024-08-15T13:13:53.806+0000][2729.751s][info][gc,metaspace] GC(556) Metaspace: 439737K(446016K)->439737K(446016K) NonClass: 384777K(388352K)->384777K(388352K) Class: 54959K(57664K)->54959K(57664K)
[2024-08-15T13:13:53.806+0000][2729.751s][info][gc          ] GC(556) Pause Young (Prepare Mixed) (G1 Evacuation Pause) 9670M->3359M(12288M) 114.644ms
[2024-08-15T13:13:53.807+0000][2729.751s][info][gc,cpu      ] GC(556) User=0.67s Sys=0.01s Real=0.12s
[2024-08-15T13:13:54.008+0000][2729.953s][info][gc,start    ] GC(557) Pause Young (Mixed) (G1 Evacuation Pause)
[2024-08-15T13:13:54.008+0000][2729.953s][info][gc,task     ] GC(557) Using 6 workers of 6 for evacuation
[2024-08-15T13:13:54.100+0000][2730.045s][info][gc,phases   ] GC(557)   Pre Evacuate Collection Set: 0.2ms
[2024-08-15T13:13:54.100+0000][2730.045s][info][gc,phases   ] GC(557)   Merge Heap Roots: 0.3ms
[2024-08-15T13:13:54.100+0000][2730.045s][info][gc,phases   ] GC(557)   Evacuate Collection Set: 88.5ms
[2024-08-15T13:13:54.100+0000][2730.045s][info][gc,phases   ] GC(557)   Post Evacuate Collection Set: 3.2ms
[2024-08-15T13:13:54.100+0000][2730.045s][info][gc,phases   ] GC(557)   Other: 0.2ms
[2024-08-15T13:13:54.100+0000][2730.045s][info][gc,heap     ] GC(557) Eden regions: 57->0(807)
[2024-08-15T13:13:54.100+0000][2730.045s][info][gc,heap     ] GC(557) Survivor regions: 19->3(10)
[2024-08-15T13:13:54.100+0000][2730.045s][info][gc,heap     ] GC(557) Old regions: 396->393
[2024-08-15T13:13:54.100+0000][2730.045s][info][gc,heap     ] GC(557) Archive regions: 2->2
[2024-08-15T13:13:54.100+0000][2730.045s][info][gc,heap     ] GC(557) Humongous regions: 5->5
[2024-08-15T13:13:54.100+0000][2730.045s][info][gc,metaspace] GC(557) Metaspace: 439737K(446016K)->439737K(446016K) NonClass: 384777K(388352K)->384777K(388352K) Class: 54959K(57664K)->54959K(57664K)
[2024-08-15T13:13:54.100+0000][2730.045s][info][gc          ] GC(557) Pause Young (Mixed) (G1 Evacuation Pause) 3815M->3209M(12288M) 92.394ms
[2024-08-15T13:13:54.100+0000][2730.045s][info][gc,cpu      ] GC(557) User=0.54s Sys=0.00s Real=0.09s
[2024-08-15T13:13:56.647+0000][2732.592s][info][gc,start    ] GC(558) Pause Young (Normal) (G1 Evacuation Pause)
[2024-08-15T13:13:56.647+0000][2732.592s][info][gc,task     ] GC(558) Using 6 workers of 6 for evacuation
[2024-08-15T13:13:56.720+0000][2732.665s][info][gc,phases   ] GC(558)   Pre Evacuate Collection Set: 0.2ms
[2024-08-15T13:13:56.720+0000][2732.665s][info][gc,phases   ] GC(558)   Merge Heap Roots: 0.3ms
[2024-08-15T13:13:56.720+0000][2732.665s][info][gc,phases   ] GC(558)   Evacuate Collection Set: 52.7ms
[2024-08-15T13:13:56.720+0000][2732.665s][info][gc,phases   ] GC(558)   Post Evacuate Collection Set: 19.4ms
[2024-08-15T13:13:56.720+0000][2732.665s][info][gc,phases   ] GC(558)   Other: 0.2ms
[2024-08-15T13:13:56.720+0000][2732.665s][info][gc,heap     ] GC(558) Eden regions: 807->0(803)
[2024-08-15T13:13:56.720+0000][2732.665s][info][gc,heap     ] GC(558) Survivor regions: 3->7(102)
[2024-08-15T13:13:56.720+0000][2732.665s][info][gc,heap     ] GC(558) Old regions: 393->393
[2024-08-15T13:13:56.720+0000][2732.665s][info][gc,heap     ] GC(558) Archive regions: 2->2
[2024-08-15T13:13:56.720+0000][2732.665s][info][gc,heap     ] GC(558) Humongous regions: 5->5
[2024-08-15T13:13:56.720+0000][2732.665s][info][gc,metaspace] GC(558) Metaspace: 439737K(446016K)->439737K(446016K) NonClass: 384777K(388352K)->384777K(388352K) Class: 54959K(57664K)->54959K(57664K)
[2024-08-15T13:13:56.720+0000][2732.665s][info][gc          ] GC(558) Pause Young (Normal) (G1 Evacuation Pause) 9665M->3235M(12288M) 72.836ms
[2024-08-15T13:13:56.720+0000][2732.665s][info][gc,cpu      ] GC(558) User=0.42s Sys=0.00s Real=0.07s
[2024-08-15T13:13:59.179+0000][2735.123s][info][gc,start    ] GC(559) Pause Young (Normal) (G1 Evacuation Pause)
[2024-08-15T13:13:59.179+0000][2735.123s][info][gc,task     ] GC(559) Using 6 workers of 6 for evacuation
[2024-08-15T13:13:59.249+0000][2735.194s][info][gc,phases   ] GC(559)   Pre Evacuate Collection Set: 0.2ms
[2024-08-15T13:13:59.249+0000][2735.194s][info][gc,phases   ] GC(559)   Merge Heap Roots: 0.3ms
[2024-08-15T13:13:59.249+0000][2735.194s][info][gc,phases   ] GC(559)   Evacuate Collection Set: 53.7ms
[2024-08-15T13:13:59.249+0000][2735.194s][info][gc,phases   ] GC(559)   Post Evacuate Collection Set: 16.1ms
[2024-08-15T13:13:59.249+0000][2735.194s][info][gc,phases   ] GC(559)   Other: 0.2ms
[2024-08-15T13:13:59.249+0000][2735.194s][info][gc,heap     ] GC(559) Eden regions: 803->0(802)
[2024-08-15T13:13:59.249+0000][2735.194s][info][gc,heap     ] GC(559) Survivor regions: 7->9(102)
[2024-08-15T13:13:59.249+0000][2735.194s][info][gc,heap     ] GC(559) Old regions: 393->393
[2024-08-15T13:13:59.249+0000][2735.194s][info][gc,heap     ] GC(559) Archive regions: 2->2
[2024-08-15T13:13:59.249+0000][2735.194s][info][gc,heap     ] GC(559) Humongous regions: 5->5
[2024-08-15T13:13:59.249+0000][2735.194s][info][gc,metaspace] GC(559) Metaspace: 439740K(446016K)->439740K(446016K) NonClass: 384781K(388352K)->384781K(388352K) Class: 54959K(57664K)->54959K(57664K)
[2024-08-15T13:13:59.249+0000][2735.194s][info][gc          ] GC(559) Pause Young (Normal) (G1 Evacuation Pause) 9659M->3251M(12288M) 70.460ms
[2024-08-15T13:13:59.249+0000][2735.194s][info][gc,cpu      ] GC(559) User=0.41s Sys=0.00s Real=0.07s
[2024-08-15T13:14:01.943+0000][2737.887s][info][gc,start    ] GC(560) Pause Young (Concurrent Start) (G1 Evacuation Pause)
[2024-08-15T13:14:01.943+0000][2737.887s][info][gc,task     ] GC(560) Using 6 workers of 6 for evacuation
[2024-08-15T13:14:02.055+0000][2737.999s][info][gc,phases   ] GC(560)   Pre Evacuate Collection Set: 0.6ms
[2024-08-15T13:14:02.055+0000][2737.999s][info][gc,phases   ] GC(560)   Merge Heap Roots: 0.3ms
[2024-08-15T13:14:02.055+0000][2737.999s][info][gc,phases   ] GC(560)   Evacuate Collection Set: 84.9ms
[2024-08-15T13:14:02.055+0000][2737.999s][info][gc,phases   ] GC(560)   Post Evacuate Collection Set: 25.8ms
[2024-08-15T13:14:02.055+0000][2737.999s][info][gc,phases   ] GC(560)   Other: 0.3ms
[2024-08-15T13:14:02.055+0000][2737.999s][info][gc,heap     ] GC(560) Eden regions: 802->0(799)
[2024-08-15T13:14:02.055+0000][2737.999s][info][gc,heap     ] GC(560) Survivor regions: 9->13(102)
[2024-08-15T13:14:02.055+0000][2737.999s][info][gc,heap     ] GC(560) Old regions: 393->393
[2024-08-15T13:14:02.055+0000][2737.999s][info][gc,heap     ] GC(560) Archive regions: 2->2
[2024-08-15T13:14:02.055+0000][2737.999s][info][gc,heap     ] GC(560) Humongous regions: 5->5
[2024-08-15T13:14:02.055+0000][2737.999s][info][gc,metaspace] GC(560) Metaspace: 439740K(446016K)->439740K(446016K) NonClass: 384781K(388352K)->384781K(388352K) Class: 54959K(57664K)->54959K(57664K)
[2024-08-15T13:14:02.055+0000][2737.999s][info][gc          ] GC(560) Pause Young (Concurrent Start) (G1 Evacuation Pause) 9667M->3283M(12288M) 112.018ms
[2024-08-15T13:14:02.055+0000][2738.000s][info][gc,cpu      ] GC(560) User=0.65s Sys=0.00s Real=0.11s
[2024-08-15T13:14:02.055+0000][2738.000s][info][gc          ] GC(561) Concurrent Mark Cycle
[2024-08-15T13:14:02.055+0000][2738.000s][info][gc,marking  ] GC(561) Concurrent Clear Claimed Marks
[2024-08-15T13:14:02.055+0000][2738.000s][info][gc,marking  ] GC(561) Concurrent Clear Claimed Marks 0.450ms
[2024-08-15T13:14:02.055+0000][2738.000s][info][gc,marking  ] GC(561) Concurrent Scan Root Regions
[2024-08-15T13:14:02.086+0000][2738.031s][info][gc,marking  ] GC(561) Concurrent Scan Root Regions 31.064ms
[2024-08-15T13:14:02.087+0000][2738.031s][info][gc,marking  ] GC(561) Concurrent Mark
[2024-08-15T13:14:02.087+0000][2738.031s][info][gc,marking  ] GC(561) Concurrent Mark From Roots
[2024-08-15T13:14:02.087+0000][2738.031s][info][gc,task     ] GC(561) Using 2 workers of 2 for marking
[2024-08-15T13:14:03.881+0000][2739.825s][info][gc,marking  ] GC(561) Concurrent Mark From Roots 1794.000ms
[2024-08-15T13:14:03.881+0000][2739.825s][info][gc,marking  ] GC(561) Concurrent Preclean
[2024-08-15T13:14:03.882+0000][2739.826s][info][gc,marking  ] GC(561) Concurrent Preclean 1.306ms
[2024-08-15T13:14:03.882+0000][2739.827s][info][gc,start    ] GC(561) Pause Remark
[2024-08-15T13:14:03.905+0000][2739.850s][info][gc          ] GC(561) Pause Remark 6453M->6453M(12288M) 23.455ms
[2024-08-15T13:14:03.906+0000][2739.850s][info][gc,cpu      ] GC(561) User=0.09s Sys=0.00s Real=0.03s
[2024-08-15T13:14:03.906+0000][2739.850s][info][gc,marking  ] GC(561) Concurrent Mark 1819.137ms
[2024-08-15T13:14:03.906+0000][2739.850s][info][gc,marking  ] GC(561) Concurrent Rebuild Remembered Sets
[2024-08-15T13:14:05.210+0000][2741.155s][info][gc,marking  ] GC(561) Concurrent Rebuild Remembered Sets 1304.593ms
[2024-08-15T13:14:05.210+0000][2741.155s][info][gc,start    ] GC(561) Pause Cleanup
[2024-08-15T13:14:05.211+0000][2741.156s][info][gc          ] GC(561) Pause Cleanup 7357M->7357M(12288M) 0.678ms
[2024-08-15T13:14:05.211+0000][2741.156s][info][gc,cpu      ] GC(561) User=0.00s Sys=0.00s Real=0.00s
[2024-08-15T13:14:05.211+0000][2741.156s][info][gc,marking  ] GC(561) Concurrent Cleanup for Next Mark
[2024-08-15T13:14:05.228+0000][2741.172s][info][gc,marking  ] GC(561) Concurrent Cleanup for Next Mark 16.569ms
[2024-08-15T13:14:05.228+0000][2741.172s][info][gc          ] GC(561) Concurrent Mark Cycle 3172.932ms
[2024-08-15T13:14:08.352+0000][2744.297s][info][gc,start    ] GC(562) Pause Young (Prepare Mixed) (G1 Evacuation Pause)
[2024-08-15T13:14:08.352+0000][2744.297s][info][gc,task     ] GC(562) Using 6 workers of 6 for evacuation
[2024-08-15T13:14:08.434+0000][2744.379s][info][gc,phases   ] GC(562)   Pre Evacuate Collection Set: 0.2ms
[2024-08-15T13:14:08.434+0000][2744.379s][info][gc,phases   ] GC(562)   Merge Heap Roots: 0.8ms
[2024-08-15T13:14:08.434+0000][2744.379s][info][gc,phases   ] GC(562)   Evacuate Collection Set: 68.3ms
[2024-08-15T13:14:08.434+0000][2744.379s][info][gc,phases   ] GC(562)   Post Evacuate Collection Set: 12.5ms
[2024-08-15T13:14:08.434+0000][2744.379s][info][gc,phases   ] GC(562)   Other: 0.2ms
[2024-08-15T13:14:08.434+0000][2744.379s][info][gc,heap     ] GC(562) Eden regions: 799->0(59)
[2024-08-15T13:14:08.434+0000][2744.379s][info][gc,heap     ] GC(562) Survivor regions: 13->17(102)
[2024-08-15T13:14:08.434+0000][2744.379s][info][gc,heap     ] GC(562) Old regions: 393->393
[2024-08-15T13:14:08.434+0000][2744.379s][info][gc,heap     ] GC(562) Archive regions: 2->2
[2024-08-15T13:14:08.434+0000][2744.379s][info][gc,heap     ] GC(562) Humongous regions: 5->5
[2024-08-15T13:14:08.434+0000][2744.379s][info][gc,metaspace] GC(562) Metaspace: 439740K(446016K)->439740K(446016K) NonClass: 384781K(388352K)->384781K(388352K) Class: 54959K(57664K)->54959K(57664K)
[2024-08-15T13:14:08.434+0000][2744.379s][info][gc          ] GC(562) Pause Young (Prepare Mixed) (G1 Evacuation Pause) 9675M->3319M(12288M) 82.079ms
[2024-08-15T13:14:08.434+0000][2744.379s][info][gc,cpu      ] GC(562) User=0.48s Sys=0.00s Real=0.08s
[2024-08-15T13:14:09.041+0000][2744.985s][info][gc,start    ] GC(563) Pause Young (Mixed) (G1 Evacuation Pause)
[2024-08-15T13:14:09.041+0000][2744.985s][info][gc,task     ] GC(563) Using 6 workers of 6 for evacuation
[2024-08-15T13:14:09.114+0000][2745.059s][info][gc,phases   ] GC(563)   Pre Evacuate Collection Set: 0.2ms
[2024-08-15T13:14:09.114+0000][2745.059s][info][gc,phases   ] GC(563)   Merge Heap Roots: 0.4ms
[2024-08-15T13:14:09.114+0000][2745.059s][info][gc,phases   ] GC(563)   Evacuate Collection Set: 71.2ms
[2024-08-15T13:14:09.114+0000][2745.059s][info][gc,phases   ] GC(563)   Post Evacuate Collection Set: 1.7ms
[2024-08-15T13:14:09.114+0000][2745.059s][info][gc,phases   ] GC(563)   Other: 0.2ms
[2024-08-15T13:14:09.114+0000][2745.059s][info][gc,heap     ] GC(563) Eden regions: 59->0(814)
[2024-08-15T13:14:09.114+0000][2745.059s][info][gc,heap     ] GC(563) Survivor regions: 17->2(10)
[2024-08-15T13:14:09.114+0000][2745.059s][info][gc,heap     ] GC(563) Old regions: 393->388
[2024-08-15T13:14:09.114+0000][2745.059s][info][gc,heap     ] GC(563) Archive regions: 2->2
[2024-08-15T13:14:09.114+0000][2745.059s][info][gc,heap     ] GC(563) Humongous regions: 5->5
[2024-08-15T13:14:09.114+0000][2745.059s][info][gc,metaspace] GC(563) Metaspace: 439740K(446016K)->439740K(446016K) NonClass: 384781K(388352K)->384781K(388352K) Class: 54959K(57664K)->54959K(57664K)
[2024-08-15T13:14:09.114+0000][2745.059s][info][gc          ] GC(563) Pause Young (Mixed) (G1 Evacuation Pause) 3791M->3158M(12288M) 73.747ms
[2024-08-15T13:14:09.114+0000][2745.059s][info][gc,cpu      ] GC(563) User=0.44s Sys=0.00s Real=0.07s
[2024-08-15T13:14:18.019+0000][2753.963s][info][gc,start    ] GC(564) Pause Young (Normal) (G1 Evacuation Pause)
[2024-08-15T13:14:18.019+0000][2753.963s][info][gc,task     ] GC(564) Using 6 workers of 6 for evacuation
[2024-08-15T13:14:18.033+0000][2753.978s][info][gc,phases   ] GC(564)   Pre Evacuate Collection Set: 0.2ms
[2024-08-15T13:14:18.033+0000][2753.978s][info][gc,phases   ] GC(564)   Merge Heap Roots: 0.2ms
[2024-08-15T13:14:18.033+0000][2753.978s][info][gc,phases   ] GC(564)   Evacuate Collection Set: 11.9ms
[2024-08-15T13:14:18.033+0000][2753.978s][info][gc,phases   ] GC(564)   Post Evacuate Collection Set: 2.2ms
[2024-08-15T13:14:18.033+0000][2753.978s][info][gc,phases   ] GC(564)   Other: 0.2ms
[2024-08-15T13:14:18.033+0000][2753.978s][info][gc,heap     ] GC(564) Eden regions: 814->0(812)
[2024-08-15T13:14:18.033+0000][2753.978s][info][gc,heap     ] GC(564) Survivor regions: 2->5(102)
[2024-08-15T13:14:18.033+0000][2753.978s][info][gc,heap     ] GC(564) Old regions: 388->388
[2024-08-15T13:14:18.033+0000][2753.978s][info][gc,heap     ] GC(564) Archive regions: 2->2
[2024-08-15T13:14:18.033+0000][2753.978s][info][gc,heap     ] GC(564) Humongous regions: 5->5
[2024-08-15T13:14:18.033+0000][2753.978s][info][gc,metaspace] GC(564) Metaspace: 439741K(446016K)->439741K(446016K) NonClass: 384782K(388352K)->384782K(388352K) Class: 54959K(57664K)->54959K(57664K)
[2024-08-15T13:14:18.033+0000][2753.978s][info][gc          ] GC(564) Pause Young (Normal) (G1 Evacuation Pause) 9670M->3180M(12288M) 14.790ms
[2024-08-15T13:14:18.033+0000][2753.978s][info][gc,cpu      ] GC(564) User=0.08s Sys=0.00s Real=0.01s
[2024-08-15T13:14:26.753+0000][2762.697s][info][gc,start    ] GC(565) Pause Young (Normal) (G1 Evacuation Pause)
[2024-08-15T13:14:26.753+0000][2762.697s][info][gc,task     ] GC(565) Using 6 workers of 6 for evacuation
[2024-08-15T13:14:26.772+0000][2762.716s][info][gc,phases   ] GC(565)   Pre Evacuate Collection Set: 0.2ms
[2024-08-15T13:14:26.772+0000][2762.717s][info][gc,phases   ] GC(565)   Merge Heap Roots: 0.2ms
[2024-08-15T13:14:26.772+0000][2762.717s][info][gc,phases   ] GC(565)   Evacuate Collection Set: 16.6ms
[2024-08-15T13:14:26.772+0000][2762.717s][info][gc,phases   ] GC(565)   Post Evacuate Collection Set: 2.2ms
[2024-08-15T13:14:26.772+0000][2762.717s][info][gc,phases   ] GC(565)   Other: 0.3ms
[2024-08-15T13:14:26.772+0000][2762.717s][info][gc,heap     ] GC(565) Eden regions: 812->0(811)
[2024-08-15T13:14:26.772+0000][2762.717s][info][gc,heap     ] GC(565) Survivor regions: 5->7(103)
[2024-08-15T13:14:26.772+0000][2762.717s][info][gc,heap     ] GC(565) Old regions: 388->388
[2024-08-15T13:14:26.772+0000][2762.717s][info][gc,heap     ] GC(565) Archive regions: 2->2
[2024-08-15T13:14:26.772+0000][2762.717s][info][gc,heap     ] GC(565) Humongous regions: 5->5
[2024-08-15T13:14:26.772+0000][2762.717s][info][gc,metaspace] GC(565) Metaspace: 439741K(446016K)->439741K(446016K) NonClass: 384782K(388352K)->384782K(388352K) Class: 54959K(57664K)->54959K(57664K)
[2024-08-15T13:14:26.772+0000][2762.717s][info][gc          ] GC(565) Pause Young (Normal) (G1 Evacuation Pause) 9676M->3194M(12288M) 19.428ms
[2024-08-15T13:14:26.772+0000][2762.717s][info][gc,cpu      ] GC(565) User=0.12s Sys=0.00s Real=0.02s
[2024-08-15T13:14:35.639+0000][2771.584s][info][gc,start    ] GC(566) Pause Young (Concurrent Start) (G1 Evacuation Pause)
[2024-08-15T13:14:35.639+0000][2771.584s][info][gc,task     ] GC(566) Using 6 workers of 6 for evacuation
[2024-08-15T13:14:35.670+0000][2771.615s][info][gc,phases   ] GC(566)   Pre Evacuate Collection Set: 0.6ms
[2024-08-15T13:14:35.670+0000][2771.615s][info][gc,phases   ] GC(566)   Merge Heap Roots: 0.2ms
[2024-08-15T13:14:35.670+0000][2771.615s][info][gc,phases   ] GC(566)   Evacuate Collection Set: 27.3ms
[2024-08-15T13:14:35.670+0000][2771.615s][info][gc,phases   ] GC(566)   Post Evacuate Collection Set: 2.5ms
[2024-08-15T13:14:35.670+0000][2771.615s][info][gc,phases   ] GC(566)   Other: 0.3ms
[2024-08-15T13:14:35.670+0000][2771.615s][info][gc,heap     ] GC(566) Eden regions: 811->0(807)
[2024-08-15T13:14:35.670+0000][2771.615s][info][gc,heap     ] GC(566) Survivor regions: 7->11(103)
[2024-08-15T13:14:35.670+0000][2771.615s][info][gc,heap     ] GC(566) Old regions: 388->388
[2024-08-15T13:14:35.670+0000][2771.615s][info][gc,heap     ] GC(566) Archive regions: 2->2
[2024-08-15T13:14:35.670+0000][2771.615s][info][gc,heap     ] GC(566) Humongous regions: 5->5
[2024-08-15T13:14:35.670+0000][2771.615s][info][gc,metaspace] GC(566) Metaspace: 439764K(446080K)->439764K(446080K) NonClass: 384805K(388416K)->384805K(388416K) Class: 54959K(57664K)->54959K(57664K)
[2024-08-15T13:14:35.670+0000][2771.615s][info][gc          ] GC(566) Pause Young (Concurrent Start) (G1 Evacuation Pause) 9682M->3227M(12288M) 30.903ms
[2024-08-15T13:14:35.670+0000][2771.615s][info][gc,cpu      ] GC(566) User=0.17s Sys=0.00s Real=0.03s
[2024-08-15T13:14:35.670+0000][2771.615s][info][gc          ] GC(567) Concurrent Mark Cycle
[2024-08-15T13:14:35.670+0000][2771.615s][info][gc,marking  ] GC(567) Concurrent Clear Claimed Marks
[2024-08-15T13:14:35.671+0000][2771.615s][info][gc,marking  ] GC(567) Concurrent Clear Claimed Marks 0.410ms
[2024-08-15T13:14:35.671+0000][2771.615s][info][gc,marking  ] GC(567) Concurrent Scan Root Regions
[2024-08-15T13:14:35.693+0000][2771.638s][info][gc,marking  ] GC(567) Concurrent Scan Root Regions 22.157ms
[2024-08-15T13:14:35.693+0000][2771.638s][info][gc,marking  ] GC(567) Concurrent Mark
[2024-08-15T13:14:35.693+0000][2771.638s][info][gc,marking  ] GC(567) Concurrent Mark From Roots
[2024-08-15T13:14:35.693+0000][2771.638s][info][gc,task     ] GC(567) Using 2 workers of 2 for marking
[2024-08-15T13:14:38.013+0000][2773.957s][info][gc,marking  ] GC(567) Concurrent Mark From Roots 2319.651ms
[2024-08-15T13:14:38.013+0000][2773.957s][info][gc,marking  ] GC(567) Concurrent Preclean
[2024-08-15T13:14:38.014+0000][2773.959s][info][gc,marking  ] GC(567) Concurrent Preclean 1.428ms
[2024-08-15T13:14:38.014+0000][2773.959s][info][gc,start    ] GC(567) Pause Remark
[2024-08-15T13:14:38.037+0000][2773.982s][info][gc          ] GC(567) Pause Remark 4775M->4775M(12288M) 22.985ms
[2024-08-15T13:14:38.037+0000][2773.982s][info][gc,cpu      ] GC(567) User=0.10s Sys=0.00s Real=0.03s
[2024-08-15T13:14:38.037+0000][2773.982s][info][gc,marking  ] GC(567) Concurrent Mark 2344.506ms
[2024-08-15T13:14:38.037+0000][2773.982s][info][gc,marking  ] GC(567) Concurrent Rebuild Remembered Sets
[2024-08-15T13:14:39.427+0000][2775.372s][info][gc,marking  ] GC(567) Concurrent Rebuild Remembered Sets 1389.922ms
[2024-08-15T13:14:39.428+0000][2775.372s][info][gc,start    ] GC(567) Pause Cleanup
[2024-08-15T13:14:39.428+0000][2775.373s][info][gc          ] GC(567) Pause Cleanup 5735M->5735M(12288M) 0.692ms
[2024-08-15T13:14:39.428+0000][2775.373s][info][gc,cpu      ] GC(567) User=0.00s Sys=0.00s Real=0.00s
[2024-08-15T13:14:39.428+0000][2775.373s][info][gc,marking  ] GC(567) Concurrent Cleanup for Next Mark
[2024-08-15T13:14:39.445+0000][2775.390s][info][gc,marking  ] GC(567) Concurrent Cleanup for Next Mark 16.832ms
[2024-08-15T13:14:39.445+0000][2775.390s][info][gc          ] GC(567) Concurrent Mark Cycle 3774.960ms
[2024-08-15T13:14:44.908+0000][2780.853s][info][gc,start    ] GC(568) Pause Young (Prepare Mixed) (G1 Evacuation Pause)
[2024-08-15T13:14:44.908+0000][2780.853s][info][gc,task     ] GC(568) Using 6 workers of 6 for evacuation
[2024-08-15T13:14:44.941+0000][2780.886s][info][gc,phases   ] GC(568)   Pre Evacuate Collection Set: 0.2ms
[2024-08-15T13:14:44.941+0000][2780.886s][info][gc,phases   ] GC(568)   Merge Heap Roots: 0.3ms
[2024-08-15T13:14:44.941+0000][2780.886s][info][gc,phases   ] GC(568)   Evacuate Collection Set: 29.6ms
[2024-08-15T13:14:44.941+0000][2780.886s][info][gc,phases   ] GC(568)   Post Evacuate Collection Set: 2.4ms
[2024-08-15T13:14:44.941+0000][2780.886s][info][gc,phases   ] GC(568)   Other: 0.2ms
[2024-08-15T13:14:44.941+0000][2780.886s][info][gc,heap     ] GC(568) Eden regions: 807->0(62)
[2024-08-15T13:14:44.941+0000][2780.886s][info][gc,heap     ] GC(568) Survivor regions: 11->14(103)
[2024-08-15T13:14:44.941+0000][2780.886s][info][gc,heap     ] GC(568) Old regions: 388->388
[2024-08-15T13:14:44.941+0000][2780.886s][info][gc,heap     ] GC(568) Archive regions: 2->2
[2024-08-15T13:14:44.941+0000][2780.886s][info][gc,heap     ] GC(568) Humongous regions: 5->5
[2024-08-15T13:14:44.941+0000][2780.886s][info][gc,metaspace] GC(568) Metaspace: 439770K(446080K)->439770K(446080K) NonClass: 384810K(388416K)->384810K(388416K) Class: 54959K(57664K)->54959K(57664K)
[2024-08-15T13:14:44.941+0000][2780.886s][info][gc          ] GC(568) Pause Young (Prepare Mixed) (G1 Evacuation Pause) 9683M->3250M(12288M) 32.711ms
[2024-08-15T13:14:44.941+0000][2780.886s][info][gc,cpu      ] GC(568) User=0.19s Sys=0.00s Real=0.03s
[2024-08-15T13:14:45.629+0000][2781.574s][info][gc,start    ] GC(569) Pause Young (Mixed) (G1 Evacuation Pause)
[2024-08-15T13:14:45.629+0000][2781.574s][info][gc,task     ] GC(569) Using 6 workers of 6 for evacuation
[2024-08-15T13:14:45.697+0000][2781.642s][info][gc,phases   ] GC(569)   Pre Evacuate Collection Set: 0.2ms
[2024-08-15T13:14:45.698+0000][2781.642s][info][gc,phases   ] GC(569)   Merge Heap Roots: 0.3ms
[2024-08-15T13:14:45.698+0000][2781.642s][info][gc,phases   ] GC(569)   Evacuate Collection Set: 65.8ms
[2024-08-15T13:14:45.698+0000][2781.642s][info][gc,phases   ] GC(569)   Post Evacuate Collection Set: 1.9ms
[2024-08-15T13:14:45.698+0000][2781.642s][info][gc,phases   ] GC(569)   Other: 0.2ms
[2024-08-15T13:14:45.698+0000][2781.642s][info][gc,heap     ] GC(569) Eden regions: 62->0(822)
[2024-08-15T13:14:45.698+0000][2781.642s][info][gc,heap     ] GC(569) Survivor regions: 14->5(10)
[2024-08-15T13:14:45.698+0000][2781.642s][info][gc,heap     ] GC(569) Old regions: 388->379
[2024-08-15T13:14:45.698+0000][2781.642s][info][gc,heap     ] GC(569) Archive regions: 2->2
[2024-08-15T13:14:45.698+0000][2781.642s][info][gc,heap     ] GC(569) Humongous regions: 5->5
[2024-08-15T13:14:45.698+0000][2781.642s][info][gc,metaspace] GC(569) Metaspace: 439770K(446080K)->439770K(446080K) NonClass: 384810K(388416K)->384810K(388416K) Class: 54959K(57664K)->54959K(57664K)
[2024-08-15T13:14:45.698+0000][2781.642s][info][gc          ] GC(569) Pause Young (Mixed) (G1 Evacuation Pause) 3746M->3110M(12288M) 68.490ms
[2024-08-15T13:14:45.698+0000][2781.642s][info][gc,cpu      ] GC(569) User=0.41s Sys=0.00s Real=0.07s
[2024-08-15T13:14:54.578+0000][2790.522s][info][gc,start    ] GC(570) Pause Young (Normal) (G1 Evacuation Pause)
[2024-08-15T13:14:54.578+0000][2790.522s][info][gc,task     ] GC(570) Using 6 workers of 6 for evacuation
[2024-08-15T13:14:54.600+0000][2790.544s][info][gc,phases   ] GC(570)   Pre Evacuate Collection Set: 0.2ms
[2024-08-15T13:14:54.600+0000][2790.544s][info][gc,phases   ] GC(570)   Merge Heap Roots: 0.3ms
[2024-08-15T13:14:54.600+0000][2790.544s][info][gc,phases   ] GC(570)   Evacuate Collection Set: 19.4ms
[2024-08-15T13:14:54.600+0000][2790.544s][info][gc,phases   ] GC(570)   Post Evacuate Collection Set: 2.2ms
[2024-08-15T13:14:54.600+0000][2790.544s][info][gc,phases   ] GC(570)   Other: 0.2ms
[2024-08-15T13:14:54.600+0000][2790.545s][info][gc,heap     ] GC(570) Eden regions: 822->0(817)
[2024-08-15T13:14:54.600+0000][2790.545s][info][gc,heap     ] GC(570) Survivor regions: 5->9(104)
[2024-08-15T13:14:54.600+0000][2790.545s][info][gc,heap     ] GC(570) Old regions: 379->379
[2024-08-15T13:14:54.600+0000][2790.545s][info][gc,heap     ] GC(570) Archive regions: 2->2
[2024-08-15T13:14:54.600+0000][2790.545s][info][gc,heap     ] GC(570) Humongous regions: 5->5
[2024-08-15T13:14:54.600+0000][2790.545s][info][gc,metaspace] GC(570) Metaspace: 439770K(446080K)->439770K(446080K) NonClass: 384811K(388416K)->384811K(388416K) Class: 54959K(57664K)->54959K(57664K)
[2024-08-15T13:14:54.600+0000][2790.545s][info][gc          ] GC(570) Pause Young (Normal) (G1 Evacuation Pause) 9686M->3139M(12288M) 22.331ms
[2024-08-15T13:14:54.600+0000][2790.545s][info][gc,cpu      ] GC(570) User=0.13s Sys=0.00s Real=0.02s
[2024-08-15T13:15:03.502+0000][2799.447s][info][gc,start    ] GC(571) Pause Young (Normal) (G1 Evacuation Pause)
[2024-08-15T13:15:03.502+0000][2799.447s][info][gc,task     ] GC(571) Using 6 workers of 6 for evacuation
[2024-08-15T13:15:03.533+0000][2799.478s][info][gc,phases   ] GC(571)   Pre Evacuate Collection Set: 0.2ms
[2024-08-15T13:15:03.533+0000][2799.478s][info][gc,phases   ] GC(571)   Merge Heap Roots: 0.3ms
[2024-08-15T13:15:03.533+0000][2799.478s][info][gc,phases   ] GC(571)   Evacuate Collection Set: 27.7ms
[2024-08-15T13:15:03.533+0000][2799.478s][info][gc,phases   ] GC(571)   Post Evacuate Collection Set: 2.3ms
[2024-08-15T13:15:03.533+0000][2799.478s][info][gc,phases   ] GC(571)   Other: 0.2ms
[2024-08-15T13:15:03.533+0000][2799.478s][info][gc,heap     ] GC(571) Eden regions: 817->0(813)
[2024-08-15T13:15:03.533+0000][2799.478s][info][gc,heap     ] GC(571) Survivor regions: 9->13(104)
[2024-08-15T13:15:03.533+0000][2799.478s][info][gc,heap     ] GC(571) Old regions: 379->379
[2024-08-15T13:15:03.533+0000][2799.478s][info][gc,heap     ] GC(571) Archive regions: 2->2
[2024-08-15T13:15:03.533+0000][2799.478s][info][gc,heap     ] GC(571) Humongous regions: 5->5
[2024-08-15T13:15:03.533+0000][2799.478s][info][gc,metaspace] GC(571) Metaspace: 439773K(446080K)->439773K(446080K) NonClass: 384814K(388416K)->384814K(388416K) Class: 54959K(57664K)->54959K(57664K)
[2024-08-15T13:15:03.533+0000][2799.478s][info][gc          ] GC(571) Pause Young (Normal) (G1 Evacuation Pause) 9675M->3168M(12288M) 30.739ms
[2024-08-15T13:15:03.533+0000][2799.478s][info][gc,cpu      ] GC(571) User=0.18s Sys=0.00s Real=0.03s
[2024-08-15T13:15:11.640+0000][2807.584s][info][gc,start    ] GC(572) Pause Young (Concurrent Start) (G1 Evacuation Pause)
[2024-08-15T13:15:11.640+0000][2807.584s][info][gc,task     ] GC(572) Using 6 workers of 6 for evacuation
[2024-08-15T13:15:11.672+0000][2807.616s][info][gc,phases   ] GC(572)   Pre Evacuate Collection Set: 0.6ms
[2024-08-15T13:15:11.672+0000][2807.616s][info][gc,phases   ] GC(572)   Merge Heap Roots: 0.3ms
[2024-08-15T13:15:11.672+0000][2807.616s][info][gc,phases   ] GC(572)   Evacuate Collection Set: 28.9ms
[2024-08-15T13:15:11.672+0000][2807.616s][info][gc,phases   ] GC(572)   Post Evacuate Collection Set: 2.2ms
[2024-08-15T13:15:11.672+0000][2807.616s][info][gc,phases   ] GC(572)   Other: 0.3ms
[2024-08-15T13:15:11.672+0000][2807.616s][info][gc,heap     ] GC(572) Eden regions: 813->0(815)
[2024-08-15T13:15:11.672+0000][2807.616s][info][gc,heap     ] GC(572) Survivor regions: 13->12(104)
[2024-08-15T13:15:11.672+0000][2807.616s][info][gc,heap     ] GC(572) Old regions: 379->379
[2024-08-15T13:15:11.672+0000][2807.616s][info][gc,heap     ] GC(572) Archive regions: 2->2
[2024-08-15T13:15:11.672+0000][2807.616s][info][gc,heap     ] GC(572) Humongous regions: 5->5
[2024-08-15T13:15:11.672+0000][2807.616s][info][gc,metaspace] GC(572) Metaspace: 439775K(446080K)->439775K(446080K) NonClass: 384816K(388416K)->384816K(388416K) Class: 54959K(57664K)->54959K(57664K)
[2024-08-15T13:15:11.672+0000][2807.617s][info][gc          ] GC(572) Pause Young (Concurrent Start) (G1 Evacuation Pause) 9672M->3166M(12288M) 32.384ms
[2024-08-15T13:15:11.672+0000][2807.617s][info][gc,cpu      ] GC(572) User=0.19s Sys=0.00s Real=0.03s
[2024-08-15T13:15:11.672+0000][2807.617s][info][gc          ] GC(573) Concurrent Mark Cycle
[2024-08-15T13:15:11.672+0000][2807.617s][info][gc,marking  ] GC(573) Concurrent Clear Claimed Marks
[2024-08-15T13:15:11.672+0000][2807.617s][info][gc,marking  ] GC(573) Concurrent Clear Claimed Marks 0.435ms
[2024-08-15T13:15:11.672+0000][2807.617s][info][gc,marking  ] GC(573) Concurrent Scan Root Regions
[2024-08-15T13:15:11.698+0000][2807.642s][info][gc,marking  ] GC(573) Concurrent Scan Root Regions 25.059ms
[2024-08-15T13:15:11.698+0000][2807.642s][info][gc,marking  ] GC(573) Concurrent Mark
[2024-08-15T13:15:11.698+0000][2807.642s][info][gc,marking  ] GC(573) Concurrent Mark From Roots
[2024-08-15T13:15:11.698+0000][2807.642s][info][gc,task     ] GC(573) Using 2 workers of 2 for marking
[2024-08-15T13:15:14.004+0000][2809.949s][info][gc,marking  ] GC(573) Concurrent Mark From Roots 2306.382ms
[2024-08-15T13:15:14.004+0000][2809.949s][info][gc,marking  ] GC(573) Concurrent Preclean
[2024-08-15T13:15:14.005+0000][2809.950s][info][gc,marking  ] GC(573) Concurrent Preclean 1.376ms
[2024-08-15T13:15:14.006+0000][2809.950s][info][gc,start    ] GC(573) Pause Remark
[2024-08-15T13:15:14.028+0000][2809.973s][info][gc          ] GC(573) Pause Remark 4854M->4852M(12288M) 22.730ms
[2024-08-15T13:15:14.028+0000][2809.973s][info][gc,cpu      ] GC(573) User=0.10s Sys=0.00s Real=0.02s
[2024-08-15T13:15:14.028+0000][2809.973s][info][gc,marking  ] GC(573) Concurrent Mark 2330.904ms
[2024-08-15T13:15:14.028+0000][2809.973s][info][gc,marking  ] GC(573) Concurrent Rebuild Remembered Sets
[2024-08-15T13:15:15.390+0000][2811.335s][info][gc,marking  ] GC(573) Concurrent Rebuild Remembered Sets 1361.488ms
[2024-08-15T13:15:15.390+0000][2811.335s][info][gc,start    ] GC(573) Pause Cleanup
[2024-08-15T13:15:15.391+0000][2811.335s][info][gc          ] GC(573) Pause Cleanup 5828M->5828M(12288M) 0.663ms
[2024-08-15T13:15:15.391+0000][2811.335s][info][gc,cpu      ] GC(573) User=0.00s Sys=0.00s Real=0.00s
[2024-08-15T13:15:15.391+0000][2811.336s][info][gc,marking  ] GC(573) Concurrent Cleanup for Next Mark
[2024-08-15T13:15:15.408+0000][2811.352s][info][gc,marking  ] GC(573) Concurrent Cleanup for Next Mark 16.770ms
[2024-08-15T13:15:15.408+0000][2811.352s][info][gc          ] GC(573) Concurrent Mark Cycle 3735.781ms
[2024-08-15T13:15:20.616+0000][2816.561s][info][gc,start    ] GC(574) Pause Young (Prepare Mixed) (G1 Evacuation Pause)
[2024-08-15T13:15:20.616+0000][2816.561s][info][gc,task     ] GC(574) Using 6 workers of 6 for evacuation
[2024-08-15T13:15:20.660+0000][2816.604s][info][gc,phases   ] GC(574)   Pre Evacuate Collection Set: 0.2ms
[2024-08-15T13:15:20.660+0000][2816.604s][info][gc,phases   ] GC(574)   Merge Heap Roots: 0.3ms
[2024-08-15T13:15:20.660+0000][2816.604s][info][gc,phases   ] GC(574)   Evacuate Collection Set: 40.4ms
[2024-08-15T13:15:20.660+0000][2816.604s][info][gc,phases   ] GC(574)   Post Evacuate Collection Set: 2.3ms
[2024-08-15T13:15:20.660+0000][2816.604s][info][gc,phases   ] GC(574)   Other: 0.2ms
[2024-08-15T13:15:20.660+0000][2816.604s][info][gc,heap     ] GC(574) Eden regions: 815->0(62)
[2024-08-15T13:15:20.660+0000][2816.604s][info][gc,heap     ] GC(574) Survivor regions: 12->14(104)
[2024-08-15T13:15:20.660+0000][2816.604s][info][gc,heap     ] GC(574) Old regions: 378->378
[2024-08-15T13:15:20.660+0000][2816.604s][info][gc,heap     ] GC(574) Archive regions: 2->2
[2024-08-15T13:15:20.660+0000][2816.604s][info][gc,heap     ] GC(574) Humongous regions: 5->5
[2024-08-15T13:15:20.660+0000][2816.604s][info][gc,metaspace] GC(574) Metaspace: 439784K(446080K)->439784K(446080K) NonClass: 384824K(388416K)->384824K(388416K) Class: 54959K(57664K)->54959K(57664K)
[2024-08-15T13:15:20.660+0000][2816.605s][info][gc          ] GC(574) Pause Young (Prepare Mixed) (G1 Evacuation Pause) 9684M->3178M(12288M) 43.488ms
[2024-08-15T13:15:20.660+0000][2816.605s][info][gc,cpu      ] GC(574) User=0.25s Sys=0.00s Real=0.04s
[2024-08-15T13:15:21.323+0000][2817.267s][info][gc,start    ] GC(575) Pause Young (Mixed) (G1 Evacuation Pause)
[2024-08-15T13:15:21.323+0000][2817.267s][info][gc,task     ] GC(575) Using 6 workers of 6 for evacuation
[2024-08-15T13:15:21.406+0000][2817.350s][info][gc,phases   ] GC(575)   Pre Evacuate Collection Set: 0.2ms
[2024-08-15T13:15:21.406+0000][2817.350s][info][gc,phases   ] GC(575)   Merge Heap Roots: 0.3ms
[2024-08-15T13:15:21.406+0000][2817.350s][info][gc,phases   ] GC(575)   Evacuate Collection Set: 80.6ms
[2024-08-15T13:15:21.406+0000][2817.350s][info][gc,phases   ] GC(575)   Post Evacuate Collection Set: 1.8ms
[2024-08-15T13:15:21.406+0000][2817.350s][info][gc,phases   ] GC(575)   Other: 0.2ms
[2024-08-15T13:15:21.406+0000][2817.350s][info][gc,heap     ] GC(575) Eden regions: 62->0(826)
[2024-08-15T13:15:21.406+0000][2817.350s][info][gc,heap     ] GC(575) Survivor regions: 14->6(10)
[2024-08-15T13:15:21.406+0000][2817.350s][info][gc,heap     ] GC(575) Old regions: 378->374
[2024-08-15T13:15:21.406+0000][2817.350s][info][gc,heap     ] GC(575) Archive regions: 2->2
[2024-08-15T13:15:21.406+0000][2817.350s][info][gc,heap     ] GC(575) Humongous regions: 5->5
[2024-08-15T13:15:21.406+0000][2817.350s][info][gc,metaspace] GC(575) Metaspace: 439784K(446080K)->439784K(446080K) NonClass: 384824K(388416K)->384824K(388416K) Class: 54959K(57664K)->54959K(57664K)
[2024-08-15T13:15:21.406+0000][2817.350s][info][gc          ] GC(575) Pause Young (Mixed) (G1 Evacuation Pause) 3674M->3080M(12288M) 83.215ms
[2024-08-15T13:15:21.406+0000][2817.350s][info][gc,cpu      ] GC(575) User=0.50s Sys=0.00s Real=0.09s
[2024-08-15T13:15:30.510+0000][2826.455s][info][gc,start    ] GC(576) Pause Young (Normal) (G1 Evacuation Pause)
[2024-08-15T13:15:30.510+0000][2826.455s][info][gc,task     ] GC(576) Using 6 workers of 6 for evacuation
[2024-08-15T13:15:30.532+0000][2826.477s][info][gc,phases   ] GC(576)   Pre Evacuate Collection Set: 0.2ms
[2024-08-15T13:15:30.532+0000][2826.477s][info][gc,phases   ] GC(576)   Merge Heap Roots: 0.2ms
[2024-08-15T13:15:30.532+0000][2826.477s][info][gc,phases   ] GC(576)   Evacuate Collection Set: 19.4ms
[2024-08-15T13:15:30.532+0000][2826.477s][info][gc,phases   ] GC(576)   Post Evacuate Collection Set: 2.2ms
[2024-08-15T13:15:30.532+0000][2826.477s][info][gc,phases   ] GC(576)   Other: 0.2ms
[2024-08-15T13:15:30.532+0000][2826.477s][info][gc,heap     ] GC(576) Eden regions: 826->0(824)
[2024-08-15T13:15:30.532+0000][2826.477s][info][gc,heap     ] GC(576) Survivor regions: 6->8(104)
[2024-08-15T13:15:30.532+0000][2826.477s][info][gc,heap     ] GC(576) Old regions: 374->374
[2024-08-15T13:15:30.532+0000][2826.477s][info][gc,heap     ] GC(576) Archive regions: 2->2
[2024-08-15T13:15:30.532+0000][2826.477s][info][gc,heap     ] GC(576) Humongous regions: 5->5
[2024-08-15T13:15:30.532+0000][2826.477s][info][gc,metaspace] GC(576) Metaspace: 439784K(446080K)->439784K(446080K) NonClass: 384824K(388416K)->384824K(388416K) Class: 54959K(57664K)->54959K(57664K)
[2024-08-15T13:15:30.532+0000][2826.477s][info][gc          ] GC(576) Pause Young (Normal) (G1 Evacuation Pause) 9688M->3100M(12288M) 22.294ms
[2024-08-15T13:15:30.532+0000][2826.477s][info][gc,cpu      ] GC(576) User=0.13s Sys=0.00s Real=0.02s
[2024-08-15T13:15:39.546+0000][2835.491s][info][gc,start    ] GC(577) Pause Young (Normal) (G1 Evacuation Pause)
[2024-08-15T13:15:39.546+0000][2835.491s][info][gc,task     ] GC(577) Using 6 workers of 6 for evacuation
[2024-08-15T13:15:39.581+0000][2835.525s][info][gc,phases   ] GC(577)   Pre Evacuate Collection Set: 0.2ms
[2024-08-15T13:15:39.581+0000][2835.525s][info][gc,phases   ] GC(577)   Merge Heap Roots: 0.2ms
[2024-08-15T13:15:39.581+0000][2835.525s][info][gc,phases   ] GC(577)   Evacuate Collection Set: 31.6ms
[2024-08-15T13:15:39.581+0000][2835.525s][info][gc,phases   ] GC(577)   Post Evacuate Collection Set: 2.3ms
[2024-08-15T13:15:39.581+0000][2835.525s][info][gc,phases   ] GC(577)   Other: 0.2ms
[2024-08-15T13:15:39.581+0000][2835.525s][info][gc,heap     ] GC(577) Eden regions: 824->0(820)
[2024-08-15T13:15:39.581+0000][2835.525s][info][gc,heap     ] GC(577) Survivor regions: 8->12(104)
[2024-08-15T13:15:39.581+0000][2835.525s][info][gc,heap     ] GC(577) Old regions: 374->374
[2024-08-15T13:15:39.581+0000][2835.525s][info][gc,heap     ] GC(577) Archive regions: 2->2
[2024-08-15T13:15:39.581+0000][2835.525s][info][gc,heap     ] GC(577) Humongous regions: 5->5
[2024-08-15T13:15:39.581+0000][2835.525s][info][gc,metaspace] GC(577) Metaspace: 439786K(446080K)->439786K(446080K) NonClass: 384827K(388416K)->384827K(388416K) Class: 54959K(57664K)->54959K(57664K)
[2024-08-15T13:15:39.581+0000][2835.525s][info][gc          ] GC(577) Pause Young (Normal) (G1 Evacuation Pause) 9692M->3130M(12288M) 34.661ms
[2024-08-15T13:15:39.581+0000][2835.526s][info][gc,cpu      ] GC(577) User=0.20s Sys=0.00s Real=0.03s
[2024-08-15T13:15:48.536+0000][2844.481s][info][gc,start    ] GC(578) Pause Young (Concurrent Start) (G1 Evacuation Pause)
[2024-08-15T13:15:48.537+0000][2844.481s][info][gc,task     ] GC(578) Using 6 workers of 6 for evacuation
[2024-08-15T13:15:48.570+0000][2844.515s][info][gc,phases   ] GC(578)   Pre Evacuate Collection Set: 0.6ms
[2024-08-15T13:15:48.570+0000][2844.515s][info][gc,phases   ] GC(578)   Merge Heap Roots: 0.3ms
[2024-08-15T13:15:48.570+0000][2844.515s][info][gc,phases   ] GC(578)   Evacuate Collection Set: 30.0ms
[2024-08-15T13:15:48.570+0000][2844.515s][info][gc,phases   ] GC(578)   Post Evacuate Collection Set: 2.4ms
[2024-08-15T13:15:48.570+0000][2844.515s][info][gc,phases   ] GC(578)   Other: 0.3ms
[2024-08-15T13:15:48.570+0000][2844.515s][info][gc,heap     ] GC(578) Eden regions: 820->0(820)
[2024-08-15T13:15:48.570+0000][2844.515s][info][gc,heap     ] GC(578) Survivor regions: 12->13(104)
[2024-08-15T13:15:48.570+0000][2844.515s][info][gc,heap     ] GC(578) Old regions: 374->374
[2024-08-15T13:15:48.570+0000][2844.515s][info][gc,heap     ] GC(578) Archive regions: 2->2
[2024-08-15T13:15:48.570+0000][2844.515s][info][gc,heap     ] GC(578) Humongous regions: 5->5
[2024-08-15T13:15:48.570+0000][2844.515s][info][gc,metaspace] GC(578) Metaspace: 439797K(446080K)->439797K(446080K) NonClass: 384834K(388416K)->384834K(388416K) Class: 54962K(57664K)->54962K(57664K)
[2024-08-15T13:15:48.570+0000][2844.515s][info][gc          ] GC(578) Pause Young (Concurrent Start) (G1 Evacuation Pause) 9690M->3135M(12288M) 33.529ms
[2024-08-15T13:15:48.570+0000][2844.515s][info][gc,cpu      ] GC(578) User=0.20s Sys=0.00s Real=0.03s
[2024-08-15T13:15:48.570+0000][2844.515s][info][gc          ] GC(579) Concurrent Mark Cycle
[2024-08-15T13:15:48.570+0000][2844.515s][info][gc,marking  ] GC(579) Concurrent Clear Claimed Marks
[2024-08-15T13:15:48.571+0000][2844.515s][info][gc,marking  ] GC(579) Concurrent Clear Claimed Marks 0.445ms
[2024-08-15T13:15:48.571+0000][2844.515s][info][gc,marking  ] GC(579) Concurrent Scan Root Regions
[2024-08-15T13:15:48.598+0000][2844.543s][info][gc,marking  ] GC(579) Concurrent Scan Root Regions 27.597ms
[2024-08-15T13:15:48.598+0000][2844.543s][info][gc,marking  ] GC(579) Concurrent Mark
[2024-08-15T13:15:48.598+0000][2844.543s][info][gc,marking  ] GC(579) Concurrent Mark From Roots
[2024-08-15T13:15:48.598+0000][2844.543s][info][gc,task     ] GC(579) Using 2 workers of 2 for marking
[2024-08-15T13:15:50.851+0000][2846.796s][info][gc,marking  ] GC(579) Concurrent Mark From Roots 2253.237ms
[2024-08-15T13:15:50.852+0000][2846.796s][info][gc,marking  ] GC(579) Concurrent Preclean
[2024-08-15T13:15:50.853+0000][2846.797s][info][gc,marking  ] GC(579) Concurrent Preclean 1.212ms
[2024-08-15T13:15:50.853+0000][2846.798s][info][gc,start    ] GC(579) Pause Remark
[2024-08-15T13:15:50.876+0000][2846.821s][info][gc          ] GC(579) Pause Remark 4675M->4675M(12288M) 23.338ms
[2024-08-15T13:15:50.876+0000][2846.821s][info][gc,cpu      ] GC(579) User=0.10s Sys=0.00s Real=0.03s
[2024-08-15T13:15:50.876+0000][2846.821s][info][gc,marking  ] GC(579) Concurrent Mark 2278.242ms
[2024-08-15T13:15:50.876+0000][2846.821s][info][gc,marking  ] GC(579) Concurrent Rebuild Remembered Sets
[2024-08-15T13:15:52.200+0000][2848.145s][info][gc,marking  ] GC(579) Concurrent Rebuild Remembered Sets 1323.570ms
[2024-08-15T13:15:52.200+0000][2848.145s][info][gc,start    ] GC(579) Pause Cleanup
[2024-08-15T13:15:52.201+0000][2848.146s][info][gc          ] GC(579) Pause Cleanup 5547M->5547M(12288M) 0.662ms
[2024-08-15T13:15:52.201+0000][2848.146s][info][gc,cpu      ] GC(579) User=0.01s Sys=0.00s Real=0.00s
[2024-08-15T13:15:52.201+0000][2848.146s][info][gc,marking  ] GC(579) Concurrent Cleanup for Next Mark
[2024-08-15T13:15:52.218+0000][2848.163s][info][gc,marking  ] GC(579) Concurrent Cleanup for Next Mark 17.239ms
[2024-08-15T13:15:52.218+0000][2848.163s][info][gc          ] GC(579) Concurrent Mark Cycle 3648.260ms
[2024-08-15T13:15:57.670+0000][2853.615s][info][gc,start    ] GC(580) Pause Young (Prepare Mixed) (G1 Evacuation Pause)
[2024-08-15T13:15:57.670+0000][2853.615s][info][gc,task     ] GC(580) Using 6 workers of 6 for evacuation
[2024-08-15T13:15:57.706+0000][2853.651s][info][gc,phases   ] GC(580)   Pre Evacuate Collection Set: 0.2ms
[2024-08-15T13:15:57.706+0000][2853.651s][info][gc,phases   ] GC(580)   Merge Heap Roots: 0.3ms
[2024-08-15T13:15:57.706+0000][2853.651s][info][gc,phases   ] GC(580)   Evacuate Collection Set: 33.5ms
[2024-08-15T13:15:57.706+0000][2853.651s][info][gc,phases   ] GC(580)   Post Evacuate Collection Set: 2.3ms
[2024-08-15T13:15:57.706+0000][2853.651s][info][gc,phases   ] GC(580)   Other: 0.2ms
[2024-08-15T13:15:57.706+0000][2853.651s][info][gc,heap     ] GC(580) Eden regions: 820->0(63)
[2024-08-15T13:15:57.706+0000][2853.651s][info][gc,heap     ] GC(580) Survivor regions: 13->13(105)
[2024-08-15T13:15:57.706+0000][2853.651s][info][gc,heap     ] GC(580) Old regions: 374->374
[2024-08-15T13:15:57.706+0000][2853.651s][info][gc,heap     ] GC(580) Archive regions: 2->2
[2024-08-15T13:15:57.706+0000][2853.651s][info][gc,heap     ] GC(580) Humongous regions: 5->5
[2024-08-15T13:15:57.706+0000][2853.651s][info][gc,metaspace] GC(580) Metaspace: 439797K(446080K)->439797K(446080K) NonClass: 384834K(388416K)->384834K(388416K) Class: 54962K(57664K)->54962K(57664K)
[2024-08-15T13:15:57.706+0000][2853.651s][info][gc          ] GC(580) Pause Young (Prepare Mixed) (G1 Evacuation Pause) 9695M->3140M(12288M) 36.557ms
[2024-08-15T13:15:57.706+0000][2853.651s][info][gc,cpu      ] GC(580) User=0.21s Sys=0.00s Real=0.04s
[2024-08-15T13:15:58.424+0000][2854.369s][info][gc,start    ] GC(581) Pause Young (Mixed) (G1 Evacuation Pause)
[2024-08-15T13:15:58.424+0000][2854.369s][info][gc,task     ] GC(581) Using 6 workers of 6 for evacuation
[2024-08-15T13:15:58.503+0000][2854.448s][info][gc,phases   ] GC(581)   Pre Evacuate Collection Set: 0.2ms
[2024-08-15T13:15:58.503+0000][2854.448s][info][gc,phases   ] GC(581)   Merge Heap Roots: 0.3ms
[2024-08-15T13:15:58.503+0000][2854.448s][info][gc,phases   ] GC(581)   Evacuate Collection Set: 76.8ms
[2024-08-15T13:15:58.503+0000][2854.448s][info][gc,phases   ] GC(581)   Post Evacuate Collection Set: 1.9ms
[2024-08-15T13:15:58.503+0000][2854.448s][info][gc,phases   ] GC(581)   Other: 0.2ms
[2024-08-15T13:15:58.503+0000][2854.448s][info][gc,heap     ] GC(581) Eden regions: 63->0(831)
[2024-08-15T13:15:58.503+0000][2854.448s][info][gc,heap     ] GC(581) Survivor regions: 13->5(10)
[2024-08-15T13:15:58.503+0000][2854.448s][info][gc,heap     ] GC(581) Old regions: 374->371
[2024-08-15T13:15:58.503+0000][2854.448s][info][gc,heap     ] GC(581) Archive regions: 2->2
[2024-08-15T13:15:58.503+0000][2854.448s][info][gc,heap     ] GC(581) Humongous regions: 5->5
[2024-08-15T13:15:58.503+0000][2854.448s][info][gc,metaspace] GC(581) Metaspace: 439797K(446080K)->439797K(446080K) NonClass: 384834K(388416K)->384834K(388416K) Class: 54962K(57664K)->54962K(57664K)
[2024-08-15T13:15:58.503+0000][2854.448s][info][gc          ] GC(581) Pause Young (Mixed) (G1 Evacuation Pause) 3644M->3052M(12288M) 79.383ms
[2024-08-15T13:15:58.504+0000][2854.448s][info][gc,cpu      ] GC(581) User=0.47s Sys=0.00s Real=0.08s
[2024-08-15T13:16:07.689+0000][2863.633s][info][gc,start    ] GC(582) Pause Young (Normal) (G1 Evacuation Pause)
[2024-08-15T13:16:07.689+0000][2863.634s][info][gc,task     ] GC(582) Using 6 workers of 6 for evacuation
[2024-08-15T13:16:07.710+0000][2863.655s][info][gc,phases   ] GC(582)   Pre Evacuate Collection Set: 0.2ms
[2024-08-15T13:16:07.710+0000][2863.655s][info][gc,phases   ] GC(582)   Merge Heap Roots: 0.3ms
[2024-08-15T13:16:07.710+0000][2863.655s][info][gc,phases   ] GC(582)   Evacuate Collection Set: 18.7ms
[2024-08-15T13:16:07.710+0000][2863.655s][info][gc,phases   ] GC(582)   Post Evacuate Collection Set: 2.2ms
[2024-08-15T13:16:07.710+0000][2863.655s][info][gc,phases   ] GC(582)   Other: 0.2ms
[2024-08-15T13:16:07.710+0000][2863.655s][info][gc,heap     ] GC(582) Eden regions: 831->0(828)
[2024-08-15T13:16:07.710+0000][2863.655s][info][gc,heap     ] GC(582) Survivor regions: 5->8(105)
[2024-08-15T13:16:07.710+0000][2863.655s][info][gc,heap     ] GC(582) Old regions: 371->371
[2024-08-15T13:16:07.710+0000][2863.655s][info][gc,heap     ] GC(582) Archive regions: 2->2
[2024-08-15T13:16:07.710+0000][2863.655s][info][gc,heap     ] GC(582) Humongous regions: 5->5
[2024-08-15T13:16:07.710+0000][2863.655s][info][gc,metaspace] GC(582) Metaspace: 439797K(446080K)->439797K(446080K) NonClass: 384834K(388416K)->384834K(388416K) Class: 54962K(57664K)->54962K(57664K)
[2024-08-15T13:16:07.710+0000][2863.655s][info][gc          ] GC(582) Pause Young (Normal) (G1 Evacuation Pause) 9700M->3074M(12288M) 21.621ms
[2024-08-15T13:16:07.711+0000][2863.655s][info][gc,cpu      ] GC(582) User=0.12s Sys=0.00s Real=0.02s
[2024-08-15T13:16:16.961+0000][2872.905s][info][gc,start    ] GC(583) Pause Young (Normal) (G1 Evacuation Pause)
[2024-08-15T13:16:16.961+0000][2872.905s][info][gc,task     ] GC(583) Using 6 workers of 6 for evacuation
[2024-08-15T13:16:16.988+0000][2872.933s][info][gc,phases   ] GC(583)   Pre Evacuate Collection Set: 0.2ms
[2024-08-15T13:16:16.988+0000][2872.933s][info][gc,phases   ] GC(583)   Merge Heap Roots: 0.3ms
[2024-08-15T13:16:16.988+0000][2872.933s][info][gc,phases   ] GC(583)   Evacuate Collection Set: 24.6ms
[2024-08-15T13:16:16.988+0000][2872.933s][info][gc,phases   ] GC(583)   Post Evacuate Collection Set: 2.2ms
[2024-08-15T13:16:16.988+0000][2872.933s][info][gc,phases   ] GC(583)   Other: 0.2ms
[2024-08-15T13:16:16.988+0000][2872.933s][info][gc,heap     ] GC(583) Eden regions: 828->0(824)
[2024-08-15T13:16:16.988+0000][2872.933s][info][gc,heap     ] GC(583) Survivor regions: 8->12(105)
[2024-08-15T13:16:16.988+0000][2872.933s][info][gc,heap     ] GC(583) Old regions: 371->371
[2024-08-15T13:16:16.988+0000][2872.933s][info][gc,heap     ] GC(583) Archive regions: 2->2
[2024-08-15T13:16:16.988+0000][2872.933s][info][gc,heap     ] GC(583) Humongous regions: 5->5
[2024-08-15T13:16:16.988+0000][2872.933s][info][gc,metaspace] GC(583) Metaspace: 439798K(446080K)->439798K(446080K) NonClass: 384835K(388416K)->384835K(388416K) Class: 54962K(57664K)->54962K(57664K)
[2024-08-15T13:16:16.988+0000][2872.933s][info][gc          ] GC(583) Pause Young (Normal) (G1 Evacuation Pause) 9698M->3103M(12288M) 27.503ms
[2024-08-15T13:16:16.988+0000][2872.933s][info][gc,cpu      ] GC(583) User=0.16s Sys=0.00s Real=0.03s
[2024-08-15T13:16:26.217+0000][2882.161s][info][gc,start    ] GC(584) Pause Young (Concurrent Start) (G1 Evacuation Pause)
[2024-08-15T13:16:26.217+0000][2882.161s][info][gc,task     ] GC(584) Using 6 workers of 6 for evacuation
[2024-08-15T13:16:26.253+0000][2882.197s][info][gc,phases   ] GC(584)   Pre Evacuate Collection Set: 0.6ms
[2024-08-15T13:16:26.253+0000][2882.197s][info][gc,phases   ] GC(584)   Merge Heap Roots: 0.2ms
[2024-08-15T13:16:26.253+0000][2882.197s][info][gc,phases   ] GC(584)   Evacuate Collection Set: 32.7ms
[2024-08-15T13:16:26.253+0000][2882.197s][info][gc,phases   ] GC(584)   Post Evacuate Collection Set: 2.2ms
[2024-08-15T13:16:26.253+0000][2882.197s][info][gc,phases   ] GC(584)   Other: 0.3ms
[2024-08-15T13:16:26.253+0000][2882.197s][info][gc,heap     ] GC(584) Eden regions: 824->0(820)
[2024-08-15T13:16:26.253+0000][2882.197s][info][gc,heap     ] GC(584) Survivor regions: 12->15(105)
[2024-08-15T13:16:26.253+0000][2882.197s][info][gc,heap     ] GC(584) Old regions: 371->371
[2024-08-15T13:16:26.253+0000][2882.197s][info][gc,heap     ] GC(584) Archive regions: 2->2
[2024-08-15T13:16:26.253+0000][2882.197s][info][gc,heap     ] GC(584) Humongous regions: 5->5
[2024-08-15T13:16:26.253+0000][2882.197s][info][gc,metaspace] GC(584) Metaspace: 439799K(446080K)->439799K(446080K) NonClass: 384837K(388416K)->384837K(388416K) Class: 54962K(57664K)->54962K(57664K)
[2024-08-15T13:16:26.253+0000][2882.197s][info][gc          ] GC(584) Pause Young (Concurrent Start) (G1 Evacuation Pause) 9695M->3131M(12288M) 36.095ms
[2024-08-15T13:16:26.253+0000][2882.197s][info][gc,cpu      ] GC(584) User=0.21s Sys=0.00s Real=0.03s
[2024-08-15T13:16:26.253+0000][2882.198s][info][gc          ] GC(585) Concurrent Mark Cycle
[2024-08-15T13:16:26.253+0000][2882.198s][info][gc,marking  ] GC(585) Concurrent Clear Claimed Marks
[2024-08-15T13:16:26.253+0000][2882.198s][info][gc,marking  ] GC(585) Concurrent Clear Claimed Marks 0.411ms
[2024-08-15T13:16:26.253+0000][2882.198s][info][gc,marking  ] GC(585) Concurrent Scan Root Regions
[2024-08-15T13:16:26.288+0000][2882.232s][info][gc,marking  ] GC(585) Concurrent Scan Root Regions 34.415ms
[2024-08-15T13:16:26.288+0000][2882.232s][info][gc,marking  ] GC(585) Concurrent Mark
[2024-08-15T13:16:26.288+0000][2882.232s][info][gc,marking  ] GC(585) Concurrent Mark From Roots
[2024-08-15T13:16:26.288+0000][2882.232s][info][gc,task     ] GC(585) Using 2 workers of 2 for marking
[2024-08-15T13:16:28.540+0000][2884.484s][info][gc,marking  ] GC(585) Concurrent Mark From Roots 2251.931ms
[2024-08-15T13:16:28.540+0000][2884.484s][info][gc,marking  ] GC(585) Concurrent Preclean
[2024-08-15T13:16:28.541+0000][2884.486s][info][gc,marking  ] GC(585) Concurrent Preclean 1.593ms
[2024-08-15T13:16:28.542+0000][2884.486s][info][gc,start    ] GC(585) Pause Remark
[2024-08-15T13:16:28.565+0000][2884.510s][info][gc          ] GC(585) Pause Remark 4787M->4787M(12288M) 23.318ms
[2024-08-15T13:16:28.565+0000][2884.510s][info][gc,cpu      ] GC(585) User=0.10s Sys=0.00s Real=0.03s
[2024-08-15T13:16:28.565+0000][2884.510s][info][gc,marking  ] GC(585) Concurrent Mark 2277.275ms
[2024-08-15T13:16:28.565+0000][2884.510s][info][gc,marking  ] GC(585) Concurrent Rebuild Remembered Sets
[2024-08-15T13:16:29.899+0000][2885.844s][info][gc,marking  ] GC(585) Concurrent Rebuild Remembered Sets 1334.312ms
[2024-08-15T13:16:29.900+0000][2885.844s][info][gc,start    ] GC(585) Pause Cleanup
[2024-08-15T13:16:29.900+0000][2885.845s][info][gc          ] GC(585) Pause Cleanup 5695M->5695M(12288M) 0.636ms
[2024-08-15T13:16:29.900+0000][2885.845s][info][gc,cpu      ] GC(585) User=0.00s Sys=0.00s Real=0.00s
[2024-08-15T13:16:29.900+0000][2885.845s][info][gc,marking  ] GC(585) Concurrent Cleanup for Next Mark
[2024-08-15T13:16:29.929+0000][2885.874s][info][gc,marking  ] GC(585) Concurrent Cleanup for Next Mark 29.017ms
[2024-08-15T13:16:29.929+0000][2885.874s][info][gc          ] GC(585) Concurrent Mark Cycle 3676.506ms
[2024-08-15T13:16:35.429+0000][2891.373s][info][gc,start    ] GC(586) Pause Young (Prepare Mixed) (G1 Evacuation Pause)
[2024-08-15T13:16:35.429+0000][2891.374s][info][gc,task     ] GC(586) Using 6 workers of 6 for evacuation
[2024-08-15T13:16:35.469+0000][2891.414s][info][gc,phases   ] GC(586)   Pre Evacuate Collection Set: 0.2ms
[2024-08-15T13:16:35.469+0000][2891.414s][info][gc,phases   ] GC(586)   Merge Heap Roots: 0.3ms
[2024-08-15T13:16:35.469+0000][2891.414s][info][gc,phases   ] GC(586)   Evacuate Collection Set: 37.4ms
[2024-08-15T13:16:35.469+0000][2891.414s][info][gc,phases   ] GC(586)   Post Evacuate Collection Set: 2.3ms
[2024-08-15T13:16:35.469+0000][2891.414s][info][gc,phases   ] GC(586)   Other: 0.2ms
[2024-08-15T13:16:35.469+0000][2891.414s][info][gc,heap     ] GC(586) Eden regions: 820->0(61)
[2024-08-15T13:16:35.469+0000][2891.414s][info][gc,heap     ] GC(586) Survivor regions: 15->15(105)
[2024-08-15T13:16:35.469+0000][2891.414s][info][gc,heap     ] GC(586) Old regions: 371->371
[2024-08-15T13:16:35.469+0000][2891.414s][info][gc,heap     ] GC(586) Archive regions: 2->2
[2024-08-15T13:16:35.469+0000][2891.414s][info][gc,heap     ] GC(586) Humongous regions: 5->5
[2024-08-15T13:16:35.469+0000][2891.414s][info][gc,metaspace] GC(586) Metaspace: 439804K(446080K)->439804K(446080K) NonClass: 384841K(388416K)->384841K(388416K) Class: 54962K(57664K)->54962K(57664K)
[2024-08-15T13:16:35.469+0000][2891.414s][info][gc          ] GC(586) Pause Young (Prepare Mixed) (G1 Evacuation Pause) 9691M->3131M(12288M) 40.500ms
[2024-08-15T13:16:35.469+0000][2891.414s][info][gc,cpu      ] GC(586) User=0.24s Sys=0.00s Real=0.04s
[2024-08-15T13:16:36.153+0000][2892.098s][info][gc,start    ] GC(587) Pause Young (Mixed) (G1 Evacuation Pause)
[2024-08-15T13:16:36.154+0000][2892.098s][info][gc,task     ] GC(587) Using 6 workers of 6 for evacuation
[2024-08-15T13:16:36.233+0000][2892.178s][info][gc,phases   ] GC(587)   Pre Evacuate Collection Set: 0.2ms
[2024-08-15T13:16:36.233+0000][2892.178s][info][gc,phases   ] GC(587)   Merge Heap Roots: 0.3ms
[2024-08-15T13:16:36.233+0000][2892.178s][info][gc,phases   ] GC(587)   Evacuate Collection Set: 77.1ms
[2024-08-15T13:16:36.233+0000][2892.178s][info][gc,phases   ] GC(587)   Post Evacuate Collection Set: 1.7ms
[2024-08-15T13:16:36.233+0000][2892.178s][info][gc,phases   ] GC(587)   Other: 0.2ms
[2024-08-15T13:16:36.233+0000][2892.178s][info][gc,heap     ] GC(587) Eden regions: 61->0(831)
[2024-08-15T13:16:36.233+0000][2892.178s][info][gc,heap     ] GC(587) Survivor regions: 15->5(10)
[2024-08-15T13:16:36.233+0000][2892.178s][info][gc,heap     ] GC(587) Old regions: 371->371
[2024-08-15T13:16:36.233+0000][2892.178s][info][gc,heap     ] GC(587) Archive regions: 2->2
[2024-08-15T13:16:36.233+0000][2892.178s][info][gc,heap     ] GC(587) Humongous regions: 5->5
[2024-08-15T13:16:36.233+0000][2892.178s][info][gc,metaspace] GC(587) Metaspace: 439804K(446080K)->439804K(446080K) NonClass: 384841K(388416K)->384841K(388416K) Class: 54962K(57664K)->54962K(57664K)
[2024-08-15T13:16:36.233+0000][2892.178s][info][gc          ] GC(587) Pause Young (Mixed) (G1 Evacuation Pause) 3619M->3046M(12288M) 79.538ms
[2024-08-15T13:16:36.233+0000][2892.178s][info][gc,cpu      ] GC(587) User=0.46s Sys=0.01s Real=0.08s
[2024-08-15T13:16:45.782+0000][2901.727s][info][gc,start    ] GC(588) Pause Young (Normal) (G1 Evacuation Pause)
[2024-08-15T13:16:45.782+0000][2901.727s][info][gc,task     ] GC(588) Using 6 workers of 6 for evacuation
[2024-08-15T13:16:45.802+0000][2901.747s][info][gc,phases   ] GC(588)   Pre Evacuate Collection Set: 0.2ms
[2024-08-15T13:16:45.802+0000][2901.747s][info][gc,phases   ] GC(588)   Merge Heap Roots: 0.2ms
[2024-08-15T13:16:45.802+0000][2901.747s][info][gc,phases   ] GC(588)   Evacuate Collection Set: 17.3ms
[2024-08-15T13:16:45.802+0000][2901.747s][info][gc,phases   ] GC(588)   Post Evacuate Collection Set: 2.3ms
[2024-08-15T13:16:45.802+0000][2901.747s][info][gc,phases   ] GC(588)   Other: 0.2ms
[2024-08-15T13:16:45.802+0000][2901.747s][info][gc,heap     ] GC(588) Eden regions: 831->0(828)
[2024-08-15T13:16:45.802+0000][2901.747s][info][gc,heap     ] GC(588) Survivor regions: 5->8(105)
[2024-08-15T13:16:45.802+0000][2901.747s][info][gc,heap     ] GC(588) Old regions: 371->371
[2024-08-15T13:16:45.802+0000][2901.747s][info][gc,heap     ] GC(588) Archive regions: 2->2
[2024-08-15T13:16:45.802+0000][2901.747s][info][gc,heap     ] GC(588) Humongous regions: 5->5
[2024-08-15T13:16:45.802+0000][2901.747s][info][gc,metaspace] GC(588) Metaspace: 439805K(446080K)->439805K(446080K) NonClass: 384842K(388416K)->384842K(388416K) Class: 54962K(57664K)->54962K(57664K)
[2024-08-15T13:16:45.802+0000][2901.747s][info][gc          ] GC(588) Pause Young (Normal) (G1 Evacuation Pause) 9694M->3071M(12288M) 20.321ms
[2024-08-15T13:16:45.802+0000][2901.747s][info][gc,cpu      ] GC(588) User=0.12s Sys=0.00s Real=0.02s
[2024-08-15T13:16:54.553+0000][2910.497s][info][gc,start    ] GC(589) Pause Young (Normal) (G1 Evacuation Pause)
[2024-08-15T13:16:54.553+0000][2910.497s][info][gc,task     ] GC(589) Using 6 workers of 6 for evacuation
[2024-08-15T13:16:54.579+0000][2910.524s][info][gc,phases   ] GC(589)   Pre Evacuate Collection Set: 0.2ms
[2024-08-15T13:16:54.579+0000][2910.524s][info][gc,phases   ] GC(589)   Merge Heap Roots: 0.2ms
[2024-08-15T13:16:54.579+0000][2910.524s][info][gc,phases   ] GC(589)   Evacuate Collection Set: 23.5ms
[2024-08-15T13:16:54.579+0000][2910.524s][info][gc,phases   ] GC(589)   Post Evacuate Collection Set: 2.3ms
[2024-08-15T13:16:54.579+0000][2910.524s][info][gc,phases   ] GC(589)   Other: 0.2ms
[2024-08-15T13:16:54.579+0000][2910.524s][info][gc,heap     ] GC(589) Eden regions: 828->0(825)
[2024-08-15T13:16:54.579+0000][2910.524s][info][gc,heap     ] GC(589) Survivor regions: 8->11(105)
[2024-08-15T13:16:54.579+0000][2910.524s][info][gc,heap     ] GC(589) Old regions: 371->371
[2024-08-15T13:16:54.579+0000][2910.524s][info][gc,heap     ] GC(589) Archive regions: 2->2
[2024-08-15T13:16:54.579+0000][2910.524s][info][gc,heap     ] GC(589) Humongous regions: 5->5
[2024-08-15T13:16:54.579+0000][2910.524s][info][gc,metaspace] GC(589) Metaspace: 439805K(446080K)->439805K(446080K) NonClass: 384842K(388416K)->384842K(388416K) Class: 54962K(57664K)->54962K(57664K)
[2024-08-15T13:16:54.579+0000][2910.524s][info][gc          ] GC(589) Pause Young (Normal) (G1 Evacuation Pause) 9695M->3092M(12288M) 26.558ms
[2024-08-15T13:16:54.579+0000][2910.524s][info][gc,cpu      ] GC(589) User=0.18s Sys=0.00s Real=0.03s
[2024-08-15T13:17:03.359+0000][2919.304s][info][gc,start    ] GC(590) Pause Young (Concurrent Start) (G1 Evacuation Pause)
[2024-08-15T13:17:03.359+0000][2919.304s][info][gc,task     ] GC(590) Using 6 workers of 6 for evacuation
[2024-08-15T13:17:03.390+0000][2919.335s][info][gc,phases   ] GC(590)   Pre Evacuate Collection Set: 0.6ms
[2024-08-15T13:17:03.390+0000][2919.335s][info][gc,phases   ] GC(590)   Merge Heap Roots: 0.2ms
[2024-08-15T13:17:03.390+0000][2919.335s][info][gc,phases   ] GC(590)   Evacuate Collection Set: 27.7ms
[2024-08-15T13:17:03.390+0000][2919.335s][info][gc,phases   ] GC(590)   Post Evacuate Collection Set: 2.2ms
[2024-08-15T13:17:03.390+0000][2919.335s][info][gc,phases   ] GC(590)   Other: 0.3ms
[2024-08-15T13:17:03.390+0000][2919.335s][info][gc,heap     ] GC(590) Eden regions: 825->0(822)
[2024-08-15T13:17:03.390+0000][2919.335s][info][gc,heap     ] GC(590) Survivor regions: 11->14(105)
[2024-08-15T13:17:03.390+0000][2919.335s][info][gc,heap     ] GC(590) Old regions: 371->371
[2024-08-15T13:17:03.390+0000][2919.335s][info][gc,heap     ] GC(590) Archive regions: 2->2
[2024-08-15T13:17:03.390+0000][2919.335s][info][gc,heap     ] GC(590) Humongous regions: 5->5
[2024-08-15T13:17:03.390+0000][2919.335s][info][gc,metaspace] GC(590) Metaspace: 439813K(446080K)->439813K(446080K) NonClass: 384850K(388416K)->384850K(388416K) Class: 54962K(57664K)->54962K(57664K)
[2024-08-15T13:17:03.390+0000][2919.335s][info][gc          ] GC(590) Pause Young (Concurrent Start) (G1 Evacuation Pause) 9692M->3119M(12288M) 31.123ms
[2024-08-15T13:17:03.390+0000][2919.335s][info][gc,cpu      ] GC(590) User=0.18s Sys=0.00s Real=0.03s
[2024-08-15T13:17:03.390+0000][2919.335s][info][gc          ] GC(591) Concurrent Mark Cycle
[2024-08-15T13:17:03.390+0000][2919.335s][info][gc,marking  ] GC(591) Concurrent Clear Claimed Marks
[2024-08-15T13:17:03.391+0000][2919.335s][info][gc,marking  ] GC(591) Concurrent Clear Claimed Marks 0.454ms
[2024-08-15T13:17:03.391+0000][2919.335s][info][gc,marking  ] GC(591) Concurrent Scan Root Regions
[2024-08-15T13:17:03.416+0000][2919.361s][info][gc,marking  ] GC(591) Concurrent Scan Root Regions 25.250ms
[2024-08-15T13:17:03.416+0000][2919.361s][info][gc,marking  ] GC(591) Concurrent Mark
[2024-08-15T13:17:03.416+0000][2919.361s][info][gc,marking  ] GC(591) Concurrent Mark From Roots
[2024-08-15T13:17:03.416+0000][2919.361s][info][gc,task     ] GC(591) Using 2 workers of 2 for marking
[2024-08-15T13:17:05.803+0000][2921.747s][info][gc,marking  ] GC(591) Concurrent Mark From Roots 2386.850ms
[2024-08-15T13:17:05.803+0000][2921.748s][info][gc,marking  ] GC(591) Concurrent Preclean
[2024-08-15T13:17:05.804+0000][2921.749s][info][gc,marking  ] GC(591) Concurrent Preclean 1.530ms
[2024-08-15T13:17:05.805+0000][2921.749s][info][gc,start    ] GC(591) Pause Remark
[2024-08-15T13:17:05.829+0000][2921.774s][info][gc          ] GC(591) Pause Remark 4807M->4807M(12288M) 24.732ms
[2024-08-15T13:17:05.829+0000][2921.774s][info][gc,cpu      ] GC(591) User=0.11s Sys=0.00s Real=0.02s
[2024-08-15T13:17:05.830+0000][2921.774s][info][gc,marking  ] GC(591) Concurrent Mark 2413.678ms
[2024-08-15T13:17:05.830+0000][2921.774s][info][gc,marking  ] GC(591) Concurrent Rebuild Remembered Sets
[2024-08-15T13:17:07.174+0000][2923.118s][info][gc,marking  ] GC(591) Concurrent Rebuild Remembered Sets 1344.057ms
[2024-08-15T13:17:07.174+0000][2923.119s][info][gc,start    ] GC(591) Pause Cleanup
[2024-08-15T13:17:07.175+0000][2923.119s][info][gc          ] GC(591) Pause Cleanup 5911M->5911M(12288M) 0.626ms
[2024-08-15T13:17:07.175+0000][2923.119s][info][gc,cpu      ] GC(591) User=0.00s Sys=0.00s Real=0.00s
[2024-08-15T13:17:07.175+0000][2923.119s][info][gc,marking  ] GC(591) Concurrent Cleanup for Next Mark
[2024-08-15T13:17:07.192+0000][2923.137s][info][gc,marking  ] GC(591) Concurrent Cleanup for Next Mark 17.262ms
[2024-08-15T13:17:07.192+0000][2923.137s][info][gc          ] GC(591) Concurrent Mark Cycle 3801.766ms
[2024-08-15T13:17:12.121+0000][2928.065s][info][gc,start    ] GC(592) Pause Young (Prepare Mixed) (G1 Evacuation Pause)
[2024-08-15T13:17:12.121+0000][2928.065s][info][gc,task     ] GC(592) Using 6 workers of 6 for evacuation
[2024-08-15T13:17:12.161+0000][2928.105s][info][gc,phases   ] GC(592)   Pre Evacuate Collection Set: 0.2ms
[2024-08-15T13:17:12.161+0000][2928.105s][info][gc,phases   ] GC(592)   Merge Heap Roots: 0.3ms
[2024-08-15T13:17:12.161+0000][2928.105s][info][gc,phases   ] GC(592)   Evacuate Collection Set: 37.2ms
[2024-08-15T13:17:12.161+0000][2928.105s][info][gc,phases   ] GC(592)   Post Evacuate Collection Set: 2.3ms
[2024-08-15T13:17:12.161+0000][2928.105s][info][gc,phases   ] GC(592)   Other: 0.2ms
[2024-08-15T13:17:12.161+0000][2928.105s][info][gc,heap     ] GC(592) Eden regions: 822->0(62)
[2024-08-15T13:17:12.161+0000][2928.105s][info][gc,heap     ] GC(592) Survivor regions: 14->14(105)
[2024-08-15T13:17:12.161+0000][2928.105s][info][gc,heap     ] GC(592) Old regions: 371->371
[2024-08-15T13:17:12.161+0000][2928.105s][info][gc,heap     ] GC(592) Archive regions: 2->2
[2024-08-15T13:17:12.161+0000][2928.105s][info][gc,heap     ] GC(592) Humongous regions: 5->5
[2024-08-15T13:17:12.161+0000][2928.105s][info][gc,metaspace] GC(592) Metaspace: 439814K(446080K)->439814K(446080K) NonClass: 384851K(388416K)->384851K(388416K) Class: 54962K(57664K)->54962K(57664K)
[2024-08-15T13:17:12.161+0000][2928.105s][info][gc          ] GC(592) Pause Young (Prepare Mixed) (G1 Evacuation Pause) 9695M->3117M(12288M) 40.177ms
[2024-08-15T13:17:12.161+0000][2928.105s][info][gc,cpu      ] GC(592) User=0.24s Sys=0.00s Real=0.04s
[2024-08-15T13:17:12.809+0000][2928.754s][info][gc,start    ] GC(593) Pause Young (Mixed) (G1 Evacuation Pause)
[2024-08-15T13:17:12.809+0000][2928.754s][info][gc,task     ] GC(593) Using 6 workers of 6 for evacuation
[2024-08-15T13:17:12.885+0000][2928.829s][info][gc,phases   ] GC(593)   Pre Evacuate Collection Set: 0.2ms
[2024-08-15T13:17:12.885+0000][2928.829s][info][gc,phases   ] GC(593)   Merge Heap Roots: 0.2ms
[2024-08-15T13:17:12.885+0000][2928.829s][info][gc,phases   ] GC(593)   Evacuate Collection Set: 73.0ms
[2024-08-15T13:17:12.885+0000][2928.829s][info][gc,phases   ] GC(593)   Post Evacuate Collection Set: 1.8ms
[2024-08-15T13:17:12.885+0000][2928.829s][info][gc,phases   ] GC(593)   Other: 0.2ms
[2024-08-15T13:17:12.885+0000][2928.829s][info][gc,heap     ] GC(593) Eden regions: 62->0(832)
[2024-08-15T13:17:12.885+0000][2928.829s][info][gc,heap     ] GC(593) Survivor regions: 14->6(10)
[2024-08-15T13:17:12.885+0000][2928.829s][info][gc,heap     ] GC(593) Old regions: 371->369
[2024-08-15T13:17:12.885+0000][2928.829s][info][gc,heap     ] GC(593) Archive regions: 2->2
[2024-08-15T13:17:12.885+0000][2928.829s][info][gc,heap     ] GC(593) Humongous regions: 5->5
[2024-08-15T13:17:12.885+0000][2928.829s][info][gc,metaspace] GC(593) Metaspace: 439814K(446080K)->439814K(446080K) NonClass: 384851K(388416K)->384851K(388416K) Class: 54962K(57664K)->54962K(57664K)
[2024-08-15T13:17:12.885+0000][2928.829s][info][gc          ] GC(593) Pause Young (Mixed) (G1 Evacuation Pause) 3613M->3038M(12288M) 75.412ms
[2024-08-15T13:17:12.885+0000][2928.830s][info][gc,cpu      ] GC(593) User=0.44s Sys=0.01s Real=0.08s
[2024-08-15T13:17:21.651+0000][2937.595s][info][gc,start    ] GC(594) Pause Young (Normal) (G1 Evacuation Pause)
[2024-08-15T13:17:21.651+0000][2937.595s][info][gc,task     ] GC(594) Using 6 workers of 6 for evacuation
[2024-08-15T13:17:21.675+0000][2937.619s][info][gc,phases   ] GC(594)   Pre Evacuate Collection Set: 0.2ms
[2024-08-15T13:17:21.675+0000][2937.619s][info][gc,phases   ] GC(594)   Merge Heap Roots: 0.3ms
[2024-08-15T13:17:21.675+0000][2937.619s][info][gc,phases   ] GC(594)   Evacuate Collection Set: 20.9ms
[2024-08-15T13:17:21.675+0000][2937.619s][info][gc,phases   ] GC(594)   Post Evacuate Collection Set: 2.5ms
[2024-08-15T13:17:21.675+0000][2937.619s][info][gc,phases   ] GC(594)   Other: 0.2ms
[2024-08-15T13:17:21.675+0000][2937.619s][info][gc,heap     ] GC(594) Eden regions: 832->0(831)
[2024-08-15T13:17:21.675+0000][2937.619s][info][gc,heap     ] GC(594) Survivor regions: 6->7(105)
[2024-08-15T13:17:21.675+0000][2937.619s][info][gc,heap     ] GC(594) Old regions: 369->369
[2024-08-15T13:17:21.675+0000][2937.619s][info][gc,heap     ] GC(594) Archive regions: 2->2
[2024-08-15T13:17:21.675+0000][2937.619s][info][gc,heap     ] GC(594) Humongous regions: 5->5
[2024-08-15T13:17:21.675+0000][2937.619s][info][gc,metaspace] GC(594) Metaspace: 439814K(446080K)->439814K(446080K) NonClass: 384851K(388416K)->384851K(388416K) Class: 54962K(57664K)->54962K(57664K)
[2024-08-15T13:17:21.675+0000][2937.619s][info][gc          ] GC(594) Pause Young (Normal) (G1 Evacuation Pause) 9694M->3049M(12288M) 24.046ms
[2024-08-15T13:17:21.675+0000][2937.619s][info][gc,cpu      ] GC(594) User=0.14s Sys=0.00s Real=0.02s
[2024-08-15T13:17:30.665+0000][2946.610s][info][gc,start    ] GC(595) Pause Young (Normal) (G1 Evacuation Pause)
[2024-08-15T13:17:30.665+0000][2946.610s][info][gc,task     ] GC(595) Using 6 workers of 6 for evacuation
[2024-08-15T13:17:30.691+0000][2946.636s][info][gc,phases   ] GC(595)   Pre Evacuate Collection Set: 0.2ms
[2024-08-15T13:17:30.691+0000][2946.636s][info][gc,phases   ] GC(595)   Merge Heap Roots: 0.2ms
[2024-08-15T13:17:30.691+0000][2946.636s][info][gc,phases   ] GC(595)   Evacuate Collection Set: 22.9ms
[2024-08-15T13:17:30.691+0000][2946.636s][info][gc,phases   ] GC(595)   Post Evacuate Collection Set: 2.2ms
[2024-08-15T13:17:30.691+0000][2946.636s][info][gc,phases   ] GC(595)   Other: 0.2ms
[2024-08-15T13:17:30.691+0000][2946.636s][info][gc,heap     ] GC(595) Eden regions: 831->0(828)
[2024-08-15T13:17:30.691+0000][2946.636s][info][gc,heap     ] GC(595) Survivor regions: 7->11(105)
[2024-08-15T13:17:30.691+0000][2946.636s][info][gc,heap     ] GC(595) Old regions: 369->369
[2024-08-15T13:17:30.691+0000][2946.636s][info][gc,heap     ] GC(595) Archive regions: 2->2
[2024-08-15T13:17:30.691+0000][2946.636s][info][gc,heap     ] GC(595) Humongous regions: 5->5
[2024-08-15T13:17:30.691+0000][2946.636s][info][gc,metaspace] GC(595) Metaspace: 439819K(446144K)->439819K(446144K) NonClass: 384856K(388480K)->384856K(388480K) Class: 54962K(57664K)->54962K(57664K)
[2024-08-15T13:17:30.691+0000][2946.636s][info][gc          ] GC(595) Pause Young (Normal) (G1 Evacuation Pause) 9697M->3078M(12288M) 25.894ms
[2024-08-15T13:17:30.691+0000][2946.636s][info][gc,cpu      ] GC(595) User=0.15s Sys=0.00s Real=0.02s
[2024-08-15T13:17:39.368+0000][2955.313s][info][gc,start    ] GC(596) Pause Young (Concurrent Start) (G1 Evacuation Pause)
[2024-08-15T13:17:39.368+0000][2955.313s][info][gc,task     ] GC(596) Using 6 workers of 6 for evacuation
[2024-08-15T13:17:39.411+0000][2955.356s][info][gc,phases   ] GC(596)   Pre Evacuate Collection Set: 0.7ms
[2024-08-15T13:17:39.411+0000][2955.356s][info][gc,phases   ] GC(596)   Merge Heap Roots: 2.0ms
[2024-08-15T13:17:39.411+0000][2955.356s][info][gc,phases   ] GC(596)   Evacuate Collection Set: 37.1ms
[2024-08-15T13:17:39.411+0000][2955.356s][info][gc,phases   ] GC(596)   Post Evacuate Collection Set: 3.4ms
[2024-08-15T13:17:39.411+0000][2955.356s][info][gc,phases   ] GC(596)   Other: 0.3ms
[2024-08-15T13:17:39.411+0000][2955.356s][info][gc,heap     ] GC(596) Eden regions: 828->0(820)
[2024-08-15T13:17:39.411+0000][2955.356s][info][gc,heap     ] GC(596) Survivor regions: 11->16(105)
[2024-08-15T13:17:39.411+0000][2955.356s][info][gc,heap     ] GC(596) Old regions: 369->369
[2024-08-15T13:17:39.411+0000][2955.356s][info][gc,heap     ] GC(596) Archive regions: 2->2
[2024-08-15T13:17:39.411+0000][2955.356s][info][gc,heap     ] GC(596) Humongous regions: 5->5
[2024-08-15T13:17:39.411+0000][2955.356s][info][gc,metaspace] GC(596) Metaspace: 439828K(446144K)->439828K(446144K) NonClass: 384866K(388480K)->384866K(388480K) Class: 54962K(57664K)->54962K(57664K)
[2024-08-15T13:17:39.411+0000][2955.356s][info][gc          ] GC(596) Pause Young (Concurrent Start) (G1 Evacuation Pause) 9702M->3116M(12288M) 43.553ms
[2024-08-15T13:17:39.411+0000][2955.356s][info][gc,cpu      ] GC(596) User=0.24s Sys=0.00s Real=0.04s
[2024-08-15T13:17:39.412+0000][2955.356s][info][gc          ] GC(597) Concurrent Mark Cycle
[2024-08-15T13:17:39.412+0000][2955.356s][info][gc,marking  ] GC(597) Concurrent Clear Claimed Marks
[2024-08-15T13:17:39.412+0000][2955.357s][info][gc,marking  ] GC(597) Concurrent Clear Claimed Marks 0.452ms
[2024-08-15T13:17:39.412+0000][2955.357s][info][gc,marking  ] GC(597) Concurrent Scan Root Regions
[2024-08-15T13:17:39.468+0000][2955.412s][info][gc,marking  ] GC(597) Concurrent Scan Root Regions 55.521ms
[2024-08-15T13:17:39.468+0000][2955.412s][info][gc,marking  ] GC(597) Concurrent Mark
[2024-08-15T13:17:39.468+0000][2955.412s][info][gc,marking  ] GC(597) Concurrent Mark From Roots
[2024-08-15T13:17:39.468+0000][2955.412s][info][gc,task     ] GC(597) Using 2 workers of 2 for marking
[2024-08-15T13:17:42.048+0000][2957.992s][info][gc,marking  ] GC(597) Concurrent Mark From Roots 2580.109ms
[2024-08-15T13:17:42.048+0000][2957.992s][info][gc,marking  ] GC(597) Concurrent Preclean
[2024-08-15T13:17:42.049+0000][2957.994s][info][gc,marking  ] GC(597) Concurrent Preclean 1.354ms
[2024-08-15T13:17:42.049+0000][2957.994s][info][gc,start    ] GC(597) Pause Remark
[2024-08-15T13:17:42.072+0000][2958.017s][info][gc          ] GC(597) Pause Remark 8940M->8940M(12288M) 22.775ms
[2024-08-15T13:17:42.072+0000][2958.017s][info][gc,cpu      ] GC(597) User=0.09s Sys=0.00s Real=0.02s
[2024-08-15T13:17:42.072+0000][2958.017s][info][gc,marking  ] GC(597) Concurrent Mark 2604.581ms
[2024-08-15T13:17:42.072+0000][2958.017s][info][gc,marking  ] GC(597) Concurrent Rebuild Remembered Sets
[2024-08-15T13:17:42.400+0000][2958.345s][info][gc,start    ] GC(598) Pause Young (Normal) (G1 Evacuation Pause)
[2024-08-15T13:17:42.400+0000][2958.345s][info][gc,task     ] GC(598) Using 6 workers of 6 for evacuation
[2024-08-15T13:17:42.501+0000][2958.446s][info][gc,phases   ] GC(598)   Pre Evacuate Collection Set: 0.2ms
[2024-08-15T13:17:42.501+0000][2958.446s][info][gc,phases   ] GC(598)   Merge Heap Roots: 0.3ms
[2024-08-15T13:17:42.501+0000][2958.446s][info][gc,phases   ] GC(598)   Evacuate Collection Set: 78.0ms
[2024-08-15T13:17:42.501+0000][2958.446s][info][gc,phases   ] GC(598)   Post Evacuate Collection Set: 22.4ms
[2024-08-15T13:17:42.501+0000][2958.446s][info][gc,phases   ] GC(598)   Other: 0.2ms
[2024-08-15T13:17:42.501+0000][2958.446s][info][gc,heap     ] GC(598) Eden regions: 820->0(810)
[2024-08-15T13:17:42.501+0000][2958.446s][info][gc,heap     ] GC(598) Survivor regions: 16->21(105)
[2024-08-15T13:17:42.501+0000][2958.446s][info][gc,heap     ] GC(598) Old regions: 369->369
[2024-08-15T13:17:42.501+0000][2958.446s][info][gc,heap     ] GC(598) Archive regions: 2->2
[2024-08-15T13:17:42.501+0000][2958.446s][info][gc,heap     ] GC(598) Humongous regions: 5->5
[2024-08-15T13:17:42.501+0000][2958.446s][info][gc,metaspace] GC(598) Metaspace: 439835K(446144K)->439835K(446144K) NonClass: 384872K(388480K)->384872K(388480K) Class: 54962K(57664K)->54962K(57664K)
[2024-08-15T13:17:42.501+0000][2958.446s][info][gc          ] GC(598) Pause Young (Normal) (G1 Evacuation Pause) 9676M->3163M(12288M) 101.169ms
[2024-08-15T13:17:42.501+0000][2958.446s][info][gc,cpu      ] GC(598) User=0.59s Sys=0.00s Real=0.10s
[2024-08-15T13:17:43.551+0000][2959.496s][info][gc,marking  ] GC(597) Concurrent Rebuild Remembered Sets 1479.108ms
[2024-08-15T13:17:43.551+0000][2959.496s][info][gc,start    ] GC(597) Pause Cleanup
[2024-08-15T13:17:43.552+0000][2959.497s][info][gc          ] GC(597) Pause Cleanup 5615M->5615M(12288M) 0.626ms
[2024-08-15T13:17:43.552+0000][2959.497s][info][gc,cpu      ] GC(597) User=0.00s Sys=0.01s Real=0.00s
[2024-08-15T13:17:43.552+0000][2959.497s][info][gc,marking  ] GC(597) Concurrent Cleanup for Next Mark
[2024-08-15T13:17:43.570+0000][2959.514s][info][gc,marking  ] GC(597) Concurrent Cleanup for Next Mark 17.617ms
[2024-08-15T13:17:43.570+0000][2959.515s][info][gc          ] GC(597) Concurrent Mark Cycle 4158.387ms
[2024-08-15T13:17:45.132+0000][2961.077s][info][gc,start    ] GC(599) Pause Young (Prepare Mixed) (G1 Evacuation Pause)
[2024-08-15T13:17:45.132+0000][2961.077s][info][gc,task     ] GC(599) Using 6 workers of 6 for evacuation
[2024-08-15T13:17:45.237+0000][2961.181s][info][gc,phases   ] GC(599)   Pre Evacuate Collection Set: 0.2ms
[2024-08-15T13:17:45.237+0000][2961.181s][info][gc,phases   ] GC(599)   Merge Heap Roots: 0.4ms
[2024-08-15T13:17:45.237+0000][2961.181s][info][gc,phases   ] GC(599)   Evacuate Collection Set: 84.2ms
[2024-08-15T13:17:45.237+0000][2961.181s][info][gc,phases   ] GC(599)   Post Evacuate Collection Set: 19.7ms
[2024-08-15T13:17:45.237+0000][2961.181s][info][gc,phases   ] GC(599)   Other: 0.2ms
[2024-08-15T13:17:45.237+0000][2961.181s][info][gc,heap     ] GC(599) Eden regions: 810->0(51)
[2024-08-15T13:17:45.237+0000][2961.181s][info][gc,heap     ] GC(599) Survivor regions: 21->25(104)
[2024-08-15T13:17:45.237+0000][2961.181s][info][gc,heap     ] GC(599) Old regions: 369->369
[2024-08-15T13:17:45.237+0000][2961.181s][info][gc,heap     ] GC(599) Archive regions: 2->2
[2024-08-15T13:17:45.237+0000][2961.181s][info][gc,heap     ] GC(599) Humongous regions: 5->5
[2024-08-15T13:17:45.237+0000][2961.181s][info][gc,metaspace] GC(599) Metaspace: 439835K(446144K)->439835K(446144K) NonClass: 384872K(388480K)->384872K(388480K) Class: 54962K(57664K)->54962K(57664K)
[2024-08-15T13:17:45.237+0000][2961.181s][info][gc          ] GC(599) Pause Young (Prepare Mixed) (G1 Evacuation Pause) 9643M->3191M(12288M) 104.670ms
[2024-08-15T13:17:45.237+0000][2961.182s][info][gc,cpu      ] GC(599) User=0.61s Sys=0.00s Real=0.11s
[2024-08-15T13:17:45.457+0000][2961.401s][info][gc,start    ] GC(600) Pause Young (Mixed) (G1 Evacuation Pause)
[2024-08-15T13:17:45.457+0000][2961.401s][info][gc,task     ] GC(600) Using 6 workers of 6 for evacuation
[2024-08-15T13:17:45.562+0000][2961.507s][info][gc,phases   ] GC(600)   Pre Evacuate Collection Set: 0.2ms
[2024-08-15T13:17:45.562+0000][2961.507s][info][gc,phases   ] GC(600)   Merge Heap Roots: 0.3ms
[2024-08-15T13:17:45.562+0000][2961.507s][info][gc,phases   ] GC(600)   Evacuate Collection Set: 102.4ms
[2024-08-15T13:17:45.562+0000][2961.507s][info][gc,phases   ] GC(600)   Post Evacuate Collection Set: 2.5ms
[2024-08-15T13:17:45.562+0000][2961.507s][info][gc,phases   ] GC(600)   Other: 0.2ms
[2024-08-15T13:17:45.562+0000][2961.507s][info][gc,heap     ] GC(600) Eden regions: 51->0(819)
[2024-08-15T13:17:45.562+0000][2961.507s][info][gc,heap     ] GC(600) Survivor regions: 25->3(10)
[2024-08-15T13:17:45.562+0000][2961.507s][info][gc,heap     ] GC(600) Old regions: 369->381
[2024-08-15T13:17:45.562+0000][2961.507s][info][gc,heap     ] GC(600) Archive regions: 2->2
[2024-08-15T13:17:45.562+0000][2961.507s][info][gc,heap     ] GC(600) Humongous regions: 5->5
[2024-08-15T13:17:45.562+0000][2961.507s][info][gc,metaspace] GC(600) Metaspace: 439835K(446144K)->439835K(446144K) NonClass: 384872K(388480K)->384872K(388480K) Class: 54962K(57664K)->54962K(57664K)
[2024-08-15T13:17:45.562+0000][2961.507s][info][gc          ] GC(600) Pause Young (Mixed) (G1 Evacuation Pause) 3599M->3115M(12288M) 105.635ms
[2024-08-15T13:17:45.562+0000][2961.507s][info][gc,cpu      ] GC(600) User=0.63s Sys=0.00s Real=0.10s
[2024-08-15T13:17:47.966+0000][2963.911s][info][gc,start    ] GC(601) Pause Young (Normal) (G1 Evacuation Pause)
[2024-08-15T13:17:47.966+0000][2963.911s][info][gc,task     ] GC(601) Using 6 workers of 6 for evacuation
[2024-08-15T13:17:48.045+0000][2963.990s][info][gc,phases   ] GC(601)   Pre Evacuate Collection Set: 0.2ms
[2024-08-15T13:17:48.045+0000][2963.990s][info][gc,phases   ] GC(601)   Merge Heap Roots: 0.4ms
[2024-08-15T13:17:48.045+0000][2963.990s][info][gc,phases   ] GC(601)   Evacuate Collection Set: 58.3ms
[2024-08-15T13:17:48.045+0000][2963.990s][info][gc,phases   ] GC(601)   Post Evacuate Collection Set: 19.9ms
[2024-08-15T13:17:48.045+0000][2963.990s][info][gc,phases   ] GC(601)   Other: 0.2ms
[2024-08-15T13:17:48.045+0000][2963.990s][info][gc,heap     ] GC(601) Eden regions: 819->0(815)
[2024-08-15T13:17:48.045+0000][2963.990s][info][gc,heap     ] GC(601) Survivor regions: 3->7(103)
[2024-08-15T13:17:48.045+0000][2963.990s][info][gc,heap     ] GC(601) Old regions: 381->381
[2024-08-15T13:17:48.045+0000][2963.990s][info][gc,heap     ] GC(601) Archive regions: 2->2
[2024-08-15T13:17:48.045+0000][2963.990s][info][gc,heap     ] GC(601) Humongous regions: 5->5
[2024-08-15T13:17:48.045+0000][2963.990s][info][gc,metaspace] GC(601) Metaspace: 439835K(446144K)->439835K(446144K) NonClass: 384872K(388480K)->384872K(388480K) Class: 54962K(57664K)->54962K(57664K)
[2024-08-15T13:17:48.045+0000][2963.990s][info][gc          ] GC(601) Pause Young (Normal) (G1 Evacuation Pause) 9667M->3144M(12288M) 78.983ms
[2024-08-15T13:17:48.045+0000][2963.990s][info][gc,cpu      ] GC(601) User=0.46s Sys=0.00s Real=0.08s
[2024-08-15T13:17:50.435+0000][2966.380s][info][gc,start    ] GC(602) Pause Young (Normal) (G1 Evacuation Pause)
[2024-08-15T13:17:50.435+0000][2966.380s][info][gc,task     ] GC(602) Using 6 workers of 6 for evacuation
[2024-08-15T13:17:50.539+0000][2966.483s][info][gc,phases   ] GC(602)   Pre Evacuate Collection Set: 0.1ms
[2024-08-15T13:17:50.539+0000][2966.483s][info][gc,phases   ] GC(602)   Merge Heap Roots: 0.4ms
[2024-08-15T13:17:50.539+0000][2966.483s][info][gc,phases   ] GC(602)   Evacuate Collection Set: 78.4ms
[2024-08-15T13:17:50.539+0000][2966.483s][info][gc,phases   ] GC(602)   Post Evacuate Collection Set: 24.2ms
[2024-08-15T13:17:50.539+0000][2966.483s][info][gc,phases   ] GC(602)   Other: 0.2ms
[2024-08-15T13:17:50.539+0000][2966.483s][info][gc,heap     ] GC(602) Eden regions: 815->0(809)
[2024-08-15T13:17:50.539+0000][2966.483s][info][gc,heap     ] GC(602) Survivor regions: 7->12(103)
[2024-08-15T13:17:50.539+0000][2966.483s][info][gc,heap     ] GC(602) Old regions: 381->381
[2024-08-15T13:17:50.539+0000][2966.483s][info][gc,heap     ] GC(602) Archive regions: 2->2
[2024-08-15T13:17:50.539+0000][2966.483s][info][gc,heap     ] GC(602) Humongous regions: 5->5
[2024-08-15T13:17:50.539+0000][2966.483s][info][gc,metaspace] GC(602) Metaspace: 439835K(446144K)->439835K(446144K) NonClass: 384872K(388480K)->384872K(388480K) Class: 54962K(57664K)->54962K(57664K)
[2024-08-15T13:17:50.539+0000][2966.483s][info][gc          ] GC(602) Pause Young (Normal) (G1 Evacuation Pause) 9664M->3184M(12288M) 103.408ms
[2024-08-15T13:17:50.539+0000][2966.483s][info][gc,cpu      ] GC(602) User=0.60s Sys=0.00s Real=0.10s
[2024-08-15T13:17:52.859+0000][2968.804s][info][gc,start    ] GC(603) Pause Young (Concurrent Start) (G1 Evacuation Pause)
[2024-08-15T13:17:52.859+0000][2968.804s][info][gc,task     ] GC(603) Using 6 workers of 6 for evacuation
[2024-08-15T13:17:52.969+0000][2968.914s][info][gc,phases   ] GC(603)   Pre Evacuate Collection Set: 0.6ms
[2024-08-15T13:17:52.969+0000][2968.914s][info][gc,phases   ] GC(603)   Merge Heap Roots: 0.4ms
[2024-08-15T13:17:52.969+0000][2968.914s][info][gc,phases   ] GC(603)   Evacuate Collection Set: 87.5ms
[2024-08-15T13:17:52.969+0000][2968.914s][info][gc,phases   ] GC(603)   Post Evacuate Collection Set: 21.6ms
[2024-08-15T13:17:52.969+0000][2968.914s][info][gc,phases   ] GC(603)   Other: 0.3ms
[2024-08-15T13:17:52.969+0000][2968.914s][info][gc,heap     ] GC(603) Eden regions: 809->0(806)
[2024-08-15T13:17:52.969+0000][2968.914s][info][gc,heap     ] GC(603) Survivor regions: 12->16(103)
[2024-08-15T13:17:52.969+0000][2968.914s][info][gc,heap     ] GC(603) Old regions: 381->381
[2024-08-15T13:17:52.969+0000][2968.914s][info][gc,heap     ] GC(603) Archive regions: 2->2
[2024-08-15T13:17:52.969+0000][2968.914s][info][gc,heap     ] GC(603) Humongous regions: 5->5
[2024-08-15T13:17:52.969+0000][2968.914s][info][gc,metaspace] GC(603) Metaspace: 439835K(446144K)->439835K(446144K) NonClass: 384872K(388480K)->384872K(388480K) Class: 54962K(57664K)->54962K(57664K)
[2024-08-15T13:17:52.970+0000][2968.914s][info][gc          ] GC(603) Pause Young (Concurrent Start) (G1 Evacuation Pause) 9656M->3218M(12288M) 110.457ms
[2024-08-15T13:17:52.970+0000][2968.914s][info][gc,cpu      ] GC(603) User=0.64s Sys=0.01s Real=0.11s
[2024-08-15T13:17:52.970+0000][2968.914s][info][gc          ] GC(604) Concurrent Mark Cycle
[2024-08-15T13:17:52.970+0000][2968.914s][info][gc,marking  ] GC(604) Concurrent Clear Claimed Marks
[2024-08-15T13:17:52.970+0000][2968.915s][info][gc,marking  ] GC(604) Concurrent Clear Claimed Marks 0.447ms
[2024-08-15T13:17:52.970+0000][2968.915s][info][gc,marking  ] GC(604) Concurrent Scan Root Regions
[2024-08-15T13:17:53.035+0000][2968.980s][info][gc,marking  ] GC(604) Concurrent Scan Root Regions 65.215ms
[2024-08-15T13:17:53.035+0000][2968.980s][info][gc,marking  ] GC(604) Concurrent Mark
[2024-08-15T13:17:53.035+0000][2968.980s][info][gc,marking  ] GC(604) Concurrent Mark From Roots
[2024-08-15T13:17:53.035+0000][2968.980s][info][gc,task     ] GC(604) Using 2 workers of 2 for marking
[2024-08-15T13:17:55.267+0000][2971.211s][info][gc,marking  ] GC(604) Concurrent Mark From Roots 2231.525ms
[2024-08-15T13:17:55.267+0000][2971.212s][info][gc,marking  ] GC(604) Concurrent Preclean
[2024-08-15T13:17:55.268+0000][2971.213s][info][gc,marking  ] GC(604) Concurrent Preclean 1.260ms
[2024-08-15T13:17:55.268+0000][2971.213s][info][gc,start    ] GC(604) Pause Remark
[2024-08-15T13:17:55.292+0000][2971.236s][info][gc          ] GC(604) Pause Remark 7990M->7990M(12288M) 23.245ms
[2024-08-15T13:17:55.292+0000][2971.236s][info][gc,cpu      ] GC(604) User=0.09s Sys=0.00s Real=0.02s
[2024-08-15T13:17:55.292+0000][2971.236s][info][gc,marking  ] GC(604) Concurrent Mark 2256.483ms
[2024-08-15T13:17:55.292+0000][2971.236s][info][gc,marking  ] GC(604) Concurrent Rebuild Remembered Sets
[2024-08-15T13:17:55.915+0000][2971.859s][info][gc,start    ] GC(605) Pause Young (Normal) (G1 Evacuation Pause)
[2024-08-15T13:17:55.915+0000][2971.859s][info][gc,task     ] GC(605) Using 6 workers of 6 for evacuation
[2024-08-15T13:17:56.015+0000][2971.960s][info][gc,phases   ] GC(605)   Pre Evacuate Collection Set: 0.2ms
[2024-08-15T13:17:56.015+0000][2971.960s][info][gc,phases   ] GC(605)   Merge Heap Roots: 0.9ms
[2024-08-15T13:17:56.015+0000][2971.960s][info][gc,phases   ] GC(605)   Evacuate Collection Set: 82.1ms
[2024-08-15T13:17:56.015+0000][2971.960s][info][gc,phases   ] GC(605)   Post Evacuate Collection Set: 17.4ms
[2024-08-15T13:17:56.016+0000][2971.960s][info][gc,phases   ] GC(605)   Other: 0.2ms
[2024-08-15T13:17:56.016+0000][2971.960s][info][gc,heap     ] GC(605) Eden regions: 806->0(802)
[2024-08-15T13:17:56.016+0000][2971.960s][info][gc,heap     ] GC(605) Survivor regions: 16->19(103)
[2024-08-15T13:17:56.016+0000][2971.960s][info][gc,heap     ] GC(605) Old regions: 381->381
[2024-08-15T13:17:56.016+0000][2971.960s][info][gc,heap     ] GC(605) Archive regions: 2->2
[2024-08-15T13:17:56.016+0000][2971.960s][info][gc,heap     ] GC(605) Humongous regions: 5->5
[2024-08-15T13:17:56.016+0000][2971.960s][info][gc,metaspace] GC(605) Metaspace: 439835K(446144K)->439835K(446144K) NonClass: 384872K(388480K)->384872K(388480K) Class: 54962K(57664K)->54962K(57664K)
[2024-08-15T13:17:56.016+0000][2971.960s][info][gc          ] GC(605) Pause Young (Normal) (G1 Evacuation Pause) 9666M->3238M(12288M) 100.932ms
[2024-08-15T13:17:56.016+0000][2971.960s][info][gc,cpu      ] GC(605) User=0.59s Sys=0.00s Real=0.11s
[2024-08-15T13:17:56.805+0000][2972.750s][info][gc,marking  ] GC(604) Concurrent Rebuild Remembered Sets 1513.204ms
[2024-08-15T13:17:56.805+0000][2972.750s][info][gc,start    ] GC(604) Pause Cleanup
[2024-08-15T13:17:56.806+0000][2972.750s][info][gc          ] GC(604) Pause Cleanup 4998M->4998M(12288M) 0.590ms
[2024-08-15T13:17:56.806+0000][2972.750s][info][gc,cpu      ] GC(604) User=0.00s Sys=0.00s Real=0.00s
[2024-08-15T13:17:56.806+0000][2972.751s][info][gc,marking  ] GC(604) Concurrent Cleanup for Next Mark
[2024-08-15T13:17:56.823+0000][2972.767s][info][gc,marking  ] GC(604) Concurrent Cleanup for Next Mark 16.596ms
[2024-08-15T13:17:56.823+0000][2972.767s][info][gc          ] GC(604) Concurrent Mark Cycle 3852.966ms
[2024-08-15T13:17:58.661+0000][2974.606s][info][gc,start    ] GC(606) Pause Young (Prepare Mixed) (G1 Evacuation Pause)
[2024-08-15T13:17:58.661+0000][2974.606s][info][gc,task     ] GC(606) Using 6 workers of 6 for evacuation
[2024-08-15T13:17:58.784+0000][2974.729s][info][gc,phases   ] GC(606)   Pre Evacuate Collection Set: 0.2ms
[2024-08-15T13:17:58.784+0000][2974.729s][info][gc,phases   ] GC(606)   Merge Heap Roots: 0.5ms
[2024-08-15T13:17:58.784+0000][2974.729s][info][gc,phases   ] GC(606)   Evacuate Collection Set: 102.3ms
[2024-08-15T13:17:58.784+0000][2974.729s][info][gc,phases   ] GC(606)   Post Evacuate Collection Set: 20.4ms
[2024-08-15T13:17:58.784+0000][2974.729s][info][gc,phases   ] GC(606)   Other: 0.2ms
[2024-08-15T13:17:58.785+0000][2974.729s][info][gc,heap     ] GC(606) Eden regions: 802->0(53)
[2024-08-15T13:17:58.785+0000][2974.729s][info][gc,heap     ] GC(606) Survivor regions: 19->23(103)
[2024-08-15T13:17:58.785+0000][2974.729s][info][gc,heap     ] GC(606) Old regions: 381->381
[2024-08-15T13:17:58.785+0000][2974.729s][info][gc,heap     ] GC(606) Archive regions: 2->2
[2024-08-15T13:17:58.785+0000][2974.729s][info][gc,heap     ] GC(606) Humongous regions: 5->5
[2024-08-15T13:17:58.785+0000][2974.729s][info][gc,metaspace] GC(606) Metaspace: 439835K(446144K)->439835K(446144K) NonClass: 384872K(388480K)->384872K(388480K) Class: 54962K(57664K)->54962K(57664K)
[2024-08-15T13:17:58.785+0000][2974.729s][info][gc          ] GC(606) Pause Young (Prepare Mixed) (G1 Evacuation Pause) 9654M->3275M(12288M) 123.621ms
[2024-08-15T13:17:58.785+0000][2974.729s][info][gc,cpu      ] GC(606) User=0.73s Sys=0.00s Real=0.13s
[2024-08-15T13:17:59.009+0000][2974.954s][info][gc,start    ] GC(607) Pause Young (Mixed) (G1 Evacuation Pause)
[2024-08-15T13:17:59.009+0000][2974.954s][info][gc,task     ] GC(607) Using 6 workers of 6 for evacuation
[2024-08-15T13:17:59.110+0000][2975.055s][info][gc,phases   ] GC(607)   Pre Evacuate Collection Set: 0.2ms
[2024-08-15T13:17:59.110+0000][2975.055s][info][gc,phases   ] GC(607)   Merge Heap Roots: 0.4ms
[2024-08-15T13:17:59.110+0000][2975.055s][info][gc,phases   ] GC(607)   Evacuate Collection Set: 97.6ms
[2024-08-15T13:17:59.110+0000][2975.055s][info][gc,phases   ] GC(607)   Post Evacuate Collection Set: 3.0ms
[2024-08-15T13:17:59.110+0000][2975.055s][info][gc,phases   ] GC(607)   Other: 0.2ms
[2024-08-15T13:17:59.110+0000][2975.055s][info][gc,heap     ] GC(607) Eden regions: 53->0(816)
[2024-08-15T13:17:59.110+0000][2975.055s][info][gc,heap     ] GC(607) Survivor regions: 23->3(10)
[2024-08-15T13:17:59.110+0000][2975.055s][info][gc,heap     ] GC(607) Old regions: 381->385
[2024-08-15T13:17:59.110+0000][2975.055s][info][gc,heap     ] GC(607) Archive regions: 2->2
[2024-08-15T13:17:59.110+0000][2975.055s][info][gc,heap     ] GC(607) Humongous regions: 5->5
[2024-08-15T13:17:59.110+0000][2975.055s][info][gc,metaspace] GC(607) Metaspace: 439835K(446144K)->439835K(446144K) NonClass: 384872K(388480K)->384872K(388480K) Class: 54962K(57664K)->54962K(57664K)
[2024-08-15T13:17:59.110+0000][2975.055s][info][gc          ] GC(607) Pause Young (Mixed) (G1 Evacuation Pause) 3699M->3147M(12288M) 101.442ms
[2024-08-15T13:17:59.110+0000][2975.055s][info][gc,cpu      ] GC(607) User=0.59s Sys=0.01s Real=0.10s
[2024-08-15T13:18:01.463+0000][2977.407s][info][gc,start    ] GC(608) Pause Young (Normal) (G1 Evacuation Pause)
[2024-08-15T13:18:01.463+0000][2977.407s][info][gc,task     ] GC(608) Using 6 workers of 6 for evacuation
[2024-08-15T13:18:01.540+0000][2977.485s][info][gc,phases   ] GC(608)   Pre Evacuate Collection Set: 0.2ms
[2024-08-15T13:18:01.540+0000][2977.485s][info][gc,phases   ] GC(608)   Merge Heap Roots: 0.4ms
[2024-08-15T13:18:01.540+0000][2977.485s][info][gc,phases   ] GC(608)   Evacuate Collection Set: 57.1ms
[2024-08-15T13:18:01.540+0000][2977.485s][info][gc,phases   ] GC(608)   Post Evacuate Collection Set: 19.8ms
[2024-08-15T13:18:01.540+0000][2977.485s][info][gc,phases   ] GC(608)   Other: 0.2ms
[2024-08-15T13:18:01.540+0000][2977.485s][info][gc,heap     ] GC(608) Eden regions: 816->0(813)
[2024-08-15T13:18:01.540+0000][2977.485s][info][gc,heap     ] GC(608) Survivor regions: 3->6(103)
[2024-08-15T13:18:01.540+0000][2977.485s][info][gc,heap     ] GC(608) Old regions: 385->385
[2024-08-15T13:18:01.540+0000][2977.485s][info][gc,heap     ] GC(608) Archive regions: 2->2
[2024-08-15T13:18:01.540+0000][2977.485s][info][gc,heap     ] GC(608) Humongous regions: 5->5
[2024-08-15T13:18:01.540+0000][2977.485s][info][gc,metaspace] GC(608) Metaspace: 439835K(446144K)->439835K(446144K) NonClass: 384872K(388480K)->384872K(388480K) Class: 54962K(57664K)->54962K(57664K)
[2024-08-15T13:18:01.540+0000][2977.485s][info][gc          ] GC(608) Pause Young (Normal) (G1 Evacuation Pause) 9675M->3171M(12288M) 77.666ms
[2024-08-15T13:18:01.540+0000][2977.485s][info][gc,cpu      ] GC(608) User=0.45s Sys=0.00s Real=0.08s
[2024-08-15T13:18:03.977+0000][2979.922s][info][gc,start    ] GC(609) Pause Young (Normal) (G1 Evacuation Pause)
[2024-08-15T13:18:03.977+0000][2979.922s][info][gc,task     ] GC(609) Using 6 workers of 6 for evacuation
[2024-08-15T13:18:04.069+0000][2980.014s][info][gc,phases   ] GC(609)   Pre Evacuate Collection Set: 0.2ms
[2024-08-15T13:18:04.069+0000][2980.014s][info][gc,phases   ] GC(609)   Merge Heap Roots: 0.3ms
[2024-08-15T13:18:04.069+0000][2980.014s][info][gc,phases   ] GC(609)   Evacuate Collection Set: 70.0ms
[2024-08-15T13:18:04.069+0000][2980.014s][info][gc,phases   ] GC(609)   Post Evacuate Collection Set: 21.0ms
[2024-08-15T13:18:04.069+0000][2980.014s][info][gc,phases   ] GC(609)   Other: 0.2ms
[2024-08-15T13:18:04.069+0000][2980.014s][info][gc,heap     ] GC(609) Eden regions: 813->0(807)
[2024-08-15T13:18:04.069+0000][2980.014s][info][gc,heap     ] GC(609) Survivor regions: 6->12(103)
[2024-08-15T13:18:04.069+0000][2980.014s][info][gc,heap     ] GC(609) Old regions: 385->385
[2024-08-15T13:18:04.069+0000][2980.014s][info][gc,heap     ] GC(609) Archive regions: 2->2
[2024-08-15T13:18:04.069+0000][2980.014s][info][gc,heap     ] GC(609) Humongous regions: 5->5
[2024-08-15T13:18:04.069+0000][2980.014s][info][gc,metaspace] GC(609) Metaspace: 439835K(446144K)->439835K(446144K) NonClass: 384872K(388480K)->384872K(388480K) Class: 54962K(57664K)->54962K(57664K)
[2024-08-15T13:18:04.069+0000][2980.014s][info][gc          ] GC(609) Pause Young (Normal) (G1 Evacuation Pause) 9675M->3212M(12288M) 91.764ms
[2024-08-15T13:18:04.069+0000][2980.014s][info][gc,cpu      ] GC(609) User=0.53s Sys=0.00s Real=0.09s
[2024-08-15T13:18:10.381+0000][2986.325s][info][gc,start    ] GC(610) Pause Young (Concurrent Start) (G1 Evacuation Pause)
[2024-08-15T13:18:10.381+0000][2986.325s][info][gc,task     ] GC(610) Using 6 workers of 6 for evacuation
[2024-08-15T13:18:10.445+0000][2986.390s][info][gc,phases   ] GC(610)   Pre Evacuate Collection Set: 0.6ms
[2024-08-15T13:18:10.445+0000][2986.390s][info][gc,phases   ] GC(610)   Merge Heap Roots: 0.3ms
[2024-08-15T13:18:10.445+0000][2986.390s][info][gc,phases   ] GC(610)   Evacuate Collection Set: 56.6ms
[2024-08-15T13:18:10.445+0000][2986.390s][info][gc,phases   ] GC(610)   Post Evacuate Collection Set: 6.8ms
[2024-08-15T13:18:10.445+0000][2986.390s][info][gc,phases   ] GC(610)   Other: 0.3ms
[2024-08-15T13:18:10.445+0000][2986.390s][info][gc,heap     ] GC(610) Eden regions: 807->0(805)
[2024-08-15T13:18:10.445+0000][2986.390s][info][gc,heap     ] GC(610) Survivor regions: 12->15(103)
[2024-08-15T13:18:10.445+0000][2986.390s][info][gc,heap     ] GC(610) Old regions: 385->385
[2024-08-15T13:18:10.445+0000][2986.390s][info][gc,heap     ] GC(610) Archive regions: 2->2
[2024-08-15T13:18:10.445+0000][2986.390s][info][gc,heap     ] GC(610) Humongous regions: 5->5
[2024-08-15T13:18:10.445+0000][2986.390s][info][gc,metaspace] GC(610) Metaspace: 439835K(446144K)->439835K(446144K) NonClass: 384872K(388480K)->384872K(388480K) Class: 54962K(57664K)->54962K(57664K)
[2024-08-15T13:18:10.445+0000][2986.390s][info][gc          ] GC(610) Pause Young (Concurrent Start) (G1 Evacuation Pause) 9668M->3242M(12288M) 64.628ms
[2024-08-15T13:18:10.445+0000][2986.390s][info][gc,cpu      ] GC(610) User=0.38s Sys=0.00s Real=0.07s
[2024-08-15T13:18:10.445+0000][2986.390s][info][gc          ] GC(611) Concurrent Mark Cycle
[2024-08-15T13:18:10.445+0000][2986.390s][info][gc,marking  ] GC(611) Concurrent Clear Claimed Marks
[2024-08-15T13:18:10.446+0000][2986.391s][info][gc,marking  ] GC(611) Concurrent Clear Claimed Marks 0.451ms
[2024-08-15T13:18:10.446+0000][2986.391s][info][gc,marking  ] GC(611) Concurrent Scan Root Regions
[2024-08-15T13:18:10.487+0000][2986.432s][info][gc,marking  ] GC(611) Concurrent Scan Root Regions 41.451ms
[2024-08-15T13:18:10.487+0000][2986.432s][info][gc,marking  ] GC(611) Concurrent Mark
[2024-08-15T13:18:10.487+0000][2986.432s][info][gc,marking  ] GC(611) Concurrent Mark From Roots
[2024-08-15T13:18:10.487+0000][2986.432s][info][gc,task     ] GC(611) Using 2 workers of 2 for marking
[2024-08-15T13:18:12.878+0000][2988.823s][info][gc,marking  ] GC(611) Concurrent Mark From Roots 2390.504ms
[2024-08-15T13:18:12.878+0000][2988.823s][info][gc,marking  ] GC(611) Concurrent Preclean
[2024-08-15T13:18:12.879+0000][2988.824s][info][gc,marking  ] GC(611) Concurrent Preclean 1.504ms
[2024-08-15T13:18:12.880+0000][2988.824s][info][gc,start    ] GC(611) Pause Remark
[2024-08-15T13:18:12.904+0000][2988.848s][info][gc          ] GC(611) Pause Remark 4870M->4862M(12288M) 24.140ms
[2024-08-15T13:18:12.904+0000][2988.848s][info][gc,cpu      ] GC(611) User=0.10s Sys=0.00s Real=0.03s
[2024-08-15T13:18:12.904+0000][2988.849s][info][gc,marking  ] GC(611) Concurrent Mark 2416.673ms
[2024-08-15T13:18:12.904+0000][2988.849s][info][gc,marking  ] GC(611) Concurrent Rebuild Remembered Sets
[2024-08-15T13:18:14.286+0000][2990.230s][info][gc,marking  ] GC(611) Concurrent Rebuild Remembered Sets 1381.473ms
[2024-08-15T13:18:14.286+0000][2990.230s][info][gc,start    ] GC(611) Pause Cleanup
[2024-08-15T13:18:14.286+0000][2990.231s][info][gc          ] GC(611) Pause Cleanup 5822M->5822M(12288M) 0.632ms
[2024-08-15T13:18:14.286+0000][2990.231s][info][gc,cpu      ] GC(611) User=0.00s Sys=0.00s Real=0.00s
[2024-08-15T13:18:14.287+0000][2990.231s][info][gc,marking  ] GC(611) Concurrent Cleanup for Next Mark
[2024-08-15T13:18:14.303+0000][2990.248s][info][gc,marking  ] GC(611) Concurrent Cleanup for Next Mark 16.782ms
[2024-08-15T13:18:14.303+0000][2990.248s][info][gc          ] GC(611) Concurrent Mark Cycle 3857.932ms
[2024-08-15T13:18:19.416+0000][2995.361s][info][gc,start    ] GC(612) Pause Young (Prepare Mixed) (G1 Evacuation Pause)
[2024-08-15T13:18:19.416+0000][2995.361s][info][gc,task     ] GC(612) Using 6 workers of 6 for evacuation
[2024-08-15T13:18:19.470+0000][2995.415s][info][gc,phases   ] GC(612)   Pre Evacuate Collection Set: 0.2ms
[2024-08-15T13:18:19.470+0000][2995.415s][info][gc,phases   ] GC(612)   Merge Heap Roots: 0.4ms
[2024-08-15T13:18:19.470+0000][2995.415s][info][gc,phases   ] GC(612)   Evacuate Collection Set: 50.8ms
[2024-08-15T13:18:19.470+0000][2995.415s][info][gc,phases   ] GC(612)   Post Evacuate Collection Set: 2.3ms
[2024-08-15T13:18:19.470+0000][2995.415s][info][gc,phases   ] GC(612)   Other: 0.2ms
[2024-08-15T13:18:19.470+0000][2995.415s][info][gc,heap     ] GC(612) Eden regions: 805->0(58)
[2024-08-15T13:18:19.470+0000][2995.415s][info][gc,heap     ] GC(612) Survivor regions: 15->18(103)
[2024-08-15T13:18:19.470+0000][2995.415s][info][gc,heap     ] GC(612) Old regions: 384->384
[2024-08-15T13:18:19.470+0000][2995.415s][info][gc,heap     ] GC(612) Archive regions: 2->2
[2024-08-15T13:18:19.470+0000][2995.415s][info][gc,heap     ] GC(612) Humongous regions: 5->5
[2024-08-15T13:18:19.470+0000][2995.415s][info][gc,metaspace] GC(612) Metaspace: 439840K(446144K)->439840K(446144K) NonClass: 384878K(388480K)->384878K(388480K) Class: 54962K(57664K)->54962K(57664K)
[2024-08-15T13:18:19.470+0000][2995.415s][info][gc          ] GC(612) Pause Young (Prepare Mixed) (G1 Evacuation Pause) 9674M->3259M(12288M) 54.004ms
[2024-08-15T13:18:19.470+0000][2995.415s][info][gc,cpu      ] GC(612) User=0.32s Sys=0.00s Real=0.05s
[2024-08-15T13:18:20.100+0000][2996.044s][info][gc,start    ] GC(613) Pause Young (Mixed) (G1 Evacuation Pause)
[2024-08-15T13:18:20.100+0000][2996.044s][info][gc,task     ] GC(613) Using 6 workers of 6 for evacuation
[2024-08-15T13:18:20.181+0000][2996.126s][info][gc,phases   ] GC(613)   Pre Evacuate Collection Set: 0.1ms
[2024-08-15T13:18:20.181+0000][2996.126s][info][gc,phases   ] GC(613)   Merge Heap Roots: 0.3ms
[2024-08-15T13:18:20.181+0000][2996.126s][info][gc,phases   ] GC(613)   Evacuate Collection Set: 79.4ms
[2024-08-15T13:18:20.181+0000][2996.126s][info][gc,phases   ] GC(613)   Post Evacuate Collection Set: 1.9ms
[2024-08-15T13:18:20.181+0000][2996.126s][info][gc,phases   ] GC(613)   Other: 0.2ms
[2024-08-15T13:18:20.181+0000][2996.126s][info][gc,heap     ] GC(613) Eden regions: 58->0(817)
[2024-08-15T13:18:20.182+0000][2996.126s][info][gc,heap     ] GC(613) Survivor regions: 18->7(10)
[2024-08-15T13:18:20.182+0000][2996.126s][info][gc,heap     ] GC(613) Old regions: 384->381
[2024-08-15T13:18:20.182+0000][2996.126s][info][gc,heap     ] GC(613) Archive regions: 2->2
[2024-08-15T13:18:20.182+0000][2996.126s][info][gc,heap     ] GC(613) Humongous regions: 5->5
[2024-08-15T13:18:20.182+0000][2996.126s][info][gc,metaspace] GC(613) Metaspace: 439840K(446144K)->439840K(446144K) NonClass: 384878K(388480K)->384878K(388480K) Class: 54962K(57664K)->54962K(57664K)
[2024-08-15T13:18:20.182+0000][2996.126s][info][gc          ] GC(613) Pause Young (Mixed) (G1 Evacuation Pause) 3723M->3138M(12288M) 81.917ms
[2024-08-15T13:18:20.182+0000][2996.126s][info][gc,cpu      ] GC(613) User=0.49s Sys=0.00s Real=0.08s
[2024-08-15T13:18:28.976+0000][3004.920s][info][gc,start    ] GC(614) Pause Young (Normal) (G1 Evacuation Pause)
[2024-08-15T13:18:28.976+0000][3004.920s][info][gc,task     ] GC(614) Using 6 workers of 6 for evacuation
[2024-08-15T13:18:29.001+0000][3004.945s][info][gc,phases   ] GC(614)   Pre Evacuate Collection Set: 0.2ms
[2024-08-15T13:18:29.001+0000][3004.945s][info][gc,phases   ] GC(614)   Merge Heap Roots: 0.3ms
[2024-08-15T13:18:29.001+0000][3004.945s][info][gc,phases   ] GC(614)   Evacuate Collection Set: 21.9ms
[2024-08-15T13:18:29.001+0000][3004.945s][info][gc,phases   ] GC(614)   Post Evacuate Collection Set: 2.5ms
[2024-08-15T13:18:29.001+0000][3004.945s][info][gc,phases   ] GC(614)   Other: 0.2ms
[2024-08-15T13:18:29.001+0000][3004.945s][info][gc,heap     ] GC(614) Eden regions: 817->0(816)
[2024-08-15T13:18:29.001+0000][3004.945s][info][gc,heap     ] GC(614) Survivor regions: 7->9(103)
[2024-08-15T13:18:29.001+0000][3004.945s][info][gc,heap     ] GC(614) Old regions: 381->381
[2024-08-15T13:18:29.001+0000][3004.945s][info][gc,heap     ] GC(614) Archive regions: 2->2
[2024-08-15T13:18:29.001+0000][3004.945s][info][gc,heap     ] GC(614) Humongous regions: 5->5
[2024-08-15T13:18:29.001+0000][3004.945s][info][gc,metaspace] GC(614) Metaspace: 439850K(446144K)->439850K(446144K) NonClass: 384887K(388480K)->384887K(388480K) Class: 54962K(57664K)->54962K(57664K)
[2024-08-15T13:18:29.001+0000][3004.946s][info][gc          ] GC(614) Pause Young (Normal) (G1 Evacuation Pause) 9674M->3152M(12288M) 25.038ms
[2024-08-15T13:18:29.001+0000][3004.946s][info][gc,cpu      ] GC(614) User=0.15s Sys=0.00s Real=0.02s
[2024-08-15T13:18:35.145+0000][3011.090s][info][gc,start    ] GC(615) Pause Young (Normal) (G1 Evacuation Pause)
[2024-08-15T13:18:35.145+0000][3011.090s][info][gc,task     ] GC(615) Using 6 workers of 6 for evacuation
[2024-08-15T13:18:35.169+0000][3011.114s][info][gc,phases   ] GC(615)   Pre Evacuate Collection Set: 0.2ms
[2024-08-15T13:18:35.169+0000][3011.114s][info][gc,phases   ] GC(615)   Merge Heap Roots: 0.3ms
[2024-08-15T13:18:35.169+0000][3011.114s][info][gc,phases   ] GC(615)   Evacuate Collection Set: 21.4ms
[2024-08-15T13:18:35.169+0000][3011.114s][info][gc,phases   ] GC(615)   Post Evacuate Collection Set: 2.3ms
[2024-08-15T13:18:35.169+0000][3011.114s][info][gc,phases   ] GC(615)   Other: 0.2ms
[2024-08-15T13:18:35.170+0000][3011.114s][info][gc,heap     ] GC(615) Eden regions: 816->0(817)
[2024-08-15T13:18:35.170+0000][3011.114s][info][gc,heap     ] GC(615) Survivor regions: 9->9(104)
[2024-08-15T13:18:35.170+0000][3011.114s][info][gc,heap     ] GC(615) Old regions: 381->381
[2024-08-15T13:18:35.170+0000][3011.114s][info][gc,heap     ] GC(615) Archive regions: 2->2
[2024-08-15T13:18:35.170+0000][3011.114s][info][gc,heap     ] GC(615) Humongous regions: 5->5
[2024-08-15T13:18:35.170+0000][3011.114s][info][gc,metaspace] GC(615) Metaspace: 439851K(446144K)->439851K(446144K) NonClass: 384888K(388480K)->384888K(388480K) Class: 54962K(57664K)->54962K(57664K)
[2024-08-15T13:18:35.170+0000][3011.114s][info][gc          ] GC(615) Pause Young (Normal) (G1 Evacuation Pause) 9680M->3156M(12288M) 24.452ms
[2024-08-15T13:18:35.170+0000][3011.114s][info][gc,cpu      ] GC(615) User=0.13s Sys=0.01s Real=0.02s
[2024-08-15T13:18:42.671+0000][3018.615s][info][gc,start    ] GC(616) Pause Young (Concurrent Start) (G1 Evacuation Pause)
[2024-08-15T13:18:42.671+0000][3018.615s][info][gc,task     ] GC(616) Using 6 workers of 6 for evacuation
[2024-08-15T13:18:42.705+0000][3018.649s][info][gc,phases   ] GC(616)   Pre Evacuate Collection Set: 0.6ms
[2024-08-15T13:18:42.705+0000][3018.649s][info][gc,phases   ] GC(616)   Merge Heap Roots: 0.3ms
[2024-08-15T13:18:42.705+0000][3018.649s][info][gc,phases   ] GC(616)   Evacuate Collection Set: 30.7ms
[2024-08-15T13:18:42.705+0000][3018.649s][info][gc,phases   ] GC(616)   Post Evacuate Collection Set: 2.3ms
[2024-08-15T13:18:42.705+0000][3018.649s][info][gc,phases   ] GC(616)   Other: 0.3ms
[2024-08-15T13:18:42.705+0000][3018.649s][info][gc,heap     ] GC(616) Eden regions: 817->0(814)
[2024-08-15T13:18:42.705+0000][3018.649s][info][gc,heap     ] GC(616) Survivor regions: 9->12(104)
[2024-08-15T13:18:42.705+0000][3018.649s][info][gc,heap     ] GC(616) Old regions: 381->381
[2024-08-15T13:18:42.705+0000][3018.649s][info][gc,heap     ] GC(616) Archive regions: 2->2
[2024-08-15T13:18:42.705+0000][3018.649s][info][gc,heap     ] GC(616) Humongous regions: 5->5
[2024-08-15T13:18:42.705+0000][3018.649s][info][gc,metaspace] GC(616) Metaspace: 439855K(446144K)->439855K(446144K) NonClass: 384892K(388480K)->384892K(388480K) Class: 54962K(57664K)->54962K(57664K)
[2024-08-15T13:18:42.705+0000][3018.649s][info][gc          ] GC(616) Pause Young (Concurrent Start) (G1 Evacuation Pause) 9692M->3180M(12288M) 34.218ms
[2024-08-15T13:18:42.705+0000][3018.649s][info][gc,cpu      ] GC(616) User=0.19s Sys=0.00s Real=0.04s
[2024-08-15T13:18:42.705+0000][3018.649s][info][gc          ] GC(617) Concurrent Mark Cycle
[2024-08-15T13:18:42.705+0000][3018.650s][info][gc,marking  ] GC(617) Concurrent Clear Claimed Marks
[2024-08-15T13:18:42.705+0000][3018.650s][info][gc,marking  ] GC(617) Concurrent Clear Claimed Marks 0.422ms
[2024-08-15T13:18:42.705+0000][3018.650s][info][gc,marking  ] GC(617) Concurrent Scan Root Regions
[2024-08-15T13:18:42.726+0000][3018.671s][info][gc,marking  ] GC(617) Concurrent Scan Root Regions 20.556ms
[2024-08-15T13:18:42.726+0000][3018.671s][info][gc,marking  ] GC(617) Concurrent Mark
[2024-08-15T13:18:42.726+0000][3018.671s][info][gc,marking  ] GC(617) Concurrent Mark From Roots
[2024-08-15T13:18:42.726+0000][3018.671s][info][gc,task     ] GC(617) Using 2 workers of 2 for marking
[2024-08-15T13:18:45.174+0000][3021.119s][info][gc,marking  ] GC(617) Concurrent Mark From Roots 2448.019ms
[2024-08-15T13:18:45.174+0000][3021.119s][info][gc,marking  ] GC(617) Concurrent Preclean
[2024-08-15T13:18:45.175+0000][3021.120s][info][gc,marking  ] GC(617) Concurrent Preclean 1.231ms
[2024-08-15T13:18:45.175+0000][3021.120s][info][gc,start    ] GC(617) Pause Remark
[2024-08-15T13:18:45.198+0000][3021.143s][info][gc          ] GC(617) Pause Remark 4884M->4884M(12288M) 22.998ms
[2024-08-15T13:18:45.198+0000][3021.143s][info][gc,cpu      ] GC(617) User=0.09s Sys=0.00s Real=0.02s
[2024-08-15T13:18:45.199+0000][3021.143s][info][gc,marking  ] GC(617) Concurrent Mark 2472.759ms
[2024-08-15T13:18:45.199+0000][3021.143s][info][gc,marking  ] GC(617) Concurrent Rebuild Remembered Sets
[2024-08-15T13:18:46.598+0000][3022.543s][info][gc,marking  ] GC(617) Concurrent Rebuild Remembered Sets 1399.173ms
[2024-08-15T13:18:46.598+0000][3022.543s][info][gc,start    ] GC(617) Pause Cleanup
[2024-08-15T13:18:46.599+0000][3022.543s][info][gc          ] GC(617) Pause Cleanup 5860M->5860M(12288M) 0.607ms
[2024-08-15T13:18:46.599+0000][3022.543s][info][gc,cpu      ] GC(617) User=0.00s Sys=0.00s Real=0.00s
[2024-08-15T13:18:46.599+0000][3022.543s][info][gc,marking  ] GC(617) Concurrent Cleanup for Next Mark
[2024-08-15T13:18:46.617+0000][3022.561s][info][gc,marking  ] GC(617) Concurrent Cleanup for Next Mark 17.757ms
[2024-08-15T13:18:46.617+0000][3022.561s][info][gc          ] GC(617) Concurrent Mark Cycle 3911.690ms
[2024-08-15T13:18:51.718+0000][3027.663s][info][gc,start    ] GC(618) Pause Young (Prepare Mixed) (G1 Evacuation Pause)
[2024-08-15T13:18:51.718+0000][3027.663s][info][gc,task     ] GC(618) Using 6 workers of 6 for evacuation
[2024-08-15T13:18:51.758+0000][3027.703s][info][gc,phases   ] GC(618)   Pre Evacuate Collection Set: 0.2ms
[2024-08-15T13:18:51.758+0000][3027.703s][info][gc,phases   ] GC(618)   Merge Heap Roots: 0.4ms
[2024-08-15T13:18:51.758+0000][3027.703s][info][gc,phases   ] GC(618)   Evacuate Collection Set: 35.7ms
[2024-08-15T13:18:51.758+0000][3027.703s][info][gc,phases   ] GC(618)   Post Evacuate Collection Set: 3.2ms
[2024-08-15T13:18:51.758+0000][3027.703s][info][gc,phases   ] GC(618)   Other: 0.2ms
[2024-08-15T13:18:51.758+0000][3027.703s][info][gc,heap     ] GC(618) Eden regions: 814->0(61)
[2024-08-15T13:18:51.758+0000][3027.703s][info][gc,heap     ] GC(618) Survivor regions: 12->15(104)
[2024-08-15T13:18:51.758+0000][3027.703s][info][gc,heap     ] GC(618) Old regions: 381->381
[2024-08-15T13:18:51.758+0000][3027.703s][info][gc,heap     ] GC(618) Archive regions: 2->2
[2024-08-15T13:18:51.758+0000][3027.703s][info][gc,heap     ] GC(618) Humongous regions: 5->5
[2024-08-15T13:18:51.758+0000][3027.703s][info][gc,metaspace] GC(618) Metaspace: 439856K(446144K)->439856K(446144K) NonClass: 384893K(388480K)->384893K(388480K) Class: 54962K(57664K)->54962K(57664K)
[2024-08-15T13:18:51.758+0000][3027.703s][info][gc          ] GC(618) Pause Young (Prepare Mixed) (G1 Evacuation Pause) 9692M->3206M(12288M) 39.735ms
[2024-08-15T13:18:51.758+0000][3027.703s][info][gc,cpu      ] GC(618) User=0.23s Sys=0.00s Real=0.04s
[2024-08-15T13:18:52.403+0000][3028.347s][info][gc,start    ] GC(619) Pause Young (Mixed) (G1 Evacuation Pause)
[2024-08-15T13:18:52.403+0000][3028.348s][info][gc,task     ] GC(619) Using 6 workers of 6 for evacuation
[2024-08-15T13:18:52.487+0000][3028.432s][info][gc,phases   ] GC(619)   Pre Evacuate Collection Set: 0.2ms
[2024-08-15T13:18:52.487+0000][3028.432s][info][gc,phases   ] GC(619)   Merge Heap Roots: 0.4ms
[2024-08-15T13:18:52.487+0000][3028.432s][info][gc,phases   ] GC(619)   Evacuate Collection Set: 81.3ms
[2024-08-15T13:18:52.487+0000][3028.432s][info][gc,phases   ] GC(619)   Post Evacuate Collection Set: 2.1ms
[2024-08-15T13:18:52.487+0000][3028.432s][info][gc,phases   ] GC(619)   Other: 0.2ms
[2024-08-15T13:18:52.487+0000][3028.432s][info][gc,heap     ] GC(619) Eden regions: 61->0(821)
[2024-08-15T13:18:52.487+0000][3028.432s][info][gc,heap     ] GC(619) Survivor regions: 15->6(10)
[2024-08-15T13:18:52.487+0000][3028.432s][info][gc,heap     ] GC(619) Old regions: 381->379
[2024-08-15T13:18:52.487+0000][3028.432s][info][gc,heap     ] GC(619) Archive regions: 2->2
[2024-08-15T13:18:52.487+0000][3028.432s][info][gc,heap     ] GC(619) Humongous regions: 5->5
[2024-08-15T13:18:52.487+0000][3028.432s][info][gc,metaspace] GC(619) Metaspace: 439856K(446144K)->439856K(446144K) NonClass: 384893K(388480K)->384893K(388480K) Class: 54962K(57664K)->54962K(57664K)
[2024-08-15T13:18:52.487+0000][3028.432s][info][gc          ] GC(619) Pause Young (Mixed) (G1 Evacuation Pause) 3694M->3116M(12288M) 84.305ms
[2024-08-15T13:18:52.487+0000][3028.432s][info][gc,cpu      ] GC(619) User=0.50s Sys=0.00s Real=0.09s
[2024-08-15T13:19:01.325+0000][3037.270s][info][gc,start    ] GC(620) Pause Young (Normal) (G1 Evacuation Pause)
[2024-08-15T13:19:01.325+0000][3037.270s][info][gc,task     ] GC(620) Using 6 workers of 6 for evacuation
[2024-08-15T13:19:01.350+0000][3037.294s][info][gc,phases   ] GC(620)   Pre Evacuate Collection Set: 0.2ms
[2024-08-15T13:19:01.350+0000][3037.294s][info][gc,phases   ] GC(620)   Merge Heap Roots: 0.3ms
[2024-08-15T13:19:01.350+0000][3037.294s][info][gc,phases   ] GC(620)   Evacuate Collection Set: 21.6ms
[2024-08-15T13:19:01.350+0000][3037.294s][info][gc,phases   ] GC(620)   Post Evacuate Collection Set: 2.2ms
[2024-08-15T13:19:01.350+0000][3037.294s][info][gc,phases   ] GC(620)   Other: 0.2ms
[2024-08-15T13:19:01.350+0000][3037.294s][info][gc,heap     ] GC(620) Eden regions: 821->0(818)
[2024-08-15T13:19:01.350+0000][3037.294s][info][gc,heap     ] GC(620) Survivor regions: 6->9(104)
[2024-08-15T13:19:01.350+0000][3037.294s][info][gc,heap     ] GC(620) Old regions: 379->379
[2024-08-15T13:19:01.350+0000][3037.294s][info][gc,heap     ] GC(620) Archive regions: 2->2
[2024-08-15T13:19:01.350+0000][3037.294s][info][gc,heap     ] GC(620) Humongous regions: 5->5
[2024-08-15T13:19:01.350+0000][3037.294s][info][gc,metaspace] GC(620) Metaspace: 439859K(446144K)->439859K(446144K) NonClass: 384896K(388480K)->384896K(388480K) Class: 54962K(57664K)->54962K(57664K)
[2024-08-15T13:19:01.350+0000][3037.294s][info][gc          ] GC(620) Pause Young (Normal) (G1 Evacuation Pause) 9684M->3141M(12288M) 24.598ms
[2024-08-15T13:19:01.350+0000][3037.294s][info][gc,cpu      ] GC(620) User=0.15s Sys=0.00s Real=0.02s
[2024-08-15T13:19:09.638+0000][3045.582s][info][gc,start    ] GC(621) Pause Young (Normal) (G1 Evacuation Pause)
[2024-08-15T13:19:09.638+0000][3045.582s][info][gc,task     ] GC(621) Using 6 workers of 6 for evacuation
[2024-08-15T13:19:09.665+0000][3045.609s][info][gc,phases   ] GC(621)   Pre Evacuate Collection Set: 0.2ms
[2024-08-15T13:19:09.665+0000][3045.609s][info][gc,phases   ] GC(621)   Merge Heap Roots: 0.3ms
[2024-08-15T13:19:09.665+0000][3045.609s][info][gc,phases   ] GC(621)   Evacuate Collection Set: 24.0ms
[2024-08-15T13:19:09.665+0000][3045.609s][info][gc,phases   ] GC(621)   Post Evacuate Collection Set: 2.3ms
[2024-08-15T13:19:09.665+0000][3045.609s][info][gc,phases   ] GC(621)   Other: 0.2ms
[2024-08-15T13:19:09.665+0000][3045.609s][info][gc,heap     ] GC(621) Eden regions: 818->0(819)
[2024-08-15T13:19:09.665+0000][3045.609s][info][gc,heap     ] GC(621) Survivor regions: 9->9(104)
[2024-08-15T13:19:09.665+0000][3045.609s][info][gc,heap     ] GC(621) Old regions: 379->379
[2024-08-15T13:19:09.665+0000][3045.609s][info][gc,heap     ] GC(621) Archive regions: 2->2
[2024-08-15T13:19:09.665+0000][3045.609s][info][gc,heap     ] GC(621) Humongous regions: 5->5
[2024-08-15T13:19:09.665+0000][3045.609s][info][gc,metaspace] GC(621) Metaspace: 439859K(446144K)->439859K(446144K) NonClass: 384896K(388480K)->384896K(388480K) Class: 54962K(57664K)->54962K(57664K)
[2024-08-15T13:19:09.665+0000][3045.609s][info][gc          ] GC(621) Pause Young (Normal) (G1 Evacuation Pause) 9685M->3139M(12288M) 26.955ms
[2024-08-15T13:19:09.665+0000][3045.609s][info][gc,cpu      ] GC(621) User=0.16s Sys=0.00s Real=0.03s
[2024-08-15T13:19:18.441+0000][3054.386s][info][gc,start    ] GC(622) Pause Young (Concurrent Start) (G1 Evacuation Pause)
[2024-08-15T13:19:18.441+0000][3054.386s][info][gc,task     ] GC(622) Using 6 workers of 6 for evacuation
[2024-08-15T13:19:18.476+0000][3054.420s][info][gc,phases   ] GC(622)   Pre Evacuate Collection Set: 0.6ms
[2024-08-15T13:19:18.476+0000][3054.420s][info][gc,phases   ] GC(622)   Merge Heap Roots: 0.3ms
[2024-08-15T13:19:18.476+0000][3054.420s][info][gc,phases   ] GC(622)   Evacuate Collection Set: 31.1ms
[2024-08-15T13:19:18.476+0000][3054.420s][info][gc,phases   ] GC(622)   Post Evacuate Collection Set: 2.3ms
[2024-08-15T13:19:18.476+0000][3054.420s][info][gc,phases   ] GC(622)   Other: 0.3ms
[2024-08-15T13:19:18.476+0000][3054.420s][info][gc,heap     ] GC(622) Eden regions: 819->0(816)
[2024-08-15T13:19:18.476+0000][3054.420s][info][gc,heap     ] GC(622) Survivor regions: 9->12(104)
[2024-08-15T13:19:18.476+0000][3054.420s][info][gc,heap     ] GC(622) Old regions: 379->379
[2024-08-15T13:19:18.476+0000][3054.420s][info][gc,heap     ] GC(622) Archive regions: 2->2
[2024-08-15T13:19:18.476+0000][3054.420s][info][gc,heap     ] GC(622) Humongous regions: 5->5
[2024-08-15T13:19:18.476+0000][3054.420s][info][gc,metaspace] GC(622) Metaspace: 439859K(446144K)->439859K(446144K) NonClass: 384896K(388480K)->384896K(388480K) Class: 54962K(57664K)->54962K(57664K)
[2024-08-15T13:19:18.476+0000][3054.420s][info][gc          ] GC(622) Pause Young (Concurrent Start) (G1 Evacuation Pause) 9691M->3165M(12288M) 34.677ms
[2024-08-15T13:19:18.476+0000][3054.420s][info][gc,cpu      ] GC(622) User=0.20s Sys=0.00s Real=0.04s
[2024-08-15T13:19:18.476+0000][3054.420s][info][gc          ] GC(623) Concurrent Mark Cycle
[2024-08-15T13:19:18.476+0000][3054.420s][info][gc,marking  ] GC(623) Concurrent Clear Claimed Marks
[2024-08-15T13:19:18.476+0000][3054.421s][info][gc,marking  ] GC(623) Concurrent Clear Claimed Marks 0.427ms
[2024-08-15T13:19:18.476+0000][3054.421s][info][gc,marking  ] GC(623) Concurrent Scan Root Regions
[2024-08-15T13:19:18.506+0000][3054.451s][info][gc,marking  ] GC(623) Concurrent Scan Root Regions 30.269ms
[2024-08-15T13:19:18.506+0000][3054.451s][info][gc,marking  ] GC(623) Concurrent Mark
[2024-08-15T13:19:18.507+0000][3054.451s][info][gc,marking  ] GC(623) Concurrent Mark From Roots
[2024-08-15T13:19:18.507+0000][3054.451s][info][gc,task     ] GC(623) Using 2 workers of 2 for marking
[2024-08-15T13:19:20.946+0000][3056.891s][info][gc,marking  ] GC(623) Concurrent Mark From Roots 2439.372ms
[2024-08-15T13:19:20.946+0000][3056.891s][info][gc,marking  ] GC(623) Concurrent Preclean
[2024-08-15T13:19:20.947+0000][3056.892s][info][gc,marking  ] GC(623) Concurrent Preclean 1.519ms
[2024-08-15T13:19:20.948+0000][3056.892s][info][gc,start    ] GC(623) Pause Remark
[2024-08-15T13:19:20.971+0000][3056.915s][info][gc          ] GC(623) Pause Remark 4845M->4845M(12288M) 22.916ms
[2024-08-15T13:19:20.971+0000][3056.915s][info][gc,cpu      ] GC(623) User=0.09s Sys=0.00s Real=0.02s
[2024-08-15T13:19:20.971+0000][3056.915s][info][gc,marking  ] GC(623) Concurrent Mark 2464.239ms
[2024-08-15T13:19:20.971+0000][3056.915s][info][gc,marking  ] GC(623) Concurrent Rebuild Remembered Sets
[2024-08-15T13:19:22.351+0000][3058.296s][info][gc,marking  ] GC(623) Concurrent Rebuild Remembered Sets 1380.236ms
[2024-08-15T13:19:22.351+0000][3058.296s][info][gc,start    ] GC(623) Pause Cleanup
[2024-08-15T13:19:22.352+0000][3058.297s][info][gc          ] GC(623) Pause Cleanup 5805M->5805M(12288M) 0.649ms
[2024-08-15T13:19:22.352+0000][3058.297s][info][gc,cpu      ] GC(623) User=0.00s Sys=0.01s Real=0.00s
[2024-08-15T13:19:22.352+0000][3058.297s][info][gc,marking  ] GC(623) Concurrent Cleanup for Next Mark
[2024-08-15T13:19:22.369+0000][3058.313s][info][gc,marking  ] GC(623) Concurrent Cleanup for Next Mark 16.562ms
[2024-08-15T13:19:22.369+0000][3058.313s][info][gc          ] GC(623) Concurrent Mark Cycle 3892.945ms
[2024-08-15T13:19:27.628+0000][3063.572s][info][gc,start    ] GC(624) Pause Young (Prepare Mixed) (G1 Evacuation Pause)
[2024-08-15T13:19:27.628+0000][3063.572s][info][gc,task     ] GC(624) Using 6 workers of 6 for evacuation
[2024-08-15T13:19:27.670+0000][3063.615s][info][gc,phases   ] GC(624)   Pre Evacuate Collection Set: 0.2ms
[2024-08-15T13:19:27.671+0000][3063.615s][info][gc,phases   ] GC(624)   Merge Heap Roots: 0.4ms
[2024-08-15T13:19:27.671+0000][3063.615s][info][gc,phases   ] GC(624)   Evacuate Collection Set: 39.6ms
[2024-08-15T13:19:27.671+0000][3063.615s][info][gc,phases   ] GC(624)   Post Evacuate Collection Set: 2.5ms
[2024-08-15T13:19:27.671+0000][3063.615s][info][gc,phases   ] GC(624)   Other: 0.2ms
[2024-08-15T13:19:27.671+0000][3063.615s][info][gc,heap     ] GC(624) Eden regions: 816->0(61)
[2024-08-15T13:19:27.671+0000][3063.615s][info][gc,heap     ] GC(624) Survivor regions: 12->15(104)
[2024-08-15T13:19:27.671+0000][3063.615s][info][gc,heap     ] GC(624) Old regions: 379->379
[2024-08-15T13:19:27.671+0000][3063.615s][info][gc,heap     ] GC(624) Archive regions: 2->2
[2024-08-15T13:19:27.671+0000][3063.615s][info][gc,heap     ] GC(624) Humongous regions: 5->5
[2024-08-15T13:19:27.671+0000][3063.615s][info][gc,metaspace] GC(624) Metaspace: 439859K(446144K)->439859K(446144K) NonClass: 384896K(388480K)->384896K(388480K) Class: 54962K(57664K)->54962K(57664K)
[2024-08-15T13:19:27.671+0000][3063.615s][info][gc          ] GC(624) Pause Young (Prepare Mixed) (G1 Evacuation Pause) 9693M->3187M(12288M) 42.914ms
[2024-08-15T13:19:27.671+0000][3063.615s][info][gc,cpu      ] GC(624) User=0.25s Sys=0.00s Real=0.04s
[2024-08-15T13:19:28.335+0000][3064.279s][info][gc,start    ] GC(625) Pause Young (Mixed) (G1 Evacuation Pause)
[2024-08-15T13:19:28.335+0000][3064.279s][info][gc,task     ] GC(625) Using 6 workers of 6 for evacuation
[2024-08-15T13:19:28.430+0000][3064.374s][info][gc,phases   ] GC(625)   Pre Evacuate Collection Set: 0.2ms
[2024-08-15T13:19:28.430+0000][3064.374s][info][gc,phases   ] GC(625)   Merge Heap Roots: 0.5ms
[2024-08-15T13:19:28.430+0000][3064.374s][info][gc,phases   ] GC(625)   Evacuate Collection Set: 92.0ms
[2024-08-15T13:19:28.430+0000][3064.374s][info][gc,phases   ] GC(625)   Post Evacuate Collection Set: 2.0ms
[2024-08-15T13:19:28.430+0000][3064.374s][info][gc,phases   ] GC(625)   Other: 0.2ms
[2024-08-15T13:19:28.430+0000][3064.374s][info][gc,heap     ] GC(625) Eden regions: 61->0(822)
[2024-08-15T13:19:28.430+0000][3064.374s][info][gc,heap     ] GC(625) Survivor regions: 15->6(10)
[2024-08-15T13:19:28.430+0000][3064.374s][info][gc,heap     ] GC(625) Old regions: 379->379
[2024-08-15T13:19:28.430+0000][3064.374s][info][gc,heap     ] GC(625) Archive regions: 2->2
[2024-08-15T13:19:28.430+0000][3064.374s][info][gc,heap     ] GC(625) Humongous regions: 5->5
[2024-08-15T13:19:28.430+0000][3064.374s][info][gc,metaspace] GC(625) Metaspace: 439867K(446144K)->439867K(446144K) NonClass: 384904K(388480K)->384904K(388480K) Class: 54962K(57664K)->54962K(57664K)
[2024-08-15T13:19:28.430+0000][3064.374s][info][gc          ] GC(625) Pause Young (Mixed) (G1 Evacuation Pause) 3675M->3113M(12288M) 94.850ms
[2024-08-15T13:19:28.430+0000][3064.374s][info][gc,cpu      ] GC(625) User=0.57s Sys=0.00s Real=0.10s
[2024-08-15T13:19:37.328+0000][3073.273s][info][gc,start    ] GC(626) Pause Young (Normal) (G1 Evacuation Pause)
[2024-08-15T13:19:37.328+0000][3073.273s][info][gc,task     ] GC(626) Using 6 workers of 6 for evacuation
[2024-08-15T13:19:37.351+0000][3073.296s][info][gc,phases   ] GC(626)   Pre Evacuate Collection Set: 0.2ms
[2024-08-15T13:19:37.351+0000][3073.296s][info][gc,phases   ] GC(626)   Merge Heap Roots: 0.3ms
[2024-08-15T13:19:37.351+0000][3073.296s][info][gc,phases   ] GC(626)   Evacuate Collection Set: 20.0ms
[2024-08-15T13:19:37.351+0000][3073.296s][info][gc,phases   ] GC(626)   Post Evacuate Collection Set: 2.3ms
[2024-08-15T13:19:37.351+0000][3073.296s][info][gc,phases   ] GC(626)   Other: 0.2ms
[2024-08-15T13:19:37.351+0000][3073.296s][info][gc,heap     ] GC(626) Eden regions: 822->0(818)
[2024-08-15T13:19:37.351+0000][3073.296s][info][gc,heap     ] GC(626) Survivor regions: 6->9(104)
[2024-08-15T13:19:37.351+0000][3073.296s][info][gc,heap     ] GC(626) Old regions: 379->379
[2024-08-15T13:19:37.351+0000][3073.296s][info][gc,heap     ] GC(626) Archive regions: 2->2
[2024-08-15T13:19:37.351+0000][3073.296s][info][gc,heap     ] GC(626) Humongous regions: 5->5
[2024-08-15T13:19:37.351+0000][3073.296s][info][gc,metaspace] GC(626) Metaspace: 439876K(446208K)->439876K(446208K) NonClass: 384914K(388544K)->384914K(388544K) Class: 54962K(57664K)->54962K(57664K)
[2024-08-15T13:19:37.351+0000][3073.296s][info][gc          ] GC(626) Pause Young (Normal) (G1 Evacuation Pause) 9689M->3135M(12288M) 22.988ms
[2024-08-15T13:19:37.351+0000][3073.296s][info][gc,cpu      ] GC(626) User=0.14s Sys=0.00s Real=0.02s
[2024-08-15T13:19:46.060+0000][3082.004s][info][gc,start    ] GC(627) Pause Young (Normal) (G1 Evacuation Pause)
[2024-08-15T13:19:46.060+0000][3082.004s][info][gc,task     ] GC(627) Using 6 workers of 6 for evacuation
[2024-08-15T13:19:46.088+0000][3082.032s][info][gc,phases   ] GC(627)   Pre Evacuate Collection Set: 0.2ms
[2024-08-15T13:19:46.088+0000][3082.032s][info][gc,phases   ] GC(627)   Merge Heap Roots: 0.3ms
[2024-08-15T13:19:46.088+0000][3082.032s][info][gc,phases   ] GC(627)   Evacuate Collection Set: 24.9ms
[2024-08-15T13:19:46.088+0000][3082.032s][info][gc,phases   ] GC(627)   Post Evacuate Collection Set: 2.4ms
[2024-08-15T13:19:46.088+0000][3082.032s][info][gc,phases   ] GC(627)   Other: 0.2ms
[2024-08-15T13:19:46.088+0000][3082.032s][info][gc,heap     ] GC(627) Eden regions: 818->0(818)
[2024-08-15T13:19:46.088+0000][3082.032s][info][gc,heap     ] GC(627) Survivor regions: 9->10(104)
[2024-08-15T13:19:46.088+0000][3082.032s][info][gc,heap     ] GC(627) Old regions: 379->379
[2024-08-15T13:19:46.088+0000][3082.032s][info][gc,heap     ] GC(627) Archive regions: 2->2
[2024-08-15T13:19:46.088+0000][3082.032s][info][gc,heap     ] GC(627) Humongous regions: 5->5
[2024-08-15T13:19:46.088+0000][3082.032s][info][gc,metaspace] GC(627) Metaspace: 439906K(446208K)->439906K(446208K) NonClass: 384943K(388544K)->384943K(388544K) Class: 54962K(57664K)->54962K(57664K)
[2024-08-15T13:19:46.088+0000][3082.032s][info][gc          ] GC(627) Pause Young (Normal) (G1 Evacuation Pause) 9679M->3147M(12288M) 28.017ms
[2024-08-15T13:19:46.088+0000][3082.032s][info][gc,cpu      ] GC(627) User=0.16s Sys=0.00s Real=0.03s
[2024-08-15T13:19:53.894+0000][3089.839s][info][gc,start    ] GC(628) Pause Young (Concurrent Start) (G1 Evacuation Pause)
[2024-08-15T13:19:53.894+0000][3089.839s][info][gc,task     ] GC(628) Using 6 workers of 6 for evacuation
[2024-08-15T13:19:53.934+0000][3089.879s][info][gc,phases   ] GC(628)   Pre Evacuate Collection Set: 0.6ms
[2024-08-15T13:19:53.934+0000][3089.879s][info][gc,phases   ] GC(628)   Merge Heap Roots: 0.3ms
[2024-08-15T13:19:53.934+0000][3089.879s][info][gc,phases   ] GC(628)   Evacuate Collection Set: 34.3ms
[2024-08-15T13:19:53.934+0000][3089.879s][info][gc,phases   ] GC(628)   Post Evacuate Collection Set: 4.6ms
[2024-08-15T13:19:53.934+0000][3089.879s][info][gc,phases   ] GC(628)   Other: 0.3ms
[2024-08-15T13:19:53.934+0000][3089.879s][info][gc,heap     ] GC(628) Eden regions: 818->0(816)
[2024-08-15T13:19:53.934+0000][3089.879s][info][gc,heap     ] GC(628) Survivor regions: 10->12(104)
[2024-08-15T13:19:53.934+0000][3089.879s][info][gc,heap     ] GC(628) Old regions: 379->379
[2024-08-15T13:19:53.934+0000][3089.879s][info][gc,heap     ] GC(628) Archive regions: 2->2
[2024-08-15T13:19:53.934+0000][3089.879s][info][gc,heap     ] GC(628) Humongous regions: 5->5
[2024-08-15T13:19:53.934+0000][3089.879s][info][gc,metaspace] GC(628) Metaspace: 439911K(446208K)->439911K(446208K) NonClass: 384949K(388544K)->384949K(388544K) Class: 54962K(57664K)->54962K(57664K)
[2024-08-15T13:19:53.934+0000][3089.879s][info][gc          ] GC(628) Pause Young (Concurrent Start) (G1 Evacuation Pause) 9691M->3165M(12288M) 40.182ms
[2024-08-15T13:19:53.934+0000][3089.879s][info][gc,cpu      ] GC(628) User=0.23s Sys=0.00s Real=0.04s
[2024-08-15T13:19:53.934+0000][3089.879s][info][gc          ] GC(629) Concurrent Mark Cycle
[2024-08-15T13:19:53.934+0000][3089.879s][info][gc,marking  ] GC(629) Concurrent Clear Claimed Marks
[2024-08-15T13:19:53.935+0000][3089.879s][info][gc,marking  ] GC(629) Concurrent Clear Claimed Marks 0.435ms
[2024-08-15T13:19:53.935+0000][3089.879s][info][gc,marking  ] GC(629) Concurrent Scan Root Regions
[2024-08-15T13:19:53.963+0000][3089.908s][info][gc,marking  ] GC(629) Concurrent Scan Root Regions 28.054ms
[2024-08-15T13:19:53.963+0000][3089.908s][info][gc,marking  ] GC(629) Concurrent Mark
[2024-08-15T13:19:53.963+0000][3089.908s][info][gc,marking  ] GC(629) Concurrent Mark From Roots
[2024-08-15T13:19:53.963+0000][3089.908s][info][gc,task     ] GC(629) Using 2 workers of 2 for marking
[2024-08-15T13:19:56.488+0000][3092.433s][info][gc,marking  ] GC(629) Concurrent Mark From Roots 2525.474ms
[2024-08-15T13:19:56.488+0000][3092.433s][info][gc,marking  ] GC(629) Concurrent Preclean
[2024-08-15T13:19:56.490+0000][3092.434s][info][gc,marking  ] GC(629) Concurrent Preclean 1.263ms
[2024-08-15T13:19:56.490+0000][3092.435s][info][gc,start    ] GC(629) Pause Remark
[2024-08-15T13:19:56.513+0000][3092.458s][info][gc          ] GC(629) Pause Remark 8745M->8745M(12288M) 23.124ms
[2024-08-15T13:19:56.513+0000][3092.458s][info][gc,cpu      ] GC(629) User=0.10s Sys=0.00s Real=0.02s
[2024-08-15T13:19:56.513+0000][3092.458s][info][gc,marking  ] GC(629) Concurrent Mark 2550.361ms
[2024-08-15T13:19:56.513+0000][3092.458s][info][gc,marking  ] GC(629) Concurrent Rebuild Remembered Sets
[2024-08-15T13:19:56.907+0000][3092.852s][info][gc,start    ] GC(630) Pause Young (Normal) (G1 Evacuation Pause)
[2024-08-15T13:19:56.907+0000][3092.852s][info][gc,task     ] GC(630) Using 6 workers of 6 for evacuation
[2024-08-15T13:19:57.000+0000][3092.945s][info][gc,phases   ] GC(630)   Pre Evacuate Collection Set: 0.2ms
[2024-08-15T13:19:57.001+0000][3092.945s][info][gc,phases   ] GC(630)   Merge Heap Roots: 0.5ms
[2024-08-15T13:19:57.001+0000][3092.945s][info][gc,phases   ] GC(630)   Evacuate Collection Set: 74.5ms
[2024-08-15T13:19:57.001+0000][3092.945s][info][gc,phases   ] GC(630)   Post Evacuate Collection Set: 18.1ms
[2024-08-15T13:19:57.001+0000][3092.945s][info][gc,phases   ] GC(630)   Other: 0.3ms
[2024-08-15T13:19:57.001+0000][3092.945s][info][gc,heap     ] GC(630) Eden regions: 816->0(808)
[2024-08-15T13:19:57.001+0000][3092.945s][info][gc,heap     ] GC(630) Survivor regions: 12->17(104)
[2024-08-15T13:19:57.001+0000][3092.945s][info][gc,heap     ] GC(630) Old regions: 379->379
[2024-08-15T13:19:57.001+0000][3092.945s][info][gc,heap     ] GC(630) Archive regions: 2->2
[2024-08-15T13:19:57.001+0000][3092.945s][info][gc,heap     ] GC(630) Humongous regions: 5->5
[2024-08-15T13:19:57.001+0000][3092.945s][info][gc,metaspace] GC(630) Metaspace: 439911K(446208K)->439911K(446208K) NonClass: 384949K(388544K)->384949K(388544K) Class: 54962K(57664K)->54962K(57664K)
[2024-08-15T13:19:57.001+0000][3092.945s][info][gc          ] GC(630) Pause Young (Normal) (G1 Evacuation Pause) 9693M->3203M(12288M) 93.556ms
[2024-08-15T13:19:57.001+0000][3092.945s][info][gc,cpu      ] GC(630) User=0.54s Sys=0.00s Real=0.09s
[2024-08-15T13:19:58.104+0000][3094.049s][info][gc,marking  ] GC(629) Concurrent Rebuild Remembered Sets 1590.930ms
[2024-08-15T13:19:58.104+0000][3094.049s][info][gc,start    ] GC(629) Pause Cleanup
[2024-08-15T13:19:58.105+0000][3094.050s][info][gc          ] GC(629) Pause Cleanup 5755M->5755M(12288M) 0.633ms
[2024-08-15T13:19:58.105+0000][3094.050s][info][gc,cpu      ] GC(629) User=0.01s Sys=0.00s Real=0.00s
[2024-08-15T13:19:58.105+0000][3094.050s][info][gc,marking  ] GC(629) Concurrent Cleanup for Next Mark
[2024-08-15T13:19:58.123+0000][3094.067s][info][gc,marking  ] GC(629) Concurrent Cleanup for Next Mark 17.538ms
[2024-08-15T13:19:58.123+0000][3094.067s][info][gc          ] GC(629) Concurrent Mark Cycle 4188.507ms
[2024-08-15T13:19:59.616+0000][3095.561s][info][gc,start    ] GC(631) Pause Young (Prepare Mixed) (G1 Evacuation Pause)
[2024-08-15T13:19:59.617+0000][3095.561s][info][gc,task     ] GC(631) Using 6 workers of 6 for evacuation
[2024-08-15T13:19:59.743+0000][3095.687s][info][gc,phases   ] GC(631)   Pre Evacuate Collection Set: 0.2ms
[2024-08-15T13:19:59.743+0000][3095.687s][info][gc,phases   ] GC(631)   Merge Heap Roots: 0.8ms
[2024-08-15T13:19:59.743+0000][3095.687s][info][gc,phases   ] GC(631)   Evacuate Collection Set: 104.5ms
[2024-08-15T13:19:59.743+0000][3095.687s][info][gc,phases   ] GC(631)   Post Evacuate Collection Set: 20.5ms
[2024-08-15T13:19:59.743+0000][3095.687s][info][gc,phases   ] GC(631)   Other: 0.2ms
[2024-08-15T13:19:59.743+0000][3095.687s][info][gc,heap     ] GC(631) Eden regions: 808->0(55)
[2024-08-15T13:19:59.743+0000][3095.687s][info][gc,heap     ] GC(631) Survivor regions: 17->21(104)
[2024-08-15T13:19:59.743+0000][3095.687s][info][gc,heap     ] GC(631) Old regions: 379->379
[2024-08-15T13:19:59.743+0000][3095.687s][info][gc,heap     ] GC(631) Archive regions: 2->2
[2024-08-15T13:19:59.743+0000][3095.687s][info][gc,heap     ] GC(631) Humongous regions: 5->5
[2024-08-15T13:19:59.743+0000][3095.687s][info][gc,metaspace] GC(631) Metaspace: 439912K(446208K)->439912K(446208K) NonClass: 384949K(388544K)->384949K(388544K) Class: 54962K(57664K)->54962K(57664K)
[2024-08-15T13:19:59.743+0000][3095.687s][info][gc          ] GC(631) Pause Young (Prepare Mixed) (G1 Evacuation Pause) 9667M->3237M(12288M) 126.279ms
[2024-08-15T13:19:59.743+0000][3095.687s][info][gc,cpu      ] GC(631) User=0.73s Sys=0.01s Real=0.12s
[2024-08-15T13:19:59.966+0000][3095.910s][info][gc,start    ] GC(632) Pause Young (Mixed) (G1 Evacuation Pause)
[2024-08-15T13:19:59.966+0000][3095.911s][info][gc,task     ] GC(632) Using 6 workers of 6 for evacuation
[2024-08-15T13:20:00.077+0000][3096.022s][info][gc,phases   ] GC(632)   Pre Evacuate Collection Set: 0.2ms
[2024-08-15T13:20:00.078+0000][3096.022s][info][gc,phases   ] GC(632)   Merge Heap Roots: 0.5ms
[2024-08-15T13:20:00.078+0000][3096.022s][info][gc,phases   ] GC(632)   Evacuate Collection Set: 107.9ms
[2024-08-15T13:20:00.078+0000][3096.022s][info][gc,phases   ] GC(632)   Post Evacuate Collection Set: 3.0ms
[2024-08-15T13:20:00.078+0000][3096.022s][info][gc,phases   ] GC(632)   Other: 0.2ms
[2024-08-15T13:20:00.078+0000][3096.022s][info][gc,heap     ] GC(632) Eden regions: 55->0(814)
[2024-08-15T13:20:00.078+0000][3096.022s][info][gc,heap     ] GC(632) Survivor regions: 21->3(10)
[2024-08-15T13:20:00.078+0000][3096.022s][info][gc,heap     ] GC(632) Old regions: 379->388
[2024-08-15T13:20:00.078+0000][3096.022s][info][gc,heap     ] GC(632) Archive regions: 2->2
[2024-08-15T13:20:00.078+0000][3096.022s][info][gc,heap     ] GC(632) Humongous regions: 5->5
[2024-08-15T13:20:00.078+0000][3096.022s][info][gc,metaspace] GC(632) Metaspace: 439912K(446208K)->439912K(446208K) NonClass: 384949K(388544K)->384949K(388544K) Class: 54962K(57664K)->54962K(57664K)
[2024-08-15T13:20:00.078+0000][3096.022s][info][gc          ] GC(632) Pause Young (Mixed) (G1 Evacuation Pause) 3677M->3168M(12288M) 111.716ms
[2024-08-15T13:20:00.078+0000][3096.022s][info][gc,cpu      ] GC(632) User=0.66s Sys=0.00s Real=0.11s
[2024-08-15T13:20:03.351+0000][3099.296s][info][gc,start    ] GC(633) Pause Young (Normal) (G1 Evacuation Pause)
[2024-08-15T13:20:03.352+0000][3099.296s][info][gc,task     ] GC(633) Using 6 workers of 6 for evacuation
[2024-08-15T13:20:03.419+0000][3099.364s][info][gc,phases   ] GC(633)   Pre Evacuate Collection Set: 0.2ms
[2024-08-15T13:20:03.419+0000][3099.364s][info][gc,phases   ] GC(633)   Merge Heap Roots: 0.5ms
[2024-08-15T13:20:03.419+0000][3099.364s][info][gc,phases   ] GC(633)   Evacuate Collection Set: 51.4ms
[2024-08-15T13:20:03.419+0000][3099.364s][info][gc,phases   ] GC(633)   Post Evacuate Collection Set: 15.5ms
[2024-08-15T13:20:03.419+0000][3099.364s][info][gc,phases   ] GC(633)   Other: 0.2ms
[2024-08-15T13:20:03.419+0000][3099.364s][info][gc,heap     ] GC(633) Eden regions: 814->0(811)
[2024-08-15T13:20:03.419+0000][3099.364s][info][gc,heap     ] GC(633) Survivor regions: 3->6(103)
[2024-08-15T13:20:03.419+0000][3099.364s][info][gc,heap     ] GC(633) Old regions: 388->388
[2024-08-15T13:20:03.419+0000][3099.364s][info][gc,heap     ] GC(633) Archive regions: 2->2
[2024-08-15T13:20:03.419+0000][3099.364s][info][gc,heap     ] GC(633) Humongous regions: 5->5
[2024-08-15T13:20:03.419+0000][3099.364s][info][gc,metaspace] GC(633) Metaspace: 439915K(446208K)->439915K(446208K) NonClass: 384952K(388544K)->384952K(388544K) Class: 54962K(57664K)->54962K(57664K)
[2024-08-15T13:20:03.419+0000][3099.364s][info][gc          ] GC(633) Pause Young (Normal) (G1 Evacuation Pause) 9680M->3191M(12288M) 67.910ms
[2024-08-15T13:20:03.419+0000][3099.364s][info][gc,cpu      ] GC(633) User=0.40s Sys=0.00s Real=0.07s
[2024-08-15T13:20:07.603+0000][3103.548s][info][gc,start    ] GC(634) Pause Young (Normal) (G1 Evacuation Pause)
[2024-08-15T13:20:07.603+0000][3103.548s][info][gc,task     ] GC(634) Using 6 workers of 6 for evacuation
[2024-08-15T13:20:07.618+0000][3103.562s][info][gc,phases   ] GC(634)   Pre Evacuate Collection Set: 0.2ms
[2024-08-15T13:20:07.618+0000][3103.562s][info][gc,phases   ] GC(634)   Merge Heap Roots: 0.3ms
[2024-08-15T13:20:07.618+0000][3103.562s][info][gc,phases   ] GC(634)   Evacuate Collection Set: 11.6ms
[2024-08-15T13:20:07.618+0000][3103.562s][info][gc,phases   ] GC(634)   Post Evacuate Collection Set: 2.5ms
[2024-08-15T13:20:07.618+0000][3103.562s][info][gc,phases   ] GC(634)   Other: 0.2ms
[2024-08-15T13:20:07.618+0000][3103.562s][info][gc,heap     ] GC(634) Eden regions: 811->0(815)
[2024-08-15T13:20:07.618+0000][3103.562s][info][gc,heap     ] GC(634) Survivor regions: 6->4(103)
[2024-08-15T13:20:07.618+0000][3103.562s][info][gc,heap     ] GC(634) Old regions: 388->388
[2024-08-15T13:20:07.618+0000][3103.562s][info][gc,heap     ] GC(634) Archive regions: 2->2
[2024-08-15T13:20:07.618+0000][3103.563s][info][gc,heap     ] GC(634) Humongous regions: 5->5
[2024-08-15T13:20:07.618+0000][3103.563s][info][gc,metaspace] GC(634) Metaspace: 439915K(446208K)->439915K(446208K) NonClass: 384952K(388544K)->384952K(388544K) Class: 54962K(57664K)->54962K(57664K)
[2024-08-15T13:20:07.618+0000][3103.563s][info][gc          ] GC(634) Pause Young (Normal) (G1 Evacuation Pause) 9679M->3175M(12288M) 14.762ms
[2024-08-15T13:20:07.618+0000][3103.563s][info][gc,cpu      ] GC(634) User=0.08s Sys=0.00s Real=0.01s
[2024-08-15T13:20:14.064+0000][3110.008s][info][gc,start    ] GC(635) Pause Young (Concurrent Start) (G1 Evacuation Pause)
[2024-08-15T13:20:14.064+0000][3110.008s][info][gc,task     ] GC(635) Using 6 workers of 6 for evacuation
[2024-08-15T13:20:14.082+0000][3110.027s][info][gc,phases   ] GC(635)   Pre Evacuate Collection Set: 0.6ms
[2024-08-15T13:20:14.082+0000][3110.027s][info][gc,phases   ] GC(635)   Merge Heap Roots: 0.2ms
[2024-08-15T13:20:14.082+0000][3110.027s][info][gc,phases   ] GC(635)   Evacuate Collection Set: 15.5ms
[2024-08-15T13:20:14.082+0000][3110.027s][info][gc,phases   ] GC(635)   Post Evacuate Collection Set: 2.2ms
[2024-08-15T13:20:14.082+0000][3110.027s][info][gc,phases   ] GC(635)   Other: 0.3ms
[2024-08-15T13:20:14.082+0000][3110.027s][info][gc,heap     ] GC(635) Eden regions: 815->0(812)
[2024-08-15T13:20:14.082+0000][3110.027s][info][gc,heap     ] GC(635) Survivor regions: 4->7(103)
[2024-08-15T13:20:14.082+0000][3110.027s][info][gc,heap     ] GC(635) Old regions: 388->388
[2024-08-15T13:20:14.082+0000][3110.027s][info][gc,heap     ] GC(635) Archive regions: 2->2
[2024-08-15T13:20:14.083+0000][3110.027s][info][gc,heap     ] GC(635) Humongous regions: 5->5
[2024-08-15T13:20:14.083+0000][3110.027s][info][gc,metaspace] GC(635) Metaspace: 439916K(446208K)->439916K(446208K) NonClass: 384953K(388544K)->384953K(388544K) Class: 54962K(57664K)->54962K(57664K)
[2024-08-15T13:20:14.083+0000][3110.027s][info][gc          ] GC(635) Pause Young (Concurrent Start) (G1 Evacuation Pause) 9695M->3195M(12288M) 18.918ms
[2024-08-15T13:20:14.083+0000][3110.027s][info][gc,cpu      ] GC(635) User=0.11s Sys=0.00s Real=0.01s
[2024-08-15T13:20:14.083+0000][3110.027s][info][gc          ] GC(636) Concurrent Mark Cycle
[2024-08-15T13:20:14.083+0000][3110.027s][info][gc,marking  ] GC(636) Concurrent Clear Claimed Marks
[2024-08-15T13:20:14.083+0000][3110.028s][info][gc,marking  ] GC(636) Concurrent Clear Claimed Marks 0.417ms
[2024-08-15T13:20:14.083+0000][3110.028s][info][gc,marking  ] GC(636) Concurrent Scan Root Regions
[2024-08-15T13:20:14.095+0000][3110.040s][info][gc,marking  ] GC(636) Concurrent Scan Root Regions 12.276ms
[2024-08-15T13:20:14.095+0000][3110.040s][info][gc,marking  ] GC(636) Concurrent Mark
[2024-08-15T13:20:14.095+0000][3110.040s][info][gc,marking  ] GC(636) Concurrent Mark From Roots
[2024-08-15T13:20:14.095+0000][3110.040s][info][gc,task     ] GC(636) Using 2 workers of 2 for marking
[2024-08-15T13:20:16.696+0000][3112.641s][info][gc,marking  ] GC(636) Concurrent Mark From Roots 2600.647ms
[2024-08-15T13:20:16.696+0000][3112.641s][info][gc,marking  ] GC(636) Concurrent Preclean
[2024-08-15T13:20:16.697+0000][3112.642s][info][gc,marking  ] GC(636) Concurrent Preclean 1.111ms
[2024-08-15T13:20:16.697+0000][3112.642s][info][gc,start    ] GC(636) Pause Remark
[2024-08-15T13:20:16.721+0000][3112.665s][info][gc          ] GC(636) Pause Remark 5003M->5003M(12288M) 23.361ms
[2024-08-15T13:20:16.721+0000][3112.665s][info][gc,cpu      ] GC(636) User=0.10s Sys=0.00s Real=0.02s
[2024-08-15T13:20:16.721+0000][3112.666s][info][gc,marking  ] GC(636) Concurrent Mark 2625.524ms
[2024-08-15T13:20:16.721+0000][3112.666s][info][gc,marking  ] GC(636) Concurrent Rebuild Remembered Sets
[2024-08-15T13:20:18.065+0000][3114.009s][info][gc,marking  ] GC(636) Concurrent Rebuild Remembered Sets 1343.870ms
[2024-08-15T13:20:18.065+0000][3114.010s][info][gc,start    ] GC(636) Pause Cleanup
[2024-08-15T13:20:18.066+0000][3114.010s][info][gc          ] GC(636) Pause Cleanup 5935M->5935M(12288M) 0.689ms
[2024-08-15T13:20:18.066+0000][3114.010s][info][gc,cpu      ] GC(636) User=0.00s Sys=0.00s Real=0.00s
[2024-08-15T13:20:18.066+0000][3114.011s][info][gc,marking  ] GC(636) Concurrent Cleanup for Next Mark
[2024-08-15T13:20:18.083+0000][3114.027s][info][gc,marking  ] GC(636) Concurrent Cleanup for Next Mark 16.632ms
[2024-08-15T13:20:18.083+0000][3114.027s][info][gc          ] GC(636) Concurrent Mark Cycle 3999.954ms
[2024-08-15T13:20:22.919+0000][3118.863s][info][gc,start    ] GC(637) Pause Young (Prepare Mixed) (G1 Evacuation Pause)
[2024-08-15T13:20:22.919+0000][3118.863s][info][gc,task     ] GC(637) Using 6 workers of 6 for evacuation
[2024-08-15T13:20:22.943+0000][3118.888s][info][gc,phases   ] GC(637)   Pre Evacuate Collection Set: 0.2ms
[2024-08-15T13:20:22.943+0000][3118.888s][info][gc,phases   ] GC(637)   Merge Heap Roots: 0.4ms
[2024-08-15T13:20:22.943+0000][3118.888s][info][gc,phases   ] GC(637)   Evacuate Collection Set: 21.6ms
[2024-08-15T13:20:22.943+0000][3118.888s][info][gc,phases   ] GC(637)   Post Evacuate Collection Set: 2.3ms
[2024-08-15T13:20:22.943+0000][3118.888s][info][gc,phases   ] GC(637)   Other: 0.2ms
[2024-08-15T13:20:22.943+0000][3118.888s][info][gc,heap     ] GC(637) Eden regions: 812->0(68)
[2024-08-15T13:20:22.943+0000][3118.888s][info][gc,heap     ] GC(637) Survivor regions: 7->8(103)
[2024-08-15T13:20:22.943+0000][3118.888s][info][gc,heap     ] GC(637) Old regions: 388->388
[2024-08-15T13:20:22.943+0000][3118.888s][info][gc,heap     ] GC(637) Archive regions: 2->2
[2024-08-15T13:20:22.943+0000][3118.888s][info][gc,heap     ] GC(637) Humongous regions: 5->5
[2024-08-15T13:20:22.943+0000][3118.888s][info][gc,metaspace] GC(637) Metaspace: 439916K(446208K)->439916K(446208K) NonClass: 384953K(388544K)->384953K(388544K) Class: 54962K(57664K)->54962K(57664K)
[2024-08-15T13:20:22.943+0000][3118.888s][info][gc          ] GC(637) Pause Young (Prepare Mixed) (G1 Evacuation Pause) 9691M->3207M(12288M) 24.684ms
[2024-08-15T13:20:22.944+0000][3118.888s][info][gc,cpu      ] GC(637) User=0.15s Sys=0.00s Real=0.03s
[2024-08-15T13:20:23.723+0000][3119.668s][info][gc,start    ] GC(638) Pause Young (Mixed) (G1 Evacuation Pause)
[2024-08-15T13:20:23.723+0000][3119.668s][info][gc,task     ] GC(638) Using 6 workers of 6 for evacuation
[2024-08-15T13:20:23.780+0000][3119.725s][info][gc,phases   ] GC(638)   Pre Evacuate Collection Set: 0.2ms
[2024-08-15T13:20:23.780+0000][3119.725s][info][gc,phases   ] GC(638)   Merge Heap Roots: 0.4ms
[2024-08-15T13:20:23.780+0000][3119.725s][info][gc,phases   ] GC(638)   Evacuate Collection Set: 54.7ms
[2024-08-15T13:20:23.780+0000][3119.725s][info][gc,phases   ] GC(638)   Post Evacuate Collection Set: 1.8ms
[2024-08-15T13:20:23.780+0000][3119.725s][info][gc,phases   ] GC(638)   Other: 0.2ms
[2024-08-15T13:20:23.780+0000][3119.725s][info][gc,heap     ] GC(638) Eden regions: 68->0(828)
[2024-08-15T13:20:23.780+0000][3119.725s][info][gc,heap     ] GC(638) Survivor regions: 8->5(10)
[2024-08-15T13:20:23.780+0000][3119.725s][info][gc,heap     ] GC(638) Old regions: 388->375
[2024-08-15T13:20:23.780+0000][3119.725s][info][gc,heap     ] GC(638) Archive regions: 2->2
[2024-08-15T13:20:23.780+0000][3119.725s][info][gc,heap     ] GC(638) Humongous regions: 5->5
[2024-08-15T13:20:23.780+0000][3119.725s][info][gc,metaspace] GC(638) Metaspace: 439923K(446208K)->439923K(446208K) NonClass: 384960K(388544K)->384960K(388544K) Class: 54962K(57664K)->54962K(57664K)
[2024-08-15T13:20:23.780+0000][3119.725s][info][gc          ] GC(638) Pause Young (Mixed) (G1 Evacuation Pause) 3751M->3075M(12288M) 57.248ms
[2024-08-15T13:20:23.780+0000][3119.725s][info][gc,cpu      ] GC(638) User=0.34s Sys=0.00s Real=0.05s
[2024-08-15T13:20:32.840+0000][3128.785s][info][gc,start    ] GC(639) Pause Young (Normal) (G1 Evacuation Pause)
[2024-08-15T13:20:32.840+0000][3128.785s][info][gc,task     ] GC(639) Using 6 workers of 6 for evacuation
[2024-08-15T13:20:32.864+0000][3128.809s][info][gc,phases   ] GC(639)   Pre Evacuate Collection Set: 0.2ms
[2024-08-15T13:20:32.864+0000][3128.809s][info][gc,phases   ] GC(639)   Merge Heap Roots: 0.3ms
[2024-08-15T13:20:32.864+0000][3128.809s][info][gc,phases   ] GC(639)   Evacuate Collection Set: 21.1ms
[2024-08-15T13:20:32.864+0000][3128.809s][info][gc,phases   ] GC(639)   Post Evacuate Collection Set: 2.2ms
[2024-08-15T13:20:32.864+0000][3128.809s][info][gc,phases   ] GC(639)   Other: 0.2ms
[2024-08-15T13:20:32.864+0000][3128.809s][info][gc,heap     ] GC(639) Eden regions: 828->0(824)
[2024-08-15T13:20:32.864+0000][3128.809s][info][gc,heap     ] GC(639) Survivor regions: 5->8(105)
[2024-08-15T13:20:32.864+0000][3128.809s][info][gc,heap     ] GC(639) Old regions: 375->375
[2024-08-15T13:20:32.864+0000][3128.809s][info][gc,heap     ] GC(639) Archive regions: 2->2
[2024-08-15T13:20:32.864+0000][3128.809s][info][gc,heap     ] GC(639) Humongous regions: 5->5
[2024-08-15T13:20:32.864+0000][3128.809s][info][gc,metaspace] GC(639) Metaspace: 439935K(446208K)->439935K(446208K) NonClass: 384972K(388544K)->384972K(388544K) Class: 54962K(57664K)->54962K(57664K)
[2024-08-15T13:20:32.864+0000][3128.809s][info][gc          ] GC(639) Pause Young (Normal) (G1 Evacuation Pause) 9699M->3103M(12288M) 23.991ms
[2024-08-15T13:20:32.864+0000][3128.809s][info][gc,cpu      ] GC(639) User=0.14s Sys=0.00s Real=0.03s
[2024-08-15T13:20:41.775+0000][3137.719s][info][gc,start    ] GC(640) Pause Young (Normal) (G1 Evacuation Pause)
[2024-08-15T13:20:41.775+0000][3137.719s][info][gc,task     ] GC(640) Using 6 workers of 6 for evacuation
[2024-08-15T13:20:41.803+0000][3137.747s][info][gc,phases   ] GC(640)   Pre Evacuate Collection Set: 0.2ms
[2024-08-15T13:20:41.803+0000][3137.747s][info][gc,phases   ] GC(640)   Merge Heap Roots: 0.3ms
[2024-08-15T13:20:41.803+0000][3137.747s][info][gc,phases   ] GC(640)   Evacuate Collection Set: 25.1ms
[2024-08-15T13:20:41.803+0000][3137.747s][info][gc,phases   ] GC(640)   Post Evacuate Collection Set: 2.4ms
[2024-08-15T13:20:41.803+0000][3137.747s][info][gc,phases   ] GC(640)   Other: 0.2ms
[2024-08-15T13:20:41.803+0000][3137.747s][info][gc,heap     ] GC(640) Eden regions: 824->0(820)
[2024-08-15T13:20:41.803+0000][3137.747s][info][gc,heap     ] GC(640) Survivor regions: 8->12(104)
[2024-08-15T13:20:41.803+0000][3137.747s][info][gc,heap     ] GC(640) Old regions: 375->375
[2024-08-15T13:20:41.803+0000][3137.747s][info][gc,heap     ] GC(640) Archive regions: 2->2
[2024-08-15T13:20:41.803+0000][3137.747s][info][gc,heap     ] GC(640) Humongous regions: 5->5
[2024-08-15T13:20:41.803+0000][3137.747s][info][gc,metaspace] GC(640) Metaspace: 439936K(446208K)->439936K(446208K) NonClass: 384973K(388544K)->384973K(388544K) Class: 54963K(57664K)->54963K(57664K)
[2024-08-15T13:20:41.803+0000][3137.748s][info][gc          ] GC(640) Pause Young (Normal) (G1 Evacuation Pause) 9695M->3136M(12288M) 28.347ms
[2024-08-15T13:20:41.803+0000][3137.748s][info][gc,cpu      ] GC(640) User=0.17s Sys=0.00s Real=0.03s
[2024-08-15T13:20:50.700+0000][3146.644s][info][gc,start    ] GC(641) Pause Young (Concurrent Start) (G1 Evacuation Pause)
[2024-08-15T13:20:50.700+0000][3146.644s][info][gc,task     ] GC(641) Using 6 workers of 6 for evacuation
[2024-08-15T13:20:50.734+0000][3146.678s][info][gc,phases   ] GC(641)   Pre Evacuate Collection Set: 0.6ms
[2024-08-15T13:20:50.734+0000][3146.678s][info][gc,phases   ] GC(641)   Merge Heap Roots: 0.2ms
[2024-08-15T13:20:50.734+0000][3146.678s][info][gc,phases   ] GC(641)   Evacuate Collection Set: 30.7ms
[2024-08-15T13:20:50.734+0000][3146.678s][info][gc,phases   ] GC(641)   Post Evacuate Collection Set: 2.2ms
[2024-08-15T13:20:50.734+0000][3146.678s][info][gc,phases   ] GC(641)   Other: 0.3ms
[2024-08-15T13:20:50.734+0000][3146.678s][info][gc,heap     ] GC(641) Eden regions: 820->0(816)
[2024-08-15T13:20:50.734+0000][3146.678s][info][gc,heap     ] GC(641) Survivor regions: 12->15(104)
[2024-08-15T13:20:50.734+0000][3146.678s][info][gc,heap     ] GC(641) Old regions: 375->375
[2024-08-15T13:20:50.734+0000][3146.678s][info][gc,heap     ] GC(641) Archive regions: 2->2
[2024-08-15T13:20:50.734+0000][3146.678s][info][gc,heap     ] GC(641) Humongous regions: 5->5
[2024-08-15T13:20:50.734+0000][3146.678s][info][gc,metaspace] GC(641) Metaspace: 439936K(446208K)->439936K(446208K) NonClass: 384973K(388544K)->384973K(388544K) Class: 54963K(57664K)->54963K(57664K)
[2024-08-15T13:20:50.734+0000][3146.678s][info][gc          ] GC(641) Pause Young (Concurrent Start) (G1 Evacuation Pause) 9696M->3159M(12288M) 34.162ms
[2024-08-15T13:20:50.734+0000][3146.679s][info][gc,cpu      ] GC(641) User=0.20s Sys=0.00s Real=0.03s
[2024-08-15T13:20:50.734+0000][3146.679s][info][gc          ] GC(642) Concurrent Mark Cycle
[2024-08-15T13:20:50.734+0000][3146.679s][info][gc,marking  ] GC(642) Concurrent Clear Claimed Marks
[2024-08-15T13:20:50.734+0000][3146.679s][info][gc,marking  ] GC(642) Concurrent Clear Claimed Marks 0.456ms
[2024-08-15T13:20:50.734+0000][3146.679s][info][gc,marking  ] GC(642) Concurrent Scan Root Regions
[2024-08-15T13:20:50.780+0000][3146.725s][info][gc,marking  ] GC(642) Concurrent Scan Root Regions 45.769ms
[2024-08-15T13:20:50.780+0000][3146.725s][info][gc,marking  ] GC(642) Concurrent Mark
[2024-08-15T13:20:50.780+0000][3146.725s][info][gc,marking  ] GC(642) Concurrent Mark From Roots
[2024-08-15T13:20:50.780+0000][3146.725s][info][gc,task     ] GC(642) Using 2 workers of 2 for marking
[2024-08-15T13:20:53.210+0000][3149.155s][info][gc,marking  ] GC(642) Concurrent Mark From Roots 2430.206ms
[2024-08-15T13:20:53.210+0000][3149.155s][info][gc,marking  ] GC(642) Concurrent Preclean
[2024-08-15T13:20:53.212+0000][3149.156s][info][gc,marking  ] GC(642) Concurrent Preclean 1.341ms
[2024-08-15T13:20:53.212+0000][3149.157s][info][gc,start    ] GC(642) Pause Remark
[2024-08-15T13:20:53.236+0000][3149.181s][info][gc          ] GC(642) Pause Remark 4868M->4868M(12288M) 23.996ms
[2024-08-15T13:20:53.236+0000][3149.181s][info][gc,cpu      ] GC(642) User=0.09s Sys=0.00s Real=0.03s
[2024-08-15T13:20:53.236+0000][3149.181s][info][gc,marking  ] GC(642) Concurrent Mark 2456.070ms
[2024-08-15T13:20:53.236+0000][3149.181s][info][gc,marking  ] GC(642) Concurrent Rebuild Remembered Sets
[2024-08-15T13:20:54.608+0000][3150.553s][info][gc,marking  ] GC(642) Concurrent Rebuild Remembered Sets 1372.038ms
[2024-08-15T13:20:54.609+0000][3150.553s][info][gc,start    ] GC(642) Pause Cleanup
[2024-08-15T13:20:54.609+0000][3150.554s][info][gc          ] GC(642) Pause Cleanup 6151M->6151M(12288M) 0.664ms
[2024-08-15T13:20:54.609+0000][3150.554s][info][gc,cpu      ] GC(642) User=0.00s Sys=0.00s Real=0.00s
[2024-08-15T13:20:54.609+0000][3150.554s][info][gc,marking  ] GC(642) Concurrent Cleanup for Next Mark
[2024-08-15T13:20:54.626+0000][3150.571s][info][gc,marking  ] GC(642) Concurrent Cleanup for Next Mark 16.538ms
[2024-08-15T13:20:54.626+0000][3150.571s][info][gc          ] GC(642) Concurrent Mark Cycle 3892.032ms
[2024-08-15T13:20:59.317+0000][3155.261s][info][gc,start    ] GC(643) Pause Young (Prepare Mixed) (G1 Evacuation Pause)
[2024-08-15T13:20:59.317+0000][3155.261s][info][gc,task     ] GC(643) Using 6 workers of 6 for evacuation
[2024-08-15T13:20:59.354+0000][3155.299s][info][gc,phases   ] GC(643)   Pre Evacuate Collection Set: 0.2ms
[2024-08-15T13:20:59.354+0000][3155.299s][info][gc,phases   ] GC(643)   Merge Heap Roots: 0.3ms
[2024-08-15T13:20:59.354+0000][3155.299s][info][gc,phases   ] GC(643)   Evacuate Collection Set: 34.1ms
[2024-08-15T13:20:59.354+0000][3155.299s][info][gc,phases   ] GC(643)   Post Evacuate Collection Set: 2.6ms
[2024-08-15T13:20:59.354+0000][3155.299s][info][gc,phases   ] GC(643)   Other: 0.2ms
[2024-08-15T13:20:59.354+0000][3155.299s][info][gc,heap     ] GC(643) Eden regions: 816->0(63)
[2024-08-15T13:20:59.354+0000][3155.299s][info][gc,heap     ] GC(643) Survivor regions: 15->13(104)
[2024-08-15T13:20:59.354+0000][3155.299s][info][gc,heap     ] GC(643) Old regions: 375->375
[2024-08-15T13:20:59.354+0000][3155.299s][info][gc,heap     ] GC(643) Archive regions: 2->2
[2024-08-15T13:20:59.354+0000][3155.299s][info][gc,heap     ] GC(643) Humongous regions: 5->5
[2024-08-15T13:20:59.354+0000][3155.299s][info][gc,metaspace] GC(643) Metaspace: 439936K(446208K)->439936K(446208K) NonClass: 384973K(388544K)->384973K(388544K) Class: 54963K(57664K)->54963K(57664K)
[2024-08-15T13:20:59.354+0000][3155.299s][info][gc          ] GC(643) Pause Young (Prepare Mixed) (G1 Evacuation Pause) 9687M->3144M(12288M) 37.533ms
[2024-08-15T13:20:59.354+0000][3155.299s][info][gc,cpu      ] GC(643) User=0.22s Sys=0.00s Real=0.03s
[2024-08-15T13:21:00.026+0000][3155.970s][info][gc,start    ] GC(644) Pause Young (Mixed) (G1 Evacuation Pause)
[2024-08-15T13:21:00.026+0000][3155.970s][info][gc,task     ] GC(644) Using 6 workers of 6 for evacuation
[2024-08-15T13:21:00.105+0000][3156.049s][info][gc,phases   ] GC(644)   Pre Evacuate Collection Set: 0.2ms
[2024-08-15T13:21:00.105+0000][3156.049s][info][gc,phases   ] GC(644)   Merge Heap Roots: 0.5ms
[2024-08-15T13:21:00.105+0000][3156.049s][info][gc,phases   ] GC(644)   Evacuate Collection Set: 76.1ms
[2024-08-15T13:21:00.105+0000][3156.049s][info][gc,phases   ] GC(644)   Post Evacuate Collection Set: 1.9ms
[2024-08-15T13:21:00.105+0000][3156.049s][info][gc,phases   ] GC(644)   Other: 0.2ms
[2024-08-15T13:21:00.105+0000][3156.049s][info][gc,heap     ] GC(644) Eden regions: 63->0(832)
[2024-08-15T13:21:00.105+0000][3156.049s][info][gc,heap     ] GC(644) Survivor regions: 13->5(10)
[2024-08-15T13:21:00.105+0000][3156.049s][info][gc,heap     ] GC(644) Old regions: 375->370
[2024-08-15T13:21:00.105+0000][3156.049s][info][gc,heap     ] GC(644) Archive regions: 2->2
[2024-08-15T13:21:00.105+0000][3156.049s][info][gc,heap     ] GC(644) Humongous regions: 5->5
[2024-08-15T13:21:00.105+0000][3156.049s][info][gc,metaspace] GC(644) Metaspace: 439937K(446208K)->439937K(446208K) NonClass: 384973K(388544K)->384973K(388544K) Class: 54963K(57664K)->54963K(57664K)
[2024-08-15T13:21:00.105+0000][3156.049s][info][gc          ] GC(644) Pause Young (Mixed) (G1 Evacuation Pause) 3648M->3043M(12288M) 78.993ms
[2024-08-15T13:21:00.105+0000][3156.049s][info][gc,cpu      ] GC(644) User=0.47s Sys=0.00s Real=0.08s
[2024-08-15T13:21:09.230+0000][3165.174s][info][gc,start    ] GC(645) Pause Young (Normal) (G1 Evacuation Pause)
[2024-08-15T13:21:09.230+0000][3165.174s][info][gc,task     ] GC(645) Using 6 workers of 6 for evacuation
[2024-08-15T13:21:09.249+0000][3165.194s][info][gc,phases   ] GC(645)   Pre Evacuate Collection Set: 0.2ms
[2024-08-15T13:21:09.249+0000][3165.194s][info][gc,phases   ] GC(645)   Merge Heap Roots: 0.2ms
[2024-08-15T13:21:09.249+0000][3165.194s][info][gc,phases   ] GC(645)   Evacuate Collection Set: 16.6ms
[2024-08-15T13:21:09.249+0000][3165.194s][info][gc,phases   ] GC(645)   Post Evacuate Collection Set: 2.3ms
[2024-08-15T13:21:09.249+0000][3165.194s][info][gc,phases   ] GC(645)   Other: 0.2ms
[2024-08-15T13:21:09.249+0000][3165.194s][info][gc,heap     ] GC(645) Eden regions: 832->0(829)
[2024-08-15T13:21:09.249+0000][3165.194s][info][gc,heap     ] GC(645) Survivor regions: 5->8(105)
[2024-08-15T13:21:09.249+0000][3165.194s][info][gc,heap     ] GC(645) Old regions: 370->370
[2024-08-15T13:21:09.249+0000][3165.194s][info][gc,heap     ] GC(645) Archive regions: 2->2
[2024-08-15T13:21:09.249+0000][3165.194s][info][gc,heap     ] GC(645) Humongous regions: 5->5
[2024-08-15T13:21:09.249+0000][3165.194s][info][gc,metaspace] GC(645) Metaspace: 439939K(446208K)->439939K(446208K) NonClass: 384975K(388544K)->384975K(388544K) Class: 54963K(57664K)->54963K(57664K)
[2024-08-15T13:21:09.249+0000][3165.194s][info][gc          ] GC(645) Pause Young (Normal) (G1 Evacuation Pause) 9699M->3063M(12288M) 19.531ms
[2024-08-15T13:21:09.249+0000][3165.194s][info][gc,cpu      ] GC(645) User=0.12s Sys=0.00s Real=0.02s
[2024-08-15T13:21:18.453+0000][3174.398s][info][gc,start    ] GC(646) Pause Young (Normal) (G1 Evacuation Pause)
[2024-08-15T13:21:18.453+0000][3174.398s][info][gc,task     ] GC(646) Using 6 workers of 6 for evacuation
[2024-08-15T13:21:18.478+0000][3174.423s][info][gc,phases   ] GC(646)   Pre Evacuate Collection Set: 0.2ms
[2024-08-15T13:21:18.478+0000][3174.423s][info][gc,phases   ] GC(646)   Merge Heap Roots: 0.2ms
[2024-08-15T13:21:18.478+0000][3174.423s][info][gc,phases   ] GC(646)   Evacuate Collection Set: 22.6ms
[2024-08-15T13:21:18.478+0000][3174.423s][info][gc,phases   ] GC(646)   Post Evacuate Collection Set: 2.3ms
[2024-08-15T13:21:18.478+0000][3174.423s][info][gc,phases   ] GC(646)   Other: 0.2ms
[2024-08-15T13:21:18.478+0000][3174.423s][info][gc,heap     ] GC(646) Eden regions: 829->0(826)
[2024-08-15T13:21:18.478+0000][3174.423s][info][gc,heap     ] GC(646) Survivor regions: 8->11(105)
[2024-08-15T13:21:18.478+0000][3174.423s][info][gc,heap     ] GC(646) Old regions: 370->370
[2024-08-15T13:21:18.478+0000][3174.423s][info][gc,heap     ] GC(646) Archive regions: 2->2
[2024-08-15T13:21:18.478+0000][3174.423s][info][gc,heap     ] GC(646) Humongous regions: 5->5
[2024-08-15T13:21:18.478+0000][3174.423s][info][gc,metaspace] GC(646) Metaspace: 439940K(446208K)->439940K(446208K) NonClass: 384975K(388544K)->384975K(388544K) Class: 54964K(57664K)->54964K(57664K)
[2024-08-15T13:21:18.478+0000][3174.423s][info][gc          ] GC(646) Pause Young (Normal) (G1 Evacuation Pause) 9695M->3092M(12288M) 25.563ms
[2024-08-15T13:21:18.479+0000][3174.423s][info][gc,cpu      ] GC(646) User=0.15s Sys=0.00s Real=0.03s
[2024-08-15T13:21:27.504+0000][3183.448s][info][gc,start    ] GC(647) Pause Young (Concurrent Start) (G1 Evacuation Pause)
[2024-08-15T13:21:27.504+0000][3183.448s][info][gc,task     ] GC(647) Using 6 workers of 6 for evacuation
[2024-08-15T13:21:27.540+0000][3183.484s][info][gc,phases   ] GC(647)   Pre Evacuate Collection Set: 0.6ms
[2024-08-15T13:21:27.540+0000][3183.484s][info][gc,phases   ] GC(647)   Merge Heap Roots: 0.2ms
[2024-08-15T13:21:27.540+0000][3183.484s][info][gc,phases   ] GC(647)   Evacuate Collection Set: 32.6ms
[2024-08-15T13:21:27.540+0000][3183.484s][info][gc,phases   ] GC(647)   Post Evacuate Collection Set: 2.3ms
[2024-08-15T13:21:27.540+0000][3183.484s][info][gc,phases   ] GC(647)   Other: 0.3ms
[2024-08-15T13:21:27.540+0000][3183.484s][info][gc,heap     ] GC(647) Eden regions: 826->0(823)
[2024-08-15T13:21:27.540+0000][3183.484s][info][gc,heap     ] GC(647) Survivor regions: 11->14(105)
[2024-08-15T13:21:27.540+0000][3183.484s][info][gc,heap     ] GC(647) Old regions: 370->370
[2024-08-15T13:21:27.540+0000][3183.484s][info][gc,heap     ] GC(647) Archive regions: 2->2
[2024-08-15T13:21:27.540+0000][3183.484s][info][gc,heap     ] GC(647) Humongous regions: 5->5
[2024-08-15T13:21:27.540+0000][3183.484s][info][gc,metaspace] GC(647) Metaspace: 439940K(446208K)->439940K(446208K) NonClass: 384975K(388544K)->384975K(388544K) Class: 54964K(57664K)->54964K(57664K)
[2024-08-15T13:21:27.540+0000][3183.484s][info][gc          ] GC(647) Pause Young (Concurrent Start) (G1 Evacuation Pause) 9700M->3116M(12288M) 36.041ms
[2024-08-15T13:21:27.540+0000][3183.484s][info][gc,cpu      ] GC(647) User=0.21s Sys=0.00s Real=0.03s
[2024-08-15T13:21:27.540+0000][3183.484s][info][gc          ] GC(648) Concurrent Mark Cycle
[2024-08-15T13:21:27.540+0000][3183.484s][info][gc,marking  ] GC(648) Concurrent Clear Claimed Marks
[2024-08-15T13:21:27.540+0000][3183.485s][info][gc,marking  ] GC(648) Concurrent Clear Claimed Marks 0.436ms
[2024-08-15T13:21:27.540+0000][3183.485s][info][gc,marking  ] GC(648) Concurrent Scan Root Regions
[2024-08-15T13:21:27.569+0000][3183.513s][info][gc,marking  ] GC(648) Concurrent Scan Root Regions 28.600ms
[2024-08-15T13:21:27.569+0000][3183.514s][info][gc,marking  ] GC(648) Concurrent Mark
[2024-08-15T13:21:27.569+0000][3183.514s][info][gc,marking  ] GC(648) Concurrent Mark From Roots
[2024-08-15T13:21:27.569+0000][3183.514s][info][gc,task     ] GC(648) Using 2 workers of 2 for marking
[2024-08-15T13:21:30.025+0000][3185.970s][info][gc,marking  ] GC(648) Concurrent Mark From Roots 2456.239ms
[2024-08-15T13:21:30.025+0000][3185.970s][info][gc,marking  ] GC(648) Concurrent Preclean
[2024-08-15T13:21:30.026+0000][3185.971s][info][gc,marking  ] GC(648) Concurrent Preclean 1.313ms
[2024-08-15T13:21:30.027+0000][3185.971s][info][gc,start    ] GC(648) Pause Remark
[2024-08-15T13:21:30.050+0000][3185.995s][info][gc          ] GC(648) Pause Remark 4896M->4896M(12288M) 23.418ms
[2024-08-15T13:21:30.050+0000][3185.995s][info][gc,cpu      ] GC(648) User=0.10s Sys=0.00s Real=0.02s
[2024-08-15T13:21:30.050+0000][3185.995s][info][gc,marking  ] GC(648) Concurrent Mark 2481.395ms
[2024-08-15T13:21:30.050+0000][3185.995s][info][gc,marking  ] GC(648) Concurrent Rebuild Remembered Sets
[2024-08-15T13:21:31.404+0000][3187.349s][info][gc,marking  ] GC(648) Concurrent Rebuild Remembered Sets 1354.030ms
[2024-08-15T13:21:31.405+0000][3187.349s][info][gc,start    ] GC(648) Pause Cleanup
[2024-08-15T13:21:31.405+0000][3187.350s][info][gc          ] GC(648) Pause Cleanup 5836M->5836M(12288M) 0.693ms
[2024-08-15T13:21:31.405+0000][3187.350s][info][gc,cpu      ] GC(648) User=0.00s Sys=0.00s Real=0.00s
[2024-08-15T13:21:31.405+0000][3187.350s][info][gc,marking  ] GC(648) Concurrent Cleanup for Next Mark
[2024-08-15T13:21:31.422+0000][3187.367s][info][gc,marking  ] GC(648) Concurrent Cleanup for Next Mark 17.082ms
[2024-08-15T13:21:31.422+0000][3187.367s][info][gc          ] GC(648) Concurrent Mark Cycle 3882.673ms
[2024-08-15T13:21:35.201+0000][3191.146s][info][gc,start    ] GC(649) Pause Young (Prepare Mixed) (G1 Evacuation Pause)
[2024-08-15T13:21:35.201+0000][3191.146s][info][gc,task     ] GC(649) Using 6 workers of 6 for evacuation
[2024-08-15T13:21:35.248+0000][3191.192s][info][gc,phases   ] GC(649)   Pre Evacuate Collection Set: 0.2ms
[2024-08-15T13:21:35.248+0000][3191.192s][info][gc,phases   ] GC(649)   Merge Heap Roots: 0.3ms
[2024-08-15T13:21:35.248+0000][3191.192s][info][gc,phases   ] GC(649)   Evacuate Collection Set: 40.6ms
[2024-08-15T13:21:35.248+0000][3191.192s][info][gc,phases   ] GC(649)   Post Evacuate Collection Set: 5.6ms
[2024-08-15T13:21:35.248+0000][3191.192s][info][gc,phases   ] GC(649)   Other: 0.2ms
[2024-08-15T13:21:35.248+0000][3191.192s][info][gc,heap     ] GC(649) Eden regions: 823->0(63)
[2024-08-15T13:21:35.248+0000][3191.192s][info][gc,heap     ] GC(649) Survivor regions: 14->13(105)
[2024-08-15T13:21:35.248+0000][3191.192s][info][gc,heap     ] GC(649) Old regions: 370->370
[2024-08-15T13:21:35.248+0000][3191.192s][info][gc,heap     ] GC(649) Archive regions: 2->2
[2024-08-15T13:21:35.248+0000][3191.192s][info][gc,heap     ] GC(649) Humongous regions: 5->5
[2024-08-15T13:21:35.248+0000][3191.192s][info][gc,metaspace] GC(649) Metaspace: 439941K(446272K)->439941K(446272K) NonClass: 384977K(388608K)->384977K(388608K) Class: 54964K(57664K)->54964K(57664K)
[2024-08-15T13:21:35.248+0000][3191.192s][info][gc          ] GC(649) Pause Young (Prepare Mixed) (G1 Evacuation Pause) 9700M->3108M(12288M) 46.914ms
[2024-08-15T13:21:35.248+0000][3191.193s][info][gc,cpu      ] GC(649) User=0.27s Sys=0.00s Real=0.05s
[2024-08-15T13:21:35.415+0000][3191.360s][info][gc,start    ] GC(650) Pause Young (Mixed) (G1 Evacuation Pause)
[2024-08-15T13:21:35.415+0000][3191.360s][info][gc,task     ] GC(650) Using 6 workers of 6 for evacuation
[2024-08-15T13:21:35.498+0000][3191.443s][info][gc,phases   ] GC(650)   Pre Evacuate Collection Set: 0.2ms
[2024-08-15T13:21:35.498+0000][3191.443s][info][gc,phases   ] GC(650)   Merge Heap Roots: 0.3ms
[2024-08-15T13:21:35.498+0000][3191.443s][info][gc,phases   ] GC(650)   Evacuate Collection Set: 80.0ms
[2024-08-15T13:21:35.498+0000][3191.443s][info][gc,phases   ] GC(650)   Post Evacuate Collection Set: 2.8ms
[2024-08-15T13:21:35.498+0000][3191.443s][info][gc,phases   ] GC(650)   Other: 0.2ms
[2024-08-15T13:21:35.498+0000][3191.443s][info][gc,heap     ] GC(650) Eden regions: 63->0(833)
[2024-08-15T13:21:35.498+0000][3191.443s][info][gc,heap     ] GC(650) Survivor regions: 13->5(10)
[2024-08-15T13:21:35.498+0000][3191.443s][info][gc,heap     ] GC(650) Old regions: 370->369
[2024-08-15T13:21:35.498+0000][3191.443s][info][gc,heap     ] GC(650) Archive regions: 2->2
[2024-08-15T13:21:35.498+0000][3191.443s][info][gc,heap     ] GC(650) Humongous regions: 5->5
[2024-08-15T13:21:35.498+0000][3191.443s][info][gc,metaspace] GC(650) Metaspace: 439941K(446272K)->439941K(446272K) NonClass: 384977K(388608K)->384977K(388608K) Class: 54964K(57664K)->54964K(57664K)
[2024-08-15T13:21:35.498+0000][3191.443s][info][gc          ] GC(650) Pause Young (Mixed) (G1 Evacuation Pause) 3612M->3029M(12288M) 83.556ms
[2024-08-15T13:21:35.499+0000][3191.443s][info][gc,cpu      ] GC(650) User=0.49s Sys=0.00s Real=0.09s
[2024-08-15T13:21:38.197+0000][3194.142s][info][gc,start    ] GC(651) Pause Young (Normal) (G1 Evacuation Pause)
[2024-08-15T13:21:38.197+0000][3194.142s][info][gc,task     ] GC(651) Using 6 workers of 6 for evacuation
[2024-08-15T13:21:38.272+0000][3194.217s][info][gc,phases   ] GC(651)   Pre Evacuate Collection Set: 0.2ms
[2024-08-15T13:21:38.272+0000][3194.217s][info][gc,phases   ] GC(651)   Merge Heap Roots: 0.2ms
[2024-08-15T13:21:38.272+0000][3194.217s][info][gc,phases   ] GC(651)   Evacuate Collection Set: 54.9ms
[2024-08-15T13:21:38.272+0000][3194.217s][info][gc,phases   ] GC(651)   Post Evacuate Collection Set: 19.7ms
[2024-08-15T13:21:38.272+0000][3194.217s][info][gc,phases   ] GC(651)   Other: 0.2ms
[2024-08-15T13:21:38.272+0000][3194.217s][info][gc,heap     ] GC(651) Eden regions: 833->0(827)
[2024-08-15T13:21:38.272+0000][3194.217s][info][gc,heap     ] GC(651) Survivor regions: 5->10(105)
[2024-08-15T13:21:38.272+0000][3194.217s][info][gc,heap     ] GC(651) Old regions: 369->369
[2024-08-15T13:21:38.272+0000][3194.217s][info][gc,heap     ] GC(651) Archive regions: 2->2
[2024-08-15T13:21:38.272+0000][3194.217s][info][gc,heap     ] GC(651) Humongous regions: 5->5
[2024-08-15T13:21:38.272+0000][3194.217s][info][gc,metaspace] GC(651) Metaspace: 439941K(446272K)->439941K(446272K) NonClass: 384977K(388608K)->384977K(388608K) Class: 54964K(57664K)->54964K(57664K)
[2024-08-15T13:21:38.272+0000][3194.217s][info][gc          ] GC(651) Pause Young (Normal) (G1 Evacuation Pause) 9693M->3069M(12288M) 75.240ms
[2024-08-15T13:21:38.272+0000][3194.217s][info][gc,cpu      ] GC(651) User=0.43s Sys=0.01s Real=0.07s
[2024-08-15T13:21:40.962+0000][3196.907s][info][gc,start    ] GC(652) Pause Young (Normal) (G1 Evacuation Pause)
[2024-08-15T13:21:40.962+0000][3196.907s][info][gc,task     ] GC(652) Using 6 workers of 6 for evacuation
[2024-08-15T13:21:41.053+0000][3196.998s][info][gc,phases   ] GC(652)   Pre Evacuate Collection Set: 0.2ms
[2024-08-15T13:21:41.053+0000][3196.998s][info][gc,phases   ] GC(652)   Merge Heap Roots: 0.3ms
[2024-08-15T13:21:41.053+0000][3196.998s][info][gc,phases   ] GC(652)   Evacuate Collection Set: 71.0ms
[2024-08-15T13:21:41.053+0000][3196.998s][info][gc,phases   ] GC(652)   Post Evacuate Collection Set: 19.3ms
[2024-08-15T13:21:41.053+0000][3196.998s][info][gc,phases   ] GC(652)   Other: 0.2ms
[2024-08-15T13:21:41.053+0000][3196.998s][info][gc,heap     ] GC(652) Eden regions: 827->0(819)
[2024-08-15T13:21:41.053+0000][3196.998s][info][gc,heap     ] GC(652) Survivor regions: 10->16(105)
[2024-08-15T13:21:41.053+0000][3196.998s][info][gc,heap     ] GC(652) Old regions: 369->369
[2024-08-15T13:21:41.053+0000][3196.998s][info][gc,heap     ] GC(652) Archive regions: 2->2
[2024-08-15T13:21:41.053+0000][3196.998s][info][gc,heap     ] GC(652) Humongous regions: 5->5
[2024-08-15T13:21:41.053+0000][3196.998s][info][gc,metaspace] GC(652) Metaspace: 439952K(446272K)->439952K(446272K) NonClass: 384988K(388608K)->384988K(388608K) Class: 54964K(57664K)->54964K(57664K)
[2024-08-15T13:21:41.053+0000][3196.998s][info][gc          ] GC(652) Pause Young (Normal) (G1 Evacuation Pause) 9685M->3113M(12288M) 91.110ms
[2024-08-15T13:21:41.054+0000][3196.998s][info][gc,cpu      ] GC(652) User=0.52s Sys=0.01s Real=0.09s
[2024-08-15T13:21:43.547+0000][3199.491s][info][gc,start    ] GC(653) Pause Young (Concurrent Start) (G1 Evacuation Pause)
[2024-08-15T13:21:43.547+0000][3199.491s][info][gc,task     ] GC(653) Using 6 workers of 6 for evacuation
[2024-08-15T13:21:43.676+0000][3199.621s][info][gc,phases   ] GC(653)   Pre Evacuate Collection Set: 0.6ms
[2024-08-15T13:21:43.676+0000][3199.621s][info][gc,phases   ] GC(653)   Merge Heap Roots: 0.3ms
[2024-08-15T13:21:43.676+0000][3199.621s][info][gc,phases   ] GC(653)   Evacuate Collection Set: 101.0ms
[2024-08-15T13:21:43.676+0000][3199.621s][info][gc,phases   ] GC(653)   Post Evacuate Collection Set: 27.3ms
[2024-08-15T13:21:43.676+0000][3199.621s][info][gc,phases   ] GC(653)   Other: 0.3ms
[2024-08-15T13:21:43.676+0000][3199.621s][info][gc,heap     ] GC(653) Eden regions: 819->0(808)
[2024-08-15T13:21:43.676+0000][3199.621s][info][gc,heap     ] GC(653) Survivor regions: 16->22(105)
[2024-08-15T13:21:43.676+0000][3199.621s][info][gc,heap     ] GC(653) Old regions: 369->369
[2024-08-15T13:21:43.676+0000][3199.621s][info][gc,heap     ] GC(653) Archive regions: 2->2
[2024-08-15T13:21:43.676+0000][3199.621s][info][gc,heap     ] GC(653) Humongous regions: 5->5
[2024-08-15T13:21:43.676+0000][3199.621s][info][gc,metaspace] GC(653) Metaspace: 439952K(446272K)->439952K(446272K) NonClass: 384988K(388608K)->384988K(388608K) Class: 54964K(57664K)->54964K(57664K)
[2024-08-15T13:21:43.676+0000][3199.621s][info][gc          ] GC(653) Pause Young (Concurrent Start) (G1 Evacuation Pause) 9665M->3165M(12288M) 129.518ms
[2024-08-15T13:21:43.676+0000][3199.621s][info][gc,cpu      ] GC(653) User=0.75s Sys=0.00s Real=0.13s
[2024-08-15T13:21:43.676+0000][3199.621s][info][gc          ] GC(654) Concurrent Mark Cycle
[2024-08-15T13:21:43.676+0000][3199.621s][info][gc,marking  ] GC(654) Concurrent Clear Claimed Marks
[2024-08-15T13:21:43.677+0000][3199.621s][info][gc,marking  ] GC(654) Concurrent Clear Claimed Marks 0.453ms
[2024-08-15T13:21:43.677+0000][3199.621s][info][gc,marking  ] GC(654) Concurrent Scan Root Regions
[2024-08-15T13:21:43.757+0000][3199.702s][info][gc,marking  ] GC(654) Concurrent Scan Root Regions 80.734ms
[2024-08-15T13:21:43.757+0000][3199.702s][info][gc,marking  ] GC(654) Concurrent Mark
[2024-08-15T13:21:43.758+0000][3199.702s][info][gc,marking  ] GC(654) Concurrent Mark From Roots
[2024-08-15T13:21:43.758+0000][3199.702s][info][gc,task     ] GC(654) Using 2 workers of 2 for marking
[2024-08-15T13:21:46.161+0000][3202.106s][info][gc,marking  ] GC(654) Concurrent Mark From Roots 2403.917ms
[2024-08-15T13:21:46.161+0000][3202.106s][info][gc,marking  ] GC(654) Concurrent Preclean
[2024-08-15T13:21:46.163+0000][3202.107s][info][gc,marking  ] GC(654) Concurrent Preclean 1.251ms
[2024-08-15T13:21:46.163+0000][3202.107s][info][gc,start    ] GC(654) Pause Remark
[2024-08-15T13:21:46.187+0000][3202.132s][info][gc          ] GC(654) Pause Remark 8529M->8529M(12288M) 24.034ms
[2024-08-15T13:21:46.187+0000][3202.132s][info][gc,cpu      ] GC(654) User=0.10s Sys=0.00s Real=0.03s
[2024-08-15T13:21:46.187+0000][3202.132s][info][gc,marking  ] GC(654) Concurrent Mark 2429.595ms
[2024-08-15T13:21:46.187+0000][3202.132s][info][gc,marking  ] GC(654) Concurrent Rebuild Remembered Sets
[2024-08-15T13:21:46.645+0000][3202.589s][info][gc,start    ] GC(655) Pause Young (Normal) (G1 Evacuation Pause)
[2024-08-15T13:21:46.645+0000][3202.589s][info][gc,task     ] GC(655) Using 6 workers of 6 for evacuation
[2024-08-15T13:21:46.774+0000][3202.718s][info][gc,phases   ] GC(655)   Pre Evacuate Collection Set: 0.2ms
[2024-08-15T13:21:46.774+0000][3202.719s][info][gc,phases   ] GC(655)   Merge Heap Roots: 0.4ms
[2024-08-15T13:21:46.774+0000][3202.719s][info][gc,phases   ] GC(655)   Evacuate Collection Set: 107.0ms
[2024-08-15T13:21:46.774+0000][3202.719s][info][gc,phases   ] GC(655)   Post Evacuate Collection Set: 21.5ms
[2024-08-15T13:21:46.774+0000][3202.719s][info][gc,phases   ] GC(655)   Other: 0.2ms
[2024-08-15T13:21:46.774+0000][3202.719s][info][gc,heap     ] GC(655) Eden regions: 808->0(800)
[2024-08-15T13:21:46.774+0000][3202.719s][info][gc,heap     ] GC(655) Survivor regions: 22->26(104)
[2024-08-15T13:21:46.774+0000][3202.719s][info][gc,heap     ] GC(655) Old regions: 369->369
[2024-08-15T13:21:46.774+0000][3202.719s][info][gc,heap     ] GC(655) Archive regions: 2->2
[2024-08-15T13:21:46.774+0000][3202.719s][info][gc,heap     ] GC(655) Humongous regions: 5->5
[2024-08-15T13:21:46.774+0000][3202.719s][info][gc,metaspace] GC(655) Metaspace: 439952K(446272K)->439952K(446272K) NonClass: 384988K(388608K)->384988K(388608K) Class: 54964K(57664K)->54964K(57664K)
[2024-08-15T13:21:46.774+0000][3202.719s][info][gc          ] GC(655) Pause Young (Normal) (G1 Evacuation Pause) 9629M->3197M(12288M) 129.313ms
[2024-08-15T13:21:46.774+0000][3202.719s][info][gc,cpu      ] GC(655) User=0.76s Sys=0.00s Real=0.12s
[2024-08-15T13:21:47.692+0000][3203.637s][info][gc,marking  ] GC(654) Concurrent Rebuild Remembered Sets 1504.863ms
[2024-08-15T13:21:47.692+0000][3203.637s][info][gc,start    ] GC(654) Pause Cleanup
[2024-08-15T13:21:47.693+0000][3203.637s][info][gc          ] GC(654) Pause Cleanup 5305M->5305M(12288M) 0.602ms
[2024-08-15T13:21:47.693+0000][3203.637s][info][gc,cpu      ] GC(654) User=0.00s Sys=0.00s Real=0.00s
[2024-08-15T13:21:47.693+0000][3203.638s][info][gc,marking  ] GC(654) Concurrent Cleanup for Next Mark
[2024-08-15T13:21:47.721+0000][3203.665s][info][gc,marking  ] GC(654) Concurrent Cleanup for Next Mark 27.835ms
[2024-08-15T13:21:47.721+0000][3203.665s][info][gc          ] GC(654) Concurrent Mark Cycle 4044.573ms
[2024-08-15T13:21:49.194+0000][3205.138s][info][gc,start    ] GC(656) Pause Young (Prepare Mixed) (G1 Evacuation Pause)
[2024-08-15T13:21:49.194+0000][3205.138s][info][gc,task     ] GC(656) Using 6 workers of 6 for evacuation
[2024-08-15T13:21:49.360+0000][3205.304s][info][gc,phases   ] GC(656)   Pre Evacuate Collection Set: 0.2ms
[2024-08-15T13:21:49.360+0000][3205.304s][info][gc,phases   ] GC(656)   Merge Heap Roots: 0.7ms
[2024-08-15T13:21:49.360+0000][3205.304s][info][gc,phases   ] GC(656)   Evacuate Collection Set: 137.7ms
[2024-08-15T13:21:49.360+0000][3205.304s][info][gc,phases   ] GC(656)   Post Evacuate Collection Set: 27.4ms
[2024-08-15T13:21:49.360+0000][3205.304s][info][gc,phases   ] GC(656)   Other: 0.2ms
[2024-08-15T13:21:49.360+0000][3205.304s][info][gc,heap     ] GC(656) Eden regions: 800->0(44)
[2024-08-15T13:21:49.360+0000][3205.304s][info][gc,heap     ] GC(656) Survivor regions: 26->32(104)
[2024-08-15T13:21:49.360+0000][3205.304s][info][gc,heap     ] GC(656) Old regions: 369->369
[2024-08-15T13:21:49.360+0000][3205.304s][info][gc,heap     ] GC(656) Archive regions: 2->2
[2024-08-15T13:21:49.360+0000][3205.304s][info][gc,heap     ] GC(656) Humongous regions: 5->5
[2024-08-15T13:21:49.360+0000][3205.304s][info][gc,metaspace] GC(656) Metaspace: 439952K(446272K)->439952K(446272K) NonClass: 384988K(388608K)->384988K(388608K) Class: 54964K(57664K)->54964K(57664K)
[2024-08-15T13:21:49.360+0000][3205.304s][info][gc          ] GC(656) Pause Young (Prepare Mixed) (G1 Evacuation Pause) 9597M->3241M(12288M) 166.238ms
[2024-08-15T13:21:49.360+0000][3205.305s][info][gc,cpu      ] GC(656) User=0.98s Sys=0.00s Real=0.17s
[2024-08-15T13:21:49.487+0000][3205.432s][info][gc,start    ] GC(657) Pause Young (Mixed) (G1 Evacuation Pause)
[2024-08-15T13:21:49.487+0000][3205.432s][info][gc,task     ] GC(657) Using 6 workers of 6 for evacuation
[2024-08-15T13:21:49.633+0000][3205.578s][info][gc,phases   ] GC(657)   Pre Evacuate Collection Set: 0.2ms
[2024-08-15T13:21:49.633+0000][3205.578s][info][gc,phases   ] GC(657)   Merge Heap Roots: 0.3ms
[2024-08-15T13:21:49.633+0000][3205.578s][info][gc,phases   ] GC(657)   Evacuate Collection Set: 142.6ms
[2024-08-15T13:21:49.633+0000][3205.578s][info][gc,phases   ] GC(657)   Post Evacuate Collection Set: 2.9ms
[2024-08-15T13:21:49.633+0000][3205.578s][info][gc,phases   ] GC(657)   Other: 0.2ms
[2024-08-15T13:21:49.633+0000][3205.578s][info][gc,heap     ] GC(657) Eden regions: 44->0(811)
[2024-08-15T13:21:49.633+0000][3205.578s][info][gc,heap     ] GC(657) Survivor regions: 32->3(10)
[2024-08-15T13:21:49.633+0000][3205.578s][info][gc,heap     ] GC(657) Old regions: 369->389
[2024-08-15T13:21:49.633+0000][3205.578s][info][gc,heap     ] GC(657) Archive regions: 2->2
[2024-08-15T13:21:49.633+0000][3205.578s][info][gc,heap     ] GC(657) Humongous regions: 5->5
[2024-08-15T13:21:49.633+0000][3205.578s][info][gc,metaspace] GC(657) Metaspace: 439952K(446272K)->439952K(446272K) NonClass: 384988K(388608K)->384988K(388608K) Class: 54964K(57664K)->54964K(57664K)
[2024-08-15T13:21:49.633+0000][3205.578s][info][gc          ] GC(657) Pause Young (Mixed) (G1 Evacuation Pause) 3593M->3174M(12288M) 146.200ms
[2024-08-15T13:21:49.634+0000][3205.578s][info][gc,cpu      ] GC(657) User=0.88s Sys=0.00s Real=0.14s
[2024-08-15T13:21:51.985+0000][3207.929s][info][gc,start    ] GC(658) Pause Young (Normal) (G1 Evacuation Pause)
[2024-08-15T13:21:51.985+0000][3207.929s][info][gc,task     ] GC(658) Using 6 workers of 6 for evacuation
[2024-08-15T13:21:52.058+0000][3208.002s][info][gc,phases   ] GC(658)   Pre Evacuate Collection Set: 0.2ms
[2024-08-15T13:21:52.058+0000][3208.002s][info][gc,phases   ] GC(658)   Merge Heap Roots: 0.3ms
[2024-08-15T13:21:52.058+0000][3208.002s][info][gc,phases   ] GC(658)   Evacuate Collection Set: 54.3ms
[2024-08-15T13:21:52.058+0000][3208.002s][info][gc,phases   ] GC(658)   Post Evacuate Collection Set: 18.4ms
[2024-08-15T13:21:52.058+0000][3208.002s][info][gc,phases   ] GC(658)   Other: 0.2ms
[2024-08-15T13:21:52.058+0000][3208.002s][info][gc,heap     ] GC(658) Eden regions: 811->0(807)
[2024-08-15T13:21:52.058+0000][3208.002s][info][gc,heap     ] GC(658) Survivor regions: 3->7(102)
[2024-08-15T13:21:52.058+0000][3208.002s][info][gc,heap     ] GC(658) Old regions: 389->389
[2024-08-15T13:21:52.058+0000][3208.003s][info][gc,heap     ] GC(658) Archive regions: 2->2
[2024-08-15T13:21:52.058+0000][3208.003s][info][gc,heap     ] GC(658) Humongous regions: 5->5
[2024-08-15T13:21:52.058+0000][3208.003s][info][gc,metaspace] GC(658) Metaspace: 439952K(446272K)->439952K(446272K) NonClass: 384988K(388608K)->384988K(388608K) Class: 54964K(57664K)->54964K(57664K)
[2024-08-15T13:21:52.058+0000][3208.003s][info][gc          ] GC(658) Pause Young (Normal) (G1 Evacuation Pause) 9662M->3203M(12288M) 73.400ms
[2024-08-15T13:21:52.058+0000][3208.003s][info][gc,cpu      ] GC(658) User=0.43s Sys=0.00s Real=0.07s
[2024-08-15T13:21:54.453+0000][3210.398s][info][gc,start    ] GC(659) Pause Young (Normal) (G1 Evacuation Pause)
[2024-08-15T13:21:54.453+0000][3210.398s][info][gc,task     ] GC(659) Using 6 workers of 6 for evacuation
[2024-08-15T13:21:54.544+0000][3210.488s][info][gc,phases   ] GC(659)   Pre Evacuate Collection Set: 0.2ms
[2024-08-15T13:21:54.544+0000][3210.488s][info][gc,phases   ] GC(659)   Merge Heap Roots: 0.4ms
[2024-08-15T13:21:54.544+0000][3210.488s][info][gc,phases   ] GC(659)   Evacuate Collection Set: 70.8ms
[2024-08-15T13:21:54.544+0000][3210.488s][info][gc,phases   ] GC(659)   Post Evacuate Collection Set: 18.7ms
[2024-08-15T13:21:54.544+0000][3210.488s][info][gc,phases   ] GC(659)   Other: 0.2ms
[2024-08-15T13:21:54.544+0000][3210.488s][info][gc,heap     ] GC(659) Eden regions: 807->0(804)
[2024-08-15T13:21:54.544+0000][3210.488s][info][gc,heap     ] GC(659) Survivor regions: 7->11(102)
[2024-08-15T13:21:54.544+0000][3210.488s][info][gc,heap     ] GC(659) Old regions: 389->389
[2024-08-15T13:21:54.544+0000][3210.488s][info][gc,heap     ] GC(659) Archive regions: 2->2
[2024-08-15T13:21:54.544+0000][3210.488s][info][gc,heap     ] GC(659) Humongous regions: 5->5
[2024-08-15T13:21:54.544+0000][3210.488s][info][gc,metaspace] GC(659) Metaspace: 439952K(446272K)->439952K(446272K) NonClass: 384988K(388608K)->384988K(388608K) Class: 54964K(57664K)->54964K(57664K)
[2024-08-15T13:21:54.544+0000][3210.488s][info][gc          ] GC(659) Pause Young (Normal) (G1 Evacuation Pause) 9659M->3238M(12288M) 90.376ms
[2024-08-15T13:21:54.544+0000][3210.488s][info][gc,cpu      ] GC(659) User=0.53s Sys=0.00s Real=0.10s
[2024-08-15T13:21:57.019+0000][3212.963s][info][gc,start    ] GC(660) Pause Young (Concurrent Start) (G1 Evacuation Pause)
[2024-08-15T13:21:57.019+0000][3212.963s][info][gc,task     ] GC(660) Using 6 workers of 6 for evacuation
[2024-08-15T13:21:57.123+0000][3213.067s][info][gc,phases   ] GC(660)   Pre Evacuate Collection Set: 0.6ms
[2024-08-15T13:21:57.123+0000][3213.067s][info][gc,phases   ] GC(660)   Merge Heap Roots: 0.3ms
[2024-08-15T13:21:57.123+0000][3213.067s][info][gc,phases   ] GC(660)   Evacuate Collection Set: 83.2ms
[2024-08-15T13:21:57.123+0000][3213.067s][info][gc,phases   ] GC(660)   Post Evacuate Collection Set: 19.6ms
[2024-08-15T13:21:57.123+0000][3213.067s][info][gc,phases   ] GC(660)   Other: 0.3ms
[2024-08-15T13:21:57.123+0000][3213.067s][info][gc,heap     ] GC(660) Eden regions: 804->0(799)
[2024-08-15T13:21:57.123+0000][3213.067s][info][gc,heap     ] GC(660) Survivor regions: 11->16(102)
[2024-08-15T13:21:57.123+0000][3213.067s][info][gc,heap     ] GC(660) Old regions: 389->389
[2024-08-15T13:21:57.123+0000][3213.067s][info][gc,heap     ] GC(660) Archive regions: 2->2
[2024-08-15T13:21:57.123+0000][3213.067s][info][gc,heap     ] GC(660) Humongous regions: 5->5
[2024-08-15T13:21:57.123+0000][3213.067s][info][gc,metaspace] GC(660) Metaspace: 439952K(446272K)->439952K(446272K) NonClass: 384988K(388608K)->384988K(388608K) Class: 54964K(57664K)->54964K(57664K)
[2024-08-15T13:21:57.123+0000][3213.067s][info][gc          ] GC(660) Pause Young (Concurrent Start) (G1 Evacuation Pause) 9670M->3278M(12288M) 104.116ms
[2024-08-15T13:21:57.123+0000][3213.067s][info][gc,cpu      ] GC(660) User=0.61s Sys=0.01s Real=0.10s
[2024-08-15T13:21:57.123+0000][3213.067s][info][gc          ] GC(661) Concurrent Mark Cycle
[2024-08-15T13:21:57.123+0000][3213.067s][info][gc,marking  ] GC(661) Concurrent Clear Claimed Marks
[2024-08-15T13:21:57.123+0000][3213.068s][info][gc,marking  ] GC(661) Concurrent Clear Claimed Marks 0.458ms
[2024-08-15T13:21:57.123+0000][3213.068s][info][gc,marking  ] GC(661) Concurrent Scan Root Regions
[2024-08-15T13:21:57.174+0000][3213.119s][info][gc,marking  ] GC(661) Concurrent Scan Root Regions 50.733ms
[2024-08-15T13:21:57.174+0000][3213.119s][info][gc,marking  ] GC(661) Concurrent Mark
[2024-08-15T13:21:57.174+0000][3213.119s][info][gc,marking  ] GC(661) Concurrent Mark From Roots
[2024-08-15T13:21:57.174+0000][3213.119s][info][gc,task     ] GC(661) Using 2 workers of 2 for marking
[2024-08-15T13:21:59.682+0000][3215.627s][info][gc,marking  ] GC(661) Concurrent Mark From Roots 2508.209ms
[2024-08-15T13:21:59.682+0000][3215.627s][info][gc,marking  ] GC(661) Concurrent Preclean
[2024-08-15T13:21:59.684+0000][3215.628s][info][gc,marking  ] GC(661) Concurrent Preclean 1.413ms
[2024-08-15T13:21:59.684+0000][3215.629s][info][gc,start    ] GC(661) Pause Remark
[2024-08-15T13:21:59.708+0000][3215.652s][info][gc          ] GC(661) Pause Remark 4974M->4966M(12288M) 23.577ms
[2024-08-15T13:21:59.708+0000][3215.652s][info][gc,cpu      ] GC(661) User=0.09s Sys=0.00s Real=0.02s
[2024-08-15T13:21:59.708+0000][3215.652s][info][gc,marking  ] GC(661) Concurrent Mark 2533.635ms
[2024-08-15T13:21:59.708+0000][3215.652s][info][gc,marking  ] GC(661) Concurrent Rebuild Remembered Sets
[2024-08-15T13:22:01.146+0000][3217.091s][info][gc,marking  ] GC(661) Concurrent Rebuild Remembered Sets 1438.330ms
[2024-08-15T13:22:01.146+0000][3217.091s][info][gc,start    ] GC(661) Pause Cleanup
[2024-08-15T13:22:01.147+0000][3217.092s][info][gc          ] GC(661) Pause Cleanup 5986M->5986M(12288M) 0.664ms
[2024-08-15T13:22:01.147+0000][3217.092s][info][gc,cpu      ] GC(661) User=0.00s Sys=0.00s Real=0.00s
[2024-08-15T13:22:01.147+0000][3217.092s][info][gc,marking  ] GC(661) Concurrent Cleanup for Next Mark
[2024-08-15T13:22:01.164+0000][3217.108s][info][gc,marking  ] GC(661) Concurrent Cleanup for Next Mark 16.625ms
[2024-08-15T13:22:01.164+0000][3217.108s][info][gc          ] GC(661) Concurrent Mark Cycle 4040.897ms
[2024-08-15T13:22:06.035+0000][3221.980s][info][gc,start    ] GC(662) Pause Young (Prepare Mixed) (G1 Evacuation Pause)
[2024-08-15T13:22:06.035+0000][3221.980s][info][gc,task     ] GC(662) Using 6 workers of 6 for evacuation
[2024-08-15T13:22:06.096+0000][3222.041s][info][gc,phases   ] GC(662)   Pre Evacuate Collection Set: 0.2ms
[2024-08-15T13:22:06.096+0000][3222.041s][info][gc,phases   ] GC(662)   Merge Heap Roots: 0.4ms
[2024-08-15T13:22:06.096+0000][3222.041s][info][gc,phases   ] GC(662)   Evacuate Collection Set: 57.8ms
[2024-08-15T13:22:06.096+0000][3222.041s][info][gc,phases   ] GC(662)   Post Evacuate Collection Set: 2.3ms
[2024-08-15T13:22:06.096+0000][3222.041s][info][gc,phases   ] GC(662)   Other: 0.2ms
[2024-08-15T13:22:06.096+0000][3222.041s][info][gc,heap     ] GC(662) Eden regions: 799->0(57)
[2024-08-15T13:22:06.096+0000][3222.041s][info][gc,heap     ] GC(662) Survivor regions: 16->19(102)
[2024-08-15T13:22:06.096+0000][3222.041s][info][gc,heap     ] GC(662) Old regions: 388->388
[2024-08-15T13:22:06.096+0000][3222.041s][info][gc,heap     ] GC(662) Archive regions: 2->2
[2024-08-15T13:22:06.096+0000][3222.041s][info][gc,heap     ] GC(662) Humongous regions: 5->5
[2024-08-15T13:22:06.096+0000][3222.041s][info][gc,metaspace] GC(662) Metaspace: 439953K(446272K)->439953K(446272K) NonClass: 384989K(388608K)->384989K(388608K) Class: 54964K(57664K)->54964K(57664K)
[2024-08-15T13:22:06.096+0000][3222.041s][info][gc          ] GC(662) Pause Young (Prepare Mixed) (G1 Evacuation Pause) 9662M->3289M(12288M) 60.904ms
[2024-08-15T13:22:06.096+0000][3222.041s][info][gc,cpu      ] GC(662) User=0.36s Sys=0.00s Real=0.06s
[2024-08-15T13:22:06.708+0000][3222.653s][info][gc,start    ] GC(663) Pause Young (Mixed) (G1 Evacuation Pause)
[2024-08-15T13:22:06.708+0000][3222.653s][info][gc,task     ] GC(663) Using 6 workers of 6 for evacuation
[2024-08-15T13:22:06.792+0000][3222.737s][info][gc,phases   ] GC(663)   Pre Evacuate Collection Set: 0.2ms
[2024-08-15T13:22:06.792+0000][3222.737s][info][gc,phases   ] GC(663)   Merge Heap Roots: 0.3ms
[2024-08-15T13:22:06.792+0000][3222.737s][info][gc,phases   ] GC(663)   Evacuate Collection Set: 81.7ms
[2024-08-15T13:22:06.792+0000][3222.737s][info][gc,phases   ] GC(663)   Post Evacuate Collection Set: 1.8ms
[2024-08-15T13:22:06.792+0000][3222.737s][info][gc,phases   ] GC(663)   Other: 0.2ms
[2024-08-15T13:22:06.792+0000][3222.737s][info][gc,heap     ] GC(663) Eden regions: 57->0(815)
[2024-08-15T13:22:06.792+0000][3222.737s][info][gc,heap     ] GC(663) Survivor regions: 19->5(10)
[2024-08-15T13:22:06.792+0000][3222.737s][info][gc,heap     ] GC(663) Old regions: 388->385
[2024-08-15T13:22:06.792+0000][3222.737s][info][gc,heap     ] GC(663) Archive regions: 2->2
[2024-08-15T13:22:06.792+0000][3222.737s][info][gc,heap     ] GC(663) Humongous regions: 5->5
[2024-08-15T13:22:06.792+0000][3222.737s][info][gc,metaspace] GC(663) Metaspace: 439953K(446272K)->439953K(446272K) NonClass: 384989K(388608K)->384989K(388608K) Class: 54964K(57664K)->54964K(57664K)
[2024-08-15T13:22:06.792+0000][3222.737s][info][gc          ] GC(663) Pause Young (Mixed) (G1 Evacuation Pause) 3745M->3154M(12288M) 84.176ms
[2024-08-15T13:22:06.792+0000][3222.737s][info][gc,cpu      ] GC(663) User=0.50s Sys=0.00s Real=0.08s
[2024-08-15T13:22:15.744+0000][3231.688s][info][gc,start    ] GC(664) Pause Young (Normal) (G1 Evacuation Pause)
[2024-08-15T13:22:15.744+0000][3231.688s][info][gc,task     ] GC(664) Using 6 workers of 6 for evacuation
[2024-08-15T13:22:15.767+0000][3231.711s][info][gc,phases   ] GC(664)   Pre Evacuate Collection Set: 0.2ms
[2024-08-15T13:22:15.767+0000][3231.711s][info][gc,phases   ] GC(664)   Merge Heap Roots: 0.2ms
[2024-08-15T13:22:15.767+0000][3231.712s][info][gc,phases   ] GC(664)   Evacuate Collection Set: 20.1ms
[2024-08-15T13:22:15.767+0000][3231.712s][info][gc,phases   ] GC(664)   Post Evacuate Collection Set: 2.5ms
[2024-08-15T13:22:15.767+0000][3231.712s][info][gc,phases   ] GC(664)   Other: 0.2ms
[2024-08-15T13:22:15.767+0000][3231.712s][info][gc,heap     ] GC(664) Eden regions: 815->0(813)
[2024-08-15T13:22:15.767+0000][3231.712s][info][gc,heap     ] GC(664) Survivor regions: 5->8(103)
[2024-08-15T13:22:15.767+0000][3231.712s][info][gc,heap     ] GC(664) Old regions: 385->385
[2024-08-15T13:22:15.767+0000][3231.712s][info][gc,heap     ] GC(664) Archive regions: 2->2
[2024-08-15T13:22:15.767+0000][3231.712s][info][gc,heap     ] GC(664) Humongous regions: 5->5
[2024-08-15T13:22:15.767+0000][3231.712s][info][gc,metaspace] GC(664) Metaspace: 439954K(446272K)->439954K(446272K) NonClass: 384989K(388608K)->384989K(388608K) Class: 54964K(57664K)->54964K(57664K)
[2024-08-15T13:22:15.767+0000][3231.712s][info][gc          ] GC(664) Pause Young (Normal) (G1 Evacuation Pause) 9674M->3176M(12288M) 23.217ms
[2024-08-15T13:22:15.767+0000][3231.712s][info][gc,cpu      ] GC(664) User=0.14s Sys=0.00s Real=0.02s
[2024-08-15T13:22:24.797+0000][3240.742s][info][gc,start    ] GC(665) Pause Young (Normal) (G1 Evacuation Pause)
[2024-08-15T13:22:24.797+0000][3240.742s][info][gc,task     ] GC(665) Using 6 workers of 6 for evacuation
[2024-08-15T13:22:24.828+0000][3240.772s][info][gc,phases   ] GC(665)   Pre Evacuate Collection Set: 0.2ms
[2024-08-15T13:22:24.828+0000][3240.772s][info][gc,phases   ] GC(665)   Merge Heap Roots: 0.2ms
[2024-08-15T13:22:24.828+0000][3240.772s][info][gc,phases   ] GC(665)   Evacuate Collection Set: 27.1ms
[2024-08-15T13:22:24.828+0000][3240.772s][info][gc,phases   ] GC(665)   Post Evacuate Collection Set: 2.5ms
[2024-08-15T13:22:24.828+0000][3240.772s][info][gc,phases   ] GC(665)   Other: 0.2ms
[2024-08-15T13:22:24.828+0000][3240.772s][info][gc,heap     ] GC(665) Eden regions: 813->0(810)
[2024-08-15T13:22:24.828+0000][3240.772s][info][gc,heap     ] GC(665) Survivor regions: 8->11(103)
[2024-08-15T13:22:24.828+0000][3240.772s][info][gc,heap     ] GC(665) Old regions: 385->385
[2024-08-15T13:22:24.828+0000][3240.772s][info][gc,heap     ] GC(665) Archive regions: 2->2
[2024-08-15T13:22:24.828+0000][3240.772s][info][gc,heap     ] GC(665) Humongous regions: 5->5
[2024-08-15T13:22:24.828+0000][3240.772s][info][gc,metaspace] GC(665) Metaspace: 439954K(446272K)->439954K(446272K) NonClass: 384989K(388608K)->384989K(388608K) Class: 54964K(57664K)->54964K(57664K)
[2024-08-15T13:22:24.828+0000][3240.772s][info][gc          ] GC(665) Pause Young (Normal) (G1 Evacuation Pause) 9680M->3204M(12288M) 30.308ms
[2024-08-15T13:22:24.828+0000][3240.772s][info][gc,cpu      ] GC(665) User=0.18s Sys=0.00s Real=0.03s
[2024-08-15T13:22:33.634+0000][3249.579s][info][gc,start    ] GC(666) Pause Young (Concurrent Start) (G1 Evacuation Pause)
[2024-08-15T13:22:33.634+0000][3249.579s][info][gc,task     ] GC(666) Using 6 workers of 6 for evacuation
[2024-08-15T13:22:33.673+0000][3249.618s][info][gc,phases   ] GC(666)   Pre Evacuate Collection Set: 0.6ms
[2024-08-15T13:22:33.673+0000][3249.618s][info][gc,phases   ] GC(666)   Merge Heap Roots: 0.3ms
[2024-08-15T13:22:33.673+0000][3249.618s][info][gc,phases   ] GC(666)   Evacuate Collection Set: 35.4ms
[2024-08-15T13:22:33.673+0000][3249.618s][info][gc,phases   ] GC(666)   Post Evacuate Collection Set: 2.4ms
[2024-08-15T13:22:33.673+0000][3249.618s][info][gc,phases   ] GC(666)   Other: 0.3ms
[2024-08-15T13:22:33.673+0000][3249.618s][info][gc,heap     ] GC(666) Eden regions: 810->0(805)
[2024-08-15T13:22:33.673+0000][3249.618s][info][gc,heap     ] GC(666) Survivor regions: 11->15(103)
[2024-08-15T13:22:33.673+0000][3249.618s][info][gc,heap     ] GC(666) Old regions: 385->385
[2024-08-15T13:22:33.673+0000][3249.618s][info][gc,heap     ] GC(666) Archive regions: 2->2
[2024-08-15T13:22:33.673+0000][3249.618s][info][gc,heap     ] GC(666) Humongous regions: 5->5
[2024-08-15T13:22:33.673+0000][3249.618s][info][gc,metaspace] GC(666) Metaspace: 439955K(446272K)->439955K(446272K) NonClass: 384990K(388608K)->384990K(388608K) Class: 54964K(57664K)->54964K(57664K)
[2024-08-15T13:22:33.673+0000][3249.618s][info][gc          ] GC(666) Pause Young (Concurrent Start) (G1 Evacuation Pause) 9684M->3238M(12288M) 38.998ms
[2024-08-15T13:22:33.673+0000][3249.618s][info][gc,cpu      ] GC(666) User=0.22s Sys=0.00s Real=0.04s
[2024-08-15T13:22:33.673+0000][3249.618s][info][gc          ] GC(667) Concurrent Mark Cycle
[2024-08-15T13:22:33.673+0000][3249.618s][info][gc,marking  ] GC(667) Concurrent Clear Claimed Marks
[2024-08-15T13:22:33.674+0000][3249.618s][info][gc,marking  ] GC(667) Concurrent Clear Claimed Marks 0.427ms
[2024-08-15T13:22:33.674+0000][3249.618s][info][gc,marking  ] GC(667) Concurrent Scan Root Regions
[2024-08-15T13:22:33.696+0000][3249.641s][info][gc,marking  ] GC(667) Concurrent Scan Root Regions 22.682ms
[2024-08-15T13:22:33.696+0000][3249.641s][info][gc,marking  ] GC(667) Concurrent Mark
[2024-08-15T13:22:33.696+0000][3249.641s][info][gc,marking  ] GC(667) Concurrent Mark From Roots
[2024-08-15T13:22:33.696+0000][3249.641s][info][gc,task     ] GC(667) Using 2 workers of 2 for marking
[2024-08-15T13:22:36.245+0000][3252.190s][info][gc,marking  ] GC(667) Concurrent Mark From Roots 2548.720ms
[2024-08-15T13:22:36.245+0000][3252.190s][info][gc,marking  ] GC(667) Concurrent Preclean
[2024-08-15T13:22:36.246+0000][3252.191s][info][gc,marking  ] GC(667) Concurrent Preclean 1.395ms
[2024-08-15T13:22:36.247+0000][3252.191s][info][gc,start    ] GC(667) Pause Remark
[2024-08-15T13:22:36.270+0000][3252.214s][info][gc          ] GC(667) Pause Remark 4982M->4982M(12288M) 23.101ms
[2024-08-15T13:22:36.270+0000][3252.214s][info][gc,cpu      ] GC(667) User=0.09s Sys=0.00s Real=0.02s
[2024-08-15T13:22:36.270+0000][3252.215s][info][gc,marking  ] GC(667) Concurrent Mark 2573.711ms
[2024-08-15T13:22:36.270+0000][3252.215s][info][gc,marking  ] GC(667) Concurrent Rebuild Remembered Sets
[2024-08-15T13:22:37.684+0000][3253.629s][info][gc,marking  ] GC(667) Concurrent Rebuild Remembered Sets 1414.187ms
[2024-08-15T13:22:37.684+0000][3253.629s][info][gc,start    ] GC(667) Pause Cleanup
[2024-08-15T13:22:37.685+0000][3253.630s][info][gc          ] GC(667) Pause Cleanup 5982M->5982M(12288M) 0.594ms
[2024-08-15T13:22:37.685+0000][3253.630s][info][gc,cpu      ] GC(667) User=0.00s Sys=0.00s Real=0.00s
[2024-08-15T13:22:37.685+0000][3253.630s][info][gc,marking  ] GC(667) Concurrent Cleanup for Next Mark
[2024-08-15T13:22:37.713+0000][3253.658s][info][gc,marking  ] GC(667) Concurrent Cleanup for Next Mark 28.235ms
[2024-08-15T13:22:37.713+0000][3253.658s][info][gc          ] GC(667) Concurrent Mark Cycle 4040.348ms
[2024-08-15T13:22:42.607+0000][3258.552s][info][gc,start    ] GC(668) Pause Young (Prepare Mixed) (G1 Evacuation Pause)
[2024-08-15T13:22:42.607+0000][3258.552s][info][gc,task     ] GC(668) Using 6 workers of 6 for evacuation
[2024-08-15T13:22:42.645+0000][3258.590s][info][gc,phases   ] GC(668)   Pre Evacuate Collection Set: 0.2ms
[2024-08-15T13:22:42.645+0000][3258.590s][info][gc,phases   ] GC(668)   Merge Heap Roots: 0.3ms
[2024-08-15T13:22:42.645+0000][3258.590s][info][gc,phases   ] GC(668)   Evacuate Collection Set: 34.8ms
[2024-08-15T13:22:42.645+0000][3258.590s][info][gc,phases   ] GC(668)   Post Evacuate Collection Set: 2.4ms
[2024-08-15T13:22:42.645+0000][3258.590s][info][gc,phases   ] GC(668)   Other: 0.2ms
[2024-08-15T13:22:42.645+0000][3258.590s][info][gc,heap     ] GC(668) Eden regions: 805->0(61)
[2024-08-15T13:22:42.645+0000][3258.590s][info][gc,heap     ] GC(668) Survivor regions: 15->15(103)
[2024-08-15T13:22:42.645+0000][3258.590s][info][gc,heap     ] GC(668) Old regions: 385->385
[2024-08-15T13:22:42.645+0000][3258.590s][info][gc,heap     ] GC(668) Archive regions: 2->2
[2024-08-15T13:22:42.645+0000][3258.590s][info][gc,heap     ] GC(668) Humongous regions: 5->5
[2024-08-15T13:22:42.645+0000][3258.590s][info][gc,metaspace] GC(668) Metaspace: 439956K(446272K)->439956K(446272K) NonClass: 384991K(388608K)->384991K(388608K) Class: 54964K(57664K)->54964K(57664K)
[2024-08-15T13:22:42.645+0000][3258.590s][info][gc          ] GC(668) Pause Young (Prepare Mixed) (G1 Evacuation Pause) 9678M->3238M(12288M) 37.988ms
[2024-08-15T13:22:42.645+0000][3258.590s][info][gc,cpu      ] GC(668) User=0.22s Sys=0.00s Real=0.04s
[2024-08-15T13:22:43.309+0000][3259.253s][info][gc,start    ] GC(669) Pause Young (Mixed) (G1 Evacuation Pause)
[2024-08-15T13:22:43.309+0000][3259.253s][info][gc,task     ] GC(669) Using 6 workers of 6 for evacuation
[2024-08-15T13:22:43.387+0000][3259.332s][info][gc,phases   ] GC(669)   Pre Evacuate Collection Set: 0.2ms
[2024-08-15T13:22:43.387+0000][3259.332s][info][gc,phases   ] GC(669)   Merge Heap Roots: 0.3ms
[2024-08-15T13:22:43.387+0000][3259.332s][info][gc,phases   ] GC(669)   Evacuate Collection Set: 75.8ms
[2024-08-15T13:22:43.387+0000][3259.332s][info][gc,phases   ] GC(669)   Post Evacuate Collection Set: 1.8ms
[2024-08-15T13:22:43.387+0000][3259.332s][info][gc,phases   ] GC(669)   Other: 0.2ms
[2024-08-15T13:22:43.387+0000][3259.332s][info][gc,heap     ] GC(669) Eden regions: 61->0(816)
[2024-08-15T13:22:43.387+0000][3259.332s][info][gc,heap     ] GC(669) Survivor regions: 15->6(10)
[2024-08-15T13:22:43.387+0000][3259.332s][info][gc,heap     ] GC(669) Old regions: 385->383
[2024-08-15T13:22:43.387+0000][3259.332s][info][gc,heap     ] GC(669) Archive regions: 2->2
[2024-08-15T13:22:43.387+0000][3259.332s][info][gc,heap     ] GC(669) Humongous regions: 5->5
[2024-08-15T13:22:43.387+0000][3259.332s][info][gc,metaspace] GC(669) Metaspace: 439956K(446272K)->439956K(446272K) NonClass: 384991K(388608K)->384991K(388608K) Class: 54964K(57664K)->54964K(57664K)
[2024-08-15T13:22:43.387+0000][3259.332s][info][gc          ] GC(669) Pause Young (Mixed) (G1 Evacuation Pause) 3726M->3152M(12288M) 78.370ms
[2024-08-15T13:22:43.387+0000][3259.332s][info][gc,cpu      ] GC(669) User=0.46s Sys=0.00s Real=0.08s
[2024-08-15T13:22:52.341+0000][3268.286s][info][gc,start    ] GC(670) Pause Young (Normal) (G1 Evacuation Pause)
[2024-08-15T13:22:52.341+0000][3268.286s][info][gc,task     ] GC(670) Using 6 workers of 6 for evacuation
[2024-08-15T13:22:52.368+0000][3268.312s][info][gc,phases   ] GC(670)   Pre Evacuate Collection Set: 0.2ms
[2024-08-15T13:22:52.368+0000][3268.312s][info][gc,phases   ] GC(670)   Merge Heap Roots: 0.3ms
[2024-08-15T13:22:52.368+0000][3268.312s][info][gc,phases   ] GC(670)   Evacuate Collection Set: 23.9ms
[2024-08-15T13:22:52.368+0000][3268.312s][info][gc,phases   ] GC(670)   Post Evacuate Collection Set: 2.2ms
[2024-08-15T13:22:52.368+0000][3268.312s][info][gc,phases   ] GC(670)   Other: 0.2ms
[2024-08-15T13:22:52.368+0000][3268.312s][info][gc,heap     ] GC(670) Eden regions: 816->0(814)
[2024-08-15T13:22:52.368+0000][3268.312s][info][gc,heap     ] GC(670) Survivor regions: 6->8(103)
[2024-08-15T13:22:52.368+0000][3268.312s][info][gc,heap     ] GC(670) Old regions: 383->383
[2024-08-15T13:22:52.368+0000][3268.312s][info][gc,heap     ] GC(670) Archive regions: 2->2
[2024-08-15T13:22:52.368+0000][3268.312s][info][gc,heap     ] GC(670) Humongous regions: 5->5
[2024-08-15T13:22:52.368+0000][3268.312s][info][gc,metaspace] GC(670) Metaspace: 439956K(446272K)->439956K(446272K) NonClass: 384991K(388608K)->384991K(388608K) Class: 54964K(57664K)->54964K(57664K)
[2024-08-15T13:22:52.368+0000][3268.312s][info][gc          ] GC(670) Pause Young (Normal) (G1 Evacuation Pause) 9680M->3172M(12288M) 26.779ms
[2024-08-15T13:22:52.368+0000][3268.313s][info][gc,cpu      ] GC(670) User=0.16s Sys=0.00s Real=0.03s
[2024-08-15T13:23:00.820+0000][3276.764s][info][gc,start    ] GC(671) Pause Young (Normal) (G1 Evacuation Pause)
[2024-08-15T13:23:00.820+0000][3276.764s][info][gc,task     ] GC(671) Using 6 workers of 6 for evacuation
[2024-08-15T13:23:00.846+0000][3276.791s][info][gc,phases   ] GC(671)   Pre Evacuate Collection Set: 0.2ms
[2024-08-15T13:23:00.846+0000][3276.791s][info][gc,phases   ] GC(671)   Merge Heap Roots: 0.3ms
[2024-08-15T13:23:00.846+0000][3276.791s][info][gc,phases   ] GC(671)   Evacuate Collection Set: 23.9ms
[2024-08-15T13:23:00.846+0000][3276.791s][info][gc,phases   ] GC(671)   Post Evacuate Collection Set: 2.2ms
[2024-08-15T13:23:00.846+0000][3276.791s][info][gc,phases   ] GC(671)   Other: 0.2ms
[2024-08-15T13:23:00.846+0000][3276.791s][info][gc,heap     ] GC(671) Eden regions: 814->0(813)
[2024-08-15T13:23:00.846+0000][3276.791s][info][gc,heap     ] GC(671) Survivor regions: 8->10(103)
[2024-08-15T13:23:00.846+0000][3276.791s][info][gc,heap     ] GC(671) Old regions: 383->383
[2024-08-15T13:23:00.846+0000][3276.791s][info][gc,heap     ] GC(671) Archive regions: 2->2
[2024-08-15T13:23:00.846+0000][3276.791s][info][gc,heap     ] GC(671) Humongous regions: 5->5
[2024-08-15T13:23:00.846+0000][3276.791s][info][gc,metaspace] GC(671) Metaspace: 439956K(446272K)->439956K(446272K) NonClass: 384991K(388608K)->384991K(388608K) Class: 54964K(57664K)->54964K(57664K)
[2024-08-15T13:23:00.846+0000][3276.791s][info][gc          ] GC(671) Pause Young (Normal) (G1 Evacuation Pause) 9684M->3188M(12288M) 26.807ms
[2024-08-15T13:23:00.846+0000][3276.791s][info][gc,cpu      ] GC(671) User=0.16s Sys=0.00s Real=0.03s
[2024-08-15T13:23:09.502+0000][3285.447s][info][gc,start    ] GC(672) Pause Young (Concurrent Start) (G1 Evacuation Pause)
[2024-08-15T13:23:09.502+0000][3285.447s][info][gc,task     ] GC(672) Using 6 workers of 6 for evacuation
[2024-08-15T13:23:09.539+0000][3285.484s][info][gc,phases   ] GC(672)   Pre Evacuate Collection Set: 0.6ms
[2024-08-15T13:23:09.539+0000][3285.484s][info][gc,phases   ] GC(672)   Merge Heap Roots: 0.3ms
[2024-08-15T13:23:09.539+0000][3285.484s][info][gc,phases   ] GC(672)   Evacuate Collection Set: 33.9ms
[2024-08-15T13:23:09.539+0000][3285.484s][info][gc,phases   ] GC(672)   Post Evacuate Collection Set: 2.3ms
[2024-08-15T13:23:09.539+0000][3285.484s][info][gc,phases   ] GC(672)   Other: 0.3ms
[2024-08-15T13:23:09.539+0000][3285.484s][info][gc,heap     ] GC(672) Eden regions: 813->0(810)
[2024-08-15T13:23:09.539+0000][3285.484s][info][gc,heap     ] GC(672) Survivor regions: 10->14(103)
[2024-08-15T13:23:09.539+0000][3285.484s][info][gc,heap     ] GC(672) Old regions: 383->383
[2024-08-15T13:23:09.539+0000][3285.484s][info][gc,heap     ] GC(672) Archive regions: 2->2
[2024-08-15T13:23:09.539+0000][3285.484s][info][gc,heap     ] GC(672) Humongous regions: 5->5
[2024-08-15T13:23:09.539+0000][3285.484s][info][gc,metaspace] GC(672) Metaspace: 439956K(446272K)->439956K(446272K) NonClass: 384991K(388608K)->384991K(388608K) Class: 54964K(57664K)->54964K(57664K)
[2024-08-15T13:23:09.539+0000][3285.484s][info][gc          ] GC(672) Pause Young (Concurrent Start) (G1 Evacuation Pause) 9692M->3215M(12288M) 37.404ms
[2024-08-15T13:23:09.539+0000][3285.484s][info][gc,cpu      ] GC(672) User=0.21s Sys=0.00s Real=0.04s
[2024-08-15T13:23:09.539+0000][3285.484s][info][gc          ] GC(673) Concurrent Mark Cycle
[2024-08-15T13:23:09.539+0000][3285.484s][info][gc,marking  ] GC(673) Concurrent Clear Claimed Marks
[2024-08-15T13:23:09.540+0000][3285.485s][info][gc,marking  ] GC(673) Concurrent Clear Claimed Marks 0.429ms
[2024-08-15T13:23:09.540+0000][3285.485s][info][gc,marking  ] GC(673) Concurrent Scan Root Regions
[2024-08-15T13:23:09.565+0000][3285.510s][info][gc,marking  ] GC(673) Concurrent Scan Root Regions 25.020ms
[2024-08-15T13:23:09.565+0000][3285.510s][info][gc,marking  ] GC(673) Concurrent Mark
[2024-08-15T13:23:09.565+0000][3285.510s][info][gc,marking  ] GC(673) Concurrent Mark From Roots
[2024-08-15T13:23:09.565+0000][3285.510s][info][gc,task     ] GC(673) Using 2 workers of 2 for marking
[2024-08-15T13:23:12.241+0000][3288.186s][info][gc,marking  ] GC(673) Concurrent Mark From Roots 2676.369ms
[2024-08-15T13:23:12.241+0000][3288.186s][info][gc,marking  ] GC(673) Concurrent Preclean
[2024-08-15T13:23:12.242+0000][3288.187s][info][gc,marking  ] GC(673) Concurrent Preclean 1.103ms
[2024-08-15T13:23:12.243+0000][3288.187s][info][gc,start    ] GC(673) Pause Remark
[2024-08-15T13:23:12.266+0000][3288.210s][info][gc          ] GC(673) Pause Remark 5127M->5127M(12288M) 23.023ms
[2024-08-15T13:23:12.266+0000][3288.210s][info][gc,cpu      ] GC(673) User=0.09s Sys=0.01s Real=0.03s
[2024-08-15T13:23:12.266+0000][3288.210s][info][gc,marking  ] GC(673) Concurrent Mark 2700.849ms
[2024-08-15T13:23:12.266+0000][3288.210s][info][gc,marking  ] GC(673) Concurrent Rebuild Remembered Sets
[2024-08-15T13:23:13.706+0000][3289.650s][info][gc,marking  ] GC(673) Concurrent Rebuild Remembered Sets 1439.698ms
[2024-08-15T13:23:13.706+0000][3289.650s][info][gc,start    ] GC(673) Pause Cleanup
[2024-08-15T13:23:13.706+0000][3289.651s][info][gc          ] GC(673) Pause Cleanup 6127M->6127M(12288M) 0.633ms
[2024-08-15T13:23:13.706+0000][3289.651s][info][gc,cpu      ] GC(673) User=0.00s Sys=0.00s Real=0.00s
[2024-08-15T13:23:13.707+0000][3289.651s][info][gc,marking  ] GC(673) Concurrent Cleanup for Next Mark
[2024-08-15T13:23:13.724+0000][3289.668s][info][gc,marking  ] GC(673) Concurrent Cleanup for Next Mark 17.290ms
[2024-08-15T13:23:13.724+0000][3289.668s][info][gc          ] GC(673) Concurrent Mark Cycle 4184.449ms
[2024-08-15T13:23:18.578+0000][3294.523s][info][gc,start    ] GC(674) Pause Young (Prepare Mixed) (G1 Evacuation Pause)
[2024-08-15T13:23:18.578+0000][3294.523s][info][gc,task     ] GC(674) Using 6 workers of 6 for evacuation
[2024-08-15T13:23:18.620+0000][3294.564s][info][gc,phases   ] GC(674)   Pre Evacuate Collection Set: 0.2ms
[2024-08-15T13:23:18.620+0000][3294.564s][info][gc,phases   ] GC(674)   Merge Heap Roots: 0.4ms
[2024-08-15T13:23:18.620+0000][3294.564s][info][gc,phases   ] GC(674)   Evacuate Collection Set: 38.3ms
[2024-08-15T13:23:18.620+0000][3294.564s][info][gc,phases   ] GC(674)   Post Evacuate Collection Set: 2.3ms
[2024-08-15T13:23:18.620+0000][3294.564s][info][gc,phases   ] GC(674)   Other: 0.2ms
[2024-08-15T13:23:18.620+0000][3294.564s][info][gc,heap     ] GC(674) Eden regions: 810->0(62)
[2024-08-15T13:23:18.620+0000][3294.564s][info][gc,heap     ] GC(674) Survivor regions: 14->14(103)
[2024-08-15T13:23:18.620+0000][3294.564s][info][gc,heap     ] GC(674) Old regions: 383->383
[2024-08-15T13:23:18.620+0000][3294.564s][info][gc,heap     ] GC(674) Archive regions: 2->2
[2024-08-15T13:23:18.620+0000][3294.564s][info][gc,heap     ] GC(674) Humongous regions: 5->5
[2024-08-15T13:23:18.620+0000][3294.564s][info][gc,metaspace] GC(674) Metaspace: 439956K(446272K)->439956K(446272K) NonClass: 384991K(388608K)->384991K(388608K) Class: 54964K(57664K)->54964K(57664K)
[2024-08-15T13:23:18.620+0000][3294.564s][info][gc          ] GC(674) Pause Young (Prepare Mixed) (G1 Evacuation Pause) 9695M->3220M(12288M) 41.425ms
[2024-08-15T13:23:18.620+0000][3294.564s][info][gc,cpu      ] GC(674) User=0.25s Sys=0.00s Real=0.04s
[2024-08-15T13:23:19.274+0000][3295.219s][info][gc,start    ] GC(675) Pause Young (Mixed) (G1 Evacuation Pause)
[2024-08-15T13:23:19.274+0000][3295.219s][info][gc,task     ] GC(675) Using 6 workers of 6 for evacuation
[2024-08-15T13:23:19.356+0000][3295.300s][info][gc,phases   ] GC(675)   Pre Evacuate Collection Set: 0.2ms
[2024-08-15T13:23:19.356+0000][3295.300s][info][gc,phases   ] GC(675)   Merge Heap Roots: 0.4ms
[2024-08-15T13:23:19.356+0000][3295.300s][info][gc,phases   ] GC(675)   Evacuate Collection Set: 78.3ms
[2024-08-15T13:23:19.356+0000][3295.300s][info][gc,phases   ] GC(675)   Post Evacuate Collection Set: 2.1ms
[2024-08-15T13:23:19.356+0000][3295.300s][info][gc,phases   ] GC(675)   Other: 0.2ms
[2024-08-15T13:23:19.356+0000][3295.300s][info][gc,heap     ] GC(675) Eden regions: 62->0(818)
[2024-08-15T13:23:19.356+0000][3295.300s][info][gc,heap     ] GC(675) Survivor regions: 14->6(10)
[2024-08-15T13:23:19.356+0000][3295.300s][info][gc,heap     ] GC(675) Old regions: 383->383
[2024-08-15T13:23:19.356+0000][3295.300s][info][gc,heap     ] GC(675) Archive regions: 2->2
[2024-08-15T13:23:19.356+0000][3295.300s][info][gc,heap     ] GC(675) Humongous regions: 5->5
[2024-08-15T13:23:19.356+0000][3295.300s][info][gc,metaspace] GC(675) Metaspace: 439956K(446272K)->439956K(446272K) NonClass: 384991K(388608K)->384991K(388608K) Class: 54964K(57664K)->54964K(57664K)
[2024-08-15T13:23:19.356+0000][3295.300s][info][gc          ] GC(675) Pause Young (Mixed) (G1 Evacuation Pause) 3716M->3147M(12288M) 81.369ms
[2024-08-15T13:23:19.356+0000][3295.301s][info][gc,cpu      ] GC(675) User=0.49s Sys=0.00s Real=0.09s
[2024-08-15T13:23:28.271+0000][3304.216s][info][gc,start    ] GC(676) Pause Young (Normal) (G1 Evacuation Pause)
[2024-08-15T13:23:28.271+0000][3304.216s][info][gc,task     ] GC(676) Using 6 workers of 6 for evacuation
[2024-08-15T13:23:28.299+0000][3304.244s][info][gc,phases   ] GC(676)   Pre Evacuate Collection Set: 0.2ms
[2024-08-15T13:23:28.299+0000][3304.244s][info][gc,phases   ] GC(676)   Merge Heap Roots: 0.2ms
[2024-08-15T13:23:28.299+0000][3304.244s][info][gc,phases   ] GC(676)   Evacuate Collection Set: 25.6ms
[2024-08-15T13:23:28.299+0000][3304.244s][info][gc,phases   ] GC(676)   Post Evacuate Collection Set: 2.3ms
[2024-08-15T13:23:28.299+0000][3304.244s][info][gc,phases   ] GC(676)   Other: 0.2ms
[2024-08-15T13:23:28.299+0000][3304.244s][info][gc,heap     ] GC(676) Eden regions: 818->0(810)
[2024-08-15T13:23:28.299+0000][3304.244s][info][gc,heap     ] GC(676) Survivor regions: 6->11(103)
[2024-08-15T13:23:28.299+0000][3304.244s][info][gc,heap     ] GC(676) Old regions: 383->383
[2024-08-15T13:23:28.299+0000][3304.244s][info][gc,heap     ] GC(676) Archive regions: 2->2
[2024-08-15T13:23:28.299+0000][3304.244s][info][gc,heap     ] GC(676) Humongous regions: 5->5
[2024-08-15T13:23:28.299+0000][3304.244s][info][gc,metaspace] GC(676) Metaspace: 439956K(446272K)->439956K(446272K) NonClass: 384991K(388608K)->384991K(388608K) Class: 54964K(57664K)->54964K(57664K)
[2024-08-15T13:23:28.299+0000][3304.244s][info][gc          ] GC(676) Pause Young (Normal) (G1 Evacuation Pause) 9691M->3189M(12288M) 28.574ms
[2024-08-15T13:23:28.300+0000][3304.244s][info][gc,cpu      ] GC(676) User=0.17s Sys=0.00s Real=0.03s
[2024-08-15T13:23:32.832+0000][3308.777s][info][gc,start    ] GC(677) Pause Young (Normal) (G1 Evacuation Pause)
[2024-08-15T13:23:32.832+0000][3308.777s][info][gc,task     ] GC(677) Using 6 workers of 6 for evacuation
[2024-08-15T13:23:32.916+0000][3308.861s][info][gc,phases   ] GC(677)   Pre Evacuate Collection Set: 0.2ms
[2024-08-15T13:23:32.916+0000][3308.861s][info][gc,phases   ] GC(677)   Merge Heap Roots: 0.2ms
[2024-08-15T13:23:32.916+0000][3308.861s][info][gc,phases   ] GC(677)   Evacuate Collection Set: 66.6ms
[2024-08-15T13:23:32.916+0000][3308.861s][info][gc,phases   ] GC(677)   Post Evacuate Collection Set: 17.3ms
[2024-08-15T13:23:32.916+0000][3308.861s][info][gc,phases   ] GC(677)   Other: 0.2ms
[2024-08-15T13:23:32.916+0000][3308.861s][info][gc,heap     ] GC(677) Eden regions: 810->0(802)
[2024-08-15T13:23:32.916+0000][3308.861s][info][gc,heap     ] GC(677) Survivor regions: 11->17(103)
[2024-08-15T13:23:32.916+0000][3308.861s][info][gc,heap     ] GC(677) Old regions: 383->383
[2024-08-15T13:23:32.916+0000][3308.861s][info][gc,heap     ] GC(677) Archive regions: 2->2
[2024-08-15T13:23:32.917+0000][3308.861s][info][gc,heap     ] GC(677) Humongous regions: 5->5
[2024-08-15T13:23:32.917+0000][3308.861s][info][gc,metaspace] GC(677) Metaspace: 439957K(446272K)->439957K(446272K) NonClass: 384993K(388608K)->384993K(388608K) Class: 54964K(57664K)->54964K(57664K)
[2024-08-15T13:23:32.917+0000][3308.861s][info][gc          ] GC(677) Pause Young (Normal) (G1 Evacuation Pause) 9669M->3240M(12288M) 84.577ms
[2024-08-15T13:23:32.917+0000][3308.861s][info][gc,cpu      ] GC(677) User=0.50s Sys=0.00s Real=0.09s
[2024-08-15T13:23:35.455+0000][3311.400s][info][gc,start    ] GC(678) Pause Young (Concurrent Start) (G1 Evacuation Pause)
[2024-08-15T13:23:35.455+0000][3311.400s][info][gc,task     ] GC(678) Using 6 workers of 6 for evacuation
[2024-08-15T13:23:35.558+0000][3311.502s][info][gc,phases   ] GC(678)   Pre Evacuate Collection Set: 0.6ms
[2024-08-15T13:23:35.558+0000][3311.502s][info][gc,phases   ] GC(678)   Merge Heap Roots: 0.3ms
[2024-08-15T13:23:35.558+0000][3311.502s][info][gc,phases   ] GC(678)   Evacuate Collection Set: 81.4ms
[2024-08-15T13:23:35.558+0000][3311.502s][info][gc,phases   ] GC(678)   Post Evacuate Collection Set: 20.2ms
[2024-08-15T13:23:35.558+0000][3311.502s][info][gc,phases   ] GC(678)   Other: 0.3ms
[2024-08-15T13:23:35.558+0000][3311.502s][info][gc,heap     ] GC(678) Eden regions: 802->0(796)
[2024-08-15T13:23:35.558+0000][3311.502s][info][gc,heap     ] GC(678) Survivor regions: 17->21(103)
[2024-08-15T13:23:35.558+0000][3311.502s][info][gc,heap     ] GC(678) Old regions: 383->383
[2024-08-15T13:23:35.558+0000][3311.502s][info][gc,heap     ] GC(678) Archive regions: 2->2
[2024-08-15T13:23:35.558+0000][3311.502s][info][gc,heap     ] GC(678) Humongous regions: 5->5
[2024-08-15T13:23:35.558+0000][3311.502s][info][gc,metaspace] GC(678) Metaspace: 439968K(446272K)->439968K(446272K) NonClass: 385003K(388608K)->385003K(388608K) Class: 54964K(57664K)->54964K(57664K)
[2024-08-15T13:23:35.558+0000][3311.502s][info][gc          ] GC(678) Pause Young (Concurrent Start) (G1 Evacuation Pause) 9656M->3272M(12288M) 102.813ms
[2024-08-15T13:23:35.558+0000][3311.502s][info][gc,cpu      ] GC(678) User=0.59s Sys=0.00s Real=0.11s
[2024-08-15T13:23:35.558+0000][3311.502s][info][gc          ] GC(679) Concurrent Mark Cycle
[2024-08-15T13:23:35.558+0000][3311.503s][info][gc,marking  ] GC(679) Concurrent Clear Claimed Marks
[2024-08-15T13:23:35.558+0000][3311.503s][info][gc,marking  ] GC(679) Concurrent Clear Claimed Marks 0.445ms
[2024-08-15T13:23:35.558+0000][3311.503s][info][gc,marking  ] GC(679) Concurrent Scan Root Regions
[2024-08-15T13:23:35.641+0000][3311.586s][info][gc,marking  ] GC(679) Concurrent Scan Root Regions 83.026ms
[2024-08-15T13:23:35.641+0000][3311.586s][info][gc,marking  ] GC(679) Concurrent Mark
[2024-08-15T13:23:35.641+0000][3311.586s][info][gc,marking  ] GC(679) Concurrent Mark From Roots
[2024-08-15T13:23:35.641+0000][3311.586s][info][gc,task     ] GC(679) Using 2 workers of 2 for marking
[2024-08-15T13:23:38.342+0000][3314.286s][info][gc,marking  ] GC(679) Concurrent Mark From Roots 2700.308ms
[2024-08-15T13:23:38.342+0000][3314.286s][info][gc,marking  ] GC(679) Concurrent Preclean
[2024-08-15T13:23:38.343+0000][3314.288s][info][gc,marking  ] GC(679) Concurrent Preclean 1.347ms
[2024-08-15T13:23:38.343+0000][3314.288s][info][gc,start    ] GC(679) Pause Remark
[2024-08-15T13:23:38.367+0000][3314.311s][info][gc          ] GC(679) Pause Remark 8984M->8984M(12288M) 23.502ms
[2024-08-15T13:23:38.367+0000][3314.311s][info][gc,cpu      ] GC(679) User=0.10s Sys=0.00s Real=0.02s
[2024-08-15T13:23:38.367+0000][3314.312s][info][gc,marking  ] GC(679) Concurrent Mark 2725.521ms
[2024-08-15T13:23:38.367+0000][3314.312s][info][gc,marking  ] GC(679) Concurrent Rebuild Remembered Sets
[2024-08-15T13:23:38.645+0000][3314.589s][info][gc,start    ] GC(680) Pause Young (Normal) (G1 Evacuation Pause)
[2024-08-15T13:23:38.645+0000][3314.589s][info][gc,task     ] GC(680) Using 6 workers of 6 for evacuation
[2024-08-15T13:23:38.765+0000][3314.710s][info][gc,phases   ] GC(680)   Pre Evacuate Collection Set: 0.2ms
[2024-08-15T13:23:38.765+0000][3314.710s][info][gc,phases   ] GC(680)   Merge Heap Roots: 0.5ms
[2024-08-15T13:23:38.765+0000][3314.710s][info][gc,phases   ] GC(680)   Evacuate Collection Set: 100.1ms
[2024-08-15T13:23:38.765+0000][3314.710s][info][gc,phases   ] GC(680)   Post Evacuate Collection Set: 19.2ms
[2024-08-15T13:23:38.765+0000][3314.710s][info][gc,phases   ] GC(680)   Other: 0.2ms
[2024-08-15T13:23:38.765+0000][3314.710s][info][gc,heap     ] GC(680) Eden regions: 796->0(786)
[2024-08-15T13:23:38.765+0000][3314.710s][info][gc,heap     ] GC(680) Survivor regions: 21->26(103)
[2024-08-15T13:23:38.765+0000][3314.710s][info][gc,heap     ] GC(680) Old regions: 383->383
[2024-08-15T13:23:38.765+0000][3314.710s][info][gc,heap     ] GC(680) Archive regions: 2->2
[2024-08-15T13:23:38.765+0000][3314.710s][info][gc,heap     ] GC(680) Humongous regions: 5->5
[2024-08-15T13:23:38.765+0000][3314.710s][info][gc,metaspace] GC(680) Metaspace: 439972K(446272K)->439972K(446272K) NonClass: 385007K(388608K)->385007K(388608K) Class: 54964K(57664K)->54964K(57664K)
[2024-08-15T13:23:38.765+0000][3314.710s][info][gc          ] GC(680) Pause Young (Normal) (G1 Evacuation Pause) 9640M->3313M(12288M) 120.217ms
[2024-08-15T13:23:38.765+0000][3314.710s][info][gc,cpu      ] GC(680) User=0.71s Sys=0.00s Real=0.12s
[2024-08-15T13:23:39.950+0000][3315.895s][info][gc,marking  ] GC(679) Concurrent Rebuild Remembered Sets 1583.424ms
[2024-08-15T13:23:39.951+0000][3315.895s][info][gc,start    ] GC(679) Pause Cleanup
[2024-08-15T13:23:39.951+0000][3315.896s][info][gc          ] GC(679) Pause Cleanup 5877M->5877M(12288M) 0.627ms
[2024-08-15T13:23:39.951+0000][3315.896s][info][gc,cpu      ] GC(679) User=0.00s Sys=0.00s Real=0.00s
[2024-08-15T13:23:39.951+0000][3315.896s][info][gc,marking  ] GC(679) Concurrent Cleanup for Next Mark
[2024-08-15T13:23:39.980+0000][3315.925s][info][gc,marking  ] GC(679) Concurrent Cleanup for Next Mark 28.543ms
[2024-08-15T13:23:39.980+0000][3315.925s][info][gc          ] GC(679) Concurrent Mark Cycle 4422.176ms
[2024-08-15T13:23:41.301+0000][3317.246s][info][gc,start    ] GC(681) Pause Young (Prepare Mixed) (G1 Evacuation Pause)
[2024-08-15T13:23:41.301+0000][3317.246s][info][gc,task     ] GC(681) Using 6 workers of 6 for evacuation
[2024-08-15T13:23:41.436+0000][3317.381s][info][gc,phases   ] GC(681)   Pre Evacuate Collection Set: 0.2ms
[2024-08-15T13:23:41.436+0000][3317.381s][info][gc,phases   ] GC(681)   Merge Heap Roots: 0.7ms
[2024-08-15T13:23:41.436+0000][3317.381s][info][gc,phases   ] GC(681)   Evacuate Collection Set: 112.8ms
[2024-08-15T13:23:41.436+0000][3317.381s][info][gc,phases   ] GC(681)   Post Evacuate Collection Set: 21.3ms
[2024-08-15T13:23:41.436+0000][3317.381s][info][gc,phases   ] GC(681)   Other: 0.2ms
[2024-08-15T13:23:41.436+0000][3317.381s][info][gc,heap     ] GC(681) Eden regions: 786->0(46)
[2024-08-15T13:23:41.436+0000][3317.381s][info][gc,heap     ] GC(681) Survivor regions: 26->30(102)
[2024-08-15T13:23:41.436+0000][3317.381s][info][gc,heap     ] GC(681) Old regions: 383->383
[2024-08-15T13:23:41.436+0000][3317.381s][info][gc,heap     ] GC(681) Archive regions: 2->2
[2024-08-15T13:23:41.436+0000][3317.381s][info][gc,heap     ] GC(681) Humongous regions: 5->5
[2024-08-15T13:23:41.436+0000][3317.381s][info][gc,metaspace] GC(681) Metaspace: 439974K(446272K)->439974K(446272K) NonClass: 385009K(388608K)->385009K(388608K) Class: 54964K(57664K)->54964K(57664K)
[2024-08-15T13:23:41.436+0000][3317.381s][info][gc          ] GC(681) Pause Young (Prepare Mixed) (G1 Evacuation Pause) 9601M->3345M(12288M) 135.324ms
[2024-08-15T13:23:41.436+0000][3317.381s][info][gc,cpu      ] GC(681) User=0.79s Sys=0.00s Real=0.14s
[2024-08-15T13:23:41.580+0000][3317.525s][info][gc,start    ] GC(682) Pause Young (Mixed) (G1 Evacuation Pause)
[2024-08-15T13:23:41.580+0000][3317.525s][info][gc,task     ] GC(682) Using 6 workers of 6 for evacuation
[2024-08-15T13:23:41.709+0000][3317.654s][info][gc,phases   ] GC(682)   Pre Evacuate Collection Set: 0.2ms
[2024-08-15T13:23:41.709+0000][3317.654s][info][gc,phases   ] GC(682)   Merge Heap Roots: 0.4ms
[2024-08-15T13:23:41.709+0000][3317.654s][info][gc,phases   ] GC(682)   Evacuate Collection Set: 125.1ms
[2024-08-15T13:23:41.709+0000][3317.654s][info][gc,phases   ] GC(682)   Post Evacuate Collection Set: 3.0ms
[2024-08-15T13:23:41.709+0000][3317.654s][info][gc,phases   ] GC(682)   Other: 0.2ms
[2024-08-15T13:23:41.709+0000][3317.654s][info][gc,heap     ] GC(682) Eden regions: 46->0(799)
[2024-08-15T13:23:41.709+0000][3317.654s][info][gc,heap     ] GC(682) Survivor regions: 30->3(10)
[2024-08-15T13:23:41.709+0000][3317.654s][info][gc,heap     ] GC(682) Old regions: 383->400
[2024-08-15T13:23:41.709+0000][3317.654s][info][gc,heap     ] GC(682) Archive regions: 2->2
[2024-08-15T13:23:41.709+0000][3317.654s][info][gc,heap     ] GC(682) Humongous regions: 5->5
[2024-08-15T13:23:41.709+0000][3317.654s][info][gc,metaspace] GC(682) Metaspace: 439974K(446272K)->439974K(446272K) NonClass: 385009K(388608K)->385009K(388608K) Class: 54964K(57664K)->54964K(57664K)
[2024-08-15T13:23:41.709+0000][3317.654s][info][gc          ] GC(682) Pause Young (Mixed) (G1 Evacuation Pause) 3713M->3267M(12288M) 128.959ms
[2024-08-15T13:23:41.709+0000][3317.654s][info][gc,cpu      ] GC(682) User=0.77s Sys=0.00s Real=0.13s
[2024-08-15T13:23:43.834+0000][3319.779s][info][gc,start    ] GC(683) Pause Young (Normal) (G1 Evacuation Pause)
[2024-08-15T13:23:43.834+0000][3319.779s][info][gc,task     ] GC(683) Using 6 workers of 6 for evacuation
[2024-08-15T13:23:43.908+0000][3319.853s][info][gc,phases   ] GC(683)   Pre Evacuate Collection Set: 0.1ms
[2024-08-15T13:23:43.908+0000][3319.853s][info][gc,phases   ] GC(683)   Merge Heap Roots: 0.4ms
[2024-08-15T13:23:43.908+0000][3319.853s][info][gc,phases   ] GC(683)   Evacuate Collection Set: 55.4ms
[2024-08-15T13:23:43.908+0000][3319.853s][info][gc,phases   ] GC(683)   Post Evacuate Collection Set: 18.1ms
[2024-08-15T13:23:43.908+0000][3319.853s][info][gc,phases   ] GC(683)   Other: 0.2ms
[2024-08-15T13:23:43.908+0000][3319.853s][info][gc,heap     ] GC(683) Eden regions: 799->0(796)
[2024-08-15T13:23:43.908+0000][3319.853s][info][gc,heap     ] GC(683) Survivor regions: 3->7(101)
[2024-08-15T13:23:43.908+0000][3319.853s][info][gc,heap     ] GC(683) Old regions: 400->400
[2024-08-15T13:23:43.908+0000][3319.853s][info][gc,heap     ] GC(683) Archive regions: 2->2
[2024-08-15T13:23:43.908+0000][3319.853s][info][gc,heap     ] GC(683) Humongous regions: 5->5
[2024-08-15T13:23:43.908+0000][3319.853s][info][gc,metaspace] GC(683) Metaspace: 439977K(446272K)->439977K(446272K) NonClass: 385012K(388608K)->385012K(388608K) Class: 54964K(57664K)->54964K(57664K)
[2024-08-15T13:23:43.908+0000][3319.853s][info][gc          ] GC(683) Pause Young (Normal) (G1 Evacuation Pause) 9659M->3293M(12288M) 74.319ms
[2024-08-15T13:23:43.908+0000][3319.853s][info][gc,cpu      ] GC(683) User=0.43s Sys=0.00s Real=0.08s
[2024-08-15T13:23:46.302+0000][3322.246s][info][gc,start    ] GC(684) Pause Young (Normal) (G1 Evacuation Pause)
[2024-08-15T13:23:46.302+0000][3322.246s][info][gc,task     ] GC(684) Using 6 workers of 6 for evacuation
[2024-08-15T13:23:46.383+0000][3322.328s][info][gc,phases   ] GC(684)   Pre Evacuate Collection Set: 0.2ms
[2024-08-15T13:23:46.383+0000][3322.328s][info][gc,phases   ] GC(684)   Merge Heap Roots: 0.5ms
[2024-08-15T13:23:46.383+0000][3322.328s][info][gc,phases   ] GC(684)   Evacuate Collection Set: 63.8ms
[2024-08-15T13:23:46.383+0000][3322.328s][info][gc,phases   ] GC(684)   Post Evacuate Collection Set: 16.7ms
[2024-08-15T13:23:46.383+0000][3322.328s][info][gc,phases   ] GC(684)   Other: 0.2ms
[2024-08-15T13:23:46.383+0000][3322.328s][info][gc,heap     ] GC(684) Eden regions: 796->0(794)
[2024-08-15T13:23:46.383+0000][3322.328s][info][gc,heap     ] GC(684) Survivor regions: 7->10(101)
[2024-08-15T13:23:46.383+0000][3322.328s][info][gc,heap     ] GC(684) Old regions: 400->400
[2024-08-15T13:23:46.383+0000][3322.328s][info][gc,heap     ] GC(684) Archive regions: 2->2
[2024-08-15T13:23:46.383+0000][3322.328s][info][gc,heap     ] GC(684) Humongous regions: 5->5
[2024-08-15T13:23:46.383+0000][3322.328s][info][gc,metaspace] GC(684) Metaspace: 439977K(446272K)->439977K(446272K) NonClass: 385012K(388608K)->385012K(388608K) Class: 54964K(57664K)->54964K(57664K)
[2024-08-15T13:23:46.383+0000][3322.328s][info][gc          ] GC(684) Pause Young (Normal) (G1 Evacuation Pause) 9661M->3320M(12288M) 81.491ms
[2024-08-15T13:23:46.383+0000][3322.328s][info][gc,cpu      ] GC(684) User=0.48s Sys=0.00s Real=0.09s
[2024-08-15T13:23:52.317+0000][3328.262s][info][gc,start    ] GC(685) Pause Young (Concurrent Start) (G1 Evacuation Pause)
[2024-08-15T13:23:52.317+0000][3328.262s][info][gc,task     ] GC(685) Using 6 workers of 6 for evacuation
[2024-08-15T13:23:52.364+0000][3328.309s][info][gc,phases   ] GC(685)   Pre Evacuate Collection Set: 0.6ms
[2024-08-15T13:23:52.364+0000][3328.309s][info][gc,phases   ] GC(685)   Merge Heap Roots: 0.3ms
[2024-08-15T13:23:52.364+0000][3328.309s][info][gc,phases   ] GC(685)   Evacuate Collection Set: 40.9ms
[2024-08-15T13:23:52.364+0000][3328.309s][info][gc,phases   ] GC(685)   Post Evacuate Collection Set: 4.8ms
[2024-08-15T13:23:52.364+0000][3328.309s][info][gc,phases   ] GC(685)   Other: 0.3ms
[2024-08-15T13:23:52.364+0000][3328.309s][info][gc,heap     ] GC(685) Eden regions: 794->0(792)
[2024-08-15T13:23:52.364+0000][3328.309s][info][gc,heap     ] GC(685) Survivor regions: 10->13(101)
[2024-08-15T13:23:52.364+0000][3328.309s][info][gc,heap     ] GC(685) Old regions: 400->400
[2024-08-15T13:23:52.364+0000][3328.309s][info][gc,heap     ] GC(685) Archive regions: 2->2
[2024-08-15T13:23:52.364+0000][3328.309s][info][gc,heap     ] GC(685) Humongous regions: 5->5
[2024-08-15T13:23:52.364+0000][3328.309s][info][gc,metaspace] GC(685) Metaspace: 439979K(446272K)->439979K(446272K) NonClass: 385014K(388608K)->385014K(388608K) Class: 54964K(57664K)->54964K(57664K)
[2024-08-15T13:23:52.364+0000][3328.309s][info][gc          ] GC(685) Pause Young (Concurrent Start) (G1 Evacuation Pause) 9672M->3342M(12288M) 46.973ms
[2024-08-15T13:23:52.364+0000][3328.309s][info][gc,cpu      ] GC(685) User=0.27s Sys=0.00s Real=0.05s
[2024-08-15T13:23:52.364+0000][3328.309s][info][gc          ] GC(686) Concurrent Mark Cycle
[2024-08-15T13:23:52.365+0000][3328.309s][info][gc,marking  ] GC(686) Concurrent Clear Claimed Marks
[2024-08-15T13:23:52.365+0000][3328.310s][info][gc,marking  ] GC(686) Concurrent Clear Claimed Marks 0.445ms
[2024-08-15T13:23:52.365+0000][3328.310s][info][gc,marking  ] GC(686) Concurrent Scan Root Regions
[2024-08-15T13:23:52.397+0000][3328.341s][info][gc,marking  ] GC(686) Concurrent Scan Root Regions 31.838ms
[2024-08-15T13:23:52.397+0000][3328.341s][info][gc,marking  ] GC(686) Concurrent Mark
[2024-08-15T13:23:52.397+0000][3328.341s][info][gc,marking  ] GC(686) Concurrent Mark From Roots
[2024-08-15T13:23:52.397+0000][3328.341s][info][gc,task     ] GC(686) Using 2 workers of 2 for marking
[2024-08-15T13:23:54.745+0000][3330.690s][info][gc,marking  ] GC(686) Concurrent Mark From Roots 2348.302ms
[2024-08-15T13:23:54.745+0000][3330.690s][info][gc,marking  ] GC(686) Concurrent Preclean
[2024-08-15T13:23:54.747+0000][3330.691s][info][gc,marking  ] GC(686) Concurrent Preclean 1.495ms
[2024-08-15T13:23:54.747+0000][3330.692s][info][gc,start    ] GC(686) Pause Remark
[2024-08-15T13:23:54.772+0000][3330.717s][info][gc          ] GC(686) Pause Remark 4986M->4986M(12288M) 25.140ms
[2024-08-15T13:23:54.772+0000][3330.717s][info][gc,cpu      ] GC(686) User=0.11s Sys=0.00s Real=0.02s
[2024-08-15T13:23:54.772+0000][3330.717s][info][gc,marking  ] GC(686) Concurrent Mark 2375.406ms
[2024-08-15T13:23:54.772+0000][3330.717s][info][gc,marking  ] GC(686) Concurrent Rebuild Remembered Sets
[2024-08-15T13:23:56.096+0000][3332.040s][info][gc,marking  ] GC(686) Concurrent Rebuild Remembered Sets 1323.467ms
[2024-08-15T13:23:56.096+0000][3332.040s][info][gc,start    ] GC(686) Pause Cleanup
[2024-08-15T13:23:56.097+0000][3332.041s][info][gc          ] GC(686) Pause Cleanup 5918M->5918M(12288M) 0.734ms
[2024-08-15T13:23:56.097+0000][3332.041s][info][gc,cpu      ] GC(686) User=0.01s Sys=0.00s Real=0.00s
[2024-08-15T13:23:56.097+0000][3332.041s][info][gc,marking  ] GC(686) Concurrent Cleanup for Next Mark
[2024-08-15T13:23:56.114+0000][3332.058s][info][gc,marking  ] GC(686) Concurrent Cleanup for Next Mark 16.892ms
[2024-08-15T13:23:56.114+0000][3332.058s][info][gc          ] GC(686) Concurrent Mark Cycle 3749.191ms
[2024-08-15T13:24:01.212+0000][3337.156s][info][gc,start    ] GC(687) Pause Young (Prepare Mixed) (G1 Evacuation Pause)
[2024-08-15T13:24:01.212+0000][3337.156s][info][gc,task     ] GC(687) Using 6 workers of 6 for evacuation
[2024-08-15T13:24:01.262+0000][3337.207s][info][gc,phases   ] GC(687)   Pre Evacuate Collection Set: 0.2ms
[2024-08-15T13:24:01.262+0000][3337.207s][info][gc,phases   ] GC(687)   Merge Heap Roots: 0.5ms
[2024-08-15T13:24:01.262+0000][3337.207s][info][gc,phases   ] GC(687)   Evacuate Collection Set: 47.5ms
[2024-08-15T13:24:01.262+0000][3337.207s][info][gc,phases   ] GC(687)   Post Evacuate Collection Set: 2.4ms
[2024-08-15T13:24:01.262+0000][3337.207s][info][gc,phases   ] GC(687)   Other: 0.2ms
[2024-08-15T13:24:01.262+0000][3337.207s][info][gc,heap     ] GC(687) Eden regions: 792->0(60)
[2024-08-15T13:24:01.262+0000][3337.207s][info][gc,heap     ] GC(687) Survivor regions: 13->16(101)
[2024-08-15T13:24:01.262+0000][3337.207s][info][gc,heap     ] GC(687) Old regions: 400->400
[2024-08-15T13:24:01.262+0000][3337.207s][info][gc,heap     ] GC(687) Archive regions: 2->2
[2024-08-15T13:24:01.262+0000][3337.207s][info][gc,heap     ] GC(687) Humongous regions: 5->5
[2024-08-15T13:24:01.262+0000][3337.207s][info][gc,metaspace] GC(687) Metaspace: 439979K(446272K)->439979K(446272K) NonClass: 385014K(388608K)->385014K(388608K) Class: 54964K(57664K)->54964K(57664K)
[2024-08-15T13:24:01.262+0000][3337.207s][info][gc          ] GC(687) Pause Young (Prepare Mixed) (G1 Evacuation Pause) 9678M->3371M(12288M) 50.734ms
[2024-08-15T13:24:01.262+0000][3337.207s][info][gc,cpu      ] GC(687) User=0.30s Sys=0.00s Real=0.05s
[2024-08-15T13:24:01.905+0000][3337.850s][info][gc,start    ] GC(688) Pause Young (Mixed) (G1 Evacuation Pause)
[2024-08-15T13:24:01.905+0000][3337.850s][info][gc,task     ] GC(688) Using 6 workers of 6 for evacuation
[2024-08-15T13:24:01.964+0000][3337.909s][info][gc,phases   ] GC(688)   Pre Evacuate Collection Set: 0.2ms
[2024-08-15T13:24:01.964+0000][3337.909s][info][gc,phases   ] GC(688)   Merge Heap Roots: 0.3ms
[2024-08-15T13:24:01.964+0000][3337.909s][info][gc,phases   ] GC(688)   Evacuate Collection Set: 56.2ms
[2024-08-15T13:24:01.964+0000][3337.909s][info][gc,phases   ] GC(688)   Post Evacuate Collection Set: 1.8ms
[2024-08-15T13:24:01.964+0000][3337.909s][info][gc,phases   ] GC(688)   Other: 0.2ms
[2024-08-15T13:24:01.964+0000][3337.909s][info][gc,heap     ] GC(688) Eden regions: 60->0(814)
[2024-08-15T13:24:01.964+0000][3337.909s][info][gc,heap     ] GC(688) Survivor regions: 16->6(10)
[2024-08-15T13:24:01.964+0000][3337.909s][info][gc,heap     ] GC(688) Old regions: 400->385
[2024-08-15T13:24:01.964+0000][3337.909s][info][gc,heap     ] GC(688) Archive regions: 2->2
[2024-08-15T13:24:01.964+0000][3337.909s][info][gc,heap     ] GC(688) Humongous regions: 5->5
[2024-08-15T13:24:01.964+0000][3337.909s][info][gc,metaspace] GC(688) Metaspace: 439979K(446272K)->439979K(446272K) NonClass: 385014K(388608K)->385014K(388608K) Class: 54964K(57664K)->54964K(57664K)
[2024-08-15T13:24:01.964+0000][3337.909s][info][gc          ] GC(688) Pause Young (Mixed) (G1 Evacuation Pause) 3851M->3170M(12288M) 58.709ms
[2024-08-15T13:24:01.964+0000][3337.909s][info][gc,cpu      ] GC(688) User=0.35s Sys=0.00s Real=0.06s
[2024-08-15T13:24:10.763+0000][3346.707s][info][gc,start    ] GC(689) Pause Young (Normal) (G1 Evacuation Pause)
[2024-08-15T13:24:10.763+0000][3346.707s][info][gc,task     ] GC(689) Using 6 workers of 6 for evacuation
[2024-08-15T13:24:10.783+0000][3346.728s][info][gc,phases   ] GC(689)   Pre Evacuate Collection Set: 0.2ms
[2024-08-15T13:24:10.783+0000][3346.728s][info][gc,phases   ] GC(689)   Merge Heap Roots: 0.3ms
[2024-08-15T13:24:10.783+0000][3346.728s][info][gc,phases   ] GC(689)   Evacuate Collection Set: 17.8ms
[2024-08-15T13:24:10.783+0000][3346.728s][info][gc,phases   ] GC(689)   Post Evacuate Collection Set: 2.3ms
[2024-08-15T13:24:10.783+0000][3346.728s][info][gc,phases   ] GC(689)   Other: 0.2ms
[2024-08-15T13:24:10.783+0000][3346.728s][info][gc,heap     ] GC(689) Eden regions: 814->0(811)
[2024-08-15T13:24:10.783+0000][3346.728s][info][gc,heap     ] GC(689) Survivor regions: 6->9(103)
[2024-08-15T13:24:10.783+0000][3346.728s][info][gc,heap     ] GC(689) Old regions: 385->385
[2024-08-15T13:24:10.783+0000][3346.728s][info][gc,heap     ] GC(689) Archive regions: 2->2
[2024-08-15T13:24:10.783+0000][3346.728s][info][gc,heap     ] GC(689) Humongous regions: 5->5
[2024-08-15T13:24:10.783+0000][3346.728s][info][gc,metaspace] GC(689) Metaspace: 439979K(446272K)->439979K(446272K) NonClass: 385014K(388608K)->385014K(388608K) Class: 54964K(57664K)->54964K(57664K)
[2024-08-15T13:24:10.783+0000][3346.728s][info][gc          ] GC(689) Pause Young (Normal) (G1 Evacuation Pause) 9682M->3190M(12288M) 20.789ms
[2024-08-15T13:24:10.783+0000][3346.728s][info][gc,cpu      ] GC(689) User=0.13s Sys=0.00s Real=0.03s
[2024-08-15T13:24:19.397+0000][3355.342s][info][gc,start    ] GC(690) Pause Young (Normal) (G1 Evacuation Pause)
[2024-08-15T13:24:19.397+0000][3355.342s][info][gc,task     ] GC(690) Using 6 workers of 6 for evacuation
[2024-08-15T13:24:19.422+0000][3355.367s][info][gc,phases   ] GC(690)   Pre Evacuate Collection Set: 0.2ms
[2024-08-15T13:24:19.422+0000][3355.367s][info][gc,phases   ] GC(690)   Merge Heap Roots: 0.3ms
[2024-08-15T13:24:19.422+0000][3355.367s][info][gc,phases   ] GC(690)   Evacuate Collection Set: 22.0ms
[2024-08-15T13:24:19.422+0000][3355.367s][info][gc,phases   ] GC(690)   Post Evacuate Collection Set: 2.2ms
[2024-08-15T13:24:19.422+0000][3355.367s][info][gc,phases   ] GC(690)   Other: 0.2ms
[2024-08-15T13:24:19.422+0000][3355.367s][info][gc,heap     ] GC(690) Eden regions: 811->0(810)
[2024-08-15T13:24:19.422+0000][3355.367s][info][gc,heap     ] GC(690) Survivor regions: 9->10(103)
[2024-08-15T13:24:19.422+0000][3355.367s][info][gc,heap     ] GC(690) Old regions: 385->385
[2024-08-15T13:24:19.422+0000][3355.367s][info][gc,heap     ] GC(690) Archive regions: 2->2
[2024-08-15T13:24:19.422+0000][3355.367s][info][gc,heap     ] GC(690) Humongous regions: 5->5
[2024-08-15T13:24:19.422+0000][3355.367s][info][gc,metaspace] GC(690) Metaspace: 439982K(446272K)->439982K(446272K) NonClass: 385018K(388608K)->385018K(388608K) Class: 54964K(57664K)->54964K(57664K)
[2024-08-15T13:24:19.422+0000][3355.367s][info][gc          ] GC(690) Pause Young (Normal) (G1 Evacuation Pause) 9678M->3200M(12288M) 24.988ms
[2024-08-15T13:24:19.422+0000][3355.367s][info][gc,cpu      ] GC(690) User=0.15s Sys=0.00s Real=0.02s
[2024-08-15T13:24:28.322+0000][3364.267s][info][gc,start    ] GC(691) Pause Young (Concurrent Start) (G1 Evacuation Pause)
[2024-08-15T13:24:28.322+0000][3364.267s][info][gc,task     ] GC(691) Using 6 workers of 6 for evacuation
[2024-08-15T13:24:28.353+0000][3364.298s][info][gc,phases   ] GC(691)   Pre Evacuate Collection Set: 0.6ms
[2024-08-15T13:24:28.353+0000][3364.298s][info][gc,phases   ] GC(691)   Merge Heap Roots: 0.3ms
[2024-08-15T13:24:28.353+0000][3364.298s][info][gc,phases   ] GC(691)   Evacuate Collection Set: 27.5ms
[2024-08-15T13:24:28.353+0000][3364.298s][info][gc,phases   ] GC(691)   Post Evacuate Collection Set: 2.3ms
[2024-08-15T13:24:28.353+0000][3364.298s][info][gc,phases   ] GC(691)   Other: 0.3ms
[2024-08-15T13:24:28.353+0000][3364.298s][info][gc,heap     ] GC(691) Eden regions: 810->0(807)
[2024-08-15T13:24:28.353+0000][3364.298s][info][gc,heap     ] GC(691) Survivor regions: 10->13(103)
[2024-08-15T13:24:28.353+0000][3364.298s][info][gc,heap     ] GC(691) Old regions: 385->385
[2024-08-15T13:24:28.353+0000][3364.298s][info][gc,heap     ] GC(691) Archive regions: 2->2
[2024-08-15T13:24:28.353+0000][3364.298s][info][gc,heap     ] GC(691) Humongous regions: 5->5
[2024-08-15T13:24:28.353+0000][3364.298s][info][gc,metaspace] GC(691) Metaspace: 440006K(446336K)->440006K(446336K) NonClass: 385037K(388608K)->385037K(388608K) Class: 54968K(57728K)->54968K(57728K)
[2024-08-15T13:24:28.353+0000][3364.298s][info][gc          ] GC(691) Pause Young (Concurrent Start) (G1 Evacuation Pause) 9680M->3226M(12288M) 30.937ms
[2024-08-15T13:24:28.353+0000][3364.298s][info][gc,cpu      ] GC(691) User=0.18s Sys=0.00s Real=0.03s
[2024-08-15T13:24:28.353+0000][3364.298s][info][gc          ] GC(692) Concurrent Mark Cycle
[2024-08-15T13:24:28.353+0000][3364.298s][info][gc,marking  ] GC(692) Concurrent Clear Claimed Marks
[2024-08-15T13:24:28.354+0000][3364.299s][info][gc,marking  ] GC(692) Concurrent Clear Claimed Marks 0.445ms
[2024-08-15T13:24:28.354+0000][3364.299s][info][gc,marking  ] GC(692) Concurrent Scan Root Regions
[2024-08-15T13:24:28.379+0000][3364.324s][info][gc,marking  ] GC(692) Concurrent Scan Root Regions 25.421ms
[2024-08-15T13:24:28.379+0000][3364.324s][info][gc,marking  ] GC(692) Concurrent Mark
[2024-08-15T13:24:28.379+0000][3364.324s][info][gc,marking  ] GC(692) Concurrent Mark From Roots
[2024-08-15T13:24:28.379+0000][3364.324s][info][gc,task     ] GC(692) Using 2 workers of 2 for marking
[2024-08-15T13:24:30.707+0000][3366.652s][info][gc,marking  ] GC(692) Concurrent Mark From Roots 2327.550ms
[2024-08-15T13:24:30.707+0000][3366.652s][info][gc,marking  ] GC(692) Concurrent Preclean
[2024-08-15T13:24:30.709+0000][3366.653s][info][gc,marking  ] GC(692) Concurrent Preclean 1.496ms
[2024-08-15T13:24:30.709+0000][3366.653s][info][gc,start    ] GC(692) Pause Remark
[2024-08-15T13:24:30.732+0000][3366.677s][info][gc          ] GC(692) Pause Remark 4806M->4806M(12288M) 23.175ms
[2024-08-15T13:24:30.732+0000][3366.677s][info][gc,cpu      ] GC(692) User=0.09s Sys=0.00s Real=0.02s
[2024-08-15T13:24:30.732+0000][3366.677s][info][gc,marking  ] GC(692) Concurrent Mark 2352.741ms
[2024-08-15T13:24:30.732+0000][3366.677s][info][gc,marking  ] GC(692) Concurrent Rebuild Remembered Sets
[2024-08-15T13:24:32.076+0000][3368.021s][info][gc,marking  ] GC(692) Concurrent Rebuild Remembered Sets 1344.022ms
[2024-08-15T13:24:32.076+0000][3368.021s][info][gc,start    ] GC(692) Pause Cleanup
[2024-08-15T13:24:32.077+0000][3368.022s][info][gc          ] GC(692) Pause Cleanup 5734M->5734M(12288M) 0.690ms
[2024-08-15T13:24:32.077+0000][3368.022s][info][gc,cpu      ] GC(692) User=0.01s Sys=0.00s Real=0.00s
[2024-08-15T13:24:32.077+0000][3368.022s][info][gc,marking  ] GC(692) Concurrent Cleanup for Next Mark
[2024-08-15T13:24:32.094+0000][3368.039s][info][gc,marking  ] GC(692) Concurrent Cleanup for Next Mark 16.806ms
[2024-08-15T13:24:32.094+0000][3368.039s][info][gc          ] GC(692) Concurrent Mark Cycle 3740.610ms
[2024-08-15T13:24:37.491+0000][3373.435s][info][gc,start    ] GC(693) Pause Young (Prepare Mixed) (G1 Evacuation Pause)
[2024-08-15T13:24:37.491+0000][3373.435s][info][gc,task     ] GC(693) Using 6 workers of 6 for evacuation
[2024-08-15T13:24:37.525+0000][3373.470s][info][gc,phases   ] GC(693)   Pre Evacuate Collection Set: 0.2ms
[2024-08-15T13:24:37.525+0000][3373.470s][info][gc,phases   ] GC(693)   Merge Heap Roots: 0.3ms
[2024-08-15T13:24:37.525+0000][3373.470s][info][gc,phases   ] GC(693)   Evacuate Collection Set: 31.7ms
[2024-08-15T13:24:37.525+0000][3373.470s][info][gc,phases   ] GC(693)   Post Evacuate Collection Set: 2.3ms
[2024-08-15T13:24:37.525+0000][3373.470s][info][gc,phases   ] GC(693)   Other: 0.2ms
[2024-08-15T13:24:37.525+0000][3373.470s][info][gc,heap     ] GC(693) Eden regions: 807->0(59)
[2024-08-15T13:24:37.525+0000][3373.470s][info][gc,heap     ] GC(693) Survivor regions: 13->17(103)
[2024-08-15T13:24:37.525+0000][3373.470s][info][gc,heap     ] GC(693) Old regions: 385->385
[2024-08-15T13:24:37.525+0000][3373.470s][info][gc,heap     ] GC(693) Archive regions: 2->2
[2024-08-15T13:24:37.525+0000][3373.470s][info][gc,heap     ] GC(693) Humongous regions: 5->5
[2024-08-15T13:24:37.525+0000][3373.470s][info][gc,metaspace] GC(693) Metaspace: 440008K(446336K)->440008K(446336K) NonClass: 385040K(388608K)->385040K(388608K) Class: 54968K(57728K)->54968K(57728K)
[2024-08-15T13:24:37.525+0000][3373.470s][info][gc          ] GC(693) Pause Young (Prepare Mixed) (G1 Evacuation Pause) 9682M->3253M(12288M) 34.781ms
[2024-08-15T13:24:37.525+0000][3373.470s][info][gc,cpu      ] GC(693) User=0.20s Sys=0.00s Real=0.04s
[2024-08-15T13:24:38.167+0000][3374.111s][info][gc,start    ] GC(694) Pause Young (Mixed) (G1 Evacuation Pause)
[2024-08-15T13:24:38.167+0000][3374.111s][info][gc,task     ] GC(694) Using 6 workers of 6 for evacuation
[2024-08-15T13:24:38.230+0000][3374.174s][info][gc,phases   ] GC(694)   Pre Evacuate Collection Set: 0.2ms
[2024-08-15T13:24:38.230+0000][3374.174s][info][gc,phases   ] GC(694)   Merge Heap Roots: 0.3ms
[2024-08-15T13:24:38.230+0000][3374.174s][info][gc,phases   ] GC(694)   Evacuate Collection Set: 60.7ms
[2024-08-15T13:24:38.230+0000][3374.174s][info][gc,phases   ] GC(694)   Post Evacuate Collection Set: 1.8ms
[2024-08-15T13:24:38.230+0000][3374.174s][info][gc,phases   ] GC(694)   Other: 0.2ms
[2024-08-15T13:24:38.230+0000][3374.174s][info][gc,heap     ] GC(694) Eden regions: 59->0(821)
[2024-08-15T13:24:38.230+0000][3374.174s][info][gc,heap     ] GC(694) Survivor regions: 17->6(10)
[2024-08-15T13:24:38.230+0000][3374.174s][info][gc,heap     ] GC(694) Old regions: 385->378
[2024-08-15T13:24:38.230+0000][3374.174s][info][gc,heap     ] GC(694) Archive regions: 2->2
[2024-08-15T13:24:38.230+0000][3374.175s][info][gc,heap     ] GC(694) Humongous regions: 5->5
[2024-08-15T13:24:38.230+0000][3374.175s][info][gc,metaspace] GC(694) Metaspace: 440008K(446336K)->440008K(446336K) NonClass: 385040K(388608K)->385040K(388608K) Class: 54968K(57728K)->54968K(57728K)
[2024-08-15T13:24:38.230+0000][3374.175s][info][gc          ] GC(694) Pause Young (Mixed) (G1 Evacuation Pause) 3725M->3111M(12288M) 63.298ms
[2024-08-15T13:24:38.230+0000][3374.175s][info][gc,cpu      ] GC(694) User=0.37s Sys=0.00s Real=0.06s
[2024-08-15T13:24:46.489+0000][3382.434s][info][gc,start    ] GC(695) Pause Young (Normal) (G1 Evacuation Pause)
[2024-08-15T13:24:46.489+0000][3382.434s][info][gc,task     ] GC(695) Using 6 workers of 6 for evacuation
[2024-08-15T13:24:46.511+0000][3382.455s][info][gc,phases   ] GC(695)   Pre Evacuate Collection Set: 0.2ms
[2024-08-15T13:24:46.511+0000][3382.455s][info][gc,phases   ] GC(695)   Merge Heap Roots: 0.3ms
[2024-08-15T13:24:46.511+0000][3382.455s][info][gc,phases   ] GC(695)   Evacuate Collection Set: 18.7ms
[2024-08-15T13:24:46.511+0000][3382.455s][info][gc,phases   ] GC(695)   Post Evacuate Collection Set: 2.3ms
[2024-08-15T13:24:46.511+0000][3382.455s][info][gc,phases   ] GC(695)   Other: 0.2ms
[2024-08-15T13:24:46.511+0000][3382.455s][info][gc,heap     ] GC(695) Eden regions: 821->0(822)
[2024-08-15T13:24:46.511+0000][3382.456s][info][gc,heap     ] GC(695) Survivor regions: 6->6(104)
[2024-08-15T13:24:46.511+0000][3382.456s][info][gc,heap     ] GC(695) Old regions: 378->378
[2024-08-15T13:24:46.511+0000][3382.456s][info][gc,heap     ] GC(695) Archive regions: 2->2
[2024-08-15T13:24:46.511+0000][3382.456s][info][gc,heap     ] GC(695) Humongous regions: 5->5
[2024-08-15T13:24:46.511+0000][3382.456s][info][gc,metaspace] GC(695) Metaspace: 440009K(446336K)->440009K(446336K) NonClass: 385041K(388608K)->385041K(388608K) Class: 54968K(57728K)->54968K(57728K)
[2024-08-15T13:24:46.511+0000][3382.456s][info][gc          ] GC(695) Pause Young (Normal) (G1 Evacuation Pause) 9679M->3111M(12288M) 21.752ms
[2024-08-15T13:24:46.511+0000][3382.456s][info][gc,cpu      ] GC(695) User=0.13s Sys=0.00s Real=0.02s
[2024-08-15T13:24:55.389+0000][3391.333s][info][gc,start    ] GC(696) Pause Young (Normal) (G1 Evacuation Pause)
[2024-08-15T13:24:55.389+0000][3391.333s][info][gc,task     ] GC(696) Using 6 workers of 6 for evacuation
[2024-08-15T13:24:55.415+0000][3391.360s][info][gc,phases   ] GC(696)   Pre Evacuate Collection Set: 0.2ms
[2024-08-15T13:24:55.415+0000][3391.360s][info][gc,phases   ] GC(696)   Merge Heap Roots: 0.3ms
[2024-08-15T13:24:55.415+0000][3391.360s][info][gc,phases   ] GC(696)   Evacuate Collection Set: 23.6ms
[2024-08-15T13:24:55.415+0000][3391.360s][info][gc,phases   ] GC(696)   Post Evacuate Collection Set: 2.3ms
[2024-08-15T13:24:55.415+0000][3391.360s][info][gc,phases   ] GC(696)   Other: 0.2ms
[2024-08-15T13:24:55.415+0000][3391.360s][info][gc,heap     ] GC(696) Eden regions: 822->0(818)
[2024-08-15T13:24:55.415+0000][3391.360s][info][gc,heap     ] GC(696) Survivor regions: 6->10(104)
[2024-08-15T13:24:55.415+0000][3391.360s][info][gc,heap     ] GC(696) Old regions: 378->378
[2024-08-15T13:24:55.415+0000][3391.360s][info][gc,heap     ] GC(696) Archive regions: 2->2
[2024-08-15T13:24:55.415+0000][3391.360s][info][gc,heap     ] GC(696) Humongous regions: 5->5
[2024-08-15T13:24:55.415+0000][3391.360s][info][gc,metaspace] GC(696) Metaspace: 440009K(446336K)->440009K(446336K) NonClass: 385041K(388608K)->385041K(388608K) Class: 54968K(57728K)->54968K(57728K)
[2024-08-15T13:24:55.415+0000][3391.360s][info][gc          ] GC(696) Pause Young (Normal) (G1 Evacuation Pause) 9687M->3138M(12288M) 26.592ms
[2024-08-15T13:24:55.415+0000][3391.360s][info][gc,cpu      ] GC(696) User=0.16s Sys=0.00s Real=0.03s
[2024-08-15T13:25:04.243+0000][3400.188s][info][gc,start    ] GC(697) Pause Young (Concurrent Start) (G1 Evacuation Pause)
[2024-08-15T13:25:04.243+0000][3400.188s][info][gc,task     ] GC(697) Using 6 workers of 6 for evacuation
[2024-08-15T13:25:04.276+0000][3400.221s][info][gc,phases   ] GC(697)   Pre Evacuate Collection Set: 0.6ms
[2024-08-15T13:25:04.276+0000][3400.221s][info][gc,phases   ] GC(697)   Merge Heap Roots: 0.3ms
[2024-08-15T13:25:04.276+0000][3400.221s][info][gc,phases   ] GC(697)   Evacuate Collection Set: 29.6ms
[2024-08-15T13:25:04.276+0000][3400.221s][info][gc,phases   ] GC(697)   Post Evacuate Collection Set: 2.4ms
[2024-08-15T13:25:04.276+0000][3400.221s][info][gc,phases   ] GC(697)   Other: 0.3ms
[2024-08-15T13:25:04.276+0000][3400.221s][info][gc,heap     ] GC(697) Eden regions: 818->0(816)
[2024-08-15T13:25:04.276+0000][3400.221s][info][gc,heap     ] GC(697) Survivor regions: 10->13(104)
[2024-08-15T13:25:04.276+0000][3400.221s][info][gc,heap     ] GC(697) Old regions: 378->378
[2024-08-15T13:25:04.276+0000][3400.221s][info][gc,heap     ] GC(697) Archive regions: 2->2
[2024-08-15T13:25:04.276+0000][3400.221s][info][gc,heap     ] GC(697) Humongous regions: 5->5
[2024-08-15T13:25:04.276+0000][3400.221s][info][gc,metaspace] GC(697) Metaspace: 440011K(446336K)->440011K(446336K) NonClass: 385042K(388608K)->385042K(388608K) Class: 54968K(57728K)->54968K(57728K)
[2024-08-15T13:25:04.276+0000][3400.221s][info][gc          ] GC(697) Pause Young (Concurrent Start) (G1 Evacuation Pause) 9682M->3163M(12288M) 33.101ms
[2024-08-15T13:25:04.276+0000][3400.221s][info][gc,cpu      ] GC(697) User=0.19s Sys=0.00s Real=0.03s
[2024-08-15T13:25:04.276+0000][3400.221s][info][gc          ] GC(698) Concurrent Mark Cycle
[2024-08-15T13:25:04.276+0000][3400.221s][info][gc,marking  ] GC(698) Concurrent Clear Claimed Marks
[2024-08-15T13:25:04.277+0000][3400.221s][info][gc,marking  ] GC(698) Concurrent Clear Claimed Marks 0.429ms
[2024-08-15T13:25:04.277+0000][3400.221s][info][gc,marking  ] GC(698) Concurrent Scan Root Regions
[2024-08-15T13:25:04.306+0000][3400.251s][info][gc,marking  ] GC(698) Concurrent Scan Root Regions 29.260ms
[2024-08-15T13:25:04.306+0000][3400.251s][info][gc,marking  ] GC(698) Concurrent Mark
[2024-08-15T13:25:04.306+0000][3400.251s][info][gc,marking  ] GC(698) Concurrent Mark From Roots
[2024-08-15T13:25:04.306+0000][3400.251s][info][gc,task     ] GC(698) Using 2 workers of 2 for marking
[2024-08-15T13:25:06.628+0000][3402.572s][info][gc,marking  ] GC(698) Concurrent Mark From Roots 2321.512ms
[2024-08-15T13:25:06.628+0000][3402.572s][info][gc,marking  ] GC(698) Concurrent Preclean
[2024-08-15T13:25:06.629+0000][3402.574s][info][gc,marking  ] GC(698) Concurrent Preclean 1.440ms
[2024-08-15T13:25:06.629+0000][3402.574s][info][gc,start    ] GC(698) Pause Remark
[2024-08-15T13:25:06.653+0000][3402.597s][info][gc          ] GC(698) Pause Remark 4799M->4799M(12288M) 23.486ms
[2024-08-15T13:25:06.653+0000][3402.597s][info][gc,cpu      ] GC(698) User=0.10s Sys=0.00s Real=0.02s
[2024-08-15T13:25:06.653+0000][3402.598s][info][gc,marking  ] GC(698) Concurrent Mark 2346.919ms
[2024-08-15T13:25:06.653+0000][3402.598s][info][gc,marking  ] GC(698) Concurrent Rebuild Remembered Sets
[2024-08-15T13:25:08.048+0000][3403.993s][info][gc,marking  ] GC(698) Concurrent Rebuild Remembered Sets 1395.318ms
[2024-08-15T13:25:08.049+0000][3403.993s][info][gc,start    ] GC(698) Pause Cleanup
[2024-08-15T13:25:08.049+0000][3403.994s][info][gc          ] GC(698) Pause Cleanup 5807M->5807M(12288M) 0.671ms
[2024-08-15T13:25:08.049+0000][3403.994s][info][gc,cpu      ] GC(698) User=0.00s Sys=0.00s Real=0.00s
[2024-08-15T13:25:08.049+0000][3403.994s][info][gc,marking  ] GC(698) Concurrent Cleanup for Next Mark
[2024-08-15T13:25:08.067+0000][3404.012s][info][gc,marking  ] GC(698) Concurrent Cleanup for Next Mark 17.641ms
[2024-08-15T13:25:08.067+0000][3404.012s][info][gc          ] GC(698) Concurrent Mark Cycle 3790.683ms
[2024-08-15T13:25:13.129+0000][3409.074s][info][gc,start    ] GC(699) Pause Young (Prepare Mixed) (G1 Evacuation Pause)
[2024-08-15T13:25:13.129+0000][3409.074s][info][gc,task     ] GC(699) Using 6 workers of 6 for evacuation
[2024-08-15T13:25:13.165+0000][3409.109s][info][gc,phases   ] GC(699)   Pre Evacuate Collection Set: 0.2ms
[2024-08-15T13:25:13.165+0000][3409.109s][info][gc,phases   ] GC(699)   Merge Heap Roots: 0.3ms
[2024-08-15T13:25:13.165+0000][3409.109s][info][gc,phases   ] GC(699)   Evacuate Collection Set: 32.3ms
[2024-08-15T13:25:13.165+0000][3409.109s][info][gc,phases   ] GC(699)   Post Evacuate Collection Set: 2.3ms
[2024-08-15T13:25:13.165+0000][3409.109s][info][gc,phases   ] GC(699)   Other: 0.2ms
[2024-08-15T13:25:13.165+0000][3409.109s][info][gc,heap     ] GC(699) Eden regions: 816->0(62)
[2024-08-15T13:25:13.165+0000][3409.109s][info][gc,heap     ] GC(699) Survivor regions: 13->14(104)
[2024-08-15T13:25:13.165+0000][3409.109s][info][gc,heap     ] GC(699) Old regions: 378->378
[2024-08-15T13:25:13.165+0000][3409.109s][info][gc,heap     ] GC(699) Archive regions: 2->2
[2024-08-15T13:25:13.165+0000][3409.109s][info][gc,heap     ] GC(699) Humongous regions: 5->5
[2024-08-15T13:25:13.165+0000][3409.109s][info][gc,metaspace] GC(699) Metaspace: 440013K(446336K)->440013K(446336K) NonClass: 385045K(388608K)->385045K(388608K) Class: 54968K(57728K)->54968K(57728K)
[2024-08-15T13:25:13.165+0000][3409.109s][info][gc          ] GC(699) Pause Young (Prepare Mixed) (G1 Evacuation Pause) 9691M->3169M(12288M) 35.331ms
[2024-08-15T13:25:13.165+0000][3409.109s][info][gc,cpu      ] GC(699) User=0.20s Sys=0.00s Real=0.04s
[2024-08-15T13:25:13.819+0000][3409.763s][info][gc,start    ] GC(700) Pause Young (Mixed) (G1 Evacuation Pause)
[2024-08-15T13:25:13.819+0000][3409.764s][info][gc,task     ] GC(700) Using 6 workers of 6 for evacuation
[2024-08-15T13:25:13.893+0000][3409.838s][info][gc,phases   ] GC(700)   Pre Evacuate Collection Set: 0.2ms
[2024-08-15T13:25:13.893+0000][3409.838s][info][gc,phases   ] GC(700)   Merge Heap Roots: 0.3ms
[2024-08-15T13:25:13.893+0000][3409.838s][info][gc,phases   ] GC(700)   Evacuate Collection Set: 71.8ms
[2024-08-15T13:25:13.893+0000][3409.838s][info][gc,phases   ] GC(700)   Post Evacuate Collection Set: 1.9ms
[2024-08-15T13:25:13.893+0000][3409.838s][info][gc,phases   ] GC(700)   Other: 0.2ms
[2024-08-15T13:25:13.893+0000][3409.838s][info][gc,heap     ] GC(700) Eden regions: 62->0(830)
[2024-08-15T13:25:13.893+0000][3409.838s][info][gc,heap     ] GC(700) Survivor regions: 14->5(10)
[2024-08-15T13:25:13.893+0000][3409.838s][info][gc,heap     ] GC(700) Old regions: 378->372
[2024-08-15T13:25:13.893+0000][3409.838s][info][gc,heap     ] GC(700) Archive regions: 2->2
[2024-08-15T13:25:13.893+0000][3409.838s][info][gc,heap     ] GC(700) Humongous regions: 5->5
[2024-08-15T13:25:13.893+0000][3409.838s][info][gc,metaspace] GC(700) Metaspace: 440013K(446336K)->440013K(446336K) NonClass: 385045K(388608K)->385045K(388608K) Class: 54968K(57728K)->54968K(57728K)
[2024-08-15T13:25:13.893+0000][3409.838s][info][gc          ] GC(700) Pause Young (Mixed) (G1 Evacuation Pause) 3665M->3057M(12288M) 74.462ms
[2024-08-15T13:25:13.893+0000][3409.838s][info][gc,cpu      ] GC(700) User=0.44s Sys=0.00s Real=0.07s
[2024-08-15T13:25:22.956+0000][3418.901s][info][gc,start    ] GC(701) Pause Young (Normal) (G1 Evacuation Pause)
[2024-08-15T13:25:22.956+0000][3418.901s][info][gc,task     ] GC(701) Using 6 workers of 6 for evacuation
[2024-08-15T13:25:22.978+0000][3418.922s][info][gc,phases   ] GC(701)   Pre Evacuate Collection Set: 0.2ms
[2024-08-15T13:25:22.978+0000][3418.922s][info][gc,phases   ] GC(701)   Merge Heap Roots: 0.3ms
[2024-08-15T13:25:22.978+0000][3418.922s][info][gc,phases   ] GC(701)   Evacuate Collection Set: 18.3ms
[2024-08-15T13:25:22.978+0000][3418.922s][info][gc,phases   ] GC(701)   Post Evacuate Collection Set: 2.2ms
[2024-08-15T13:25:22.978+0000][3418.922s][info][gc,phases   ] GC(701)   Other: 0.2ms
[2024-08-15T13:25:22.978+0000][3418.922s][info][gc,heap     ] GC(701) Eden regions: 830->0(827)
[2024-08-15T13:25:22.978+0000][3418.922s][info][gc,heap     ] GC(701) Survivor regions: 5->8(105)
[2024-08-15T13:25:22.978+0000][3418.922s][info][gc,heap     ] GC(701) Old regions: 372->372
[2024-08-15T13:25:22.978+0000][3418.922s][info][gc,heap     ] GC(701) Archive regions: 2->2
[2024-08-15T13:25:22.978+0000][3418.922s][info][gc,heap     ] GC(701) Humongous regions: 5->5
[2024-08-15T13:25:22.978+0000][3418.922s][info][gc,metaspace] GC(701) Metaspace: 440013K(446336K)->440013K(446336K) NonClass: 385045K(388608K)->385045K(388608K) Class: 54968K(57728K)->54968K(57728K)
[2024-08-15T13:25:22.978+0000][3418.922s][info][gc          ] GC(701) Pause Young (Normal) (G1 Evacuation Pause) 9697M->3081M(12288M) 21.222ms
[2024-08-15T13:25:22.978+0000][3418.922s][info][gc,cpu      ] GC(701) User=0.12s Sys=0.00s Real=0.02s
[2024-08-15T13:25:32.158+0000][3428.103s][info][gc,start    ] GC(702) Pause Young (Normal) (G1 Evacuation Pause)
[2024-08-15T13:25:32.158+0000][3428.103s][info][gc,task     ] GC(702) Using 6 workers of 6 for evacuation
[2024-08-15T13:25:32.185+0000][3428.129s][info][gc,phases   ] GC(702)   Pre Evacuate Collection Set: 0.2ms
[2024-08-15T13:25:32.185+0000][3428.129s][info][gc,phases   ] GC(702)   Merge Heap Roots: 0.3ms
[2024-08-15T13:25:32.185+0000][3428.129s][info][gc,phases   ] GC(702)   Evacuate Collection Set: 23.5ms
[2024-08-15T13:25:32.185+0000][3428.129s][info][gc,phases   ] GC(702)   Post Evacuate Collection Set: 2.3ms
[2024-08-15T13:25:32.185+0000][3428.129s][info][gc,phases   ] GC(702)   Other: 0.2ms
[2024-08-15T13:25:32.185+0000][3428.129s][info][gc,heap     ] GC(702) Eden regions: 827->0(824)
[2024-08-15T13:25:32.185+0000][3428.129s][info][gc,heap     ] GC(702) Survivor regions: 8->11(105)
[2024-08-15T13:25:32.185+0000][3428.129s][info][gc,heap     ] GC(702) Old regions: 372->372
[2024-08-15T13:25:32.185+0000][3428.129s][info][gc,heap     ] GC(702) Archive regions: 2->2
[2024-08-15T13:25:32.185+0000][3428.129s][info][gc,heap     ] GC(702) Humongous regions: 5->5
[2024-08-15T13:25:32.185+0000][3428.129s][info][gc,metaspace] GC(702) Metaspace: 440014K(446336K)->440014K(446336K) NonClass: 385045K(388608K)->385045K(388608K) Class: 54968K(57728K)->54968K(57728K)
[2024-08-15T13:25:32.185+0000][3428.129s][info][gc          ] GC(702) Pause Young (Normal) (G1 Evacuation Pause) 9697M->3105M(12288M) 26.492ms
[2024-08-15T13:25:32.185+0000][3428.129s][info][gc,cpu      ] GC(702) User=0.16s Sys=0.00s Real=0.03s
[2024-08-15T13:25:40.980+0000][3436.924s][info][gc,start    ] GC(703) Pause Young (Concurrent Start) (G1 Evacuation Pause)
[2024-08-15T13:25:40.980+0000][3436.924s][info][gc,task     ] GC(703) Using 6 workers of 6 for evacuation
[2024-08-15T13:25:41.012+0000][3436.957s][info][gc,phases   ] GC(703)   Pre Evacuate Collection Set: 0.6ms
[2024-08-15T13:25:41.013+0000][3436.957s][info][gc,phases   ] GC(703)   Merge Heap Roots: 0.3ms
[2024-08-15T13:25:41.013+0000][3436.957s][info][gc,phases   ] GC(703)   Evacuate Collection Set: 29.4ms
[2024-08-15T13:25:41.013+0000][3436.957s][info][gc,phases   ] GC(703)   Post Evacuate Collection Set: 2.4ms
[2024-08-15T13:25:41.013+0000][3436.957s][info][gc,phases   ] GC(703)   Other: 0.3ms
[2024-08-15T13:25:41.013+0000][3436.957s][info][gc,heap     ] GC(703) Eden regions: 824->0(823)
[2024-08-15T13:25:41.013+0000][3436.957s][info][gc,heap     ] GC(703) Survivor regions: 11->12(105)
[2024-08-15T13:25:41.013+0000][3436.957s][info][gc,heap     ] GC(703) Old regions: 372->372
[2024-08-15T13:25:41.013+0000][3436.957s][info][gc,heap     ] GC(703) Archive regions: 2->2
[2024-08-15T13:25:41.013+0000][3436.957s][info][gc,heap     ] GC(703) Humongous regions: 5->5
[2024-08-15T13:25:41.013+0000][3436.957s][info][gc,metaspace] GC(703) Metaspace: 440031K(446400K)->440031K(446400K) NonClass: 385062K(388672K)->385062K(388672K) Class: 54968K(57728K)->54968K(57728K)
[2024-08-15T13:25:41.013+0000][3436.957s][info][gc          ] GC(703) Pause Young (Concurrent Start) (G1 Evacuation Pause) 9697M->3113M(12288M) 33.024ms
[2024-08-15T13:25:41.013+0000][3436.957s][info][gc,cpu      ] GC(703) User=0.19s Sys=0.00s Real=0.03s
[2024-08-15T13:25:41.013+0000][3436.957s][info][gc          ] GC(704) Concurrent Mark Cycle
[2024-08-15T13:25:41.013+0000][3436.957s][info][gc,marking  ] GC(704) Concurrent Clear Claimed Marks
[2024-08-15T13:25:41.013+0000][3436.958s][info][gc,marking  ] GC(704) Concurrent Clear Claimed Marks 0.448ms
[2024-08-15T13:25:41.013+0000][3436.958s][info][gc,marking  ] GC(704) Concurrent Scan Root Regions
[2024-08-15T13:25:41.036+0000][3436.980s][info][gc,marking  ] GC(704) Concurrent Scan Root Regions 22.328ms
[2024-08-15T13:25:41.036+0000][3436.980s][info][gc,marking  ] GC(704) Concurrent Mark
[2024-08-15T13:25:41.036+0000][3436.980s][info][gc,marking  ] GC(704) Concurrent Mark From Roots
[2024-08-15T13:25:41.036+0000][3436.980s][info][gc,task     ] GC(704) Using 2 workers of 2 for marking
[2024-08-15T13:25:43.518+0000][3439.463s][info][gc,marking  ] GC(704) Concurrent Mark From Roots 2482.909ms
[2024-08-15T13:25:43.519+0000][3439.463s][info][gc,marking  ] GC(704) Concurrent Preclean
[2024-08-15T13:25:43.520+0000][3439.465s][info][gc,marking  ] GC(704) Concurrent Preclean 1.750ms
[2024-08-15T13:25:43.520+0000][3439.465s][info][gc,start    ] GC(704) Pause Remark
[2024-08-15T13:25:43.544+0000][3439.489s][info][gc          ] GC(704) Pause Remark 4933M->4933M(12288M) 23.517ms
[2024-08-15T13:25:43.544+0000][3439.489s][info][gc,cpu      ] GC(704) User=0.09s Sys=0.00s Real=0.03s
[2024-08-15T13:25:43.544+0000][3439.489s][info][gc,marking  ] GC(704) Concurrent Mark 2508.625ms
[2024-08-15T13:25:43.544+0000][3439.489s][info][gc,marking  ] GC(704) Concurrent Rebuild Remembered Sets
[2024-08-15T13:25:44.932+0000][3440.876s][info][gc,marking  ] GC(704) Concurrent Rebuild Remembered Sets 1387.509ms
[2024-08-15T13:25:44.932+0000][3440.876s][info][gc,start    ] GC(704) Pause Cleanup
[2024-08-15T13:25:44.933+0000][3440.877s][info][gc          ] GC(704) Pause Cleanup 6017M->6017M(12288M) 0.655ms
[2024-08-15T13:25:44.933+0000][3440.877s][info][gc,cpu      ] GC(704) User=0.00s Sys=0.00s Real=0.00s
[2024-08-15T13:25:44.933+0000][3440.877s][info][gc,marking  ] GC(704) Concurrent Cleanup for Next Mark
[2024-08-15T13:25:44.949+0000][3440.894s][info][gc,marking  ] GC(704) Concurrent Cleanup for Next Mark 16.771ms
[2024-08-15T13:25:44.949+0000][3440.894s][info][gc          ] GC(704) Concurrent Mark Cycle 3936.770ms
[2024-08-15T13:25:49.904+0000][3445.848s][info][gc,start    ] GC(705) Pause Young (Prepare Mixed) (G1 Evacuation Pause)
[2024-08-15T13:25:49.904+0000][3445.848s][info][gc,task     ] GC(705) Using 6 workers of 6 for evacuation
[2024-08-15T13:25:49.939+0000][3445.884s][info][gc,phases   ] GC(705)   Pre Evacuate Collection Set: 0.2ms
[2024-08-15T13:25:49.939+0000][3445.884s][info][gc,phases   ] GC(705)   Merge Heap Roots: 0.4ms
[2024-08-15T13:25:49.939+0000][3445.884s][info][gc,phases   ] GC(705)   Evacuate Collection Set: 32.4ms
[2024-08-15T13:25:49.939+0000][3445.884s][info][gc,phases   ] GC(705)   Post Evacuate Collection Set: 2.3ms
[2024-08-15T13:25:49.939+0000][3445.884s][info][gc,phases   ] GC(705)   Other: 0.2ms
[2024-08-15T13:25:49.939+0000][3445.884s][info][gc,heap     ] GC(705) Eden regions: 823->0(63)
[2024-08-15T13:25:49.939+0000][3445.884s][info][gc,heap     ] GC(705) Survivor regions: 12->13(105)
[2024-08-15T13:25:49.939+0000][3445.884s][info][gc,heap     ] GC(705) Old regions: 372->372
[2024-08-15T13:25:49.939+0000][3445.884s][info][gc,heap     ] GC(705) Archive regions: 2->2
[2024-08-15T13:25:49.939+0000][3445.884s][info][gc,heap     ] GC(705) Humongous regions: 5->5
[2024-08-15T13:25:49.939+0000][3445.884s][info][gc,metaspace] GC(705) Metaspace: 440031K(446400K)->440031K(446400K) NonClass: 385062K(388672K)->385062K(388672K) Class: 54968K(57728K)->54968K(57728K)
[2024-08-15T13:25:49.939+0000][3445.884s][info][gc          ] GC(705) Pause Young (Prepare Mixed) (G1 Evacuation Pause) 9697M->3119M(12288M) 35.575ms
[2024-08-15T13:25:49.939+0000][3445.884s][info][gc,cpu      ] GC(705) User=0.21s Sys=0.00s Real=0.03s
[2024-08-15T13:25:50.615+0000][3446.560s][info][gc,start    ] GC(706) Pause Young (Mixed) (G1 Evacuation Pause)
[2024-08-15T13:25:50.615+0000][3446.560s][info][gc,task     ] GC(706) Using 6 workers of 6 for evacuation
[2024-08-15T13:25:50.689+0000][3446.634s][info][gc,phases   ] GC(706)   Pre Evacuate Collection Set: 0.2ms
[2024-08-15T13:25:50.689+0000][3446.634s][info][gc,phases   ] GC(706)   Merge Heap Roots: 0.3ms
[2024-08-15T13:25:50.689+0000][3446.634s][info][gc,phases   ] GC(706)   Evacuate Collection Set: 71.8ms
[2024-08-15T13:25:50.689+0000][3446.634s][info][gc,phases   ] GC(706)   Post Evacuate Collection Set: 1.7ms
[2024-08-15T13:25:50.689+0000][3446.634s][info][gc,phases   ] GC(706)   Other: 0.2ms
[2024-08-15T13:25:50.689+0000][3446.634s][info][gc,heap     ] GC(706) Eden regions: 63->0(833)
[2024-08-15T13:25:50.690+0000][3446.634s][info][gc,heap     ] GC(706) Survivor regions: 13->5(10)
[2024-08-15T13:25:50.690+0000][3446.634s][info][gc,heap     ] GC(706) Old regions: 372->369
[2024-08-15T13:25:50.690+0000][3446.634s][info][gc,heap     ] GC(706) Archive regions: 2->2
[2024-08-15T13:25:50.690+0000][3446.634s][info][gc,heap     ] GC(706) Humongous regions: 5->5
[2024-08-15T13:25:50.690+0000][3446.634s][info][gc,metaspace] GC(706) Metaspace: 440031K(446400K)->440031K(446400K) NonClass: 385062K(388672K)->385062K(388672K) Class: 54968K(57728K)->54968K(57728K)
[2024-08-15T13:25:50.690+0000][3446.634s][info][gc          ] GC(706) Pause Young (Mixed) (G1 Evacuation Pause) 3623M->3032M(12288M) 74.237ms
[2024-08-15T13:25:50.690+0000][3446.634s][info][gc,cpu      ] GC(706) User=0.44s Sys=0.00s Real=0.07s
[2024-08-15T13:25:59.667+0000][3455.612s][info][gc,start    ] GC(707) Pause Young (Normal) (G1 Evacuation Pause)
[2024-08-15T13:25:59.667+0000][3455.612s][info][gc,task     ] GC(707) Using 6 workers of 6 for evacuation
[2024-08-15T13:25:59.691+0000][3455.636s][info][gc,phases   ] GC(707)   Pre Evacuate Collection Set: 0.2ms
[2024-08-15T13:25:59.691+0000][3455.636s][info][gc,phases   ] GC(707)   Merge Heap Roots: 0.2ms
[2024-08-15T13:25:59.691+0000][3455.636s][info][gc,phases   ] GC(707)   Evacuate Collection Set: 20.8ms
[2024-08-15T13:25:59.691+0000][3455.636s][info][gc,phases   ] GC(707)   Post Evacuate Collection Set: 2.2ms
[2024-08-15T13:25:59.691+0000][3455.636s][info][gc,phases   ] GC(707)   Other: 0.2ms
[2024-08-15T13:25:59.691+0000][3455.636s][info][gc,heap     ] GC(707) Eden regions: 833->0(830)
[2024-08-15T13:25:59.691+0000][3455.636s][info][gc,heap     ] GC(707) Survivor regions: 5->8(105)
[2024-08-15T13:25:59.691+0000][3455.636s][info][gc,heap     ] GC(707) Old regions: 369->369
[2024-08-15T13:25:59.691+0000][3455.636s][info][gc,heap     ] GC(707) Archive regions: 2->2
[2024-08-15T13:25:59.691+0000][3455.636s][info][gc,heap     ] GC(707) Humongous regions: 5->5
[2024-08-15T13:25:59.691+0000][3455.636s][info][gc,metaspace] GC(707) Metaspace: 440031K(446400K)->440031K(446400K) NonClass: 385062K(388672K)->385062K(388672K) Class: 54968K(57728K)->54968K(57728K)
[2024-08-15T13:25:59.691+0000][3455.636s][info][gc          ] GC(707) Pause Young (Normal) (G1 Evacuation Pause) 9696M->3056M(12288M) 23.695ms
[2024-08-15T13:25:59.691+0000][3455.636s][info][gc,cpu      ] GC(707) User=0.14s Sys=0.01s Real=0.02s
[2024-08-15T13:26:08.478+0000][3464.422s][info][gc,start    ] GC(708) Pause Young (Normal) (G1 Evacuation Pause)
[2024-08-15T13:26:08.478+0000][3464.422s][info][gc,task     ] GC(708) Using 6 workers of 6 for evacuation
[2024-08-15T13:26:08.505+0000][3464.449s][info][gc,phases   ] GC(708)   Pre Evacuate Collection Set: 0.2ms
[2024-08-15T13:26:08.505+0000][3464.449s][info][gc,phases   ] GC(708)   Merge Heap Roots: 0.2ms
[2024-08-15T13:26:08.505+0000][3464.449s][info][gc,phases   ] GC(708)   Evacuate Collection Set: 24.0ms
[2024-08-15T13:26:08.505+0000][3464.449s][info][gc,phases   ] GC(708)   Post Evacuate Collection Set: 2.2ms
[2024-08-15T13:26:08.505+0000][3464.449s][info][gc,phases   ] GC(708)   Other: 0.2ms
[2024-08-15T13:26:08.505+0000][3464.449s][info][gc,heap     ] GC(708) Eden regions: 830->0(830)
[2024-08-15T13:26:08.505+0000][3464.449s][info][gc,heap     ] GC(708) Survivor regions: 8->9(105)
[2024-08-15T13:26:08.505+0000][3464.449s][info][gc,heap     ] GC(708) Old regions: 369->369
[2024-08-15T13:26:08.505+0000][3464.449s][info][gc,heap     ] GC(708) Archive regions: 2->2
[2024-08-15T13:26:08.505+0000][3464.449s][info][gc,heap     ] GC(708) Humongous regions: 5->5
[2024-08-15T13:26:08.505+0000][3464.449s][info][gc,metaspace] GC(708) Metaspace: 440031K(446400K)->440031K(446400K) NonClass: 385062K(388672K)->385062K(388672K) Class: 54968K(57728K)->54968K(57728K)
[2024-08-15T13:26:08.505+0000][3464.449s][info][gc          ] GC(708) Pause Young (Normal) (G1 Evacuation Pause) 9696M->3064M(12288M) 26.918ms
[2024-08-15T13:26:08.505+0000][3464.449s][info][gc,cpu      ] GC(708) User=0.16s Sys=0.00s Real=0.03s
[2024-08-15T13:26:17.596+0000][3473.540s][info][gc,start    ] GC(709) Pause Young (Concurrent Start) (G1 Evacuation Pause)
[2024-08-15T13:26:17.596+0000][3473.540s][info][gc,task     ] GC(709) Using 6 workers of 6 for evacuation
[2024-08-15T13:26:17.632+0000][3473.576s][info][gc,phases   ] GC(709)   Pre Evacuate Collection Set: 0.6ms
[2024-08-15T13:26:17.632+0000][3473.576s][info][gc,phases   ] GC(709)   Merge Heap Roots: 0.3ms
[2024-08-15T13:26:17.632+0000][3473.576s][info][gc,phases   ] GC(709)   Evacuate Collection Set: 32.7ms
[2024-08-15T13:26:17.632+0000][3473.576s][info][gc,phases   ] GC(709)   Post Evacuate Collection Set: 2.3ms
[2024-08-15T13:26:17.632+0000][3473.576s][info][gc,phases   ] GC(709)   Other: 0.3ms
[2024-08-15T13:26:17.632+0000][3473.576s][info][gc,heap     ] GC(709) Eden regions: 830->0(825)
[2024-08-15T13:26:17.632+0000][3473.576s][info][gc,heap     ] GC(709) Survivor regions: 9->13(105)
[2024-08-15T13:26:17.632+0000][3473.576s][info][gc,heap     ] GC(709) Old regions: 369->369
[2024-08-15T13:26:17.632+0000][3473.576s][info][gc,heap     ] GC(709) Archive regions: 2->2
[2024-08-15T13:26:17.632+0000][3473.576s][info][gc,heap     ] GC(709) Humongous regions: 5->5
[2024-08-15T13:26:17.632+0000][3473.576s][info][gc,metaspace] GC(709) Metaspace: 440031K(446400K)->440031K(446400K) NonClass: 385062K(388672K)->385062K(388672K) Class: 54968K(57728K)->54968K(57728K)
[2024-08-15T13:26:17.632+0000][3473.577s][info][gc          ] GC(709) Pause Young (Concurrent Start) (G1 Evacuation Pause) 9704M->3094M(12288M) 36.166ms
[2024-08-15T13:26:17.632+0000][3473.577s][info][gc,cpu      ] GC(709) User=0.21s Sys=0.00s Real=0.03s
[2024-08-15T13:26:17.632+0000][3473.577s][info][gc          ] GC(710) Concurrent Mark Cycle
[2024-08-15T13:26:17.632+0000][3473.577s][info][gc,marking  ] GC(710) Concurrent Clear Claimed Marks
[2024-08-15T13:26:17.632+0000][3473.577s][info][gc,marking  ] GC(710) Concurrent Clear Claimed Marks 0.439ms
[2024-08-15T13:26:17.632+0000][3473.577s][info][gc,marking  ] GC(710) Concurrent Scan Root Regions
[2024-08-15T13:26:17.666+0000][3473.610s][info][gc,marking  ] GC(710) Concurrent Scan Root Regions 33.336ms
[2024-08-15T13:26:17.666+0000][3473.610s][info][gc,marking  ] GC(710) Concurrent Mark
[2024-08-15T13:26:17.666+0000][3473.610s][info][gc,marking  ] GC(710) Concurrent Mark From Roots
[2024-08-15T13:26:17.666+0000][3473.610s][info][gc,task     ] GC(710) Using 2 workers of 2 for marking
[2024-08-15T13:26:20.150+0000][3476.094s][info][gc,marking  ] GC(710) Concurrent Mark From Roots 2483.718ms
[2024-08-15T13:26:20.150+0000][3476.094s][info][gc,marking  ] GC(710) Concurrent Preclean
[2024-08-15T13:26:20.151+0000][3476.096s][info][gc,marking  ] GC(710) Concurrent Preclean 1.361ms
[2024-08-15T13:26:20.151+0000][3476.096s][info][gc,start    ] GC(710) Pause Remark
[2024-08-15T13:26:20.174+0000][3476.119s][info][gc          ] GC(710) Pause Remark 4827M->4827M(12288M) 22.786ms
[2024-08-15T13:26:20.174+0000][3476.119s][info][gc,cpu      ] GC(710) User=0.09s Sys=0.00s Real=0.02s
[2024-08-15T13:26:20.174+0000][3476.119s][info][gc,marking  ] GC(710) Concurrent Mark 2508.342ms
[2024-08-15T13:26:20.174+0000][3476.119s][info][gc,marking  ] GC(710) Concurrent Rebuild Remembered Sets
[2024-08-15T13:26:21.474+0000][3477.419s][info][gc,marking  ] GC(710) Concurrent Rebuild Remembered Sets 1299.712ms
[2024-08-15T13:26:21.474+0000][3477.419s][info][gc,start    ] GC(710) Pause Cleanup
[2024-08-15T13:26:21.475+0000][3477.419s][info][gc          ] GC(710) Pause Cleanup 5714M->5714M(12288M) 0.621ms
[2024-08-15T13:26:21.475+0000][3477.419s][info][gc,cpu      ] GC(710) User=0.00s Sys=0.00s Real=0.00s
[2024-08-15T13:26:21.475+0000][3477.420s][info][gc,marking  ] GC(710) Concurrent Cleanup for Next Mark
[2024-08-15T13:26:21.492+0000][3477.437s][info][gc,marking  ] GC(710) Concurrent Cleanup for Next Mark 17.032ms
[2024-08-15T13:26:21.492+0000][3477.437s][info][gc          ] GC(710) Concurrent Mark Cycle 3859.995ms
[2024-08-15T13:26:26.955+0000][3482.899s][info][gc,start    ] GC(711) Pause Young (Prepare Mixed) (G1 Evacuation Pause)
[2024-08-15T13:26:26.955+0000][3482.899s][info][gc,task     ] GC(711) Using 6 workers of 6 for evacuation
[2024-08-15T13:26:26.991+0000][3482.935s][info][gc,phases   ] GC(711)   Pre Evacuate Collection Set: 0.2ms
[2024-08-15T13:26:26.991+0000][3482.935s][info][gc,phases   ] GC(711)   Merge Heap Roots: 0.3ms
[2024-08-15T13:26:26.991+0000][3482.935s][info][gc,phases   ] GC(711)   Evacuate Collection Set: 33.0ms
[2024-08-15T13:26:26.991+0000][3482.935s][info][gc,phases   ] GC(711)   Post Evacuate Collection Set: 2.2ms
[2024-08-15T13:26:26.991+0000][3482.935s][info][gc,phases   ] GC(711)   Other: 0.2ms
[2024-08-15T13:26:26.991+0000][3482.935s][info][gc,heap     ] GC(711) Eden regions: 825->0(60)
[2024-08-15T13:26:26.991+0000][3482.935s][info][gc,heap     ] GC(711) Survivor regions: 13->16(105)
[2024-08-15T13:26:26.991+0000][3482.935s][info][gc,heap     ] GC(711) Old regions: 369->369
[2024-08-15T13:26:26.991+0000][3482.935s][info][gc,heap     ] GC(711) Archive regions: 2->2
[2024-08-15T13:26:26.991+0000][3482.935s][info][gc,heap     ] GC(711) Humongous regions: 5->5
[2024-08-15T13:26:26.991+0000][3482.935s][info][gc,metaspace] GC(711) Metaspace: 440031K(446400K)->440031K(446400K) NonClass: 385062K(388672K)->385062K(388672K) Class: 54968K(57728K)->54968K(57728K)
[2024-08-15T13:26:26.991+0000][3482.935s][info][gc          ] GC(711) Pause Young (Prepare Mixed) (G1 Evacuation Pause) 9694M->3118M(12288M) 36.013ms
[2024-08-15T13:26:26.991+0000][3482.935s][info][gc,cpu      ] GC(711) User=0.21s Sys=0.01s Real=0.04s
[2024-08-15T13:26:27.648+0000][3483.593s][info][gc,start    ] GC(712) Pause Young (Mixed) (G1 Evacuation Pause)
[2024-08-15T13:26:27.648+0000][3483.593s][info][gc,task     ] GC(712) Using 6 workers of 6 for evacuation
[2024-08-15T13:26:27.731+0000][3483.676s][info][gc,phases   ] GC(712)   Pre Evacuate Collection Set: 0.2ms
[2024-08-15T13:26:27.731+0000][3483.676s][info][gc,phases   ] GC(712)   Merge Heap Roots: 0.3ms
[2024-08-15T13:26:27.731+0000][3483.676s][info][gc,phases   ] GC(712)   Evacuate Collection Set: 80.3ms
[2024-08-15T13:26:27.731+0000][3483.676s][info][gc,phases   ] GC(712)   Post Evacuate Collection Set: 1.8ms
[2024-08-15T13:26:27.731+0000][3483.676s][info][gc,phases   ] GC(712)   Other: 0.2ms
[2024-08-15T13:26:27.731+0000][3483.676s][info][gc,heap     ] GC(712) Eden regions: 60->0(832)
[2024-08-15T13:26:27.731+0000][3483.676s][info][gc,heap     ] GC(712) Survivor regions: 16->6(10)
[2024-08-15T13:26:27.731+0000][3483.676s][info][gc,heap     ] GC(712) Old regions: 369->369
[2024-08-15T13:26:27.731+0000][3483.676s][info][gc,heap     ] GC(712) Archive regions: 2->2
[2024-08-15T13:26:27.731+0000][3483.676s][info][gc,heap     ] GC(712) Humongous regions: 5->5
[2024-08-15T13:26:27.731+0000][3483.676s][info][gc,metaspace] GC(712) Metaspace: 440031K(446400K)->440031K(446400K) NonClass: 385062K(388672K)->385062K(388672K) Class: 54968K(57728K)->54968K(57728K)
[2024-08-15T13:26:27.731+0000][3483.676s][info][gc          ] GC(712) Pause Young (Mixed) (G1 Evacuation Pause) 3598M->3039M(12288M) 82.943ms
[2024-08-15T13:26:27.731+0000][3483.676s][info][gc,cpu      ] GC(712) User=0.50s Sys=0.00s Real=0.08s
[2024-08-15T13:26:31.806+0000][3487.751s][info][gc,start    ] GC(713) Pause Young (Normal) (G1 Evacuation Pause)
[2024-08-15T13:26:31.807+0000][3487.751s][info][gc,task     ] GC(713) Using 6 workers of 6 for evacuation
[2024-08-15T13:26:31.865+0000][3487.809s][info][gc,phases   ] GC(713)   Pre Evacuate Collection Set: 0.2ms
[2024-08-15T13:26:31.865+0000][3487.809s][info][gc,phases   ] GC(713)   Merge Heap Roots: 0.3ms
[2024-08-15T13:26:31.865+0000][3487.809s][info][gc,phases   ] GC(713)   Evacuate Collection Set: 44.3ms
[2024-08-15T13:26:31.865+0000][3487.809s][info][gc,phases   ] GC(713)   Post Evacuate Collection Set: 13.3ms
[2024-08-15T13:26:31.865+0000][3487.809s][info][gc,phases   ] GC(713)   Other: 0.2ms
[2024-08-15T13:26:31.865+0000][3487.809s][info][gc,heap     ] GC(713) Eden regions: 832->0(826)
[2024-08-15T13:26:31.865+0000][3487.809s][info][gc,heap     ] GC(713) Survivor regions: 6->10(105)
[2024-08-15T13:26:31.865+0000][3487.809s][info][gc,heap     ] GC(713) Old regions: 369->369
[2024-08-15T13:26:31.865+0000][3487.809s][info][gc,heap     ] GC(713) Archive regions: 2->2
[2024-08-15T13:26:31.865+0000][3487.809s][info][gc,heap     ] GC(713) Humongous regions: 5->5
[2024-08-15T13:26:31.865+0000][3487.809s][info][gc,metaspace] GC(713) Metaspace: 440032K(446400K)->440032K(446400K) NonClass: 385063K(388672K)->385063K(388672K) Class: 54968K(57728K)->54968K(57728K)
[2024-08-15T13:26:31.865+0000][3487.809s][info][gc          ] GC(713) Pause Young (Normal) (G1 Evacuation Pause) 9695M->3072M(12288M) 58.289ms
[2024-08-15T13:26:31.865+0000][3487.809s][info][gc,cpu      ] GC(713) User=0.33s Sys=0.00s Real=0.06s
[2024-08-15T13:26:34.451+0000][3490.395s][info][gc,start    ] GC(714) Pause Young (Normal) (G1 Evacuation Pause)
[2024-08-15T13:26:34.451+0000][3490.395s][info][gc,task     ] GC(714) Using 6 workers of 6 for evacuation
[2024-08-15T13:26:34.537+0000][3490.482s][info][gc,phases   ] GC(714)   Pre Evacuate Collection Set: 0.2ms
[2024-08-15T13:26:34.537+0000][3490.482s][info][gc,phases   ] GC(714)   Merge Heap Roots: 0.4ms
[2024-08-15T13:26:34.537+0000][3490.482s][info][gc,phases   ] GC(714)   Evacuate Collection Set: 67.8ms
[2024-08-15T13:26:34.537+0000][3490.482s][info][gc,phases   ] GC(714)   Post Evacuate Collection Set: 17.7ms
[2024-08-15T13:26:34.537+0000][3490.482s][info][gc,phases   ] GC(714)   Other: 0.2ms
[2024-08-15T13:26:34.537+0000][3490.482s][info][gc,heap     ] GC(714) Eden regions: 826->0(822)
[2024-08-15T13:26:34.537+0000][3490.482s][info][gc,heap     ] GC(714) Survivor regions: 10->14(105)
[2024-08-15T13:26:34.537+0000][3490.482s][info][gc,heap     ] GC(714) Old regions: 369->369
[2024-08-15T13:26:34.537+0000][3490.482s][info][gc,heap     ] GC(714) Archive regions: 2->2
[2024-08-15T13:26:34.537+0000][3490.482s][info][gc,heap     ] GC(714) Humongous regions: 5->5
[2024-08-15T13:26:34.537+0000][3490.482s][info][gc,metaspace] GC(714) Metaspace: 440032K(446400K)->440032K(446400K) NonClass: 385063K(388672K)->385063K(388672K) Class: 54968K(57728K)->54968K(57728K)
[2024-08-15T13:26:34.537+0000][3490.482s][info][gc          ] GC(714) Pause Young (Normal) (G1 Evacuation Pause) 9680M->3106M(12288M) 86.328ms
[2024-08-15T13:26:34.537+0000][3490.482s][info][gc,cpu      ] GC(714) User=0.50s Sys=0.00s Real=0.09s
[2024-08-15T13:26:36.989+0000][3492.933s][info][gc,start    ] GC(715) Pause Young (Concurrent Start) (G1 Evacuation Pause)
[2024-08-15T13:26:36.989+0000][3492.933s][info][gc,task     ] GC(715) Using 6 workers of 6 for evacuation
[2024-08-15T13:26:37.092+0000][3493.036s][info][gc,phases   ] GC(715)   Pre Evacuate Collection Set: 0.6ms
[2024-08-15T13:26:37.092+0000][3493.037s][info][gc,phases   ] GC(715)   Merge Heap Roots: 0.3ms
[2024-08-15T13:26:37.092+0000][3493.037s][info][gc,phases   ] GC(715)   Evacuate Collection Set: 82.1ms
[2024-08-15T13:26:37.092+0000][3493.037s][info][gc,phases   ] GC(715)   Post Evacuate Collection Set: 19.9ms
[2024-08-15T13:26:37.092+0000][3493.037s][info][gc,phases   ] GC(715)   Other: 0.3ms
[2024-08-15T13:26:37.092+0000][3493.037s][info][gc,heap     ] GC(715) Eden regions: 822->0(816)
[2024-08-15T13:26:37.092+0000][3493.037s][info][gc,heap     ] GC(715) Survivor regions: 14->18(105)
[2024-08-15T13:26:37.092+0000][3493.037s][info][gc,heap     ] GC(715) Old regions: 369->369
[2024-08-15T13:26:37.092+0000][3493.037s][info][gc,heap     ] GC(715) Archive regions: 2->2
[2024-08-15T13:26:37.092+0000][3493.037s][info][gc,heap     ] GC(715) Humongous regions: 5->5
[2024-08-15T13:26:37.092+0000][3493.037s][info][gc,metaspace] GC(715) Metaspace: 440032K(446400K)->440032K(446400K) NonClass: 385063K(388672K)->385063K(388672K) Class: 54968K(57728K)->54968K(57728K)
[2024-08-15T13:26:37.092+0000][3493.037s][info][gc          ] GC(715) Pause Young (Concurrent Start) (G1 Evacuation Pause) 9682M->3137M(12288M) 103.305ms
[2024-08-15T13:26:37.092+0000][3493.037s][info][gc,cpu      ] GC(715) User=0.60s Sys=0.00s Real=0.10s
[2024-08-15T13:26:37.092+0000][3493.037s][info][gc          ] GC(716) Concurrent Mark Cycle
[2024-08-15T13:26:37.092+0000][3493.037s][info][gc,marking  ] GC(716) Concurrent Clear Claimed Marks
[2024-08-15T13:26:37.093+0000][3493.037s][info][gc,marking  ] GC(716) Concurrent Clear Claimed Marks 0.445ms
[2024-08-15T13:26:37.093+0000][3493.037s][info][gc,marking  ] GC(716) Concurrent Scan Root Regions
[2024-08-15T13:26:37.161+0000][3493.106s][info][gc,marking  ] GC(716) Concurrent Scan Root Regions 68.666ms
[2024-08-15T13:26:37.161+0000][3493.106s][info][gc,marking  ] GC(716) Concurrent Mark
[2024-08-15T13:26:37.161+0000][3493.106s][info][gc,marking  ] GC(716) Concurrent Mark From Roots
[2024-08-15T13:26:37.161+0000][3493.106s][info][gc,task     ] GC(716) Using 2 workers of 2 for marking
[2024-08-15T13:26:39.776+0000][3495.721s][info][gc,marking  ] GC(716) Concurrent Mark From Roots 2614.670ms
[2024-08-15T13:26:39.776+0000][3495.721s][info][gc,marking  ] GC(716) Concurrent Preclean
[2024-08-15T13:26:39.777+0000][3495.722s][info][gc,marking  ] GC(716) Concurrent Preclean 1.474ms
[2024-08-15T13:26:39.778+0000][3495.722s][info][gc,start    ] GC(716) Pause Remark
[2024-08-15T13:26:39.801+0000][3495.746s][info][gc          ] GC(716) Pause Remark 8673M->8673M(12288M) 23.397ms
[2024-08-15T13:26:39.801+0000][3495.746s][info][gc,cpu      ] GC(716) User=0.10s Sys=0.00s Real=0.02s
[2024-08-15T13:26:39.801+0000][3495.746s][info][gc,marking  ] GC(716) Concurrent Mark 2640.192ms
[2024-08-15T13:26:39.801+0000][3495.746s][info][gc,marking  ] GC(716) Concurrent Rebuild Remembered Sets
[2024-08-15T13:26:40.318+0000][3496.263s][info][gc,start    ] GC(717) Pause Young (Normal) (G1 Evacuation Pause)
[2024-08-15T13:26:40.318+0000][3496.263s][info][gc,task     ] GC(717) Using 6 workers of 6 for evacuation
[2024-08-15T13:26:40.432+0000][3496.377s][info][gc,phases   ] GC(717)   Pre Evacuate Collection Set: 0.2ms
[2024-08-15T13:26:40.432+0000][3496.377s][info][gc,phases   ] GC(717)   Merge Heap Roots: 0.4ms
[2024-08-15T13:26:40.432+0000][3496.377s][info][gc,phases   ] GC(717)   Evacuate Collection Set: 94.5ms
[2024-08-15T13:26:40.432+0000][3496.377s][info][gc,phases   ] GC(717)   Post Evacuate Collection Set: 18.8ms
[2024-08-15T13:26:40.432+0000][3496.377s][info][gc,phases   ] GC(717)   Other: 0.2ms
[2024-08-15T13:26:40.432+0000][3496.377s][info][gc,heap     ] GC(717) Eden regions: 816->0(812)
[2024-08-15T13:26:40.432+0000][3496.377s][info][gc,heap     ] GC(717) Survivor regions: 18->20(105)
[2024-08-15T13:26:40.432+0000][3496.377s][info][gc,heap     ] GC(717) Old regions: 369->369
[2024-08-15T13:26:40.432+0000][3496.377s][info][gc,heap     ] GC(717) Archive regions: 2->2
[2024-08-15T13:26:40.432+0000][3496.377s][info][gc,heap     ] GC(717) Humongous regions: 5->5
[2024-08-15T13:26:40.432+0000][3496.377s][info][gc,metaspace] GC(717) Metaspace: 440033K(446400K)->440033K(446400K) NonClass: 385064K(388672K)->385064K(388672K) Class: 54968K(57728K)->54968K(57728K)
[2024-08-15T13:26:40.432+0000][3496.377s][info][gc          ] GC(717) Pause Young (Normal) (G1 Evacuation Pause) 9665M->3155M(12288M) 114.203ms
[2024-08-15T13:26:40.433+0000][3496.377s][info][gc,cpu      ] GC(717) User=0.67s Sys=0.00s Real=0.11s
[2024-08-15T13:26:41.380+0000][3497.325s][info][gc,marking  ] GC(716) Concurrent Rebuild Remembered Sets 1578.660ms
[2024-08-15T13:26:41.380+0000][3497.325s][info][gc,start    ] GC(716) Pause Cleanup
[2024-08-15T13:26:41.381+0000][3497.326s][info][gc          ] GC(716) Pause Cleanup 3799M->3799M(12288M) 0.610ms
[2024-08-15T13:26:41.381+0000][3497.326s][info][gc,cpu      ] GC(716) User=0.00s Sys=0.00s Real=0.00s
[2024-08-15T13:26:41.381+0000][3497.326s][info][gc,marking  ] GC(716) Concurrent Cleanup for Next Mark
[2024-08-15T13:26:41.399+0000][3497.344s][info][gc,marking  ] GC(716) Concurrent Cleanup for Next Mark 17.823ms
[2024-08-15T13:26:41.399+0000][3497.344s][info][gc          ] GC(716) Concurrent Mark Cycle 4306.869ms
[2024-08-15T13:26:45.267+0000][3501.211s][info][gc,start    ] GC(718) Pause Young (Prepare Mixed) (G1 Evacuation Pause)
[2024-08-15T13:26:45.267+0000][3501.211s][info][gc,task     ] GC(718) Using 6 workers of 6 for evacuation
[2024-08-15T13:26:45.302+0000][3501.247s][info][gc,phases   ] GC(718)   Pre Evacuate Collection Set: 0.2ms
[2024-08-15T13:26:45.302+0000][3501.247s][info][gc,phases   ] GC(718)   Merge Heap Roots: 0.5ms
[2024-08-15T13:26:45.302+0000][3501.247s][info][gc,phases   ] GC(718)   Evacuate Collection Set: 32.2ms
[2024-08-15T13:26:45.302+0000][3501.247s][info][gc,phases   ] GC(718)   Post Evacuate Collection Set: 2.3ms
[2024-08-15T13:26:45.302+0000][3501.247s][info][gc,phases   ] GC(718)   Other: 0.2ms
[2024-08-15T13:26:45.302+0000][3501.247s][info][gc,heap     ] GC(718) Eden regions: 812->0(65)
[2024-08-15T13:26:45.302+0000][3501.247s][info][gc,heap     ] GC(718) Survivor regions: 20->11(104)
[2024-08-15T13:26:45.302+0000][3501.247s][info][gc,heap     ] GC(718) Old regions: 369->369
[2024-08-15T13:26:45.302+0000][3501.247s][info][gc,heap     ] GC(718) Archive regions: 2->2
[2024-08-15T13:26:45.302+0000][3501.247s][info][gc,heap     ] GC(718) Humongous regions: 5->5
[2024-08-15T13:26:45.302+0000][3501.247s][info][gc,metaspace] GC(718) Metaspace: 440033K(446400K)->440033K(446400K) NonClass: 385064K(388672K)->385064K(388672K) Class: 54968K(57728K)->54968K(57728K)
[2024-08-15T13:26:45.302+0000][3501.247s][info][gc          ] GC(718) Pause Young (Prepare Mixed) (G1 Evacuation Pause) 9651M->3079M(12288M) 35.413ms
[2024-08-15T13:26:45.302+0000][3501.247s][info][gc,cpu      ] GC(718) User=0.21s Sys=0.00s Real=0.03s
[2024-08-15T13:26:46.008+0000][3501.953s][info][gc,start    ] GC(719) Pause Young (Mixed) (G1 Evacuation Pause)
[2024-08-15T13:26:46.008+0000][3501.953s][info][gc,task     ] GC(719) Using 6 workers of 6 for evacuation
[2024-08-15T13:26:46.082+0000][3502.026s][info][gc,phases   ] GC(719)   Pre Evacuate Collection Set: 0.2ms
[2024-08-15T13:26:46.082+0000][3502.026s][info][gc,phases   ] GC(719)   Merge Heap Roots: 0.4ms
[2024-08-15T13:26:46.082+0000][3502.026s][info][gc,phases   ] GC(719)   Evacuate Collection Set: 70.8ms
[2024-08-15T13:26:46.082+0000][3502.026s][info][gc,phases   ] GC(719)   Post Evacuate Collection Set: 1.8ms
[2024-08-15T13:26:46.082+0000][3502.026s][info][gc,phases   ] GC(719)   Other: 0.2ms
[2024-08-15T13:26:46.082+0000][3502.026s][info][gc,heap     ] GC(719) Eden regions: 65->0(838)
[2024-08-15T13:26:46.082+0000][3502.026s][info][gc,heap     ] GC(719) Survivor regions: 11->6(10)
[2024-08-15T13:26:46.082+0000][3502.026s][info][gc,heap     ] GC(719) Old regions: 369->362
[2024-08-15T13:26:46.082+0000][3502.026s][info][gc,heap     ] GC(719) Archive regions: 2->2
[2024-08-15T13:26:46.082+0000][3502.026s][info][gc,heap     ] GC(719) Humongous regions: 5->5
[2024-08-15T13:26:46.082+0000][3502.026s][info][gc,metaspace] GC(719) Metaspace: 440033K(446400K)->440033K(446400K) NonClass: 385064K(388672K)->385064K(388672K) Class: 54968K(57728K)->54968K(57728K)
[2024-08-15T13:26:46.082+0000][3502.026s][info][gc          ] GC(719) Pause Young (Mixed) (G1 Evacuation Pause) 3599M->2986M(12288M) 73.390ms
[2024-08-15T13:26:46.082+0000][3502.026s][info][gc,cpu      ] GC(719) User=0.44s Sys=0.00s Real=0.07s
[2024-08-15T13:26:55.006+0000][3510.951s][info][gc,start    ] GC(720) Pause Young (Normal) (G1 Evacuation Pause)
[2024-08-15T13:26:55.006+0000][3510.951s][info][gc,task     ] GC(720) Using 6 workers of 6 for evacuation
[2024-08-15T13:26:55.030+0000][3510.975s][info][gc,phases   ] GC(720)   Pre Evacuate Collection Set: 0.2ms
[2024-08-15T13:26:55.030+0000][3510.975s][info][gc,phases   ] GC(720)   Merge Heap Roots: 0.3ms
[2024-08-15T13:26:55.030+0000][3510.975s][info][gc,phases   ] GC(720)   Evacuate Collection Set: 21.3ms
[2024-08-15T13:26:55.030+0000][3510.975s][info][gc,phases   ] GC(720)   Post Evacuate Collection Set: 2.2ms
[2024-08-15T13:26:55.030+0000][3510.975s][info][gc,phases   ] GC(720)   Other: 0.2ms
[2024-08-15T13:26:55.030+0000][3510.975s][info][gc,heap     ] GC(720) Eden regions: 838->0(835)
[2024-08-15T13:26:55.030+0000][3510.975s][info][gc,heap     ] GC(720) Survivor regions: 6->9(106)
[2024-08-15T13:26:55.030+0000][3510.975s][info][gc,heap     ] GC(720) Old regions: 362->362
[2024-08-15T13:26:55.030+0000][3510.975s][info][gc,heap     ] GC(720) Archive regions: 2->2
[2024-08-15T13:26:55.030+0000][3510.975s][info][gc,heap     ] GC(720) Humongous regions: 5->5
[2024-08-15T13:26:55.030+0000][3510.975s][info][gc,metaspace] GC(720) Metaspace: 440033K(446400K)->440033K(446400K) NonClass: 385064K(388672K)->385064K(388672K) Class: 54968K(57728K)->54968K(57728K)
[2024-08-15T13:26:55.030+0000][3510.975s][info][gc          ] GC(720) Pause Young (Normal) (G1 Evacuation Pause) 9690M->3009M(12288M) 24.215ms
[2024-08-15T13:26:55.030+0000][3510.975s][info][gc,cpu      ] GC(720) User=0.14s Sys=0.00s Real=0.02s
[2024-08-15T13:27:03.917+0000][3519.862s][info][gc,start    ] GC(721) Pause Young (Normal) (G1 Evacuation Pause)
[2024-08-15T13:27:03.917+0000][3519.862s][info][gc,task     ] GC(721) Using 6 workers of 6 for evacuation
[2024-08-15T13:27:03.946+0000][3519.891s][info][gc,phases   ] GC(721)   Pre Evacuate Collection Set: 0.2ms
[2024-08-15T13:27:03.946+0000][3519.891s][info][gc,phases   ] GC(721)   Merge Heap Roots: 0.3ms
[2024-08-15T13:27:03.946+0000][3519.891s][info][gc,phases   ] GC(721)   Evacuate Collection Set: 26.2ms
[2024-08-15T13:27:03.947+0000][3519.891s][info][gc,phases   ] GC(721)   Post Evacuate Collection Set: 2.2ms
[2024-08-15T13:27:03.947+0000][3519.891s][info][gc,phases   ] GC(721)   Other: 0.2ms
[2024-08-15T13:27:03.947+0000][3519.891s][info][gc,heap     ] GC(721) Eden regions: 835->0(835)
[2024-08-15T13:27:03.947+0000][3519.891s][info][gc,heap     ] GC(721) Survivor regions: 9->10(106)
[2024-08-15T13:27:03.947+0000][3519.891s][info][gc,heap     ] GC(721) Old regions: 362->362
[2024-08-15T13:27:03.947+0000][3519.891s][info][gc,heap     ] GC(721) Archive regions: 2->2
[2024-08-15T13:27:03.947+0000][3519.891s][info][gc,heap     ] GC(721) Humongous regions: 5->5
[2024-08-15T13:27:03.947+0000][3519.891s][info][gc,metaspace] GC(721) Metaspace: 440033K(446400K)->440033K(446400K) NonClass: 385064K(388672K)->385064K(388672K) Class: 54968K(57728K)->54968K(57728K)
[2024-08-15T13:27:03.947+0000][3519.891s][info][gc          ] GC(721) Pause Young (Normal) (G1 Evacuation Pause) 9689M->3018M(12288M) 29.135ms
[2024-08-15T13:27:03.947+0000][3519.891s][info][gc,cpu      ] GC(721) User=0.17s Sys=0.00s Real=0.03s
[2024-08-15T13:27:13.060+0000][3529.005s][info][gc,start    ] GC(722) Pause Young (Concurrent Start) (G1 Evacuation Pause)
[2024-08-15T13:27:13.060+0000][3529.005s][info][gc,task     ] GC(722) Using 6 workers of 6 for evacuation
[2024-08-15T13:27:13.095+0000][3529.040s][info][gc,phases   ] GC(722)   Pre Evacuate Collection Set: 0.6ms
[2024-08-15T13:27:13.095+0000][3529.040s][info][gc,phases   ] GC(722)   Merge Heap Roots: 0.3ms
[2024-08-15T13:27:13.095+0000][3529.040s][info][gc,phases   ] GC(722)   Evacuate Collection Set: 31.8ms
[2024-08-15T13:27:13.095+0000][3529.040s][info][gc,phases   ] GC(722)   Post Evacuate Collection Set: 2.3ms
[2024-08-15T13:27:13.095+0000][3529.040s][info][gc,phases   ] GC(722)   Other: 0.3ms
[2024-08-15T13:27:13.095+0000][3529.040s][info][gc,heap     ] GC(722) Eden regions: 835->0(831)
[2024-08-15T13:27:13.095+0000][3529.040s][info][gc,heap     ] GC(722) Survivor regions: 10->14(106)
[2024-08-15T13:27:13.095+0000][3529.040s][info][gc,heap     ] GC(722) Old regions: 362->362
[2024-08-15T13:27:13.095+0000][3529.040s][info][gc,heap     ] GC(722) Archive regions: 2->2
[2024-08-15T13:27:13.095+0000][3529.040s][info][gc,heap     ] GC(722) Humongous regions: 5->5
[2024-08-15T13:27:13.095+0000][3529.040s][info][gc,metaspace] GC(722) Metaspace: 440034K(446400K)->440034K(446400K) NonClass: 385065K(388672K)->385065K(388672K) Class: 54968K(57728K)->54968K(57728K)
[2024-08-15T13:27:13.095+0000][3529.040s][info][gc          ] GC(722) Pause Young (Concurrent Start) (G1 Evacuation Pause) 9698M->3050M(12288M) 35.270ms
[2024-08-15T13:27:13.095+0000][3529.040s][info][gc,cpu      ] GC(722) User=0.20s Sys=0.00s Real=0.04s
[2024-08-15T13:27:13.095+0000][3529.040s][info][gc          ] GC(723) Concurrent Mark Cycle
[2024-08-15T13:27:13.095+0000][3529.040s][info][gc,marking  ] GC(723) Concurrent Clear Claimed Marks
[2024-08-15T13:27:13.096+0000][3529.040s][info][gc,marking  ] GC(723) Concurrent Clear Claimed Marks 0.419ms
[2024-08-15T13:27:13.096+0000][3529.040s][info][gc,marking  ] GC(723) Concurrent Scan Root Regions
[2024-08-15T13:27:13.128+0000][3529.073s][info][gc,marking  ] GC(723) Concurrent Scan Root Regions 32.564ms
[2024-08-15T13:27:13.128+0000][3529.073s][info][gc,marking  ] GC(723) Concurrent Mark
[2024-08-15T13:27:13.128+0000][3529.073s][info][gc,marking  ] GC(723) Concurrent Mark From Roots
[2024-08-15T13:27:13.128+0000][3529.073s][info][gc,task     ] GC(723) Using 2 workers of 2 for marking
[2024-08-15T13:27:15.573+0000][3531.518s][info][gc,marking  ] GC(723) Concurrent Mark From Roots 2444.717ms
[2024-08-15T13:27:15.573+0000][3531.518s][info][gc,marking  ] GC(723) Concurrent Preclean
[2024-08-15T13:27:15.574+0000][3531.519s][info][gc,marking  ] GC(723) Concurrent Preclean 1.409ms
[2024-08-15T13:27:15.575+0000][3531.519s][info][gc,start    ] GC(723) Pause Remark
[2024-08-15T13:27:15.598+0000][3531.543s][info][gc          ] GC(723) Pause Remark 4749M->4749M(12288M) 23.211ms
[2024-08-15T13:27:15.598+0000][3531.543s][info][gc,cpu      ] GC(723) User=0.09s Sys=0.01s Real=0.03s
[2024-08-15T13:27:15.598+0000][3531.543s][info][gc,marking  ] GC(723) Concurrent Mark 2469.756ms
[2024-08-15T13:27:15.598+0000][3531.543s][info][gc,marking  ] GC(723) Concurrent Rebuild Remembered Sets
[2024-08-15T13:27:16.915+0000][3532.860s][info][gc,marking  ] GC(723) Concurrent Rebuild Remembered Sets 1316.794ms
[2024-08-15T13:27:16.915+0000][3532.860s][info][gc,start    ] GC(723) Pause Cleanup
[2024-08-15T13:27:16.916+0000][3532.860s][info][gc          ] GC(723) Pause Cleanup 5686M->5686M(12288M) 0.619ms
[2024-08-15T13:27:16.916+0000][3532.860s][info][gc,cpu      ] GC(723) User=0.00s Sys=0.01s Real=0.00s
[2024-08-15T13:27:16.916+0000][3532.860s][info][gc,marking  ] GC(723) Concurrent Cleanup for Next Mark
[2024-08-15T13:27:16.944+0000][3532.889s][info][gc,marking  ] GC(723) Concurrent Cleanup for Next Mark 28.400ms
[2024-08-15T13:27:16.944+0000][3532.889s][info][gc          ] GC(723) Concurrent Mark Cycle 3849.071ms
[2024-08-15T13:27:22.335+0000][3538.279s][info][gc,start    ] GC(724) Pause Young (Prepare Mixed) (G1 Evacuation Pause)
[2024-08-15T13:27:22.335+0000][3538.279s][info][gc,task     ] GC(724) Using 6 workers of 6 for evacuation
[2024-08-15T13:27:22.371+0000][3538.316s][info][gc,phases   ] GC(724)   Pre Evacuate Collection Set: 0.2ms
[2024-08-15T13:27:22.371+0000][3538.316s][info][gc,phases   ] GC(724)   Merge Heap Roots: 0.4ms
[2024-08-15T13:27:22.371+0000][3538.316s][info][gc,phases   ] GC(724)   Evacuate Collection Set: 33.8ms
[2024-08-15T13:27:22.371+0000][3538.316s][info][gc,phases   ] GC(724)   Post Evacuate Collection Set: 2.3ms
[2024-08-15T13:27:22.371+0000][3538.316s][info][gc,phases   ] GC(724)   Other: 0.2ms
[2024-08-15T13:27:22.371+0000][3538.316s][info][gc,heap     ] GC(724) Eden regions: 831->0(59)
[2024-08-15T13:27:22.371+0000][3538.316s][info][gc,heap     ] GC(724) Survivor regions: 14->17(106)
[2024-08-15T13:27:22.371+0000][3538.316s][info][gc,heap     ] GC(724) Old regions: 362->362
[2024-08-15T13:27:22.371+0000][3538.316s][info][gc,heap     ] GC(724) Archive regions: 2->2
[2024-08-15T13:27:22.371+0000][3538.316s][info][gc,heap     ] GC(724) Humongous regions: 5->5
[2024-08-15T13:27:22.371+0000][3538.316s][info][gc,metaspace] GC(724) Metaspace: 440034K(446400K)->440034K(446400K) NonClass: 385065K(388672K)->385065K(388672K) Class: 54968K(57728K)->54968K(57728K)
[2024-08-15T13:27:22.371+0000][3538.316s][info][gc          ] GC(724) Pause Young (Prepare Mixed) (G1 Evacuation Pause) 9698M->3069M(12288M) 36.899ms
[2024-08-15T13:27:22.371+0000][3538.316s][info][gc,cpu      ] GC(724) User=0.22s Sys=0.00s Real=0.04s
[2024-08-15T13:27:22.994+0000][3538.939s][info][gc,start    ] GC(725) Pause Young (Mixed) (G1 Evacuation Pause)
[2024-08-15T13:27:22.994+0000][3538.939s][info][gc,task     ] GC(725) Using 6 workers of 6 for evacuation
[2024-08-15T13:27:23.072+0000][3539.016s][info][gc,phases   ] GC(725)   Pre Evacuate Collection Set: 0.2ms
[2024-08-15T13:27:23.072+0000][3539.017s][info][gc,phases   ] GC(725)   Merge Heap Roots: 0.3ms
[2024-08-15T13:27:23.072+0000][3539.017s][info][gc,phases   ] GC(725)   Evacuate Collection Set: 75.5ms
[2024-08-15T13:27:23.072+0000][3539.017s][info][gc,phases   ] GC(725)   Post Evacuate Collection Set: 1.7ms
[2024-08-15T13:27:23.072+0000][3539.017s][info][gc,phases   ] GC(725)   Other: 0.2ms
[2024-08-15T13:27:23.072+0000][3539.017s][info][gc,heap     ] GC(725) Eden regions: 59->0(837)
[2024-08-15T13:27:23.072+0000][3539.017s][info][gc,heap     ] GC(725) Survivor regions: 17->6(10)
[2024-08-15T13:27:23.072+0000][3539.017s][info][gc,heap     ] GC(725) Old regions: 362->364
[2024-08-15T13:27:23.072+0000][3539.017s][info][gc,heap     ] GC(725) Archive regions: 2->2
[2024-08-15T13:27:23.072+0000][3539.017s][info][gc,heap     ] GC(725) Humongous regions: 5->5
[2024-08-15T13:27:23.072+0000][3539.017s][info][gc,metaspace] GC(725) Metaspace: 440034K(446400K)->440034K(446400K) NonClass: 385065K(388672K)->385065K(388672K) Class: 54968K(57728K)->54968K(57728K)
[2024-08-15T13:27:23.072+0000][3539.017s][info][gc          ] GC(725) Pause Young (Mixed) (G1 Evacuation Pause) 3541M->2993M(12288M) 78.018ms
[2024-08-15T13:27:23.072+0000][3539.017s][info][gc,cpu      ] GC(725) User=0.47s Sys=0.00s Real=0.08s
[2024-08-15T13:27:26.473+0000][3542.418s][info][gc,start    ] GC(726) Pause Young (Normal) (G1 Evacuation Pause)
[2024-08-15T13:27:26.473+0000][3542.418s][info][gc,task     ] GC(726) Using 6 workers of 6 for evacuation
[2024-08-15T13:27:26.537+0000][3542.482s][info][gc,phases   ] GC(726)   Pre Evacuate Collection Set: 0.2ms
[2024-08-15T13:27:26.537+0000][3542.482s][info][gc,phases   ] GC(726)   Merge Heap Roots: 0.2ms
[2024-08-15T13:27:26.537+0000][3542.482s][info][gc,phases   ] GC(726)   Evacuate Collection Set: 48.2ms
[2024-08-15T13:27:26.537+0000][3542.482s][info][gc,phases   ] GC(726)   Post Evacuate Collection Set: 15.7ms
[2024-08-15T13:27:26.537+0000][3542.482s][info][gc,phases   ] GC(726)   Other: 0.2ms
[2024-08-15T13:27:26.537+0000][3542.482s][info][gc,heap     ] GC(726) Eden regions: 837->0(830)
[2024-08-15T13:27:26.537+0000][3542.482s][info][gc,heap     ] GC(726) Survivor regions: 6->11(106)
[2024-08-15T13:27:26.537+0000][3542.482s][info][gc,heap     ] GC(726) Old regions: 364->364
[2024-08-15T13:27:26.537+0000][3542.482s][info][gc,heap     ] GC(726) Archive regions: 2->2
[2024-08-15T13:27:26.537+0000][3542.482s][info][gc,heap     ] GC(726) Humongous regions: 5->5
[2024-08-15T13:27:26.537+0000][3542.482s][info][gc,metaspace] GC(726) Metaspace: 440034K(446400K)->440034K(446400K) NonClass: 385065K(388672K)->385065K(388672K) Class: 54968K(57728K)->54968K(57728K)
[2024-08-15T13:27:26.537+0000][3542.482s][info][gc          ] GC(726) Pause Young (Normal) (G1 Evacuation Pause) 9689M->3031M(12288M) 64.526ms
[2024-08-15T13:27:26.538+0000][3542.482s][info][gc,cpu      ] GC(726) User=0.37s Sys=0.00s Real=0.07s
[2024-08-15T13:27:29.129+0000][3545.074s][info][gc,start    ] GC(727) Pause Young (Normal) (G1 Evacuation Pause)
[2024-08-15T13:27:29.129+0000][3545.074s][info][gc,task     ] GC(727) Using 6 workers of 6 for evacuation
[2024-08-15T13:27:29.216+0000][3545.160s][info][gc,phases   ] GC(727)   Pre Evacuate Collection Set: 0.2ms
[2024-08-15T13:27:29.216+0000][3545.160s][info][gc,phases   ] GC(727)   Merge Heap Roots: 0.3ms
[2024-08-15T13:27:29.216+0000][3545.160s][info][gc,phases   ] GC(727)   Evacuate Collection Set: 67.9ms
[2024-08-15T13:27:29.216+0000][3545.160s][info][gc,phases   ] GC(727)   Post Evacuate Collection Set: 18.4ms
[2024-08-15T13:27:29.216+0000][3545.160s][info][gc,phases   ] GC(727)   Other: 0.2ms
[2024-08-15T13:27:29.216+0000][3545.160s][info][gc,heap     ] GC(727) Eden regions: 830->0(824)
[2024-08-15T13:27:29.216+0000][3545.160s][info][gc,heap     ] GC(727) Survivor regions: 11->16(106)
[2024-08-15T13:27:29.216+0000][3545.160s][info][gc,heap     ] GC(727) Old regions: 364->364
[2024-08-15T13:27:29.216+0000][3545.160s][info][gc,heap     ] GC(727) Archive regions: 2->2
[2024-08-15T13:27:29.216+0000][3545.160s][info][gc,heap     ] GC(727) Humongous regions: 5->5
[2024-08-15T13:27:29.216+0000][3545.161s][info][gc,metaspace] GC(727) Metaspace: 440034K(446400K)->440034K(446400K) NonClass: 385065K(388672K)->385065K(388672K) Class: 54968K(57728K)->54968K(57728K)
[2024-08-15T13:27:29.216+0000][3545.161s][info][gc          ] GC(727) Pause Young (Normal) (G1 Evacuation Pause) 9671M->3072M(12288M) 86.955ms
[2024-08-15T13:27:29.216+0000][3545.161s][info][gc,cpu      ] GC(727) User=0.50s Sys=0.00s Real=0.09s
[2024-08-15T13:27:31.662+0000][3547.607s][info][gc,start    ] GC(728) Pause Young (Concurrent Start) (G1 Evacuation Pause)
[2024-08-15T13:27:31.662+0000][3547.607s][info][gc,task     ] GC(728) Using 6 workers of 6 for evacuation
[2024-08-15T13:27:31.788+0000][3547.733s][info][gc,phases   ] GC(728)   Pre Evacuate Collection Set: 0.6ms
[2024-08-15T13:27:31.788+0000][3547.733s][info][gc,phases   ] GC(728)   Merge Heap Roots: 0.3ms
[2024-08-15T13:27:31.788+0000][3547.733s][info][gc,phases   ] GC(728)   Evacuate Collection Set: 97.6ms
[2024-08-15T13:27:31.788+0000][3547.733s][info][gc,phases   ] GC(728)   Post Evacuate Collection Set: 27.4ms
[2024-08-15T13:27:31.788+0000][3547.733s][info][gc,phases   ] GC(728)   Other: 0.3ms
[2024-08-15T13:27:31.788+0000][3547.733s][info][gc,heap     ] GC(728) Eden regions: 824->0(817)
[2024-08-15T13:27:31.788+0000][3547.733s][info][gc,heap     ] GC(728) Survivor regions: 16->20(105)
[2024-08-15T13:27:31.788+0000][3547.733s][info][gc,heap     ] GC(728) Old regions: 364->364
[2024-08-15T13:27:31.788+0000][3547.733s][info][gc,heap     ] GC(728) Archive regions: 2->2
[2024-08-15T13:27:31.788+0000][3547.733s][info][gc,heap     ] GC(728) Humongous regions: 5->5
[2024-08-15T13:27:31.788+0000][3547.733s][info][gc,metaspace] GC(728) Metaspace: 440034K(446400K)->440034K(446400K) NonClass: 385065K(388672K)->385065K(388672K) Class: 54968K(57728K)->54968K(57728K)
[2024-08-15T13:27:31.788+0000][3547.733s][info][gc          ] GC(728) Pause Young (Concurrent Start) (G1 Evacuation Pause) 9664M->3105M(12288M) 126.219ms
[2024-08-15T13:27:31.788+0000][3547.733s][info][gc,cpu      ] GC(728) User=0.74s Sys=0.00s Real=0.13s
[2024-08-15T13:27:31.788+0000][3547.733s][info][gc          ] GC(729) Concurrent Mark Cycle
[2024-08-15T13:27:31.788+0000][3547.733s][info][gc,marking  ] GC(729) Concurrent Clear Claimed Marks
[2024-08-15T13:27:31.789+0000][3547.733s][info][gc,marking  ] GC(729) Concurrent Clear Claimed Marks 0.443ms
[2024-08-15T13:27:31.789+0000][3547.734s][info][gc,marking  ] GC(729) Concurrent Scan Root Regions
[2024-08-15T13:27:31.875+0000][3547.820s][info][gc,marking  ] GC(729) Concurrent Scan Root Regions 86.476ms
[2024-08-15T13:27:31.875+0000][3547.820s][info][gc,marking  ] GC(729) Concurrent Mark
[2024-08-15T13:27:31.875+0000][3547.820s][info][gc,marking  ] GC(729) Concurrent Mark From Roots
[2024-08-15T13:27:31.875+0000][3547.820s][info][gc,task     ] GC(729) Using 2 workers of 2 for marking
[2024-08-15T13:27:34.338+0000][3550.283s][info][gc,marking  ] GC(729) Concurrent Mark From Roots 2463.041ms
[2024-08-15T13:27:34.339+0000][3550.283s][info][gc,marking  ] GC(729) Concurrent Preclean
[2024-08-15T13:27:34.340+0000][3550.284s][info][gc,marking  ] GC(729) Concurrent Preclean 1.357ms
[2024-08-15T13:27:34.340+0000][3550.285s][info][gc,start    ] GC(729) Pause Remark
[2024-08-15T13:27:34.363+0000][3550.308s][info][gc          ] GC(729) Pause Remark 8769M->8769M(12288M) 23.182ms
[2024-08-15T13:27:34.363+0000][3550.308s][info][gc,cpu      ] GC(729) User=0.10s Sys=0.00s Real=0.03s
[2024-08-15T13:27:34.363+0000][3550.308s][info][gc,marking  ] GC(729) Concurrent Mark 2488.049ms
[2024-08-15T13:27:34.363+0000][3550.308s][info][gc,marking  ] GC(729) Concurrent Rebuild Remembered Sets
[2024-08-15T13:27:34.696+0000][3550.640s][info][gc,start    ] GC(730) Pause Young (Normal) (G1 Evacuation Pause)
[2024-08-15T13:27:34.696+0000][3550.640s][info][gc,task     ] GC(730) Using 6 workers of 6 for evacuation
[2024-08-15T13:27:34.837+0000][3550.782s][info][gc,phases   ] GC(730)   Pre Evacuate Collection Set: 0.2ms
[2024-08-15T13:27:34.838+0000][3550.782s][info][gc,phases   ] GC(730)   Merge Heap Roots: 0.4ms
[2024-08-15T13:27:34.838+0000][3550.782s][info][gc,phases   ] GC(730)   Evacuate Collection Set: 114.8ms
[2024-08-15T13:27:34.838+0000][3550.782s][info][gc,phases   ] GC(730)   Post Evacuate Collection Set: 26.4ms
[2024-08-15T13:27:34.838+0000][3550.782s][info][gc,phases   ] GC(730)   Other: 0.2ms
[2024-08-15T13:27:34.838+0000][3550.782s][info][gc,heap     ] GC(730) Eden regions: 817->0(805)
[2024-08-15T13:27:34.838+0000][3550.782s][info][gc,heap     ] GC(730) Survivor regions: 20->26(105)
[2024-08-15T13:27:34.838+0000][3550.782s][info][gc,heap     ] GC(730) Old regions: 364->364
[2024-08-15T13:27:34.838+0000][3550.782s][info][gc,heap     ] GC(730) Archive regions: 2->2
[2024-08-15T13:27:34.838+0000][3550.782s][info][gc,heap     ] GC(730) Humongous regions: 5->5
[2024-08-15T13:27:34.838+0000][3550.782s][info][gc,metaspace] GC(730) Metaspace: 440038K(446400K)->440038K(446400K) NonClass: 385070K(388672K)->385070K(388672K) Class: 54968K(57728K)->54968K(57728K)
[2024-08-15T13:27:34.838+0000][3550.782s][info][gc          ] GC(730) Pause Young (Normal) (G1 Evacuation Pause) 9641M->3154M(12288M) 142.035ms
[2024-08-15T13:27:34.838+0000][3550.782s][info][gc,cpu      ] GC(730) User=0.83s Sys=0.00s Real=0.14s
[2024-08-15T13:27:35.843+0000][3551.788s][info][gc,marking  ] GC(729) Concurrent Rebuild Remembered Sets 1479.585ms
[2024-08-15T13:27:35.843+0000][3551.788s][info][gc,start    ] GC(729) Pause Cleanup
[2024-08-15T13:27:35.844+0000][3551.789s][info][gc          ] GC(729) Pause Cleanup 5418M->5418M(12288M) 0.644ms
[2024-08-15T13:27:35.844+0000][3551.789s][info][gc,cpu      ] GC(729) User=0.00s Sys=0.00s Real=0.00s
[2024-08-15T13:27:35.844+0000][3551.789s][info][gc,marking  ] GC(729) Concurrent Cleanup for Next Mark
[2024-08-15T13:27:35.861+0000][3551.806s][info][gc,marking  ] GC(729) Concurrent Cleanup for Next Mark 16.977ms
[2024-08-15T13:27:35.861+0000][3551.806s][info][gc          ] GC(729) Concurrent Mark Cycle 4072.679ms
[2024-08-15T13:27:37.206+0000][3553.151s][info][gc,start    ] GC(731) Pause Young (Prepare Mixed) (G1 Evacuation Pause)
[2024-08-15T13:27:37.206+0000][3553.151s][info][gc,task     ] GC(731) Using 6 workers of 6 for evacuation
[2024-08-15T13:27:37.367+0000][3553.311s][info][gc,phases   ] GC(731)   Pre Evacuate Collection Set: 0.2ms
[2024-08-15T13:27:37.367+0000][3553.311s][info][gc,phases   ] GC(731)   Merge Heap Roots: 0.7ms
[2024-08-15T13:27:37.367+0000][3553.311s][info][gc,phases   ] GC(731)   Evacuate Collection Set: 133.3ms
[2024-08-15T13:27:37.367+0000][3553.311s][info][gc,phases   ] GC(731)   Post Evacuate Collection Set: 25.8ms
[2024-08-15T13:27:37.367+0000][3553.311s][info][gc,phases   ] GC(731)   Other: 0.2ms
[2024-08-15T13:27:37.367+0000][3553.311s][info][gc,heap     ] GC(731) Eden regions: 805->0(46)
[2024-08-15T13:27:37.367+0000][3553.311s][info][gc,heap     ] GC(731) Survivor regions: 26->30(104)
[2024-08-15T13:27:37.367+0000][3553.311s][info][gc,heap     ] GC(731) Old regions: 364->364
[2024-08-15T13:27:37.367+0000][3553.311s][info][gc,heap     ] GC(731) Archive regions: 2->2
[2024-08-15T13:27:37.367+0000][3553.311s][info][gc,heap     ] GC(731) Humongous regions: 5->5
[2024-08-15T13:27:37.367+0000][3553.311s][info][gc,metaspace] GC(731) Metaspace: 440038K(446400K)->440038K(446400K) NonClass: 385070K(388672K)->385070K(388672K) Class: 54968K(57728K)->54968K(57728K)
[2024-08-15T13:27:37.367+0000][3553.311s][info][gc          ] GC(731) Pause Young (Prepare Mixed) (G1 Evacuation Pause) 9594M->3190M(12288M) 160.215ms
[2024-08-15T13:27:37.367+0000][3553.311s][info][gc,cpu      ] GC(731) User=0.93s Sys=0.00s Real=0.16s
[2024-08-15T13:27:37.507+0000][3553.452s][info][gc,start    ] GC(732) Pause Young (Mixed) (G1 Evacuation Pause)
[2024-08-15T13:27:37.507+0000][3553.452s][info][gc,task     ] GC(732) Using 6 workers of 6 for evacuation
[2024-08-15T13:27:37.649+0000][3553.593s][info][gc,phases   ] GC(732)   Pre Evacuate Collection Set: 0.2ms
[2024-08-15T13:27:37.649+0000][3553.593s][info][gc,phases   ] GC(732)   Merge Heap Roots: 0.4ms
[2024-08-15T13:27:37.649+0000][3553.593s][info][gc,phases   ] GC(732)   Evacuate Collection Set: 137.9ms
[2024-08-15T13:27:37.649+0000][3553.593s][info][gc,phases   ] GC(732)   Post Evacuate Collection Set: 3.0ms
[2024-08-15T13:27:37.649+0000][3553.593s][info][gc,phases   ] GC(732)   Other: 0.2ms
[2024-08-15T13:27:37.649+0000][3553.593s][info][gc,heap     ] GC(732) Eden regions: 46->0(820)
[2024-08-15T13:27:37.649+0000][3553.593s][info][gc,heap     ] GC(732) Survivor regions: 30->3(10)
[2024-08-15T13:27:37.649+0000][3553.593s][info][gc,heap     ] GC(732) Old regions: 364->380
[2024-08-15T13:27:37.649+0000][3553.593s][info][gc,heap     ] GC(732) Archive regions: 2->2
[2024-08-15T13:27:37.649+0000][3553.593s][info][gc,heap     ] GC(732) Humongous regions: 5->5
[2024-08-15T13:27:37.649+0000][3553.593s][info][gc,metaspace] GC(732) Metaspace: 440038K(446400K)->440038K(446400K) NonClass: 385070K(388672K)->385070K(388672K) Class: 54968K(57728K)->54968K(57728K)
[2024-08-15T13:27:37.649+0000][3553.593s][info][gc          ] GC(732) Pause Young (Mixed) (G1 Evacuation Pause) 3558M->3108M(12288M) 141.732ms
[2024-08-15T13:27:37.649+0000][3553.593s][info][gc,cpu      ] GC(732) User=0.84s Sys=0.00s Real=0.14s
[2024-08-15T13:27:39.996+0000][3555.941s][info][gc,start    ] GC(733) Pause Young (Normal) (G1 Evacuation Pause)
[2024-08-15T13:27:39.996+0000][3555.941s][info][gc,task     ] GC(733) Using 6 workers of 6 for evacuation
[2024-08-15T13:27:40.066+0000][3556.011s][info][gc,phases   ] GC(733)   Pre Evacuate Collection Set: 0.2ms
[2024-08-15T13:27:40.066+0000][3556.011s][info][gc,phases   ] GC(733)   Merge Heap Roots: 0.2ms
[2024-08-15T13:27:40.066+0000][3556.011s][info][gc,phases   ] GC(733)   Evacuate Collection Set: 51.5ms
[2024-08-15T13:27:40.066+0000][3556.011s][info][gc,phases   ] GC(733)   Post Evacuate Collection Set: 18.2ms
[2024-08-15T13:27:40.066+0000][3556.011s][info][gc,phases   ] GC(733)   Other: 0.2ms
[2024-08-15T13:27:40.066+0000][3556.011s][info][gc,heap     ] GC(733) Eden regions: 820->0(816)
[2024-08-15T13:27:40.066+0000][3556.011s][info][gc,heap     ] GC(733) Survivor regions: 3->7(103)
[2024-08-15T13:27:40.066+0000][3556.011s][info][gc,heap     ] GC(733) Old regions: 380->380
[2024-08-15T13:27:40.066+0000][3556.011s][info][gc,heap     ] GC(733) Archive regions: 2->2
[2024-08-15T13:27:40.066+0000][3556.011s][info][gc,heap     ] GC(733) Humongous regions: 5->5
[2024-08-15T13:27:40.066+0000][3556.011s][info][gc,metaspace] GC(733) Metaspace: 440042K(446400K)->440042K(446400K) NonClass: 385073K(388672K)->385073K(388672K) Class: 54968K(57728K)->54968K(57728K)
[2024-08-15T13:27:40.066+0000][3556.011s][info][gc          ] GC(733) Pause Young (Normal) (G1 Evacuation Pause) 9668M->3134M(12288M) 70.356ms
[2024-08-15T13:27:40.066+0000][3556.011s][info][gc,cpu      ] GC(733) User=0.41s Sys=0.00s Real=0.07s
[2024-08-15T13:27:42.560+0000][3558.504s][info][gc,start    ] GC(734) Pause Young (Normal) (G1 Evacuation Pause)
[2024-08-15T13:27:42.560+0000][3558.504s][info][gc,task     ] GC(734) Using 6 workers of 6 for evacuation
[2024-08-15T13:27:42.651+0000][3558.596s][info][gc,phases   ] GC(734)   Pre Evacuate Collection Set: 0.2ms
[2024-08-15T13:27:42.651+0000][3558.596s][info][gc,phases   ] GC(734)   Merge Heap Roots: 0.3ms
[2024-08-15T13:27:42.651+0000][3558.596s][info][gc,phases   ] GC(734)   Evacuate Collection Set: 70.6ms
[2024-08-15T13:27:42.651+0000][3558.596s][info][gc,phases   ] GC(734)   Post Evacuate Collection Set: 20.2ms
[2024-08-15T13:27:42.651+0000][3558.596s][info][gc,phases   ] GC(734)   Other: 0.2ms
[2024-08-15T13:27:42.651+0000][3558.596s][info][gc,heap     ] GC(734) Eden regions: 816->0(813)
[2024-08-15T13:27:42.651+0000][3558.596s][info][gc,heap     ] GC(734) Survivor regions: 7->11(103)
[2024-08-15T13:27:42.651+0000][3558.596s][info][gc,heap     ] GC(734) Old regions: 380->380
[2024-08-15T13:27:42.651+0000][3558.596s][info][gc,heap     ] GC(734) Archive regions: 2->2
[2024-08-15T13:27:42.651+0000][3558.596s][info][gc,heap     ] GC(734) Humongous regions: 5->5
[2024-08-15T13:27:42.651+0000][3558.596s][info][gc,metaspace] GC(734) Metaspace: 440042K(446400K)->440042K(446400K) NonClass: 385073K(388672K)->385073K(388672K) Class: 54968K(57728K)->54968K(57728K)
[2024-08-15T13:27:42.651+0000][3558.596s][info][gc          ] GC(734) Pause Young (Normal) (G1 Evacuation Pause) 9662M->3172M(12288M) 91.559ms
[2024-08-15T13:27:42.651+0000][3558.596s][info][gc,cpu      ] GC(734) User=0.53s Sys=0.00s Real=0.09s
[2024-08-15T13:27:45.368+0000][3561.312s][info][gc,start    ] GC(735) Pause Young (Concurrent Start) (G1 Evacuation Pause)
[2024-08-15T13:27:45.368+0000][3561.312s][info][gc,task     ] GC(735) Using 6 workers of 6 for evacuation
[2024-08-15T13:27:45.465+0000][3561.409s][info][gc,phases   ] GC(735)   Pre Evacuate Collection Set: 0.6ms
[2024-08-15T13:27:45.465+0000][3561.409s][info][gc,phases   ] GC(735)   Merge Heap Roots: 0.3ms
[2024-08-15T13:27:45.465+0000][3561.409s][info][gc,phases   ] GC(735)   Evacuate Collection Set: 78.6ms
[2024-08-15T13:27:45.465+0000][3561.409s][info][gc,phases   ] GC(735)   Post Evacuate Collection Set: 17.5ms
[2024-08-15T13:27:45.465+0000][3561.409s][info][gc,phases   ] GC(735)   Other: 0.3ms
[2024-08-15T13:27:45.465+0000][3561.409s][info][gc,heap     ] GC(735) Eden regions: 813->0(808)
[2024-08-15T13:27:45.465+0000][3561.409s][info][gc,heap     ] GC(735) Survivor regions: 11->16(103)
[2024-08-15T13:27:45.465+0000][3561.409s][info][gc,heap     ] GC(735) Old regions: 380->380
[2024-08-15T13:27:45.465+0000][3561.409s][info][gc,heap     ] GC(735) Archive regions: 2->2
[2024-08-15T13:27:45.465+0000][3561.409s][info][gc,heap     ] GC(735) Humongous regions: 5->5
[2024-08-15T13:27:45.465+0000][3561.409s][info][gc,metaspace] GC(735) Metaspace: 440042K(446400K)->440042K(446400K) NonClass: 385073K(388672K)->385073K(388672K) Class: 54968K(57728K)->54968K(57728K)
[2024-08-15T13:27:45.465+0000][3561.410s][info][gc          ] GC(735) Pause Young (Concurrent Start) (G1 Evacuation Pause) 9676M->3209M(12288M) 97.297ms
[2024-08-15T13:27:45.465+0000][3561.410s][info][gc,cpu      ] GC(735) User=0.57s Sys=0.00s Real=0.10s
[2024-08-15T13:27:45.465+0000][3561.410s][info][gc          ] GC(736) Concurrent Mark Cycle
[2024-08-15T13:27:45.465+0000][3561.410s][info][gc,marking  ] GC(736) Concurrent Clear Claimed Marks
[2024-08-15T13:27:45.465+0000][3561.410s][info][gc,marking  ] GC(736) Concurrent Clear Claimed Marks 0.434ms
[2024-08-15T13:27:45.465+0000][3561.410s][info][gc,marking  ] GC(736) Concurrent Scan Root Regions
[2024-08-15T13:27:45.514+0000][3561.458s][info][gc,marking  ] GC(736) Concurrent Scan Root Regions 48.305ms
[2024-08-15T13:27:45.514+0000][3561.458s][info][gc,marking  ] GC(736) Concurrent Mark
[2024-08-15T13:27:45.514+0000][3561.458s][info][gc,marking  ] GC(736) Concurrent Mark From Roots
[2024-08-15T13:27:45.514+0000][3561.458s][info][gc,task     ] GC(736) Using 2 workers of 2 for marking
[2024-08-15T13:27:48.053+0000][3563.997s][info][gc,marking  ] GC(736) Concurrent Mark From Roots 2538.809ms
[2024-08-15T13:27:48.053+0000][3563.997s][info][gc,marking  ] GC(736) Concurrent Preclean
[2024-08-15T13:27:48.054+0000][3563.999s][info][gc,marking  ] GC(736) Concurrent Preclean 1.571ms
[2024-08-15T13:27:48.054+0000][3563.999s][info][gc,start    ] GC(736) Pause Remark
[2024-08-15T13:27:48.078+0000][3564.022s][info][gc          ] GC(736) Pause Remark 4985M->4985M(12288M) 23.407ms
[2024-08-15T13:27:48.078+0000][3564.023s][info][gc,cpu      ] GC(736) User=0.09s Sys=0.00s Real=0.03s
[2024-08-15T13:27:48.078+0000][3564.023s][info][gc,marking  ] GC(736) Concurrent Mark 2564.217ms
[2024-08-15T13:27:48.078+0000][3564.023s][info][gc,marking  ] GC(736) Concurrent Rebuild Remembered Sets
[2024-08-15T13:27:49.464+0000][3565.408s][info][gc,marking  ] GC(736) Concurrent Rebuild Remembered Sets 1385.800ms
[2024-08-15T13:27:49.464+0000][3565.409s][info][gc,start    ] GC(736) Pause Cleanup
[2024-08-15T13:27:49.465+0000][3565.409s][info][gc          ] GC(736) Pause Cleanup 5989M->5989M(12288M) 0.669ms
[2024-08-15T13:27:49.465+0000][3565.409s][info][gc,cpu      ] GC(736) User=0.01s Sys=0.00s Real=0.00s
[2024-08-15T13:27:49.465+0000][3565.409s][info][gc,marking  ] GC(736) Concurrent Cleanup for Next Mark
[2024-08-15T13:27:49.482+0000][3565.426s][info][gc,marking  ] GC(736) Concurrent Cleanup for Next Mark 16.986ms
[2024-08-15T13:27:49.482+0000][3565.426s][info][gc          ] GC(736) Concurrent Mark Cycle 4016.866ms
[2024-08-15T13:27:54.293+0000][3570.237s][info][gc,start    ] GC(737) Pause Young (Prepare Mixed) (G1 Evacuation Pause)
[2024-08-15T13:27:54.293+0000][3570.237s][info][gc,task     ] GC(737) Using 6 workers of 6 for evacuation
[2024-08-15T13:27:54.356+0000][3570.301s][info][gc,phases   ] GC(737)   Pre Evacuate Collection Set: 0.2ms
[2024-08-15T13:27:54.356+0000][3570.301s][info][gc,phases   ] GC(737)   Merge Heap Roots: 0.4ms
[2024-08-15T13:27:54.356+0000][3570.301s][info][gc,phases   ] GC(737)   Evacuate Collection Set: 60.1ms
[2024-08-15T13:27:54.356+0000][3570.301s][info][gc,phases   ] GC(737)   Post Evacuate Collection Set: 2.6ms
[2024-08-15T13:27:54.356+0000][3570.301s][info][gc,phases   ] GC(737)   Other: 0.2ms
[2024-08-15T13:27:54.356+0000][3570.301s][info][gc,heap     ] GC(737) Eden regions: 808->0(56)
[2024-08-15T13:27:54.356+0000][3570.301s][info][gc,heap     ] GC(737) Survivor regions: 16->20(103)
[2024-08-15T13:27:54.356+0000][3570.301s][info][gc,heap     ] GC(737) Old regions: 380->380
[2024-08-15T13:27:54.356+0000][3570.301s][info][gc,heap     ] GC(737) Archive regions: 2->2
[2024-08-15T13:27:54.356+0000][3570.301s][info][gc,heap     ] GC(737) Humongous regions: 5->5
[2024-08-15T13:27:54.356+0000][3570.301s][info][gc,metaspace] GC(737) Metaspace: 440043K(446400K)->440043K(446400K) NonClass: 385074K(388672K)->385074K(388672K) Class: 54968K(57728K)->54968K(57728K)
[2024-08-15T13:27:54.356+0000][3570.301s][info][gc          ] GC(737) Pause Young (Prepare Mixed) (G1 Evacuation Pause) 9673M->3239M(12288M) 63.523ms
[2024-08-15T13:27:54.356+0000][3570.301s][info][gc,cpu      ] GC(737) User=0.37s Sys=0.00s Real=0.07s
[2024-08-15T13:27:54.962+0000][3570.906s][info][gc,start    ] GC(738) Pause Young (Mixed) (G1 Evacuation Pause)
[2024-08-15T13:27:54.962+0000][3570.906s][info][gc,task     ] GC(738) Using 6 workers of 6 for evacuation
[2024-08-15T13:27:55.054+0000][3570.998s][info][gc,phases   ] GC(738)   Pre Evacuate Collection Set: 0.2ms
[2024-08-15T13:27:55.054+0000][3570.998s][info][gc,phases   ] GC(738)   Merge Heap Roots: 0.3ms
[2024-08-15T13:27:55.054+0000][3570.998s][info][gc,phases   ] GC(738)   Evacuate Collection Set: 89.6ms
[2024-08-15T13:27:55.054+0000][3570.998s][info][gc,phases   ] GC(738)   Post Evacuate Collection Set: 1.8ms
[2024-08-15T13:27:55.054+0000][3570.998s][info][gc,phases   ] GC(738)   Other: 0.2ms
[2024-08-15T13:27:55.054+0000][3570.998s][info][gc,heap     ] GC(738) Eden regions: 56->0(822)
[2024-08-15T13:27:55.054+0000][3570.998s][info][gc,heap     ] GC(738) Survivor regions: 20->6(10)
[2024-08-15T13:27:55.054+0000][3570.998s][info][gc,heap     ] GC(738) Old regions: 380->377
[2024-08-15T13:27:55.054+0000][3570.998s][info][gc,heap     ] GC(738) Archive regions: 2->2
[2024-08-15T13:27:55.054+0000][3570.998s][info][gc,heap     ] GC(738) Humongous regions: 5->5
[2024-08-15T13:27:55.054+0000][3570.998s][info][gc,metaspace] GC(738) Metaspace: 440043K(446400K)->440043K(446400K) NonClass: 385074K(388672K)->385074K(388672K) Class: 54968K(57728K)->54968K(57728K)
[2024-08-15T13:27:55.054+0000][3570.998s][info][gc          ] GC(738) Pause Young (Mixed) (G1 Evacuation Pause) 3687M->3103M(12288M) 92.221ms
[2024-08-15T13:27:55.054+0000][3570.999s][info][gc,cpu      ] GC(738) User=0.55s Sys=0.00s Real=0.09s
[2024-08-15T13:28:02.851+0000][3578.796s][info][gc,start    ] GC(739) Pause Young (Normal) (G1 Evacuation Pause)
[2024-08-15T13:28:02.851+0000][3578.796s][info][gc,task     ] GC(739) Using 6 workers of 6 for evacuation
[2024-08-15T13:28:02.871+0000][3578.816s][info][gc,phases   ] GC(739)   Pre Evacuate Collection Set: 0.2ms
[2024-08-15T13:28:02.871+0000][3578.816s][info][gc,phases   ] GC(739)   Merge Heap Roots: 0.3ms
[2024-08-15T13:28:02.871+0000][3578.816s][info][gc,phases   ] GC(739)   Evacuate Collection Set: 17.2ms
[2024-08-15T13:28:02.871+0000][3578.816s][info][gc,phases   ] GC(739)   Post Evacuate Collection Set: 2.3ms
[2024-08-15T13:28:02.871+0000][3578.816s][info][gc,phases   ] GC(739)   Other: 0.2ms
[2024-08-15T13:28:02.871+0000][3578.816s][info][gc,heap     ] GC(739) Eden regions: 822->0(822)
[2024-08-15T13:28:02.871+0000][3578.816s][info][gc,heap     ] GC(739) Survivor regions: 6->7(104)
[2024-08-15T13:28:02.871+0000][3578.816s][info][gc,heap     ] GC(739) Old regions: 377->377
[2024-08-15T13:28:02.871+0000][3578.816s][info][gc,heap     ] GC(739) Archive regions: 2->2
[2024-08-15T13:28:02.871+0000][3578.816s][info][gc,heap     ] GC(739) Humongous regions: 5->5
[2024-08-15T13:28:02.871+0000][3578.816s][info][gc,metaspace] GC(739) Metaspace: 440045K(446400K)->440045K(446400K) NonClass: 385076K(388672K)->385076K(388672K) Class: 54968K(57728K)->54968K(57728K)
[2024-08-15T13:28:02.871+0000][3578.816s][info][gc          ] GC(739) Pause Young (Normal) (G1 Evacuation Pause) 9679M->3107M(12288M) 20.155ms
[2024-08-15T13:28:02.871+0000][3578.816s][info][gc,cpu      ] GC(739) User=0.11s Sys=0.01s Real=0.02s
[2024-08-15T13:28:10.283+0000][3586.228s][info][gc,start    ] GC(740) Pause Young (Normal) (G1 Evacuation Pause)
[2024-08-15T13:28:10.283+0000][3586.228s][info][gc,task     ] GC(740) Using 6 workers of 6 for evacuation
[2024-08-15T13:28:10.312+0000][3586.257s][info][gc,phases   ] GC(740)   Pre Evacuate Collection Set: 0.2ms
[2024-08-15T13:28:10.312+0000][3586.257s][info][gc,phases   ] GC(740)   Merge Heap Roots: 0.2ms
[2024-08-15T13:28:10.312+0000][3586.257s][info][gc,phases   ] GC(740)   Evacuate Collection Set: 26.2ms
[2024-08-15T13:28:10.312+0000][3586.257s][info][gc,phases   ] GC(740)   Post Evacuate Collection Set: 2.2ms
[2024-08-15T13:28:10.312+0000][3586.257s][info][gc,phases   ] GC(740)   Other: 0.2ms
[2024-08-15T13:28:10.312+0000][3586.257s][info][gc,heap     ] GC(740) Eden regions: 822->0(820)
[2024-08-15T13:28:10.312+0000][3586.257s][info][gc,heap     ] GC(740) Survivor regions: 7->10(104)
[2024-08-15T13:28:10.312+0000][3586.257s][info][gc,heap     ] GC(740) Old regions: 377->377
[2024-08-15T13:28:10.312+0000][3586.257s][info][gc,heap     ] GC(740) Archive regions: 2->2
[2024-08-15T13:28:10.312+0000][3586.257s][info][gc,heap     ] GC(740) Humongous regions: 5->5
[2024-08-15T13:28:10.312+0000][3586.257s][info][gc,metaspace] GC(740) Metaspace: 440045K(446400K)->440045K(446400K) NonClass: 385076K(388672K)->385076K(388672K) Class: 54968K(57728K)->54968K(57728K)
[2024-08-15T13:28:10.312+0000][3586.257s][info][gc          ] GC(740) Pause Young (Normal) (G1 Evacuation Pause) 9683M->3132M(12288M) 29.092ms
[2024-08-15T13:28:10.312+0000][3586.257s][info][gc,cpu      ] GC(740) User=0.17s Sys=0.00s Real=0.02s
[2024-08-15T13:28:19.108+0000][3595.053s][info][gc,start    ] GC(741) Pause Young (Concurrent Start) (G1 Evacuation Pause)
[2024-08-15T13:28:19.108+0000][3595.053s][info][gc,task     ] GC(741) Using 6 workers of 6 for evacuation
[2024-08-15T13:28:19.140+0000][3595.084s][info][gc,phases   ] GC(741)   Pre Evacuate Collection Set: 0.6ms
[2024-08-15T13:28:19.140+0000][3595.084s][info][gc,phases   ] GC(741)   Merge Heap Roots: 0.2ms
[2024-08-15T13:28:19.140+0000][3595.084s][info][gc,phases   ] GC(741)   Evacuate Collection Set: 28.1ms
[2024-08-15T13:28:19.140+0000][3595.084s][info][gc,phases   ] GC(741)   Post Evacuate Collection Set: 2.3ms
[2024-08-15T13:28:19.140+0000][3595.084s][info][gc,phases   ] GC(741)   Other: 0.3ms
[2024-08-15T13:28:19.140+0000][3595.084s][info][gc,heap     ] GC(741) Eden regions: 820->0(817)
[2024-08-15T13:28:19.140+0000][3595.084s][info][gc,heap     ] GC(741) Survivor regions: 10->13(104)
[2024-08-15T13:28:19.140+0000][3595.084s][info][gc,heap     ] GC(741) Old regions: 377->377
[2024-08-15T13:28:19.140+0000][3595.084s][info][gc,heap     ] GC(741) Archive regions: 2->2
[2024-08-15T13:28:19.140+0000][3595.084s][info][gc,heap     ] GC(741) Humongous regions: 5->5
[2024-08-15T13:28:19.140+0000][3595.084s][info][gc,metaspace] GC(741) Metaspace: 440045K(446400K)->440045K(446400K) NonClass: 385076K(388672K)->385076K(388672K) Class: 54968K(57728K)->54968K(57728K)
[2024-08-15T13:28:19.140+0000][3595.084s][info][gc          ] GC(741) Pause Young (Concurrent Start) (G1 Evacuation Pause) 9692M->3158M(12288M) 31.560ms
[2024-08-15T13:28:19.140+0000][3595.084s][info][gc,cpu      ] GC(741) User=0.19s Sys=0.00s Real=0.03s
[2024-08-15T13:28:19.140+0000][3595.084s][info][gc          ] GC(742) Concurrent Mark Cycle
[2024-08-15T13:28:19.140+0000][3595.084s][info][gc,marking  ] GC(742) Concurrent Clear Claimed Marks
[2024-08-15T13:28:19.140+0000][3595.085s][info][gc,marking  ] GC(742) Concurrent Clear Claimed Marks 0.420ms
[2024-08-15T13:28:19.140+0000][3595.085s][info][gc,marking  ] GC(742) Concurrent Scan Root Regions
[2024-08-15T13:28:19.165+0000][3595.109s][info][gc,marking  ] GC(742) Concurrent Scan Root Regions 24.345ms
[2024-08-15T13:28:19.165+0000][3595.109s][info][gc,marking  ] GC(742) Concurrent Mark
[2024-08-15T13:28:19.165+0000][3595.109s][info][gc,marking  ] GC(742) Concurrent Mark From Roots
[2024-08-15T13:28:19.165+0000][3595.109s][info][gc,task     ] GC(742) Using 2 workers of 2 for marking
[2024-08-15T13:28:21.835+0000][3597.780s][info][gc,marking  ] GC(742) Concurrent Mark From Roots 2670.579ms
[2024-08-15T13:28:21.835+0000][3597.780s][info][gc,marking  ] GC(742) Concurrent Preclean
[2024-08-15T13:28:21.837+0000][3597.781s][info][gc,marking  ] GC(742) Concurrent Preclean 1.259ms
[2024-08-15T13:28:21.837+0000][3597.781s][info][gc,start    ] GC(742) Pause Remark
[2024-08-15T13:28:21.860+0000][3597.805s][info][gc          ] GC(742) Pause Remark 5014M->5014M(12288M) 23.250ms
[2024-08-15T13:28:21.860+0000][3597.805s][info][gc,cpu      ] GC(742) User=0.10s Sys=0.00s Real=0.02s
[2024-08-15T13:28:21.860+0000][3597.805s][info][gc,marking  ] GC(742) Concurrent Mark 2695.597ms
[2024-08-15T13:28:21.860+0000][3597.805s][info][gc,marking  ] GC(742) Concurrent Rebuild Remembered Sets
[2024-08-15T13:28:23.339+0000][3599.284s][info][gc,marking  ] GC(742) Concurrent Rebuild Remembered Sets 1478.694ms
[2024-08-15T13:28:23.339+0000][3599.284s][info][gc,start    ] GC(742) Pause Cleanup
[2024-08-15T13:28:23.340+0000][3599.284s][info][gc          ] GC(742) Pause Cleanup 6070M->6070M(12288M) 0.611ms
[2024-08-15T13:28:23.340+0000][3599.284s][info][gc,cpu      ] GC(742) User=0.00s Sys=0.00s Real=0.00s
[2024-08-15T13:28:23.340+0000][3599.285s][info][gc,marking  ] GC(742) Concurrent Cleanup for Next Mark
[2024-08-15T13:28:23.357+0000][3599.302s][info][gc,marking  ] GC(742) Concurrent Cleanup for Next Mark 17.288ms
[2024-08-15T13:28:23.357+0000][3599.302s][info][gc          ] GC(742) Concurrent Mark Cycle 4217.459ms
[2024-08-15T13:28:28.150+0000][3604.094s][info][gc,start    ] GC(743) Pause Young (Prepare Mixed) (G1 Evacuation Pause)
[2024-08-15T13:28:28.150+0000][3604.094s][info][gc,task     ] GC(743) Using 6 workers of 6 for evacuation
[2024-08-15T13:28:28.195+0000][3604.140s][info][gc,phases   ] GC(743)   Pre Evacuate Collection Set: 0.2ms
[2024-08-15T13:28:28.195+0000][3604.140s][info][gc,phases   ] GC(743)   Merge Heap Roots: 0.3ms
[2024-08-15T13:28:28.195+0000][3604.140s][info][gc,phases   ] GC(743)   Evacuate Collection Set: 42.7ms
[2024-08-15T13:28:28.195+0000][3604.140s][info][gc,phases   ] GC(743)   Post Evacuate Collection Set: 2.3ms
[2024-08-15T13:28:28.195+0000][3604.140s][info][gc,phases   ] GC(743)   Other: 0.2ms
[2024-08-15T13:28:28.195+0000][3604.140s][info][gc,heap     ] GC(743) Eden regions: 817->0(61)
[2024-08-15T13:28:28.195+0000][3604.140s][info][gc,heap     ] GC(743) Survivor regions: 13->15(104)
[2024-08-15T13:28:28.195+0000][3604.140s][info][gc,heap     ] GC(743) Old regions: 377->377
[2024-08-15T13:28:28.195+0000][3604.140s][info][gc,heap     ] GC(743) Archive regions: 2->2
[2024-08-15T13:28:28.196+0000][3604.140s][info][gc,heap     ] GC(743) Humongous regions: 5->5
[2024-08-15T13:28:28.196+0000][3604.140s][info][gc,metaspace] GC(743) Metaspace: 440045K(446400K)->440045K(446400K) NonClass: 385076K(388672K)->385076K(388672K) Class: 54968K(57728K)->54968K(57728K)
[2024-08-15T13:28:28.196+0000][3604.140s][info][gc          ] GC(743) Pause Young (Prepare Mixed) (G1 Evacuation Pause) 9694M->3170M(12288M) 45.759ms
[2024-08-15T13:28:28.196+0000][3604.140s][info][gc,cpu      ] GC(743) User=0.26s Sys=0.00s Real=0.05s
[2024-08-15T13:28:28.841+0000][3604.786s][info][gc,start    ] GC(744) Pause Young (Mixed) (G1 Evacuation Pause)
[2024-08-15T13:28:28.841+0000][3604.786s][info][gc,task     ] GC(744) Using 6 workers of 6 for evacuation
[2024-08-15T13:28:28.911+0000][3604.856s][info][gc,phases   ] GC(744)   Pre Evacuate Collection Set: 0.2ms
[2024-08-15T13:28:28.911+0000][3604.856s][info][gc,phases   ] GC(744)   Merge Heap Roots: 0.3ms
[2024-08-15T13:28:28.911+0000][3604.856s][info][gc,phases   ] GC(744)   Evacuate Collection Set: 67.9ms
[2024-08-15T13:28:28.911+0000][3604.856s][info][gc,phases   ] GC(744)   Post Evacuate Collection Set: 1.9ms
[2024-08-15T13:28:28.911+0000][3604.856s][info][gc,phases   ] GC(744)   Other: 0.2ms
[2024-08-15T13:28:28.911+0000][3604.856s][info][gc,heap     ] GC(744) Eden regions: 61->0(827)
[2024-08-15T13:28:28.911+0000][3604.856s][info][gc,heap     ] GC(744) Survivor regions: 15->6(10)
[2024-08-15T13:28:28.911+0000][3604.856s][info][gc,heap     ] GC(744) Old regions: 377->373
[2024-08-15T13:28:28.911+0000][3604.856s][info][gc,heap     ] GC(744) Archive regions: 2->2
[2024-08-15T13:28:28.911+0000][3604.856s][info][gc,heap     ] GC(744) Humongous regions: 5->5
[2024-08-15T13:28:28.911+0000][3604.856s][info][gc,metaspace] GC(744) Metaspace: 440045K(446400K)->440045K(446400K) NonClass: 385076K(388672K)->385076K(388672K) Class: 54968K(57728K)->54968K(57728K)
[2024-08-15T13:28:28.911+0000][3604.856s][info][gc          ] GC(744) Pause Young (Mixed) (G1 Evacuation Pause) 3658M->3075M(12288M) 70.468ms
[2024-08-15T13:28:28.911+0000][3604.856s][info][gc,cpu      ] GC(744) User=0.42s Sys=0.00s Real=0.07s
[2024-08-15T13:28:38.092+0000][3614.036s][info][gc,start    ] GC(745) Pause Young (Normal) (G1 Evacuation Pause)
[2024-08-15T13:28:38.092+0000][3614.036s][info][gc,task     ] GC(745) Using 6 workers of 6 for evacuation
[2024-08-15T13:28:38.115+0000][3614.060s][info][gc,phases   ] GC(745)   Pre Evacuate Collection Set: 0.2ms
[2024-08-15T13:28:38.115+0000][3614.060s][info][gc,phases   ] GC(745)   Merge Heap Roots: 0.3ms
[2024-08-15T13:28:38.115+0000][3614.060s][info][gc,phases   ] GC(745)   Evacuate Collection Set: 20.3ms
[2024-08-15T13:28:38.115+0000][3614.060s][info][gc,phases   ] GC(745)   Post Evacuate Collection Set: 2.6ms
[2024-08-15T13:28:38.115+0000][3614.060s][info][gc,phases   ] GC(745)   Other: 0.2ms
[2024-08-15T13:28:38.115+0000][3614.060s][info][gc,heap     ] GC(745) Eden regions: 827->0(824)
[2024-08-15T13:28:38.115+0000][3614.060s][info][gc,heap     ] GC(745) Survivor regions: 6->9(105)
[2024-08-15T13:28:38.115+0000][3614.060s][info][gc,heap     ] GC(745) Old regions: 373->373
[2024-08-15T13:28:38.115+0000][3614.060s][info][gc,heap     ] GC(745) Archive regions: 2->2
[2024-08-15T13:28:38.115+0000][3614.060s][info][gc,heap     ] GC(745) Humongous regions: 5->5
[2024-08-15T13:28:38.115+0000][3614.060s][info][gc,metaspace] GC(745) Metaspace: 440069K(446400K)->440069K(446400K) NonClass: 385100K(388672K)->385100K(388672K) Class: 54968K(57728K)->54968K(57728K)
[2024-08-15T13:28:38.115+0000][3614.060s][info][gc          ] GC(745) Pause Young (Normal) (G1 Evacuation Pause) 9691M->3094M(12288M) 23.708ms
[2024-08-15T13:28:38.116+0000][3614.060s][info][gc,cpu      ] GC(745) User=0.14s Sys=0.00s Real=0.03s
[2024-08-15T13:28:47.143+0000][3623.087s][info][gc,start    ] GC(746) Pause Young (Normal) (G1 Evacuation Pause)
[2024-08-15T13:28:47.143+0000][3623.087s][info][gc,task     ] GC(746) Using 6 workers of 6 for evacuation
[2024-08-15T13:28:47.173+0000][3623.118s][info][gc,phases   ] GC(746)   Pre Evacuate Collection Set: 0.2ms
[2024-08-15T13:28:47.173+0000][3623.118s][info][gc,phases   ] GC(746)   Merge Heap Roots: 0.3ms
[2024-08-15T13:28:47.173+0000][3623.118s][info][gc,phases   ] GC(746)   Evacuate Collection Set: 27.7ms
[2024-08-15T13:28:47.173+0000][3623.118s][info][gc,phases   ] GC(746)   Post Evacuate Collection Set: 2.4ms
[2024-08-15T13:28:47.173+0000][3623.118s][info][gc,phases   ] GC(746)   Other: 0.2ms
[2024-08-15T13:28:47.173+0000][3623.118s][info][gc,heap     ] GC(746) Eden regions: 824->0(821)
[2024-08-15T13:28:47.173+0000][3623.118s][info][gc,heap     ] GC(746) Survivor regions: 9->12(105)
[2024-08-15T13:28:47.173+0000][3623.118s][info][gc,heap     ] GC(746) Old regions: 373->373
[2024-08-15T13:28:47.173+0000][3623.118s][info][gc,heap     ] GC(746) Archive regions: 2->2
[2024-08-15T13:28:47.173+0000][3623.118s][info][gc,heap     ] GC(746) Humongous regions: 5->5
[2024-08-15T13:28:47.173+0000][3623.118s][info][gc,metaspace] GC(746) Metaspace: 440072K(446400K)->440072K(446400K) NonClass: 385103K(388672K)->385103K(388672K) Class: 54968K(57728K)->54968K(57728K)
[2024-08-15T13:28:47.173+0000][3623.118s][info][gc          ] GC(746) Pause Young (Normal) (G1 Evacuation Pause) 9686M->3120M(12288M) 30.767ms
[2024-08-15T13:28:47.173+0000][3623.118s][info][gc,cpu      ] GC(746) User=0.17s Sys=0.01s Real=0.03s
[2024-08-15T13:28:55.479+0000][3631.423s][info][gc,start    ] GC(747) Pause Young (Concurrent Start) (G1 Evacuation Pause)
[2024-08-15T13:28:55.479+0000][3631.423s][info][gc,task     ] GC(747) Using 6 workers of 6 for evacuation
[2024-08-15T13:28:55.511+0000][3631.456s][info][gc,phases   ] GC(747)   Pre Evacuate Collection Set: 0.6ms
[2024-08-15T13:28:55.511+0000][3631.456s][info][gc,phases   ] GC(747)   Merge Heap Roots: 0.3ms
[2024-08-15T13:28:55.511+0000][3631.456s][info][gc,phases   ] GC(747)   Evacuate Collection Set: 29.4ms
[2024-08-15T13:28:55.511+0000][3631.456s][info][gc,phases   ] GC(747)   Post Evacuate Collection Set: 2.3ms
[2024-08-15T13:28:55.511+0000][3631.456s][info][gc,phases   ] GC(747)   Other: 0.3ms
[2024-08-15T13:28:55.511+0000][3631.456s][info][gc,heap     ] GC(747) Eden regions: 821->0(822)
[2024-08-15T13:28:55.511+0000][3631.456s][info][gc,heap     ] GC(747) Survivor regions: 12->12(105)
[2024-08-15T13:28:55.511+0000][3631.456s][info][gc,heap     ] GC(747) Old regions: 373->373
[2024-08-15T13:28:55.511+0000][3631.456s][info][gc,heap     ] GC(747) Archive regions: 2->2
[2024-08-15T13:28:55.511+0000][3631.456s][info][gc,heap     ] GC(747) Humongous regions: 5->5
[2024-08-15T13:28:55.511+0000][3631.456s][info][gc,metaspace] GC(747) Metaspace: 440072K(446400K)->440072K(446400K) NonClass: 385104K(388672K)->385104K(388672K) Class: 54968K(57728K)->54968K(57728K)
[2024-08-15T13:28:55.512+0000][3631.456s][info][gc          ] GC(747) Pause Young (Concurrent Start) (G1 Evacuation Pause) 9688M->3117M(12288M) 32.849ms
[2024-08-15T13:28:55.512+0000][3631.456s][info][gc,cpu      ] GC(747) User=0.19s Sys=0.00s Real=0.03s
[2024-08-15T13:28:55.512+0000][3631.456s][info][gc          ] GC(748) Concurrent Mark Cycle
[2024-08-15T13:28:55.512+0000][3631.456s][info][gc,marking  ] GC(748) Concurrent Clear Claimed Marks
[2024-08-15T13:28:55.512+0000][3631.457s][info][gc,marking  ] GC(748) Concurrent Clear Claimed Marks 0.436ms
[2024-08-15T13:28:55.512+0000][3631.457s][info][gc,marking  ] GC(748) Concurrent Scan Root Regions
[2024-08-15T13:28:55.544+0000][3631.488s][info][gc,marking  ] GC(748) Concurrent Scan Root Regions 31.697ms
[2024-08-15T13:28:55.544+0000][3631.488s][info][gc,marking  ] GC(748) Concurrent Mark
[2024-08-15T13:28:55.544+0000][3631.488s][info][gc,marking  ] GC(748) Concurrent Mark From Roots
[2024-08-15T13:28:55.544+0000][3631.488s][info][gc,task     ] GC(748) Using 2 workers of 2 for marking
[2024-08-15T13:28:58.163+0000][3634.108s][info][gc,marking  ] GC(748) Concurrent Mark From Roots 2619.515ms
[2024-08-15T13:28:58.163+0000][3634.108s][info][gc,marking  ] GC(748) Concurrent Preclean
[2024-08-15T13:28:58.165+0000][3634.109s][info][gc,marking  ] GC(748) Concurrent Preclean 1.455ms
[2024-08-15T13:28:58.165+0000][3634.110s][info][gc,start    ] GC(748) Pause Remark
[2024-08-15T13:28:58.189+0000][3634.133s][info][gc          ] GC(748) Pause Remark 4865M->4865M(12288M) 23.760ms
[2024-08-15T13:28:58.189+0000][3634.133s][info][gc,cpu      ] GC(748) User=0.10s Sys=0.00s Real=0.02s
[2024-08-15T13:28:58.189+0000][3634.134s][info][gc,marking  ] GC(748) Concurrent Mark 2645.088ms
[2024-08-15T13:28:58.189+0000][3634.134s][info][gc,marking  ] GC(748) Concurrent Rebuild Remembered Sets
[2024-08-15T13:28:59.600+0000][3635.544s][info][gc,marking  ] GC(748) Concurrent Rebuild Remembered Sets 1410.684ms
[2024-08-15T13:28:59.600+0000][3635.544s][info][gc,start    ] GC(748) Pause Cleanup
[2024-08-15T13:28:59.600+0000][3635.545s][info][gc          ] GC(748) Pause Cleanup 5881M->5881M(12288M) 0.650ms
[2024-08-15T13:28:59.600+0000][3635.545s][info][gc,cpu      ] GC(748) User=0.00s Sys=0.00s Real=0.00s
[2024-08-15T13:28:59.601+0000][3635.545s][info][gc,marking  ] GC(748) Concurrent Cleanup for Next Mark
[2024-08-15T13:28:59.618+0000][3635.563s][info][gc,marking  ] GC(748) Concurrent Cleanup for Next Mark 17.454ms
[2024-08-15T13:28:59.618+0000][3635.563s][info][gc          ] GC(748) Concurrent Mark Cycle 4106.418ms
[2024-08-15T13:29:04.703+0000][3640.648s][info][gc,start    ] GC(749) Pause Young (Prepare Mixed) (G1 Evacuation Pause)
[2024-08-15T13:29:04.703+0000][3640.648s][info][gc,task     ] GC(749) Using 6 workers of 6 for evacuation
[2024-08-15T13:29:04.743+0000][3640.688s][info][gc,phases   ] GC(749)   Pre Evacuate Collection Set: 0.2ms
[2024-08-15T13:29:04.743+0000][3640.688s][info][gc,phases   ] GC(749)   Merge Heap Roots: 0.3ms
[2024-08-15T13:29:04.743+0000][3640.688s][info][gc,phases   ] GC(749)   Evacuate Collection Set: 37.1ms
[2024-08-15T13:29:04.743+0000][3640.688s][info][gc,phases   ] GC(749)   Post Evacuate Collection Set: 2.4ms
[2024-08-15T13:29:04.743+0000][3640.688s][info][gc,phases   ] GC(749)   Other: 0.2ms
[2024-08-15T13:29:04.743+0000][3640.688s][info][gc,heap     ] GC(749) Eden regions: 822->0(62)
[2024-08-15T13:29:04.743+0000][3640.688s][info][gc,heap     ] GC(749) Survivor regions: 12->14(105)
[2024-08-15T13:29:04.743+0000][3640.688s][info][gc,heap     ] GC(749) Old regions: 373->373
[2024-08-15T13:29:04.743+0000][3640.688s][info][gc,heap     ] GC(749) Archive regions: 2->2
[2024-08-15T13:29:04.743+0000][3640.688s][info][gc,heap     ] GC(749) Humongous regions: 5->5
[2024-08-15T13:29:04.743+0000][3640.688s][info][gc,metaspace] GC(749) Metaspace: 440073K(446400K)->440073K(446400K) NonClass: 385104K(388672K)->385104K(388672K) Class: 54968K(57728K)->54968K(57728K)
[2024-08-15T13:29:04.743+0000][3640.688s][info][gc          ] GC(749) Pause Young (Prepare Mixed) (G1 Evacuation Pause) 9693M->3139M(12288M) 40.269ms
[2024-08-15T13:29:04.743+0000][3640.688s][info][gc,cpu      ] GC(749) User=0.24s Sys=0.00s Real=0.05s
[2024-08-15T13:29:05.384+0000][3641.328s][info][gc,start    ] GC(750) Pause Young (Mixed) (G1 Evacuation Pause)
[2024-08-15T13:29:05.384+0000][3641.329s][info][gc,task     ] GC(750) Using 6 workers of 6 for evacuation
[2024-08-15T13:29:05.464+0000][3641.408s][info][gc,phases   ] GC(750)   Pre Evacuate Collection Set: 0.2ms
[2024-08-15T13:29:05.464+0000][3641.408s][info][gc,phases   ] GC(750)   Merge Heap Roots: 0.3ms
[2024-08-15T13:29:05.464+0000][3641.408s][info][gc,phases   ] GC(750)   Evacuate Collection Set: 77.2ms
[2024-08-15T13:29:05.464+0000][3641.408s][info][gc,phases   ] GC(750)   Post Evacuate Collection Set: 1.9ms
[2024-08-15T13:29:05.464+0000][3641.408s][info][gc,phases   ] GC(750)   Other: 0.2ms
[2024-08-15T13:29:05.464+0000][3641.408s][info][gc,heap     ] GC(750) Eden regions: 62->0(830)
[2024-08-15T13:29:05.464+0000][3641.408s][info][gc,heap     ] GC(750) Survivor regions: 14->5(10)
[2024-08-15T13:29:05.464+0000][3641.408s][info][gc,heap     ] GC(750) Old regions: 373->372
[2024-08-15T13:29:05.464+0000][3641.408s][info][gc,heap     ] GC(750) Archive regions: 2->2
[2024-08-15T13:29:05.464+0000][3641.408s][info][gc,heap     ] GC(750) Humongous regions: 5->5
[2024-08-15T13:29:05.464+0000][3641.408s][info][gc,metaspace] GC(750) Metaspace: 440073K(446400K)->440073K(446400K) NonClass: 385105K(388672K)->385105K(388672K) Class: 54968K(57728K)->54968K(57728K)
[2024-08-15T13:29:05.464+0000][3641.408s][info][gc          ] GC(750) Pause Young (Mixed) (G1 Evacuation Pause) 3635M->3060M(12288M) 79.827ms
[2024-08-15T13:29:05.464+0000][3641.408s][info][gc,cpu      ] GC(750) User=0.47s Sys=0.00s Real=0.08s
[2024-08-15T13:29:14.508+0000][3650.452s][info][gc,start    ] GC(751) Pause Young (Normal) (G1 Evacuation Pause)
[2024-08-15T13:29:14.508+0000][3650.452s][info][gc,task     ] GC(751) Using 6 workers of 6 for evacuation
[2024-08-15T13:29:14.530+0000][3650.475s][info][gc,phases   ] GC(751)   Pre Evacuate Collection Set: 0.2ms
[2024-08-15T13:29:14.531+0000][3650.475s][info][gc,phases   ] GC(751)   Merge Heap Roots: 0.2ms
[2024-08-15T13:29:14.531+0000][3650.475s][info][gc,phases   ] GC(751)   Evacuate Collection Set: 20.0ms
[2024-08-15T13:29:14.531+0000][3650.475s][info][gc,phases   ] GC(751)   Post Evacuate Collection Set: 2.2ms
[2024-08-15T13:29:14.531+0000][3650.475s][info][gc,phases   ] GC(751)   Other: 0.2ms
[2024-08-15T13:29:14.531+0000][3650.475s][info][gc,heap     ] GC(751) Eden regions: 830->0(827)
[2024-08-15T13:29:14.531+0000][3650.475s][info][gc,heap     ] GC(751) Survivor regions: 5->8(105)
[2024-08-15T13:29:14.531+0000][3650.475s][info][gc,heap     ] GC(751) Old regions: 372->372
[2024-08-15T13:29:14.531+0000][3650.475s][info][gc,heap     ] GC(751) Archive regions: 2->2
[2024-08-15T13:29:14.531+0000][3650.475s][info][gc,heap     ] GC(751) Humongous regions: 5->5
[2024-08-15T13:29:14.531+0000][3650.475s][info][gc,metaspace] GC(751) Metaspace: 440075K(446400K)->440075K(446400K) NonClass: 385105K(388672K)->385105K(388672K) Class: 54969K(57728K)->54969K(57728K)
[2024-08-15T13:29:14.531+0000][3650.475s][info][gc          ] GC(751) Pause Young (Normal) (G1 Evacuation Pause) 9700M->3084M(12288M) 22.991ms
[2024-08-15T13:29:14.531+0000][3650.475s][info][gc,cpu      ] GC(751) User=0.13s Sys=0.00s Real=0.02s
[2024-08-15T13:29:23.211+0000][3659.155s][info][gc,start    ] GC(752) Pause Young (Normal) (G1 Evacuation Pause)
[2024-08-15T13:29:23.211+0000][3659.155s][info][gc,task     ] GC(752) Using 6 workers of 6 for evacuation
[2024-08-15T13:29:23.242+0000][3659.187s][info][gc,phases   ] GC(752)   Pre Evacuate Collection Set: 0.2ms
[2024-08-15T13:29:23.242+0000][3659.187s][info][gc,phases   ] GC(752)   Merge Heap Roots: 0.3ms
[2024-08-15T13:29:23.242+0000][3659.187s][info][gc,phases   ] GC(752)   Evacuate Collection Set: 28.8ms
[2024-08-15T13:29:23.242+0000][3659.187s][info][gc,phases   ] GC(752)   Post Evacuate Collection Set: 2.2ms
[2024-08-15T13:29:23.242+0000][3659.187s][info][gc,phases   ] GC(752)   Other: 0.2ms
[2024-08-15T13:29:23.242+0000][3659.187s][info][gc,heap     ] GC(752) Eden regions: 827->0(823)
[2024-08-15T13:29:23.242+0000][3659.187s][info][gc,heap     ] GC(752) Survivor regions: 8->12(105)
[2024-08-15T13:29:23.242+0000][3659.187s][info][gc,heap     ] GC(752) Old regions: 372->372
[2024-08-15T13:29:23.242+0000][3659.187s][info][gc,heap     ] GC(752) Archive regions: 2->2
[2024-08-15T13:29:23.242+0000][3659.187s][info][gc,heap     ] GC(752) Humongous regions: 5->5
[2024-08-15T13:29:23.242+0000][3659.187s][info][gc,metaspace] GC(752) Metaspace: 440075K(446400K)->440075K(446400K) NonClass: 385105K(388672K)->385105K(388672K) Class: 54969K(57728K)->54969K(57728K)
[2024-08-15T13:29:23.242+0000][3659.187s][info][gc          ] GC(752) Pause Young (Normal) (G1 Evacuation Pause) 9700M->3113M(12288M) 31.759ms
[2024-08-15T13:29:23.242+0000][3659.187s][info][gc,cpu      ] GC(752) User=0.19s Sys=0.00s Real=0.03s
[2024-08-15T13:29:32.025+0000][3667.969s][info][gc,start    ] GC(753) Pause Young (Concurrent Start) (G1 Evacuation Pause)
[2024-08-15T13:29:32.025+0000][3667.969s][info][gc,task     ] GC(753) Using 6 workers of 6 for evacuation
[2024-08-15T13:29:32.063+0000][3668.008s][info][gc,phases   ] GC(753)   Pre Evacuate Collection Set: 0.6ms
[2024-08-15T13:29:32.063+0000][3668.008s][info][gc,phases   ] GC(753)   Merge Heap Roots: 0.3ms
[2024-08-15T13:29:32.063+0000][3668.008s][info][gc,phases   ] GC(753)   Evacuate Collection Set: 35.0ms
[2024-08-15T13:29:32.063+0000][3668.008s][info][gc,phases   ] GC(753)   Post Evacuate Collection Set: 2.3ms
[2024-08-15T13:29:32.063+0000][3668.008s][info][gc,phases   ] GC(753)   Other: 0.3ms
[2024-08-15T13:29:32.063+0000][3668.008s][info][gc,heap     ] GC(753) Eden regions: 823->0(819)
[2024-08-15T13:29:32.063+0000][3668.008s][info][gc,heap     ] GC(753) Survivor regions: 12->15(105)
[2024-08-15T13:29:32.063+0000][3668.008s][info][gc,heap     ] GC(753) Old regions: 372->372
[2024-08-15T13:29:32.063+0000][3668.008s][info][gc,heap     ] GC(753) Archive regions: 2->2
[2024-08-15T13:29:32.063+0000][3668.008s][info][gc,heap     ] GC(753) Humongous regions: 5->5
[2024-08-15T13:29:32.063+0000][3668.008s][info][gc,metaspace] GC(753) Metaspace: 440094K(446464K)->440094K(446464K) NonClass: 385123K(388736K)->385123K(388736K) Class: 54970K(57728K)->54970K(57728K)
[2024-08-15T13:29:32.063+0000][3668.008s][info][gc          ] GC(753) Pause Young (Concurrent Start) (G1 Evacuation Pause) 9697M->3134M(12288M) 38.422ms
[2024-08-15T13:29:32.063+0000][3668.008s][info][gc,cpu      ] GC(753) User=0.22s Sys=0.01s Real=0.04s
[2024-08-15T13:29:32.063+0000][3668.008s][info][gc          ] GC(754) Concurrent Mark Cycle
[2024-08-15T13:29:32.063+0000][3668.008s][info][gc,marking  ] GC(754) Concurrent Clear Claimed Marks
[2024-08-15T13:29:32.064+0000][3668.008s][info][gc,marking  ] GC(754) Concurrent Clear Claimed Marks 0.430ms
[2024-08-15T13:29:32.064+0000][3668.008s][info][gc,marking  ] GC(754) Concurrent Scan Root Regions
[2024-08-15T13:29:32.094+0000][3668.039s][info][gc,marking  ] GC(754) Concurrent Scan Root Regions 30.652ms
[2024-08-15T13:29:32.094+0000][3668.039s][info][gc,marking  ] GC(754) Concurrent Mark
[2024-08-15T13:29:32.094+0000][3668.039s][info][gc,marking  ] GC(754) Concurrent Mark From Roots
[2024-08-15T13:29:32.094+0000][3668.039s][info][gc,task     ] GC(754) Using 2 workers of 2 for marking
[2024-08-15T13:29:34.860+0000][3670.805s][info][gc,marking  ] GC(754) Concurrent Mark From Roots 2765.779ms
[2024-08-15T13:29:34.860+0000][3670.805s][info][gc,marking  ] GC(754) Concurrent Preclean
[2024-08-15T13:29:34.861+0000][3670.806s][info][gc,marking  ] GC(754) Concurrent Preclean 1.297ms
[2024-08-15T13:29:34.862+0000][3670.806s][info][gc,start    ] GC(754) Pause Remark
[2024-08-15T13:29:34.885+0000][3670.829s][info][gc          ] GC(754) Pause Remark 4966M->4966M(12288M) 23.037ms
[2024-08-15T13:29:34.885+0000][3670.829s][info][gc,cpu      ] GC(754) User=0.09s Sys=0.00s Real=0.03s
[2024-08-15T13:29:34.885+0000][3670.830s][info][gc,marking  ] GC(754) Concurrent Mark 2790.556ms
[2024-08-15T13:29:34.885+0000][3670.830s][info][gc,marking  ] GC(754) Concurrent Rebuild Remembered Sets
[2024-08-15T13:29:36.280+0000][3672.225s][info][gc,marking  ] GC(754) Concurrent Rebuild Remembered Sets 1395.050ms
[2024-08-15T13:29:36.280+0000][3672.225s][info][gc,start    ] GC(754) Pause Cleanup
[2024-08-15T13:29:36.281+0000][3672.225s][info][gc          ] GC(754) Pause Cleanup 5946M->5946M(12288M) 0.618ms
[2024-08-15T13:29:36.281+0000][3672.225s][info][gc,cpu      ] GC(754) User=0.00s Sys=0.00s Real=0.00s
[2024-08-15T13:29:36.281+0000][3672.226s][info][gc,marking  ] GC(754) Concurrent Cleanup for Next Mark
[2024-08-15T13:29:36.298+0000][3672.243s][info][gc,marking  ] GC(754) Concurrent Cleanup for Next Mark 17.120ms
[2024-08-15T13:29:36.298+0000][3672.243s][info][gc          ] GC(754) Concurrent Mark Cycle 4234.880ms
[2024-08-15T13:29:41.062+0000][3677.007s][info][gc,start    ] GC(755) Pause Young (Prepare Mixed) (G1 Evacuation Pause)
[2024-08-15T13:29:41.062+0000][3677.007s][info][gc,task     ] GC(755) Using 6 workers of 6 for evacuation
[2024-08-15T13:29:41.101+0000][3677.046s][info][gc,phases   ] GC(755)   Pre Evacuate Collection Set: 0.2ms
[2024-08-15T13:29:41.101+0000][3677.046s][info][gc,phases   ] GC(755)   Merge Heap Roots: 0.3ms
[2024-08-15T13:29:41.101+0000][3677.046s][info][gc,phases   ] GC(755)   Evacuate Collection Set: 35.7ms
[2024-08-15T13:29:41.101+0000][3677.046s][info][gc,phases   ] GC(755)   Post Evacuate Collection Set: 2.5ms
[2024-08-15T13:29:41.101+0000][3677.046s][info][gc,phases   ] GC(755)   Other: 0.2ms
[2024-08-15T13:29:41.101+0000][3677.046s][info][gc,heap     ] GC(755) Eden regions: 819->0(63)
[2024-08-15T13:29:41.101+0000][3677.046s][info][gc,heap     ] GC(755) Survivor regions: 15->13(105)
[2024-08-15T13:29:41.101+0000][3677.046s][info][gc,heap     ] GC(755) Old regions: 372->372
[2024-08-15T13:29:41.101+0000][3677.046s][info][gc,heap     ] GC(755) Archive regions: 2->2
[2024-08-15T13:29:41.101+0000][3677.046s][info][gc,heap     ] GC(755) Humongous regions: 5->5
[2024-08-15T13:29:41.101+0000][3677.046s][info][gc,metaspace] GC(755) Metaspace: 440226K(446592K)->440226K(446592K) NonClass: 385242K(388864K)->385242K(388864K) Class: 54984K(57728K)->54984K(57728K)
[2024-08-15T13:29:41.101+0000][3677.046s][info][gc          ] GC(755) Pause Young (Prepare Mixed) (G1 Evacuation Pause) 9686M->3124M(12288M) 39.018ms
[2024-08-15T13:29:41.101+0000][3677.046s][info][gc,cpu      ] GC(755) User=0.23s Sys=0.00s Real=0.04s
[2024-08-15T13:29:41.770+0000][3677.714s][info][gc,start    ] GC(756) Pause Young (Mixed) (G1 Evacuation Pause)
[2024-08-15T13:29:41.770+0000][3677.714s][info][gc,task     ] GC(756) Using 6 workers of 6 for evacuation
[2024-08-15T13:29:41.851+0000][3677.795s][info][gc,phases   ] GC(756)   Pre Evacuate Collection Set: 0.2ms
[2024-08-15T13:29:41.851+0000][3677.795s][info][gc,phases   ] GC(756)   Merge Heap Roots: 0.6ms
[2024-08-15T13:29:41.851+0000][3677.795s][info][gc,phases   ] GC(756)   Evacuate Collection Set: 78.1ms
[2024-08-15T13:29:41.851+0000][3677.795s][info][gc,phases   ] GC(756)   Post Evacuate Collection Set: 1.9ms
[2024-08-15T13:29:41.851+0000][3677.795s][info][gc,phases   ] GC(756)   Other: 0.2ms
[2024-08-15T13:29:41.851+0000][3677.795s][info][gc,heap     ] GC(756) Eden regions: 63->0(831)
[2024-08-15T13:29:41.851+0000][3677.795s][info][gc,heap     ] GC(756) Survivor regions: 13->4(10)
[2024-08-15T13:29:41.851+0000][3677.795s][info][gc,heap     ] GC(756) Old regions: 372->372
[2024-08-15T13:29:41.851+0000][3677.795s][info][gc,heap     ] GC(756) Archive regions: 2->2
[2024-08-15T13:29:41.851+0000][3677.795s][info][gc,heap     ] GC(756) Humongous regions: 5->5
[2024-08-15T13:29:41.851+0000][3677.795s][info][gc,metaspace] GC(756) Metaspace: 440230K(446592K)->440230K(446592K) NonClass: 385246K(388864K)->385246K(388864K) Class: 54984K(57728K)->54984K(57728K)
[2024-08-15T13:29:41.851+0000][3677.795s][info][gc          ] GC(756) Pause Young (Mixed) (G1 Evacuation Pause) 3628M->3046M(12288M) 81.018ms
[2024-08-15T13:29:41.851+0000][3677.795s][info][gc,cpu      ] GC(756) User=0.48s Sys=0.00s Real=0.08s
[2024-08-15T13:29:50.648+0000][3686.592s][info][gc,start    ] GC(757) Pause Young (Normal) (G1 Evacuation Pause)
[2024-08-15T13:29:50.648+0000][3686.592s][info][gc,task     ] GC(757) Using 6 workers of 6 for evacuation
[2024-08-15T13:29:50.671+0000][3686.616s][info][gc,phases   ] GC(757)   Pre Evacuate Collection Set: 0.2ms
[2024-08-15T13:29:50.671+0000][3686.616s][info][gc,phases   ] GC(757)   Merge Heap Roots: 0.3ms
[2024-08-15T13:29:50.671+0000][3686.616s][info][gc,phases   ] GC(757)   Evacuate Collection Set: 20.8ms
[2024-08-15T13:29:50.671+0000][3686.616s][info][gc,phases   ] GC(757)   Post Evacuate Collection Set: 2.3ms
[2024-08-15T13:29:50.671+0000][3686.616s][info][gc,phases   ] GC(757)   Other: 0.2ms
[2024-08-15T13:29:50.671+0000][3686.616s][info][gc,heap     ] GC(757) Eden regions: 831->0(827)
[2024-08-15T13:29:50.671+0000][3686.616s][info][gc,heap     ] GC(757) Survivor regions: 4->8(105)
[2024-08-15T13:29:50.671+0000][3686.616s][info][gc,heap     ] GC(757) Old regions: 372->372
[2024-08-15T13:29:50.671+0000][3686.616s][info][gc,heap     ] GC(757) Archive regions: 2->2
[2024-08-15T13:29:50.671+0000][3686.616s][info][gc,heap     ] GC(757) Humongous regions: 5->5
[2024-08-15T13:29:50.671+0000][3686.616s][info][gc,metaspace] GC(757) Metaspace: 440230K(446592K)->440230K(446592K) NonClass: 385246K(388864K)->385246K(388864K) Class: 54984K(57728K)->54984K(57728K)
[2024-08-15T13:29:50.671+0000][3686.616s][info][gc          ] GC(757) Pause Young (Normal) (G1 Evacuation Pause) 9694M->3075M(12288M) 23.812ms
[2024-08-15T13:29:50.671+0000][3686.616s][info][gc,cpu      ] GC(757) User=0.14s Sys=0.00s Real=0.02s
[2024-08-15T13:29:59.539+0000][3695.484s][info][gc,start    ] GC(758) Pause Young (Normal) (G1 Evacuation Pause)
[2024-08-15T13:29:59.539+0000][3695.484s][info][gc,task     ] GC(758) Using 6 workers of 6 for evacuation
[2024-08-15T13:29:59.566+0000][3695.511s][info][gc,phases   ] GC(758)   Pre Evacuate Collection Set: 0.2ms
[2024-08-15T13:29:59.566+0000][3695.511s][info][gc,phases   ] GC(758)   Merge Heap Roots: 0.2ms
[2024-08-15T13:29:59.566+0000][3695.511s][info][gc,phases   ] GC(758)   Evacuate Collection Set: 24.6ms
[2024-08-15T13:29:59.566+0000][3695.511s][info][gc,phases   ] GC(758)   Post Evacuate Collection Set: 2.2ms
[2024-08-15T13:29:59.566+0000][3695.511s][info][gc,phases   ] GC(758)   Other: 0.2ms
[2024-08-15T13:29:59.566+0000][3695.511s][info][gc,heap     ] GC(758) Eden regions: 827->0(824)
[2024-08-15T13:29:59.566+0000][3695.511s][info][gc,heap     ] GC(758) Survivor regions: 8->11(105)
[2024-08-15T13:29:59.566+0000][3695.511s][info][gc,heap     ] GC(758) Old regions: 372->372
[2024-08-15T13:29:59.566+0000][3695.511s][info][gc,heap     ] GC(758) Archive regions: 2->2
[2024-08-15T13:29:59.566+0000][3695.511s][info][gc,heap     ] GC(758) Humongous regions: 5->5
[2024-08-15T13:29:59.566+0000][3695.511s][info][gc,metaspace] GC(758) Metaspace: 440264K(446592K)->440264K(446592K) NonClass: 385280K(388864K)->385280K(388864K) Class: 54984K(57728K)->54984K(57728K)
[2024-08-15T13:29:59.566+0000][3695.511s][info][gc          ] GC(758) Pause Young (Normal) (G1 Evacuation Pause) 9691M->3099M(12288M) 27.524ms
[2024-08-15T13:29:59.566+0000][3695.511s][info][gc,cpu      ] GC(758) User=0.15s Sys=0.01s Real=0.03s
[2024-08-15T13:30:08.450+0000][3704.395s][info][gc,start    ] GC(759) Pause Young (Concurrent Start) (G1 Evacuation Pause)
[2024-08-15T13:30:08.450+0000][3704.395s][info][gc,task     ] GC(759) Using 6 workers of 6 for evacuation
[2024-08-15T13:30:08.484+0000][3704.429s][info][gc,phases   ] GC(759)   Pre Evacuate Collection Set: 0.6ms
[2024-08-15T13:30:08.484+0000][3704.429s][info][gc,phases   ] GC(759)   Merge Heap Roots: 0.2ms
[2024-08-15T13:30:08.484+0000][3704.429s][info][gc,phases   ] GC(759)   Evacuate Collection Set: 30.5ms
[2024-08-15T13:30:08.484+0000][3704.429s][info][gc,phases   ] GC(759)   Post Evacuate Collection Set: 2.3ms
[2024-08-15T13:30:08.484+0000][3704.429s][info][gc,phases   ] GC(759)   Other: 0.3ms
[2024-08-15T13:30:08.484+0000][3704.429s][info][gc,heap     ] GC(759) Eden regions: 824->0(819)
[2024-08-15T13:30:08.484+0000][3704.429s][info][gc,heap     ] GC(759) Survivor regions: 11->15(105)
[2024-08-15T13:30:08.484+0000][3704.429s][info][gc,heap     ] GC(759) Old regions: 372->372
[2024-08-15T13:30:08.484+0000][3704.429s][info][gc,heap     ] GC(759) Archive regions: 2->2
[2024-08-15T13:30:08.484+0000][3704.429s][info][gc,heap     ] GC(759) Humongous regions: 5->5
[2024-08-15T13:30:08.484+0000][3704.429s][info][gc,metaspace] GC(759) Metaspace: 440270K(446656K)->440270K(446656K) NonClass: 385285K(388928K)->385285K(388928K) Class: 54984K(57728K)->54984K(57728K)
[2024-08-15T13:30:08.484+0000][3704.429s][info][gc          ] GC(759) Pause Young (Concurrent Start) (G1 Evacuation Pause) 9691M->3134M(12288M) 34.044ms
[2024-08-15T13:30:08.485+0000][3704.429s][info][gc,cpu      ] GC(759) User=0.20s Sys=0.00s Real=0.04s
[2024-08-15T13:30:08.485+0000][3704.429s][info][gc          ] GC(760) Concurrent Mark Cycle
[2024-08-15T13:30:08.485+0000][3704.429s][info][gc,marking  ] GC(760) Concurrent Clear Claimed Marks
[2024-08-15T13:30:08.485+0000][3704.430s][info][gc,marking  ] GC(760) Concurrent Clear Claimed Marks 0.435ms
[2024-08-15T13:30:08.485+0000][3704.430s][info][gc,marking  ] GC(760) Concurrent Scan Root Regions
[2024-08-15T13:30:08.530+0000][3704.475s][info][gc,marking  ] GC(760) Concurrent Scan Root Regions 45.181ms
[2024-08-15T13:30:08.530+0000][3704.475s][info][gc,marking  ] GC(760) Concurrent Mark
[2024-08-15T13:30:08.530+0000][3704.475s][info][gc,marking  ] GC(760) Concurrent Mark From Roots
[2024-08-15T13:30:08.530+0000][3704.475s][info][gc,task     ] GC(760) Using 2 workers of 2 for marking
[2024-08-15T13:30:11.210+0000][3707.155s][info][gc,marking  ] GC(760) Concurrent Mark From Roots 2679.956ms
[2024-08-15T13:30:11.210+0000][3707.155s][info][gc,marking  ] GC(760) Concurrent Preclean
[2024-08-15T13:30:11.212+0000][3707.156s][info][gc,marking  ] GC(760) Concurrent Preclean 1.262ms
[2024-08-15T13:30:11.212+0000][3707.156s][info][gc,start    ] GC(760) Pause Remark
[2024-08-15T13:30:11.235+0000][3707.179s][info][gc          ] GC(760) Pause Remark 5134M->5134M(12288M) 22.935ms
[2024-08-15T13:30:11.235+0000][3707.179s][info][gc,cpu      ] GC(760) User=0.10s Sys=0.00s Real=0.02s
[2024-08-15T13:30:11.235+0000][3707.179s][info][gc,marking  ] GC(760) Concurrent Mark 2704.585ms
[2024-08-15T13:30:11.235+0000][3707.179s][info][gc,marking  ] GC(760) Concurrent Rebuild Remembered Sets
[2024-08-15T13:30:12.664+0000][3708.609s][info][gc,marking  ] GC(760) Concurrent Rebuild Remembered Sets 1429.589ms
[2024-08-15T13:30:12.665+0000][3708.609s][info][gc,start    ] GC(760) Pause Cleanup
[2024-08-15T13:30:12.665+0000][3708.610s][info][gc          ] GC(760) Pause Cleanup 6198M->6198M(12288M) 0.614ms
[2024-08-15T13:30:12.665+0000][3708.610s][info][gc,cpu      ] GC(760) User=0.00s Sys=0.00s Real=0.00s
[2024-08-15T13:30:12.665+0000][3708.610s][info][gc,marking  ] GC(760) Concurrent Cleanup for Next Mark
[2024-08-15T13:30:12.694+0000][3708.639s][info][gc,marking  ] GC(760) Concurrent Cleanup for Next Mark 28.850ms
[2024-08-15T13:30:12.694+0000][3708.639s][info][gc          ] GC(760) Concurrent Mark Cycle 4209.689ms
[2024-08-15T13:30:17.315+0000][3713.259s][info][gc,start    ] GC(761) Pause Young (Prepare Mixed) (G1 Evacuation Pause)
[2024-08-15T13:30:17.315+0000][3713.259s][info][gc,task     ] GC(761) Using 6 workers of 6 for evacuation
[2024-08-15T13:30:17.357+0000][3713.302s][info][gc,phases   ] GC(761)   Pre Evacuate Collection Set: 0.2ms
[2024-08-15T13:30:17.357+0000][3713.302s][info][gc,phases   ] GC(761)   Merge Heap Roots: 0.4ms
[2024-08-15T13:30:17.357+0000][3713.302s][info][gc,phases   ] GC(761)   Evacuate Collection Set: 39.6ms
[2024-08-15T13:30:17.357+0000][3713.302s][info][gc,phases   ] GC(761)   Post Evacuate Collection Set: 2.3ms
[2024-08-15T13:30:17.357+0000][3713.302s][info][gc,phases   ] GC(761)   Other: 0.2ms
[2024-08-15T13:30:17.357+0000][3713.302s][info][gc,heap     ] GC(761) Eden regions: 819->0(59)
[2024-08-15T13:30:17.357+0000][3713.302s][info][gc,heap     ] GC(761) Survivor regions: 15->17(105)
[2024-08-15T13:30:17.357+0000][3713.302s][info][gc,heap     ] GC(761) Old regions: 372->372
[2024-08-15T13:30:17.357+0000][3713.302s][info][gc,heap     ] GC(761) Archive regions: 2->2
[2024-08-15T13:30:17.357+0000][3713.302s][info][gc,heap     ] GC(761) Humongous regions: 5->5
[2024-08-15T13:30:17.357+0000][3713.302s][info][gc,metaspace] GC(761) Metaspace: 440278K(446656K)->440278K(446656K) NonClass: 385293K(388928K)->385293K(388928K) Class: 54984K(57728K)->54984K(57728K)
[2024-08-15T13:30:17.357+0000][3713.302s][info][gc          ] GC(761) Pause Young (Prepare Mixed) (G1 Evacuation Pause) 9686M->3150M(12288M) 42.818ms
[2024-08-15T13:30:17.357+0000][3713.302s][info][gc,cpu      ] GC(761) User=0.25s Sys=0.00s Real=0.05s
[2024-08-15T13:30:17.990+0000][3713.935s][info][gc,start    ] GC(762) Pause Young (Mixed) (G1 Evacuation Pause)
[2024-08-15T13:30:17.990+0000][3713.935s][info][gc,task     ] GC(762) Using 6 workers of 6 for evacuation
[2024-08-15T13:30:18.087+0000][3714.032s][info][gc,phases   ] GC(762)   Pre Evacuate Collection Set: 0.2ms
[2024-08-15T13:30:18.087+0000][3714.032s][info][gc,phases   ] GC(762)   Merge Heap Roots: 0.8ms
[2024-08-15T13:30:18.087+0000][3714.032s][info][gc,phases   ] GC(762)   Evacuate Collection Set: 93.8ms
[2024-08-15T13:30:18.087+0000][3714.032s][info][gc,phases   ] GC(762)   Post Evacuate Collection Set: 2.1ms
[2024-08-15T13:30:18.087+0000][3714.032s][info][gc,phases   ] GC(762)   Other: 0.2ms
[2024-08-15T13:30:18.087+0000][3714.032s][info][gc,heap     ] GC(762) Eden regions: 59->0(825)
[2024-08-15T13:30:18.087+0000][3714.032s][info][gc,heap     ] GC(762) Survivor regions: 17->6(10)
[2024-08-15T13:30:18.087+0000][3714.032s][info][gc,heap     ] GC(762) Old regions: 372->375
[2024-08-15T13:30:18.087+0000][3714.032s][info][gc,heap     ] GC(762) Archive regions: 2->2
[2024-08-15T13:30:18.087+0000][3714.032s][info][gc,heap     ] GC(762) Humongous regions: 5->5
[2024-08-15T13:30:18.087+0000][3714.032s][info][gc,metaspace] GC(762) Metaspace: 440278K(446656K)->440278K(446656K) NonClass: 385293K(388928K)->385293K(388928K) Class: 54984K(57728K)->54984K(57728K)
[2024-08-15T13:30:18.087+0000][3714.032s][info][gc          ] GC(762) Pause Young (Mixed) (G1 Evacuation Pause) 3622M->3087M(12288M) 97.144ms
[2024-08-15T13:30:18.087+0000][3714.032s][info][gc,cpu      ] GC(762) User=0.57s Sys=0.00s Real=0.10s
[2024-08-15T13:30:27.035+0000][3722.980s][info][gc,start    ] GC(763) Pause Young (Normal) (G1 Evacuation Pause)
[2024-08-15T13:30:27.035+0000][3722.980s][info][gc,task     ] GC(763) Using 6 workers of 6 for evacuation
[2024-08-15T13:30:27.060+0000][3723.005s][info][gc,phases   ] GC(763)   Pre Evacuate Collection Set: 0.2ms
[2024-08-15T13:30:27.060+0000][3723.005s][info][gc,phases   ] GC(763)   Merge Heap Roots: 0.2ms
[2024-08-15T13:30:27.060+0000][3723.005s][info][gc,phases   ] GC(763)   Evacuate Collection Set: 22.2ms
[2024-08-15T13:30:27.060+0000][3723.005s][info][gc,phases   ] GC(763)   Post Evacuate Collection Set: 2.5ms
[2024-08-15T13:30:27.060+0000][3723.005s][info][gc,phases   ] GC(763)   Other: 0.2ms
[2024-08-15T13:30:27.060+0000][3723.005s][info][gc,heap     ] GC(763) Eden regions: 825->0(822)
[2024-08-15T13:30:27.060+0000][3723.005s][info][gc,heap     ] GC(763) Survivor regions: 6->9(104)
[2024-08-15T13:30:27.060+0000][3723.005s][info][gc,heap     ] GC(763) Old regions: 375->375
[2024-08-15T13:30:27.061+0000][3723.005s][info][gc,heap     ] GC(763) Archive regions: 2->2
[2024-08-15T13:30:27.061+0000][3723.005s][info][gc,heap     ] GC(763) Humongous regions: 5->5
[2024-08-15T13:30:27.061+0000][3723.005s][info][gc,metaspace] GC(763) Metaspace: 440280K(446656K)->440280K(446656K) NonClass: 385295K(388928K)->385295K(388928K) Class: 54984K(57728K)->54984K(57728K)
[2024-08-15T13:30:27.061+0000][3723.005s][info][gc          ] GC(763) Pause Young (Normal) (G1 Evacuation Pause) 9687M->3107M(12288M) 25.406ms
[2024-08-15T13:30:27.061+0000][3723.005s][info][gc,cpu      ] GC(763) User=0.15s Sys=0.01s Real=0.02s
[2024-08-15T13:30:35.553+0000][3731.498s][info][gc,start    ] GC(764) Pause Young (Normal) (G1 Evacuation Pause)
[2024-08-15T13:30:35.553+0000][3731.498s][info][gc,task     ] GC(764) Using 6 workers of 6 for evacuation
[2024-08-15T13:30:35.586+0000][3731.530s][info][gc,phases   ] GC(764)   Pre Evacuate Collection Set: 0.2ms
[2024-08-15T13:30:35.586+0000][3731.530s][info][gc,phases   ] GC(764)   Merge Heap Roots: 0.3ms
[2024-08-15T13:30:35.586+0000][3731.530s][info][gc,phases   ] GC(764)   Evacuate Collection Set: 29.0ms
[2024-08-15T13:30:35.586+0000][3731.530s][info][gc,phases   ] GC(764)   Post Evacuate Collection Set: 3.0ms
[2024-08-15T13:30:35.586+0000][3731.530s][info][gc,phases   ] GC(764)   Other: 0.2ms
[2024-08-15T13:30:35.586+0000][3731.530s][info][gc,heap     ] GC(764) Eden regions: 822->0(820)
[2024-08-15T13:30:35.586+0000][3731.530s][info][gc,heap     ] GC(764) Survivor regions: 9->11(104)
[2024-08-15T13:30:35.586+0000][3731.530s][info][gc,heap     ] GC(764) Old regions: 375->375
[2024-08-15T13:30:35.586+0000][3731.530s][info][gc,heap     ] GC(764) Archive regions: 2->2
[2024-08-15T13:30:35.586+0000][3731.530s][info][gc,heap     ] GC(764) Humongous regions: 5->5
[2024-08-15T13:30:35.586+0000][3731.530s][info][gc,metaspace] GC(764) Metaspace: 440325K(446656K)->440325K(446656K) NonClass: 385338K(388928K)->385338K(388928K) Class: 54987K(57728K)->54987K(57728K)
[2024-08-15T13:30:35.586+0000][3731.530s][info][gc          ] GC(764) Pause Young (Normal) (G1 Evacuation Pause) 9683M->3123M(12288M) 32.736ms
[2024-08-15T13:30:35.586+0000][3731.530s][info][gc,cpu      ] GC(764) User=0.19s Sys=0.00s Real=0.04s
[2024-08-15T13:30:38.155+0000][3734.099s][info][gc,start    ] GC(765) Pause Young (Concurrent Start) (G1 Evacuation Pause)
[2024-08-15T13:30:38.155+0000][3734.099s][info][gc,task     ] GC(765) Using 6 workers of 6 for evacuation
[2024-08-15T13:30:38.250+0000][3734.195s][info][gc,phases   ] GC(765)   Pre Evacuate Collection Set: 0.6ms
[2024-08-15T13:30:38.250+0000][3734.195s][info][gc,phases   ] GC(765)   Merge Heap Roots: 0.3ms
[2024-08-15T13:30:38.250+0000][3734.195s][info][gc,phases   ] GC(765)   Evacuate Collection Set: 73.2ms
[2024-08-15T13:30:38.250+0000][3734.195s][info][gc,phases   ] GC(765)   Post Evacuate Collection Set: 20.9ms
[2024-08-15T13:30:38.250+0000][3734.195s][info][gc,phases   ] GC(765)   Other: 0.3ms
[2024-08-15T13:30:38.250+0000][3734.195s][info][gc,heap     ] GC(765) Eden regions: 820->0(812)
[2024-08-15T13:30:38.250+0000][3734.195s][info][gc,heap     ] GC(765) Survivor regions: 11->17(104)
[2024-08-15T13:30:38.250+0000][3734.195s][info][gc,heap     ] GC(765) Old regions: 375->375
[2024-08-15T13:30:38.250+0000][3734.195s][info][gc,heap     ] GC(765) Archive regions: 2->2
[2024-08-15T13:30:38.250+0000][3734.195s][info][gc,heap     ] GC(765) Humongous regions: 5->5
[2024-08-15T13:30:38.250+0000][3734.195s][info][gc,metaspace] GC(765) Metaspace: 440325K(446656K)->440325K(446656K) NonClass: 385338K(388928K)->385338K(388928K) Class: 54987K(57728K)->54987K(57728K)
[2024-08-15T13:30:38.250+0000][3734.195s][info][gc          ] GC(765) Pause Young (Concurrent Start) (G1 Evacuation Pause) 9683M->3175M(12288M) 95.258ms
[2024-08-15T13:30:38.250+0000][3734.195s][info][gc,cpu      ] GC(765) User=0.56s Sys=0.00s Real=0.10s
[2024-08-15T13:30:38.250+0000][3734.195s][info][gc          ] GC(766) Concurrent Mark Cycle
[2024-08-15T13:30:38.250+0000][3734.195s][info][gc,marking  ] GC(766) Concurrent Clear Claimed Marks
[2024-08-15T13:30:38.251+0000][3734.195s][info][gc,marking  ] GC(766) Concurrent Clear Claimed Marks 0.440ms
[2024-08-15T13:30:38.251+0000][3734.195s][info][gc,marking  ] GC(766) Concurrent Scan Root Regions
[2024-08-15T13:30:38.316+0000][3734.261s][info][gc,marking  ] GC(766) Concurrent Scan Root Regions 65.398ms
[2024-08-15T13:30:38.316+0000][3734.261s][info][gc,marking  ] GC(766) Concurrent Mark
[2024-08-15T13:30:38.316+0000][3734.261s][info][gc,marking  ] GC(766) Concurrent Mark From Roots
[2024-08-15T13:30:38.316+0000][3734.261s][info][gc,task     ] GC(766) Using 2 workers of 2 for marking
[2024-08-15T13:30:40.983+0000][3736.928s][info][gc,marking  ] GC(766) Concurrent Mark From Roots 2667.390ms
[2024-08-15T13:30:40.983+0000][3736.928s][info][gc,marking  ] GC(766) Concurrent Preclean
[2024-08-15T13:30:40.985+0000][3736.930s][info][gc,marking  ] GC(766) Concurrent Preclean 1.569ms
[2024-08-15T13:30:40.985+0000][3736.930s][info][gc,start    ] GC(766) Pause Remark
[2024-08-15T13:30:41.029+0000][3736.973s][info][gc          ] GC(766) Pause Remark 8827M->8827M(12288M) 43.300ms
[2024-08-15T13:30:41.029+0000][3736.973s][info][gc,cpu      ] GC(766) User=0.22s Sys=0.00s Real=0.04s
[2024-08-15T13:30:41.029+0000][3736.973s][info][gc,marking  ] GC(766) Concurrent Mark 2712.841ms
[2024-08-15T13:30:41.029+0000][3736.974s][info][gc,marking  ] GC(766) Concurrent Rebuild Remembered Sets
[2024-08-15T13:30:41.379+0000][3737.324s][info][gc,start    ] GC(767) Pause Young (Normal) (G1 Evacuation Pause)
[2024-08-15T13:30:41.379+0000][3737.324s][info][gc,task     ] GC(767) Using 6 workers of 6 for evacuation
[2024-08-15T13:30:41.468+0000][3737.413s][info][gc,phases   ] GC(767)   Pre Evacuate Collection Set: 0.2ms
[2024-08-15T13:30:41.468+0000][3737.413s][info][gc,phases   ] GC(767)   Merge Heap Roots: 0.3ms
[2024-08-15T13:30:41.468+0000][3737.413s][info][gc,phases   ] GC(767)   Evacuate Collection Set: 74.6ms
[2024-08-15T13:30:41.468+0000][3737.413s][info][gc,phases   ] GC(767)   Post Evacuate Collection Set: 14.1ms
[2024-08-15T13:30:41.468+0000][3737.413s][info][gc,phases   ] GC(767)   Other: 0.2ms
[2024-08-15T13:30:41.468+0000][3737.413s][info][gc,heap     ] GC(767) Eden regions: 812->0(804)
[2024-08-15T13:30:41.468+0000][3737.413s][info][gc,heap     ] GC(767) Survivor regions: 17->21(104)
[2024-08-15T13:30:41.468+0000][3737.413s][info][gc,heap     ] GC(767) Old regions: 375->375
[2024-08-15T13:30:41.468+0000][3737.413s][info][gc,heap     ] GC(767) Archive regions: 2->2
[2024-08-15T13:30:41.468+0000][3737.413s][info][gc,heap     ] GC(767) Humongous regions: 5->5
[2024-08-15T13:30:41.468+0000][3737.413s][info][gc,metaspace] GC(767) Metaspace: 440330K(446656K)->440330K(446656K) NonClass: 385342K(388928K)->385342K(388928K) Class: 54987K(57728K)->54987K(57728K)
[2024-08-15T13:30:41.468+0000][3737.413s][info][gc          ] GC(767) Pause Young (Normal) (G1 Evacuation Pause) 9671M->3207M(12288M) 89.470ms
[2024-08-15T13:30:41.469+0000][3737.413s][info][gc,cpu      ] GC(767) User=0.52s Sys=0.00s Real=0.09s
[2024-08-15T13:30:42.540+0000][3738.484s][info][gc,marking  ] GC(766) Concurrent Rebuild Remembered Sets 1510.797ms
[2024-08-15T13:30:42.540+0000][3738.485s][info][gc,start    ] GC(766) Pause Cleanup
[2024-08-15T13:30:42.541+0000][3738.485s][info][gc          ] GC(766) Pause Cleanup 5675M->5675M(12288M) 0.617ms
[2024-08-15T13:30:42.541+0000][3738.485s][info][gc,cpu      ] GC(766) User=0.00s Sys=0.00s Real=0.00s
[2024-08-15T13:30:42.541+0000][3738.485s][info][gc,marking  ] GC(766) Concurrent Cleanup for Next Mark
[2024-08-15T13:30:42.558+0000][3738.502s][info][gc,marking  ] GC(766) Concurrent Cleanup for Next Mark 17.058ms
[2024-08-15T13:30:42.558+0000][3738.502s][info][gc          ] GC(766) Concurrent Mark Cycle 4307.658ms
[2024-08-15T13:30:44.071+0000][3740.016s][info][gc,start    ] GC(768) Pause Young (Prepare Mixed) (G1 Evacuation Pause)
[2024-08-15T13:30:44.071+0000][3740.016s][info][gc,task     ] GC(768) Using 6 workers of 6 for evacuation
[2024-08-15T13:30:44.192+0000][3740.137s][info][gc,phases   ] GC(768)   Pre Evacuate Collection Set: 0.2ms
[2024-08-15T13:30:44.192+0000][3740.137s][info][gc,phases   ] GC(768)   Merge Heap Roots: 0.8ms
[2024-08-15T13:30:44.192+0000][3740.137s][info][gc,phases   ] GC(768)   Evacuate Collection Set: 100.7ms
[2024-08-15T13:30:44.192+0000][3740.137s][info][gc,phases   ] GC(768)   Post Evacuate Collection Set: 19.2ms
[2024-08-15T13:30:44.192+0000][3740.137s][info][gc,phases   ] GC(768)   Other: 0.3ms
[2024-08-15T13:30:44.192+0000][3740.137s][info][gc,heap     ] GC(768) Eden regions: 804->0(51)
[2024-08-15T13:30:44.192+0000][3740.137s][info][gc,heap     ] GC(768) Survivor regions: 21->25(104)
[2024-08-15T13:30:44.192+0000][3740.137s][info][gc,heap     ] GC(768) Old regions: 375->375
[2024-08-15T13:30:44.192+0000][3740.137s][info][gc,heap     ] GC(768) Archive regions: 2->2
[2024-08-15T13:30:44.193+0000][3740.137s][info][gc,heap     ] GC(768) Humongous regions: 5->5
[2024-08-15T13:30:44.193+0000][3740.137s][info][gc,metaspace] GC(768) Metaspace: 440330K(446656K)->440330K(446656K) NonClass: 385342K(388928K)->385342K(388928K) Class: 54987K(57728K)->54987K(57728K)
[2024-08-15T13:30:44.193+0000][3740.137s][info][gc          ] GC(768) Pause Young (Prepare Mixed) (G1 Evacuation Pause) 9639M->3239M(12288M) 121.207ms
[2024-08-15T13:30:44.193+0000][3740.137s][info][gc,cpu      ] GC(768) User=0.71s Sys=0.00s Real=0.12s
[2024-08-15T13:30:44.363+0000][3740.308s][info][gc,start    ] GC(769) Pause Young (Mixed) (G1 Evacuation Pause)
[2024-08-15T13:30:44.363+0000][3740.308s][info][gc,task     ] GC(769) Using 6 workers of 6 for evacuation
[2024-08-15T13:30:44.488+0000][3740.433s][info][gc,phases   ] GC(769)   Pre Evacuate Collection Set: 0.2ms
[2024-08-15T13:30:44.488+0000][3740.433s][info][gc,phases   ] GC(769)   Merge Heap Roots: 0.4ms
[2024-08-15T13:30:44.488+0000][3740.433s][info][gc,phases   ] GC(769)   Evacuate Collection Set: 121.6ms
[2024-08-15T13:30:44.488+0000][3740.433s][info][gc,phases   ] GC(769)   Post Evacuate Collection Set: 3.1ms
[2024-08-15T13:30:44.488+0000][3740.433s][info][gc,phases   ] GC(769)   Other: 0.2ms
[2024-08-15T13:30:44.488+0000][3740.433s][info][gc,heap     ] GC(769) Eden regions: 51->0(810)
[2024-08-15T13:30:44.488+0000][3740.433s][info][gc,heap     ] GC(769) Survivor regions: 25->3(10)
[2024-08-15T13:30:44.488+0000][3740.433s][info][gc,heap     ] GC(769) Old regions: 375->389
[2024-08-15T13:30:44.488+0000][3740.433s][info][gc,heap     ] GC(769) Archive regions: 2->2
[2024-08-15T13:30:44.488+0000][3740.433s][info][gc,heap     ] GC(769) Humongous regions: 5->5
[2024-08-15T13:30:44.488+0000][3740.433s][info][gc,metaspace] GC(769) Metaspace: 440330K(446656K)->440330K(446656K) NonClass: 385342K(388928K)->385342K(388928K) Class: 54987K(57728K)->54987K(57728K)
[2024-08-15T13:30:44.489+0000][3740.433s][info][gc          ] GC(769) Pause Young (Mixed) (G1 Evacuation Pause) 3647M->3179M(12288M) 125.621ms
[2024-08-15T13:30:44.489+0000][3740.433s][info][gc,cpu      ] GC(769) User=0.75s Sys=0.00s Real=0.13s
[2024-08-15T13:30:46.900+0000][3742.844s][info][gc,start    ] GC(770) Pause Young (Normal) (G1 Evacuation Pause)
[2024-08-15T13:30:46.900+0000][3742.844s][info][gc,task     ] GC(770) Using 6 workers of 6 for evacuation
[2024-08-15T13:30:46.996+0000][3742.941s][info][gc,phases   ] GC(770)   Pre Evacuate Collection Set: 0.2ms
[2024-08-15T13:30:46.996+0000][3742.941s][info][gc,phases   ] GC(770)   Merge Heap Roots: 0.4ms
[2024-08-15T13:30:46.996+0000][3742.941s][info][gc,phases   ] GC(770)   Evacuate Collection Set: 71.3ms
[2024-08-15T13:30:46.996+0000][3742.941s][info][gc,phases   ] GC(770)   Post Evacuate Collection Set: 24.6ms
[2024-08-15T13:30:46.996+0000][3742.941s][info][gc,phases   ] GC(770)   Other: 0.2ms
[2024-08-15T13:30:46.996+0000][3742.941s][info][gc,heap     ] GC(770) Eden regions: 810->0(807)
[2024-08-15T13:30:46.996+0000][3742.941s][info][gc,heap     ] GC(770) Survivor regions: 3->7(102)
[2024-08-15T13:30:46.996+0000][3742.941s][info][gc,heap     ] GC(770) Old regions: 389->389
[2024-08-15T13:30:46.996+0000][3742.941s][info][gc,heap     ] GC(770) Archive regions: 2->2
[2024-08-15T13:30:46.996+0000][3742.941s][info][gc,heap     ] GC(770) Humongous regions: 5->5
[2024-08-15T13:30:46.996+0000][3742.941s][info][gc,metaspace] GC(770) Metaspace: 440330K(446656K)->440330K(446656K) NonClass: 385342K(388928K)->385342K(388928K) Class: 54987K(57728K)->54987K(57728K)
[2024-08-15T13:30:46.996+0000][3742.941s][info][gc          ] GC(770) Pause Young (Normal) (G1 Evacuation Pause) 9659M->3211M(12288M) 96.718ms
[2024-08-15T13:30:46.997+0000][3742.941s][info][gc,cpu      ] GC(770) User=0.57s Sys=0.00s Real=0.10s
[2024-08-15T13:30:49.356+0000][3745.301s][info][gc,start    ] GC(771) Pause Young (Normal) (G1 Evacuation Pause)
[2024-08-15T13:30:49.356+0000][3745.301s][info][gc,task     ] GC(771) Using 6 workers of 6 for evacuation
[2024-08-15T13:30:49.494+0000][3745.438s][info][gc,phases   ] GC(771)   Pre Evacuate Collection Set: 0.2ms
[2024-08-15T13:30:49.494+0000][3745.438s][info][gc,phases   ] GC(771)   Merge Heap Roots: 0.8ms
[2024-08-15T13:30:49.494+0000][3745.438s][info][gc,phases   ] GC(771)   Evacuate Collection Set: 103.2ms
[2024-08-15T13:30:49.494+0000][3745.438s][info][gc,phases   ] GC(771)   Post Evacuate Collection Set: 33.1ms
[2024-08-15T13:30:49.494+0000][3745.438s][info][gc,phases   ] GC(771)   Other: 0.2ms
[2024-08-15T13:30:49.494+0000][3745.438s][info][gc,heap     ] GC(771) Eden regions: 807->0(801)
[2024-08-15T13:30:49.494+0000][3745.438s][info][gc,heap     ] GC(771) Survivor regions: 7->13(102)
[2024-08-15T13:30:49.494+0000][3745.438s][info][gc,heap     ] GC(771) Old regions: 389->389
[2024-08-15T13:30:49.494+0000][3745.438s][info][gc,heap     ] GC(771) Archive regions: 2->2
[2024-08-15T13:30:49.494+0000][3745.438s][info][gc,heap     ] GC(771) Humongous regions: 5->5
[2024-08-15T13:30:49.494+0000][3745.438s][info][gc,metaspace] GC(771) Metaspace: 440330K(446656K)->440330K(446656K) NonClass: 385342K(388928K)->385342K(388928K) Class: 54987K(57728K)->54987K(57728K)
[2024-08-15T13:30:49.494+0000][3745.438s][info][gc          ] GC(771) Pause Young (Normal) (G1 Evacuation Pause) 9667M->3256M(12288M) 137.685ms
[2024-08-15T13:30:49.494+0000][3745.438s][info][gc,cpu      ] GC(771) User=0.78s Sys=0.00s Real=0.13s
[2024-08-15T13:30:51.943+0000][3747.887s][info][gc,start    ] GC(772) Pause Young (Concurrent Start) (G1 Evacuation Pause)
[2024-08-15T13:30:51.943+0000][3747.887s][info][gc,task     ] GC(772) Using 6 workers of 6 for evacuation
[2024-08-15T13:30:52.080+0000][3748.025s][info][gc,phases   ] GC(772)   Pre Evacuate Collection Set: 0.6ms
[2024-08-15T13:30:52.080+0000][3748.025s][info][gc,phases   ] GC(772)   Merge Heap Roots: 0.5ms
[2024-08-15T13:30:52.080+0000][3748.025s][info][gc,phases   ] GC(772)   Evacuate Collection Set: 109.6ms
[2024-08-15T13:30:52.080+0000][3748.025s][info][gc,phases   ] GC(772)   Post Evacuate Collection Set: 26.7ms
[2024-08-15T13:30:52.080+0000][3748.025s][info][gc,phases   ] GC(772)   Other: 0.3ms
[2024-08-15T13:30:52.080+0000][3748.025s][info][gc,heap     ] GC(772) Eden regions: 801->0(794)
[2024-08-15T13:30:52.080+0000][3748.025s][info][gc,heap     ] GC(772) Survivor regions: 13->19(102)
[2024-08-15T13:30:52.080+0000][3748.025s][info][gc,heap     ] GC(772) Old regions: 389->389
[2024-08-15T13:30:52.081+0000][3748.025s][info][gc,heap     ] GC(772) Archive regions: 2->2
[2024-08-15T13:30:52.081+0000][3748.025s][info][gc,heap     ] GC(772) Humongous regions: 5->5
[2024-08-15T13:30:52.081+0000][3748.025s][info][gc,metaspace] GC(772) Metaspace: 440330K(446656K)->440330K(446656K) NonClass: 385342K(388928K)->385342K(388928K) Class: 54987K(57728K)->54987K(57728K)
[2024-08-15T13:30:52.081+0000][3748.025s][info][gc          ] GC(772) Pause Young (Concurrent Start) (G1 Evacuation Pause) 9664M->3302M(12288M) 137.786ms
[2024-08-15T13:30:52.081+0000][3748.025s][info][gc,cpu      ] GC(772) User=0.81s Sys=0.00s Real=0.14s
[2024-08-15T13:30:52.081+0000][3748.025s][info][gc          ] GC(773) Concurrent Mark Cycle
[2024-08-15T13:30:52.081+0000][3748.025s][info][gc,marking  ] GC(773) Concurrent Clear Claimed Marks
[2024-08-15T13:30:52.081+0000][3748.026s][info][gc,marking  ] GC(773) Concurrent Clear Claimed Marks 0.420ms
[2024-08-15T13:30:52.081+0000][3748.026s][info][gc,marking  ] GC(773) Concurrent Scan Root Regions
[2024-08-15T13:30:52.127+0000][3748.071s][info][gc,marking  ] GC(773) Concurrent Scan Root Regions 45.773ms
[2024-08-15T13:30:52.127+0000][3748.072s][info][gc,marking  ] GC(773) Concurrent Mark
[2024-08-15T13:30:52.127+0000][3748.072s][info][gc,marking  ] GC(773) Concurrent Mark From Roots
[2024-08-15T13:30:52.127+0000][3748.072s][info][gc,task     ] GC(773) Using 2 workers of 2 for marking
[2024-08-15T13:30:54.010+0000][3749.955s][info][gc,marking  ] GC(773) Concurrent Mark From Roots 1883.209ms
[2024-08-15T13:30:54.010+0000][3749.955s][info][gc,marking  ] GC(773) Concurrent Preclean
[2024-08-15T13:30:54.011+0000][3749.956s][info][gc,marking  ] GC(773) Concurrent Preclean 1.176ms
[2024-08-15T13:30:54.011+0000][3749.956s][info][gc,start    ] GC(773) Pause Remark
[2024-08-15T13:30:54.035+0000][3749.979s][info][gc          ] GC(773) Pause Remark 7974M->7966M(12288M) 23.241ms
[2024-08-15T13:30:54.035+0000][3749.979s][info][gc,cpu      ] GC(773) User=0.09s Sys=0.00s Real=0.02s
[2024-08-15T13:30:54.035+0000][3749.980s][info][gc,marking  ] GC(773) Concurrent Mark 1907.985ms
[2024-08-15T13:30:54.035+0000][3749.980s][info][gc,marking  ] GC(773) Concurrent Rebuild Remembered Sets
[2024-08-15T13:30:54.774+0000][3750.719s][info][gc,start    ] GC(774) Pause Young (Normal) (G1 Evacuation Pause)
[2024-08-15T13:30:54.774+0000][3750.719s][info][gc,task     ] GC(774) Using 6 workers of 6 for evacuation
[2024-08-15T13:30:54.922+0000][3750.867s][info][gc,phases   ] GC(774)   Pre Evacuate Collection Set: 0.2ms
[2024-08-15T13:30:54.922+0000][3750.867s][info][gc,phases   ] GC(774)   Merge Heap Roots: 0.7ms
[2024-08-15T13:30:54.922+0000][3750.867s][info][gc,phases   ] GC(774)   Evacuate Collection Set: 120.5ms
[2024-08-15T13:30:54.922+0000][3750.867s][info][gc,phases   ] GC(774)   Post Evacuate Collection Set: 26.5ms
[2024-08-15T13:30:54.922+0000][3750.867s][info][gc,phases   ] GC(774)   Other: 0.2ms
[2024-08-15T13:30:54.922+0000][3750.867s][info][gc,heap     ] GC(774) Eden regions: 794->0(783)
[2024-08-15T13:30:54.922+0000][3750.867s][info][gc,heap     ] GC(774) Survivor regions: 19->25(102)
[2024-08-15T13:30:54.922+0000][3750.867s][info][gc,heap     ] GC(774) Old regions: 388->388
[2024-08-15T13:30:54.922+0000][3750.867s][info][gc,heap     ] GC(774) Archive regions: 2->2
[2024-08-15T13:30:54.922+0000][3750.867s][info][gc,heap     ] GC(774) Humongous regions: 5->5
[2024-08-15T13:30:54.922+0000][3750.867s][info][gc,metaspace] GC(774) Metaspace: 440330K(446656K)->440330K(446656K) NonClass: 385342K(388928K)->385342K(388928K) Class: 54987K(57728K)->54987K(57728K)
[2024-08-15T13:30:54.922+0000][3750.867s][info][gc          ] GC(774) Pause Young (Normal) (G1 Evacuation Pause) 9646M->3343M(12288M) 148.185ms
[2024-08-15T13:30:54.922+0000][3750.867s][info][gc,cpu      ] GC(774) User=0.87s Sys=0.00s Real=0.15s
[2024-08-15T13:30:55.184+0000][3751.129s][info][gc,marking  ] GC(773) Concurrent Rebuild Remembered Sets 1149.317ms
[2024-08-15T13:30:55.184+0000][3751.129s][info][gc,start    ] GC(773) Pause Cleanup
[2024-08-15T13:30:55.185+0000][3751.130s][info][gc          ] GC(773) Pause Cleanup 3975M->3975M(12288M) 0.627ms
[2024-08-15T13:30:55.185+0000][3751.130s][info][gc,cpu      ] GC(773) User=0.00s Sys=0.00s Real=0.00s
[2024-08-15T13:30:55.185+0000][3751.130s][info][gc,marking  ] GC(773) Concurrent Cleanup for Next Mark
[2024-08-15T13:30:55.200+0000][3751.145s][info][gc,marking  ] GC(773) Concurrent Cleanup for Next Mark 15.318ms
[2024-08-15T13:30:55.200+0000][3751.145s][info][gc          ] GC(773) Concurrent Mark Cycle 3119.842ms
[2024-08-15T13:31:01.815+0000][3757.759s][info][gc,start    ] GC(775) Pause Young (Prepare Mixed) (G1 Evacuation Pause)
[2024-08-15T13:31:01.815+0000][3757.759s][info][gc,task     ] GC(775) Using 6 workers of 6 for evacuation
[2024-08-15T13:31:01.931+0000][3757.876s][info][gc,phases   ] GC(775)   Pre Evacuate Collection Set: 0.2ms
[2024-08-15T13:31:01.931+0000][3757.876s][info][gc,phases   ] GC(775)   Merge Heap Roots: 0.5ms
[2024-08-15T13:31:01.931+0000][3757.876s][info][gc,phases   ] GC(775)   Evacuate Collection Set: 108.4ms
[2024-08-15T13:31:01.931+0000][3757.876s][info][gc,phases   ] GC(775)   Post Evacuate Collection Set: 7.5ms
[2024-08-15T13:31:01.931+0000][3757.876s][info][gc,phases   ] GC(775)   Other: 0.2ms
[2024-08-15T13:31:01.931+0000][3757.876s][info][gc,heap     ] GC(775) Eden regions: 783->0(47)
[2024-08-15T13:31:01.931+0000][3757.876s][info][gc,heap     ] GC(775) Survivor regions: 25->29(101)
[2024-08-15T13:31:01.931+0000][3757.876s][info][gc,heap     ] GC(775) Old regions: 388->388
[2024-08-15T13:31:01.931+0000][3757.876s][info][gc,heap     ] GC(775) Archive regions: 2->2
[2024-08-15T13:31:01.931+0000][3757.876s][info][gc,heap     ] GC(775) Humongous regions: 5->5
[2024-08-15T13:31:01.931+0000][3757.876s][info][gc,metaspace] GC(775) Metaspace: 440335K(446656K)->440335K(446656K) NonClass: 385348K(388928K)->385348K(388928K) Class: 54987K(57728K)->54987K(57728K)
[2024-08-15T13:31:01.931+0000][3757.876s][info][gc          ] GC(775) Pause Young (Prepare Mixed) (G1 Evacuation Pause) 9607M->3379M(12288M) 116.973ms
[2024-08-15T13:31:01.932+0000][3757.876s][info][gc,cpu      ] GC(775) User=0.69s Sys=0.00s Real=0.12s
[2024-08-15T13:31:02.448+0000][3758.393s][info][gc,start    ] GC(776) Pause Young (Mixed) (G1 Evacuation Pause)
[2024-08-15T13:31:02.448+0000][3758.393s][info][gc,task     ] GC(776) Using 6 workers of 6 for evacuation
[2024-08-15T13:31:02.564+0000][3758.509s][info][gc,phases   ] GC(776)   Pre Evacuate Collection Set: 0.2ms
[2024-08-15T13:31:02.564+0000][3758.509s][info][gc,phases   ] GC(776)   Merge Heap Roots: 0.4ms
[2024-08-15T13:31:02.564+0000][3758.509s][info][gc,phases   ] GC(776)   Evacuate Collection Set: 113.5ms
[2024-08-15T13:31:02.564+0000][3758.509s][info][gc,phases   ] GC(776)   Post Evacuate Collection Set: 1.8ms
[2024-08-15T13:31:02.564+0000][3758.509s][info][gc,phases   ] GC(776)   Other: 0.2ms
[2024-08-15T13:31:02.564+0000][3758.509s][info][gc,heap     ] GC(776) Eden regions: 47->0(807)
[2024-08-15T13:31:02.564+0000][3758.509s][info][gc,heap     ] GC(776) Survivor regions: 29->6(10)
[2024-08-15T13:31:02.564+0000][3758.509s][info][gc,heap     ] GC(776) Old regions: 388->391
[2024-08-15T13:31:02.564+0000][3758.509s][info][gc,heap     ] GC(776) Archive regions: 2->2
[2024-08-15T13:31:02.564+0000][3758.509s][info][gc,heap     ] GC(776) Humongous regions: 5->5
[2024-08-15T13:31:02.564+0000][3758.509s][info][gc,metaspace] GC(776) Metaspace: 440335K(446656K)->440335K(446656K) NonClass: 385348K(388928K)->385348K(388928K) Class: 54987K(57728K)->54987K(57728K)
[2024-08-15T13:31:02.564+0000][3758.509s][info][gc          ] GC(776) Pause Young (Mixed) (G1 Evacuation Pause) 3755M->3213M(12288M) 116.128ms
[2024-08-15T13:31:02.564+0000][3758.509s][info][gc,cpu      ] GC(776) User=0.69s Sys=0.00s Real=0.12s
[2024-08-15T13:31:11.461+0000][3767.406s][info][gc,start    ] GC(777) Pause Young (Normal) (G1 Evacuation Pause)
[2024-08-15T13:31:11.461+0000][3767.406s][info][gc,task     ] GC(777) Using 6 workers of 6 for evacuation
[2024-08-15T13:31:11.484+0000][3767.429s][info][gc,phases   ] GC(777)   Pre Evacuate Collection Set: 0.2ms
[2024-08-15T13:31:11.484+0000][3767.429s][info][gc,phases   ] GC(777)   Merge Heap Roots: 0.2ms
[2024-08-15T13:31:11.484+0000][3767.429s][info][gc,phases   ] GC(777)   Evacuate Collection Set: 20.3ms
[2024-08-15T13:31:11.485+0000][3767.429s][info][gc,phases   ] GC(777)   Post Evacuate Collection Set: 2.2ms
[2024-08-15T13:31:11.485+0000][3767.429s][info][gc,phases   ] GC(777)   Other: 0.2ms
[2024-08-15T13:31:11.485+0000][3767.429s][info][gc,heap     ] GC(777) Eden regions: 807->0(805)
[2024-08-15T13:31:11.485+0000][3767.429s][info][gc,heap     ] GC(777) Survivor regions: 6->9(102)
[2024-08-15T13:31:11.485+0000][3767.429s][info][gc,heap     ] GC(777) Old regions: 391->391
[2024-08-15T13:31:11.485+0000][3767.429s][info][gc,heap     ] GC(777) Archive regions: 2->2
[2024-08-15T13:31:11.485+0000][3767.429s][info][gc,heap     ] GC(777) Humongous regions: 5->5
[2024-08-15T13:31:11.485+0000][3767.429s][info][gc,metaspace] GC(777) Metaspace: 440336K(446656K)->440336K(446656K) NonClass: 385349K(388928K)->385349K(388928K) Class: 54987K(57728K)->54987K(57728K)
[2024-08-15T13:31:11.485+0000][3767.429s][info][gc          ] GC(777) Pause Young (Normal) (G1 Evacuation Pause) 9669M->3235M(12288M) 23.193ms
[2024-08-15T13:31:11.485+0000][3767.429s][info][gc,cpu      ] GC(777) User=0.13s Sys=0.00s Real=0.03s
[2024-08-15T13:31:20.516+0000][3776.461s][info][gc,start    ] GC(778) Pause Young (Normal) (G1 Evacuation Pause)
[2024-08-15T13:31:20.516+0000][3776.461s][info][gc,task     ] GC(778) Using 6 workers of 6 for evacuation
[2024-08-15T13:31:20.544+0000][3776.489s][info][gc,phases   ] GC(778)   Pre Evacuate Collection Set: 0.2ms
[2024-08-15T13:31:20.544+0000][3776.489s][info][gc,phases   ] GC(778)   Merge Heap Roots: 0.2ms
[2024-08-15T13:31:20.544+0000][3776.489s][info][gc,phases   ] GC(778)   Evacuate Collection Set: 25.4ms
[2024-08-15T13:31:20.544+0000][3776.489s][info][gc,phases   ] GC(778)   Post Evacuate Collection Set: 2.2ms
[2024-08-15T13:31:20.544+0000][3776.489s][info][gc,phases   ] GC(778)   Other: 0.2ms
[2024-08-15T13:31:20.544+0000][3776.489s][info][gc,heap     ] GC(778) Eden regions: 805->0(801)
[2024-08-15T13:31:20.544+0000][3776.489s][info][gc,heap     ] GC(778) Survivor regions: 9->13(102)
[2024-08-15T13:31:20.544+0000][3776.489s][info][gc,heap     ] GC(778) Old regions: 391->391
[2024-08-15T13:31:20.544+0000][3776.489s][info][gc,heap     ] GC(778) Archive regions: 2->2
[2024-08-15T13:31:20.544+0000][3776.489s][info][gc,heap     ] GC(778) Humongous regions: 5->5
[2024-08-15T13:31:20.544+0000][3776.489s][info][gc,metaspace] GC(778) Metaspace: 440336K(446656K)->440336K(446656K) NonClass: 385349K(388928K)->385349K(388928K) Class: 54987K(57728K)->54987K(57728K)
[2024-08-15T13:31:20.544+0000][3776.489s][info][gc          ] GC(778) Pause Young (Normal) (G1 Evacuation Pause) 9675M->3266M(12288M) 28.317ms
[2024-08-15T13:31:20.544+0000][3776.489s][info][gc,cpu      ] GC(778) User=0.17s Sys=0.00s Real=0.03s
[2024-08-15T13:31:29.108+0000][3785.052s][info][gc,start    ] GC(779) Pause Young (Concurrent Start) (G1 Evacuation Pause)
[2024-08-15T13:31:29.108+0000][3785.053s][info][gc,task     ] GC(779) Using 6 workers of 6 for evacuation
[2024-08-15T13:31:29.142+0000][3785.086s][info][gc,phases   ] GC(779)   Pre Evacuate Collection Set: 0.6ms
[2024-08-15T13:31:29.142+0000][3785.086s][info][gc,phases   ] GC(779)   Merge Heap Roots: 0.2ms
[2024-08-15T13:31:29.142+0000][3785.086s][info][gc,phases   ] GC(779)   Evacuate Collection Set: 30.4ms
[2024-08-15T13:31:29.142+0000][3785.086s][info][gc,phases   ] GC(779)   Post Evacuate Collection Set: 2.2ms
[2024-08-15T13:31:29.142+0000][3785.086s][info][gc,phases   ] GC(779)   Other: 0.3ms
[2024-08-15T13:31:29.142+0000][3785.086s][info][gc,heap     ] GC(779) Eden regions: 801->0(802)
[2024-08-15T13:31:29.142+0000][3785.086s][info][gc,heap     ] GC(779) Survivor regions: 13->13(102)
[2024-08-15T13:31:29.142+0000][3785.086s][info][gc,heap     ] GC(779) Old regions: 391->391
[2024-08-15T13:31:29.142+0000][3785.086s][info][gc,heap     ] GC(779) Archive regions: 2->2
[2024-08-15T13:31:29.142+0000][3785.086s][info][gc,heap     ] GC(779) Humongous regions: 5->5
[2024-08-15T13:31:29.142+0000][3785.086s][info][gc,metaspace] GC(779) Metaspace: 440336K(446656K)->440336K(446656K) NonClass: 385349K(388928K)->385349K(388928K) Class: 54987K(57728K)->54987K(57728K)
[2024-08-15T13:31:29.142+0000][3785.086s][info][gc          ] GC(779) Pause Young (Concurrent Start) (G1 Evacuation Pause) 9674M->3269M(12288M) 33.761ms
[2024-08-15T13:31:29.142+0000][3785.086s][info][gc,cpu      ] GC(779) User=0.19s Sys=0.00s Real=0.03s
[2024-08-15T13:31:29.142+0000][3785.086s][info][gc          ] GC(780) Concurrent Mark Cycle
[2024-08-15T13:31:29.142+0000][3785.086s][info][gc,marking  ] GC(780) Concurrent Clear Claimed Marks
[2024-08-15T13:31:29.142+0000][3785.087s][info][gc,marking  ] GC(780) Concurrent Clear Claimed Marks 0.471ms
[2024-08-15T13:31:29.142+0000][3785.087s][info][gc,marking  ] GC(780) Concurrent Scan Root Regions
[2024-08-15T13:31:29.167+0000][3785.112s][info][gc,marking  ] GC(780) Concurrent Scan Root Regions 24.852ms
[2024-08-15T13:31:29.167+0000][3785.112s][info][gc,marking  ] GC(780) Concurrent Mark
[2024-08-15T13:31:29.167+0000][3785.112s][info][gc,marking  ] GC(780) Concurrent Mark From Roots
[2024-08-15T13:31:29.167+0000][3785.112s][info][gc,task     ] GC(780) Using 2 workers of 2 for marking
[2024-08-15T13:31:31.527+0000][3787.472s][info][gc,marking  ] GC(780) Concurrent Mark From Roots 2360.034ms
[2024-08-15T13:31:31.527+0000][3787.472s][info][gc,marking  ] GC(780) Concurrent Preclean
[2024-08-15T13:31:31.529+0000][3787.473s][info][gc,marking  ] GC(780) Concurrent Preclean 1.513ms
[2024-08-15T13:31:31.529+0000][3787.473s][info][gc,start    ] GC(780) Pause Remark
[2024-08-15T13:31:31.552+0000][3787.496s][info][gc          ] GC(780) Pause Remark 4865M->4865M(12288M) 22.943ms
[2024-08-15T13:31:31.552+0000][3787.496s][info][gc,cpu      ] GC(780) User=0.10s Sys=0.00s Real=0.02s
[2024-08-15T13:31:31.552+0000][3787.497s][info][gc,marking  ] GC(780) Concurrent Mark 2384.836ms
[2024-08-15T13:31:31.552+0000][3787.497s][info][gc,marking  ] GC(780) Concurrent Rebuild Remembered Sets
[2024-08-15T13:31:32.958+0000][3788.903s][info][gc,marking  ] GC(780) Concurrent Rebuild Remembered Sets 1406.240ms
[2024-08-15T13:31:32.958+0000][3788.903s][info][gc,start    ] GC(780) Pause Cleanup
[2024-08-15T13:31:32.959+0000][3788.904s][info][gc          ] GC(780) Pause Cleanup 5845M->5845M(12288M) 0.667ms
[2024-08-15T13:31:32.959+0000][3788.904s][info][gc,cpu      ] GC(780) User=0.00s Sys=0.00s Real=0.00s
[2024-08-15T13:31:32.959+0000][3788.904s][info][gc,marking  ] GC(780) Concurrent Cleanup for Next Mark
[2024-08-15T13:31:32.977+0000][3788.921s][info][gc,marking  ] GC(780) Concurrent Cleanup for Next Mark 17.378ms
[2024-08-15T13:31:32.977+0000][3788.921s][info][gc          ] GC(780) Concurrent Mark Cycle 3834.954ms
[2024-08-15T13:31:38.258+0000][3794.202s][info][gc,start    ] GC(781) Pause Young (Prepare Mixed) (G1 Evacuation Pause)
[2024-08-15T13:31:38.258+0000][3794.203s][info][gc,task     ] GC(781) Using 6 workers of 6 for evacuation
[2024-08-15T13:31:38.296+0000][3794.241s][info][gc,phases   ] GC(781)   Pre Evacuate Collection Set: 0.2ms
[2024-08-15T13:31:38.296+0000][3794.241s][info][gc,phases   ] GC(781)   Merge Heap Roots: 0.3ms
[2024-08-15T13:31:38.296+0000][3794.241s][info][gc,phases   ] GC(781)   Evacuate Collection Set: 35.3ms
[2024-08-15T13:31:38.296+0000][3794.241s][info][gc,phases   ] GC(781)   Post Evacuate Collection Set: 2.4ms
[2024-08-15T13:31:38.296+0000][3794.241s][info][gc,phases   ] GC(781)   Other: 0.2ms
[2024-08-15T13:31:38.296+0000][3794.241s][info][gc,heap     ] GC(781) Eden regions: 802->0(60)
[2024-08-15T13:31:38.296+0000][3794.241s][info][gc,heap     ] GC(781) Survivor regions: 13->16(102)
[2024-08-15T13:31:38.296+0000][3794.241s][info][gc,heap     ] GC(781) Old regions: 391->391
[2024-08-15T13:31:38.296+0000][3794.241s][info][gc,heap     ] GC(781) Archive regions: 2->2
[2024-08-15T13:31:38.296+0000][3794.241s][info][gc,heap     ] GC(781) Humongous regions: 5->5
[2024-08-15T13:31:38.296+0000][3794.241s][info][gc,metaspace] GC(781) Metaspace: 440338K(446656K)->440338K(446656K) NonClass: 385351K(388928K)->385351K(388928K) Class: 54987K(57728K)->54987K(57728K)
[2024-08-15T13:31:38.296+0000][3794.241s][info][gc          ] GC(781) Pause Young (Prepare Mixed) (G1 Evacuation Pause) 9685M->3293M(12288M) 38.402ms
[2024-08-15T13:31:38.296+0000][3794.241s][info][gc,cpu      ] GC(781) User=0.23s Sys=0.00s Real=0.04s
[2024-08-15T13:31:38.937+0000][3794.882s][info][gc,start    ] GC(782) Pause Young (Mixed) (G1 Evacuation Pause)
[2024-08-15T13:31:38.937+0000][3794.882s][info][gc,task     ] GC(782) Using 6 workers of 6 for evacuation
[2024-08-15T13:31:38.994+0000][3794.939s][info][gc,phases   ] GC(782)   Pre Evacuate Collection Set: 0.2ms
[2024-08-15T13:31:38.994+0000][3794.939s][info][gc,phases   ] GC(782)   Merge Heap Roots: 0.3ms
[2024-08-15T13:31:38.994+0000][3794.939s][info][gc,phases   ] GC(782)   Evacuate Collection Set: 54.6ms
[2024-08-15T13:31:38.994+0000][3794.939s][info][gc,phases   ] GC(782)   Post Evacuate Collection Set: 1.8ms
[2024-08-15T13:31:38.994+0000][3794.939s][info][gc,phases   ] GC(782)   Other: 0.2ms
[2024-08-15T13:31:38.994+0000][3794.939s][info][gc,heap     ] GC(782) Eden regions: 60->0(818)
[2024-08-15T13:31:38.994+0000][3794.939s][info][gc,heap     ] GC(782) Survivor regions: 16->5(10)
[2024-08-15T13:31:38.994+0000][3794.939s][info][gc,heap     ] GC(782) Old regions: 391->382
[2024-08-15T13:31:38.994+0000][3794.939s][info][gc,heap     ] GC(782) Archive regions: 2->2
[2024-08-15T13:31:38.994+0000][3794.939s][info][gc,heap     ] GC(782) Humongous regions: 5->5
[2024-08-15T13:31:38.994+0000][3794.939s][info][gc,metaspace] GC(782) Metaspace: 440340K(446656K)->440340K(446656K) NonClass: 385352K(388928K)->385352K(388928K) Class: 54987K(57728K)->54987K(57728K)
[2024-08-15T13:31:38.994+0000][3794.939s][info][gc          ] GC(782) Pause Young (Mixed) (G1 Evacuation Pause) 3773M->3136M(12288M) 57.096ms
[2024-08-15T13:31:38.994+0000][3794.939s][info][gc,cpu      ] GC(782) User=0.34s Sys=0.00s Real=0.05s
[2024-08-15T13:31:48.180+0000][3804.125s][info][gc,start    ] GC(783) Pause Young (Normal) (G1 Evacuation Pause)
[2024-08-15T13:31:48.180+0000][3804.125s][info][gc,task     ] GC(783) Using 6 workers of 6 for evacuation
[2024-08-15T13:31:48.205+0000][3804.150s][info][gc,phases   ] GC(783)   Pre Evacuate Collection Set: 0.2ms
[2024-08-15T13:31:48.205+0000][3804.150s][info][gc,phases   ] GC(783)   Merge Heap Roots: 0.3ms
[2024-08-15T13:31:48.205+0000][3804.150s][info][gc,phases   ] GC(783)   Evacuate Collection Set: 21.7ms
[2024-08-15T13:31:48.205+0000][3804.150s][info][gc,phases   ] GC(783)   Post Evacuate Collection Set: 2.6ms
[2024-08-15T13:31:48.205+0000][3804.150s][info][gc,phases   ] GC(783)   Other: 0.2ms
[2024-08-15T13:31:48.205+0000][3804.150s][info][gc,heap     ] GC(783) Eden regions: 818->0(814)
[2024-08-15T13:31:48.205+0000][3804.150s][info][gc,heap     ] GC(783) Survivor regions: 5->9(103)
[2024-08-15T13:31:48.205+0000][3804.150s][info][gc,heap     ] GC(783) Old regions: 382->382
[2024-08-15T13:31:48.205+0000][3804.150s][info][gc,heap     ] GC(783) Archive regions: 2->2
[2024-08-15T13:31:48.205+0000][3804.150s][info][gc,heap     ] GC(783) Humongous regions: 5->5
[2024-08-15T13:31:48.205+0000][3804.150s][info][gc,metaspace] GC(783) Metaspace: 440349K(446720K)->440349K(446720K) NonClass: 385361K(388992K)->385361K(388992K) Class: 54987K(57728K)->54987K(57728K)
[2024-08-15T13:31:48.205+0000][3804.150s][info][gc          ] GC(783) Pause Young (Normal) (G1 Evacuation Pause) 9680M->3164M(12288M) 25.006ms
[2024-08-15T13:31:48.205+0000][3804.150s][info][gc,cpu      ] GC(783) User=0.14s Sys=0.00s Real=0.03s
[2024-08-15T13:31:56.553+0000][3812.498s][info][gc,start    ] GC(784) Pause Young (Normal) (G1 Evacuation Pause)
[2024-08-15T13:31:56.553+0000][3812.498s][info][gc,task     ] GC(784) Using 6 workers of 6 for evacuation
[2024-08-15T13:31:56.578+0000][3812.523s][info][gc,phases   ] GC(784)   Pre Evacuate Collection Set: 0.2ms
[2024-08-15T13:31:56.578+0000][3812.523s][info][gc,phases   ] GC(784)   Merge Heap Roots: 0.2ms
[2024-08-15T13:31:56.578+0000][3812.523s][info][gc,phases   ] GC(784)   Evacuate Collection Set: 22.2ms
[2024-08-15T13:31:56.578+0000][3812.523s][info][gc,phases   ] GC(784)   Post Evacuate Collection Set: 2.2ms
[2024-08-15T13:31:56.578+0000][3812.523s][info][gc,phases   ] GC(784)   Other: 0.2ms
[2024-08-15T13:31:56.578+0000][3812.523s][info][gc,heap     ] GC(784) Eden regions: 814->0(813)
[2024-08-15T13:31:56.578+0000][3812.523s][info][gc,heap     ] GC(784) Survivor regions: 9->11(103)
[2024-08-15T13:31:56.578+0000][3812.523s][info][gc,heap     ] GC(784) Old regions: 382->382
[2024-08-15T13:31:56.578+0000][3812.523s][info][gc,heap     ] GC(784) Archive regions: 2->2
[2024-08-15T13:31:56.578+0000][3812.523s][info][gc,heap     ] GC(784) Humongous regions: 5->5
[2024-08-15T13:31:56.578+0000][3812.523s][info][gc,metaspace] GC(784) Metaspace: 440349K(446720K)->440349K(446720K) NonClass: 385361K(388992K)->385361K(388992K) Class: 54987K(57728K)->54987K(57728K)
[2024-08-15T13:31:56.578+0000][3812.523s][info][gc          ] GC(784) Pause Young (Normal) (G1 Evacuation Pause) 9676M->3178M(12288M) 25.050ms
[2024-08-15T13:31:56.578+0000][3812.523s][info][gc,cpu      ] GC(784) User=0.15s Sys=0.00s Real=0.03s
[2024-08-15T13:32:05.553+0000][3821.498s][info][gc,start    ] GC(785) Pause Young (Concurrent Start) (G1 Evacuation Pause)
[2024-08-15T13:32:05.553+0000][3821.498s][info][gc,task     ] GC(785) Using 6 workers of 6 for evacuation
[2024-08-15T13:32:05.585+0000][3821.530s][info][gc,phases   ] GC(785)   Pre Evacuate Collection Set: 0.6ms
[2024-08-15T13:32:05.585+0000][3821.530s][info][gc,phases   ] GC(785)   Merge Heap Roots: 0.2ms
[2024-08-15T13:32:05.585+0000][3821.530s][info][gc,phases   ] GC(785)   Evacuate Collection Set: 28.5ms
[2024-08-15T13:32:05.585+0000][3821.530s][info][gc,phases   ] GC(785)   Post Evacuate Collection Set: 2.2ms
[2024-08-15T13:32:05.585+0000][3821.530s][info][gc,phases   ] GC(785)   Other: 0.3ms
[2024-08-15T13:32:05.585+0000][3821.530s][info][gc,heap     ] GC(785) Eden regions: 813->0(810)
[2024-08-15T13:32:05.585+0000][3821.530s][info][gc,heap     ] GC(785) Survivor regions: 11->14(103)
[2024-08-15T13:32:05.585+0000][3821.530s][info][gc,heap     ] GC(785) Old regions: 382->382
[2024-08-15T13:32:05.585+0000][3821.530s][info][gc,heap     ] GC(785) Archive regions: 2->2
[2024-08-15T13:32:05.585+0000][3821.530s][info][gc,heap     ] GC(785) Humongous regions: 5->5
[2024-08-15T13:32:05.585+0000][3821.530s][info][gc,metaspace] GC(785) Metaspace: 440349K(446720K)->440349K(446720K) NonClass: 385361K(388992K)->385361K(388992K) Class: 54987K(57728K)->54987K(57728K)
[2024-08-15T13:32:05.585+0000][3821.530s][info][gc          ] GC(785) Pause Young (Concurrent Start) (G1 Evacuation Pause) 9682M->3207M(12288M) 31.905ms
[2024-08-15T13:32:05.585+0000][3821.530s][info][gc,cpu      ] GC(785) User=0.19s Sys=0.00s Real=0.04s
[2024-08-15T13:32:05.585+0000][3821.530s][info][gc          ] GC(786) Concurrent Mark Cycle
[2024-08-15T13:32:05.585+0000][3821.530s][info][gc,marking  ] GC(786) Concurrent Clear Claimed Marks
[2024-08-15T13:32:05.586+0000][3821.530s][info][gc,marking  ] GC(786) Concurrent Clear Claimed Marks 0.421ms
[2024-08-15T13:32:05.586+0000][3821.530s][info][gc,marking  ] GC(786) Concurrent Scan Root Regions
[2024-08-15T13:32:05.616+0000][3821.561s][info][gc,marking  ] GC(786) Concurrent Scan Root Regions 30.693ms
[2024-08-15T13:32:05.616+0000][3821.561s][info][gc,marking  ] GC(786) Concurrent Mark
[2024-08-15T13:32:05.616+0000][3821.561s][info][gc,marking  ] GC(786) Concurrent Mark From Roots
[2024-08-15T13:32:05.616+0000][3821.561s][info][gc,task     ] GC(786) Using 2 workers of 2 for marking
[2024-08-15T13:32:08.068+0000][3824.013s][info][gc,marking  ] GC(786) Concurrent Mark From Roots 2451.676ms
[2024-08-15T13:32:08.068+0000][3824.013s][info][gc,marking  ] GC(786) Concurrent Preclean
[2024-08-15T13:32:08.069+0000][3824.014s][info][gc,marking  ] GC(786) Concurrent Preclean 1.305ms
[2024-08-15T13:32:08.069+0000][3824.014s][info][gc,start    ] GC(786) Pause Remark
[2024-08-15T13:32:08.094+0000][3824.038s][info][gc          ] GC(786) Pause Remark 4895M->4895M(12288M) 24.408ms
[2024-08-15T13:32:08.094+0000][3824.039s][info][gc,cpu      ] GC(786) User=0.11s Sys=0.00s Real=0.02s
[2024-08-15T13:32:08.094+0000][3824.039s][info][gc,marking  ] GC(786) Concurrent Mark 2477.719ms
[2024-08-15T13:32:08.094+0000][3824.039s][info][gc,marking  ] GC(786) Concurrent Rebuild Remembered Sets
[2024-08-15T13:32:09.527+0000][3825.471s][info][gc,marking  ] GC(786) Concurrent Rebuild Remembered Sets 1432.567ms
[2024-08-15T13:32:09.527+0000][3825.471s][info][gc,start    ] GC(786) Pause Cleanup
[2024-08-15T13:32:09.527+0000][3825.472s][info][gc          ] GC(786) Pause Cleanup 5911M->5911M(12288M) 0.652ms
[2024-08-15T13:32:09.527+0000][3825.472s][info][gc,cpu      ] GC(786) User=0.00s Sys=0.00s Real=0.00s
[2024-08-15T13:32:09.528+0000][3825.472s][info][gc,marking  ] GC(786) Concurrent Cleanup for Next Mark
[2024-08-15T13:32:09.556+0000][3825.501s][info][gc,marking  ] GC(786) Concurrent Cleanup for Next Mark 28.659ms
[2024-08-15T13:32:09.556+0000][3825.501s][info][gc          ] GC(786) Concurrent Mark Cycle 3971.147ms
[2024-08-15T13:32:14.368+0000][3830.313s][info][gc,start    ] GC(787) Pause Young (Prepare Mixed) (G1 Evacuation Pause)
[2024-08-15T13:32:14.368+0000][3830.313s][info][gc,task     ] GC(787) Using 6 workers of 6 for evacuation
[2024-08-15T13:32:14.402+0000][3830.346s][info][gc,phases   ] GC(787)   Pre Evacuate Collection Set: 0.2ms
[2024-08-15T13:32:14.402+0000][3830.346s][info][gc,phases   ] GC(787)   Merge Heap Roots: 0.3ms
[2024-08-15T13:32:14.402+0000][3830.346s][info][gc,phases   ] GC(787)   Evacuate Collection Set: 30.8ms
[2024-08-15T13:32:14.402+0000][3830.346s][info][gc,phases   ] GC(787)   Post Evacuate Collection Set: 2.2ms
[2024-08-15T13:32:14.402+0000][3830.346s][info][gc,phases   ] GC(787)   Other: 0.2ms
[2024-08-15T13:32:14.402+0000][3830.346s][info][gc,heap     ] GC(787) Eden regions: 810->0(63)
[2024-08-15T13:32:14.402+0000][3830.346s][info][gc,heap     ] GC(787) Survivor regions: 14->13(103)
[2024-08-15T13:32:14.402+0000][3830.346s][info][gc,heap     ] GC(787) Old regions: 382->382
[2024-08-15T13:32:14.402+0000][3830.346s][info][gc,heap     ] GC(787) Archive regions: 2->2
[2024-08-15T13:32:14.402+0000][3830.346s][info][gc,heap     ] GC(787) Humongous regions: 5->5
[2024-08-15T13:32:14.402+0000][3830.346s][info][gc,metaspace] GC(787) Metaspace: 440351K(446720K)->440351K(446720K) NonClass: 385363K(388992K)->385363K(388992K) Class: 54987K(57728K)->54987K(57728K)
[2024-08-15T13:32:14.402+0000][3830.346s][info][gc          ] GC(787) Pause Young (Prepare Mixed) (G1 Evacuation Pause) 9687M->3195M(12288M) 33.791ms
[2024-08-15T13:32:14.402+0000][3830.346s][info][gc,cpu      ] GC(787) User=0.20s Sys=0.00s Real=0.03s
[2024-08-15T13:32:15.066+0000][3831.011s][info][gc,start    ] GC(788) Pause Young (Mixed) (G1 Evacuation Pause)
[2024-08-15T13:32:15.066+0000][3831.011s][info][gc,task     ] GC(788) Using 6 workers of 6 for evacuation
[2024-08-15T13:32:15.133+0000][3831.078s][info][gc,phases   ] GC(788)   Pre Evacuate Collection Set: 0.2ms
[2024-08-15T13:32:15.133+0000][3831.078s][info][gc,phases   ] GC(788)   Merge Heap Roots: 0.3ms
[2024-08-15T13:32:15.133+0000][3831.078s][info][gc,phases   ] GC(788)   Evacuate Collection Set: 64.0ms
[2024-08-15T13:32:15.133+0000][3831.078s][info][gc,phases   ] GC(788)   Post Evacuate Collection Set: 1.8ms
[2024-08-15T13:32:15.133+0000][3831.078s][info][gc,phases   ] GC(788)   Other: 0.2ms
[2024-08-15T13:32:15.133+0000][3831.078s][info][gc,heap     ] GC(788) Eden regions: 63->0(825)
[2024-08-15T13:32:15.133+0000][3831.078s][info][gc,heap     ] GC(788) Survivor regions: 13->5(10)
[2024-08-15T13:32:15.133+0000][3831.078s][info][gc,heap     ] GC(788) Old regions: 382->377
[2024-08-15T13:32:15.133+0000][3831.078s][info][gc,heap     ] GC(788) Archive regions: 2->2
[2024-08-15T13:32:15.133+0000][3831.078s][info][gc,heap     ] GC(788) Humongous regions: 5->5
[2024-08-15T13:32:15.133+0000][3831.078s][info][gc,metaspace] GC(788) Metaspace: 440352K(446720K)->440352K(446720K) NonClass: 385364K(388992K)->385364K(388992K) Class: 54987K(57728K)->54987K(57728K)
[2024-08-15T13:32:15.133+0000][3831.078s][info][gc          ] GC(788) Pause Young (Mixed) (G1 Evacuation Pause) 3699M->3092M(12288M) 66.553ms
[2024-08-15T13:32:15.133+0000][3831.078s][info][gc,cpu      ] GC(788) User=0.39s Sys=0.01s Real=0.06s
[2024-08-15T13:32:24.230+0000][3840.175s][info][gc,start    ] GC(789) Pause Young (Normal) (G1 Evacuation Pause)
[2024-08-15T13:32:24.230+0000][3840.175s][info][gc,task     ] GC(789) Using 6 workers of 6 for evacuation
[2024-08-15T13:32:24.252+0000][3840.197s][info][gc,phases   ] GC(789)   Pre Evacuate Collection Set: 0.2ms
[2024-08-15T13:32:24.252+0000][3840.197s][info][gc,phases   ] GC(789)   Merge Heap Roots: 0.2ms
[2024-08-15T13:32:24.252+0000][3840.197s][info][gc,phases   ] GC(789)   Evacuate Collection Set: 19.2ms
[2024-08-15T13:32:24.252+0000][3840.197s][info][gc,phases   ] GC(789)   Post Evacuate Collection Set: 2.5ms
[2024-08-15T13:32:24.252+0000][3840.197s][info][gc,phases   ] GC(789)   Other: 0.2ms
[2024-08-15T13:32:24.252+0000][3840.197s][info][gc,heap     ] GC(789) Eden regions: 825->0(822)
[2024-08-15T13:32:24.252+0000][3840.197s][info][gc,heap     ] GC(789) Survivor regions: 5->8(104)
[2024-08-15T13:32:24.252+0000][3840.197s][info][gc,heap     ] GC(789) Old regions: 377->377
[2024-08-15T13:32:24.252+0000][3840.197s][info][gc,heap     ] GC(789) Archive regions: 2->2
[2024-08-15T13:32:24.252+0000][3840.197s][info][gc,heap     ] GC(789) Humongous regions: 5->5
[2024-08-15T13:32:24.252+0000][3840.197s][info][gc,metaspace] GC(789) Metaspace: 440360K(446720K)->440360K(446720K) NonClass: 385372K(388992K)->385372K(388992K) Class: 54987K(57728K)->54987K(57728K)
[2024-08-15T13:32:24.252+0000][3840.197s][info][gc          ] GC(789) Pause Young (Normal) (G1 Evacuation Pause) 9692M->3114M(12288M) 22.295ms
[2024-08-15T13:32:24.252+0000][3840.197s][info][gc,cpu      ] GC(789) User=0.13s Sys=0.00s Real=0.02s
[2024-08-15T13:32:33.234+0000][3849.179s][info][gc,start    ] GC(790) Pause Young (Normal) (G1 Evacuation Pause)
[2024-08-15T13:32:33.234+0000][3849.179s][info][gc,task     ] GC(790) Using 6 workers of 6 for evacuation
[2024-08-15T13:32:33.263+0000][3849.208s][info][gc,phases   ] GC(790)   Pre Evacuate Collection Set: 0.2ms
[2024-08-15T13:32:33.263+0000][3849.208s][info][gc,phases   ] GC(790)   Merge Heap Roots: 0.2ms
[2024-08-15T13:32:33.263+0000][3849.208s][info][gc,phases   ] GC(790)   Evacuate Collection Set: 25.9ms
[2024-08-15T13:32:33.263+0000][3849.208s][info][gc,phases   ] GC(790)   Post Evacuate Collection Set: 2.5ms
[2024-08-15T13:32:33.263+0000][3849.208s][info][gc,phases   ] GC(790)   Other: 0.2ms
[2024-08-15T13:32:33.263+0000][3849.208s][info][gc,heap     ] GC(790) Eden regions: 822->0(819)
[2024-08-15T13:32:33.263+0000][3849.208s][info][gc,heap     ] GC(790) Survivor regions: 8->11(104)
[2024-08-15T13:32:33.263+0000][3849.208s][info][gc,heap     ] GC(790) Old regions: 377->377
[2024-08-15T13:32:33.263+0000][3849.208s][info][gc,heap     ] GC(790) Archive regions: 2->2
[2024-08-15T13:32:33.263+0000][3849.208s][info][gc,heap     ] GC(790) Humongous regions: 5->5
[2024-08-15T13:32:33.263+0000][3849.208s][info][gc,metaspace] GC(790) Metaspace: 440390K(446784K)->440390K(446784K) NonClass: 385402K(389056K)->385402K(389056K) Class: 54987K(57728K)->54987K(57728K)
[2024-08-15T13:32:33.263+0000][3849.208s][info][gc          ] GC(790) Pause Young (Normal) (G1 Evacuation Pause) 9690M->3140M(12288M) 29.079ms
[2024-08-15T13:32:33.263+0000][3849.208s][info][gc,cpu      ] GC(790) User=0.17s Sys=0.00s Real=0.03s
[2024-08-15T13:32:42.264+0000][3858.209s][info][gc,start    ] GC(791) Pause Young (Concurrent Start) (G1 Evacuation Pause)
[2024-08-15T13:32:42.264+0000][3858.209s][info][gc,task     ] GC(791) Using 6 workers of 6 for evacuation
[2024-08-15T13:32:42.302+0000][3858.247s][info][gc,phases   ] GC(791)   Pre Evacuate Collection Set: 0.6ms
[2024-08-15T13:32:42.302+0000][3858.247s][info][gc,phases   ] GC(791)   Merge Heap Roots: 0.2ms
[2024-08-15T13:32:42.302+0000][3858.247s][info][gc,phases   ] GC(791)   Evacuate Collection Set: 34.1ms
[2024-08-15T13:32:42.302+0000][3858.247s][info][gc,phases   ] GC(791)   Post Evacuate Collection Set: 2.6ms
[2024-08-15T13:32:42.302+0000][3858.247s][info][gc,phases   ] GC(791)   Other: 0.3ms
[2024-08-15T13:32:42.302+0000][3858.247s][info][gc,heap     ] GC(791) Eden regions: 819->0(816)
[2024-08-15T13:32:42.302+0000][3858.247s][info][gc,heap     ] GC(791) Survivor regions: 11->14(104)
[2024-08-15T13:32:42.302+0000][3858.247s][info][gc,heap     ] GC(791) Old regions: 377->377
[2024-08-15T13:32:42.302+0000][3858.247s][info][gc,heap     ] GC(791) Archive regions: 2->2
[2024-08-15T13:32:42.302+0000][3858.247s][info][gc,heap     ] GC(791) Humongous regions: 5->5
[2024-08-15T13:32:42.302+0000][3858.247s][info][gc,metaspace] GC(791) Metaspace: 440397K(446784K)->440397K(446784K) NonClass: 385410K(389056K)->385410K(389056K) Class: 54987K(57728K)->54987K(57728K)
[2024-08-15T13:32:42.302+0000][3858.247s][info][gc          ] GC(791) Pause Young (Concurrent Start) (G1 Evacuation Pause) 9692M->3168M(12288M) 37.897ms
[2024-08-15T13:32:42.302+0000][3858.247s][info][gc,cpu      ] GC(791) User=0.22s Sys=0.00s Real=0.03s
[2024-08-15T13:32:42.302+0000][3858.247s][info][gc          ] GC(792) Concurrent Mark Cycle
[2024-08-15T13:32:42.302+0000][3858.247s][info][gc,marking  ] GC(792) Concurrent Clear Claimed Marks
[2024-08-15T13:32:42.303+0000][3858.247s][info][gc,marking  ] GC(792) Concurrent Clear Claimed Marks 0.434ms
[2024-08-15T13:32:42.303+0000][3858.247s][info][gc,marking  ] GC(792) Concurrent Scan Root Regions
[2024-08-15T13:32:42.322+0000][3858.266s][info][gc,marking  ] GC(792) Concurrent Scan Root Regions 19.295ms
[2024-08-15T13:32:42.322+0000][3858.266s][info][gc,marking  ] GC(792) Concurrent Mark
[2024-08-15T13:32:42.322+0000][3858.267s][info][gc,marking  ] GC(792) Concurrent Mark From Roots
[2024-08-15T13:32:42.322+0000][3858.267s][info][gc,task     ] GC(792) Using 2 workers of 2 for marking
[2024-08-15T13:32:44.764+0000][3860.708s][info][gc,marking  ] GC(792) Concurrent Mark From Roots 2441.624ms
[2024-08-15T13:32:44.764+0000][3860.708s][info][gc,marking  ] GC(792) Concurrent Preclean
[2024-08-15T13:32:44.765+0000][3860.710s][info][gc,marking  ] GC(792) Concurrent Preclean 1.520ms
[2024-08-15T13:32:44.765+0000][3860.710s][info][gc,start    ] GC(792) Pause Remark
[2024-08-15T13:32:44.788+0000][3860.733s][info][gc          ] GC(792) Pause Remark 4828M->4828M(12288M) 22.879ms
[2024-08-15T13:32:44.788+0000][3860.733s][info][gc,cpu      ] GC(792) User=0.10s Sys=0.00s Real=0.02s
[2024-08-15T13:32:44.788+0000][3860.733s][info][gc,marking  ] GC(792) Concurrent Mark 2466.465ms
[2024-08-15T13:32:44.788+0000][3860.733s][info][gc,marking  ] GC(792) Concurrent Rebuild Remembered Sets
[2024-08-15T13:32:46.231+0000][3862.175s][info][gc,marking  ] GC(792) Concurrent Rebuild Remembered Sets 1442.324ms
[2024-08-15T13:32:46.231+0000][3862.176s][info][gc,start    ] GC(792) Pause Cleanup
[2024-08-15T13:32:46.232+0000][3862.176s][info][gc          ] GC(792) Pause Cleanup 5852M->5852M(12288M) 0.636ms
[2024-08-15T13:32:46.232+0000][3862.176s][info][gc,cpu      ] GC(792) User=0.00s Sys=0.00s Real=0.00s
[2024-08-15T13:32:46.232+0000][3862.176s][info][gc,marking  ] GC(792) Concurrent Cleanup for Next Mark
[2024-08-15T13:32:46.249+0000][3862.193s][info][gc,marking  ] GC(792) Concurrent Cleanup for Next Mark 16.955ms
[2024-08-15T13:32:46.249+0000][3862.193s][info][gc          ] GC(792) Concurrent Mark Cycle 3946.626ms
[2024-08-15T13:32:51.383+0000][3867.328s][info][gc,start    ] GC(793) Pause Young (Prepare Mixed) (G1 Evacuation Pause)
[2024-08-15T13:32:51.383+0000][3867.328s][info][gc,task     ] GC(793) Using 6 workers of 6 for evacuation
[2024-08-15T13:32:51.421+0000][3867.366s][info][gc,phases   ] GC(793)   Pre Evacuate Collection Set: 0.2ms
[2024-08-15T13:32:51.421+0000][3867.366s][info][gc,phases   ] GC(793)   Merge Heap Roots: 0.4ms
[2024-08-15T13:32:51.421+0000][3867.366s][info][gc,phases   ] GC(793)   Evacuate Collection Set: 35.3ms
[2024-08-15T13:32:51.421+0000][3867.366s][info][gc,phases   ] GC(793)   Post Evacuate Collection Set: 2.3ms
[2024-08-15T13:32:51.421+0000][3867.366s][info][gc,phases   ] GC(793)   Other: 0.2ms
[2024-08-15T13:32:51.421+0000][3867.366s][info][gc,heap     ] GC(793) Eden regions: 816->0(59)
[2024-08-15T13:32:51.421+0000][3867.366s][info][gc,heap     ] GC(793) Survivor regions: 14->17(104)
[2024-08-15T13:32:51.421+0000][3867.366s][info][gc,heap     ] GC(793) Old regions: 377->377
[2024-08-15T13:32:51.421+0000][3867.366s][info][gc,heap     ] GC(793) Archive regions: 2->2
[2024-08-15T13:32:51.421+0000][3867.366s][info][gc,heap     ] GC(793) Humongous regions: 5->5
[2024-08-15T13:32:51.421+0000][3867.366s][info][gc,metaspace] GC(793) Metaspace: 440402K(446784K)->440402K(446784K) NonClass: 385414K(389056K)->385414K(389056K) Class: 54988K(57728K)->54988K(57728K)
[2024-08-15T13:32:51.421+0000][3867.366s][info][gc          ] GC(793) Pause Young (Prepare Mixed) (G1 Evacuation Pause) 9696M->3193M(12288M) 38.361ms
[2024-08-15T13:32:51.421+0000][3867.366s][info][gc,cpu      ] GC(793) User=0.22s Sys=0.00s Real=0.04s
[2024-08-15T13:32:51.958+0000][3867.902s][info][gc,start    ] GC(794) Pause Young (Mixed) (G1 Evacuation Pause)
[2024-08-15T13:32:51.958+0000][3867.902s][info][gc,task     ] GC(794) Using 6 workers of 6 for evacuation
[2024-08-15T13:32:52.034+0000][3867.979s][info][gc,phases   ] GC(794)   Pre Evacuate Collection Set: 0.2ms
[2024-08-15T13:32:52.034+0000][3867.979s][info][gc,phases   ] GC(794)   Merge Heap Roots: 0.4ms
[2024-08-15T13:32:52.034+0000][3867.979s][info][gc,phases   ] GC(794)   Evacuate Collection Set: 73.8ms
[2024-08-15T13:32:52.034+0000][3867.979s][info][gc,phases   ] GC(794)   Post Evacuate Collection Set: 1.9ms
[2024-08-15T13:32:52.034+0000][3867.979s][info][gc,phases   ] GC(794)   Other: 0.2ms
[2024-08-15T13:32:52.034+0000][3867.979s][info][gc,heap     ] GC(794) Eden regions: 59->0(821)
[2024-08-15T13:32:52.034+0000][3867.979s][info][gc,heap     ] GC(794) Survivor regions: 17->7(10)
[2024-08-15T13:32:52.034+0000][3867.979s][info][gc,heap     ] GC(794) Old regions: 377->377
[2024-08-15T13:32:52.034+0000][3867.979s][info][gc,heap     ] GC(794) Archive regions: 2->2
[2024-08-15T13:32:52.034+0000][3867.979s][info][gc,heap     ] GC(794) Humongous regions: 5->5
[2024-08-15T13:32:52.034+0000][3867.979s][info][gc,metaspace] GC(794) Metaspace: 440402K(446784K)->440402K(446784K) NonClass: 385414K(389056K)->385414K(389056K) Class: 54988K(57728K)->54988K(57728K)
[2024-08-15T13:32:52.034+0000][3867.979s][info][gc          ] GC(794) Pause Young (Mixed) (G1 Evacuation Pause) 3665M->3112M(12288M) 76.496ms
[2024-08-15T13:32:52.034+0000][3867.979s][info][gc,cpu      ] GC(794) User=0.46s Sys=0.00s Real=0.07s
[2024-08-15T13:32:54.679+0000][3870.624s][info][gc,start    ] GC(795) Pause Young (Normal) (G1 Evacuation Pause)
[2024-08-15T13:32:54.679+0000][3870.624s][info][gc,task     ] GC(795) Using 6 workers of 6 for evacuation
[2024-08-15T13:32:54.791+0000][3870.736s][info][gc,phases   ] GC(795)   Pre Evacuate Collection Set: 0.2ms
[2024-08-15T13:32:54.791+0000][3870.736s][info][gc,phases   ] GC(795)   Merge Heap Roots: 0.6ms
[2024-08-15T13:32:54.791+0000][3870.736s][info][gc,phases   ] GC(795)   Evacuate Collection Set: 86.9ms
[2024-08-15T13:32:54.791+0000][3870.736s][info][gc,phases   ] GC(795)   Post Evacuate Collection Set: 23.8ms
[2024-08-15T13:32:54.791+0000][3870.736s][info][gc,phases   ] GC(795)   Other: 0.2ms
[2024-08-15T13:32:54.791+0000][3870.736s][info][gc,heap     ] GC(795) Eden regions: 821->0(812)
[2024-08-15T13:32:54.791+0000][3870.736s][info][gc,heap     ] GC(795) Survivor regions: 7->13(104)
[2024-08-15T13:32:54.791+0000][3870.736s][info][gc,heap     ] GC(795) Old regions: 377->377
[2024-08-15T13:32:54.791+0000][3870.736s][info][gc,heap     ] GC(795) Archive regions: 2->2
[2024-08-15T13:32:54.791+0000][3870.736s][info][gc,heap     ] GC(795) Humongous regions: 5->5
[2024-08-15T13:32:54.791+0000][3870.736s][info][gc,metaspace] GC(795) Metaspace: 440413K(446784K)->440413K(446784K) NonClass: 385424K(389056K)->385424K(389056K) Class: 54988K(57728K)->54988K(57728K)
[2024-08-15T13:32:54.791+0000][3870.736s][info][gc          ] GC(795) Pause Young (Normal) (G1 Evacuation Pause) 9680M->3158M(12288M) 111.750ms
[2024-08-15T13:32:54.791+0000][3870.736s][info][gc,cpu      ] GC(795) User=0.65s Sys=0.01s Real=0.11s
[2024-08-15T13:32:57.239+0000][3873.183s][info][gc,start    ] GC(796) Pause Young (Normal) (G1 Evacuation Pause)
[2024-08-15T13:32:57.239+0000][3873.183s][info][gc,task     ] GC(796) Using 6 workers of 6 for evacuation
[2024-08-15T13:32:57.339+0000][3873.284s][info][gc,phases   ] GC(796)   Pre Evacuate Collection Set: 0.2ms
[2024-08-15T13:32:57.339+0000][3873.284s][info][gc,phases   ] GC(796)   Merge Heap Roots: 0.5ms
[2024-08-15T13:32:57.339+0000][3873.284s][info][gc,phases   ] GC(796)   Evacuate Collection Set: 80.5ms
[2024-08-15T13:32:57.339+0000][3873.284s][info][gc,phases   ] GC(796)   Post Evacuate Collection Set: 19.3ms
[2024-08-15T13:32:57.339+0000][3873.284s][info][gc,phases   ] GC(796)   Other: 0.2ms
[2024-08-15T13:32:57.339+0000][3873.284s][info][gc,heap     ] GC(796) Eden regions: 812->0(808)
[2024-08-15T13:32:57.339+0000][3873.284s][info][gc,heap     ] GC(796) Survivor regions: 13->18(104)
[2024-08-15T13:32:57.339+0000][3873.284s][info][gc,heap     ] GC(796) Old regions: 377->377
[2024-08-15T13:32:57.339+0000][3873.284s][info][gc,heap     ] GC(796) Archive regions: 2->2
[2024-08-15T13:32:57.339+0000][3873.284s][info][gc,heap     ] GC(796) Humongous regions: 5->5
[2024-08-15T13:32:57.339+0000][3873.284s][info][gc,metaspace] GC(796) Metaspace: 440414K(446784K)->440414K(446784K) NonClass: 385426K(389056K)->385426K(389056K) Class: 54988K(57728K)->54988K(57728K)
[2024-08-15T13:32:57.339+0000][3873.284s][info][gc          ] GC(796) Pause Young (Normal) (G1 Evacuation Pause) 9654M->3204M(12288M) 100.784ms
[2024-08-15T13:32:57.339+0000][3873.284s][info][gc,cpu      ] GC(796) User=0.58s Sys=0.00s Real=0.10s
[2024-08-15T13:33:03.508+0000][3879.453s][info][gc,start    ] GC(797) Pause Young (Concurrent Start) (G1 Evacuation Pause)
[2024-08-15T13:33:03.508+0000][3879.453s][info][gc,task     ] GC(797) Using 6 workers of 6 for evacuation
[2024-08-15T13:33:03.535+0000][3879.479s][info][gc,phases   ] GC(797)   Pre Evacuate Collection Set: 0.6ms
[2024-08-15T13:33:03.535+0000][3879.479s][info][gc,phases   ] GC(797)   Merge Heap Roots: 0.4ms
[2024-08-15T13:33:03.535+0000][3879.479s][info][gc,phases   ] GC(797)   Evacuate Collection Set: 23.1ms
[2024-08-15T13:33:03.535+0000][3879.479s][info][gc,phases   ] GC(797)   Post Evacuate Collection Set: 2.2ms
[2024-08-15T13:33:03.535+0000][3879.479s][info][gc,phases   ] GC(797)   Other: 0.3ms
[2024-08-15T13:33:03.535+0000][3879.479s][info][gc,heap     ] GC(797) Eden regions: 808->0(820)
[2024-08-15T13:33:03.535+0000][3879.479s][info][gc,heap     ] GC(797) Survivor regions: 18->8(104)
[2024-08-15T13:33:03.535+0000][3879.479s][info][gc,heap     ] GC(797) Old regions: 377->377
[2024-08-15T13:33:03.535+0000][3879.479s][info][gc,heap     ] GC(797) Archive regions: 2->2
[2024-08-15T13:33:03.535+0000][3879.479s][info][gc,heap     ] GC(797) Humongous regions: 5->5
[2024-08-15T13:33:03.535+0000][3879.479s][info][gc,metaspace] GC(797) Metaspace: 440415K(446784K)->440415K(446784K) NonClass: 385427K(389056K)->385427K(389056K) Class: 54988K(57728K)->54988K(57728K)
[2024-08-15T13:33:03.535+0000][3879.479s][info][gc          ] GC(797) Pause Young (Concurrent Start) (G1 Evacuation Pause) 9668M->3124M(12288M) 26.638ms
[2024-08-15T13:33:03.535+0000][3879.479s][info][gc,cpu      ] GC(797) User=0.15s Sys=0.00s Real=0.02s
[2024-08-15T13:33:03.535+0000][3879.479s][info][gc          ] GC(798) Concurrent Mark Cycle
[2024-08-15T13:33:03.535+0000][3879.479s][info][gc,marking  ] GC(798) Concurrent Clear Claimed Marks
[2024-08-15T13:33:03.535+0000][3879.480s][info][gc,marking  ] GC(798) Concurrent Clear Claimed Marks 0.486ms
[2024-08-15T13:33:03.535+0000][3879.480s][info][gc,marking  ] GC(798) Concurrent Scan Root Regions
[2024-08-15T13:33:03.563+0000][3879.507s][info][gc,marking  ] GC(798) Concurrent Scan Root Regions 27.610ms
[2024-08-15T13:33:03.563+0000][3879.508s][info][gc,marking  ] GC(798) Concurrent Mark
[2024-08-15T13:33:03.563+0000][3879.508s][info][gc,marking  ] GC(798) Concurrent Mark From Roots
[2024-08-15T13:33:03.563+0000][3879.508s][info][gc,task     ] GC(798) Using 2 workers of 2 for marking
[2024-08-15T13:33:05.944+0000][3881.888s][info][gc,marking  ] GC(798) Concurrent Mark From Roots 2380.686ms
[2024-08-15T13:33:05.944+0000][3881.888s][info][gc,marking  ] GC(798) Concurrent Preclean
[2024-08-15T13:33:05.945+0000][3881.890s][info][gc,marking  ] GC(798) Concurrent Preclean 1.568ms
[2024-08-15T13:33:05.945+0000][3881.890s][info][gc,start    ] GC(798) Pause Remark
[2024-08-15T13:33:05.969+0000][3881.913s][info][gc          ] GC(798) Pause Remark 4808M->4808M(12288M) 23.188ms
[2024-08-15T13:33:05.969+0000][3881.913s][info][gc,cpu      ] GC(798) User=0.10s Sys=0.00s Real=0.02s
[2024-08-15T13:33:05.969+0000][3881.913s][info][gc,marking  ] GC(798) Concurrent Mark 2405.972ms
[2024-08-15T13:33:05.969+0000][3881.914s][info][gc,marking  ] GC(798) Concurrent Rebuild Remembered Sets
[2024-08-15T13:33:07.352+0000][3883.296s][info][gc,marking  ] GC(798) Concurrent Rebuild Remembered Sets 1382.772ms
[2024-08-15T13:33:07.352+0000][3883.297s][info][gc,start    ] GC(798) Pause Cleanup
[2024-08-15T13:33:07.353+0000][3883.297s][info][gc          ] GC(798) Pause Cleanup 5792M->5792M(12288M) 0.636ms
[2024-08-15T13:33:07.353+0000][3883.297s][info][gc,cpu      ] GC(798) User=0.00s Sys=0.00s Real=0.00s
[2024-08-15T13:33:07.353+0000][3883.297s][info][gc,marking  ] GC(798) Concurrent Cleanup for Next Mark
[2024-08-15T13:33:07.370+0000][3883.314s][info][gc,marking  ] GC(798) Concurrent Cleanup for Next Mark 17.094ms
[2024-08-15T13:33:07.370+0000][3883.314s][info][gc          ] GC(798) Concurrent Mark Cycle 3835.103ms
[2024-08-15T13:33:12.568+0000][3888.512s][info][gc,start    ] GC(799) Pause Young (Prepare Mixed) (G1 Evacuation Pause)
[2024-08-15T13:33:12.568+0000][3888.512s][info][gc,task     ] GC(799) Using 6 workers of 6 for evacuation
[2024-08-15T13:33:12.597+0000][3888.542s][info][gc,phases   ] GC(799)   Pre Evacuate Collection Set: 0.2ms
[2024-08-15T13:33:12.597+0000][3888.542s][info][gc,phases   ] GC(799)   Merge Heap Roots: 0.3ms
[2024-08-15T13:33:12.597+0000][3888.542s][info][gc,phases   ] GC(799)   Evacuate Collection Set: 26.7ms
[2024-08-15T13:33:12.597+0000][3888.542s][info][gc,phases   ] GC(799)   Post Evacuate Collection Set: 2.3ms
[2024-08-15T13:33:12.597+0000][3888.542s][info][gc,phases   ] GC(799)   Other: 0.2ms
[2024-08-15T13:33:12.597+0000][3888.542s][info][gc,heap     ] GC(799) Eden regions: 820->0(65)
[2024-08-15T13:33:12.597+0000][3888.542s][info][gc,heap     ] GC(799) Survivor regions: 8->11(104)
[2024-08-15T13:33:12.597+0000][3888.542s][info][gc,heap     ] GC(799) Old regions: 377->377
[2024-08-15T13:33:12.597+0000][3888.542s][info][gc,heap     ] GC(799) Archive regions: 2->2
[2024-08-15T13:33:12.597+0000][3888.542s][info][gc,heap     ] GC(799) Humongous regions: 5->5
[2024-08-15T13:33:12.597+0000][3888.542s][info][gc,metaspace] GC(799) Metaspace: 440428K(446784K)->440428K(446784K) NonClass: 385439K(389056K)->385439K(389056K) Class: 54988K(57728K)->54988K(57728K)
[2024-08-15T13:33:12.597+0000][3888.542s][info][gc          ] GC(799) Pause Young (Prepare Mixed) (G1 Evacuation Pause) 9684M->3144M(12288M) 29.671ms
[2024-08-15T13:33:12.597+0000][3888.542s][info][gc,cpu      ] GC(799) User=0.17s Sys=0.00s Real=0.03s
[2024-08-15T13:33:13.309+0000][3889.253s][info][gc,start    ] GC(800) Pause Young (Mixed) (G1 Evacuation Pause)
[2024-08-15T13:33:13.309+0000][3889.253s][info][gc,task     ] GC(800) Using 6 workers of 6 for evacuation
[2024-08-15T13:33:13.365+0000][3889.310s][info][gc,phases   ] GC(800)   Pre Evacuate Collection Set: 0.2ms
[2024-08-15T13:33:13.366+0000][3889.310s][info][gc,phases   ] GC(800)   Merge Heap Roots: 0.2ms
[2024-08-15T13:33:13.366+0000][3889.310s][info][gc,phases   ] GC(800)   Evacuate Collection Set: 54.5ms
[2024-08-15T13:33:13.366+0000][3889.310s][info][gc,phases   ] GC(800)   Post Evacuate Collection Set: 1.8ms
[2024-08-15T13:33:13.366+0000][3889.310s][info][gc,phases   ] GC(800)   Other: 0.2ms
[2024-08-15T13:33:13.366+0000][3889.310s][info][gc,heap     ] GC(800) Eden regions: 65->0(833)
[2024-08-15T13:33:13.366+0000][3889.310s][info][gc,heap     ] GC(800) Survivor regions: 11->5(10)
[2024-08-15T13:33:13.366+0000][3889.310s][info][gc,heap     ] GC(800) Old regions: 377->367
[2024-08-15T13:33:13.366+0000][3889.310s][info][gc,heap     ] GC(800) Archive regions: 2->2
[2024-08-15T13:33:13.366+0000][3889.310s][info][gc,heap     ] GC(800) Humongous regions: 5->5
[2024-08-15T13:33:13.366+0000][3889.310s][info][gc,metaspace] GC(800) Metaspace: 440428K(446784K)->440428K(446784K) NonClass: 385439K(389056K)->385439K(389056K) Class: 54988K(57728K)->54988K(57728K)
[2024-08-15T13:33:13.366+0000][3889.310s][info][gc          ] GC(800) Pause Young (Mixed) (G1 Evacuation Pause) 3664M->3013M(12288M) 56.899ms
[2024-08-15T13:33:13.366+0000][3889.310s][info][gc,cpu      ] GC(800) User=0.34s Sys=0.00s Real=0.06s
[2024-08-15T13:33:22.391+0000][3898.335s][info][gc,start    ] GC(801) Pause Young (Normal) (G1 Evacuation Pause)
[2024-08-15T13:33:22.391+0000][3898.335s][info][gc,task     ] GC(801) Using 6 workers of 6 for evacuation
[2024-08-15T13:33:22.413+0000][3898.357s][info][gc,phases   ] GC(801)   Pre Evacuate Collection Set: 0.2ms
[2024-08-15T13:33:22.413+0000][3898.357s][info][gc,phases   ] GC(801)   Merge Heap Roots: 0.2ms
[2024-08-15T13:33:22.413+0000][3898.357s][info][gc,phases   ] GC(801)   Evacuate Collection Set: 19.1ms
[2024-08-15T13:33:22.413+0000][3898.357s][info][gc,phases   ] GC(801)   Post Evacuate Collection Set: 2.2ms
[2024-08-15T13:33:22.413+0000][3898.357s][info][gc,phases   ] GC(801)   Other: 0.2ms
[2024-08-15T13:33:22.413+0000][3898.357s][info][gc,heap     ] GC(801) Eden regions: 833->0(830)
[2024-08-15T13:33:22.413+0000][3898.357s][info][gc,heap     ] GC(801) Survivor regions: 5->8(105)
[2024-08-15T13:33:22.413+0000][3898.357s][info][gc,heap     ] GC(801) Old regions: 367->367
[2024-08-15T13:33:22.413+0000][3898.357s][info][gc,heap     ] GC(801) Archive regions: 2->2
[2024-08-15T13:33:22.413+0000][3898.357s][info][gc,heap     ] GC(801) Humongous regions: 5->5
[2024-08-15T13:33:22.413+0000][3898.357s][info][gc,metaspace] GC(801) Metaspace: 440428K(446784K)->440428K(446784K) NonClass: 385440K(389056K)->385440K(389056K) Class: 54988K(57728K)->54988K(57728K)
[2024-08-15T13:33:22.413+0000][3898.358s][info][gc          ] GC(801) Pause Young (Normal) (G1 Evacuation Pause) 9677M->3038M(12288M) 22.071ms
[2024-08-15T13:33:22.413+0000][3898.358s][info][gc,cpu      ] GC(801) User=0.13s Sys=0.01s Real=0.02s
[2024-08-15T13:33:31.528+0000][3907.473s][info][gc,start    ] GC(802) Pause Young (Normal) (G1 Evacuation Pause)
[2024-08-15T13:33:31.528+0000][3907.473s][info][gc,task     ] GC(802) Using 6 workers of 6 for evacuation
[2024-08-15T13:33:31.556+0000][3907.501s][info][gc,phases   ] GC(802)   Pre Evacuate Collection Set: 0.2ms
[2024-08-15T13:33:31.556+0000][3907.501s][info][gc,phases   ] GC(802)   Merge Heap Roots: 0.2ms
[2024-08-15T13:33:31.556+0000][3907.501s][info][gc,phases   ] GC(802)   Evacuate Collection Set: 25.3ms
[2024-08-15T13:33:31.556+0000][3907.501s][info][gc,phases   ] GC(802)   Post Evacuate Collection Set: 2.2ms
[2024-08-15T13:33:31.556+0000][3907.501s][info][gc,phases   ] GC(802)   Other: 0.2ms
[2024-08-15T13:33:31.556+0000][3907.501s][info][gc,heap     ] GC(802) Eden regions: 830->0(827)
[2024-08-15T13:33:31.556+0000][3907.501s][info][gc,heap     ] GC(802) Survivor regions: 8->12(105)
[2024-08-15T13:33:31.556+0000][3907.501s][info][gc,heap     ] GC(802) Old regions: 367->367
[2024-08-15T13:33:31.556+0000][3907.501s][info][gc,heap     ] GC(802) Archive regions: 2->2
[2024-08-15T13:33:31.556+0000][3907.501s][info][gc,heap     ] GC(802) Humongous regions: 5->5
[2024-08-15T13:33:31.556+0000][3907.501s][info][gc,metaspace] GC(802) Metaspace: 440444K(446784K)->440444K(446784K) NonClass: 385456K(389056K)->385456K(389056K) Class: 54988K(57728K)->54988K(57728K)
[2024-08-15T13:33:31.556+0000][3907.501s][info][gc          ] GC(802) Pause Young (Normal) (G1 Evacuation Pause) 9678M->3067M(12288M) 28.209ms
[2024-08-15T13:33:31.556+0000][3907.501s][info][gc,cpu      ] GC(802) User=0.16s Sys=0.00s Real=0.03s
[2024-08-15T13:33:40.524+0000][3916.468s][info][gc,start    ] GC(803) Pause Young (Concurrent Start) (G1 Evacuation Pause)
[2024-08-15T13:33:40.524+0000][3916.468s][info][gc,task     ] GC(803) Using 6 workers of 6 for evacuation
[2024-08-15T13:33:40.565+0000][3916.510s][info][gc,phases   ] GC(803)   Pre Evacuate Collection Set: 0.6ms
[2024-08-15T13:33:40.565+0000][3916.510s][info][gc,phases   ] GC(803)   Merge Heap Roots: 0.2ms
[2024-08-15T13:33:40.565+0000][3916.510s][info][gc,phases   ] GC(803)   Evacuate Collection Set: 38.4ms
[2024-08-15T13:33:40.565+0000][3916.510s][info][gc,phases   ] GC(803)   Post Evacuate Collection Set: 2.4ms
[2024-08-15T13:33:40.565+0000][3916.510s][info][gc,phases   ] GC(803)   Other: 0.3ms
[2024-08-15T13:33:40.565+0000][3916.510s][info][gc,heap     ] GC(803) Eden regions: 827->0(822)
[2024-08-15T13:33:40.565+0000][3916.510s][info][gc,heap     ] GC(803) Survivor regions: 12->16(105)
[2024-08-15T13:33:40.565+0000][3916.510s][info][gc,heap     ] GC(803) Old regions: 367->367
[2024-08-15T13:33:40.565+0000][3916.510s][info][gc,heap     ] GC(803) Archive regions: 2->2
[2024-08-15T13:33:40.565+0000][3916.510s][info][gc,heap     ] GC(803) Humongous regions: 5->5
[2024-08-15T13:33:40.565+0000][3916.510s][info][gc,metaspace] GC(803) Metaspace: 440458K(446784K)->440458K(446784K) NonClass: 385469K(389056K)->385469K(389056K) Class: 54988K(57728K)->54988K(57728K)
[2024-08-15T13:33:40.566+0000][3916.510s][info][gc          ] GC(803) Pause Young (Concurrent Start) (G1 Evacuation Pause) 9683M->3101M(12288M) 41.981ms
[2024-08-15T13:33:40.566+0000][3916.510s][info][gc,cpu      ] GC(803) User=0.23s Sys=0.01s Real=0.04s
[2024-08-15T13:33:40.566+0000][3916.510s][info][gc          ] GC(804) Concurrent Mark Cycle
[2024-08-15T13:33:40.566+0000][3916.510s][info][gc,marking  ] GC(804) Concurrent Clear Claimed Marks
[2024-08-15T13:33:40.566+0000][3916.511s][info][gc,marking  ] GC(804) Concurrent Clear Claimed Marks 0.460ms
[2024-08-15T13:33:40.566+0000][3916.511s][info][gc,marking  ] GC(804) Concurrent Scan Root Regions
[2024-08-15T13:33:40.604+0000][3916.548s][info][gc,marking  ] GC(804) Concurrent Scan Root Regions 37.508ms
[2024-08-15T13:33:40.604+0000][3916.548s][info][gc,marking  ] GC(804) Concurrent Mark
[2024-08-15T13:33:40.604+0000][3916.548s][info][gc,marking  ] GC(804) Concurrent Mark From Roots
[2024-08-15T13:33:40.604+0000][3916.548s][info][gc,task     ] GC(804) Using 2 workers of 2 for marking
[2024-08-15T13:33:43.089+0000][3919.034s][info][gc,marking  ] GC(804) Concurrent Mark From Roots 2485.670ms
[2024-08-15T13:33:43.089+0000][3919.034s][info][gc,marking  ] GC(804) Concurrent Preclean
[2024-08-15T13:33:43.091+0000][3919.035s][info][gc,marking  ] GC(804) Concurrent Preclean 1.342ms
[2024-08-15T13:33:43.091+0000][3919.036s][info][gc,start    ] GC(804) Pause Remark
[2024-08-15T13:33:43.114+0000][3919.059s][info][gc          ] GC(804) Pause Remark 4791M->4791M(12288M) 23.056ms
[2024-08-15T13:33:43.114+0000][3919.059s][info][gc,cpu      ] GC(804) User=0.10s Sys=0.00s Real=0.02s
[2024-08-15T13:33:43.114+0000][3919.059s][info][gc,marking  ] GC(804) Concurrent Mark 2510.653ms
[2024-08-15T13:33:43.114+0000][3919.059s][info][gc,marking  ] GC(804) Concurrent Rebuild Remembered Sets
[2024-08-15T13:33:44.497+0000][3920.442s][info][gc,marking  ] GC(804) Concurrent Rebuild Remembered Sets 1382.688ms
[2024-08-15T13:33:44.497+0000][3920.442s][info][gc,start    ] GC(804) Pause Cleanup
[2024-08-15T13:33:44.498+0000][3920.442s][info][gc          ] GC(804) Pause Cleanup 6069M->6069M(12288M) 0.633ms
[2024-08-15T13:33:44.498+0000][3920.443s][info][gc,cpu      ] GC(804) User=0.00s Sys=0.00s Real=0.00s
[2024-08-15T13:33:44.498+0000][3920.443s][info][gc,marking  ] GC(804) Concurrent Cleanup for Next Mark
[2024-08-15T13:33:44.515+0000][3920.460s][info][gc,marking  ] GC(804) Concurrent Cleanup for Next Mark 17.219ms
[2024-08-15T13:33:44.515+0000][3920.460s][info][gc          ] GC(804) Concurrent Mark Cycle 3949.671ms
[2024-08-15T13:33:48.205+0000][3924.150s][info][gc,start    ] GC(805) Pause Young (Prepare Mixed) (G1 Evacuation Pause)
[2024-08-15T13:33:48.205+0000][3924.150s][info][gc,task     ] GC(805) Using 6 workers of 6 for evacuation
[2024-08-15T13:33:48.245+0000][3924.190s][info][gc,phases   ] GC(805)   Pre Evacuate Collection Set: 0.2ms
[2024-08-15T13:33:48.245+0000][3924.190s][info][gc,phases   ] GC(805)   Merge Heap Roots: 0.3ms
[2024-08-15T13:33:48.245+0000][3924.190s][info][gc,phases   ] GC(805)   Evacuate Collection Set: 37.2ms
[2024-08-15T13:33:48.245+0000][3924.190s][info][gc,phases   ] GC(805)   Post Evacuate Collection Set: 2.3ms
[2024-08-15T13:33:48.245+0000][3924.190s][info][gc,phases   ] GC(805)   Other: 0.2ms
[2024-08-15T13:33:48.245+0000][3924.190s][info][gc,heap     ] GC(805) Eden regions: 822->0(61)
[2024-08-15T13:33:48.245+0000][3924.190s][info][gc,heap     ] GC(805) Survivor regions: 16->15(105)
[2024-08-15T13:33:48.245+0000][3924.190s][info][gc,heap     ] GC(805) Old regions: 367->367
[2024-08-15T13:33:48.245+0000][3924.190s][info][gc,heap     ] GC(805) Archive regions: 2->2
[2024-08-15T13:33:48.245+0000][3924.190s][info][gc,heap     ] GC(805) Humongous regions: 5->5
[2024-08-15T13:33:48.245+0000][3924.190s][info][gc,metaspace] GC(805) Metaspace: 440460K(446784K)->440460K(446784K) NonClass: 385472K(389056K)->385472K(389056K) Class: 54988K(57728K)->54988K(57728K)
[2024-08-15T13:33:48.245+0000][3924.190s][info][gc          ] GC(805) Pause Young (Prepare Mixed) (G1 Evacuation Pause) 9677M->3090M(12288M) 40.294ms
[2024-08-15T13:33:48.245+0000][3924.190s][info][gc,cpu      ] GC(805) User=0.24s Sys=0.00s Real=0.04s
[2024-08-15T13:33:48.630+0000][3924.575s][info][gc,start    ] GC(806) Pause Young (Mixed) (G1 Evacuation Pause)
[2024-08-15T13:33:48.630+0000][3924.575s][info][gc,task     ] GC(806) Using 6 workers of 6 for evacuation
[2024-08-15T13:33:48.717+0000][3924.661s][info][gc,phases   ] GC(806)   Pre Evacuate Collection Set: 0.2ms
[2024-08-15T13:33:48.717+0000][3924.661s][info][gc,phases   ] GC(806)   Merge Heap Roots: 0.4ms
[2024-08-15T13:33:48.717+0000][3924.661s][info][gc,phases   ] GC(806)   Evacuate Collection Set: 83.7ms
[2024-08-15T13:33:48.717+0000][3924.661s][info][gc,phases   ] GC(806)   Post Evacuate Collection Set: 2.0ms
[2024-08-15T13:33:48.717+0000][3924.661s][info][gc,phases   ] GC(806)   Other: 0.2ms
[2024-08-15T13:33:48.717+0000][3924.661s][info][gc,heap     ] GC(806) Eden regions: 61->0(836)
[2024-08-15T13:33:48.717+0000][3924.661s][info][gc,heap     ] GC(806) Survivor regions: 15->5(10)
[2024-08-15T13:33:48.717+0000][3924.661s][info][gc,heap     ] GC(806) Old regions: 367->365
[2024-08-15T13:33:48.717+0000][3924.661s][info][gc,heap     ] GC(806) Archive regions: 2->2
[2024-08-15T13:33:48.717+0000][3924.661s][info][gc,heap     ] GC(806) Humongous regions: 5->5
[2024-08-15T13:33:48.717+0000][3924.661s][info][gc,metaspace] GC(806) Metaspace: 440460K(446784K)->440460K(446784K) NonClass: 385472K(389056K)->385472K(389056K) Class: 54988K(57728K)->54988K(57728K)
[2024-08-15T13:33:48.717+0000][3924.661s][info][gc          ] GC(806) Pause Young (Mixed) (G1 Evacuation Pause) 3578M->2998M(12288M) 86.451ms
[2024-08-15T13:33:48.717+0000][3924.661s][info][gc,cpu      ] GC(806) User=0.52s Sys=0.00s Real=0.09s
[2024-08-15T13:33:55.984+0000][3931.928s][info][gc,start    ] GC(807) Pause Young (Normal) (G1 Evacuation Pause)
[2024-08-15T13:33:55.984+0000][3931.928s][info][gc,task     ] GC(807) Using 6 workers of 6 for evacuation
[2024-08-15T13:33:56.002+0000][3931.946s][info][gc,phases   ] GC(807)   Pre Evacuate Collection Set: 0.2ms
[2024-08-15T13:33:56.002+0000][3931.946s][info][gc,phases   ] GC(807)   Merge Heap Roots: 0.2ms
[2024-08-15T13:33:56.002+0000][3931.946s][info][gc,phases   ] GC(807)   Evacuate Collection Set: 15.1ms
[2024-08-15T13:33:56.002+0000][3931.946s][info][gc,phases   ] GC(807)   Post Evacuate Collection Set: 2.2ms
[2024-08-15T13:33:56.002+0000][3931.946s][info][gc,phases   ] GC(807)   Other: 0.2ms
[2024-08-15T13:33:56.002+0000][3931.946s][info][gc,heap     ] GC(807) Eden regions: 836->0(834)
[2024-08-15T13:33:56.002+0000][3931.946s][info][gc,heap     ] GC(807) Survivor regions: 5->7(106)
[2024-08-15T13:33:56.002+0000][3931.946s][info][gc,heap     ] GC(807) Old regions: 365->365
[2024-08-15T13:33:56.002+0000][3931.946s][info][gc,heap     ] GC(807) Archive regions: 2->2
[2024-08-15T13:33:56.002+0000][3931.946s][info][gc,heap     ] GC(807) Humongous regions: 5->5
[2024-08-15T13:33:56.002+0000][3931.946s][info][gc,metaspace] GC(807) Metaspace: 440460K(446784K)->440460K(446784K) NonClass: 385472K(389056K)->385472K(389056K) Class: 54988K(57728K)->54988K(57728K)
[2024-08-15T13:33:56.002+0000][3931.946s][info][gc          ] GC(807) Pause Young (Normal) (G1 Evacuation Pause) 9686M->3017M(12288M) 17.949ms
[2024-08-15T13:33:56.002+0000][3931.946s][info][gc,cpu      ] GC(807) User=0.10s Sys=0.00s Real=0.01s
[2024-08-15T13:34:04.665+0000][3940.610s][info][gc,start    ] GC(808) Pause Young (Normal) (G1 Evacuation Pause)
[2024-08-15T13:34:04.665+0000][3940.610s][info][gc,task     ] GC(808) Using 6 workers of 6 for evacuation
[2024-08-15T13:34:04.689+0000][3940.633s][info][gc,phases   ] GC(808)   Pre Evacuate Collection Set: 0.2ms
[2024-08-15T13:34:04.689+0000][3940.634s][info][gc,phases   ] GC(808)   Merge Heap Roots: 0.2ms
[2024-08-15T13:34:04.689+0000][3940.634s][info][gc,phases   ] GC(808)   Evacuate Collection Set: 20.7ms
[2024-08-15T13:34:04.689+0000][3940.634s][info][gc,phases   ] GC(808)   Post Evacuate Collection Set: 2.2ms
[2024-08-15T13:34:04.689+0000][3940.634s][info][gc,phases   ] GC(808)   Other: 0.2ms
[2024-08-15T13:34:04.689+0000][3940.634s][info][gc,heap     ] GC(808) Eden regions: 834->0(832)
[2024-08-15T13:34:04.689+0000][3940.634s][info][gc,heap     ] GC(808) Survivor regions: 7->9(106)
[2024-08-15T13:34:04.689+0000][3940.634s][info][gc,heap     ] GC(808) Old regions: 365->365
[2024-08-15T13:34:04.689+0000][3940.634s][info][gc,heap     ] GC(808) Archive regions: 2->2
[2024-08-15T13:34:04.689+0000][3940.634s][info][gc,heap     ] GC(808) Humongous regions: 5->5
[2024-08-15T13:34:04.689+0000][3940.634s][info][gc,metaspace] GC(808) Metaspace: 440461K(446784K)->440461K(446784K) NonClass: 385472K(389056K)->385472K(389056K) Class: 54988K(57728K)->54988K(57728K)
[2024-08-15T13:34:04.689+0000][3940.634s][info][gc          ] GC(808) Pause Young (Normal) (G1 Evacuation Pause) 9689M->3034M(12288M) 23.614ms
[2024-08-15T13:34:04.689+0000][3940.634s][info][gc,cpu      ] GC(808) User=0.13s Sys=0.00s Real=0.02s
[2024-08-15T13:34:13.819+0000][3949.764s][info][gc,start    ] GC(809) Pause Young (Concurrent Start) (G1 Evacuation Pause)
[2024-08-15T13:34:13.819+0000][3949.764s][info][gc,task     ] GC(809) Using 6 workers of 6 for evacuation
[2024-08-15T13:34:13.852+0000][3949.796s][info][gc,phases   ] GC(809)   Pre Evacuate Collection Set: 0.6ms
[2024-08-15T13:34:13.852+0000][3949.796s][info][gc,phases   ] GC(809)   Merge Heap Roots: 0.2ms
[2024-08-15T13:34:13.852+0000][3949.796s][info][gc,phases   ] GC(809)   Evacuate Collection Set: 29.2ms
[2024-08-15T13:34:13.852+0000][3949.796s][info][gc,phases   ] GC(809)   Post Evacuate Collection Set: 2.5ms
[2024-08-15T13:34:13.852+0000][3949.796s][info][gc,phases   ] GC(809)   Other: 0.3ms
[2024-08-15T13:34:13.852+0000][3949.796s][info][gc,heap     ] GC(809) Eden regions: 832->0(829)
[2024-08-15T13:34:13.852+0000][3949.796s][info][gc,heap     ] GC(809) Survivor regions: 9->13(106)
[2024-08-15T13:34:13.852+0000][3949.796s][info][gc,heap     ] GC(809) Old regions: 365->365
[2024-08-15T13:34:13.852+0000][3949.796s][info][gc,heap     ] GC(809) Archive regions: 2->2
[2024-08-15T13:34:13.852+0000][3949.796s][info][gc,heap     ] GC(809) Humongous regions: 5->5
[2024-08-15T13:34:13.852+0000][3949.796s][info][gc,metaspace] GC(809) Metaspace: 440467K(446784K)->440467K(446784K) NonClass: 385479K(389056K)->385479K(389056K) Class: 54988K(57728K)->54988K(57728K)
[2024-08-15T13:34:13.852+0000][3949.796s][info][gc          ] GC(809) Pause Young (Concurrent Start) (G1 Evacuation Pause) 9690M->3062M(12288M) 32.847ms
[2024-08-15T13:34:13.852+0000][3949.797s][info][gc,cpu      ] GC(809) User=0.19s Sys=0.00s Real=0.03s
[2024-08-15T13:34:13.852+0000][3949.797s][info][gc          ] GC(810) Concurrent Mark Cycle
[2024-08-15T13:34:13.852+0000][3949.797s][info][gc,marking  ] GC(810) Concurrent Clear Claimed Marks
[2024-08-15T13:34:13.852+0000][3949.797s][info][gc,marking  ] GC(810) Concurrent Clear Claimed Marks 0.444ms
[2024-08-15T13:34:13.852+0000][3949.797s][info][gc,marking  ] GC(810) Concurrent Scan Root Regions
[2024-08-15T13:34:13.878+0000][3949.823s][info][gc,marking  ] GC(810) Concurrent Scan Root Regions 25.833ms
[2024-08-15T13:34:13.878+0000][3949.823s][info][gc,marking  ] GC(810) Concurrent Mark
[2024-08-15T13:34:13.878+0000][3949.823s][info][gc,marking  ] GC(810) Concurrent Mark From Roots
[2024-08-15T13:34:13.878+0000][3949.823s][info][gc,task     ] GC(810) Using 2 workers of 2 for marking
[2024-08-15T13:34:16.314+0000][3952.259s][info][gc,marking  ] GC(810) Concurrent Mark From Roots 2435.689ms
[2024-08-15T13:34:16.314+0000][3952.259s][info][gc,marking  ] GC(810) Concurrent Preclean
[2024-08-15T13:34:16.315+0000][3952.260s][info][gc,marking  ] GC(810) Concurrent Preclean 1.449ms
[2024-08-15T13:34:16.316+0000][3952.260s][info][gc,start    ] GC(810) Pause Remark
[2024-08-15T13:34:16.340+0000][3952.285s][info][gc          ] GC(810) Pause Remark 4746M->4746M(12288M) 24.676ms
[2024-08-15T13:34:16.340+0000][3952.285s][info][gc,cpu      ] GC(810) User=0.11s Sys=0.00s Real=0.02s
[2024-08-15T13:34:16.341+0000][3952.285s][info][gc,marking  ] GC(810) Concurrent Mark 2462.209ms
[2024-08-15T13:34:16.341+0000][3952.285s][info][gc,marking  ] GC(810) Concurrent Rebuild Remembered Sets
[2024-08-15T13:34:17.696+0000][3953.641s][info][gc,marking  ] GC(810) Concurrent Rebuild Remembered Sets 1355.504ms
[2024-08-15T13:34:17.696+0000][3953.641s][info][gc,start    ] GC(810) Pause Cleanup
[2024-08-15T13:34:17.697+0000][3953.641s][info][gc          ] GC(810) Pause Cleanup 5706M->5706M(12288M) 0.609ms
[2024-08-15T13:34:17.697+0000][3953.642s][info][gc,cpu      ] GC(810) User=0.00s Sys=0.00s Real=0.00s
[2024-08-15T13:34:17.697+0000][3953.642s][info][gc,marking  ] GC(810) Concurrent Cleanup for Next Mark
[2024-08-15T13:34:17.714+0000][3953.659s][info][gc,marking  ] GC(810) Concurrent Cleanup for Next Mark 17.150ms
[2024-08-15T13:34:17.714+0000][3953.659s][info][gc          ] GC(810) Concurrent Mark Cycle 3862.255ms
[2024-08-15T13:34:23.382+0000][3959.326s][info][gc,start    ] GC(811) Pause Young (Prepare Mixed) (G1 Evacuation Pause)
[2024-08-15T13:34:23.382+0000][3959.326s][info][gc,task     ] GC(811) Using 6 workers of 6 for evacuation
[2024-08-15T13:34:23.416+0000][3959.361s][info][gc,phases   ] GC(811)   Pre Evacuate Collection Set: 0.2ms
[2024-08-15T13:34:23.416+0000][3959.361s][info][gc,phases   ] GC(811)   Merge Heap Roots: 0.3ms
[2024-08-15T13:34:23.416+0000][3959.361s][info][gc,phases   ] GC(811)   Evacuate Collection Set: 31.9ms
[2024-08-15T13:34:23.416+0000][3959.361s][info][gc,phases   ] GC(811)   Post Evacuate Collection Set: 2.3ms
[2024-08-15T13:34:23.416+0000][3959.361s][info][gc,phases   ] GC(811)   Other: 0.2ms
[2024-08-15T13:34:23.416+0000][3959.361s][info][gc,heap     ] GC(811) Eden regions: 829->0(60)
[2024-08-15T13:34:23.416+0000][3959.361s][info][gc,heap     ] GC(811) Survivor regions: 13->16(106)
[2024-08-15T13:34:23.417+0000][3959.361s][info][gc,heap     ] GC(811) Old regions: 365->365
[2024-08-15T13:34:23.417+0000][3959.361s][info][gc,heap     ] GC(811) Archive regions: 2->2
[2024-08-15T13:34:23.417+0000][3959.361s][info][gc,heap     ] GC(811) Humongous regions: 5->5
[2024-08-15T13:34:23.417+0000][3959.361s][info][gc,metaspace] GC(811) Metaspace: 440467K(446784K)->440467K(446784K) NonClass: 385479K(389056K)->385479K(389056K) Class: 54988K(57728K)->54988K(57728K)
[2024-08-15T13:34:23.417+0000][3959.361s][info][gc          ] GC(811) Pause Young (Prepare Mixed) (G1 Evacuation Pause) 9694M->3088M(12288M) 34.927ms
[2024-08-15T13:34:23.417+0000][3959.361s][info][gc,cpu      ] GC(811) User=0.20s Sys=0.00s Real=0.04s
[2024-08-15T13:34:24.067+0000][3960.011s][info][gc,start    ] GC(812) Pause Young (Mixed) (G1 Evacuation Pause)
[2024-08-15T13:34:24.067+0000][3960.011s][info][gc,task     ] GC(812) Using 6 workers of 6 for evacuation
[2024-08-15T13:34:24.141+0000][3960.086s][info][gc,phases   ] GC(812)   Pre Evacuate Collection Set: 0.2ms
[2024-08-15T13:34:24.141+0000][3960.086s][info][gc,phases   ] GC(812)   Merge Heap Roots: 0.3ms
[2024-08-15T13:34:24.141+0000][3960.086s][info][gc,phases   ] GC(812)   Evacuate Collection Set: 71.9ms
[2024-08-15T13:34:24.141+0000][3960.086s][info][gc,phases   ] GC(812)   Post Evacuate Collection Set: 1.8ms
[2024-08-15T13:34:24.141+0000][3960.086s][info][gc,phases   ] GC(812)   Other: 0.2ms
[2024-08-15T13:34:24.141+0000][3960.086s][info][gc,heap     ] GC(812) Eden regions: 60->0(835)
[2024-08-15T13:34:24.141+0000][3960.086s][info][gc,heap     ] GC(812) Survivor regions: 16->6(10)
[2024-08-15T13:34:24.141+0000][3960.086s][info][gc,heap     ] GC(812) Old regions: 365->365
[2024-08-15T13:34:24.141+0000][3960.086s][info][gc,heap     ] GC(812) Archive regions: 2->2
[2024-08-15T13:34:24.141+0000][3960.086s][info][gc,heap     ] GC(812) Humongous regions: 5->5
[2024-08-15T13:34:24.141+0000][3960.086s][info][gc,metaspace] GC(812) Metaspace: 440467K(446784K)->440467K(446784K) NonClass: 385479K(389056K)->385479K(389056K) Class: 54988K(57728K)->54988K(57728K)
[2024-08-15T13:34:24.141+0000][3960.086s][info][gc          ] GC(812) Pause Young (Mixed) (G1 Evacuation Pause) 3568M->3007M(12288M) 74.473ms
[2024-08-15T13:34:24.141+0000][3960.086s][info][gc,cpu      ] GC(812) User=0.45s Sys=0.00s Real=0.07s
[2024-08-15T13:34:32.949+0000][3968.894s][info][gc,start    ] GC(813) Pause Young (Normal) (G1 Evacuation Pause)
[2024-08-15T13:34:32.949+0000][3968.894s][info][gc,task     ] GC(813) Using 6 workers of 6 for evacuation
[2024-08-15T13:34:32.970+0000][3968.915s][info][gc,phases   ] GC(813)   Pre Evacuate Collection Set: 0.2ms
[2024-08-15T13:34:32.970+0000][3968.915s][info][gc,phases   ] GC(813)   Merge Heap Roots: 0.2ms
[2024-08-15T13:34:32.970+0000][3968.915s][info][gc,phases   ] GC(813)   Evacuate Collection Set: 18.5ms
[2024-08-15T13:34:32.970+0000][3968.915s][info][gc,phases   ] GC(813)   Post Evacuate Collection Set: 2.2ms
[2024-08-15T13:34:32.970+0000][3968.915s][info][gc,phases   ] GC(813)   Other: 0.2ms
[2024-08-15T13:34:32.970+0000][3968.915s][info][gc,heap     ] GC(813) Eden regions: 835->0(835)
[2024-08-15T13:34:32.970+0000][3968.915s][info][gc,heap     ] GC(813) Survivor regions: 6->7(106)
[2024-08-15T13:34:32.970+0000][3968.915s][info][gc,heap     ] GC(813) Old regions: 365->365
[2024-08-15T13:34:32.970+0000][3968.915s][info][gc,heap     ] GC(813) Archive regions: 2->2
[2024-08-15T13:34:32.970+0000][3968.915s][info][gc,heap     ] GC(813) Humongous regions: 5->5
[2024-08-15T13:34:32.970+0000][3968.915s][info][gc,metaspace] GC(813) Metaspace: 440482K(446848K)->440482K(446848K) NonClass: 385493K(389120K)->385493K(389120K) Class: 54988K(57728K)->54988K(57728K)
[2024-08-15T13:34:32.970+0000][3968.915s][info][gc          ] GC(813) Pause Young (Normal) (G1 Evacuation Pause) 9687M->3020M(12288M) 21.433ms
[2024-08-15T13:34:32.970+0000][3968.915s][info][gc,cpu      ] GC(813) User=0.13s Sys=0.00s Real=0.02s
[2024-08-15T13:34:40.327+0000][3976.271s][info][gc,start    ] GC(814) Pause Young (Normal) (G1 Evacuation Pause)
[2024-08-15T13:34:40.327+0000][3976.271s][info][gc,task     ] GC(814) Using 6 workers of 6 for evacuation
[2024-08-15T13:34:40.361+0000][3976.305s][info][gc,phases   ] GC(814)   Pre Evacuate Collection Set: 0.2ms
[2024-08-15T13:34:40.361+0000][3976.305s][info][gc,phases   ] GC(814)   Merge Heap Roots: 0.2ms
[2024-08-15T13:34:40.361+0000][3976.305s][info][gc,phases   ] GC(814)   Evacuate Collection Set: 28.2ms
[2024-08-15T13:34:40.361+0000][3976.305s][info][gc,phases   ] GC(814)   Post Evacuate Collection Set: 5.1ms
[2024-08-15T13:34:40.361+0000][3976.305s][info][gc,phases   ] GC(814)   Other: 0.2ms
[2024-08-15T13:34:40.361+0000][3976.305s][info][gc,heap     ] GC(814) Eden regions: 835->0(832)
[2024-08-15T13:34:40.361+0000][3976.305s][info][gc,heap     ] GC(814) Survivor regions: 7->10(106)
[2024-08-15T13:34:40.361+0000][3976.305s][info][gc,heap     ] GC(814) Old regions: 365->365
[2024-08-15T13:34:40.361+0000][3976.305s][info][gc,heap     ] GC(814) Archive regions: 2->2
[2024-08-15T13:34:40.361+0000][3976.305s][info][gc,heap     ] GC(814) Humongous regions: 5->5
[2024-08-15T13:34:40.361+0000][3976.305s][info][gc,metaspace] GC(814) Metaspace: 440485K(446848K)->440485K(446848K) NonClass: 385497K(389120K)->385497K(389120K) Class: 54988K(57728K)->54988K(57728K)
[2024-08-15T13:34:40.361+0000][3976.305s][info][gc          ] GC(814) Pause Young (Normal) (G1 Evacuation Pause) 9700M->3043M(12288M) 34.020ms
[2024-08-15T13:34:40.361+0000][3976.305s][info][gc,cpu      ] GC(814) User=0.20s Sys=0.00s Real=0.03s
[2024-08-15T13:34:43.047+0000][3978.992s][info][gc,start    ] GC(815) Pause Young (Concurrent Start) (G1 Evacuation Pause)
[2024-08-15T13:34:43.047+0000][3978.992s][info][gc,task     ] GC(815) Using 6 workers of 6 for evacuation
[2024-08-15T13:34:43.132+0000][3979.076s][info][gc,phases   ] GC(815)   Pre Evacuate Collection Set: 0.6ms
[2024-08-15T13:34:43.132+0000][3979.076s][info][gc,phases   ] GC(815)   Merge Heap Roots: 0.2ms
[2024-08-15T13:34:43.132+0000][3979.076s][info][gc,phases   ] GC(815)   Evacuate Collection Set: 65.0ms
[2024-08-15T13:34:43.132+0000][3979.076s][info][gc,phases   ] GC(815)   Post Evacuate Collection Set: 18.5ms
[2024-08-15T13:34:43.132+0000][3979.076s][info][gc,phases   ] GC(815)   Other: 0.3ms
[2024-08-15T13:34:43.132+0000][3979.076s][info][gc,heap     ] GC(815) Eden regions: 832->0(824)
[2024-08-15T13:34:43.132+0000][3979.076s][info][gc,heap     ] GC(815) Survivor regions: 10->16(106)
[2024-08-15T13:34:43.132+0000][3979.076s][info][gc,heap     ] GC(815) Old regions: 365->365
[2024-08-15T13:34:43.132+0000][3979.076s][info][gc,heap     ] GC(815) Archive regions: 2->2
[2024-08-15T13:34:43.132+0000][3979.076s][info][gc,heap     ] GC(815) Humongous regions: 5->5
[2024-08-15T13:34:43.132+0000][3979.076s][info][gc,metaspace] GC(815) Metaspace: 440487K(446848K)->440487K(446848K) NonClass: 385498K(389120K)->385498K(389120K) Class: 54988K(57728K)->54988K(57728K)
[2024-08-15T13:34:43.132+0000][3979.076s][info][gc          ] GC(815) Pause Young (Concurrent Start) (G1 Evacuation Pause) 9699M->3086M(12288M) 84.749ms
[2024-08-15T13:34:43.132+0000][3979.076s][info][gc,cpu      ] GC(815) User=0.49s Sys=0.00s Real=0.08s
[2024-08-15T13:34:43.132+0000][3979.076s][info][gc          ] GC(816) Concurrent Mark Cycle
[2024-08-15T13:34:43.132+0000][3979.077s][info][gc,marking  ] GC(816) Concurrent Clear Claimed Marks
[2024-08-15T13:34:43.132+0000][3979.077s][info][gc,marking  ] GC(816) Concurrent Clear Claimed Marks 0.430ms
[2024-08-15T13:34:43.132+0000][3979.077s][info][gc,marking  ] GC(816) Concurrent Scan Root Regions
[2024-08-15T13:34:43.185+0000][3979.130s][info][gc,marking  ] GC(816) Concurrent Scan Root Regions 52.618ms
[2024-08-15T13:34:43.185+0000][3979.130s][info][gc,marking  ] GC(816) Concurrent Mark
[2024-08-15T13:34:43.185+0000][3979.130s][info][gc,marking  ] GC(816) Concurrent Mark From Roots
[2024-08-15T13:34:43.185+0000][3979.130s][info][gc,task     ] GC(816) Using 2 workers of 2 for marking
[2024-08-15T13:34:45.679+0000][3981.623s][info][gc,marking  ] GC(816) Concurrent Mark From Roots 2493.519ms
[2024-08-15T13:34:45.679+0000][3981.623s][info][gc,marking  ] GC(816) Concurrent Preclean
[2024-08-15T13:34:45.680+0000][3981.624s][info][gc,marking  ] GC(816) Concurrent Preclean 1.326ms
[2024-08-15T13:34:45.680+0000][3981.625s][info][gc,start    ] GC(816) Pause Remark
[2024-08-15T13:34:45.703+0000][3981.648s][info][gc          ] GC(816) Pause Remark 8058M->8058M(12288M) 23.376ms
[2024-08-15T13:34:45.703+0000][3981.648s][info][gc,cpu      ] GC(816) User=0.09s Sys=0.00s Real=0.03s
[2024-08-15T13:34:45.704+0000][3981.648s][info][gc,marking  ] GC(816) Concurrent Mark 2518.587ms
[2024-08-15T13:34:45.704+0000][3981.648s][info][gc,marking  ] GC(816) Concurrent Rebuild Remembered Sets
[2024-08-15T13:34:46.467+0000][3982.412s][info][gc,start    ] GC(817) Pause Young (Normal) (G1 Evacuation Pause)
[2024-08-15T13:34:46.467+0000][3982.412s][info][gc,task     ] GC(817) Using 6 workers of 6 for evacuation
[2024-08-15T13:34:46.560+0000][3982.504s][info][gc,phases   ] GC(817)   Pre Evacuate Collection Set: 0.2ms
[2024-08-15T13:34:46.560+0000][3982.504s][info][gc,phases   ] GC(817)   Merge Heap Roots: 0.3ms
[2024-08-15T13:34:46.560+0000][3982.504s][info][gc,phases   ] GC(817)   Evacuate Collection Set: 75.0ms
[2024-08-15T13:34:46.560+0000][3982.504s][info][gc,phases   ] GC(817)   Post Evacuate Collection Set: 16.6ms
[2024-08-15T13:34:46.560+0000][3982.504s][info][gc,phases   ] GC(817)   Other: 0.2ms
[2024-08-15T13:34:46.560+0000][3982.504s][info][gc,heap     ] GC(817) Eden regions: 824->0(816)
[2024-08-15T13:34:46.560+0000][3982.504s][info][gc,heap     ] GC(817) Survivor regions: 16->20(105)
[2024-08-15T13:34:46.560+0000][3982.504s][info][gc,heap     ] GC(817) Old regions: 365->365
[2024-08-15T13:34:46.560+0000][3982.504s][info][gc,heap     ] GC(817) Archive regions: 2->2
[2024-08-15T13:34:46.560+0000][3982.504s][info][gc,heap     ] GC(817) Humongous regions: 5->5
[2024-08-15T13:34:46.560+0000][3982.504s][info][gc,metaspace] GC(817) Metaspace: 440487K(446848K)->440487K(446848K) NonClass: 385498K(389120K)->385498K(389120K) Class: 54988K(57728K)->54988K(57728K)
[2024-08-15T13:34:46.560+0000][3982.504s][info][gc          ] GC(817) Pause Young (Normal) (G1 Evacuation Pause) 9678M->3124M(12288M) 92.299ms
[2024-08-15T13:34:46.560+0000][3982.504s][info][gc,cpu      ] GC(817) User=0.54s Sys=0.00s Real=0.09s
[2024-08-15T13:34:47.201+0000][3983.146s][info][gc,marking  ] GC(816) Concurrent Rebuild Remembered Sets 1497.756ms
[2024-08-15T13:34:47.201+0000][3983.146s][info][gc,start    ] GC(816) Pause Cleanup
[2024-08-15T13:34:47.202+0000][3983.147s][info][gc          ] GC(816) Pause Cleanup 4452M->4452M(12288M) 0.677ms
[2024-08-15T13:34:47.202+0000][3983.147s][info][gc,cpu      ] GC(816) User=0.00s Sys=0.00s Real=0.00s
[2024-08-15T13:34:47.202+0000][3983.147s][info][gc,marking  ] GC(816) Concurrent Cleanup for Next Mark
[2024-08-15T13:34:47.219+0000][3983.164s][info][gc,marking  ] GC(816) Concurrent Cleanup for Next Mark 16.921ms
[2024-08-15T13:34:47.219+0000][3983.164s][info][gc          ] GC(816) Concurrent Mark Cycle 4087.424ms
[2024-08-15T13:34:49.367+0000][3985.312s][info][gc,start    ] GC(818) Pause Young (Prepare Mixed) (G1 Evacuation Pause)
[2024-08-15T13:34:49.367+0000][3985.312s][info][gc,task     ] GC(818) Using 6 workers of 6 for evacuation
[2024-08-15T13:34:49.476+0000][3985.421s][info][gc,phases   ] GC(818)   Pre Evacuate Collection Set: 0.4ms
[2024-08-15T13:34:49.476+0000][3985.421s][info][gc,phases   ] GC(818)   Merge Heap Roots: 0.4ms
[2024-08-15T13:34:49.476+0000][3985.421s][info][gc,phases   ] GC(818)   Evacuate Collection Set: 88.6ms
[2024-08-15T13:34:49.476+0000][3985.421s][info][gc,phases   ] GC(818)   Post Evacuate Collection Set: 19.1ms
[2024-08-15T13:34:49.476+0000][3985.421s][info][gc,phases   ] GC(818)   Other: 0.2ms
[2024-08-15T13:34:49.476+0000][3985.421s][info][gc,heap     ] GC(818) Eden regions: 816->0(52)
[2024-08-15T13:34:49.476+0000][3985.421s][info][gc,heap     ] GC(818) Survivor regions: 20->24(105)
[2024-08-15T13:34:49.476+0000][3985.421s][info][gc,heap     ] GC(818) Old regions: 365->365
[2024-08-15T13:34:49.476+0000][3985.421s][info][gc,heap     ] GC(818) Archive regions: 2->2
[2024-08-15T13:34:49.476+0000][3985.421s][info][gc,heap     ] GC(818) Humongous regions: 5->5
[2024-08-15T13:34:49.476+0000][3985.421s][info][gc,metaspace] GC(818) Metaspace: 440487K(446848K)->440487K(446848K) NonClass: 385498K(389120K)->385498K(389120K) Class: 54988K(57728K)->54988K(57728K)
[2024-08-15T13:34:49.476+0000][3985.421s][info][gc          ] GC(818) Pause Young (Prepare Mixed) (G1 Evacuation Pause) 9652M->3156M(12288M) 108.812ms
[2024-08-15T13:34:49.476+0000][3985.421s][info][gc,cpu      ] GC(818) User=0.62s Sys=0.00s Real=0.11s
[2024-08-15T13:34:49.680+0000][3985.625s][info][gc,start    ] GC(819) Pause Young (Mixed) (G1 Evacuation Pause)
[2024-08-15T13:34:49.680+0000][3985.625s][info][gc,task     ] GC(819) Using 6 workers of 6 for evacuation
[2024-08-15T13:34:49.793+0000][3985.738s][info][gc,phases   ] GC(819)   Pre Evacuate Collection Set: 0.2ms
[2024-08-15T13:34:49.793+0000][3985.738s][info][gc,phases   ] GC(819)   Merge Heap Roots: 0.3ms
[2024-08-15T13:34:49.793+0000][3985.738s][info][gc,phases   ] GC(819)   Evacuate Collection Set: 109.4ms
[2024-08-15T13:34:49.793+0000][3985.738s][info][gc,phases   ] GC(819)   Post Evacuate Collection Set: 2.6ms
[2024-08-15T13:34:49.793+0000][3985.738s][info][gc,phases   ] GC(819)   Other: 0.2ms
[2024-08-15T13:34:49.793+0000][3985.738s][info][gc,heap     ] GC(819) Eden regions: 52->0(828)
[2024-08-15T13:34:49.793+0000][3985.738s][info][gc,heap     ] GC(819) Survivor regions: 24->3(10)
[2024-08-15T13:34:49.793+0000][3985.738s][info][gc,heap     ] GC(819) Old regions: 365->372
[2024-08-15T13:34:49.793+0000][3985.738s][info][gc,heap     ] GC(819) Archive regions: 2->2
[2024-08-15T13:34:49.793+0000][3985.738s][info][gc,heap     ] GC(819) Humongous regions: 5->5
[2024-08-15T13:34:49.793+0000][3985.738s][info][gc,metaspace] GC(819) Metaspace: 440487K(446848K)->440487K(446848K) NonClass: 385498K(389120K)->385498K(389120K) Class: 54988K(57728K)->54988K(57728K)
[2024-08-15T13:34:49.793+0000][3985.738s][info][gc          ] GC(819) Pause Young (Mixed) (G1 Evacuation Pause) 3572M->3039M(12288M) 112.799ms
[2024-08-15T13:34:49.793+0000][3985.738s][info][gc,cpu      ] GC(819) User=0.67s Sys=0.00s Real=0.11s
[2024-08-15T13:34:52.497+0000][3988.442s][info][gc,start    ] GC(820) Pause Young (Normal) (G1 Evacuation Pause)
[2024-08-15T13:34:52.497+0000][3988.442s][info][gc,task     ] GC(820) Using 6 workers of 6 for evacuation
[2024-08-15T13:34:52.565+0000][3988.509s][info][gc,phases   ] GC(820)   Pre Evacuate Collection Set: 0.2ms
[2024-08-15T13:34:52.565+0000][3988.509s][info][gc,phases   ] GC(820)   Merge Heap Roots: 0.3ms
[2024-08-15T13:34:52.565+0000][3988.509s][info][gc,phases   ] GC(820)   Evacuate Collection Set: 50.0ms
[2024-08-15T13:34:52.565+0000][3988.509s][info][gc,phases   ] GC(820)   Post Evacuate Collection Set: 16.7ms
[2024-08-15T13:34:52.565+0000][3988.509s][info][gc,phases   ] GC(820)   Other: 0.2ms
[2024-08-15T13:34:52.565+0000][3988.509s][info][gc,heap     ] GC(820) Eden regions: 828->0(826)
[2024-08-15T13:34:52.565+0000][3988.509s][info][gc,heap     ] GC(820) Survivor regions: 3->6(104)
[2024-08-15T13:34:52.565+0000][3988.509s][info][gc,heap     ] GC(820) Old regions: 372->372
[2024-08-15T13:34:52.565+0000][3988.509s][info][gc,heap     ] GC(820) Archive regions: 2->2
[2024-08-15T13:34:52.565+0000][3988.509s][info][gc,heap     ] GC(820) Humongous regions: 5->5
[2024-08-15T13:34:52.565+0000][3988.509s][info][gc,metaspace] GC(820) Metaspace: 440487K(446848K)->440487K(446848K) NonClass: 385498K(389120K)->385498K(389120K) Class: 54988K(57728K)->54988K(57728K)
[2024-08-15T13:34:52.565+0000][3988.509s][info][gc          ] GC(820) Pause Young (Normal) (G1 Evacuation Pause) 9663M->3063M(12288M) 67.411ms
[2024-08-15T13:34:52.565+0000][3988.509s][info][gc,cpu      ] GC(820) User=0.39s Sys=0.00s Real=0.07s
[2024-08-15T13:34:54.985+0000][3990.929s][info][gc,start    ] GC(821) Pause Young (Normal) (G1 Evacuation Pause)
[2024-08-15T13:34:54.985+0000][3990.930s][info][gc,task     ] GC(821) Using 6 workers of 6 for evacuation
[2024-08-15T13:34:55.072+0000][3991.016s][info][gc,phases   ] GC(821)   Pre Evacuate Collection Set: 0.2ms
[2024-08-15T13:34:55.072+0000][3991.017s][info][gc,phases   ] GC(821)   Merge Heap Roots: 0.3ms
[2024-08-15T13:34:55.072+0000][3991.017s][info][gc,phases   ] GC(821)   Evacuate Collection Set: 67.4ms
[2024-08-15T13:34:55.072+0000][3991.017s][info][gc,phases   ] GC(821)   Post Evacuate Collection Set: 18.9ms
[2024-08-15T13:34:55.072+0000][3991.017s][info][gc,phases   ] GC(821)   Other: 0.2ms
[2024-08-15T13:34:55.072+0000][3991.017s][info][gc,heap     ] GC(821) Eden regions: 826->0(822)
[2024-08-15T13:34:55.072+0000][3991.017s][info][gc,heap     ] GC(821) Survivor regions: 6->10(104)
[2024-08-15T13:34:55.072+0000][3991.017s][info][gc,heap     ] GC(821) Old regions: 372->372
[2024-08-15T13:34:55.072+0000][3991.017s][info][gc,heap     ] GC(821) Archive regions: 2->2
[2024-08-15T13:34:55.072+0000][3991.017s][info][gc,heap     ] GC(821) Humongous regions: 5->5
[2024-08-15T13:34:55.072+0000][3991.017s][info][gc,metaspace] GC(821) Metaspace: 440487K(446848K)->440487K(446848K) NonClass: 385498K(389120K)->385498K(389120K) Class: 54988K(57728K)->54988K(57728K)
[2024-08-15T13:34:55.072+0000][3991.017s][info][gc          ] GC(821) Pause Young (Normal) (G1 Evacuation Pause) 9671M->3094M(12288M) 87.106ms
[2024-08-15T13:34:55.072+0000][3991.017s][info][gc,cpu      ] GC(821) User=0.51s Sys=0.00s Real=0.08s
[2024-08-15T13:34:57.727+0000][3993.671s][info][gc,start    ] GC(822) Pause Young (Concurrent Start) (G1 Evacuation Pause)
[2024-08-15T13:34:57.727+0000][3993.671s][info][gc,task     ] GC(822) Using 6 workers of 6 for evacuation
[2024-08-15T13:34:57.820+0000][3993.765s][info][gc,phases   ] GC(822)   Pre Evacuate Collection Set: 0.6ms
[2024-08-15T13:34:57.820+0000][3993.765s][info][gc,phases   ] GC(822)   Merge Heap Roots: 0.3ms
[2024-08-15T13:34:57.820+0000][3993.765s][info][gc,phases   ] GC(822)   Evacuate Collection Set: 72.9ms
[2024-08-15T13:34:57.820+0000][3993.765s][info][gc,phases   ] GC(822)   Post Evacuate Collection Set: 19.5ms
[2024-08-15T13:34:57.820+0000][3993.765s][info][gc,phases   ] GC(822)   Other: 0.3ms
[2024-08-15T13:34:57.820+0000][3993.765s][info][gc,heap     ] GC(822) Eden regions: 822->0(818)
[2024-08-15T13:34:57.820+0000][3993.765s][info][gc,heap     ] GC(822) Survivor regions: 10->14(104)
[2024-08-15T13:34:57.820+0000][3993.765s][info][gc,heap     ] GC(822) Old regions: 372->372
[2024-08-15T13:34:57.820+0000][3993.765s][info][gc,heap     ] GC(822) Archive regions: 2->2
[2024-08-15T13:34:57.820+0000][3993.765s][info][gc,heap     ] GC(822) Humongous regions: 5->5
[2024-08-15T13:34:57.820+0000][3993.765s][info][gc,metaspace] GC(822) Metaspace: 440487K(446848K)->440487K(446848K) NonClass: 385498K(389120K)->385498K(389120K) Class: 54988K(57728K)->54988K(57728K)
[2024-08-15T13:34:57.820+0000][3993.765s][info][gc          ] GC(822) Pause Young (Concurrent Start) (G1 Evacuation Pause) 9670M->3127M(12288M) 93.738ms
[2024-08-15T13:34:57.820+0000][3993.765s][info][gc,cpu      ] GC(822) User=0.54s Sys=0.00s Real=0.09s
[2024-08-15T13:34:57.820+0000][3993.765s][info][gc          ] GC(823) Concurrent Mark Cycle
[2024-08-15T13:34:57.820+0000][3993.765s][info][gc,marking  ] GC(823) Concurrent Clear Claimed Marks
[2024-08-15T13:34:57.821+0000][3993.766s][info][gc,marking  ] GC(823) Concurrent Clear Claimed Marks 0.461ms
[2024-08-15T13:34:57.821+0000][3993.766s][info][gc,marking  ] GC(823) Concurrent Scan Root Regions
[2024-08-15T13:34:57.862+0000][3993.807s][info][gc,marking  ] GC(823) Concurrent Scan Root Regions 41.308ms
[2024-08-15T13:34:57.862+0000][3993.807s][info][gc,marking  ] GC(823) Concurrent Mark
[2024-08-15T13:34:57.862+0000][3993.807s][info][gc,marking  ] GC(823) Concurrent Mark From Roots
[2024-08-15T13:34:57.862+0000][3993.807s][info][gc,task     ] GC(823) Using 2 workers of 2 for marking
[2024-08-15T13:35:00.412+0000][3996.357s][info][gc,marking  ] GC(823) Concurrent Mark From Roots 2550.115ms
[2024-08-15T13:35:00.412+0000][3996.357s][info][gc,marking  ] GC(823) Concurrent Preclean
[2024-08-15T13:35:00.414+0000][3996.359s][info][gc,marking  ] GC(823) Concurrent Preclean 1.547ms
[2024-08-15T13:35:00.414+0000][3996.359s][info][gc,start    ] GC(823) Pause Remark
[2024-08-15T13:35:00.437+0000][3996.381s][info][gc          ] GC(823) Pause Remark 8323M->8323M(12288M) 22.402ms
[2024-08-15T13:35:00.437+0000][3996.381s][info][gc,cpu      ] GC(823) User=0.09s Sys=0.00s Real=0.03s
[2024-08-15T13:35:00.437+0000][3996.381s][info][gc,marking  ] GC(823) Concurrent Mark 2574.500ms
[2024-08-15T13:35:00.437+0000][3996.381s][info][gc,marking  ] GC(823) Concurrent Rebuild Remembered Sets
[2024-08-15T13:35:00.977+0000][3996.921s][info][gc,start    ] GC(824) Pause Young (Normal) (G1 Evacuation Pause)
[2024-08-15T13:35:00.977+0000][3996.921s][info][gc,task     ] GC(824) Using 6 workers of 6 for evacuation
[2024-08-15T13:35:01.084+0000][3997.029s][info][gc,phases   ] GC(824)   Pre Evacuate Collection Set: 0.2ms
[2024-08-15T13:35:01.084+0000][3997.029s][info][gc,phases   ] GC(824)   Merge Heap Roots: 0.8ms
[2024-08-15T13:35:01.084+0000][3997.029s][info][gc,phases   ] GC(824)   Evacuate Collection Set: 86.8ms
[2024-08-15T13:35:01.084+0000][3997.029s][info][gc,phases   ] GC(824)   Post Evacuate Collection Set: 19.5ms
[2024-08-15T13:35:01.084+0000][3997.029s][info][gc,phases   ] GC(824)   Other: 0.2ms
[2024-08-15T13:35:01.084+0000][3997.029s][info][gc,heap     ] GC(824) Eden regions: 818->0(813)
[2024-08-15T13:35:01.084+0000][3997.029s][info][gc,heap     ] GC(824) Survivor regions: 14->18(104)
[2024-08-15T13:35:01.084+0000][3997.029s][info][gc,heap     ] GC(824) Old regions: 372->372
[2024-08-15T13:35:01.084+0000][3997.029s][info][gc,heap     ] GC(824) Archive regions: 2->2
[2024-08-15T13:35:01.084+0000][3997.029s][info][gc,heap     ] GC(824) Humongous regions: 5->5
[2024-08-15T13:35:01.084+0000][3997.029s][info][gc,metaspace] GC(824) Metaspace: 440490K(446848K)->440490K(446848K) NonClass: 385502K(389120K)->385502K(389120K) Class: 54988K(57728K)->54988K(57728K)
[2024-08-15T13:35:01.084+0000][3997.029s][info][gc          ] GC(824) Pause Young (Normal) (G1 Evacuation Pause) 9671M->3157M(12288M) 107.428ms
[2024-08-15T13:35:01.084+0000][3997.029s][info][gc,cpu      ] GC(824) User=0.62s Sys=0.00s Real=0.11s
[2024-08-15T13:35:01.905+0000][3997.850s][info][gc,marking  ] GC(823) Concurrent Rebuild Remembered Sets 1468.532ms
[2024-08-15T13:35:01.905+0000][3997.850s][info][gc,start    ] GC(823) Pause Cleanup
[2024-08-15T13:35:01.906+0000][3997.851s][info][gc          ] GC(823) Pause Cleanup 5053M->5053M(12288M) 0.666ms
[2024-08-15T13:35:01.906+0000][3997.851s][info][gc,cpu      ] GC(823) User=0.00s Sys=0.00s Real=0.00s
[2024-08-15T13:35:01.906+0000][3997.851s][info][gc,marking  ] GC(823) Concurrent Cleanup for Next Mark
[2024-08-15T13:35:01.923+0000][3997.868s][info][gc,marking  ] GC(823) Concurrent Cleanup for Next Mark 16.798ms
[2024-08-15T13:35:01.923+0000][3997.868s][info][gc          ] GC(823) Concurrent Mark Cycle 4102.745ms
[2024-08-15T13:35:03.680+0000][3999.625s][info][gc,start    ] GC(825) Pause Young (Prepare Mixed) (G1 Evacuation Pause)
[2024-08-15T13:35:03.680+0000][3999.625s][info][gc,task     ] GC(825) Using 6 workers of 6 for evacuation
[2024-08-15T13:35:03.801+0000][3999.745s][info][gc,phases   ] GC(825)   Pre Evacuate Collection Set: 0.2ms
[2024-08-15T13:35:03.801+0000][3999.745s][info][gc,phases   ] GC(825)   Merge Heap Roots: 0.7ms
[2024-08-15T13:35:03.801+0000][3999.745s][info][gc,phases   ] GC(825)   Evacuate Collection Set: 101.5ms
[2024-08-15T13:35:03.801+0000][3999.745s][info][gc,phases   ] GC(825)   Post Evacuate Collection Set: 17.9ms
[2024-08-15T13:35:03.801+0000][3999.745s][info][gc,phases   ] GC(825)   Other: 0.2ms
[2024-08-15T13:35:03.801+0000][3999.745s][info][gc,heap     ] GC(825) Eden regions: 813->0(54)
[2024-08-15T13:35:03.801+0000][3999.745s][info][gc,heap     ] GC(825) Survivor regions: 18->22(104)
[2024-08-15T13:35:03.801+0000][3999.745s][info][gc,heap     ] GC(825) Old regions: 372->372
[2024-08-15T13:35:03.801+0000][3999.745s][info][gc,heap     ] GC(825) Archive regions: 2->2
[2024-08-15T13:35:03.801+0000][3999.745s][info][gc,heap     ] GC(825) Humongous regions: 5->5
[2024-08-15T13:35:03.801+0000][3999.745s][info][gc,metaspace] GC(825) Metaspace: 440490K(446848K)->440490K(446848K) NonClass: 385502K(389120K)->385502K(389120K) Class: 54988K(57728K)->54988K(57728K)
[2024-08-15T13:35:03.801+0000][3999.745s][info][gc          ] GC(825) Pause Young (Prepare Mixed) (G1 Evacuation Pause) 9661M->3191M(12288M) 120.623ms
[2024-08-15T13:35:03.801+0000][3999.745s][info][gc,cpu      ] GC(825) User=0.71s Sys=0.00s Real=0.12s
[2024-08-15T13:35:04.006+0000][3999.951s][info][gc,start    ] GC(826) Pause Young (Mixed) (G1 Evacuation Pause)
[2024-08-15T13:35:04.006+0000][3999.951s][info][gc,task     ] GC(826) Using 6 workers of 6 for evacuation
[2024-08-15T13:35:04.112+0000][4000.057s][info][gc,phases   ] GC(826)   Pre Evacuate Collection Set: 0.2ms
[2024-08-15T13:35:04.112+0000][4000.057s][info][gc,phases   ] GC(826)   Merge Heap Roots: 0.4ms
[2024-08-15T13:35:04.112+0000][4000.057s][info][gc,phases   ] GC(826)   Evacuate Collection Set: 102.7ms
[2024-08-15T13:35:04.112+0000][4000.057s][info][gc,phases   ] GC(826)   Post Evacuate Collection Set: 2.6ms
[2024-08-15T13:35:04.112+0000][4000.057s][info][gc,phases   ] GC(826)   Other: 0.2ms
[2024-08-15T13:35:04.112+0000][4000.057s][info][gc,heap     ] GC(826) Eden regions: 54->0(825)
[2024-08-15T13:35:04.112+0000][4000.057s][info][gc,heap     ] GC(826) Survivor regions: 22->3(10)
[2024-08-15T13:35:04.112+0000][4000.057s][info][gc,heap     ] GC(826) Old regions: 372->376
[2024-08-15T13:35:04.112+0000][4000.057s][info][gc,heap     ] GC(826) Archive regions: 2->2
[2024-08-15T13:35:04.112+0000][4000.057s][info][gc,heap     ] GC(826) Humongous regions: 5->5
[2024-08-15T13:35:04.112+0000][4000.057s][info][gc,metaspace] GC(826) Metaspace: 440490K(446848K)->440490K(446848K) NonClass: 385502K(389120K)->385502K(389120K) Class: 54988K(57728K)->54988K(57728K)
[2024-08-15T13:35:04.112+0000][4000.057s][info][gc          ] GC(826) Pause Young (Mixed) (G1 Evacuation Pause) 3623M->3076M(12288M) 106.149ms
[2024-08-15T13:35:04.112+0000][4000.057s][info][gc,cpu      ] GC(826) User=0.63s Sys=0.00s Real=0.10s
[2024-08-15T13:35:08.715+0000][4004.660s][info][gc,start    ] GC(827) Pause Young (Normal) (G1 Evacuation Pause)
[2024-08-15T13:35:08.715+0000][4004.660s][info][gc,task     ] GC(827) Using 6 workers of 6 for evacuation
[2024-08-15T13:35:08.765+0000][4004.709s][info][gc,phases   ] GC(827)   Pre Evacuate Collection Set: 0.2ms
[2024-08-15T13:35:08.765+0000][4004.709s][info][gc,phases   ] GC(827)   Merge Heap Roots: 0.3ms
[2024-08-15T13:35:08.765+0000][4004.709s][info][gc,phases   ] GC(827)   Evacuate Collection Set: 37.3ms
[2024-08-15T13:35:08.765+0000][4004.710s][info][gc,phases   ] GC(827)   Post Evacuate Collection Set: 11.5ms
[2024-08-15T13:35:08.765+0000][4004.710s][info][gc,phases   ] GC(827)   Other: 0.2ms
[2024-08-15T13:35:08.765+0000][4004.710s][info][gc,heap     ] GC(827) Eden regions: 825->0(822)
[2024-08-15T13:35:08.765+0000][4004.710s][info][gc,heap     ] GC(827) Survivor regions: 3->6(104)
[2024-08-15T13:35:08.765+0000][4004.710s][info][gc,heap     ] GC(827) Old regions: 376->376
[2024-08-15T13:35:08.765+0000][4004.710s][info][gc,heap     ] GC(827) Archive regions: 2->2
[2024-08-15T13:35:08.765+0000][4004.710s][info][gc,heap     ] GC(827) Humongous regions: 5->5
[2024-08-15T13:35:08.765+0000][4004.710s][info][gc,metaspace] GC(827) Metaspace: 440490K(446848K)->440490K(446848K) NonClass: 385502K(389120K)->385502K(389120K) Class: 54988K(57728K)->54988K(57728K)
[2024-08-15T13:35:08.765+0000][4004.710s][info][gc          ] GC(827) Pause Young (Normal) (G1 Evacuation Pause) 9676M->3099M(12288M) 49.512ms
[2024-08-15T13:35:08.765+0000][4004.710s][info][gc,cpu      ] GC(827) User=0.29s Sys=0.01s Real=0.05s
[2024-08-15T13:35:17.464+0000][4013.408s][info][gc,start    ] GC(828) Pause Young (Normal) (G1 Evacuation Pause)
[2024-08-15T13:35:17.464+0000][4013.408s][info][gc,task     ] GC(828) Using 6 workers of 6 for evacuation
[2024-08-15T13:35:17.490+0000][4013.435s][info][gc,phases   ] GC(828)   Pre Evacuate Collection Set: 0.2ms
[2024-08-15T13:35:17.490+0000][4013.435s][info][gc,phases   ] GC(828)   Merge Heap Roots: 0.2ms
[2024-08-15T13:35:17.490+0000][4013.435s][info][gc,phases   ] GC(828)   Evacuate Collection Set: 24.2ms
[2024-08-15T13:35:17.490+0000][4013.435s][info][gc,phases   ] GC(828)   Post Evacuate Collection Set: 1.7ms
[2024-08-15T13:35:17.490+0000][4013.435s][info][gc,phases   ] GC(828)   Other: 0.2ms
[2024-08-15T13:35:17.490+0000][4013.435s][info][gc,heap     ] GC(828) Eden regions: 822->0(820)
[2024-08-15T13:35:17.490+0000][4013.435s][info][gc,heap     ] GC(828) Survivor regions: 6->9(104)
[2024-08-15T13:35:17.490+0000][4013.435s][info][gc,heap     ] GC(828) Old regions: 376->376
[2024-08-15T13:35:17.490+0000][4013.435s][info][gc,heap     ] GC(828) Archive regions: 2->2
[2024-08-15T13:35:17.490+0000][4013.435s][info][gc,heap     ] GC(828) Humongous regions: 5->5
[2024-08-15T13:35:17.490+0000][4013.435s][info][gc,metaspace] GC(828) Metaspace: 440490K(446848K)->440490K(446848K) NonClass: 385502K(389120K)->385502K(389120K) Class: 54988K(57728K)->54988K(57728K)
[2024-08-15T13:35:17.490+0000][4013.435s][info][gc          ] GC(828) Pause Young (Normal) (G1 Evacuation Pause) 9675M->3117M(12288M) 26.565ms
[2024-08-15T13:35:17.490+0000][4013.435s][info][gc,cpu      ] GC(828) User=0.16s Sys=0.00s Real=0.02s
[2024-08-15T13:35:26.392+0000][4022.337s][info][gc,start    ] GC(829) Pause Young (Concurrent Start) (G1 Evacuation Pause)
[2024-08-15T13:35:26.392+0000][4022.337s][info][gc,task     ] GC(829) Using 6 workers of 6 for evacuation
[2024-08-15T13:35:26.425+0000][4022.370s][info][gc,phases   ] GC(829)   Pre Evacuate Collection Set: 0.6ms
[2024-08-15T13:35:26.425+0000][4022.370s][info][gc,phases   ] GC(829)   Merge Heap Roots: 0.2ms
[2024-08-15T13:35:26.425+0000][4022.370s][info][gc,phases   ] GC(829)   Evacuate Collection Set: 30.0ms
[2024-08-15T13:35:26.425+0000][4022.370s][info][gc,phases   ] GC(829)   Post Evacuate Collection Set: 1.8ms
[2024-08-15T13:35:26.425+0000][4022.370s][info][gc,phases   ] GC(829)   Other: 0.3ms
[2024-08-15T13:35:26.425+0000][4022.370s][info][gc,heap     ] GC(829) Eden regions: 820->0(818)
[2024-08-15T13:35:26.425+0000][4022.370s][info][gc,heap     ] GC(829) Survivor regions: 9->12(104)
[2024-08-15T13:35:26.425+0000][4022.370s][info][gc,heap     ] GC(829) Old regions: 376->376
[2024-08-15T13:35:26.425+0000][4022.370s][info][gc,heap     ] GC(829) Archive regions: 2->2
[2024-08-15T13:35:26.425+0000][4022.370s][info][gc,heap     ] GC(829) Humongous regions: 5->5
[2024-08-15T13:35:26.425+0000][4022.370s][info][gc,metaspace] GC(829) Metaspace: 440490K(446848K)->440490K(446848K) NonClass: 385502K(389120K)->385502K(389120K) Class: 54988K(57728K)->54988K(57728K)
[2024-08-15T13:35:26.425+0000][4022.370s][info][gc          ] GC(829) Pause Young (Concurrent Start) (G1 Evacuation Pause) 9677M->3148M(12288M) 33.019ms
[2024-08-15T13:35:26.425+0000][4022.370s][info][gc,cpu      ] GC(829) User=0.19s Sys=0.00s Real=0.04s
[2024-08-15T13:35:26.425+0000][4022.370s][info][gc          ] GC(830) Concurrent Mark Cycle
[2024-08-15T13:35:26.425+0000][4022.370s][info][gc,marking  ] GC(830) Concurrent Clear Claimed Marks
[2024-08-15T13:35:26.426+0000][4022.370s][info][gc,marking  ] GC(830) Concurrent Clear Claimed Marks 0.423ms
[2024-08-15T13:35:26.426+0000][4022.370s][info][gc,marking  ] GC(830) Concurrent Scan Root Regions
[2024-08-15T13:35:26.450+0000][4022.394s][info][gc,marking  ] GC(830) Concurrent Scan Root Regions 24.017ms
[2024-08-15T13:35:26.450+0000][4022.394s][info][gc,marking  ] GC(830) Concurrent Mark
[2024-08-15T13:35:26.450+0000][4022.394s][info][gc,marking  ] GC(830) Concurrent Mark From Roots
[2024-08-15T13:35:26.450+0000][4022.394s][info][gc,task     ] GC(830) Using 2 workers of 2 for marking
[2024-08-15T13:35:28.924+0000][4024.868s][info][gc,marking  ] GC(830) Concurrent Mark From Roots 2473.910ms
[2024-08-15T13:35:28.924+0000][4024.868s][info][gc,marking  ] GC(830) Concurrent Preclean
[2024-08-15T13:35:28.925+0000][4024.870s][info][gc,marking  ] GC(830) Concurrent Preclean 1.161ms
[2024-08-15T13:35:28.925+0000][4024.870s][info][gc,start    ] GC(830) Pause Remark
[2024-08-15T13:35:28.948+0000][4024.892s][info][gc          ] GC(830) Pause Remark 4820M->4820M(12288M) 22.666ms
[2024-08-15T13:35:28.948+0000][4024.892s][info][gc,cpu      ] GC(830) User=0.09s Sys=0.00s Real=0.02s
[2024-08-15T13:35:28.948+0000][4024.893s][info][gc,marking  ] GC(830) Concurrent Mark 2498.251ms
[2024-08-15T13:35:28.948+0000][4024.893s][info][gc,marking  ] GC(830) Concurrent Rebuild Remembered Sets
[2024-08-15T13:35:30.250+0000][4026.194s][info][gc,marking  ] GC(830) Concurrent Rebuild Remembered Sets 1301.590ms
[2024-08-15T13:35:30.250+0000][4026.194s][info][gc,start    ] GC(830) Pause Cleanup
[2024-08-15T13:35:30.250+0000][4026.195s][info][gc          ] GC(830) Pause Cleanup 5692M->5692M(12288M) 0.661ms
[2024-08-15T13:35:30.251+0000][4026.195s][info][gc,cpu      ] GC(830) User=0.00s Sys=0.00s Real=0.00s
[2024-08-15T13:35:30.251+0000][4026.195s][info][gc,marking  ] GC(830) Concurrent Cleanup for Next Mark
[2024-08-15T13:35:30.268+0000][4026.212s][info][gc,marking  ] GC(830) Concurrent Cleanup for Next Mark 16.950ms
[2024-08-15T13:35:30.268+0000][4026.212s][info][gc          ] GC(830) Concurrent Mark Cycle 3842.344ms
[2024-08-15T13:35:35.607+0000][4031.552s][info][gc,start    ] GC(831) Pause Young (Prepare Mixed) (G1 Evacuation Pause)
[2024-08-15T13:35:35.607+0000][4031.552s][info][gc,task     ] GC(831) Using 6 workers of 6 for evacuation
[2024-08-15T13:35:35.650+0000][4031.595s][info][gc,phases   ] GC(831)   Pre Evacuate Collection Set: 0.2ms
[2024-08-15T13:35:35.650+0000][4031.595s][info][gc,phases   ] GC(831)   Merge Heap Roots: 0.3ms
[2024-08-15T13:35:35.650+0000][4031.595s][info][gc,phases   ] GC(831)   Evacuate Collection Set: 40.5ms
[2024-08-15T13:35:35.650+0000][4031.595s][info][gc,phases   ] GC(831)   Post Evacuate Collection Set: 1.8ms
[2024-08-15T13:35:35.650+0000][4031.595s][info][gc,phases   ] GC(831)   Other: 0.2ms
[2024-08-15T13:35:35.650+0000][4031.595s][info][gc,heap     ] GC(831) Eden regions: 818->0(60)
[2024-08-15T13:35:35.650+0000][4031.595s][info][gc,heap     ] GC(831) Survivor regions: 12->16(104)
[2024-08-15T13:35:35.650+0000][4031.595s][info][gc,heap     ] GC(831) Old regions: 376->376
[2024-08-15T13:35:35.650+0000][4031.595s][info][gc,heap     ] GC(831) Archive regions: 2->2
[2024-08-15T13:35:35.650+0000][4031.595s][info][gc,heap     ] GC(831) Humongous regions: 5->5
[2024-08-15T13:35:35.650+0000][4031.595s][info][gc,metaspace] GC(831) Metaspace: 440500K(446848K)->440500K(446848K) NonClass: 385511K(389120K)->385511K(389120K) Class: 54988K(57728K)->54988K(57728K)
[2024-08-15T13:35:35.650+0000][4031.595s][info][gc          ] GC(831) Pause Young (Prepare Mixed) (G1 Evacuation Pause) 9692M->3175M(12288M) 43.211ms
[2024-08-15T13:35:35.650+0000][4031.595s][info][gc,cpu      ] GC(831) User=0.26s Sys=0.00s Real=0.04s
[2024-08-15T13:35:36.295+0000][4032.240s][info][gc,start    ] GC(832) Pause Young (Mixed) (G1 Evacuation Pause)
[2024-08-15T13:35:36.295+0000][4032.240s][info][gc,task     ] GC(832) Using 6 workers of 6 for evacuation
[2024-08-15T13:35:36.359+0000][4032.304s][info][gc,phases   ] GC(832)   Pre Evacuate Collection Set: 0.2ms
[2024-08-15T13:35:36.359+0000][4032.304s][info][gc,phases   ] GC(832)   Merge Heap Roots: 0.3ms
[2024-08-15T13:35:36.359+0000][4032.304s][info][gc,phases   ] GC(832)   Evacuate Collection Set: 62.2ms
[2024-08-15T13:35:36.359+0000][4032.304s][info][gc,phases   ] GC(832)   Post Evacuate Collection Set: 1.3ms
[2024-08-15T13:35:36.359+0000][4032.304s][info][gc,phases   ] GC(832)   Other: 0.2ms
[2024-08-15T13:35:36.359+0000][4032.304s][info][gc,heap     ] GC(832) Eden regions: 60->0(832)
[2024-08-15T13:35:36.360+0000][4032.304s][info][gc,heap     ] GC(832) Survivor regions: 16->6(10)
[2024-08-15T13:35:36.360+0000][4032.304s][info][gc,heap     ] GC(832) Old regions: 376->368
[2024-08-15T13:35:36.360+0000][4032.304s][info][gc,heap     ] GC(832) Archive regions: 2->2
[2024-08-15T13:35:36.360+0000][4032.304s][info][gc,heap     ] GC(832) Humongous regions: 5->5
[2024-08-15T13:35:36.360+0000][4032.304s][info][gc,metaspace] GC(832) Metaspace: 440500K(446848K)->440500K(446848K) NonClass: 385511K(389120K)->385511K(389120K) Class: 54988K(57728K)->54988K(57728K)
[2024-08-15T13:35:36.360+0000][4032.304s][info][gc          ] GC(832) Pause Young (Mixed) (G1 Evacuation Pause) 3655M->3028M(12288M) 64.280ms
[2024-08-15T13:35:36.360+0000][4032.304s][info][gc,cpu      ] GC(832) User=0.38s Sys=0.00s Real=0.06s
[2024-08-15T13:35:45.413+0000][4041.358s][info][gc,start    ] GC(833) Pause Young (Normal) (G1 Evacuation Pause)
[2024-08-15T13:35:45.413+0000][4041.358s][info][gc,task     ] GC(833) Using 6 workers of 6 for evacuation
[2024-08-15T13:35:45.437+0000][4041.382s][info][gc,phases   ] GC(833)   Pre Evacuate Collection Set: 0.2ms
[2024-08-15T13:35:45.437+0000][4041.382s][info][gc,phases   ] GC(833)   Merge Heap Roots: 0.3ms
[2024-08-15T13:35:45.437+0000][4041.382s][info][gc,phases   ] GC(833)   Evacuate Collection Set: 22.0ms
[2024-08-15T13:35:45.437+0000][4041.382s][info][gc,phases   ] GC(833)   Post Evacuate Collection Set: 1.8ms
[2024-08-15T13:35:45.437+0000][4041.382s][info][gc,phases   ] GC(833)   Other: 0.2ms
[2024-08-15T13:35:45.437+0000][4041.382s][info][gc,heap     ] GC(833) Eden regions: 832->0(828)
[2024-08-15T13:35:45.437+0000][4041.382s][info][gc,heap     ] GC(833) Survivor regions: 6->9(105)
[2024-08-15T13:35:45.437+0000][4041.382s][info][gc,heap     ] GC(833) Old regions: 368->368
[2024-08-15T13:35:45.437+0000][4041.382s][info][gc,heap     ] GC(833) Archive regions: 2->2
[2024-08-15T13:35:45.437+0000][4041.382s][info][gc,heap     ] GC(833) Humongous regions: 5->5
[2024-08-15T13:35:45.437+0000][4041.382s][info][gc,metaspace] GC(833) Metaspace: 440514K(446848K)->440514K(446848K) NonClass: 385526K(389120K)->385526K(389120K) Class: 54988K(57728K)->54988K(57728K)
[2024-08-15T13:35:45.437+0000][4041.382s][info][gc          ] GC(833) Pause Young (Normal) (G1 Evacuation Pause) 9684M->3052M(12288M) 24.480ms
[2024-08-15T13:35:45.437+0000][4041.382s][info][gc,cpu      ] GC(833) User=0.14s Sys=0.00s Real=0.03s
[2024-08-15T13:35:54.289+0000][4050.233s][info][gc,start    ] GC(834) Pause Young (Normal) (G1 Evacuation Pause)
[2024-08-15T13:35:54.289+0000][4050.233s][info][gc,task     ] GC(834) Using 6 workers of 6 for evacuation
[2024-08-15T13:35:54.317+0000][4050.262s][info][gc,phases   ] GC(834)   Pre Evacuate Collection Set: 0.2ms
[2024-08-15T13:35:54.317+0000][4050.262s][info][gc,phases   ] GC(834)   Merge Heap Roots: 0.2ms
[2024-08-15T13:35:54.317+0000][4050.262s][info][gc,phases   ] GC(834)   Evacuate Collection Set: 25.8ms
[2024-08-15T13:35:54.317+0000][4050.262s][info][gc,phases   ] GC(834)   Post Evacuate Collection Set: 1.7ms
[2024-08-15T13:35:54.317+0000][4050.262s][info][gc,phases   ] GC(834)   Other: 0.2ms
[2024-08-15T13:35:54.317+0000][4050.262s][info][gc,heap     ] GC(834) Eden regions: 828->0(824)
[2024-08-15T13:35:54.317+0000][4050.262s][info][gc,heap     ] GC(834) Survivor regions: 9->13(105)
[2024-08-15T13:35:54.317+0000][4050.262s][info][gc,heap     ] GC(834) Old regions: 368->368
[2024-08-15T13:35:54.317+0000][4050.262s][info][gc,heap     ] GC(834) Archive regions: 2->2
[2024-08-15T13:35:54.317+0000][4050.262s][info][gc,heap     ] GC(834) Humongous regions: 5->5
[2024-08-15T13:35:54.317+0000][4050.262s][info][gc,metaspace] GC(834) Metaspace: 440514K(446848K)->440514K(446848K) NonClass: 385526K(389120K)->385526K(389120K) Class: 54988K(57728K)->54988K(57728K)
[2024-08-15T13:35:54.317+0000][4050.262s][info][gc          ] GC(834) Pause Young (Normal) (G1 Evacuation Pause) 9676M->3081M(12288M) 28.233ms
[2024-08-15T13:35:54.317+0000][4050.262s][info][gc,cpu      ] GC(834) User=0.17s Sys=0.00s Real=0.03s
[2024-08-15T13:36:02.422+0000][4058.367s][info][gc,start    ] GC(835) Pause Young (Concurrent Start) (G1 Evacuation Pause)
[2024-08-15T13:36:02.422+0000][4058.367s][info][gc,task     ] GC(835) Using 6 workers of 6 for evacuation
[2024-08-15T13:36:02.460+0000][4058.405s][info][gc,phases   ] GC(835)   Pre Evacuate Collection Set: 0.6ms
[2024-08-15T13:36:02.460+0000][4058.405s][info][gc,phases   ] GC(835)   Merge Heap Roots: 0.3ms
[2024-08-15T13:36:02.460+0000][4058.405s][info][gc,phases   ] GC(835)   Evacuate Collection Set: 35.1ms
[2024-08-15T13:36:02.460+0000][4058.405s][info][gc,phases   ] GC(835)   Post Evacuate Collection Set: 1.8ms
[2024-08-15T13:36:02.460+0000][4058.405s][info][gc,phases   ] GC(835)   Other: 0.3ms
[2024-08-15T13:36:02.460+0000][4058.405s][info][gc,heap     ] GC(835) Eden regions: 824->0(826)
[2024-08-15T13:36:02.460+0000][4058.405s][info][gc,heap     ] GC(835) Survivor regions: 13->12(105)
[2024-08-15T13:36:02.460+0000][4058.405s][info][gc,heap     ] GC(835) Old regions: 368->368
[2024-08-15T13:36:02.460+0000][4058.405s][info][gc,heap     ] GC(835) Archive regions: 2->2
[2024-08-15T13:36:02.460+0000][4058.405s][info][gc,heap     ] GC(835) Humongous regions: 5->5
[2024-08-15T13:36:02.460+0000][4058.405s][info][gc,metaspace] GC(835) Metaspace: 440514K(446848K)->440514K(446848K) NonClass: 385526K(389120K)->385526K(389120K) Class: 54988K(57728K)->54988K(57728K)
[2024-08-15T13:36:02.460+0000][4058.405s][info][gc          ] GC(835) Pause Young (Concurrent Start) (G1 Evacuation Pause) 9673M->3072M(12288M) 38.076ms
[2024-08-15T13:36:02.460+0000][4058.405s][info][gc,cpu      ] GC(835) User=0.23s Sys=0.00s Real=0.04s
[2024-08-15T13:36:02.460+0000][4058.405s][info][gc          ] GC(836) Concurrent Mark Cycle
[2024-08-15T13:36:02.460+0000][4058.405s][info][gc,marking  ] GC(836) Concurrent Clear Claimed Marks
[2024-08-15T13:36:02.461+0000][4058.405s][info][gc,marking  ] GC(836) Concurrent Clear Claimed Marks 0.443ms
[2024-08-15T13:36:02.461+0000][4058.405s][info][gc,marking  ] GC(836) Concurrent Scan Root Regions
[2024-08-15T13:36:02.485+0000][4058.430s][info][gc,marking  ] GC(836) Concurrent Scan Root Regions 24.283ms
[2024-08-15T13:36:02.485+0000][4058.430s][info][gc,marking  ] GC(836) Concurrent Mark
[2024-08-15T13:36:02.485+0000][4058.430s][info][gc,marking  ] GC(836) Concurrent Mark From Roots
[2024-08-15T13:36:02.485+0000][4058.430s][info][gc,task     ] GC(836) Using 2 workers of 2 for marking
[2024-08-15T13:36:05.005+0000][4060.949s][info][gc,marking  ] GC(836) Concurrent Mark From Roots 2519.367ms
[2024-08-15T13:36:05.005+0000][4060.949s][info][gc,marking  ] GC(836) Concurrent Preclean
[2024-08-15T13:36:05.006+0000][4060.951s][info][gc,marking  ] GC(836) Concurrent Preclean 1.481ms
[2024-08-15T13:36:05.006+0000][4060.951s][info][gc,start    ] GC(836) Pause Remark
[2024-08-15T13:36:05.028+0000][4060.973s][info][gc          ] GC(836) Pause Remark 4820M->4820M(12288M) 22.217ms
[2024-08-15T13:36:05.028+0000][4060.973s][info][gc,cpu      ] GC(836) User=0.09s Sys=0.00s Real=0.02s
[2024-08-15T13:36:05.029+0000][4060.973s][info][gc,marking  ] GC(836) Concurrent Mark 2543.452ms
[2024-08-15T13:36:05.029+0000][4060.973s][info][gc,marking  ] GC(836) Concurrent Rebuild Remembered Sets
[2024-08-15T13:36:06.348+0000][4062.293s][info][gc,marking  ] GC(836) Concurrent Rebuild Remembered Sets 1319.309ms
[2024-08-15T13:36:06.348+0000][4062.293s][info][gc,start    ] GC(836) Pause Cleanup
[2024-08-15T13:36:06.349+0000][4062.293s][info][gc          ] GC(836) Pause Cleanup 5772M->5772M(12288M) 0.642ms
[2024-08-15T13:36:06.349+0000][4062.293s][info][gc,cpu      ] GC(836) User=0.00s Sys=0.00s Real=0.00s
[2024-08-15T13:36:06.349+0000][4062.293s][info][gc,marking  ] GC(836) Concurrent Cleanup for Next Mark
[2024-08-15T13:36:06.377+0000][4062.321s][info][gc,marking  ] GC(836) Concurrent Cleanup for Next Mark 27.772ms
[2024-08-15T13:36:06.377+0000][4062.321s][info][gc          ] GC(836) Concurrent Mark Cycle 3916.308ms
[2024-08-15T13:36:11.642+0000][4067.586s][info][gc,start    ] GC(837) Pause Young (Prepare Mixed) (G1 Evacuation Pause)
[2024-08-15T13:36:11.642+0000][4067.586s][info][gc,task     ] GC(837) Using 6 workers of 6 for evacuation
[2024-08-15T13:36:11.678+0000][4067.623s][info][gc,phases   ] GC(837)   Pre Evacuate Collection Set: 0.2ms
[2024-08-15T13:36:11.678+0000][4067.623s][info][gc,phases   ] GC(837)   Merge Heap Roots: 0.4ms
[2024-08-15T13:36:11.678+0000][4067.623s][info][gc,phases   ] GC(837)   Evacuate Collection Set: 33.9ms
[2024-08-15T13:36:11.678+0000][4067.623s][info][gc,phases   ] GC(837)   Post Evacuate Collection Set: 1.8ms
[2024-08-15T13:36:11.678+0000][4067.623s][info][gc,phases   ] GC(837)   Other: 0.2ms
[2024-08-15T13:36:11.678+0000][4067.623s][info][gc,heap     ] GC(837) Eden regions: 826->0(62)
[2024-08-15T13:36:11.678+0000][4067.623s][info][gc,heap     ] GC(837) Survivor regions: 12->14(105)
[2024-08-15T13:36:11.678+0000][4067.623s][info][gc,heap     ] GC(837) Old regions: 368->368
[2024-08-15T13:36:11.678+0000][4067.623s][info][gc,heap     ] GC(837) Archive regions: 2->2
[2024-08-15T13:36:11.678+0000][4067.623s][info][gc,heap     ] GC(837) Humongous regions: 5->5
[2024-08-15T13:36:11.678+0000][4067.623s][info][gc,metaspace] GC(837) Metaspace: 440518K(446848K)->440518K(446848K) NonClass: 385529K(389120K)->385529K(389120K) Class: 54988K(57728K)->54988K(57728K)
[2024-08-15T13:36:11.678+0000][4067.623s][info][gc          ] GC(837) Pause Young (Prepare Mixed) (G1 Evacuation Pause) 9680M->3091M(12288M) 36.530ms
[2024-08-15T13:36:11.678+0000][4067.623s][info][gc,cpu      ] GC(837) User=0.21s Sys=0.00s Real=0.04s
[2024-08-15T13:36:12.372+0000][4068.317s][info][gc,start    ] GC(838) Pause Young (Mixed) (G1 Evacuation Pause)
[2024-08-15T13:36:12.372+0000][4068.317s][info][gc,task     ] GC(838) Using 6 workers of 6 for evacuation
[2024-08-15T13:36:12.448+0000][4068.393s][info][gc,phases   ] GC(838)   Pre Evacuate Collection Set: 0.2ms
[2024-08-15T13:36:12.448+0000][4068.393s][info][gc,phases   ] GC(838)   Merge Heap Roots: 0.4ms
[2024-08-15T13:36:12.448+0000][4068.393s][info][gc,phases   ] GC(838)   Evacuate Collection Set: 74.1ms
[2024-08-15T13:36:12.448+0000][4068.393s][info][gc,phases   ] GC(838)   Post Evacuate Collection Set: 1.3ms
[2024-08-15T13:36:12.448+0000][4068.393s][info][gc,phases   ] GC(838)   Other: 0.2ms
[2024-08-15T13:36:12.448+0000][4068.393s][info][gc,heap     ] GC(838) Eden regions: 62->0(839)
[2024-08-15T13:36:12.448+0000][4068.393s][info][gc,heap     ] GC(838) Survivor regions: 14->5(10)
[2024-08-15T13:36:12.448+0000][4068.393s][info][gc,heap     ] GC(838) Old regions: 368->363
[2024-08-15T13:36:12.448+0000][4068.393s][info][gc,heap     ] GC(838) Archive regions: 2->2
[2024-08-15T13:36:12.448+0000][4068.393s][info][gc,heap     ] GC(838) Humongous regions: 5->5
[2024-08-15T13:36:12.448+0000][4068.393s][info][gc,metaspace] GC(838) Metaspace: 440518K(446848K)->440518K(446848K) NonClass: 385529K(389120K)->385529K(389120K) Class: 54988K(57728K)->54988K(57728K)
[2024-08-15T13:36:12.448+0000][4068.393s][info][gc          ] GC(838) Pause Young (Mixed) (G1 Evacuation Pause) 3587M->2985M(12288M) 76.242ms
[2024-08-15T13:36:12.448+0000][4068.393s][info][gc,cpu      ] GC(838) User=0.45s Sys=0.00s Real=0.08s
[2024-08-15T13:36:21.478+0000][4077.423s][info][gc,start    ] GC(839) Pause Young (Normal) (G1 Evacuation Pause)
[2024-08-15T13:36:21.478+0000][4077.423s][info][gc,task     ] GC(839) Using 6 workers of 6 for evacuation
[2024-08-15T13:36:21.500+0000][4077.445s][info][gc,phases   ] GC(839)   Pre Evacuate Collection Set: 0.2ms
[2024-08-15T13:36:21.500+0000][4077.445s][info][gc,phases   ] GC(839)   Merge Heap Roots: 0.2ms
[2024-08-15T13:36:21.500+0000][4077.445s][info][gc,phases   ] GC(839)   Evacuate Collection Set: 19.3ms
[2024-08-15T13:36:21.500+0000][4077.445s][info][gc,phases   ] GC(839)   Post Evacuate Collection Set: 1.7ms
[2024-08-15T13:36:21.500+0000][4077.445s][info][gc,phases   ] GC(839)   Other: 0.2ms
[2024-08-15T13:36:21.500+0000][4077.445s][info][gc,heap     ] GC(839) Eden regions: 839->0(834)
[2024-08-15T13:36:21.500+0000][4077.445s][info][gc,heap     ] GC(839) Survivor regions: 5->9(106)
[2024-08-15T13:36:21.500+0000][4077.445s][info][gc,heap     ] GC(839) Old regions: 363->363
[2024-08-15T13:36:21.500+0000][4077.445s][info][gc,heap     ] GC(839) Archive regions: 2->2
[2024-08-15T13:36:21.500+0000][4077.445s][info][gc,heap     ] GC(839) Humongous regions: 5->5
[2024-08-15T13:36:21.500+0000][4077.445s][info][gc,metaspace] GC(839) Metaspace: 440518K(446848K)->440518K(446848K) NonClass: 385529K(389120K)->385529K(389120K) Class: 54988K(57728K)->54988K(57728K)
[2024-08-15T13:36:21.500+0000][4077.445s][info][gc          ] GC(839) Pause Young (Normal) (G1 Evacuation Pause) 9697M->3012M(12288M) 21.710ms
[2024-08-15T13:36:21.500+0000][4077.445s][info][gc,cpu      ] GC(839) User=0.13s Sys=0.00s Real=0.02s
[2024-08-15T13:36:30.633+0000][4086.578s][info][gc,start    ] GC(840) Pause Young (Normal) (G1 Evacuation Pause)
[2024-08-15T13:36:30.633+0000][4086.578s][info][gc,task     ] GC(840) Using 6 workers of 6 for evacuation
[2024-08-15T13:36:30.664+0000][4086.609s][info][gc,phases   ] GC(840)   Pre Evacuate Collection Set: 0.2ms
[2024-08-15T13:36:30.664+0000][4086.609s][info][gc,phases   ] GC(840)   Merge Heap Roots: 0.2ms
[2024-08-15T13:36:30.664+0000][4086.609s][info][gc,phases   ] GC(840)   Evacuate Collection Set: 28.3ms
[2024-08-15T13:36:30.664+0000][4086.609s][info][gc,phases   ] GC(840)   Post Evacuate Collection Set: 2.0ms
[2024-08-15T13:36:30.664+0000][4086.609s][info][gc,phases   ] GC(840)   Other: 0.2ms
[2024-08-15T13:36:30.664+0000][4086.609s][info][gc,heap     ] GC(840) Eden regions: 834->0(830)
[2024-08-15T13:36:30.664+0000][4086.609s][info][gc,heap     ] GC(840) Survivor regions: 9->13(106)
[2024-08-15T13:36:30.664+0000][4086.609s][info][gc,heap     ] GC(840) Old regions: 363->363
[2024-08-15T13:36:30.664+0000][4086.609s][info][gc,heap     ] GC(840) Archive regions: 2->2
[2024-08-15T13:36:30.664+0000][4086.609s][info][gc,heap     ] GC(840) Humongous regions: 5->5
[2024-08-15T13:36:30.664+0000][4086.609s][info][gc,metaspace] GC(840) Metaspace: 440521K(446848K)->440521K(446848K) NonClass: 385533K(389120K)->385533K(389120K) Class: 54988K(57728K)->54988K(57728K)
[2024-08-15T13:36:30.664+0000][4086.609s][info][gc          ] GC(840) Pause Young (Normal) (G1 Evacuation Pause) 9684M->3043M(12288M) 30.918ms
[2024-08-15T13:36:30.664+0000][4086.609s][info][gc,cpu      ] GC(840) User=0.18s Sys=0.00s Real=0.04s
[2024-08-15T13:36:39.643+0000][4095.587s][info][gc,start    ] GC(841) Pause Young (Concurrent Start) (G1 Evacuation Pause)
[2024-08-15T13:36:39.643+0000][4095.587s][info][gc,task     ] GC(841) Using 6 workers of 6 for evacuation
[2024-08-15T13:36:39.675+0000][4095.620s][info][gc,phases   ] GC(841)   Pre Evacuate Collection Set: 0.6ms
[2024-08-15T13:36:39.675+0000][4095.620s][info][gc,phases   ] GC(841)   Merge Heap Roots: 0.2ms
[2024-08-15T13:36:39.675+0000][4095.620s][info][gc,phases   ] GC(841)   Evacuate Collection Set: 29.6ms
[2024-08-15T13:36:39.675+0000][4095.620s][info][gc,phases   ] GC(841)   Post Evacuate Collection Set: 1.8ms
[2024-08-15T13:36:39.675+0000][4095.620s][info][gc,phases   ] GC(841)   Other: 0.3ms
[2024-08-15T13:36:39.675+0000][4095.620s][info][gc,heap     ] GC(841) Eden regions: 830->0(831)
[2024-08-15T13:36:39.675+0000][4095.620s][info][gc,heap     ] GC(841) Survivor regions: 13->13(106)
[2024-08-15T13:36:39.675+0000][4095.620s][info][gc,heap     ] GC(841) Old regions: 363->363
[2024-08-15T13:36:39.675+0000][4095.620s][info][gc,heap     ] GC(841) Archive regions: 2->2
[2024-08-15T13:36:39.675+0000][4095.620s][info][gc,heap     ] GC(841) Humongous regions: 5->5
[2024-08-15T13:36:39.675+0000][4095.620s][info][gc,metaspace] GC(841) Metaspace: 440529K(446848K)->440529K(446848K) NonClass: 385541K(389120K)->385541K(389120K) Class: 54988K(57728K)->54988K(57728K)
[2024-08-15T13:36:39.675+0000][4095.620s][info][gc          ] GC(841) Pause Young (Concurrent Start) (G1 Evacuation Pause) 9683M->3046M(12288M) 32.626ms
[2024-08-15T13:36:39.675+0000][4095.620s][info][gc,cpu      ] GC(841) User=0.19s Sys=0.00s Real=0.04s
[2024-08-15T13:36:39.675+0000][4095.620s][info][gc          ] GC(842) Concurrent Mark Cycle
[2024-08-15T13:36:39.676+0000][4095.620s][info][gc,marking  ] GC(842) Concurrent Clear Claimed Marks
[2024-08-15T13:36:39.676+0000][4095.621s][info][gc,marking  ] GC(842) Concurrent Clear Claimed Marks 0.427ms
[2024-08-15T13:36:39.676+0000][4095.621s][info][gc,marking  ] GC(842) Concurrent Scan Root Regions
[2024-08-15T13:36:39.702+0000][4095.647s][info][gc,marking  ] GC(842) Concurrent Scan Root Regions 26.417ms
[2024-08-15T13:36:39.702+0000][4095.647s][info][gc,marking  ] GC(842) Concurrent Mark
[2024-08-15T13:36:39.702+0000][4095.647s][info][gc,marking  ] GC(842) Concurrent Mark From Roots
[2024-08-15T13:36:39.702+0000][4095.647s][info][gc,task     ] GC(842) Using 2 workers of 2 for marking
[2024-08-15T13:36:42.021+0000][4097.966s][info][gc,marking  ] GC(842) Concurrent Mark From Roots 2318.561ms
[2024-08-15T13:36:42.021+0000][4097.966s][info][gc,marking  ] GC(842) Concurrent Preclean
[2024-08-15T13:36:42.022+0000][4097.967s][info][gc,marking  ] GC(842) Concurrent Preclean 1.428ms
[2024-08-15T13:36:42.023+0000][4097.967s][info][gc,start    ] GC(842) Pause Remark
[2024-08-15T13:36:42.045+0000][4097.990s][info][gc          ] GC(842) Pause Remark 4590M->4590M(12288M) 22.640ms
[2024-08-15T13:36:42.045+0000][4097.990s][info][gc,cpu      ] GC(842) User=0.08s Sys=0.01s Real=0.03s
[2024-08-15T13:36:42.045+0000][4097.990s][info][gc,marking  ] GC(842) Concurrent Mark 2343.027ms
[2024-08-15T13:36:42.045+0000][4097.990s][info][gc,marking  ] GC(842) Concurrent Rebuild Remembered Sets
[2024-08-15T13:36:43.353+0000][4099.297s][info][gc,marking  ] GC(842) Concurrent Rebuild Remembered Sets 1307.146ms
[2024-08-15T13:36:43.353+0000][4099.297s][info][gc,start    ] GC(842) Pause Cleanup
[2024-08-15T13:36:43.353+0000][4099.298s][info][gc          ] GC(842) Pause Cleanup 5458M->5458M(12288M) 0.614ms
[2024-08-15T13:36:43.353+0000][4099.298s][info][gc,cpu      ] GC(842) User=0.00s Sys=0.00s Real=0.00s
[2024-08-15T13:36:43.354+0000][4099.298s][info][gc,marking  ] GC(842) Concurrent Cleanup for Next Mark
[2024-08-15T13:36:43.371+0000][4099.316s][info][gc,marking  ] GC(842) Concurrent Cleanup for Next Mark 17.593ms
[2024-08-15T13:36:43.371+0000][4099.316s][info][gc          ] GC(842) Concurrent Mark Cycle 3695.703ms
[2024-08-15T13:36:49.135+0000][4105.079s][info][gc,start    ] GC(843) Pause Young (Prepare Mixed) (G1 Evacuation Pause)
[2024-08-15T13:36:49.135+0000][4105.079s][info][gc,task     ] GC(843) Using 6 workers of 6 for evacuation
[2024-08-15T13:36:49.173+0000][4105.117s][info][gc,phases   ] GC(843)   Pre Evacuate Collection Set: 0.2ms
[2024-08-15T13:36:49.173+0000][4105.117s][info][gc,phases   ] GC(843)   Merge Heap Roots: 0.3ms
[2024-08-15T13:36:49.173+0000][4105.117s][info][gc,phases   ] GC(843)   Evacuate Collection Set: 35.2ms
[2024-08-15T13:36:49.173+0000][4105.117s][info][gc,phases   ] GC(843)   Post Evacuate Collection Set: 1.9ms
[2024-08-15T13:36:49.173+0000][4105.117s][info][gc,phases   ] GC(843)   Other: 0.2ms
[2024-08-15T13:36:49.173+0000][4105.117s][info][gc,heap     ] GC(843) Eden regions: 831->0(60)
[2024-08-15T13:36:49.173+0000][4105.117s][info][gc,heap     ] GC(843) Survivor regions: 13->16(106)
[2024-08-15T13:36:49.173+0000][4105.117s][info][gc,heap     ] GC(843) Old regions: 363->363
[2024-08-15T13:36:49.173+0000][4105.117s][info][gc,heap     ] GC(843) Archive regions: 2->2
[2024-08-15T13:36:49.173+0000][4105.117s][info][gc,heap     ] GC(843) Humongous regions: 5->5
[2024-08-15T13:36:49.173+0000][4105.117s][info][gc,metaspace] GC(843) Metaspace: 440529K(446848K)->440529K(446848K) NonClass: 385541K(389120K)->385541K(389120K) Class: 54988K(57728K)->54988K(57728K)
[2024-08-15T13:36:49.173+0000][4105.117s][info][gc          ] GC(843) Pause Young (Prepare Mixed) (G1 Evacuation Pause) 9694M->3071M(12288M) 37.865ms
[2024-08-15T13:36:49.173+0000][4105.117s][info][gc,cpu      ] GC(843) User=0.22s Sys=0.00s Real=0.04s
[2024-08-15T13:36:49.855+0000][4105.800s][info][gc,start    ] GC(844) Pause Young (Mixed) (G1 Evacuation Pause)
[2024-08-15T13:36:49.855+0000][4105.800s][info][gc,task     ] GC(844) Using 6 workers of 6 for evacuation
[2024-08-15T13:36:49.941+0000][4105.886s][info][gc,phases   ] GC(844)   Pre Evacuate Collection Set: 0.2ms
[2024-08-15T13:36:49.941+0000][4105.886s][info][gc,phases   ] GC(844)   Merge Heap Roots: 0.4ms
[2024-08-15T13:36:49.941+0000][4105.886s][info][gc,phases   ] GC(844)   Evacuate Collection Set: 84.1ms
[2024-08-15T13:36:49.941+0000][4105.886s][info][gc,phases   ] GC(844)   Post Evacuate Collection Set: 1.3ms
[2024-08-15T13:36:49.941+0000][4105.886s][info][gc,phases   ] GC(844)   Other: 0.2ms
[2024-08-15T13:36:49.941+0000][4105.886s][info][gc,heap     ] GC(844) Eden regions: 60->0(838)
[2024-08-15T13:36:49.941+0000][4105.886s][info][gc,heap     ] GC(844) Survivor regions: 16->6(10)
[2024-08-15T13:36:49.941+0000][4105.886s][info][gc,heap     ] GC(844) Old regions: 363->363
[2024-08-15T13:36:49.941+0000][4105.886s][info][gc,heap     ] GC(844) Archive regions: 2->2
[2024-08-15T13:36:49.941+0000][4105.886s][info][gc,heap     ] GC(844) Humongous regions: 5->5
[2024-08-15T13:36:49.941+0000][4105.886s][info][gc,metaspace] GC(844) Metaspace: 440529K(446848K)->440529K(446848K) NonClass: 385541K(389120K)->385541K(389120K) Class: 54988K(57728K)->54988K(57728K)
[2024-08-15T13:36:49.942+0000][4105.886s][info][gc          ] GC(844) Pause Young (Mixed) (G1 Evacuation Pause) 3551M->2994M(12288M) 86.202ms
[2024-08-15T13:36:49.942+0000][4105.886s][info][gc,cpu      ] GC(844) User=0.52s Sys=0.00s Real=0.08s
[2024-08-15T13:36:58.684+0000][4114.629s][info][gc,start    ] GC(845) Pause Young (Normal) (G1 Evacuation Pause)
[2024-08-15T13:36:58.684+0000][4114.629s][info][gc,task     ] GC(845) Using 6 workers of 6 for evacuation
[2024-08-15T13:36:58.706+0000][4114.651s][info][gc,phases   ] GC(845)   Pre Evacuate Collection Set: 0.2ms
[2024-08-15T13:36:58.706+0000][4114.651s][info][gc,phases   ] GC(845)   Merge Heap Roots: 0.3ms
[2024-08-15T13:36:58.706+0000][4114.651s][info][gc,phases   ] GC(845)   Evacuate Collection Set: 19.5ms
[2024-08-15T13:36:58.706+0000][4114.651s][info][gc,phases   ] GC(845)   Post Evacuate Collection Set: 1.7ms
[2024-08-15T13:36:58.706+0000][4114.651s][info][gc,phases   ] GC(845)   Other: 0.2ms
[2024-08-15T13:36:58.706+0000][4114.651s][info][gc,heap     ] GC(845) Eden regions: 838->0(836)
[2024-08-15T13:36:58.706+0000][4114.651s][info][gc,heap     ] GC(845) Survivor regions: 6->8(106)
[2024-08-15T13:36:58.706+0000][4114.651s][info][gc,heap     ] GC(845) Old regions: 363->363
[2024-08-15T13:36:58.706+0000][4114.651s][info][gc,heap     ] GC(845) Archive regions: 2->2
[2024-08-15T13:36:58.706+0000][4114.651s][info][gc,heap     ] GC(845) Humongous regions: 5->5
[2024-08-15T13:36:58.706+0000][4114.651s][info][gc,metaspace] GC(845) Metaspace: 440529K(446848K)->440529K(446848K) NonClass: 385541K(389120K)->385541K(389120K) Class: 54988K(57728K)->54988K(57728K)
[2024-08-15T13:36:58.706+0000][4114.651s][info][gc          ] GC(845) Pause Young (Normal) (G1 Evacuation Pause) 9698M->3007M(12288M) 21.891ms
[2024-08-15T13:36:58.706+0000][4114.651s][info][gc,cpu      ] GC(845) User=0.13s Sys=0.00s Real=0.02s
[2024-08-15T13:37:07.937+0000][4123.882s][info][gc,start    ] GC(846) Pause Young (Normal) (G1 Evacuation Pause)
[2024-08-15T13:37:07.937+0000][4123.882s][info][gc,task     ] GC(846) Using 6 workers of 6 for evacuation
[2024-08-15T13:37:07.964+0000][4123.909s][info][gc,phases   ] GC(846)   Pre Evacuate Collection Set: 0.2ms
[2024-08-15T13:37:07.964+0000][4123.909s][info][gc,phases   ] GC(846)   Merge Heap Roots: 0.3ms
[2024-08-15T13:37:07.964+0000][4123.909s][info][gc,phases   ] GC(846)   Evacuate Collection Set: 24.7ms
[2024-08-15T13:37:07.964+0000][4123.909s][info][gc,phases   ] GC(846)   Post Evacuate Collection Set: 1.8ms
[2024-08-15T13:37:07.964+0000][4123.909s][info][gc,phases   ] GC(846)   Other: 0.2ms
[2024-08-15T13:37:07.964+0000][4123.909s][info][gc,heap     ] GC(846) Eden regions: 836->0(833)
[2024-08-15T13:37:07.964+0000][4123.909s][info][gc,heap     ] GC(846) Survivor regions: 8->11(106)
[2024-08-15T13:37:07.964+0000][4123.909s][info][gc,heap     ] GC(846) Old regions: 363->363
[2024-08-15T13:37:07.964+0000][4123.909s][info][gc,heap     ] GC(846) Archive regions: 2->2
[2024-08-15T13:37:07.964+0000][4123.909s][info][gc,heap     ] GC(846) Humongous regions: 5->5
[2024-08-15T13:37:07.964+0000][4123.909s][info][gc,metaspace] GC(846) Metaspace: 440535K(446848K)->440535K(446848K) NonClass: 385546K(389120K)->385546K(389120K) Class: 54988K(57728K)->54988K(57728K)
[2024-08-15T13:37:07.964+0000][4123.909s][info][gc          ] GC(846) Pause Young (Normal) (G1 Evacuation Pause) 9695M->3035M(12288M) 27.122ms
[2024-08-15T13:37:07.964+0000][4123.909s][info][gc,cpu      ] GC(846) User=0.16s Sys=0.00s Real=0.03s
[2024-08-15T13:37:16.849+0000][4132.793s][info][gc,start    ] GC(847) Pause Young (Concurrent Start) (G1 Evacuation Pause)
[2024-08-15T13:37:16.849+0000][4132.793s][info][gc,task     ] GC(847) Using 6 workers of 6 for evacuation
[2024-08-15T13:37:16.881+0000][4132.826s][info][gc,phases   ] GC(847)   Pre Evacuate Collection Set: 0.6ms
[2024-08-15T13:37:16.881+0000][4132.826s][info][gc,phases   ] GC(847)   Merge Heap Roots: 0.2ms
[2024-08-15T13:37:16.881+0000][4132.826s][info][gc,phases   ] GC(847)   Evacuate Collection Set: 29.8ms
[2024-08-15T13:37:16.881+0000][4132.826s][info][gc,phases   ] GC(847)   Post Evacuate Collection Set: 1.8ms
[2024-08-15T13:37:16.881+0000][4132.826s][info][gc,phases   ] GC(847)   Other: 0.3ms
[2024-08-15T13:37:16.881+0000][4132.826s][info][gc,heap     ] GC(847) Eden regions: 833->0(833)
[2024-08-15T13:37:16.881+0000][4132.826s][info][gc,heap     ] GC(847) Survivor regions: 11->12(106)
[2024-08-15T13:37:16.881+0000][4132.826s][info][gc,heap     ] GC(847) Old regions: 363->363
[2024-08-15T13:37:16.881+0000][4132.826s][info][gc,heap     ] GC(847) Archive regions: 2->2
[2024-08-15T13:37:16.881+0000][4132.826s][info][gc,heap     ] GC(847) Humongous regions: 5->5
[2024-08-15T13:37:16.881+0000][4132.826s][info][gc,metaspace] GC(847) Metaspace: 440541K(446912K)->440541K(446912K) NonClass: 385552K(389184K)->385552K(389184K) Class: 54988K(57728K)->54988K(57728K)
[2024-08-15T13:37:16.881+0000][4132.826s][info][gc          ] GC(847) Pause Young (Concurrent Start) (G1 Evacuation Pause) 9699M->3038M(12288M) 32.693ms
[2024-08-15T13:37:16.881+0000][4132.826s][info][gc,cpu      ] GC(847) User=0.19s Sys=0.00s Real=0.03s
[2024-08-15T13:37:16.881+0000][4132.826s][info][gc          ] GC(848) Concurrent Mark Cycle
[2024-08-15T13:37:16.881+0000][4132.826s][info][gc,marking  ] GC(848) Concurrent Clear Claimed Marks
[2024-08-15T13:37:16.882+0000][4132.827s][info][gc,marking  ] GC(848) Concurrent Clear Claimed Marks 0.457ms
[2024-08-15T13:37:16.882+0000][4132.827s][info][gc,marking  ] GC(848) Concurrent Scan Root Regions
[2024-08-15T13:37:16.908+0000][4132.852s][info][gc,marking  ] GC(848) Concurrent Scan Root Regions 25.800ms
[2024-08-15T13:37:16.908+0000][4132.852s][info][gc,marking  ] GC(848) Concurrent Mark
[2024-08-15T13:37:16.908+0000][4132.852s][info][gc,marking  ] GC(848) Concurrent Mark From Roots
[2024-08-15T13:37:16.908+0000][4132.852s][info][gc,task     ] GC(848) Using 2 workers of 2 for marking
[2024-08-15T13:37:19.404+0000][4135.348s][info][gc,marking  ] GC(848) Concurrent Mark From Roots 2496.022ms
[2024-08-15T13:37:19.404+0000][4135.348s][info][gc,marking  ] GC(848) Concurrent Preclean
[2024-08-15T13:37:19.405+0000][4135.350s][info][gc,marking  ] GC(848) Concurrent Preclean 1.460ms
[2024-08-15T13:37:19.405+0000][4135.350s][info][gc,start    ] GC(848) Pause Remark
[2024-08-15T13:37:19.428+0000][4135.373s][info][gc          ] GC(848) Pause Remark 4766M->4766M(12288M) 22.707ms
[2024-08-15T13:37:19.428+0000][4135.373s][info][gc,cpu      ] GC(848) User=0.09s Sys=0.00s Real=0.02s
[2024-08-15T13:37:19.428+0000][4135.373s][info][gc,marking  ] GC(848) Concurrent Mark 2520.620ms
[2024-08-15T13:37:19.428+0000][4135.373s][info][gc,marking  ] GC(848) Concurrent Rebuild Remembered Sets
[2024-08-15T13:37:20.734+0000][4136.679s][info][gc,marking  ] GC(848) Concurrent Rebuild Remembered Sets 1305.538ms
[2024-08-15T13:37:20.734+0000][4136.679s][info][gc,start    ] GC(848) Pause Cleanup
[2024-08-15T13:37:20.735+0000][4136.679s][info][gc          ] GC(848) Pause Cleanup 5642M->5642M(12288M) 0.609ms
[2024-08-15T13:37:20.735+0000][4136.679s][info][gc,cpu      ] GC(848) User=0.00s Sys=0.00s Real=0.00s
[2024-08-15T13:37:20.735+0000][4136.680s][info][gc,marking  ] GC(848) Concurrent Cleanup for Next Mark
[2024-08-15T13:37:20.763+0000][4136.708s][info][gc,marking  ] GC(848) Concurrent Cleanup for Next Mark 28.100ms
[2024-08-15T13:37:20.763+0000][4136.708s][info][gc          ] GC(848) Concurrent Mark Cycle 3881.654ms
[2024-08-15T13:37:26.434+0000][4142.379s][info][gc,start    ] GC(849) Pause Young (Prepare Mixed) (G1 Evacuation Pause)
[2024-08-15T13:37:26.434+0000][4142.379s][info][gc,task     ] GC(849) Using 6 workers of 6 for evacuation
[2024-08-15T13:37:26.481+0000][4142.426s][info][gc,phases   ] GC(849)   Pre Evacuate Collection Set: 0.2ms
[2024-08-15T13:37:26.481+0000][4142.426s][info][gc,phases   ] GC(849)   Merge Heap Roots: 0.3ms
[2024-08-15T13:37:26.481+0000][4142.426s][info][gc,phases   ] GC(849)   Evacuate Collection Set: 44.4ms
[2024-08-15T13:37:26.481+0000][4142.426s][info][gc,phases   ] GC(849)   Post Evacuate Collection Set: 2.0ms
[2024-08-15T13:37:26.481+0000][4142.426s][info][gc,phases   ] GC(849)   Other: 0.2ms
[2024-08-15T13:37:26.481+0000][4142.426s][info][gc,heap     ] GC(849) Eden regions: 833->0(61)
[2024-08-15T13:37:26.481+0000][4142.426s][info][gc,heap     ] GC(849) Survivor regions: 12->15(106)
[2024-08-15T13:37:26.481+0000][4142.426s][info][gc,heap     ] GC(849) Old regions: 363->363
[2024-08-15T13:37:26.481+0000][4142.426s][info][gc,heap     ] GC(849) Archive regions: 2->2
[2024-08-15T13:37:26.481+0000][4142.426s][info][gc,heap     ] GC(849) Humongous regions: 5->5
[2024-08-15T13:37:26.481+0000][4142.426s][info][gc,metaspace] GC(849) Metaspace: 440541K(446912K)->440541K(446912K) NonClass: 385552K(389184K)->385552K(389184K) Class: 54988K(57728K)->54988K(57728K)
[2024-08-15T13:37:26.481+0000][4142.426s][info][gc          ] GC(849) Pause Young (Prepare Mixed) (G1 Evacuation Pause) 9702M->3062M(12288M) 47.164ms
[2024-08-15T13:37:26.481+0000][4142.426s][info][gc,cpu      ] GC(849) User=0.28s Sys=0.00s Real=0.05s
[2024-08-15T13:37:27.151+0000][4143.096s][info][gc,start    ] GC(850) Pause Young (Mixed) (G1 Evacuation Pause)
[2024-08-15T13:37:27.151+0000][4143.096s][info][gc,task     ] GC(850) Using 6 workers of 6 for evacuation
[2024-08-15T13:37:27.238+0000][4143.183s][info][gc,phases   ] GC(850)   Pre Evacuate Collection Set: 0.2ms
[2024-08-15T13:37:27.238+0000][4143.183s][info][gc,phases   ] GC(850)   Merge Heap Roots: 0.5ms
[2024-08-15T13:37:27.238+0000][4143.183s][info][gc,phases   ] GC(850)   Evacuate Collection Set: 84.6ms
[2024-08-15T13:37:27.238+0000][4143.183s][info][gc,phases   ] GC(850)   Post Evacuate Collection Set: 1.3ms
[2024-08-15T13:37:27.238+0000][4143.183s][info][gc,phases   ] GC(850)   Other: 0.2ms
[2024-08-15T13:37:27.238+0000][4143.183s][info][gc,heap     ] GC(850) Eden regions: 61->0(838)
[2024-08-15T13:37:27.238+0000][4143.183s][info][gc,heap     ] GC(850) Survivor regions: 15->6(10)
[2024-08-15T13:37:27.238+0000][4143.183s][info][gc,heap     ] GC(850) Old regions: 363->363
[2024-08-15T13:37:27.238+0000][4143.183s][info][gc,heap     ] GC(850) Archive regions: 2->2
[2024-08-15T13:37:27.238+0000][4143.183s][info][gc,heap     ] GC(850) Humongous regions: 5->5
[2024-08-15T13:37:27.238+0000][4143.183s][info][gc,metaspace] GC(850) Metaspace: 440541K(446912K)->440541K(446912K) NonClass: 385552K(389184K)->385552K(389184K) Class: 54988K(57728K)->54988K(57728K)
[2024-08-15T13:37:27.238+0000][4143.183s][info][gc          ] GC(850) Pause Young (Mixed) (G1 Evacuation Pause) 3550M->2991M(12288M) 86.859ms
[2024-08-15T13:37:27.238+0000][4143.183s][info][gc,cpu      ] GC(850) User=0.51s Sys=0.00s Real=0.09s
[2024-08-15T13:37:36.372+0000][4152.317s][info][gc,start    ] GC(851) Pause Young (Normal) (G1 Evacuation Pause)
[2024-08-15T13:37:36.372+0000][4152.317s][info][gc,task     ] GC(851) Using 6 workers of 6 for evacuation
[2024-08-15T13:37:36.394+0000][4152.339s][info][gc,phases   ] GC(851)   Pre Evacuate Collection Set: 0.2ms
[2024-08-15T13:37:36.394+0000][4152.339s][info][gc,phases   ] GC(851)   Merge Heap Roots: 0.3ms
[2024-08-15T13:37:36.394+0000][4152.339s][info][gc,phases   ] GC(851)   Evacuate Collection Set: 19.4ms
[2024-08-15T13:37:36.394+0000][4152.339s][info][gc,phases   ] GC(851)   Post Evacuate Collection Set: 1.8ms
[2024-08-15T13:37:36.394+0000][4152.339s][info][gc,phases   ] GC(851)   Other: 0.2ms
[2024-08-15T13:37:36.394+0000][4152.339s][info][gc,heap     ] GC(851) Eden regions: 838->0(835)
[2024-08-15T13:37:36.394+0000][4152.339s][info][gc,heap     ] GC(851) Survivor regions: 6->9(106)
[2024-08-15T13:37:36.394+0000][4152.339s][info][gc,heap     ] GC(851) Old regions: 363->363
[2024-08-15T13:37:36.394+0000][4152.339s][info][gc,heap     ] GC(851) Archive regions: 2->2
[2024-08-15T13:37:36.394+0000][4152.339s][info][gc,heap     ] GC(851) Humongous regions: 5->5
[2024-08-15T13:37:36.394+0000][4152.339s][info][gc,metaspace] GC(851) Metaspace: 440543K(446912K)->440543K(446912K) NonClass: 385555K(389184K)->385555K(389184K) Class: 54988K(57728K)->54988K(57728K)
[2024-08-15T13:37:36.394+0000][4152.339s][info][gc          ] GC(851) Pause Young (Normal) (G1 Evacuation Pause) 9695M->3018M(12288M) 21.945ms
[2024-08-15T13:37:36.394+0000][4152.339s][info][gc,cpu      ] GC(851) User=0.12s Sys=0.00s Real=0.02s
[2024-08-15T13:37:45.753+0000][4161.698s][info][gc,start    ] GC(852) Pause Young (Normal) (G1 Evacuation Pause)
[2024-08-15T13:37:45.753+0000][4161.698s][info][gc,task     ] GC(852) Using 6 workers of 6 for evacuation
[2024-08-15T13:37:45.781+0000][4161.725s][info][gc,phases   ] GC(852)   Pre Evacuate Collection Set: 0.2ms
[2024-08-15T13:37:45.781+0000][4161.725s][info][gc,phases   ] GC(852)   Merge Heap Roots: 0.2ms
[2024-08-15T13:37:45.781+0000][4161.725s][info][gc,phases   ] GC(852)   Evacuate Collection Set: 25.0ms
[2024-08-15T13:37:45.781+0000][4161.725s][info][gc,phases   ] GC(852)   Post Evacuate Collection Set: 1.9ms
[2024-08-15T13:37:45.781+0000][4161.725s][info][gc,phases   ] GC(852)   Other: 0.2ms
[2024-08-15T13:37:45.781+0000][4161.725s][info][gc,heap     ] GC(852) Eden regions: 835->0(832)
[2024-08-15T13:37:45.781+0000][4161.725s][info][gc,heap     ] GC(852) Survivor regions: 9->12(106)
[2024-08-15T13:37:45.781+0000][4161.725s][info][gc,heap     ] GC(852) Old regions: 363->363
[2024-08-15T13:37:45.781+0000][4161.725s][info][gc,heap     ] GC(852) Archive regions: 2->2
[2024-08-15T13:37:45.781+0000][4161.725s][info][gc,heap     ] GC(852) Humongous regions: 5->5
[2024-08-15T13:37:45.781+0000][4161.725s][info][gc,metaspace] GC(852) Metaspace: 440567K(446976K)->440567K(446976K) NonClass: 385579K(389248K)->385579K(389248K) Class: 54988K(57728K)->54988K(57728K)
[2024-08-15T13:37:45.781+0000][4161.725s][info][gc          ] GC(852) Pause Young (Normal) (G1 Evacuation Pause) 9698M->3042M(12288M) 27.547ms
[2024-08-15T13:37:45.781+0000][4161.725s][info][gc,cpu      ] GC(852) User=0.16s Sys=0.00s Real=0.03s
[2024-08-15T13:37:54.729+0000][4170.674s][info][gc,start    ] GC(853) Pause Young (Concurrent Start) (G1 Evacuation Pause)
[2024-08-15T13:37:54.729+0000][4170.674s][info][gc,task     ] GC(853) Using 6 workers of 6 for evacuation
[2024-08-15T13:37:54.762+0000][4170.706s][info][gc,phases   ] GC(853)   Pre Evacuate Collection Set: 0.6ms
[2024-08-15T13:37:54.762+0000][4170.706s][info][gc,phases   ] GC(853)   Merge Heap Roots: 0.2ms
[2024-08-15T13:37:54.762+0000][4170.706s][info][gc,phases   ] GC(853)   Evacuate Collection Set: 29.8ms
[2024-08-15T13:37:54.762+0000][4170.706s][info][gc,phases   ] GC(853)   Post Evacuate Collection Set: 1.7ms
[2024-08-15T13:37:54.762+0000][4170.706s][info][gc,phases   ] GC(853)   Other: 0.3ms
[2024-08-15T13:37:54.762+0000][4170.706s][info][gc,heap     ] GC(853) Eden regions: 832->0(831)
[2024-08-15T13:37:54.762+0000][4170.706s][info][gc,heap     ] GC(853) Survivor regions: 12->13(106)
[2024-08-15T13:37:54.762+0000][4170.706s][info][gc,heap     ] GC(853) Old regions: 363->363
[2024-08-15T13:37:54.762+0000][4170.706s][info][gc,heap     ] GC(853) Archive regions: 2->2
[2024-08-15T13:37:54.762+0000][4170.707s][info][gc,heap     ] GC(853) Humongous regions: 5->5
[2024-08-15T13:37:54.762+0000][4170.707s][info][gc,metaspace] GC(853) Metaspace: 440568K(446976K)->440568K(446976K) NonClass: 385579K(389248K)->385579K(389248K) Class: 54988K(57728K)->54988K(57728K)
[2024-08-15T13:37:54.762+0000][4170.707s][info][gc          ] GC(853) Pause Young (Concurrent Start) (G1 Evacuation Pause) 9698M->3049M(12288M) 32.795ms
[2024-08-15T13:37:54.762+0000][4170.707s][info][gc,cpu      ] GC(853) User=0.19s Sys=0.00s Real=0.03s
[2024-08-15T13:37:54.762+0000][4170.707s][info][gc          ] GC(854) Concurrent Mark Cycle
[2024-08-15T13:37:54.762+0000][4170.707s][info][gc,marking  ] GC(854) Concurrent Clear Claimed Marks
[2024-08-15T13:37:54.762+0000][4170.707s][info][gc,marking  ] GC(854) Concurrent Clear Claimed Marks 0.424ms
[2024-08-15T13:37:54.762+0000][4170.707s][info][gc,marking  ] GC(854) Concurrent Scan Root Regions
[2024-08-15T13:37:54.800+0000][4170.744s][info][gc,marking  ] GC(854) Concurrent Scan Root Regions 37.245ms
[2024-08-15T13:37:54.800+0000][4170.744s][info][gc,marking  ] GC(854) Concurrent Mark
[2024-08-15T13:37:54.800+0000][4170.744s][info][gc,marking  ] GC(854) Concurrent Mark From Roots
[2024-08-15T13:37:54.800+0000][4170.744s][info][gc,task     ] GC(854) Using 2 workers of 2 for marking
[2024-08-15T13:37:57.275+0000][4173.219s][info][gc,marking  ] GC(854) Concurrent Mark From Roots 2474.991ms
[2024-08-15T13:37:57.275+0000][4173.219s][info][gc,marking  ] GC(854) Concurrent Preclean
[2024-08-15T13:37:57.276+0000][4173.221s][info][gc,marking  ] GC(854) Concurrent Preclean 1.449ms
[2024-08-15T13:37:57.276+0000][4173.221s][info][gc,start    ] GC(854) Pause Remark
[2024-08-15T13:37:57.299+0000][4173.243s][info][gc          ] GC(854) Pause Remark 5017M->5017M(12288M) 22.485ms
[2024-08-15T13:37:57.299+0000][4173.244s][info][gc,cpu      ] GC(854) User=0.10s Sys=0.00s Real=0.02s
[2024-08-15T13:37:57.299+0000][4173.244s][info][gc,marking  ] GC(854) Concurrent Mark 2499.287ms
[2024-08-15T13:37:57.299+0000][4173.244s][info][gc,marking  ] GC(854) Concurrent Rebuild Remembered Sets
[2024-08-15T13:37:58.621+0000][4174.566s][info][gc,marking  ] GC(854) Concurrent Rebuild Remembered Sets 1321.884ms
[2024-08-15T13:37:58.621+0000][4174.566s][info][gc,start    ] GC(854) Pause Cleanup
[2024-08-15T13:37:58.622+0000][4174.566s][info][gc          ] GC(854) Pause Cleanup 5897M->5897M(12288M) 0.610ms
[2024-08-15T13:37:58.622+0000][4174.566s][info][gc,cpu      ] GC(854) User=0.00s Sys=0.00s Real=0.00s
[2024-08-15T13:37:58.622+0000][4174.566s][info][gc,marking  ] GC(854) Concurrent Cleanup for Next Mark
[2024-08-15T13:37:58.639+0000][4174.584s][info][gc,marking  ] GC(854) Concurrent Cleanup for Next Mark 17.442ms
[2024-08-15T13:37:58.639+0000][4174.584s][info][gc          ] GC(854) Concurrent Mark Cycle 3877.299ms
[2024-08-15T13:38:03.781+0000][4179.725s][info][gc,start    ] GC(855) Pause Young (Prepare Mixed) (G1 Evacuation Pause)
[2024-08-15T13:38:03.781+0000][4179.725s][info][gc,task     ] GC(855) Using 6 workers of 6 for evacuation
[2024-08-15T13:38:03.819+0000][4179.764s][info][gc,phases   ] GC(855)   Pre Evacuate Collection Set: 0.2ms
[2024-08-15T13:38:03.819+0000][4179.764s][info][gc,phases   ] GC(855)   Merge Heap Roots: 0.3ms
[2024-08-15T13:38:03.820+0000][4179.764s][info][gc,phases   ] GC(855)   Evacuate Collection Set: 36.2ms
[2024-08-15T13:38:03.820+0000][4179.764s][info][gc,phases   ] GC(855)   Post Evacuate Collection Set: 1.8ms
[2024-08-15T13:38:03.820+0000][4179.764s][info][gc,phases   ] GC(855)   Other: 0.2ms
[2024-08-15T13:38:03.820+0000][4179.764s][info][gc,heap     ] GC(855) Eden regions: 831->0(62)
[2024-08-15T13:38:03.820+0000][4179.764s][info][gc,heap     ] GC(855) Survivor regions: 13->14(106)
[2024-08-15T13:38:03.820+0000][4179.764s][info][gc,heap     ] GC(855) Old regions: 363->363
[2024-08-15T13:38:03.820+0000][4179.764s][info][gc,heap     ] GC(855) Archive regions: 2->2
[2024-08-15T13:38:03.820+0000][4179.764s][info][gc,heap     ] GC(855) Humongous regions: 5->5
[2024-08-15T13:38:03.820+0000][4179.764s][info][gc,metaspace] GC(855) Metaspace: 440568K(446976K)->440568K(446976K) NonClass: 385580K(389248K)->385580K(389248K) Class: 54988K(57728K)->54988K(57728K)
[2024-08-15T13:38:03.820+0000][4179.764s][info][gc          ] GC(855) Pause Young (Prepare Mixed) (G1 Evacuation Pause) 9697M->3056M(12288M) 38.778ms
[2024-08-15T13:38:03.820+0000][4179.764s][info][gc,cpu      ] GC(855) User=0.23s Sys=0.00s Real=0.04s
[2024-08-15T13:38:04.490+0000][4180.434s][info][gc,start    ] GC(856) Pause Young (Mixed) (G1 Evacuation Pause)
[2024-08-15T13:38:04.490+0000][4180.434s][info][gc,task     ] GC(856) Using 6 workers of 6 for evacuation
[2024-08-15T13:38:04.576+0000][4180.520s][info][gc,phases   ] GC(856)   Pre Evacuate Collection Set: 0.2ms
[2024-08-15T13:38:04.576+0000][4180.520s][info][gc,phases   ] GC(856)   Merge Heap Roots: 0.4ms
[2024-08-15T13:38:04.576+0000][4180.520s][info][gc,phases   ] GC(856)   Evacuate Collection Set: 83.7ms
[2024-08-15T13:38:04.576+0000][4180.520s][info][gc,phases   ] GC(856)   Post Evacuate Collection Set: 1.3ms
[2024-08-15T13:38:04.576+0000][4180.520s][info][gc,phases   ] GC(856)   Other: 0.2ms
[2024-08-15T13:38:04.576+0000][4180.520s][info][gc,heap     ] GC(856) Eden regions: 62->0(837)
[2024-08-15T13:38:04.576+0000][4180.520s][info][gc,heap     ] GC(856) Survivor regions: 14->5(10)
[2024-08-15T13:38:04.576+0000][4180.520s][info][gc,heap     ] GC(856) Old regions: 363->365
[2024-08-15T13:38:04.576+0000][4180.520s][info][gc,heap     ] GC(856) Archive regions: 2->2
[2024-08-15T13:38:04.576+0000][4180.520s][info][gc,heap     ] GC(856) Humongous regions: 5->5
[2024-08-15T13:38:04.576+0000][4180.520s][info][gc,metaspace] GC(856) Metaspace: 440568K(446976K)->440568K(446976K) NonClass: 385580K(389248K)->385580K(389248K) Class: 54988K(57728K)->54988K(57728K)
[2024-08-15T13:38:04.576+0000][4180.520s][info][gc          ] GC(856) Pause Young (Mixed) (G1 Evacuation Pause) 3552M->2995M(12288M) 85.866ms
[2024-08-15T13:38:04.576+0000][4180.520s][info][gc,cpu      ] GC(856) User=0.51s Sys=0.00s Real=0.09s
[2024-08-15T13:38:13.758+0000][4189.703s][info][gc,start    ] GC(857) Pause Young (Normal) (G1 Evacuation Pause)
[2024-08-15T13:38:13.758+0000][4189.703s][info][gc,task     ] GC(857) Using 6 workers of 6 for evacuation
[2024-08-15T13:38:13.778+0000][4189.723s][info][gc,phases   ] GC(857)   Pre Evacuate Collection Set: 0.2ms
[2024-08-15T13:38:13.778+0000][4189.723s][info][gc,phases   ] GC(857)   Merge Heap Roots: 0.2ms
[2024-08-15T13:38:13.778+0000][4189.723s][info][gc,phases   ] GC(857)   Evacuate Collection Set: 17.9ms
[2024-08-15T13:38:13.778+0000][4189.723s][info][gc,phases   ] GC(857)   Post Evacuate Collection Set: 1.7ms
[2024-08-15T13:38:13.778+0000][4189.723s][info][gc,phases   ] GC(857)   Other: 0.2ms
[2024-08-15T13:38:13.778+0000][4189.723s][info][gc,heap     ] GC(857) Eden regions: 837->0(834)
[2024-08-15T13:38:13.778+0000][4189.723s][info][gc,heap     ] GC(857) Survivor regions: 5->8(106)
[2024-08-15T13:38:13.778+0000][4189.723s][info][gc,heap     ] GC(857) Old regions: 365->365
[2024-08-15T13:38:13.778+0000][4189.723s][info][gc,heap     ] GC(857) Archive regions: 2->2
[2024-08-15T13:38:13.778+0000][4189.723s][info][gc,heap     ] GC(857) Humongous regions: 5->5
[2024-08-15T13:38:13.778+0000][4189.723s][info][gc,metaspace] GC(857) Metaspace: 440568K(446976K)->440568K(446976K) NonClass: 385580K(389248K)->385580K(389248K) Class: 54988K(57728K)->54988K(57728K)
[2024-08-15T13:38:13.779+0000][4189.723s][info][gc          ] GC(857) Pause Young (Normal) (G1 Evacuation Pause) 9691M->3020M(12288M) 20.304ms
[2024-08-15T13:38:13.779+0000][4189.723s][info][gc,cpu      ] GC(857) User=0.12s Sys=0.00s Real=0.02s
[2024-08-15T13:38:22.936+0000][4198.880s][info][gc,start    ] GC(858) Pause Young (Normal) (G1 Evacuation Pause)
[2024-08-15T13:38:22.936+0000][4198.880s][info][gc,task     ] GC(858) Using 6 workers of 6 for evacuation
[2024-08-15T13:38:22.964+0000][4198.908s][info][gc,phases   ] GC(858)   Pre Evacuate Collection Set: 0.2ms
[2024-08-15T13:38:22.964+0000][4198.908s][info][gc,phases   ] GC(858)   Merge Heap Roots: 0.2ms
[2024-08-15T13:38:22.964+0000][4198.908s][info][gc,phases   ] GC(858)   Evacuate Collection Set: 25.5ms
[2024-08-15T13:38:22.964+0000][4198.908s][info][gc,phases   ] GC(858)   Post Evacuate Collection Set: 1.9ms
[2024-08-15T13:38:22.964+0000][4198.908s][info][gc,phases   ] GC(858)   Other: 0.2ms
[2024-08-15T13:38:22.964+0000][4198.908s][info][gc,heap     ] GC(858) Eden regions: 834->0(830)
[2024-08-15T13:38:22.964+0000][4198.908s][info][gc,heap     ] GC(858) Survivor regions: 8->12(106)
[2024-08-15T13:38:22.964+0000][4198.908s][info][gc,heap     ] GC(858) Old regions: 365->365
[2024-08-15T13:38:22.964+0000][4198.908s][info][gc,heap     ] GC(858) Archive regions: 2->2
[2024-08-15T13:38:22.964+0000][4198.908s][info][gc,heap     ] GC(858) Humongous regions: 5->5
[2024-08-15T13:38:22.964+0000][4198.908s][info][gc,metaspace] GC(858) Metaspace: 440568K(446976K)->440568K(446976K) NonClass: 385580K(389248K)->385580K(389248K) Class: 54988K(57728K)->54988K(57728K)
[2024-08-15T13:38:22.964+0000][4198.908s][info][gc          ] GC(858) Pause Young (Normal) (G1 Evacuation Pause) 9692M->3047M(12288M) 28.160ms
[2024-08-15T13:38:22.964+0000][4198.908s][info][gc,cpu      ] GC(858) User=0.16s Sys=0.00s Real=0.03s
[2024-08-15T13:38:27.016+0000][4202.960s][info][gc,start    ] GC(859) Pause Young (Concurrent Start) (G1 Evacuation Pause)
[2024-08-15T13:38:27.016+0000][4202.960s][info][gc,task     ] GC(859) Using 6 workers of 6 for evacuation
[2024-08-15T13:38:27.083+0000][4203.028s][info][gc,phases   ] GC(859)   Pre Evacuate Collection Set: 0.6ms
[2024-08-15T13:38:27.083+0000][4203.028s][info][gc,phases   ] GC(859)   Merge Heap Roots: 0.2ms
[2024-08-15T13:38:27.083+0000][4203.028s][info][gc,phases   ] GC(859)   Evacuate Collection Set: 53.2ms
[2024-08-15T13:38:27.083+0000][4203.028s][info][gc,phases   ] GC(859)   Post Evacuate Collection Set: 13.5ms
[2024-08-15T13:38:27.084+0000][4203.028s][info][gc,phases   ] GC(859)   Other: 0.3ms
[2024-08-15T13:38:27.084+0000][4203.028s][info][gc,heap     ] GC(859) Eden regions: 830->0(824)
[2024-08-15T13:38:27.084+0000][4203.028s][info][gc,heap     ] GC(859) Survivor regions: 12->16(106)
[2024-08-15T13:38:27.084+0000][4203.028s][info][gc,heap     ] GC(859) Old regions: 365->365
[2024-08-15T13:38:27.084+0000][4203.028s][info][gc,heap     ] GC(859) Archive regions: 2->2
[2024-08-15T13:38:27.084+0000][4203.028s][info][gc,heap     ] GC(859) Humongous regions: 5->5
[2024-08-15T13:38:27.084+0000][4203.028s][info][gc,metaspace] GC(859) Metaspace: 440568K(446976K)->440568K(446976K) NonClass: 385580K(389248K)->385580K(389248K) Class: 54988K(57728K)->54988K(57728K)
[2024-08-15T13:38:27.084+0000][4203.028s][info][gc          ] GC(859) Pause Young (Concurrent Start) (G1 Evacuation Pause) 9687M->3082M(12288M) 67.824ms
[2024-08-15T13:38:27.084+0000][4203.028s][info][gc,cpu      ] GC(859) User=0.39s Sys=0.00s Real=0.07s
[2024-08-15T13:38:27.084+0000][4203.028s][info][gc          ] GC(860) Concurrent Mark Cycle
[2024-08-15T13:38:27.084+0000][4203.028s][info][gc,marking  ] GC(860) Concurrent Clear Claimed Marks
[2024-08-15T13:38:27.084+0000][4203.029s][info][gc,marking  ] GC(860) Concurrent Clear Claimed Marks 0.431ms
[2024-08-15T13:38:27.084+0000][4203.029s][info][gc,marking  ] GC(860) Concurrent Scan Root Regions
[2024-08-15T13:38:27.128+0000][4203.072s][info][gc,marking  ] GC(860) Concurrent Scan Root Regions 43.358ms
[2024-08-15T13:38:27.128+0000][4203.072s][info][gc,marking  ] GC(860) Concurrent Mark
[2024-08-15T13:38:27.128+0000][4203.072s][info][gc,marking  ] GC(860) Concurrent Mark From Roots
[2024-08-15T13:38:27.128+0000][4203.072s][info][gc,task     ] GC(860) Using 2 workers of 2 for marking
[2024-08-15T13:38:29.607+0000][4205.551s][info][gc,marking  ] GC(860) Concurrent Mark From Roots 2479.259ms
[2024-08-15T13:38:29.607+0000][4205.551s][info][gc,marking  ] GC(860) Concurrent Preclean
[2024-08-15T13:38:29.608+0000][4205.553s][info][gc,marking  ] GC(860) Concurrent Preclean 1.199ms
[2024-08-15T13:38:29.608+0000][4205.553s][info][gc,start    ] GC(860) Pause Remark
[2024-08-15T13:38:29.630+0000][4205.575s][info][gc          ] GC(860) Pause Remark 8274M->8274M(12288M) 22.288ms
[2024-08-15T13:38:29.631+0000][4205.575s][info][gc,cpu      ] GC(860) User=0.09s Sys=0.00s Real=0.02s
[2024-08-15T13:38:29.631+0000][4205.575s][info][gc,marking  ] GC(860) Concurrent Mark 2503.143ms
[2024-08-15T13:38:29.631+0000][4205.575s][info][gc,marking  ] GC(860) Concurrent Rebuild Remembered Sets
[2024-08-15T13:38:30.257+0000][4206.202s][info][gc,start    ] GC(861) Pause Young (Normal) (G1 Evacuation Pause)
[2024-08-15T13:38:30.257+0000][4206.202s][info][gc,task     ] GC(861) Using 6 workers of 6 for evacuation
[2024-08-15T13:38:30.348+0000][4206.293s][info][gc,phases   ] GC(861)   Pre Evacuate Collection Set: 0.2ms
[2024-08-15T13:38:30.348+0000][4206.293s][info][gc,phases   ] GC(861)   Merge Heap Roots: 0.3ms
[2024-08-15T13:38:30.348+0000][4206.293s][info][gc,phases   ] GC(861)   Evacuate Collection Set: 71.9ms
[2024-08-15T13:38:30.348+0000][4206.293s][info][gc,phases   ] GC(861)   Post Evacuate Collection Set: 18.3ms
[2024-08-15T13:38:30.348+0000][4206.293s][info][gc,phases   ] GC(861)   Other: 0.2ms
[2024-08-15T13:38:30.348+0000][4206.293s][info][gc,heap     ] GC(861) Eden regions: 824->0(816)
[2024-08-15T13:38:30.348+0000][4206.293s][info][gc,heap     ] GC(861) Survivor regions: 16->20(105)
[2024-08-15T13:38:30.348+0000][4206.293s][info][gc,heap     ] GC(861) Old regions: 365->365
[2024-08-15T13:38:30.348+0000][4206.293s][info][gc,heap     ] GC(861) Archive regions: 2->2
[2024-08-15T13:38:30.348+0000][4206.293s][info][gc,heap     ] GC(861) Humongous regions: 5->5
[2024-08-15T13:38:30.348+0000][4206.293s][info][gc,metaspace] GC(861) Metaspace: 440571K(446976K)->440571K(446976K) NonClass: 385582K(389248K)->385582K(389248K) Class: 54988K(57728K)->54988K(57728K)
[2024-08-15T13:38:30.348+0000][4206.293s][info][gc          ] GC(861) Pause Young (Normal) (G1 Evacuation Pause) 9674M->3117M(12288M) 90.954ms
[2024-08-15T13:38:30.348+0000][4206.293s][info][gc,cpu      ] GC(861) User=0.53s Sys=0.00s Real=0.09s
[2024-08-15T13:38:31.069+0000][4207.013s][info][gc,marking  ] GC(860) Concurrent Rebuild Remembered Sets 1437.980ms
[2024-08-15T13:38:31.069+0000][4207.014s][info][gc,start    ] GC(860) Pause Cleanup
[2024-08-15T13:38:31.069+0000][4207.014s][info][gc          ] GC(860) Pause Cleanup 4841M->4841M(12288M) 0.581ms
[2024-08-15T13:38:31.070+0000][4207.014s][info][gc,cpu      ] GC(860) User=0.00s Sys=0.00s Real=0.00s
[2024-08-15T13:38:31.070+0000][4207.014s][info][gc,marking  ] GC(860) Concurrent Cleanup for Next Mark
[2024-08-15T13:38:31.086+0000][4207.031s][info][gc,marking  ] GC(860) Concurrent Cleanup for Next Mark 16.915ms
[2024-08-15T13:38:31.087+0000][4207.031s][info][gc          ] GC(860) Concurrent Mark Cycle 4002.910ms
[2024-08-15T13:38:33.013+0000][4208.958s][info][gc,start    ] GC(862) Pause Young (Prepare Mixed) (G1 Evacuation Pause)
[2024-08-15T13:38:33.013+0000][4208.958s][info][gc,task     ] GC(862) Using 6 workers of 6 for evacuation
[2024-08-15T13:38:33.113+0000][4209.057s][info][gc,phases   ] GC(862)   Pre Evacuate Collection Set: 0.2ms
[2024-08-15T13:38:33.113+0000][4209.057s][info][gc,phases   ] GC(862)   Merge Heap Roots: 0.3ms
[2024-08-15T13:38:33.113+0000][4209.057s][info][gc,phases   ] GC(862)   Evacuate Collection Set: 81.7ms
[2024-08-15T13:38:33.113+0000][4209.057s][info][gc,phases   ] GC(862)   Post Evacuate Collection Set: 17.0ms
[2024-08-15T13:38:33.113+0000][4209.057s][info][gc,phases   ] GC(862)   Other: 0.2ms
[2024-08-15T13:38:33.113+0000][4209.057s][info][gc,heap     ] GC(862) Eden regions: 816->0(52)
[2024-08-15T13:38:33.113+0000][4209.057s][info][gc,heap     ] GC(862) Survivor regions: 20->24(105)
[2024-08-15T13:38:33.113+0000][4209.057s][info][gc,heap     ] GC(862) Old regions: 365->365
[2024-08-15T13:38:33.113+0000][4209.057s][info][gc,heap     ] GC(862) Archive regions: 2->2
[2024-08-15T13:38:33.113+0000][4209.057s][info][gc,heap     ] GC(862) Humongous regions: 5->5
[2024-08-15T13:38:33.113+0000][4209.057s][info][gc,metaspace] GC(862) Metaspace: 440571K(446976K)->440571K(446976K) NonClass: 385582K(389248K)->385582K(389248K) Class: 54988K(57728K)->54988K(57728K)
[2024-08-15T13:38:33.113+0000][4209.057s][info][gc          ] GC(862) Pause Young (Prepare Mixed) (G1 Evacuation Pause) 9645M->3149M(12288M) 99.436ms
[2024-08-15T13:38:33.113+0000][4209.057s][info][gc,cpu      ] GC(862) User=0.58s Sys=0.00s Real=0.10s
[2024-08-15T13:38:33.284+0000][4209.228s][info][gc,start    ] GC(863) Pause Young (Mixed) (G1 Evacuation Pause)
[2024-08-15T13:38:33.284+0000][4209.228s][info][gc,task     ] GC(863) Using 6 workers of 6 for evacuation
[2024-08-15T13:38:33.401+0000][4209.345s][info][gc,phases   ] GC(863)   Pre Evacuate Collection Set: 0.2ms
[2024-08-15T13:38:33.401+0000][4209.345s][info][gc,phases   ] GC(863)   Merge Heap Roots: 0.3ms
[2024-08-15T13:38:33.401+0000][4209.345s][info][gc,phases   ] GC(863)   Evacuate Collection Set: 114.2ms
[2024-08-15T13:38:33.401+0000][4209.345s][info][gc,phases   ] GC(863)   Post Evacuate Collection Set: 2.3ms
[2024-08-15T13:38:33.401+0000][4209.345s][info][gc,phases   ] GC(863)   Other: 0.2ms
[2024-08-15T13:38:33.401+0000][4209.345s][info][gc,heap     ] GC(863) Eden regions: 52->0(821)
[2024-08-15T13:38:33.401+0000][4209.345s][info][gc,heap     ] GC(863) Survivor regions: 24->3(10)
[2024-08-15T13:38:33.401+0000][4209.345s][info][gc,heap     ] GC(863) Old regions: 365->379
[2024-08-15T13:38:33.401+0000][4209.345s][info][gc,heap     ] GC(863) Archive regions: 2->2
[2024-08-15T13:38:33.401+0000][4209.346s][info][gc,heap     ] GC(863) Humongous regions: 5->5
[2024-08-15T13:38:33.401+0000][4209.346s][info][gc,metaspace] GC(863) Metaspace: 440571K(446976K)->440571K(446976K) NonClass: 385582K(389248K)->385582K(389248K) Class: 54988K(57728K)->54988K(57728K)
[2024-08-15T13:38:33.401+0000][4209.346s][info][gc          ] GC(863) Pause Young (Mixed) (G1 Evacuation Pause) 3565M->3094M(12288M) 117.295ms
[2024-08-15T13:38:33.401+0000][4209.346s][info][gc,cpu      ] GC(863) User=0.70s Sys=0.00s Real=0.11s
[2024-08-15T13:38:35.839+0000][4211.784s][info][gc,start    ] GC(864) Pause Young (Normal) (G1 Evacuation Pause)
[2024-08-15T13:38:35.839+0000][4211.784s][info][gc,task     ] GC(864) Using 6 workers of 6 for evacuation
[2024-08-15T13:38:35.909+0000][4211.854s][info][gc,phases   ] GC(864)   Pre Evacuate Collection Set: 0.2ms
[2024-08-15T13:38:35.909+0000][4211.854s][info][gc,phases   ] GC(864)   Merge Heap Roots: 0.3ms
[2024-08-15T13:38:35.909+0000][4211.854s][info][gc,phases   ] GC(864)   Evacuate Collection Set: 52.1ms
[2024-08-15T13:38:35.909+0000][4211.854s][info][gc,phases   ] GC(864)   Post Evacuate Collection Set: 17.5ms
[2024-08-15T13:38:35.909+0000][4211.854s][info][gc,phases   ] GC(864)   Other: 0.2ms
[2024-08-15T13:38:35.909+0000][4211.854s][info][gc,heap     ] GC(864) Eden regions: 821->0(819)
[2024-08-15T13:38:35.909+0000][4211.854s][info][gc,heap     ] GC(864) Survivor regions: 3->6(103)
[2024-08-15T13:38:35.909+0000][4211.854s][info][gc,heap     ] GC(864) Old regions: 379->379
[2024-08-15T13:38:35.909+0000][4211.854s][info][gc,heap     ] GC(864) Archive regions: 2->2
[2024-08-15T13:38:35.909+0000][4211.854s][info][gc,heap     ] GC(864) Humongous regions: 5->5
[2024-08-15T13:38:35.909+0000][4211.854s][info][gc,metaspace] GC(864) Metaspace: 440573K(446976K)->440573K(446976K) NonClass: 385585K(389248K)->385585K(389248K) Class: 54988K(57728K)->54988K(57728K)
[2024-08-15T13:38:35.909+0000][4211.854s][info][gc          ] GC(864) Pause Young (Normal) (G1 Evacuation Pause) 9662M->3117M(12288M) 70.367ms
[2024-08-15T13:38:35.909+0000][4211.854s][info][gc,cpu      ] GC(864) User=0.41s Sys=0.00s Real=0.07s
[2024-08-15T13:38:38.441+0000][4214.386s][info][gc,start    ] GC(865) Pause Young (Normal) (G1 Evacuation Pause)
[2024-08-15T13:38:38.441+0000][4214.386s][info][gc,task     ] GC(865) Using 6 workers of 6 for evacuation
[2024-08-15T13:38:38.525+0000][4214.469s][info][gc,phases   ] GC(865)   Pre Evacuate Collection Set: 0.2ms
[2024-08-15T13:38:38.525+0000][4214.469s][info][gc,phases   ] GC(865)   Merge Heap Roots: 3.4ms
[2024-08-15T13:38:38.525+0000][4214.469s][info][gc,phases   ] GC(865)   Evacuate Collection Set: 61.4ms
[2024-08-15T13:38:38.525+0000][4214.469s][info][gc,phases   ] GC(865)   Post Evacuate Collection Set: 18.2ms
[2024-08-15T13:38:38.525+0000][4214.469s][info][gc,phases   ] GC(865)   Other: 0.2ms
[2024-08-15T13:38:38.525+0000][4214.469s][info][gc,heap     ] GC(865) Eden regions: 819->0(816)
[2024-08-15T13:38:38.525+0000][4214.469s][info][gc,heap     ] GC(865) Survivor regions: 6->9(104)
[2024-08-15T13:38:38.525+0000][4214.469s][info][gc,heap     ] GC(865) Old regions: 379->379
[2024-08-15T13:38:38.525+0000][4214.469s][info][gc,heap     ] GC(865) Archive regions: 2->2
[2024-08-15T13:38:38.525+0000][4214.469s][info][gc,heap     ] GC(865) Humongous regions: 5->5
[2024-08-15T13:38:38.525+0000][4214.469s][info][gc,metaspace] GC(865) Metaspace: 440573K(446976K)->440573K(446976K) NonClass: 385585K(389248K)->385585K(389248K) Class: 54988K(57728K)->54988K(57728K)
[2024-08-15T13:38:38.525+0000][4214.469s][info][gc          ] GC(865) Pause Young (Normal) (G1 Evacuation Pause) 9669M->3142M(12288M) 83.418ms
[2024-08-15T13:38:38.525+0000][4214.470s][info][gc,cpu      ] GC(865) User=0.45s Sys=0.01s Real=0.09s
[2024-08-15T13:38:41.137+0000][4217.082s][info][gc,start    ] GC(866) Pause Young (Concurrent Start) (G1 Evacuation Pause)
[2024-08-15T13:38:41.137+0000][4217.082s][info][gc,task     ] GC(866) Using 6 workers of 6 for evacuation
[2024-08-15T13:38:41.235+0000][4217.180s][info][gc,phases   ] GC(866)   Pre Evacuate Collection Set: 0.6ms
[2024-08-15T13:38:41.235+0000][4217.180s][info][gc,phases   ] GC(866)   Merge Heap Roots: 0.4ms
[2024-08-15T13:38:41.235+0000][4217.180s][info][gc,phases   ] GC(866)   Evacuate Collection Set: 77.3ms
[2024-08-15T13:38:41.235+0000][4217.180s][info][gc,phases   ] GC(866)   Post Evacuate Collection Set: 19.4ms
[2024-08-15T13:38:41.235+0000][4217.180s][info][gc,phases   ] GC(866)   Other: 0.3ms
[2024-08-15T13:38:41.235+0000][4217.180s][info][gc,heap     ] GC(866) Eden regions: 816->0(812)
[2024-08-15T13:38:41.235+0000][4217.180s][info][gc,heap     ] GC(866) Survivor regions: 9->13(104)
[2024-08-15T13:38:41.235+0000][4217.180s][info][gc,heap     ] GC(866) Old regions: 379->379
[2024-08-15T13:38:41.235+0000][4217.180s][info][gc,heap     ] GC(866) Archive regions: 2->2
[2024-08-15T13:38:41.235+0000][4217.180s][info][gc,heap     ] GC(866) Humongous regions: 5->5
[2024-08-15T13:38:41.235+0000][4217.180s][info][gc,metaspace] GC(866) Metaspace: 440580K(446976K)->440580K(446976K) NonClass: 385591K(389248K)->385591K(389248K) Class: 54988K(57728K)->54988K(57728K)
[2024-08-15T13:38:41.235+0000][4217.180s][info][gc          ] GC(866) Pause Young (Concurrent Start) (G1 Evacuation Pause) 9670M->3170M(12288M) 98.046ms
[2024-08-15T13:38:41.235+0000][4217.180s][info][gc,cpu      ] GC(866) User=0.57s Sys=0.00s Real=0.10s
[2024-08-15T13:38:41.235+0000][4217.180s][info][gc          ] GC(867) Concurrent Mark Cycle
[2024-08-15T13:38:41.235+0000][4217.180s][info][gc,marking  ] GC(867) Concurrent Clear Claimed Marks
[2024-08-15T13:38:41.236+0000][4217.180s][info][gc,marking  ] GC(867) Concurrent Clear Claimed Marks 0.445ms
[2024-08-15T13:38:41.236+0000][4217.180s][info][gc,marking  ] GC(867) Concurrent Scan Root Regions
[2024-08-15T13:38:41.281+0000][4217.225s][info][gc,marking  ] GC(867) Concurrent Scan Root Regions 44.789ms
[2024-08-15T13:38:41.281+0000][4217.225s][info][gc,marking  ] GC(867) Concurrent Mark
[2024-08-15T13:38:41.281+0000][4217.225s][info][gc,marking  ] GC(867) Concurrent Mark From Roots
[2024-08-15T13:38:41.281+0000][4217.225s][info][gc,task     ] GC(867) Using 2 workers of 2 for marking
[2024-08-15T13:38:43.658+0000][4219.603s][info][gc,marking  ] GC(867) Concurrent Mark From Roots 2377.892ms
[2024-08-15T13:38:43.658+0000][4219.603s][info][gc,marking  ] GC(867) Concurrent Preclean
[2024-08-15T13:38:43.660+0000][4219.605s][info][gc,marking  ] GC(867) Concurrent Preclean 1.530ms
[2024-08-15T13:38:43.660+0000][4219.605s][info][gc,start    ] GC(867) Pause Remark
[2024-08-15T13:38:43.686+0000][4219.630s][info][gc          ] GC(867) Pause Remark 8434M->8434M(12288M) 25.612ms
[2024-08-15T13:38:43.686+0000][4219.631s][info][gc,cpu      ] GC(867) User=0.11s Sys=0.00s Real=0.03s
[2024-08-15T13:38:43.686+0000][4219.631s][info][gc,marking  ] GC(867) Concurrent Mark 2405.477ms
[2024-08-15T13:38:43.686+0000][4219.631s][info][gc,marking  ] GC(867) Concurrent Rebuild Remembered Sets
[2024-08-15T13:38:44.202+0000][4220.147s][info][gc,start    ] GC(868) Pause Young (Normal) (G1 Evacuation Pause)
[2024-08-15T13:38:44.202+0000][4220.147s][info][gc,task     ] GC(868) Using 6 workers of 6 for evacuation
[2024-08-15T13:38:44.314+0000][4220.258s][info][gc,phases   ] GC(868)   Pre Evacuate Collection Set: 0.2ms
[2024-08-15T13:38:44.314+0000][4220.258s][info][gc,phases   ] GC(868)   Merge Heap Roots: 0.4ms
[2024-08-15T13:38:44.314+0000][4220.258s][info][gc,phases   ] GC(868)   Evacuate Collection Set: 90.3ms
[2024-08-15T13:38:44.314+0000][4220.258s][info][gc,phases   ] GC(868)   Post Evacuate Collection Set: 20.3ms
[2024-08-15T13:38:44.314+0000][4220.258s][info][gc,phases   ] GC(868)   Other: 0.2ms
[2024-08-15T13:38:44.314+0000][4220.258s][info][gc,heap     ] GC(868) Eden regions: 812->0(804)
[2024-08-15T13:38:44.314+0000][4220.258s][info][gc,heap     ] GC(868) Survivor regions: 13->19(104)
[2024-08-15T13:38:44.314+0000][4220.258s][info][gc,heap     ] GC(868) Old regions: 379->379
[2024-08-15T13:38:44.314+0000][4220.258s][info][gc,heap     ] GC(868) Archive regions: 2->2
[2024-08-15T13:38:44.314+0000][4220.258s][info][gc,heap     ] GC(868) Humongous regions: 5->5
[2024-08-15T13:38:44.314+0000][4220.258s][info][gc,metaspace] GC(868) Metaspace: 440580K(446976K)->440580K(446976K) NonClass: 385591K(389248K)->385591K(389248K) Class: 54988K(57728K)->54988K(57728K)
[2024-08-15T13:38:44.314+0000][4220.258s][info][gc          ] GC(868) Pause Young (Normal) (G1 Evacuation Pause) 9666M->3217M(12288M) 111.440ms
[2024-08-15T13:38:44.314+0000][4220.259s][info][gc,cpu      ] GC(868) User=0.65s Sys=0.00s Real=0.11s
[2024-08-15T13:38:45.040+0000][4220.985s][info][gc,marking  ] GC(867) Concurrent Rebuild Remembered Sets 1354.147ms
[2024-08-15T13:38:45.040+0000][4220.985s][info][gc,start    ] GC(867) Pause Cleanup
[2024-08-15T13:38:45.041+0000][4220.986s][info][gc          ] GC(867) Pause Cleanup 5017M->5017M(12288M) 0.601ms
[2024-08-15T13:38:45.041+0000][4220.986s][info][gc,cpu      ] GC(867) User=0.00s Sys=0.00s Real=0.00s
[2024-08-15T13:38:45.041+0000][4220.986s][info][gc,marking  ] GC(867) Concurrent Cleanup for Next Mark
[2024-08-15T13:38:45.057+0000][4221.002s][info][gc,marking  ] GC(867) Concurrent Cleanup for Next Mark 16.298ms
[2024-08-15T13:38:45.057+0000][4221.002s][info][gc          ] GC(867) Concurrent Mark Cycle 3822.255ms
[2024-08-15T13:38:46.956+0000][4222.901s][info][gc,start    ] GC(869) Pause Young (Prepare Mixed) (G1 Evacuation Pause)
[2024-08-15T13:38:46.956+0000][4222.901s][info][gc,task     ] GC(869) Using 6 workers of 6 for evacuation
[2024-08-15T13:38:47.087+0000][4223.032s][info][gc,phases   ] GC(869)   Pre Evacuate Collection Set: 0.2ms
[2024-08-15T13:38:47.087+0000][4223.032s][info][gc,phases   ] GC(869)   Merge Heap Roots: 0.6ms
[2024-08-15T13:38:47.087+0000][4223.032s][info][gc,phases   ] GC(869)   Evacuate Collection Set: 107.8ms
[2024-08-15T13:38:47.087+0000][4223.032s][info][gc,phases   ] GC(869)   Post Evacuate Collection Set: 22.2ms
[2024-08-15T13:38:47.087+0000][4223.032s][info][gc,phases   ] GC(869)   Other: 0.2ms
[2024-08-15T13:38:47.087+0000][4223.032s][info][gc,heap     ] GC(869) Eden regions: 804->0(52)
[2024-08-15T13:38:47.087+0000][4223.032s][info][gc,heap     ] GC(869) Survivor regions: 19->24(103)
[2024-08-15T13:38:47.087+0000][4223.032s][info][gc,heap     ] GC(869) Old regions: 379->379
[2024-08-15T13:38:47.087+0000][4223.032s][info][gc,heap     ] GC(869) Archive regions: 2->2
[2024-08-15T13:38:47.087+0000][4223.032s][info][gc,heap     ] GC(869) Humongous regions: 5->5
[2024-08-15T13:38:47.087+0000][4223.032s][info][gc,metaspace] GC(869) Metaspace: 440580K(446976K)->440580K(446976K) NonClass: 385591K(389248K)->385591K(389248K) Class: 54988K(57728K)->54988K(57728K)
[2024-08-15T13:38:47.087+0000][4223.032s][info][gc          ] GC(869) Pause Young (Prepare Mixed) (G1 Evacuation Pause) 9649M->3258M(12288M) 131.054ms
[2024-08-15T13:38:47.087+0000][4223.032s][info][gc,cpu      ] GC(869) User=0.76s Sys=0.00s Real=0.13s
[2024-08-15T13:38:47.261+0000][4223.206s][info][gc,start    ] GC(870) Pause Young (Mixed) (G1 Evacuation Pause)
[2024-08-15T13:38:47.261+0000][4223.206s][info][gc,task     ] GC(870) Using 6 workers of 6 for evacuation
[2024-08-15T13:38:47.367+0000][4223.312s][info][gc,phases   ] GC(870)   Pre Evacuate Collection Set: 0.2ms
[2024-08-15T13:38:47.367+0000][4223.312s][info][gc,phases   ] GC(870)   Merge Heap Roots: 0.3ms
[2024-08-15T13:38:47.367+0000][4223.312s][info][gc,phases   ] GC(870)   Evacuate Collection Set: 102.9ms
[2024-08-15T13:38:47.367+0000][4223.312s][info][gc,phases   ] GC(870)   Post Evacuate Collection Set: 2.6ms
[2024-08-15T13:38:47.367+0000][4223.312s][info][gc,phases   ] GC(870)   Other: 0.2ms
[2024-08-15T13:38:47.367+0000][4223.312s][info][gc,heap     ] GC(870) Eden regions: 52->0(817)
[2024-08-15T13:38:47.367+0000][4223.312s][info][gc,heap     ] GC(870) Survivor regions: 24->3(10)
[2024-08-15T13:38:47.367+0000][4223.312s][info][gc,heap     ] GC(870) Old regions: 379->384
[2024-08-15T13:38:47.367+0000][4223.312s][info][gc,heap     ] GC(870) Archive regions: 2->2
[2024-08-15T13:38:47.367+0000][4223.312s][info][gc,heap     ] GC(870) Humongous regions: 5->5
[2024-08-15T13:38:47.367+0000][4223.312s][info][gc,metaspace] GC(870) Metaspace: 440580K(446976K)->440580K(446976K) NonClass: 385591K(389248K)->385591K(389248K) Class: 54988K(57728K)->54988K(57728K)
[2024-08-15T13:38:47.368+0000][4223.312s][info][gc          ] GC(870) Pause Young (Mixed) (G1 Evacuation Pause) 3674M->3140M(12288M) 106.265ms
[2024-08-15T13:38:47.368+0000][4223.312s][info][gc,cpu      ] GC(870) User=0.64s Sys=0.00s Real=0.11s
[2024-08-15T13:38:49.855+0000][4225.800s][info][gc,start    ] GC(871) Pause Young (Normal) (G1 Evacuation Pause)
[2024-08-15T13:38:49.855+0000][4225.800s][info][gc,task     ] GC(871) Using 6 workers of 6 for evacuation
[2024-08-15T13:38:49.930+0000][4225.875s][info][gc,phases   ] GC(871)   Pre Evacuate Collection Set: 0.2ms
[2024-08-15T13:38:49.930+0000][4225.875s][info][gc,phases   ] GC(871)   Merge Heap Roots: 0.3ms
[2024-08-15T13:38:49.930+0000][4225.875s][info][gc,phases   ] GC(871)   Evacuate Collection Set: 55.4ms
[2024-08-15T13:38:49.930+0000][4225.875s][info][gc,phases   ] GC(871)   Post Evacuate Collection Set: 19.3ms
[2024-08-15T13:38:49.930+0000][4225.875s][info][gc,phases   ] GC(871)   Other: 0.2ms
[2024-08-15T13:38:49.930+0000][4225.875s][info][gc,heap     ] GC(871) Eden regions: 817->0(814)
[2024-08-15T13:38:49.931+0000][4225.875s][info][gc,heap     ] GC(871) Survivor regions: 3->7(103)
[2024-08-15T13:38:49.931+0000][4225.875s][info][gc,heap     ] GC(871) Old regions: 384->384
[2024-08-15T13:38:49.931+0000][4225.875s][info][gc,heap     ] GC(871) Archive regions: 2->2
[2024-08-15T13:38:49.931+0000][4225.875s][info][gc,heap     ] GC(871) Humongous regions: 5->5
[2024-08-15T13:38:49.931+0000][4225.875s][info][gc,metaspace] GC(871) Metaspace: 440580K(446976K)->440580K(446976K) NonClass: 385591K(389248K)->385591K(389248K) Class: 54988K(57728K)->54988K(57728K)
[2024-08-15T13:38:49.931+0000][4225.875s][info][gc          ] GC(871) Pause Young (Normal) (G1 Evacuation Pause) 9676M->3165M(12288M) 75.539ms
[2024-08-15T13:38:49.931+0000][4225.875s][info][gc,cpu      ] GC(871) User=0.43s Sys=0.00s Real=0.08s
[2024-08-15T13:38:52.336+0000][4228.281s][info][gc,start    ] GC(872) Pause Young (Normal) (G1 Evacuation Pause)
[2024-08-15T13:38:52.336+0000][4228.281s][info][gc,task     ] GC(872) Using 6 workers of 6 for evacuation
[2024-08-15T13:38:52.422+0000][4228.367s][info][gc,phases   ] GC(872)   Pre Evacuate Collection Set: 0.2ms
[2024-08-15T13:38:52.422+0000][4228.367s][info][gc,phases   ] GC(872)   Merge Heap Roots: 0.3ms
[2024-08-15T13:38:52.422+0000][4228.367s][info][gc,phases   ] GC(872)   Evacuate Collection Set: 65.1ms
[2024-08-15T13:38:52.422+0000][4228.367s][info][gc,phases   ] GC(872)   Post Evacuate Collection Set: 20.1ms
[2024-08-15T13:38:52.422+0000][4228.367s][info][gc,phases   ] GC(872)   Other: 0.2ms
[2024-08-15T13:38:52.422+0000][4228.367s][info][gc,heap     ] GC(872) Eden regions: 814->0(811)
[2024-08-15T13:38:52.422+0000][4228.367s][info][gc,heap     ] GC(872) Survivor regions: 7->10(103)
[2024-08-15T13:38:52.422+0000][4228.367s][info][gc,heap     ] GC(872) Old regions: 384->384
[2024-08-15T13:38:52.422+0000][4228.367s][info][gc,heap     ] GC(872) Archive regions: 2->2
[2024-08-15T13:38:52.422+0000][4228.367s][info][gc,heap     ] GC(872) Humongous regions: 5->5
[2024-08-15T13:38:52.422+0000][4228.367s][info][gc,metaspace] GC(872) Metaspace: 440580K(446976K)->440580K(446976K) NonClass: 385591K(389248K)->385591K(389248K) Class: 54988K(57728K)->54988K(57728K)
[2024-08-15T13:38:52.422+0000][4228.367s][info][gc          ] GC(872) Pause Young (Normal) (G1 Evacuation Pause) 9677M->3194M(12288M) 85.976ms
[2024-08-15T13:38:52.422+0000][4228.367s][info][gc,cpu      ] GC(872) User=0.51s Sys=0.00s Real=0.08s
[2024-08-15T13:38:54.964+0000][4230.909s][info][gc,start    ] GC(873) Pause Young (Concurrent Start) (G1 Evacuation Pause)
[2024-08-15T13:38:54.964+0000][4230.909s][info][gc,task     ] GC(873) Using 6 workers of 6 for evacuation
[2024-08-15T13:38:55.059+0000][4231.003s][info][gc,phases   ] GC(873)   Pre Evacuate Collection Set: 0.6ms
[2024-08-15T13:38:55.059+0000][4231.003s][info][gc,phases   ] GC(873)   Merge Heap Roots: 0.3ms
[2024-08-15T13:38:55.059+0000][4231.003s][info][gc,phases   ] GC(873)   Evacuate Collection Set: 75.8ms
[2024-08-15T13:38:55.059+0000][4231.003s][info][gc,phases   ] GC(873)   Post Evacuate Collection Set: 17.5ms
[2024-08-15T13:38:55.059+0000][4231.003s][info][gc,phases   ] GC(873)   Other: 0.3ms
[2024-08-15T13:38:55.059+0000][4231.003s][info][gc,heap     ] GC(873) Eden regions: 811->0(807)
[2024-08-15T13:38:55.059+0000][4231.003s][info][gc,heap     ] GC(873) Survivor regions: 10->14(103)
[2024-08-15T13:38:55.059+0000][4231.003s][info][gc,heap     ] GC(873) Old regions: 384->384
[2024-08-15T13:38:55.059+0000][4231.003s][info][gc,heap     ] GC(873) Archive regions: 2->2
[2024-08-15T13:38:55.059+0000][4231.003s][info][gc,heap     ] GC(873) Humongous regions: 5->5
[2024-08-15T13:38:55.059+0000][4231.003s][info][gc,metaspace] GC(873) Metaspace: 440581K(446976K)->440581K(446976K) NonClass: 385592K(389248K)->385592K(389248K) Class: 54988K(57728K)->54988K(57728K)
[2024-08-15T13:38:55.059+0000][4231.003s][info][gc          ] GC(873) Pause Young (Concurrent Start) (G1 Evacuation Pause) 9682M->3222M(12288M) 94.586ms
[2024-08-15T13:38:55.059+0000][4231.003s][info][gc,cpu      ] GC(873) User=0.55s Sys=0.00s Real=0.09s
[2024-08-15T13:38:55.059+0000][4231.004s][info][gc          ] GC(874) Concurrent Mark Cycle
[2024-08-15T13:38:55.059+0000][4231.004s][info][gc,marking  ] GC(874) Concurrent Clear Claimed Marks
[2024-08-15T13:38:55.059+0000][4231.004s][info][gc,marking  ] GC(874) Concurrent Clear Claimed Marks 0.461ms
[2024-08-15T13:38:55.059+0000][4231.004s][info][gc,marking  ] GC(874) Concurrent Scan Root Regions
[2024-08-15T13:38:55.097+0000][4231.042s][info][gc,marking  ] GC(874) Concurrent Scan Root Regions 37.610ms
[2024-08-15T13:38:55.097+0000][4231.042s][info][gc,marking  ] GC(874) Concurrent Mark
[2024-08-15T13:38:55.097+0000][4231.042s][info][gc,marking  ] GC(874) Concurrent Mark From Roots
[2024-08-15T13:38:55.097+0000][4231.042s][info][gc,task     ] GC(874) Using 2 workers of 2 for marking
[2024-08-15T13:38:57.568+0000][4233.512s][info][gc,marking  ] GC(874) Concurrent Mark From Roots 2470.551ms
[2024-08-15T13:38:57.568+0000][4233.512s][info][gc,marking  ] GC(874) Concurrent Preclean
[2024-08-15T13:38:57.569+0000][4233.514s][info][gc,marking  ] GC(874) Concurrent Preclean 1.415ms
[2024-08-15T13:38:57.569+0000][4233.514s][info][gc,start    ] GC(874) Pause Remark
[2024-08-15T13:38:57.592+0000][4233.536s][info][gc          ] GC(874) Pause Remark 4918M->4918M(12288M) 22.492ms
[2024-08-15T13:38:57.592+0000][4233.536s][info][gc,cpu      ] GC(874) User=0.09s Sys=0.00s Real=0.02s
[2024-08-15T13:38:57.592+0000][4233.537s][info][gc,marking  ] GC(874) Concurrent Mark 2494.885ms
[2024-08-15T13:38:57.592+0000][4233.537s][info][gc,marking  ] GC(874) Concurrent Rebuild Remembered Sets
[2024-08-15T13:38:58.976+0000][4234.920s][info][gc,marking  ] GC(874) Concurrent Rebuild Remembered Sets 1383.765ms
[2024-08-15T13:38:58.976+0000][4234.921s][info][gc,start    ] GC(874) Pause Cleanup
[2024-08-15T13:38:58.976+0000][4234.921s][info][gc          ] GC(874) Pause Cleanup 5906M->5906M(12288M) 0.584ms
[2024-08-15T13:38:58.977+0000][4234.921s][info][gc,cpu      ] GC(874) User=0.00s Sys=0.00s Real=0.00s
[2024-08-15T13:38:58.977+0000][4234.921s][info][gc,marking  ] GC(874) Concurrent Cleanup for Next Mark
[2024-08-15T13:38:58.994+0000][4234.938s][info][gc,marking  ] GC(874) Concurrent Cleanup for Next Mark 17.226ms
[2024-08-15T13:38:58.994+0000][4234.938s][info][gc          ] GC(874) Concurrent Mark Cycle 3934.944ms
[2024-08-15T13:39:04.176+0000][4240.121s][info][gc,start    ] GC(875) Pause Young (Prepare Mixed) (G1 Evacuation Pause)
[2024-08-15T13:39:04.176+0000][4240.121s][info][gc,task     ] GC(875) Using 6 workers of 6 for evacuation
[2024-08-15T13:39:04.231+0000][4240.176s][info][gc,phases   ] GC(875)   Pre Evacuate Collection Set: 0.2ms
[2024-08-15T13:39:04.231+0000][4240.176s][info][gc,phases   ] GC(875)   Merge Heap Roots: 0.4ms
[2024-08-15T13:39:04.231+0000][4240.176s][info][gc,phases   ] GC(875)   Evacuate Collection Set: 52.2ms
[2024-08-15T13:39:04.231+0000][4240.176s][info][gc,phases   ] GC(875)   Post Evacuate Collection Set: 1.8ms
[2024-08-15T13:39:04.231+0000][4240.176s][info][gc,phases   ] GC(875)   Other: 0.2ms
[2024-08-15T13:39:04.231+0000][4240.176s][info][gc,heap     ] GC(875) Eden regions: 807->0(58)
[2024-08-15T13:39:04.231+0000][4240.176s][info][gc,heap     ] GC(875) Survivor regions: 14->18(103)
[2024-08-15T13:39:04.231+0000][4240.176s][info][gc,heap     ] GC(875) Old regions: 384->384
[2024-08-15T13:39:04.231+0000][4240.176s][info][gc,heap     ] GC(875) Archive regions: 2->2
[2024-08-15T13:39:04.231+0000][4240.176s][info][gc,heap     ] GC(875) Humongous regions: 5->5
[2024-08-15T13:39:04.231+0000][4240.176s][info][gc,metaspace] GC(875) Metaspace: 440581K(446976K)->440581K(446976K) NonClass: 385592K(389248K)->385592K(389248K) Class: 54988K(57728K)->54988K(57728K)
[2024-08-15T13:39:04.231+0000][4240.176s][info][gc          ] GC(875) Pause Young (Prepare Mixed) (G1 Evacuation Pause) 9678M->3255M(12288M) 54.895ms
[2024-08-15T13:39:04.231+0000][4240.176s][info][gc,cpu      ] GC(875) User=0.33s Sys=0.00s Real=0.05s
[2024-08-15T13:39:04.886+0000][4240.830s][info][gc,start    ] GC(876) Pause Young (Mixed) (G1 Evacuation Pause)
[2024-08-15T13:39:04.886+0000][4240.830s][info][gc,task     ] GC(876) Using 6 workers of 6 for evacuation
[2024-08-15T13:39:04.966+0000][4240.911s][info][gc,phases   ] GC(876)   Pre Evacuate Collection Set: 0.2ms
[2024-08-15T13:39:04.966+0000][4240.911s][info][gc,phases   ] GC(876)   Merge Heap Roots: 0.3ms
[2024-08-15T13:39:04.966+0000][4240.911s][info][gc,phases   ] GC(876)   Evacuate Collection Set: 78.8ms
[2024-08-15T13:39:04.966+0000][4240.911s][info][gc,phases   ] GC(876)   Post Evacuate Collection Set: 1.2ms
[2024-08-15T13:39:04.966+0000][4240.911s][info][gc,phases   ] GC(876)   Other: 0.2ms
[2024-08-15T13:39:04.966+0000][4240.911s][info][gc,heap     ] GC(876) Eden regions: 58->0(817)
[2024-08-15T13:39:04.966+0000][4240.911s][info][gc,heap     ] GC(876) Survivor regions: 18->6(10)
[2024-08-15T13:39:04.966+0000][4240.911s][info][gc,heap     ] GC(876) Old regions: 384->382
[2024-08-15T13:39:04.966+0000][4240.911s][info][gc,heap     ] GC(876) Archive regions: 2->2
[2024-08-15T13:39:04.966+0000][4240.911s][info][gc,heap     ] GC(876) Humongous regions: 5->5
[2024-08-15T13:39:04.966+0000][4240.911s][info][gc,metaspace] GC(876) Metaspace: 440581K(446976K)->440581K(446976K) NonClass: 385592K(389248K)->385592K(389248K) Class: 54988K(57728K)->54988K(57728K)
[2024-08-15T13:39:04.966+0000][4240.911s][info][gc          ] GC(876) Pause Young (Mixed) (G1 Evacuation Pause) 3719M->3137M(12288M) 80.710ms
[2024-08-15T13:39:04.967+0000][4240.911s][info][gc,cpu      ] GC(876) User=0.48s Sys=0.00s Real=0.08s
[2024-08-15T13:39:13.986+0000][4249.931s][info][gc,start    ] GC(877) Pause Young (Normal) (G1 Evacuation Pause)
[2024-08-15T13:39:13.986+0000][4249.931s][info][gc,task     ] GC(877) Using 6 workers of 6 for evacuation
[2024-08-15T13:39:14.010+0000][4249.954s][info][gc,phases   ] GC(877)   Pre Evacuate Collection Set: 0.2ms
[2024-08-15T13:39:14.010+0000][4249.954s][info][gc,phases   ] GC(877)   Merge Heap Roots: 0.2ms
[2024-08-15T13:39:14.010+0000][4249.954s][info][gc,phases   ] GC(877)   Evacuate Collection Set: 21.4ms
[2024-08-15T13:39:14.010+0000][4249.954s][info][gc,phases   ] GC(877)   Post Evacuate Collection Set: 1.7ms
[2024-08-15T13:39:14.010+0000][4249.954s][info][gc,phases   ] GC(877)   Other: 0.2ms
[2024-08-15T13:39:14.010+0000][4249.954s][info][gc,heap     ] GC(877) Eden regions: 817->0(814)
[2024-08-15T13:39:14.010+0000][4249.954s][info][gc,heap     ] GC(877) Survivor regions: 6->9(103)
[2024-08-15T13:39:14.010+0000][4249.955s][info][gc,heap     ] GC(877) Old regions: 382->382
[2024-08-15T13:39:14.010+0000][4249.955s][info][gc,heap     ] GC(877) Archive regions: 2->2
[2024-08-15T13:39:14.010+0000][4249.955s][info][gc,heap     ] GC(877) Humongous regions: 5->5
[2024-08-15T13:39:14.010+0000][4249.955s][info][gc,metaspace] GC(877) Metaspace: 440586K(446976K)->440586K(446976K) NonClass: 385598K(389248K)->385598K(389248K) Class: 54988K(57728K)->54988K(57728K)
[2024-08-15T13:39:14.010+0000][4249.955s][info][gc          ] GC(877) Pause Young (Normal) (G1 Evacuation Pause) 9673M->3161M(12288M) 23.784ms
[2024-08-15T13:39:14.010+0000][4249.955s][info][gc,cpu      ] GC(877) User=0.14s Sys=0.00s Real=0.02s
[2024-08-15T13:39:22.651+0000][4258.595s][info][gc,start    ] GC(878) Pause Young (Normal) (G1 Evacuation Pause)
[2024-08-15T13:39:22.651+0000][4258.595s][info][gc,task     ] GC(878) Using 6 workers of 6 for evacuation
[2024-08-15T13:39:22.676+0000][4258.621s][info][gc,phases   ] GC(878)   Pre Evacuate Collection Set: 0.2ms
[2024-08-15T13:39:22.676+0000][4258.621s][info][gc,phases   ] GC(878)   Merge Heap Roots: 0.3ms
[2024-08-15T13:39:22.676+0000][4258.621s][info][gc,phases   ] GC(878)   Evacuate Collection Set: 23.2ms
[2024-08-15T13:39:22.676+0000][4258.621s][info][gc,phases   ] GC(878)   Post Evacuate Collection Set: 1.8ms
[2024-08-15T13:39:22.676+0000][4258.621s][info][gc,phases   ] GC(878)   Other: 0.2ms
[2024-08-15T13:39:22.676+0000][4258.621s][info][gc,heap     ] GC(878) Eden regions: 814->0(814)
[2024-08-15T13:39:22.676+0000][4258.621s][info][gc,heap     ] GC(878) Survivor regions: 9->10(103)
[2024-08-15T13:39:22.676+0000][4258.621s][info][gc,heap     ] GC(878) Old regions: 382->382
[2024-08-15T13:39:22.676+0000][4258.621s][info][gc,heap     ] GC(878) Archive regions: 2->2
[2024-08-15T13:39:22.676+0000][4258.621s][info][gc,heap     ] GC(878) Humongous regions: 5->5
[2024-08-15T13:39:22.676+0000][4258.621s][info][gc,metaspace] GC(878) Metaspace: 440586K(446976K)->440586K(446976K) NonClass: 385598K(389248K)->385598K(389248K) Class: 54988K(57728K)->54988K(57728K)
[2024-08-15T13:39:22.676+0000][4258.621s][info][gc          ] GC(878) Pause Young (Normal) (G1 Evacuation Pause) 9673M->3170M(12288M) 25.741ms
[2024-08-15T13:39:22.676+0000][4258.621s][info][gc,cpu      ] GC(878) User=0.15s Sys=0.00s Real=0.03s
[2024-08-15T13:39:31.505+0000][4267.450s][info][gc,start    ] GC(879) Pause Young (Concurrent Start) (G1 Evacuation Pause)
[2024-08-15T13:39:31.505+0000][4267.450s][info][gc,task     ] GC(879) Using 6 workers of 6 for evacuation
[2024-08-15T13:39:31.537+0000][4267.482s][info][gc,phases   ] GC(879)   Pre Evacuate Collection Set: 0.6ms
[2024-08-15T13:39:31.538+0000][4267.482s][info][gc,phases   ] GC(879)   Merge Heap Roots: 0.3ms
[2024-08-15T13:39:31.538+0000][4267.482s][info][gc,phases   ] GC(879)   Evacuate Collection Set: 29.7ms
[2024-08-15T13:39:31.538+0000][4267.482s][info][gc,phases   ] GC(879)   Post Evacuate Collection Set: 1.7ms
[2024-08-15T13:39:31.538+0000][4267.482s][info][gc,phases   ] GC(879)   Other: 0.3ms
[2024-08-15T13:39:31.538+0000][4267.482s][info][gc,heap     ] GC(879) Eden regions: 814->0(811)
[2024-08-15T13:39:31.538+0000][4267.482s][info][gc,heap     ] GC(879) Survivor regions: 10->13(103)
[2024-08-15T13:39:31.538+0000][4267.482s][info][gc,heap     ] GC(879) Old regions: 382->382
[2024-08-15T13:39:31.538+0000][4267.482s][info][gc,heap     ] GC(879) Archive regions: 2->2
[2024-08-15T13:39:31.538+0000][4267.482s][info][gc,heap     ] GC(879) Humongous regions: 5->5
[2024-08-15T13:39:31.538+0000][4267.482s][info][gc,metaspace] GC(879) Metaspace: 440605K(446976K)->440605K(446976K) NonClass: 385616K(389248K)->385616K(389248K) Class: 54988K(57728K)->54988K(57728K)
[2024-08-15T13:39:31.538+0000][4267.482s][info][gc          ] GC(879) Pause Young (Concurrent Start) (G1 Evacuation Pause) 9682M->3196M(12288M) 32.592ms
[2024-08-15T13:39:31.538+0000][4267.482s][info][gc,cpu      ] GC(879) User=0.19s Sys=0.00s Real=0.03s
[2024-08-15T13:39:31.538+0000][4267.482s][info][gc          ] GC(880) Concurrent Mark Cycle
[2024-08-15T13:39:31.538+0000][4267.482s][info][gc,marking  ] GC(880) Concurrent Clear Claimed Marks
[2024-08-15T13:39:31.538+0000][4267.483s][info][gc,marking  ] GC(880) Concurrent Clear Claimed Marks 0.425ms
[2024-08-15T13:39:31.538+0000][4267.483s][info][gc,marking  ] GC(880) Concurrent Scan Root Regions
[2024-08-15T13:39:31.565+0000][4267.510s][info][gc,marking  ] GC(880) Concurrent Scan Root Regions 26.929ms
[2024-08-15T13:39:31.565+0000][4267.510s][info][gc,marking  ] GC(880) Concurrent Mark
[2024-08-15T13:39:31.565+0000][4267.510s][info][gc,marking  ] GC(880) Concurrent Mark From Roots
[2024-08-15T13:39:31.565+0000][4267.510s][info][gc,task     ] GC(880) Using 2 workers of 2 for marking
[2024-08-15T13:39:34.165+0000][4270.110s][info][gc,marking  ] GC(880) Concurrent Mark From Roots 2599.986ms
[2024-08-15T13:39:34.165+0000][4270.110s][info][gc,marking  ] GC(880) Concurrent Preclean
[2024-08-15T13:39:34.166+0000][4270.111s][info][gc,marking  ] GC(880) Concurrent Preclean 1.233ms
[2024-08-15T13:39:34.167+0000][4270.111s][info][gc,start    ] GC(880) Pause Remark
[2024-08-15T13:39:34.189+0000][4270.134s][info][gc          ] GC(880) Pause Remark 5000M->5000M(12288M) 22.736ms
[2024-08-15T13:39:34.189+0000][4270.134s][info][gc,cpu      ] GC(880) User=0.09s Sys=0.00s Real=0.02s
[2024-08-15T13:39:34.190+0000][4270.134s][info][gc,marking  ] GC(880) Concurrent Mark 2624.414ms
[2024-08-15T13:39:34.190+0000][4270.134s][info][gc,marking  ] GC(880) Concurrent Rebuild Remembered Sets
[2024-08-15T13:39:35.617+0000][4271.562s][info][gc,marking  ] GC(880) Concurrent Rebuild Remembered Sets 1427.382ms
[2024-08-15T13:39:35.617+0000][4271.562s][info][gc,start    ] GC(880) Pause Cleanup
[2024-08-15T13:39:35.618+0000][4271.562s][info][gc          ] GC(880) Pause Cleanup 6040M->6040M(12288M) 0.628ms
[2024-08-15T13:39:35.618+0000][4271.562s][info][gc,cpu      ] GC(880) User=0.00s Sys=0.00s Real=0.00s
[2024-08-15T13:39:35.618+0000][4271.563s][info][gc,marking  ] GC(880) Concurrent Cleanup for Next Mark
[2024-08-15T13:39:35.635+0000][4271.580s][info][gc,marking  ] GC(880) Concurrent Cleanup for Next Mark 17.184ms
[2024-08-15T13:39:35.635+0000][4271.580s][info][gc          ] GC(880) Concurrent Mark Cycle 4097.479ms
[2024-08-15T13:39:40.572+0000][4276.517s][info][gc,start    ] GC(881) Pause Young (Prepare Mixed) (G1 Evacuation Pause)
[2024-08-15T13:39:40.572+0000][4276.517s][info][gc,task     ] GC(881) Using 6 workers of 6 for evacuation
[2024-08-15T13:39:40.615+0000][4276.560s][info][gc,phases   ] GC(881)   Pre Evacuate Collection Set: 0.2ms
[2024-08-15T13:39:40.615+0000][4276.560s][info][gc,phases   ] GC(881)   Merge Heap Roots: 0.3ms
[2024-08-15T13:39:40.615+0000][4276.560s][info][gc,phases   ] GC(881)   Evacuate Collection Set: 40.2ms
[2024-08-15T13:39:40.615+0000][4276.560s][info][gc,phases   ] GC(881)   Post Evacuate Collection Set: 1.9ms
[2024-08-15T13:39:40.615+0000][4276.560s][info][gc,phases   ] GC(881)   Other: 0.2ms
[2024-08-15T13:39:40.615+0000][4276.560s][info][gc,heap     ] GC(881) Eden regions: 811->0(59)
[2024-08-15T13:39:40.615+0000][4276.560s][info][gc,heap     ] GC(881) Survivor regions: 13->17(103)
[2024-08-15T13:39:40.615+0000][4276.560s][info][gc,heap     ] GC(881) Old regions: 382->382
[2024-08-15T13:39:40.615+0000][4276.560s][info][gc,heap     ] GC(881) Archive regions: 2->2
[2024-08-15T13:39:40.615+0000][4276.560s][info][gc,heap     ] GC(881) Humongous regions: 5->5
[2024-08-15T13:39:40.615+0000][4276.560s][info][gc,metaspace] GC(881) Metaspace: 440613K(446976K)->440613K(446976K) NonClass: 385624K(389248K)->385624K(389248K) Class: 54988K(57728K)->54988K(57728K)
[2024-08-15T13:39:40.615+0000][4276.560s][info][gc          ] GC(881) Pause Young (Prepare Mixed) (G1 Evacuation Pause) 9684M->3224M(12288M) 42.930ms
[2024-08-15T13:39:40.615+0000][4276.560s][info][gc,cpu      ] GC(881) User=0.26s Sys=0.00s Real=0.05s
[2024-08-15T13:39:41.253+0000][4277.197s][info][gc,start    ] GC(882) Pause Young (Mixed) (G1 Evacuation Pause)
[2024-08-15T13:39:41.253+0000][4277.197s][info][gc,task     ] GC(882) Using 6 workers of 6 for evacuation
[2024-08-15T13:39:41.335+0000][4277.280s][info][gc,phases   ] GC(882)   Pre Evacuate Collection Set: 0.2ms
[2024-08-15T13:39:41.335+0000][4277.280s][info][gc,phases   ] GC(882)   Merge Heap Roots: 0.4ms
[2024-08-15T13:39:41.335+0000][4277.280s][info][gc,phases   ] GC(882)   Evacuate Collection Set: 80.6ms
[2024-08-15T13:39:41.335+0000][4277.280s][info][gc,phases   ] GC(882)   Post Evacuate Collection Set: 1.3ms
[2024-08-15T13:39:41.335+0000][4277.280s][info][gc,phases   ] GC(882)   Other: 0.2ms
[2024-08-15T13:39:41.335+0000][4277.280s][info][gc,heap     ] GC(882) Eden regions: 59->0(816)
[2024-08-15T13:39:41.335+0000][4277.280s][info][gc,heap     ] GC(882) Survivor regions: 17->6(10)
[2024-08-15T13:39:41.335+0000][4277.280s][info][gc,heap     ] GC(882) Old regions: 382->383
[2024-08-15T13:39:41.335+0000][4277.280s][info][gc,heap     ] GC(882) Archive regions: 2->2
[2024-08-15T13:39:41.335+0000][4277.280s][info][gc,heap     ] GC(882) Humongous regions: 5->5
[2024-08-15T13:39:41.335+0000][4277.280s][info][gc,metaspace] GC(882) Metaspace: 440613K(446976K)->440613K(446976K) NonClass: 385624K(389248K)->385624K(389248K) Class: 54988K(57728K)->54988K(57728K)
[2024-08-15T13:39:41.335+0000][4277.280s][info][gc          ] GC(882) Pause Young (Mixed) (G1 Evacuation Pause) 3696M->3145M(12288M) 82.677ms
[2024-08-15T13:39:41.335+0000][4277.280s][info][gc,cpu      ] GC(882) User=0.49s Sys=0.00s Real=0.09s
[2024-08-15T13:39:46.035+0000][4281.980s][info][gc,start    ] GC(883) Pause Young (Normal) (G1 Evacuation Pause)
[2024-08-15T13:39:46.035+0000][4281.980s][info][gc,task     ] GC(883) Using 6 workers of 6 for evacuation
[2024-08-15T13:39:46.090+0000][4282.035s][info][gc,phases   ] GC(883)   Pre Evacuate Collection Set: 0.2ms
[2024-08-15T13:39:46.090+0000][4282.035s][info][gc,phases   ] GC(883)   Merge Heap Roots: 0.4ms
[2024-08-15T13:39:46.090+0000][4282.035s][info][gc,phases   ] GC(883)   Evacuate Collection Set: 44.1ms
[2024-08-15T13:39:46.090+0000][4282.035s][info][gc,phases   ] GC(883)   Post Evacuate Collection Set: 10.4ms
[2024-08-15T13:39:46.090+0000][4282.035s][info][gc,phases   ] GC(883)   Other: 0.2ms
[2024-08-15T13:39:46.090+0000][4282.035s][info][gc,heap     ] GC(883) Eden regions: 816->0(813)
[2024-08-15T13:39:46.090+0000][4282.035s][info][gc,heap     ] GC(883) Survivor regions: 6->9(103)
[2024-08-15T13:39:46.090+0000][4282.035s][info][gc,heap     ] GC(883) Old regions: 383->383
[2024-08-15T13:39:46.090+0000][4282.035s][info][gc,heap     ] GC(883) Archive regions: 2->2
[2024-08-15T13:39:46.090+0000][4282.035s][info][gc,heap     ] GC(883) Humongous regions: 5->5
[2024-08-15T13:39:46.090+0000][4282.035s][info][gc,metaspace] GC(883) Metaspace: 440618K(446976K)->440618K(446976K) NonClass: 385630K(389248K)->385630K(389248K) Class: 54988K(57728K)->54988K(57728K)
[2024-08-15T13:39:46.090+0000][4282.035s][info][gc          ] GC(883) Pause Young (Normal) (G1 Evacuation Pause) 9673M->3173M(12288M) 55.381ms
[2024-08-15T13:39:46.090+0000][4282.035s][info][gc,cpu      ] GC(883) User=0.32s Sys=0.00s Real=0.06s
[2024-08-15T13:39:48.667+0000][4284.612s][info][gc,start    ] GC(884) Pause Young (Normal) (G1 Evacuation Pause)
[2024-08-15T13:39:48.667+0000][4284.612s][info][gc,task     ] GC(884) Using 6 workers of 6 for evacuation
[2024-08-15T13:39:48.759+0000][4284.704s][info][gc,phases   ] GC(884)   Pre Evacuate Collection Set: 0.2ms
[2024-08-15T13:39:48.759+0000][4284.704s][info][gc,phases   ] GC(884)   Merge Heap Roots: 0.5ms
[2024-08-15T13:39:48.759+0000][4284.704s][info][gc,phases   ] GC(884)   Evacuate Collection Set: 73.7ms
[2024-08-15T13:39:48.759+0000][4284.704s][info][gc,phases   ] GC(884)   Post Evacuate Collection Set: 17.4ms
[2024-08-15T13:39:48.759+0000][4284.704s][info][gc,phases   ] GC(884)   Other: 0.2ms
[2024-08-15T13:39:48.759+0000][4284.704s][info][gc,heap     ] GC(884) Eden regions: 813->0(808)
[2024-08-15T13:39:48.759+0000][4284.704s][info][gc,heap     ] GC(884) Survivor regions: 9->14(103)
[2024-08-15T13:39:48.759+0000][4284.704s][info][gc,heap     ] GC(884) Old regions: 383->383
[2024-08-15T13:39:48.759+0000][4284.704s][info][gc,heap     ] GC(884) Archive regions: 2->2
[2024-08-15T13:39:48.759+0000][4284.704s][info][gc,heap     ] GC(884) Humongous regions: 5->5
[2024-08-15T13:39:48.759+0000][4284.704s][info][gc,metaspace] GC(884) Metaspace: 440618K(446976K)->440618K(446976K) NonClass: 385630K(389248K)->385630K(389248K) Class: 54988K(57728K)->54988K(57728K)
[2024-08-15T13:39:48.759+0000][4284.704s][info][gc          ] GC(884) Pause Young (Normal) (G1 Evacuation Pause) 9677M->3209M(12288M) 92.037ms
[2024-08-15T13:39:48.759+0000][4284.704s][info][gc,cpu      ] GC(884) User=0.54s Sys=0.00s Real=0.09s
[2024-08-15T13:39:53.261+0000][4289.205s][info][gc,start    ] GC(885) Pause Young (Concurrent Start) (G1 Evacuation Pause)
[2024-08-15T13:39:53.261+0000][4289.205s][info][gc,task     ] GC(885) Using 6 workers of 6 for evacuation
[2024-08-15T13:39:53.290+0000][4289.234s][info][gc,phases   ] GC(885)   Pre Evacuate Collection Set: 0.6ms
[2024-08-15T13:39:53.290+0000][4289.234s][info][gc,phases   ] GC(885)   Merge Heap Roots: 0.3ms
[2024-08-15T13:39:53.290+0000][4289.234s][info][gc,phases   ] GC(885)   Evacuate Collection Set: 24.8ms
[2024-08-15T13:39:53.290+0000][4289.234s][info][gc,phases   ] GC(885)   Post Evacuate Collection Set: 3.0ms
[2024-08-15T13:39:53.290+0000][4289.234s][info][gc,phases   ] GC(885)   Other: 0.3ms
[2024-08-15T13:39:53.290+0000][4289.234s][info][gc,heap     ] GC(885) Eden regions: 808->0(813)
[2024-08-15T13:39:53.290+0000][4289.234s][info][gc,heap     ] GC(885) Survivor regions: 14->10(103)
[2024-08-15T13:39:53.290+0000][4289.234s][info][gc,heap     ] GC(885) Old regions: 383->383
[2024-08-15T13:39:53.290+0000][4289.234s][info][gc,heap     ] GC(885) Archive regions: 2->2
[2024-08-15T13:39:53.290+0000][4289.234s][info][gc,heap     ] GC(885) Humongous regions: 5->5
[2024-08-15T13:39:53.290+0000][4289.234s][info][gc,metaspace] GC(885) Metaspace: 440618K(446976K)->440618K(446976K) NonClass: 385630K(389248K)->385630K(389248K) Class: 54988K(57728K)->54988K(57728K)
[2024-08-15T13:39:53.290+0000][4289.234s][info][gc          ] GC(885) Pause Young (Concurrent Start) (G1 Evacuation Pause) 9673M->3179M(12288M) 29.025ms
[2024-08-15T13:39:53.290+0000][4289.234s][info][gc,cpu      ] GC(885) User=0.17s Sys=0.00s Real=0.03s
[2024-08-15T13:39:53.290+0000][4289.235s][info][gc          ] GC(886) Concurrent Mark Cycle
[2024-08-15T13:39:53.290+0000][4289.235s][info][gc,marking  ] GC(886) Concurrent Clear Claimed Marks
[2024-08-15T13:39:53.290+0000][4289.235s][info][gc,marking  ] GC(886) Concurrent Clear Claimed Marks 0.411ms
[2024-08-15T13:39:53.290+0000][4289.235s][info][gc,marking  ] GC(886) Concurrent Scan Root Regions
[2024-08-15T13:39:53.311+0000][4289.256s][info][gc,marking  ] GC(886) Concurrent Scan Root Regions 20.812ms
[2024-08-15T13:39:53.311+0000][4289.256s][info][gc,marking  ] GC(886) Concurrent Mark
[2024-08-15T13:39:53.311+0000][4289.256s][info][gc,marking  ] GC(886) Concurrent Mark From Roots
[2024-08-15T13:39:53.311+0000][4289.256s][info][gc,task     ] GC(886) Using 2 workers of 2 for marking
[2024-08-15T13:39:55.958+0000][4291.903s][info][gc,marking  ] GC(886) Concurrent Mark From Roots 2647.044ms
[2024-08-15T13:39:55.958+0000][4291.903s][info][gc,marking  ] GC(886) Concurrent Preclean
[2024-08-15T13:39:55.960+0000][4291.904s][info][gc,marking  ] GC(886) Concurrent Preclean 1.442ms
[2024-08-15T13:39:55.960+0000][4291.905s][info][gc,start    ] GC(886) Pause Remark
[2024-08-15T13:39:55.983+0000][4291.928s][info][gc          ] GC(886) Pause Remark 6267M->6267M(12288M) 22.956ms
[2024-08-15T13:39:55.983+0000][4291.928s][info][gc,cpu      ] GC(886) User=0.10s Sys=0.00s Real=0.02s
[2024-08-15T13:39:55.983+0000][4291.928s][info][gc,marking  ] GC(886) Concurrent Mark 2671.930ms
[2024-08-15T13:39:55.983+0000][4291.928s][info][gc,marking  ] GC(886) Concurrent Rebuild Remembered Sets
[2024-08-15T13:39:57.407+0000][4293.352s][info][gc,marking  ] GC(886) Concurrent Rebuild Remembered Sets 1424.213ms
[2024-08-15T13:39:57.408+0000][4293.352s][info][gc,start    ] GC(886) Pause Cleanup
[2024-08-15T13:39:57.408+0000][4293.353s][info][gc          ] GC(886) Pause Cleanup 7872M->7872M(12288M) 0.655ms
[2024-08-15T13:39:57.408+0000][4293.353s][info][gc,cpu      ] GC(886) User=0.00s Sys=0.00s Real=0.00s
[2024-08-15T13:39:57.408+0000][4293.353s][info][gc,marking  ] GC(886) Concurrent Cleanup for Next Mark
[2024-08-15T13:39:57.425+0000][4293.370s][info][gc,marking  ] GC(886) Concurrent Cleanup for Next Mark 16.885ms
[2024-08-15T13:39:57.425+0000][4293.370s][info][gc          ] GC(886) Concurrent Mark Cycle 4135.425ms
[2024-08-15T13:39:59.686+0000][4295.631s][info][gc,start    ] GC(887) Pause Young (Prepare Mixed) (G1 Evacuation Pause)
[2024-08-15T13:39:59.687+0000][4295.631s][info][gc,task     ] GC(887) Using 6 workers of 6 for evacuation
[2024-08-15T13:39:59.715+0000][4295.659s][info][gc,phases   ] GC(887)   Pre Evacuate Collection Set: 0.2ms
[2024-08-15T13:39:59.715+0000][4295.659s][info][gc,phases   ] GC(887)   Merge Heap Roots: 0.4ms
[2024-08-15T13:39:59.715+0000][4295.659s][info][gc,phases   ] GC(887)   Evacuate Collection Set: 25.7ms
[2024-08-15T13:39:59.715+0000][4295.659s][info][gc,phases   ] GC(887)   Post Evacuate Collection Set: 1.8ms
[2024-08-15T13:39:59.715+0000][4295.659s][info][gc,phases   ] GC(887)   Other: 0.2ms
[2024-08-15T13:39:59.715+0000][4295.659s][info][gc,heap     ] GC(887) Eden regions: 813->0(67)
[2024-08-15T13:39:59.715+0000][4295.659s][info][gc,heap     ] GC(887) Survivor regions: 10->9(103)
[2024-08-15T13:39:59.715+0000][4295.659s][info][gc,heap     ] GC(887) Old regions: 383->383
[2024-08-15T13:39:59.715+0000][4295.659s][info][gc,heap     ] GC(887) Archive regions: 2->2
[2024-08-15T13:39:59.715+0000][4295.659s][info][gc,heap     ] GC(887) Humongous regions: 5->5
[2024-08-15T13:39:59.715+0000][4295.659s][info][gc,metaspace] GC(887) Metaspace: 440624K(446976K)->440624K(446976K) NonClass: 385635K(389248K)->385635K(389248K) Class: 54988K(57728K)->54988K(57728K)
[2024-08-15T13:39:59.715+0000][4295.659s][info][gc          ] GC(887) Pause Young (Prepare Mixed) (G1 Evacuation Pause) 9683M->3173M(12288M) 28.350ms
[2024-08-15T13:39:59.715+0000][4295.660s][info][gc,cpu      ] GC(887) User=0.17s Sys=0.00s Real=0.02s
[2024-08-15T13:40:00.102+0000][4296.047s][info][gc,start    ] GC(888) Pause Young (Mixed) (G1 Evacuation Pause)
[2024-08-15T13:40:00.102+0000][4296.047s][info][gc,task     ] GC(888) Using 6 workers of 6 for evacuation
[2024-08-15T13:40:00.175+0000][4296.119s][info][gc,phases   ] GC(888)   Pre Evacuate Collection Set: 0.2ms
[2024-08-15T13:40:00.175+0000][4296.119s][info][gc,phases   ] GC(888)   Merge Heap Roots: 0.4ms
[2024-08-15T13:40:00.175+0000][4296.119s][info][gc,phases   ] GC(888)   Evacuate Collection Set: 70.3ms
[2024-08-15T13:40:00.175+0000][4296.119s][info][gc,phases   ] GC(888)   Post Evacuate Collection Set: 1.3ms
[2024-08-15T13:40:00.175+0000][4296.120s][info][gc,phases   ] GC(888)   Other: 0.2ms
[2024-08-15T13:40:00.175+0000][4296.120s][info][gc,heap     ] GC(888) Eden regions: 67->0(826)
[2024-08-15T13:40:00.175+0000][4296.120s][info][gc,heap     ] GC(888) Survivor regions: 9->6(10)
[2024-08-15T13:40:00.175+0000][4296.120s][info][gc,heap     ] GC(888) Old regions: 383->375
[2024-08-15T13:40:00.175+0000][4296.120s][info][gc,heap     ] GC(888) Archive regions: 2->2
[2024-08-15T13:40:00.175+0000][4296.120s][info][gc,heap     ] GC(888) Humongous regions: 5->5
[2024-08-15T13:40:00.175+0000][4296.120s][info][gc,metaspace] GC(888) Metaspace: 440626K(446976K)->440626K(446976K) NonClass: 385637K(389248K)->385637K(389248K) Class: 54988K(57728K)->54988K(57728K)
[2024-08-15T13:40:00.175+0000][4296.120s][info][gc          ] GC(888) Pause Young (Mixed) (G1 Evacuation Pause) 3709M->3085M(12288M) 72.475ms
[2024-08-15T13:40:00.175+0000][4296.120s][info][gc,cpu      ] GC(888) User=0.43s Sys=0.00s Real=0.07s
[2024-08-15T13:40:06.972+0000][4302.916s][info][gc,start    ] GC(889) Pause Young (Normal) (G1 Evacuation Pause)
[2024-08-15T13:40:06.972+0000][4302.916s][info][gc,task     ] GC(889) Using 6 workers of 6 for evacuation
[2024-08-15T13:40:06.992+0000][4302.937s][info][gc,phases   ] GC(889)   Pre Evacuate Collection Set: 0.2ms
[2024-08-15T13:40:06.992+0000][4302.937s][info][gc,phases   ] GC(889)   Merge Heap Roots: 0.2ms
[2024-08-15T13:40:06.992+0000][4302.937s][info][gc,phases   ] GC(889)   Evacuate Collection Set: 18.1ms
[2024-08-15T13:40:06.992+0000][4302.937s][info][gc,phases   ] GC(889)   Post Evacuate Collection Set: 1.8ms
[2024-08-15T13:40:06.992+0000][4302.937s][info][gc,phases   ] GC(889)   Other: 0.2ms
[2024-08-15T13:40:06.992+0000][4302.937s][info][gc,heap     ] GC(889) Eden regions: 826->0(825)
[2024-08-15T13:40:06.992+0000][4302.937s][info][gc,heap     ] GC(889) Survivor regions: 6->8(104)
[2024-08-15T13:40:06.992+0000][4302.937s][info][gc,heap     ] GC(889) Old regions: 375->375
[2024-08-15T13:40:06.992+0000][4302.937s][info][gc,heap     ] GC(889) Archive regions: 2->2
[2024-08-15T13:40:06.992+0000][4302.937s][info][gc,heap     ] GC(889) Humongous regions: 5->5
[2024-08-15T13:40:06.992+0000][4302.937s][info][gc,metaspace] GC(889) Metaspace: 440626K(446976K)->440626K(446976K) NonClass: 385637K(389248K)->385637K(389248K) Class: 54988K(57728K)->54988K(57728K)
[2024-08-15T13:40:06.992+0000][4302.937s][info][gc          ] GC(889) Pause Young (Normal) (G1 Evacuation Pause) 9693M->3100M(12288M) 20.544ms
[2024-08-15T13:40:06.992+0000][4302.937s][info][gc,cpu      ] GC(889) User=0.12s Sys=0.00s Real=0.02s
[2024-08-15T13:40:16.098+0000][4312.043s][info][gc,start    ] GC(890) Pause Young (Normal) (G1 Evacuation Pause)
[2024-08-15T13:40:16.098+0000][4312.043s][info][gc,task     ] GC(890) Using 6 workers of 6 for evacuation
[2024-08-15T13:40:16.125+0000][4312.070s][info][gc,phases   ] GC(890)   Pre Evacuate Collection Set: 0.2ms
[2024-08-15T13:40:16.125+0000][4312.070s][info][gc,phases   ] GC(890)   Merge Heap Roots: 0.2ms
[2024-08-15T13:40:16.125+0000][4312.070s][info][gc,phases   ] GC(890)   Evacuate Collection Set: 24.5ms
[2024-08-15T13:40:16.125+0000][4312.070s][info][gc,phases   ] GC(890)   Post Evacuate Collection Set: 1.7ms
[2024-08-15T13:40:16.125+0000][4312.070s][info][gc,phases   ] GC(890)   Other: 0.2ms
[2024-08-15T13:40:16.125+0000][4312.070s][info][gc,heap     ] GC(890) Eden regions: 825->0(821)
[2024-08-15T13:40:16.125+0000][4312.070s][info][gc,heap     ] GC(890) Survivor regions: 8->11(105)
[2024-08-15T13:40:16.125+0000][4312.070s][info][gc,heap     ] GC(890) Old regions: 375->375
[2024-08-15T13:40:16.125+0000][4312.070s][info][gc,heap     ] GC(890) Archive regions: 2->2
[2024-08-15T13:40:16.125+0000][4312.070s][info][gc,heap     ] GC(890) Humongous regions: 5->5
[2024-08-15T13:40:16.125+0000][4312.070s][info][gc,metaspace] GC(890) Metaspace: 440636K(446976K)->440636K(446976K) NonClass: 385647K(389248K)->385647K(389248K) Class: 54988K(57728K)->54988K(57728K)
[2024-08-15T13:40:16.125+0000][4312.070s][info][gc          ] GC(890) Pause Young (Normal) (G1 Evacuation Pause) 9700M->3129M(12288M) 26.894ms
[2024-08-15T13:40:16.125+0000][4312.070s][info][gc,cpu      ] GC(890) User=0.16s Sys=0.00s Real=0.03s
[2024-08-15T13:40:25.064+0000][4321.009s][info][gc,start    ] GC(891) Pause Young (Concurrent Start) (G1 Evacuation Pause)
[2024-08-15T13:40:25.064+0000][4321.009s][info][gc,task     ] GC(891) Using 6 workers of 6 for evacuation
[2024-08-15T13:40:25.099+0000][4321.044s][info][gc,phases   ] GC(891)   Pre Evacuate Collection Set: 0.6ms
[2024-08-15T13:40:25.099+0000][4321.044s][info][gc,phases   ] GC(891)   Merge Heap Roots: 0.3ms
[2024-08-15T13:40:25.099+0000][4321.044s][info][gc,phases   ] GC(891)   Evacuate Collection Set: 32.6ms
[2024-08-15T13:40:25.100+0000][4321.044s][info][gc,phases   ] GC(891)   Post Evacuate Collection Set: 1.8ms
[2024-08-15T13:40:25.100+0000][4321.044s][info][gc,phases   ] GC(891)   Other: 0.3ms
[2024-08-15T13:40:25.100+0000][4321.044s][info][gc,heap     ] GC(891) Eden regions: 821->0(814)
[2024-08-15T13:40:25.100+0000][4321.044s][info][gc,heap     ] GC(891) Survivor regions: 11->16(104)
[2024-08-15T13:40:25.100+0000][4321.044s][info][gc,heap     ] GC(891) Old regions: 375->375
[2024-08-15T13:40:25.100+0000][4321.044s][info][gc,heap     ] GC(891) Archive regions: 2->2
[2024-08-15T13:40:25.100+0000][4321.044s][info][gc,heap     ] GC(891) Humongous regions: 5->5
[2024-08-15T13:40:25.100+0000][4321.044s][info][gc,metaspace] GC(891) Metaspace: 440636K(446976K)->440636K(446976K) NonClass: 385647K(389248K)->385647K(389248K) Class: 54988K(57728K)->54988K(57728K)
[2024-08-15T13:40:25.100+0000][4321.044s][info][gc          ] GC(891) Pause Young (Concurrent Start) (G1 Evacuation Pause) 9697M->3163M(12288M) 35.501ms
[2024-08-15T13:40:25.100+0000][4321.044s][info][gc,cpu      ] GC(891) User=0.21s Sys=0.00s Real=0.03s
[2024-08-15T13:40:25.100+0000][4321.044s][info][gc          ] GC(892) Concurrent Mark Cycle
[2024-08-15T13:40:25.100+0000][4321.044s][info][gc,marking  ] GC(892) Concurrent Clear Claimed Marks
[2024-08-15T13:40:25.100+0000][4321.045s][info][gc,marking  ] GC(892) Concurrent Clear Claimed Marks 0.418ms
[2024-08-15T13:40:25.100+0000][4321.045s][info][gc,marking  ] GC(892) Concurrent Scan Root Regions
[2024-08-15T13:40:25.132+0000][4321.077s][info][gc,marking  ] GC(892) Concurrent Scan Root Regions 32.011ms
[2024-08-15T13:40:25.132+0000][4321.077s][info][gc,marking  ] GC(892) Concurrent Mark
[2024-08-15T13:40:25.132+0000][4321.077s][info][gc,marking  ] GC(892) Concurrent Mark From Roots
[2024-08-15T13:40:25.132+0000][4321.077s][info][gc,task     ] GC(892) Using 2 workers of 2 for marking
[2024-08-15T13:40:27.593+0000][4323.538s][info][gc,marking  ] GC(892) Concurrent Mark From Roots 2460.986ms
[2024-08-15T13:40:27.593+0000][4323.538s][info][gc,marking  ] GC(892) Concurrent Preclean
[2024-08-15T13:40:27.594+0000][4323.539s][info][gc,marking  ] GC(892) Concurrent Preclean 1.174ms
[2024-08-15T13:40:27.594+0000][4323.539s][info][gc,start    ] GC(892) Pause Remark
[2024-08-15T13:40:27.617+0000][4323.562s][info][gc          ] GC(892) Pause Remark 4819M->4819M(12288M) 22.520ms
[2024-08-15T13:40:27.617+0000][4323.562s][info][gc,cpu      ] GC(892) User=0.10s Sys=0.00s Real=0.03s
[2024-08-15T13:40:27.617+0000][4323.562s][info][gc,marking  ] GC(892) Concurrent Mark 2485.056ms
[2024-08-15T13:40:27.617+0000][4323.562s][info][gc,marking  ] GC(892) Concurrent Rebuild Remembered Sets
[2024-08-15T13:40:28.943+0000][4324.887s][info][gc,marking  ] GC(892) Concurrent Rebuild Remembered Sets 1325.606ms
[2024-08-15T13:40:28.943+0000][4324.888s][info][gc,start    ] GC(892) Pause Cleanup
[2024-08-15T13:40:28.944+0000][4324.888s][info][gc          ] GC(892) Pause Cleanup 5611M->5611M(12288M) 0.663ms
[2024-08-15T13:40:28.944+0000][4324.888s][info][gc,cpu      ] GC(892) User=0.00s Sys=0.00s Real=0.01s
[2024-08-15T13:40:28.944+0000][4324.888s][info][gc,marking  ] GC(892) Concurrent Cleanup for Next Mark
[2024-08-15T13:40:28.961+0000][4324.906s][info][gc,marking  ] GC(892) Concurrent Cleanup for Next Mark 17.185ms
[2024-08-15T13:40:28.961+0000][4324.906s][info][gc          ] GC(892) Concurrent Mark Cycle 3861.351ms
[2024-08-15T13:40:34.171+0000][4330.115s][info][gc,start    ] GC(893) Pause Young (Prepare Mixed) (G1 Evacuation Pause)
[2024-08-15T13:40:34.171+0000][4330.115s][info][gc,task     ] GC(893) Using 6 workers of 6 for evacuation
[2024-08-15T13:40:34.209+0000][4330.154s][info][gc,phases   ] GC(893)   Pre Evacuate Collection Set: 0.2ms
[2024-08-15T13:40:34.210+0000][4330.154s][info][gc,phases   ] GC(893)   Merge Heap Roots: 0.3ms
[2024-08-15T13:40:34.210+0000][4330.154s][info][gc,phases   ] GC(893)   Evacuate Collection Set: 36.5ms
[2024-08-15T13:40:34.210+0000][4330.154s][info][gc,phases   ] GC(893)   Post Evacuate Collection Set: 1.8ms
[2024-08-15T13:40:34.210+0000][4330.154s][info][gc,phases   ] GC(893)   Other: 0.2ms
[2024-08-15T13:40:34.210+0000][4330.154s][info][gc,heap     ] GC(893) Eden regions: 814->0(61)
[2024-08-15T13:40:34.210+0000][4330.154s][info][gc,heap     ] GC(893) Survivor regions: 16->15(104)
[2024-08-15T13:40:34.210+0000][4330.154s][info][gc,heap     ] GC(893) Old regions: 375->375
[2024-08-15T13:40:34.210+0000][4330.154s][info][gc,heap     ] GC(893) Archive regions: 2->2
[2024-08-15T13:40:34.210+0000][4330.154s][info][gc,heap     ] GC(893) Humongous regions: 5->5
[2024-08-15T13:40:34.210+0000][4330.154s][info][gc,metaspace] GC(893) Metaspace: 440636K(446976K)->440636K(446976K) NonClass: 385647K(389248K)->385647K(389248K) Class: 54988K(57728K)->54988K(57728K)
[2024-08-15T13:40:34.210+0000][4330.154s][info][gc          ] GC(893) Pause Young (Prepare Mixed) (G1 Evacuation Pause) 9675M->3156M(12288M) 39.074ms
[2024-08-15T13:40:34.210+0000][4330.154s][info][gc,cpu      ] GC(893) User=0.23s Sys=0.00s Real=0.04s
[2024-08-15T13:40:34.711+0000][4330.656s][info][gc,start    ] GC(894) Pause Young (Mixed) (G1 Evacuation Pause)
[2024-08-15T13:40:34.711+0000][4330.656s][info][gc,task     ] GC(894) Using 6 workers of 6 for evacuation
[2024-08-15T13:40:34.793+0000][4330.738s][info][gc,phases   ] GC(894)   Pre Evacuate Collection Set: 0.2ms
[2024-08-15T13:40:34.793+0000][4330.738s][info][gc,phases   ] GC(894)   Merge Heap Roots: 0.3ms
[2024-08-15T13:40:34.793+0000][4330.738s][info][gc,phases   ] GC(894)   Evacuate Collection Set: 79.9ms
[2024-08-15T13:40:34.793+0000][4330.738s][info][gc,phases   ] GC(894)   Post Evacuate Collection Set: 1.3ms
[2024-08-15T13:40:34.793+0000][4330.738s][info][gc,phases   ] GC(894)   Other: 0.2ms
[2024-08-15T13:40:34.793+0000][4330.738s][info][gc,heap     ] GC(894) Eden regions: 61->0(829)
[2024-08-15T13:40:34.793+0000][4330.738s][info][gc,heap     ] GC(894) Survivor regions: 15->4(10)
[2024-08-15T13:40:34.793+0000][4330.738s][info][gc,heap     ] GC(894) Old regions: 375->375
[2024-08-15T13:40:34.793+0000][4330.738s][info][gc,heap     ] GC(894) Archive regions: 2->2
[2024-08-15T13:40:34.793+0000][4330.738s][info][gc,heap     ] GC(894) Humongous regions: 5->5
[2024-08-15T13:40:34.793+0000][4330.738s][info][gc,metaspace] GC(894) Metaspace: 440636K(446976K)->440636K(446976K) NonClass: 385647K(389248K)->385647K(389248K) Class: 54988K(57728K)->54988K(57728K)
[2024-08-15T13:40:34.793+0000][4330.738s][info][gc          ] GC(894) Pause Young (Mixed) (G1 Evacuation Pause) 3644M->3071M(12288M) 81.887ms
[2024-08-15T13:40:34.793+0000][4330.738s][info][gc,cpu      ] GC(894) User=0.49s Sys=0.01s Real=0.08s
[2024-08-15T13:40:43.959+0000][4339.903s][info][gc,start    ] GC(895) Pause Young (Normal) (G1 Evacuation Pause)
[2024-08-15T13:40:43.959+0000][4339.904s][info][gc,task     ] GC(895) Using 6 workers of 6 for evacuation
[2024-08-15T13:40:43.980+0000][4339.925s][info][gc,phases   ] GC(895)   Pre Evacuate Collection Set: 0.2ms
[2024-08-15T13:40:43.980+0000][4339.925s][info][gc,phases   ] GC(895)   Merge Heap Roots: 0.3ms
[2024-08-15T13:40:43.980+0000][4339.925s][info][gc,phases   ] GC(895)   Evacuate Collection Set: 18.6ms
[2024-08-15T13:40:43.980+0000][4339.925s][info][gc,phases   ] GC(895)   Post Evacuate Collection Set: 1.8ms
[2024-08-15T13:40:43.980+0000][4339.925s][info][gc,phases   ] GC(895)   Other: 0.2ms
[2024-08-15T13:40:43.980+0000][4339.925s][info][gc,heap     ] GC(895) Eden regions: 829->0(826)
[2024-08-15T13:40:43.980+0000][4339.925s][info][gc,heap     ] GC(895) Survivor regions: 4->7(105)
[2024-08-15T13:40:43.980+0000][4339.925s][info][gc,heap     ] GC(895) Old regions: 375->375
[2024-08-15T13:40:43.980+0000][4339.925s][info][gc,heap     ] GC(895) Archive regions: 2->2
[2024-08-15T13:40:43.980+0000][4339.925s][info][gc,heap     ] GC(895) Humongous regions: 5->5
[2024-08-15T13:40:43.980+0000][4339.925s][info][gc,metaspace] GC(895) Metaspace: 440637K(446976K)->440637K(446976K) NonClass: 385648K(389248K)->385648K(389248K) Class: 54988K(57728K)->54988K(57728K)
[2024-08-15T13:40:43.980+0000][4339.925s][info][gc          ] GC(895) Pause Young (Normal) (G1 Evacuation Pause) 9703M->3095M(12288M) 21.174ms
[2024-08-15T13:40:43.980+0000][4339.925s][info][gc,cpu      ] GC(895) User=0.13s Sys=0.00s Real=0.02s
[2024-08-15T13:40:52.996+0000][4348.940s][info][gc,start    ] GC(896) Pause Young (Normal) (G1 Evacuation Pause)
[2024-08-15T13:40:52.996+0000][4348.940s][info][gc,task     ] GC(896) Using 6 workers of 6 for evacuation
[2024-08-15T13:40:53.022+0000][4348.966s][info][gc,phases   ] GC(896)   Pre Evacuate Collection Set: 0.2ms
[2024-08-15T13:40:53.022+0000][4348.966s][info][gc,phases   ] GC(896)   Merge Heap Roots: 0.3ms
[2024-08-15T13:40:53.022+0000][4348.966s][info][gc,phases   ] GC(896)   Evacuate Collection Set: 23.9ms
[2024-08-15T13:40:53.022+0000][4348.966s][info][gc,phases   ] GC(896)   Post Evacuate Collection Set: 1.7ms
[2024-08-15T13:40:53.022+0000][4348.966s][info][gc,phases   ] GC(896)   Other: 0.2ms
[2024-08-15T13:40:53.022+0000][4348.966s][info][gc,heap     ] GC(896) Eden regions: 826->0(822)
[2024-08-15T13:40:53.022+0000][4348.966s][info][gc,heap     ] GC(896) Survivor regions: 7->11(105)
[2024-08-15T13:40:53.022+0000][4348.966s][info][gc,heap     ] GC(896) Old regions: 375->375
[2024-08-15T13:40:53.022+0000][4348.966s][info][gc,heap     ] GC(896) Archive regions: 2->2
[2024-08-15T13:40:53.022+0000][4348.966s][info][gc,heap     ] GC(896) Humongous regions: 5->5
[2024-08-15T13:40:53.022+0000][4348.966s][info][gc,metaspace] GC(896) Metaspace: 440637K(446976K)->440637K(446976K) NonClass: 385648K(389248K)->385648K(389248K) Class: 54988K(57728K)->54988K(57728K)
[2024-08-15T13:40:53.022+0000][4348.967s][info][gc          ] GC(896) Pause Young (Normal) (G1 Evacuation Pause) 9703M->3121M(12288M) 26.384ms
[2024-08-15T13:40:53.022+0000][4348.967s][info][gc,cpu      ] GC(896) User=0.15s Sys=0.00s Real=0.02s
[2024-08-15T13:41:02.065+0000][4358.010s][info][gc,start    ] GC(897) Pause Young (Concurrent Start) (G1 Evacuation Pause)
[2024-08-15T13:41:02.065+0000][4358.010s][info][gc,task     ] GC(897) Using 6 workers of 6 for evacuation
[2024-08-15T13:41:02.099+0000][4358.043s][info][gc,phases   ] GC(897)   Pre Evacuate Collection Set: 0.6ms
[2024-08-15T13:41:02.099+0000][4358.043s][info][gc,phases   ] GC(897)   Merge Heap Roots: 0.3ms
[2024-08-15T13:41:02.099+0000][4358.043s][info][gc,phases   ] GC(897)   Evacuate Collection Set: 30.5ms
[2024-08-15T13:41:02.099+0000][4358.043s][info][gc,phases   ] GC(897)   Post Evacuate Collection Set: 1.7ms
[2024-08-15T13:41:02.099+0000][4358.043s][info][gc,phases   ] GC(897)   Other: 0.3ms
[2024-08-15T13:41:02.099+0000][4358.043s][info][gc,heap     ] GC(897) Eden regions: 822->0(818)
[2024-08-15T13:41:02.099+0000][4358.043s][info][gc,heap     ] GC(897) Survivor regions: 11->14(105)
[2024-08-15T13:41:02.099+0000][4358.043s][info][gc,heap     ] GC(897) Old regions: 375->375
[2024-08-15T13:41:02.099+0000][4358.043s][info][gc,heap     ] GC(897) Archive regions: 2->2
[2024-08-15T13:41:02.099+0000][4358.043s][info][gc,heap     ] GC(897) Humongous regions: 5->5
[2024-08-15T13:41:02.099+0000][4358.043s][info][gc,metaspace] GC(897) Metaspace: 440637K(446976K)->440637K(446976K) NonClass: 385648K(389248K)->385648K(389248K) Class: 54988K(57728K)->54988K(57728K)
[2024-08-15T13:41:02.099+0000][4358.043s][info][gc          ] GC(897) Pause Young (Concurrent Start) (G1 Evacuation Pause) 9697M->3151M(12288M) 33.415ms
[2024-08-15T13:41:02.099+0000][4358.043s][info][gc,cpu      ] GC(897) User=0.20s Sys=0.00s Real=0.03s
[2024-08-15T13:41:02.099+0000][4358.043s][info][gc          ] GC(898) Concurrent Mark Cycle
[2024-08-15T13:41:02.099+0000][4358.043s][info][gc,marking  ] GC(898) Concurrent Clear Claimed Marks
[2024-08-15T13:41:02.099+0000][4358.044s][info][gc,marking  ] GC(898) Concurrent Clear Claimed Marks 0.466ms
[2024-08-15T13:41:02.099+0000][4358.044s][info][gc,marking  ] GC(898) Concurrent Scan Root Regions
[2024-08-15T13:41:02.124+0000][4358.069s][info][gc,marking  ] GC(898) Concurrent Scan Root Regions 24.658ms
[2024-08-15T13:41:02.124+0000][4358.069s][info][gc,marking  ] GC(898) Concurrent Mark
[2024-08-15T13:41:02.124+0000][4358.069s][info][gc,marking  ] GC(898) Concurrent Mark From Roots
[2024-08-15T13:41:02.124+0000][4358.069s][info][gc,task     ] GC(898) Using 2 workers of 2 for marking
[2024-08-15T13:41:04.561+0000][4360.505s][info][gc,marking  ] GC(898) Concurrent Mark From Roots 2436.810ms
[2024-08-15T13:41:04.561+0000][4360.505s][info][gc,marking  ] GC(898) Concurrent Preclean
[2024-08-15T13:41:04.562+0000][4360.507s][info][gc,marking  ] GC(898) Concurrent Preclean 1.390ms
[2024-08-15T13:41:04.562+0000][4360.507s][info][gc,start    ] GC(898) Pause Remark
[2024-08-15T13:41:04.584+0000][4360.529s][info][gc          ] GC(898) Pause Remark 4823M->4823M(12288M) 22.092ms
[2024-08-15T13:41:04.584+0000][4360.529s][info][gc,cpu      ] GC(898) User=0.10s Sys=0.00s Real=0.03s
[2024-08-15T13:41:04.585+0000][4360.529s][info][gc,marking  ] GC(898) Concurrent Mark 2460.686ms
[2024-08-15T13:41:04.585+0000][4360.529s][info][gc,marking  ] GC(898) Concurrent Rebuild Remembered Sets
[2024-08-15T13:41:05.957+0000][4361.902s][info][gc,marking  ] GC(898) Concurrent Rebuild Remembered Sets 1372.826ms
[2024-08-15T13:41:05.958+0000][4361.902s][info][gc,start    ] GC(898) Pause Cleanup
[2024-08-15T13:41:05.958+0000][4361.903s][info][gc          ] GC(898) Pause Cleanup 5815M->5815M(12288M) 0.631ms
[2024-08-15T13:41:05.958+0000][4361.903s][info][gc,cpu      ] GC(898) User=0.00s Sys=0.00s Real=0.00s
[2024-08-15T13:41:05.958+0000][4361.903s][info][gc,marking  ] GC(898) Concurrent Cleanup for Next Mark
[2024-08-15T13:41:05.986+0000][4361.931s][info][gc,marking  ] GC(898) Concurrent Cleanup for Next Mark 27.957ms
[2024-08-15T13:41:05.986+0000][4361.931s][info][gc          ] GC(898) Concurrent Mark Cycle 3887.628ms
[2024-08-15T13:41:11.058+0000][4367.003s][info][gc,start    ] GC(899) Pause Young (Prepare Mixed) (G1 Evacuation Pause)
[2024-08-15T13:41:11.058+0000][4367.003s][info][gc,task     ] GC(899) Using 6 workers of 6 for evacuation
[2024-08-15T13:41:11.095+0000][4367.040s][info][gc,phases   ] GC(899)   Pre Evacuate Collection Set: 0.2ms
[2024-08-15T13:41:11.095+0000][4367.040s][info][gc,phases   ] GC(899)   Merge Heap Roots: 0.3ms
[2024-08-15T13:41:11.095+0000][4367.040s][info][gc,phases   ] GC(899)   Evacuate Collection Set: 34.7ms
[2024-08-15T13:41:11.095+0000][4367.040s][info][gc,phases   ] GC(899)   Post Evacuate Collection Set: 1.8ms
[2024-08-15T13:41:11.095+0000][4367.040s][info][gc,phases   ] GC(899)   Other: 0.2ms
[2024-08-15T13:41:11.095+0000][4367.040s][info][gc,heap     ] GC(899) Eden regions: 818->0(62)
[2024-08-15T13:41:11.095+0000][4367.040s][info][gc,heap     ] GC(899) Survivor regions: 14->14(104)
[2024-08-15T13:41:11.095+0000][4367.040s][info][gc,heap     ] GC(899) Old regions: 375->375
[2024-08-15T13:41:11.095+0000][4367.040s][info][gc,heap     ] GC(899) Archive regions: 2->2
[2024-08-15T13:41:11.095+0000][4367.040s][info][gc,heap     ] GC(899) Humongous regions: 5->5
[2024-08-15T13:41:11.095+0000][4367.040s][info][gc,metaspace] GC(899) Metaspace: 440641K(446976K)->440641K(446976K) NonClass: 385652K(389248K)->385652K(389248K) Class: 54988K(57728K)->54988K(57728K)
[2024-08-15T13:41:11.095+0000][4367.040s][info][gc          ] GC(899) Pause Young (Prepare Mixed) (G1 Evacuation Pause) 9695M->3152M(12288M) 37.289ms
[2024-08-15T13:41:11.095+0000][4367.040s][info][gc,cpu      ] GC(899) User=0.21s Sys=0.01s Real=0.04s
[2024-08-15T13:41:11.766+0000][4367.710s][info][gc,start    ] GC(900) Pause Young (Mixed) (G1 Evacuation Pause)
[2024-08-15T13:41:11.766+0000][4367.710s][info][gc,task     ] GC(900) Using 6 workers of 6 for evacuation
[2024-08-15T13:41:11.858+0000][4367.803s][info][gc,phases   ] GC(900)   Pre Evacuate Collection Set: 0.2ms
[2024-08-15T13:41:11.858+0000][4367.803s][info][gc,phases   ] GC(900)   Merge Heap Roots: 0.6ms
[2024-08-15T13:41:11.858+0000][4367.803s][info][gc,phases   ] GC(900)   Evacuate Collection Set: 90.1ms
[2024-08-15T13:41:11.858+0000][4367.803s][info][gc,phases   ] GC(900)   Post Evacuate Collection Set: 1.4ms
[2024-08-15T13:41:11.858+0000][4367.803s][info][gc,phases   ] GC(900)   Other: 0.2ms
[2024-08-15T13:41:11.858+0000][4367.803s][info][gc,heap     ] GC(900) Eden regions: 62->0(827)
[2024-08-15T13:41:11.858+0000][4367.803s][info][gc,heap     ] GC(900) Survivor regions: 14->5(10)
[2024-08-15T13:41:11.858+0000][4367.803s][info][gc,heap     ] GC(900) Old regions: 375->375
[2024-08-15T13:41:11.858+0000][4367.803s][info][gc,heap     ] GC(900) Archive regions: 2->2
[2024-08-15T13:41:11.858+0000][4367.803s][info][gc,heap     ] GC(900) Humongous regions: 5->5
[2024-08-15T13:41:11.858+0000][4367.803s][info][gc,metaspace] GC(900) Metaspace: 440641K(446976K)->440641K(446976K) NonClass: 385652K(389248K)->385652K(389248K) Class: 54988K(57728K)->54988K(57728K)
[2024-08-15T13:41:11.858+0000][4367.803s][info][gc          ] GC(900) Pause Young (Mixed) (G1 Evacuation Pause) 3648M->3078M(12288M) 92.553ms
[2024-08-15T13:41:11.858+0000][4367.803s][info][gc,cpu      ] GC(900) User=0.54s Sys=0.00s Real=0.09s
[2024-08-15T13:41:21.055+0000][4377.000s][info][gc,start    ] GC(901) Pause Young (Normal) (G1 Evacuation Pause)
[2024-08-15T13:41:21.055+0000][4377.000s][info][gc,task     ] GC(901) Using 6 workers of 6 for evacuation
[2024-08-15T13:41:21.078+0000][4377.022s][info][gc,phases   ] GC(901)   Pre Evacuate Collection Set: 0.2ms
[2024-08-15T13:41:21.078+0000][4377.022s][info][gc,phases   ] GC(901)   Merge Heap Roots: 0.3ms
[2024-08-15T13:41:21.078+0000][4377.022s][info][gc,phases   ] GC(901)   Evacuate Collection Set: 20.0ms
[2024-08-15T13:41:21.078+0000][4377.022s][info][gc,phases   ] GC(901)   Post Evacuate Collection Set: 1.9ms
[2024-08-15T13:41:21.078+0000][4377.022s][info][gc,phases   ] GC(901)   Other: 0.2ms
[2024-08-15T13:41:21.078+0000][4377.022s][info][gc,heap     ] GC(901) Eden regions: 827->0(824)
[2024-08-15T13:41:21.078+0000][4377.022s][info][gc,heap     ] GC(901) Survivor regions: 5->8(104)
[2024-08-15T13:41:21.078+0000][4377.022s][info][gc,heap     ] GC(901) Old regions: 375->375
[2024-08-15T13:41:21.078+0000][4377.022s][info][gc,heap     ] GC(901) Archive regions: 2->2
[2024-08-15T13:41:21.078+0000][4377.022s][info][gc,heap     ] GC(901) Humongous regions: 5->5
[2024-08-15T13:41:21.078+0000][4377.022s][info][gc,metaspace] GC(901) Metaspace: 440641K(446976K)->440641K(446976K) NonClass: 385652K(389248K)->385652K(389248K) Class: 54988K(57728K)->54988K(57728K)
[2024-08-15T13:41:21.078+0000][4377.022s][info][gc          ] GC(901) Pause Young (Normal) (G1 Evacuation Pause) 9694M->3101M(12288M) 22.554ms
[2024-08-15T13:41:21.078+0000][4377.022s][info][gc,cpu      ] GC(901) User=0.13s Sys=0.00s Real=0.02s
[2024-08-15T13:41:30.089+0000][4386.034s][info][gc,start    ] GC(902) Pause Young (Normal) (G1 Evacuation Pause)
[2024-08-15T13:41:30.089+0000][4386.034s][info][gc,task     ] GC(902) Using 6 workers of 6 for evacuation
[2024-08-15T13:41:30.114+0000][4386.059s][info][gc,phases   ] GC(902)   Pre Evacuate Collection Set: 0.2ms
[2024-08-15T13:41:30.114+0000][4386.059s][info][gc,phases   ] GC(902)   Merge Heap Roots: 0.2ms
[2024-08-15T13:41:30.114+0000][4386.059s][info][gc,phases   ] GC(902)   Evacuate Collection Set: 22.7ms
[2024-08-15T13:41:30.114+0000][4386.059s][info][gc,phases   ] GC(902)   Post Evacuate Collection Set: 1.7ms
[2024-08-15T13:41:30.114+0000][4386.059s][info][gc,phases   ] GC(902)   Other: 0.2ms
[2024-08-15T13:41:30.114+0000][4386.059s][info][gc,heap     ] GC(902) Eden regions: 824->0(820)
[2024-08-15T13:41:30.114+0000][4386.059s][info][gc,heap     ] GC(902) Survivor regions: 8->12(104)
[2024-08-15T13:41:30.114+0000][4386.059s][info][gc,heap     ] GC(902) Old regions: 375->375
[2024-08-15T13:41:30.114+0000][4386.059s][info][gc,heap     ] GC(902) Archive regions: 2->2
[2024-08-15T13:41:30.114+0000][4386.059s][info][gc,heap     ] GC(902) Humongous regions: 5->5
[2024-08-15T13:41:30.114+0000][4386.059s][info][gc,metaspace] GC(902) Metaspace: 440641K(446976K)->440641K(446976K) NonClass: 385652K(389248K)->385652K(389248K) Class: 54988K(57728K)->54988K(57728K)
[2024-08-15T13:41:30.114+0000][4386.059s][info][gc          ] GC(902) Pause Young (Normal) (G1 Evacuation Pause) 9693M->3129M(12288M) 25.097ms
[2024-08-15T13:41:30.115+0000][4386.059s][info][gc,cpu      ] GC(902) User=0.15s Sys=0.00s Real=0.02s
[2024-08-15T13:41:32.953+0000][4388.897s][info][gc,start    ] GC(903) Pause Young (Concurrent Start) (G1 Evacuation Pause)
[2024-08-15T13:41:32.953+0000][4388.897s][info][gc,task     ] GC(903) Using 6 workers of 6 for evacuation
[2024-08-15T13:41:33.031+0000][4388.976s][info][gc,phases   ] GC(903)   Pre Evacuate Collection Set: 0.6ms
[2024-08-15T13:41:33.031+0000][4388.976s][info][gc,phases   ] GC(903)   Merge Heap Roots: 0.2ms
[2024-08-15T13:41:33.031+0000][4388.976s][info][gc,phases   ] GC(903)   Evacuate Collection Set: 60.6ms
[2024-08-15T13:41:33.031+0000][4388.976s][info][gc,phases   ] GC(903)   Post Evacuate Collection Set: 17.1ms
[2024-08-15T13:41:33.031+0000][4388.976s][info][gc,phases   ] GC(903)   Other: 0.3ms
[2024-08-15T13:41:33.031+0000][4388.976s][info][gc,heap     ] GC(903) Eden regions: 820->0(814)
[2024-08-15T13:41:33.031+0000][4388.976s][info][gc,heap     ] GC(903) Survivor regions: 12->16(104)
[2024-08-15T13:41:33.031+0000][4388.976s][info][gc,heap     ] GC(903) Old regions: 375->375
[2024-08-15T13:41:33.031+0000][4388.976s][info][gc,heap     ] GC(903) Archive regions: 2->2
[2024-08-15T13:41:33.031+0000][4388.976s][info][gc,heap     ] GC(903) Humongous regions: 5->5
[2024-08-15T13:41:33.031+0000][4388.976s][info][gc,metaspace] GC(903) Metaspace: 440645K(446976K)->440645K(446976K) NonClass: 385656K(389248K)->385656K(389248K) Class: 54988K(57728K)->54988K(57728K)
[2024-08-15T13:41:33.032+0000][4388.976s][info][gc          ] GC(903) Pause Young (Concurrent Start) (G1 Evacuation Pause) 9689M->3163M(12288M) 78.873ms
[2024-08-15T13:41:33.032+0000][4388.976s][info][gc,cpu      ] GC(903) User=0.45s Sys=0.00s Real=0.08s
[2024-08-15T13:41:33.032+0000][4388.976s][info][gc          ] GC(904) Concurrent Mark Cycle
[2024-08-15T13:41:33.032+0000][4388.976s][info][gc,marking  ] GC(904) Concurrent Clear Claimed Marks
[2024-08-15T13:41:33.032+0000][4388.977s][info][gc,marking  ] GC(904) Concurrent Clear Claimed Marks 0.431ms
[2024-08-15T13:41:33.032+0000][4388.977s][info][gc,marking  ] GC(904) Concurrent Scan Root Regions
[2024-08-15T13:41:33.081+0000][4389.025s][info][gc,marking  ] GC(904) Concurrent Scan Root Regions 48.483ms
[2024-08-15T13:41:33.081+0000][4389.025s][info][gc,marking  ] GC(904) Concurrent Mark
[2024-08-15T13:41:33.081+0000][4389.025s][info][gc,marking  ] GC(904) Concurrent Mark From Roots
[2024-08-15T13:41:33.081+0000][4389.025s][info][gc,task     ] GC(904) Using 2 workers of 2 for marking
[2024-08-15T13:41:35.538+0000][4391.483s][info][gc,marking  ] GC(904) Concurrent Mark From Roots 2457.612ms
[2024-08-15T13:41:35.538+0000][4391.483s][info][gc,marking  ] GC(904) Concurrent Preclean
[2024-08-15T13:41:35.540+0000][4391.484s][info][gc,marking  ] GC(904) Concurrent Preclean 1.316ms
[2024-08-15T13:41:35.540+0000][4391.484s][info][gc,start    ] GC(904) Pause Remark
[2024-08-15T13:41:35.562+0000][4391.507s][info][gc          ] GC(904) Pause Remark 8247M->8247M(12288M) 22.555ms
[2024-08-15T13:41:35.562+0000][4391.507s][info][gc,cpu      ] GC(904) User=0.09s Sys=0.00s Real=0.02s
[2024-08-15T13:41:35.563+0000][4391.507s][info][gc,marking  ] GC(904) Concurrent Mark 2481.948ms
[2024-08-15T13:41:35.563+0000][4391.507s][info][gc,marking  ] GC(904) Concurrent Rebuild Remembered Sets
[2024-08-15T13:41:36.258+0000][4392.202s][info][gc,start    ] GC(905) Pause Young (Normal) (G1 Evacuation Pause)
[2024-08-15T13:41:36.258+0000][4392.202s][info][gc,task     ] GC(905) Using 6 workers of 6 for evacuation
[2024-08-15T13:41:36.368+0000][4392.313s][info][gc,phases   ] GC(905)   Pre Evacuate Collection Set: 0.2ms
[2024-08-15T13:41:36.368+0000][4392.313s][info][gc,phases   ] GC(905)   Merge Heap Roots: 0.3ms
[2024-08-15T13:41:36.368+0000][4392.313s][info][gc,phases   ] GC(905)   Evacuate Collection Set: 87.9ms
[2024-08-15T13:41:36.368+0000][4392.313s][info][gc,phases   ] GC(905)   Post Evacuate Collection Set: 21.9ms
[2024-08-15T13:41:36.368+0000][4392.313s][info][gc,phases   ] GC(905)   Other: 0.2ms
[2024-08-15T13:41:36.368+0000][4392.313s][info][gc,heap     ] GC(905) Eden regions: 814->0(802)
[2024-08-15T13:41:36.368+0000][4392.313s][info][gc,heap     ] GC(905) Survivor regions: 16->22(104)
[2024-08-15T13:41:36.368+0000][4392.313s][info][gc,heap     ] GC(905) Old regions: 375->375
[2024-08-15T13:41:36.368+0000][4392.313s][info][gc,heap     ] GC(905) Archive regions: 2->2
[2024-08-15T13:41:36.368+0000][4392.313s][info][gc,heap     ] GC(905) Humongous regions: 5->5
[2024-08-15T13:41:36.368+0000][4392.313s][info][gc,metaspace] GC(905) Metaspace: 440645K(446976K)->440645K(446976K) NonClass: 385656K(389248K)->385656K(389248K) Class: 54988K(57728K)->54988K(57728K)
[2024-08-15T13:41:36.368+0000][4392.313s][info][gc          ] GC(905) Pause Young (Normal) (G1 Evacuation Pause) 9675M->3214M(12288M) 110.498ms
[2024-08-15T13:41:36.368+0000][4392.313s][info][gc,cpu      ] GC(905) User=0.64s Sys=0.00s Real=0.11s
[2024-08-15T13:41:37.068+0000][4393.013s][info][gc,marking  ] GC(904) Concurrent Rebuild Remembered Sets 1505.769ms
[2024-08-15T13:41:37.069+0000][4393.013s][info][gc,start    ] GC(904) Pause Cleanup
[2024-08-15T13:41:37.069+0000][4393.014s][info][gc          ] GC(904) Pause Cleanup 4666M->4666M(12288M) 0.633ms
[2024-08-15T13:41:37.069+0000][4393.014s][info][gc,cpu      ] GC(904) User=0.00s Sys=0.00s Real=0.00s
[2024-08-15T13:41:37.069+0000][4393.014s][info][gc,marking  ] GC(904) Concurrent Cleanup for Next Mark
[2024-08-15T13:41:37.087+0000][4393.031s][info][gc,marking  ] GC(904) Concurrent Cleanup for Next Mark 17.401ms
[2024-08-15T13:41:37.087+0000][4393.031s][info][gc          ] GC(904) Concurrent Mark Cycle 4055.157ms
[2024-08-15T13:41:38.983+0000][4394.927s][info][gc,start    ] GC(906) Pause Young (Prepare Mixed) (G1 Evacuation Pause)
[2024-08-15T13:41:38.983+0000][4394.927s][info][gc,task     ] GC(906) Using 6 workers of 6 for evacuation
[2024-08-15T13:41:39.099+0000][4395.044s][info][gc,phases   ] GC(906)   Pre Evacuate Collection Set: 0.2ms
[2024-08-15T13:41:39.099+0000][4395.044s][info][gc,phases   ] GC(906)   Merge Heap Roots: 0.5ms
[2024-08-15T13:41:39.099+0000][4395.044s][info][gc,phases   ] GC(906)   Evacuate Collection Set: 96.5ms
[2024-08-15T13:41:39.099+0000][4395.044s][info][gc,phases   ] GC(906)   Post Evacuate Collection Set: 19.1ms
[2024-08-15T13:41:39.099+0000][4395.044s][info][gc,phases   ] GC(906)   Other: 0.2ms
[2024-08-15T13:41:39.099+0000][4395.044s][info][gc,heap     ] GC(906) Eden regions: 802->0(50)
[2024-08-15T13:41:39.099+0000][4395.044s][info][gc,heap     ] GC(906) Survivor regions: 22->26(103)
[2024-08-15T13:41:39.099+0000][4395.044s][info][gc,heap     ] GC(906) Old regions: 375->375
[2024-08-15T13:41:39.099+0000][4395.044s][info][gc,heap     ] GC(906) Archive regions: 2->2
[2024-08-15T13:41:39.099+0000][4395.044s][info][gc,heap     ] GC(906) Humongous regions: 5->5
[2024-08-15T13:41:39.099+0000][4395.044s][info][gc,metaspace] GC(906) Metaspace: 440646K(446976K)->440646K(446976K) NonClass: 385658K(389248K)->385658K(389248K) Class: 54988K(57728K)->54988K(57728K)
[2024-08-15T13:41:39.099+0000][4395.044s][info][gc          ] GC(906) Pause Young (Prepare Mixed) (G1 Evacuation Pause) 9630M->3242M(12288M) 116.459ms
[2024-08-15T13:41:39.099+0000][4395.044s][info][gc,cpu      ] GC(906) User=0.68s Sys=0.00s Real=0.12s
[2024-08-15T13:41:39.275+0000][4395.219s][info][gc,start    ] GC(907) Pause Young (Mixed) (G1 Evacuation Pause)
[2024-08-15T13:41:39.275+0000][4395.219s][info][gc,task     ] GC(907) Using 6 workers of 6 for evacuation
[2024-08-15T13:41:39.408+0000][4395.352s][info][gc,phases   ] GC(907)   Pre Evacuate Collection Set: 0.2ms
[2024-08-15T13:41:39.408+0000][4395.352s][info][gc,phases   ] GC(907)   Merge Heap Roots: 0.4ms
[2024-08-15T13:41:39.408+0000][4395.352s][info][gc,phases   ] GC(907)   Evacuate Collection Set: 129.6ms
[2024-08-15T13:41:39.408+0000][4395.352s][info][gc,phases   ] GC(907)   Post Evacuate Collection Set: 2.5ms
[2024-08-15T13:41:39.408+0000][4395.352s][info][gc,phases   ] GC(907)   Other: 0.2ms
[2024-08-15T13:41:39.408+0000][4395.352s][info][gc,heap     ] GC(907) Eden regions: 50->0(809)
[2024-08-15T13:41:39.408+0000][4395.352s][info][gc,heap     ] GC(907) Survivor regions: 26->3(10)
[2024-08-15T13:41:39.408+0000][4395.352s][info][gc,heap     ] GC(907) Old regions: 375->391
[2024-08-15T13:41:39.408+0000][4395.352s][info][gc,heap     ] GC(907) Archive regions: 2->2
[2024-08-15T13:41:39.408+0000][4395.352s][info][gc,heap     ] GC(907) Humongous regions: 5->5
[2024-08-15T13:41:39.408+0000][4395.352s][info][gc,metaspace] GC(907) Metaspace: 440646K(446976K)->440646K(446976K) NonClass: 385658K(389248K)->385658K(389248K) Class: 54988K(57728K)->54988K(57728K)
[2024-08-15T13:41:39.408+0000][4395.352s][info][gc          ] GC(907) Pause Young (Mixed) (G1 Evacuation Pause) 3642M->3190M(12288M) 132.968ms
[2024-08-15T13:41:39.408+0000][4395.352s][info][gc,cpu      ] GC(907) User=0.79s Sys=0.00s Real=0.14s
[2024-08-15T13:41:42.012+0000][4397.957s][info][gc,start    ] GC(908) Pause Young (Normal) (G1 Evacuation Pause)
[2024-08-15T13:41:42.012+0000][4397.957s][info][gc,task     ] GC(908) Using 6 workers of 6 for evacuation
[2024-08-15T13:41:42.086+0000][4398.031s][info][gc,phases   ] GC(908)   Pre Evacuate Collection Set: 0.2ms
[2024-08-15T13:41:42.086+0000][4398.031s][info][gc,phases   ] GC(908)   Merge Heap Roots: 0.4ms
[2024-08-15T13:41:42.086+0000][4398.031s][info][gc,phases   ] GC(908)   Evacuate Collection Set: 55.2ms
[2024-08-15T13:41:42.086+0000][4398.031s][info][gc,phases   ] GC(908)   Post Evacuate Collection Set: 18.2ms
[2024-08-15T13:41:42.086+0000][4398.031s][info][gc,phases   ] GC(908)   Other: 0.2ms
[2024-08-15T13:41:42.086+0000][4398.031s][info][gc,heap     ] GC(908) Eden regions: 809->0(806)
[2024-08-15T13:41:42.086+0000][4398.031s][info][gc,heap     ] GC(908) Survivor regions: 3->6(102)
[2024-08-15T13:41:42.086+0000][4398.031s][info][gc,heap     ] GC(908) Old regions: 391->391
[2024-08-15T13:41:42.086+0000][4398.031s][info][gc,heap     ] GC(908) Archive regions: 2->2
[2024-08-15T13:41:42.086+0000][4398.031s][info][gc,heap     ] GC(908) Humongous regions: 5->5
[2024-08-15T13:41:42.086+0000][4398.031s][info][gc,metaspace] GC(908) Metaspace: 440656K(447040K)->440656K(447040K) NonClass: 385668K(389312K)->385668K(389312K) Class: 54988K(57728K)->54988K(57728K)
[2024-08-15T13:41:42.086+0000][4398.031s][info][gc          ] GC(908) Pause Young (Normal) (G1 Evacuation Pause) 9662M->3214M(12288M) 74.198ms
[2024-08-15T13:41:42.086+0000][4398.031s][info][gc,cpu      ] GC(908) User=0.44s Sys=0.00s Real=0.08s
[2024-08-15T13:41:44.574+0000][4400.518s][info][gc,start    ] GC(909) Pause Young (Normal) (G1 Evacuation Pause)
[2024-08-15T13:41:44.574+0000][4400.518s][info][gc,task     ] GC(909) Using 6 workers of 6 for evacuation
[2024-08-15T13:41:44.658+0000][4400.603s][info][gc,phases   ] GC(909)   Pre Evacuate Collection Set: 0.2ms
[2024-08-15T13:41:44.658+0000][4400.603s][info][gc,phases   ] GC(909)   Merge Heap Roots: 0.3ms
[2024-08-15T13:41:44.658+0000][4400.603s][info][gc,phases   ] GC(909)   Evacuate Collection Set: 66.5ms
[2024-08-15T13:41:44.658+0000][4400.603s][info][gc,phases   ] GC(909)   Post Evacuate Collection Set: 17.4ms
[2024-08-15T13:41:44.658+0000][4400.603s][info][gc,phases   ] GC(909)   Other: 0.2ms
[2024-08-15T13:41:44.658+0000][4400.603s][info][gc,heap     ] GC(909) Eden regions: 806->0(802)
[2024-08-15T13:41:44.658+0000][4400.603s][info][gc,heap     ] GC(909) Survivor regions: 6->11(102)
[2024-08-15T13:41:44.658+0000][4400.603s][info][gc,heap     ] GC(909) Old regions: 391->391
[2024-08-15T13:41:44.658+0000][4400.603s][info][gc,heap     ] GC(909) Archive regions: 2->2
[2024-08-15T13:41:44.658+0000][4400.603s][info][gc,heap     ] GC(909) Humongous regions: 5->5
[2024-08-15T13:41:44.658+0000][4400.603s][info][gc,metaspace] GC(909) Metaspace: 440656K(447040K)->440656K(447040K) NonClass: 385668K(389312K)->385668K(389312K) Class: 54988K(57728K)->54988K(57728K)
[2024-08-15T13:41:44.658+0000][4400.603s][info][gc          ] GC(909) Pause Young (Normal) (G1 Evacuation Pause) 9662M->3252M(12288M) 84.711ms
[2024-08-15T13:41:44.659+0000][4400.603s][info][gc,cpu      ] GC(909) User=0.50s Sys=0.00s Real=0.09s
[2024-08-15T13:41:47.171+0000][4403.116s][info][gc,start    ] GC(910) Pause Young (Concurrent Start) (G1 Evacuation Pause)
[2024-08-15T13:41:47.171+0000][4403.116s][info][gc,task     ] GC(910) Using 6 workers of 6 for evacuation
[2024-08-15T13:41:47.274+0000][4403.218s][info][gc,phases   ] GC(910)   Pre Evacuate Collection Set: 0.6ms
[2024-08-15T13:41:47.274+0000][4403.218s][info][gc,phases   ] GC(910)   Merge Heap Roots: 0.4ms
[2024-08-15T13:41:47.274+0000][4403.218s][info][gc,phases   ] GC(910)   Evacuate Collection Set: 82.4ms
[2024-08-15T13:41:47.274+0000][4403.218s][info][gc,phases   ] GC(910)   Post Evacuate Collection Set: 18.9ms
[2024-08-15T13:41:47.274+0000][4403.218s][info][gc,phases   ] GC(910)   Other: 0.3ms
[2024-08-15T13:41:47.274+0000][4403.218s][info][gc,heap     ] GC(910) Eden regions: 802->0(799)
[2024-08-15T13:41:47.274+0000][4403.218s][info][gc,heap     ] GC(910) Survivor regions: 11->15(102)
[2024-08-15T13:41:47.274+0000][4403.218s][info][gc,heap     ] GC(910) Old regions: 391->391
[2024-08-15T13:41:47.274+0000][4403.218s][info][gc,heap     ] GC(910) Archive regions: 2->2
[2024-08-15T13:41:47.274+0000][4403.218s][info][gc,heap     ] GC(910) Humongous regions: 5->5
[2024-08-15T13:41:47.274+0000][4403.218s][info][gc,metaspace] GC(910) Metaspace: 440656K(447040K)->440656K(447040K) NonClass: 385668K(389312K)->385668K(389312K) Class: 54988K(57728K)->54988K(57728K)
[2024-08-15T13:41:47.274+0000][4403.218s][info][gc          ] GC(910) Pause Young (Concurrent Start) (G1 Evacuation Pause) 9668M->3281M(12288M) 102.630ms
[2024-08-15T13:41:47.274+0000][4403.218s][info][gc,cpu      ] GC(910) User=0.60s Sys=0.01s Real=0.10s
[2024-08-15T13:41:47.274+0000][4403.218s][info][gc          ] GC(911) Concurrent Mark Cycle
[2024-08-15T13:41:47.274+0000][4403.218s][info][gc,marking  ] GC(911) Concurrent Clear Claimed Marks
[2024-08-15T13:41:47.274+0000][4403.219s][info][gc,marking  ] GC(911) Concurrent Clear Claimed Marks 0.437ms
[2024-08-15T13:41:47.274+0000][4403.219s][info][gc,marking  ] GC(911) Concurrent Scan Root Regions
[2024-08-15T13:41:47.318+0000][4403.262s][info][gc,marking  ] GC(911) Concurrent Scan Root Regions 43.351ms
[2024-08-15T13:41:47.318+0000][4403.262s][info][gc,marking  ] GC(911) Concurrent Mark
[2024-08-15T13:41:47.318+0000][4403.262s][info][gc,marking  ] GC(911) Concurrent Mark From Roots
[2024-08-15T13:41:47.318+0000][4403.262s][info][gc,task     ] GC(911) Using 2 workers of 2 for marking
[2024-08-15T13:41:49.743+0000][4405.688s][info][gc,marking  ] GC(911) Concurrent Mark From Roots 2425.259ms
[2024-08-15T13:41:49.743+0000][4405.688s][info][gc,marking  ] GC(911) Concurrent Preclean
[2024-08-15T13:41:49.745+0000][4405.689s][info][gc,marking  ] GC(911) Concurrent Preclean 1.654ms
[2024-08-15T13:41:49.745+0000][4405.689s][info][gc,start    ] GC(911) Pause Remark
[2024-08-15T13:41:49.767+0000][4405.712s][info][gc          ] GC(911) Pause Remark 8585M->8577M(12288M) 22.498ms
[2024-08-15T13:41:49.767+0000][4405.712s][info][gc,cpu      ] GC(911) User=0.09s Sys=0.01s Real=0.02s
[2024-08-15T13:41:49.767+0000][4405.712s][info][gc,marking  ] GC(911) Concurrent Mark 2449.775ms
[2024-08-15T13:41:49.767+0000][4405.712s][info][gc,marking  ] GC(911) Concurrent Rebuild Remembered Sets
[2024-08-15T13:41:50.271+0000][4406.216s][info][gc,start    ] GC(912) Pause Young (Normal) (G1 Evacuation Pause)
[2024-08-15T13:41:50.271+0000][4406.216s][info][gc,task     ] GC(912) Using 6 workers of 6 for evacuation
[2024-08-15T13:41:50.382+0000][4406.327s][info][gc,phases   ] GC(912)   Pre Evacuate Collection Set: 0.2ms
[2024-08-15T13:41:50.382+0000][4406.327s][info][gc,phases   ] GC(912)   Merge Heap Roots: 0.4ms
[2024-08-15T13:41:50.382+0000][4406.327s][info][gc,phases   ] GC(912)   Evacuate Collection Set: 91.9ms
[2024-08-15T13:41:50.382+0000][4406.327s][info][gc,phases   ] GC(912)   Post Evacuate Collection Set: 18.1ms
[2024-08-15T13:41:50.382+0000][4406.327s][info][gc,phases   ] GC(912)   Other: 0.3ms
[2024-08-15T13:41:50.382+0000][4406.327s][info][gc,heap     ] GC(912) Eden regions: 799->0(791)
[2024-08-15T13:41:50.382+0000][4406.327s][info][gc,heap     ] GC(912) Survivor regions: 15->20(102)
[2024-08-15T13:41:50.382+0000][4406.327s][info][gc,heap     ] GC(912) Old regions: 390->390
[2024-08-15T13:41:50.382+0000][4406.327s][info][gc,heap     ] GC(912) Archive regions: 2->2
[2024-08-15T13:41:50.382+0000][4406.327s][info][gc,heap     ] GC(912) Humongous regions: 5->5
[2024-08-15T13:41:50.382+0000][4406.327s][info][gc,metaspace] GC(912) Metaspace: 440656K(447040K)->440656K(447040K) NonClass: 385668K(389312K)->385668K(389312K) Class: 54988K(57728K)->54988K(57728K)
[2024-08-15T13:41:50.382+0000][4406.327s][info][gc          ] GC(912) Pause Young (Normal) (G1 Evacuation Pause) 9665M->3314M(12288M) 110.889ms
[2024-08-15T13:41:50.382+0000][4406.327s][info][gc,cpu      ] GC(912) User=0.65s Sys=0.00s Real=0.11s
[2024-08-15T13:41:51.289+0000][4407.234s][info][gc,marking  ] GC(911) Concurrent Rebuild Remembered Sets 1521.820ms
[2024-08-15T13:41:51.289+0000][4407.234s][info][gc,start    ] GC(911) Pause Cleanup
[2024-08-15T13:41:51.290+0000][4407.235s][info][gc          ] GC(911) Pause Cleanup 5302M->5302M(12288M) 0.651ms
[2024-08-15T13:41:51.290+0000][4407.235s][info][gc,cpu      ] GC(911) User=0.00s Sys=0.00s Real=0.00s
[2024-08-15T13:41:51.290+0000][4407.235s][info][gc,marking  ] GC(911) Concurrent Cleanup for Next Mark
[2024-08-15T13:41:51.307+0000][4407.252s][info][gc,marking  ] GC(911) Concurrent Cleanup for Next Mark 17.178ms
[2024-08-15T13:41:51.307+0000][4407.252s][info][gc          ] GC(911) Concurrent Mark Cycle 4033.624ms
[2024-08-15T13:41:55.493+0000][4411.438s][info][gc,start    ] GC(913) Pause Young (Prepare Mixed) (G1 Evacuation Pause)
[2024-08-15T13:41:55.493+0000][4411.438s][info][gc,task     ] GC(913) Using 6 workers of 6 for evacuation
[2024-08-15T13:41:55.597+0000][4411.542s][info][gc,phases   ] GC(913)   Pre Evacuate Collection Set: 0.2ms
[2024-08-15T13:41:55.597+0000][4411.542s][info][gc,phases   ] GC(913)   Merge Heap Roots: 0.7ms
[2024-08-15T13:41:55.597+0000][4411.542s][info][gc,phases   ] GC(913)   Evacuate Collection Set: 92.2ms
[2024-08-15T13:41:55.597+0000][4411.542s][info][gc,phases   ] GC(913)   Post Evacuate Collection Set: 10.4ms
[2024-08-15T13:41:55.597+0000][4411.542s][info][gc,phases   ] GC(913)   Other: 0.2ms
[2024-08-15T13:41:55.597+0000][4411.542s][info][gc,heap     ] GC(913) Eden regions: 791->0(53)
[2024-08-15T13:41:55.597+0000][4411.542s][info][gc,heap     ] GC(913) Survivor regions: 20->23(102)
[2024-08-15T13:41:55.597+0000][4411.542s][info][gc,heap     ] GC(913) Old regions: 390->390
[2024-08-15T13:41:55.597+0000][4411.542s][info][gc,heap     ] GC(913) Archive regions: 2->2
[2024-08-15T13:41:55.597+0000][4411.542s][info][gc,heap     ] GC(913) Humongous regions: 5->5
[2024-08-15T13:41:55.597+0000][4411.542s][info][gc,metaspace] GC(913) Metaspace: 440657K(447040K)->440657K(447040K) NonClass: 385668K(389312K)->385668K(389312K) Class: 54988K(57728K)->54988K(57728K)
[2024-08-15T13:41:55.597+0000][4411.542s][info][gc          ] GC(913) Pause Young (Prepare Mixed) (G1 Evacuation Pause) 9642M->3342M(12288M) 103.683ms
[2024-08-15T13:41:55.597+0000][4411.542s][info][gc,cpu      ] GC(913) User=0.61s Sys=0.00s Real=0.11s
[2024-08-15T13:41:56.177+0000][4412.122s][info][gc,start    ] GC(914) Pause Young (Mixed) (G1 Evacuation Pause)
[2024-08-15T13:41:56.177+0000][4412.122s][info][gc,task     ] GC(914) Using 6 workers of 6 for evacuation
[2024-08-15T13:41:56.274+0000][4412.219s][info][gc,phases   ] GC(914)   Pre Evacuate Collection Set: 0.2ms
[2024-08-15T13:41:56.274+0000][4412.219s][info][gc,phases   ] GC(914)   Merge Heap Roots: 0.4ms
[2024-08-15T13:41:56.274+0000][4412.219s][info][gc,phases   ] GC(914)   Evacuate Collection Set: 95.1ms
[2024-08-15T13:41:56.274+0000][4412.219s][info][gc,phases   ] GC(914)   Post Evacuate Collection Set: 1.2ms
[2024-08-15T13:41:56.274+0000][4412.219s][info][gc,phases   ] GC(914)   Other: 0.2ms
[2024-08-15T13:41:56.274+0000][4412.219s][info][gc,heap     ] GC(914) Eden regions: 53->0(811)
[2024-08-15T13:41:56.274+0000][4412.219s][info][gc,heap     ] GC(914) Survivor regions: 23->6(10)
[2024-08-15T13:41:56.274+0000][4412.219s][info][gc,heap     ] GC(914) Old regions: 390->388
[2024-08-15T13:41:56.274+0000][4412.219s][info][gc,heap     ] GC(914) Archive regions: 2->2
[2024-08-15T13:41:56.274+0000][4412.219s][info][gc,heap     ] GC(914) Humongous regions: 5->5
[2024-08-15T13:41:56.274+0000][4412.219s][info][gc,metaspace] GC(914) Metaspace: 440657K(447040K)->440657K(447040K) NonClass: 385668K(389312K)->385668K(389312K) Class: 54988K(57728K)->54988K(57728K)
[2024-08-15T13:41:56.274+0000][4412.219s][info][gc          ] GC(914) Pause Young (Mixed) (G1 Evacuation Pause) 3766M->3194M(12288M) 97.100ms
[2024-08-15T13:41:56.274+0000][4412.219s][info][gc,cpu      ] GC(914) User=0.57s Sys=0.00s Real=0.09s
[2024-08-15T13:42:05.263+0000][4421.207s][info][gc,start    ] GC(915) Pause Young (Normal) (G1 Evacuation Pause)
[2024-08-15T13:42:05.263+0000][4421.207s][info][gc,task     ] GC(915) Using 6 workers of 6 for evacuation
[2024-08-15T13:42:05.288+0000][4421.233s][info][gc,phases   ] GC(915)   Pre Evacuate Collection Set: 0.2ms
[2024-08-15T13:42:05.288+0000][4421.233s][info][gc,phases   ] GC(915)   Merge Heap Roots: 0.3ms
[2024-08-15T13:42:05.288+0000][4421.233s][info][gc,phases   ] GC(915)   Evacuate Collection Set: 22.9ms
[2024-08-15T13:42:05.288+0000][4421.233s][info][gc,phases   ] GC(915)   Post Evacuate Collection Set: 1.7ms
[2024-08-15T13:42:05.288+0000][4421.233s][info][gc,phases   ] GC(915)   Other: 0.2ms
[2024-08-15T13:42:05.288+0000][4421.233s][info][gc,heap     ] GC(915) Eden regions: 811->0(808)
[2024-08-15T13:42:05.288+0000][4421.233s][info][gc,heap     ] GC(915) Survivor regions: 6->10(103)
[2024-08-15T13:42:05.288+0000][4421.233s][info][gc,heap     ] GC(915) Old regions: 388->388
[2024-08-15T13:42:05.288+0000][4421.233s][info][gc,heap     ] GC(915) Archive regions: 2->2
[2024-08-15T13:42:05.288+0000][4421.233s][info][gc,heap     ] GC(915) Humongous regions: 5->5
[2024-08-15T13:42:05.288+0000][4421.233s][info][gc,metaspace] GC(915) Metaspace: 440657K(447040K)->440657K(447040K) NonClass: 385668K(389312K)->385668K(389312K) Class: 54988K(57728K)->54988K(57728K)
[2024-08-15T13:42:05.288+0000][4421.233s][info][gc          ] GC(915) Pause Young (Normal) (G1 Evacuation Pause) 9682M->3220M(12288M) 25.347ms
[2024-08-15T13:42:05.288+0000][4421.233s][info][gc,cpu      ] GC(915) User=0.14s Sys=0.00s Real=0.03s
[2024-08-15T13:42:14.180+0000][4430.124s][info][gc,start    ] GC(916) Pause Young (Normal) (G1 Evacuation Pause)
[2024-08-15T13:42:14.180+0000][4430.124s][info][gc,task     ] GC(916) Using 6 workers of 6 for evacuation
[2024-08-15T13:42:14.211+0000][4430.156s][info][gc,phases   ] GC(916)   Pre Evacuate Collection Set: 0.2ms
[2024-08-15T13:42:14.211+0000][4430.156s][info][gc,phases   ] GC(916)   Merge Heap Roots: 0.2ms
[2024-08-15T13:42:14.211+0000][4430.156s][info][gc,phases   ] GC(916)   Evacuate Collection Set: 28.8ms
[2024-08-15T13:42:14.211+0000][4430.156s][info][gc,phases   ] GC(916)   Post Evacuate Collection Set: 1.7ms
[2024-08-15T13:42:14.211+0000][4430.156s][info][gc,phases   ] GC(916)   Other: 0.2ms
[2024-08-15T13:42:14.211+0000][4430.156s][info][gc,heap     ] GC(916) Eden regions: 808->0(805)
[2024-08-15T13:42:14.211+0000][4430.156s][info][gc,heap     ] GC(916) Survivor regions: 10->13(103)
[2024-08-15T13:42:14.211+0000][4430.156s][info][gc,heap     ] GC(916) Old regions: 388->388
[2024-08-15T13:42:14.211+0000][4430.156s][info][gc,heap     ] GC(916) Archive regions: 2->2
[2024-08-15T13:42:14.211+0000][4430.156s][info][gc,heap     ] GC(916) Humongous regions: 5->5
[2024-08-15T13:42:14.211+0000][4430.156s][info][gc,metaspace] GC(916) Metaspace: 440657K(447040K)->440657K(447040K) NonClass: 385669K(389312K)->385669K(389312K) Class: 54988K(57728K)->54988K(57728K)
[2024-08-15T13:42:14.211+0000][4430.156s][info][gc          ] GC(916) Pause Young (Normal) (G1 Evacuation Pause) 9684M->3246M(12288M) 31.255ms
[2024-08-15T13:42:14.211+0000][4430.156s][info][gc,cpu      ] GC(916) User=0.18s Sys=0.01s Real=0.03s
[2024-08-15T13:42:22.766+0000][4438.711s][info][gc,start    ] GC(917) Pause Young (Concurrent Start) (G1 Evacuation Pause)
[2024-08-15T13:42:22.766+0000][4438.711s][info][gc,task     ] GC(917) Using 6 workers of 6 for evacuation
[2024-08-15T13:42:22.806+0000][4438.751s][info][gc,phases   ] GC(917)   Pre Evacuate Collection Set: 0.6ms
[2024-08-15T13:42:22.806+0000][4438.751s][info][gc,phases   ] GC(917)   Merge Heap Roots: 0.2ms
[2024-08-15T13:42:22.806+0000][4438.751s][info][gc,phases   ] GC(917)   Evacuate Collection Set: 37.3ms
[2024-08-15T13:42:22.806+0000][4438.751s][info][gc,phases   ] GC(917)   Post Evacuate Collection Set: 1.7ms
[2024-08-15T13:42:22.806+0000][4438.751s][info][gc,phases   ] GC(917)   Other: 0.3ms
[2024-08-15T13:42:22.806+0000][4438.751s][info][gc,heap     ] GC(917) Eden regions: 805->0(804)
[2024-08-15T13:42:22.806+0000][4438.751s][info][gc,heap     ] GC(917) Survivor regions: 13->14(103)
[2024-08-15T13:42:22.806+0000][4438.751s][info][gc,heap     ] GC(917) Old regions: 388->388
[2024-08-15T13:42:22.806+0000][4438.751s][info][gc,heap     ] GC(917) Archive regions: 2->2
[2024-08-15T13:42:22.806+0000][4438.751s][info][gc,heap     ] GC(917) Humongous regions: 5->5
[2024-08-15T13:42:22.806+0000][4438.751s][info][gc,metaspace] GC(917) Metaspace: 440657K(447040K)->440657K(447040K) NonClass: 385669K(389312K)->385669K(389312K) Class: 54988K(57728K)->54988K(57728K)
[2024-08-15T13:42:22.806+0000][4438.751s][info][gc          ] GC(917) Pause Young (Concurrent Start) (G1 Evacuation Pause) 9686M->3255M(12288M) 40.222ms
[2024-08-15T13:42:22.806+0000][4438.751s][info][gc,cpu      ] GC(917) User=0.23s Sys=0.00s Real=0.04s
[2024-08-15T13:42:22.806+0000][4438.751s][info][gc          ] GC(918) Concurrent Mark Cycle
[2024-08-15T13:42:22.806+0000][4438.751s][info][gc,marking  ] GC(918) Concurrent Clear Claimed Marks
[2024-08-15T13:42:22.807+0000][4438.751s][info][gc,marking  ] GC(918) Concurrent Clear Claimed Marks 0.450ms
[2024-08-15T13:42:22.807+0000][4438.751s][info][gc,marking  ] GC(918) Concurrent Scan Root Regions
[2024-08-15T13:42:22.837+0000][4438.782s][info][gc,marking  ] GC(918) Concurrent Scan Root Regions 30.157ms
[2024-08-15T13:42:22.837+0000][4438.782s][info][gc,marking  ] GC(918) Concurrent Mark
[2024-08-15T13:42:22.837+0000][4438.782s][info][gc,marking  ] GC(918) Concurrent Mark From Roots
[2024-08-15T13:42:22.837+0000][4438.782s][info][gc,task     ] GC(918) Using 2 workers of 2 for marking
[2024-08-15T13:42:25.255+0000][4441.199s][info][gc,marking  ] GC(918) Concurrent Mark From Roots 2417.467ms
[2024-08-15T13:42:25.255+0000][4441.199s][info][gc,marking  ] GC(918) Concurrent Preclean
[2024-08-15T13:42:25.256+0000][4441.200s][info][gc,marking  ] GC(918) Concurrent Preclean 1.252ms
[2024-08-15T13:42:25.256+0000][4441.201s][info][gc,start    ] GC(918) Pause Remark
[2024-08-15T13:42:25.278+0000][4441.223s][info][gc          ] GC(918) Pause Remark 4919M->4919M(12288M) 22.303ms
[2024-08-15T13:42:25.278+0000][4441.223s][info][gc,cpu      ] GC(918) User=0.09s Sys=0.00s Real=0.02s
[2024-08-15T13:42:25.279+0000][4441.223s][info][gc,marking  ] GC(918) Concurrent Mark 2441.511ms
[2024-08-15T13:42:25.279+0000][4441.223s][info][gc,marking  ] GC(918) Concurrent Rebuild Remembered Sets
[2024-08-15T13:42:26.683+0000][4442.628s][info][gc,marking  ] GC(918) Concurrent Rebuild Remembered Sets 1404.371ms
[2024-08-15T13:42:26.683+0000][4442.628s][info][gc,start    ] GC(918) Pause Cleanup
[2024-08-15T13:42:26.684+0000][4442.629s][info][gc          ] GC(918) Pause Cleanup 5923M->5923M(12288M) 0.682ms
[2024-08-15T13:42:26.684+0000][4442.629s][info][gc,cpu      ] GC(918) User=0.01s Sys=0.00s Real=0.00s
[2024-08-15T13:42:26.684+0000][4442.629s][info][gc,marking  ] GC(918) Concurrent Cleanup for Next Mark
[2024-08-15T13:42:26.702+0000][4442.646s][info][gc,marking  ] GC(918) Concurrent Cleanup for Next Mark 17.698ms
[2024-08-15T13:42:26.702+0000][4442.646s][info][gc          ] GC(918) Concurrent Mark Cycle 3895.446ms
[2024-08-15T13:42:31.794+0000][4447.738s][info][gc,start    ] GC(919) Pause Young (Prepare Mixed) (G1 Evacuation Pause)
[2024-08-15T13:42:31.794+0000][4447.738s][info][gc,task     ] GC(919) Using 6 workers of 6 for evacuation
[2024-08-15T13:42:31.839+0000][4447.783s][info][gc,phases   ] GC(919)   Pre Evacuate Collection Set: 0.2ms
[2024-08-15T13:42:31.839+0000][4447.783s][info][gc,phases   ] GC(919)   Merge Heap Roots: 0.3ms
[2024-08-15T13:42:31.839+0000][4447.783s][info][gc,phases   ] GC(919)   Evacuate Collection Set: 42.3ms
[2024-08-15T13:42:31.839+0000][4447.783s][info][gc,phases   ] GC(919)   Post Evacuate Collection Set: 1.8ms
[2024-08-15T13:42:31.839+0000][4447.783s][info][gc,phases   ] GC(919)   Other: 0.2ms
[2024-08-15T13:42:31.839+0000][4447.783s][info][gc,heap     ] GC(919) Eden regions: 804->0(58)
[2024-08-15T13:42:31.839+0000][4447.783s][info][gc,heap     ] GC(919) Survivor regions: 14->18(103)
[2024-08-15T13:42:31.839+0000][4447.783s][info][gc,heap     ] GC(919) Old regions: 388->388
[2024-08-15T13:42:31.839+0000][4447.783s][info][gc,heap     ] GC(919) Archive regions: 2->2
[2024-08-15T13:42:31.839+0000][4447.783s][info][gc,heap     ] GC(919) Humongous regions: 5->5
[2024-08-15T13:42:31.839+0000][4447.783s][info][gc,metaspace] GC(919) Metaspace: 440657K(447040K)->440657K(447040K) NonClass: 385669K(389312K)->385669K(389312K) Class: 54988K(57728K)->54988K(57728K)
[2024-08-15T13:42:31.839+0000][4447.783s][info][gc          ] GC(919) Pause Young (Prepare Mixed) (G1 Evacuation Pause) 9687M->3288M(12288M) 44.872ms
[2024-08-15T13:42:31.839+0000][4447.783s][info][gc,cpu      ] GC(919) User=0.27s Sys=0.00s Real=0.05s
[2024-08-15T13:42:32.476+0000][4448.421s][info][gc,start    ] GC(920) Pause Young (Mixed) (G1 Evacuation Pause)
[2024-08-15T13:42:32.476+0000][4448.421s][info][gc,task     ] GC(920) Using 6 workers of 6 for evacuation
[2024-08-15T13:42:32.557+0000][4448.501s][info][gc,phases   ] GC(920)   Pre Evacuate Collection Set: 0.2ms
[2024-08-15T13:42:32.557+0000][4448.501s][info][gc,phases   ] GC(920)   Merge Heap Roots: 0.3ms
[2024-08-15T13:42:32.557+0000][4448.501s][info][gc,phases   ] GC(920)   Evacuate Collection Set: 78.4ms
[2024-08-15T13:42:32.557+0000][4448.501s][info][gc,phases   ] GC(920)   Post Evacuate Collection Set: 1.3ms
[2024-08-15T13:42:32.557+0000][4448.501s][info][gc,phases   ] GC(920)   Other: 0.2ms
[2024-08-15T13:42:32.557+0000][4448.501s][info][gc,heap     ] GC(920) Eden regions: 58->0(812)
[2024-08-15T13:42:32.557+0000][4448.501s][info][gc,heap     ] GC(920) Survivor regions: 18->3(10)
[2024-08-15T13:42:32.557+0000][4448.501s][info][gc,heap     ] GC(920) Old regions: 388->391
[2024-08-15T13:42:32.557+0000][4448.501s][info][gc,heap     ] GC(920) Archive regions: 2->2
[2024-08-15T13:42:32.557+0000][4448.501s][info][gc,heap     ] GC(920) Humongous regions: 5->5
[2024-08-15T13:42:32.557+0000][4448.501s][info][gc,metaspace] GC(920) Metaspace: 440657K(447040K)->440657K(447040K) NonClass: 385669K(389312K)->385669K(389312K) Class: 54988K(57728K)->54988K(57728K)
[2024-08-15T13:42:32.557+0000][4448.501s][info][gc          ] GC(920) Pause Young (Mixed) (G1 Evacuation Pause) 3752M->3191M(12288M) 80.488ms
[2024-08-15T13:42:32.557+0000][4448.501s][info][gc,cpu      ] GC(920) User=0.48s Sys=0.00s Real=0.08s
[2024-08-15T13:42:40.922+0000][4456.866s][info][gc,start    ] GC(921) Pause Young (Normal) (G1 Evacuation Pause)
[2024-08-15T13:42:40.922+0000][4456.866s][info][gc,task     ] GC(921) Using 6 workers of 6 for evacuation
[2024-08-15T13:42:40.937+0000][4456.881s][info][gc,phases   ] GC(921)   Pre Evacuate Collection Set: 0.2ms
[2024-08-15T13:42:40.937+0000][4456.881s][info][gc,phases   ] GC(921)   Merge Heap Roots: 0.2ms
[2024-08-15T13:42:40.937+0000][4456.881s][info][gc,phases   ] GC(921)   Evacuate Collection Set: 12.5ms
[2024-08-15T13:42:40.937+0000][4456.881s][info][gc,phases   ] GC(921)   Post Evacuate Collection Set: 1.8ms
[2024-08-15T13:42:40.937+0000][4456.881s][info][gc,phases   ] GC(921)   Other: 0.2ms
[2024-08-15T13:42:40.937+0000][4456.881s][info][gc,heap     ] GC(921) Eden regions: 812->0(810)
[2024-08-15T13:42:40.937+0000][4456.881s][info][gc,heap     ] GC(921) Survivor regions: 3->5(102)
[2024-08-15T13:42:40.937+0000][4456.881s][info][gc,heap     ] GC(921) Old regions: 391->391
[2024-08-15T13:42:40.937+0000][4456.881s][info][gc,heap     ] GC(921) Archive regions: 2->2
[2024-08-15T13:42:40.937+0000][4456.881s][info][gc,heap     ] GC(921) Humongous regions: 5->5
[2024-08-15T13:42:40.937+0000][4456.881s][info][gc,metaspace] GC(921) Metaspace: 440662K(447040K)->440662K(447040K) NonClass: 385673K(389312K)->385673K(389312K) Class: 54988K(57728K)->54988K(57728K)
[2024-08-15T13:42:40.937+0000][4456.881s][info][gc          ] GC(921) Pause Young (Normal) (G1 Evacuation Pause) 9687M->3203M(12288M) 14.987ms
[2024-08-15T13:42:40.937+0000][4456.881s][info][gc,cpu      ] GC(921) User=0.09s Sys=0.00s Real=0.02s
[2024-08-15T13:42:50.034+0000][4465.978s][info][gc,start    ] GC(922) Pause Young (Normal) (G1 Evacuation Pause)
[2024-08-15T13:42:50.034+0000][4465.978s][info][gc,task     ] GC(922) Using 6 workers of 6 for evacuation
[2024-08-15T13:42:50.053+0000][4465.998s][info][gc,phases   ] GC(922)   Pre Evacuate Collection Set: 0.2ms
[2024-08-15T13:42:50.053+0000][4465.998s][info][gc,phases   ] GC(922)   Merge Heap Roots: 0.2ms
[2024-08-15T13:42:50.053+0000][4465.998s][info][gc,phases   ] GC(922)   Evacuate Collection Set: 17.3ms
[2024-08-15T13:42:50.053+0000][4465.998s][info][gc,phases   ] GC(922)   Post Evacuate Collection Set: 1.7ms
[2024-08-15T13:42:50.053+0000][4465.998s][info][gc,phases   ] GC(922)   Other: 0.2ms
[2024-08-15T13:42:50.053+0000][4465.998s][info][gc,heap     ] GC(922) Eden regions: 810->0(807)
[2024-08-15T13:42:50.053+0000][4465.998s][info][gc,heap     ] GC(922) Survivor regions: 5->8(102)
[2024-08-15T13:42:50.053+0000][4465.998s][info][gc,heap     ] GC(922) Old regions: 391->391
[2024-08-15T13:42:50.053+0000][4465.998s][info][gc,heap     ] GC(922) Archive regions: 2->2
[2024-08-15T13:42:50.053+0000][4465.998s][info][gc,heap     ] GC(922) Humongous regions: 5->5
[2024-08-15T13:42:50.053+0000][4465.998s][info][gc,metaspace] GC(922) Metaspace: 440662K(447040K)->440662K(447040K) NonClass: 385673K(389312K)->385673K(389312K) Class: 54988K(57728K)->54988K(57728K)
[2024-08-15T13:42:50.053+0000][4465.998s][info][gc          ] GC(922) Pause Young (Normal) (G1 Evacuation Pause) 9683M->3230M(12288M) 19.716ms
[2024-08-15T13:42:50.053+0000][4465.998s][info][gc,cpu      ] GC(922) User=0.12s Sys=0.00s Real=0.02s
[2024-08-15T13:42:58.741+0000][4474.686s][info][gc,start    ] GC(923) Pause Young (Concurrent Start) (G1 Evacuation Pause)
[2024-08-15T13:42:58.741+0000][4474.686s][info][gc,task     ] GC(923) Using 6 workers of 6 for evacuation
[2024-08-15T13:42:58.770+0000][4474.715s][info][gc,phases   ] GC(923)   Pre Evacuate Collection Set: 0.6ms
[2024-08-15T13:42:58.770+0000][4474.715s][info][gc,phases   ] GC(923)   Merge Heap Roots: 0.2ms
[2024-08-15T13:42:58.770+0000][4474.715s][info][gc,phases   ] GC(923)   Evacuate Collection Set: 26.0ms
[2024-08-15T13:42:58.770+0000][4474.715s][info][gc,phases   ] GC(923)   Post Evacuate Collection Set: 1.9ms
[2024-08-15T13:42:58.770+0000][4474.715s][info][gc,phases   ] GC(923)   Other: 0.3ms
[2024-08-15T13:42:58.770+0000][4474.715s][info][gc,heap     ] GC(923) Eden regions: 807->0(806)
[2024-08-15T13:42:58.770+0000][4474.715s][info][gc,heap     ] GC(923) Survivor regions: 8->10(102)
[2024-08-15T13:42:58.770+0000][4474.715s][info][gc,heap     ] GC(923) Old regions: 391->391
[2024-08-15T13:42:58.770+0000][4474.715s][info][gc,heap     ] GC(923) Archive regions: 2->2
[2024-08-15T13:42:58.770+0000][4474.715s][info][gc,heap     ] GC(923) Humongous regions: 5->5
[2024-08-15T13:42:58.770+0000][4474.715s][info][gc,metaspace] GC(923) Metaspace: 440664K(447040K)->440664K(447040K) NonClass: 385675K(389312K)->385675K(389312K) Class: 54988K(57728K)->54988K(57728K)
[2024-08-15T13:42:58.770+0000][4474.715s][info][gc          ] GC(923) Pause Young (Concurrent Start) (G1 Evacuation Pause) 9686M->3241M(12288M) 29.002ms
[2024-08-15T13:42:58.770+0000][4474.715s][info][gc,cpu      ] GC(923) User=0.16s Sys=0.00s Real=0.03s
[2024-08-15T13:42:58.770+0000][4474.715s][info][gc          ] GC(924) Concurrent Mark Cycle
[2024-08-15T13:42:58.770+0000][4474.715s][info][gc,marking  ] GC(924) Concurrent Clear Claimed Marks
[2024-08-15T13:42:58.771+0000][4474.715s][info][gc,marking  ] GC(924) Concurrent Clear Claimed Marks 0.405ms
[2024-08-15T13:42:58.771+0000][4474.715s][info][gc,marking  ] GC(924) Concurrent Scan Root Regions
[2024-08-15T13:42:58.793+0000][4474.738s][info][gc,marking  ] GC(924) Concurrent Scan Root Regions 22.483ms
[2024-08-15T13:42:58.793+0000][4474.738s][info][gc,marking  ] GC(924) Concurrent Mark
[2024-08-15T13:42:58.793+0000][4474.738s][info][gc,marking  ] GC(924) Concurrent Mark From Roots
[2024-08-15T13:42:58.793+0000][4474.738s][info][gc,task     ] GC(924) Using 2 workers of 2 for marking
[2024-08-15T13:43:01.441+0000][4477.386s][info][gc,marking  ] GC(924) Concurrent Mark From Roots 2648.205ms
[2024-08-15T13:43:01.442+0000][4477.386s][info][gc,marking  ] GC(924) Concurrent Preclean
[2024-08-15T13:43:01.443+0000][4477.387s][info][gc,marking  ] GC(924) Concurrent Preclean 1.242ms
[2024-08-15T13:43:01.443+0000][4477.388s][info][gc,start    ] GC(924) Pause Remark
[2024-08-15T13:43:01.467+0000][4477.412s][info][gc          ] GC(924) Pause Remark 5081M->5081M(12288M) 24.185ms
[2024-08-15T13:43:01.467+0000][4477.412s][info][gc,cpu      ] GC(924) User=0.10s Sys=0.00s Real=0.03s
[2024-08-15T13:43:01.467+0000][4477.412s][info][gc,marking  ] GC(924) Concurrent Mark 2674.112ms
[2024-08-15T13:43:01.467+0000][4477.412s][info][gc,marking  ] GC(924) Concurrent Rebuild Remembered Sets
[2024-08-15T13:43:02.849+0000][4478.793s][info][gc,marking  ] GC(924) Concurrent Rebuild Remembered Sets 1381.345ms
[2024-08-15T13:43:02.849+0000][4478.794s][info][gc,start    ] GC(924) Pause Cleanup
[2024-08-15T13:43:02.850+0000][4478.794s][info][gc          ] GC(924) Pause Cleanup 6049M->6049M(12288M) 0.617ms
[2024-08-15T13:43:02.850+0000][4478.794s][info][gc,cpu      ] GC(924) User=0.00s Sys=0.00s Real=0.00s
[2024-08-15T13:43:02.850+0000][4478.794s][info][gc,marking  ] GC(924) Concurrent Cleanup for Next Mark
[2024-08-15T13:43:02.867+0000][4478.812s][info][gc,marking  ] GC(924) Concurrent Cleanup for Next Mark 17.183ms
[2024-08-15T13:43:02.867+0000][4478.812s][info][gc          ] GC(924) Concurrent Mark Cycle 4096.633ms
[2024-08-15T13:43:07.901+0000][4483.846s][info][gc,start    ] GC(925) Pause Young (Prepare Mixed) (G1 Evacuation Pause)
[2024-08-15T13:43:07.901+0000][4483.846s][info][gc,task     ] GC(925) Using 6 workers of 6 for evacuation
[2024-08-15T13:43:07.933+0000][4483.878s][info][gc,phases   ] GC(925)   Pre Evacuate Collection Set: 0.2ms
[2024-08-15T13:43:07.933+0000][4483.878s][info][gc,phases   ] GC(925)   Merge Heap Roots: 0.3ms
[2024-08-15T13:43:07.933+0000][4483.878s][info][gc,phases   ] GC(925)   Evacuate Collection Set: 29.7ms
[2024-08-15T13:43:07.933+0000][4483.878s][info][gc,phases   ] GC(925)   Post Evacuate Collection Set: 1.7ms
[2024-08-15T13:43:07.933+0000][4483.878s][info][gc,phases   ] GC(925)   Other: 0.2ms
[2024-08-15T13:43:07.933+0000][4483.878s][info][gc,heap     ] GC(925) Eden regions: 806->0(63)
[2024-08-15T13:43:07.933+0000][4483.878s][info][gc,heap     ] GC(925) Survivor regions: 10->13(102)
[2024-08-15T13:43:07.933+0000][4483.878s][info][gc,heap     ] GC(925) Old regions: 391->391
[2024-08-15T13:43:07.933+0000][4483.878s][info][gc,heap     ] GC(925) Archive regions: 2->2
[2024-08-15T13:43:07.933+0000][4483.878s][info][gc,heap     ] GC(925) Humongous regions: 5->5
[2024-08-15T13:43:07.933+0000][4483.878s][info][gc,metaspace] GC(925) Metaspace: 440666K(447040K)->440666K(447040K) NonClass: 385678K(389312K)->385678K(389312K) Class: 54988K(57728K)->54988K(57728K)
[2024-08-15T13:43:07.933+0000][4483.878s][info][gc          ] GC(925) Pause Young (Prepare Mixed) (G1 Evacuation Pause) 9689M->3268M(12288M) 32.247ms
[2024-08-15T13:43:07.933+0000][4483.878s][info][gc,cpu      ] GC(925) User=0.19s Sys=0.00s Real=0.03s
[2024-08-15T13:43:08.589+0000][4484.534s][info][gc,start    ] GC(926) Pause Young (Mixed) (G1 Evacuation Pause)
[2024-08-15T13:43:08.589+0000][4484.534s][info][gc,task     ] GC(926) Using 6 workers of 6 for evacuation
[2024-08-15T13:43:08.660+0000][4484.605s][info][gc,phases   ] GC(926)   Pre Evacuate Collection Set: 0.2ms
[2024-08-15T13:43:08.660+0000][4484.605s][info][gc,phases   ] GC(926)   Merge Heap Roots: 0.4ms
[2024-08-15T13:43:08.660+0000][4484.605s][info][gc,phases   ] GC(926)   Evacuate Collection Set: 68.8ms
[2024-08-15T13:43:08.660+0000][4484.605s][info][gc,phases   ] GC(926)   Post Evacuate Collection Set: 1.3ms
[2024-08-15T13:43:08.660+0000][4484.605s][info][gc,phases   ] GC(926)   Other: 0.2ms
[2024-08-15T13:43:08.660+0000][4484.605s][info][gc,heap     ] GC(926) Eden regions: 63->0(814)
[2024-08-15T13:43:08.660+0000][4484.605s][info][gc,heap     ] GC(926) Survivor regions: 13->6(10)
[2024-08-15T13:43:08.660+0000][4484.605s][info][gc,heap     ] GC(926) Old regions: 391->387
[2024-08-15T13:43:08.660+0000][4484.605s][info][gc,heap     ] GC(926) Archive regions: 2->2
[2024-08-15T13:43:08.660+0000][4484.605s][info][gc,heap     ] GC(926) Humongous regions: 5->5
[2024-08-15T13:43:08.660+0000][4484.605s][info][gc,metaspace] GC(926) Metaspace: 440666K(447040K)->440666K(447040K) NonClass: 385678K(389312K)->385678K(389312K) Class: 54988K(57728K)->54988K(57728K)
[2024-08-15T13:43:08.660+0000][4484.605s][info][gc          ] GC(926) Pause Young (Mixed) (G1 Evacuation Pause) 3772M->3180M(12288M) 70.895ms
[2024-08-15T13:43:08.660+0000][4484.605s][info][gc,cpu      ] GC(926) User=0.42s Sys=0.00s Real=0.07s
[2024-08-15T13:43:17.509+0000][4493.454s][info][gc,start    ] GC(927) Pause Young (Normal) (G1 Evacuation Pause)
[2024-08-15T13:43:17.509+0000][4493.454s][info][gc,task     ] GC(927) Using 6 workers of 6 for evacuation
[2024-08-15T13:43:17.534+0000][4493.479s][info][gc,phases   ] GC(927)   Pre Evacuate Collection Set: 0.2ms
[2024-08-15T13:43:17.534+0000][4493.479s][info][gc,phases   ] GC(927)   Merge Heap Roots: 0.3ms
[2024-08-15T13:43:17.534+0000][4493.479s][info][gc,phases   ] GC(927)   Evacuate Collection Set: 22.5ms
[2024-08-15T13:43:17.534+0000][4493.479s][info][gc,phases   ] GC(927)   Post Evacuate Collection Set: 1.7ms
[2024-08-15T13:43:17.534+0000][4493.479s][info][gc,phases   ] GC(927)   Other: 0.2ms
[2024-08-15T13:43:17.534+0000][4493.479s][info][gc,heap     ] GC(927) Eden regions: 814->0(811)
[2024-08-15T13:43:17.534+0000][4493.479s][info][gc,heap     ] GC(927) Survivor regions: 6->9(103)
[2024-08-15T13:43:17.534+0000][4493.479s][info][gc,heap     ] GC(927) Old regions: 387->387
[2024-08-15T13:43:17.534+0000][4493.479s][info][gc,heap     ] GC(927) Archive regions: 2->2
[2024-08-15T13:43:17.534+0000][4493.479s][info][gc,heap     ] GC(927) Humongous regions: 5->5
[2024-08-15T13:43:17.534+0000][4493.479s][info][gc,metaspace] GC(927) Metaspace: 440669K(447040K)->440669K(447040K) NonClass: 385680K(389312K)->385680K(389312K) Class: 54988K(57728K)->54988K(57728K)
[2024-08-15T13:43:17.534+0000][4493.479s][info][gc          ] GC(927) Pause Young (Normal) (G1 Evacuation Pause) 9692M->3203M(12288M) 24.883ms
[2024-08-15T13:43:17.534+0000][4493.479s][info][gc,cpu      ] GC(927) User=0.14s Sys=0.00s Real=0.02s
[2024-08-15T13:43:26.004+0000][4501.949s][info][gc,start    ] GC(928) Pause Young (Normal) (G1 Evacuation Pause)
[2024-08-15T13:43:26.005+0000][4501.949s][info][gc,task     ] GC(928) Using 6 workers of 6 for evacuation
[2024-08-15T13:43:26.032+0000][4501.977s][info][gc,phases   ] GC(928)   Pre Evacuate Collection Set: 0.2ms
[2024-08-15T13:43:26.032+0000][4501.977s][info][gc,phases   ] GC(928)   Merge Heap Roots: 0.2ms
[2024-08-15T13:43:26.032+0000][4501.977s][info][gc,phases   ] GC(928)   Evacuate Collection Set: 25.1ms
[2024-08-15T13:43:26.032+0000][4501.977s][info][gc,phases   ] GC(928)   Post Evacuate Collection Set: 1.9ms
[2024-08-15T13:43:26.032+0000][4501.977s][info][gc,phases   ] GC(928)   Other: 0.2ms
[2024-08-15T13:43:26.032+0000][4501.977s][info][gc,heap     ] GC(928) Eden regions: 811->0(812)
[2024-08-15T13:43:26.032+0000][4501.977s][info][gc,heap     ] GC(928) Survivor regions: 9->9(103)
[2024-08-15T13:43:26.032+0000][4501.977s][info][gc,heap     ] GC(928) Old regions: 387->387
[2024-08-15T13:43:26.032+0000][4501.977s][info][gc,heap     ] GC(928) Archive regions: 2->2
[2024-08-15T13:43:26.032+0000][4501.977s][info][gc,heap     ] GC(928) Humongous regions: 5->5
[2024-08-15T13:43:26.032+0000][4501.977s][info][gc,metaspace] GC(928) Metaspace: 440669K(447040K)->440669K(447040K) NonClass: 385680K(389312K)->385680K(389312K) Class: 54988K(57728K)->54988K(57728K)
[2024-08-15T13:43:26.032+0000][4501.977s][info][gc          ] GC(928) Pause Young (Normal) (G1 Evacuation Pause) 9691M->3207M(12288M) 27.696ms
[2024-08-15T13:43:26.032+0000][4501.977s][info][gc,cpu      ] GC(928) User=0.16s Sys=0.00s Real=0.02s
[2024-08-15T13:43:34.923+0000][4510.867s][info][gc,start    ] GC(929) Pause Young (Concurrent Start) (G1 Evacuation Pause)
[2024-08-15T13:43:34.923+0000][4510.867s][info][gc,task     ] GC(929) Using 6 workers of 6 for evacuation
[2024-08-15T13:43:34.954+0000][4510.899s][info][gc,phases   ] GC(929)   Pre Evacuate Collection Set: 0.6ms
[2024-08-15T13:43:34.954+0000][4510.899s][info][gc,phases   ] GC(929)   Merge Heap Roots: 0.2ms
[2024-08-15T13:43:34.954+0000][4510.899s][info][gc,phases   ] GC(929)   Evacuate Collection Set: 28.8ms
[2024-08-15T13:43:34.954+0000][4510.899s][info][gc,phases   ] GC(929)   Post Evacuate Collection Set: 1.8ms
[2024-08-15T13:43:34.954+0000][4510.899s][info][gc,phases   ] GC(929)   Other: 0.3ms
[2024-08-15T13:43:34.954+0000][4510.899s][info][gc,heap     ] GC(929) Eden regions: 812->0(809)
[2024-08-15T13:43:34.954+0000][4510.899s][info][gc,heap     ] GC(929) Survivor regions: 9->12(103)
[2024-08-15T13:43:34.954+0000][4510.899s][info][gc,heap     ] GC(929) Old regions: 387->387
[2024-08-15T13:43:34.954+0000][4510.899s][info][gc,heap     ] GC(929) Archive regions: 2->2
[2024-08-15T13:43:34.954+0000][4510.899s][info][gc,heap     ] GC(929) Humongous regions: 5->5
[2024-08-15T13:43:34.954+0000][4510.899s][info][gc,metaspace] GC(929) Metaspace: 440728K(447104K)->440728K(447104K) NonClass: 385740K(389376K)->385740K(389376K) Class: 54988K(57728K)->54988K(57728K)
[2024-08-15T13:43:34.954+0000][4510.899s][info][gc          ] GC(929) Pause Young (Concurrent Start) (G1 Evacuation Pause) 9703M->3232M(12288M) 31.857ms
[2024-08-15T13:43:34.954+0000][4510.899s][info][gc,cpu      ] GC(929) User=0.19s Sys=0.00s Real=0.03s
[2024-08-15T13:43:34.954+0000][4510.899s][info][gc          ] GC(930) Concurrent Mark Cycle
[2024-08-15T13:43:34.955+0000][4510.899s][info][gc,marking  ] GC(930) Concurrent Clear Claimed Marks
[2024-08-15T13:43:34.955+0000][4510.900s][info][gc,marking  ] GC(930) Concurrent Clear Claimed Marks 0.428ms
[2024-08-15T13:43:34.955+0000][4510.900s][info][gc,marking  ] GC(930) Concurrent Scan Root Regions
[2024-08-15T13:43:34.981+0000][4510.925s][info][gc,marking  ] GC(930) Concurrent Scan Root Regions 25.631ms
[2024-08-15T13:43:34.981+0000][4510.925s][info][gc,marking  ] GC(930) Concurrent Mark
[2024-08-15T13:43:34.981+0000][4510.925s][info][gc,marking  ] GC(930) Concurrent Mark From Roots
[2024-08-15T13:43:34.981+0000][4510.925s][info][gc,task     ] GC(930) Using 2 workers of 2 for marking
[2024-08-15T13:43:37.482+0000][4513.427s][info][gc,marking  ] GC(930) Concurrent Mark From Roots 2501.416ms
[2024-08-15T13:43:37.482+0000][4513.427s][info][gc,marking  ] GC(930) Concurrent Preclean
[2024-08-15T13:43:37.484+0000][4513.428s][info][gc,marking  ] GC(930) Concurrent Preclean 1.433ms
[2024-08-15T13:43:37.484+0000][4513.428s][info][gc,start    ] GC(930) Pause Remark
[2024-08-15T13:43:37.506+0000][4513.451s][info][gc          ] GC(930) Pause Remark 4940M->4940M(12288M) 22.557ms
[2024-08-15T13:43:37.506+0000][4513.451s][info][gc,cpu      ] GC(930) User=0.09s Sys=0.00s Real=0.02s
[2024-08-15T13:43:37.506+0000][4513.451s][info][gc,marking  ] GC(930) Concurrent Mark 2525.789ms
[2024-08-15T13:43:37.506+0000][4513.451s][info][gc,marking  ] GC(930) Concurrent Rebuild Remembered Sets
[2024-08-15T13:43:38.911+0000][4514.855s][info][gc,marking  ] GC(930) Concurrent Rebuild Remembered Sets 1404.190ms
[2024-08-15T13:43:38.911+0000][4514.855s][info][gc,start    ] GC(930) Pause Cleanup
[2024-08-15T13:43:38.912+0000][4514.856s][info][gc          ] GC(930) Pause Cleanup 5920M->5920M(12288M) 0.654ms
[2024-08-15T13:43:38.912+0000][4514.856s][info][gc,cpu      ] GC(930) User=0.00s Sys=0.00s Real=0.00s
[2024-08-15T13:43:38.912+0000][4514.856s][info][gc,marking  ] GC(930) Concurrent Cleanup for Next Mark
[2024-08-15T13:43:38.929+0000][4514.873s][info][gc,marking  ] GC(930) Concurrent Cleanup for Next Mark 17.077ms
[2024-08-15T13:43:38.929+0000][4514.873s][info][gc          ] GC(930) Concurrent Mark Cycle 3974.298ms
[2024-08-15T13:43:44.121+0000][4520.066s][info][gc,start    ] GC(931) Pause Young (Prepare Mixed) (G1 Evacuation Pause)
[2024-08-15T13:43:44.121+0000][4520.066s][info][gc,task     ] GC(931) Using 6 workers of 6 for evacuation
[2024-08-15T13:43:44.169+0000][4520.114s][info][gc,phases   ] GC(931)   Pre Evacuate Collection Set: 0.2ms
[2024-08-15T13:43:44.169+0000][4520.114s][info][gc,phases   ] GC(931)   Merge Heap Roots: 0.3ms
[2024-08-15T13:43:44.169+0000][4520.114s][info][gc,phases   ] GC(931)   Evacuate Collection Set: 45.0ms
[2024-08-15T13:43:44.169+0000][4520.114s][info][gc,phases   ] GC(931)   Post Evacuate Collection Set: 1.9ms
[2024-08-15T13:43:44.169+0000][4520.114s][info][gc,phases   ] GC(931)   Other: 0.2ms
[2024-08-15T13:43:44.169+0000][4520.114s][info][gc,heap     ] GC(931) Eden regions: 809->0(61)
[2024-08-15T13:43:44.169+0000][4520.114s][info][gc,heap     ] GC(931) Survivor regions: 12->15(103)
[2024-08-15T13:43:44.169+0000][4520.114s][info][gc,heap     ] GC(931) Old regions: 387->387
[2024-08-15T13:43:44.169+0000][4520.114s][info][gc,heap     ] GC(931) Archive regions: 2->2
[2024-08-15T13:43:44.169+0000][4520.114s][info][gc,heap     ] GC(931) Humongous regions: 5->5
[2024-08-15T13:43:44.169+0000][4520.114s][info][gc,metaspace] GC(931) Metaspace: 440730K(447104K)->440730K(447104K) NonClass: 385742K(389376K)->385742K(389376K) Class: 54988K(57728K)->54988K(57728K)
[2024-08-15T13:43:44.169+0000][4520.114s][info][gc          ] GC(931) Pause Young (Prepare Mixed) (G1 Evacuation Pause) 9704M->3252M(12288M) 47.596ms
[2024-08-15T13:43:44.169+0000][4520.114s][info][gc,cpu      ] GC(931) User=0.28s Sys=0.01s Real=0.05s
[2024-08-15T13:43:44.803+0000][4520.748s][info][gc,start    ] GC(932) Pause Young (Mixed) (G1 Evacuation Pause)
[2024-08-15T13:43:44.804+0000][4520.748s][info][gc,task     ] GC(932) Using 6 workers of 6 for evacuation
[2024-08-15T13:43:44.888+0000][4520.832s][info][gc,phases   ] GC(932)   Pre Evacuate Collection Set: 0.2ms
[2024-08-15T13:43:44.888+0000][4520.832s][info][gc,phases   ] GC(932)   Merge Heap Roots: 0.4ms
[2024-08-15T13:43:44.888+0000][4520.832s][info][gc,phases   ] GC(932)   Evacuate Collection Set: 82.1ms
[2024-08-15T13:43:44.888+0000][4520.832s][info][gc,phases   ] GC(932)   Post Evacuate Collection Set: 1.3ms
[2024-08-15T13:43:44.888+0000][4520.832s][info][gc,phases   ] GC(932)   Other: 0.2ms
[2024-08-15T13:43:44.888+0000][4520.832s][info][gc,heap     ] GC(932) Eden regions: 61->0(815)
[2024-08-15T13:43:44.888+0000][4520.832s][info][gc,heap     ] GC(932) Survivor regions: 15->5(10)
[2024-08-15T13:43:44.888+0000][4520.832s][info][gc,heap     ] GC(932) Old regions: 387->388
[2024-08-15T13:43:44.888+0000][4520.832s][info][gc,heap     ] GC(932) Archive regions: 2->2
[2024-08-15T13:43:44.888+0000][4520.832s][info][gc,heap     ] GC(932) Humongous regions: 5->5
[2024-08-15T13:43:44.888+0000][4520.832s][info][gc,metaspace] GC(932) Metaspace: 440730K(447104K)->440730K(447104K) NonClass: 385742K(389376K)->385742K(389376K) Class: 54988K(57728K)->54988K(57728K)
[2024-08-15T13:43:44.888+0000][4520.832s][info][gc          ] GC(932) Pause Young (Mixed) (G1 Evacuation Pause) 3740M->3187M(12288M) 84.324ms
[2024-08-15T13:43:44.888+0000][4520.832s][info][gc,cpu      ] GC(932) User=0.50s Sys=0.00s Real=0.08s
[2024-08-15T13:43:53.796+0000][4529.740s][info][gc,start    ] GC(933) Pause Young (Normal) (G1 Evacuation Pause)
[2024-08-15T13:43:53.796+0000][4529.740s][info][gc,task     ] GC(933) Using 6 workers of 6 for evacuation
[2024-08-15T13:43:53.816+0000][4529.761s][info][gc,phases   ] GC(933)   Pre Evacuate Collection Set: 0.2ms
[2024-08-15T13:43:53.816+0000][4529.761s][info][gc,phases   ] GC(933)   Merge Heap Roots: 0.2ms
[2024-08-15T13:43:53.816+0000][4529.761s][info][gc,phases   ] GC(933)   Evacuate Collection Set: 18.5ms
[2024-08-15T13:43:53.816+0000][4529.761s][info][gc,phases   ] GC(933)   Post Evacuate Collection Set: 1.8ms
[2024-08-15T13:43:53.816+0000][4529.761s][info][gc,phases   ] GC(933)   Other: 0.2ms
[2024-08-15T13:43:53.816+0000][4529.761s][info][gc,heap     ] GC(933) Eden regions: 815->0(810)
[2024-08-15T13:43:53.816+0000][4529.761s][info][gc,heap     ] GC(933) Survivor regions: 5->9(103)
[2024-08-15T13:43:53.816+0000][4529.761s][info][gc,heap     ] GC(933) Old regions: 388->388
[2024-08-15T13:43:53.816+0000][4529.761s][info][gc,heap     ] GC(933) Archive regions: 2->2
[2024-08-15T13:43:53.816+0000][4529.761s][info][gc,heap     ] GC(933) Humongous regions: 5->5
[2024-08-15T13:43:53.817+0000][4529.761s][info][gc,metaspace] GC(933) Metaspace: 440730K(447104K)->440730K(447104K) NonClass: 385742K(389376K)->385742K(389376K) Class: 54988K(57728K)->54988K(57728K)
[2024-08-15T13:43:53.817+0000][4529.761s][info][gc          ] GC(933) Pause Young (Normal) (G1 Evacuation Pause) 9707M->3214M(12288M) 20.868ms
[2024-08-15T13:43:53.817+0000][4529.761s][info][gc,cpu      ] GC(933) User=0.12s Sys=0.00s Real=0.02s
[2024-08-15T13:44:02.481+0000][4538.426s][info][gc,start    ] GC(934) Pause Young (Normal) (G1 Evacuation Pause)
[2024-08-15T13:44:02.482+0000][4538.426s][info][gc,task     ] GC(934) Using 6 workers of 6 for evacuation
[2024-08-15T13:44:02.510+0000][4538.455s][info][gc,phases   ] GC(934)   Pre Evacuate Collection Set: 0.2ms
[2024-08-15T13:44:02.510+0000][4538.455s][info][gc,phases   ] GC(934)   Merge Heap Roots: 0.3ms
[2024-08-15T13:44:02.510+0000][4538.455s][info][gc,phases   ] GC(934)   Evacuate Collection Set: 26.0ms
[2024-08-15T13:44:02.510+0000][4538.455s][info][gc,phases   ] GC(934)   Post Evacuate Collection Set: 1.9ms
[2024-08-15T13:44:02.510+0000][4538.455s][info][gc,phases   ] GC(934)   Other: 0.2ms
[2024-08-15T13:44:02.510+0000][4538.455s][info][gc,heap     ] GC(934) Eden regions: 810->0(809)
[2024-08-15T13:44:02.510+0000][4538.455s][info][gc,heap     ] GC(934) Survivor regions: 9->10(103)
[2024-08-15T13:44:02.510+0000][4538.455s][info][gc,heap     ] GC(934) Old regions: 388->388
[2024-08-15T13:44:02.510+0000][4538.455s][info][gc,heap     ] GC(934) Archive regions: 2->2
[2024-08-15T13:44:02.510+0000][4538.455s][info][gc,heap     ] GC(934) Humongous regions: 5->5
[2024-08-15T13:44:02.510+0000][4538.455s][info][gc,metaspace] GC(934) Metaspace: 440730K(447104K)->440730K(447104K) NonClass: 385742K(389376K)->385742K(389376K) Class: 54988K(57728K)->54988K(57728K)
[2024-08-15T13:44:02.510+0000][4538.455s][info][gc          ] GC(934) Pause Young (Normal) (G1 Evacuation Pause) 9694M->3225M(12288M) 28.544ms
[2024-08-15T13:44:02.510+0000][4538.455s][info][gc,cpu      ] GC(934) User=0.17s Sys=0.00s Real=0.03s
[2024-08-15T13:44:11.132+0000][4547.077s][info][gc,start    ] GC(935) Pause Young (Concurrent Start) (G1 Evacuation Pause)
[2024-08-15T13:44:11.132+0000][4547.077s][info][gc,task     ] GC(935) Using 6 workers of 6 for evacuation
[2024-08-15T13:44:11.163+0000][4547.107s][info][gc,phases   ] GC(935)   Pre Evacuate Collection Set: 0.6ms
[2024-08-15T13:44:11.163+0000][4547.107s][info][gc,phases   ] GC(935)   Merge Heap Roots: 0.2ms
[2024-08-15T13:44:11.163+0000][4547.107s][info][gc,phases   ] GC(935)   Evacuate Collection Set: 28.0ms
[2024-08-15T13:44:11.163+0000][4547.107s][info][gc,phases   ] GC(935)   Post Evacuate Collection Set: 1.7ms
[2024-08-15T13:44:11.163+0000][4547.107s][info][gc,phases   ] GC(935)   Other: 0.3ms
[2024-08-15T13:44:11.163+0000][4547.107s][info][gc,heap     ] GC(935) Eden regions: 809->0(808)
[2024-08-15T13:44:11.163+0000][4547.107s][info][gc,heap     ] GC(935) Survivor regions: 10->12(103)
[2024-08-15T13:44:11.163+0000][4547.107s][info][gc,heap     ] GC(935) Old regions: 388->388
[2024-08-15T13:44:11.163+0000][4547.107s][info][gc,heap     ] GC(935) Archive regions: 2->2
[2024-08-15T13:44:11.163+0000][4547.107s][info][gc,heap     ] GC(935) Humongous regions: 5->5
[2024-08-15T13:44:11.163+0000][4547.107s][info][gc,metaspace] GC(935) Metaspace: 440731K(447104K)->440731K(447104K) NonClass: 385743K(389376K)->385743K(389376K) Class: 54988K(57728K)->54988K(57728K)
[2024-08-15T13:44:11.163+0000][4547.107s][info][gc          ] GC(935) Pause Young (Concurrent Start) (G1 Evacuation Pause) 9697M->3242M(12288M) 30.841ms
[2024-08-15T13:44:11.163+0000][4547.108s][info][gc,cpu      ] GC(935) User=0.18s Sys=0.00s Real=0.03s
[2024-08-15T13:44:11.163+0000][4547.108s][info][gc          ] GC(936) Concurrent Mark Cycle
[2024-08-15T13:44:11.163+0000][4547.108s][info][gc,marking  ] GC(936) Concurrent Clear Claimed Marks
[2024-08-15T13:44:11.163+0000][4547.108s][info][gc,marking  ] GC(936) Concurrent Clear Claimed Marks 0.473ms
[2024-08-15T13:44:11.163+0000][4547.108s][info][gc,marking  ] GC(936) Concurrent Scan Root Regions
[2024-08-15T13:44:11.198+0000][4547.143s][info][gc,marking  ] GC(936) Concurrent Scan Root Regions 34.904ms
[2024-08-15T13:44:11.198+0000][4547.143s][info][gc,marking  ] GC(936) Concurrent Mark
[2024-08-15T13:44:11.198+0000][4547.143s][info][gc,marking  ] GC(936) Concurrent Mark From Roots
[2024-08-15T13:44:11.198+0000][4547.143s][info][gc,task     ] GC(936) Using 2 workers of 2 for marking
[2024-08-15T13:44:13.682+0000][4549.626s][info][gc,marking  ] GC(936) Concurrent Mark From Roots 2483.274ms
[2024-08-15T13:44:13.682+0000][4549.626s][info][gc,marking  ] GC(936) Concurrent Preclean
[2024-08-15T13:44:13.683+0000][4549.628s][info][gc,marking  ] GC(936) Concurrent Preclean 1.383ms
[2024-08-15T13:44:13.683+0000][4549.628s][info][gc,start    ] GC(936) Pause Remark
[2024-08-15T13:44:13.707+0000][4549.652s][info][gc          ] GC(936) Pause Remark 4942M->4942M(12288M) 24.101ms
[2024-08-15T13:44:13.707+0000][4549.652s][info][gc,cpu      ] GC(936) User=0.11s Sys=0.00s Real=0.02s
[2024-08-15T13:44:13.708+0000][4549.652s][info][gc,marking  ] GC(936) Concurrent Mark 2509.134ms
[2024-08-15T13:44:13.708+0000][4549.652s][info][gc,marking  ] GC(936) Concurrent Rebuild Remembered Sets
[2024-08-15T13:44:15.156+0000][4551.101s][info][gc,marking  ] GC(936) Concurrent Rebuild Remembered Sets 1448.806ms
[2024-08-15T13:44:15.157+0000][4551.101s][info][gc,start    ] GC(936) Pause Cleanup
[2024-08-15T13:44:15.157+0000][4551.102s][info][gc          ] GC(936) Pause Cleanup 5974M->5974M(12288M) 0.622ms
[2024-08-15T13:44:15.157+0000][4551.102s][info][gc,cpu      ] GC(936) User=0.00s Sys=0.00s Real=0.00s
[2024-08-15T13:44:15.157+0000][4551.102s][info][gc,marking  ] GC(936) Concurrent Cleanup for Next Mark
[2024-08-15T13:44:15.175+0000][4551.119s][info][gc,marking  ] GC(936) Concurrent Cleanup for Next Mark 17.383ms
[2024-08-15T13:44:15.175+0000][4551.119s][info][gc          ] GC(936) Concurrent Mark Cycle 4011.734ms
[2024-08-15T13:44:20.179+0000][4556.124s][info][gc,start    ] GC(937) Pause Young (Prepare Mixed) (G1 Evacuation Pause)
[2024-08-15T13:44:20.179+0000][4556.124s][info][gc,task     ] GC(937) Using 6 workers of 6 for evacuation
[2024-08-15T13:44:20.219+0000][4556.163s][info][gc,phases   ] GC(937)   Pre Evacuate Collection Set: 0.2ms
[2024-08-15T13:44:20.219+0000][4556.163s][info][gc,phases   ] GC(937)   Merge Heap Roots: 0.3ms
[2024-08-15T13:44:20.219+0000][4556.164s][info][gc,phases   ] GC(937)   Evacuate Collection Set: 37.1ms
[2024-08-15T13:44:20.219+0000][4556.164s][info][gc,phases   ] GC(937)   Post Evacuate Collection Set: 1.7ms
[2024-08-15T13:44:20.219+0000][4556.164s][info][gc,phases   ] GC(937)   Other: 0.2ms
[2024-08-15T13:44:20.219+0000][4556.164s][info][gc,heap     ] GC(937) Eden regions: 808->0(61)
[2024-08-15T13:44:20.219+0000][4556.164s][info][gc,heap     ] GC(937) Survivor regions: 12->15(103)
[2024-08-15T13:44:20.219+0000][4556.164s][info][gc,heap     ] GC(937) Old regions: 388->388
[2024-08-15T13:44:20.219+0000][4556.164s][info][gc,heap     ] GC(937) Archive regions: 2->2
[2024-08-15T13:44:20.219+0000][4556.164s][info][gc,heap     ] GC(937) Humongous regions: 5->5
[2024-08-15T13:44:20.219+0000][4556.164s][info][gc,metaspace] GC(937) Metaspace: 440740K(447104K)->440740K(447104K) NonClass: 385752K(389376K)->385752K(389376K) Class: 54988K(57728K)->54988K(57728K)
[2024-08-15T13:44:20.219+0000][4556.164s][info][gc          ] GC(937) Pause Young (Prepare Mixed) (G1 Evacuation Pause) 9706M->3267M(12288M) 39.588ms
[2024-08-15T13:44:20.219+0000][4556.164s][info][gc,cpu      ] GC(937) User=0.24s Sys=0.00s Real=0.04s
[2024-08-15T13:44:20.888+0000][4556.832s][info][gc,start    ] GC(938) Pause Young (Mixed) (G1 Evacuation Pause)
[2024-08-15T13:44:20.888+0000][4556.832s][info][gc,task     ] GC(938) Using 6 workers of 6 for evacuation
[2024-08-15T13:44:20.969+0000][4556.914s][info][gc,phases   ] GC(938)   Pre Evacuate Collection Set: 0.2ms
[2024-08-15T13:44:20.969+0000][4556.914s][info][gc,phases   ] GC(938)   Merge Heap Roots: 0.5ms
[2024-08-15T13:44:20.969+0000][4556.914s][info][gc,phases   ] GC(938)   Evacuate Collection Set: 79.3ms
[2024-08-15T13:44:20.969+0000][4556.914s][info][gc,phases   ] GC(938)   Post Evacuate Collection Set: 1.3ms
[2024-08-15T13:44:20.969+0000][4556.914s][info][gc,phases   ] GC(938)   Other: 0.2ms
[2024-08-15T13:44:20.969+0000][4556.914s][info][gc,heap     ] GC(938) Eden regions: 61->0(813)
[2024-08-15T13:44:20.969+0000][4556.914s][info][gc,heap     ] GC(938) Survivor regions: 15->5(10)
[2024-08-15T13:44:20.969+0000][4556.914s][info][gc,heap     ] GC(938) Old regions: 388->389
[2024-08-15T13:44:20.969+0000][4556.914s][info][gc,heap     ] GC(938) Archive regions: 2->2
[2024-08-15T13:44:20.969+0000][4556.914s][info][gc,heap     ] GC(938) Humongous regions: 5->5
[2024-08-15T13:44:20.969+0000][4556.914s][info][gc,metaspace] GC(938) Metaspace: 440741K(447104K)->440741K(447104K) NonClass: 385753K(389376K)->385753K(389376K) Class: 54988K(57728K)->54988K(57728K)
[2024-08-15T13:44:20.969+0000][4556.914s][info][gc          ] GC(938) Pause Young (Mixed) (G1 Evacuation Pause) 3755M->3195M(12288M) 81.464ms
[2024-08-15T13:44:20.969+0000][4556.914s][info][gc,cpu      ] GC(938) User=0.48s Sys=0.00s Real=0.08s
[2024-08-15T13:44:29.595+0000][4565.539s][info][gc,start    ] GC(939) Pause Young (Normal) (G1 Evacuation Pause)
[2024-08-15T13:44:29.595+0000][4565.539s][info][gc,task     ] GC(939) Using 6 workers of 6 for evacuation
[2024-08-15T13:44:29.614+0000][4565.558s][info][gc,phases   ] GC(939)   Pre Evacuate Collection Set: 0.2ms
[2024-08-15T13:44:29.614+0000][4565.558s][info][gc,phases   ] GC(939)   Merge Heap Roots: 0.2ms
[2024-08-15T13:44:29.614+0000][4565.558s][info][gc,phases   ] GC(939)   Evacuate Collection Set: 17.0ms
[2024-08-15T13:44:29.614+0000][4565.558s][info][gc,phases   ] GC(939)   Post Evacuate Collection Set: 1.7ms
[2024-08-15T13:44:29.614+0000][4565.558s][info][gc,phases   ] GC(939)   Other: 0.2ms
[2024-08-15T13:44:29.614+0000][4565.558s][info][gc,heap     ] GC(939) Eden regions: 813->0(812)
[2024-08-15T13:44:29.614+0000][4565.558s][info][gc,heap     ] GC(939) Survivor regions: 5->7(103)
[2024-08-15T13:44:29.614+0000][4565.558s][info][gc,heap     ] GC(939) Old regions: 389->389
[2024-08-15T13:44:29.614+0000][4565.558s][info][gc,heap     ] GC(939) Archive regions: 2->2
[2024-08-15T13:44:29.614+0000][4565.558s][info][gc,heap     ] GC(939) Humongous regions: 5->5
[2024-08-15T13:44:29.614+0000][4565.558s][info][gc,metaspace] GC(939) Metaspace: 440747K(447104K)->440747K(447104K) NonClass: 385758K(389376K)->385758K(389376K) Class: 54989K(57728K)->54989K(57728K)
[2024-08-15T13:44:29.614+0000][4565.558s][info][gc          ] GC(939) Pause Young (Normal) (G1 Evacuation Pause) 9699M->3210M(12288M) 19.336ms
[2024-08-15T13:44:29.614+0000][4565.559s][info][gc,cpu      ] GC(939) User=0.12s Sys=0.00s Real=0.02s
[2024-08-15T13:44:37.468+0000][4573.413s][info][gc,start    ] GC(940) Pause Young (Normal) (G1 Evacuation Pause)
[2024-08-15T13:44:37.468+0000][4573.413s][info][gc,task     ] GC(940) Using 6 workers of 6 for evacuation
[2024-08-15T13:44:37.515+0000][4573.460s][info][gc,phases   ] GC(940)   Pre Evacuate Collection Set: 0.2ms
[2024-08-15T13:44:37.515+0000][4573.460s][info][gc,phases   ] GC(940)   Merge Heap Roots: 0.3ms
[2024-08-15T13:44:37.515+0000][4573.460s][info][gc,phases   ] GC(940)   Evacuate Collection Set: 40.6ms
[2024-08-15T13:44:37.515+0000][4573.460s][info][gc,phases   ] GC(940)   Post Evacuate Collection Set: 5.6ms
[2024-08-15T13:44:37.515+0000][4573.460s][info][gc,phases   ] GC(940)   Other: 0.2ms
[2024-08-15T13:44:37.515+0000][4573.460s][info][gc,heap     ] GC(940) Eden regions: 812->0(804)
[2024-08-15T13:44:37.515+0000][4573.460s][info][gc,heap     ] GC(940) Survivor regions: 7->13(103)
[2024-08-15T13:44:37.515+0000][4573.460s][info][gc,heap     ] GC(940) Old regions: 389->389
[2024-08-15T13:44:37.515+0000][4573.460s][info][gc,heap     ] GC(940) Archive regions: 2->2
[2024-08-15T13:44:37.515+0000][4573.460s][info][gc,heap     ] GC(940) Humongous regions: 5->5
[2024-08-15T13:44:37.515+0000][4573.460s][info][gc,metaspace] GC(940) Metaspace: 440748K(447104K)->440748K(447104K) NonClass: 385759K(389376K)->385759K(389376K) Class: 54989K(57728K)->54989K(57728K)
[2024-08-15T13:44:37.515+0000][4573.460s][info][gc          ] GC(940) Pause Young (Normal) (G1 Evacuation Pause) 9706M->3253M(12288M) 46.981ms
[2024-08-15T13:44:37.516+0000][4573.460s][info][gc,cpu      ] GC(940) User=0.27s Sys=0.00s Real=0.05s
[2024-08-15T13:44:39.991+0000][4575.935s][info][gc,start    ] GC(941) Pause Young (Concurrent Start) (G1 Evacuation Pause)
[2024-08-15T13:44:39.991+0000][4575.935s][info][gc,task     ] GC(941) Using 6 workers of 6 for evacuation
[2024-08-15T13:44:40.084+0000][4576.029s][info][gc,phases   ] GC(941)   Pre Evacuate Collection Set: 0.6ms
[2024-08-15T13:44:40.084+0000][4576.029s][info][gc,phases   ] GC(941)   Merge Heap Roots: 0.3ms
[2024-08-15T13:44:40.084+0000][4576.029s][info][gc,phases   ] GC(941)   Evacuate Collection Set: 72.3ms
[2024-08-15T13:44:40.084+0000][4576.029s][info][gc,phases   ] GC(941)   Post Evacuate Collection Set: 20.1ms
[2024-08-15T13:44:40.084+0000][4576.029s][info][gc,phases   ] GC(941)   Other: 0.3ms
[2024-08-15T13:44:40.084+0000][4576.029s][info][gc,heap     ] GC(941) Eden regions: 804->0(798)
[2024-08-15T13:44:40.084+0000][4576.029s][info][gc,heap     ] GC(941) Survivor regions: 13->17(103)
[2024-08-15T13:44:40.084+0000][4576.029s][info][gc,heap     ] GC(941) Old regions: 389->389
[2024-08-15T13:44:40.084+0000][4576.029s][info][gc,heap     ] GC(941) Archive regions: 2->2
[2024-08-15T13:44:40.084+0000][4576.029s][info][gc,heap     ] GC(941) Humongous regions: 5->5
[2024-08-15T13:44:40.084+0000][4576.029s][info][gc,metaspace] GC(941) Metaspace: 440751K(447104K)->440751K(447104K) NonClass: 385761K(389376K)->385761K(389376K) Class: 54989K(57728K)->54989K(57728K)
[2024-08-15T13:44:40.084+0000][4576.029s][info][gc          ] GC(941) Pause Young (Concurrent Start) (G1 Evacuation Pause) 9685M->3291M(12288M) 93.556ms
[2024-08-15T13:44:40.084+0000][4576.029s][info][gc,cpu      ] GC(941) User=0.54s Sys=0.00s Real=0.10s
[2024-08-15T13:44:40.084+0000][4576.029s][info][gc          ] GC(942) Concurrent Mark Cycle
[2024-08-15T13:44:40.084+0000][4576.029s][info][gc,marking  ] GC(942) Concurrent Clear Claimed Marks
[2024-08-15T13:44:40.085+0000][4576.029s][info][gc,marking  ] GC(942) Concurrent Clear Claimed Marks 0.438ms
[2024-08-15T13:44:40.085+0000][4576.029s][info][gc,marking  ] GC(942) Concurrent Scan Root Regions
[2024-08-15T13:44:40.158+0000][4576.103s][info][gc,marking  ] GC(942) Concurrent Scan Root Regions 73.395ms
[2024-08-15T13:44:40.158+0000][4576.103s][info][gc,marking  ] GC(942) Concurrent Mark
[2024-08-15T13:44:40.158+0000][4576.103s][info][gc,marking  ] GC(942) Concurrent Mark From Roots
[2024-08-15T13:44:40.158+0000][4576.103s][info][gc,task     ] GC(942) Using 2 workers of 2 for marking
[2024-08-15T13:44:42.712+0000][4578.657s][info][gc,marking  ] GC(942) Concurrent Mark From Roots 2553.971ms
[2024-08-15T13:44:42.712+0000][4578.657s][info][gc,marking  ] GC(942) Concurrent Preclean
[2024-08-15T13:44:42.713+0000][4578.658s][info][gc,marking  ] GC(942) Concurrent Preclean 1.174ms
[2024-08-15T13:44:42.714+0000][4578.658s][info][gc,start    ] GC(942) Pause Remark
[2024-08-15T13:44:42.736+0000][4578.681s][info][gc          ] GC(942) Pause Remark 8835M->8828M(12288M) 22.558ms
[2024-08-15T13:44:42.736+0000][4578.681s][info][gc,cpu      ] GC(942) User=0.09s Sys=0.00s Real=0.03s
[2024-08-15T13:44:42.736+0000][4578.681s][info][gc,marking  ] GC(942) Concurrent Mark 2578.276ms
[2024-08-15T13:44:42.736+0000][4578.681s][info][gc,marking  ] GC(942) Concurrent Rebuild Remembered Sets
[2024-08-15T13:44:43.159+0000][4579.103s][info][gc,start    ] GC(943) Pause Young (Normal) (G1 Evacuation Pause)
[2024-08-15T13:44:43.159+0000][4579.103s][info][gc,task     ] GC(943) Using 6 workers of 6 for evacuation
[2024-08-15T13:44:43.257+0000][4579.201s][info][gc,phases   ] GC(943)   Pre Evacuate Collection Set: 0.2ms
[2024-08-15T13:44:43.257+0000][4579.201s][info][gc,phases   ] GC(943)   Merge Heap Roots: 0.3ms
[2024-08-15T13:44:43.257+0000][4579.201s][info][gc,phases   ] GC(943)   Evacuate Collection Set: 79.9ms
[2024-08-15T13:44:43.257+0000][4579.201s][info][gc,phases   ] GC(943)   Post Evacuate Collection Set: 17.7ms
[2024-08-15T13:44:43.257+0000][4579.201s][info][gc,phases   ] GC(943)   Other: 0.2ms
[2024-08-15T13:44:43.257+0000][4579.201s][info][gc,heap     ] GC(943) Eden regions: 798->0(789)
[2024-08-15T13:44:43.257+0000][4579.201s][info][gc,heap     ] GC(943) Survivor regions: 17->22(102)
[2024-08-15T13:44:43.257+0000][4579.201s][info][gc,heap     ] GC(943) Old regions: 388->388
[2024-08-15T13:44:43.257+0000][4579.201s][info][gc,heap     ] GC(943) Archive regions: 2->2
[2024-08-15T13:44:43.257+0000][4579.201s][info][gc,heap     ] GC(943) Humongous regions: 5->5
[2024-08-15T13:44:43.257+0000][4579.201s][info][gc,metaspace] GC(943) Metaspace: 440751K(447104K)->440751K(447104K) NonClass: 385761K(389376K)->385761K(389376K) Class: 54989K(57728K)->54989K(57728K)
[2024-08-15T13:44:43.257+0000][4579.202s][info][gc          ] GC(943) Pause Young (Normal) (G1 Evacuation Pause) 9668M->3324M(12288M) 98.337ms
[2024-08-15T13:44:43.257+0000][4579.202s][info][gc,cpu      ] GC(943) User=0.57s Sys=0.00s Real=0.10s
[2024-08-15T13:44:44.366+0000][4580.311s][info][gc,marking  ] GC(942) Concurrent Rebuild Remembered Sets 1629.424ms
[2024-08-15T13:44:44.366+0000][4580.311s][info][gc,start    ] GC(942) Pause Cleanup
[2024-08-15T13:44:44.367+0000][4580.311s][info][gc          ] GC(942) Pause Cleanup 5888M->5888M(12288M) 0.617ms
[2024-08-15T13:44:44.367+0000][4580.311s][info][gc,cpu      ] GC(942) User=0.00s Sys=0.00s Real=0.00s
[2024-08-15T13:44:44.367+0000][4580.311s][info][gc,marking  ] GC(942) Concurrent Cleanup for Next Mark
[2024-08-15T13:44:44.384+0000][4580.328s][info][gc,marking  ] GC(942) Concurrent Cleanup for Next Mark 16.915ms
[2024-08-15T13:44:44.384+0000][4580.328s][info][gc          ] GC(942) Concurrent Mark Cycle 4299.508ms
[2024-08-15T13:44:45.871+0000][4581.815s][info][gc,start    ] GC(944) Pause Young (Prepare Mixed) (G1 Evacuation Pause)
[2024-08-15T13:44:45.871+0000][4581.815s][info][gc,task     ] GC(944) Using 6 workers of 6 for evacuation
[2024-08-15T13:44:46.001+0000][4581.945s][info][gc,phases   ] GC(944)   Pre Evacuate Collection Set: 0.2ms
[2024-08-15T13:44:46.001+0000][4581.945s][info][gc,phases   ] GC(944)   Merge Heap Roots: 0.8ms
[2024-08-15T13:44:46.001+0000][4581.945s][info][gc,phases   ] GC(944)   Evacuate Collection Set: 108.0ms
[2024-08-15T13:44:46.001+0000][4581.945s][info][gc,phases   ] GC(944)   Post Evacuate Collection Set: 21.0ms
[2024-08-15T13:44:46.001+0000][4581.945s][info][gc,phases   ] GC(944)   Other: 0.2ms
[2024-08-15T13:44:46.001+0000][4581.945s][info][gc,heap     ] GC(944) Eden regions: 789->0(49)
[2024-08-15T13:44:46.001+0000][4581.945s][info][gc,heap     ] GC(944) Survivor regions: 22->27(102)
[2024-08-15T13:44:46.001+0000][4581.945s][info][gc,heap     ] GC(944) Old regions: 388->388
[2024-08-15T13:44:46.001+0000][4581.945s][info][gc,heap     ] GC(944) Archive regions: 2->2
[2024-08-15T13:44:46.001+0000][4581.945s][info][gc,heap     ] GC(944) Humongous regions: 5->5
[2024-08-15T13:44:46.001+0000][4581.945s][info][gc,metaspace] GC(944) Metaspace: 440751K(447104K)->440751K(447104K) NonClass: 385761K(389376K)->385761K(389376K) Class: 54989K(57728K)->54989K(57728K)
[2024-08-15T13:44:46.001+0000][4581.945s][info][gc          ] GC(944) Pause Young (Prepare Mixed) (G1 Evacuation Pause) 9636M->3360M(12288M) 130.252ms
[2024-08-15T13:44:46.001+0000][4581.945s][info][gc,cpu      ] GC(944) User=0.76s Sys=0.00s Real=0.13s
[2024-08-15T13:44:46.162+0000][4582.107s][info][gc,start    ] GC(945) Pause Young (Mixed) (G1 Evacuation Pause)
[2024-08-15T13:44:46.162+0000][4582.107s][info][gc,task     ] GC(945) Using 6 workers of 6 for evacuation
[2024-08-15T13:44:46.297+0000][4582.242s][info][gc,phases   ] GC(945)   Pre Evacuate Collection Set: 0.2ms
[2024-08-15T13:44:46.297+0000][4582.242s][info][gc,phases   ] GC(945)   Merge Heap Roots: 0.5ms
[2024-08-15T13:44:46.297+0000][4582.242s][info][gc,phases   ] GC(945)   Evacuate Collection Set: 130.7ms
[2024-08-15T13:44:46.297+0000][4582.242s][info][gc,phases   ] GC(945)   Post Evacuate Collection Set: 3.4ms
[2024-08-15T13:44:46.297+0000][4582.242s][info][gc,phases   ] GC(945)   Other: 0.2ms
[2024-08-15T13:44:46.297+0000][4582.242s][info][gc,heap     ] GC(945) Eden regions: 49->0(795)
[2024-08-15T13:44:46.297+0000][4582.242s][info][gc,heap     ] GC(945) Survivor regions: 27->3(10)
[2024-08-15T13:44:46.297+0000][4582.242s][info][gc,heap     ] GC(945) Old regions: 388->405
[2024-08-15T13:44:46.297+0000][4582.242s][info][gc,heap     ] GC(945) Archive regions: 2->2
[2024-08-15T13:44:46.297+0000][4582.242s][info][gc,heap     ] GC(945) Humongous regions: 5->5
[2024-08-15T13:44:46.297+0000][4582.242s][info][gc,metaspace] GC(945) Metaspace: 440751K(447104K)->440751K(447104K) NonClass: 385761K(389376K)->385761K(389376K) Class: 54989K(57728K)->54989K(57728K)
[2024-08-15T13:44:46.298+0000][4582.242s][info][gc          ] GC(945) Pause Young (Mixed) (G1 Evacuation Pause) 3752M->3304M(12288M) 135.080ms
[2024-08-15T13:44:46.298+0000][4582.242s][info][gc,cpu      ] GC(945) User=0.80s Sys=0.00s Real=0.14s
[2024-08-15T13:44:48.735+0000][4584.680s][info][gc,start    ] GC(946) Pause Young (Normal) (G1 Evacuation Pause)
[2024-08-15T13:44:48.735+0000][4584.680s][info][gc,task     ] GC(946) Using 6 workers of 6 for evacuation
[2024-08-15T13:44:48.806+0000][4584.750s][info][gc,phases   ] GC(946)   Pre Evacuate Collection Set: 0.2ms
[2024-08-15T13:44:48.806+0000][4584.750s][info][gc,phases   ] GC(946)   Merge Heap Roots: 0.3ms
[2024-08-15T13:44:48.806+0000][4584.750s][info][gc,phases   ] GC(946)   Evacuate Collection Set: 52.3ms
[2024-08-15T13:44:48.806+0000][4584.750s][info][gc,phases   ] GC(946)   Post Evacuate Collection Set: 17.5ms
[2024-08-15T13:44:48.806+0000][4584.750s][info][gc,phases   ] GC(946)   Other: 0.2ms
[2024-08-15T13:44:48.806+0000][4584.750s][info][gc,heap     ] GC(946) Eden regions: 795->0(791)
[2024-08-15T13:44:48.806+0000][4584.750s][info][gc,heap     ] GC(946) Survivor regions: 3->7(100)
[2024-08-15T13:44:48.806+0000][4584.750s][info][gc,heap     ] GC(946) Old regions: 405->405
[2024-08-15T13:44:48.806+0000][4584.750s][info][gc,heap     ] GC(946) Archive regions: 2->2
[2024-08-15T13:44:48.806+0000][4584.750s][info][gc,heap     ] GC(946) Humongous regions: 5->5
[2024-08-15T13:44:48.806+0000][4584.750s][info][gc,metaspace] GC(946) Metaspace: 440751K(447104K)->440751K(447104K) NonClass: 385761K(389376K)->385761K(389376K) Class: 54989K(57728K)->54989K(57728K)
[2024-08-15T13:44:48.806+0000][4584.750s][info][gc          ] GC(946) Pause Young (Normal) (G1 Evacuation Pause) 9664M->3329M(12288M) 70.681ms
[2024-08-15T13:44:48.806+0000][4584.750s][info][gc,cpu      ] GC(946) User=0.41s Sys=0.01s Real=0.08s
[2024-08-15T13:44:51.153+0000][4587.098s][info][gc,start    ] GC(947) Pause Young (Normal) (G1 Evacuation Pause)
[2024-08-15T13:44:51.153+0000][4587.098s][info][gc,task     ] GC(947) Using 6 workers of 6 for evacuation
[2024-08-15T13:44:51.237+0000][4587.182s][info][gc,phases   ] GC(947)   Pre Evacuate Collection Set: 0.2ms
[2024-08-15T13:44:51.237+0000][4587.182s][info][gc,phases   ] GC(947)   Merge Heap Roots: 0.4ms
[2024-08-15T13:44:51.237+0000][4587.182s][info][gc,phases   ] GC(947)   Evacuate Collection Set: 64.8ms
[2024-08-15T13:44:51.237+0000][4587.182s][info][gc,phases   ] GC(947)   Post Evacuate Collection Set: 18.7ms
[2024-08-15T13:44:51.237+0000][4587.182s][info][gc,phases   ] GC(947)   Other: 0.2ms
[2024-08-15T13:44:51.237+0000][4587.182s][info][gc,heap     ] GC(947) Eden regions: 791->0(788)
[2024-08-15T13:44:51.237+0000][4587.182s][info][gc,heap     ] GC(947) Survivor regions: 7->11(100)
[2024-08-15T13:44:51.237+0000][4587.182s][info][gc,heap     ] GC(947) Old regions: 405->405
[2024-08-15T13:44:51.237+0000][4587.182s][info][gc,heap     ] GC(947) Archive regions: 2->2
[2024-08-15T13:44:51.237+0000][4587.182s][info][gc,heap     ] GC(947) Humongous regions: 5->5
[2024-08-15T13:44:51.237+0000][4587.182s][info][gc,metaspace] GC(947) Metaspace: 440751K(447104K)->440751K(447104K) NonClass: 385761K(389376K)->385761K(389376K) Class: 54989K(57728K)->54989K(57728K)
[2024-08-15T13:44:51.237+0000][4587.182s][info][gc          ] GC(947) Pause Young (Normal) (G1 Evacuation Pause) 9657M->3363M(12288M) 84.295ms
[2024-08-15T13:44:51.237+0000][4587.182s][info][gc,cpu      ] GC(947) User=0.49s Sys=0.00s Real=0.09s
[2024-08-15T13:44:53.566+0000][4589.511s][info][gc,start    ] GC(948) Pause Young (Concurrent Start) (G1 Evacuation Pause)
[2024-08-15T13:44:53.566+0000][4589.511s][info][gc,task     ] GC(948) Using 6 workers of 6 for evacuation
[2024-08-15T13:44:53.664+0000][4589.609s][info][gc,phases   ] GC(948)   Pre Evacuate Collection Set: 0.6ms
[2024-08-15T13:44:53.664+0000][4589.609s][info][gc,phases   ] GC(948)   Merge Heap Roots: 0.4ms
[2024-08-15T13:44:53.664+0000][4589.609s][info][gc,phases   ] GC(948)   Evacuate Collection Set: 77.4ms
[2024-08-15T13:44:53.664+0000][4589.609s][info][gc,phases   ] GC(948)   Post Evacuate Collection Set: 19.6ms
[2024-08-15T13:44:53.664+0000][4589.609s][info][gc,phases   ] GC(948)   Other: 0.3ms
[2024-08-15T13:44:53.664+0000][4589.609s][info][gc,heap     ] GC(948) Eden regions: 788->0(786)
[2024-08-15T13:44:53.664+0000][4589.609s][info][gc,heap     ] GC(948) Survivor regions: 11->14(100)
[2024-08-15T13:44:53.664+0000][4589.609s][info][gc,heap     ] GC(948) Old regions: 405->405
[2024-08-15T13:44:53.664+0000][4589.609s][info][gc,heap     ] GC(948) Archive regions: 2->2
[2024-08-15T13:44:53.664+0000][4589.609s][info][gc,heap     ] GC(948) Humongous regions: 5->5
[2024-08-15T13:44:53.664+0000][4589.609s][info][gc,metaspace] GC(948) Metaspace: 440751K(447104K)->440751K(447104K) NonClass: 385761K(389376K)->385761K(389376K) Class: 54989K(57728K)->54989K(57728K)
[2024-08-15T13:44:53.665+0000][4589.609s][info][gc          ] GC(948) Pause Young (Concurrent Start) (G1 Evacuation Pause) 9667M->3392M(12288M) 98.291ms
[2024-08-15T13:44:53.665+0000][4589.609s][info][gc,cpu      ] GC(948) User=0.56s Sys=0.00s Real=0.10s
[2024-08-15T13:44:53.665+0000][4589.609s][info][gc          ] GC(949) Concurrent Mark Cycle
[2024-08-15T13:44:53.665+0000][4589.609s][info][gc,marking  ] GC(949) Concurrent Clear Claimed Marks
[2024-08-15T13:44:53.665+0000][4589.610s][info][gc,marking  ] GC(949) Concurrent Clear Claimed Marks 0.461ms
[2024-08-15T13:44:53.665+0000][4589.610s][info][gc,marking  ] GC(949) Concurrent Scan Root Regions
[2024-08-15T13:44:53.707+0000][4589.651s][info][gc,marking  ] GC(949) Concurrent Scan Root Regions 41.685ms
[2024-08-15T13:44:53.707+0000][4589.651s][info][gc,marking  ] GC(949) Concurrent Mark
[2024-08-15T13:44:53.707+0000][4589.651s][info][gc,marking  ] GC(949) Concurrent Mark From Roots
[2024-08-15T13:44:53.707+0000][4589.651s][info][gc,task     ] GC(949) Using 2 workers of 2 for marking
[2024-08-15T13:44:56.112+0000][4592.056s][info][gc,marking  ] GC(949) Concurrent Mark From Roots 2404.848ms
[2024-08-15T13:44:56.112+0000][4592.056s][info][gc,marking  ] GC(949) Concurrent Preclean
[2024-08-15T13:44:56.113+0000][4592.057s][info][gc,marking  ] GC(949) Concurrent Preclean 1.098ms
[2024-08-15T13:44:56.113+0000][4592.058s][info][gc,start    ] GC(949) Pause Remark
[2024-08-15T13:44:56.136+0000][4592.080s][info][gc          ] GC(949) Pause Remark 8364M->8364M(12288M) 22.763ms
[2024-08-15T13:44:56.136+0000][4592.080s][info][gc,cpu      ] GC(949) User=0.09s Sys=0.00s Real=0.03s
[2024-08-15T13:44:56.136+0000][4592.081s][info][gc,marking  ] GC(949) Concurrent Mark 2429.146ms
[2024-08-15T13:44:56.136+0000][4592.081s][info][gc,marking  ] GC(949) Concurrent Rebuild Remembered Sets
[2024-08-15T13:44:56.709+0000][4592.653s][info][gc,start    ] GC(950) Pause Young (Normal) (G1 Evacuation Pause)
[2024-08-15T13:44:56.709+0000][4592.653s][info][gc,task     ] GC(950) Using 6 workers of 6 for evacuation
[2024-08-15T13:44:56.814+0000][4592.758s][info][gc,phases   ] GC(950)   Pre Evacuate Collection Set: 0.2ms
[2024-08-15T13:44:56.814+0000][4592.758s][info][gc,phases   ] GC(950)   Merge Heap Roots: 0.9ms
[2024-08-15T13:44:56.814+0000][4592.758s][info][gc,phases   ] GC(950)   Evacuate Collection Set: 86.2ms
[2024-08-15T13:44:56.814+0000][4592.758s][info][gc,phases   ] GC(950)   Post Evacuate Collection Set: 17.8ms
[2024-08-15T13:44:56.814+0000][4592.758s][info][gc,phases   ] GC(950)   Other: 0.2ms
[2024-08-15T13:44:56.814+0000][4592.758s][info][gc,heap     ] GC(950) Eden regions: 786->0(778)
[2024-08-15T13:44:56.814+0000][4592.758s][info][gc,heap     ] GC(950) Survivor regions: 14->19(100)
[2024-08-15T13:44:56.814+0000][4592.758s][info][gc,heap     ] GC(950) Old regions: 405->405
[2024-08-15T13:44:56.814+0000][4592.758s][info][gc,heap     ] GC(950) Archive regions: 2->2
[2024-08-15T13:44:56.814+0000][4592.758s][info][gc,heap     ] GC(950) Humongous regions: 5->5
[2024-08-15T13:44:56.814+0000][4592.758s][info][gc,metaspace] GC(950) Metaspace: 440751K(447104K)->440751K(447104K) NonClass: 385761K(389376K)->385761K(389376K) Class: 54989K(57728K)->54989K(57728K)
[2024-08-15T13:44:56.814+0000][4592.758s][info][gc          ] GC(950) Pause Young (Normal) (G1 Evacuation Pause) 9680M->3430M(12288M) 105.308ms
[2024-08-15T13:44:56.814+0000][4592.759s][info][gc,cpu      ] GC(950) User=0.62s Sys=0.00s Real=0.10s
[2024-08-15T13:44:57.572+0000][4593.517s][info][gc,marking  ] GC(949) Concurrent Rebuild Remembered Sets 1436.167ms
[2024-08-15T13:44:57.572+0000][4593.517s][info][gc,start    ] GC(949) Pause Cleanup
[2024-08-15T13:44:57.573+0000][4593.518s][info][gc          ] GC(949) Pause Cleanup 5054M->5054M(12288M) 0.649ms
[2024-08-15T13:44:57.573+0000][4593.518s][info][gc,cpu      ] GC(949) User=0.00s Sys=0.00s Real=0.00s
[2024-08-15T13:44:57.573+0000][4593.518s][info][gc,marking  ] GC(949) Concurrent Cleanup for Next Mark
[2024-08-15T13:44:57.589+0000][4593.534s][info][gc,marking  ] GC(949) Concurrent Cleanup for Next Mark 16.349ms
[2024-08-15T13:44:57.589+0000][4593.534s][info][gc          ] GC(949) Concurrent Mark Cycle 3924.888ms
[2024-08-15T13:44:59.300+0000][4595.245s][info][gc,start    ] GC(951) Pause Young (Prepare Mixed) (G1 Evacuation Pause)
[2024-08-15T13:44:59.301+0000][4595.245s][info][gc,task     ] GC(951) Using 6 workers of 6 for evacuation
[2024-08-15T13:44:59.431+0000][4595.375s][info][gc,phases   ] GC(951)   Pre Evacuate Collection Set: 0.2ms
[2024-08-15T13:44:59.431+0000][4595.375s][info][gc,phases   ] GC(951)   Merge Heap Roots: 0.6ms
[2024-08-15T13:44:59.431+0000][4595.375s][info][gc,phases   ] GC(951)   Evacuate Collection Set: 109.9ms
[2024-08-15T13:44:59.431+0000][4595.375s][info][gc,phases   ] GC(951)   Post Evacuate Collection Set: 19.4ms
[2024-08-15T13:44:59.431+0000][4595.375s][info][gc,phases   ] GC(951)   Other: 0.2ms
[2024-08-15T13:44:59.431+0000][4595.375s][info][gc,heap     ] GC(951) Eden regions: 778->0(53)
[2024-08-15T13:44:59.431+0000][4595.375s][info][gc,heap     ] GC(951) Survivor regions: 19->23(100)
[2024-08-15T13:44:59.431+0000][4595.375s][info][gc,heap     ] GC(951) Old regions: 405->405
[2024-08-15T13:44:59.431+0000][4595.375s][info][gc,heap     ] GC(951) Archive regions: 2->2
[2024-08-15T13:44:59.431+0000][4595.375s][info][gc,heap     ] GC(951) Humongous regions: 5->5
[2024-08-15T13:44:59.431+0000][4595.375s][info][gc,metaspace] GC(951) Metaspace: 440755K(447104K)->440755K(447104K) NonClass: 385765K(389376K)->385765K(389376K) Class: 54989K(57728K)->54989K(57728K)
[2024-08-15T13:44:59.431+0000][4595.375s][info][gc          ] GC(951) Pause Young (Prepare Mixed) (G1 Evacuation Pause) 9654M->3460M(12288M) 130.317ms
[2024-08-15T13:44:59.431+0000][4595.375s][info][gc,cpu      ] GC(951) User=0.76s Sys=0.00s Real=0.13s
[2024-08-15T13:44:59.611+0000][4595.556s][info][gc,start    ] GC(952) Pause Young (Mixed) (G1 Evacuation Pause)
[2024-08-15T13:44:59.611+0000][4595.556s][info][gc,task     ] GC(952) Using 6 workers of 6 for evacuation
[2024-08-15T13:44:59.728+0000][4595.672s][info][gc,phases   ] GC(952)   Pre Evacuate Collection Set: 0.2ms
[2024-08-15T13:44:59.728+0000][4595.672s][info][gc,phases   ] GC(952)   Merge Heap Roots: 0.5ms
[2024-08-15T13:44:59.728+0000][4595.672s][info][gc,phases   ] GC(952)   Evacuate Collection Set: 113.2ms
[2024-08-15T13:44:59.728+0000][4595.672s][info][gc,phases   ] GC(952)   Post Evacuate Collection Set: 2.5ms
[2024-08-15T13:44:59.728+0000][4595.672s][info][gc,phases   ] GC(952)   Other: 0.2ms
[2024-08-15T13:44:59.728+0000][4595.672s][info][gc,heap     ] GC(952) Eden regions: 53->0(792)
[2024-08-15T13:44:59.728+0000][4595.672s][info][gc,heap     ] GC(952) Survivor regions: 23->3(10)
[2024-08-15T13:44:59.728+0000][4595.672s][info][gc,heap     ] GC(952) Old regions: 405->410
[2024-08-15T13:44:59.728+0000][4595.672s][info][gc,heap     ] GC(952) Archive regions: 2->2
[2024-08-15T13:44:59.728+0000][4595.672s][info][gc,heap     ] GC(952) Humongous regions: 5->5
[2024-08-15T13:44:59.728+0000][4595.672s][info][gc,metaspace] GC(952) Metaspace: 440755K(447104K)->440755K(447104K) NonClass: 385765K(389376K)->385765K(389376K) Class: 54989K(57728K)->54989K(57728K)
[2024-08-15T13:44:59.728+0000][4595.672s][info][gc          ] GC(952) Pause Young (Mixed) (G1 Evacuation Pause) 3884M->3342M(12288M) 116.573ms
[2024-08-15T13:44:59.728+0000][4595.673s][info][gc,cpu      ] GC(952) User=0.70s Sys=0.00s Real=0.12s
[2024-08-15T13:45:01.898+0000][4597.843s][info][gc,start    ] GC(953) Pause Young (Normal) (G1 Evacuation Pause)
[2024-08-15T13:45:01.898+0000][4597.843s][info][gc,task     ] GC(953) Using 6 workers of 6 for evacuation
[2024-08-15T13:45:01.969+0000][4597.914s][info][gc,phases   ] GC(953)   Pre Evacuate Collection Set: 0.2ms
[2024-08-15T13:45:01.969+0000][4597.914s][info][gc,phases   ] GC(953)   Merge Heap Roots: 0.3ms
[2024-08-15T13:45:01.969+0000][4597.914s][info][gc,phases   ] GC(953)   Evacuate Collection Set: 52.4ms
[2024-08-15T13:45:01.969+0000][4597.914s][info][gc,phases   ] GC(953)   Post Evacuate Collection Set: 17.9ms
[2024-08-15T13:45:01.969+0000][4597.914s][info][gc,phases   ] GC(953)   Other: 0.2ms
[2024-08-15T13:45:01.969+0000][4597.914s][info][gc,heap     ] GC(953) Eden regions: 792->0(790)
[2024-08-15T13:45:01.969+0000][4597.914s][info][gc,heap     ] GC(953) Survivor regions: 3->6(100)
[2024-08-15T13:45:01.969+0000][4597.914s][info][gc,heap     ] GC(953) Old regions: 410->410
[2024-08-15T13:45:01.969+0000][4597.914s][info][gc,heap     ] GC(953) Archive regions: 2->2
[2024-08-15T13:45:01.969+0000][4597.914s][info][gc,heap     ] GC(953) Humongous regions: 5->5
[2024-08-15T13:45:01.969+0000][4597.914s][info][gc,metaspace] GC(953) Metaspace: 440784K(447104K)->440784K(447104K) NonClass: 385789K(389376K)->385789K(389376K) Class: 54995K(57728K)->54995K(57728K)
[2024-08-15T13:45:01.969+0000][4597.914s][info][gc          ] GC(953) Pause Young (Normal) (G1 Evacuation Pause) 9678M->3360M(12288M) 71.061ms
[2024-08-15T13:45:01.969+0000][4597.914s][info][gc,cpu      ] GC(953) User=0.41s Sys=0.01s Real=0.07s
[2024-08-15T13:45:04.957+0000][4600.901s][info][gc,start    ] GC(954) Pause Young (Normal) (G1 Evacuation Pause)
[2024-08-15T13:45:04.957+0000][4600.902s][info][gc,task     ] GC(954) Using 6 workers of 6 for evacuation
[2024-08-15T13:45:05.026+0000][4600.970s][info][gc,phases   ] GC(954)   Pre Evacuate Collection Set: 0.2ms
[2024-08-15T13:45:05.026+0000][4600.970s][info][gc,phases   ] GC(954)   Merge Heap Roots: 0.6ms
[2024-08-15T13:45:05.026+0000][4600.970s][info][gc,phases   ] GC(954)   Evacuate Collection Set: 56.1ms
[2024-08-15T13:45:05.026+0000][4600.970s][info][gc,phases   ] GC(954)   Post Evacuate Collection Set: 11.8ms
[2024-08-15T13:45:05.026+0000][4600.970s][info][gc,phases   ] GC(954)   Other: 0.2ms
[2024-08-15T13:45:05.026+0000][4600.970s][info][gc,heap     ] GC(954) Eden regions: 790->0(786)
[2024-08-15T13:45:05.026+0000][4600.970s][info][gc,heap     ] GC(954) Survivor regions: 6->10(100)
[2024-08-15T13:45:05.026+0000][4600.970s][info][gc,heap     ] GC(954) Old regions: 410->410
[2024-08-15T13:45:05.026+0000][4600.970s][info][gc,heap     ] GC(954) Archive regions: 2->2
[2024-08-15T13:45:05.026+0000][4600.970s][info][gc,heap     ] GC(954) Humongous regions: 5->5
[2024-08-15T13:45:05.026+0000][4600.970s][info][gc,metaspace] GC(954) Metaspace: 440791K(447104K)->440791K(447104K) NonClass: 385795K(389376K)->385795K(389376K) Class: 54995K(57728K)->54995K(57728K)
[2024-08-15T13:45:05.026+0000][4600.970s][info][gc          ] GC(954) Pause Young (Normal) (G1 Evacuation Pause) 9680M->3392M(12288M) 68.942ms
[2024-08-15T13:45:05.026+0000][4600.970s][info][gc,cpu      ] GC(954) User=0.40s Sys=0.00s Real=0.07s
[2024-08-15T13:45:09.926+0000][4605.871s][info][gc,start    ] GC(955) Pause Young (Concurrent Start) (G1 Evacuation Pause)
[2024-08-15T13:45:09.926+0000][4605.871s][info][gc,task     ] GC(955) Using 6 workers of 6 for evacuation
[2024-08-15T13:45:09.962+0000][4605.906s][info][gc,phases   ] GC(955)   Pre Evacuate Collection Set: 0.6ms
[2024-08-15T13:45:09.962+0000][4605.907s][info][gc,phases   ] GC(955)   Merge Heap Roots: 0.3ms
[2024-08-15T13:45:09.962+0000][4605.907s][info][gc,phases   ] GC(955)   Evacuate Collection Set: 32.6ms
[2024-08-15T13:45:09.962+0000][4605.907s][info][gc,phases   ] GC(955)   Post Evacuate Collection Set: 1.7ms
[2024-08-15T13:45:09.962+0000][4605.907s][info][gc,phases   ] GC(955)   Other: 0.3ms
[2024-08-15T13:45:09.962+0000][4605.907s][info][gc,heap     ] GC(955) Eden regions: 786->0(787)
[2024-08-15T13:45:09.962+0000][4605.907s][info][gc,heap     ] GC(955) Survivor regions: 10->11(100)
[2024-08-15T13:45:09.962+0000][4605.907s][info][gc,heap     ] GC(955) Old regions: 410->410
[2024-08-15T13:45:09.962+0000][4605.907s][info][gc,heap     ] GC(955) Archive regions: 2->2
[2024-08-15T13:45:09.962+0000][4605.907s][info][gc,heap     ] GC(955) Humongous regions: 5->5
[2024-08-15T13:45:09.962+0000][4605.907s][info][gc,metaspace] GC(955) Metaspace: 440810K(447168K)->440810K(447168K) NonClass: 385815K(389440K)->385815K(389440K) Class: 54995K(57728K)->54995K(57728K)
[2024-08-15T13:45:09.962+0000][4605.907s][info][gc          ] GC(955) Pause Young (Concurrent Start) (G1 Evacuation Pause) 9680M->3403M(12288M) 35.597ms
[2024-08-15T13:45:09.962+0000][4605.907s][info][gc,cpu      ] GC(955) User=0.21s Sys=0.00s Real=0.03s
[2024-08-15T13:45:09.962+0000][4605.907s][info][gc          ] GC(956) Concurrent Mark Cycle
[2024-08-15T13:45:09.962+0000][4605.907s][info][gc,marking  ] GC(956) Concurrent Clear Claimed Marks
[2024-08-15T13:45:09.963+0000][4605.907s][info][gc,marking  ] GC(956) Concurrent Clear Claimed Marks 0.429ms
[2024-08-15T13:45:09.963+0000][4605.907s][info][gc,marking  ] GC(956) Concurrent Scan Root Regions
[2024-08-15T13:45:09.989+0000][4605.933s][info][gc,marking  ] GC(956) Concurrent Scan Root Regions 26.030ms
[2024-08-15T13:45:09.989+0000][4605.933s][info][gc,marking  ] GC(956) Concurrent Mark
[2024-08-15T13:45:09.989+0000][4605.933s][info][gc,marking  ] GC(956) Concurrent Mark From Roots
[2024-08-15T13:45:09.989+0000][4605.933s][info][gc,task     ] GC(956) Using 2 workers of 2 for marking
[2024-08-15T13:45:12.503+0000][4608.448s][info][gc,marking  ] GC(956) Concurrent Mark From Roots 2514.690ms
[2024-08-15T13:45:12.503+0000][4608.448s][info][gc,marking  ] GC(956) Concurrent Preclean
[2024-08-15T13:45:12.505+0000][4608.449s][info][gc,marking  ] GC(956) Concurrent Preclean 1.505ms
[2024-08-15T13:45:12.505+0000][4608.450s][info][gc,start    ] GC(956) Pause Remark
[2024-08-15T13:45:12.528+0000][4608.472s][info][gc          ] GC(956) Pause Remark 5139M->5139M(12288M) 22.867ms
[2024-08-15T13:45:12.528+0000][4608.473s][info][gc,cpu      ] GC(956) User=0.10s Sys=0.00s Real=0.02s
[2024-08-15T13:45:12.528+0000][4608.473s][info][gc,marking  ] GC(956) Concurrent Mark 2539.506ms
[2024-08-15T13:45:12.528+0000][4608.473s][info][gc,marking  ] GC(956) Concurrent Rebuild Remembered Sets
[2024-08-15T13:45:13.901+0000][4609.846s][info][gc,marking  ] GC(956) Concurrent Rebuild Remembered Sets 1373.053ms
[2024-08-15T13:45:13.901+0000][4609.846s][info][gc,start    ] GC(956) Pause Cleanup
[2024-08-15T13:45:13.902+0000][4609.847s][info][gc          ] GC(956) Pause Cleanup 6075M->6075M(12288M) 0.730ms
[2024-08-15T13:45:13.902+0000][4609.847s][info][gc,cpu      ] GC(956) User=0.00s Sys=0.00s Real=0.00s
[2024-08-15T13:45:13.902+0000][4609.847s][info][gc,marking  ] GC(956) Concurrent Cleanup for Next Mark
[2024-08-15T13:45:13.919+0000][4609.864s][info][gc,marking  ] GC(956) Concurrent Cleanup for Next Mark 16.803ms
[2024-08-15T13:45:13.919+0000][4609.864s][info][gc          ] GC(956) Concurrent Mark Cycle 3956.970ms
[2024-08-15T13:45:18.749+0000][4614.694s][info][gc,start    ] GC(957) Pause Young (Prepare Mixed) (G1 Evacuation Pause)
[2024-08-15T13:45:18.749+0000][4614.694s][info][gc,task     ] GC(957) Using 6 workers of 6 for evacuation
[2024-08-15T13:45:18.791+0000][4614.735s][info][gc,phases   ] GC(957)   Pre Evacuate Collection Set: 0.2ms
[2024-08-15T13:45:18.791+0000][4614.735s][info][gc,phases   ] GC(957)   Merge Heap Roots: 0.3ms
[2024-08-15T13:45:18.791+0000][4614.735s][info][gc,phases   ] GC(957)   Evacuate Collection Set: 39.1ms
[2024-08-15T13:45:18.791+0000][4614.735s][info][gc,phases   ] GC(957)   Post Evacuate Collection Set: 1.8ms
[2024-08-15T13:45:18.791+0000][4614.735s][info][gc,phases   ] GC(957)   Other: 0.2ms
[2024-08-15T13:45:18.791+0000][4614.735s][info][gc,heap     ] GC(957) Eden regions: 787->0(62)
[2024-08-15T13:45:18.791+0000][4614.735s][info][gc,heap     ] GC(957) Survivor regions: 11->14(100)
[2024-08-15T13:45:18.791+0000][4614.735s][info][gc,heap     ] GC(957) Old regions: 410->410
[2024-08-15T13:45:18.791+0000][4614.735s][info][gc,heap     ] GC(957) Archive regions: 2->2
[2024-08-15T13:45:18.791+0000][4614.735s][info][gc,heap     ] GC(957) Humongous regions: 5->5
[2024-08-15T13:45:18.791+0000][4614.735s][info][gc,metaspace] GC(957) Metaspace: 440811K(447168K)->440811K(447168K) NonClass: 385816K(389440K)->385816K(389440K) Class: 54995K(57728K)->54995K(57728K)
[2024-08-15T13:45:18.791+0000][4614.735s][info][gc          ] GC(957) Pause Young (Prepare Mixed) (G1 Evacuation Pause) 9699M->3430M(12288M) 41.643ms
[2024-08-15T13:45:18.791+0000][4614.735s][info][gc,cpu      ] GC(957) User=0.25s Sys=0.00s Real=0.04s
[2024-08-15T13:45:19.482+0000][4615.427s][info][gc,start    ] GC(958) Pause Young (Mixed) (G1 Evacuation Pause)
[2024-08-15T13:45:19.482+0000][4615.427s][info][gc,task     ] GC(958) Using 6 workers of 6 for evacuation
[2024-08-15T13:45:19.554+0000][4615.499s][info][gc,phases   ] GC(958)   Pre Evacuate Collection Set: 0.2ms
[2024-08-15T13:45:19.554+0000][4615.499s][info][gc,phases   ] GC(958)   Merge Heap Roots: 0.4ms
[2024-08-15T13:45:19.554+0000][4615.499s][info][gc,phases   ] GC(958)   Evacuate Collection Set: 70.3ms
[2024-08-15T13:45:19.554+0000][4615.499s][info][gc,phases   ] GC(958)   Post Evacuate Collection Set: 1.3ms
[2024-08-15T13:45:19.554+0000][4615.499s][info][gc,phases   ] GC(958)   Other: 0.2ms
[2024-08-15T13:45:19.554+0000][4615.499s][info][gc,heap     ] GC(958) Eden regions: 62->0(801)
[2024-08-15T13:45:19.554+0000][4615.499s][info][gc,heap     ] GC(958) Survivor regions: 14->6(10)
[2024-08-15T13:45:19.554+0000][4615.499s][info][gc,heap     ] GC(958) Old regions: 410->400
[2024-08-15T13:45:19.554+0000][4615.499s][info][gc,heap     ] GC(958) Archive regions: 2->2
[2024-08-15T13:45:19.554+0000][4615.499s][info][gc,heap     ] GC(958) Humongous regions: 5->5
[2024-08-15T13:45:19.554+0000][4615.499s][info][gc,metaspace] GC(958) Metaspace: 440811K(447168K)->440811K(447168K) NonClass: 385816K(389440K)->385816K(389440K) Class: 54995K(57728K)->54995K(57728K)
[2024-08-15T13:45:19.554+0000][4615.499s][info][gc          ] GC(958) Pause Young (Mixed) (G1 Evacuation Pause) 3926M->3286M(12288M) 72.387ms
[2024-08-15T13:45:19.554+0000][4615.499s][info][gc,cpu      ] GC(958) User=0.43s Sys=0.00s Real=0.07s
[2024-08-15T13:45:28.429+0000][4624.374s][info][gc,start    ] GC(959) Pause Young (Normal) (G1 Evacuation Pause)
[2024-08-15T13:45:28.429+0000][4624.374s][info][gc,task     ] GC(959) Using 6 workers of 6 for evacuation
[2024-08-15T13:45:28.451+0000][4624.396s][info][gc,phases   ] GC(959)   Pre Evacuate Collection Set: 0.2ms
[2024-08-15T13:45:28.451+0000][4624.396s][info][gc,phases   ] GC(959)   Merge Heap Roots: 0.2ms
[2024-08-15T13:45:28.451+0000][4624.396s][info][gc,phases   ] GC(959)   Evacuate Collection Set: 19.7ms
[2024-08-15T13:45:28.451+0000][4624.396s][info][gc,phases   ] GC(959)   Post Evacuate Collection Set: 1.7ms
[2024-08-15T13:45:28.451+0000][4624.396s][info][gc,phases   ] GC(959)   Other: 0.2ms
[2024-08-15T13:45:28.451+0000][4624.396s][info][gc,heap     ] GC(959) Eden regions: 801->0(799)
[2024-08-15T13:45:28.451+0000][4624.396s][info][gc,heap     ] GC(959) Survivor regions: 6->8(101)
[2024-08-15T13:45:28.451+0000][4624.396s][info][gc,heap     ] GC(959) Old regions: 400->400
[2024-08-15T13:45:28.451+0000][4624.396s][info][gc,heap     ] GC(959) Archive regions: 2->2
[2024-08-15T13:45:28.451+0000][4624.396s][info][gc,heap     ] GC(959) Humongous regions: 5->5
[2024-08-15T13:45:28.451+0000][4624.396s][info][gc,metaspace] GC(959) Metaspace: 440816K(447168K)->440816K(447168K) NonClass: 385821K(389440K)->385821K(389440K) Class: 54995K(57728K)->54995K(57728K)
[2024-08-15T13:45:28.451+0000][4624.396s][info][gc          ] GC(959) Pause Young (Normal) (G1 Evacuation Pause) 9694M->3307M(12288M) 22.089ms
[2024-08-15T13:45:28.451+0000][4624.396s][info][gc,cpu      ] GC(959) User=0.13s Sys=0.00s Real=0.02s
[2024-08-15T13:45:36.960+0000][4632.905s][info][gc,start    ] GC(960) Pause Young (Normal) (G1 Evacuation Pause)
[2024-08-15T13:45:36.960+0000][4632.905s][info][gc,task     ] GC(960) Using 6 workers of 6 for evacuation
[2024-08-15T13:45:36.985+0000][4632.929s][info][gc,phases   ] GC(960)   Pre Evacuate Collection Set: 0.2ms
[2024-08-15T13:45:36.985+0000][4632.929s][info][gc,phases   ] GC(960)   Merge Heap Roots: 0.2ms
[2024-08-15T13:45:36.985+0000][4632.929s][info][gc,phases   ] GC(960)   Evacuate Collection Set: 22.0ms
[2024-08-15T13:45:36.985+0000][4632.929s][info][gc,phases   ] GC(960)   Post Evacuate Collection Set: 1.8ms
[2024-08-15T13:45:36.985+0000][4632.929s][info][gc,phases   ] GC(960)   Other: 0.2ms
[2024-08-15T13:45:36.985+0000][4632.929s][info][gc,heap     ] GC(960) Eden regions: 799->0(798)
[2024-08-15T13:45:36.985+0000][4632.929s][info][gc,heap     ] GC(960) Survivor regions: 8->10(101)
[2024-08-15T13:45:36.985+0000][4632.929s][info][gc,heap     ] GC(960) Old regions: 400->400
[2024-08-15T13:45:36.985+0000][4632.929s][info][gc,heap     ] GC(960) Archive regions: 2->2
[2024-08-15T13:45:36.985+0000][4632.929s][info][gc,heap     ] GC(960) Humongous regions: 5->5
[2024-08-15T13:45:36.985+0000][4632.929s][info][gc,metaspace] GC(960) Metaspace: 440819K(447168K)->440819K(447168K) NonClass: 385823K(389440K)->385823K(389440K) Class: 54995K(57728K)->54995K(57728K)
[2024-08-15T13:45:36.985+0000][4632.929s][info][gc          ] GC(960) Pause Young (Normal) (G1 Evacuation Pause) 9699M->3319M(12288M) 24.467ms
[2024-08-15T13:45:36.985+0000][4632.929s][info][gc,cpu      ] GC(960) User=0.14s Sys=0.00s Real=0.03s
[2024-08-15T13:45:46.046+0000][4641.990s][info][gc,start    ] GC(961) Pause Young (Concurrent Start) (G1 Evacuation Pause)
[2024-08-15T13:45:46.046+0000][4641.990s][info][gc,task     ] GC(961) Using 6 workers of 6 for evacuation
[2024-08-15T13:45:46.078+0000][4642.023s][info][gc,phases   ] GC(961)   Pre Evacuate Collection Set: 0.6ms
[2024-08-15T13:45:46.078+0000][4642.023s][info][gc,phases   ] GC(961)   Merge Heap Roots: 0.2ms
[2024-08-15T13:45:46.078+0000][4642.023s][info][gc,phases   ] GC(961)   Evacuate Collection Set: 29.8ms
[2024-08-15T13:45:46.078+0000][4642.023s][info][gc,phases   ] GC(961)   Post Evacuate Collection Set: 1.8ms
[2024-08-15T13:45:46.078+0000][4642.023s][info][gc,phases   ] GC(961)   Other: 0.3ms
[2024-08-15T13:45:46.078+0000][4642.023s][info][gc,heap     ] GC(961) Eden regions: 798->0(794)
[2024-08-15T13:45:46.078+0000][4642.023s][info][gc,heap     ] GC(961) Survivor regions: 10->13(101)
[2024-08-15T13:45:46.078+0000][4642.023s][info][gc,heap     ] GC(961) Old regions: 400->400
[2024-08-15T13:45:46.078+0000][4642.023s][info][gc,heap     ] GC(961) Archive regions: 2->2
[2024-08-15T13:45:46.078+0000][4642.023s][info][gc,heap     ] GC(961) Humongous regions: 5->5
[2024-08-15T13:45:46.078+0000][4642.023s][info][gc,metaspace] GC(961) Metaspace: 440820K(447168K)->440820K(447168K) NonClass: 385825K(389440K)->385825K(389440K) Class: 54995K(57728K)->54995K(57728K)
[2024-08-15T13:45:46.078+0000][4642.023s][info][gc          ] GC(961) Pause Young (Concurrent Start) (G1 Evacuation Pause) 9703M->3346M(12288M) 32.787ms
[2024-08-15T13:45:46.079+0000][4642.023s][info][gc,cpu      ] GC(961) User=0.19s Sys=0.00s Real=0.03s
[2024-08-15T13:45:46.079+0000][4642.023s][info][gc          ] GC(962) Concurrent Mark Cycle
[2024-08-15T13:45:46.079+0000][4642.023s][info][gc,marking  ] GC(962) Concurrent Clear Claimed Marks
[2024-08-15T13:45:46.079+0000][4642.024s][info][gc,marking  ] GC(962) Concurrent Clear Claimed Marks 0.463ms
[2024-08-15T13:45:46.079+0000][4642.024s][info][gc,marking  ] GC(962) Concurrent Scan Root Regions
[2024-08-15T13:45:46.104+0000][4642.049s][info][gc,marking  ] GC(962) Concurrent Scan Root Regions 25.418ms
[2024-08-15T13:45:46.104+0000][4642.049s][info][gc,marking  ] GC(962) Concurrent Mark
[2024-08-15T13:45:46.105+0000][4642.049s][info][gc,marking  ] GC(962) Concurrent Mark From Roots
[2024-08-15T13:45:46.105+0000][4642.049s][info][gc,task     ] GC(962) Using 2 workers of 2 for marking
[2024-08-15T13:45:48.679+0000][4644.624s][info][gc,marking  ] GC(962) Concurrent Mark From Roots 2574.446ms
[2024-08-15T13:45:48.679+0000][4644.624s][info][gc,marking  ] GC(962) Concurrent Preclean
[2024-08-15T13:45:48.680+0000][4644.625s][info][gc,marking  ] GC(962) Concurrent Preclean 1.432ms
[2024-08-15T13:45:48.681+0000][4644.625s][info][gc,start    ] GC(962) Pause Remark
[2024-08-15T13:45:48.703+0000][4644.648s][info][gc          ] GC(962) Pause Remark 5066M->5066M(12288M) 22.658ms
[2024-08-15T13:45:48.703+0000][4644.648s][info][gc,cpu      ] GC(962) User=0.09s Sys=0.00s Real=0.03s
[2024-08-15T13:45:48.703+0000][4644.648s][info][gc,marking  ] GC(962) Concurrent Mark 2598.912ms
[2024-08-15T13:45:48.703+0000][4644.648s][info][gc,marking  ] GC(962) Concurrent Rebuild Remembered Sets
[2024-08-15T13:45:50.134+0000][4646.078s][info][gc,marking  ] GC(962) Concurrent Rebuild Remembered Sets 1430.424ms
[2024-08-15T13:45:50.134+0000][4646.079s][info][gc,start    ] GC(962) Pause Cleanup
[2024-08-15T13:45:50.135+0000][4646.079s][info][gc          ] GC(962) Pause Cleanup 6030M->6030M(12288M) 0.666ms
[2024-08-15T13:45:50.135+0000][4646.079s][info][gc,cpu      ] GC(962) User=0.01s Sys=0.00s Real=0.00s
[2024-08-15T13:45:50.135+0000][4646.079s][info][gc,marking  ] GC(962) Concurrent Cleanup for Next Mark
[2024-08-15T13:45:50.152+0000][4646.097s][info][gc,marking  ] GC(962) Concurrent Cleanup for Next Mark 17.475ms
[2024-08-15T13:45:50.152+0000][4646.097s][info][gc          ] GC(962) Concurrent Mark Cycle 4073.809ms
[2024-08-15T13:45:55.278+0000][4651.223s][info][gc,start    ] GC(963) Pause Young (Prepare Mixed) (G1 Evacuation Pause)
[2024-08-15T13:45:55.278+0000][4651.223s][info][gc,task     ] GC(963) Using 6 workers of 6 for evacuation
[2024-08-15T13:45:55.318+0000][4651.262s][info][gc,phases   ] GC(963)   Pre Evacuate Collection Set: 0.2ms
[2024-08-15T13:45:55.318+0000][4651.262s][info][gc,phases   ] GC(963)   Merge Heap Roots: 0.3ms
[2024-08-15T13:45:55.318+0000][4651.262s][info][gc,phases   ] GC(963)   Evacuate Collection Set: 37.4ms
[2024-08-15T13:45:55.318+0000][4651.262s][info][gc,phases   ] GC(963)   Post Evacuate Collection Set: 1.8ms
[2024-08-15T13:45:55.318+0000][4651.262s][info][gc,phases   ] GC(963)   Other: 0.2ms
[2024-08-15T13:45:55.318+0000][4651.262s][info][gc,heap     ] GC(963) Eden regions: 794->0(60)
[2024-08-15T13:45:55.318+0000][4651.262s][info][gc,heap     ] GC(963) Survivor regions: 13->16(101)
[2024-08-15T13:45:55.318+0000][4651.262s][info][gc,heap     ] GC(963) Old regions: 400->400
[2024-08-15T13:45:55.318+0000][4651.263s][info][gc,heap     ] GC(963) Archive regions: 2->2
[2024-08-15T13:45:55.318+0000][4651.263s][info][gc,heap     ] GC(963) Humongous regions: 5->5
[2024-08-15T13:45:55.318+0000][4651.263s][info][gc,metaspace] GC(963) Metaspace: 440820K(447168K)->440820K(447168K) NonClass: 385825K(389440K)->385825K(389440K) Class: 54995K(57728K)->54995K(57728K)
[2024-08-15T13:45:55.318+0000][4651.263s][info][gc          ] GC(963) Pause Young (Prepare Mixed) (G1 Evacuation Pause) 9698M->3371M(12288M) 39.927ms
[2024-08-15T13:45:55.318+0000][4651.263s][info][gc,cpu      ] GC(963) User=0.23s Sys=0.00s Real=0.04s
[2024-08-15T13:45:55.997+0000][4651.942s][info][gc,start    ] GC(964) Pause Young (Mixed) (G1 Evacuation Pause)
[2024-08-15T13:45:55.998+0000][4651.942s][info][gc,task     ] GC(964) Using 6 workers of 6 for evacuation
[2024-08-15T13:45:56.079+0000][4652.024s][info][gc,phases   ] GC(964)   Pre Evacuate Collection Set: 0.2ms
[2024-08-15T13:45:56.079+0000][4652.024s][info][gc,phases   ] GC(964)   Merge Heap Roots: 0.4ms
[2024-08-15T13:45:56.079+0000][4652.024s][info][gc,phases   ] GC(964)   Evacuate Collection Set: 79.5ms
[2024-08-15T13:45:56.079+0000][4652.024s][info][gc,phases   ] GC(964)   Post Evacuate Collection Set: 1.3ms
[2024-08-15T13:45:56.079+0000][4652.024s][info][gc,phases   ] GC(964)   Other: 0.2ms
[2024-08-15T13:45:56.079+0000][4652.024s][info][gc,heap     ] GC(964) Eden regions: 60->0(804)
[2024-08-15T13:45:56.079+0000][4652.024s][info][gc,heap     ] GC(964) Survivor regions: 16->6(10)
[2024-08-15T13:45:56.079+0000][4652.024s][info][gc,heap     ] GC(964) Old regions: 400->397
[2024-08-15T13:45:56.079+0000][4652.024s][info][gc,heap     ] GC(964) Archive regions: 2->2
[2024-08-15T13:45:56.079+0000][4652.024s][info][gc,heap     ] GC(964) Humongous regions: 5->5
[2024-08-15T13:45:56.079+0000][4652.024s][info][gc,metaspace] GC(964) Metaspace: 440820K(447168K)->440820K(447168K) NonClass: 385825K(389440K)->385825K(389440K) Class: 54995K(57728K)->54995K(57728K)
[2024-08-15T13:45:56.079+0000][4652.024s][info][gc          ] GC(964) Pause Young (Mixed) (G1 Evacuation Pause) 3851M->3267M(12288M) 81.702ms
[2024-08-15T13:45:56.079+0000][4652.024s][info][gc,cpu      ] GC(964) User=0.49s Sys=0.00s Real=0.08s
[2024-08-15T13:46:04.804+0000][4660.749s][info][gc,start    ] GC(965) Pause Young (Normal) (G1 Evacuation Pause)
[2024-08-15T13:46:04.804+0000][4660.749s][info][gc,task     ] GC(965) Using 6 workers of 6 for evacuation
[2024-08-15T13:46:04.825+0000][4660.770s][info][gc,phases   ] GC(965)   Pre Evacuate Collection Set: 0.2ms
[2024-08-15T13:46:04.825+0000][4660.770s][info][gc,phases   ] GC(965)   Merge Heap Roots: 0.3ms
[2024-08-15T13:46:04.825+0000][4660.770s][info][gc,phases   ] GC(965)   Evacuate Collection Set: 19.2ms
[2024-08-15T13:46:04.826+0000][4660.770s][info][gc,phases   ] GC(965)   Post Evacuate Collection Set: 1.7ms
[2024-08-15T13:46:04.826+0000][4660.770s][info][gc,phases   ] GC(965)   Other: 0.2ms
[2024-08-15T13:46:04.826+0000][4660.770s][info][gc,heap     ] GC(965) Eden regions: 804->0(802)
[2024-08-15T13:46:04.826+0000][4660.770s][info][gc,heap     ] GC(965) Survivor regions: 6->8(102)
[2024-08-15T13:46:04.826+0000][4660.770s][info][gc,heap     ] GC(965) Old regions: 397->397
[2024-08-15T13:46:04.826+0000][4660.770s][info][gc,heap     ] GC(965) Archive regions: 2->2
[2024-08-15T13:46:04.826+0000][4660.770s][info][gc,heap     ] GC(965) Humongous regions: 5->5
[2024-08-15T13:46:04.826+0000][4660.770s][info][gc,metaspace] GC(965) Metaspace: 440820K(447168K)->440820K(447168K) NonClass: 385825K(389440K)->385825K(389440K) Class: 54995K(57728K)->54995K(57728K)
[2024-08-15T13:46:04.826+0000][4660.770s][info][gc          ] GC(965) Pause Young (Normal) (G1 Evacuation Pause) 9699M->3279M(12288M) 21.671ms
[2024-08-15T13:46:04.826+0000][4660.770s][info][gc,cpu      ] GC(965) User=0.12s Sys=0.00s Real=0.02s
[2024-08-15T13:46:13.254+0000][4669.198s][info][gc,start    ] GC(966) Pause Young (Normal) (G1 Evacuation Pause)
[2024-08-15T13:46:13.254+0000][4669.199s][info][gc,task     ] GC(966) Using 6 workers of 6 for evacuation
[2024-08-15T13:46:13.281+0000][4669.225s][info][gc,phases   ] GC(966)   Pre Evacuate Collection Set: 0.2ms
[2024-08-15T13:46:13.281+0000][4669.225s][info][gc,phases   ] GC(966)   Merge Heap Roots: 0.3ms
[2024-08-15T13:46:13.281+0000][4669.225s][info][gc,phases   ] GC(966)   Evacuate Collection Set: 24.3ms
[2024-08-15T13:46:13.281+0000][4669.225s][info][gc,phases   ] GC(966)   Post Evacuate Collection Set: 1.9ms
[2024-08-15T13:46:13.281+0000][4669.225s][info][gc,phases   ] GC(966)   Other: 0.2ms
[2024-08-15T13:46:13.281+0000][4669.225s][info][gc,heap     ] GC(966) Eden regions: 802->0(802)
[2024-08-15T13:46:13.281+0000][4669.225s][info][gc,heap     ] GC(966) Survivor regions: 8->9(102)
[2024-08-15T13:46:13.281+0000][4669.225s][info][gc,heap     ] GC(966) Old regions: 397->397
[2024-08-15T13:46:13.281+0000][4669.225s][info][gc,heap     ] GC(966) Archive regions: 2->2
[2024-08-15T13:46:13.281+0000][4669.225s][info][gc,heap     ] GC(966) Humongous regions: 5->5
[2024-08-15T13:46:13.281+0000][4669.225s][info][gc,metaspace] GC(966) Metaspace: 440820K(447168K)->440820K(447168K) NonClass: 385825K(389440K)->385825K(389440K) Class: 54995K(57728K)->54995K(57728K)
[2024-08-15T13:46:13.281+0000][4669.225s][info][gc          ] GC(966) Pause Young (Normal) (G1 Evacuation Pause) 9695M->3290M(12288M) 26.895ms
[2024-08-15T13:46:13.281+0000][4669.225s][info][gc,cpu      ] GC(966) User=0.16s Sys=0.00s Real=0.03s
[2024-08-15T13:46:22.257+0000][4678.201s][info][gc,start    ] GC(967) Pause Young (Concurrent Start) (G1 Evacuation Pause)
[2024-08-15T13:46:22.257+0000][4678.201s][info][gc,task     ] GC(967) Using 6 workers of 6 for evacuation
[2024-08-15T13:46:22.288+0000][4678.233s][info][gc,phases   ] GC(967)   Pre Evacuate Collection Set: 0.6ms
[2024-08-15T13:46:22.288+0000][4678.233s][info][gc,phases   ] GC(967)   Merge Heap Roots: 0.3ms
[2024-08-15T13:46:22.288+0000][4678.233s][info][gc,phases   ] GC(967)   Evacuate Collection Set: 29.1ms
[2024-08-15T13:46:22.289+0000][4678.233s][info][gc,phases   ] GC(967)   Post Evacuate Collection Set: 1.7ms
[2024-08-15T13:46:22.289+0000][4678.233s][info][gc,phases   ] GC(967)   Other: 0.3ms
[2024-08-15T13:46:22.289+0000][4678.233s][info][gc,heap     ] GC(967) Eden regions: 802->0(799)
[2024-08-15T13:46:22.289+0000][4678.233s][info][gc,heap     ] GC(967) Survivor regions: 9->12(102)
[2024-08-15T13:46:22.289+0000][4678.233s][info][gc,heap     ] GC(967) Old regions: 397->397
[2024-08-15T13:46:22.289+0000][4678.233s][info][gc,heap     ] GC(967) Archive regions: 2->2
[2024-08-15T13:46:22.289+0000][4678.233s][info][gc,heap     ] GC(967) Humongous regions: 5->5
[2024-08-15T13:46:22.289+0000][4678.233s][info][gc,metaspace] GC(967) Metaspace: 440820K(447168K)->440820K(447168K) NonClass: 385825K(389440K)->385825K(389440K) Class: 54995K(57728K)->54995K(57728K)
[2024-08-15T13:46:22.289+0000][4678.233s][info][gc          ] GC(967) Pause Young (Concurrent Start) (G1 Evacuation Pause) 9706M->3315M(12288M) 31.963ms
[2024-08-15T13:46:22.289+0000][4678.233s][info][gc,cpu      ] GC(967) User=0.18s Sys=0.00s Real=0.03s
[2024-08-15T13:46:22.289+0000][4678.233s][info][gc          ] GC(968) Concurrent Mark Cycle
[2024-08-15T13:46:22.289+0000][4678.233s][info][gc,marking  ] GC(968) Concurrent Clear Claimed Marks
[2024-08-15T13:46:22.289+0000][4678.234s][info][gc,marking  ] GC(968) Concurrent Clear Claimed Marks 0.441ms
[2024-08-15T13:46:22.289+0000][4678.234s][info][gc,marking  ] GC(968) Concurrent Scan Root Regions
[2024-08-15T13:46:22.314+0000][4678.258s][info][gc,marking  ] GC(968) Concurrent Scan Root Regions 24.472ms
[2024-08-15T13:46:22.314+0000][4678.258s][info][gc,marking  ] GC(968) Concurrent Mark
[2024-08-15T13:46:22.314+0000][4678.258s][info][gc,marking  ] GC(968) Concurrent Mark From Roots
[2024-08-15T13:46:22.314+0000][4678.258s][info][gc,task     ] GC(968) Using 2 workers of 2 for marking
[2024-08-15T13:46:24.903+0000][4680.848s][info][gc,marking  ] GC(968) Concurrent Mark From Roots 2589.598ms
[2024-08-15T13:46:24.903+0000][4680.848s][info][gc,marking  ] GC(968) Concurrent Preclean
[2024-08-15T13:46:24.905+0000][4680.849s][info][gc,marking  ] GC(968) Concurrent Preclean 1.381ms
[2024-08-15T13:46:24.905+0000][4680.849s][info][gc,start    ] GC(968) Pause Remark
[2024-08-15T13:46:24.927+0000][4680.872s][info][gc          ] GC(968) Pause Remark 5071M->5071M(12288M) 22.486ms
[2024-08-15T13:46:24.927+0000][4680.872s][info][gc,cpu      ] GC(968) User=0.10s Sys=0.00s Real=0.02s
[2024-08-15T13:46:24.928+0000][4680.872s][info][gc,marking  ] GC(968) Concurrent Mark 2613.891ms
[2024-08-15T13:46:24.928+0000][4680.872s][info][gc,marking  ] GC(968) Concurrent Rebuild Remembered Sets
[2024-08-15T13:46:26.344+0000][4682.289s][info][gc,marking  ] GC(968) Concurrent Rebuild Remembered Sets 1416.409ms
[2024-08-15T13:46:26.344+0000][4682.289s][info][gc,start    ] GC(968) Pause Cleanup
[2024-08-15T13:46:26.345+0000][4682.289s][info][gc          ] GC(968) Pause Cleanup 6059M->6059M(12288M) 0.656ms
[2024-08-15T13:46:26.345+0000][4682.289s][info][gc,cpu      ] GC(968) User=0.00s Sys=0.00s Real=0.00s
[2024-08-15T13:46:26.345+0000][4682.290s][info][gc,marking  ] GC(968) Concurrent Cleanup for Next Mark
[2024-08-15T13:46:26.362+0000][4682.307s][info][gc,marking  ] GC(968) Concurrent Cleanup for Next Mark 16.956ms
[2024-08-15T13:46:26.362+0000][4682.307s][info][gc          ] GC(968) Concurrent Mark Cycle 4073.301ms
[2024-08-15T13:46:31.330+0000][4687.275s][info][gc,start    ] GC(969) Pause Young (Prepare Mixed) (G1 Evacuation Pause)
[2024-08-15T13:46:31.330+0000][4687.275s][info][gc,task     ] GC(969) Using 6 workers of 6 for evacuation
[2024-08-15T13:46:31.373+0000][4687.318s][info][gc,phases   ] GC(969)   Pre Evacuate Collection Set: 0.2ms
[2024-08-15T13:46:31.373+0000][4687.318s][info][gc,phases   ] GC(969)   Merge Heap Roots: 0.3ms
[2024-08-15T13:46:31.373+0000][4687.318s][info][gc,phases   ] GC(969)   Evacuate Collection Set: 40.5ms
[2024-08-15T13:46:31.373+0000][4687.318s][info][gc,phases   ] GC(969)   Post Evacuate Collection Set: 1.8ms
[2024-08-15T13:46:31.373+0000][4687.318s][info][gc,phases   ] GC(969)   Other: 0.2ms
[2024-08-15T13:46:31.373+0000][4687.318s][info][gc,heap     ] GC(969) Eden regions: 799->0(61)
[2024-08-15T13:46:31.373+0000][4687.318s][info][gc,heap     ] GC(969) Survivor regions: 12->15(102)
[2024-08-15T13:46:31.373+0000][4687.318s][info][gc,heap     ] GC(969) Old regions: 397->397
[2024-08-15T13:46:31.373+0000][4687.318s][info][gc,heap     ] GC(969) Archive regions: 2->2
[2024-08-15T13:46:31.373+0000][4687.318s][info][gc,heap     ] GC(969) Humongous regions: 5->5
[2024-08-15T13:46:31.373+0000][4687.318s][info][gc,metaspace] GC(969) Metaspace: 440822K(447168K)->440822K(447168K) NonClass: 385827K(389440K)->385827K(389440K) Class: 54995K(57728K)->54995K(57728K)
[2024-08-15T13:46:31.373+0000][4687.318s][info][gc          ] GC(969) Pause Young (Prepare Mixed) (G1 Evacuation Pause) 9707M->3337M(12288M) 43.073ms
[2024-08-15T13:46:31.373+0000][4687.318s][info][gc,cpu      ] GC(969) User=0.26s Sys=0.00s Real=0.04s
[2024-08-15T13:46:31.896+0000][4687.840s][info][gc,start    ] GC(970) Pause Young (Mixed) (G1 Evacuation Pause)
[2024-08-15T13:46:31.896+0000][4687.840s][info][gc,task     ] GC(970) Using 6 workers of 6 for evacuation
[2024-08-15T13:46:31.979+0000][4687.923s][info][gc,phases   ] GC(970)   Pre Evacuate Collection Set: 0.2ms
[2024-08-15T13:46:31.979+0000][4687.923s][info][gc,phases   ] GC(970)   Merge Heap Roots: 0.3ms
[2024-08-15T13:46:31.979+0000][4687.923s][info][gc,phases   ] GC(970)   Evacuate Collection Set: 81.1ms
[2024-08-15T13:46:31.979+0000][4687.923s][info][gc,phases   ] GC(970)   Post Evacuate Collection Set: 1.2ms
[2024-08-15T13:46:31.979+0000][4687.923s][info][gc,phases   ] GC(970)   Other: 0.2ms
[2024-08-15T13:46:31.979+0000][4687.923s][info][gc,heap     ] GC(970) Eden regions: 61->0(808)
[2024-08-15T13:46:31.979+0000][4687.923s][info][gc,heap     ] GC(970) Survivor regions: 15->4(10)
[2024-08-15T13:46:31.979+0000][4687.923s][info][gc,heap     ] GC(970) Old regions: 397->396
[2024-08-15T13:46:31.979+0000][4687.923s][info][gc,heap     ] GC(970) Archive regions: 2->2
[2024-08-15T13:46:31.979+0000][4687.923s][info][gc,heap     ] GC(970) Humongous regions: 5->5
[2024-08-15T13:46:31.979+0000][4687.923s][info][gc,metaspace] GC(970) Metaspace: 440828K(447168K)->440828K(447168K) NonClass: 385833K(389440K)->385833K(389440K) Class: 54995K(57728K)->54995K(57728K)
[2024-08-15T13:46:31.979+0000][4687.923s][info][gc          ] GC(970) Pause Young (Mixed) (G1 Evacuation Pause) 3825M->3244M(12288M) 83.102ms
[2024-08-15T13:46:31.979+0000][4687.924s][info][gc,cpu      ] GC(970) User=0.49s Sys=0.00s Real=0.08s
[2024-08-15T13:46:40.926+0000][4696.871s][info][gc,start    ] GC(971) Pause Young (Normal) (G1 Evacuation Pause)
[2024-08-15T13:46:40.926+0000][4696.871s][info][gc,task     ] GC(971) Using 6 workers of 6 for evacuation
[2024-08-15T13:46:40.951+0000][4696.895s][info][gc,phases   ] GC(971)   Pre Evacuate Collection Set: 0.2ms
[2024-08-15T13:46:40.951+0000][4696.895s][info][gc,phases   ] GC(971)   Merge Heap Roots: 0.3ms
[2024-08-15T13:46:40.951+0000][4696.895s][info][gc,phases   ] GC(971)   Evacuate Collection Set: 22.1ms
[2024-08-15T13:46:40.951+0000][4696.895s][info][gc,phases   ] GC(971)   Post Evacuate Collection Set: 2.0ms
[2024-08-15T13:46:40.951+0000][4696.895s][info][gc,phases   ] GC(971)   Other: 0.2ms
[2024-08-15T13:46:40.951+0000][4696.895s][info][gc,heap     ] GC(971) Eden regions: 808->0(803)
[2024-08-15T13:46:40.951+0000][4696.895s][info][gc,heap     ] GC(971) Survivor regions: 4->8(102)
[2024-08-15T13:46:40.951+0000][4696.895s][info][gc,heap     ] GC(971) Old regions: 396->396
[2024-08-15T13:46:40.951+0000][4696.895s][info][gc,heap     ] GC(971) Archive regions: 2->2
[2024-08-15T13:46:40.951+0000][4696.895s][info][gc,heap     ] GC(971) Humongous regions: 5->5
[2024-08-15T13:46:40.951+0000][4696.895s][info][gc,metaspace] GC(971) Metaspace: 440831K(447168K)->440831K(447168K) NonClass: 385836K(389440K)->385836K(389440K) Class: 54995K(57728K)->54995K(57728K)
[2024-08-15T13:46:40.951+0000][4696.895s][info][gc          ] GC(971) Pause Young (Normal) (G1 Evacuation Pause) 9708M->3272M(12288M) 24.763ms
[2024-08-15T13:46:40.951+0000][4696.895s][info][gc,cpu      ] GC(971) User=0.14s Sys=0.00s Real=0.02s
[2024-08-15T13:46:49.990+0000][4705.934s][info][gc,start    ] GC(972) Pause Young (Normal) (G1 Evacuation Pause)
[2024-08-15T13:46:49.990+0000][4705.934s][info][gc,task     ] GC(972) Using 6 workers of 6 for evacuation
[2024-08-15T13:46:50.016+0000][4705.961s][info][gc,phases   ] GC(972)   Pre Evacuate Collection Set: 0.2ms
[2024-08-15T13:46:50.016+0000][4705.961s][info][gc,phases   ] GC(972)   Merge Heap Roots: 0.2ms
[2024-08-15T13:46:50.016+0000][4705.961s][info][gc,phases   ] GC(972)   Evacuate Collection Set: 24.2ms
[2024-08-15T13:46:50.016+0000][4705.961s][info][gc,phases   ] GC(972)   Post Evacuate Collection Set: 1.7ms
[2024-08-15T13:46:50.016+0000][4705.961s][info][gc,phases   ] GC(972)   Other: 0.2ms
[2024-08-15T13:46:50.016+0000][4705.961s][info][gc,heap     ] GC(972) Eden regions: 803->0(800)
[2024-08-15T13:46:50.016+0000][4705.961s][info][gc,heap     ] GC(972) Survivor regions: 8->11(102)
[2024-08-15T13:46:50.016+0000][4705.961s][info][gc,heap     ] GC(972) Old regions: 396->396
[2024-08-15T13:46:50.016+0000][4705.961s][info][gc,heap     ] GC(972) Archive regions: 2->2
[2024-08-15T13:46:50.016+0000][4705.961s][info][gc,heap     ] GC(972) Humongous regions: 5->5
[2024-08-15T13:46:50.016+0000][4705.961s][info][gc,metaspace] GC(972) Metaspace: 440831K(447168K)->440831K(447168K) NonClass: 385836K(389440K)->385836K(389440K) Class: 54995K(57728K)->54995K(57728K)
[2024-08-15T13:46:50.016+0000][4705.961s][info][gc          ] GC(972) Pause Young (Normal) (G1 Evacuation Pause) 9696M->3297M(12288M) 26.577ms
[2024-08-15T13:46:50.016+0000][4705.961s][info][gc,cpu      ] GC(972) User=0.16s Sys=0.00s Real=0.03s
[2024-08-15T13:46:58.792+0000][4714.737s][info][gc,start    ] GC(973) Pause Young (Concurrent Start) (G1 Evacuation Pause)
[2024-08-15T13:46:58.792+0000][4714.737s][info][gc,task     ] GC(973) Using 6 workers of 6 for evacuation
[2024-08-15T13:46:58.825+0000][4714.770s][info][gc,phases   ] GC(973)   Pre Evacuate Collection Set: 0.6ms
[2024-08-15T13:46:58.825+0000][4714.770s][info][gc,phases   ] GC(973)   Merge Heap Roots: 0.2ms
[2024-08-15T13:46:58.825+0000][4714.770s][info][gc,phases   ] GC(973)   Evacuate Collection Set: 30.3ms
[2024-08-15T13:46:58.825+0000][4714.770s][info][gc,phases   ] GC(973)   Post Evacuate Collection Set: 1.7ms
[2024-08-15T13:46:58.825+0000][4714.770s][info][gc,phases   ] GC(973)   Other: 0.3ms
[2024-08-15T13:46:58.825+0000][4714.770s][info][gc,heap     ] GC(973) Eden regions: 800->0(797)
[2024-08-15T13:46:58.825+0000][4714.770s][info][gc,heap     ] GC(973) Survivor regions: 11->14(102)
[2024-08-15T13:46:58.825+0000][4714.770s][info][gc,heap     ] GC(973) Old regions: 396->396
[2024-08-15T13:46:58.825+0000][4714.770s][info][gc,heap     ] GC(973) Archive regions: 2->2
[2024-08-15T13:46:58.825+0000][4714.770s][info][gc,heap     ] GC(973) Humongous regions: 5->5
[2024-08-15T13:46:58.825+0000][4714.770s][info][gc,metaspace] GC(973) Metaspace: 440832K(447168K)->440832K(447168K) NonClass: 385836K(389440K)->385836K(389440K) Class: 54995K(57728K)->54995K(57728K)
[2024-08-15T13:46:58.825+0000][4714.770s][info][gc          ] GC(973) Pause Young (Concurrent Start) (G1 Evacuation Pause) 9697M->3324M(12288M) 33.180ms
[2024-08-15T13:46:58.825+0000][4714.770s][info][gc,cpu      ] GC(973) User=0.19s Sys=0.00s Real=0.04s
[2024-08-15T13:46:58.825+0000][4714.770s][info][gc          ] GC(974) Concurrent Mark Cycle
[2024-08-15T13:46:58.825+0000][4714.770s][info][gc,marking  ] GC(974) Concurrent Clear Claimed Marks
[2024-08-15T13:46:58.826+0000][4714.770s][info][gc,marking  ] GC(974) Concurrent Clear Claimed Marks 0.437ms
[2024-08-15T13:46:58.826+0000][4714.770s][info][gc,marking  ] GC(974) Concurrent Scan Root Regions
[2024-08-15T13:46:58.854+0000][4714.799s][info][gc,marking  ] GC(974) Concurrent Scan Root Regions 28.729ms
[2024-08-15T13:46:58.854+0000][4714.799s][info][gc,marking  ] GC(974) Concurrent Mark
[2024-08-15T13:46:58.854+0000][4714.799s][info][gc,marking  ] GC(974) Concurrent Mark From Roots
[2024-08-15T13:46:58.854+0000][4714.799s][info][gc,task     ] GC(974) Using 2 workers of 2 for marking
[2024-08-15T13:47:01.520+0000][4717.465s][info][gc,marking  ] GC(974) Concurrent Mark From Roots 2665.941ms
[2024-08-15T13:47:01.520+0000][4717.465s][info][gc,marking  ] GC(974) Concurrent Preclean
[2024-08-15T13:47:01.522+0000][4717.466s][info][gc,marking  ] GC(974) Concurrent Preclean 1.282ms
[2024-08-15T13:47:01.522+0000][4717.466s][info][gc,start    ] GC(974) Pause Remark
[2024-08-15T13:47:01.544+0000][4717.489s][info][gc          ] GC(974) Pause Remark 5240M->5240M(12288M) 22.359ms
[2024-08-15T13:47:01.544+0000][4717.489s][info][gc,cpu      ] GC(974) User=0.10s Sys=0.00s Real=0.03s
[2024-08-15T13:47:01.544+0000][4717.489s][info][gc,marking  ] GC(974) Concurrent Mark 2690.019ms
[2024-08-15T13:47:01.544+0000][4717.489s][info][gc,marking  ] GC(974) Concurrent Rebuild Remembered Sets
[2024-08-15T13:47:02.980+0000][4718.925s][info][gc,marking  ] GC(974) Concurrent Rebuild Remembered Sets 1435.738ms
[2024-08-15T13:47:02.980+0000][4718.925s][info][gc,start    ] GC(974) Pause Cleanup
[2024-08-15T13:47:02.981+0000][4718.926s][info][gc          ] GC(974) Pause Cleanup 6224M->6224M(12288M) 0.656ms
[2024-08-15T13:47:02.981+0000][4718.926s][info][gc,cpu      ] GC(974) User=0.00s Sys=0.00s Real=0.00s
[2024-08-15T13:47:02.981+0000][4718.926s][info][gc,marking  ] GC(974) Concurrent Cleanup for Next Mark
[2024-08-15T13:47:02.999+0000][4718.944s][info][gc,marking  ] GC(974) Concurrent Cleanup for Next Mark 17.802ms
[2024-08-15T13:47:02.999+0000][4718.944s][info][gc          ] GC(974) Concurrent Mark Cycle 4173.824ms
[2024-08-15T13:47:07.443+0000][4723.388s][info][gc,start    ] GC(975) Pause Young (Prepare Mixed) (G1 Evacuation Pause)
[2024-08-15T13:47:07.443+0000][4723.388s][info][gc,task     ] GC(975) Using 6 workers of 6 for evacuation
[2024-08-15T13:47:07.479+0000][4723.423s][info][gc,phases   ] GC(975)   Pre Evacuate Collection Set: 0.2ms
[2024-08-15T13:47:07.479+0000][4723.423s][info][gc,phases   ] GC(975)   Merge Heap Roots: 0.3ms
[2024-08-15T13:47:07.479+0000][4723.423s][info][gc,phases   ] GC(975)   Evacuate Collection Set: 33.2ms
[2024-08-15T13:47:07.479+0000][4723.423s][info][gc,phases   ] GC(975)   Post Evacuate Collection Set: 1.8ms
[2024-08-15T13:47:07.479+0000][4723.423s][info][gc,phases   ] GC(975)   Other: 0.2ms
[2024-08-15T13:47:07.479+0000][4723.423s][info][gc,heap     ] GC(975) Eden regions: 797->0(62)
[2024-08-15T13:47:07.479+0000][4723.423s][info][gc,heap     ] GC(975) Survivor regions: 14->14(102)
[2024-08-15T13:47:07.479+0000][4723.423s][info][gc,heap     ] GC(975) Old regions: 396->396
[2024-08-15T13:47:07.479+0000][4723.423s][info][gc,heap     ] GC(975) Archive regions: 2->2
[2024-08-15T13:47:07.479+0000][4723.423s][info][gc,heap     ] GC(975) Humongous regions: 5->5
[2024-08-15T13:47:07.479+0000][4723.423s][info][gc,metaspace] GC(975) Metaspace: 440832K(447168K)->440832K(447168K) NonClass: 385836K(389440K)->385836K(389440K) Class: 54995K(57728K)->54995K(57728K)
[2024-08-15T13:47:07.479+0000][4723.423s][info][gc          ] GC(975) Pause Young (Prepare Mixed) (G1 Evacuation Pause) 9700M->3319M(12288M) 35.709ms
[2024-08-15T13:47:07.479+0000][4723.424s][info][gc,cpu      ] GC(975) User=0.21s Sys=0.00s Real=0.03s
[2024-08-15T13:47:08.145+0000][4724.090s][info][gc,start    ] GC(976) Pause Young (Mixed) (G1 Evacuation Pause)
[2024-08-15T13:47:08.145+0000][4724.090s][info][gc,task     ] GC(976) Using 6 workers of 6 for evacuation
[2024-08-15T13:47:08.228+0000][4724.173s][info][gc,phases   ] GC(976)   Pre Evacuate Collection Set: 0.2ms
[2024-08-15T13:47:08.228+0000][4724.173s][info][gc,phases   ] GC(976)   Merge Heap Roots: 0.4ms
[2024-08-15T13:47:08.228+0000][4724.173s][info][gc,phases   ] GC(976)   Evacuate Collection Set: 81.2ms
[2024-08-15T13:47:08.228+0000][4724.173s][info][gc,phases   ] GC(976)   Post Evacuate Collection Set: 1.2ms
[2024-08-15T13:47:08.228+0000][4724.173s][info][gc,phases   ] GC(976)   Other: 0.2ms
[2024-08-15T13:47:08.228+0000][4724.173s][info][gc,heap     ] GC(976) Eden regions: 62->0(808)
[2024-08-15T13:47:08.228+0000][4724.173s][info][gc,heap     ] GC(976) Survivor regions: 14->5(10)
[2024-08-15T13:47:08.228+0000][4724.173s][info][gc,heap     ] GC(976) Old regions: 396->395
[2024-08-15T13:47:08.228+0000][4724.173s][info][gc,heap     ] GC(976) Archive regions: 2->2
[2024-08-15T13:47:08.228+0000][4724.173s][info][gc,heap     ] GC(976) Humongous regions: 5->5
[2024-08-15T13:47:08.228+0000][4724.173s][info][gc,metaspace] GC(976) Metaspace: 440832K(447168K)->440832K(447168K) NonClass: 385836K(389440K)->385836K(389440K) Class: 54995K(57728K)->54995K(57728K)
[2024-08-15T13:47:08.228+0000][4724.173s][info][gc          ] GC(976) Pause Young (Mixed) (G1 Evacuation Pause) 3815M->3239M(12288M) 83.238ms
[2024-08-15T13:47:08.228+0000][4724.173s][info][gc,cpu      ] GC(976) User=0.50s Sys=0.00s Real=0.08s
[2024-08-15T13:47:16.996+0000][4732.941s][info][gc,start    ] GC(977) Pause Young (Normal) (G1 Evacuation Pause)
[2024-08-15T13:47:16.996+0000][4732.941s][info][gc,task     ] GC(977) Using 6 workers of 6 for evacuation
[2024-08-15T13:47:17.017+0000][4732.962s][info][gc,phases   ] GC(977)   Pre Evacuate Collection Set: 0.2ms
[2024-08-15T13:47:17.017+0000][4732.962s][info][gc,phases   ] GC(977)   Merge Heap Roots: 0.2ms
[2024-08-15T13:47:17.017+0000][4732.962s][info][gc,phases   ] GC(977)   Evacuate Collection Set: 18.9ms
[2024-08-15T13:47:17.017+0000][4732.962s][info][gc,phases   ] GC(977)   Post Evacuate Collection Set: 1.7ms
[2024-08-15T13:47:17.017+0000][4732.962s][info][gc,phases   ] GC(977)   Other: 0.2ms
[2024-08-15T13:47:17.017+0000][4732.962s][info][gc,heap     ] GC(977) Eden regions: 808->0(805)
[2024-08-15T13:47:17.017+0000][4732.962s][info][gc,heap     ] GC(977) Survivor regions: 5->8(102)
[2024-08-15T13:47:17.017+0000][4732.962s][info][gc,heap     ] GC(977) Old regions: 395->395
[2024-08-15T13:47:17.017+0000][4732.962s][info][gc,heap     ] GC(977) Archive regions: 2->2
[2024-08-15T13:47:17.017+0000][4732.962s][info][gc,heap     ] GC(977) Humongous regions: 5->5
[2024-08-15T13:47:17.017+0000][4732.962s][info][gc,metaspace] GC(977) Metaspace: 440833K(447168K)->440833K(447168K) NonClass: 385838K(389440K)->385838K(389440K) Class: 54995K(57728K)->54995K(57728K)
[2024-08-15T13:47:17.017+0000][4732.962s][info][gc          ] GC(977) Pause Young (Normal) (G1 Evacuation Pause) 9703M->3266M(12288M) 21.227ms
[2024-08-15T13:47:17.017+0000][4732.962s][info][gc,cpu      ] GC(977) User=0.12s Sys=0.00s Real=0.02s
[2024-08-15T13:47:25.893+0000][4741.837s][info][gc,start    ] GC(978) Pause Young (Normal) (G1 Evacuation Pause)
[2024-08-15T13:47:25.893+0000][4741.837s][info][gc,task     ] GC(978) Using 6 workers of 6 for evacuation
[2024-08-15T13:47:25.919+0000][4741.864s][info][gc,phases   ] GC(978)   Pre Evacuate Collection Set: 0.2ms
[2024-08-15T13:47:25.919+0000][4741.864s][info][gc,phases   ] GC(978)   Merge Heap Roots: 0.2ms
[2024-08-15T13:47:25.919+0000][4741.864s][info][gc,phases   ] GC(978)   Evacuate Collection Set: 24.4ms
[2024-08-15T13:47:25.919+0000][4741.864s][info][gc,phases   ] GC(978)   Post Evacuate Collection Set: 1.7ms
[2024-08-15T13:47:25.919+0000][4741.864s][info][gc,phases   ] GC(978)   Other: 0.3ms
[2024-08-15T13:47:25.919+0000][4741.864s][info][gc,heap     ] GC(978) Eden regions: 805->0(802)
[2024-08-15T13:47:25.919+0000][4741.864s][info][gc,heap     ] GC(978) Survivor regions: 8->11(102)
[2024-08-15T13:47:25.919+0000][4741.864s][info][gc,heap     ] GC(978) Old regions: 395->395
[2024-08-15T13:47:25.919+0000][4741.864s][info][gc,heap     ] GC(978) Archive regions: 2->2
[2024-08-15T13:47:25.919+0000][4741.864s][info][gc,heap     ] GC(978) Humongous regions: 5->5
[2024-08-15T13:47:25.919+0000][4741.864s][info][gc,metaspace] GC(978) Metaspace: 440833K(447168K)->440833K(447168K) NonClass: 385838K(389440K)->385838K(389440K) Class: 54995K(57728K)->54995K(57728K)
[2024-08-15T13:47:25.919+0000][4741.864s][info][gc          ] GC(978) Pause Young (Normal) (G1 Evacuation Pause) 9706M->3292M(12288M) 26.900ms
[2024-08-15T13:47:25.920+0000][4741.864s][info][gc,cpu      ] GC(978) User=0.16s Sys=0.00s Real=0.03s
[2024-08-15T13:47:34.458+0000][4750.402s][info][gc,start    ] GC(979) Pause Young (Concurrent Start) (G1 Evacuation Pause)
[2024-08-15T13:47:34.458+0000][4750.402s][info][gc,task     ] GC(979) Using 6 workers of 6 for evacuation
[2024-08-15T13:47:34.492+0000][4750.436s][info][gc,phases   ] GC(979)   Pre Evacuate Collection Set: 0.6ms
[2024-08-15T13:47:34.492+0000][4750.436s][info][gc,phases   ] GC(979)   Merge Heap Roots: 0.2ms
[2024-08-15T13:47:34.492+0000][4750.436s][info][gc,phases   ] GC(979)   Evacuate Collection Set: 31.2ms
[2024-08-15T13:47:34.492+0000][4750.436s][info][gc,phases   ] GC(979)   Post Evacuate Collection Set: 1.8ms
[2024-08-15T13:47:34.492+0000][4750.436s][info][gc,phases   ] GC(979)   Other: 0.3ms
[2024-08-15T13:47:34.492+0000][4750.436s][info][gc,heap     ] GC(979) Eden regions: 802->0(800)
[2024-08-15T13:47:34.492+0000][4750.436s][info][gc,heap     ] GC(979) Survivor regions: 11->13(102)
[2024-08-15T13:47:34.492+0000][4750.436s][info][gc,heap     ] GC(979) Old regions: 395->395
[2024-08-15T13:47:34.492+0000][4750.436s][info][gc,heap     ] GC(979) Archive regions: 2->2
[2024-08-15T13:47:34.492+0000][4750.436s][info][gc,heap     ] GC(979) Humongous regions: 5->5
[2024-08-15T13:47:34.492+0000][4750.436s][info][gc,metaspace] GC(979) Metaspace: 440835K(447168K)->440835K(447168K) NonClass: 385839K(389440K)->385839K(389440K) Class: 54995K(57728K)->54995K(57728K)
[2024-08-15T13:47:34.492+0000][4750.436s][info][gc          ] GC(979) Pause Young (Concurrent Start) (G1 Evacuation Pause) 9708M->3303M(12288M) 34.211ms
[2024-08-15T13:47:34.492+0000][4750.436s][info][gc,cpu      ] GC(979) User=0.20s Sys=0.00s Real=0.03s
[2024-08-15T13:47:34.492+0000][4750.437s][info][gc          ] GC(980) Concurrent Mark Cycle
[2024-08-15T13:47:34.492+0000][4750.437s][info][gc,marking  ] GC(980) Concurrent Clear Claimed Marks
[2024-08-15T13:47:34.492+0000][4750.437s][info][gc,marking  ] GC(980) Concurrent Clear Claimed Marks 0.430ms
[2024-08-15T13:47:34.492+0000][4750.437s][info][gc,marking  ] GC(980) Concurrent Scan Root Regions
[2024-08-15T13:47:34.518+0000][4750.463s][info][gc,marking  ] GC(980) Concurrent Scan Root Regions 25.976ms
[2024-08-15T13:47:34.518+0000][4750.463s][info][gc,marking  ] GC(980) Concurrent Mark
[2024-08-15T13:47:34.518+0000][4750.463s][info][gc,marking  ] GC(980) Concurrent Mark From Roots
[2024-08-15T13:47:34.518+0000][4750.463s][info][gc,task     ] GC(980) Using 2 workers of 2 for marking
[2024-08-15T13:47:37.132+0000][4753.076s][info][gc,marking  ] GC(980) Concurrent Mark From Roots 2613.251ms
[2024-08-15T13:47:37.132+0000][4753.076s][info][gc,marking  ] GC(980) Concurrent Preclean
[2024-08-15T13:47:37.133+0000][4753.078s][info][gc,marking  ] GC(980) Concurrent Preclean 1.436ms
[2024-08-15T13:47:37.133+0000][4753.078s][info][gc,start    ] GC(980) Pause Remark
[2024-08-15T13:47:37.156+0000][4753.100s][info][gc          ] GC(980) Pause Remark 5119M->5119M(12288M) 22.337ms
[2024-08-15T13:47:37.156+0000][4753.100s][info][gc,cpu      ] GC(980) User=0.09s Sys=0.00s Real=0.03s
[2024-08-15T13:47:37.156+0000][4753.100s][info][gc,marking  ] GC(980) Concurrent Mark 2637.482ms
[2024-08-15T13:47:37.156+0000][4753.100s][info][gc,marking  ] GC(980) Concurrent Rebuild Remembered Sets
[2024-08-15T13:47:38.556+0000][4754.501s][info][gc,marking  ] GC(980) Concurrent Rebuild Remembered Sets 1400.171ms
[2024-08-15T13:47:38.556+0000][4754.501s][info][gc,start    ] GC(980) Pause Cleanup
[2024-08-15T13:47:38.557+0000][4754.501s][info][gc          ] GC(980) Pause Cleanup 6107M->6107M(12288M) 0.610ms
[2024-08-15T13:47:38.557+0000][4754.501s][info][gc,cpu      ] GC(980) User=0.00s Sys=0.00s Real=0.00s
[2024-08-15T13:47:38.557+0000][4754.502s][info][gc,marking  ] GC(980) Concurrent Cleanup for Next Mark
[2024-08-15T13:47:38.574+0000][4754.519s][info][gc,marking  ] GC(980) Concurrent Cleanup for Next Mark 17.420ms
[2024-08-15T13:47:38.574+0000][4754.519s][info][gc          ] GC(980) Concurrent Mark Cycle 4082.500ms
[2024-08-15T13:47:43.498+0000][4759.442s][info][gc,start    ] GC(981) Pause Young (Prepare Mixed) (G1 Evacuation Pause)
[2024-08-15T13:47:43.498+0000][4759.442s][info][gc,task     ] GC(981) Using 6 workers of 6 for evacuation
[2024-08-15T13:47:43.534+0000][4759.479s][info][gc,phases   ] GC(981)   Pre Evacuate Collection Set: 0.2ms
[2024-08-15T13:47:43.534+0000][4759.479s][info][gc,phases   ] GC(981)   Merge Heap Roots: 0.4ms
[2024-08-15T13:47:43.534+0000][4759.479s][info][gc,phases   ] GC(981)   Evacuate Collection Set: 33.8ms
[2024-08-15T13:47:43.534+0000][4759.479s][info][gc,phases   ] GC(981)   Post Evacuate Collection Set: 1.8ms
[2024-08-15T13:47:43.534+0000][4759.479s][info][gc,phases   ] GC(981)   Other: 0.2ms
[2024-08-15T13:47:43.534+0000][4759.479s][info][gc,heap     ] GC(981) Eden regions: 800->0(61)
[2024-08-15T13:47:43.534+0000][4759.479s][info][gc,heap     ] GC(981) Survivor regions: 13->15(102)
[2024-08-15T13:47:43.534+0000][4759.479s][info][gc,heap     ] GC(981) Old regions: 395->395
[2024-08-15T13:47:43.534+0000][4759.479s][info][gc,heap     ] GC(981) Archive regions: 2->2
[2024-08-15T13:47:43.534+0000][4759.479s][info][gc,heap     ] GC(981) Humongous regions: 5->5
[2024-08-15T13:47:43.534+0000][4759.479s][info][gc,metaspace] GC(981) Metaspace: 440854K(447168K)->440854K(447168K) NonClass: 385859K(389440K)->385859K(389440K) Class: 54995K(57728K)->54995K(57728K)
[2024-08-15T13:47:43.534+0000][4759.479s][info][gc          ] GC(981) Pause Young (Prepare Mixed) (G1 Evacuation Pause) 9703M->3322M(12288M) 36.461ms
[2024-08-15T13:47:43.534+0000][4759.479s][info][gc,cpu      ] GC(981) User=0.21s Sys=0.00s Real=0.03s
[2024-08-15T13:47:44.193+0000][4760.138s][info][gc,start    ] GC(982) Pause Young (Mixed) (G1 Evacuation Pause)
[2024-08-15T13:47:44.193+0000][4760.138s][info][gc,task     ] GC(982) Using 6 workers of 6 for evacuation
[2024-08-15T13:47:44.280+0000][4760.224s][info][gc,phases   ] GC(982)   Pre Evacuate Collection Set: 0.2ms
[2024-08-15T13:47:44.280+0000][4760.224s][info][gc,phases   ] GC(982)   Merge Heap Roots: 0.4ms
[2024-08-15T13:47:44.280+0000][4760.224s][info][gc,phases   ] GC(982)   Evacuate Collection Set: 84.3ms
[2024-08-15T13:47:44.280+0000][4760.224s][info][gc,phases   ] GC(982)   Post Evacuate Collection Set: 1.3ms
[2024-08-15T13:47:44.280+0000][4760.224s][info][gc,phases   ] GC(982)   Other: 0.2ms
[2024-08-15T13:47:44.280+0000][4760.224s][info][gc,heap     ] GC(982) Eden regions: 61->0(803)
[2024-08-15T13:47:44.280+0000][4760.224s][info][gc,heap     ] GC(982) Survivor regions: 15->6(10)
[2024-08-15T13:47:44.280+0000][4760.224s][info][gc,heap     ] GC(982) Old regions: 395->398
[2024-08-15T13:47:44.280+0000][4760.224s][info][gc,heap     ] GC(982) Archive regions: 2->2
[2024-08-15T13:47:44.280+0000][4760.224s][info][gc,heap     ] GC(982) Humongous regions: 5->5
[2024-08-15T13:47:44.280+0000][4760.224s][info][gc,metaspace] GC(982) Metaspace: 440855K(447168K)->440855K(447168K) NonClass: 385860K(389440K)->385860K(389440K) Class: 54995K(57728K)->54995K(57728K)
[2024-08-15T13:47:44.280+0000][4760.224s][info][gc          ] GC(982) Pause Young (Mixed) (G1 Evacuation Pause) 3810M->3269M(12288M) 86.489ms
[2024-08-15T13:47:44.280+0000][4760.224s][info][gc,cpu      ] GC(982) User=0.51s Sys=0.00s Real=0.09s
[2024-08-15T13:47:53.183+0000][4769.127s][info][gc,start    ] GC(983) Pause Young (Normal) (G1 Evacuation Pause)
[2024-08-15T13:47:53.183+0000][4769.127s][info][gc,task     ] GC(983) Using 6 workers of 6 for evacuation
[2024-08-15T13:47:53.204+0000][4769.149s][info][gc,phases   ] GC(983)   Pre Evacuate Collection Set: 0.2ms
[2024-08-15T13:47:53.204+0000][4769.149s][info][gc,phases   ] GC(983)   Merge Heap Roots: 0.3ms
[2024-08-15T13:47:53.204+0000][4769.149s][info][gc,phases   ] GC(983)   Evacuate Collection Set: 19.3ms
[2024-08-15T13:47:53.204+0000][4769.149s][info][gc,phases   ] GC(983)   Post Evacuate Collection Set: 1.8ms
[2024-08-15T13:47:53.204+0000][4769.149s][info][gc,phases   ] GC(983)   Other: 0.2ms
[2024-08-15T13:47:53.204+0000][4769.149s][info][gc,heap     ] GC(983) Eden regions: 803->0(800)
[2024-08-15T13:47:53.204+0000][4769.149s][info][gc,heap     ] GC(983) Survivor regions: 6->9(102)
[2024-08-15T13:47:53.204+0000][4769.149s][info][gc,heap     ] GC(983) Old regions: 398->398
[2024-08-15T13:47:53.204+0000][4769.149s][info][gc,heap     ] GC(983) Archive regions: 2->2
[2024-08-15T13:47:53.204+0000][4769.149s][info][gc,heap     ] GC(983) Humongous regions: 5->5
[2024-08-15T13:47:53.204+0000][4769.149s][info][gc,metaspace] GC(983) Metaspace: 440855K(447168K)->440855K(447168K) NonClass: 385860K(389440K)->385860K(389440K) Class: 54995K(57728K)->54995K(57728K)
[2024-08-15T13:47:53.204+0000][4769.149s][info][gc          ] GC(983) Pause Young (Normal) (G1 Evacuation Pause) 9693M->3291M(12288M) 21.734ms
[2024-08-15T13:47:53.204+0000][4769.149s][info][gc,cpu      ] GC(983) User=0.13s Sys=0.00s Real=0.03s
[2024-08-15T13:48:01.795+0000][4777.739s][info][gc,start    ] GC(984) Pause Young (Normal) (G1 Evacuation Pause)
[2024-08-15T13:48:01.795+0000][4777.739s][info][gc,task     ] GC(984) Using 6 workers of 6 for evacuation
[2024-08-15T13:48:01.824+0000][4777.768s][info][gc,phases   ] GC(984)   Pre Evacuate Collection Set: 0.2ms
[2024-08-15T13:48:01.824+0000][4777.768s][info][gc,phases   ] GC(984)   Merge Heap Roots: 0.3ms
[2024-08-15T13:48:01.824+0000][4777.768s][info][gc,phases   ] GC(984)   Evacuate Collection Set: 26.6ms
[2024-08-15T13:48:01.824+0000][4777.768s][info][gc,phases   ] GC(984)   Post Evacuate Collection Set: 1.8ms
[2024-08-15T13:48:01.824+0000][4777.768s][info][gc,phases   ] GC(984)   Other: 0.2ms
[2024-08-15T13:48:01.824+0000][4777.768s][info][gc,heap     ] GC(984) Eden regions: 800->0(798)
[2024-08-15T13:48:01.824+0000][4777.768s][info][gc,heap     ] GC(984) Survivor regions: 9->11(102)
[2024-08-15T13:48:01.824+0000][4777.768s][info][gc,heap     ] GC(984) Old regions: 398->398
[2024-08-15T13:48:01.824+0000][4777.768s][info][gc,heap     ] GC(984) Archive regions: 2->2
[2024-08-15T13:48:01.824+0000][4777.768s][info][gc,heap     ] GC(984) Humongous regions: 5->5
[2024-08-15T13:48:01.824+0000][4777.768s][info][gc,metaspace] GC(984) Metaspace: 440855K(447168K)->440855K(447168K) NonClass: 385860K(389440K)->385860K(389440K) Class: 54995K(57728K)->54995K(57728K)
[2024-08-15T13:48:01.824+0000][4777.768s][info][gc          ] GC(984) Pause Young (Normal) (G1 Evacuation Pause) 9691M->3307M(12288M) 29.059ms
[2024-08-15T13:48:01.824+0000][4777.768s][info][gc,cpu      ] GC(984) User=0.17s Sys=0.00s Real=0.04s
[2024-08-15T13:48:05.978+0000][4781.923s][info][gc,start    ] GC(985) Pause Young (Concurrent Start) (G1 Evacuation Pause)
[2024-08-15T13:48:05.978+0000][4781.923s][info][gc,task     ] GC(985) Using 6 workers of 6 for evacuation
[2024-08-15T13:48:06.042+0000][4781.986s][info][gc,phases   ] GC(985)   Pre Evacuate Collection Set: 0.6ms
[2024-08-15T13:48:06.042+0000][4781.986s][info][gc,phases   ] GC(985)   Merge Heap Roots: 0.2ms
[2024-08-15T13:48:06.042+0000][4781.986s][info][gc,phases   ] GC(985)   Evacuate Collection Set: 50.7ms
[2024-08-15T13:48:06.042+0000][4781.986s][info][gc,phases   ] GC(985)   Post Evacuate Collection Set: 11.5ms
[2024-08-15T13:48:06.042+0000][4781.986s][info][gc,phases   ] GC(985)   Other: 0.3ms
[2024-08-15T13:48:06.042+0000][4781.986s][info][gc,heap     ] GC(985) Eden regions: 798->0(794)
[2024-08-15T13:48:06.042+0000][4781.986s][info][gc,heap     ] GC(985) Survivor regions: 11->14(102)
[2024-08-15T13:48:06.042+0000][4781.986s][info][gc,heap     ] GC(985) Old regions: 398->398
[2024-08-15T13:48:06.042+0000][4781.986s][info][gc,heap     ] GC(985) Archive regions: 2->2
[2024-08-15T13:48:06.042+0000][4781.986s][info][gc,heap     ] GC(985) Humongous regions: 5->5
[2024-08-15T13:48:06.042+0000][4781.986s][info][gc,metaspace] GC(985) Metaspace: 440855K(447168K)->440855K(447168K) NonClass: 385860K(389440K)->385860K(389440K) Class: 54995K(57728K)->54995K(57728K)
[2024-08-15T13:48:06.042+0000][4781.986s][info][gc          ] GC(985) Pause Young (Concurrent Start) (G1 Evacuation Pause) 9691M->3328M(12288M) 63.298ms
[2024-08-15T13:48:06.042+0000][4781.986s][info][gc,cpu      ] GC(985) User=0.37s Sys=0.00s Real=0.06s
[2024-08-15T13:48:06.042+0000][4781.986s][info][gc          ] GC(986) Concurrent Mark Cycle
[2024-08-15T13:48:06.042+0000][4781.986s][info][gc,marking  ] GC(986) Concurrent Clear Claimed Marks
[2024-08-15T13:48:06.042+0000][4781.987s][info][gc,marking  ] GC(986) Concurrent Clear Claimed Marks 0.437ms
[2024-08-15T13:48:06.042+0000][4781.987s][info][gc,marking  ] GC(986) Concurrent Scan Root Regions
[2024-08-15T13:48:06.091+0000][4782.036s][info][gc,marking  ] GC(986) Concurrent Scan Root Regions 48.924ms
[2024-08-15T13:48:06.091+0000][4782.036s][info][gc,marking  ] GC(986) Concurrent Mark
[2024-08-15T13:48:06.091+0000][4782.036s][info][gc,marking  ] GC(986) Concurrent Mark From Roots
[2024-08-15T13:48:06.091+0000][4782.036s][info][gc,task     ] GC(986) Using 2 workers of 2 for marking
[2024-08-15T13:48:08.801+0000][4784.746s][info][gc,marking  ] GC(986) Concurrent Mark From Roots 2710.086ms
[2024-08-15T13:48:08.801+0000][4784.746s][info][gc,marking  ] GC(986) Concurrent Preclean
[2024-08-15T13:48:08.803+0000][4784.747s][info][gc,marking  ] GC(986) Concurrent Preclean 1.398ms
[2024-08-15T13:48:08.803+0000][4784.748s][info][gc,start    ] GC(986) Pause Remark
[2024-08-15T13:48:08.825+0000][4784.770s][info][gc          ] GC(986) Pause Remark 8968M->8968M(12288M) 22.306ms
[2024-08-15T13:48:08.825+0000][4784.770s][info][gc,cpu      ] GC(986) User=0.10s Sys=0.00s Real=0.03s
[2024-08-15T13:48:08.826+0000][4784.770s][info][gc,marking  ] GC(986) Concurrent Mark 2734.368ms
[2024-08-15T13:48:08.826+0000][4784.770s][info][gc,marking  ] GC(986) Concurrent Rebuild Remembered Sets
[2024-08-15T13:48:09.147+0000][4785.092s][info][gc,start    ] GC(987) Pause Young (Normal) (G1 Evacuation Pause)
[2024-08-15T13:48:09.147+0000][4785.092s][info][gc,task     ] GC(987) Using 6 workers of 6 for evacuation
[2024-08-15T13:48:09.230+0000][4785.175s][info][gc,phases   ] GC(987)   Pre Evacuate Collection Set: 0.2ms
[2024-08-15T13:48:09.230+0000][4785.175s][info][gc,phases   ] GC(987)   Merge Heap Roots: 0.2ms
[2024-08-15T13:48:09.230+0000][4785.175s][info][gc,phases   ] GC(987)   Evacuate Collection Set: 66.5ms
[2024-08-15T13:48:09.230+0000][4785.175s][info][gc,phases   ] GC(987)   Post Evacuate Collection Set: 15.7ms
[2024-08-15T13:48:09.230+0000][4785.175s][info][gc,phases   ] GC(987)   Other: 0.2ms
[2024-08-15T13:48:09.230+0000][4785.175s][info][gc,heap     ] GC(987) Eden regions: 794->0(789)
[2024-08-15T13:48:09.230+0000][4785.175s][info][gc,heap     ] GC(987) Survivor regions: 14->17(101)
[2024-08-15T13:48:09.230+0000][4785.175s][info][gc,heap     ] GC(987) Old regions: 398->398
[2024-08-15T13:48:09.230+0000][4785.175s][info][gc,heap     ] GC(987) Archive regions: 2->2
[2024-08-15T13:48:09.230+0000][4785.175s][info][gc,heap     ] GC(987) Humongous regions: 5->5
[2024-08-15T13:48:09.230+0000][4785.175s][info][gc,metaspace] GC(987) Metaspace: 440856K(447168K)->440856K(447168K) NonClass: 385861K(389440K)->385861K(389440K) Class: 54995K(57728K)->54995K(57728K)
[2024-08-15T13:48:09.230+0000][4785.175s][info][gc          ] GC(987) Pause Young (Normal) (G1 Evacuation Pause) 9680M->3355M(12288M) 82.909ms
[2024-08-15T13:48:09.230+0000][4785.175s][info][gc,cpu      ] GC(987) User=0.48s Sys=0.00s Real=0.08s
[2024-08-15T13:48:10.375+0000][4786.320s][info][gc,marking  ] GC(986) Concurrent Rebuild Remembered Sets 1549.568ms
[2024-08-15T13:48:10.375+0000][4786.320s][info][gc,start    ] GC(986) Pause Cleanup
[2024-08-15T13:48:10.376+0000][4786.321s][info][gc          ] GC(986) Pause Cleanup 5719M->5719M(12288M) 0.617ms
[2024-08-15T13:48:10.376+0000][4786.321s][info][gc,cpu      ] GC(986) User=0.00s Sys=0.00s Real=0.00s
[2024-08-15T13:48:10.376+0000][4786.321s][info][gc,marking  ] GC(986) Concurrent Cleanup for Next Mark
[2024-08-15T13:48:10.393+0000][4786.338s][info][gc,marking  ] GC(986) Concurrent Cleanup for Next Mark 17.204ms
[2024-08-15T13:48:10.393+0000][4786.338s][info][gc          ] GC(986) Concurrent Mark Cycle 4351.602ms
[2024-08-15T13:48:11.920+0000][4787.865s][info][gc,start    ] GC(988) Pause Young (Prepare Mixed) (G1 Evacuation Pause)
[2024-08-15T13:48:11.920+0000][4787.865s][info][gc,task     ] GC(988) Using 6 workers of 6 for evacuation
[2024-08-15T13:48:12.040+0000][4787.984s][info][gc,phases   ] GC(988)   Pre Evacuate Collection Set: 0.2ms
[2024-08-15T13:48:12.040+0000][4787.984s][info][gc,phases   ] GC(988)   Merge Heap Roots: 0.4ms
[2024-08-15T13:48:12.040+0000][4787.984s][info][gc,phases   ] GC(988)   Evacuate Collection Set: 95.9ms
[2024-08-15T13:48:12.040+0000][4787.984s][info][gc,phases   ] GC(988)   Post Evacuate Collection Set: 22.4ms
[2024-08-15T13:48:12.040+0000][4787.984s][info][gc,phases   ] GC(988)   Other: 0.2ms
[2024-08-15T13:48:12.040+0000][4787.984s][info][gc,heap     ] GC(988) Eden regions: 789->0(54)
[2024-08-15T13:48:12.040+0000][4787.984s][info][gc,heap     ] GC(988) Survivor regions: 17->22(101)
[2024-08-15T13:48:12.040+0000][4787.984s][info][gc,heap     ] GC(988) Old regions: 398->398
[2024-08-15T13:48:12.040+0000][4787.984s][info][gc,heap     ] GC(988) Archive regions: 2->2
[2024-08-15T13:48:12.040+0000][4787.984s][info][gc,heap     ] GC(988) Humongous regions: 5->5
[2024-08-15T13:48:12.040+0000][4787.984s][info][gc,metaspace] GC(988) Metaspace: 440856K(447168K)->440856K(447168K) NonClass: 385861K(389440K)->385861K(389440K) Class: 54995K(57728K)->54995K(57728K)
[2024-08-15T13:48:12.040+0000][4787.984s][info][gc          ] GC(988) Pause Young (Prepare Mixed) (G1 Evacuation Pause) 9667M->3397M(12288M) 119.229ms
[2024-08-15T13:48:12.040+0000][4787.984s][info][gc,cpu      ] GC(988) User=0.69s Sys=0.00s Real=0.12s
[2024-08-15T13:48:12.230+0000][4788.174s][info][gc,start    ] GC(989) Pause Young (Mixed) (G1 Evacuation Pause)
[2024-08-15T13:48:12.230+0000][4788.174s][info][gc,task     ] GC(989) Using 6 workers of 6 for evacuation
[2024-08-15T13:48:12.343+0000][4788.288s][info][gc,phases   ] GC(989)   Pre Evacuate Collection Set: 0.2ms
[2024-08-15T13:48:12.343+0000][4788.288s][info][gc,phases   ] GC(989)   Merge Heap Roots: 0.4ms
[2024-08-15T13:48:12.343+0000][4788.288s][info][gc,phases   ] GC(989)   Evacuate Collection Set: 110.5ms
[2024-08-15T13:48:12.343+0000][4788.288s][info][gc,phases   ] GC(989)   Post Evacuate Collection Set: 2.6ms
[2024-08-15T13:48:12.343+0000][4788.288s][info][gc,phases   ] GC(989)   Other: 0.2ms
[2024-08-15T13:48:12.343+0000][4788.288s][info][gc,heap     ] GC(989) Eden regions: 54->0(791)
[2024-08-15T13:48:12.343+0000][4788.288s][info][gc,heap     ] GC(989) Survivor regions: 22->3(10)
[2024-08-15T13:48:12.343+0000][4788.288s][info][gc,heap     ] GC(989) Old regions: 398->409
[2024-08-15T13:48:12.343+0000][4788.288s][info][gc,heap     ] GC(989) Archive regions: 2->2
[2024-08-15T13:48:12.343+0000][4788.288s][info][gc,heap     ] GC(989) Humongous regions: 5->5
[2024-08-15T13:48:12.343+0000][4788.288s][info][gc,metaspace] GC(989) Metaspace: 440856K(447168K)->440856K(447168K) NonClass: 385861K(389440K)->385861K(389440K) Class: 54995K(57728K)->54995K(57728K)
[2024-08-15T13:48:12.343+0000][4788.288s][info][gc          ] GC(989) Pause Young (Mixed) (G1 Evacuation Pause) 3829M->3333M(12288M) 113.833ms
[2024-08-15T13:48:12.344+0000][4788.288s][info][gc,cpu      ] GC(989) User=0.67s Sys=0.00s Real=0.12s
[2024-08-15T13:48:14.845+0000][4790.789s][info][gc,start    ] GC(990) Pause Young (Normal) (G1 Evacuation Pause)
[2024-08-15T13:48:14.845+0000][4790.789s][info][gc,task     ] GC(990) Using 6 workers of 6 for evacuation
[2024-08-15T13:48:14.925+0000][4790.870s][info][gc,phases   ] GC(990)   Pre Evacuate Collection Set: 0.2ms
[2024-08-15T13:48:14.925+0000][4790.870s][info][gc,phases   ] GC(990)   Merge Heap Roots: 0.3ms
[2024-08-15T13:48:14.925+0000][4790.870s][info][gc,phases   ] GC(990)   Evacuate Collection Set: 60.0ms
[2024-08-15T13:48:14.925+0000][4790.870s][info][gc,phases   ] GC(990)   Post Evacuate Collection Set: 19.7ms
[2024-08-15T13:48:14.925+0000][4790.870s][info][gc,phases   ] GC(990)   Other: 0.2ms
[2024-08-15T13:48:14.925+0000][4790.870s][info][gc,heap     ] GC(990) Eden regions: 791->0(787)
[2024-08-15T13:48:14.925+0000][4790.870s][info][gc,heap     ] GC(990) Survivor regions: 3->7(100)
[2024-08-15T13:48:14.925+0000][4790.870s][info][gc,heap     ] GC(990) Old regions: 409->409
[2024-08-15T13:48:14.925+0000][4790.870s][info][gc,heap     ] GC(990) Archive regions: 2->2
[2024-08-15T13:48:14.925+0000][4790.870s][info][gc,heap     ] GC(990) Humongous regions: 5->5
[2024-08-15T13:48:14.925+0000][4790.870s][info][gc,metaspace] GC(990) Metaspace: 440856K(447168K)->440856K(447168K) NonClass: 385861K(389440K)->385861K(389440K) Class: 54995K(57728K)->54995K(57728K)
[2024-08-15T13:48:14.925+0000][4790.870s][info][gc          ] GC(990) Pause Young (Normal) (G1 Evacuation Pause) 9661M->3361M(12288M) 80.534ms
[2024-08-15T13:48:14.925+0000][4790.870s][info][gc,cpu      ] GC(990) User=0.47s Sys=0.00s Real=0.08s
[2024-08-15T13:48:17.433+0000][4793.377s][info][gc,start    ] GC(991) Pause Young (Normal) (G1 Evacuation Pause)
[2024-08-15T13:48:17.433+0000][4793.377s][info][gc,task     ] GC(991) Using 6 workers of 6 for evacuation
[2024-08-15T13:48:17.515+0000][4793.459s][info][gc,phases   ] GC(991)   Pre Evacuate Collection Set: 0.2ms
[2024-08-15T13:48:17.515+0000][4793.459s][info][gc,phases   ] GC(991)   Merge Heap Roots: 0.4ms
[2024-08-15T13:48:17.515+0000][4793.459s][info][gc,phases   ] GC(991)   Evacuate Collection Set: 64.2ms
[2024-08-15T13:48:17.515+0000][4793.459s][info][gc,phases   ] GC(991)   Post Evacuate Collection Set: 16.9ms
[2024-08-15T13:48:17.515+0000][4793.459s][info][gc,phases   ] GC(991)   Other: 0.3ms
[2024-08-15T13:48:17.515+0000][4793.459s][info][gc,heap     ] GC(991) Eden regions: 787->0(783)
[2024-08-15T13:48:17.515+0000][4793.459s][info][gc,heap     ] GC(991) Survivor regions: 7->11(100)
[2024-08-15T13:48:17.515+0000][4793.459s][info][gc,heap     ] GC(991) Old regions: 409->409
[2024-08-15T13:48:17.515+0000][4793.459s][info][gc,heap     ] GC(991) Archive regions: 2->2
[2024-08-15T13:48:17.515+0000][4793.459s][info][gc,heap     ] GC(991) Humongous regions: 5->5
[2024-08-15T13:48:17.515+0000][4793.459s][info][gc,metaspace] GC(991) Metaspace: 440856K(447168K)->440856K(447168K) NonClass: 385861K(389440K)->385861K(389440K) Class: 54995K(57728K)->54995K(57728K)
[2024-08-15T13:48:17.515+0000][4793.459s][info][gc          ] GC(991) Pause Young (Normal) (G1 Evacuation Pause) 9657M->3394M(12288M) 82.008ms
[2024-08-15T13:48:17.515+0000][4793.459s][info][gc,cpu      ] GC(991) User=0.48s Sys=0.00s Real=0.08s
[2024-08-15T13:48:20.051+0000][4795.996s][info][gc,start    ] GC(992) Pause Young (Concurrent Start) (G1 Evacuation Pause)
[2024-08-15T13:48:20.051+0000][4795.996s][info][gc,task     ] GC(992) Using 6 workers of 6 for evacuation
[2024-08-15T13:48:20.145+0000][4796.089s][info][gc,phases   ] GC(992)   Pre Evacuate Collection Set: 0.6ms
[2024-08-15T13:48:20.145+0000][4796.089s][info][gc,phases   ] GC(992)   Merge Heap Roots: 0.3ms
[2024-08-15T13:48:20.145+0000][4796.089s][info][gc,phases   ] GC(992)   Evacuate Collection Set: 75.7ms
[2024-08-15T13:48:20.145+0000][4796.089s][info][gc,phases   ] GC(992)   Post Evacuate Collection Set: 16.5ms
[2024-08-15T13:48:20.145+0000][4796.089s][info][gc,phases   ] GC(992)   Other: 0.3ms
[2024-08-15T13:48:20.145+0000][4796.089s][info][gc,heap     ] GC(992) Eden regions: 783->0(780)
[2024-08-15T13:48:20.145+0000][4796.089s][info][gc,heap     ] GC(992) Survivor regions: 11->15(100)
[2024-08-15T13:48:20.145+0000][4796.089s][info][gc,heap     ] GC(992) Old regions: 409->409
[2024-08-15T13:48:20.145+0000][4796.089s][info][gc,heap     ] GC(992) Archive regions: 2->2
[2024-08-15T13:48:20.145+0000][4796.089s][info][gc,heap     ] GC(992) Humongous regions: 5->5
[2024-08-15T13:48:20.145+0000][4796.089s][info][gc,metaspace] GC(992) Metaspace: 440856K(447168K)->440856K(447168K) NonClass: 385861K(389440K)->385861K(389440K) Class: 54995K(57728K)->54995K(57728K)
[2024-08-15T13:48:20.145+0000][4796.089s][info][gc          ] GC(992) Pause Young (Concurrent Start) (G1 Evacuation Pause) 9658M->3426M(12288M) 93.504ms
[2024-08-15T13:48:20.145+0000][4796.089s][info][gc,cpu      ] GC(992) User=0.55s Sys=0.00s Real=0.10s
[2024-08-15T13:48:20.145+0000][4796.090s][info][gc          ] GC(993) Concurrent Mark Cycle
[2024-08-15T13:48:20.145+0000][4796.090s][info][gc,marking  ] GC(993) Concurrent Clear Claimed Marks
[2024-08-15T13:48:20.145+0000][4796.090s][info][gc,marking  ] GC(993) Concurrent Clear Claimed Marks 0.430ms
[2024-08-15T13:48:20.145+0000][4796.090s][info][gc,marking  ] GC(993) Concurrent Scan Root Regions
[2024-08-15T13:48:20.187+0000][4796.131s][info][gc,marking  ] GC(993) Concurrent Scan Root Regions 41.408ms
[2024-08-15T13:48:20.187+0000][4796.131s][info][gc,marking  ] GC(993) Concurrent Mark
[2024-08-15T13:48:20.187+0000][4796.131s][info][gc,marking  ] GC(993) Concurrent Mark From Roots
[2024-08-15T13:48:20.187+0000][4796.131s][info][gc,task     ] GC(993) Using 2 workers of 2 for marking
[2024-08-15T13:48:22.814+0000][4798.758s][info][gc,marking  ] GC(993) Concurrent Mark From Roots 2626.868ms
[2024-08-15T13:48:22.814+0000][4798.758s][info][gc,marking  ] GC(993) Concurrent Preclean
[2024-08-15T13:48:22.815+0000][4798.760s][info][gc,marking  ] GC(993) Concurrent Preclean 1.658ms
[2024-08-15T13:48:22.816+0000][4798.760s][info][gc,start    ] GC(993) Pause Remark
[2024-08-15T13:48:22.838+0000][4798.783s][info][gc          ] GC(993) Pause Remark 8642M->8642M(12288M) 22.686ms
[2024-08-15T13:48:22.838+0000][4798.783s][info][gc,cpu      ] GC(993) User=0.09s Sys=0.00s Real=0.02s
[2024-08-15T13:48:22.838+0000][4798.783s][info][gc,marking  ] GC(993) Concurrent Mark 2651.672ms
[2024-08-15T13:48:22.838+0000][4798.783s][info][gc,marking  ] GC(993) Concurrent Rebuild Remembered Sets
[2024-08-15T13:48:23.289+0000][4799.233s][info][gc,start    ] GC(994) Pause Young (Normal) (G1 Evacuation Pause)
[2024-08-15T13:48:23.289+0000][4799.233s][info][gc,task     ] GC(994) Using 6 workers of 6 for evacuation
[2024-08-15T13:48:23.392+0000][4799.336s][info][gc,phases   ] GC(994)   Pre Evacuate Collection Set: 0.2ms
[2024-08-15T13:48:23.392+0000][4799.336s][info][gc,phases   ] GC(994)   Merge Heap Roots: 1.0ms
[2024-08-15T13:48:23.392+0000][4799.336s][info][gc,phases   ] GC(994)   Evacuate Collection Set: 85.0ms
[2024-08-15T13:48:23.392+0000][4799.336s][info][gc,phases   ] GC(994)   Post Evacuate Collection Set: 16.8ms
[2024-08-15T13:48:23.392+0000][4799.336s][info][gc,phases   ] GC(994)   Other: 0.2ms
[2024-08-15T13:48:23.392+0000][4799.336s][info][gc,heap     ] GC(994) Eden regions: 780->0(776)
[2024-08-15T13:48:23.392+0000][4799.336s][info][gc,heap     ] GC(994) Survivor regions: 15->18(100)
[2024-08-15T13:48:23.392+0000][4799.336s][info][gc,heap     ] GC(994) Old regions: 409->409
[2024-08-15T13:48:23.392+0000][4799.336s][info][gc,heap     ] GC(994) Archive regions: 2->2
[2024-08-15T13:48:23.392+0000][4799.336s][info][gc,heap     ] GC(994) Humongous regions: 5->5
[2024-08-15T13:48:23.392+0000][4799.336s][info][gc,metaspace] GC(994) Metaspace: 440856K(447168K)->440856K(447168K) NonClass: 385861K(389440K)->385861K(389440K) Class: 54995K(57728K)->54995K(57728K)
[2024-08-15T13:48:23.392+0000][4799.337s][info][gc          ] GC(994) Pause Young (Normal) (G1 Evacuation Pause) 9666M->3453M(12288M) 103.227ms
[2024-08-15T13:48:23.392+0000][4799.337s][info][gc,cpu      ] GC(994) User=0.61s Sys=0.00s Real=0.10s
[2024-08-15T13:48:24.431+0000][4800.376s][info][gc,marking  ] GC(993) Concurrent Rebuild Remembered Sets 1592.987ms
[2024-08-15T13:48:24.432+0000][4800.376s][info][gc,start    ] GC(993) Pause Cleanup
[2024-08-15T13:48:24.432+0000][4800.377s][info][gc          ] GC(993) Pause Cleanup 5473M->5473M(12288M) 0.648ms
[2024-08-15T13:48:24.432+0000][4800.377s][info][gc,cpu      ] GC(993) User=0.00s Sys=0.00s Real=0.00s
[2024-08-15T13:48:24.432+0000][4800.377s][info][gc,marking  ] GC(993) Concurrent Cleanup for Next Mark
[2024-08-15T13:48:24.450+0000][4800.394s][info][gc,marking  ] GC(993) Concurrent Cleanup for Next Mark 17.045ms
[2024-08-15T13:48:24.450+0000][4800.394s][info][gc          ] GC(993) Concurrent Mark Cycle 4304.687ms
[2024-08-15T13:48:26.016+0000][4801.960s][info][gc,start    ] GC(995) Pause Young (Prepare Mixed) (G1 Evacuation Pause)
[2024-08-15T13:48:26.016+0000][4801.960s][info][gc,task     ] GC(995) Using 6 workers of 6 for evacuation
[2024-08-15T13:48:26.131+0000][4802.076s][info][gc,phases   ] GC(995)   Pre Evacuate Collection Set: 0.2ms
[2024-08-15T13:48:26.131+0000][4802.076s][info][gc,phases   ] GC(995)   Merge Heap Roots: 0.6ms
[2024-08-15T13:48:26.131+0000][4802.076s][info][gc,phases   ] GC(995)   Evacuate Collection Set: 96.1ms
[2024-08-15T13:48:26.131+0000][4802.076s][info][gc,phases   ] GC(995)   Post Evacuate Collection Set: 18.9ms
[2024-08-15T13:48:26.131+0000][4802.076s][info][gc,phases   ] GC(995)   Other: 0.2ms
[2024-08-15T13:48:26.132+0000][4802.076s][info][gc,heap     ] GC(995) Eden regions: 776->0(55)
[2024-08-15T13:48:26.132+0000][4802.076s][info][gc,heap     ] GC(995) Survivor regions: 18->21(100)
[2024-08-15T13:48:26.132+0000][4802.076s][info][gc,heap     ] GC(995) Old regions: 409->409
[2024-08-15T13:48:26.132+0000][4802.076s][info][gc,heap     ] GC(995) Archive regions: 2->2
[2024-08-15T13:48:26.132+0000][4802.076s][info][gc,heap     ] GC(995) Humongous regions: 5->5
[2024-08-15T13:48:26.132+0000][4802.076s][info][gc,metaspace] GC(995) Metaspace: 440856K(447168K)->440856K(447168K) NonClass: 385861K(389440K)->385861K(389440K) Class: 54995K(57728K)->54995K(57728K)
[2024-08-15T13:48:26.132+0000][4802.076s][info][gc          ] GC(995) Pause Young (Prepare Mixed) (G1 Evacuation Pause) 9661M->3473M(12288M) 115.997ms
[2024-08-15T13:48:26.132+0000][4802.076s][info][gc,cpu      ] GC(995) User=0.67s Sys=0.00s Real=0.11s
[2024-08-15T13:48:26.374+0000][4802.319s][info][gc,start    ] GC(996) Pause Young (Mixed) (G1 Evacuation Pause)
[2024-08-15T13:48:26.374+0000][4802.319s][info][gc,task     ] GC(996) Using 6 workers of 6 for evacuation
[2024-08-15T13:48:26.478+0000][4802.423s][info][gc,phases   ] GC(996)   Pre Evacuate Collection Set: 0.2ms
[2024-08-15T13:48:26.478+0000][4802.423s][info][gc,phases   ] GC(996)   Merge Heap Roots: 0.5ms
[2024-08-15T13:48:26.478+0000][4802.423s][info][gc,phases   ] GC(996)   Evacuate Collection Set: 100.6ms
[2024-08-15T13:48:26.478+0000][4802.423s][info][gc,phases   ] GC(996)   Post Evacuate Collection Set: 2.3ms
[2024-08-15T13:48:26.478+0000][4802.423s][info][gc,phases   ] GC(996)   Other: 0.2ms
[2024-08-15T13:48:26.478+0000][4802.423s][info][gc,heap     ] GC(996) Eden regions: 55->0(792)
[2024-08-15T13:48:26.478+0000][4802.423s][info][gc,heap     ] GC(996) Survivor regions: 21->5(10)
[2024-08-15T13:48:26.478+0000][4802.423s][info][gc,heap     ] GC(996) Old regions: 409->408
[2024-08-15T13:48:26.478+0000][4802.423s][info][gc,heap     ] GC(996) Archive regions: 2->2
[2024-08-15T13:48:26.478+0000][4802.423s][info][gc,heap     ] GC(996) Humongous regions: 5->5
[2024-08-15T13:48:26.478+0000][4802.423s][info][gc,metaspace] GC(996) Metaspace: 440856K(447168K)->440856K(447168K) NonClass: 385861K(389440K)->385861K(389440K) Class: 54995K(57728K)->54995K(57728K)
[2024-08-15T13:48:26.478+0000][4802.423s][info][gc          ] GC(996) Pause Young (Mixed) (G1 Evacuation Pause) 3913M->3344M(12288M) 103.849ms
[2024-08-15T13:48:26.478+0000][4802.423s][info][gc,cpu      ] GC(996) User=0.62s Sys=0.00s Real=0.11s
[2024-08-15T13:48:28.848+0000][4804.793s][info][gc,start    ] GC(997) Pause Young (Normal) (G1 Evacuation Pause)
[2024-08-15T13:48:28.848+0000][4804.793s][info][gc,task     ] GC(997) Using 6 workers of 6 for evacuation
[2024-08-15T13:48:28.924+0000][4804.868s][info][gc,phases   ] GC(997)   Pre Evacuate Collection Set: 0.2ms
[2024-08-15T13:48:28.924+0000][4804.868s][info][gc,phases   ] GC(997)   Merge Heap Roots: 0.4ms
[2024-08-15T13:48:28.924+0000][4804.868s][info][gc,phases   ] GC(997)   Evacuate Collection Set: 58.5ms
[2024-08-15T13:48:28.924+0000][4804.868s][info][gc,phases   ] GC(997)   Post Evacuate Collection Set: 16.8ms
[2024-08-15T13:48:28.924+0000][4804.869s][info][gc,phases   ] GC(997)   Other: 0.2ms
[2024-08-15T13:48:28.924+0000][4804.869s][info][gc,heap     ] GC(997) Eden regions: 792->0(788)
[2024-08-15T13:48:28.924+0000][4804.869s][info][gc,heap     ] GC(997) Survivor regions: 5->9(100)
[2024-08-15T13:48:28.924+0000][4804.869s][info][gc,heap     ] GC(997) Old regions: 408->408
[2024-08-15T13:48:28.924+0000][4804.869s][info][gc,heap     ] GC(997) Archive regions: 2->2
[2024-08-15T13:48:28.924+0000][4804.869s][info][gc,heap     ] GC(997) Humongous regions: 5->5
[2024-08-15T13:48:28.924+0000][4804.869s][info][gc,metaspace] GC(997) Metaspace: 440856K(447168K)->440856K(447168K) NonClass: 385861K(389440K)->385861K(389440K) Class: 54995K(57728K)->54995K(57728K)
[2024-08-15T13:48:28.924+0000][4804.869s][info][gc          ] GC(997) Pause Young (Normal) (G1 Evacuation Pause) 9680M->3375M(12288M) 76.024ms
[2024-08-15T13:48:28.924+0000][4804.869s][info][gc,cpu      ] GC(997) User=0.44s Sys=0.00s Real=0.08s
[2024-08-15T13:48:35.307+0000][4811.252s][info][gc,start    ] GC(998) Pause Young (Normal) (G1 Evacuation Pause)
[2024-08-15T13:48:35.307+0000][4811.252s][info][gc,task     ] GC(998) Using 6 workers of 6 for evacuation
[2024-08-15T13:48:35.357+0000][4811.302s][info][gc,phases   ] GC(998)   Pre Evacuate Collection Set: 0.2ms
[2024-08-15T13:48:35.357+0000][4811.302s][info][gc,phases   ] GC(998)   Merge Heap Roots: 0.3ms
[2024-08-15T13:48:35.357+0000][4811.302s][info][gc,phases   ] GC(998)   Evacuate Collection Set: 42.9ms
[2024-08-15T13:48:35.357+0000][4811.302s][info][gc,phases   ] GC(998)   Post Evacuate Collection Set: 6.6ms
[2024-08-15T13:48:35.357+0000][4811.302s][info][gc,phases   ] GC(998)   Other: 0.2ms
[2024-08-15T13:48:35.357+0000][4811.302s][info][gc,heap     ] GC(998) Eden regions: 788->0(786)
[2024-08-15T13:48:35.357+0000][4811.302s][info][gc,heap     ] GC(998) Survivor regions: 9->12(100)
[2024-08-15T13:48:35.357+0000][4811.302s][info][gc,heap     ] GC(998) Old regions: 408->408
[2024-08-15T13:48:35.357+0000][4811.302s][info][gc,heap     ] GC(998) Archive regions: 2->2
[2024-08-15T13:48:35.357+0000][4811.302s][info][gc,heap     ] GC(998) Humongous regions: 5->5
[2024-08-15T13:48:35.357+0000][4811.302s][info][gc,metaspace] GC(998) Metaspace: 440859K(447168K)->440859K(447168K) NonClass: 385864K(389440K)->385864K(389440K) Class: 54995K(57728K)->54995K(57728K)
[2024-08-15T13:48:35.357+0000][4811.302s][info][gc          ] GC(998) Pause Young (Normal) (G1 Evacuation Pause) 9679M->3398M(12288M) 50.307ms
[2024-08-15T13:48:35.357+0000][4811.302s][info][gc,cpu      ] GC(998) User=0.28s Sys=0.00s Real=0.05s
[2024-08-15T13:48:44.072+0000][4820.016s][info][gc,start    ] GC(999) Pause Young (Concurrent Start) (G1 Evacuation Pause)
[2024-08-15T13:48:44.072+0000][4820.016s][info][gc,task     ] GC(999) Using 6 workers of 6 for evacuation
[2024-08-15T13:48:44.116+0000][4820.061s][info][gc,phases   ] GC(999)   Pre Evacuate Collection Set: 0.6ms
[2024-08-15T13:48:44.116+0000][4820.061s][info][gc,phases   ] GC(999)   Merge Heap Roots: 0.3ms
[2024-08-15T13:48:44.116+0000][4820.061s][info][gc,phases   ] GC(999)   Evacuate Collection Set: 41.7ms
[2024-08-15T13:48:44.116+0000][4820.061s][info][gc,phases   ] GC(999)   Post Evacuate Collection Set: 1.9ms
[2024-08-15T13:48:44.116+0000][4820.061s][info][gc,phases   ] GC(999)   Other: 0.3ms
[2024-08-15T13:48:44.116+0000][4820.061s][info][gc,heap     ] GC(999) Eden regions: 786->0(781)
[2024-08-15T13:48:44.116+0000][4820.061s][info][gc,heap     ] GC(999) Survivor regions: 12->16(100)
[2024-08-15T13:48:44.116+0000][4820.061s][info][gc,heap     ] GC(999) Old regions: 408->408
[2024-08-15T13:48:44.116+0000][4820.061s][info][gc,heap     ] GC(999) Archive regions: 2->2
[2024-08-15T13:48:44.117+0000][4820.061s][info][gc,heap     ] GC(999) Humongous regions: 5->5
[2024-08-15T13:48:44.117+0000][4820.061s][info][gc,metaspace] GC(999) Metaspace: 440860K(447168K)->440860K(447168K) NonClass: 385865K(389440K)->385865K(389440K) Class: 54995K(57728K)->54995K(57728K)
[2024-08-15T13:48:44.117+0000][4820.061s][info][gc          ] GC(999) Pause Young (Concurrent Start) (G1 Evacuation Pause) 9686M->3426M(12288M) 44.782ms
[2024-08-15T13:48:44.117+0000][4820.061s][info][gc,cpu      ] GC(999) User=0.26s Sys=0.00s Real=0.05s
[2024-08-15T13:48:44.117+0000][4820.061s][info][gc          ] GC(1000) Concurrent Mark Cycle
[2024-08-15T13:48:44.117+0000][4820.061s][info][gc,marking  ] GC(1000) Concurrent Clear Claimed Marks
[2024-08-15T13:48:44.117+0000][4820.062s][info][gc,marking  ] GC(1000) Concurrent Clear Claimed Marks 0.457ms
[2024-08-15T13:48:44.117+0000][4820.062s][info][gc,marking  ] GC(1000) Concurrent Scan Root Regions
[2024-08-15T13:48:44.163+0000][4820.107s][info][gc,marking  ] GC(1000) Concurrent Scan Root Regions 45.468ms
[2024-08-15T13:48:44.163+0000][4820.107s][info][gc,marking  ] GC(1000) Concurrent Mark
[2024-08-15T13:48:44.163+0000][4820.107s][info][gc,marking  ] GC(1000) Concurrent Mark From Roots
[2024-08-15T13:48:44.163+0000][4820.107s][info][gc,task     ] GC(1000) Using 2 workers of 2 for marking
[2024-08-15T13:48:46.717+0000][4822.662s][info][gc,marking  ] GC(1000) Concurrent Mark From Roots 2554.226ms
[2024-08-15T13:48:46.717+0000][4822.662s][info][gc,marking  ] GC(1000) Concurrent Preclean
[2024-08-15T13:48:46.719+0000][4822.663s][info][gc,marking  ] GC(1000) Concurrent Preclean 1.654ms
[2024-08-15T13:48:46.719+0000][4822.663s][info][gc,start    ] GC(1000) Pause Remark
[2024-08-15T13:48:46.742+0000][4822.686s][info][gc          ] GC(1000) Pause Remark 5167M->5167M(12288M) 22.845ms
[2024-08-15T13:48:46.742+0000][4822.686s][info][gc,cpu      ] GC(1000) User=0.10s Sys=0.00s Real=0.02s
[2024-08-15T13:48:46.742+0000][4822.686s][info][gc,marking  ] GC(1000) Concurrent Mark 2579.108ms
[2024-08-15T13:48:46.742+0000][4822.686s][info][gc,marking  ] GC(1000) Concurrent Rebuild Remembered Sets
[2024-08-15T13:48:48.306+0000][4824.251s][info][gc,marking  ] GC(1000) Concurrent Rebuild Remembered Sets 1564.203ms
[2024-08-15T13:48:48.306+0000][4824.251s][info][gc,start    ] GC(1000) Pause Cleanup
[2024-08-15T13:48:48.307+0000][4824.252s][info][gc          ] GC(1000) Pause Cleanup 6266M->6266M(12288M) 0.720ms
[2024-08-15T13:48:48.307+0000][4824.252s][info][gc,cpu      ] GC(1000) User=0.00s Sys=0.00s Real=0.00s
[2024-08-15T13:48:48.307+0000][4824.252s][info][gc,marking  ] GC(1000) Concurrent Cleanup for Next Mark
[2024-08-15T13:48:48.325+0000][4824.269s][info][gc,marking  ] GC(1000) Concurrent Cleanup for Next Mark 17.823ms
[2024-08-15T13:48:48.325+0000][4824.270s][info][gc          ] GC(1000) Concurrent Mark Cycle 4208.293ms
[2024-08-15T13:48:52.934+0000][4828.879s][info][gc,start    ] GC(1001) Pause Young (Prepare Mixed) (G1 Evacuation Pause)
[2024-08-15T13:48:52.934+0000][4828.879s][info][gc,task     ] GC(1001) Using 6 workers of 6 for evacuation
[2024-08-15T13:48:52.986+0000][4828.930s][info][gc,phases   ] GC(1001)   Pre Evacuate Collection Set: 0.2ms
[2024-08-15T13:48:52.986+0000][4828.930s][info][gc,phases   ] GC(1001)   Merge Heap Roots: 0.4ms
[2024-08-15T13:48:52.986+0000][4828.930s][info][gc,phases   ] GC(1001)   Evacuate Collection Set: 49.2ms
[2024-08-15T13:48:52.986+0000][4828.930s][info][gc,phases   ] GC(1001)   Post Evacuate Collection Set: 1.9ms
[2024-08-15T13:48:52.986+0000][4828.930s][info][gc,phases   ] GC(1001)   Other: 0.2ms
[2024-08-15T13:48:52.986+0000][4828.930s][info][gc,heap     ] GC(1001) Eden regions: 781->0(57)
[2024-08-15T13:48:52.986+0000][4828.931s][info][gc,heap     ] GC(1001) Survivor regions: 16->19(100)
[2024-08-15T13:48:52.986+0000][4828.931s][info][gc,heap     ] GC(1001) Old regions: 408->408
[2024-08-15T13:48:52.986+0000][4828.931s][info][gc,heap     ] GC(1001) Archive regions: 2->2
[2024-08-15T13:48:52.986+0000][4828.931s][info][gc,heap     ] GC(1001) Humongous regions: 5->5
[2024-08-15T13:48:52.986+0000][4828.931s][info][gc,metaspace] GC(1001) Metaspace: 440860K(447168K)->440860K(447168K) NonClass: 385865K(389440K)->385865K(389440K) Class: 54995K(57728K)->54995K(57728K)
[2024-08-15T13:48:52.986+0000][4828.931s][info][gc          ] GC(1001) Pause Young (Prepare Mixed) (G1 Evacuation Pause) 9674M->3451M(12288M) 51.846ms
[2024-08-15T13:48:52.986+0000][4828.931s][info][gc,cpu      ] GC(1001) User=0.31s Sys=0.00s Real=0.06s
[2024-08-15T13:48:53.442+0000][4829.387s][info][gc,start    ] GC(1002) Pause Young (Mixed) (G1 Evacuation Pause)
[2024-08-15T13:48:53.442+0000][4829.387s][info][gc,task     ] GC(1002) Using 6 workers of 6 for evacuation
[2024-08-15T13:48:53.523+0000][4829.468s][info][gc,phases   ] GC(1002)   Pre Evacuate Collection Set: 0.2ms
[2024-08-15T13:48:53.523+0000][4829.468s][info][gc,phases   ] GC(1002)   Merge Heap Roots: 0.4ms
[2024-08-15T13:48:53.523+0000][4829.468s][info][gc,phases   ] GC(1002)   Evacuate Collection Set: 78.8ms
[2024-08-15T13:48:53.523+0000][4829.468s][info][gc,phases   ] GC(1002)   Post Evacuate Collection Set: 1.3ms
[2024-08-15T13:48:53.523+0000][4829.468s][info][gc,phases   ] GC(1002)   Other: 0.2ms
[2024-08-15T13:48:53.523+0000][4829.468s][info][gc,heap     ] GC(1002) Eden regions: 57->0(797)
[2024-08-15T13:48:53.523+0000][4829.468s][info][gc,heap     ] GC(1002) Survivor regions: 19->5(10)
[2024-08-15T13:48:53.523+0000][4829.468s][info][gc,heap     ] GC(1002) Old regions: 408->405
[2024-08-15T13:48:53.523+0000][4829.468s][info][gc,heap     ] GC(1002) Archive regions: 2->2
[2024-08-15T13:48:53.523+0000][4829.468s][info][gc,heap     ] GC(1002) Humongous regions: 5->5
[2024-08-15T13:48:53.523+0000][4829.468s][info][gc,metaspace] GC(1002) Metaspace: 440860K(447168K)->440860K(447168K) NonClass: 385865K(389440K)->385865K(389440K) Class: 54995K(57728K)->54995K(57728K)
[2024-08-15T13:48:53.523+0000][4829.468s][info][gc          ] GC(1002) Pause Young (Mixed) (G1 Evacuation Pause) 3907M->3322M(12288M) 80.901ms
[2024-08-15T13:48:53.523+0000][4829.468s][info][gc,cpu      ] GC(1002) User=0.48s Sys=0.00s Real=0.09s
[2024-08-15T13:49:02.218+0000][4838.163s][info][gc,start    ] GC(1003) Pause Young (Normal) (G1 Evacuation Pause)
[2024-08-15T13:49:02.218+0000][4838.163s][info][gc,task     ] GC(1003) Using 6 workers of 6 for evacuation
[2024-08-15T13:49:02.240+0000][4838.184s][info][gc,phases   ] GC(1003)   Pre Evacuate Collection Set: 0.2ms
[2024-08-15T13:49:02.240+0000][4838.184s][info][gc,phases   ] GC(1003)   Merge Heap Roots: 0.2ms
[2024-08-15T13:49:02.240+0000][4838.184s][info][gc,phases   ] GC(1003)   Evacuate Collection Set: 19.0ms
[2024-08-15T13:49:02.240+0000][4838.184s][info][gc,phases   ] GC(1003)   Post Evacuate Collection Set: 1.7ms
[2024-08-15T13:49:02.240+0000][4838.184s][info][gc,phases   ] GC(1003)   Other: 0.2ms
[2024-08-15T13:49:02.240+0000][4838.184s][info][gc,heap     ] GC(1003) Eden regions: 797->0(795)
[2024-08-15T13:49:02.240+0000][4838.184s][info][gc,heap     ] GC(1003) Survivor regions: 5->7(101)
[2024-08-15T13:49:02.240+0000][4838.184s][info][gc,heap     ] GC(1003) Old regions: 405->405
[2024-08-15T13:49:02.240+0000][4838.184s][info][gc,heap     ] GC(1003) Archive regions: 2->2
[2024-08-15T13:49:02.240+0000][4838.184s][info][gc,heap     ] GC(1003) Humongous regions: 5->5
[2024-08-15T13:49:02.240+0000][4838.184s][info][gc,metaspace] GC(1003) Metaspace: 440860K(447168K)->440860K(447168K) NonClass: 385865K(389440K)->385865K(389440K) Class: 54995K(57728K)->54995K(57728K)
[2024-08-15T13:49:02.240+0000][4838.184s][info][gc          ] GC(1003) Pause Young (Normal) (G1 Evacuation Pause) 9698M->3338M(12288M) 21.392ms
[2024-08-15T13:49:02.240+0000][4838.184s][info][gc,cpu      ] GC(1003) User=0.12s Sys=0.00s Real=0.02s
[2024-08-15T13:49:10.936+0000][4846.880s][info][gc,start    ] GC(1004) Pause Young (Normal) (G1 Evacuation Pause)
[2024-08-15T13:49:10.936+0000][4846.880s][info][gc,task     ] GC(1004) Using 6 workers of 6 for evacuation
[2024-08-15T13:49:10.965+0000][4846.910s][info][gc,phases   ] GC(1004)   Pre Evacuate Collection Set: 0.2ms
[2024-08-15T13:49:10.965+0000][4846.910s][info][gc,phases   ] GC(1004)   Merge Heap Roots: 0.2ms
[2024-08-15T13:49:10.965+0000][4846.910s][info][gc,phases   ] GC(1004)   Evacuate Collection Set: 27.2ms
[2024-08-15T13:49:10.965+0000][4846.910s][info][gc,phases   ] GC(1004)   Post Evacuate Collection Set: 1.7ms
[2024-08-15T13:49:10.965+0000][4846.910s][info][gc,phases   ] GC(1004)   Other: 0.2ms
[2024-08-15T13:49:10.965+0000][4846.910s][info][gc,heap     ] GC(1004) Eden regions: 795->0(790)
[2024-08-15T13:49:10.965+0000][4846.910s][info][gc,heap     ] GC(1004) Survivor regions: 7->11(101)
[2024-08-15T13:49:10.965+0000][4846.910s][info][gc,heap     ] GC(1004) Old regions: 405->405
[2024-08-15T13:49:10.965+0000][4846.910s][info][gc,heap     ] GC(1004) Archive regions: 2->2
[2024-08-15T13:49:10.965+0000][4846.910s][info][gc,heap     ] GC(1004) Humongous regions: 5->5
[2024-08-15T13:49:10.965+0000][4846.910s][info][gc,metaspace] GC(1004) Metaspace: 440860K(447168K)->440860K(447168K) NonClass: 385865K(389440K)->385865K(389440K) Class: 54995K(57728K)->54995K(57728K)
[2024-08-15T13:49:10.965+0000][4846.910s][info][gc          ] GC(1004) Pause Young (Normal) (G1 Evacuation Pause) 9698M->3367M(12288M) 29.658ms
[2024-08-15T13:49:10.965+0000][4846.910s][info][gc,cpu      ] GC(1004) User=0.18s Sys=0.00s Real=0.03s
[2024-08-15T13:49:19.349+0000][4855.294s][info][gc,start    ] GC(1005) Pause Young (Concurrent Start) (G1 Evacuation Pause)
[2024-08-15T13:49:19.349+0000][4855.294s][info][gc,task     ] GC(1005) Using 6 workers of 6 for evacuation
[2024-08-15T13:49:19.383+0000][4855.327s][info][gc,phases   ] GC(1005)   Pre Evacuate Collection Set: 0.7ms
[2024-08-15T13:49:19.383+0000][4855.327s][info][gc,phases   ] GC(1005)   Merge Heap Roots: 0.3ms
[2024-08-15T13:49:19.383+0000][4855.327s][info][gc,phases   ] GC(1005)   Evacuate Collection Set: 30.4ms
[2024-08-15T13:49:19.383+0000][4855.327s][info][gc,phases   ] GC(1005)   Post Evacuate Collection Set: 1.8ms
[2024-08-15T13:49:19.383+0000][4855.327s][info][gc,phases   ] GC(1005)   Other: 0.3ms
[2024-08-15T13:49:19.383+0000][4855.327s][info][gc,heap     ] GC(1005) Eden regions: 790->0(790)
[2024-08-15T13:49:19.383+0000][4855.327s][info][gc,heap     ] GC(1005) Survivor regions: 11->12(101)
[2024-08-15T13:49:19.383+0000][4855.327s][info][gc,heap     ] GC(1005) Old regions: 405->405
[2024-08-15T13:49:19.383+0000][4855.327s][info][gc,heap     ] GC(1005) Archive regions: 2->2
[2024-08-15T13:49:19.383+0000][4855.328s][info][gc,heap     ] GC(1005) Humongous regions: 5->5
[2024-08-15T13:49:19.383+0000][4855.328s][info][gc,metaspace] GC(1005) Metaspace: 440860K(447168K)->440860K(447168K) NonClass: 385865K(389440K)->385865K(389440K) Class: 54995K(57728K)->54995K(57728K)
[2024-08-15T13:49:19.383+0000][4855.328s][info][gc          ] GC(1005) Pause Young (Concurrent Start) (G1 Evacuation Pause) 9687M->3378M(12288M) 33.543ms
[2024-08-15T13:49:19.383+0000][4855.328s][info][gc,cpu      ] GC(1005) User=0.19s Sys=0.00s Real=0.03s
[2024-08-15T13:49:19.383+0000][4855.328s][info][gc          ] GC(1006) Concurrent Mark Cycle
[2024-08-15T13:49:19.383+0000][4855.328s][info][gc,marking  ] GC(1006) Concurrent Clear Claimed Marks
[2024-08-15T13:49:19.384+0000][4855.328s][info][gc,marking  ] GC(1006) Concurrent Clear Claimed Marks 0.522ms
[2024-08-15T13:49:19.384+0000][4855.328s][info][gc,marking  ] GC(1006) Concurrent Scan Root Regions
[2024-08-15T13:49:19.408+0000][4855.352s][info][gc,marking  ] GC(1006) Concurrent Scan Root Regions 24.091ms
[2024-08-15T13:49:19.408+0000][4855.352s][info][gc,marking  ] GC(1006) Concurrent Mark
[2024-08-15T13:49:19.408+0000][4855.352s][info][gc,marking  ] GC(1006) Concurrent Mark From Roots
[2024-08-15T13:49:19.408+0000][4855.352s][info][gc,task     ] GC(1006) Using 2 workers of 2 for marking
[2024-08-15T13:49:21.931+0000][4857.876s][info][gc,marking  ] GC(1006) Concurrent Mark From Roots 2523.732ms
[2024-08-15T13:49:21.931+0000][4857.876s][info][gc,marking  ] GC(1006) Concurrent Preclean
[2024-08-15T13:49:21.933+0000][4857.878s][info][gc,marking  ] GC(1006) Concurrent Preclean 1.415ms
[2024-08-15T13:49:21.933+0000][4857.878s][info][gc,start    ] GC(1006) Pause Remark
[2024-08-15T13:49:21.956+0000][4857.900s][info][gc          ] GC(1006) Pause Remark 5122M->5122M(12288M) 22.579ms
[2024-08-15T13:49:21.956+0000][4857.900s][info][gc,cpu      ] GC(1006) User=0.09s Sys=0.00s Real=0.03s
[2024-08-15T13:49:21.956+0000][4857.900s][info][gc,marking  ] GC(1006) Concurrent Mark 2548.121ms
[2024-08-15T13:49:21.956+0000][4857.900s][info][gc,marking  ] GC(1006) Concurrent Rebuild Remembered Sets
[2024-08-15T13:49:23.423+0000][4859.367s][info][gc,marking  ] GC(1006) Concurrent Rebuild Remembered Sets 1466.932ms
[2024-08-15T13:49:23.423+0000][4859.368s][info][gc,start    ] GC(1006) Pause Cleanup
[2024-08-15T13:49:23.424+0000][4859.368s][info][gc          ] GC(1006) Pause Cleanup 6138M->6138M(12288M) 0.665ms
[2024-08-15T13:49:23.424+0000][4859.368s][info][gc,cpu      ] GC(1006) User=0.00s Sys=0.00s Real=0.01s
[2024-08-15T13:49:23.424+0000][4859.368s][info][gc,marking  ] GC(1006) Concurrent Cleanup for Next Mark
[2024-08-15T13:49:23.441+0000][4859.385s][info][gc,marking  ] GC(1006) Concurrent Cleanup for Next Mark 17.145ms
[2024-08-15T13:49:23.441+0000][4859.386s][info][gc          ] GC(1006) Concurrent Mark Cycle 4057.915ms
[2024-08-15T13:49:28.302+0000][4864.247s][info][gc,start    ] GC(1007) Pause Young (Prepare Mixed) (G1 Evacuation Pause)
[2024-08-15T13:49:28.302+0000][4864.247s][info][gc,task     ] GC(1007) Using 6 workers of 6 for evacuation
[2024-08-15T13:49:28.339+0000][4864.284s][info][gc,phases   ] GC(1007)   Pre Evacuate Collection Set: 0.2ms
[2024-08-15T13:49:28.339+0000][4864.284s][info][gc,phases   ] GC(1007)   Merge Heap Roots: 0.3ms
[2024-08-15T13:49:28.339+0000][4864.284s][info][gc,phases   ] GC(1007)   Evacuate Collection Set: 34.2ms
[2024-08-15T13:49:28.339+0000][4864.284s][info][gc,phases   ] GC(1007)   Post Evacuate Collection Set: 1.9ms
[2024-08-15T13:49:28.339+0000][4864.284s][info][gc,phases   ] GC(1007)   Other: 0.2ms
[2024-08-15T13:49:28.339+0000][4864.284s][info][gc,heap     ] GC(1007) Eden regions: 790->0(61)
[2024-08-15T13:49:28.339+0000][4864.284s][info][gc,heap     ] GC(1007) Survivor regions: 12->15(101)
[2024-08-15T13:49:28.339+0000][4864.284s][info][gc,heap     ] GC(1007) Old regions: 405->405
[2024-08-15T13:49:28.339+0000][4864.284s][info][gc,heap     ] GC(1007) Archive regions: 2->2
[2024-08-15T13:49:28.339+0000][4864.284s][info][gc,heap     ] GC(1007) Humongous regions: 5->5
[2024-08-15T13:49:28.339+0000][4864.284s][info][gc,metaspace] GC(1007) Metaspace: 440867K(447168K)->440867K(447168K) NonClass: 385872K(389440K)->385872K(389440K) Class: 54995K(57728K)->54995K(57728K)
[2024-08-15T13:49:28.339+0000][4864.284s][info][gc          ] GC(1007) Pause Young (Prepare Mixed) (G1 Evacuation Pause) 9698M->3400M(12288M) 36.892ms
[2024-08-15T13:49:28.339+0000][4864.284s][info][gc,cpu      ] GC(1007) User=0.22s Sys=0.00s Real=0.04s
[2024-08-15T13:49:28.991+0000][4864.936s][info][gc,start    ] GC(1008) Pause Young (Mixed) (G1 Evacuation Pause)
[2024-08-15T13:49:28.991+0000][4864.936s][info][gc,task     ] GC(1008) Using 6 workers of 6 for evacuation
[2024-08-15T13:49:29.069+0000][4865.014s][info][gc,phases   ] GC(1008)   Pre Evacuate Collection Set: 0.2ms
[2024-08-15T13:49:29.069+0000][4865.014s][info][gc,phases   ] GC(1008)   Merge Heap Roots: 0.4ms
[2024-08-15T13:49:29.069+0000][4865.014s][info][gc,phases   ] GC(1008)   Evacuate Collection Set: 76.1ms
[2024-08-15T13:49:29.069+0000][4865.014s][info][gc,phases   ] GC(1008)   Post Evacuate Collection Set: 1.3ms
[2024-08-15T13:49:29.069+0000][4865.014s][info][gc,phases   ] GC(1008)   Other: 0.2ms
[2024-08-15T13:49:29.069+0000][4865.014s][info][gc,heap     ] GC(1008) Eden regions: 61->0(795)
[2024-08-15T13:49:29.069+0000][4865.014s][info][gc,heap     ] GC(1008) Survivor regions: 15->6(10)
[2024-08-15T13:49:29.069+0000][4865.014s][info][gc,heap     ] GC(1008) Old regions: 405->405
[2024-08-15T13:49:29.069+0000][4865.014s][info][gc,heap     ] GC(1008) Archive regions: 2->2
[2024-08-15T13:49:29.069+0000][4865.014s][info][gc,heap     ] GC(1008) Humongous regions: 5->5
[2024-08-15T13:49:29.069+0000][4865.014s][info][gc,metaspace] GC(1008) Metaspace: 440867K(447168K)->440867K(447168K) NonClass: 385872K(389440K)->385872K(389440K) Class: 54995K(57728K)->54995K(57728K)
[2024-08-15T13:49:29.069+0000][4865.014s][info][gc          ] GC(1008) Pause Young (Mixed) (G1 Evacuation Pause) 3888M->3328M(12288M) 78.276ms
[2024-08-15T13:49:29.069+0000][4865.014s][info][gc,cpu      ] GC(1008) User=0.46s Sys=0.00s Real=0.08s
[2024-08-15T13:49:37.299+0000][4873.244s][info][gc,start    ] GC(1009) Pause Young (Normal) (G1 Evacuation Pause)
[2024-08-15T13:49:37.299+0000][4873.244s][info][gc,task     ] GC(1009) Using 6 workers of 6 for evacuation
[2024-08-15T13:49:37.321+0000][4873.265s][info][gc,phases   ] GC(1009)   Pre Evacuate Collection Set: 0.2ms
[2024-08-15T13:49:37.321+0000][4873.265s][info][gc,phases   ] GC(1009)   Merge Heap Roots: 0.3ms
[2024-08-15T13:49:37.321+0000][4873.265s][info][gc,phases   ] GC(1009)   Evacuate Collection Set: 19.2ms
[2024-08-15T13:49:37.321+0000][4873.265s][info][gc,phases   ] GC(1009)   Post Evacuate Collection Set: 1.8ms
[2024-08-15T13:49:37.321+0000][4873.265s][info][gc,phases   ] GC(1009)   Other: 0.2ms
[2024-08-15T13:49:37.321+0000][4873.265s][info][gc,heap     ] GC(1009) Eden regions: 795->0(794)
[2024-08-15T13:49:37.321+0000][4873.265s][info][gc,heap     ] GC(1009) Survivor regions: 6->8(101)
[2024-08-15T13:49:37.321+0000][4873.265s][info][gc,heap     ] GC(1009) Old regions: 405->405
[2024-08-15T13:49:37.321+0000][4873.265s][info][gc,heap     ] GC(1009) Archive regions: 2->2
[2024-08-15T13:49:37.321+0000][4873.265s][info][gc,heap     ] GC(1009) Humongous regions: 5->5
[2024-08-15T13:49:37.321+0000][4873.265s][info][gc,metaspace] GC(1009) Metaspace: 440868K(447168K)->440868K(447168K) NonClass: 385872K(389440K)->385872K(389440K) Class: 54995K(57728K)->54995K(57728K)
[2024-08-15T13:49:37.321+0000][4873.265s][info][gc          ] GC(1009) Pause Young (Normal) (G1 Evacuation Pause) 9688M->3338M(12288M) 21.770ms
[2024-08-15T13:49:37.321+0000][4873.265s][info][gc,cpu      ] GC(1009) User=0.13s Sys=0.01s Real=0.02s
[2024-08-15T13:49:45.447+0000][4881.391s][info][gc,start    ] GC(1010) Pause Young (Normal) (G1 Evacuation Pause)
[2024-08-15T13:49:45.447+0000][4881.391s][info][gc,task     ] GC(1010) Using 6 workers of 6 for evacuation
[2024-08-15T13:49:45.472+0000][4881.416s][info][gc,phases   ] GC(1010)   Pre Evacuate Collection Set: 0.2ms
[2024-08-15T13:49:45.472+0000][4881.416s][info][gc,phases   ] GC(1010)   Merge Heap Roots: 0.3ms
[2024-08-15T13:49:45.472+0000][4881.416s][info][gc,phases   ] GC(1010)   Evacuate Collection Set: 22.5ms
[2024-08-15T13:49:45.472+0000][4881.416s][info][gc,phases   ] GC(1010)   Post Evacuate Collection Set: 1.9ms
[2024-08-15T13:49:45.472+0000][4881.416s][info][gc,phases   ] GC(1010)   Other: 0.2ms
[2024-08-15T13:49:45.472+0000][4881.416s][info][gc,heap     ] GC(1010) Eden regions: 794->0(794)
[2024-08-15T13:49:45.472+0000][4881.416s][info][gc,heap     ] GC(1010) Survivor regions: 8->9(101)
[2024-08-15T13:49:45.472+0000][4881.416s][info][gc,heap     ] GC(1010) Old regions: 405->405
[2024-08-15T13:49:45.472+0000][4881.416s][info][gc,heap     ] GC(1010) Archive regions: 2->2
[2024-08-15T13:49:45.472+0000][4881.416s][info][gc,heap     ] GC(1010) Humongous regions: 5->5
[2024-08-15T13:49:45.472+0000][4881.416s][info][gc,metaspace] GC(1010) Metaspace: 440872K(447168K)->440872K(447168K) NonClass: 385877K(389440K)->385877K(389440K) Class: 54995K(57728K)->54995K(57728K)
[2024-08-15T13:49:45.472+0000][4881.416s][info][gc          ] GC(1010) Pause Young (Normal) (G1 Evacuation Pause) 9690M->3346M(12288M) 25.084ms
[2024-08-15T13:49:45.472+0000][4881.416s][info][gc,cpu      ] GC(1010) User=0.14s Sys=0.00s Real=0.02s
[2024-08-15T13:49:51.960+0000][4887.905s][info][gc,start    ] GC(1011) Pause Young (Concurrent Start) (G1 Evacuation Pause)
[2024-08-15T13:49:51.961+0000][4887.905s][info][gc,task     ] GC(1011) Using 6 workers of 6 for evacuation
[2024-08-15T13:49:51.994+0000][4887.938s][info][gc,phases   ] GC(1011)   Pre Evacuate Collection Set: 0.6ms
[2024-08-15T13:49:51.994+0000][4887.938s][info][gc,phases   ] GC(1011)   Merge Heap Roots: 0.3ms
[2024-08-15T13:49:51.994+0000][4887.938s][info][gc,phases   ] GC(1011)   Evacuate Collection Set: 30.4ms
[2024-08-15T13:49:51.994+0000][4887.938s][info][gc,phases   ] GC(1011)   Post Evacuate Collection Set: 1.7ms
[2024-08-15T13:49:51.994+0000][4887.938s][info][gc,phases   ] GC(1011)   Other: 0.3ms
[2024-08-15T13:49:51.994+0000][4887.938s][info][gc,heap     ] GC(1011) Eden regions: 794->0(793)
[2024-08-15T13:49:51.994+0000][4887.938s][info][gc,heap     ] GC(1011) Survivor regions: 9->11(101)
[2024-08-15T13:49:51.994+0000][4887.938s][info][gc,heap     ] GC(1011) Old regions: 405->405
[2024-08-15T13:49:51.994+0000][4887.938s][info][gc,heap     ] GC(1011) Archive regions: 2->2
[2024-08-15T13:49:51.994+0000][4887.938s][info][gc,heap     ] GC(1011) Humongous regions: 5->5
[2024-08-15T13:49:51.994+0000][4887.938s][info][gc,metaspace] GC(1011) Metaspace: 440872K(447168K)->440872K(447168K) NonClass: 385877K(389440K)->385877K(389440K) Class: 54995K(57728K)->54995K(57728K)
[2024-08-15T13:49:51.994+0000][4887.938s][info][gc          ] GC(1011) Pause Young (Concurrent Start) (G1 Evacuation Pause) 9698M->3368M(12288M) 33.338ms
[2024-08-15T13:49:51.994+0000][4887.938s][info][gc,cpu      ] GC(1011) User=0.19s Sys=0.00s Real=0.03s
[2024-08-15T13:49:51.994+0000][4887.939s][info][gc          ] GC(1012) Concurrent Mark Cycle
[2024-08-15T13:49:51.994+0000][4887.939s][info][gc,marking  ] GC(1012) Concurrent Clear Claimed Marks
[2024-08-15T13:49:51.994+0000][4887.939s][info][gc,marking  ] GC(1012) Concurrent Clear Claimed Marks 0.409ms
[2024-08-15T13:49:51.994+0000][4887.939s][info][gc,marking  ] GC(1012) Concurrent Scan Root Regions
[2024-08-15T13:49:52.022+0000][4887.967s][info][gc,marking  ] GC(1012) Concurrent Scan Root Regions 27.670ms
[2024-08-15T13:49:52.022+0000][4887.967s][info][gc,marking  ] GC(1012) Concurrent Mark
[2024-08-15T13:49:52.022+0000][4887.967s][info][gc,marking  ] GC(1012) Concurrent Mark From Roots
[2024-08-15T13:49:52.022+0000][4887.967s][info][gc,task     ] GC(1012) Using 2 workers of 2 for marking
[2024-08-15T13:49:54.584+0000][4890.528s][info][gc,marking  ] GC(1012) Concurrent Mark From Roots 2561.681ms
[2024-08-15T13:49:54.584+0000][4890.528s][info][gc,marking  ] GC(1012) Concurrent Preclean
[2024-08-15T13:49:54.586+0000][4890.530s][info][gc,marking  ] GC(1012) Concurrent Preclean 1.739ms
[2024-08-15T13:49:54.586+0000][4890.530s][info][gc,start    ] GC(1012) Pause Remark
[2024-08-15T13:49:54.608+0000][4890.553s][info][gc          ] GC(1012) Pause Remark 5152M->5152M(12288M) 22.548ms
[2024-08-15T13:49:54.608+0000][4890.553s][info][gc,cpu      ] GC(1012) User=0.09s Sys=0.00s Real=0.02s
[2024-08-15T13:49:54.608+0000][4890.553s][info][gc,marking  ] GC(1012) Concurrent Mark 2586.327ms
[2024-08-15T13:49:54.608+0000][4890.553s][info][gc,marking  ] GC(1012) Concurrent Rebuild Remembered Sets
[2024-08-15T13:49:56.105+0000][4892.050s][info][gc,marking  ] GC(1012) Concurrent Rebuild Remembered Sets 1496.692ms
[2024-08-15T13:49:56.105+0000][4892.050s][info][gc,start    ] GC(1012) Pause Cleanup
[2024-08-15T13:49:56.106+0000][4892.051s][info][gc          ] GC(1012) Pause Cleanup 6197M->6197M(12288M) 0.635ms
[2024-08-15T13:49:56.106+0000][4892.051s][info][gc,cpu      ] GC(1012) User=0.00s Sys=0.00s Real=0.00s
[2024-08-15T13:49:56.106+0000][4892.051s][info][gc,marking  ] GC(1012) Concurrent Cleanup for Next Mark
[2024-08-15T13:49:56.124+0000][4892.069s][info][gc,marking  ] GC(1012) Concurrent Cleanup for Next Mark 18.010ms
[2024-08-15T13:49:56.124+0000][4892.069s][info][gc          ] GC(1012) Concurrent Mark Cycle 4130.227ms
[2024-08-15T13:50:00.868+0000][4896.812s][info][gc,start    ] GC(1013) Pause Young (Prepare Mixed) (G1 Evacuation Pause)
[2024-08-15T13:50:00.868+0000][4896.812s][info][gc,task     ] GC(1013) Using 6 workers of 6 for evacuation
[2024-08-15T13:50:00.903+0000][4896.847s][info][gc,phases   ] GC(1013)   Pre Evacuate Collection Set: 0.2ms
[2024-08-15T13:50:00.903+0000][4896.847s][info][gc,phases   ] GC(1013)   Merge Heap Roots: 0.3ms
[2024-08-15T13:50:00.903+0000][4896.847s][info][gc,phases   ] GC(1013)   Evacuate Collection Set: 32.5ms
[2024-08-15T13:50:00.903+0000][4896.847s][info][gc,phases   ] GC(1013)   Post Evacuate Collection Set: 1.8ms
[2024-08-15T13:50:00.903+0000][4896.847s][info][gc,phases   ] GC(1013)   Other: 0.2ms
[2024-08-15T13:50:00.903+0000][4896.847s][info][gc,heap     ] GC(1013) Eden regions: 793->0(62)
[2024-08-15T13:50:00.903+0000][4896.847s][info][gc,heap     ] GC(1013) Survivor regions: 11->14(101)
[2024-08-15T13:50:00.903+0000][4896.847s][info][gc,heap     ] GC(1013) Old regions: 405->405
[2024-08-15T13:50:00.903+0000][4896.847s][info][gc,heap     ] GC(1013) Archive regions: 2->2
[2024-08-15T13:50:00.903+0000][4896.847s][info][gc,heap     ] GC(1013) Humongous regions: 5->5
[2024-08-15T13:50:00.903+0000][4896.847s][info][gc,metaspace] GC(1013) Metaspace: 440883K(447296K)->440883K(447296K) NonClass: 385888K(389568K)->385888K(389568K) Class: 54995K(57728K)->54995K(57728K)
[2024-08-15T13:50:00.903+0000][4896.847s][info][gc          ] GC(1013) Pause Young (Prepare Mixed) (G1 Evacuation Pause) 9712M->3393M(12288M) 35.035ms
[2024-08-15T13:50:00.903+0000][4896.847s][info][gc,cpu      ] GC(1013) User=0.21s Sys=0.00s Real=0.03s
[2024-08-15T13:50:01.600+0000][4897.545s][info][gc,start    ] GC(1014) Pause Young (Mixed) (G1 Evacuation Pause)
[2024-08-15T13:50:01.600+0000][4897.545s][info][gc,task     ] GC(1014) Using 6 workers of 6 for evacuation
[2024-08-15T13:50:01.682+0000][4897.626s][info][gc,phases   ] GC(1014)   Pre Evacuate Collection Set: 0.2ms
[2024-08-15T13:50:01.682+0000][4897.626s][info][gc,phases   ] GC(1014)   Merge Heap Roots: 0.4ms
[2024-08-15T13:50:01.682+0000][4897.626s][info][gc,phases   ] GC(1014)   Evacuate Collection Set: 79.6ms
[2024-08-15T13:50:01.682+0000][4897.626s][info][gc,phases   ] GC(1014)   Post Evacuate Collection Set: 1.3ms
[2024-08-15T13:50:01.682+0000][4897.626s][info][gc,phases   ] GC(1014)   Other: 0.2ms
[2024-08-15T13:50:01.682+0000][4897.626s][info][gc,heap     ] GC(1014) Eden regions: 62->0(798)
[2024-08-15T13:50:01.682+0000][4897.626s][info][gc,heap     ] GC(1014) Survivor regions: 14->5(10)
[2024-08-15T13:50:01.682+0000][4897.626s][info][gc,heap     ] GC(1014) Old regions: 405->405
[2024-08-15T13:50:01.682+0000][4897.626s][info][gc,heap     ] GC(1014) Archive regions: 2->2
[2024-08-15T13:50:01.682+0000][4897.626s][info][gc,heap     ] GC(1014) Humongous regions: 5->5
[2024-08-15T13:50:01.682+0000][4897.626s][info][gc,metaspace] GC(1014) Metaspace: 440883K(447296K)->440883K(447296K) NonClass: 385888K(389568K)->385888K(389568K) Class: 54995K(57728K)->54995K(57728K)
[2024-08-15T13:50:01.682+0000][4897.626s][info][gc          ] GC(1014) Pause Young (Mixed) (G1 Evacuation Pause) 3889M->3320M(12288M) 81.729ms
[2024-08-15T13:50:01.682+0000][4897.626s][info][gc,cpu      ] GC(1014) User=0.49s Sys=0.00s Real=0.08s
[2024-08-15T13:50:10.383+0000][4906.327s][info][gc,start    ] GC(1015) Pause Young (Normal) (G1 Evacuation Pause)
[2024-08-15T13:50:10.383+0000][4906.327s][info][gc,task     ] GC(1015) Using 6 workers of 6 for evacuation
[2024-08-15T13:50:10.404+0000][4906.349s][info][gc,phases   ] GC(1015)   Pre Evacuate Collection Set: 0.2ms
[2024-08-15T13:50:10.404+0000][4906.349s][info][gc,phases   ] GC(1015)   Merge Heap Roots: 0.3ms
[2024-08-15T13:50:10.404+0000][4906.349s][info][gc,phases   ] GC(1015)   Evacuate Collection Set: 19.4ms
[2024-08-15T13:50:10.404+0000][4906.349s][info][gc,phases   ] GC(1015)   Post Evacuate Collection Set: 1.7ms
[2024-08-15T13:50:10.404+0000][4906.349s][info][gc,phases   ] GC(1015)   Other: 0.2ms
[2024-08-15T13:50:10.404+0000][4906.349s][info][gc,heap     ] GC(1015) Eden regions: 798->0(797)
[2024-08-15T13:50:10.404+0000][4906.349s][info][gc,heap     ] GC(1015) Survivor regions: 5->7(101)
[2024-08-15T13:50:10.404+0000][4906.349s][info][gc,heap     ] GC(1015) Old regions: 405->405
[2024-08-15T13:50:10.404+0000][4906.349s][info][gc,heap     ] GC(1015) Archive regions: 2->2
[2024-08-15T13:50:10.404+0000][4906.349s][info][gc,heap     ] GC(1015) Humongous regions: 5->5
[2024-08-15T13:50:10.404+0000][4906.349s][info][gc,metaspace] GC(1015) Metaspace: 440883K(447296K)->440883K(447296K) NonClass: 385888K(389568K)->385888K(389568K) Class: 54995K(57728K)->54995K(57728K)
[2024-08-15T13:50:10.404+0000][4906.349s][info][gc          ] GC(1015) Pause Young (Normal) (G1 Evacuation Pause) 9704M->3333M(12288M) 21.833ms
[2024-08-15T13:50:10.405+0000][4906.349s][info][gc,cpu      ] GC(1015) User=0.13s Sys=0.00s Real=0.03s
[2024-08-15T13:50:19.257+0000][4915.202s][info][gc,start    ] GC(1016) Pause Young (Normal) (G1 Evacuation Pause)
[2024-08-15T13:50:19.257+0000][4915.202s][info][gc,task     ] GC(1016) Using 6 workers of 6 for evacuation
[2024-08-15T13:50:19.288+0000][4915.232s][info][gc,phases   ] GC(1016)   Pre Evacuate Collection Set: 0.2ms
[2024-08-15T13:50:19.288+0000][4915.232s][info][gc,phases   ] GC(1016)   Merge Heap Roots: 0.3ms
[2024-08-15T13:50:19.288+0000][4915.232s][info][gc,phases   ] GC(1016)   Evacuate Collection Set: 27.9ms
[2024-08-15T13:50:19.288+0000][4915.232s][info][gc,phases   ] GC(1016)   Post Evacuate Collection Set: 1.8ms
[2024-08-15T13:50:19.288+0000][4915.232s][info][gc,phases   ] GC(1016)   Other: 0.2ms
[2024-08-15T13:50:19.288+0000][4915.232s][info][gc,heap     ] GC(1016) Eden regions: 797->0(793)
[2024-08-15T13:50:19.288+0000][4915.232s][info][gc,heap     ] GC(1016) Survivor regions: 7->10(101)
[2024-08-15T13:50:19.288+0000][4915.232s][info][gc,heap     ] GC(1016) Old regions: 405->405
[2024-08-15T13:50:19.288+0000][4915.232s][info][gc,heap     ] GC(1016) Archive regions: 2->2
[2024-08-15T13:50:19.288+0000][4915.232s][info][gc,heap     ] GC(1016) Humongous regions: 5->5
[2024-08-15T13:50:19.288+0000][4915.232s][info][gc,metaspace] GC(1016) Metaspace: 440883K(447296K)->440883K(447296K) NonClass: 385888K(389568K)->385888K(389568K) Class: 54995K(57728K)->54995K(57728K)
[2024-08-15T13:50:19.288+0000][4915.232s][info][gc          ] GC(1016) Pause Young (Normal) (G1 Evacuation Pause) 9709M->3358M(12288M) 30.381ms
[2024-08-15T13:50:19.288+0000][4915.232s][info][gc,cpu      ] GC(1016) User=0.18s Sys=0.00s Real=0.03s
[2024-08-15T13:50:27.774+0000][4923.718s][info][gc,start    ] GC(1017) Pause Young (Concurrent Start) (G1 Evacuation Pause)
[2024-08-15T13:50:27.774+0000][4923.718s][info][gc,task     ] GC(1017) Using 6 workers of 6 for evacuation
[2024-08-15T13:50:27.809+0000][4923.754s][info][gc,phases   ] GC(1017)   Pre Evacuate Collection Set: 0.6ms
[2024-08-15T13:50:27.809+0000][4923.754s][info][gc,phases   ] GC(1017)   Merge Heap Roots: 0.3ms
[2024-08-15T13:50:27.809+0000][4923.754s][info][gc,phases   ] GC(1017)   Evacuate Collection Set: 32.8ms
[2024-08-15T13:50:27.809+0000][4923.754s][info][gc,phases   ] GC(1017)   Post Evacuate Collection Set: 1.7ms
[2024-08-15T13:50:27.809+0000][4923.754s][info][gc,phases   ] GC(1017)   Other: 0.3ms
[2024-08-15T13:50:27.809+0000][4923.754s][info][gc,heap     ] GC(1017) Eden regions: 793->0(789)
[2024-08-15T13:50:27.809+0000][4923.754s][info][gc,heap     ] GC(1017) Survivor regions: 10->13(101)
[2024-08-15T13:50:27.809+0000][4923.754s][info][gc,heap     ] GC(1017) Old regions: 405->405
[2024-08-15T13:50:27.809+0000][4923.754s][info][gc,heap     ] GC(1017) Archive regions: 2->2
[2024-08-15T13:50:27.809+0000][4923.754s][info][gc,heap     ] GC(1017) Humongous regions: 5->5
[2024-08-15T13:50:27.809+0000][4923.754s][info][gc,metaspace] GC(1017) Metaspace: 440895K(447296K)->440895K(447296K) NonClass: 385900K(389568K)->385900K(389568K) Class: 54995K(57728K)->54995K(57728K)
[2024-08-15T13:50:27.809+0000][4923.754s][info][gc          ] GC(1017) Pause Young (Concurrent Start) (G1 Evacuation Pause) 9702M->3380M(12288M) 35.800ms
[2024-08-15T13:50:27.809+0000][4923.754s][info][gc,cpu      ] GC(1017) User=0.20s Sys=0.00s Real=0.04s
[2024-08-15T13:50:27.810+0000][4923.754s][info][gc          ] GC(1018) Concurrent Mark Cycle
[2024-08-15T13:50:27.810+0000][4923.754s][info][gc,marking  ] GC(1018) Concurrent Clear Claimed Marks
[2024-08-15T13:50:27.810+0000][4923.755s][info][gc,marking  ] GC(1018) Concurrent Clear Claimed Marks 0.459ms
[2024-08-15T13:50:27.810+0000][4923.755s][info][gc,marking  ] GC(1018) Concurrent Scan Root Regions
[2024-08-15T13:50:27.851+0000][4923.796s][info][gc,marking  ] GC(1018) Concurrent Scan Root Regions 41.326ms
[2024-08-15T13:50:27.851+0000][4923.796s][info][gc,marking  ] GC(1018) Concurrent Mark
[2024-08-15T13:50:27.851+0000][4923.796s][info][gc,marking  ] GC(1018) Concurrent Mark From Roots
[2024-08-15T13:50:27.851+0000][4923.796s][info][gc,task     ] GC(1018) Using 2 workers of 2 for marking
[2024-08-15T13:50:30.392+0000][4926.336s][info][gc,marking  ] GC(1018) Concurrent Mark From Roots 2540.162ms
[2024-08-15T13:50:30.392+0000][4926.336s][info][gc,marking  ] GC(1018) Concurrent Preclean
[2024-08-15T13:50:30.393+0000][4926.338s][info][gc,marking  ] GC(1018) Concurrent Preclean 1.474ms
[2024-08-15T13:50:30.393+0000][4926.338s][info][gc,start    ] GC(1018) Pause Remark
[2024-08-15T13:50:30.416+0000][4926.361s][info][gc          ] GC(1018) Pause Remark 5100M->5100M(12288M) 22.827ms
[2024-08-15T13:50:30.416+0000][4926.361s][info][gc,cpu      ] GC(1018) User=0.09s Sys=0.01s Real=0.03s
[2024-08-15T13:50:30.416+0000][4926.361s][info][gc,marking  ] GC(1018) Concurrent Mark 2564.829ms
[2024-08-15T13:50:30.416+0000][4926.361s][info][gc,marking  ] GC(1018) Concurrent Rebuild Remembered Sets
[2024-08-15T13:50:31.823+0000][4927.767s][info][gc,marking  ] GC(1018) Concurrent Rebuild Remembered Sets 1406.279ms
[2024-08-15T13:50:31.823+0000][4927.767s][info][gc,start    ] GC(1018) Pause Cleanup
[2024-08-15T13:50:31.823+0000][4927.768s][info][gc          ] GC(1018) Pause Cleanup 6064M->6064M(12288M) 0.674ms
[2024-08-15T13:50:31.823+0000][4927.768s][info][gc,cpu      ] GC(1018) User=0.00s Sys=0.00s Real=0.01s
[2024-08-15T13:50:31.823+0000][4927.768s][info][gc,marking  ] GC(1018) Concurrent Cleanup for Next Mark
[2024-08-15T13:50:31.841+0000][4927.785s][info][gc,marking  ] GC(1018) Concurrent Cleanup for Next Mark 17.199ms
[2024-08-15T13:50:31.841+0000][4927.785s][info][gc          ] GC(1018) Concurrent Mark Cycle 4031.206ms
[2024-08-15T13:50:36.551+0000][4932.496s][info][gc,start    ] GC(1019) Pause Young (Prepare Mixed) (G1 Evacuation Pause)
[2024-08-15T13:50:36.551+0000][4932.496s][info][gc,task     ] GC(1019) Using 6 workers of 6 for evacuation
[2024-08-15T13:50:36.589+0000][4932.534s][info][gc,phases   ] GC(1019)   Pre Evacuate Collection Set: 0.2ms
[2024-08-15T13:50:36.589+0000][4932.534s][info][gc,phases   ] GC(1019)   Merge Heap Roots: 0.3ms
[2024-08-15T13:50:36.589+0000][4932.534s][info][gc,phases   ] GC(1019)   Evacuate Collection Set: 35.8ms
[2024-08-15T13:50:36.589+0000][4932.534s][info][gc,phases   ] GC(1019)   Post Evacuate Collection Set: 1.7ms
[2024-08-15T13:50:36.589+0000][4932.534s][info][gc,phases   ] GC(1019)   Other: 0.2ms
[2024-08-15T13:50:36.589+0000][4932.534s][info][gc,heap     ] GC(1019) Eden regions: 789->0(60)
[2024-08-15T13:50:36.589+0000][4932.534s][info][gc,heap     ] GC(1019) Survivor regions: 13->16(101)
[2024-08-15T13:50:36.589+0000][4932.534s][info][gc,heap     ] GC(1019) Old regions: 405->405
[2024-08-15T13:50:36.589+0000][4932.534s][info][gc,heap     ] GC(1019) Archive regions: 2->2
[2024-08-15T13:50:36.589+0000][4932.534s][info][gc,heap     ] GC(1019) Humongous regions: 5->5
[2024-08-15T13:50:36.589+0000][4932.534s][info][gc,metaspace] GC(1019) Metaspace: 440899K(447296K)->440899K(447296K) NonClass: 385904K(389568K)->385904K(389568K) Class: 54995K(57728K)->54995K(57728K)
[2024-08-15T13:50:36.589+0000][4932.534s][info][gc          ] GC(1019) Pause Young (Prepare Mixed) (G1 Evacuation Pause) 9692M->3403M(12288M) 38.337ms
[2024-08-15T13:50:36.589+0000][4932.534s][info][gc,cpu      ] GC(1019) User=0.22s Sys=0.01s Real=0.04s
[2024-08-15T13:50:37.257+0000][4933.202s][info][gc,start    ] GC(1020) Pause Young (Mixed) (G1 Evacuation Pause)
[2024-08-15T13:50:37.257+0000][4933.202s][info][gc,task     ] GC(1020) Using 6 workers of 6 for evacuation
[2024-08-15T13:50:37.339+0000][4933.283s][info][gc,phases   ] GC(1020)   Pre Evacuate Collection Set: 0.2ms
[2024-08-15T13:50:37.339+0000][4933.283s][info][gc,phases   ] GC(1020)   Merge Heap Roots: 0.4ms
[2024-08-15T13:50:37.339+0000][4933.283s][info][gc,phases   ] GC(1020)   Evacuate Collection Set: 79.4ms
[2024-08-15T13:50:37.339+0000][4933.283s][info][gc,phases   ] GC(1020)   Post Evacuate Collection Set: 1.4ms
[2024-08-15T13:50:37.339+0000][4933.283s][info][gc,phases   ] GC(1020)   Other: 0.2ms
[2024-08-15T13:50:37.339+0000][4933.283s][info][gc,heap     ] GC(1020) Eden regions: 60->0(795)
[2024-08-15T13:50:37.339+0000][4933.283s][info][gc,heap     ] GC(1020) Survivor regions: 16->5(10)
[2024-08-15T13:50:37.339+0000][4933.283s][info][gc,heap     ] GC(1020) Old regions: 405->407
[2024-08-15T13:50:37.339+0000][4933.283s][info][gc,heap     ] GC(1020) Archive regions: 2->2
[2024-08-15T13:50:37.339+0000][4933.283s][info][gc,heap     ] GC(1020) Humongous regions: 5->5
[2024-08-15T13:50:37.339+0000][4933.283s][info][gc,metaspace] GC(1020) Metaspace: 440899K(447296K)->440899K(447296K) NonClass: 385904K(389568K)->385904K(389568K) Class: 54995K(57728K)->54995K(57728K)
[2024-08-15T13:50:37.339+0000][4933.283s][info][gc          ] GC(1020) Pause Young (Mixed) (G1 Evacuation Pause) 3883M->3334M(12288M) 81.534ms
[2024-08-15T13:50:37.339+0000][4933.283s][info][gc,cpu      ] GC(1020) User=0.48s Sys=0.00s Real=0.08s
[2024-08-15T13:50:45.961+0000][4941.906s][info][gc,start    ] GC(1021) Pause Young (Normal) (G1 Evacuation Pause)
[2024-08-15T13:50:45.961+0000][4941.906s][info][gc,task     ] GC(1021) Using 6 workers of 6 for evacuation
[2024-08-15T13:50:45.983+0000][4941.928s][info][gc,phases   ] GC(1021)   Pre Evacuate Collection Set: 0.2ms
[2024-08-15T13:50:45.983+0000][4941.928s][info][gc,phases   ] GC(1021)   Merge Heap Roots: 0.2ms
[2024-08-15T13:50:45.983+0000][4941.928s][info][gc,phases   ] GC(1021)   Evacuate Collection Set: 19.5ms
[2024-08-15T13:50:45.983+0000][4941.928s][info][gc,phases   ] GC(1021)   Post Evacuate Collection Set: 1.8ms
[2024-08-15T13:50:45.983+0000][4941.928s][info][gc,phases   ] GC(1021)   Other: 0.2ms
[2024-08-15T13:50:45.983+0000][4941.928s][info][gc,heap     ] GC(1021) Eden regions: 795->0(791)
[2024-08-15T13:50:45.983+0000][4941.928s][info][gc,heap     ] GC(1021) Survivor regions: 5->9(100)
[2024-08-15T13:50:45.983+0000][4941.928s][info][gc,heap     ] GC(1021) Old regions: 407->407
[2024-08-15T13:50:45.983+0000][4941.928s][info][gc,heap     ] GC(1021) Archive regions: 2->2
[2024-08-15T13:50:45.983+0000][4941.928s][info][gc,heap     ] GC(1021) Humongous regions: 5->5
[2024-08-15T13:50:45.983+0000][4941.928s][info][gc,metaspace] GC(1021) Metaspace: 440901K(447296K)->440901K(447296K) NonClass: 385906K(389568K)->385906K(389568K) Class: 54995K(57728K)->54995K(57728K)
[2024-08-15T13:50:45.983+0000][4941.928s][info][gc          ] GC(1021) Pause Young (Normal) (G1 Evacuation Pause) 9694M->3361M(12288M) 22.082ms
[2024-08-15T13:50:45.983+0000][4941.928s][info][gc,cpu      ] GC(1021) User=0.12s Sys=0.00s Real=0.03s
[2024-08-15T13:50:54.495+0000][4950.439s][info][gc,start    ] GC(1022) Pause Young (Normal) (G1 Evacuation Pause)
[2024-08-15T13:50:54.495+0000][4950.439s][info][gc,task     ] GC(1022) Using 6 workers of 6 for evacuation
[2024-08-15T13:50:54.520+0000][4950.465s][info][gc,phases   ] GC(1022)   Pre Evacuate Collection Set: 0.2ms
[2024-08-15T13:50:54.520+0000][4950.465s][info][gc,phases   ] GC(1022)   Merge Heap Roots: 0.3ms
[2024-08-15T13:50:54.520+0000][4950.465s][info][gc,phases   ] GC(1022)   Evacuate Collection Set: 23.1ms
[2024-08-15T13:50:54.520+0000][4950.465s][info][gc,phases   ] GC(1022)   Post Evacuate Collection Set: 1.7ms
[2024-08-15T13:50:54.520+0000][4950.465s][info][gc,phases   ] GC(1022)   Other: 0.2ms
[2024-08-15T13:50:54.520+0000][4950.465s][info][gc,heap     ] GC(1022) Eden regions: 791->0(788)
[2024-08-15T13:50:54.520+0000][4950.465s][info][gc,heap     ] GC(1022) Survivor regions: 9->12(100)
[2024-08-15T13:50:54.520+0000][4950.465s][info][gc,heap     ] GC(1022) Old regions: 407->407
[2024-08-15T13:50:54.520+0000][4950.465s][info][gc,heap     ] GC(1022) Archive regions: 2->2
[2024-08-15T13:50:54.520+0000][4950.465s][info][gc,heap     ] GC(1022) Humongous regions: 5->5
[2024-08-15T13:50:54.520+0000][4950.465s][info][gc,metaspace] GC(1022) Metaspace: 440901K(447296K)->440901K(447296K) NonClass: 385906K(389568K)->385906K(389568K) Class: 54995K(57728K)->54995K(57728K)
[2024-08-15T13:50:54.520+0000][4950.465s][info][gc          ] GC(1022) Pause Young (Normal) (G1 Evacuation Pause) 9689M->3389M(12288M) 25.571ms
[2024-08-15T13:50:54.520+0000][4950.465s][info][gc,cpu      ] GC(1022) User=0.14s Sys=0.01s Real=0.03s
[2024-08-15T13:51:02.735+0000][4958.680s][info][gc,start    ] GC(1023) Pause Young (Concurrent Start) (G1 Evacuation Pause)
[2024-08-15T13:51:02.735+0000][4958.680s][info][gc,task     ] GC(1023) Using 6 workers of 6 for evacuation
[2024-08-15T13:51:02.765+0000][4958.710s][info][gc,phases   ] GC(1023)   Pre Evacuate Collection Set: 0.6ms
[2024-08-15T13:51:02.765+0000][4958.710s][info][gc,phases   ] GC(1023)   Merge Heap Roots: 0.2ms
[2024-08-15T13:51:02.765+0000][4958.710s][info][gc,phases   ] GC(1023)   Evacuate Collection Set: 27.4ms
[2024-08-15T13:51:02.765+0000][4958.710s][info][gc,phases   ] GC(1023)   Post Evacuate Collection Set: 1.7ms
[2024-08-15T13:51:02.765+0000][4958.710s][info][gc,phases   ] GC(1023)   Other: 0.3ms
[2024-08-15T13:51:02.765+0000][4958.710s][info][gc,heap     ] GC(1023) Eden regions: 788->0(788)
[2024-08-15T13:51:02.765+0000][4958.710s][info][gc,heap     ] GC(1023) Survivor regions: 12->12(100)
[2024-08-15T13:51:02.765+0000][4958.710s][info][gc,heap     ] GC(1023) Old regions: 407->407
[2024-08-15T13:51:02.765+0000][4958.710s][info][gc,heap     ] GC(1023) Archive regions: 2->2
[2024-08-15T13:51:02.765+0000][4958.710s][info][gc,heap     ] GC(1023) Humongous regions: 5->5
[2024-08-15T13:51:02.765+0000][4958.710s][info][gc,metaspace] GC(1023) Metaspace: 440903K(447296K)->440903K(447296K) NonClass: 385908K(389568K)->385908K(389568K) Class: 54995K(57728K)->54995K(57728K)
[2024-08-15T13:51:02.765+0000][4958.710s][info][gc          ] GC(1023) Pause Young (Concurrent Start) (G1 Evacuation Pause) 9693M->3391M(12288M) 30.261ms
[2024-08-15T13:51:02.765+0000][4958.710s][info][gc,cpu      ] GC(1023) User=0.17s Sys=0.00s Real=0.03s
[2024-08-15T13:51:02.765+0000][4958.710s][info][gc          ] GC(1024) Concurrent Mark Cycle
[2024-08-15T13:51:02.766+0000][4958.710s][info][gc,marking  ] GC(1024) Concurrent Clear Claimed Marks
[2024-08-15T13:51:02.766+0000][4958.711s][info][gc,marking  ] GC(1024) Concurrent Clear Claimed Marks 0.415ms
[2024-08-15T13:51:02.766+0000][4958.711s][info][gc,marking  ] GC(1024) Concurrent Scan Root Regions
[2024-08-15T13:51:02.806+0000][4958.751s][info][gc,marking  ] GC(1024) Concurrent Scan Root Regions 40.215ms
[2024-08-15T13:51:02.806+0000][4958.751s][info][gc,marking  ] GC(1024) Concurrent Mark
[2024-08-15T13:51:02.806+0000][4958.751s][info][gc,marking  ] GC(1024) Concurrent Mark From Roots
[2024-08-15T13:51:02.806+0000][4958.751s][info][gc,task     ] GC(1024) Using 2 workers of 2 for marking
[2024-08-15T13:51:05.517+0000][4961.462s][info][gc,marking  ] GC(1024) Concurrent Mark From Roots 2710.927ms
[2024-08-15T13:51:05.517+0000][4961.462s][info][gc,marking  ] GC(1024) Concurrent Preclean
[2024-08-15T13:51:05.518+0000][4961.463s][info][gc,marking  ] GC(1024) Concurrent Preclean 1.314ms
[2024-08-15T13:51:05.519+0000][4961.463s][info][gc,start    ] GC(1024) Pause Remark
[2024-08-15T13:51:05.541+0000][4961.486s][info][gc          ] GC(1024) Pause Remark 5463M->5463M(12288M) 22.654ms
[2024-08-15T13:51:05.541+0000][4961.486s][info][gc,cpu      ] GC(1024) User=0.08s Sys=0.01s Real=0.02s
[2024-08-15T13:51:05.541+0000][4961.486s][info][gc,marking  ] GC(1024) Concurrent Mark 2735.310ms
[2024-08-15T13:51:05.542+0000][4961.486s][info][gc,marking  ] GC(1024) Concurrent Rebuild Remembered Sets
[2024-08-15T13:51:07.006+0000][4962.951s][info][gc,marking  ] GC(1024) Concurrent Rebuild Remembered Sets 1464.898ms
[2024-08-15T13:51:07.007+0000][4962.951s][info][gc,start    ] GC(1024) Pause Cleanup
[2024-08-15T13:51:07.007+0000][4962.952s][info][gc          ] GC(1024) Pause Cleanup 6519M->6519M(12288M) 0.638ms
[2024-08-15T13:51:07.007+0000][4962.952s][info][gc,cpu      ] GC(1024) User=0.00s Sys=0.00s Real=0.00s
[2024-08-15T13:51:07.007+0000][4962.952s][info][gc,marking  ] GC(1024) Concurrent Cleanup for Next Mark
[2024-08-15T13:51:07.024+0000][4962.969s][info][gc,marking  ] GC(1024) Concurrent Cleanup for Next Mark 17.198ms
[2024-08-15T13:51:07.025+0000][4962.969s][info][gc          ] GC(1024) Concurrent Mark Cycle 4259.055ms
[2024-08-15T13:51:11.333+0000][4967.278s][info][gc,start    ] GC(1025) Pause Young (Prepare Mixed) (G1 Evacuation Pause)
[2024-08-15T13:51:11.333+0000][4967.278s][info][gc,task     ] GC(1025) Using 6 workers of 6 for evacuation
[2024-08-15T13:51:11.371+0000][4967.316s][info][gc,phases   ] GC(1025)   Pre Evacuate Collection Set: 0.2ms
[2024-08-15T13:51:11.371+0000][4967.316s][info][gc,phases   ] GC(1025)   Merge Heap Roots: 0.3ms
[2024-08-15T13:51:11.371+0000][4967.316s][info][gc,phases   ] GC(1025)   Evacuate Collection Set: 35.6ms
[2024-08-15T13:51:11.371+0000][4967.316s][info][gc,phases   ] GC(1025)   Post Evacuate Collection Set: 1.7ms
[2024-08-15T13:51:11.371+0000][4967.316s][info][gc,phases   ] GC(1025)   Other: 0.2ms
[2024-08-15T13:51:11.371+0000][4967.316s][info][gc,heap     ] GC(1025) Eden regions: 788->0(62)
[2024-08-15T13:51:11.371+0000][4967.316s][info][gc,heap     ] GC(1025) Survivor regions: 12->14(100)
[2024-08-15T13:51:11.371+0000][4967.316s][info][gc,heap     ] GC(1025) Old regions: 407->407
[2024-08-15T13:51:11.371+0000][4967.316s][info][gc,heap     ] GC(1025) Archive regions: 2->2
[2024-08-15T13:51:11.371+0000][4967.316s][info][gc,heap     ] GC(1025) Humongous regions: 5->5
[2024-08-15T13:51:11.371+0000][4967.316s][info][gc,metaspace] GC(1025) Metaspace: 440906K(447296K)->440906K(447296K) NonClass: 385911K(389568K)->385911K(389568K) Class: 54995K(57728K)->54995K(57728K)
[2024-08-15T13:51:11.371+0000][4967.316s][info][gc          ] GC(1025) Pause Young (Prepare Mixed) (G1 Evacuation Pause) 9695M->3400M(12288M) 38.055ms
[2024-08-15T13:51:11.371+0000][4967.316s][info][gc,cpu      ] GC(1025) User=0.22s Sys=0.00s Real=0.04s
[2024-08-15T13:51:12.028+0000][4967.973s][info][gc,start    ] GC(1026) Pause Young (Mixed) (G1 Evacuation Pause)
[2024-08-15T13:51:12.028+0000][4967.973s][info][gc,task     ] GC(1026) Using 6 workers of 6 for evacuation
[2024-08-15T13:51:12.109+0000][4968.054s][info][gc,phases   ] GC(1026)   Pre Evacuate Collection Set: 0.2ms
[2024-08-15T13:51:12.109+0000][4968.054s][info][gc,phases   ] GC(1026)   Merge Heap Roots: 0.4ms
[2024-08-15T13:51:12.109+0000][4968.054s][info][gc,phases   ] GC(1026)   Evacuate Collection Set: 78.9ms
[2024-08-15T13:51:12.109+0000][4968.054s][info][gc,phases   ] GC(1026)   Post Evacuate Collection Set: 1.2ms
[2024-08-15T13:51:12.109+0000][4968.054s][info][gc,phases   ] GC(1026)   Other: 0.2ms
[2024-08-15T13:51:12.109+0000][4968.054s][info][gc,heap     ] GC(1026) Eden regions: 62->0(795)
[2024-08-15T13:51:12.109+0000][4968.054s][info][gc,heap     ] GC(1026) Survivor regions: 14->5(10)
[2024-08-15T13:51:12.109+0000][4968.054s][info][gc,heap     ] GC(1026) Old regions: 407->407
[2024-08-15T13:51:12.109+0000][4968.054s][info][gc,heap     ] GC(1026) Archive regions: 2->2
[2024-08-15T13:51:12.109+0000][4968.054s][info][gc,heap     ] GC(1026) Humongous regions: 5->5
[2024-08-15T13:51:12.109+0000][4968.054s][info][gc,metaspace] GC(1026) Metaspace: 440906K(447296K)->440906K(447296K) NonClass: 385911K(389568K)->385911K(389568K) Class: 54995K(57728K)->54995K(57728K)
[2024-08-15T13:51:12.109+0000][4968.054s][info][gc          ] GC(1026) Pause Young (Mixed) (G1 Evacuation Pause) 3896M->3333M(12288M) 80.895ms
[2024-08-15T13:51:12.109+0000][4968.054s][info][gc,cpu      ] GC(1026) User=0.49s Sys=0.00s Real=0.08s
[2024-08-15T13:51:20.934+0000][4976.879s][info][gc,start    ] GC(1027) Pause Young (Normal) (G1 Evacuation Pause)
[2024-08-15T13:51:20.934+0000][4976.879s][info][gc,task     ] GC(1027) Using 6 workers of 6 for evacuation
[2024-08-15T13:51:20.953+0000][4976.897s][info][gc,phases   ] GC(1027)   Pre Evacuate Collection Set: 0.2ms
[2024-08-15T13:51:20.953+0000][4976.897s][info][gc,phases   ] GC(1027)   Merge Heap Roots: 0.2ms
[2024-08-15T13:51:20.953+0000][4976.897s][info][gc,phases   ] GC(1027)   Evacuate Collection Set: 16.1ms
[2024-08-15T13:51:20.953+0000][4976.897s][info][gc,phases   ] GC(1027)   Post Evacuate Collection Set: 1.7ms
[2024-08-15T13:51:20.953+0000][4976.897s][info][gc,phases   ] GC(1027)   Other: 0.2ms
[2024-08-15T13:51:20.953+0000][4976.897s][info][gc,heap     ] GC(1027) Eden regions: 795->0(793)
[2024-08-15T13:51:20.953+0000][4976.897s][info][gc,heap     ] GC(1027) Survivor regions: 5->8(100)
[2024-08-15T13:51:20.953+0000][4976.897s][info][gc,heap     ] GC(1027) Old regions: 407->407
[2024-08-15T13:51:20.953+0000][4976.897s][info][gc,heap     ] GC(1027) Archive regions: 2->2
[2024-08-15T13:51:20.953+0000][4976.897s][info][gc,heap     ] GC(1027) Humongous regions: 5->5
[2024-08-15T13:51:20.953+0000][4976.897s][info][gc,metaspace] GC(1027) Metaspace: 440906K(447296K)->440906K(447296K) NonClass: 385911K(389568K)->385911K(389568K) Class: 54995K(57728K)->54995K(57728K)
[2024-08-15T13:51:20.953+0000][4976.897s][info][gc          ] GC(1027) Pause Young (Normal) (G1 Evacuation Pause) 9693M->3352M(12288M) 18.403ms
[2024-08-15T13:51:20.953+0000][4976.897s][info][gc,cpu      ] GC(1027) User=0.11s Sys=0.00s Real=0.02s
[2024-08-15T13:51:29.615+0000][4985.560s][info][gc,start    ] GC(1028) Pause Young (Normal) (G1 Evacuation Pause)
[2024-08-15T13:51:29.615+0000][4985.560s][info][gc,task     ] GC(1028) Using 6 workers of 6 for evacuation
[2024-08-15T13:51:29.644+0000][4985.588s][info][gc,phases   ] GC(1028)   Pre Evacuate Collection Set: 0.2ms
[2024-08-15T13:51:29.644+0000][4985.588s][info][gc,phases   ] GC(1028)   Merge Heap Roots: 0.2ms
[2024-08-15T13:51:29.644+0000][4985.588s][info][gc,phases   ] GC(1028)   Evacuate Collection Set: 25.9ms
[2024-08-15T13:51:29.644+0000][4985.588s][info][gc,phases   ] GC(1028)   Post Evacuate Collection Set: 2.0ms
[2024-08-15T13:51:29.644+0000][4985.588s][info][gc,phases   ] GC(1028)   Other: 0.2ms
[2024-08-15T13:51:29.644+0000][4985.588s][info][gc,heap     ] GC(1028) Eden regions: 793->0(788)
[2024-08-15T13:51:29.644+0000][4985.588s][info][gc,heap     ] GC(1028) Survivor regions: 8->12(101)
[2024-08-15T13:51:29.644+0000][4985.588s][info][gc,heap     ] GC(1028) Old regions: 407->407
[2024-08-15T13:51:29.644+0000][4985.588s][info][gc,heap     ] GC(1028) Archive regions: 2->2
[2024-08-15T13:51:29.644+0000][4985.588s][info][gc,heap     ] GC(1028) Humongous regions: 5->5
[2024-08-15T13:51:29.644+0000][4985.588s][info][gc,metaspace] GC(1028) Metaspace: 440906K(447296K)->440906K(447296K) NonClass: 385911K(389568K)->385911K(389568K) Class: 54995K(57728K)->54995K(57728K)
[2024-08-15T13:51:29.644+0000][4985.588s][info][gc          ] GC(1028) Pause Young (Normal) (G1 Evacuation Pause) 9696M->3386M(12288M) 28.670ms
[2024-08-15T13:51:29.644+0000][4985.588s][info][gc,cpu      ] GC(1028) User=0.16s Sys=0.00s Real=0.04s
[2024-08-15T13:51:32.185+0000][4988.130s][info][gc,start    ] GC(1029) Pause Young (Concurrent Start) (G1 Evacuation Pause)
[2024-08-15T13:51:32.185+0000][4988.130s][info][gc,task     ] GC(1029) Using 6 workers of 6 for evacuation
[2024-08-15T13:51:32.285+0000][4988.229s][info][gc,phases   ] GC(1029)   Pre Evacuate Collection Set: 0.6ms
[2024-08-15T13:51:32.285+0000][4988.229s][info][gc,phases   ] GC(1029)   Merge Heap Roots: 0.2ms
[2024-08-15T13:51:32.285+0000][4988.229s][info][gc,phases   ] GC(1029)   Evacuate Collection Set: 76.6ms
[2024-08-15T13:51:32.285+0000][4988.229s][info][gc,phases   ] GC(1029)   Post Evacuate Collection Set: 21.9ms
[2024-08-15T13:51:32.285+0000][4988.229s][info][gc,phases   ] GC(1029)   Other: 0.3ms
[2024-08-15T13:51:32.285+0000][4988.229s][info][gc,heap     ] GC(1029) Eden regions: 788->0(776)
[2024-08-15T13:51:32.285+0000][4988.229s][info][gc,heap     ] GC(1029) Survivor regions: 12->19(100)
[2024-08-15T13:51:32.285+0000][4988.229s][info][gc,heap     ] GC(1029) Old regions: 407->407
[2024-08-15T13:51:32.285+0000][4988.229s][info][gc,heap     ] GC(1029) Archive regions: 2->2
[2024-08-15T13:51:32.285+0000][4988.229s][info][gc,heap     ] GC(1029) Humongous regions: 5->5
[2024-08-15T13:51:32.285+0000][4988.229s][info][gc,metaspace] GC(1029) Metaspace: 440906K(447296K)->440906K(447296K) NonClass: 385911K(389568K)->385911K(389568K) Class: 54995K(57728K)->54995K(57728K)
[2024-08-15T13:51:32.285+0000][4988.229s][info][gc          ] GC(1029) Pause Young (Concurrent Start) (G1 Evacuation Pause) 9690M->3439M(12288M) 99.622ms
[2024-08-15T13:51:32.285+0000][4988.230s][info][gc,cpu      ] GC(1029) User=0.58s Sys=0.00s Real=0.10s
[2024-08-15T13:51:32.285+0000][4988.230s][info][gc          ] GC(1030) Concurrent Mark Cycle
[2024-08-15T13:51:32.285+0000][4988.230s][info][gc,marking  ] GC(1030) Concurrent Clear Claimed Marks
[2024-08-15T13:51:32.285+0000][4988.230s][info][gc,marking  ] GC(1030) Concurrent Clear Claimed Marks 0.471ms
[2024-08-15T13:51:32.285+0000][4988.230s][info][gc,marking  ] GC(1030) Concurrent Scan Root Regions
[2024-08-15T13:51:32.342+0000][4988.286s][info][gc,marking  ] GC(1030) Concurrent Scan Root Regions 56.236ms
[2024-08-15T13:51:32.342+0000][4988.286s][info][gc,marking  ] GC(1030) Concurrent Mark
[2024-08-15T13:51:32.342+0000][4988.286s][info][gc,marking  ] GC(1030) Concurrent Mark From Roots
[2024-08-15T13:51:32.342+0000][4988.286s][info][gc,task     ] GC(1030) Using 2 workers of 2 for marking
[2024-08-15T13:51:34.973+0000][4990.918s][info][gc,marking  ] GC(1030) Concurrent Mark From Roots 2631.214ms
[2024-08-15T13:51:34.973+0000][4990.918s][info][gc,marking  ] GC(1030) Concurrent Preclean
[2024-08-15T13:51:34.974+0000][4990.919s][info][gc,marking  ] GC(1030) Concurrent Preclean 1.149ms
[2024-08-15T13:51:34.974+0000][4990.919s][info][gc,start    ] GC(1030) Pause Remark
[2024-08-15T13:51:34.997+0000][4990.942s][info][gc          ] GC(1030) Pause Remark 8963M->8963M(12288M) 22.665ms
[2024-08-15T13:51:34.997+0000][4990.942s][info][gc,cpu      ] GC(1030) User=0.10s Sys=0.00s Real=0.03s
[2024-08-15T13:51:34.997+0000][4990.942s][info][gc,marking  ] GC(1030) Concurrent Mark 2655.528ms
[2024-08-15T13:51:34.997+0000][4990.942s][info][gc,marking  ] GC(1030) Concurrent Rebuild Remembered Sets
[2024-08-15T13:51:35.337+0000][4991.281s][info][gc,start    ] GC(1031) Pause Young (Normal) (G1 Evacuation Pause)
[2024-08-15T13:51:35.337+0000][4991.281s][info][gc,task     ] GC(1031) Using 6 workers of 6 for evacuation
[2024-08-15T13:51:35.435+0000][4991.380s][info][gc,phases   ] GC(1031)   Pre Evacuate Collection Set: 0.2ms
[2024-08-15T13:51:35.435+0000][4991.380s][info][gc,phases   ] GC(1031)   Merge Heap Roots: 0.3ms
[2024-08-15T13:51:35.435+0000][4991.380s][info][gc,phases   ] GC(1031)   Evacuate Collection Set: 81.6ms
[2024-08-15T13:51:35.435+0000][4991.380s][info][gc,phases   ] GC(1031)   Post Evacuate Collection Set: 16.3ms
[2024-08-15T13:51:35.435+0000][4991.380s][info][gc,phases   ] GC(1031)   Other: 0.2ms
[2024-08-15T13:51:35.435+0000][4991.380s][info][gc,heap     ] GC(1031) Eden regions: 776->0(766)
[2024-08-15T13:51:35.435+0000][4991.380s][info][gc,heap     ] GC(1031) Survivor regions: 19->24(100)
[2024-08-15T13:51:35.435+0000][4991.380s][info][gc,heap     ] GC(1031) Old regions: 407->407
[2024-08-15T13:51:35.435+0000][4991.380s][info][gc,heap     ] GC(1031) Archive regions: 2->2
[2024-08-15T13:51:35.435+0000][4991.380s][info][gc,heap     ] GC(1031) Humongous regions: 5->5
[2024-08-15T13:51:35.435+0000][4991.380s][info][gc,metaspace] GC(1031) Metaspace: 440906K(447296K)->440906K(447296K) NonClass: 385911K(389568K)->385911K(389568K) Class: 54995K(57728K)->54995K(57728K)
[2024-08-15T13:51:35.435+0000][4991.380s][info][gc          ] GC(1031) Pause Young (Normal) (G1 Evacuation Pause) 9647M->3481M(12288M) 98.626ms
[2024-08-15T13:51:35.435+0000][4991.380s][info][gc,cpu      ] GC(1031) User=0.58s Sys=0.00s Real=0.10s
[2024-08-15T13:51:36.609+0000][4992.554s][info][gc,marking  ] GC(1030) Concurrent Rebuild Remembered Sets 1611.598ms
[2024-08-15T13:51:36.609+0000][4992.554s][info][gc,start    ] GC(1030) Pause Cleanup
[2024-08-15T13:51:36.610+0000][4992.554s][info][gc          ] GC(1030) Pause Cleanup 6245M->6245M(12288M) 0.614ms
[2024-08-15T13:51:36.610+0000][4992.554s][info][gc,cpu      ] GC(1030) User=0.00s Sys=0.00s Real=0.00s
[2024-08-15T13:51:36.610+0000][4992.554s][info][gc,marking  ] GC(1030) Concurrent Cleanup for Next Mark
[2024-08-15T13:51:36.627+0000][4992.572s][info][gc,marking  ] GC(1030) Concurrent Cleanup for Next Mark 17.403ms
[2024-08-15T13:51:36.627+0000][4992.572s][info][gc          ] GC(1030) Concurrent Mark Cycle 4342.324ms
[2024-08-15T13:51:38.001+0000][4993.946s][info][gc,start    ] GC(1032) Pause Young (Prepare Mixed) (G1 Evacuation Pause)
[2024-08-15T13:51:38.001+0000][4993.946s][info][gc,task     ] GC(1032) Using 6 workers of 6 for evacuation
[2024-08-15T13:51:38.120+0000][4994.065s][info][gc,phases   ] GC(1032)   Pre Evacuate Collection Set: 0.2ms
[2024-08-15T13:51:38.120+0000][4994.065s][info][gc,phases   ] GC(1032)   Merge Heap Roots: 0.4ms
[2024-08-15T13:51:38.120+0000][4994.065s][info][gc,phases   ] GC(1032)   Evacuate Collection Set: 98.8ms
[2024-08-15T13:51:38.120+0000][4994.065s][info][gc,phases   ] GC(1032)   Post Evacuate Collection Set: 19.6ms
[2024-08-15T13:51:38.120+0000][4994.065s][info][gc,phases   ] GC(1032)   Other: 0.3ms
[2024-08-15T13:51:38.120+0000][4994.065s][info][gc,heap     ] GC(1032) Eden regions: 766->0(48)
[2024-08-15T13:51:38.120+0000][4994.065s][info][gc,heap     ] GC(1032) Survivor regions: 24->28(99)
[2024-08-15T13:51:38.120+0000][4994.065s][info][gc,heap     ] GC(1032) Old regions: 407->407
[2024-08-15T13:51:38.120+0000][4994.065s][info][gc,heap     ] GC(1032) Archive regions: 2->2
[2024-08-15T13:51:38.120+0000][4994.065s][info][gc,heap     ] GC(1032) Humongous regions: 5->5
[2024-08-15T13:51:38.120+0000][4994.065s][info][gc,metaspace] GC(1032) Metaspace: 440906K(447296K)->440906K(447296K) NonClass: 385911K(389568K)->385911K(389568K) Class: 54995K(57728K)->54995K(57728K)
[2024-08-15T13:51:38.120+0000][4994.065s][info][gc          ] GC(1032) Pause Young (Prepare Mixed) (G1 Evacuation Pause) 9609M->3517M(12288M) 119.345ms
[2024-08-15T13:51:38.121+0000][4994.065s][info][gc,cpu      ] GC(1032) User=0.70s Sys=0.00s Real=0.12s
[2024-08-15T13:51:38.312+0000][4994.256s][info][gc,start    ] GC(1033) Pause Young (Mixed) (G1 Evacuation Pause)
[2024-08-15T13:51:38.312+0000][4994.256s][info][gc,task     ] GC(1033) Using 6 workers of 6 for evacuation
[2024-08-15T13:51:38.443+0000][4994.388s][info][gc,phases   ] GC(1033)   Pre Evacuate Collection Set: 0.2ms
[2024-08-15T13:51:38.443+0000][4994.388s][info][gc,phases   ] GC(1033)   Merge Heap Roots: 0.4ms
[2024-08-15T13:51:38.443+0000][4994.388s][info][gc,phases   ] GC(1033)   Evacuate Collection Set: 127.8ms
[2024-08-15T13:51:38.443+0000][4994.388s][info][gc,phases   ] GC(1033)   Post Evacuate Collection Set: 2.7ms
[2024-08-15T13:51:38.443+0000][4994.388s][info][gc,phases   ] GC(1033)   Other: 0.2ms
[2024-08-15T13:51:38.443+0000][4994.388s][info][gc,heap     ] GC(1033) Eden regions: 48->0(775)
[2024-08-15T13:51:38.443+0000][4994.388s][info][gc,heap     ] GC(1033) Survivor regions: 28->3(10)
[2024-08-15T13:51:38.443+0000][4994.388s][info][gc,heap     ] GC(1033) Old regions: 407->425
[2024-08-15T13:51:38.443+0000][4994.388s][info][gc,heap     ] GC(1033) Archive regions: 2->2
[2024-08-15T13:51:38.443+0000][4994.388s][info][gc,heap     ] GC(1033) Humongous regions: 5->5
[2024-08-15T13:51:38.443+0000][4994.388s][info][gc,metaspace] GC(1033) Metaspace: 440906K(447296K)->440906K(447296K) NonClass: 385911K(389568K)->385911K(389568K) Class: 54995K(57728K)->54995K(57728K)
[2024-08-15T13:51:38.443+0000][4994.388s][info][gc          ] GC(1033) Pause Young (Mixed) (G1 Evacuation Pause) 3901M->3466M(12288M) 131.313ms
[2024-08-15T13:51:38.443+0000][4994.388s][info][gc,cpu      ] GC(1033) User=0.78s Sys=0.00s Real=0.14s
[2024-08-15T13:51:40.788+0000][4996.733s][info][gc,start    ] GC(1034) Pause Young (Normal) (G1 Evacuation Pause)
[2024-08-15T13:51:40.788+0000][4996.733s][info][gc,task     ] GC(1034) Using 6 workers of 6 for evacuation
[2024-08-15T13:51:40.868+0000][4996.813s][info][gc,phases   ] GC(1034)   Pre Evacuate Collection Set: 0.2ms
[2024-08-15T13:51:40.868+0000][4996.813s][info][gc,phases   ] GC(1034)   Merge Heap Roots: 0.3ms
[2024-08-15T13:51:40.868+0000][4996.813s][info][gc,phases   ] GC(1034)   Evacuate Collection Set: 60.1ms
[2024-08-15T13:51:40.868+0000][4996.813s][info][gc,phases   ] GC(1034)   Post Evacuate Collection Set: 19.8ms
[2024-08-15T13:51:40.868+0000][4996.813s][info][gc,phases   ] GC(1034)   Other: 0.2ms
[2024-08-15T13:51:40.868+0000][4996.813s][info][gc,heap     ] GC(1034) Eden regions: 775->0(771)
[2024-08-15T13:51:40.868+0000][4996.813s][info][gc,heap     ] GC(1034) Survivor regions: 3->7(98)
[2024-08-15T13:51:40.868+0000][4996.813s][info][gc,heap     ] GC(1034) Old regions: 425->425
[2024-08-15T13:51:40.869+0000][4996.813s][info][gc,heap     ] GC(1034) Archive regions: 2->2
[2024-08-15T13:51:40.869+0000][4996.813s][info][gc,heap     ] GC(1034) Humongous regions: 5->5
[2024-08-15T13:51:40.869+0000][4996.813s][info][gc,metaspace] GC(1034) Metaspace: 440906K(447296K)->440906K(447296K) NonClass: 385911K(389568K)->385911K(389568K) Class: 54995K(57728K)->54995K(57728K)
[2024-08-15T13:51:40.869+0000][4996.813s][info][gc          ] GC(1034) Pause Young (Normal) (G1 Evacuation Pause) 9666M->3498M(12288M) 80.588ms
[2024-08-15T13:51:40.869+0000][4996.813s][info][gc,cpu      ] GC(1034) User=0.47s Sys=0.00s Real=0.08s
[2024-08-15T13:51:43.038+0000][4998.983s][info][gc,start    ] GC(1035) Pause Young (Normal) (G1 Evacuation Pause)
[2024-08-15T13:51:43.038+0000][4998.983s][info][gc,task     ] GC(1035) Using 6 workers of 6 for evacuation
[2024-08-15T13:51:43.136+0000][4999.081s][info][gc,phases   ] GC(1035)   Pre Evacuate Collection Set: 0.2ms
[2024-08-15T13:51:43.136+0000][4999.081s][info][gc,phases   ] GC(1035)   Merge Heap Roots: 0.4ms
[2024-08-15T13:51:43.136+0000][4999.081s][info][gc,phases   ] GC(1035)   Evacuate Collection Set: 75.9ms
[2024-08-15T13:51:43.136+0000][4999.081s][info][gc,phases   ] GC(1035)   Post Evacuate Collection Set: 21.3ms
[2024-08-15T13:51:43.136+0000][4999.081s][info][gc,phases   ] GC(1035)   Other: 0.2ms
[2024-08-15T13:51:43.136+0000][4999.081s][info][gc,heap     ] GC(1035) Eden regions: 771->0(765)
[2024-08-15T13:51:43.136+0000][4999.081s][info][gc,heap     ] GC(1035) Survivor regions: 7->13(98)
[2024-08-15T13:51:43.136+0000][4999.081s][info][gc,heap     ] GC(1035) Old regions: 425->425
[2024-08-15T13:51:43.136+0000][4999.081s][info][gc,heap     ] GC(1035) Archive regions: 2->2
[2024-08-15T13:51:43.136+0000][4999.081s][info][gc,heap     ] GC(1035) Humongous regions: 5->5
[2024-08-15T13:51:43.136+0000][4999.081s][info][gc,metaspace] GC(1035) Metaspace: 440906K(447296K)->440906K(447296K) NonClass: 385911K(389568K)->385911K(389568K) Class: 54995K(57728K)->54995K(57728K)
[2024-08-15T13:51:43.136+0000][4999.081s][info][gc          ] GC(1035) Pause Young (Normal) (G1 Evacuation Pause) 9666M->3540M(12288M) 98.041ms
[2024-08-15T13:51:43.136+0000][4999.081s][info][gc,cpu      ] GC(1035) User=0.56s Sys=0.00s Real=0.10s
[2024-08-15T13:51:45.648+0000][5001.592s][info][gc,start    ] GC(1036) Pause Young (Concurrent Start) (G1 Evacuation Pause)
[2024-08-15T13:51:45.648+0000][5001.592s][info][gc,task     ] GC(1036) Using 6 workers of 6 for evacuation
[2024-08-15T13:51:45.752+0000][5001.697s][info][gc,phases   ] GC(1036)   Pre Evacuate Collection Set: 0.6ms
[2024-08-15T13:51:45.752+0000][5001.697s][info][gc,phases   ] GC(1036)   Merge Heap Roots: 0.4ms
[2024-08-15T13:51:45.752+0000][5001.697s][info][gc,phases   ] GC(1036)   Evacuate Collection Set: 83.6ms
[2024-08-15T13:51:45.752+0000][5001.697s][info][gc,phases   ] GC(1036)   Post Evacuate Collection Set: 19.7ms
[2024-08-15T13:51:45.752+0000][5001.697s][info][gc,phases   ] GC(1036)   Other: 0.3ms
[2024-08-15T13:51:45.752+0000][5001.697s][info][gc,heap     ] GC(1036) Eden regions: 765->0(762)
[2024-08-15T13:51:45.752+0000][5001.697s][info][gc,heap     ] GC(1036) Survivor regions: 13->17(98)
[2024-08-15T13:51:45.752+0000][5001.697s][info][gc,heap     ] GC(1036) Old regions: 425->425
[2024-08-15T13:51:45.752+0000][5001.697s][info][gc,heap     ] GC(1036) Archive regions: 2->2
[2024-08-15T13:51:45.752+0000][5001.697s][info][gc,heap     ] GC(1036) Humongous regions: 5->5
[2024-08-15T13:51:45.752+0000][5001.697s][info][gc,metaspace] GC(1036) Metaspace: 440906K(447296K)->440906K(447296K) NonClass: 385911K(389568K)->385911K(389568K) Class: 54995K(57728K)->54995K(57728K)
[2024-08-15T13:51:45.752+0000][5001.697s][info][gc          ] GC(1036) Pause Young (Concurrent Start) (G1 Evacuation Pause) 9660M->3573M(12288M) 104.638ms
[2024-08-15T13:51:45.752+0000][5001.697s][info][gc,cpu      ] GC(1036) User=0.61s Sys=0.00s Real=0.10s
[2024-08-15T13:51:45.752+0000][5001.697s][info][gc          ] GC(1037) Concurrent Mark Cycle
[2024-08-15T13:51:45.752+0000][5001.697s][info][gc,marking  ] GC(1037) Concurrent Clear Claimed Marks
[2024-08-15T13:51:45.753+0000][5001.697s][info][gc,marking  ] GC(1037) Concurrent Clear Claimed Marks 0.435ms
[2024-08-15T13:51:45.753+0000][5001.697s][info][gc,marking  ] GC(1037) Concurrent Scan Root Regions
[2024-08-15T13:51:45.805+0000][5001.750s][info][gc,marking  ] GC(1037) Concurrent Scan Root Regions 52.378ms
[2024-08-15T13:51:45.805+0000][5001.750s][info][gc,marking  ] GC(1037) Concurrent Mark
[2024-08-15T13:51:45.805+0000][5001.750s][info][gc,marking  ] GC(1037) Concurrent Mark From Roots
[2024-08-15T13:51:45.805+0000][5001.750s][info][gc,task     ] GC(1037) Using 2 workers of 2 for marking
[2024-08-15T13:51:48.375+0000][5004.320s][info][gc,marking  ] GC(1037) Concurrent Mark From Roots 2569.982ms
[2024-08-15T13:51:48.375+0000][5004.320s][info][gc,marking  ] GC(1037) Concurrent Preclean
[2024-08-15T13:51:48.376+0000][5004.321s][info][gc,marking  ] GC(1037) Concurrent Preclean 1.296ms
[2024-08-15T13:51:48.377+0000][5004.321s][info][gc,start    ] GC(1037) Pause Remark
[2024-08-15T13:51:48.400+0000][5004.344s][info][gc          ] GC(1037) Pause Remark 9249M->9249M(12288M) 22.889ms
[2024-08-15T13:51:48.400+0000][5004.344s][info][gc,cpu      ] GC(1037) User=0.09s Sys=0.01s Real=0.02s
[2024-08-15T13:51:48.400+0000][5004.344s][info][gc,marking  ] GC(1037) Concurrent Mark 2594.590ms
[2024-08-15T13:51:48.400+0000][5004.344s][info][gc,marking  ] GC(1037) Concurrent Rebuild Remembered Sets
[2024-08-15T13:51:48.591+0000][5004.535s][info][gc,start    ] GC(1038) Pause Young (Normal) (G1 Evacuation Pause)
[2024-08-15T13:51:48.591+0000][5004.535s][info][gc,task     ] GC(1038) Using 6 workers of 6 for evacuation
[2024-08-15T13:51:48.712+0000][5004.657s][info][gc,phases   ] GC(1038)   Pre Evacuate Collection Set: 0.2ms
[2024-08-15T13:51:48.712+0000][5004.657s][info][gc,phases   ] GC(1038)   Merge Heap Roots: 0.4ms
[2024-08-15T13:51:48.712+0000][5004.657s][info][gc,phases   ] GC(1038)   Evacuate Collection Set: 100.8ms
[2024-08-15T13:51:48.712+0000][5004.657s][info][gc,phases   ] GC(1038)   Post Evacuate Collection Set: 19.8ms
[2024-08-15T13:51:48.712+0000][5004.657s][info][gc,phases   ] GC(1038)   Other: 0.2ms
[2024-08-15T13:51:48.712+0000][5004.657s][info][gc,heap     ] GC(1038) Eden regions: 762->0(752)
[2024-08-15T13:51:48.712+0000][5004.657s][info][gc,heap     ] GC(1038) Survivor regions: 17->22(98)
[2024-08-15T13:51:48.712+0000][5004.657s][info][gc,heap     ] GC(1038) Old regions: 425->425
[2024-08-15T13:51:48.712+0000][5004.657s][info][gc,heap     ] GC(1038) Archive regions: 2->2
[2024-08-15T13:51:48.712+0000][5004.657s][info][gc,heap     ] GC(1038) Humongous regions: 5->5
[2024-08-15T13:51:48.712+0000][5004.657s][info][gc,metaspace] GC(1038) Metaspace: 440906K(447296K)->440906K(447296K) NonClass: 385911K(389568K)->385911K(389568K) Class: 54995K(57728K)->54995K(57728K)
[2024-08-15T13:51:48.712+0000][5004.657s][info][gc          ] GC(1038) Pause Young (Normal) (G1 Evacuation Pause) 9669M->3618M(12288M) 121.447ms
[2024-08-15T13:51:48.712+0000][5004.657s][info][gc,cpu      ] GC(1038) User=0.70s Sys=0.00s Real=0.12s
[2024-08-15T13:51:49.996+0000][5005.940s][info][gc,marking  ] GC(1037) Concurrent Rebuild Remembered Sets 1595.991ms
[2024-08-15T13:51:49.996+0000][5005.941s][info][gc,start    ] GC(1037) Pause Cleanup
[2024-08-15T13:51:49.997+0000][5005.941s][info][gc          ] GC(1037) Pause Cleanup 6178M->6178M(12288M) 0.646ms
[2024-08-15T13:51:49.997+0000][5005.941s][info][gc,cpu      ] GC(1037) User=0.00s Sys=0.00s Real=0.00s
[2024-08-15T13:51:49.997+0000][5005.941s][info][gc,marking  ] GC(1037) Concurrent Cleanup for Next Mark
[2024-08-15T13:51:50.014+0000][5005.958s][info][gc,marking  ] GC(1037) Concurrent Cleanup for Next Mark 16.925ms
[2024-08-15T13:51:50.014+0000][5005.958s][info][gc          ] GC(1037) Concurrent Mark Cycle 4261.472ms
[2024-08-15T13:51:51.344+0000][5007.289s][info][gc,start    ] GC(1039) Pause Young (Prepare Mixed) (G1 Evacuation Pause)
[2024-08-15T13:51:51.344+0000][5007.289s][info][gc,task     ] GC(1039) Using 6 workers of 6 for evacuation
[2024-08-15T13:51:51.475+0000][5007.419s][info][gc,phases   ] GC(1039)   Pre Evacuate Collection Set: 0.2ms
[2024-08-15T13:51:51.475+0000][5007.419s][info][gc,phases   ] GC(1039)   Merge Heap Roots: 0.8ms
[2024-08-15T13:51:51.475+0000][5007.419s][info][gc,phases   ] GC(1039)   Evacuate Collection Set: 112.5ms
[2024-08-15T13:51:51.475+0000][5007.419s][info][gc,phases   ] GC(1039)   Post Evacuate Collection Set: 17.2ms
[2024-08-15T13:51:51.475+0000][5007.420s][info][gc,phases   ] GC(1039)   Other: 0.2ms
[2024-08-15T13:51:51.475+0000][5007.420s][info][gc,heap     ] GC(1039) Eden regions: 752->0(50)
[2024-08-15T13:51:51.475+0000][5007.420s][info][gc,heap     ] GC(1039) Survivor regions: 22->26(97)
[2024-08-15T13:51:51.475+0000][5007.420s][info][gc,heap     ] GC(1039) Old regions: 425->425
[2024-08-15T13:51:51.475+0000][5007.420s][info][gc,heap     ] GC(1039) Archive regions: 2->2
[2024-08-15T13:51:51.475+0000][5007.420s][info][gc,heap     ] GC(1039) Humongous regions: 5->5
[2024-08-15T13:51:51.475+0000][5007.420s][info][gc,metaspace] GC(1039) Metaspace: 440906K(447296K)->440906K(447296K) NonClass: 385911K(389568K)->385911K(389568K) Class: 54995K(57728K)->54995K(57728K)
[2024-08-15T13:51:51.475+0000][5007.420s][info][gc          ] GC(1039) Pause Young (Prepare Mixed) (G1 Evacuation Pause) 9634M->3646M(12288M) 130.874ms
[2024-08-15T13:51:51.475+0000][5007.420s][info][gc,cpu      ] GC(1039) User=0.77s Sys=0.00s Real=0.12s
[2024-08-15T13:51:51.653+0000][5007.597s][info][gc,start    ] GC(1040) Pause Young (Mixed) (G1 Evacuation Pause)
[2024-08-15T13:51:51.653+0000][5007.597s][info][gc,task     ] GC(1040) Using 6 workers of 6 for evacuation
[2024-08-15T13:51:51.781+0000][5007.726s][info][gc,phases   ] GC(1040)   Pre Evacuate Collection Set: 0.2ms
[2024-08-15T13:51:51.781+0000][5007.726s][info][gc,phases   ] GC(1040)   Merge Heap Roots: 0.5ms
[2024-08-15T13:51:51.781+0000][5007.726s][info][gc,phases   ] GC(1040)   Evacuate Collection Set: 123.9ms
[2024-08-15T13:51:51.781+0000][5007.726s][info][gc,phases   ] GC(1040)   Post Evacuate Collection Set: 4.1ms
[2024-08-15T13:51:51.781+0000][5007.726s][info][gc,phases   ] GC(1040)   Other: 0.2ms
[2024-08-15T13:51:51.781+0000][5007.726s][info][gc,heap     ] GC(1040) Eden regions: 50->0(769)
[2024-08-15T13:51:51.782+0000][5007.726s][info][gc,heap     ] GC(1040) Survivor regions: 26->6(10)
[2024-08-15T13:51:51.782+0000][5007.726s][info][gc,heap     ] GC(1040) Old regions: 425->430
[2024-08-15T13:51:51.782+0000][5007.726s][info][gc,heap     ] GC(1040) Archive regions: 2->2
[2024-08-15T13:51:51.782+0000][5007.726s][info][gc,heap     ] GC(1040) Humongous regions: 5->5
[2024-08-15T13:51:51.782+0000][5007.726s][info][gc,metaspace] GC(1040) Metaspace: 440906K(447296K)->440906K(447296K) NonClass: 385911K(389568K)->385911K(389568K) Class: 54995K(57728K)->54995K(57728K)
[2024-08-15T13:51:51.782+0000][5007.726s][info][gc          ] GC(1040) Pause Young (Mixed) (G1 Evacuation Pause) 4046M->3529M(12288M) 128.919ms
[2024-08-15T13:51:51.782+0000][5007.726s][info][gc,cpu      ] GC(1040) User=0.76s Sys=0.00s Real=0.13s
[2024-08-15T13:51:54.172+0000][5010.117s][info][gc,start    ] GC(1041) Pause Young (Normal) (G1 Evacuation Pause)
[2024-08-15T13:51:54.172+0000][5010.117s][info][gc,task     ] GC(1041) Using 6 workers of 6 for evacuation
[2024-08-15T13:51:54.251+0000][5010.196s][info][gc,phases   ] GC(1041)   Pre Evacuate Collection Set: 0.2ms
[2024-08-15T13:51:54.251+0000][5010.196s][info][gc,phases   ] GC(1041)   Merge Heap Roots: 0.3ms
[2024-08-15T13:51:54.251+0000][5010.196s][info][gc,phases   ] GC(1041)   Evacuate Collection Set: 61.0ms
[2024-08-15T13:51:54.251+0000][5010.196s][info][gc,phases   ] GC(1041)   Post Evacuate Collection Set: 17.5ms
[2024-08-15T13:51:54.251+0000][5010.196s][info][gc,phases   ] GC(1041)   Other: 0.2ms
[2024-08-15T13:51:54.251+0000][5010.196s][info][gc,heap     ] GC(1041) Eden regions: 769->0(765)
[2024-08-15T13:51:54.251+0000][5010.196s][info][gc,heap     ] GC(1041) Survivor regions: 6->11(97)
[2024-08-15T13:51:54.251+0000][5010.196s][info][gc,heap     ] GC(1041) Old regions: 430->430
[2024-08-15T13:51:54.251+0000][5010.196s][info][gc,heap     ] GC(1041) Archive regions: 2->2
[2024-08-15T13:51:54.251+0000][5010.196s][info][gc,heap     ] GC(1041) Humongous regions: 5->5
[2024-08-15T13:51:54.251+0000][5010.196s][info][gc,metaspace] GC(1041) Metaspace: 440906K(447296K)->440906K(447296K) NonClass: 385911K(389568K)->385911K(389568K) Class: 54995K(57728K)->54995K(57728K)
[2024-08-15T13:51:54.251+0000][5010.196s][info][gc          ] GC(1041) Pause Young (Normal) (G1 Evacuation Pause) 9681M->3563M(12288M) 79.214ms
[2024-08-15T13:51:54.251+0000][5010.196s][info][gc,cpu      ] GC(1041) User=0.46s Sys=0.00s Real=0.08s
[2024-08-15T13:51:56.453+0000][5012.398s][info][gc,start    ] GC(1042) Pause Young (Normal) (G1 Evacuation Pause)
[2024-08-15T13:51:56.453+0000][5012.398s][info][gc,task     ] GC(1042) Using 6 workers of 6 for evacuation
[2024-08-15T13:51:56.538+0000][5012.482s][info][gc,phases   ] GC(1042)   Pre Evacuate Collection Set: 0.2ms
[2024-08-15T13:51:56.538+0000][5012.482s][info][gc,phases   ] GC(1042)   Merge Heap Roots: 0.3ms
[2024-08-15T13:51:56.538+0000][5012.482s][info][gc,phases   ] GC(1042)   Evacuate Collection Set: 66.5ms
[2024-08-15T13:51:56.538+0000][5012.482s][info][gc,phases   ] GC(1042)   Post Evacuate Collection Set: 17.2ms
[2024-08-15T13:51:56.538+0000][5012.482s][info][gc,phases   ] GC(1042)   Other: 0.2ms
[2024-08-15T13:51:56.538+0000][5012.482s][info][gc,heap     ] GC(1042) Eden regions: 765->0(763)
[2024-08-15T13:51:56.538+0000][5012.482s][info][gc,heap     ] GC(1042) Survivor regions: 11->13(97)
[2024-08-15T13:51:56.538+0000][5012.482s][info][gc,heap     ] GC(1042) Old regions: 430->430
[2024-08-15T13:51:56.538+0000][5012.482s][info][gc,heap     ] GC(1042) Archive regions: 2->2
[2024-08-15T13:51:56.538+0000][5012.482s][info][gc,heap     ] GC(1042) Humongous regions: 5->5
[2024-08-15T13:51:56.538+0000][5012.482s][info][gc,metaspace] GC(1042) Metaspace: 440906K(447296K)->440906K(447296K) NonClass: 385911K(389568K)->385911K(389568K) Class: 54995K(57728K)->54995K(57728K)
[2024-08-15T13:51:56.538+0000][5012.482s][info][gc          ] GC(1042) Pause Young (Normal) (G1 Evacuation Pause) 9683M->3582M(12288M) 84.477ms
[2024-08-15T13:51:56.538+0000][5012.483s][info][gc,cpu      ] GC(1042) User=0.48s Sys=0.00s Real=0.09s
[2024-08-15T13:51:58.780+0000][5014.725s][info][gc,start    ] GC(1043) Pause Young (Concurrent Start) (G1 Evacuation Pause)
[2024-08-15T13:51:58.780+0000][5014.725s][info][gc,task     ] GC(1043) Using 6 workers of 6 for evacuation
[2024-08-15T13:51:58.876+0000][5014.820s][info][gc,phases   ] GC(1043)   Pre Evacuate Collection Set: 0.6ms
[2024-08-15T13:51:58.876+0000][5014.820s][info][gc,phases   ] GC(1043)   Merge Heap Roots: 0.4ms
[2024-08-15T13:51:58.876+0000][5014.820s][info][gc,phases   ] GC(1043)   Evacuate Collection Set: 76.8ms
[2024-08-15T13:51:58.876+0000][5014.820s][info][gc,phases   ] GC(1043)   Post Evacuate Collection Set: 17.3ms
[2024-08-15T13:51:58.876+0000][5014.820s][info][gc,phases   ] GC(1043)   Other: 0.3ms
[2024-08-15T13:51:58.876+0000][5014.820s][info][gc,heap     ] GC(1043) Eden regions: 763->0(761)
[2024-08-15T13:51:58.876+0000][5014.820s][info][gc,heap     ] GC(1043) Survivor regions: 13->15(97)
[2024-08-15T13:51:58.876+0000][5014.820s][info][gc,heap     ] GC(1043) Old regions: 430->430
[2024-08-15T13:51:58.876+0000][5014.820s][info][gc,heap     ] GC(1043) Archive regions: 2->2
[2024-08-15T13:51:58.876+0000][5014.820s][info][gc,heap     ] GC(1043) Humongous regions: 5->5
[2024-08-15T13:51:58.876+0000][5014.820s][info][gc,metaspace] GC(1043) Metaspace: 440910K(447296K)->440910K(447296K) NonClass: 385915K(389568K)->385915K(389568K) Class: 54995K(57728K)->54995K(57728K)
[2024-08-15T13:51:58.876+0000][5014.820s][info][gc          ] GC(1043) Pause Young (Concurrent Start) (G1 Evacuation Pause) 9686M->3601M(12288M) 95.384ms
[2024-08-15T13:51:58.876+0000][5014.820s][info][gc,cpu      ] GC(1043) User=0.55s Sys=0.01s Real=0.10s
[2024-08-15T13:51:58.876+0000][5014.820s][info][gc          ] GC(1044) Concurrent Mark Cycle
[2024-08-15T13:51:58.876+0000][5014.820s][info][gc,marking  ] GC(1044) Concurrent Clear Claimed Marks
[2024-08-15T13:51:58.876+0000][5014.821s][info][gc,marking  ] GC(1044) Concurrent Clear Claimed Marks 0.449ms
[2024-08-15T13:51:58.876+0000][5014.821s][info][gc,marking  ] GC(1044) Concurrent Scan Root Regions
[2024-08-15T13:51:58.931+0000][5014.876s][info][gc,marking  ] GC(1044) Concurrent Scan Root Regions 54.845ms
[2024-08-15T13:51:58.931+0000][5014.876s][info][gc,marking  ] GC(1044) Concurrent Mark
[2024-08-15T13:51:58.931+0000][5014.876s][info][gc,marking  ] GC(1044) Concurrent Mark From Roots
[2024-08-15T13:51:58.931+0000][5014.876s][info][gc,task     ] GC(1044) Using 2 workers of 2 for marking
[2024-08-15T13:52:02.013+0000][5017.958s][info][gc,marking  ] GC(1044) Concurrent Mark From Roots 3082.143ms
[2024-08-15T13:52:02.013+0000][5017.958s][info][gc,marking  ] GC(1044) Concurrent Preclean
[2024-08-15T13:52:02.015+0000][5017.959s][info][gc,marking  ] GC(1044) Concurrent Preclean 1.294ms
[2024-08-15T13:52:02.015+0000][5017.959s][info][gc,start    ] GC(1044) Pause Remark
[2024-08-15T13:52:02.038+0000][5017.982s][info][gc          ] GC(1044) Pause Remark 7303M->7303M(12288M) 22.956ms
[2024-08-15T13:52:02.038+0000][5017.982s][info][gc,cpu      ] GC(1044) User=0.10s Sys=0.00s Real=0.03s
[2024-08-15T13:52:02.038+0000][5017.982s][info][gc,marking  ] GC(1044) Concurrent Mark 3106.736ms
[2024-08-15T13:52:02.038+0000][5017.983s][info][gc,marking  ] GC(1044) Concurrent Rebuild Remembered Sets
[2024-08-15T13:52:03.787+0000][5019.732s][info][gc,start    ] GC(1045) Pause Young (Normal) (G1 Evacuation Pause)
[2024-08-15T13:52:03.787+0000][5019.732s][info][gc,task     ] GC(1045) Using 6 workers of 6 for evacuation
[2024-08-15T13:52:03.866+0000][5019.810s][info][gc,phases   ] GC(1045)   Pre Evacuate Collection Set: 0.2ms
[2024-08-15T13:52:03.866+0000][5019.810s][info][gc,phases   ] GC(1045)   Merge Heap Roots: 0.9ms
[2024-08-15T13:52:03.866+0000][5019.810s][info][gc,phases   ] GC(1045)   Evacuate Collection Set: 70.6ms
[2024-08-15T13:52:03.866+0000][5019.810s][info][gc,phases   ] GC(1045)   Post Evacuate Collection Set: 6.6ms
[2024-08-15T13:52:03.866+0000][5019.810s][info][gc,phases   ] GC(1045)   Other: 0.2ms
[2024-08-15T13:52:03.866+0000][5019.810s][info][gc,heap     ] GC(1045) Eden regions: 761->0(761)
[2024-08-15T13:52:03.866+0000][5019.810s][info][gc,heap     ] GC(1045) Survivor regions: 15->15(97)
[2024-08-15T13:52:03.866+0000][5019.810s][info][gc,heap     ] GC(1045) Old regions: 430->430
[2024-08-15T13:52:03.866+0000][5019.810s][info][gc,heap     ] GC(1045) Archive regions: 2->2
[2024-08-15T13:52:03.866+0000][5019.810s][info][gc,heap     ] GC(1045) Humongous regions: 5->5
[2024-08-15T13:52:03.866+0000][5019.810s][info][gc,metaspace] GC(1045) Metaspace: 440911K(447296K)->440911K(447296K) NonClass: 385916K(389568K)->385916K(389568K) Class: 54995K(57728K)->54995K(57728K)
[2024-08-15T13:52:03.866+0000][5019.810s][info][gc          ] GC(1045) Pause Young (Normal) (G1 Evacuation Pause) 9689M->3601M(12288M) 78.550ms
[2024-08-15T13:52:03.866+0000][5019.810s][info][gc,cpu      ] GC(1045) User=0.46s Sys=0.00s Real=0.08s
[2024-08-15T13:52:04.077+0000][5020.022s][info][gc,marking  ] GC(1044) Concurrent Rebuild Remembered Sets 2039.014ms
[2024-08-15T13:52:04.077+0000][5020.022s][info][gc,start    ] GC(1044) Pause Cleanup
[2024-08-15T13:52:04.078+0000][5020.022s][info][gc          ] GC(1044) Pause Cleanup 3845M->3845M(12288M) 0.668ms
[2024-08-15T13:52:04.078+0000][5020.022s][info][gc,cpu      ] GC(1044) User=0.00s Sys=0.00s Real=0.00s
[2024-08-15T13:52:04.078+0000][5020.023s][info][gc,marking  ] GC(1044) Concurrent Cleanup for Next Mark
[2024-08-15T13:52:04.107+0000][5020.051s][info][gc,marking  ] GC(1044) Concurrent Cleanup for Next Mark 28.790ms
[2024-08-15T13:52:04.107+0000][5020.051s][info][gc          ] GC(1044) Concurrent Mark Cycle 5231.032ms
[2024-08-15T13:52:08.539+0000][5024.484s][info][gc,start    ] GC(1046) Pause Young (Prepare Mixed) (G1 Evacuation Pause)
[2024-08-15T13:52:08.539+0000][5024.484s][info][gc,task     ] GC(1046) Using 6 workers of 6 for evacuation
[2024-08-15T13:52:08.595+0000][5024.540s][info][gc,phases   ] GC(1046)   Pre Evacuate Collection Set: 0.2ms
[2024-08-15T13:52:08.595+0000][5024.540s][info][gc,phases   ] GC(1046)   Merge Heap Roots: 0.6ms
[2024-08-15T13:52:08.595+0000][5024.540s][info][gc,phases   ] GC(1046)   Evacuate Collection Set: 53.6ms
[2024-08-15T13:52:08.596+0000][5024.540s][info][gc,phases   ] GC(1046)   Post Evacuate Collection Set: 1.8ms
[2024-08-15T13:52:08.596+0000][5024.540s][info][gc,phases   ] GC(1046)   Other: 0.2ms
[2024-08-15T13:52:08.596+0000][5024.540s][info][gc,heap     ] GC(1046) Eden regions: 761->0(60)
[2024-08-15T13:52:08.596+0000][5024.540s][info][gc,heap     ] GC(1046) Survivor regions: 15->16(97)
[2024-08-15T13:52:08.596+0000][5024.540s][info][gc,heap     ] GC(1046) Old regions: 430->430
[2024-08-15T13:52:08.596+0000][5024.540s][info][gc,heap     ] GC(1046) Archive regions: 2->2
[2024-08-15T13:52:08.596+0000][5024.540s][info][gc,heap     ] GC(1046) Humongous regions: 5->5
[2024-08-15T13:52:08.596+0000][5024.540s][info][gc,metaspace] GC(1046) Metaspace: 440911K(447296K)->440911K(447296K) NonClass: 385916K(389568K)->385916K(389568K) Class: 54995K(57728K)->54995K(57728K)
[2024-08-15T13:52:08.596+0000][5024.540s][info][gc          ] GC(1046) Pause Young (Prepare Mixed) (G1 Evacuation Pause) 9689M->3608M(12288M) 56.395ms
[2024-08-15T13:52:08.596+0000][5024.540s][info][gc,cpu      ] GC(1046) User=0.33s Sys=0.00s Real=0.06s
[2024-08-15T13:52:09.245+0000][5025.190s][info][gc,start    ] GC(1047) Pause Young (Mixed) (G1 Evacuation Pause)
[2024-08-15T13:52:09.245+0000][5025.190s][info][gc,task     ] GC(1047) Using 6 workers of 6 for evacuation
[2024-08-15T13:52:09.330+0000][5025.274s][info][gc,phases   ] GC(1047)   Pre Evacuate Collection Set: 0.2ms
[2024-08-15T13:52:09.330+0000][5025.274s][info][gc,phases   ] GC(1047)   Merge Heap Roots: 0.5ms
[2024-08-15T13:52:09.330+0000][5025.274s][info][gc,phases   ] GC(1047)   Evacuate Collection Set: 82.4ms
[2024-08-15T13:52:09.330+0000][5025.274s][info][gc,phases   ] GC(1047)   Post Evacuate Collection Set: 1.3ms
[2024-08-15T13:52:09.330+0000][5025.274s][info][gc,phases   ] GC(1047)   Other: 0.2ms
[2024-08-15T13:52:09.330+0000][5025.274s][info][gc,heap     ] GC(1047) Eden regions: 60->0(775)
[2024-08-15T13:52:09.330+0000][5025.274s][info][gc,heap     ] GC(1047) Survivor regions: 16->6(10)
[2024-08-15T13:52:09.330+0000][5025.274s][info][gc,heap     ] GC(1047) Old regions: 430->427
[2024-08-15T13:52:09.330+0000][5025.274s][info][gc,heap     ] GC(1047) Archive regions: 2->2
[2024-08-15T13:52:09.330+0000][5025.275s][info][gc,heap     ] GC(1047) Humongous regions: 5->5
[2024-08-15T13:52:09.330+0000][5025.275s][info][gc,metaspace] GC(1047) Metaspace: 440912K(447296K)->440912K(447296K) NonClass: 385917K(389568K)->385917K(389568K) Class: 54995K(57728K)->54995K(57728K)
[2024-08-15T13:52:09.330+0000][5025.275s][info][gc          ] GC(1047) Pause Young (Mixed) (G1 Evacuation Pause) 4088M->3496M(12288M) 84.586ms
[2024-08-15T13:52:09.330+0000][5025.275s][info][gc,cpu      ] GC(1047) User=0.50s Sys=0.00s Real=0.08s
[2024-08-15T13:52:17.844+0000][5033.789s][info][gc,start    ] GC(1048) Pause Young (Normal) (G1 Evacuation Pause)
[2024-08-15T13:52:17.844+0000][5033.789s][info][gc,task     ] GC(1048) Using 6 workers of 6 for evacuation
[2024-08-15T13:52:17.865+0000][5033.810s][info][gc,phases   ] GC(1048)   Pre Evacuate Collection Set: 0.2ms
[2024-08-15T13:52:17.865+0000][5033.810s][info][gc,phases   ] GC(1048)   Merge Heap Roots: 0.3ms
[2024-08-15T13:52:17.865+0000][5033.810s][info][gc,phases   ] GC(1048)   Evacuate Collection Set: 18.4ms
[2024-08-15T13:52:17.865+0000][5033.810s][info][gc,phases   ] GC(1048)   Post Evacuate Collection Set: 1.7ms
[2024-08-15T13:52:17.865+0000][5033.810s][info][gc,phases   ] GC(1048)   Other: 0.2ms
[2024-08-15T13:52:17.865+0000][5033.810s][info][gc,heap     ] GC(1048) Eden regions: 775->0(772)
[2024-08-15T13:52:17.865+0000][5033.810s][info][gc,heap     ] GC(1048) Survivor regions: 6->9(98)
[2024-08-15T13:52:17.865+0000][5033.810s][info][gc,heap     ] GC(1048) Old regions: 427->427
[2024-08-15T13:52:17.865+0000][5033.810s][info][gc,heap     ] GC(1048) Archive regions: 2->2
[2024-08-15T13:52:17.865+0000][5033.810s][info][gc,heap     ] GC(1048) Humongous regions: 5->5
[2024-08-15T13:52:17.865+0000][5033.810s][info][gc,metaspace] GC(1048) Metaspace: 440912K(447296K)->440912K(447296K) NonClass: 385917K(389568K)->385917K(389568K) Class: 54995K(57728K)->54995K(57728K)
[2024-08-15T13:52:17.865+0000][5033.810s][info][gc          ] GC(1048) Pause Young (Normal) (G1 Evacuation Pause) 9696M->3520M(12288M) 20.767ms
[2024-08-15T13:52:17.865+0000][5033.810s][info][gc,cpu      ] GC(1048) User=0.12s Sys=0.00s Real=0.02s
[2024-08-15T13:52:26.350+0000][5042.294s][info][gc,start    ] GC(1049) Pause Young (Normal) (G1 Evacuation Pause)
[2024-08-15T13:52:26.350+0000][5042.294s][info][gc,task     ] GC(1049) Using 6 workers of 6 for evacuation
[2024-08-15T13:52:26.378+0000][5042.323s][info][gc,phases   ] GC(1049)   Pre Evacuate Collection Set: 0.2ms
[2024-08-15T13:52:26.378+0000][5042.323s][info][gc,phases   ] GC(1049)   Merge Heap Roots: 0.3ms
[2024-08-15T13:52:26.378+0000][5042.323s][info][gc,phases   ] GC(1049)   Evacuate Collection Set: 26.1ms
[2024-08-15T13:52:26.378+0000][5042.323s][info][gc,phases   ] GC(1049)   Post Evacuate Collection Set: 1.7ms
[2024-08-15T13:52:26.378+0000][5042.323s][info][gc,phases   ] GC(1049)   Other: 0.2ms
[2024-08-15T13:52:26.378+0000][5042.323s][info][gc,heap     ] GC(1049) Eden regions: 772->0(769)
[2024-08-15T13:52:26.378+0000][5042.323s][info][gc,heap     ] GC(1049) Survivor regions: 9->12(98)
[2024-08-15T13:52:26.378+0000][5042.323s][info][gc,heap     ] GC(1049) Old regions: 427->427
[2024-08-15T13:52:26.378+0000][5042.323s][info][gc,heap     ] GC(1049) Archive regions: 2->2
[2024-08-15T13:52:26.378+0000][5042.323s][info][gc,heap     ] GC(1049) Humongous regions: 5->5
[2024-08-15T13:52:26.378+0000][5042.323s][info][gc,metaspace] GC(1049) Metaspace: 440912K(447296K)->440912K(447296K) NonClass: 385917K(389568K)->385917K(389568K) Class: 54995K(57728K)->54995K(57728K)
[2024-08-15T13:52:26.378+0000][5042.323s][info][gc          ] GC(1049) Pause Young (Normal) (G1 Evacuation Pause) 9696M->3546M(12288M) 28.565ms
[2024-08-15T13:52:26.378+0000][5042.323s][info][gc,cpu      ] GC(1049) User=0.17s Sys=0.00s Real=0.03s
[2024-08-15T13:52:34.833+0000][5050.778s][info][gc,start    ] GC(1050) Pause Young (Concurrent Start) (G1 Evacuation Pause)
[2024-08-15T13:52:34.834+0000][5050.778s][info][gc,task     ] GC(1050) Using 6 workers of 6 for evacuation
[2024-08-15T13:52:34.866+0000][5050.811s][info][gc,phases   ] GC(1050)   Pre Evacuate Collection Set: 0.6ms
[2024-08-15T13:52:34.866+0000][5050.811s][info][gc,phases   ] GC(1050)   Merge Heap Roots: 0.3ms
[2024-08-15T13:52:34.866+0000][5050.811s][info][gc,phases   ] GC(1050)   Evacuate Collection Set: 29.8ms
[2024-08-15T13:52:34.866+0000][5050.811s][info][gc,phases   ] GC(1050)   Post Evacuate Collection Set: 1.7ms
[2024-08-15T13:52:34.866+0000][5050.811s][info][gc,phases   ] GC(1050)   Other: 0.3ms
[2024-08-15T13:52:34.866+0000][5050.811s][info][gc,heap     ] GC(1050) Eden regions: 769->0(764)
[2024-08-15T13:52:34.866+0000][5050.811s][info][gc,heap     ] GC(1050) Survivor regions: 12->15(98)
[2024-08-15T13:52:34.866+0000][5050.811s][info][gc,heap     ] GC(1050) Old regions: 427->427
[2024-08-15T13:52:34.866+0000][5050.811s][info][gc,heap     ] GC(1050) Archive regions: 2->2
[2024-08-15T13:52:34.866+0000][5050.811s][info][gc,heap     ] GC(1050) Humongous regions: 5->5
[2024-08-15T13:52:34.866+0000][5050.811s][info][gc,metaspace] GC(1050) Metaspace: 440916K(447296K)->440916K(447296K) NonClass: 385920K(389568K)->385920K(389568K) Class: 54995K(57728K)->54995K(57728K)
[2024-08-15T13:52:34.866+0000][5050.811s][info][gc          ] GC(1050) Pause Young (Concurrent Start) (G1 Evacuation Pause) 9698M->3572M(12288M) 32.710ms
[2024-08-15T13:52:34.866+0000][5050.811s][info][gc,cpu      ] GC(1050) User=0.19s Sys=0.00s Real=0.04s
[2024-08-15T13:52:34.866+0000][5050.811s][info][gc          ] GC(1051) Concurrent Mark Cycle
[2024-08-15T13:52:34.866+0000][5050.811s][info][gc,marking  ] GC(1051) Concurrent Clear Claimed Marks
[2024-08-15T13:52:34.867+0000][5050.811s][info][gc,marking  ] GC(1051) Concurrent Clear Claimed Marks 0.421ms
[2024-08-15T13:52:34.867+0000][5050.811s][info][gc,marking  ] GC(1051) Concurrent Scan Root Regions
[2024-08-15T13:52:34.893+0000][5050.837s][info][gc,marking  ] GC(1051) Concurrent Scan Root Regions 25.823ms
[2024-08-15T13:52:34.893+0000][5050.837s][info][gc,marking  ] GC(1051) Concurrent Mark
[2024-08-15T13:52:34.893+0000][5050.837s][info][gc,marking  ] GC(1051) Concurrent Mark From Roots
[2024-08-15T13:52:34.893+0000][5050.837s][info][gc,task     ] GC(1051) Using 2 workers of 2 for marking
[2024-08-15T13:52:37.478+0000][5053.422s][info][gc,marking  ] GC(1051) Concurrent Mark From Roots 2585.199ms
[2024-08-15T13:52:37.478+0000][5053.422s][info][gc,marking  ] GC(1051) Concurrent Preclean
[2024-08-15T13:52:37.479+0000][5053.424s][info][gc,marking  ] GC(1051) Concurrent Preclean 1.426ms
[2024-08-15T13:52:37.479+0000][5053.424s][info][gc,start    ] GC(1051) Pause Remark
[2024-08-15T13:52:37.502+0000][5053.447s][info][gc          ] GC(1051) Pause Remark 5324M->5324M(12288M) 22.899ms
[2024-08-15T13:52:37.502+0000][5053.447s][info][gc,cpu      ] GC(1051) User=0.09s Sys=0.00s Real=0.02s
[2024-08-15T13:52:37.503+0000][5053.447s][info][gc,marking  ] GC(1051) Concurrent Mark 2609.985ms
[2024-08-15T13:52:37.503+0000][5053.447s][info][gc,marking  ] GC(1051) Concurrent Rebuild Remembered Sets
[2024-08-15T13:52:38.957+0000][5054.902s][info][gc,marking  ] GC(1051) Concurrent Rebuild Remembered Sets 1454.796ms
[2024-08-15T13:52:38.958+0000][5054.902s][info][gc,start    ] GC(1051) Pause Cleanup
[2024-08-15T13:52:38.958+0000][5054.903s][info][gc          ] GC(1051) Pause Cleanup 6336M->6336M(12288M) 0.686ms
[2024-08-15T13:52:38.958+0000][5054.903s][info][gc,cpu      ] GC(1051) User=0.01s Sys=0.00s Real=0.00s
[2024-08-15T13:52:38.958+0000][5054.903s][info][gc,marking  ] GC(1051) Concurrent Cleanup for Next Mark
[2024-08-15T13:52:38.975+0000][5054.920s][info][gc,marking  ] GC(1051) Concurrent Cleanup for Next Mark 16.772ms
[2024-08-15T13:52:38.975+0000][5054.920s][info][gc          ] GC(1051) Concurrent Mark Cycle 4108.970ms
[2024-08-15T13:52:43.640+0000][5059.585s][info][gc,start    ] GC(1052) Pause Young (Prepare Mixed) (G1 Evacuation Pause)
[2024-08-15T13:52:43.640+0000][5059.585s][info][gc,task     ] GC(1052) Using 6 workers of 6 for evacuation
[2024-08-15T13:52:43.682+0000][5059.627s][info][gc,phases   ] GC(1052)   Pre Evacuate Collection Set: 0.2ms
[2024-08-15T13:52:43.682+0000][5059.627s][info][gc,phases   ] GC(1052)   Merge Heap Roots: 0.3ms
[2024-08-15T13:52:43.682+0000][5059.627s][info][gc,phases   ] GC(1052)   Evacuate Collection Set: 39.3ms
[2024-08-15T13:52:43.682+0000][5059.627s][info][gc,phases   ] GC(1052)   Post Evacuate Collection Set: 2.0ms
[2024-08-15T13:52:43.682+0000][5059.627s][info][gc,phases   ] GC(1052)   Other: 0.2ms
[2024-08-15T13:52:43.682+0000][5059.627s][info][gc,heap     ] GC(1052) Eden regions: 764->0(58)
[2024-08-15T13:52:43.682+0000][5059.627s][info][gc,heap     ] GC(1052) Survivor regions: 15->18(98)
[2024-08-15T13:52:43.682+0000][5059.627s][info][gc,heap     ] GC(1052) Old regions: 427->427
[2024-08-15T13:52:43.682+0000][5059.627s][info][gc,heap     ] GC(1052) Archive regions: 2->2
[2024-08-15T13:52:43.682+0000][5059.627s][info][gc,heap     ] GC(1052) Humongous regions: 5->5
[2024-08-15T13:52:43.682+0000][5059.627s][info][gc,metaspace] GC(1052) Metaspace: 440920K(447296K)->440920K(447296K) NonClass: 385925K(389568K)->385925K(389568K) Class: 54995K(57728K)->54995K(57728K)
[2024-08-15T13:52:43.682+0000][5059.627s][info][gc          ] GC(1052) Pause Young (Prepare Mixed) (G1 Evacuation Pause) 9684M->3592M(12288M) 42.022ms
[2024-08-15T13:52:43.682+0000][5059.627s][info][gc,cpu      ] GC(1052) User=0.25s Sys=0.00s Real=0.04s
[2024-08-15T13:52:44.272+0000][5060.217s][info][gc,start    ] GC(1053) Pause Young (Mixed) (G1 Evacuation Pause)
[2024-08-15T13:52:44.272+0000][5060.217s][info][gc,task     ] GC(1053) Using 6 workers of 6 for evacuation
[2024-08-15T13:52:44.351+0000][5060.296s][info][gc,phases   ] GC(1053)   Pre Evacuate Collection Set: 0.2ms
[2024-08-15T13:52:44.351+0000][5060.296s][info][gc,phases   ] GC(1053)   Merge Heap Roots: 0.4ms
[2024-08-15T13:52:44.351+0000][5060.296s][info][gc,phases   ] GC(1053)   Evacuate Collection Set: 77.0ms
[2024-08-15T13:52:44.351+0000][5060.296s][info][gc,phases   ] GC(1053)   Post Evacuate Collection Set: 1.3ms
[2024-08-15T13:52:44.351+0000][5060.296s][info][gc,phases   ] GC(1053)   Other: 0.2ms
[2024-08-15T13:52:44.351+0000][5060.296s][info][gc,heap     ] GC(1053) Eden regions: 58->0(779)
[2024-08-15T13:52:44.351+0000][5060.296s][info][gc,heap     ] GC(1053) Survivor regions: 18->6(10)
[2024-08-15T13:52:44.351+0000][5060.296s][info][gc,heap     ] GC(1053) Old regions: 427->422
[2024-08-15T13:52:44.351+0000][5060.296s][info][gc,heap     ] GC(1053) Archive regions: 2->2
[2024-08-15T13:52:44.351+0000][5060.296s][info][gc,heap     ] GC(1053) Humongous regions: 5->5
[2024-08-15T13:52:44.351+0000][5060.296s][info][gc,metaspace] GC(1053) Metaspace: 440920K(447296K)->440920K(447296K) NonClass: 385925K(389568K)->385925K(389568K) Class: 54995K(57728K)->54995K(57728K)
[2024-08-15T13:52:44.351+0000][5060.296s][info][gc          ] GC(1053) Pause Young (Mixed) (G1 Evacuation Pause) 4056M->3464M(12288M) 79.180ms
[2024-08-15T13:52:44.351+0000][5060.296s][info][gc,cpu      ] GC(1053) User=0.47s Sys=0.00s Real=0.08s
[2024-08-15T13:52:52.736+0000][5068.681s][info][gc,start    ] GC(1054) Pause Young (Normal) (G1 Evacuation Pause)
[2024-08-15T13:52:52.736+0000][5068.681s][info][gc,task     ] GC(1054) Using 6 workers of 6 for evacuation
[2024-08-15T13:52:52.757+0000][5068.702s][info][gc,phases   ] GC(1054)   Pre Evacuate Collection Set: 0.2ms
[2024-08-15T13:52:52.757+0000][5068.702s][info][gc,phases   ] GC(1054)   Merge Heap Roots: 0.3ms
[2024-08-15T13:52:52.757+0000][5068.702s][info][gc,phases   ] GC(1054)   Evacuate Collection Set: 18.9ms
[2024-08-15T13:52:52.757+0000][5068.702s][info][gc,phases   ] GC(1054)   Post Evacuate Collection Set: 1.6ms
[2024-08-15T13:52:52.757+0000][5068.702s][info][gc,phases   ] GC(1054)   Other: 0.2ms
[2024-08-15T13:52:52.757+0000][5068.702s][info][gc,heap     ] GC(1054) Eden regions: 779->0(777)
[2024-08-15T13:52:52.757+0000][5068.702s][info][gc,heap     ] GC(1054) Survivor regions: 6->8(99)
[2024-08-15T13:52:52.757+0000][5068.702s][info][gc,heap     ] GC(1054) Old regions: 422->422
[2024-08-15T13:52:52.757+0000][5068.702s][info][gc,heap     ] GC(1054) Archive regions: 2->2
[2024-08-15T13:52:52.757+0000][5068.702s][info][gc,heap     ] GC(1054) Humongous regions: 5->5
[2024-08-15T13:52:52.757+0000][5068.702s][info][gc,metaspace] GC(1054) Metaspace: 440922K(447296K)->440922K(447296K) NonClass: 385927K(389568K)->385927K(389568K) Class: 54995K(57728K)->54995K(57728K)
[2024-08-15T13:52:52.757+0000][5068.702s][info][gc          ] GC(1054) Pause Young (Normal) (G1 Evacuation Pause) 9696M->3476M(12288M) 21.273ms
[2024-08-15T13:52:52.757+0000][5068.702s][info][gc,cpu      ] GC(1054) User=0.12s Sys=0.00s Real=0.02s
[2024-08-15T13:53:01.311+0000][5077.256s][info][gc,start    ] GC(1055) Pause Young (Normal) (G1 Evacuation Pause)
[2024-08-15T13:53:01.311+0000][5077.256s][info][gc,task     ] GC(1055) Using 6 workers of 6 for evacuation
[2024-08-15T13:53:01.340+0000][5077.285s][info][gc,phases   ] GC(1055)   Pre Evacuate Collection Set: 0.2ms
[2024-08-15T13:53:01.340+0000][5077.285s][info][gc,phases   ] GC(1055)   Merge Heap Roots: 0.3ms
[2024-08-15T13:53:01.340+0000][5077.285s][info][gc,phases   ] GC(1055)   Evacuate Collection Set: 26.7ms
[2024-08-15T13:53:01.340+0000][5077.285s][info][gc,phases   ] GC(1055)   Post Evacuate Collection Set: 1.6ms
[2024-08-15T13:53:01.340+0000][5077.285s][info][gc,phases   ] GC(1055)   Other: 0.2ms
[2024-08-15T13:53:01.340+0000][5077.285s][info][gc,heap     ] GC(1055) Eden regions: 777->0(774)
[2024-08-15T13:53:01.340+0000][5077.285s][info][gc,heap     ] GC(1055) Survivor regions: 8->11(99)
[2024-08-15T13:53:01.340+0000][5077.285s][info][gc,heap     ] GC(1055) Old regions: 422->422
[2024-08-15T13:53:01.340+0000][5077.285s][info][gc,heap     ] GC(1055) Archive regions: 2->2
[2024-08-15T13:53:01.340+0000][5077.285s][info][gc,heap     ] GC(1055) Humongous regions: 5->5
[2024-08-15T13:53:01.340+0000][5077.285s][info][gc,metaspace] GC(1055) Metaspace: 440922K(447296K)->440922K(447296K) NonClass: 385927K(389568K)->385927K(389568K) Class: 54995K(57728K)->54995K(57728K)
[2024-08-15T13:53:01.340+0000][5077.285s][info][gc          ] GC(1055) Pause Young (Normal) (G1 Evacuation Pause) 9692M->3500M(12288M) 29.067ms
[2024-08-15T13:53:01.340+0000][5077.285s][info][gc,cpu      ] GC(1055) User=0.17s Sys=0.00s Real=0.03s
[2024-08-15T13:53:09.387+0000][5085.332s][info][gc,start    ] GC(1056) Pause Young (Concurrent Start) (G1 Evacuation Pause)
[2024-08-15T13:53:09.387+0000][5085.332s][info][gc,task     ] GC(1056) Using 6 workers of 6 for evacuation
[2024-08-15T13:53:09.422+0000][5085.367s][info][gc,phases   ] GC(1056)   Pre Evacuate Collection Set: 0.6ms
[2024-08-15T13:53:09.422+0000][5085.367s][info][gc,phases   ] GC(1056)   Merge Heap Roots: 0.3ms
[2024-08-15T13:53:09.422+0000][5085.367s][info][gc,phases   ] GC(1056)   Evacuate Collection Set: 32.2ms
[2024-08-15T13:53:09.422+0000][5085.367s][info][gc,phases   ] GC(1056)   Post Evacuate Collection Set: 1.7ms
[2024-08-15T13:53:09.422+0000][5085.367s][info][gc,phases   ] GC(1056)   Other: 0.3ms
[2024-08-15T13:53:09.422+0000][5085.367s][info][gc,heap     ] GC(1056) Eden regions: 774->0(773)
[2024-08-15T13:53:09.422+0000][5085.367s][info][gc,heap     ] GC(1056) Survivor regions: 11->12(99)
[2024-08-15T13:53:09.422+0000][5085.367s][info][gc,heap     ] GC(1056) Old regions: 422->422
[2024-08-15T13:53:09.422+0000][5085.367s][info][gc,heap     ] GC(1056) Archive regions: 2->2
[2024-08-15T13:53:09.422+0000][5085.367s][info][gc,heap     ] GC(1056) Humongous regions: 5->5
[2024-08-15T13:53:09.422+0000][5085.367s][info][gc,metaspace] GC(1056) Metaspace: 440944K(447296K)->440944K(447296K) NonClass: 385949K(389568K)->385949K(389568K) Class: 54995K(57728K)->54995K(57728K)
[2024-08-15T13:53:09.422+0000][5085.367s][info][gc          ] GC(1056) Pause Young (Concurrent Start) (G1 Evacuation Pause) 9692M->3511M(12288M) 35.183ms
[2024-08-15T13:53:09.422+0000][5085.367s][info][gc,cpu      ] GC(1056) User=0.21s Sys=0.00s Real=0.03s
[2024-08-15T13:53:09.422+0000][5085.367s][info][gc          ] GC(1057) Concurrent Mark Cycle
[2024-08-15T13:53:09.422+0000][5085.367s][info][gc,marking  ] GC(1057) Concurrent Clear Claimed Marks
[2024-08-15T13:53:09.423+0000][5085.367s][info][gc,marking  ] GC(1057) Concurrent Clear Claimed Marks 0.415ms
[2024-08-15T13:53:09.423+0000][5085.367s][info][gc,marking  ] GC(1057) Concurrent Scan Root Regions
[2024-08-15T13:53:09.451+0000][5085.395s][info][gc,marking  ] GC(1057) Concurrent Scan Root Regions 27.745ms
[2024-08-15T13:53:09.451+0000][5085.395s][info][gc,marking  ] GC(1057) Concurrent Mark
[2024-08-15T13:53:09.451+0000][5085.395s][info][gc,marking  ] GC(1057) Concurrent Mark From Roots
[2024-08-15T13:53:09.451+0000][5085.395s][info][gc,task     ] GC(1057) Using 2 workers of 2 for marking
[2024-08-15T13:53:12.238+0000][5088.183s][info][gc,marking  ] GC(1057) Concurrent Mark From Roots 2787.811ms
[2024-08-15T13:53:12.238+0000][5088.183s][info][gc,marking  ] GC(1057) Concurrent Preclean
[2024-08-15T13:53:12.240+0000][5088.184s][info][gc,marking  ] GC(1057) Concurrent Preclean 1.238ms
[2024-08-15T13:53:12.240+0000][5088.184s][info][gc,start    ] GC(1057) Pause Remark
[2024-08-15T13:53:12.263+0000][5088.208s][info][gc          ] GC(1057) Pause Remark 5415M->5415M(12288M) 23.213ms
[2024-08-15T13:53:12.263+0000][5088.208s][info][gc,cpu      ] GC(1057) User=0.09s Sys=0.00s Real=0.03s
[2024-08-15T13:53:12.263+0000][5088.208s][info][gc,marking  ] GC(1057) Concurrent Mark 2812.654ms
[2024-08-15T13:53:12.263+0000][5088.208s][info][gc,marking  ] GC(1057) Concurrent Rebuild Remembered Sets
[2024-08-15T13:53:13.682+0000][5089.627s][info][gc,marking  ] GC(1057) Concurrent Rebuild Remembered Sets 1418.807ms
[2024-08-15T13:53:13.682+0000][5089.627s][info][gc,start    ] GC(1057) Pause Cleanup
[2024-08-15T13:53:13.683+0000][5089.628s][info][gc          ] GC(1057) Pause Cleanup 6395M->6395M(12288M) 0.682ms
[2024-08-15T13:53:13.683+0000][5089.628s][info][gc,cpu      ] GC(1057) User=0.00s Sys=0.00s Real=0.00s
[2024-08-15T13:53:13.683+0000][5089.628s][info][gc,marking  ] GC(1057) Concurrent Cleanup for Next Mark
[2024-08-15T13:53:13.701+0000][5089.645s][info][gc,marking  ] GC(1057) Concurrent Cleanup for Next Mark 17.654ms
[2024-08-15T13:53:13.701+0000][5089.645s][info][gc          ] GC(1057) Concurrent Mark Cycle 4278.398ms
[2024-08-15T13:53:18.201+0000][5094.146s][info][gc,start    ] GC(1058) Pause Young (Prepare Mixed) (G1 Evacuation Pause)
[2024-08-15T13:53:18.201+0000][5094.146s][info][gc,task     ] GC(1058) Using 6 workers of 6 for evacuation
[2024-08-15T13:53:18.239+0000][5094.184s][info][gc,phases   ] GC(1058)   Pre Evacuate Collection Set: 0.2ms
[2024-08-15T13:53:18.239+0000][5094.184s][info][gc,phases   ] GC(1058)   Merge Heap Roots: 0.4ms
[2024-08-15T13:53:18.239+0000][5094.184s][info][gc,phases   ] GC(1058)   Evacuate Collection Set: 35.7ms
[2024-08-15T13:53:18.239+0000][5094.184s][info][gc,phases   ] GC(1058)   Post Evacuate Collection Set: 1.8ms
[2024-08-15T13:53:18.239+0000][5094.184s][info][gc,phases   ] GC(1058)   Other: 0.2ms
[2024-08-15T13:53:18.239+0000][5094.184s][info][gc,heap     ] GC(1058) Eden regions: 773->0(60)
[2024-08-15T13:53:18.239+0000][5094.184s][info][gc,heap     ] GC(1058) Survivor regions: 12->16(99)
[2024-08-15T13:53:18.239+0000][5094.184s][info][gc,heap     ] GC(1058) Old regions: 422->422
[2024-08-15T13:53:18.239+0000][5094.184s][info][gc,heap     ] GC(1058) Archive regions: 2->2
[2024-08-15T13:53:18.239+0000][5094.184s][info][gc,heap     ] GC(1058) Humongous regions: 5->5
[2024-08-15T13:53:18.239+0000][5094.184s][info][gc,metaspace] GC(1058) Metaspace: 440944K(447296K)->440944K(447296K) NonClass: 385949K(389568K)->385949K(389568K) Class: 54995K(57728K)->54995K(57728K)
[2024-08-15T13:53:18.239+0000][5094.184s][info][gc          ] GC(1058) Pause Young (Prepare Mixed) (G1 Evacuation Pause) 9695M->3539M(12288M) 38.326ms
[2024-08-15T13:53:18.239+0000][5094.184s][info][gc,cpu      ] GC(1058) User=0.22s Sys=0.00s Real=0.04s
[2024-08-15T13:53:18.897+0000][5094.841s][info][gc,start    ] GC(1059) Pause Young (Mixed) (G1 Evacuation Pause)
[2024-08-15T13:53:18.897+0000][5094.841s][info][gc,task     ] GC(1059) Using 6 workers of 6 for evacuation
[2024-08-15T13:53:18.979+0000][5094.924s][info][gc,phases   ] GC(1059)   Pre Evacuate Collection Set: 0.2ms
[2024-08-15T13:53:18.979+0000][5094.924s][info][gc,phases   ] GC(1059)   Merge Heap Roots: 0.4ms
[2024-08-15T13:53:18.979+0000][5094.924s][info][gc,phases   ] GC(1059)   Evacuate Collection Set: 80.1ms
[2024-08-15T13:53:18.979+0000][5094.924s][info][gc,phases   ] GC(1059)   Post Evacuate Collection Set: 1.4ms
[2024-08-15T13:53:18.979+0000][5094.924s][info][gc,phases   ] GC(1059)   Other: 0.2ms
[2024-08-15T13:53:18.979+0000][5094.924s][info][gc,heap     ] GC(1059) Eden regions: 60->0(783)
[2024-08-15T13:53:18.979+0000][5094.924s][info][gc,heap     ] GC(1059) Survivor regions: 16->5(10)
[2024-08-15T13:53:18.979+0000][5094.924s][info][gc,heap     ] GC(1059) Old regions: 422->419
[2024-08-15T13:53:18.979+0000][5094.924s][info][gc,heap     ] GC(1059) Archive regions: 2->2
[2024-08-15T13:53:18.979+0000][5094.924s][info][gc,heap     ] GC(1059) Humongous regions: 5->5
[2024-08-15T13:53:18.979+0000][5094.924s][info][gc,metaspace] GC(1059) Metaspace: 440944K(447296K)->440944K(447296K) NonClass: 385949K(389568K)->385949K(389568K) Class: 54995K(57728K)->54995K(57728K)
[2024-08-15T13:53:18.979+0000][5094.924s][info][gc          ] GC(1059) Pause Young (Mixed) (G1 Evacuation Pause) 4019M->3430M(12288M) 82.407ms
[2024-08-15T13:53:18.979+0000][5094.924s][info][gc,cpu      ] GC(1059) User=0.49s Sys=0.00s Real=0.08s
[2024-08-15T13:53:27.559+0000][5103.503s][info][gc,start    ] GC(1060) Pause Young (Normal) (G1 Evacuation Pause)
[2024-08-15T13:53:27.559+0000][5103.503s][info][gc,task     ] GC(1060) Using 6 workers of 6 for evacuation
[2024-08-15T13:53:27.579+0000][5103.524s][info][gc,phases   ] GC(1060)   Pre Evacuate Collection Set: 0.2ms
[2024-08-15T13:53:27.579+0000][5103.524s][info][gc,phases   ] GC(1060)   Merge Heap Roots: 0.3ms
[2024-08-15T13:53:27.579+0000][5103.524s][info][gc,phases   ] GC(1060)   Evacuate Collection Set: 18.3ms
[2024-08-15T13:53:27.579+0000][5103.524s][info][gc,phases   ] GC(1060)   Post Evacuate Collection Set: 1.7ms
[2024-08-15T13:53:27.579+0000][5103.524s][info][gc,phases   ] GC(1060)   Other: 0.2ms
[2024-08-15T13:53:27.579+0000][5103.524s][info][gc,heap     ] GC(1060) Eden regions: 783->0(780)
[2024-08-15T13:53:27.579+0000][5103.524s][info][gc,heap     ] GC(1060) Survivor regions: 5->8(99)
[2024-08-15T13:53:27.579+0000][5103.524s][info][gc,heap     ] GC(1060) Old regions: 419->419
[2024-08-15T13:53:27.579+0000][5103.524s][info][gc,heap     ] GC(1060) Archive regions: 2->2
[2024-08-15T13:53:27.579+0000][5103.524s][info][gc,heap     ] GC(1060) Humongous regions: 5->5
[2024-08-15T13:53:27.579+0000][5103.524s][info][gc,metaspace] GC(1060) Metaspace: 440944K(447296K)->440944K(447296K) NonClass: 385949K(389568K)->385949K(389568K) Class: 54995K(57728K)->54995K(57728K)
[2024-08-15T13:53:27.579+0000][5103.524s][info][gc          ] GC(1060) Pause Young (Normal) (G1 Evacuation Pause) 9694M->3451M(12288M) 20.790ms
[2024-08-15T13:53:27.579+0000][5103.524s][info][gc,cpu      ] GC(1060) User=0.12s Sys=0.00s Real=0.02s
[2024-08-15T13:53:35.913+0000][5111.858s][info][gc,start    ] GC(1061) Pause Young (Normal) (G1 Evacuation Pause)
[2024-08-15T13:53:35.913+0000][5111.858s][info][gc,task     ] GC(1061) Using 6 workers of 6 for evacuation
[2024-08-15T13:53:35.938+0000][5111.883s][info][gc,phases   ] GC(1061)   Pre Evacuate Collection Set: 0.2ms
[2024-08-15T13:53:35.938+0000][5111.883s][info][gc,phases   ] GC(1061)   Merge Heap Roots: 0.2ms
[2024-08-15T13:53:35.938+0000][5111.883s][info][gc,phases   ] GC(1061)   Evacuate Collection Set: 22.7ms
[2024-08-15T13:53:35.938+0000][5111.883s][info][gc,phases   ] GC(1061)   Post Evacuate Collection Set: 1.8ms
[2024-08-15T13:53:35.938+0000][5111.883s][info][gc,phases   ] GC(1061)   Other: 0.2ms
[2024-08-15T13:53:35.938+0000][5111.883s][info][gc,heap     ] GC(1061) Eden regions: 780->0(778)
[2024-08-15T13:53:35.938+0000][5111.883s][info][gc,heap     ] GC(1061) Survivor regions: 8->10(99)
[2024-08-15T13:53:35.938+0000][5111.883s][info][gc,heap     ] GC(1061) Old regions: 419->419
[2024-08-15T13:53:35.938+0000][5111.883s][info][gc,heap     ] GC(1061) Archive regions: 2->2
[2024-08-15T13:53:35.938+0000][5111.883s][info][gc,heap     ] GC(1061) Humongous regions: 5->5
[2024-08-15T13:53:35.939+0000][5111.883s][info][gc,metaspace] GC(1061) Metaspace: 440946K(447296K)->440946K(447296K) NonClass: 385951K(389568K)->385951K(389568K) Class: 54995K(57728K)->54995K(57728K)
[2024-08-15T13:53:35.939+0000][5111.883s][info][gc          ] GC(1061) Pause Young (Normal) (G1 Evacuation Pause) 9691M->3464M(12288M) 25.190ms
[2024-08-15T13:53:35.939+0000][5111.883s][info][gc,cpu      ] GC(1061) User=0.15s Sys=0.00s Real=0.03s
[2024-08-15T13:53:44.369+0000][5120.314s][info][gc,start    ] GC(1062) Pause Young (Concurrent Start) (G1 Evacuation Pause)
[2024-08-15T13:53:44.369+0000][5120.314s][info][gc,task     ] GC(1062) Using 6 workers of 6 for evacuation
[2024-08-15T13:53:44.402+0000][5120.346s][info][gc,phases   ] GC(1062)   Pre Evacuate Collection Set: 0.6ms
[2024-08-15T13:53:44.402+0000][5120.346s][info][gc,phases   ] GC(1062)   Merge Heap Roots: 0.3ms
[2024-08-15T13:53:44.402+0000][5120.346s][info][gc,phases   ] GC(1062)   Evacuate Collection Set: 29.5ms
[2024-08-15T13:53:44.402+0000][5120.346s][info][gc,phases   ] GC(1062)   Post Evacuate Collection Set: 1.7ms
[2024-08-15T13:53:44.402+0000][5120.346s][info][gc,phases   ] GC(1062)   Other: 0.3ms
[2024-08-15T13:53:44.402+0000][5120.346s][info][gc,heap     ] GC(1062) Eden regions: 778->0(775)
[2024-08-15T13:53:44.402+0000][5120.346s][info][gc,heap     ] GC(1062) Survivor regions: 10->13(99)
[2024-08-15T13:53:44.402+0000][5120.346s][info][gc,heap     ] GC(1062) Old regions: 419->419
[2024-08-15T13:53:44.402+0000][5120.346s][info][gc,heap     ] GC(1062) Archive regions: 2->2
[2024-08-15T13:53:44.402+0000][5120.346s][info][gc,heap     ] GC(1062) Humongous regions: 5->5
[2024-08-15T13:53:44.402+0000][5120.346s][info][gc,metaspace] GC(1062) Metaspace: 440947K(447296K)->440947K(447296K) NonClass: 385952K(389568K)->385952K(389568K) Class: 54995K(57728K)->54995K(57728K)
[2024-08-15T13:53:44.402+0000][5120.346s][info][gc          ] GC(1062) Pause Young (Concurrent Start) (G1 Evacuation Pause) 9688M->3494M(12288M) 32.421ms
[2024-08-15T13:53:44.402+0000][5120.346s][info][gc,cpu      ] GC(1062) User=0.19s Sys=0.00s Real=0.03s
[2024-08-15T13:53:44.402+0000][5120.346s][info][gc          ] GC(1063) Concurrent Mark Cycle
[2024-08-15T13:53:44.402+0000][5120.346s][info][gc,marking  ] GC(1063) Concurrent Clear Claimed Marks
[2024-08-15T13:53:44.402+0000][5120.347s][info][gc,marking  ] GC(1063) Concurrent Clear Claimed Marks 0.438ms
[2024-08-15T13:53:44.402+0000][5120.347s][info][gc,marking  ] GC(1063) Concurrent Scan Root Regions
[2024-08-15T13:53:44.434+0000][5120.379s][info][gc,marking  ] GC(1063) Concurrent Scan Root Regions 32.180ms
[2024-08-15T13:53:44.434+0000][5120.379s][info][gc,marking  ] GC(1063) Concurrent Mark
[2024-08-15T13:53:44.434+0000][5120.379s][info][gc,marking  ] GC(1063) Concurrent Mark From Roots
[2024-08-15T13:53:44.434+0000][5120.379s][info][gc,task     ] GC(1063) Using 2 workers of 2 for marking
[2024-08-15T13:53:47.228+0000][5123.173s][info][gc,marking  ] GC(1063) Concurrent Mark From Roots 2793.534ms
[2024-08-15T13:53:47.228+0000][5123.173s][info][gc,marking  ] GC(1063) Concurrent Preclean
[2024-08-15T13:53:47.229+0000][5123.174s][info][gc,marking  ] GC(1063) Concurrent Preclean 1.427ms
[2024-08-15T13:53:47.230+0000][5123.174s][info][gc,start    ] GC(1063) Pause Remark
[2024-08-15T13:53:47.254+0000][5123.198s][info][gc          ] GC(1063) Pause Remark 5418M->5418M(12288M) 24.198ms
[2024-08-15T13:53:47.254+0000][5123.198s][info][gc,cpu      ] GC(1063) User=0.10s Sys=0.00s Real=0.02s
[2024-08-15T13:53:47.254+0000][5123.199s][info][gc,marking  ] GC(1063) Concurrent Mark 2819.525ms
[2024-08-15T13:53:47.254+0000][5123.199s][info][gc,marking  ] GC(1063) Concurrent Rebuild Remembered Sets
[2024-08-15T13:53:48.721+0000][5124.665s][info][gc,marking  ] GC(1063) Concurrent Rebuild Remembered Sets 1466.802ms
[2024-08-15T13:53:48.721+0000][5124.666s][info][gc,start    ] GC(1063) Pause Cleanup
[2024-08-15T13:53:48.722+0000][5124.666s][info][gc          ] GC(1063) Pause Cleanup 6450M->6450M(12288M) 0.695ms
[2024-08-15T13:53:48.722+0000][5124.666s][info][gc,cpu      ] GC(1063) User=0.00s Sys=0.00s Real=0.00s
[2024-08-15T13:53:48.722+0000][5124.666s][info][gc,marking  ] GC(1063) Concurrent Cleanup for Next Mark
[2024-08-15T13:53:48.750+0000][5124.695s][info][gc,marking  ] GC(1063) Concurrent Cleanup for Next Mark 28.585ms
[2024-08-15T13:53:48.750+0000][5124.695s][info][gc          ] GC(1063) Concurrent Mark Cycle 4348.705ms
[2024-08-15T13:53:53.226+0000][5129.171s][info][gc,start    ] GC(1064) Pause Young (Prepare Mixed) (G1 Evacuation Pause)
[2024-08-15T13:53:53.226+0000][5129.171s][info][gc,task     ] GC(1064) Using 6 workers of 6 for evacuation
[2024-08-15T13:53:53.262+0000][5129.207s][info][gc,phases   ] GC(1064)   Pre Evacuate Collection Set: 0.2ms
[2024-08-15T13:53:53.262+0000][5129.207s][info][gc,phases   ] GC(1064)   Merge Heap Roots: 0.3ms
[2024-08-15T13:53:53.262+0000][5129.207s][info][gc,phases   ] GC(1064)   Evacuate Collection Set: 33.8ms
[2024-08-15T13:53:53.262+0000][5129.207s][info][gc,phases   ] GC(1064)   Post Evacuate Collection Set: 1.6ms
[2024-08-15T13:53:53.262+0000][5129.207s][info][gc,phases   ] GC(1064)   Other: 0.2ms
[2024-08-15T13:53:53.262+0000][5129.207s][info][gc,heap     ] GC(1064) Eden regions: 775->0(60)
[2024-08-15T13:53:53.262+0000][5129.207s][info][gc,heap     ] GC(1064) Survivor regions: 13->16(99)
[2024-08-15T13:53:53.262+0000][5129.207s][info][gc,heap     ] GC(1064) Old regions: 419->419
[2024-08-15T13:53:53.262+0000][5129.207s][info][gc,heap     ] GC(1064) Archive regions: 2->2
[2024-08-15T13:53:53.262+0000][5129.207s][info][gc,heap     ] GC(1064) Humongous regions: 5->5
[2024-08-15T13:53:53.262+0000][5129.207s][info][gc,metaspace] GC(1064) Metaspace: 440948K(447296K)->440948K(447296K) NonClass: 385953K(389568K)->385953K(389568K) Class: 54995K(57728K)->54995K(57728K)
[2024-08-15T13:53:53.262+0000][5129.207s][info][gc          ] GC(1064) Pause Young (Prepare Mixed) (G1 Evacuation Pause) 9694M->3516M(12288M) 36.236ms
[2024-08-15T13:53:53.263+0000][5129.207s][info][gc,cpu      ] GC(1064) User=0.22s Sys=0.00s Real=0.03s
[2024-08-15T13:53:53.923+0000][5129.868s][info][gc,start    ] GC(1065) Pause Young (Mixed) (G1 Evacuation Pause)
[2024-08-15T13:53:53.923+0000][5129.868s][info][gc,task     ] GC(1065) Using 6 workers of 6 for evacuation
[2024-08-15T13:53:54.008+0000][5129.953s][info][gc,phases   ] GC(1065)   Pre Evacuate Collection Set: 0.2ms
[2024-08-15T13:53:54.008+0000][5129.953s][info][gc,phases   ] GC(1065)   Merge Heap Roots: 0.4ms
[2024-08-15T13:53:54.008+0000][5129.953s][info][gc,phases   ] GC(1065)   Evacuate Collection Set: 83.0ms
[2024-08-15T13:53:54.008+0000][5129.953s][info][gc,phases   ] GC(1065)   Post Evacuate Collection Set: 1.3ms
[2024-08-15T13:53:54.008+0000][5129.953s][info][gc,phases   ] GC(1065)   Other: 0.2ms
[2024-08-15T13:53:54.008+0000][5129.953s][info][gc,heap     ] GC(1065) Eden regions: 60->0(782)
[2024-08-15T13:53:54.008+0000][5129.953s][info][gc,heap     ] GC(1065) Survivor regions: 16->6(10)
[2024-08-15T13:53:54.008+0000][5129.953s][info][gc,heap     ] GC(1065) Old regions: 419->419
[2024-08-15T13:53:54.008+0000][5129.953s][info][gc,heap     ] GC(1065) Archive regions: 2->2
[2024-08-15T13:53:54.008+0000][5129.953s][info][gc,heap     ] GC(1065) Humongous regions: 5->5
[2024-08-15T13:53:54.008+0000][5129.953s][info][gc,metaspace] GC(1065) Metaspace: 440948K(447296K)->440948K(447296K) NonClass: 385953K(389568K)->385953K(389568K) Class: 54995K(57728K)->54995K(57728K)
[2024-08-15T13:53:54.008+0000][5129.953s][info][gc          ] GC(1065) Pause Young (Mixed) (G1 Evacuation Pause) 3996M->3437M(12288M) 85.129ms
[2024-08-15T13:53:54.008+0000][5129.953s][info][gc,cpu      ] GC(1065) User=0.51s Sys=0.00s Real=0.09s
[2024-08-15T13:54:02.195+0000][5138.140s][info][gc,start    ] GC(1066) Pause Young (Normal) (G1 Evacuation Pause)
[2024-08-15T13:54:02.195+0000][5138.140s][info][gc,task     ] GC(1066) Using 6 workers of 6 for evacuation
[2024-08-15T13:54:02.216+0000][5138.160s][info][gc,phases   ] GC(1066)   Pre Evacuate Collection Set: 0.2ms
[2024-08-15T13:54:02.216+0000][5138.160s][info][gc,phases   ] GC(1066)   Merge Heap Roots: 0.3ms
[2024-08-15T13:54:02.216+0000][5138.160s][info][gc,phases   ] GC(1066)   Evacuate Collection Set: 18.3ms
[2024-08-15T13:54:02.216+0000][5138.160s][info][gc,phases   ] GC(1066)   Post Evacuate Collection Set: 1.8ms
[2024-08-15T13:54:02.216+0000][5138.160s][info][gc,phases   ] GC(1066)   Other: 0.2ms
[2024-08-15T13:54:02.216+0000][5138.160s][info][gc,heap     ] GC(1066) Eden regions: 782->0(781)
[2024-08-15T13:54:02.216+0000][5138.160s][info][gc,heap     ] GC(1066) Survivor regions: 6->7(99)
[2024-08-15T13:54:02.216+0000][5138.160s][info][gc,heap     ] GC(1066) Old regions: 419->419
[2024-08-15T13:54:02.216+0000][5138.160s][info][gc,heap     ] GC(1066) Archive regions: 2->2
[2024-08-15T13:54:02.216+0000][5138.160s][info][gc,heap     ] GC(1066) Humongous regions: 5->5
[2024-08-15T13:54:02.216+0000][5138.160s][info][gc,metaspace] GC(1066) Metaspace: 440948K(447296K)->440948K(447296K) NonClass: 385953K(389568K)->385953K(389568K) Class: 54995K(57728K)->54995K(57728K)
[2024-08-15T13:54:02.216+0000][5138.161s][info][gc          ] GC(1066) Pause Young (Normal) (G1 Evacuation Pause) 9693M->3450M(12288M) 20.789ms
[2024-08-15T13:54:02.216+0000][5138.161s][info][gc,cpu      ] GC(1066) User=0.12s Sys=0.00s Real=0.02s
[2024-08-15T13:54:10.699+0000][5146.644s][info][gc,start    ] GC(1067) Pause Young (Normal) (G1 Evacuation Pause)
[2024-08-15T13:54:10.699+0000][5146.644s][info][gc,task     ] GC(1067) Using 6 workers of 6 for evacuation
[2024-08-15T13:54:10.725+0000][5146.669s][info][gc,phases   ] GC(1067)   Pre Evacuate Collection Set: 0.2ms
[2024-08-15T13:54:10.725+0000][5146.669s][info][gc,phases   ] GC(1067)   Merge Heap Roots: 0.3ms
[2024-08-15T13:54:10.725+0000][5146.669s][info][gc,phases   ] GC(1067)   Evacuate Collection Set: 23.2ms
[2024-08-15T13:54:10.725+0000][5146.669s][info][gc,phases   ] GC(1067)   Post Evacuate Collection Set: 1.7ms
[2024-08-15T13:54:10.725+0000][5146.669s][info][gc,phases   ] GC(1067)   Other: 0.2ms
[2024-08-15T13:54:10.725+0000][5146.669s][info][gc,heap     ] GC(1067) Eden regions: 781->0(778)
[2024-08-15T13:54:10.725+0000][5146.669s][info][gc,heap     ] GC(1067) Survivor regions: 7->11(99)
[2024-08-15T13:54:10.725+0000][5146.669s][info][gc,heap     ] GC(1067) Old regions: 419->419
[2024-08-15T13:54:10.725+0000][5146.669s][info][gc,heap     ] GC(1067) Archive regions: 2->2
[2024-08-15T13:54:10.725+0000][5146.669s][info][gc,heap     ] GC(1067) Humongous regions: 5->5
[2024-08-15T13:54:10.725+0000][5146.669s][info][gc,metaspace] GC(1067) Metaspace: 440950K(447296K)->440950K(447296K) NonClass: 385955K(389568K)->385955K(389568K) Class: 54995K(57728K)->54995K(57728K)
[2024-08-15T13:54:10.725+0000][5146.669s][info][gc          ] GC(1067) Pause Young (Normal) (G1 Evacuation Pause) 9698M->3477M(12288M) 25.665ms
[2024-08-15T13:54:10.725+0000][5146.669s][info][gc,cpu      ] GC(1067) User=0.15s Sys=0.00s Real=0.03s
[2024-08-15T13:54:19.129+0000][5155.074s][info][gc,start    ] GC(1068) Pause Young (Concurrent Start) (G1 Evacuation Pause)
[2024-08-15T13:54:19.129+0000][5155.074s][info][gc,task     ] GC(1068) Using 6 workers of 6 for evacuation
[2024-08-15T13:54:19.160+0000][5155.105s][info][gc,phases   ] GC(1068)   Pre Evacuate Collection Set: 0.6ms
[2024-08-15T13:54:19.160+0000][5155.105s][info][gc,phases   ] GC(1068)   Merge Heap Roots: 0.3ms
[2024-08-15T13:54:19.160+0000][5155.105s][info][gc,phases   ] GC(1068)   Evacuate Collection Set: 28.4ms
[2024-08-15T13:54:19.160+0000][5155.105s][info][gc,phases   ] GC(1068)   Post Evacuate Collection Set: 1.7ms
[2024-08-15T13:54:19.160+0000][5155.105s][info][gc,phases   ] GC(1068)   Other: 0.3ms
[2024-08-15T13:54:19.160+0000][5155.105s][info][gc,heap     ] GC(1068) Eden regions: 778->0(778)
[2024-08-15T13:54:19.160+0000][5155.105s][info][gc,heap     ] GC(1068) Survivor regions: 11->11(99)
[2024-08-15T13:54:19.160+0000][5155.105s][info][gc,heap     ] GC(1068) Old regions: 419->419
[2024-08-15T13:54:19.160+0000][5155.105s][info][gc,heap     ] GC(1068) Archive regions: 2->2
[2024-08-15T13:54:19.160+0000][5155.105s][info][gc,heap     ] GC(1068) Humongous regions: 5->5
[2024-08-15T13:54:19.160+0000][5155.105s][info][gc,metaspace] GC(1068) Metaspace: 440950K(447296K)->440950K(447296K) NonClass: 385955K(389568K)->385955K(389568K) Class: 54995K(57728K)->54995K(57728K)
[2024-08-15T13:54:19.160+0000][5155.105s][info][gc          ] GC(1068) Pause Young (Concurrent Start) (G1 Evacuation Pause) 9701M->3481M(12288M) 31.319ms
[2024-08-15T13:54:19.160+0000][5155.105s][info][gc,cpu      ] GC(1068) User=0.18s Sys=0.00s Real=0.03s
[2024-08-15T13:54:19.160+0000][5155.105s][info][gc          ] GC(1069) Concurrent Mark Cycle
[2024-08-15T13:54:19.160+0000][5155.105s][info][gc,marking  ] GC(1069) Concurrent Clear Claimed Marks
[2024-08-15T13:54:19.161+0000][5155.106s][info][gc,marking  ] GC(1069) Concurrent Clear Claimed Marks 0.474ms
[2024-08-15T13:54:19.161+0000][5155.106s][info][gc,marking  ] GC(1069) Concurrent Scan Root Regions
[2024-08-15T13:54:19.190+0000][5155.134s][info][gc,marking  ] GC(1069) Concurrent Scan Root Regions 28.794ms
[2024-08-15T13:54:19.190+0000][5155.134s][info][gc,marking  ] GC(1069) Concurrent Mark
[2024-08-15T13:54:19.190+0000][5155.134s][info][gc,marking  ] GC(1069) Concurrent Mark From Roots
[2024-08-15T13:54:19.190+0000][5155.134s][info][gc,task     ] GC(1069) Using 2 workers of 2 for marking
[2024-08-15T13:54:22.138+0000][5158.083s][info][gc,marking  ] GC(1069) Concurrent Mark From Roots 2948.201ms
[2024-08-15T13:54:22.138+0000][5158.083s][info][gc,marking  ] GC(1069) Concurrent Preclean
[2024-08-15T13:54:22.139+0000][5158.084s][info][gc,marking  ] GC(1069) Concurrent Preclean 1.288ms
[2024-08-15T13:54:22.139+0000][5158.084s][info][gc,start    ] GC(1069) Pause Remark
[2024-08-15T13:54:22.162+0000][5158.107s][info][gc          ] GC(1069) Pause Remark 5489M->5489M(12288M) 22.587ms
[2024-08-15T13:54:22.162+0000][5158.107s][info][gc,cpu      ] GC(1069) User=0.09s Sys=0.00s Real=0.02s
[2024-08-15T13:54:22.162+0000][5158.107s][info][gc,marking  ] GC(1069) Concurrent Mark 2972.540ms
[2024-08-15T13:54:22.162+0000][5158.107s][info][gc,marking  ] GC(1069) Concurrent Rebuild Remembered Sets
[2024-08-15T13:54:23.628+0000][5159.573s][info][gc,marking  ] GC(1069) Concurrent Rebuild Remembered Sets 1465.762ms
[2024-08-15T13:54:23.628+0000][5159.573s][info][gc,start    ] GC(1069) Pause Cleanup
[2024-08-15T13:54:23.629+0000][5159.574s][info][gc          ] GC(1069) Pause Cleanup 6465M->6465M(12288M) 0.676ms
[2024-08-15T13:54:23.629+0000][5159.574s][info][gc,cpu      ] GC(1069) User=0.00s Sys=0.00s Real=0.00s
[2024-08-15T13:54:23.629+0000][5159.574s][info][gc,marking  ] GC(1069) Concurrent Cleanup for Next Mark
[2024-08-15T13:54:23.647+0000][5159.591s][info][gc,marking  ] GC(1069) Concurrent Cleanup for Next Mark 17.435ms
[2024-08-15T13:54:23.647+0000][5159.591s][info][gc          ] GC(1069) Concurrent Mark Cycle 4486.159ms
[2024-08-15T13:54:28.079+0000][5164.024s][info][gc,start    ] GC(1070) Pause Young (Prepare Mixed) (G1 Evacuation Pause)
[2024-08-15T13:54:28.079+0000][5164.024s][info][gc,task     ] GC(1070) Using 6 workers of 6 for evacuation
[2024-08-15T13:54:28.115+0000][5164.060s][info][gc,phases   ] GC(1070)   Pre Evacuate Collection Set: 0.2ms
[2024-08-15T13:54:28.115+0000][5164.060s][info][gc,phases   ] GC(1070)   Merge Heap Roots: 0.4ms
[2024-08-15T13:54:28.115+0000][5164.060s][info][gc,phases   ] GC(1070)   Evacuate Collection Set: 33.9ms
[2024-08-15T13:54:28.115+0000][5164.060s][info][gc,phases   ] GC(1070)   Post Evacuate Collection Set: 1.7ms
[2024-08-15T13:54:28.115+0000][5164.060s][info][gc,phases   ] GC(1070)   Other: 0.2ms
[2024-08-15T13:54:28.115+0000][5164.060s][info][gc,heap     ] GC(1070) Eden regions: 778->0(62)
[2024-08-15T13:54:28.115+0000][5164.060s][info][gc,heap     ] GC(1070) Survivor regions: 11->14(99)
[2024-08-15T13:54:28.115+0000][5164.060s][info][gc,heap     ] GC(1070) Old regions: 419->419
[2024-08-15T13:54:28.115+0000][5164.060s][info][gc,heap     ] GC(1070) Archive regions: 2->2
[2024-08-15T13:54:28.115+0000][5164.060s][info][gc,heap     ] GC(1070) Humongous regions: 5->5
[2024-08-15T13:54:28.115+0000][5164.060s][info][gc,metaspace] GC(1070) Metaspace: 440962K(447360K)->440962K(447360K) NonClass: 385966K(389632K)->385966K(389632K) Class: 54995K(57728K)->54995K(57728K)
[2024-08-15T13:54:28.116+0000][5164.060s][info][gc          ] GC(1070) Pause Young (Prepare Mixed) (G1 Evacuation Pause) 9705M->3503M(12288M) 36.391ms
[2024-08-15T13:54:28.116+0000][5164.060s][info][gc,cpu      ] GC(1070) User=0.21s Sys=0.00s Real=0.04s
[2024-08-15T13:54:28.783+0000][5164.728s][info][gc,start    ] GC(1071) Pause Young (Mixed) (G1 Evacuation Pause)
[2024-08-15T13:54:28.783+0000][5164.728s][info][gc,task     ] GC(1071) Using 6 workers of 6 for evacuation
[2024-08-15T13:54:28.867+0000][5164.811s][info][gc,phases   ] GC(1071)   Pre Evacuate Collection Set: 0.2ms
[2024-08-15T13:54:28.867+0000][5164.811s][info][gc,phases   ] GC(1071)   Merge Heap Roots: 0.4ms
[2024-08-15T13:54:28.867+0000][5164.811s][info][gc,phases   ] GC(1071)   Evacuate Collection Set: 81.5ms
[2024-08-15T13:54:28.867+0000][5164.811s][info][gc,phases   ] GC(1071)   Post Evacuate Collection Set: 1.3ms
[2024-08-15T13:54:28.867+0000][5164.811s][info][gc,phases   ] GC(1071)   Other: 0.2ms
[2024-08-15T13:54:28.867+0000][5164.811s][info][gc,heap     ] GC(1071) Eden regions: 62->0(784)
[2024-08-15T13:54:28.867+0000][5164.811s][info][gc,heap     ] GC(1071) Survivor regions: 14->6(10)
[2024-08-15T13:54:28.867+0000][5164.811s][info][gc,heap     ] GC(1071) Old regions: 419->418
[2024-08-15T13:54:28.867+0000][5164.811s][info][gc,heap     ] GC(1071) Archive regions: 2->2
[2024-08-15T13:54:28.867+0000][5164.811s][info][gc,heap     ] GC(1071) Humongous regions: 5->5
[2024-08-15T13:54:28.867+0000][5164.811s][info][gc,metaspace] GC(1071) Metaspace: 440962K(447360K)->440962K(447360K) NonClass: 385966K(389632K)->385966K(389632K) Class: 54995K(57728K)->54995K(57728K)
[2024-08-15T13:54:28.867+0000][5164.811s][info][gc          ] GC(1071) Pause Young (Mixed) (G1 Evacuation Pause) 3999M->3431M(12288M) 83.704ms
[2024-08-15T13:54:28.867+0000][5164.811s][info][gc,cpu      ] GC(1071) User=0.50s Sys=0.00s Real=0.09s
[2024-08-15T13:54:37.215+0000][5173.160s][info][gc,start    ] GC(1072) Pause Young (Normal) (G1 Evacuation Pause)
[2024-08-15T13:54:37.215+0000][5173.160s][info][gc,task     ] GC(1072) Using 6 workers of 6 for evacuation
[2024-08-15T13:54:37.239+0000][5173.183s][info][gc,phases   ] GC(1072)   Pre Evacuate Collection Set: 0.2ms
[2024-08-15T13:54:37.239+0000][5173.183s][info][gc,phases   ] GC(1072)   Merge Heap Roots: 0.3ms
[2024-08-15T13:54:37.239+0000][5173.183s][info][gc,phases   ] GC(1072)   Evacuate Collection Set: 21.2ms
[2024-08-15T13:54:37.239+0000][5173.184s][info][gc,phases   ] GC(1072)   Post Evacuate Collection Set: 1.7ms
[2024-08-15T13:54:37.239+0000][5173.184s][info][gc,phases   ] GC(1072)   Other: 0.2ms
[2024-08-15T13:54:37.239+0000][5173.184s][info][gc,heap     ] GC(1072) Eden regions: 784->0(780)
[2024-08-15T13:54:37.239+0000][5173.184s][info][gc,heap     ] GC(1072) Survivor regions: 6->9(99)
[2024-08-15T13:54:37.239+0000][5173.184s][info][gc,heap     ] GC(1072) Old regions: 418->418
[2024-08-15T13:54:37.239+0000][5173.184s][info][gc,heap     ] GC(1072) Archive regions: 2->2
[2024-08-15T13:54:37.239+0000][5173.184s][info][gc,heap     ] GC(1072) Humongous regions: 5->5
[2024-08-15T13:54:37.239+0000][5173.184s][info][gc,metaspace] GC(1072) Metaspace: 440965K(447360K)->440965K(447360K) NonClass: 385969K(389632K)->385969K(389632K) Class: 54995K(57728K)->54995K(57728K)
[2024-08-15T13:54:37.239+0000][5173.184s][info][gc          ] GC(1072) Pause Young (Normal) (G1 Evacuation Pause) 9703M->3457M(12288M) 23.565ms
[2024-08-15T13:54:37.239+0000][5173.184s][info][gc,cpu      ] GC(1072) User=0.13s Sys=0.00s Real=0.02s
[2024-08-15T13:54:45.878+0000][5181.822s][info][gc,start    ] GC(1073) Pause Young (Normal) (G1 Evacuation Pause)
[2024-08-15T13:54:45.878+0000][5181.822s][info][gc,task     ] GC(1073) Using 6 workers of 6 for evacuation
[2024-08-15T13:54:45.905+0000][5181.850s][info][gc,phases   ] GC(1073)   Pre Evacuate Collection Set: 0.2ms
[2024-08-15T13:54:45.905+0000][5181.850s][info][gc,phases   ] GC(1073)   Merge Heap Roots: 0.3ms
[2024-08-15T13:54:45.905+0000][5181.850s][info][gc,phases   ] GC(1073)   Evacuate Collection Set: 25.2ms
[2024-08-15T13:54:45.905+0000][5181.850s][info][gc,phases   ] GC(1073)   Post Evacuate Collection Set: 1.8ms
[2024-08-15T13:54:45.905+0000][5181.850s][info][gc,phases   ] GC(1073)   Other: 0.2ms
[2024-08-15T13:54:45.905+0000][5181.850s][info][gc,heap     ] GC(1073) Eden regions: 780->0(777)
[2024-08-15T13:54:45.905+0000][5181.850s][info][gc,heap     ] GC(1073) Survivor regions: 9->12(99)
[2024-08-15T13:54:45.905+0000][5181.850s][info][gc,heap     ] GC(1073) Old regions: 418->418
[2024-08-15T13:54:45.905+0000][5181.850s][info][gc,heap     ] GC(1073) Archive regions: 2->2
[2024-08-15T13:54:45.905+0000][5181.850s][info][gc,heap     ] GC(1073) Humongous regions: 5->5
[2024-08-15T13:54:45.905+0000][5181.850s][info][gc,metaspace] GC(1073) Metaspace: 440974K(447360K)->440974K(447360K) NonClass: 385979K(389632K)->385979K(389632K) Class: 54995K(57728K)->54995K(57728K)
[2024-08-15T13:54:45.905+0000][5181.850s][info][gc          ] GC(1073) Pause Young (Normal) (G1 Evacuation Pause) 9697M->3481M(12288M) 27.737ms
[2024-08-15T13:54:45.905+0000][5181.850s][info][gc,cpu      ] GC(1073) User=0.17s Sys=0.00s Real=0.03s
[2024-08-15T13:54:53.895+0000][5189.840s][info][gc,start    ] GC(1074) Pause Young (Concurrent Start) (G1 Evacuation Pause)
[2024-08-15T13:54:53.895+0000][5189.840s][info][gc,task     ] GC(1074) Using 6 workers of 6 for evacuation
[2024-08-15T13:54:53.927+0000][5189.872s][info][gc,phases   ] GC(1074)   Pre Evacuate Collection Set: 0.6ms
[2024-08-15T13:54:53.927+0000][5189.872s][info][gc,phases   ] GC(1074)   Merge Heap Roots: 0.2ms
[2024-08-15T13:54:53.927+0000][5189.872s][info][gc,phases   ] GC(1074)   Evacuate Collection Set: 29.4ms
[2024-08-15T13:54:53.927+0000][5189.872s][info][gc,phases   ] GC(1074)   Post Evacuate Collection Set: 1.7ms
[2024-08-15T13:54:53.927+0000][5189.872s][info][gc,phases   ] GC(1074)   Other: 0.3ms
[2024-08-15T13:54:53.927+0000][5189.872s][info][gc,heap     ] GC(1074) Eden regions: 777->0(775)
[2024-08-15T13:54:53.927+0000][5189.872s][info][gc,heap     ] GC(1074) Survivor regions: 12->14(99)
[2024-08-15T13:54:53.927+0000][5189.872s][info][gc,heap     ] GC(1074) Old regions: 418->418
[2024-08-15T13:54:53.928+0000][5189.872s][info][gc,heap     ] GC(1074) Archive regions: 2->2
[2024-08-15T13:54:53.928+0000][5189.872s][info][gc,heap     ] GC(1074) Humongous regions: 5->5
[2024-08-15T13:54:53.928+0000][5189.872s][info][gc,metaspace] GC(1074) Metaspace: 440980K(447360K)->440980K(447360K) NonClass: 385984K(389632K)->385984K(389632K) Class: 54995K(57728K)->54995K(57728K)
[2024-08-15T13:54:53.928+0000][5189.872s][info][gc          ] GC(1074) Pause Young (Concurrent Start) (G1 Evacuation Pause) 9697M->3495M(12288M) 32.248ms
[2024-08-15T13:54:53.928+0000][5189.872s][info][gc,cpu      ] GC(1074) User=0.19s Sys=0.01s Real=0.03s
[2024-08-15T13:54:53.928+0000][5189.872s][info][gc          ] GC(1075) Concurrent Mark Cycle
[2024-08-15T13:54:53.928+0000][5189.872s][info][gc,marking  ] GC(1075) Concurrent Clear Claimed Marks
[2024-08-15T13:54:53.928+0000][5189.873s][info][gc,marking  ] GC(1075) Concurrent Clear Claimed Marks 0.415ms
[2024-08-15T13:54:53.928+0000][5189.873s][info][gc,marking  ] GC(1075) Concurrent Scan Root Regions
[2024-08-15T13:54:53.973+0000][5189.918s][info][gc,marking  ] GC(1075) Concurrent Scan Root Regions 44.941ms
[2024-08-15T13:54:53.973+0000][5189.918s][info][gc,marking  ] GC(1075) Concurrent Mark
[2024-08-15T13:54:53.973+0000][5189.918s][info][gc,marking  ] GC(1075) Concurrent Mark From Roots
[2024-08-15T13:54:53.973+0000][5189.918s][info][gc,task     ] GC(1075) Using 2 workers of 2 for marking
[2024-08-15T13:54:56.843+0000][5192.788s][info][gc,marking  ] GC(1075) Concurrent Mark From Roots 2869.889ms
[2024-08-15T13:54:56.843+0000][5192.788s][info][gc,marking  ] GC(1075) Concurrent Preclean
[2024-08-15T13:54:56.844+0000][5192.789s][info][gc,marking  ] GC(1075) Concurrent Preclean 1.162ms
[2024-08-15T13:54:56.844+0000][5192.789s][info][gc,start    ] GC(1075) Pause Remark
[2024-08-15T13:54:56.867+0000][5192.811s][info][gc          ] GC(1075) Pause Remark 5495M->5495M(12288M) 22.536ms
[2024-08-15T13:54:56.867+0000][5192.812s][info][gc,cpu      ] GC(1075) User=0.10s Sys=0.00s Real=0.02s
[2024-08-15T13:54:56.867+0000][5192.812s][info][gc,marking  ] GC(1075) Concurrent Mark 2893.957ms
[2024-08-15T13:54:56.867+0000][5192.812s][info][gc,marking  ] GC(1075) Concurrent Rebuild Remembered Sets
[2024-08-15T13:54:58.396+0000][5194.340s][info][gc,marking  ] GC(1075) Concurrent Rebuild Remembered Sets 1528.525ms
[2024-08-15T13:54:58.396+0000][5194.340s][info][gc,start    ] GC(1075) Pause Cleanup
[2024-08-15T13:54:58.396+0000][5194.341s][info][gc          ] GC(1075) Pause Cleanup 6555M->6555M(12288M) 0.676ms
[2024-08-15T13:54:58.397+0000][5194.341s][info][gc,cpu      ] GC(1075) User=0.00s Sys=0.00s Real=0.00s
[2024-08-15T13:54:58.397+0000][5194.341s][info][gc,marking  ] GC(1075) Concurrent Cleanup for Next Mark
[2024-08-15T13:54:58.414+0000][5194.359s][info][gc,marking  ] GC(1075) Concurrent Cleanup for Next Mark 17.771ms
[2024-08-15T13:54:58.414+0000][5194.359s][info][gc          ] GC(1075) Concurrent Mark Cycle 4486.817ms
[2024-08-15T13:55:02.406+0000][5198.351s][info][gc,start    ] GC(1076) Pause Young (Prepare Mixed) (G1 Evacuation Pause)
[2024-08-15T13:55:02.406+0000][5198.351s][info][gc,task     ] GC(1076) Using 6 workers of 6 for evacuation
[2024-08-15T13:55:02.442+0000][5198.387s][info][gc,phases   ] GC(1076)   Pre Evacuate Collection Set: 0.2ms
[2024-08-15T13:55:02.442+0000][5198.387s][info][gc,phases   ] GC(1076)   Merge Heap Roots: 0.3ms
[2024-08-15T13:55:02.442+0000][5198.387s][info][gc,phases   ] GC(1076)   Evacuate Collection Set: 33.6ms
[2024-08-15T13:55:02.442+0000][5198.387s][info][gc,phases   ] GC(1076)   Post Evacuate Collection Set: 1.8ms
[2024-08-15T13:55:02.442+0000][5198.387s][info][gc,phases   ] GC(1076)   Other: 0.2ms
[2024-08-15T13:55:02.442+0000][5198.387s][info][gc,heap     ] GC(1076) Eden regions: 775->0(63)
[2024-08-15T13:55:02.442+0000][5198.387s][info][gc,heap     ] GC(1076) Survivor regions: 14->13(99)
[2024-08-15T13:55:02.442+0000][5198.387s][info][gc,heap     ] GC(1076) Old regions: 418->418
[2024-08-15T13:55:02.442+0000][5198.387s][info][gc,heap     ] GC(1076) Archive regions: 2->2
[2024-08-15T13:55:02.442+0000][5198.387s][info][gc,heap     ] GC(1076) Humongous regions: 5->5
[2024-08-15T13:55:02.442+0000][5198.387s][info][gc,metaspace] GC(1076) Metaspace: 440980K(447360K)->440980K(447360K) NonClass: 385984K(389632K)->385984K(389632K) Class: 54995K(57728K)->54995K(57728K)
[2024-08-15T13:55:02.442+0000][5198.387s][info][gc          ] GC(1076) Pause Young (Prepare Mixed) (G1 Evacuation Pause) 9695M->3492M(12288M) 36.183ms
[2024-08-15T13:55:02.442+0000][5198.387s][info][gc,cpu      ] GC(1076) User=0.21s Sys=0.00s Real=0.03s
[2024-08-15T13:55:03.160+0000][5199.104s][info][gc,start    ] GC(1077) Pause Young (Mixed) (G1 Evacuation Pause)
[2024-08-15T13:55:03.160+0000][5199.104s][info][gc,task     ] GC(1077) Using 6 workers of 6 for evacuation
[2024-08-15T13:55:03.251+0000][5199.196s][info][gc,phases   ] GC(1077)   Pre Evacuate Collection Set: 0.2ms
[2024-08-15T13:55:03.251+0000][5199.196s][info][gc,phases   ] GC(1077)   Merge Heap Roots: 0.5ms
[2024-08-15T13:55:03.251+0000][5199.196s][info][gc,phases   ] GC(1077)   Evacuate Collection Set: 89.0ms
[2024-08-15T13:55:03.251+0000][5199.196s][info][gc,phases   ] GC(1077)   Post Evacuate Collection Set: 1.4ms
[2024-08-15T13:55:03.251+0000][5199.196s][info][gc,phases   ] GC(1077)   Other: 0.2ms
[2024-08-15T13:55:03.251+0000][5199.196s][info][gc,heap     ] GC(1077) Eden regions: 63->0(783)
[2024-08-15T13:55:03.251+0000][5199.196s][info][gc,heap     ] GC(1077) Survivor regions: 13->5(10)
[2024-08-15T13:55:03.251+0000][5199.196s][info][gc,heap     ] GC(1077) Old regions: 418->420
[2024-08-15T13:55:03.251+0000][5199.196s][info][gc,heap     ] GC(1077) Archive regions: 2->2
[2024-08-15T13:55:03.251+0000][5199.196s][info][gc,heap     ] GC(1077) Humongous regions: 5->5
[2024-08-15T13:55:03.251+0000][5199.196s][info][gc,metaspace] GC(1077) Metaspace: 440980K(447360K)->440980K(447360K) NonClass: 385984K(389632K)->385984K(389632K) Class: 54995K(57728K)->54995K(57728K)
[2024-08-15T13:55:03.251+0000][5199.196s][info][gc          ] GC(1077) Pause Young (Mixed) (G1 Evacuation Pause) 3996M->3433M(12288M) 91.305ms
[2024-08-15T13:55:03.251+0000][5199.196s][info][gc,cpu      ] GC(1077) User=0.54s Sys=0.00s Real=0.09s
[2024-08-15T13:55:11.733+0000][5207.678s][info][gc,start    ] GC(1078) Pause Young (Normal) (G1 Evacuation Pause)
[2024-08-15T13:55:11.733+0000][5207.678s][info][gc,task     ] GC(1078) Using 6 workers of 6 for evacuation
[2024-08-15T13:55:11.753+0000][5207.697s][info][gc,phases   ] GC(1078)   Pre Evacuate Collection Set: 0.2ms
[2024-08-15T13:55:11.753+0000][5207.697s][info][gc,phases   ] GC(1078)   Merge Heap Roots: 0.2ms
[2024-08-15T13:55:11.753+0000][5207.697s][info][gc,phases   ] GC(1078)   Evacuate Collection Set: 16.9ms
[2024-08-15T13:55:11.753+0000][5207.697s][info][gc,phases   ] GC(1078)   Post Evacuate Collection Set: 1.8ms
[2024-08-15T13:55:11.753+0000][5207.697s][info][gc,phases   ] GC(1078)   Other: 0.2ms
[2024-08-15T13:55:11.753+0000][5207.697s][info][gc,heap     ] GC(1078) Eden regions: 783->0(781)
[2024-08-15T13:55:11.753+0000][5207.697s][info][gc,heap     ] GC(1078) Survivor regions: 5->7(99)
[2024-08-15T13:55:11.753+0000][5207.697s][info][gc,heap     ] GC(1078) Old regions: 420->420
[2024-08-15T13:55:11.753+0000][5207.697s][info][gc,heap     ] GC(1078) Archive regions: 2->2
[2024-08-15T13:55:11.753+0000][5207.697s][info][gc,heap     ] GC(1078) Humongous regions: 5->5
[2024-08-15T13:55:11.753+0000][5207.697s][info][gc,metaspace] GC(1078) Metaspace: 440980K(447360K)->440980K(447360K) NonClass: 385984K(389632K)->385984K(389632K) Class: 54995K(57728K)->54995K(57728K)
[2024-08-15T13:55:11.753+0000][5207.697s][info][gc          ] GC(1078) Pause Young (Normal) (G1 Evacuation Pause) 9697M->3453M(12288M) 19.337ms
[2024-08-15T13:55:11.753+0000][5207.697s][info][gc,cpu      ] GC(1078) User=0.11s Sys=0.00s Real=0.02s
[2024-08-15T13:55:20.233+0000][5216.177s][info][gc,start    ] GC(1079) Pause Young (Normal) (G1 Evacuation Pause)
[2024-08-15T13:55:20.233+0000][5216.177s][info][gc,task     ] GC(1079) Using 6 workers of 6 for evacuation
[2024-08-15T13:55:20.256+0000][5216.201s][info][gc,phases   ] GC(1079)   Pre Evacuate Collection Set: 0.2ms
[2024-08-15T13:55:20.256+0000][5216.201s][info][gc,phases   ] GC(1079)   Merge Heap Roots: 0.2ms
[2024-08-15T13:55:20.256+0000][5216.201s][info][gc,phases   ] GC(1079)   Evacuate Collection Set: 21.4ms
[2024-08-15T13:55:20.256+0000][5216.201s][info][gc,phases   ] GC(1079)   Post Evacuate Collection Set: 1.8ms
[2024-08-15T13:55:20.256+0000][5216.201s][info][gc,phases   ] GC(1079)   Other: 0.2ms
[2024-08-15T13:55:20.256+0000][5216.201s][info][gc,heap     ] GC(1079) Eden regions: 781->0(778)
[2024-08-15T13:55:20.256+0000][5216.201s][info][gc,heap     ] GC(1079) Survivor regions: 7->10(99)
[2024-08-15T13:55:20.256+0000][5216.201s][info][gc,heap     ] GC(1079) Old regions: 420->420
[2024-08-15T13:55:20.256+0000][5216.201s][info][gc,heap     ] GC(1079) Archive regions: 2->2
[2024-08-15T13:55:20.256+0000][5216.201s][info][gc,heap     ] GC(1079) Humongous regions: 5->5
[2024-08-15T13:55:20.256+0000][5216.201s][info][gc,metaspace] GC(1079) Metaspace: 440980K(447360K)->440980K(447360K) NonClass: 385984K(389632K)->385984K(389632K) Class: 54995K(57728K)->54995K(57728K)
[2024-08-15T13:55:20.256+0000][5216.201s][info][gc          ] GC(1079) Pause Young (Normal) (G1 Evacuation Pause) 9701M->3477M(12288M) 23.753ms
[2024-08-15T13:55:20.256+0000][5216.201s][info][gc,cpu      ] GC(1079) User=0.14s Sys=0.00s Real=0.03s
[2024-08-15T13:55:23.017+0000][5218.962s][info][gc,start    ] GC(1080) Pause Young (Concurrent Start) (G1 Evacuation Pause)
[2024-08-15T13:55:23.017+0000][5218.962s][info][gc,task     ] GC(1080) Using 6 workers of 6 for evacuation
[2024-08-15T13:55:23.090+0000][5219.035s][info][gc,phases   ] GC(1080)   Pre Evacuate Collection Set: 0.6ms
[2024-08-15T13:55:23.090+0000][5219.035s][info][gc,phases   ] GC(1080)   Merge Heap Roots: 0.2ms
[2024-08-15T13:55:23.090+0000][5219.035s][info][gc,phases   ] GC(1080)   Evacuate Collection Set: 56.8ms
[2024-08-15T13:55:23.090+0000][5219.035s][info][gc,phases   ] GC(1080)   Post Evacuate Collection Set: 15.4ms
[2024-08-15T13:55:23.090+0000][5219.035s][info][gc,phases   ] GC(1080)   Other: 0.3ms
[2024-08-15T13:55:23.090+0000][5219.035s][info][gc,heap     ] GC(1080) Eden regions: 778->0(771)
[2024-08-15T13:55:23.090+0000][5219.035s][info][gc,heap     ] GC(1080) Survivor regions: 10->15(99)
[2024-08-15T13:55:23.090+0000][5219.035s][info][gc,heap     ] GC(1080) Old regions: 420->420
[2024-08-15T13:55:23.090+0000][5219.035s][info][gc,heap     ] GC(1080) Archive regions: 2->2
[2024-08-15T13:55:23.090+0000][5219.035s][info][gc,heap     ] GC(1080) Humongous regions: 5->5
[2024-08-15T13:55:23.090+0000][5219.035s][info][gc,metaspace] GC(1080) Metaspace: 440980K(447360K)->440980K(447360K) NonClass: 385984K(389632K)->385984K(389632K) Class: 54995K(57728K)->54995K(57728K)
[2024-08-15T13:55:23.090+0000][5219.035s][info][gc          ] GC(1080) Pause Young (Concurrent Start) (G1 Evacuation Pause) 9701M->3512M(12288M) 73.330ms
[2024-08-15T13:55:23.090+0000][5219.035s][info][gc,cpu      ] GC(1080) User=0.43s Sys=0.00s Real=0.07s
[2024-08-15T13:55:23.090+0000][5219.035s][info][gc          ] GC(1081) Concurrent Mark Cycle
[2024-08-15T13:55:23.091+0000][5219.035s][info][gc,marking  ] GC(1081) Concurrent Clear Claimed Marks
[2024-08-15T13:55:23.091+0000][5219.036s][info][gc,marking  ] GC(1081) Concurrent Clear Claimed Marks 0.438ms
[2024-08-15T13:55:23.091+0000][5219.036s][info][gc,marking  ] GC(1081) Concurrent Scan Root Regions
[2024-08-15T13:55:23.127+0000][5219.072s][info][gc,marking  ] GC(1081) Concurrent Scan Root Regions 36.418ms
[2024-08-15T13:55:23.127+0000][5219.072s][info][gc,marking  ] GC(1081) Concurrent Mark
[2024-08-15T13:55:23.127+0000][5219.072s][info][gc,marking  ] GC(1081) Concurrent Mark From Roots
[2024-08-15T13:55:23.127+0000][5219.072s][info][gc,task     ] GC(1081) Using 2 workers of 2 for marking
[2024-08-15T13:55:26.005+0000][5221.949s][info][gc,start    ] GC(1082) Pause Young (Normal) (G1 Evacuation Pause)
[2024-08-15T13:55:26.005+0000][5221.950s][info][gc,task     ] GC(1082) Using 6 workers of 6 for evacuation
[2024-08-15T13:55:26.083+0000][5222.028s][info][gc,phases   ] GC(1082)   Pre Evacuate Collection Set: 0.2ms
[2024-08-15T13:55:26.083+0000][5222.028s][info][gc,phases   ] GC(1082)   Merge Heap Roots: 0.2ms
[2024-08-15T13:55:26.083+0000][5222.028s][info][gc,phases   ] GC(1082)   Evacuate Collection Set: 61.8ms
[2024-08-15T13:55:26.083+0000][5222.028s][info][gc,phases   ] GC(1082)   Post Evacuate Collection Set: 15.7ms
[2024-08-15T13:55:26.083+0000][5222.028s][info][gc,phases   ] GC(1082)   Other: 0.4ms
[2024-08-15T13:55:26.083+0000][5222.028s][info][gc,heap     ] GC(1082) Eden regions: 771->0(767)
[2024-08-15T13:55:26.083+0000][5222.028s][info][gc,heap     ] GC(1082) Survivor regions: 15->17(99)
[2024-08-15T13:55:26.083+0000][5222.028s][info][gc,heap     ] GC(1082) Old regions: 420->420
[2024-08-15T13:55:26.083+0000][5222.028s][info][gc,heap     ] GC(1082) Archive regions: 2->2
[2024-08-15T13:55:26.083+0000][5222.028s][info][gc,heap     ] GC(1082) Humongous regions: 5->5
[2024-08-15T13:55:26.083+0000][5222.028s][info][gc,metaspace] GC(1082) Metaspace: 440980K(447360K)->440980K(447360K) NonClass: 385984K(389632K)->385984K(389632K) Class: 54995K(57728K)->54995K(57728K)
[2024-08-15T13:55:26.083+0000][5222.028s][info][gc          ] GC(1082) Pause Young (Normal) (G1 Evacuation Pause) 9680M->3533M(12288M) 78.325ms
[2024-08-15T13:55:26.083+0000][5222.028s][info][gc,cpu      ] GC(1082) User=0.46s Sys=0.00s Real=0.08s
[2024-08-15T13:55:26.175+0000][5222.120s][info][gc,marking  ] GC(1081) Concurrent Mark From Roots 3047.575ms
[2024-08-15T13:55:26.175+0000][5222.120s][info][gc,marking  ] GC(1081) Concurrent Preclean
[2024-08-15T13:55:26.177+0000][5222.121s][info][gc,marking  ] GC(1081) Concurrent Preclean 1.499ms
[2024-08-15T13:55:26.177+0000][5222.121s][info][gc,start    ] GC(1081) Pause Remark
[2024-08-15T13:55:26.199+0000][5222.144s][info][gc          ] GC(1081) Pause Remark 3621M->3621M(12288M) 22.693ms
[2024-08-15T13:55:26.199+0000][5222.144s][info][gc,cpu      ] GC(1081) User=0.09s Sys=0.01s Real=0.02s
[2024-08-15T13:55:26.200+0000][5222.144s][info][gc,marking  ] GC(1081) Concurrent Mark 3072.130ms
[2024-08-15T13:55:26.200+0000][5222.144s][info][gc,marking  ] GC(1081) Concurrent Rebuild Remembered Sets
[2024-08-15T13:55:27.669+0000][5223.614s][info][gc,marking  ] GC(1081) Concurrent Rebuild Remembered Sets 1469.562ms
[2024-08-15T13:55:27.669+0000][5223.614s][info][gc,start    ] GC(1081) Pause Cleanup
[2024-08-15T13:55:27.670+0000][5223.615s][info][gc          ] GC(1081) Pause Cleanup 6821M->6821M(12288M) 0.654ms
[2024-08-15T13:55:27.670+0000][5223.615s][info][gc,cpu      ] GC(1081) User=0.00s Sys=0.00s Real=0.00s
[2024-08-15T13:55:27.670+0000][5223.615s][info][gc,marking  ] GC(1081) Concurrent Cleanup for Next Mark
[2024-08-15T13:55:27.687+0000][5223.632s][info][gc,marking  ] GC(1081) Concurrent Cleanup for Next Mark 17.119ms
[2024-08-15T13:55:27.687+0000][5223.632s][info][gc          ] GC(1081) Concurrent Mark Cycle 4596.790ms
[2024-08-15T13:55:28.835+0000][5224.780s][info][gc,start    ] GC(1083) Pause Young (Prepare Mixed) (G1 Evacuation Pause)
[2024-08-15T13:55:28.835+0000][5224.780s][info][gc,task     ] GC(1083) Using 6 workers of 6 for evacuation
[2024-08-15T13:55:28.924+0000][5224.868s][info][gc,phases   ] GC(1083)   Pre Evacuate Collection Set: 0.2ms
[2024-08-15T13:55:28.924+0000][5224.868s][info][gc,phases   ] GC(1083)   Merge Heap Roots: 0.2ms
[2024-08-15T13:55:28.924+0000][5224.868s][info][gc,phases   ] GC(1083)   Evacuate Collection Set: 72.2ms
[2024-08-15T13:55:28.924+0000][5224.868s][info][gc,phases   ] GC(1083)   Post Evacuate Collection Set: 15.8ms
[2024-08-15T13:55:28.924+0000][5224.868s][info][gc,phases   ] GC(1083)   Other: 0.2ms
[2024-08-15T13:55:28.924+0000][5224.868s][info][gc,heap     ] GC(1083) Eden regions: 767->0(54)
[2024-08-15T13:55:28.924+0000][5224.868s][info][gc,heap     ] GC(1083) Survivor regions: 17->22(98)
[2024-08-15T13:55:28.924+0000][5224.868s][info][gc,heap     ] GC(1083) Old regions: 420->420
[2024-08-15T13:55:28.924+0000][5224.868s][info][gc,heap     ] GC(1083) Archive regions: 2->2
[2024-08-15T13:55:28.924+0000][5224.868s][info][gc,heap     ] GC(1083) Humongous regions: 5->5
[2024-08-15T13:55:28.924+0000][5224.868s][info][gc,metaspace] GC(1083) Metaspace: 440980K(447360K)->440980K(447360K) NonClass: 385984K(389632K)->385984K(389632K) Class: 54995K(57728K)->54995K(57728K)
[2024-08-15T13:55:28.924+0000][5224.868s][info][gc          ] GC(1083) Pause Young (Prepare Mixed) (G1 Evacuation Pause) 9669M->3569M(12288M) 88.682ms
[2024-08-15T13:55:28.924+0000][5224.868s][info][gc,cpu      ] GC(1083) User=0.51s Sys=0.00s Real=0.10s
[2024-08-15T13:55:29.143+0000][5225.087s][info][gc,start    ] GC(1084) Pause Young (Mixed) (G1 Evacuation Pause)
[2024-08-15T13:55:29.143+0000][5225.087s][info][gc,task     ] GC(1084) Using 6 workers of 6 for evacuation
[2024-08-15T13:55:29.253+0000][5225.198s][info][gc,phases   ] GC(1084)   Pre Evacuate Collection Set: 0.2ms
[2024-08-15T13:55:29.253+0000][5225.198s][info][gc,phases   ] GC(1084)   Merge Heap Roots: 0.4ms
[2024-08-15T13:55:29.253+0000][5225.198s][info][gc,phases   ] GC(1084)   Evacuate Collection Set: 107.2ms
[2024-08-15T13:55:29.253+0000][5225.198s][info][gc,phases   ] GC(1084)   Post Evacuate Collection Set: 2.5ms
[2024-08-15T13:55:29.253+0000][5225.198s][info][gc,phases   ] GC(1084)   Other: 0.2ms
[2024-08-15T13:55:29.253+0000][5225.198s][info][gc,heap     ] GC(1084) Eden regions: 54->0(771)
[2024-08-15T13:55:29.253+0000][5225.198s][info][gc,heap     ] GC(1084) Survivor regions: 22->3(10)
[2024-08-15T13:55:29.253+0000][5225.198s][info][gc,heap     ] GC(1084) Old regions: 420->430
[2024-08-15T13:55:29.253+0000][5225.198s][info][gc,heap     ] GC(1084) Archive regions: 2->2
[2024-08-15T13:55:29.253+0000][5225.198s][info][gc,heap     ] GC(1084) Humongous regions: 5->5
[2024-08-15T13:55:29.253+0000][5225.198s][info][gc,metaspace] GC(1084) Metaspace: 440980K(447360K)->440980K(447360K) NonClass: 385984K(389632K)->385984K(389632K) Class: 54995K(57728K)->54995K(57728K)
[2024-08-15T13:55:29.253+0000][5225.198s][info][gc          ] GC(1084) Pause Young (Mixed) (G1 Evacuation Pause) 4001M->3508M(12288M) 110.486ms
[2024-08-15T13:55:29.253+0000][5225.198s][info][gc,cpu      ] GC(1084) User=0.66s Sys=0.00s Real=0.11s
[2024-08-15T13:55:31.591+0000][5227.535s][info][gc,start    ] GC(1085) Pause Young (Normal) (G1 Evacuation Pause)
[2024-08-15T13:55:31.591+0000][5227.536s][info][gc,task     ] GC(1085) Using 6 workers of 6 for evacuation
[2024-08-15T13:55:31.674+0000][5227.618s][info][gc,phases   ] GC(1085)   Pre Evacuate Collection Set: 0.2ms
[2024-08-15T13:55:31.674+0000][5227.618s][info][gc,phases   ] GC(1085)   Merge Heap Roots: 0.4ms
[2024-08-15T13:55:31.674+0000][5227.618s][info][gc,phases   ] GC(1085)   Evacuate Collection Set: 63.5ms
[2024-08-15T13:55:31.674+0000][5227.618s][info][gc,phases   ] GC(1085)   Post Evacuate Collection Set: 18.6ms
[2024-08-15T13:55:31.674+0000][5227.618s][info][gc,phases   ] GC(1085)   Other: 0.2ms
[2024-08-15T13:55:31.674+0000][5227.618s][info][gc,heap     ] GC(1085) Eden regions: 771->0(766)
[2024-08-15T13:55:31.674+0000][5227.618s][info][gc,heap     ] GC(1085) Survivor regions: 3->7(97)
[2024-08-15T13:55:31.674+0000][5227.618s][info][gc,heap     ] GC(1085) Old regions: 430->430
[2024-08-15T13:55:31.674+0000][5227.618s][info][gc,heap     ] GC(1085) Archive regions: 2->2
[2024-08-15T13:55:31.674+0000][5227.618s][info][gc,heap     ] GC(1085) Humongous regions: 5->5
[2024-08-15T13:55:31.674+0000][5227.619s][info][gc,metaspace] GC(1085) Metaspace: 440980K(447360K)->440980K(447360K) NonClass: 385984K(389632K)->385984K(389632K) Class: 54995K(57728K)->54995K(57728K)
[2024-08-15T13:55:31.674+0000][5227.619s][info][gc          ] GC(1085) Pause Young (Normal) (G1 Evacuation Pause) 9676M->3537M(12288M) 83.060ms
[2024-08-15T13:55:31.674+0000][5227.619s][info][gc,cpu      ] GC(1085) User=0.48s Sys=0.01s Real=0.08s
[2024-08-15T13:55:33.846+0000][5229.791s][info][gc,start    ] GC(1086) Pause Young (Normal) (G1 Evacuation Pause)
[2024-08-15T13:55:33.846+0000][5229.791s][info][gc,task     ] GC(1086) Using 6 workers of 6 for evacuation
[2024-08-15T13:55:33.946+0000][5229.890s][info][gc,phases   ] GC(1086)   Pre Evacuate Collection Set: 0.2ms
[2024-08-15T13:55:33.946+0000][5229.890s][info][gc,phases   ] GC(1086)   Merge Heap Roots: 0.4ms
[2024-08-15T13:55:33.946+0000][5229.890s][info][gc,phases   ] GC(1086)   Evacuate Collection Set: 76.7ms
[2024-08-15T13:55:33.946+0000][5229.890s][info][gc,phases   ] GC(1086)   Post Evacuate Collection Set: 21.8ms
[2024-08-15T13:55:33.946+0000][5229.890s][info][gc,phases   ] GC(1086)   Other: 0.2ms
[2024-08-15T13:55:33.946+0000][5229.890s][info][gc,heap     ] GC(1086) Eden regions: 766->0(760)
[2024-08-15T13:55:33.946+0000][5229.890s][info][gc,heap     ] GC(1086) Survivor regions: 7->13(97)
[2024-08-15T13:55:33.946+0000][5229.890s][info][gc,heap     ] GC(1086) Old regions: 430->430
[2024-08-15T13:55:33.946+0000][5229.890s][info][gc,heap     ] GC(1086) Archive regions: 2->2
[2024-08-15T13:55:33.946+0000][5229.890s][info][gc,heap     ] GC(1086) Humongous regions: 5->5
[2024-08-15T13:55:33.946+0000][5229.890s][info][gc,metaspace] GC(1086) Metaspace: 440980K(447360K)->440980K(447360K) NonClass: 385984K(389632K)->385984K(389632K) Class: 54995K(57728K)->54995K(57728K)
[2024-08-15T13:55:33.946+0000][5229.890s][info][gc          ] GC(1086) Pause Young (Normal) (G1 Evacuation Pause) 9665M->3583M(12288M) 99.289ms
[2024-08-15T13:55:33.946+0000][5229.890s][info][gc,cpu      ] GC(1086) User=0.57s Sys=0.00s Real=0.10s
[2024-08-15T13:55:36.270+0000][5232.215s][info][gc,start    ] GC(1087) Pause Young (Concurrent Start) (G1 Evacuation Pause)
[2024-08-15T13:55:36.270+0000][5232.215s][info][gc,task     ] GC(1087) Using 6 workers of 6 for evacuation
[2024-08-15T13:55:36.386+0000][5232.331s][info][gc,phases   ] GC(1087)   Pre Evacuate Collection Set: 0.6ms
[2024-08-15T13:55:36.386+0000][5232.331s][info][gc,phases   ] GC(1087)   Merge Heap Roots: 0.4ms
[2024-08-15T13:55:36.386+0000][5232.331s][info][gc,phases   ] GC(1087)   Evacuate Collection Set: 93.0ms
[2024-08-15T13:55:36.386+0000][5232.331s][info][gc,phases   ] GC(1087)   Post Evacuate Collection Set: 21.6ms
[2024-08-15T13:55:36.386+0000][5232.331s][info][gc,phases   ] GC(1087)   Other: 0.3ms
[2024-08-15T13:55:36.386+0000][5232.331s][info][gc,heap     ] GC(1087) Eden regions: 760->0(756)
[2024-08-15T13:55:36.386+0000][5232.331s][info][gc,heap     ] GC(1087) Survivor regions: 13->17(97)
[2024-08-15T13:55:36.386+0000][5232.331s][info][gc,heap     ] GC(1087) Old regions: 430->430
[2024-08-15T13:55:36.386+0000][5232.331s][info][gc,heap     ] GC(1087) Archive regions: 2->2
[2024-08-15T13:55:36.386+0000][5232.331s][info][gc,heap     ] GC(1087) Humongous regions: 5->5
[2024-08-15T13:55:36.386+0000][5232.331s][info][gc,metaspace] GC(1087) Metaspace: 440980K(447360K)->440980K(447360K) NonClass: 385984K(389632K)->385984K(389632K) Class: 54995K(57728K)->54995K(57728K)
[2024-08-15T13:55:36.386+0000][5232.331s][info][gc          ] GC(1087) Pause Young (Concurrent Start) (G1 Evacuation Pause) 9663M->3620M(12288M) 115.958ms
[2024-08-15T13:55:36.386+0000][5232.331s][info][gc,cpu      ] GC(1087) User=0.67s Sys=0.00s Real=0.12s
[2024-08-15T13:55:36.386+0000][5232.331s][info][gc          ] GC(1088) Concurrent Mark Cycle
[2024-08-15T13:55:36.386+0000][5232.331s][info][gc,marking  ] GC(1088) Concurrent Clear Claimed Marks
[2024-08-15T13:55:36.387+0000][5232.332s][info][gc,marking  ] GC(1088) Concurrent Clear Claimed Marks 0.447ms
[2024-08-15T13:55:36.387+0000][5232.332s][info][gc,marking  ] GC(1088) Concurrent Scan Root Regions
[2024-08-15T13:55:36.437+0000][5232.382s][info][gc,marking  ] GC(1088) Concurrent Scan Root Regions 50.214ms
[2024-08-15T13:55:36.437+0000][5232.382s][info][gc,marking  ] GC(1088) Concurrent Mark
[2024-08-15T13:55:36.437+0000][5232.382s][info][gc,marking  ] GC(1088) Concurrent Mark From Roots
[2024-08-15T13:55:36.437+0000][5232.382s][info][gc,task     ] GC(1088) Using 2 workers of 2 for marking
[2024-08-15T13:55:39.180+0000][5235.124s][info][gc,marking  ] GC(1088) Concurrent Mark From Roots 2742.332ms
[2024-08-15T13:55:39.180+0000][5235.124s][info][gc,marking  ] GC(1088) Concurrent Preclean
[2024-08-15T13:55:39.181+0000][5235.126s][info][gc,marking  ] GC(1088) Concurrent Preclean 1.515ms
[2024-08-15T13:55:39.181+0000][5235.126s][info][gc,start    ] GC(1088) Pause Remark
[2024-08-15T13:55:39.204+0000][5235.149s][info][gc          ] GC(1088) Pause Remark 8800M->8800M(12288M) 23.113ms
[2024-08-15T13:55:39.204+0000][5235.149s][info][gc,cpu      ] GC(1088) User=0.10s Sys=0.00s Real=0.03s
[2024-08-15T13:55:39.205+0000][5235.149s][info][gc,marking  ] GC(1088) Concurrent Mark 2767.330ms
[2024-08-15T13:55:39.205+0000][5235.149s][info][gc,marking  ] GC(1088) Concurrent Rebuild Remembered Sets
[2024-08-15T13:55:39.668+0000][5235.613s][info][gc,start    ] GC(1089) Pause Young (Normal) (G1 Evacuation Pause)
[2024-08-15T13:55:39.668+0000][5235.613s][info][gc,task     ] GC(1089) Using 6 workers of 6 for evacuation
[2024-08-15T13:55:39.778+0000][5235.723s][info][gc,phases   ] GC(1089)   Pre Evacuate Collection Set: 0.2ms
[2024-08-15T13:55:39.778+0000][5235.723s][info][gc,phases   ] GC(1089)   Merge Heap Roots: 0.7ms
[2024-08-15T13:55:39.778+0000][5235.723s][info][gc,phases   ] GC(1089)   Evacuate Collection Set: 93.4ms
[2024-08-15T13:55:39.778+0000][5235.723s][info][gc,phases   ] GC(1089)   Post Evacuate Collection Set: 15.6ms
[2024-08-15T13:55:39.778+0000][5235.723s][info][gc,phases   ] GC(1089)   Other: 0.2ms
[2024-08-15T13:55:39.778+0000][5235.723s][info][gc,heap     ] GC(1089) Eden regions: 756->0(747)
[2024-08-15T13:55:39.778+0000][5235.723s][info][gc,heap     ] GC(1089) Survivor regions: 17->22(97)
[2024-08-15T13:55:39.778+0000][5235.723s][info][gc,heap     ] GC(1089) Old regions: 430->430
[2024-08-15T13:55:39.778+0000][5235.723s][info][gc,heap     ] GC(1089) Archive regions: 2->2
[2024-08-15T13:55:39.778+0000][5235.723s][info][gc,heap     ] GC(1089) Humongous regions: 5->5
[2024-08-15T13:55:39.778+0000][5235.723s][info][gc,metaspace] GC(1089) Metaspace: 440981K(447360K)->440981K(447360K) NonClass: 385985K(389632K)->385985K(389632K) Class: 54995K(57728K)->54995K(57728K)
[2024-08-15T13:55:39.778+0000][5235.723s][info][gc          ] GC(1089) Pause Young (Normal) (G1 Evacuation Pause) 9668M->3660M(12288M) 110.222ms
[2024-08-15T13:55:39.778+0000][5235.723s][info][gc,cpu      ] GC(1089) User=0.65s Sys=0.00s Real=0.11s
[2024-08-15T13:55:40.784+0000][5236.729s][info][gc,marking  ] GC(1088) Concurrent Rebuild Remembered Sets 1579.668ms
[2024-08-15T13:55:40.784+0000][5236.729s][info][gc,start    ] GC(1088) Pause Cleanup
[2024-08-15T13:55:40.785+0000][5236.730s][info][gc          ] GC(1088) Pause Cleanup 5688M->5688M(12288M) 0.624ms
[2024-08-15T13:55:40.785+0000][5236.730s][info][gc,cpu      ] GC(1088) User=0.00s Sys=0.00s Real=0.00s
[2024-08-15T13:55:40.785+0000][5236.730s][info][gc,marking  ] GC(1088) Concurrent Cleanup for Next Mark
[2024-08-15T13:55:40.802+0000][5236.746s][info][gc,marking  ] GC(1088) Concurrent Cleanup for Next Mark 16.685ms
[2024-08-15T13:55:40.802+0000][5236.746s][info][gc          ] GC(1088) Concurrent Mark Cycle 4415.402ms
[2024-08-15T13:55:42.405+0000][5238.349s][info][gc,start    ] GC(1090) Pause Young (Prepare Mixed) (G1 Evacuation Pause)
[2024-08-15T13:55:42.405+0000][5238.349s][info][gc,task     ] GC(1090) Using 6 workers of 6 for evacuation
[2024-08-15T13:55:42.536+0000][5238.481s][info][gc,phases   ] GC(1090)   Pre Evacuate Collection Set: 0.2ms
[2024-08-15T13:55:42.536+0000][5238.481s][info][gc,phases   ] GC(1090)   Merge Heap Roots: 0.7ms
[2024-08-15T13:55:42.536+0000][5238.481s][info][gc,phases   ] GC(1090)   Evacuate Collection Set: 112.9ms
[2024-08-15T13:55:42.536+0000][5238.481s][info][gc,phases   ] GC(1090)   Post Evacuate Collection Set: 17.6ms
[2024-08-15T13:55:42.536+0000][5238.481s][info][gc,phases   ] GC(1090)   Other: 0.2ms
[2024-08-15T13:55:42.536+0000][5238.481s][info][gc,heap     ] GC(1090) Eden regions: 747->0(50)
[2024-08-15T13:55:42.536+0000][5238.481s][info][gc,heap     ] GC(1090) Survivor regions: 22->26(97)
[2024-08-15T13:55:42.536+0000][5238.481s][info][gc,heap     ] GC(1090) Old regions: 430->430
[2024-08-15T13:55:42.536+0000][5238.481s][info][gc,heap     ] GC(1090) Archive regions: 2->2
[2024-08-15T13:55:42.536+0000][5238.481s][info][gc,heap     ] GC(1090) Humongous regions: 5->5
[2024-08-15T13:55:42.536+0000][5238.481s][info][gc,metaspace] GC(1090) Metaspace: 440981K(447360K)->440981K(447360K) NonClass: 385985K(389632K)->385985K(389632K) Class: 54995K(57728K)->54995K(57728K)
[2024-08-15T13:55:42.536+0000][5238.481s][info][gc          ] GC(1090) Pause Young (Prepare Mixed) (G1 Evacuation Pause) 9636M->3688M(12288M) 131.707ms
[2024-08-15T13:55:42.536+0000][5238.481s][info][gc,cpu      ] GC(1090) User=0.77s Sys=0.00s Real=0.13s
[2024-08-15T13:55:42.726+0000][5238.671s][info][gc,start    ] GC(1091) Pause Young (Mixed) (G1 Evacuation Pause)
[2024-08-15T13:55:42.726+0000][5238.671s][info][gc,task     ] GC(1091) Using 6 workers of 6 for evacuation
[2024-08-15T13:55:42.846+0000][5238.791s][info][gc,phases   ] GC(1091)   Pre Evacuate Collection Set: 0.2ms
[2024-08-15T13:55:42.846+0000][5238.791s][info][gc,phases   ] GC(1091)   Merge Heap Roots: 0.4ms
[2024-08-15T13:55:42.846+0000][5238.791s][info][gc,phases   ] GC(1091)   Evacuate Collection Set: 116.8ms
[2024-08-15T13:55:42.846+0000][5238.791s][info][gc,phases   ] GC(1091)   Post Evacuate Collection Set: 2.5ms
[2024-08-15T13:55:42.846+0000][5238.791s][info][gc,phases   ] GC(1091)   Other: 0.2ms
[2024-08-15T13:55:42.846+0000][5238.791s][info][gc,heap     ] GC(1091) Eden regions: 50->0(763)
[2024-08-15T13:55:42.846+0000][5238.791s][info][gc,heap     ] GC(1091) Survivor regions: 26->3(10)
[2024-08-15T13:55:42.846+0000][5238.791s][info][gc,heap     ] GC(1091) Old regions: 430->438
[2024-08-15T13:55:42.846+0000][5238.791s][info][gc,heap     ] GC(1091) Archive regions: 2->2
[2024-08-15T13:55:42.846+0000][5238.791s][info][gc,heap     ] GC(1091) Humongous regions: 5->5
[2024-08-15T13:55:42.846+0000][5238.791s][info][gc,metaspace] GC(1091) Metaspace: 440981K(447360K)->440981K(447360K) NonClass: 385985K(389632K)->385985K(389632K) Class: 54995K(57728K)->54995K(57728K)
[2024-08-15T13:55:42.846+0000][5238.791s][info][gc          ] GC(1091) Pause Young (Mixed) (G1 Evacuation Pause) 4088M->3571M(12288M) 120.122ms
[2024-08-15T13:55:42.847+0000][5238.791s][info][gc,cpu      ] GC(1091) User=0.71s Sys=0.00s Real=0.12s
[2024-08-15T13:55:45.209+0000][5241.154s][info][gc,start    ] GC(1092) Pause Young (Normal) (G1 Evacuation Pause)
[2024-08-15T13:55:45.209+0000][5241.154s][info][gc,task     ] GC(1092) Using 6 workers of 6 for evacuation
[2024-08-15T13:55:45.271+0000][5241.216s][info][gc,phases   ] GC(1092)   Pre Evacuate Collection Set: 0.2ms
[2024-08-15T13:55:45.271+0000][5241.216s][info][gc,phases   ] GC(1092)   Merge Heap Roots: 0.3ms
[2024-08-15T13:55:45.271+0000][5241.216s][info][gc,phases   ] GC(1092)   Evacuate Collection Set: 45.1ms
[2024-08-15T13:55:45.271+0000][5241.216s][info][gc,phases   ] GC(1092)   Post Evacuate Collection Set: 16.2ms
[2024-08-15T13:55:45.271+0000][5241.216s][info][gc,phases   ] GC(1092)   Other: 0.2ms
[2024-08-15T13:55:45.271+0000][5241.216s][info][gc,heap     ] GC(1092) Eden regions: 763->0(761)
[2024-08-15T13:55:45.271+0000][5241.216s][info][gc,heap     ] GC(1092) Survivor regions: 3->6(96)
[2024-08-15T13:55:45.271+0000][5241.216s][info][gc,heap     ] GC(1092) Old regions: 438->438
[2024-08-15T13:55:45.271+0000][5241.216s][info][gc,heap     ] GC(1092) Archive regions: 2->2
[2024-08-15T13:55:45.271+0000][5241.216s][info][gc,heap     ] GC(1092) Humongous regions: 5->5
[2024-08-15T13:55:45.271+0000][5241.216s][info][gc,metaspace] GC(1092) Metaspace: 440981K(447360K)->440981K(447360K) NonClass: 385985K(389632K)->385985K(389632K) Class: 54995K(57728K)->54995K(57728K)
[2024-08-15T13:55:45.271+0000][5241.216s][info][gc          ] GC(1092) Pause Young (Normal) (G1 Evacuation Pause) 9675M->3594M(12288M) 62.130ms
[2024-08-15T13:55:45.271+0000][5241.216s][info][gc,cpu      ] GC(1092) User=0.36s Sys=0.00s Real=0.06s
[2024-08-15T13:55:47.693+0000][5243.638s][info][gc,start    ] GC(1093) Pause Young (Normal) (G1 Evacuation Pause)
[2024-08-15T13:55:47.693+0000][5243.638s][info][gc,task     ] GC(1093) Using 6 workers of 6 for evacuation
[2024-08-15T13:55:47.768+0000][5243.712s][info][gc,phases   ] GC(1093)   Pre Evacuate Collection Set: 0.2ms
[2024-08-15T13:55:47.768+0000][5243.712s][info][gc,phases   ] GC(1093)   Merge Heap Roots: 0.3ms
[2024-08-15T13:55:47.768+0000][5243.712s][info][gc,phases   ] GC(1093)   Evacuate Collection Set: 57.6ms
[2024-08-15T13:55:47.768+0000][5243.712s][info][gc,phases   ] GC(1093)   Post Evacuate Collection Set: 16.0ms
[2024-08-15T13:55:47.768+0000][5243.712s][info][gc,phases   ] GC(1093)   Other: 0.2ms
[2024-08-15T13:55:47.768+0000][5243.712s][info][gc,heap     ] GC(1093) Eden regions: 761->0(757)
[2024-08-15T13:55:47.768+0000][5243.712s][info][gc,heap     ] GC(1093) Survivor regions: 6->10(96)
[2024-08-15T13:55:47.768+0000][5243.712s][info][gc,heap     ] GC(1093) Old regions: 438->438
[2024-08-15T13:55:47.768+0000][5243.712s][info][gc,heap     ] GC(1093) Archive regions: 2->2
[2024-08-15T13:55:47.768+0000][5243.712s][info][gc,heap     ] GC(1093) Humongous regions: 5->5
[2024-08-15T13:55:47.768+0000][5243.712s][info][gc,metaspace] GC(1093) Metaspace: 440981K(447360K)->440981K(447360K) NonClass: 385985K(389632K)->385985K(389632K) Class: 54995K(57728K)->54995K(57728K)
[2024-08-15T13:55:47.768+0000][5243.712s][info][gc          ] GC(1093) Pause Young (Normal) (G1 Evacuation Pause) 9682M->3625M(12288M) 74.339ms
[2024-08-15T13:55:47.768+0000][5243.712s][info][gc,cpu      ] GC(1093) User=0.43s Sys=0.00s Real=0.08s
[2024-08-15T13:55:50.532+0000][5246.477s][info][gc,start    ] GC(1094) Pause Young (Concurrent Start) (G1 Evacuation Pause)
[2024-08-15T13:55:50.532+0000][5246.477s][info][gc,task     ] GC(1094) Using 6 workers of 6 for evacuation
[2024-08-15T13:55:50.616+0000][5246.560s][info][gc,phases   ] GC(1094)   Pre Evacuate Collection Set: 0.6ms
[2024-08-15T13:55:50.616+0000][5246.560s][info][gc,phases   ] GC(1094)   Merge Heap Roots: 0.3ms
[2024-08-15T13:55:50.616+0000][5246.560s][info][gc,phases   ] GC(1094)   Evacuate Collection Set: 65.3ms
[2024-08-15T13:55:50.616+0000][5246.560s][info][gc,phases   ] GC(1094)   Post Evacuate Collection Set: 16.9ms
[2024-08-15T13:55:50.616+0000][5246.560s][info][gc,phases   ] GC(1094)   Other: 0.3ms
[2024-08-15T13:55:50.616+0000][5246.560s][info][gc,heap     ] GC(1094) Eden regions: 757->0(755)
[2024-08-15T13:55:50.616+0000][5246.560s][info][gc,heap     ] GC(1094) Survivor regions: 10->13(96)
[2024-08-15T13:55:50.616+0000][5246.560s][info][gc,heap     ] GC(1094) Old regions: 438->438
[2024-08-15T13:55:50.616+0000][5246.560s][info][gc,heap     ] GC(1094) Archive regions: 2->2
[2024-08-15T13:55:50.616+0000][5246.560s][info][gc,heap     ] GC(1094) Humongous regions: 5->5
[2024-08-15T13:55:50.616+0000][5246.560s][info][gc,metaspace] GC(1094) Metaspace: 440984K(447360K)->440984K(447360K) NonClass: 385989K(389632K)->385989K(389632K) Class: 54995K(57728K)->54995K(57728K)
[2024-08-15T13:55:50.616+0000][5246.560s][info][gc          ] GC(1094) Pause Young (Concurrent Start) (G1 Evacuation Pause) 9681M->3647M(12288M) 83.412ms
[2024-08-15T13:55:50.616+0000][5246.561s][info][gc,cpu      ] GC(1094) User=0.48s Sys=0.00s Real=0.09s
[2024-08-15T13:55:50.616+0000][5246.561s][info][gc          ] GC(1095) Concurrent Mark Cycle
[2024-08-15T13:55:50.616+0000][5246.561s][info][gc,marking  ] GC(1095) Concurrent Clear Claimed Marks
[2024-08-15T13:55:50.616+0000][5246.561s][info][gc,marking  ] GC(1095) Concurrent Clear Claimed Marks 0.448ms
[2024-08-15T13:55:50.616+0000][5246.561s][info][gc,marking  ] GC(1095) Concurrent Scan Root Regions
[2024-08-15T13:55:50.660+0000][5246.604s][info][gc,marking  ] GC(1095) Concurrent Scan Root Regions 43.281ms
[2024-08-15T13:55:50.660+0000][5246.604s][info][gc,marking  ] GC(1095) Concurrent Mark
[2024-08-15T13:55:50.660+0000][5246.604s][info][gc,marking  ] GC(1095) Concurrent Mark From Roots
[2024-08-15T13:55:50.660+0000][5246.604s][info][gc,task     ] GC(1095) Using 2 workers of 2 for marking
[2024-08-15T13:55:53.422+0000][5249.367s][info][gc,marking  ] GC(1095) Concurrent Mark From Roots 2762.425ms
[2024-08-15T13:55:53.422+0000][5249.367s][info][gc,marking  ] GC(1095) Concurrent Preclean
[2024-08-15T13:55:53.424+0000][5249.368s][info][gc,marking  ] GC(1095) Concurrent Preclean 1.524ms
[2024-08-15T13:55:53.424+0000][5249.369s][info][gc,start    ] GC(1095) Pause Remark
[2024-08-15T13:55:53.447+0000][5249.392s][info][gc          ] GC(1095) Pause Remark 5935M->5935M(12288M) 23.413ms
[2024-08-15T13:55:53.448+0000][5249.392s][info][gc,cpu      ] GC(1095) User=0.10s Sys=0.00s Real=0.02s
[2024-08-15T13:55:53.448+0000][5249.392s][info][gc,marking  ] GC(1095) Concurrent Mark 2787.857ms
[2024-08-15T13:55:53.448+0000][5249.392s][info][gc,marking  ] GC(1095) Concurrent Rebuild Remembered Sets
[2024-08-15T13:55:55.063+0000][5251.008s][info][gc,marking  ] GC(1095) Concurrent Rebuild Remembered Sets 1615.215ms
[2024-08-15T13:55:55.063+0000][5251.008s][info][gc,start    ] GC(1095) Pause Cleanup
[2024-08-15T13:55:55.064+0000][5251.008s][info][gc          ] GC(1095) Pause Cleanup 7891M->7891M(12288M) 0.659ms
[2024-08-15T13:55:55.064+0000][5251.008s][info][gc,cpu      ] GC(1095) User=0.00s Sys=0.00s Real=0.00s
[2024-08-15T13:55:55.064+0000][5251.009s][info][gc,marking  ] GC(1095) Concurrent Cleanup for Next Mark
[2024-08-15T13:55:55.081+0000][5251.026s][info][gc,marking  ] GC(1095) Concurrent Cleanup for Next Mark 17.464ms
[2024-08-15T13:55:55.081+0000][5251.026s][info][gc          ] GC(1095) Concurrent Mark Cycle 4465.518ms
[2024-08-15T13:55:56.447+0000][5252.391s][info][gc,start    ] GC(1096) Pause Young (Prepare Mixed) (G1 Evacuation Pause)
[2024-08-15T13:55:56.447+0000][5252.391s][info][gc,task     ] GC(1096) Using 6 workers of 6 for evacuation
[2024-08-15T13:55:56.496+0000][5252.440s][info][gc,phases   ] GC(1096)   Pre Evacuate Collection Set: 0.2ms
[2024-08-15T13:55:56.496+0000][5252.440s][info][gc,phases   ] GC(1096)   Merge Heap Roots: 0.4ms
[2024-08-15T13:55:56.496+0000][5252.440s][info][gc,phases   ] GC(1096)   Evacuate Collection Set: 46.7ms
[2024-08-15T13:55:56.496+0000][5252.440s][info][gc,phases   ] GC(1096)   Post Evacuate Collection Set: 1.7ms
[2024-08-15T13:55:56.496+0000][5252.440s][info][gc,phases   ] GC(1096)   Other: 0.2ms
[2024-08-15T13:55:56.496+0000][5252.440s][info][gc,heap     ] GC(1096) Eden regions: 755->0(61)
[2024-08-15T13:55:56.496+0000][5252.440s][info][gc,heap     ] GC(1096) Survivor regions: 13->15(96)
[2024-08-15T13:55:56.496+0000][5252.440s][info][gc,heap     ] GC(1096) Old regions: 438->438
[2024-08-15T13:55:56.496+0000][5252.440s][info][gc,heap     ] GC(1096) Archive regions: 2->2
[2024-08-15T13:55:56.496+0000][5252.440s][info][gc,heap     ] GC(1096) Humongous regions: 5->5
[2024-08-15T13:55:56.496+0000][5252.440s][info][gc,metaspace] GC(1096) Metaspace: 440984K(447360K)->440984K(447360K) NonClass: 385989K(389632K)->385989K(389632K) Class: 54995K(57728K)->54995K(57728K)
[2024-08-15T13:55:56.496+0000][5252.440s][info][gc          ] GC(1096) Pause Young (Prepare Mixed) (G1 Evacuation Pause) 9687M->3667M(12288M) 49.235ms
[2024-08-15T13:55:56.496+0000][5252.441s][info][gc,cpu      ] GC(1096) User=0.29s Sys=0.00s Real=0.05s
[2024-08-15T13:55:56.871+0000][5252.816s][info][gc,start    ] GC(1097) Pause Young (Mixed) (G1 Evacuation Pause)
[2024-08-15T13:55:56.871+0000][5252.816s][info][gc,task     ] GC(1097) Using 6 workers of 6 for evacuation
[2024-08-15T13:55:56.949+0000][5252.894s][info][gc,phases   ] GC(1097)   Pre Evacuate Collection Set: 0.2ms
[2024-08-15T13:55:56.949+0000][5252.894s][info][gc,phases   ] GC(1097)   Merge Heap Roots: 0.4ms
[2024-08-15T13:55:56.949+0000][5252.894s][info][gc,phases   ] GC(1097)   Evacuate Collection Set: 76.1ms
[2024-08-15T13:55:56.949+0000][5252.894s][info][gc,phases   ] GC(1097)   Post Evacuate Collection Set: 1.3ms
[2024-08-15T13:55:56.949+0000][5252.894s][info][gc,phases   ] GC(1097)   Other: 0.2ms
[2024-08-15T13:55:56.949+0000][5252.894s][info][gc,heap     ] GC(1097) Eden regions: 61->0(768)
[2024-08-15T13:55:56.949+0000][5252.894s][info][gc,heap     ] GC(1097) Survivor regions: 15->4(10)
[2024-08-15T13:55:56.949+0000][5252.894s][info][gc,heap     ] GC(1097) Old regions: 438->435
[2024-08-15T13:55:56.949+0000][5252.894s][info][gc,heap     ] GC(1097) Archive regions: 2->2
[2024-08-15T13:55:56.949+0000][5252.894s][info][gc,heap     ] GC(1097) Humongous regions: 5->5
[2024-08-15T13:55:56.949+0000][5252.894s][info][gc,metaspace] GC(1097) Metaspace: 440984K(447360K)->440984K(447360K) NonClass: 385989K(389632K)->385989K(389632K) Class: 54995K(57728K)->54995K(57728K)
[2024-08-15T13:55:56.949+0000][5252.894s][info][gc          ] GC(1097) Pause Young (Mixed) (G1 Evacuation Pause) 4155M->3552M(12288M) 78.213ms
[2024-08-15T13:55:56.949+0000][5252.894s][info][gc,cpu      ] GC(1097) User=0.46s Sys=0.00s Real=0.08s
[2024-08-15T13:56:01.176+0000][5257.120s][info][gc,start    ] GC(1098) Pause Young (Normal) (G1 Evacuation Pause)
[2024-08-15T13:56:01.176+0000][5257.120s][info][gc,task     ] GC(1098) Using 6 workers of 6 for evacuation
[2024-08-15T13:56:01.191+0000][5257.135s][info][gc,phases   ] GC(1098)   Pre Evacuate Collection Set: 0.2ms
[2024-08-15T13:56:01.191+0000][5257.135s][info][gc,phases   ] GC(1098)   Merge Heap Roots: 0.2ms
[2024-08-15T13:56:01.191+0000][5257.135s][info][gc,phases   ] GC(1098)   Evacuate Collection Set: 12.8ms
[2024-08-15T13:56:01.191+0000][5257.135s][info][gc,phases   ] GC(1098)   Post Evacuate Collection Set: 1.7ms
[2024-08-15T13:56:01.191+0000][5257.135s][info][gc,phases   ] GC(1098)   Other: 0.2ms
[2024-08-15T13:56:01.191+0000][5257.135s][info][gc,heap     ] GC(1098) Eden regions: 768->0(768)
[2024-08-15T13:56:01.191+0000][5257.135s][info][gc,heap     ] GC(1098) Survivor regions: 4->5(97)
[2024-08-15T13:56:01.191+0000][5257.135s][info][gc,heap     ] GC(1098) Old regions: 435->435
[2024-08-15T13:56:01.191+0000][5257.135s][info][gc,heap     ] GC(1098) Archive regions: 2->2
[2024-08-15T13:56:01.191+0000][5257.135s][info][gc,heap     ] GC(1098) Humongous regions: 5->5
[2024-08-15T13:56:01.191+0000][5257.135s][info][gc,metaspace] GC(1098) Metaspace: 440984K(447360K)->440984K(447360K) NonClass: 385989K(389632K)->385989K(389632K) Class: 54995K(57728K)->54995K(57728K)
[2024-08-15T13:56:01.191+0000][5257.135s][info][gc          ] GC(1098) Pause Young (Normal) (G1 Evacuation Pause) 9696M->3557M(12288M) 15.116ms
[2024-08-15T13:56:01.191+0000][5257.135s][info][gc,cpu      ] GC(1098) User=0.08s Sys=0.00s Real=0.01s
[2024-08-15T13:56:08.958+0000][5264.902s][info][gc,start    ] GC(1099) Pause Young (Normal) (G1 Evacuation Pause)
[2024-08-15T13:56:08.958+0000][5264.902s][info][gc,task     ] GC(1099) Using 6 workers of 6 for evacuation
[2024-08-15T13:56:08.980+0000][5264.925s][info][gc,phases   ] GC(1099)   Pre Evacuate Collection Set: 0.2ms
[2024-08-15T13:56:08.980+0000][5264.925s][info][gc,phases   ] GC(1099)   Merge Heap Roots: 0.2ms
[2024-08-15T13:56:08.980+0000][5264.925s][info][gc,phases   ] GC(1099)   Evacuate Collection Set: 20.4ms
[2024-08-15T13:56:08.980+0000][5264.925s][info][gc,phases   ] GC(1099)   Post Evacuate Collection Set: 1.7ms
[2024-08-15T13:56:08.980+0000][5264.925s][info][gc,phases   ] GC(1099)   Other: 0.2ms
[2024-08-15T13:56:08.980+0000][5264.925s][info][gc,heap     ] GC(1099) Eden regions: 768->0(765)
[2024-08-15T13:56:08.980+0000][5264.925s][info][gc,heap     ] GC(1099) Survivor regions: 5->8(97)
[2024-08-15T13:56:08.980+0000][5264.925s][info][gc,heap     ] GC(1099) Old regions: 435->435
[2024-08-15T13:56:08.980+0000][5264.925s][info][gc,heap     ] GC(1099) Archive regions: 2->2
[2024-08-15T13:56:08.980+0000][5264.925s][info][gc,heap     ] GC(1099) Humongous regions: 5->5
[2024-08-15T13:56:08.980+0000][5264.925s][info][gc,metaspace] GC(1099) Metaspace: 440984K(447360K)->440984K(447360K) NonClass: 385989K(389632K)->385989K(389632K) Class: 54995K(57728K)->54995K(57728K)
[2024-08-15T13:56:08.980+0000][5264.925s][info][gc          ] GC(1099) Pause Young (Normal) (G1 Evacuation Pause) 9701M->3580M(12288M) 22.809ms
[2024-08-15T13:56:08.980+0000][5264.925s][info][gc,cpu      ] GC(1099) User=0.13s Sys=0.00s Real=0.02s
[2024-08-15T13:56:17.615+0000][5273.560s][info][gc,start    ] GC(1100) Pause Young (Concurrent Start) (G1 Evacuation Pause)
[2024-08-15T13:56:17.615+0000][5273.560s][info][gc,task     ] GC(1100) Using 6 workers of 6 for evacuation
[2024-08-15T13:56:17.643+0000][5273.588s][info][gc,phases   ] GC(1100)   Pre Evacuate Collection Set: 0.6ms
[2024-08-15T13:56:17.643+0000][5273.588s][info][gc,phases   ] GC(1100)   Merge Heap Roots: 0.2ms
[2024-08-15T13:56:17.643+0000][5273.588s][info][gc,phases   ] GC(1100)   Evacuate Collection Set: 25.3ms
[2024-08-15T13:56:17.643+0000][5273.588s][info][gc,phases   ] GC(1100)   Post Evacuate Collection Set: 1.7ms
[2024-08-15T13:56:17.643+0000][5273.588s][info][gc,phases   ] GC(1100)   Other: 0.3ms
[2024-08-15T13:56:17.643+0000][5273.588s][info][gc,heap     ] GC(1100) Eden regions: 765->0(762)
[2024-08-15T13:56:17.643+0000][5273.588s][info][gc,heap     ] GC(1100) Survivor regions: 8->11(97)
[2024-08-15T13:56:17.643+0000][5273.588s][info][gc,heap     ] GC(1100) Old regions: 435->435
[2024-08-15T13:56:17.643+0000][5273.588s][info][gc,heap     ] GC(1100) Archive regions: 2->2
[2024-08-15T13:56:17.643+0000][5273.588s][info][gc,heap     ] GC(1100) Humongous regions: 5->5
[2024-08-15T13:56:17.643+0000][5273.588s][info][gc,metaspace] GC(1100) Metaspace: 440984K(447360K)->440984K(447360K) NonClass: 385989K(389632K)->385989K(389632K) Class: 54995K(57728K)->54995K(57728K)
[2024-08-15T13:56:17.643+0000][5273.588s][info][gc          ] GC(1100) Pause Young (Concurrent Start) (G1 Evacuation Pause) 9700M->3606M(12288M) 28.210ms
[2024-08-15T13:56:17.643+0000][5273.588s][info][gc,cpu      ] GC(1100) User=0.16s Sys=0.00s Real=0.04s
[2024-08-15T13:56:17.643+0000][5273.588s][info][gc          ] GC(1101) Concurrent Mark Cycle
[2024-08-15T13:56:17.643+0000][5273.588s][info][gc,marking  ] GC(1101) Concurrent Clear Claimed Marks
[2024-08-15T13:56:17.644+0000][5273.588s][info][gc,marking  ] GC(1101) Concurrent Clear Claimed Marks 0.417ms
[2024-08-15T13:56:17.644+0000][5273.588s][info][gc,marking  ] GC(1101) Concurrent Scan Root Regions
[2024-08-15T13:56:17.666+0000][5273.610s][info][gc,marking  ] GC(1101) Concurrent Scan Root Regions 21.894ms
[2024-08-15T13:56:17.666+0000][5273.610s][info][gc,marking  ] GC(1101) Concurrent Mark
[2024-08-15T13:56:17.666+0000][5273.610s][info][gc,marking  ] GC(1101) Concurrent Mark From Roots
[2024-08-15T13:56:17.666+0000][5273.610s][info][gc,task     ] GC(1101) Using 2 workers of 2 for marking
[2024-08-15T13:56:20.445+0000][5276.389s][info][gc,marking  ] GC(1101) Concurrent Mark From Roots 2779.133ms
[2024-08-15T13:56:20.445+0000][5276.389s][info][gc,marking  ] GC(1101) Concurrent Preclean
[2024-08-15T13:56:20.446+0000][5276.391s][info][gc,marking  ] GC(1101) Concurrent Preclean 1.369ms
[2024-08-15T13:56:20.446+0000][5276.391s][info][gc,start    ] GC(1101) Pause Remark
[2024-08-15T13:56:20.469+0000][5276.414s][info][gc          ] GC(1101) Pause Remark 5410M->5410M(12288M) 22.784ms
[2024-08-15T13:56:20.469+0000][5276.414s][info][gc,cpu      ] GC(1101) User=0.09s Sys=0.01s Real=0.02s
[2024-08-15T13:56:20.469+0000][5276.414s][info][gc,marking  ] GC(1101) Concurrent Mark 2803.662ms
[2024-08-15T13:56:20.469+0000][5276.414s][info][gc,marking  ] GC(1101) Concurrent Rebuild Remembered Sets
[2024-08-15T13:56:22.048+0000][5277.992s][info][gc,marking  ] GC(1101) Concurrent Rebuild Remembered Sets 1578.512ms
[2024-08-15T13:56:22.048+0000][5277.993s][info][gc,start    ] GC(1101) Pause Cleanup
[2024-08-15T13:56:22.049+0000][5277.993s][info][gc          ] GC(1101) Pause Cleanup 6384M->6384M(12288M) 0.640ms
[2024-08-15T13:56:22.049+0000][5277.993s][info][gc,cpu      ] GC(1101) User=0.00s Sys=0.00s Real=0.00s
[2024-08-15T13:56:22.049+0000][5277.993s][info][gc,marking  ] GC(1101) Concurrent Cleanup for Next Mark
[2024-08-15T13:56:22.066+0000][5278.011s][info][gc,marking  ] GC(1101) Concurrent Cleanup for Next Mark 17.471ms
[2024-08-15T13:56:22.066+0000][5278.011s][info][gc          ] GC(1101) Concurrent Mark Cycle 4423.017ms
[2024-08-15T13:56:25.333+0000][5281.277s][info][gc,start    ] GC(1102) Pause Young (Prepare Mixed) (G1 Evacuation Pause)
[2024-08-15T13:56:25.333+0000][5281.277s][info][gc,task     ] GC(1102) Using 6 workers of 6 for evacuation
[2024-08-15T13:56:25.363+0000][5281.307s][info][gc,phases   ] GC(1102)   Pre Evacuate Collection Set: 0.2ms
[2024-08-15T13:56:25.363+0000][5281.307s][info][gc,phases   ] GC(1102)   Merge Heap Roots: 0.3ms
[2024-08-15T13:56:25.363+0000][5281.307s][info][gc,phases   ] GC(1102)   Evacuate Collection Set: 27.6ms
[2024-08-15T13:56:25.363+0000][5281.307s][info][gc,phases   ] GC(1102)   Post Evacuate Collection Set: 1.8ms
[2024-08-15T13:56:25.363+0000][5281.307s][info][gc,phases   ] GC(1102)   Other: 0.2ms
[2024-08-15T13:56:25.363+0000][5281.307s][info][gc,heap     ] GC(1102) Eden regions: 762->0(62)
[2024-08-15T13:56:25.363+0000][5281.307s][info][gc,heap     ] GC(1102) Survivor regions: 11->14(97)
[2024-08-15T13:56:25.363+0000][5281.307s][info][gc,heap     ] GC(1102) Old regions: 435->435
[2024-08-15T13:56:25.363+0000][5281.307s][info][gc,heap     ] GC(1102) Archive regions: 2->2
[2024-08-15T13:56:25.363+0000][5281.307s][info][gc,heap     ] GC(1102) Humongous regions: 5->5
[2024-08-15T13:56:25.363+0000][5281.307s][info][gc,metaspace] GC(1102) Metaspace: 440984K(447360K)->440984K(447360K) NonClass: 385989K(389632K)->385989K(389632K) Class: 54995K(57728K)->54995K(57728K)
[2024-08-15T13:56:25.363+0000][5281.307s][info][gc          ] GC(1102) Pause Young (Prepare Mixed) (G1 Evacuation Pause) 9702M->3632M(12288M) 30.112ms
[2024-08-15T13:56:25.363+0000][5281.307s][info][gc,cpu      ] GC(1102) User=0.18s Sys=0.00s Real=0.03s
[2024-08-15T13:56:25.693+0000][5281.638s][info][gc,start    ] GC(1103) Pause Young (Mixed) (G1 Evacuation Pause)
[2024-08-15T13:56:25.693+0000][5281.638s][info][gc,task     ] GC(1103) Using 6 workers of 6 for evacuation
[2024-08-15T13:56:25.773+0000][5281.718s][info][gc,phases   ] GC(1103)   Pre Evacuate Collection Set: 0.2ms
[2024-08-15T13:56:25.773+0000][5281.718s][info][gc,phases   ] GC(1103)   Merge Heap Roots: 0.4ms
[2024-08-15T13:56:25.773+0000][5281.718s][info][gc,phases   ] GC(1103)   Evacuate Collection Set: 77.9ms
[2024-08-15T13:56:25.773+0000][5281.718s][info][gc,phases   ] GC(1103)   Post Evacuate Collection Set: 1.3ms
[2024-08-15T13:56:25.773+0000][5281.718s][info][gc,phases   ] GC(1103)   Other: 0.2ms
[2024-08-15T13:56:25.773+0000][5281.718s][info][gc,heap     ] GC(1103) Eden regions: 62->0(768)
[2024-08-15T13:56:25.773+0000][5281.718s][info][gc,heap     ] GC(1103) Survivor regions: 14->5(10)
[2024-08-15T13:56:25.773+0000][5281.718s][info][gc,heap     ] GC(1103) Old regions: 435->435
[2024-08-15T13:56:25.773+0000][5281.718s][info][gc,heap     ] GC(1103) Archive regions: 2->2
[2024-08-15T13:56:25.773+0000][5281.718s][info][gc,heap     ] GC(1103) Humongous regions: 5->5
[2024-08-15T13:56:25.773+0000][5281.718s][info][gc,metaspace] GC(1103) Metaspace: 440984K(447360K)->440984K(447360K) NonClass: 385989K(389632K)->385989K(389632K) Class: 54995K(57728K)->54995K(57728K)
[2024-08-15T13:56:25.773+0000][5281.718s][info][gc          ] GC(1103) Pause Young (Mixed) (G1 Evacuation Pause) 4128M->3561M(12288M) 80.032ms
[2024-08-15T13:56:25.773+0000][5281.718s][info][gc,cpu      ] GC(1103) User=0.47s Sys=0.00s Real=0.08s
[2024-08-15T13:56:30.016+0000][5285.960s][info][gc,start    ] GC(1104) Pause Young (Normal) (G1 Evacuation Pause)
[2024-08-15T13:56:30.016+0000][5285.960s][info][gc,task     ] GC(1104) Using 6 workers of 6 for evacuation
[2024-08-15T13:56:30.033+0000][5285.978s][info][gc,phases   ] GC(1104)   Pre Evacuate Collection Set: 0.2ms
[2024-08-15T13:56:30.033+0000][5285.978s][info][gc,phases   ] GC(1104)   Merge Heap Roots: 0.3ms
[2024-08-15T13:56:30.033+0000][5285.978s][info][gc,phases   ] GC(1104)   Evacuate Collection Set: 15.3ms
[2024-08-15T13:56:30.033+0000][5285.978s][info][gc,phases   ] GC(1104)   Post Evacuate Collection Set: 1.8ms
[2024-08-15T13:56:30.033+0000][5285.978s][info][gc,phases   ] GC(1104)   Other: 0.2ms
[2024-08-15T13:56:30.033+0000][5285.978s][info][gc,heap     ] GC(1104) Eden regions: 768->0(768)
[2024-08-15T13:56:30.033+0000][5285.978s][info][gc,heap     ] GC(1104) Survivor regions: 5->6(97)
[2024-08-15T13:56:30.033+0000][5285.978s][info][gc,heap     ] GC(1104) Old regions: 435->435
[2024-08-15T13:56:30.033+0000][5285.978s][info][gc,heap     ] GC(1104) Archive regions: 2->2
[2024-08-15T13:56:30.033+0000][5285.978s][info][gc,heap     ] GC(1104) Humongous regions: 5->5
[2024-08-15T13:56:30.033+0000][5285.978s][info][gc,metaspace] GC(1104) Metaspace: 440985K(447360K)->440985K(447360K) NonClass: 385989K(389632K)->385989K(389632K) Class: 54995K(57728K)->54995K(57728K)
[2024-08-15T13:56:30.034+0000][5285.978s][info][gc          ] GC(1104) Pause Young (Normal) (G1 Evacuation Pause) 9705M->3569M(12288M) 17.742ms
[2024-08-15T13:56:30.034+0000][5285.978s][info][gc,cpu      ] GC(1104) User=0.11s Sys=0.00s Real=0.01s
[2024-08-15T13:56:34.688+0000][5290.632s][info][gc,start    ] GC(1105) Pause Young (Normal) (G1 Evacuation Pause)
[2024-08-15T13:56:34.688+0000][5290.633s][info][gc,task     ] GC(1105) Using 6 workers of 6 for evacuation
[2024-08-15T13:56:34.709+0000][5290.653s][info][gc,phases   ] GC(1105)   Pre Evacuate Collection Set: 0.2ms
[2024-08-15T13:56:34.709+0000][5290.654s][info][gc,phases   ] GC(1105)   Merge Heap Roots: 0.3ms
[2024-08-15T13:56:34.709+0000][5290.654s][info][gc,phases   ] GC(1105)   Evacuate Collection Set: 18.7ms
[2024-08-15T13:56:34.709+0000][5290.654s][info][gc,phases   ] GC(1105)   Post Evacuate Collection Set: 1.8ms
[2024-08-15T13:56:34.709+0000][5290.654s][info][gc,phases   ] GC(1105)   Other: 0.2ms
[2024-08-15T13:56:34.709+0000][5290.654s][info][gc,heap     ] GC(1105) Eden regions: 768->0(769)
[2024-08-15T13:56:34.709+0000][5290.654s][info][gc,heap     ] GC(1105) Survivor regions: 6->6(97)
[2024-08-15T13:56:34.709+0000][5290.654s][info][gc,heap     ] GC(1105) Old regions: 435->435
[2024-08-15T13:56:34.709+0000][5290.654s][info][gc,heap     ] GC(1105) Archive regions: 2->2
[2024-08-15T13:56:34.709+0000][5290.654s][info][gc,heap     ] GC(1105) Humongous regions: 5->5
[2024-08-15T13:56:34.709+0000][5290.654s][info][gc,metaspace] GC(1105) Metaspace: 440988K(447360K)->440988K(447360K) NonClass: 385993K(389632K)->385993K(389632K) Class: 54995K(57728K)->54995K(57728K)
[2024-08-15T13:56:34.709+0000][5290.654s][info][gc          ] GC(1105) Pause Young (Normal) (G1 Evacuation Pause) 9713M->3570M(12288M) 21.099ms
[2024-08-15T13:56:34.709+0000][5290.654s][info][gc,cpu      ] GC(1105) User=0.12s Sys=0.01s Real=0.02s
[2024-08-15T13:56:38.570+0000][5294.515s][info][gc,start    ] GC(1106) Pause Young (Concurrent Start) (G1 Evacuation Pause)
[2024-08-15T13:56:38.570+0000][5294.515s][info][gc,task     ] GC(1106) Using 6 workers of 6 for evacuation
[2024-08-15T13:56:38.595+0000][5294.539s][info][gc,phases   ] GC(1106)   Pre Evacuate Collection Set: 0.6ms
[2024-08-15T13:56:38.595+0000][5294.539s][info][gc,phases   ] GC(1106)   Merge Heap Roots: 0.3ms
[2024-08-15T13:56:38.595+0000][5294.539s][info][gc,phases   ] GC(1106)   Evacuate Collection Set: 21.9ms
[2024-08-15T13:56:38.595+0000][5294.539s][info][gc,phases   ] GC(1106)   Post Evacuate Collection Set: 1.7ms
[2024-08-15T13:56:38.595+0000][5294.539s][info][gc,phases   ] GC(1106)   Other: 0.3ms
[2024-08-15T13:56:38.595+0000][5294.539s][info][gc,heap     ] GC(1106) Eden regions: 769->0(767)
[2024-08-15T13:56:38.595+0000][5294.540s][info][gc,heap     ] GC(1106) Survivor regions: 6->8(97)
[2024-08-15T13:56:38.595+0000][5294.540s][info][gc,heap     ] GC(1106) Old regions: 435->435
[2024-08-15T13:56:38.595+0000][5294.540s][info][gc,heap     ] GC(1106) Archive regions: 2->2
[2024-08-15T13:56:38.595+0000][5294.540s][info][gc,heap     ] GC(1106) Humongous regions: 5->5
[2024-08-15T13:56:38.595+0000][5294.540s][info][gc,metaspace] GC(1106) Metaspace: 440989K(447360K)->440989K(447360K) NonClass: 385994K(389632K)->385994K(389632K) Class: 54995K(57728K)->54995K(57728K)
[2024-08-15T13:56:38.595+0000][5294.540s][info][gc          ] GC(1106) Pause Young (Concurrent Start) (G1 Evacuation Pause) 9722M->3584M(12288M) 24.792ms
[2024-08-15T13:56:38.595+0000][5294.540s][info][gc,cpu      ] GC(1106) User=0.15s Sys=0.00s Real=0.02s
[2024-08-15T13:56:38.595+0000][5294.540s][info][gc          ] GC(1107) Concurrent Mark Cycle
[2024-08-15T13:56:38.595+0000][5294.540s][info][gc,marking  ] GC(1107) Concurrent Clear Claimed Marks
[2024-08-15T13:56:38.595+0000][5294.540s][info][gc,marking  ] GC(1107) Concurrent Clear Claimed Marks 0.425ms
[2024-08-15T13:56:38.595+0000][5294.540s][info][gc,marking  ] GC(1107) Concurrent Scan Root Regions
[2024-08-15T13:56:38.612+0000][5294.557s][info][gc,marking  ] GC(1107) Concurrent Scan Root Regions 16.884ms
[2024-08-15T13:56:38.612+0000][5294.557s][info][gc,marking  ] GC(1107) Concurrent Mark
[2024-08-15T13:56:38.612+0000][5294.557s][info][gc,marking  ] GC(1107) Concurrent Mark From Roots
[2024-08-15T13:56:38.612+0000][5294.557s][info][gc,task     ] GC(1107) Using 2 workers of 2 for marking
[2024-08-15T13:56:41.412+0000][5297.357s][info][gc,marking  ] GC(1107) Concurrent Mark From Roots 2799.520ms
[2024-08-15T13:56:41.412+0000][5297.357s][info][gc,marking  ] GC(1107) Concurrent Preclean
[2024-08-15T13:56:41.413+0000][5297.358s][info][gc,marking  ] GC(1107) Concurrent Preclean 1.178ms
[2024-08-15T13:56:41.413+0000][5297.358s][info][gc,start    ] GC(1107) Pause Remark
[2024-08-15T13:56:41.437+0000][5297.382s][info][gc          ] GC(1107) Pause Remark 7256M->7256M(12288M) 23.690ms
[2024-08-15T13:56:41.437+0000][5297.382s][info][gc,cpu      ] GC(1107) User=0.09s Sys=0.00s Real=0.03s
[2024-08-15T13:56:41.437+0000][5297.382s][info][gc,marking  ] GC(1107) Concurrent Mark 2824.872ms
[2024-08-15T13:56:41.437+0000][5297.382s][info][gc,marking  ] GC(1107) Concurrent Rebuild Remembered Sets
[2024-08-15T13:56:43.072+0000][5299.016s][info][gc,start    ] GC(1108) Pause Young (Normal) (G1 Evacuation Pause)
[2024-08-15T13:56:43.072+0000][5299.016s][info][gc,task     ] GC(1108) Using 6 workers of 6 for evacuation
[2024-08-15T13:56:43.097+0000][5299.041s][info][gc,phases   ] GC(1108)   Pre Evacuate Collection Set: 0.2ms
[2024-08-15T13:56:43.097+0000][5299.042s][info][gc,phases   ] GC(1108)   Merge Heap Roots: 0.3ms
[2024-08-15T13:56:43.097+0000][5299.042s][info][gc,phases   ] GC(1108)   Evacuate Collection Set: 22.7ms
[2024-08-15T13:56:43.097+0000][5299.042s][info][gc,phases   ] GC(1108)   Post Evacuate Collection Set: 1.9ms
[2024-08-15T13:56:43.097+0000][5299.042s][info][gc,phases   ] GC(1108)   Other: 0.2ms
[2024-08-15T13:56:43.097+0000][5299.042s][info][gc,heap     ] GC(1108) Eden regions: 767->0(767)
[2024-08-15T13:56:43.097+0000][5299.042s][info][gc,heap     ] GC(1108) Survivor regions: 8->9(97)
[2024-08-15T13:56:43.097+0000][5299.042s][info][gc,heap     ] GC(1108) Old regions: 435->435
[2024-08-15T13:56:43.097+0000][5299.042s][info][gc,heap     ] GC(1108) Archive regions: 2->2
[2024-08-15T13:56:43.097+0000][5299.042s][info][gc,heap     ] GC(1108) Humongous regions: 5->5
[2024-08-15T13:56:43.097+0000][5299.042s][info][gc,metaspace] GC(1108) Metaspace: 440989K(447360K)->440989K(447360K) NonClass: 385994K(389632K)->385994K(389632K) Class: 54995K(57728K)->54995K(57728K)
[2024-08-15T13:56:43.097+0000][5299.042s][info][gc          ] GC(1108) Pause Young (Normal) (G1 Evacuation Pause) 9720M->3593M(12288M) 25.314ms
[2024-08-15T13:56:43.097+0000][5299.042s][info][gc,cpu      ] GC(1108) User=0.14s Sys=0.01s Real=0.03s
[2024-08-15T13:56:43.165+0000][5299.109s][info][gc,marking  ] GC(1107) Concurrent Rebuild Remembered Sets 1727.438ms
[2024-08-15T13:56:43.165+0000][5299.110s][info][gc,start    ] GC(1107) Pause Cleanup
[2024-08-15T13:56:43.166+0000][5299.110s][info][gc          ] GC(1107) Pause Cleanup 3713M->3713M(12288M) 0.640ms
[2024-08-15T13:56:43.166+0000][5299.110s][info][gc,cpu      ] GC(1107) User=0.00s Sys=0.00s Real=0.00s
[2024-08-15T13:56:43.166+0000][5299.110s][info][gc,marking  ] GC(1107) Concurrent Cleanup for Next Mark
[2024-08-15T13:56:43.183+0000][5299.127s][info][gc,marking  ] GC(1107) Concurrent Cleanup for Next Mark 16.776ms
[2024-08-15T13:56:43.183+0000][5299.127s][info][gc          ] GC(1107) Concurrent Mark Cycle 4587.590ms
[2024-08-15T13:56:46.570+0000][5302.515s][info][gc,start    ] GC(1109) Pause Young (Prepare Mixed) (G1 Evacuation Pause)
[2024-08-15T13:56:46.570+0000][5302.515s][info][gc,task     ] GC(1109) Using 6 workers of 6 for evacuation
[2024-08-15T13:56:46.598+0000][5302.542s][info][gc,phases   ] GC(1109)   Pre Evacuate Collection Set: 0.2ms
[2024-08-15T13:56:46.598+0000][5302.543s][info][gc,phases   ] GC(1109)   Merge Heap Roots: 0.3ms
[2024-08-15T13:56:46.598+0000][5302.543s][info][gc,phases   ] GC(1109)   Evacuate Collection Set: 25.2ms
[2024-08-15T13:56:46.598+0000][5302.543s][info][gc,phases   ] GC(1109)   Post Evacuate Collection Set: 1.7ms
[2024-08-15T13:56:46.598+0000][5302.543s][info][gc,phases   ] GC(1109)   Other: 0.2ms
[2024-08-15T13:56:46.598+0000][5302.543s][info][gc,heap     ] GC(1109) Eden regions: 767->0(65)
[2024-08-15T13:56:46.598+0000][5302.543s][info][gc,heap     ] GC(1109) Survivor regions: 9->11(97)
[2024-08-15T13:56:46.598+0000][5302.543s][info][gc,heap     ] GC(1109) Old regions: 435->435
[2024-08-15T13:56:46.598+0000][5302.543s][info][gc,heap     ] GC(1109) Archive regions: 2->2
[2024-08-15T13:56:46.598+0000][5302.543s][info][gc,heap     ] GC(1109) Humongous regions: 5->5
[2024-08-15T13:56:46.598+0000][5302.543s][info][gc,metaspace] GC(1109) Metaspace: 440989K(447360K)->440989K(447360K) NonClass: 385994K(389632K)->385994K(389632K) Class: 54995K(57728K)->54995K(57728K)
[2024-08-15T13:56:46.598+0000][5302.543s][info][gc          ] GC(1109) Pause Young (Prepare Mixed) (G1 Evacuation Pause) 9729M->3607M(12288M) 27.706ms
[2024-08-15T13:56:46.598+0000][5302.543s][info][gc,cpu      ] GC(1109) User=0.16s Sys=0.00s Real=0.03s
[2024-08-15T13:56:46.889+0000][5302.834s][info][gc,start    ] GC(1110) Pause Young (Mixed) (G1 Evacuation Pause)
[2024-08-15T13:56:46.889+0000][5302.834s][info][gc,task     ] GC(1110) Using 6 workers of 6 for evacuation
[2024-08-15T13:56:46.964+0000][5302.909s][info][gc,phases   ] GC(1110)   Pre Evacuate Collection Set: 0.2ms
[2024-08-15T13:56:46.964+0000][5302.909s][info][gc,phases   ] GC(1110)   Merge Heap Roots: 0.4ms
[2024-08-15T13:56:46.964+0000][5302.909s][info][gc,phases   ] GC(1110)   Evacuate Collection Set: 73.0ms
[2024-08-15T13:56:46.964+0000][5302.909s][info][gc,phases   ] GC(1110)   Post Evacuate Collection Set: 1.2ms
[2024-08-15T13:56:46.964+0000][5302.909s][info][gc,phases   ] GC(1110)   Other: 0.2ms
[2024-08-15T13:56:46.964+0000][5302.909s][info][gc,heap     ] GC(1110) Eden regions: 65->0(773)
[2024-08-15T13:56:46.964+0000][5302.909s][info][gc,heap     ] GC(1110) Survivor regions: 11->5(10)
[2024-08-15T13:56:46.964+0000][5302.909s][info][gc,heap     ] GC(1110) Old regions: 435->433
[2024-08-15T13:56:46.964+0000][5302.909s][info][gc,heap     ] GC(1110) Archive regions: 2->2
[2024-08-15T13:56:46.964+0000][5302.909s][info][gc,heap     ] GC(1110) Humongous regions: 5->5
[2024-08-15T13:56:46.964+0000][5302.909s][info][gc,metaspace] GC(1110) Metaspace: 440989K(447360K)->440989K(447360K) NonClass: 385994K(389632K)->385994K(389632K) Class: 54995K(57728K)->54995K(57728K)
[2024-08-15T13:56:46.964+0000][5302.909s][info][gc          ] GC(1110) Pause Young (Mixed) (G1 Evacuation Pause) 4127M->3543M(12288M) 75.064ms
[2024-08-15T13:56:46.964+0000][5302.909s][info][gc,cpu      ] GC(1110) User=0.45s Sys=0.00s Real=0.08s
[2024-08-15T13:56:50.822+0000][5306.766s][info][gc,start    ] GC(1111) Pause Young (Normal) (G1 Evacuation Pause)
[2024-08-15T13:56:50.822+0000][5306.766s][info][gc,task     ] GC(1111) Using 6 workers of 6 for evacuation
[2024-08-15T13:56:50.837+0000][5306.782s][info][gc,phases   ] GC(1111)   Pre Evacuate Collection Set: 0.2ms
[2024-08-15T13:56:50.837+0000][5306.782s][info][gc,phases   ] GC(1111)   Merge Heap Roots: 0.2ms
[2024-08-15T13:56:50.837+0000][5306.782s][info][gc,phases   ] GC(1111)   Evacuate Collection Set: 13.5ms
[2024-08-15T13:56:50.837+0000][5306.782s][info][gc,phases   ] GC(1111)   Post Evacuate Collection Set: 1.7ms
[2024-08-15T13:56:50.837+0000][5306.782s][info][gc,phases   ] GC(1111)   Other: 0.2ms
[2024-08-15T13:56:50.837+0000][5306.782s][info][gc,heap     ] GC(1111) Eden regions: 773->0(769)
[2024-08-15T13:56:50.837+0000][5306.782s][info][gc,heap     ] GC(1111) Survivor regions: 5->8(98)
[2024-08-15T13:56:50.837+0000][5306.782s][info][gc,heap     ] GC(1111) Old regions: 433->433
[2024-08-15T13:56:50.837+0000][5306.782s][info][gc,heap     ] GC(1111) Archive regions: 2->2
[2024-08-15T13:56:50.837+0000][5306.782s][info][gc,heap     ] GC(1111) Humongous regions: 5->5
[2024-08-15T13:56:50.837+0000][5306.782s][info][gc,metaspace] GC(1111) Metaspace: 440990K(447360K)->440990K(447360K) NonClass: 385994K(389632K)->385994K(389632K) Class: 54995K(57728K)->54995K(57728K)
[2024-08-15T13:56:50.838+0000][5306.782s][info][gc          ] GC(1111) Pause Young (Normal) (G1 Evacuation Pause) 9727M->3563M(12288M) 15.844ms
[2024-08-15T13:56:50.838+0000][5306.782s][info][gc,cpu      ] GC(1111) User=0.09s Sys=0.00s Real=0.02s
[2024-08-15T13:56:58.822+0000][5314.767s][info][gc,start    ] GC(1112) Pause Young (Normal) (G1 Evacuation Pause)
[2024-08-15T13:56:58.822+0000][5314.767s][info][gc,task     ] GC(1112) Using 6 workers of 6 for evacuation
[2024-08-15T13:56:58.844+0000][5314.789s][info][gc,phases   ] GC(1112)   Pre Evacuate Collection Set: 0.2ms
[2024-08-15T13:56:58.844+0000][5314.789s][info][gc,phases   ] GC(1112)   Merge Heap Roots: 0.2ms
[2024-08-15T13:56:58.844+0000][5314.789s][info][gc,phases   ] GC(1112)   Evacuate Collection Set: 20.0ms
[2024-08-15T13:56:58.844+0000][5314.789s][info][gc,phases   ] GC(1112)   Post Evacuate Collection Set: 1.7ms
[2024-08-15T13:56:58.844+0000][5314.789s][info][gc,phases   ] GC(1112)   Other: 0.2ms
[2024-08-15T13:56:58.844+0000][5314.789s][info][gc,heap     ] GC(1112) Eden regions: 769->0(766)
[2024-08-15T13:56:58.844+0000][5314.789s][info][gc,heap     ] GC(1112) Survivor regions: 8->10(98)
[2024-08-15T13:56:58.844+0000][5314.789s][info][gc,heap     ] GC(1112) Old regions: 433->433
[2024-08-15T13:56:58.844+0000][5314.789s][info][gc,heap     ] GC(1112) Archive regions: 2->2
[2024-08-15T13:56:58.844+0000][5314.789s][info][gc,heap     ] GC(1112) Humongous regions: 5->5
[2024-08-15T13:56:58.844+0000][5314.789s][info][gc,metaspace] GC(1112) Metaspace: 440991K(447360K)->440991K(447360K) NonClass: 385995K(389632K)->385995K(389632K) Class: 54995K(57728K)->54995K(57728K)
[2024-08-15T13:56:58.844+0000][5314.789s][info][gc          ] GC(1112) Pause Young (Normal) (G1 Evacuation Pause) 9715M->3585M(12288M) 22.424ms
[2024-08-15T13:56:58.845+0000][5314.789s][info][gc,cpu      ] GC(1112) User=0.13s Sys=0.00s Real=0.03s
[2024-08-15T13:57:07.096+0000][5323.041s][info][gc,start    ] GC(1113) Pause Young (Concurrent Start) (G1 Evacuation Pause)
[2024-08-15T13:57:07.096+0000][5323.041s][info][gc,task     ] GC(1113) Using 6 workers of 6 for evacuation
[2024-08-15T13:57:07.125+0000][5323.070s][info][gc,phases   ] GC(1113)   Pre Evacuate Collection Set: 0.6ms
[2024-08-15T13:57:07.125+0000][5323.070s][info][gc,phases   ] GC(1113)   Merge Heap Roots: 0.3ms
[2024-08-15T13:57:07.125+0000][5323.070s][info][gc,phases   ] GC(1113)   Evacuate Collection Set: 26.2ms
[2024-08-15T13:57:07.125+0000][5323.070s][info][gc,phases   ] GC(1113)   Post Evacuate Collection Set: 1.7ms
[2024-08-15T13:57:07.125+0000][5323.070s][info][gc,phases   ] GC(1113)   Other: 0.3ms
[2024-08-15T13:57:07.125+0000][5323.070s][info][gc,heap     ] GC(1113) Eden regions: 766->0(760)
[2024-08-15T13:57:07.125+0000][5323.070s][info][gc,heap     ] GC(1113) Survivor regions: 10->14(97)
[2024-08-15T13:57:07.125+0000][5323.070s][info][gc,heap     ] GC(1113) Old regions: 433->433
[2024-08-15T13:57:07.125+0000][5323.070s][info][gc,heap     ] GC(1113) Archive regions: 2->2
[2024-08-15T13:57:07.125+0000][5323.070s][info][gc,heap     ] GC(1113) Humongous regions: 5->5
[2024-08-15T13:57:07.125+0000][5323.070s][info][gc,metaspace] GC(1113) Metaspace: 440991K(447360K)->440991K(447360K) NonClass: 385995K(389632K)->385995K(389632K) Class: 54995K(57728K)->54995K(57728K)
[2024-08-15T13:57:07.125+0000][5323.070s][info][gc          ] GC(1113) Pause Young (Concurrent Start) (G1 Evacuation Pause) 9713M->3616M(12288M) 29.099ms
[2024-08-15T13:57:07.125+0000][5323.070s][info][gc,cpu      ] GC(1113) User=0.17s Sys=0.00s Real=0.03s
[2024-08-15T13:57:07.126+0000][5323.070s][info][gc          ] GC(1114) Concurrent Mark Cycle
[2024-08-15T13:57:07.126+0000][5323.070s][info][gc,marking  ] GC(1114) Concurrent Clear Claimed Marks
[2024-08-15T13:57:07.126+0000][5323.071s][info][gc,marking  ] GC(1114) Concurrent Clear Claimed Marks 0.415ms
[2024-08-15T13:57:07.126+0000][5323.071s][info][gc,marking  ] GC(1114) Concurrent Scan Root Regions
[2024-08-15T13:57:07.147+0000][5323.091s][info][gc,marking  ] GC(1114) Concurrent Scan Root Regions 20.821ms
[2024-08-15T13:57:07.147+0000][5323.091s][info][gc,marking  ] GC(1114) Concurrent Mark
[2024-08-15T13:57:07.147+0000][5323.091s][info][gc,marking  ] GC(1114) Concurrent Mark From Roots
[2024-08-15T13:57:07.147+0000][5323.091s][info][gc,task     ] GC(1114) Using 2 workers of 2 for marking
[2024-08-15T13:57:09.832+0000][5325.777s][info][gc,marking  ] GC(1114) Concurrent Mark From Roots 2685.568ms
[2024-08-15T13:57:09.832+0000][5325.777s][info][gc,marking  ] GC(1114) Concurrent Preclean
[2024-08-15T13:57:09.834+0000][5325.779s][info][gc,marking  ] GC(1114) Concurrent Preclean 1.647ms
[2024-08-15T13:57:09.834+0000][5325.779s][info][gc,start    ] GC(1114) Pause Remark
[2024-08-15T13:57:09.857+0000][5325.801s][info][gc          ] GC(1114) Pause Remark 5448M->5448M(12288M) 22.389ms
[2024-08-15T13:57:09.857+0000][5325.801s][info][gc,cpu      ] GC(1114) User=0.10s Sys=0.00s Real=0.03s
[2024-08-15T13:57:09.857+0000][5325.801s][info][gc,marking  ] GC(1114) Concurrent Mark 2709.916ms
[2024-08-15T13:57:09.857+0000][5325.801s][info][gc,marking  ] GC(1114) Concurrent Rebuild Remembered Sets
[2024-08-15T13:57:11.389+0000][5327.333s][info][gc,marking  ] GC(1114) Concurrent Rebuild Remembered Sets 1531.963ms
[2024-08-15T13:57:11.389+0000][5327.334s][info][gc,start    ] GC(1114) Pause Cleanup
[2024-08-15T13:57:11.390+0000][5327.334s][info][gc          ] GC(1114) Pause Cleanup 6536M->6536M(12288M) 0.587ms
[2024-08-15T13:57:11.390+0000][5327.334s][info][gc,cpu      ] GC(1114) User=0.00s Sys=0.00s Real=0.00s
[2024-08-15T13:57:11.390+0000][5327.334s][info][gc,marking  ] GC(1114) Concurrent Cleanup for Next Mark
[2024-08-15T13:57:11.406+0000][5327.351s][info][gc,marking  ] GC(1114) Concurrent Cleanup for Next Mark 16.463ms
[2024-08-15T13:57:11.406+0000][5327.351s][info][gc          ] GC(1114) Concurrent Mark Cycle 4280.706ms
[2024-08-15T13:57:15.726+0000][5331.670s][info][gc,start    ] GC(1115) Pause Young (Prepare Mixed) (G1 Evacuation Pause)
[2024-08-15T13:57:15.726+0000][5331.670s][info][gc,task     ] GC(1115) Using 6 workers of 6 for evacuation
[2024-08-15T13:57:15.764+0000][5331.708s][info][gc,phases   ] GC(1115)   Pre Evacuate Collection Set: 0.2ms
[2024-08-15T13:57:15.764+0000][5331.708s][info][gc,phases   ] GC(1115)   Merge Heap Roots: 0.4ms
[2024-08-15T13:57:15.764+0000][5331.708s][info][gc,phases   ] GC(1115)   Evacuate Collection Set: 35.6ms
[2024-08-15T13:57:15.764+0000][5331.708s][info][gc,phases   ] GC(1115)   Post Evacuate Collection Set: 1.8ms
[2024-08-15T13:57:15.764+0000][5331.708s][info][gc,phases   ] GC(1115)   Other: 0.2ms
[2024-08-15T13:57:15.764+0000][5331.708s][info][gc,heap     ] GC(1115) Eden regions: 760->0(59)
[2024-08-15T13:57:15.764+0000][5331.708s][info][gc,heap     ] GC(1115) Survivor regions: 14->17(97)
[2024-08-15T13:57:15.764+0000][5331.708s][info][gc,heap     ] GC(1115) Old regions: 433->433
[2024-08-15T13:57:15.764+0000][5331.708s][info][gc,heap     ] GC(1115) Archive regions: 2->2
[2024-08-15T13:57:15.764+0000][5331.708s][info][gc,heap     ] GC(1115) Humongous regions: 5->5
[2024-08-15T13:57:15.764+0000][5331.708s][info][gc,metaspace] GC(1115) Metaspace: 440991K(447360K)->440991K(447360K) NonClass: 385995K(389632K)->385995K(389632K) Class: 54995K(57728K)->54995K(57728K)
[2024-08-15T13:57:15.764+0000][5331.708s][info][gc          ] GC(1115) Pause Young (Prepare Mixed) (G1 Evacuation Pause) 9696M->3636M(12288M) 38.214ms
[2024-08-15T13:57:15.764+0000][5331.709s][info][gc,cpu      ] GC(1115) User=0.23s Sys=0.00s Real=0.04s
[2024-08-15T13:57:16.226+0000][5332.170s][info][gc,start    ] GC(1116) Pause Young (Mixed) (G1 Evacuation Pause)
[2024-08-15T13:57:16.226+0000][5332.170s][info][gc,task     ] GC(1116) Using 6 workers of 6 for evacuation
[2024-08-15T13:57:16.306+0000][5332.250s][info][gc,phases   ] GC(1116)   Pre Evacuate Collection Set: 0.2ms
[2024-08-15T13:57:16.306+0000][5332.250s][info][gc,phases   ] GC(1116)   Merge Heap Roots: 0.5ms
[2024-08-15T13:57:16.306+0000][5332.250s][info][gc,phases   ] GC(1116)   Evacuate Collection Set: 77.6ms
[2024-08-15T13:57:16.306+0000][5332.250s][info][gc,phases   ] GC(1116)   Post Evacuate Collection Set: 1.4ms
[2024-08-15T13:57:16.306+0000][5332.250s][info][gc,phases   ] GC(1116)   Other: 0.2ms
[2024-08-15T13:57:16.306+0000][5332.250s][info][gc,heap     ] GC(1116) Eden regions: 59->0(770)
[2024-08-15T13:57:16.306+0000][5332.250s][info][gc,heap     ] GC(1116) Survivor regions: 17->4(10)
[2024-08-15T13:57:16.306+0000][5332.250s][info][gc,heap     ] GC(1116) Old regions: 433->434
[2024-08-15T13:57:16.306+0000][5332.250s][info][gc,heap     ] GC(1116) Archive regions: 2->2
[2024-08-15T13:57:16.306+0000][5332.250s][info][gc,heap     ] GC(1116) Humongous regions: 5->5
[2024-08-15T13:57:16.306+0000][5332.250s][info][gc,metaspace] GC(1116) Metaspace: 440991K(447360K)->440991K(447360K) NonClass: 385995K(389632K)->385995K(389632K) Class: 54995K(57728K)->54995K(57728K)
[2024-08-15T13:57:16.306+0000][5332.250s][info][gc          ] GC(1116) Pause Young (Mixed) (G1 Evacuation Pause) 4108M->3544M(12288M) 79.914ms
[2024-08-15T13:57:16.306+0000][5332.250s][info][gc,cpu      ] GC(1116) User=0.47s Sys=0.00s Real=0.08s
[2024-08-15T13:57:21.201+0000][5337.145s][info][gc,start    ] GC(1117) Pause Young (Normal) (G1 Evacuation Pause)
[2024-08-15T13:57:21.201+0000][5337.145s][info][gc,task     ] GC(1117) Using 6 workers of 6 for evacuation
[2024-08-15T13:57:21.362+0000][5337.307s][info][gc,phases   ] GC(1117)   Pre Evacuate Collection Set: 0.2ms
[2024-08-15T13:57:21.362+0000][5337.307s][info][gc,phases   ] GC(1117)   Merge Heap Roots: 0.5ms
[2024-08-15T13:57:21.362+0000][5337.307s][info][gc,phases   ] GC(1117)   Evacuate Collection Set: 135.5ms
[2024-08-15T13:57:21.362+0000][5337.307s][info][gc,phases   ] GC(1117)   Post Evacuate Collection Set: 25.2ms
[2024-08-15T13:57:21.362+0000][5337.307s][info][gc,phases   ] GC(1117)   Other: 0.2ms
[2024-08-15T13:57:21.362+0000][5337.307s][info][gc,heap     ] GC(1117) Eden regions: 770->0(732)
[2024-08-15T13:57:21.362+0000][5337.307s][info][gc,heap     ] GC(1117) Survivor regions: 4->19(97)
[2024-08-15T13:57:21.362+0000][5337.307s][info][gc,heap     ] GC(1117) Old regions: 434->434
[2024-08-15T13:57:21.362+0000][5337.307s][info][gc,heap     ] GC(1117) Archive regions: 2->2
[2024-08-15T13:57:21.362+0000][5337.307s][info][gc,heap     ] GC(1117) Humongous regions: 16->16
[2024-08-15T13:57:21.362+0000][5337.307s][info][gc,metaspace] GC(1117) Metaspace: 440993K(447360K)->440993K(447360K) NonClass: 385998K(389632K)->385998K(389632K) Class: 54995K(57728K)->54995K(57728K)
[2024-08-15T13:57:21.362+0000][5337.307s][info][gc          ] GC(1117) Pause Young (Normal) (G1 Evacuation Pause) 9792M->3752M(12288M) 161.704ms
[2024-08-15T13:57:21.362+0000][5337.307s][info][gc,cpu      ] GC(1117) User=0.95s Sys=0.00s Real=0.16s
[2024-08-15T13:57:23.738+0000][5339.683s][info][gc,start    ] GC(1118) Pause Young (Normal) (G1 Evacuation Pause)
[2024-08-15T13:57:23.738+0000][5339.683s][info][gc,task     ] GC(1118) Using 6 workers of 6 for evacuation
[2024-08-15T13:57:23.914+0000][5339.858s][info][gc,phases   ] GC(1118)   Pre Evacuate Collection Set: 0.2ms
[2024-08-15T13:57:23.914+0000][5339.858s][info][gc,phases   ] GC(1118)   Merge Heap Roots: 0.4ms
[2024-08-15T13:57:23.914+0000][5339.858s][info][gc,phases   ] GC(1118)   Evacuate Collection Set: 138.7ms
[2024-08-15T13:57:23.914+0000][5339.858s][info][gc,phases   ] GC(1118)   Post Evacuate Collection Set: 36.2ms
[2024-08-15T13:57:23.914+0000][5339.859s][info][gc,phases   ] GC(1118)   Other: 0.2ms
[2024-08-15T13:57:23.914+0000][5339.859s][info][gc,heap     ] GC(1118) Eden regions: 732->0(727)
[2024-08-15T13:57:23.914+0000][5339.859s][info][gc,heap     ] GC(1118) Survivor regions: 19->22(94)
[2024-08-15T13:57:23.914+0000][5339.859s][info][gc,heap     ] GC(1118) Old regions: 434->434
[2024-08-15T13:57:23.914+0000][5339.859s][info][gc,heap     ] GC(1118) Archive regions: 2->2
[2024-08-15T13:57:23.914+0000][5339.859s][info][gc,heap     ] GC(1118) Humongous regions: 16->16
[2024-08-15T13:57:23.914+0000][5339.859s][info][gc,metaspace] GC(1118) Metaspace: 440993K(447360K)->440993K(447360K) NonClass: 385998K(389632K)->385998K(389632K) Class: 54995K(57728K)->54995K(57728K)
[2024-08-15T13:57:23.914+0000][5339.859s][info][gc          ] GC(1118) Pause Young (Normal) (G1 Evacuation Pause) 9608M->3776M(12288M) 175.739ms
[2024-08-15T13:57:23.914+0000][5339.859s][info][gc,cpu      ] GC(1118) User=1.02s Sys=0.00s Real=0.17s
[2024-08-15T13:57:26.247+0000][5342.192s][info][gc,start    ] GC(1119) Pause Young (Concurrent Start) (G1 Evacuation Pause)
[2024-08-15T13:57:26.247+0000][5342.192s][info][gc,task     ] GC(1119) Using 6 workers of 6 for evacuation
[2024-08-15T13:57:26.402+0000][5342.347s][info][gc,phases   ] GC(1119)   Pre Evacuate Collection Set: 0.6ms
[2024-08-15T13:57:26.402+0000][5342.347s][info][gc,phases   ] GC(1119)   Merge Heap Roots: 0.5ms
[2024-08-15T13:57:26.402+0000][5342.347s][info][gc,phases   ] GC(1119)   Evacuate Collection Set: 128.8ms
[2024-08-15T13:57:26.402+0000][5342.347s][info][gc,phases   ] GC(1119)   Post Evacuate Collection Set: 24.5ms
[2024-08-15T13:57:26.402+0000][5342.347s][info][gc,phases   ] GC(1119)   Other: 0.3ms
[2024-08-15T13:57:26.402+0000][5342.347s][info][gc,heap     ] GC(1119) Eden regions: 727->0(722)
[2024-08-15T13:57:26.402+0000][5342.347s][info][gc,heap     ] GC(1119) Survivor regions: 22->27(94)
[2024-08-15T13:57:26.402+0000][5342.347s][info][gc,heap     ] GC(1119) Old regions: 434->434
[2024-08-15T13:57:26.402+0000][5342.347s][info][gc,heap     ] GC(1119) Archive regions: 2->2
[2024-08-15T13:57:26.402+0000][5342.347s][info][gc,heap     ] GC(1119) Humongous regions: 16->16
[2024-08-15T13:57:26.402+0000][5342.347s][info][gc,metaspace] GC(1119) Metaspace: 440993K(447360K)->440993K(447360K) NonClass: 385998K(389632K)->385998K(389632K) Class: 54995K(57728K)->54995K(57728K)
[2024-08-15T13:57:26.402+0000][5342.347s][info][gc          ] GC(1119) Pause Young (Concurrent Start) (G1 Evacuation Pause) 9592M->3817M(12288M) 154.754ms
[2024-08-15T13:57:26.402+0000][5342.347s][info][gc,cpu      ] GC(1119) User=0.90s Sys=0.00s Real=0.15s
[2024-08-15T13:57:26.402+0000][5342.347s][info][gc          ] GC(1120) Concurrent Mark Cycle
[2024-08-15T13:57:26.402+0000][5342.347s][info][gc,marking  ] GC(1120) Concurrent Clear Claimed Marks
[2024-08-15T13:57:26.403+0000][5342.347s][info][gc,marking  ] GC(1120) Concurrent Clear Claimed Marks 0.430ms
[2024-08-15T13:57:26.403+0000][5342.347s][info][gc,marking  ] GC(1120) Concurrent Scan Root Regions
[2024-08-15T13:57:26.584+0000][5342.529s][info][gc,marking  ] GC(1120) Concurrent Scan Root Regions 181.673ms
[2024-08-15T13:57:26.584+0000][5342.529s][info][gc,marking  ] GC(1120) Concurrent Mark
[2024-08-15T13:57:26.584+0000][5342.529s][info][gc,marking  ] GC(1120) Concurrent Mark From Roots
[2024-08-15T13:57:26.584+0000][5342.529s][info][gc,task     ] GC(1120) Using 2 workers of 2 for marking
[2024-08-15T13:57:28.470+0000][5344.415s][info][gc,marking  ] GC(1120) Concurrent Mark From Roots 1885.475ms
[2024-08-15T13:57:28.470+0000][5344.415s][info][gc,marking  ] GC(1120) Concurrent Preclean
[2024-08-15T13:57:28.471+0000][5344.416s][info][gc,marking  ] GC(1120) Concurrent Preclean 1.100ms
[2024-08-15T13:57:28.471+0000][5344.416s][info][gc,start    ] GC(1120) Pause Remark
[2024-08-15T13:57:28.494+0000][5344.438s][info][gc          ] GC(1120) Pause Remark 8505M->8473M(12288M) 22.542ms
[2024-08-15T13:57:28.494+0000][5344.438s][info][gc,cpu      ] GC(1120) User=0.10s Sys=0.00s Real=0.02s
[2024-08-15T13:57:28.494+0000][5344.439s][info][gc,marking  ] GC(1120) Concurrent Mark 1909.522ms
[2024-08-15T13:57:28.494+0000][5344.439s][info][gc,marking  ] GC(1120) Concurrent Rebuild Remembered Sets
[2024-08-15T13:57:28.916+0000][5344.860s][info][gc,start    ] GC(1121) Pause Young (Normal) (G1 Evacuation Pause)
[2024-08-15T13:57:28.916+0000][5344.860s][info][gc,task     ] GC(1121) Using 6 workers of 6 for evacuation
[2024-08-15T13:57:29.100+0000][5345.045s][info][gc,phases   ] GC(1121)   Pre Evacuate Collection Set: 0.2ms
[2024-08-15T13:57:29.100+0000][5345.045s][info][gc,phases   ] GC(1121)   Merge Heap Roots: 1.3ms
[2024-08-15T13:57:29.100+0000][5345.045s][info][gc,phases   ] GC(1121)   Evacuate Collection Set: 156.4ms
[2024-08-15T13:57:29.100+0000][5345.045s][info][gc,phases   ] GC(1121)   Post Evacuate Collection Set: 26.2ms
[2024-08-15T13:57:29.100+0000][5345.045s][info][gc,phases   ] GC(1121)   Other: 0.2ms
[2024-08-15T13:57:29.100+0000][5345.045s][info][gc,heap     ] GC(1121) Eden regions: 722->0(691)
[2024-08-15T13:57:29.100+0000][5345.045s][info][gc,heap     ] GC(1121) Survivor regions: 27->33(94)
[2024-08-15T13:57:29.100+0000][5345.045s][info][gc,heap     ] GC(1121) Old regions: 434->434
[2024-08-15T13:57:29.100+0000][5345.045s][info][gc,heap     ] GC(1121) Archive regions: 2->2
[2024-08-15T13:57:29.100+0000][5345.045s][info][gc,heap     ] GC(1121) Humongous regions: 12->12
[2024-08-15T13:57:29.100+0000][5345.045s][info][gc,metaspace] GC(1121) Metaspace: 440993K(447360K)->440993K(447360K) NonClass: 385998K(389632K)->385998K(389632K) Class: 54995K(57728K)->54995K(57728K)
[2024-08-15T13:57:29.100+0000][5345.045s][info][gc          ] GC(1121) Pause Young (Normal) (G1 Evacuation Pause) 9561M->3833M(12288M) 184.340ms
[2024-08-15T13:57:29.100+0000][5345.045s][info][gc,cpu      ] GC(1121) User=1.09s Sys=0.00s Real=0.18s
[2024-08-15T13:57:29.856+0000][5345.800s][info][gc,marking  ] GC(1120) Concurrent Rebuild Remembered Sets 1361.884ms
[2024-08-15T13:57:29.856+0000][5345.801s][info][gc,start    ] GC(1120) Pause Cleanup
[2024-08-15T13:57:29.857+0000][5345.801s][info][gc          ] GC(1120) Pause Cleanup 5749M->5749M(12288M) 0.656ms
[2024-08-15T13:57:29.857+0000][5345.801s][info][gc,cpu      ] GC(1120) User=0.00s Sys=0.00s Real=0.00s
[2024-08-15T13:57:29.857+0000][5345.801s][info][gc,marking  ] GC(1120) Concurrent Cleanup for Next Mark
[2024-08-15T13:57:29.872+0000][5345.817s][info][gc,marking  ] GC(1120) Concurrent Cleanup for Next Mark 15.275ms
[2024-08-15T13:57:29.872+0000][5345.817s][info][gc          ] GC(1120) Concurrent Mark Cycle 3469.875ms
[2024-08-15T13:57:31.463+0000][5347.407s][info][gc,start    ] GC(1122) Pause Young (Prepare Mixed) (G1 Evacuation Pause)
[2024-08-15T13:57:31.463+0000][5347.407s][info][gc,task     ] GC(1122) Using 6 workers of 6 for evacuation
[2024-08-15T13:57:31.660+0000][5347.604s][info][gc,phases   ] GC(1122)   Pre Evacuate Collection Set: 0.2ms
[2024-08-15T13:57:31.660+0000][5347.604s][info][gc,phases   ] GC(1122)   Merge Heap Roots: 0.8ms
[2024-08-15T13:57:31.660+0000][5347.604s][info][gc,phases   ] GC(1122)   Evacuate Collection Set: 170.8ms
[2024-08-15T13:57:31.660+0000][5347.604s][info][gc,phases   ] GC(1122)   Post Evacuate Collection Set: 25.1ms
[2024-08-15T13:57:31.660+0000][5347.604s][info][gc,phases   ] GC(1122)   Other: 0.2ms
[2024-08-15T13:57:31.660+0000][5347.604s][info][gc,heap     ] GC(1122) Eden regions: 691->0(38)
[2024-08-15T13:57:31.660+0000][5347.604s][info][gc,heap     ] GC(1122) Survivor regions: 33->38(91)
[2024-08-15T13:57:31.660+0000][5347.604s][info][gc,heap     ] GC(1122) Old regions: 434->434
[2024-08-15T13:57:31.660+0000][5347.604s][info][gc,heap     ] GC(1122) Archive regions: 2->2
[2024-08-15T13:57:31.660+0000][5347.604s][info][gc,heap     ] GC(1122) Humongous regions: 12->12
[2024-08-15T13:57:31.660+0000][5347.604s][info][gc,metaspace] GC(1122) Metaspace: 440993K(447360K)->440993K(447360K) NonClass: 385998K(389632K)->385998K(389632K) Class: 54995K(57728K)->54995K(57728K)
[2024-08-15T13:57:31.660+0000][5347.604s][info][gc          ] GC(1122) Pause Young (Prepare Mixed) (G1 Evacuation Pause) 9361M->3869M(12288M) 197.038ms
[2024-08-15T13:57:31.660+0000][5347.605s][info][gc,cpu      ] GC(1122) User=1.16s Sys=0.00s Real=0.20s
[2024-08-15T13:57:31.787+0000][5347.732s][info][gc,start    ] GC(1123) Pause Young (Mixed) (G1 Evacuation Pause)
[2024-08-15T13:57:31.787+0000][5347.732s][info][gc,task     ] GC(1123) Using 6 workers of 6 for evacuation
[2024-08-15T13:57:31.984+0000][5347.928s][info][gc,phases   ] GC(1123)   Pre Evacuate Collection Set: 0.2ms
[2024-08-15T13:57:31.984+0000][5347.928s][info][gc,phases   ] GC(1123)   Merge Heap Roots: 0.7ms
[2024-08-15T13:57:31.984+0000][5347.928s][info][gc,phases   ] GC(1123)   Evacuate Collection Set: 189.3ms
[2024-08-15T13:57:31.984+0000][5347.928s][info][gc,phases   ] GC(1123)   Merge Optional Heap Roots: 0.2ms
[2024-08-15T13:57:31.984+0000][5347.929s][info][gc,phases   ] GC(1123)   Evacuate Optional Collection Set: 3.4ms
[2024-08-15T13:57:31.984+0000][5347.929s][info][gc,phases   ] GC(1123)   Post Evacuate Collection Set: 2.9ms
[2024-08-15T13:57:31.984+0000][5347.929s][info][gc,phases   ] GC(1123)   Other: 0.2ms
[2024-08-15T13:57:31.984+0000][5347.929s][info][gc,heap     ] GC(1123) Eden regions: 38->0(731)
[2024-08-15T13:57:31.984+0000][5347.929s][info][gc,heap     ] GC(1123) Survivor regions: 38->3(10)
[2024-08-15T13:57:31.984+0000][5347.929s][info][gc,heap     ] GC(1123) Old regions: 434->460
[2024-08-15T13:57:31.984+0000][5347.929s][info][gc,heap     ] GC(1123) Archive regions: 2->2
[2024-08-15T13:57:31.984+0000][5347.929s][info][gc,heap     ] GC(1123) Humongous regions: 12->12
[2024-08-15T13:57:31.984+0000][5347.929s][info][gc,metaspace] GC(1123) Metaspace: 440993K(447360K)->440993K(447360K) NonClass: 385998K(389632K)->385998K(389632K) Class: 54995K(57728K)->54995K(57728K)
[2024-08-15T13:57:31.984+0000][5347.929s][info][gc          ] GC(1123) Pause Young (Mixed) (G1 Evacuation Pause) 4173M->3802M(12288M) 196.960ms
[2024-08-15T13:57:31.984+0000][5347.929s][info][gc,cpu      ] GC(1123) User=1.18s Sys=0.00s Real=0.20s
[2024-08-15T13:57:34.447+0000][5350.392s][info][gc,start    ] GC(1124) Pause Young (Normal) (G1 Evacuation Pause)
[2024-08-15T13:57:34.447+0000][5350.392s][info][gc,task     ] GC(1124) Using 6 workers of 6 for evacuation
[2024-08-15T13:57:34.531+0000][5350.476s][info][gc,phases   ] GC(1124)   Pre Evacuate Collection Set: 0.2ms
[2024-08-15T13:57:34.531+0000][5350.476s][info][gc,phases   ] GC(1124)   Merge Heap Roots: 0.5ms
[2024-08-15T13:57:34.531+0000][5350.476s][info][gc,phases   ] GC(1124)   Evacuate Collection Set: 63.3ms
[2024-08-15T13:57:34.531+0000][5350.476s][info][gc,phases   ] GC(1124)   Post Evacuate Collection Set: 20.5ms
[2024-08-15T13:57:34.532+0000][5350.476s][info][gc,phases   ] GC(1124)   Other: 0.2ms
[2024-08-15T13:57:34.532+0000][5350.476s][info][gc,heap     ] GC(1124) Eden regions: 731->0(729)
[2024-08-15T13:57:34.532+0000][5350.476s][info][gc,heap     ] GC(1124) Survivor regions: 3->6(92)
[2024-08-15T13:57:34.532+0000][5350.476s][info][gc,heap     ] GC(1124) Old regions: 460->460
[2024-08-15T13:57:34.532+0000][5350.476s][info][gc,heap     ] GC(1124) Archive regions: 2->2
[2024-08-15T13:57:34.532+0000][5350.476s][info][gc,heap     ] GC(1124) Humongous regions: 12->12
[2024-08-15T13:57:34.532+0000][5350.476s][info][gc,metaspace] GC(1124) Metaspace: 441001K(447360K)->441001K(447360K) NonClass: 386005K(389632K)->386005K(389632K) Class: 54995K(57728K)->54995K(57728K)
[2024-08-15T13:57:34.532+0000][5350.476s][info][gc          ] GC(1124) Pause Young (Normal) (G1 Evacuation Pause) 9650M->3822M(12288M) 84.679ms
[2024-08-15T13:57:34.532+0000][5350.476s][info][gc,cpu      ] GC(1124) User=0.50s Sys=0.00s Real=0.08s
[2024-08-15T13:57:36.831+0000][5352.776s][info][gc,start    ] GC(1125) Pause Young (Normal) (G1 Evacuation Pause)
[2024-08-15T13:57:36.831+0000][5352.776s][info][gc,task     ] GC(1125) Using 6 workers of 6 for evacuation
[2024-08-15T13:57:36.937+0000][5352.882s][info][gc,phases   ] GC(1125)   Pre Evacuate Collection Set: 0.2ms
[2024-08-15T13:57:36.937+0000][5352.882s][info][gc,phases   ] GC(1125)   Merge Heap Roots: 0.4ms
[2024-08-15T13:57:36.937+0000][5352.882s][info][gc,phases   ] GC(1125)   Evacuate Collection Set: 83.1ms
[2024-08-15T13:57:36.937+0000][5352.882s][info][gc,phases   ] GC(1125)   Post Evacuate Collection Set: 22.3ms
[2024-08-15T13:57:36.937+0000][5352.882s][info][gc,phases   ] GC(1125)   Other: 0.2ms
[2024-08-15T13:57:36.937+0000][5352.882s][info][gc,heap     ] GC(1125) Eden regions: 729->0(722)
[2024-08-15T13:57:36.937+0000][5352.882s][info][gc,heap     ] GC(1125) Survivor regions: 6->13(92)
[2024-08-15T13:57:36.937+0000][5352.882s][info][gc,heap     ] GC(1125) Old regions: 460->460
[2024-08-15T13:57:36.937+0000][5352.882s][info][gc,heap     ] GC(1125) Archive regions: 2->2
[2024-08-15T13:57:36.937+0000][5352.882s][info][gc,heap     ] GC(1125) Humongous regions: 12->12
[2024-08-15T13:57:36.937+0000][5352.882s][info][gc,metaspace] GC(1125) Metaspace: 441001K(447360K)->441001K(447360K) NonClass: 386005K(389632K)->386005K(389632K) Class: 54995K(57728K)->54995K(57728K)
[2024-08-15T13:57:36.937+0000][5352.882s][info][gc          ] GC(1125) Pause Young (Normal) (G1 Evacuation Pause) 9654M->3875M(12288M) 106.301ms
[2024-08-15T13:57:36.938+0000][5352.882s][info][gc,cpu      ] GC(1125) User=0.62s Sys=0.00s Real=0.11s
[2024-08-15T13:57:43.097+0000][5359.041s][info][gc,start    ] GC(1126) Pause Young (Concurrent Start) (G1 Evacuation Pause)
[2024-08-15T13:57:43.097+0000][5359.041s][info][gc,task     ] GC(1126) Using 6 workers of 6 for evacuation
[2024-08-15T13:57:43.150+0000][5359.095s][info][gc,phases   ] GC(1126)   Pre Evacuate Collection Set: 0.6ms
[2024-08-15T13:57:43.150+0000][5359.095s][info][gc,phases   ] GC(1126)   Merge Heap Roots: 0.6ms
[2024-08-15T13:57:43.150+0000][5359.095s][info][gc,phases   ] GC(1126)   Evacuate Collection Set: 50.6ms
[2024-08-15T13:57:43.150+0000][5359.095s][info][gc,phases   ] GC(1126)   Post Evacuate Collection Set: 1.8ms
[2024-08-15T13:57:43.150+0000][5359.095s][info][gc,phases   ] GC(1126)   Other: 0.3ms
[2024-08-15T13:57:43.150+0000][5359.095s][info][gc,heap     ] GC(1126) Eden regions: 722->0(725)
[2024-08-15T13:57:43.150+0000][5359.095s][info][gc,heap     ] GC(1126) Survivor regions: 13->12(92)
[2024-08-15T13:57:43.151+0000][5359.095s][info][gc,heap     ] GC(1126) Old regions: 460->460
[2024-08-15T13:57:43.151+0000][5359.095s][info][gc,heap     ] GC(1126) Archive regions: 2->2
[2024-08-15T13:57:43.151+0000][5359.095s][info][gc,heap     ] GC(1126) Humongous regions: 12->12
[2024-08-15T13:57:43.151+0000][5359.095s][info][gc,metaspace] GC(1126) Metaspace: 441011K(447360K)->441011K(447360K) NonClass: 386015K(389632K)->386015K(389632K) Class: 54995K(57728K)->54995K(57728K)
[2024-08-15T13:57:43.151+0000][5359.095s][info][gc          ] GC(1126) Pause Young (Concurrent Start) (G1 Evacuation Pause) 9651M->3873M(12288M) 53.968ms
[2024-08-15T13:57:43.151+0000][5359.095s][info][gc,cpu      ] GC(1126) User=0.31s Sys=0.00s Real=0.05s
[2024-08-15T13:57:43.151+0000][5359.095s][info][gc          ] GC(1127) Concurrent Mark Cycle
[2024-08-15T13:57:43.151+0000][5359.095s][info][gc,marking  ] GC(1127) Concurrent Clear Claimed Marks
[2024-08-15T13:57:43.151+0000][5359.096s][info][gc,marking  ] GC(1127) Concurrent Clear Claimed Marks 0.465ms
[2024-08-15T13:57:43.151+0000][5359.096s][info][gc,marking  ] GC(1127) Concurrent Scan Root Regions
[2024-08-15T13:57:43.181+0000][5359.125s][info][gc,marking  ] GC(1127) Concurrent Scan Root Regions 29.557ms
[2024-08-15T13:57:43.181+0000][5359.125s][info][gc,marking  ] GC(1127) Concurrent Mark
[2024-08-15T13:57:43.181+0000][5359.125s][info][gc,marking  ] GC(1127) Concurrent Mark From Roots
[2024-08-15T13:57:43.181+0000][5359.125s][info][gc,task     ] GC(1127) Using 2 workers of 2 for marking
[2024-08-15T13:57:45.329+0000][5361.274s][info][gc,marking  ] GC(1127) Concurrent Mark From Roots 2148.644ms
[2024-08-15T13:57:45.329+0000][5361.274s][info][gc,marking  ] GC(1127) Concurrent Preclean
[2024-08-15T13:57:45.331+0000][5361.275s][info][gc,marking  ] GC(1127) Concurrent Preclean 1.121ms
[2024-08-15T13:57:45.331+0000][5361.275s][info][gc,start    ] GC(1127) Pause Remark
[2024-08-15T13:57:45.354+0000][5361.298s][info][gc          ] GC(1127) Pause Remark 5314M->5274M(12288M) 22.841ms
[2024-08-15T13:57:45.354+0000][5361.298s][info][gc,cpu      ] GC(1127) User=0.09s Sys=0.00s Real=0.02s
[2024-08-15T13:57:45.354+0000][5361.298s][info][gc,marking  ] GC(1127) Concurrent Mark 2172.980ms
[2024-08-15T13:57:45.354+0000][5361.298s][info][gc,marking  ] GC(1127) Concurrent Rebuild Remembered Sets
[2024-08-15T13:57:46.632+0000][5362.576s][info][gc,marking  ] GC(1127) Concurrent Rebuild Remembered Sets 1277.774ms
[2024-08-15T13:57:46.632+0000][5362.576s][info][gc,start    ] GC(1127) Pause Cleanup
[2024-08-15T13:57:46.632+0000][5362.577s][info][gc          ] GC(1127) Pause Cleanup 6177M->6177M(12288M) 0.682ms
[2024-08-15T13:57:46.632+0000][5362.577s][info][gc,cpu      ] GC(1127) User=0.00s Sys=0.00s Real=0.00s
[2024-08-15T13:57:46.633+0000][5362.577s][info][gc,marking  ] GC(1127) Concurrent Cleanup for Next Mark
[2024-08-15T13:57:46.655+0000][5362.600s][info][gc,marking  ] GC(1127) Concurrent Cleanup for Next Mark 22.553ms
[2024-08-15T13:57:46.655+0000][5362.600s][info][gc          ] GC(1127) Concurrent Mark Cycle 3504.524ms
[2024-08-15T13:57:51.328+0000][5367.273s][info][gc,start    ] GC(1128) Pause Young (Prepare Mixed) (G1 Evacuation Pause)
[2024-08-15T13:57:51.328+0000][5367.273s][info][gc,task     ] GC(1128) Using 6 workers of 6 for evacuation
[2024-08-15T13:57:51.373+0000][5367.318s][info][gc,phases   ] GC(1128)   Pre Evacuate Collection Set: 0.2ms
[2024-08-15T13:57:51.373+0000][5367.318s][info][gc,phases   ] GC(1128)   Merge Heap Roots: 0.4ms
[2024-08-15T13:57:51.373+0000][5367.318s][info][gc,phases   ] GC(1128)   Evacuate Collection Set: 42.4ms
[2024-08-15T13:57:51.373+0000][5367.318s][info][gc,phases   ] GC(1128)   Post Evacuate Collection Set: 1.8ms
[2024-08-15T13:57:51.373+0000][5367.318s][info][gc,phases   ] GC(1128)   Other: 0.2ms
[2024-08-15T13:57:51.373+0000][5367.318s][info][gc,heap     ] GC(1128) Eden regions: 725->0(61)
[2024-08-15T13:57:51.373+0000][5367.318s][info][gc,heap     ] GC(1128) Survivor regions: 12->15(93)
[2024-08-15T13:57:51.373+0000][5367.318s][info][gc,heap     ] GC(1128) Old regions: 460->460
[2024-08-15T13:57:51.373+0000][5367.318s][info][gc,heap     ] GC(1128) Archive regions: 2->2
[2024-08-15T13:57:51.373+0000][5367.318s][info][gc,heap     ] GC(1128) Humongous regions: 7->7
[2024-08-15T13:57:51.373+0000][5367.318s][info][gc,metaspace] GC(1128) Metaspace: 441013K(447360K)->441013K(447360K) NonClass: 386017K(389632K)->386017K(389632K) Class: 54995K(57728K)->54995K(57728K)
[2024-08-15T13:57:51.373+0000][5367.318s][info][gc          ] GC(1128) Pause Young (Prepare Mixed) (G1 Evacuation Pause) 9633M->3858M(12288M) 45.025ms
[2024-08-15T13:57:51.373+0000][5367.318s][info][gc,cpu      ] GC(1128) User=0.26s Sys=0.00s Real=0.04s
[2024-08-15T13:57:52.049+0000][5367.994s][info][gc,start    ] GC(1129) Pause Young (Mixed) (G1 Evacuation Pause)
[2024-08-15T13:57:52.049+0000][5367.994s][info][gc,task     ] GC(1129) Using 6 workers of 6 for evacuation
[2024-08-15T13:57:52.179+0000][5368.123s][info][gc,phases   ] GC(1129)   Pre Evacuate Collection Set: 0.2ms
[2024-08-15T13:57:52.179+0000][5368.123s][info][gc,phases   ] GC(1129)   Merge Heap Roots: 0.5ms
[2024-08-15T13:57:52.179+0000][5368.123s][info][gc,phases   ] GC(1129)   Evacuate Collection Set: 108.1ms
[2024-08-15T13:57:52.179+0000][5368.123s][info][gc,phases   ] GC(1129)   Merge Optional Heap Roots: 0.2ms
[2024-08-15T13:57:52.179+0000][5368.123s][info][gc,phases   ] GC(1129)   Evacuate Optional Collection Set: 18.2ms
[2024-08-15T13:57:52.179+0000][5368.123s][info][gc,phases   ] GC(1129)   Post Evacuate Collection Set: 1.8ms
[2024-08-15T13:57:52.179+0000][5368.123s][info][gc,phases   ] GC(1129)   Other: 0.2ms
[2024-08-15T13:57:52.179+0000][5368.123s][info][gc,heap     ] GC(1129) Eden regions: 61->0(811)
[2024-08-15T13:57:52.179+0000][5368.123s][info][gc,heap     ] GC(1129) Survivor regions: 15->5(10)
[2024-08-15T13:57:52.179+0000][5368.123s][info][gc,heap     ] GC(1129) Old regions: 460->385
[2024-08-15T13:57:52.179+0000][5368.123s][info][gc,heap     ] GC(1129) Archive regions: 2->2
[2024-08-15T13:57:52.179+0000][5368.123s][info][gc,heap     ] GC(1129) Humongous regions: 7->7
[2024-08-15T13:57:52.179+0000][5368.123s][info][gc,metaspace] GC(1129) Metaspace: 441013K(447360K)->441013K(447360K) NonClass: 386017K(389632K)->386017K(389632K) Class: 54995K(57728K)->54995K(57728K)
[2024-08-15T13:57:52.179+0000][5368.123s][info][gc          ] GC(1129) Pause Young (Mixed) (G1 Evacuation Pause) 4346M->3180M(12288M) 129.324ms
[2024-08-15T13:57:52.179+0000][5368.123s][info][gc,cpu      ] GC(1129) User=0.77s Sys=0.00s Real=0.13s
[2024-08-15T13:58:00.960+0000][5376.905s][info][gc,start    ] GC(1130) Pause Young (Normal) (G1 Evacuation Pause)
[2024-08-15T13:58:00.960+0000][5376.905s][info][gc,task     ] GC(1130) Using 6 workers of 6 for evacuation
[2024-08-15T13:58:00.981+0000][5376.925s][info][gc,phases   ] GC(1130)   Pre Evacuate Collection Set: 0.2ms
[2024-08-15T13:58:00.981+0000][5376.925s][info][gc,phases   ] GC(1130)   Merge Heap Roots: 0.2ms
[2024-08-15T13:58:00.981+0000][5376.925s][info][gc,phases   ] GC(1130)   Evacuate Collection Set: 17.9ms
[2024-08-15T13:58:00.981+0000][5376.925s][info][gc,phases   ] GC(1130)   Post Evacuate Collection Set: 1.7ms
[2024-08-15T13:58:00.981+0000][5376.925s][info][gc,phases   ] GC(1130)   Other: 0.2ms
[2024-08-15T13:58:00.981+0000][5376.925s][info][gc,heap     ] GC(1130) Eden regions: 811->0(809)
[2024-08-15T13:58:00.981+0000][5376.925s][info][gc,heap     ] GC(1130) Survivor regions: 5->8(102)
[2024-08-15T13:58:00.981+0000][5376.925s][info][gc,heap     ] GC(1130) Old regions: 385->385
[2024-08-15T13:58:00.981+0000][5376.925s][info][gc,heap     ] GC(1130) Archive regions: 2->2
[2024-08-15T13:58:00.981+0000][5376.925s][info][gc,heap     ] GC(1130) Humongous regions: 7->7
[2024-08-15T13:58:00.981+0000][5376.925s][info][gc,metaspace] GC(1130) Metaspace: 441022K(447360K)->441022K(447360K) NonClass: 386026K(389632K)->386026K(389632K) Class: 54996K(57728K)->54996K(57728K)
[2024-08-15T13:58:00.981+0000][5376.925s][info][gc          ] GC(1130) Pause Young (Normal) (G1 Evacuation Pause) 9668M->3203M(12288M) 20.308ms
[2024-08-15T13:58:00.981+0000][5376.925s][info][gc,cpu      ] GC(1130) User=0.12s Sys=0.00s Real=0.02s
[2024-08-15T13:58:09.820+0000][5385.765s][info][gc,start    ] GC(1131) Pause Young (Normal) (G1 Evacuation Pause)
[2024-08-15T13:58:09.820+0000][5385.765s][info][gc,task     ] GC(1131) Using 6 workers of 6 for evacuation
[2024-08-15T13:58:09.843+0000][5385.788s][info][gc,phases   ] GC(1131)   Pre Evacuate Collection Set: 0.2ms
[2024-08-15T13:58:09.843+0000][5385.788s][info][gc,phases   ] GC(1131)   Merge Heap Roots: 0.2ms
[2024-08-15T13:58:09.843+0000][5385.788s][info][gc,phases   ] GC(1131)   Evacuate Collection Set: 20.7ms
[2024-08-15T13:58:09.843+0000][5385.788s][info][gc,phases   ] GC(1131)   Post Evacuate Collection Set: 1.7ms
[2024-08-15T13:58:09.843+0000][5385.788s][info][gc,phases   ] GC(1131)   Other: 0.2ms
[2024-08-15T13:58:09.843+0000][5385.788s][info][gc,heap     ] GC(1131) Eden regions: 809->0(807)
[2024-08-15T13:58:09.843+0000][5385.788s][info][gc,heap     ] GC(1131) Survivor regions: 8->11(103)
[2024-08-15T13:58:09.843+0000][5385.788s][info][gc,heap     ] GC(1131) Old regions: 385->385
[2024-08-15T13:58:09.843+0000][5385.788s][info][gc,heap     ] GC(1131) Archive regions: 2->2
[2024-08-15T13:58:09.843+0000][5385.788s][info][gc,heap     ] GC(1131) Humongous regions: 7->7
[2024-08-15T13:58:09.843+0000][5385.788s][info][gc,metaspace] GC(1131) Metaspace: 441022K(447360K)->441022K(447360K) NonClass: 386026K(389632K)->386026K(389632K) Class: 54996K(57728K)->54996K(57728K)
[2024-08-15T13:58:09.843+0000][5385.788s][info][gc          ] GC(1131) Pause Young (Normal) (G1 Evacuation Pause) 9675M->3228M(12288M) 23.084ms
[2024-08-15T13:58:09.843+0000][5385.788s][info][gc,cpu      ] GC(1131) User=0.13s Sys=0.01s Real=0.03s
[2024-08-15T13:58:18.357+0000][5394.302s][info][gc,start    ] GC(1132) Pause Young (Concurrent Start) (G1 Evacuation Pause)
[2024-08-15T13:58:18.357+0000][5394.302s][info][gc,task     ] GC(1132) Using 6 workers of 6 for evacuation
[2024-08-15T13:58:18.388+0000][5394.332s][info][gc,phases   ] GC(1132)   Pre Evacuate Collection Set: 0.6ms
[2024-08-15T13:58:18.388+0000][5394.332s][info][gc,phases   ] GC(1132)   Merge Heap Roots: 0.2ms
[2024-08-15T13:58:18.388+0000][5394.332s][info][gc,phases   ] GC(1132)   Evacuate Collection Set: 27.3ms
[2024-08-15T13:58:18.388+0000][5394.332s][info][gc,phases   ] GC(1132)   Post Evacuate Collection Set: 1.9ms
[2024-08-15T13:58:18.388+0000][5394.332s][info][gc,phases   ] GC(1132)   Other: 0.3ms
[2024-08-15T13:58:18.388+0000][5394.332s][info][gc,heap     ] GC(1132) Eden regions: 807->0(807)
[2024-08-15T13:58:18.388+0000][5394.332s][info][gc,heap     ] GC(1132) Survivor regions: 11->12(103)
[2024-08-15T13:58:18.388+0000][5394.332s][info][gc,heap     ] GC(1132) Old regions: 385->385
[2024-08-15T13:58:18.388+0000][5394.332s][info][gc,heap     ] GC(1132) Archive regions: 2->2
[2024-08-15T13:58:18.388+0000][5394.332s][info][gc,heap     ] GC(1132) Humongous regions: 7->7
[2024-08-15T13:58:18.388+0000][5394.332s][info][gc,metaspace] GC(1132) Metaspace: 441022K(447360K)->441022K(447360K) NonClass: 386026K(389632K)->386026K(389632K) Class: 54996K(57728K)->54996K(57728K)
[2024-08-15T13:58:18.388+0000][5394.332s][info][gc          ] GC(1132) Pause Young (Concurrent Start) (G1 Evacuation Pause) 9684M->3231M(12288M) 30.339ms
[2024-08-15T13:58:18.388+0000][5394.332s][info][gc,cpu      ] GC(1132) User=0.17s Sys=0.00s Real=0.03s
[2024-08-15T13:58:18.388+0000][5394.332s][info][gc          ] GC(1133) Concurrent Mark Cycle
[2024-08-15T13:58:18.388+0000][5394.332s][info][gc,marking  ] GC(1133) Concurrent Clear Claimed Marks
[2024-08-15T13:58:18.388+0000][5394.333s][info][gc,marking  ] GC(1133) Concurrent Clear Claimed Marks 0.434ms
[2024-08-15T13:58:18.388+0000][5394.333s][info][gc,marking  ] GC(1133) Concurrent Scan Root Regions
[2024-08-15T13:58:18.409+0000][5394.353s][info][gc,marking  ] GC(1133) Concurrent Scan Root Regions 20.555ms
[2024-08-15T13:58:18.409+0000][5394.354s][info][gc,marking  ] GC(1133) Concurrent Mark
[2024-08-15T13:58:18.409+0000][5394.354s][info][gc,marking  ] GC(1133) Concurrent Mark From Roots
[2024-08-15T13:58:18.409+0000][5394.354s][info][gc,task     ] GC(1133) Using 2 workers of 2 for marking
[2024-08-15T13:58:20.648+0000][5396.592s][info][gc,marking  ] GC(1133) Concurrent Mark From Roots 2238.946ms
[2024-08-15T13:58:20.648+0000][5396.593s][info][gc,marking  ] GC(1133) Concurrent Preclean
[2024-08-15T13:58:20.649+0000][5396.594s][info][gc,marking  ] GC(1133) Concurrent Preclean 1.494ms
[2024-08-15T13:58:20.650+0000][5396.594s][info][gc,start    ] GC(1133) Pause Remark
[2024-08-15T13:58:20.673+0000][5396.618s][info][gc          ] GC(1133) Pause Remark 4763M->4747M(12288M) 23.778ms
[2024-08-15T13:58:20.673+0000][5396.618s][info][gc,cpu      ] GC(1133) User=0.10s Sys=0.00s Real=0.02s
[2024-08-15T13:58:20.674+0000][5396.618s][info][gc,marking  ] GC(1133) Concurrent Mark 2264.654ms
[2024-08-15T13:58:20.674+0000][5396.618s][info][gc,marking  ] GC(1133) Concurrent Rebuild Remembered Sets
[2024-08-15T13:58:21.996+0000][5397.941s][info][gc,marking  ] GC(1133) Concurrent Rebuild Remembered Sets 1322.635ms
[2024-08-15T13:58:21.996+0000][5397.941s][info][gc,start    ] GC(1133) Pause Cleanup
[2024-08-15T13:58:21.997+0000][5397.942s][info][gc          ] GC(1133) Pause Cleanup 5655M->5655M(12288M) 0.682ms
[2024-08-15T13:58:21.997+0000][5397.942s][info][gc,cpu      ] GC(1133) User=0.00s Sys=0.00s Real=0.00s
[2024-08-15T13:58:21.997+0000][5397.942s][info][gc,marking  ] GC(1133) Concurrent Cleanup for Next Mark
[2024-08-15T13:58:22.014+0000][5397.959s][info][gc,marking  ] GC(1133) Concurrent Cleanup for Next Mark 17.052ms
[2024-08-15T13:58:22.014+0000][5397.959s][info][gc          ] GC(1133) Concurrent Mark Cycle 3626.508ms
[2024-08-15T13:58:27.556+0000][5403.500s][info][gc,start    ] GC(1134) Pause Young (Prepare Mixed) (G1 Evacuation Pause)
[2024-08-15T13:58:27.556+0000][5403.500s][info][gc,task     ] GC(1134) Using 6 workers of 6 for evacuation
[2024-08-15T13:58:27.588+0000][5403.533s][info][gc,phases   ] GC(1134)   Pre Evacuate Collection Set: 0.2ms
[2024-08-15T13:58:27.588+0000][5403.533s][info][gc,phases   ] GC(1134)   Merge Heap Roots: 0.3ms
[2024-08-15T13:58:27.588+0000][5403.533s][info][gc,phases   ] GC(1134)   Evacuate Collection Set: 30.3ms
[2024-08-15T13:58:27.588+0000][5403.533s][info][gc,phases   ] GC(1134)   Post Evacuate Collection Set: 1.8ms
[2024-08-15T13:58:27.588+0000][5403.533s][info][gc,phases   ] GC(1134)   Other: 0.2ms
[2024-08-15T13:58:27.588+0000][5403.533s][info][gc,heap     ] GC(1134) Eden regions: 807->0(61)
[2024-08-15T13:58:27.588+0000][5403.533s][info][gc,heap     ] GC(1134) Survivor regions: 12->15(103)
[2024-08-15T13:58:27.588+0000][5403.533s][info][gc,heap     ] GC(1134) Old regions: 385->385
[2024-08-15T13:58:27.588+0000][5403.533s][info][gc,heap     ] GC(1134) Archive regions: 2->2
[2024-08-15T13:58:27.588+0000][5403.533s][info][gc,heap     ] GC(1134) Humongous regions: 5->5
[2024-08-15T13:58:27.588+0000][5403.533s][info][gc,metaspace] GC(1134) Metaspace: 441022K(447360K)->441022K(447360K) NonClass: 386026K(389632K)->386026K(389632K) Class: 54996K(57728K)->54996K(57728K)
[2024-08-15T13:58:27.588+0000][5403.533s][info][gc          ] GC(1134) Pause Young (Prepare Mixed) (G1 Evacuation Pause) 9671M->3242M(12288M) 32.765ms
[2024-08-15T13:58:27.588+0000][5403.533s][info][gc,cpu      ] GC(1134) User=0.19s Sys=0.00s Real=0.03s
[2024-08-15T13:58:28.260+0000][5404.205s][info][gc,start    ] GC(1135) Pause Young (Mixed) (G1 Evacuation Pause)
[2024-08-15T13:58:28.260+0000][5404.205s][info][gc,task     ] GC(1135) Using 6 workers of 6 for evacuation
[2024-08-15T13:58:28.322+0000][5404.267s][info][gc,phases   ] GC(1135)   Pre Evacuate Collection Set: 0.2ms
[2024-08-15T13:58:28.322+0000][5404.267s][info][gc,phases   ] GC(1135)   Merge Heap Roots: 0.3ms
[2024-08-15T13:58:28.322+0000][5404.267s][info][gc,phases   ] GC(1135)   Evacuate Collection Set: 60.1ms
[2024-08-15T13:58:28.322+0000][5404.267s][info][gc,phases   ] GC(1135)   Post Evacuate Collection Set: 1.3ms
[2024-08-15T13:58:28.322+0000][5404.267s][info][gc,phases   ] GC(1135)   Other: 0.2ms
[2024-08-15T13:58:28.322+0000][5404.267s][info][gc,heap     ] GC(1135) Eden regions: 61->0(823)
[2024-08-15T13:58:28.322+0000][5404.267s][info][gc,heap     ] GC(1135) Survivor regions: 15->5(10)
[2024-08-15T13:58:28.322+0000][5404.267s][info][gc,heap     ] GC(1135) Old regions: 385->378
[2024-08-15T13:58:28.322+0000][5404.267s][info][gc,heap     ] GC(1135) Archive regions: 2->2
[2024-08-15T13:58:28.322+0000][5404.267s][info][gc,heap     ] GC(1135) Humongous regions: 5->5
[2024-08-15T13:58:28.322+0000][5404.267s][info][gc,metaspace] GC(1135) Metaspace: 441022K(447360K)->441022K(447360K) NonClass: 386026K(389632K)->386026K(389632K) Class: 54996K(57728K)->54996K(57728K)
[2024-08-15T13:58:28.322+0000][5404.267s][info][gc          ] GC(1135) Pause Young (Mixed) (G1 Evacuation Pause) 3730M->3107M(12288M) 61.982ms
[2024-08-15T13:58:28.322+0000][5404.267s][info][gc,cpu      ] GC(1135) User=0.37s Sys=0.00s Real=0.06s
[2024-08-15T13:58:36.903+0000][5412.847s][info][gc,start    ] GC(1136) Pause Young (Normal) (G1 Evacuation Pause)
[2024-08-15T13:58:36.903+0000][5412.847s][info][gc,task     ] GC(1136) Using 6 workers of 6 for evacuation
[2024-08-15T13:58:36.926+0000][5412.870s][info][gc,phases   ] GC(1136)   Pre Evacuate Collection Set: 0.2ms
[2024-08-15T13:58:36.926+0000][5412.870s][info][gc,phases   ] GC(1136)   Merge Heap Roots: 0.3ms
[2024-08-15T13:58:36.926+0000][5412.870s][info][gc,phases   ] GC(1136)   Evacuate Collection Set: 20.8ms
[2024-08-15T13:58:36.926+0000][5412.870s][info][gc,phases   ] GC(1136)   Post Evacuate Collection Set: 1.7ms
[2024-08-15T13:58:36.926+0000][5412.871s][info][gc,phases   ] GC(1136)   Other: 0.2ms
[2024-08-15T13:58:36.926+0000][5412.871s][info][gc,heap     ] GC(1136) Eden regions: 823->0(821)
[2024-08-15T13:58:36.926+0000][5412.871s][info][gc,heap     ] GC(1136) Survivor regions: 5->8(104)
[2024-08-15T13:58:36.926+0000][5412.871s][info][gc,heap     ] GC(1136) Old regions: 378->378
[2024-08-15T13:58:36.926+0000][5412.871s][info][gc,heap     ] GC(1136) Archive regions: 2->2
[2024-08-15T13:58:36.926+0000][5412.871s][info][gc,heap     ] GC(1136) Humongous regions: 5->5
[2024-08-15T13:58:36.926+0000][5412.871s][info][gc,metaspace] GC(1136) Metaspace: 441025K(447360K)->441025K(447360K) NonClass: 386029K(389632K)->386029K(389632K) Class: 54996K(57728K)->54996K(57728K)
[2024-08-15T13:58:36.926+0000][5412.871s][info][gc          ] GC(1136) Pause Young (Normal) (G1 Evacuation Pause) 9691M->3125M(12288M) 23.202ms
[2024-08-15T13:58:36.926+0000][5412.871s][info][gc,cpu      ] GC(1136) User=0.13s Sys=0.01s Real=0.03s
[2024-08-15T13:58:46.008+0000][5421.953s][info][gc,start    ] GC(1137) Pause Young (Normal) (G1 Evacuation Pause)
[2024-08-15T13:58:46.008+0000][5421.953s][info][gc,task     ] GC(1137) Using 6 workers of 6 for evacuation
[2024-08-15T13:58:46.034+0000][5421.978s][info][gc,phases   ] GC(1137)   Pre Evacuate Collection Set: 0.2ms
[2024-08-15T13:58:46.034+0000][5421.978s][info][gc,phases   ] GC(1137)   Merge Heap Roots: 0.3ms
[2024-08-15T13:58:46.034+0000][5421.978s][info][gc,phases   ] GC(1137)   Evacuate Collection Set: 23.2ms
[2024-08-15T13:58:46.034+0000][5421.978s][info][gc,phases   ] GC(1137)   Post Evacuate Collection Set: 1.8ms
[2024-08-15T13:58:46.034+0000][5421.978s][info][gc,phases   ] GC(1137)   Other: 0.2ms
[2024-08-15T13:58:46.034+0000][5421.978s][info][gc,heap     ] GC(1137) Eden regions: 821->0(818)
[2024-08-15T13:58:46.034+0000][5421.978s][info][gc,heap     ] GC(1137) Survivor regions: 8->11(104)
[2024-08-15T13:58:46.034+0000][5421.978s][info][gc,heap     ] GC(1137) Old regions: 378->378
[2024-08-15T13:58:46.034+0000][5421.978s][info][gc,heap     ] GC(1137) Archive regions: 2->2
[2024-08-15T13:58:46.034+0000][5421.978s][info][gc,heap     ] GC(1137) Humongous regions: 5->5
[2024-08-15T13:58:46.034+0000][5421.978s][info][gc,metaspace] GC(1137) Metaspace: 441028K(447360K)->441028K(447360K) NonClass: 386032K(389632K)->386032K(389632K) Class: 54996K(57728K)->54996K(57728K)
[2024-08-15T13:58:46.034+0000][5421.978s][info][gc          ] GC(1137) Pause Young (Normal) (G1 Evacuation Pause) 9693M->3152M(12288M) 25.754ms
[2024-08-15T13:58:46.034+0000][5421.978s][info][gc,cpu      ] GC(1137) User=0.15s Sys=0.00s Real=0.02s
[2024-08-15T13:58:54.772+0000][5430.717s][info][gc,start    ] GC(1138) Pause Young (Concurrent Start) (G1 Evacuation Pause)
[2024-08-15T13:58:54.772+0000][5430.717s][info][gc,task     ] GC(1138) Using 6 workers of 6 for evacuation
[2024-08-15T13:58:54.807+0000][5430.752s][info][gc,phases   ] GC(1138)   Pre Evacuate Collection Set: 0.6ms
[2024-08-15T13:58:54.807+0000][5430.752s][info][gc,phases   ] GC(1138)   Merge Heap Roots: 0.2ms
[2024-08-15T13:58:54.807+0000][5430.752s][info][gc,phases   ] GC(1138)   Evacuate Collection Set: 32.0ms
[2024-08-15T13:58:54.807+0000][5430.752s][info][gc,phases   ] GC(1138)   Post Evacuate Collection Set: 1.9ms
[2024-08-15T13:58:54.807+0000][5430.752s][info][gc,phases   ] GC(1138)   Other: 0.3ms
[2024-08-15T13:58:54.807+0000][5430.752s][info][gc,heap     ] GC(1138) Eden regions: 818->0(819)
[2024-08-15T13:58:54.807+0000][5430.752s][info][gc,heap     ] GC(1138) Survivor regions: 11->11(104)
[2024-08-15T13:58:54.807+0000][5430.752s][info][gc,heap     ] GC(1138) Old regions: 378->378
[2024-08-15T13:58:54.807+0000][5430.752s][info][gc,heap     ] GC(1138) Archive regions: 2->2
[2024-08-15T13:58:54.807+0000][5430.752s][info][gc,heap     ] GC(1138) Humongous regions: 5->5
[2024-08-15T13:58:54.807+0000][5430.752s][info][gc,metaspace] GC(1138) Metaspace: 441028K(447360K)->441028K(447360K) NonClass: 386032K(389632K)->386032K(389632K) Class: 54996K(57728K)->54996K(57728K)
[2024-08-15T13:58:54.807+0000][5430.752s][info][gc          ] GC(1138) Pause Young (Concurrent Start) (G1 Evacuation Pause) 9696M->3155M(12288M) 35.097ms
[2024-08-15T13:58:54.807+0000][5430.752s][info][gc,cpu      ] GC(1138) User=0.20s Sys=0.00s Real=0.04s
[2024-08-15T13:58:54.807+0000][5430.752s][info][gc          ] GC(1139) Concurrent Mark Cycle
[2024-08-15T13:58:54.807+0000][5430.752s][info][gc,marking  ] GC(1139) Concurrent Clear Claimed Marks
[2024-08-15T13:58:54.808+0000][5430.752s][info][gc,marking  ] GC(1139) Concurrent Clear Claimed Marks 0.431ms
[2024-08-15T13:58:54.808+0000][5430.753s][info][gc,marking  ] GC(1139) Concurrent Scan Root Regions
[2024-08-15T13:58:54.830+0000][5430.775s][info][gc,marking  ] GC(1139) Concurrent Scan Root Regions 22.558ms
[2024-08-15T13:58:54.830+0000][5430.775s][info][gc,marking  ] GC(1139) Concurrent Mark
[2024-08-15T13:58:54.830+0000][5430.775s][info][gc,marking  ] GC(1139) Concurrent Mark From Roots
[2024-08-15T13:58:54.830+0000][5430.775s][info][gc,task     ] GC(1139) Using 2 workers of 2 for marking
[2024-08-15T13:58:57.042+0000][5432.987s][info][gc,marking  ] GC(1139) Concurrent Mark From Roots 2211.646ms
[2024-08-15T13:58:57.042+0000][5432.987s][info][gc,marking  ] GC(1139) Concurrent Preclean
[2024-08-15T13:58:57.044+0000][5432.988s][info][gc,marking  ] GC(1139) Concurrent Preclean 1.478ms
[2024-08-15T13:58:57.044+0000][5432.988s][info][gc,start    ] GC(1139) Pause Remark
[2024-08-15T13:58:57.067+0000][5433.011s][info][gc          ] GC(1139) Pause Remark 4675M->4675M(12288M) 22.768ms
[2024-08-15T13:58:57.067+0000][5433.011s][info][gc,cpu      ] GC(1139) User=0.09s Sys=0.00s Real=0.02s
[2024-08-15T13:58:57.067+0000][5433.011s][info][gc,marking  ] GC(1139) Concurrent Mark 2236.321ms
[2024-08-15T13:58:57.067+0000][5433.011s][info][gc,marking  ] GC(1139) Concurrent Rebuild Remembered Sets
[2024-08-15T13:58:58.354+0000][5434.299s][info][gc,marking  ] GC(1139) Concurrent Rebuild Remembered Sets 1287.238ms
[2024-08-15T13:58:58.354+0000][5434.299s][info][gc,start    ] GC(1139) Pause Cleanup
[2024-08-15T13:58:58.355+0000][5434.299s][info][gc          ] GC(1139) Pause Cleanup 5575M->5575M(12288M) 0.629ms
[2024-08-15T13:58:58.355+0000][5434.299s][info][gc,cpu      ] GC(1139) User=0.00s Sys=0.00s Real=0.00s
[2024-08-15T13:58:58.355+0000][5434.300s][info][gc,marking  ] GC(1139) Concurrent Cleanup for Next Mark
[2024-08-15T13:58:58.372+0000][5434.317s][info][gc,marking  ] GC(1139) Concurrent Cleanup for Next Mark 17.273ms
[2024-08-15T13:58:58.372+0000][5434.317s][info][gc          ] GC(1139) Concurrent Mark Cycle 3564.834ms
[2024-08-15T13:59:04.008+0000][5439.953s][info][gc,start    ] GC(1140) Pause Young (Prepare Mixed) (G1 Evacuation Pause)
[2024-08-15T13:59:04.008+0000][5439.953s][info][gc,task     ] GC(1140) Using 6 workers of 6 for evacuation
[2024-08-15T13:59:04.050+0000][5439.995s][info][gc,phases   ] GC(1140)   Pre Evacuate Collection Set: 0.2ms
[2024-08-15T13:59:04.050+0000][5439.995s][info][gc,phases   ] GC(1140)   Merge Heap Roots: 0.3ms
[2024-08-15T13:59:04.050+0000][5439.995s][info][gc,phases   ] GC(1140)   Evacuate Collection Set: 39.7ms
[2024-08-15T13:59:04.050+0000][5439.995s][info][gc,phases   ] GC(1140)   Post Evacuate Collection Set: 1.8ms
[2024-08-15T13:59:04.050+0000][5439.995s][info][gc,phases   ] GC(1140)   Other: 0.2ms
[2024-08-15T13:59:04.050+0000][5439.995s][info][gc,heap     ] GC(1140) Eden regions: 819->0(61)
[2024-08-15T13:59:04.050+0000][5439.995s][info][gc,heap     ] GC(1140) Survivor regions: 11->15(104)
[2024-08-15T13:59:04.050+0000][5439.995s][info][gc,heap     ] GC(1140) Old regions: 378->378
[2024-08-15T13:59:04.050+0000][5439.995s][info][gc,heap     ] GC(1140) Archive regions: 2->2
[2024-08-15T13:59:04.050+0000][5439.995s][info][gc,heap     ] GC(1140) Humongous regions: 5->5
[2024-08-15T13:59:04.050+0000][5439.995s][info][gc,metaspace] GC(1140) Metaspace: 441028K(447360K)->441028K(447360K) NonClass: 386032K(389632K)->386032K(389632K) Class: 54996K(57728K)->54996K(57728K)
[2024-08-15T13:59:04.050+0000][5439.995s][info][gc          ] GC(1140) Pause Young (Prepare Mixed) (G1 Evacuation Pause) 9707M->3182M(12288M) 42.277ms
[2024-08-15T13:59:04.050+0000][5439.995s][info][gc,cpu      ] GC(1140) User=0.25s Sys=0.00s Real=0.04s
[2024-08-15T13:59:04.742+0000][5440.686s][info][gc,start    ] GC(1141) Pause Young (Mixed) (G1 Evacuation Pause)
[2024-08-15T13:59:04.742+0000][5440.686s][info][gc,task     ] GC(1141) Using 6 workers of 6 for evacuation
[2024-08-15T13:59:04.813+0000][5440.758s][info][gc,phases   ] GC(1141)   Pre Evacuate Collection Set: 0.2ms
[2024-08-15T13:59:04.813+0000][5440.758s][info][gc,phases   ] GC(1141)   Merge Heap Roots: 0.3ms
[2024-08-15T13:59:04.813+0000][5440.758s][info][gc,phases   ] GC(1141)   Evacuate Collection Set: 69.5ms
[2024-08-15T13:59:04.813+0000][5440.758s][info][gc,phases   ] GC(1141)   Post Evacuate Collection Set: 1.2ms
[2024-08-15T13:59:04.813+0000][5440.758s][info][gc,phases   ] GC(1141)   Other: 0.2ms
[2024-08-15T13:59:04.813+0000][5440.758s][info][gc,heap     ] GC(1141) Eden regions: 61->0(829)
[2024-08-15T13:59:04.813+0000][5440.758s][info][gc,heap     ] GC(1141) Survivor regions: 15->6(10)
[2024-08-15T13:59:04.813+0000][5440.758s][info][gc,heap     ] GC(1141) Old regions: 378->372
[2024-08-15T13:59:04.813+0000][5440.758s][info][gc,heap     ] GC(1141) Archive regions: 2->2
[2024-08-15T13:59:04.813+0000][5440.758s][info][gc,heap     ] GC(1141) Humongous regions: 5->5
[2024-08-15T13:59:04.813+0000][5440.758s][info][gc,metaspace] GC(1141) Metaspace: 441028K(447360K)->441028K(447360K) NonClass: 386032K(389632K)->386032K(389632K) Class: 54996K(57728K)->54996K(57728K)
[2024-08-15T13:59:04.813+0000][5440.758s][info][gc          ] GC(1141) Pause Young (Mixed) (G1 Evacuation Pause) 3670M->3064M(12288M) 71.495ms
[2024-08-15T13:59:04.813+0000][5440.758s][info][gc,cpu      ] GC(1141) User=0.42s Sys=0.00s Real=0.07s
[2024-08-15T13:59:13.883+0000][5449.827s][info][gc,start    ] GC(1142) Pause Young (Normal) (G1 Evacuation Pause)
[2024-08-15T13:59:13.883+0000][5449.827s][info][gc,task     ] GC(1142) Using 6 workers of 6 for evacuation
[2024-08-15T13:59:13.904+0000][5449.849s][info][gc,phases   ] GC(1142)   Pre Evacuate Collection Set: 0.2ms
[2024-08-15T13:59:13.904+0000][5449.849s][info][gc,phases   ] GC(1142)   Merge Heap Roots: 0.3ms
[2024-08-15T13:59:13.904+0000][5449.849s][info][gc,phases   ] GC(1142)   Evacuate Collection Set: 19.4ms
[2024-08-15T13:59:13.904+0000][5449.849s][info][gc,phases   ] GC(1142)   Post Evacuate Collection Set: 1.7ms
[2024-08-15T13:59:13.904+0000][5449.849s][info][gc,phases   ] GC(1142)   Other: 0.2ms
[2024-08-15T13:59:13.904+0000][5449.849s][info][gc,heap     ] GC(1142) Eden regions: 829->0(826)
[2024-08-15T13:59:13.904+0000][5449.849s][info][gc,heap     ] GC(1142) Survivor regions: 6->9(105)
[2024-08-15T13:59:13.904+0000][5449.849s][info][gc,heap     ] GC(1142) Old regions: 372->372
[2024-08-15T13:59:13.904+0000][5449.849s][info][gc,heap     ] GC(1142) Archive regions: 2->2
[2024-08-15T13:59:13.904+0000][5449.849s][info][gc,heap     ] GC(1142) Humongous regions: 5->5
[2024-08-15T13:59:13.904+0000][5449.849s][info][gc,metaspace] GC(1142) Metaspace: 441028K(447360K)->441028K(447360K) NonClass: 386032K(389632K)->386032K(389632K) Class: 54996K(57728K)->54996K(57728K)
[2024-08-15T13:59:13.904+0000][5449.849s][info][gc          ] GC(1142) Pause Young (Normal) (G1 Evacuation Pause) 9696M->3086M(12288M) 21.855ms
[2024-08-15T13:59:13.905+0000][5449.849s][info][gc,cpu      ] GC(1142) User=0.13s Sys=0.00s Real=0.03s
[2024-08-15T13:59:22.611+0000][5458.556s][info][gc,start    ] GC(1143) Pause Young (Normal) (G1 Evacuation Pause)
[2024-08-15T13:59:22.611+0000][5458.556s][info][gc,task     ] GC(1143) Using 6 workers of 6 for evacuation
[2024-08-15T13:59:22.639+0000][5458.583s][info][gc,phases   ] GC(1143)   Pre Evacuate Collection Set: 0.2ms
[2024-08-15T13:59:22.639+0000][5458.583s][info][gc,phases   ] GC(1143)   Merge Heap Roots: 0.3ms
[2024-08-15T13:59:22.639+0000][5458.583s][info][gc,phases   ] GC(1143)   Evacuate Collection Set: 25.0ms
[2024-08-15T13:59:22.639+0000][5458.583s][info][gc,phases   ] GC(1143)   Post Evacuate Collection Set: 1.7ms
[2024-08-15T13:59:22.639+0000][5458.583s][info][gc,phases   ] GC(1143)   Other: 0.2ms
[2024-08-15T13:59:22.639+0000][5458.583s][info][gc,heap     ] GC(1143) Eden regions: 826->0(824)
[2024-08-15T13:59:22.639+0000][5458.583s][info][gc,heap     ] GC(1143) Survivor regions: 9->11(105)
[2024-08-15T13:59:22.639+0000][5458.583s][info][gc,heap     ] GC(1143) Old regions: 372->372
[2024-08-15T13:59:22.639+0000][5458.583s][info][gc,heap     ] GC(1143) Archive regions: 2->2
[2024-08-15T13:59:22.639+0000][5458.583s][info][gc,heap     ] GC(1143) Humongous regions: 5->5
[2024-08-15T13:59:22.639+0000][5458.583s][info][gc,metaspace] GC(1143) Metaspace: 441029K(447360K)->441029K(447360K) NonClass: 386033K(389632K)->386033K(389632K) Class: 54996K(57728K)->54996K(57728K)
[2024-08-15T13:59:22.639+0000][5458.583s][info][gc          ] GC(1143) Pause Young (Normal) (G1 Evacuation Pause) 9694M->3106M(12288M) 27.434ms
[2024-08-15T13:59:22.639+0000][5458.583s][info][gc,cpu      ] GC(1143) User=0.18s Sys=0.00s Real=0.03s
[2024-08-15T13:59:31.391+0000][5467.335s][info][gc,start    ] GC(1144) Pause Young (Concurrent Start) (G1 Evacuation Pause)
[2024-08-15T13:59:31.391+0000][5467.335s][info][gc,task     ] GC(1144) Using 6 workers of 6 for evacuation
[2024-08-15T13:59:31.424+0000][5467.369s][info][gc,phases   ] GC(1144)   Pre Evacuate Collection Set: 0.6ms
[2024-08-15T13:59:31.424+0000][5467.369s][info][gc,phases   ] GC(1144)   Merge Heap Roots: 0.2ms
[2024-08-15T13:59:31.424+0000][5467.369s][info][gc,phases   ] GC(1144)   Evacuate Collection Set: 30.7ms
[2024-08-15T13:59:31.424+0000][5467.369s][info][gc,phases   ] GC(1144)   Post Evacuate Collection Set: 1.7ms
[2024-08-15T13:59:31.424+0000][5467.369s][info][gc,phases   ] GC(1144)   Other: 0.3ms
[2024-08-15T13:59:31.424+0000][5467.369s][info][gc,heap     ] GC(1144) Eden regions: 824->0(824)
[2024-08-15T13:59:31.424+0000][5467.369s][info][gc,heap     ] GC(1144) Survivor regions: 11->12(105)
[2024-08-15T13:59:31.424+0000][5467.369s][info][gc,heap     ] GC(1144) Old regions: 372->372
[2024-08-15T13:59:31.424+0000][5467.369s][info][gc,heap     ] GC(1144) Archive regions: 2->2
[2024-08-15T13:59:31.424+0000][5467.369s][info][gc,heap     ] GC(1144) Humongous regions: 5->5
[2024-08-15T13:59:31.424+0000][5467.369s][info][gc,metaspace] GC(1144) Metaspace: 441045K(447424K)->441045K(447424K) NonClass: 386049K(389696K)->386049K(389696K) Class: 54996K(57728K)->54996K(57728K)
[2024-08-15T13:59:31.424+0000][5467.369s][info][gc          ] GC(1144) Pause Young (Concurrent Start) (G1 Evacuation Pause) 9698M->3113M(12288M) 33.695ms
[2024-08-15T13:59:31.424+0000][5467.369s][info][gc,cpu      ] GC(1144) User=0.19s Sys=0.01s Real=0.04s
[2024-08-15T13:59:31.424+0000][5467.369s][info][gc          ] GC(1145) Concurrent Mark Cycle
[2024-08-15T13:59:31.424+0000][5467.369s][info][gc,marking  ] GC(1145) Concurrent Clear Claimed Marks
[2024-08-15T13:59:31.425+0000][5467.369s][info][gc,marking  ] GC(1145) Concurrent Clear Claimed Marks 0.437ms
[2024-08-15T13:59:31.425+0000][5467.369s][info][gc,marking  ] GC(1145) Concurrent Scan Root Regions
[2024-08-15T13:59:31.452+0000][5467.397s][info][gc,marking  ] GC(1145) Concurrent Scan Root Regions 27.384ms
[2024-08-15T13:59:31.452+0000][5467.397s][info][gc,marking  ] GC(1145) Concurrent Mark
[2024-08-15T13:59:31.452+0000][5467.397s][info][gc,marking  ] GC(1145) Concurrent Mark From Roots
[2024-08-15T13:59:31.452+0000][5467.397s][info][gc,task     ] GC(1145) Using 2 workers of 2 for marking
[2024-08-15T13:59:33.755+0000][5469.700s][info][gc,marking  ] GC(1145) Concurrent Mark From Roots 2302.733ms
[2024-08-15T13:59:33.755+0000][5469.700s][info][gc,marking  ] GC(1145) Concurrent Preclean
[2024-08-15T13:59:33.756+0000][5469.701s][info][gc,marking  ] GC(1145) Concurrent Preclean 1.432ms
[2024-08-15T13:59:33.757+0000][5469.701s][info][gc,start    ] GC(1145) Pause Remark
[2024-08-15T13:59:33.780+0000][5469.725s][info][gc          ] GC(1145) Pause Remark 4689M->4689M(12288M) 23.291ms
[2024-08-15T13:59:33.780+0000][5469.725s][info][gc,cpu      ] GC(1145) User=0.10s Sys=0.00s Real=0.02s
[2024-08-15T13:59:33.780+0000][5469.725s][info][gc,marking  ] GC(1145) Concurrent Mark 2327.925ms
[2024-08-15T13:59:33.780+0000][5469.725s][info][gc,marking  ] GC(1145) Concurrent Rebuild Remembered Sets
[2024-08-15T13:59:35.069+0000][5471.014s][info][gc,marking  ] GC(1145) Concurrent Rebuild Remembered Sets 1289.010ms
[2024-08-15T13:59:35.069+0000][5471.014s][info][gc,start    ] GC(1145) Pause Cleanup
[2024-08-15T13:59:35.070+0000][5471.015s][info][gc          ] GC(1145) Pause Cleanup 5633M->5633M(12288M) 0.621ms
[2024-08-15T13:59:35.070+0000][5471.015s][info][gc,cpu      ] GC(1145) User=0.00s Sys=0.00s Real=0.00s
[2024-08-15T13:59:35.070+0000][5471.015s][info][gc,marking  ] GC(1145) Concurrent Cleanup for Next Mark
[2024-08-15T13:59:35.087+0000][5471.032s][info][gc,marking  ] GC(1145) Concurrent Cleanup for Next Mark 17.401ms
[2024-08-15T13:59:35.088+0000][5471.032s][info][gc          ] GC(1145) Concurrent Mark Cycle 3663.256ms
[2024-08-15T13:59:40.557+0000][5476.502s][info][gc,start    ] GC(1146) Pause Young (Prepare Mixed) (G1 Evacuation Pause)
[2024-08-15T13:59:40.557+0000][5476.502s][info][gc,task     ] GC(1146) Using 6 workers of 6 for evacuation
[2024-08-15T13:59:40.593+0000][5476.538s][info][gc,phases   ] GC(1146)   Pre Evacuate Collection Set: 0.2ms
[2024-08-15T13:59:40.593+0000][5476.538s][info][gc,phases   ] GC(1146)   Merge Heap Roots: 0.3ms
[2024-08-15T13:59:40.593+0000][5476.538s][info][gc,phases   ] GC(1146)   Evacuate Collection Set: 33.6ms
[2024-08-15T13:59:40.593+0000][5476.538s][info][gc,phases   ] GC(1146)   Post Evacuate Collection Set: 1.9ms
[2024-08-15T13:59:40.593+0000][5476.538s][info][gc,phases   ] GC(1146)   Other: 0.2ms
[2024-08-15T13:59:40.593+0000][5476.538s][info][gc,heap     ] GC(1146) Eden regions: 824->0(62)
[2024-08-15T13:59:40.593+0000][5476.538s][info][gc,heap     ] GC(1146) Survivor regions: 12->14(105)
[2024-08-15T13:59:40.593+0000][5476.538s][info][gc,heap     ] GC(1146) Old regions: 372->372
[2024-08-15T13:59:40.593+0000][5476.538s][info][gc,heap     ] GC(1146) Archive regions: 2->2
[2024-08-15T13:59:40.593+0000][5476.538s][info][gc,heap     ] GC(1146) Humongous regions: 5->5
[2024-08-15T13:59:40.593+0000][5476.538s][info][gc,metaspace] GC(1146) Metaspace: 441045K(447424K)->441045K(447424K) NonClass: 386049K(389696K)->386049K(389696K) Class: 54996K(57728K)->54996K(57728K)
[2024-08-15T13:59:40.593+0000][5476.538s][info][gc          ] GC(1146) Pause Young (Prepare Mixed) (G1 Evacuation Pause) 9705M->3132M(12288M) 36.251ms
[2024-08-15T13:59:40.593+0000][5476.538s][info][gc,cpu      ] GC(1146) User=0.22s Sys=0.00s Real=0.03s
[2024-08-15T13:59:41.259+0000][5477.203s][info][gc,start    ] GC(1147) Pause Young (Mixed) (G1 Evacuation Pause)
[2024-08-15T13:59:41.259+0000][5477.203s][info][gc,task     ] GC(1147) Using 6 workers of 6 for evacuation
[2024-08-15T13:59:41.329+0000][5477.273s][info][gc,phases   ] GC(1147)   Pre Evacuate Collection Set: 0.2ms
[2024-08-15T13:59:41.329+0000][5477.273s][info][gc,phases   ] GC(1147)   Merge Heap Roots: 0.3ms
[2024-08-15T13:59:41.329+0000][5477.273s][info][gc,phases   ] GC(1147)   Evacuate Collection Set: 68.1ms
[2024-08-15T13:59:41.329+0000][5477.273s][info][gc,phases   ] GC(1147)   Post Evacuate Collection Set: 1.3ms
[2024-08-15T13:59:41.329+0000][5477.273s][info][gc,phases   ] GC(1147)   Other: 0.2ms
[2024-08-15T13:59:41.329+0000][5477.273s][info][gc,heap     ] GC(1147) Eden regions: 62->0(834)
[2024-08-15T13:59:41.329+0000][5477.273s][info][gc,heap     ] GC(1147) Survivor regions: 14->5(10)
[2024-08-15T13:59:41.329+0000][5477.273s][info][gc,heap     ] GC(1147) Old regions: 372->369
[2024-08-15T13:59:41.329+0000][5477.273s][info][gc,heap     ] GC(1147) Archive regions: 2->2
[2024-08-15T13:59:41.329+0000][5477.273s][info][gc,heap     ] GC(1147) Humongous regions: 5->5
[2024-08-15T13:59:41.329+0000][5477.273s][info][gc,metaspace] GC(1147) Metaspace: 441045K(447424K)->441045K(447424K) NonClass: 386049K(389696K)->386049K(389696K) Class: 54996K(57728K)->54996K(57728K)
[2024-08-15T13:59:41.329+0000][5477.273s][info][gc          ] GC(1147) Pause Young (Mixed) (G1 Evacuation Pause) 3628M->3029M(12288M) 70.140ms
[2024-08-15T13:59:41.329+0000][5477.273s][info][gc,cpu      ] GC(1147) User=0.42s Sys=0.00s Real=0.07s
[2024-08-15T13:59:47.066+0000][5483.011s][info][gc,start    ] GC(1148) Pause Young (Normal) (G1 Evacuation Pause)
[2024-08-15T13:59:47.066+0000][5483.011s][info][gc,task     ] GC(1148) Using 6 workers of 6 for evacuation
[2024-08-15T13:59:47.112+0000][5483.057s][info][gc,phases   ] GC(1148)   Pre Evacuate Collection Set: 0.2ms
[2024-08-15T13:59:47.112+0000][5483.057s][info][gc,phases   ] GC(1148)   Merge Heap Roots: 0.2ms
[2024-08-15T13:59:47.112+0000][5483.057s][info][gc,phases   ] GC(1148)   Evacuate Collection Set: 35.9ms
[2024-08-15T13:59:47.112+0000][5483.057s][info][gc,phases   ] GC(1148)   Post Evacuate Collection Set: 9.4ms
[2024-08-15T13:59:47.112+0000][5483.057s][info][gc,phases   ] GC(1148)   Other: 0.2ms
[2024-08-15T13:59:47.112+0000][5483.057s][info][gc,heap     ] GC(1148) Eden regions: 834->0(827)
[2024-08-15T13:59:47.112+0000][5483.057s][info][gc,heap     ] GC(1148) Survivor regions: 5->10(105)
[2024-08-15T13:59:47.112+0000][5483.057s][info][gc,heap     ] GC(1148) Old regions: 369->369
[2024-08-15T13:59:47.112+0000][5483.057s][info][gc,heap     ] GC(1148) Archive regions: 2->2
[2024-08-15T13:59:47.112+0000][5483.057s][info][gc,heap     ] GC(1148) Humongous regions: 5->5
[2024-08-15T13:59:47.112+0000][5483.057s][info][gc,metaspace] GC(1148) Metaspace: 441045K(447424K)->441045K(447424K) NonClass: 386049K(389696K)->386049K(389696K) Class: 54996K(57728K)->54996K(57728K)
[2024-08-15T13:59:47.112+0000][5483.057s][info][gc          ] GC(1148) Pause Young (Normal) (G1 Evacuation Pause) 9701M->3062M(12288M) 45.960ms
[2024-08-15T13:59:47.112+0000][5483.057s][info][gc,cpu      ] GC(1148) User=0.27s Sys=0.00s Real=0.04s
[2024-08-15T13:59:49.641+0000][5485.586s][info][gc,start    ] GC(1149) Pause Young (Normal) (G1 Evacuation Pause)
[2024-08-15T13:59:49.641+0000][5485.586s][info][gc,task     ] GC(1149) Using 6 workers of 6 for evacuation
[2024-08-15T13:59:49.721+0000][5485.666s][info][gc,phases   ] GC(1149)   Pre Evacuate Collection Set: 0.2ms
[2024-08-15T13:59:49.721+0000][5485.666s][info][gc,phases   ] GC(1149)   Merge Heap Roots: 0.3ms
[2024-08-15T13:59:49.721+0000][5485.666s][info][gc,phases   ] GC(1149)   Evacuate Collection Set: 62.5ms
[2024-08-15T13:59:49.721+0000][5485.666s][info][gc,phases   ] GC(1149)   Post Evacuate Collection Set: 17.2ms
[2024-08-15T13:59:49.721+0000][5485.666s][info][gc,phases   ] GC(1149)   Other: 0.2ms
[2024-08-15T13:59:49.721+0000][5485.666s][info][gc,heap     ] GC(1149) Eden regions: 827->0(821)
[2024-08-15T13:59:49.721+0000][5485.666s][info][gc,heap     ] GC(1149) Survivor regions: 10->15(105)
[2024-08-15T13:59:49.721+0000][5485.666s][info][gc,heap     ] GC(1149) Old regions: 369->369
[2024-08-15T13:59:49.721+0000][5485.666s][info][gc,heap     ] GC(1149) Archive regions: 2->2
[2024-08-15T13:59:49.721+0000][5485.666s][info][gc,heap     ] GC(1149) Humongous regions: 5->5
[2024-08-15T13:59:49.721+0000][5485.666s][info][gc,metaspace] GC(1149) Metaspace: 441045K(447424K)->441045K(447424K) NonClass: 386049K(389696K)->386049K(389696K) Class: 54996K(57728K)->54996K(57728K)
[2024-08-15T13:59:49.721+0000][5485.666s][info][gc          ] GC(1149) Pause Young (Normal) (G1 Evacuation Pause) 9678M->3107M(12288M) 80.430ms
[2024-08-15T13:59:49.721+0000][5485.666s][info][gc,cpu      ] GC(1149) User=0.46s Sys=0.00s Real=0.08s
[2024-08-15T13:59:52.202+0000][5488.147s][info][gc,start    ] GC(1150) Pause Young (Concurrent Start) (G1 Evacuation Pause)
[2024-08-15T13:59:52.203+0000][5488.147s][info][gc,task     ] GC(1150) Using 6 workers of 6 for evacuation
[2024-08-15T13:59:52.306+0000][5488.250s][info][gc,phases   ] GC(1150)   Pre Evacuate Collection Set: 0.6ms
[2024-08-15T13:59:52.306+0000][5488.251s][info][gc,phases   ] GC(1150)   Merge Heap Roots: 0.3ms
[2024-08-15T13:59:52.306+0000][5488.251s][info][gc,phases   ] GC(1150)   Evacuate Collection Set: 81.6ms
[2024-08-15T13:59:52.306+0000][5488.251s][info][gc,phases   ] GC(1150)   Post Evacuate Collection Set: 20.7ms
[2024-08-15T13:59:52.306+0000][5488.251s][info][gc,phases   ] GC(1150)   Other: 0.3ms
[2024-08-15T13:59:52.306+0000][5488.251s][info][gc,heap     ] GC(1150) Eden regions: 821->0(812)
[2024-08-15T13:59:52.306+0000][5488.251s][info][gc,heap     ] GC(1150) Survivor regions: 15->20(105)
[2024-08-15T13:59:52.306+0000][5488.251s][info][gc,heap     ] GC(1150) Old regions: 369->369
[2024-08-15T13:59:52.306+0000][5488.251s][info][gc,heap     ] GC(1150) Archive regions: 2->2
[2024-08-15T13:59:52.306+0000][5488.251s][info][gc,heap     ] GC(1150) Humongous regions: 5->5
[2024-08-15T13:59:52.306+0000][5488.251s][info][gc,metaspace] GC(1150) Metaspace: 441045K(447424K)->441045K(447424K) NonClass: 386049K(389696K)->386049K(389696K) Class: 54996K(57728K)->54996K(57728K)
[2024-08-15T13:59:52.306+0000][5488.251s][info][gc          ] GC(1150) Pause Young (Concurrent Start) (G1 Evacuation Pause) 9675M->3144M(12288M) 103.522ms
[2024-08-15T13:59:52.306+0000][5488.251s][info][gc,cpu      ] GC(1150) User=0.60s Sys=0.00s Real=0.11s
[2024-08-15T13:59:52.306+0000][5488.251s][info][gc          ] GC(1151) Concurrent Mark Cycle
[2024-08-15T13:59:52.306+0000][5488.251s][info][gc,marking  ] GC(1151) Concurrent Clear Claimed Marks
[2024-08-15T13:59:52.307+0000][5488.251s][info][gc,marking  ] GC(1151) Concurrent Clear Claimed Marks 0.462ms
[2024-08-15T13:59:52.307+0000][5488.251s][info][gc,marking  ] GC(1151) Concurrent Scan Root Regions
[2024-08-15T13:59:52.385+0000][5488.329s][info][gc,marking  ] GC(1151) Concurrent Scan Root Regions 77.932ms
[2024-08-15T13:59:52.385+0000][5488.329s][info][gc,marking  ] GC(1151) Concurrent Mark
[2024-08-15T13:59:52.385+0000][5488.329s][info][gc,marking  ] GC(1151) Concurrent Mark From Roots
[2024-08-15T13:59:52.385+0000][5488.329s][info][gc,task     ] GC(1151) Using 2 workers of 2 for marking
[2024-08-15T13:59:54.693+0000][5490.638s][info][gc,marking  ] GC(1151) Concurrent Mark From Roots 2308.822ms
[2024-08-15T13:59:54.693+0000][5490.638s][info][gc,marking  ] GC(1151) Concurrent Preclean
[2024-08-15T13:59:54.695+0000][5490.639s][info][gc,marking  ] GC(1151) Concurrent Preclean 1.228ms
[2024-08-15T13:59:54.695+0000][5490.639s][info][gc,start    ] GC(1151) Pause Remark
[2024-08-15T13:59:54.718+0000][5490.662s][info][gc          ] GC(1151) Pause Remark 8144M->8144M(12288M) 22.806ms
[2024-08-15T13:59:54.718+0000][5490.662s][info][gc,cpu      ] GC(1151) User=0.10s Sys=0.00s Real=0.03s
[2024-08-15T13:59:54.718+0000][5490.662s][info][gc,marking  ] GC(1151) Concurrent Mark 2333.232ms
[2024-08-15T13:59:54.718+0000][5490.662s][info][gc,marking  ] GC(1151) Concurrent Rebuild Remembered Sets
[2024-08-15T13:59:55.417+0000][5491.362s][info][gc,start    ] GC(1152) Pause Young (Normal) (G1 Evacuation Pause)
[2024-08-15T13:59:55.417+0000][5491.362s][info][gc,task     ] GC(1152) Using 6 workers of 6 for evacuation
[2024-08-15T13:59:55.537+0000][5491.482s][info][gc,phases   ] GC(1152)   Pre Evacuate Collection Set: 0.2ms
[2024-08-15T13:59:55.537+0000][5491.482s][info][gc,phases   ] GC(1152)   Merge Heap Roots: 0.7ms
[2024-08-15T13:59:55.537+0000][5491.482s][info][gc,phases   ] GC(1152)   Evacuate Collection Set: 99.2ms
[2024-08-15T13:59:55.537+0000][5491.482s][info][gc,phases   ] GC(1152)   Post Evacuate Collection Set: 20.2ms
[2024-08-15T13:59:55.537+0000][5491.482s][info][gc,phases   ] GC(1152)   Other: 0.2ms
[2024-08-15T13:59:55.537+0000][5491.482s][info][gc,heap     ] GC(1152) Eden regions: 812->0(802)
[2024-08-15T13:59:55.537+0000][5491.482s][info][gc,heap     ] GC(1152) Survivor regions: 20->25(104)
[2024-08-15T13:59:55.538+0000][5491.482s][info][gc,heap     ] GC(1152) Old regions: 369->369
[2024-08-15T13:59:55.538+0000][5491.482s][info][gc,heap     ] GC(1152) Archive regions: 2->2
[2024-08-15T13:59:55.538+0000][5491.482s][info][gc,heap     ] GC(1152) Humongous regions: 5->5
[2024-08-15T13:59:55.538+0000][5491.482s][info][gc,metaspace] GC(1152) Metaspace: 441045K(447424K)->441045K(447424K) NonClass: 386049K(389696K)->386049K(389696K) Class: 54996K(57728K)->54996K(57728K)
[2024-08-15T13:59:55.538+0000][5491.482s][info][gc          ] GC(1152) Pause Young (Normal) (G1 Evacuation Pause) 9640M->3185M(12288M) 120.452ms
[2024-08-15T13:59:55.538+0000][5491.482s][info][gc,cpu      ] GC(1152) User=0.70s Sys=0.00s Real=0.12s
[2024-08-15T13:59:56.150+0000][5492.095s][info][gc,marking  ] GC(1151) Concurrent Rebuild Remembered Sets 1432.095ms
[2024-08-15T13:59:56.150+0000][5492.095s][info][gc,start    ] GC(1151) Pause Cleanup
[2024-08-15T13:59:56.151+0000][5492.095s][info][gc          ] GC(1151) Pause Cleanup 4629M->4629M(12288M) 0.609ms
[2024-08-15T13:59:56.151+0000][5492.095s][info][gc,cpu      ] GC(1151) User=0.00s Sys=0.00s Real=0.00s
[2024-08-15T13:59:56.151+0000][5492.095s][info][gc,marking  ] GC(1151) Concurrent Cleanup for Next Mark
[2024-08-15T13:59:56.169+0000][5492.113s][info][gc,marking  ] GC(1151) Concurrent Cleanup for Next Mark 18.055ms
[2024-08-15T13:59:56.169+0000][5492.114s][info][gc          ] GC(1151) Concurrent Mark Cycle 3862.830ms
[2024-08-15T13:59:58.222+0000][5494.167s][info][gc,start    ] GC(1153) Pause Young (Prepare Mixed) (G1 Evacuation Pause)
[2024-08-15T13:59:58.222+0000][5494.167s][info][gc,task     ] GC(1153) Using 6 workers of 6 for evacuation
[2024-08-15T13:59:58.354+0000][5494.299s][info][gc,phases   ] GC(1153)   Pre Evacuate Collection Set: 0.2ms
[2024-08-15T13:59:58.354+0000][5494.299s][info][gc,phases   ] GC(1153)   Merge Heap Roots: 0.5ms
[2024-08-15T13:59:58.354+0000][5494.299s][info][gc,phases   ] GC(1153)   Evacuate Collection Set: 113.0ms
[2024-08-15T13:59:58.354+0000][5494.299s][info][gc,phases   ] GC(1153)   Post Evacuate Collection Set: 18.2ms
[2024-08-15T13:59:58.354+0000][5494.299s][info][gc,phases   ] GC(1153)   Other: 0.2ms
[2024-08-15T13:59:58.354+0000][5494.299s][info][gc,heap     ] GC(1153) Eden regions: 802->0(47)
[2024-08-15T13:59:58.354+0000][5494.299s][info][gc,heap     ] GC(1153) Survivor regions: 25->29(104)
[2024-08-15T13:59:58.354+0000][5494.299s][info][gc,heap     ] GC(1153) Old regions: 369->369
[2024-08-15T13:59:58.354+0000][5494.299s][info][gc,heap     ] GC(1153) Archive regions: 2->2
[2024-08-15T13:59:58.354+0000][5494.299s][info][gc,heap     ] GC(1153) Humongous regions: 5->5
[2024-08-15T13:59:58.354+0000][5494.299s][info][gc,metaspace] GC(1153) Metaspace: 441045K(447424K)->441045K(447424K) NonClass: 386049K(389696K)->386049K(389696K) Class: 54996K(57728K)->54996K(57728K)
[2024-08-15T13:59:58.354+0000][5494.299s][info][gc          ] GC(1153) Pause Young (Prepare Mixed) (G1 Evacuation Pause) 9601M->3221M(12288M) 132.167ms
[2024-08-15T13:59:58.354+0000][5494.299s][info][gc,cpu      ] GC(1153) User=0.78s Sys=0.00s Real=0.13s
[2024-08-15T13:59:58.532+0000][5494.476s][info][gc,start    ] GC(1154) Pause Young (Mixed) (G1 Evacuation Pause)
[2024-08-15T13:59:58.532+0000][5494.477s][info][gc,task     ] GC(1154) Using 6 workers of 6 for evacuation
[2024-08-15T13:59:58.657+0000][5494.602s][info][gc,phases   ] GC(1154)   Pre Evacuate Collection Set: 0.2ms
[2024-08-15T13:59:58.657+0000][5494.602s][info][gc,phases   ] GC(1154)   Merge Heap Roots: 0.4ms
[2024-08-15T13:59:58.657+0000][5494.602s][info][gc,phases   ] GC(1154)   Evacuate Collection Set: 122.5ms
[2024-08-15T13:59:58.657+0000][5494.602s][info][gc,phases   ] GC(1154)   Post Evacuate Collection Set: 2.4ms
[2024-08-15T13:59:58.658+0000][5494.602s][info][gc,phases   ] GC(1154)   Other: 0.2ms
[2024-08-15T13:59:58.658+0000][5494.602s][info][gc,heap     ] GC(1154) Eden regions: 47->0(820)
[2024-08-15T13:59:58.658+0000][5494.602s][info][gc,heap     ] GC(1154) Survivor regions: 29->3(10)
[2024-08-15T13:59:58.658+0000][5494.602s][info][gc,heap     ] GC(1154) Old regions: 369->382
[2024-08-15T13:59:58.658+0000][5494.602s][info][gc,heap     ] GC(1154) Archive regions: 2->2
[2024-08-15T13:59:58.658+0000][5494.602s][info][gc,heap     ] GC(1154) Humongous regions: 5->5
[2024-08-15T13:59:58.658+0000][5494.602s][info][gc,metaspace] GC(1154) Metaspace: 441045K(447424K)->441045K(447424K) NonClass: 386049K(389696K)->386049K(389696K) Class: 54996K(57728K)->54996K(57728K)
[2024-08-15T13:59:58.658+0000][5494.602s][info][gc          ] GC(1154) Pause Young (Mixed) (G1 Evacuation Pause) 3597M->3117M(12288M) 125.696ms
[2024-08-15T13:59:58.658+0000][5494.602s][info][gc,cpu      ] GC(1154) User=0.75s Sys=0.00s Real=0.13s
[2024-08-15T14:00:01.377+0000][5497.321s][info][gc,start    ] GC(1155) Pause Young (Normal) (G1 Evacuation Pause)
[2024-08-15T14:00:01.377+0000][5497.321s][info][gc,task     ] GC(1155) Using 6 workers of 6 for evacuation
[2024-08-15T14:00:01.449+0000][5497.394s][info][gc,phases   ] GC(1155)   Pre Evacuate Collection Set: 0.2ms
[2024-08-15T14:00:01.449+0000][5497.394s][info][gc,phases   ] GC(1155)   Merge Heap Roots: 0.4ms
[2024-08-15T14:00:01.449+0000][5497.394s][info][gc,phases   ] GC(1155)   Evacuate Collection Set: 53.8ms
[2024-08-15T14:00:01.449+0000][5497.394s][info][gc,phases   ] GC(1155)   Post Evacuate Collection Set: 17.9ms
[2024-08-15T14:00:01.449+0000][5497.394s][info][gc,phases   ] GC(1155)   Other: 0.2ms
[2024-08-15T14:00:01.449+0000][5497.394s][info][gc,heap     ] GC(1155) Eden regions: 820->0(816)
[2024-08-15T14:00:01.449+0000][5497.394s][info][gc,heap     ] GC(1155) Survivor regions: 3->7(103)
[2024-08-15T14:00:01.449+0000][5497.394s][info][gc,heap     ] GC(1155) Old regions: 382->382
[2024-08-15T14:00:01.449+0000][5497.394s][info][gc,heap     ] GC(1155) Archive regions: 2->2
[2024-08-15T14:00:01.449+0000][5497.394s][info][gc,heap     ] GC(1155) Humongous regions: 5->5
[2024-08-15T14:00:01.449+0000][5497.394s][info][gc,metaspace] GC(1155) Metaspace: 441062K(447424K)->441062K(447424K) NonClass: 386065K(389696K)->386065K(389696K) Class: 54996K(57728K)->54996K(57728K)
[2024-08-15T14:00:01.449+0000][5497.394s][info][gc          ] GC(1155) Pause Young (Normal) (G1 Evacuation Pause) 9677M->3145M(12288M) 72.570ms
[2024-08-15T14:00:01.449+0000][5497.394s][info][gc,cpu      ] GC(1155) User=0.41s Sys=0.01s Real=0.07s
[2024-08-15T14:00:04.040+0000][5499.984s][info][gc,start    ] GC(1156) Pause Young (Normal) (G1 Evacuation Pause)
[2024-08-15T14:00:04.040+0000][5499.985s][info][gc,task     ] GC(1156) Using 6 workers of 6 for evacuation
[2024-08-15T14:00:04.129+0000][5500.074s][info][gc,phases   ] GC(1156)   Pre Evacuate Collection Set: 0.2ms
[2024-08-15T14:00:04.129+0000][5500.074s][info][gc,phases   ] GC(1156)   Merge Heap Roots: 0.4ms
[2024-08-15T14:00:04.129+0000][5500.074s][info][gc,phases   ] GC(1156)   Evacuate Collection Set: 69.2ms
[2024-08-15T14:00:04.129+0000][5500.074s][info][gc,phases   ] GC(1156)   Post Evacuate Collection Set: 19.3ms
[2024-08-15T14:00:04.129+0000][5500.074s][info][gc,phases   ] GC(1156)   Other: 0.2ms
[2024-08-15T14:00:04.129+0000][5500.074s][info][gc,heap     ] GC(1156) Eden regions: 816->0(810)
[2024-08-15T14:00:04.129+0000][5500.074s][info][gc,heap     ] GC(1156) Survivor regions: 7->12(103)
[2024-08-15T14:00:04.129+0000][5500.074s][info][gc,heap     ] GC(1156) Old regions: 382->382
[2024-08-15T14:00:04.129+0000][5500.074s][info][gc,heap     ] GC(1156) Archive regions: 2->2
[2024-08-15T14:00:04.129+0000][5500.074s][info][gc,heap     ] GC(1156) Humongous regions: 5->5
[2024-08-15T14:00:04.129+0000][5500.074s][info][gc,metaspace] GC(1156) Metaspace: 441063K(447424K)->441063K(447424K) NonClass: 386066K(389696K)->386066K(389696K) Class: 54996K(57728K)->54996K(57728K)
[2024-08-15T14:00:04.129+0000][5500.074s][info][gc          ] GC(1156) Pause Young (Normal) (G1 Evacuation Pause) 9673M->3186M(12288M) 89.317ms
[2024-08-15T14:00:04.129+0000][5500.074s][info][gc,cpu      ] GC(1156) User=0.52s Sys=0.00s Real=0.09s
[2024-08-15T14:00:11.966+0000][5507.911s][info][gc,start    ] GC(1157) Pause Young (Concurrent Start) (G1 Evacuation Pause)
[2024-08-15T14:00:11.966+0000][5507.911s][info][gc,task     ] GC(1157) Using 6 workers of 6 for evacuation
[2024-08-15T14:00:12.020+0000][5507.965s][info][gc,phases   ] GC(1157)   Pre Evacuate Collection Set: 0.6ms
[2024-08-15T14:00:12.020+0000][5507.965s][info][gc,phases   ] GC(1157)   Merge Heap Roots: 0.3ms
[2024-08-15T14:00:12.020+0000][5507.965s][info][gc,phases   ] GC(1157)   Evacuate Collection Set: 48.1ms
[2024-08-15T14:00:12.020+0000][5507.965s][info][gc,phases   ] GC(1157)   Post Evacuate Collection Set: 4.7ms
[2024-08-15T14:00:12.020+0000][5507.965s][info][gc,phases   ] GC(1157)   Other: 0.3ms
[2024-08-15T14:00:12.020+0000][5507.965s][info][gc,heap     ] GC(1157) Eden regions: 810->0(808)
[2024-08-15T14:00:12.020+0000][5507.965s][info][gc,heap     ] GC(1157) Survivor regions: 12->15(103)
[2024-08-15T14:00:12.020+0000][5507.965s][info][gc,heap     ] GC(1157) Old regions: 382->382
[2024-08-15T14:00:12.020+0000][5507.965s][info][gc,heap     ] GC(1157) Archive regions: 2->2
[2024-08-15T14:00:12.020+0000][5507.965s][info][gc,heap     ] GC(1157) Humongous regions: 5->5
[2024-08-15T14:00:12.020+0000][5507.965s][info][gc,metaspace] GC(1157) Metaspace: 441066K(447424K)->441066K(447424K) NonClass: 386069K(389696K)->386069K(389696K) Class: 54996K(57728K)->54996K(57728K)
[2024-08-15T14:00:12.020+0000][5507.965s][info][gc          ] GC(1157) Pause Young (Concurrent Start) (G1 Evacuation Pause) 9666M->3213M(12288M) 54.024ms
[2024-08-15T14:00:12.020+0000][5507.965s][info][gc,cpu      ] GC(1157) User=0.32s Sys=0.00s Real=0.05s
[2024-08-15T14:00:12.020+0000][5507.965s][info][gc          ] GC(1158) Concurrent Mark Cycle
[2024-08-15T14:00:12.020+0000][5507.965s][info][gc,marking  ] GC(1158) Concurrent Clear Claimed Marks
[2024-08-15T14:00:12.021+0000][5507.966s][info][gc,marking  ] GC(1158) Concurrent Clear Claimed Marks 0.440ms
[2024-08-15T14:00:12.021+0000][5507.966s][info][gc,marking  ] GC(1158) Concurrent Scan Root Regions
[2024-08-15T14:00:12.060+0000][5508.004s][info][gc,marking  ] GC(1158) Concurrent Scan Root Regions 38.907ms
[2024-08-15T14:00:12.060+0000][5508.005s][info][gc,marking  ] GC(1158) Concurrent Mark
[2024-08-15T14:00:12.060+0000][5508.005s][info][gc,marking  ] GC(1158) Concurrent Mark From Roots
[2024-08-15T14:00:12.060+0000][5508.005s][info][gc,task     ] GC(1158) Using 2 workers of 2 for marking
[2024-08-15T14:00:14.407+0000][5510.352s][info][gc,marking  ] GC(1158) Concurrent Mark From Roots 2347.111ms
[2024-08-15T14:00:14.407+0000][5510.352s][info][gc,marking  ] GC(1158) Concurrent Preclean
[2024-08-15T14:00:14.409+0000][5510.353s][info][gc,marking  ] GC(1158) Concurrent Preclean 1.762ms
[2024-08-15T14:00:14.409+0000][5510.354s][info][gc,start    ] GC(1158) Pause Remark
[2024-08-15T14:00:14.432+0000][5510.376s][info][gc          ] GC(1158) Pause Remark 5489M->5489M(12288M) 22.853ms
[2024-08-15T14:00:14.432+0000][5510.377s][info][gc,cpu      ] GC(1158) User=0.09s Sys=0.00s Real=0.02s
[2024-08-15T14:00:14.432+0000][5510.377s][info][gc,marking  ] GC(1158) Concurrent Mark 2372.260ms
[2024-08-15T14:00:14.432+0000][5510.377s][info][gc,marking  ] GC(1158) Concurrent Rebuild Remembered Sets
[2024-08-15T14:00:15.756+0000][5511.700s][info][gc,marking  ] GC(1158) Concurrent Rebuild Remembered Sets 1323.521ms
[2024-08-15T14:00:15.756+0000][5511.700s][info][gc,start    ] GC(1158) Pause Cleanup
[2024-08-15T14:00:15.756+0000][5511.701s][info][gc          ] GC(1158) Pause Cleanup 6373M->6373M(12288M) 0.625ms
[2024-08-15T14:00:15.757+0000][5511.701s][info][gc,cpu      ] GC(1158) User=0.00s Sys=0.00s Real=0.00s
[2024-08-15T14:00:15.757+0000][5511.701s][info][gc,marking  ] GC(1158) Concurrent Cleanup for Next Mark
[2024-08-15T14:00:15.773+0000][5511.718s][info][gc,marking  ] GC(1158) Concurrent Cleanup for Next Mark 16.461ms
[2024-08-15T14:00:15.773+0000][5511.718s][info][gc          ] GC(1158) Concurrent Mark Cycle 3752.666ms
[2024-08-15T14:00:18.437+0000][5514.381s][info][gc,start    ] GC(1159) Pause Young (Prepare Mixed) (G1 Evacuation Pause)
[2024-08-15T14:00:18.437+0000][5514.381s][info][gc,task     ] GC(1159) Using 6 workers of 6 for evacuation
[2024-08-15T14:00:18.488+0000][5514.432s][info][gc,phases   ] GC(1159)   Pre Evacuate Collection Set: 0.2ms
[2024-08-15T14:00:18.488+0000][5514.432s][info][gc,phases   ] GC(1159)   Merge Heap Roots: 0.4ms
[2024-08-15T14:00:18.488+0000][5514.432s][info][gc,phases   ] GC(1159)   Evacuate Collection Set: 48.3ms
[2024-08-15T14:00:18.488+0000][5514.432s][info][gc,phases   ] GC(1159)   Post Evacuate Collection Set: 1.9ms
[2024-08-15T14:00:18.488+0000][5514.432s][info][gc,phases   ] GC(1159)   Other: 0.2ms
[2024-08-15T14:00:18.488+0000][5514.432s][info][gc,heap     ] GC(1159) Eden regions: 808->0(59)
[2024-08-15T14:00:18.488+0000][5514.432s][info][gc,heap     ] GC(1159) Survivor regions: 15->17(103)
[2024-08-15T14:00:18.488+0000][5514.432s][info][gc,heap     ] GC(1159) Old regions: 382->382
[2024-08-15T14:00:18.488+0000][5514.432s][info][gc,heap     ] GC(1159) Archive regions: 2->2
[2024-08-15T14:00:18.488+0000][5514.432s][info][gc,heap     ] GC(1159) Humongous regions: 5->5
[2024-08-15T14:00:18.488+0000][5514.432s][info][gc,metaspace] GC(1159) Metaspace: 441066K(447424K)->441066K(447424K) NonClass: 386069K(389696K)->386069K(389696K) Class: 54996K(57728K)->54996K(57728K)
[2024-08-15T14:00:18.488+0000][5514.432s][info][gc          ] GC(1159) Pause Young (Prepare Mixed) (G1 Evacuation Pause) 9677M->3229M(12288M) 51.106ms
[2024-08-15T14:00:18.488+0000][5514.432s][info][gc,cpu      ] GC(1159) User=0.30s Sys=0.00s Real=0.05s
[2024-08-15T14:00:18.760+0000][5514.705s][info][gc,start    ] GC(1160) Pause Young (Mixed) (G1 Evacuation Pause)
[2024-08-15T14:00:18.760+0000][5514.705s][info][gc,task     ] GC(1160) Using 6 workers of 6 for evacuation
[2024-08-15T14:00:18.829+0000][5514.774s][info][gc,phases   ] GC(1160)   Pre Evacuate Collection Set: 0.2ms
[2024-08-15T14:00:18.829+0000][5514.774s][info][gc,phases   ] GC(1160)   Merge Heap Roots: 0.3ms
[2024-08-15T14:00:18.829+0000][5514.774s][info][gc,phases   ] GC(1160)   Evacuate Collection Set: 67.0ms
[2024-08-15T14:00:18.829+0000][5514.774s][info][gc,phases   ] GC(1160)   Post Evacuate Collection Set: 1.2ms
[2024-08-15T14:00:18.829+0000][5514.774s][info][gc,phases   ] GC(1160)   Other: 0.2ms
[2024-08-15T14:00:18.829+0000][5514.774s][info][gc,heap     ] GC(1160) Eden regions: 59->0(827)
[2024-08-15T14:00:18.829+0000][5514.774s][info][gc,heap     ] GC(1160) Survivor regions: 17->5(10)
[2024-08-15T14:00:18.829+0000][5514.774s][info][gc,heap     ] GC(1160) Old regions: 382->373
[2024-08-15T14:00:18.829+0000][5514.774s][info][gc,heap     ] GC(1160) Archive regions: 2->2
[2024-08-15T14:00:18.829+0000][5514.774s][info][gc,heap     ] GC(1160) Humongous regions: 5->5
[2024-08-15T14:00:18.829+0000][5514.774s][info][gc,metaspace] GC(1160) Metaspace: 441066K(447424K)->441066K(447424K) NonClass: 386069K(389696K)->386069K(389696K) Class: 54996K(57728K)->54996K(57728K)
[2024-08-15T14:00:18.829+0000][5514.774s][info][gc          ] GC(1160) Pause Young (Mixed) (G1 Evacuation Pause) 3701M->3067M(12288M) 68.950ms
[2024-08-15T14:00:18.829+0000][5514.774s][info][gc,cpu      ] GC(1160) User=0.41s Sys=0.00s Real=0.07s
[2024-08-15T14:00:26.915+0000][5522.859s][info][gc,start    ] GC(1161) Pause Young (Normal) (G1 Evacuation Pause)
[2024-08-15T14:00:26.915+0000][5522.859s][info][gc,task     ] GC(1161) Using 6 workers of 6 for evacuation
[2024-08-15T14:00:26.933+0000][5522.878s][info][gc,phases   ] GC(1161)   Pre Evacuate Collection Set: 0.2ms
[2024-08-15T14:00:26.933+0000][5522.878s][info][gc,phases   ] GC(1161)   Merge Heap Roots: 0.3ms
[2024-08-15T14:00:26.933+0000][5522.878s][info][gc,phases   ] GC(1161)   Evacuate Collection Set: 16.1ms
[2024-08-15T14:00:26.933+0000][5522.878s][info][gc,phases   ] GC(1161)   Post Evacuate Collection Set: 1.7ms
[2024-08-15T14:00:26.933+0000][5522.878s][info][gc,phases   ] GC(1161)   Other: 0.2ms
[2024-08-15T14:00:26.933+0000][5522.878s][info][gc,heap     ] GC(1161) Eden regions: 827->0(825)
[2024-08-15T14:00:26.933+0000][5522.878s][info][gc,heap     ] GC(1161) Survivor regions: 5->8(104)
[2024-08-15T14:00:26.933+0000][5522.878s][info][gc,heap     ] GC(1161) Old regions: 373->373
[2024-08-15T14:00:26.933+0000][5522.878s][info][gc,heap     ] GC(1161) Archive regions: 2->2
[2024-08-15T14:00:26.933+0000][5522.878s][info][gc,heap     ] GC(1161) Humongous regions: 5->5
[2024-08-15T14:00:26.933+0000][5522.878s][info][gc,metaspace] GC(1161) Metaspace: 441067K(447424K)->441067K(447424K) NonClass: 386070K(389696K)->386070K(389696K) Class: 54996K(57728K)->54996K(57728K)
[2024-08-15T14:00:26.933+0000][5522.878s][info][gc          ] GC(1161) Pause Young (Normal) (G1 Evacuation Pause) 9683M->3085M(12288M) 18.574ms
[2024-08-15T14:00:26.933+0000][5522.878s][info][gc,cpu      ] GC(1161) User=0.11s Sys=0.00s Real=0.02s
[2024-08-15T14:00:35.993+0000][5531.938s][info][gc,start    ] GC(1162) Pause Young (Normal) (G1 Evacuation Pause)
[2024-08-15T14:00:35.993+0000][5531.938s][info][gc,task     ] GC(1162) Using 6 workers of 6 for evacuation
[2024-08-15T14:00:36.018+0000][5531.963s][info][gc,phases   ] GC(1162)   Pre Evacuate Collection Set: 0.2ms
[2024-08-15T14:00:36.018+0000][5531.963s][info][gc,phases   ] GC(1162)   Merge Heap Roots: 0.3ms
[2024-08-15T14:00:36.018+0000][5531.963s][info][gc,phases   ] GC(1162)   Evacuate Collection Set: 22.3ms
[2024-08-15T14:00:36.018+0000][5531.963s][info][gc,phases   ] GC(1162)   Post Evacuate Collection Set: 1.7ms
[2024-08-15T14:00:36.018+0000][5531.963s][info][gc,phases   ] GC(1162)   Other: 0.2ms
[2024-08-15T14:00:36.018+0000][5531.963s][info][gc,heap     ] GC(1162) Eden regions: 825->0(822)
[2024-08-15T14:00:36.018+0000][5531.963s][info][gc,heap     ] GC(1162) Survivor regions: 8->11(105)
[2024-08-15T14:00:36.018+0000][5531.963s][info][gc,heap     ] GC(1162) Old regions: 373->373
[2024-08-15T14:00:36.018+0000][5531.963s][info][gc,heap     ] GC(1162) Archive regions: 2->2
[2024-08-15T14:00:36.018+0000][5531.963s][info][gc,heap     ] GC(1162) Humongous regions: 5->5
[2024-08-15T14:00:36.018+0000][5531.963s][info][gc,metaspace] GC(1162) Metaspace: 441074K(447424K)->441074K(447424K) NonClass: 386077K(389696K)->386077K(389696K) Class: 54996K(57728K)->54996K(57728K)
[2024-08-15T14:00:36.018+0000][5531.963s][info][gc          ] GC(1162) Pause Young (Normal) (G1 Evacuation Pause) 9685M->3112M(12288M) 24.766ms
[2024-08-15T14:00:36.018+0000][5531.963s][info][gc,cpu      ] GC(1162) User=0.14s Sys=0.00s Real=0.03s
[2024-08-15T14:00:44.564+0000][5540.509s][info][gc,start    ] GC(1163) Pause Young (Concurrent Start) (G1 Evacuation Pause)
[2024-08-15T14:00:44.564+0000][5540.509s][info][gc,task     ] GC(1163) Using 6 workers of 6 for evacuation
[2024-08-15T14:00:44.601+0000][5540.545s][info][gc,phases   ] GC(1163)   Pre Evacuate Collection Set: 0.6ms
[2024-08-15T14:00:44.601+0000][5540.545s][info][gc,phases   ] GC(1163)   Merge Heap Roots: 0.3ms
[2024-08-15T14:00:44.601+0000][5540.545s][info][gc,phases   ] GC(1163)   Evacuate Collection Set: 33.8ms
[2024-08-15T14:00:44.601+0000][5540.545s][info][gc,phases   ] GC(1163)   Post Evacuate Collection Set: 1.9ms
[2024-08-15T14:00:44.601+0000][5540.545s][info][gc,phases   ] GC(1163)   Other: 0.3ms
[2024-08-15T14:00:44.601+0000][5540.545s][info][gc,heap     ] GC(1163) Eden regions: 822->0(818)
[2024-08-15T14:00:44.601+0000][5540.545s][info][gc,heap     ] GC(1163) Survivor regions: 11->14(105)
[2024-08-15T14:00:44.601+0000][5540.545s][info][gc,heap     ] GC(1163) Old regions: 373->373
[2024-08-15T14:00:44.601+0000][5540.545s][info][gc,heap     ] GC(1163) Archive regions: 2->2
[2024-08-15T14:00:44.601+0000][5540.545s][info][gc,heap     ] GC(1163) Humongous regions: 5->5
[2024-08-15T14:00:44.601+0000][5540.545s][info][gc,metaspace] GC(1163) Metaspace: 441083K(447424K)->441083K(447424K) NonClass: 386086K(389696K)->386086K(389696K) Class: 54996K(57728K)->54996K(57728K)
[2024-08-15T14:00:44.601+0000][5540.545s][info][gc          ] GC(1163) Pause Young (Concurrent Start) (G1 Evacuation Pause) 9688M->3133M(12288M) 36.899ms
[2024-08-15T14:00:44.601+0000][5540.546s][info][gc,cpu      ] GC(1163) User=0.22s Sys=0.00s Real=0.03s
[2024-08-15T14:00:44.601+0000][5540.546s][info][gc          ] GC(1164) Concurrent Mark Cycle
[2024-08-15T14:00:44.601+0000][5540.546s][info][gc,marking  ] GC(1164) Concurrent Clear Claimed Marks
[2024-08-15T14:00:44.601+0000][5540.546s][info][gc,marking  ] GC(1164) Concurrent Clear Claimed Marks 0.430ms
[2024-08-15T14:00:44.601+0000][5540.546s][info][gc,marking  ] GC(1164) Concurrent Scan Root Regions
[2024-08-15T14:00:44.642+0000][5540.586s][info][gc,marking  ] GC(1164) Concurrent Scan Root Regions 40.385ms
[2024-08-15T14:00:44.642+0000][5540.586s][info][gc,marking  ] GC(1164) Concurrent Mark
[2024-08-15T14:00:44.642+0000][5540.586s][info][gc,marking  ] GC(1164) Concurrent Mark From Roots
[2024-08-15T14:00:44.642+0000][5540.586s][info][gc,task     ] GC(1164) Using 2 workers of 2 for marking
[2024-08-15T14:00:46.877+0000][5542.821s][info][gc,marking  ] GC(1164) Concurrent Mark From Roots 2234.891ms
[2024-08-15T14:00:46.877+0000][5542.821s][info][gc,marking  ] GC(1164) Concurrent Preclean
[2024-08-15T14:00:46.878+0000][5542.823s][info][gc,marking  ] GC(1164) Concurrent Preclean 1.209ms
[2024-08-15T14:00:46.878+0000][5542.823s][info][gc,start    ] GC(1164) Pause Remark
[2024-08-15T14:00:46.901+0000][5542.846s][info][gc          ] GC(1164) Pause Remark 4673M->4673M(12288M) 22.986ms
[2024-08-15T14:00:46.901+0000][5542.846s][info][gc,cpu      ] GC(1164) User=0.10s Sys=0.00s Real=0.02s
[2024-08-15T14:00:46.901+0000][5542.846s][info][gc,marking  ] GC(1164) Concurrent Mark 2259.508ms
[2024-08-15T14:00:46.901+0000][5542.846s][info][gc,marking  ] GC(1164) Concurrent Rebuild Remembered Sets
[2024-08-15T14:00:48.233+0000][5544.178s][info][gc,marking  ] GC(1164) Concurrent Rebuild Remembered Sets 1331.863ms
[2024-08-15T14:00:48.233+0000][5544.178s][info][gc,start    ] GC(1164) Pause Cleanup
[2024-08-15T14:00:48.234+0000][5544.179s][info][gc          ] GC(1164) Pause Cleanup 5633M->5633M(12288M) 0.634ms
[2024-08-15T14:00:48.234+0000][5544.179s][info][gc,cpu      ] GC(1164) User=0.01s Sys=0.00s Real=0.00s
[2024-08-15T14:00:48.234+0000][5544.179s][info][gc,marking  ] GC(1164) Concurrent Cleanup for Next Mark
[2024-08-15T14:00:48.251+0000][5544.195s][info][gc,marking  ] GC(1164) Concurrent Cleanup for Next Mark 16.721ms
[2024-08-15T14:00:48.251+0000][5544.196s][info][gc          ] GC(1164) Concurrent Mark Cycle 3649.962ms
[2024-08-15T14:00:53.503+0000][5549.448s][info][gc,start    ] GC(1165) Pause Young (Prepare Mixed) (G1 Evacuation Pause)
[2024-08-15T14:00:53.503+0000][5549.448s][info][gc,task     ] GC(1165) Using 6 workers of 6 for evacuation
[2024-08-15T14:00:53.544+0000][5549.489s][info][gc,phases   ] GC(1165)   Pre Evacuate Collection Set: 0.2ms
[2024-08-15T14:00:53.544+0000][5549.489s][info][gc,phases   ] GC(1165)   Merge Heap Roots: 0.3ms
[2024-08-15T14:00:53.544+0000][5549.489s][info][gc,phases   ] GC(1165)   Evacuate Collection Set: 38.4ms
[2024-08-15T14:00:53.544+0000][5549.489s][info][gc,phases   ] GC(1165)   Post Evacuate Collection Set: 2.0ms
[2024-08-15T14:00:53.544+0000][5549.489s][info][gc,phases   ] GC(1165)   Other: 0.2ms
[2024-08-15T14:00:53.544+0000][5549.489s][info][gc,heap     ] GC(1165) Eden regions: 818->0(62)
[2024-08-15T14:00:53.544+0000][5549.489s][info][gc,heap     ] GC(1165) Survivor regions: 14->14(104)
[2024-08-15T14:00:53.544+0000][5549.489s][info][gc,heap     ] GC(1165) Old regions: 373->373
[2024-08-15T14:00:53.544+0000][5549.489s][info][gc,heap     ] GC(1165) Archive regions: 2->2
[2024-08-15T14:00:53.544+0000][5549.489s][info][gc,heap     ] GC(1165) Humongous regions: 5->5
[2024-08-15T14:00:53.544+0000][5549.489s][info][gc,metaspace] GC(1165) Metaspace: 441083K(447424K)->441083K(447424K) NonClass: 386086K(389696K)->386086K(389696K) Class: 54996K(57728K)->54996K(57728K)
[2024-08-15T14:00:53.544+0000][5549.489s][info][gc          ] GC(1165) Pause Young (Prepare Mixed) (G1 Evacuation Pause) 9677M->3137M(12288M) 41.186ms
[2024-08-15T14:00:53.544+0000][5549.489s][info][gc,cpu      ] GC(1165) User=0.24s Sys=0.00s Real=0.05s
[2024-08-15T14:00:54.226+0000][5550.171s][info][gc,start    ] GC(1166) Pause Young (Mixed) (G1 Evacuation Pause)
[2024-08-15T14:00:54.226+0000][5550.171s][info][gc,task     ] GC(1166) Using 6 workers of 6 for evacuation
[2024-08-15T14:00:54.293+0000][5550.237s][info][gc,phases   ] GC(1166)   Pre Evacuate Collection Set: 0.2ms
[2024-08-15T14:00:54.293+0000][5550.237s][info][gc,phases   ] GC(1166)   Merge Heap Roots: 0.3ms
[2024-08-15T14:00:54.293+0000][5550.237s][info][gc,phases   ] GC(1166)   Evacuate Collection Set: 64.8ms
[2024-08-15T14:00:54.293+0000][5550.237s][info][gc,phases   ] GC(1166)   Post Evacuate Collection Set: 1.4ms
[2024-08-15T14:00:54.293+0000][5550.237s][info][gc,phases   ] GC(1166)   Other: 0.2ms
[2024-08-15T14:00:54.293+0000][5550.237s][info][gc,heap     ] GC(1166) Eden regions: 62->0(834)
[2024-08-15T14:00:54.293+0000][5550.237s][info][gc,heap     ] GC(1166) Survivor regions: 14->5(10)
[2024-08-15T14:00:54.293+0000][5550.237s][info][gc,heap     ] GC(1166) Old regions: 373->367
[2024-08-15T14:00:54.293+0000][5550.237s][info][gc,heap     ] GC(1166) Archive regions: 2->2
[2024-08-15T14:00:54.293+0000][5550.237s][info][gc,heap     ] GC(1166) Humongous regions: 5->5
[2024-08-15T14:00:54.293+0000][5550.237s][info][gc,metaspace] GC(1166) Metaspace: 441083K(447424K)->441083K(447424K) NonClass: 386086K(389696K)->386086K(389696K) Class: 54996K(57728K)->54996K(57728K)
[2024-08-15T14:00:54.293+0000][5550.238s][info][gc          ] GC(1166) Pause Young (Mixed) (G1 Evacuation Pause) 3633M->3012M(12288M) 66.907ms
[2024-08-15T14:00:54.293+0000][5550.238s][info][gc,cpu      ] GC(1166) User=0.39s Sys=0.00s Real=0.06s
[2024-08-15T14:01:03.477+0000][5559.422s][info][gc,start    ] GC(1167) Pause Young (Normal) (G1 Evacuation Pause)
[2024-08-15T14:01:03.477+0000][5559.422s][info][gc,task     ] GC(1167) Using 6 workers of 6 for evacuation
[2024-08-15T14:01:03.499+0000][5559.444s][info][gc,phases   ] GC(1167)   Pre Evacuate Collection Set: 0.2ms
[2024-08-15T14:01:03.499+0000][5559.444s][info][gc,phases   ] GC(1167)   Merge Heap Roots: 0.3ms
[2024-08-15T14:01:03.499+0000][5559.444s][info][gc,phases   ] GC(1167)   Evacuate Collection Set: 19.6ms
[2024-08-15T14:01:03.499+0000][5559.444s][info][gc,phases   ] GC(1167)   Post Evacuate Collection Set: 1.7ms
[2024-08-15T14:01:03.499+0000][5559.444s][info][gc,phases   ] GC(1167)   Other: 0.2ms
[2024-08-15T14:01:03.499+0000][5559.444s][info][gc,heap     ] GC(1167) Eden regions: 834->0(831)
[2024-08-15T14:01:03.499+0000][5559.444s][info][gc,heap     ] GC(1167) Survivor regions: 5->8(105)
[2024-08-15T14:01:03.499+0000][5559.444s][info][gc,heap     ] GC(1167) Old regions: 367->367
[2024-08-15T14:01:03.499+0000][5559.444s][info][gc,heap     ] GC(1167) Archive regions: 2->2
[2024-08-15T14:01:03.499+0000][5559.444s][info][gc,heap     ] GC(1167) Humongous regions: 5->5
[2024-08-15T14:01:03.499+0000][5559.444s][info][gc,metaspace] GC(1167) Metaspace: 441083K(447424K)->441083K(447424K) NonClass: 386086K(389696K)->386086K(389696K) Class: 54996K(57728K)->54996K(57728K)
[2024-08-15T14:01:03.499+0000][5559.444s][info][gc          ] GC(1167) Pause Young (Normal) (G1 Evacuation Pause) 9684M->3037M(12288M) 22.075ms
[2024-08-15T14:01:03.499+0000][5559.444s][info][gc,cpu      ] GC(1167) User=0.13s Sys=0.00s Real=0.02s
[2024-08-15T14:01:12.649+0000][5568.593s][info][gc,start    ] GC(1168) Pause Young (Normal) (G1 Evacuation Pause)
[2024-08-15T14:01:12.649+0000][5568.593s][info][gc,task     ] GC(1168) Using 6 workers of 6 for evacuation
[2024-08-15T14:01:12.681+0000][5568.626s][info][gc,phases   ] GC(1168)   Pre Evacuate Collection Set: 0.2ms
[2024-08-15T14:01:12.681+0000][5568.626s][info][gc,phases   ] GC(1168)   Merge Heap Roots: 0.3ms
[2024-08-15T14:01:12.681+0000][5568.626s][info][gc,phases   ] GC(1168)   Evacuate Collection Set: 30.0ms
[2024-08-15T14:01:12.681+0000][5568.626s][info][gc,phases   ] GC(1168)   Post Evacuate Collection Set: 1.7ms
[2024-08-15T14:01:12.681+0000][5568.626s][info][gc,phases   ] GC(1168)   Other: 0.2ms
[2024-08-15T14:01:12.681+0000][5568.626s][info][gc,heap     ] GC(1168) Eden regions: 831->0(827)
[2024-08-15T14:01:12.681+0000][5568.626s][info][gc,heap     ] GC(1168) Survivor regions: 8->12(105)
[2024-08-15T14:01:12.681+0000][5568.626s][info][gc,heap     ] GC(1168) Old regions: 367->367
[2024-08-15T14:01:12.681+0000][5568.626s][info][gc,heap     ] GC(1168) Archive regions: 2->2
[2024-08-15T14:01:12.681+0000][5568.626s][info][gc,heap     ] GC(1168) Humongous regions: 5->5
[2024-08-15T14:01:12.681+0000][5568.626s][info][gc,metaspace] GC(1168) Metaspace: 441083K(447424K)->441083K(447424K) NonClass: 386086K(389696K)->386086K(389696K) Class: 54996K(57728K)->54996K(57728K)
[2024-08-15T14:01:12.681+0000][5568.626s][info][gc          ] GC(1168) Pause Young (Normal) (G1 Evacuation Pause) 9685M->3064M(12288M) 32.466ms
[2024-08-15T14:01:12.681+0000][5568.626s][info][gc,cpu      ] GC(1168) User=0.18s Sys=0.01s Real=0.03s
[2024-08-15T14:01:21.725+0000][5577.669s][info][gc,start    ] GC(1169) Pause Young (Concurrent Start) (G1 Evacuation Pause)
[2024-08-15T14:01:21.725+0000][5577.669s][info][gc,task     ] GC(1169) Using 6 workers of 6 for evacuation
[2024-08-15T14:01:21.767+0000][5577.712s][info][gc,phases   ] GC(1169)   Pre Evacuate Collection Set: 0.6ms
[2024-08-15T14:01:21.767+0000][5577.712s][info][gc,phases   ] GC(1169)   Merge Heap Roots: 0.3ms
[2024-08-15T14:01:21.767+0000][5577.712s][info][gc,phases   ] GC(1169)   Evacuate Collection Set: 39.3ms
[2024-08-15T14:01:21.767+0000][5577.712s][info][gc,phases   ] GC(1169)   Post Evacuate Collection Set: 1.9ms
[2024-08-15T14:01:21.767+0000][5577.712s][info][gc,phases   ] GC(1169)   Other: 0.3ms
[2024-08-15T14:01:21.767+0000][5577.712s][info][gc,heap     ] GC(1169) Eden regions: 827->0(822)
[2024-08-15T14:01:21.767+0000][5577.712s][info][gc,heap     ] GC(1169) Survivor regions: 12->16(105)
[2024-08-15T14:01:21.767+0000][5577.712s][info][gc,heap     ] GC(1169) Old regions: 367->367
[2024-08-15T14:01:21.767+0000][5577.712s][info][gc,heap     ] GC(1169) Archive regions: 2->2
[2024-08-15T14:01:21.767+0000][5577.712s][info][gc,heap     ] GC(1169) Humongous regions: 5->5
[2024-08-15T14:01:21.767+0000][5577.712s][info][gc,metaspace] GC(1169) Metaspace: 441083K(447424K)->441083K(447424K) NonClass: 386086K(389696K)->386086K(389696K) Class: 54996K(57728K)->54996K(57728K)
[2024-08-15T14:01:21.767+0000][5577.712s][info][gc          ] GC(1169) Pause Young (Concurrent Start) (G1 Evacuation Pause) 9680M->3096M(12288M) 42.582ms
[2024-08-15T14:01:21.767+0000][5577.712s][info][gc,cpu      ] GC(1169) User=0.23s Sys=0.01s Real=0.04s
[2024-08-15T14:01:21.768+0000][5577.712s][info][gc          ] GC(1170) Concurrent Mark Cycle
[2024-08-15T14:01:21.768+0000][5577.712s][info][gc,marking  ] GC(1170) Concurrent Clear Claimed Marks
[2024-08-15T14:01:21.768+0000][5577.713s][info][gc,marking  ] GC(1170) Concurrent Clear Claimed Marks 0.437ms
[2024-08-15T14:01:21.768+0000][5577.713s][info][gc,marking  ] GC(1170) Concurrent Scan Root Regions
[2024-08-15T14:01:21.812+0000][5577.757s][info][gc,marking  ] GC(1170) Concurrent Scan Root Regions 44.108ms
[2024-08-15T14:01:21.812+0000][5577.757s][info][gc,marking  ] GC(1170) Concurrent Mark
[2024-08-15T14:01:21.812+0000][5577.757s][info][gc,marking  ] GC(1170) Concurrent Mark From Roots
[2024-08-15T14:01:21.812+0000][5577.757s][info][gc,task     ] GC(1170) Using 2 workers of 2 for marking
[2024-08-15T14:01:24.022+0000][5579.967s][info][gc,marking  ] GC(1170) Concurrent Mark From Roots 2209.914ms
[2024-08-15T14:01:24.022+0000][5579.967s][info][gc,marking  ] GC(1170) Concurrent Preclean
[2024-08-15T14:01:24.023+0000][5579.968s][info][gc,marking  ] GC(1170) Concurrent Preclean 1.386ms
[2024-08-15T14:01:24.024+0000][5579.968s][info][gc,start    ] GC(1170) Pause Remark
[2024-08-15T14:01:24.046+0000][5579.991s][info][gc          ] GC(1170) Pause Remark 4572M->4572M(12288M) 22.765ms
[2024-08-15T14:01:24.046+0000][5579.991s][info][gc,cpu      ] GC(1170) User=0.10s Sys=0.00s Real=0.02s
[2024-08-15T14:01:24.047+0000][5579.991s][info][gc,marking  ] GC(1170) Concurrent Mark 2234.635ms
[2024-08-15T14:01:24.047+0000][5579.991s][info][gc,marking  ] GC(1170) Concurrent Rebuild Remembered Sets
[2024-08-15T14:01:25.327+0000][5581.272s][info][gc,marking  ] GC(1170) Concurrent Rebuild Remembered Sets 1280.394ms
[2024-08-15T14:01:25.327+0000][5581.272s][info][gc,start    ] GC(1170) Pause Cleanup
[2024-08-15T14:01:25.328+0000][5581.273s][info][gc          ] GC(1170) Pause Cleanup 5432M->5432M(12288M) 0.633ms
[2024-08-15T14:01:25.328+0000][5581.273s][info][gc,cpu      ] GC(1170) User=0.00s Sys=0.00s Real=0.00s
[2024-08-15T14:01:25.328+0000][5581.273s][info][gc,marking  ] GC(1170) Concurrent Cleanup for Next Mark
[2024-08-15T14:01:25.346+0000][5581.290s][info][gc,marking  ] GC(1170) Concurrent Cleanup for Next Mark 17.038ms
[2024-08-15T14:01:25.346+0000][5581.290s][info][gc          ] GC(1170) Concurrent Mark Cycle 3578.077ms
[2024-08-15T14:01:30.709+0000][5586.654s][info][gc,start    ] GC(1171) Pause Young (Prepare Mixed) (G1 Evacuation Pause)
[2024-08-15T14:01:30.709+0000][5586.654s][info][gc,task     ] GC(1171) Using 6 workers of 6 for evacuation
[2024-08-15T14:01:30.751+0000][5586.695s][info][gc,phases   ] GC(1171)   Pre Evacuate Collection Set: 0.2ms
[2024-08-15T14:01:30.751+0000][5586.695s][info][gc,phases   ] GC(1171)   Merge Heap Roots: 0.4ms
[2024-08-15T14:01:30.751+0000][5586.695s][info][gc,phases   ] GC(1171)   Evacuate Collection Set: 38.6ms
[2024-08-15T14:01:30.751+0000][5586.695s][info][gc,phases   ] GC(1171)   Post Evacuate Collection Set: 1.8ms
[2024-08-15T14:01:30.751+0000][5586.695s][info][gc,phases   ] GC(1171)   Other: 0.2ms
[2024-08-15T14:01:30.751+0000][5586.695s][info][gc,heap     ] GC(1171) Eden regions: 822->0(62)
[2024-08-15T14:01:30.751+0000][5586.695s][info][gc,heap     ] GC(1171) Survivor regions: 16->14(105)
[2024-08-15T14:01:30.751+0000][5586.695s][info][gc,heap     ] GC(1171) Old regions: 367->367
[2024-08-15T14:01:30.751+0000][5586.695s][info][gc,heap     ] GC(1171) Archive regions: 2->2
[2024-08-15T14:01:30.751+0000][5586.695s][info][gc,heap     ] GC(1171) Humongous regions: 5->5
[2024-08-15T14:01:30.751+0000][5586.695s][info][gc,metaspace] GC(1171) Metaspace: 441083K(447424K)->441083K(447424K) NonClass: 386086K(389696K)->386086K(389696K) Class: 54996K(57728K)->54996K(57728K)
[2024-08-15T14:01:30.751+0000][5586.695s][info][gc          ] GC(1171) Pause Young (Prepare Mixed) (G1 Evacuation Pause) 9672M->3086M(12288M) 41.300ms
[2024-08-15T14:01:30.751+0000][5586.695s][info][gc,cpu      ] GC(1171) User=0.24s Sys=0.00s Real=0.04s
[2024-08-15T14:01:31.430+0000][5587.374s][info][gc,start    ] GC(1172) Pause Young (Mixed) (G1 Evacuation Pause)
[2024-08-15T14:01:31.430+0000][5587.374s][info][gc,task     ] GC(1172) Using 6 workers of 6 for evacuation
[2024-08-15T14:01:31.510+0000][5587.454s][info][gc,phases   ] GC(1172)   Pre Evacuate Collection Set: 0.2ms
[2024-08-15T14:01:31.510+0000][5587.454s][info][gc,phases   ] GC(1172)   Merge Heap Roots: 0.4ms
[2024-08-15T14:01:31.510+0000][5587.454s][info][gc,phases   ] GC(1172)   Evacuate Collection Set: 77.7ms
