[2025-01-09T01:55:54.989+0000][192625.355s][info][gc          ] GC(7042) Pause Cleanup 5189M->5189M(12288M) 0.995ms
[2025-01-09T01:55:54.989+0000][192625.355s][info][gc,cpu      ] GC(7042) User=0.00s Sys=0.00s Real=0.00s
[2025-01-09T01:55:54.989+0000][192625.355s][info][gc,marking  ] GC(7042) Concurrent Cleanup for Next Mark
[2025-01-09T01:55:55.005+0000][192625.371s][info][gc,marking  ] GC(7042) Concurrent Cleanup for Next Mark 15.796ms
[2025-01-09T01:55:55.005+0000][192625.371s][info][gc          ] GC(7042) Concurrent Mark Cycle 1785.294ms
[2025-01-09T01:55:59.992+0000][192630.358s][info][gc,start    ] GC(7043) Pause Young (Prepare Mixed) (G1 Evacuation Pause)
[2025-01-09T01:55:59.992+0000][192630.358s][info][gc,task     ] GC(7043) Using 6 workers of 6 for evacuation
[2025-01-09T01:56:00.024+0000][192630.390s][info][gc,phases   ] GC(7043)   Pre Evacuate Collection Set: 0.2ms
[2025-01-09T01:56:00.024+0000][192630.390s][info][gc,phases   ] GC(7043)   Merge Heap Roots: 0.6ms
[2025-01-09T01:56:00.024+0000][192630.390s][info][gc,phases   ] GC(7043)   Evacuate Collection Set: 26.9ms
[2025-01-09T01:56:00.024+0000][192630.390s][info][gc,phases   ] GC(7043)   Post Evacuate Collection Set: 4.1ms
[2025-01-09T01:56:00.024+0000][192630.390s][info][gc,phases   ] GC(7043)   Other: 0.2ms
[2025-01-09T01:56:00.024+0000][192630.390s][info][gc,heap     ] GC(7043) Eden regions: 915->0(68)
[2025-01-09T01:56:00.024+0000][192630.390s][info][gc,heap     ] GC(7043) Survivor regions: 6->8(116)
[2025-01-09T01:56:00.024+0000][192630.390s][info][gc,heap     ] GC(7043) Old regions: 231->231
[2025-01-09T01:56:00.024+0000][192630.390s][info][gc,heap     ] GC(7043) Archive regions: 2->2
[2025-01-09T01:56:00.024+0000][192630.390s][info][gc,heap     ] GC(7043) Humongous regions: 49->49
[2025-01-09T01:56:00.024+0000][192630.390s][info][gc,metaspace] GC(7043) Metaspace: 524844K(534208K)->524844K(534208K) NonClass: 460879K(465472K)->460879K(465472K) Class: 63964K(68736K)->63964K(68736K)
[2025-01-09T01:56:00.024+0000][192630.390s][info][gc          ] GC(7043) Pause Young (Prepare Mixed) (G1 Evacuation Pause) 9607M->2305M(12288M) 32.096ms
[2025-01-09T01:56:00.024+0000][192630.390s][info][gc,cpu      ] GC(7043) User=0.18s Sys=0.00s Real=0.03s
[2025-01-09T01:56:00.570+0000][192630.936s][info][gc,start    ] GC(7044) Pause Young (Mixed) (G1 Evacuation Pause)
[2025-01-09T01:56:00.570+0000][192630.936s][info][gc,task     ] GC(7044) Using 6 workers of 6 for evacuation
[2025-01-09T01:56:00.623+0000][192630.990s][info][gc,phases   ] GC(7044)   Pre Evacuate Collection Set: 0.2ms
[2025-01-09T01:56:00.624+0000][192630.990s][info][gc,phases   ] GC(7044)   Merge Heap Roots: 0.6ms
[2025-01-09T01:56:00.624+0000][192630.990s][info][gc,phases   ] GC(7044)   Evacuate Collection Set: 50.4ms
[2025-01-09T01:56:00.624+0000][192630.990s][info][gc,phases   ] GC(7044)   Post Evacuate Collection Set: 1.9ms
[2025-01-09T01:56:00.624+0000][192630.990s][info][gc,phases   ] GC(7044)   Other: 0.2ms
[2025-01-09T01:56:00.624+0000][192630.990s][info][gc,heap     ] GC(7044) Eden regions: 68->0(917)
[2025-01-09T01:56:00.624+0000][192630.990s][info][gc,heap     ] GC(7044) Survivor regions: 8->4(10)
[2025-01-09T01:56:00.624+0000][192630.990s][info][gc,heap     ] GC(7044) Old regions: 231->232
[2025-01-09T01:56:00.624+0000][192630.990s][info][gc,heap     ] GC(7044) Archive regions: 2->2
[2025-01-09T01:56:00.624+0000][192630.990s][info][gc,heap     ] GC(7044) Humongous regions: 49->49
[2025-01-09T01:56:00.624+0000][192630.990s][info][gc,metaspace] GC(7044) Metaspace: 524844K(534208K)->524844K(534208K) NonClass: 460879K(465472K)->460879K(465472K) Class: 63964K(68736K)->63964K(68736K)
[2025-01-09T01:56:00.624+0000][192630.990s][info][gc          ] GC(7044) Pause Young (Mixed) (G1 Evacuation Pause) 2849M->2280M(12288M) 53.339ms
[2025-01-09T01:56:00.624+0000][192630.990s][info][gc,cpu      ] GC(7044) User=0.29s Sys=0.00s Real=0.05s
[2025-01-09T01:56:09.558+0000][192639.924s][info][gc,start    ] GC(7045) Pause Young (Normal) (G1 Evacuation Pause)
[2025-01-09T01:56:09.558+0000][192639.924s][info][gc,task     ] GC(7045) Using 6 workers of 6 for evacuation
[2025-01-09T01:56:09.582+0000][192639.948s][info][gc,phases   ] GC(7045)   Pre Evacuate Collection Set: 0.2ms
[2025-01-09T01:56:09.582+0000][192639.948s][info][gc,phases   ] GC(7045)   Merge Heap Roots: 0.4ms
[2025-01-09T01:56:09.582+0000][192639.948s][info][gc,phases   ] GC(7045)   Evacuate Collection Set: 20.9ms
[2025-01-09T01:56:09.582+0000][192639.948s][info][gc,phases   ] GC(7045)   Post Evacuate Collection Set: 2.5ms
[2025-01-09T01:56:09.582+0000][192639.949s][info][gc,phases   ] GC(7045)   Other: 0.2ms
[2025-01-09T01:56:09.582+0000][192639.949s][info][gc,heap     ] GC(7045) Eden regions: 917->0(915)
[2025-01-09T01:56:09.582+0000][192639.949s][info][gc,heap     ] GC(7045) Survivor regions: 4->6(116)
[2025-01-09T01:56:09.582+0000][192639.949s][info][gc,heap     ] GC(7045) Old regions: 232->232
[2025-01-09T01:56:09.582+0000][192639.949s][info][gc,heap     ] GC(7045) Archive regions: 2->2
[2025-01-09T01:56:09.582+0000][192639.949s][info][gc,heap     ] GC(7045) Humongous regions: 49->49
[2025-01-09T01:56:09.582+0000][192639.949s][info][gc,metaspace] GC(7045) Metaspace: 524844K(534208K)->524844K(534208K) NonClass: 460879K(465472K)->460879K(465472K) Class: 63964K(68736K)->63964K(68736K)
[2025-01-09T01:56:09.582+0000][192639.949s][info][gc          ] GC(7045) Pause Young (Normal) (G1 Evacuation Pause) 9616M->2290M(12288M) 24.248ms
[2025-01-09T01:56:09.583+0000][192639.949s][info][gc,cpu      ] GC(7045) User=0.14s Sys=0.00s Real=0.03s
[2025-01-09T01:56:21.646+0000][192652.012s][info][gc,start    ] GC(7046) Pause Young (Normal) (G1 Evacuation Pause)
[2025-01-09T01:56:21.646+0000][192652.012s][info][gc,task     ] GC(7046) Using 6 workers of 6 for evacuation
[2025-01-09T01:56:21.677+0000][192652.043s][info][gc,phases   ] GC(7046)   Pre Evacuate Collection Set: 0.2ms
[2025-01-09T01:56:21.677+0000][192652.043s][info][gc,phases   ] GC(7046)   Merge Heap Roots: 0.4ms
[2025-01-09T01:56:21.677+0000][192652.043s][info][gc,phases   ] GC(7046)   Evacuate Collection Set: 27.2ms
[2025-01-09T01:56:21.677+0000][192652.043s][info][gc,phases   ] GC(7046)   Post Evacuate Collection Set: 2.8ms
[2025-01-09T01:56:21.677+0000][192652.043s][info][gc,phases   ] GC(7046)   Other: 0.2ms
[2025-01-09T01:56:21.677+0000][192652.043s][info][gc,heap     ] GC(7046) Eden regions: 915->0(913)
[2025-01-09T01:56:21.677+0000][192652.043s][info][gc,heap     ] GC(7046) Survivor regions: 6->8(116)
[2025-01-09T01:56:21.677+0000][192652.043s][info][gc,heap     ] GC(7046) Old regions: 232->232
[2025-01-09T01:56:21.677+0000][192652.043s][info][gc,heap     ] GC(7046) Archive regions: 2->2
[2025-01-09T01:56:21.677+0000][192652.043s][info][gc,heap     ] GC(7046) Humongous regions: 49->49
[2025-01-09T01:56:21.677+0000][192652.043s][info][gc,metaspace] GC(7046) Metaspace: 524844K(534208K)->524844K(534208K) NonClass: 460879K(465472K)->460879K(465472K) Class: 63964K(68736K)->63964K(68736K)
[2025-01-09T01:56:21.677+0000][192652.043s][info][gc          ] GC(7046) Pause Young (Normal) (G1 Evacuation Pause) 9610M->2307M(12288M) 30.961ms
[2025-01-09T01:56:21.677+0000][192652.043s][info][gc,cpu      ] GC(7046) User=0.19s Sys=0.00s Real=0.03s
[2025-01-09T01:56:28.643+0000][192659.009s][info][gc,start    ] GC(7047) Pause Young (Concurrent Start) (G1 Evacuation Pause)
[2025-01-09T01:56:28.643+0000][192659.009s][info][gc,task     ] GC(7047) Using 6 workers of 6 for evacuation
[2025-01-09T01:56:28.677+0000][192659.043s][info][gc,phases   ] GC(7047)   Pre Evacuate Collection Set: 1.2ms
[2025-01-09T01:56:28.677+0000][192659.043s][info][gc,phases   ] GC(7047)   Merge Heap Roots: 0.5ms
[2025-01-09T01:56:28.677+0000][192659.043s][info][gc,phases   ] GC(7047)   Evacuate Collection Set: 28.9ms
[2025-01-09T01:56:28.677+0000][192659.043s][info][gc,phases   ] GC(7047)   Post Evacuate Collection Set: 2.4ms
[2025-01-09T01:56:28.677+0000][192659.043s][info][gc,phases   ] GC(7047)   Other: 0.3ms
[2025-01-09T01:56:28.677+0000][192659.043s][info][gc,heap     ] GC(7047) Eden regions: 913->0(912)
[2025-01-09T01:56:28.677+0000][192659.043s][info][gc,heap     ] GC(7047) Survivor regions: 8->9(116)
[2025-01-09T01:56:28.677+0000][192659.043s][info][gc,heap     ] GC(7047) Old regions: 232->232
[2025-01-09T01:56:28.677+0000][192659.043s][info][gc,heap     ] GC(7047) Archive regions: 2->2
[2025-01-09T01:56:28.677+0000][192659.043s][info][gc,heap     ] GC(7047) Humongous regions: 49->49
[2025-01-09T01:56:28.677+0000][192659.043s][info][gc,metaspace] GC(7047) Metaspace: 524844K(534208K)->524844K(534208K) NonClass: 460879K(465472K)->460879K(465472K) Class: 63964K(68736K)->63964K(68736K)
[2025-01-09T01:56:28.677+0000][192659.043s][info][gc          ] GC(7047) Pause Young (Concurrent Start) (G1 Evacuation Pause) 9611M->2317M(12288M) 33.334ms
[2025-01-09T01:56:28.677+0000][192659.043s][info][gc,cpu      ] GC(7047) User=0.19s Sys=0.00s Real=0.03s
[2025-01-09T01:56:28.677+0000][192659.043s][info][gc          ] GC(7048) Concurrent Mark Cycle
[2025-01-09T01:56:28.677+0000][192659.043s][info][gc,marking  ] GC(7048) Concurrent Clear Claimed Marks
[2025-01-09T01:56:28.678+0000][192659.044s][info][gc,marking  ] GC(7048) Concurrent Clear Claimed Marks 0.913ms
[2025-01-09T01:56:28.678+0000][192659.044s][info][gc,marking  ] GC(7048) Concurrent Scan Root Regions
[2025-01-09T01:56:28.698+0000][192659.064s][info][gc,marking  ] GC(7048) Concurrent Scan Root Regions 20.315ms
[2025-01-09T01:56:28.698+0000][192659.064s][info][gc,marking  ] GC(7048) Concurrent Mark
[2025-01-09T01:56:28.698+0000][192659.064s][info][gc,marking  ] GC(7048) Concurrent Mark From Roots
[2025-01-09T01:56:28.698+0000][192659.064s][info][gc,task     ] GC(7048) Using 2 workers of 2 for marking
[2025-01-09T01:56:29.437+0000][192659.803s][info][gc,marking  ] GC(7048) Concurrent Mark From Roots 738.646ms
[2025-01-09T01:56:29.437+0000][192659.803s][info][gc,marking  ] GC(7048) Concurrent Preclean
[2025-01-09T01:56:29.440+0000][192659.806s][info][gc,marking  ] GC(7048) Concurrent Preclean 3.481ms
[2025-01-09T01:56:29.440+0000][192659.806s][info][gc,start    ] GC(7048) Pause Remark
[2025-01-09T01:56:29.466+0000][192659.832s][info][gc          ] GC(7048) Pause Remark 2661M->2661M(12288M) 25.617ms
[2025-01-09T01:56:29.466+0000][192659.832s][info][gc,cpu      ] GC(7048) User=0.14s Sys=0.00s Real=0.03s
[2025-01-09T01:56:29.466+0000][192659.832s][info][gc,marking  ] GC(7048) Concurrent Mark 768.090ms
[2025-01-09T01:56:29.466+0000][192659.832s][info][gc,marking  ] GC(7048) Concurrent Rebuild Remembered Sets
[2025-01-09T01:56:30.040+0000][192660.406s][info][gc,marking  ] GC(7048) Concurrent Rebuild Remembered Sets 573.784ms
[2025-01-09T01:56:30.040+0000][192660.406s][info][gc,start    ] GC(7048) Pause Cleanup
[2025-01-09T01:56:30.040+0000][192660.407s][info][gc          ] GC(7048) Pause Cleanup 3129M->3129M(12288M) 0.416ms
[2025-01-09T01:56:30.041+0000][192660.407s][info][gc,cpu      ] GC(7048) User=0.00s Sys=0.00s Real=0.00s
[2025-01-09T01:56:30.041+0000][192660.407s][info][gc,marking  ] GC(7048) Concurrent Cleanup for Next Mark
[2025-01-09T01:56:30.056+0000][192660.423s][info][gc,marking  ] GC(7048) Concurrent Cleanup for Next Mark 15.888ms
[2025-01-09T01:56:30.057+0000][192660.423s][info][gc          ] GC(7048) Concurrent Mark Cycle 1379.753ms
[2025-01-09T01:56:39.796+0000][192670.162s][info][gc,start    ] GC(7049) Pause Young (Prepare Mixed) (G1 Evacuation Pause)
[2025-01-09T01:56:39.796+0000][192670.162s][info][gc,task     ] GC(7049) Using 6 workers of 6 for evacuation
[2025-01-09T01:56:39.835+0000][192670.201s][info][gc,phases   ] GC(7049)   Pre Evacuate Collection Set: 0.2ms
[2025-01-09T01:56:39.835+0000][192670.201s][info][gc,phases   ] GC(7049)   Merge Heap Roots: 0.7ms
[2025-01-09T01:56:39.835+0000][192670.201s][info][gc,phases   ] GC(7049)   Evacuate Collection Set: 35.9ms
[2025-01-09T01:56:39.835+0000][192670.201s][info][gc,phases   ] GC(7049)   Post Evacuate Collection Set: 2.7ms
[2025-01-09T01:56:39.835+0000][192670.201s][info][gc,phases   ] GC(7049)   Other: 0.2ms
[2025-01-09T01:56:39.835+0000][192670.201s][info][gc,heap     ] GC(7049) Eden regions: 912->0(63)
[2025-01-09T01:56:39.835+0000][192670.201s][info][gc,heap     ] GC(7049) Survivor regions: 9->13(116)
[2025-01-09T01:56:39.835+0000][192670.201s][info][gc,heap     ] GC(7049) Old regions: 232->232
[2025-01-09T01:56:39.835+0000][192670.202s][info][gc,heap     ] GC(7049) Archive regions: 2->2
[2025-01-09T01:56:39.835+0000][192670.202s][info][gc,heap     ] GC(7049) Humongous regions: 49->49
[2025-01-09T01:56:39.835+0000][192670.202s][info][gc,metaspace] GC(7049) Metaspace: 524844K(534208K)->524844K(534208K) NonClass: 460879K(465472K)->460879K(465472K) Class: 63964K(68736K)->63964K(68736K)
[2025-01-09T01:56:39.835+0000][192670.202s][info][gc          ] GC(7049) Pause Young (Prepare Mixed) (G1 Evacuation Pause) 9613M->2352M(12288M) 39.715ms
[2025-01-09T01:56:39.835+0000][192670.202s][info][gc,cpu      ] GC(7049) User=0.23s Sys=0.01s Real=0.04s
[2025-01-09T01:56:40.192+0000][192670.558s][info][gc,start    ] GC(7050) Pause Young (Mixed) (G1 Evacuation Pause)
[2025-01-09T01:56:40.192+0000][192670.558s][info][gc,task     ] GC(7050) Using 6 workers of 6 for evacuation
[2025-01-09T01:56:40.240+0000][192670.606s][info][gc,phases   ] GC(7050)   Pre Evacuate Collection Set: 0.2ms
[2025-01-09T01:56:40.240+0000][192670.606s][info][gc,phases   ] GC(7050)   Merge Heap Roots: 0.5ms
[2025-01-09T01:56:40.240+0000][192670.606s][info][gc,phases   ] GC(7050)   Evacuate Collection Set: 45.4ms
[2025-01-09T01:56:40.240+0000][192670.606s][info][gc,phases   ] GC(7050)   Post Evacuate Collection Set: 2.2ms
[2025-01-09T01:56:40.240+0000][192670.606s][info][gc,phases   ] GC(7050)   Other: 0.2ms
[2025-01-09T01:56:40.240+0000][192670.606s][info][gc,heap     ] GC(7050) Eden regions: 63->0(919)
[2025-01-09T01:56:40.240+0000][192670.606s][info][gc,heap     ] GC(7050) Survivor regions: 13->2(10)
[2025-01-09T01:56:40.240+0000][192670.606s][info][gc,heap     ] GC(7050) Old regions: 232->235
[2025-01-09T01:56:40.240+0000][192670.606s][info][gc,heap     ] GC(7050) Archive regions: 2->2
[2025-01-09T01:56:40.240+0000][192670.606s][info][gc,heap     ] GC(7050) Humongous regions: 49->49
[2025-01-09T01:56:40.240+0000][192670.606s][info][gc,metaspace] GC(7050) Metaspace: 524844K(534208K)->524844K(534208K) NonClass: 460879K(465472K)->460879K(465472K) Class: 63964K(68736K)->63964K(68736K)
[2025-01-09T01:56:40.240+0000][192670.606s][info][gc          ] GC(7050) Pause Young (Mixed) (G1 Evacuation Pause) 2856M->2288M(12288M) 48.474ms
[2025-01-09T01:56:40.240+0000][192670.606s][info][gc,cpu      ] GC(7050) User=0.28s Sys=0.00s Real=0.04s
[2025-01-09T01:56:46.503+0000][192676.870s][info][gc,start    ] GC(7051) Pause Young (Normal) (G1 Evacuation Pause)
[2025-01-09T01:56:46.503+0000][192676.870s][info][gc,task     ] GC(7051) Using 6 workers of 6 for evacuation
[2025-01-09T01:56:46.518+0000][192676.885s][info][gc,phases   ] GC(7051)   Pre Evacuate Collection Set: 0.2ms
[2025-01-09T01:56:46.518+0000][192676.885s][info][gc,phases   ] GC(7051)   Merge Heap Roots: 0.3ms
[2025-01-09T01:56:46.518+0000][192676.885s][info][gc,phases   ] GC(7051)   Evacuate Collection Set: 10.6ms
[2025-01-09T01:56:46.518+0000][192676.885s][info][gc,phases   ] GC(7051)   Post Evacuate Collection Set: 3.7ms
[2025-01-09T01:56:46.518+0000][192676.885s][info][gc,phases   ] GC(7051)   Other: 0.2ms
[2025-01-09T01:56:46.518+0000][192676.885s][info][gc,heap     ] GC(7051) Eden regions: 919->0(917)
[2025-01-09T01:56:46.519+0000][192676.885s][info][gc,heap     ] GC(7051) Survivor regions: 2->4(116)
[2025-01-09T01:56:46.519+0000][192676.885s][info][gc,heap     ] GC(7051) Old regions: 235->235
[2025-01-09T01:56:46.519+0000][192676.885s][info][gc,heap     ] GC(7051) Archive regions: 2->2
[2025-01-09T01:56:46.519+0000][192676.885s][info][gc,heap     ] GC(7051) Humongous regions: 49->49
[2025-01-09T01:56:46.519+0000][192676.885s][info][gc,metaspace] GC(7051) Metaspace: 524844K(534208K)->524844K(534208K) NonClass: 460879K(465472K)->460879K(465472K) Class: 63964K(68736K)->63964K(68736K)
[2025-01-09T01:56:46.519+0000][192676.885s][info][gc          ] GC(7051) Pause Young (Normal) (G1 Evacuation Pause) 9640M->2299M(12288M) 15.130ms
[2025-01-09T01:56:46.519+0000][192676.885s][info][gc,cpu      ] GC(7051) User=0.08s Sys=0.01s Real=0.01s
[2025-01-09T01:56:52.402+0000][192682.768s][info][gc,start    ] GC(7052) Pause Young (Normal) (G1 Evacuation Pause)
[2025-01-09T01:56:52.402+0000][192682.768s][info][gc,task     ] GC(7052) Using 6 workers of 6 for evacuation
[2025-01-09T01:56:52.418+0000][192682.784s][info][gc,phases   ] GC(7052)   Pre Evacuate Collection Set: 0.2ms
[2025-01-09T01:56:52.418+0000][192682.784s][info][gc,phases   ] GC(7052)   Merge Heap Roots: 0.4ms
[2025-01-09T01:56:52.418+0000][192682.784s][info][gc,phases   ] GC(7052)   Evacuate Collection Set: 13.0ms
[2025-01-09T01:56:52.418+0000][192682.784s][info][gc,phases   ] GC(7052)   Post Evacuate Collection Set: 2.4ms
[2025-01-09T01:56:52.418+0000][192682.784s][info][gc,phases   ] GC(7052)   Other: 0.2ms
[2025-01-09T01:56:52.418+0000][192682.784s][info][gc,heap     ] GC(7052) Eden regions: 917->0(917)
[2025-01-09T01:56:52.418+0000][192682.784s][info][gc,heap     ] GC(7052) Survivor regions: 4->4(116)
[2025-01-09T01:56:52.418+0000][192682.784s][info][gc,heap     ] GC(7052) Old regions: 235->235
[2025-01-09T01:56:52.418+0000][192682.784s][info][gc,heap     ] GC(7052) Archive regions: 2->2
[2025-01-09T01:56:52.418+0000][192682.784s][info][gc,heap     ] GC(7052) Humongous regions: 49->49
[2025-01-09T01:56:52.418+0000][192682.784s][info][gc,metaspace] GC(7052) Metaspace: 524845K(534208K)->524845K(534208K) NonClass: 460880K(465472K)->460880K(465472K) Class: 63964K(68736K)->63964K(68736K)
[2025-01-09T01:56:52.418+0000][192682.784s][info][gc          ] GC(7052) Pause Young (Normal) (G1 Evacuation Pause) 9635M->2303M(12288M) 16.258ms
[2025-01-09T01:56:52.418+0000][192682.784s][info][gc,cpu      ] GC(7052) User=0.09s Sys=0.00s Real=0.01s
[2025-01-09T01:56:58.076+0000][192688.442s][info][gc,start    ] GC(7053) Pause Young (Concurrent Start) (G1 Evacuation Pause)
[2025-01-09T01:56:58.076+0000][192688.442s][info][gc,task     ] GC(7053) Using 6 workers of 6 for evacuation
[2025-01-09T01:56:58.098+0000][192688.464s][info][gc,phases   ] GC(7053)   Pre Evacuate Collection Set: 1.2ms
[2025-01-09T01:56:58.098+0000][192688.464s][info][gc,phases   ] GC(7053)   Merge Heap Roots: 0.4ms
[2025-01-09T01:56:58.098+0000][192688.464s][info][gc,phases   ] GC(7053)   Evacuate Collection Set: 16.4ms
[2025-01-09T01:56:58.098+0000][192688.464s][info][gc,phases   ] GC(7053)   Post Evacuate Collection Set: 3.8ms
[2025-01-09T01:56:58.098+0000][192688.464s][info][gc,phases   ] GC(7053)   Other: 0.3ms
[2025-01-09T01:56:58.098+0000][192688.464s][info][gc,heap     ] GC(7053) Eden regions: 917->0(915)
[2025-01-09T01:56:58.098+0000][192688.464s][info][gc,heap     ] GC(7053) Survivor regions: 4->6(116)
[2025-01-09T01:56:58.098+0000][192688.464s][info][gc,heap     ] GC(7053) Old regions: 235->235
[2025-01-09T01:56:58.098+0000][192688.464s][info][gc,heap     ] GC(7053) Archive regions: 2->2
[2025-01-09T01:56:58.098+0000][192688.464s][info][gc,heap     ] GC(7053) Humongous regions: 49->49
[2025-01-09T01:56:58.098+0000][192688.464s][info][gc,metaspace] GC(7053) Metaspace: 524845K(534208K)->524845K(534208K) NonClass: 460880K(465472K)->460880K(465472K) Class: 63964K(68736K)->63964K(68736K)
[2025-01-09T01:56:58.098+0000][192688.464s][info][gc          ] GC(7053) Pause Young (Concurrent Start) (G1 Evacuation Pause) 9639M->2315M(12288M) 22.116ms
[2025-01-09T01:56:58.098+0000][192688.464s][info][gc,cpu      ] GC(7053) User=0.12s Sys=0.01s Real=0.02s
[2025-01-09T01:56:58.098+0000][192688.464s][info][gc          ] GC(7054) Concurrent Mark Cycle
[2025-01-09T01:56:58.098+0000][192688.464s][info][gc,marking  ] GC(7054) Concurrent Clear Claimed Marks
[2025-01-09T01:56:58.099+0000][192688.465s][info][gc,marking  ] GC(7054) Concurrent Clear Claimed Marks 0.902ms
[2025-01-09T01:56:58.099+0000][192688.465s][info][gc,marking  ] GC(7054) Concurrent Scan Root Regions
[2025-01-09T01:56:58.114+0000][192688.480s][info][gc,marking  ] GC(7054) Concurrent Scan Root Regions 15.482ms
[2025-01-09T01:56:58.114+0000][192688.480s][info][gc,marking  ] GC(7054) Concurrent Mark
[2025-01-09T01:56:58.114+0000][192688.480s][info][gc,marking  ] GC(7054) Concurrent Mark From Roots
[2025-01-09T01:56:58.114+0000][192688.480s][info][gc,task     ] GC(7054) Using 2 workers of 2 for marking
[2025-01-09T01:56:58.878+0000][192689.244s][info][gc,marking  ] GC(7054) Concurrent Mark From Roots 763.328ms
[2025-01-09T01:56:58.878+0000][192689.244s][info][gc,marking  ] GC(7054) Concurrent Preclean
[2025-01-09T01:56:58.881+0000][192689.247s][info][gc,marking  ] GC(7054) Concurrent Preclean 3.408ms
[2025-01-09T01:56:58.881+0000][192689.247s][info][gc,start    ] GC(7054) Pause Remark
[2025-01-09T01:56:58.907+0000][192689.273s][info][gc          ] GC(7054) Pause Remark 3127M->3127M(12288M) 26.103ms
[2025-01-09T01:56:58.907+0000][192689.273s][info][gc,cpu      ] GC(7054) User=0.15s Sys=0.00s Real=0.03s
[2025-01-09T01:56:58.907+0000][192689.273s][info][gc,marking  ] GC(7054) Concurrent Mark 793.169ms
[2025-01-09T01:56:58.907+0000][192689.274s][info][gc,marking  ] GC(7054) Concurrent Rebuild Remembered Sets
[2025-01-09T01:56:59.421+0000][192689.787s][info][gc,marking  ] GC(7054) Concurrent Rebuild Remembered Sets 513.464ms
[2025-01-09T01:56:59.421+0000][192689.787s][info][gc,start    ] GC(7054) Pause Cleanup
[2025-01-09T01:56:59.421+0000][192689.788s][info][gc          ] GC(7054) Pause Cleanup 3539M->3539M(12288M) 0.424ms
[2025-01-09T01:56:59.421+0000][192689.788s][info][gc,cpu      ] GC(7054) User=0.00s Sys=0.00s Real=0.01s
[2025-01-09T01:56:59.422+0000][192689.788s][info][gc,marking  ] GC(7054) Concurrent Cleanup for Next Mark
[2025-01-09T01:56:59.437+0000][192689.803s][info][gc,marking  ] GC(7054) Concurrent Cleanup for Next Mark 15.310ms
[2025-01-09T01:56:59.437+0000][192689.803s][info][gc          ] GC(7054) Concurrent Mark Cycle 1339.157ms
[2025-01-09T01:57:05.497+0000][192695.863s][info][gc,start    ] GC(7055) Pause Young (Prepare Mixed) (G1 Evacuation Pause)
[2025-01-09T01:57:05.497+0000][192695.863s][info][gc,task     ] GC(7055) Using 6 workers of 6 for evacuation
[2025-01-09T01:57:05.522+0000][192695.888s][info][gc,phases   ] GC(7055)   Pre Evacuate Collection Set: 0.2ms
[2025-01-09T01:57:05.522+0000][192695.888s][info][gc,phases   ] GC(7055)   Merge Heap Roots: 0.6ms
[2025-01-09T01:57:05.522+0000][192695.888s][info][gc,phases   ] GC(7055)   Evacuate Collection Set: 21.8ms
[2025-01-09T01:57:05.522+0000][192695.888s][info][gc,phases   ] GC(7055)   Post Evacuate Collection Set: 2.4ms
[2025-01-09T01:57:05.522+0000][192695.888s][info][gc,phases   ] GC(7055)   Other: 0.2ms
[2025-01-09T01:57:05.522+0000][192695.888s][info][gc,heap     ] GC(7055) Eden regions: 915->0(70)
[2025-01-09T01:57:05.522+0000][192695.888s][info][gc,heap     ] GC(7055) Survivor regions: 6->6(116)
[2025-01-09T01:57:05.522+0000][192695.888s][info][gc,heap     ] GC(7055) Old regions: 235->235
[2025-01-09T01:57:05.522+0000][192695.888s][info][gc,heap     ] GC(7055) Archive regions: 2->2
[2025-01-09T01:57:05.522+0000][192695.888s][info][gc,heap     ] GC(7055) Humongous regions: 49->49
[2025-01-09T01:57:05.522+0000][192695.888s][info][gc,metaspace] GC(7055) Metaspace: 524845K(534208K)->524845K(534208K) NonClass: 460880K(465472K)->460880K(465472K) Class: 63964K(68736K)->63964K(68736K)
[2025-01-09T01:57:05.522+0000][192695.888s][info][gc          ] GC(7055) Pause Young (Prepare Mixed) (G1 Evacuation Pause) 9635M->2319M(12288M) 25.244ms
[2025-01-09T01:57:05.522+0000][192695.888s][info][gc,cpu      ] GC(7055) User=0.15s Sys=0.00s Real=0.03s
[2025-01-09T01:57:06.178+0000][192696.545s][info][gc,start    ] GC(7056) Pause Young (Mixed) (G1 Evacuation Pause)
[2025-01-09T01:57:06.178+0000][192696.545s][info][gc,task     ] GC(7056) Using 6 workers of 6 for evacuation
[2025-01-09T01:57:06.226+0000][192696.592s][info][gc,phases   ] GC(7056)   Pre Evacuate Collection Set: 0.2ms
[2025-01-09T01:57:06.226+0000][192696.592s][info][gc,phases   ] GC(7056)   Merge Heap Roots: 0.6ms
[2025-01-09T01:57:06.226+0000][192696.592s][info][gc,phases   ] GC(7056)   Evacuate Collection Set: 44.7ms
[2025-01-09T01:57:06.226+0000][192696.592s][info][gc,phases   ] GC(7056)   Post Evacuate Collection Set: 1.7ms
[2025-01-09T01:57:06.226+0000][192696.592s][info][gc,phases   ] GC(7056)   Other: 0.2ms
[2025-01-09T01:57:06.226+0000][192696.592s][info][gc,heap     ] GC(7056) Eden regions: 70->0(916)
[2025-01-09T01:57:06.226+0000][192696.592s][info][gc,heap     ] GC(7056) Survivor regions: 6->5(10)
[2025-01-09T01:57:06.226+0000][192696.592s][info][gc,heap     ] GC(7056) Old regions: 235->230
[2025-01-09T01:57:06.226+0000][192696.592s][info][gc,heap     ] GC(7056) Archive regions: 2->2
[2025-01-09T01:57:06.226+0000][192696.592s][info][gc,heap     ] GC(7056) Humongous regions: 49->49
[2025-01-09T01:57:06.226+0000][192696.592s][info][gc,metaspace] GC(7056) Metaspace: 524845K(534208K)->524845K(534208K) NonClass: 460880K(465472K)->460880K(465472K) Class: 63964K(68736K)->63964K(68736K)
[2025-01-09T01:57:06.226+0000][192696.592s][info][gc          ] GC(7056) Pause Young (Mixed) (G1 Evacuation Pause) 2879M->2276M(12288M) 47.360ms
[2025-01-09T01:57:06.226+0000][192696.592s][info][gc,cpu      ] GC(7056) User=0.28s Sys=0.00s Real=0.05s
[2025-01-09T01:57:15.561+0000][192705.927s][info][gc,start    ] GC(7057) Pause Young (Normal) (G1 Evacuation Pause)
[2025-01-09T01:57:15.561+0000][192705.927s][info][gc,task     ] GC(7057) Using 6 workers of 6 for evacuation
[2025-01-09T01:57:15.590+0000][192705.956s][info][gc,phases   ] GC(7057)   Pre Evacuate Collection Set: 0.2ms
[2025-01-09T01:57:15.590+0000][192705.956s][info][gc,phases   ] GC(7057)   Merge Heap Roots: 0.5ms
[2025-01-09T01:57:15.590+0000][192705.956s][info][gc,phases   ] GC(7057)   Evacuate Collection Set: 25.2ms
[2025-01-09T01:57:15.590+0000][192705.956s][info][gc,phases   ] GC(7057)   Post Evacuate Collection Set: 2.6ms
[2025-01-09T01:57:15.590+0000][192705.956s][info][gc,phases   ] GC(7057)   Other: 0.2ms
[2025-01-09T01:57:15.590+0000][192705.956s][info][gc,heap     ] GC(7057) Eden regions: 916->0(914)
[2025-01-09T01:57:15.590+0000][192705.956s][info][gc,heap     ] GC(7057) Survivor regions: 5->7(116)
[2025-01-09T01:57:15.590+0000][192705.956s][info][gc,heap     ] GC(7057) Old regions: 230->230
[2025-01-09T01:57:15.590+0000][192705.956s][info][gc,heap     ] GC(7057) Archive regions: 2->2
[2025-01-09T01:57:15.590+0000][192705.956s][info][gc,heap     ] GC(7057) Humongous regions: 49->49
[2025-01-09T01:57:15.590+0000][192705.956s][info][gc,metaspace] GC(7057) Metaspace: 524845K(534208K)->524845K(534208K) NonClass: 460880K(465472K)->460880K(465472K) Class: 63964K(68736K)->63964K(68736K)
[2025-01-09T01:57:15.590+0000][192705.956s][info][gc          ] GC(7057) Pause Young (Normal) (G1 Evacuation Pause) 9604M->2292M(12288M) 28.783ms
[2025-01-09T01:57:15.590+0000][192705.956s][info][gc,cpu      ] GC(7057) User=0.17s Sys=0.00s Real=0.04s
[2025-01-09T01:57:24.287+0000][192714.653s][info][gc,start    ] GC(7058) Pause Young (Normal) (G1 Evacuation Pause)
[2025-01-09T01:57:24.287+0000][192714.653s][info][gc,task     ] GC(7058) Using 6 workers of 6 for evacuation
[2025-01-09T01:57:24.317+0000][192714.683s][info][gc,phases   ] GC(7058)   Pre Evacuate Collection Set: 0.2ms
[2025-01-09T01:57:24.317+0000][192714.683s][info][gc,phases   ] GC(7058)   Merge Heap Roots: 0.4ms
[2025-01-09T01:57:24.317+0000][192714.683s][info][gc,phases   ] GC(7058)   Evacuate Collection Set: 26.0ms
[2025-01-09T01:57:24.317+0000][192714.683s][info][gc,phases   ] GC(7058)   Post Evacuate Collection Set: 2.5ms
[2025-01-09T01:57:24.317+0000][192714.683s][info][gc,phases   ] GC(7058)   Other: 0.2ms
[2025-01-09T01:57:24.317+0000][192714.683s][info][gc,heap     ] GC(7058) Eden regions: 914->0(912)
[2025-01-09T01:57:24.317+0000][192714.683s][info][gc,heap     ] GC(7058) Survivor regions: 7->9(116)
[2025-01-09T01:57:24.317+0000][192714.683s][info][gc,heap     ] GC(7058) Old regions: 230->230
[2025-01-09T01:57:24.317+0000][192714.683s][info][gc,heap     ] GC(7058) Archive regions: 2->2
[2025-01-09T01:57:24.317+0000][192714.683s][info][gc,heap     ] GC(7058) Humongous regions: 49->49
[2025-01-09T01:57:24.317+0000][192714.683s][info][gc,metaspace] GC(7058) Metaspace: 524845K(534208K)->524845K(534208K) NonClass: 460880K(465472K)->460880K(465472K) Class: 63964K(68736K)->63964K(68736K)
[2025-01-09T01:57:24.317+0000][192714.683s][info][gc          ] GC(7058) Pause Young (Normal) (G1 Evacuation Pause) 9604M->2304M(12288M) 29.423ms
[2025-01-09T01:57:24.317+0000][192714.683s][info][gc,cpu      ] GC(7058) User=0.18s Sys=0.00s Real=0.03s
[2025-01-09T01:57:32.281+0000][192722.647s][info][gc,start    ] GC(7059) Pause Young (Concurrent Start) (G1 Evacuation Pause)
[2025-01-09T01:57:32.281+0000][192722.647s][info][gc,task     ] GC(7059) Using 6 workers of 6 for evacuation
[2025-01-09T01:57:32.316+0000][192722.682s][info][gc,phases   ] GC(7059)   Pre Evacuate Collection Set: 1.2ms
[2025-01-09T01:57:32.316+0000][192722.682s][info][gc,phases   ] GC(7059)   Merge Heap Roots: 0.5ms
[2025-01-09T01:57:32.316+0000][192722.682s][info][gc,phases   ] GC(7059)   Evacuate Collection Set: 30.0ms
[2025-01-09T01:57:32.316+0000][192722.682s][info][gc,phases   ] GC(7059)   Post Evacuate Collection Set: 2.7ms
[2025-01-09T01:57:32.316+0000][192722.682s][info][gc,phases   ] GC(7059)   Other: 0.3ms
[2025-01-09T01:57:32.316+0000][192722.682s][info][gc,heap     ] GC(7059) Eden regions: 912->0(911)
[2025-01-09T01:57:32.316+0000][192722.682s][info][gc,heap     ] GC(7059) Survivor regions: 9->10(116)
[2025-01-09T01:57:32.316+0000][192722.682s][info][gc,heap     ] GC(7059) Old regions: 230->230
[2025-01-09T01:57:32.316+0000][192722.682s][info][gc,heap     ] GC(7059) Archive regions: 2->2
[2025-01-09T01:57:32.316+0000][192722.682s][info][gc,heap     ] GC(7059) Humongous regions: 49->49
[2025-01-09T01:57:32.316+0000][192722.682s][info][gc,metaspace] GC(7059) Metaspace: 524845K(534208K)->524845K(534208K) NonClass: 460880K(465472K)->460880K(465472K) Class: 63964K(68736K)->63964K(68736K)
[2025-01-09T01:57:32.316+0000][192722.682s][info][gc          ] GC(7059) Pause Young (Concurrent Start) (G1 Evacuation Pause) 9600M->2313M(12288M) 34.734ms
[2025-01-09T01:57:32.316+0000][192722.682s][info][gc,cpu      ] GC(7059) User=0.19s Sys=0.01s Real=0.04s
[2025-01-09T01:57:32.316+0000][192722.682s][info][gc          ] GC(7060) Concurrent Mark Cycle
[2025-01-09T01:57:32.316+0000][192722.682s][info][gc,marking  ] GC(7060) Concurrent Clear Claimed Marks
[2025-01-09T01:57:32.317+0000][192722.683s][info][gc,marking  ] GC(7060) Concurrent Clear Claimed Marks 0.975ms
[2025-01-09T01:57:32.317+0000][192722.683s][info][gc,marking  ] GC(7060) Concurrent Scan Root Regions
[2025-01-09T01:57:32.347+0000][192722.713s][info][gc,marking  ] GC(7060) Concurrent Scan Root Regions 30.099ms
[2025-01-09T01:57:32.347+0000][192722.713s][info][gc,marking  ] GC(7060) Concurrent Mark
[2025-01-09T01:57:32.347+0000][192722.713s][info][gc,marking  ] GC(7060) Concurrent Mark From Roots
[2025-01-09T01:57:32.347+0000][192722.713s][info][gc,task     ] GC(7060) Using 2 workers of 2 for marking
[2025-01-09T01:57:33.223+0000][192723.589s][info][gc,marking  ] GC(7060) Concurrent Mark From Roots 875.841ms
[2025-01-09T01:57:33.223+0000][192723.589s][info][gc,marking  ] GC(7060) Concurrent Preclean
[2025-01-09T01:57:33.225+0000][192723.591s][info][gc,marking  ] GC(7060) Concurrent Preclean 2.428ms
[2025-01-09T01:57:33.225+0000][192723.591s][info][gc,start    ] GC(7060) Pause Remark
[2025-01-09T01:57:33.251+0000][192723.617s][info][gc          ] GC(7060) Pause Remark 3273M->3273M(12288M) 25.584ms
[2025-01-09T01:57:33.251+0000][192723.617s][info][gc,cpu      ] GC(7060) User=0.15s Sys=0.00s Real=0.03s
[2025-01-09T01:57:33.251+0000][192723.617s][info][gc,marking  ] GC(7060) Concurrent Mark 904.144ms
[2025-01-09T01:57:33.251+0000][192723.617s][info][gc,marking  ] GC(7060) Concurrent Rebuild Remembered Sets
[2025-01-09T01:57:33.825+0000][192724.191s][info][gc,marking  ] GC(7060) Concurrent Rebuild Remembered Sets 573.966ms
[2025-01-09T01:57:33.825+0000][192724.191s][info][gc,start    ] GC(7060) Pause Cleanup
[2025-01-09T01:57:33.826+0000][192724.192s][info][gc          ] GC(7060) Pause Cleanup 3861M->3861M(12288M) 0.441ms
[2025-01-09T01:57:33.826+0000][192724.192s][info][gc,cpu      ] GC(7060) User=0.00s Sys=0.00s Real=0.00s
[2025-01-09T01:57:33.826+0000][192724.192s][info][gc,marking  ] GC(7060) Concurrent Cleanup for Next Mark
[2025-01-09T01:57:33.844+0000][192724.210s][info][gc,marking  ] GC(7060) Concurrent Cleanup for Next Mark 17.858ms
[2025-01-09T01:57:33.844+0000][192724.210s][info][gc          ] GC(7060) Concurrent Mark Cycle 1527.901ms
[2025-01-09T01:57:37.923+0000][192728.289s][info][gc,start    ] GC(7061) Pause Young (Prepare Mixed) (G1 Evacuation Pause)
[2025-01-09T01:57:37.923+0000][192728.289s][info][gc,task     ] GC(7061) Using 6 workers of 6 for evacuation
[2025-01-09T01:57:37.961+0000][192728.327s][info][gc,phases   ] GC(7061)   Pre Evacuate Collection Set: 0.2ms
[2025-01-09T01:57:37.961+0000][192728.327s][info][gc,phases   ] GC(7061)   Merge Heap Roots: 0.7ms
[2025-01-09T01:57:37.961+0000][192728.327s][info][gc,phases   ] GC(7061)   Evacuate Collection Set: 32.6ms
[2025-01-09T01:57:37.961+0000][192728.327s][info][gc,phases   ] GC(7061)   Post Evacuate Collection Set: 3.9ms
[2025-01-09T01:57:37.961+0000][192728.327s][info][gc,phases   ] GC(7061)   Other: 0.2ms
[2025-01-09T01:57:37.961+0000][192728.327s][info][gc,heap     ] GC(7061) Eden regions: 911->0(64)
[2025-01-09T01:57:37.961+0000][192728.327s][info][gc,heap     ] GC(7061) Survivor regions: 10->12(116)
[2025-01-09T01:57:37.961+0000][192728.327s][info][gc,heap     ] GC(7061) Old regions: 230->230
[2025-01-09T01:57:37.961+0000][192728.327s][info][gc,heap     ] GC(7061) Archive regions: 2->2
[2025-01-09T01:57:37.961+0000][192728.327s][info][gc,heap     ] GC(7061) Humongous regions: 49->49
[2025-01-09T01:57:37.961+0000][192728.327s][info][gc,metaspace] GC(7061) Metaspace: 524845K(534208K)->524845K(534208K) NonClass: 460880K(465472K)->460880K(465472K) Class: 63964K(68736K)->63964K(68736K)
[2025-01-09T01:57:37.961+0000][192728.327s][info][gc          ] GC(7061) Pause Young (Prepare Mixed) (G1 Evacuation Pause) 9601M->2332M(12288M) 37.632ms
[2025-01-09T01:57:37.961+0000][192728.327s][info][gc,cpu      ] GC(7061) User=0.22s Sys=0.00s Real=0.03s
[2025-01-09T01:57:38.452+0000][192728.818s][info][gc,start    ] GC(7062) Pause Young (Mixed) (G1 Evacuation Pause)
[2025-01-09T01:57:38.452+0000][192728.818s][info][gc,task     ] GC(7062) Using 6 workers of 6 for evacuation
[2025-01-09T01:57:38.514+0000][192728.880s][info][gc,phases   ] GC(7062)   Pre Evacuate Collection Set: 0.2ms
[2025-01-09T01:57:38.514+0000][192728.880s][info][gc,phases   ] GC(7062)   Merge Heap Roots: 0.7ms
[2025-01-09T01:57:38.514+0000][192728.880s][info][gc,phases   ] GC(7062)   Evacuate Collection Set: 60.1ms
[2025-01-09T01:57:38.514+0000][192728.880s][info][gc,phases   ] GC(7062)   Post Evacuate Collection Set: 1.6ms
[2025-01-09T01:57:38.514+0000][192728.880s][info][gc,phases   ] GC(7062)   Other: 0.2ms
[2025-01-09T01:57:38.514+0000][192728.880s][info][gc,heap     ] GC(7062) Eden regions: 64->0(916)
[2025-01-09T01:57:38.514+0000][192728.880s][info][gc,heap     ] GC(7062) Survivor regions: 12->5(10)
[2025-01-09T01:57:38.514+0000][192728.880s][info][gc,heap     ] GC(7062) Old regions: 230->232
[2025-01-09T01:57:38.514+0000][192728.880s][info][gc,heap     ] GC(7062) Archive regions: 2->2
[2025-01-09T01:57:38.514+0000][192728.880s][info][gc,heap     ] GC(7062) Humongous regions: 49->49
[2025-01-09T01:57:38.514+0000][192728.880s][info][gc,metaspace] GC(7062) Metaspace: 524845K(534208K)->524845K(534208K) NonClass: 460880K(465472K)->460880K(465472K) Class: 63964K(68736K)->63964K(68736K)
[2025-01-09T01:57:38.514+0000][192728.880s][info][gc          ] GC(7062) Pause Young (Mixed) (G1 Evacuation Pause) 2844M->2288M(12288M) 62.762ms
[2025-01-09T01:57:38.514+0000][192728.880s][info][gc,cpu      ] GC(7062) User=0.37s Sys=0.00s Real=0.06s
[2025-01-09T01:57:47.261+0000][192737.627s][info][gc,start    ] GC(7063) Pause Young (Normal) (G1 Evacuation Pause)
[2025-01-09T01:57:47.261+0000][192737.627s][info][gc,task     ] GC(7063) Using 6 workers of 6 for evacuation
[2025-01-09T01:57:47.288+0000][192737.654s][info][gc,phases   ] GC(7063)   Pre Evacuate Collection Set: 0.2ms
[2025-01-09T01:57:47.288+0000][192737.654s][info][gc,phases   ] GC(7063)   Merge Heap Roots: 0.4ms
[2025-01-09T01:57:47.288+0000][192737.654s][info][gc,phases   ] GC(7063)   Evacuate Collection Set: 21.9ms
[2025-01-09T01:57:47.288+0000][192737.654s][info][gc,phases   ] GC(7063)   Post Evacuate Collection Set: 4.2ms
[2025-01-09T01:57:47.288+0000][192737.654s][info][gc,phases   ] GC(7063)   Other: 0.2ms
[2025-01-09T01:57:47.288+0000][192737.654s][info][gc,heap     ] GC(7063) Eden regions: 916->0(914)
[2025-01-09T01:57:47.288+0000][192737.654s][info][gc,heap     ] GC(7063) Survivor regions: 5->7(116)
[2025-01-09T01:57:47.288+0000][192737.654s][info][gc,heap     ] GC(7063) Old regions: 232->232
[2025-01-09T01:57:47.288+0000][192737.654s][info][gc,heap     ] GC(7063) Archive regions: 2->2
[2025-01-09T01:57:47.288+0000][192737.654s][info][gc,heap     ] GC(7063) Humongous regions: 49->49
[2025-01-09T01:57:47.288+0000][192737.654s][info][gc,metaspace] GC(7063) Metaspace: 524845K(534208K)->524845K(534208K) NonClass: 460880K(465472K)->460880K(465472K) Class: 63964K(68736K)->63964K(68736K)
[2025-01-09T01:57:47.288+0000][192737.654s][info][gc          ] GC(7063) Pause Young (Normal) (G1 Evacuation Pause) 9616M->2296M(12288M) 27.081ms
[2025-01-09T01:57:47.288+0000][192737.654s][info][gc,cpu      ] GC(7063) User=0.16s Sys=0.00s Real=0.03s
[2025-01-09T01:57:55.313+0000][192745.679s][info][gc,start    ] GC(7064) Pause Young (Normal) (G1 Evacuation Pause)
[2025-01-09T01:57:55.313+0000][192745.679s][info][gc,task     ] GC(7064) Using 6 workers of 6 for evacuation
[2025-01-09T01:57:55.340+0000][192745.706s][info][gc,phases   ] GC(7064)   Pre Evacuate Collection Set: 0.2ms
[2025-01-09T01:57:55.340+0000][192745.706s][info][gc,phases   ] GC(7064)   Merge Heap Roots: 0.4ms
[2025-01-09T01:57:55.340+0000][192745.706s][info][gc,phases   ] GC(7064)   Evacuate Collection Set: 21.7ms
[2025-01-09T01:57:55.340+0000][192745.706s][info][gc,phases   ] GC(7064)   Post Evacuate Collection Set: 3.8ms
[2025-01-09T01:57:55.340+0000][192745.706s][info][gc,phases   ] GC(7064)   Other: 0.2ms
[2025-01-09T01:57:55.340+0000][192745.706s][info][gc,heap     ] GC(7064) Eden regions: 914->0(913)
[2025-01-09T01:57:55.340+0000][192745.706s][info][gc,heap     ] GC(7064) Survivor regions: 7->8(116)
[2025-01-09T01:57:55.340+0000][192745.706s][info][gc,heap     ] GC(7064) Old regions: 232->232
[2025-01-09T01:57:55.340+0000][192745.706s][info][gc,heap     ] GC(7064) Archive regions: 2->2
[2025-01-09T01:57:55.340+0000][192745.706s][info][gc,heap     ] GC(7064) Humongous regions: 49->49
[2025-01-09T01:57:55.340+0000][192745.706s][info][gc,metaspace] GC(7064) Metaspace: 524845K(534208K)->524845K(534208K) NonClass: 460880K(465472K)->460880K(465472K) Class: 63964K(68736K)->63964K(68736K)
[2025-01-09T01:57:55.340+0000][192745.706s][info][gc          ] GC(7064) Pause Young (Normal) (G1 Evacuation Pause) 9608M->2307M(12288M) 26.441ms
[2025-01-09T01:57:55.340+0000][192745.706s][info][gc,cpu      ] GC(7064) User=0.15s Sys=0.00s Real=0.02s
[2025-01-09T01:58:04.724+0000][192755.090s][info][gc,start    ] GC(7065) Pause Young (Concurrent Start) (G1 Evacuation Pause)
[2025-01-09T01:58:04.724+0000][192755.090s][info][gc,task     ] GC(7065) Using 6 workers of 6 for evacuation
[2025-01-09T01:58:04.753+0000][192755.119s][info][gc,phases   ] GC(7065)   Pre Evacuate Collection Set: 1.1ms
[2025-01-09T01:58:04.753+0000][192755.120s][info][gc,phases   ] GC(7065)   Merge Heap Roots: 0.5ms
[2025-01-09T01:58:04.753+0000][192755.120s][info][gc,phases   ] GC(7065)   Evacuate Collection Set: 25.3ms
[2025-01-09T01:58:04.753+0000][192755.120s][info][gc,phases   ] GC(7065)   Post Evacuate Collection Set: 2.5ms
[2025-01-09T01:58:04.753+0000][192755.120s][info][gc,phases   ] GC(7065)   Other: 0.3ms
[2025-01-09T01:58:04.753+0000][192755.120s][info][gc,heap     ] GC(7065) Eden regions: 913->0(914)
[2025-01-09T01:58:04.753+0000][192755.120s][info][gc,heap     ] GC(7065) Survivor regions: 8->7(116)
[2025-01-09T01:58:04.753+0000][192755.120s][info][gc,heap     ] GC(7065) Old regions: 232->232
[2025-01-09T01:58:04.753+0000][192755.120s][info][gc,heap     ] GC(7065) Archive regions: 2->2
[2025-01-09T01:58:04.753+0000][192755.120s][info][gc,heap     ] GC(7065) Humongous regions: 49->49
[2025-01-09T01:58:04.754+0000][192755.120s][info][gc,metaspace] GC(7065) Metaspace: 524845K(534208K)->524845K(534208K) NonClass: 460880K(465472K)->460880K(465472K) Class: 63964K(68736K)->63964K(68736K)
[2025-01-09T01:58:04.754+0000][192755.120s][info][gc          ] GC(7065) Pause Young (Concurrent Start) (G1 Evacuation Pause) 9611M->2303M(12288M) 29.819ms
[2025-01-09T01:58:04.754+0000][192755.120s][info][gc,cpu      ] GC(7065) User=0.16s Sys=0.00s Real=0.03s
[2025-01-09T01:58:04.754+0000][192755.120s][info][gc          ] GC(7066) Concurrent Mark Cycle
[2025-01-09T01:58:04.754+0000][192755.120s][info][gc,marking  ] GC(7066) Concurrent Clear Claimed Marks
[2025-01-09T01:58:04.755+0000][192755.121s][info][gc,marking  ] GC(7066) Concurrent Clear Claimed Marks 0.907ms
[2025-01-09T01:58:04.755+0000][192755.121s][info][gc,marking  ] GC(7066) Concurrent Scan Root Regions
[2025-01-09T01:58:04.772+0000][192755.138s][info][gc,marking  ] GC(7066) Concurrent Scan Root Regions 17.219ms
[2025-01-09T01:58:04.772+0000][192755.138s][info][gc,marking  ] GC(7066) Concurrent Mark
[2025-01-09T01:58:04.772+0000][192755.138s][info][gc,marking  ] GC(7066) Concurrent Mark From Roots
[2025-01-09T01:58:04.772+0000][192755.138s][info][gc,task     ] GC(7066) Using 2 workers of 2 for marking
[2025-01-09T01:58:05.575+0000][192755.941s][info][gc,marking  ] GC(7066) Concurrent Mark From Roots 803.294ms
[2025-01-09T01:58:05.575+0000][192755.941s][info][gc,marking  ] GC(7066) Concurrent Preclean
[2025-01-09T01:58:05.578+0000][192755.944s][info][gc,marking  ] GC(7066) Concurrent Preclean 2.459ms
[2025-01-09T01:58:05.578+0000][192755.944s][info][gc,start    ] GC(7066) Pause Remark
[2025-01-09T01:58:05.606+0000][192755.972s][info][gc          ] GC(7066) Pause Remark 3123M->3123M(12288M) 27.755ms
[2025-01-09T01:58:05.606+0000][192755.972s][info][gc,cpu      ] GC(7066) User=0.16s Sys=0.00s Real=0.03s
[2025-01-09T01:58:05.606+0000][192755.972s][info][gc,marking  ] GC(7066) Concurrent Mark 834.009ms
[2025-01-09T01:58:05.606+0000][192755.972s][info][gc,marking  ] GC(7066) Concurrent Rebuild Remembered Sets
[2025-01-09T01:58:06.279+0000][192756.645s][info][gc,marking  ] GC(7066) Concurrent Rebuild Remembered Sets 673.485ms
[2025-01-09T01:58:06.279+0000][192756.646s][info][gc,start    ] GC(7066) Pause Cleanup
[2025-01-09T01:58:06.280+0000][192756.646s][info][gc          ] GC(7066) Pause Cleanup 3983M->3983M(12288M) 0.412ms
[2025-01-09T01:58:06.280+0000][192756.646s][info][gc,cpu      ] GC(7066) User=0.00s Sys=0.00s Real=0.00s
[2025-01-09T01:58:06.280+0000][192756.646s][info][gc,marking  ] GC(7066) Concurrent Cleanup for Next Mark
[2025-01-09T01:58:06.308+0000][192756.674s][info][gc,marking  ] GC(7066) Concurrent Cleanup for Next Mark 27.908ms
[2025-01-09T01:58:06.308+0000][192756.674s][info][gc          ] GC(7066) Concurrent Mark Cycle 1554.299ms
[2025-01-09T01:58:12.592+0000][192762.958s][info][gc,start    ] GC(7067) Pause Young (Prepare Mixed) (G1 Evacuation Pause)
[2025-01-09T01:58:12.592+0000][192762.958s][info][gc,task     ] GC(7067) Using 6 workers of 6 for evacuation
[2025-01-09T01:58:12.629+0000][192762.995s][info][gc,phases   ] GC(7067)   Pre Evacuate Collection Set: 0.3ms
[2025-01-09T01:58:12.629+0000][192762.995s][info][gc,phases   ] GC(7067)   Merge Heap Roots: 1.0ms
[2025-01-09T01:58:12.629+0000][192762.995s][info][gc,phases   ] GC(7067)   Evacuate Collection Set: 32.8ms
[2025-01-09T01:58:12.629+0000][192762.995s][info][gc,phases   ] GC(7067)   Post Evacuate Collection Set: 3.0ms
[2025-01-09T01:58:12.629+0000][192762.995s][info][gc,phases   ] GC(7067)   Other: 0.2ms
[2025-01-09T01:58:12.629+0000][192762.995s][info][gc,heap     ] GC(7067) Eden regions: 914->0(66)
[2025-01-09T01:58:12.629+0000][192762.995s][info][gc,heap     ] GC(7067) Survivor regions: 7->10(116)
[2025-01-09T01:58:12.629+0000][192762.995s][info][gc,heap     ] GC(7067) Old regions: 232->232
[2025-01-09T01:58:12.629+0000][192762.995s][info][gc,heap     ] GC(7067) Archive regions: 2->2
[2025-01-09T01:58:12.629+0000][192762.995s][info][gc,heap     ] GC(7067) Humongous regions: 49->49
[2025-01-09T01:58:12.629+0000][192762.995s][info][gc,metaspace] GC(7067) Metaspace: 524845K(534208K)->524845K(534208K) NonClass: 460880K(465472K)->460880K(465472K) Class: 63964K(68736K)->63964K(68736K)
[2025-01-09T01:58:12.629+0000][192762.995s][info][gc          ] GC(7067) Pause Young (Prepare Mixed) (G1 Evacuation Pause) 9615M->2323M(12288M) 37.381ms
[2025-01-09T01:58:12.629+0000][192762.995s][info][gc,cpu      ] GC(7067) User=0.21s Sys=0.00s Real=0.03s
[2025-01-09T01:58:12.965+0000][192763.331s][info][gc,start    ] GC(7068) Pause Young (Mixed) (G1 Evacuation Pause)
[2025-01-09T01:58:12.965+0000][192763.331s][info][gc,task     ] GC(7068) Using 6 workers of 6 for evacuation
[2025-01-09T01:58:13.046+0000][192763.412s][info][gc,phases   ] GC(7068)   Pre Evacuate Collection Set: 0.2ms
[2025-01-09T01:58:13.046+0000][192763.412s][info][gc,phases   ] GC(7068)   Merge Heap Roots: 0.7ms
[2025-01-09T01:58:13.046+0000][192763.412s][info][gc,phases   ] GC(7068)   Evacuate Collection Set: 77.7ms
[2025-01-09T01:58:13.046+0000][192763.412s][info][gc,phases   ] GC(7068)   Post Evacuate Collection Set: 2.1ms
[2025-01-09T01:58:13.046+0000][192763.412s][info][gc,phases   ] GC(7068)   Other: 0.2ms
[2025-01-09T01:58:13.046+0000][192763.412s][info][gc,heap     ] GC(7068) Eden regions: 66->0(915)
[2025-01-09T01:58:13.046+0000][192763.412s][info][gc,heap     ] GC(7068) Survivor regions: 10->6(10)
[2025-01-09T01:58:13.046+0000][192763.412s][info][gc,heap     ] GC(7068) Old regions: 232->232
[2025-01-09T01:58:13.046+0000][192763.412s][info][gc,heap     ] GC(7068) Archive regions: 2->2
[2025-01-09T01:58:13.046+0000][192763.412s][info][gc,heap     ] GC(7068) Humongous regions: 49->49
[2025-01-09T01:58:13.046+0000][192763.412s][info][gc,metaspace] GC(7068) Metaspace: 524845K(534208K)->524845K(534208K) NonClass: 460880K(465472K)->460880K(465472K) Class: 63964K(68736K)->63964K(68736K)
[2025-01-09T01:58:13.046+0000][192763.412s][info][gc          ] GC(7068) Pause Young (Mixed) (G1 Evacuation Pause) 2851M->2295M(12288M) 80.903ms
[2025-01-09T01:58:13.046+0000][192763.412s][info][gc,cpu      ] GC(7068) User=0.45s Sys=0.01s Real=0.08s
[2025-01-09T01:58:20.147+0000][192770.513s][info][gc,start    ] GC(7069) Pause Young (Normal) (G1 Evacuation Pause)
[2025-01-09T01:58:20.147+0000][192770.513s][info][gc,task     ] GC(7069) Using 6 workers of 6 for evacuation
[2025-01-09T01:58:20.172+0000][192770.538s][info][gc,phases   ] GC(7069)   Pre Evacuate Collection Set: 0.2ms
[2025-01-09T01:58:20.172+0000][192770.538s][info][gc,phases   ] GC(7069)   Merge Heap Roots: 0.4ms
[2025-01-09T01:58:20.172+0000][192770.538s][info][gc,phases   ] GC(7069)   Evacuate Collection Set: 21.1ms
[2025-01-09T01:58:20.172+0000][192770.538s][info][gc,phases   ] GC(7069)   Post Evacuate Collection Set: 2.4ms
[2025-01-09T01:58:20.172+0000][192770.538s][info][gc,phases   ] GC(7069)   Other: 0.2ms
[2025-01-09T01:58:20.172+0000][192770.538s][info][gc,heap     ] GC(7069) Eden regions: 915->0(915)
[2025-01-09T01:58:20.172+0000][192770.538s][info][gc,heap     ] GC(7069) Survivor regions: 6->6(116)
[2025-01-09T01:58:20.172+0000][192770.538s][info][gc,heap     ] GC(7069) Old regions: 232->232
[2025-01-09T01:58:20.172+0000][192770.538s][info][gc,heap     ] GC(7069) Archive regions: 2->2
[2025-01-09T01:58:20.172+0000][192770.538s][info][gc,heap     ] GC(7069) Humongous regions: 49->49
[2025-01-09T01:58:20.172+0000][192770.538s][info][gc,metaspace] GC(7069) Metaspace: 524845K(534208K)->524845K(534208K) NonClass: 460880K(465472K)->460880K(465472K) Class: 63964K(68736K)->63964K(68736K)
[2025-01-09T01:58:20.172+0000][192770.538s][info][gc          ] GC(7069) Pause Young (Normal) (G1 Evacuation Pause) 9615M->2292M(12288M) 24.442ms
[2025-01-09T01:58:20.172+0000][192770.538s][info][gc,cpu      ] GC(7069) User=0.14s Sys=0.00s Real=0.03s
[2025-01-09T01:58:29.027+0000][192779.394s][info][gc,start    ] GC(7070) Pause Young (Normal) (G1 Evacuation Pause)
[2025-01-09T01:58:29.027+0000][192779.394s][info][gc,task     ] GC(7070) Using 6 workers of 6 for evacuation
[2025-01-09T01:58:29.056+0000][192779.422s][info][gc,phases   ] GC(7070)   Pre Evacuate Collection Set: 0.2ms
[2025-01-09T01:58:29.056+0000][192779.422s][info][gc,phases   ] GC(7070)   Merge Heap Roots: 0.4ms
[2025-01-09T01:58:29.056+0000][192779.422s][info][gc,phases   ] GC(7070)   Evacuate Collection Set: 25.0ms
[2025-01-09T01:58:29.056+0000][192779.422s][info][gc,phases   ] GC(7070)   Post Evacuate Collection Set: 2.5ms
[2025-01-09T01:58:29.056+0000][192779.422s][info][gc,phases   ] GC(7070)   Other: 0.2ms
[2025-01-09T01:58:29.056+0000][192779.422s][info][gc,heap     ] GC(7070) Eden regions: 915->0(914)
[2025-01-09T01:58:29.056+0000][192779.422s][info][gc,heap     ] GC(7070) Survivor regions: 6->7(116)
[2025-01-09T01:58:29.056+0000][192779.422s][info][gc,heap     ] GC(7070) Old regions: 232->232
[2025-01-09T01:58:29.056+0000][192779.422s][info][gc,heap     ] GC(7070) Archive regions: 2->2
[2025-01-09T01:58:29.056+0000][192779.422s][info][gc,heap     ] GC(7070) Humongous regions: 49->49
[2025-01-09T01:58:29.056+0000][192779.422s][info][gc,metaspace] GC(7070) Metaspace: 524845K(534208K)->524845K(534208K) NonClass: 460880K(465472K)->460880K(465472K) Class: 63964K(68736K)->63964K(68736K)
[2025-01-09T01:58:29.056+0000][192779.422s][info][gc          ] GC(7070) Pause Young (Normal) (G1 Evacuation Pause) 9612M->2302M(12288M) 28.488ms
[2025-01-09T01:58:29.056+0000][192779.422s][info][gc,cpu      ] GC(7070) User=0.16s Sys=0.00s Real=0.03s
[2025-01-09T01:58:34.916+0000][192785.282s][info][gc,start    ] GC(7071) Pause Young (Concurrent Start) (G1 Evacuation Pause)
[2025-01-09T01:58:34.916+0000][192785.282s][info][gc,task     ] GC(7071) Using 6 workers of 6 for evacuation
[2025-01-09T01:58:34.948+0000][192785.315s][info][gc,phases   ] GC(7071)   Pre Evacuate Collection Set: 1.1ms
[2025-01-09T01:58:34.948+0000][192785.315s][info][gc,phases   ] GC(7071)   Merge Heap Roots: 0.5ms
[2025-01-09T01:58:34.948+0000][192785.315s][info][gc,phases   ] GC(7071)   Evacuate Collection Set: 25.9ms
[2025-01-09T01:58:34.948+0000][192785.315s][info][gc,phases   ] GC(7071)   Post Evacuate Collection Set: 4.9ms
[2025-01-09T01:58:34.948+0000][192785.315s][info][gc,phases   ] GC(7071)   Other: 0.3ms
[2025-01-09T01:58:34.948+0000][192785.315s][info][gc,heap     ] GC(7071) Eden regions: 914->0(913)
[2025-01-09T01:58:34.948+0000][192785.315s][info][gc,heap     ] GC(7071) Survivor regions: 7->8(116)
[2025-01-09T01:58:34.948+0000][192785.315s][info][gc,heap     ] GC(7071) Old regions: 232->232
[2025-01-09T01:58:34.948+0000][192785.315s][info][gc,heap     ] GC(7071) Archive regions: 2->2
[2025-01-09T01:58:34.948+0000][192785.315s][info][gc,heap     ] GC(7071) Humongous regions: 49->49
[2025-01-09T01:58:34.948+0000][192785.315s][info][gc,metaspace] GC(7071) Metaspace: 524845K(534208K)->524845K(534208K) NonClass: 460880K(465472K)->460880K(465472K) Class: 63964K(68736K)->63964K(68736K)
[2025-01-09T01:58:34.949+0000][192785.315s][info][gc          ] GC(7071) Pause Young (Concurrent Start) (G1 Evacuation Pause) 9614M->2309M(12288M) 32.737ms
[2025-01-09T01:58:34.949+0000][192785.315s][info][gc,cpu      ] GC(7071) User=0.18s Sys=0.00s Real=0.03s
[2025-01-09T01:58:34.949+0000][192785.315s][info][gc          ] GC(7072) Concurrent Mark Cycle
[2025-01-09T01:58:34.949+0000][192785.315s][info][gc,marking  ] GC(7072) Concurrent Clear Claimed Marks
[2025-01-09T01:58:34.950+0000][192785.316s][info][gc,marking  ] GC(7072) Concurrent Clear Claimed Marks 0.935ms
[2025-01-09T01:58:34.950+0000][192785.316s][info][gc,marking  ] GC(7072) Concurrent Scan Root Regions
[2025-01-09T01:58:34.973+0000][192785.339s][info][gc,marking  ] GC(7072) Concurrent Scan Root Regions 23.567ms
[2025-01-09T01:58:34.973+0000][192785.339s][info][gc,marking  ] GC(7072) Concurrent Mark
[2025-01-09T01:58:34.973+0000][192785.339s][info][gc,marking  ] GC(7072) Concurrent Mark From Roots
[2025-01-09T01:58:34.973+0000][192785.339s][info][gc,task     ] GC(7072) Using 2 workers of 2 for marking
[2025-01-09T01:58:35.768+0000][192786.134s][info][gc,marking  ] GC(7072) Concurrent Mark From Roots 794.993ms
[2025-01-09T01:58:35.768+0000][192786.134s][info][gc,marking  ] GC(7072) Concurrent Preclean
[2025-01-09T01:58:35.771+0000][192786.137s][info][gc,marking  ] GC(7072) Concurrent Preclean 2.642ms
[2025-01-09T01:58:35.771+0000][192786.137s][info][gc,start    ] GC(7072) Pause Remark
[2025-01-09T01:58:35.796+0000][192786.162s][info][gc          ] GC(7072) Pause Remark 2677M->2677M(12288M) 25.307ms
[2025-01-09T01:58:35.796+0000][192786.162s][info][gc,cpu      ] GC(7072) User=0.14s Sys=0.01s Real=0.02s
[2025-01-09T01:58:35.796+0000][192786.163s][info][gc,marking  ] GC(7072) Concurrent Mark 823.275ms
[2025-01-09T01:58:35.796+0000][192786.163s][info][gc,marking  ] GC(7072) Concurrent Rebuild Remembered Sets
[2025-01-09T01:58:36.347+0000][192786.713s][info][gc,marking  ] GC(7072) Concurrent Rebuild Remembered Sets 550.798ms
[2025-01-09T01:58:36.347+0000][192786.713s][info][gc,start    ] GC(7072) Pause Cleanup
[2025-01-09T01:58:36.348+0000][192786.714s][info][gc          ] GC(7072) Pause Cleanup 3149M->3149M(12288M) 0.376ms
[2025-01-09T01:58:36.348+0000][192786.714s][info][gc,cpu      ] GC(7072) User=0.00s Sys=0.00s Real=0.00s
[2025-01-09T01:58:36.348+0000][192786.714s][info][gc,marking  ] GC(7072) Concurrent Cleanup for Next Mark
[2025-01-09T01:58:36.363+0000][192786.729s][info][gc,marking  ] GC(7072) Concurrent Cleanup for Next Mark 15.279ms
[2025-01-09T01:58:36.363+0000][192786.729s][info][gc          ] GC(7072) Concurrent Mark Cycle 1414.600ms
[2025-01-09T01:58:45.137+0000][192795.503s][info][gc,start    ] GC(7073) Pause Young (Prepare Mixed) (G1 Evacuation Pause)
[2025-01-09T01:58:45.137+0000][192795.503s][info][gc,task     ] GC(7073) Using 6 workers of 6 for evacuation
[2025-01-09T01:58:45.177+0000][192795.544s][info][gc,phases   ] GC(7073)   Pre Evacuate Collection Set: 0.2ms
[2025-01-09T01:58:45.177+0000][192795.544s][info][gc,phases   ] GC(7073)   Merge Heap Roots: 0.7ms
[2025-01-09T01:58:45.178+0000][192795.544s][info][gc,phases   ] GC(7073)   Evacuate Collection Set: 35.7ms
[2025-01-09T01:58:45.178+0000][192795.544s][info][gc,phases   ] GC(7073)   Post Evacuate Collection Set: 4.1ms
[2025-01-09T01:58:45.178+0000][192795.544s][info][gc,phases   ] GC(7073)   Other: 0.2ms
[2025-01-09T01:58:45.178+0000][192795.544s][info][gc,heap     ] GC(7073) Eden regions: 913->0(65)
[2025-01-09T01:58:45.178+0000][192795.544s][info][gc,heap     ] GC(7073) Survivor regions: 8->11(116)
[2025-01-09T01:58:45.178+0000][192795.544s][info][gc,heap     ] GC(7073) Old regions: 232->232
[2025-01-09T01:58:45.178+0000][192795.544s][info][gc,heap     ] GC(7073) Archive regions: 2->2
[2025-01-09T01:58:45.178+0000][192795.544s][info][gc,heap     ] GC(7073) Humongous regions: 49->49
[2025-01-09T01:58:45.178+0000][192795.544s][info][gc,metaspace] GC(7073) Metaspace: 524845K(534208K)->524845K(534208K) NonClass: 460880K(465472K)->460880K(465472K) Class: 63964K(68736K)->63964K(68736K)
[2025-01-09T01:58:45.178+0000][192795.544s][info][gc          ] GC(7073) Pause Young (Prepare Mixed) (G1 Evacuation Pause) 9613M->2334M(12288M) 41.034ms
[2025-01-09T01:58:45.178+0000][192795.544s][info][gc,cpu      ] GC(7073) User=0.24s Sys=0.00s Real=0.04s
[2025-01-09T01:58:45.692+0000][192796.058s][info][gc,start    ] GC(7074) Pause Young (Mixed) (G1 Evacuation Pause)
[2025-01-09T01:58:45.692+0000][192796.058s][info][gc,task     ] GC(7074) Using 6 workers of 6 for evacuation
[2025-01-09T01:58:45.755+0000][192796.121s][info][gc,phases   ] GC(7074)   Pre Evacuate Collection Set: 0.2ms
[2025-01-09T01:58:45.755+0000][192796.121s][info][gc,phases   ] GC(7074)   Merge Heap Roots: 0.7ms
[2025-01-09T01:58:45.755+0000][192796.121s][info][gc,phases   ] GC(7074)   Evacuate Collection Set: 60.5ms
[2025-01-09T01:58:45.755+0000][192796.121s][info][gc,phases   ] GC(7074)   Post Evacuate Collection Set: 1.8ms
[2025-01-09T01:58:45.755+0000][192796.121s][info][gc,phases   ] GC(7074)   Other: 0.2ms
[2025-01-09T01:58:45.755+0000][192796.121s][info][gc,heap     ] GC(7074) Eden regions: 65->0(917)
[2025-01-09T01:58:45.755+0000][192796.121s][info][gc,heap     ] GC(7074) Survivor regions: 11->4(10)
[2025-01-09T01:58:45.755+0000][192796.121s][info][gc,heap     ] GC(7074) Old regions: 232->234
[2025-01-09T01:58:45.755+0000][192796.121s][info][gc,heap     ] GC(7074) Archive regions: 2->2
[2025-01-09T01:58:45.755+0000][192796.121s][info][gc,heap     ] GC(7074) Humongous regions: 49->49
[2025-01-09T01:58:45.755+0000][192796.121s][info][gc,metaspace] GC(7074) Metaspace: 524845K(534208K)->524845K(534208K) NonClass: 460880K(465472K)->460880K(465472K) Class: 63964K(68736K)->63964K(68736K)
[2025-01-09T01:58:45.755+0000][192796.121s][info][gc          ] GC(7074) Pause Young (Mixed) (G1 Evacuation Pause) 2854M->2298M(12288M) 63.392ms
[2025-01-09T01:58:45.755+0000][192796.122s][info][gc,cpu      ] GC(7074) User=0.37s Sys=0.00s Real=0.06s
[2025-01-09T01:58:54.387+0000][192804.753s][info][gc,start    ] GC(7075) Pause Young (Normal) (G1 Evacuation Pause)
[2025-01-09T01:58:54.387+0000][192804.753s][info][gc,task     ] GC(7075) Using 6 workers of 6 for evacuation
[2025-01-09T01:58:54.409+0000][192804.775s][info][gc,phases   ] GC(7075)   Pre Evacuate Collection Set: 0.2ms
[2025-01-09T01:58:54.409+0000][192804.775s][info][gc,phases   ] GC(7075)   Merge Heap Roots: 0.4ms
[2025-01-09T01:58:54.409+0000][192804.775s][info][gc,phases   ] GC(7075)   Evacuate Collection Set: 18.8ms
[2025-01-09T01:58:54.409+0000][192804.775s][info][gc,phases   ] GC(7075)   Post Evacuate Collection Set: 2.3ms
[2025-01-09T01:58:54.409+0000][192804.775s][info][gc,phases   ] GC(7075)   Other: 0.2ms
[2025-01-09T01:58:54.409+0000][192804.775s][info][gc,heap     ] GC(7075) Eden regions: 917->0(917)
[2025-01-09T01:58:54.409+0000][192804.775s][info][gc,heap     ] GC(7075) Survivor regions: 4->4(116)
[2025-01-09T01:58:54.409+0000][192804.775s][info][gc,heap     ] GC(7075) Old regions: 234->234
[2025-01-09T01:58:54.409+0000][192804.775s][info][gc,heap     ] GC(7075) Archive regions: 2->2
[2025-01-09T01:58:54.409+0000][192804.775s][info][gc,heap     ] GC(7075) Humongous regions: 49->49
[2025-01-09T01:58:54.409+0000][192804.775s][info][gc,metaspace] GC(7075) Metaspace: 524845K(534208K)->524845K(534208K) NonClass: 460880K(465472K)->460880K(465472K) Class: 63964K(68736K)->63964K(68736K)
[2025-01-09T01:58:54.409+0000][192804.775s][info][gc          ] GC(7075) Pause Young (Normal) (G1 Evacuation Pause) 9634M->2292M(12288M) 21.916ms
[2025-01-09T01:58:54.409+0000][192804.775s][info][gc,cpu      ] GC(7075) User=0.13s Sys=0.00s Real=0.02s
[2025-01-09T01:59:03.769+0000][192814.135s][info][gc,start    ] GC(7076) Pause Young (Normal) (G1 Evacuation Pause)
[2025-01-09T01:59:03.769+0000][192814.135s][info][gc,task     ] GC(7076) Using 6 workers of 6 for evacuation
[2025-01-09T01:59:03.797+0000][192814.163s][info][gc,phases   ] GC(7076)   Pre Evacuate Collection Set: 0.2ms
[2025-01-09T01:59:03.797+0000][192814.163s][info][gc,phases   ] GC(7076)   Merge Heap Roots: 0.4ms
[2025-01-09T01:59:03.797+0000][192814.163s][info][gc,phases   ] GC(7076)   Evacuate Collection Set: 25.1ms
[2025-01-09T01:59:03.797+0000][192814.163s][info][gc,phases   ] GC(7076)   Post Evacuate Collection Set: 2.6ms
[2025-01-09T01:59:03.797+0000][192814.163s][info][gc,phases   ] GC(7076)   Other: 0.2ms
[2025-01-09T01:59:03.797+0000][192814.163s][info][gc,heap     ] GC(7076) Eden regions: 917->0(914)
[2025-01-09T01:59:03.797+0000][192814.163s][info][gc,heap     ] GC(7076) Survivor regions: 4->7(116)
[2025-01-09T01:59:03.797+0000][192814.163s][info][gc,heap     ] GC(7076) Old regions: 234->234
[2025-01-09T01:59:03.797+0000][192814.163s][info][gc,heap     ] GC(7076) Archive regions: 2->2
[2025-01-09T01:59:03.797+0000][192814.163s][info][gc,heap     ] GC(7076) Humongous regions: 49->49
[2025-01-09T01:59:03.797+0000][192814.163s][info][gc,metaspace] GC(7076) Metaspace: 524845K(534208K)->524845K(534208K) NonClass: 460880K(465472K)->460880K(465472K) Class: 63964K(68736K)->63964K(68736K)
[2025-01-09T01:59:03.797+0000][192814.163s][info][gc          ] GC(7076) Pause Young (Normal) (G1 Evacuation Pause) 9628M->2320M(12288M) 28.587ms
[2025-01-09T01:59:03.797+0000][192814.163s][info][gc,cpu      ] GC(7076) User=0.17s Sys=0.01s Real=0.03s
[2025-01-09T01:59:09.482+0000][192819.848s][info][gc,start    ] GC(7077) Pause Young (Concurrent Start) (G1 Evacuation Pause)
[2025-01-09T01:59:09.482+0000][192819.848s][info][gc,task     ] GC(7077) Using 6 workers of 6 for evacuation
[2025-01-09T01:59:09.511+0000][192819.877s][info][gc,phases   ] GC(7077)   Pre Evacuate Collection Set: 1.1ms
[2025-01-09T01:59:09.511+0000][192819.877s][info][gc,phases   ] GC(7077)   Merge Heap Roots: 0.4ms
[2025-01-09T01:59:09.511+0000][192819.877s][info][gc,phases   ] GC(7077)   Evacuate Collection Set: 24.6ms
[2025-01-09T01:59:09.511+0000][192819.877s][info][gc,phases   ] GC(7077)   Post Evacuate Collection Set: 2.3ms
[2025-01-09T01:59:09.511+0000][192819.877s][info][gc,phases   ] GC(7077)   Other: 0.3ms
[2025-01-09T01:59:09.511+0000][192819.877s][info][gc,heap     ] GC(7077) Eden regions: 914->0(914)
[2025-01-09T01:59:09.511+0000][192819.877s][info][gc,heap     ] GC(7077) Survivor regions: 7->7(116)
[2025-01-09T01:59:09.511+0000][192819.877s][info][gc,heap     ] GC(7077) Old regions: 234->234
[2025-01-09T01:59:09.511+0000][192819.877s][info][gc,heap     ] GC(7077) Archive regions: 2->2
[2025-01-09T01:59:09.511+0000][192819.877s][info][gc,heap     ] GC(7077) Humongous regions: 49->49
[2025-01-09T01:59:09.511+0000][192819.877s][info][gc,metaspace] GC(7077) Metaspace: 524845K(534208K)->524845K(534208K) NonClass: 460880K(465472K)->460880K(465472K) Class: 63964K(68736K)->63964K(68736K)
[2025-01-09T01:59:09.511+0000][192819.877s][info][gc          ] GC(7077) Pause Young (Concurrent Start) (G1 Evacuation Pause) 9632M->2323M(12288M) 28.822ms
[2025-01-09T01:59:09.511+0000][192819.877s][info][gc,cpu      ] GC(7077) User=0.16s Sys=0.00s Real=0.03s
[2025-01-09T01:59:09.511+0000][192819.877s][info][gc          ] GC(7078) Concurrent Mark Cycle
[2025-01-09T01:59:09.511+0000][192819.877s][info][gc,marking  ] GC(7078) Concurrent Clear Claimed Marks
[2025-01-09T01:59:09.512+0000][192819.878s][info][gc,marking  ] GC(7078) Concurrent Clear Claimed Marks 0.948ms
[2025-01-09T01:59:09.512+0000][192819.878s][info][gc,marking  ] GC(7078) Concurrent Scan Root Regions
[2025-01-09T01:59:09.535+0000][192819.901s][info][gc,marking  ] GC(7078) Concurrent Scan Root Regions 23.092ms
[2025-01-09T01:59:09.535+0000][192819.901s][info][gc,marking  ] GC(7078) Concurrent Mark
[2025-01-09T01:59:09.535+0000][192819.901s][info][gc,marking  ] GC(7078) Concurrent Mark From Roots
[2025-01-09T01:59:09.535+0000][192819.901s][info][gc,task     ] GC(7078) Using 2 workers of 2 for marking
[2025-01-09T01:59:10.457+0000][192820.823s][info][gc,marking  ] GC(7078) Concurrent Mark From Roots 922.402ms
[2025-01-09T01:59:10.457+0000][192820.823s][info][gc,marking  ] GC(7078) Concurrent Preclean
[2025-01-09T01:59:10.460+0000][192820.826s][info][gc,marking  ] GC(7078) Concurrent Preclean 2.381ms
[2025-01-09T01:59:10.460+0000][192820.826s][info][gc,start    ] GC(7078) Pause Remark
[2025-01-09T01:59:10.486+0000][192820.852s][info][gc          ] GC(7078) Pause Remark 3535M->3535M(12288M) 25.753ms
[2025-01-09T01:59:10.486+0000][192820.852s][info][gc,cpu      ] GC(7078) User=0.15s Sys=0.00s Real=0.03s
[2025-01-09T01:59:10.486+0000][192820.852s][info][gc,marking  ] GC(7078) Concurrent Mark 950.828ms
[2025-01-09T01:59:10.486+0000][192820.852s][info][gc,marking  ] GC(7078) Concurrent Rebuild Remembered Sets
[2025-01-09T01:59:10.987+0000][192821.353s][info][gc,marking  ] GC(7078) Concurrent Rebuild Remembered Sets 501.178ms
[2025-01-09T01:59:10.987+0000][192821.353s][info][gc,start    ] GC(7078) Pause Cleanup
[2025-01-09T01:59:10.987+0000][192821.354s][info][gc          ] GC(7078) Pause Cleanup 3911M->3911M(12288M) 0.421ms
[2025-01-09T01:59:10.987+0000][192821.354s][info][gc,cpu      ] GC(7078) User=0.00s Sys=0.00s Real=0.00s
[2025-01-09T01:59:10.988+0000][192821.354s][info][gc,marking  ] GC(7078) Concurrent Cleanup for Next Mark
[2025-01-09T01:59:11.003+0000][192821.369s][info][gc,marking  ] GC(7078) Concurrent Cleanup for Next Mark 15.316ms
[2025-01-09T01:59:11.003+0000][192821.369s][info][gc          ] GC(7078) Concurrent Mark Cycle 1492.136ms
[2025-01-09T01:59:17.740+0000][192828.106s][info][gc,start    ] GC(7079) Pause Young (Prepare Mixed) (G1 Evacuation Pause)
[2025-01-09T01:59:17.740+0000][192828.106s][info][gc,task     ] GC(7079) Using 6 workers of 6 for evacuation
[2025-01-09T01:59:17.773+0000][192828.139s][info][gc,phases   ] GC(7079)   Pre Evacuate Collection Set: 0.2ms
[2025-01-09T01:59:17.773+0000][192828.139s][info][gc,phases   ] GC(7079)   Merge Heap Roots: 0.6ms
[2025-01-09T01:59:17.773+0000][192828.139s][info][gc,phases   ] GC(7079)   Evacuate Collection Set: 29.2ms
[2025-01-09T01:59:17.773+0000][192828.139s][info][gc,phases   ] GC(7079)   Post Evacuate Collection Set: 2.7ms
[2025-01-09T01:59:17.773+0000][192828.139s][info][gc,phases   ] GC(7079)   Other: 0.2ms
[2025-01-09T01:59:17.773+0000][192828.139s][info][gc,heap     ] GC(7079) Eden regions: 914->0(67)
[2025-01-09T01:59:17.773+0000][192828.139s][info][gc,heap     ] GC(7079) Survivor regions: 7->9(116)
[2025-01-09T01:59:17.773+0000][192828.139s][info][gc,heap     ] GC(7079) Old regions: 234->234
[2025-01-09T01:59:17.773+0000][192828.139s][info][gc,heap     ] GC(7079) Archive regions: 2->2
[2025-01-09T01:59:17.773+0000][192828.139s][info][gc,heap     ] GC(7079) Humongous regions: 49->49
[2025-01-09T01:59:17.773+0000][192828.139s][info][gc,metaspace] GC(7079) Metaspace: 524845K(534208K)->524845K(534208K) NonClass: 460880K(465472K)->460880K(465472K) Class: 63964K(68736K)->63964K(68736K)
[2025-01-09T01:59:17.773+0000][192828.139s][info][gc          ] GC(7079) Pause Young (Prepare Mixed) (G1 Evacuation Pause) 9635M->2333M(12288M) 32.959ms
[2025-01-09T01:59:17.773+0000][192828.139s][info][gc,cpu      ] GC(7079) User=0.20s Sys=0.00s Real=0.04s
[2025-01-09T01:59:18.263+0000][192828.629s][info][gc,start    ] GC(7080) Pause Young (Mixed) (G1 Evacuation Pause)
[2025-01-09T01:59:18.263+0000][192828.629s][info][gc,task     ] GC(7080) Using 6 workers of 6 for evacuation
[2025-01-09T01:59:18.304+0000][192828.670s][info][gc,phases   ] GC(7080)   Pre Evacuate Collection Set: 0.2ms
[2025-01-09T01:59:18.304+0000][192828.670s][info][gc,phases   ] GC(7080)   Merge Heap Roots: 0.4ms
[2025-01-09T01:59:18.304+0000][192828.670s][info][gc,phases   ] GC(7080)   Evacuate Collection Set: 38.2ms
[2025-01-09T01:59:18.304+0000][192828.670s][info][gc,phases   ] GC(7080)   Post Evacuate Collection Set: 1.5ms
[2025-01-09T01:59:18.304+0000][192828.670s][info][gc,phases   ] GC(7080)   Other: 0.2ms
[2025-01-09T01:59:18.304+0000][192828.670s][info][gc,heap     ] GC(7080) Eden regions: 67->0(915)
[2025-01-09T01:59:18.304+0000][192828.670s][info][gc,heap     ] GC(7080) Survivor regions: 9->6(10)
[2025-01-09T01:59:18.304+0000][192828.670s][info][gc,heap     ] GC(7080) Old regions: 234->230
[2025-01-09T01:59:18.304+0000][192828.670s][info][gc,heap     ] GC(7080) Archive regions: 2->2
[2025-01-09T01:59:18.304+0000][192828.670s][info][gc,heap     ] GC(7080) Humongous regions: 49->49
[2025-01-09T01:59:18.304+0000][192828.670s][info][gc,metaspace] GC(7080) Metaspace: 524845K(534208K)->524845K(534208K) NonClass: 460880K(465472K)->460880K(465472K) Class: 63964K(68736K)->63964K(68736K)
[2025-01-09T01:59:18.304+0000][192828.670s][info][gc          ] GC(7080) Pause Young (Mixed) (G1 Evacuation Pause) 2869M->2283M(12288M) 40.561ms
[2025-01-09T01:59:18.304+0000][192828.670s][info][gc,cpu      ] GC(7080) User=0.24s Sys=0.00s Real=0.04s
[2025-01-09T01:59:24.453+0000][192834.819s][info][gc,start    ] GC(7081) Pause Young (Normal) (G1 Evacuation Pause)
[2025-01-09T01:59:24.453+0000][192834.819s][info][gc,task     ] GC(7081) Using 6 workers of 6 for evacuation
[2025-01-09T01:59:24.478+0000][192834.844s][info][gc,phases   ] GC(7081)   Pre Evacuate Collection Set: 0.2ms
[2025-01-09T01:59:24.478+0000][192834.844s][info][gc,phases   ] GC(7081)   Merge Heap Roots: 0.5ms
[2025-01-09T01:59:24.478+0000][192834.844s][info][gc,phases   ] GC(7081)   Evacuate Collection Set: 21.3ms
[2025-01-09T01:59:24.478+0000][192834.844s][info][gc,phases   ] GC(7081)   Post Evacuate Collection Set: 2.3ms
[2025-01-09T01:59:24.478+0000][192834.844s][info][gc,phases   ] GC(7081)   Other: 0.2ms
[2025-01-09T01:59:24.478+0000][192834.844s][info][gc,heap     ] GC(7081) Eden regions: 915->0(915)
[2025-01-09T01:59:24.478+0000][192834.844s][info][gc,heap     ] GC(7081) Survivor regions: 6->6(116)
[2025-01-09T01:59:24.478+0000][192834.844s][info][gc,heap     ] GC(7081) Old regions: 230->230
[2025-01-09T01:59:24.478+0000][192834.844s][info][gc,heap     ] GC(7081) Archive regions: 2->2
[2025-01-09T01:59:24.478+0000][192834.844s][info][gc,heap     ] GC(7081) Humongous regions: 49->49
[2025-01-09T01:59:24.478+0000][192834.844s][info][gc,metaspace] GC(7081) Metaspace: 524845K(534208K)->524845K(534208K) NonClass: 460880K(465472K)->460880K(465472K) Class: 63964K(68736K)->63964K(68736K)
[2025-01-09T01:59:24.478+0000][192834.844s][info][gc          ] GC(7081) Pause Young (Normal) (G1 Evacuation Pause) 9603M->2279M(12288M) 24.630ms
[2025-01-09T01:59:24.478+0000][192834.844s][info][gc,cpu      ] GC(7081) User=0.13s Sys=0.00s Real=0.02s
[2025-01-09T01:59:30.494+0000][192840.860s][info][gc,start    ] GC(7082) Pause Young (Normal) (G1 Evacuation Pause)
[2025-01-09T01:59:30.494+0000][192840.860s][info][gc,task     ] GC(7082) Using 6 workers of 6 for evacuation
[2025-01-09T01:59:30.524+0000][192840.890s][info][gc,phases   ] GC(7082)   Pre Evacuate Collection Set: 0.2ms
[2025-01-09T01:59:30.524+0000][192840.890s][info][gc,phases   ] GC(7082)   Merge Heap Roots: 0.4ms
[2025-01-09T01:59:30.524+0000][192840.890s][info][gc,phases   ] GC(7082)   Evacuate Collection Set: 24.4ms
[2025-01-09T01:59:30.524+0000][192840.890s][info][gc,phases   ] GC(7082)   Post Evacuate Collection Set: 5.1ms
[2025-01-09T01:59:30.524+0000][192840.890s][info][gc,phases   ] GC(7082)   Other: 0.2ms
[2025-01-09T01:59:30.524+0000][192840.890s][info][gc,heap     ] GC(7082) Eden regions: 915->0(912)
[2025-01-09T01:59:30.524+0000][192840.890s][info][gc,heap     ] GC(7082) Survivor regions: 6->9(116)
[2025-01-09T01:59:30.524+0000][192840.890s][info][gc,heap     ] GC(7082) Old regions: 230->230
[2025-01-09T01:59:30.524+0000][192840.890s][info][gc,heap     ] GC(7082) Archive regions: 2->2
[2025-01-09T01:59:30.524+0000][192840.890s][info][gc,heap     ] GC(7082) Humongous regions: 49->49
[2025-01-09T01:59:30.524+0000][192840.890s][info][gc,metaspace] GC(7082) Metaspace: 524846K(534208K)->524846K(534208K) NonClass: 460881K(465472K)->460881K(465472K) Class: 63964K(68736K)->63964K(68736K)
[2025-01-09T01:59:30.524+0000][192840.890s][info][gc          ] GC(7082) Pause Young (Normal) (G1 Evacuation Pause) 9599M->2310M(12288M) 30.436ms
[2025-01-09T01:59:30.524+0000][192840.890s][info][gc,cpu      ] GC(7082) User=0.18s Sys=0.00s Real=0.03s
[2025-01-09T01:59:41.222+0000][192851.588s][info][gc,start    ] GC(7083) Pause Young (Concurrent Start) (G1 Evacuation Pause)
[2025-01-09T01:59:41.222+0000][192851.588s][info][gc,task     ] GC(7083) Using 6 workers of 6 for evacuation
[2025-01-09T01:59:41.256+0000][192851.623s][info][gc,phases   ] GC(7083)   Pre Evacuate Collection Set: 1.2ms
[2025-01-09T01:59:41.256+0000][192851.623s][info][gc,phases   ] GC(7083)   Merge Heap Roots: 0.5ms
[2025-01-09T01:59:41.256+0000][192851.623s][info][gc,phases   ] GC(7083)   Evacuate Collection Set: 28.0ms
[2025-01-09T01:59:41.256+0000][192851.623s][info][gc,phases   ] GC(7083)   Post Evacuate Collection Set: 4.3ms
[2025-01-09T01:59:41.256+0000][192851.623s][info][gc,phases   ] GC(7083)   Other: 0.3ms
[2025-01-09T01:59:41.256+0000][192851.623s][info][gc,heap     ] GC(7083) Eden regions: 912->0(911)
[2025-01-09T01:59:41.256+0000][192851.623s][info][gc,heap     ] GC(7083) Survivor regions: 9->10(116)
[2025-01-09T01:59:41.256+0000][192851.623s][info][gc,heap     ] GC(7083) Old regions: 230->230
[2025-01-09T01:59:41.256+0000][192851.623s][info][gc,heap     ] GC(7083) Archive regions: 2->2
[2025-01-09T01:59:41.256+0000][192851.623s][info][gc,heap     ] GC(7083) Humongous regions: 49->49
[2025-01-09T01:59:41.256+0000][192851.623s][info][gc,metaspace] GC(7083) Metaspace: 524846K(534208K)->524846K(534208K) NonClass: 460881K(465472K)->460881K(465472K) Class: 63964K(68736K)->63964K(68736K)
[2025-01-09T01:59:41.257+0000][192851.623s][info][gc          ] GC(7083) Pause Young (Concurrent Start) (G1 Evacuation Pause) 9606M->2312M(12288M) 34.373ms
[2025-01-09T01:59:41.257+0000][192851.623s][info][gc,cpu      ] GC(7083) User=0.20s Sys=0.00s Real=0.03s
[2025-01-09T01:59:41.257+0000][192851.623s][info][gc          ] GC(7084) Concurrent Mark Cycle
[2025-01-09T01:59:41.257+0000][192851.623s][info][gc,marking  ] GC(7084) Concurrent Clear Claimed Marks
[2025-01-09T01:59:41.258+0000][192851.624s][info][gc,marking  ] GC(7084) Concurrent Clear Claimed Marks 0.936ms
[2025-01-09T01:59:41.258+0000][192851.624s][info][gc,marking  ] GC(7084) Concurrent Scan Root Regions
[2025-01-09T01:59:41.282+0000][192851.648s][info][gc,marking  ] GC(7084) Concurrent Scan Root Regions 23.934ms
[2025-01-09T01:59:41.282+0000][192851.648s][info][gc,marking  ] GC(7084) Concurrent Mark
[2025-01-09T01:59:41.282+0000][192851.648s][info][gc,marking  ] GC(7084) Concurrent Mark From Roots
[2025-01-09T01:59:41.282+0000][192851.648s][info][gc,task     ] GC(7084) Using 2 workers of 2 for marking
[2025-01-09T01:59:42.144+0000][192852.510s][info][gc,marking  ] GC(7084) Concurrent Mark From Roots 862.827ms
[2025-01-09T01:59:42.144+0000][192852.511s][info][gc,marking  ] GC(7084) Concurrent Preclean
[2025-01-09T01:59:42.148+0000][192852.514s][info][gc,marking  ] GC(7084) Concurrent Preclean 3.261ms
[2025-01-09T01:59:42.148+0000][192852.514s][info][gc,start    ] GC(7084) Pause Remark
[2025-01-09T01:59:42.174+0000][192852.540s][info][gc          ] GC(7084) Pause Remark 3216M->3216M(12288M) 25.678ms
[2025-01-09T01:59:42.174+0000][192852.540s][info][gc,cpu      ] GC(7084) User=0.14s Sys=0.01s Real=0.03s
[2025-01-09T01:59:42.174+0000][192852.540s][info][gc,marking  ] GC(7084) Concurrent Mark 892.166ms
[2025-01-09T01:59:42.174+0000][192852.540s][info][gc,marking  ] GC(7084) Concurrent Rebuild Remembered Sets
[2025-01-09T01:59:42.729+0000][192853.096s][info][gc,marking  ] GC(7084) Concurrent Rebuild Remembered Sets 555.744ms
[2025-01-09T01:59:42.730+0000][192853.096s][info][gc,start    ] GC(7084) Pause Cleanup
[2025-01-09T01:59:42.730+0000][192853.096s][info][gc          ] GC(7084) Pause Cleanup 3799M->3799M(12288M) 0.416ms
[2025-01-09T01:59:42.730+0000][192853.096s][info][gc,cpu      ] GC(7084) User=0.00s Sys=0.00s Real=0.00s
[2025-01-09T01:59:42.730+0000][192853.096s][info][gc,marking  ] GC(7084) Concurrent Cleanup for Next Mark
[2025-01-09T01:59:42.758+0000][192853.124s][info][gc,marking  ] GC(7084) Concurrent Cleanup for Next Mark 27.514ms
[2025-01-09T01:59:42.758+0000][192853.124s][info][gc          ] GC(7084) Concurrent Mark Cycle 1501.101ms
[2025-01-09T01:59:51.274+0000][192861.640s][info][gc,start    ] GC(7085) Pause Young (Prepare Mixed) (G1 Evacuation Pause)
[2025-01-09T01:59:51.274+0000][192861.640s][info][gc,task     ] GC(7085) Using 6 workers of 6 for evacuation
[2025-01-09T01:59:51.309+0000][192861.675s][info][gc,phases   ] GC(7085)   Pre Evacuate Collection Set: 0.2ms
[2025-01-09T01:59:51.309+0000][192861.675s][info][gc,phases   ] GC(7085)   Merge Heap Roots: 0.7ms
[2025-01-09T01:59:51.309+0000][192861.675s][info][gc,phases   ] GC(7085)   Evacuate Collection Set: 31.3ms
[2025-01-09T01:59:51.309+0000][192861.675s][info][gc,phases   ] GC(7085)   Post Evacuate Collection Set: 2.7ms
[2025-01-09T01:59:51.309+0000][192861.675s][info][gc,phases   ] GC(7085)   Other: 0.2ms
[2025-01-09T01:59:51.309+0000][192861.675s][info][gc,heap     ] GC(7085) Eden regions: 911->0(65)
[2025-01-09T01:59:51.309+0000][192861.675s][info][gc,heap     ] GC(7085) Survivor regions: 10->11(116)
[2025-01-09T01:59:51.309+0000][192861.675s][info][gc,heap     ] GC(7085) Old regions: 230->230
[2025-01-09T01:59:51.309+0000][192861.675s][info][gc,heap     ] GC(7085) Archive regions: 2->2
[2025-01-09T01:59:51.309+0000][192861.675s][info][gc,heap     ] GC(7085) Humongous regions: 49->49
[2025-01-09T01:59:51.309+0000][192861.675s][info][gc,metaspace] GC(7085) Metaspace: 524846K(534208K)->524846K(534208K) NonClass: 460881K(465472K)->460881K(465472K) Class: 63964K(68736K)->63964K(68736K)
[2025-01-09T01:59:51.309+0000][192861.675s][info][gc          ] GC(7085) Pause Young (Prepare Mixed) (G1 Evacuation Pause) 9600M->2320M(12288M) 35.146ms
[2025-01-09T01:59:51.309+0000][192861.675s][info][gc,cpu      ] GC(7085) User=0.21s Sys=0.00s Real=0.03s
[2025-01-09T01:59:52.868+0000][192863.234s][info][gc,start    ] GC(7086) Pause Young (Mixed) (G1 Evacuation Pause)
[2025-01-09T01:59:52.868+0000][192863.234s][info][gc,task     ] GC(7086) Using 6 workers of 6 for evacuation
[2025-01-09T01:59:52.937+0000][192863.303s][info][gc,phases   ] GC(7086)   Pre Evacuate Collection Set: 0.2ms
[2025-01-09T01:59:52.937+0000][192863.303s][info][gc,phases   ] GC(7086)   Merge Heap Roots: 0.7ms
[2025-01-09T01:59:52.937+0000][192863.303s][info][gc,phases   ] GC(7086)   Evacuate Collection Set: 65.7ms
[2025-01-09T01:59:52.937+0000][192863.303s][info][gc,phases   ] GC(7086)   Post Evacuate Collection Set: 2.0ms
[2025-01-09T01:59:52.937+0000][192863.303s][info][gc,phases   ] GC(7086)   Other: 0.2ms
[2025-01-09T01:59:52.937+0000][192863.303s][info][gc,heap     ] GC(7086) Eden regions: 65->0(915)
[2025-01-09T01:59:52.937+0000][192863.303s][info][gc,heap     ] GC(7086) Survivor regions: 11->6(10)
[2025-01-09T01:59:52.937+0000][192863.303s][info][gc,heap     ] GC(7086) Old regions: 230->231
[2025-01-09T01:59:52.937+0000][192863.303s][info][gc,heap     ] GC(7086) Archive regions: 2->2
[2025-01-09T01:59:52.937+0000][192863.303s][info][gc,heap     ] GC(7086) Humongous regions: 49->49
[2025-01-09T01:59:52.937+0000][192863.303s][info][gc,metaspace] GC(7086) Metaspace: 524846K(534208K)->524846K(534208K) NonClass: 460881K(465472K)->460881K(465472K) Class: 63964K(68736K)->63964K(68736K)
[2025-01-09T01:59:52.937+0000][192863.303s][info][gc          ] GC(7086) Pause Young (Mixed) (G1 Evacuation Pause) 2840M->2290M(12288M) 68.821ms
[2025-01-09T01:59:52.937+0000][192863.303s][info][gc,cpu      ] GC(7086) User=0.41s Sys=0.00s Real=0.07s
[2025-01-09T01:59:59.209+0000][192869.575s][info][gc,start    ] GC(7087) Pause Young (Normal) (G1 Evacuation Pause)
[2025-01-09T01:59:59.209+0000][192869.575s][info][gc,task     ] GC(7087) Using 6 workers of 6 for evacuation
[2025-01-09T01:59:59.235+0000][192869.601s][info][gc,phases   ] GC(7087)   Pre Evacuate Collection Set: 0.2ms
[2025-01-09T01:59:59.235+0000][192869.601s][info][gc,phases   ] GC(7087)   Merge Heap Roots: 0.5ms
[2025-01-09T01:59:59.235+0000][192869.601s][info][gc,phases   ] GC(7087)   Evacuate Collection Set: 22.5ms
[2025-01-09T01:59:59.235+0000][192869.601s][info][gc,phases   ] GC(7087)   Post Evacuate Collection Set: 2.5ms
[2025-01-09T01:59:59.235+0000][192869.601s][info][gc,phases   ] GC(7087)   Other: 0.2ms
[2025-01-09T01:59:59.235+0000][192869.601s][info][gc,heap     ] GC(7087) Eden regions: 915->0(915)
[2025-01-09T01:59:59.235+0000][192869.601s][info][gc,heap     ] GC(7087) Survivor regions: 6->6(116)
[2025-01-09T01:59:59.235+0000][192869.601s][info][gc,heap     ] GC(7087) Old regions: 231->231
[2025-01-09T01:59:59.235+0000][192869.601s][info][gc,heap     ] GC(7087) Archive regions: 2->2
[2025-01-09T01:59:59.235+0000][192869.601s][info][gc,heap     ] GC(7087) Humongous regions: 49->49
[2025-01-09T01:59:59.235+0000][192869.601s][info][gc,metaspace] GC(7087) Metaspace: 524846K(534208K)->524846K(534208K) NonClass: 460881K(465472K)->460881K(465472K) Class: 63964K(68736K)->63964K(68736K)
[2025-01-09T01:59:59.235+0000][192869.601s][info][gc          ] GC(7087) Pause Young (Normal) (G1 Evacuation Pause) 9610M->2290M(12288M) 26.010ms
[2025-01-09T01:59:59.235+0000][192869.601s][info][gc,cpu      ] GC(7087) User=0.16s Sys=0.00s Real=0.03s
[2025-01-09T02:00:03.336+0000][192873.702s][info][gc,start    ] GC(7088) Pause Young (Normal) (G1 Evacuation Pause)
[2025-01-09T02:00:03.336+0000][192873.702s][info][gc,task     ] GC(7088) Using 6 workers of 6 for evacuation
[2025-01-09T02:00:03.368+0000][192873.734s][info][gc,phases   ] GC(7088)   Pre Evacuate Collection Set: 0.2ms
[2025-01-09T02:00:03.368+0000][192873.734s][info][gc,phases   ] GC(7088)   Merge Heap Roots: 0.4ms
[2025-01-09T02:00:03.368+0000][192873.734s][info][gc,phases   ] GC(7088)   Evacuate Collection Set: 28.9ms
[2025-01-09T02:00:03.368+0000][192873.734s][info][gc,phases   ] GC(7088)   Post Evacuate Collection Set: 2.4ms
[2025-01-09T02:00:03.368+0000][192873.734s][info][gc,phases   ] GC(7088)   Other: 0.2ms
[2025-01-09T02:00:03.368+0000][192873.734s][info][gc,heap     ] GC(7088) Eden regions: 915->0(913)
[2025-01-09T02:00:03.368+0000][192873.734s][info][gc,heap     ] GC(7088) Survivor regions: 6->8(116)
[2025-01-09T02:00:03.368+0000][192873.734s][info][gc,heap     ] GC(7088) Old regions: 231->231
[2025-01-09T02:00:03.368+0000][192873.734s][info][gc,heap     ] GC(7088) Archive regions: 2->2
[2025-01-09T02:00:03.368+0000][192873.734s][info][gc,heap     ] GC(7088) Humongous regions: 49->49
[2025-01-09T02:00:03.368+0000][192873.734s][info][gc,metaspace] GC(7088) Metaspace: 524846K(534208K)->524846K(534208K) NonClass: 460881K(465472K)->460881K(465472K) Class: 63964K(68736K)->63964K(68736K)
[2025-01-09T02:00:03.368+0000][192873.734s][info][gc          ] GC(7088) Pause Young (Normal) (G1 Evacuation Pause) 9610M->2305M(12288M) 32.162ms
[2025-01-09T02:00:03.368+0000][192873.734s][info][gc,cpu      ] GC(7088) User=0.18s Sys=0.01s Real=0.03s
[2025-01-09T02:00:13.486+0000][192883.852s][info][gc,start    ] GC(7089) Pause Young (Concurrent Start) (G1 Evacuation Pause)
[2025-01-09T02:00:13.486+0000][192883.852s][info][gc,task     ] GC(7089) Using 6 workers of 6 for evacuation
[2025-01-09T02:00:13.526+0000][192883.892s][info][gc,phases   ] GC(7089)   Pre Evacuate Collection Set: 1.1ms
[2025-01-09T02:00:13.526+0000][192883.892s][info][gc,phases   ] GC(7089)   Merge Heap Roots: 0.5ms
[2025-01-09T02:00:13.526+0000][192883.892s][info][gc,phases   ] GC(7089)   Evacuate Collection Set: 35.0ms
[2025-01-09T02:00:13.526+0000][192883.892s][info][gc,phases   ] GC(7089)   Post Evacuate Collection Set: 3.0ms
[2025-01-09T02:00:13.526+0000][192883.892s][info][gc,phases   ] GC(7089)   Other: 0.3ms
[2025-01-09T02:00:13.526+0000][192883.892s][info][gc,heap     ] GC(7089) Eden regions: 913->0(911)
[2025-01-09T02:00:13.526+0000][192883.892s][info][gc,heap     ] GC(7089) Survivor regions: 8->10(116)
[2025-01-09T02:00:13.526+0000][192883.892s][info][gc,heap     ] GC(7089) Old regions: 231->231
[2025-01-09T02:00:13.526+0000][192883.892s][info][gc,heap     ] GC(7089) Archive regions: 2->2
[2025-01-09T02:00:13.526+0000][192883.892s][info][gc,heap     ] GC(7089) Humongous regions: 49->49
[2025-01-09T02:00:13.526+0000][192883.892s][info][gc,metaspace] GC(7089) Metaspace: 524846K(534208K)->524846K(534208K) NonClass: 460881K(465472K)->460881K(465472K) Class: 63964K(68736K)->63964K(68736K)
[2025-01-09T02:00:13.526+0000][192883.892s][info][gc          ] GC(7089) Pause Young (Concurrent Start) (G1 Evacuation Pause) 9609M->2317M(12288M) 39.941ms
[2025-01-09T02:00:13.526+0000][192883.892s][info][gc,cpu      ] GC(7089) User=0.23s Sys=0.00s Real=0.04s
[2025-01-09T02:00:13.526+0000][192883.892s][info][gc          ] GC(7090) Concurrent Mark Cycle
[2025-01-09T02:00:13.526+0000][192883.892s][info][gc,marking  ] GC(7090) Concurrent Clear Claimed Marks
[2025-01-09T02:00:13.527+0000][192883.893s][info][gc,marking  ] GC(7090) Concurrent Clear Claimed Marks 0.954ms
[2025-01-09T02:00:13.527+0000][192883.893s][info][gc,marking  ] GC(7090) Concurrent Scan Root Regions
[2025-01-09T02:00:13.553+0000][192883.920s][info][gc,marking  ] GC(7090) Concurrent Scan Root Regions 26.424ms
[2025-01-09T02:00:13.553+0000][192883.920s][info][gc,marking  ] GC(7090) Concurrent Mark
[2025-01-09T02:00:13.553+0000][192883.920s][info][gc,marking  ] GC(7090) Concurrent Mark From Roots
[2025-01-09T02:00:13.553+0000][192883.920s][info][gc,task     ] GC(7090) Using 2 workers of 2 for marking
[2025-01-09T02:00:14.294+0000][192884.660s][info][gc,marking  ] GC(7090) Concurrent Mark From Roots 740.381ms
[2025-01-09T02:00:14.294+0000][192884.660s][info][gc,marking  ] GC(7090) Concurrent Preclean
[2025-01-09T02:00:14.296+0000][192884.662s][info][gc,marking  ] GC(7090) Concurrent Preclean 2.490ms
[2025-01-09T02:00:14.299+0000][192884.665s][info][gc,start    ] GC(7090) Pause Remark
[2025-01-09T02:00:14.327+0000][192884.693s][info][gc          ] GC(7090) Pause Remark 2957M->2957M(12288M) 28.034ms
[2025-01-09T02:00:14.327+0000][192884.693s][info][gc,cpu      ] GC(7090) User=0.16s Sys=0.00s Real=0.03s
[2025-01-09T02:00:14.327+0000][192884.693s][info][gc,marking  ] GC(7090) Concurrent Mark 773.326ms
[2025-01-09T02:00:14.327+0000][192884.693s][info][gc,marking  ] GC(7090) Concurrent Rebuild Remembered Sets
[2025-01-09T02:00:14.902+0000][192885.268s][info][gc,marking  ] GC(7090) Concurrent Rebuild Remembered Sets 574.814ms
[2025-01-09T02:00:14.908+0000][192885.274s][info][gc,start    ] GC(7090) Pause Cleanup
[2025-01-09T02:00:14.909+0000][192885.275s][info][gc          ] GC(7090) Pause Cleanup 3525M->3525M(12288M) 0.463ms
[2025-01-09T02:00:14.909+0000][192885.275s][info][gc,cpu      ] GC(7090) User=0.00s Sys=0.00s Real=0.00s
[2025-01-09T02:00:14.909+0000][192885.275s][info][gc,marking  ] GC(7090) Concurrent Cleanup for Next Mark
[2025-01-09T02:00:14.937+0000][192885.303s][info][gc,marking  ] GC(7090) Concurrent Cleanup for Next Mark 28.226ms
[2025-01-09T02:00:14.937+0000][192885.303s][info][gc          ] GC(7090) Concurrent Mark Cycle 1410.911ms
[2025-01-09T02:00:20.777+0000][192891.143s][info][gc,start    ] GC(7091) Pause Young (Prepare Mixed) (G1 Evacuation Pause)
[2025-01-09T02:00:20.777+0000][192891.143s][info][gc,task     ] GC(7091) Using 6 workers of 6 for evacuation
[2025-01-09T02:00:20.818+0000][192891.184s][info][gc,phases   ] GC(7091)   Pre Evacuate Collection Set: 0.2ms
[2025-01-09T02:00:20.818+0000][192891.184s][info][gc,phases   ] GC(7091)   Merge Heap Roots: 0.7ms
[2025-01-09T02:00:20.818+0000][192891.184s][info][gc,phases   ] GC(7091)   Evacuate Collection Set: 37.0ms
[2025-01-09T02:00:20.818+0000][192891.184s][info][gc,phases   ] GC(7091)   Post Evacuate Collection Set: 2.6ms
[2025-01-09T02:00:20.818+0000][192891.184s][info][gc,phases   ] GC(7091)   Other: 0.2ms
[2025-01-09T02:00:20.818+0000][192891.184s][info][gc,heap     ] GC(7091) Eden regions: 911->0(65)
[2025-01-09T02:00:20.818+0000][192891.184s][info][gc,heap     ] GC(7091) Survivor regions: 10->11(116)
[2025-01-09T02:00:20.818+0000][192891.184s][info][gc,heap     ] GC(7091) Old regions: 231->231
[2025-01-09T02:00:20.818+0000][192891.184s][info][gc,heap     ] GC(7091) Archive regions: 2->2
[2025-01-09T02:00:20.818+0000][192891.184s][info][gc,heap     ] GC(7091) Humongous regions: 49->49
[2025-01-09T02:00:20.818+0000][192891.184s][info][gc,metaspace] GC(7091) Metaspace: 524846K(534208K)->524846K(534208K) NonClass: 460881K(465472K)->460881K(465472K) Class: 63964K(68736K)->63964K(68736K)
[2025-01-09T02:00:20.818+0000][192891.184s][info][gc          ] GC(7091) Pause Young (Prepare Mixed) (G1 Evacuation Pause) 9605M->2330M(12288M) 40.847ms
[2025-01-09T02:00:20.818+0000][192891.184s][info][gc,cpu      ] GC(7091) User=0.24s Sys=0.00s Real=0.04s
[2025-01-09T02:00:21.145+0000][192891.511s][info][gc,start    ] GC(7092) Pause Young (Mixed) (G1 Evacuation Pause)
[2025-01-09T02:00:21.145+0000][192891.511s][info][gc,task     ] GC(7092) Using 6 workers of 6 for evacuation
[2025-01-09T02:00:21.216+0000][192891.582s][info][gc,phases   ] GC(7092)   Pre Evacuate Collection Set: 0.2ms
[2025-01-09T02:00:21.216+0000][192891.582s][info][gc,phases   ] GC(7092)   Merge Heap Roots: 0.6ms
[2025-01-09T02:00:21.216+0000][192891.582s][info][gc,phases   ] GC(7092)   Evacuate Collection Set: 68.0ms
[2025-01-09T02:00:21.216+0000][192891.582s][info][gc,phases   ] GC(7092)   Post Evacuate Collection Set: 1.8ms
[2025-01-09T02:00:21.216+0000][192891.582s][info][gc,phases   ] GC(7092)   Other: 0.2ms
[2025-01-09T02:00:21.216+0000][192891.582s][info][gc,heap     ] GC(7092) Eden regions: 65->0(917)
[2025-01-09T02:00:21.216+0000][192891.582s][info][gc,heap     ] GC(7092) Survivor regions: 11->4(10)
[2025-01-09T02:00:21.216+0000][192891.582s][info][gc,heap     ] GC(7092) Old regions: 231->233
[2025-01-09T02:00:21.216+0000][192891.582s][info][gc,heap     ] GC(7092) Archive regions: 2->2
[2025-01-09T02:00:21.216+0000][192891.582s][info][gc,heap     ] GC(7092) Humongous regions: 49->49
[2025-01-09T02:00:21.216+0000][192891.582s][info][gc,metaspace] GC(7092) Metaspace: 524846K(534208K)->524846K(534208K) NonClass: 460881K(465472K)->460881K(465472K) Class: 63964K(68736K)->63964K(68736K)
[2025-01-09T02:00:21.216+0000][192891.582s][info][gc          ] GC(7092) Pause Young (Mixed) (G1 Evacuation Pause) 2850M->2281M(12288M) 70.842ms
[2025-01-09T02:00:21.216+0000][192891.582s][info][gc,cpu      ] GC(7092) User=0.41s Sys=0.00s Real=0.07s
[2025-01-09T02:00:28.870+0000][192899.236s][info][gc,start    ] GC(7093) Pause Young (Normal) (G1 Evacuation Pause)
[2025-01-09T02:00:28.870+0000][192899.236s][info][gc,task     ] GC(7093) Using 6 workers of 6 for evacuation
[2025-01-09T02:00:28.890+0000][192899.256s][info][gc,phases   ] GC(7093)   Pre Evacuate Collection Set: 0.2ms
[2025-01-09T02:00:28.890+0000][192899.256s][info][gc,phases   ] GC(7093)   Merge Heap Roots: 0.4ms
[2025-01-09T02:00:28.890+0000][192899.256s][info][gc,phases   ] GC(7093)   Evacuate Collection Set: 17.3ms
[2025-01-09T02:00:28.890+0000][192899.256s][info][gc,phases   ] GC(7093)   Post Evacuate Collection Set: 2.5ms
[2025-01-09T02:00:28.890+0000][192899.256s][info][gc,phases   ] GC(7093)   Other: 0.2ms
[2025-01-09T02:00:28.890+0000][192899.256s][info][gc,heap     ] GC(7093) Eden regions: 917->0(917)
[2025-01-09T02:00:28.890+0000][192899.256s][info][gc,heap     ] GC(7093) Survivor regions: 4->4(116)
[2025-01-09T02:00:28.890+0000][192899.256s][info][gc,heap     ] GC(7093) Old regions: 233->233
[2025-01-09T02:00:28.890+0000][192899.256s][info][gc,heap     ] GC(7093) Archive regions: 2->2
[2025-01-09T02:00:28.890+0000][192899.256s][info][gc,heap     ] GC(7093) Humongous regions: 49->49
[2025-01-09T02:00:28.890+0000][192899.256s][info][gc,metaspace] GC(7093) Metaspace: 524847K(534208K)->524847K(534208K) NonClass: 460882K(465472K)->460882K(465472K) Class: 63964K(68736K)->63964K(68736K)
[2025-01-09T02:00:28.890+0000][192899.256s][info][gc          ] GC(7093) Pause Young (Normal) (G1 Evacuation Pause) 9617M->2282M(12288M) 20.618ms
[2025-01-09T02:00:28.890+0000][192899.256s][info][gc,cpu      ] GC(7093) User=0.12s Sys=0.00s Real=0.02s
[2025-01-09T02:00:36.874+0000][192907.240s][info][gc,start    ] GC(7094) Pause Young (Normal) (G1 Evacuation Pause)
[2025-01-09T02:00:36.875+0000][192907.241s][info][gc,task     ] GC(7094) Using 6 workers of 6 for evacuation
[2025-01-09T02:00:36.901+0000][192907.267s][info][gc,phases   ] GC(7094)   Pre Evacuate Collection Set: 0.2ms
[2025-01-09T02:00:36.901+0000][192907.267s][info][gc,phases   ] GC(7094)   Merge Heap Roots: 0.4ms
[2025-01-09T02:00:36.901+0000][192907.267s][info][gc,phases   ] GC(7094)   Evacuate Collection Set: 22.4ms
[2025-01-09T02:00:36.901+0000][192907.267s][info][gc,phases   ] GC(7094)   Post Evacuate Collection Set: 2.5ms
[2025-01-09T02:00:36.901+0000][192907.267s][info][gc,phases   ] GC(7094)   Other: 0.9ms
[2025-01-09T02:00:36.901+0000][192907.267s][info][gc,heap     ] GC(7094) Eden regions: 917->0(915)
[2025-01-09T02:00:36.901+0000][192907.267s][info][gc,heap     ] GC(7094) Survivor regions: 4->6(116)
[2025-01-09T02:00:36.901+0000][192907.267s][info][gc,heap     ] GC(7094) Old regions: 233->233
[2025-01-09T02:00:36.901+0000][192907.267s][info][gc,heap     ] GC(7094) Archive regions: 2->2
[2025-01-09T02:00:36.901+0000][192907.267s][info][gc,heap     ] GC(7094) Humongous regions: 49->49
[2025-01-09T02:00:36.901+0000][192907.267s][info][gc,metaspace] GC(7094) Metaspace: 524847K(534208K)->524847K(534208K) NonClass: 460882K(465472K)->460882K(465472K) Class: 63964K(68736K)->63964K(68736K)
[2025-01-09T02:00:36.901+0000][192907.267s][info][gc          ] GC(7094) Pause Young (Normal) (G1 Evacuation Pause) 9618M->2298M(12288M) 26.479ms
[2025-01-09T02:00:36.901+0000][192907.267s][info][gc,cpu      ] GC(7094) User=0.15s Sys=0.00s Real=0.02s
[2025-01-09T02:00:45.844+0000][192916.210s][info][gc,start    ] GC(7095) Pause Young (Concurrent Start) (G1 Evacuation Pause)
[2025-01-09T02:00:45.844+0000][192916.210s][info][gc,task     ] GC(7095) Using 6 workers of 6 for evacuation
[2025-01-09T02:00:45.873+0000][192916.240s][info][gc,phases   ] GC(7095)   Pre Evacuate Collection Set: 1.2ms
[2025-01-09T02:00:45.873+0000][192916.240s][info][gc,phases   ] GC(7095)   Merge Heap Roots: 0.4ms
[2025-01-09T02:00:45.874+0000][192916.240s][info][gc,phases   ] GC(7095)   Evacuate Collection Set: 24.7ms
[2025-01-09T02:00:45.874+0000][192916.240s][info][gc,phases   ] GC(7095)   Post Evacuate Collection Set: 2.6ms
[2025-01-09T02:00:45.874+0000][192916.240s][info][gc,phases   ] GC(7095)   Other: 0.3ms
[2025-01-09T02:00:45.874+0000][192916.240s][info][gc,heap     ] GC(7095) Eden regions: 915->0(914)
[2025-01-09T02:00:45.874+0000][192916.240s][info][gc,heap     ] GC(7095) Survivor regions: 6->7(116)
[2025-01-09T02:00:45.874+0000][192916.240s][info][gc,heap     ] GC(7095) Old regions: 233->233
[2025-01-09T02:00:45.874+0000][192916.240s][info][gc,heap     ] GC(7095) Archive regions: 2->2
[2025-01-09T02:00:45.874+0000][192916.240s][info][gc,heap     ] GC(7095) Humongous regions: 49->49
[2025-01-09T02:00:45.874+0000][192916.240s][info][gc,metaspace] GC(7095) Metaspace: 524847K(534208K)->524847K(534208K) NonClass: 460882K(465472K)->460882K(465472K) Class: 63964K(68736K)->63964K(68736K)
[2025-01-09T02:00:45.874+0000][192916.240s][info][gc          ] GC(7095) Pause Young (Concurrent Start) (G1 Evacuation Pause) 9618M->2306M(12288M) 29.287ms
[2025-01-09T02:00:45.874+0000][192916.240s][info][gc,cpu      ] GC(7095) User=0.17s Sys=0.00s Real=0.03s
[2025-01-09T02:00:45.874+0000][192916.240s][info][gc          ] GC(7096) Concurrent Mark Cycle
[2025-01-09T02:00:45.874+0000][192916.240s][info][gc,marking  ] GC(7096) Concurrent Clear Claimed Marks
[2025-01-09T02:00:45.875+0000][192916.241s][info][gc,marking  ] GC(7096) Concurrent Clear Claimed Marks 0.977ms
[2025-01-09T02:00:45.875+0000][192916.241s][info][gc,marking  ] GC(7096) Concurrent Scan Root Regions
[2025-01-09T02:00:45.899+0000][192916.265s][info][gc,marking  ] GC(7096) Concurrent Scan Root Regions 23.857ms
[2025-01-09T02:00:45.899+0000][192916.265s][info][gc,marking  ] GC(7096) Concurrent Mark
[2025-01-09T02:00:45.899+0000][192916.265s][info][gc,marking  ] GC(7096) Concurrent Mark From Roots
[2025-01-09T02:00:45.899+0000][192916.265s][info][gc,task     ] GC(7096) Using 2 workers of 2 for marking
[2025-01-09T02:00:46.834+0000][192917.200s][info][gc,marking  ] GC(7096) Concurrent Mark From Roots 935.688ms
[2025-01-09T02:00:46.838+0000][192917.204s][info][gc,marking  ] GC(7096) Concurrent Preclean
[2025-01-09T02:00:46.841+0000][192917.207s][info][gc,marking  ] GC(7096) Concurrent Preclean 2.745ms
[2025-01-09T02:00:46.841+0000][192917.207s][info][gc,start    ] GC(7096) Pause Remark
[2025-01-09T02:00:46.868+0000][192917.234s][info][gc          ] GC(7096) Pause Remark 3194M->3194M(12288M) 26.404ms
[2025-01-09T02:00:46.868+0000][192917.234s][info][gc,cpu      ] GC(7096) User=0.15s Sys=0.00s Real=0.03s
[2025-01-09T02:00:46.868+0000][192917.234s][info][gc,marking  ] GC(7096) Concurrent Mark 969.129ms
[2025-01-09T02:00:46.868+0000][192917.234s][info][gc,marking  ] GC(7096) Concurrent Rebuild Remembered Sets
[2025-01-09T02:00:47.449+0000][192917.815s][info][gc,marking  ] GC(7096) Concurrent Rebuild Remembered Sets 581.350ms
[2025-01-09T02:00:47.451+0000][192917.817s][info][gc,start    ] GC(7096) Pause Cleanup
[2025-01-09T02:00:47.452+0000][192917.818s][info][gc          ] GC(7096) Pause Cleanup 3546M->3546M(12288M) 0.398ms
[2025-01-09T02:00:47.452+0000][192917.818s][info][gc,cpu      ] GC(7096) User=0.00s Sys=0.00s Real=0.00s
[2025-01-09T02:00:47.452+0000][192917.818s][info][gc,marking  ] GC(7096) Concurrent Cleanup for Next Mark
[2025-01-09T02:00:47.467+0000][192917.833s][info][gc,marking  ] GC(7096) Concurrent Cleanup for Next Mark 15.264ms
[2025-01-09T02:00:47.467+0000][192917.833s][info][gc          ] GC(7096) Concurrent Mark Cycle 1593.432ms
[2025-01-09T02:00:55.164+0000][192925.530s][info][gc,start    ] GC(7097) Pause Young (Prepare Mixed) (G1 Evacuation Pause)
[2025-01-09T02:00:55.164+0000][192925.530s][info][gc,task     ] GC(7097) Using 6 workers of 6 for evacuation
[2025-01-09T02:00:55.196+0000][192925.562s][info][gc,phases   ] GC(7097)   Pre Evacuate Collection Set: 0.2ms
[2025-01-09T02:00:55.196+0000][192925.562s][info][gc,phases   ] GC(7097)   Merge Heap Roots: 0.6ms
[2025-01-09T02:00:55.196+0000][192925.562s][info][gc,phases   ] GC(7097)   Evacuate Collection Set: 28.0ms
[2025-01-09T02:00:55.196+0000][192925.562s][info][gc,phases   ] GC(7097)   Post Evacuate Collection Set: 2.9ms
[2025-01-09T02:00:55.196+0000][192925.562s][info][gc,phases   ] GC(7097)   Other: 0.2ms
[2025-01-09T02:00:55.196+0000][192925.562s][info][gc,heap     ] GC(7097) Eden regions: 914->0(69)
[2025-01-09T02:00:55.196+0000][192925.562s][info][gc,heap     ] GC(7097) Survivor regions: 7->7(116)
[2025-01-09T02:00:55.196+0000][192925.562s][info][gc,heap     ] GC(7097) Old regions: 233->233
[2025-01-09T02:00:55.196+0000][192925.562s][info][gc,heap     ] GC(7097) Archive regions: 2->2
[2025-01-09T02:00:55.196+0000][192925.562s][info][gc,heap     ] GC(7097) Humongous regions: 49->49
[2025-01-09T02:00:55.196+0000][192925.562s][info][gc,metaspace] GC(7097) Metaspace: 524847K(534208K)->524847K(534208K) NonClass: 460882K(465472K)->460882K(465472K) Class: 63964K(68736K)->63964K(68736K)
[2025-01-09T02:00:55.196+0000][192925.562s][info][gc          ] GC(7097) Pause Young (Prepare Mixed) (G1 Evacuation Pause) 9618M->2311M(12288M) 32.073ms
[2025-01-09T02:00:55.196+0000][192925.562s][info][gc,cpu      ] GC(7097) User=0.19s Sys=0.00s Real=0.03s
[2025-01-09T02:00:55.901+0000][192926.267s][info][gc,start    ] GC(7098) Pause Young (Mixed) (G1 Evacuation Pause)
[2025-01-09T02:00:55.901+0000][192926.267s][info][gc,task     ] GC(7098) Using 6 workers of 6 for evacuation
[2025-01-09T02:00:55.962+0000][192926.328s][info][gc,phases   ] GC(7098)   Pre Evacuate Collection Set: 0.2ms
[2025-01-09T02:00:55.962+0000][192926.328s][info][gc,phases   ] GC(7098)   Merge Heap Roots: 0.8ms
[2025-01-09T02:00:55.962+0000][192926.328s][info][gc,phases   ] GC(7098)   Evacuate Collection Set: 59.0ms
[2025-01-09T02:00:55.962+0000][192926.328s][info][gc,phases   ] GC(7098)   Post Evacuate Collection Set: 1.6ms
[2025-01-09T02:00:55.962+0000][192926.328s][info][gc,phases   ] GC(7098)   Other: 0.2ms
[2025-01-09T02:00:55.962+0000][192926.329s][info][gc,heap     ] GC(7098) Eden regions: 69->0(915)
[2025-01-09T02:00:55.962+0000][192926.329s][info][gc,heap     ] GC(7098) Survivor regions: 7->6(10)
[2025-01-09T02:00:55.962+0000][192926.329s][info][gc,heap     ] GC(7098) Old regions: 233->230
[2025-01-09T02:00:55.962+0000][192926.329s][info][gc,heap     ] GC(7098) Archive regions: 2->2
[2025-01-09T02:00:55.962+0000][192926.329s][info][gc,heap     ] GC(7098) Humongous regions: 49->49
[2025-01-09T02:00:55.962+0000][192926.329s][info][gc,metaspace] GC(7098) Metaspace: 524847K(534208K)->524847K(534208K) NonClass: 460882K(465472K)->460882K(465472K) Class: 63964K(68736K)->63964K(68736K)
[2025-01-09T02:00:55.962+0000][192926.329s][info][gc          ] GC(7098) Pause Young (Mixed) (G1 Evacuation Pause) 2863M->2279M(12288M) 61.832ms
[2025-01-09T02:00:55.962+0000][192926.329s][info][gc,cpu      ] GC(7098) User=0.36s Sys=0.00s Real=0.07s
[2025-01-09T02:01:02.846+0000][192933.212s][info][gc,start    ] GC(7099) Pause Young (Normal) (G1 Evacuation Pause)
[2025-01-09T02:01:02.846+0000][192933.212s][info][gc,task     ] GC(7099) Using 6 workers of 6 for evacuation
[2025-01-09T02:01:02.873+0000][192933.239s][info][gc,phases   ] GC(7099)   Pre Evacuate Collection Set: 0.2ms
[2025-01-09T02:01:02.873+0000][192933.239s][info][gc,phases   ] GC(7099)   Merge Heap Roots: 0.5ms
[2025-01-09T02:01:02.873+0000][192933.239s][info][gc,phases   ] GC(7099)   Evacuate Collection Set: 23.6ms
[2025-01-09T02:01:02.873+0000][192933.239s][info][gc,phases   ] GC(7099)   Post Evacuate Collection Set: 2.4ms
[2025-01-09T02:01:02.873+0000][192933.239s][info][gc,phases   ] GC(7099)   Other: 0.2ms
[2025-01-09T02:01:02.873+0000][192933.239s][info][gc,heap     ] GC(7099) Eden regions: 915->0(914)
[2025-01-09T02:01:02.873+0000][192933.239s][info][gc,heap     ] GC(7099) Survivor regions: 6->7(116)
[2025-01-09T02:01:02.873+0000][192933.239s][info][gc,heap     ] GC(7099) Old regions: 230->230
[2025-01-09T02:01:02.873+0000][192933.239s][info][gc,heap     ] GC(7099) Archive regions: 2->2
[2025-01-09T02:01:02.873+0000][192933.239s][info][gc,heap     ] GC(7099) Humongous regions: 49->49
[2025-01-09T02:01:02.873+0000][192933.239s][info][gc,metaspace] GC(7099) Metaspace: 524847K(534208K)->524847K(534208K) NonClass: 460882K(465472K)->460882K(465472K) Class: 63964K(68736K)->63964K(68736K)
[2025-01-09T02:01:02.873+0000][192933.239s][info][gc          ] GC(7099) Pause Young (Normal) (G1 Evacuation Pause) 9599M->2285M(12288M) 26.971ms
[2025-01-09T02:01:02.873+0000][192933.239s][info][gc,cpu      ] GC(7099) User=0.16s Sys=0.00s Real=0.03s
[2025-01-09T02:01:09.352+0000][192939.718s][info][gc,start    ] GC(7100) Pause Young (Normal) (G1 Evacuation Pause)
[2025-01-09T02:01:09.352+0000][192939.718s][info][gc,task     ] GC(7100) Using 6 workers of 6 for evacuation
[2025-01-09T02:01:09.381+0000][192939.747s][info][gc,phases   ] GC(7100)   Pre Evacuate Collection Set: 0.2ms
[2025-01-09T02:01:09.381+0000][192939.747s][info][gc,phases   ] GC(7100)   Merge Heap Roots: 0.4ms
[2025-01-09T02:01:09.381+0000][192939.747s][info][gc,phases   ] GC(7100)   Evacuate Collection Set: 25.7ms
[2025-01-09T02:01:09.381+0000][192939.747s][info][gc,phases   ] GC(7100)   Post Evacuate Collection Set: 2.4ms
[2025-01-09T02:01:09.381+0000][192939.747s][info][gc,phases   ] GC(7100)   Other: 0.2ms
[2025-01-09T02:01:09.381+0000][192939.747s][info][gc,heap     ] GC(7100) Eden regions: 914->0(914)
[2025-01-09T02:01:09.381+0000][192939.747s][info][gc,heap     ] GC(7100) Survivor regions: 7->7(116)
[2025-01-09T02:01:09.381+0000][192939.747s][info][gc,heap     ] GC(7100) Old regions: 230->230
[2025-01-09T02:01:09.381+0000][192939.747s][info][gc,heap     ] GC(7100) Archive regions: 2->2
[2025-01-09T02:01:09.381+0000][192939.747s][info][gc,heap     ] GC(7100) Humongous regions: 49->49
[2025-01-09T02:01:09.381+0000][192939.747s][info][gc,metaspace] GC(7100) Metaspace: 524847K(534208K)->524847K(534208K) NonClass: 460882K(465472K)->460882K(465472K) Class: 63964K(68736K)->63964K(68736K)
[2025-01-09T02:01:09.381+0000][192939.747s][info][gc          ] GC(7100) Pause Young (Normal) (G1 Evacuation Pause) 9597M->2290M(12288M) 28.996ms
[2025-01-09T02:01:09.381+0000][192939.747s][info][gc,cpu      ] GC(7100) User=0.17s Sys=0.00s Real=0.02s
[2025-01-09T02:01:17.648+0000][192948.014s][info][gc,start    ] GC(7101) Pause Young (Concurrent Start) (G1 Evacuation Pause)
[2025-01-09T02:01:17.648+0000][192948.014s][info][gc,task     ] GC(7101) Using 6 workers of 6 for evacuation
[2025-01-09T02:01:17.683+0000][192948.049s][info][gc,phases   ] GC(7101)   Pre Evacuate Collection Set: 1.2ms
[2025-01-09T02:01:17.683+0000][192948.049s][info][gc,phases   ] GC(7101)   Merge Heap Roots: 0.5ms
[2025-01-09T02:01:17.683+0000][192948.049s][info][gc,phases   ] GC(7101)   Evacuate Collection Set: 30.6ms
[2025-01-09T02:01:17.683+0000][192948.049s][info][gc,phases   ] GC(7101)   Post Evacuate Collection Set: 2.7ms
[2025-01-09T02:01:17.683+0000][192948.049s][info][gc,phases   ] GC(7101)   Other: 0.3ms
[2025-01-09T02:01:17.683+0000][192948.049s][info][gc,heap     ] GC(7101) Eden regions: 914->0(912)
[2025-01-09T02:01:17.683+0000][192948.049s][info][gc,heap     ] GC(7101) Survivor regions: 7->9(116)
[2025-01-09T02:01:17.683+0000][192948.049s][info][gc,heap     ] GC(7101) Old regions: 230->230
[2025-01-09T02:01:17.683+0000][192948.049s][info][gc,heap     ] GC(7101) Archive regions: 2->2
[2025-01-09T02:01:17.683+0000][192948.049s][info][gc,heap     ] GC(7101) Humongous regions: 49->49
[2025-01-09T02:01:17.683+0000][192948.049s][info][gc,metaspace] GC(7101) Metaspace: 524847K(534208K)->524847K(534208K) NonClass: 460882K(465472K)->460882K(465472K) Class: 63964K(68736K)->63964K(68736K)
[2025-01-09T02:01:17.683+0000][192948.049s][info][gc          ] GC(7101) Pause Young (Concurrent Start) (G1 Evacuation Pause) 9602M->2300M(12288M) 35.394ms
[2025-01-09T02:01:17.683+0000][192948.049s][info][gc,cpu      ] GC(7101) User=0.20s Sys=0.00s Real=0.04s
[2025-01-09T02:01:17.683+0000][192948.049s][info][gc          ] GC(7102) Concurrent Mark Cycle
[2025-01-09T02:01:17.683+0000][192948.049s][info][gc,marking  ] GC(7102) Concurrent Clear Claimed Marks
[2025-01-09T02:01:17.684+0000][192948.050s][info][gc,marking  ] GC(7102) Concurrent Clear Claimed Marks 0.921ms
[2025-01-09T02:01:17.684+0000][192948.050s][info][gc,marking  ] GC(7102) Concurrent Scan Root Regions
[2025-01-09T02:01:17.710+0000][192948.076s][info][gc,marking  ] GC(7102) Concurrent Scan Root Regions 25.424ms
[2025-01-09T02:01:17.710+0000][192948.076s][info][gc,marking  ] GC(7102) Concurrent Mark
[2025-01-09T02:01:17.710+0000][192948.076s][info][gc,marking  ] GC(7102) Concurrent Mark From Roots
[2025-01-09T02:01:17.710+0000][192948.076s][info][gc,task     ] GC(7102) Using 2 workers of 2 for marking
[2025-01-09T02:01:18.537+0000][192948.903s][info][gc,marking  ] GC(7102) Concurrent Mark From Roots 827.162ms
[2025-01-09T02:01:18.537+0000][192948.903s][info][gc,marking  ] GC(7102) Concurrent Preclean
[2025-01-09T02:01:18.540+0000][192948.906s][info][gc,marking  ] GC(7102) Concurrent Preclean 2.737ms
[2025-01-09T02:01:18.540+0000][192948.906s][info][gc,start    ] GC(7102) Pause Remark
[2025-01-09T02:01:18.565+0000][192948.932s][info][gc          ] GC(7102) Pause Remark 2912M->2912M(12288M) 25.707ms
[2025-01-09T02:01:18.565+0000][192948.932s][info][gc,cpu      ] GC(7102) User=0.14s Sys=0.00s Real=0.03s
[2025-01-09T02:01:18.566+0000][192948.932s][info][gc,marking  ] GC(7102) Concurrent Mark 855.929ms
[2025-01-09T02:01:18.566+0000][192948.932s][info][gc,marking  ] GC(7102) Concurrent Rebuild Remembered Sets
[2025-01-09T02:01:19.127+0000][192949.493s][info][gc,marking  ] GC(7102) Concurrent Rebuild Remembered Sets 560.955ms
[2025-01-09T02:01:19.127+0000][192949.493s][info][gc,start    ] GC(7102) Pause Cleanup
[2025-01-09T02:01:19.127+0000][192949.493s][info][gc          ] GC(7102) Pause Cleanup 3296M->3296M(12288M) 0.399ms
[2025-01-09T02:01:19.127+0000][192949.493s][info][gc,cpu      ] GC(7102) User=0.00s Sys=0.00s Real=0.00s
[2025-01-09T02:01:19.127+0000][192949.493s][info][gc,marking  ] GC(7102) Concurrent Cleanup for Next Mark
[2025-01-09T02:01:19.155+0000][192949.521s][info][gc,marking  ] GC(7102) Concurrent Cleanup for Next Mark 28.040ms
[2025-01-09T02:01:19.155+0000][192949.521s][info][gc          ] GC(7102) Concurrent Mark Cycle 1472.064ms
[2025-01-09T02:01:27.488+0000][192957.854s][info][gc,start    ] GC(7103) Pause Young (Prepare Mixed) (G1 Evacuation Pause)
[2025-01-09T02:01:27.488+0000][192957.854s][info][gc,task     ] GC(7103) Using 6 workers of 6 for evacuation
[2025-01-09T02:01:27.527+0000][192957.893s][info][gc,phases   ] GC(7103)   Pre Evacuate Collection Set: 0.2ms
[2025-01-09T02:01:27.527+0000][192957.893s][info][gc,phases   ] GC(7103)   Merge Heap Roots: 0.7ms
[2025-01-09T02:01:27.527+0000][192957.893s][info][gc,phases   ] GC(7103)   Evacuate Collection Set: 35.2ms
[2025-01-09T02:01:27.527+0000][192957.893s][info][gc,phases   ] GC(7103)   Post Evacuate Collection Set: 2.8ms
[2025-01-09T02:01:27.527+0000][192957.893s][info][gc,phases   ] GC(7103)   Other: 0.2ms
[2025-01-09T02:01:27.527+0000][192957.893s][info][gc,heap     ] GC(7103) Eden regions: 912->0(66)
[2025-01-09T02:01:27.527+0000][192957.893s][info][gc,heap     ] GC(7103) Survivor regions: 9->10(116)
[2025-01-09T02:01:27.527+0000][192957.893s][info][gc,heap     ] GC(7103) Old regions: 230->230
[2025-01-09T02:01:27.527+0000][192957.893s][info][gc,heap     ] GC(7103) Archive regions: 2->2
[2025-01-09T02:01:27.527+0000][192957.893s][info][gc,heap     ] GC(7103) Humongous regions: 49->49
[2025-01-09T02:01:27.527+0000][192957.893s][info][gc,metaspace] GC(7103) Metaspace: 524847K(534208K)->524847K(534208K) NonClass: 460882K(465472K)->460882K(465472K) Class: 63964K(68736K)->63964K(68736K)
[2025-01-09T02:01:27.527+0000][192957.893s][info][gc          ] GC(7103) Pause Young (Prepare Mixed) (G1 Evacuation Pause) 9596M->2310M(12288M) 39.131ms
[2025-01-09T02:01:27.527+0000][192957.893s][info][gc,cpu      ] GC(7103) User=0.23s Sys=0.00s Real=0.04s
[2025-01-09T02:01:27.957+0000][192958.323s][info][gc,start    ] GC(7104) Pause Young (Mixed) (G1 Evacuation Pause)
[2025-01-09T02:01:27.957+0000][192958.323s][info][gc,task     ] GC(7104) Using 6 workers of 6 for evacuation
[2025-01-09T02:01:28.026+0000][192958.392s][info][gc,phases   ] GC(7104)   Pre Evacuate Collection Set: 0.2ms
[2025-01-09T02:01:28.026+0000][192958.392s][info][gc,phases   ] GC(7104)   Merge Heap Roots: 0.8ms
[2025-01-09T02:01:28.026+0000][192958.392s][info][gc,phases   ] GC(7104)   Evacuate Collection Set: 65.5ms
[2025-01-09T02:01:28.026+0000][192958.392s][info][gc,phases   ] GC(7104)   Post Evacuate Collection Set: 2.0ms
[2025-01-09T02:01:28.026+0000][192958.392s][info][gc,phases   ] GC(7104)   Other: 0.2ms
[2025-01-09T02:01:28.026+0000][192958.392s][info][gc,heap     ] GC(7104) Eden regions: 66->0(914)
[2025-01-09T02:01:28.026+0000][192958.392s][info][gc,heap     ] GC(7104) Survivor regions: 10->7(10)
[2025-01-09T02:01:28.026+0000][192958.392s][info][gc,heap     ] GC(7104) Old regions: 230->230
[2025-01-09T02:01:28.026+0000][192958.392s][info][gc,heap     ] GC(7104) Archive regions: 2->2
[2025-01-09T02:01:28.026+0000][192958.392s][info][gc,heap     ] GC(7104) Humongous regions: 49->49
[2025-01-09T02:01:28.026+0000][192958.392s][info][gc,metaspace] GC(7104) Metaspace: 524847K(534208K)->524847K(534208K) NonClass: 460882K(465472K)->460882K(465472K) Class: 63964K(68736K)->63964K(68736K)
[2025-01-09T02:01:28.026+0000][192958.392s][info][gc          ] GC(7104) Pause Young (Mixed) (G1 Evacuation Pause) 2838M->2284M(12288M) 68.726ms
[2025-01-09T02:01:28.026+0000][192958.392s][info][gc,cpu      ] GC(7104) User=0.40s Sys=0.00s Real=0.07s
[2025-01-09T02:01:39.118+0000][192969.485s][info][gc,start    ] GC(7105) Pause Young (Normal) (G1 Evacuation Pause)
[2025-01-09T02:01:39.118+0000][192969.485s][info][gc,task     ] GC(7105) Using 6 workers of 6 for evacuation
[2025-01-09T02:01:39.150+0000][192969.516s][info][gc,phases   ] GC(7105)   Pre Evacuate Collection Set: 0.2ms
[2025-01-09T02:01:39.150+0000][192969.516s][info][gc,phases   ] GC(7105)   Merge Heap Roots: 0.5ms
[2025-01-09T02:01:39.150+0000][192969.516s][info][gc,phases   ] GC(7105)   Evacuate Collection Set: 27.6ms
[2025-01-09T02:01:39.150+0000][192969.516s][info][gc,phases   ] GC(7105)   Post Evacuate Collection Set: 2.7ms
[2025-01-09T02:01:39.150+0000][192969.516s][info][gc,phases   ] GC(7105)   Other: 0.2ms
[2025-01-09T02:01:39.150+0000][192969.516s][info][gc,heap     ] GC(7105) Eden regions: 914->0(914)
[2025-01-09T02:01:39.150+0000][192969.516s][info][gc,heap     ] GC(7105) Survivor regions: 7->7(116)
[2025-01-09T02:01:39.150+0000][192969.516s][info][gc,heap     ] GC(7105) Old regions: 230->230
[2025-01-09T02:01:39.150+0000][192969.516s][info][gc,heap     ] GC(7105) Archive regions: 2->2
[2025-01-09T02:01:39.150+0000][192969.516s][info][gc,heap     ] GC(7105) Humongous regions: 49->49
[2025-01-09T02:01:39.150+0000][192969.516s][info][gc,metaspace] GC(7105) Metaspace: 524847K(534208K)->524847K(534208K) NonClass: 460882K(465472K)->460882K(465472K) Class: 63964K(68736K)->63964K(68736K)
[2025-01-09T02:01:39.150+0000][192969.516s][info][gc          ] GC(7105) Pause Young (Normal) (G1 Evacuation Pause) 9596M->2290M(12288M) 31.228ms
[2025-01-09T02:01:39.150+0000][192969.516s][info][gc,cpu      ] GC(7105) User=0.19s Sys=0.00s Real=0.04s
[2025-01-09T02:01:49.001+0000][192979.367s][info][gc,start    ] GC(7106) Pause Young (Normal) (G1 Evacuation Pause)
[2025-01-09T02:01:49.001+0000][192979.367s][info][gc,task     ] GC(7106) Using 6 workers of 6 for evacuation
[2025-01-09T02:01:49.037+0000][192979.403s][info][gc,phases   ] GC(7106)   Pre Evacuate Collection Set: 0.2ms
[2025-01-09T02:01:49.037+0000][192979.403s][info][gc,phases   ] GC(7106)   Merge Heap Roots: 0.5ms
[2025-01-09T02:01:49.037+0000][192979.403s][info][gc,phases   ] GC(7106)   Evacuate Collection Set: 32.5ms
[2025-01-09T02:01:49.037+0000][192979.403s][info][gc,phases   ] GC(7106)   Post Evacuate Collection Set: 2.8ms
[2025-01-09T02:01:49.037+0000][192979.403s][info][gc,phases   ] GC(7106)   Other: 0.2ms
[2025-01-09T02:01:49.037+0000][192979.403s][info][gc,heap     ] GC(7106) Eden regions: 914->0(913)
[2025-01-09T02:01:49.037+0000][192979.403s][info][gc,heap     ] GC(7106) Survivor regions: 7->8(116)
[2025-01-09T02:01:49.037+0000][192979.403s][info][gc,heap     ] GC(7106) Old regions: 230->230
[2025-01-09T02:01:49.037+0000][192979.403s][info][gc,heap     ] GC(7106) Archive regions: 2->2
[2025-01-09T02:01:49.037+0000][192979.403s][info][gc,heap     ] GC(7106) Humongous regions: 49->49
[2025-01-09T02:01:49.037+0000][192979.403s][info][gc,metaspace] GC(7106) Metaspace: 524847K(534208K)->524847K(534208K) NonClass: 460882K(465472K)->460882K(465472K) Class: 63964K(68736K)->63964K(68736K)
[2025-01-09T02:01:49.037+0000][192979.403s][info][gc          ] GC(7106) Pause Young (Normal) (G1 Evacuation Pause) 9602M->2297M(12288M) 36.222ms
[2025-01-09T02:01:49.037+0000][192979.403s][info][gc,cpu      ] GC(7106) User=0.21s Sys=0.00s Real=0.04s
[2025-01-09T02:01:58.219+0000][192988.585s][info][gc,start    ] GC(7107) Pause Young (Concurrent Start) (G1 Evacuation Pause)
[2025-01-09T02:01:58.219+0000][192988.585s][info][gc,task     ] GC(7107) Using 6 workers of 6 for evacuation
[2025-01-09T02:01:58.260+0000][192988.626s][info][gc,phases   ] GC(7107)   Pre Evacuate Collection Set: 1.2ms
[2025-01-09T02:01:58.260+0000][192988.626s][info][gc,phases   ] GC(7107)   Merge Heap Roots: 0.5ms
[2025-01-09T02:01:58.260+0000][192988.626s][info][gc,phases   ] GC(7107)   Evacuate Collection Set: 36.1ms
[2025-01-09T02:01:58.260+0000][192988.626s][info][gc,phases   ] GC(7107)   Post Evacuate Collection Set: 2.8ms
[2025-01-09T02:01:58.260+0000][192988.626s][info][gc,phases   ] GC(7107)   Other: 0.3ms
[2025-01-09T02:01:58.260+0000][192988.626s][info][gc,heap     ] GC(7107) Eden regions: 913->0(912)
[2025-01-09T02:01:58.260+0000][192988.626s][info][gc,heap     ] GC(7107) Survivor regions: 8->9(116)
[2025-01-09T02:01:58.260+0000][192988.626s][info][gc,heap     ] GC(7107) Old regions: 230->230
[2025-01-09T02:01:58.260+0000][192988.626s][info][gc,heap     ] GC(7107) Archive regions: 2->2
[2025-01-09T02:01:58.260+0000][192988.626s][info][gc,heap     ] GC(7107) Humongous regions: 49->49
[2025-01-09T02:01:58.260+0000][192988.626s][info][gc,metaspace] GC(7107) Metaspace: 524847K(534208K)->524847K(534208K) NonClass: 460882K(465472K)->460882K(465472K) Class: 63964K(68736K)->63964K(68736K)
[2025-01-09T02:01:58.260+0000][192988.626s][info][gc          ] GC(7107) Pause Young (Concurrent Start) (G1 Evacuation Pause) 9601M->2306M(12288M) 40.893ms
[2025-01-09T02:01:58.260+0000][192988.626s][info][gc,cpu      ] GC(7107) User=0.23s Sys=0.00s Real=0.04s
[2025-01-09T02:01:58.260+0000][192988.626s][info][gc          ] GC(7108) Concurrent Mark Cycle
[2025-01-09T02:01:58.260+0000][192988.626s][info][gc,marking  ] GC(7108) Concurrent Clear Claimed Marks
[2025-01-09T02:01:58.261+0000][192988.627s][info][gc,marking  ] GC(7108) Concurrent Clear Claimed Marks 0.926ms
[2025-01-09T02:01:58.261+0000][192988.627s][info][gc,marking  ] GC(7108) Concurrent Scan Root Regions
[2025-01-09T02:01:58.287+0000][192988.653s][info][gc,marking  ] GC(7108) Concurrent Scan Root Regions 25.908ms
[2025-01-09T02:01:58.287+0000][192988.653s][info][gc,marking  ] GC(7108) Concurrent Mark
[2025-01-09T02:01:58.287+0000][192988.653s][info][gc,marking  ] GC(7108) Concurrent Mark From Roots
[2025-01-09T02:01:58.287+0000][192988.653s][info][gc,task     ] GC(7108) Using 2 workers of 2 for marking
[2025-01-09T02:01:59.143+0000][192989.510s][info][gc,marking  ] GC(7108) Concurrent Mark From Roots 856.258ms
[2025-01-09T02:01:59.143+0000][192989.510s][info][gc,marking  ] GC(7108) Concurrent Preclean
[2025-01-09T02:01:59.146+0000][192989.512s][info][gc,marking  ] GC(7108) Concurrent Preclean 2.738ms
[2025-01-09T02:01:59.146+0000][192989.513s][info][gc,start    ] GC(7108) Pause Remark
[2025-01-09T02:01:59.175+0000][192989.541s][info][gc          ] GC(7108) Pause Remark 2978M->2978M(12288M) 28.549ms
[2025-01-09T02:01:59.175+0000][192989.541s][info][gc,cpu      ] GC(7108) User=0.16s Sys=0.00s Real=0.03s
[2025-01-09T02:01:59.175+0000][192989.541s][info][gc,marking  ] GC(7108) Concurrent Mark 888.048ms
[2025-01-09T02:01:59.175+0000][192989.541s][info][gc,marking  ] GC(7108) Concurrent Rebuild Remembered Sets
[2025-01-09T02:01:59.735+0000][192990.101s][info][gc,marking  ] GC(7108) Concurrent Rebuild Remembered Sets 559.777ms
[2025-01-09T02:01:59.735+0000][192990.102s][info][gc,start    ] GC(7108) Pause Cleanup
[2025-01-09T02:01:59.736+0000][192990.102s][info][gc          ] GC(7108) Pause Cleanup 3446M->3446M(12288M) 0.398ms
[2025-01-09T02:01:59.736+0000][192990.102s][info][gc,cpu      ] GC(7108) User=0.00s Sys=0.00s Real=0.00s
[2025-01-09T02:01:59.736+0000][192990.102s][info][gc,marking  ] GC(7108) Concurrent Cleanup for Next Mark
[2025-01-09T02:01:59.752+0000][192990.118s][info][gc,marking  ] GC(7108) Concurrent Cleanup for Next Mark 16.197ms
[2025-01-09T02:01:59.752+0000][192990.118s][info][gc          ] GC(7108) Concurrent Mark Cycle 1491.982ms
[2025-01-09T02:02:07.621+0000][192997.987s][info][gc,start    ] GC(7109) Pause Young (Prepare Mixed) (G1 Evacuation Pause)
[2025-01-09T02:02:07.621+0000][192997.987s][info][gc,task     ] GC(7109) Using 6 workers of 6 for evacuation
[2025-01-09T02:02:07.662+0000][192998.029s][info][gc,phases   ] GC(7109)   Pre Evacuate Collection Set: 0.2ms
[2025-01-09T02:02:07.662+0000][192998.029s][info][gc,phases   ] GC(7109)   Merge Heap Roots: 0.7ms
[2025-01-09T02:02:07.662+0000][192998.029s][info][gc,phases   ] GC(7109)   Evacuate Collection Set: 37.1ms
[2025-01-09T02:02:07.662+0000][192998.029s][info][gc,phases   ] GC(7109)   Post Evacuate Collection Set: 2.8ms
[2025-01-09T02:02:07.662+0000][192998.029s][info][gc,phases   ] GC(7109)   Other: 0.2ms
[2025-01-09T02:02:07.662+0000][192998.029s][info][gc,heap     ] GC(7109) Eden regions: 912->0(65)
[2025-01-09T02:02:07.662+0000][192998.029s][info][gc,heap     ] GC(7109) Survivor regions: 9->11(116)
[2025-01-09T02:02:07.662+0000][192998.029s][info][gc,heap     ] GC(7109) Old regions: 230->230
[2025-01-09T02:02:07.662+0000][192998.029s][info][gc,heap     ] GC(7109) Archive regions: 2->2
[2025-01-09T02:02:07.662+0000][192998.029s][info][gc,heap     ] GC(7109) Humongous regions: 49->49
[2025-01-09T02:02:07.662+0000][192998.029s][info][gc,metaspace] GC(7109) Metaspace: 524847K(534208K)->524847K(534208K) NonClass: 460882K(465472K)->460882K(465472K) Class: 63964K(68736K)->63964K(68736K)
[2025-01-09T02:02:07.663+0000][192998.029s][info][gc          ] GC(7109) Pause Young (Prepare Mixed) (G1 Evacuation Pause) 9602M->2318M(12288M) 41.161ms
[2025-01-09T02:02:07.663+0000][192998.029s][info][gc,cpu      ] GC(7109) User=0.24s Sys=0.00s Real=0.05s
[2025-01-09T02:02:08.380+0000][192998.746s][info][gc,start    ] GC(7110) Pause Young (Mixed) (G1 Evacuation Pause)
[2025-01-09T02:02:08.380+0000][192998.746s][info][gc,task     ] GC(7110) Using 6 workers of 6 for evacuation
[2025-01-09T02:02:08.457+0000][192998.823s][info][gc,phases   ] GC(7110)   Pre Evacuate Collection Set: 0.2ms
[2025-01-09T02:02:08.457+0000][192998.823s][info][gc,phases   ] GC(7110)   Merge Heap Roots: 0.7ms
[2025-01-09T02:02:08.457+0000][192998.823s][info][gc,phases   ] GC(7110)   Evacuate Collection Set: 73.6ms
[2025-01-09T02:02:08.457+0000][192998.823s][info][gc,phases   ] GC(7110)   Post Evacuate Collection Set: 2.2ms
[2025-01-09T02:02:08.457+0000][192998.823s][info][gc,phases   ] GC(7110)   Other: 0.2ms
[2025-01-09T02:02:08.457+0000][192998.823s][info][gc,heap     ] GC(7110) Eden regions: 65->0(916)
[2025-01-09T02:02:08.457+0000][192998.823s][info][gc,heap     ] GC(7110) Survivor regions: 11->5(10)
[2025-01-09T02:02:08.457+0000][192998.823s][info][gc,heap     ] GC(7110) Old regions: 230->232
[2025-01-09T02:02:08.457+0000][192998.823s][info][gc,heap     ] GC(7110) Archive regions: 2->2
[2025-01-09T02:02:08.457+0000][192998.823s][info][gc,heap     ] GC(7110) Humongous regions: 49->49
[2025-01-09T02:02:08.457+0000][192998.823s][info][gc,metaspace] GC(7110) Metaspace: 524847K(534208K)->524847K(534208K) NonClass: 460882K(465472K)->460882K(465472K) Class: 63964K(68736K)->63964K(68736K)
[2025-01-09T02:02:08.457+0000][192998.823s][info][gc          ] GC(7110) Pause Young (Mixed) (G1 Evacuation Pause) 2838M->2289M(12288M) 76.934ms
[2025-01-09T02:02:08.457+0000][192998.823s][info][gc,cpu      ] GC(7110) User=0.43s Sys=0.00s Real=0.08s
[2025-01-09T02:02:14.921+0000][193005.287s][info][gc,start    ] GC(7111) Pause Young (Normal) (G1 Evacuation Pause)
[2025-01-09T02:02:14.921+0000][193005.287s][info][gc,task     ] GC(7111) Using 6 workers of 6 for evacuation
[2025-01-09T02:02:14.952+0000][193005.318s][info][gc,phases   ] GC(7111)   Pre Evacuate Collection Set: 0.2ms
[2025-01-09T02:02:14.952+0000][193005.318s][info][gc,phases   ] GC(7111)   Merge Heap Roots: 0.5ms
[2025-01-09T02:02:14.952+0000][193005.318s][info][gc,phases   ] GC(7111)   Evacuate Collection Set: 27.1ms
[2025-01-09T02:02:14.952+0000][193005.318s][info][gc,phases   ] GC(7111)   Post Evacuate Collection Set: 2.6ms
[2025-01-09T02:02:14.952+0000][193005.318s][info][gc,phases   ] GC(7111)   Other: 0.2ms
[2025-01-09T02:02:14.952+0000][193005.318s][info][gc,heap     ] GC(7111) Eden regions: 916->0(914)
[2025-01-09T02:02:14.952+0000][193005.318s][info][gc,heap     ] GC(7111) Survivor regions: 5->7(116)
[2025-01-09T02:02:14.952+0000][193005.318s][info][gc,heap     ] GC(7111) Old regions: 232->232
[2025-01-09T02:02:14.952+0000][193005.318s][info][gc,heap     ] GC(7111) Archive regions: 2->2
[2025-01-09T02:02:14.952+0000][193005.318s][info][gc,heap     ] GC(7111) Humongous regions: 49->49
[2025-01-09T02:02:14.952+0000][193005.318s][info][gc,metaspace] GC(7111) Metaspace: 524847K(534208K)->524847K(534208K) NonClass: 460882K(465472K)->460882K(465472K) Class: 63964K(68736K)->63964K(68736K)
[2025-01-09T02:02:14.952+0000][193005.318s][info][gc          ] GC(7111) Pause Young (Normal) (G1 Evacuation Pause) 9617M->2303M(12288M) 30.657ms
[2025-01-09T02:02:14.952+0000][193005.318s][info][gc,cpu      ] GC(7111) User=0.18s Sys=0.00s Real=0.04s
[2025-01-09T02:02:24.357+0000][193014.723s][info][gc,start    ] GC(7112) Pause Young (Normal) (G1 Evacuation Pause)
[2025-01-09T02:02:24.357+0000][193014.723s][info][gc,task     ] GC(7112) Using 6 workers of 6 for evacuation
[2025-01-09T02:02:24.389+0000][193014.755s][info][gc,phases   ] GC(7112)   Pre Evacuate Collection Set: 0.2ms
[2025-01-09T02:02:24.389+0000][193014.755s][info][gc,phases   ] GC(7112)   Merge Heap Roots: 0.4ms
[2025-01-09T02:02:24.389+0000][193014.755s][info][gc,phases   ] GC(7112)   Evacuate Collection Set: 28.3ms
[2025-01-09T02:02:24.389+0000][193014.755s][info][gc,phases   ] GC(7112)   Post Evacuate Collection Set: 2.5ms
[2025-01-09T02:02:24.389+0000][193014.755s][info][gc,phases   ] GC(7112)   Other: 0.2ms
[2025-01-09T02:02:24.389+0000][193014.755s][info][gc,heap     ] GC(7112) Eden regions: 914->0(914)
[2025-01-09T02:02:24.389+0000][193014.755s][info][gc,heap     ] GC(7112) Survivor regions: 7->7(116)
[2025-01-09T02:02:24.389+0000][193014.755s][info][gc,heap     ] GC(7112) Old regions: 232->232
[2025-01-09T02:02:24.389+0000][193014.755s][info][gc,heap     ] GC(7112) Archive regions: 2->2
[2025-01-09T02:02:24.389+0000][193014.755s][info][gc,heap     ] GC(7112) Humongous regions: 49->49
[2025-01-09T02:02:24.389+0000][193014.755s][info][gc,metaspace] GC(7112) Metaspace: 524849K(534208K)->524849K(534208K) NonClass: 460884K(465472K)->460884K(465472K) Class: 63964K(68736K)->63964K(68736K)
[2025-01-09T02:02:24.389+0000][193014.755s][info][gc          ] GC(7112) Pause Young (Normal) (G1 Evacuation Pause) 9615M->2304M(12288M) 31.690ms
[2025-01-09T02:02:24.389+0000][193014.755s][info][gc,cpu      ] GC(7112) User=0.18s Sys=0.00s Real=0.03s
[2025-01-09T02:02:32.481+0000][193022.847s][info][gc,start    ] GC(7113) Pause Young (Concurrent Start) (G1 Evacuation Pause)
[2025-01-09T02:02:32.481+0000][193022.847s][info][gc,task     ] GC(7113) Using 6 workers of 6 for evacuation
[2025-01-09T02:02:32.516+0000][193022.882s][info][gc,phases   ] GC(7113)   Pre Evacuate Collection Set: 1.2ms
[2025-01-09T02:02:32.516+0000][193022.882s][info][gc,phases   ] GC(7113)   Merge Heap Roots: 0.5ms
[2025-01-09T02:02:32.516+0000][193022.882s][info][gc,phases   ] GC(7113)   Evacuate Collection Set: 29.6ms
[2025-01-09T02:02:32.516+0000][193022.882s][info][gc,phases   ] GC(7113)   Post Evacuate Collection Set: 2.6ms
[2025-01-09T02:02:32.516+0000][193022.882s][info][gc,phases   ] GC(7113)   Other: 0.3ms
[2025-01-09T02:02:32.516+0000][193022.882s][info][gc,heap     ] GC(7113) Eden regions: 914->0(913)
[2025-01-09T02:02:32.516+0000][193022.882s][info][gc,heap     ] GC(7113) Survivor regions: 7->8(116)
[2025-01-09T02:02:32.516+0000][193022.882s][info][gc,heap     ] GC(7113) Old regions: 232->232
[2025-01-09T02:02:32.516+0000][193022.882s][info][gc,heap     ] GC(7113) Archive regions: 2->2
[2025-01-09T02:02:32.516+0000][193022.882s][info][gc,heap     ] GC(7113) Humongous regions: 49->49
[2025-01-09T02:02:32.516+0000][193022.882s][info][gc,metaspace] GC(7113) Metaspace: 524849K(534208K)->524849K(534208K) NonClass: 460884K(465472K)->460884K(465472K) Class: 63964K(68736K)->63964K(68736K)
[2025-01-09T02:02:32.516+0000][193022.882s][info][gc          ] GC(7113) Pause Young (Concurrent Start) (G1 Evacuation Pause) 9616M->2313M(12288M) 34.287ms
[2025-01-09T02:02:32.516+0000][193022.882s][info][gc,cpu      ] GC(7113) User=0.20s Sys=0.00s Real=0.04s
[2025-01-09T02:02:32.516+0000][193022.882s][info][gc          ] GC(7114) Concurrent Mark Cycle
[2025-01-09T02:02:32.516+0000][193022.882s][info][gc,marking  ] GC(7114) Concurrent Clear Claimed Marks
[2025-01-09T02:02:32.517+0000][193022.883s][info][gc,marking  ] GC(7114) Concurrent Clear Claimed Marks 0.980ms
[2025-01-09T02:02:32.517+0000][193022.883s][info][gc,marking  ] GC(7114) Concurrent Scan Root Regions
[2025-01-09T02:02:32.537+0000][193022.903s][info][gc,marking  ] GC(7114) Concurrent Scan Root Regions 20.496ms
[2025-01-09T02:02:32.537+0000][193022.903s][info][gc,marking  ] GC(7114) Concurrent Mark
[2025-01-09T02:02:32.537+0000][193022.903s][info][gc,marking  ] GC(7114) Concurrent Mark From Roots
[2025-01-09T02:02:32.537+0000][193022.903s][info][gc,task     ] GC(7114) Using 2 workers of 2 for marking
[2025-01-09T02:02:33.442+0000][193023.808s][info][gc,marking  ] GC(7114) Concurrent Mark From Roots 904.609ms
[2025-01-09T02:02:33.442+0000][193023.808s][info][gc,marking  ] GC(7114) Concurrent Preclean
[2025-01-09T02:02:33.445+0000][193023.811s][info][gc,marking  ] GC(7114) Concurrent Preclean 2.664ms
[2025-01-09T02:02:33.445+0000][193023.811s][info][gc,start    ] GC(7114) Pause Remark
[2025-01-09T02:02:33.471+0000][193023.837s][info][gc          ] GC(7114) Pause Remark 2997M->2997M(12288M) 25.912ms
[2025-01-09T02:02:33.471+0000][193023.837s][info][gc,cpu      ] GC(7114) User=0.15s Sys=0.00s Real=0.03s
[2025-01-09T02:02:33.471+0000][193023.837s][info][gc,marking  ] GC(7114) Concurrent Mark 933.638ms
[2025-01-09T02:02:33.471+0000][193023.837s][info][gc,marking  ] GC(7114) Concurrent Rebuild Remembered Sets
[2025-01-09T02:02:34.124+0000][193024.491s][info][gc,marking  ] GC(7114) Concurrent Rebuild Remembered Sets 653.507ms
[2025-01-09T02:02:34.125+0000][193024.491s][info][gc,start    ] GC(7114) Pause Cleanup
[2025-01-09T02:02:34.125+0000][193024.491s][info][gc          ] GC(7114) Pause Cleanup 3818M->3818M(12288M) 0.415ms
[2025-01-09T02:02:34.125+0000][193024.491s][info][gc,cpu      ] GC(7114) User=0.00s Sys=0.00s Real=0.00s
[2025-01-09T02:02:34.125+0000][193024.491s][info][gc,marking  ] GC(7114) Concurrent Cleanup for Next Mark
[2025-01-09T02:02:34.154+0000][193024.520s][info][gc,marking  ] GC(7114) Concurrent Cleanup for Next Mark 28.362ms
[2025-01-09T02:02:34.154+0000][193024.520s][info][gc          ] GC(7114) Concurrent Mark Cycle 1637.839ms
[2025-01-09T02:02:39.561+0000][193029.927s][info][gc,start    ] GC(7115) Pause Young (Prepare Mixed) (G1 Evacuation Pause)
[2025-01-09T02:02:39.561+0000][193029.927s][info][gc,task     ] GC(7115) Using 6 workers of 6 for evacuation
[2025-01-09T02:02:39.597+0000][193029.963s][info][gc,phases   ] GC(7115)   Pre Evacuate Collection Set: 0.2ms
[2025-01-09T02:02:39.597+0000][193029.963s][info][gc,phases   ] GC(7115)   Merge Heap Roots: 0.7ms
[2025-01-09T02:02:39.597+0000][193029.964s][info][gc,phases   ] GC(7115)   Evacuate Collection Set: 32.8ms
[2025-01-09T02:02:39.597+0000][193029.964s][info][gc,phases   ] GC(7115)   Post Evacuate Collection Set: 2.6ms
[2025-01-09T02:02:39.597+0000][193029.964s][info][gc,phases   ] GC(7115)   Other: 0.2ms
[2025-01-09T02:02:39.597+0000][193029.964s][info][gc,heap     ] GC(7115) Eden regions: 913->0(66)
[2025-01-09T02:02:39.597+0000][193029.964s][info][gc,heap     ] GC(7115) Survivor regions: 8->10(116)
[2025-01-09T02:02:39.597+0000][193029.964s][info][gc,heap     ] GC(7115) Old regions: 232->232
[2025-01-09T02:02:39.597+0000][193029.964s][info][gc,heap     ] GC(7115) Archive regions: 2->2
[2025-01-09T02:02:39.597+0000][193029.964s][info][gc,heap     ] GC(7115) Humongous regions: 49->49
[2025-01-09T02:02:39.597+0000][193029.964s][info][gc,metaspace] GC(7115) Metaspace: 524849K(534208K)->524849K(534208K) NonClass: 460884K(465472K)->460884K(465472K) Class: 63964K(68736K)->63964K(68736K)
[2025-01-09T02:02:39.598+0000][193029.964s][info][gc          ] GC(7115) Pause Young (Prepare Mixed) (G1 Evacuation Pause) 9617M->2323M(12288M) 36.628ms
[2025-01-09T02:02:39.598+0000][193029.964s][info][gc,cpu      ] GC(7115) User=0.21s Sys=0.00s Real=0.04s
[2025-01-09T02:02:39.868+0000][193030.234s][info][gc,start    ] GC(7116) Pause Young (Mixed) (G1 Evacuation Pause)
[2025-01-09T02:02:39.868+0000][193030.234s][info][gc,task     ] GC(7116) Using 6 workers of 6 for evacuation
[2025-01-09T02:02:39.915+0000][193030.282s][info][gc,phases   ] GC(7116)   Pre Evacuate Collection Set: 0.2ms
[2025-01-09T02:02:39.915+0000][193030.282s][info][gc,phases   ] GC(7116)   Merge Heap Roots: 0.4ms
[2025-01-09T02:02:39.915+0000][193030.282s][info][gc,phases   ] GC(7116)   Evacuate Collection Set: 45.3ms
[2025-01-09T02:02:39.915+0000][193030.282s][info][gc,phases   ] GC(7116)   Post Evacuate Collection Set: 1.5ms
[2025-01-09T02:02:39.915+0000][193030.282s][info][gc,phases   ] GC(7116)   Other: 0.2ms
[2025-01-09T02:02:39.915+0000][193030.282s][info][gc,heap     ] GC(7116) Eden regions: 66->0(915)
[2025-01-09T02:02:39.915+0000][193030.282s][info][gc,heap     ] GC(7116) Survivor regions: 10->6(10)
[2025-01-09T02:02:39.915+0000][193030.282s][info][gc,heap     ] GC(7116) Old regions: 232->231
[2025-01-09T02:02:39.915+0000][193030.282s][info][gc,heap     ] GC(7116) Archive regions: 2->2
[2025-01-09T02:02:39.915+0000][193030.282s][info][gc,heap     ] GC(7116) Humongous regions: 49->49
[2025-01-09T02:02:39.915+0000][193030.282s][info][gc,metaspace] GC(7116) Metaspace: 524849K(534208K)->524849K(534208K) NonClass: 460884K(465472K)->460884K(465472K) Class: 63964K(68736K)->63964K(68736K)
[2025-01-09T02:02:39.916+0000][193030.282s][info][gc          ] GC(7116) Pause Young (Mixed) (G1 Evacuation Pause) 2851M->2283M(12288M) 47.689ms
[2025-01-09T02:02:39.916+0000][193030.282s][info][gc,cpu      ] GC(7116) User=0.28s Sys=0.00s Real=0.05s
[2025-01-09T02:02:47.774+0000][193038.140s][info][gc,start    ] GC(7117) Pause Young (Normal) (G1 Evacuation Pause)
[2025-01-09T02:02:47.793+0000][193038.159s][info][gc,task     ] GC(7117) Using 6 workers of 6 for evacuation
[2025-01-09T02:02:47.821+0000][193038.187s][info][gc,phases   ] GC(7117)   Pre Evacuate Collection Set: 0.2ms
[2025-01-09T02:02:47.821+0000][193038.187s][info][gc,phases   ] GC(7117)   Merge Heap Roots: 0.4ms
[2025-01-09T02:02:47.821+0000][193038.187s][info][gc,phases   ] GC(7117)   Evacuate Collection Set: 24.6ms
[2025-01-09T02:02:47.821+0000][193038.187s][info][gc,phases   ] GC(7117)   Post Evacuate Collection Set: 2.6ms
[2025-01-09T02:02:47.821+0000][193038.187s][info][gc,phases   ] GC(7117)   Other: 19.1ms
[2025-01-09T02:02:47.821+0000][193038.187s][info][gc,heap     ] GC(7117) Eden regions: 915->0(915)
[2025-01-09T02:02:47.821+0000][193038.187s][info][gc,heap     ] GC(7117) Survivor regions: 6->6(116)
[2025-01-09T02:02:47.821+0000][193038.187s][info][gc,heap     ] GC(7117) Old regions: 231->231
[2025-01-09T02:02:47.821+0000][193038.187s][info][gc,heap     ] GC(7117) Archive regions: 2->2
[2025-01-09T02:02:47.821+0000][193038.187s][info][gc,heap     ] GC(7117) Humongous regions: 49->49
[2025-01-09T02:02:47.821+0000][193038.187s][info][gc,metaspace] GC(7117) Metaspace: 524849K(534208K)->524849K(534208K) NonClass: 460884K(465472K)->460884K(465472K) Class: 63964K(68736K)->63964K(68736K)
[2025-01-09T02:02:47.821+0000][193038.187s][info][gc          ] GC(7117) Pause Young (Normal) (G1 Evacuation Pause) 9603M->2289M(12288M) 47.001ms
[2025-01-09T02:02:47.821+0000][193038.187s][info][gc,cpu      ] GC(7117) User=0.16s Sys=0.00s Real=0.04s
[2025-01-09T02:02:57.635+0000][193048.001s][info][gc,start    ] GC(7118) Pause Young (Normal) (G1 Evacuation Pause)
[2025-01-09T02:02:57.635+0000][193048.001s][info][gc,task     ] GC(7118) Using 6 workers of 6 for evacuation
[2025-01-09T02:02:57.663+0000][193048.029s][info][gc,phases   ] GC(7118)   Pre Evacuate Collection Set: 0.2ms
[2025-01-09T02:02:57.663+0000][193048.029s][info][gc,phases   ] GC(7118)   Merge Heap Roots: 0.4ms
[2025-01-09T02:02:57.663+0000][193048.029s][info][gc,phases   ] GC(7118)   Evacuate Collection Set: 24.8ms
[2025-01-09T02:02:57.663+0000][193048.029s][info][gc,phases   ] GC(7118)   Post Evacuate Collection Set: 2.7ms
[2025-01-09T02:02:57.663+0000][193048.029s][info][gc,phases   ] GC(7118)   Other: 0.2ms
[2025-01-09T02:02:57.663+0000][193048.029s][info][gc,heap     ] GC(7118) Eden regions: 915->0(914)
[2025-01-09T02:02:57.663+0000][193048.029s][info][gc,heap     ] GC(7118) Survivor regions: 6->7(116)
[2025-01-09T02:02:57.663+0000][193048.029s][info][gc,heap     ] GC(7118) Old regions: 231->231
[2025-01-09T02:02:57.663+0000][193048.029s][info][gc,heap     ] GC(7118) Archive regions: 2->2
[2025-01-09T02:02:57.663+0000][193048.029s][info][gc,heap     ] GC(7118) Humongous regions: 49->49
[2025-01-09T02:02:57.663+0000][193048.029s][info][gc,metaspace] GC(7118) Metaspace: 524849K(534208K)->524849K(534208K) NonClass: 460884K(465472K)->460884K(465472K) Class: 63964K(68736K)->63964K(68736K)
[2025-01-09T02:02:57.663+0000][193048.029s][info][gc          ] GC(7118) Pause Young (Normal) (G1 Evacuation Pause) 9609M->2293M(12288M) 28.389ms
[2025-01-09T02:02:57.663+0000][193048.029s][info][gc,cpu      ] GC(7118) User=0.17s Sys=0.00s Real=0.03s
[2025-01-09T02:03:04.089+0000][193054.455s][info][gc,start    ] GC(7119) Pause Young (Concurrent Start) (GCLocker Initiated GC)
[2025-01-09T02:03:04.089+0000][193054.455s][info][gc,task     ] GC(7119) Using 6 workers of 6 for evacuation
[2025-01-09T02:03:04.127+0000][193054.493s][info][gc,phases   ] GC(7119)   Pre Evacuate Collection Set: 1.1ms
[2025-01-09T02:03:04.127+0000][193054.493s][info][gc,phases   ] GC(7119)   Merge Heap Roots: 0.5ms
[2025-01-09T02:03:04.127+0000][193054.493s][info][gc,phases   ] GC(7119)   Evacuate Collection Set: 33.6ms
[2025-01-09T02:03:04.127+0000][193054.493s][info][gc,phases   ] GC(7119)   Post Evacuate Collection Set: 2.5ms
[2025-01-09T02:03:04.127+0000][193054.493s][info][gc,phases   ] GC(7119)   Other: 0.3ms
[2025-01-09T02:03:04.127+0000][193054.493s][info][gc,heap     ] GC(7119) Eden regions: 915->0(912)
[2025-01-09T02:03:04.127+0000][193054.493s][info][gc,heap     ] GC(7119) Survivor regions: 7->9(116)
[2025-01-09T02:03:04.127+0000][193054.493s][info][gc,heap     ] GC(7119) Old regions: 231->231
[2025-01-09T02:03:04.127+0000][193054.493s][info][gc,heap     ] GC(7119) Archive regions: 2->2
[2025-01-09T02:03:04.127+0000][193054.493s][info][gc,heap     ] GC(7119) Humongous regions: 49->49
[2025-01-09T02:03:04.127+0000][193054.493s][info][gc,metaspace] GC(7119) Metaspace: 524849K(534208K)->524849K(534208K) NonClass: 460884K(465472K)->460884K(465472K) Class: 63964K(68736K)->63964K(68736K)
[2025-01-09T02:03:04.127+0000][193054.493s][info][gc          ] GC(7119) Pause Young (Concurrent Start) (GCLocker Initiated GC) 9610M->2313M(12288M) 38.125ms
[2025-01-09T02:03:04.127+0000][193054.493s][info][gc,cpu      ] GC(7119) User=0.22s Sys=0.00s Real=0.04s
[2025-01-09T02:03:04.127+0000][193054.493s][info][gc          ] GC(7120) Concurrent Mark Cycle
[2025-01-09T02:03:04.127+0000][193054.493s][info][gc,marking  ] GC(7120) Concurrent Clear Claimed Marks
[2025-01-09T02:03:04.128+0000][193054.494s][info][gc,marking  ] GC(7120) Concurrent Clear Claimed Marks 0.945ms
[2025-01-09T02:03:04.128+0000][193054.494s][info][gc,marking  ] GC(7120) Concurrent Scan Root Regions
[2025-01-09T02:03:04.159+0000][193054.525s][info][gc,marking  ] GC(7120) Concurrent Scan Root Regions 31.362ms
[2025-01-09T02:03:04.159+0000][193054.526s][info][gc,marking  ] GC(7120) Concurrent Mark
[2025-01-09T02:03:04.159+0000][193054.526s][info][gc,marking  ] GC(7120) Concurrent Mark From Roots
[2025-01-09T02:03:04.159+0000][193054.526s][info][gc,task     ] GC(7120) Using 2 workers of 2 for marking
[2025-01-09T02:03:05.086+0000][193055.452s][info][gc,marking  ] GC(7120) Concurrent Mark From Roots 926.340ms
[2025-01-09T02:03:05.086+0000][193055.452s][info][gc,marking  ] GC(7120) Concurrent Preclean
[2025-01-09T02:03:05.089+0000][193055.455s][info][gc,marking  ] GC(7120) Concurrent Preclean 2.745ms
[2025-01-09T02:03:05.089+0000][193055.455s][info][gc,start    ] GC(7120) Pause Remark
[2025-01-09T02:03:05.115+0000][193055.481s][info][gc          ] GC(7120) Pause Remark 3359M->3359M(12288M) 26.397ms
[2025-01-09T02:03:05.115+0000][193055.481s][info][gc,cpu      ] GC(7120) User=0.15s Sys=0.00s Real=0.03s
[2025-01-09T02:03:05.115+0000][193055.481s][info][gc,marking  ] GC(7120) Concurrent Mark 955.818ms
[2025-01-09T02:03:05.115+0000][193055.481s][info][gc,marking  ] GC(7120) Concurrent Rebuild Remembered Sets
[2025-01-09T02:03:05.753+0000][193056.119s][info][gc,marking  ] GC(7120) Concurrent Rebuild Remembered Sets 637.592ms
[2025-01-09T02:03:05.753+0000][193056.119s][info][gc,start    ] GC(7120) Pause Cleanup
[2025-01-09T02:03:05.754+0000][193056.120s][info][gc          ] GC(7120) Pause Cleanup 3873M->3873M(12288M) 0.479ms
[2025-01-09T02:03:05.754+0000][193056.120s][info][gc,cpu      ] GC(7120) User=0.00s Sys=0.00s Real=0.00s
[2025-01-09T02:03:05.754+0000][193056.120s][info][gc,marking  ] GC(7120) Concurrent Cleanup for Next Mark
[2025-01-09T02:03:05.771+0000][193056.137s][info][gc,marking  ] GC(7120) Concurrent Cleanup for Next Mark 16.889ms
[2025-01-09T02:03:05.771+0000][193056.137s][info][gc          ] GC(7120) Concurrent Mark Cycle 1643.563ms
[2025-01-09T02:03:09.612+0000][193059.978s][info][gc,start    ] GC(7121) Pause Young (Prepare Mixed) (GCLocker Initiated GC)
[2025-01-09T02:03:09.612+0000][193059.978s][info][gc,task     ] GC(7121) Using 6 workers of 6 for evacuation
[2025-01-09T02:03:09.661+0000][193060.027s][info][gc,phases   ] GC(7121)   Pre Evacuate Collection Set: 0.2ms
[2025-01-09T02:03:09.661+0000][193060.027s][info][gc,phases   ] GC(7121)   Merge Heap Roots: 0.7ms
[2025-01-09T02:03:09.661+0000][193060.027s][info][gc,phases   ] GC(7121)   Evacuate Collection Set: 32.4ms
[2025-01-09T02:03:09.661+0000][193060.027s][info][gc,phases   ] GC(7121)   Post Evacuate Collection Set: 14.8ms
[2025-01-09T02:03:09.661+0000][193060.027s][info][gc,phases   ] GC(7121)   Other: 0.2ms
[2025-01-09T02:03:09.661+0000][193060.027s][info][gc,heap     ] GC(7121) Eden regions: 913->0(61)
[2025-01-09T02:03:09.661+0000][193060.027s][info][gc,heap     ] GC(7121) Survivor regions: 9->15(116)
[2025-01-09T02:03:09.661+0000][193060.027s][info][gc,heap     ] GC(7121) Old regions: 231->231
[2025-01-09T02:03:09.661+0000][193060.027s][info][gc,heap     ] GC(7121) Archive regions: 2->2
[2025-01-09T02:03:09.661+0000][193060.027s][info][gc,heap     ] GC(7121) Humongous regions: 49->49
[2025-01-09T02:03:09.661+0000][193060.027s][info][gc,metaspace] GC(7121) Metaspace: 524849K(534208K)->524849K(534208K) NonClass: 460884K(465472K)->460884K(465472K) Class: 63964K(68736K)->63964K(68736K)
[2025-01-09T02:03:09.661+0000][193060.027s][info][gc          ] GC(7121) Pause Young (Prepare Mixed) (GCLocker Initiated GC) 9613M->2356M(12288M) 48.392ms
[2025-01-09T02:03:09.661+0000][193060.027s][info][gc,cpu      ] GC(7121) User=0.28s Sys=0.00s Real=0.04s
[2025-01-09T02:03:09.974+0000][193060.340s][info][gc,start    ] GC(7122) Pause Young (Mixed) (GCLocker Initiated GC)
[2025-01-09T02:03:09.974+0000][193060.340s][info][gc,task     ] GC(7122) Using 6 workers of 6 for evacuation
[2025-01-09T02:03:10.029+0000][193060.395s][info][gc,phases   ] GC(7122)   Pre Evacuate Collection Set: 0.2ms
[2025-01-09T02:03:10.029+0000][193060.395s][info][gc,phases   ] GC(7122)   Merge Heap Roots: 0.5ms
[2025-01-09T02:03:10.029+0000][193060.395s][info][gc,phases   ] GC(7122)   Evacuate Collection Set: 52.2ms
[2025-01-09T02:03:10.029+0000][193060.395s][info][gc,phases   ] GC(7122)   Post Evacuate Collection Set: 1.7ms
[2025-01-09T02:03:10.029+0000][193060.395s][info][gc,phases   ] GC(7122)   Other: 0.2ms
[2025-01-09T02:03:10.029+0000][193060.395s][info][gc,heap     ] GC(7122) Eden regions: 62->0(919)
[2025-01-09T02:03:10.029+0000][193060.395s][info][gc,heap     ] GC(7122) Survivor regions: 15->2(10)
[2025-01-09T02:03:10.029+0000][193060.395s][info][gc,heap     ] GC(7122) Old regions: 231->233
[2025-01-09T02:03:10.029+0000][193060.395s][info][gc,heap     ] GC(7122) Archive regions: 2->2
[2025-01-09T02:03:10.029+0000][193060.395s][info][gc,heap     ] GC(7122) Humongous regions: 49->49
[2025-01-09T02:03:10.029+0000][193060.395s][info][gc,metaspace] GC(7122) Metaspace: 524849K(534208K)->524849K(534208K) NonClass: 460884K(465472K)->460884K(465472K) Class: 63964K(68736K)->63964K(68736K)
[2025-01-09T02:03:10.029+0000][193060.395s][info][gc          ] GC(7122) Pause Young (Mixed) (GCLocker Initiated GC) 2844M->2272M(12288M) 54.880ms
[2025-01-09T02:03:10.029+0000][193060.395s][info][gc,cpu      ] GC(7122) User=0.32s Sys=0.00s Real=0.05s
[2025-01-09T02:03:17.429+0000][193067.795s][info][gc,start    ] GC(7123) Pause Young (Normal) (GCLocker Initiated GC)
[2025-01-09T02:03:17.429+0000][193067.795s][info][gc,task     ] GC(7123) Using 6 workers of 6 for evacuation
[2025-01-09T02:03:17.451+0000][193067.817s][info][gc,phases   ] GC(7123)   Pre Evacuate Collection Set: 0.2ms
[2025-01-09T02:03:17.451+0000][193067.817s][info][gc,phases   ] GC(7123)   Merge Heap Roots: 0.4ms
[2025-01-09T02:03:17.451+0000][193067.817s][info][gc,phases   ] GC(7123)   Evacuate Collection Set: 15.8ms
[2025-01-09T02:03:17.451+0000][193067.817s][info][gc,phases   ] GC(7123)   Post Evacuate Collection Set: 5.4ms
[2025-01-09T02:03:17.451+0000][193067.817s][info][gc,phases   ] GC(7123)   Other: 0.2ms
[2025-01-09T02:03:17.451+0000][193067.817s][info][gc,heap     ] GC(7123) Eden regions: 920->0(916)
[2025-01-09T02:03:17.451+0000][193067.817s][info][gc,heap     ] GC(7123) Survivor regions: 2->5(116)
[2025-01-09T02:03:17.451+0000][193067.817s][info][gc,heap     ] GC(7123) Old regions: 233->233
[2025-01-09T02:03:17.451+0000][193067.818s][info][gc,heap     ] GC(7123) Archive regions: 2->2
[2025-01-09T02:03:17.451+0000][193067.818s][info][gc,heap     ] GC(7123) Humongous regions: 49->49
[2025-01-09T02:03:17.451+0000][193067.818s][info][gc,metaspace] GC(7123) Metaspace: 524849K(534208K)->524849K(534208K) NonClass: 460884K(465472K)->460884K(465472K) Class: 63964K(68736K)->63964K(68736K)
[2025-01-09T02:03:17.451+0000][193067.818s][info][gc          ] GC(7123) Pause Young (Normal) (GCLocker Initiated GC) 9632M->2294M(12288M) 22.092ms
[2025-01-09T02:03:17.451+0000][193067.818s][info][gc,cpu      ] GC(7123) User=0.12s Sys=0.01s Real=0.03s
[2025-01-09T02:03:25.236+0000][193075.602s][info][gc,start    ] GC(7124) Pause Young (Normal) (GCLocker Initiated GC)
[2025-01-09T02:03:25.236+0000][193075.602s][info][gc,task     ] GC(7124) Using 6 workers of 6 for evacuation
[2025-01-09T02:03:25.259+0000][193075.625s][info][gc,phases   ] GC(7124)   Pre Evacuate Collection Set: 0.2ms
[2025-01-09T02:03:25.259+0000][193075.625s][info][gc,phases   ] GC(7124)   Merge Heap Roots: 0.4ms
[2025-01-09T02:03:25.259+0000][193075.625s][info][gc,phases   ] GC(7124)   Evacuate Collection Set: 18.5ms
[2025-01-09T02:03:25.259+0000][193075.625s][info][gc,phases   ] GC(7124)   Post Evacuate Collection Set: 4.0ms
[2025-01-09T02:03:25.259+0000][193075.625s][info][gc,phases   ] GC(7124)   Other: 0.2ms
[2025-01-09T02:03:25.259+0000][193075.625s][info][gc,heap     ] GC(7124) Eden regions: 917->0(915)
[2025-01-09T02:03:25.259+0000][193075.625s][info][gc,heap     ] GC(7124) Survivor regions: 5->6(116)
[2025-01-09T02:03:25.259+0000][193075.625s][info][gc,heap     ] GC(7124) Old regions: 233->233
[2025-01-09T02:03:25.259+0000][193075.625s][info][gc,heap     ] GC(7124) Archive regions: 2->2
[2025-01-09T02:03:25.259+0000][193075.625s][info][gc,heap     ] GC(7124) Humongous regions: 49->49
[2025-01-09T02:03:25.259+0000][193075.625s][info][gc,metaspace] GC(7124) Metaspace: 524849K(534208K)->524849K(534208K) NonClass: 460884K(465472K)->460884K(465472K) Class: 63964K(68736K)->63964K(68736K)
[2025-01-09T02:03:25.259+0000][193075.625s][info][gc          ] GC(7124) Pause Young (Normal) (GCLocker Initiated GC) 9626M->2299M(12288M) 23.377ms
[2025-01-09T02:03:25.259+0000][193075.625s][info][gc,cpu      ] GC(7124) User=0.13s Sys=0.00s Real=0.02s
[2025-01-09T02:03:31.358+0000][193081.725s][info][gc,start    ] GC(7125) Pause Young (Concurrent Start) (GCLocker Initiated GC)
[2025-01-09T02:03:31.358+0000][193081.725s][info][gc,task     ] GC(7125) Using 6 workers of 6 for evacuation
[2025-01-09T02:03:31.385+0000][193081.751s][info][gc,phases   ] GC(7125)   Pre Evacuate Collection Set: 1.2ms
[2025-01-09T02:03:31.385+0000][193081.751s][info][gc,phases   ] GC(7125)   Merge Heap Roots: 0.4ms
[2025-01-09T02:03:31.385+0000][193081.751s][info][gc,phases   ] GC(7125)   Evacuate Collection Set: 22.0ms
[2025-01-09T02:03:31.385+0000][193081.751s][info][gc,phases   ] GC(7125)   Post Evacuate Collection Set: 2.4ms
[2025-01-09T02:03:31.385+0000][193081.751s][info][gc,phases   ] GC(7125)   Other: 0.3ms
[2025-01-09T02:03:31.385+0000][193081.751s][info][gc,heap     ] GC(7125) Eden regions: 916->0(915)
[2025-01-09T02:03:31.385+0000][193081.751s][info][gc,heap     ] GC(7125) Survivor regions: 6->6(116)
[2025-01-09T02:03:31.385+0000][193081.751s][info][gc,heap     ] GC(7125) Old regions: 233->233
[2025-01-09T02:03:31.385+0000][193081.751s][info][gc,heap     ] GC(7125) Archive regions: 2->2
[2025-01-09T02:03:31.385+0000][193081.751s][info][gc,heap     ] GC(7125) Humongous regions: 49->49
[2025-01-09T02:03:31.385+0000][193081.751s][info][gc,metaspace] GC(7125) Metaspace: 524849K(534208K)->524849K(534208K) NonClass: 460884K(465472K)->460884K(465472K) Class: 63964K(68736K)->63964K(68736K)
[2025-01-09T02:03:31.385+0000][193081.751s][info][gc          ] GC(7125) Pause Young (Concurrent Start) (GCLocker Initiated GC) 9623M->2301M(12288M) 26.351ms
[2025-01-09T02:03:31.385+0000][193081.751s][info][gc,cpu      ] GC(7125) User=0.15s Sys=0.01s Real=0.03s
[2025-01-09T02:03:31.385+0000][193081.751s][info][gc          ] GC(7126) Concurrent Mark Cycle
[2025-01-09T02:03:31.385+0000][193081.751s][info][gc,marking  ] GC(7126) Concurrent Clear Claimed Marks
[2025-01-09T02:03:31.386+0000][193081.752s][info][gc,marking  ] GC(7126) Concurrent Clear Claimed Marks 0.894ms
[2025-01-09T02:03:31.386+0000][193081.752s][info][gc,marking  ] GC(7126) Concurrent Scan Root Regions
[2025-01-09T02:03:31.405+0000][193081.771s][info][gc,marking  ] GC(7126) Concurrent Scan Root Regions 19.222ms
[2025-01-09T02:03:31.405+0000][193081.771s][info][gc,marking  ] GC(7126) Concurrent Mark
[2025-01-09T02:03:31.405+0000][193081.771s][info][gc,marking  ] GC(7126) Concurrent Mark From Roots
[2025-01-09T02:03:31.405+0000][193081.771s][info][gc,task     ] GC(7126) Using 2 workers of 2 for marking
[2025-01-09T02:03:32.403+0000][193082.769s][info][gc,marking  ] GC(7126) Concurrent Mark From Roots 997.593ms
[2025-01-09T02:03:32.403+0000][193082.769s][info][gc,marking  ] GC(7126) Concurrent Preclean
[2025-01-09T02:03:32.406+0000][193082.773s][info][gc,marking  ] GC(7126) Concurrent Preclean 3.806ms
[2025-01-09T02:03:32.407+0000][193082.773s][info][gc,start    ] GC(7126) Pause Remark
[2025-01-09T02:03:32.433+0000][193082.799s][info][gc          ] GC(7126) Pause Remark 3733M->3733M(12288M) 26.206ms
[2025-01-09T02:03:32.433+0000][193082.799s][info][gc,cpu      ] GC(7126) User=0.15s Sys=0.00s Real=0.03s
[2025-01-09T02:03:32.433+0000][193082.799s][info][gc,marking  ] GC(7126) Concurrent Mark 1027.953ms
[2025-01-09T02:03:32.433+0000][193082.799s][info][gc,marking  ] GC(7126) Concurrent Rebuild Remembered Sets
[2025-01-09T02:03:33.215+0000][193083.581s][info][gc,marking  ] GC(7126) Concurrent Rebuild Remembered Sets 781.566ms
[2025-01-09T02:03:33.215+0000][193083.581s][info][gc,start    ] GC(7126) Pause Cleanup
[2025-01-09T02:03:33.215+0000][193083.581s][info][gc          ] GC(7126) Pause Cleanup 4908M->4908M(12288M) 0.436ms
[2025-01-09T02:03:33.215+0000][193083.581s][info][gc,cpu      ] GC(7126) User=0.00s Sys=0.00s Real=0.00s
[2025-01-09T02:03:33.215+0000][193083.581s][info][gc,marking  ] GC(7126) Concurrent Cleanup for Next Mark
[2025-01-09T02:03:33.232+0000][193083.598s][info][gc,marking  ] GC(7126) Concurrent Cleanup for Next Mark 16.371ms
[2025-01-09T02:03:33.232+0000][193083.598s][info][gc          ] GC(7126) Concurrent Mark Cycle 1846.844ms
[2025-01-09T02:03:39.367+0000][193089.733s][info][gc,start    ] GC(7127) Pause Young (Prepare Mixed) (GCLocker Initiated GC)
[2025-01-09T02:03:39.367+0000][193089.733s][info][gc,task     ] GC(7127) Using 6 workers of 6 for evacuation
[2025-01-09T02:03:39.394+0000][193089.760s][info][gc,phases   ] GC(7127)   Pre Evacuate Collection Set: 0.2ms
[2025-01-09T02:03:39.394+0000][193089.760s][info][gc,phases   ] GC(7127)   Merge Heap Roots: 0.6ms
[2025-01-09T02:03:39.394+0000][193089.760s][info][gc,phases   ] GC(7127)   Evacuate Collection Set: 23.7ms
[2025-01-09T02:03:39.394+0000][193089.760s][info][gc,phases   ] GC(7127)   Post Evacuate Collection Set: 2.6ms
[2025-01-09T02:03:39.394+0000][193089.760s][info][gc,phases   ] GC(7127)   Other: 0.2ms
[2025-01-09T02:03:39.394+0000][193089.760s][info][gc,heap     ] GC(7127) Eden regions: 916->0(69)
[2025-01-09T02:03:39.394+0000][193089.760s][info][gc,heap     ] GC(7127) Survivor regions: 6->7(116)
[2025-01-09T02:03:39.394+0000][193089.760s][info][gc,heap     ] GC(7127) Old regions: 233->233
[2025-01-09T02:03:39.394+0000][193089.760s][info][gc,heap     ] GC(7127) Archive regions: 2->2
[2025-01-09T02:03:39.394+0000][193089.760s][info][gc,heap     ] GC(7127) Humongous regions: 49->49
[2025-01-09T02:03:39.394+0000][193089.760s][info][gc,metaspace] GC(7127) Metaspace: 524849K(534208K)->524849K(534208K) NonClass: 460884K(465472K)->460884K(465472K) Class: 63964K(68736K)->63964K(68736K)
[2025-01-09T02:03:39.394+0000][193089.760s][info][gc          ] GC(7127) Pause Young (Prepare Mixed) (GCLocker Initiated GC) 9625M->2309M(12288M) 27.378ms
[2025-01-09T02:03:39.394+0000][193089.760s][info][gc,cpu      ] GC(7127) User=0.16s Sys=0.00s Real=0.03s
[2025-01-09T02:03:40.104+0000][193090.470s][info][gc,start    ] GC(7128) Pause Young (Mixed) (GCLocker Initiated GC)
[2025-01-09T02:03:40.104+0000][193090.470s][info][gc,task     ] GC(7128) Using 6 workers of 6 for evacuation
[2025-01-09T02:03:40.158+0000][193090.524s][info][gc,phases   ] GC(7128)   Pre Evacuate Collection Set: 0.2ms
[2025-01-09T02:03:40.158+0000][193090.524s][info][gc,phases   ] GC(7128)   Merge Heap Roots: 0.6ms
[2025-01-09T02:03:40.158+0000][193090.524s][info][gc,phases   ] GC(7128)   Evacuate Collection Set: 51.6ms
[2025-01-09T02:03:40.158+0000][193090.524s][info][gc,phases   ] GC(7128)   Post Evacuate Collection Set: 1.6ms
[2025-01-09T02:03:40.158+0000][193090.524s][info][gc,phases   ] GC(7128)   Other: 0.2ms
[2025-01-09T02:03:40.158+0000][193090.524s][info][gc,heap     ] GC(7128) Eden regions: 70->0(916)
[2025-01-09T02:03:40.158+0000][193090.524s][info][gc,heap     ] GC(7128) Survivor regions: 7->5(10)
[2025-01-09T02:03:40.158+0000][193090.524s][info][gc,heap     ] GC(7128) Old regions: 233->229
[2025-01-09T02:03:40.158+0000][193090.524s][info][gc,heap     ] GC(7128) Archive regions: 2->2
[2025-01-09T02:03:40.158+0000][193090.524s][info][gc,heap     ] GC(7128) Humongous regions: 49->49
[2025-01-09T02:03:40.158+0000][193090.524s][info][gc,metaspace] GC(7128) Metaspace: 524849K(534208K)->524849K(534208K) NonClass: 460884K(465472K)->460884K(465472K) Class: 63964K(68736K)->63964K(68736K)
[2025-01-09T02:03:40.158+0000][193090.525s][info][gc          ] GC(7128) Pause Young (Mixed) (GCLocker Initiated GC) 2862M->2267M(12288M) 54.258ms
[2025-01-09T02:03:40.158+0000][193090.525s][info][gc,cpu      ] GC(7128) User=0.31s Sys=0.00s Real=0.05s
[2025-01-09T02:06:03.701+0000][193234.067s][info][gc,start    ] GC(7129) Pause Young (Normal) (GCLocker Initiated GC)
[2025-01-09T02:06:03.701+0000][193234.067s][info][gc,task     ] GC(7129) Using 6 workers of 6 for evacuation
[2025-01-09T02:06:03.733+0000][193234.100s][info][gc,phases   ] GC(7129)   Pre Evacuate Collection Set: 0.2ms
[2025-01-09T02:06:03.734+0000][193234.100s][info][gc,phases   ] GC(7129)   Merge Heap Roots: 0.4ms
[2025-01-09T02:06:03.734+0000][193234.100s][info][gc,phases   ] GC(7129)   Evacuate Collection Set: 28.1ms
[2025-01-09T02:06:03.734+0000][193234.100s][info][gc,phases   ] GC(7129)   Post Evacuate Collection Set: 3.5ms
[2025-01-09T02:06:03.734+0000][193234.100s][info][gc,phases   ] GC(7129)   Other: 0.2ms
[2025-01-09T02:06:03.734+0000][193234.100s][info][gc,heap     ] GC(7129) Eden regions: 917->0(915)
[2025-01-09T02:06:03.734+0000][193234.100s][info][gc,heap     ] GC(7129) Survivor regions: 5->6(116)
[2025-01-09T02:06:03.734+0000][193234.100s][info][gc,heap     ] GC(7129) Old regions: 229->229
[2025-01-09T02:06:03.734+0000][193234.100s][info][gc,heap     ] GC(7129) Archive regions: 2->2
[2025-01-09T02:06:03.734+0000][193234.100s][info][gc,heap     ] GC(7129) Humongous regions: 49->49
[2025-01-09T02:06:03.734+0000][193234.100s][info][gc,metaspace] GC(7129) Metaspace: 524904K(534272K)->524904K(534272K) NonClass: 460931K(465536K)->460931K(465536K) Class: 63973K(68736K)->63973K(68736K)
[2025-01-09T02:06:03.734+0000][193234.100s][info][gc          ] GC(7129) Pause Young (Normal) (GCLocker Initiated GC) 9599M->2276M(12288M) 32.513ms
[2025-01-09T02:06:03.734+0000][193234.100s][info][gc,cpu      ] GC(7129) User=0.19s Sys=0.00s Real=0.04s
[2025-01-09T02:06:57.804+0000][193288.170s][info][gc,start    ] GC(7130) Pause Young (Normal) (GCLocker Initiated GC)
[2025-01-09T02:06:57.804+0000][193288.170s][info][gc,task     ] GC(7130) Using 6 workers of 6 for evacuation
[2025-01-09T02:06:57.843+0000][193288.209s][info][gc,phases   ] GC(7130)   Pre Evacuate Collection Set: 0.2ms
[2025-01-09T02:06:57.843+0000][193288.209s][info][gc,phases   ] GC(7130)   Merge Heap Roots: 0.4ms
[2025-01-09T02:06:57.843+0000][193288.209s][info][gc,phases   ] GC(7130)   Evacuate Collection Set: 34.7ms
[2025-01-09T02:06:57.843+0000][193288.209s][info][gc,phases   ] GC(7130)   Post Evacuate Collection Set: 3.5ms
[2025-01-09T02:06:57.843+0000][193288.209s][info][gc,phases   ] GC(7130)   Other: 0.2ms
[2025-01-09T02:06:57.843+0000][193288.209s][info][gc,heap     ] GC(7130) Eden regions: 916->0(912)
[2025-01-09T02:06:57.843+0000][193288.209s][info][gc,heap     ] GC(7130) Survivor regions: 6->9(116)
[2025-01-09T02:06:57.843+0000][193288.209s][info][gc,heap     ] GC(7130) Old regions: 229->229
[2025-01-09T02:06:57.843+0000][193288.209s][info][gc,heap     ] GC(7130) Archive regions: 2->2
[2025-01-09T02:06:57.843+0000][193288.209s][info][gc,heap     ] GC(7130) Humongous regions: 49->49
[2025-01-09T02:06:57.843+0000][193288.209s][info][gc,metaspace] GC(7130) Metaspace: 524904K(534272K)->524904K(534272K) NonClass: 460931K(465536K)->460931K(465536K) Class: 63973K(68736K)->63973K(68736K)
[2025-01-09T02:06:57.843+0000][193288.209s][info][gc          ] GC(7130) Pause Young (Normal) (GCLocker Initiated GC) 9600M->2299M(12288M) 39.167ms
[2025-01-09T02:06:57.843+0000][193288.209s][info][gc,cpu      ] GC(7130) User=0.23s Sys=0.00s Real=0.04s
[2025-01-09T02:07:30.479+0000][193320.845s][info][gc,start    ] GC(7131) Pause Young (Concurrent Start) (GCLocker Initiated GC)
[2025-01-09T02:07:30.479+0000][193320.845s][info][gc,task     ] GC(7131) Using 6 workers of 6 for evacuation
[2025-01-09T02:07:30.521+0000][193320.887s][info][gc,phases   ] GC(7131)   Pre Evacuate Collection Set: 1.2ms
[2025-01-09T02:07:30.521+0000][193320.887s][info][gc,phases   ] GC(7131)   Merge Heap Roots: 0.5ms
[2025-01-09T02:07:30.521+0000][193320.887s][info][gc,phases   ] GC(7131)   Evacuate Collection Set: 37.1ms
[2025-01-09T02:07:30.521+0000][193320.887s][info][gc,phases   ] GC(7131)   Post Evacuate Collection Set: 2.8ms
[2025-01-09T02:07:30.521+0000][193320.887s][info][gc,phases   ] GC(7131)   Other: 0.3ms
[2025-01-09T02:07:30.521+0000][193320.887s][info][gc,heap     ] GC(7131) Eden regions: 913->0(910)
[2025-01-09T02:07:30.521+0000][193320.887s][info][gc,heap     ] GC(7131) Survivor regions: 9->11(116)
[2025-01-09T02:07:30.521+0000][193320.887s][info][gc,heap     ] GC(7131) Old regions: 229->229
[2025-01-09T02:07:30.521+0000][193320.887s][info][gc,heap     ] GC(7131) Archive regions: 2->2
[2025-01-09T02:07:30.521+0000][193320.887s][info][gc,heap     ] GC(7131) Humongous regions: 49->49
[2025-01-09T02:07:30.521+0000][193320.887s][info][gc,metaspace] GC(7131) Metaspace: 524904K(534272K)->524904K(534272K) NonClass: 460931K(465536K)->460931K(465536K) Class: 63973K(68736K)->63973K(68736K)
[2025-01-09T02:07:30.521+0000][193320.887s][info][gc          ] GC(7131) Pause Young (Concurrent Start) (GCLocker Initiated GC) 9599M->2314M(12288M) 41.959ms
[2025-01-09T02:07:30.521+0000][193320.887s][info][gc,cpu      ] GC(7131) User=0.24s Sys=0.00s Real=0.04s
[2025-01-09T02:07:30.521+0000][193320.887s][info][gc          ] GC(7132) Concurrent Mark Cycle
[2025-01-09T02:07:30.521+0000][193320.887s][info][gc,marking  ] GC(7132) Concurrent Clear Claimed Marks
[2025-01-09T02:07:30.522+0000][193320.888s][info][gc,marking  ] GC(7132) Concurrent Clear Claimed Marks 0.986ms
[2025-01-09T02:07:30.522+0000][193320.888s][info][gc,marking  ] GC(7132) Concurrent Scan Root Regions
[2025-01-09T02:07:30.552+0000][193320.918s][info][gc,marking  ] GC(7132) Concurrent Scan Root Regions 29.697ms
[2025-01-09T02:07:30.552+0000][193320.918s][info][gc,marking  ] GC(7132) Concurrent Mark
[2025-01-09T02:07:30.552+0000][193320.918s][info][gc,marking  ] GC(7132) Concurrent Mark From Roots
[2025-01-09T02:07:30.552+0000][193320.918s][info][gc,task     ] GC(7132) Using 2 workers of 2 for marking
[2025-01-09T02:07:31.368+0000][193321.735s][info][gc,marking  ] GC(7132) Concurrent Mark From Roots 816.476ms
[2025-01-09T02:07:31.368+0000][193321.735s][info][gc,marking  ] GC(7132) Concurrent Preclean
[2025-01-09T02:07:31.371+0000][193321.737s][info][gc,marking  ] GC(7132) Concurrent Preclean 2.554ms
[2025-01-09T02:07:31.371+0000][193321.737s][info][gc,start    ] GC(7132) Pause Remark
[2025-01-09T02:07:31.397+0000][193321.763s][info][gc          ] GC(7132) Pause Remark 2546M->2546M(12288M) 26.085ms
[2025-01-09T02:07:31.397+0000][193321.763s][info][gc,cpu      ] GC(7132) User=0.15s Sys=0.00s Real=0.02s
[2025-01-09T02:07:31.397+0000][193321.764s][info][gc,marking  ] GC(7132) Concurrent Mark 845.507ms
[2025-01-09T02:07:31.397+0000][193321.764s][info][gc,marking  ] GC(7132) Concurrent Rebuild Remembered Sets
[2025-01-09T02:07:31.965+0000][193322.331s][info][gc,marking  ] GC(7132) Concurrent Rebuild Remembered Sets 567.309ms
[2025-01-09T02:07:31.965+0000][193322.331s][info][gc,start    ] GC(7132) Pause Cleanup
[2025-01-09T02:07:31.965+0000][193322.331s][info][gc          ] GC(7132) Pause Cleanup 2826M->2826M(12288M) 0.414ms
[2025-01-09T02:07:31.965+0000][193322.331s][info][gc,cpu      ] GC(7132) User=0.00s Sys=0.00s Real=0.00s
[2025-01-09T02:07:31.965+0000][193322.332s][info][gc,marking  ] GC(7132) Concurrent Cleanup for Next Mark
[2025-01-09T02:07:31.994+0000][193322.360s][info][gc,marking  ] GC(7132) Concurrent Cleanup for Next Mark 28.089ms
[2025-01-09T02:07:31.994+0000][193322.360s][info][gc          ] GC(7132) Concurrent Mark Cycle 1472.382ms
[2025-01-09T02:07:53.262+0000][193343.628s][info][gc,start    ] GC(7133) Pause Young (Prepare Mixed) (GCLocker Initiated GC)
[2025-01-09T02:07:53.262+0000][193343.628s][info][gc,task     ] GC(7133) Using 6 workers of 6 for evacuation
[2025-01-09T02:07:53.305+0000][193343.671s][info][gc,phases   ] GC(7133)   Pre Evacuate Collection Set: 0.2ms
[2025-01-09T02:07:53.305+0000][193343.671s][info][gc,phases   ] GC(7133)   Merge Heap Roots: 0.7ms
[2025-01-09T02:07:53.305+0000][193343.671s][info][gc,phases   ] GC(7133)   Evacuate Collection Set: 39.3ms
[2025-01-09T02:07:53.305+0000][193343.671s][info][gc,phases   ] GC(7133)   Post Evacuate Collection Set: 2.7ms
[2025-01-09T02:07:53.305+0000][193343.671s][info][gc,phases   ] GC(7133)   Other: 0.2ms
[2025-01-09T02:07:53.305+0000][193343.671s][info][gc,heap     ] GC(7133) Eden regions: 911->0(64)
[2025-01-09T02:07:53.305+0000][193343.671s][info][gc,heap     ] GC(7133) Survivor regions: 11->12(116)
[2025-01-09T02:07:53.305+0000][193343.671s][info][gc,heap     ] GC(7133) Old regions: 229->229
[2025-01-09T02:07:53.305+0000][193343.671s][info][gc,heap     ] GC(7133) Archive regions: 2->2
[2025-01-09T02:07:53.305+0000][193343.671s][info][gc,heap     ] GC(7133) Humongous regions: 49->49
[2025-01-09T02:07:53.305+0000][193343.671s][info][gc,metaspace] GC(7133) Metaspace: 524904K(534272K)->524904K(534272K) NonClass: 460931K(465536K)->460931K(465536K) Class: 63973K(68736K)->63973K(68736K)
[2025-01-09T02:07:53.305+0000][193343.671s][info][gc          ] GC(7133) Pause Young (Prepare Mixed) (GCLocker Initiated GC) 9598M->2321M(12288M) 43.142ms
[2025-01-09T02:07:53.305+0000][193343.671s][info][gc,cpu      ] GC(7133) User=0.25s Sys=0.00s Real=0.04s
[2025-01-09T02:07:55.166+0000][193345.532s][info][gc,start    ] GC(7134) Pause Young (Mixed) (GCLocker Initiated GC)
[2025-01-09T02:07:55.166+0000][193345.532s][info][gc,task     ] GC(7134) Using 6 workers of 6 for evacuation
[2025-01-09T02:07:55.247+0000][193345.613s][info][gc,phases   ] GC(7134)   Pre Evacuate Collection Set: 0.2ms
[2025-01-09T02:07:55.247+0000][193345.613s][info][gc,phases   ] GC(7134)   Merge Heap Roots: 0.8ms
[2025-01-09T02:07:55.247+0000][193345.613s][info][gc,phases   ] GC(7134)   Evacuate Collection Set: 77.2ms
[2025-01-09T02:07:55.247+0000][193345.613s][info][gc,phases   ] GC(7134)   Post Evacuate Collection Set: 2.3ms
[2025-01-09T02:07:55.247+0000][193345.613s][info][gc,phases   ] GC(7134)   Other: 0.2ms
[2025-01-09T02:07:55.247+0000][193345.613s][info][gc,heap     ] GC(7134) Eden regions: 65->0(915)
[2025-01-09T02:07:55.247+0000][193345.613s][info][gc,heap     ] GC(7134) Survivor regions: 12->6(10)
[2025-01-09T02:07:55.247+0000][193345.613s][info][gc,heap     ] GC(7134) Old regions: 229->230
[2025-01-09T02:07:55.247+0000][193345.613s][info][gc,heap     ] GC(7134) Archive regions: 2->2
[2025-01-09T02:07:55.247+0000][193345.613s][info][gc,heap     ] GC(7134) Humongous regions: 49->49
[2025-01-09T02:07:55.247+0000][193345.613s][info][gc,metaspace] GC(7134) Metaspace: 524904K(534272K)->524904K(534272K) NonClass: 460931K(465536K)->460931K(465536K) Class: 63973K(68736K)->63973K(68736K)
[2025-01-09T02:07:55.247+0000][193345.613s][info][gc          ] GC(7134) Pause Young (Mixed) (GCLocker Initiated GC) 2833M->2276M(12288M) 80.672ms
[2025-01-09T02:07:55.247+0000][193345.613s][info][gc,cpu      ] GC(7134) User=0.44s Sys=0.00s Real=0.08s
[2025-01-09T02:08:13.127+0000][193363.493s][info][gc,start    ] GC(7135) Pause Young (Normal) (GCLocker Initiated GC)
[2025-01-09T02:08:13.127+0000][193363.494s][info][gc,task     ] GC(7135) Using 6 workers of 6 for evacuation
[2025-01-09T02:08:13.156+0000][193363.523s][info][gc,phases   ] GC(7135)   Pre Evacuate Collection Set: 0.2ms
[2025-01-09T02:08:13.157+0000][193363.523s][info][gc,phases   ] GC(7135)   Merge Heap Roots: 0.4ms
[2025-01-09T02:08:13.157+0000][193363.523s][info][gc,phases   ] GC(7135)   Evacuate Collection Set: 25.7ms
[2025-01-09T02:08:13.157+0000][193363.523s][info][gc,phases   ] GC(7135)   Post Evacuate Collection Set: 2.6ms
[2025-01-09T02:08:13.157+0000][193363.523s][info][gc,phases   ] GC(7135)   Other: 0.2ms
[2025-01-09T02:08:13.157+0000][193363.523s][info][gc,heap     ] GC(7135) Eden regions: 916->0(914)
[2025-01-09T02:08:13.157+0000][193363.523s][info][gc,heap     ] GC(7135) Survivor regions: 6->7(116)
[2025-01-09T02:08:13.157+0000][193363.523s][info][gc,heap     ] GC(7135) Old regions: 230->230
[2025-01-09T02:08:13.157+0000][193363.523s][info][gc,heap     ] GC(7135) Archive regions: 2->2
[2025-01-09T02:08:13.157+0000][193363.523s][info][gc,heap     ] GC(7135) Humongous regions: 49->49
[2025-01-09T02:08:13.157+0000][193363.523s][info][gc,metaspace] GC(7135) Metaspace: 524904K(534272K)->524904K(534272K) NonClass: 460931K(465536K)->460931K(465536K) Class: 63973K(68736K)->63973K(68736K)
[2025-01-09T02:08:13.157+0000][193363.523s][info][gc          ] GC(7135) Pause Young (Normal) (GCLocker Initiated GC) 9600M->2284M(12288M) 29.208ms
[2025-01-09T02:08:13.157+0000][193363.523s][info][gc,cpu      ] GC(7135) User=0.17s Sys=0.00s Real=0.03s
[2025-01-09T02:08:28.394+0000][193378.760s][info][gc,start    ] GC(7136) Pause Young (Normal) (GCLocker Initiated GC)
[2025-01-09T02:08:28.394+0000][193378.760s][info][gc,task     ] GC(7136) Using 6 workers of 6 for evacuation
[2025-01-09T02:08:28.425+0000][193378.791s][info][gc,phases   ] GC(7136)   Pre Evacuate Collection Set: 0.2ms
[2025-01-09T02:08:28.425+0000][193378.791s][info][gc,phases   ] GC(7136)   Merge Heap Roots: 0.4ms
[2025-01-09T02:08:28.425+0000][193378.791s][info][gc,phases   ] GC(7136)   Evacuate Collection Set: 27.7ms
[2025-01-09T02:08:28.425+0000][193378.791s][info][gc,phases   ] GC(7136)   Post Evacuate Collection Set: 2.4ms
[2025-01-09T02:08:28.425+0000][193378.791s][info][gc,phases   ] GC(7136)   Other: 0.2ms
[2025-01-09T02:08:28.425+0000][193378.791s][info][gc,heap     ] GC(7136) Eden regions: 915->0(912)
[2025-01-09T02:08:28.425+0000][193378.791s][info][gc,heap     ] GC(7136) Survivor regions: 7->9(116)
[2025-01-09T02:08:28.425+0000][193378.791s][info][gc,heap     ] GC(7136) Old regions: 230->230
[2025-01-09T02:08:28.425+0000][193378.791s][info][gc,heap     ] GC(7136) Archive regions: 2->2
[2025-01-09T02:08:28.425+0000][193378.791s][info][gc,heap     ] GC(7136) Humongous regions: 49->49
[2025-01-09T02:08:28.425+0000][193378.791s][info][gc,metaspace] GC(7136) Metaspace: 524904K(534272K)->524904K(534272K) NonClass: 460931K(465536K)->460931K(465536K) Class: 63973K(68736K)->63973K(68736K)
[2025-01-09T02:08:28.425+0000][193378.791s][info][gc          ] GC(7136) Pause Young (Normal) (GCLocker Initiated GC) 9600M->2298M(12288M) 30.974ms
[2025-01-09T02:08:28.425+0000][193378.791s][info][gc,cpu      ] GC(7136) User=0.18s Sys=0.00s Real=0.03s
[2025-01-09T02:08:46.822+0000][193397.188s][info][gc,start    ] GC(7137) Pause Young (Concurrent Start) (GCLocker Initiated GC)
[2025-01-09T02:08:46.822+0000][193397.188s][info][gc,task     ] GC(7137) Using 6 workers of 6 for evacuation
[2025-01-09T02:08:46.860+0000][193397.226s][info][gc,phases   ] GC(7137)   Pre Evacuate Collection Set: 1.2ms
[2025-01-09T02:08:46.860+0000][193397.226s][info][gc,phases   ] GC(7137)   Merge Heap Roots: 0.4ms
[2025-01-09T02:08:46.860+0000][193397.226s][info][gc,phases   ] GC(7137)   Evacuate Collection Set: 31.8ms
[2025-01-09T02:08:46.860+0000][193397.226s][info][gc,phases   ] GC(7137)   Post Evacuate Collection Set: 4.1ms
[2025-01-09T02:08:46.860+0000][193397.226s][info][gc,phases   ] GC(7137)   Other: 0.3ms
[2025-01-09T02:08:46.860+0000][193397.226s][info][gc,heap     ] GC(7137) Eden regions: 913->0(911)
[2025-01-09T02:08:46.860+0000][193397.226s][info][gc,heap     ] GC(7137) Survivor regions: 9->10(116)
[2025-01-09T02:08:46.860+0000][193397.226s][info][gc,heap     ] GC(7137) Old regions: 230->230
[2025-01-09T02:08:46.860+0000][193397.226s][info][gc,heap     ] GC(7137) Archive regions: 2->2
[2025-01-09T02:08:46.860+0000][193397.226s][info][gc,heap     ] GC(7137) Humongous regions: 49->49
[2025-01-09T02:08:46.860+0000][193397.226s][info][gc,metaspace] GC(7137) Metaspace: 524904K(534272K)->524904K(534272K) NonClass: 460931K(465536K)->460931K(465536K) Class: 63973K(68736K)->63973K(68736K)
[2025-01-09T02:08:46.860+0000][193397.226s][info][gc          ] GC(7137) Pause Young (Concurrent Start) (GCLocker Initiated GC) 9598M->2309M(12288M) 37.835ms
[2025-01-09T02:08:46.860+0000][193397.226s][info][gc,cpu      ] GC(7137) User=0.21s Sys=0.01s Real=0.03s
[2025-01-09T02:08:46.860+0000][193397.226s][info][gc          ] GC(7138) Concurrent Mark Cycle
[2025-01-09T02:08:46.860+0000][193397.226s][info][gc,marking  ] GC(7138) Concurrent Clear Claimed Marks
[2025-01-09T02:08:46.861+0000][193397.227s][info][gc,marking  ] GC(7138) Concurrent Clear Claimed Marks 0.925ms
[2025-01-09T02:08:46.861+0000][193397.227s][info][gc,marking  ] GC(7138) Concurrent Scan Root Regions
[2025-01-09T02:08:46.888+0000][193397.255s][info][gc,marking  ] GC(7138) Concurrent Scan Root Regions 27.804ms
[2025-01-09T02:08:46.889+0000][193397.255s][info][gc,marking  ] GC(7138) Concurrent Mark
[2025-01-09T02:08:46.889+0000][193397.255s][info][gc,marking  ] GC(7138) Concurrent Mark From Roots
[2025-01-09T02:08:46.889+0000][193397.255s][info][gc,task     ] GC(7138) Using 2 workers of 2 for marking
[2025-01-09T02:08:47.658+0000][193398.024s][info][gc,marking  ] GC(7138) Concurrent Mark From Roots 769.010ms
[2025-01-09T02:08:47.658+0000][193398.024s][info][gc,marking  ] GC(7138) Concurrent Preclean
[2025-01-09T02:08:47.660+0000][193398.026s][info][gc,marking  ] GC(7138) Concurrent Preclean 2.504ms
[2025-01-09T02:08:47.660+0000][193398.026s][info][gc,start    ] GC(7138) Pause Remark
[2025-01-09T02:08:47.716+0000][193398.083s][info][gc          ] GC(7138) Pause Remark 2893M->2893M(12288M) 56.222ms
[2025-01-09T02:08:47.716+0000][193398.083s][info][gc,cpu      ] GC(7138) User=0.31s Sys=0.00s Real=0.06s
[2025-01-09T02:08:47.717+0000][193398.083s][info][gc,marking  ] GC(7138) Concurrent Mark 828.097ms
[2025-01-09T02:08:47.717+0000][193398.083s][info][gc,marking  ] GC(7138) Concurrent Rebuild Remembered Sets
[2025-01-09T02:08:48.319+0000][193398.685s][info][gc,marking  ] GC(7138) Concurrent Rebuild Remembered Sets 601.878ms
[2025-01-09T02:08:48.319+0000][193398.685s][info][gc,start    ] GC(7138) Pause Cleanup
[2025-01-09T02:08:48.319+0000][193398.685s][info][gc          ] GC(7138) Pause Cleanup 3381M->3381M(12288M) 0.486ms
[2025-01-09T02:08:48.319+0000][193398.685s][info][gc,cpu      ] GC(7138) User=0.00s Sys=0.00s Real=0.00s
[2025-01-09T02:08:48.319+0000][193398.685s][info][gc,marking  ] GC(7138) Concurrent Cleanup for Next Mark
[2025-01-09T02:08:48.336+0000][193398.702s][info][gc,marking  ] GC(7138) Concurrent Cleanup for Next Mark 16.392ms
[2025-01-09T02:08:48.336+0000][193398.702s][info][gc          ] GC(7138) Concurrent Mark Cycle 1476.095ms
[2025-01-09T02:09:01.240+0000][193411.606s][info][gc,start    ] GC(7139) Pause Young (Prepare Mixed) (GCLocker Initiated GC)
[2025-01-09T02:09:01.240+0000][193411.606s][info][gc,task     ] GC(7139) Using 6 workers of 6 for evacuation
[2025-01-09T02:09:01.279+0000][193411.645s][info][gc,phases   ] GC(7139)   Pre Evacuate Collection Set: 0.2ms
[2025-01-09T02:09:01.279+0000][193411.645s][info][gc,phases   ] GC(7139)   Merge Heap Roots: 0.6ms
[2025-01-09T02:09:01.279+0000][193411.645s][info][gc,phases   ] GC(7139)   Evacuate Collection Set: 35.2ms
[2025-01-09T02:09:01.279+0000][193411.645s][info][gc,phases   ] GC(7139)   Post Evacuate Collection Set: 2.7ms
[2025-01-09T02:09:01.279+0000][193411.645s][info][gc,phases   ] GC(7139)   Other: 0.2ms
[2025-01-09T02:09:01.279+0000][193411.645s][info][gc,heap     ] GC(7139) Eden regions: 912->0(65)
[2025-01-09T02:09:01.279+0000][193411.645s][info][gc,heap     ] GC(7139) Survivor regions: 10->11(116)
[2025-01-09T02:09:01.279+0000][193411.645s][info][gc,heap     ] GC(7139) Old regions: 230->230
[2025-01-09T02:09:01.279+0000][193411.645s][info][gc,heap     ] GC(7139) Archive regions: 2->2
[2025-01-09T02:09:01.279+0000][193411.645s][info][gc,heap     ] GC(7139) Humongous regions: 49->49
[2025-01-09T02:09:01.279+0000][193411.645s][info][gc,metaspace] GC(7139) Metaspace: 524904K(534272K)->524904K(534272K) NonClass: 460931K(465536K)->460931K(465536K) Class: 63973K(68736K)->63973K(68736K)
[2025-01-09T02:09:01.279+0000][193411.645s][info][gc          ] GC(7139) Pause Young (Prepare Mixed) (GCLocker Initiated GC) 9601M->2318M(12288M) 38.925ms
[2025-01-09T02:09:01.279+0000][193411.645s][info][gc,cpu      ] GC(7139) User=0.23s Sys=0.00s Real=0.04s
[2025-01-09T02:09:01.820+0000][193412.186s][info][gc,start    ] GC(7140) Pause Young (Mixed) (GCLocker Initiated GC)
[2025-01-09T02:09:01.820+0000][193412.186s][info][gc,task     ] GC(7140) Using 6 workers of 6 for evacuation
[2025-01-09T02:09:01.891+0000][193412.257s][info][gc,phases   ] GC(7140)   Pre Evacuate Collection Set: 0.2ms
[2025-01-09T02:09:01.891+0000][193412.257s][info][gc,phases   ] GC(7140)   Merge Heap Roots: 0.7ms
[2025-01-09T02:09:01.891+0000][193412.257s][info][gc,phases   ] GC(7140)   Evacuate Collection Set: 67.6ms
[2025-01-09T02:09:01.891+0000][193412.257s][info][gc,phases   ] GC(7140)   Post Evacuate Collection Set: 1.8ms
[2025-01-09T02:09:01.891+0000][193412.257s][info][gc,phases   ] GC(7140)   Other: 0.2ms
[2025-01-09T02:09:01.891+0000][193412.257s][info][gc,heap     ] GC(7140) Eden regions: 66->0(915)
[2025-01-09T02:09:01.891+0000][193412.257s][info][gc,heap     ] GC(7140) Survivor regions: 11->6(10)
[2025-01-09T02:09:01.891+0000][193412.257s][info][gc,heap     ] GC(7140) Old regions: 230->231
[2025-01-09T02:09:01.891+0000][193412.257s][info][gc,heap     ] GC(7140) Archive regions: 2->2
[2025-01-09T02:09:01.891+0000][193412.257s][info][gc,heap     ] GC(7140) Humongous regions: 49->49
[2025-01-09T02:09:01.891+0000][193412.257s][info][gc,metaspace] GC(7140) Metaspace: 524904K(534272K)->524904K(534272K) NonClass: 460931K(465536K)->460931K(465536K) Class: 63973K(68736K)->63973K(68736K)
[2025-01-09T02:09:01.891+0000][193412.257s][info][gc          ] GC(7140) Pause Young (Mixed) (GCLocker Initiated GC) 2839M->2284M(12288M) 70.553ms
[2025-01-09T02:09:01.891+0000][193412.257s][info][gc,cpu      ] GC(7140) User=0.41s Sys=0.00s Real=0.08s
[2025-01-09T02:09:13.389+0000][193423.755s][info][gc,start    ] GC(7141) Pause Young (Normal) (GCLocker Initiated GC)
[2025-01-09T02:09:13.389+0000][193423.755s][info][gc,task     ] GC(7141) Using 6 workers of 6 for evacuation
[2025-01-09T02:09:13.417+0000][193423.783s][info][gc,phases   ] GC(7141)   Pre Evacuate Collection Set: 0.2ms
[2025-01-09T02:09:13.417+0000][193423.783s][info][gc,phases   ] GC(7141)   Merge Heap Roots: 0.4ms
[2025-01-09T02:09:13.417+0000][193423.783s][info][gc,phases   ] GC(7141)   Evacuate Collection Set: 24.3ms
[2025-01-09T02:09:13.417+0000][193423.783s][info][gc,phases   ] GC(7141)   Post Evacuate Collection Set: 2.6ms
[2025-01-09T02:09:13.417+0000][193423.783s][info][gc,phases   ] GC(7141)   Other: 0.2ms
[2025-01-09T02:09:13.417+0000][193423.783s][info][gc,heap     ] GC(7141) Eden regions: 916->0(914)
[2025-01-09T02:09:13.417+0000][193423.783s][info][gc,heap     ] GC(7141) Survivor regions: 6->7(116)
[2025-01-09T02:09:13.417+0000][193423.783s][info][gc,heap     ] GC(7141) Old regions: 231->231
[2025-01-09T02:09:13.417+0000][193423.783s][info][gc,heap     ] GC(7141) Archive regions: 2->2
[2025-01-09T02:09:13.417+0000][193423.783s][info][gc,heap     ] GC(7141) Humongous regions: 49->49
[2025-01-09T02:09:13.417+0000][193423.783s][info][gc,metaspace] GC(7141) Metaspace: 524908K(534272K)->524908K(534272K) NonClass: 460935K(465536K)->460935K(465536K) Class: 63973K(68736K)->63973K(68736K)
[2025-01-09T02:09:13.417+0000][193423.783s][info][gc          ] GC(7141) Pause Young (Normal) (GCLocker Initiated GC) 9604M->2297M(12288M) 27.714ms
[2025-01-09T02:09:13.417+0000][193423.783s][info][gc,cpu      ] GC(7141) User=0.16s Sys=0.00s Real=0.03s
[2025-01-09T02:09:29.134+0000][193439.500s][info][gc,start    ] GC(7142) Pause Young (Normal) (GCLocker Initiated GC)
[2025-01-09T02:09:29.134+0000][193439.500s][info][gc,task     ] GC(7142) Using 6 workers of 6 for evacuation
[2025-01-09T02:09:29.164+0000][193439.530s][info][gc,phases   ] GC(7142)   Pre Evacuate Collection Set: 0.2ms
[2025-01-09T02:09:29.164+0000][193439.530s][info][gc,phases   ] GC(7142)   Merge Heap Roots: 0.4ms
[2025-01-09T02:09:29.164+0000][193439.530s][info][gc,phases   ] GC(7142)   Evacuate Collection Set: 26.4ms
[2025-01-09T02:09:29.164+0000][193439.530s][info][gc,phases   ] GC(7142)   Post Evacuate Collection Set: 2.7ms
[2025-01-09T02:09:29.164+0000][193439.530s][info][gc,phases   ] GC(7142)   Other: 0.2ms
[2025-01-09T02:09:29.164+0000][193439.530s][info][gc,heap     ] GC(7142) Eden regions: 915->0(912)
[2025-01-09T02:09:29.164+0000][193439.530s][info][gc,heap     ] GC(7142) Survivor regions: 7->9(116)
[2025-01-09T02:09:29.164+0000][193439.530s][info][gc,heap     ] GC(7142) Old regions: 231->231
[2025-01-09T02:09:29.164+0000][193439.530s][info][gc,heap     ] GC(7142) Archive regions: 2->2
[2025-01-09T02:09:29.164+0000][193439.530s][info][gc,heap     ] GC(7142) Humongous regions: 49->49
[2025-01-09T02:09:29.164+0000][193439.530s][info][gc,metaspace] GC(7142) Metaspace: 524908K(534272K)->524908K(534272K) NonClass: 460935K(465536K)->460935K(465536K) Class: 63973K(68736K)->63973K(68736K)
[2025-01-09T02:09:29.164+0000][193439.530s][info][gc          ] GC(7142) Pause Young (Normal) (GCLocker Initiated GC) 9613M->2307M(12288M) 30.014ms
[2025-01-09T02:09:29.164+0000][193439.530s][info][gc,cpu      ] GC(7142) User=0.17s Sys=0.00s Real=0.03s
[2025-01-09T02:09:38.924+0000][193449.290s][info][gc,start    ] GC(7143) Pause Young (Concurrent Start) (GCLocker Initiated GC)
[2025-01-09T02:09:38.924+0000][193449.290s][info][gc,task     ] GC(7143) Using 6 workers of 6 for evacuation
[2025-01-09T02:09:38.956+0000][193449.322s][info][gc,phases   ] GC(7143)   Pre Evacuate Collection Set: 1.1ms
[2025-01-09T02:09:38.956+0000][193449.322s][info][gc,phases   ] GC(7143)   Merge Heap Roots: 0.4ms
[2025-01-09T02:09:38.956+0000][193449.322s][info][gc,phases   ] GC(7143)   Evacuate Collection Set: 27.9ms
[2025-01-09T02:09:38.956+0000][193449.322s][info][gc,phases   ] GC(7143)   Post Evacuate Collection Set: 2.5ms
[2025-01-09T02:09:38.956+0000][193449.322s][info][gc,phases   ] GC(7143)   Other: 0.3ms
[2025-01-09T02:09:38.956+0000][193449.322s][info][gc,heap     ] GC(7143) Eden regions: 913->0(912)
[2025-01-09T02:09:38.956+0000][193449.322s][info][gc,heap     ] GC(7143) Survivor regions: 9->9(116)
[2025-01-09T02:09:38.956+0000][193449.322s][info][gc,heap     ] GC(7143) Old regions: 231->231
[2025-01-09T02:09:38.956+0000][193449.322s][info][gc,heap     ] GC(7143) Archive regions: 2->2
[2025-01-09T02:09:38.956+0000][193449.322s][info][gc,heap     ] GC(7143) Humongous regions: 49->49
[2025-01-09T02:09:38.956+0000][193449.322s][info][gc,metaspace] GC(7143) Metaspace: 524908K(534272K)->524908K(534272K) NonClass: 460935K(465536K)->460935K(465536K) Class: 63973K(68736K)->63973K(68736K)
[2025-01-09T02:09:38.956+0000][193449.322s][info][gc          ] GC(7143) Pause Young (Concurrent Start) (GCLocker Initiated GC) 9607M->2313M(12288M) 32.218ms
[2025-01-09T02:09:38.956+0000][193449.322s][info][gc,cpu      ] GC(7143) User=0.19s Sys=0.00s Real=0.03s
[2025-01-09T02:09:38.956+0000][193449.322s][info][gc          ] GC(7144) Concurrent Mark Cycle
[2025-01-09T02:09:38.956+0000][193449.322s][info][gc,marking  ] GC(7144) Concurrent Clear Claimed Marks
[2025-01-09T02:09:38.957+0000][193449.323s][info][gc,marking  ] GC(7144) Concurrent Clear Claimed Marks 0.929ms
[2025-01-09T02:09:38.957+0000][193449.323s][info][gc,marking  ] GC(7144) Concurrent Scan Root Regions
[2025-01-09T02:09:38.979+0000][193449.345s][info][gc,marking  ] GC(7144) Concurrent Scan Root Regions 22.507ms
[2025-01-09T02:09:38.979+0000][193449.345s][info][gc,marking  ] GC(7144) Concurrent Mark
[2025-01-09T02:09:38.979+0000][193449.345s][info][gc,marking  ] GC(7144) Concurrent Mark From Roots
[2025-01-09T02:09:38.979+0000][193449.345s][info][gc,task     ] GC(7144) Using 2 workers of 2 for marking
[2025-01-09T02:09:39.933+0000][193450.299s][info][gc,marking  ] GC(7144) Concurrent Mark From Roots 953.933ms
[2025-01-09T02:09:39.933+0000][193450.299s][info][gc,marking  ] GC(7144) Concurrent Preclean
[2025-01-09T02:09:39.936+0000][193450.302s][info][gc,marking  ] GC(7144) Concurrent Preclean 2.603ms
[2025-01-09T02:09:39.936+0000][193450.302s][info][gc,start    ] GC(7144) Pause Remark
[2025-01-09T02:09:39.962+0000][193450.328s][info][gc          ] GC(7144) Pause Remark 3249M->3249M(12288M) 25.683ms
[2025-01-09T02:09:39.962+0000][193450.328s][info][gc,cpu      ] GC(7144) User=0.15s Sys=0.01s Real=0.03s
[2025-01-09T02:09:39.962+0000][193450.328s][info][gc,marking  ] GC(7144) Concurrent Mark 982.565ms
[2025-01-09T02:09:39.962+0000][193450.328s][info][gc,marking  ] GC(7144) Concurrent Rebuild Remembered Sets
[2025-01-09T02:09:40.696+0000][193451.062s][info][gc,marking  ] GC(7144) Concurrent Rebuild Remembered Sets 734.414ms
[2025-01-09T02:09:40.696+0000][193451.063s][info][gc,start    ] GC(7144) Pause Cleanup
[2025-01-09T02:09:40.697+0000][193451.063s][info][gc          ] GC(7144) Pause Cleanup 4073M->4073M(12288M) 0.404ms
[2025-01-09T02:09:40.697+0000][193451.063s][info][gc,cpu      ] GC(7144) User=0.00s Sys=0.00s Real=0.00s
[2025-01-09T02:09:40.697+0000][193451.063s][info][gc,marking  ] GC(7144) Concurrent Cleanup for Next Mark
[2025-01-09T02:09:40.726+0000][193451.092s][info][gc,marking  ] GC(7144) Concurrent Cleanup for Next Mark 28.625ms
[2025-01-09T02:09:40.726+0000][193451.092s][info][gc          ] GC(7144) Concurrent Mark Cycle 1769.856ms
[2025-01-09T02:09:52.225+0000][193462.592s][info][gc,start    ] GC(7145) Pause Young (Prepare Mixed) (GCLocker Initiated GC)
[2025-01-09T02:09:52.226+0000][193462.592s][info][gc,task     ] GC(7145) Using 6 workers of 6 for evacuation
[2025-01-09T02:09:52.264+0000][193462.630s][info][gc,phases   ] GC(7145)   Pre Evacuate Collection Set: 0.2ms
[2025-01-09T02:09:52.264+0000][193462.630s][info][gc,phases   ] GC(7145)   Merge Heap Roots: 0.6ms
[2025-01-09T02:09:52.264+0000][193462.630s][info][gc,phases   ] GC(7145)   Evacuate Collection Set: 35.0ms
[2025-01-09T02:09:52.264+0000][193462.630s][info][gc,phases   ] GC(7145)   Post Evacuate Collection Set: 2.8ms
[2025-01-09T02:09:52.264+0000][193462.630s][info][gc,phases   ] GC(7145)   Other: 0.2ms
[2025-01-09T02:09:52.264+0000][193462.630s][info][gc,heap     ] GC(7145) Eden regions: 912->0(65)
[2025-01-09T02:09:52.264+0000][193462.630s][info][gc,heap     ] GC(7145) Survivor regions: 9->11(116)
[2025-01-09T02:09:52.264+0000][193462.630s][info][gc,heap     ] GC(7145) Old regions: 231->231
[2025-01-09T02:09:52.264+0000][193462.630s][info][gc,heap     ] GC(7145) Archive regions: 2->2
[2025-01-09T02:09:52.264+0000][193462.630s][info][gc,heap     ] GC(7145) Humongous regions: 49->49
[2025-01-09T02:09:52.264+0000][193462.630s][info][gc,metaspace] GC(7145) Metaspace: 524908K(534272K)->524908K(534272K) NonClass: 460935K(465536K)->460935K(465536K) Class: 63973K(68736K)->63973K(68736K)
[2025-01-09T02:09:52.264+0000][193462.631s][info][gc          ] GC(7145) Pause Young (Prepare Mixed) (GCLocker Initiated GC) 9609M->2325M(12288M) 38.928ms
[2025-01-09T02:09:52.264+0000][193462.631s][info][gc,cpu      ] GC(7145) User=0.22s Sys=0.01s Real=0.04s
[2025-01-09T02:09:54.354+0000][193464.720s][info][gc,start    ] GC(7146) Pause Young (Mixed) (GCLocker Initiated GC)
[2025-01-09T02:09:54.354+0000][193464.720s][info][gc,task     ] GC(7146) Using 6 workers of 6 for evacuation
[2025-01-09T02:09:54.425+0000][193464.791s][info][gc,phases   ] GC(7146)   Pre Evacuate Collection Set: 0.2ms
[2025-01-09T02:09:54.425+0000][193464.791s][info][gc,phases   ] GC(7146)   Merge Heap Roots: 0.6ms
[2025-01-09T02:09:54.425+0000][193464.791s][info][gc,phases   ] GC(7146)   Evacuate Collection Set: 67.9ms
[2025-01-09T02:09:54.425+0000][193464.791s][info][gc,phases   ] GC(7146)   Post Evacuate Collection Set: 1.7ms
[2025-01-09T02:09:54.425+0000][193464.791s][info][gc,phases   ] GC(7146)   Other: 0.2ms
[2025-01-09T02:09:54.425+0000][193464.791s][info][gc,heap     ] GC(7146) Eden regions: 65->0(915)
[2025-01-09T02:09:54.425+0000][193464.791s][info][gc,heap     ] GC(7146) Survivor regions: 11->6(10)
[2025-01-09T02:09:54.425+0000][193464.791s][info][gc,heap     ] GC(7146) Old regions: 231->232
[2025-01-09T02:09:54.425+0000][193464.791s][info][gc,heap     ] GC(7146) Archive regions: 2->2
[2025-01-09T02:09:54.425+0000][193464.791s][info][gc,heap     ] GC(7146) Humongous regions: 49->49
[2025-01-09T02:09:54.425+0000][193464.791s][info][gc,metaspace] GC(7146) Metaspace: 524908K(534272K)->524908K(534272K) NonClass: 460935K(465536K)->460935K(465536K) Class: 63973K(68736K)->63973K(68736K)
[2025-01-09T02:09:54.425+0000][193464.791s][info][gc          ] GC(7146) Pause Young (Mixed) (GCLocker Initiated GC) 2845M->2301M(12288M) 70.766ms
[2025-01-09T02:09:54.425+0000][193464.791s][info][gc,cpu      ] GC(7146) User=0.40s Sys=0.01s Real=0.07s
[2025-01-09T02:10:04.279+0000][193474.645s][info][gc,start    ] GC(7147) Pause Young (Normal) (GCLocker Initiated GC)
[2025-01-09T02:10:04.279+0000][193474.645s][info][gc,task     ] GC(7147) Using 6 workers of 6 for evacuation
[2025-01-09T02:10:04.308+0000][193474.675s][info][gc,phases   ] GC(7147)   Pre Evacuate Collection Set: 0.2ms
[2025-01-09T02:10:04.308+0000][193474.675s][info][gc,phases   ] GC(7147)   Merge Heap Roots: 0.4ms
[2025-01-09T02:10:04.308+0000][193474.675s][info][gc,phases   ] GC(7147)   Evacuate Collection Set: 24.9ms
[2025-01-09T02:10:04.308+0000][193474.675s][info][gc,phases   ] GC(7147)   Post Evacuate Collection Set: 3.8ms
[2025-01-09T02:10:04.308+0000][193474.675s][info][gc,phases   ] GC(7147)   Other: 0.2ms
[2025-01-09T02:10:04.309+0000][193474.675s][info][gc,heap     ] GC(7147) Eden regions: 916->0(913)
[2025-01-09T02:10:04.309+0000][193474.675s][info][gc,heap     ] GC(7147) Survivor regions: 6->8(116)
[2025-01-09T02:10:04.309+0000][193474.675s][info][gc,heap     ] GC(7147) Old regions: 232->232
[2025-01-09T02:10:04.309+0000][193474.675s][info][gc,heap     ] GC(7147) Archive regions: 2->2
[2025-01-09T02:10:04.309+0000][193474.675s][info][gc,heap     ] GC(7147) Humongous regions: 49->49
[2025-01-09T02:10:04.309+0000][193474.675s][info][gc,metaspace] GC(7147) Metaspace: 524908K(534272K)->524908K(534272K) NonClass: 460935K(465536K)->460935K(465536K) Class: 63973K(68736K)->63973K(68736K)
[2025-01-09T02:10:04.309+0000][193474.675s][info][gc          ] GC(7147) Pause Young (Normal) (GCLocker Initiated GC) 9625M->2311M(12288M) 29.641ms
[2025-01-09T02:10:04.309+0000][193474.675s][info][gc,cpu      ] GC(7147) User=0.18s Sys=0.00s Real=0.03s
[2025-01-09T02:10:09.907+0000][193480.273s][info][gc,start    ] GC(7148) Pause Young (Normal) (GCLocker Initiated GC)
[2025-01-09T02:10:09.907+0000][193480.273s][info][gc,task     ] GC(7148) Using 6 workers of 6 for evacuation
[2025-01-09T02:10:09.934+0000][193480.300s][info][gc,phases   ] GC(7148)   Pre Evacuate Collection Set: 0.2ms
[2025-01-09T02:10:09.934+0000][193480.300s][info][gc,phases   ] GC(7148)   Merge Heap Roots: 0.4ms
[2025-01-09T02:10:09.934+0000][193480.300s][info][gc,phases   ] GC(7148)   Evacuate Collection Set: 23.1ms
[2025-01-09T02:10:09.934+0000][193480.300s][info][gc,phases   ] GC(7148)   Post Evacuate Collection Set: 2.4ms
[2025-01-09T02:10:09.934+0000][193480.300s][info][gc,phases   ] GC(7148)   Other: 0.2ms
[2025-01-09T02:10:09.934+0000][193480.300s][info][gc,heap     ] GC(7148) Eden regions: 914->0(914)
[2025-01-09T02:10:09.934+0000][193480.300s][info][gc,heap     ] GC(7148) Survivor regions: 8->7(116)
[2025-01-09T02:10:09.934+0000][193480.300s][info][gc,heap     ] GC(7148) Old regions: 232->232
[2025-01-09T02:10:09.934+0000][193480.300s][info][gc,heap     ] GC(7148) Archive regions: 2->2
[2025-01-09T02:10:09.934+0000][193480.300s][info][gc,heap     ] GC(7148) Humongous regions: 49->49
[2025-01-09T02:10:09.934+0000][193480.300s][info][gc,metaspace] GC(7148) Metaspace: 524908K(534272K)->524908K(534272K) NonClass: 460935K(465536K)->460935K(465536K) Class: 63973K(68736K)->63973K(68736K)
[2025-01-09T02:10:09.934+0000][193480.300s][info][gc          ] GC(7148) Pause Young (Normal) (GCLocker Initiated GC) 9619M->2305M(12288M) 26.364ms
[2025-01-09T02:10:09.934+0000][193480.300s][info][gc,cpu      ] GC(7148) User=0.16s Sys=0.00s Real=0.03s
[2025-01-09T02:10:16.417+0000][193486.783s][info][gc,start    ] GC(7149) Pause Young (Concurrent Start) (GCLocker Initiated GC)
[2025-01-09T02:10:16.417+0000][193486.783s][info][gc,task     ] GC(7149) Using 6 workers of 6 for evacuation
[2025-01-09T02:10:16.449+0000][193486.815s][info][gc,phases   ] GC(7149)   Pre Evacuate Collection Set: 1.2ms
[2025-01-09T02:10:16.449+0000][193486.815s][info][gc,phases   ] GC(7149)   Merge Heap Roots: 0.4ms
[2025-01-09T02:10:16.449+0000][193486.815s][info][gc,phases   ] GC(7149)   Evacuate Collection Set: 26.5ms
[2025-01-09T02:10:16.449+0000][193486.815s][info][gc,phases   ] GC(7149)   Post Evacuate Collection Set: 3.9ms
[2025-01-09T02:10:16.449+0000][193486.815s][info][gc,phases   ] GC(7149)   Other: 0.3ms
[2025-01-09T02:10:16.449+0000][193486.815s][info][gc,heap     ] GC(7149) Eden regions: 915->0(913)
[2025-01-09T02:10:16.449+0000][193486.815s][info][gc,heap     ] GC(7149) Survivor regions: 7->8(116)
[2025-01-09T02:10:16.449+0000][193486.815s][info][gc,heap     ] GC(7149) Old regions: 232->232
[2025-01-09T02:10:16.449+0000][193486.815s][info][gc,heap     ] GC(7149) Archive regions: 2->2
[2025-01-09T02:10:16.449+0000][193486.815s][info][gc,heap     ] GC(7149) Humongous regions: 49->49
[2025-01-09T02:10:16.449+0000][193486.815s][info][gc,metaspace] GC(7149) Metaspace: 524909K(534272K)->524909K(534272K) NonClass: 460935K(465536K)->460935K(465536K) Class: 63973K(68736K)->63973K(68736K)
[2025-01-09T02:10:16.449+0000][193486.815s][info][gc          ] GC(7149) Pause Young (Concurrent Start) (GCLocker Initiated GC) 9621M->2317M(12288M) 32.358ms
[2025-01-09T02:10:16.449+0000][193486.815s][info][gc,cpu      ] GC(7149) User=0.18s Sys=0.01s Real=0.03s
[2025-01-09T02:10:16.449+0000][193486.816s][info][gc          ] GC(7150) Concurrent Mark Cycle
[2025-01-09T02:10:16.449+0000][193486.816s][info][gc,marking  ] GC(7150) Concurrent Clear Claimed Marks
[2025-01-09T02:10:16.450+0000][193486.816s][info][gc,marking  ] GC(7150) Concurrent Clear Claimed Marks 0.907ms
[2025-01-09T02:10:16.450+0000][193486.817s][info][gc,marking  ] GC(7150) Concurrent Scan Root Regions
[2025-01-09T02:10:16.478+0000][193486.845s][info][gc,marking  ] GC(7150) Concurrent Scan Root Regions 28.027ms
[2025-01-09T02:10:16.478+0000][193486.845s][info][gc,marking  ] GC(7150) Concurrent Mark
[2025-01-09T02:10:16.478+0000][193486.845s][info][gc,marking  ] GC(7150) Concurrent Mark From Roots
[2025-01-09T02:10:16.478+0000][193486.845s][info][gc,task     ] GC(7150) Using 2 workers of 2 for marking
[2025-01-09T02:10:17.334+0000][193487.700s][info][gc,marking  ] GC(7150) Concurrent Mark From Roots 855.171ms
[2025-01-09T02:10:17.334+0000][193487.700s][info][gc,marking  ] GC(7150) Concurrent Preclean
[2025-01-09T02:10:17.336+0000][193487.702s][info][gc,marking  ] GC(7150) Concurrent Preclean 2.416ms
[2025-01-09T02:10:17.336+0000][193487.702s][info][gc,start    ] GC(7150) Pause Remark
[2025-01-09T02:10:17.362+0000][193487.728s][info][gc          ] GC(7150) Pause Remark 3073M->3073M(12288M) 25.303ms
[2025-01-09T02:10:17.362+0000][193487.728s][info][gc,cpu      ] GC(7150) User=0.15s Sys=0.00s Real=0.03s
[2025-01-09T02:10:17.362+0000][193487.728s][info][gc,marking  ] GC(7150) Concurrent Mark 883.238ms
[2025-01-09T02:10:17.362+0000][193487.728s][info][gc,marking  ] GC(7150) Concurrent Rebuild Remembered Sets
[2025-01-09T02:10:17.869+0000][193488.235s][info][gc,marking  ] GC(7150) Concurrent Rebuild Remembered Sets 507.100ms
[2025-01-09T02:10:17.869+0000][193488.235s][info][gc,start    ] GC(7150) Pause Cleanup
[2025-01-09T02:10:17.869+0000][193488.236s][info][gc          ] GC(7150) Pause Cleanup 3425M->3425M(12288M) 0.468ms
[2025-01-09T02:10:17.869+0000][193488.236s][info][gc,cpu      ] GC(7150) User=0.00s Sys=0.00s Real=0.01s
[2025-01-09T02:10:17.870+0000][193488.236s][info][gc,marking  ] GC(7150) Concurrent Cleanup for Next Mark
[2025-01-09T02:10:17.885+0000][193488.252s][info][gc,marking  ] GC(7150) Concurrent Cleanup for Next Mark 15.932ms
[2025-01-09T02:10:17.886+0000][193488.252s][info][gc          ] GC(7150) Concurrent Mark Cycle 1436.097ms
[2025-01-09T02:10:26.437+0000][193496.803s][info][gc,start    ] GC(7151) Pause Young (Prepare Mixed) (GCLocker Initiated GC)
[2025-01-09T02:10:26.437+0000][193496.803s][info][gc,task     ] GC(7151) Using 6 workers of 6 for evacuation
[2025-01-09T02:10:26.474+0000][193496.840s][info][gc,phases   ] GC(7151)   Pre Evacuate Collection Set: 0.2ms
[2025-01-09T02:10:26.474+0000][193496.840s][info][gc,phases   ] GC(7151)   Merge Heap Roots: 0.6ms
[2025-01-09T02:10:26.474+0000][193496.840s][info][gc,phases   ] GC(7151)   Evacuate Collection Set: 31.9ms
[2025-01-09T02:10:26.474+0000][193496.840s][info][gc,phases   ] GC(7151)   Post Evacuate Collection Set: 3.9ms
[2025-01-09T02:10:26.474+0000][193496.840s][info][gc,phases   ] GC(7151)   Other: 0.2ms
[2025-01-09T02:10:26.474+0000][193496.840s][info][gc,heap     ] GC(7151) Eden regions: 914->0(66)
[2025-01-09T02:10:26.474+0000][193496.840s][info][gc,heap     ] GC(7151) Survivor regions: 8->10(116)
[2025-01-09T02:10:26.474+0000][193496.840s][info][gc,heap     ] GC(7151) Old regions: 232->232
[2025-01-09T02:10:26.474+0000][193496.840s][info][gc,heap     ] GC(7151) Archive regions: 2->2
[2025-01-09T02:10:26.474+0000][193496.840s][info][gc,heap     ] GC(7151) Humongous regions: 49->49
[2025-01-09T02:10:26.474+0000][193496.840s][info][gc,metaspace] GC(7151) Metaspace: 524909K(534272K)->524909K(534272K) NonClass: 460935K(465536K)->460935K(465536K) Class: 63973K(68736K)->63973K(68736K)
[2025-01-09T02:10:26.474+0000][193496.840s][info][gc          ] GC(7151) Pause Young (Prepare Mixed) (GCLocker Initiated GC) 9625M->2329M(12288M) 36.911ms
[2025-01-09T02:10:26.474+0000][193496.840s][info][gc,cpu      ] GC(7151) User=0.21s Sys=0.01s Real=0.04s
[2025-01-09T02:10:26.855+0000][193497.221s][info][gc,start    ] GC(7152) Pause Young (Mixed) (GCLocker Initiated GC)
[2025-01-09T02:10:26.855+0000][193497.221s][info][gc,task     ] GC(7152) Using 6 workers of 6 for evacuation
[2025-01-09T02:10:26.895+0000][193497.261s][info][gc,phases   ] GC(7152)   Pre Evacuate Collection Set: 0.2ms
[2025-01-09T02:10:26.895+0000][193497.261s][info][gc,phases   ] GC(7152)   Merge Heap Roots: 0.4ms
[2025-01-09T02:10:26.895+0000][193497.261s][info][gc,phases   ] GC(7152)   Evacuate Collection Set: 37.9ms
[2025-01-09T02:10:26.895+0000][193497.261s][info][gc,phases   ] GC(7152)   Post Evacuate Collection Set: 1.5ms
[2025-01-09T02:10:26.895+0000][193497.262s][info][gc,phases   ] GC(7152)   Other: 0.2ms
[2025-01-09T02:10:26.895+0000][193497.262s][info][gc,heap     ] GC(7152) Eden regions: 67->0(916)
[2025-01-09T02:10:26.895+0000][193497.262s][info][gc,heap     ] GC(7152) Survivor regions: 10->5(10)
[2025-01-09T02:10:26.895+0000][193497.262s][info][gc,heap     ] GC(7152) Old regions: 232->231
[2025-01-09T02:10:26.895+0000][193497.262s][info][gc,heap     ] GC(7152) Archive regions: 2->2
[2025-01-09T02:10:26.895+0000][193497.262s][info][gc,heap     ] GC(7152) Humongous regions: 49->49
[2025-01-09T02:10:26.895+0000][193497.262s][info][gc,metaspace] GC(7152) Metaspace: 524909K(534272K)->524909K(534272K) NonClass: 460935K(465536K)->460935K(465536K) Class: 63973K(68736K)->63973K(68736K)
[2025-01-09T02:10:26.895+0000][193497.262s][info][gc          ] GC(7152) Pause Young (Mixed) (GCLocker Initiated GC) 2858M->2281M(12288M) 40.205ms
[2025-01-09T02:10:26.895+0000][193497.262s][info][gc,cpu      ] GC(7152) User=0.24s Sys=0.00s Real=0.04s
[2025-01-09T02:10:33.642+0000][193504.008s][info][gc,start    ] GC(7153) Pause Young (Normal) (GCLocker Initiated GC)
[2025-01-09T02:10:33.642+0000][193504.008s][info][gc,task     ] GC(7153) Using 6 workers of 6 for evacuation
[2025-01-09T02:10:33.665+0000][193504.031s][info][gc,phases   ] GC(7153)   Pre Evacuate Collection Set: 0.2ms
[2025-01-09T02:10:33.665+0000][193504.031s][info][gc,phases   ] GC(7153)   Merge Heap Roots: 0.4ms
[2025-01-09T02:10:33.665+0000][193504.031s][info][gc,phases   ] GC(7153)   Evacuate Collection Set: 20.3ms
[2025-01-09T02:10:33.665+0000][193504.031s][info][gc,phases   ] GC(7153)   Post Evacuate Collection Set: 2.4ms
[2025-01-09T02:10:33.665+0000][193504.031s][info][gc,phases   ] GC(7153)   Other: 0.2ms
[2025-01-09T02:10:33.665+0000][193504.031s][info][gc,heap     ] GC(7153) Eden regions: 917->0(915)
[2025-01-09T02:10:33.665+0000][193504.031s][info][gc,heap     ] GC(7153) Survivor regions: 5->6(116)
[2025-01-09T02:10:33.665+0000][193504.031s][info][gc,heap     ] GC(7153) Old regions: 231->231
[2025-01-09T02:10:33.665+0000][193504.031s][info][gc,heap     ] GC(7153) Archive regions: 2->2
[2025-01-09T02:10:33.665+0000][193504.031s][info][gc,heap     ] GC(7153) Humongous regions: 49->49
[2025-01-09T02:10:33.665+0000][193504.031s][info][gc,metaspace] GC(7153) Metaspace: 524909K(534272K)->524909K(534272K) NonClass: 460935K(465536K)->460935K(465536K) Class: 63973K(68736K)->63973K(68736K)
[2025-01-09T02:10:33.665+0000][193504.031s][info][gc          ] GC(7153) Pause Young (Normal) (GCLocker Initiated GC) 9609M->2289M(12288M) 23.498ms
[2025-01-09T02:10:33.665+0000][193504.031s][info][gc,cpu      ] GC(7153) User=0.14s Sys=0.00s Real=0.02s
[2025-01-09T02:10:47.147+0000][193517.513s][info][gc,start    ] GC(7154) Pause Young (Normal) (GCLocker Initiated GC)
[2025-01-09T02:10:47.147+0000][193517.513s][info][gc,task     ] GC(7154) Using 6 workers of 6 for evacuation
[2025-01-09T02:10:47.178+0000][193517.544s][info][gc,phases   ] GC(7154)   Pre Evacuate Collection Set: 0.2ms
[2025-01-09T02:10:47.178+0000][193517.544s][info][gc,phases   ] GC(7154)   Merge Heap Roots: 0.4ms
[2025-01-09T02:10:47.178+0000][193517.544s][info][gc,phases   ] GC(7154)   Evacuate Collection Set: 26.8ms
[2025-01-09T02:10:47.178+0000][193517.544s][info][gc,phases   ] GC(7154)   Post Evacuate Collection Set: 2.9ms
[2025-01-09T02:10:47.178+0000][193517.544s][info][gc,phases   ] GC(7154)   Other: 0.2ms
[2025-01-09T02:10:47.178+0000][193517.544s][info][gc,heap     ] GC(7154) Eden regions: 916->0(914)
[2025-01-09T02:10:47.178+0000][193517.544s][info][gc,heap     ] GC(7154) Survivor regions: 6->7(116)
[2025-01-09T02:10:47.178+0000][193517.544s][info][gc,heap     ] GC(7154) Old regions: 231->231
[2025-01-09T02:10:47.178+0000][193517.544s][info][gc,heap     ] GC(7154) Archive regions: 2->2
[2025-01-09T02:10:47.178+0000][193517.544s][info][gc,heap     ] GC(7154) Humongous regions: 49->49
[2025-01-09T02:10:47.178+0000][193517.544s][info][gc,metaspace] GC(7154) Metaspace: 524909K(534272K)->524909K(534272K) NonClass: 460935K(465536K)->460935K(465536K) Class: 63973K(68736K)->63973K(68736K)
[2025-01-09T02:10:47.178+0000][193517.544s][info][gc          ] GC(7154) Pause Young (Normal) (GCLocker Initiated GC) 9613M->2298M(12288M) 30.585ms
[2025-01-09T02:10:47.178+0000][193517.544s][info][gc,cpu      ] GC(7154) User=0.18s Sys=0.00s Real=0.03s
[2025-01-09T02:10:53.813+0000][193524.179s][info][gc,start    ] GC(7155) Pause Young (Concurrent Start) (GCLocker Initiated GC)
[2025-01-09T02:10:53.813+0000][193524.179s][info][gc,task     ] GC(7155) Using 6 workers of 6 for evacuation
[2025-01-09T02:10:53.845+0000][193524.211s][info][gc,phases   ] GC(7155)   Pre Evacuate Collection Set: 1.1ms
[2025-01-09T02:10:53.845+0000][193524.211s][info][gc,phases   ] GC(7155)   Merge Heap Roots: 0.4ms
[2025-01-09T02:10:53.845+0000][193524.211s][info][gc,phases   ] GC(7155)   Evacuate Collection Set: 27.5ms
[2025-01-09T02:10:53.845+0000][193524.211s][info][gc,phases   ] GC(7155)   Post Evacuate Collection Set: 2.6ms
[2025-01-09T02:10:53.845+0000][193524.211s][info][gc,phases   ] GC(7155)   Other: 0.3ms
[2025-01-09T02:10:53.845+0000][193524.211s][info][gc,heap     ] GC(7155) Eden regions: 914->0(913)
[2025-01-09T02:10:53.845+0000][193524.211s][info][gc,heap     ] GC(7155) Survivor regions: 7->8(116)
[2025-01-09T02:10:53.845+0000][193524.211s][info][gc,heap     ] GC(7155) Old regions: 231->231
[2025-01-09T02:10:53.845+0000][193524.211s][info][gc,heap     ] GC(7155) Archive regions: 2->2
[2025-01-09T02:10:53.845+0000][193524.211s][info][gc,heap     ] GC(7155) Humongous regions: 49->49
[2025-01-09T02:10:53.845+0000][193524.211s][info][gc,metaspace] GC(7155) Metaspace: 524910K(534272K)->524910K(534272K) NonClass: 460936K(465536K)->460936K(465536K) Class: 63973K(68736K)->63973K(68736K)
[2025-01-09T02:10:53.845+0000][193524.211s][info][gc          ] GC(7155) Pause Young (Concurrent Start) (GCLocker Initiated GC) 9610M->2301M(12288M) 31.964ms
[2025-01-09T02:10:53.845+0000][193524.211s][info][gc,cpu      ] GC(7155) User=0.18s Sys=0.00s Real=0.03s
[2025-01-09T02:10:53.845+0000][193524.211s][info][gc          ] GC(7156) Concurrent Mark Cycle
[2025-01-09T02:10:53.845+0000][193524.211s][info][gc,marking  ] GC(7156) Concurrent Clear Claimed Marks
[2025-01-09T02:10:53.846+0000][193524.212s][info][gc,marking  ] GC(7156) Concurrent Clear Claimed Marks 0.854ms
[2025-01-09T02:10:53.846+0000][193524.212s][info][gc,marking  ] GC(7156) Concurrent Scan Root Regions
[2025-01-09T02:10:53.868+0000][193524.234s][info][gc,marking  ] GC(7156) Concurrent Scan Root Regions 22.169ms
[2025-01-09T02:10:53.868+0000][193524.234s][info][gc,marking  ] GC(7156) Concurrent Mark
[2025-01-09T02:10:53.868+0000][193524.234s][info][gc,marking  ] GC(7156) Concurrent Mark From Roots
[2025-01-09T02:10:53.868+0000][193524.234s][info][gc,task     ] GC(7156) Using 2 workers of 2 for marking
[2025-01-09T02:10:54.948+0000][193525.314s][info][gc,marking  ] GC(7156) Concurrent Mark From Roots 1080.111ms
[2025-01-09T02:10:54.948+0000][193525.314s][info][gc,marking  ] GC(7156) Concurrent Preclean
[2025-01-09T02:10:54.951+0000][193525.317s][info][gc,marking  ] GC(7156) Concurrent Preclean 3.333ms
[2025-01-09T02:10:54.952+0000][193525.318s][info][gc,start    ] GC(7156) Pause Remark
[2025-01-09T02:10:54.977+0000][193525.343s][info][gc          ] GC(7156) Pause Remark 3561M->3561M(12288M) 25.438ms
[2025-01-09T02:10:54.977+0000][193525.343s][info][gc,cpu      ] GC(7156) User=0.13s Sys=0.02s Real=0.02s
[2025-01-09T02:10:54.977+0000][193525.343s][info][gc,marking  ] GC(7156) Concurrent Mark 1109.356ms
[2025-01-09T02:10:54.977+0000][193525.343s][info][gc,marking  ] GC(7156) Concurrent Rebuild Remembered Sets
[2025-01-09T02:10:55.725+0000][193526.091s][info][gc,marking  ] GC(7156) Concurrent Rebuild Remembered Sets 747.813ms
[2025-01-09T02:10:55.725+0000][193526.091s][info][gc,start    ] GC(7156) Pause Cleanup
[2025-01-09T02:10:55.726+0000][193526.092s][info][gc          ] GC(7156) Pause Cleanup 4573M->4573M(12288M) 0.471ms
[2025-01-09T02:10:55.726+0000][193526.092s][info][gc,cpu      ] GC(7156) User=0.00s Sys=0.00s Real=0.00s
[2025-01-09T02:10:55.726+0000][193526.092s][info][gc,marking  ] GC(7156) Concurrent Cleanup for Next Mark
[2025-01-09T02:10:55.744+0000][193526.110s][info][gc,marking  ] GC(7156) Concurrent Cleanup for Next Mark 17.794ms
[2025-01-09T02:10:55.744+0000][193526.110s][info][gc          ] GC(7156) Concurrent Mark Cycle 1898.930ms
[2025-01-09T02:11:03.563+0000][193533.929s][info][gc,start    ] GC(7157) Pause Young (Prepare Mixed) (GCLocker Initiated GC)
[2025-01-09T02:11:03.563+0000][193533.929s][info][gc,task     ] GC(7157) Using 6 workers of 6 for evacuation
[2025-01-09T02:11:03.599+0000][193533.965s][info][gc,phases   ] GC(7157)   Pre Evacuate Collection Set: 0.2ms
[2025-01-09T02:11:03.599+0000][193533.965s][info][gc,phases   ] GC(7157)   Merge Heap Roots: 0.6ms
[2025-01-09T02:11:03.599+0000][193533.965s][info][gc,phases   ] GC(7157)   Evacuate Collection Set: 32.9ms
[2025-01-09T02:11:03.599+0000][193533.965s][info][gc,phases   ] GC(7157)   Post Evacuate Collection Set: 2.9ms
[2025-01-09T02:11:03.599+0000][193533.965s][info][gc,phases   ] GC(7157)   Other: 0.2ms
[2025-01-09T02:11:03.599+0000][193533.965s][info][gc,heap     ] GC(7157) Eden regions: 914->0(66)
[2025-01-09T02:11:03.599+0000][193533.965s][info][gc,heap     ] GC(7157) Survivor regions: 8->10(116)
[2025-01-09T02:11:03.599+0000][193533.965s][info][gc,heap     ] GC(7157) Old regions: 231->231
[2025-01-09T02:11:03.599+0000][193533.966s][info][gc,heap     ] GC(7157) Archive regions: 2->2
[2025-01-09T02:11:03.599+0000][193533.966s][info][gc,heap     ] GC(7157) Humongous regions: 49->49
[2025-01-09T02:11:03.599+0000][193533.966s][info][gc,metaspace] GC(7157) Metaspace: 524910K(534272K)->524910K(534272K) NonClass: 460936K(465536K)->460936K(465536K) Class: 63973K(68736K)->63973K(68736K)
[2025-01-09T02:11:03.599+0000][193533.966s][info][gc          ] GC(7157) Pause Young (Prepare Mixed) (GCLocker Initiated GC) 9609M->2321M(12288M) 36.871ms
[2025-01-09T02:11:03.599+0000][193533.966s][info][gc,cpu      ] GC(7157) User=0.22s Sys=0.00s Real=0.03s
[2025-01-09T02:11:04.120+0000][193534.486s][info][gc,start    ] GC(7158) Pause Young (Mixed) (GCLocker Initiated GC)
[2025-01-09T02:11:04.120+0000][193534.486s][info][gc,task     ] GC(7158) Using 6 workers of 6 for evacuation
[2025-01-09T02:11:04.182+0000][193534.548s][info][gc,phases   ] GC(7158)   Pre Evacuate Collection Set: 0.2ms
[2025-01-09T02:11:04.182+0000][193534.548s][info][gc,phases   ] GC(7158)   Merge Heap Roots: 0.5ms
[2025-01-09T02:11:04.182+0000][193534.548s][info][gc,phases   ] GC(7158)   Evacuate Collection Set: 59.6ms
[2025-01-09T02:11:04.182+0000][193534.548s][info][gc,phases   ] GC(7158)   Post Evacuate Collection Set: 1.7ms
[2025-01-09T02:11:04.182+0000][193534.548s][info][gc,phases   ] GC(7158)   Other: 0.2ms
[2025-01-09T02:11:04.182+0000][193534.548s][info][gc,heap     ] GC(7158) Eden regions: 67->0(916)
[2025-01-09T02:11:04.182+0000][193534.548s][info][gc,heap     ] GC(7158) Survivor regions: 10->5(10)
[2025-01-09T02:11:04.182+0000][193534.548s][info][gc,heap     ] GC(7158) Old regions: 231->231
[2025-01-09T02:11:04.182+0000][193534.548s][info][gc,heap     ] GC(7158) Archive regions: 2->2
[2025-01-09T02:11:04.182+0000][193534.548s][info][gc,heap     ] GC(7158) Humongous regions: 49->49
[2025-01-09T02:11:04.182+0000][193534.548s][info][gc,metaspace] GC(7158) Metaspace: 524910K(534272K)->524910K(534272K) NonClass: 460936K(465536K)->460936K(465536K) Class: 63973K(68736K)->63973K(68736K)
[2025-01-09T02:11:04.182+0000][193534.548s][info][gc          ] GC(7158) Pause Young (Mixed) (GCLocker Initiated GC) 2850M->2282M(12288M) 62.251ms
[2025-01-09T02:11:04.182+0000][193534.548s][info][gc,cpu      ] GC(7158) User=0.36s Sys=0.00s Real=0.07s
[2025-01-09T02:11:11.401+0000][193541.767s][info][gc,start    ] GC(7159) Pause Young (Normal) (GCLocker Initiated GC)
[2025-01-09T02:11:11.401+0000][193541.767s][info][gc,task     ] GC(7159) Using 6 workers of 6 for evacuation
[2025-01-09T02:11:11.425+0000][193541.791s][info][gc,phases   ] GC(7159)   Pre Evacuate Collection Set: 0.2ms
[2025-01-09T02:11:11.425+0000][193541.791s][info][gc,phases   ] GC(7159)   Merge Heap Roots: 0.4ms
[2025-01-09T02:11:11.425+0000][193541.791s][info][gc,phases   ] GC(7159)   Evacuate Collection Set: 21.3ms
[2025-01-09T02:11:11.425+0000][193541.791s][info][gc,phases   ] GC(7159)   Post Evacuate Collection Set: 2.5ms
[2025-01-09T02:11:11.425+0000][193541.791s][info][gc,phases   ] GC(7159)   Other: 0.2ms
[2025-01-09T02:11:11.425+0000][193541.791s][info][gc,heap     ] GC(7159) Eden regions: 916->0(915)
[2025-01-09T02:11:11.425+0000][193541.791s][info][gc,heap     ] GC(7159) Survivor regions: 5->6(116)
[2025-01-09T02:11:11.425+0000][193541.791s][info][gc,heap     ] GC(7159) Old regions: 231->231
[2025-01-09T02:11:11.425+0000][193541.791s][info][gc,heap     ] GC(7159) Archive regions: 2->2
[2025-01-09T02:11:11.425+0000][193541.791s][info][gc,heap     ] GC(7159) Humongous regions: 49->49
[2025-01-09T02:11:11.425+0000][193541.791s][info][gc,metaspace] GC(7159) Metaspace: 524910K(534272K)->524910K(534272K) NonClass: 460936K(465536K)->460936K(465536K) Class: 63973K(68736K)->63973K(68736K)
[2025-01-09T02:11:11.425+0000][193541.792s][info][gc          ] GC(7159) Pause Young (Normal) (GCLocker Initiated GC) 9610M->2289M(12288M) 24.694ms
[2025-01-09T02:11:11.425+0000][193541.792s][info][gc,cpu      ] GC(7159) User=0.15s Sys=0.00s Real=0.03s
[2025-01-09T02:11:15.502+0000][193545.868s][info][gc,start    ] GC(7160) Pause Young (Normal) (GCLocker Initiated GC)
[2025-01-09T02:11:15.502+0000][193545.868s][info][gc,task     ] GC(7160) Using 6 workers of 6 for evacuation
[2025-01-09T02:11:15.527+0000][193545.894s][info][gc,phases   ] GC(7160)   Pre Evacuate Collection Set: 0.2ms
[2025-01-09T02:11:15.527+0000][193545.894s][info][gc,phases   ] GC(7160)   Merge Heap Roots: 0.4ms
[2025-01-09T02:11:15.527+0000][193545.894s][info][gc,phases   ] GC(7160)   Evacuate Collection Set: 21.4ms
[2025-01-09T02:11:15.527+0000][193545.894s][info][gc,phases   ] GC(7160)   Post Evacuate Collection Set: 3.7ms
[2025-01-09T02:11:15.527+0000][193545.894s][info][gc,phases   ] GC(7160)   Other: 0.2ms
[2025-01-09T02:11:15.527+0000][193545.894s][info][gc,heap     ] GC(7160) Eden regions: 916->0(914)
[2025-01-09T02:11:15.527+0000][193545.894s][info][gc,heap     ] GC(7160) Survivor regions: 6->7(116)
[2025-01-09T02:11:15.527+0000][193545.894s][info][gc,heap     ] GC(7160) Old regions: 231->231
[2025-01-09T02:11:15.527+0000][193545.894s][info][gc,heap     ] GC(7160) Archive regions: 2->2
[2025-01-09T02:11:15.527+0000][193545.894s][info][gc,heap     ] GC(7160) Humongous regions: 49->49
[2025-01-09T02:11:15.527+0000][193545.894s][info][gc,metaspace] GC(7160) Metaspace: 524910K(534272K)->524910K(534272K) NonClass: 460936K(465536K)->460936K(465536K) Class: 63973K(68736K)->63973K(68736K)
[2025-01-09T02:11:15.527+0000][193545.894s][info][gc          ] GC(7160) Pause Young (Normal) (GCLocker Initiated GC) 9612M->2299M(12288M) 25.909ms
[2025-01-09T02:11:15.528+0000][193545.894s][info][gc,cpu      ] GC(7160) User=0.15s Sys=0.00s Real=0.02s
[2025-01-09T02:11:21.909+0000][193552.275s][info][gc,start    ] GC(7161) Pause Young (Concurrent Start) (GCLocker Initiated GC)
[2025-01-09T02:11:21.909+0000][193552.275s][info][gc,task     ] GC(7161) Using 6 workers of 6 for evacuation
[2025-01-09T02:11:21.940+0000][193552.307s][info][gc,phases   ] GC(7161)   Pre Evacuate Collection Set: 1.2ms
[2025-01-09T02:11:21.940+0000][193552.307s][info][gc,phases   ] GC(7161)   Merge Heap Roots: 0.4ms
[2025-01-09T02:11:21.940+0000][193552.307s][info][gc,phases   ] GC(7161)   Evacuate Collection Set: 25.8ms
[2025-01-09T02:11:21.940+0000][193552.307s][info][gc,phases   ] GC(7161)   Post Evacuate Collection Set: 3.8ms
[2025-01-09T02:11:21.940+0000][193552.307s][info][gc,phases   ] GC(7161)   Other: 0.3ms
[2025-01-09T02:11:21.940+0000][193552.307s][info][gc,heap     ] GC(7161) Eden regions: 915->0(912)
[2025-01-09T02:11:21.940+0000][193552.307s][info][gc,heap     ] GC(7161) Survivor regions: 7->9(116)
[2025-01-09T02:11:21.940+0000][193552.307s][info][gc,heap     ] GC(7161) Old regions: 231->231
[2025-01-09T02:11:21.940+0000][193552.307s][info][gc,heap     ] GC(7161) Archive regions: 2->2
[2025-01-09T02:11:21.940+0000][193552.307s][info][gc,heap     ] GC(7161) Humongous regions: 49->49
[2025-01-09T02:11:21.941+0000][193552.307s][info][gc,metaspace] GC(7161) Metaspace: 524910K(534272K)->524910K(534272K) NonClass: 460936K(465536K)->460936K(465536K) Class: 63973K(68736K)->63973K(68736K)
[2025-01-09T02:11:21.941+0000][193552.307s][info][gc          ] GC(7161) Pause Young (Concurrent Start) (GCLocker Initiated GC) 9615M->2311M(12288M) 31.551ms
[2025-01-09T02:11:21.941+0000][193552.307s][info][gc,cpu      ] GC(7161) User=0.18s Sys=0.00s Real=0.03s
[2025-01-09T02:11:21.941+0000][193552.307s][info][gc          ] GC(7162) Concurrent Mark Cycle
[2025-01-09T02:11:21.941+0000][193552.307s][info][gc,marking  ] GC(7162) Concurrent Clear Claimed Marks
[2025-01-09T02:11:21.942+0000][193552.308s][info][gc,marking  ] GC(7162) Concurrent Clear Claimed Marks 0.913ms
[2025-01-09T02:11:21.942+0000][193552.308s][info][gc,marking  ] GC(7162) Concurrent Scan Root Regions
[2025-01-09T02:11:21.964+0000][193552.330s][info][gc,marking  ] GC(7162) Concurrent Scan Root Regions 22.136ms
[2025-01-09T02:11:21.964+0000][193552.330s][info][gc,marking  ] GC(7162) Concurrent Mark
[2025-01-09T02:11:21.964+0000][193552.330s][info][gc,marking  ] GC(7162) Concurrent Mark From Roots
[2025-01-09T02:11:21.964+0000][193552.330s][info][gc,task     ] GC(7162) Using 2 workers of 2 for marking
[2025-01-09T02:11:22.902+0000][193553.268s][info][gc,marking  ] GC(7162) Concurrent Mark From Roots 938.588ms
[2025-01-09T02:11:22.902+0000][193553.268s][info][gc,marking  ] GC(7162) Concurrent Preclean
[2025-01-09T02:11:22.905+0000][193553.271s][info][gc,marking  ] GC(7162) Concurrent Preclean 2.353ms
[2025-01-09T02:11:22.905+0000][193553.271s][info][gc,start    ] GC(7162) Pause Remark
[2025-01-09T02:11:22.930+0000][193553.296s][info][gc          ] GC(7162) Pause Remark 3211M->3211M(12288M) 25.214ms
[2025-01-09T02:11:22.930+0000][193553.296s][info][gc,cpu      ] GC(7162) User=0.15s Sys=0.00s Real=0.03s
[2025-01-09T02:11:22.930+0000][193553.296s][info][gc,marking  ] GC(7162) Concurrent Mark 966.448ms
[2025-01-09T02:11:22.930+0000][193553.296s][info][gc,marking  ] GC(7162) Concurrent Rebuild Remembered Sets
[2025-01-09T02:11:23.421+0000][193553.787s][info][gc,marking  ] GC(7162) Concurrent Rebuild Remembered Sets 490.933ms
[2025-01-09T02:11:23.421+0000][193553.787s][info][gc,start    ] GC(7162) Pause Cleanup
[2025-01-09T02:11:23.422+0000][193553.788s][info][gc          ] GC(7162) Pause Cleanup 3579M->3579M(12288M) 0.458ms
[2025-01-09T02:11:23.422+0000][193553.788s][info][gc,cpu      ] GC(7162) User=0.00s Sys=0.01s Real=0.01s
[2025-01-09T02:11:23.422+0000][193553.788s][info][gc,marking  ] GC(7162) Concurrent Cleanup for Next Mark
[2025-01-09T02:11:23.437+0000][193553.803s][info][gc,marking  ] GC(7162) Concurrent Cleanup for Next Mark 15.305ms
[2025-01-09T02:11:23.437+0000][193553.803s][info][gc          ] GC(7162) Concurrent Mark Cycle 1496.579ms
[2025-01-09T02:11:31.150+0000][193561.516s][info][gc,start    ] GC(7163) Pause Young (Prepare Mixed) (GCLocker Initiated GC)
[2025-01-09T02:11:31.150+0000][193561.516s][info][gc,task     ] GC(7163) Using 6 workers of 6 for evacuation
[2025-01-09T02:11:31.182+0000][193561.549s][info][gc,phases   ] GC(7163)   Pre Evacuate Collection Set: 0.2ms
[2025-01-09T02:11:31.182+0000][193561.549s][info][gc,phases   ] GC(7163)   Merge Heap Roots: 0.6ms
[2025-01-09T02:11:31.182+0000][193561.549s][info][gc,phases   ] GC(7163)   Evacuate Collection Set: 29.2ms
[2025-01-09T02:11:31.182+0000][193561.549s][info][gc,phases   ] GC(7163)   Post Evacuate Collection Set: 2.5ms
[2025-01-09T02:11:31.182+0000][193561.549s][info][gc,phases   ] GC(7163)   Other: 0.2ms
[2025-01-09T02:11:31.182+0000][193561.549s][info][gc,heap     ] GC(7163) Eden regions: 912->0(67)
[2025-01-09T02:11:31.182+0000][193561.549s][info][gc,heap     ] GC(7163) Survivor regions: 9->9(116)
[2025-01-09T02:11:31.182+0000][193561.549s][info][gc,heap     ] GC(7163) Old regions: 231->231
[2025-01-09T02:11:31.182+0000][193561.549s][info][gc,heap     ] GC(7163) Archive regions: 2->2
[2025-01-09T02:11:31.182+0000][193561.549s][info][gc,heap     ] GC(7163) Humongous regions: 49->49
[2025-01-09T02:11:31.182+0000][193561.549s][info][gc,metaspace] GC(7163) Metaspace: 524910K(534272K)->524910K(534272K) NonClass: 460936K(465536K)->460936K(465536K) Class: 63973K(68736K)->63973K(68736K)
[2025-01-09T02:11:31.183+0000][193561.549s][info][gc          ] GC(7163) Pause Young (Prepare Mixed) (GCLocker Initiated GC) 9607M->2314M(12288M) 32.808ms
[2025-01-09T02:11:31.183+0000][193561.549s][info][gc,cpu      ] GC(7163) User=0.19s Sys=0.00s Real=0.03s
[2025-01-09T02:11:31.454+0000][193561.821s][info][gc,start    ] GC(7164) Pause Young (Mixed) (GCLocker Initiated GC)
[2025-01-09T02:11:31.455+0000][193561.821s][info][gc,task     ] GC(7164) Using 6 workers of 6 for evacuation
[2025-01-09T02:11:31.526+0000][193561.893s][info][gc,phases   ] GC(7164)   Pre Evacuate Collection Set: 0.2ms
[2025-01-09T02:11:31.527+0000][193561.893s][info][gc,phases   ] GC(7164)   Merge Heap Roots: 0.7ms
[2025-01-09T02:11:31.527+0000][193561.893s][info][gc,phases   ] GC(7164)   Evacuate Collection Set: 67.7ms
[2025-01-09T02:11:31.527+0000][193561.893s][info][gc,phases   ] GC(7164)   Post Evacuate Collection Set: 3.3ms
[2025-01-09T02:11:31.527+0000][193561.893s][info][gc,phases   ] GC(7164)   Other: 0.2ms
[2025-01-09T02:11:31.527+0000][193561.893s][info][gc,heap     ] GC(7164) Eden regions: 68->0(914)
[2025-01-09T02:11:31.527+0000][193561.893s][info][gc,heap     ] GC(7164) Survivor regions: 9->7(10)
[2025-01-09T02:11:31.527+0000][193561.893s][info][gc,heap     ] GC(7164) Old regions: 231->230
[2025-01-09T02:11:31.527+0000][193561.893s][info][gc,heap     ] GC(7164) Archive regions: 2->2
[2025-01-09T02:11:31.527+0000][193561.893s][info][gc,heap     ] GC(7164) Humongous regions: 49->49
[2025-01-09T02:11:31.527+0000][193561.893s][info][gc,metaspace] GC(7164) Metaspace: 524910K(534272K)->524910K(534272K) NonClass: 460936K(465536K)->460936K(465536K) Class: 63973K(68736K)->63973K(68736K)
[2025-01-09T02:11:31.527+0000][193561.893s][info][gc          ] GC(7164) Pause Young (Mixed) (GCLocker Initiated GC) 2850M->2284M(12288M) 72.111ms
[2025-01-09T02:11:31.527+0000][193561.893s][info][gc,cpu      ] GC(7164) User=0.42s Sys=0.00s Real=0.07s
[2025-01-09T02:11:36.938+0000][193567.304s][info][gc,start    ] GC(7165) Pause Young (Normal) (GCLocker Initiated GC)
[2025-01-09T02:11:36.938+0000][193567.304s][info][gc,task     ] GC(7165) Using 6 workers of 6 for evacuation
[2025-01-09T02:11:36.961+0000][193567.327s][info][gc,phases   ] GC(7165)   Pre Evacuate Collection Set: 0.2ms
[2025-01-09T02:11:36.961+0000][193567.327s][info][gc,phases   ] GC(7165)   Merge Heap Roots: 0.4ms
[2025-01-09T02:11:36.961+0000][193567.327s][info][gc,phases   ] GC(7165)   Evacuate Collection Set: 20.3ms
[2025-01-09T02:11:36.961+0000][193567.327s][info][gc,phases   ] GC(7165)   Post Evacuate Collection Set: 2.3ms
[2025-01-09T02:11:36.961+0000][193567.327s][info][gc,phases   ] GC(7165)   Other: 0.2ms
[2025-01-09T02:11:36.961+0000][193567.327s][info][gc,heap     ] GC(7165) Eden regions: 915->0(915)
[2025-01-09T02:11:36.961+0000][193567.327s][info][gc,heap     ] GC(7165) Survivor regions: 7->6(116)
[2025-01-09T02:11:36.961+0000][193567.327s][info][gc,heap     ] GC(7165) Old regions: 230->230
[2025-01-09T02:11:36.961+0000][193567.327s][info][gc,heap     ] GC(7165) Archive regions: 2->2
[2025-01-09T02:11:36.961+0000][193567.327s][info][gc,heap     ] GC(7165) Humongous regions: 49->49
[2025-01-09T02:11:36.961+0000][193567.327s][info][gc,metaspace] GC(7165) Metaspace: 524911K(534272K)->524911K(534272K) NonClass: 460937K(465536K)->460937K(465536K) Class: 63973K(68736K)->63973K(68736K)
[2025-01-09T02:11:36.961+0000][193567.327s][info][gc          ] GC(7165) Pause Young (Normal) (GCLocker Initiated GC) 9600M->2275M(12288M) 23.512ms
[2025-01-09T02:11:36.961+0000][193567.327s][info][gc,cpu      ] GC(7165) User=0.14s Sys=0.00s Real=0.02s
[2025-01-09T02:11:44.397+0000][193574.763s][info][gc,start    ] GC(7166) Pause Young (Normal) (GCLocker Initiated GC)
[2025-01-09T02:11:44.397+0000][193574.763s][info][gc,task     ] GC(7166) Using 6 workers of 6 for evacuation
[2025-01-09T02:11:44.423+0000][193574.789s][info][gc,phases   ] GC(7166)   Pre Evacuate Collection Set: 0.2ms
[2025-01-09T02:11:44.423+0000][193574.789s][info][gc,phases   ] GC(7166)   Merge Heap Roots: 0.4ms
[2025-01-09T02:11:44.423+0000][193574.789s][info][gc,phases   ] GC(7166)   Evacuate Collection Set: 22.7ms
[2025-01-09T02:11:44.423+0000][193574.789s][info][gc,phases   ] GC(7166)   Post Evacuate Collection Set: 2.6ms
[2025-01-09T02:11:44.423+0000][193574.789s][info][gc,phases   ] GC(7166)   Other: 0.2ms
[2025-01-09T02:11:44.423+0000][193574.789s][info][gc,heap     ] GC(7166) Eden regions: 915->0(914)
[2025-01-09T02:11:44.423+0000][193574.789s][info][gc,heap     ] GC(7166) Survivor regions: 6->7(116)
[2025-01-09T02:11:44.423+0000][193574.789s][info][gc,heap     ] GC(7166) Old regions: 230->230
[2025-01-09T02:11:44.423+0000][193574.789s][info][gc,heap     ] GC(7166) Archive regions: 2->2
[2025-01-09T02:11:44.423+0000][193574.789s][info][gc,heap     ] GC(7166) Humongous regions: 49->49
[2025-01-09T02:11:44.423+0000][193574.789s][info][gc,metaspace] GC(7166) Metaspace: 524911K(534272K)->524911K(534272K) NonClass: 460937K(465536K)->460937K(465536K) Class: 63973K(68736K)->63973K(68736K)
[2025-01-09T02:11:44.423+0000][193574.789s][info][gc          ] GC(7166) Pause Young (Normal) (GCLocker Initiated GC) 9595M->2281M(12288M) 26.070ms
[2025-01-09T02:11:44.423+0000][193574.789s][info][gc,cpu      ] GC(7166) User=0.16s Sys=0.00s Real=0.03s
[2025-01-09T02:11:52.601+0000][193582.967s][info][gc,start    ] GC(7167) Pause Young (Concurrent Start) (GCLocker Initiated GC)
[2025-01-09T02:11:52.601+0000][193582.967s][info][gc,task     ] GC(7167) Using 6 workers of 6 for evacuation
[2025-01-09T02:11:52.632+0000][193582.999s][info][gc,phases   ] GC(7167)   Pre Evacuate Collection Set: 1.1ms
[2025-01-09T02:11:52.633+0000][193582.999s][info][gc,phases   ] GC(7167)   Merge Heap Roots: 0.4ms
[2025-01-09T02:11:52.633+0000][193582.999s][info][gc,phases   ] GC(7167)   Evacuate Collection Set: 27.6ms
[2025-01-09T02:11:52.633+0000][193582.999s][info][gc,phases   ] GC(7167)   Post Evacuate Collection Set: 2.5ms
[2025-01-09T02:11:52.633+0000][193582.999s][info][gc,phases   ] GC(7167)   Other: 0.3ms
[2025-01-09T02:11:52.633+0000][193582.999s][info][gc,heap     ] GC(7167) Eden regions: 915->0(913)
[2025-01-09T02:11:52.633+0000][193582.999s][info][gc,heap     ] GC(7167) Survivor regions: 7->8(116)
[2025-01-09T02:11:52.633+0000][193582.999s][info][gc,heap     ] GC(7167) Old regions: 230->230
[2025-01-09T02:11:52.633+0000][193582.999s][info][gc,heap     ] GC(7167) Archive regions: 2->2
[2025-01-09T02:11:52.633+0000][193582.999s][info][gc,heap     ] GC(7167) Humongous regions: 49->49
[2025-01-09T02:11:52.633+0000][193582.999s][info][gc,metaspace] GC(7167) Metaspace: 524919K(534272K)->524919K(534272K) NonClass: 460945K(465536K)->460945K(465536K) Class: 63973K(68736K)->63973K(68736K)
[2025-01-09T02:11:52.633+0000][193582.999s][info][gc          ] GC(7167) Pause Young (Concurrent Start) (GCLocker Initiated GC) 9597M->2295M(12288M) 32.058ms
[2025-01-09T02:11:52.633+0000][193582.999s][info][gc,cpu      ] GC(7167) User=0.18s Sys=0.00s Real=0.04s
[2025-01-09T02:11:52.633+0000][193582.999s][info][gc          ] GC(7168) Concurrent Mark Cycle
[2025-01-09T02:11:52.633+0000][193582.999s][info][gc,marking  ] GC(7168) Concurrent Clear Claimed Marks
[2025-01-09T02:11:52.634+0000][193583.000s][info][gc,marking  ] GC(7168) Concurrent Clear Claimed Marks 0.952ms
[2025-01-09T02:11:52.634+0000][193583.000s][info][gc,marking  ] GC(7168) Concurrent Scan Root Regions
[2025-01-09T02:11:52.661+0000][193583.028s][info][gc,marking  ] GC(7168) Concurrent Scan Root Regions 27.830ms
[2025-01-09T02:11:52.662+0000][193583.028s][info][gc,marking  ] GC(7168) Concurrent Mark
[2025-01-09T02:11:52.662+0000][193583.028s][info][gc,marking  ] GC(7168) Concurrent Mark From Roots
[2025-01-09T02:11:52.662+0000][193583.028s][info][gc,task     ] GC(7168) Using 2 workers of 2 for marking
[2025-01-09T02:11:53.546+0000][193583.912s][info][gc,marking  ] GC(7168) Concurrent Mark From Roots 884.413ms
[2025-01-09T02:11:53.546+0000][193583.912s][info][gc,marking  ] GC(7168) Concurrent Preclean
[2025-01-09T02:11:53.549+0000][193583.915s][info][gc,marking  ] GC(7168) Concurrent Preclean 3.185ms
[2025-01-09T02:11:53.549+0000][193583.915s][info][gc,start    ] GC(7168) Pause Remark
[2025-01-09T02:11:53.575+0000][193583.941s][info][gc          ] GC(7168) Pause Remark 3191M->3191M(12288M) 25.906ms
[2025-01-09T02:11:53.575+0000][193583.941s][info][gc,cpu      ] GC(7168) User=0.15s Sys=0.00s Real=0.03s
[2025-01-09T02:11:53.575+0000][193583.942s][info][gc,marking  ] GC(7168) Concurrent Mark 913.893ms
[2025-01-09T02:11:53.575+0000][193583.942s][info][gc,marking  ] GC(7168) Concurrent Rebuild Remembered Sets
[2025-01-09T02:11:54.078+0000][193584.444s][info][gc,marking  ] GC(7168) Concurrent Rebuild Remembered Sets 502.638ms
[2025-01-09T02:11:54.078+0000][193584.444s][info][gc,start    ] GC(7168) Pause Cleanup
[2025-01-09T02:11:54.079+0000][193584.445s][info][gc          ] GC(7168) Pause Cleanup 3619M->3619M(12288M) 0.387ms
[2025-01-09T02:11:54.079+0000][193584.445s][info][gc,cpu      ] GC(7168) User=0.00s Sys=0.00s Real=0.00s
[2025-01-09T02:11:54.079+0000][193584.445s][info][gc,marking  ] GC(7168) Concurrent Cleanup for Next Mark
[2025-01-09T02:11:54.106+0000][193584.473s][info][gc,marking  ] GC(7168) Concurrent Cleanup for Next Mark 27.733ms
[2025-01-09T02:11:54.106+0000][193584.473s][info][gc          ] GC(7168) Concurrent Mark Cycle 1473.812ms
[2025-01-09T02:11:58.688+0000][193589.054s][info][gc,start    ] GC(7169) Pause Young (Prepare Mixed) (GCLocker Initiated GC)
[2025-01-09T02:11:58.688+0000][193589.054s][info][gc,task     ] GC(7169) Using 6 workers of 6 for evacuation
[2025-01-09T02:11:58.722+0000][193589.088s][info][gc,phases   ] GC(7169)   Pre Evacuate Collection Set: 0.2ms
[2025-01-09T02:11:58.722+0000][193589.088s][info][gc,phases   ] GC(7169)   Merge Heap Roots: 0.6ms
[2025-01-09T02:11:58.722+0000][193589.088s][info][gc,phases   ] GC(7169)   Evacuate Collection Set: 30.5ms
[2025-01-09T02:11:58.722+0000][193589.088s][info][gc,phases   ] GC(7169)   Post Evacuate Collection Set: 2.7ms
[2025-01-09T02:11:58.722+0000][193589.088s][info][gc,phases   ] GC(7169)   Other: 0.2ms
[2025-01-09T02:11:58.722+0000][193589.089s][info][gc,heap     ] GC(7169) Eden regions: 913->0(67)
[2025-01-09T02:11:58.722+0000][193589.089s][info][gc,heap     ] GC(7169) Survivor regions: 8->9(116)
[2025-01-09T02:11:58.722+0000][193589.089s][info][gc,heap     ] GC(7169) Old regions: 230->230
[2025-01-09T02:11:58.722+0000][193589.089s][info][gc,heap     ] GC(7169) Archive regions: 2->2
[2025-01-09T02:11:58.722+0000][193589.089s][info][gc,heap     ] GC(7169) Humongous regions: 49->49
[2025-01-09T02:11:58.722+0000][193589.089s][info][gc,metaspace] GC(7169) Metaspace: 524919K(534272K)->524919K(534272K) NonClass: 460945K(465536K)->460945K(465536K) Class: 63973K(68736K)->63973K(68736K)
[2025-01-09T02:11:58.722+0000][193589.089s][info][gc          ] GC(7169) Pause Young (Prepare Mixed) (GCLocker Initiated GC) 9599M->2301M(12288M) 34.321ms
[2025-01-09T02:11:58.723+0000][193589.089s][info][gc,cpu      ] GC(7169) User=0.20s Sys=0.00s Real=0.04s
[2025-01-09T02:12:00.197+0000][193590.563s][info][gc,start    ] GC(7170) Pause Young (Mixed) (G1 Evacuation Pause)
[2025-01-09T02:12:00.197+0000][193590.563s][info][gc,task     ] GC(7170) Using 6 workers of 6 for evacuation
[2025-01-09T02:12:00.268+0000][193590.634s][info][gc,phases   ] GC(7170)   Pre Evacuate Collection Set: 0.2ms
[2025-01-09T02:12:00.268+0000][193590.634s][info][gc,phases   ] GC(7170)   Merge Heap Roots: 0.8ms
[2025-01-09T02:12:00.268+0000][193590.634s][info][gc,phases   ] GC(7170)   Evacuate Collection Set: 68.2ms
[2025-01-09T02:12:00.268+0000][193590.634s][info][gc,phases   ] GC(7170)   Post Evacuate Collection Set: 1.8ms
[2025-01-09T02:12:00.268+0000][193590.634s][info][gc,phases   ] GC(7170)   Other: 0.2ms
[2025-01-09T02:12:00.268+0000][193590.634s][info][gc,heap     ] GC(7170) Eden regions: 67->0(916)
[2025-01-09T02:12:00.268+0000][193590.634s][info][gc,heap     ] GC(7170) Survivor regions: 9->5(10)
[2025-01-09T02:12:00.268+0000][193590.634s][info][gc,heap     ] GC(7170) Old regions: 230->229
[2025-01-09T02:12:00.268+0000][193590.634s][info][gc,heap     ] GC(7170) Archive regions: 2->2
[2025-01-09T02:12:00.268+0000][193590.634s][info][gc,heap     ] GC(7170) Humongous regions: 49->49
[2025-01-09T02:12:00.268+0000][193590.634s][info][gc,metaspace] GC(7170) Metaspace: 524919K(534272K)->524919K(534272K) NonClass: 460945K(465536K)->460945K(465536K) Class: 63973K(68736K)->63973K(68736K)
[2025-01-09T02:12:00.268+0000][193590.634s][info][gc          ] GC(7170) Pause Young (Mixed) (G1 Evacuation Pause) 2837M->2270M(12288M) 71.211ms
[2025-01-09T02:12:00.268+0000][193590.634s][info][gc,cpu      ] GC(7170) User=0.40s Sys=0.00s Real=0.07s
[2025-01-09T02:12:09.445+0000][193599.811s][info][gc,start    ] GC(7171) Pause Young (Normal) (G1 Evacuation Pause)
[2025-01-09T02:12:09.445+0000][193599.811s][info][gc,task     ] GC(7171) Using 6 workers of 6 for evacuation
[2025-01-09T02:12:09.478+0000][193599.844s][info][gc,phases   ] GC(7171)   Pre Evacuate Collection Set: 0.2ms
[2025-01-09T02:12:09.478+0000][193599.844s][info][gc,phases   ] GC(7171)   Merge Heap Roots: 0.5ms
[2025-01-09T02:12:09.478+0000][193599.844s][info][gc,phases   ] GC(7171)   Evacuate Collection Set: 28.3ms
[2025-01-09T02:12:09.478+0000][193599.844s][info][gc,phases   ] GC(7171)   Post Evacuate Collection Set: 3.9ms
[2025-01-09T02:12:09.478+0000][193599.844s][info][gc,phases   ] GC(7171)   Other: 0.2ms
[2025-01-09T02:12:09.478+0000][193599.844s][info][gc,heap     ] GC(7171) Eden regions: 916->0(913)
[2025-01-09T02:12:09.478+0000][193599.844s][info][gc,heap     ] GC(7171) Survivor regions: 5->8(116)
[2025-01-09T02:12:09.478+0000][193599.844s][info][gc,heap     ] GC(7171) Old regions: 229->229
[2025-01-09T02:12:09.478+0000][193599.844s][info][gc,heap     ] GC(7171) Archive regions: 2->2
[2025-01-09T02:12:09.478+0000][193599.844s][info][gc,heap     ] GC(7171) Humongous regions: 49->49
[2025-01-09T02:12:09.478+0000][193599.844s][info][gc,metaspace] GC(7171) Metaspace: 524919K(534272K)->524919K(534272K) NonClass: 460945K(465536K)->460945K(465536K) Class: 63973K(68736K)->63973K(68736K)
[2025-01-09T02:12:09.478+0000][193599.844s][info][gc          ] GC(7171) Pause Young (Normal) (G1 Evacuation Pause) 9598M->2292M(12288M) 33.124ms
[2025-01-09T02:12:09.478+0000][193599.844s][info][gc,cpu      ] GC(7171) User=0.20s Sys=0.00s Real=0.03s
[2025-01-09T02:12:16.821+0000][193607.187s][info][gc,start    ] GC(7172) Pause Young (Normal) (GCLocker Initiated GC)
[2025-01-09T02:12:16.821+0000][193607.187s][info][gc,task     ] GC(7172) Using 6 workers of 6 for evacuation
[2025-01-09T02:12:16.854+0000][193607.221s][info][gc,phases   ] GC(7172)   Pre Evacuate Collection Set: 0.2ms
[2025-01-09T02:12:16.855+0000][193607.221s][info][gc,phases   ] GC(7172)   Merge Heap Roots: 0.4ms
[2025-01-09T02:12:16.855+0000][193607.221s][info][gc,phases   ] GC(7172)   Evacuate Collection Set: 28.8ms
[2025-01-09T02:12:16.855+0000][193607.221s][info][gc,phases   ] GC(7172)   Post Evacuate Collection Set: 3.9ms
[2025-01-09T02:12:16.855+0000][193607.221s][info][gc,phases   ] GC(7172)   Other: 0.2ms
[2025-01-09T02:12:16.855+0000][193607.221s][info][gc,heap     ] GC(7172) Eden regions: 914->0(912)
[2025-01-09T02:12:16.855+0000][193607.221s][info][gc,heap     ] GC(7172) Survivor regions: 8->9(116)
[2025-01-09T02:12:16.855+0000][193607.221s][info][gc,heap     ] GC(7172) Old regions: 229->229
[2025-01-09T02:12:16.855+0000][193607.221s][info][gc,heap     ] GC(7172) Archive regions: 2->2
[2025-01-09T02:12:16.855+0000][193607.221s][info][gc,heap     ] GC(7172) Humongous regions: 49->49
[2025-01-09T02:12:16.855+0000][193607.221s][info][gc,metaspace] GC(7172) Metaspace: 524919K(534272K)->524919K(534272K) NonClass: 460945K(465536K)->460945K(465536K) Class: 63973K(68736K)->63973K(68736K)
[2025-01-09T02:12:16.855+0000][193607.221s][info][gc          ] GC(7172) Pause Young (Normal) (GCLocker Initiated GC) 9596M->2299M(12288M) 33.606ms
[2025-01-09T02:12:16.855+0000][193607.221s][info][gc,cpu      ] GC(7172) User=0.20s Sys=0.00s Real=0.04s
[2025-01-09T02:12:25.274+0000][193615.640s][info][gc,start    ] GC(7173) Pause Young (Concurrent Start) (GCLocker Initiated GC)
[2025-01-09T02:12:25.274+0000][193615.640s][info][gc,task     ] GC(7173) Using 6 workers of 6 for evacuation
[2025-01-09T02:12:25.315+0000][193615.681s][info][gc,phases   ] GC(7173)   Pre Evacuate Collection Set: 1.1ms
[2025-01-09T02:12:25.315+0000][193615.681s][info][gc,phases   ] GC(7173)   Merge Heap Roots: 0.4ms
[2025-01-09T02:12:25.315+0000][193615.681s][info][gc,phases   ] GC(7173)   Evacuate Collection Set: 35.2ms
[2025-01-09T02:12:25.315+0000][193615.681s][info][gc,phases   ] GC(7173)   Post Evacuate Collection Set: 4.3ms
[2025-01-09T02:12:25.315+0000][193615.681s][info][gc,phases   ] GC(7173)   Other: 0.3ms
[2025-01-09T02:12:25.315+0000][193615.681s][info][gc,heap     ] GC(7173) Eden regions: 913->0(911)
[2025-01-09T02:12:25.315+0000][193615.681s][info][gc,heap     ] GC(7173) Survivor regions: 9->10(116)
[2025-01-09T02:12:25.315+0000][193615.681s][info][gc,heap     ] GC(7173) Old regions: 229->229
[2025-01-09T02:12:25.315+0000][193615.681s][info][gc,heap     ] GC(7173) Archive regions: 2->2
[2025-01-09T02:12:25.315+0000][193615.681s][info][gc,heap     ] GC(7173) Humongous regions: 49->49
[2025-01-09T02:12:25.315+0000][193615.681s][info][gc,metaspace] GC(7173) Metaspace: 524919K(534272K)->524919K(534272K) NonClass: 460945K(465536K)->460945K(465536K) Class: 63973K(68736K)->63973K(68736K)
[2025-01-09T02:12:25.315+0000][193615.681s][info][gc          ] GC(7173) Pause Young (Concurrent Start) (GCLocker Initiated GC) 9599M->2306M(12288M) 41.414ms
[2025-01-09T02:12:25.315+0000][193615.681s][info][gc,cpu      ] GC(7173) User=0.24s Sys=0.00s Real=0.04s
[2025-01-09T02:12:25.315+0000][193615.681s][info][gc          ] GC(7174) Concurrent Mark Cycle
[2025-01-09T02:12:25.315+0000][193615.681s][info][gc,marking  ] GC(7174) Concurrent Clear Claimed Marks
[2025-01-09T02:12:25.316+0000][193615.682s][info][gc,marking  ] GC(7174) Concurrent Clear Claimed Marks 0.911ms
[2025-01-09T02:12:25.316+0000][193615.682s][info][gc,marking  ] GC(7174) Concurrent Scan Root Regions
[2025-01-09T02:12:25.346+0000][193615.712s][info][gc,marking  ] GC(7174) Concurrent Scan Root Regions 29.457ms
[2025-01-09T02:12:25.346+0000][193615.712s][info][gc,marking  ] GC(7174) Concurrent Mark
[2025-01-09T02:12:25.346+0000][193615.712s][info][gc,marking  ] GC(7174) Concurrent Mark From Roots
[2025-01-09T02:12:25.346+0000][193615.712s][info][gc,task     ] GC(7174) Using 2 workers of 2 for marking
[2025-01-09T02:12:26.354+0000][193616.720s][info][gc,marking  ] GC(7174) Concurrent Mark From Roots 1008.577ms
[2025-01-09T02:12:26.354+0000][193616.720s][info][gc,marking  ] GC(7174) Concurrent Preclean
[2025-01-09T02:12:26.357+0000][193616.723s][info][gc,marking  ] GC(7174) Concurrent Preclean 2.378ms
[2025-01-09T02:12:26.357+0000][193616.723s][info][gc,start    ] GC(7174) Pause Remark
[2025-01-09T02:12:26.385+0000][193616.751s][info][gc          ] GC(7174) Pause Remark 3382M->3382M(12288M) 28.033ms
[2025-01-09T02:12:26.385+0000][193616.751s][info][gc,cpu      ] GC(7174) User=0.17s Sys=0.00s Real=0.03s
[2025-01-09T02:12:26.385+0000][193616.751s][info][gc,marking  ] GC(7174) Concurrent Mark 1039.306ms
[2025-01-09T02:12:26.385+0000][193616.751s][info][gc,marking  ] GC(7174) Concurrent Rebuild Remembered Sets
[2025-01-09T02:12:26.949+0000][193617.315s][info][gc,marking  ] GC(7174) Concurrent Rebuild Remembered Sets 564.221ms
[2025-01-09T02:12:26.949+0000][193617.315s][info][gc,start    ] GC(7174) Pause Cleanup
[2025-01-09T02:12:26.950+0000][193617.316s][info][gc          ] GC(7174) Pause Cleanup 3858M->3858M(12288M) 0.484ms
[2025-01-09T02:12:26.950+0000][193617.316s][info][gc,cpu      ] GC(7174) User=0.00s Sys=0.01s Real=0.01s
[2025-01-09T02:12:26.950+0000][193617.316s][info][gc,marking  ] GC(7174) Concurrent Cleanup for Next Mark
[2025-01-09T02:12:26.965+0000][193617.331s][info][gc,marking  ] GC(7174) Concurrent Cleanup for Next Mark 15.499ms
[2025-01-09T02:12:26.965+0000][193617.332s][info][gc          ] GC(7174) Concurrent Mark Cycle 1650.288ms
[2025-01-09T02:12:31.225+0000][193621.591s][info][gc,start    ] GC(7175) Pause Young (Prepare Mixed) (GCLocker Initiated GC)
[2025-01-09T02:12:31.225+0000][193621.591s][info][gc,task     ] GC(7175) Using 6 workers of 6 for evacuation
[2025-01-09T02:12:31.265+0000][193621.631s][info][gc,phases   ] GC(7175)   Pre Evacuate Collection Set: 0.2ms
[2025-01-09T02:12:31.265+0000][193621.631s][info][gc,phases   ] GC(7175)   Merge Heap Roots: 0.7ms
[2025-01-09T02:12:31.265+0000][193621.631s][info][gc,phases   ] GC(7175)   Evacuate Collection Set: 37.0ms
[2025-01-09T02:12:31.265+0000][193621.631s][info][gc,phases   ] GC(7175)   Post Evacuate Collection Set: 2.6ms
[2025-01-09T02:12:31.265+0000][193621.631s][info][gc,phases   ] GC(7175)   Other: 0.2ms
[2025-01-09T02:12:31.265+0000][193621.631s][info][gc,heap     ] GC(7175) Eden regions: 912->0(66)
[2025-01-09T02:12:31.265+0000][193621.631s][info][gc,heap     ] GC(7175) Survivor regions: 10->10(116)
[2025-01-09T02:12:31.265+0000][193621.632s][info][gc,heap     ] GC(7175) Old regions: 229->229
[2025-01-09T02:12:31.265+0000][193621.632s][info][gc,heap     ] GC(7175) Archive regions: 2->2
[2025-01-09T02:12:31.265+0000][193621.632s][info][gc,heap     ] GC(7175) Humongous regions: 49->49
[2025-01-09T02:12:31.265+0000][193621.632s][info][gc,metaspace] GC(7175) Metaspace: 524919K(534272K)->524919K(534272K) NonClass: 460945K(465536K)->460945K(465536K) Class: 63973K(68736K)->63973K(68736K)
[2025-01-09T02:12:31.265+0000][193621.632s][info][gc          ] GC(7175) Pause Young (Prepare Mixed) (GCLocker Initiated GC) 9598M->2305M(12288M) 40.848ms
[2025-01-09T02:12:31.266+0000][193621.632s][info][gc,cpu      ] GC(7175) User=0.24s Sys=0.00s Real=0.04s
[2025-01-09T02:12:31.529+0000][193621.895s][info][gc,start    ] GC(7176) Pause Young (Mixed) (GCLocker Initiated GC)
[2025-01-09T02:12:31.529+0000][193621.895s][info][gc,task     ] GC(7176) Using 6 workers of 6 for evacuation
[2025-01-09T02:12:31.601+0000][193621.967s][info][gc,phases   ] GC(7176)   Pre Evacuate Collection Set: 0.2ms
[2025-01-09T02:12:31.601+0000][193621.968s][info][gc,phases   ] GC(7176)   Merge Heap Roots: 0.6ms
[2025-01-09T02:12:31.601+0000][193621.968s][info][gc,phases   ] GC(7176)   Evacuate Collection Set: 69.2ms
[2025-01-09T02:12:31.601+0000][193621.968s][info][gc,phases   ] GC(7176)   Post Evacuate Collection Set: 2.0ms
[2025-01-09T02:12:31.601+0000][193621.968s][info][gc,phases   ] GC(7176)   Other: 0.2ms
[2025-01-09T02:12:31.601+0000][193621.968s][info][gc,heap     ] GC(7176) Eden regions: 67->0(915)
[2025-01-09T02:12:31.601+0000][193621.968s][info][gc,heap     ] GC(7176) Survivor regions: 10->6(10)
[2025-01-09T02:12:31.601+0000][193621.968s][info][gc,heap     ] GC(7176) Old regions: 229->230
[2025-01-09T02:12:31.601+0000][193621.968s][info][gc,heap     ] GC(7176) Archive regions: 2->2
[2025-01-09T02:12:31.601+0000][193621.968s][info][gc,heap     ] GC(7176) Humongous regions: 49->49
[2025-01-09T02:12:31.601+0000][193621.968s][info][gc,metaspace] GC(7176) Metaspace: 524919K(534272K)->524919K(534272K) NonClass: 460945K(465536K)->460945K(465536K) Class: 63973K(68736K)->63973K(68736K)
[2025-01-09T02:12:31.602+0000][193621.968s][info][gc          ] GC(7176) Pause Young (Mixed) (GCLocker Initiated GC) 2833M->2279M(12288M) 72.216ms
[2025-01-09T02:12:31.602+0000][193621.968s][info][gc,cpu      ] GC(7176) User=0.42s Sys=0.00s Real=0.08s
[2025-01-09T02:12:35.752+0000][193626.118s][info][gc,start    ] GC(7177) Pause Young (Normal) (GCLocker Initiated GC)
[2025-01-09T02:12:35.752+0000][193626.118s][info][gc,task     ] GC(7177) Using 6 workers of 6 for evacuation
[2025-01-09T02:12:35.776+0000][193626.142s][info][gc,phases   ] GC(7177)   Pre Evacuate Collection Set: 0.2ms
[2025-01-09T02:12:35.776+0000][193626.142s][info][gc,phases   ] GC(7177)   Merge Heap Roots: 0.4ms
[2025-01-09T02:12:35.776+0000][193626.142s][info][gc,phases   ] GC(7177)   Evacuate Collection Set: 20.8ms
[2025-01-09T02:12:35.776+0000][193626.142s][info][gc,phases   ] GC(7177)   Post Evacuate Collection Set: 2.4ms
[2025-01-09T02:12:35.776+0000][193626.142s][info][gc,phases   ] GC(7177)   Other: 0.2ms
[2025-01-09T02:12:35.776+0000][193626.142s][info][gc,heap     ] GC(7177) Eden regions: 915->0(915)
[2025-01-09T02:12:35.776+0000][193626.142s][info][gc,heap     ] GC(7177) Survivor regions: 6->6(116)
[2025-01-09T02:12:35.776+0000][193626.142s][info][gc,heap     ] GC(7177) Old regions: 230->230
[2025-01-09T02:12:35.776+0000][193626.142s][info][gc,heap     ] GC(7177) Archive regions: 2->2
[2025-01-09T02:12:35.776+0000][193626.142s][info][gc,heap     ] GC(7177) Humongous regions: 49->49
[2025-01-09T02:12:35.776+0000][193626.142s][info][gc,metaspace] GC(7177) Metaspace: 524919K(534272K)->524919K(534272K) NonClass: 460945K(465536K)->460945K(465536K) Class: 63973K(68736K)->63973K(68736K)
[2025-01-09T02:12:35.776+0000][193626.142s][info][gc          ] GC(7177) Pause Young (Normal) (GCLocker Initiated GC) 9599M->2279M(12288M) 23.988ms
[2025-01-09T02:12:35.776+0000][193626.142s][info][gc,cpu      ] GC(7177) User=0.13s Sys=0.01s Real=0.02s
[2025-01-09T02:12:40.312+0000][193630.678s][info][gc,start    ] GC(7178) Pause Young (Normal) (GCLocker Initiated GC)
[2025-01-09T02:12:40.312+0000][193630.678s][info][gc,task     ] GC(7178) Using 6 workers of 6 for evacuation
[2025-01-09T02:12:40.337+0000][193630.703s][info][gc,phases   ] GC(7178)   Pre Evacuate Collection Set: 0.2ms
[2025-01-09T02:12:40.337+0000][193630.703s][info][gc,phases   ] GC(7178)   Merge Heap Roots: 0.4ms
[2025-01-09T02:12:40.337+0000][193630.703s][info][gc,phases   ] GC(7178)   Evacuate Collection Set: 22.0ms
[2025-01-09T02:12:40.337+0000][193630.703s][info][gc,phases   ] GC(7178)   Post Evacuate Collection Set: 2.3ms
[2025-01-09T02:12:40.337+0000][193630.703s][info][gc,phases   ] GC(7178)   Other: 0.2ms
[2025-01-09T02:12:40.337+0000][193630.703s][info][gc,heap     ] GC(7178) Eden regions: 916->0(914)
[2025-01-09T02:12:40.337+0000][193630.703s][info][gc,heap     ] GC(7178) Survivor regions: 6->7(116)
[2025-01-09T02:12:40.337+0000][193630.703s][info][gc,heap     ] GC(7178) Old regions: 230->230
[2025-01-09T02:12:40.337+0000][193630.703s][info][gc,heap     ] GC(7178) Archive regions: 2->2
[2025-01-09T02:12:40.337+0000][193630.703s][info][gc,heap     ] GC(7178) Humongous regions: 49->49
[2025-01-09T02:12:40.337+0000][193630.703s][info][gc,metaspace] GC(7178) Metaspace: 524919K(534272K)->524919K(534272K) NonClass: 460945K(465536K)->460945K(465536K) Class: 63973K(68736K)->63973K(68736K)
[2025-01-09T02:12:40.337+0000][193630.703s][info][gc          ] GC(7178) Pause Young (Normal) (GCLocker Initiated GC) 9599M->2286M(12288M) 25.162ms
[2025-01-09T02:12:40.337+0000][193630.703s][info][gc,cpu      ] GC(7178) User=0.14s Sys=0.00s Real=0.02s
[2025-01-09T02:12:44.158+0000][193634.524s][info][gc,start    ] GC(7179) Pause Young (Concurrent Start) (GCLocker Initiated GC)
[2025-01-09T02:12:44.158+0000][193634.524s][info][gc,task     ] GC(7179) Using 6 workers of 6 for evacuation
[2025-01-09T02:12:44.186+0000][193634.552s][info][gc,phases   ] GC(7179)   Pre Evacuate Collection Set: 1.1ms
[2025-01-09T02:12:44.186+0000][193634.552s][info][gc,phases   ] GC(7179)   Merge Heap Roots: 0.4ms
[2025-01-09T02:12:44.186+0000][193634.552s][info][gc,phases   ] GC(7179)   Evacuate Collection Set: 24.1ms
[2025-01-09T02:12:44.186+0000][193634.552s][info][gc,phases   ] GC(7179)   Post Evacuate Collection Set: 2.3ms
[2025-01-09T02:12:44.186+0000][193634.552s][info][gc,phases   ] GC(7179)   Other: 0.3ms
[2025-01-09T02:12:44.186+0000][193634.552s][info][gc,heap     ] GC(7179) Eden regions: 915->0(914)
[2025-01-09T02:12:44.186+0000][193634.552s][info][gc,heap     ] GC(7179) Survivor regions: 7->7(116)
[2025-01-09T02:12:44.186+0000][193634.552s][info][gc,heap     ] GC(7179) Old regions: 230->230
[2025-01-09T02:12:44.186+0000][193634.552s][info][gc,heap     ] GC(7179) Archive regions: 2->2
[2025-01-09T02:12:44.186+0000][193634.552s][info][gc,heap     ] GC(7179) Humongous regions: 49->49
[2025-01-09T02:12:44.186+0000][193634.552s][info][gc,metaspace] GC(7179) Metaspace: 524919K(534272K)->524919K(534272K) NonClass: 460945K(465536K)->460945K(465536K) Class: 63973K(68736K)->63973K(68736K)
[2025-01-09T02:12:44.186+0000][193634.552s][info][gc          ] GC(7179) Pause Young (Concurrent Start) (GCLocker Initiated GC) 9602M->2292M(12288M) 28.323ms
[2025-01-09T02:12:44.186+0000][193634.552s][info][gc,cpu      ] GC(7179) User=0.16s Sys=0.01s Real=0.03s
[2025-01-09T02:12:44.186+0000][193634.552s][info][gc          ] GC(7180) Concurrent Mark Cycle
[2025-01-09T02:12:44.186+0000][193634.552s][info][gc,marking  ] GC(7180) Concurrent Clear Claimed Marks
[2025-01-09T02:12:44.187+0000][193634.553s][info][gc,marking  ] GC(7180) Concurrent Clear Claimed Marks 0.894ms
[2025-01-09T02:12:44.187+0000][193634.553s][info][gc,marking  ] GC(7180) Concurrent Scan Root Regions
[2025-01-09T02:12:44.216+0000][193634.582s][info][gc,marking  ] GC(7180) Concurrent Scan Root Regions 29.003ms
[2025-01-09T02:12:44.216+0000][193634.582s][info][gc,marking  ] GC(7180) Concurrent Mark
[2025-01-09T02:12:44.216+0000][193634.582s][info][gc,marking  ] GC(7180) Concurrent Mark From Roots
[2025-01-09T02:12:44.216+0000][193634.582s][info][gc,task     ] GC(7180) Using 2 workers of 2 for marking
[2025-01-09T02:12:45.339+0000][193635.705s][info][gc,marking  ] GC(7180) Concurrent Mark From Roots 1123.152ms
[2025-01-09T02:12:45.339+0000][193635.705s][info][gc,marking  ] GC(7180) Concurrent Preclean
[2025-01-09T02:12:45.343+0000][193635.709s][info][gc,marking  ] GC(7180) Concurrent Preclean 3.594ms
[2025-01-09T02:12:45.343+0000][193635.709s][info][gc,start    ] GC(7180) Pause Remark
[2025-01-09T02:12:45.368+0000][193635.735s][info][gc          ] GC(7180) Pause Remark 4157M->4157M(12288M) 25.510ms
[2025-01-09T02:12:45.369+0000][193635.735s][info][gc,cpu      ] GC(7180) User=0.15s Sys=0.00s Real=0.02s
[2025-01-09T02:12:45.369+0000][193635.735s][info][gc,marking  ] GC(7180) Concurrent Mark 1152.845ms
[2025-01-09T02:12:45.369+0000][193635.735s][info][gc,marking  ] GC(7180) Concurrent Rebuild Remembered Sets
[2025-01-09T02:12:46.255+0000][193636.621s][info][gc,marking  ] GC(7180) Concurrent Rebuild Remembered Sets 885.673ms
[2025-01-09T02:12:46.255+0000][193636.621s][info][gc,start    ] GC(7180) Pause Cleanup
[2025-01-09T02:12:46.255+0000][193636.621s][info][gc          ] GC(7180) Pause Cleanup 5586M->5586M(12288M) 0.392ms
[2025-01-09T02:12:46.255+0000][193636.621s][info][gc,cpu      ] GC(7180) User=0.01s Sys=0.00s Real=0.00s
[2025-01-09T02:12:46.255+0000][193636.621s][info][gc,marking  ] GC(7180) Concurrent Cleanup for Next Mark
[2025-01-09T02:12:46.284+0000][193636.650s][info][gc,marking  ] GC(7180) Concurrent Cleanup for Next Mark 28.686ms
[2025-01-09T02:12:46.284+0000][193636.650s][info][gc          ] GC(7180) Concurrent Mark Cycle 2097.998ms
[2025-01-09T02:12:51.327+0000][193641.693s][info][gc,start    ] GC(7181) Pause Young (Prepare Mixed) (GCLocker Initiated GC)
[2025-01-09T02:12:51.327+0000][193641.693s][info][gc,task     ] GC(7181) Using 6 workers of 6 for evacuation
[2025-01-09T02:12:51.359+0000][193641.725s][info][gc,phases   ] GC(7181)   Pre Evacuate Collection Set: 0.2ms
[2025-01-09T02:12:51.359+0000][193641.725s][info][gc,phases   ] GC(7181)   Merge Heap Roots: 0.6ms
[2025-01-09T02:12:51.359+0000][193641.725s][info][gc,phases   ] GC(7181)   Evacuate Collection Set: 28.4ms
[2025-01-09T02:12:51.359+0000][193641.725s][info][gc,phases   ] GC(7181)   Post Evacuate Collection Set: 2.5ms
[2025-01-09T02:12:51.359+0000][193641.725s][info][gc,phases   ] GC(7181)   Other: 0.2ms
[2025-01-09T02:12:51.359+0000][193641.725s][info][gc,heap     ] GC(7181) Eden regions: 915->0(68)
[2025-01-09T02:12:51.359+0000][193641.725s][info][gc,heap     ] GC(7181) Survivor regions: 7->8(116)
[2025-01-09T02:12:51.359+0000][193641.725s][info][gc,heap     ] GC(7181) Old regions: 230->230
[2025-01-09T02:12:51.359+0000][193641.725s][info][gc,heap     ] GC(7181) Archive regions: 2->2
[2025-01-09T02:12:51.359+0000][193641.725s][info][gc,heap     ] GC(7181) Humongous regions: 49->49
[2025-01-09T02:12:51.359+0000][193641.725s][info][gc,metaspace] GC(7181) Metaspace: 524919K(534272K)->524919K(534272K) NonClass: 460945K(465536K)->460945K(465536K) Class: 63973K(68736K)->63973K(68736K)
[2025-01-09T02:12:51.359+0000][193641.725s][info][gc          ] GC(7181) Pause Young (Prepare Mixed) (GCLocker Initiated GC) 9608M->2300M(12288M) 31.962ms
[2025-01-09T02:12:51.359+0000][193641.725s][info][gc,cpu      ] GC(7181) User=0.19s Sys=0.00s Real=0.03s
[2025-01-09T02:12:52.241+0000][193642.607s][info][gc,start    ] GC(7182) Pause Young (Mixed) (GCLocker Initiated GC)
[2025-01-09T02:12:52.241+0000][193642.607s][info][gc,task     ] GC(7182) Using 6 workers of 6 for evacuation
[2025-01-09T02:12:52.296+0000][193642.662s][info][gc,phases   ] GC(7182)   Pre Evacuate Collection Set: 0.2ms
[2025-01-09T02:12:52.296+0000][193642.662s][info][gc,phases   ] GC(7182)   Merge Heap Roots: 0.6ms
[2025-01-09T02:12:52.296+0000][193642.662s][info][gc,phases   ] GC(7182)   Evacuate Collection Set: 52.2ms
[2025-01-09T02:12:52.296+0000][193642.662s][info][gc,phases   ] GC(7182)   Post Evacuate Collection Set: 1.8ms
[2025-01-09T02:12:52.296+0000][193642.662s][info][gc,phases   ] GC(7182)   Other: 0.2ms
[2025-01-09T02:12:52.296+0000][193642.662s][info][gc,heap     ] GC(7182) Eden regions: 69->0(915)
[2025-01-09T02:12:52.296+0000][193642.662s][info][gc,heap     ] GC(7182) Survivor regions: 8->6(10)
[2025-01-09T02:12:52.296+0000][193642.662s][info][gc,heap     ] GC(7182) Old regions: 230->230
[2025-01-09T02:12:52.296+0000][193642.662s][info][gc,heap     ] GC(7182) Archive regions: 2->2
[2025-01-09T02:12:52.296+0000][193642.662s][info][gc,heap     ] GC(7182) Humongous regions: 49->49
[2025-01-09T02:12:52.296+0000][193642.662s][info][gc,metaspace] GC(7182) Metaspace: 524919K(534272K)->524919K(534272K) NonClass: 460945K(465536K)->460945K(465536K) Class: 63973K(68736K)->63973K(68736K)
[2025-01-09T02:12:52.296+0000][193642.662s][info][gc          ] GC(7182) Pause Young (Mixed) (GCLocker Initiated GC) 2849M->2281M(12288M) 54.988ms
[2025-01-09T02:12:52.296+0000][193642.662s][info][gc,cpu      ] GC(7182) User=0.31s Sys=0.00s Real=0.06s
[2025-01-09T02:13:00.613+0000][193650.980s][info][gc,start    ] GC(7183) Pause Young (Normal) (GCLocker Initiated GC)
[2025-01-09T02:13:00.614+0000][193650.980s][info][gc,task     ] GC(7183) Using 6 workers of 6 for evacuation
[2025-01-09T02:13:00.642+0000][193651.008s][info][gc,phases   ] GC(7183)   Pre Evacuate Collection Set: 0.2ms
[2025-01-09T02:13:00.642+0000][193651.008s][info][gc,phases   ] GC(7183)   Merge Heap Roots: 0.4ms
[2025-01-09T02:13:00.642+0000][193651.008s][info][gc,phases   ] GC(7183)   Evacuate Collection Set: 24.9ms
[2025-01-09T02:13:00.642+0000][193651.008s][info][gc,phases   ] GC(7183)   Post Evacuate Collection Set: 2.5ms
[2025-01-09T02:13:00.642+0000][193651.008s][info][gc,phases   ] GC(7183)   Other: 0.2ms
[2025-01-09T02:13:00.642+0000][193651.008s][info][gc,heap     ] GC(7183) Eden regions: 916->0(914)
[2025-01-09T02:13:00.642+0000][193651.008s][info][gc,heap     ] GC(7183) Survivor regions: 6->7(116)
[2025-01-09T02:13:00.642+0000][193651.008s][info][gc,heap     ] GC(7183) Old regions: 230->230
[2025-01-09T02:13:00.642+0000][193651.008s][info][gc,heap     ] GC(7183) Archive regions: 2->2
[2025-01-09T02:13:00.642+0000][193651.008s][info][gc,heap     ] GC(7183) Humongous regions: 49->49
[2025-01-09T02:13:00.642+0000][193651.008s][info][gc,metaspace] GC(7183) Metaspace: 524919K(534272K)->524919K(534272K) NonClass: 460945K(465536K)->460945K(465536K) Class: 63973K(68736K)->63973K(68736K)
[2025-01-09T02:13:00.642+0000][193651.008s][info][gc          ] GC(7183) Pause Young (Normal) (GCLocker Initiated GC) 9603M->2292M(12288M) 28.316ms
[2025-01-09T02:13:00.642+0000][193651.008s][info][gc,cpu      ] GC(7183) User=0.17s Sys=0.00s Real=0.03s
[2025-01-09T02:13:07.283+0000][193657.649s][info][gc,start    ] GC(7184) Pause Young (Normal) (GCLocker Initiated GC)
[2025-01-09T02:13:07.283+0000][193657.649s][info][gc,task     ] GC(7184) Using 6 workers of 6 for evacuation
[2025-01-09T02:13:07.312+0000][193657.678s][info][gc,phases   ] GC(7184)   Pre Evacuate Collection Set: 0.2ms
[2025-01-09T02:13:07.312+0000][193657.678s][info][gc,phases   ] GC(7184)   Merge Heap Roots: 0.4ms
[2025-01-09T02:13:07.312+0000][193657.678s][info][gc,phases   ] GC(7184)   Evacuate Collection Set: 23.3ms
[2025-01-09T02:13:07.312+0000][193657.678s][info][gc,phases   ] GC(7184)   Post Evacuate Collection Set: 5.0ms
[2025-01-09T02:13:07.312+0000][193657.678s][info][gc,phases   ] GC(7184)   Other: 0.2ms
[2025-01-09T02:13:07.312+0000][193657.678s][info][gc,heap     ] GC(7184) Eden regions: 915->0(912)
[2025-01-09T02:13:07.312+0000][193657.678s][info][gc,heap     ] GC(7184) Survivor regions: 7->9(116)
[2025-01-09T02:13:07.312+0000][193657.678s][info][gc,heap     ] GC(7184) Old regions: 230->230
[2025-01-09T02:13:07.312+0000][193657.678s][info][gc,heap     ] GC(7184) Archive regions: 2->2
[2025-01-09T02:13:07.312+0000][193657.678s][info][gc,heap     ] GC(7184) Humongous regions: 49->49
[2025-01-09T02:13:07.312+0000][193657.678s][info][gc,metaspace] GC(7184) Metaspace: 524919K(534272K)->524919K(534272K) NonClass: 460945K(465536K)->460945K(465536K) Class: 63973K(68736K)->63973K(68736K)
[2025-01-09T02:13:07.312+0000][193657.678s][info][gc          ] GC(7184) Pause Young (Normal) (GCLocker Initiated GC) 9604M->2303M(12288M) 29.157ms
[2025-01-09T02:13:07.312+0000][193657.678s][info][gc,cpu      ] GC(7184) User=0.17s Sys=0.00s Real=0.03s
[2025-01-09T02:13:16.331+0000][193666.698s][info][gc,start    ] GC(7185) Pause Young (Concurrent Start) (GCLocker Initiated GC)
[2025-01-09T02:13:16.331+0000][193666.698s][info][gc,task     ] GC(7185) Using 6 workers of 6 for evacuation
[2025-01-09T02:13:16.366+0000][193666.732s][info][gc,phases   ] GC(7185)   Pre Evacuate Collection Set: 1.1ms
[2025-01-09T02:13:16.366+0000][193666.732s][info][gc,phases   ] GC(7185)   Merge Heap Roots: 0.4ms
[2025-01-09T02:13:16.366+0000][193666.732s][info][gc,phases   ] GC(7185)   Evacuate Collection Set: 29.9ms
[2025-01-09T02:13:16.366+0000][193666.732s][info][gc,phases   ] GC(7185)   Post Evacuate Collection Set: 2.7ms
[2025-01-09T02:13:16.366+0000][193666.732s][info][gc,phases   ] GC(7185)   Other: 0.3ms
[2025-01-09T02:13:16.366+0000][193666.732s][info][gc,heap     ] GC(7185) Eden regions: 913->0(910)
[2025-01-09T02:13:16.366+0000][193666.732s][info][gc,heap     ] GC(7185) Survivor regions: 9->11(116)
[2025-01-09T02:13:16.366+0000][193666.732s][info][gc,heap     ] GC(7185) Old regions: 230->230
[2025-01-09T02:13:16.366+0000][193666.732s][info][gc,heap     ] GC(7185) Archive regions: 2->2
[2025-01-09T02:13:16.366+0000][193666.732s][info][gc,heap     ] GC(7185) Humongous regions: 49->49
[2025-01-09T02:13:16.366+0000][193666.732s][info][gc,metaspace] GC(7185) Metaspace: 524920K(534272K)->524920K(534272K) NonClass: 460947K(465536K)->460947K(465536K) Class: 63973K(68736K)->63973K(68736K)
[2025-01-09T02:13:16.366+0000][193666.732s][info][gc          ] GC(7185) Pause Young (Concurrent Start) (GCLocker Initiated GC) 9601M->2325M(12288M) 34.578ms
[2025-01-09T02:13:16.366+0000][193666.732s][info][gc,cpu      ] GC(7185) User=0.20s Sys=0.00s Real=0.03s
[2025-01-09T02:13:16.366+0000][193666.732s][info][gc          ] GC(7186) Concurrent Mark Cycle
[2025-01-09T02:13:16.366+0000][193666.732s][info][gc,marking  ] GC(7186) Concurrent Clear Claimed Marks
[2025-01-09T02:13:16.367+0000][193666.733s][info][gc,marking  ] GC(7186) Concurrent Clear Claimed Marks 0.928ms
[2025-01-09T02:13:16.367+0000][193666.733s][info][gc,marking  ] GC(7186) Concurrent Scan Root Regions
[2025-01-09T02:13:16.397+0000][193666.763s][info][gc,marking  ] GC(7186) Concurrent Scan Root Regions 29.883ms
[2025-01-09T02:13:16.397+0000][193666.763s][info][gc,marking  ] GC(7186) Concurrent Mark
[2025-01-09T02:13:16.397+0000][193666.763s][info][gc,marking  ] GC(7186) Concurrent Mark From Roots
[2025-01-09T02:13:16.397+0000][193666.763s][info][gc,task     ] GC(7186) Using 2 workers of 2 for marking
[2025-01-09T02:13:17.397+0000][193667.763s][info][gc,marking  ] GC(7186) Concurrent Mark From Roots 999.828ms
[2025-01-09T02:13:17.397+0000][193667.763s][info][gc,marking  ] GC(7186) Concurrent Preclean
[2025-01-09T02:13:17.399+0000][193667.765s][info][gc,marking  ] GC(7186) Concurrent Preclean 2.466ms
[2025-01-09T02:13:17.399+0000][193667.766s][info][gc,start    ] GC(7186) Pause Remark
[2025-01-09T02:13:17.425+0000][193667.791s][info][gc          ] GC(7186) Pause Remark 3365M->3365M(12288M) 25.828ms
[2025-01-09T02:13:17.425+0000][193667.791s][info][gc,cpu      ] GC(7186) User=0.15s Sys=0.00s Real=0.03s
[2025-01-09T02:13:17.425+0000][193667.792s][info][gc,marking  ] GC(7186) Concurrent Mark 1028.464ms
[2025-01-09T02:13:17.425+0000][193667.792s][info][gc,marking  ] GC(7186) Concurrent Rebuild Remembered Sets
[2025-01-09T02:13:17.945+0000][193668.311s][info][gc,marking  ] GC(7186) Concurrent Rebuild Remembered Sets 519.267ms
[2025-01-09T02:13:17.945+0000][193668.311s][info][gc,start    ] GC(7186) Pause Cleanup
[2025-01-09T02:13:17.945+0000][193668.311s][info][gc          ] GC(7186) Pause Cleanup 3749M->3749M(12288M) 0.415ms
[2025-01-09T02:13:17.945+0000][193668.311s][info][gc,cpu      ] GC(7186) User=0.00s Sys=0.00s Real=0.00s
[2025-01-09T02:13:17.945+0000][193668.312s][info][gc,marking  ] GC(7186) Concurrent Cleanup for Next Mark
[2025-01-09T02:13:17.961+0000][193668.327s][info][gc,marking  ] GC(7186) Concurrent Cleanup for Next Mark 15.203ms
[2025-01-09T02:13:17.961+0000][193668.327s][info][gc          ] GC(7186) Concurrent Mark Cycle 1594.551ms
[2025-01-09T02:13:24.888+0000][193675.254s][info][gc,start    ] GC(7187) Pause Young (Prepare Mixed) (GCLocker Initiated GC)
[2025-01-09T02:13:24.888+0000][193675.254s][info][gc,task     ] GC(7187) Using 6 workers of 6 for evacuation
[2025-01-09T02:13:24.926+0000][193675.292s][info][gc,phases   ] GC(7187)   Pre Evacuate Collection Set: 0.2ms
[2025-01-09T02:13:24.926+0000][193675.292s][info][gc,phases   ] GC(7187)   Merge Heap Roots: 0.7ms
[2025-01-09T02:13:24.926+0000][193675.292s][info][gc,phases   ] GC(7187)   Evacuate Collection Set: 32.7ms
[2025-01-09T02:13:24.926+0000][193675.292s][info][gc,phases   ] GC(7187)   Post Evacuate Collection Set: 3.9ms
[2025-01-09T02:13:24.926+0000][193675.292s][info][gc,phases   ] GC(7187)   Other: 0.2ms
[2025-01-09T02:13:24.926+0000][193675.292s][info][gc,heap     ] GC(7187) Eden regions: 911->0(65)
[2025-01-09T02:13:24.926+0000][193675.292s][info][gc,heap     ] GC(7187) Survivor regions: 11->11(116)
[2025-01-09T02:13:24.926+0000][193675.292s][info][gc,heap     ] GC(7187) Old regions: 230->230
[2025-01-09T02:13:24.926+0000][193675.292s][info][gc,heap     ] GC(7187) Archive regions: 2->2
[2025-01-09T02:13:24.926+0000][193675.292s][info][gc,heap     ] GC(7187) Humongous regions: 49->49
[2025-01-09T02:13:24.926+0000][193675.292s][info][gc,metaspace] GC(7187) Metaspace: 524920K(534272K)->524920K(534272K) NonClass: 460947K(465536K)->460947K(465536K) Class: 63973K(68736K)->63973K(68736K)
[2025-01-09T02:13:24.926+0000][193675.292s][info][gc          ] GC(7187) Pause Young (Prepare Mixed) (GCLocker Initiated GC) 9608M->2322M(12288M) 37.802ms
[2025-01-09T02:13:24.926+0000][193675.292s][info][gc,cpu      ] GC(7187) User=0.21s Sys=0.00s Real=0.04s
[2025-01-09T02:13:25.406+0000][193675.772s][info][gc,start    ] GC(7188) Pause Young (Mixed) (GCLocker Initiated GC)
[2025-01-09T02:13:25.406+0000][193675.772s][info][gc,task     ] GC(7188) Using 6 workers of 6 for evacuation
[2025-01-09T02:13:25.453+0000][193675.819s][info][gc,phases   ] GC(7188)   Pre Evacuate Collection Set: 0.2ms
[2025-01-09T02:13:25.453+0000][193675.819s][info][gc,phases   ] GC(7188)   Merge Heap Roots: 0.5ms
[2025-01-09T02:13:25.453+0000][193675.819s][info][gc,phases   ] GC(7188)   Evacuate Collection Set: 44.6ms
[2025-01-09T02:13:25.453+0000][193675.819s][info][gc,phases   ] GC(7188)   Post Evacuate Collection Set: 1.6ms
[2025-01-09T02:13:25.453+0000][193675.819s][info][gc,phases   ] GC(7188)   Other: 0.2ms
[2025-01-09T02:13:25.453+0000][193675.819s][info][gc,heap     ] GC(7188) Eden regions: 66->0(916)
[2025-01-09T02:13:25.453+0000][193675.819s][info][gc,heap     ] GC(7188) Survivor regions: 11->5(10)
[2025-01-09T02:13:25.453+0000][193675.819s][info][gc,heap     ] GC(7188) Old regions: 230->230
[2025-01-09T02:13:25.453+0000][193675.819s][info][gc,heap     ] GC(7188) Archive regions: 2->2
[2025-01-09T02:13:25.453+0000][193675.819s][info][gc,heap     ] GC(7188) Humongous regions: 49->49
[2025-01-09T02:13:25.453+0000][193675.819s][info][gc,metaspace] GC(7188) Metaspace: 524920K(534272K)->524920K(534272K) NonClass: 460947K(465536K)->460947K(465536K) Class: 63973K(68736K)->63973K(68736K)
[2025-01-09T02:13:25.453+0000][193675.819s][info][gc          ] GC(7188) Pause Young (Mixed) (GCLocker Initiated GC) 2843M->2268M(12288M) 47.059ms
[2025-01-09T02:13:25.453+0000][193675.819s][info][gc,cpu      ] GC(7188) User=0.27s Sys=0.00s Real=0.05s
[2025-01-09T02:13:31.653+0000][193682.019s][info][gc,start    ] GC(7189) Pause Young (Normal) (GCLocker Initiated GC)
[2025-01-09T02:13:31.653+0000][193682.019s][info][gc,task     ] GC(7189) Using 6 workers of 6 for evacuation
[2025-01-09T02:13:31.675+0000][193682.041s][info][gc,phases   ] GC(7189)   Pre Evacuate Collection Set: 0.2ms
[2025-01-09T02:13:31.675+0000][193682.041s][info][gc,phases   ] GC(7189)   Merge Heap Roots: 0.4ms
[2025-01-09T02:13:31.675+0000][193682.041s][info][gc,phases   ] GC(7189)   Evacuate Collection Set: 18.2ms
[2025-01-09T02:13:31.675+0000][193682.041s][info][gc,phases   ] GC(7189)   Post Evacuate Collection Set: 2.5ms
[2025-01-09T02:13:31.675+0000][193682.041s][info][gc,phases   ] GC(7189)   Other: 0.2ms
[2025-01-09T02:13:31.675+0000][193682.041s][info][gc,heap     ] GC(7189) Eden regions: 917->0(916)
[2025-01-09T02:13:31.675+0000][193682.041s][info][gc,heap     ] GC(7189) Survivor regions: 5->5(116)
[2025-01-09T02:13:31.675+0000][193682.041s][info][gc,heap     ] GC(7189) Old regions: 230->230
[2025-01-09T02:13:31.675+0000][193682.041s][info][gc,heap     ] GC(7189) Archive regions: 2->2
[2025-01-09T02:13:31.675+0000][193682.041s][info][gc,heap     ] GC(7189) Humongous regions: 49->49
[2025-01-09T02:13:31.675+0000][193682.041s][info][gc,metaspace] GC(7189) Metaspace: 524920K(534272K)->524920K(534272K) NonClass: 460947K(465536K)->460947K(465536K) Class: 63973K(68736K)->63973K(68736K)
[2025-01-09T02:13:31.675+0000][193682.041s][info][gc          ] GC(7189) Pause Young (Normal) (GCLocker Initiated GC) 9600M->2271M(12288M) 21.482ms
[2025-01-09T02:13:31.675+0000][193682.041s][info][gc,cpu      ] GC(7189) User=0.11s Sys=0.01s Real=0.02s
[2025-01-09T02:13:43.363+0000][193693.729s][info][gc,start    ] GC(7190) Pause Young (Normal) (GCLocker Initiated GC)
[2025-01-09T02:13:43.363+0000][193693.729s][info][gc,task     ] GC(7190) Using 6 workers of 6 for evacuation
[2025-01-09T02:13:43.389+0000][193693.755s][info][gc,phases   ] GC(7190)   Pre Evacuate Collection Set: 0.2ms
[2025-01-09T02:13:43.389+0000][193693.755s][info][gc,phases   ] GC(7190)   Merge Heap Roots: 0.4ms
[2025-01-09T02:13:43.389+0000][193693.755s][info][gc,phases   ] GC(7190)   Evacuate Collection Set: 22.0ms
[2025-01-09T02:13:43.389+0000][193693.755s][info][gc,phases   ] GC(7190)   Post Evacuate Collection Set: 2.7ms
[2025-01-09T02:13:43.389+0000][193693.755s][info][gc,phases   ] GC(7190)   Other: 0.2ms
[2025-01-09T02:13:43.389+0000][193693.755s][info][gc,heap     ] GC(7190) Eden regions: 917->0(914)
[2025-01-09T02:13:43.389+0000][193693.755s][info][gc,heap     ] GC(7190) Survivor regions: 5->7(116)
[2025-01-09T02:13:43.389+0000][193693.755s][info][gc,heap     ] GC(7190) Old regions: 230->230
[2025-01-09T02:13:43.389+0000][193693.755s][info][gc,heap     ] GC(7190) Archive regions: 2->2
[2025-01-09T02:13:43.389+0000][193693.755s][info][gc,heap     ] GC(7190) Humongous regions: 49->49
[2025-01-09T02:13:43.389+0000][193693.755s][info][gc,metaspace] GC(7190) Metaspace: 524920K(534272K)->524920K(534272K) NonClass: 460947K(465536K)->460947K(465536K) Class: 63973K(68736K)->63973K(68736K)
[2025-01-09T02:13:43.389+0000][193693.755s][info][gc          ] GC(7190) Pause Young (Normal) (GCLocker Initiated GC) 9603M->2285M(12288M) 25.611ms
[2025-01-09T02:13:43.389+0000][193693.755s][info][gc,cpu      ] GC(7190) User=0.15s Sys=0.00s Real=0.02s
[2025-01-09T02:13:49.361+0000][193699.728s][info][gc,start    ] GC(7191) Pause Young (Concurrent Start) (G1 Evacuation Pause)
[2025-01-09T02:13:49.361+0000][193699.728s][info][gc,task     ] GC(7191) Using 6 workers of 6 for evacuation
[2025-01-09T02:13:49.389+0000][193699.755s][info][gc,phases   ] GC(7191)   Pre Evacuate Collection Set: 1.2ms
[2025-01-09T02:13:49.389+0000][193699.755s][info][gc,phases   ] GC(7191)   Merge Heap Roots: 0.4ms
[2025-01-09T02:13:49.389+0000][193699.755s][info][gc,phases   ] GC(7191)   Evacuate Collection Set: 23.5ms
[2025-01-09T02:13:49.389+0000][193699.755s][info][gc,phases   ] GC(7191)   Post Evacuate Collection Set: 2.5ms
[2025-01-09T02:13:49.389+0000][193699.755s][info][gc,phases   ] GC(7191)   Other: 0.3ms
[2025-01-09T02:13:49.389+0000][193699.755s][info][gc,heap     ] GC(7191) Eden regions: 914->0(914)
[2025-01-09T02:13:49.389+0000][193699.755s][info][gc,heap     ] GC(7191) Survivor regions: 7->7(116)
[2025-01-09T02:13:49.389+0000][193699.755s][info][gc,heap     ] GC(7191) Old regions: 230->230
[2025-01-09T02:13:49.389+0000][193699.756s][info][gc,heap     ] GC(7191) Archive regions: 2->2
[2025-01-09T02:13:49.389+0000][193699.756s][info][gc,heap     ] GC(7191) Humongous regions: 49->49
[2025-01-09T02:13:49.389+0000][193699.756s][info][gc,metaspace] GC(7191) Metaspace: 524920K(534272K)->524920K(534272K) NonClass: 460947K(465536K)->460947K(465536K) Class: 63973K(68736K)->63973K(68736K)
[2025-01-09T02:13:49.389+0000][193699.756s][info][gc          ] GC(7191) Pause Young (Concurrent Start) (G1 Evacuation Pause) 9597M->2289M(12288M) 28.004ms
[2025-01-09T02:13:49.390+0000][193699.756s][info][gc,cpu      ] GC(7191) User=0.15s Sys=0.00s Real=0.03s
[2025-01-09T02:13:49.390+0000][193699.756s][info][gc          ] GC(7192) Concurrent Mark Cycle
[2025-01-09T02:13:49.390+0000][193699.756s][info][gc,marking  ] GC(7192) Concurrent Clear Claimed Marks
[2025-01-09T02:13:49.391+0000][193699.757s][info][gc,marking  ] GC(7192) Concurrent Clear Claimed Marks 1.066ms
[2025-01-09T02:13:49.391+0000][193699.757s][info][gc,marking  ] GC(7192) Concurrent Scan Root Regions
[2025-01-09T02:13:49.415+0000][193699.781s][info][gc,marking  ] GC(7192) Concurrent Scan Root Regions 23.903ms
[2025-01-09T02:13:49.415+0000][193699.781s][info][gc,marking  ] GC(7192) Concurrent Mark
[2025-01-09T02:13:49.415+0000][193699.781s][info][gc,marking  ] GC(7192) Concurrent Mark From Roots
[2025-01-09T02:13:49.415+0000][193699.781s][info][gc,task     ] GC(7192) Using 2 workers of 2 for marking
[2025-01-09T02:13:50.626+0000][193700.992s][info][gc,marking  ] GC(7192) Concurrent Mark From Roots 1211.722ms
[2025-01-09T02:13:50.626+0000][193700.992s][info][gc,marking  ] GC(7192) Concurrent Preclean
[2025-01-09T02:13:50.629+0000][193700.995s][info][gc,marking  ] GC(7192) Concurrent Preclean 2.525ms
[2025-01-09T02:13:50.629+0000][193700.995s][info][gc,start    ] GC(7192) Pause Remark
[2025-01-09T02:13:50.655+0000][193701.021s][info][gc          ] GC(7192) Pause Remark 3613M->3613M(12288M) 26.186ms
[2025-01-09T02:13:50.655+0000][193701.021s][info][gc,cpu      ] GC(7192) User=0.15s Sys=0.00s Real=0.03s
[2025-01-09T02:13:50.655+0000][193701.022s][info][gc,marking  ] GC(7192) Concurrent Mark 1240.799ms
[2025-01-09T02:13:50.655+0000][193701.022s][info][gc,marking  ] GC(7192) Concurrent Rebuild Remembered Sets
[2025-01-09T02:13:51.191+0000][193701.557s][info][gc,marking  ] GC(7192) Concurrent Rebuild Remembered Sets 535.232ms
[2025-01-09T02:13:51.191+0000][193701.557s][info][gc,start    ] GC(7192) Pause Cleanup
[2025-01-09T02:13:51.191+0000][193701.557s][info][gc          ] GC(7192) Pause Cleanup 4047M->4047M(12288M) 0.415ms
[2025-01-09T02:13:51.191+0000][193701.557s][info][gc,cpu      ] GC(7192) User=0.00s Sys=0.00s Real=0.00s
[2025-01-09T02:13:51.191+0000][193701.557s][info][gc,marking  ] GC(7192) Concurrent Cleanup for Next Mark
[2025-01-09T02:13:51.219+0000][193701.585s][info][gc,marking  ] GC(7192) Concurrent Cleanup for Next Mark 28.013ms
[2025-01-09T02:13:51.219+0000][193701.585s][info][gc          ] GC(7192) Concurrent Mark Cycle 1829.823ms
[2025-01-09T02:13:59.639+0000][193710.005s][info][gc,start    ] GC(7193) Pause Young (Prepare Mixed) (G1 Evacuation Pause)
[2025-01-09T02:13:59.639+0000][193710.005s][info][gc,task     ] GC(7193) Using 6 workers of 6 for evacuation
[2025-01-09T02:13:59.675+0000][193710.041s][info][gc,phases   ] GC(7193)   Pre Evacuate Collection Set: 0.2ms
[2025-01-09T02:13:59.675+0000][193710.041s][info][gc,phases   ] GC(7193)   Merge Heap Roots: 0.6ms
[2025-01-09T02:13:59.675+0000][193710.041s][info][gc,phases   ] GC(7193)   Evacuate Collection Set: 30.6ms
[2025-01-09T02:13:59.675+0000][193710.041s][info][gc,phases   ] GC(7193)   Post Evacuate Collection Set: 4.2ms
[2025-01-09T02:13:59.675+0000][193710.041s][info][gc,phases   ] GC(7193)   Other: 0.2ms
[2025-01-09T02:13:59.675+0000][193710.041s][info][gc,heap     ] GC(7193) Eden regions: 914->0(67)
[2025-01-09T02:13:59.675+0000][193710.041s][info][gc,heap     ] GC(7193) Survivor regions: 7->9(116)
[2025-01-09T02:13:59.675+0000][193710.041s][info][gc,heap     ] GC(7193) Old regions: 230->230
[2025-01-09T02:13:59.675+0000][193710.041s][info][gc,heap     ] GC(7193) Archive regions: 2->2
[2025-01-09T02:13:59.675+0000][193710.041s][info][gc,heap     ] GC(7193) Humongous regions: 49->49
[2025-01-09T02:13:59.675+0000][193710.041s][info][gc,metaspace] GC(7193) Metaspace: 524920K(534272K)->524920K(534272K) NonClass: 460947K(465536K)->460947K(465536K) Class: 63973K(68736K)->63973K(68736K)
[2025-01-09T02:13:59.675+0000][193710.041s][info][gc          ] GC(7193) Pause Young (Prepare Mixed) (G1 Evacuation Pause) 9601M->2305M(12288M) 35.968ms
[2025-01-09T02:13:59.675+0000][193710.041s][info][gc,cpu      ] GC(7193) User=0.21s Sys=0.00s Real=0.04s
[2025-01-09T02:14:00.277+0000][193710.643s][info][gc,start    ] GC(7194) Pause Young (Mixed) (G1 Evacuation Pause)
[2025-01-09T02:14:00.277+0000][193710.643s][info][gc,task     ] GC(7194) Using 6 workers of 6 for evacuation
[2025-01-09T02:14:00.334+0000][193710.700s][info][gc,phases   ] GC(7194)   Pre Evacuate Collection Set: 0.2ms
[2025-01-09T02:14:00.334+0000][193710.700s][info][gc,phases   ] GC(7194)   Merge Heap Roots: 0.6ms
[2025-01-09T02:14:00.334+0000][193710.700s][info][gc,phases   ] GC(7194)   Evacuate Collection Set: 53.9ms
[2025-01-09T02:14:00.334+0000][193710.700s][info][gc,phases   ] GC(7194)   Post Evacuate Collection Set: 1.7ms
[2025-01-09T02:14:00.334+0000][193710.700s][info][gc,phases   ] GC(7194)   Other: 0.2ms
[2025-01-09T02:14:00.334+0000][193710.700s][info][gc,heap     ] GC(7194) Eden regions: 67->0(916)
[2025-01-09T02:14:00.334+0000][193710.700s][info][gc,heap     ] GC(7194) Survivor regions: 9->5(10)
[2025-01-09T02:14:00.334+0000][193710.700s][info][gc,heap     ] GC(7194) Old regions: 230->229
[2025-01-09T02:14:00.334+0000][193710.700s][info][gc,heap     ] GC(7194) Archive regions: 2->2
[2025-01-09T02:14:00.334+0000][193710.700s][info][gc,heap     ] GC(7194) Humongous regions: 49->49
[2025-01-09T02:14:00.334+0000][193710.700s][info][gc,metaspace] GC(7194) Metaspace: 524920K(534272K)->524920K(534272K) NonClass: 460947K(465536K)->460947K(465536K) Class: 63973K(68736K)->63973K(68736K)
[2025-01-09T02:14:00.334+0000][193710.700s][info][gc          ] GC(7194) Pause Young (Mixed) (G1 Evacuation Pause) 2841M->2270M(12288M) 56.636ms
[2025-01-09T02:14:00.334+0000][193710.700s][info][gc,cpu      ] GC(7194) User=0.33s Sys=0.01s Real=0.06s
[2025-01-09T02:14:09.319+0000][193719.685s][info][gc,start    ] GC(7195) Pause Young (Normal) (GCLocker Initiated GC)
[2025-01-09T02:14:09.319+0000][193719.685s][info][gc,task     ] GC(7195) Using 6 workers of 6 for evacuation
[2025-01-09T02:14:09.346+0000][193719.713s][info][gc,phases   ] GC(7195)   Pre Evacuate Collection Set: 0.2ms
[2025-01-09T02:14:09.347+0000][193719.713s][info][gc,phases   ] GC(7195)   Merge Heap Roots: 0.4ms
[2025-01-09T02:14:09.347+0000][193719.713s][info][gc,phases   ] GC(7195)   Evacuate Collection Set: 23.0ms
[2025-01-09T02:14:09.347+0000][193719.713s][info][gc,phases   ] GC(7195)   Post Evacuate Collection Set: 3.8ms
[2025-01-09T02:14:09.347+0000][193719.713s][info][gc,phases   ] GC(7195)   Other: 0.2ms
[2025-01-09T02:14:09.347+0000][193719.713s][info][gc,heap     ] GC(7195) Eden regions: 917->0(915)
[2025-01-09T02:14:09.347+0000][193719.713s][info][gc,heap     ] GC(7195) Survivor regions: 5->6(116)
[2025-01-09T02:14:09.347+0000][193719.713s][info][gc,heap     ] GC(7195) Old regions: 229->229
[2025-01-09T02:14:09.347+0000][193719.713s][info][gc,heap     ] GC(7195) Archive regions: 2->2
[2025-01-09T02:14:09.347+0000][193719.713s][info][gc,heap     ] GC(7195) Humongous regions: 49->49
[2025-01-09T02:14:09.347+0000][193719.713s][info][gc,metaspace] GC(7195) Metaspace: 524920K(534272K)->524920K(534272K) NonClass: 460947K(465536K)->460947K(465536K) Class: 63973K(68736K)->63973K(68736K)
[2025-01-09T02:14:09.347+0000][193719.713s][info][gc          ] GC(7195) Pause Young (Normal) (GCLocker Initiated GC) 9602M->2278M(12288M) 27.723ms
[2025-01-09T02:14:09.347+0000][193719.713s][info][gc,cpu      ] GC(7195) User=0.16s Sys=0.01s Real=0.03s
[2025-01-09T02:14:18.459+0000][193728.825s][info][gc,start    ] GC(7196) Pause Young (Normal) (GCLocker Initiated GC)
[2025-01-09T02:14:18.459+0000][193728.825s][info][gc,task     ] GC(7196) Using 6 workers of 6 for evacuation
[2025-01-09T02:14:18.490+0000][193728.857s][info][gc,phases   ] GC(7196)   Pre Evacuate Collection Set: 0.2ms
[2025-01-09T02:14:18.490+0000][193728.857s][info][gc,phases   ] GC(7196)   Merge Heap Roots: 0.4ms
[2025-01-09T02:14:18.490+0000][193728.857s][info][gc,phases   ] GC(7196)   Evacuate Collection Set: 26.5ms
[2025-01-09T02:14:18.490+0000][193728.857s][info][gc,phases   ] GC(7196)   Post Evacuate Collection Set: 4.1ms
[2025-01-09T02:14:18.490+0000][193728.857s][info][gc,phases   ] GC(7196)   Other: 0.2ms
[2025-01-09T02:14:18.490+0000][193728.857s][info][gc,heap     ] GC(7196) Eden regions: 916->0(913)
[2025-01-09T02:14:18.491+0000][193728.857s][info][gc,heap     ] GC(7196) Survivor regions: 6->8(116)
[2025-01-09T02:14:18.491+0000][193728.857s][info][gc,heap     ] GC(7196) Old regions: 229->229
[2025-01-09T02:14:18.491+0000][193728.857s][info][gc,heap     ] GC(7196) Archive regions: 2->2
[2025-01-09T02:14:18.491+0000][193728.857s][info][gc,heap     ] GC(7196) Humongous regions: 49->49
[2025-01-09T02:14:18.491+0000][193728.857s][info][gc,metaspace] GC(7196) Metaspace: 524920K(534272K)->524920K(534272K) NonClass: 460947K(465536K)->460947K(465536K) Class: 63973K(68736K)->63973K(68736K)
[2025-01-09T02:14:18.491+0000][193728.857s][info][gc          ] GC(7196) Pause Young (Normal) (GCLocker Initiated GC) 9601M->2293M(12288M) 31.598ms
[2025-01-09T02:14:18.491+0000][193728.857s][info][gc,cpu      ] GC(7196) User=0.18s Sys=0.00s Real=0.04s
[2025-01-09T02:14:26.540+0000][193736.906s][info][gc,start    ] GC(7197) Pause Young (Concurrent Start) (GCLocker Initiated GC)
[2025-01-09T02:14:26.540+0000][193736.906s][info][gc,task     ] GC(7197) Using 6 workers of 6 for evacuation
[2025-01-09T02:14:26.575+0000][193736.941s][info][gc,phases   ] GC(7197)   Pre Evacuate Collection Set: 1.2ms
[2025-01-09T02:14:26.575+0000][193736.941s][info][gc,phases   ] GC(7197)   Merge Heap Roots: 0.5ms
[2025-01-09T02:14:26.575+0000][193736.941s][info][gc,phases   ] GC(7197)   Evacuate Collection Set: 30.1ms
[2025-01-09T02:14:26.575+0000][193736.941s][info][gc,phases   ] GC(7197)   Post Evacuate Collection Set: 2.7ms
[2025-01-09T02:14:26.575+0000][193736.941s][info][gc,phases   ] GC(7197)   Other: 0.3ms
[2025-01-09T02:14:26.575+0000][193736.941s][info][gc,heap     ] GC(7197) Eden regions: 914->0(913)
[2025-01-09T02:14:26.575+0000][193736.941s][info][gc,heap     ] GC(7197) Survivor regions: 8->8(116)
[2025-01-09T02:14:26.575+0000][193736.941s][info][gc,heap     ] GC(7197) Old regions: 229->229
[2025-01-09T02:14:26.575+0000][193736.941s][info][gc,heap     ] GC(7197) Archive regions: 2->2
[2025-01-09T02:14:26.575+0000][193736.941s][info][gc,heap     ] GC(7197) Humongous regions: 49->49
[2025-01-09T02:14:26.575+0000][193736.941s][info][gc,metaspace] GC(7197) Metaspace: 524920K(534272K)->524920K(534272K) NonClass: 460947K(465536K)->460947K(465536K) Class: 63973K(68736K)->63973K(68736K)
[2025-01-09T02:14:26.575+0000][193736.941s][info][gc          ] GC(7197) Pause Young (Concurrent Start) (GCLocker Initiated GC) 9601M->2294M(12288M) 34.795ms
[2025-01-09T02:14:26.575+0000][193736.941s][info][gc,cpu      ] GC(7197) User=0.19s Sys=0.01s Real=0.04s
[2025-01-09T02:14:26.575+0000][193736.941s][info][gc          ] GC(7198) Concurrent Mark Cycle
[2025-01-09T02:14:26.575+0000][193736.941s][info][gc,marking  ] GC(7198) Concurrent Clear Claimed Marks
[2025-01-09T02:14:26.576+0000][193736.942s][info][gc,marking  ] GC(7198) Concurrent Clear Claimed Marks 0.976ms
[2025-01-09T02:14:26.576+0000][193736.942s][info][gc,marking  ] GC(7198) Concurrent Scan Root Regions
[2025-01-09T02:14:26.604+0000][193736.970s][info][gc,marking  ] GC(7198) Concurrent Scan Root Regions 28.051ms
[2025-01-09T02:14:26.604+0000][193736.970s][info][gc,marking  ] GC(7198) Concurrent Mark
[2025-01-09T02:14:26.604+0000][193736.970s][info][gc,marking  ] GC(7198) Concurrent Mark From Roots
[2025-01-09T02:14:26.604+0000][193736.970s][info][gc,task     ] GC(7198) Using 2 workers of 2 for marking
[2025-01-09T02:14:27.415+0000][193737.781s][info][gc,marking  ] GC(7198) Concurrent Mark From Roots 811.259ms
[2025-01-09T02:14:27.415+0000][193737.781s][info][gc,marking  ] GC(7198) Concurrent Preclean
[2025-01-09T02:14:27.419+0000][193737.785s][info][gc,marking  ] GC(7198) Concurrent Preclean 3.785ms
[2025-01-09T02:14:27.419+0000][193737.785s][info][gc,start    ] GC(7198) Pause Remark
[2025-01-09T02:14:27.445+0000][193737.811s][info][gc          ] GC(7198) Pause Remark 2806M->2806M(12288M) 26.036ms
[2025-01-09T02:14:27.445+0000][193737.811s][info][gc,cpu      ] GC(7198) User=0.15s Sys=0.00s Real=0.03s
[2025-01-09T02:14:27.445+0000][193737.811s][info][gc,marking  ] GC(7198) Concurrent Mark 841.510ms
[2025-01-09T02:14:27.445+0000][193737.811s][info][gc,marking  ] GC(7198) Concurrent Rebuild Remembered Sets
[2025-01-09T02:14:28.042+0000][193738.408s][info][gc,marking  ] GC(7198) Concurrent Rebuild Remembered Sets 596.976ms
[2025-01-09T02:14:28.042+0000][193738.409s][info][gc,start    ] GC(7198) Pause Cleanup
[2025-01-09T02:14:28.043+0000][193738.409s][info][gc          ] GC(7198) Pause Cleanup 3170M->3170M(12288M) 0.437ms
[2025-01-09T02:14:28.043+0000][193738.409s][info][gc,cpu      ] GC(7198) User=0.00s Sys=0.00s Real=0.00s
[2025-01-09T02:14:28.043+0000][193738.409s][info][gc,marking  ] GC(7198) Concurrent Cleanup for Next Mark
[2025-01-09T02:14:28.059+0000][193738.425s][info][gc,marking  ] GC(7198) Concurrent Cleanup for Next Mark 15.748ms
[2025-01-09T02:14:28.059+0000][193738.425s][info][gc          ] GC(7198) Concurrent Mark Cycle 1484.080ms
[2025-01-09T02:14:36.198+0000][193746.564s][info][gc,start    ] GC(7199) Pause Young (Prepare Mixed) (GCLocker Initiated GC)
[2025-01-09T02:14:36.198+0000][193746.564s][info][gc,task     ] GC(7199) Using 6 workers of 6 for evacuation
[2025-01-09T02:14:36.235+0000][193746.601s][info][gc,phases   ] GC(7199)   Pre Evacuate Collection Set: 0.2ms
[2025-01-09T02:14:36.235+0000][193746.601s][info][gc,phases   ] GC(7199)   Merge Heap Roots: 0.7ms
[2025-01-09T02:14:36.235+0000][193746.601s][info][gc,phases   ] GC(7199)   Evacuate Collection Set: 33.6ms
[2025-01-09T02:14:36.235+0000][193746.601s][info][gc,phases   ] GC(7199)   Post Evacuate Collection Set: 2.6ms
[2025-01-09T02:14:36.235+0000][193746.601s][info][gc,phases   ] GC(7199)   Other: 0.2ms
[2025-01-09T02:14:36.235+0000][193746.601s][info][gc,heap     ] GC(7199) Eden regions: 914->0(67)
[2025-01-09T02:14:36.235+0000][193746.601s][info][gc,heap     ] GC(7199) Survivor regions: 8->9(116)
[2025-01-09T02:14:36.235+0000][193746.601s][info][gc,heap     ] GC(7199) Old regions: 229->229
[2025-01-09T02:14:36.235+0000][193746.601s][info][gc,heap     ] GC(7199) Archive regions: 2->2
[2025-01-09T02:14:36.235+0000][193746.601s][info][gc,heap     ] GC(7199) Humongous regions: 49->49
[2025-01-09T02:14:36.235+0000][193746.601s][info][gc,metaspace] GC(7199) Metaspace: 524920K(534272K)->524920K(534272K) NonClass: 460947K(465536K)->460947K(465536K) Class: 63973K(68736K)->63973K(68736K)
[2025-01-09T02:14:36.235+0000][193746.601s][info][gc          ] GC(7199) Pause Young (Prepare Mixed) (GCLocker Initiated GC) 9602M->2302M(12288M) 37.360ms
[2025-01-09T02:14:36.235+0000][193746.601s][info][gc,cpu      ] GC(7199) User=0.22s Sys=0.00s Real=0.04s
[2025-01-09T02:14:36.639+0000][193747.005s][info][gc,start    ] GC(7200) Pause Young (Mixed) (GCLocker Initiated GC)
[2025-01-09T02:14:36.639+0000][193747.005s][info][gc,task     ] GC(7200) Using 6 workers of 6 for evacuation
[2025-01-09T02:14:36.715+0000][193747.081s][info][gc,phases   ] GC(7200)   Pre Evacuate Collection Set: 0.2ms
[2025-01-09T02:14:36.715+0000][193747.081s][info][gc,phases   ] GC(7200)   Merge Heap Roots: 0.8ms
[2025-01-09T02:14:36.715+0000][193747.081s][info][gc,phases   ] GC(7200)   Evacuate Collection Set: 72.7ms
[2025-01-09T02:14:36.715+0000][193747.081s][info][gc,phases   ] GC(7200)   Post Evacuate Collection Set: 1.9ms
[2025-01-09T02:14:36.715+0000][193747.081s][info][gc,phases   ] GC(7200)   Other: 0.2ms
[2025-01-09T02:14:36.715+0000][193747.081s][info][gc,heap     ] GC(7200) Eden regions: 67->0(915)
[2025-01-09T02:14:36.715+0000][193747.081s][info][gc,heap     ] GC(7200) Survivor regions: 9->6(10)
[2025-01-09T02:14:36.715+0000][193747.081s][info][gc,heap     ] GC(7200) Old regions: 229->230
[2025-01-09T02:14:36.715+0000][193747.081s][info][gc,heap     ] GC(7200) Archive regions: 2->2
[2025-01-09T02:14:36.715+0000][193747.081s][info][gc,heap     ] GC(7200) Humongous regions: 49->49
[2025-01-09T02:14:36.715+0000][193747.081s][info][gc,metaspace] GC(7200) Metaspace: 524920K(534272K)->524920K(534272K) NonClass: 460947K(465536K)->460947K(465536K) Class: 63973K(68736K)->63973K(68736K)
[2025-01-09T02:14:36.715+0000][193747.081s][info][gc          ] GC(7200) Pause Young (Mixed) (GCLocker Initiated GC) 2838M->2274M(12288M) 75.843ms
[2025-01-09T02:14:36.715+0000][193747.081s][info][gc,cpu      ] GC(7200) User=0.44s Sys=0.00s Real=0.08s
[2025-01-09T02:14:45.407+0000][193755.773s][info][gc,start    ] GC(7201) Pause Young (Normal) (GCLocker Initiated GC)
[2025-01-09T02:14:45.407+0000][193755.773s][info][gc,task     ] GC(7201) Using 6 workers of 6 for evacuation
[2025-01-09T02:14:45.437+0000][193755.803s][info][gc,phases   ] GC(7201)   Pre Evacuate Collection Set: 0.2ms
[2025-01-09T02:14:45.437+0000][193755.803s][info][gc,phases   ] GC(7201)   Merge Heap Roots: 0.4ms
[2025-01-09T02:14:45.437+0000][193755.803s][info][gc,phases   ] GC(7201)   Evacuate Collection Set: 25.9ms
[2025-01-09T02:14:45.437+0000][193755.803s][info][gc,phases   ] GC(7201)   Post Evacuate Collection Set: 2.8ms
[2025-01-09T02:14:45.437+0000][193755.803s][info][gc,phases   ] GC(7201)   Other: 0.2ms
[2025-01-09T02:14:45.437+0000][193755.803s][info][gc,heap     ] GC(7201) Eden regions: 915->0(915)
[2025-01-09T02:14:45.437+0000][193755.803s][info][gc,heap     ] GC(7201) Survivor regions: 6->6(116)
[2025-01-09T02:14:45.437+0000][193755.803s][info][gc,heap     ] GC(7201) Old regions: 230->230
[2025-01-09T02:14:45.437+0000][193755.803s][info][gc,heap     ] GC(7201) Archive regions: 2->2
[2025-01-09T02:14:45.437+0000][193755.803s][info][gc,heap     ] GC(7201) Humongous regions: 49->49
[2025-01-09T02:14:45.437+0000][193755.803s][info][gc,metaspace] GC(7201) Metaspace: 524920K(534272K)->524920K(534272K) NonClass: 460947K(465536K)->460947K(465536K) Class: 63973K(68736K)->63973K(68736K)
[2025-01-09T02:14:45.437+0000][193755.803s][info][gc          ] GC(7201) Pause Young (Normal) (GCLocker Initiated GC) 9594M->2279M(12288M) 29.579ms
[2025-01-09T02:14:45.437+0000][193755.803s][info][gc,cpu      ] GC(7201) User=0.17s Sys=0.00s Real=0.03s
[2025-01-09T02:14:56.099+0000][193766.465s][info][gc,start    ] GC(7202) Pause Young (Normal) (GCLocker Initiated GC)
[2025-01-09T02:14:56.099+0000][193766.465s][info][gc,task     ] GC(7202) Using 6 workers of 6 for evacuation
[2025-01-09T02:14:56.129+0000][193766.495s][info][gc,phases   ] GC(7202)   Pre Evacuate Collection Set: 0.2ms
[2025-01-09T02:14:56.129+0000][193766.495s][info][gc,phases   ] GC(7202)   Merge Heap Roots: 0.5ms
[2025-01-09T02:14:56.129+0000][193766.495s][info][gc,phases   ] GC(7202)   Evacuate Collection Set: 25.4ms
[2025-01-09T02:14:56.129+0000][193766.495s][info][gc,phases   ] GC(7202)   Post Evacuate Collection Set: 3.9ms
[2025-01-09T02:14:56.129+0000][193766.495s][info][gc,phases   ] GC(7202)   Other: 0.2ms
[2025-01-09T02:14:56.129+0000][193766.495s][info][gc,heap     ] GC(7202) Eden regions: 916->0(914)
[2025-01-09T02:14:56.129+0000][193766.495s][info][gc,heap     ] GC(7202) Survivor regions: 6->7(116)
[2025-01-09T02:14:56.129+0000][193766.495s][info][gc,heap     ] GC(7202) Old regions: 230->230
[2025-01-09T02:14:56.129+0000][193766.495s][info][gc,heap     ] GC(7202) Archive regions: 2->2
[2025-01-09T02:14:56.129+0000][193766.495s][info][gc,heap     ] GC(7202) Humongous regions: 49->49
[2025-01-09T02:14:56.129+0000][193766.495s][info][gc,metaspace] GC(7202) Metaspace: 524920K(534272K)->524920K(534272K) NonClass: 460947K(465536K)->460947K(465536K) Class: 63973K(68736K)->63973K(68736K)
[2025-01-09T02:14:56.129+0000][193766.495s][info][gc          ] GC(7202) Pause Young (Normal) (GCLocker Initiated GC) 9603M->2287M(12288M) 30.202ms
[2025-01-09T02:14:56.129+0000][193766.495s][info][gc,cpu      ] GC(7202) User=0.17s Sys=0.01s Real=0.03s
[2025-01-09T02:15:02.179+0000][193772.545s][info][gc,start    ] GC(7203) Pause Young (Concurrent Start) (GCLocker Initiated GC)
[2025-01-09T02:15:02.179+0000][193772.545s][info][gc,task     ] GC(7203) Using 6 workers of 6 for evacuation
[2025-01-09T02:15:02.215+0000][193772.581s][info][gc,phases   ] GC(7203)   Pre Evacuate Collection Set: 1.2ms
[2025-01-09T02:15:02.215+0000][193772.581s][info][gc,phases   ] GC(7203)   Merge Heap Roots: 0.5ms
[2025-01-09T02:15:02.215+0000][193772.581s][info][gc,phases   ] GC(7203)   Evacuate Collection Set: 29.9ms
[2025-01-09T02:15:02.215+0000][193772.581s][info][gc,phases   ] GC(7203)   Post Evacuate Collection Set: 4.1ms
[2025-01-09T02:15:02.215+0000][193772.581s][info][gc,phases   ] GC(7203)   Other: 0.3ms
[2025-01-09T02:15:02.215+0000][193772.581s][info][gc,heap     ] GC(7203) Eden regions: 915->0(912)
[2025-01-09T02:15:02.215+0000][193772.581s][info][gc,heap     ] GC(7203) Survivor regions: 7->9(116)
[2025-01-09T02:15:02.215+0000][193772.581s][info][gc,heap     ] GC(7203) Old regions: 230->230
[2025-01-09T02:15:02.215+0000][193772.581s][info][gc,heap     ] GC(7203) Archive regions: 2->2
[2025-01-09T02:15:02.215+0000][193772.581s][info][gc,heap     ] GC(7203) Humongous regions: 49->49
[2025-01-09T02:15:02.215+0000][193772.581s][info][gc,metaspace] GC(7203) Metaspace: 524930K(534272K)->524930K(534272K) NonClass: 460956K(465536K)->460956K(465536K) Class: 63974K(68736K)->63974K(68736K)
[2025-01-09T02:15:02.215+0000][193772.581s][info][gc          ] GC(7203) Pause Young (Concurrent Start) (GCLocker Initiated GC) 9603M->2297M(12288M) 36.019ms
[2025-01-09T02:15:02.215+0000][193772.581s][info][gc,cpu      ] GC(7203) User=0.20s Sys=0.00s Real=0.04s
[2025-01-09T02:15:02.215+0000][193772.581s][info][gc          ] GC(7204) Concurrent Mark Cycle
[2025-01-09T02:15:02.215+0000][193772.581s][info][gc,marking  ] GC(7204) Concurrent Clear Claimed Marks
[2025-01-09T02:15:02.216+0000][193772.582s][info][gc,marking  ] GC(7204) Concurrent Clear Claimed Marks 0.867ms
[2025-01-09T02:15:02.216+0000][193772.582s][info][gc,marking  ] GC(7204) Concurrent Scan Root Regions
[2025-01-09T02:15:02.243+0000][193772.609s][info][gc,marking  ] GC(7204) Concurrent Scan Root Regions 27.217ms
[2025-01-09T02:15:02.243+0000][193772.609s][info][gc,marking  ] GC(7204) Concurrent Mark
[2025-01-09T02:15:02.243+0000][193772.609s][info][gc,marking  ] GC(7204) Concurrent Mark From Roots
[2025-01-09T02:15:02.243+0000][193772.609s][info][gc,task     ] GC(7204) Using 2 workers of 2 for marking
[2025-01-09T02:15:03.370+0000][193773.736s][info][gc,marking  ] GC(7204) Concurrent Mark From Roots 1126.482ms
[2025-01-09T02:15:03.370+0000][193773.736s][info][gc,marking  ] GC(7204) Concurrent Preclean
[2025-01-09T02:15:03.373+0000][193773.739s][info][gc,marking  ] GC(7204) Concurrent Preclean 3.484ms
[2025-01-09T02:15:03.373+0000][193773.739s][info][gc,start    ] GC(7204) Pause Remark
[2025-01-09T02:15:03.399+0000][193773.765s][info][gc          ] GC(7204) Pause Remark 3809M->3809M(12288M) 25.869ms
[2025-01-09T02:15:03.399+0000][193773.765s][info][gc,cpu      ] GC(7204) User=0.15s Sys=0.00s Real=0.02s
[2025-01-09T02:15:03.399+0000][193773.765s][info][gc,marking  ] GC(7204) Concurrent Mark 1156.221ms
[2025-01-09T02:15:03.399+0000][193773.765s][info][gc,marking  ] GC(7204) Concurrent Rebuild Remembered Sets
[2025-01-09T02:15:04.273+0000][193774.639s][info][gc,marking  ] GC(7204) Concurrent Rebuild Remembered Sets 873.854ms
[2025-01-09T02:15:04.274+0000][193774.640s][info][gc,start    ] GC(7204) Pause Cleanup
[2025-01-09T02:15:04.275+0000][193774.641s][info][gc          ] GC(7204) Pause Cleanup 5225M->5225M(12288M) 0.478ms
[2025-01-09T02:15:04.275+0000][193774.641s][info][gc,cpu      ] GC(7204) User=0.00s Sys=0.00s Real=0.00s
[2025-01-09T02:15:04.275+0000][193774.641s][info][gc,marking  ] GC(7204) Concurrent Cleanup for Next Mark
[2025-01-09T02:15:04.308+0000][193774.674s][info][gc,marking  ] GC(7204) Concurrent Cleanup for Next Mark 32.995ms
[2025-01-09T02:15:04.308+0000][193774.674s][info][gc          ] GC(7204) Concurrent Mark Cycle 2092.810ms
[2025-01-09T02:15:07.148+0000][193777.515s][info][gc,start    ] GC(7205) Pause Young (Prepare Mixed) (GCLocker Initiated GC)
[2025-01-09T02:15:07.148+0000][193777.515s][info][gc,task     ] GC(7205) Using 6 workers of 6 for evacuation
[2025-01-09T02:15:07.183+0000][193777.549s][info][gc,phases   ] GC(7205)   Pre Evacuate Collection Set: 0.2ms
[2025-01-09T02:15:07.183+0000][193777.549s][info][gc,phases   ] GC(7205)   Merge Heap Roots: 0.7ms
[2025-01-09T02:15:07.183+0000][193777.549s][info][gc,phases   ] GC(7205)   Evacuate Collection Set: 29.5ms
[2025-01-09T02:15:07.183+0000][193777.549s][info][gc,phases   ] GC(7205)   Post Evacuate Collection Set: 3.9ms
[2025-01-09T02:15:07.183+0000][193777.549s][info][gc,phases   ] GC(7205)   Other: 0.2ms
[2025-01-09T02:15:07.183+0000][193777.549s][info][gc,heap     ] GC(7205) Eden regions: 913->0(67)
[2025-01-09T02:15:07.183+0000][193777.549s][info][gc,heap     ] GC(7205) Survivor regions: 9->9(116)
[2025-01-09T02:15:07.183+0000][193777.549s][info][gc,heap     ] GC(7205) Old regions: 230->230
[2025-01-09T02:15:07.183+0000][193777.549s][info][gc,heap     ] GC(7205) Archive regions: 2->2
[2025-01-09T02:15:07.183+0000][193777.549s][info][gc,heap     ] GC(7205) Humongous regions: 49->49
[2025-01-09T02:15:07.183+0000][193777.549s][info][gc,metaspace] GC(7205) Metaspace: 524930K(534272K)->524930K(534272K) NonClass: 460956K(465536K)->460956K(465536K) Class: 63974K(68736K)->63974K(68736K)
[2025-01-09T02:15:07.183+0000][193777.549s][info][gc          ] GC(7205) Pause Young (Prepare Mixed) (GCLocker Initiated GC) 9596M->2301M(12288M) 34.557ms
[2025-01-09T02:15:07.183+0000][193777.549s][info][gc,cpu      ] GC(7205) User=0.20s Sys=0.00s Real=0.04s
[2025-01-09T02:15:07.542+0000][193777.909s][info][gc,start    ] GC(7206) Pause Young (Mixed) (GCLocker Initiated GC)
[2025-01-09T02:15:07.543+0000][193777.909s][info][gc,task     ] GC(7206) Using 6 workers of 6 for evacuation
[2025-01-09T02:15:07.611+0000][193777.978s][info][gc,phases   ] GC(7206)   Pre Evacuate Collection Set: 0.2ms
[2025-01-09T02:15:07.611+0000][193777.978s][info][gc,phases   ] GC(7206)   Merge Heap Roots: 0.8ms
[2025-01-09T02:15:07.611+0000][193777.978s][info][gc,phases   ] GC(7206)   Evacuate Collection Set: 65.8ms
[2025-01-09T02:15:07.611+0000][193777.978s][info][gc,phases   ] GC(7206)   Post Evacuate Collection Set: 2.1ms
[2025-01-09T02:15:07.611+0000][193777.978s][info][gc,phases   ] GC(7206)   Other: 0.2ms
[2025-01-09T02:15:07.611+0000][193777.978s][info][gc,heap     ] GC(7206) Eden regions: 68->0(916)
[2025-01-09T02:15:07.611+0000][193777.978s][info][gc,heap     ] GC(7206) Survivor regions: 9->5(10)
[2025-01-09T02:15:07.611+0000][193777.978s][info][gc,heap     ] GC(7206) Old regions: 230->228
[2025-01-09T02:15:07.612+0000][193777.978s][info][gc,heap     ] GC(7206) Archive regions: 2->2
[2025-01-09T02:15:07.612+0000][193777.978s][info][gc,heap     ] GC(7206) Humongous regions: 49->49
[2025-01-09T02:15:07.612+0000][193777.978s][info][gc,metaspace] GC(7206) Metaspace: 524930K(534272K)->524930K(534272K) NonClass: 460956K(465536K)->460956K(465536K) Class: 63974K(68736K)->63974K(68736K)
[2025-01-09T02:15:07.612+0000][193777.978s][info][gc          ] GC(7206) Pause Young (Mixed) (GCLocker Initiated GC) 2839M->2261M(12288M) 69.054ms
[2025-01-09T02:15:07.612+0000][193777.978s][info][gc,cpu      ] GC(7206) User=0.39s Sys=0.00s Real=0.07s
[2025-01-09T02:15:12.093+0000][193782.459s][info][gc,start    ] GC(7207) Pause Young (Normal) (GCLocker Initiated GC)
[2025-01-09T02:15:12.093+0000][193782.459s][info][gc,task     ] GC(7207) Using 6 workers of 6 for evacuation
[2025-01-09T02:15:12.116+0000][193782.482s][info][gc,phases   ] GC(7207)   Pre Evacuate Collection Set: 0.2ms
[2025-01-09T02:15:12.116+0000][193782.482s][info][gc,phases   ] GC(7207)   Merge Heap Roots: 0.5ms
[2025-01-09T02:15:12.116+0000][193782.482s][info][gc,phases   ] GC(7207)   Evacuate Collection Set: 20.2ms
[2025-01-09T02:15:12.116+0000][193782.482s][info][gc,phases   ] GC(7207)   Post Evacuate Collection Set: 2.3ms
[2025-01-09T02:15:12.116+0000][193782.482s][info][gc,phases   ] GC(7207)   Other: 0.2ms
[2025-01-09T02:15:12.116+0000][193782.482s][info][gc,heap     ] GC(7207) Eden regions: 917->0(916)
[2025-01-09T02:15:12.116+0000][193782.482s][info][gc,heap     ] GC(7207) Survivor regions: 5->5(116)
[2025-01-09T02:15:12.116+0000][193782.482s][info][gc,heap     ] GC(7207) Old regions: 228->228
[2025-01-09T02:15:12.116+0000][193782.482s][info][gc,heap     ] GC(7207) Archive regions: 2->2
[2025-01-09T02:15:12.116+0000][193782.482s][info][gc,heap     ] GC(7207) Humongous regions: 49->49
[2025-01-09T02:15:12.116+0000][193782.482s][info][gc,metaspace] GC(7207) Metaspace: 524930K(534272K)->524930K(534272K) NonClass: 460956K(465536K)->460956K(465536K) Class: 63974K(68736K)->63974K(68736K)
[2025-01-09T02:15:12.116+0000][193782.482s][info][gc          ] GC(7207) Pause Young (Normal) (GCLocker Initiated GC) 9593M->2261M(12288M) 23.437ms
[2025-01-09T02:15:12.116+0000][193782.482s][info][gc,cpu      ] GC(7207) User=0.13s Sys=0.00s Real=0.02s
[2025-01-09T02:15:16.939+0000][193787.305s][info][gc,start    ] GC(7208) Pause Young (Normal) (GCLocker Initiated GC)
[2025-01-09T02:15:16.939+0000][193787.305s][info][gc,task     ] GC(7208) Using 6 workers of 6 for evacuation
[2025-01-09T02:15:16.964+0000][193787.330s][info][gc,phases   ] GC(7208)   Pre Evacuate Collection Set: 0.2ms
[2025-01-09T02:15:16.964+0000][193787.330s][info][gc,phases   ] GC(7208)   Merge Heap Roots: 0.4ms
[2025-01-09T02:15:16.964+0000][193787.330s][info][gc,phases   ] GC(7208)   Evacuate Collection Set: 22.2ms
[2025-01-09T02:15:16.964+0000][193787.330s][info][gc,phases   ] GC(7208)   Post Evacuate Collection Set: 2.4ms
[2025-01-09T02:15:16.964+0000][193787.330s][info][gc,phases   ] GC(7208)   Other: 0.2ms
[2025-01-09T02:15:16.964+0000][193787.330s][info][gc,heap     ] GC(7208) Eden regions: 917->0(915)
[2025-01-09T02:15:16.964+0000][193787.330s][info][gc,heap     ] GC(7208) Survivor regions: 5->6(116)
[2025-01-09T02:15:16.964+0000][193787.330s][info][gc,heap     ] GC(7208) Old regions: 228->228
[2025-01-09T02:15:16.964+0000][193787.330s][info][gc,heap     ] GC(7208) Archive regions: 2->2
[2025-01-09T02:15:16.964+0000][193787.330s][info][gc,heap     ] GC(7208) Humongous regions: 49->49
[2025-01-09T02:15:16.964+0000][193787.330s][info][gc,metaspace] GC(7208) Metaspace: 524930K(534272K)->524930K(534272K) NonClass: 460956K(465536K)->460956K(465536K) Class: 63974K(68736K)->63974K(68736K)
[2025-01-09T02:15:16.964+0000][193787.330s][info][gc          ] GC(7208) Pause Young (Normal) (GCLocker Initiated GC) 9592M->2268M(12288M) 25.479ms
[2025-01-09T02:15:16.964+0000][193787.330s][info][gc,cpu      ] GC(7208) User=0.15s Sys=0.00s Real=0.03s
[2025-01-09T02:15:22.021+0000][193792.387s][info][gc,start    ] GC(7209) Pause Young (Concurrent Start) (GCLocker Initiated GC)
[2025-01-09T02:15:22.021+0000][193792.387s][info][gc,task     ] GC(7209) Using 6 workers of 6 for evacuation
[2025-01-09T02:15:22.048+0000][193792.414s][info][gc,phases   ] GC(7209)   Pre Evacuate Collection Set: 1.1ms
[2025-01-09T02:15:22.048+0000][193792.414s][info][gc,phases   ] GC(7209)   Merge Heap Roots: 0.5ms
[2025-01-09T02:15:22.048+0000][193792.414s][info][gc,phases   ] GC(7209)   Evacuate Collection Set: 23.6ms
[2025-01-09T02:15:22.048+0000][193792.414s][info][gc,phases   ] GC(7209)   Post Evacuate Collection Set: 2.4ms
[2025-01-09T02:15:22.048+0000][193792.414s][info][gc,phases   ] GC(7209)   Other: 0.3ms
[2025-01-09T02:15:22.048+0000][193792.414s][info][gc,heap     ] GC(7209) Eden regions: 916->0(914)
[2025-01-09T02:15:22.048+0000][193792.415s][info][gc,heap     ] GC(7209) Survivor regions: 6->7(116)
[2025-01-09T02:15:22.048+0000][193792.415s][info][gc,heap     ] GC(7209) Old regions: 228->228
[2025-01-09T02:15:22.048+0000][193792.415s][info][gc,heap     ] GC(7209) Archive regions: 2->2
[2025-01-09T02:15:22.048+0000][193792.415s][info][gc,heap     ] GC(7209) Humongous regions: 49->49
[2025-01-09T02:15:22.048+0000][193792.415s][info][gc,metaspace] GC(7209) Metaspace: 524930K(534272K)->524930K(534272K) NonClass: 460956K(465536K)->460956K(465536K) Class: 63974K(68736K)->63974K(68736K)
[2025-01-09T02:15:22.048+0000][193792.415s][info][gc          ] GC(7209) Pause Young (Concurrent Start) (GCLocker Initiated GC) 9591M->2271M(12288M) 27.910ms
[2025-01-09T02:15:22.048+0000][193792.415s][info][gc,cpu      ] GC(7209) User=0.15s Sys=0.00s Real=0.03s
[2025-01-09T02:15:22.049+0000][193792.415s][info][gc          ] GC(7210) Concurrent Mark Cycle
[2025-01-09T02:15:22.049+0000][193792.415s][info][gc,marking  ] GC(7210) Concurrent Clear Claimed Marks
[2025-01-09T02:15:22.049+0000][193792.416s][info][gc,marking  ] GC(7210) Concurrent Clear Claimed Marks 0.866ms
[2025-01-09T02:15:22.049+0000][193792.416s][info][gc,marking  ] GC(7210) Concurrent Scan Root Regions
[2025-01-09T02:15:22.070+0000][193792.436s][info][gc,marking  ] GC(7210) Concurrent Scan Root Regions 20.870ms
[2025-01-09T02:15:22.070+0000][193792.436s][info][gc,marking  ] GC(7210) Concurrent Mark
[2025-01-09T02:15:22.070+0000][193792.436s][info][gc,marking  ] GC(7210) Concurrent Mark From Roots
[2025-01-09T02:15:22.070+0000][193792.436s][info][gc,task     ] GC(7210) Using 2 workers of 2 for marking
[2025-01-09T02:15:22.993+0000][193793.359s][info][gc,marking  ] GC(7210) Concurrent Mark From Roots 922.439ms
[2025-01-09T02:15:22.993+0000][193793.359s][info][gc,marking  ] GC(7210) Concurrent Preclean
[2025-01-09T02:15:22.996+0000][193793.362s][info][gc,marking  ] GC(7210) Concurrent Preclean 3.449ms
[2025-01-09T02:15:22.996+0000][193793.363s][info][gc,start    ] GC(7210) Pause Remark
[2025-01-09T02:15:23.022+0000][193793.388s][info][gc          ] GC(7210) Pause Remark 2779M->2779M(12288M) 25.686ms
[2025-01-09T02:15:23.022+0000][193793.388s][info][gc,cpu      ] GC(7210) User=0.15s Sys=0.00s Real=0.03s
[2025-01-09T02:15:23.022+0000][193793.388s][info][gc,marking  ] GC(7210) Concurrent Mark 951.950ms
[2025-01-09T02:15:23.022+0000][193793.388s][info][gc,marking  ] GC(7210) Concurrent Rebuild Remembered Sets
[2025-01-09T02:15:23.520+0000][193793.886s][info][gc,marking  ] GC(7210) Concurrent Rebuild Remembered Sets 497.904ms
[2025-01-09T02:15:23.520+0000][193793.886s][info][gc,start    ] GC(7210) Pause Cleanup
[2025-01-09T02:15:23.521+0000][193793.887s][info][gc          ] GC(7210) Pause Cleanup 2804M->2804M(12288M) 0.381ms
[2025-01-09T02:15:23.521+0000][193793.887s][info][gc,cpu      ] GC(7210) User=0.01s Sys=0.00s Real=0.00s
[2025-01-09T02:15:23.521+0000][193793.887s][info][gc,marking  ] GC(7210) Concurrent Cleanup for Next Mark
[2025-01-09T02:15:23.536+0000][193793.902s][info][gc,marking  ] GC(7210) Concurrent Cleanup for Next Mark 15.443ms
[2025-01-09T02:15:23.536+0000][193793.902s][info][gc          ] GC(7210) Concurrent Mark Cycle 1487.806ms
[2025-01-09T02:15:31.968+0000][193802.334s][info][gc,start    ] GC(7211) Pause Young (Prepare Mixed) (GCLocker Initiated GC)
[2025-01-09T02:15:31.968+0000][193802.334s][info][gc,task     ] GC(7211) Using 6 workers of 6 for evacuation
[2025-01-09T02:15:32.003+0000][193802.370s][info][gc,phases   ] GC(7211)   Pre Evacuate Collection Set: 0.2ms
[2025-01-09T02:15:32.004+0000][193802.370s][info][gc,phases   ] GC(7211)   Merge Heap Roots: 0.6ms
[2025-01-09T02:15:32.004+0000][193802.370s][info][gc,phases   ] GC(7211)   Evacuate Collection Set: 31.9ms
[2025-01-09T02:15:32.004+0000][193802.370s][info][gc,phases   ] GC(7211)   Post Evacuate Collection Set: 2.9ms
[2025-01-09T02:15:32.004+0000][193802.370s][info][gc,phases   ] GC(7211)   Other: 0.2ms
[2025-01-09T02:15:32.004+0000][193802.370s][info][gc,heap     ] GC(7211) Eden regions: 915->0(67)
[2025-01-09T02:15:32.004+0000][193802.370s][info][gc,heap     ] GC(7211) Survivor regions: 7->9(116)
[2025-01-09T02:15:32.004+0000][193802.370s][info][gc,heap     ] GC(7211) Old regions: 228->228
[2025-01-09T02:15:32.004+0000][193802.370s][info][gc,heap     ] GC(7211) Archive regions: 2->2
[2025-01-09T02:15:32.004+0000][193802.370s][info][gc,heap     ] GC(7211) Humongous regions: 49->49
[2025-01-09T02:15:32.004+0000][193802.370s][info][gc,metaspace] GC(7211) Metaspace: 524930K(534272K)->524930K(534272K) NonClass: 460956K(465536K)->460956K(465536K) Class: 63974K(68736K)->63974K(68736K)
[2025-01-09T02:15:32.004+0000][193802.370s][info][gc          ] GC(7211) Pause Young (Prepare Mixed) (GCLocker Initiated GC) 9587M->2288M(12288M) 35.926ms
[2025-01-09T02:15:32.004+0000][193802.370s][info][gc,cpu      ] GC(7211) User=0.21s Sys=0.00s Real=0.04s
[2025-01-09T02:15:33.569+0000][193803.935s][info][gc,start    ] GC(7212) Pause Young (Mixed) (GCLocker Initiated GC)
[2025-01-09T02:15:33.569+0000][193803.935s][info][gc,task     ] GC(7212) Using 6 workers of 6 for evacuation
[2025-01-09T02:15:33.630+0000][193803.996s][info][gc,phases   ] GC(7212)   Pre Evacuate Collection Set: 0.2ms
[2025-01-09T02:15:33.630+0000][193803.996s][info][gc,phases   ] GC(7212)   Merge Heap Roots: 0.6ms
[2025-01-09T02:15:33.630+0000][193803.996s][info][gc,phases   ] GC(7212)   Evacuate Collection Set: 58.3ms
[2025-01-09T02:15:33.630+0000][193803.996s][info][gc,phases   ] GC(7212)   Post Evacuate Collection Set: 2.0ms
[2025-01-09T02:15:33.630+0000][193803.996s][info][gc,phases   ] GC(7212)   Other: 0.2ms
[2025-01-09T02:15:33.630+0000][193803.996s][info][gc,heap     ] GC(7212) Eden regions: 68->0(916)
[2025-01-09T02:15:33.630+0000][193803.996s][info][gc,heap     ] GC(7212) Survivor regions: 9->5(10)
[2025-01-09T02:15:33.630+0000][193803.996s][info][gc,heap     ] GC(7212) Old regions: 228->228
[2025-01-09T02:15:33.630+0000][193803.997s][info][gc,heap     ] GC(7212) Archive regions: 2->2
[2025-01-09T02:15:33.630+0000][193803.997s][info][gc,heap     ] GC(7212) Humongous regions: 49->49
[2025-01-09T02:15:33.630+0000][193803.997s][info][gc,metaspace] GC(7212) Metaspace: 524930K(534272K)->524930K(534272K) NonClass: 460956K(465536K)->460956K(465536K) Class: 63974K(68736K)->63974K(68736K)
[2025-01-09T02:15:33.630+0000][193803.997s][info][gc          ] GC(7212) Pause Young (Mixed) (GCLocker Initiated GC) 2824M->2261M(12288M) 61.338ms
[2025-01-09T02:15:33.630+0000][193803.997s][info][gc,cpu      ] GC(7212) User=0.36s Sys=0.00s Real=0.07s
[2025-01-09T02:15:44.356+0000][193814.722s][info][gc,start    ] GC(7213) Pause Young (Normal) (GCLocker Initiated GC)
[2025-01-09T02:15:44.356+0000][193814.722s][info][gc,task     ] GC(7213) Using 6 workers of 6 for evacuation
[2025-01-09T02:15:44.386+0000][193814.752s][info][gc,phases   ] GC(7213)   Pre Evacuate Collection Set: 0.2ms
[2025-01-09T02:15:44.386+0000][193814.752s][info][gc,phases   ] GC(7213)   Merge Heap Roots: 0.5ms
[2025-01-09T02:15:44.386+0000][193814.752s][info][gc,phases   ] GC(7213)   Evacuate Collection Set: 25.8ms
[2025-01-09T02:15:44.386+0000][193814.752s][info][gc,phases   ] GC(7213)   Post Evacuate Collection Set: 2.7ms
[2025-01-09T02:15:44.386+0000][193814.752s][info][gc,phases   ] GC(7213)   Other: 0.2ms
[2025-01-09T02:15:44.386+0000][193814.752s][info][gc,heap     ] GC(7213) Eden regions: 917->0(914)
[2025-01-09T02:15:44.386+0000][193814.752s][info][gc,heap     ] GC(7213) Survivor regions: 5->7(116)
[2025-01-09T02:15:44.386+0000][193814.752s][info][gc,heap     ] GC(7213) Old regions: 228->228
[2025-01-09T02:15:44.386+0000][193814.752s][info][gc,heap     ] GC(7213) Archive regions: 2->2
[2025-01-09T02:15:44.386+0000][193814.752s][info][gc,heap     ] GC(7213) Humongous regions: 49->49
[2025-01-09T02:15:44.386+0000][193814.752s][info][gc,metaspace] GC(7213) Metaspace: 524930K(534272K)->524930K(534272K) NonClass: 460956K(465536K)->460956K(465536K) Class: 63974K(68736K)->63974K(68736K)
[2025-01-09T02:15:44.386+0000][193814.752s][info][gc          ] GC(7213) Pause Young (Normal) (GCLocker Initiated GC) 9593M->2272M(12288M) 29.497ms
[2025-01-09T02:15:44.386+0000][193814.752s][info][gc,cpu      ] GC(7213) User=0.17s Sys=0.00s Real=0.03s
[2025-01-09T02:15:51.757+0000][193822.124s][info][gc,start    ] GC(7214) Pause Young (Normal) (GCLocker Initiated GC)
[2025-01-09T02:15:51.758+0000][193822.124s][info][gc,task     ] GC(7214) Using 6 workers of 6 for evacuation
[2025-01-09T02:15:51.790+0000][193822.156s][info][gc,phases   ] GC(7214)   Pre Evacuate Collection Set: 0.2ms
[2025-01-09T02:15:51.790+0000][193822.156s][info][gc,phases   ] GC(7214)   Merge Heap Roots: 0.4ms
[2025-01-09T02:15:51.790+0000][193822.156s][info][gc,phases   ] GC(7214)   Evacuate Collection Set: 26.1ms
[2025-01-09T02:15:51.790+0000][193822.156s][info][gc,phases   ] GC(7214)   Post Evacuate Collection Set: 5.1ms
[2025-01-09T02:15:51.790+0000][193822.156s][info][gc,phases   ] GC(7214)   Other: 0.2ms
[2025-01-09T02:15:51.790+0000][193822.156s][info][gc,heap     ] GC(7214) Eden regions: 915->0(912)
[2025-01-09T02:15:51.790+0000][193822.156s][info][gc,heap     ] GC(7214) Survivor regions: 7->9(116)
[2025-01-09T02:15:51.790+0000][193822.156s][info][gc,heap     ] GC(7214) Old regions: 228->228
[2025-01-09T02:15:51.790+0000][193822.156s][info][gc,heap     ] GC(7214) Archive regions: 2->2
[2025-01-09T02:15:51.790+0000][193822.156s][info][gc,heap     ] GC(7214) Humongous regions: 49->49
[2025-01-09T02:15:51.790+0000][193822.156s][info][gc,metaspace] GC(7214) Metaspace: 524930K(534272K)->524930K(534272K) NonClass: 460956K(465536K)->460956K(465536K) Class: 63974K(68736K)->63974K(68736K)
[2025-01-09T02:15:51.790+0000][193822.156s][info][gc          ] GC(7214) Pause Young (Normal) (GCLocker Initiated GC) 9588M->2289M(12288M) 32.153ms
[2025-01-09T02:15:51.790+0000][193822.156s][info][gc,cpu      ] GC(7214) User=0.19s Sys=0.00s Real=0.04s
[2025-01-09T02:15:58.388+0000][193828.754s][info][gc,start    ] GC(7215) Pause Young (Concurrent Start) (GCLocker Initiated GC)
[2025-01-09T02:15:58.388+0000][193828.754s][info][gc,task     ] GC(7215) Using 6 workers of 6 for evacuation
[2025-01-09T02:15:58.428+0000][193828.794s][info][gc,phases   ] GC(7215)   Pre Evacuate Collection Set: 1.1ms
[2025-01-09T02:15:58.428+0000][193828.794s][info][gc,phases   ] GC(7215)   Merge Heap Roots: 0.5ms
[2025-01-09T02:15:58.428+0000][193828.794s][info][gc,phases   ] GC(7215)   Evacuate Collection Set: 35.2ms
[2025-01-09T02:15:58.428+0000][193828.794s][info][gc,phases   ] GC(7215)   Post Evacuate Collection Set: 2.8ms
[2025-01-09T02:15:58.428+0000][193828.794s][info][gc,phases   ] GC(7215)   Other: 0.3ms
[2025-01-09T02:15:58.428+0000][193828.794s][info][gc,heap     ] GC(7215) Eden regions: 913->0(912)
[2025-01-09T02:15:58.428+0000][193828.794s][info][gc,heap     ] GC(7215) Survivor regions: 9->9(116)
[2025-01-09T02:15:58.428+0000][193828.794s][info][gc,heap     ] GC(7215) Old regions: 228->228
[2025-01-09T02:15:58.428+0000][193828.794s][info][gc,heap     ] GC(7215) Archive regions: 2->2
[2025-01-09T02:15:58.428+0000][193828.794s][info][gc,heap     ] GC(7215) Humongous regions: 49->49
[2025-01-09T02:15:58.428+0000][193828.794s][info][gc,metaspace] GC(7215) Metaspace: 524930K(534272K)->524930K(534272K) NonClass: 460956K(465536K)->460956K(465536K) Class: 63974K(68736K)->63974K(68736K)
[2025-01-09T02:15:58.428+0000][193828.794s][info][gc          ] GC(7215) Pause Young (Concurrent Start) (GCLocker Initiated GC) 9586M->2293M(12288M) 39.951ms
[2025-01-09T02:15:58.428+0000][193828.794s][info][gc,cpu      ] GC(7215) User=0.22s Sys=0.00s Real=0.04s
[2025-01-09T02:15:58.428+0000][193828.794s][info][gc          ] GC(7216) Concurrent Mark Cycle
[2025-01-09T02:15:58.428+0000][193828.794s][info][gc,marking  ] GC(7216) Concurrent Clear Claimed Marks
[2025-01-09T02:15:58.429+0000][193828.795s][info][gc,marking  ] GC(7216) Concurrent Clear Claimed Marks 1.020ms
[2025-01-09T02:15:58.429+0000][193828.795s][info][gc,marking  ] GC(7216) Concurrent Scan Root Regions
[2025-01-09T02:15:58.461+0000][193828.827s][info][gc,marking  ] GC(7216) Concurrent Scan Root Regions 31.411ms
[2025-01-09T02:15:58.461+0000][193828.827s][info][gc,marking  ] GC(7216) Concurrent Mark
[2025-01-09T02:15:58.461+0000][193828.827s][info][gc,marking  ] GC(7216) Concurrent Mark From Roots
[2025-01-09T02:15:58.461+0000][193828.827s][info][gc,task     ] GC(7216) Using 2 workers of 2 for marking
[2025-01-09T02:15:59.416+0000][193829.782s][info][gc,marking  ] GC(7216) Concurrent Mark From Roots 955.778ms
[2025-01-09T02:15:59.416+0000][193829.782s][info][gc,marking  ] GC(7216) Concurrent Preclean
[2025-01-09T02:15:59.419+0000][193829.785s][info][gc,marking  ] GC(7216) Concurrent Preclean 2.666ms
[2025-01-09T02:15:59.419+0000][193829.785s][info][gc,start    ] GC(7216) Pause Remark
[2025-01-09T02:15:59.445+0000][193829.811s][info][gc          ] GC(7216) Pause Remark 3049M->3049M(12288M) 25.973ms
[2025-01-09T02:15:59.445+0000][193829.811s][info][gc,cpu      ] GC(7216) User=0.15s Sys=0.00s Real=0.03s
[2025-01-09T02:15:59.445+0000][193829.811s][info][gc,marking  ] GC(7216) Concurrent Mark 984.750ms
[2025-01-09T02:15:59.445+0000][193829.811s][info][gc,marking  ] GC(7216) Concurrent Rebuild Remembered Sets
[2025-01-09T02:15:59.941+0000][193830.307s][info][gc,marking  ] GC(7216) Concurrent Rebuild Remembered Sets 495.547ms
[2025-01-09T02:15:59.941+0000][193830.307s][info][gc,start    ] GC(7216) Pause Cleanup
[2025-01-09T02:15:59.941+0000][193830.307s][info][gc          ] GC(7216) Pause Cleanup 3057M->3057M(12288M) 0.355ms
[2025-01-09T02:15:59.941+0000][193830.307s][info][gc,cpu      ] GC(7216) User=0.01s Sys=0.00s Real=0.00s
[2025-01-09T02:15:59.941+0000][193830.308s][info][gc,marking  ] GC(7216) Concurrent Cleanup for Next Mark
[2025-01-09T02:15:59.957+0000][193830.323s][info][gc,marking  ] GC(7216) Concurrent Cleanup for Next Mark 15.433ms
[2025-01-09T02:15:59.957+0000][193830.323s][info][gc          ] GC(7216) Concurrent Mark Cycle 1528.917ms
[2025-01-09T02:16:11.951+0000][193842.317s][info][gc,start    ] GC(7217) Pause Young (Prepare Mixed) (GCLocker Initiated GC)
[2025-01-09T02:16:11.951+0000][193842.317s][info][gc,task     ] GC(7217) Using 6 workers of 6 for evacuation
[2025-01-09T02:16:11.991+0000][193842.357s][info][gc,phases   ] GC(7217)   Pre Evacuate Collection Set: 0.2ms
[2025-01-09T02:16:11.991+0000][193842.357s][info][gc,phases   ] GC(7217)   Merge Heap Roots: 0.7ms
[2025-01-09T02:16:11.991+0000][193842.357s][info][gc,phases   ] GC(7217)   Evacuate Collection Set: 35.3ms
[2025-01-09T02:16:11.991+0000][193842.357s][info][gc,phases   ] GC(7217)   Post Evacuate Collection Set: 4.1ms
[2025-01-09T02:16:11.991+0000][193842.357s][info][gc,phases   ] GC(7217)   Other: 0.2ms
[2025-01-09T02:16:11.991+0000][193842.357s][info][gc,heap     ] GC(7217) Eden regions: 913->0(66)
[2025-01-09T02:16:11.991+0000][193842.357s][info][gc,heap     ] GC(7217) Survivor regions: 9->10(116)
[2025-01-09T02:16:11.991+0000][193842.357s][info][gc,heap     ] GC(7217) Old regions: 228->228
[2025-01-09T02:16:11.991+0000][193842.357s][info][gc,heap     ] GC(7217) Archive regions: 2->2
[2025-01-09T02:16:11.991+0000][193842.357s][info][gc,heap     ] GC(7217) Humongous regions: 49->49
[2025-01-09T02:16:11.991+0000][193842.357s][info][gc,metaspace] GC(7217) Metaspace: 524930K(534272K)->524930K(534272K) NonClass: 460956K(465536K)->460956K(465536K) Class: 63974K(68736K)->63974K(68736K)
[2025-01-09T02:16:11.991+0000][193842.357s][info][gc          ] GC(7217) Pause Young (Prepare Mixed) (GCLocker Initiated GC) 9593M->2299M(12288M) 40.586ms
[2025-01-09T02:16:11.991+0000][193842.357s][info][gc,cpu      ] GC(7217) User=0.24s Sys=0.00s Real=0.04s
[2025-01-09T02:16:12.432+0000][193842.798s][info][gc,start    ] GC(7218) Pause Young (Mixed) (GCLocker Initiated GC)
[2025-01-09T02:16:12.432+0000][193842.798s][info][gc,task     ] GC(7218) Using 6 workers of 6 for evacuation
[2025-01-09T02:16:12.506+0000][193842.872s][info][gc,phases   ] GC(7218)   Pre Evacuate Collection Set: 0.2ms
[2025-01-09T02:16:12.506+0000][193842.872s][info][gc,phases   ] GC(7218)   Merge Heap Roots: 0.8ms
[2025-01-09T02:16:12.506+0000][193842.872s][info][gc,phases   ] GC(7218)   Evacuate Collection Set: 70.9ms
[2025-01-09T02:16:12.506+0000][193842.872s][info][gc,phases   ] GC(7218)   Post Evacuate Collection Set: 2.1ms
[2025-01-09T02:16:12.506+0000][193842.872s][info][gc,phases   ] GC(7218)   Other: 0.2ms
[2025-01-09T02:16:12.506+0000][193842.872s][info][gc,heap     ] GC(7218) Eden regions: 67->0(915)
[2025-01-09T02:16:12.506+0000][193842.872s][info][gc,heap     ] GC(7218) Survivor regions: 10->6(10)
[2025-01-09T02:16:12.506+0000][193842.872s][info][gc,heap     ] GC(7218) Old regions: 228->230
[2025-01-09T02:16:12.506+0000][193842.872s][info][gc,heap     ] GC(7218) Archive regions: 2->2
[2025-01-09T02:16:12.506+0000][193842.872s][info][gc,heap     ] GC(7218) Humongous regions: 49->49
[2025-01-09T02:16:12.506+0000][193842.872s][info][gc,metaspace] GC(7218) Metaspace: 524930K(534272K)->524930K(534272K) NonClass: 460956K(465536K)->460956K(465536K) Class: 63974K(68736K)->63974K(68736K)
[2025-01-09T02:16:12.506+0000][193842.872s][info][gc          ] GC(7218) Pause Young (Mixed) (GCLocker Initiated GC) 2828M->2273M(12288M) 74.200ms
[2025-01-09T02:16:12.506+0000][193842.872s][info][gc,cpu      ] GC(7218) User=0.42s Sys=0.00s Real=0.07s
[2025-01-09T02:16:21.561+0000][193851.928s][info][gc,start    ] GC(7219) Pause Young (Normal) (GCLocker Initiated GC)
[2025-01-09T02:16:21.561+0000][193851.928s][info][gc,task     ] GC(7219) Using 6 workers of 6 for evacuation
[2025-01-09T02:16:21.590+0000][193851.956s][info][gc,phases   ] GC(7219)   Pre Evacuate Collection Set: 0.2ms
[2025-01-09T02:16:21.590+0000][193851.956s][info][gc,phases   ] GC(7219)   Merge Heap Roots: 0.4ms
[2025-01-09T02:16:21.590+0000][193851.956s][info][gc,phases   ] GC(7219)   Evacuate Collection Set: 25.1ms
[2025-01-09T02:16:21.590+0000][193851.956s][info][gc,phases   ] GC(7219)   Post Evacuate Collection Set: 2.7ms
[2025-01-09T02:16:21.590+0000][193851.956s][info][gc,phases   ] GC(7219)   Other: 0.2ms
[2025-01-09T02:16:21.590+0000][193851.956s][info][gc,heap     ] GC(7219) Eden regions: 916->0(915)
[2025-01-09T02:16:21.590+0000][193851.956s][info][gc,heap     ] GC(7219) Survivor regions: 6->6(116)
[2025-01-09T02:16:21.590+0000][193851.956s][info][gc,heap     ] GC(7219) Old regions: 230->230
[2025-01-09T02:16:21.590+0000][193851.956s][info][gc,heap     ] GC(7219) Archive regions: 2->2
[2025-01-09T02:16:21.590+0000][193851.956s][info][gc,heap     ] GC(7219) Humongous regions: 49->49
[2025-01-09T02:16:21.590+0000][193851.956s][info][gc,metaspace] GC(7219) Metaspace: 524930K(534272K)->524930K(534272K) NonClass: 460956K(465536K)->460956K(465536K) Class: 63974K(68736K)->63974K(68736K)
[2025-01-09T02:16:21.590+0000][193851.956s][info][gc          ] GC(7219) Pause Young (Normal) (GCLocker Initiated GC) 9593M->2278M(12288M) 28.671ms
[2025-01-09T02:16:21.590+0000][193851.956s][info][gc,cpu      ] GC(7219) User=0.16s Sys=0.00s Real=0.04s
[2025-01-09T02:16:27.887+0000][193858.253s][info][gc,start    ] GC(7220) Pause Young (Normal) (GCLocker Initiated GC)
[2025-01-09T02:16:27.887+0000][193858.253s][info][gc,task     ] GC(7220) Using 6 workers of 6 for evacuation
[2025-01-09T02:16:27.919+0000][193858.285s][info][gc,phases   ] GC(7220)   Pre Evacuate Collection Set: 0.2ms
[2025-01-09T02:16:27.919+0000][193858.285s][info][gc,phases   ] GC(7220)   Merge Heap Roots: 0.4ms
[2025-01-09T02:16:27.919+0000][193858.285s][info][gc,phases   ] GC(7220)   Evacuate Collection Set: 28.2ms
[2025-01-09T02:16:27.919+0000][193858.285s][info][gc,phases   ] GC(7220)   Post Evacuate Collection Set: 2.5ms
[2025-01-09T02:16:27.919+0000][193858.285s][info][gc,phases   ] GC(7220)   Other: 0.2ms
[2025-01-09T02:16:27.919+0000][193858.285s][info][gc,heap     ] GC(7220) Eden regions: 915->0(914)
[2025-01-09T02:16:27.919+0000][193858.285s][info][gc,heap     ] GC(7220) Survivor regions: 6->7(116)
[2025-01-09T02:16:27.919+0000][193858.285s][info][gc,heap     ] GC(7220) Old regions: 230->230
[2025-01-09T02:16:27.919+0000][193858.285s][info][gc,heap     ] GC(7220) Archive regions: 2->2
[2025-01-09T02:16:27.919+0000][193858.285s][info][gc,heap     ] GC(7220) Humongous regions: 49->49
[2025-01-09T02:16:27.919+0000][193858.285s][info][gc,metaspace] GC(7220) Metaspace: 524930K(534272K)->524930K(534272K) NonClass: 460956K(465536K)->460956K(465536K) Class: 63974K(68736K)->63974K(68736K)
[2025-01-09T02:16:27.919+0000][193858.285s][info][gc          ] GC(7220) Pause Young (Normal) (GCLocker Initiated GC) 9598M->2285M(12288M) 31.577ms
[2025-01-09T02:16:27.919+0000][193858.285s][info][gc,cpu      ] GC(7220) User=0.19s Sys=0.00s Real=0.03s
[2025-01-09T02:16:37.169+0000][193867.535s][info][gc,start    ] GC(7221) Pause Young (Concurrent Start) (GCLocker Initiated GC)
[2025-01-09T02:16:37.169+0000][193867.535s][info][gc,task     ] GC(7221) Using 6 workers of 6 for evacuation
[2025-01-09T02:16:37.203+0000][193867.569s][info][gc,phases   ] GC(7221)   Pre Evacuate Collection Set: 1.2ms
[2025-01-09T02:16:37.203+0000][193867.569s][info][gc,phases   ] GC(7221)   Merge Heap Roots: 0.5ms
[2025-01-09T02:16:37.203+0000][193867.569s][info][gc,phases   ] GC(7221)   Evacuate Collection Set: 29.7ms
[2025-01-09T02:16:37.203+0000][193867.569s][info][gc,phases   ] GC(7221)   Post Evacuate Collection Set: 2.6ms
[2025-01-09T02:16:37.203+0000][193867.569s][info][gc,phases   ] GC(7221)   Other: 0.3ms
[2025-01-09T02:16:37.203+0000][193867.569s][info][gc,heap     ] GC(7221) Eden regions: 915->0(912)
[2025-01-09T02:16:37.203+0000][193867.569s][info][gc,heap     ] GC(7221) Survivor regions: 7->9(116)
[2025-01-09T02:16:37.203+0000][193867.569s][info][gc,heap     ] GC(7221) Old regions: 230->230
[2025-01-09T02:16:37.203+0000][193867.569s][info][gc,heap     ] GC(7221) Archive regions: 2->2
[2025-01-09T02:16:37.203+0000][193867.569s][info][gc,heap     ] GC(7221) Humongous regions: 49->49
[2025-01-09T02:16:37.203+0000][193867.569s][info][gc,metaspace] GC(7221) Metaspace: 524930K(534272K)->524930K(534272K) NonClass: 460956K(465536K)->460956K(465536K) Class: 63974K(68736K)->63974K(68736K)
[2025-01-09T02:16:37.203+0000][193867.569s][info][gc          ] GC(7221) Pause Young (Concurrent Start) (GCLocker Initiated GC) 9601M->2298M(12288M) 34.333ms
[2025-01-09T02:16:37.203+0000][193867.569s][info][gc,cpu      ] GC(7221) User=0.20s Sys=0.00s Real=0.04s
[2025-01-09T02:16:37.203+0000][193867.569s][info][gc          ] GC(7222) Concurrent Mark Cycle
[2025-01-09T02:16:37.203+0000][193867.569s][info][gc,marking  ] GC(7222) Concurrent Clear Claimed Marks
[2025-01-09T02:16:37.204+0000][193867.570s][info][gc,marking  ] GC(7222) Concurrent Clear Claimed Marks 0.987ms
[2025-01-09T02:16:37.204+0000][193867.570s][info][gc,marking  ] GC(7222) Concurrent Scan Root Regions
[2025-01-09T02:16:37.231+0000][193867.598s][info][gc,marking  ] GC(7222) Concurrent Scan Root Regions 27.118ms
[2025-01-09T02:16:37.231+0000][193867.598s][info][gc,marking  ] GC(7222) Concurrent Mark
[2025-01-09T02:16:37.232+0000][193867.598s][info][gc,marking  ] GC(7222) Concurrent Mark From Roots
[2025-01-09T02:16:37.232+0000][193867.598s][info][gc,task     ] GC(7222) Using 2 workers of 2 for marking
[2025-01-09T02:16:38.188+0000][193868.554s][info][gc,marking  ] GC(7222) Concurrent Mark From Roots 956.764ms
[2025-01-09T02:16:38.188+0000][193868.554s][info][gc,marking  ] GC(7222) Concurrent Preclean
[2025-01-09T02:16:38.192+0000][193868.558s][info][gc,marking  ] GC(7222) Concurrent Preclean 3.595ms
[2025-01-09T02:16:38.192+0000][193868.558s][info][gc,start    ] GC(7222) Pause Remark
[2025-01-09T02:16:38.218+0000][193868.584s][info][gc          ] GC(7222) Pause Remark 3166M->3166M(12288M) 25.832ms
[2025-01-09T02:16:38.218+0000][193868.584s][info][gc,cpu      ] GC(7222) User=0.14s Sys=0.00s Real=0.02s
[2025-01-09T02:16:38.218+0000][193868.584s][info][gc,marking  ] GC(7222) Concurrent Mark 986.507ms
[2025-01-09T02:16:38.218+0000][193868.584s][info][gc,marking  ] GC(7222) Concurrent Rebuild Remembered Sets
[2025-01-09T02:16:38.719+0000][193869.085s][info][gc,marking  ] GC(7222) Concurrent Rebuild Remembered Sets 501.352ms
[2025-01-09T02:16:38.720+0000][193869.086s][info][gc,start    ] GC(7222) Pause Cleanup
[2025-01-09T02:16:38.720+0000][193869.086s][info][gc          ] GC(7222) Pause Cleanup 3538M->3538M(12288M) 0.400ms
[2025-01-09T02:16:38.720+0000][193869.086s][info][gc,cpu      ] GC(7222) User=0.01s Sys=0.00s Real=0.00s
[2025-01-09T02:16:38.720+0000][193869.086s][info][gc,marking  ] GC(7222) Concurrent Cleanup for Next Mark
[2025-01-09T02:16:38.736+0000][193869.102s][info][gc,marking  ] GC(7222) Concurrent Cleanup for Next Mark 15.701ms
[2025-01-09T02:16:38.736+0000][193869.102s][info][gc          ] GC(7222) Concurrent Mark Cycle 1532.442ms
[2025-01-09T02:16:42.462+0000][193872.828s][info][gc,start    ] GC(7223) Pause Young (Prepare Mixed) (GCLocker Initiated GC)
[2025-01-09T02:16:42.462+0000][193872.828s][info][gc,task     ] GC(7223) Using 6 workers of 6 for evacuation
[2025-01-09T02:16:42.500+0000][193872.866s][info][gc,phases   ] GC(7223)   Pre Evacuate Collection Set: 0.2ms
[2025-01-09T02:16:42.500+0000][193872.866s][info][gc,phases   ] GC(7223)   Merge Heap Roots: 0.7ms
[2025-01-09T02:16:42.500+0000][193872.866s][info][gc,phases   ] GC(7223)   Evacuate Collection Set: 32.7ms
[2025-01-09T02:16:42.500+0000][193872.866s][info][gc,phases   ] GC(7223)   Post Evacuate Collection Set: 3.9ms
[2025-01-09T02:16:42.500+0000][193872.866s][info][gc,phases   ] GC(7223)   Other: 0.2ms
[2025-01-09T02:16:42.500+0000][193872.866s][info][gc,heap     ] GC(7223) Eden regions: 913->0(65)
[2025-01-09T02:16:42.500+0000][193872.866s][info][gc,heap     ] GC(7223) Survivor regions: 9->11(116)
[2025-01-09T02:16:42.500+0000][193872.866s][info][gc,heap     ] GC(7223) Old regions: 230->230
[2025-01-09T02:16:42.500+0000][193872.866s][info][gc,heap     ] GC(7223) Archive regions: 2->2
[2025-01-09T02:16:42.500+0000][193872.866s][info][gc,heap     ] GC(7223) Humongous regions: 49->49
[2025-01-09T02:16:42.500+0000][193872.866s][info][gc,metaspace] GC(7223) Metaspace: 524930K(534272K)->524930K(534272K) NonClass: 460956K(465536K)->460956K(465536K) Class: 63974K(68736K)->63974K(68736K)
[2025-01-09T02:16:42.500+0000][193872.866s][info][gc          ] GC(7223) Pause Young (Prepare Mixed) (GCLocker Initiated GC) 9598M->2315M(12288M) 37.780ms
[2025-01-09T02:16:42.500+0000][193872.866s][info][gc,cpu      ] GC(7223) User=0.22s Sys=0.00s Real=0.03s
[2025-01-09T02:16:42.888+0000][193873.254s][info][gc,start    ] GC(7224) Pause Young (Mixed) (G1 Evacuation Pause)
[2025-01-09T02:16:42.888+0000][193873.254s][info][gc,task     ] GC(7224) Using 6 workers of 6 for evacuation
[2025-01-09T02:16:42.935+0000][193873.301s][info][gc,phases   ] GC(7224)   Pre Evacuate Collection Set: 0.2ms
[2025-01-09T02:16:42.935+0000][193873.301s][info][gc,phases   ] GC(7224)   Merge Heap Roots: 0.5ms
[2025-01-09T02:16:42.935+0000][193873.301s][info][gc,phases   ] GC(7224)   Evacuate Collection Set: 44.5ms
[2025-01-09T02:16:42.935+0000][193873.301s][info][gc,phases   ] GC(7224)   Post Evacuate Collection Set: 1.6ms
[2025-01-09T02:16:42.935+0000][193873.301s][info][gc,phases   ] GC(7224)   Other: 0.2ms
[2025-01-09T02:16:42.935+0000][193873.301s][info][gc,heap     ] GC(7224) Eden regions: 65->0(916)
[2025-01-09T02:16:42.935+0000][193873.301s][info][gc,heap     ] GC(7224) Survivor regions: 11->5(10)
[2025-01-09T02:16:42.935+0000][193873.301s][info][gc,heap     ] GC(7224) Old regions: 230->229
[2025-01-09T02:16:42.935+0000][193873.301s][info][gc,heap     ] GC(7224) Archive regions: 2->2
[2025-01-09T02:16:42.935+0000][193873.301s][info][gc,heap     ] GC(7224) Humongous regions: 49->49
[2025-01-09T02:16:42.935+0000][193873.301s][info][gc,metaspace] GC(7224) Metaspace: 524930K(534272K)->524930K(534272K) NonClass: 460956K(465536K)->460956K(465536K) Class: 63974K(68736K)->63974K(68736K)
[2025-01-09T02:16:42.935+0000][193873.301s][info][gc          ] GC(7224) Pause Young (Mixed) (G1 Evacuation Pause) 2835M->2264M(12288M) 46.992ms
[2025-01-09T02:16:42.935+0000][193873.301s][info][gc,cpu      ] GC(7224) User=0.27s Sys=0.00s Real=0.05s
[2025-01-09T02:16:50.533+0000][193880.899s][info][gc,start    ] GC(7225) Pause Young (Normal) (GCLocker Initiated GC)
[2025-01-09T02:16:50.533+0000][193880.899s][info][gc,task     ] GC(7225) Using 6 workers of 6 for evacuation
[2025-01-09T02:16:50.557+0000][193880.923s][info][gc,phases   ] GC(7225)   Pre Evacuate Collection Set: 0.2ms
[2025-01-09T02:16:50.557+0000][193880.923s][info][gc,phases   ] GC(7225)   Merge Heap Roots: 0.4ms
[2025-01-09T02:16:50.557+0000][193880.923s][info][gc,phases   ] GC(7225)   Evacuate Collection Set: 20.1ms
[2025-01-09T02:16:50.557+0000][193880.923s][info][gc,phases   ] GC(7225)   Post Evacuate Collection Set: 3.9ms
[2025-01-09T02:16:50.557+0000][193880.923s][info][gc,phases   ] GC(7225)   Other: 0.2ms
[2025-01-09T02:16:50.557+0000][193880.923s][info][gc,heap     ] GC(7225) Eden regions: 916->0(915)
[2025-01-09T02:16:50.557+0000][193880.923s][info][gc,heap     ] GC(7225) Survivor regions: 5->6(116)
[2025-01-09T02:16:50.557+0000][193880.923s][info][gc,heap     ] GC(7225) Old regions: 229->229
[2025-01-09T02:16:50.557+0000][193880.923s][info][gc,heap     ] GC(7225) Archive regions: 2->2
[2025-01-09T02:16:50.557+0000][193880.924s][info][gc,heap     ] GC(7225) Humongous regions: 49->49
[2025-01-09T02:16:50.557+0000][193880.924s][info][gc,metaspace] GC(7225) Metaspace: 524930K(534272K)->524930K(534272K) NonClass: 460956K(465536K)->460956K(465536K) Class: 63974K(68736K)->63974K(68736K)
[2025-01-09T02:16:50.557+0000][193880.924s][info][gc          ] GC(7225) Pause Young (Normal) (GCLocker Initiated GC) 9592M->2273M(12288M) 24.940ms
[2025-01-09T02:16:50.558+0000][193880.924s][info][gc,cpu      ] GC(7225) User=0.14s Sys=0.00s Real=0.02s
[2025-01-09T02:16:56.473+0000][193886.839s][info][gc,start    ] GC(7226) Pause Young (Normal) (GCLocker Initiated GC)
[2025-01-09T02:16:56.473+0000][193886.839s][info][gc,task     ] GC(7226) Using 6 workers of 6 for evacuation
[2025-01-09T02:16:56.497+0000][193886.863s][info][gc,phases   ] GC(7226)   Pre Evacuate Collection Set: 0.2ms
[2025-01-09T02:16:56.497+0000][193886.863s][info][gc,phases   ] GC(7226)   Merge Heap Roots: 0.4ms
[2025-01-09T02:16:56.497+0000][193886.863s][info][gc,phases   ] GC(7226)   Evacuate Collection Set: 20.7ms
[2025-01-09T02:16:56.497+0000][193886.863s][info][gc,phases   ] GC(7226)   Post Evacuate Collection Set: 2.4ms
[2025-01-09T02:16:56.497+0000][193886.863s][info][gc,phases   ] GC(7226)   Other: 0.2ms
[2025-01-09T02:16:56.497+0000][193886.863s][info][gc,heap     ] GC(7226) Eden regions: 916->0(914)
[2025-01-09T02:16:56.497+0000][193886.863s][info][gc,heap     ] GC(7226) Survivor regions: 6->7(116)
[2025-01-09T02:16:56.497+0000][193886.863s][info][gc,heap     ] GC(7226) Old regions: 229->229
[2025-01-09T02:16:56.497+0000][193886.863s][info][gc,heap     ] GC(7226) Archive regions: 2->2
[2025-01-09T02:16:56.497+0000][193886.863s][info][gc,heap     ] GC(7226) Humongous regions: 49->49
[2025-01-09T02:16:56.497+0000][193886.863s][info][gc,metaspace] GC(7226) Metaspace: 524930K(534272K)->524930K(534272K) NonClass: 460956K(465536K)->460956K(465536K) Class: 63974K(68736K)->63974K(68736K)
[2025-01-09T02:16:56.497+0000][193886.863s][info][gc          ] GC(7226) Pause Young (Normal) (GCLocker Initiated GC) 9597M->2276M(12288M) 23.999ms
[2025-01-09T02:16:56.497+0000][193886.863s][info][gc,cpu      ] GC(7226) User=0.14s Sys=0.00s Real=0.02s
[2025-01-09T02:17:05.900+0000][193896.266s][info][gc,start    ] GC(7227) Pause Young (Concurrent Start) (GCLocker Initiated GC)
[2025-01-09T02:17:05.900+0000][193896.266s][info][gc,task     ] GC(7227) Using 6 workers of 6 for evacuation
[2025-01-09T02:17:05.932+0000][193896.298s][info][gc,phases   ] GC(7227)   Pre Evacuate Collection Set: 1.1ms
[2025-01-09T02:17:05.932+0000][193896.298s][info][gc,phases   ] GC(7227)   Merge Heap Roots: 0.5ms
[2025-01-09T02:17:05.932+0000][193896.298s][info][gc,phases   ] GC(7227)   Evacuate Collection Set: 25.8ms
[2025-01-09T02:17:05.932+0000][193896.298s][info][gc,phases   ] GC(7227)   Post Evacuate Collection Set: 3.9ms
[2025-01-09T02:17:05.932+0000][193896.298s][info][gc,phases   ] GC(7227)   Other: 0.3ms
[2025-01-09T02:17:05.932+0000][193896.298s][info][gc,heap     ] GC(7227) Eden regions: 915->0(912)
[2025-01-09T02:17:05.932+0000][193896.298s][info][gc,heap     ] GC(7227) Survivor regions: 7->9(116)
[2025-01-09T02:17:05.932+0000][193896.298s][info][gc,heap     ] GC(7227) Old regions: 229->229
[2025-01-09T02:17:05.932+0000][193896.298s][info][gc,heap     ] GC(7227) Archive regions: 2->2
[2025-01-09T02:17:05.932+0000][193896.298s][info][gc,heap     ] GC(7227) Humongous regions: 49->49
[2025-01-09T02:17:05.932+0000][193896.298s][info][gc,metaspace] GC(7227) Metaspace: 524930K(534272K)->524930K(534272K) NonClass: 460956K(465536K)->460956K(465536K) Class: 63974K(68736K)->63974K(68736K)
[2025-01-09T02:17:05.932+0000][193896.298s][info][gc          ] GC(7227) Pause Young (Concurrent Start) (GCLocker Initiated GC) 9592M->2294M(12288M) 31.671ms
[2025-01-09T02:17:05.932+0000][193896.298s][info][gc,cpu      ] GC(7227) User=0.17s Sys=0.00s Real=0.04s
[2025-01-09T02:17:05.932+0000][193896.298s][info][gc          ] GC(7228) Concurrent Mark Cycle
[2025-01-09T02:17:05.932+0000][193896.298s][info][gc,marking  ] GC(7228) Concurrent Clear Claimed Marks
[2025-01-09T02:17:05.933+0000][193896.299s][info][gc,marking  ] GC(7228) Concurrent Clear Claimed Marks 0.886ms
[2025-01-09T02:17:05.933+0000][193896.299s][info][gc,marking  ] GC(7228) Concurrent Scan Root Regions
[2025-01-09T02:17:05.957+0000][193896.323s][info][gc,marking  ] GC(7228) Concurrent Scan Root Regions 24.392ms
[2025-01-09T02:17:05.957+0000][193896.323s][info][gc,marking  ] GC(7228) Concurrent Mark
[2025-01-09T02:17:05.957+0000][193896.323s][info][gc,marking  ] GC(7228) Concurrent Mark From Roots
[2025-01-09T02:17:05.957+0000][193896.323s][info][gc,task     ] GC(7228) Using 2 workers of 2 for marking
[2025-01-09T02:17:06.928+0000][193897.294s][info][gc,marking  ] GC(7228) Concurrent Mark From Roots 970.471ms
[2025-01-09T02:17:06.928+0000][193897.294s][info][gc,marking  ] GC(7228) Concurrent Preclean
[2025-01-09T02:17:06.931+0000][193897.297s][info][gc,marking  ] GC(7228) Concurrent Preclean 3.220ms
[2025-01-09T02:17:06.931+0000][193897.297s][info][gc,start    ] GC(7228) Pause Remark
[2025-01-09T02:17:06.957+0000][193897.323s][info][gc          ] GC(7228) Pause Remark 3298M->3298M(12288M) 25.660ms
[2025-01-09T02:17:06.957+0000][193897.323s][info][gc,cpu      ] GC(7228) User=0.15s Sys=0.00s Real=0.02s
[2025-01-09T02:17:06.957+0000][193897.323s][info][gc,marking  ] GC(7228) Concurrent Mark 999.742ms
[2025-01-09T02:17:06.957+0000][193897.323s][info][gc,marking  ] GC(7228) Concurrent Rebuild Remembered Sets
[2025-01-09T02:17:07.596+0000][193897.962s][info][gc,marking  ] GC(7228) Concurrent Rebuild Remembered Sets 639.121ms
[2025-01-09T02:17:07.596+0000][193897.962s][info][gc,start    ] GC(7228) Pause Cleanup
[2025-01-09T02:17:07.597+0000][193897.963s][info][gc          ] GC(7228) Pause Cleanup 3958M->3958M(12288M) 0.486ms
[2025-01-09T02:17:07.597+0000][193897.963s][info][gc,cpu      ] GC(7228) User=0.00s Sys=0.00s Real=0.00s
[2025-01-09T02:17:07.597+0000][193897.963s][info][gc,marking  ] GC(7228) Concurrent Cleanup for Next Mark
[2025-01-09T02:17:07.613+0000][193897.979s][info][gc,marking  ] GC(7228) Concurrent Cleanup for Next Mark 16.540ms
[2025-01-09T02:17:07.613+0000][193897.979s][info][gc          ] GC(7228) Concurrent Mark Cycle 1681.572ms
[2025-01-09T02:17:15.619+0000][193905.985s][info][gc,start    ] GC(7229) Pause Young (Prepare Mixed) (GCLocker Initiated GC)
[2025-01-09T02:17:15.619+0000][193905.985s][info][gc,task     ] GC(7229) Using 6 workers of 6 for evacuation
[2025-01-09T02:17:15.655+0000][193906.021s][info][gc,phases   ] GC(7229)   Pre Evacuate Collection Set: 0.2ms
[2025-01-09T02:17:15.655+0000][193906.021s][info][gc,phases   ] GC(7229)   Merge Heap Roots: 0.7ms
[2025-01-09T02:17:15.655+0000][193906.021s][info][gc,phases   ] GC(7229)   Evacuate Collection Set: 32.3ms
[2025-01-09T02:17:15.655+0000][193906.021s][info][gc,phases   ] GC(7229)   Post Evacuate Collection Set: 2.9ms
[2025-01-09T02:17:15.655+0000][193906.021s][info][gc,phases   ] GC(7229)   Other: 0.2ms
[2025-01-09T02:17:15.655+0000][193906.021s][info][gc,heap     ] GC(7229) Eden regions: 913->0(66)
[2025-01-09T02:17:15.655+0000][193906.021s][info][gc,heap     ] GC(7229) Survivor regions: 9->10(116)
[2025-01-09T02:17:15.655+0000][193906.021s][info][gc,heap     ] GC(7229) Old regions: 229->229
[2025-01-09T02:17:15.655+0000][193906.021s][info][gc,heap     ] GC(7229) Archive regions: 2->2
[2025-01-09T02:17:15.655+0000][193906.021s][info][gc,heap     ] GC(7229) Humongous regions: 49->49
[2025-01-09T02:17:15.655+0000][193906.021s][info][gc,metaspace] GC(7229) Metaspace: 524930K(534272K)->524930K(534272K) NonClass: 460956K(465536K)->460956K(465536K) Class: 63974K(68736K)->63974K(68736K)
[2025-01-09T02:17:15.655+0000][193906.021s][info][gc          ] GC(7229) Pause Young (Prepare Mixed) (GCLocker Initiated GC) 9594M->2301M(12288M) 36.410ms
[2025-01-09T02:17:15.655+0000][193906.021s][info][gc,cpu      ] GC(7229) User=0.22s Sys=0.00s Real=0.04s
[2025-01-09T02:17:16.835+0000][193907.201s][info][gc,start    ] GC(7230) Pause Young (Mixed) (G1 Evacuation Pause)
[2025-01-09T02:17:16.835+0000][193907.201s][info][gc,task     ] GC(7230) Using 6 workers of 6 for evacuation
[2025-01-09T02:17:16.889+0000][193907.256s][info][gc,phases   ] GC(7230)   Pre Evacuate Collection Set: 0.2ms
[2025-01-09T02:17:16.890+0000][193907.256s][info][gc,phases   ] GC(7230)   Merge Heap Roots: 0.5ms
[2025-01-09T02:17:16.890+0000][193907.256s][info][gc,phases   ] GC(7230)   Evacuate Collection Set: 51.7ms
[2025-01-09T02:17:16.890+0000][193907.256s][info][gc,phases   ] GC(7230)   Post Evacuate Collection Set: 1.6ms
[2025-01-09T02:17:16.890+0000][193907.256s][info][gc,phases   ] GC(7230)   Other: 0.2ms
[2025-01-09T02:17:16.890+0000][193907.256s][info][gc,heap     ] GC(7230) Eden regions: 66->0(915)
[2025-01-09T02:17:16.890+0000][193907.256s][info][gc,heap     ] GC(7230) Survivor regions: 10->6(10)
[2025-01-09T02:17:16.890+0000][193907.256s][info][gc,heap     ] GC(7230) Old regions: 229->228
[2025-01-09T02:17:16.890+0000][193907.256s][info][gc,heap     ] GC(7230) Archive regions: 2->2
[2025-01-09T02:17:16.890+0000][193907.256s][info][gc,heap     ] GC(7230) Humongous regions: 49->49
[2025-01-09T02:17:16.890+0000][193907.256s][info][gc,metaspace] GC(7230) Metaspace: 524930K(534272K)->524930K(534272K) NonClass: 460956K(465536K)->460956K(465536K) Class: 63974K(68736K)->63974K(68736K)
[2025-01-09T02:17:16.890+0000][193907.256s][info][gc          ] GC(7230) Pause Young (Mixed) (G1 Evacuation Pause) 2829M->2265M(12288M) 54.375ms
[2025-01-09T02:17:16.890+0000][193907.256s][info][gc,cpu      ] GC(7230) User=0.32s Sys=0.00s Real=0.06s
[2025-01-09T02:17:26.378+0000][193916.744s][info][gc,start    ] GC(7231) Pause Young (Normal) (GCLocker Initiated GC)
[2025-01-09T02:17:26.378+0000][193916.744s][info][gc,task     ] GC(7231) Using 6 workers of 6 for evacuation
[2025-01-09T02:17:26.406+0000][193916.772s][info][gc,phases   ] GC(7231)   Pre Evacuate Collection Set: 0.2ms
[2025-01-09T02:17:26.406+0000][193916.772s][info][gc,phases   ] GC(7231)   Merge Heap Roots: 0.5ms
[2025-01-09T02:17:26.406+0000][193916.772s][info][gc,phases   ] GC(7231)   Evacuate Collection Set: 24.7ms
[2025-01-09T02:17:26.406+0000][193916.772s][info][gc,phases   ] GC(7231)   Post Evacuate Collection Set: 2.5ms
[2025-01-09T02:17:26.406+0000][193916.772s][info][gc,phases   ] GC(7231)   Other: 0.2ms
[2025-01-09T02:17:26.406+0000][193916.772s][info][gc,heap     ] GC(7231) Eden regions: 916->0(914)
[2025-01-09T02:17:26.406+0000][193916.772s][info][gc,heap     ] GC(7231) Survivor regions: 6->7(116)
[2025-01-09T02:17:26.406+0000][193916.772s][info][gc,heap     ] GC(7231) Old regions: 228->228
[2025-01-09T02:17:26.406+0000][193916.772s][info][gc,heap     ] GC(7231) Archive regions: 2->2
[2025-01-09T02:17:26.406+0000][193916.772s][info][gc,heap     ] GC(7231) Humongous regions: 49->49
[2025-01-09T02:17:26.406+0000][193916.772s][info][gc,metaspace] GC(7231) Metaspace: 524931K(534272K)->524931K(534272K) NonClass: 460957K(465536K)->460957K(465536K) Class: 63974K(68736K)->63974K(68736K)
[2025-01-09T02:17:26.406+0000][193916.772s][info][gc          ] GC(7231) Pause Young (Normal) (GCLocker Initiated GC) 9589M->2275M(12288M) 28.215ms
[2025-01-09T02:17:26.406+0000][193916.772s][info][gc,cpu      ] GC(7231) User=0.16s Sys=0.00s Real=0.03s
[2025-01-09T02:17:34.703+0000][193925.069s][info][gc,start    ] GC(7232) Pause Young (Normal) (GCLocker Initiated GC)
[2025-01-09T02:17:34.703+0000][193925.069s][info][gc,task     ] GC(7232) Using 6 workers of 6 for evacuation
[2025-01-09T02:17:34.735+0000][193925.101s][info][gc,phases   ] GC(7232)   Pre Evacuate Collection Set: 0.2ms
[2025-01-09T02:17:34.735+0000][193925.101s][info][gc,phases   ] GC(7232)   Merge Heap Roots: 0.4ms
[2025-01-09T02:17:34.735+0000][193925.101s][info][gc,phases   ] GC(7232)   Evacuate Collection Set: 28.9ms
[2025-01-09T02:17:34.735+0000][193925.101s][info][gc,phases   ] GC(7232)   Post Evacuate Collection Set: 2.7ms
[2025-01-09T02:17:34.735+0000][193925.101s][info][gc,phases   ] GC(7232)   Other: 0.2ms
[2025-01-09T02:17:34.735+0000][193925.101s][info][gc,heap     ] GC(7232) Eden regions: 915->0(913)
[2025-01-09T02:17:34.735+0000][193925.101s][info][gc,heap     ] GC(7232) Survivor regions: 7->8(116)
[2025-01-09T02:17:34.735+0000][193925.101s][info][gc,heap     ] GC(7232) Old regions: 228->228
[2025-01-09T02:17:34.735+0000][193925.101s][info][gc,heap     ] GC(7232) Archive regions: 2->2
[2025-01-09T02:17:34.735+0000][193925.101s][info][gc,heap     ] GC(7232) Humongous regions: 49->49
[2025-01-09T02:17:34.735+0000][193925.101s][info][gc,metaspace] GC(7232) Metaspace: 524931K(534272K)->524931K(534272K) NonClass: 460957K(465536K)->460957K(465536K) Class: 63974K(68736K)->63974K(68736K)
[2025-01-09T02:17:34.735+0000][193925.101s][info][gc          ] GC(7232) Pause Young (Normal) (GCLocker Initiated GC) 9591M->2279M(12288M) 32.570ms
[2025-01-09T02:17:34.735+0000][193925.101s][info][gc,cpu      ] GC(7232) User=0.19s Sys=0.00s Real=0.03s
[2025-01-09T02:17:42.699+0000][193933.065s][info][gc,start    ] GC(7233) Pause Young (Concurrent Start) (GCLocker Initiated GC)
[2025-01-09T02:17:42.699+0000][193933.065s][info][gc,task     ] GC(7233) Using 6 workers of 6 for evacuation
[2025-01-09T02:17:42.743+0000][193933.109s][info][gc,phases   ] GC(7233)   Pre Evacuate Collection Set: 1.1ms
[2025-01-09T02:17:42.743+0000][193933.109s][info][gc,phases   ] GC(7233)   Merge Heap Roots: 0.5ms
[2025-01-09T02:17:42.743+0000][193933.109s][info][gc,phases   ] GC(7233)   Evacuate Collection Set: 36.2ms
[2025-01-09T02:17:42.743+0000][193933.109s][info][gc,phases   ] GC(7233)   Post Evacuate Collection Set: 5.3ms
[2025-01-09T02:17:42.743+0000][193933.109s][info][gc,phases   ] GC(7233)   Other: 0.3ms
[2025-01-09T02:17:42.743+0000][193933.109s][info][gc,heap     ] GC(7233) Eden regions: 914->0(909)
[2025-01-09T02:17:42.743+0000][193933.109s][info][gc,heap     ] GC(7233) Survivor regions: 8->12(116)
[2025-01-09T02:17:42.743+0000][193933.109s][info][gc,heap     ] GC(7233) Old regions: 228->228
[2025-01-09T02:17:42.743+0000][193933.109s][info][gc,heap     ] GC(7233) Archive regions: 2->2
[2025-01-09T02:17:42.743+0000][193933.109s][info][gc,heap     ] GC(7233) Humongous regions: 49->49
[2025-01-09T02:17:42.743+0000][193933.109s][info][gc,metaspace] GC(7233) Metaspace: 524931K(534272K)->524931K(534272K) NonClass: 460957K(465536K)->460957K(465536K) Class: 63974K(68736K)->63974K(68736K)
[2025-01-09T02:17:42.743+0000][193933.109s][info][gc          ] GC(7233) Pause Young (Concurrent Start) (GCLocker Initiated GC) 9587M->2317M(12288M) 43.506ms
[2025-01-09T02:17:42.743+0000][193933.109s][info][gc,cpu      ] GC(7233) User=0.25s Sys=0.00s Real=0.05s
[2025-01-09T02:17:42.743+0000][193933.109s][info][gc          ] GC(7234) Concurrent Mark Cycle
[2025-01-09T02:17:42.743+0000][193933.109s][info][gc,marking  ] GC(7234) Concurrent Clear Claimed Marks
[2025-01-09T02:17:42.744+0000][193933.110s][info][gc,marking  ] GC(7234) Concurrent Clear Claimed Marks 0.970ms
[2025-01-09T02:17:42.744+0000][193933.110s][info][gc,marking  ] GC(7234) Concurrent Scan Root Regions
[2025-01-09T02:17:42.782+0000][193933.148s][info][gc,marking  ] GC(7234) Concurrent Scan Root Regions 38.026ms
[2025-01-09T02:17:42.782+0000][193933.148s][info][gc,marking  ] GC(7234) Concurrent Mark
[2025-01-09T02:17:42.782+0000][193933.148s][info][gc,marking  ] GC(7234) Concurrent Mark From Roots
[2025-01-09T02:17:42.782+0000][193933.148s][info][gc,task     ] GC(7234) Using 2 workers of 2 for marking
[2025-01-09T02:17:43.758+0000][193934.124s][info][gc,marking  ] GC(7234) Concurrent Mark From Roots 976.546ms
[2025-01-09T02:17:43.758+0000][193934.124s][info][gc,marking  ] GC(7234) Concurrent Preclean
[2025-01-09T02:17:43.762+0000][193934.128s][info][gc,marking  ] GC(7234) Concurrent Preclean 3.621ms
[2025-01-09T02:17:43.762+0000][193934.128s][info][gc,start    ] GC(7234) Pause Remark
[2025-01-09T02:17:43.788+0000][193934.154s][info][gc          ] GC(7234) Pause Remark 3025M->3025M(12288M) 25.960ms
[2025-01-09T02:17:43.788+0000][193934.154s][info][gc,cpu      ] GC(7234) User=0.14s Sys=0.00s Real=0.02s
[2025-01-09T02:17:43.788+0000][193934.154s][info][gc,marking  ] GC(7234) Concurrent Mark 1006.465ms
[2025-01-09T02:17:43.788+0000][193934.154s][info][gc,marking  ] GC(7234) Concurrent Rebuild Remembered Sets
[2025-01-09T02:17:44.310+0000][193934.676s][info][gc,marking  ] GC(7234) Concurrent Rebuild Remembered Sets 521.832ms
[2025-01-09T02:17:44.310+0000][193934.676s][info][gc,start    ] GC(7234) Pause Cleanup
[2025-01-09T02:17:44.311+0000][193934.677s][info][gc          ] GC(7234) Pause Cleanup 3142M->3142M(12288M) 0.418ms
[2025-01-09T02:17:44.311+0000][193934.677s][info][gc,cpu      ] GC(7234) User=0.00s Sys=0.00s Real=0.00s
[2025-01-09T02:17:44.311+0000][193934.677s][info][gc,marking  ] GC(7234) Concurrent Cleanup for Next Mark
[2025-01-09T02:17:44.326+0000][193934.692s][info][gc,marking  ] GC(7234) Concurrent Cleanup for Next Mark 15.490ms
[2025-01-09T02:17:44.326+0000][193934.692s][info][gc          ] GC(7234) Concurrent Mark Cycle 1583.627ms
[2025-01-09T02:17:51.425+0000][193941.791s][info][gc,start    ] GC(7235) Pause Young (Prepare Mixed) (GCLocker Initiated GC)
[2025-01-09T02:17:51.425+0000][193941.791s][info][gc,task     ] GC(7235) Using 6 workers of 6 for evacuation
[2025-01-09T02:17:51.469+0000][193941.835s][info][gc,phases   ] GC(7235)   Pre Evacuate Collection Set: 0.2ms
[2025-01-09T02:17:51.469+0000][193941.835s][info][gc,phases   ] GC(7235)   Merge Heap Roots: 0.8ms
[2025-01-09T02:17:51.469+0000][193941.835s][info][gc,phases   ] GC(7235)   Evacuate Collection Set: 39.9ms
[2025-01-09T02:17:51.469+0000][193941.835s][info][gc,phases   ] GC(7235)   Post Evacuate Collection Set: 2.9ms
[2025-01-09T02:17:51.469+0000][193941.835s][info][gc,phases   ] GC(7235)   Other: 0.2ms
[2025-01-09T02:17:51.469+0000][193941.835s][info][gc,heap     ] GC(7235) Eden regions: 910->0(65)
[2025-01-09T02:17:51.469+0000][193941.835s][info][gc,heap     ] GC(7235) Survivor regions: 12->11(116)
[2025-01-09T02:17:51.469+0000][193941.835s][info][gc,heap     ] GC(7235) Old regions: 228->228
[2025-01-09T02:17:51.469+0000][193941.835s][info][gc,heap     ] GC(7235) Archive regions: 2->2
[2025-01-09T02:17:51.469+0000][193941.835s][info][gc,heap     ] GC(7235) Humongous regions: 49->49
[2025-01-09T02:17:51.469+0000][193941.835s][info][gc,metaspace] GC(7235) Metaspace: 524931K(534272K)->524931K(534272K) NonClass: 460957K(465536K)->460957K(465536K) Class: 63974K(68736K)->63974K(68736K)
[2025-01-09T02:17:51.469+0000][193941.835s][info][gc          ] GC(7235) Pause Young (Prepare Mixed) (GCLocker Initiated GC) 9589M->2304M(12288M) 44.010ms
[2025-01-09T02:17:51.469+0000][193941.835s][info][gc,cpu      ] GC(7235) User=0.26s Sys=0.00s Real=0.04s
[2025-01-09T02:17:51.744+0000][193942.110s][info][gc,start    ] GC(7236) Pause Young (Mixed) (GCLocker Initiated GC)
[2025-01-09T02:17:51.744+0000][193942.110s][info][gc,task     ] GC(7236) Using 6 workers of 6 for evacuation
[2025-01-09T02:17:51.828+0000][193942.194s][info][gc,phases   ] GC(7236)   Pre Evacuate Collection Set: 0.2ms
[2025-01-09T02:17:51.828+0000][193942.194s][info][gc,phases   ] GC(7236)   Merge Heap Roots: 1.0ms
[2025-01-09T02:17:51.828+0000][193942.194s][info][gc,phases   ] GC(7236)   Evacuate Collection Set: 80.8ms
[2025-01-09T02:17:51.828+0000][193942.194s][info][gc,phases   ] GC(7236)   Post Evacuate Collection Set: 1.9ms
[2025-01-09T02:17:51.828+0000][193942.194s][info][gc,phases   ] GC(7236)   Other: 0.2ms
[2025-01-09T02:17:51.828+0000][193942.195s][info][gc,heap     ] GC(7236) Eden regions: 65->0(915)
[2025-01-09T02:17:51.828+0000][193942.195s][info][gc,heap     ] GC(7236) Survivor regions: 11->6(10)
[2025-01-09T02:17:51.828+0000][193942.195s][info][gc,heap     ] GC(7236) Old regions: 228->230
[2025-01-09T02:17:51.828+0000][193942.195s][info][gc,heap     ] GC(7236) Archive regions: 2->2
[2025-01-09T02:17:51.828+0000][193942.195s][info][gc,heap     ] GC(7236) Humongous regions: 49->49
[2025-01-09T02:17:51.828+0000][193942.195s][info][gc,metaspace] GC(7236) Metaspace: 524931K(534272K)->524931K(534272K) NonClass: 460957K(465536K)->460957K(465536K) Class: 63974K(68736K)->63974K(68736K)
[2025-01-09T02:17:51.828+0000][193942.195s][info][gc          ] GC(7236) Pause Young (Mixed) (GCLocker Initiated GC) 2824M->2277M(12288M) 84.147ms
[2025-01-09T02:17:51.828+0000][193942.195s][info][gc,cpu      ] GC(7236) User=0.49s Sys=0.00s Real=0.08s
[2025-01-09T02:17:57.221+0000][193947.587s][info][gc,start    ] GC(7237) Pause Young (Normal) (GCLocker Initiated GC)
[2025-01-09T02:17:57.221+0000][193947.587s][info][gc,task     ] GC(7237) Using 6 workers of 6 for evacuation
[2025-01-09T02:17:57.249+0000][193947.615s][info][gc,phases   ] GC(7237)   Pre Evacuate Collection Set: 0.2ms
[2025-01-09T02:17:57.249+0000][193947.615s][info][gc,phases   ] GC(7237)   Merge Heap Roots: 0.4ms
[2025-01-09T02:17:57.249+0000][193947.615s][info][gc,phases   ] GC(7237)   Evacuate Collection Set: 23.5ms
[2025-01-09T02:17:57.249+0000][193947.615s][info][gc,phases   ] GC(7237)   Post Evacuate Collection Set: 4.2ms
[2025-01-09T02:17:57.249+0000][193947.615s][info][gc,phases   ] GC(7237)   Other: 0.2ms
[2025-01-09T02:17:57.249+0000][193947.615s][info][gc,heap     ] GC(7237) Eden regions: 916->0(915)
[2025-01-09T02:17:57.249+0000][193947.615s][info][gc,heap     ] GC(7237) Survivor regions: 6->6(116)
[2025-01-09T02:17:57.249+0000][193947.615s][info][gc,heap     ] GC(7237) Old regions: 230->230
[2025-01-09T02:17:57.249+0000][193947.615s][info][gc,heap     ] GC(7237) Archive regions: 2->2
[2025-01-09T02:17:57.249+0000][193947.615s][info][gc,heap     ] GC(7237) Humongous regions: 49->49
[2025-01-09T02:17:57.249+0000][193947.615s][info][gc,metaspace] GC(7237) Metaspace: 524931K(534272K)->524931K(534272K) NonClass: 460957K(465536K)->460957K(465536K) Class: 63974K(68736K)->63974K(68736K)
[2025-01-09T02:17:57.249+0000][193947.615s][info][gc          ] GC(7237) Pause Young (Normal) (GCLocker Initiated GC) 9601M->2282M(12288M) 28.552ms
[2025-01-09T02:17:57.249+0000][193947.615s][info][gc,cpu      ] GC(7237) User=0.16s Sys=0.00s Real=0.03s
[2025-01-09T02:18:07.538+0000][193957.904s][info][gc,start    ] GC(7238) Pause Young (Normal) (GCLocker Initiated GC)
[2025-01-09T02:18:07.538+0000][193957.904s][info][gc,task     ] GC(7238) Using 6 workers of 6 for evacuation
[2025-01-09T02:18:07.567+0000][193957.933s][info][gc,phases   ] GC(7238)   Pre Evacuate Collection Set: 0.2ms
[2025-01-09T02:18:07.567+0000][193957.933s][info][gc,phases   ] GC(7238)   Merge Heap Roots: 0.5ms
[2025-01-09T02:18:07.567+0000][193957.933s][info][gc,phases   ] GC(7238)   Evacuate Collection Set: 25.8ms
[2025-01-09T02:18:07.567+0000][193957.934s][info][gc,phases   ] GC(7238)   Post Evacuate Collection Set: 2.8ms
[2025-01-09T02:18:07.567+0000][193957.934s][info][gc,phases   ] GC(7238)   Other: 0.2ms
[2025-01-09T02:18:07.567+0000][193957.934s][info][gc,heap     ] GC(7238) Eden regions: 915->0(914)
[2025-01-09T02:18:07.567+0000][193957.934s][info][gc,heap     ] GC(7238) Survivor regions: 6->7(116)
[2025-01-09T02:18:07.567+0000][193957.934s][info][gc,heap     ] GC(7238) Old regions: 230->230
[2025-01-09T02:18:07.567+0000][193957.934s][info][gc,heap     ] GC(7238) Archive regions: 2->2
[2025-01-09T02:18:07.567+0000][193957.934s][info][gc,heap     ] GC(7238) Humongous regions: 49->49
[2025-01-09T02:18:07.567+0000][193957.934s][info][gc,metaspace] GC(7238) Metaspace: 524931K(534272K)->524931K(534272K) NonClass: 460957K(465536K)->460957K(465536K) Class: 63974K(68736K)->63974K(68736K)
[2025-01-09T02:18:07.567+0000][193957.934s][info][gc          ] GC(7238) Pause Young (Normal) (GCLocker Initiated GC) 9602M->2290M(12288M) 29.555ms
[2025-01-09T02:18:07.568+0000][193957.934s][info][gc,cpu      ] GC(7238) User=0.18s Sys=0.00s Real=0.03s
[2025-01-09T02:18:15.197+0000][193965.563s][info][gc,start    ] GC(7239) Pause Young (Concurrent Start) (GCLocker Initiated GC)
[2025-01-09T02:18:15.197+0000][193965.563s][info][gc,task     ] GC(7239) Using 6 workers of 6 for evacuation
[2025-01-09T02:18:15.231+0000][193965.597s][info][gc,phases   ] GC(7239)   Pre Evacuate Collection Set: 1.2ms
[2025-01-09T02:18:15.231+0000][193965.597s][info][gc,phases   ] GC(7239)   Merge Heap Roots: 0.5ms
[2025-01-09T02:18:15.231+0000][193965.597s][info][gc,phases   ] GC(7239)   Evacuate Collection Set: 29.0ms
[2025-01-09T02:18:15.231+0000][193965.597s][info][gc,phases   ] GC(7239)   Post Evacuate Collection Set: 2.7ms
[2025-01-09T02:18:15.231+0000][193965.597s][info][gc,phases   ] GC(7239)   Other: 0.3ms
[2025-01-09T02:18:15.231+0000][193965.597s][info][gc,heap     ] GC(7239) Eden regions: 914->0(912)
[2025-01-09T02:18:15.231+0000][193965.597s][info][gc,heap     ] GC(7239) Survivor regions: 7->9(116)
[2025-01-09T02:18:15.231+0000][193965.597s][info][gc,heap     ] GC(7239) Old regions: 230->230
[2025-01-09T02:18:15.231+0000][193965.597s][info][gc,heap     ] GC(7239) Archive regions: 2->2
[2025-01-09T02:18:15.231+0000][193965.597s][info][gc,heap     ] GC(7239) Humongous regions: 49->49
[2025-01-09T02:18:15.231+0000][193965.597s][info][gc,metaspace] GC(7239) Metaspace: 524931K(534272K)->524931K(534272K) NonClass: 460957K(465536K)->460957K(465536K) Class: 63974K(68736K)->63974K(68736K)
[2025-01-09T02:18:15.231+0000][193965.597s][info][gc          ] GC(7239) Pause Young (Concurrent Start) (GCLocker Initiated GC) 9602M->2300M(12288M) 33.775ms
[2025-01-09T02:18:15.231+0000][193965.597s][info][gc,cpu      ] GC(7239) User=0.20s Sys=0.00s Real=0.04s
[2025-01-09T02:18:15.231+0000][193965.597s][info][gc          ] GC(7240) Concurrent Mark Cycle
[2025-01-09T02:18:15.231+0000][193965.597s][info][gc,marking  ] GC(7240) Concurrent Clear Claimed Marks
[2025-01-09T02:18:15.232+0000][193965.598s][info][gc,marking  ] GC(7240) Concurrent Clear Claimed Marks 0.985ms
[2025-01-09T02:18:15.232+0000][193965.598s][info][gc,marking  ] GC(7240) Concurrent Scan Root Regions
[2025-01-09T02:18:15.264+0000][193965.630s][info][gc,marking  ] GC(7240) Concurrent Scan Root Regions 32.009ms
[2025-01-09T02:18:15.264+0000][193965.630s][info][gc,marking  ] GC(7240) Concurrent Mark
[2025-01-09T02:18:15.264+0000][193965.630s][info][gc,marking  ] GC(7240) Concurrent Mark From Roots
[2025-01-09T02:18:15.264+0000][193965.630s][info][gc,task     ] GC(7240) Using 2 workers of 2 for marking
[2025-01-09T02:18:16.339+0000][193966.705s][info][gc,marking  ] GC(7240) Concurrent Mark From Roots 1075.135ms
[2025-01-09T02:18:16.339+0000][193966.705s][info][gc,marking  ] GC(7240) Concurrent Preclean
[2025-01-09T02:18:16.343+0000][193966.709s][info][gc,marking  ] GC(7240) Concurrent Preclean 4.083ms
[2025-01-09T02:18:16.344+0000][193966.710s][info][gc,start    ] GC(7240) Pause Remark
[2025-01-09T02:18:16.370+0000][193966.736s][info][gc          ] GC(7240) Pause Remark 3580M->3580M(12288M) 26.138ms
[2025-01-09T02:18:16.370+0000][193966.736s][info][gc,cpu      ] GC(7240) User=0.15s Sys=0.00s Real=0.03s
[2025-01-09T02:18:16.370+0000][193966.736s][info][gc,marking  ] GC(7240) Concurrent Mark 1105.832ms
[2025-01-09T02:18:16.370+0000][193966.736s][info][gc,marking  ] GC(7240) Concurrent Rebuild Remembered Sets
[2025-01-09T02:18:17.034+0000][193967.400s][info][gc,marking  ] GC(7240) Concurrent Rebuild Remembered Sets 663.903ms
[2025-01-09T02:18:17.034+0000][193967.400s][info][gc,start    ] GC(7240) Pause Cleanup
[2025-01-09T02:18:17.034+0000][193967.401s][info][gc          ] GC(7240) Pause Cleanup 4376M->4376M(12288M) 0.434ms
[2025-01-09T02:18:17.034+0000][193967.401s][info][gc,cpu      ] GC(7240) User=0.00s Sys=0.00s Real=0.00s
[2025-01-09T02:18:17.035+0000][193967.401s][info][gc,marking  ] GC(7240) Concurrent Cleanup for Next Mark
[2025-01-09T02:18:17.050+0000][193967.416s][info][gc,marking  ] GC(7240) Concurrent Cleanup for Next Mark 15.450ms
[2025-01-09T02:18:17.050+0000][193967.416s][info][gc          ] GC(7240) Concurrent Mark Cycle 1819.028ms
[2025-01-09T02:18:22.352+0000][193972.718s][info][gc,start    ] GC(7241) Pause Young (Prepare Mixed) (GCLocker Initiated GC)
[2025-01-09T02:18:22.352+0000][193972.718s][info][gc,task     ] GC(7241) Using 6 workers of 6 for evacuation
[2025-01-09T02:18:22.388+0000][193972.754s][info][gc,phases   ] GC(7241)   Pre Evacuate Collection Set: 0.2ms
[2025-01-09T02:18:22.388+0000][193972.754s][info][gc,phases   ] GC(7241)   Merge Heap Roots: 0.7ms
[2025-01-09T02:18:22.388+0000][193972.754s][info][gc,phases   ] GC(7241)   Evacuate Collection Set: 32.4ms
[2025-01-09T02:18:22.388+0000][193972.754s][info][gc,phases   ] GC(7241)   Post Evacuate Collection Set: 2.8ms
[2025-01-09T02:18:22.388+0000][193972.754s][info][gc,phases   ] GC(7241)   Other: 0.2ms
[2025-01-09T02:18:22.388+0000][193972.754s][info][gc,heap     ] GC(7241) Eden regions: 913->0(66)
[2025-01-09T02:18:22.388+0000][193972.754s][info][gc,heap     ] GC(7241) Survivor regions: 9->10(116)
[2025-01-09T02:18:22.388+0000][193972.754s][info][gc,heap     ] GC(7241) Old regions: 230->230
[2025-01-09T02:18:22.388+0000][193972.754s][info][gc,heap     ] GC(7241) Archive regions: 2->2
[2025-01-09T02:18:22.388+0000][193972.754s][info][gc,heap     ] GC(7241) Humongous regions: 49->49
[2025-01-09T02:18:22.388+0000][193972.754s][info][gc,metaspace] GC(7241) Metaspace: 524931K(534272K)->524931K(534272K) NonClass: 460957K(465536K)->460957K(465536K) Class: 63974K(68736K)->63974K(68736K)
[2025-01-09T02:18:22.388+0000][193972.754s][info][gc          ] GC(7241) Pause Young (Prepare Mixed) (GCLocker Initiated GC) 9596M->2312M(12288M) 36.335ms
[2025-01-09T02:18:22.388+0000][193972.754s][info][gc,cpu      ] GC(7241) User=0.21s Sys=0.00s Real=0.03s
[2025-01-09T02:18:22.690+0000][193973.056s][info][gc,start    ] GC(7242) Pause Young (Mixed) (GCLocker Initiated GC)
[2025-01-09T02:18:22.690+0000][193973.056s][info][gc,task     ] GC(7242) Using 6 workers of 6 for evacuation
[2025-01-09T02:18:22.754+0000][193973.120s][info][gc,phases   ] GC(7242)   Pre Evacuate Collection Set: 0.2ms
[2025-01-09T02:18:22.754+0000][193973.120s][info][gc,phases   ] GC(7242)   Merge Heap Roots: 0.7ms
[2025-01-09T02:18:22.754+0000][193973.120s][info][gc,phases   ] GC(7242)   Evacuate Collection Set: 61.3ms
[2025-01-09T02:18:22.754+0000][193973.120s][info][gc,phases   ] GC(7242)   Post Evacuate Collection Set: 1.9ms
[2025-01-09T02:18:22.754+0000][193973.120s][info][gc,phases   ] GC(7242)   Other: 0.2ms
[2025-01-09T02:18:22.754+0000][193973.120s][info][gc,heap     ] GC(7242) Eden regions: 67->0(915)
[2025-01-09T02:18:22.754+0000][193973.120s][info][gc,heap     ] GC(7242) Survivor regions: 10->6(10)
[2025-01-09T02:18:22.754+0000][193973.120s][info][gc,heap     ] GC(7242) Old regions: 230->231
[2025-01-09T02:18:22.754+0000][193973.120s][info][gc,heap     ] GC(7242) Archive regions: 2->2
[2025-01-09T02:18:22.754+0000][193973.120s][info][gc,heap     ] GC(7242) Humongous regions: 49->49
[2025-01-09T02:18:22.754+0000][193973.120s][info][gc,metaspace] GC(7242) Metaspace: 524931K(534272K)->524931K(534272K) NonClass: 460957K(465536K)->460957K(465536K) Class: 63974K(68736K)->63974K(68736K)
[2025-01-09T02:18:22.754+0000][193973.120s][info][gc          ] GC(7242) Pause Young (Mixed) (GCLocker Initiated GC) 2842M->2279M(12288M) 64.376ms
[2025-01-09T02:18:22.754+0000][193973.120s][info][gc,cpu      ] GC(7242) User=0.38s Sys=0.00s Real=0.06s
[2025-01-09T02:18:32.186+0000][193982.552s][info][gc,start    ] GC(7243) Pause Young (Normal) (GCLocker Initiated GC)
[2025-01-09T02:18:32.186+0000][193982.552s][info][gc,task     ] GC(7243) Using 6 workers of 6 for evacuation
[2025-01-09T02:18:32.212+0000][193982.578s][info][gc,phases   ] GC(7243)   Pre Evacuate Collection Set: 0.2ms
[2025-01-09T02:18:32.212+0000][193982.578s][info][gc,phases   ] GC(7243)   Merge Heap Roots: 0.5ms
[2025-01-09T02:18:32.212+0000][193982.578s][info][gc,phases   ] GC(7243)   Evacuate Collection Set: 21.7ms
[2025-01-09T02:18:32.212+0000][193982.578s][info][gc,phases   ] GC(7243)   Post Evacuate Collection Set: 4.0ms
[2025-01-09T02:18:32.212+0000][193982.578s][info][gc,phases   ] GC(7243)   Other: 0.2ms
[2025-01-09T02:18:32.212+0000][193982.578s][info][gc,heap     ] GC(7243) Eden regions: 916->0(914)
[2025-01-09T02:18:32.212+0000][193982.578s][info][gc,heap     ] GC(7243) Survivor regions: 6->7(116)
[2025-01-09T02:18:32.212+0000][193982.578s][info][gc,heap     ] GC(7243) Old regions: 231->231
[2025-01-09T02:18:32.212+0000][193982.578s][info][gc,heap     ] GC(7243) Archive regions: 2->2
[2025-01-09T02:18:32.212+0000][193982.578s][info][gc,heap     ] GC(7243) Humongous regions: 49->49
[2025-01-09T02:18:32.212+0000][193982.578s][info][gc,metaspace] GC(7243) Metaspace: 524931K(534272K)->524931K(534272K) NonClass: 460957K(465536K)->460957K(465536K) Class: 63974K(68736K)->63974K(68736K)
[2025-01-09T02:18:32.212+0000][193982.578s][info][gc          ] GC(7243) Pause Young (Normal) (GCLocker Initiated GC) 9603M->2293M(12288M) 26.642ms
[2025-01-09T02:18:32.212+0000][193982.578s][info][gc,cpu      ] GC(7243) User=0.15s Sys=0.00s Real=0.03s
[2025-01-09T02:18:45.579+0000][193995.946s][info][gc,start    ] GC(7244) Pause Young (Normal) (GCLocker Initiated GC)
[2025-01-09T02:18:45.580+0000][193995.946s][info][gc,task     ] GC(7244) Using 6 workers of 6 for evacuation
[2025-01-09T02:18:45.613+0000][193995.979s][info][gc,phases   ] GC(7244)   Pre Evacuate Collection Set: 0.2ms
[2025-01-09T02:18:45.613+0000][193995.979s][info][gc,phases   ] GC(7244)   Merge Heap Roots: 0.4ms
[2025-01-09T02:18:45.613+0000][193995.979s][info][gc,phases   ] GC(7244)   Evacuate Collection Set: 28.9ms
[2025-01-09T02:18:45.613+0000][193995.979s][info][gc,phases   ] GC(7244)   Post Evacuate Collection Set: 4.1ms
[2025-01-09T02:18:45.613+0000][193995.979s][info][gc,phases   ] GC(7244)   Other: 0.2ms
[2025-01-09T02:18:45.613+0000][193995.979s][info][gc,heap     ] GC(7244) Eden regions: 915->0(912)
[2025-01-09T02:18:45.613+0000][193995.979s][info][gc,heap     ] GC(7244) Survivor regions: 7->9(116)
[2025-01-09T02:18:45.613+0000][193995.979s][info][gc,heap     ] GC(7244) Old regions: 231->231
[2025-01-09T02:18:45.613+0000][193995.979s][info][gc,heap     ] GC(7244) Archive regions: 2->2
[2025-01-09T02:18:45.613+0000][193995.979s][info][gc,heap     ] GC(7244) Humongous regions: 49->49
[2025-01-09T02:18:45.613+0000][193995.979s][info][gc,metaspace] GC(7244) Metaspace: 524931K(534272K)->524931K(534272K) NonClass: 460957K(465536K)->460957K(465536K) Class: 63974K(68736K)->63974K(68736K)
[2025-01-09T02:18:45.613+0000][193995.980s][info][gc          ] GC(7244) Pause Young (Normal) (GCLocker Initiated GC) 9605M->2306M(12288M) 33.938ms
[2025-01-09T02:18:45.613+0000][193995.980s][info][gc,cpu      ] GC(7244) User=0.20s Sys=0.00s Real=0.04s
[2025-01-09T02:18:52.770+0000][194003.136s][info][gc,start    ] GC(7245) Pause Young (Concurrent Start) (GCLocker Initiated GC)
[2025-01-09T02:18:52.770+0000][194003.136s][info][gc,task     ] GC(7245) Using 6 workers of 6 for evacuation
[2025-01-09T02:18:52.810+0000][194003.176s][info][gc,phases   ] GC(7245)   Pre Evacuate Collection Set: 1.1ms
[2025-01-09T02:18:52.810+0000][194003.177s][info][gc,phases   ] GC(7245)   Merge Heap Roots: 0.5ms
[2025-01-09T02:18:52.810+0000][194003.177s][info][gc,phases   ] GC(7245)   Evacuate Collection Set: 34.4ms
[2025-01-09T02:18:52.810+0000][194003.177s][info][gc,phases   ] GC(7245)   Post Evacuate Collection Set: 4.5ms
[2025-01-09T02:18:52.810+0000][194003.177s][info][gc,phases   ] GC(7245)   Other: 0.3ms
[2025-01-09T02:18:52.810+0000][194003.177s][info][gc,heap     ] GC(7245) Eden regions: 912->0(910)
[2025-01-09T02:18:52.810+0000][194003.177s][info][gc,heap     ] GC(7245) Survivor regions: 9->11(116)
[2025-01-09T02:18:52.810+0000][194003.177s][info][gc,heap     ] GC(7245) Old regions: 231->231
[2025-01-09T02:18:52.810+0000][194003.177s][info][gc,heap     ] GC(7245) Archive regions: 2->2
[2025-01-09T02:18:52.810+0000][194003.177s][info][gc,heap     ] GC(7245) Humongous regions: 49->49
[2025-01-09T02:18:52.810+0000][194003.177s][info][gc,metaspace] GC(7245) Metaspace: 524931K(534272K)->524931K(534272K) NonClass: 460957K(465536K)->460957K(465536K) Class: 63974K(68736K)->63974K(68736K)
[2025-01-09T02:18:52.810+0000][194003.177s][info][gc          ] GC(7245) Pause Young (Concurrent Start) (GCLocker Initiated GC) 9602M->2324M(12288M) 40.863ms
[2025-01-09T02:18:52.811+0000][194003.177s][info][gc,cpu      ] GC(7245) User=0.23s Sys=0.00s Real=0.04s
[2025-01-09T02:18:52.811+0000][194003.177s][info][gc          ] GC(7246) Concurrent Mark Cycle
[2025-01-09T02:18:52.811+0000][194003.177s][info][gc,marking  ] GC(7246) Concurrent Clear Claimed Marks
[2025-01-09T02:18:52.812+0000][194003.178s][info][gc,marking  ] GC(7246) Concurrent Clear Claimed Marks 0.958ms
[2025-01-09T02:18:52.812+0000][194003.178s][info][gc,marking  ] GC(7246) Concurrent Scan Root Regions
[2025-01-09T02:18:52.841+0000][194003.207s][info][gc,marking  ] GC(7246) Concurrent Scan Root Regions 29.449ms
[2025-01-09T02:18:52.841+0000][194003.207s][info][gc,marking  ] GC(7246) Concurrent Mark
[2025-01-09T02:18:52.841+0000][194003.207s][info][gc,marking  ] GC(7246) Concurrent Mark From Roots
[2025-01-09T02:18:52.841+0000][194003.207s][info][gc,task     ] GC(7246) Using 2 workers of 2 for marking
[2025-01-09T02:18:53.760+0000][194004.126s][info][gc,marking  ] GC(7246) Concurrent Mark From Roots 918.593ms
[2025-01-09T02:18:53.760+0000][194004.126s][info][gc,marking  ] GC(7246) Concurrent Preclean
[2025-01-09T02:18:53.763+0000][194004.129s][info][gc,marking  ] GC(7246) Concurrent Preclean 2.978ms
[2025-01-09T02:18:53.763+0000][194004.129s][info][gc,start    ] GC(7246) Pause Remark
[2025-01-09T02:18:53.791+0000][194004.157s][info][gc          ] GC(7246) Pause Remark 3044M->3044M(12288M) 28.157ms
[2025-01-09T02:18:53.791+0000][194004.157s][info][gc,cpu      ] GC(7246) User=0.16s Sys=0.00s Real=0.03s
[2025-01-09T02:18:53.791+0000][194004.157s][info][gc,marking  ] GC(7246) Concurrent Mark 950.030ms
[2025-01-09T02:18:53.791+0000][194004.157s][info][gc,marking  ] GC(7246) Concurrent Rebuild Remembered Sets
[2025-01-09T02:18:54.303+0000][194004.670s][info][gc,marking  ] GC(7246) Concurrent Rebuild Remembered Sets 512.358ms
[2025-01-09T02:18:54.304+0000][194004.670s][info][gc,start    ] GC(7246) Pause Cleanup
[2025-01-09T02:18:54.304+0000][194004.670s][info][gc          ] GC(7246) Pause Cleanup 3140M->3140M(12288M) 0.387ms
[2025-01-09T02:18:54.304+0000][194004.670s][info][gc,cpu      ] GC(7246) User=0.01s Sys=0.00s Real=0.00s
[2025-01-09T02:18:54.304+0000][194004.670s][info][gc,marking  ] GC(7246) Concurrent Cleanup for Next Mark
[2025-01-09T02:18:54.320+0000][194004.686s][info][gc,marking  ] GC(7246) Concurrent Cleanup for Next Mark 15.815ms
[2025-01-09T02:18:54.320+0000][194004.686s][info][gc          ] GC(7246) Concurrent Mark Cycle 1509.366ms
[2025-01-09T02:19:01.559+0000][194011.925s][info][gc,start    ] GC(7247) Pause Young (Prepare Mixed) (GCLocker Initiated GC)
[2025-01-09T02:19:01.559+0000][194011.925s][info][gc,task     ] GC(7247) Using 6 workers of 6 for evacuation
[2025-01-09T02:19:01.600+0000][194011.967s][info][gc,phases   ] GC(7247)   Pre Evacuate Collection Set: 0.2ms
[2025-01-09T02:19:01.600+0000][194011.967s][info][gc,phases   ] GC(7247)   Merge Heap Roots: 0.7ms
[2025-01-09T02:19:01.600+0000][194011.967s][info][gc,phases   ] GC(7247)   Evacuate Collection Set: 37.5ms
[2025-01-09T02:19:01.600+0000][194011.967s][info][gc,phases   ] GC(7247)   Post Evacuate Collection Set: 2.7ms
[2025-01-09T02:19:01.600+0000][194011.967s][info][gc,phases   ] GC(7247)   Other: 0.2ms
[2025-01-09T02:19:01.600+0000][194011.967s][info][gc,heap     ] GC(7247) Eden regions: 911->0(64)
[2025-01-09T02:19:01.600+0000][194011.967s][info][gc,heap     ] GC(7247) Survivor regions: 11->12(116)
[2025-01-09T02:19:01.600+0000][194011.967s][info][gc,heap     ] GC(7247) Old regions: 231->231
[2025-01-09T02:19:01.600+0000][194011.967s][info][gc,heap     ] GC(7247) Archive regions: 2->2
[2025-01-09T02:19:01.600+0000][194011.967s][info][gc,heap     ] GC(7247) Humongous regions: 49->49
[2025-01-09T02:19:01.601+0000][194011.967s][info][gc,metaspace] GC(7247) Metaspace: 524931K(534272K)->524931K(534272K) NonClass: 460957K(465536K)->460957K(465536K) Class: 63974K(68736K)->63974K(68736K)
[2025-01-09T02:19:01.601+0000][194011.967s][info][gc          ] GC(7247) Pause Young (Prepare Mixed) (GCLocker Initiated GC) 9612M->2334M(12288M) 41.269ms
[2025-01-09T02:19:01.601+0000][194011.967s][info][gc,cpu      ] GC(7247) User=0.24s Sys=0.00s Real=0.04s
[2025-01-09T02:19:02.679+0000][194013.045s][info][gc,start    ] GC(7248) Pause Young (Mixed) (GCLocker Initiated GC)
[2025-01-09T02:19:02.679+0000][194013.045s][info][gc,task     ] GC(7248) Using 6 workers of 6 for evacuation
[2025-01-09T02:19:02.748+0000][194013.114s][info][gc,phases   ] GC(7248)   Pre Evacuate Collection Set: 0.2ms
[2025-01-09T02:19:02.748+0000][194013.114s][info][gc,phases   ] GC(7248)   Merge Heap Roots: 0.7ms
[2025-01-09T02:19:02.748+0000][194013.114s][info][gc,phases   ] GC(7248)   Evacuate Collection Set: 65.6ms
[2025-01-09T02:19:02.748+0000][194013.114s][info][gc,phases   ] GC(7248)   Post Evacuate Collection Set: 1.9ms
[2025-01-09T02:19:02.748+0000][194013.114s][info][gc,phases   ] GC(7248)   Other: 0.2ms
[2025-01-09T02:19:02.748+0000][194013.114s][info][gc,heap     ] GC(7248) Eden regions: 65->0(917)
[2025-01-09T02:19:02.748+0000][194013.114s][info][gc,heap     ] GC(7248) Survivor regions: 12->4(10)
[2025-01-09T02:19:02.748+0000][194013.114s][info][gc,heap     ] GC(7248) Old regions: 231->235
[2025-01-09T02:19:02.748+0000][194013.114s][info][gc,heap     ] GC(7248) Archive regions: 2->2
[2025-01-09T02:19:02.748+0000][194013.114s][info][gc,heap     ] GC(7248) Humongous regions: 49->49
[2025-01-09T02:19:02.748+0000][194013.114s][info][gc,metaspace] GC(7248) Metaspace: 524931K(534272K)->524931K(534272K) NonClass: 460957K(465536K)->460957K(465536K) Class: 63974K(68736K)->63974K(68736K)
[2025-01-09T02:19:02.748+0000][194013.114s][info][gc          ] GC(7248) Pause Young (Mixed) (GCLocker Initiated GC) 2846M->2303M(12288M) 68.647ms
[2025-01-09T02:19:02.748+0000][194013.114s][info][gc,cpu      ] GC(7248) User=0.40s Sys=0.00s Real=0.07s
[2025-01-09T02:19:10.539+0000][194020.906s][info][gc,start    ] GC(7249) Pause Young (Normal) (GCLocker Initiated GC)
[2025-01-09T02:19:10.539+0000][194020.906s][info][gc,task     ] GC(7249) Using 6 workers of 6 for evacuation
[2025-01-09T02:19:10.567+0000][194020.933s][info][gc,phases   ] GC(7249)   Pre Evacuate Collection Set: 0.2ms
[2025-01-09T02:19:10.567+0000][194020.933s][info][gc,phases   ] GC(7249)   Merge Heap Roots: 0.4ms
[2025-01-09T02:19:10.567+0000][194020.933s][info][gc,phases   ] GC(7249)   Evacuate Collection Set: 24.7ms
[2025-01-09T02:19:10.567+0000][194020.933s][info][gc,phases   ] GC(7249)   Post Evacuate Collection Set: 2.4ms
[2025-01-09T02:19:10.567+0000][194020.934s][info][gc,phases   ] GC(7249)   Other: 0.2ms
[2025-01-09T02:19:10.567+0000][194020.934s][info][gc,heap     ] GC(7249) Eden regions: 918->0(914)
[2025-01-09T02:19:10.567+0000][194020.934s][info][gc,heap     ] GC(7249) Survivor regions: 4->7(116)
[2025-01-09T02:19:10.567+0000][194020.934s][info][gc,heap     ] GC(7249) Old regions: 235->235
[2025-01-09T02:19:10.567+0000][194020.934s][info][gc,heap     ] GC(7249) Archive regions: 2->2
[2025-01-09T02:19:10.567+0000][194020.934s][info][gc,heap     ] GC(7249) Humongous regions: 49->49
[2025-01-09T02:19:10.567+0000][194020.934s][info][gc,metaspace] GC(7249) Metaspace: 524931K(534272K)->524931K(534272K) NonClass: 460957K(465536K)->460957K(465536K) Class: 63974K(68736K)->63974K(68736K)
[2025-01-09T02:19:10.567+0000][194020.934s][info][gc          ] GC(7249) Pause Young (Normal) (GCLocker Initiated GC) 9643M->2323M(12288M) 28.010ms
[2025-01-09T02:19:10.567+0000][194020.934s][info][gc,cpu      ] GC(7249) User=0.16s Sys=0.00s Real=0.03s
[2025-01-09T02:19:18.488+0000][194028.854s][info][gc,start    ] GC(7250) Pause Young (Normal) (GCLocker Initiated GC)
[2025-01-09T02:19:18.488+0000][194028.854s][info][gc,task     ] GC(7250) Using 6 workers of 6 for evacuation
[2025-01-09T02:19:18.516+0000][194028.882s][info][gc,phases   ] GC(7250)   Pre Evacuate Collection Set: 0.2ms
[2025-01-09T02:19:18.516+0000][194028.882s][info][gc,phases   ] GC(7250)   Merge Heap Roots: 0.4ms
[2025-01-09T02:19:18.516+0000][194028.882s][info][gc,phases   ] GC(7250)   Evacuate Collection Set: 24.4ms
[2025-01-09T02:19:18.516+0000][194028.882s][info][gc,phases   ] GC(7250)   Post Evacuate Collection Set: 2.7ms
[2025-01-09T02:19:18.516+0000][194028.882s][info][gc,phases   ] GC(7250)   Other: 0.2ms
[2025-01-09T02:19:18.516+0000][194028.882s][info][gc,heap     ] GC(7250) Eden regions: 914->0(913)
[2025-01-09T02:19:18.516+0000][194028.882s][info][gc,heap     ] GC(7250) Survivor regions: 7->8(116)
[2025-01-09T02:19:18.516+0000][194028.882s][info][gc,heap     ] GC(7250) Old regions: 235->235
[2025-01-09T02:19:18.516+0000][194028.882s][info][gc,heap     ] GC(7250) Archive regions: 2->2
[2025-01-09T02:19:18.516+0000][194028.882s][info][gc,heap     ] GC(7250) Humongous regions: 49->49
[2025-01-09T02:19:18.516+0000][194028.882s][info][gc,metaspace] GC(7250) Metaspace: 524931K(534272K)->524931K(534272K) NonClass: 460957K(465536K)->460957K(465536K) Class: 63974K(68736K)->63974K(68736K)
[2025-01-09T02:19:18.516+0000][194028.882s][info][gc          ] GC(7250) Pause Young (Normal) (GCLocker Initiated GC) 9635M->2330M(12288M) 28.038ms
[2025-01-09T02:19:18.516+0000][194028.882s][info][gc,cpu      ] GC(7250) User=0.17s Sys=0.00s Real=0.03s
[2025-01-09T02:19:25.555+0000][194035.921s][info][gc,start    ] GC(7251) Pause Young (Concurrent Start) (GCLocker Initiated GC)
[2025-01-09T02:19:25.555+0000][194035.921s][info][gc,task     ] GC(7251) Using 6 workers of 6 for evacuation
[2025-01-09T02:19:25.586+0000][194035.952s][info][gc,phases   ] GC(7251)   Pre Evacuate Collection Set: 1.1ms
[2025-01-09T02:19:25.586+0000][194035.952s][info][gc,phases   ] GC(7251)   Merge Heap Roots: 0.4ms
[2025-01-09T02:19:25.586+0000][194035.952s][info][gc,phases   ] GC(7251)   Evacuate Collection Set: 26.4ms
[2025-01-09T02:19:25.586+0000][194035.952s][info][gc,phases   ] GC(7251)   Post Evacuate Collection Set: 2.5ms
[2025-01-09T02:19:25.586+0000][194035.952s][info][gc,phases   ] GC(7251)   Other: 0.3ms
[2025-01-09T02:19:25.586+0000][194035.952s][info][gc,heap     ] GC(7251) Eden regions: 914->0(913)
[2025-01-09T02:19:25.586+0000][194035.952s][info][gc,heap     ] GC(7251) Survivor regions: 8->8(116)
[2025-01-09T02:19:25.586+0000][194035.952s][info][gc,heap     ] GC(7251) Old regions: 235->235
[2025-01-09T02:19:25.586+0000][194035.952s][info][gc,heap     ] GC(7251) Archive regions: 2->2
[2025-01-09T02:19:25.586+0000][194035.952s][info][gc,heap     ] GC(7251) Humongous regions: 49->49
[2025-01-09T02:19:25.586+0000][194035.952s][info][gc,metaspace] GC(7251) Metaspace: 524931K(534272K)->524931K(534272K) NonClass: 460957K(465536K)->460957K(465536K) Class: 63974K(68736K)->63974K(68736K)
[2025-01-09T02:19:25.586+0000][194035.952s][info][gc          ] GC(7251) Pause Young (Concurrent Start) (GCLocker Initiated GC) 9642M->2333M(12288M) 30.778ms
[2025-01-09T02:19:25.586+0000][194035.952s][info][gc,cpu      ] GC(7251) User=0.18s Sys=0.00s Real=0.03s
[2025-01-09T02:19:25.586+0000][194035.952s][info][gc          ] GC(7252) Concurrent Mark Cycle
[2025-01-09T02:19:25.586+0000][194035.952s][info][gc,marking  ] GC(7252) Concurrent Clear Claimed Marks
[2025-01-09T02:19:25.587+0000][194035.953s][info][gc,marking  ] GC(7252) Concurrent Clear Claimed Marks 0.954ms
[2025-01-09T02:19:25.587+0000][194035.953s][info][gc,marking  ] GC(7252) Concurrent Scan Root Regions
[2025-01-09T02:19:25.612+0000][194035.978s][info][gc,marking  ] GC(7252) Concurrent Scan Root Regions 24.749ms
[2025-01-09T02:19:25.612+0000][194035.978s][info][gc,marking  ] GC(7252) Concurrent Mark
[2025-01-09T02:19:25.612+0000][194035.978s][info][gc,marking  ] GC(7252) Concurrent Mark From Roots
[2025-01-09T02:19:25.612+0000][194035.978s][info][gc,task     ] GC(7252) Using 2 workers of 2 for marking
[2025-01-09T02:19:26.513+0000][194036.879s][info][gc,marking  ] GC(7252) Concurrent Mark From Roots 901.029ms
[2025-01-09T02:19:26.513+0000][194036.879s][info][gc,marking  ] GC(7252) Concurrent Preclean
[2025-01-09T02:19:26.516+0000][194036.882s][info][gc,marking  ] GC(7252) Concurrent Preclean 2.877ms
[2025-01-09T02:19:26.516+0000][194036.882s][info][gc,start    ] GC(7252) Pause Remark
[2025-01-09T02:19:26.541+0000][194036.908s][info][gc          ] GC(7252) Pause Remark 3181M->3181M(12288M) 25.505ms
[2025-01-09T02:19:26.542+0000][194036.908s][info][gc,cpu      ] GC(7252) User=0.15s Sys=0.00s Real=0.03s
[2025-01-09T02:19:26.542+0000][194036.908s][info][gc,marking  ] GC(7252) Concurrent Mark 929.704ms
[2025-01-09T02:19:26.542+0000][194036.908s][info][gc,marking  ] GC(7252) Concurrent Rebuild Remembered Sets
[2025-01-09T02:19:27.128+0000][194037.494s][info][gc,marking  ] GC(7252) Concurrent Rebuild Remembered Sets 585.952ms
[2025-01-09T02:19:27.128+0000][194037.494s][info][gc,start    ] GC(7252) Pause Cleanup
[2025-01-09T02:19:27.128+0000][194037.494s][info][gc          ] GC(7252) Pause Cleanup 3741M->3741M(12288M) 0.424ms
[2025-01-09T02:19:27.128+0000][194037.494s][info][gc,cpu      ] GC(7252) User=0.00s Sys=0.00s Real=0.00s
[2025-01-09T02:19:27.128+0000][194037.494s][info][gc,marking  ] GC(7252) Concurrent Cleanup for Next Mark
[2025-01-09T02:19:27.145+0000][194037.511s][info][gc,marking  ] GC(7252) Concurrent Cleanup for Next Mark 16.489ms
[2025-01-09T02:19:27.145+0000][194037.511s][info][gc          ] GC(7252) Concurrent Mark Cycle 1558.661ms
[2025-01-09T02:19:34.948+0000][194045.314s][info][gc,start    ] GC(7253) Pause Young (Prepare Mixed) (GCLocker Initiated GC)
[2025-01-09T02:19:34.948+0000][194045.314s][info][gc,task     ] GC(7253) Using 6 workers of 6 for evacuation
[2025-01-09T02:19:34.985+0000][194045.351s][info][gc,phases   ] GC(7253)   Pre Evacuate Collection Set: 0.2ms
[2025-01-09T02:19:34.985+0000][194045.351s][info][gc,phases   ] GC(7253)   Merge Heap Roots: 0.6ms
[2025-01-09T02:19:34.985+0000][194045.351s][info][gc,phases   ] GC(7253)   Evacuate Collection Set: 30.1ms
[2025-01-09T02:19:34.985+0000][194045.351s][info][gc,phases   ] GC(7253)   Post Evacuate Collection Set: 5.3ms
[2025-01-09T02:19:34.985+0000][194045.351s][info][gc,phases   ] GC(7253)   Other: 0.2ms
[2025-01-09T02:19:34.985+0000][194045.351s][info][gc,heap     ] GC(7253) Eden regions: 914->0(66)
[2025-01-09T02:19:34.985+0000][194045.351s][info][gc,heap     ] GC(7253) Survivor regions: 8->10(116)
[2025-01-09T02:19:34.985+0000][194045.351s][info][gc,heap     ] GC(7253) Old regions: 235->235
[2025-01-09T02:19:34.985+0000][194045.351s][info][gc,heap     ] GC(7253) Archive regions: 2->2
[2025-01-09T02:19:34.985+0000][194045.351s][info][gc,heap     ] GC(7253) Humongous regions: 49->49
[2025-01-09T02:19:34.985+0000][194045.351s][info][gc,metaspace] GC(7253) Metaspace: 524931K(534272K)->524931K(534272K) NonClass: 460957K(465536K)->460957K(465536K) Class: 63974K(68736K)->63974K(68736K)
[2025-01-09T02:19:34.985+0000][194045.351s][info][gc          ] GC(7253) Pause Young (Prepare Mixed) (GCLocker Initiated GC) 9637M->2351M(12288M) 36.496ms
[2025-01-09T02:19:34.985+0000][194045.351s][info][gc,cpu      ] GC(7253) User=0.22s Sys=0.00s Real=0.04s
[2025-01-09T02:19:35.719+0000][194046.086s][info][gc,start    ] GC(7254) Pause Young (Mixed) (GCLocker Initiated GC)
[2025-01-09T02:19:35.719+0000][194046.086s][info][gc,task     ] GC(7254) Using 6 workers of 6 for evacuation
[2025-01-09T02:19:35.765+0000][194046.131s][info][gc,phases   ] GC(7254)   Pre Evacuate Collection Set: 0.2ms
[2025-01-09T02:19:35.765+0000][194046.131s][info][gc,phases   ] GC(7254)   Merge Heap Roots: 0.5ms
[2025-01-09T02:19:35.765+0000][194046.131s][info][gc,phases   ] GC(7254)   Evacuate Collection Set: 43.0ms
[2025-01-09T02:19:35.765+0000][194046.131s][info][gc,phases   ] GC(7254)   Post Evacuate Collection Set: 1.5ms
[2025-01-09T02:19:35.765+0000][194046.131s][info][gc,phases   ] GC(7254)   Other: 0.2ms
[2025-01-09T02:19:35.765+0000][194046.131s][info][gc,heap     ] GC(7254) Eden regions: 67->0(916)
[2025-01-09T02:19:35.765+0000][194046.131s][info][gc,heap     ] GC(7254) Survivor regions: 10->5(10)
[2025-01-09T02:19:35.765+0000][194046.131s][info][gc,heap     ] GC(7254) Old regions: 235->232
[2025-01-09T02:19:35.765+0000][194046.131s][info][gc,heap     ] GC(7254) Archive regions: 2->2
[2025-01-09T02:19:35.765+0000][194046.131s][info][gc,heap     ] GC(7254) Humongous regions: 49->49
[2025-01-09T02:19:35.765+0000][194046.131s][info][gc,metaspace] GC(7254) Metaspace: 524931K(534272K)->524931K(534272K) NonClass: 460957K(465536K)->460957K(465536K) Class: 63974K(68736K)->63974K(68736K)
[2025-01-09T02:19:35.765+0000][194046.131s][info][gc          ] GC(7254) Pause Young (Mixed) (GCLocker Initiated GC) 2883M->2288M(12288M) 45.423ms
[2025-01-09T02:19:35.765+0000][194046.131s][info][gc,cpu      ] GC(7254) User=0.27s Sys=0.00s Real=0.05s
[2025-01-09T02:19:43.228+0000][194053.594s][info][gc,start    ] GC(7255) Pause Young (Normal) (G1 Evacuation Pause)
[2025-01-09T02:19:43.228+0000][194053.594s][info][gc,task     ] GC(7255) Using 6 workers of 6 for evacuation
[2025-01-09T02:19:43.253+0000][194053.619s][info][gc,phases   ] GC(7255)   Pre Evacuate Collection Set: 0.2ms
[2025-01-09T02:19:43.253+0000][194053.619s][info][gc,phases   ] GC(7255)   Merge Heap Roots: 0.4ms
[2025-01-09T02:19:43.253+0000][194053.619s][info][gc,phases   ] GC(7255)   Evacuate Collection Set: 20.4ms
[2025-01-09T02:19:43.253+0000][194053.619s][info][gc,phases   ] GC(7255)   Post Evacuate Collection Set: 3.9ms
[2025-01-09T02:19:43.253+0000][194053.619s][info][gc,phases   ] GC(7255)   Other: 0.2ms
[2025-01-09T02:19:43.253+0000][194053.619s][info][gc,heap     ] GC(7255) Eden regions: 916->0(915)
[2025-01-09T02:19:43.253+0000][194053.619s][info][gc,heap     ] GC(7255) Survivor regions: 5->6(116)
[2025-01-09T02:19:43.253+0000][194053.619s][info][gc,heap     ] GC(7255) Old regions: 232->232
[2025-01-09T02:19:43.253+0000][194053.619s][info][gc,heap     ] GC(7255) Archive regions: 2->2
[2025-01-09T02:19:43.253+0000][194053.619s][info][gc,heap     ] GC(7255) Humongous regions: 49->49
[2025-01-09T02:19:43.253+0000][194053.619s][info][gc,metaspace] GC(7255) Metaspace: 524931K(534272K)->524931K(534272K) NonClass: 460957K(465536K)->460957K(465536K) Class: 63974K(68736K)->63974K(68736K)
[2025-01-09T02:19:43.253+0000][194053.619s][info][gc          ] GC(7255) Pause Young (Normal) (G1 Evacuation Pause) 9616M->2298M(12288M) 25.165ms
[2025-01-09T02:19:43.253+0000][194053.619s][info][gc,cpu      ] GC(7255) User=0.15s Sys=0.00s Real=0.03s
[2025-01-09T02:19:50.609+0000][194060.975s][info][gc,start    ] GC(7256) Pause Young (Normal) (GCLocker Initiated GC)
[2025-01-09T02:19:50.609+0000][194060.975s][info][gc,task     ] GC(7256) Using 6 workers of 6 for evacuation
[2025-01-09T02:19:50.634+0000][194061.001s][info][gc,phases   ] GC(7256)   Pre Evacuate Collection Set: 0.2ms
[2025-01-09T02:19:50.634+0000][194061.001s][info][gc,phases   ] GC(7256)   Merge Heap Roots: 0.4ms
[2025-01-09T02:19:50.634+0000][194061.001s][info][gc,phases   ] GC(7256)   Evacuate Collection Set: 22.0ms
[2025-01-09T02:19:50.634+0000][194061.001s][info][gc,phases   ] GC(7256)   Post Evacuate Collection Set: 2.5ms
[2025-01-09T02:19:50.634+0000][194061.001s][info][gc,phases   ] GC(7256)   Other: 0.2ms
[2025-01-09T02:19:50.634+0000][194061.001s][info][gc,heap     ] GC(7256) Eden regions: 915->0(915)
[2025-01-09T02:19:50.634+0000][194061.001s][info][gc,heap     ] GC(7256) Survivor regions: 6->6(116)
[2025-01-09T02:19:50.634+0000][194061.001s][info][gc,heap     ] GC(7256) Old regions: 232->232
[2025-01-09T02:19:50.634+0000][194061.001s][info][gc,heap     ] GC(7256) Archive regions: 2->2
[2025-01-09T02:19:50.634+0000][194061.001s][info][gc,heap     ] GC(7256) Humongous regions: 49->49
[2025-01-09T02:19:50.634+0000][194061.001s][info][gc,metaspace] GC(7256) Metaspace: 524931K(534272K)->524931K(534272K) NonClass: 460957K(465536K)->460957K(465536K) Class: 63974K(68736K)->63974K(68736K)
[2025-01-09T02:19:50.635+0000][194061.001s][info][gc          ] GC(7256) Pause Young (Normal) (GCLocker Initiated GC) 9618M->2299M(12288M) 25.426ms
[2025-01-09T02:19:50.635+0000][194061.001s][info][gc,cpu      ] GC(7256) User=0.15s Sys=0.00s Real=0.03s
[2025-01-09T02:19:55.744+0000][194066.110s][info][gc,start    ] GC(7257) Pause Young (Concurrent Start) (GCLocker Initiated GC)
[2025-01-09T02:19:55.744+0000][194066.110s][info][gc,task     ] GC(7257) Using 6 workers of 6 for evacuation
[2025-01-09T02:19:55.774+0000][194066.140s][info][gc,phases   ] GC(7257)   Pre Evacuate Collection Set: 1.1ms
[2025-01-09T02:19:55.774+0000][194066.140s][info][gc,phases   ] GC(7257)   Merge Heap Roots: 0.5ms
[2025-01-09T02:19:55.774+0000][194066.140s][info][gc,phases   ] GC(7257)   Evacuate Collection Set: 25.5ms
[2025-01-09T02:19:55.774+0000][194066.140s][info][gc,phases   ] GC(7257)   Post Evacuate Collection Set: 2.5ms
[2025-01-09T02:19:55.774+0000][194066.140s][info][gc,phases   ] GC(7257)   Other: 0.3ms
[2025-01-09T02:19:55.774+0000][194066.140s][info][gc,heap     ] GC(7257) Eden regions: 916->0(913)
[2025-01-09T02:19:55.774+0000][194066.140s][info][gc,heap     ] GC(7257) Survivor regions: 6->8(116)
[2025-01-09T02:19:55.774+0000][194066.140s][info][gc,heap     ] GC(7257) Old regions: 232->232
[2025-01-09T02:19:55.774+0000][194066.140s][info][gc,heap     ] GC(7257) Archive regions: 2->2
[2025-01-09T02:19:55.774+0000][194066.140s][info][gc,heap     ] GC(7257) Humongous regions: 49->49
[2025-01-09T02:19:55.774+0000][194066.140s][info][gc,metaspace] GC(7257) Metaspace: 524931K(534272K)->524931K(534272K) NonClass: 460957K(465536K)->460957K(465536K) Class: 63974K(68736K)->63974K(68736K)
[2025-01-09T02:19:55.774+0000][194066.140s][info][gc          ] GC(7257) Pause Young (Concurrent Start) (GCLocker Initiated GC) 9623M->2309M(12288M) 29.855ms
[2025-01-09T02:19:55.774+0000][194066.140s][info][gc,cpu      ] GC(7257) User=0.17s Sys=0.00s Real=0.03s
[2025-01-09T02:19:55.774+0000][194066.140s][info][gc          ] GC(7258) Concurrent Mark Cycle
[2025-01-09T02:19:55.774+0000][194066.140s][info][gc,marking  ] GC(7258) Concurrent Clear Claimed Marks
[2025-01-09T02:19:55.775+0000][194066.141s][info][gc,marking  ] GC(7258) Concurrent Clear Claimed Marks 0.980ms
[2025-01-09T02:19:55.775+0000][194066.141s][info][gc,marking  ] GC(7258) Concurrent Scan Root Regions
[2025-01-09T02:19:55.802+0000][194066.168s][info][gc,marking  ] GC(7258) Concurrent Scan Root Regions 27.091ms
[2025-01-09T02:19:55.802+0000][194066.168s][info][gc,marking  ] GC(7258) Concurrent Mark
[2025-01-09T02:19:55.802+0000][194066.168s][info][gc,marking  ] GC(7258) Concurrent Mark From Roots
[2025-01-09T02:19:55.802+0000][194066.168s][info][gc,task     ] GC(7258) Using 2 workers of 2 for marking
[2025-01-09T02:19:56.777+0000][194067.143s][info][gc,marking  ] GC(7258) Concurrent Mark From Roots 974.782ms
[2025-01-09T02:19:56.777+0000][194067.143s][info][gc,marking  ] GC(7258) Concurrent Preclean
[2025-01-09T02:19:56.781+0000][194067.147s][info][gc,marking  ] GC(7258) Concurrent Preclean 3.909ms
[2025-01-09T02:19:56.781+0000][194067.147s][info][gc,start    ] GC(7258) Pause Remark
[2025-01-09T02:19:56.806+0000][194067.172s][info][gc          ] GC(7258) Pause Remark 3429M->3429M(12288M) 25.348ms
[2025-01-09T02:19:56.806+0000][194067.172s][info][gc,cpu      ] GC(7258) User=0.14s Sys=0.00s Real=0.03s
[2025-01-09T02:19:56.807+0000][194067.173s][info][gc,marking  ] GC(7258) Concurrent Mark 1004.517ms
[2025-01-09T02:19:56.807+0000][194067.173s][info][gc,marking  ] GC(7258) Concurrent Rebuild Remembered Sets
[2025-01-09T02:19:57.521+0000][194067.887s][info][gc,marking  ] GC(7258) Concurrent Rebuild Remembered Sets 714.248ms
[2025-01-09T02:19:57.521+0000][194067.887s][info][gc,start    ] GC(7258) Pause Cleanup
[2025-01-09T02:19:57.521+0000][194067.887s][info][gc          ] GC(7258) Pause Cleanup 4261M->4261M(12288M) 0.417ms
[2025-01-09T02:19:57.521+0000][194067.887s][info][gc,cpu      ] GC(7258) User=0.00s Sys=0.00s Real=0.00s
[2025-01-09T02:19:57.522+0000][194067.888s][info][gc,marking  ] GC(7258) Concurrent Cleanup for Next Mark
[2025-01-09T02:19:57.538+0000][194067.904s][info][gc,marking  ] GC(7258) Concurrent Cleanup for Next Mark 16.366ms
[2025-01-09T02:19:57.538+0000][194067.904s][info][gc          ] GC(7258) Concurrent Mark Cycle 1764.061ms
[2025-01-09T02:20:01.547+0000][194071.913s][info][gc,start    ] GC(7259) Pause Young (Prepare Mixed) (GCLocker Initiated GC)
[2025-01-09T02:20:01.547+0000][194071.913s][info][gc,task     ] GC(7259) Using 6 workers of 6 for evacuation
[2025-01-09T02:20:01.582+0000][194071.948s][info][gc,phases   ] GC(7259)   Pre Evacuate Collection Set: 0.2ms
[2025-01-09T02:20:01.582+0000][194071.948s][info][gc,phases   ] GC(7259)   Merge Heap Roots: 0.7ms
[2025-01-09T02:20:01.582+0000][194071.948s][info][gc,phases   ] GC(7259)   Evacuate Collection Set: 31.2ms
[2025-01-09T02:20:01.582+0000][194071.948s][info][gc,phases   ] GC(7259)   Post Evacuate Collection Set: 2.7ms
[2025-01-09T02:20:01.582+0000][194071.948s][info][gc,phases   ] GC(7259)   Other: 0.2ms
[2025-01-09T02:20:01.582+0000][194071.948s][info][gc,heap     ] GC(7259) Eden regions: 913->0(67)
[2025-01-09T02:20:01.582+0000][194071.948s][info][gc,heap     ] GC(7259) Survivor regions: 8->9(116)
[2025-01-09T02:20:01.582+0000][194071.948s][info][gc,heap     ] GC(7259) Old regions: 232->232
[2025-01-09T02:20:01.582+0000][194071.948s][info][gc,heap     ] GC(7259) Archive regions: 2->2
[2025-01-09T02:20:01.582+0000][194071.948s][info][gc,heap     ] GC(7259) Humongous regions: 49->49
[2025-01-09T02:20:01.582+0000][194071.948s][info][gc,metaspace] GC(7259) Metaspace: 524931K(534272K)->524931K(534272K) NonClass: 460957K(465536K)->460957K(465536K) Class: 63974K(68736K)->63974K(68736K)
[2025-01-09T02:20:01.582+0000][194071.948s][info][gc          ] GC(7259) Pause Young (Prepare Mixed) (GCLocker Initiated GC) 9613M->2319M(12288M) 35.010ms
[2025-01-09T02:20:01.582+0000][194071.948s][info][gc,cpu      ] GC(7259) User=0.20s Sys=0.00s Real=0.04s
[2025-01-09T02:20:01.942+0000][194072.308s][info][gc,start    ] GC(7260) Pause Young (Mixed) (GCLocker Initiated GC)
[2025-01-09T02:20:01.942+0000][194072.308s][info][gc,task     ] GC(7260) Using 6 workers of 6 for evacuation
[2025-01-09T02:20:01.996+0000][194072.362s][info][gc,phases   ] GC(7260)   Pre Evacuate Collection Set: 0.2ms
[2025-01-09T02:20:01.996+0000][194072.362s][info][gc,phases   ] GC(7260)   Merge Heap Roots: 0.5ms
[2025-01-09T02:20:01.996+0000][194072.362s][info][gc,phases   ] GC(7260)   Evacuate Collection Set: 51.1ms
[2025-01-09T02:20:01.996+0000][194072.362s][info][gc,phases   ] GC(7260)   Post Evacuate Collection Set: 1.6ms
[2025-01-09T02:20:01.996+0000][194072.362s][info][gc,phases   ] GC(7260)   Other: 0.2ms
[2025-01-09T02:20:01.996+0000][194072.362s][info][gc,heap     ] GC(7260) Eden regions: 68->0(915)
[2025-01-09T02:20:01.996+0000][194072.362s][info][gc,heap     ] GC(7260) Survivor regions: 9->6(10)
[2025-01-09T02:20:01.996+0000][194072.362s][info][gc,heap     ] GC(7260) Old regions: 232->231
[2025-01-09T02:20:01.996+0000][194072.362s][info][gc,heap     ] GC(7260) Archive regions: 2->2
[2025-01-09T02:20:01.996+0000][194072.362s][info][gc,heap     ] GC(7260) Humongous regions: 49->49
[2025-01-09T02:20:01.996+0000][194072.362s][info][gc,metaspace] GC(7260) Metaspace: 524931K(534272K)->524931K(534272K) NonClass: 460957K(465536K)->460957K(465536K) Class: 63974K(68736K)->63974K(68736K)
[2025-01-09T02:20:01.996+0000][194072.362s][info][gc          ] GC(7260) Pause Young (Mixed) (GCLocker Initiated GC) 2857M->2280M(12288M) 53.658ms
[2025-01-09T02:20:01.996+0000][194072.362s][info][gc,cpu      ] GC(7260) User=0.32s Sys=0.00s Real=0.05s
[2025-01-09T02:20:09.506+0000][194079.873s][info][gc,start    ] GC(7261) Pause Young (Normal) (GCLocker Initiated GC)
[2025-01-09T02:20:09.506+0000][194079.873s][info][gc,task     ] GC(7261) Using 6 workers of 6 for evacuation
[2025-01-09T02:20:09.532+0000][194079.898s][info][gc,phases   ] GC(7261)   Pre Evacuate Collection Set: 0.2ms
[2025-01-09T02:20:09.532+0000][194079.898s][info][gc,phases   ] GC(7261)   Merge Heap Roots: 0.4ms
[2025-01-09T02:20:09.532+0000][194079.898s][info][gc,phases   ] GC(7261)   Evacuate Collection Set: 22.5ms
[2025-01-09T02:20:09.532+0000][194079.898s][info][gc,phases   ] GC(7261)   Post Evacuate Collection Set: 2.6ms
[2025-01-09T02:20:09.532+0000][194079.898s][info][gc,phases   ] GC(7261)   Other: 0.2ms
[2025-01-09T02:20:09.532+0000][194079.898s][info][gc,heap     ] GC(7261) Eden regions: 916->0(915)
[2025-01-09T02:20:09.532+0000][194079.898s][info][gc,heap     ] GC(7261) Survivor regions: 6->6(116)
[2025-01-09T02:20:09.532+0000][194079.898s][info][gc,heap     ] GC(7261) Old regions: 231->231
[2025-01-09T02:20:09.532+0000][194079.898s][info][gc,heap     ] GC(7261) Archive regions: 2->2
[2025-01-09T02:20:09.532+0000][194079.898s][info][gc,heap     ] GC(7261) Humongous regions: 49->49
[2025-01-09T02:20:09.532+0000][194079.898s][info][gc,metaspace] GC(7261) Metaspace: 524931K(534272K)->524931K(534272K) NonClass: 460957K(465536K)->460957K(465536K) Class: 63974K(68736K)->63974K(68736K)
[2025-01-09T02:20:09.532+0000][194079.898s][info][gc          ] GC(7261) Pause Young (Normal) (GCLocker Initiated GC) 9604M->2285M(12288M) 25.910ms
[2025-01-09T02:20:09.532+0000][194079.899s][info][gc,cpu      ] GC(7261) User=0.15s Sys=0.00s Real=0.03s
[2025-01-09T02:20:20.375+0000][194090.741s][info][gc,start    ] GC(7262) Pause Young (Normal) (GCLocker Initiated GC)
[2025-01-09T02:20:20.375+0000][194090.741s][info][gc,task     ] GC(7262) Using 6 workers of 6 for evacuation
[2025-01-09T02:20:20.404+0000][194090.770s][info][gc,phases   ] GC(7262)   Pre Evacuate Collection Set: 0.2ms
[2025-01-09T02:20:20.404+0000][194090.770s][info][gc,phases   ] GC(7262)   Merge Heap Roots: 0.4ms
[2025-01-09T02:20:20.404+0000][194090.770s][info][gc,phases   ] GC(7262)   Evacuate Collection Set: 25.8ms
[2025-01-09T02:20:20.404+0000][194090.770s][info][gc,phases   ] GC(7262)   Post Evacuate Collection Set: 2.6ms
[2025-01-09T02:20:20.404+0000][194090.770s][info][gc,phases   ] GC(7262)   Other: 0.2ms
[2025-01-09T02:20:20.404+0000][194090.771s][info][gc,heap     ] GC(7262) Eden regions: 916->0(914)
[2025-01-09T02:20:20.404+0000][194090.771s][info][gc,heap     ] GC(7262) Survivor regions: 6->7(116)
[2025-01-09T02:20:20.404+0000][194090.771s][info][gc,heap     ] GC(7262) Old regions: 231->231
[2025-01-09T02:20:20.404+0000][194090.771s][info][gc,heap     ] GC(7262) Archive regions: 2->2
[2025-01-09T02:20:20.404+0000][194090.771s][info][gc,heap     ] GC(7262) Humongous regions: 49->49
[2025-01-09T02:20:20.404+0000][194090.771s][info][gc,metaspace] GC(7262) Metaspace: 524931K(534272K)->524931K(534272K) NonClass: 460957K(465536K)->460957K(465536K) Class: 63974K(68736K)->63974K(68736K)
[2025-01-09T02:20:20.404+0000][194090.771s][info][gc          ] GC(7262) Pause Young (Normal) (GCLocker Initiated GC) 9609M->2294M(12288M) 29.304ms
[2025-01-09T02:20:20.405+0000][194090.771s][info][gc,cpu      ] GC(7262) User=0.17s Sys=0.00s Real=0.03s
[2025-01-09T02:20:30.228+0000][194100.594s][info][gc,start    ] GC(7263) Pause Young (Concurrent Start) (GCLocker Initiated GC)
[2025-01-09T02:20:30.228+0000][194100.594s][info][gc,task     ] GC(7263) Using 6 workers of 6 for evacuation
[2025-01-09T02:20:30.267+0000][194100.633s][info][gc,phases   ] GC(7263)   Pre Evacuate Collection Set: 1.1ms
[2025-01-09T02:20:30.267+0000][194100.633s][info][gc,phases   ] GC(7263)   Merge Heap Roots: 0.5ms
[2025-01-09T02:20:30.267+0000][194100.633s][info][gc,phases   ] GC(7263)   Evacuate Collection Set: 31.4ms
[2025-01-09T02:20:30.267+0000][194100.633s][info][gc,phases   ] GC(7263)   Post Evacuate Collection Set: 5.2ms
[2025-01-09T02:20:30.267+0000][194100.633s][info][gc,phases   ] GC(7263)   Other: 0.3ms
[2025-01-09T02:20:30.267+0000][194100.633s][info][gc,heap     ] GC(7263) Eden regions: 915->0(911)
[2025-01-09T02:20:30.267+0000][194100.633s][info][gc,heap     ] GC(7263) Survivor regions: 7->10(116)
[2025-01-09T02:20:30.267+0000][194100.633s][info][gc,heap     ] GC(7263) Old regions: 231->231
[2025-01-09T02:20:30.267+0000][194100.633s][info][gc,heap     ] GC(7263) Archive regions: 2->2
[2025-01-09T02:20:30.267+0000][194100.633s][info][gc,heap     ] GC(7263) Humongous regions: 49->49
[2025-01-09T02:20:30.267+0000][194100.633s][info][gc,metaspace] GC(7263) Metaspace: 524931K(534272K)->524931K(534272K) NonClass: 460957K(465536K)->460957K(465536K) Class: 63974K(68736K)->63974K(68736K)
[2025-01-09T02:20:30.267+0000][194100.633s][info][gc          ] GC(7263) Pause Young (Concurrent Start) (GCLocker Initiated GC) 9607M->2320M(12288M) 38.514ms
[2025-01-09T02:20:30.267+0000][194100.633s][info][gc,cpu      ] GC(7263) User=0.22s Sys=0.00s Real=0.04s
[2025-01-09T02:20:30.267+0000][194100.633s][info][gc          ] GC(7264) Concurrent Mark Cycle
[2025-01-09T02:20:30.267+0000][194100.633s][info][gc,marking  ] GC(7264) Concurrent Clear Claimed Marks
[2025-01-09T02:20:30.268+0000][194100.634s][info][gc,marking  ] GC(7264) Concurrent Clear Claimed Marks 0.909ms
[2025-01-09T02:20:30.268+0000][194100.634s][info][gc,marking  ] GC(7264) Concurrent Scan Root Regions
[2025-01-09T02:20:30.296+0000][194100.662s][info][gc,marking  ] GC(7264) Concurrent Scan Root Regions 27.836ms
[2025-01-09T02:20:30.296+0000][194100.662s][info][gc,marking  ] GC(7264) Concurrent Mark
[2025-01-09T02:20:30.296+0000][194100.662s][info][gc,marking  ] GC(7264) Concurrent Mark From Roots
[2025-01-09T02:20:30.296+0000][194100.662s][info][gc,task     ] GC(7264) Using 2 workers of 2 for marking
[2025-01-09T02:20:31.159+0000][194101.525s][info][gc,marking  ] GC(7264) Concurrent Mark From Roots 863.125ms
[2025-01-09T02:20:31.159+0000][194101.525s][info][gc,marking  ] GC(7264) Concurrent Preclean
[2025-01-09T02:20:31.162+0000][194101.528s][info][gc,marking  ] GC(7264) Concurrent Preclean 2.782ms
[2025-01-09T02:20:31.162+0000][194101.528s][info][gc,start    ] GC(7264) Pause Remark
[2025-01-09T02:20:31.187+0000][194101.553s][info][gc          ] GC(7264) Pause Remark 2736M->2736M(12288M) 25.531ms
[2025-01-09T02:20:31.187+0000][194101.553s][info][gc,cpu      ] GC(7264) User=0.14s Sys=0.00s Real=0.02s
[2025-01-09T02:20:31.187+0000][194101.554s][info][gc,marking  ] GC(7264) Concurrent Mark 891.759ms
[2025-01-09T02:20:31.188+0000][194101.554s][info][gc,marking  ] GC(7264) Concurrent Rebuild Remembered Sets
[2025-01-09T02:20:31.801+0000][194102.167s][info][gc,marking  ] GC(7264) Concurrent Rebuild Remembered Sets 613.578ms
[2025-01-09T02:20:31.801+0000][194102.167s][info][gc,start    ] GC(7264) Pause Cleanup
[2025-01-09T02:20:31.802+0000][194102.168s][info][gc          ] GC(7264) Pause Cleanup 3268M->3268M(12288M) 0.462ms
[2025-01-09T02:20:31.802+0000][194102.168s][info][gc,cpu      ] GC(7264) User=0.00s Sys=0.00s Real=0.01s
[2025-01-09T02:20:31.802+0000][194102.168s][info][gc,marking  ] GC(7264) Concurrent Cleanup for Next Mark
[2025-01-09T02:20:31.821+0000][194102.187s][info][gc,marking  ] GC(7264) Concurrent Cleanup for Next Mark 18.953ms
[2025-01-09T02:20:31.821+0000][194102.187s][info][gc          ] GC(7264) Concurrent Mark Cycle 1554.026ms
[2025-01-09T02:20:38.269+0000][194108.635s][info][gc,start    ] GC(7265) Pause Young (Prepare Mixed) (G1 Evacuation Pause)
[2025-01-09T02:20:38.269+0000][194108.635s][info][gc,task     ] GC(7265) Using 6 workers of 6 for evacuation
[2025-01-09T02:20:38.310+0000][194108.676s][info][gc,phases   ] GC(7265)   Pre Evacuate Collection Set: 0.2ms
[2025-01-09T02:20:38.310+0000][194108.676s][info][gc,phases   ] GC(7265)   Merge Heap Roots: 0.7ms
[2025-01-09T02:20:38.310+0000][194108.676s][info][gc,phases   ] GC(7265)   Evacuate Collection Set: 35.1ms
[2025-01-09T02:20:38.310+0000][194108.676s][info][gc,phases   ] GC(7265)   Post Evacuate Collection Set: 4.1ms
[2025-01-09T02:20:38.310+0000][194108.676s][info][gc,phases   ] GC(7265)   Other: 0.2ms
[2025-01-09T02:20:38.310+0000][194108.676s][info][gc,heap     ] GC(7265) Eden regions: 911->0(65)
[2025-01-09T02:20:38.310+0000][194108.676s][info][gc,heap     ] GC(7265) Survivor regions: 10->11(116)
[2025-01-09T02:20:38.310+0000][194108.676s][info][gc,heap     ] GC(7265) Old regions: 231->231
[2025-01-09T02:20:38.310+0000][194108.676s][info][gc,heap     ] GC(7265) Archive regions: 2->2
[2025-01-09T02:20:38.310+0000][194108.676s][info][gc,heap     ] GC(7265) Humongous regions: 49->49
[2025-01-09T02:20:38.310+0000][194108.676s][info][gc,metaspace] GC(7265) Metaspace: 524931K(534272K)->524931K(534272K) NonClass: 460957K(465536K)->460957K(465536K) Class: 63974K(68736K)->63974K(68736K)
[2025-01-09T02:20:38.310+0000][194108.676s][info][gc          ] GC(7265) Pause Young (Prepare Mixed) (G1 Evacuation Pause) 9608M->2322M(12288M) 40.440ms
[2025-01-09T02:20:38.310+0000][194108.676s][info][gc,cpu      ] GC(7265) User=0.24s Sys=0.00s Real=0.05s
[2025-01-09T02:20:38.843+0000][194109.209s][info][gc,start    ] GC(7266) Pause Young (Mixed) (GCLocker Initiated GC)
[2025-01-09T02:20:38.843+0000][194109.209s][info][gc,task     ] GC(7266) Using 6 workers of 6 for evacuation
[2025-01-09T02:20:38.920+0000][194109.287s][info][gc,phases   ] GC(7266)   Pre Evacuate Collection Set: 0.2ms
[2025-01-09T02:20:38.920+0000][194109.287s][info][gc,phases   ] GC(7266)   Merge Heap Roots: 0.7ms
[2025-01-09T02:20:38.920+0000][194109.287s][info][gc,phases   ] GC(7266)   Evacuate Collection Set: 73.9ms
[2025-01-09T02:20:38.920+0000][194109.287s][info][gc,phases   ] GC(7266)   Post Evacuate Collection Set: 2.2ms
[2025-01-09T02:20:38.920+0000][194109.287s][info][gc,phases   ] GC(7266)   Other: 0.2ms
[2025-01-09T02:20:38.920+0000][194109.287s][info][gc,heap     ] GC(7266) Eden regions: 66->0(916)
[2025-01-09T02:20:38.920+0000][194109.287s][info][gc,heap     ] GC(7266) Survivor regions: 11->5(10)
[2025-01-09T02:20:38.920+0000][194109.287s][info][gc,heap     ] GC(7266) Old regions: 231->231
[2025-01-09T02:20:38.920+0000][194109.287s][info][gc,heap     ] GC(7266) Archive regions: 2->2
[2025-01-09T02:20:38.920+0000][194109.287s][info][gc,heap     ] GC(7266) Humongous regions: 49->49
[2025-01-09T02:20:38.920+0000][194109.287s][info][gc,metaspace] GC(7266) Metaspace: 524931K(534272K)->524931K(534272K) NonClass: 460957K(465536K)->460957K(465536K) Class: 63974K(68736K)->63974K(68736K)
[2025-01-09T02:20:38.921+0000][194109.287s][info][gc          ] GC(7266) Pause Young (Mixed) (GCLocker Initiated GC) 2843M->2280M(12288M) 77.205ms
[2025-01-09T02:20:38.921+0000][194109.287s][info][gc,cpu      ] GC(7266) User=0.44s Sys=0.00s Real=0.07s
[2025-01-09T02:20:48.655+0000][194119.021s][info][gc,start    ] GC(7267) Pause Young (Normal) (GCLocker Initiated GC)
[2025-01-09T02:20:48.655+0000][194119.021s][info][gc,task     ] GC(7267) Using 6 workers of 6 for evacuation
[2025-01-09T02:20:48.684+0000][194119.050s][info][gc,phases   ] GC(7267)   Pre Evacuate Collection Set: 0.2ms
[2025-01-09T02:20:48.684+0000][194119.050s][info][gc,phases   ] GC(7267)   Merge Heap Roots: 0.5ms
[2025-01-09T02:20:48.684+0000][194119.050s][info][gc,phases   ] GC(7267)   Evacuate Collection Set: 25.6ms
[2025-01-09T02:20:48.684+0000][194119.050s][info][gc,phases   ] GC(7267)   Post Evacuate Collection Set: 2.6ms
[2025-01-09T02:20:48.684+0000][194119.050s][info][gc,phases   ] GC(7267)   Other: 0.2ms
[2025-01-09T02:20:48.684+0000][194119.050s][info][gc,heap     ] GC(7267) Eden regions: 917->0(914)
[2025-01-09T02:20:48.684+0000][194119.050s][info][gc,heap     ] GC(7267) Survivor regions: 5->7(116)
[2025-01-09T02:20:48.684+0000][194119.050s][info][gc,heap     ] GC(7267) Old regions: 231->231
[2025-01-09T02:20:48.684+0000][194119.050s][info][gc,heap     ] GC(7267) Archive regions: 2->2
[2025-01-09T02:20:48.684+0000][194119.050s][info][gc,heap     ] GC(7267) Humongous regions: 49->49
[2025-01-09T02:20:48.684+0000][194119.051s][info][gc,metaspace] GC(7267) Metaspace: 524931K(534272K)->524931K(534272K) NonClass: 460957K(465536K)->460957K(465536K) Class: 63974K(68736K)->63974K(68736K)
[2025-01-09T02:20:48.684+0000][194119.051s][info][gc          ] GC(7267) Pause Young (Normal) (GCLocker Initiated GC) 9612M->2290M(12288M) 29.057ms
[2025-01-09T02:20:48.684+0000][194119.051s][info][gc,cpu      ] GC(7267) User=0.17s Sys=0.00s Real=0.03s
[2025-01-09T02:20:59.936+0000][194130.302s][info][gc,start    ] GC(7268) Pause Young (Normal) (GCLocker Initiated GC)
[2025-01-09T02:20:59.936+0000][194130.302s][info][gc,task     ] GC(7268) Using 6 workers of 6 for evacuation
[2025-01-09T02:20:59.967+0000][194130.333s][info][gc,phases   ] GC(7268)   Pre Evacuate Collection Set: 0.2ms
[2025-01-09T02:20:59.967+0000][194130.333s][info][gc,phases   ] GC(7268)   Merge Heap Roots: 0.4ms
[2025-01-09T02:20:59.967+0000][194130.333s][info][gc,phases   ] GC(7268)   Evacuate Collection Set: 27.8ms
[2025-01-09T02:20:59.967+0000][194130.333s][info][gc,phases   ] GC(7268)   Post Evacuate Collection Set: 2.6ms
[2025-01-09T02:20:59.967+0000][194130.333s][info][gc,phases   ] GC(7268)   Other: 0.2ms
[2025-01-09T02:20:59.967+0000][194130.333s][info][gc,heap     ] GC(7268) Eden regions: 915->0(913)
[2025-01-09T02:20:59.967+0000][194130.333s][info][gc,heap     ] GC(7268) Survivor regions: 7->8(116)
[2025-01-09T02:20:59.967+0000][194130.333s][info][gc,heap     ] GC(7268) Old regions: 231->231
[2025-01-09T02:20:59.967+0000][194130.333s][info][gc,heap     ] GC(7268) Archive regions: 2->2
[2025-01-09T02:20:59.967+0000][194130.333s][info][gc,heap     ] GC(7268) Humongous regions: 49->49
[2025-01-09T02:20:59.967+0000][194130.333s][info][gc,metaspace] GC(7268) Metaspace: 524931K(534272K)->524931K(534272K) NonClass: 460957K(465536K)->460957K(465536K) Class: 63974K(68736K)->63974K(68736K)
[2025-01-09T02:20:59.967+0000][194130.333s][info][gc          ] GC(7268) Pause Young (Normal) (GCLocker Initiated GC) 9606M->2299M(12288M) 31.274ms
[2025-01-09T02:20:59.967+0000][194130.333s][info][gc,cpu      ] GC(7268) User=0.18s Sys=0.00s Real=0.03s
[2025-01-09T02:21:05.470+0000][194135.836s][info][gc,start    ] GC(7269) Pause Young (Concurrent Start) (GCLocker Initiated GC)
[2025-01-09T02:21:05.470+0000][194135.836s][info][gc,task     ] GC(7269) Using 6 workers of 6 for evacuation
[2025-01-09T02:21:05.504+0000][194135.870s][info][gc,phases   ] GC(7269)   Pre Evacuate Collection Set: 1.2ms
[2025-01-09T02:21:05.504+0000][194135.870s][info][gc,phases   ] GC(7269)   Merge Heap Roots: 0.4ms
[2025-01-09T02:21:05.504+0000][194135.870s][info][gc,phases   ] GC(7269)   Evacuate Collection Set: 29.2ms
[2025-01-09T02:21:05.504+0000][194135.870s][info][gc,phases   ] GC(7269)   Post Evacuate Collection Set: 2.5ms
[2025-01-09T02:21:05.504+0000][194135.870s][info][gc,phases   ] GC(7269)   Other: 0.3ms
[2025-01-09T02:21:05.504+0000][194135.870s][info][gc,heap     ] GC(7269) Eden regions: 914->0(913)
[2025-01-09T02:21:05.504+0000][194135.870s][info][gc,heap     ] GC(7269) Survivor regions: 8->8(116)
[2025-01-09T02:21:05.504+0000][194135.870s][info][gc,heap     ] GC(7269) Old regions: 231->231
[2025-01-09T02:21:05.504+0000][194135.870s][info][gc,heap     ] GC(7269) Archive regions: 2->2
[2025-01-09T02:21:05.504+0000][194135.870s][info][gc,heap     ] GC(7269) Humongous regions: 49->49
[2025-01-09T02:21:05.504+0000][194135.870s][info][gc,metaspace] GC(7269) Metaspace: 524931K(534272K)->524931K(534272K) NonClass: 460957K(465536K)->460957K(465536K) Class: 63974K(68736K)->63974K(68736K)
[2025-01-09T02:21:05.504+0000][194135.870s][info][gc          ] GC(7269) Pause Young (Concurrent Start) (GCLocker Initiated GC) 9607M->2304M(12288M) 33.643ms
[2025-01-09T02:21:05.504+0000][194135.870s][info][gc,cpu      ] GC(7269) User=0.19s Sys=0.01s Real=0.03s
[2025-01-09T02:21:05.504+0000][194135.870s][info][gc          ] GC(7270) Concurrent Mark Cycle
[2025-01-09T02:21:05.504+0000][194135.870s][info][gc,marking  ] GC(7270) Concurrent Clear Claimed Marks
[2025-01-09T02:21:05.505+0000][194135.871s][info][gc,marking  ] GC(7270) Concurrent Clear Claimed Marks 0.934ms
[2025-01-09T02:21:05.505+0000][194135.871s][info][gc,marking  ] GC(7270) Concurrent Scan Root Regions
[2025-01-09T02:21:05.528+0000][194135.895s][info][gc,marking  ] GC(7270) Concurrent Scan Root Regions 23.733ms
[2025-01-09T02:21:05.528+0000][194135.895s][info][gc,marking  ] GC(7270) Concurrent Mark
[2025-01-09T02:21:05.528+0000][194135.895s][info][gc,marking  ] GC(7270) Concurrent Mark From Roots
[2025-01-09T02:21:05.528+0000][194135.895s][info][gc,task     ] GC(7270) Using 2 workers of 2 for marking
[2025-01-09T02:21:06.517+0000][194136.883s][info][gc,marking  ] GC(7270) Concurrent Mark From Roots 988.897ms
[2025-01-09T02:21:06.517+0000][194136.884s][info][gc,marking  ] GC(7270) Concurrent Preclean
[2025-01-09T02:21:06.521+0000][194136.887s][info][gc,marking  ] GC(7270) Concurrent Preclean 3.789ms
[2025-01-09T02:21:06.521+0000][194136.887s][info][gc,start    ] GC(7270) Pause Remark
[2025-01-09T02:21:06.547+0000][194136.913s][info][gc          ] GC(7270) Pause Remark 3528M->3528M(12288M) 25.712ms
[2025-01-09T02:21:06.547+0000][194136.913s][info][gc,cpu      ] GC(7270) User=0.15s Sys=0.00s Real=0.03s
[2025-01-09T02:21:06.547+0000][194136.913s][info][gc,marking  ] GC(7270) Concurrent Mark 1018.794ms
[2025-01-09T02:21:06.547+0000][194136.913s][info][gc,marking  ] GC(7270) Concurrent Rebuild Remembered Sets
[2025-01-09T02:21:07.174+0000][194137.541s][info][gc,marking  ] GC(7270) Concurrent Rebuild Remembered Sets 627.123ms
[2025-01-09T02:21:07.175+0000][194137.541s][info][gc,start    ] GC(7270) Pause Cleanup
[2025-01-09T02:21:07.175+0000][194137.541s][info][gc          ] GC(7270) Pause Cleanup 4189M->4189M(12288M) 0.415ms
[2025-01-09T02:21:07.175+0000][194137.541s][info][gc,cpu      ] GC(7270) User=0.00s Sys=0.00s Real=0.00s
[2025-01-09T02:21:07.175+0000][194137.541s][info][gc,marking  ] GC(7270) Concurrent Cleanup for Next Mark
[2025-01-09T02:21:07.191+0000][194137.557s][info][gc,marking  ] GC(7270) Concurrent Cleanup for Next Mark 15.573ms
[2025-01-09T02:21:07.191+0000][194137.557s][info][gc          ] GC(7270) Concurrent Mark Cycle 1686.933ms
[2025-01-09T02:21:15.623+0000][194145.989s][info][gc,start    ] GC(7271) Pause Young (Prepare Mixed) (GCLocker Initiated GC)
[2025-01-09T02:21:15.623+0000][194145.989s][info][gc,task     ] GC(7271) Using 6 workers of 6 for evacuation
[2025-01-09T02:21:15.667+0000][194146.033s][info][gc,phases   ] GC(7271)   Pre Evacuate Collection Set: 0.2ms
[2025-01-09T02:21:15.667+0000][194146.033s][info][gc,phases   ] GC(7271)   Merge Heap Roots: 0.7ms
[2025-01-09T02:21:15.667+0000][194146.033s][info][gc,phases   ] GC(7271)   Evacuate Collection Set: 40.0ms
[2025-01-09T02:21:15.667+0000][194146.033s][info][gc,phases   ] GC(7271)   Post Evacuate Collection Set: 2.9ms
[2025-01-09T02:21:15.667+0000][194146.033s][info][gc,phases   ] GC(7271)   Other: 0.2ms
[2025-01-09T02:21:15.667+0000][194146.033s][info][gc,heap     ] GC(7271) Eden regions: 914->0(65)
[2025-01-09T02:21:15.667+0000][194146.033s][info][gc,heap     ] GC(7271) Survivor regions: 8->11(116)
[2025-01-09T02:21:15.667+0000][194146.033s][info][gc,heap     ] GC(7271) Old regions: 231->231
[2025-01-09T02:21:15.667+0000][194146.033s][info][gc,heap     ] GC(7271) Archive regions: 2->2
[2025-01-09T02:21:15.667+0000][194146.033s][info][gc,heap     ] GC(7271) Humongous regions: 49->49
[2025-01-09T02:21:15.667+0000][194146.033s][info][gc,metaspace] GC(7271) Metaspace: 524931K(534272K)->524931K(534272K) NonClass: 460957K(465536K)->460957K(465536K) Class: 63974K(68736K)->63974K(68736K)
[2025-01-09T02:21:15.667+0000][194146.033s][info][gc          ] GC(7271) Pause Young (Prepare Mixed) (GCLocker Initiated GC) 9612M->2328M(12288M) 44.046ms
[2025-01-09T02:21:15.667+0000][194146.033s][info][gc,cpu      ] GC(7271) User=0.25s Sys=0.00s Real=0.04s
[2025-01-09T02:21:16.177+0000][194146.543s][info][gc,start    ] GC(7272) Pause Young (Mixed) (GCLocker Initiated GC)
[2025-01-09T02:21:16.177+0000][194146.543s][info][gc,task     ] GC(7272) Using 6 workers of 6 for evacuation
[2025-01-09T02:21:16.246+0000][194146.612s][info][gc,phases   ] GC(7272)   Pre Evacuate Collection Set: 0.2ms
[2025-01-09T02:21:16.246+0000][194146.612s][info][gc,phases   ] GC(7272)   Merge Heap Roots: 0.7ms
[2025-01-09T02:21:16.246+0000][194146.612s][info][gc,phases   ] GC(7272)   Evacuate Collection Set: 66.1ms
[2025-01-09T02:21:16.246+0000][194146.612s][info][gc,phases   ] GC(7272)   Post Evacuate Collection Set: 1.8ms
[2025-01-09T02:21:16.246+0000][194146.612s][info][gc,phases   ] GC(7272)   Other: 0.2ms
[2025-01-09T02:21:16.246+0000][194146.612s][info][gc,heap     ] GC(7272) Eden regions: 66->0(917)
[2025-01-09T02:21:16.246+0000][194146.612s][info][gc,heap     ] GC(7272) Survivor regions: 11->4(10)
[2025-01-09T02:21:16.246+0000][194146.612s][info][gc,heap     ] GC(7272) Old regions: 231->233
[2025-01-09T02:21:16.246+0000][194146.612s][info][gc,heap     ] GC(7272) Archive regions: 2->2
[2025-01-09T02:21:16.246+0000][194146.612s][info][gc,heap     ] GC(7272) Humongous regions: 49->49
[2025-01-09T02:21:16.246+0000][194146.612s][info][gc,metaspace] GC(7272) Metaspace: 524931K(534272K)->524931K(534272K) NonClass: 460957K(465536K)->460957K(465536K) Class: 63974K(68736K)->63974K(68736K)
[2025-01-09T02:21:16.246+0000][194146.612s][info][gc          ] GC(7272) Pause Young (Mixed) (GCLocker Initiated GC) 2850M->2284M(12288M) 69.042ms
[2025-01-09T02:21:16.246+0000][194146.612s][info][gc,cpu      ] GC(7272) User=0.40s Sys=0.00s Real=0.07s
[2025-01-09T02:21:24.478+0000][194154.844s][info][gc,start    ] GC(7273) Pause Young (Normal) (GCLocker Initiated GC)
[2025-01-09T02:21:24.478+0000][194154.844s][info][gc,task     ] GC(7273) Using 6 workers of 6 for evacuation
[2025-01-09T02:21:24.506+0000][194154.872s][info][gc,phases   ] GC(7273)   Pre Evacuate Collection Set: 0.2ms
[2025-01-09T02:21:24.506+0000][194154.872s][info][gc,phases   ] GC(7273)   Merge Heap Roots: 0.4ms
[2025-01-09T02:21:24.506+0000][194154.872s][info][gc,phases   ] GC(7273)   Evacuate Collection Set: 22.1ms
[2025-01-09T02:21:24.506+0000][194154.872s][info][gc,phases   ] GC(7273)   Post Evacuate Collection Set: 5.2ms
[2025-01-09T02:21:24.506+0000][194154.872s][info][gc,phases   ] GC(7273)   Other: 0.2ms
[2025-01-09T02:21:24.506+0000][194154.872s][info][gc,heap     ] GC(7273) Eden regions: 918->0(914)
[2025-01-09T02:21:24.506+0000][194154.872s][info][gc,heap     ] GC(7273) Survivor regions: 4->7(116)
[2025-01-09T02:21:24.506+0000][194154.872s][info][gc,heap     ] GC(7273) Old regions: 233->233
[2025-01-09T02:21:24.506+0000][194154.872s][info][gc,heap     ] GC(7273) Archive regions: 2->2
[2025-01-09T02:21:24.506+0000][194154.872s][info][gc,heap     ] GC(7273) Humongous regions: 49->49
[2025-01-09T02:21:24.506+0000][194154.872s][info][gc,metaspace] GC(7273) Metaspace: 524931K(534272K)->524931K(534272K) NonClass: 460957K(465536K)->460957K(465536K) Class: 63974K(68736K)->63974K(68736K)
[2025-01-09T02:21:24.506+0000][194154.872s][info][gc          ] GC(7273) Pause Young (Normal) (GCLocker Initiated GC) 9624M->2308M(12288M) 28.183ms
[2025-01-09T02:21:24.506+0000][194154.872s][info][gc,cpu      ] GC(7273) User=0.16s Sys=0.00s Real=0.03s
[2025-01-09T02:21:33.632+0000][194163.998s][info][gc,start    ] GC(7274) Pause Young (Normal) (GCLocker Initiated GC)
[2025-01-09T02:21:33.632+0000][194163.998s][info][gc,task     ] GC(7274) Using 6 workers of 6 for evacuation
[2025-01-09T02:21:33.661+0000][194164.028s][info][gc,phases   ] GC(7274)   Pre Evacuate Collection Set: 0.2ms
[2025-01-09T02:21:33.661+0000][194164.028s][info][gc,phases   ] GC(7274)   Merge Heap Roots: 0.4ms
[2025-01-09T02:21:33.662+0000][194164.028s][info][gc,phases   ] GC(7274)   Evacuate Collection Set: 24.6ms
[2025-01-09T02:21:33.662+0000][194164.028s][info][gc,phases   ] GC(7274)   Post Evacuate Collection Set: 3.9ms
[2025-01-09T02:21:33.662+0000][194164.028s][info][gc,phases   ] GC(7274)   Other: 0.2ms
[2025-01-09T02:21:33.662+0000][194164.028s][info][gc,heap     ] GC(7274) Eden regions: 915->0(914)
[2025-01-09T02:21:33.662+0000][194164.028s][info][gc,heap     ] GC(7274) Survivor regions: 7->7(116)
[2025-01-09T02:21:33.662+0000][194164.028s][info][gc,heap     ] GC(7274) Old regions: 233->233
[2025-01-09T02:21:33.662+0000][194164.028s][info][gc,heap     ] GC(7274) Archive regions: 2->2
[2025-01-09T02:21:33.662+0000][194164.028s][info][gc,heap     ] GC(7274) Humongous regions: 49->49
[2025-01-09T02:21:33.662+0000][194164.028s][info][gc,metaspace] GC(7274) Metaspace: 524933K(534272K)->524933K(534272K) NonClass: 460958K(465536K)->460958K(465536K) Class: 63974K(68736K)->63974K(68736K)
[2025-01-09T02:21:33.662+0000][194164.028s][info][gc          ] GC(7274) Pause Young (Normal) (GCLocker Initiated GC) 9624M->2311M(12288M) 29.455ms
[2025-01-09T02:21:33.662+0000][194164.028s][info][gc,cpu      ] GC(7274) User=0.16s Sys=0.01s Real=0.03s
[2025-01-09T02:21:45.601+0000][194175.967s][info][gc,start    ] GC(7275) Pause Young (Concurrent Start) (GCLocker Initiated GC)
[2025-01-09T02:21:45.601+0000][194175.967s][info][gc,task     ] GC(7275) Using 6 workers of 6 for evacuation
[2025-01-09T02:21:45.637+0000][194176.003s][info][gc,phases   ] GC(7275)   Pre Evacuate Collection Set: 1.2ms
[2025-01-09T02:21:45.637+0000][194176.003s][info][gc,phases   ] GC(7275)   Merge Heap Roots: 0.4ms
[2025-01-09T02:21:45.637+0000][194176.003s][info][gc,phases   ] GC(7275)   Evacuate Collection Set: 30.7ms
[2025-01-09T02:21:45.637+0000][194176.003s][info][gc,phases   ] GC(7275)   Post Evacuate Collection Set: 2.7ms
[2025-01-09T02:21:45.637+0000][194176.003s][info][gc,phases   ] GC(7275)   Other: 0.3ms
[2025-01-09T02:21:45.637+0000][194176.003s][info][gc,heap     ] GC(7275) Eden regions: 915->0(913)
[2025-01-09T02:21:45.637+0000][194176.003s][info][gc,heap     ] GC(7275) Survivor regions: 7->8(116)
[2025-01-09T02:21:45.637+0000][194176.003s][info][gc,heap     ] GC(7275) Old regions: 233->233
[2025-01-09T02:21:45.637+0000][194176.003s][info][gc,heap     ] GC(7275) Archive regions: 2->2
[2025-01-09T02:21:45.637+0000][194176.003s][info][gc,heap     ] GC(7275) Humongous regions: 49->49
[2025-01-09T02:21:45.637+0000][194176.003s][info][gc,metaspace] GC(7275) Metaspace: 524933K(534272K)->524933K(534272K) NonClass: 460958K(465536K)->460958K(465536K) Class: 63974K(68736K)->63974K(68736K)
[2025-01-09T02:21:45.637+0000][194176.003s][info][gc          ] GC(7275) Pause Young (Concurrent Start) (GCLocker Initiated GC) 9627M->2316M(12288M) 35.336ms
[2025-01-09T02:21:45.637+0000][194176.003s][info][gc,cpu      ] GC(7275) User=0.20s Sys=0.00s Real=0.04s
[2025-01-09T02:21:45.637+0000][194176.003s][info][gc          ] GC(7276) Concurrent Mark Cycle
[2025-01-09T02:21:45.637+0000][194176.003s][info][gc,marking  ] GC(7276) Concurrent Clear Claimed Marks
[2025-01-09T02:21:45.638+0000][194176.004s][info][gc,marking  ] GC(7276) Concurrent Clear Claimed Marks 0.957ms
[2025-01-09T02:21:45.638+0000][194176.004s][info][gc,marking  ] GC(7276) Concurrent Scan Root Regions
[2025-01-09T02:21:45.671+0000][194176.037s][info][gc,marking  ] GC(7276) Concurrent Scan Root Regions 33.187ms
[2025-01-09T02:21:45.671+0000][194176.037s][info][gc,marking  ] GC(7276) Concurrent Mark
[2025-01-09T02:21:45.671+0000][194176.037s][info][gc,marking  ] GC(7276) Concurrent Mark From Roots
[2025-01-09T02:21:45.671+0000][194176.037s][info][gc,task     ] GC(7276) Using 2 workers of 2 for marking
[2025-01-09T02:21:46.553+0000][194176.919s][info][gc,marking  ] GC(7276) Concurrent Mark From Roots 882.324ms
[2025-01-09T02:21:46.553+0000][194176.919s][info][gc,marking  ] GC(7276) Concurrent Preclean
[2025-01-09T02:21:46.557+0000][194176.923s][info][gc,marking  ] GC(7276) Concurrent Preclean 3.737ms
[2025-01-09T02:21:46.557+0000][194176.923s][info][gc,start    ] GC(7276) Pause Remark
[2025-01-09T02:21:46.583+0000][194176.949s][info][gc          ] GC(7276) Pause Remark 3120M->3120M(12288M) 25.562ms
[2025-01-09T02:21:46.583+0000][194176.949s][info][gc,cpu      ] GC(7276) User=0.15s Sys=0.00s Real=0.03s
[2025-01-09T02:21:46.583+0000][194176.949s][info][gc,marking  ] GC(7276) Concurrent Mark 911.967ms
[2025-01-09T02:21:46.583+0000][194176.949s][info][gc,marking  ] GC(7276) Concurrent Rebuild Remembered Sets
[2025-01-09T02:21:47.341+0000][194177.707s][info][gc,marking  ] GC(7276) Concurrent Rebuild Remembered Sets 757.721ms
[2025-01-09T02:21:47.341+0000][194177.707s][info][gc,start    ] GC(7276) Pause Cleanup
[2025-01-09T02:21:47.341+0000][194177.707s][info][gc          ] GC(7276) Pause Cleanup 3920M->3920M(12288M) 0.401ms
[2025-01-09T02:21:47.341+0000][194177.707s][info][gc,cpu      ] GC(7276) User=0.00s Sys=0.00s Real=0.00s
[2025-01-09T02:21:47.341+0000][194177.707s][info][gc,marking  ] GC(7276) Concurrent Cleanup for Next Mark
[2025-01-09T02:21:47.358+0000][194177.724s][info][gc,marking  ] GC(7276) Concurrent Cleanup for Next Mark 16.397ms
[2025-01-09T02:21:47.358+0000][194177.724s][info][gc          ] GC(7276) Concurrent Mark Cycle 1720.989ms
[2025-01-09T02:21:54.428+0000][194184.795s][info][gc,start    ] GC(7277) Pause Young (Prepare Mixed) (GCLocker Initiated GC)
[2025-01-09T02:21:54.428+0000][194184.795s][info][gc,task     ] GC(7277) Using 6 workers of 6 for evacuation
[2025-01-09T02:21:54.465+0000][194184.831s][info][gc,phases   ] GC(7277)   Pre Evacuate Collection Set: 0.2ms
[2025-01-09T02:21:54.465+0000][194184.831s][info][gc,phases   ] GC(7277)   Merge Heap Roots: 0.7ms
[2025-01-09T02:21:54.465+0000][194184.831s][info][gc,phases   ] GC(7277)   Evacuate Collection Set: 32.7ms
[2025-01-09T02:21:54.465+0000][194184.831s][info][gc,phases   ] GC(7277)   Post Evacuate Collection Set: 3.1ms
[2025-01-09T02:21:54.465+0000][194184.831s][info][gc,phases   ] GC(7277)   Other: 0.2ms
[2025-01-09T02:21:54.465+0000][194184.831s][info][gc,heap     ] GC(7277) Eden regions: 914->0(67)
[2025-01-09T02:21:54.465+0000][194184.831s][info][gc,heap     ] GC(7277) Survivor regions: 8->9(116)
[2025-01-09T02:21:54.465+0000][194184.831s][info][gc,heap     ] GC(7277) Old regions: 233->233
[2025-01-09T02:21:54.465+0000][194184.831s][info][gc,heap     ] GC(7277) Archive regions: 2->2
[2025-01-09T02:21:54.465+0000][194184.831s][info][gc,heap     ] GC(7277) Humongous regions: 49->49
[2025-01-09T02:21:54.465+0000][194184.831s][info][gc,metaspace] GC(7277) Metaspace: 524933K(534272K)->524933K(534272K) NonClass: 460958K(465536K)->460958K(465536K) Class: 63974K(68736K)->63974K(68736K)
[2025-01-09T02:21:54.465+0000][194184.831s][info][gc          ] GC(7277) Pause Young (Prepare Mixed) (GCLocker Initiated GC) 9624M->2323M(12288M) 36.938ms
[2025-01-09T02:21:54.465+0000][194184.832s][info][gc,cpu      ] GC(7277) User=0.22s Sys=0.00s Real=0.04s
[2025-01-09T02:21:54.871+0000][194185.238s][info][gc,start    ] GC(7278) Pause Young (Mixed) (GCLocker Initiated GC)
[2025-01-09T02:21:54.871+0000][194185.238s][info][gc,task     ] GC(7278) Using 6 workers of 6 for evacuation
[2025-01-09T02:21:54.949+0000][194185.315s][info][gc,phases   ] GC(7278)   Pre Evacuate Collection Set: 0.2ms
[2025-01-09T02:21:54.949+0000][194185.315s][info][gc,phases   ] GC(7278)   Merge Heap Roots: 0.8ms
[2025-01-09T02:21:54.949+0000][194185.315s][info][gc,phases   ] GC(7278)   Evacuate Collection Set: 74.6ms
[2025-01-09T02:21:54.949+0000][194185.315s][info][gc,phases   ] GC(7278)   Post Evacuate Collection Set: 1.7ms
[2025-01-09T02:21:54.949+0000][194185.315s][info][gc,phases   ] GC(7278)   Other: 0.2ms
[2025-01-09T02:21:54.949+0000][194185.315s][info][gc,heap     ] GC(7278) Eden regions: 67->0(916)
[2025-01-09T02:21:54.949+0000][194185.315s][info][gc,heap     ] GC(7278) Survivor regions: 9->5(10)
[2025-01-09T02:21:54.949+0000][194185.315s][info][gc,heap     ] GC(7278) Old regions: 233->232
[2025-01-09T02:21:54.949+0000][194185.315s][info][gc,heap     ] GC(7278) Archive regions: 2->2
[2025-01-09T02:21:54.949+0000][194185.315s][info][gc,heap     ] GC(7278) Humongous regions: 49->49
[2025-01-09T02:21:54.949+0000][194185.315s][info][gc,metaspace] GC(7278) Metaspace: 524933K(534272K)->524933K(534272K) NonClass: 460958K(465536K)->460958K(465536K) Class: 63974K(68736K)->63974K(68736K)
[2025-01-09T02:21:54.949+0000][194185.315s][info][gc          ] GC(7278) Pause Young (Mixed) (GCLocker Initiated GC) 2859M->2294M(12288M) 77.594ms
[2025-01-09T02:21:54.949+0000][194185.315s][info][gc,cpu      ] GC(7278) User=0.45s Sys=0.00s Real=0.07s
[2025-01-09T02:22:00.536+0000][194190.902s][info][gc,start    ] GC(7279) Pause Young (Normal) (GCLocker Initiated GC)
[2025-01-09T02:22:00.536+0000][194190.902s][info][gc,task     ] GC(7279) Using 6 workers of 6 for evacuation
[2025-01-09T02:22:00.566+0000][194190.932s][info][gc,phases   ] GC(7279)   Pre Evacuate Collection Set: 0.2ms
[2025-01-09T02:22:00.566+0000][194190.932s][info][gc,phases   ] GC(7279)   Merge Heap Roots: 0.4ms
[2025-01-09T02:22:00.566+0000][194190.932s][info][gc,phases   ] GC(7279)   Evacuate Collection Set: 26.6ms
[2025-01-09T02:22:00.566+0000][194190.932s][info][gc,phases   ] GC(7279)   Post Evacuate Collection Set: 2.5ms
[2025-01-09T02:22:00.566+0000][194190.932s][info][gc,phases   ] GC(7279)   Other: 0.2ms
[2025-01-09T02:22:00.566+0000][194190.932s][info][gc,heap     ] GC(7279) Eden regions: 916->0(915)
[2025-01-09T02:22:00.566+0000][194190.932s][info][gc,heap     ] GC(7279) Survivor regions: 5->6(116)
[2025-01-09T02:22:00.566+0000][194190.932s][info][gc,heap     ] GC(7279) Old regions: 232->232
[2025-01-09T02:22:00.566+0000][194190.932s][info][gc,heap     ] GC(7279) Archive regions: 2->2
[2025-01-09T02:22:00.566+0000][194190.932s][info][gc,heap     ] GC(7279) Humongous regions: 49->49
[2025-01-09T02:22:00.566+0000][194190.932s][info][gc,metaspace] GC(7279) Metaspace: 524933K(534272K)->524933K(534272K) NonClass: 460958K(465536K)->460958K(465536K) Class: 63974K(68736K)->63974K(68736K)
[2025-01-09T02:22:00.566+0000][194190.932s][info][gc          ] GC(7279) Pause Young (Normal) (GCLocker Initiated GC) 9622M->2299M(12288M) 30.069ms
[2025-01-09T02:22:00.566+0000][194190.933s][info][gc,cpu      ] GC(7279) User=0.18s Sys=0.00s Real=0.03s
[2025-01-09T02:22:08.673+0000][194199.039s][info][gc,start    ] GC(7280) Pause Young (Normal) (GCLocker Initiated GC)
[2025-01-09T02:22:08.673+0000][194199.039s][info][gc,task     ] GC(7280) Using 6 workers of 6 for evacuation
[2025-01-09T02:22:08.699+0000][194199.066s][info][gc,phases   ] GC(7280)   Pre Evacuate Collection Set: 0.2ms
[2025-01-09T02:22:08.700+0000][194199.066s][info][gc,phases   ] GC(7280)   Merge Heap Roots: 0.4ms
[2025-01-09T02:22:08.700+0000][194199.066s][info][gc,phases   ] GC(7280)   Evacuate Collection Set: 23.6ms
[2025-01-09T02:22:08.700+0000][194199.066s][info][gc,phases   ] GC(7280)   Post Evacuate Collection Set: 2.6ms
[2025-01-09T02:22:08.700+0000][194199.066s][info][gc,phases   ] GC(7280)   Other: 0.2ms
[2025-01-09T02:22:08.700+0000][194199.066s][info][gc,heap     ] GC(7280) Eden regions: 916->0(915)
[2025-01-09T02:22:08.700+0000][194199.066s][info][gc,heap     ] GC(7280) Survivor regions: 6->6(116)
[2025-01-09T02:22:08.700+0000][194199.066s][info][gc,heap     ] GC(7280) Old regions: 232->232
[2025-01-09T02:22:08.700+0000][194199.066s][info][gc,heap     ] GC(7280) Archive regions: 2->2
[2025-01-09T02:22:08.700+0000][194199.066s][info][gc,heap     ] GC(7280) Humongous regions: 49->49
[2025-01-09T02:22:08.700+0000][194199.066s][info][gc,metaspace] GC(7280) Metaspace: 524933K(534272K)->524933K(534272K) NonClass: 460958K(465536K)->460958K(465536K) Class: 63974K(68736K)->63974K(68736K)
[2025-01-09T02:22:08.700+0000][194199.066s][info][gc          ] GC(7280) Pause Young (Normal) (GCLocker Initiated GC) 9623M->2299M(12288M) 27.011ms
[2025-01-09T02:22:08.700+0000][194199.066s][info][gc,cpu      ] GC(7280) User=0.15s Sys=0.00s Real=0.02s
[2025-01-09T02:22:16.755+0000][194207.122s][info][gc,start    ] GC(7281) Pause Young (Concurrent Start) (GCLocker Initiated GC)
[2025-01-09T02:22:16.756+0000][194207.122s][info][gc,task     ] GC(7281) Using 6 workers of 6 for evacuation
[2025-01-09T02:22:16.789+0000][194207.155s][info][gc,phases   ] GC(7281)   Pre Evacuate Collection Set: 1.1ms
[2025-01-09T02:22:16.789+0000][194207.155s][info][gc,phases   ] GC(7281)   Merge Heap Roots: 0.4ms
[2025-01-09T02:22:16.789+0000][194207.155s][info][gc,phases   ] GC(7281)   Evacuate Collection Set: 27.2ms
[2025-01-09T02:22:16.789+0000][194207.155s][info][gc,phases   ] GC(7281)   Post Evacuate Collection Set: 4.0ms
[2025-01-09T02:22:16.789+0000][194207.155s][info][gc,phases   ] GC(7281)   Other: 0.3ms
[2025-01-09T02:22:16.789+0000][194207.155s][info][gc,heap     ] GC(7281) Eden regions: 916->0(913)
[2025-01-09T02:22:16.789+0000][194207.155s][info][gc,heap     ] GC(7281) Survivor regions: 6->8(116)
[2025-01-09T02:22:16.789+0000][194207.155s][info][gc,heap     ] GC(7281) Old regions: 232->232
[2025-01-09T02:22:16.789+0000][194207.155s][info][gc,heap     ] GC(7281) Archive regions: 2->2
[2025-01-09T02:22:16.789+0000][194207.155s][info][gc,heap     ] GC(7281) Humongous regions: 49->49
[2025-01-09T02:22:16.789+0000][194207.155s][info][gc,metaspace] GC(7281) Metaspace: 524933K(534272K)->524933K(534272K) NonClass: 460958K(465536K)->460958K(465536K) Class: 63974K(68736K)->63974K(68736K)
[2025-01-09T02:22:16.789+0000][194207.155s][info][gc          ] GC(7281) Pause Young (Concurrent Start) (GCLocker Initiated GC) 9623M->2313M(12288M) 33.178ms
[2025-01-09T02:22:16.789+0000][194207.155s][info][gc,cpu      ] GC(7281) User=0.19s Sys=0.00s Real=0.03s
[2025-01-09T02:22:16.789+0000][194207.155s][info][gc          ] GC(7282) Concurrent Mark Cycle
[2025-01-09T02:22:16.789+0000][194207.155s][info][gc,marking  ] GC(7282) Concurrent Clear Claimed Marks
[2025-01-09T02:22:16.790+0000][194207.156s][info][gc,marking  ] GC(7282) Concurrent Clear Claimed Marks 0.989ms
[2025-01-09T02:22:16.790+0000][194207.156s][info][gc,marking  ] GC(7282) Concurrent Scan Root Regions
[2025-01-09T02:22:16.816+0000][194207.182s][info][gc,marking  ] GC(7282) Concurrent Scan Root Regions 25.968ms
[2025-01-09T02:22:16.816+0000][194207.182s][info][gc,marking  ] GC(7282) Concurrent Mark
[2025-01-09T02:22:16.816+0000][194207.182s][info][gc,marking  ] GC(7282) Concurrent Mark From Roots
[2025-01-09T02:22:16.816+0000][194207.182s][info][gc,task     ] GC(7282) Using 2 workers of 2 for marking
[2025-01-09T02:22:17.732+0000][194208.098s][info][gc,marking  ] GC(7282) Concurrent Mark From Roots 915.849ms
[2025-01-09T02:22:17.732+0000][194208.098s][info][gc,marking  ] GC(7282) Concurrent Preclean
[2025-01-09T02:22:17.735+0000][194208.101s][info][gc,marking  ] GC(7282) Concurrent Preclean 3.533ms
[2025-01-09T02:22:17.735+0000][194208.101s][info][gc,start    ] GC(7282) Pause Remark
[2025-01-09T02:22:17.761+0000][194208.127s][info][gc          ] GC(7282) Pause Remark 3545M->3545M(12288M) 25.938ms
[2025-01-09T02:22:17.761+0000][194208.127s][info][gc,cpu      ] GC(7282) User=0.15s Sys=0.00s Real=0.02s
[2025-01-09T02:22:17.761+0000][194208.128s][info][gc,marking  ] GC(7282) Concurrent Mark 945.685ms
[2025-01-09T02:22:17.761+0000][194208.128s][info][gc,marking  ] GC(7282) Concurrent Rebuild Remembered Sets
[2025-01-09T02:22:18.283+0000][194208.649s][info][gc,marking  ] GC(7282) Concurrent Rebuild Remembered Sets 521.641ms
[2025-01-09T02:22:18.283+0000][194208.649s][info][gc,start    ] GC(7282) Pause Cleanup
[2025-01-09T02:22:18.284+0000][194208.650s][info][gc          ] GC(7282) Pause Cleanup 4149M->4149M(12288M) 0.463ms
[2025-01-09T02:22:18.284+0000][194208.650s][info][gc,cpu      ] GC(7282) User=0.00s Sys=0.00s Real=0.00s
[2025-01-09T02:22:18.284+0000][194208.650s][info][gc,marking  ] GC(7282) Concurrent Cleanup for Next Mark
[2025-01-09T02:22:18.312+0000][194208.678s][info][gc,marking  ] GC(7282) Concurrent Cleanup for Next Mark 28.394ms
[2025-01-09T02:22:18.312+0000][194208.678s][info][gc          ] GC(7282) Concurrent Mark Cycle 1523.567ms
[2025-01-09T02:22:22.037+0000][194212.403s][info][gc,start    ] GC(7283) Pause Young (Prepare Mixed) (GCLocker Initiated GC)
[2025-01-09T02:22:22.037+0000][194212.403s][info][gc,task     ] GC(7283) Using 6 workers of 6 for evacuation
[2025-01-09T02:22:22.070+0000][194212.436s][info][gc,phases   ] GC(7283)   Pre Evacuate Collection Set: 0.2ms
[2025-01-09T02:22:22.070+0000][194212.436s][info][gc,phases   ] GC(7283)   Merge Heap Roots: 0.6ms
[2025-01-09T02:22:22.070+0000][194212.436s][info][gc,phases   ] GC(7283)   Evacuate Collection Set: 28.1ms
[2025-01-09T02:22:22.070+0000][194212.436s][info][gc,phases   ] GC(7283)   Post Evacuate Collection Set: 3.9ms
[2025-01-09T02:22:22.070+0000][194212.436s][info][gc,phases   ] GC(7283)   Other: 0.2ms
[2025-01-09T02:22:22.070+0000][194212.436s][info][gc,heap     ] GC(7283) Eden regions: 914->0(68)
[2025-01-09T02:22:22.070+0000][194212.436s][info][gc,heap     ] GC(7283) Survivor regions: 8->8(116)
[2025-01-09T02:22:22.070+0000][194212.436s][info][gc,heap     ] GC(7283) Old regions: 232->232
[2025-01-09T02:22:22.070+0000][194212.436s][info][gc,heap     ] GC(7283) Archive regions: 2->2
[2025-01-09T02:22:22.070+0000][194212.436s][info][gc,heap     ] GC(7283) Humongous regions: 49->49
[2025-01-09T02:22:22.070+0000][194212.436s][info][gc,metaspace] GC(7283) Metaspace: 524933K(534272K)->524933K(534272K) NonClass: 460958K(465536K)->460958K(465536K) Class: 63974K(68736K)->63974K(68736K)
[2025-01-09T02:22:22.070+0000][194212.436s][info][gc          ] GC(7283) Pause Young (Prepare Mixed) (GCLocker Initiated GC) 9621M->2318M(12288M) 33.081ms
[2025-01-09T02:22:22.070+0000][194212.436s][info][gc,cpu      ] GC(7283) User=0.19s Sys=0.00s Real=0.04s
[2025-01-09T02:22:22.516+0000][194212.882s][info][gc,start    ] GC(7284) Pause Young (Mixed) (GCLocker Initiated GC)
[2025-01-09T02:22:22.516+0000][194212.882s][info][gc,task     ] GC(7284) Using 6 workers of 6 for evacuation
[2025-01-09T02:22:22.561+0000][194212.927s][info][gc,phases   ] GC(7284)   Pre Evacuate Collection Set: 0.2ms
[2025-01-09T02:22:22.561+0000][194212.927s][info][gc,phases   ] GC(7284)   Merge Heap Roots: 0.4ms
[2025-01-09T02:22:22.561+0000][194212.927s][info][gc,phases   ] GC(7284)   Evacuate Collection Set: 42.4ms
[2025-01-09T02:22:22.561+0000][194212.927s][info][gc,phases   ] GC(7284)   Post Evacuate Collection Set: 1.7ms
[2025-01-09T02:22:22.561+0000][194212.927s][info][gc,phases   ] GC(7284)   Other: 0.2ms
[2025-01-09T02:22:22.561+0000][194212.927s][info][gc,heap     ] GC(7284) Eden regions: 69->0(915)
[2025-01-09T02:22:22.561+0000][194212.927s][info][gc,heap     ] GC(7284) Survivor regions: 8->6(10)
[2025-01-09T02:22:22.561+0000][194212.927s][info][gc,heap     ] GC(7284) Old regions: 232->229
[2025-01-09T02:22:22.561+0000][194212.927s][info][gc,heap     ] GC(7284) Archive regions: 2->2
[2025-01-09T02:22:22.561+0000][194212.927s][info][gc,heap     ] GC(7284) Humongous regions: 49->49
[2025-01-09T02:22:22.561+0000][194212.927s][info][gc,metaspace] GC(7284) Metaspace: 524933K(534272K)->524933K(534272K) NonClass: 460958K(465536K)->460958K(465536K) Class: 63974K(68736K)->63974K(68736K)
[2025-01-09T02:22:22.561+0000][194212.927s][info][gc          ] GC(7284) Pause Young (Mixed) (GCLocker Initiated GC) 2862M->2266M(12288M) 44.986ms
[2025-01-09T02:22:22.561+0000][194212.927s][info][gc,cpu      ] GC(7284) User=0.26s Sys=0.01s Real=0.04s
[2025-01-09T02:22:30.911+0000][194221.277s][info][gc,start    ] GC(7285) Pause Young (Normal) (GCLocker Initiated GC)
[2025-01-09T02:22:30.911+0000][194221.277s][info][gc,task     ] GC(7285) Using 6 workers of 6 for evacuation
[2025-01-09T02:22:30.942+0000][194221.308s][info][gc,phases   ] GC(7285)   Pre Evacuate Collection Set: 0.2ms
[2025-01-09T02:22:30.942+0000][194221.308s][info][gc,phases   ] GC(7285)   Merge Heap Roots: 0.4ms
[2025-01-09T02:22:30.942+0000][194221.308s][info][gc,phases   ] GC(7285)   Evacuate Collection Set: 25.6ms
[2025-01-09T02:22:30.942+0000][194221.308s][info][gc,phases   ] GC(7285)   Post Evacuate Collection Set: 4.1ms
[2025-01-09T02:22:30.942+0000][194221.308s][info][gc,phases   ] GC(7285)   Other: 0.2ms
[2025-01-09T02:22:30.942+0000][194221.308s][info][gc,heap     ] GC(7285) Eden regions: 916->0(914)
[2025-01-09T02:22:30.942+0000][194221.308s][info][gc,heap     ] GC(7285) Survivor regions: 6->7(116)
[2025-01-09T02:22:30.942+0000][194221.308s][info][gc,heap     ] GC(7285) Old regions: 229->229
[2025-01-09T02:22:30.942+0000][194221.308s][info][gc,heap     ] GC(7285) Archive regions: 2->2
[2025-01-09T02:22:30.942+0000][194221.308s][info][gc,heap     ] GC(7285) Humongous regions: 49->49
[2025-01-09T02:22:30.942+0000][194221.308s][info][gc,metaspace] GC(7285) Metaspace: 524933K(534272K)->524933K(534272K) NonClass: 460958K(465536K)->460958K(465536K) Class: 63974K(68736K)->63974K(68736K)
[2025-01-09T02:22:30.942+0000][194221.308s][info][gc          ] GC(7285) Pause Young (Normal) (GCLocker Initiated GC) 9590M->2278M(12288M) 30.573ms
[2025-01-09T02:22:30.942+0000][194221.308s][info][gc,cpu      ] GC(7285) User=0.18s Sys=0.00s Real=0.03s
[2025-01-09T02:22:38.258+0000][194228.624s][info][gc,start    ] GC(7286) Pause Young (Normal) (GCLocker Initiated GC)
[2025-01-09T02:22:38.258+0000][194228.624s][info][gc,task     ] GC(7286) Using 6 workers of 6 for evacuation
[2025-01-09T02:22:38.286+0000][194228.652s][info][gc,phases   ] GC(7286)   Pre Evacuate Collection Set: 0.2ms
[2025-01-09T02:22:38.286+0000][194228.652s][info][gc,phases   ] GC(7286)   Merge Heap Roots: 0.5ms
[2025-01-09T02:22:38.286+0000][194228.652s][info][gc,phases   ] GC(7286)   Evacuate Collection Set: 24.9ms
[2025-01-09T02:22:38.286+0000][194228.652s][info][gc,phases   ] GC(7286)   Post Evacuate Collection Set: 2.4ms
[2025-01-09T02:22:38.286+0000][194228.652s][info][gc,phases   ] GC(7286)   Other: 0.2ms
[2025-01-09T02:22:38.286+0000][194228.652s][info][gc,heap     ] GC(7286) Eden regions: 914->0(914)
[2025-01-09T02:22:38.286+0000][194228.652s][info][gc,heap     ] GC(7286) Survivor regions: 7->7(116)
[2025-01-09T02:22:38.286+0000][194228.652s][info][gc,heap     ] GC(7286) Old regions: 229->229
[2025-01-09T02:22:38.286+0000][194228.652s][info][gc,heap     ] GC(7286) Archive regions: 2->2
[2025-01-09T02:22:38.286+0000][194228.652s][info][gc,heap     ] GC(7286) Humongous regions: 49->49
[2025-01-09T02:22:38.286+0000][194228.652s][info][gc,metaspace] GC(7286) Metaspace: 524933K(534272K)->524933K(534272K) NonClass: 460958K(465536K)->460958K(465536K) Class: 63974K(68736K)->63974K(68736K)
[2025-01-09T02:22:38.286+0000][194228.652s][info][gc          ] GC(7286) Pause Young (Normal) (GCLocker Initiated GC) 9590M->2277M(12288M) 28.259ms
[2025-01-09T02:22:38.286+0000][194228.652s][info][gc,cpu      ] GC(7286) User=0.16s Sys=0.00s Real=0.03s
[2025-01-09T02:22:49.847+0000][194240.213s][info][gc,start    ] GC(7287) Pause Young (Concurrent Start) (GCLocker Initiated GC)
[2025-01-09T02:22:49.847+0000][194240.213s][info][gc,task     ] GC(7287) Using 6 workers of 6 for evacuation
[2025-01-09T02:22:49.882+0000][194240.248s][info][gc,phases   ] GC(7287)   Pre Evacuate Collection Set: 1.1ms
[2025-01-09T02:22:49.882+0000][194240.248s][info][gc,phases   ] GC(7287)   Merge Heap Roots: 0.5ms
[2025-01-09T02:22:49.882+0000][194240.248s][info][gc,phases   ] GC(7287)   Evacuate Collection Set: 30.2ms
[2025-01-09T02:22:49.882+0000][194240.248s][info][gc,phases   ] GC(7287)   Post Evacuate Collection Set: 2.7ms
[2025-01-09T02:22:49.882+0000][194240.248s][info][gc,phases   ] GC(7287)   Other: 0.3ms
[2025-01-09T02:22:49.882+0000][194240.248s][info][gc,heap     ] GC(7287) Eden regions: 915->0(912)
[2025-01-09T02:22:49.882+0000][194240.248s][info][gc,heap     ] GC(7287) Survivor regions: 7->9(116)
[2025-01-09T02:22:49.882+0000][194240.248s][info][gc,heap     ] GC(7287) Old regions: 229->229
[2025-01-09T02:22:49.882+0000][194240.248s][info][gc,heap     ] GC(7287) Archive regions: 2->2
[2025-01-09T02:22:49.882+0000][194240.248s][info][gc,heap     ] GC(7287) Humongous regions: 49->49
[2025-01-09T02:22:49.882+0000][194240.248s][info][gc,metaspace] GC(7287) Metaspace: 524933K(534272K)->524933K(534272K) NonClass: 460958K(465536K)->460958K(465536K) Class: 63974K(68736K)->63974K(68736K)
[2025-01-09T02:22:49.882+0000][194240.248s][info][gc          ] GC(7287) Pause Young (Concurrent Start) (GCLocker Initiated GC) 9593M->2290M(12288M) 34.826ms
[2025-01-09T02:22:49.882+0000][194240.248s][info][gc,cpu      ] GC(7287) User=0.19s Sys=0.00s Real=0.04s
[2025-01-09T02:22:49.882+0000][194240.248s][info][gc          ] GC(7288) Concurrent Mark Cycle
[2025-01-09T02:22:49.882+0000][194240.248s][info][gc,marking  ] GC(7288) Concurrent Clear Claimed Marks
[2025-01-09T02:22:49.883+0000][194240.249s][info][gc,marking  ] GC(7288) Concurrent Clear Claimed Marks 0.940ms
[2025-01-09T02:22:49.883+0000][194240.249s][info][gc,marking  ] GC(7288) Concurrent Scan Root Regions
[2025-01-09T02:22:49.910+0000][194240.276s][info][gc,marking  ] GC(7288) Concurrent Scan Root Regions 26.524ms
[2025-01-09T02:22:49.910+0000][194240.276s][info][gc,marking  ] GC(7288) Concurrent Mark
[2025-01-09T02:22:49.910+0000][194240.276s][info][gc,marking  ] GC(7288) Concurrent Mark From Roots
[2025-01-09T02:22:49.910+0000][194240.276s][info][gc,task     ] GC(7288) Using 2 workers of 2 for marking
[2025-01-09T02:22:50.753+0000][194241.119s][info][gc,marking  ] GC(7288) Concurrent Mark From Roots 842.918ms
[2025-01-09T02:22:50.753+0000][194241.119s][info][gc,marking  ] GC(7288) Concurrent Preclean
[2025-01-09T02:22:50.755+0000][194241.121s][info][gc,marking  ] GC(7288) Concurrent Preclean 2.747ms
[2025-01-09T02:22:50.756+0000][194241.122s][info][gc,start    ] GC(7288) Pause Remark
[2025-01-09T02:22:50.782+0000][194241.148s][info][gc          ] GC(7288) Pause Remark 3063M->3063M(12288M) 26.378ms
[2025-01-09T02:22:50.782+0000][194241.148s][info][gc,cpu      ] GC(7288) User=0.16s Sys=0.00s Real=0.03s
[2025-01-09T02:22:50.782+0000][194241.148s][info][gc,marking  ] GC(7288) Concurrent Mark 872.387ms
[2025-01-09T02:22:50.782+0000][194241.148s][info][gc,marking  ] GC(7288) Concurrent Rebuild Remembered Sets
[2025-01-09T02:22:51.384+0000][194241.750s][info][gc,marking  ] GC(7288) Concurrent Rebuild Remembered Sets 601.945ms
[2025-01-09T02:22:51.384+0000][194241.750s][info][gc,start    ] GC(7288) Pause Cleanup
[2025-01-09T02:22:51.385+0000][194241.751s][info][gc          ] GC(7288) Pause Cleanup 3650M->3650M(12288M) 0.431ms
[2025-01-09T02:22:51.385+0000][194241.751s][info][gc,cpu      ] GC(7288) User=0.00s Sys=0.00s Real=0.00s
[2025-01-09T02:22:51.385+0000][194241.751s][info][gc,marking  ] GC(7288) Concurrent Cleanup for Next Mark
[2025-01-09T02:22:51.405+0000][194241.771s][info][gc,marking  ] GC(7288) Concurrent Cleanup for Next Mark 19.732ms
[2025-01-09T02:22:51.405+0000][194241.771s][info][gc          ] GC(7288) Concurrent Mark Cycle 1522.439ms
[2025-01-09T02:22:56.950+0000][194247.316s][info][gc,start    ] GC(7289) Pause Young (Prepare Mixed) (GCLocker Initiated GC)
[2025-01-09T02:22:56.950+0000][194247.316s][info][gc,task     ] GC(7289) Using 6 workers of 6 for evacuation
[2025-01-09T02:22:56.988+0000][194247.354s][info][gc,phases   ] GC(7289)   Pre Evacuate Collection Set: 0.2ms
[2025-01-09T02:22:56.988+0000][194247.354s][info][gc,phases   ] GC(7289)   Merge Heap Roots: 0.7ms
[2025-01-09T02:22:56.988+0000][194247.354s][info][gc,phases   ] GC(7289)   Evacuate Collection Set: 34.0ms
[2025-01-09T02:22:56.988+0000][194247.354s][info][gc,phases   ] GC(7289)   Post Evacuate Collection Set: 2.6ms
[2025-01-09T02:22:56.988+0000][194247.354s][info][gc,phases   ] GC(7289)   Other: 0.2ms
[2025-01-09T02:22:56.988+0000][194247.354s][info][gc,heap     ] GC(7289) Eden regions: 913->0(66)
[2025-01-09T02:22:56.988+0000][194247.354s][info][gc,heap     ] GC(7289) Survivor regions: 9->10(116)
[2025-01-09T02:22:56.988+0000][194247.354s][info][gc,heap     ] GC(7289) Old regions: 229->229
[2025-01-09T02:22:56.988+0000][194247.354s][info][gc,heap     ] GC(7289) Archive regions: 2->2
[2025-01-09T02:22:56.988+0000][194247.354s][info][gc,heap     ] GC(7289) Humongous regions: 49->49
[2025-01-09T02:22:56.988+0000][194247.354s][info][gc,metaspace] GC(7289) Metaspace: 524933K(534272K)->524933K(534272K) NonClass: 460958K(465536K)->460958K(465536K) Class: 63974K(68736K)->63974K(68736K)
[2025-01-09T02:22:56.988+0000][194247.354s][info][gc          ] GC(7289) Pause Young (Prepare Mixed) (GCLocker Initiated GC) 9590M->2302M(12288M) 37.834ms
[2025-01-09T02:22:56.988+0000][194247.354s][info][gc,cpu      ] GC(7289) User=0.22s Sys=0.00s Real=0.03s
[2025-01-09T02:22:57.336+0000][194247.702s][info][gc,start    ] GC(7290) Pause Young (Mixed) (G1 Evacuation Pause)
[2025-01-09T02:22:57.336+0000][194247.702s][info][gc,task     ] GC(7290) Using 6 workers of 6 for evacuation
[2025-01-09T02:22:57.408+0000][194247.775s][info][gc,phases   ] GC(7290)   Pre Evacuate Collection Set: 0.2ms
[2025-01-09T02:22:57.408+0000][194247.775s][info][gc,phases   ] GC(7290)   Merge Heap Roots: 0.7ms
[2025-01-09T02:22:57.408+0000][194247.775s][info][gc,phases   ] GC(7290)   Evacuate Collection Set: 69.9ms
[2025-01-09T02:22:57.408+0000][194247.775s][info][gc,phases   ] GC(7290)   Post Evacuate Collection Set: 1.9ms
[2025-01-09T02:22:57.408+0000][194247.775s][info][gc,phases   ] GC(7290)   Other: 0.2ms
[2025-01-09T02:22:57.408+0000][194247.775s][info][gc,heap     ] GC(7290) Eden regions: 66->0(916)
[2025-01-09T02:22:57.408+0000][194247.775s][info][gc,heap     ] GC(7290) Survivor regions: 10->5(10)
[2025-01-09T02:22:57.408+0000][194247.775s][info][gc,heap     ] GC(7290) Old regions: 229->228
[2025-01-09T02:22:57.408+0000][194247.775s][info][gc,heap     ] GC(7290) Archive regions: 2->2
[2025-01-09T02:22:57.409+0000][194247.775s][info][gc,heap     ] GC(7290) Humongous regions: 49->49
[2025-01-09T02:22:57.409+0000][194247.775s][info][gc,metaspace] GC(7290) Metaspace: 524933K(534272K)->524933K(534272K) NonClass: 460958K(465536K)->460958K(465536K) Class: 63974K(68736K)->63974K(68736K)
[2025-01-09T02:22:57.409+0000][194247.775s][info][gc          ] GC(7290) Pause Young (Mixed) (G1 Evacuation Pause) 2830M->2255M(12288M) 72.848ms
[2025-01-09T02:22:57.409+0000][194247.775s][info][gc,cpu      ] GC(7290) User=0.42s Sys=0.00s Real=0.07s
[2025-01-09T02:23:07.028+0000][194257.394s][info][gc,start    ] GC(7291) Pause Young (Normal) (GCLocker Initiated GC)
[2025-01-09T02:23:07.028+0000][194257.394s][info][gc,task     ] GC(7291) Using 6 workers of 6 for evacuation
[2025-01-09T02:23:07.054+0000][194257.420s][info][gc,phases   ] GC(7291)   Pre Evacuate Collection Set: 0.2ms
[2025-01-09T02:23:07.054+0000][194257.420s][info][gc,phases   ] GC(7291)   Merge Heap Roots: 0.4ms
[2025-01-09T02:23:07.054+0000][194257.420s][info][gc,phases   ] GC(7291)   Evacuate Collection Set: 22.3ms
[2025-01-09T02:23:07.054+0000][194257.420s][info][gc,phases   ] GC(7291)   Post Evacuate Collection Set: 2.7ms
[2025-01-09T02:23:07.054+0000][194257.420s][info][gc,phases   ] GC(7291)   Other: 0.2ms
[2025-01-09T02:23:07.054+0000][194257.420s][info][gc,heap     ] GC(7291) Eden regions: 917->0(915)
[2025-01-09T02:23:07.054+0000][194257.420s][info][gc,heap     ] GC(7291) Survivor regions: 5->6(116)
[2025-01-09T02:23:07.054+0000][194257.420s][info][gc,heap     ] GC(7291) Old regions: 228->228
[2025-01-09T02:23:07.054+0000][194257.420s][info][gc,heap     ] GC(7291) Archive regions: 2->2
[2025-01-09T02:23:07.054+0000][194257.420s][info][gc,heap     ] GC(7291) Humongous regions: 49->49
[2025-01-09T02:23:07.054+0000][194257.420s][info][gc,metaspace] GC(7291) Metaspace: 524935K(534272K)->524935K(534272K) NonClass: 460960K(465536K)->460960K(465536K) Class: 63974K(68736K)->63974K(68736K)
[2025-01-09T02:23:07.054+0000][194257.420s][info][gc          ] GC(7291) Pause Young (Normal) (GCLocker Initiated GC) 9587M->2264M(12288M) 25.894ms
[2025-01-09T02:23:07.054+0000][194257.420s][info][gc,cpu      ] GC(7291) User=0.15s Sys=0.00s Real=0.03s
[2025-01-09T02:23:19.357+0000][194269.723s][info][gc,start    ] GC(7292) Pause Young (Normal) (GCLocker Initiated GC)
[2025-01-09T02:23:19.357+0000][194269.723s][info][gc,task     ] GC(7292) Using 6 workers of 6 for evacuation
[2025-01-09T02:23:19.390+0000][194269.757s][info][gc,phases   ] GC(7292)   Pre Evacuate Collection Set: 0.2ms
[2025-01-09T02:23:19.391+0000][194269.757s][info][gc,phases   ] GC(7292)   Merge Heap Roots: 0.4ms
[2025-01-09T02:23:19.391+0000][194269.757s][info][gc,phases   ] GC(7292)   Evacuate Collection Set: 27.8ms
[2025-01-09T02:23:19.391+0000][194269.757s][info][gc,phases   ] GC(7292)   Post Evacuate Collection Set: 5.3ms
[2025-01-09T02:23:19.391+0000][194269.757s][info][gc,phases   ] GC(7292)   Other: 0.2ms
[2025-01-09T02:23:19.391+0000][194269.757s][info][gc,heap     ] GC(7292) Eden regions: 916->0(912)
[2025-01-09T02:23:19.391+0000][194269.757s][info][gc,heap     ] GC(7292) Survivor regions: 6->9(116)
[2025-01-09T02:23:19.391+0000][194269.757s][info][gc,heap     ] GC(7292) Old regions: 228->228
[2025-01-09T02:23:19.391+0000][194269.757s][info][gc,heap     ] GC(7292) Archive regions: 2->2
[2025-01-09T02:23:19.391+0000][194269.757s][info][gc,heap     ] GC(7292) Humongous regions: 49->49
[2025-01-09T02:23:19.391+0000][194269.757s][info][gc,metaspace] GC(7292) Metaspace: 524935K(534272K)->524935K(534272K) NonClass: 460960K(465536K)->460960K(465536K) Class: 63974K(68736K)->63974K(68736K)
[2025-01-09T02:23:19.391+0000][194269.757s][info][gc          ] GC(7292) Pause Young (Normal) (GCLocker Initiated GC) 9584M->2288M(12288M) 34.030ms
[2025-01-09T02:23:19.391+0000][194269.757s][info][gc,cpu      ] GC(7292) User=0.20s Sys=0.00s Real=0.04s
[2025-01-09T02:23:31.437+0000][194281.804s][info][gc,start    ] GC(7293) Pause Young (Concurrent Start) (GCLocker Initiated GC)
[2025-01-09T02:23:31.438+0000][194281.804s][info][gc,task     ] GC(7293) Using 6 workers of 6 for evacuation
[2025-01-09T02:23:31.476+0000][194281.842s][info][gc,phases   ] GC(7293)   Pre Evacuate Collection Set: 1.2ms
[2025-01-09T02:23:31.476+0000][194281.842s][info][gc,phases   ] GC(7293)   Merge Heap Roots: 0.5ms
[2025-01-09T02:23:31.476+0000][194281.842s][info][gc,phases   ] GC(7293)   Evacuate Collection Set: 32.4ms
[2025-01-09T02:23:31.476+0000][194281.842s][info][gc,phases   ] GC(7293)   Post Evacuate Collection Set: 4.2ms
[2025-01-09T02:23:31.476+0000][194281.842s][info][gc,phases   ] GC(7293)   Other: 0.3ms
[2025-01-09T02:23:31.476+0000][194281.842s][info][gc,heap     ] GC(7293) Eden regions: 913->0(911)
[2025-01-09T02:23:31.476+0000][194281.842s][info][gc,heap     ] GC(7293) Survivor regions: 9->10(116)
[2025-01-09T02:23:31.476+0000][194281.842s][info][gc,heap     ] GC(7293) Old regions: 228->228
[2025-01-09T02:23:31.476+0000][194281.842s][info][gc,heap     ] GC(7293) Archive regions: 2->2
[2025-01-09T02:23:31.476+0000][194281.842s][info][gc,heap     ] GC(7293) Humongous regions: 49->49
[2025-01-09T02:23:31.476+0000][194281.842s][info][gc,metaspace] GC(7293) Metaspace: 524935K(534272K)->524935K(534272K) NonClass: 460960K(465536K)->460960K(465536K) Class: 63974K(68736K)->63974K(68736K)
[2025-01-09T02:23:31.476+0000][194281.842s][info][gc          ] GC(7293) Pause Young (Concurrent Start) (GCLocker Initiated GC) 9588M->2297M(12288M) 38.557ms
[2025-01-09T02:23:31.476+0000][194281.842s][info][gc,cpu      ] GC(7293) User=0.22s Sys=0.00s Real=0.04s
[2025-01-09T02:23:31.476+0000][194281.842s][info][gc          ] GC(7294) Concurrent Mark Cycle
[2025-01-09T02:23:31.476+0000][194281.842s][info][gc,marking  ] GC(7294) Concurrent Clear Claimed Marks
[2025-01-09T02:23:31.477+0000][194281.843s][info][gc,marking  ] GC(7294) Concurrent Clear Claimed Marks 0.966ms
[2025-01-09T02:23:31.477+0000][194281.843s][info][gc,marking  ] GC(7294) Concurrent Scan Root Regions
[2025-01-09T02:23:31.512+0000][194281.878s][info][gc,marking  ] GC(7294) Concurrent Scan Root Regions 34.912ms
[2025-01-09T02:23:31.512+0000][194281.878s][info][gc,marking  ] GC(7294) Concurrent Mark
[2025-01-09T02:23:31.512+0000][194281.878s][info][gc,marking  ] GC(7294) Concurrent Mark From Roots
[2025-01-09T02:23:31.512+0000][194281.878s][info][gc,task     ] GC(7294) Using 2 workers of 2 for marking
[2025-01-09T02:23:32.396+0000][194282.762s][info][gc,marking  ] GC(7294) Concurrent Mark From Roots 884.263ms
[2025-01-09T02:23:32.396+0000][194282.762s][info][gc,marking  ] GC(7294) Concurrent Preclean
[2025-01-09T02:23:32.400+0000][194282.766s][info][gc,marking  ] GC(7294) Concurrent Preclean 3.435ms
[2025-01-09T02:23:32.400+0000][194282.766s][info][gc,start    ] GC(7294) Pause Remark
[2025-01-09T02:23:32.426+0000][194282.792s][info][gc          ] GC(7294) Pause Remark 3101M->3101M(12288M) 25.931ms
[2025-01-09T02:23:32.426+0000][194282.792s][info][gc,cpu      ] GC(7294) User=0.15s Sys=0.00s Real=0.03s
[2025-01-09T02:23:32.426+0000][194282.792s][info][gc,marking  ] GC(7294) Concurrent Mark 913.981ms
[2025-01-09T02:23:32.426+0000][194282.792s][info][gc,marking  ] GC(7294) Concurrent Rebuild Remembered Sets
[2025-01-09T02:23:33.010+0000][194283.376s][info][gc,marking  ] GC(7294) Concurrent Rebuild Remembered Sets 584.199ms
[2025-01-09T02:23:33.010+0000][194283.377s][info][gc,start    ] GC(7294) Pause Cleanup
[2025-01-09T02:23:33.011+0000][194283.377s][info][gc          ] GC(7294) Pause Cleanup 3605M->3605M(12288M) 0.426ms
[2025-01-09T02:23:33.011+0000][194283.377s][info][gc,cpu      ] GC(7294) User=0.00s Sys=0.00s Real=0.00s
[2025-01-09T02:23:33.011+0000][194283.377s][info][gc,marking  ] GC(7294) Concurrent Cleanup for Next Mark
[2025-01-09T02:23:33.026+0000][194283.393s][info][gc,marking  ] GC(7294) Concurrent Cleanup for Next Mark 15.529ms
[2025-01-09T02:23:33.027+0000][194283.393s][info][gc          ] GC(7294) Concurrent Mark Cycle 1550.390ms
[2025-01-09T02:23:40.177+0000][194290.543s][info][gc,start    ] GC(7295) Pause Young (Prepare Mixed) (GCLocker Initiated GC)
[2025-01-09T02:23:40.177+0000][194290.543s][info][gc,task     ] GC(7295) Using 6 workers of 6 for evacuation
[2025-01-09T02:23:40.215+0000][194290.581s][info][gc,phases   ] GC(7295)   Pre Evacuate Collection Set: 0.2ms
[2025-01-09T02:23:40.215+0000][194290.581s][info][gc,phases   ] GC(7295)   Merge Heap Roots: 0.7ms
[2025-01-09T02:23:40.215+0000][194290.581s][info][gc,phases   ] GC(7295)   Evacuate Collection Set: 34.5ms
[2025-01-09T02:23:40.215+0000][194290.581s][info][gc,phases   ] GC(7295)   Post Evacuate Collection Set: 2.7ms
[2025-01-09T02:23:40.215+0000][194290.581s][info][gc,phases   ] GC(7295)   Other: 0.2ms
[2025-01-09T02:23:40.215+0000][194290.581s][info][gc,heap     ] GC(7295) Eden regions: 912->0(66)
[2025-01-09T02:23:40.215+0000][194290.581s][info][gc,heap     ] GC(7295) Survivor regions: 10->10(116)
[2025-01-09T02:23:40.215+0000][194290.581s][info][gc,heap     ] GC(7295) Old regions: 228->228
[2025-01-09T02:23:40.215+0000][194290.581s][info][gc,heap     ] GC(7295) Archive regions: 2->2
[2025-01-09T02:23:40.215+0000][194290.581s][info][gc,heap     ] GC(7295) Humongous regions: 49->49
[2025-01-09T02:23:40.215+0000][194290.581s][info][gc,metaspace] GC(7295) Metaspace: 524935K(534272K)->524935K(534272K) NonClass: 460960K(465536K)->460960K(465536K) Class: 63974K(68736K)->63974K(68736K)
[2025-01-09T02:23:40.215+0000][194290.581s][info][gc          ] GC(7295) Pause Young (Prepare Mixed) (GCLocker Initiated GC) 9589M->2299M(12288M) 38.450ms
[2025-01-09T02:23:40.215+0000][194290.581s][info][gc,cpu      ] GC(7295) User=0.23s Sys=0.00s Real=0.04s
[2025-01-09T02:23:40.696+0000][194291.062s][info][gc,start    ] GC(7296) Pause Young (Mixed) (GCLocker Initiated GC)
[2025-01-09T02:23:40.696+0000][194291.062s][info][gc,task     ] GC(7296) Using 6 workers of 6 for evacuation
[2025-01-09T02:23:40.764+0000][194291.130s][info][gc,phases   ] GC(7296)   Pre Evacuate Collection Set: 0.2ms
[2025-01-09T02:23:40.764+0000][194291.130s][info][gc,phases   ] GC(7296)   Merge Heap Roots: 0.7ms
[2025-01-09T02:23:40.764+0000][194291.130s][info][gc,phases   ] GC(7296)   Evacuate Collection Set: 65.6ms
[2025-01-09T02:23:40.764+0000][194291.130s][info][gc,phases   ] GC(7296)   Post Evacuate Collection Set: 1.9ms
[2025-01-09T02:23:40.764+0000][194291.130s][info][gc,phases   ] GC(7296)   Other: 0.2ms
[2025-01-09T02:23:40.764+0000][194291.130s][info][gc,heap     ] GC(7296) Eden regions: 67->0(916)
[2025-01-09T02:23:40.764+0000][194291.130s][info][gc,heap     ] GC(7296) Survivor regions: 10->5(10)
[2025-01-09T02:23:40.764+0000][194291.130s][info][gc,heap     ] GC(7296) Old regions: 228->229
[2025-01-09T02:23:40.764+0000][194291.130s][info][gc,heap     ] GC(7296) Archive regions: 2->2
[2025-01-09T02:23:40.764+0000][194291.130s][info][gc,heap     ] GC(7296) Humongous regions: 49->49
[2025-01-09T02:23:40.764+0000][194291.130s][info][gc,metaspace] GC(7296) Metaspace: 524935K(534272K)->524935K(534272K) NonClass: 460960K(465536K)->460960K(465536K) Class: 63974K(68736K)->63974K(68736K)
[2025-01-09T02:23:40.764+0000][194291.130s][info][gc          ] GC(7296) Pause Young (Mixed) (GCLocker Initiated GC) 2828M->2266M(12288M) 68.690ms
[2025-01-09T02:23:40.764+0000][194291.130s][info][gc,cpu      ] GC(7296) User=0.40s Sys=0.00s Real=0.07s
[2025-01-09T02:23:47.707+0000][194298.073s][info][gc,start    ] GC(7297) Pause Young (Normal) (G1 Evacuation Pause)
[2025-01-09T02:23:47.707+0000][194298.073s][info][gc,task     ] GC(7297) Using 6 workers of 6 for evacuation
[2025-01-09T02:23:47.732+0000][194298.098s][info][gc,phases   ] GC(7297)   Pre Evacuate Collection Set: 0.2ms
[2025-01-09T02:23:47.732+0000][194298.098s][info][gc,phases   ] GC(7297)   Merge Heap Roots: 0.4ms
[2025-01-09T02:23:47.732+0000][194298.098s][info][gc,phases   ] GC(7297)   Evacuate Collection Set: 21.3ms
[2025-01-09T02:23:47.732+0000][194298.098s][info][gc,phases   ] GC(7297)   Post Evacuate Collection Set: 2.5ms
[2025-01-09T02:23:47.732+0000][194298.098s][info][gc,phases   ] GC(7297)   Other: 0.2ms
[2025-01-09T02:23:47.732+0000][194298.098s][info][gc,heap     ] GC(7297) Eden regions: 916->0(915)
[2025-01-09T02:23:47.732+0000][194298.098s][info][gc,heap     ] GC(7297) Survivor regions: 5->6(116)
[2025-01-09T02:23:47.732+0000][194298.098s][info][gc,heap     ] GC(7297) Old regions: 229->229
[2025-01-09T02:23:47.732+0000][194298.098s][info][gc,heap     ] GC(7297) Archive regions: 2->2
[2025-01-09T02:23:47.732+0000][194298.098s][info][gc,heap     ] GC(7297) Humongous regions: 49->49
[2025-01-09T02:23:47.732+0000][194298.098s][info][gc,metaspace] GC(7297) Metaspace: 524935K(534272K)->524935K(534272K) NonClass: 460960K(465536K)->460960K(465536K) Class: 63974K(68736K)->63974K(68736K)
[2025-01-09T02:23:47.732+0000][194298.098s][info][gc          ] GC(7297) Pause Young (Normal) (G1 Evacuation Pause) 9594M->2272M(12288M) 24.671ms
[2025-01-09T02:23:47.732+0000][194298.098s][info][gc,cpu      ] GC(7297) User=0.14s Sys=0.00s Real=0.03s
[2025-01-09T02:23:52.958+0000][194303.324s][info][gc,start    ] GC(7298) Pause Young (Normal) (GCLocker Initiated GC)
[2025-01-09T02:23:52.958+0000][194303.324s][info][gc,task     ] GC(7298) Using 6 workers of 6 for evacuation
[2025-01-09T02:23:52.983+0000][194303.349s][info][gc,phases   ] GC(7298)   Pre Evacuate Collection Set: 0.2ms
[2025-01-09T02:23:52.983+0000][194303.349s][info][gc,phases   ] GC(7298)   Merge Heap Roots: 0.4ms
[2025-01-09T02:23:52.983+0000][194303.349s][info][gc,phases   ] GC(7298)   Evacuate Collection Set: 22.1ms
[2025-01-09T02:23:52.983+0000][194303.349s][info][gc,phases   ] GC(7298)   Post Evacuate Collection Set: 2.5ms
[2025-01-09T02:23:52.983+0000][194303.349s][info][gc,phases   ] GC(7298)   Other: 0.2ms
[2025-01-09T02:23:52.983+0000][194303.349s][info][gc,heap     ] GC(7298) Eden regions: 916->0(914)
[2025-01-09T02:23:52.983+0000][194303.349s][info][gc,heap     ] GC(7298) Survivor regions: 6->7(116)
[2025-01-09T02:23:52.983+0000][194303.349s][info][gc,heap     ] GC(7298) Old regions: 229->229
[2025-01-09T02:23:52.983+0000][194303.349s][info][gc,heap     ] GC(7298) Archive regions: 2->2
[2025-01-09T02:23:52.983+0000][194303.349s][info][gc,heap     ] GC(7298) Humongous regions: 49->49
[2025-01-09T02:23:52.983+0000][194303.349s][info][gc,metaspace] GC(7298) Metaspace: 524935K(534272K)->524935K(534272K) NonClass: 460960K(465536K)->460960K(465536K) Class: 63974K(68736K)->63974K(68736K)
[2025-01-09T02:23:52.983+0000][194303.349s][info][gc          ] GC(7298) Pause Young (Normal) (GCLocker Initiated GC) 9596M->2278M(12288M) 25.518ms
[2025-01-09T02:23:52.983+0000][194303.349s][info][gc,cpu      ] GC(7298) User=0.14s Sys=0.00s Real=0.03s
[2025-01-09T02:24:01.857+0000][194312.224s][info][gc,start    ] GC(7299) Pause Young (Concurrent Start) (GCLocker Initiated GC)
[2025-01-09T02:24:01.857+0000][194312.224s][info][gc,task     ] GC(7299) Using 6 workers of 6 for evacuation
[2025-01-09T02:24:01.889+0000][194312.255s][info][gc,phases   ] GC(7299)   Pre Evacuate Collection Set: 1.2ms
[2025-01-09T02:24:01.889+0000][194312.255s][info][gc,phases   ] GC(7299)   Merge Heap Roots: 0.5ms
[2025-01-09T02:24:01.889+0000][194312.255s][info][gc,phases   ] GC(7299)   Evacuate Collection Set: 26.9ms
[2025-01-09T02:24:01.889+0000][194312.255s][info][gc,phases   ] GC(7299)   Post Evacuate Collection Set: 2.5ms
[2025-01-09T02:24:01.889+0000][194312.255s][info][gc,phases   ] GC(7299)   Other: 0.3ms
[2025-01-09T02:24:01.889+0000][194312.255s][info][gc,heap     ] GC(7299) Eden regions: 915->0(913)
[2025-01-09T02:24:01.889+0000][194312.255s][info][gc,heap     ] GC(7299) Survivor regions: 7->8(116)
[2025-01-09T02:24:01.889+0000][194312.255s][info][gc,heap     ] GC(7299) Old regions: 229->229
[2025-01-09T02:24:01.889+0000][194312.255s][info][gc,heap     ] GC(7299) Archive regions: 2->2
[2025-01-09T02:24:01.889+0000][194312.255s][info][gc,heap     ] GC(7299) Humongous regions: 49->49
[2025-01-09T02:24:01.889+0000][194312.255s][info][gc,metaspace] GC(7299) Metaspace: 524942K(534272K)->524942K(534272K) NonClass: 460967K(465536K)->460967K(465536K) Class: 63974K(68736K)->63974K(68736K)
[2025-01-09T02:24:01.889+0000][194312.255s][info][gc          ] GC(7299) Pause Young (Concurrent Start) (GCLocker Initiated GC) 9591M->2288M(12288M) 31.436ms
[2025-01-09T02:24:01.889+0000][194312.255s][info][gc,cpu      ] GC(7299) User=0.17s Sys=0.01s Real=0.03s
[2025-01-09T02:24:01.889+0000][194312.255s][info][gc          ] GC(7300) Concurrent Mark Cycle
[2025-01-09T02:24:01.889+0000][194312.255s][info][gc,marking  ] GC(7300) Concurrent Clear Claimed Marks
[2025-01-09T02:24:01.890+0000][194312.256s][info][gc,marking  ] GC(7300) Concurrent Clear Claimed Marks 0.919ms
[2025-01-09T02:24:01.890+0000][194312.256s][info][gc,marking  ] GC(7300) Concurrent Scan Root Regions
[2025-01-09T02:24:01.911+0000][194312.277s][info][gc,marking  ] GC(7300) Concurrent Scan Root Regions 21.156ms
[2025-01-09T02:24:01.911+0000][194312.277s][info][gc,marking  ] GC(7300) Concurrent Mark
[2025-01-09T02:24:01.911+0000][194312.277s][info][gc,marking  ] GC(7300) Concurrent Mark From Roots
[2025-01-09T02:24:01.911+0000][194312.277s][info][gc,task     ] GC(7300) Using 2 workers of 2 for marking
[2025-01-09T02:24:02.728+0000][194313.094s][info][gc,marking  ] GC(7300) Concurrent Mark From Roots 816.462ms
[2025-01-09T02:24:02.728+0000][194313.094s][info][gc,marking  ] GC(7300) Concurrent Preclean
[2025-01-09T02:24:02.730+0000][194313.096s][info][gc,marking  ] GC(7300) Concurrent Preclean 2.750ms
[2025-01-09T02:24:02.730+0000][194313.097s][info][gc,start    ] GC(7300) Pause Remark
[2025-01-09T02:24:02.756+0000][194313.122s][info][gc          ] GC(7300) Pause Remark 2932M->2932M(12288M) 25.620ms
[2025-01-09T02:24:02.756+0000][194313.122s][info][gc,cpu      ] GC(7300) User=0.14s Sys=0.00s Real=0.02s
[2025-01-09T02:24:02.756+0000][194313.122s][info][gc,marking  ] GC(7300) Concurrent Mark 845.169ms
[2025-01-09T02:24:02.756+0000][194313.122s][info][gc,marking  ] GC(7300) Concurrent Rebuild Remembered Sets
[2025-01-09T02:24:03.272+0000][194313.638s][info][gc,marking  ] GC(7300) Concurrent Rebuild Remembered Sets 515.463ms
[2025-01-09T02:24:03.272+0000][194313.638s][info][gc,start    ] GC(7300) Pause Cleanup
[2025-01-09T02:24:03.272+0000][194313.638s][info][gc          ] GC(7300) Pause Cleanup 3364M->3364M(12288M) 0.458ms
[2025-01-09T02:24:03.272+0000][194313.638s][info][gc,cpu      ] GC(7300) User=0.00s Sys=0.00s Real=0.00s
[2025-01-09T02:24:03.272+0000][194313.639s][info][gc,marking  ] GC(7300) Concurrent Cleanup for Next Mark
[2025-01-09T02:24:03.301+0000][194313.667s][info][gc,marking  ] GC(7300) Concurrent Cleanup for Next Mark 28.596ms
[2025-01-09T02:24:03.301+0000][194313.667s][info][gc          ] GC(7300) Concurrent Mark Cycle 1412.140ms
[2025-01-09T02:24:11.898+0000][194322.264s][info][gc,start    ] GC(7301) Pause Young (Prepare Mixed) (GCLocker Initiated GC)
[2025-01-09T02:24:11.898+0000][194322.264s][info][gc,task     ] GC(7301) Using 6 workers of 6 for evacuation
[2025-01-09T02:24:11.940+0000][194322.306s][info][gc,phases   ] GC(7301)   Pre Evacuate Collection Set: 0.2ms
[2025-01-09T02:24:11.940+0000][194322.306s][info][gc,phases   ] GC(7301)   Merge Heap Roots: 0.7ms
[2025-01-09T02:24:11.940+0000][194322.306s][info][gc,phases   ] GC(7301)   Evacuate Collection Set: 35.4ms
[2025-01-09T02:24:11.940+0000][194322.306s][info][gc,phases   ] GC(7301)   Post Evacuate Collection Set: 5.3ms
[2025-01-09T02:24:11.940+0000][194322.306s][info][gc,phases   ] GC(7301)   Other: 0.2ms
[2025-01-09T02:24:11.940+0000][194322.306s][info][gc,heap     ] GC(7301) Eden regions: 914->0(65)
[2025-01-09T02:24:11.940+0000][194322.306s][info][gc,heap     ] GC(7301) Survivor regions: 8->11(116)
[2025-01-09T02:24:11.940+0000][194322.306s][info][gc,heap     ] GC(7301) Old regions: 229->229
[2025-01-09T02:24:11.940+0000][194322.306s][info][gc,heap     ] GC(7301) Archive regions: 2->2
[2025-01-09T02:24:11.940+0000][194322.306s][info][gc,heap     ] GC(7301) Humongous regions: 49->49
[2025-01-09T02:24:11.940+0000][194322.306s][info][gc,metaspace] GC(7301) Metaspace: 524942K(534272K)->524942K(534272K) NonClass: 460967K(465536K)->460967K(465536K) Class: 63974K(68736K)->63974K(68736K)
[2025-01-09T02:24:11.940+0000][194322.306s][info][gc          ] GC(7301) Pause Young (Prepare Mixed) (GCLocker Initiated GC) 9596M->2314M(12288M) 41.834ms
[2025-01-09T02:24:11.940+0000][194322.306s][info][gc,cpu      ] GC(7301) User=0.25s Sys=0.00s Real=0.04s
[2025-01-09T02:24:12.443+0000][194322.809s][info][gc,start    ] GC(7302) Pause Young (Mixed) (GCLocker Initiated GC)
[2025-01-09T02:24:12.443+0000][194322.809s][info][gc,task     ] GC(7302) Using 6 workers of 6 for evacuation
[2025-01-09T02:24:12.513+0000][194322.879s][info][gc,phases   ] GC(7302)   Pre Evacuate Collection Set: 0.2ms
[2025-01-09T02:24:12.513+0000][194322.879s][info][gc,phases   ] GC(7302)   Merge Heap Roots: 0.7ms
[2025-01-09T02:24:12.513+0000][194322.879s][info][gc,phases   ] GC(7302)   Evacuate Collection Set: 66.7ms
[2025-01-09T02:24:12.513+0000][194322.879s][info][gc,phases   ] GC(7302)   Post Evacuate Collection Set: 2.0ms
[2025-01-09T02:24:12.513+0000][194322.879s][info][gc,phases   ] GC(7302)   Other: 0.2ms
[2025-01-09T02:24:12.513+0000][194322.879s][info][gc,heap     ] GC(7302) Eden regions: 65->0(917)
[2025-01-09T02:24:12.513+0000][194322.879s][info][gc,heap     ] GC(7302) Survivor regions: 11->4(10)
[2025-01-09T02:24:12.513+0000][194322.879s][info][gc,heap     ] GC(7302) Old regions: 229->231
[2025-01-09T02:24:12.513+0000][194322.879s][info][gc,heap     ] GC(7302) Archive regions: 2->2
[2025-01-09T02:24:12.513+0000][194322.879s][info][gc,heap     ] GC(7302) Humongous regions: 49->49
[2025-01-09T02:24:12.513+0000][194322.879s][info][gc,metaspace] GC(7302) Metaspace: 524942K(534272K)->524942K(534272K) NonClass: 460967K(465536K)->460967K(465536K) Class: 63974K(68736K)->63974K(68736K)
[2025-01-09T02:24:12.513+0000][194322.879s][info][gc          ] GC(7302) Pause Young (Mixed) (GCLocker Initiated GC) 2834M->2272M(12288M) 69.929ms
[2025-01-09T02:24:12.513+0000][194322.879s][info][gc,cpu      ] GC(7302) User=0.40s Sys=0.00s Real=0.07s
[2025-01-09T02:24:19.697+0000][194330.063s][info][gc,start    ] GC(7303) Pause Young (Normal) (GCLocker Initiated GC)
[2025-01-09T02:24:19.697+0000][194330.063s][info][gc,task     ] GC(7303) Using 6 workers of 6 for evacuation
[2025-01-09T02:24:19.722+0000][194330.089s][info][gc,phases   ] GC(7303)   Pre Evacuate Collection Set: 0.2ms
[2025-01-09T02:24:19.722+0000][194330.089s][info][gc,phases   ] GC(7303)   Merge Heap Roots: 0.4ms
[2025-01-09T02:24:19.723+0000][194330.089s][info][gc,phases   ] GC(7303)   Evacuate Collection Set: 21.0ms
[2025-01-09T02:24:19.723+0000][194330.089s][info][gc,phases   ] GC(7303)   Post Evacuate Collection Set: 3.9ms
[2025-01-09T02:24:19.723+0000][194330.089s][info][gc,phases   ] GC(7303)   Other: 0.2ms
[2025-01-09T02:24:19.723+0000][194330.089s][info][gc,heap     ] GC(7303) Eden regions: 918->0(915)
[2025-01-09T02:24:19.723+0000][194330.089s][info][gc,heap     ] GC(7303) Survivor regions: 4->6(116)
[2025-01-09T02:24:19.723+0000][194330.089s][info][gc,heap     ] GC(7303) Old regions: 231->231
[2025-01-09T02:24:19.723+0000][194330.089s][info][gc,heap     ] GC(7303) Archive regions: 2->2
[2025-01-09T02:24:19.723+0000][194330.089s][info][gc,heap     ] GC(7303) Humongous regions: 49->49
[2025-01-09T02:24:19.723+0000][194330.089s][info][gc,metaspace] GC(7303) Metaspace: 524942K(534272K)->524942K(534272K) NonClass: 460967K(465536K)->460967K(465536K) Class: 63974K(68736K)->63974K(68736K)
[2025-01-09T02:24:19.723+0000][194330.089s][info][gc          ] GC(7303) Pause Young (Normal) (GCLocker Initiated GC) 9612M->2286M(12288M) 25.775ms
[2025-01-09T02:24:19.723+0000][194330.089s][info][gc,cpu      ] GC(7303) User=0.14s Sys=0.00s Real=0.03s
[2025-01-09T02:24:27.773+0000][194338.139s][info][gc,start    ] GC(7304) Pause Young (Normal) (GCLocker Initiated GC)
[2025-01-09T02:24:27.773+0000][194338.139s][info][gc,task     ] GC(7304) Using 6 workers of 6 for evacuation
[2025-01-09T02:24:27.802+0000][194338.168s][info][gc,phases   ] GC(7304)   Pre Evacuate Collection Set: 0.2ms
[2025-01-09T02:24:27.802+0000][194338.168s][info][gc,phases   ] GC(7304)   Merge Heap Roots: 0.4ms
[2025-01-09T02:24:27.802+0000][194338.168s][info][gc,phases   ] GC(7304)   Evacuate Collection Set: 25.9ms
[2025-01-09T02:24:27.802+0000][194338.168s][info][gc,phases   ] GC(7304)   Post Evacuate Collection Set: 2.5ms
[2025-01-09T02:24:27.802+0000][194338.168s][info][gc,phases   ] GC(7304)   Other: 0.2ms
[2025-01-09T02:24:27.802+0000][194338.168s][info][gc,heap     ] GC(7304) Eden regions: 915->0(914)
[2025-01-09T02:24:27.802+0000][194338.168s][info][gc,heap     ] GC(7304) Survivor regions: 6->7(116)
[2025-01-09T02:24:27.802+0000][194338.168s][info][gc,heap     ] GC(7304) Old regions: 231->231
[2025-01-09T02:24:27.802+0000][194338.168s][info][gc,heap     ] GC(7304) Archive regions: 2->2
[2025-01-09T02:24:27.802+0000][194338.168s][info][gc,heap     ] GC(7304) Humongous regions: 49->49
[2025-01-09T02:24:27.802+0000][194338.168s][info][gc,metaspace] GC(7304) Metaspace: 524942K(534272K)->524942K(534272K) NonClass: 460967K(465536K)->460967K(465536K) Class: 63974K(68736K)->63974K(68736K)
[2025-01-09T02:24:27.802+0000][194338.168s][info][gc          ] GC(7304) Pause Young (Normal) (GCLocker Initiated GC) 9606M->2296M(12288M) 29.343ms
[2025-01-09T02:24:27.802+0000][194338.168s][info][gc,cpu      ] GC(7304) User=0.17s Sys=0.00s Real=0.03s
[2025-01-09T02:24:37.024+0000][194347.390s][info][gc,start    ] GC(7305) Pause Young (Concurrent Start) (GCLocker Initiated GC)
[2025-01-09T02:24:37.024+0000][194347.390s][info][gc,task     ] GC(7305) Using 6 workers of 6 for evacuation
[2025-01-09T02:24:37.056+0000][194347.422s][info][gc,phases   ] GC(7305)   Pre Evacuate Collection Set: 1.2ms
[2025-01-09T02:24:37.056+0000][194347.422s][info][gc,phases   ] GC(7305)   Merge Heap Roots: 0.4ms
[2025-01-09T02:24:37.056+0000][194347.422s][info][gc,phases   ] GC(7305)   Evacuate Collection Set: 27.6ms
[2025-01-09T02:24:37.056+0000][194347.422s][info][gc,phases   ] GC(7305)   Post Evacuate Collection Set: 2.6ms
[2025-01-09T02:24:37.056+0000][194347.422s][info][gc,phases   ] GC(7305)   Other: 0.3ms
[2025-01-09T02:24:37.056+0000][194347.422s][info][gc,heap     ] GC(7305) Eden regions: 915->0(913)
[2025-01-09T02:24:37.056+0000][194347.422s][info][gc,heap     ] GC(7305) Survivor regions: 7->8(116)
[2025-01-09T02:24:37.056+0000][194347.422s][info][gc,heap     ] GC(7305) Old regions: 231->231
[2025-01-09T02:24:37.056+0000][194347.422s][info][gc,heap     ] GC(7305) Archive regions: 2->2
[2025-01-09T02:24:37.056+0000][194347.422s][info][gc,heap     ] GC(7305) Humongous regions: 49->49
[2025-01-09T02:24:37.056+0000][194347.422s][info][gc,metaspace] GC(7305) Metaspace: 524942K(534272K)->524942K(534272K) NonClass: 460967K(465536K)->460967K(465536K) Class: 63974K(68736K)->63974K(68736K)
[2025-01-09T02:24:37.056+0000][194347.422s][info][gc          ] GC(7305) Pause Young (Concurrent Start) (GCLocker Initiated GC) 9612M->2304M(12288M) 32.094ms
[2025-01-09T02:24:37.056+0000][194347.423s][info][gc,cpu      ] GC(7305) User=0.18s Sys=0.00s Real=0.03s
[2025-01-09T02:24:37.056+0000][194347.423s][info][gc          ] GC(7306) Concurrent Mark Cycle
[2025-01-09T02:24:37.056+0000][194347.423s][info][gc,marking  ] GC(7306) Concurrent Clear Claimed Marks
[2025-01-09T02:24:37.057+0000][194347.424s][info][gc,marking  ] GC(7306) Concurrent Clear Claimed Marks 0.911ms
[2025-01-09T02:24:37.057+0000][194347.424s][info][gc,marking  ] GC(7306) Concurrent Scan Root Regions
[2025-01-09T02:24:37.079+0000][194347.445s][info][gc,marking  ] GC(7306) Concurrent Scan Root Regions 21.680ms
[2025-01-09T02:24:37.079+0000][194347.445s][info][gc,marking  ] GC(7306) Concurrent Mark
[2025-01-09T02:24:37.079+0000][194347.445s][info][gc,marking  ] GC(7306) Concurrent Mark From Roots
[2025-01-09T02:24:37.079+0000][194347.445s][info][gc,task     ] GC(7306) Using 2 workers of 2 for marking
[2025-01-09T02:24:38.122+0000][194348.488s][info][gc,marking  ] GC(7306) Concurrent Mark From Roots 1042.553ms
[2025-01-09T02:24:38.122+0000][194348.488s][info][gc,marking  ] GC(7306) Concurrent Preclean
[2025-01-09T02:24:38.124+0000][194348.490s][info][gc,marking  ] GC(7306) Concurrent Preclean 2.420ms
[2025-01-09T02:24:38.124+0000][194348.490s][info][gc,start    ] GC(7306) Pause Remark
[2025-01-09T02:24:38.150+0000][194348.516s][info][gc          ] GC(7306) Pause Remark 3408M->3408M(12288M) 25.705ms
[2025-01-09T02:24:38.150+0000][194348.516s][info][gc,cpu      ] GC(7306) User=0.15s Sys=0.00s Real=0.03s
[2025-01-09T02:24:38.150+0000][194348.516s][info][gc,marking  ] GC(7306) Concurrent Mark 1070.984ms
[2025-01-09T02:24:38.150+0000][194348.516s][info][gc,marking  ] GC(7306) Concurrent Rebuild Remembered Sets
[2025-01-09T02:24:38.687+0000][194349.053s][info][gc,marking  ] GC(7306) Concurrent Rebuild Remembered Sets 537.103ms
[2025-01-09T02:24:38.687+0000][194349.054s][info][gc,start    ] GC(7306) Pause Cleanup
[2025-01-09T02:24:38.688+0000][194349.054s][info][gc          ] GC(7306) Pause Cleanup 3721M->3721M(12288M) 0.390ms
[2025-01-09T02:24:38.688+0000][194349.054s][info][gc,cpu      ] GC(7306) User=0.00s Sys=0.00s Real=0.00s
[2025-01-09T02:24:38.688+0000][194349.054s][info][gc,marking  ] GC(7306) Concurrent Cleanup for Next Mark
[2025-01-09T02:24:38.703+0000][194349.070s][info][gc,marking  ] GC(7306) Concurrent Cleanup for Next Mark 15.549ms
[2025-01-09T02:24:38.703+0000][194349.070s][info][gc          ] GC(7306) Concurrent Mark Cycle 1647.022ms
[2025-01-09T02:24:44.561+0000][194354.928s][info][gc,start    ] GC(7307) Pause Young (Prepare Mixed) (GCLocker Initiated GC)
[2025-01-09T02:24:44.561+0000][194354.928s][info][gc,task     ] GC(7307) Using 6 workers of 6 for evacuation
[2025-01-09T02:24:44.600+0000][194354.966s][info][gc,phases   ] GC(7307)   Pre Evacuate Collection Set: 0.2ms
[2025-01-09T02:24:44.600+0000][194354.966s][info][gc,phases   ] GC(7307)   Merge Heap Roots: 0.7ms
[2025-01-09T02:24:44.600+0000][194354.966s][info][gc,phases   ] GC(7307)   Evacuate Collection Set: 34.5ms
[2025-01-09T02:24:44.600+0000][194354.966s][info][gc,phases   ] GC(7307)   Post Evacuate Collection Set: 2.9ms
[2025-01-09T02:24:44.600+0000][194354.966s][info][gc,phases   ] GC(7307)   Other: 0.2ms
[2025-01-09T02:24:44.600+0000][194354.966s][info][gc,heap     ] GC(7307) Eden regions: 914->0(67)
[2025-01-09T02:24:44.600+0000][194354.966s][info][gc,heap     ] GC(7307) Survivor regions: 8->9(116)
[2025-01-09T02:24:44.600+0000][194354.966s][info][gc,heap     ] GC(7307) Old regions: 231->231
[2025-01-09T02:24:44.600+0000][194354.966s][info][gc,heap     ] GC(7307) Archive regions: 2->2
[2025-01-09T02:24:44.600+0000][194354.966s][info][gc,heap     ] GC(7307) Humongous regions: 49->49
[2025-01-09T02:24:44.600+0000][194354.966s][info][gc,metaspace] GC(7307) Metaspace: 524942K(534272K)->524942K(534272K) NonClass: 460967K(465536K)->460967K(465536K) Class: 63974K(68736K)->63974K(68736K)
[2025-01-09T02:24:44.600+0000][194354.966s][info][gc          ] GC(7307) Pause Young (Prepare Mixed) (GCLocker Initiated GC) 9612M->2312M(12288M) 38.585ms
[2025-01-09T02:24:44.600+0000][194354.966s][info][gc,cpu      ] GC(7307) User=0.22s Sys=0.01s Real=0.03s
[2025-01-09T02:24:45.210+0000][194355.576s][info][gc,start    ] GC(7308) Pause Young (Mixed) (GCLocker Initiated GC)
[2025-01-09T02:24:45.210+0000][194355.576s][info][gc,task     ] GC(7308) Using 6 workers of 6 for evacuation
[2025-01-09T02:24:45.283+0000][194355.649s][info][gc,phases   ] GC(7308)   Pre Evacuate Collection Set: 0.2ms
[2025-01-09T02:24:45.283+0000][194355.649s][info][gc,phases   ] GC(7308)   Merge Heap Roots: 0.8ms
[2025-01-09T02:24:45.283+0000][194355.649s][info][gc,phases   ] GC(7308)   Evacuate Collection Set: 70.0ms
[2025-01-09T02:24:45.283+0000][194355.649s][info][gc,phases   ] GC(7308)   Post Evacuate Collection Set: 1.6ms
[2025-01-09T02:24:45.283+0000][194355.649s][info][gc,phases   ] GC(7308)   Other: 0.2ms
[2025-01-09T02:24:45.283+0000][194355.649s][info][gc,heap     ] GC(7308) Eden regions: 68->0(917)
[2025-01-09T02:24:45.283+0000][194355.649s][info][gc,heap     ] GC(7308) Survivor regions: 9->4(10)
[2025-01-09T02:24:45.283+0000][194355.649s][info][gc,heap     ] GC(7308) Old regions: 231->231
[2025-01-09T02:24:45.283+0000][194355.649s][info][gc,heap     ] GC(7308) Archive regions: 2->2
[2025-01-09T02:24:45.283+0000][194355.649s][info][gc,heap     ] GC(7308) Humongous regions: 49->49
[2025-01-09T02:24:45.283+0000][194355.649s][info][gc,metaspace] GC(7308) Metaspace: 524942K(534272K)->524942K(534272K) NonClass: 460967K(465536K)->460967K(465536K) Class: 63974K(68736K)->63974K(68736K)
[2025-01-09T02:24:45.283+0000][194355.649s][info][gc          ] GC(7308) Pause Young (Mixed) (GCLocker Initiated GC) 2849M->2272M(12288M) 72.814ms
[2025-01-09T02:24:45.283+0000][194355.649s][info][gc,cpu      ] GC(7308) User=0.42s Sys=0.01s Real=0.07s
[2025-01-09T02:24:49.798+0000][194360.164s][info][gc,start    ] GC(7309) Pause Young (Normal) (GCLocker Initiated GC)
[2025-01-09T02:24:49.798+0000][194360.164s][info][gc,task     ] GC(7309) Using 6 workers of 6 for evacuation
[2025-01-09T02:24:49.827+0000][194360.193s][info][gc,phases   ] GC(7309)   Pre Evacuate Collection Set: 0.3ms
[2025-01-09T02:24:49.827+0000][194360.193s][info][gc,phases   ] GC(7309)   Merge Heap Roots: 0.5ms
[2025-01-09T02:24:49.827+0000][194360.193s][info][gc,phases   ] GC(7309)   Evacuate Collection Set: 25.2ms
[2025-01-09T02:24:49.827+0000][194360.193s][info][gc,phases   ] GC(7309)   Post Evacuate Collection Set: 2.6ms
[2025-01-09T02:24:49.827+0000][194360.193s][info][gc,phases   ] GC(7309)   Other: 0.2ms
[2025-01-09T02:24:49.827+0000][194360.193s][info][gc,heap     ] GC(7309) Eden regions: 921->0(914)
[2025-01-09T02:24:49.827+0000][194360.193s][info][gc,heap     ] GC(7309) Survivor regions: 4->7(116)
[2025-01-09T02:24:49.827+0000][194360.193s][info][gc,heap     ] GC(7309) Old regions: 231->231
[2025-01-09T02:24:49.827+0000][194360.193s][info][gc,heap     ] GC(7309) Archive regions: 2->2
[2025-01-09T02:24:49.827+0000][194360.193s][info][gc,heap     ] GC(7309) Humongous regions: 49->49
[2025-01-09T02:24:49.827+0000][194360.193s][info][gc,metaspace] GC(7309) Metaspace: 524942K(534272K)->524942K(534272K) NonClass: 460967K(465536K)->460967K(465536K) Class: 63974K(68736K)->63974K(68736K)
[2025-01-09T02:24:49.827+0000][194360.193s][info][gc          ] GC(7309) Pause Young (Normal) (GCLocker Initiated GC) 9636M->2292M(12288M) 28.938ms
[2025-01-09T02:24:49.827+0000][194360.193s][info][gc,cpu      ] GC(7309) User=0.17s Sys=0.00s Real=0.03s
[2025-01-09T02:24:53.724+0000][194364.090s][info][gc,start    ] GC(7310) Pause Young (Normal) (GCLocker Initiated GC)
[2025-01-09T02:24:53.724+0000][194364.090s][info][gc,task     ] GC(7310) Using 6 workers of 6 for evacuation
[2025-01-09T02:24:53.749+0000][194364.115s][info][gc,phases   ] GC(7310)   Pre Evacuate Collection Set: 0.2ms
[2025-01-09T02:24:53.749+0000][194364.115s][info][gc,phases   ] GC(7310)   Merge Heap Roots: 0.4ms
[2025-01-09T02:24:53.749+0000][194364.115s][info][gc,phases   ] GC(7310)   Evacuate Collection Set: 21.8ms
[2025-01-09T02:24:53.749+0000][194364.115s][info][gc,phases   ] GC(7310)   Post Evacuate Collection Set: 2.4ms
[2025-01-09T02:24:53.749+0000][194364.115s][info][gc,phases   ] GC(7310)   Other: 0.2ms
[2025-01-09T02:24:53.749+0000][194364.115s][info][gc,heap     ] GC(7310) Eden regions: 915->0(914)
[2025-01-09T02:24:53.749+0000][194364.115s][info][gc,heap     ] GC(7310) Survivor regions: 7->7(116)
[2025-01-09T02:24:53.749+0000][194364.115s][info][gc,heap     ] GC(7310) Old regions: 231->231
[2025-01-09T02:24:53.749+0000][194364.115s][info][gc,heap     ] GC(7310) Archive regions: 2->2
[2025-01-09T02:24:53.749+0000][194364.115s][info][gc,heap     ] GC(7310) Humongous regions: 49->49
[2025-01-09T02:24:53.749+0000][194364.115s][info][gc,metaspace] GC(7310) Metaspace: 524943K(534272K)->524943K(534272K) NonClass: 460968K(465536K)->460968K(465536K) Class: 63974K(68736K)->63974K(68736K)
[2025-01-09T02:24:53.749+0000][194364.115s][info][gc          ] GC(7310) Pause Young (Normal) (GCLocker Initiated GC) 9608M->2297M(12288M) 25.068ms
[2025-01-09T02:24:53.749+0000][194364.115s][info][gc,cpu      ] GC(7310) User=0.15s Sys=0.00s Real=0.02s
[2025-01-09T02:24:58.472+0000][194368.838s][info][gc,start    ] GC(7311) Pause Young (Concurrent Start) (GCLocker Initiated GC)
[2025-01-09T02:24:58.472+0000][194368.838s][info][gc,task     ] GC(7311) Using 6 workers of 6 for evacuation
[2025-01-09T02:24:58.501+0000][194368.867s][info][gc,phases   ] GC(7311)   Pre Evacuate Collection Set: 1.1ms
[2025-01-09T02:24:58.501+0000][194368.867s][info][gc,phases   ] GC(7311)   Merge Heap Roots: 0.4ms
[2025-01-09T02:24:58.501+0000][194368.867s][info][gc,phases   ] GC(7311)   Evacuate Collection Set: 23.6ms
[2025-01-09T02:24:58.501+0000][194368.867s][info][gc,phases   ] GC(7311)   Post Evacuate Collection Set: 3.8ms
[2025-01-09T02:24:58.501+0000][194368.867s][info][gc,phases   ] GC(7311)   Other: 0.3ms
[2025-01-09T02:24:58.501+0000][194368.867s][info][gc,heap     ] GC(7311) Eden regions: 915->0(913)
[2025-01-09T02:24:58.501+0000][194368.867s][info][gc,heap     ] GC(7311) Survivor regions: 7->8(116)
[2025-01-09T02:24:58.501+0000][194368.867s][info][gc,heap     ] GC(7311) Old regions: 231->231
[2025-01-09T02:24:58.501+0000][194368.867s][info][gc,heap     ] GC(7311) Archive regions: 2->2
[2025-01-09T02:24:58.501+0000][194368.867s][info][gc,heap     ] GC(7311) Humongous regions: 49->49
[2025-01-09T02:24:58.501+0000][194368.867s][info][gc,metaspace] GC(7311) Metaspace: 524943K(534272K)->524943K(534272K) NonClass: 460968K(465536K)->460968K(465536K) Class: 63974K(68736K)->63974K(68736K)
[2025-01-09T02:24:58.501+0000][194368.867s][info][gc          ] GC(7311) Pause Young (Concurrent Start) (GCLocker Initiated GC) 9613M->2304M(12288M) 29.339ms
[2025-01-09T02:24:58.501+0000][194368.867s][info][gc,cpu      ] GC(7311) User=0.17s Sys=0.00s Real=0.02s
[2025-01-09T02:24:58.501+0000][194368.867s][info][gc          ] GC(7312) Concurrent Mark Cycle
[2025-01-09T02:24:58.501+0000][194368.867s][info][gc,marking  ] GC(7312) Concurrent Clear Claimed Marks
[2025-01-09T02:24:58.502+0000][194368.868s][info][gc,marking  ] GC(7312) Concurrent Clear Claimed Marks 0.948ms
[2025-01-09T02:24:58.502+0000][194368.868s][info][gc,marking  ] GC(7312) Concurrent Scan Root Regions
[2025-01-09T02:24:58.535+0000][194368.901s][info][gc,marking  ] GC(7312) Concurrent Scan Root Regions 32.923ms
[2025-01-09T02:24:58.535+0000][194368.901s][info][gc,marking  ] GC(7312) Concurrent Mark
[2025-01-09T02:24:58.535+0000][194368.901s][info][gc,marking  ] GC(7312) Concurrent Mark From Roots
[2025-01-09T02:24:58.535+0000][194368.901s][info][gc,task     ] GC(7312) Using 2 workers of 2 for marking
[2025-01-09T02:24:59.633+0000][194369.999s][info][gc,marking  ] GC(7312) Concurrent Mark From Roots 1097.954ms
[2025-01-09T02:24:59.633+0000][194369.999s][info][gc,marking  ] GC(7312) Concurrent Preclean
[2025-01-09T02:24:59.635+0000][194370.001s][info][gc,marking  ] GC(7312) Concurrent Preclean 2.407ms
[2025-01-09T02:24:59.636+0000][194370.002s][info][gc,start    ] GC(7312) Pause Remark
[2025-01-09T02:24:59.661+0000][194370.027s][info][gc          ] GC(7312) Pause Remark 3548M->3548M(12288M) 25.766ms
[2025-01-09T02:24:59.661+0000][194370.027s][info][gc,cpu      ] GC(7312) User=0.15s Sys=0.00s Real=0.02s
[2025-01-09T02:24:59.661+0000][194370.028s][info][gc,marking  ] GC(7312) Concurrent Mark 1126.528ms
[2025-01-09T02:24:59.661+0000][194370.028s][info][gc,marking  ] GC(7312) Concurrent Rebuild Remembered Sets
[2025-01-09T02:25:00.267+0000][194370.633s][info][gc,marking  ] GC(7312) Concurrent Rebuild Remembered Sets 605.834ms
[2025-01-09T02:25:00.267+0000][194370.634s][info][gc,start    ] GC(7312) Pause Cleanup
[2025-01-09T02:25:00.268+0000][194370.634s][info][gc          ] GC(7312) Pause Cleanup 3685M->3685M(12288M) 0.374ms
[2025-01-09T02:25:00.268+0000][194370.634s][info][gc,cpu      ] GC(7312) User=0.00s Sys=0.00s Real=0.00s
[2025-01-09T02:25:00.268+0000][194370.634s][info][gc,marking  ] GC(7312) Concurrent Cleanup for Next Mark
[2025-01-09T02:25:00.284+0000][194370.650s][info][gc,marking  ] GC(7312) Concurrent Cleanup for Next Mark 15.589ms
[2025-01-09T02:25:00.284+0000][194370.650s][info][gc          ] GC(7312) Concurrent Mark Cycle 1782.573ms
[2025-01-09T02:25:06.656+0000][194377.022s][info][gc,start    ] GC(7313) Pause Young (Prepare Mixed) (GCLocker Initiated GC)
[2025-01-09T02:25:06.656+0000][194377.022s][info][gc,task     ] GC(7313) Using 6 workers of 6 for evacuation
[2025-01-09T02:25:06.694+0000][194377.061s][info][gc,phases   ] GC(7313)   Pre Evacuate Collection Set: 0.2ms
[2025-01-09T02:25:06.695+0000][194377.061s][info][gc,phases   ] GC(7313)   Merge Heap Roots: 0.7ms
[2025-01-09T02:25:06.695+0000][194377.061s][info][gc,phases   ] GC(7313)   Evacuate Collection Set: 32.7ms
[2025-01-09T02:25:06.695+0000][194377.061s][info][gc,phases   ] GC(7313)   Post Evacuate Collection Set: 4.4ms
[2025-01-09T02:25:06.695+0000][194377.061s][info][gc,phases   ] GC(7313)   Other: 0.2ms
[2025-01-09T02:25:06.695+0000][194377.061s][info][gc,heap     ] GC(7313) Eden regions: 914->0(67)
[2025-01-09T02:25:06.695+0000][194377.061s][info][gc,heap     ] GC(7313) Survivor regions: 8->9(116)
[2025-01-09T02:25:06.695+0000][194377.061s][info][gc,heap     ] GC(7313) Old regions: 231->231
[2025-01-09T02:25:06.695+0000][194377.061s][info][gc,heap     ] GC(7313) Archive regions: 2->2
[2025-01-09T02:25:06.695+0000][194377.061s][info][gc,heap     ] GC(7313) Humongous regions: 49->49
[2025-01-09T02:25:06.695+0000][194377.061s][info][gc,metaspace] GC(7313) Metaspace: 524943K(534272K)->524943K(534272K) NonClass: 460968K(465536K)->460968K(465536K) Class: 63974K(68736K)->63974K(68736K)
[2025-01-09T02:25:06.695+0000][194377.061s][info][gc          ] GC(7313) Pause Young (Prepare Mixed) (GCLocker Initiated GC) 9612M->2314M(12288M) 38.242ms
[2025-01-09T02:25:06.695+0000][194377.061s][info][gc,cpu      ] GC(7313) User=0.22s Sys=0.00s Real=0.04s
[2025-01-09T02:25:07.013+0000][194377.379s][info][gc,start    ] GC(7314) Pause Young (Mixed) (GCLocker Initiated GC)
[2025-01-09T02:25:07.013+0000][194377.379s][info][gc,task     ] GC(7314) Using 6 workers of 6 for evacuation
[2025-01-09T02:25:07.088+0000][194377.454s][info][gc,phases   ] GC(7314)   Pre Evacuate Collection Set: 0.2ms
[2025-01-09T02:25:07.088+0000][194377.454s][info][gc,phases   ] GC(7314)   Merge Heap Roots: 0.8ms
[2025-01-09T02:25:07.088+0000][194377.454s][info][gc,phases   ] GC(7314)   Evacuate Collection Set: 72.0ms
[2025-01-09T02:25:07.088+0000][194377.454s][info][gc,phases   ] GC(7314)   Post Evacuate Collection Set: 1.9ms
[2025-01-09T02:25:07.088+0000][194377.454s][info][gc,phases   ] GC(7314)   Other: 0.2ms
[2025-01-09T02:25:07.088+0000][194377.454s][info][gc,heap     ] GC(7314) Eden regions: 68->0(915)
[2025-01-09T02:25:07.088+0000][194377.454s][info][gc,heap     ] GC(7314) Survivor regions: 9->6(10)
[2025-01-09T02:25:07.088+0000][194377.454s][info][gc,heap     ] GC(7314) Old regions: 231->231
[2025-01-09T02:25:07.088+0000][194377.454s][info][gc,heap     ] GC(7314) Archive regions: 2->2
[2025-01-09T02:25:07.088+0000][194377.454s][info][gc,heap     ] GC(7314) Humongous regions: 49->49
[2025-01-09T02:25:07.088+0000][194377.454s][info][gc,metaspace] GC(7314) Metaspace: 524943K(534272K)->524943K(534272K) NonClass: 460968K(465536K)->460968K(465536K) Class: 63974K(68736K)->63974K(68736K)
[2025-01-09T02:25:07.088+0000][194377.454s][info][gc          ] GC(7314) Pause Young (Mixed) (GCLocker Initiated GC) 2850M->2287M(12288M) 75.142ms
[2025-01-09T02:25:07.088+0000][194377.454s][info][gc,cpu      ] GC(7314) User=0.44s Sys=0.00s Real=0.07s
[2025-01-09T02:25:17.063+0000][194387.430s][info][gc,start    ] GC(7315) Pause Young (Normal) (GCLocker Initiated GC)
[2025-01-09T02:25:17.063+0000][194387.430s][info][gc,task     ] GC(7315) Using 6 workers of 6 for evacuation
[2025-01-09T02:25:17.092+0000][194387.459s][info][gc,phases   ] GC(7315)   Pre Evacuate Collection Set: 0.2ms
[2025-01-09T02:25:17.092+0000][194387.459s][info][gc,phases   ] GC(7315)   Merge Heap Roots: 0.4ms
[2025-01-09T02:25:17.092+0000][194387.459s][info][gc,phases   ] GC(7315)   Evacuate Collection Set: 24.3ms
[2025-01-09T02:25:17.092+0000][194387.459s][info][gc,phases   ] GC(7315)   Post Evacuate Collection Set: 4.0ms
[2025-01-09T02:25:17.092+0000][194387.459s][info][gc,phases   ] GC(7315)   Other: 0.2ms
[2025-01-09T02:25:17.092+0000][194387.459s][info][gc,heap     ] GC(7315) Eden regions: 916->0(914)
[2025-01-09T02:25:17.092+0000][194387.459s][info][gc,heap     ] GC(7315) Survivor regions: 6->7(116)
[2025-01-09T02:25:17.092+0000][194387.459s][info][gc,heap     ] GC(7315) Old regions: 231->231
[2025-01-09T02:25:17.092+0000][194387.459s][info][gc,heap     ] GC(7315) Archive regions: 2->2
[2025-01-09T02:25:17.092+0000][194387.459s][info][gc,heap     ] GC(7315) Humongous regions: 49->49
[2025-01-09T02:25:17.092+0000][194387.459s][info][gc,metaspace] GC(7315) Metaspace: 524943K(534272K)->524943K(534272K) NonClass: 460969K(465536K)->460969K(465536K) Class: 63974K(68736K)->63974K(68736K)
[2025-01-09T02:25:17.093+0000][194387.459s][info][gc          ] GC(7315) Pause Young (Normal) (GCLocker Initiated GC) 9611M->2298M(12288M) 29.113ms
[2025-01-09T02:25:17.093+0000][194387.459s][info][gc,cpu      ] GC(7315) User=0.17s Sys=0.00s Real=0.03s
[2025-01-09T02:25:25.505+0000][194395.871s][info][gc,start    ] GC(7316) Pause Young (Normal) (GCLocker Initiated GC)
[2025-01-09T02:25:25.505+0000][194395.871s][info][gc,task     ] GC(7316) Using 6 workers of 6 for evacuation
[2025-01-09T02:25:25.535+0000][194395.902s][info][gc,phases   ] GC(7316)   Pre Evacuate Collection Set: 0.2ms
[2025-01-09T02:25:25.535+0000][194395.902s][info][gc,phases   ] GC(7316)   Merge Heap Roots: 0.4ms
[2025-01-09T02:25:25.535+0000][194395.902s][info][gc,phases   ] GC(7316)   Evacuate Collection Set: 27.2ms
[2025-01-09T02:25:25.535+0000][194395.902s][info][gc,phases   ] GC(7316)   Post Evacuate Collection Set: 2.7ms
[2025-01-09T02:25:25.535+0000][194395.902s][info][gc,phases   ] GC(7316)   Other: 0.2ms
[2025-01-09T02:25:25.535+0000][194395.902s][info][gc,heap     ] GC(7316) Eden regions: 915->0(913)
[2025-01-09T02:25:25.535+0000][194395.902s][info][gc,heap     ] GC(7316) Survivor regions: 7->8(116)
[2025-01-09T02:25:25.535+0000][194395.902s][info][gc,heap     ] GC(7316) Old regions: 231->231
[2025-01-09T02:25:25.535+0000][194395.902s][info][gc,heap     ] GC(7316) Archive regions: 2->2
[2025-01-09T02:25:25.535+0000][194395.902s][info][gc,heap     ] GC(7316) Humongous regions: 49->49
[2025-01-09T02:25:25.535+0000][194395.902s][info][gc,metaspace] GC(7316) Metaspace: 524943K(534272K)->524943K(534272K) NonClass: 460969K(465536K)->460969K(465536K) Class: 63974K(68736K)->63974K(68736K)
[2025-01-09T02:25:25.536+0000][194395.902s][info][gc          ] GC(7316) Pause Young (Normal) (GCLocker Initiated GC) 9613M->2304M(12288M) 30.845ms
[2025-01-09T02:25:25.536+0000][194395.902s][info][gc,cpu      ] GC(7316) User=0.17s Sys=0.00s Real=0.03s
[2025-01-09T02:25:33.765+0000][194404.131s][info][gc,start    ] GC(7317) Pause Young (Concurrent Start) (GCLocker Initiated GC)
[2025-01-09T02:25:33.765+0000][194404.131s][info][gc,task     ] GC(7317) Using 6 workers of 6 for evacuation
[2025-01-09T02:25:33.799+0000][194404.165s][info][gc,phases   ] GC(7317)   Pre Evacuate Collection Set: 1.1ms
[2025-01-09T02:25:33.799+0000][194404.165s][info][gc,phases   ] GC(7317)   Merge Heap Roots: 0.5ms
[2025-01-09T02:25:33.799+0000][194404.165s][info][gc,phases   ] GC(7317)   Evacuate Collection Set: 30.0ms
[2025-01-09T02:25:33.799+0000][194404.165s][info][gc,phases   ] GC(7317)   Post Evacuate Collection Set: 2.6ms
[2025-01-09T02:25:33.799+0000][194404.165s][info][gc,phases   ] GC(7317)   Other: 0.3ms
[2025-01-09T02:25:33.799+0000][194404.165s][info][gc,heap     ] GC(7317) Eden regions: 914->0(912)
[2025-01-09T02:25:33.799+0000][194404.165s][info][gc,heap     ] GC(7317) Survivor regions: 8->9(116)
[2025-01-09T02:25:33.799+0000][194404.165s][info][gc,heap     ] GC(7317) Old regions: 231->231
[2025-01-09T02:25:33.799+0000][194404.165s][info][gc,heap     ] GC(7317) Archive regions: 2->2
[2025-01-09T02:25:33.799+0000][194404.165s][info][gc,heap     ] GC(7317) Humongous regions: 49->49
[2025-01-09T02:25:33.799+0000][194404.165s][info][gc,metaspace] GC(7317) Metaspace: 524943K(534272K)->524943K(534272K) NonClass: 460969K(465536K)->460969K(465536K) Class: 63974K(68736K)->63974K(68736K)
[2025-01-09T02:25:33.799+0000][194404.165s][info][gc          ] GC(7317) Pause Young (Concurrent Start) (GCLocker Initiated GC) 9612M->2314M(12288M) 34.602ms
[2025-01-09T02:25:33.799+0000][194404.165s][info][gc,cpu      ] GC(7317) User=0.20s Sys=0.00s Real=0.03s
[2025-01-09T02:25:33.799+0000][194404.165s][info][gc          ] GC(7318) Concurrent Mark Cycle
[2025-01-09T02:25:33.799+0000][194404.165s][info][gc,marking  ] GC(7318) Concurrent Clear Claimed Marks
[2025-01-09T02:25:33.800+0000][194404.166s][info][gc,marking  ] GC(7318) Concurrent Clear Claimed Marks 0.857ms
[2025-01-09T02:25:33.800+0000][194404.166s][info][gc,marking  ] GC(7318) Concurrent Scan Root Regions
[2025-01-09T02:25:33.825+0000][194404.191s][info][gc,marking  ] GC(7318) Concurrent Scan Root Regions 24.926ms
[2025-01-09T02:25:33.825+0000][194404.191s][info][gc,marking  ] GC(7318) Concurrent Mark
[2025-01-09T02:25:33.825+0000][194404.191s][info][gc,marking  ] GC(7318) Concurrent Mark From Roots
[2025-01-09T02:25:33.825+0000][194404.191s][info][gc,task     ] GC(7318) Using 2 workers of 2 for marking
[2025-01-09T02:25:34.861+0000][194405.228s][info][gc,marking  ] GC(7318) Concurrent Mark From Roots 1036.227ms
[2025-01-09T02:25:34.861+0000][194405.228s][info][gc,marking  ] GC(7318) Concurrent Preclean
[2025-01-09T02:25:34.864+0000][194405.230s][info][gc,marking  ] GC(7318) Concurrent Preclean 2.395ms
[2025-01-09T02:25:34.864+0000][194405.230s][info][gc,start    ] GC(7318) Pause Remark
[2025-01-09T02:25:34.890+0000][194405.256s][info][gc          ] GC(7318) Pause Remark 3466M->3466M(12288M) 25.685ms
[2025-01-09T02:25:34.890+0000][194405.256s][info][gc,cpu      ] GC(7318) User=0.15s Sys=0.00s Real=0.03s
[2025-01-09T02:25:34.890+0000][194405.256s][info][gc,marking  ] GC(7318) Concurrent Mark 1064.644ms
[2025-01-09T02:25:34.890+0000][194405.256s][info][gc,marking  ] GC(7318) Concurrent Rebuild Remembered Sets
[2025-01-09T02:25:35.532+0000][194405.898s][info][gc,marking  ] GC(7318) Concurrent Rebuild Remembered Sets 641.890ms
[2025-01-09T02:25:35.532+0000][194405.898s][info][gc,start    ] GC(7318) Pause Cleanup
[2025-01-09T02:25:35.532+0000][194405.898s][info][gc          ] GC(7318) Pause Cleanup 4022M->4022M(12288M) 0.436ms
[2025-01-09T02:25:35.532+0000][194405.898s][info][gc,cpu      ] GC(7318) User=0.00s Sys=0.00s Real=0.00s
[2025-01-09T02:25:35.532+0000][194405.899s][info][gc,marking  ] GC(7318) Concurrent Cleanup for Next Mark
[2025-01-09T02:25:35.548+0000][194405.914s][info][gc,marking  ] GC(7318) Concurrent Cleanup for Next Mark 15.442ms
[2025-01-09T02:25:35.548+0000][194405.914s][info][gc          ] GC(7318) Concurrent Mark Cycle 1748.521ms
[2025-01-09T02:25:40.557+0000][194410.923s][info][gc,start    ] GC(7319) Pause Young (Prepare Mixed) (GCLocker Initiated GC)
[2025-01-09T02:25:40.557+0000][194410.923s][info][gc,task     ] GC(7319) Using 6 workers of 6 for evacuation
[2025-01-09T02:25:40.597+0000][194410.963s][info][gc,phases   ] GC(7319)   Pre Evacuate Collection Set: 0.2ms
[2025-01-09T02:25:40.597+0000][194410.963s][info][gc,phases   ] GC(7319)   Merge Heap Roots: 0.7ms
[2025-01-09T02:25:40.597+0000][194410.963s][info][gc,phases   ] GC(7319)   Evacuate Collection Set: 36.0ms
[2025-01-09T02:25:40.597+0000][194410.963s][info][gc,phases   ] GC(7319)   Post Evacuate Collection Set: 2.7ms
[2025-01-09T02:25:40.597+0000][194410.963s][info][gc,phases   ] GC(7319)   Other: 0.3ms
[2025-01-09T02:25:40.597+0000][194410.963s][info][gc,heap     ] GC(7319) Eden regions: 913->0(65)
[2025-01-09T02:25:40.597+0000][194410.963s][info][gc,heap     ] GC(7319) Survivor regions: 9->11(116)
[2025-01-09T02:25:40.597+0000][194410.963s][info][gc,heap     ] GC(7319) Old regions: 231->231
[2025-01-09T02:25:40.597+0000][194410.963s][info][gc,heap     ] GC(7319) Archive regions: 2->2
[2025-01-09T02:25:40.597+0000][194410.963s][info][gc,heap     ] GC(7319) Humongous regions: 49->49
[2025-01-09T02:25:40.597+0000][194410.963s][info][gc,metaspace] GC(7319) Metaspace: 524943K(534272K)->524943K(534272K) NonClass: 460969K(465536K)->460969K(465536K) Class: 63974K(68736K)->63974K(68736K)
[2025-01-09T02:25:40.597+0000][194410.963s][info][gc          ] GC(7319) Pause Young (Prepare Mixed) (GCLocker Initiated GC) 9610M->2328M(12288M) 39.978ms
[2025-01-09T02:25:40.597+0000][194410.963s][info][gc,cpu      ] GC(7319) User=0.23s Sys=0.00s Real=0.04s
[2025-01-09T02:25:42.268+0000][194412.634s][info][gc,start    ] GC(7320) Pause Young (Mixed) (GCLocker Initiated GC)
[2025-01-09T02:25:42.268+0000][194412.634s][info][gc,task     ] GC(7320) Using 6 workers of 6 for evacuation
[2025-01-09T02:25:42.319+0000][194412.685s][info][gc,phases   ] GC(7320)   Pre Evacuate Collection Set: 0.2ms
[2025-01-09T02:25:42.319+0000][194412.685s][info][gc,phases   ] GC(7320)   Merge Heap Roots: 0.5ms
[2025-01-09T02:25:42.319+0000][194412.685s][info][gc,phases   ] GC(7320)   Evacuate Collection Set: 48.2ms
[2025-01-09T02:25:42.319+0000][194412.685s][info][gc,phases   ] GC(7320)   Post Evacuate Collection Set: 1.7ms
[2025-01-09T02:25:42.319+0000][194412.685s][info][gc,phases   ] GC(7320)   Other: 0.2ms
[2025-01-09T02:25:42.319+0000][194412.685s][info][gc,heap     ] GC(7320) Eden regions: 66->0(916)
[2025-01-09T02:25:42.319+0000][194412.685s][info][gc,heap     ] GC(7320) Survivor regions: 11->5(10)
[2025-01-09T02:25:42.319+0000][194412.685s][info][gc,heap     ] GC(7320) Old regions: 231->230
[2025-01-09T02:25:42.319+0000][194412.685s][info][gc,heap     ] GC(7320) Archive regions: 2->2
[2025-01-09T02:25:42.319+0000][194412.685s][info][gc,heap     ] GC(7320) Humongous regions: 49->49
[2025-01-09T02:25:42.319+0000][194412.685s][info][gc,metaspace] GC(7320) Metaspace: 524943K(534272K)->524943K(534272K) NonClass: 460969K(465536K)->460969K(465536K) Class: 63974K(68736K)->63974K(68736K)
[2025-01-09T02:25:42.319+0000][194412.685s][info][gc          ] GC(7320) Pause Young (Mixed) (GCLocker Initiated GC) 2849M->2275M(12288M) 50.859ms
[2025-01-09T02:25:42.319+0000][194412.685s][info][gc,cpu      ] GC(7320) User=0.30s Sys=0.00s Real=0.05s
[2025-01-09T02:25:51.578+0000][194421.944s][info][gc,start    ] GC(7321) Pause Young (Normal) (GCLocker Initiated GC)
[2025-01-09T02:25:51.578+0000][194421.945s][info][gc,task     ] GC(7321) Using 6 workers of 6 for evacuation
[2025-01-09T02:25:51.605+0000][194421.971s][info][gc,phases   ] GC(7321)   Pre Evacuate Collection Set: 0.2ms
[2025-01-09T02:25:51.605+0000][194421.971s][info][gc,phases   ] GC(7321)   Merge Heap Roots: 0.4ms
[2025-01-09T02:25:51.605+0000][194421.971s][info][gc,phases   ] GC(7321)   Evacuate Collection Set: 23.5ms
[2025-01-09T02:25:51.605+0000][194421.971s][info][gc,phases   ] GC(7321)   Post Evacuate Collection Set: 2.6ms
[2025-01-09T02:25:51.605+0000][194421.971s][info][gc,phases   ] GC(7321)   Other: 0.2ms
[2025-01-09T02:25:51.605+0000][194421.971s][info][gc,heap     ] GC(7321) Eden regions: 917->0(915)
[2025-01-09T02:25:51.605+0000][194421.971s][info][gc,heap     ] GC(7321) Survivor regions: 5->6(116)
[2025-01-09T02:25:51.605+0000][194421.971s][info][gc,heap     ] GC(7321) Old regions: 230->230
[2025-01-09T02:25:51.605+0000][194421.972s][info][gc,heap     ] GC(7321) Archive regions: 2->2
[2025-01-09T02:25:51.605+0000][194421.972s][info][gc,heap     ] GC(7321) Humongous regions: 49->49
[2025-01-09T02:25:51.605+0000][194421.972s][info][gc,metaspace] GC(7321) Metaspace: 524943K(534272K)->524943K(534272K) NonClass: 460969K(465536K)->460969K(465536K) Class: 63974K(68736K)->63974K(68736K)
[2025-01-09T02:25:51.605+0000][194421.972s][info][gc          ] GC(7321) Pause Young (Normal) (GCLocker Initiated GC) 9607M->2282M(12288M) 27.062ms
[2025-01-09T02:25:51.606+0000][194421.972s][info][gc,cpu      ] GC(7321) User=0.16s Sys=0.00s Real=0.03s
[2025-01-09T02:26:01.814+0000][194432.180s][info][gc,start    ] GC(7322) Pause Young (Normal) (GCLocker Initiated GC)
[2025-01-09T02:26:01.814+0000][194432.180s][info][gc,task     ] GC(7322) Using 6 workers of 6 for evacuation
[2025-01-09T02:26:01.850+0000][194432.216s][info][gc,phases   ] GC(7322)   Pre Evacuate Collection Set: 0.2ms
[2025-01-09T02:26:01.850+0000][194432.216s][info][gc,phases   ] GC(7322)   Merge Heap Roots: 0.5ms
[2025-01-09T02:26:01.850+0000][194432.216s][info][gc,phases   ] GC(7322)   Evacuate Collection Set: 30.5ms
[2025-01-09T02:26:01.850+0000][194432.216s][info][gc,phases   ] GC(7322)   Post Evacuate Collection Set: 5.3ms
[2025-01-09T02:26:01.850+0000][194432.216s][info][gc,phases   ] GC(7322)   Other: 0.2ms
[2025-01-09T02:26:01.850+0000][194432.216s][info][gc,heap     ] GC(7322) Eden regions: 916->0(911)
[2025-01-09T02:26:01.850+0000][194432.216s][info][gc,heap     ] GC(7322) Survivor regions: 6->10(116)
[2025-01-09T02:26:01.850+0000][194432.216s][info][gc,heap     ] GC(7322) Old regions: 230->230
[2025-01-09T02:26:01.850+0000][194432.216s][info][gc,heap     ] GC(7322) Archive regions: 2->2
[2025-01-09T02:26:01.850+0000][194432.216s][info][gc,heap     ] GC(7322) Humongous regions: 49->49
[2025-01-09T02:26:01.850+0000][194432.216s][info][gc,metaspace] GC(7322) Metaspace: 524943K(534272K)->524943K(534272K) NonClass: 460969K(465536K)->460969K(465536K) Class: 63974K(68736K)->63974K(68736K)
[2025-01-09T02:26:01.850+0000][194432.216s][info][gc          ] GC(7322) Pause Young (Normal) (GCLocker Initiated GC) 9606M->2314M(12288M) 36.731ms
[2025-01-09T02:26:01.850+0000][194432.216s][info][gc,cpu      ] GC(7322) User=0.21s Sys=0.00s Real=0.04s
[2025-01-09T02:26:11.693+0000][194442.059s][info][gc,start    ] GC(7323) Pause Young (Concurrent Start) (GCLocker Initiated GC)
[2025-01-09T02:26:11.693+0000][194442.059s][info][gc,task     ] GC(7323) Using 6 workers of 6 for evacuation
[2025-01-09T02:26:11.732+0000][194442.098s][info][gc,phases   ] GC(7323)   Pre Evacuate Collection Set: 1.2ms
[2025-01-09T02:26:11.732+0000][194442.098s][info][gc,phases   ] GC(7323)   Merge Heap Roots: 0.5ms
[2025-01-09T02:26:11.732+0000][194442.098s][info][gc,phases   ] GC(7323)   Evacuate Collection Set: 32.4ms
[2025-01-09T02:26:11.732+0000][194442.098s][info][gc,phases   ] GC(7323)   Post Evacuate Collection Set: 4.5ms
[2025-01-09T02:26:11.732+0000][194442.098s][info][gc,phases   ] GC(7323)   Other: 0.3ms
[2025-01-09T02:26:11.732+0000][194442.098s][info][gc,heap     ] GC(7323) Eden regions: 912->0(911)
[2025-01-09T02:26:11.732+0000][194442.098s][info][gc,heap     ] GC(7323) Survivor regions: 10->10(116)
[2025-01-09T02:26:11.732+0000][194442.098s][info][gc,heap     ] GC(7323) Old regions: 230->230
[2025-01-09T02:26:11.732+0000][194442.098s][info][gc,heap     ] GC(7323) Archive regions: 2->2
[2025-01-09T02:26:11.732+0000][194442.098s][info][gc,heap     ] GC(7323) Humongous regions: 49->49
[2025-01-09T02:26:11.732+0000][194442.098s][info][gc,metaspace] GC(7323) Metaspace: 524943K(534272K)->524943K(534272K) NonClass: 460969K(465536K)->460969K(465536K) Class: 63974K(68736K)->63974K(68736K)
[2025-01-09T02:26:11.732+0000][194442.098s][info][gc          ] GC(7323) Pause Young (Concurrent Start) (GCLocker Initiated GC) 9606M->2314M(12288M) 38.867ms
[2025-01-09T02:26:11.732+0000][194442.098s][info][gc,cpu      ] GC(7323) User=0.22s Sys=0.00s Real=0.04s
[2025-01-09T02:26:11.732+0000][194442.098s][info][gc          ] GC(7324) Concurrent Mark Cycle
[2025-01-09T02:26:11.732+0000][194442.098s][info][gc,marking  ] GC(7324) Concurrent Clear Claimed Marks
[2025-01-09T02:26:11.733+0000][194442.099s][info][gc,marking  ] GC(7324) Concurrent Clear Claimed Marks 0.961ms
[2025-01-09T02:26:11.733+0000][194442.099s][info][gc,marking  ] GC(7324) Concurrent Scan Root Regions
[2025-01-09T02:26:11.762+0000][194442.128s][info][gc,marking  ] GC(7324) Concurrent Scan Root Regions 29.209ms
[2025-01-09T02:26:11.762+0000][194442.128s][info][gc,marking  ] GC(7324) Concurrent Mark
[2025-01-09T02:26:11.762+0000][194442.128s][info][gc,marking  ] GC(7324) Concurrent Mark From Roots
[2025-01-09T02:26:11.762+0000][194442.128s][info][gc,task     ] GC(7324) Using 2 workers of 2 for marking
[2025-01-09T02:26:12.770+0000][194443.136s][info][gc,marking  ] GC(7324) Concurrent Mark From Roots 1007.486ms
[2025-01-09T02:26:12.770+0000][194443.136s][info][gc,marking  ] GC(7324) Concurrent Preclean
[2025-01-09T02:26:12.773+0000][194443.139s][info][gc,marking  ] GC(7324) Concurrent Preclean 3.159ms
[2025-01-09T02:26:12.773+0000][194443.139s][info][gc,start    ] GC(7324) Pause Remark
[2025-01-09T02:26:12.801+0000][194443.168s][info][gc          ] GC(7324) Pause Remark 3423M->3423M(12288M) 28.224ms
[2025-01-09T02:26:12.802+0000][194443.168s][info][gc,cpu      ] GC(7324) User=0.16s Sys=0.00s Real=0.03s
[2025-01-09T02:26:12.802+0000][194443.168s][info][gc,marking  ] GC(7324) Concurrent Mark 1039.493ms
[2025-01-09T02:26:12.802+0000][194443.168s][info][gc,marking  ] GC(7324) Concurrent Rebuild Remembered Sets
[2025-01-09T02:26:13.450+0000][194443.816s][info][gc,marking  ] GC(7324) Concurrent Rebuild Remembered Sets 648.610ms
[2025-01-09T02:26:13.451+0000][194443.817s][info][gc,start    ] GC(7324) Pause Cleanup
[2025-01-09T02:26:13.451+0000][194443.817s][info][gc          ] GC(7324) Pause Cleanup 4026M->4026M(12288M) 0.457ms
[2025-01-09T02:26:13.451+0000][194443.817s][info][gc,cpu      ] GC(7324) User=0.00s Sys=0.00s Real=0.00s
[2025-01-09T02:26:13.451+0000][194443.818s][info][gc,marking  ] GC(7324) Concurrent Cleanup for Next Mark
[2025-01-09T02:26:13.468+0000][194443.834s][info][gc,marking  ] GC(7324) Concurrent Cleanup for Next Mark 16.060ms
[2025-01-09T02:26:13.468+0000][194443.834s][info][gc          ] GC(7324) Concurrent Mark Cycle 1735.635ms
[2025-01-09T02:26:19.977+0000][194450.343s][info][gc,start    ] GC(7325) Pause Young (Prepare Mixed) (GCLocker Initiated GC)
[2025-01-09T02:26:19.977+0000][194450.343s][info][gc,task     ] GC(7325) Using 6 workers of 6 for evacuation
[2025-01-09T02:26:20.016+0000][194450.382s][info][gc,phases   ] GC(7325)   Pre Evacuate Collection Set: 0.2ms
[2025-01-09T02:26:20.016+0000][194450.382s][info][gc,phases   ] GC(7325)   Merge Heap Roots: 0.7ms
[2025-01-09T02:26:20.016+0000][194450.382s][info][gc,phases   ] GC(7325)   Evacuate Collection Set: 35.2ms
[2025-01-09T02:26:20.016+0000][194450.382s][info][gc,phases   ] GC(7325)   Post Evacuate Collection Set: 2.8ms
[2025-01-09T02:26:20.016+0000][194450.382s][info][gc,phases   ] GC(7325)   Other: 0.2ms
[2025-01-09T02:26:20.016+0000][194450.382s][info][gc,heap     ] GC(7325) Eden regions: 912->0(65)
[2025-01-09T02:26:20.016+0000][194450.382s][info][gc,heap     ] GC(7325) Survivor regions: 10->11(116)
[2025-01-09T02:26:20.016+0000][194450.382s][info][gc,heap     ] GC(7325) Old regions: 230->230
[2025-01-09T02:26:20.016+0000][194450.382s][info][gc,heap     ] GC(7325) Archive regions: 2->2
[2025-01-09T02:26:20.016+0000][194450.382s][info][gc,heap     ] GC(7325) Humongous regions: 49->49
[2025-01-09T02:26:20.016+0000][194450.382s][info][gc,metaspace] GC(7325) Metaspace: 524943K(534272K)->524943K(534272K) NonClass: 460969K(465536K)->460969K(465536K) Class: 63974K(68736K)->63974K(68736K)
[2025-01-09T02:26:20.016+0000][194450.382s][info][gc          ] GC(7325) Pause Young (Prepare Mixed) (GCLocker Initiated GC) 9606M->2320M(12288M) 39.271ms
[2025-01-09T02:26:20.016+0000][194450.382s][info][gc,cpu      ] GC(7325) User=0.23s Sys=0.00s Real=0.04s
[2025-01-09T02:26:20.418+0000][194450.784s][info][gc,start    ] GC(7326) Pause Young (Mixed) (GCLocker Initiated GC)
[2025-01-09T02:26:20.418+0000][194450.784s][info][gc,task     ] GC(7326) Using 6 workers of 6 for evacuation
[2025-01-09T02:26:20.481+0000][194450.847s][info][gc,phases   ] GC(7326)   Pre Evacuate Collection Set: 0.2ms
[2025-01-09T02:26:20.481+0000][194450.847s][info][gc,phases   ] GC(7326)   Merge Heap Roots: 0.6ms
[2025-01-09T02:26:20.481+0000][194450.847s][info][gc,phases   ] GC(7326)   Evacuate Collection Set: 60.3ms
[2025-01-09T02:26:20.481+0000][194450.847s][info][gc,phases   ] GC(7326)   Post Evacuate Collection Set: 1.6ms
[2025-01-09T02:26:20.481+0000][194450.847s][info][gc,phases   ] GC(7326)   Other: 0.2ms
[2025-01-09T02:26:20.481+0000][194450.847s][info][gc,heap     ] GC(7326) Eden regions: 65->0(915)
[2025-01-09T02:26:20.481+0000][194450.847s][info][gc,heap     ] GC(7326) Survivor regions: 11->6(10)
[2025-01-09T02:26:20.481+0000][194450.847s][info][gc,heap     ] GC(7326) Old regions: 230->230
[2025-01-09T02:26:20.481+0000][194450.847s][info][gc,heap     ] GC(7326) Archive regions: 2->2
[2025-01-09T02:26:20.481+0000][194450.847s][info][gc,heap     ] GC(7326) Humongous regions: 49->49
[2025-01-09T02:26:20.481+0000][194450.847s][info][gc,metaspace] GC(7326) Metaspace: 524943K(534272K)->524943K(534272K) NonClass: 460969K(465536K)->460969K(465536K) Class: 63974K(68736K)->63974K(68736K)
[2025-01-09T02:26:20.481+0000][194450.847s][info][gc          ] GC(7326) Pause Young (Mixed) (GCLocker Initiated GC) 2840M->2274M(12288M) 62.985ms
[2025-01-09T02:26:20.481+0000][194450.847s][info][gc,cpu      ] GC(7326) User=0.37s Sys=0.00s Real=0.06s
[2025-01-09T02:26:28.966+0000][194459.332s][info][gc,start    ] GC(7327) Pause Young (Normal) (GCLocker Initiated GC)
[2025-01-09T02:26:28.966+0000][194459.333s][info][gc,task     ] GC(7327) Using 6 workers of 6 for evacuation
[2025-01-09T02:26:28.996+0000][194459.362s][info][gc,phases   ] GC(7327)   Pre Evacuate Collection Set: 0.2ms
[2025-01-09T02:26:28.996+0000][194459.362s][info][gc,phases   ] GC(7327)   Merge Heap Roots: 0.5ms
[2025-01-09T02:26:28.996+0000][194459.362s][info][gc,phases   ] GC(7327)   Evacuate Collection Set: 26.4ms
[2025-01-09T02:26:28.996+0000][194459.362s][info][gc,phases   ] GC(7327)   Post Evacuate Collection Set: 2.5ms
[2025-01-09T02:26:28.996+0000][194459.362s][info][gc,phases   ] GC(7327)   Other: 0.2ms
[2025-01-09T02:26:28.996+0000][194459.362s][info][gc,heap     ] GC(7327) Eden regions: 916->0(914)
[2025-01-09T02:26:28.996+0000][194459.362s][info][gc,heap     ] GC(7327) Survivor regions: 6->7(116)
[2025-01-09T02:26:28.996+0000][194459.362s][info][gc,heap     ] GC(7327) Old regions: 230->230
[2025-01-09T02:26:28.996+0000][194459.362s][info][gc,heap     ] GC(7327) Archive regions: 2->2
[2025-01-09T02:26:28.996+0000][194459.362s][info][gc,heap     ] GC(7327) Humongous regions: 49->49
[2025-01-09T02:26:28.996+0000][194459.362s][info][gc,metaspace] GC(7327) Metaspace: 524943K(534272K)->524943K(534272K) NonClass: 460969K(465536K)->460969K(465536K) Class: 63974K(68736K)->63974K(68736K)
[2025-01-09T02:26:28.996+0000][194459.362s][info][gc          ] GC(7327) Pause Young (Normal) (GCLocker Initiated GC) 9599M->2288M(12288M) 29.817ms
[2025-01-09T02:26:28.996+0000][194459.362s][info][gc,cpu      ] GC(7327) User=0.17s Sys=0.00s Real=0.03s
[2025-01-09T02:26:36.792+0000][194467.158s][info][gc,start    ] GC(7328) Pause Young (Normal) (GCLocker Initiated GC)
[2025-01-09T02:26:36.792+0000][194467.158s][info][gc,task     ] GC(7328) Using 6 workers of 6 for evacuation
[2025-01-09T02:26:36.821+0000][194467.187s][info][gc,phases   ] GC(7328)   Pre Evacuate Collection Set: 0.2ms
[2025-01-09T02:26:36.821+0000][194467.187s][info][gc,phases   ] GC(7328)   Merge Heap Roots: 0.4ms
[2025-01-09T02:26:36.821+0000][194467.187s][info][gc,phases   ] GC(7328)   Evacuate Collection Set: 26.4ms
[2025-01-09T02:26:36.821+0000][194467.187s][info][gc,phases   ] GC(7328)   Post Evacuate Collection Set: 2.5ms
[2025-01-09T02:26:36.821+0000][194467.187s][info][gc,phases   ] GC(7328)   Other: 0.2ms
[2025-01-09T02:26:36.821+0000][194467.187s][info][gc,heap     ] GC(7328) Eden regions: 915->0(913)
[2025-01-09T02:26:36.821+0000][194467.187s][info][gc,heap     ] GC(7328) Survivor regions: 7->8(116)
[2025-01-09T02:26:36.821+0000][194467.187s][info][gc,heap     ] GC(7328) Old regions: 230->230
[2025-01-09T02:26:36.821+0000][194467.187s][info][gc,heap     ] GC(7328) Archive regions: 2->2
[2025-01-09T02:26:36.821+0000][194467.187s][info][gc,heap     ] GC(7328) Humongous regions: 49->49
[2025-01-09T02:26:36.821+0000][194467.187s][info][gc,metaspace] GC(7328) Metaspace: 524943K(534272K)->524943K(534272K) NonClass: 460969K(465536K)->460969K(465536K) Class: 63974K(68736K)->63974K(68736K)
[2025-01-09T02:26:36.821+0000][194467.187s][info][gc          ] GC(7328) Pause Young (Normal) (GCLocker Initiated GC) 9604M->2293M(12288M) 29.792ms
[2025-01-09T02:26:36.821+0000][194467.187s][info][gc,cpu      ] GC(7328) User=0.18s Sys=0.00s Real=0.02s
[2025-01-09T02:26:41.899+0000][194472.265s][info][gc,start    ] GC(7329) Pause Young (Concurrent Start) (GCLocker Initiated GC)
[2025-01-09T02:26:41.899+0000][194472.265s][info][gc,task     ] GC(7329) Using 6 workers of 6 for evacuation
[2025-01-09T02:26:41.933+0000][194472.299s][info][gc,phases   ] GC(7329)   Pre Evacuate Collection Set: 1.2ms
[2025-01-09T02:26:41.933+0000][194472.299s][info][gc,phases   ] GC(7329)   Merge Heap Roots: 0.5ms
[2025-01-09T02:26:41.933+0000][194472.299s][info][gc,phases   ] GC(7329)   Evacuate Collection Set: 29.7ms
[2025-01-09T02:26:41.933+0000][194472.299s][info][gc,phases   ] GC(7329)   Post Evacuate Collection Set: 2.4ms
[2025-01-09T02:26:41.933+0000][194472.299s][info][gc,phases   ] GC(7329)   Other: 0.3ms
[2025-01-09T02:26:41.933+0000][194472.299s][info][gc,heap     ] GC(7329) Eden regions: 914->0(912)
[2025-01-09T02:26:41.933+0000][194472.299s][info][gc,heap     ] GC(7329) Survivor regions: 8->9(116)
[2025-01-09T02:26:41.933+0000][194472.299s][info][gc,heap     ] GC(7329) Old regions: 230->230
[2025-01-09T02:26:41.933+0000][194472.299s][info][gc,heap     ] GC(7329) Archive regions: 2->2
[2025-01-09T02:26:41.933+0000][194472.299s][info][gc,heap     ] GC(7329) Humongous regions: 49->49
[2025-01-09T02:26:41.933+0000][194472.299s][info][gc,metaspace] GC(7329) Metaspace: 524943K(534272K)->524943K(534272K) NonClass: 460969K(465536K)->460969K(465536K) Class: 63974K(68736K)->63974K(68736K)
[2025-01-09T02:26:41.933+0000][194472.299s][info][gc          ] GC(7329) Pause Young (Concurrent Start) (GCLocker Initiated GC) 9601M->2302M(12288M) 34.110ms
[2025-01-09T02:26:41.933+0000][194472.299s][info][gc,cpu      ] GC(7329) User=0.19s Sys=0.00s Real=0.04s
[2025-01-09T02:26:41.933+0000][194472.300s][info][gc          ] GC(7330) Concurrent Mark Cycle
[2025-01-09T02:26:41.933+0000][194472.300s][info][gc,marking  ] GC(7330) Concurrent Clear Claimed Marks
[2025-01-09T02:26:41.934+0000][194472.301s][info][gc,marking  ] GC(7330) Concurrent Clear Claimed Marks 0.954ms
[2025-01-09T02:26:41.934+0000][194472.301s][info][gc,marking  ] GC(7330) Concurrent Scan Root Regions
[2025-01-09T02:26:41.963+0000][194472.329s][info][gc,marking  ] GC(7330) Concurrent Scan Root Regions 28.897ms
[2025-01-09T02:26:41.963+0000][194472.329s][info][gc,marking  ] GC(7330) Concurrent Mark
[2025-01-09T02:26:41.963+0000][194472.329s][info][gc,marking  ] GC(7330) Concurrent Mark From Roots
[2025-01-09T02:26:41.963+0000][194472.329s][info][gc,task     ] GC(7330) Using 2 workers of 2 for marking
[2025-01-09T02:26:42.934+0000][194473.300s][info][gc,marking  ] GC(7330) Concurrent Mark From Roots 970.472ms
[2025-01-09T02:26:42.934+0000][194473.300s][info][gc,marking  ] GC(7330) Concurrent Preclean
[2025-01-09T02:26:42.937+0000][194473.303s][info][gc,marking  ] GC(7330) Concurrent Preclean 3.061ms
[2025-01-09T02:26:42.937+0000][194473.303s][info][gc,start    ] GC(7330) Pause Remark
[2025-01-09T02:26:42.965+0000][194473.331s][info][gc          ] GC(7330) Pause Remark 3301M->3301M(12288M) 27.745ms
[2025-01-09T02:26:42.965+0000][194473.331s][info][gc,cpu      ] GC(7330) User=0.17s Sys=0.00s Real=0.03s
[2025-01-09T02:26:42.965+0000][194473.331s][info][gc,marking  ] GC(7330) Concurrent Mark 1001.653ms
[2025-01-09T02:26:42.965+0000][194473.331s][info][gc,marking  ] GC(7330) Concurrent Rebuild Remembered Sets
[2025-01-09T02:26:43.645+0000][194474.011s][info][gc,marking  ] GC(7330) Concurrent Rebuild Remembered Sets 680.342ms
[2025-01-09T02:26:43.646+0000][194474.012s][info][gc,start    ] GC(7330) Pause Cleanup
[2025-01-09T02:26:43.646+0000][194474.012s][info][gc          ] GC(7330) Pause Cleanup 4256M->4256M(12288M) 0.486ms
[2025-01-09T02:26:43.646+0000][194474.012s][info][gc,cpu      ] GC(7330) User=0.00s Sys=0.00s Real=0.00s
[2025-01-09T02:26:43.646+0000][194474.012s][info][gc,marking  ] GC(7330) Concurrent Cleanup for Next Mark
[2025-01-09T02:26:43.664+0000][194474.030s][info][gc,marking  ] GC(7330) Concurrent Cleanup for Next Mark 17.342ms
[2025-01-09T02:26:43.664+0000][194474.030s][info][gc          ] GC(7330) Concurrent Mark Cycle 1730.146ms
[2025-01-09T02:26:47.298+0000][194477.664s][info][gc,start    ] GC(7331) Pause Young (Prepare Mixed) (GCLocker Initiated GC)
[2025-01-09T02:26:47.298+0000][194477.664s][info][gc,task     ] GC(7331) Using 6 workers of 6 for evacuation
[2025-01-09T02:26:47.332+0000][194477.698s][info][gc,phases   ] GC(7331)   Pre Evacuate Collection Set: 0.2ms
[2025-01-09T02:26:47.332+0000][194477.698s][info][gc,phases   ] GC(7331)   Merge Heap Roots: 0.7ms
[2025-01-09T02:26:47.332+0000][194477.698s][info][gc,phases   ] GC(7331)   Evacuate Collection Set: 30.6ms
[2025-01-09T02:26:47.332+0000][194477.698s][info][gc,phases   ] GC(7331)   Post Evacuate Collection Set: 2.6ms
[2025-01-09T02:26:47.332+0000][194477.698s][info][gc,phases   ] GC(7331)   Other: 0.2ms
[2025-01-09T02:26:47.332+0000][194477.698s][info][gc,heap     ] GC(7331) Eden regions: 913->0(67)
[2025-01-09T02:26:47.332+0000][194477.698s][info][gc,heap     ] GC(7331) Survivor regions: 9->9(116)
[2025-01-09T02:26:47.332+0000][194477.698s][info][gc,heap     ] GC(7331) Old regions: 230->230
[2025-01-09T02:26:47.332+0000][194477.698s][info][gc,heap     ] GC(7331) Archive regions: 2->2
[2025-01-09T02:26:47.332+0000][194477.698s][info][gc,heap     ] GC(7331) Humongous regions: 49->49
[2025-01-09T02:26:47.332+0000][194477.698s][info][gc,metaspace] GC(7331) Metaspace: 524943K(534272K)->524943K(534272K) NonClass: 460969K(465536K)->460969K(465536K) Class: 63974K(68736K)->63974K(68736K)
[2025-01-09T02:26:47.332+0000][194477.698s][info][gc          ] GC(7331) Pause Young (Prepare Mixed) (GCLocker Initiated GC) 9599M->2304M(12288M) 34.308ms
[2025-01-09T02:26:47.332+0000][194477.699s][info][gc,cpu      ] GC(7331) User=0.21s Sys=0.00s Real=0.04s
[2025-01-09T02:26:47.586+0000][194477.952s][info][gc,start    ] GC(7332) Pause Young (Mixed) (GCLocker Initiated GC)
[2025-01-09T02:26:47.586+0000][194477.952s][info][gc,task     ] GC(7332) Using 6 workers of 6 for evacuation
[2025-01-09T02:26:47.651+0000][194478.017s][info][gc,phases   ] GC(7332)   Pre Evacuate Collection Set: 0.2ms
[2025-01-09T02:26:47.651+0000][194478.017s][info][gc,phases   ] GC(7332)   Merge Heap Roots: 0.7ms
[2025-01-09T02:26:47.651+0000][194478.017s][info][gc,phases   ] GC(7332)   Evacuate Collection Set: 60.7ms
[2025-01-09T02:26:47.651+0000][194478.017s][info][gc,phases   ] GC(7332)   Post Evacuate Collection Set: 3.0ms
[2025-01-09T02:26:47.651+0000][194478.017s][info][gc,phases   ] GC(7332)   Other: 0.2ms
[2025-01-09T02:26:47.651+0000][194478.017s][info][gc,heap     ] GC(7332) Eden regions: 68->0(915)
[2025-01-09T02:26:47.651+0000][194478.017s][info][gc,heap     ] GC(7332) Survivor regions: 9->6(10)
[2025-01-09T02:26:47.651+0000][194478.017s][info][gc,heap     ] GC(7332) Old regions: 230->229
[2025-01-09T02:26:47.651+0000][194478.017s][info][gc,heap     ] GC(7332) Archive regions: 2->2
[2025-01-09T02:26:47.651+0000][194478.017s][info][gc,heap     ] GC(7332) Humongous regions: 49->49
[2025-01-09T02:26:47.651+0000][194478.017s][info][gc,metaspace] GC(7332) Metaspace: 524943K(534272K)->524943K(534272K) NonClass: 460969K(465536K)->460969K(465536K) Class: 63974K(68736K)->63974K(68736K)
[2025-01-09T02:26:47.651+0000][194478.017s][info][gc          ] GC(7332) Pause Young (Mixed) (GCLocker Initiated GC) 2843M->2276M(12288M) 64.830ms
[2025-01-09T02:26:47.651+0000][194478.017s][info][gc,cpu      ] GC(7332) User=0.38s Sys=0.00s Real=0.07s
[2025-01-09T02:26:51.764+0000][194482.130s][info][gc,start    ] GC(7333) Pause Young (Normal) (GCLocker Initiated GC)
[2025-01-09T02:26:51.764+0000][194482.130s][info][gc,task     ] GC(7333) Using 6 workers of 6 for evacuation
[2025-01-09T02:26:51.789+0000][194482.155s][info][gc,phases   ] GC(7333)   Pre Evacuate Collection Set: 0.2ms
[2025-01-09T02:26:51.789+0000][194482.155s][info][gc,phases   ] GC(7333)   Merge Heap Roots: 0.4ms
[2025-01-09T02:26:51.789+0000][194482.155s][info][gc,phases   ] GC(7333)   Evacuate Collection Set: 21.7ms
[2025-01-09T02:26:51.789+0000][194482.155s][info][gc,phases   ] GC(7333)   Post Evacuate Collection Set: 2.4ms
[2025-01-09T02:26:51.789+0000][194482.155s][info][gc,phases   ] GC(7333)   Other: 0.2ms
[2025-01-09T02:26:51.789+0000][194482.155s][info][gc,heap     ] GC(7333) Eden regions: 916->0(915)
[2025-01-09T02:26:51.789+0000][194482.155s][info][gc,heap     ] GC(7333) Survivor regions: 6->6(116)
[2025-01-09T02:26:51.789+0000][194482.155s][info][gc,heap     ] GC(7333) Old regions: 229->229
[2025-01-09T02:26:51.789+0000][194482.155s][info][gc,heap     ] GC(7333) Archive regions: 2->2
[2025-01-09T02:26:51.789+0000][194482.155s][info][gc,heap     ] GC(7333) Humongous regions: 49->49
[2025-01-09T02:26:51.789+0000][194482.155s][info][gc,metaspace] GC(7333) Metaspace: 524943K(534272K)->524943K(534272K) NonClass: 460969K(465536K)->460969K(465536K) Class: 63974K(68736K)->63974K(68736K)
[2025-01-09T02:26:51.789+0000][194482.155s][info][gc          ] GC(7333) Pause Young (Normal) (GCLocker Initiated GC) 9600M->2276M(12288M) 24.946ms
[2025-01-09T02:26:51.789+0000][194482.155s][info][gc,cpu      ] GC(7333) User=0.15s Sys=0.00s Real=0.02s
[2025-01-09T02:26:55.943+0000][194486.309s][info][gc,start    ] GC(7334) Pause Young (Normal) (GCLocker Initiated GC)
[2025-01-09T02:26:55.943+0000][194486.309s][info][gc,task     ] GC(7334) Using 6 workers of 6 for evacuation
[2025-01-09T02:26:55.970+0000][194486.336s][info][gc,phases   ] GC(7334)   Pre Evacuate Collection Set: 0.2ms
[2025-01-09T02:26:55.970+0000][194486.336s][info][gc,phases   ] GC(7334)   Merge Heap Roots: 0.4ms
[2025-01-09T02:26:55.970+0000][194486.336s][info][gc,phases   ] GC(7334)   Evacuate Collection Set: 22.4ms
[2025-01-09T02:26:55.970+0000][194486.336s][info][gc,phases   ] GC(7334)   Post Evacuate Collection Set: 3.6ms
[2025-01-09T02:26:55.970+0000][194486.336s][info][gc,phases   ] GC(7334)   Other: 0.2ms
[2025-01-09T02:26:55.970+0000][194486.336s][info][gc,heap     ] GC(7334) Eden regions: 916->0(914)
[2025-01-09T02:26:55.970+0000][194486.336s][info][gc,heap     ] GC(7334) Survivor regions: 6->7(116)
[2025-01-09T02:26:55.970+0000][194486.336s][info][gc,heap     ] GC(7334) Old regions: 229->229
[2025-01-09T02:26:55.970+0000][194486.336s][info][gc,heap     ] GC(7334) Archive regions: 2->2
[2025-01-09T02:26:55.970+0000][194486.336s][info][gc,heap     ] GC(7334) Humongous regions: 49->49
[2025-01-09T02:26:55.970+0000][194486.336s][info][gc,metaspace] GC(7334) Metaspace: 524943K(534272K)->524943K(534272K) NonClass: 460969K(465536K)->460969K(465536K) Class: 63974K(68736K)->63974K(68736K)
[2025-01-09T02:26:55.970+0000][194486.336s][info][gc          ] GC(7334) Pause Young (Normal) (GCLocker Initiated GC) 9600M->2283M(12288M) 26.926ms
[2025-01-09T02:26:55.970+0000][194486.336s][info][gc,cpu      ] GC(7334) User=0.16s Sys=0.00s Real=0.03s
[2025-01-09T02:26:59.953+0000][194490.319s][info][gc,start    ] GC(7335) Pause Young (Concurrent Start) (GCLocker Initiated GC)
[2025-01-09T02:26:59.953+0000][194490.319s][info][gc,task     ] GC(7335) Using 6 workers of 6 for evacuation
[2025-01-09T02:26:59.981+0000][194490.347s][info][gc,phases   ] GC(7335)   Pre Evacuate Collection Set: 1.2ms
[2025-01-09T02:26:59.981+0000][194490.347s][info][gc,phases   ] GC(7335)   Merge Heap Roots: 0.4ms
[2025-01-09T02:26:59.981+0000][194490.347s][info][gc,phases   ] GC(7335)   Evacuate Collection Set: 23.5ms
[2025-01-09T02:26:59.981+0000][194490.347s][info][gc,phases   ] GC(7335)   Post Evacuate Collection Set: 2.3ms
[2025-01-09T02:26:59.981+0000][194490.347s][info][gc,phases   ] GC(7335)   Other: 0.3ms
[2025-01-09T02:26:59.981+0000][194490.347s][info][gc,heap     ] GC(7335) Eden regions: 915->0(914)
[2025-01-09T02:26:59.981+0000][194490.347s][info][gc,heap     ] GC(7335) Survivor regions: 7->7(116)
[2025-01-09T02:26:59.981+0000][194490.347s][info][gc,heap     ] GC(7335) Old regions: 229->229
[2025-01-09T02:26:59.981+0000][194490.347s][info][gc,heap     ] GC(7335) Archive regions: 2->2
[2025-01-09T02:26:59.981+0000][194490.347s][info][gc,heap     ] GC(7335) Humongous regions: 49->49
[2025-01-09T02:26:59.981+0000][194490.347s][info][gc,metaspace] GC(7335) Metaspace: 524943K(534272K)->524943K(534272K) NonClass: 460969K(465536K)->460969K(465536K) Class: 63974K(68736K)->63974K(68736K)
[2025-01-09T02:26:59.981+0000][194490.347s][info][gc          ] GC(7335) Pause Young (Concurrent Start) (GCLocker Initiated GC) 9600M->2281M(12288M) 27.783ms
[2025-01-09T02:26:59.981+0000][194490.347s][info][gc,cpu      ] GC(7335) User=0.16s Sys=0.00s Real=0.02s
[2025-01-09T02:26:59.981+0000][194490.347s][info][gc          ] GC(7336) Concurrent Mark Cycle
[2025-01-09T02:26:59.981+0000][194490.347s][info][gc,marking  ] GC(7336) Concurrent Clear Claimed Marks
[2025-01-09T02:26:59.982+0000][194490.348s][info][gc,marking  ] GC(7336) Concurrent Clear Claimed Marks 0.943ms
[2025-01-09T02:26:59.982+0000][194490.348s][info][gc,marking  ] GC(7336) Concurrent Scan Root Regions
[2025-01-09T02:27:00.010+0000][194490.376s][info][gc,marking  ] GC(7336) Concurrent Scan Root Regions 28.231ms
[2025-01-09T02:27:00.010+0000][194490.376s][info][gc,marking  ] GC(7336) Concurrent Mark
[2025-01-09T02:27:00.010+0000][194490.376s][info][gc,marking  ] GC(7336) Concurrent Mark From Roots
[2025-01-09T02:27:00.010+0000][194490.376s][info][gc,task     ] GC(7336) Using 2 workers of 2 for marking
[2025-01-09T02:27:01.250+0000][194491.616s][info][gc,marking  ] GC(7336) Concurrent Mark From Roots 1239.272ms
[2025-01-09T02:27:01.250+0000][194491.616s][info][gc,marking  ] GC(7336) Concurrent Preclean
[2025-01-09T02:27:01.252+0000][194491.618s][info][gc,marking  ] GC(7336) Concurrent Preclean 2.451ms
[2025-01-09T02:27:01.252+0000][194491.618s][info][gc,start    ] GC(7336) Pause Remark
[2025-01-09T02:27:01.278+0000][194491.644s][info][gc          ] GC(7336) Pause Remark 4177M->4177M(12288M) 25.395ms
[2025-01-09T02:27:01.278+0000][194491.644s][info][gc,cpu      ] GC(7336) User=0.14s Sys=0.00s Real=0.02s
[2025-01-09T02:27:01.278+0000][194491.644s][info][gc,marking  ] GC(7336) Concurrent Mark 1267.495ms
[2025-01-09T02:27:01.278+0000][194491.644s][info][gc,marking  ] GC(7336) Concurrent Rebuild Remembered Sets
[2025-01-09T02:27:01.984+0000][194492.350s][info][gc,marking  ] GC(7336) Concurrent Rebuild Remembered Sets 706.387ms
[2025-01-09T02:27:01.984+0000][194492.350s][info][gc,start    ] GC(7336) Pause Cleanup
[2025-01-09T02:27:01.985+0000][194492.351s][info][gc          ] GC(7336) Pause Cleanup 5249M->5249M(12288M) 0.378ms
[2025-01-09T02:27:01.985+0000][194492.351s][info][gc,cpu      ] GC(7336) User=0.00s Sys=0.00s Real=0.00s
[2025-01-09T02:27:01.985+0000][194492.351s][info][gc,marking  ] GC(7336) Concurrent Cleanup for Next Mark
[2025-01-09T02:27:02.001+0000][194492.367s][info][gc,marking  ] GC(7336) Concurrent Cleanup for Next Mark 16.247ms
[2025-01-09T02:27:02.001+0000][194492.367s][info][gc          ] GC(7336) Concurrent Mark Cycle 2020.066ms
[2025-01-09T02:27:04.096+0000][194494.462s][info][gc,start    ] GC(7337) Pause Young (Prepare Mixed) (GCLocker Initiated GC)
[2025-01-09T02:27:04.096+0000][194494.462s][info][gc,task     ] GC(7337) Using 6 workers of 6 for evacuation
[2025-01-09T02:27:04.125+0000][194494.491s][info][gc,phases   ] GC(7337)   Pre Evacuate Collection Set: 0.2ms
[2025-01-09T02:27:04.125+0000][194494.491s][info][gc,phases   ] GC(7337)   Merge Heap Roots: 0.6ms
[2025-01-09T02:27:04.125+0000][194494.491s][info][gc,phases   ] GC(7337)   Evacuate Collection Set: 24.4ms
[2025-01-09T02:27:04.125+0000][194494.491s][info][gc,phases   ] GC(7337)   Post Evacuate Collection Set: 3.8ms
[2025-01-09T02:27:04.125+0000][194494.491s][info][gc,phases   ] GC(7337)   Other: 0.2ms
[2025-01-09T02:27:04.125+0000][194494.491s][info][gc,heap     ] GC(7337) Eden regions: 915->0(68)
[2025-01-09T02:27:04.125+0000][194494.491s][info][gc,heap     ] GC(7337) Survivor regions: 7->8(116)
[2025-01-09T02:27:04.125+0000][194494.491s][info][gc,heap     ] GC(7337) Old regions: 229->229
[2025-01-09T02:27:04.125+0000][194494.491s][info][gc,heap     ] GC(7337) Archive regions: 2->2
[2025-01-09T02:27:04.125+0000][194494.491s][info][gc,heap     ] GC(7337) Humongous regions: 49->49
[2025-01-09T02:27:04.125+0000][194494.491s][info][gc,metaspace] GC(7337) Metaspace: 524943K(534272K)->524943K(534272K) NonClass: 460969K(465536K)->460969K(465536K) Class: 63974K(68736K)->63974K(68736K)
[2025-01-09T02:27:04.125+0000][194494.491s][info][gc          ] GC(7337) Pause Young (Prepare Mixed) (GCLocker Initiated GC) 9597M->2288M(12288M) 29.279ms
[2025-01-09T02:27:04.125+0000][194494.491s][info][gc,cpu      ] GC(7337) User=0.17s Sys=0.00s Real=0.03s
[2025-01-09T02:27:04.461+0000][194494.827s][info][gc,start    ] GC(7338) Pause Young (Mixed) (GCLocker Initiated GC)
[2025-01-09T02:27:04.461+0000][194494.827s][info][gc,task     ] GC(7338) Using 6 workers of 6 for evacuation
[2025-01-09T02:27:04.523+0000][194494.889s][info][gc,phases   ] GC(7338)   Pre Evacuate Collection Set: 0.2ms
[2025-01-09T02:27:04.523+0000][194494.889s][info][gc,phases   ] GC(7338)   Merge Heap Roots: 0.6ms
[2025-01-09T02:27:04.523+0000][194494.889s][info][gc,phases   ] GC(7338)   Evacuate Collection Set: 59.4ms
[2025-01-09T02:27:04.523+0000][194494.889s][info][gc,phases   ] GC(7338)   Post Evacuate Collection Set: 1.8ms
[2025-01-09T02:27:04.523+0000][194494.889s][info][gc,phases   ] GC(7338)   Other: 0.2ms
[2025-01-09T02:27:04.523+0000][194494.889s][info][gc,heap     ] GC(7338) Eden regions: 69->0(915)
[2025-01-09T02:27:04.523+0000][194494.889s][info][gc,heap     ] GC(7338) Survivor regions: 8->6(10)
[2025-01-09T02:27:04.523+0000][194494.889s][info][gc,heap     ] GC(7338) Old regions: 229->228
[2025-01-09T02:27:04.523+0000][194494.889s][info][gc,heap     ] GC(7338) Archive regions: 2->2
[2025-01-09T02:27:04.523+0000][194494.889s][info][gc,heap     ] GC(7338) Humongous regions: 49->49
[2025-01-09T02:27:04.523+0000][194494.889s][info][gc,metaspace] GC(7338) Metaspace: 524943K(534272K)->524943K(534272K) NonClass: 460969K(465536K)->460969K(465536K) Class: 63974K(68736K)->63974K(68736K)
[2025-01-09T02:27:04.523+0000][194494.889s][info][gc          ] GC(7338) Pause Young (Mixed) (GCLocker Initiated GC) 2832M->2264M(12288M) 62.205ms
[2025-01-09T02:27:04.523+0000][194494.889s][info][gc,cpu      ] GC(7338) User=0.37s Sys=0.00s Real=0.07s
[2025-01-09T02:27:11.449+0000][194501.815s][info][gc,start    ] GC(7339) Pause Young (Normal) (GCLocker Initiated GC)
[2025-01-09T02:27:11.449+0000][194501.816s][info][gc,task     ] GC(7339) Using 6 workers of 6 for evacuation
[2025-01-09T02:27:11.476+0000][194501.842s][info][gc,phases   ] GC(7339)   Pre Evacuate Collection Set: 0.2ms
[2025-01-09T02:27:11.476+0000][194501.842s][info][gc,phases   ] GC(7339)   Merge Heap Roots: 0.4ms
[2025-01-09T02:27:11.476+0000][194501.842s][info][gc,phases   ] GC(7339)   Evacuate Collection Set: 23.0ms
[2025-01-09T02:27:11.476+0000][194501.842s][info][gc,phases   ] GC(7339)   Post Evacuate Collection Set: 2.5ms
[2025-01-09T02:27:11.476+0000][194501.842s][info][gc,phases   ] GC(7339)   Other: 0.2ms
[2025-01-09T02:27:11.476+0000][194501.842s][info][gc,heap     ] GC(7339) Eden regions: 916->0(915)
[2025-01-09T02:27:11.476+0000][194501.842s][info][gc,heap     ] GC(7339) Survivor regions: 6->6(116)
[2025-01-09T02:27:11.476+0000][194501.842s][info][gc,heap     ] GC(7339) Old regions: 228->228
[2025-01-09T02:27:11.476+0000][194501.842s][info][gc,heap     ] GC(7339) Archive regions: 2->2
[2025-01-09T02:27:11.476+0000][194501.842s][info][gc,heap     ] GC(7339) Humongous regions: 49->49
[2025-01-09T02:27:11.476+0000][194501.842s][info][gc,metaspace] GC(7339) Metaspace: 524943K(534272K)->524943K(534272K) NonClass: 460969K(465536K)->460969K(465536K) Class: 63974K(68736K)->63974K(68736K)
[2025-01-09T02:27:11.476+0000][194501.842s][info][gc          ] GC(7339) Pause Young (Normal) (GCLocker Initiated GC) 9588M->2268M(12288M) 26.461ms
[2025-01-09T02:27:11.476+0000][194501.842s][info][gc,cpu      ] GC(7339) User=0.15s Sys=0.00s Real=0.03s
[2025-01-09T02:27:20.285+0000][194510.651s][info][gc,start    ] GC(7340) Pause Young (Normal) (GCLocker Initiated GC)
[2025-01-09T02:27:20.285+0000][194510.651s][info][gc,task     ] GC(7340) Using 6 workers of 6 for evacuation
[2025-01-09T02:27:20.319+0000][194510.686s][info][gc,phases   ] GC(7340)   Pre Evacuate Collection Set: 0.2ms
[2025-01-09T02:27:20.319+0000][194510.686s][info][gc,phases   ] GC(7340)   Merge Heap Roots: 0.5ms
[2025-01-09T02:27:20.319+0000][194510.686s][info][gc,phases   ] GC(7340)   Evacuate Collection Set: 30.8ms
[2025-01-09T02:27:20.319+0000][194510.686s][info][gc,phases   ] GC(7340)   Post Evacuate Collection Set: 2.9ms
[2025-01-09T02:27:20.319+0000][194510.686s][info][gc,phases   ] GC(7340)   Other: 0.2ms
[2025-01-09T02:27:20.319+0000][194510.686s][info][gc,heap     ] GC(7340) Eden regions: 916->0(913)
[2025-01-09T02:27:20.319+0000][194510.686s][info][gc,heap     ] GC(7340) Survivor regions: 6->8(116)
[2025-01-09T02:27:20.319+0000][194510.686s][info][gc,heap     ] GC(7340) Old regions: 228->228
[2025-01-09T02:27:20.319+0000][194510.686s][info][gc,heap     ] GC(7340) Archive regions: 2->2
[2025-01-09T02:27:20.319+0000][194510.686s][info][gc,heap     ] GC(7340) Humongous regions: 49->49
[2025-01-09T02:27:20.319+0000][194510.686s][info][gc,metaspace] GC(7340) Metaspace: 524943K(534272K)->524943K(534272K) NonClass: 460969K(465536K)->460969K(465536K) Class: 63974K(68736K)->63974K(68736K)
[2025-01-09T02:27:20.320+0000][194510.686s][info][gc          ] GC(7340) Pause Young (Normal) (GCLocker Initiated GC) 9592M->2282M(12288M) 34.612ms
[2025-01-09T02:27:20.320+0000][194510.686s][info][gc,cpu      ] GC(7340) User=0.21s Sys=0.00s Real=0.03s
[2025-01-09T02:27:30.286+0000][194520.652s][info][gc,start    ] GC(7341) Pause Young (Concurrent Start) (GCLocker Initiated GC)
[2025-01-09T02:27:30.286+0000][194520.652s][info][gc,task     ] GC(7341) Using 6 workers of 6 for evacuation
[2025-01-09T02:27:30.321+0000][194520.687s][info][gc,phases   ] GC(7341)   Pre Evacuate Collection Set: 1.1ms
[2025-01-09T02:27:30.321+0000][194520.687s][info][gc,phases   ] GC(7341)   Merge Heap Roots: 0.5ms
[2025-01-09T02:27:30.321+0000][194520.687s][info][gc,phases   ] GC(7341)   Evacuate Collection Set: 31.2ms
[2025-01-09T02:27:30.321+0000][194520.687s][info][gc,phases   ] GC(7341)   Post Evacuate Collection Set: 2.6ms
[2025-01-09T02:27:30.321+0000][194520.687s][info][gc,phases   ] GC(7341)   Other: 0.3ms
[2025-01-09T02:27:30.321+0000][194520.687s][info][gc,heap     ] GC(7341) Eden regions: 914->0(912)
[2025-01-09T02:27:30.321+0000][194520.687s][info][gc,heap     ] GC(7341) Survivor regions: 8->9(116)
[2025-01-09T02:27:30.321+0000][194520.687s][info][gc,heap     ] GC(7341) Old regions: 228->228
[2025-01-09T02:27:30.321+0000][194520.687s][info][gc,heap     ] GC(7341) Archive regions: 2->2
[2025-01-09T02:27:30.321+0000][194520.687s][info][gc,heap     ] GC(7341) Humongous regions: 49->49
[2025-01-09T02:27:30.321+0000][194520.687s][info][gc,metaspace] GC(7341) Metaspace: 524943K(534272K)->524943K(534272K) NonClass: 460969K(465536K)->460969K(465536K) Class: 63974K(68736K)->63974K(68736K)
[2025-01-09T02:27:30.321+0000][194520.687s][info][gc          ] GC(7341) Pause Young (Concurrent Start) (GCLocker Initiated GC) 9586M->2292M(12288M) 35.724ms
[2025-01-09T02:27:30.321+0000][194520.688s][info][gc,cpu      ] GC(7341) User=0.20s Sys=0.00s Real=0.03s
[2025-01-09T02:27:30.321+0000][194520.688s][info][gc          ] GC(7342) Concurrent Mark Cycle
[2025-01-09T02:27:30.322+0000][194520.688s][info][gc,marking  ] GC(7342) Concurrent Clear Claimed Marks
[2025-01-09T02:27:30.322+0000][194520.689s][info][gc,marking  ] GC(7342) Concurrent Clear Claimed Marks 0.931ms
[2025-01-09T02:27:30.322+0000][194520.689s][info][gc,marking  ] GC(7342) Concurrent Scan Root Regions
[2025-01-09T02:27:30.359+0000][194520.725s][info][gc,marking  ] GC(7342) Concurrent Scan Root Regions 36.272ms
[2025-01-09T02:27:30.359+0000][194520.725s][info][gc,marking  ] GC(7342) Concurrent Mark
[2025-01-09T02:27:30.359+0000][194520.725s][info][gc,marking  ] GC(7342) Concurrent Mark From Roots
[2025-01-09T02:27:30.359+0000][194520.725s][info][gc,task     ] GC(7342) Using 2 workers of 2 for marking
[2025-01-09T02:27:31.501+0000][194521.867s][info][gc,marking  ] GC(7342) Concurrent Mark From Roots 1142.429ms
[2025-01-09T02:27:31.501+0000][194521.867s][info][gc,marking  ] GC(7342) Concurrent Preclean
[2025-01-09T02:27:31.504+0000][194521.871s][info][gc,marking  ] GC(7342) Concurrent Preclean 3.177ms
[2025-01-09T02:27:31.505+0000][194521.871s][info][gc,start    ] GC(7342) Pause Remark
[2025-01-09T02:27:31.530+0000][194521.896s][info][gc          ] GC(7342) Pause Remark 3675M->3675M(12288M) 25.445ms
[2025-01-09T02:27:31.530+0000][194521.896s][info][gc,cpu      ] GC(7342) User=0.15s Sys=0.00s Real=0.03s
[2025-01-09T02:27:31.530+0000][194521.896s][info][gc,marking  ] GC(7342) Concurrent Mark 1171.442ms
[2025-01-09T02:27:31.530+0000][194521.896s][info][gc,marking  ] GC(7342) Concurrent Rebuild Remembered Sets
[2025-01-09T02:27:32.163+0000][194522.529s][info][gc,marking  ] GC(7342) Concurrent Rebuild Remembered Sets 632.920ms
[2025-01-09T02:27:32.163+0000][194522.529s][info][gc,start    ] GC(7342) Pause Cleanup
[2025-01-09T02:27:32.164+0000][194522.530s][info][gc          ] GC(7342) Pause Cleanup 4336M->4336M(12288M) 0.375ms
[2025-01-09T02:27:32.164+0000][194522.530s][info][gc,cpu      ] GC(7342) User=0.00s Sys=0.00s Real=0.00s
[2025-01-09T02:27:32.164+0000][194522.530s][info][gc,marking  ] GC(7342) Concurrent Cleanup for Next Mark
[2025-01-09T02:27:32.192+0000][194522.558s][info][gc,marking  ] GC(7342) Concurrent Cleanup for Next Mark 27.904ms
[2025-01-09T02:27:32.192+0000][194522.558s][info][gc          ] GC(7342) Concurrent Mark Cycle 1870.237ms
[2025-01-09T02:27:40.101+0000][194530.467s][info][gc,start    ] GC(7343) Pause Young (Prepare Mixed) (GCLocker Initiated GC)
[2025-01-09T02:27:40.101+0000][194530.467s][info][gc,task     ] GC(7343) Using 6 workers of 6 for evacuation
[2025-01-09T02:27:40.140+0000][194530.506s][info][gc,phases   ] GC(7343)   Pre Evacuate Collection Set: 0.2ms
[2025-01-09T02:27:40.140+0000][194530.506s][info][gc,phases   ] GC(7343)   Merge Heap Roots: 0.8ms
[2025-01-09T02:27:40.140+0000][194530.506s][info][gc,phases   ] GC(7343)   Evacuate Collection Set: 35.5ms
[2025-01-09T02:27:40.140+0000][194530.506s][info][gc,phases   ] GC(7343)   Post Evacuate Collection Set: 2.8ms
[2025-01-09T02:27:40.140+0000][194530.506s][info][gc,phases   ] GC(7343)   Other: 0.2ms
[2025-01-09T02:27:40.140+0000][194530.506s][info][gc,heap     ] GC(7343) Eden regions: 913->0(66)
[2025-01-09T02:27:40.140+0000][194530.506s][info][gc,heap     ] GC(7343) Survivor regions: 9->10(116)
[2025-01-09T02:27:40.140+0000][194530.506s][info][gc,heap     ] GC(7343) Old regions: 228->228
[2025-01-09T02:27:40.140+0000][194530.506s][info][gc,heap     ] GC(7343) Archive regions: 2->2
[2025-01-09T02:27:40.140+0000][194530.506s][info][gc,heap     ] GC(7343) Humongous regions: 49->49
[2025-01-09T02:27:40.140+0000][194530.506s][info][gc,metaspace] GC(7343) Metaspace: 524943K(534272K)->524943K(534272K) NonClass: 460969K(465536K)->460969K(465536K) Class: 63974K(68736K)->63974K(68736K)
[2025-01-09T02:27:40.140+0000][194530.506s][info][gc          ] GC(7343) Pause Young (Prepare Mixed) (GCLocker Initiated GC) 9592M->2301M(12288M) 39.631ms
[2025-01-09T02:27:40.140+0000][194530.506s][info][gc,cpu      ] GC(7343) User=0.23s Sys=0.01s Real=0.04s
[2025-01-09T02:27:40.777+0000][194531.143s][info][gc,start    ] GC(7344) Pause Young (Mixed) (GCLocker Initiated GC)
[2025-01-09T02:27:40.777+0000][194531.143s][info][gc,task     ] GC(7344) Using 6 workers of 6 for evacuation
[2025-01-09T02:27:40.847+0000][194531.213s][info][gc,phases   ] GC(7344)   Pre Evacuate Collection Set: 0.2ms
[2025-01-09T02:27:40.847+0000][194531.213s][info][gc,phases   ] GC(7344)   Merge Heap Roots: 0.9ms
[2025-01-09T02:27:40.847+0000][194531.213s][info][gc,phases   ] GC(7344)   Evacuate Collection Set: 66.9ms
[2025-01-09T02:27:40.847+0000][194531.213s][info][gc,phases   ] GC(7344)   Post Evacuate Collection Set: 1.8ms
[2025-01-09T02:27:40.847+0000][194531.213s][info][gc,phases   ] GC(7344)   Other: 0.2ms
[2025-01-09T02:27:40.847+0000][194531.213s][info][gc,heap     ] GC(7344) Eden regions: 67->0(915)
[2025-01-09T02:27:40.847+0000][194531.213s][info][gc,heap     ] GC(7344) Survivor regions: 10->6(10)
[2025-01-09T02:27:40.847+0000][194531.213s][info][gc,heap     ] GC(7344) Old regions: 228->230
[2025-01-09T02:27:40.847+0000][194531.213s][info][gc,heap     ] GC(7344) Archive regions: 2->2
[2025-01-09T02:27:40.847+0000][194531.213s][info][gc,heap     ] GC(7344) Humongous regions: 49->49
[2025-01-09T02:27:40.847+0000][194531.213s][info][gc,metaspace] GC(7344) Metaspace: 524943K(534272K)->524943K(534272K) NonClass: 460969K(465536K)->460969K(465536K) Class: 63974K(68736K)->63974K(68736K)
[2025-01-09T02:27:40.847+0000][194531.213s][info][gc          ] GC(7344) Pause Young (Mixed) (GCLocker Initiated GC) 2831M->2278M(12288M) 70.033ms
[2025-01-09T02:27:40.847+0000][194531.213s][info][gc,cpu      ] GC(7344) User=0.41s Sys=0.00s Real=0.07s
[2025-01-09T02:27:49.414+0000][194539.780s][info][gc,start    ] GC(7345) Pause Young (Normal) (G1 Evacuation Pause)
[2025-01-09T02:27:49.414+0000][194539.780s][info][gc,task     ] GC(7345) Using 6 workers of 6 for evacuation
[2025-01-09T02:27:49.444+0000][194539.810s][info][gc,phases   ] GC(7345)   Pre Evacuate Collection Set: 0.2ms
[2025-01-09T02:27:49.444+0000][194539.810s][info][gc,phases   ] GC(7345)   Merge Heap Roots: 0.5ms
[2025-01-09T02:27:49.444+0000][194539.810s][info][gc,phases   ] GC(7345)   Evacuate Collection Set: 24.3ms
[2025-01-09T02:27:49.444+0000][194539.810s][info][gc,phases   ] GC(7345)   Post Evacuate Collection Set: 5.1ms
[2025-01-09T02:27:49.444+0000][194539.810s][info][gc,phases   ] GC(7345)   Other: 0.3ms
[2025-01-09T02:27:49.444+0000][194539.810s][info][gc,heap     ] GC(7345) Eden regions: 915->0(913)
[2025-01-09T02:27:49.444+0000][194539.810s][info][gc,heap     ] GC(7345) Survivor regions: 6->8(116)
[2025-01-09T02:27:49.444+0000][194539.810s][info][gc,heap     ] GC(7345) Old regions: 230->230
[2025-01-09T02:27:49.444+0000][194539.810s][info][gc,heap     ] GC(7345) Archive regions: 2->2
[2025-01-09T02:27:49.444+0000][194539.810s][info][gc,heap     ] GC(7345) Humongous regions: 49->49
[2025-01-09T02:27:49.444+0000][194539.810s][info][gc,metaspace] GC(7345) Metaspace: 524943K(534272K)->524943K(534272K) NonClass: 460969K(465536K)->460969K(465536K) Class: 63974K(68736K)->63974K(68736K)
[2025-01-09T02:27:49.444+0000][194539.810s][info][gc          ] GC(7345) Pause Young (Normal) (G1 Evacuation Pause) 9598M->2289M(12288M) 30.474ms
[2025-01-09T02:27:49.444+0000][194539.810s][info][gc,cpu      ] GC(7345) User=0.18s Sys=0.01s Real=0.03s
[2025-01-09T02:27:53.904+0000][194544.270s][info][gc,start    ] GC(7346) Pause Young (Normal) (G1 Evacuation Pause)
[2025-01-09T02:27:53.904+0000][194544.270s][info][gc,task     ] GC(7346) Using 6 workers of 6 for evacuation
[2025-01-09T02:27:53.935+0000][194544.301s][info][gc,phases   ] GC(7346)   Pre Evacuate Collection Set: 0.2ms
[2025-01-09T02:27:53.935+0000][194544.301s][info][gc,phases   ] GC(7346)   Merge Heap Roots: 0.4ms
[2025-01-09T02:27:53.935+0000][194544.301s][info][gc,phases   ] GC(7346)   Evacuate Collection Set: 27.3ms
[2025-01-09T02:27:53.935+0000][194544.301s][info][gc,phases   ] GC(7346)   Post Evacuate Collection Set: 2.7ms
[2025-01-09T02:27:53.935+0000][194544.301s][info][gc,phases   ] GC(7346)   Other: 0.2ms
[2025-01-09T02:27:53.935+0000][194544.301s][info][gc,heap     ] GC(7346) Eden regions: 913->0(914)
[2025-01-09T02:27:53.935+0000][194544.301s][info][gc,heap     ] GC(7346) Survivor regions: 8->7(116)
[2025-01-09T02:27:53.935+0000][194544.301s][info][gc,heap     ] GC(7346) Old regions: 230->230
[2025-01-09T02:27:53.935+0000][194544.301s][info][gc,heap     ] GC(7346) Archive regions: 2->2
[2025-01-09T02:27:53.935+0000][194544.301s][info][gc,heap     ] GC(7346) Humongous regions: 49->49
[2025-01-09T02:27:53.935+0000][194544.301s][info][gc,metaspace] GC(7346) Metaspace: 524943K(534272K)->524943K(534272K) NonClass: 460969K(465536K)->460969K(465536K) Class: 63974K(68736K)->63974K(68736K)
[2025-01-09T02:27:53.935+0000][194544.301s][info][gc          ] GC(7346) Pause Young (Normal) (G1 Evacuation Pause) 9593M->2282M(12288M) 30.926ms
[2025-01-09T02:27:53.935+0000][194544.301s][info][gc,cpu      ] GC(7346) User=0.18s Sys=0.00s Real=0.03s
[2025-01-09T02:27:58.511+0000][194548.877s][info][gc,start    ] GC(7347) Pause Young (Concurrent Start) (G1 Evacuation Pause)
[2025-01-09T02:27:58.511+0000][194548.877s][info][gc,task     ] GC(7347) Using 6 workers of 6 for evacuation
[2025-01-09T02:27:58.550+0000][194548.916s][info][gc,phases   ] GC(7347)   Pre Evacuate Collection Set: 1.3ms
[2025-01-09T02:27:58.550+0000][194548.916s][info][gc,phases   ] GC(7347)   Merge Heap Roots: 0.5ms
[2025-01-09T02:27:58.550+0000][194548.916s][info][gc,phases   ] GC(7347)   Evacuate Collection Set: 32.4ms
[2025-01-09T02:27:58.550+0000][194548.916s][info][gc,phases   ] GC(7347)   Post Evacuate Collection Set: 4.0ms
[2025-01-09T02:27:58.550+0000][194548.916s][info][gc,phases   ] GC(7347)   Other: 0.3ms
[2025-01-09T02:27:58.550+0000][194548.916s][info][gc,heap     ] GC(7347) Eden regions: 914->0(913)
[2025-01-09T02:27:58.550+0000][194548.916s][info][gc,heap     ] GC(7347) Survivor regions: 7->8(116)
[2025-01-09T02:27:58.550+0000][194548.916s][info][gc,heap     ] GC(7347) Old regions: 230->230
[2025-01-09T02:27:58.550+0000][194548.916s][info][gc,heap     ] GC(7347) Archive regions: 2->2
[2025-01-09T02:27:58.550+0000][194548.916s][info][gc,heap     ] GC(7347) Humongous regions: 49->49
[2025-01-09T02:27:58.550+0000][194548.916s][info][gc,metaspace] GC(7347) Metaspace: 524943K(534272K)->524943K(534272K) NonClass: 460969K(465536K)->460969K(465536K) Class: 63974K(68736K)->63974K(68736K)
[2025-01-09T02:27:58.550+0000][194548.916s][info][gc          ] GC(7347) Pause Young (Concurrent Start) (G1 Evacuation Pause) 9594M->2295M(12288M) 38.615ms
[2025-01-09T02:27:58.550+0000][194548.916s][info][gc,cpu      ] GC(7347) User=0.20s Sys=0.01s Real=0.04s
[2025-01-09T02:27:58.550+0000][194548.916s][info][gc          ] GC(7348) Concurrent Mark Cycle
[2025-01-09T02:27:58.550+0000][194548.916s][info][gc,marking  ] GC(7348) Concurrent Clear Claimed Marks
[2025-01-09T02:27:58.551+0000][194548.917s][info][gc,marking  ] GC(7348) Concurrent Clear Claimed Marks 0.954ms
[2025-01-09T02:27:58.551+0000][194548.917s][info][gc,marking  ] GC(7348) Concurrent Scan Root Regions
[2025-01-09T02:27:58.576+0000][194548.942s][info][gc,marking  ] GC(7348) Concurrent Scan Root Regions 25.380ms
[2025-01-09T02:27:58.576+0000][194548.942s][info][gc,marking  ] GC(7348) Concurrent Mark
[2025-01-09T02:27:58.576+0000][194548.942s][info][gc,marking  ] GC(7348) Concurrent Mark From Roots
[2025-01-09T02:27:58.576+0000][194548.942s][info][gc,task     ] GC(7348) Using 2 workers of 2 for marking
[2025-01-09T02:27:59.560+0000][194549.926s][info][gc,marking  ] GC(7348) Concurrent Mark From Roots 983.788ms
[2025-01-09T02:27:59.560+0000][194549.926s][info][gc,marking  ] GC(7348) Concurrent Preclean
[2025-01-09T02:27:59.563+0000][194549.929s][info][gc,marking  ] GC(7348) Concurrent Preclean 2.484ms
[2025-01-09T02:27:59.563+0000][194549.929s][info][gc,start    ] GC(7348) Pause Remark
[2025-01-09T02:27:59.588+0000][194549.955s][info][gc          ] GC(7348) Pause Remark 3021M->3021M(12288M) 25.672ms
[2025-01-09T02:27:59.589+0000][194549.955s][info][gc,cpu      ] GC(7348) User=0.14s Sys=0.00s Real=0.02s
[2025-01-09T02:27:59.589+0000][194549.955s][info][gc,marking  ] GC(7348) Concurrent Mark 1012.295ms
[2025-01-09T02:27:59.589+0000][194549.955s][info][gc,marking  ] GC(7348) Concurrent Rebuild Remembered Sets
[2025-01-09T02:28:00.156+0000][194550.522s][info][gc,marking  ] GC(7348) Concurrent Rebuild Remembered Sets 566.961ms
[2025-01-09T02:28:00.156+0000][194550.522s][info][gc,start    ] GC(7348) Pause Cleanup
[2025-01-09T02:28:00.156+0000][194550.522s][info][gc          ] GC(7348) Pause Cleanup 3125M->3125M(12288M) 0.367ms
[2025-01-09T02:28:00.156+0000][194550.522s][info][gc,cpu      ] GC(7348) User=0.01s Sys=0.00s Real=0.00s
[2025-01-09T02:28:00.156+0000][194550.522s][info][gc,marking  ] GC(7348) Concurrent Cleanup for Next Mark
[2025-01-09T02:28:00.172+0000][194550.538s][info][gc,marking  ] GC(7348) Concurrent Cleanup for Next Mark 15.284ms
[2025-01-09T02:28:00.172+0000][194550.538s][info][gc          ] GC(7348) Concurrent Mark Cycle 1621.626ms
[2025-01-09T02:28:06.233+0000][194556.599s][info][gc,start    ] GC(7349) Pause Young (Prepare Mixed) (G1 Evacuation Pause)
[2025-01-09T02:28:06.233+0000][194556.599s][info][gc,task     ] GC(7349) Using 6 workers of 6 for evacuation
[2025-01-09T02:28:06.269+0000][194556.635s][info][gc,phases   ] GC(7349)   Pre Evacuate Collection Set: 0.3ms
[2025-01-09T02:28:06.269+0000][194556.635s][info][gc,phases   ] GC(7349)   Merge Heap Roots: 0.8ms
[2025-01-09T02:28:06.269+0000][194556.635s][info][gc,phases   ] GC(7349)   Evacuate Collection Set: 32.4ms
[2025-01-09T02:28:06.269+0000][194556.635s][info][gc,phases   ] GC(7349)   Post Evacuate Collection Set: 2.5ms
[2025-01-09T02:28:06.269+0000][194556.635s][info][gc,phases   ] GC(7349)   Other: 0.2ms
[2025-01-09T02:28:06.269+0000][194556.635s][info][gc,heap     ] GC(7349) Eden regions: 913->0(67)
[2025-01-09T02:28:06.269+0000][194556.635s][info][gc,heap     ] GC(7349) Survivor regions: 8->9(116)
[2025-01-09T02:28:06.269+0000][194556.635s][info][gc,heap     ] GC(7349) Old regions: 230->230
[2025-01-09T02:28:06.269+0000][194556.635s][info][gc,heap     ] GC(7349) Archive regions: 2->2
[2025-01-09T02:28:06.269+0000][194556.635s][info][gc,heap     ] GC(7349) Humongous regions: 49->49
[2025-01-09T02:28:06.269+0000][194556.635s][info][gc,metaspace] GC(7349) Metaspace: 524943K(534272K)->524943K(534272K) NonClass: 460969K(465536K)->460969K(465536K) Class: 63974K(68736K)->63974K(68736K)
[2025-01-09T02:28:06.269+0000][194556.636s][info][gc          ] GC(7349) Pause Young (Prepare Mixed) (G1 Evacuation Pause) 9599M->2299M(12288M) 36.297ms
[2025-01-09T02:28:06.269+0000][194556.636s][info][gc,cpu      ] GC(7349) User=0.21s Sys=0.00s Real=0.04s
[2025-01-09T02:28:06.597+0000][194556.963s][info][gc,start    ] GC(7350) Pause Young (Mixed) (G1 Evacuation Pause)
[2025-01-09T02:28:06.597+0000][194556.963s][info][gc,task     ] GC(7350) Using 6 workers of 6 for evacuation
[2025-01-09T02:28:06.674+0000][194557.040s][info][gc,phases   ] GC(7350)   Pre Evacuate Collection Set: 0.2ms
[2025-01-09T02:28:06.674+0000][194557.040s][info][gc,phases   ] GC(7350)   Merge Heap Roots: 0.9ms
[2025-01-09T02:28:06.674+0000][194557.040s][info][gc,phases   ] GC(7350)   Evacuate Collection Set: 73.6ms
[2025-01-09T02:28:06.674+0000][194557.040s][info][gc,phases   ] GC(7350)   Post Evacuate Collection Set: 2.2ms
[2025-01-09T02:28:06.674+0000][194557.040s][info][gc,phases   ] GC(7350)   Other: 0.2ms
[2025-01-09T02:28:06.674+0000][194557.040s][info][gc,heap     ] GC(7350) Eden regions: 67->0(916)
[2025-01-09T02:28:06.674+0000][194557.040s][info][gc,heap     ] GC(7350) Survivor regions: 9->5(10)
[2025-01-09T02:28:06.674+0000][194557.040s][info][gc,heap     ] GC(7350) Old regions: 230->231
[2025-01-09T02:28:06.674+0000][194557.040s][info][gc,heap     ] GC(7350) Archive regions: 2->2
[2025-01-09T02:28:06.674+0000][194557.040s][info][gc,heap     ] GC(7350) Humongous regions: 49->49
[2025-01-09T02:28:06.674+0000][194557.040s][info][gc,metaspace] GC(7350) Metaspace: 524943K(534272K)->524943K(534272K) NonClass: 460969K(465536K)->460969K(465536K) Class: 63974K(68736K)->63974K(68736K)
[2025-01-09T02:28:06.674+0000][194557.040s][info][gc          ] GC(7350) Pause Young (Mixed) (G1 Evacuation Pause) 2835M->2278M(12288M) 77.034ms
[2025-01-09T02:28:06.674+0000][194557.040s][info][gc,cpu      ] GC(7350) User=0.43s Sys=0.01s Real=0.08s
[2025-01-09T02:28:11.296+0000][194561.662s][info][gc,start    ] GC(7351) Pause Young (Normal) (G1 Evacuation Pause)
[2025-01-09T02:28:11.296+0000][194561.662s][info][gc,task     ] GC(7351) Using 6 workers of 6 for evacuation
[2025-01-09T02:28:11.322+0000][194561.688s][info][gc,phases   ] GC(7351)   Pre Evacuate Collection Set: 0.2ms
[2025-01-09T02:28:11.322+0000][194561.689s][info][gc,phases   ] GC(7351)   Merge Heap Roots: 0.4ms
[2025-01-09T02:28:11.322+0000][194561.689s][info][gc,phases   ] GC(7351)   Evacuate Collection Set: 22.7ms
[2025-01-09T02:28:11.322+0000][194561.689s][info][gc,phases   ] GC(7351)   Post Evacuate Collection Set: 3.0ms
[2025-01-09T02:28:11.322+0000][194561.689s][info][gc,phases   ] GC(7351)   Other: 0.2ms
[2025-01-09T02:28:11.322+0000][194561.689s][info][gc,heap     ] GC(7351) Eden regions: 916->0(915)
[2025-01-09T02:28:11.322+0000][194561.689s][info][gc,heap     ] GC(7351) Survivor regions: 5->6(116)
[2025-01-09T02:28:11.322+0000][194561.689s][info][gc,heap     ] GC(7351) Old regions: 231->231
[2025-01-09T02:28:11.322+0000][194561.689s][info][gc,heap     ] GC(7351) Archive regions: 2->2
[2025-01-09T02:28:11.322+0000][194561.689s][info][gc,heap     ] GC(7351) Humongous regions: 49->49
[2025-01-09T02:28:11.322+0000][194561.689s][info][gc,metaspace] GC(7351) Metaspace: 524943K(534272K)->524943K(534272K) NonClass: 460969K(465536K)->460969K(465536K) Class: 63974K(68736K)->63974K(68736K)
[2025-01-09T02:28:11.322+0000][194561.689s][info][gc          ] GC(7351) Pause Young (Normal) (G1 Evacuation Pause) 9606M->2281M(12288M) 26.594ms
[2025-01-09T02:28:11.323+0000][194561.689s][info][gc,cpu      ] GC(7351) User=0.15s Sys=0.00s Real=0.03s
[2025-01-09T02:28:16.138+0000][194566.504s][info][gc,start    ] GC(7352) Pause Young (Normal) (G1 Evacuation Pause)
[2025-01-09T02:28:16.138+0000][194566.504s][info][gc,task     ] GC(7352) Using 6 workers of 6 for evacuation
[2025-01-09T02:28:16.163+0000][194566.529s][info][gc,phases   ] GC(7352)   Pre Evacuate Collection Set: 0.3ms
[2025-01-09T02:28:16.163+0000][194566.529s][info][gc,phases   ] GC(7352)   Merge Heap Roots: 0.4ms
[2025-01-09T02:28:16.163+0000][194566.529s][info][gc,phases   ] GC(7352)   Evacuate Collection Set: 22.0ms
[2025-01-09T02:28:16.163+0000][194566.529s][info][gc,phases   ] GC(7352)   Post Evacuate Collection Set: 2.4ms
[2025-01-09T02:28:16.163+0000][194566.529s][info][gc,phases   ] GC(7352)   Other: 0.2ms
[2025-01-09T02:28:16.163+0000][194566.529s][info][gc,heap     ] GC(7352) Eden regions: 915->0(915)
[2025-01-09T02:28:16.163+0000][194566.529s][info][gc,heap     ] GC(7352) Survivor regions: 6->6(116)
[2025-01-09T02:28:16.163+0000][194566.529s][info][gc,heap     ] GC(7352) Old regions: 231->231
[2025-01-09T02:28:16.163+0000][194566.529s][info][gc,heap     ] GC(7352) Archive regions: 2->2
[2025-01-09T02:28:16.163+0000][194566.529s][info][gc,heap     ] GC(7352) Humongous regions: 49->49
[2025-01-09T02:28:16.163+0000][194566.529s][info][gc,metaspace] GC(7352) Metaspace: 524943K(534272K)->524943K(534272K) NonClass: 460969K(465536K)->460969K(465536K) Class: 63974K(68736K)->63974K(68736K)
[2025-01-09T02:28:16.163+0000][194566.529s][info][gc          ] GC(7352) Pause Young (Normal) (G1 Evacuation Pause) 9601M->2287M(12288M) 25.316ms
[2025-01-09T02:28:16.163+0000][194566.529s][info][gc,cpu      ] GC(7352) User=0.15s Sys=0.00s Real=0.03s
[2025-01-09T02:28:20.911+0000][194571.277s][info][gc,start    ] GC(7353) Pause Young (Concurrent Start) (G1 Evacuation Pause)
[2025-01-09T02:28:20.911+0000][194571.277s][info][gc,task     ] GC(7353) Using 6 workers of 6 for evacuation
[2025-01-09T02:28:20.943+0000][194571.309s][info][gc,phases   ] GC(7353)   Pre Evacuate Collection Set: 1.3ms
[2025-01-09T02:28:20.943+0000][194571.309s][info][gc,phases   ] GC(7353)   Merge Heap Roots: 0.5ms
[2025-01-09T02:28:20.943+0000][194571.309s][info][gc,phases   ] GC(7353)   Evacuate Collection Set: 26.5ms
[2025-01-09T02:28:20.943+0000][194571.309s][info][gc,phases   ] GC(7353)   Post Evacuate Collection Set: 2.8ms
[2025-01-09T02:28:20.943+0000][194571.309s][info][gc,phases   ] GC(7353)   Other: 0.3ms
[2025-01-09T02:28:20.943+0000][194571.309s][info][gc,heap     ] GC(7353) Eden regions: 915->0(914)
[2025-01-09T02:28:20.943+0000][194571.309s][info][gc,heap     ] GC(7353) Survivor regions: 6->7(116)
[2025-01-09T02:28:20.943+0000][194571.309s][info][gc,heap     ] GC(7353) Old regions: 231->231
[2025-01-09T02:28:20.943+0000][194571.309s][info][gc,heap     ] GC(7353) Archive regions: 2->2
[2025-01-09T02:28:20.943+0000][194571.309s][info][gc,heap     ] GC(7353) Humongous regions: 49->49
[2025-01-09T02:28:20.943+0000][194571.309s][info][gc,metaspace] GC(7353) Metaspace: 524943K(534272K)->524943K(534272K) NonClass: 460969K(465536K)->460969K(465536K) Class: 63974K(68736K)->63974K(68736K)
[2025-01-09T02:28:20.943+0000][194571.309s][info][gc          ] GC(7353) Pause Young (Concurrent Start) (G1 Evacuation Pause) 9607M->2292M(12288M) 31.495ms
[2025-01-09T02:28:20.943+0000][194571.309s][info][gc,cpu      ] GC(7353) User=0.16s Sys=0.02s Real=0.03s
[2025-01-09T02:28:20.943+0000][194571.309s][info][gc          ] GC(7354) Concurrent Mark Cycle
[2025-01-09T02:28:20.943+0000][194571.309s][info][gc,marking  ] GC(7354) Concurrent Clear Claimed Marks
[2025-01-09T02:28:20.944+0000][194571.310s][info][gc,marking  ] GC(7354) Concurrent Clear Claimed Marks 1.002ms
[2025-01-09T02:28:20.944+0000][194571.310s][info][gc,marking  ] GC(7354) Concurrent Scan Root Regions
[2025-01-09T02:28:20.967+0000][194571.333s][info][gc,marking  ] GC(7354) Concurrent Scan Root Regions 22.805ms
[2025-01-09T02:28:20.967+0000][194571.333s][info][gc,marking  ] GC(7354) Concurrent Mark
[2025-01-09T02:28:20.967+0000][194571.333s][info][gc,marking  ] GC(7354) Concurrent Mark From Roots
[2025-01-09T02:28:20.967+0000][194571.333s][info][gc,task     ] GC(7354) Using 2 workers of 2 for marking
[2025-01-09T02:28:22.091+0000][194572.457s][info][gc,marking  ] GC(7354) Concurrent Mark From Roots 1124.558ms
[2025-01-09T02:28:22.091+0000][194572.457s][info][gc,marking  ] GC(7354) Concurrent Preclean
[2025-01-09T02:28:22.094+0000][194572.460s][info][gc,marking  ] GC(7354) Concurrent Preclean 2.463ms
[2025-01-09T02:28:22.094+0000][194572.460s][info][gc,start    ] GC(7354) Pause Remark
[2025-01-09T02:28:22.120+0000][194572.486s][info][gc          ] GC(7354) Pause Remark 3787M->3787M(12288M) 25.659ms
[2025-01-09T02:28:22.120+0000][194572.486s][info][gc,cpu      ] GC(7354) User=0.15s Sys=0.00s Real=0.02s
[2025-01-09T02:28:22.120+0000][194572.486s][info][gc,marking  ] GC(7354) Concurrent Mark 1152.996ms
[2025-01-09T02:28:22.120+0000][194572.486s][info][gc,marking  ] GC(7354) Concurrent Rebuild Remembered Sets
[2025-01-09T02:28:22.827+0000][194573.193s][info][gc,marking  ] GC(7354) Concurrent Rebuild Remembered Sets 707.029ms
[2025-01-09T02:28:22.827+0000][194573.193s][info][gc,start    ] GC(7354) Pause Cleanup
[2025-01-09T02:28:22.827+0000][194573.194s][info][gc          ] GC(7354) Pause Cleanup 4840M->4840M(12288M) 0.476ms
[2025-01-09T02:28:22.827+0000][194573.194s][info][gc,cpu      ] GC(7354) User=0.00s Sys=0.00s Real=0.00s
[2025-01-09T02:28:22.828+0000][194573.194s][info][gc,marking  ] GC(7354) Concurrent Cleanup for Next Mark
[2025-01-09T02:28:22.845+0000][194573.211s][info][gc,marking  ] GC(7354) Concurrent Cleanup for Next Mark 17.310ms
[2025-01-09T02:28:22.845+0000][194573.211s][info][gc          ] GC(7354) Concurrent Mark Cycle 1902.010ms
[2025-01-09T02:28:25.770+0000][194576.136s][info][gc,start    ] GC(7355) Pause Young (Prepare Mixed) (G1 Evacuation Pause)
[2025-01-09T02:28:25.770+0000][194576.136s][info][gc,task     ] GC(7355) Using 6 workers of 6 for evacuation
[2025-01-09T02:28:25.806+0000][194576.172s][info][gc,phases   ] GC(7355)   Pre Evacuate Collection Set: 0.2ms
[2025-01-09T02:28:25.806+0000][194576.172s][info][gc,phases   ] GC(7355)   Merge Heap Roots: 0.7ms
[2025-01-09T02:28:25.806+0000][194576.172s][info][gc,phases   ] GC(7355)   Evacuate Collection Set: 32.7ms
[2025-01-09T02:28:25.806+0000][194576.172s][info][gc,phases   ] GC(7355)   Post Evacuate Collection Set: 2.6ms
[2025-01-09T02:28:25.806+0000][194576.172s][info][gc,phases   ] GC(7355)   Other: 0.2ms
[2025-01-09T02:28:25.806+0000][194576.172s][info][gc,heap     ] GC(7355) Eden regions: 914->0(67)
[2025-01-09T02:28:25.806+0000][194576.172s][info][gc,heap     ] GC(7355) Survivor regions: 7->9(116)
[2025-01-09T02:28:25.806+0000][194576.172s][info][gc,heap     ] GC(7355) Old regions: 231->231
[2025-01-09T02:28:25.806+0000][194576.172s][info][gc,heap     ] GC(7355) Archive regions: 2->2
[2025-01-09T02:28:25.806+0000][194576.172s][info][gc,heap     ] GC(7355) Humongous regions: 49->49
[2025-01-09T02:28:25.806+0000][194576.172s][info][gc,metaspace] GC(7355) Metaspace: 524943K(534272K)->524943K(534272K) NonClass: 460969K(465536K)->460969K(465536K) Class: 63974K(68736K)->63974K(68736K)
[2025-01-09T02:28:25.806+0000][194576.172s][info][gc          ] GC(7355) Pause Young (Prepare Mixed) (G1 Evacuation Pause) 9604M->2311M(12288M) 36.484ms
[2025-01-09T02:28:25.806+0000][194576.172s][info][gc,cpu      ] GC(7355) User=0.21s Sys=0.00s Real=0.03s
[2025-01-09T02:28:26.162+0000][194576.528s][info][gc,start    ] GC(7356) Pause Young (Mixed) (G1 Evacuation Pause)
[2025-01-09T02:28:26.162+0000][194576.528s][info][gc,task     ] GC(7356) Using 6 workers of 6 for evacuation
[2025-01-09T02:28:26.210+0000][194576.576s][info][gc,phases   ] GC(7356)   Pre Evacuate Collection Set: 0.2ms
[2025-01-09T02:28:26.210+0000][194576.576s][info][gc,phases   ] GC(7356)   Merge Heap Roots: 0.5ms
[2025-01-09T02:28:26.210+0000][194576.576s][info][gc,phases   ] GC(7356)   Evacuate Collection Set: 45.2ms
[2025-01-09T02:28:26.210+0000][194576.576s][info][gc,phases   ] GC(7356)   Post Evacuate Collection Set: 1.6ms
[2025-01-09T02:28:26.210+0000][194576.576s][info][gc,phases   ] GC(7356)   Other: 0.2ms
[2025-01-09T02:28:26.210+0000][194576.576s][info][gc,heap     ] GC(7356) Eden regions: 67->0(915)
[2025-01-09T02:28:26.210+0000][194576.576s][info][gc,heap     ] GC(7356) Survivor regions: 9->6(10)
[2025-01-09T02:28:26.210+0000][194576.576s][info][gc,heap     ] GC(7356) Old regions: 231->228
[2025-01-09T02:28:26.210+0000][194576.576s][info][gc,heap     ] GC(7356) Archive regions: 2->2
[2025-01-09T02:28:26.210+0000][194576.576s][info][gc,heap     ] GC(7356) Humongous regions: 49->49
[2025-01-09T02:28:26.210+0000][194576.576s][info][gc,metaspace] GC(7356) Metaspace: 524943K(534272K)->524943K(534272K) NonClass: 460969K(465536K)->460969K(465536K) Class: 63974K(68736K)->63974K(68736K)
[2025-01-09T02:28:26.210+0000][194576.576s][info][gc          ] GC(7356) Pause Young (Mixed) (G1 Evacuation Pause) 2847M->2262M(12288M) 47.705ms
[2025-01-09T02:28:26.210+0000][194576.576s][info][gc,cpu      ] GC(7356) User=0.28s Sys=0.01s Real=0.05s
[2025-01-09T02:28:31.637+0000][194582.003s][info][gc,start    ] GC(7357) Pause Young (Normal) (G1 Evacuation Pause)
[2025-01-09T02:28:31.637+0000][194582.003s][info][gc,task     ] GC(7357) Using 6 workers of 6 for evacuation
[2025-01-09T02:28:31.657+0000][194582.023s][info][gc,phases   ] GC(7357)   Pre Evacuate Collection Set: 0.2ms
[2025-01-09T02:28:31.657+0000][194582.023s][info][gc,phases   ] GC(7357)   Merge Heap Roots: 0.4ms
[2025-01-09T02:28:31.657+0000][194582.023s][info][gc,phases   ] GC(7357)   Evacuate Collection Set: 17.3ms
[2025-01-09T02:28:31.657+0000][194582.023s][info][gc,phases   ] GC(7357)   Post Evacuate Collection Set: 2.3ms
[2025-01-09T02:28:31.657+0000][194582.023s][info][gc,phases   ] GC(7357)   Other: 0.2ms
[2025-01-09T02:28:31.657+0000][194582.023s][info][gc,heap     ] GC(7357) Eden regions: 915->0(916)
[2025-01-09T02:28:31.657+0000][194582.023s][info][gc,heap     ] GC(7357) Survivor regions: 6->5(116)
[2025-01-09T02:28:31.657+0000][194582.023s][info][gc,heap     ] GC(7357) Old regions: 228->228
[2025-01-09T02:28:31.657+0000][194582.023s][info][gc,heap     ] GC(7357) Archive regions: 2->2
[2025-01-09T02:28:31.657+0000][194582.023s][info][gc,heap     ] GC(7357) Humongous regions: 49->49
[2025-01-09T02:28:31.657+0000][194582.023s][info][gc,metaspace] GC(7357) Metaspace: 524943K(534272K)->524943K(534272K) NonClass: 460969K(465536K)->460969K(465536K) Class: 63974K(68736K)->63974K(68736K)
[2025-01-09T02:28:31.657+0000][194582.023s][info][gc          ] GC(7357) Pause Young (Normal) (G1 Evacuation Pause) 9582M->2255M(12288M) 20.509ms
[2025-01-09T02:28:31.657+0000][194582.023s][info][gc,cpu      ] GC(7357) User=0.12s Sys=0.00s Real=0.02s
[2025-01-09T02:28:40.627+0000][194590.993s][info][gc,start    ] GC(7358) Pause Young (Normal) (G1 Evacuation Pause)
[2025-01-09T02:28:40.627+0000][194590.993s][info][gc,task     ] GC(7358) Using 6 workers of 6 for evacuation
[2025-01-09T02:28:40.657+0000][194591.023s][info][gc,phases   ] GC(7358)   Pre Evacuate Collection Set: 0.3ms
[2025-01-09T02:28:40.657+0000][194591.023s][info][gc,phases   ] GC(7358)   Merge Heap Roots: 0.5ms
[2025-01-09T02:28:40.657+0000][194591.023s][info][gc,phases   ] GC(7358)   Evacuate Collection Set: 24.2ms
[2025-01-09T02:28:40.657+0000][194591.023s][info][gc,phases   ] GC(7358)   Post Evacuate Collection Set: 4.3ms
[2025-01-09T02:28:40.657+0000][194591.023s][info][gc,phases   ] GC(7358)   Other: 0.2ms
[2025-01-09T02:28:40.657+0000][194591.023s][info][gc,heap     ] GC(7358) Eden regions: 916->0(914)
[2025-01-09T02:28:40.657+0000][194591.023s][info][gc,heap     ] GC(7358) Survivor regions: 5->7(116)
[2025-01-09T02:28:40.657+0000][194591.023s][info][gc,heap     ] GC(7358) Old regions: 228->228
[2025-01-09T02:28:40.657+0000][194591.023s][info][gc,heap     ] GC(7358) Archive regions: 2->2
[2025-01-09T02:28:40.657+0000][194591.023s][info][gc,heap     ] GC(7358) Humongous regions: 49->49
[2025-01-09T02:28:40.657+0000][194591.023s][info][gc,metaspace] GC(7358) Metaspace: 524943K(534272K)->524943K(534272K) NonClass: 460969K(465536K)->460969K(465536K) Class: 63974K(68736K)->63974K(68736K)
[2025-01-09T02:28:40.657+0000][194591.023s][info][gc          ] GC(7358) Pause Young (Normal) (G1 Evacuation Pause) 9583M->2273M(12288M) 29.565ms
[2025-01-09T02:28:40.657+0000][194591.023s][info][gc,cpu      ] GC(7358) User=0.17s Sys=0.00s Real=0.03s
[2025-01-09T02:28:48.471+0000][194598.837s][info][gc,start    ] GC(7359) Pause Young (Concurrent Start) (G1 Evacuation Pause)
[2025-01-09T02:28:48.471+0000][194598.837s][info][gc,task     ] GC(7359) Using 6 workers of 6 for evacuation
[2025-01-09T02:28:48.501+0000][194598.867s][info][gc,phases   ] GC(7359)   Pre Evacuate Collection Set: 1.1ms
[2025-01-09T02:28:48.501+0000][194598.867s][info][gc,phases   ] GC(7359)   Merge Heap Roots: 0.4ms
[2025-01-09T02:28:48.501+0000][194598.867s][info][gc,phases   ] GC(7359)   Evacuate Collection Set: 24.6ms
[2025-01-09T02:28:48.501+0000][194598.867s][info][gc,phases   ] GC(7359)   Post Evacuate Collection Set: 3.9ms
[2025-01-09T02:28:48.501+0000][194598.867s][info][gc,phases   ] GC(7359)   Other: 0.3ms
[2025-01-09T02:28:48.501+0000][194598.867s][info][gc,heap     ] GC(7359) Eden regions: 914->0(913)
[2025-01-09T02:28:48.501+0000][194598.867s][info][gc,heap     ] GC(7359) Survivor regions: 7->8(116)
[2025-01-09T02:28:48.501+0000][194598.867s][info][gc,heap     ] GC(7359) Old regions: 228->228
[2025-01-09T02:28:48.501+0000][194598.867s][info][gc,heap     ] GC(7359) Archive regions: 2->2
[2025-01-09T02:28:48.501+0000][194598.867s][info][gc,heap     ] GC(7359) Humongous regions: 49->49
[2025-01-09T02:28:48.501+0000][194598.867s][info][gc,metaspace] GC(7359) Metaspace: 524943K(534272K)->524943K(534272K) NonClass: 460969K(465536K)->460969K(465536K) Class: 63974K(68736K)->63974K(68736K)
[2025-01-09T02:28:48.501+0000][194598.867s][info][gc          ] GC(7359) Pause Young (Concurrent Start) (G1 Evacuation Pause) 9585M->2281M(12288M) 30.353ms
[2025-01-09T02:28:48.501+0000][194598.867s][info][gc,cpu      ] GC(7359) User=0.17s Sys=0.00s Real=0.02s
[2025-01-09T02:28:48.501+0000][194598.867s][info][gc          ] GC(7360) Concurrent Mark Cycle
[2025-01-09T02:28:48.501+0000][194598.867s][info][gc,marking  ] GC(7360) Concurrent Clear Claimed Marks
[2025-01-09T02:28:48.502+0000][194598.868s][info][gc,marking  ] GC(7360) Concurrent Clear Claimed Marks 0.938ms
[2025-01-09T02:28:48.502+0000][194598.868s][info][gc,marking  ] GC(7360) Concurrent Scan Root Regions
[2025-01-09T02:28:48.534+0000][194598.900s][info][gc,marking  ] GC(7360) Concurrent Scan Root Regions 32.118ms
[2025-01-09T02:28:48.534+0000][194598.900s][info][gc,marking  ] GC(7360) Concurrent Mark
[2025-01-09T02:28:48.534+0000][194598.900s][info][gc,marking  ] GC(7360) Concurrent Mark From Roots
[2025-01-09T02:28:48.534+0000][194598.900s][info][gc,task     ] GC(7360) Using 2 workers of 2 for marking
[2025-01-09T02:28:49.580+0000][194599.946s][info][gc,marking  ] GC(7360) Concurrent Mark From Roots 1045.931ms
[2025-01-09T02:28:49.580+0000][194599.946s][info][gc,marking  ] GC(7360) Concurrent Preclean
[2025-01-09T02:28:49.583+0000][194599.949s][info][gc,marking  ] GC(7360) Concurrent Preclean 2.972ms
[2025-01-09T02:28:49.583+0000][194599.949s][info][gc,start    ] GC(7360) Pause Remark
[2025-01-09T02:28:49.609+0000][194599.975s][info][gc          ] GC(7360) Pause Remark 3497M->3497M(12288M) 25.669ms
[2025-01-09T02:28:49.609+0000][194599.975s][info][gc,cpu      ] GC(7360) User=0.14s Sys=0.00s Real=0.02s
[2025-01-09T02:28:49.609+0000][194599.975s][info][gc,marking  ] GC(7360) Concurrent Mark 1074.959ms
[2025-01-09T02:28:49.609+0000][194599.975s][info][gc,marking  ] GC(7360) Concurrent Rebuild Remembered Sets
[2025-01-09T02:28:50.268+0000][194600.634s][info][gc,marking  ] GC(7360) Concurrent Rebuild Remembered Sets 658.812ms
[2025-01-09T02:28:50.268+0000][194600.634s][info][gc,start    ] GC(7360) Pause Cleanup
[2025-01-09T02:28:50.269+0000][194600.635s][info][gc          ] GC(7360) Pause Cleanup 4209M->4209M(12288M) 0.458ms
[2025-01-09T02:28:50.269+0000][194600.635s][info][gc,cpu      ] GC(7360) User=0.00s Sys=0.00s Real=0.00s
[2025-01-09T02:28:50.269+0000][194600.635s][info][gc,marking  ] GC(7360) Concurrent Cleanup for Next Mark
[2025-01-09T02:28:50.297+0000][194600.663s][info][gc,marking  ] GC(7360) Concurrent Cleanup for Next Mark 28.007ms
[2025-01-09T02:28:50.297+0000][194600.663s][info][gc          ] GC(7360) Concurrent Mark Cycle 1795.717ms
[2025-01-09T02:28:57.154+0000][194607.520s][info][gc,start    ] GC(7361) Pause Young (Prepare Mixed) (G1 Evacuation Pause)
[2025-01-09T02:28:57.154+0000][194607.520s][info][gc,task     ] GC(7361) Using 6 workers of 6 for evacuation
[2025-01-09T02:28:57.187+0000][194607.553s][info][gc,phases   ] GC(7361)   Pre Evacuate Collection Set: 0.2ms
[2025-01-09T02:28:57.187+0000][194607.553s][info][gc,phases   ] GC(7361)   Merge Heap Roots: 0.7ms
[2025-01-09T02:28:57.187+0000][194607.553s][info][gc,phases   ] GC(7361)   Evacuate Collection Set: 27.8ms
[2025-01-09T02:28:57.187+0000][194607.553s][info][gc,phases   ] GC(7361)   Post Evacuate Collection Set: 4.1ms
[2025-01-09T02:28:57.187+0000][194607.553s][info][gc,phases   ] GC(7361)   Other: 0.2ms
[2025-01-09T02:28:57.187+0000][194607.553s][info][gc,heap     ] GC(7361) Eden regions: 913->0(67)
[2025-01-09T02:28:57.187+0000][194607.553s][info][gc,heap     ] GC(7361) Survivor regions: 8->9(116)
[2025-01-09T02:28:57.187+0000][194607.553s][info][gc,heap     ] GC(7361) Old regions: 228->228
[2025-01-09T02:28:57.187+0000][194607.553s][info][gc,heap     ] GC(7361) Archive regions: 2->2
[2025-01-09T02:28:57.187+0000][194607.553s][info][gc,heap     ] GC(7361) Humongous regions: 49->49
[2025-01-09T02:28:57.187+0000][194607.553s][info][gc,metaspace] GC(7361) Metaspace: 524943K(534272K)->524943K(534272K) NonClass: 460969K(465536K)->460969K(465536K) Class: 63974K(68736K)->63974K(68736K)
[2025-01-09T02:28:57.187+0000][194607.553s][info][gc          ] GC(7361) Pause Young (Prepare Mixed) (G1 Evacuation Pause) 9585M->2292M(12288M) 33.049ms
[2025-01-09T02:28:57.187+0000][194607.553s][info][gc,cpu      ] GC(7361) User=0.19s Sys=0.01s Real=0.03s
[2025-01-09T02:28:57.605+0000][194607.971s][info][gc,start    ] GC(7362) Pause Young (Mixed) (G1 Evacuation Pause)
[2025-01-09T02:28:57.605+0000][194607.971s][info][gc,task     ] GC(7362) Using 6 workers of 6 for evacuation
[2025-01-09T02:28:57.668+0000][194608.035s][info][gc,phases   ] GC(7362)   Pre Evacuate Collection Set: 0.2ms
[2025-01-09T02:28:57.668+0000][194608.035s][info][gc,phases   ] GC(7362)   Merge Heap Roots: 0.7ms
[2025-01-09T02:28:57.668+0000][194608.035s][info][gc,phases   ] GC(7362)   Evacuate Collection Set: 60.4ms
[2025-01-09T02:28:57.668+0000][194608.035s][info][gc,phases   ] GC(7362)   Post Evacuate Collection Set: 1.9ms
[2025-01-09T02:28:57.668+0000][194608.035s][info][gc,phases   ] GC(7362)   Other: 0.2ms
[2025-01-09T02:28:57.668+0000][194608.035s][info][gc,heap     ] GC(7362) Eden regions: 67->0(916)
[2025-01-09T02:28:57.668+0000][194608.035s][info][gc,heap     ] GC(7362) Survivor regions: 9->5(10)
[2025-01-09T02:28:57.668+0000][194608.035s][info][gc,heap     ] GC(7362) Old regions: 228->228
[2025-01-09T02:28:57.668+0000][194608.035s][info][gc,heap     ] GC(7362) Archive regions: 2->2
[2025-01-09T02:28:57.668+0000][194608.035s][info][gc,heap     ] GC(7362) Humongous regions: 49->49
[2025-01-09T02:28:57.669+0000][194608.035s][info][gc,metaspace] GC(7362) Metaspace: 524943K(534272K)->524943K(534272K) NonClass: 460969K(465536K)->460969K(465536K) Class: 63974K(68736K)->63974K(68736K)
[2025-01-09T02:28:57.669+0000][194608.035s][info][gc          ] GC(7362) Pause Young (Mixed) (G1 Evacuation Pause) 2828M->2257M(12288M) 63.381ms
[2025-01-09T02:28:57.669+0000][194608.035s][info][gc,cpu      ] GC(7362) User=0.34s Sys=0.02s Real=0.06s
[2025-01-09T02:29:03.394+0000][194613.761s][info][gc,start    ] GC(7363) Pause Young (Normal) (G1 Evacuation Pause)
[2025-01-09T02:29:03.394+0000][194613.761s][info][gc,task     ] GC(7363) Using 6 workers of 6 for evacuation
[2025-01-09T02:29:03.419+0000][194613.785s][info][gc,phases   ] GC(7363)   Pre Evacuate Collection Set: 0.2ms
[2025-01-09T02:29:03.419+0000][194613.785s][info][gc,phases   ] GC(7363)   Merge Heap Roots: 0.4ms
[2025-01-09T02:29:03.419+0000][194613.785s][info][gc,phases   ] GC(7363)   Evacuate Collection Set: 20.4ms
[2025-01-09T02:29:03.419+0000][194613.785s][info][gc,phases   ] GC(7363)   Post Evacuate Collection Set: 2.9ms
[2025-01-09T02:29:03.419+0000][194613.785s][info][gc,phases   ] GC(7363)   Other: 0.2ms
[2025-01-09T02:29:03.419+0000][194613.785s][info][gc,heap     ] GC(7363) Eden regions: 916->0(915)
[2025-01-09T02:29:03.419+0000][194613.785s][info][gc,heap     ] GC(7363) Survivor regions: 5->6(116)
[2025-01-09T02:29:03.419+0000][194613.785s][info][gc,heap     ] GC(7363) Old regions: 228->228
[2025-01-09T02:29:03.419+0000][194613.785s][info][gc,heap     ] GC(7363) Archive regions: 2->2
[2025-01-09T02:29:03.419+0000][194613.785s][info][gc,heap     ] GC(7363) Humongous regions: 49->49
[2025-01-09T02:29:03.419+0000][194613.785s][info][gc,metaspace] GC(7363) Metaspace: 524943K(534272K)->524943K(534272K) NonClass: 460969K(465536K)->460969K(465536K) Class: 63974K(68736K)->63974K(68736K)
[2025-01-09T02:29:03.419+0000][194613.785s][info][gc          ] GC(7363) Pause Young (Normal) (G1 Evacuation Pause) 9585M->2262M(12288M) 24.229ms
[2025-01-09T02:29:03.419+0000][194613.785s][info][gc,cpu      ] GC(7363) User=0.14s Sys=0.01s Real=0.02s
[2025-01-09T02:29:13.174+0000][194623.540s][info][gc,start    ] GC(7364) Pause Young (Normal) (G1 Evacuation Pause)
[2025-01-09T02:29:13.174+0000][194623.540s][info][gc,task     ] GC(7364) Using 6 workers of 6 for evacuation
[2025-01-09T02:29:13.211+0000][194623.577s][info][gc,phases   ] GC(7364)   Pre Evacuate Collection Set: 0.3ms
[2025-01-09T02:29:13.211+0000][194623.577s][info][gc,phases   ] GC(7364)   Merge Heap Roots: 0.5ms
[2025-01-09T02:29:13.211+0000][194623.577s][info][gc,phases   ] GC(7364)   Evacuate Collection Set: 32.4ms
[2025-01-09T02:29:13.211+0000][194623.577s][info][gc,phases   ] GC(7364)   Post Evacuate Collection Set: 3.3ms
[2025-01-09T02:29:13.211+0000][194623.577s][info][gc,phases   ] GC(7364)   Other: 0.3ms
[2025-01-09T02:29:13.211+0000][194623.577s][info][gc,heap     ] GC(7364) Eden regions: 915->0(913)
[2025-01-09T02:29:13.211+0000][194623.577s][info][gc,heap     ] GC(7364) Survivor regions: 6->8(116)
[2025-01-09T02:29:13.211+0000][194623.577s][info][gc,heap     ] GC(7364) Old regions: 228->228
[2025-01-09T02:29:13.211+0000][194623.577s][info][gc,heap     ] GC(7364) Archive regions: 2->2
[2025-01-09T02:29:13.211+0000][194623.577s][info][gc,heap     ] GC(7364) Humongous regions: 49->49
[2025-01-09T02:29:13.211+0000][194623.577s][info][gc,metaspace] GC(7364) Metaspace: 524947K(534272K)->524947K(534272K) NonClass: 460973K(465536K)->460973K(465536K) Class: 63974K(68736K)->63974K(68736K)
[2025-01-09T02:29:13.211+0000][194623.577s][info][gc          ] GC(7364) Pause Young (Normal) (G1 Evacuation Pause) 9582M->2276M(12288M) 36.919ms
[2025-01-09T02:29:13.211+0000][194623.577s][info][gc,cpu      ] GC(7364) User=0.21s Sys=0.00s Real=0.04s
[2025-01-09T02:29:18.303+0000][194628.669s][info][gc,start    ] GC(7365) Pause Young (Concurrent Start) (G1 Evacuation Pause)
[2025-01-09T02:29:18.303+0000][194628.669s][info][gc,task     ] GC(7365) Using 6 workers of 6 for evacuation
[2025-01-09T02:29:18.333+0000][194628.699s][info][gc,phases   ] GC(7365)   Pre Evacuate Collection Set: 1.1ms
[2025-01-09T02:29:18.333+0000][194628.699s][info][gc,phases   ] GC(7365)   Merge Heap Roots: 0.4ms
[2025-01-09T02:29:18.333+0000][194628.699s][info][gc,phases   ] GC(7365)   Evacuate Collection Set: 26.1ms
[2025-01-09T02:29:18.333+0000][194628.699s][info][gc,phases   ] GC(7365)   Post Evacuate Collection Set: 2.3ms
[2025-01-09T02:29:18.333+0000][194628.699s][info][gc,phases   ] GC(7365)   Other: 0.3ms
[2025-01-09T02:29:18.333+0000][194628.699s][info][gc,heap     ] GC(7365) Eden regions: 913->0(913)
[2025-01-09T02:29:18.333+0000][194628.699s][info][gc,heap     ] GC(7365) Survivor regions: 8->8(116)
[2025-01-09T02:29:18.333+0000][194628.699s][info][gc,heap     ] GC(7365) Old regions: 228->228
[2025-01-09T02:29:18.333+0000][194628.699s][info][gc,heap     ] GC(7365) Archive regions: 2->2
[2025-01-09T02:29:18.333+0000][194628.699s][info][gc,heap     ] GC(7365) Humongous regions: 49->49
[2025-01-09T02:29:18.333+0000][194628.699s][info][gc,metaspace] GC(7365) Metaspace: 524947K(534272K)->524947K(534272K) NonClass: 460973K(465536K)->460973K(465536K) Class: 63974K(68736K)->63974K(68736K)
[2025-01-09T02:29:18.333+0000][194628.699s][info][gc          ] GC(7365) Pause Young (Concurrent Start) (G1 Evacuation Pause) 9580M->2283M(12288M) 30.331ms
[2025-01-09T02:29:18.333+0000][194628.699s][info][gc,cpu      ] GC(7365) User=0.17s Sys=0.00s Real=0.03s
[2025-01-09T02:29:18.333+0000][194628.699s][info][gc          ] GC(7366) Concurrent Mark Cycle
[2025-01-09T02:29:18.333+0000][194628.699s][info][gc,marking  ] GC(7366) Concurrent Clear Claimed Marks
[2025-01-09T02:29:18.334+0000][194628.700s][info][gc,marking  ] GC(7366) Concurrent Clear Claimed Marks 0.931ms
[2025-01-09T02:29:18.334+0000][194628.700s][info][gc,marking  ] GC(7366) Concurrent Scan Root Regions
[2025-01-09T02:29:18.359+0000][194628.725s][info][gc,marking  ] GC(7366) Concurrent Scan Root Regions 24.554ms
[2025-01-09T02:29:18.359+0000][194628.725s][info][gc,marking  ] GC(7366) Concurrent Mark
[2025-01-09T02:29:18.359+0000][194628.725s][info][gc,marking  ] GC(7366) Concurrent Mark From Roots
[2025-01-09T02:29:18.359+0000][194628.725s][info][gc,task     ] GC(7366) Using 2 workers of 2 for marking
[2025-01-09T02:29:19.250+0000][194629.616s][info][gc,marking  ] GC(7366) Concurrent Mark From Roots 891.436ms
[2025-01-09T02:29:19.250+0000][194629.616s][info][gc,marking  ] GC(7366) Concurrent Preclean
[2025-01-09T02:29:19.254+0000][194629.620s][info][gc,marking  ] GC(7366) Concurrent Preclean 3.284ms
[2025-01-09T02:29:19.254+0000][194629.620s][info][gc,start    ] GC(7366) Pause Remark
[2025-01-09T02:29:19.280+0000][194629.646s][info][gc          ] GC(7366) Pause Remark 3419M->3419M(12288M) 25.754ms
[2025-01-09T02:29:19.280+0000][194629.646s][info][gc,cpu      ] GC(7366) User=0.15s Sys=0.00s Real=0.02s
[2025-01-09T02:29:19.280+0000][194629.646s][info][gc,marking  ] GC(7366) Concurrent Mark 920.882ms
[2025-01-09T02:29:19.280+0000][194629.646s][info][gc,marking  ] GC(7366) Concurrent Rebuild Remembered Sets
[2025-01-09T02:29:19.897+0000][194630.263s][info][gc,marking  ] GC(7366) Concurrent Rebuild Remembered Sets 617.341ms
[2025-01-09T02:29:19.898+0000][194630.264s][info][gc,start    ] GC(7366) Pause Cleanup
[2025-01-09T02:29:19.898+0000][194630.264s][info][gc          ] GC(7366) Pause Cleanup 4183M->4183M(12288M) 0.420ms
[2025-01-09T02:29:19.898+0000][194630.264s][info][gc,cpu      ] GC(7366) User=0.00s Sys=0.00s Real=0.00s
[2025-01-09T02:29:19.898+0000][194630.265s][info][gc,marking  ] GC(7366) Concurrent Cleanup for Next Mark
[2025-01-09T02:29:19.915+0000][194630.281s][info][gc,marking  ] GC(7366) Concurrent Cleanup for Next Mark 16.823ms
[2025-01-09T02:29:19.915+0000][194630.281s][info][gc          ] GC(7366) Concurrent Mark Cycle 1581.919ms
[2025-01-09T02:29:26.835+0000][194637.201s][info][gc,start    ] GC(7367) Pause Young (Prepare Mixed) (GCLocker Initiated GC)
[2025-01-09T02:29:26.835+0000][194637.201s][info][gc,task     ] GC(7367) Using 6 workers of 6 for evacuation
[2025-01-09T02:29:26.872+0000][194637.238s][info][gc,phases   ] GC(7367)   Pre Evacuate Collection Set: 0.2ms
[2025-01-09T02:29:26.872+0000][194637.238s][info][gc,phases   ] GC(7367)   Merge Heap Roots: 0.7ms
[2025-01-09T02:29:26.872+0000][194637.238s][info][gc,phases   ] GC(7367)   Evacuate Collection Set: 32.9ms
[2025-01-09T02:29:26.872+0000][194637.238s][info][gc,phases   ] GC(7367)   Post Evacuate Collection Set: 2.6ms
[2025-01-09T02:29:26.872+0000][194637.238s][info][gc,phases   ] GC(7367)   Other: 0.2ms
[2025-01-09T02:29:26.872+0000][194637.238s][info][gc,heap     ] GC(7367) Eden regions: 914->0(66)
[2025-01-09T02:29:26.872+0000][194637.238s][info][gc,heap     ] GC(7367) Survivor regions: 8->10(116)
[2025-01-09T02:29:26.872+0000][194637.238s][info][gc,heap     ] GC(7367) Old regions: 228->228
[2025-01-09T02:29:26.872+0000][194637.238s][info][gc,heap     ] GC(7367) Archive regions: 2->2
[2025-01-09T02:29:26.872+0000][194637.238s][info][gc,heap     ] GC(7367) Humongous regions: 49->49
[2025-01-09T02:29:26.872+0000][194637.238s][info][gc,metaspace] GC(7367) Metaspace: 524947K(534272K)->524947K(534272K) NonClass: 460973K(465536K)->460973K(465536K) Class: 63974K(68736K)->63974K(68736K)
[2025-01-09T02:29:26.872+0000][194637.238s][info][gc          ] GC(7367) Pause Young (Prepare Mixed) (GCLocker Initiated GC) 9591M->2293M(12288M) 36.700ms
[2025-01-09T02:29:26.872+0000][194637.238s][info][gc,cpu      ] GC(7367) User=0.21s Sys=0.00s Real=0.04s
[2025-01-09T02:29:27.393+0000][194637.760s][info][gc,start    ] GC(7368) Pause Young (Mixed) (G1 Evacuation Pause)
[2025-01-09T02:29:27.393+0000][194637.760s][info][gc,task     ] GC(7368) Using 6 workers of 6 for evacuation
[2025-01-09T02:29:27.468+0000][194637.835s][info][gc,phases   ] GC(7368)   Pre Evacuate Collection Set: 0.2ms
[2025-01-09T02:29:27.468+0000][194637.835s][info][gc,phases   ] GC(7368)   Merge Heap Roots: 0.7ms
[2025-01-09T02:29:27.468+0000][194637.835s][info][gc,phases   ] GC(7368)   Evacuate Collection Set: 71.8ms
[2025-01-09T02:29:27.468+0000][194637.835s][info][gc,phases   ] GC(7368)   Post Evacuate Collection Set: 2.1ms
[2025-01-09T02:29:27.468+0000][194637.835s][info][gc,phases   ] GC(7368)   Other: 0.2ms
[2025-01-09T02:29:27.468+0000][194637.835s][info][gc,heap     ] GC(7368) Eden regions: 66->0(917)
[2025-01-09T02:29:27.468+0000][194637.835s][info][gc,heap     ] GC(7368) Survivor regions: 10->4(10)
[2025-01-09T02:29:27.468+0000][194637.835s][info][gc,heap     ] GC(7368) Old regions: 228->228
[2025-01-09T02:29:27.469+0000][194637.835s][info][gc,heap     ] GC(7368) Archive regions: 2->2
[2025-01-09T02:29:27.469+0000][194637.835s][info][gc,heap     ] GC(7368) Humongous regions: 49->49
[2025-01-09T02:29:27.469+0000][194637.835s][info][gc,metaspace] GC(7368) Metaspace: 524947K(534272K)->524947K(534272K) NonClass: 460973K(465536K)->460973K(465536K) Class: 63974K(68736K)->63974K(68736K)
[2025-01-09T02:29:27.469+0000][194637.835s][info][gc          ] GC(7368) Pause Young (Mixed) (G1 Evacuation Pause) 2821M->2252M(12288M) 75.094ms
[2025-01-09T02:29:27.469+0000][194637.835s][info][gc,cpu      ] GC(7368) User=0.41s Sys=0.01s Real=0.07s
[2025-01-09T02:29:33.149+0000][194643.515s][info][gc,start    ] GC(7369) Pause Young (Normal) (GCLocker Initiated GC)
[2025-01-09T02:29:33.149+0000][194643.515s][info][gc,task     ] GC(7369) Using 6 workers of 6 for evacuation
[2025-01-09T02:29:33.171+0000][194643.537s][info][gc,phases   ] GC(7369)   Pre Evacuate Collection Set: 0.2ms
[2025-01-09T02:29:33.171+0000][194643.537s][info][gc,phases   ] GC(7369)   Merge Heap Roots: 0.4ms
[2025-01-09T02:29:33.171+0000][194643.537s][info][gc,phases   ] GC(7369)   Evacuate Collection Set: 18.2ms
[2025-01-09T02:29:33.171+0000][194643.537s][info][gc,phases   ] GC(7369)   Post Evacuate Collection Set: 3.7ms
[2025-01-09T02:29:33.171+0000][194643.537s][info][gc,phases   ] GC(7369)   Other: 0.2ms
[2025-01-09T02:29:33.171+0000][194643.537s][info][gc,heap     ] GC(7369) Eden regions: 918->0(915)
[2025-01-09T02:29:33.171+0000][194643.537s][info][gc,heap     ] GC(7369) Survivor regions: 4->6(116)
[2025-01-09T02:29:33.171+0000][194643.537s][info][gc,heap     ] GC(7369) Old regions: 228->228
[2025-01-09T02:29:33.171+0000][194643.537s][info][gc,heap     ] GC(7369) Archive regions: 2->2
[2025-01-09T02:29:33.171+0000][194643.537s][info][gc,heap     ] GC(7369) Humongous regions: 49->49
[2025-01-09T02:29:33.171+0000][194643.537s][info][gc,metaspace] GC(7369) Metaspace: 524947K(534272K)->524947K(534272K) NonClass: 460973K(465536K)->460973K(465536K) Class: 63974K(68736K)->63974K(68736K)
[2025-01-09T02:29:33.171+0000][194643.537s][info][gc          ] GC(7369) Pause Young (Normal) (GCLocker Initiated GC) 9592M->2263M(12288M) 22.826ms
[2025-01-09T02:29:33.171+0000][194643.537s][info][gc,cpu      ] GC(7369) User=0.14s Sys=0.00s Real=0.03s
[2025-01-09T02:29:38.139+0000][194648.505s][info][gc,start    ] GC(7370) Pause Young (Normal) (GCLocker Initiated GC)
[2025-01-09T02:29:38.139+0000][194648.505s][info][gc,task     ] GC(7370) Using 6 workers of 6 for evacuation
[2025-01-09T02:29:38.166+0000][194648.532s][info][gc,phases   ] GC(7370)   Pre Evacuate Collection Set: 0.2ms
[2025-01-09T02:29:38.166+0000][194648.533s][info][gc,phases   ] GC(7370)   Merge Heap Roots: 0.4ms
[2025-01-09T02:29:38.166+0000][194648.533s][info][gc,phases   ] GC(7370)   Evacuate Collection Set: 22.5ms
[2025-01-09T02:29:38.166+0000][194648.533s][info][gc,phases   ] GC(7370)   Post Evacuate Collection Set: 4.1ms
[2025-01-09T02:29:38.166+0000][194648.533s][info][gc,phases   ] GC(7370)   Other: 0.2ms
[2025-01-09T02:29:38.166+0000][194648.533s][info][gc,heap     ] GC(7370) Eden regions: 916->0(915)
[2025-01-09T02:29:38.166+0000][194648.533s][info][gc,heap     ] GC(7370) Survivor regions: 6->6(116)
[2025-01-09T02:29:38.166+0000][194648.533s][info][gc,heap     ] GC(7370) Old regions: 228->228
[2025-01-09T02:29:38.166+0000][194648.533s][info][gc,heap     ] GC(7370) Archive regions: 2->2
[2025-01-09T02:29:38.166+0000][194648.533s][info][gc,heap     ] GC(7370) Humongous regions: 49->49
[2025-01-09T02:29:38.166+0000][194648.533s][info][gc,metaspace] GC(7370) Metaspace: 524947K(534272K)->524947K(534272K) NonClass: 460973K(465536K)->460973K(465536K) Class: 63974K(68736K)->63974K(68736K)
[2025-01-09T02:29:38.167+0000][194648.533s][info][gc          ] GC(7370) Pause Young (Normal) (GCLocker Initiated GC) 9587M->2269M(12288M) 27.531ms
[2025-01-09T02:29:38.167+0000][194648.533s][info][gc,cpu      ] GC(7370) User=0.16s Sys=0.00s Real=0.03s
[2025-01-09T02:29:43.496+0000][194653.863s][info][gc,start    ] GC(7371) Pause Young (Concurrent Start) (GCLocker Initiated GC)
[2025-01-09T02:29:43.496+0000][194653.863s][info][gc,task     ] GC(7371) Using 6 workers of 6 for evacuation
[2025-01-09T02:29:43.529+0000][194653.895s][info][gc,phases   ] GC(7371)   Pre Evacuate Collection Set: 1.1ms
[2025-01-09T02:29:43.529+0000][194653.895s][info][gc,phases   ] GC(7371)   Merge Heap Roots: 0.4ms
[2025-01-09T02:29:43.529+0000][194653.895s][info][gc,phases   ] GC(7371)   Evacuate Collection Set: 28.4ms
[2025-01-09T02:29:43.529+0000][194653.895s][info][gc,phases   ] GC(7371)   Post Evacuate Collection Set: 2.6ms
[2025-01-09T02:29:43.529+0000][194653.895s][info][gc,phases   ] GC(7371)   Other: 0.3ms
[2025-01-09T02:29:43.529+0000][194653.895s][info][gc,heap     ] GC(7371) Eden regions: 916->0(914)
[2025-01-09T02:29:43.529+0000][194653.895s][info][gc,heap     ] GC(7371) Survivor regions: 6->7(116)
[2025-01-09T02:29:43.529+0000][194653.895s][info][gc,heap     ] GC(7371) Old regions: 228->228
[2025-01-09T02:29:43.529+0000][194653.895s][info][gc,heap     ] GC(7371) Archive regions: 2->2
[2025-01-09T02:29:43.529+0000][194653.895s][info][gc,heap     ] GC(7371) Humongous regions: 49->49
[2025-01-09T02:29:43.529+0000][194653.895s][info][gc,metaspace] GC(7371) Metaspace: 524947K(534272K)->524947K(534272K) NonClass: 460973K(465536K)->460973K(465536K) Class: 63974K(68736K)->63974K(68736K)
[2025-01-09T02:29:43.529+0000][194653.895s][info][gc          ] GC(7371) Pause Young (Concurrent Start) (GCLocker Initiated GC) 9593M->2275M(12288M) 32.927ms
[2025-01-09T02:29:43.529+0000][194653.896s][info][gc,cpu      ] GC(7371) User=0.19s Sys=0.01s Real=0.04s
[2025-01-09T02:29:43.529+0000][194653.896s][info][gc          ] GC(7372) Concurrent Mark Cycle
[2025-01-09T02:29:43.530+0000][194653.896s][info][gc,marking  ] GC(7372) Concurrent Clear Claimed Marks
[2025-01-09T02:29:43.530+0000][194653.897s][info][gc,marking  ] GC(7372) Concurrent Clear Claimed Marks 0.984ms
[2025-01-09T02:29:43.531+0000][194653.897s][info][gc,marking  ] GC(7372) Concurrent Scan Root Regions
[2025-01-09T02:29:43.562+0000][194653.928s][info][gc,marking  ] GC(7372) Concurrent Scan Root Regions 31.654ms
[2025-01-09T02:29:43.562+0000][194653.928s][info][gc,marking  ] GC(7372) Concurrent Mark
[2025-01-09T02:29:43.562+0000][194653.928s][info][gc,marking  ] GC(7372) Concurrent Mark From Roots
[2025-01-09T02:29:43.562+0000][194653.928s][info][gc,task     ] GC(7372) Using 2 workers of 2 for marking
[2025-01-09T02:29:44.815+0000][194655.181s][info][gc,marking  ] GC(7372) Concurrent Mark From Roots 1252.786ms
[2025-01-09T02:29:44.815+0000][194655.181s][info][gc,marking  ] GC(7372) Concurrent Preclean
[2025-01-09T02:29:44.818+0000][194655.184s][info][gc,marking  ] GC(7372) Concurrent Preclean 2.820ms
[2025-01-09T02:29:44.818+0000][194655.184s][info][gc,start    ] GC(7372) Pause Remark
[2025-01-09T02:29:44.846+0000][194655.212s][info][gc          ] GC(7372) Pause Remark 4015M->4015M(12288M) 28.101ms
[2025-01-09T02:29:44.846+0000][194655.212s][info][gc,cpu      ] GC(7372) User=0.16s Sys=0.00s Real=0.03s
[2025-01-09T02:29:44.846+0000][194655.212s][info][gc,marking  ] GC(7372) Concurrent Mark 1284.058ms
[2025-01-09T02:29:44.846+0000][194655.212s][info][gc,marking  ] GC(7372) Concurrent Rebuild Remembered Sets
[2025-01-09T02:29:45.506+0000][194655.872s][info][gc,marking  ] GC(7372) Concurrent Rebuild Remembered Sets 659.392ms
[2025-01-09T02:29:45.506+0000][194655.872s][info][gc,start    ] GC(7372) Pause Cleanup
[2025-01-09T02:29:45.506+0000][194655.872s][info][gc          ] GC(7372) Pause Cleanup 4743M->4743M(12288M) 0.394ms
[2025-01-09T02:29:45.506+0000][194655.872s][info][gc,cpu      ] GC(7372) User=0.00s Sys=0.00s Real=0.00s
[2025-01-09T02:29:45.506+0000][194655.872s][info][gc,marking  ] GC(7372) Concurrent Cleanup for Next Mark
[2025-01-09T02:29:45.529+0000][194655.895s][info][gc,marking  ] GC(7372) Concurrent Cleanup for Next Mark 23.029ms
[2025-01-09T02:29:45.529+0000][194655.896s][info][gc          ] GC(7372) Concurrent Mark Cycle 1999.966ms
[2025-01-09T02:29:48.131+0000][194658.497s][info][gc,start    ] GC(7373) Pause Young (Prepare Mixed) (GCLocker Initiated GC)
[2025-01-09T02:29:48.131+0000][194658.497s][info][gc,task     ] GC(7373) Using 6 workers of 6 for evacuation
[2025-01-09T02:29:48.164+0000][194658.530s][info][gc,phases   ] GC(7373)   Pre Evacuate Collection Set: 0.2ms
[2025-01-09T02:29:48.164+0000][194658.530s][info][gc,phases   ] GC(7373)   Merge Heap Roots: 0.7ms
[2025-01-09T02:29:48.164+0000][194658.530s][info][gc,phases   ] GC(7373)   Evacuate Collection Set: 28.4ms
[2025-01-09T02:29:48.164+0000][194658.530s][info][gc,phases   ] GC(7373)   Post Evacuate Collection Set: 3.8ms
[2025-01-09T02:29:48.164+0000][194658.531s][info][gc,phases   ] GC(7373)   Other: 0.2ms
[2025-01-09T02:29:48.164+0000][194658.531s][info][gc,heap     ] GC(7373) Eden regions: 915->0(68)
[2025-01-09T02:29:48.164+0000][194658.531s][info][gc,heap     ] GC(7373) Survivor regions: 7->8(116)
[2025-01-09T02:29:48.164+0000][194658.531s][info][gc,heap     ] GC(7373) Old regions: 228->228
[2025-01-09T02:29:48.164+0000][194658.531s][info][gc,heap     ] GC(7373) Archive regions: 2->2
[2025-01-09T02:29:48.164+0000][194658.531s][info][gc,heap     ] GC(7373) Humongous regions: 49->49
[2025-01-09T02:29:48.164+0000][194658.531s][info][gc,metaspace] GC(7373) Metaspace: 524947K(534272K)->524947K(534272K) NonClass: 460973K(465536K)->460973K(465536K) Class: 63974K(68736K)->63974K(68736K)
[2025-01-09T02:29:48.164+0000][194658.531s][info][gc          ] GC(7373) Pause Young (Prepare Mixed) (GCLocker Initiated GC) 9591M->2281M(12288M) 33.321ms
[2025-01-09T02:29:48.165+0000][194658.531s][info][gc,cpu      ] GC(7373) User=0.19s Sys=0.00s Real=0.03s
[2025-01-09T02:29:48.487+0000][194658.853s][info][gc,start    ] GC(7374) Pause Young (Mixed) (GCLocker Initiated GC)
[2025-01-09T02:29:48.487+0000][194658.853s][info][gc,task     ] GC(7374) Using 6 workers of 6 for evacuation
[2025-01-09T02:29:48.550+0000][194658.916s][info][gc,phases   ] GC(7374)   Pre Evacuate Collection Set: 0.2ms
[2025-01-09T02:29:48.550+0000][194658.916s][info][gc,phases   ] GC(7374)   Merge Heap Roots: 0.8ms
[2025-01-09T02:29:48.550+0000][194658.916s][info][gc,phases   ] GC(7374)   Evacuate Collection Set: 60.1ms
[2025-01-09T02:29:48.550+0000][194658.916s][info][gc,phases   ] GC(7374)   Post Evacuate Collection Set: 2.0ms
[2025-01-09T02:29:48.550+0000][194658.916s][info][gc,phases   ] GC(7374)   Other: 0.2ms
[2025-01-09T02:29:48.550+0000][194658.916s][info][gc,heap     ] GC(7374) Eden regions: 69->0(916)
[2025-01-09T02:29:48.550+0000][194658.916s][info][gc,heap     ] GC(7374) Survivor regions: 8->5(10)
[2025-01-09T02:29:48.550+0000][194658.916s][info][gc,heap     ] GC(7374) Old regions: 228->227
[2025-01-09T02:29:48.550+0000][194658.916s][info][gc,heap     ] GC(7374) Archive regions: 2->2
[2025-01-09T02:29:48.550+0000][194658.916s][info][gc,heap     ] GC(7374) Humongous regions: 49->49
[2025-01-09T02:29:48.550+0000][194658.916s][info][gc,metaspace] GC(7374) Metaspace: 524947K(534272K)->524947K(534272K) NonClass: 460973K(465536K)->460973K(465536K) Class: 63974K(68736K)->63974K(68736K)
[2025-01-09T02:29:48.550+0000][194658.916s][info][gc          ] GC(7374) Pause Young (Mixed) (GCLocker Initiated GC) 2826M->2245M(12288M) 63.292ms
[2025-01-09T02:29:48.550+0000][194658.916s][info][gc,cpu      ] GC(7374) User=0.36s Sys=0.00s Real=0.07s
[2025-01-09T02:29:55.166+0000][194665.532s][info][gc,start    ] GC(7375) Pause Young (Normal) (GCLocker Initiated GC)
[2025-01-09T02:29:55.166+0000][194665.532s][info][gc,task     ] GC(7375) Using 6 workers of 6 for evacuation
[2025-01-09T02:29:55.190+0000][194665.556s][info][gc,phases   ] GC(7375)   Pre Evacuate Collection Set: 0.2ms
[2025-01-09T02:29:55.190+0000][194665.556s][info][gc,phases   ] GC(7375)   Merge Heap Roots: 0.4ms
[2025-01-09T02:29:55.190+0000][194665.556s][info][gc,phases   ] GC(7375)   Evacuate Collection Set: 21.3ms
[2025-01-09T02:29:55.190+0000][194665.556s][info][gc,phases   ] GC(7375)   Post Evacuate Collection Set: 2.3ms
[2025-01-09T02:29:55.190+0000][194665.556s][info][gc,phases   ] GC(7375)   Other: 0.2ms
[2025-01-09T02:29:55.190+0000][194665.556s][info][gc,heap     ] GC(7375) Eden regions: 917->0(916)
[2025-01-09T02:29:55.190+0000][194665.556s][info][gc,heap     ] GC(7375) Survivor regions: 5->5(116)
[2025-01-09T02:29:55.190+0000][194665.556s][info][gc,heap     ] GC(7375) Old regions: 227->227
[2025-01-09T02:29:55.190+0000][194665.556s][info][gc,heap     ] GC(7375) Archive regions: 2->2
[2025-01-09T02:29:55.190+0000][194665.556s][info][gc,heap     ] GC(7375) Humongous regions: 49->49
[2025-01-09T02:29:55.190+0000][194665.556s][info][gc,metaspace] GC(7375) Metaspace: 524947K(534272K)->524947K(534272K) NonClass: 460973K(465536K)->460973K(465536K) Class: 63974K(68736K)->63974K(68736K)
[2025-01-09T02:29:55.190+0000][194665.557s][info][gc          ] GC(7375) Pause Young (Normal) (GCLocker Initiated GC) 9577M->2242M(12288M) 24.573ms
[2025-01-09T02:29:55.190+0000][194665.557s][info][gc,cpu      ] GC(7375) User=0.14s Sys=0.00s Real=0.03s
[2025-01-09T02:30:01.475+0000][194671.841s][info][gc,start    ] GC(7376) Pause Young (Normal) (GCLocker Initiated GC)
[2025-01-09T02:30:01.475+0000][194671.841s][info][gc,task     ] GC(7376) Using 6 workers of 6 for evacuation
[2025-01-09T02:30:01.508+0000][194671.874s][info][gc,phases   ] GC(7376)   Pre Evacuate Collection Set: 0.2ms
[2025-01-09T02:30:01.508+0000][194671.874s][info][gc,phases   ] GC(7376)   Merge Heap Roots: 0.5ms
[2025-01-09T02:30:01.508+0000][194671.874s][info][gc,phases   ] GC(7376)   Evacuate Collection Set: 29.2ms
[2025-01-09T02:30:01.508+0000][194671.874s][info][gc,phases   ] GC(7376)   Post Evacuate Collection Set: 2.8ms
[2025-01-09T02:30:01.508+0000][194671.874s][info][gc,phases   ] GC(7376)   Other: 0.2ms
[2025-01-09T02:30:01.508+0000][194671.874s][info][gc,heap     ] GC(7376) Eden regions: 916->0(914)
[2025-01-09T02:30:01.508+0000][194671.874s][info][gc,heap     ] GC(7376) Survivor regions: 5->7(116)
[2025-01-09T02:30:01.508+0000][194671.874s][info][gc,heap     ] GC(7376) Old regions: 227->227
[2025-01-09T02:30:01.508+0000][194671.874s][info][gc,heap     ] GC(7376) Archive regions: 2->2
[2025-01-09T02:30:01.508+0000][194671.874s][info][gc,heap     ] GC(7376) Humongous regions: 49->49
[2025-01-09T02:30:01.508+0000][194671.874s][info][gc,metaspace] GC(7376) Metaspace: 524947K(534272K)->524947K(534272K) NonClass: 460973K(465536K)->460973K(465536K) Class: 63974K(68736K)->63974K(68736K)
[2025-01-09T02:30:01.508+0000][194671.874s][info][gc          ] GC(7376) Pause Young (Normal) (GCLocker Initiated GC) 9570M->2263M(12288M) 32.872ms
[2025-01-09T02:30:01.508+0000][194671.874s][info][gc,cpu      ] GC(7376) User=0.19s Sys=0.00s Real=0.03s
[2025-01-09T02:30:05.005+0000][194675.371s][info][gc,start    ] GC(7377) Pause Young (Concurrent Start) (GCLocker Initiated GC)
[2025-01-09T02:30:05.005+0000][194675.371s][info][gc,task     ] GC(7377) Using 6 workers of 6 for evacuation
[2025-01-09T02:30:05.041+0000][194675.407s][info][gc,phases   ] GC(7377)   Pre Evacuate Collection Set: 1.1ms
[2025-01-09T02:30:05.041+0000][194675.407s][info][gc,phases   ] GC(7377)   Merge Heap Roots: 0.5ms
[2025-01-09T02:30:05.041+0000][194675.407s][info][gc,phases   ] GC(7377)   Evacuate Collection Set: 31.6ms
[2025-01-09T02:30:05.041+0000][194675.407s][info][gc,phases   ] GC(7377)   Post Evacuate Collection Set: 2.4ms
[2025-01-09T02:30:05.041+0000][194675.407s][info][gc,phases   ] GC(7377)   Other: 0.3ms
[2025-01-09T02:30:05.041+0000][194675.407s][info][gc,heap     ] GC(7377) Eden regions: 914->0(914)
[2025-01-09T02:30:05.041+0000][194675.407s][info][gc,heap     ] GC(7377) Survivor regions: 7->7(116)
[2025-01-09T02:30:05.041+0000][194675.407s][info][gc,heap     ] GC(7377) Old regions: 227->227
[2025-01-09T02:30:05.041+0000][194675.407s][info][gc,heap     ] GC(7377) Archive regions: 2->2
[2025-01-09T02:30:05.041+0000][194675.407s][info][gc,heap     ] GC(7377) Humongous regions: 49->49
[2025-01-09T02:30:05.041+0000][194675.407s][info][gc,metaspace] GC(7377) Metaspace: 524947K(534272K)->524947K(534272K) NonClass: 460973K(465536K)->460973K(465536K) Class: 63974K(68736K)->63974K(68736K)
[2025-01-09T02:30:05.041+0000][194675.407s][info][gc          ] GC(7377) Pause Young (Concurrent Start) (GCLocker Initiated GC) 9575M->2263M(12288M) 36.000ms
[2025-01-09T02:30:05.041+0000][194675.407s][info][gc,cpu      ] GC(7377) User=0.21s Sys=0.00s Real=0.03s
[2025-01-09T02:30:05.041+0000][194675.407s][info][gc          ] GC(7378) Concurrent Mark Cycle
[2025-01-09T02:30:05.041+0000][194675.407s][info][gc,marking  ] GC(7378) Concurrent Clear Claimed Marks
[2025-01-09T02:30:05.042+0000][194675.408s][info][gc,marking  ] GC(7378) Concurrent Clear Claimed Marks 0.957ms
[2025-01-09T02:30:05.042+0000][194675.408s][info][gc,marking  ] GC(7378) Concurrent Scan Root Regions
[2025-01-09T02:30:05.071+0000][194675.437s][info][gc,marking  ] GC(7378) Concurrent Scan Root Regions 29.053ms
[2025-01-09T02:30:05.071+0000][194675.437s][info][gc,marking  ] GC(7378) Concurrent Mark
[2025-01-09T02:30:05.071+0000][194675.437s][info][gc,marking  ] GC(7378) Concurrent Mark From Roots
[2025-01-09T02:30:05.071+0000][194675.437s][info][gc,task     ] GC(7378) Using 2 workers of 2 for marking
[2025-01-09T02:30:06.148+0000][194676.514s][info][gc,marking  ] GC(7378) Concurrent Mark From Roots 1077.075ms
[2025-01-09T02:30:06.148+0000][194676.514s][info][gc,marking  ] GC(7378) Concurrent Preclean
[2025-01-09T02:30:06.151+0000][194676.517s][info][gc,marking  ] GC(7378) Concurrent Preclean 2.832ms
[2025-01-09T02:30:06.151+0000][194676.517s][info][gc,start    ] GC(7378) Pause Remark
[2025-01-09T02:30:06.177+0000][194676.543s][info][gc          ] GC(7378) Pause Remark 3983M->3983M(12288M) 25.622ms
[2025-01-09T02:30:06.177+0000][194676.543s][info][gc,cpu      ] GC(7378) User=0.14s Sys=0.00s Real=0.02s
[2025-01-09T02:30:06.177+0000][194676.543s][info][gc,marking  ] GC(7378) Concurrent Mark 1105.847ms
[2025-01-09T02:30:06.177+0000][194676.543s][info][gc,marking  ] GC(7378) Concurrent Rebuild Remembered Sets
[2025-01-09T02:30:06.888+0000][194677.254s][info][gc,marking  ] GC(7378) Concurrent Rebuild Remembered Sets 711.301ms
[2025-01-09T02:30:06.889+0000][194677.255s][info][gc,start    ] GC(7378) Pause Cleanup
[2025-01-09T02:30:06.889+0000][194677.255s][info][gc          ] GC(7378) Pause Cleanup 4967M->4967M(12288M) 0.370ms
[2025-01-09T02:30:06.889+0000][194677.255s][info][gc,cpu      ] GC(7378) User=0.01s Sys=0.00s Real=0.00s
[2025-01-09T02:30:06.889+0000][194677.255s][info][gc,marking  ] GC(7378) Concurrent Cleanup for Next Mark
[2025-01-09T02:30:06.905+0000][194677.271s][info][gc,marking  ] GC(7378) Concurrent Cleanup for Next Mark 15.852ms
[2025-01-09T02:30:06.905+0000][194677.271s][info][gc          ] GC(7378) Concurrent Mark Cycle 1863.757ms
[2025-01-09T02:30:14.484+0000][194684.850s][info][gc,start    ] GC(7379) Pause Young (Prepare Mixed) (GCLocker Initiated GC)
[2025-01-09T02:30:14.484+0000][194684.850s][info][gc,task     ] GC(7379) Using 6 workers of 6 for evacuation
[2025-01-09T02:30:14.523+0000][194684.889s][info][gc,phases   ] GC(7379)   Pre Evacuate Collection Set: 0.2ms
[2025-01-09T02:30:14.523+0000][194684.889s][info][gc,phases   ] GC(7379)   Merge Heap Roots: 0.7ms
[2025-01-09T02:30:14.523+0000][194684.889s][info][gc,phases   ] GC(7379)   Evacuate Collection Set: 35.4ms
[2025-01-09T02:30:14.523+0000][194684.889s][info][gc,phases   ] GC(7379)   Post Evacuate Collection Set: 2.9ms
[2025-01-09T02:30:14.523+0000][194684.889s][info][gc,phases   ] GC(7379)   Other: 0.2ms
[2025-01-09T02:30:14.523+0000][194684.889s][info][gc,heap     ] GC(7379) Eden regions: 915->0(67)
[2025-01-09T02:30:14.523+0000][194684.889s][info][gc,heap     ] GC(7379) Survivor regions: 7->9(116)
[2025-01-09T02:30:14.523+0000][194684.889s][info][gc,heap     ] GC(7379) Old regions: 227->227
[2025-01-09T02:30:14.523+0000][194684.889s][info][gc,heap     ] GC(7379) Archive regions: 2->2
[2025-01-09T02:30:14.523+0000][194684.889s][info][gc,heap     ] GC(7379) Humongous regions: 49->49
[2025-01-09T02:30:14.523+0000][194684.889s][info][gc,metaspace] GC(7379) Metaspace: 524947K(534272K)->524947K(534272K) NonClass: 460973K(465536K)->460973K(465536K) Class: 63974K(68736K)->63974K(68736K)
[2025-01-09T02:30:14.523+0000][194684.889s][info][gc          ] GC(7379) Pause Young (Prepare Mixed) (GCLocker Initiated GC) 9581M->2278M(12288M) 39.492ms
[2025-01-09T02:30:14.523+0000][194684.889s][info][gc,cpu      ] GC(7379) User=0.23s Sys=0.00s Real=0.04s
[2025-01-09T02:30:15.099+0000][194685.465s][info][gc,start    ] GC(7380) Pause Young (Mixed) (GCLocker Initiated GC)
[2025-01-09T02:30:15.099+0000][194685.465s][info][gc,task     ] GC(7380) Using 6 workers of 6 for evacuation
[2025-01-09T02:30:15.168+0000][194685.534s][info][gc,phases   ] GC(7380)   Pre Evacuate Collection Set: 0.2ms
[2025-01-09T02:30:15.168+0000][194685.534s][info][gc,phases   ] GC(7380)   Merge Heap Roots: 0.8ms
[2025-01-09T02:30:15.168+0000][194685.534s][info][gc,phases   ] GC(7380)   Evacuate Collection Set: 66.3ms
[2025-01-09T02:30:15.168+0000][194685.534s][info][gc,phases   ] GC(7380)   Post Evacuate Collection Set: 2.1ms
[2025-01-09T02:30:15.168+0000][194685.534s][info][gc,phases   ] GC(7380)   Other: 0.2ms
[2025-01-09T02:30:15.168+0000][194685.534s][info][gc,heap     ] GC(7380) Eden regions: 68->0(916)
[2025-01-09T02:30:15.168+0000][194685.534s][info][gc,heap     ] GC(7380) Survivor regions: 9->5(10)
[2025-01-09T02:30:15.168+0000][194685.534s][info][gc,heap     ] GC(7380) Old regions: 227->226
[2025-01-09T02:30:15.168+0000][194685.534s][info][gc,heap     ] GC(7380) Archive regions: 2->2
[2025-01-09T02:30:15.168+0000][194685.534s][info][gc,heap     ] GC(7380) Humongous regions: 49->49
[2025-01-09T02:30:15.168+0000][194685.534s][info][gc,metaspace] GC(7380) Metaspace: 524947K(534272K)->524947K(534272K) NonClass: 460973K(465536K)->460973K(465536K) Class: 63974K(68736K)->63974K(68736K)
[2025-01-09T02:30:15.168+0000][194685.534s][info][gc          ] GC(7380) Pause Young (Mixed) (GCLocker Initiated GC) 2817M->2238M(12288M) 69.561ms
[2025-01-09T02:30:15.168+0000][194685.534s][info][gc,cpu      ] GC(7380) User=0.39s Sys=0.00s Real=0.07s
[2025-01-09T02:30:23.979+0000][194694.345s][info][gc,start    ] GC(7381) Pause Young (Normal) (G1 Evacuation Pause)
[2025-01-09T02:30:23.979+0000][194694.345s][info][gc,task     ] GC(7381) Using 6 workers of 6 for evacuation
[2025-01-09T02:30:24.007+0000][194694.373s][info][gc,phases   ] GC(7381)   Pre Evacuate Collection Set: 0.2ms
[2025-01-09T02:30:24.007+0000][194694.373s][info][gc,phases   ] GC(7381)   Merge Heap Roots: 0.4ms
[2025-01-09T02:30:24.007+0000][194694.373s][info][gc,phases   ] GC(7381)   Evacuate Collection Set: 24.3ms
[2025-01-09T02:30:24.007+0000][194694.373s][info][gc,phases   ] GC(7381)   Post Evacuate Collection Set: 2.5ms
[2025-01-09T02:30:24.007+0000][194694.373s][info][gc,phases   ] GC(7381)   Other: 0.2ms
[2025-01-09T02:30:24.007+0000][194694.373s][info][gc,heap     ] GC(7381) Eden regions: 916->0(915)
[2025-01-09T02:30:24.007+0000][194694.373s][info][gc,heap     ] GC(7381) Survivor regions: 5->6(116)
[2025-01-09T02:30:24.007+0000][194694.373s][info][gc,heap     ] GC(7381) Old regions: 226->226
[2025-01-09T02:30:24.007+0000][194694.373s][info][gc,heap     ] GC(7381) Archive regions: 2->2
[2025-01-09T02:30:24.007+0000][194694.373s][info][gc,heap     ] GC(7381) Humongous regions: 49->49
[2025-01-09T02:30:24.007+0000][194694.373s][info][gc,metaspace] GC(7381) Metaspace: 524947K(534272K)->524947K(534272K) NonClass: 460973K(465536K)->460973K(465536K) Class: 63974K(68736K)->63974K(68736K)
[2025-01-09T02:30:24.007+0000][194694.373s][info][gc          ] GC(7381) Pause Young (Normal) (G1 Evacuation Pause) 9566M->2252M(12288M) 27.721ms
[2025-01-09T02:30:24.007+0000][194694.373s][info][gc,cpu      ] GC(7381) User=0.16s Sys=0.00s Real=0.03s
[2025-01-09T02:30:34.478+0000][194704.844s][info][gc,start    ] GC(7382) Pause Young (Normal) (GCLocker Initiated GC)
[2025-01-09T02:30:34.478+0000][194704.844s][info][gc,task     ] GC(7382) Using 6 workers of 6 for evacuation
[2025-01-09T02:30:34.513+0000][194704.879s][info][gc,phases   ] GC(7382)   Pre Evacuate Collection Set: 0.2ms
[2025-01-09T02:30:34.513+0000][194704.879s][info][gc,phases   ] GC(7382)   Merge Heap Roots: 0.4ms
[2025-01-09T02:30:34.513+0000][194704.879s][info][gc,phases   ] GC(7382)   Evacuate Collection Set: 29.4ms
[2025-01-09T02:30:34.513+0000][194704.879s][info][gc,phases   ] GC(7382)   Post Evacuate Collection Set: 5.4ms
[2025-01-09T02:30:34.513+0000][194704.879s][info][gc,phases   ] GC(7382)   Other: 0.2ms
[2025-01-09T02:30:34.513+0000][194704.879s][info][gc,heap     ] GC(7382) Eden regions: 916->0(912)
[2025-01-09T02:30:34.513+0000][194704.879s][info][gc,heap     ] GC(7382) Survivor regions: 6->9(116)
[2025-01-09T02:30:34.513+0000][194704.879s][info][gc,heap     ] GC(7382) Old regions: 226->226
[2025-01-09T02:30:34.513+0000][194704.879s][info][gc,heap     ] GC(7382) Archive regions: 2->2
[2025-01-09T02:30:34.513+0000][194704.879s][info][gc,heap     ] GC(7382) Humongous regions: 49->49
[2025-01-09T02:30:34.513+0000][194704.879s][info][gc,metaspace] GC(7382) Metaspace: 524947K(534272K)->524947K(534272K) NonClass: 460973K(465536K)->460973K(465536K) Class: 63974K(68736K)->63974K(68736K)
[2025-01-09T02:30:34.513+0000][194704.880s][info][gc          ] GC(7382) Pause Young (Normal) (GCLocker Initiated GC) 9576M->2275M(12288M) 35.647ms
[2025-01-09T02:30:34.514+0000][194704.880s][info][gc,cpu      ] GC(7382) User=0.20s Sys=0.00s Real=0.04s
[2025-01-09T02:30:46.884+0000][194717.250s][info][gc,start    ] GC(7383) Pause Young (Concurrent Start) (GCLocker Initiated GC)
[2025-01-09T02:30:46.884+0000][194717.250s][info][gc,task     ] GC(7383) Using 6 workers of 6 for evacuation
[2025-01-09T02:30:46.922+0000][194717.288s][info][gc,phases   ] GC(7383)   Pre Evacuate Collection Set: 1.1ms
[2025-01-09T02:30:46.922+0000][194717.288s][info][gc,phases   ] GC(7383)   Merge Heap Roots: 0.5ms
[2025-01-09T02:30:46.922+0000][194717.288s][info][gc,phases   ] GC(7383)   Evacuate Collection Set: 32.3ms
[2025-01-09T02:30:46.922+0000][194717.288s][info][gc,phases   ] GC(7383)   Post Evacuate Collection Set: 4.0ms
[2025-01-09T02:30:46.922+0000][194717.288s][info][gc,phases   ] GC(7383)   Other: 0.3ms
[2025-01-09T02:30:46.922+0000][194717.288s][info][gc,heap     ] GC(7383) Eden regions: 913->0(911)
[2025-01-09T02:30:46.922+0000][194717.288s][info][gc,heap     ] GC(7383) Survivor regions: 9->10(116)
[2025-01-09T02:30:46.922+0000][194717.288s][info][gc,heap     ] GC(7383) Old regions: 226->226
[2025-01-09T02:30:46.922+0000][194717.288s][info][gc,heap     ] GC(7383) Archive regions: 2->2
[2025-01-09T02:30:46.922+0000][194717.288s][info][gc,heap     ] GC(7383) Humongous regions: 49->49
[2025-01-09T02:30:46.922+0000][194717.288s][info][gc,metaspace] GC(7383) Metaspace: 524947K(534272K)->524947K(534272K) NonClass: 460973K(465536K)->460973K(465536K) Class: 63974K(68736K)->63974K(68736K)
[2025-01-09T02:30:46.922+0000][194717.288s][info][gc          ] GC(7383) Pause Young (Concurrent Start) (GCLocker Initiated GC) 9575M->2278M(12288M) 38.278ms
[2025-01-09T02:30:46.922+0000][194717.288s][info][gc,cpu      ] GC(7383) User=0.22s Sys=0.00s Real=0.04s
[2025-01-09T02:30:46.922+0000][194717.288s][info][gc          ] GC(7384) Concurrent Mark Cycle
[2025-01-09T02:30:46.922+0000][194717.288s][info][gc,marking  ] GC(7384) Concurrent Clear Claimed Marks
[2025-01-09T02:30:46.923+0000][194717.289s][info][gc,marking  ] GC(7384) Concurrent Clear Claimed Marks 0.948ms
[2025-01-09T02:30:46.923+0000][194717.289s][info][gc,marking  ] GC(7384) Concurrent Scan Root Regions
[2025-01-09T02:30:46.953+0000][194717.319s][info][gc,marking  ] GC(7384) Concurrent Scan Root Regions 30.020ms
[2025-01-09T02:30:46.953+0000][194717.319s][info][gc,marking  ] GC(7384) Concurrent Mark
[2025-01-09T02:30:46.953+0000][194717.319s][info][gc,marking  ] GC(7384) Concurrent Mark From Roots
[2025-01-09T02:30:46.953+0000][194717.319s][info][gc,task     ] GC(7384) Using 2 workers of 2 for marking
[2025-01-09T02:30:47.846+0000][194718.212s][info][gc,marking  ] GC(7384) Concurrent Mark From Roots 893.070ms
[2025-01-09T02:30:47.846+0000][194718.212s][info][gc,marking  ] GC(7384) Concurrent Preclean
[2025-01-09T02:30:47.849+0000][194718.215s][info][gc,marking  ] GC(7384) Concurrent Preclean 2.759ms
[2025-01-09T02:30:47.849+0000][194718.215s][info][gc,start    ] GC(7384) Pause Remark
[2025-01-09T02:30:47.877+0000][194718.243s][info][gc          ] GC(7384) Pause Remark 3142M->3142M(12288M) 27.650ms
[2025-01-09T02:30:47.877+0000][194718.243s][info][gc,cpu      ] GC(7384) User=0.17s Sys=0.00s Real=0.03s
[2025-01-09T02:30:47.877+0000][194718.243s][info][gc,marking  ] GC(7384) Concurrent Mark 923.773ms
[2025-01-09T02:30:47.877+0000][194718.243s][info][gc,marking  ] GC(7384) Concurrent Rebuild Remembered Sets
[2025-01-09T02:30:48.425+0000][194718.791s][info][gc,marking  ] GC(7384) Concurrent Rebuild Remembered Sets 547.915ms
[2025-01-09T02:30:48.425+0000][194718.791s][info][gc,start    ] GC(7384) Pause Cleanup
[2025-01-09T02:30:48.426+0000][194718.792s][info][gc          ] GC(7384) Pause Cleanup 3582M->3582M(12288M) 0.403ms
[2025-01-09T02:30:48.426+0000][194718.792s][info][gc,cpu      ] GC(7384) User=0.01s Sys=0.00s Real=0.00s
[2025-01-09T02:30:48.426+0000][194718.792s][info][gc,marking  ] GC(7384) Concurrent Cleanup for Next Mark
[2025-01-09T02:30:48.442+0000][194718.808s][info][gc,marking  ] GC(7384) Concurrent Cleanup for Next Mark 16.278ms
[2025-01-09T02:30:48.442+0000][194718.808s][info][gc          ] GC(7384) Concurrent Mark Cycle 1519.779ms
[2025-01-09T02:30:54.899+0000][194725.265s][info][gc,start    ] GC(7385) Pause Young (Prepare Mixed) (GCLocker Initiated GC)
[2025-01-09T02:30:54.899+0000][194725.265s][info][gc,task     ] GC(7385) Using 6 workers of 6 for evacuation
[2025-01-09T02:30:54.938+0000][194725.304s][info][gc,phases   ] GC(7385)   Pre Evacuate Collection Set: 0.2ms
[2025-01-09T02:30:54.938+0000][194725.304s][info][gc,phases   ] GC(7385)   Merge Heap Roots: 0.7ms
[2025-01-09T02:30:54.938+0000][194725.304s][info][gc,phases   ] GC(7385)   Evacuate Collection Set: 34.8ms
[2025-01-09T02:30:54.938+0000][194725.304s][info][gc,phases   ] GC(7385)   Post Evacuate Collection Set: 2.7ms
[2025-01-09T02:30:54.938+0000][194725.304s][info][gc,phases   ] GC(7385)   Other: 0.2ms
[2025-01-09T02:30:54.938+0000][194725.304s][info][gc,heap     ] GC(7385) Eden regions: 912->0(66)
[2025-01-09T02:30:54.938+0000][194725.304s][info][gc,heap     ] GC(7385) Survivor regions: 10->10(116)
[2025-01-09T02:30:54.938+0000][194725.304s][info][gc,heap     ] GC(7385) Old regions: 226->226
[2025-01-09T02:30:54.938+0000][194725.304s][info][gc,heap     ] GC(7385) Archive regions: 2->2
[2025-01-09T02:30:54.938+0000][194725.304s][info][gc,heap     ] GC(7385) Humongous regions: 49->49
[2025-01-09T02:30:54.938+0000][194725.304s][info][gc,metaspace] GC(7385) Metaspace: 524947K(534272K)->524947K(534272K) NonClass: 460973K(465536K)->460973K(465536K) Class: 63974K(68736K)->63974K(68736K)
[2025-01-09T02:30:54.938+0000][194725.304s][info][gc          ] GC(7385) Pause Young (Prepare Mixed) (GCLocker Initiated GC) 9570M->2283M(12288M) 38.767ms
[2025-01-09T02:30:54.938+0000][194725.304s][info][gc,cpu      ] GC(7385) User=0.22s Sys=0.00s Real=0.04s
[2025-01-09T02:30:55.462+0000][194725.828s][info][gc,start    ] GC(7386) Pause Young (Mixed) (GCLocker Initiated GC)
[2025-01-09T02:30:55.462+0000][194725.828s][info][gc,task     ] GC(7386) Using 6 workers of 6 for evacuation
[2025-01-09T02:30:55.526+0000][194725.892s][info][gc,phases   ] GC(7386)   Pre Evacuate Collection Set: 0.2ms
[2025-01-09T02:30:55.526+0000][194725.892s][info][gc,phases   ] GC(7386)   Merge Heap Roots: 0.7ms
[2025-01-09T02:30:55.526+0000][194725.892s][info][gc,phases   ] GC(7386)   Evacuate Collection Set: 60.5ms
[2025-01-09T02:30:55.526+0000][194725.892s][info][gc,phases   ] GC(7386)   Post Evacuate Collection Set: 1.7ms
[2025-01-09T02:30:55.526+0000][194725.892s][info][gc,phases   ] GC(7386)   Other: 0.2ms
[2025-01-09T02:30:55.526+0000][194725.892s][info][gc,heap     ] GC(7386) Eden regions: 66->0(916)
[2025-01-09T02:30:55.526+0000][194725.892s][info][gc,heap     ] GC(7386) Survivor regions: 10->5(10)
[2025-01-09T02:30:55.526+0000][194725.892s][info][gc,heap     ] GC(7386) Old regions: 226->228
[2025-01-09T02:30:55.526+0000][194725.892s][info][gc,heap     ] GC(7386) Archive regions: 2->2
[2025-01-09T02:30:55.526+0000][194725.892s][info][gc,heap     ] GC(7386) Humongous regions: 49->49
[2025-01-09T02:30:55.526+0000][194725.892s][info][gc,metaspace] GC(7386) Metaspace: 524947K(534272K)->524947K(534272K) NonClass: 460973K(465536K)->460973K(465536K) Class: 63974K(68736K)->63974K(68736K)
[2025-01-09T02:30:55.526+0000][194725.892s][info][gc          ] GC(7386) Pause Young (Mixed) (GCLocker Initiated GC) 2811M->2257M(12288M) 63.291ms
[2025-01-09T02:30:55.526+0000][194725.892s][info][gc,cpu      ] GC(7386) User=0.37s Sys=0.00s Real=0.06s
[2025-01-09T02:31:02.033+0000][194732.399s][info][gc,start    ] GC(7387) Pause Young (Normal) (GCLocker Initiated GC)
[2025-01-09T02:31:02.033+0000][194732.399s][info][gc,task     ] GC(7387) Using 6 workers of 6 for evacuation
[2025-01-09T02:31:02.068+0000][194732.435s][info][gc,phases   ] GC(7387)   Pre Evacuate Collection Set: 0.2ms
[2025-01-09T02:31:02.068+0000][194732.435s][info][gc,phases   ] GC(7387)   Merge Heap Roots: 0.5ms
[2025-01-09T02:31:02.068+0000][194732.435s][info][gc,phases   ] GC(7387)   Evacuate Collection Set: 31.6ms
[2025-01-09T02:31:02.068+0000][194732.435s][info][gc,phases   ] GC(7387)   Post Evacuate Collection Set: 2.6ms
[2025-01-09T02:31:02.068+0000][194732.435s][info][gc,phases   ] GC(7387)   Other: 0.2ms
[2025-01-09T02:31:02.068+0000][194732.435s][info][gc,heap     ] GC(7387) Eden regions: 917->0(913)
[2025-01-09T02:31:02.068+0000][194732.435s][info][gc,heap     ] GC(7387) Survivor regions: 5->8(116)
[2025-01-09T02:31:02.068+0000][194732.435s][info][gc,heap     ] GC(7387) Old regions: 228->228
[2025-01-09T02:31:02.068+0000][194732.435s][info][gc,heap     ] GC(7387) Archive regions: 2->2
[2025-01-09T02:31:02.068+0000][194732.435s][info][gc,heap     ] GC(7387) Humongous regions: 49->49
[2025-01-09T02:31:02.068+0000][194732.435s][info][gc,metaspace] GC(7387) Metaspace: 524947K(534272K)->524947K(534272K) NonClass: 460973K(465536K)->460973K(465536K) Class: 63974K(68736K)->63974K(68736K)
[2025-01-09T02:31:02.069+0000][194732.435s][info][gc          ] GC(7387) Pause Young (Normal) (GCLocker Initiated GC) 9589M->2278M(12288M) 35.248ms
[2025-01-09T02:31:02.069+0000][194732.435s][info][gc,cpu      ] GC(7387) User=0.21s Sys=0.00s Real=0.03s
[2025-01-09T02:31:05.795+0000][194736.161s][info][gc,start    ] GC(7388) Pause Young (Normal) (G1 Evacuation Pause)
[2025-01-09T02:31:05.795+0000][194736.161s][info][gc,task     ] GC(7388) Using 6 workers of 6 for evacuation
[2025-01-09T02:31:05.826+0000][194736.192s][info][gc,phases   ] GC(7388)   Pre Evacuate Collection Set: 0.2ms
[2025-01-09T02:31:05.826+0000][194736.192s][info][gc,phases   ] GC(7388)   Merge Heap Roots: 0.5ms
[2025-01-09T02:31:05.826+0000][194736.192s][info][gc,phases   ] GC(7388)   Evacuate Collection Set: 28.5ms
[2025-01-09T02:31:05.826+0000][194736.192s][info][gc,phases   ] GC(7388)   Post Evacuate Collection Set: 2.4ms
[2025-01-09T02:31:05.826+0000][194736.193s][info][gc,phases   ] GC(7388)   Other: 0.2ms
[2025-01-09T02:31:05.826+0000][194736.193s][info][gc,heap     ] GC(7388) Eden regions: 913->0(913)
[2025-01-09T02:31:05.826+0000][194736.193s][info][gc,heap     ] GC(7388) Survivor regions: 8->8(116)
[2025-01-09T02:31:05.826+0000][194736.193s][info][gc,heap     ] GC(7388) Old regions: 228->228
[2025-01-09T02:31:05.826+0000][194736.193s][info][gc,heap     ] GC(7388) Archive regions: 2->2
[2025-01-09T02:31:05.826+0000][194736.193s][info][gc,heap     ] GC(7388) Humongous regions: 49->49
[2025-01-09T02:31:05.826+0000][194736.193s][info][gc,metaspace] GC(7388) Metaspace: 524947K(534272K)->524947K(534272K) NonClass: 460973K(465536K)->460973K(465536K) Class: 63974K(68736K)->63974K(68736K)
[2025-01-09T02:31:05.826+0000][194736.193s][info][gc          ] GC(7388) Pause Young (Normal) (G1 Evacuation Pause) 9582M->2282M(12288M) 31.837ms
[2025-01-09T02:31:05.826+0000][194736.193s][info][gc,cpu      ] GC(7388) User=0.19s Sys=0.00s Real=0.03s
[2025-01-09T02:31:11.805+0000][194742.171s][info][gc,start    ] GC(7389) Pause Young (Concurrent Start) (GCLocker Initiated GC)
[2025-01-09T02:31:11.805+0000][194742.171s][info][gc,task     ] GC(7389) Using 6 workers of 6 for evacuation
[2025-01-09T02:31:11.843+0000][194742.209s][info][gc,phases   ] GC(7389)   Pre Evacuate Collection Set: 1.1ms
[2025-01-09T02:31:11.843+0000][194742.209s][info][gc,phases   ] GC(7389)   Merge Heap Roots: 0.5ms
[2025-01-09T02:31:11.843+0000][194742.209s][info][gc,phases   ] GC(7389)   Evacuate Collection Set: 33.8ms
[2025-01-09T02:31:11.843+0000][194742.209s][info][gc,phases   ] GC(7389)   Post Evacuate Collection Set: 2.5ms
[2025-01-09T02:31:11.843+0000][194742.209s][info][gc,phases   ] GC(7389)   Other: 0.3ms
[2025-01-09T02:31:11.843+0000][194742.209s][info][gc,heap     ] GC(7389) Eden regions: 914->0(911)
[2025-01-09T02:31:11.843+0000][194742.209s][info][gc,heap     ] GC(7389) Survivor regions: 8->10(116)
[2025-01-09T02:31:11.843+0000][194742.209s][info][gc,heap     ] GC(7389) Old regions: 228->228
[2025-01-09T02:31:11.843+0000][194742.209s][info][gc,heap     ] GC(7389) Archive regions: 2->2
[2025-01-09T02:31:11.843+0000][194742.209s][info][gc,heap     ] GC(7389) Humongous regions: 49->49
[2025-01-09T02:31:11.843+0000][194742.209s][info][gc,metaspace] GC(7389) Metaspace: 524947K(534272K)->524947K(534272K) NonClass: 460973K(465536K)->460973K(465536K) Class: 63974K(68736K)->63974K(68736K)
[2025-01-09T02:31:11.843+0000][194742.209s][info][gc          ] GC(7389) Pause Young (Concurrent Start) (GCLocker Initiated GC) 9590M->2294M(12288M) 38.306ms
[2025-01-09T02:31:11.843+0000][194742.210s][info][gc,cpu      ] GC(7389) User=0.22s Sys=0.00s Real=0.04s
[2025-01-09T02:31:11.843+0000][194742.210s][info][gc          ] GC(7390) Concurrent Mark Cycle
[2025-01-09T02:31:11.843+0000][194742.210s][info][gc,marking  ] GC(7390) Concurrent Clear Claimed Marks
[2025-01-09T02:31:11.844+0000][194742.210s][info][gc,marking  ] GC(7390) Concurrent Clear Claimed Marks 0.885ms
[2025-01-09T02:31:11.844+0000][194742.210s][info][gc,marking  ] GC(7390) Concurrent Scan Root Regions
[2025-01-09T02:31:11.872+0000][194742.238s][info][gc,marking  ] GC(7390) Concurrent Scan Root Regions 27.141ms
[2025-01-09T02:31:11.872+0000][194742.238s][info][gc,marking  ] GC(7390) Concurrent Mark
[2025-01-09T02:31:11.872+0000][194742.238s][info][gc,marking  ] GC(7390) Concurrent Mark From Roots
[2025-01-09T02:31:11.872+0000][194742.238s][info][gc,task     ] GC(7390) Using 2 workers of 2 for marking
[2025-01-09T02:31:12.719+0000][194743.085s][info][gc,marking  ] GC(7390) Concurrent Mark From Roots 846.977ms
[2025-01-09T02:31:12.719+0000][194743.085s][info][gc,marking  ] GC(7390) Concurrent Preclean
[2025-01-09T02:31:12.722+0000][194743.088s][info][gc,marking  ] GC(7390) Concurrent Preclean 3.080ms
[2025-01-09T02:31:12.722+0000][194743.088s][info][gc,start    ] GC(7390) Pause Remark
[2025-01-09T02:31:12.747+0000][194743.114s][info][gc          ] GC(7390) Pause Remark 2778M->2778M(12288M) 25.694ms
[2025-01-09T02:31:12.748+0000][194743.114s][info][gc,cpu      ] GC(7390) User=0.15s Sys=0.00s Real=0.02s
[2025-01-09T02:31:12.748+0000][194743.114s][info][gc,marking  ] GC(7390) Concurrent Mark 876.122ms
[2025-01-09T02:31:12.748+0000][194743.114s][info][gc,marking  ] GC(7390) Concurrent Rebuild Remembered Sets
[2025-01-09T02:31:13.303+0000][194743.669s][info][gc,marking  ] GC(7390) Concurrent Rebuild Remembered Sets 554.921ms
[2025-01-09T02:31:13.303+0000][194743.669s][info][gc,start    ] GC(7390) Pause Cleanup
[2025-01-09T02:31:13.303+0000][194743.669s][info][gc          ] GC(7390) Pause Cleanup 2942M->2942M(12288M) 0.438ms
[2025-01-09T02:31:13.303+0000][194743.669s][info][gc,cpu      ] GC(7390) User=0.00s Sys=0.00s Real=0.00s
[2025-01-09T02:31:13.303+0000][194743.669s][info][gc,marking  ] GC(7390) Concurrent Cleanup for Next Mark
[2025-01-09T02:31:13.331+0000][194743.697s][info][gc,marking  ] GC(7390) Concurrent Cleanup for Next Mark 27.333ms
[2025-01-09T02:31:13.331+0000][194743.697s][info][gc          ] GC(7390) Concurrent Mark Cycle 1487.210ms
[2025-01-09T02:31:21.739+0000][194752.105s][info][gc,start    ] GC(7391) Pause Young (Prepare Mixed) (GCLocker Initiated GC)
[2025-01-09T02:31:21.739+0000][194752.105s][info][gc,task     ] GC(7391) Using 6 workers of 6 for evacuation
[2025-01-09T02:31:21.781+0000][194752.147s][info][gc,phases   ] GC(7391)   Pre Evacuate Collection Set: 0.2ms
[2025-01-09T02:31:21.781+0000][194752.147s][info][gc,phases   ] GC(7391)   Merge Heap Roots: 0.8ms
[2025-01-09T02:31:21.781+0000][194752.147s][info][gc,phases   ] GC(7391)   Evacuate Collection Set: 38.1ms
[2025-01-09T02:31:21.781+0000][194752.147s][info][gc,phases   ] GC(7391)   Post Evacuate Collection Set: 2.6ms
[2025-01-09T02:31:21.781+0000][194752.147s][info][gc,phases   ] GC(7391)   Other: 0.2ms
[2025-01-09T02:31:21.781+0000][194752.147s][info][gc,heap     ] GC(7391) Eden regions: 912->0(65)
[2025-01-09T02:31:21.781+0000][194752.147s][info][gc,heap     ] GC(7391) Survivor regions: 10->11(116)
[2025-01-09T02:31:21.781+0000][194752.147s][info][gc,heap     ] GC(7391) Old regions: 228->228
[2025-01-09T02:31:21.781+0000][194752.147s][info][gc,heap     ] GC(7391) Archive regions: 2->2
[2025-01-09T02:31:21.781+0000][194752.147s][info][gc,heap     ] GC(7391) Humongous regions: 49->49
[2025-01-09T02:31:21.781+0000][194752.147s][info][gc,metaspace] GC(7391) Metaspace: 524947K(534272K)->524947K(534272K) NonClass: 460973K(465536K)->460973K(465536K) Class: 63974K(68736K)->63974K(68736K)
[2025-01-09T02:31:21.781+0000][194752.147s][info][gc          ] GC(7391) Pause Young (Prepare Mixed) (GCLocker Initiated GC) 9586M->2304M(12288M) 41.890ms
[2025-01-09T02:31:21.781+0000][194752.147s][info][gc,cpu      ] GC(7391) User=0.24s Sys=0.00s Real=0.04s
[2025-01-09T02:31:22.325+0000][194752.691s][info][gc,start    ] GC(7392) Pause Young (Mixed) (GCLocker Initiated GC)
[2025-01-09T02:31:22.325+0000][194752.691s][info][gc,task     ] GC(7392) Using 6 workers of 6 for evacuation
[2025-01-09T02:31:22.373+0000][194752.739s][info][gc,phases   ] GC(7392)   Pre Evacuate Collection Set: 0.2ms
[2025-01-09T02:31:22.373+0000][194752.739s][info][gc,phases   ] GC(7392)   Merge Heap Roots: 0.5ms
[2025-01-09T02:31:22.373+0000][194752.739s][info][gc,phases   ] GC(7392)   Evacuate Collection Set: 45.5ms
[2025-01-09T02:31:22.373+0000][194752.739s][info][gc,phases   ] GC(7392)   Post Evacuate Collection Set: 1.6ms
[2025-01-09T02:31:22.373+0000][194752.739s][info][gc,phases   ] GC(7392)   Other: 0.2ms
[2025-01-09T02:31:22.373+0000][194752.739s][info][gc,heap     ] GC(7392) Eden regions: 66->0(915)
[2025-01-09T02:31:22.373+0000][194752.739s][info][gc,heap     ] GC(7392) Survivor regions: 11->6(10)
[2025-01-09T02:31:22.373+0000][194752.739s][info][gc,heap     ] GC(7392) Old regions: 228->227
[2025-01-09T02:31:22.373+0000][194752.739s][info][gc,heap     ] GC(7392) Archive regions: 2->2
[2025-01-09T02:31:22.373+0000][194752.739s][info][gc,heap     ] GC(7392) Humongous regions: 49->49
[2025-01-09T02:31:22.373+0000][194752.739s][info][gc,metaspace] GC(7392) Metaspace: 524947K(534272K)->524947K(534272K) NonClass: 460973K(465536K)->460973K(465536K) Class: 63974K(68736K)->63974K(68736K)
[2025-01-09T02:31:22.373+0000][194752.739s][info][gc          ] GC(7392) Pause Young (Mixed) (GCLocker Initiated GC) 2826M->2253M(12288M) 47.969ms
[2025-01-09T02:31:22.373+0000][194752.739s][info][gc,cpu      ] GC(7392) User=0.29s Sys=0.00s Real=0.05s
[2025-01-09T02:31:30.567+0000][194760.933s][info][gc,start    ] GC(7393) Pause Young (Normal) (GCLocker Initiated GC)
[2025-01-09T02:31:30.567+0000][194760.933s][info][gc,task     ] GC(7393) Using 6 workers of 6 for evacuation
[2025-01-09T02:31:30.600+0000][194760.966s][info][gc,phases   ] GC(7393)   Pre Evacuate Collection Set: 0.2ms
[2025-01-09T02:31:30.600+0000][194760.966s][info][gc,phases   ] GC(7393)   Merge Heap Roots: 0.4ms
[2025-01-09T02:31:30.600+0000][194760.966s][info][gc,phases   ] GC(7393)   Evacuate Collection Set: 26.2ms
[2025-01-09T02:31:30.600+0000][194760.966s][info][gc,phases   ] GC(7393)   Post Evacuate Collection Set: 5.2ms
[2025-01-09T02:31:30.600+0000][194760.966s][info][gc,phases   ] GC(7393)   Other: 0.2ms
[2025-01-09T02:31:30.600+0000][194760.966s][info][gc,heap     ] GC(7393) Eden regions: 916->0(913)
[2025-01-09T02:31:30.600+0000][194760.966s][info][gc,heap     ] GC(7393) Survivor regions: 6->8(116)
[2025-01-09T02:31:30.600+0000][194760.966s][info][gc,heap     ] GC(7393) Old regions: 227->227
[2025-01-09T02:31:30.600+0000][194760.966s][info][gc,heap     ] GC(7393) Archive regions: 2->2
[2025-01-09T02:31:30.600+0000][194760.966s][info][gc,heap     ] GC(7393) Humongous regions: 49->49
[2025-01-09T02:31:30.600+0000][194760.966s][info][gc,metaspace] GC(7393) Metaspace: 524947K(534272K)->524947K(534272K) NonClass: 460973K(465536K)->460973K(465536K) Class: 63974K(68736K)->63974K(68736K)
[2025-01-09T02:31:30.600+0000][194760.966s][info][gc          ] GC(7393) Pause Young (Normal) (GCLocker Initiated GC) 9573M->2271M(12288M) 32.260ms
[2025-01-09T02:31:30.600+0000][194760.966s][info][gc,cpu      ] GC(7393) User=0.19s Sys=0.00s Real=0.03s
[2025-01-09T02:31:41.521+0000][194771.887s][info][gc,start    ] GC(7394) Pause Young (Normal) (G1 Evacuation Pause)
[2025-01-09T02:31:41.521+0000][194771.888s][info][gc,task     ] GC(7394) Using 6 workers of 6 for evacuation
[2025-01-09T02:31:41.555+0000][194771.921s][info][gc,phases   ] GC(7394)   Pre Evacuate Collection Set: 0.2ms
[2025-01-09T02:31:41.555+0000][194771.921s][info][gc,phases   ] GC(7394)   Merge Heap Roots: 0.4ms
[2025-01-09T02:31:41.555+0000][194771.921s][info][gc,phases   ] GC(7394)   Evacuate Collection Set: 28.7ms
[2025-01-09T02:31:41.555+0000][194771.921s][info][gc,phases   ] GC(7394)   Post Evacuate Collection Set: 4.0ms
[2025-01-09T02:31:41.555+0000][194771.921s][info][gc,phases   ] GC(7394)   Other: 0.2ms
[2025-01-09T02:31:41.555+0000][194771.921s][info][gc,heap     ] GC(7394) Eden regions: 913->0(912)
[2025-01-09T02:31:41.555+0000][194771.921s][info][gc,heap     ] GC(7394) Survivor regions: 8->9(116)
[2025-01-09T02:31:41.555+0000][194771.921s][info][gc,heap     ] GC(7394) Old regions: 227->227
[2025-01-09T02:31:41.555+0000][194771.921s][info][gc,heap     ] GC(7394) Archive regions: 2->2
[2025-01-09T02:31:41.555+0000][194771.921s][info][gc,heap     ] GC(7394) Humongous regions: 49->49
[2025-01-09T02:31:41.555+0000][194771.921s][info][gc,metaspace] GC(7394) Metaspace: 524947K(534272K)->524947K(534272K) NonClass: 460973K(465536K)->460973K(465536K) Class: 63974K(68736K)->63974K(68736K)
[2025-01-09T02:31:41.555+0000][194771.921s][info][gc          ] GC(7394) Pause Young (Normal) (G1 Evacuation Pause) 9575M->2278M(12288M) 33.613ms
[2025-01-09T02:31:41.555+0000][194771.921s][info][gc,cpu      ] GC(7394) User=0.20s Sys=0.00s Real=0.04s
[2025-01-09T02:31:48.943+0000][194779.309s][info][gc,start    ] GC(7395) Pause Young (Concurrent Start) (GCLocker Initiated GC)
[2025-01-09T02:31:48.943+0000][194779.310s][info][gc,task     ] GC(7395) Using 6 workers of 6 for evacuation
[2025-01-09T02:31:48.981+0000][194779.347s][info][gc,phases   ] GC(7395)   Pre Evacuate Collection Set: 1.1ms
[2025-01-09T02:31:48.981+0000][194779.347s][info][gc,phases   ] GC(7395)   Merge Heap Roots: 0.5ms
[2025-01-09T02:31:48.981+0000][194779.347s][info][gc,phases   ] GC(7395)   Evacuate Collection Set: 33.2ms
[2025-01-09T02:31:48.981+0000][194779.347s][info][gc,phases   ] GC(7395)   Post Evacuate Collection Set: 2.5ms
[2025-01-09T02:31:48.981+0000][194779.347s][info][gc,phases   ] GC(7395)   Other: 0.3ms
[2025-01-09T02:31:48.981+0000][194779.347s][info][gc,heap     ] GC(7395) Eden regions: 913->0(911)
[2025-01-09T02:31:48.981+0000][194779.347s][info][gc,heap     ] GC(7395) Survivor regions: 9->10(116)
[2025-01-09T02:31:48.981+0000][194779.347s][info][gc,heap     ] GC(7395) Old regions: 227->227
[2025-01-09T02:31:48.981+0000][194779.347s][info][gc,heap     ] GC(7395) Archive regions: 2->2
[2025-01-09T02:31:48.981+0000][194779.347s][info][gc,heap     ] GC(7395) Humongous regions: 49->49
[2025-01-09T02:31:48.981+0000][194779.347s][info][gc,metaspace] GC(7395) Metaspace: 524947K(534272K)->524947K(534272K) NonClass: 460973K(465536K)->460973K(465536K) Class: 63974K(68736K)->63974K(68736K)
[2025-01-09T02:31:48.981+0000][194779.347s][info][gc          ] GC(7395) Pause Young (Concurrent Start) (GCLocker Initiated GC) 9578M->2286M(12288M) 37.742ms
[2025-01-09T02:31:48.981+0000][194779.347s][info][gc,cpu      ] GC(7395) User=0.22s Sys=0.00s Real=0.03s
[2025-01-09T02:31:48.981+0000][194779.347s][info][gc          ] GC(7396) Concurrent Mark Cycle
[2025-01-09T02:31:48.981+0000][194779.347s][info][gc,marking  ] GC(7396) Concurrent Clear Claimed Marks
[2025-01-09T02:31:48.982+0000][194779.348s][info][gc,marking  ] GC(7396) Concurrent Clear Claimed Marks 0.979ms
[2025-01-09T02:31:48.982+0000][194779.348s][info][gc,marking  ] GC(7396) Concurrent Scan Root Regions
[2025-01-09T02:31:49.009+0000][194779.375s][info][gc,marking  ] GC(7396) Concurrent Scan Root Regions 27.020ms
[2025-01-09T02:31:49.009+0000][194779.375s][info][gc,marking  ] GC(7396) Concurrent Mark
[2025-01-09T02:31:49.009+0000][194779.375s][info][gc,marking  ] GC(7396) Concurrent Mark From Roots
[2025-01-09T02:31:49.009+0000][194779.375s][info][gc,task     ] GC(7396) Using 2 workers of 2 for marking
[2025-01-09T02:31:49.896+0000][194780.262s][info][gc,marking  ] GC(7396) Concurrent Mark From Roots 886.960ms
[2025-01-09T02:31:49.896+0000][194780.262s][info][gc,marking  ] GC(7396) Concurrent Preclean
[2025-01-09T02:31:49.899+0000][194780.265s][info][gc,marking  ] GC(7396) Concurrent Preclean 2.972ms
[2025-01-09T02:31:49.899+0000][194780.265s][info][gc,start    ] GC(7396) Pause Remark
[2025-01-09T02:31:49.925+0000][194780.291s][info][gc          ] GC(7396) Pause Remark 2854M->2854M(12288M) 25.583ms
[2025-01-09T02:31:49.925+0000][194780.291s][info][gc,cpu      ] GC(7396) User=0.14s Sys=0.01s Real=0.03s
[2025-01-09T02:31:49.925+0000][194780.291s][info][gc,marking  ] GC(7396) Concurrent Mark 915.845ms
[2025-01-09T02:31:49.925+0000][194780.291s][info][gc,marking  ] GC(7396) Concurrent Rebuild Remembered Sets
[2025-01-09T02:31:50.458+0000][194780.824s][info][gc,marking  ] GC(7396) Concurrent Rebuild Remembered Sets 532.809ms
[2025-01-09T02:31:50.458+0000][194780.824s][info][gc,start    ] GC(7396) Pause Cleanup
[2025-01-09T02:31:50.459+0000][194780.825s][info][gc          ] GC(7396) Pause Cleanup 2961M->2961M(12288M) 0.444ms
[2025-01-09T02:31:50.460+0000][194780.826s][info][gc,cpu      ] GC(7396) User=0.00s Sys=0.00s Real=0.00s
[2025-01-09T02:31:50.460+0000][194780.826s][info][gc,marking  ] GC(7396) Concurrent Cleanup for Next Mark
[2025-01-09T02:31:50.475+0000][194780.841s][info][gc,marking  ] GC(7396) Concurrent Cleanup for Next Mark 15.530ms
[2025-01-09T02:31:50.475+0000][194780.842s][info][gc          ] GC(7396) Concurrent Mark Cycle 1494.236ms
[2025-01-09T02:31:58.234+0000][194788.600s][info][gc,start    ] GC(7397) Pause Young (Prepare Mixed) (GCLocker Initiated GC)
[2025-01-09T02:31:58.234+0000][194788.600s][info][gc,task     ] GC(7397) Using 6 workers of 6 for evacuation
[2025-01-09T02:31:58.274+0000][194788.640s][info][gc,phases   ] GC(7397)   Pre Evacuate Collection Set: 0.2ms
[2025-01-09T02:31:58.274+0000][194788.640s][info][gc,phases   ] GC(7397)   Merge Heap Roots: 0.7ms
[2025-01-09T02:31:58.274+0000][194788.640s][info][gc,phases   ] GC(7397)   Evacuate Collection Set: 35.9ms
[2025-01-09T02:31:58.274+0000][194788.640s][info][gc,phases   ] GC(7397)   Post Evacuate Collection Set: 2.8ms
[2025-01-09T02:31:58.274+0000][194788.640s][info][gc,phases   ] GC(7397)   Other: 0.2ms
[2025-01-09T02:31:58.274+0000][194788.640s][info][gc,heap     ] GC(7397) Eden regions: 912->0(65)
[2025-01-09T02:31:58.274+0000][194788.640s][info][gc,heap     ] GC(7397) Survivor regions: 10->11(116)
[2025-01-09T02:31:58.274+0000][194788.640s][info][gc,heap     ] GC(7397) Old regions: 227->227
[2025-01-09T02:31:58.274+0000][194788.640s][info][gc,heap     ] GC(7397) Archive regions: 2->2
[2025-01-09T02:31:58.274+0000][194788.640s][info][gc,heap     ] GC(7397) Humongous regions: 49->49
[2025-01-09T02:31:58.274+0000][194788.640s][info][gc,metaspace] GC(7397) Metaspace: 524947K(534272K)->524947K(534272K) NonClass: 460973K(465536K)->460973K(465536K) Class: 63974K(68736K)->63974K(68736K)
[2025-01-09T02:31:58.274+0000][194788.640s][info][gc          ] GC(7397) Pause Young (Prepare Mixed) (GCLocker Initiated GC) 9574M->2293M(12288M) 39.970ms
[2025-01-09T02:31:58.274+0000][194788.640s][info][gc,cpu      ] GC(7397) User=0.23s Sys=0.00s Real=0.04s
[2025-01-09T02:31:59.689+0000][194790.055s][info][gc,start    ] GC(7398) Pause Young (Mixed) (GCLocker Initiated GC)
[2025-01-09T02:31:59.689+0000][194790.055s][info][gc,task     ] GC(7398) Using 6 workers of 6 for evacuation
[2025-01-09T02:31:59.764+0000][194790.130s][info][gc,phases   ] GC(7398)   Pre Evacuate Collection Set: 0.2ms
[2025-01-09T02:31:59.764+0000][194790.130s][info][gc,phases   ] GC(7398)   Merge Heap Roots: 0.7ms
[2025-01-09T02:31:59.764+0000][194790.130s][info][gc,phases   ] GC(7398)   Evacuate Collection Set: 71.2ms
[2025-01-09T02:31:59.764+0000][194790.130s][info][gc,phases   ] GC(7398)   Post Evacuate Collection Set: 2.1ms
[2025-01-09T02:31:59.764+0000][194790.130s][info][gc,phases   ] GC(7398)   Other: 0.2ms
[2025-01-09T02:31:59.764+0000][194790.130s][info][gc,heap     ] GC(7398) Eden regions: 66->0(916)
[2025-01-09T02:31:59.764+0000][194790.130s][info][gc,heap     ] GC(7398) Survivor regions: 11->5(10)
[2025-01-09T02:31:59.764+0000][194790.130s][info][gc,heap     ] GC(7398) Old regions: 227->228
[2025-01-09T02:31:59.764+0000][194790.130s][info][gc,heap     ] GC(7398) Archive regions: 2->2
[2025-01-09T02:31:59.764+0000][194790.130s][info][gc,heap     ] GC(7398) Humongous regions: 49->49
[2025-01-09T02:31:59.764+0000][194790.130s][info][gc,metaspace] GC(7398) Metaspace: 524947K(534272K)->524947K(534272K) NonClass: 460973K(465536K)->460973K(465536K) Class: 63974K(68736K)->63974K(68736K)
[2025-01-09T02:31:59.764+0000][194790.130s][info][gc          ] GC(7398) Pause Young (Mixed) (GCLocker Initiated GC) 2814M->2255M(12288M) 74.507ms
[2025-01-09T02:31:59.764+0000][194790.130s][info][gc,cpu      ] GC(7398) User=0.44s Sys=0.00s Real=0.08s
[2025-01-09T02:32:07.509+0000][194797.875s][info][gc,start    ] GC(7399) Pause Young (Normal) (GCLocker Initiated GC)
[2025-01-09T02:32:07.509+0000][194797.875s][info][gc,task     ] GC(7399) Using 6 workers of 6 for evacuation
[2025-01-09T02:32:07.534+0000][194797.900s][info][gc,phases   ] GC(7399)   Pre Evacuate Collection Set: 0.2ms
[2025-01-09T02:32:07.534+0000][194797.900s][info][gc,phases   ] GC(7399)   Merge Heap Roots: 0.4ms
[2025-01-09T02:32:07.534+0000][194797.900s][info][gc,phases   ] GC(7399)   Evacuate Collection Set: 21.8ms
[2025-01-09T02:32:07.534+0000][194797.900s][info][gc,phases   ] GC(7399)   Post Evacuate Collection Set: 2.5ms
[2025-01-09T02:32:07.534+0000][194797.900s][info][gc,phases   ] GC(7399)   Other: 0.2ms
[2025-01-09T02:32:07.534+0000][194797.900s][info][gc,heap     ] GC(7399) Eden regions: 917->0(914)
[2025-01-09T02:32:07.534+0000][194797.900s][info][gc,heap     ] GC(7399) Survivor regions: 5->7(116)
[2025-01-09T02:32:07.534+0000][194797.900s][info][gc,heap     ] GC(7399) Old regions: 228->228
[2025-01-09T02:32:07.534+0000][194797.900s][info][gc,heap     ] GC(7399) Archive regions: 2->2
[2025-01-09T02:32:07.534+0000][194797.900s][info][gc,heap     ] GC(7399) Humongous regions: 49->49
[2025-01-09T02:32:07.534+0000][194797.900s][info][gc,metaspace] GC(7399) Metaspace: 524947K(534272K)->524947K(534272K) NonClass: 460973K(465536K)->460973K(465536K) Class: 63974K(68736K)->63974K(68736K)
[2025-01-09T02:32:07.534+0000][194797.900s][info][gc          ] GC(7399) Pause Young (Normal) (GCLocker Initiated GC) 9583M->2267M(12288M) 25.213ms
[2025-01-09T02:32:07.534+0000][194797.900s][info][gc,cpu      ] GC(7399) User=0.15s Sys=0.00s Real=0.03s
[2025-01-09T02:32:12.985+0000][194803.351s][info][gc,start    ] GC(7400) Pause Young (Normal) (GCLocker Initiated GC)
[2025-01-09T02:32:12.985+0000][194803.351s][info][gc,task     ] GC(7400) Using 6 workers of 6 for evacuation
[2025-01-09T02:32:13.010+0000][194803.376s][info][gc,phases   ] GC(7400)   Pre Evacuate Collection Set: 0.2ms
[2025-01-09T02:32:13.010+0000][194803.376s][info][gc,phases   ] GC(7400)   Merge Heap Roots: 0.4ms
[2025-01-09T02:32:13.010+0000][194803.376s][info][gc,phases   ] GC(7400)   Evacuate Collection Set: 22.1ms
[2025-01-09T02:32:13.010+0000][194803.376s][info][gc,phases   ] GC(7400)   Post Evacuate Collection Set: 2.5ms
[2025-01-09T02:32:13.010+0000][194803.376s][info][gc,phases   ] GC(7400)   Other: 0.2ms
[2025-01-09T02:32:13.010+0000][194803.376s][info][gc,heap     ] GC(7400) Eden regions: 915->0(914)
[2025-01-09T02:32:13.010+0000][194803.376s][info][gc,heap     ] GC(7400) Survivor regions: 7->7(116)
[2025-01-09T02:32:13.010+0000][194803.376s][info][gc,heap     ] GC(7400) Old regions: 228->228
[2025-01-09T02:32:13.010+0000][194803.376s][info][gc,heap     ] GC(7400) Archive regions: 2->2
[2025-01-09T02:32:13.010+0000][194803.376s][info][gc,heap     ] GC(7400) Humongous regions: 49->49
[2025-01-09T02:32:13.010+0000][194803.376s][info][gc,metaspace] GC(7400) Metaspace: 524947K(534272K)->524947K(534272K) NonClass: 460973K(465536K)->460973K(465536K) Class: 63974K(68736K)->63974K(68736K)
[2025-01-09T02:32:13.010+0000][194803.376s][info][gc          ] GC(7400) Pause Young (Normal) (GCLocker Initiated GC) 9583M->2270M(12288M) 25.451ms
[2025-01-09T02:32:13.010+0000][194803.376s][info][gc,cpu      ] GC(7400) User=0.15s Sys=0.00s Real=0.03s
[2025-01-09T02:32:21.314+0000][194811.680s][info][gc,start    ] GC(7401) Pause Young (Concurrent Start) (GCLocker Initiated GC)
[2025-01-09T02:32:21.314+0000][194811.680s][info][gc,task     ] GC(7401) Using 6 workers of 6 for evacuation
[2025-01-09T02:32:21.345+0000][194811.711s][info][gc,phases   ] GC(7401)   Pre Evacuate Collection Set: 1.2ms
[2025-01-09T02:32:21.345+0000][194811.711s][info][gc,phases   ] GC(7401)   Merge Heap Roots: 0.4ms
[2025-01-09T02:32:21.345+0000][194811.711s][info][gc,phases   ] GC(7401)   Evacuate Collection Set: 25.3ms
[2025-01-09T02:32:21.345+0000][194811.711s][info][gc,phases   ] GC(7401)   Post Evacuate Collection Set: 4.0ms
[2025-01-09T02:32:21.345+0000][194811.711s][info][gc,phases   ] GC(7401)   Other: 0.3ms
[2025-01-09T02:32:21.345+0000][194811.711s][info][gc,heap     ] GC(7401) Eden regions: 915->0(912)
[2025-01-09T02:32:21.345+0000][194811.711s][info][gc,heap     ] GC(7401) Survivor regions: 7->9(116)
[2025-01-09T02:32:21.345+0000][194811.711s][info][gc,heap     ] GC(7401) Old regions: 228->228
[2025-01-09T02:32:21.345+0000][194811.711s][info][gc,heap     ] GC(7401) Archive regions: 2->2
[2025-01-09T02:32:21.345+0000][194811.711s][info][gc,heap     ] GC(7401) Humongous regions: 49->49
[2025-01-09T02:32:21.345+0000][194811.711s][info][gc,metaspace] GC(7401) Metaspace: 524947K(534272K)->524947K(534272K) NonClass: 460973K(465536K)->460973K(465536K) Class: 63974K(68736K)->63974K(68736K)
[2025-01-09T02:32:21.345+0000][194811.711s][info][gc          ] GC(7401) Pause Young (Concurrent Start) (GCLocker Initiated GC) 9586M->2286M(12288M) 31.248ms
[2025-01-09T02:32:21.345+0000][194811.711s][info][gc,cpu      ] GC(7401) User=0.17s Sys=0.00s Real=0.03s
[2025-01-09T02:32:21.345+0000][194811.711s][info][gc          ] GC(7402) Concurrent Mark Cycle
[2025-01-09T02:32:21.345+0000][194811.711s][info][gc,marking  ] GC(7402) Concurrent Clear Claimed Marks
[2025-01-09T02:32:21.346+0000][194811.712s][info][gc,marking  ] GC(7402) Concurrent Clear Claimed Marks 0.992ms
[2025-01-09T02:32:21.346+0000][194811.712s][info][gc,marking  ] GC(7402) Concurrent Scan Root Regions
[2025-01-09T02:32:21.370+0000][194811.736s][info][gc,marking  ] GC(7402) Concurrent Scan Root Regions 23.738ms
[2025-01-09T02:32:21.370+0000][194811.736s][info][gc,marking  ] GC(7402) Concurrent Mark
[2025-01-09T02:32:21.370+0000][194811.736s][info][gc,marking  ] GC(7402) Concurrent Mark From Roots
[2025-01-09T02:32:21.370+0000][194811.736s][info][gc,task     ] GC(7402) Using 2 workers of 2 for marking
[2025-01-09T02:32:22.263+0000][194812.629s][info][gc,marking  ] GC(7402) Concurrent Mark From Roots 892.708ms
[2025-01-09T02:32:22.263+0000][194812.629s][info][gc,marking  ] GC(7402) Concurrent Preclean
[2025-01-09T02:32:22.266+0000][194812.633s][info][gc,marking  ] GC(7402) Concurrent Preclean 3.629ms
[2025-01-09T02:32:22.267+0000][194812.633s][info][gc,start    ] GC(7402) Pause Remark
[2025-01-09T02:32:22.292+0000][194812.659s][info][gc          ] GC(7402) Pause Remark 3130M->3130M(12288M) 25.817ms
[2025-01-09T02:32:22.292+0000][194812.659s][info][gc,cpu      ] GC(7402) User=0.15s Sys=0.00s Real=0.03s
[2025-01-09T02:32:22.293+0000][194812.659s][info][gc,marking  ] GC(7402) Concurrent Mark 922.502ms
[2025-01-09T02:32:22.293+0000][194812.659s][info][gc,marking  ] GC(7402) Concurrent Rebuild Remembered Sets
[2025-01-09T02:32:23.050+0000][194813.416s][info][gc,marking  ] GC(7402) Concurrent Rebuild Remembered Sets 757.018ms
[2025-01-09T02:32:23.050+0000][194813.416s][info][gc,start    ] GC(7402) Pause Cleanup
[2025-01-09T02:32:23.050+0000][194813.416s][info][gc          ] GC(7402) Pause Cleanup 4178M->4178M(12288M) 0.507ms
[2025-01-09T02:32:23.050+0000][194813.416s][info][gc,cpu      ] GC(7402) User=0.00s Sys=0.00s Real=0.00s
[2025-01-09T02:32:23.050+0000][194813.417s][info][gc,marking  ] GC(7402) Concurrent Cleanup for Next Mark
[2025-01-09T02:32:23.067+0000][194813.433s][info][gc,marking  ] GC(7402) Concurrent Cleanup for Next Mark 16.217ms
[2025-01-09T02:32:23.067+0000][194813.433s][info][gc          ] GC(7402) Concurrent Mark Cycle 1721.427ms
[2025-01-09T02:32:30.866+0000][194821.233s][info][gc,start    ] GC(7403) Pause Young (Prepare Mixed) (GCLocker Initiated GC)
[2025-01-09T02:32:30.866+0000][194821.233s][info][gc,task     ] GC(7403) Using 6 workers of 6 for evacuation
[2025-01-09T02:32:30.902+0000][194821.268s][info][gc,phases   ] GC(7403)   Pre Evacuate Collection Set: 0.2ms
[2025-01-09T02:32:30.902+0000][194821.268s][info][gc,phases   ] GC(7403)   Merge Heap Roots: 0.6ms
[2025-01-09T02:32:30.902+0000][194821.268s][info][gc,phases   ] GC(7403)   Evacuate Collection Set: 30.4ms
[2025-01-09T02:32:30.902+0000][194821.268s][info][gc,phases   ] GC(7403)   Post Evacuate Collection Set: 4.2ms
[2025-01-09T02:32:30.902+0000][194821.268s][info][gc,phases   ] GC(7403)   Other: 0.2ms
[2025-01-09T02:32:30.902+0000][194821.268s][info][gc,heap     ] GC(7403) Eden regions: 913->0(65)
[2025-01-09T02:32:30.902+0000][194821.268s][info][gc,heap     ] GC(7403) Survivor regions: 9->11(116)
[2025-01-09T02:32:30.902+0000][194821.268s][info][gc,heap     ] GC(7403) Old regions: 228->228
[2025-01-09T02:32:30.902+0000][194821.268s][info][gc,heap     ] GC(7403) Archive regions: 2->2
[2025-01-09T02:32:30.902+0000][194821.268s][info][gc,heap     ] GC(7403) Humongous regions: 49->49
[2025-01-09T02:32:30.902+0000][194821.268s][info][gc,metaspace] GC(7403) Metaspace: 524947K(534272K)->524947K(534272K) NonClass: 460973K(465536K)->460973K(465536K) Class: 63974K(68736K)->63974K(68736K)
[2025-01-09T02:32:30.902+0000][194821.268s][info][gc          ] GC(7403) Pause Young (Prepare Mixed) (GCLocker Initiated GC) 9586M->2297M(12288M) 35.712ms
[2025-01-09T02:32:30.902+0000][194821.268s][info][gc,cpu      ] GC(7403) User=0.21s Sys=0.00s Real=0.04s
[2025-01-09T02:32:31.861+0000][194822.227s][info][gc,start    ] GC(7404) Pause Young (Mixed) (GCLocker Initiated GC)
[2025-01-09T02:32:31.861+0000][194822.227s][info][gc,task     ] GC(7404) Using 6 workers of 6 for evacuation
[2025-01-09T02:32:31.925+0000][194822.291s][info][gc,phases   ] GC(7404)   Pre Evacuate Collection Set: 0.2ms
[2025-01-09T02:32:31.925+0000][194822.291s][info][gc,phases   ] GC(7404)   Merge Heap Roots: 0.7ms
[2025-01-09T02:32:31.925+0000][194822.291s][info][gc,phases   ] GC(7404)   Evacuate Collection Set: 61.2ms
[2025-01-09T02:32:31.925+0000][194822.291s][info][gc,phases   ] GC(7404)   Post Evacuate Collection Set: 1.8ms
[2025-01-09T02:32:31.925+0000][194822.291s][info][gc,phases   ] GC(7404)   Other: 0.2ms
[2025-01-09T02:32:31.925+0000][194822.291s][info][gc,heap     ] GC(7404) Eden regions: 66->0(916)
[2025-01-09T02:32:31.925+0000][194822.291s][info][gc,heap     ] GC(7404) Survivor regions: 11->5(10)
[2025-01-09T02:32:31.925+0000][194822.291s][info][gc,heap     ] GC(7404) Old regions: 228->228
[2025-01-09T02:32:31.925+0000][194822.291s][info][gc,heap     ] GC(7404) Archive regions: 2->2
[2025-01-09T02:32:31.925+0000][194822.291s][info][gc,heap     ] GC(7404) Humongous regions: 49->49
[2025-01-09T02:32:31.925+0000][194822.291s][info][gc,metaspace] GC(7404) Metaspace: 524947K(534272K)->524947K(534272K) NonClass: 460973K(465536K)->460973K(465536K) Class: 63974K(68736K)->63974K(68736K)
[2025-01-09T02:32:31.925+0000][194822.291s][info][gc          ] GC(7404) Pause Young (Mixed) (GCLocker Initiated GC) 2819M->2254M(12288M) 64.100ms
[2025-01-09T02:32:31.925+0000][194822.291s][info][gc,cpu      ] GC(7404) User=0.38s Sys=0.00s Real=0.07s
[2025-01-09T02:32:39.449+0000][194829.815s][info][gc,start    ] GC(7405) Pause Young (Normal) (G1 Evacuation Pause)
[2025-01-09T02:32:39.449+0000][194829.815s][info][gc,task     ] GC(7405) Using 6 workers of 6 for evacuation
[2025-01-09T02:32:39.480+0000][194829.846s][info][gc,phases   ] GC(7405)   Pre Evacuate Collection Set: 0.2ms
[2025-01-09T02:32:39.480+0000][194829.847s][info][gc,phases   ] GC(7405)   Merge Heap Roots: 0.4ms
[2025-01-09T02:32:39.480+0000][194829.847s][info][gc,phases   ] GC(7405)   Evacuate Collection Set: 27.1ms
[2025-01-09T02:32:39.480+0000][194829.847s][info][gc,phases   ] GC(7405)   Post Evacuate Collection Set: 3.9ms
[2025-01-09T02:32:39.480+0000][194829.847s][info][gc,phases   ] GC(7405)   Other: 0.2ms
[2025-01-09T02:32:39.480+0000][194829.847s][info][gc,heap     ] GC(7405) Eden regions: 916->0(913)
[2025-01-09T02:32:39.480+0000][194829.847s][info][gc,heap     ] GC(7405) Survivor regions: 5->8(116)
[2025-01-09T02:32:39.480+0000][194829.847s][info][gc,heap     ] GC(7405) Old regions: 228->228
[2025-01-09T02:32:39.480+0000][194829.847s][info][gc,heap     ] GC(7405) Archive regions: 2->2
[2025-01-09T02:32:39.480+0000][194829.847s][info][gc,heap     ] GC(7405) Humongous regions: 49->49
[2025-01-09T02:32:39.480+0000][194829.847s][info][gc,metaspace] GC(7405) Metaspace: 524947K(534272K)->524947K(534272K) NonClass: 460973K(465536K)->460973K(465536K) Class: 63974K(68736K)->63974K(68736K)
[2025-01-09T02:32:39.480+0000][194829.847s][info][gc          ] GC(7405) Pause Young (Normal) (G1 Evacuation Pause) 9582M->2279M(12288M) 31.923ms
[2025-01-09T02:32:39.481+0000][194829.847s][info][gc,cpu      ] GC(7405) User=0.18s Sys=0.00s Real=0.03s
[2025-01-09T02:32:46.661+0000][194837.027s][info][gc,start    ] GC(7406) Pause Young (Normal) (GCLocker Initiated GC)
[2025-01-09T02:32:46.661+0000][194837.027s][info][gc,task     ] GC(7406) Using 6 workers of 6 for evacuation
[2025-01-09T02:32:46.690+0000][194837.056s][info][gc,phases   ] GC(7406)   Pre Evacuate Collection Set: 0.2ms
[2025-01-09T02:32:46.690+0000][194837.056s][info][gc,phases   ] GC(7406)   Merge Heap Roots: 0.4ms
[2025-01-09T02:32:46.690+0000][194837.056s][info][gc,phases   ] GC(7406)   Evacuate Collection Set: 25.4ms
[2025-01-09T02:32:46.690+0000][194837.056s][info][gc,phases   ] GC(7406)   Post Evacuate Collection Set: 2.5ms
[2025-01-09T02:32:46.690+0000][194837.056s][info][gc,phases   ] GC(7406)   Other: 0.2ms
[2025-01-09T02:32:46.690+0000][194837.056s][info][gc,heap     ] GC(7406) Eden regions: 914->0(913)
[2025-01-09T02:32:46.690+0000][194837.056s][info][gc,heap     ] GC(7406) Survivor regions: 8->8(116)
[2025-01-09T02:32:46.690+0000][194837.056s][info][gc,heap     ] GC(7406) Old regions: 228->228
[2025-01-09T02:32:46.690+0000][194837.056s][info][gc,heap     ] GC(7406) Archive regions: 2->2
[2025-01-09T02:32:46.690+0000][194837.056s][info][gc,heap     ] GC(7406) Humongous regions: 49->49
[2025-01-09T02:32:46.690+0000][194837.056s][info][gc,metaspace] GC(7406) Metaspace: 524947K(534272K)->524947K(534272K) NonClass: 460973K(465536K)->460973K(465536K) Class: 63974K(68736K)->63974K(68736K)
[2025-01-09T02:32:46.690+0000][194837.056s][info][gc          ] GC(7406) Pause Young (Normal) (GCLocker Initiated GC) 9587M->2276M(12288M) 28.868ms
[2025-01-09T02:32:46.690+0000][194837.056s][info][gc,cpu      ] GC(7406) User=0.16s Sys=0.00s Real=0.04s
[2025-01-09T02:32:52.494+0000][194842.860s][info][gc,start    ] GC(7407) Pause Young (Concurrent Start) (G1 Evacuation Pause)
[2025-01-09T02:32:52.494+0000][194842.860s][info][gc,task     ] GC(7407) Using 6 workers of 6 for evacuation
[2025-01-09T02:32:52.528+0000][194842.894s][info][gc,phases   ] GC(7407)   Pre Evacuate Collection Set: 1.2ms
[2025-01-09T02:32:52.528+0000][194842.894s][info][gc,phases   ] GC(7407)   Merge Heap Roots: 0.4ms
[2025-01-09T02:32:52.528+0000][194842.894s][info][gc,phases   ] GC(7407)   Evacuate Collection Set: 29.7ms
[2025-01-09T02:32:52.528+0000][194842.894s][info][gc,phases   ] GC(7407)   Post Evacuate Collection Set: 2.7ms
[2025-01-09T02:32:52.528+0000][194842.894s][info][gc,phases   ] GC(7407)   Other: 0.3ms
[2025-01-09T02:32:52.528+0000][194842.894s][info][gc,heap     ] GC(7407) Eden regions: 913->0(912)
[2025-01-09T02:32:52.528+0000][194842.894s][info][gc,heap     ] GC(7407) Survivor regions: 8->9(116)
[2025-01-09T02:32:52.528+0000][194842.894s][info][gc,heap     ] GC(7407) Old regions: 228->228
[2025-01-09T02:32:52.528+0000][194842.894s][info][gc,heap     ] GC(7407) Archive regions: 2->2
[2025-01-09T02:32:52.528+0000][194842.894s][info][gc,heap     ] GC(7407) Humongous regions: 49->49
[2025-01-09T02:32:52.528+0000][194842.894s][info][gc,metaspace] GC(7407) Metaspace: 524947K(534272K)->524947K(534272K) NonClass: 460973K(465536K)->460973K(465536K) Class: 63974K(68736K)->63974K(68736K)
[2025-01-09T02:32:52.528+0000][194842.894s][info][gc          ] GC(7407) Pause Young (Concurrent Start) (G1 Evacuation Pause) 9580M->2283M(12288M) 34.288ms
[2025-01-09T02:32:52.528+0000][194842.894s][info][gc,cpu      ] GC(7407) User=0.18s Sys=0.01s Real=0.03s
[2025-01-09T02:32:52.528+0000][194842.894s][info][gc          ] GC(7408) Concurrent Mark Cycle
[2025-01-09T02:32:52.528+0000][194842.894s][info][gc,marking  ] GC(7408) Concurrent Clear Claimed Marks
[2025-01-09T02:32:52.529+0000][194842.895s][info][gc,marking  ] GC(7408) Concurrent Clear Claimed Marks 1.005ms
[2025-01-09T02:32:52.529+0000][194842.895s][info][gc,marking  ] GC(7408) Concurrent Scan Root Regions
[2025-01-09T02:32:52.564+0000][194842.931s][info][gc,marking  ] GC(7408) Concurrent Scan Root Regions 35.523ms
[2025-01-09T02:32:52.565+0000][194842.931s][info][gc,marking  ] GC(7408) Concurrent Mark
[2025-01-09T02:32:52.565+0000][194842.931s][info][gc,marking  ] GC(7408) Concurrent Mark From Roots
[2025-01-09T02:32:52.565+0000][194842.931s][info][gc,task     ] GC(7408) Using 2 workers of 2 for marking
[2025-01-09T02:32:53.502+0000][194843.869s][info][gc,marking  ] GC(7408) Concurrent Mark From Roots 937.911ms
[2025-01-09T02:32:53.502+0000][194843.869s][info][gc,marking  ] GC(7408) Concurrent Preclean
[2025-01-09T02:32:53.505+0000][194843.871s][info][gc,marking  ] GC(7408) Concurrent Preclean 2.643ms
[2025-01-09T02:32:53.505+0000][194843.871s][info][gc,start    ] GC(7408) Pause Remark
[2025-01-09T02:32:53.531+0000][194843.898s][info][gc          ] GC(7408) Pause Remark 3363M->3363M(12288M) 26.244ms
[2025-01-09T02:32:53.532+0000][194843.898s][info][gc,cpu      ] GC(7408) User=0.15s Sys=0.00s Real=0.03s
[2025-01-09T02:32:53.532+0000][194843.898s][info][gc,marking  ] GC(7408) Concurrent Mark 967.105ms
[2025-01-09T02:32:53.532+0000][194843.898s][info][gc,marking  ] GC(7408) Concurrent Rebuild Remembered Sets
[2025-01-09T02:32:54.036+0000][194844.402s][info][gc,marking  ] GC(7408) Concurrent Rebuild Remembered Sets 504.625ms
[2025-01-09T02:32:54.036+0000][194844.403s][info][gc,start    ] GC(7408) Pause Cleanup
[2025-01-09T02:32:54.037+0000][194844.403s][info][gc          ] GC(7408) Pause Cleanup 3775M->3775M(12288M) 0.384ms
[2025-01-09T02:32:54.037+0000][194844.403s][info][gc,cpu      ] GC(7408) User=0.00s Sys=0.00s Real=0.00s
[2025-01-09T02:32:54.037+0000][194844.403s][info][gc,marking  ] GC(7408) Concurrent Cleanup for Next Mark
[2025-01-09T02:32:54.052+0000][194844.418s][info][gc,marking  ] GC(7408) Concurrent Cleanup for Next Mark 15.426ms
[2025-01-09T02:32:54.052+0000][194844.418s][info][gc          ] GC(7408) Concurrent Mark Cycle 1524.467ms
[2025-01-09T02:32:59.583+0000][194849.949s][info][gc,start    ] GC(7409) Pause Young (Prepare Mixed) (G1 Evacuation Pause)
[2025-01-09T02:32:59.583+0000][194849.949s][info][gc,task     ] GC(7409) Using 6 workers of 6 for evacuation
[2025-01-09T02:32:59.617+0000][194849.983s][info][gc,phases   ] GC(7409)   Pre Evacuate Collection Set: 0.2ms
[2025-01-09T02:32:59.617+0000][194849.983s][info][gc,phases   ] GC(7409)   Merge Heap Roots: 0.6ms
[2025-01-09T02:32:59.617+0000][194849.983s][info][gc,phases   ] GC(7409)   Evacuate Collection Set: 30.5ms
[2025-01-09T02:32:59.617+0000][194849.983s][info][gc,phases   ] GC(7409)   Post Evacuate Collection Set: 2.6ms
[2025-01-09T02:32:59.617+0000][194849.983s][info][gc,phases   ] GC(7409)   Other: 0.2ms
[2025-01-09T02:32:59.617+0000][194849.983s][info][gc,heap     ] GC(7409) Eden regions: 912->0(66)
[2025-01-09T02:32:59.617+0000][194849.983s][info][gc,heap     ] GC(7409) Survivor regions: 9->10(116)
[2025-01-09T02:32:59.617+0000][194849.983s][info][gc,heap     ] GC(7409) Old regions: 228->228
[2025-01-09T02:32:59.617+0000][194849.983s][info][gc,heap     ] GC(7409) Archive regions: 2->2
[2025-01-09T02:32:59.617+0000][194849.983s][info][gc,heap     ] GC(7409) Humongous regions: 49->49
[2025-01-09T02:32:59.617+0000][194849.983s][info][gc,metaspace] GC(7409) Metaspace: 524947K(534272K)->524947K(534272K) NonClass: 460973K(465536K)->460973K(465536K) Class: 63974K(68736K)->63974K(68736K)
[2025-01-09T02:32:59.617+0000][194849.983s][info][gc          ] GC(7409) Pause Young (Prepare Mixed) (G1 Evacuation Pause) 9579M->2289M(12288M) 34.220ms
[2025-01-09T02:32:59.617+0000][194849.983s][info][gc,cpu      ] GC(7409) User=0.20s Sys=0.00s Real=0.03s
[2025-01-09T02:33:00.135+0000][194850.501s][info][gc,start    ] GC(7410) Pause Young (Mixed) (G1 Evacuation Pause)
[2025-01-09T02:33:00.135+0000][194850.501s][info][gc,task     ] GC(7410) Using 6 workers of 6 for evacuation
[2025-01-09T02:33:00.202+0000][194850.568s][info][gc,phases   ] GC(7410)   Pre Evacuate Collection Set: 0.2ms
[2025-01-09T02:33:00.202+0000][194850.568s][info][gc,phases   ] GC(7410)   Merge Heap Roots: 0.7ms
[2025-01-09T02:33:00.202+0000][194850.568s][info][gc,phases   ] GC(7410)   Evacuate Collection Set: 64.9ms
[2025-01-09T02:33:00.202+0000][194850.568s][info][gc,phases   ] GC(7410)   Post Evacuate Collection Set: 1.6ms
[2025-01-09T02:33:00.202+0000][194850.568s][info][gc,phases   ] GC(7410)   Other: 0.2ms
[2025-01-09T02:33:00.202+0000][194850.568s][info][gc,heap     ] GC(7410) Eden regions: 66->0(915)
[2025-01-09T02:33:00.202+0000][194850.568s][info][gc,heap     ] GC(7410) Survivor regions: 10->6(10)
[2025-01-09T02:33:00.202+0000][194850.568s][info][gc,heap     ] GC(7410) Old regions: 228->228
[2025-01-09T02:33:00.202+0000][194850.569s][info][gc,heap     ] GC(7410) Archive regions: 2->2
[2025-01-09T02:33:00.202+0000][194850.569s][info][gc,heap     ] GC(7410) Humongous regions: 49->49
[2025-01-09T02:33:00.202+0000][194850.569s][info][gc,metaspace] GC(7410) Metaspace: 524947K(534272K)->524947K(534272K) NonClass: 460973K(465536K)->460973K(465536K) Class: 63974K(68736K)->63974K(68736K)
[2025-01-09T02:33:00.202+0000][194850.569s][info][gc          ] GC(7410) Pause Young (Mixed) (G1 Evacuation Pause) 2817M->2260M(12288M) 67.708ms
[2025-01-09T02:33:00.202+0000][194850.569s][info][gc,cpu      ] GC(7410) User=0.39s Sys=0.01s Real=0.07s
[2025-01-09T02:33:09.661+0000][194860.027s][info][gc,start    ] GC(7411) Pause Young (Normal) (G1 Evacuation Pause)
[2025-01-09T02:33:09.661+0000][194860.027s][info][gc,task     ] GC(7411) Using 6 workers of 6 for evacuation
[2025-01-09T02:33:09.693+0000][194860.059s][info][gc,phases   ] GC(7411)   Pre Evacuate Collection Set: 0.2ms
[2025-01-09T02:33:09.693+0000][194860.059s][info][gc,phases   ] GC(7411)   Merge Heap Roots: 0.4ms
[2025-01-09T02:33:09.693+0000][194860.059s][info][gc,phases   ] GC(7411)   Evacuate Collection Set: 29.2ms
[2025-01-09T02:33:09.693+0000][194860.059s][info][gc,phases   ] GC(7411)   Post Evacuate Collection Set: 2.6ms
[2025-01-09T02:33:09.693+0000][194860.059s][info][gc,phases   ] GC(7411)   Other: 0.2ms
[2025-01-09T02:33:09.693+0000][194860.059s][info][gc,heap     ] GC(7411) Eden regions: 915->0(913)
[2025-01-09T02:33:09.693+0000][194860.059s][info][gc,heap     ] GC(7411) Survivor regions: 6->8(116)
[2025-01-09T02:33:09.693+0000][194860.059s][info][gc,heap     ] GC(7411) Old regions: 228->228
[2025-01-09T02:33:09.693+0000][194860.059s][info][gc,heap     ] GC(7411) Archive regions: 2->2
[2025-01-09T02:33:09.693+0000][194860.059s][info][gc,heap     ] GC(7411) Humongous regions: 49->49
[2025-01-09T02:33:09.693+0000][194860.059s][info][gc,metaspace] GC(7411) Metaspace: 524947K(534272K)->524947K(534272K) NonClass: 460973K(465536K)->460973K(465536K) Class: 63974K(68736K)->63974K(68736K)
[2025-01-09T02:33:09.693+0000][194860.059s][info][gc          ] GC(7411) Pause Young (Normal) (G1 Evacuation Pause) 9580M->2280M(12288M) 32.753ms
[2025-01-09T02:33:09.693+0000][194860.059s][info][gc,cpu      ] GC(7411) User=0.19s Sys=0.00s Real=0.04s
[2025-01-09T02:33:14.373+0000][194864.739s][info][gc,start    ] GC(7412) Pause Young (Normal) (G1 Evacuation Pause)
[2025-01-09T02:33:14.373+0000][194864.739s][info][gc,task     ] GC(7412) Using 6 workers of 6 for evacuation
[2025-01-09T02:33:14.403+0000][194864.770s][info][gc,phases   ] GC(7412)   Pre Evacuate Collection Set: 0.2ms
[2025-01-09T02:33:14.403+0000][194864.770s][info][gc,phases   ] GC(7412)   Merge Heap Roots: 0.4ms
[2025-01-09T02:33:14.403+0000][194864.770s][info][gc,phases   ] GC(7412)   Evacuate Collection Set: 25.9ms
[2025-01-09T02:33:14.403+0000][194864.770s][info][gc,phases   ] GC(7412)   Post Evacuate Collection Set: 3.8ms
[2025-01-09T02:33:14.403+0000][194864.770s][info][gc,phases   ] GC(7412)   Other: 0.2ms
[2025-01-09T02:33:14.404+0000][194864.770s][info][gc,heap     ] GC(7412) Eden regions: 913->0(912)
[2025-01-09T02:33:14.404+0000][194864.770s][info][gc,heap     ] GC(7412) Survivor regions: 8->9(116)
[2025-01-09T02:33:14.404+0000][194864.770s][info][gc,heap     ] GC(7412) Old regions: 228->228
[2025-01-09T02:33:14.404+0000][194864.770s][info][gc,heap     ] GC(7412) Archive regions: 2->2
[2025-01-09T02:33:14.404+0000][194864.770s][info][gc,heap     ] GC(7412) Humongous regions: 49->49
[2025-01-09T02:33:14.404+0000][194864.770s][info][gc,metaspace] GC(7412) Metaspace: 524947K(534272K)->524947K(534272K) NonClass: 460973K(465536K)->460973K(465536K) Class: 63974K(68736K)->63974K(68736K)
[2025-01-09T02:33:14.404+0000][194864.770s][info][gc          ] GC(7412) Pause Young (Normal) (G1 Evacuation Pause) 9584M->2286M(12288M) 30.667ms
[2025-01-09T02:33:14.404+0000][194864.770s][info][gc,cpu      ] GC(7412) User=0.18s Sys=0.00s Real=0.03s
[2025-01-09T02:33:22.540+0000][194872.906s][info][gc,start    ] GC(7413) Pause Young (Concurrent Start) (G1 Evacuation Pause)
[2025-01-09T02:33:22.540+0000][194872.906s][info][gc,task     ] GC(7413) Using 6 workers of 6 for evacuation
[2025-01-09T02:33:22.575+0000][194872.941s][info][gc,phases   ] GC(7413)   Pre Evacuate Collection Set: 1.1ms
[2025-01-09T02:33:22.575+0000][194872.941s][info][gc,phases   ] GC(7413)   Merge Heap Roots: 0.5ms
[2025-01-09T02:33:22.575+0000][194872.941s][info][gc,phases   ] GC(7413)   Evacuate Collection Set: 29.9ms
[2025-01-09T02:33:22.575+0000][194872.941s][info][gc,phases   ] GC(7413)   Post Evacuate Collection Set: 3.9ms
[2025-01-09T02:33:22.575+0000][194872.941s][info][gc,phases   ] GC(7413)   Other: 0.3ms
[2025-01-09T02:33:22.575+0000][194872.941s][info][gc,heap     ] GC(7413) Eden regions: 912->0(910)
[2025-01-09T02:33:22.575+0000][194872.941s][info][gc,heap     ] GC(7413) Survivor regions: 9->11(116)
[2025-01-09T02:33:22.575+0000][194872.941s][info][gc,heap     ] GC(7413) Old regions: 228->228
[2025-01-09T02:33:22.575+0000][194872.941s][info][gc,heap     ] GC(7413) Archive regions: 2->2
[2025-01-09T02:33:22.575+0000][194872.941s][info][gc,heap     ] GC(7413) Humongous regions: 49->49
[2025-01-09T02:33:22.575+0000][194872.941s][info][gc,metaspace] GC(7413) Metaspace: 524947K(534272K)->524947K(534272K) NonClass: 460973K(465536K)->460973K(465536K) Class: 63974K(68736K)->63974K(68736K)
[2025-01-09T02:33:22.575+0000][194872.942s][info][gc          ] GC(7413) Pause Young (Concurrent Start) (G1 Evacuation Pause) 9582M->2298M(12288M) 35.731ms
[2025-01-09T02:33:22.575+0000][194872.942s][info][gc,cpu      ] GC(7413) User=0.20s Sys=0.01s Real=0.04s
[2025-01-09T02:33:22.575+0000][194872.942s][info][gc          ] GC(7414) Concurrent Mark Cycle
[2025-01-09T02:33:22.576+0000][194872.942s][info][gc,marking  ] GC(7414) Concurrent Clear Claimed Marks
[2025-01-09T02:33:22.576+0000][194872.943s][info][gc,marking  ] GC(7414) Concurrent Clear Claimed Marks 0.951ms
[2025-01-09T02:33:22.576+0000][194872.943s][info][gc,marking  ] GC(7414) Concurrent Scan Root Regions
[2025-01-09T02:33:22.604+0000][194872.970s][info][gc,marking  ] GC(7414) Concurrent Scan Root Regions 27.035ms
[2025-01-09T02:33:22.604+0000][194872.970s][info][gc,marking  ] GC(7414) Concurrent Mark
[2025-01-09T02:33:22.604+0000][194872.970s][info][gc,marking  ] GC(7414) Concurrent Mark From Roots
[2025-01-09T02:33:22.604+0000][194872.970s][info][gc,task     ] GC(7414) Using 2 workers of 2 for marking
[2025-01-09T02:33:23.399+0000][194873.765s][info][gc,marking  ] GC(7414) Concurrent Mark From Roots 795.529ms
[2025-01-09T02:33:23.399+0000][194873.765s][info][gc,marking  ] GC(7414) Concurrent Preclean
[2025-01-09T02:33:23.403+0000][194873.769s][info][gc,marking  ] GC(7414) Concurrent Preclean 3.522ms
[2025-01-09T02:33:23.403+0000][194873.769s][info][gc,start    ] GC(7414) Pause Remark
[2025-01-09T02:33:23.429+0000][194873.795s][info][gc          ] GC(7414) Pause Remark 3010M->3010M(12288M) 26.401ms
[2025-01-09T02:33:23.429+0000][194873.795s][info][gc,cpu      ] GC(7414) User=0.15s Sys=0.00s Real=0.02s
[2025-01-09T02:33:23.429+0000][194873.795s][info][gc,marking  ] GC(7414) Concurrent Mark 825.812ms
[2025-01-09T02:33:23.429+0000][194873.796s][info][gc,marking  ] GC(7414) Concurrent Rebuild Remembered Sets
[2025-01-09T02:33:23.943+0000][194874.309s][info][gc,marking  ] GC(7414) Concurrent Rebuild Remembered Sets 513.818ms
[2025-01-09T02:33:23.943+0000][194874.309s][info][gc,start    ] GC(7414) Pause Cleanup
[2025-01-09T02:33:23.944+0000][194874.310s][info][gc          ] GC(7414) Pause Cleanup 3426M->3426M(12288M) 0.420ms
[2025-01-09T02:33:23.944+0000][194874.310s][info][gc,cpu      ] GC(7414) User=0.00s Sys=0.00s Real=0.00s
[2025-01-09T02:33:23.944+0000][194874.310s][info][gc,marking  ] GC(7414) Concurrent Cleanup for Next Mark
[2025-01-09T02:33:23.960+0000][194874.326s][info][gc,marking  ] GC(7414) Concurrent Cleanup for Next Mark 15.679ms
[2025-01-09T02:33:23.960+0000][194874.326s][info][gc          ] GC(7414) Concurrent Mark Cycle 1384.115ms
[2025-01-09T02:33:31.531+0000][194881.897s][info][gc,start    ] GC(7415) Pause Young (Prepare Mixed) (G1 Evacuation Pause)
[2025-01-09T02:33:31.531+0000][194881.897s][info][gc,task     ] GC(7415) Using 6 workers of 6 for evacuation
[2025-01-09T02:33:31.570+0000][194881.936s][info][gc,phases   ] GC(7415)   Pre Evacuate Collection Set: 0.2ms
[2025-01-09T02:33:31.570+0000][194881.936s][info][gc,phases   ] GC(7415)   Merge Heap Roots: 0.6ms
[2025-01-09T02:33:31.570+0000][194881.936s][info][gc,phases   ] GC(7415)   Evacuate Collection Set: 34.2ms
[2025-01-09T02:33:31.570+0000][194881.936s][info][gc,phases   ] GC(7415)   Post Evacuate Collection Set: 4.0ms
[2025-01-09T02:33:31.570+0000][194881.936s][info][gc,phases   ] GC(7415)   Other: 0.2ms
[2025-01-09T02:33:31.570+0000][194881.936s][info][gc,heap     ] GC(7415) Eden regions: 910->0(64)
[2025-01-09T02:33:31.570+0000][194881.936s][info][gc,heap     ] GC(7415) Survivor regions: 11->12(116)
[2025-01-09T02:33:31.570+0000][194881.936s][info][gc,heap     ] GC(7415) Old regions: 228->228
[2025-01-09T02:33:31.570+0000][194881.936s][info][gc,heap     ] GC(7415) Archive regions: 2->2
[2025-01-09T02:33:31.570+0000][194881.936s][info][gc,heap     ] GC(7415) Humongous regions: 49->49
[2025-01-09T02:33:31.570+0000][194881.936s][info][gc,metaspace] GC(7415) Metaspace: 524947K(534272K)->524947K(534272K) NonClass: 460973K(465536K)->460973K(465536K) Class: 63974K(68736K)->63974K(68736K)
[2025-01-09T02:33:31.570+0000][194881.936s][info][gc          ] GC(7415) Pause Young (Prepare Mixed) (G1 Evacuation Pause) 9578M->2312M(12288M) 39.317ms
[2025-01-09T02:33:31.570+0000][194881.936s][info][gc,cpu      ] GC(7415) User=0.23s Sys=0.00s Real=0.04s
[2025-01-09T02:33:32.039+0000][194882.405s][info][gc,start    ] GC(7416) Pause Young (Mixed) (G1 Evacuation Pause)
[2025-01-09T02:33:32.039+0000][194882.405s][info][gc,task     ] GC(7416) Using 6 workers of 6 for evacuation
[2025-01-09T02:33:32.106+0000][194882.473s][info][gc,phases   ] GC(7416)   Pre Evacuate Collection Set: 0.2ms
[2025-01-09T02:33:32.106+0000][194882.473s][info][gc,phases   ] GC(7416)   Merge Heap Roots: 0.6ms
[2025-01-09T02:33:32.106+0000][194882.473s][info][gc,phases   ] GC(7416)   Evacuate Collection Set: 65.3ms
[2025-01-09T02:33:32.106+0000][194882.473s][info][gc,phases   ] GC(7416)   Post Evacuate Collection Set: 1.7ms
[2025-01-09T02:33:32.107+0000][194882.473s][info][gc,phases   ] GC(7416)   Other: 0.2ms
[2025-01-09T02:33:32.107+0000][194882.473s][info][gc,heap     ] GC(7416) Eden regions: 64->0(916)
[2025-01-09T02:33:32.107+0000][194882.473s][info][gc,heap     ] GC(7416) Survivor regions: 12->5(10)
[2025-01-09T02:33:32.107+0000][194882.473s][info][gc,heap     ] GC(7416) Old regions: 228->230
[2025-01-09T02:33:32.107+0000][194882.473s][info][gc,heap     ] GC(7416) Archive regions: 2->2
[2025-01-09T02:33:32.107+0000][194882.473s][info][gc,heap     ] GC(7416) Humongous regions: 49->49
[2025-01-09T02:33:32.107+0000][194882.473s][info][gc,metaspace] GC(7416) Metaspace: 524947K(534272K)->524947K(534272K) NonClass: 460973K(465536K)->460973K(465536K) Class: 63974K(68736K)->63974K(68736K)
[2025-01-09T02:33:32.107+0000][194882.473s][info][gc          ] GC(7416) Pause Young (Mixed) (G1 Evacuation Pause) 2824M->2271M(12288M) 68.051ms
[2025-01-09T02:33:32.107+0000][194882.473s][info][gc,cpu      ] GC(7416) User=0.40s Sys=0.00s Real=0.07s
[2025-01-09T02:33:40.558+0000][194890.925s][info][gc,start    ] GC(7417) Pause Young (Normal) (G1 Evacuation Pause)
[2025-01-09T02:33:40.558+0000][194890.925s][info][gc,task     ] GC(7417) Using 6 workers of 6 for evacuation
[2025-01-09T02:33:40.584+0000][194890.950s][info][gc,phases   ] GC(7417)   Pre Evacuate Collection Set: 0.2ms
[2025-01-09T02:33:40.584+0000][194890.950s][info][gc,phases   ] GC(7417)   Merge Heap Roots: 0.4ms
[2025-01-09T02:33:40.584+0000][194890.950s][info][gc,phases   ] GC(7417)   Evacuate Collection Set: 22.1ms
[2025-01-09T02:33:40.584+0000][194890.950s][info][gc,phases   ] GC(7417)   Post Evacuate Collection Set: 2.6ms
[2025-01-09T02:33:40.584+0000][194890.950s][info][gc,phases   ] GC(7417)   Other: 0.2ms
[2025-01-09T02:33:40.584+0000][194890.950s][info][gc,heap     ] GC(7417) Eden regions: 916->0(914)
[2025-01-09T02:33:40.584+0000][194890.950s][info][gc,heap     ] GC(7417) Survivor regions: 5->7(116)
[2025-01-09T02:33:40.584+0000][194890.950s][info][gc,heap     ] GC(7417) Old regions: 230->230
[2025-01-09T02:33:40.584+0000][194890.950s][info][gc,heap     ] GC(7417) Archive regions: 2->2
[2025-01-09T02:33:40.584+0000][194890.950s][info][gc,heap     ] GC(7417) Humongous regions: 49->49
[2025-01-09T02:33:40.584+0000][194890.950s][info][gc,metaspace] GC(7417) Metaspace: 524947K(534272K)->524947K(534272K) NonClass: 460973K(465536K)->460973K(465536K) Class: 63974K(68736K)->63974K(68736K)
[2025-01-09T02:33:40.584+0000][194890.950s][info][gc          ] GC(7417) Pause Young (Normal) (G1 Evacuation Pause) 9599M->2283M(12288M) 25.536ms
[2025-01-09T02:33:40.584+0000][194890.950s][info][gc,cpu      ] GC(7417) User=0.15s Sys=0.00s Real=0.03s
[2025-01-09T02:33:46.523+0000][194896.889s][info][gc,start    ] GC(7418) Pause Young (Normal) (G1 Evacuation Pause)
[2025-01-09T02:33:46.523+0000][194896.889s][info][gc,task     ] GC(7418) Using 6 workers of 6 for evacuation
[2025-01-09T02:33:46.553+0000][194896.919s][info][gc,phases   ] GC(7418)   Pre Evacuate Collection Set: 0.2ms
[2025-01-09T02:33:46.553+0000][194896.919s][info][gc,phases   ] GC(7418)   Merge Heap Roots: 0.4ms
[2025-01-09T02:33:46.553+0000][194896.919s][info][gc,phases   ] GC(7418)   Evacuate Collection Set: 27.1ms
[2025-01-09T02:33:46.553+0000][194896.919s][info][gc,phases   ] GC(7418)   Post Evacuate Collection Set: 2.7ms
[2025-01-09T02:33:46.553+0000][194896.919s][info][gc,phases   ] GC(7418)   Other: 0.2ms
[2025-01-09T02:33:46.553+0000][194896.919s][info][gc,heap     ] GC(7418) Eden regions: 914->0(913)
[2025-01-09T02:33:46.553+0000][194896.919s][info][gc,heap     ] GC(7418) Survivor regions: 7->8(116)
[2025-01-09T02:33:46.553+0000][194896.919s][info][gc,heap     ] GC(7418) Old regions: 230->230
[2025-01-09T02:33:46.553+0000][194896.919s][info][gc,heap     ] GC(7418) Archive regions: 2->2
[2025-01-09T02:33:46.553+0000][194896.919s][info][gc,heap     ] GC(7418) Humongous regions: 49->49
[2025-01-09T02:33:46.553+0000][194896.919s][info][gc,metaspace] GC(7418) Metaspace: 524947K(534272K)->524947K(534272K) NonClass: 460973K(465536K)->460973K(465536K) Class: 63974K(68736K)->63974K(68736K)
[2025-01-09T02:33:46.553+0000][194896.920s][info][gc          ] GC(7418) Pause Young (Normal) (G1 Evacuation Pause) 9595M->2293M(12288M) 30.739ms
[2025-01-09T02:33:46.553+0000][194896.920s][info][gc,cpu      ] GC(7418) User=0.17s Sys=0.00s Real=0.03s
[2025-01-09T02:33:54.677+0000][194905.044s][info][gc,start    ] GC(7419) Pause Young (Concurrent Start) (G1 Evacuation Pause)
[2025-01-09T02:33:54.678+0000][194905.044s][info][gc,task     ] GC(7419) Using 6 workers of 6 for evacuation
[2025-01-09T02:33:54.710+0000][194905.076s][info][gc,phases   ] GC(7419)   Pre Evacuate Collection Set: 1.2ms
[2025-01-09T02:33:54.710+0000][194905.076s][info][gc,phases   ] GC(7419)   Merge Heap Roots: 0.5ms
[2025-01-09T02:33:54.710+0000][194905.076s][info][gc,phases   ] GC(7419)   Evacuate Collection Set: 27.9ms
[2025-01-09T02:33:54.710+0000][194905.076s][info][gc,phases   ] GC(7419)   Post Evacuate Collection Set: 2.6ms
[2025-01-09T02:33:54.710+0000][194905.076s][info][gc,phases   ] GC(7419)   Other: 0.3ms
[2025-01-09T02:33:54.710+0000][194905.076s][info][gc,heap     ] GC(7419) Eden regions: 913->0(912)
[2025-01-09T02:33:54.710+0000][194905.076s][info][gc,heap     ] GC(7419) Survivor regions: 8->9(116)
[2025-01-09T02:33:54.710+0000][194905.076s][info][gc,heap     ] GC(7419) Old regions: 230->230
[2025-01-09T02:33:54.710+0000][194905.076s][info][gc,heap     ] GC(7419) Archive regions: 2->2
[2025-01-09T02:33:54.710+0000][194905.076s][info][gc,heap     ] GC(7419) Humongous regions: 49->49
[2025-01-09T02:33:54.710+0000][194905.076s][info][gc,metaspace] GC(7419) Metaspace: 524947K(534272K)->524947K(534272K) NonClass: 460973K(465536K)->460973K(465536K) Class: 63974K(68736K)->63974K(68736K)
[2025-01-09T02:33:54.710+0000][194905.076s][info][gc          ] GC(7419) Pause Young (Concurrent Start) (G1 Evacuation Pause) 9597M->2299M(12288M) 32.484ms
[2025-01-09T02:33:54.710+0000][194905.076s][info][gc,cpu      ] GC(7419) User=0.18s Sys=0.00s Real=0.04s
[2025-01-09T02:33:54.710+0000][194905.076s][info][gc          ] GC(7420) Concurrent Mark Cycle
[2025-01-09T02:33:54.710+0000][194905.076s][info][gc,marking  ] GC(7420) Concurrent Clear Claimed Marks
[2025-01-09T02:33:54.711+0000][194905.077s][info][gc,marking  ] GC(7420) Concurrent Clear Claimed Marks 0.922ms
[2025-01-09T02:33:54.711+0000][194905.077s][info][gc,marking  ] GC(7420) Concurrent Scan Root Regions
[2025-01-09T02:33:54.738+0000][194905.104s][info][gc,marking  ] GC(7420) Concurrent Scan Root Regions 26.491ms
[2025-01-09T02:33:54.738+0000][194905.104s][info][gc,marking  ] GC(7420) Concurrent Mark
[2025-01-09T02:33:54.738+0000][194905.104s][info][gc,marking  ] GC(7420) Concurrent Mark From Roots
[2025-01-09T02:33:54.738+0000][194905.104s][info][gc,task     ] GC(7420) Using 2 workers of 2 for marking
[2025-01-09T02:33:55.662+0000][194906.028s][info][gc,marking  ] GC(7420) Concurrent Mark From Roots 924.410ms
[2025-01-09T02:33:55.662+0000][194906.028s][info][gc,marking  ] GC(7420) Concurrent Preclean
[2025-01-09T02:33:55.666+0000][194906.032s][info][gc,marking  ] GC(7420) Concurrent Preclean 3.880ms
[2025-01-09T02:33:55.666+0000][194906.032s][info][gc,start    ] GC(7420) Pause Remark
[2025-01-09T02:33:55.693+0000][194906.059s][info][gc          ] GC(7420) Pause Remark 3291M->3291M(12288M) 27.159ms
[2025-01-09T02:33:55.693+0000][194906.059s][info][gc,cpu      ] GC(7420) User=0.15s Sys=0.01s Real=0.03s
[2025-01-09T02:33:55.693+0000][194906.059s][info][gc,marking  ] GC(7420) Concurrent Mark 955.821ms
[2025-01-09T02:33:55.693+0000][194906.059s][info][gc,marking  ] GC(7420) Concurrent Rebuild Remembered Sets
[2025-01-09T02:33:56.291+0000][194906.657s][info][gc,marking  ] GC(7420) Concurrent Rebuild Remembered Sets 597.157ms
[2025-01-09T02:33:56.291+0000][194906.657s][info][gc,start    ] GC(7420) Pause Cleanup
[2025-01-09T02:33:56.291+0000][194906.657s][info][gc          ] GC(7420) Pause Cleanup 3935M->3935M(12288M) 0.392ms
[2025-01-09T02:33:56.291+0000][194906.657s][info][gc,cpu      ] GC(7420) User=0.00s Sys=0.00s Real=0.00s
[2025-01-09T02:33:56.291+0000][194906.657s][info][gc,marking  ] GC(7420) Concurrent Cleanup for Next Mark
[2025-01-09T02:33:56.307+0000][194906.673s][info][gc,marking  ] GC(7420) Concurrent Cleanup for Next Mark 16.105ms
[2025-01-09T02:33:56.307+0000][194906.673s][info][gc          ] GC(7420) Concurrent Mark Cycle 1597.299ms
[2025-01-09T02:34:02.636+0000][194913.002s][info][gc,start    ] GC(7421) Pause Young (Prepare Mixed) (G1 Evacuation Pause)
[2025-01-09T02:34:02.636+0000][194913.002s][info][gc,task     ] GC(7421) Using 6 workers of 6 for evacuation
[2025-01-09T02:34:02.670+0000][194913.036s][info][gc,phases   ] GC(7421)   Pre Evacuate Collection Set: 0.2ms
[2025-01-09T02:34:02.670+0000][194913.037s][info][gc,phases   ] GC(7421)   Merge Heap Roots: 0.7ms
[2025-01-09T02:34:02.670+0000][194913.037s][info][gc,phases   ] GC(7421)   Evacuate Collection Set: 30.5ms
[2025-01-09T02:34:02.670+0000][194913.037s][info][gc,phases   ] GC(7421)   Post Evacuate Collection Set: 2.6ms
[2025-01-09T02:34:02.670+0000][194913.037s][info][gc,phases   ] GC(7421)   Other: 0.2ms
[2025-01-09T02:34:02.670+0000][194913.037s][info][gc,heap     ] GC(7421) Eden regions: 912->0(66)
[2025-01-09T02:34:02.670+0000][194913.037s][info][gc,heap     ] GC(7421) Survivor regions: 9->10(116)
[2025-01-09T02:34:02.670+0000][194913.037s][info][gc,heap     ] GC(7421) Old regions: 230->230
[2025-01-09T02:34:02.670+0000][194913.037s][info][gc,heap     ] GC(7421) Archive regions: 2->2
[2025-01-09T02:34:02.670+0000][194913.037s][info][gc,heap     ] GC(7421) Humongous regions: 49->49
[2025-01-09T02:34:02.670+0000][194913.037s][info][gc,metaspace] GC(7421) Metaspace: 524947K(534272K)->524947K(534272K) NonClass: 460973K(465536K)->460973K(465536K) Class: 63974K(68736K)->63974K(68736K)
[2025-01-09T02:34:02.671+0000][194913.037s][info][gc          ] GC(7421) Pause Young (Prepare Mixed) (G1 Evacuation Pause) 9595M->2308M(12288M) 34.238ms
[2025-01-09T02:34:02.671+0000][194913.037s][info][gc,cpu      ] GC(7421) User=0.20s Sys=0.00s Real=0.04s
[2025-01-09T02:34:03.232+0000][194913.598s][info][gc,start    ] GC(7422) Pause Young (Mixed) (G1 Evacuation Pause)
[2025-01-09T02:34:03.232+0000][194913.598s][info][gc,task     ] GC(7422) Using 6 workers of 6 for evacuation
[2025-01-09T02:34:03.299+0000][194913.665s][info][gc,phases   ] GC(7422)   Pre Evacuate Collection Set: 0.2ms
[2025-01-09T02:34:03.299+0000][194913.665s][info][gc,phases   ] GC(7422)   Merge Heap Roots: 0.6ms
[2025-01-09T02:34:03.299+0000][194913.665s][info][gc,phases   ] GC(7422)   Evacuate Collection Set: 63.9ms
[2025-01-09T02:34:03.299+0000][194913.665s][info][gc,phases   ] GC(7422)   Post Evacuate Collection Set: 2.0ms
[2025-01-09T02:34:03.299+0000][194913.665s][info][gc,phases   ] GC(7422)   Other: 0.2ms
[2025-01-09T02:34:03.299+0000][194913.665s][info][gc,heap     ] GC(7422) Eden regions: 66->0(915)
[2025-01-09T02:34:03.299+0000][194913.665s][info][gc,heap     ] GC(7422) Survivor regions: 10->6(10)
[2025-01-09T02:34:03.299+0000][194913.665s][info][gc,heap     ] GC(7422) Old regions: 230->231
[2025-01-09T02:34:03.299+0000][194913.665s][info][gc,heap     ] GC(7422) Archive regions: 2->2
[2025-01-09T02:34:03.299+0000][194913.665s][info][gc,heap     ] GC(7422) Humongous regions: 49->49
[2025-01-09T02:34:03.299+0000][194913.665s][info][gc,metaspace] GC(7422) Metaspace: 524947K(534272K)->524947K(534272K) NonClass: 460973K(465536K)->460973K(465536K) Class: 63974K(68736K)->63974K(68736K)
[2025-01-09T02:34:03.299+0000][194913.665s][info][gc          ] GC(7422) Pause Young (Mixed) (G1 Evacuation Pause) 2836M->2286M(12288M) 66.973ms
[2025-01-09T02:34:03.299+0000][194913.665s][info][gc,cpu      ] GC(7422) User=0.38s Sys=0.00s Real=0.06s
[2025-01-09T02:34:09.179+0000][194919.545s][info][gc,start    ] GC(7423) Pause Young (Normal) (G1 Evacuation Pause)
[2025-01-09T02:34:09.179+0000][194919.545s][info][gc,task     ] GC(7423) Using 6 workers of 6 for evacuation
[2025-01-09T02:34:09.205+0000][194919.571s][info][gc,phases   ] GC(7423)   Pre Evacuate Collection Set: 0.2ms
[2025-01-09T02:34:09.205+0000][194919.571s][info][gc,phases   ] GC(7423)   Merge Heap Roots: 0.5ms
[2025-01-09T02:34:09.205+0000][194919.571s][info][gc,phases   ] GC(7423)   Evacuate Collection Set: 21.6ms
[2025-01-09T02:34:09.205+0000][194919.571s][info][gc,phases   ] GC(7423)   Post Evacuate Collection Set: 3.8ms
[2025-01-09T02:34:09.205+0000][194919.571s][info][gc,phases   ] GC(7423)   Other: 0.2ms
[2025-01-09T02:34:09.205+0000][194919.571s][info][gc,heap     ] GC(7423) Eden regions: 915->0(914)
[2025-01-09T02:34:09.205+0000][194919.571s][info][gc,heap     ] GC(7423) Survivor regions: 6->7(116)
[2025-01-09T02:34:09.205+0000][194919.571s][info][gc,heap     ] GC(7423) Old regions: 231->231
[2025-01-09T02:34:09.205+0000][194919.571s][info][gc,heap     ] GC(7423) Archive regions: 2->2
[2025-01-09T02:34:09.205+0000][194919.571s][info][gc,heap     ] GC(7423) Humongous regions: 49->49
[2025-01-09T02:34:09.205+0000][194919.571s][info][gc,metaspace] GC(7423) Metaspace: 524947K(534272K)->524947K(534272K) NonClass: 460973K(465536K)->460973K(465536K) Class: 63974K(68736K)->63974K(68736K)
[2025-01-09T02:34:09.205+0000][194919.571s][info][gc          ] GC(7423) Pause Young (Normal) (G1 Evacuation Pause) 9606M->2298M(12288M) 26.337ms
[2025-01-09T02:34:09.205+0000][194919.571s][info][gc,cpu      ] GC(7423) User=0.15s Sys=0.00s Real=0.03s
[2025-01-09T02:34:14.116+0000][194924.482s][info][gc,start    ] GC(7424) Pause Young (Normal) (G1 Evacuation Pause)
[2025-01-09T02:34:14.116+0000][194924.482s][info][gc,task     ] GC(7424) Using 6 workers of 6 for evacuation
[2025-01-09T02:34:14.144+0000][194924.510s][info][gc,phases   ] GC(7424)   Pre Evacuate Collection Set: 0.2ms
[2025-01-09T02:34:14.144+0000][194924.510s][info][gc,phases   ] GC(7424)   Merge Heap Roots: 0.4ms
[2025-01-09T02:34:14.144+0000][194924.510s][info][gc,phases   ] GC(7424)   Evacuate Collection Set: 23.9ms
[2025-01-09T02:34:14.144+0000][194924.510s][info][gc,phases   ] GC(7424)   Post Evacuate Collection Set: 3.8ms
[2025-01-09T02:34:14.144+0000][194924.510s][info][gc,phases   ] GC(7424)   Other: 0.2ms
[2025-01-09T02:34:14.144+0000][194924.510s][info][gc,heap     ] GC(7424) Eden regions: 914->0(913)
[2025-01-09T02:34:14.144+0000][194924.510s][info][gc,heap     ] GC(7424) Survivor regions: 7->8(116)
[2025-01-09T02:34:14.144+0000][194924.510s][info][gc,heap     ] GC(7424) Old regions: 231->231
[2025-01-09T02:34:14.144+0000][194924.510s][info][gc,heap     ] GC(7424) Archive regions: 2->2
[2025-01-09T02:34:14.144+0000][194924.510s][info][gc,heap     ] GC(7424) Humongous regions: 49->49
[2025-01-09T02:34:14.144+0000][194924.510s][info][gc,metaspace] GC(7424) Metaspace: 524947K(534272K)->524947K(534272K) NonClass: 460973K(465536K)->460973K(465536K) Class: 63974K(68736K)->63974K(68736K)
[2025-01-09T02:34:14.144+0000][194924.510s][info][gc          ] GC(7424) Pause Young (Normal) (G1 Evacuation Pause) 9610M->2306M(12288M) 28.562ms
[2025-01-09T02:34:14.144+0000][194924.511s][info][gc,cpu      ] GC(7424) User=0.16s Sys=0.00s Real=0.03s
[2025-01-09T02:34:18.346+0000][194928.712s][info][gc,start    ] GC(7425) Pause Young (Concurrent Start) (G1 Evacuation Pause)
[2025-01-09T02:34:18.346+0000][194928.712s][info][gc,task     ] GC(7425) Using 6 workers of 6 for evacuation
[2025-01-09T02:34:18.376+0000][194928.742s][info][gc,phases   ] GC(7425)   Pre Evacuate Collection Set: 1.1ms
[2025-01-09T02:34:18.376+0000][194928.742s][info][gc,phases   ] GC(7425)   Merge Heap Roots: 0.4ms
[2025-01-09T02:34:18.376+0000][194928.742s][info][gc,phases   ] GC(7425)   Evacuate Collection Set: 26.3ms
[2025-01-09T02:34:18.376+0000][194928.742s][info][gc,phases   ] GC(7425)   Post Evacuate Collection Set: 2.4ms
[2025-01-09T02:34:18.376+0000][194928.742s][info][gc,phases   ] GC(7425)   Other: 0.3ms
[2025-01-09T02:34:18.376+0000][194928.742s][info][gc,heap     ] GC(7425) Eden regions: 913->0(913)
[2025-01-09T02:34:18.376+0000][194928.742s][info][gc,heap     ] GC(7425) Survivor regions: 8->8(116)
[2025-01-09T02:34:18.376+0000][194928.742s][info][gc,heap     ] GC(7425) Old regions: 231->231
[2025-01-09T02:34:18.376+0000][194928.742s][info][gc,heap     ] GC(7425) Archive regions: 2->2
[2025-01-09T02:34:18.376+0000][194928.742s][info][gc,heap     ] GC(7425) Humongous regions: 49->49
[2025-01-09T02:34:18.376+0000][194928.742s][info][gc,metaspace] GC(7425) Metaspace: 524947K(534272K)->524947K(534272K) NonClass: 460973K(465536K)->460973K(465536K) Class: 63974K(68736K)->63974K(68736K)
[2025-01-09T02:34:18.376+0000][194928.742s][info][gc          ] GC(7425) Pause Young (Concurrent Start) (G1 Evacuation Pause) 9610M->2306M(12288M) 30.596ms
[2025-01-09T02:34:18.376+0000][194928.742s][info][gc,cpu      ] GC(7425) User=0.17s Sys=0.00s Real=0.03s
[2025-01-09T02:34:18.376+0000][194928.743s][info][gc          ] GC(7426) Concurrent Mark Cycle
[2025-01-09T02:34:18.376+0000][194928.743s][info][gc,marking  ] GC(7426) Concurrent Clear Claimed Marks
[2025-01-09T02:34:18.377+0000][194928.743s][info][gc,marking  ] GC(7426) Concurrent Clear Claimed Marks 0.936ms
[2025-01-09T02:34:18.377+0000][194928.744s][info][gc,marking  ] GC(7426) Concurrent Scan Root Regions
[2025-01-09T02:34:18.407+0000][194928.773s][info][gc,marking  ] GC(7426) Concurrent Scan Root Regions 29.921ms
[2025-01-09T02:34:18.407+0000][194928.773s][info][gc,marking  ] GC(7426) Concurrent Mark
[2025-01-09T02:34:18.407+0000][194928.773s][info][gc,marking  ] GC(7426) Concurrent Mark From Roots
[2025-01-09T02:34:18.407+0000][194928.773s][info][gc,task     ] GC(7426) Using 2 workers of 2 for marking
[2025-01-09T02:34:19.496+0000][194929.862s][info][gc,marking  ] GC(7426) Concurrent Mark From Roots 1088.628ms
[2025-01-09T02:34:19.496+0000][194929.862s][info][gc,marking  ] GC(7426) Concurrent Preclean
[2025-01-09T02:34:19.500+0000][194929.866s][info][gc,marking  ] GC(7426) Concurrent Preclean 3.666ms
[2025-01-09T02:34:19.500+0000][194929.866s][info][gc,start    ] GC(7426) Pause Remark
[2025-01-09T02:34:19.528+0000][194929.894s][info][gc          ] GC(7426) Pause Remark 3982M->3982M(12288M) 27.935ms
[2025-01-09T02:34:19.528+0000][194929.894s][info][gc,cpu      ] GC(7426) User=0.16s Sys=0.00s Real=0.03s
[2025-01-09T02:34:19.528+0000][194929.894s][info][gc,marking  ] GC(7426) Concurrent Mark 1120.636ms
[2025-01-09T02:34:19.528+0000][194929.894s][info][gc,marking  ] GC(7426) Concurrent Rebuild Remembered Sets
[2025-01-09T02:34:20.247+0000][194930.613s][info][gc,marking  ] GC(7426) Concurrent Rebuild Remembered Sets 718.628ms
[2025-01-09T02:34:20.247+0000][194930.613s][info][gc,start    ] GC(7426) Pause Cleanup
[2025-01-09T02:34:20.247+0000][194930.613s][info][gc          ] GC(7426) Pause Cleanup 5054M->5054M(12288M) 0.422ms
[2025-01-09T02:34:20.247+0000][194930.613s][info][gc,cpu      ] GC(7426) User=0.00s Sys=0.00s Real=0.00s
[2025-01-09T02:34:20.247+0000][194930.613s][info][gc,marking  ] GC(7426) Concurrent Cleanup for Next Mark
[2025-01-09T02:34:20.264+0000][194930.630s][info][gc,marking  ] GC(7426) Concurrent Cleanup for Next Mark 16.709ms
[2025-01-09T02:34:20.264+0000][194930.630s][info][gc          ] GC(7426) Concurrent Mark Cycle 1887.689ms
[2025-01-09T02:34:23.485+0000][194933.851s][info][gc,start    ] GC(7427) Pause Young (Prepare Mixed) (G1 Evacuation Pause)
[2025-01-09T02:34:23.485+0000][194933.851s][info][gc,task     ] GC(7427) Using 6 workers of 6 for evacuation
[2025-01-09T02:34:23.519+0000][194933.885s][info][gc,phases   ] GC(7427)   Pre Evacuate Collection Set: 0.2ms
[2025-01-09T02:34:23.519+0000][194933.885s][info][gc,phases   ] GC(7427)   Merge Heap Roots: 0.7ms
[2025-01-09T02:34:23.519+0000][194933.885s][info][gc,phases   ] GC(7427)   Evacuate Collection Set: 28.8ms
[2025-01-09T02:34:23.519+0000][194933.885s][info][gc,phases   ] GC(7427)   Post Evacuate Collection Set: 4.0ms
[2025-01-09T02:34:23.519+0000][194933.885s][info][gc,phases   ] GC(7427)   Other: 0.2ms
[2025-01-09T02:34:23.519+0000][194933.885s][info][gc,heap     ] GC(7427) Eden regions: 913->0(66)
[2025-01-09T02:34:23.519+0000][194933.885s][info][gc,heap     ] GC(7427) Survivor regions: 8->10(116)
[2025-01-09T02:34:23.519+0000][194933.885s][info][gc,heap     ] GC(7427) Old regions: 231->231
[2025-01-09T02:34:23.519+0000][194933.885s][info][gc,heap     ] GC(7427) Archive regions: 2->2
[2025-01-09T02:34:23.519+0000][194933.885s][info][gc,heap     ] GC(7427) Humongous regions: 49->49
[2025-01-09T02:34:23.519+0000][194933.885s][info][gc,metaspace] GC(7427) Metaspace: 524947K(534272K)->524947K(534272K) NonClass: 460973K(465536K)->460973K(465536K) Class: 63974K(68736K)->63974K(68736K)
[2025-01-09T02:34:23.519+0000][194933.885s][info][gc          ] GC(7427) Pause Young (Prepare Mixed) (G1 Evacuation Pause) 9610M->2320M(12288M) 33.940ms
[2025-01-09T02:34:23.519+0000][194933.885s][info][gc,cpu      ] GC(7427) User=0.20s Sys=0.00s Real=0.03s
[2025-01-09T02:34:24.043+0000][194934.409s][info][gc,start    ] GC(7428) Pause Young (Mixed) (G1 Evacuation Pause)
[2025-01-09T02:34:24.043+0000][194934.409s][info][gc,task     ] GC(7428) Using 6 workers of 6 for evacuation
[2025-01-09T02:34:24.089+0000][194934.455s][info][gc,phases   ] GC(7428)   Pre Evacuate Collection Set: 0.2ms
[2025-01-09T02:34:24.089+0000][194934.455s][info][gc,phases   ] GC(7428)   Merge Heap Roots: 0.5ms
[2025-01-09T02:34:24.089+0000][194934.455s][info][gc,phases   ] GC(7428)   Evacuate Collection Set: 43.9ms
[2025-01-09T02:34:24.089+0000][194934.455s][info][gc,phases   ] GC(7428)   Post Evacuate Collection Set: 1.7ms
[2025-01-09T02:34:24.089+0000][194934.455s][info][gc,phases   ] GC(7428)   Other: 0.2ms
[2025-01-09T02:34:24.089+0000][194934.455s][info][gc,heap     ] GC(7428) Eden regions: 66->0(916)
[2025-01-09T02:34:24.089+0000][194934.455s][info][gc,heap     ] GC(7428) Survivor regions: 10->5(10)
[2025-01-09T02:34:24.089+0000][194934.455s][info][gc,heap     ] GC(7428) Old regions: 231->229
[2025-01-09T02:34:24.089+0000][194934.455s][info][gc,heap     ] GC(7428) Archive regions: 2->2
[2025-01-09T02:34:24.089+0000][194934.455s][info][gc,heap     ] GC(7428) Humongous regions: 49->49
[2025-01-09T02:34:24.089+0000][194934.455s][info][gc,metaspace] GC(7428) Metaspace: 524947K(534272K)->524947K(534272K) NonClass: 460973K(465536K)->460973K(465536K) Class: 63974K(68736K)->63974K(68736K)
[2025-01-09T02:34:24.089+0000][194934.455s][info][gc          ] GC(7428) Pause Young (Mixed) (G1 Evacuation Pause) 2848M->2267M(12288M) 46.497ms
[2025-01-09T02:34:24.089+0000][194934.455s][info][gc,cpu      ] GC(7428) User=0.27s Sys=0.00s Real=0.04s
[2025-01-09T02:34:33.658+0000][194944.024s][info][gc,start    ] GC(7429) Pause Young (Normal) (G1 Evacuation Pause)
[2025-01-09T02:34:33.658+0000][194944.024s][info][gc,task     ] GC(7429) Using 6 workers of 6 for evacuation
[2025-01-09T02:34:33.690+0000][194944.056s][info][gc,phases   ] GC(7429)   Pre Evacuate Collection Set: 0.2ms
[2025-01-09T02:34:33.690+0000][194944.056s][info][gc,phases   ] GC(7429)   Merge Heap Roots: 0.5ms
[2025-01-09T02:34:33.690+0000][194944.056s][info][gc,phases   ] GC(7429)   Evacuate Collection Set: 28.5ms
[2025-01-09T02:34:33.690+0000][194944.056s][info][gc,phases   ] GC(7429)   Post Evacuate Collection Set: 2.5ms
[2025-01-09T02:34:33.690+0000][194944.056s][info][gc,phases   ] GC(7429)   Other: 0.2ms
[2025-01-09T02:34:33.690+0000][194944.056s][info][gc,heap     ] GC(7429) Eden regions: 916->0(913)
[2025-01-09T02:34:33.690+0000][194944.056s][info][gc,heap     ] GC(7429) Survivor regions: 5->8(116)
[2025-01-09T02:34:33.690+0000][194944.056s][info][gc,heap     ] GC(7429) Old regions: 229->229
[2025-01-09T02:34:33.690+0000][194944.056s][info][gc,heap     ] GC(7429) Archive regions: 2->2
[2025-01-09T02:34:33.690+0000][194944.056s][info][gc,heap     ] GC(7429) Humongous regions: 49->49
[2025-01-09T02:34:33.690+0000][194944.056s][info][gc,metaspace] GC(7429) Metaspace: 524947K(534272K)->524947K(534272K) NonClass: 460973K(465536K)->460973K(465536K) Class: 63974K(68736K)->63974K(68736K)
[2025-01-09T02:34:33.690+0000][194944.056s][info][gc          ] GC(7429) Pause Young (Normal) (G1 Evacuation Pause) 9595M->2288M(12288M) 31.999ms
[2025-01-09T02:34:33.690+0000][194944.056s][info][gc,cpu      ] GC(7429) User=0.18s Sys=0.00s Real=0.04s
[2025-01-09T02:34:43.287+0000][194953.653s][info][gc,start    ] GC(7430) Pause Young (Normal) (G1 Evacuation Pause)
[2025-01-09T02:34:43.287+0000][194953.653s][info][gc,task     ] GC(7430) Using 6 workers of 6 for evacuation
[2025-01-09T02:34:43.325+0000][194953.691s][info][gc,phases   ] GC(7430)   Pre Evacuate Collection Set: 0.2ms
[2025-01-09T02:34:43.325+0000][194953.691s][info][gc,phases   ] GC(7430)   Merge Heap Roots: 0.5ms
[2025-01-09T02:34:43.325+0000][194953.691s][info][gc,phases   ] GC(7430)   Evacuate Collection Set: 34.8ms
[2025-01-09T02:34:43.325+0000][194953.691s][info][gc,phases   ] GC(7430)   Post Evacuate Collection Set: 2.6ms
[2025-01-09T02:34:43.325+0000][194953.691s][info][gc,phases   ] GC(7430)   Other: 0.2ms
[2025-01-09T02:34:43.325+0000][194953.691s][info][gc,heap     ] GC(7430) Eden regions: 913->0(911)
[2025-01-09T02:34:43.325+0000][194953.691s][info][gc,heap     ] GC(7430) Survivor regions: 8->10(116)
[2025-01-09T02:34:43.325+0000][194953.691s][info][gc,heap     ] GC(7430) Old regions: 229->229
[2025-01-09T02:34:43.325+0000][194953.691s][info][gc,heap     ] GC(7430) Archive regions: 2->2
[2025-01-09T02:34:43.325+0000][194953.691s][info][gc,heap     ] GC(7430) Humongous regions: 49->49
[2025-01-09T02:34:43.325+0000][194953.691s][info][gc,metaspace] GC(7430) Metaspace: 524947K(534272K)->524947K(534272K) NonClass: 460973K(465536K)->460973K(465536K) Class: 63974K(68736K)->63974K(68736K)
[2025-01-09T02:34:43.325+0000][194953.691s][info][gc          ] GC(7430) Pause Young (Normal) (G1 Evacuation Pause) 9592M->2303M(12288M) 38.449ms
[2025-01-09T02:34:43.325+0000][194953.691s][info][gc,cpu      ] GC(7430) User=0.22s Sys=0.00s Real=0.04s
[2025-01-09T02:34:51.741+0000][194962.107s][info][gc,start    ] GC(7431) Pause Young (Concurrent Start) (G1 Evacuation Pause)
[2025-01-09T02:34:51.741+0000][194962.107s][info][gc,task     ] GC(7431) Using 6 workers of 6 for evacuation
[2025-01-09T02:34:51.786+0000][194962.152s][info][gc,phases   ] GC(7431)   Pre Evacuate Collection Set: 1.2ms
[2025-01-09T02:34:51.786+0000][194962.152s][info][gc,phases   ] GC(7431)   Merge Heap Roots: 0.6ms
[2025-01-09T02:34:51.786+0000][194962.152s][info][gc,phases   ] GC(7431)   Evacuate Collection Set: 40.4ms
[2025-01-09T02:34:51.786+0000][194962.152s][info][gc,phases   ] GC(7431)   Post Evacuate Collection Set: 2.6ms
[2025-01-09T02:34:51.786+0000][194962.152s][info][gc,phases   ] GC(7431)   Other: 0.3ms
[2025-01-09T02:34:51.786+0000][194962.152s][info][gc,heap     ] GC(7431) Eden regions: 911->0(909)
[2025-01-09T02:34:51.786+0000][194962.152s][info][gc,heap     ] GC(7431) Survivor regions: 10->12(116)
[2025-01-09T02:34:51.786+0000][194962.152s][info][gc,heap     ] GC(7431) Old regions: 229->229
[2025-01-09T02:34:51.786+0000][194962.152s][info][gc,heap     ] GC(7431) Archive regions: 2->2
[2025-01-09T02:34:51.786+0000][194962.152s][info][gc,heap     ] GC(7431) Humongous regions: 49->49
[2025-01-09T02:34:51.786+0000][194962.152s][info][gc,metaspace] GC(7431) Metaspace: 524947K(534272K)->524947K(534272K) NonClass: 460973K(465536K)->460973K(465536K) Class: 63974K(68736K)->63974K(68736K)
[2025-01-09T02:34:51.786+0000][194962.152s][info][gc          ] GC(7431) Pause Young (Concurrent Start) (G1 Evacuation Pause) 9591M->2320M(12288M) 45.080ms
[2025-01-09T02:34:51.786+0000][194962.152s][info][gc,cpu      ] GC(7431) User=0.26s Sys=0.00s Real=0.05s
[2025-01-09T02:34:51.786+0000][194962.152s][info][gc          ] GC(7432) Concurrent Mark Cycle
[2025-01-09T02:34:51.786+0000][194962.152s][info][gc,marking  ] GC(7432) Concurrent Clear Claimed Marks
[2025-01-09T02:34:51.787+0000][194962.153s][info][gc,marking  ] GC(7432) Concurrent Clear Claimed Marks 0.987ms
[2025-01-09T02:34:51.787+0000][194962.153s][info][gc,marking  ] GC(7432) Concurrent Scan Root Regions
[2025-01-09T02:34:51.818+0000][194962.184s][info][gc,marking  ] GC(7432) Concurrent Scan Root Regions 30.976ms
[2025-01-09T02:34:51.818+0000][194962.184s][info][gc,marking  ] GC(7432) Concurrent Mark
[2025-01-09T02:34:51.818+0000][194962.184s][info][gc,marking  ] GC(7432) Concurrent Mark From Roots
[2025-01-09T02:34:51.818+0000][194962.184s][info][gc,task     ] GC(7432) Using 2 workers of 2 for marking
[2025-01-09T02:34:52.619+0000][194962.985s][info][gc,marking  ] GC(7432) Concurrent Mark From Roots 801.002ms
[2025-01-09T02:34:52.619+0000][194962.985s][info][gc,marking  ] GC(7432) Concurrent Preclean
[2025-01-09T02:34:52.622+0000][194962.988s][info][gc,marking  ] GC(7432) Concurrent Preclean 2.807ms
[2025-01-09T02:34:52.622+0000][194962.988s][info][gc,start    ] GC(7432) Pause Remark
[2025-01-09T02:34:52.648+0000][194963.014s][info][gc          ] GC(7432) Pause Remark 2901M->2901M(12288M) 26.182ms
[2025-01-09T02:34:52.648+0000][194963.015s][info][gc,cpu      ] GC(7432) User=0.15s Sys=0.00s Real=0.02s
[2025-01-09T02:34:52.649+0000][194963.015s][info][gc,marking  ] GC(7432) Concurrent Mark 830.340ms
[2025-01-09T02:34:52.649+0000][194963.015s][info][gc,marking  ] GC(7432) Concurrent Rebuild Remembered Sets
[2025-01-09T02:34:53.226+0000][194963.592s][info][gc,marking  ] GC(7432) Concurrent Rebuild Remembered Sets 577.716ms
[2025-01-09T02:34:53.226+0000][194963.593s][info][gc,start    ] GC(7432) Pause Cleanup
[2025-01-09T02:34:53.227+0000][194963.593s][info][gc          ] GC(7432) Pause Cleanup 3181M->3181M(12288M) 0.431ms
[2025-01-09T02:34:53.227+0000][194963.593s][info][gc,cpu      ] GC(7432) User=0.00s Sys=0.00s Real=0.00s
[2025-01-09T02:34:53.227+0000][194963.593s][info][gc,marking  ] GC(7432) Concurrent Cleanup for Next Mark
[2025-01-09T02:34:53.243+0000][194963.609s][info][gc,marking  ] GC(7432) Concurrent Cleanup for Next Mark 15.702ms
[2025-01-09T02:34:53.243+0000][194963.609s][info][gc          ] GC(7432) Concurrent Mark Cycle 1456.548ms
[2025-01-09T02:35:00.437+0000][194970.803s][info][gc,start    ] GC(7433) Pause Young (Prepare Mixed) (G1 Evacuation Pause)
[2025-01-09T02:35:00.437+0000][194970.803s][info][gc,task     ] GC(7433) Using 6 workers of 6 for evacuation
[2025-01-09T02:35:00.483+0000][194970.849s][info][gc,phases   ] GC(7433)   Pre Evacuate Collection Set: 0.2ms
[2025-01-09T02:35:00.483+0000][194970.850s][info][gc,phases   ] GC(7433)   Merge Heap Roots: 0.8ms
[2025-01-09T02:35:00.483+0000][194970.850s][info][gc,phases   ] GC(7433)   Evacuate Collection Set: 42.5ms
[2025-01-09T02:35:00.483+0000][194970.850s][info][gc,phases   ] GC(7433)   Post Evacuate Collection Set: 2.7ms
[2025-01-09T02:35:00.483+0000][194970.850s][info][gc,phases   ] GC(7433)   Other: 0.2ms
[2025-01-09T02:35:00.483+0000][194970.850s][info][gc,heap     ] GC(7433) Eden regions: 909->0(63)
[2025-01-09T02:35:00.483+0000][194970.850s][info][gc,heap     ] GC(7433) Survivor regions: 12->13(116)
[2025-01-09T02:35:00.483+0000][194970.850s][info][gc,heap     ] GC(7433) Old regions: 229->229
[2025-01-09T02:35:00.483+0000][194970.850s][info][gc,heap     ] GC(7433) Archive regions: 2->2
[2025-01-09T02:35:00.483+0000][194970.850s][info][gc,heap     ] GC(7433) Humongous regions: 49->49
[2025-01-09T02:35:00.483+0000][194970.850s][info][gc,metaspace] GC(7433) Metaspace: 524947K(534272K)->524947K(534272K) NonClass: 460973K(465536K)->460973K(465536K) Class: 63974K(68736K)->63974K(68736K)
[2025-01-09T02:35:00.483+0000][194970.850s][info][gc          ] GC(7433) Pause Young (Prepare Mixed) (G1 Evacuation Pause) 9592M->2329M(12288M) 46.546ms
[2025-01-09T02:35:00.484+0000][194970.850s][info][gc,cpu      ] GC(7433) User=0.28s Sys=0.00s Real=0.05s
[2025-01-09T02:35:00.964+0000][194971.330s][info][gc,start    ] GC(7434) Pause Young (Mixed) (G1 Evacuation Pause)
[2025-01-09T02:35:00.964+0000][194971.330s][info][gc,task     ] GC(7434) Using 6 workers of 6 for evacuation
[2025-01-09T02:35:01.042+0000][194971.409s][info][gc,phases   ] GC(7434)   Pre Evacuate Collection Set: 0.2ms
[2025-01-09T02:35:01.042+0000][194971.409s][info][gc,phases   ] GC(7434)   Merge Heap Roots: 0.8ms
[2025-01-09T02:35:01.042+0000][194971.409s][info][gc,phases   ] GC(7434)   Evacuate Collection Set: 75.2ms
[2025-01-09T02:35:01.042+0000][194971.409s][info][gc,phases   ] GC(7434)   Post Evacuate Collection Set: 2.0ms
[2025-01-09T02:35:01.042+0000][194971.409s][info][gc,phases   ] GC(7434)   Other: 0.2ms
[2025-01-09T02:35:01.042+0000][194971.409s][info][gc,heap     ] GC(7434) Eden regions: 63->0(916)
[2025-01-09T02:35:01.042+0000][194971.409s][info][gc,heap     ] GC(7434) Survivor regions: 13->5(10)
[2025-01-09T02:35:01.042+0000][194971.409s][info][gc,heap     ] GC(7434) Old regions: 229->231
[2025-01-09T02:35:01.042+0000][194971.409s][info][gc,heap     ] GC(7434) Archive regions: 2->2
[2025-01-09T02:35:01.042+0000][194971.409s][info][gc,heap     ] GC(7434) Humongous regions: 49->49
[2025-01-09T02:35:01.043+0000][194971.409s][info][gc,metaspace] GC(7434) Metaspace: 524947K(534272K)->524947K(534272K) NonClass: 460973K(465536K)->460973K(465536K) Class: 63974K(68736K)->63974K(68736K)
[2025-01-09T02:35:01.043+0000][194971.409s][info][gc          ] GC(7434) Pause Young (Mixed) (G1 Evacuation Pause) 2833M->2284M(12288M) 78.414ms
[2025-01-09T02:35:01.043+0000][194971.409s][info][gc,cpu      ] GC(7434) User=0.45s Sys=0.01s Real=0.08s
[2025-01-09T02:35:08.293+0000][194978.659s][info][gc,start    ] GC(7435) Pause Young (Normal) (G1 Evacuation Pause)
[2025-01-09T02:35:08.293+0000][194978.659s][info][gc,task     ] GC(7435) Using 6 workers of 6 for evacuation
[2025-01-09T02:35:08.323+0000][194978.689s][info][gc,phases   ] GC(7435)   Pre Evacuate Collection Set: 0.2ms
[2025-01-09T02:35:08.323+0000][194978.689s][info][gc,phases   ] GC(7435)   Merge Heap Roots: 0.4ms
[2025-01-09T02:35:08.323+0000][194978.689s][info][gc,phases   ] GC(7435)   Evacuate Collection Set: 24.2ms
[2025-01-09T02:35:08.323+0000][194978.689s][info][gc,phases   ] GC(7435)   Post Evacuate Collection Set: 4.6ms
[2025-01-09T02:35:08.323+0000][194978.689s][info][gc,phases   ] GC(7435)   Other: 0.2ms
[2025-01-09T02:35:08.323+0000][194978.689s][info][gc,heap     ] GC(7435) Eden regions: 916->0(912)
[2025-01-09T02:35:08.323+0000][194978.689s][info][gc,heap     ] GC(7435) Survivor regions: 5->9(116)
[2025-01-09T02:35:08.323+0000][194978.689s][info][gc,heap     ] GC(7435) Old regions: 231->231
[2025-01-09T02:35:08.323+0000][194978.689s][info][gc,heap     ] GC(7435) Archive regions: 2->2
[2025-01-09T02:35:08.323+0000][194978.689s][info][gc,heap     ] GC(7435) Humongous regions: 49->49
[2025-01-09T02:35:08.323+0000][194978.689s][info][gc,metaspace] GC(7435) Metaspace: 524947K(534272K)->524947K(534272K) NonClass: 460973K(465536K)->460973K(465536K) Class: 63974K(68736K)->63974K(68736K)
[2025-01-09T02:35:08.323+0000][194978.689s][info][gc          ] GC(7435) Pause Young (Normal) (G1 Evacuation Pause) 9612M->2316M(12288M) 29.712ms
[2025-01-09T02:35:08.323+0000][194978.689s][info][gc,cpu      ] GC(7435) User=0.17s Sys=0.00s Real=0.03s
[2025-01-09T02:35:16.020+0000][194986.386s][info][gc,start    ] GC(7436) Pause Young (Normal) (G1 Evacuation Pause)
[2025-01-09T02:35:16.020+0000][194986.386s][info][gc,task     ] GC(7436) Using 6 workers of 6 for evacuation
[2025-01-09T02:35:16.050+0000][194986.416s][info][gc,phases   ] GC(7436)   Pre Evacuate Collection Set: 0.2ms
[2025-01-09T02:35:16.050+0000][194986.416s][info][gc,phases   ] GC(7436)   Merge Heap Roots: 0.4ms
[2025-01-09T02:35:16.050+0000][194986.416s][info][gc,phases   ] GC(7436)   Evacuate Collection Set: 26.3ms
[2025-01-09T02:35:16.050+0000][194986.416s][info][gc,phases   ] GC(7436)   Post Evacuate Collection Set: 3.1ms
[2025-01-09T02:35:16.050+0000][194986.416s][info][gc,phases   ] GC(7436)   Other: 0.2ms
[2025-01-09T02:35:16.050+0000][194986.416s][info][gc,heap     ] GC(7436) Eden regions: 912->0(913)
[2025-01-09T02:35:16.050+0000][194986.416s][info][gc,heap     ] GC(7436) Survivor regions: 9->8(116)
[2025-01-09T02:35:16.050+0000][194986.416s][info][gc,heap     ] GC(7436) Old regions: 231->231
[2025-01-09T02:35:16.050+0000][194986.416s][info][gc,heap     ] GC(7436) Archive regions: 2->2
[2025-01-09T02:35:16.050+0000][194986.416s][info][gc,heap     ] GC(7436) Humongous regions: 49->49
[2025-01-09T02:35:16.050+0000][194986.416s][info][gc,metaspace] GC(7436) Metaspace: 524947K(534272K)->524947K(534272K) NonClass: 460973K(465536K)->460973K(465536K) Class: 63974K(68736K)->63974K(68736K)
[2025-01-09T02:35:16.050+0000][194986.416s][info][gc          ] GC(7436) Pause Young (Normal) (G1 Evacuation Pause) 9612M->2308M(12288M) 30.346ms
[2025-01-09T02:35:16.050+0000][194986.417s][info][gc,cpu      ] GC(7436) User=0.18s Sys=0.00s Real=0.04s
[2025-01-09T02:35:20.574+0000][194990.940s][info][gc,start    ] GC(7437) Pause Young (Concurrent Start) (G1 Evacuation Pause)
[2025-01-09T02:35:20.574+0000][194990.940s][info][gc,task     ] GC(7437) Using 6 workers of 6 for evacuation
[2025-01-09T02:35:20.605+0000][194990.971s][info][gc,phases   ] GC(7437)   Pre Evacuate Collection Set: 1.2ms
[2025-01-09T02:35:20.605+0000][194990.971s][info][gc,phases   ] GC(7437)   Merge Heap Roots: 0.5ms
[2025-01-09T02:35:20.605+0000][194990.971s][info][gc,phases   ] GC(7437)   Evacuate Collection Set: 25.6ms
[2025-01-09T02:35:20.605+0000][194990.971s][info][gc,phases   ] GC(7437)   Post Evacuate Collection Set: 3.8ms
[2025-01-09T02:35:20.605+0000][194990.971s][info][gc,phases   ] GC(7437)   Other: 0.3ms
[2025-01-09T02:35:20.605+0000][194990.971s][info][gc,heap     ] GC(7437) Eden regions: 913->0(913)
[2025-01-09T02:35:20.605+0000][194990.971s][info][gc,heap     ] GC(7437) Survivor regions: 8->8(116)
[2025-01-09T02:35:20.605+0000][194990.971s][info][gc,heap     ] GC(7437) Old regions: 231->231
[2025-01-09T02:35:20.605+0000][194990.971s][info][gc,heap     ] GC(7437) Archive regions: 2->2
[2025-01-09T02:35:20.605+0000][194990.971s][info][gc,heap     ] GC(7437) Humongous regions: 49->49
[2025-01-09T02:35:20.605+0000][194990.971s][info][gc,metaspace] GC(7437) Metaspace: 524947K(534272K)->524947K(534272K) NonClass: 460973K(465536K)->460973K(465536K) Class: 63974K(68736K)->63974K(68736K)
[2025-01-09T02:35:20.605+0000][194990.971s][info][gc          ] GC(7437) Pause Young (Concurrent Start) (G1 Evacuation Pause) 9612M->2308M(12288M) 31.351ms
[2025-01-09T02:35:20.605+0000][194990.971s][info][gc,cpu      ] GC(7437) User=0.18s Sys=0.00s Real=0.03s
[2025-01-09T02:35:20.605+0000][194990.971s][info][gc          ] GC(7438) Concurrent Mark Cycle
[2025-01-09T02:35:20.605+0000][194990.971s][info][gc,marking  ] GC(7438) Concurrent Clear Claimed Marks
[2025-01-09T02:35:20.606+0000][194990.972s][info][gc,marking  ] GC(7438) Concurrent Clear Claimed Marks 0.924ms
[2025-01-09T02:35:20.606+0000][194990.972s][info][gc,marking  ] GC(7438) Concurrent Scan Root Regions
[2025-01-09T02:35:20.632+0000][194990.998s][info][gc,marking  ] GC(7438) Concurrent Scan Root Regions 26.120ms
[2025-01-09T02:35:20.632+0000][194990.999s][info][gc,marking  ] GC(7438) Concurrent Mark
[2025-01-09T02:35:20.632+0000][194990.999s][info][gc,marking  ] GC(7438) Concurrent Mark From Roots
[2025-01-09T02:35:20.632+0000][194990.999s][info][gc,task     ] GC(7438) Using 2 workers of 2 for marking
[2025-01-09T02:35:21.470+0000][194991.836s][info][gc,marking  ] GC(7438) Concurrent Mark From Roots 837.527ms
[2025-01-09T02:35:21.470+0000][194991.836s][info][gc,marking  ] GC(7438) Concurrent Preclean
[2025-01-09T02:35:21.474+0000][194991.840s][info][gc,marking  ] GC(7438) Concurrent Preclean 3.580ms
[2025-01-09T02:35:21.474+0000][194991.840s][info][gc,start    ] GC(7438) Pause Remark
[2025-01-09T02:35:21.530+0000][194991.897s][info][gc          ] GC(7438) Pause Remark 3492M->3492M(12288M) 56.751ms
[2025-01-09T02:35:21.531+0000][194991.897s][info][gc,cpu      ] GC(7438) User=0.30s Sys=0.00s Real=0.06s
[2025-01-09T02:35:21.531+0000][194991.897s][info][gc,marking  ] GC(7438) Concurrent Mark 898.468ms
[2025-01-09T02:35:21.531+0000][194991.897s][info][gc,marking  ] GC(7438) Concurrent Rebuild Remembered Sets
[2025-01-09T02:35:22.081+0000][194992.447s][info][gc,marking  ] GC(7438) Concurrent Rebuild Remembered Sets 550.077ms
[2025-01-09T02:35:22.081+0000][194992.447s][info][gc,start    ] GC(7438) Pause Cleanup
[2025-01-09T02:35:22.082+0000][194992.448s][info][gc          ] GC(7438) Pause Cleanup 4228M->4228M(12288M) 0.417ms
[2025-01-09T02:35:22.082+0000][194992.448s][info][gc,cpu      ] GC(7438) User=0.00s Sys=0.00s Real=0.01s
[2025-01-09T02:35:22.082+0000][194992.448s][info][gc,marking  ] GC(7438) Concurrent Cleanup for Next Mark
[2025-01-09T02:35:22.097+0000][194992.463s][info][gc,marking  ] GC(7438) Concurrent Cleanup for Next Mark 15.665ms
[2025-01-09T02:35:22.097+0000][194992.463s][info][gc          ] GC(7438) Concurrent Mark Cycle 1492.102ms
[2025-01-09T02:35:26.400+0000][194996.767s][info][gc,start    ] GC(7439) Pause Young (Prepare Mixed) (G1 Evacuation Pause)
[2025-01-09T02:35:26.401+0000][194996.767s][info][gc,task     ] GC(7439) Using 6 workers of 6 for evacuation
[2025-01-09T02:35:26.434+0000][194996.800s][info][gc,phases   ] GC(7439)   Pre Evacuate Collection Set: 0.2ms
[2025-01-09T02:35:26.434+0000][194996.800s][info][gc,phases   ] GC(7439)   Merge Heap Roots: 0.7ms
[2025-01-09T02:35:26.434+0000][194996.800s][info][gc,phases   ] GC(7439)   Evacuate Collection Set: 29.9ms
[2025-01-09T02:35:26.434+0000][194996.800s][info][gc,phases   ] GC(7439)   Post Evacuate Collection Set: 2.5ms
[2025-01-09T02:35:26.434+0000][194996.800s][info][gc,phases   ] GC(7439)   Other: 0.2ms
[2025-01-09T02:35:26.434+0000][194996.800s][info][gc,heap     ] GC(7439) Eden regions: 913->0(67)
[2025-01-09T02:35:26.434+0000][194996.800s][info][gc,heap     ] GC(7439) Survivor regions: 8->9(116)
[2025-01-09T02:35:26.434+0000][194996.800s][info][gc,heap     ] GC(7439) Old regions: 231->231
[2025-01-09T02:35:26.434+0000][194996.800s][info][gc,heap     ] GC(7439) Archive regions: 2->2
[2025-01-09T02:35:26.434+0000][194996.800s][info][gc,heap     ] GC(7439) Humongous regions: 49->49
[2025-01-09T02:35:26.434+0000][194996.800s][info][gc,metaspace] GC(7439) Metaspace: 524916K(534272K)->524916K(534272K) NonClass: 460948K(465536K)->460948K(465536K) Class: 63968K(68736K)->63968K(68736K)
[2025-01-09T02:35:26.434+0000][194996.800s][info][gc          ] GC(7439) Pause Young (Prepare Mixed) (G1 Evacuation Pause) 9612M->2312M(12288M) 33.634ms
[2025-01-09T02:35:26.434+0000][194996.800s][info][gc,cpu      ] GC(7439) User=0.20s Sys=0.00s Real=0.04s
[2025-01-09T02:35:26.816+0000][194997.183s][info][gc,start    ] GC(7440) Pause Young (Mixed) (G1 Evacuation Pause)
[2025-01-09T02:35:26.817+0000][194997.183s][info][gc,task     ] GC(7440) Using 6 workers of 6 for evacuation
[2025-01-09T02:35:26.872+0000][194997.238s][info][gc,phases   ] GC(7440)   Pre Evacuate Collection Set: 0.2ms
[2025-01-09T02:35:26.872+0000][194997.238s][info][gc,phases   ] GC(7440)   Merge Heap Roots: 0.5ms
[2025-01-09T02:35:26.872+0000][194997.238s][info][gc,phases   ] GC(7440)   Evacuate Collection Set: 53.4ms
[2025-01-09T02:35:26.872+0000][194997.238s][info][gc,phases   ] GC(7440)   Post Evacuate Collection Set: 1.5ms
[2025-01-09T02:35:26.872+0000][194997.238s][info][gc,phases   ] GC(7440)   Other: 0.2ms
[2025-01-09T02:35:26.872+0000][194997.238s][info][gc,heap     ] GC(7440) Eden regions: 67->0(916)
[2025-01-09T02:35:26.872+0000][194997.238s][info][gc,heap     ] GC(7440) Survivor regions: 9->5(10)
[2025-01-09T02:35:26.872+0000][194997.238s][info][gc,heap     ] GC(7440) Old regions: 231->230
[2025-01-09T02:35:26.872+0000][194997.238s][info][gc,heap     ] GC(7440) Archive regions: 2->2
[2025-01-09T02:35:26.872+0000][194997.238s][info][gc,heap     ] GC(7440) Humongous regions: 49->49
[2025-01-09T02:35:26.872+0000][194997.238s][info][gc,metaspace] GC(7440) Metaspace: 524916K(534272K)->524916K(534272K) NonClass: 460948K(465536K)->460948K(465536K) Class: 63968K(68736K)->63968K(68736K)
[2025-01-09T02:35:26.872+0000][194997.238s][info][gc          ] GC(7440) Pause Young (Mixed) (G1 Evacuation Pause) 2848M->2271M(12288M) 55.869ms
[2025-01-09T02:35:26.872+0000][194997.238s][info][gc,cpu      ] GC(7440) User=0.33s Sys=0.00s Real=0.06s
[2025-01-09T02:35:31.433+0000][195001.799s][info][gc,start    ] GC(7441) Pause Young (Normal) (G1 Evacuation Pause)
[2025-01-09T02:35:31.433+0000][195001.799s][info][gc,task     ] GC(7441) Using 6 workers of 6 for evacuation
[2025-01-09T02:35:31.459+0000][195001.825s][info][gc,phases   ] GC(7441)   Pre Evacuate Collection Set: 0.2ms
[2025-01-09T02:35:31.459+0000][195001.825s][info][gc,phases   ] GC(7441)   Merge Heap Roots: 0.4ms
[2025-01-09T02:35:31.459+0000][195001.825s][info][gc,phases   ] GC(7441)   Evacuate Collection Set: 22.9ms
[2025-01-09T02:35:31.459+0000][195001.825s][info][gc,phases   ] GC(7441)   Post Evacuate Collection Set: 2.4ms
[2025-01-09T02:35:31.459+0000][195001.825s][info][gc,phases   ] GC(7441)   Other: 0.2ms
[2025-01-09T02:35:31.459+0000][195001.825s][info][gc,heap     ] GC(7441) Eden regions: 916->0(915)
[2025-01-09T02:35:31.459+0000][195001.825s][info][gc,heap     ] GC(7441) Survivor regions: 5->6(116)
[2025-01-09T02:35:31.459+0000][195001.825s][info][gc,heap     ] GC(7441) Old regions: 230->230
[2025-01-09T02:35:31.459+0000][195001.825s][info][gc,heap     ] GC(7441) Archive regions: 2->2
[2025-01-09T02:35:31.459+0000][195001.825s][info][gc,heap     ] GC(7441) Humongous regions: 49->49
[2025-01-09T02:35:31.459+0000][195001.825s][info][gc,metaspace] GC(7441) Metaspace: 524916K(534272K)->524916K(534272K) NonClass: 460948K(465536K)->460948K(465536K) Class: 63968K(68736K)->63968K(68736K)
[2025-01-09T02:35:31.459+0000][195001.825s][info][gc          ] GC(7441) Pause Young (Normal) (G1 Evacuation Pause) 9599M->2281M(12288M) 26.171ms
[2025-01-09T02:35:31.459+0000][195001.826s][info][gc,cpu      ] GC(7441) User=0.14s Sys=0.00s Real=0.02s
[2025-01-09T02:35:36.365+0000][195006.732s][info][gc,start    ] GC(7442) Pause Young (Normal) (G1 Evacuation Pause)
[2025-01-09T02:35:36.365+0000][195006.732s][info][gc,task     ] GC(7442) Using 6 workers of 6 for evacuation
[2025-01-09T02:35:36.390+0000][195006.756s][info][gc,phases   ] GC(7442)   Pre Evacuate Collection Set: 0.2ms
[2025-01-09T02:35:36.390+0000][195006.756s][info][gc,phases   ] GC(7442)   Merge Heap Roots: 0.4ms
[2025-01-09T02:35:36.390+0000][195006.756s][info][gc,phases   ] GC(7442)   Evacuate Collection Set: 21.2ms
[2025-01-09T02:35:36.390+0000][195006.756s][info][gc,phases   ] GC(7442)   Post Evacuate Collection Set: 2.4ms
[2025-01-09T02:35:36.390+0000][195006.756s][info][gc,phases   ] GC(7442)   Other: 0.2ms
[2025-01-09T02:35:36.390+0000][195006.756s][info][gc,heap     ] GC(7442) Eden regions: 915->0(915)
[2025-01-09T02:35:36.390+0000][195006.756s][info][gc,heap     ] GC(7442) Survivor regions: 6->6(116)
[2025-01-09T02:35:36.390+0000][195006.756s][info][gc,heap     ] GC(7442) Old regions: 230->230
[2025-01-09T02:35:36.390+0000][195006.756s][info][gc,heap     ] GC(7442) Archive regions: 2->2
[2025-01-09T02:35:36.390+0000][195006.756s][info][gc,heap     ] GC(7442) Humongous regions: 49->49
[2025-01-09T02:35:36.390+0000][195006.756s][info][gc,metaspace] GC(7442) Metaspace: 524916K(534272K)->524916K(534272K) NonClass: 460948K(465536K)->460948K(465536K) Class: 63968K(68736K)->63968K(68736K)
[2025-01-09T02:35:36.390+0000][195006.756s][info][gc          ] GC(7442) Pause Young (Normal) (G1 Evacuation Pause) 9601M->2280M(12288M) 24.434ms
[2025-01-09T02:35:36.390+0000][195006.756s][info][gc,cpu      ] GC(7442) User=0.13s Sys=0.00s Real=0.03s
[2025-01-09T02:35:41.527+0000][195011.893s][info][gc,start    ] GC(7443) Pause Young (Concurrent Start) (G1 Evacuation Pause)
[2025-01-09T02:35:41.527+0000][195011.893s][info][gc,task     ] GC(7443) Using 6 workers of 6 for evacuation
[2025-01-09T02:35:41.555+0000][195011.922s][info][gc,phases   ] GC(7443)   Pre Evacuate Collection Set: 1.2ms
[2025-01-09T02:35:41.555+0000][195011.922s][info][gc,phases   ] GC(7443)   Merge Heap Roots: 0.4ms
[2025-01-09T02:35:41.555+0000][195011.922s][info][gc,phases   ] GC(7443)   Evacuate Collection Set: 24.3ms
[2025-01-09T02:35:41.555+0000][195011.922s][info][gc,phases   ] GC(7443)   Post Evacuate Collection Set: 2.4ms
[2025-01-09T02:35:41.555+0000][195011.922s][info][gc,phases   ] GC(7443)   Other: 0.3ms
[2025-01-09T02:35:41.555+0000][195011.922s][info][gc,heap     ] GC(7443) Eden regions: 915->0(914)
[2025-01-09T02:35:41.555+0000][195011.922s][info][gc,heap     ] GC(7443) Survivor regions: 6->7(116)
[2025-01-09T02:35:41.555+0000][195011.922s][info][gc,heap     ] GC(7443) Old regions: 230->230
[2025-01-09T02:35:41.555+0000][195011.922s][info][gc,heap     ] GC(7443) Archive regions: 2->2
[2025-01-09T02:35:41.555+0000][195011.922s][info][gc,heap     ] GC(7443) Humongous regions: 49->49
[2025-01-09T02:35:41.555+0000][195011.922s][info][gc,metaspace] GC(7443) Metaspace: 524916K(534272K)->524916K(534272K) NonClass: 460948K(465536K)->460948K(465536K) Class: 63968K(68736K)->63968K(68736K)
[2025-01-09T02:35:41.556+0000][195011.922s][info][gc          ] GC(7443) Pause Young (Concurrent Start) (G1 Evacuation Pause) 9600M->2283M(12288M) 28.713ms
[2025-01-09T02:35:41.556+0000][195011.922s][info][gc,cpu      ] GC(7443) User=0.16s Sys=0.00s Real=0.03s
[2025-01-09T02:35:41.556+0000][195011.922s][info][gc          ] GC(7444) Concurrent Mark Cycle
[2025-01-09T02:35:41.556+0000][195011.922s][info][gc,marking  ] GC(7444) Concurrent Clear Claimed Marks
[2025-01-09T02:35:41.557+0000][195011.923s][info][gc,marking  ] GC(7444) Concurrent Clear Claimed Marks 0.918ms
[2025-01-09T02:35:41.557+0000][195011.923s][info][gc,marking  ] GC(7444) Concurrent Scan Root Regions
[2025-01-09T02:35:41.579+0000][195011.945s][info][gc,marking  ] GC(7444) Concurrent Scan Root Regions 22.492ms
[2025-01-09T02:35:41.579+0000][195011.945s][info][gc,marking  ] GC(7444) Concurrent Mark
[2025-01-09T02:35:41.579+0000][195011.945s][info][gc,marking  ] GC(7444) Concurrent Mark From Roots
[2025-01-09T02:35:41.579+0000][195011.945s][info][gc,task     ] GC(7444) Using 2 workers of 2 for marking
[2025-01-09T02:35:42.650+0000][195013.016s][info][gc,marking  ] GC(7444) Concurrent Mark From Roots 1070.629ms
[2025-01-09T02:35:42.650+0000][195013.016s][info][gc,marking  ] GC(7444) Concurrent Preclean
[2025-01-09T02:35:42.653+0000][195013.020s][info][gc,marking  ] GC(7444) Concurrent Preclean 3.639ms
[2025-01-09T02:35:42.654+0000][195013.020s][info][gc,start    ] GC(7444) Pause Remark
[2025-01-09T02:35:42.680+0000][195013.046s][info][gc          ] GC(7444) Pause Remark 4047M->4047M(12288M) 26.010ms
[2025-01-09T02:35:42.680+0000][195013.046s][info][gc,cpu      ] GC(7444) User=0.15s Sys=0.00s Real=0.02s
[2025-01-09T02:35:42.680+0000][195013.046s][info][gc,marking  ] GC(7444) Concurrent Mark 1100.745ms
[2025-01-09T02:35:42.680+0000][195013.046s][info][gc,marking  ] GC(7444) Concurrent Rebuild Remembered Sets
[2025-01-09T02:35:43.233+0000][195013.599s][info][gc,marking  ] GC(7444) Concurrent Rebuild Remembered Sets 552.930ms
[2025-01-09T02:35:43.234+0000][195013.600s][info][gc,start    ] GC(7444) Pause Cleanup
[2025-01-09T02:35:43.234+0000][195013.600s][info][gc          ] GC(7444) Pause Cleanup 4834M->4834M(12288M) 0.404ms
[2025-01-09T02:35:43.234+0000][195013.600s][info][gc,cpu      ] GC(7444) User=0.00s Sys=0.00s Real=0.00s
[2025-01-09T02:35:43.234+0000][195013.600s][info][gc,marking  ] GC(7444) Concurrent Cleanup for Next Mark
[2025-01-09T02:35:43.250+0000][195013.616s][info][gc,marking  ] GC(7444) Concurrent Cleanup for Next Mark 16.013ms
[2025-01-09T02:35:43.250+0000][195013.616s][info][gc          ] GC(7444) Concurrent Mark Cycle 1694.775ms
[2025-01-09T02:35:46.321+0000][195016.687s][info][gc,start    ] GC(7445) Pause Young (Prepare Mixed) (G1 Evacuation Pause)
[2025-01-09T02:35:46.321+0000][195016.687s][info][gc,task     ] GC(7445) Using 6 workers of 6 for evacuation
[2025-01-09T02:35:46.354+0000][195016.721s][info][gc,phases   ] GC(7445)   Pre Evacuate Collection Set: 0.2ms
[2025-01-09T02:35:46.355+0000][195016.721s][info][gc,phases   ] GC(7445)   Merge Heap Roots: 0.6ms
[2025-01-09T02:35:46.355+0000][195016.721s][info][gc,phases   ] GC(7445)   Evacuate Collection Set: 29.8ms
[2025-01-09T02:35:46.355+0000][195016.721s][info][gc,phases   ] GC(7445)   Post Evacuate Collection Set: 2.6ms
[2025-01-09T02:35:46.355+0000][195016.721s][info][gc,phases   ] GC(7445)   Other: 0.2ms
[2025-01-09T02:35:46.355+0000][195016.721s][info][gc,heap     ] GC(7445) Eden regions: 914->0(68)
[2025-01-09T02:35:46.355+0000][195016.721s][info][gc,heap     ] GC(7445) Survivor regions: 7->8(116)
[2025-01-09T02:35:46.355+0000][195016.721s][info][gc,heap     ] GC(7445) Old regions: 230->230
[2025-01-09T02:35:46.355+0000][195016.721s][info][gc,heap     ] GC(7445) Archive regions: 2->2
[2025-01-09T02:35:46.355+0000][195016.721s][info][gc,heap     ] GC(7445) Humongous regions: 49->49
[2025-01-09T02:35:46.355+0000][195016.721s][info][gc,metaspace] GC(7445) Metaspace: 524916K(534272K)->524916K(534272K) NonClass: 460948K(465536K)->460948K(465536K) Class: 63968K(68736K)->63968K(68736K)
[2025-01-09T02:35:46.355+0000][195016.721s][info][gc          ] GC(7445) Pause Young (Prepare Mixed) (G1 Evacuation Pause) 9595M->2295M(12288M) 33.616ms
[2025-01-09T02:35:46.355+0000][195016.721s][info][gc,cpu      ] GC(7445) User=0.20s Sys=0.00s Real=0.04s
[2025-01-09T02:35:46.699+0000][195017.065s][info][gc,start    ] GC(7446) Pause Young (Mixed) (G1 Evacuation Pause)
[2025-01-09T02:35:46.699+0000][195017.065s][info][gc,task     ] GC(7446) Using 6 workers of 6 for evacuation
[2025-01-09T02:35:46.764+0000][195017.130s][info][gc,phases   ] GC(7446)   Pre Evacuate Collection Set: 0.2ms
[2025-01-09T02:35:46.764+0000][195017.130s][info][gc,phases   ] GC(7446)   Merge Heap Roots: 0.7ms
[2025-01-09T02:35:46.764+0000][195017.130s][info][gc,phases   ] GC(7446)   Evacuate Collection Set: 62.5ms
[2025-01-09T02:35:46.764+0000][195017.130s][info][gc,phases   ] GC(7446)   Post Evacuate Collection Set: 1.9ms
[2025-01-09T02:35:46.764+0000][195017.130s][info][gc,phases   ] GC(7446)   Other: 0.2ms
[2025-01-09T02:35:46.764+0000][195017.130s][info][gc,heap     ] GC(7446) Eden regions: 68->0(915)
[2025-01-09T02:35:46.764+0000][195017.130s][info][gc,heap     ] GC(7446) Survivor regions: 8->6(10)
[2025-01-09T02:35:46.764+0000][195017.130s][info][gc,heap     ] GC(7446) Old regions: 230->229
[2025-01-09T02:35:46.764+0000][195017.130s][info][gc,heap     ] GC(7446) Archive regions: 2->2
[2025-01-09T02:35:46.764+0000][195017.130s][info][gc,heap     ] GC(7446) Humongous regions: 49->49
[2025-01-09T02:35:46.764+0000][195017.130s][info][gc,metaspace] GC(7446) Metaspace: 524916K(534272K)->524916K(534272K) NonClass: 460948K(465536K)->460948K(465536K) Class: 63968K(68736K)->63968K(68736K)
[2025-01-09T02:35:46.764+0000][195017.130s][info][gc          ] GC(7446) Pause Young (Mixed) (G1 Evacuation Pause) 2839M->2266M(12288M) 65.542ms
[2025-01-09T02:35:46.764+0000][195017.130s][info][gc,cpu      ] GC(7446) User=0.38s Sys=0.00s Real=0.07s
[2025-01-09T02:35:55.439+0000][195025.805s][info][gc,start    ] GC(7447) Pause Young (Normal) (G1 Evacuation Pause)
[2025-01-09T02:35:55.439+0000][195025.805s][info][gc,task     ] GC(7447) Using 6 workers of 6 for evacuation
[2025-01-09T02:35:55.467+0000][195025.833s][info][gc,phases   ] GC(7447)   Pre Evacuate Collection Set: 0.2ms
[2025-01-09T02:35:55.467+0000][195025.833s][info][gc,phases   ] GC(7447)   Merge Heap Roots: 0.4ms
[2025-01-09T02:35:55.467+0000][195025.833s][info][gc,phases   ] GC(7447)   Evacuate Collection Set: 24.5ms
[2025-01-09T02:35:55.467+0000][195025.833s][info][gc,phases   ] GC(7447)   Post Evacuate Collection Set: 2.6ms
[2025-01-09T02:35:55.467+0000][195025.833s][info][gc,phases   ] GC(7447)   Other: 0.2ms
[2025-01-09T02:35:55.467+0000][195025.833s][info][gc,heap     ] GC(7447) Eden regions: 915->0(915)
[2025-01-09T02:35:55.467+0000][195025.833s][info][gc,heap     ] GC(7447) Survivor regions: 6->6(116)
[2025-01-09T02:35:55.467+0000][195025.833s][info][gc,heap     ] GC(7447) Old regions: 229->229
[2025-01-09T02:35:55.467+0000][195025.833s][info][gc,heap     ] GC(7447) Archive regions: 2->2
[2025-01-09T02:35:55.467+0000][195025.833s][info][gc,heap     ] GC(7447) Humongous regions: 49->49
[2025-01-09T02:35:55.467+0000][195025.833s][info][gc,metaspace] GC(7447) Metaspace: 524916K(534272K)->524916K(534272K) NonClass: 460948K(465536K)->460948K(465536K) Class: 63968K(68736K)->63968K(68736K)
[2025-01-09T02:35:55.467+0000][195025.833s][info][gc          ] GC(7447) Pause Young (Normal) (G1 Evacuation Pause) 9586M->2270M(12288M) 27.937ms
[2025-01-09T02:35:55.467+0000][195025.833s][info][gc,cpu      ] GC(7447) User=0.16s Sys=0.00s Real=0.03s
[2025-01-09T02:36:03.787+0000][195034.153s][info][gc,start    ] GC(7448) Pause Young (Normal) (G1 Evacuation Pause)
[2025-01-09T02:36:03.787+0000][195034.153s][info][gc,task     ] GC(7448) Using 6 workers of 6 for evacuation
[2025-01-09T02:36:03.818+0000][195034.184s][info][gc,phases   ] GC(7448)   Pre Evacuate Collection Set: 0.2ms
[2025-01-09T02:36:03.818+0000][195034.184s][info][gc,phases   ] GC(7448)   Merge Heap Roots: 0.4ms
[2025-01-09T02:36:03.818+0000][195034.184s][info][gc,phases   ] GC(7448)   Evacuate Collection Set: 25.5ms
[2025-01-09T02:36:03.818+0000][195034.184s][info][gc,phases   ] GC(7448)   Post Evacuate Collection Set: 5.2ms
[2025-01-09T02:36:03.818+0000][195034.184s][info][gc,phases   ] GC(7448)   Other: 0.2ms
[2025-01-09T02:36:03.818+0000][195034.184s][info][gc,heap     ] GC(7448) Eden regions: 915->0(913)
[2025-01-09T02:36:03.818+0000][195034.184s][info][gc,heap     ] GC(7448) Survivor regions: 6->8(116)
[2025-01-09T02:36:03.818+0000][195034.184s][info][gc,heap     ] GC(7448) Old regions: 229->229
[2025-01-09T02:36:03.818+0000][195034.184s][info][gc,heap     ] GC(7448) Archive regions: 2->2
[2025-01-09T02:36:03.818+0000][195034.184s][info][gc,heap     ] GC(7448) Humongous regions: 49->49
[2025-01-09T02:36:03.818+0000][195034.184s][info][gc,metaspace] GC(7448) Metaspace: 524916K(534272K)->524916K(534272K) NonClass: 460948K(465536K)->460948K(465536K) Class: 63968K(68736K)->63968K(68736K)
[2025-01-09T02:36:03.818+0000][195034.184s][info][gc          ] GC(7448) Pause Young (Normal) (G1 Evacuation Pause) 9590M->2287M(12288M) 31.557ms
[2025-01-09T02:36:03.818+0000][195034.184s][info][gc,cpu      ] GC(7448) User=0.18s Sys=0.00s Real=0.03s
[2025-01-09T02:36:12.752+0000][195043.118s][info][gc,start    ] GC(7449) Pause Young (Concurrent Start) (G1 Evacuation Pause)
[2025-01-09T02:36:12.752+0000][195043.118s][info][gc,task     ] GC(7449) Using 6 workers of 6 for evacuation
[2025-01-09T02:36:12.789+0000][195043.155s][info][gc,phases   ] GC(7449)   Pre Evacuate Collection Set: 1.2ms
[2025-01-09T02:36:12.789+0000][195043.155s][info][gc,phases   ] GC(7449)   Merge Heap Roots: 0.5ms
[2025-01-09T02:36:12.789+0000][195043.155s][info][gc,phases   ] GC(7449)   Evacuate Collection Set: 32.1ms
[2025-01-09T02:36:12.789+0000][195043.155s][info][gc,phases   ] GC(7449)   Post Evacuate Collection Set: 2.7ms
[2025-01-09T02:36:12.789+0000][195043.155s][info][gc,phases   ] GC(7449)   Other: 0.3ms
[2025-01-09T02:36:12.789+0000][195043.155s][info][gc,heap     ] GC(7449) Eden regions: 913->0(912)
[2025-01-09T02:36:12.789+0000][195043.155s][info][gc,heap     ] GC(7449) Survivor regions: 8->9(116)
[2025-01-09T02:36:12.789+0000][195043.155s][info][gc,heap     ] GC(7449) Old regions: 229->229
[2025-01-09T02:36:12.789+0000][195043.155s][info][gc,heap     ] GC(7449) Archive regions: 2->2
[2025-01-09T02:36:12.789+0000][195043.155s][info][gc,heap     ] GC(7449) Humongous regions: 49->49
[2025-01-09T02:36:12.789+0000][195043.155s][info][gc,metaspace] GC(7449) Metaspace: 524916K(534272K)->524916K(534272K) NonClass: 460948K(465536K)->460948K(465536K) Class: 63968K(68736K)->63968K(68736K)
[2025-01-09T02:36:12.789+0000][195043.155s][info][gc          ] GC(7449) Pause Young (Concurrent Start) (G1 Evacuation Pause) 9591M->2295M(12288M) 36.857ms
[2025-01-09T02:36:12.789+0000][195043.155s][info][gc,cpu      ] GC(7449) User=0.21s Sys=0.00s Real=0.03s
[2025-01-09T02:36:12.789+0000][195043.155s][info][gc          ] GC(7450) Concurrent Mark Cycle
[2025-01-09T02:36:12.789+0000][195043.155s][info][gc,marking  ] GC(7450) Concurrent Clear Claimed Marks
[2025-01-09T02:36:12.790+0000][195043.156s][info][gc,marking  ] GC(7450) Concurrent Clear Claimed Marks 1.012ms
[2025-01-09T02:36:12.790+0000][195043.156s][info][gc,marking  ] GC(7450) Concurrent Scan Root Regions
[2025-01-09T02:36:12.813+0000][195043.179s][info][gc,marking  ] GC(7450) Concurrent Scan Root Regions 22.458ms
[2025-01-09T02:36:12.813+0000][195043.179s][info][gc,marking  ] GC(7450) Concurrent Mark
[2025-01-09T02:36:12.813+0000][195043.179s][info][gc,marking  ] GC(7450) Concurrent Mark From Roots
[2025-01-09T02:36:12.813+0000][195043.179s][info][gc,task     ] GC(7450) Using 2 workers of 2 for marking
[2025-01-09T02:36:13.799+0000][195044.165s][info][gc,marking  ] GC(7450) Concurrent Mark From Roots 986.363ms
[2025-01-09T02:36:13.799+0000][195044.165s][info][gc,marking  ] GC(7450) Concurrent Preclean
[2025-01-09T02:36:13.802+0000][195044.169s][info][gc,marking  ] GC(7450) Concurrent Preclean 3.475ms
[2025-01-09T02:36:13.803+0000][195044.169s][info][gc,start    ] GC(7450) Pause Remark
[2025-01-09T02:36:13.828+0000][195044.194s][info][gc          ] GC(7450) Pause Remark 3679M->3679M(12288M) 25.556ms
[2025-01-09T02:36:13.828+0000][195044.194s][info][gc,cpu      ] GC(7450) User=0.15s Sys=0.00s Real=0.02s
[2025-01-09T02:36:13.828+0000][195044.195s][info][gc,marking  ] GC(7450) Concurrent Mark 1015.867ms
[2025-01-09T02:36:13.828+0000][195044.195s][info][gc,marking  ] GC(7450) Concurrent Rebuild Remembered Sets
[2025-01-09T02:36:14.347+0000][195044.713s][info][gc,marking  ] GC(7450) Concurrent Rebuild Remembered Sets 518.608ms
[2025-01-09T02:36:14.347+0000][195044.713s][info][gc,start    ] GC(7450) Pause Cleanup
[2025-01-09T02:36:14.348+0000][195044.714s][info][gc          ] GC(7450) Pause Cleanup 4111M->4111M(12288M) 0.386ms
[2025-01-09T02:36:14.348+0000][195044.714s][info][gc,cpu      ] GC(7450) User=0.00s Sys=0.00s Real=0.00s
[2025-01-09T02:36:14.348+0000][195044.714s][info][gc,marking  ] GC(7450) Concurrent Cleanup for Next Mark
[2025-01-09T02:36:14.363+0000][195044.729s][info][gc,marking  ] GC(7450) Concurrent Cleanup for Next Mark 15.426ms
[2025-01-09T02:36:14.363+0000][195044.729s][info][gc          ] GC(7450) Concurrent Mark Cycle 1574.139ms
[2025-01-09T02:36:19.348+0000][195049.714s][info][gc,start    ] GC(7451) Pause Young (Prepare Mixed) (G1 Evacuation Pause)
[2025-01-09T02:36:19.348+0000][195049.714s][info][gc,task     ] GC(7451) Using 6 workers of 6 for evacuation
[2025-01-09T02:36:19.387+0000][195049.753s][info][gc,phases   ] GC(7451)   Pre Evacuate Collection Set: 0.2ms
[2025-01-09T02:36:19.387+0000][195049.753s][info][gc,phases   ] GC(7451)   Merge Heap Roots: 0.7ms
[2025-01-09T02:36:19.387+0000][195049.753s][info][gc,phases   ] GC(7451)   Evacuate Collection Set: 33.7ms
[2025-01-09T02:36:19.387+0000][195049.753s][info][gc,phases   ] GC(7451)   Post Evacuate Collection Set: 4.0ms
[2025-01-09T02:36:19.387+0000][195049.753s][info][gc,phases   ] GC(7451)   Other: 0.2ms
[2025-01-09T02:36:19.387+0000][195049.753s][info][gc,heap     ] GC(7451) Eden regions: 912->0(66)
[2025-01-09T02:36:19.387+0000][195049.753s][info][gc,heap     ] GC(7451) Survivor regions: 9->10(116)
[2025-01-09T02:36:19.387+0000][195049.753s][info][gc,heap     ] GC(7451) Old regions: 229->229
[2025-01-09T02:36:19.387+0000][195049.753s][info][gc,heap     ] GC(7451) Archive regions: 2->2
[2025-01-09T02:36:19.387+0000][195049.753s][info][gc,heap     ] GC(7451) Humongous regions: 49->49
[2025-01-09T02:36:19.387+0000][195049.753s][info][gc,metaspace] GC(7451) Metaspace: 524916K(534272K)->524916K(534272K) NonClass: 460948K(465536K)->460948K(465536K) Class: 63968K(68736K)->63968K(68736K)
[2025-01-09T02:36:19.387+0000][195049.753s][info][gc          ] GC(7451) Pause Young (Prepare Mixed) (G1 Evacuation Pause) 9591M->2304M(12288M) 38.821ms
[2025-01-09T02:36:19.387+0000][195049.753s][info][gc,cpu      ] GC(7451) User=0.23s Sys=0.00s Real=0.04s
[2025-01-09T02:36:21.193+0000][195051.559s][info][gc,start    ] GC(7452) Pause Young (Mixed) (G1 Evacuation Pause)
[2025-01-09T02:36:21.193+0000][195051.559s][info][gc,task     ] GC(7452) Using 6 workers of 6 for evacuation
[2025-01-09T02:36:21.252+0000][195051.618s][info][gc,phases   ] GC(7452)   Pre Evacuate Collection Set: 0.2ms
[2025-01-09T02:36:21.252+0000][195051.618s][info][gc,phases   ] GC(7452)   Merge Heap Roots: 0.6ms
[2025-01-09T02:36:21.252+0000][195051.618s][info][gc,phases   ] GC(7452)   Evacuate Collection Set: 56.3ms
[2025-01-09T02:36:21.252+0000][195051.618s][info][gc,phases   ] GC(7452)   Post Evacuate Collection Set: 1.8ms
[2025-01-09T02:36:21.252+0000][195051.618s][info][gc,phases   ] GC(7452)   Other: 0.2ms
[2025-01-09T02:36:21.252+0000][195051.618s][info][gc,heap     ] GC(7452) Eden regions: 66->0(916)
[2025-01-09T02:36:21.252+0000][195051.618s][info][gc,heap     ] GC(7452) Survivor regions: 10->5(10)
[2025-01-09T02:36:21.252+0000][195051.618s][info][gc,heap     ] GC(7452) Old regions: 229->229
[2025-01-09T02:36:21.252+0000][195051.618s][info][gc,heap     ] GC(7452) Archive regions: 2->2
[2025-01-09T02:36:21.252+0000][195051.618s][info][gc,heap     ] GC(7452) Humongous regions: 49->49
[2025-01-09T02:36:21.252+0000][195051.618s][info][gc,metaspace] GC(7452) Metaspace: 524916K(534272K)->524916K(534272K) NonClass: 460948K(465536K)->460948K(465536K) Class: 63968K(68736K)->63968K(68736K)
[2025-01-09T02:36:21.252+0000][195051.618s][info][gc          ] GC(7452) Pause Young (Mixed) (G1 Evacuation Pause) 2832M->2267M(12288M) 59.164ms
[2025-01-09T02:36:21.252+0000][195051.618s][info][gc,cpu      ] GC(7452) User=0.35s Sys=0.00s Real=0.06s
[2025-01-09T02:36:27.087+0000][195057.454s][info][gc,start    ] GC(7453) Pause Young (Normal) (G1 Evacuation Pause)
[2025-01-09T02:36:27.087+0000][195057.454s][info][gc,task     ] GC(7453) Using 6 workers of 6 for evacuation
[2025-01-09T02:36:27.112+0000][195057.479s][info][gc,phases   ] GC(7453)   Pre Evacuate Collection Set: 0.2ms
[2025-01-09T02:36:27.112+0000][195057.479s][info][gc,phases   ] GC(7453)   Merge Heap Roots: 0.4ms
[2025-01-09T02:36:27.113+0000][195057.479s][info][gc,phases   ] GC(7453)   Evacuate Collection Set: 21.8ms
[2025-01-09T02:36:27.113+0000][195057.479s][info][gc,phases   ] GC(7453)   Post Evacuate Collection Set: 2.4ms
[2025-01-09T02:36:27.113+0000][195057.479s][info][gc,phases   ] GC(7453)   Other: 0.2ms
[2025-01-09T02:36:27.113+0000][195057.479s][info][gc,heap     ] GC(7453) Eden regions: 916->0(915)
[2025-01-09T02:36:27.113+0000][195057.479s][info][gc,heap     ] GC(7453) Survivor regions: 5->6(116)
[2025-01-09T02:36:27.113+0000][195057.479s][info][gc,heap     ] GC(7453) Old regions: 229->229
[2025-01-09T02:36:27.113+0000][195057.479s][info][gc,heap     ] GC(7453) Archive regions: 2->2
[2025-01-09T02:36:27.113+0000][195057.479s][info][gc,heap     ] GC(7453) Humongous regions: 49->49
[2025-01-09T02:36:27.113+0000][195057.479s][info][gc,metaspace] GC(7453) Metaspace: 524916K(534272K)->524916K(534272K) NonClass: 460948K(465536K)->460948K(465536K) Class: 63968K(68736K)->63968K(68736K)
[2025-01-09T02:36:27.113+0000][195057.479s][info][gc          ] GC(7453) Pause Young (Normal) (G1 Evacuation Pause) 9595M->2273M(12288M) 25.166ms
[2025-01-09T02:36:27.113+0000][195057.479s][info][gc,cpu      ] GC(7453) User=0.14s Sys=0.00s Real=0.03s
[2025-01-09T02:36:34.943+0000][195065.309s][info][gc,start    ] GC(7454) Pause Young (Normal) (G1 Evacuation Pause)
[2025-01-09T02:36:34.943+0000][195065.309s][info][gc,task     ] GC(7454) Using 6 workers of 6 for evacuation
[2025-01-09T02:36:34.970+0000][195065.337s][info][gc,phases   ] GC(7454)   Pre Evacuate Collection Set: 0.2ms
[2025-01-09T02:36:34.970+0000][195065.337s][info][gc,phases   ] GC(7454)   Merge Heap Roots: 0.4ms
[2025-01-09T02:36:34.971+0000][195065.337s][info][gc,phases   ] GC(7454)   Evacuate Collection Set: 23.8ms
[2025-01-09T02:36:34.971+0000][195065.337s][info][gc,phases   ] GC(7454)   Post Evacuate Collection Set: 2.6ms
[2025-01-09T02:36:34.971+0000][195065.337s][info][gc,phases   ] GC(7454)   Other: 0.2ms
[2025-01-09T02:36:34.971+0000][195065.337s][info][gc,heap     ] GC(7454) Eden regions: 915->0(914)
[2025-01-09T02:36:34.971+0000][195065.337s][info][gc,heap     ] GC(7454) Survivor regions: 6->7(116)
[2025-01-09T02:36:34.971+0000][195065.337s][info][gc,heap     ] GC(7454) Old regions: 229->229
[2025-01-09T02:36:34.971+0000][195065.337s][info][gc,heap     ] GC(7454) Archive regions: 2->2
[2025-01-09T02:36:34.971+0000][195065.337s][info][gc,heap     ] GC(7454) Humongous regions: 49->49
[2025-01-09T02:36:34.971+0000][195065.337s][info][gc,metaspace] GC(7454) Metaspace: 524916K(534272K)->524916K(534272K) NonClass: 460948K(465536K)->460948K(465536K) Class: 63968K(68736K)->63968K(68736K)
[2025-01-09T02:36:34.971+0000][195065.337s][info][gc          ] GC(7454) Pause Young (Normal) (G1 Evacuation Pause) 9593M->2283M(12288M) 27.266ms
[2025-01-09T02:36:34.971+0000][195065.337s][info][gc,cpu      ] GC(7454) User=0.16s Sys=0.00s Real=0.03s
[2025-01-09T02:36:45.718+0000][195076.084s][info][gc,start    ] GC(7455) Pause Young (Concurrent Start) (G1 Evacuation Pause)
[2025-01-09T02:36:45.718+0000][195076.084s][info][gc,task     ] GC(7455) Using 6 workers of 6 for evacuation
[2025-01-09T02:36:45.753+0000][195076.119s][info][gc,phases   ] GC(7455)   Pre Evacuate Collection Set: 1.2ms
[2025-01-09T02:36:45.753+0000][195076.119s][info][gc,phases   ] GC(7455)   Merge Heap Roots: 0.4ms
[2025-01-09T02:36:45.753+0000][195076.119s][info][gc,phases   ] GC(7455)   Evacuate Collection Set: 30.6ms
[2025-01-09T02:36:45.753+0000][195076.119s][info][gc,phases   ] GC(7455)   Post Evacuate Collection Set: 2.7ms
[2025-01-09T02:36:45.753+0000][195076.119s][info][gc,phases   ] GC(7455)   Other: 0.3ms
[2025-01-09T02:36:45.753+0000][195076.119s][info][gc,heap     ] GC(7455) Eden regions: 914->0(913)
[2025-01-09T02:36:45.753+0000][195076.119s][info][gc,heap     ] GC(7455) Survivor regions: 7->8(116)
[2025-01-09T02:36:45.753+0000][195076.119s][info][gc,heap     ] GC(7455) Old regions: 229->229
[2025-01-09T02:36:45.753+0000][195076.119s][info][gc,heap     ] GC(7455) Archive regions: 2->2
[2025-01-09T02:36:45.753+0000][195076.119s][info][gc,heap     ] GC(7455) Humongous regions: 49->49
[2025-01-09T02:36:45.753+0000][195076.119s][info][gc,metaspace] GC(7455) Metaspace: 524916K(534272K)->524916K(534272K) NonClass: 460948K(465536K)->460948K(465536K) Class: 63968K(68736K)->63968K(68736K)
[2025-01-09T02:36:45.753+0000][195076.119s][info][gc          ] GC(7455) Pause Young (Concurrent Start) (G1 Evacuation Pause) 9595M->2293M(12288M) 35.481ms
[2025-01-09T02:36:45.753+0000][195076.119s][info][gc,cpu      ] GC(7455) User=0.21s Sys=0.00s Real=0.04s
[2025-01-09T02:36:45.753+0000][195076.119s][info][gc          ] GC(7456) Concurrent Mark Cycle
[2025-01-09T02:36:45.753+0000][195076.119s][info][gc,marking  ] GC(7456) Concurrent Clear Claimed Marks
[2025-01-09T02:36:45.754+0000][195076.120s][info][gc,marking  ] GC(7456) Concurrent Clear Claimed Marks 1.025ms
[2025-01-09T02:36:45.754+0000][195076.120s][info][gc,marking  ] GC(7456) Concurrent Scan Root Regions
[2025-01-09T02:36:45.781+0000][195076.147s][info][gc,marking  ] GC(7456) Concurrent Scan Root Regions 26.512ms
[2025-01-09T02:36:45.781+0000][195076.147s][info][gc,marking  ] GC(7456) Concurrent Mark
[2025-01-09T02:36:45.781+0000][195076.147s][info][gc,marking  ] GC(7456) Concurrent Mark From Roots
[2025-01-09T02:36:45.781+0000][195076.147s][info][gc,task     ] GC(7456) Using 2 workers of 2 for marking
[2025-01-09T02:36:46.663+0000][195077.029s][info][gc,marking  ] GC(7456) Concurrent Mark From Roots 882.272ms
[2025-01-09T02:36:46.663+0000][195077.029s][info][gc,marking  ] GC(7456) Concurrent Preclean
[2025-01-09T02:36:46.667+0000][195077.033s][info][gc,marking  ] GC(7456) Concurrent Preclean 3.580ms
[2025-01-09T02:36:46.667+0000][195077.033s][info][gc,start    ] GC(7456) Pause Remark
[2025-01-09T02:36:46.693+0000][195077.059s][info][gc          ] GC(7456) Pause Remark 2953M->2953M(12288M) 25.776ms
[2025-01-09T02:36:46.693+0000][195077.059s][info][gc,cpu      ] GC(7456) User=0.14s Sys=0.00s Real=0.03s
[2025-01-09T02:36:46.693+0000][195077.059s][info][gc,marking  ] GC(7456) Concurrent Mark 912.001ms
[2025-01-09T02:36:46.693+0000][195077.059s][info][gc,marking  ] GC(7456) Concurrent Rebuild Remembered Sets
[2025-01-09T02:36:47.251+0000][195077.617s][info][gc,marking  ] GC(7456) Concurrent Rebuild Remembered Sets 558.452ms
[2025-01-09T02:36:47.251+0000][195077.617s][info][gc,start    ] GC(7456) Pause Cleanup
[2025-01-09T02:36:47.252+0000][195077.618s][info][gc          ] GC(7456) Pause Cleanup 3262M->3262M(12288M) 0.383ms
[2025-01-09T02:36:47.252+0000][195077.618s][info][gc,cpu      ] GC(7456) User=0.00s Sys=0.00s Real=0.00s
[2025-01-09T02:36:47.252+0000][195077.618s][info][gc,marking  ] GC(7456) Concurrent Cleanup for Next Mark
[2025-01-09T02:36:47.267+0000][195077.633s][info][gc,marking  ] GC(7456) Concurrent Cleanup for Next Mark 15.389ms
[2025-01-09T02:36:47.267+0000][195077.633s][info][gc          ] GC(7456) Concurrent Mark Cycle 1514.151ms
[2025-01-09T02:36:54.533+0000][195084.899s][info][gc,start    ] GC(7457) Pause Young (Prepare Mixed) (G1 Evacuation Pause)
[2025-01-09T02:36:54.533+0000][195084.899s][info][gc,task     ] GC(7457) Using 6 workers of 6 for evacuation
[2025-01-09T02:36:54.572+0000][195084.938s][info][gc,phases   ] GC(7457)   Pre Evacuate Collection Set: 0.2ms
[2025-01-09T02:36:54.572+0000][195084.938s][info][gc,phases   ] GC(7457)   Merge Heap Roots: 0.7ms
[2025-01-09T02:36:54.572+0000][195084.938s][info][gc,phases   ] GC(7457)   Evacuate Collection Set: 34.2ms
[2025-01-09T02:36:54.572+0000][195084.938s][info][gc,phases   ] GC(7457)   Post Evacuate Collection Set: 4.1ms
[2025-01-09T02:36:54.572+0000][195084.938s][info][gc,phases   ] GC(7457)   Other: 0.2ms
[2025-01-09T02:36:54.572+0000][195084.938s][info][gc,heap     ] GC(7457) Eden regions: 913->0(66)
[2025-01-09T02:36:54.572+0000][195084.938s][info][gc,heap     ] GC(7457) Survivor regions: 8->10(116)
[2025-01-09T02:36:54.572+0000][195084.938s][info][gc,heap     ] GC(7457) Old regions: 229->229
[2025-01-09T02:36:54.572+0000][195084.938s][info][gc,heap     ] GC(7457) Archive regions: 2->2
[2025-01-09T02:36:54.572+0000][195084.938s][info][gc,heap     ] GC(7457) Humongous regions: 49->49
[2025-01-09T02:36:54.572+0000][195084.938s][info][gc,metaspace] GC(7457) Metaspace: 524916K(534272K)->524916K(534272K) NonClass: 460948K(465536K)->460948K(465536K) Class: 63968K(68736K)->63968K(68736K)
[2025-01-09T02:36:54.572+0000][195084.938s][info][gc          ] GC(7457) Pause Young (Prepare Mixed) (G1 Evacuation Pause) 9597M->2308M(12288M) 39.502ms
[2025-01-09T02:36:54.572+0000][195084.939s][info][gc,cpu      ] GC(7457) User=0.23s Sys=0.00s Real=0.04s
[2025-01-09T02:36:54.959+0000][195085.325s][info][gc,start    ] GC(7458) Pause Young (Mixed) (G1 Evacuation Pause)
[2025-01-09T02:36:54.959+0000][195085.325s][info][gc,task     ] GC(7458) Using 6 workers of 6 for evacuation
[2025-01-09T02:36:55.038+0000][195085.404s][info][gc,phases   ] GC(7458)   Pre Evacuate Collection Set: 0.2ms
[2025-01-09T02:36:55.038+0000][195085.404s][info][gc,phases   ] GC(7458)   Merge Heap Roots: 0.9ms
[2025-01-09T02:36:55.038+0000][195085.404s][info][gc,phases   ] GC(7458)   Evacuate Collection Set: 75.6ms
[2025-01-09T02:36:55.038+0000][195085.404s][info][gc,phases   ] GC(7458)   Post Evacuate Collection Set: 2.3ms
[2025-01-09T02:36:55.038+0000][195085.404s][info][gc,phases   ] GC(7458)   Other: 0.2ms
[2025-01-09T02:36:55.038+0000][195085.404s][info][gc,heap     ] GC(7458) Eden regions: 66->0(917)
[2025-01-09T02:36:55.038+0000][195085.404s][info][gc,heap     ] GC(7458) Survivor regions: 10->4(10)
[2025-01-09T02:36:55.038+0000][195085.404s][info][gc,heap     ] GC(7458) Old regions: 229->230
[2025-01-09T02:36:55.038+0000][195085.404s][info][gc,heap     ] GC(7458) Archive regions: 2->2
[2025-01-09T02:36:55.038+0000][195085.404s][info][gc,heap     ] GC(7458) Humongous regions: 49->49
[2025-01-09T02:36:55.038+0000][195085.404s][info][gc,metaspace] GC(7458) Metaspace: 524916K(534272K)->524916K(534272K) NonClass: 460948K(465536K)->460948K(465536K) Class: 63968K(68736K)->63968K(68736K)
[2025-01-09T02:36:55.038+0000][195085.404s][info][gc          ] GC(7458) Pause Young (Mixed) (G1 Evacuation Pause) 2836M->2270M(12288M) 79.146ms
[2025-01-09T02:36:55.038+0000][195085.404s][info][gc,cpu      ] GC(7458) User=0.44s Sys=0.00s Real=0.08s
[2025-01-09T02:37:03.464+0000][195093.830s][info][gc,start    ] GC(7459) Pause Young (Normal) (G1 Evacuation Pause)
[2025-01-09T02:37:03.464+0000][195093.830s][info][gc,task     ] GC(7459) Using 6 workers of 6 for evacuation
[2025-01-09T02:37:03.492+0000][195093.858s][info][gc,phases   ] GC(7459)   Pre Evacuate Collection Set: 0.2ms
[2025-01-09T02:37:03.492+0000][195093.858s][info][gc,phases   ] GC(7459)   Merge Heap Roots: 0.4ms
[2025-01-09T02:37:03.492+0000][195093.858s][info][gc,phases   ] GC(7459)   Evacuate Collection Set: 23.4ms
[2025-01-09T02:37:03.492+0000][195093.858s][info][gc,phases   ] GC(7459)   Post Evacuate Collection Set: 4.0ms
[2025-01-09T02:37:03.492+0000][195093.858s][info][gc,phases   ] GC(7459)   Other: 0.2ms
[2025-01-09T02:37:03.492+0000][195093.858s][info][gc,heap     ] GC(7459) Eden regions: 917->0(915)
[2025-01-09T02:37:03.492+0000][195093.858s][info][gc,heap     ] GC(7459) Survivor regions: 4->6(116)
[2025-01-09T02:37:03.492+0000][195093.858s][info][gc,heap     ] GC(7459) Old regions: 230->230
[2025-01-09T02:37:03.492+0000][195093.858s][info][gc,heap     ] GC(7459) Archive regions: 2->2
[2025-01-09T02:37:03.492+0000][195093.858s][info][gc,heap     ] GC(7459) Humongous regions: 49->49
[2025-01-09T02:37:03.492+0000][195093.858s][info][gc,metaspace] GC(7459) Metaspace: 524916K(534272K)->524916K(534272K) NonClass: 460948K(465536K)->460948K(465536K) Class: 63968K(68736K)->63968K(68736K)
[2025-01-09T02:37:03.492+0000][195093.858s][info][gc          ] GC(7459) Pause Young (Normal) (G1 Evacuation Pause) 9606M->2286M(12288M) 28.295ms
[2025-01-09T02:37:03.492+0000][195093.858s][info][gc,cpu      ] GC(7459) User=0.17s Sys=0.00s Real=0.03s
[2025-01-09T02:37:12.613+0000][195102.979s][info][gc,start    ] GC(7460) Pause Young (Normal) (G1 Evacuation Pause)
[2025-01-09T02:37:12.613+0000][195102.979s][info][gc,task     ] GC(7460) Using 6 workers of 6 for evacuation
[2025-01-09T02:37:12.643+0000][195103.009s][info][gc,phases   ] GC(7460)   Pre Evacuate Collection Set: 0.2ms
[2025-01-09T02:37:12.643+0000][195103.009s][info][gc,phases   ] GC(7460)   Merge Heap Roots: 0.4ms
[2025-01-09T02:37:12.643+0000][195103.009s][info][gc,phases   ] GC(7460)   Evacuate Collection Set: 25.1ms
[2025-01-09T02:37:12.643+0000][195103.009s][info][gc,phases   ] GC(7460)   Post Evacuate Collection Set: 3.9ms
[2025-01-09T02:37:12.643+0000][195103.009s][info][gc,phases   ] GC(7460)   Other: 0.2ms
[2025-01-09T02:37:12.643+0000][195103.009s][info][gc,heap     ] GC(7460) Eden regions: 915->0(914)
[2025-01-09T02:37:12.643+0000][195103.009s][info][gc,heap     ] GC(7460) Survivor regions: 6->7(116)
[2025-01-09T02:37:12.643+0000][195103.009s][info][gc,heap     ] GC(7460) Old regions: 230->230
[2025-01-09T02:37:12.643+0000][195103.009s][info][gc,heap     ] GC(7460) Archive regions: 2->2
[2025-01-09T02:37:12.643+0000][195103.009s][info][gc,heap     ] GC(7460) Humongous regions: 49->49
[2025-01-09T02:37:12.643+0000][195103.009s][info][gc,metaspace] GC(7460) Metaspace: 524916K(534272K)->524916K(534272K) NonClass: 460948K(465536K)->460948K(465536K) Class: 63968K(68736K)->63968K(68736K)
[2025-01-09T02:37:12.643+0000][195103.009s][info][gc          ] GC(7460) Pause Young (Normal) (G1 Evacuation Pause) 9606M->2294M(12288M) 29.904ms
[2025-01-09T02:37:12.643+0000][195103.009s][info][gc,cpu      ] GC(7460) User=0.18s Sys=0.00s Real=0.03s
[2025-01-09T02:37:21.878+0000][195112.244s][info][gc,start    ] GC(7461) Pause Young (Concurrent Start) (G1 Evacuation Pause)
[2025-01-09T02:37:21.878+0000][195112.244s][info][gc,task     ] GC(7461) Using 6 workers of 6 for evacuation
[2025-01-09T02:37:21.913+0000][195112.279s][info][gc,phases   ] GC(7461)   Pre Evacuate Collection Set: 1.2ms
[2025-01-09T02:37:21.913+0000][195112.279s][info][gc,phases   ] GC(7461)   Merge Heap Roots: 0.5ms
[2025-01-09T02:37:21.913+0000][195112.279s][info][gc,phases   ] GC(7461)   Evacuate Collection Set: 30.5ms
[2025-01-09T02:37:21.913+0000][195112.279s][info][gc,phases   ] GC(7461)   Post Evacuate Collection Set: 2.6ms
[2025-01-09T02:37:21.913+0000][195112.279s][info][gc,phases   ] GC(7461)   Other: 0.3ms
[2025-01-09T02:37:21.913+0000][195112.279s][info][gc,heap     ] GC(7461) Eden regions: 914->0(913)
[2025-01-09T02:37:21.913+0000][195112.279s][info][gc,heap     ] GC(7461) Survivor regions: 7->8(116)
[2025-01-09T02:37:21.913+0000][195112.279s][info][gc,heap     ] GC(7461) Old regions: 230->230
[2025-01-09T02:37:21.913+0000][195112.279s][info][gc,heap     ] GC(7461) Archive regions: 2->2
[2025-01-09T02:37:21.913+0000][195112.279s][info][gc,heap     ] GC(7461) Humongous regions: 49->49
[2025-01-09T02:37:21.913+0000][195112.279s][info][gc,metaspace] GC(7461) Metaspace: 524916K(534272K)->524916K(534272K) NonClass: 460948K(465536K)->460948K(465536K) Class: 63968K(68736K)->63968K(68736K)
[2025-01-09T02:37:21.913+0000][195112.279s][info][gc          ] GC(7461) Pause Young (Concurrent Start) (G1 Evacuation Pause) 9606M->2302M(12288M) 35.117ms
[2025-01-09T02:37:21.913+0000][195112.279s][info][gc,cpu      ] GC(7461) User=0.20s Sys=0.00s Real=0.04s
[2025-01-09T02:37:21.913+0000][195112.279s][info][gc          ] GC(7462) Concurrent Mark Cycle
[2025-01-09T02:37:21.913+0000][195112.279s][info][gc,marking  ] GC(7462) Concurrent Clear Claimed Marks
[2025-01-09T02:37:21.914+0000][195112.280s][info][gc,marking  ] GC(7462) Concurrent Clear Claimed Marks 0.957ms
[2025-01-09T02:37:21.914+0000][195112.280s][info][gc,marking  ] GC(7462) Concurrent Scan Root Regions
[2025-01-09T02:37:21.936+0000][195112.303s][info][gc,marking  ] GC(7462) Concurrent Scan Root Regions 22.598ms
[2025-01-09T02:37:21.936+0000][195112.303s][info][gc,marking  ] GC(7462) Concurrent Mark
[2025-01-09T02:37:21.936+0000][195112.303s][info][gc,marking  ] GC(7462) Concurrent Mark From Roots
[2025-01-09T02:37:21.936+0000][195112.303s][info][gc,task     ] GC(7462) Using 2 workers of 2 for marking
[2025-01-09T02:37:22.851+0000][195113.217s][info][gc,marking  ] GC(7462) Concurrent Mark From Roots 914.652ms
[2025-01-09T02:37:22.851+0000][195113.217s][info][gc,marking  ] GC(7462) Concurrent Preclean
[2025-01-09T02:37:22.855+0000][195113.221s][info][gc,marking  ] GC(7462) Concurrent Preclean 3.666ms
[2025-01-09T02:37:22.855+0000][195113.221s][info][gc,start    ] GC(7462) Pause Remark
[2025-01-09T02:37:22.881+0000][195113.247s][info][gc          ] GC(7462) Pause Remark 3350M->3350M(12288M) 25.632ms
[2025-01-09T02:37:22.881+0000][195113.247s][info][gc,cpu      ] GC(7462) User=0.14s Sys=0.00s Real=0.02s
[2025-01-09T02:37:22.881+0000][195113.247s][info][gc,marking  ] GC(7462) Concurrent Mark 944.323ms
[2025-01-09T02:37:22.881+0000][195113.247s][info][gc,marking  ] GC(7462) Concurrent Rebuild Remembered Sets
[2025-01-09T02:37:23.440+0000][195113.807s][info][gc,marking  ] GC(7462) Concurrent Rebuild Remembered Sets 559.671ms
[2025-01-09T02:37:23.441+0000][195113.807s][info][gc,start    ] GC(7462) Pause Cleanup
[2025-01-09T02:37:23.442+0000][195113.808s][info][gc          ] GC(7462) Pause Cleanup 3869M->3869M(12288M) 1.623ms
[2025-01-09T02:37:23.442+0000][195113.808s][info][gc,cpu      ] GC(7462) User=0.00s Sys=0.00s Real=0.01s
[2025-01-09T02:37:23.442+0000][195113.808s][info][gc,marking  ] GC(7462) Concurrent Cleanup for Next Mark
[2025-01-09T02:37:23.459+0000][195113.825s][info][gc,marking  ] GC(7462) Concurrent Cleanup for Next Mark 16.361ms
[2025-01-09T02:37:23.459+0000][195113.825s][info][gc          ] GC(7462) Concurrent Mark Cycle 1545.965ms
[2025-01-09T02:37:29.698+0000][195120.064s][info][gc,start    ] GC(7463) Pause Young (Prepare Mixed) (G1 Evacuation Pause)
[2025-01-09T02:37:29.698+0000][195120.064s][info][gc,task     ] GC(7463) Using 6 workers of 6 for evacuation
[2025-01-09T02:37:29.733+0000][195120.099s][info][gc,phases   ] GC(7463)   Pre Evacuate Collection Set: 0.2ms
[2025-01-09T02:37:29.733+0000][195120.099s][info][gc,phases   ] GC(7463)   Merge Heap Roots: 0.7ms
[2025-01-09T02:37:29.733+0000][195120.099s][info][gc,phases   ] GC(7463)   Evacuate Collection Set: 31.9ms
[2025-01-09T02:37:29.733+0000][195120.099s][info][gc,phases   ] GC(7463)   Post Evacuate Collection Set: 2.7ms
[2025-01-09T02:37:29.733+0000][195120.099s][info][gc,phases   ] GC(7463)   Other: 0.2ms
[2025-01-09T02:37:29.733+0000][195120.099s][info][gc,heap     ] GC(7463) Eden regions: 913->0(67)
[2025-01-09T02:37:29.733+0000][195120.099s][info][gc,heap     ] GC(7463) Survivor regions: 8->9(116)
[2025-01-09T02:37:29.733+0000][195120.099s][info][gc,heap     ] GC(7463) Old regions: 230->230
[2025-01-09T02:37:29.733+0000][195120.099s][info][gc,heap     ] GC(7463) Archive regions: 2->2
[2025-01-09T02:37:29.733+0000][195120.099s][info][gc,heap     ] GC(7463) Humongous regions: 49->49
[2025-01-09T02:37:29.733+0000][195120.099s][info][gc,metaspace] GC(7463) Metaspace: 524916K(534272K)->524916K(534272K) NonClass: 460948K(465536K)->460948K(465536K) Class: 63968K(68736K)->63968K(68736K)
[2025-01-09T02:37:29.733+0000][195120.099s][info][gc          ] GC(7463) Pause Young (Prepare Mixed) (G1 Evacuation Pause) 9606M->2306M(12288M) 35.674ms
[2025-01-09T02:37:29.733+0000][195120.099s][info][gc,cpu      ] GC(7463) User=0.21s Sys=0.00s Real=0.04s
[2025-01-09T02:37:30.051+0000][195120.417s][info][gc,start    ] GC(7464) Pause Young (Mixed) (G1 Evacuation Pause)
[2025-01-09T02:37:30.051+0000][195120.417s][info][gc,task     ] GC(7464) Using 6 workers of 6 for evacuation
[2025-01-09T02:37:30.092+0000][195120.458s][info][gc,phases   ] GC(7464)   Pre Evacuate Collection Set: 0.2ms
[2025-01-09T02:37:30.092+0000][195120.458s][info][gc,phases   ] GC(7464)   Merge Heap Roots: 0.4ms
[2025-01-09T02:37:30.092+0000][195120.458s][info][gc,phases   ] GC(7464)   Evacuate Collection Set: 38.4ms
[2025-01-09T02:37:30.092+0000][195120.458s][info][gc,phases   ] GC(7464)   Post Evacuate Collection Set: 1.6ms
[2025-01-09T02:37:30.092+0000][195120.458s][info][gc,phases   ] GC(7464)   Other: 0.2ms
[2025-01-09T02:37:30.092+0000][195120.458s][info][gc,heap     ] GC(7464) Eden regions: 67->0(915)
[2025-01-09T02:37:30.092+0000][195120.458s][info][gc,heap     ] GC(7464) Survivor regions: 9->6(10)
[2025-01-09T02:37:30.092+0000][195120.458s][info][gc,heap     ] GC(7464) Old regions: 230->227
[2025-01-09T02:37:30.092+0000][195120.458s][info][gc,heap     ] GC(7464) Archive regions: 2->2
[2025-01-09T02:37:30.092+0000][195120.458s][info][gc,heap     ] GC(7464) Humongous regions: 49->49
[2025-01-09T02:37:30.092+0000][195120.458s][info][gc,metaspace] GC(7464) Metaspace: 524916K(534272K)->524916K(534272K) NonClass: 460948K(465536K)->460948K(465536K) Class: 63968K(68736K)->63968K(68736K)
[2025-01-09T02:37:30.092+0000][195120.458s][info][gc          ] GC(7464) Pause Young (Mixed) (G1 Evacuation Pause) 2842M->2258M(12288M) 40.894ms
[2025-01-09T02:37:30.092+0000][195120.458s][info][gc,cpu      ] GC(7464) User=0.24s Sys=0.00s Real=0.04s
[2025-01-09T02:37:36.638+0000][195127.004s][info][gc,start    ] GC(7465) Pause Young (Normal) (G1 Evacuation Pause)
[2025-01-09T02:37:36.638+0000][195127.005s][info][gc,task     ] GC(7465) Using 6 workers of 6 for evacuation
[2025-01-09T02:37:36.668+0000][195127.034s][info][gc,phases   ] GC(7465)   Pre Evacuate Collection Set: 0.2ms
[2025-01-09T02:37:36.668+0000][195127.034s][info][gc,phases   ] GC(7465)   Merge Heap Roots: 0.4ms
[2025-01-09T02:37:36.668+0000][195127.034s][info][gc,phases   ] GC(7465)   Evacuate Collection Set: 26.0ms
[2025-01-09T02:37:36.668+0000][195127.034s][info][gc,phases   ] GC(7465)   Post Evacuate Collection Set: 3.0ms
[2025-01-09T02:37:36.668+0000][195127.034s][info][gc,phases   ] GC(7465)   Other: 0.2ms
[2025-01-09T02:37:36.668+0000][195127.034s][info][gc,heap     ] GC(7465) Eden regions: 915->0(914)
[2025-01-09T02:37:36.668+0000][195127.034s][info][gc,heap     ] GC(7465) Survivor regions: 6->7(116)
[2025-01-09T02:37:36.668+0000][195127.034s][info][gc,heap     ] GC(7465) Old regions: 227->227
[2025-01-09T02:37:36.668+0000][195127.034s][info][gc,heap     ] GC(7465) Archive regions: 2->2
[2025-01-09T02:37:36.668+0000][195127.034s][info][gc,heap     ] GC(7465) Humongous regions: 49->49
[2025-01-09T02:37:36.668+0000][195127.034s][info][gc,metaspace] GC(7465) Metaspace: 524916K(534272K)->524916K(534272K) NonClass: 460948K(465536K)->460948K(465536K) Class: 63968K(68736K)->63968K(68736K)
[2025-01-09T02:37:36.668+0000][195127.034s][info][gc          ] GC(7465) Pause Young (Normal) (G1 Evacuation Pause) 9578M->2269M(12288M) 29.983ms
[2025-01-09T02:37:36.668+0000][195127.035s][info][gc,cpu      ] GC(7465) User=0.17s Sys=0.00s Real=0.03s
[2025-01-09T02:37:45.791+0000][195136.157s][info][gc,start    ] GC(7466) Pause Young (Normal) (G1 Evacuation Pause)
[2025-01-09T02:37:45.791+0000][195136.157s][info][gc,task     ] GC(7466) Using 6 workers of 6 for evacuation
[2025-01-09T02:37:45.820+0000][195136.186s][info][gc,phases   ] GC(7466)   Pre Evacuate Collection Set: 0.2ms
[2025-01-09T02:37:45.820+0000][195136.186s][info][gc,phases   ] GC(7466)   Merge Heap Roots: 0.4ms
[2025-01-09T02:37:45.820+0000][195136.186s][info][gc,phases   ] GC(7466)   Evacuate Collection Set: 25.5ms
[2025-01-09T02:37:45.820+0000][195136.186s][info][gc,phases   ] GC(7466)   Post Evacuate Collection Set: 2.5ms
[2025-01-09T02:37:45.820+0000][195136.186s][info][gc,phases   ] GC(7466)   Other: 0.2ms
[2025-01-09T02:37:45.820+0000][195136.186s][info][gc,heap     ] GC(7466) Eden regions: 914->0(914)
[2025-01-09T02:37:45.820+0000][195136.186s][info][gc,heap     ] GC(7466) Survivor regions: 7->7(116)
[2025-01-09T02:37:45.820+0000][195136.186s][info][gc,heap     ] GC(7466) Old regions: 227->227
[2025-01-09T02:37:45.820+0000][195136.186s][info][gc,heap     ] GC(7466) Archive regions: 2->2
[2025-01-09T02:37:45.820+0000][195136.186s][info][gc,heap     ] GC(7466) Humongous regions: 49->49
[2025-01-09T02:37:45.820+0000][195136.186s][info][gc,metaspace] GC(7466) Metaspace: 524916K(534272K)->524916K(534272K) NonClass: 460948K(465536K)->460948K(465536K) Class: 63968K(68736K)->63968K(68736K)
[2025-01-09T02:37:45.820+0000][195136.186s][info][gc          ] GC(7466) Pause Young (Normal) (G1 Evacuation Pause) 9581M->2270M(12288M) 28.969ms
[2025-01-09T02:37:45.820+0000][195136.186s][info][gc,cpu      ] GC(7466) User=0.17s Sys=0.00s Real=0.02s
[2025-01-09T02:37:57.733+0000][195148.099s][info][gc,start    ] GC(7467) Pause Young (Concurrent Start) (G1 Evacuation Pause)
[2025-01-09T02:37:57.733+0000][195148.099s][info][gc,task     ] GC(7467) Using 6 workers of 6 for evacuation
[2025-01-09T02:37:57.773+0000][195148.139s][info][gc,phases   ] GC(7467)   Pre Evacuate Collection Set: 1.1ms
[2025-01-09T02:37:57.773+0000][195148.139s][info][gc,phases   ] GC(7467)   Merge Heap Roots: 0.5ms
[2025-01-09T02:37:57.773+0000][195148.139s][info][gc,phases   ] GC(7467)   Evacuate Collection Set: 32.7ms
[2025-01-09T02:37:57.773+0000][195148.139s][info][gc,phases   ] GC(7467)   Post Evacuate Collection Set: 5.3ms
[2025-01-09T02:37:57.773+0000][195148.139s][info][gc,phases   ] GC(7467)   Other: 0.3ms
[2025-01-09T02:37:57.773+0000][195148.139s][info][gc,heap     ] GC(7467) Eden regions: 914->0(911)
[2025-01-09T02:37:57.773+0000][195148.139s][info][gc,heap     ] GC(7467) Survivor regions: 7->10(116)
[2025-01-09T02:37:57.773+0000][195148.139s][info][gc,heap     ] GC(7467) Old regions: 227->227
[2025-01-09T02:37:57.773+0000][195148.139s][info][gc,heap     ] GC(7467) Archive regions: 2->2
[2025-01-09T02:37:57.773+0000][195148.139s][info][gc,heap     ] GC(7467) Humongous regions: 49->49
[2025-01-09T02:37:57.773+0000][195148.139s][info][gc,metaspace] GC(7467) Metaspace: 524916K(534272K)->524916K(534272K) NonClass: 460948K(465536K)->460948K(465536K) Class: 63968K(68736K)->63968K(68736K)
[2025-01-09T02:37:57.773+0000][195148.139s][info][gc          ] GC(7467) Pause Young (Concurrent Start) (G1 Evacuation Pause) 9582M->2290M(12288M) 40.067ms
[2025-01-09T02:37:57.773+0000][195148.139s][info][gc,cpu      ] GC(7467) User=0.23s Sys=0.00s Real=0.04s
[2025-01-09T02:37:57.773+0000][195148.139s][info][gc          ] GC(7468) Concurrent Mark Cycle
[2025-01-09T02:37:57.773+0000][195148.139s][info][gc,marking  ] GC(7468) Concurrent Clear Claimed Marks
[2025-01-09T02:37:57.774+0000][195148.140s][info][gc,marking  ] GC(7468) Concurrent Clear Claimed Marks 0.922ms
[2025-01-09T02:37:57.774+0000][195148.140s][info][gc,marking  ] GC(7468) Concurrent Scan Root Regions
[2025-01-09T02:37:57.802+0000][195148.168s][info][gc,marking  ] GC(7468) Concurrent Scan Root Regions 28.126ms
[2025-01-09T02:37:57.802+0000][195148.168s][info][gc,marking  ] GC(7468) Concurrent Mark
[2025-01-09T02:37:57.802+0000][195148.168s][info][gc,marking  ] GC(7468) Concurrent Mark From Roots
[2025-01-09T02:37:57.802+0000][195148.168s][info][gc,task     ] GC(7468) Using 2 workers of 2 for marking
[2025-01-09T02:37:58.683+0000][195149.049s][info][gc,marking  ] GC(7468) Concurrent Mark From Roots 880.636ms
[2025-01-09T02:37:58.683+0000][195149.049s][info][gc,marking  ] GC(7468) Concurrent Preclean
[2025-01-09T02:37:58.686+0000][195149.052s][info][gc,marking  ] GC(7468) Concurrent Preclean 2.862ms
[2025-01-09T02:37:58.686+0000][195149.052s][info][gc,start    ] GC(7468) Pause Remark
[2025-01-09T02:37:58.711+0000][195149.078s][info][gc          ] GC(7468) Pause Remark 3222M->3222M(12288M) 25.788ms
[2025-01-09T02:37:58.712+0000][195149.078s][info][gc,cpu      ] GC(7468) User=0.15s Sys=0.00s Real=0.03s
[2025-01-09T02:37:58.712+0000][195149.078s][info][gc,marking  ] GC(7468) Concurrent Mark 909.612ms
[2025-01-09T02:37:58.712+0000][195149.078s][info][gc,marking  ] GC(7468) Concurrent Rebuild Remembered Sets
[2025-01-09T02:37:59.256+0000][195149.622s][info][gc,marking  ] GC(7468) Concurrent Rebuild Remembered Sets 544.210ms
[2025-01-09T02:37:59.256+0000][195149.622s][info][gc,start    ] GC(7468) Pause Cleanup
[2025-01-09T02:37:59.256+0000][195149.622s][info][gc          ] GC(7468) Pause Cleanup 3738M->3738M(12288M) 0.389ms
[2025-01-09T02:37:59.256+0000][195149.623s][info][gc,cpu      ] GC(7468) User=0.00s Sys=0.00s Real=0.00s
[2025-01-09T02:37:59.256+0000][195149.623s][info][gc,marking  ] GC(7468) Concurrent Cleanup for Next Mark
[2025-01-09T02:37:59.272+0000][195149.638s][info][gc,marking  ] GC(7468) Concurrent Cleanup for Next Mark 15.457ms
[2025-01-09T02:37:59.272+0000][195149.638s][info][gc          ] GC(7468) Concurrent Mark Cycle 1499.094ms
[2025-01-09T02:38:04.600+0000][195154.966s][info][gc,start    ] GC(7469) Pause Young (Prepare Mixed) (G1 Evacuation Pause)
[2025-01-09T02:38:04.600+0000][195154.966s][info][gc,task     ] GC(7469) Using 6 workers of 6 for evacuation
[2025-01-09T02:38:04.638+0000][195155.004s][info][gc,phases   ] GC(7469)   Pre Evacuate Collection Set: 0.2ms
[2025-01-09T02:38:04.638+0000][195155.004s][info][gc,phases   ] GC(7469)   Merge Heap Roots: 0.7ms
[2025-01-09T02:38:04.638+0000][195155.004s][info][gc,phases   ] GC(7469)   Evacuate Collection Set: 32.8ms
[2025-01-09T02:38:04.638+0000][195155.004s][info][gc,phases   ] GC(7469)   Post Evacuate Collection Set: 4.0ms
[2025-01-09T02:38:04.638+0000][195155.004s][info][gc,phases   ] GC(7469)   Other: 0.2ms
[2025-01-09T02:38:04.638+0000][195155.004s][info][gc,heap     ] GC(7469) Eden regions: 911->0(66)
[2025-01-09T02:38:04.638+0000][195155.004s][info][gc,heap     ] GC(7469) Survivor regions: 10->10(116)
[2025-01-09T02:38:04.638+0000][195155.004s][info][gc,heap     ] GC(7469) Old regions: 227->227
[2025-01-09T02:38:04.638+0000][195155.004s][info][gc,heap     ] GC(7469) Archive regions: 2->2
[2025-01-09T02:38:04.638+0000][195155.004s][info][gc,heap     ] GC(7469) Humongous regions: 49->49
[2025-01-09T02:38:04.638+0000][195155.004s][info][gc,metaspace] GC(7469) Metaspace: 524916K(534272K)->524916K(534272K) NonClass: 460948K(465536K)->460948K(465536K) Class: 63968K(68736K)->63968K(68736K)
[2025-01-09T02:38:04.638+0000][195155.004s][info][gc          ] GC(7469) Pause Young (Prepare Mixed) (G1 Evacuation Pause) 9578M->2294M(12288M) 37.943ms
[2025-01-09T02:38:04.638+0000][195155.004s][info][gc,cpu      ] GC(7469) User=0.22s Sys=0.00s Real=0.04s
[2025-01-09T02:38:05.063+0000][195155.429s][info][gc,start    ] GC(7470) Pause Young (Mixed) (G1 Evacuation Pause)
[2025-01-09T02:38:05.063+0000][195155.429s][info][gc,task     ] GC(7470) Using 6 workers of 6 for evacuation
[2025-01-09T02:38:05.118+0000][195155.484s][info][gc,phases   ] GC(7470)   Pre Evacuate Collection Set: 0.2ms
[2025-01-09T02:38:05.118+0000][195155.484s][info][gc,phases   ] GC(7470)   Merge Heap Roots: 0.6ms
[2025-01-09T02:38:05.118+0000][195155.484s][info][gc,phases   ] GC(7470)   Evacuate Collection Set: 52.4ms
[2025-01-09T02:38:05.118+0000][195155.484s][info][gc,phases   ] GC(7470)   Post Evacuate Collection Set: 1.6ms
[2025-01-09T02:38:05.118+0000][195155.484s][info][gc,phases   ] GC(7470)   Other: 0.2ms
[2025-01-09T02:38:05.118+0000][195155.484s][info][gc,heap     ] GC(7470) Eden regions: 66->0(916)
[2025-01-09T02:38:05.118+0000][195155.484s][info][gc,heap     ] GC(7470) Survivor regions: 10->5(10)
[2025-01-09T02:38:05.118+0000][195155.484s][info][gc,heap     ] GC(7470) Old regions: 227->228
[2025-01-09T02:38:05.118+0000][195155.484s][info][gc,heap     ] GC(7470) Archive regions: 2->2
[2025-01-09T02:38:05.118+0000][195155.484s][info][gc,heap     ] GC(7470) Humongous regions: 49->49
[2025-01-09T02:38:05.118+0000][195155.484s][info][gc,metaspace] GC(7470) Metaspace: 524916K(534272K)->524916K(534272K) NonClass: 460948K(465536K)->460948K(465536K) Class: 63968K(68736K)->63968K(68736K)
[2025-01-09T02:38:05.118+0000][195155.484s][info][gc          ] GC(7470) Pause Young (Mixed) (G1 Evacuation Pause) 2822M->2260M(12288M) 55.034ms
[2025-01-09T02:38:05.118+0000][195155.484s][info][gc,cpu      ] GC(7470) User=0.32s Sys=0.01s Real=0.05s
[2025-01-09T02:38:12.643+0000][195163.009s][info][gc,start    ] GC(7471) Pause Young (Normal) (G1 Evacuation Pause)
[2025-01-09T02:38:12.643+0000][195163.009s][info][gc,task     ] GC(7471) Using 6 workers of 6 for evacuation
[2025-01-09T02:38:12.670+0000][195163.036s][info][gc,phases   ] GC(7471)   Pre Evacuate Collection Set: 0.2ms
[2025-01-09T02:38:12.670+0000][195163.036s][info][gc,phases   ] GC(7471)   Merge Heap Roots: 0.4ms
[2025-01-09T02:38:12.670+0000][195163.036s][info][gc,phases   ] GC(7471)   Evacuate Collection Set: 23.3ms
[2025-01-09T02:38:12.670+0000][195163.036s][info][gc,phases   ] GC(7471)   Post Evacuate Collection Set: 2.7ms
[2025-01-09T02:38:12.670+0000][195163.036s][info][gc,phases   ] GC(7471)   Other: 0.2ms
[2025-01-09T02:38:12.670+0000][195163.036s][info][gc,heap     ] GC(7471) Eden regions: 916->0(915)
[2025-01-09T02:38:12.670+0000][195163.036s][info][gc,heap     ] GC(7471) Survivor regions: 5->6(116)
[2025-01-09T02:38:12.670+0000][195163.036s][info][gc,heap     ] GC(7471) Old regions: 228->228
[2025-01-09T02:38:12.670+0000][195163.036s][info][gc,heap     ] GC(7471) Archive regions: 2->2
[2025-01-09T02:38:12.670+0000][195163.036s][info][gc,heap     ] GC(7471) Humongous regions: 49->49
[2025-01-09T02:38:12.670+0000][195163.036s][info][gc,metaspace] GC(7471) Metaspace: 524916K(534272K)->524916K(534272K) NonClass: 460948K(465536K)->460948K(465536K) Class: 63968K(68736K)->63968K(68736K)
[2025-01-09T02:38:12.670+0000][195163.036s][info][gc          ] GC(7471) Pause Young (Normal) (G1 Evacuation Pause) 9588M->2264M(12288M) 26.934ms
[2025-01-09T02:38:12.670+0000][195163.036s][info][gc,cpu      ] GC(7471) User=0.16s Sys=0.00s Real=0.03s
[2025-01-09T02:38:22.082+0000][195172.448s][info][gc,start    ] GC(7472) Pause Young (Normal) (G1 Evacuation Pause)
[2025-01-09T02:38:22.082+0000][195172.448s][info][gc,task     ] GC(7472) Using 6 workers of 6 for evacuation
[2025-01-09T02:38:22.108+0000][195172.474s][info][gc,phases   ] GC(7472)   Pre Evacuate Collection Set: 0.2ms
[2025-01-09T02:38:22.108+0000][195172.474s][info][gc,phases   ] GC(7472)   Merge Heap Roots: 0.4ms
[2025-01-09T02:38:22.108+0000][195172.474s][info][gc,phases   ] GC(7472)   Evacuate Collection Set: 22.6ms
[2025-01-09T02:38:22.108+0000][195172.474s][info][gc,phases   ] GC(7472)   Post Evacuate Collection Set: 2.5ms
[2025-01-09T02:38:22.108+0000][195172.474s][info][gc,phases   ] GC(7472)   Other: 0.2ms
[2025-01-09T02:38:22.108+0000][195172.474s][info][gc,heap     ] GC(7472) Eden regions: 915->0(914)
[2025-01-09T02:38:22.108+0000][195172.474s][info][gc,heap     ] GC(7472) Survivor regions: 6->7(116)
[2025-01-09T02:38:22.108+0000][195172.474s][info][gc,heap     ] GC(7472) Old regions: 228->228
[2025-01-09T02:38:22.108+0000][195172.474s][info][gc,heap     ] GC(7472) Archive regions: 2->2
[2025-01-09T02:38:22.108+0000][195172.474s][info][gc,heap     ] GC(7472) Humongous regions: 49->49
[2025-01-09T02:38:22.108+0000][195172.474s][info][gc,metaspace] GC(7472) Metaspace: 524916K(534272K)->524916K(534272K) NonClass: 460948K(465536K)->460948K(465536K) Class: 63968K(68736K)->63968K(68736K)
[2025-01-09T02:38:22.108+0000][195172.474s][info][gc          ] GC(7472) Pause Young (Normal) (G1 Evacuation Pause) 9584M->2271M(12288M) 25.994ms
[2025-01-09T02:38:22.108+0000][195172.474s][info][gc,cpu      ] GC(7472) User=0.15s Sys=0.00s Real=0.02s
[2025-01-09T02:38:32.063+0000][195182.429s][info][gc,start    ] GC(7473) Pause Young (Concurrent Start) (G1 Evacuation Pause)
[2025-01-09T02:38:32.063+0000][195182.429s][info][gc,task     ] GC(7473) Using 6 workers of 6 for evacuation
[2025-01-09T02:38:32.095+0000][195182.462s][info][gc,phases   ] GC(7473)   Pre Evacuate Collection Set: 1.1ms
[2025-01-09T02:38:32.095+0000][195182.462s][info][gc,phases   ] GC(7473)   Merge Heap Roots: 0.5ms
[2025-01-09T02:38:32.095+0000][195182.462s][info][gc,phases   ] GC(7473)   Evacuate Collection Set: 27.9ms
[2025-01-09T02:38:32.095+0000][195182.462s][info][gc,phases   ] GC(7473)   Post Evacuate Collection Set: 2.6ms
[2025-01-09T02:38:32.095+0000][195182.462s][info][gc,phases   ] GC(7473)   Other: 0.3ms
[2025-01-09T02:38:32.095+0000][195182.462s][info][gc,heap     ] GC(7473) Eden regions: 914->0(913)
[2025-01-09T02:38:32.095+0000][195182.462s][info][gc,heap     ] GC(7473) Survivor regions: 7->8(116)
[2025-01-09T02:38:32.095+0000][195182.462s][info][gc,heap     ] GC(7473) Old regions: 228->228
[2025-01-09T02:38:32.095+0000][195182.462s][info][gc,heap     ] GC(7473) Archive regions: 2->2
[2025-01-09T02:38:32.096+0000][195182.462s][info][gc,heap     ] GC(7473) Humongous regions: 49->49
[2025-01-09T02:38:32.096+0000][195182.462s][info][gc,metaspace] GC(7473) Metaspace: 524916K(534272K)->524916K(534272K) NonClass: 460948K(465536K)->460948K(465536K) Class: 63968K(68736K)->63968K(68736K)
[2025-01-09T02:38:32.096+0000][195182.462s][info][gc          ] GC(7473) Pause Young (Concurrent Start) (G1 Evacuation Pause) 9583M->2284M(12288M) 32.503ms
[2025-01-09T02:38:32.096+0000][195182.462s][info][gc,cpu      ] GC(7473) User=0.19s Sys=0.00s Real=0.03s
[2025-01-09T02:38:32.096+0000][195182.462s][info][gc          ] GC(7474) Concurrent Mark Cycle
[2025-01-09T02:38:32.096+0000][195182.462s][info][gc,marking  ] GC(7474) Concurrent Clear Claimed Marks
[2025-01-09T02:38:32.097+0000][195182.463s][info][gc,marking  ] GC(7474) Concurrent Clear Claimed Marks 0.904ms
[2025-01-09T02:38:32.097+0000][195182.463s][info][gc,marking  ] GC(7474) Concurrent Scan Root Regions
[2025-01-09T02:38:32.117+0000][195182.483s][info][gc,marking  ] GC(7474) Concurrent Scan Root Regions 20.184ms
[2025-01-09T02:38:32.117+0000][195182.483s][info][gc,marking  ] GC(7474) Concurrent Mark
[2025-01-09T02:38:32.117+0000][195182.483s][info][gc,marking  ] GC(7474) Concurrent Mark From Roots
[2025-01-09T02:38:32.117+0000][195182.483s][info][gc,task     ] GC(7474) Using 2 workers of 2 for marking
[2025-01-09T02:38:32.896+0000][195183.263s][info][gc,marking  ] GC(7474) Concurrent Mark From Roots 779.639ms
[2025-01-09T02:38:32.896+0000][195183.263s][info][gc,marking  ] GC(7474) Concurrent Preclean
[2025-01-09T02:38:32.899+0000][195183.265s][info][gc,marking  ] GC(7474) Concurrent Preclean 2.769ms
[2025-01-09T02:38:32.899+0000][195183.265s][info][gc,start    ] GC(7474) Pause Remark
[2025-01-09T02:38:32.925+0000][195183.291s][info][gc          ] GC(7474) Pause Remark 2948M->2948M(12288M) 25.878ms
[2025-01-09T02:38:32.925+0000][195183.291s][info][gc,cpu      ] GC(7474) User=0.15s Sys=0.00s Real=0.03s
[2025-01-09T02:38:32.925+0000][195183.292s][info][gc,marking  ] GC(7474) Concurrent Mark 808.642ms
[2025-01-09T02:38:32.925+0000][195183.292s][info][gc,marking  ] GC(7474) Concurrent Rebuild Remembered Sets
[2025-01-09T02:38:33.489+0000][195183.855s][info][gc,marking  ] GC(7474) Concurrent Rebuild Remembered Sets 563.706ms
[2025-01-09T02:38:33.489+0000][195183.855s][info][gc,start    ] GC(7474) Pause Cleanup
[2025-01-09T02:38:33.490+0000][195183.856s][info][gc          ] GC(7474) Pause Cleanup 3508M->3508M(12288M) 0.436ms
[2025-01-09T02:38:33.490+0000][195183.856s][info][gc,cpu      ] GC(7474) User=0.00s Sys=0.00s Real=0.01s
[2025-01-09T02:38:33.490+0000][195183.856s][info][gc,marking  ] GC(7474) Concurrent Cleanup for Next Mark
[2025-01-09T02:38:33.506+0000][195183.872s][info][gc,marking  ] GC(7474) Concurrent Cleanup for Next Mark 16.220ms
[2025-01-09T02:38:33.506+0000][195183.872s][info][gc          ] GC(7474) Concurrent Mark Cycle 1410.538ms
[2025-01-09T02:38:39.769+0000][195190.135s][info][gc,start    ] GC(7475) Pause Young (Prepare Mixed) (G1 Evacuation Pause)
[2025-01-09T02:38:39.769+0000][195190.135s][info][gc,task     ] GC(7475) Using 6 workers of 6 for evacuation
[2025-01-09T02:38:39.803+0000][195190.169s][info][gc,phases   ] GC(7475)   Pre Evacuate Collection Set: 0.2ms
[2025-01-09T02:38:39.803+0000][195190.169s][info][gc,phases   ] GC(7475)   Merge Heap Roots: 0.7ms
[2025-01-09T02:38:39.803+0000][195190.169s][info][gc,phases   ] GC(7475)   Evacuate Collection Set: 30.2ms
[2025-01-09T02:38:39.803+0000][195190.169s][info][gc,phases   ] GC(7475)   Post Evacuate Collection Set: 2.7ms
[2025-01-09T02:38:39.803+0000][195190.169s][info][gc,phases   ] GC(7475)   Other: 0.2ms
[2025-01-09T02:38:39.803+0000][195190.169s][info][gc,heap     ] GC(7475) Eden regions: 913->0(67)
[2025-01-09T02:38:39.803+0000][195190.169s][info][gc,heap     ] GC(7475) Survivor regions: 8->9(116)
[2025-01-09T02:38:39.803+0000][195190.169s][info][gc,heap     ] GC(7475) Old regions: 228->228
[2025-01-09T02:38:39.803+0000][195190.169s][info][gc,heap     ] GC(7475) Archive regions: 2->2
[2025-01-09T02:38:39.803+0000][195190.169s][info][gc,heap     ] GC(7475) Humongous regions: 49->49
[2025-01-09T02:38:39.803+0000][195190.169s][info][gc,metaspace] GC(7475) Metaspace: 524916K(534272K)->524916K(534272K) NonClass: 460948K(465536K)->460948K(465536K) Class: 63968K(68736K)->63968K(68736K)
[2025-01-09T02:38:39.803+0000][195190.169s][info][gc          ] GC(7475) Pause Young (Prepare Mixed) (G1 Evacuation Pause) 9588M->2291M(12288M) 34.072ms
[2025-01-09T02:38:39.803+0000][195190.169s][info][gc,cpu      ] GC(7475) User=0.20s Sys=0.00s Real=0.04s
[2025-01-09T02:38:40.312+0000][195190.678s][info][gc,start    ] GC(7476) Pause Young (Mixed) (G1 Evacuation Pause)
[2025-01-09T02:38:40.312+0000][195190.678s][info][gc,task     ] GC(7476) Using 6 workers of 6 for evacuation
[2025-01-09T02:38:40.385+0000][195190.751s][info][gc,phases   ] GC(7476)   Pre Evacuate Collection Set: 0.2ms
[2025-01-09T02:38:40.385+0000][195190.751s][info][gc,phases   ] GC(7476)   Merge Heap Roots: 0.7ms
[2025-01-09T02:38:40.385+0000][195190.751s][info][gc,phases   ] GC(7476)   Evacuate Collection Set: 69.8ms
[2025-01-09T02:38:40.385+0000][195190.751s][info][gc,phases   ] GC(7476)   Post Evacuate Collection Set: 2.4ms
[2025-01-09T02:38:40.385+0000][195190.751s][info][gc,phases   ] GC(7476)   Other: 0.2ms
[2025-01-09T02:38:40.385+0000][195190.751s][info][gc,heap     ] GC(7476) Eden regions: 67->0(916)
[2025-01-09T02:38:40.385+0000][195190.751s][info][gc,heap     ] GC(7476) Survivor regions: 9->5(10)
[2025-01-09T02:38:40.385+0000][195190.751s][info][gc,heap     ] GC(7476) Old regions: 228->228
[2025-01-09T02:38:40.385+0000][195190.751s][info][gc,heap     ] GC(7476) Archive regions: 2->2
[2025-01-09T02:38:40.385+0000][195190.751s][info][gc,heap     ] GC(7476) Humongous regions: 49->49
[2025-01-09T02:38:40.385+0000][195190.751s][info][gc,metaspace] GC(7476) Metaspace: 524916K(534272K)->524916K(534272K) NonClass: 460948K(465536K)->460948K(465536K) Class: 63968K(68736K)->63968K(68736K)
[2025-01-09T02:38:40.385+0000][195190.751s][info][gc          ] GC(7476) Pause Young (Mixed) (G1 Evacuation Pause) 2827M->2255M(12288M) 73.369ms
[2025-01-09T02:38:40.385+0000][195190.751s][info][gc,cpu      ] GC(7476) User=0.41s Sys=0.00s Real=0.07s
[2025-01-09T02:38:47.045+0000][195197.412s][info][gc,start    ] GC(7477) Pause Young (Normal) (G1 Evacuation Pause)
[2025-01-09T02:38:47.046+0000][195197.412s][info][gc,task     ] GC(7477) Using 6 workers of 6 for evacuation
[2025-01-09T02:38:47.070+0000][195197.436s][info][gc,phases   ] GC(7477)   Pre Evacuate Collection Set: 0.2ms
[2025-01-09T02:38:47.070+0000][195197.436s][info][gc,phases   ] GC(7477)   Merge Heap Roots: 0.4ms
[2025-01-09T02:38:47.070+0000][195197.436s][info][gc,phases   ] GC(7477)   Evacuate Collection Set: 19.9ms
[2025-01-09T02:38:47.070+0000][195197.436s][info][gc,phases   ] GC(7477)   Post Evacuate Collection Set: 3.7ms
[2025-01-09T02:38:47.070+0000][195197.436s][info][gc,phases   ] GC(7477)   Other: 0.2ms
[2025-01-09T02:38:47.070+0000][195197.436s][info][gc,heap     ] GC(7477) Eden regions: 916->0(915)
[2025-01-09T02:38:47.070+0000][195197.436s][info][gc,heap     ] GC(7477) Survivor regions: 5->6(116)
[2025-01-09T02:38:47.070+0000][195197.436s][info][gc,heap     ] GC(7477) Old regions: 228->228
[2025-01-09T02:38:47.070+0000][195197.436s][info][gc,heap     ] GC(7477) Archive regions: 2->2
[2025-01-09T02:38:47.070+0000][195197.436s][info][gc,heap     ] GC(7477) Humongous regions: 49->49
[2025-01-09T02:38:47.070+0000][195197.436s][info][gc,metaspace] GC(7477) Metaspace: 524916K(534272K)->524916K(534272K) NonClass: 460948K(465536K)->460948K(465536K) Class: 63968K(68736K)->63968K(68736K)
[2025-01-09T02:38:47.070+0000][195197.436s][info][gc          ] GC(7477) Pause Young (Normal) (G1 Evacuation Pause) 9583M->2266M(12288M) 24.541ms
[2025-01-09T02:38:47.070+0000][195197.436s][info][gc,cpu      ] GC(7477) User=0.14s Sys=0.00s Real=0.03s
[2025-01-09T02:38:52.848+0000][195203.214s][info][gc,start    ] GC(7478) Pause Young (Normal) (G1 Evacuation Pause)
[2025-01-09T02:38:52.848+0000][195203.214s][info][gc,task     ] GC(7478) Using 6 workers of 6 for evacuation
[2025-01-09T02:38:52.872+0000][195203.238s][info][gc,phases   ] GC(7478)   Pre Evacuate Collection Set: 0.2ms
[2025-01-09T02:38:52.872+0000][195203.239s][info][gc,phases   ] GC(7478)   Merge Heap Roots: 0.4ms
[2025-01-09T02:38:52.872+0000][195203.239s][info][gc,phases   ] GC(7478)   Evacuate Collection Set: 20.4ms
[2025-01-09T02:38:52.872+0000][195203.239s][info][gc,phases   ] GC(7478)   Post Evacuate Collection Set: 3.7ms
[2025-01-09T02:38:52.872+0000][195203.239s][info][gc,phases   ] GC(7478)   Other: 0.2ms
[2025-01-09T02:38:52.872+0000][195203.239s][info][gc,heap     ] GC(7478) Eden regions: 915->0(914)
[2025-01-09T02:38:52.872+0000][195203.239s][info][gc,heap     ] GC(7478) Survivor regions: 6->7(116)
[2025-01-09T02:38:52.872+0000][195203.239s][info][gc,heap     ] GC(7478) Old regions: 228->228
[2025-01-09T02:38:52.872+0000][195203.239s][info][gc,heap     ] GC(7478) Archive regions: 2->2
[2025-01-09T02:38:52.872+0000][195203.239s][info][gc,heap     ] GC(7478) Humongous regions: 49->49
[2025-01-09T02:38:52.872+0000][195203.239s][info][gc,metaspace] GC(7478) Metaspace: 524916K(534272K)->524916K(534272K) NonClass: 460948K(465536K)->460948K(465536K) Class: 63968K(68736K)->63968K(68736K)
[2025-01-09T02:38:52.872+0000][195203.239s][info][gc          ] GC(7478) Pause Young (Normal) (G1 Evacuation Pause) 9586M->2272M(12288M) 24.989ms
[2025-01-09T02:38:52.873+0000][195203.239s][info][gc,cpu      ] GC(7478) User=0.14s Sys=0.00s Real=0.03s
[2025-01-09T02:38:58.393+0000][195208.759s][info][gc,start    ] GC(7479) Pause Young (Concurrent Start) (G1 Evacuation Pause)
[2025-01-09T02:38:58.393+0000][195208.759s][info][gc,task     ] GC(7479) Using 6 workers of 6 for evacuation
[2025-01-09T02:38:58.423+0000][195208.789s][info][gc,phases   ] GC(7479)   Pre Evacuate Collection Set: 1.1ms
[2025-01-09T02:38:58.423+0000][195208.789s][info][gc,phases   ] GC(7479)   Merge Heap Roots: 0.4ms
[2025-01-09T02:38:58.423+0000][195208.789s][info][gc,phases   ] GC(7479)   Evacuate Collection Set: 24.4ms
[2025-01-09T02:38:58.423+0000][195208.789s][info][gc,phases   ] GC(7479)   Post Evacuate Collection Set: 3.1ms
[2025-01-09T02:38:58.423+0000][195208.789s][info][gc,phases   ] GC(7479)   Other: 0.3ms
[2025-01-09T02:38:58.423+0000][195208.789s][info][gc,heap     ] GC(7479) Eden regions: 914->0(911)
[2025-01-09T02:38:58.423+0000][195208.789s][info][gc,heap     ] GC(7479) Survivor regions: 7->10(116)
[2025-01-09T02:38:58.423+0000][195208.789s][info][gc,heap     ] GC(7479) Old regions: 228->228
[2025-01-09T02:38:58.423+0000][195208.789s][info][gc,heap     ] GC(7479) Archive regions: 2->2
[2025-01-09T02:38:58.423+0000][195208.789s][info][gc,heap     ] GC(7479) Humongous regions: 49->49
[2025-01-09T02:38:58.423+0000][195208.789s][info][gc,metaspace] GC(7479) Metaspace: 524916K(534272K)->524916K(534272K) NonClass: 460948K(465536K)->460948K(465536K) Class: 63968K(68736K)->63968K(68736K)
[2025-01-09T02:38:58.423+0000][195208.789s][info][gc          ] GC(7479) Pause Young (Concurrent Start) (G1 Evacuation Pause) 9584M->2292M(12288M) 29.434ms
[2025-01-09T02:38:58.423+0000][195208.789s][info][gc,cpu      ] GC(7479) User=0.17s Sys=0.00s Real=0.03s
[2025-01-09T02:38:58.423+0000][195208.789s][info][gc          ] GC(7480) Concurrent Mark Cycle
[2025-01-09T02:38:58.423+0000][195208.789s][info][gc,marking  ] GC(7480) Concurrent Clear Claimed Marks
[2025-01-09T02:38:58.424+0000][195208.790s][info][gc,marking  ] GC(7480) Concurrent Clear Claimed Marks 0.939ms
[2025-01-09T02:38:58.424+0000][195208.790s][info][gc,marking  ] GC(7480) Concurrent Scan Root Regions
[2025-01-09T02:38:58.453+0000][195208.819s][info][gc,marking  ] GC(7480) Concurrent Scan Root Regions 29.344ms
[2025-01-09T02:38:58.453+0000][195208.819s][info][gc,marking  ] GC(7480) Concurrent Mark
[2025-01-09T02:38:58.453+0000][195208.819s][info][gc,marking  ] GC(7480) Concurrent Mark From Roots
[2025-01-09T02:38:58.453+0000][195208.819s][info][gc,task     ] GC(7480) Using 2 workers of 2 for marking
[2025-01-09T02:38:59.378+0000][195209.744s][info][gc,marking  ] GC(7480) Concurrent Mark From Roots 924.772ms
[2025-01-09T02:38:59.378+0000][195209.744s][info][gc,marking  ] GC(7480) Concurrent Preclean
[2025-01-09T02:38:59.381+0000][195209.747s][info][gc,marking  ] GC(7480) Concurrent Preclean 2.656ms
[2025-01-09T02:38:59.381+0000][195209.747s][info][gc,start    ] GC(7480) Pause Remark
[2025-01-09T02:38:59.406+0000][195209.773s][info][gc          ] GC(7480) Pause Remark 3720M->3720M(12288M) 25.676ms
[2025-01-09T02:38:59.406+0000][195209.773s][info][gc,cpu      ] GC(7480) User=0.13s Sys=0.01s Real=0.03s
[2025-01-09T02:38:59.407+0000][195209.773s][info][gc,marking  ] GC(7480) Concurrent Mark 953.447ms
[2025-01-09T02:38:59.407+0000][195209.773s][info][gc,marking  ] GC(7480) Concurrent Rebuild Remembered Sets
[2025-01-09T02:38:59.906+0000][195210.272s][info][gc,marking  ] GC(7480) Concurrent Rebuild Remembered Sets 499.330ms
[2025-01-09T02:38:59.906+0000][195210.272s][info][gc,start    ] GC(7480) Pause Cleanup
[2025-01-09T02:38:59.906+0000][195210.273s][info][gc          ] GC(7480) Pause Cleanup 4356M->4356M(12288M) 0.406ms
[2025-01-09T02:38:59.907+0000][195210.273s][info][gc,cpu      ] GC(7480) User=0.01s Sys=0.00s Real=0.00s
[2025-01-09T02:38:59.907+0000][195210.273s][info][gc,marking  ] GC(7480) Concurrent Cleanup for Next Mark
[2025-01-09T02:38:59.922+0000][195210.288s][info][gc,marking  ] GC(7480) Concurrent Cleanup for Next Mark 15.296ms
[2025-01-09T02:38:59.922+0000][195210.288s][info][gc          ] GC(7480) Concurrent Mark Cycle 1499.173ms
[2025-01-09T02:39:03.179+0000][195213.545s][info][gc,start    ] GC(7481) Pause Young (Prepare Mixed) (G1 Evacuation Pause)
[2025-01-09T02:39:03.179+0000][195213.545s][info][gc,task     ] GC(7481) Using 6 workers of 6 for evacuation
[2025-01-09T02:39:03.208+0000][195213.574s][info][gc,phases   ] GC(7481)   Pre Evacuate Collection Set: 0.2ms
[2025-01-09T02:39:03.208+0000][195213.574s][info][gc,phases   ] GC(7481)   Merge Heap Roots: 0.6ms
[2025-01-09T02:39:03.208+0000][195213.574s][info][gc,phases   ] GC(7481)   Evacuate Collection Set: 24.5ms
[2025-01-09T02:39:03.208+0000][195213.574s][info][gc,phases   ] GC(7481)   Post Evacuate Collection Set: 3.0ms
[2025-01-09T02:39:03.208+0000][195213.574s][info][gc,phases   ] GC(7481)   Other: 0.2ms
[2025-01-09T02:39:03.208+0000][195213.574s][info][gc,heap     ] GC(7481) Eden regions: 911->0(68)
[2025-01-09T02:39:03.208+0000][195213.574s][info][gc,heap     ] GC(7481) Survivor regions: 10->8(116)
[2025-01-09T02:39:03.208+0000][195213.574s][info][gc,heap     ] GC(7481) Old regions: 228->228
[2025-01-09T02:39:03.208+0000][195213.574s][info][gc,heap     ] GC(7481) Archive regions: 2->2
[2025-01-09T02:39:03.208+0000][195213.574s][info][gc,heap     ] GC(7481) Humongous regions: 49->49
[2025-01-09T02:39:03.208+0000][195213.574s][info][gc,metaspace] GC(7481) Metaspace: 524916K(534272K)->524916K(534272K) NonClass: 460948K(465536K)->460948K(465536K) Class: 63968K(68736K)->63968K(68736K)
[2025-01-09T02:39:03.208+0000][195213.574s][info][gc          ] GC(7481) Pause Young (Prepare Mixed) (G1 Evacuation Pause) 9580M->2279M(12288M) 28.561ms
[2025-01-09T02:39:03.208+0000][195213.574s][info][gc,cpu      ] GC(7481) User=0.17s Sys=0.00s Real=0.03s
[2025-01-09T02:39:03.494+0000][195213.860s][info][gc,start    ] GC(7482) Pause Young (Mixed) (G1 Evacuation Pause)
[2025-01-09T02:39:03.494+0000][195213.860s][info][gc,task     ] GC(7482) Using 6 workers of 6 for evacuation
[2025-01-09T02:39:03.553+0000][195213.919s][info][gc,phases   ] GC(7482)   Pre Evacuate Collection Set: 0.2ms
[2025-01-09T02:39:03.553+0000][195213.919s][info][gc,phases   ] GC(7482)   Merge Heap Roots: 0.6ms
[2025-01-09T02:39:03.553+0000][195213.919s][info][gc,phases   ] GC(7482)   Evacuate Collection Set: 56.9ms
[2025-01-09T02:39:03.553+0000][195213.919s][info][gc,phases   ] GC(7482)   Post Evacuate Collection Set: 1.8ms
[2025-01-09T02:39:03.553+0000][195213.919s][info][gc,phases   ] GC(7482)   Other: 0.2ms
[2025-01-09T02:39:03.553+0000][195213.919s][info][gc,heap     ] GC(7482) Eden regions: 68->0(916)
[2025-01-09T02:39:03.553+0000][195213.919s][info][gc,heap     ] GC(7482) Survivor regions: 8->5(10)
[2025-01-09T02:39:03.553+0000][195213.919s][info][gc,heap     ] GC(7482) Old regions: 228->227
[2025-01-09T02:39:03.553+0000][195213.919s][info][gc,heap     ] GC(7482) Archive regions: 2->2
[2025-01-09T02:39:03.553+0000][195213.919s][info][gc,heap     ] GC(7482) Humongous regions: 49->49
[2025-01-09T02:39:03.553+0000][195213.919s][info][gc,metaspace] GC(7482) Metaspace: 524916K(534272K)->524916K(534272K) NonClass: 460948K(465536K)->460948K(465536K) Class: 63968K(68736K)->63968K(68736K)
[2025-01-09T02:39:03.553+0000][195213.920s][info][gc          ] GC(7482) Pause Young (Mixed) (G1 Evacuation Pause) 2823M->2247M(12288M) 59.665ms
[2025-01-09T02:39:03.553+0000][195213.920s][info][gc,cpu      ] GC(7482) User=0.34s Sys=0.00s Real=0.06s
[2025-01-09T02:39:09.883+0000][195220.249s][info][gc,start    ] GC(7483) Pause Young (Normal) (G1 Evacuation Pause)
[2025-01-09T02:39:09.883+0000][195220.249s][info][gc,task     ] GC(7483) Using 6 workers of 6 for evacuation
[2025-01-09T02:39:09.910+0000][195220.276s][info][gc,phases   ] GC(7483)   Pre Evacuate Collection Set: 0.2ms
[2025-01-09T02:39:09.910+0000][195220.276s][info][gc,phases   ] GC(7483)   Merge Heap Roots: 0.4ms
[2025-01-09T02:39:09.910+0000][195220.276s][info][gc,phases   ] GC(7483)   Evacuate Collection Set: 23.7ms
[2025-01-09T02:39:09.910+0000][195220.276s][info][gc,phases   ] GC(7483)   Post Evacuate Collection Set: 2.6ms
[2025-01-09T02:39:09.910+0000][195220.276s][info][gc,phases   ] GC(7483)   Other: 0.2ms
[2025-01-09T02:39:09.910+0000][195220.276s][info][gc,heap     ] GC(7483) Eden regions: 916->0(915)
[2025-01-09T02:39:09.910+0000][195220.276s][info][gc,heap     ] GC(7483) Survivor regions: 5->6(116)
[2025-01-09T02:39:09.910+0000][195220.276s][info][gc,heap     ] GC(7483) Old regions: 227->227
[2025-01-09T02:39:09.910+0000][195220.276s][info][gc,heap     ] GC(7483) Archive regions: 2->2
[2025-01-09T02:39:09.910+0000][195220.276s][info][gc,heap     ] GC(7483) Humongous regions: 49->49
[2025-01-09T02:39:09.910+0000][195220.276s][info][gc,metaspace] GC(7483) Metaspace: 524916K(534272K)->524916K(534272K) NonClass: 460948K(465536K)->460948K(465536K) Class: 63968K(68736K)->63968K(68736K)
[2025-01-09T02:39:09.910+0000][195220.276s][info][gc          ] GC(7483) Pause Young (Normal) (G1 Evacuation Pause) 9575M->2251M(12288M) 27.224ms
[2025-01-09T02:39:09.910+0000][195220.276s][info][gc,cpu      ] GC(7483) User=0.16s Sys=0.00s Real=0.03s
[2025-01-09T02:39:20.506+0000][195230.872s][info][gc,start    ] GC(7484) Pause Young (Normal) (G1 Evacuation Pause)
[2025-01-09T02:39:20.506+0000][195230.872s][info][gc,task     ] GC(7484) Using 6 workers of 6 for evacuation
[2025-01-09T02:39:20.539+0000][195230.905s][info][gc,phases   ] GC(7484)   Pre Evacuate Collection Set: 0.2ms
[2025-01-09T02:39:20.539+0000][195230.905s][info][gc,phases   ] GC(7484)   Merge Heap Roots: 0.4ms
[2025-01-09T02:39:20.539+0000][195230.905s][info][gc,phases   ] GC(7484)   Evacuate Collection Set: 29.0ms
[2025-01-09T02:39:20.539+0000][195230.905s][info][gc,phases   ] GC(7484)   Post Evacuate Collection Set: 3.0ms
[2025-01-09T02:39:20.539+0000][195230.905s][info][gc,phases   ] GC(7484)   Other: 0.2ms
[2025-01-09T02:39:20.539+0000][195230.905s][info][gc,heap     ] GC(7484) Eden regions: 915->0(913)
[2025-01-09T02:39:20.539+0000][195230.905s][info][gc,heap     ] GC(7484) Survivor regions: 6->8(116)
[2025-01-09T02:39:20.539+0000][195230.905s][info][gc,heap     ] GC(7484) Old regions: 227->227
[2025-01-09T02:39:20.539+0000][195230.905s][info][gc,heap     ] GC(7484) Archive regions: 2->2
[2025-01-09T02:39:20.539+0000][195230.905s][info][gc,heap     ] GC(7484) Humongous regions: 49->49
[2025-01-09T02:39:20.539+0000][195230.905s][info][gc,metaspace] GC(7484) Metaspace: 524916K(534272K)->524916K(534272K) NonClass: 460948K(465536K)->460948K(465536K) Class: 63968K(68736K)->63968K(68736K)
[2025-01-09T02:39:20.539+0000][195230.905s][info][gc          ] GC(7484) Pause Young (Normal) (G1 Evacuation Pause) 9571M->2268M(12288M) 32.902ms
[2025-01-09T02:39:20.539+0000][195230.905s][info][gc,cpu      ] GC(7484) User=0.20s Sys=0.00s Real=0.03s
[2025-01-09T02:39:29.533+0000][195239.899s][info][gc,start    ] GC(7485) Pause Young (Concurrent Start) (G1 Evacuation Pause)
[2025-01-09T02:39:29.533+0000][195239.899s][info][gc,task     ] GC(7485) Using 6 workers of 6 for evacuation
[2025-01-09T02:39:29.568+0000][195239.934s][info][gc,phases   ] GC(7485)   Pre Evacuate Collection Set: 1.2ms
[2025-01-09T02:39:29.568+0000][195239.934s][info][gc,phases   ] GC(7485)   Merge Heap Roots: 0.5ms
[2025-01-09T02:39:29.568+0000][195239.934s][info][gc,phases   ] GC(7485)   Evacuate Collection Set: 30.6ms
[2025-01-09T02:39:29.568+0000][195239.934s][info][gc,phases   ] GC(7485)   Post Evacuate Collection Set: 2.5ms
[2025-01-09T02:39:29.568+0000][195239.934s][info][gc,phases   ] GC(7485)   Other: 0.3ms
[2025-01-09T02:39:29.568+0000][195239.934s][info][gc,heap     ] GC(7485) Eden regions: 913->0(911)
[2025-01-09T02:39:29.568+0000][195239.934s][info][gc,heap     ] GC(7485) Survivor regions: 8->10(116)
[2025-01-09T02:39:29.568+0000][195239.934s][info][gc,heap     ] GC(7485) Old regions: 227->227
[2025-01-09T02:39:29.568+0000][195239.934s][info][gc,heap     ] GC(7485) Archive regions: 2->2
[2025-01-09T02:39:29.568+0000][195239.934s][info][gc,heap     ] GC(7485) Humongous regions: 49->49
[2025-01-09T02:39:29.568+0000][195239.934s][info][gc,metaspace] GC(7485) Metaspace: 524916K(534272K)->524916K(534272K) NonClass: 460948K(465536K)->460948K(465536K) Class: 63968K(68736K)->63968K(68736K)
[2025-01-09T02:39:29.568+0000][195239.934s][info][gc          ] GC(7485) Pause Young (Concurrent Start) (G1 Evacuation Pause) 9572M->2281M(12288M) 35.090ms
[2025-01-09T02:39:29.568+0000][195239.934s][info][gc,cpu      ] GC(7485) User=0.20s Sys=0.00s Real=0.03s
[2025-01-09T02:39:29.568+0000][195239.934s][info][gc          ] GC(7486) Concurrent Mark Cycle
[2025-01-09T02:39:29.568+0000][195239.934s][info][gc,marking  ] GC(7486) Concurrent Clear Claimed Marks
[2025-01-09T02:39:29.569+0000][195239.935s][info][gc,marking  ] GC(7486) Concurrent Clear Claimed Marks 0.820ms
[2025-01-09T02:39:29.569+0000][195239.935s][info][gc,marking  ] GC(7486) Concurrent Scan Root Regions
[2025-01-09T02:39:29.590+0000][195239.956s][info][gc,marking  ] GC(7486) Concurrent Scan Root Regions 20.977ms
[2025-01-09T02:39:29.590+0000][195239.956s][info][gc,marking  ] GC(7486) Concurrent Mark
[2025-01-09T02:39:29.590+0000][195239.956s][info][gc,marking  ] GC(7486) Concurrent Mark From Roots
[2025-01-09T02:39:29.590+0000][195239.956s][info][gc,task     ] GC(7486) Using 2 workers of 2 for marking
[2025-01-09T02:39:30.514+0000][195240.880s][info][gc,marking  ] GC(7486) Concurrent Mark From Roots 924.629ms
[2025-01-09T02:39:30.514+0000][195240.881s][info][gc,marking  ] GC(7486) Concurrent Preclean
[2025-01-09T02:39:30.518+0000][195240.884s][info][gc,marking  ] GC(7486) Concurrent Preclean 3.724ms
[2025-01-09T02:39:30.518+0000][195240.884s][info][gc,start    ] GC(7486) Pause Remark
[2025-01-09T02:39:30.544+0000][195240.910s][info][gc          ] GC(7486) Pause Remark 3773M->3773M(12288M) 25.759ms
[2025-01-09T02:39:30.544+0000][195240.910s][info][gc,cpu      ] GC(7486) User=0.14s Sys=0.00s Real=0.03s
[2025-01-09T02:39:30.544+0000][195240.910s][info][gc,marking  ] GC(7486) Concurrent Mark 954.500ms
[2025-01-09T02:39:30.544+0000][195240.910s][info][gc,marking  ] GC(7486) Concurrent Rebuild Remembered Sets
[2025-01-09T02:39:31.085+0000][195241.451s][info][gc,marking  ] GC(7486) Concurrent Rebuild Remembered Sets 541.023ms
[2025-01-09T02:39:31.085+0000][195241.452s][info][gc,start    ] GC(7486) Pause Cleanup
[2025-01-09T02:39:31.086+0000][195241.452s][info][gc          ] GC(7486) Pause Cleanup 4269M->4269M(12288M) 0.389ms
[2025-01-09T02:39:31.086+0000][195241.452s][info][gc,cpu      ] GC(7486) User=0.00s Sys=0.00s Real=0.00s
[2025-01-09T02:39:31.086+0000][195241.452s][info][gc,marking  ] GC(7486) Concurrent Cleanup for Next Mark
[2025-01-09T02:39:31.101+0000][195241.467s][info][gc,marking  ] GC(7486) Concurrent Cleanup for Next Mark 15.261ms
[2025-01-09T02:39:31.101+0000][195241.467s][info][gc          ] GC(7486) Concurrent Mark Cycle 1533.391ms
[2025-01-09T02:39:37.742+0000][195248.108s][info][gc,start    ] GC(7487) Pause Young (Prepare Mixed) (G1 Evacuation Pause)
[2025-01-09T02:39:37.742+0000][195248.108s][info][gc,task     ] GC(7487) Using 6 workers of 6 for evacuation
[2025-01-09T02:39:37.782+0000][195248.148s][info][gc,phases   ] GC(7487)   Pre Evacuate Collection Set: 0.2ms
[2025-01-09T02:39:37.782+0000][195248.148s][info][gc,phases   ] GC(7487)   Merge Heap Roots: 0.7ms
[2025-01-09T02:39:37.782+0000][195248.148s][info][gc,phases   ] GC(7487)   Evacuate Collection Set: 36.7ms
[2025-01-09T02:39:37.782+0000][195248.148s][info][gc,phases   ] GC(7487)   Post Evacuate Collection Set: 2.6ms
[2025-01-09T02:39:37.782+0000][195248.148s][info][gc,phases   ] GC(7487)   Other: 0.2ms
[2025-01-09T02:39:37.782+0000][195248.148s][info][gc,heap     ] GC(7487) Eden regions: 911->0(64)
[2025-01-09T02:39:37.782+0000][195248.148s][info][gc,heap     ] GC(7487) Survivor regions: 10->12(116)
[2025-01-09T02:39:37.782+0000][195248.148s][info][gc,heap     ] GC(7487) Old regions: 227->227
[2025-01-09T02:39:37.782+0000][195248.148s][info][gc,heap     ] GC(7487) Archive regions: 2->2
[2025-01-09T02:39:37.782+0000][195248.148s][info][gc,heap     ] GC(7487) Humongous regions: 49->49
[2025-01-09T02:39:37.782+0000][195248.148s][info][gc,metaspace] GC(7487) Metaspace: 524916K(534272K)->524916K(534272K) NonClass: 460948K(465536K)->460948K(465536K) Class: 63968K(68736K)->63968K(68736K)
[2025-01-09T02:39:37.782+0000][195248.148s][info][gc          ] GC(7487) Pause Young (Prepare Mixed) (G1 Evacuation Pause) 9569M->2298M(12288M) 40.429ms
[2025-01-09T02:39:37.782+0000][195248.148s][info][gc,cpu      ] GC(7487) User=0.24s Sys=0.00s Real=0.04s
[2025-01-09T02:39:38.318+0000][195248.684s][info][gc,start    ] GC(7488) Pause Young (Mixed) (G1 Evacuation Pause)
[2025-01-09T02:39:38.318+0000][195248.684s][info][gc,task     ] GC(7488) Using 6 workers of 6 for evacuation
[2025-01-09T02:39:38.391+0000][195248.757s][info][gc,phases   ] GC(7488)   Pre Evacuate Collection Set: 0.2ms
[2025-01-09T02:39:38.391+0000][195248.757s][info][gc,phases   ] GC(7488)   Merge Heap Roots: 0.6ms
[2025-01-09T02:39:38.391+0000][195248.757s][info][gc,phases   ] GC(7488)   Evacuate Collection Set: 69.1ms
[2025-01-09T02:39:38.391+0000][195248.757s][info][gc,phases   ] GC(7488)   Post Evacuate Collection Set: 2.8ms
[2025-01-09T02:39:38.391+0000][195248.757s][info][gc,phases   ] GC(7488)   Other: 0.2ms
[2025-01-09T02:39:38.391+0000][195248.757s][info][gc,heap     ] GC(7488) Eden regions: 64->0(916)
[2025-01-09T02:39:38.391+0000][195248.757s][info][gc,heap     ] GC(7488) Survivor regions: 12->5(10)
[2025-01-09T02:39:38.391+0000][195248.757s][info][gc,heap     ] GC(7488) Old regions: 227->230
[2025-01-09T02:39:38.391+0000][195248.757s][info][gc,heap     ] GC(7488) Archive regions: 2->2
[2025-01-09T02:39:38.391+0000][195248.757s][info][gc,heap     ] GC(7488) Humongous regions: 49->49
[2025-01-09T02:39:38.391+0000][195248.757s][info][gc,metaspace] GC(7488) Metaspace: 524916K(534272K)->524916K(534272K) NonClass: 460948K(465536K)->460948K(465536K) Class: 63968K(68736K)->63968K(68736K)
[2025-01-09T02:39:38.391+0000][195248.757s][info][gc          ] GC(7488) Pause Young (Mixed) (G1 Evacuation Pause) 2810M->2272M(12288M) 72.913ms
[2025-01-09T02:39:38.391+0000][195248.757s][info][gc,cpu      ] GC(7488) User=0.41s Sys=0.00s Real=0.08s
[2025-01-09T02:39:45.592+0000][195255.958s][info][gc,start    ] GC(7489) Pause Young (Normal) (G1 Evacuation Pause)
[2025-01-09T02:39:45.592+0000][195255.958s][info][gc,task     ] GC(7489) Using 6 workers of 6 for evacuation
[2025-01-09T02:39:45.620+0000][195255.986s][info][gc,phases   ] GC(7489)   Pre Evacuate Collection Set: 0.2ms
[2025-01-09T02:39:45.620+0000][195255.986s][info][gc,phases   ] GC(7489)   Merge Heap Roots: 0.4ms
[2025-01-09T02:39:45.620+0000][195255.986s][info][gc,phases   ] GC(7489)   Evacuate Collection Set: 22.2ms
[2025-01-09T02:39:45.620+0000][195255.986s][info][gc,phases   ] GC(7489)   Post Evacuate Collection Set: 4.5ms
[2025-01-09T02:39:45.620+0000][195255.986s][info][gc,phases   ] GC(7489)   Other: 0.2ms
[2025-01-09T02:39:45.620+0000][195255.986s][info][gc,heap     ] GC(7489) Eden regions: 916->0(914)
[2025-01-09T02:39:45.620+0000][195255.986s][info][gc,heap     ] GC(7489) Survivor regions: 5->7(116)
[2025-01-09T02:39:45.620+0000][195255.986s][info][gc,heap     ] GC(7489) Old regions: 230->230
[2025-01-09T02:39:45.620+0000][195255.986s][info][gc,heap     ] GC(7489) Archive regions: 2->2
[2025-01-09T02:39:45.620+0000][195255.986s][info][gc,heap     ] GC(7489) Humongous regions: 49->49
[2025-01-09T02:39:45.620+0000][195255.986s][info][gc,metaspace] GC(7489) Metaspace: 524916K(534272K)->524916K(534272K) NonClass: 460948K(465536K)->460948K(465536K) Class: 63968K(68736K)->63968K(68736K)
[2025-01-09T02:39:45.620+0000][195255.986s][info][gc          ] GC(7489) Pause Young (Normal) (G1 Evacuation Pause) 9600M->2288M(12288M) 27.593ms
[2025-01-09T02:39:45.620+0000][195255.986s][info][gc,cpu      ] GC(7489) User=0.16s Sys=0.00s Real=0.02s
[2025-01-09T02:39:55.653+0000][195266.020s][info][gc,start    ] GC(7490) Pause Young (Normal) (G1 Evacuation Pause)
[2025-01-09T02:39:55.653+0000][195266.020s][info][gc,task     ] GC(7490) Using 6 workers of 6 for evacuation
[2025-01-09T02:39:55.685+0000][195266.051s][info][gc,phases   ] GC(7490)   Pre Evacuate Collection Set: 0.2ms
[2025-01-09T02:39:55.685+0000][195266.051s][info][gc,phases   ] GC(7490)   Merge Heap Roots: 0.4ms
[2025-01-09T02:39:55.685+0000][195266.051s][info][gc,phases   ] GC(7490)   Evacuate Collection Set: 26.7ms
[2025-01-09T02:39:55.685+0000][195266.051s][info][gc,phases   ] GC(7490)   Post Evacuate Collection Set: 4.1ms
[2025-01-09T02:39:55.685+0000][195266.051s][info][gc,phases   ] GC(7490)   Other: 0.2ms
[2025-01-09T02:39:55.685+0000][195266.051s][info][gc,heap     ] GC(7490) Eden regions: 914->0(913)
[2025-01-09T02:39:55.685+0000][195266.051s][info][gc,heap     ] GC(7490) Survivor regions: 7->8(116)
[2025-01-09T02:39:55.685+0000][195266.051s][info][gc,heap     ] GC(7490) Old regions: 230->230
[2025-01-09T02:39:55.685+0000][195266.051s][info][gc,heap     ] GC(7490) Archive regions: 2->2
[2025-01-09T02:39:55.685+0000][195266.051s][info][gc,heap     ] GC(7490) Humongous regions: 49->49
[2025-01-09T02:39:55.685+0000][195266.051s][info][gc,metaspace] GC(7490) Metaspace: 524917K(534272K)->524917K(534272K) NonClass: 460948K(465536K)->460948K(465536K) Class: 63968K(68736K)->63968K(68736K)
[2025-01-09T02:39:55.685+0000][195266.051s][info][gc          ] GC(7490) Pause Young (Normal) (G1 Evacuation Pause) 9600M->2297M(12288M) 31.780ms
[2025-01-09T02:39:55.685+0000][195266.051s][info][gc,cpu      ] GC(7490) User=0.18s Sys=0.00s Real=0.03s
[2025-01-09T02:40:03.454+0000][195273.820s][info][gc,start    ] GC(7491) Pause Young (Concurrent Start) (G1 Evacuation Pause)
[2025-01-09T02:40:03.454+0000][195273.820s][info][gc,task     ] GC(7491) Using 6 workers of 6 for evacuation
[2025-01-09T02:40:03.485+0000][195273.851s][info][gc,phases   ] GC(7491)   Pre Evacuate Collection Set: 1.1ms
[2025-01-09T02:40:03.485+0000][195273.851s][info][gc,phases   ] GC(7491)   Merge Heap Roots: 0.4ms
[2025-01-09T02:40:03.485+0000][195273.851s][info][gc,phases   ] GC(7491)   Evacuate Collection Set: 26.6ms
[2025-01-09T02:40:03.485+0000][195273.851s][info][gc,phases   ] GC(7491)   Post Evacuate Collection Set: 2.4ms
[2025-01-09T02:40:03.485+0000][195273.851s][info][gc,phases   ] GC(7491)   Other: 0.3ms
[2025-01-09T02:40:03.485+0000][195273.851s][info][gc,heap     ] GC(7491) Eden regions: 913->0(913)
[2025-01-09T02:40:03.485+0000][195273.851s][info][gc,heap     ] GC(7491) Survivor regions: 8->8(116)
[2025-01-09T02:40:03.485+0000][195273.851s][info][gc,heap     ] GC(7491) Old regions: 230->230
[2025-01-09T02:40:03.485+0000][195273.851s][info][gc,heap     ] GC(7491) Archive regions: 2->2
[2025-01-09T02:40:03.485+0000][195273.851s][info][gc,heap     ] GC(7491) Humongous regions: 49->49
[2025-01-09T02:40:03.485+0000][195273.851s][info][gc,metaspace] GC(7491) Metaspace: 524917K(534272K)->524917K(534272K) NonClass: 460948K(465536K)->460948K(465536K) Class: 63968K(68736K)->63968K(68736K)
[2025-01-09T02:40:03.485+0000][195273.851s][info][gc          ] GC(7491) Pause Young (Concurrent Start) (G1 Evacuation Pause) 9601M->2298M(12288M) 30.834ms
[2025-01-09T02:40:03.485+0000][195273.851s][info][gc,cpu      ] GC(7491) User=0.18s Sys=0.00s Real=0.03s
[2025-01-09T02:40:03.485+0000][195273.851s][info][gc          ] GC(7492) Concurrent Mark Cycle
[2025-01-09T02:40:03.485+0000][195273.851s][info][gc,marking  ] GC(7492) Concurrent Clear Claimed Marks
[2025-01-09T02:40:03.486+0000][195273.852s][info][gc,marking  ] GC(7492) Concurrent Clear Claimed Marks 0.966ms
[2025-01-09T02:40:03.486+0000][195273.852s][info][gc,marking  ] GC(7492) Concurrent Scan Root Regions
[2025-01-09T02:40:03.510+0000][195273.876s][info][gc,marking  ] GC(7492) Concurrent Scan Root Regions 23.865ms
[2025-01-09T02:40:03.510+0000][195273.876s][info][gc,marking  ] GC(7492) Concurrent Mark
[2025-01-09T02:40:03.510+0000][195273.876s][info][gc,marking  ] GC(7492) Concurrent Mark From Roots
[2025-01-09T02:40:03.510+0000][195273.876s][info][gc,task     ] GC(7492) Using 2 workers of 2 for marking
[2025-01-09T02:40:04.394+0000][195274.760s][info][gc,marking  ] GC(7492) Concurrent Mark From Roots 884.011ms
[2025-01-09T02:40:04.394+0000][195274.760s][info][gc,marking  ] GC(7492) Concurrent Preclean
[2025-01-09T02:40:04.398+0000][195274.764s][info][gc,marking  ] GC(7492) Concurrent Preclean 3.658ms
[2025-01-09T02:40:04.398+0000][195274.764s][info][gc,start    ] GC(7492) Pause Remark
[2025-01-09T02:40:04.425+0000][195274.791s][info][gc          ] GC(7492) Pause Remark 3330M->3330M(12288M) 26.810ms
[2025-01-09T02:40:04.425+0000][195274.791s][info][gc,cpu      ] GC(7492) User=0.15s Sys=0.00s Real=0.03s
[2025-01-09T02:40:04.425+0000][195274.791s][info][gc,marking  ] GC(7492) Concurrent Mark 914.911ms
[2025-01-09T02:40:04.425+0000][195274.791s][info][gc,marking  ] GC(7492) Concurrent Rebuild Remembered Sets
[2025-01-09T02:40:05.076+0000][195275.442s][info][gc,marking  ] GC(7492) Concurrent Rebuild Remembered Sets 650.485ms
[2025-01-09T02:40:05.076+0000][195275.442s][info][gc,start    ] GC(7492) Pause Cleanup
[2025-01-09T02:40:05.076+0000][195275.442s][info][gc          ] GC(7492) Pause Cleanup 3918M->3918M(12288M) 0.426ms
[2025-01-09T02:40:05.076+0000][195275.442s][info][gc,cpu      ] GC(7492) User=0.00s Sys=0.00s Real=0.00s
[2025-01-09T02:40:05.076+0000][195275.442s][info][gc,marking  ] GC(7492) Concurrent Cleanup for Next Mark
[2025-01-09T02:40:05.092+0000][195275.458s][info][gc,marking  ] GC(7492) Concurrent Cleanup for Next Mark 15.333ms
[2025-01-09T02:40:05.092+0000][195275.458s][info][gc          ] GC(7492) Concurrent Mark Cycle 1606.402ms
[2025-01-09T02:40:15.616+0000][195285.982s][info][gc,start    ] GC(7493) Pause Young (Prepare Mixed) (G1 Evacuation Pause)
[2025-01-09T02:40:15.616+0000][195285.982s][info][gc,task     ] GC(7493) Using 6 workers of 6 for evacuation
[2025-01-09T02:40:15.658+0000][195286.024s][info][gc,phases   ] GC(7493)   Pre Evacuate Collection Set: 0.2ms
[2025-01-09T02:40:15.658+0000][195286.024s][info][gc,phases   ] GC(7493)   Merge Heap Roots: 0.7ms
[2025-01-09T02:40:15.658+0000][195286.024s][info][gc,phases   ] GC(7493)   Evacuate Collection Set: 37.8ms
[2025-01-09T02:40:15.658+0000][195286.024s][info][gc,phases   ] GC(7493)   Post Evacuate Collection Set: 2.9ms
[2025-01-09T02:40:15.658+0000][195286.024s][info][gc,phases   ] GC(7493)   Other: 0.2ms
[2025-01-09T02:40:15.658+0000][195286.024s][info][gc,heap     ] GC(7493) Eden regions: 913->0(65)
[2025-01-09T02:40:15.658+0000][195286.024s][info][gc,heap     ] GC(7493) Survivor regions: 8->11(116)
[2025-01-09T02:40:15.658+0000][195286.024s][info][gc,heap     ] GC(7493) Old regions: 230->230
[2025-01-09T02:40:15.658+0000][195286.024s][info][gc,heap     ] GC(7493) Archive regions: 2->2
[2025-01-09T02:40:15.658+0000][195286.024s][info][gc,heap     ] GC(7493) Humongous regions: 49->49
[2025-01-09T02:40:15.658+0000][195286.024s][info][gc,metaspace] GC(7493) Metaspace: 524917K(534272K)->524917K(534272K) NonClass: 460948K(465536K)->460948K(465536K) Class: 63968K(68736K)->63968K(68736K)
[2025-01-09T02:40:15.658+0000][195286.024s][info][gc          ] GC(7493) Pause Young (Prepare Mixed) (G1 Evacuation Pause) 9602M->2322M(12288M) 41.876ms
[2025-01-09T02:40:15.658+0000][195286.024s][info][gc,cpu      ] GC(7493) User=0.24s Sys=0.00s Real=0.04s
[2025-01-09T02:40:16.234+0000][195286.600s][info][gc,start    ] GC(7494) Pause Young (Mixed) (G1 Evacuation Pause)
[2025-01-09T02:40:16.234+0000][195286.600s][info][gc,task     ] GC(7494) Using 6 workers of 6 for evacuation
[2025-01-09T02:40:16.280+0000][195286.646s][info][gc,phases   ] GC(7494)   Pre Evacuate Collection Set: 0.2ms
[2025-01-09T02:40:16.280+0000][195286.646s][info][gc,phases   ] GC(7494)   Merge Heap Roots: 0.4ms
[2025-01-09T02:40:16.280+0000][195286.646s][info][gc,phases   ] GC(7494)   Evacuate Collection Set: 43.2ms
[2025-01-09T02:40:16.280+0000][195286.646s][info][gc,phases   ] GC(7494)   Post Evacuate Collection Set: 1.5ms
[2025-01-09T02:40:16.280+0000][195286.646s][info][gc,phases   ] GC(7494)   Other: 0.2ms
[2025-01-09T02:40:16.280+0000][195286.646s][info][gc,heap     ] GC(7494) Eden regions: 65->0(916)
[2025-01-09T02:40:16.280+0000][195286.646s][info][gc,heap     ] GC(7494) Survivor regions: 11->5(10)
[2025-01-09T02:40:16.280+0000][195286.646s][info][gc,heap     ] GC(7494) Old regions: 230->229
[2025-01-09T02:40:16.280+0000][195286.646s][info][gc,heap     ] GC(7494) Archive regions: 2->2
[2025-01-09T02:40:16.280+0000][195286.646s][info][gc,heap     ] GC(7494) Humongous regions: 49->49
[2025-01-09T02:40:16.280+0000][195286.646s][info][gc,metaspace] GC(7494) Metaspace: 524917K(534272K)->524917K(534272K) NonClass: 460948K(465536K)->460948K(465536K) Class: 63968K(68736K)->63968K(68736K)
[2025-01-09T02:40:16.280+0000][195286.646s][info][gc          ] GC(7494) Pause Young (Mixed) (G1 Evacuation Pause) 2842M->2269M(12288M) 45.590ms
[2025-01-09T02:40:16.280+0000][195286.646s][info][gc,cpu      ] GC(7494) User=0.27s Sys=0.00s Real=0.04s
[2025-01-09T02:40:23.720+0000][195294.087s][info][gc,start    ] GC(7495) Pause Young (Normal) (G1 Evacuation Pause)
[2025-01-09T02:40:23.720+0000][195294.087s][info][gc,task     ] GC(7495) Using 6 workers of 6 for evacuation
[2025-01-09T02:40:23.748+0000][195294.114s][info][gc,phases   ] GC(7495)   Pre Evacuate Collection Set: 0.2ms
[2025-01-09T02:40:23.748+0000][195294.114s][info][gc,phases   ] GC(7495)   Merge Heap Roots: 0.4ms
[2025-01-09T02:40:23.748+0000][195294.114s][info][gc,phases   ] GC(7495)   Evacuate Collection Set: 24.2ms
[2025-01-09T02:40:23.748+0000][195294.114s][info][gc,phases   ] GC(7495)   Post Evacuate Collection Set: 2.5ms
[2025-01-09T02:40:23.748+0000][195294.114s][info][gc,phases   ] GC(7495)   Other: 0.2ms
[2025-01-09T02:40:23.748+0000][195294.114s][info][gc,heap     ] GC(7495) Eden regions: 916->0(915)
[2025-01-09T02:40:23.748+0000][195294.114s][info][gc,heap     ] GC(7495) Survivor regions: 5->6(116)
[2025-01-09T02:40:23.748+0000][195294.114s][info][gc,heap     ] GC(7495) Old regions: 229->229
[2025-01-09T02:40:23.748+0000][195294.114s][info][gc,heap     ] GC(7495) Archive regions: 2->2
[2025-01-09T02:40:23.748+0000][195294.114s][info][gc,heap     ] GC(7495) Humongous regions: 49->49
[2025-01-09T02:40:23.748+0000][195294.114s][info][gc,metaspace] GC(7495) Metaspace: 524917K(534272K)->524917K(534272K) NonClass: 460948K(465536K)->460948K(465536K) Class: 63968K(68736K)->63968K(68736K)
[2025-01-09T02:40:23.748+0000][195294.114s][info][gc          ] GC(7495) Pause Young (Normal) (G1 Evacuation Pause) 9597M->2277M(12288M) 27.626ms
[2025-01-09T02:40:23.748+0000][195294.114s][info][gc,cpu      ] GC(7495) User=0.16s Sys=0.00s Real=0.03s
[2025-01-09T02:40:33.540+0000][195303.906s][info][gc,start    ] GC(7496) Pause Young (Normal) (G1 Evacuation Pause)
[2025-01-09T02:40:33.540+0000][195303.906s][info][gc,task     ] GC(7496) Using 6 workers of 6 for evacuation
[2025-01-09T02:40:33.572+0000][195303.938s][info][gc,phases   ] GC(7496)   Pre Evacuate Collection Set: 0.2ms
[2025-01-09T02:40:33.572+0000][195303.938s][info][gc,phases   ] GC(7496)   Merge Heap Roots: 0.4ms
[2025-01-09T02:40:33.572+0000][195303.938s][info][gc,phases   ] GC(7496)   Evacuate Collection Set: 28.2ms
[2025-01-09T02:40:33.572+0000][195303.938s][info][gc,phases   ] GC(7496)   Post Evacuate Collection Set: 2.6ms
[2025-01-09T02:40:33.572+0000][195303.938s][info][gc,phases   ] GC(7496)   Other: 1.0ms
[2025-01-09T02:40:33.572+0000][195303.938s][info][gc,heap     ] GC(7496) Eden regions: 915->0(913)
[2025-01-09T02:40:33.572+0000][195303.938s][info][gc,heap     ] GC(7496) Survivor regions: 6->8(116)
[2025-01-09T02:40:33.572+0000][195303.938s][info][gc,heap     ] GC(7496) Old regions: 229->229
[2025-01-09T02:40:33.572+0000][195303.938s][info][gc,heap     ] GC(7496) Archive regions: 2->2
[2025-01-09T02:40:33.572+0000][195303.938s][info][gc,heap     ] GC(7496) Humongous regions: 49->49
[2025-01-09T02:40:33.572+0000][195303.938s][info][gc,metaspace] GC(7496) Metaspace: 524917K(534272K)->524917K(534272K) NonClass: 460948K(465536K)->460948K(465536K) Class: 63968K(68736K)->63968K(68736K)
[2025-01-09T02:40:33.572+0000][195303.938s][info][gc          ] GC(7496) Pause Young (Normal) (G1 Evacuation Pause) 9597M->2291M(12288M) 32.421ms
[2025-01-09T02:40:33.572+0000][195303.938s][info][gc,cpu      ] GC(7496) User=0.19s Sys=0.00s Real=0.04s
[2025-01-09T02:40:42.714+0000][195313.080s][info][gc,start    ] GC(7497) Pause Young (Concurrent Start) (G1 Evacuation Pause)
[2025-01-09T02:40:42.714+0000][195313.080s][info][gc,task     ] GC(7497) Using 6 workers of 6 for evacuation
[2025-01-09T02:40:42.752+0000][195313.118s][info][gc,phases   ] GC(7497)   Pre Evacuate Collection Set: 1.1ms
[2025-01-09T02:40:42.752+0000][195313.118s][info][gc,phases   ] GC(7497)   Merge Heap Roots: 0.5ms
[2025-01-09T02:40:42.752+0000][195313.118s][info][gc,phases   ] GC(7497)   Evacuate Collection Set: 31.3ms
[2025-01-09T02:40:42.752+0000][195313.118s][info][gc,phases   ] GC(7497)   Post Evacuate Collection Set: 5.2ms
[2025-01-09T02:40:42.752+0000][195313.118s][info][gc,phases   ] GC(7497)   Other: 0.3ms
[2025-01-09T02:40:42.752+0000][195313.118s][info][gc,heap     ] GC(7497) Eden regions: 913->0(910)
[2025-01-09T02:40:42.752+0000][195313.118s][info][gc,heap     ] GC(7497) Survivor regions: 8->11(116)
[2025-01-09T02:40:42.752+0000][195313.118s][info][gc,heap     ] GC(7497) Old regions: 229->229
[2025-01-09T02:40:42.752+0000][195313.118s][info][gc,heap     ] GC(7497) Archive regions: 2->2
[2025-01-09T02:40:42.752+0000][195313.118s][info][gc,heap     ] GC(7497) Humongous regions: 49->49
[2025-01-09T02:40:42.752+0000][195313.118s][info][gc,metaspace] GC(7497) Metaspace: 524917K(534272K)->524917K(534272K) NonClass: 460948K(465536K)->460948K(465536K) Class: 63968K(68736K)->63968K(68736K)
[2025-01-09T02:40:42.752+0000][195313.118s][info][gc          ] GC(7497) Pause Young (Concurrent Start) (G1 Evacuation Pause) 9595M->2313M(12288M) 38.514ms
[2025-01-09T02:40:42.752+0000][195313.118s][info][gc,cpu      ] GC(7497) User=0.22s Sys=0.00s Real=0.04s
[2025-01-09T02:40:42.752+0000][195313.118s][info][gc          ] GC(7498) Concurrent Mark Cycle
[2025-01-09T02:40:42.752+0000][195313.118s][info][gc,marking  ] GC(7498) Concurrent Clear Claimed Marks
[2025-01-09T02:40:42.753+0000][195313.119s][info][gc,marking  ] GC(7498) Concurrent Clear Claimed Marks 0.929ms
[2025-01-09T02:40:42.753+0000][195313.119s][info][gc,marking  ] GC(7498) Concurrent Scan Root Regions
[2025-01-09T02:40:42.778+0000][195313.144s][info][gc,marking  ] GC(7498) Concurrent Scan Root Regions 25.105ms
[2025-01-09T02:40:42.778+0000][195313.144s][info][gc,marking  ] GC(7498) Concurrent Mark
[2025-01-09T02:40:42.778+0000][195313.144s][info][gc,marking  ] GC(7498) Concurrent Mark From Roots
[2025-01-09T02:40:42.778+0000][195313.144s][info][gc,task     ] GC(7498) Using 2 workers of 2 for marking
[2025-01-09T02:40:43.655+0000][195314.021s][info][gc,marking  ] GC(7498) Concurrent Mark From Roots 876.606ms
[2025-01-09T02:40:43.655+0000][195314.021s][info][gc,marking  ] GC(7498) Concurrent Preclean
[2025-01-09T02:40:43.660+0000][195314.026s][info][gc,marking  ] GC(7498) Concurrent Preclean 4.452ms
[2025-01-09T02:40:43.660+0000][195314.026s][info][gc,start    ] GC(7498) Pause Remark
[2025-01-09T02:40:43.686+0000][195314.052s][info][gc          ] GC(7498) Pause Remark 3233M->3233M(12288M) 26.432ms
[2025-01-09T02:40:43.686+0000][195314.052s][info][gc,cpu      ] GC(7498) User=0.15s Sys=0.00s Real=0.03s
[2025-01-09T02:40:43.687+0000][195314.053s][info][gc,marking  ] GC(7498) Concurrent Mark 908.749ms
[2025-01-09T02:40:43.687+0000][195314.053s][info][gc,marking  ] GC(7498) Concurrent Rebuild Remembered Sets
[2025-01-09T02:40:44.248+0000][195314.615s][info][gc,marking  ] GC(7498) Concurrent Rebuild Remembered Sets 561.322ms
[2025-01-09T02:40:44.249+0000][195314.615s][info][gc,start    ] GC(7498) Pause Cleanup
[2025-01-09T02:40:44.249+0000][195314.615s][info][gc          ] GC(7498) Pause Cleanup 3545M->3545M(12288M) 0.375ms
[2025-01-09T02:40:44.249+0000][195314.615s][info][gc,cpu      ] GC(7498) User=0.00s Sys=0.00s Real=0.00s
[2025-01-09T02:40:44.249+0000][195314.615s][info][gc,marking  ] GC(7498) Concurrent Cleanup for Next Mark
[2025-01-09T02:40:44.264+0000][195314.630s][info][gc,marking  ] GC(7498) Concurrent Cleanup for Next Mark 15.302ms
[2025-01-09T02:40:44.264+0000][195314.630s][info][gc          ] GC(7498) Concurrent Mark Cycle 1512.162ms
[2025-01-09T02:40:52.011+0000][195322.377s][info][gc,start    ] GC(7499) Pause Young (Prepare Mixed) (G1 Evacuation Pause)
[2025-01-09T02:40:52.011+0000][195322.377s][info][gc,task     ] GC(7499) Using 6 workers of 6 for evacuation
[2025-01-09T02:40:52.051+0000][195322.417s][info][gc,phases   ] GC(7499)   Pre Evacuate Collection Set: 0.2ms
[2025-01-09T02:40:52.051+0000][195322.418s][info][gc,phases   ] GC(7499)   Merge Heap Roots: 0.7ms
[2025-01-09T02:40:52.051+0000][195322.418s][info][gc,phases   ] GC(7499)   Evacuate Collection Set: 35.2ms
[2025-01-09T02:40:52.051+0000][195322.418s][info][gc,phases   ] GC(7499)   Post Evacuate Collection Set: 3.9ms
[2025-01-09T02:40:52.051+0000][195322.418s][info][gc,phases   ] GC(7499)   Other: 0.2ms
[2025-01-09T02:40:52.051+0000][195322.418s][info][gc,heap     ] GC(7499) Eden regions: 910->0(64)
[2025-01-09T02:40:52.051+0000][195322.418s][info][gc,heap     ] GC(7499) Survivor regions: 11->12(116)
[2025-01-09T02:40:52.051+0000][195322.418s][info][gc,heap     ] GC(7499) Old regions: 229->229
[2025-01-09T02:40:52.051+0000][195322.418s][info][gc,heap     ] GC(7499) Archive regions: 2->2
[2025-01-09T02:40:52.051+0000][195322.418s][info][gc,heap     ] GC(7499) Humongous regions: 49->49
[2025-01-09T02:40:52.051+0000][195322.418s][info][gc,metaspace] GC(7499) Metaspace: 524917K(534272K)->524917K(534272K) NonClass: 460948K(465536K)->460948K(465536K) Class: 63968K(68736K)->63968K(68736K)
[2025-01-09T02:40:52.051+0000][195322.418s][info][gc          ] GC(7499) Pause Young (Prepare Mixed) (G1 Evacuation Pause) 9593M->2322M(12288M) 40.234ms
[2025-01-09T02:40:52.052+0000][195322.418s][info][gc,cpu      ] GC(7499) User=0.23s Sys=0.00s Real=0.04s
[2025-01-09T02:40:52.376+0000][195322.742s][info][gc,start    ] GC(7500) Pause Young (Mixed) (G1 Evacuation Pause)
[2025-01-09T02:40:52.376+0000][195322.742s][info][gc,task     ] GC(7500) Using 6 workers of 6 for evacuation
[2025-01-09T02:40:52.436+0000][195322.802s][info][gc,phases   ] GC(7500)   Pre Evacuate Collection Set: 0.2ms
[2025-01-09T02:40:52.436+0000][195322.802s][info][gc,phases   ] GC(7500)   Merge Heap Roots: 0.6ms
[2025-01-09T02:40:52.436+0000][195322.802s][info][gc,phases   ] GC(7500)   Evacuate Collection Set: 57.1ms
[2025-01-09T02:40:52.436+0000][195322.802s][info][gc,phases   ] GC(7500)   Post Evacuate Collection Set: 1.8ms
[2025-01-09T02:40:52.436+0000][195322.802s][info][gc,phases   ] GC(7500)   Other: 0.2ms
[2025-01-09T02:40:52.436+0000][195322.802s][info][gc,heap     ] GC(7500) Eden regions: 64->0(917)
[2025-01-09T02:40:52.436+0000][195322.802s][info][gc,heap     ] GC(7500) Survivor regions: 12->4(10)
[2025-01-09T02:40:52.436+0000][195322.802s][info][gc,heap     ] GC(7500) Old regions: 229->231
[2025-01-09T02:40:52.436+0000][195322.802s][info][gc,heap     ] GC(7500) Archive regions: 2->2
[2025-01-09T02:40:52.436+0000][195322.802s][info][gc,heap     ] GC(7500) Humongous regions: 49->49
[2025-01-09T02:40:52.436+0000][195322.802s][info][gc,metaspace] GC(7500) Metaspace: 524917K(534272K)->524917K(534272K) NonClass: 460948K(465536K)->460948K(465536K) Class: 63968K(68736K)->63968K(68736K)
[2025-01-09T02:40:52.436+0000][195322.802s][info][gc          ] GC(7500) Pause Young (Mixed) (G1 Evacuation Pause) 2834M->2276M(12288M) 59.960ms
[2025-01-09T02:40:52.436+0000][195322.802s][info][gc,cpu      ] GC(7500) User=0.34s Sys=0.00s Real=0.06s
[2025-01-09T02:40:57.666+0000][195328.032s][info][gc,start    ] GC(7501) Pause Young (Normal) (G1 Evacuation Pause)
[2025-01-09T02:40:57.666+0000][195328.032s][info][gc,task     ] GC(7501) Using 6 workers of 6 for evacuation
[2025-01-09T02:40:57.685+0000][195328.051s][info][gc,phases   ] GC(7501)   Pre Evacuate Collection Set: 0.2ms
[2025-01-09T02:40:57.685+0000][195328.051s][info][gc,phases   ] GC(7501)   Merge Heap Roots: 0.4ms
[2025-01-09T02:40:57.685+0000][195328.051s][info][gc,phases   ] GC(7501)   Evacuate Collection Set: 15.9ms
[2025-01-09T02:40:57.685+0000][195328.051s][info][gc,phases   ] GC(7501)   Post Evacuate Collection Set: 2.4ms
[2025-01-09T02:40:57.685+0000][195328.051s][info][gc,phases   ] GC(7501)   Other: 0.2ms
[2025-01-09T02:40:57.685+0000][195328.051s][info][gc,heap     ] GC(7501) Eden regions: 917->0(916)
[2025-01-09T02:40:57.685+0000][195328.051s][info][gc,heap     ] GC(7501) Survivor regions: 4->5(116)
[2025-01-09T02:40:57.685+0000][195328.051s][info][gc,heap     ] GC(7501) Old regions: 231->231
[2025-01-09T02:40:57.685+0000][195328.051s][info][gc,heap     ] GC(7501) Archive regions: 2->2
[2025-01-09T02:40:57.685+0000][195328.051s][info][gc,heap     ] GC(7501) Humongous regions: 49->49
[2025-01-09T02:40:57.685+0000][195328.051s][info][gc,metaspace] GC(7501) Metaspace: 524917K(534272K)->524917K(534272K) NonClass: 460948K(465536K)->460948K(465536K) Class: 63968K(68736K)->63968K(68736K)
[2025-01-09T02:40:57.685+0000][195328.051s][info][gc          ] GC(7501) Pause Young (Normal) (G1 Evacuation Pause) 9612M->2281M(12288M) 19.100ms
[2025-01-09T02:40:57.685+0000][195328.051s][info][gc,cpu      ] GC(7501) User=0.11s Sys=0.01s Real=0.02s
[2025-01-09T02:41:06.978+0000][195337.344s][info][gc,start    ] GC(7502) Pause Young (Normal) (G1 Evacuation Pause)
[2025-01-09T02:41:06.978+0000][195337.344s][info][gc,task     ] GC(7502) Using 6 workers of 6 for evacuation
[2025-01-09T02:41:07.003+0000][195337.369s][info][gc,phases   ] GC(7502)   Pre Evacuate Collection Set: 0.3ms
[2025-01-09T02:41:07.003+0000][195337.369s][info][gc,phases   ] GC(7502)   Merge Heap Roots: 0.5ms
[2025-01-09T02:41:07.003+0000][195337.369s][info][gc,phases   ] GC(7502)   Evacuate Collection Set: 21.2ms
[2025-01-09T02:41:07.003+0000][195337.369s][info][gc,phases   ] GC(7502)   Post Evacuate Collection Set: 2.5ms
[2025-01-09T02:41:07.003+0000][195337.369s][info][gc,phases   ] GC(7502)   Other: 0.2ms
[2025-01-09T02:41:07.003+0000][195337.369s][info][gc,heap     ] GC(7502) Eden regions: 916->0(915)
[2025-01-09T02:41:07.003+0000][195337.369s][info][gc,heap     ] GC(7502) Survivor regions: 5->6(116)
[2025-01-09T02:41:07.003+0000][195337.369s][info][gc,heap     ] GC(7502) Old regions: 231->231
[2025-01-09T02:41:07.003+0000][195337.369s][info][gc,heap     ] GC(7502) Archive regions: 2->2
[2025-01-09T02:41:07.003+0000][195337.369s][info][gc,heap     ] GC(7502) Humongous regions: 49->49
[2025-01-09T02:41:07.003+0000][195337.369s][info][gc,metaspace] GC(7502) Metaspace: 524917K(534272K)->524917K(534272K) NonClass: 460948K(465536K)->460948K(465536K) Class: 63968K(68736K)->63968K(68736K)
[2025-01-09T02:41:07.003+0000][195337.369s][info][gc          ] GC(7502) Pause Young (Normal) (G1 Evacuation Pause) 9609M->2289M(12288M) 24.778ms
[2025-01-09T02:41:07.003+0000][195337.369s][info][gc,cpu      ] GC(7502) User=0.14s Sys=0.00s Real=0.03s
[2025-01-09T02:41:13.964+0000][195344.330s][info][gc,start    ] GC(7503) Pause Young (Concurrent Start) (G1 Evacuation Pause)
[2025-01-09T02:41:13.964+0000][195344.330s][info][gc,task     ] GC(7503) Using 6 workers of 6 for evacuation
[2025-01-09T02:41:13.994+0000][195344.360s][info][gc,phases   ] GC(7503)   Pre Evacuate Collection Set: 1.2ms
[2025-01-09T02:41:13.994+0000][195344.360s][info][gc,phases   ] GC(7503)   Merge Heap Roots: 0.4ms
[2025-01-09T02:41:13.994+0000][195344.360s][info][gc,phases   ] GC(7503)   Evacuate Collection Set: 25.7ms
[2025-01-09T02:41:13.994+0000][195344.360s][info][gc,phases   ] GC(7503)   Post Evacuate Collection Set: 2.5ms
[2025-01-09T02:41:13.994+0000][195344.360s][info][gc,phases   ] GC(7503)   Other: 0.3ms
[2025-01-09T02:41:13.994+0000][195344.360s][info][gc,heap     ] GC(7503) Eden regions: 915->0(913)
[2025-01-09T02:41:13.994+0000][195344.360s][info][gc,heap     ] GC(7503) Survivor regions: 6->8(116)
[2025-01-09T02:41:13.994+0000][195344.360s][info][gc,heap     ] GC(7503) Old regions: 231->231
[2025-01-09T02:41:13.994+0000][195344.360s][info][gc,heap     ] GC(7503) Archive regions: 2->2
[2025-01-09T02:41:13.994+0000][195344.360s][info][gc,heap     ] GC(7503) Humongous regions: 49->49
[2025-01-09T02:41:13.994+0000][195344.360s][info][gc,metaspace] GC(7503) Metaspace: 524917K(534272K)->524917K(534272K) NonClass: 460948K(465536K)->460948K(465536K) Class: 63968K(68736K)->63968K(68736K)
[2025-01-09T02:41:13.994+0000][195344.360s][info][gc          ] GC(7503) Pause Young (Concurrent Start) (G1 Evacuation Pause) 9609M->2305M(12288M) 30.084ms
[2025-01-09T02:41:13.994+0000][195344.360s][info][gc,cpu      ] GC(7503) User=0.18s Sys=0.00s Real=0.03s
[2025-01-09T02:41:13.994+0000][195344.360s][info][gc          ] GC(7504) Concurrent Mark Cycle
[2025-01-09T02:41:13.994+0000][195344.360s][info][gc,marking  ] GC(7504) Concurrent Clear Claimed Marks
[2025-01-09T02:41:13.995+0000][195344.361s][info][gc,marking  ] GC(7504) Concurrent Clear Claimed Marks 0.862ms
[2025-01-09T02:41:13.995+0000][195344.361s][info][gc,marking  ] GC(7504) Concurrent Scan Root Regions
[2025-01-09T02:41:14.013+0000][195344.379s][info][gc,marking  ] GC(7504) Concurrent Scan Root Regions 18.211ms
[2025-01-09T02:41:14.013+0000][195344.380s][info][gc,marking  ] GC(7504) Concurrent Mark
[2025-01-09T02:41:14.013+0000][195344.380s][info][gc,marking  ] GC(7504) Concurrent Mark From Roots
[2025-01-09T02:41:14.013+0000][195344.380s][info][gc,task     ] GC(7504) Using 2 workers of 2 for marking
[2025-01-09T02:41:14.779+0000][195345.145s][info][gc,marking  ] GC(7504) Concurrent Mark From Roots 765.931ms
[2025-01-09T02:41:14.779+0000][195345.145s][info][gc,marking  ] GC(7504) Concurrent Preclean
[2025-01-09T02:41:14.782+0000][195345.148s][info][gc,marking  ] GC(7504) Concurrent Preclean 2.774ms
[2025-01-09T02:41:14.782+0000][195345.148s][info][gc,start    ] GC(7504) Pause Remark
[2025-01-09T02:41:14.808+0000][195345.174s][info][gc          ] GC(7504) Pause Remark 2813M->2813M(12288M) 25.814ms
[2025-01-09T02:41:14.808+0000][195345.174s][info][gc,cpu      ] GC(7504) User=0.14s Sys=0.00s Real=0.02s
[2025-01-09T02:41:14.808+0000][195345.174s][info][gc,marking  ] GC(7504) Concurrent Mark 794.862ms
[2025-01-09T02:41:14.808+0000][195345.174s][info][gc,marking  ] GC(7504) Concurrent Rebuild Remembered Sets
[2025-01-09T02:41:15.313+0000][195345.679s][info][gc,marking  ] GC(7504) Concurrent Rebuild Remembered Sets 504.831ms
[2025-01-09T02:41:15.313+0000][195345.679s][info][gc,start    ] GC(7504) Pause Cleanup
[2025-01-09T02:41:15.314+0000][195345.680s][info][gc          ] GC(7504) Pause Cleanup 2941M->2941M(12288M) 0.450ms
[2025-01-09T02:41:15.314+0000][195345.680s][info][gc,cpu      ] GC(7504) User=0.00s Sys=0.00s Real=0.00s
[2025-01-09T02:41:15.314+0000][195345.680s][info][gc,marking  ] GC(7504) Concurrent Cleanup for Next Mark
[2025-01-09T02:41:15.330+0000][195345.696s][info][gc,marking  ] GC(7504) Concurrent Cleanup for Next Mark 15.989ms
[2025-01-09T02:41:15.330+0000][195345.696s][info][gc          ] GC(7504) Concurrent Mark Cycle 1335.654ms
[2025-01-09T02:41:22.256+0000][195352.623s][info][gc,start    ] GC(7505) Pause Young (Prepare Mixed) (G1 Evacuation Pause)
[2025-01-09T02:41:22.256+0000][195352.623s][info][gc,task     ] GC(7505) Using 6 workers of 6 for evacuation
[2025-01-09T02:41:22.287+0000][195352.654s][info][gc,phases   ] GC(7505)   Pre Evacuate Collection Set: 0.2ms
[2025-01-09T02:41:22.287+0000][195352.654s][info][gc,phases   ] GC(7505)   Merge Heap Roots: 0.6ms
[2025-01-09T02:41:22.287+0000][195352.654s][info][gc,phases   ] GC(7505)   Evacuate Collection Set: 27.5ms
[2025-01-09T02:41:22.287+0000][195352.654s][info][gc,phases   ] GC(7505)   Post Evacuate Collection Set: 2.6ms
[2025-01-09T02:41:22.287+0000][195352.654s][info][gc,phases   ] GC(7505)   Other: 0.2ms
[2025-01-09T02:41:22.287+0000][195352.654s][info][gc,heap     ] GC(7505) Eden regions: 913->0(68)
[2025-01-09T02:41:22.288+0000][195352.654s][info][gc,heap     ] GC(7505) Survivor regions: 8->8(116)
[2025-01-09T02:41:22.288+0000][195352.654s][info][gc,heap     ] GC(7505) Old regions: 231->231
[2025-01-09T02:41:22.288+0000][195352.654s][info][gc,heap     ] GC(7505) Archive regions: 2->2
[2025-01-09T02:41:22.288+0000][195352.654s][info][gc,heap     ] GC(7505) Humongous regions: 49->49
[2025-01-09T02:41:22.288+0000][195352.654s][info][gc,metaspace] GC(7505) Metaspace: 524917K(534272K)->524917K(534272K) NonClass: 460948K(465536K)->460948K(465536K) Class: 63968K(68736K)->63968K(68736K)
[2025-01-09T02:41:22.288+0000][195352.654s][info][gc          ] GC(7505) Pause Young (Prepare Mixed) (G1 Evacuation Pause) 9609M->2308M(12288M) 31.129ms
[2025-01-09T02:41:22.288+0000][195352.654s][info][gc,cpu      ] GC(7505) User=0.19s Sys=0.00s Real=0.03s
[2025-01-09T02:41:23.037+0000][195353.403s][info][gc,start    ] GC(7506) Pause Young (Mixed) (G1 Evacuation Pause)
[2025-01-09T02:41:23.037+0000][195353.403s][info][gc,task     ] GC(7506) Using 6 workers of 6 for evacuation
[2025-01-09T02:41:23.096+0000][195353.463s][info][gc,phases   ] GC(7506)   Pre Evacuate Collection Set: 0.2ms
[2025-01-09T02:41:23.096+0000][195353.463s][info][gc,phases   ] GC(7506)   Merge Heap Roots: 0.6ms
[2025-01-09T02:41:23.096+0000][195353.463s][info][gc,phases   ] GC(7506)   Evacuate Collection Set: 56.7ms
[2025-01-09T02:41:23.096+0000][195353.463s][info][gc,phases   ] GC(7506)   Post Evacuate Collection Set: 1.7ms
[2025-01-09T02:41:23.096+0000][195353.463s][info][gc,phases   ] GC(7506)   Other: 0.2ms
[2025-01-09T02:41:23.096+0000][195353.463s][info][gc,heap     ] GC(7506) Eden regions: 68->0(916)
[2025-01-09T02:41:23.097+0000][195353.463s][info][gc,heap     ] GC(7506) Survivor regions: 8->5(10)
[2025-01-09T02:41:23.097+0000][195353.463s][info][gc,heap     ] GC(7506) Old regions: 231->230
[2025-01-09T02:41:23.097+0000][195353.463s][info][gc,heap     ] GC(7506) Archive regions: 2->2
[2025-01-09T02:41:23.097+0000][195353.463s][info][gc,heap     ] GC(7506) Humongous regions: 49->49
[2025-01-09T02:41:23.097+0000][195353.463s][info][gc,metaspace] GC(7506) Metaspace: 524917K(534272K)->524917K(534272K) NonClass: 460948K(465536K)->460948K(465536K) Class: 63968K(68736K)->63968K(68736K)
[2025-01-09T02:41:23.097+0000][195353.463s][info][gc          ] GC(7506) Pause Young (Mixed) (G1 Evacuation Pause) 2852M->2277M(12288M) 59.485ms
[2025-01-09T02:41:23.097+0000][195353.463s][info][gc,cpu      ] GC(7506) User=0.35s Sys=0.00s Real=0.06s
[2025-01-09T02:41:31.203+0000][195361.569s][info][gc,start    ] GC(7507) Pause Young (Normal) (G1 Evacuation Pause)
[2025-01-09T02:41:31.203+0000][195361.569s][info][gc,task     ] GC(7507) Using 6 workers of 6 for evacuation
[2025-01-09T02:41:31.228+0000][195361.594s][info][gc,phases   ] GC(7507)   Pre Evacuate Collection Set: 0.2ms
[2025-01-09T02:41:31.228+0000][195361.594s][info][gc,phases   ] GC(7507)   Merge Heap Roots: 0.4ms
[2025-01-09T02:41:31.228+0000][195361.594s][info][gc,phases   ] GC(7507)   Evacuate Collection Set: 21.0ms
[2025-01-09T02:41:31.228+0000][195361.594s][info][gc,phases   ] GC(7507)   Post Evacuate Collection Set: 3.8ms
[2025-01-09T02:41:31.228+0000][195361.594s][info][gc,phases   ] GC(7507)   Other: 0.2ms
[2025-01-09T02:41:31.228+0000][195361.594s][info][gc,heap     ] GC(7507) Eden regions: 916->0(915)
[2025-01-09T02:41:31.228+0000][195361.594s][info][gc,heap     ] GC(7507) Survivor regions: 5->6(116)
[2025-01-09T02:41:31.228+0000][195361.594s][info][gc,heap     ] GC(7507) Old regions: 230->230
[2025-01-09T02:41:31.228+0000][195361.594s][info][gc,heap     ] GC(7507) Archive regions: 2->2
[2025-01-09T02:41:31.228+0000][195361.594s][info][gc,heap     ] GC(7507) Humongous regions: 49->49
[2025-01-09T02:41:31.228+0000][195361.594s][info][gc,metaspace] GC(7507) Metaspace: 524917K(534272K)->524917K(534272K) NonClass: 460948K(465536K)->460948K(465536K) Class: 63968K(68736K)->63968K(68736K)
[2025-01-09T02:41:31.228+0000][195361.594s][info][gc          ] GC(7507) Pause Young (Normal) (G1 Evacuation Pause) 9605M->2285M(12288M) 25.624ms
[2025-01-09T02:41:31.228+0000][195361.594s][info][gc,cpu      ] GC(7507) User=0.15s Sys=0.00s Real=0.02s
[2025-01-09T02:41:38.313+0000][195368.679s][info][gc,start    ] GC(7508) Pause Young (Normal) (G1 Evacuation Pause)
[2025-01-09T02:41:38.313+0000][195368.679s][info][gc,task     ] GC(7508) Using 6 workers of 6 for evacuation
[2025-01-09T02:41:38.340+0000][195368.706s][info][gc,phases   ] GC(7508)   Pre Evacuate Collection Set: 0.2ms
[2025-01-09T02:41:38.340+0000][195368.706s][info][gc,phases   ] GC(7508)   Merge Heap Roots: 0.4ms
[2025-01-09T02:41:38.340+0000][195368.706s][info][gc,phases   ] GC(7508)   Evacuate Collection Set: 22.4ms
[2025-01-09T02:41:38.340+0000][195368.706s][info][gc,phases   ] GC(7508)   Post Evacuate Collection Set: 3.7ms
[2025-01-09T02:41:38.340+0000][195368.706s][info][gc,phases   ] GC(7508)   Other: 0.2ms
[2025-01-09T02:41:38.340+0000][195368.706s][info][gc,heap     ] GC(7508) Eden regions: 915->0(914)
[2025-01-09T02:41:38.340+0000][195368.706s][info][gc,heap     ] GC(7508) Survivor regions: 6->7(116)
[2025-01-09T02:41:38.340+0000][195368.706s][info][gc,heap     ] GC(7508) Old regions: 230->230
[2025-01-09T02:41:38.340+0000][195368.706s][info][gc,heap     ] GC(7508) Archive regions: 2->2
[2025-01-09T02:41:38.340+0000][195368.706s][info][gc,heap     ] GC(7508) Humongous regions: 49->49
[2025-01-09T02:41:38.340+0000][195368.706s][info][gc,metaspace] GC(7508) Metaspace: 524917K(534272K)->524917K(534272K) NonClass: 460948K(465536K)->460948K(465536K) Class: 63968K(68736K)->63968K(68736K)
[2025-01-09T02:41:38.340+0000][195368.706s][info][gc          ] GC(7508) Pause Young (Normal) (G1 Evacuation Pause) 9605M->2292M(12288M) 27.046ms
[2025-01-09T02:41:38.340+0000][195368.706s][info][gc,cpu      ] GC(7508) User=0.16s Sys=0.00s Real=0.02s
[2025-01-09T02:41:42.680+0000][195373.046s][info][gc,start    ] GC(7509) Pause Young (Concurrent Start) (G1 Evacuation Pause)
[2025-01-09T02:41:42.680+0000][195373.046s][info][gc,task     ] GC(7509) Using 6 workers of 6 for evacuation
[2025-01-09T02:41:42.708+0000][195373.074s][info][gc,phases   ] GC(7509)   Pre Evacuate Collection Set: 1.1ms
[2025-01-09T02:41:42.708+0000][195373.074s][info][gc,phases   ] GC(7509)   Merge Heap Roots: 0.4ms
[2025-01-09T02:41:42.708+0000][195373.074s][info][gc,phases   ] GC(7509)   Evacuate Collection Set: 24.1ms
[2025-01-09T02:41:42.708+0000][195373.074s][info][gc,phases   ] GC(7509)   Post Evacuate Collection Set: 2.3ms
[2025-01-09T02:41:42.708+0000][195373.074s][info][gc,phases   ] GC(7509)   Other: 0.3ms
[2025-01-09T02:41:42.708+0000][195373.074s][info][gc,heap     ] GC(7509) Eden regions: 914->0(913)
[2025-01-09T02:41:42.708+0000][195373.074s][info][gc,heap     ] GC(7509) Survivor regions: 7->8(116)
[2025-01-09T02:41:42.708+0000][195373.074s][info][gc,heap     ] GC(7509) Old regions: 230->230
[2025-01-09T02:41:42.708+0000][195373.074s][info][gc,heap     ] GC(7509) Archive regions: 2->2
[2025-01-09T02:41:42.708+0000][195373.074s][info][gc,heap     ] GC(7509) Humongous regions: 49->49
[2025-01-09T02:41:42.708+0000][195373.074s][info][gc,metaspace] GC(7509) Metaspace: 524917K(534272K)->524917K(534272K) NonClass: 460948K(465536K)->460948K(465536K) Class: 63968K(68736K)->63968K(68736K)
[2025-01-09T02:41:42.708+0000][195373.074s][info][gc          ] GC(7509) Pause Young (Concurrent Start) (G1 Evacuation Pause) 9604M->2294M(12288M) 28.317ms
[2025-01-09T02:41:42.708+0000][195373.074s][info][gc,cpu      ] GC(7509) User=0.15s Sys=0.01s Real=0.03s
[2025-01-09T02:41:42.708+0000][195373.074s][info][gc          ] GC(7510) Concurrent Mark Cycle
[2025-01-09T02:41:42.708+0000][195373.074s][info][gc,marking  ] GC(7510) Concurrent Clear Claimed Marks
[2025-01-09T02:41:42.709+0000][195373.075s][info][gc,marking  ] GC(7510) Concurrent Clear Claimed Marks 0.913ms
[2025-01-09T02:41:42.709+0000][195373.075s][info][gc,marking  ] GC(7510) Concurrent Scan Root Regions
[2025-01-09T02:41:42.732+0000][195373.098s][info][gc,marking  ] GC(7510) Concurrent Scan Root Regions 22.873ms
[2025-01-09T02:41:42.732+0000][195373.098s][info][gc,marking  ] GC(7510) Concurrent Mark
[2025-01-09T02:41:42.732+0000][195373.098s][info][gc,marking  ] GC(7510) Concurrent Mark From Roots
[2025-01-09T02:41:42.732+0000][195373.098s][info][gc,task     ] GC(7510) Using 2 workers of 2 for marking
[2025-01-09T02:41:44.032+0000][195374.398s][info][gc,marking  ] GC(7510) Concurrent Mark From Roots 1300.431ms
[2025-01-09T02:41:44.032+0000][195374.398s][info][gc,marking  ] GC(7510) Concurrent Preclean
[2025-01-09T02:41:44.035+0000][195374.401s][info][gc,marking  ] GC(7510) Concurrent Preclean 2.954ms
[2025-01-09T02:41:44.035+0000][195374.401s][info][gc,start    ] GC(7510) Pause Remark
[2025-01-09T02:41:44.061+0000][195374.427s][info][gc          ] GC(7510) Pause Remark 4814M->4814M(12288M) 25.450ms
[2025-01-09T02:41:44.061+0000][195374.427s][info][gc,cpu      ] GC(7510) User=0.14s Sys=0.00s Real=0.02s
[2025-01-09T02:41:44.061+0000][195374.427s][info][gc,marking  ] GC(7510) Concurrent Mark 1329.266ms
[2025-01-09T02:41:44.061+0000][195374.427s][info][gc,marking  ] GC(7510) Concurrent Rebuild Remembered Sets
[2025-01-09T02:41:44.603+0000][195374.969s][info][gc,marking  ] GC(7510) Concurrent Rebuild Remembered Sets 541.909ms
[2025-01-09T02:41:44.603+0000][195374.969s][info][gc,start    ] GC(7510) Pause Cleanup
[2025-01-09T02:41:44.603+0000][195374.970s][info][gc          ] GC(7510) Pause Cleanup 5606M->5606M(12288M) 0.369ms
[2025-01-09T02:41:44.604+0000][195374.970s][info][gc,cpu      ] GC(7510) User=0.00s Sys=0.00s Real=0.00s
[2025-01-09T02:41:44.604+0000][195374.970s][info][gc,marking  ] GC(7510) Concurrent Cleanup for Next Mark
[2025-01-09T02:41:44.631+0000][195374.998s][info][gc,marking  ] GC(7510) Concurrent Cleanup for Next Mark 27.834ms
[2025-01-09T02:41:44.631+0000][195374.998s][info][gc          ] GC(7510) Concurrent Mark Cycle 1923.526ms
[2025-01-09T02:41:48.133+0000][195378.499s][info][gc,start    ] GC(7511) Pause Young (Prepare Mixed) (G1 Evacuation Pause)
[2025-01-09T02:41:48.133+0000][195378.499s][info][gc,task     ] GC(7511) Using 6 workers of 6 for evacuation
[2025-01-09T02:41:48.168+0000][195378.534s][info][gc,phases   ] GC(7511)   Pre Evacuate Collection Set: 0.2ms
[2025-01-09T02:41:48.168+0000][195378.534s][info][gc,phases   ] GC(7511)   Merge Heap Roots: 0.7ms
[2025-01-09T02:41:48.168+0000][195378.534s][info][gc,phases   ] GC(7511)   Evacuate Collection Set: 29.8ms
[2025-01-09T02:41:48.168+0000][195378.534s][info][gc,phases   ] GC(7511)   Post Evacuate Collection Set: 3.9ms
[2025-01-09T02:41:48.168+0000][195378.534s][info][gc,phases   ] GC(7511)   Other: 0.2ms
[2025-01-09T02:41:48.168+0000][195378.534s][info][gc,heap     ] GC(7511) Eden regions: 913->0(67)
[2025-01-09T02:41:48.168+0000][195378.534s][info][gc,heap     ] GC(7511) Survivor regions: 8->9(116)
[2025-01-09T02:41:48.168+0000][195378.534s][info][gc,heap     ] GC(7511) Old regions: 230->230
[2025-01-09T02:41:48.168+0000][195378.534s][info][gc,heap     ] GC(7511) Archive regions: 2->2
[2025-01-09T02:41:48.168+0000][195378.534s][info][gc,heap     ] GC(7511) Humongous regions: 49->49
[2025-01-09T02:41:48.168+0000][195378.534s][info][gc,metaspace] GC(7511) Metaspace: 524917K(534272K)->524917K(534272K) NonClass: 460948K(465536K)->460948K(465536K) Class: 63968K(68736K)->63968K(68736K)
[2025-01-09T02:41:48.168+0000][195378.534s][info][gc          ] GC(7511) Pause Young (Prepare Mixed) (G1 Evacuation Pause) 9598M->2302M(12288M) 34.850ms
[2025-01-09T02:41:48.168+0000][195378.534s][info][gc,cpu      ] GC(7511) User=0.20s Sys=0.00s Real=0.03s
[2025-01-09T02:41:48.585+0000][195378.951s][info][gc,start    ] GC(7512) Pause Young (Mixed) (G1 Evacuation Pause)
[2025-01-09T02:41:48.585+0000][195378.951s][info][gc,task     ] GC(7512) Using 6 workers of 6 for evacuation
[2025-01-09T02:41:48.653+0000][195379.019s][info][gc,phases   ] GC(7512)   Pre Evacuate Collection Set: 0.2ms
[2025-01-09T02:41:48.653+0000][195379.019s][info][gc,phases   ] GC(7512)   Merge Heap Roots: 0.7ms
[2025-01-09T02:41:48.653+0000][195379.019s][info][gc,phases   ] GC(7512)   Evacuate Collection Set: 65.3ms
[2025-01-09T02:41:48.653+0000][195379.019s][info][gc,phases   ] GC(7512)   Post Evacuate Collection Set: 2.0ms
[2025-01-09T02:41:48.653+0000][195379.019s][info][gc,phases   ] GC(7512)   Other: 0.2ms
[2025-01-09T02:41:48.653+0000][195379.019s][info][gc,heap     ] GC(7512) Eden regions: 67->0(916)
[2025-01-09T02:41:48.653+0000][195379.019s][info][gc,heap     ] GC(7512) Survivor regions: 9->5(10)
[2025-01-09T02:41:48.653+0000][195379.019s][info][gc,heap     ] GC(7512) Old regions: 230->230
[2025-01-09T02:41:48.653+0000][195379.019s][info][gc,heap     ] GC(7512) Archive regions: 2->2
[2025-01-09T02:41:48.653+0000][195379.019s][info][gc,heap     ] GC(7512) Humongous regions: 49->49
[2025-01-09T02:41:48.653+0000][195379.019s][info][gc,metaspace] GC(7512) Metaspace: 524917K(534272K)->524917K(534272K) NonClass: 460948K(465536K)->460948K(465536K) Class: 63968K(68736K)->63968K(68736K)
[2025-01-09T02:41:48.653+0000][195379.020s][info][gc          ] GC(7512) Pause Young (Mixed) (G1 Evacuation Pause) 2838M->2274M(12288M) 68.458ms
[2025-01-09T02:41:48.653+0000][195379.020s][info][gc,cpu      ] GC(7512) User=0.39s Sys=0.00s Real=0.07s
[2025-01-09T02:42:01.660+0000][195392.026s][info][gc,start    ] GC(7513) Pause Young (Normal) (G1 Evacuation Pause)
[2025-01-09T02:42:01.660+0000][195392.026s][info][gc,task     ] GC(7513) Using 6 workers of 6 for evacuation
[2025-01-09T02:42:01.689+0000][195392.055s][info][gc,phases   ] GC(7513)   Pre Evacuate Collection Set: 0.2ms
[2025-01-09T02:42:01.689+0000][195392.055s][info][gc,phases   ] GC(7513)   Merge Heap Roots: 0.4ms
[2025-01-09T02:42:01.689+0000][195392.055s][info][gc,phases   ] GC(7513)   Evacuate Collection Set: 25.3ms
[2025-01-09T02:42:01.689+0000][195392.055s][info][gc,phases   ] GC(7513)   Post Evacuate Collection Set: 2.7ms
[2025-01-09T02:42:01.689+0000][195392.055s][info][gc,phases   ] GC(7513)   Other: 0.2ms
[2025-01-09T02:42:01.689+0000][195392.055s][info][gc,heap     ] GC(7513) Eden regions: 916->0(914)
[2025-01-09T02:42:01.689+0000][195392.055s][info][gc,heap     ] GC(7513) Survivor regions: 5->7(116)
[2025-01-09T02:42:01.689+0000][195392.055s][info][gc,heap     ] GC(7513) Old regions: 230->230
[2025-01-09T02:42:01.689+0000][195392.055s][info][gc,heap     ] GC(7513) Archive regions: 2->2
[2025-01-09T02:42:01.689+0000][195392.055s][info][gc,heap     ] GC(7513) Humongous regions: 49->49
[2025-01-09T02:42:01.689+0000][195392.055s][info][gc,metaspace] GC(7513) Metaspace: 524917K(534272K)->524917K(534272K) NonClass: 460948K(465536K)->460948K(465536K) Class: 63968K(68736K)->63968K(68736K)
[2025-01-09T02:42:01.689+0000][195392.055s][info][gc          ] GC(7513) Pause Young (Normal) (G1 Evacuation Pause) 9602M->2284M(12288M) 28.991ms
[2025-01-09T02:42:01.689+0000][195392.055s][info][gc,cpu      ] GC(7513) User=0.17s Sys=0.00s Real=0.03s
[2025-01-09T02:42:06.749+0000][195397.115s][info][gc,start    ] GC(7514) Pause Young (Normal) (G1 Evacuation Pause)
[2025-01-09T02:42:06.749+0000][195397.115s][info][gc,task     ] GC(7514) Using 6 workers of 6 for evacuation
[2025-01-09T02:42:06.776+0000][195397.143s][info][gc,phases   ] GC(7514)   Pre Evacuate Collection Set: 0.2ms
[2025-01-09T02:42:06.776+0000][195397.143s][info][gc,phases   ] GC(7514)   Merge Heap Roots: 0.4ms
[2025-01-09T02:42:06.776+0000][195397.143s][info][gc,phases   ] GC(7514)   Evacuate Collection Set: 24.5ms
[2025-01-09T02:42:06.776+0000][195397.143s][info][gc,phases   ] GC(7514)   Post Evacuate Collection Set: 2.4ms
[2025-01-09T02:42:06.776+0000][195397.143s][info][gc,phases   ] GC(7514)   Other: 0.2ms
[2025-01-09T02:42:06.776+0000][195397.143s][info][gc,heap     ] GC(7514) Eden regions: 914->0(913)
[2025-01-09T02:42:06.776+0000][195397.143s][info][gc,heap     ] GC(7514) Survivor regions: 7->8(116)
[2025-01-09T02:42:06.776+0000][195397.143s][info][gc,heap     ] GC(7514) Old regions: 230->230
[2025-01-09T02:42:06.776+0000][195397.143s][info][gc,heap     ] GC(7514) Archive regions: 2->2
[2025-01-09T02:42:06.776+0000][195397.143s][info][gc,heap     ] GC(7514) Humongous regions: 49->49
[2025-01-09T02:42:06.776+0000][195397.143s][info][gc,metaspace] GC(7514) Metaspace: 524917K(534272K)->524917K(534272K) NonClass: 460948K(465536K)->460948K(465536K) Class: 63968K(68736K)->63968K(68736K)
[2025-01-09T02:42:06.777+0000][195397.143s][info][gc          ] GC(7514) Pause Young (Normal) (G1 Evacuation Pause) 9596M->2292M(12288M) 27.773ms
[2025-01-09T02:42:06.777+0000][195397.143s][info][gc,cpu      ] GC(7514) User=0.17s Sys=0.00s Real=0.03s
[2025-01-09T02:42:13.028+0000][195403.394s][info][gc,start    ] GC(7515) Pause Young (Concurrent Start) (G1 Evacuation Pause)
[2025-01-09T02:42:13.028+0000][195403.394s][info][gc,task     ] GC(7515) Using 6 workers of 6 for evacuation
[2025-01-09T02:42:13.061+0000][195403.427s][info][gc,phases   ] GC(7515)   Pre Evacuate Collection Set: 1.2ms
[2025-01-09T02:42:13.061+0000][195403.428s][info][gc,phases   ] GC(7515)   Merge Heap Roots: 0.5ms
[2025-01-09T02:42:13.061+0000][195403.428s][info][gc,phases   ] GC(7515)   Evacuate Collection Set: 28.9ms
[2025-01-09T02:42:13.061+0000][195403.428s][info][gc,phases   ] GC(7515)   Post Evacuate Collection Set: 2.6ms
[2025-01-09T02:42:13.061+0000][195403.428s][info][gc,phases   ] GC(7515)   Other: 0.3ms
[2025-01-09T02:42:13.061+0000][195403.428s][info][gc,heap     ] GC(7515) Eden regions: 913->0(913)
[2025-01-09T02:42:13.061+0000][195403.428s][info][gc,heap     ] GC(7515) Survivor regions: 8->8(116)
[2025-01-09T02:42:13.061+0000][195403.428s][info][gc,heap     ] GC(7515) Old regions: 230->230
[2025-01-09T02:42:13.061+0000][195403.428s][info][gc,heap     ] GC(7515) Archive regions: 2->2
[2025-01-09T02:42:13.061+0000][195403.428s][info][gc,heap     ] GC(7515) Humongous regions: 49->49
[2025-01-09T02:42:13.061+0000][195403.428s][info][gc,metaspace] GC(7515) Metaspace: 524917K(534272K)->524917K(534272K) NonClass: 460948K(465536K)->460948K(465536K) Class: 63968K(68736K)->63968K(68736K)
[2025-01-09T02:42:13.062+0000][195403.428s][info][gc          ] GC(7515) Pause Young (Concurrent Start) (G1 Evacuation Pause) 9596M->2297M(12288M) 33.483ms
[2025-01-09T02:42:13.062+0000][195403.428s][info][gc,cpu      ] GC(7515) User=0.22s Sys=0.01s Real=0.04s
[2025-01-09T02:42:13.062+0000][195403.428s][info][gc          ] GC(7516) Concurrent Mark Cycle
[2025-01-09T02:42:13.062+0000][195403.428s][info][gc,marking  ] GC(7516) Concurrent Clear Claimed Marks
[2025-01-09T02:42:13.063+0000][195403.429s][info][gc,marking  ] GC(7516) Concurrent Clear Claimed Marks 0.962ms
[2025-01-09T02:42:13.063+0000][195403.429s][info][gc,marking  ] GC(7516) Concurrent Scan Root Regions
[2025-01-09T02:42:13.083+0000][195403.449s][info][gc,marking  ] GC(7516) Concurrent Scan Root Regions 20.100ms
[2025-01-09T02:42:13.083+0000][195403.449s][info][gc,marking  ] GC(7516) Concurrent Mark
[2025-01-09T02:42:13.083+0000][195403.449s][info][gc,marking  ] GC(7516) Concurrent Mark From Roots
[2025-01-09T02:42:13.083+0000][195403.449s][info][gc,task     ] GC(7516) Using 2 workers of 2 for marking
[2025-01-09T02:42:13.984+0000][195404.350s][info][gc,marking  ] GC(7516) Concurrent Mark From Roots 901.118ms
[2025-01-09T02:42:13.984+0000][195404.350s][info][gc,marking  ] GC(7516) Concurrent Preclean
[2025-01-09T02:42:13.987+0000][195404.353s][info][gc,marking  ] GC(7516) Concurrent Preclean 2.664ms
[2025-01-09T02:42:13.987+0000][195404.353s][info][gc,start    ] GC(7516) Pause Remark
[2025-01-09T02:42:14.012+0000][195404.378s][info][gc          ] GC(7516) Pause Remark 3345M->3345M(12288M) 25.686ms
[2025-01-09T02:42:14.012+0000][195404.379s][info][gc,cpu      ] GC(7516) User=0.14s Sys=0.00s Real=0.03s
[2025-01-09T02:42:14.012+0000][195404.379s][info][gc,marking  ] GC(7516) Concurrent Mark 929.768ms
[2025-01-09T02:42:14.012+0000][195404.379s][info][gc,marking  ] GC(7516) Concurrent Rebuild Remembered Sets
[2025-01-09T02:42:14.495+0000][195404.861s][info][gc,marking  ] GC(7516) Concurrent Rebuild Remembered Sets 482.093ms
[2025-01-09T02:42:14.495+0000][195404.861s][info][gc,start    ] GC(7516) Pause Cleanup
[2025-01-09T02:42:14.495+0000][195404.861s][info][gc          ] GC(7516) Pause Cleanup 3673M->3673M(12288M) 0.378ms
[2025-01-09T02:42:14.495+0000][195404.861s][info][gc,cpu      ] GC(7516) User=0.01s Sys=0.00s Real=0.00s
[2025-01-09T02:42:14.495+0000][195404.861s][info][gc,marking  ] GC(7516) Concurrent Cleanup for Next Mark
[2025-01-09T02:42:14.511+0000][195404.877s][info][gc,marking  ] GC(7516) Concurrent Cleanup for Next Mark 15.332ms
[2025-01-09T02:42:14.511+0000][195404.877s][info][gc          ] GC(7516) Concurrent Mark Cycle 1448.967ms
[2025-01-09T02:42:23.138+0000][195413.504s][info][gc,start    ] GC(7517) Pause Young (Prepare Mixed) (G1 Evacuation Pause)
[2025-01-09T02:42:23.138+0000][195413.504s][info][gc,task     ] GC(7517) Using 6 workers of 6 for evacuation
[2025-01-09T02:42:23.176+0000][195413.542s][info][gc,phases   ] GC(7517)   Pre Evacuate Collection Set: 0.2ms
[2025-01-09T02:42:23.176+0000][195413.542s][info][gc,phases   ] GC(7517)   Merge Heap Roots: 0.7ms
[2025-01-09T02:42:23.176+0000][195413.542s][info][gc,phases   ] GC(7517)   Evacuate Collection Set: 34.2ms
[2025-01-09T02:42:23.176+0000][195413.542s][info][gc,phases   ] GC(7517)   Post Evacuate Collection Set: 2.8ms
[2025-01-09T02:42:23.176+0000][195413.542s][info][gc,phases   ] GC(7517)   Other: 0.2ms
[2025-01-09T02:42:23.176+0000][195413.542s][info][gc,heap     ] GC(7517) Eden regions: 913->0(66)
[2025-01-09T02:42:23.176+0000][195413.542s][info][gc,heap     ] GC(7517) Survivor regions: 8->10(116)
[2025-01-09T02:42:23.176+0000][195413.542s][info][gc,heap     ] GC(7517) Old regions: 230->230
[2025-01-09T02:42:23.176+0000][195413.542s][info][gc,heap     ] GC(7517) Archive regions: 2->2
[2025-01-09T02:42:23.176+0000][195413.542s][info][gc,heap     ] GC(7517) Humongous regions: 49->49
[2025-01-09T02:42:23.176+0000][195413.542s][info][gc,metaspace] GC(7517) Metaspace: 524917K(534272K)->524917K(534272K) NonClass: 460948K(465536K)->460948K(465536K) Class: 63968K(68736K)->63968K(68736K)
[2025-01-09T02:42:23.176+0000][195413.542s][info][gc          ] GC(7517) Pause Young (Prepare Mixed) (G1 Evacuation Pause) 9601M->2310M(12288M) 38.183ms
[2025-01-09T02:42:23.176+0000][195413.542s][info][gc,cpu      ] GC(7517) User=0.22s Sys=0.00s Real=0.04s
[2025-01-09T02:42:23.762+0000][195414.128s][info][gc,start    ] GC(7518) Pause Young (Mixed) (G1 Evacuation Pause)
[2025-01-09T02:42:23.762+0000][195414.128s][info][gc,task     ] GC(7518) Using 6 workers of 6 for evacuation
[2025-01-09T02:42:23.824+0000][195414.190s][info][gc,phases   ] GC(7518)   Pre Evacuate Collection Set: 0.2ms
[2025-01-09T02:42:23.824+0000][195414.190s][info][gc,phases   ] GC(7518)   Merge Heap Roots: 0.6ms
[2025-01-09T02:42:23.824+0000][195414.190s][info][gc,phases   ] GC(7518)   Evacuate Collection Set: 58.1ms
[2025-01-09T02:42:23.824+0000][195414.190s][info][gc,phases   ] GC(7518)   Post Evacuate Collection Set: 3.1ms
[2025-01-09T02:42:23.824+0000][195414.190s][info][gc,phases   ] GC(7518)   Other: 0.2ms
[2025-01-09T02:42:23.824+0000][195414.190s][info][gc,heap     ] GC(7518) Eden regions: 66->0(914)
[2025-01-09T02:42:23.824+0000][195414.190s][info][gc,heap     ] GC(7518) Survivor regions: 10->7(10)
[2025-01-09T02:42:23.824+0000][195414.190s][info][gc,heap     ] GC(7518) Old regions: 230->230
[2025-01-09T02:42:23.824+0000][195414.190s][info][gc,heap     ] GC(7518) Archive regions: 2->2
[2025-01-09T02:42:23.824+0000][195414.190s][info][gc,heap     ] GC(7518) Humongous regions: 49->49
[2025-01-09T02:42:23.824+0000][195414.190s][info][gc,metaspace] GC(7518) Metaspace: 524917K(534272K)->524917K(534272K) NonClass: 460948K(465536K)->460948K(465536K) Class: 63968K(68736K)->63968K(68736K)
[2025-01-09T02:42:23.824+0000][195414.190s][info][gc          ] GC(7518) Pause Young (Mixed) (G1 Evacuation Pause) 2838M->2281M(12288M) 62.279ms
[2025-01-09T02:42:23.824+0000][195414.190s][info][gc,cpu      ] GC(7518) User=0.37s Sys=0.00s Real=0.06s
[2025-01-09T02:42:31.189+0000][195421.556s][info][gc,start    ] GC(7519) Pause Young (Normal) (G1 Evacuation Pause)
[2025-01-09T02:42:31.190+0000][195421.556s][info][gc,task     ] GC(7519) Using 6 workers of 6 for evacuation
[2025-01-09T02:42:31.219+0000][195421.585s][info][gc,phases   ] GC(7519)   Pre Evacuate Collection Set: 0.2ms
[2025-01-09T02:42:31.219+0000][195421.585s][info][gc,phases   ] GC(7519)   Merge Heap Roots: 0.5ms
[2025-01-09T02:42:31.219+0000][195421.586s][info][gc,phases   ] GC(7519)   Evacuate Collection Set: 25.3ms
[2025-01-09T02:42:31.219+0000][195421.586s][info][gc,phases   ] GC(7519)   Post Evacuate Collection Set: 3.8ms
[2025-01-09T02:42:31.219+0000][195421.586s][info][gc,phases   ] GC(7519)   Other: 0.2ms
[2025-01-09T02:42:31.219+0000][195421.586s][info][gc,heap     ] GC(7519) Eden regions: 914->0(913)
[2025-01-09T02:42:31.219+0000][195421.586s][info][gc,heap     ] GC(7519) Survivor regions: 7->8(116)
[2025-01-09T02:42:31.219+0000][195421.586s][info][gc,heap     ] GC(7519) Old regions: 230->230
[2025-01-09T02:42:31.219+0000][195421.586s][info][gc,heap     ] GC(7519) Archive regions: 2->2
[2025-01-09T02:42:31.219+0000][195421.586s][info][gc,heap     ] GC(7519) Humongous regions: 49->49
[2025-01-09T02:42:31.219+0000][195421.586s][info][gc,metaspace] GC(7519) Metaspace: 524917K(534272K)->524917K(534272K) NonClass: 460948K(465536K)->460948K(465536K) Class: 63968K(68736K)->63968K(68736K)
[2025-01-09T02:42:31.219+0000][195421.586s][info][gc          ] GC(7519) Pause Young (Normal) (G1 Evacuation Pause) 9593M->2288M(12288M) 29.999ms
[2025-01-09T02:42:31.220+0000][195421.586s][info][gc,cpu      ] GC(7519) User=0.17s Sys=0.01s Real=0.02s
[2025-01-09T02:42:38.922+0000][195429.289s][info][gc,start    ] GC(7520) Pause Young (Normal) (G1 Evacuation Pause)
[2025-01-09T02:42:38.922+0000][195429.289s][info][gc,task     ] GC(7520) Using 6 workers of 6 for evacuation
[2025-01-09T02:42:38.954+0000][195429.320s][info][gc,phases   ] GC(7520)   Pre Evacuate Collection Set: 0.2ms
[2025-01-09T02:42:38.954+0000][195429.320s][info][gc,phases   ] GC(7520)   Merge Heap Roots: 0.4ms
[2025-01-09T02:42:38.954+0000][195429.320s][info][gc,phases   ] GC(7520)   Evacuate Collection Set: 26.8ms
[2025-01-09T02:42:38.954+0000][195429.320s][info][gc,phases   ] GC(7520)   Post Evacuate Collection Set: 3.8ms
[2025-01-09T02:42:38.954+0000][195429.320s][info][gc,phases   ] GC(7520)   Other: 0.2ms
[2025-01-09T02:42:38.954+0000][195429.320s][info][gc,heap     ] GC(7520) Eden regions: 913->0(913)
[2025-01-09T02:42:38.954+0000][195429.320s][info][gc,heap     ] GC(7520) Survivor regions: 8->8(116)
[2025-01-09T02:42:38.954+0000][195429.320s][info][gc,heap     ] GC(7520) Old regions: 230->230
[2025-01-09T02:42:38.954+0000][195429.320s][info][gc,heap     ] GC(7520) Archive regions: 2->2
[2025-01-09T02:42:38.954+0000][195429.320s][info][gc,heap     ] GC(7520) Humongous regions: 49->49
[2025-01-09T02:42:38.954+0000][195429.320s][info][gc,metaspace] GC(7520) Metaspace: 524917K(534272K)->524917K(534272K) NonClass: 460948K(465536K)->460948K(465536K) Class: 63968K(68736K)->63968K(68736K)
[2025-01-09T02:42:38.954+0000][195429.320s][info][gc          ] GC(7520) Pause Young (Normal) (G1 Evacuation Pause) 9592M->2295M(12288M) 31.489ms
[2025-01-09T02:42:38.954+0000][195429.320s][info][gc,cpu      ] GC(7520) User=0.19s Sys=0.00s Real=0.03s
[2025-01-09T02:42:46.667+0000][195437.033s][info][gc,start    ] GC(7521) Pause Young (Concurrent Start) (G1 Evacuation Pause)
[2025-01-09T02:42:46.667+0000][195437.033s][info][gc,task     ] GC(7521) Using 6 workers of 6 for evacuation
[2025-01-09T02:42:46.704+0000][195437.070s][info][gc,phases   ] GC(7521)   Pre Evacuate Collection Set: 1.1ms
[2025-01-09T02:42:46.704+0000][195437.070s][info][gc,phases   ] GC(7521)   Merge Heap Roots: 0.4ms
[2025-01-09T02:42:46.704+0000][195437.070s][info][gc,phases   ] GC(7521)   Evacuate Collection Set: 32.3ms
[2025-01-09T02:42:46.704+0000][195437.070s][info][gc,phases   ] GC(7521)   Post Evacuate Collection Set: 2.5ms
[2025-01-09T02:42:46.704+0000][195437.070s][info][gc,phases   ] GC(7521)   Other: 0.3ms
[2025-01-09T02:42:46.704+0000][195437.070s][info][gc,heap     ] GC(7521) Eden regions: 913->0(911)
[2025-01-09T02:42:46.704+0000][195437.070s][info][gc,heap     ] GC(7521) Survivor regions: 8->10(116)
[2025-01-09T02:42:46.704+0000][195437.070s][info][gc,heap     ] GC(7521) Old regions: 230->230
[2025-01-09T02:42:46.704+0000][195437.070s][info][gc,heap     ] GC(7521) Archive regions: 2->2
[2025-01-09T02:42:46.704+0000][195437.070s][info][gc,heap     ] GC(7521) Humongous regions: 49->49
[2025-01-09T02:42:46.704+0000][195437.070s][info][gc,metaspace] GC(7521) Metaspace: 524917K(534272K)->524917K(534272K) NonClass: 460948K(465536K)->460948K(465536K) Class: 63968K(68736K)->63968K(68736K)
[2025-01-09T02:42:46.704+0000][195437.070s][info][gc          ] GC(7521) Pause Young (Concurrent Start) (G1 Evacuation Pause) 9599M->2307M(12288M) 36.786ms
[2025-01-09T02:42:46.704+0000][195437.070s][info][gc,cpu      ] GC(7521) User=0.20s Sys=0.00s Real=0.04s
[2025-01-09T02:42:46.704+0000][195437.070s][info][gc          ] GC(7522) Concurrent Mark Cycle
[2025-01-09T02:42:46.704+0000][195437.070s][info][gc,marking  ] GC(7522) Concurrent Clear Claimed Marks
[2025-01-09T02:42:46.705+0000][195437.071s][info][gc,marking  ] GC(7522) Concurrent Clear Claimed Marks 0.918ms
[2025-01-09T02:42:46.705+0000][195437.071s][info][gc,marking  ] GC(7522) Concurrent Scan Root Regions
[2025-01-09T02:42:46.731+0000][195437.097s][info][gc,marking  ] GC(7522) Concurrent Scan Root Regions 25.960ms
[2025-01-09T02:42:46.731+0000][195437.097s][info][gc,marking  ] GC(7522) Concurrent Mark
[2025-01-09T02:42:46.731+0000][195437.097s][info][gc,marking  ] GC(7522) Concurrent Mark From Roots
[2025-01-09T02:42:46.731+0000][195437.097s][info][gc,task     ] GC(7522) Using 2 workers of 2 for marking
[2025-01-09T02:42:47.527+0000][195437.893s][info][gc,marking  ] GC(7522) Concurrent Mark From Roots 795.735ms
[2025-01-09T02:42:47.527+0000][195437.893s][info][gc,marking  ] GC(7522) Concurrent Preclean
[2025-01-09T02:42:47.530+0000][195437.896s][info][gc,marking  ] GC(7522) Concurrent Preclean 3.515ms
[2025-01-09T02:42:47.530+0000][195437.897s][info][gc,start    ] GC(7522) Pause Remark
[2025-01-09T02:42:47.556+0000][195437.922s][info][gc          ] GC(7522) Pause Remark 3035M->3035M(12288M) 25.701ms
[2025-01-09T02:42:47.556+0000][195437.922s][info][gc,cpu      ] GC(7522) User=0.14s Sys=0.00s Real=0.02s
[2025-01-09T02:42:47.556+0000][195437.922s][info][gc,marking  ] GC(7522) Concurrent Mark 825.264ms
[2025-01-09T02:42:47.556+0000][195437.922s][info][gc,marking  ] GC(7522) Concurrent Rebuild Remembered Sets
[2025-01-09T02:42:48.045+0000][195438.412s][info][gc,marking  ] GC(7522) Concurrent Rebuild Remembered Sets 489.109ms
[2025-01-09T02:42:48.046+0000][195438.412s][info][gc,start    ] GC(7522) Pause Cleanup
[2025-01-09T02:42:48.046+0000][195438.412s][info][gc          ] GC(7522) Pause Cleanup 3447M->3447M(12288M) 0.372ms
[2025-01-09T02:42:48.046+0000][195438.412s][info][gc,cpu      ] GC(7522) User=0.00s Sys=0.00s Real=0.00s
[2025-01-09T02:42:48.046+0000][195438.412s][info][gc,marking  ] GC(7522) Concurrent Cleanup for Next Mark
[2025-01-09T02:42:48.061+0000][195438.427s][info][gc,marking  ] GC(7522) Concurrent Cleanup for Next Mark 15.306ms
[2025-01-09T02:42:48.061+0000][195438.428s][info][gc          ] GC(7522) Concurrent Mark Cycle 1357.357ms
[2025-01-09T02:42:57.380+0000][195447.747s][info][gc,start    ] GC(7523) Pause Young (Prepare Mixed) (G1 Evacuation Pause)
[2025-01-09T02:42:57.380+0000][195447.747s][info][gc,task     ] GC(7523) Using 6 workers of 6 for evacuation
[2025-01-09T02:42:57.422+0000][195447.788s][info][gc,phases   ] GC(7523)   Pre Evacuate Collection Set: 0.2ms
[2025-01-09T02:42:57.422+0000][195447.788s][info][gc,phases   ] GC(7523)   Merge Heap Roots: 0.7ms
[2025-01-09T02:42:57.422+0000][195447.788s][info][gc,phases   ] GC(7523)   Evacuate Collection Set: 38.1ms
[2025-01-09T02:42:57.422+0000][195447.788s][info][gc,phases   ] GC(7523)   Post Evacuate Collection Set: 2.7ms
[2025-01-09T02:42:57.422+0000][195447.788s][info][gc,phases   ] GC(7523)   Other: 0.2ms
[2025-01-09T02:42:57.422+0000][195447.788s][info][gc,heap     ] GC(7523) Eden regions: 911->0(65)
[2025-01-09T02:42:57.422+0000][195447.788s][info][gc,heap     ] GC(7523) Survivor regions: 10->11(116)
[2025-01-09T02:42:57.422+0000][195447.788s][info][gc,heap     ] GC(7523) Old regions: 230->230
[2025-01-09T02:42:57.422+0000][195447.788s][info][gc,heap     ] GC(7523) Archive regions: 2->2
[2025-01-09T02:42:57.422+0000][195447.788s][info][gc,heap     ] GC(7523) Humongous regions: 49->49
[2025-01-09T02:42:57.422+0000][195447.788s][info][gc,metaspace] GC(7523) Metaspace: 524917K(534272K)->524917K(534272K) NonClass: 460948K(465536K)->460948K(465536K) Class: 63968K(68736K)->63968K(68736K)
[2025-01-09T02:42:57.422+0000][195447.788s][info][gc          ] GC(7523) Pause Young (Prepare Mixed) (G1 Evacuation Pause) 9595M->2315M(12288M) 41.935ms
[2025-01-09T02:42:57.422+0000][195447.789s][info][gc,cpu      ] GC(7523) User=0.24s Sys=0.01s Real=0.05s
[2025-01-09T02:42:58.236+0000][195448.602s][info][gc,start    ] GC(7524) Pause Young (Mixed) (GCLocker Initiated GC)
[2025-01-09T02:42:58.236+0000][195448.602s][info][gc,task     ] GC(7524) Using 6 workers of 6 for evacuation
[2025-01-09T02:42:58.302+0000][195448.668s][info][gc,phases   ] GC(7524)   Pre Evacuate Collection Set: 0.2ms
[2025-01-09T02:42:58.302+0000][195448.668s][info][gc,phases   ] GC(7524)   Merge Heap Roots: 0.6ms
[2025-01-09T02:42:58.302+0000][195448.668s][info][gc,phases   ] GC(7524)   Evacuate Collection Set: 63.5ms
[2025-01-09T02:42:58.302+0000][195448.668s][info][gc,phases   ] GC(7524)   Post Evacuate Collection Set: 1.9ms
[2025-01-09T02:42:58.302+0000][195448.668s][info][gc,phases   ] GC(7524)   Other: 0.2ms
[2025-01-09T02:42:58.302+0000][195448.668s][info][gc,heap     ] GC(7524) Eden regions: 65->0(916)
[2025-01-09T02:42:58.302+0000][195448.668s][info][gc,heap     ] GC(7524) Survivor regions: 11->5(10)
[2025-01-09T02:42:58.302+0000][195448.668s][info][gc,heap     ] GC(7524) Old regions: 230->232
[2025-01-09T02:42:58.302+0000][195448.668s][info][gc,heap     ] GC(7524) Archive regions: 2->2
[2025-01-09T02:42:58.302+0000][195448.668s][info][gc,heap     ] GC(7524) Humongous regions: 49->49
[2025-01-09T02:42:58.302+0000][195448.668s][info][gc,metaspace] GC(7524) Metaspace: 524917K(534272K)->524917K(534272K) NonClass: 460948K(465536K)->460948K(465536K) Class: 63968K(68736K)->63968K(68736K)
[2025-01-09T02:42:58.302+0000][195448.668s][info][gc          ] GC(7524) Pause Young (Mixed) (GCLocker Initiated GC) 2835M->2287M(12288M) 66.491ms
[2025-01-09T02:42:58.302+0000][195448.668s][info][gc,cpu      ] GC(7524) User=0.39s Sys=0.00s Real=0.07s
[2025-01-09T02:43:06.642+0000][195457.008s][info][gc,start    ] GC(7525) Pause Young (Normal) (G1 Evacuation Pause)
[2025-01-09T02:43:06.642+0000][195457.008s][info][gc,task     ] GC(7525) Using 6 workers of 6 for evacuation
[2025-01-09T02:43:06.670+0000][195457.036s][info][gc,phases   ] GC(7525)   Pre Evacuate Collection Set: 0.2ms
[2025-01-09T02:43:06.670+0000][195457.036s][info][gc,phases   ] GC(7525)   Merge Heap Roots: 0.4ms
[2025-01-09T02:43:06.670+0000][195457.036s][info][gc,phases   ] GC(7525)   Evacuate Collection Set: 24.6ms
[2025-01-09T02:43:06.670+0000][195457.036s][info][gc,phases   ] GC(7525)   Post Evacuate Collection Set: 2.5ms
[2025-01-09T02:43:06.670+0000][195457.036s][info][gc,phases   ] GC(7525)   Other: 0.2ms
[2025-01-09T02:43:06.670+0000][195457.036s][info][gc,heap     ] GC(7525) Eden regions: 916->0(915)
[2025-01-09T02:43:06.670+0000][195457.036s][info][gc,heap     ] GC(7525) Survivor regions: 5->6(116)
[2025-01-09T02:43:06.670+0000][195457.036s][info][gc,heap     ] GC(7525) Old regions: 232->232
[2025-01-09T02:43:06.670+0000][195457.036s][info][gc,heap     ] GC(7525) Archive regions: 2->2
[2025-01-09T02:43:06.670+0000][195457.036s][info][gc,heap     ] GC(7525) Humongous regions: 49->49
[2025-01-09T02:43:06.670+0000][195457.036s][info][gc,metaspace] GC(7525) Metaspace: 524917K(534272K)->524917K(534272K) NonClass: 460948K(465536K)->460948K(465536K) Class: 63968K(68736K)->63968K(68736K)
[2025-01-09T02:43:06.670+0000][195457.036s][info][gc          ] GC(7525) Pause Young (Normal) (G1 Evacuation Pause) 9615M->2296M(12288M) 27.999ms
[2025-01-09T02:43:06.670+0000][195457.036s][info][gc,cpu      ] GC(7525) User=0.16s Sys=0.00s Real=0.03s
[2025-01-09T02:43:16.381+0000][195466.748s][info][gc,start    ] GC(7526) Pause Young (Normal) (G1 Evacuation Pause)
[2025-01-09T02:43:16.382+0000][195466.748s][info][gc,task     ] GC(7526) Using 6 workers of 6 for evacuation
[2025-01-09T02:43:16.412+0000][195466.778s][info][gc,phases   ] GC(7526)   Pre Evacuate Collection Set: 0.2ms
[2025-01-09T02:43:16.412+0000][195466.778s][info][gc,phases   ] GC(7526)   Merge Heap Roots: 0.4ms
[2025-01-09T02:43:16.412+0000][195466.778s][info][gc,phases   ] GC(7526)   Evacuate Collection Set: 26.7ms
[2025-01-09T02:43:16.412+0000][195466.778s][info][gc,phases   ] GC(7526)   Post Evacuate Collection Set: 2.6ms
[2025-01-09T02:43:16.412+0000][195466.778s][info][gc,phases   ] GC(7526)   Other: 0.2ms
[2025-01-09T02:43:16.412+0000][195466.778s][info][gc,heap     ] GC(7526) Eden regions: 915->0(913)
[2025-01-09T02:43:16.412+0000][195466.778s][info][gc,heap     ] GC(7526) Survivor regions: 6->8(116)
[2025-01-09T02:43:16.412+0000][195466.778s][info][gc,heap     ] GC(7526) Old regions: 232->232
[2025-01-09T02:43:16.412+0000][195466.778s][info][gc,heap     ] GC(7526) Archive regions: 2->2
[2025-01-09T02:43:16.412+0000][195466.778s][info][gc,heap     ] GC(7526) Humongous regions: 49->49
[2025-01-09T02:43:16.412+0000][195466.778s][info][gc,metaspace] GC(7526) Metaspace: 524917K(534272K)->524917K(534272K) NonClass: 460948K(465536K)->460948K(465536K) Class: 63968K(68736K)->63968K(68736K)
[2025-01-09T02:43:16.412+0000][195466.778s][info][gc          ] GC(7526) Pause Young (Normal) (G1 Evacuation Pause) 9616M->2310M(12288M) 30.140ms
[2025-01-09T02:43:16.412+0000][195466.778s][info][gc,cpu      ] GC(7526) User=0.17s Sys=0.00s Real=0.03s
[2025-01-09T02:43:24.742+0000][195475.109s][info][gc,start    ] GC(7527) Pause Young (Concurrent Start) (G1 Evacuation Pause)
[2025-01-09T02:43:24.742+0000][195475.109s][info][gc,task     ] GC(7527) Using 6 workers of 6 for evacuation
[2025-01-09T02:43:24.781+0000][195475.147s][info][gc,phases   ] GC(7527)   Pre Evacuate Collection Set: 1.1ms
[2025-01-09T02:43:24.781+0000][195475.148s][info][gc,phases   ] GC(7527)   Merge Heap Roots: 0.5ms
[2025-01-09T02:43:24.781+0000][195475.148s][info][gc,phases   ] GC(7527)   Evacuate Collection Set: 31.9ms
[2025-01-09T02:43:24.781+0000][195475.148s][info][gc,phases   ] GC(7527)   Post Evacuate Collection Set: 5.2ms
[2025-01-09T02:43:24.781+0000][195475.148s][info][gc,phases   ] GC(7527)   Other: 0.3ms
[2025-01-09T02:43:24.781+0000][195475.148s][info][gc,heap     ] GC(7527) Eden regions: 913->0(910)
[2025-01-09T02:43:24.781+0000][195475.148s][info][gc,heap     ] GC(7527) Survivor regions: 8->11(116)
[2025-01-09T02:43:24.781+0000][195475.148s][info][gc,heap     ] GC(7527) Old regions: 232->232
[2025-01-09T02:43:24.781+0000][195475.148s][info][gc,heap     ] GC(7527) Archive regions: 2->2
[2025-01-09T02:43:24.781+0000][195475.148s][info][gc,heap     ] GC(7527) Humongous regions: 49->49
[2025-01-09T02:43:24.781+0000][195475.148s][info][gc,metaspace] GC(7527) Metaspace: 524917K(534272K)->524917K(534272K) NonClass: 460948K(465536K)->460948K(465536K) Class: 63968K(68736K)->63968K(68736K)
[2025-01-09T02:43:24.782+0000][195475.148s][info][gc          ] GC(7527) Pause Young (Concurrent Start) (G1 Evacuation Pause) 9614M->2330M(12288M) 39.084ms
[2025-01-09T02:43:24.782+0000][195475.148s][info][gc,cpu      ] GC(7527) User=0.22s Sys=0.00s Real=0.04s
[2025-01-09T02:43:24.782+0000][195475.148s][info][gc          ] GC(7528) Concurrent Mark Cycle
[2025-01-09T02:43:24.782+0000][195475.148s][info][gc,marking  ] GC(7528) Concurrent Clear Claimed Marks
[2025-01-09T02:43:24.783+0000][195475.149s][info][gc,marking  ] GC(7528) Concurrent Clear Claimed Marks 0.917ms
[2025-01-09T02:43:24.783+0000][195475.149s][info][gc,marking  ] GC(7528) Concurrent Scan Root Regions
[2025-01-09T02:43:24.807+0000][195475.173s][info][gc,marking  ] GC(7528) Concurrent Scan Root Regions 23.966ms
[2025-01-09T02:43:24.807+0000][195475.173s][info][gc,marking  ] GC(7528) Concurrent Mark
[2025-01-09T02:43:24.807+0000][195475.173s][info][gc,marking  ] GC(7528) Concurrent Mark From Roots
[2025-01-09T02:43:24.807+0000][195475.173s][info][gc,task     ] GC(7528) Using 2 workers of 2 for marking
[2025-01-09T02:43:25.683+0000][195476.049s][info][gc,marking  ] GC(7528) Concurrent Mark From Roots 876.096ms
[2025-01-09T02:43:25.683+0000][195476.049s][info][gc,marking  ] GC(7528) Concurrent Preclean
[2025-01-09T02:43:25.686+0000][195476.053s][info][gc,marking  ] GC(7528) Concurrent Preclean 3.750ms
[2025-01-09T02:43:25.687+0000][195476.053s][info][gc,start    ] GC(7528) Pause Remark
[2025-01-09T02:43:25.712+0000][195476.078s][info][gc          ] GC(7528) Pause Remark 3290M->3290M(12288M) 25.500ms
[2025-01-09T02:43:25.712+0000][195476.078s][info][gc,cpu      ] GC(7528) User=0.15s Sys=0.00s Real=0.03s
[2025-01-09T02:43:25.712+0000][195476.078s][info][gc,marking  ] GC(7528) Concurrent Mark 905.703ms
[2025-01-09T02:43:25.712+0000][195476.078s][info][gc,marking  ] GC(7528) Concurrent Rebuild Remembered Sets
[2025-01-09T02:43:26.235+0000][195476.601s][info][gc,marking  ] GC(7528) Concurrent Rebuild Remembered Sets 522.487ms
[2025-01-09T02:43:26.235+0000][195476.601s][info][gc,start    ] GC(7528) Pause Cleanup
[2025-01-09T02:43:26.235+0000][195476.601s][info][gc          ] GC(7528) Pause Cleanup 3786M->3786M(12288M) 0.410ms
[2025-01-09T02:43:26.235+0000][195476.601s][info][gc,cpu      ] GC(7528) User=0.00s Sys=0.00s Real=0.00s
[2025-01-09T02:43:26.235+0000][195476.602s][info][gc,marking  ] GC(7528) Concurrent Cleanup for Next Mark
[2025-01-09T02:43:26.251+0000][195476.617s][info][gc,marking  ] GC(7528) Concurrent Cleanup for Next Mark 15.305ms
[2025-01-09T02:43:26.251+0000][195476.617s][info][gc          ] GC(7528) Concurrent Mark Cycle 1469.205ms
[2025-01-09T02:43:37.241+0000][195487.608s][info][gc,start    ] GC(7529) Pause Young (Prepare Mixed) (G1 Evacuation Pause)
[2025-01-09T02:43:37.241+0000][195487.608s][info][gc,task     ] GC(7529) Using 6 workers of 6 for evacuation
[2025-01-09T02:43:37.282+0000][195487.648s][info][gc,phases   ] GC(7529)   Pre Evacuate Collection Set: 0.2ms
[2025-01-09T02:43:37.282+0000][195487.648s][info][gc,phases   ] GC(7529)   Merge Heap Roots: 0.7ms
[2025-01-09T02:43:37.282+0000][195487.648s][info][gc,phases   ] GC(7529)   Evacuate Collection Set: 35.7ms
[2025-01-09T02:43:37.282+0000][195487.648s][info][gc,phases   ] GC(7529)   Post Evacuate Collection Set: 4.0ms
[2025-01-09T02:43:37.282+0000][195487.648s][info][gc,phases   ] GC(7529)   Other: 0.2ms
[2025-01-09T02:43:37.282+0000][195487.648s][info][gc,heap     ] GC(7529) Eden regions: 910->0(64)
[2025-01-09T02:43:37.282+0000][195487.648s][info][gc,heap     ] GC(7529) Survivor regions: 11->12(116)
[2025-01-09T02:43:37.282+0000][195487.648s][info][gc,heap     ] GC(7529) Old regions: 232->232
[2025-01-09T02:43:37.282+0000][195487.648s][info][gc,heap     ] GC(7529) Archive regions: 2->2
[2025-01-09T02:43:37.282+0000][195487.648s][info][gc,heap     ] GC(7529) Humongous regions: 49->49
[2025-01-09T02:43:37.282+0000][195487.648s][info][gc,metaspace] GC(7529) Metaspace: 524917K(534272K)->524917K(534272K) NonClass: 460948K(465536K)->460948K(465536K) Class: 63968K(68736K)->63968K(68736K)
[2025-01-09T02:43:37.282+0000][195487.648s][info][gc          ] GC(7529) Pause Young (Prepare Mixed) (G1 Evacuation Pause) 9610M->2340M(12288M) 40.915ms
[2025-01-09T02:43:37.282+0000][195487.648s][info][gc,cpu      ] GC(7529) User=0.24s Sys=0.00s Real=0.05s
[2025-01-09T02:43:37.648+0000][195488.014s][info][gc,start    ] GC(7530) Pause Young (Mixed) (G1 Evacuation Pause)
[2025-01-09T02:43:37.648+0000][195488.014s][info][gc,task     ] GC(7530) Using 6 workers of 6 for evacuation
[2025-01-09T02:43:37.692+0000][195488.058s][info][gc,phases   ] GC(7530)   Pre Evacuate Collection Set: 0.2ms
[2025-01-09T02:43:37.692+0000][195488.058s][info][gc,phases   ] GC(7530)   Merge Heap Roots: 0.4ms
[2025-01-09T02:43:37.692+0000][195488.058s][info][gc,phases   ] GC(7530)   Evacuate Collection Set: 41.8ms
[2025-01-09T02:43:37.692+0000][195488.058s][info][gc,phases   ] GC(7530)   Post Evacuate Collection Set: 1.6ms
[2025-01-09T02:43:37.692+0000][195488.058s][info][gc,phases   ] GC(7530)   Other: 0.2ms
[2025-01-09T02:43:37.692+0000][195488.058s][info][gc,heap     ] GC(7530) Eden regions: 64->0(916)
[2025-01-09T02:43:37.692+0000][195488.058s][info][gc,heap     ] GC(7530) Survivor regions: 12->5(10)
[2025-01-09T02:43:37.692+0000][195488.058s][info][gc,heap     ] GC(7530) Old regions: 232->232
[2025-01-09T02:43:37.692+0000][195488.058s][info][gc,heap     ] GC(7530) Archive regions: 2->2
[2025-01-09T02:43:37.692+0000][195488.058s][info][gc,heap     ] GC(7530) Humongous regions: 49->49
[2025-01-09T02:43:37.692+0000][195488.058s][info][gc,metaspace] GC(7530) Metaspace: 524917K(534272K)->524917K(534272K) NonClass: 460948K(465536K)->460948K(465536K) Class: 63968K(68736K)->63968K(68736K)
[2025-01-09T02:43:37.692+0000][195488.058s][info][gc          ] GC(7530) Pause Young (Mixed) (G1 Evacuation Pause) 2852M->2287M(12288M) 44.281ms
[2025-01-09T02:43:37.692+0000][195488.058s][info][gc,cpu      ] GC(7530) User=0.26s Sys=0.00s Real=0.05s
[2025-01-09T02:43:47.356+0000][195497.723s][info][gc,start    ] GC(7531) Pause Young (Normal) (G1 Evacuation Pause)
[2025-01-09T02:43:47.356+0000][195497.723s][info][gc,task     ] GC(7531) Using 6 workers of 6 for evacuation
[2025-01-09T02:43:47.380+0000][195497.746s][info][gc,phases   ] GC(7531)   Pre Evacuate Collection Set: 0.2ms
[2025-01-09T02:43:47.380+0000][195497.746s][info][gc,phases   ] GC(7531)   Merge Heap Roots: 0.4ms
[2025-01-09T02:43:47.380+0000][195497.746s][info][gc,phases   ] GC(7531)   Evacuate Collection Set: 19.9ms
[2025-01-09T02:43:47.380+0000][195497.746s][info][gc,phases   ] GC(7531)   Post Evacuate Collection Set: 2.6ms
[2025-01-09T02:43:47.380+0000][195497.746s][info][gc,phases   ] GC(7531)   Other: 0.2ms
[2025-01-09T02:43:47.380+0000][195497.746s][info][gc,heap     ] GC(7531) Eden regions: 916->0(916)
[2025-01-09T02:43:47.380+0000][195497.746s][info][gc,heap     ] GC(7531) Survivor regions: 5->5(116)
[2025-01-09T02:43:47.380+0000][195497.746s][info][gc,heap     ] GC(7531) Old regions: 232->232
[2025-01-09T02:43:47.380+0000][195497.746s][info][gc,heap     ] GC(7531) Archive regions: 2->2
[2025-01-09T02:43:47.380+0000][195497.746s][info][gc,heap     ] GC(7531) Humongous regions: 49->49
[2025-01-09T02:43:47.380+0000][195497.746s][info][gc,metaspace] GC(7531) Metaspace: 524917K(534272K)->524917K(534272K) NonClass: 460948K(465536K)->460948K(465536K) Class: 63968K(68736K)->63968K(68736K)
[2025-01-09T02:43:47.380+0000][195497.746s][info][gc          ] GC(7531) Pause Young (Normal) (G1 Evacuation Pause) 9615M->2292M(12288M) 23.354ms
[2025-01-09T02:43:47.380+0000][195497.746s][info][gc,cpu      ] GC(7531) User=0.13s Sys=0.00s Real=0.02s
[2025-01-09T02:43:53.852+0000][195504.218s][info][gc,start    ] GC(7532) Pause Young (Normal) (GCLocker Initiated GC)
[2025-01-09T02:43:53.852+0000][195504.218s][info][gc,task     ] GC(7532) Using 6 workers of 6 for evacuation
[2025-01-09T02:43:53.876+0000][195504.242s][info][gc,phases   ] GC(7532)   Pre Evacuate Collection Set: 0.2ms
[2025-01-09T02:43:53.876+0000][195504.242s][info][gc,phases   ] GC(7532)   Merge Heap Roots: 0.4ms
[2025-01-09T02:43:53.876+0000][195504.242s][info][gc,phases   ] GC(7532)   Evacuate Collection Set: 20.5ms
[2025-01-09T02:43:53.876+0000][195504.242s][info][gc,phases   ] GC(7532)   Post Evacuate Collection Set: 2.4ms
[2025-01-09T02:43:53.876+0000][195504.242s][info][gc,phases   ] GC(7532)   Other: 0.2ms
[2025-01-09T02:43:53.876+0000][195504.242s][info][gc,heap     ] GC(7532) Eden regions: 916->0(915)
[2025-01-09T02:43:53.876+0000][195504.242s][info][gc,heap     ] GC(7532) Survivor regions: 5->6(116)
[2025-01-09T02:43:53.876+0000][195504.242s][info][gc,heap     ] GC(7532) Old regions: 232->232
[2025-01-09T02:43:53.876+0000][195504.242s][info][gc,heap     ] GC(7532) Archive regions: 2->2
[2025-01-09T02:43:53.876+0000][195504.242s][info][gc,heap     ] GC(7532) Humongous regions: 49->49
[2025-01-09T02:43:53.876+0000][195504.242s][info][gc,metaspace] GC(7532) Metaspace: 524917K(534272K)->524917K(534272K) NonClass: 460948K(465536K)->460948K(465536K) Class: 63968K(68736K)->63968K(68736K)
[2025-01-09T02:43:53.876+0000][195504.242s][info][gc          ] GC(7532) Pause Young (Normal) (GCLocker Initiated GC) 9620M->2300M(12288M) 23.804ms
[2025-01-09T02:43:53.876+0000][195504.242s][info][gc,cpu      ] GC(7532) User=0.14s Sys=0.00s Real=0.02s
[2025-01-09T02:44:01.661+0000][195512.027s][info][gc,start    ] GC(7533) Pause Young (Concurrent Start) (G1 Evacuation Pause)
[2025-01-09T02:44:01.661+0000][195512.027s][info][gc,task     ] GC(7533) Using 6 workers of 6 for evacuation
[2025-01-09T02:44:01.690+0000][195512.056s][info][gc,phases   ] GC(7533)   Pre Evacuate Collection Set: 1.2ms
[2025-01-09T02:44:01.690+0000][195512.057s][info][gc,phases   ] GC(7533)   Merge Heap Roots: 0.4ms
[2025-01-09T02:44:01.690+0000][195512.057s][info][gc,phases   ] GC(7533)   Evacuate Collection Set: 25.5ms
[2025-01-09T02:44:01.690+0000][195512.057s][info][gc,phases   ] GC(7533)   Post Evacuate Collection Set: 2.4ms
[2025-01-09T02:44:01.690+0000][195512.057s][info][gc,phases   ] GC(7533)   Other: 0.3ms
[2025-01-09T02:44:01.690+0000][195512.057s][info][gc,heap     ] GC(7533) Eden regions: 915->0(913)
[2025-01-09T02:44:01.690+0000][195512.057s][info][gc,heap     ] GC(7533) Survivor regions: 6->8(116)
[2025-01-09T02:44:01.690+0000][195512.057s][info][gc,heap     ] GC(7533) Old regions: 232->232
[2025-01-09T02:44:01.690+0000][195512.057s][info][gc,heap     ] GC(7533) Archive regions: 2->2
[2025-01-09T02:44:01.690+0000][195512.057s][info][gc,heap     ] GC(7533) Humongous regions: 49->49
[2025-01-09T02:44:01.690+0000][195512.057s][info][gc,metaspace] GC(7533) Metaspace: 524917K(534272K)->524917K(534272K) NonClass: 460948K(465536K)->460948K(465536K) Class: 63968K(68736K)->63968K(68736K)
[2025-01-09T02:44:01.690+0000][195512.057s][info][gc          ] GC(7533) Pause Young (Concurrent Start) (G1 Evacuation Pause) 9620M->2315M(12288M) 29.845ms
[2025-01-09T02:44:01.691+0000][195512.057s][info][gc,cpu      ] GC(7533) User=0.17s Sys=0.00s Real=0.04s
[2025-01-09T02:44:01.691+0000][195512.057s][info][gc          ] GC(7534) Concurrent Mark Cycle
[2025-01-09T02:44:01.691+0000][195512.057s][info][gc,marking  ] GC(7534) Concurrent Clear Claimed Marks
[2025-01-09T02:44:01.691+0000][195512.058s][info][gc,marking  ] GC(7534) Concurrent Clear Claimed Marks 0.875ms
[2025-01-09T02:44:01.691+0000][195512.058s][info][gc,marking  ] GC(7534) Concurrent Scan Root Regions
[2025-01-09T02:44:01.712+0000][195512.078s][info][gc,marking  ] GC(7534) Concurrent Scan Root Regions 20.885ms
[2025-01-09T02:44:01.712+0000][195512.078s][info][gc,marking  ] GC(7534) Concurrent Mark
[2025-01-09T02:44:01.712+0000][195512.079s][info][gc,marking  ] GC(7534) Concurrent Mark From Roots
[2025-01-09T02:44:01.712+0000][195512.079s][info][gc,task     ] GC(7534) Using 2 workers of 2 for marking
[2025-01-09T02:44:02.504+0000][195512.870s][info][gc,marking  ] GC(7534) Concurrent Mark From Roots 791.632ms
[2025-01-09T02:44:02.504+0000][195512.870s][info][gc,marking  ] GC(7534) Concurrent Preclean
[2025-01-09T02:44:02.507+0000][195512.873s][info][gc,marking  ] GC(7534) Concurrent Preclean 2.819ms
[2025-01-09T02:44:02.507+0000][195512.873s][info][gc,start    ] GC(7534) Pause Remark
[2025-01-09T02:44:02.532+0000][195512.898s][info][gc          ] GC(7534) Pause Remark 3088M->3088M(12288M) 25.199ms
[2025-01-09T02:44:02.532+0000][195512.898s][info][gc,cpu      ] GC(7534) User=0.15s Sys=0.00s Real=0.03s
[2025-01-09T02:44:02.532+0000][195512.898s][info][gc,marking  ] GC(7534) Concurrent Mark 819.943ms
[2025-01-09T02:44:02.532+0000][195512.898s][info][gc,marking  ] GC(7534) Concurrent Rebuild Remembered Sets
[2025-01-09T02:44:03.068+0000][195513.434s][info][gc,marking  ] GC(7534) Concurrent Rebuild Remembered Sets 535.791ms
[2025-01-09T02:44:03.068+0000][195513.434s][info][gc,start    ] GC(7534) Pause Cleanup
[2025-01-09T02:44:03.069+0000][195513.435s][info][gc          ] GC(7534) Pause Cleanup 3539M->3539M(12288M) 0.423ms
[2025-01-09T02:44:03.069+0000][195513.435s][info][gc,cpu      ] GC(7534) User=0.00s Sys=0.00s Real=0.00s
[2025-01-09T02:44:03.069+0000][195513.435s][info][gc,marking  ] GC(7534) Concurrent Cleanup for Next Mark
[2025-01-09T02:44:03.084+0000][195513.450s][info][gc,marking  ] GC(7534) Concurrent Cleanup for Next Mark 15.349ms
[2025-01-09T02:44:03.084+0000][195513.450s][info][gc          ] GC(7534) Concurrent Mark Cycle 1393.684ms
[2025-01-09T02:44:09.588+0000][195519.954s][info][gc,start    ] GC(7535) Pause Young (Prepare Mixed) (G1 Evacuation Pause)
[2025-01-09T02:44:09.588+0000][195519.954s][info][gc,task     ] GC(7535) Using 6 workers of 6 for evacuation
[2025-01-09T02:44:09.623+0000][195519.989s][info][gc,phases   ] GC(7535)   Pre Evacuate Collection Set: 0.2ms
[2025-01-09T02:44:09.623+0000][195519.989s][info][gc,phases   ] GC(7535)   Merge Heap Roots: 0.7ms
[2025-01-09T02:44:09.623+0000][195519.989s][info][gc,phases   ] GC(7535)   Evacuate Collection Set: 31.7ms
[2025-01-09T02:44:09.623+0000][195519.989s][info][gc,phases   ] GC(7535)   Post Evacuate Collection Set: 2.6ms
[2025-01-09T02:44:09.623+0000][195519.989s][info][gc,phases   ] GC(7535)   Other: 0.2ms
[2025-01-09T02:44:09.623+0000][195519.989s][info][gc,heap     ] GC(7535) Eden regions: 913->0(67)
[2025-01-09T02:44:09.623+0000][195519.989s][info][gc,heap     ] GC(7535) Survivor regions: 8->9(116)
[2025-01-09T02:44:09.623+0000][195519.990s][info][gc,heap     ] GC(7535) Old regions: 232->232
[2025-01-09T02:44:09.623+0000][195519.990s][info][gc,heap     ] GC(7535) Archive regions: 2->2
[2025-01-09T02:44:09.623+0000][195519.990s][info][gc,heap     ] GC(7535) Humongous regions: 49->49
[2025-01-09T02:44:09.623+0000][195519.990s][info][gc,metaspace] GC(7535) Metaspace: 524917K(534272K)->524917K(534272K) NonClass: 460948K(465536K)->460948K(465536K) Class: 63968K(68736K)->63968K(68736K)
[2025-01-09T02:44:09.623+0000][195519.990s][info][gc          ] GC(7535) Pause Young (Prepare Mixed) (G1 Evacuation Pause) 9619M->2324M(12288M) 35.389ms
[2025-01-09T02:44:09.623+0000][195519.990s][info][gc,cpu      ] GC(7535) User=0.21s Sys=0.00s Real=0.04s
[2025-01-09T02:44:10.309+0000][195520.675s][info][gc,start    ] GC(7536) Pause Young (Mixed) (G1 Evacuation Pause)
[2025-01-09T02:44:10.309+0000][195520.675s][info][gc,task     ] GC(7536) Using 6 workers of 6 for evacuation
[2025-01-09T02:44:10.365+0000][195520.731s][info][gc,phases   ] GC(7536)   Pre Evacuate Collection Set: 0.2ms
[2025-01-09T02:44:10.365+0000][195520.731s][info][gc,phases   ] GC(7536)   Merge Heap Roots: 0.5ms
[2025-01-09T02:44:10.365+0000][195520.731s][info][gc,phases   ] GC(7536)   Evacuate Collection Set: 53.2ms
[2025-01-09T02:44:10.365+0000][195520.731s][info][gc,phases   ] GC(7536)   Post Evacuate Collection Set: 2.0ms
[2025-01-09T02:44:10.365+0000][195520.731s][info][gc,phases   ] GC(7536)   Other: 0.2ms
[2025-01-09T02:44:10.365+0000][195520.731s][info][gc,heap     ] GC(7536) Eden regions: 67->0(916)
[2025-01-09T02:44:10.365+0000][195520.731s][info][gc,heap     ] GC(7536) Survivor regions: 9->5(10)
[2025-01-09T02:44:10.365+0000][195520.731s][info][gc,heap     ] GC(7536) Old regions: 232->232
[2025-01-09T02:44:10.365+0000][195520.731s][info][gc,heap     ] GC(7536) Archive regions: 2->2
[2025-01-09T02:44:10.365+0000][195520.731s][info][gc,heap     ] GC(7536) Humongous regions: 49->49
[2025-01-09T02:44:10.365+0000][195520.731s][info][gc,metaspace] GC(7536) Metaspace: 524917K(534272K)->524917K(534272K) NonClass: 460948K(465536K)->460948K(465536K) Class: 63968K(68736K)->63968K(68736K)
[2025-01-09T02:44:10.365+0000][195520.731s][info][gc          ] GC(7536) Pause Young (Mixed) (G1 Evacuation Pause) 2860M->2285M(12288M) 56.188ms
[2025-01-09T02:44:10.365+0000][195520.731s][info][gc,cpu      ] GC(7536) User=0.30s Sys=0.00s Real=0.06s
[2025-01-09T02:44:17.225+0000][195527.591s][info][gc,start    ] GC(7537) Pause Young (Normal) (G1 Evacuation Pause)
[2025-01-09T02:44:17.225+0000][195527.591s][info][gc,task     ] GC(7537) Using 6 workers of 6 for evacuation
[2025-01-09T02:44:17.250+0000][195527.616s][info][gc,phases   ] GC(7537)   Pre Evacuate Collection Set: 0.2ms
[2025-01-09T02:44:17.250+0000][195527.616s][info][gc,phases   ] GC(7537)   Merge Heap Roots: 0.4ms
[2025-01-09T02:44:17.250+0000][195527.616s][info][gc,phases   ] GC(7537)   Evacuate Collection Set: 20.0ms
[2025-01-09T02:44:17.250+0000][195527.616s][info][gc,phases   ] GC(7537)   Post Evacuate Collection Set: 3.8ms
[2025-01-09T02:44:17.250+0000][195527.616s][info][gc,phases   ] GC(7537)   Other: 0.2ms
[2025-01-09T02:44:17.250+0000][195527.616s][info][gc,heap     ] GC(7537) Eden regions: 916->0(915)
[2025-01-09T02:44:17.250+0000][195527.616s][info][gc,heap     ] GC(7537) Survivor regions: 5->6(116)
[2025-01-09T02:44:17.250+0000][195527.616s][info][gc,heap     ] GC(7537) Old regions: 232->232
[2025-01-09T02:44:17.250+0000][195527.616s][info][gc,heap     ] GC(7537) Archive regions: 2->2
[2025-01-09T02:44:17.250+0000][195527.616s][info][gc,heap     ] GC(7537) Humongous regions: 49->49
[2025-01-09T02:44:17.250+0000][195527.616s][info][gc,metaspace] GC(7537) Metaspace: 524917K(534272K)->524917K(534272K) NonClass: 460948K(465536K)->460948K(465536K) Class: 63968K(68736K)->63968K(68736K)
[2025-01-09T02:44:17.250+0000][195527.616s][info][gc          ] GC(7537) Pause Young (Normal) (G1 Evacuation Pause) 9613M->2295M(12288M) 24.751ms
[2025-01-09T02:44:17.250+0000][195527.616s][info][gc,cpu      ] GC(7537) User=0.13s Sys=0.01s Real=0.03s
[2025-01-09T02:44:25.440+0000][195535.806s][info][gc,start    ] GC(7538) Pause Young (Normal) (G1 Evacuation Pause)
[2025-01-09T02:44:25.440+0000][195535.806s][info][gc,task     ] GC(7538) Using 6 workers of 6 for evacuation
[2025-01-09T02:44:25.470+0000][195535.836s][info][gc,phases   ] GC(7538)   Pre Evacuate Collection Set: 0.2ms
[2025-01-09T02:44:25.470+0000][195535.836s][info][gc,phases   ] GC(7538)   Merge Heap Roots: 0.4ms
[2025-01-09T02:44:25.470+0000][195535.836s][info][gc,phases   ] GC(7538)   Evacuate Collection Set: 25.2ms
[2025-01-09T02:44:25.470+0000][195535.836s][info][gc,phases   ] GC(7538)   Post Evacuate Collection Set: 3.9ms
[2025-01-09T02:44:25.470+0000][195535.836s][info][gc,phases   ] GC(7538)   Other: 0.2ms
[2025-01-09T02:44:25.470+0000][195535.836s][info][gc,heap     ] GC(7538) Eden regions: 915->0(912)
[2025-01-09T02:44:25.470+0000][195535.836s][info][gc,heap     ] GC(7538) Survivor regions: 6->9(116)
[2025-01-09T02:44:25.470+0000][195535.836s][info][gc,heap     ] GC(7538) Old regions: 232->232
[2025-01-09T02:44:25.470+0000][195535.836s][info][gc,heap     ] GC(7538) Archive regions: 2->2
[2025-01-09T02:44:25.470+0000][195535.836s][info][gc,heap     ] GC(7538) Humongous regions: 49->49
[2025-01-09T02:44:25.470+0000][195535.836s][info][gc,metaspace] GC(7538) Metaspace: 524917K(534272K)->524917K(534272K) NonClass: 460948K(465536K)->460948K(465536K) Class: 63968K(68736K)->63968K(68736K)
[2025-01-09T02:44:25.470+0000][195535.836s][info][gc          ] GC(7538) Pause Young (Normal) (G1 Evacuation Pause) 9615M->2314M(12288M) 29.995ms
[2025-01-09T02:44:25.470+0000][195535.836s][info][gc,cpu      ] GC(7538) User=0.18s Sys=0.00s Real=0.04s
[2025-01-09T02:44:29.805+0000][195540.171s][info][gc,start    ] GC(7539) Pause Young (Concurrent Start) (G1 Evacuation Pause)
[2025-01-09T02:44:29.805+0000][195540.171s][info][gc,task     ] GC(7539) Using 6 workers of 6 for evacuation
[2025-01-09T02:44:29.834+0000][195540.200s][info][gc,phases   ] GC(7539)   Pre Evacuate Collection Set: 1.1ms
[2025-01-09T02:44:29.834+0000][195540.200s][info][gc,phases   ] GC(7539)   Merge Heap Roots: 0.4ms
[2025-01-09T02:44:29.834+0000][195540.200s][info][gc,phases   ] GC(7539)   Evacuate Collection Set: 23.8ms
[2025-01-09T02:44:29.834+0000][195540.200s][info][gc,phases   ] GC(7539)   Post Evacuate Collection Set: 3.7ms
[2025-01-09T02:44:29.834+0000][195540.200s][info][gc,phases   ] GC(7539)   Other: 0.3ms
[2025-01-09T02:44:29.834+0000][195540.200s][info][gc,heap     ] GC(7539) Eden regions: 912->0(913)
[2025-01-09T02:44:29.834+0000][195540.200s][info][gc,heap     ] GC(7539) Survivor regions: 9->8(116)
[2025-01-09T02:44:29.834+0000][195540.200s][info][gc,heap     ] GC(7539) Old regions: 232->232
[2025-01-09T02:44:29.834+0000][195540.200s][info][gc,heap     ] GC(7539) Archive regions: 2->2
[2025-01-09T02:44:29.834+0000][195540.200s][info][gc,heap     ] GC(7539) Humongous regions: 49->49
[2025-01-09T02:44:29.834+0000][195540.200s][info][gc,metaspace] GC(7539) Metaspace: 524917K(534272K)->524917K(534272K) NonClass: 460948K(465536K)->460948K(465536K) Class: 63968K(68736K)->63968K(68736K)
[2025-01-09T02:44:29.834+0000][195540.200s][info][gc          ] GC(7539) Pause Young (Concurrent Start) (G1 Evacuation Pause) 9610M->2311M(12288M) 29.346ms
[2025-01-09T02:44:29.834+0000][195540.200s][info][gc,cpu      ] GC(7539) User=0.17s Sys=0.00s Real=0.03s
[2025-01-09T02:44:29.834+0000][195540.200s][info][gc          ] GC(7540) Concurrent Mark Cycle
[2025-01-09T02:44:29.834+0000][195540.200s][info][gc,marking  ] GC(7540) Concurrent Clear Claimed Marks
[2025-01-09T02:44:29.835+0000][195540.201s][info][gc,marking  ] GC(7540) Concurrent Clear Claimed Marks 0.840ms
[2025-01-09T02:44:29.835+0000][195540.201s][info][gc,marking  ] GC(7540) Concurrent Scan Root Regions
[2025-01-09T02:44:29.856+0000][195540.222s][info][gc,marking  ] GC(7540) Concurrent Scan Root Regions 20.609ms
[2025-01-09T02:44:29.856+0000][195540.222s][info][gc,marking  ] GC(7540) Concurrent Mark
[2025-01-09T02:44:29.856+0000][195540.222s][info][gc,marking  ] GC(7540) Concurrent Mark From Roots
[2025-01-09T02:44:29.856+0000][195540.222s][info][gc,task     ] GC(7540) Using 2 workers of 2 for marking
[2025-01-09T02:44:30.878+0000][195541.244s][info][gc,marking  ] GC(7540) Concurrent Mark From Roots 1021.879ms
[2025-01-09T02:44:30.878+0000][195541.244s][info][gc,marking  ] GC(7540) Concurrent Preclean
[2025-01-09T02:44:30.882+0000][195541.248s][info][gc,marking  ] GC(7540) Concurrent Preclean 3.784ms
[2025-01-09T02:44:30.882+0000][195541.248s][info][gc,start    ] GC(7540) Pause Remark
[2025-01-09T02:44:30.908+0000][195541.274s][info][gc          ] GC(7540) Pause Remark 4039M->4039M(12288M) 25.927ms
[2025-01-09T02:44:30.908+0000][195541.274s][info][gc,cpu      ] GC(7540) User=0.14s Sys=0.00s Real=0.02s
[2025-01-09T02:44:30.908+0000][195541.274s][info][gc,marking  ] GC(7540) Concurrent Mark 1051.987ms
[2025-01-09T02:44:30.908+0000][195541.274s][info][gc,marking  ] GC(7540) Concurrent Rebuild Remembered Sets
[2025-01-09T02:44:31.514+0000][195541.880s][info][gc,marking  ] GC(7540) Concurrent Rebuild Remembered Sets 606.282ms
[2025-01-09T02:44:31.514+0000][195541.881s][info][gc,start    ] GC(7540) Pause Cleanup
[2025-01-09T02:44:31.515+0000][195541.881s][info][gc          ] GC(7540) Pause Cleanup 4944M->4944M(12288M) 0.395ms
[2025-01-09T02:44:31.515+0000][195541.881s][info][gc,cpu      ] GC(7540) User=0.00s Sys=0.00s Real=0.00s
[2025-01-09T02:44:31.515+0000][195541.881s][info][gc,marking  ] GC(7540) Concurrent Cleanup for Next Mark
[2025-01-09T02:44:31.532+0000][195541.898s][info][gc,marking  ] GC(7540) Concurrent Cleanup for Next Mark 17.282ms
[2025-01-09T02:44:31.532+0000][195541.898s][info][gc          ] GC(7540) Concurrent Mark Cycle 1697.914ms
[2025-01-09T02:44:36.266+0000][195546.632s][info][gc,start    ] GC(7541) Pause Young (Prepare Mixed) (G1 Evacuation Pause)
[2025-01-09T02:44:36.266+0000][195546.632s][info][gc,task     ] GC(7541) Using 6 workers of 6 for evacuation
[2025-01-09T02:44:36.297+0000][195546.663s][info][gc,phases   ] GC(7541)   Pre Evacuate Collection Set: 0.2ms
[2025-01-09T02:44:36.297+0000][195546.663s][info][gc,phases   ] GC(7541)   Merge Heap Roots: 0.6ms
[2025-01-09T02:44:36.297+0000][195546.663s][info][gc,phases   ] GC(7541)   Evacuate Collection Set: 27.6ms
[2025-01-09T02:44:36.297+0000][195546.663s][info][gc,phases   ] GC(7541)   Post Evacuate Collection Set: 2.5ms
[2025-01-09T02:44:36.297+0000][195546.663s][info][gc,phases   ] GC(7541)   Other: 0.2ms
[2025-01-09T02:44:36.297+0000][195546.663s][info][gc,heap     ] GC(7541) Eden regions: 913->0(67)
[2025-01-09T02:44:36.297+0000][195546.663s][info][gc,heap     ] GC(7541) Survivor regions: 8->9(116)
[2025-01-09T02:44:36.297+0000][195546.663s][info][gc,heap     ] GC(7541) Old regions: 232->232
[2025-01-09T02:44:36.297+0000][195546.663s][info][gc,heap     ] GC(7541) Archive regions: 2->2
[2025-01-09T02:44:36.297+0000][195546.663s][info][gc,heap     ] GC(7541) Humongous regions: 49->49
[2025-01-09T02:44:36.297+0000][195546.663s][info][gc,metaspace] GC(7541) Metaspace: 524917K(534272K)->524917K(534272K) NonClass: 460948K(465536K)->460948K(465536K) Class: 63968K(68736K)->63968K(68736K)
[2025-01-09T02:44:36.297+0000][195546.663s][info][gc          ] GC(7541) Pause Young (Prepare Mixed) (G1 Evacuation Pause) 9615M->2313M(12288M) 31.168ms
[2025-01-09T02:44:36.297+0000][195546.663s][info][gc,cpu      ] GC(7541) User=0.18s Sys=0.00s Real=0.03s
[2025-01-09T02:44:36.714+0000][195547.080s][info][gc,start    ] GC(7542) Pause Young (Mixed) (G1 Evacuation Pause)
[2025-01-09T02:44:36.714+0000][195547.080s][info][gc,task     ] GC(7542) Using 6 workers of 6 for evacuation
[2025-01-09T02:44:36.771+0000][195547.137s][info][gc,phases   ] GC(7542)   Pre Evacuate Collection Set: 0.2ms
[2025-01-09T02:44:36.771+0000][195547.138s][info][gc,phases   ] GC(7542)   Merge Heap Roots: 0.6ms
[2025-01-09T02:44:36.771+0000][195547.138s][info][gc,phases   ] GC(7542)   Evacuate Collection Set: 55.0ms
[2025-01-09T02:44:36.771+0000][195547.138s][info][gc,phases   ] GC(7542)   Post Evacuate Collection Set: 1.8ms
[2025-01-09T02:44:36.771+0000][195547.138s][info][gc,phases   ] GC(7542)   Other: 0.2ms
[2025-01-09T02:44:36.771+0000][195547.138s][info][gc,heap     ] GC(7542) Eden regions: 67->0(916)
[2025-01-09T02:44:36.771+0000][195547.138s][info][gc,heap     ] GC(7542) Survivor regions: 9->5(10)
[2025-01-09T02:44:36.771+0000][195547.138s][info][gc,heap     ] GC(7542) Old regions: 232->230
[2025-01-09T02:44:36.771+0000][195547.138s][info][gc,heap     ] GC(7542) Archive regions: 2->2
[2025-01-09T02:44:36.771+0000][195547.138s][info][gc,heap     ] GC(7542) Humongous regions: 49->49
[2025-01-09T02:44:36.771+0000][195547.138s][info][gc,metaspace] GC(7542) Metaspace: 524917K(534272K)->524917K(534272K) NonClass: 460948K(465536K)->460948K(465536K) Class: 63968K(68736K)->63968K(68736K)
[2025-01-09T02:44:36.771+0000][195547.138s][info][gc          ] GC(7542) Pause Young (Mixed) (G1 Evacuation Pause) 2849M->2275M(12288M) 57.793ms
[2025-01-09T02:44:36.772+0000][195547.138s][info][gc,cpu      ] GC(7542) User=0.34s Sys=0.01s Real=0.06s
[2025-01-09T02:44:43.369+0000][195553.735s][info][gc,start    ] GC(7543) Pause Young (Normal) (G1 Evacuation Pause)
[2025-01-09T02:44:43.369+0000][195553.735s][info][gc,task     ] GC(7543) Using 6 workers of 6 for evacuation
[2025-01-09T02:44:43.395+0000][195553.761s][info][gc,phases   ] GC(7543)   Pre Evacuate Collection Set: 0.2ms
[2025-01-09T02:44:43.395+0000][195553.761s][info][gc,phases   ] GC(7543)   Merge Heap Roots: 0.4ms
[2025-01-09T02:44:43.395+0000][195553.761s][info][gc,phases   ] GC(7543)   Evacuate Collection Set: 23.1ms
[2025-01-09T02:44:43.395+0000][195553.761s][info][gc,phases   ] GC(7543)   Post Evacuate Collection Set: 2.5ms
[2025-01-09T02:44:43.395+0000][195553.761s][info][gc,phases   ] GC(7543)   Other: 0.2ms
[2025-01-09T02:44:43.395+0000][195553.761s][info][gc,heap     ] GC(7543) Eden regions: 916->0(915)
[2025-01-09T02:44:43.395+0000][195553.761s][info][gc,heap     ] GC(7543) Survivor regions: 5->6(116)
[2025-01-09T02:44:43.395+0000][195553.761s][info][gc,heap     ] GC(7543) Old regions: 230->230
[2025-01-09T02:44:43.395+0000][195553.761s][info][gc,heap     ] GC(7543) Archive regions: 2->2
[2025-01-09T02:44:43.395+0000][195553.761s][info][gc,heap     ] GC(7543) Humongous regions: 49->49
[2025-01-09T02:44:43.395+0000][195553.761s][info][gc,metaspace] GC(7543) Metaspace: 524917K(534272K)->524917K(534272K) NonClass: 460948K(465536K)->460948K(465536K) Class: 63968K(68736K)->63968K(68736K)
[2025-01-09T02:44:43.395+0000][195553.761s][info][gc          ] GC(7543) Pause Young (Normal) (G1 Evacuation Pause) 9603M->2284M(12288M) 26.561ms
[2025-01-09T02:44:43.395+0000][195553.762s][info][gc,cpu      ] GC(7543) User=0.15s Sys=0.00s Real=0.03s
[2025-01-09T02:44:51.114+0000][195561.480s][info][gc,start    ] GC(7544) Pause Young (Normal) (G1 Evacuation Pause)
[2025-01-09T02:44:51.114+0000][195561.480s][info][gc,task     ] GC(7544) Using 6 workers of 6 for evacuation
[2025-01-09T02:44:51.139+0000][195561.505s][info][gc,phases   ] GC(7544)   Pre Evacuate Collection Set: 0.2ms
[2025-01-09T02:44:51.139+0000][195561.505s][info][gc,phases   ] GC(7544)   Merge Heap Roots: 0.4ms
[2025-01-09T02:44:51.139+0000][195561.505s][info][gc,phases   ] GC(7544)   Evacuate Collection Set: 21.7ms
[2025-01-09T02:44:51.139+0000][195561.505s][info][gc,phases   ] GC(7544)   Post Evacuate Collection Set: 2.5ms
[2025-01-09T02:44:51.139+0000][195561.505s][info][gc,phases   ] GC(7544)   Other: 0.2ms
[2025-01-09T02:44:51.139+0000][195561.505s][info][gc,heap     ] GC(7544) Eden regions: 915->0(914)
[2025-01-09T02:44:51.139+0000][195561.505s][info][gc,heap     ] GC(7544) Survivor regions: 6->7(116)
[2025-01-09T02:44:51.139+0000][195561.505s][info][gc,heap     ] GC(7544) Old regions: 230->230
[2025-01-09T02:44:51.139+0000][195561.505s][info][gc,heap     ] GC(7544) Archive regions: 2->2
[2025-01-09T02:44:51.139+0000][195561.505s][info][gc,heap     ] GC(7544) Humongous regions: 49->49
[2025-01-09T02:44:51.139+0000][195561.505s][info][gc,metaspace] GC(7544) Metaspace: 524917K(534272K)->524917K(534272K) NonClass: 460948K(465536K)->460948K(465536K) Class: 63968K(68736K)->63968K(68736K)
[2025-01-09T02:44:51.139+0000][195561.505s][info][gc          ] GC(7544) Pause Young (Normal) (G1 Evacuation Pause) 9604M->2286M(12288M) 25.111ms
[2025-01-09T02:44:51.139+0000][195561.505s][info][gc,cpu      ] GC(7544) User=0.15s Sys=0.00s Real=0.02s
[2025-01-09T02:45:01.629+0000][195571.995s][info][gc,start    ] GC(7545) Pause Young (Concurrent Start) (G1 Evacuation Pause)
[2025-01-09T02:45:01.629+0000][195571.996s][info][gc,task     ] GC(7545) Using 6 workers of 6 for evacuation
[2025-01-09T02:45:01.664+0000][195572.030s][info][gc,phases   ] GC(7545)   Pre Evacuate Collection Set: 1.1ms
[2025-01-09T02:45:01.664+0000][195572.030s][info][gc,phases   ] GC(7545)   Merge Heap Roots: 0.4ms
[2025-01-09T02:45:01.664+0000][195572.030s][info][gc,phases   ] GC(7545)   Evacuate Collection Set: 29.8ms
[2025-01-09T02:45:01.664+0000][195572.030s][info][gc,phases   ] GC(7545)   Post Evacuate Collection Set: 2.9ms
[2025-01-09T02:45:01.664+0000][195572.030s][info][gc,phases   ] GC(7545)   Other: 0.3ms
[2025-01-09T02:45:01.664+0000][195572.030s][info][gc,heap     ] GC(7545) Eden regions: 914->0(913)
[2025-01-09T02:45:01.664+0000][195572.030s][info][gc,heap     ] GC(7545) Survivor regions: 7->8(116)
[2025-01-09T02:45:01.664+0000][195572.030s][info][gc,heap     ] GC(7545) Old regions: 230->230
[2025-01-09T02:45:01.664+0000][195572.030s][info][gc,heap     ] GC(7545) Archive regions: 2->2
[2025-01-09T02:45:01.664+0000][195572.030s][info][gc,heap     ] GC(7545) Humongous regions: 49->49
[2025-01-09T02:45:01.664+0000][195572.030s][info][gc,metaspace] GC(7545) Metaspace: 524917K(534272K)->524917K(534272K) NonClass: 460948K(465536K)->460948K(465536K) Class: 63968K(68736K)->63968K(68736K)
[2025-01-09T02:45:01.664+0000][195572.030s][info][gc          ] GC(7545) Pause Young (Concurrent Start) (G1 Evacuation Pause) 9598M->2301M(12288M) 34.626ms
[2025-01-09T02:45:01.664+0000][195572.030s][info][gc,cpu      ] GC(7545) User=0.20s Sys=0.00s Real=0.04s
[2025-01-09T02:45:01.664+0000][195572.030s][info][gc          ] GC(7546) Concurrent Mark Cycle
[2025-01-09T02:45:01.664+0000][195572.030s][info][gc,marking  ] GC(7546) Concurrent Clear Claimed Marks
[2025-01-09T02:45:01.665+0000][195572.031s][info][gc,marking  ] GC(7546) Concurrent Clear Claimed Marks 0.946ms
[2025-01-09T02:45:01.665+0000][195572.031s][info][gc,marking  ] GC(7546) Concurrent Scan Root Regions
[2025-01-09T02:45:01.691+0000][195572.057s][info][gc,marking  ] GC(7546) Concurrent Scan Root Regions 25.533ms
[2025-01-09T02:45:01.691+0000][195572.057s][info][gc,marking  ] GC(7546) Concurrent Mark
[2025-01-09T02:45:01.691+0000][195572.057s][info][gc,marking  ] GC(7546) Concurrent Mark From Roots
[2025-01-09T02:45:01.691+0000][195572.057s][info][gc,task     ] GC(7546) Using 2 workers of 2 for marking
[2025-01-09T02:45:02.574+0000][195572.940s][info][gc,marking  ] GC(7546) Concurrent Mark From Roots 883.076ms
[2025-01-09T02:45:02.574+0000][195572.940s][info][gc,marking  ] GC(7546) Concurrent Preclean
[2025-01-09T02:45:02.576+0000][195572.942s][info][gc,marking  ] GC(7546) Concurrent Preclean 2.604ms
[2025-01-09T02:45:02.576+0000][195572.943s][info][gc,start    ] GC(7546) Pause Remark
[2025-01-09T02:45:02.602+0000][195572.968s][info][gc          ] GC(7546) Pause Remark 3218M->3218M(12288M) 25.606ms
[2025-01-09T02:45:02.602+0000][195572.968s][info][gc,cpu      ] GC(7546) User=0.14s Sys=0.01s Real=0.03s
[2025-01-09T02:45:02.602+0000][195572.968s][info][gc,marking  ] GC(7546) Concurrent Mark 911.596ms
[2025-01-09T02:45:02.602+0000][195572.968s][info][gc,marking  ] GC(7546) Concurrent Rebuild Remembered Sets
[2025-01-09T02:45:03.112+0000][195573.478s][info][gc,marking  ] GC(7546) Concurrent Rebuild Remembered Sets 509.224ms
[2025-01-09T02:45:03.112+0000][195573.478s][info][gc,start    ] GC(7546) Pause Cleanup
[2025-01-09T02:45:03.112+0000][195573.478s][info][gc          ] GC(7546) Pause Cleanup 3641M->3641M(12288M) 0.382ms
[2025-01-09T02:45:03.112+0000][195573.478s][info][gc,cpu      ] GC(7546) User=0.00s Sys=0.00s Real=0.00s
[2025-01-09T02:45:03.112+0000][195573.478s][info][gc,marking  ] GC(7546) Concurrent Cleanup for Next Mark
[2025-01-09T02:45:03.127+0000][195573.494s][info][gc,marking  ] GC(7546) Concurrent Cleanup for Next Mark 15.330ms
[2025-01-09T02:45:03.127+0000][195573.494s][info][gc          ] GC(7546) Concurrent Mark Cycle 1463.415ms
[2025-01-09T02:45:10.900+0000][195581.266s][info][gc,start    ] GC(7547) Pause Young (Prepare Mixed) (G1 Evacuation Pause)
[2025-01-09T02:45:10.900+0000][195581.266s][info][gc,task     ] GC(7547) Using 6 workers of 6 for evacuation
[2025-01-09T02:45:10.944+0000][195581.310s][info][gc,phases   ] GC(7547)   Pre Evacuate Collection Set: 0.2ms
[2025-01-09T02:45:10.944+0000][195581.310s][info][gc,phases   ] GC(7547)   Merge Heap Roots: 0.7ms
[2025-01-09T02:45:10.944+0000][195581.310s][info][gc,phases   ] GC(7547)   Evacuate Collection Set: 38.4ms
[2025-01-09T02:45:10.944+0000][195581.310s][info][gc,phases   ] GC(7547)   Post Evacuate Collection Set: 4.5ms
[2025-01-09T02:45:10.944+0000][195581.310s][info][gc,phases   ] GC(7547)   Other: 0.2ms
[2025-01-09T02:45:10.944+0000][195581.310s][info][gc,heap     ] GC(7547) Eden regions: 913->0(64)
[2025-01-09T02:45:10.944+0000][195581.310s][info][gc,heap     ] GC(7547) Survivor regions: 8->12(116)
[2025-01-09T02:45:10.944+0000][195581.310s][info][gc,heap     ] GC(7547) Old regions: 230->230
[2025-01-09T02:45:10.944+0000][195581.311s][info][gc,heap     ] GC(7547) Archive regions: 2->2
[2025-01-09T02:45:10.944+0000][195581.311s][info][gc,heap     ] GC(7547) Humongous regions: 49->49
[2025-01-09T02:45:10.944+0000][195581.311s][info][gc,metaspace] GC(7547) Metaspace: 524917K(534272K)->524917K(534272K) NonClass: 460948K(465536K)->460948K(465536K) Class: 63968K(68736K)->63968K(68736K)
[2025-01-09T02:45:10.944+0000][195581.311s][info][gc          ] GC(7547) Pause Young (Prepare Mixed) (G1 Evacuation Pause) 9605M->2327M(12288M) 44.114ms
[2025-01-09T02:45:10.944+0000][195581.311s][info][gc,cpu      ] GC(7547) User=0.26s Sys=0.00s Real=0.05s
[2025-01-09T02:45:11.510+0000][195581.876s][info][gc,start    ] GC(7548) Pause Young (Mixed) (G1 Evacuation Pause)
[2025-01-09T02:45:11.510+0000][195581.876s][info][gc,task     ] GC(7548) Using 6 workers of 6 for evacuation
[2025-01-09T02:45:11.583+0000][195581.949s][info][gc,phases   ] GC(7548)   Pre Evacuate Collection Set: 0.2ms
[2025-01-09T02:45:11.583+0000][195581.949s][info][gc,phases   ] GC(7548)   Merge Heap Roots: 0.7ms
[2025-01-09T02:45:11.583+0000][195581.949s][info][gc,phases   ] GC(7548)   Evacuate Collection Set: 70.0ms
[2025-01-09T02:45:11.583+0000][195581.949s][info][gc,phases   ] GC(7548)   Post Evacuate Collection Set: 1.8ms
[2025-01-09T02:45:11.583+0000][195581.949s][info][gc,phases   ] GC(7548)   Other: 0.2ms
[2025-01-09T02:45:11.583+0000][195581.949s][info][gc,heap     ] GC(7548) Eden regions: 64->0(917)
[2025-01-09T02:45:11.583+0000][195581.949s][info][gc,heap     ] GC(7548) Survivor regions: 12->4(10)
[2025-01-09T02:45:11.583+0000][195581.949s][info][gc,heap     ] GC(7548) Old regions: 230->232
[2025-01-09T02:45:11.583+0000][195581.949s][info][gc,heap     ] GC(7548) Archive regions: 2->2
[2025-01-09T02:45:11.583+0000][195581.949s][info][gc,heap     ] GC(7548) Humongous regions: 49->49
[2025-01-09T02:45:11.583+0000][195581.949s][info][gc,metaspace] GC(7548) Metaspace: 524917K(534272K)->524917K(534272K) NonClass: 460948K(465536K)->460948K(465536K) Class: 63968K(68736K)->63968K(68736K)
[2025-01-09T02:45:11.583+0000][195581.949s][info][gc          ] GC(7548) Pause Young (Mixed) (G1 Evacuation Pause) 2839M->2277M(12288M) 72.921ms
[2025-01-09T02:45:11.583+0000][195581.949s][info][gc,cpu      ] GC(7548) User=0.42s Sys=0.00s Real=0.07s
[2025-01-09T02:45:19.382+0000][195589.748s][info][gc,start    ] GC(7549) Pause Young (Normal) (G1 Evacuation Pause)
[2025-01-09T02:45:19.382+0000][195589.748s][info][gc,task     ] GC(7549) Using 6 workers of 6 for evacuation
[2025-01-09T02:45:19.408+0000][195589.774s][info][gc,phases   ] GC(7549)   Pre Evacuate Collection Set: 0.2ms
[2025-01-09T02:45:19.408+0000][195589.774s][info][gc,phases   ] GC(7549)   Merge Heap Roots: 0.4ms
[2025-01-09T02:45:19.408+0000][195589.774s][info][gc,phases   ] GC(7549)   Evacuate Collection Set: 21.0ms
[2025-01-09T02:45:19.408+0000][195589.774s][info][gc,phases   ] GC(7549)   Post Evacuate Collection Set: 4.2ms
[2025-01-09T02:45:19.408+0000][195589.774s][info][gc,phases   ] GC(7549)   Other: 0.2ms
[2025-01-09T02:45:19.408+0000][195589.774s][info][gc,heap     ] GC(7549) Eden regions: 917->0(916)
[2025-01-09T02:45:19.408+0000][195589.774s][info][gc,heap     ] GC(7549) Survivor regions: 4->5(116)
[2025-01-09T02:45:19.408+0000][195589.774s][info][gc,heap     ] GC(7549) Old regions: 232->232
[2025-01-09T02:45:19.408+0000][195589.774s][info][gc,heap     ] GC(7549) Archive regions: 2->2
[2025-01-09T02:45:19.408+0000][195589.774s][info][gc,heap     ] GC(7549) Humongous regions: 49->49
[2025-01-09T02:45:19.408+0000][195589.774s][info][gc,metaspace] GC(7549) Metaspace: 524917K(534272K)->524917K(534272K) NonClass: 460948K(465536K)->460948K(465536K) Class: 63968K(68736K)->63968K(68736K)
[2025-01-09T02:45:19.408+0000][195589.774s][info][gc          ] GC(7549) Pause Young (Normal) (G1 Evacuation Pause) 9613M->2288M(12288M) 26.089ms
[2025-01-09T02:45:19.408+0000][195589.774s][info][gc,cpu      ] GC(7549) User=0.15s Sys=0.00s Real=0.02s
[2025-01-09T02:45:28.456+0000][195598.822s][info][gc,start    ] GC(7550) Pause Young (Normal) (G1 Evacuation Pause)
[2025-01-09T02:45:28.456+0000][195598.822s][info][gc,task     ] GC(7550) Using 6 workers of 6 for evacuation
[2025-01-09T02:45:28.482+0000][195598.848s][info][gc,phases   ] GC(7550)   Pre Evacuate Collection Set: 0.2ms
[2025-01-09T02:45:28.482+0000][195598.848s][info][gc,phases   ] GC(7550)   Merge Heap Roots: 0.4ms
[2025-01-09T02:45:28.482+0000][195598.848s][info][gc,phases   ] GC(7550)   Evacuate Collection Set: 21.7ms
[2025-01-09T02:45:28.482+0000][195598.848s][info][gc,phases   ] GC(7550)   Post Evacuate Collection Set: 3.8ms
[2025-01-09T02:45:28.482+0000][195598.848s][info][gc,phases   ] GC(7550)   Other: 0.2ms
[2025-01-09T02:45:28.482+0000][195598.848s][info][gc,heap     ] GC(7550) Eden regions: 916->0(914)
[2025-01-09T02:45:28.482+0000][195598.848s][info][gc,heap     ] GC(7550) Survivor regions: 5->7(116)
[2025-01-09T02:45:28.482+0000][195598.848s][info][gc,heap     ] GC(7550) Old regions: 232->232
[2025-01-09T02:45:28.482+0000][195598.848s][info][gc,heap     ] GC(7550) Archive regions: 2->2
[2025-01-09T02:45:28.482+0000][195598.848s][info][gc,heap     ] GC(7550) Humongous regions: 49->49
[2025-01-09T02:45:28.482+0000][195598.848s][info][gc,metaspace] GC(7550) Metaspace: 524917K(534272K)->524917K(534272K) NonClass: 460948K(465536K)->460948K(465536K) Class: 63968K(68736K)->63968K(68736K)
[2025-01-09T02:45:28.482+0000][195598.848s][info][gc          ] GC(7550) Pause Young (Normal) (G1 Evacuation Pause) 9616M->2297M(12288M) 26.408ms
[2025-01-09T02:45:28.482+0000][195598.848s][info][gc,cpu      ] GC(7550) User=0.16s Sys=0.00s Real=0.03s
[2025-01-09T02:45:37.260+0000][195607.626s][info][gc,start    ] GC(7551) Pause Young (Concurrent Start) (G1 Evacuation Pause)
[2025-01-09T02:45:37.260+0000][195607.626s][info][gc,task     ] GC(7551) Using 6 workers of 6 for evacuation
[2025-01-09T02:45:37.291+0000][195607.657s][info][gc,phases   ] GC(7551)   Pre Evacuate Collection Set: 1.1ms
[2025-01-09T02:45:37.291+0000][195607.657s][info][gc,phases   ] GC(7551)   Merge Heap Roots: 0.5ms
[2025-01-09T02:45:37.291+0000][195607.657s][info][gc,phases   ] GC(7551)   Evacuate Collection Set: 26.5ms
[2025-01-09T02:45:37.291+0000][195607.657s][info][gc,phases   ] GC(7551)   Post Evacuate Collection Set: 2.6ms
[2025-01-09T02:45:37.291+0000][195607.657s][info][gc,phases   ] GC(7551)   Other: 0.3ms
[2025-01-09T02:45:37.291+0000][195607.657s][info][gc,heap     ] GC(7551) Eden regions: 914->0(914)
[2025-01-09T02:45:37.291+0000][195607.657s][info][gc,heap     ] GC(7551) Survivor regions: 7->7(116)
[2025-01-09T02:45:37.291+0000][195607.657s][info][gc,heap     ] GC(7551) Old regions: 232->232
[2025-01-09T02:45:37.291+0000][195607.657s][info][gc,heap     ] GC(7551) Archive regions: 2->2
[2025-01-09T02:45:37.291+0000][195607.657s][info][gc,heap     ] GC(7551) Humongous regions: 49->49
[2025-01-09T02:45:37.291+0000][195607.657s][info][gc,metaspace] GC(7551) Metaspace: 524917K(534272K)->524917K(534272K) NonClass: 460948K(465536K)->460948K(465536K) Class: 63968K(68736K)->63968K(68736K)
[2025-01-09T02:45:37.291+0000][195607.657s][info][gc          ] GC(7551) Pause Young (Concurrent Start) (G1 Evacuation Pause) 9609M->2303M(12288M) 31.033ms
[2025-01-09T02:45:37.291+0000][195607.657s][info][gc,cpu      ] GC(7551) User=0.17s Sys=0.00s Real=0.04s
[2025-01-09T02:45:37.291+0000][195607.657s][info][gc          ] GC(7552) Concurrent Mark Cycle
[2025-01-09T02:45:37.291+0000][195607.657s][info][gc,marking  ] GC(7552) Concurrent Clear Claimed Marks
[2025-01-09T02:45:37.292+0000][195607.658s][info][gc,marking  ] GC(7552) Concurrent Clear Claimed Marks 0.901ms
[2025-01-09T02:45:37.292+0000][195607.658s][info][gc,marking  ] GC(7552) Concurrent Scan Root Regions
[2025-01-09T02:45:37.316+0000][195607.682s][info][gc,marking  ] GC(7552) Concurrent Scan Root Regions 23.535ms
[2025-01-09T02:45:37.316+0000][195607.682s][info][gc,marking  ] GC(7552) Concurrent Mark
[2025-01-09T02:45:37.316+0000][195607.682s][info][gc,marking  ] GC(7552) Concurrent Mark From Roots
[2025-01-09T02:45:37.316+0000][195607.682s][info][gc,task     ] GC(7552) Using 2 workers of 2 for marking
[2025-01-09T02:45:38.295+0000][195608.662s][info][gc,marking  ] GC(7552) Concurrent Mark From Roots 979.765ms
[2025-01-09T02:45:38.296+0000][195608.662s][info][gc,marking  ] GC(7552) Concurrent Preclean
[2025-01-09T02:45:38.299+0000][195608.665s][info][gc,marking  ] GC(7552) Concurrent Preclean 3.625ms
[2025-01-09T02:45:38.299+0000][195608.665s][info][gc,start    ] GC(7552) Pause Remark
[2025-01-09T02:45:38.325+0000][195608.691s][info][gc          ] GC(7552) Pause Remark 3711M->3711M(12288M) 25.584ms
[2025-01-09T02:45:38.325+0000][195608.691s][info][gc,cpu      ] GC(7552) User=0.15s Sys=0.00s Real=0.03s
[2025-01-09T02:45:38.325+0000][195608.691s][info][gc,marking  ] GC(7552) Concurrent Mark 1009.301ms
[2025-01-09T02:45:38.325+0000][195608.691s][info][gc,marking  ] GC(7552) Concurrent Rebuild Remembered Sets
[2025-01-09T02:45:38.859+0000][195609.225s][info][gc,marking  ] GC(7552) Concurrent Rebuild Remembered Sets 533.658ms
[2025-01-09T02:45:38.859+0000][195609.225s][info][gc,start    ] GC(7552) Pause Cleanup
[2025-01-09T02:45:38.859+0000][195609.225s][info][gc          ] GC(7552) Pause Cleanup 4479M->4479M(12288M) 0.384ms
[2025-01-09T02:45:38.859+0000][195609.225s][info][gc,cpu      ] GC(7552) User=0.00s Sys=0.00s Real=0.00s
[2025-01-09T02:45:38.859+0000][195609.225s][info][gc,marking  ] GC(7552) Concurrent Cleanup for Next Mark
[2025-01-09T02:45:38.875+0000][195609.241s][info][gc,marking  ] GC(7552) Concurrent Cleanup for Next Mark 15.580ms
[2025-01-09T02:45:38.875+0000][195609.241s][info][gc          ] GC(7552) Concurrent Mark Cycle 1583.744ms
[2025-01-09T02:45:43.586+0000][195613.953s][info][gc,start    ] GC(7553) Pause Young (Prepare Mixed) (G1 Evacuation Pause)
[2025-01-09T02:45:43.586+0000][195613.953s][info][gc,task     ] GC(7553) Using 6 workers of 6 for evacuation
[2025-01-09T02:45:43.619+0000][195613.985s][info][gc,phases   ] GC(7553)   Pre Evacuate Collection Set: 0.2ms
[2025-01-09T02:45:43.619+0000][195613.986s][info][gc,phases   ] GC(7553)   Merge Heap Roots: 0.6ms
[2025-01-09T02:45:43.619+0000][195613.986s][info][gc,phases   ] GC(7553)   Evacuate Collection Set: 29.3ms
[2025-01-09T02:45:43.619+0000][195613.986s][info][gc,phases   ] GC(7553)   Post Evacuate Collection Set: 2.6ms
[2025-01-09T02:45:43.619+0000][195613.986s][info][gc,phases   ] GC(7553)   Other: 0.2ms
[2025-01-09T02:45:43.619+0000][195613.986s][info][gc,heap     ] GC(7553) Eden regions: 914->0(68)
[2025-01-09T02:45:43.619+0000][195613.986s][info][gc,heap     ] GC(7553) Survivor regions: 7->8(116)
[2025-01-09T02:45:43.619+0000][195613.986s][info][gc,heap     ] GC(7553) Old regions: 232->232
[2025-01-09T02:45:43.619+0000][195613.986s][info][gc,heap     ] GC(7553) Archive regions: 2->2
[2025-01-09T02:45:43.619+0000][195613.986s][info][gc,heap     ] GC(7553) Humongous regions: 49->49
[2025-01-09T02:45:43.619+0000][195613.986s][info][gc,metaspace] GC(7553) Metaspace: 524917K(534272K)->524917K(534272K) NonClass: 460948K(465536K)->460948K(465536K) Class: 63968K(68736K)->63968K(68736K)
[2025-01-09T02:45:43.619+0000][195613.986s][info][gc          ] GC(7553) Pause Young (Prepare Mixed) (G1 Evacuation Pause) 9615M->2309M(12288M) 33.039ms
[2025-01-09T02:45:43.620+0000][195613.986s][info][gc,cpu      ] GC(7553) User=0.19s Sys=0.00s Real=0.03s
[2025-01-09T02:45:44.025+0000][195614.391s][info][gc,start    ] GC(7554) Pause Young (Mixed) (G1 Evacuation Pause)
[2025-01-09T02:45:44.025+0000][195614.391s][info][gc,task     ] GC(7554) Using 6 workers of 6 for evacuation
[2025-01-09T02:45:44.092+0000][195614.458s][info][gc,phases   ] GC(7554)   Pre Evacuate Collection Set: 0.2ms
[2025-01-09T02:45:44.092+0000][195614.458s][info][gc,phases   ] GC(7554)   Merge Heap Roots: 0.7ms
[2025-01-09T02:45:44.092+0000][195614.458s][info][gc,phases   ] GC(7554)   Evacuate Collection Set: 64.3ms
[2025-01-09T02:45:44.092+0000][195614.458s][info][gc,phases   ] GC(7554)   Post Evacuate Collection Set: 2.0ms
[2025-01-09T02:45:44.092+0000][195614.458s][info][gc,phases   ] GC(7554)   Other: 0.2ms
[2025-01-09T02:45:44.092+0000][195614.458s][info][gc,heap     ] GC(7554) Eden regions: 68->0(915)
[2025-01-09T02:45:44.092+0000][195614.458s][info][gc,heap     ] GC(7554) Survivor regions: 8->6(10)
[2025-01-09T02:45:44.092+0000][195614.458s][info][gc,heap     ] GC(7554) Old regions: 232->230
[2025-01-09T02:45:44.092+0000][195614.458s][info][gc,heap     ] GC(7554) Archive regions: 2->2
[2025-01-09T02:45:44.092+0000][195614.458s][info][gc,heap     ] GC(7554) Humongous regions: 49->49
[2025-01-09T02:45:44.092+0000][195614.458s][info][gc,metaspace] GC(7554) Metaspace: 524917K(534272K)->524917K(534272K) NonClass: 460948K(465536K)->460948K(465536K) Class: 63968K(68736K)->63968K(68736K)
[2025-01-09T02:45:44.092+0000][195614.458s][info][gc          ] GC(7554) Pause Young (Mixed) (G1 Evacuation Pause) 2853M->2279M(12288M) 67.439ms
[2025-01-09T02:45:44.092+0000][195614.458s][info][gc,cpu      ] GC(7554) User=0.38s Sys=0.00s Real=0.07s
[2025-01-09T02:45:55.426+0000][195625.793s][info][gc,start    ] GC(7555) Pause Young (Normal) (G1 Evacuation Pause)
[2025-01-09T02:45:55.426+0000][195625.793s][info][gc,task     ] GC(7555) Using 6 workers of 6 for evacuation
[2025-01-09T02:45:55.456+0000][195625.822s][info][gc,phases   ] GC(7555)   Pre Evacuate Collection Set: 0.2ms
[2025-01-09T02:45:55.456+0000][195625.822s][info][gc,phases   ] GC(7555)   Merge Heap Roots: 0.5ms
[2025-01-09T02:45:55.456+0000][195625.822s][info][gc,phases   ] GC(7555)   Evacuate Collection Set: 25.8ms
[2025-01-09T02:45:55.456+0000][195625.822s][info][gc,phases   ] GC(7555)   Post Evacuate Collection Set: 2.6ms
[2025-01-09T02:45:55.456+0000][195625.822s][info][gc,phases   ] GC(7555)   Other: 0.2ms
[2025-01-09T02:45:55.456+0000][195625.822s][info][gc,heap     ] GC(7555) Eden regions: 915->0(915)
[2025-01-09T02:45:55.456+0000][195625.822s][info][gc,heap     ] GC(7555) Survivor regions: 6->6(116)
[2025-01-09T02:45:55.456+0000][195625.822s][info][gc,heap     ] GC(7555) Old regions: 230->230
[2025-01-09T02:45:55.456+0000][195625.822s][info][gc,heap     ] GC(7555) Archive regions: 2->2
[2025-01-09T02:45:55.456+0000][195625.822s][info][gc,heap     ] GC(7555) Humongous regions: 49->49
[2025-01-09T02:45:55.456+0000][195625.822s][info][gc,metaspace] GC(7555) Metaspace: 524917K(534272K)->524917K(534272K) NonClass: 460948K(465536K)->460948K(465536K) Class: 63968K(68736K)->63968K(68736K)
[2025-01-09T02:45:55.456+0000][195625.822s][info][gc          ] GC(7555) Pause Young (Normal) (G1 Evacuation Pause) 9599M->2280M(12288M) 29.396ms
[2025-01-09T02:45:55.456+0000][195625.822s][info][gc,cpu      ] GC(7555) User=0.17s Sys=0.00s Real=0.03s
[2025-01-09T02:46:05.952+0000][195636.318s][info][gc,start    ] GC(7556) Pause Young (Normal) (G1 Evacuation Pause)
[2025-01-09T02:46:05.952+0000][195636.318s][info][gc,task     ] GC(7556) Using 6 workers of 6 for evacuation
[2025-01-09T02:46:05.987+0000][195636.353s][info][gc,phases   ] GC(7556)   Pre Evacuate Collection Set: 0.2ms
[2025-01-09T02:46:05.987+0000][195636.353s][info][gc,phases   ] GC(7556)   Merge Heap Roots: 0.5ms
[2025-01-09T02:46:05.987+0000][195636.353s][info][gc,phases   ] GC(7556)   Evacuate Collection Set: 30.1ms
[2025-01-09T02:46:05.987+0000][195636.353s][info][gc,phases   ] GC(7556)   Post Evacuate Collection Set: 4.0ms
[2025-01-09T02:46:05.987+0000][195636.353s][info][gc,phases   ] GC(7556)   Other: 0.2ms
[2025-01-09T02:46:05.987+0000][195636.353s][info][gc,heap     ] GC(7556) Eden regions: 915->0(912)
[2025-01-09T02:46:05.987+0000][195636.353s][info][gc,heap     ] GC(7556) Survivor regions: 6->9(116)
[2025-01-09T02:46:05.987+0000][195636.353s][info][gc,heap     ] GC(7556) Old regions: 230->230
[2025-01-09T02:46:05.987+0000][195636.353s][info][gc,heap     ] GC(7556) Archive regions: 2->2
[2025-01-09T02:46:05.987+0000][195636.353s][info][gc,heap     ] GC(7556) Humongous regions: 49->49
[2025-01-09T02:46:05.987+0000][195636.353s][info][gc,metaspace] GC(7556) Metaspace: 524917K(534272K)->524917K(534272K) NonClass: 460948K(465536K)->460948K(465536K) Class: 63968K(68736K)->63968K(68736K)
[2025-01-09T02:46:05.987+0000][195636.353s][info][gc          ] GC(7556) Pause Young (Normal) (G1 Evacuation Pause) 9600M->2301M(12288M) 35.027ms
[2025-01-09T02:46:05.987+0000][195636.353s][info][gc,cpu      ] GC(7556) User=0.20s Sys=0.00s Real=0.03s
[2025-01-09T02:46:16.790+0000][195647.156s][info][gc,start    ] GC(7557) Pause Young (Concurrent Start) (G1 Evacuation Pause)
[2025-01-09T02:46:16.790+0000][195647.156s][info][gc,task     ] GC(7557) Using 6 workers of 6 for evacuation
[2025-01-09T02:46:16.829+0000][195647.195s][info][gc,phases   ] GC(7557)   Pre Evacuate Collection Set: 1.1ms
[2025-01-09T02:46:16.829+0000][195647.195s][info][gc,phases   ] GC(7557)   Merge Heap Roots: 0.5ms
[2025-01-09T02:46:16.829+0000][195647.195s][info][gc,phases   ] GC(7557)   Evacuate Collection Set: 33.5ms
[2025-01-09T02:46:16.829+0000][195647.195s][info][gc,phases   ] GC(7557)   Post Evacuate Collection Set: 4.1ms
[2025-01-09T02:46:16.829+0000][195647.195s][info][gc,phases   ] GC(7557)   Other: 0.3ms
[2025-01-09T02:46:16.829+0000][195647.195s][info][gc,heap     ] GC(7557) Eden regions: 912->0(911)
[2025-01-09T02:46:16.829+0000][195647.195s][info][gc,heap     ] GC(7557) Survivor regions: 9->10(116)
[2025-01-09T02:46:16.829+0000][195647.195s][info][gc,heap     ] GC(7557) Old regions: 230->230
[2025-01-09T02:46:16.829+0000][195647.195s][info][gc,heap     ] GC(7557) Archive regions: 2->2
[2025-01-09T02:46:16.829+0000][195647.195s][info][gc,heap     ] GC(7557) Humongous regions: 49->49
[2025-01-09T02:46:16.829+0000][195647.195s][info][gc,metaspace] GC(7557) Metaspace: 524917K(534272K)->524917K(534272K) NonClass: 460948K(465536K)->460948K(465536K) Class: 63968K(68736K)->63968K(68736K)
[2025-01-09T02:46:16.829+0000][195647.195s][info][gc          ] GC(7557) Pause Young (Concurrent Start) (G1 Evacuation Pause) 9597M->2312M(12288M) 39.643ms
[2025-01-09T02:46:16.829+0000][195647.196s][info][gc,cpu      ] GC(7557) User=0.23s Sys=0.00s Real=0.04s
[2025-01-09T02:46:16.829+0000][195647.196s][info][gc          ] GC(7558) Concurrent Mark Cycle
[2025-01-09T02:46:16.830+0000][195647.196s][info][gc,marking  ] GC(7558) Concurrent Clear Claimed Marks
[2025-01-09T02:46:16.830+0000][195647.197s][info][gc,marking  ] GC(7558) Concurrent Clear Claimed Marks 0.934ms
[2025-01-09T02:46:16.830+0000][195647.197s][info][gc,marking  ] GC(7558) Concurrent Scan Root Regions
[2025-01-09T02:46:16.856+0000][195647.222s][info][gc,marking  ] GC(7558) Concurrent Scan Root Regions 25.286ms
[2025-01-09T02:46:16.856+0000][195647.222s][info][gc,marking  ] GC(7558) Concurrent Mark
[2025-01-09T02:46:16.856+0000][195647.222s][info][gc,marking  ] GC(7558) Concurrent Mark From Roots
[2025-01-09T02:46:16.856+0000][195647.222s][info][gc,task     ] GC(7558) Using 2 workers of 2 for marking
[2025-01-09T02:46:17.585+0000][195647.951s][info][gc,marking  ] GC(7558) Concurrent Mark From Roots 729.096ms
[2025-01-09T02:46:17.585+0000][195647.951s][info][gc,marking  ] GC(7558) Concurrent Preclean
[2025-01-09T02:46:17.587+0000][195647.954s][info][gc,marking  ] GC(7558) Concurrent Preclean 2.524ms
[2025-01-09T02:46:17.588+0000][195647.954s][info][gc,start    ] GC(7558) Pause Remark
[2025-01-09T02:46:17.613+0000][195647.979s][info][gc          ] GC(7558) Pause Remark 2392M->2392M(12288M) 24.989ms
[2025-01-09T02:46:17.613+0000][195647.979s][info][gc,cpu      ] GC(7558) User=0.15s Sys=0.01s Real=0.03s
[2025-01-09T02:46:17.613+0000][195647.979s][info][gc,marking  ] GC(7558) Concurrent Mark 756.902ms
[2025-01-09T02:46:17.613+0000][195647.979s][info][gc,marking  ] GC(7558) Concurrent Rebuild Remembered Sets
[2025-01-09T02:46:18.094+0000][195648.460s][info][gc,marking  ] GC(7558) Concurrent Rebuild Remembered Sets 481.289ms
[2025-01-09T02:46:18.094+0000][195648.460s][info][gc,start    ] GC(7558) Pause Cleanup
[2025-01-09T02:46:18.095+0000][195648.461s][info][gc          ] GC(7558) Pause Cleanup 2456M->2456M(12288M) 0.440ms
[2025-01-09T02:46:18.095+0000][195648.461s][info][gc,cpu      ] GC(7558) User=0.00s Sys=0.00s Real=0.00s
[2025-01-09T02:46:18.095+0000][195648.461s][info][gc,marking  ] GC(7558) Concurrent Cleanup for Next Mark
[2025-01-09T02:46:18.110+0000][195648.476s][info][gc,marking  ] GC(7558) Concurrent Cleanup for Next Mark 15.251ms
[2025-01-09T02:46:18.110+0000][195648.476s][info][gc          ] GC(7558) Concurrent Mark Cycle 1280.479ms
[2025-01-09T02:46:27.530+0000][195657.896s][info][gc,start    ] GC(7559) Pause Young (Prepare Mixed) (G1 Evacuation Pause)
[2025-01-09T02:46:27.530+0000][195657.896s][info][gc,task     ] GC(7559) Using 6 workers of 6 for evacuation
[2025-01-09T02:46:27.571+0000][195657.937s][info][gc,phases   ] GC(7559)   Pre Evacuate Collection Set: 0.2ms
[2025-01-09T02:46:27.571+0000][195657.937s][info][gc,phases   ] GC(7559)   Merge Heap Roots: 0.7ms
[2025-01-09T02:46:27.571+0000][195657.937s][info][gc,phases   ] GC(7559)   Evacuate Collection Set: 36.7ms
[2025-01-09T02:46:27.571+0000][195657.937s][info][gc,phases   ] GC(7559)   Post Evacuate Collection Set: 3.9ms
[2025-01-09T02:46:27.571+0000][195657.937s][info][gc,phases   ] GC(7559)   Other: 0.2ms
[2025-01-09T02:46:27.571+0000][195657.937s][info][gc,heap     ] GC(7559) Eden regions: 911->0(65)
[2025-01-09T02:46:27.571+0000][195657.937s][info][gc,heap     ] GC(7559) Survivor regions: 10->11(116)
[2025-01-09T02:46:27.571+0000][195657.937s][info][gc,heap     ] GC(7559) Old regions: 230->230
[2025-01-09T02:46:27.571+0000][195657.937s][info][gc,heap     ] GC(7559) Archive regions: 2->2
[2025-01-09T02:46:27.571+0000][195657.937s][info][gc,heap     ] GC(7559) Humongous regions: 49->49
[2025-01-09T02:46:27.571+0000][195657.937s][info][gc,metaspace] GC(7559) Metaspace: 524917K(534272K)->524917K(534272K) NonClass: 460948K(465536K)->460948K(465536K) Class: 63968K(68736K)->63968K(68736K)
[2025-01-09T02:46:27.571+0000][195657.937s][info][gc          ] GC(7559) Pause Young (Prepare Mixed) (G1 Evacuation Pause) 9600M->2320M(12288M) 41.804ms
[2025-01-09T02:46:27.571+0000][195657.938s][info][gc,cpu      ] GC(7559) User=0.24s Sys=0.00s Real=0.04s
[2025-01-09T02:46:28.122+0000][195658.488s][info][gc,start    ] GC(7560) Pause Young (Mixed) (G1 Evacuation Pause)
[2025-01-09T02:46:28.122+0000][195658.488s][info][gc,task     ] GC(7560) Using 6 workers of 6 for evacuation
[2025-01-09T02:46:28.170+0000][195658.536s][info][gc,phases   ] GC(7560)   Pre Evacuate Collection Set: 0.2ms
[2025-01-09T02:46:28.170+0000][195658.536s][info][gc,phases   ] GC(7560)   Merge Heap Roots: 0.5ms
[2025-01-09T02:46:28.170+0000][195658.536s][info][gc,phases   ] GC(7560)   Evacuate Collection Set: 45.1ms
[2025-01-09T02:46:28.170+0000][195658.536s][info][gc,phases   ] GC(7560)   Post Evacuate Collection Set: 1.6ms
[2025-01-09T02:46:28.170+0000][195658.536s][info][gc,phases   ] GC(7560)   Other: 0.2ms
[2025-01-09T02:46:28.170+0000][195658.536s][info][gc,heap     ] GC(7560) Eden regions: 65->0(915)
[2025-01-09T02:46:28.170+0000][195658.536s][info][gc,heap     ] GC(7560) Survivor regions: 11->6(10)
[2025-01-09T02:46:28.170+0000][195658.536s][info][gc,heap     ] GC(7560) Old regions: 230->229
[2025-01-09T02:46:28.170+0000][195658.536s][info][gc,heap     ] GC(7560) Archive regions: 2->2
[2025-01-09T02:46:28.170+0000][195658.536s][info][gc,heap     ] GC(7560) Humongous regions: 49->49
[2025-01-09T02:46:28.170+0000][195658.536s][info][gc,metaspace] GC(7560) Metaspace: 524917K(534272K)->524917K(534272K) NonClass: 460948K(465536K)->460948K(465536K) Class: 63968K(68736K)->63968K(68736K)
[2025-01-09T02:46:28.170+0000][195658.536s][info][gc          ] GC(7560) Pause Young (Mixed) (G1 Evacuation Pause) 2840M->2266M(12288M) 47.597ms
[2025-01-09T02:46:28.170+0000][195658.536s][info][gc,cpu      ] GC(7560) User=0.27s Sys=0.00s Real=0.05s
[2025-01-09T02:46:37.092+0000][195667.458s][info][gc,start    ] GC(7561) Pause Young (Normal) (G1 Evacuation Pause)
[2025-01-09T02:46:37.092+0000][195667.458s][info][gc,task     ] GC(7561) Using 6 workers of 6 for evacuation
[2025-01-09T02:46:37.120+0000][195667.486s][info][gc,phases   ] GC(7561)   Pre Evacuate Collection Set: 0.2ms
[2025-01-09T02:46:37.120+0000][195667.486s][info][gc,phases   ] GC(7561)   Merge Heap Roots: 0.4ms
[2025-01-09T02:46:37.120+0000][195667.486s][info][gc,phases   ] GC(7561)   Evacuate Collection Set: 25.2ms
[2025-01-09T02:46:37.120+0000][195667.486s][info][gc,phases   ] GC(7561)   Post Evacuate Collection Set: 2.5ms
[2025-01-09T02:46:37.120+0000][195667.487s][info][gc,phases   ] GC(7561)   Other: 0.2ms
[2025-01-09T02:46:37.120+0000][195667.487s][info][gc,heap     ] GC(7561) Eden regions: 915->0(915)
[2025-01-09T02:46:37.120+0000][195667.487s][info][gc,heap     ] GC(7561) Survivor regions: 6->6(116)
[2025-01-09T02:46:37.120+0000][195667.487s][info][gc,heap     ] GC(7561) Old regions: 229->229
[2025-01-09T02:46:37.120+0000][195667.487s][info][gc,heap     ] GC(7561) Archive regions: 2->2
[2025-01-09T02:46:37.120+0000][195667.487s][info][gc,heap     ] GC(7561) Humongous regions: 49->49
[2025-01-09T02:46:37.120+0000][195667.487s][info][gc,metaspace] GC(7561) Metaspace: 524917K(534272K)->524917K(534272K) NonClass: 460948K(465536K)->460948K(465536K) Class: 63968K(68736K)->63968K(68736K)
[2025-01-09T02:46:37.120+0000][195667.487s][info][gc          ] GC(7561) Pause Young (Normal) (G1 Evacuation Pause) 9586M->2272M(12288M) 28.655ms
[2025-01-09T02:46:37.120+0000][195667.487s][info][gc,cpu      ] GC(7561) User=0.17s Sys=0.00s Real=0.02s
[2025-01-09T02:46:44.556+0000][195674.922s][info][gc,start    ] GC(7562) Pause Young (Normal) (G1 Evacuation Pause)
[2025-01-09T02:46:44.556+0000][195674.922s][info][gc,task     ] GC(7562) Using 6 workers of 6 for evacuation
[2025-01-09T02:46:44.585+0000][195674.951s][info][gc,phases   ] GC(7562)   Pre Evacuate Collection Set: 0.2ms
[2025-01-09T02:46:44.585+0000][195674.951s][info][gc,phases   ] GC(7562)   Merge Heap Roots: 0.4ms
[2025-01-09T02:46:44.585+0000][195674.951s][info][gc,phases   ] GC(7562)   Evacuate Collection Set: 25.7ms
[2025-01-09T02:46:44.585+0000][195674.951s][info][gc,phases   ] GC(7562)   Post Evacuate Collection Set: 2.4ms
[2025-01-09T02:46:44.585+0000][195674.951s][info][gc,phases   ] GC(7562)   Other: 0.2ms
[2025-01-09T02:46:44.585+0000][195674.951s][info][gc,heap     ] GC(7562) Eden regions: 915->0(913)
[2025-01-09T02:46:44.585+0000][195674.951s][info][gc,heap     ] GC(7562) Survivor regions: 6->8(116)
[2025-01-09T02:46:44.585+0000][195674.951s][info][gc,heap     ] GC(7562) Old regions: 229->229
[2025-01-09T02:46:44.585+0000][195674.951s][info][gc,heap     ] GC(7562) Archive regions: 2->2
[2025-01-09T02:46:44.585+0000][195674.951s][info][gc,heap     ] GC(7562) Humongous regions: 49->49
[2025-01-09T02:46:44.585+0000][195674.951s][info][gc,metaspace] GC(7562) Metaspace: 524917K(534272K)->524917K(534272K) NonClass: 460948K(465536K)->460948K(465536K) Class: 63968K(68736K)->63968K(68736K)
[2025-01-09T02:46:44.585+0000][195674.951s][info][gc          ] GC(7562) Pause Young (Normal) (G1 Evacuation Pause) 9592M->2283M(12288M) 29.007ms
[2025-01-09T02:46:44.585+0000][195674.951s][info][gc,cpu      ] GC(7562) User=0.17s Sys=0.00s Real=0.03s
[2025-01-09T02:46:49.693+0000][195680.059s][info][gc,start    ] GC(7563) Pause Young (Concurrent Start) (G1 Evacuation Pause)
[2025-01-09T02:46:49.693+0000][195680.059s][info][gc,task     ] GC(7563) Using 6 workers of 6 for evacuation
[2025-01-09T02:46:49.725+0000][195680.091s][info][gc,phases   ] GC(7563)   Pre Evacuate Collection Set: 1.1ms
[2025-01-09T02:46:49.725+0000][195680.091s][info][gc,phases   ] GC(7563)   Merge Heap Roots: 0.4ms
[2025-01-09T02:46:49.725+0000][195680.091s][info][gc,phases   ] GC(7563)   Evacuate Collection Set: 27.9ms
[2025-01-09T02:46:49.725+0000][195680.091s][info][gc,phases   ] GC(7563)   Post Evacuate Collection Set: 2.5ms
[2025-01-09T02:46:49.725+0000][195680.091s][info][gc,phases   ] GC(7563)   Other: 0.3ms
[2025-01-09T02:46:49.725+0000][195680.091s][info][gc,heap     ] GC(7563) Eden regions: 913->0(912)
[2025-01-09T02:46:49.725+0000][195680.091s][info][gc,heap     ] GC(7563) Survivor regions: 8->9(116)
[2025-01-09T02:46:49.725+0000][195680.091s][info][gc,heap     ] GC(7563) Old regions: 229->229
[2025-01-09T02:46:49.725+0000][195680.091s][info][gc,heap     ] GC(7563) Archive regions: 2->2
[2025-01-09T02:46:49.725+0000][195680.091s][info][gc,heap     ] GC(7563) Humongous regions: 49->49
[2025-01-09T02:46:49.725+0000][195680.091s][info][gc,metaspace] GC(7563) Metaspace: 524917K(534272K)->524917K(534272K) NonClass: 460948K(465536K)->460948K(465536K) Class: 63968K(68736K)->63968K(68736K)
[2025-01-09T02:46:49.725+0000][195680.091s][info][gc          ] GC(7563) Pause Young (Concurrent Start) (G1 Evacuation Pause) 9587M->2289M(12288M) 32.293ms
[2025-01-09T02:46:49.725+0000][195680.092s][info][gc,cpu      ] GC(7563) User=0.18s Sys=0.00s Real=0.03s
[2025-01-09T02:46:49.725+0000][195680.092s][info][gc          ] GC(7564) Concurrent Mark Cycle
[2025-01-09T02:46:49.726+0000][195680.092s][info][gc,marking  ] GC(7564) Concurrent Clear Claimed Marks
[2025-01-09T02:46:49.726+0000][195680.093s][info][gc,marking  ] GC(7564) Concurrent Clear Claimed Marks 0.916ms
[2025-01-09T02:46:49.726+0000][195680.093s][info][gc,marking  ] GC(7564) Concurrent Scan Root Regions
[2025-01-09T02:46:49.750+0000][195680.116s][info][gc,marking  ] GC(7564) Concurrent Scan Root Regions 23.892ms
[2025-01-09T02:46:49.750+0000][195680.116s][info][gc,marking  ] GC(7564) Concurrent Mark
[2025-01-09T02:46:49.750+0000][195680.116s][info][gc,marking  ] GC(7564) Concurrent Mark From Roots
[2025-01-09T02:46:49.750+0000][195680.116s][info][gc,task     ] GC(7564) Using 2 workers of 2 for marking
[2025-01-09T02:46:50.575+0000][195680.941s][info][gc,marking  ] GC(7564) Concurrent Mark From Roots 824.829ms
[2025-01-09T02:46:50.575+0000][195680.941s][info][gc,marking  ] GC(7564) Concurrent Preclean
[2025-01-09T02:46:50.578+0000][195680.944s][info][gc,marking  ] GC(7564) Concurrent Preclean 2.710ms
[2025-01-09T02:46:50.578+0000][195680.944s][info][gc,start    ] GC(7564) Pause Remark
[2025-01-09T02:46:50.604+0000][195680.970s][info][gc          ] GC(7564) Pause Remark 3521M->3521M(12288M) 25.534ms
[2025-01-09T02:46:50.604+0000][195680.970s][info][gc,cpu      ] GC(7564) User=0.15s Sys=0.00s Real=0.03s
[2025-01-09T02:46:50.604+0000][195680.970s][info][gc,marking  ] GC(7564) Concurrent Mark 853.438ms
[2025-01-09T02:46:50.604+0000][195680.970s][info][gc,marking  ] GC(7564) Concurrent Rebuild Remembered Sets
[2025-01-09T02:46:51.214+0000][195681.580s][info][gc,marking  ] GC(7564) Concurrent Rebuild Remembered Sets 610.284ms
[2025-01-09T02:46:51.214+0000][195681.580s][info][gc,start    ] GC(7564) Pause Cleanup
[2025-01-09T02:46:51.215+0000][195681.581s][info][gc          ] GC(7564) Pause Cleanup 4581M->4581M(12288M) 0.433ms
[2025-01-09T02:46:51.215+0000][195681.581s][info][gc,cpu      ] GC(7564) User=0.00s Sys=0.00s Real=0.00s
[2025-01-09T02:46:51.215+0000][195681.581s][info][gc,marking  ] GC(7564) Concurrent Cleanup for Next Mark
[2025-01-09T02:46:51.231+0000][195681.597s][info][gc,marking  ] GC(7564) Concurrent Cleanup for Next Mark 16.194ms
[2025-01-09T02:46:51.231+0000][195681.597s][info][gc          ] GC(7564) Concurrent Mark Cycle 1505.565ms
[2025-01-09T02:46:54.456+0000][195684.823s][info][gc,start    ] GC(7565) Pause Young (Prepare Mixed) (G1 Evacuation Pause)
[2025-01-09T02:46:54.456+0000][195684.823s][info][gc,task     ] GC(7565) Using 6 workers of 6 for evacuation
[2025-01-09T02:46:54.490+0000][195684.856s][info][gc,phases   ] GC(7565)   Pre Evacuate Collection Set: 0.2ms
[2025-01-09T02:46:54.490+0000][195684.856s][info][gc,phases   ] GC(7565)   Merge Heap Roots: 0.6ms
[2025-01-09T02:46:54.490+0000][195684.856s][info][gc,phases   ] GC(7565)   Evacuate Collection Set: 29.9ms
[2025-01-09T02:46:54.490+0000][195684.856s][info][gc,phases   ] GC(7565)   Post Evacuate Collection Set: 2.7ms
[2025-01-09T02:46:54.490+0000][195684.856s][info][gc,phases   ] GC(7565)   Other: 0.2ms
[2025-01-09T02:46:54.490+0000][195684.856s][info][gc,heap     ] GC(7565) Eden regions: 912->0(67)
[2025-01-09T02:46:54.490+0000][195684.856s][info][gc,heap     ] GC(7565) Survivor regions: 9->9(116)
[2025-01-09T02:46:54.490+0000][195684.856s][info][gc,heap     ] GC(7565) Old regions: 229->229
[2025-01-09T02:46:54.490+0000][195684.856s][info][gc,heap     ] GC(7565) Archive regions: 2->2
[2025-01-09T02:46:54.490+0000][195684.856s][info][gc,heap     ] GC(7565) Humongous regions: 49->49
[2025-01-09T02:46:54.490+0000][195684.856s][info][gc,metaspace] GC(7565) Metaspace: 524917K(534272K)->524917K(534272K) NonClass: 460948K(465536K)->460948K(465536K) Class: 63968K(68736K)->63968K(68736K)
[2025-01-09T02:46:54.490+0000][195684.856s][info][gc          ] GC(7565) Pause Young (Prepare Mixed) (G1 Evacuation Pause) 9585M->2293M(12288M) 33.688ms
[2025-01-09T02:46:54.490+0000][195684.856s][info][gc,cpu      ] GC(7565) User=0.20s Sys=0.00s Real=0.04s
[2025-01-09T02:46:55.017+0000][195685.383s][info][gc,start    ] GC(7566) Pause Young (Mixed) (G1 Evacuation Pause)
[2025-01-09T02:46:55.017+0000][195685.383s][info][gc,task     ] GC(7566) Using 6 workers of 6 for evacuation
[2025-01-09T02:46:55.077+0000][195685.443s][info][gc,phases   ] GC(7566)   Pre Evacuate Collection Set: 0.2ms
[2025-01-09T02:46:55.077+0000][195685.443s][info][gc,phases   ] GC(7566)   Merge Heap Roots: 0.6ms
[2025-01-09T02:46:55.077+0000][195685.443s][info][gc,phases   ] GC(7566)   Evacuate Collection Set: 57.3ms
[2025-01-09T02:46:55.077+0000][195685.443s][info][gc,phases   ] GC(7566)   Post Evacuate Collection Set: 1.7ms
[2025-01-09T02:46:55.077+0000][195685.443s][info][gc,phases   ] GC(7566)   Other: 0.2ms
[2025-01-09T02:46:55.077+0000][195685.443s][info][gc,heap     ] GC(7566) Eden regions: 67->0(916)
[2025-01-09T02:46:55.077+0000][195685.443s][info][gc,heap     ] GC(7566) Survivor regions: 9->5(10)
[2025-01-09T02:46:55.077+0000][195685.443s][info][gc,heap     ] GC(7566) Old regions: 229->228
[2025-01-09T02:46:55.077+0000][195685.443s][info][gc,heap     ] GC(7566) Archive regions: 2->2
[2025-01-09T02:46:55.077+0000][195685.443s][info][gc,heap     ] GC(7566) Humongous regions: 49->49
[2025-01-09T02:46:55.077+0000][195685.443s][info][gc,metaspace] GC(7566) Metaspace: 524917K(534272K)->524917K(534272K) NonClass: 460948K(465536K)->460948K(465536K) Class: 63968K(68736K)->63968K(68736K)
[2025-01-09T02:46:55.077+0000][195685.443s][info][gc          ] GC(7566) Pause Young (Mixed) (G1 Evacuation Pause) 2829M->2253M(12288M) 60.139ms
[2025-01-09T02:46:55.077+0000][195685.443s][info][gc,cpu      ] GC(7566) User=0.36s Sys=0.00s Real=0.06s
[2025-01-09T02:46:59.602+0000][195689.968s][info][gc,start    ] GC(7567) Pause Young (Normal) (G1 Evacuation Pause)
[2025-01-09T02:46:59.602+0000][195689.968s][info][gc,task     ] GC(7567) Using 6 workers of 6 for evacuation
[2025-01-09T02:46:59.624+0000][195689.991s][info][gc,phases   ] GC(7567)   Pre Evacuate Collection Set: 0.2ms
[2025-01-09T02:46:59.624+0000][195689.991s][info][gc,phases   ] GC(7567)   Merge Heap Roots: 0.4ms
[2025-01-09T02:46:59.625+0000][195689.991s][info][gc,phases   ] GC(7567)   Evacuate Collection Set: 18.0ms
[2025-01-09T02:46:59.625+0000][195689.991s][info][gc,phases   ] GC(7567)   Post Evacuate Collection Set: 3.7ms
[2025-01-09T02:46:59.625+0000][195689.991s][info][gc,phases   ] GC(7567)   Other: 0.2ms
[2025-01-09T02:46:59.625+0000][195689.991s][info][gc,heap     ] GC(7567) Eden regions: 916->0(915)
[2025-01-09T02:46:59.625+0000][195689.991s][info][gc,heap     ] GC(7567) Survivor regions: 5->6(116)
[2025-01-09T02:46:59.625+0000][195689.991s][info][gc,heap     ] GC(7567) Old regions: 228->228
[2025-01-09T02:46:59.625+0000][195689.991s][info][gc,heap     ] GC(7567) Archive regions: 2->2
[2025-01-09T02:46:59.625+0000][195689.991s][info][gc,heap     ] GC(7567) Humongous regions: 49->49
[2025-01-09T02:46:59.625+0000][195689.991s][info][gc,metaspace] GC(7567) Metaspace: 524917K(534272K)->524917K(534272K) NonClass: 460948K(465536K)->460948K(465536K) Class: 63968K(68736K)->63968K(68736K)
[2025-01-09T02:46:59.625+0000][195689.991s][info][gc          ] GC(7567) Pause Young (Normal) (G1 Evacuation Pause) 9581M->2261M(12288M) 22.518ms
[2025-01-09T02:46:59.625+0000][195689.991s][info][gc,cpu      ] GC(7567) User=0.13s Sys=0.00s Real=0.02s
[2025-01-09T02:47:05.494+0000][195695.860s][info][gc,start    ] GC(7568) Pause Young (Normal) (G1 Evacuation Pause)
[2025-01-09T02:47:05.494+0000][195695.860s][info][gc,task     ] GC(7568) Using 6 workers of 6 for evacuation
[2025-01-09T02:47:05.518+0000][195695.884s][info][gc,phases   ] GC(7568)   Pre Evacuate Collection Set: 0.2ms
[2025-01-09T02:47:05.518+0000][195695.884s][info][gc,phases   ] GC(7568)   Merge Heap Roots: 0.4ms
[2025-01-09T02:47:05.518+0000][195695.884s][info][gc,phases   ] GC(7568)   Evacuate Collection Set: 19.3ms
[2025-01-09T02:47:05.518+0000][195695.884s][info][gc,phases   ] GC(7568)   Post Evacuate Collection Set: 3.6ms
[2025-01-09T02:47:05.518+0000][195695.884s][info][gc,phases   ] GC(7568)   Other: 0.2ms
[2025-01-09T02:47:05.518+0000][195695.884s][info][gc,heap     ] GC(7568) Eden regions: 915->0(916)
[2025-01-09T02:47:05.518+0000][195695.884s][info][gc,heap     ] GC(7568) Survivor regions: 6->5(116)
[2025-01-09T02:47:05.518+0000][195695.884s][info][gc,heap     ] GC(7568) Old regions: 228->228
[2025-01-09T02:47:05.518+0000][195695.884s][info][gc,heap     ] GC(7568) Archive regions: 2->2
[2025-01-09T02:47:05.518+0000][195695.884s][info][gc,heap     ] GC(7568) Humongous regions: 49->49
[2025-01-09T02:47:05.518+0000][195695.884s][info][gc,metaspace] GC(7568) Metaspace: 524917K(534272K)->524917K(534272K) NonClass: 460948K(465536K)->460948K(465536K) Class: 63968K(68736K)->63968K(68736K)
[2025-01-09T02:47:05.518+0000][195695.884s][info][gc          ] GC(7568) Pause Young (Normal) (G1 Evacuation Pause) 9581M->2257M(12288M) 23.850ms
[2025-01-09T02:47:05.518+0000][195695.884s][info][gc,cpu      ] GC(7568) User=0.14s Sys=0.00s Real=0.02s
[2025-01-09T02:47:16.472+0000][195706.838s][info][gc,start    ] GC(7569) Pause Young (Concurrent Start) (G1 Evacuation Pause)
[2025-01-09T02:47:16.472+0000][195706.838s][info][gc,task     ] GC(7569) Using 6 workers of 6 for evacuation
[2025-01-09T02:47:16.506+0000][195706.872s][info][gc,phases   ] GC(7569)   Pre Evacuate Collection Set: 1.1ms
[2025-01-09T02:47:16.506+0000][195706.872s][info][gc,phases   ] GC(7569)   Merge Heap Roots: 0.5ms
[2025-01-09T02:47:16.506+0000][195706.872s][info][gc,phases   ] GC(7569)   Evacuate Collection Set: 28.0ms
[2025-01-09T02:47:16.506+0000][195706.872s][info][gc,phases   ] GC(7569)   Post Evacuate Collection Set: 4.0ms
[2025-01-09T02:47:16.506+0000][195706.872s][info][gc,phases   ] GC(7569)   Other: 0.3ms
[2025-01-09T02:47:16.506+0000][195706.872s][info][gc,heap     ] GC(7569) Eden regions: 916->0(912)
[2025-01-09T02:47:16.506+0000][195706.872s][info][gc,heap     ] GC(7569) Survivor regions: 5->9(116)
[2025-01-09T02:47:16.506+0000][195706.872s][info][gc,heap     ] GC(7569) Old regions: 228->228
[2025-01-09T02:47:16.506+0000][195706.872s][info][gc,heap     ] GC(7569) Archive regions: 2->2
[2025-01-09T02:47:16.506+0000][195706.872s][info][gc,heap     ] GC(7569) Humongous regions: 49->49
[2025-01-09T02:47:16.506+0000][195706.872s][info][gc,metaspace] GC(7569) Metaspace: 524917K(534272K)->524917K(534272K) NonClass: 460948K(465536K)->460948K(465536K) Class: 63968K(68736K)->63968K(68736K)
[2025-01-09T02:47:16.506+0000][195706.872s][info][gc          ] GC(7569) Pause Young (Concurrent Start) (G1 Evacuation Pause) 9585M->2284M(12288M) 33.953ms
[2025-01-09T02:47:16.506+0000][195706.872s][info][gc,cpu      ] GC(7569) User=0.19s Sys=0.00s Real=0.03s
[2025-01-09T02:47:16.506+0000][195706.872s][info][gc          ] GC(7570) Concurrent Mark Cycle
[2025-01-09T02:47:16.506+0000][195706.872s][info][gc,marking  ] GC(7570) Concurrent Clear Claimed Marks
[2025-01-09T02:47:16.507+0000][195706.873s][info][gc,marking  ] GC(7570) Concurrent Clear Claimed Marks 0.914ms
[2025-01-09T02:47:16.507+0000][195706.873s][info][gc,marking  ] GC(7570) Concurrent Scan Root Regions
[2025-01-09T02:47:16.527+0000][195706.893s][info][gc,marking  ] GC(7570) Concurrent Scan Root Regions 20.248ms
[2025-01-09T02:47:16.527+0000][195706.893s][info][gc,marking  ] GC(7570) Concurrent Mark
[2025-01-09T02:47:16.527+0000][195706.893s][info][gc,marking  ] GC(7570) Concurrent Mark From Roots
[2025-01-09T02:47:16.527+0000][195706.893s][info][gc,task     ] GC(7570) Using 2 workers of 2 for marking
[2025-01-09T02:47:17.294+0000][195707.660s][info][gc,marking  ] GC(7570) Concurrent Mark From Roots 767.096ms
[2025-01-09T02:47:17.294+0000][195707.660s][info][gc,marking  ] GC(7570) Concurrent Preclean
[2025-01-09T02:47:17.297+0000][195707.663s][info][gc,marking  ] GC(7570) Concurrent Preclean 2.546ms
[2025-01-09T02:47:17.297+0000][195707.663s][info][gc,start    ] GC(7570) Pause Remark
[2025-01-09T02:47:17.323+0000][195707.689s][info][gc          ] GC(7570) Pause Remark 2852M->2852M(12288M) 25.846ms
[2025-01-09T02:47:17.323+0000][195707.689s][info][gc,cpu      ] GC(7570) User=0.15s Sys=0.00s Real=0.03s
[2025-01-09T02:47:17.323+0000][195707.689s][info][gc,marking  ] GC(7570) Concurrent Mark 795.821ms
[2025-01-09T02:47:17.323+0000][195707.689s][info][gc,marking  ] GC(7570) Concurrent Rebuild Remembered Sets
[2025-01-09T02:47:17.828+0000][195708.195s][info][gc,marking  ] GC(7570) Concurrent Rebuild Remembered Sets 505.510ms
[2025-01-09T02:47:17.829+0000][195708.195s][info][gc,start    ] GC(7570) Pause Cleanup
[2025-01-09T02:47:17.829+0000][195708.195s][info][gc          ] GC(7570) Pause Cleanup 3228M->3228M(12288M) 0.415ms
[2025-01-09T02:47:17.829+0000][195708.195s][info][gc,cpu      ] GC(7570) User=0.00s Sys=0.00s Real=0.00s
[2025-01-09T02:47:17.829+0000][195708.195s][info][gc,marking  ] GC(7570) Concurrent Cleanup for Next Mark
[2025-01-09T02:47:17.845+0000][195708.211s][info][gc,marking  ] GC(7570) Concurrent Cleanup for Next Mark 15.641ms
[2025-01-09T02:47:17.845+0000][195708.211s][info][gc          ] GC(7570) Concurrent Mark Cycle 1338.928ms
[2025-01-09T02:47:25.839+0000][195716.205s][info][gc,start    ] GC(7571) Pause Young (Prepare Mixed) (G1 Evacuation Pause)
[2025-01-09T02:47:25.839+0000][195716.205s][info][gc,task     ] GC(7571) Using 6 workers of 6 for evacuation
[2025-01-09T02:47:25.874+0000][195716.240s][info][gc,phases   ] GC(7571)   Pre Evacuate Collection Set: 0.3ms
[2025-01-09T02:47:25.874+0000][195716.240s][info][gc,phases   ] GC(7571)   Merge Heap Roots: 0.6ms
[2025-01-09T02:47:25.874+0000][195716.240s][info][gc,phases   ] GC(7571)   Evacuate Collection Set: 31.4ms
[2025-01-09T02:47:25.874+0000][195716.240s][info][gc,phases   ] GC(7571)   Post Evacuate Collection Set: 2.7ms
[2025-01-09T02:47:25.874+0000][195716.240s][info][gc,phases   ] GC(7571)   Other: 0.2ms
[2025-01-09T02:47:25.874+0000][195716.240s][info][gc,heap     ] GC(7571) Eden regions: 912->0(66)
[2025-01-09T02:47:25.874+0000][195716.240s][info][gc,heap     ] GC(7571) Survivor regions: 9->10(116)
[2025-01-09T02:47:25.874+0000][195716.240s][info][gc,heap     ] GC(7571) Old regions: 228->228
[2025-01-09T02:47:25.874+0000][195716.240s][info][gc,heap     ] GC(7571) Archive regions: 2->2
[2025-01-09T02:47:25.874+0000][195716.240s][info][gc,heap     ] GC(7571) Humongous regions: 49->49
[2025-01-09T02:47:25.874+0000][195716.240s][info][gc,metaspace] GC(7571) Metaspace: 524917K(534272K)->524917K(534272K) NonClass: 460948K(465536K)->460948K(465536K) Class: 63968K(68736K)->63968K(68736K)
[2025-01-09T02:47:25.874+0000][195716.240s][info][gc          ] GC(7571) Pause Young (Prepare Mixed) (G1 Evacuation Pause) 9580M->2293M(12288M) 35.239ms
[2025-01-09T02:47:25.874+0000][195716.240s][info][gc,cpu      ] GC(7571) User=0.20s Sys=0.00s Real=0.04s
[2025-01-09T02:47:27.669+0000][195718.036s][info][gc,start    ] GC(7572) Pause Young (Mixed) (G1 Evacuation Pause)
[2025-01-09T02:47:27.669+0000][195718.036s][info][gc,task     ] GC(7572) Using 6 workers of 6 for evacuation
[2025-01-09T02:47:27.742+0000][195718.108s][info][gc,phases   ] GC(7572)   Pre Evacuate Collection Set: 0.2ms
[2025-01-09T02:47:27.742+0000][195718.108s][info][gc,phases   ] GC(7572)   Merge Heap Roots: 0.7ms
[2025-01-09T02:47:27.742+0000][195718.108s][info][gc,phases   ] GC(7572)   Evacuate Collection Set: 69.2ms
[2025-01-09T02:47:27.742+0000][195718.108s][info][gc,phases   ] GC(7572)   Post Evacuate Collection Set: 2.2ms
[2025-01-09T02:47:27.742+0000][195718.108s][info][gc,phases   ] GC(7572)   Other: 0.2ms
[2025-01-09T02:47:27.742+0000][195718.108s][info][gc,heap     ] GC(7572) Eden regions: 66->0(915)
[2025-01-09T02:47:27.742+0000][195718.108s][info][gc,heap     ] GC(7572) Survivor regions: 10->6(10)
[2025-01-09T02:47:27.742+0000][195718.108s][info][gc,heap     ] GC(7572) Old regions: 228->227
[2025-01-09T02:47:27.742+0000][195718.108s][info][gc,heap     ] GC(7572) Archive regions: 2->2
[2025-01-09T02:47:27.742+0000][195718.108s][info][gc,heap     ] GC(7572) Humongous regions: 49->49
[2025-01-09T02:47:27.742+0000][195718.108s][info][gc,metaspace] GC(7572) Metaspace: 524917K(534272K)->524917K(534272K) NonClass: 460948K(465536K)->460948K(465536K) Class: 63968K(68736K)->63968K(68736K)
[2025-01-09T02:47:27.742+0000][195718.108s][info][gc          ] GC(7572) Pause Young (Mixed) (G1 Evacuation Pause) 2821M->2260M(12288M) 72.492ms
[2025-01-09T02:47:27.742+0000][195718.108s][info][gc,cpu      ] GC(7572) User=0.41s Sys=0.01s Real=0.07s
[2025-01-09T02:47:34.460+0000][195724.826s][info][gc,start    ] GC(7573) Pause Young (Normal) (G1 Evacuation Pause)
[2025-01-09T02:47:34.460+0000][195724.826s][info][gc,task     ] GC(7573) Using 6 workers of 6 for evacuation
[2025-01-09T02:47:34.486+0000][195724.852s][info][gc,phases   ] GC(7573)   Pre Evacuate Collection Set: 0.2ms
[2025-01-09T02:47:34.486+0000][195724.852s][info][gc,phases   ] GC(7573)   Merge Heap Roots: 0.4ms
[2025-01-09T02:47:34.486+0000][195724.852s][info][gc,phases   ] GC(7573)   Evacuate Collection Set: 22.8ms
[2025-01-09T02:47:34.486+0000][195724.852s][info][gc,phases   ] GC(7573)   Post Evacuate Collection Set: 2.5ms
[2025-01-09T02:47:34.486+0000][195724.852s][info][gc,phases   ] GC(7573)   Other: 0.2ms
[2025-01-09T02:47:34.486+0000][195724.852s][info][gc,heap     ] GC(7573) Eden regions: 915->0(914)
[2025-01-09T02:47:34.486+0000][195724.852s][info][gc,heap     ] GC(7573) Survivor regions: 6->7(116)
[2025-01-09T02:47:34.486+0000][195724.852s][info][gc,heap     ] GC(7573) Old regions: 227->227
[2025-01-09T02:47:34.486+0000][195724.852s][info][gc,heap     ] GC(7573) Archive regions: 2->2
[2025-01-09T02:47:34.486+0000][195724.852s][info][gc,heap     ] GC(7573) Humongous regions: 49->49
[2025-01-09T02:47:34.486+0000][195724.852s][info][gc,metaspace] GC(7573) Metaspace: 524917K(534272K)->524917K(534272K) NonClass: 460948K(465536K)->460948K(465536K) Class: 63968K(68736K)->63968K(68736K)
[2025-01-09T02:47:34.486+0000][195724.852s][info][gc          ] GC(7573) Pause Young (Normal) (G1 Evacuation Pause) 9580M->2263M(12288M) 26.208ms
[2025-01-09T02:47:34.486+0000][195724.852s][info][gc,cpu      ] GC(7573) User=0.15s Sys=0.00s Real=0.03s
[2025-01-09T02:47:42.367+0000][195732.733s][info][gc,start    ] GC(7574) Pause Young (Normal) (G1 Evacuation Pause)
[2025-01-09T02:47:42.367+0000][195732.733s][info][gc,task     ] GC(7574) Using 6 workers of 6 for evacuation
[2025-01-09T02:47:42.396+0000][195732.762s][info][gc,phases   ] GC(7574)   Pre Evacuate Collection Set: 0.2ms
[2025-01-09T02:47:42.396+0000][195732.762s][info][gc,phases   ] GC(7574)   Merge Heap Roots: 0.4ms
[2025-01-09T02:47:42.396+0000][195732.762s][info][gc,phases   ] GC(7574)   Evacuate Collection Set: 25.5ms
[2025-01-09T02:47:42.396+0000][195732.762s][info][gc,phases   ] GC(7574)   Post Evacuate Collection Set: 2.5ms
[2025-01-09T02:47:42.396+0000][195732.762s][info][gc,phases   ] GC(7574)   Other: 0.2ms
[2025-01-09T02:47:42.396+0000][195732.762s][info][gc,heap     ] GC(7574) Eden regions: 914->0(913)
[2025-01-09T02:47:42.396+0000][195732.762s][info][gc,heap     ] GC(7574) Survivor regions: 7->8(116)
[2025-01-09T02:47:42.396+0000][195732.762s][info][gc,heap     ] GC(7574) Old regions: 227->227
[2025-01-09T02:47:42.396+0000][195732.762s][info][gc,heap     ] GC(7574) Archive regions: 2->2
[2025-01-09T02:47:42.396+0000][195732.762s][info][gc,heap     ] GC(7574) Humongous regions: 49->49
[2025-01-09T02:47:42.396+0000][195732.762s][info][gc,metaspace] GC(7574) Metaspace: 524917K(534272K)->524917K(534272K) NonClass: 460948K(465536K)->460948K(465536K) Class: 63968K(68736K)->63968K(68736K)
[2025-01-09T02:47:42.396+0000][195732.762s][info][gc          ] GC(7574) Pause Young (Normal) (G1 Evacuation Pause) 9575M->2276M(12288M) 28.927ms
[2025-01-09T02:47:42.396+0000][195732.762s][info][gc,cpu      ] GC(7574) User=0.17s Sys=0.00s Real=0.03s
[2025-01-09T02:47:50.047+0000][195740.413s][info][gc,start    ] GC(7575) Pause Young (Concurrent Start) (G1 Evacuation Pause)
[2025-01-09T02:47:50.047+0000][195740.413s][info][gc,task     ] GC(7575) Using 6 workers of 6 for evacuation
[2025-01-09T02:47:50.081+0000][195740.447s][info][gc,phases   ] GC(7575)   Pre Evacuate Collection Set: 1.1ms
[2025-01-09T02:47:50.081+0000][195740.447s][info][gc,phases   ] GC(7575)   Merge Heap Roots: 0.5ms
[2025-01-09T02:47:50.081+0000][195740.447s][info][gc,phases   ] GC(7575)   Evacuate Collection Set: 29.6ms
[2025-01-09T02:47:50.081+0000][195740.447s][info][gc,phases   ] GC(7575)   Post Evacuate Collection Set: 2.5ms
[2025-01-09T02:47:50.081+0000][195740.447s][info][gc,phases   ] GC(7575)   Other: 0.3ms
[2025-01-09T02:47:50.081+0000][195740.447s][info][gc,heap     ] GC(7575) Eden regions: 913->0(912)
[2025-01-09T02:47:50.081+0000][195740.447s][info][gc,heap     ] GC(7575) Survivor regions: 8->9(116)
[2025-01-09T02:47:50.081+0000][195740.447s][info][gc,heap     ] GC(7575) Old regions: 227->227
[2025-01-09T02:47:50.081+0000][195740.447s][info][gc,heap     ] GC(7575) Archive regions: 2->2
[2025-01-09T02:47:50.081+0000][195740.447s][info][gc,heap     ] GC(7575) Humongous regions: 49->49
[2025-01-09T02:47:50.081+0000][195740.447s][info][gc,metaspace] GC(7575) Metaspace: 524917K(534272K)->524917K(534272K) NonClass: 460948K(465536K)->460948K(465536K) Class: 63968K(68736K)->63968K(68736K)
[2025-01-09T02:47:50.081+0000][195740.447s][info][gc          ] GC(7575) Pause Young (Concurrent Start) (G1 Evacuation Pause) 9580M->2286M(12288M) 34.117ms
[2025-01-09T02:47:50.081+0000][195740.447s][info][gc,cpu      ] GC(7575) User=0.19s Sys=0.00s Real=0.03s
[2025-01-09T02:47:50.081+0000][195740.447s][info][gc          ] GC(7576) Concurrent Mark Cycle
[2025-01-09T02:47:50.081+0000][195740.447s][info][gc,marking  ] GC(7576) Concurrent Clear Claimed Marks
[2025-01-09T02:47:50.082+0000][195740.448s][info][gc,marking  ] GC(7576) Concurrent Clear Claimed Marks 0.931ms
[2025-01-09T02:47:50.082+0000][195740.448s][info][gc,marking  ] GC(7576) Concurrent Scan Root Regions
[2025-01-09T02:47:50.105+0000][195740.471s][info][gc,marking  ] GC(7576) Concurrent Scan Root Regions 23.138ms
[2025-01-09T02:47:50.105+0000][195740.472s][info][gc,marking  ] GC(7576) Concurrent Mark
[2025-01-09T02:47:50.105+0000][195740.472s][info][gc,marking  ] GC(7576) Concurrent Mark From Roots
[2025-01-09T02:47:50.105+0000][195740.472s][info][gc,task     ] GC(7576) Using 2 workers of 2 for marking
[2025-01-09T02:47:50.898+0000][195741.264s][info][gc,marking  ] GC(7576) Concurrent Mark From Roots 792.418ms
[2025-01-09T02:47:50.898+0000][195741.264s][info][gc,marking  ] GC(7576) Concurrent Preclean
[2025-01-09T02:47:50.901+0000][195741.267s][info][gc,marking  ] GC(7576) Concurrent Preclean 2.900ms
[2025-01-09T02:47:50.901+0000][195741.267s][info][gc,start    ] GC(7576) Pause Remark
[2025-01-09T02:47:50.926+0000][195741.293s][info][gc          ] GC(7576) Pause Remark 3502M->3502M(12288M) 25.588ms
[2025-01-09T02:47:50.927+0000][195741.293s][info][gc,cpu      ] GC(7576) User=0.15s Sys=0.00s Real=0.03s
[2025-01-09T02:47:50.927+0000][195741.293s][info][gc,marking  ] GC(7576) Concurrent Mark 821.253ms
[2025-01-09T02:47:50.927+0000][195741.293s][info][gc,marking  ] GC(7576) Concurrent Rebuild Remembered Sets
[2025-01-09T02:47:51.554+0000][195741.920s][info][gc,marking  ] GC(7576) Concurrent Rebuild Remembered Sets 627.301ms
[2025-01-09T02:47:51.554+0000][195741.920s][info][gc,start    ] GC(7576) Pause Cleanup
[2025-01-09T02:47:51.555+0000][195741.921s][info][gc          ] GC(7576) Pause Cleanup 4510M->4510M(12288M) 0.430ms
[2025-01-09T02:47:51.555+0000][195741.921s][info][gc,cpu      ] GC(7576) User=0.01s Sys=0.00s Real=0.00s
[2025-01-09T02:47:51.555+0000][195741.921s][info][gc,marking  ] GC(7576) Concurrent Cleanup for Next Mark
[2025-01-09T02:47:51.572+0000][195741.938s][info][gc,marking  ] GC(7576) Concurrent Cleanup for Next Mark 17.110ms
[2025-01-09T02:47:51.572+0000][195741.938s][info][gc          ] GC(7576) Concurrent Mark Cycle 1490.623ms
[2025-01-09T02:47:55.264+0000][195745.630s][info][gc,start    ] GC(7577) Pause Young (Prepare Mixed) (G1 Evacuation Pause)
[2025-01-09T02:47:55.264+0000][195745.630s][info][gc,task     ] GC(7577) Using 6 workers of 6 for evacuation
[2025-01-09T02:47:55.304+0000][195745.670s][info][gc,phases   ] GC(7577)   Pre Evacuate Collection Set: 0.2ms
[2025-01-09T02:47:55.304+0000][195745.670s][info][gc,phases   ] GC(7577)   Merge Heap Roots: 0.7ms
[2025-01-09T02:47:55.304+0000][195745.670s][info][gc,phases   ] GC(7577)   Evacuate Collection Set: 34.2ms
[2025-01-09T02:47:55.304+0000][195745.670s][info][gc,phases   ] GC(7577)   Post Evacuate Collection Set: 4.2ms
[2025-01-09T02:47:55.304+0000][195745.670s][info][gc,phases   ] GC(7577)   Other: 0.2ms
[2025-01-09T02:47:55.304+0000][195745.670s][info][gc,heap     ] GC(7577) Eden regions: 912->0(66)
[2025-01-09T02:47:55.304+0000][195745.670s][info][gc,heap     ] GC(7577) Survivor regions: 9->10(116)
[2025-01-09T02:47:55.304+0000][195745.670s][info][gc,heap     ] GC(7577) Old regions: 227->227
[2025-01-09T02:47:55.304+0000][195745.670s][info][gc,heap     ] GC(7577) Archive regions: 2->2
[2025-01-09T02:47:55.304+0000][195745.670s][info][gc,heap     ] GC(7577) Humongous regions: 49->49
[2025-01-09T02:47:55.304+0000][195745.670s][info][gc,metaspace] GC(7577) Metaspace: 524917K(534272K)->524917K(534272K) NonClass: 460948K(465536K)->460948K(465536K) Class: 63968K(68736K)->63968K(68736K)
[2025-01-09T02:47:55.304+0000][195745.670s][info][gc          ] GC(7577) Pause Young (Prepare Mixed) (G1 Evacuation Pause) 9582M->2294M(12288M) 39.607ms
[2025-01-09T02:47:55.304+0000][195745.670s][info][gc,cpu      ] GC(7577) User=0.23s Sys=0.00s Real=0.04s
[2025-01-09T02:47:55.644+0000][195746.010s][info][gc,start    ] GC(7578) Pause Young (Mixed) (G1 Evacuation Pause)
[2025-01-09T02:47:55.644+0000][195746.010s][info][gc,task     ] GC(7578) Using 6 workers of 6 for evacuation
[2025-01-09T02:47:55.721+0000][195746.087s][info][gc,phases   ] GC(7578)   Pre Evacuate Collection Set: 0.2ms
[2025-01-09T02:47:55.721+0000][195746.087s][info][gc,phases   ] GC(7578)   Merge Heap Roots: 0.7ms
[2025-01-09T02:47:55.721+0000][195746.087s][info][gc,phases   ] GC(7578)   Evacuate Collection Set: 73.3ms
[2025-01-09T02:47:55.721+0000][195746.087s][info][gc,phases   ] GC(7578)   Post Evacuate Collection Set: 2.1ms
[2025-01-09T02:47:55.721+0000][195746.087s][info][gc,phases   ] GC(7578)   Other: 0.2ms
[2025-01-09T02:47:55.721+0000][195746.087s][info][gc,heap     ] GC(7578) Eden regions: 66->0(916)
[2025-01-09T02:47:55.721+0000][195746.087s][info][gc,heap     ] GC(7578) Survivor regions: 10->5(10)
[2025-01-09T02:47:55.721+0000][195746.087s][info][gc,heap     ] GC(7578) Old regions: 227->228
[2025-01-09T02:47:55.721+0000][195746.087s][info][gc,heap     ] GC(7578) Archive regions: 2->2
[2025-01-09T02:47:55.721+0000][195746.087s][info][gc,heap     ] GC(7578) Humongous regions: 49->49
[2025-01-09T02:47:55.721+0000][195746.087s][info][gc,metaspace] GC(7578) Metaspace: 524917K(534272K)->524917K(534272K) NonClass: 460948K(465536K)->460948K(465536K) Class: 63968K(68736K)->63968K(68736K)
[2025-01-09T02:47:55.721+0000][195746.087s][info][gc          ] GC(7578) Pause Young (Mixed) (G1 Evacuation Pause) 2822M->2260M(12288M) 76.564ms
[2025-01-09T02:47:55.721+0000][195746.087s][info][gc,cpu      ] GC(7578) User=0.43s Sys=0.00s Real=0.07s
[2025-01-09T02:48:04.777+0000][195755.143s][info][gc,start    ] GC(7579) Pause Young (Normal) (G1 Evacuation Pause)
[2025-01-09T02:48:04.777+0000][195755.143s][info][gc,task     ] GC(7579) Using 6 workers of 6 for evacuation
[2025-01-09T02:48:04.804+0000][195755.170s][info][gc,phases   ] GC(7579)   Pre Evacuate Collection Set: 0.2ms
[2025-01-09T02:48:04.804+0000][195755.170s][info][gc,phases   ] GC(7579)   Merge Heap Roots: 0.4ms
[2025-01-09T02:48:04.804+0000][195755.170s][info][gc,phases   ] GC(7579)   Evacuate Collection Set: 22.6ms
[2025-01-09T02:48:04.804+0000][195755.170s][info][gc,phases   ] GC(7579)   Post Evacuate Collection Set: 4.0ms
[2025-01-09T02:48:04.804+0000][195755.170s][info][gc,phases   ] GC(7579)   Other: 0.2ms
[2025-01-09T02:48:04.804+0000][195755.170s][info][gc,heap     ] GC(7579) Eden regions: 916->0(914)
[2025-01-09T02:48:04.804+0000][195755.170s][info][gc,heap     ] GC(7579) Survivor regions: 5->7(116)
[2025-01-09T02:48:04.804+0000][195755.170s][info][gc,heap     ] GC(7579) Old regions: 228->228
[2025-01-09T02:48:04.804+0000][195755.170s][info][gc,heap     ] GC(7579) Archive regions: 2->2
[2025-01-09T02:48:04.804+0000][195755.170s][info][gc,heap     ] GC(7579) Humongous regions: 49->49
[2025-01-09T02:48:04.804+0000][195755.170s][info][gc,metaspace] GC(7579) Metaspace: 524917K(534272K)->524917K(534272K) NonClass: 460948K(465536K)->460948K(465536K) Class: 63968K(68736K)->63968K(68736K)
[2025-01-09T02:48:04.804+0000][195755.170s][info][gc          ] GC(7579) Pause Young (Normal) (G1 Evacuation Pause) 9588M->2275M(12288M) 27.536ms
[2025-01-09T02:48:04.804+0000][195755.170s][info][gc,cpu      ] GC(7579) User=0.17s Sys=0.00s Real=0.03s
[2025-01-09T02:48:10.929+0000][195761.295s][info][gc,start    ] GC(7580) Pause Young (Normal) (G1 Evacuation Pause)
[2025-01-09T02:48:10.929+0000][195761.295s][info][gc,task     ] GC(7580) Using 6 workers of 6 for evacuation
[2025-01-09T02:48:10.961+0000][195761.327s][info][gc,phases   ] GC(7580)   Pre Evacuate Collection Set: 0.2ms
[2025-01-09T02:48:10.961+0000][195761.327s][info][gc,phases   ] GC(7580)   Merge Heap Roots: 0.4ms
[2025-01-09T02:48:10.961+0000][195761.327s][info][gc,phases   ] GC(7580)   Evacuate Collection Set: 26.9ms
[2025-01-09T02:48:10.961+0000][195761.327s][info][gc,phases   ] GC(7580)   Post Evacuate Collection Set: 3.8ms
[2025-01-09T02:48:10.961+0000][195761.327s][info][gc,phases   ] GC(7580)   Other: 0.2ms
[2025-01-09T02:48:10.961+0000][195761.327s][info][gc,heap     ] GC(7580) Eden regions: 914->0(912)
[2025-01-09T02:48:10.961+0000][195761.327s][info][gc,heap     ] GC(7580) Survivor regions: 7->9(116)
[2025-01-09T02:48:10.961+0000][195761.327s][info][gc,heap     ] GC(7580) Old regions: 228->228
[2025-01-09T02:48:10.961+0000][195761.327s][info][gc,heap     ] GC(7580) Archive regions: 2->2
[2025-01-09T02:48:10.961+0000][195761.327s][info][gc,heap     ] GC(7580) Humongous regions: 49->49
[2025-01-09T02:48:10.961+0000][195761.327s][info][gc,metaspace] GC(7580) Metaspace: 524917K(534272K)->524917K(534272K) NonClass: 460948K(465536K)->460948K(465536K) Class: 63968K(68736K)->63968K(68736K)
[2025-01-09T02:48:10.961+0000][195761.327s][info][gc          ] GC(7580) Pause Young (Normal) (G1 Evacuation Pause) 9587M->2289M(12288M) 31.585ms
[2025-01-09T02:48:10.961+0000][195761.327s][info][gc,cpu      ] GC(7580) User=0.18s Sys=0.00s Real=0.03s
[2025-01-09T02:48:16.664+0000][195767.030s][info][gc,start    ] GC(7581) Pause Young (Concurrent Start) (G1 Evacuation Pause)
[2025-01-09T02:48:16.664+0000][195767.030s][info][gc,task     ] GC(7581) Using 6 workers of 6 for evacuation
[2025-01-09T02:48:16.697+0000][195767.063s][info][gc,phases   ] GC(7581)   Pre Evacuate Collection Set: 1.2ms
[2025-01-09T02:48:16.697+0000][195767.063s][info][gc,phases   ] GC(7581)   Merge Heap Roots: 0.4ms
[2025-01-09T02:48:16.697+0000][195767.063s][info][gc,phases   ] GC(7581)   Evacuate Collection Set: 28.9ms
[2025-01-09T02:48:16.697+0000][195767.063s][info][gc,phases   ] GC(7581)   Post Evacuate Collection Set: 2.4ms
[2025-01-09T02:48:16.697+0000][195767.063s][info][gc,phases   ] GC(7581)   Other: 0.3ms
[2025-01-09T02:48:16.697+0000][195767.063s][info][gc,heap     ] GC(7581) Eden regions: 912->0(912)
[2025-01-09T02:48:16.697+0000][195767.063s][info][gc,heap     ] GC(7581) Survivor regions: 9->9(116)
[2025-01-09T02:48:16.697+0000][195767.063s][info][gc,heap     ] GC(7581) Old regions: 228->228
[2025-01-09T02:48:16.697+0000][195767.063s][info][gc,heap     ] GC(7581) Archive regions: 2->2
[2025-01-09T02:48:16.697+0000][195767.063s][info][gc,heap     ] GC(7581) Humongous regions: 49->49
[2025-01-09T02:48:16.697+0000][195767.063s][info][gc,metaspace] GC(7581) Metaspace: 524917K(534272K)->524917K(534272K) NonClass: 460948K(465536K)->460948K(465536K) Class: 63968K(68736K)->63968K(68736K)
[2025-01-09T02:48:16.697+0000][195767.064s][info][gc          ] GC(7581) Pause Young (Concurrent Start) (G1 Evacuation Pause) 9585M->2292M(12288M) 33.259ms
[2025-01-09T02:48:16.697+0000][195767.064s][info][gc,cpu      ] GC(7581) User=0.19s Sys=0.00s Real=0.03s
[2025-01-09T02:48:16.698+0000][195767.064s][info][gc          ] GC(7582) Concurrent Mark Cycle
[2025-01-09T02:48:16.698+0000][195767.064s][info][gc,marking  ] GC(7582) Concurrent Clear Claimed Marks
[2025-01-09T02:48:16.698+0000][195767.065s][info][gc,marking  ] GC(7582) Concurrent Clear Claimed Marks 0.910ms
[2025-01-09T02:48:16.698+0000][195767.065s][info][gc,marking  ] GC(7582) Concurrent Scan Root Regions
[2025-01-09T02:48:16.722+0000][195767.088s][info][gc,marking  ] GC(7582) Concurrent Scan Root Regions 23.408ms
[2025-01-09T02:48:16.722+0000][195767.088s][info][gc,marking  ] GC(7582) Concurrent Mark
[2025-01-09T02:48:16.722+0000][195767.088s][info][gc,marking  ] GC(7582) Concurrent Mark From Roots
[2025-01-09T02:48:16.722+0000][195767.088s][info][gc,task     ] GC(7582) Using 2 workers of 2 for marking
[2025-01-09T02:48:17.594+0000][195767.960s][info][gc,marking  ] GC(7582) Concurrent Mark From Roots 871.804ms
[2025-01-09T02:48:17.594+0000][195767.960s][info][gc,marking  ] GC(7582) Concurrent Preclean
[2025-01-09T02:48:17.596+0000][195767.962s][info][gc,marking  ] GC(7582) Concurrent Preclean 2.653ms
[2025-01-09T02:48:17.597+0000][195767.963s][info][gc,start    ] GC(7582) Pause Remark
[2025-01-09T02:48:17.622+0000][195767.988s][info][gc          ] GC(7582) Pause Remark 3292M->3292M(12288M) 25.796ms
[2025-01-09T02:48:17.622+0000][195767.988s][info][gc,cpu      ] GC(7582) User=0.15s Sys=0.00s Real=0.03s
[2025-01-09T02:48:17.622+0000][195767.989s][info][gc,marking  ] GC(7582) Concurrent Mark 900.570ms
[2025-01-09T02:48:17.622+0000][195767.989s][info][gc,marking  ] GC(7582) Concurrent Rebuild Remembered Sets
[2025-01-09T02:48:18.131+0000][195768.497s][info][gc,marking  ] GC(7582) Concurrent Rebuild Remembered Sets 508.506ms
[2025-01-09T02:48:18.131+0000][195768.497s][info][gc,start    ] GC(7582) Pause Cleanup
[2025-01-09T02:48:18.132+0000][195768.498s][info][gc          ] GC(7582) Pause Cleanup 3776M->3776M(12288M) 0.395ms
[2025-01-09T02:48:18.132+0000][195768.498s][info][gc,cpu      ] GC(7582) User=0.00s Sys=0.00s Real=0.00s
[2025-01-09T02:48:18.132+0000][195768.498s][info][gc,marking  ] GC(7582) Concurrent Cleanup for Next Mark
[2025-01-09T02:48:18.147+0000][195768.513s][info][gc,marking  ] GC(7582) Concurrent Cleanup for Next Mark 15.573ms
[2025-01-09T02:48:18.147+0000][195768.513s][info][gc          ] GC(7582) Concurrent Mark Cycle 1449.737ms
[2025-01-09T02:48:27.075+0000][195777.441s][info][gc,start    ] GC(7583) Pause Young (Prepare Mixed) (G1 Evacuation Pause)
[2025-01-09T02:48:27.075+0000][195777.441s][info][gc,task     ] GC(7583) Using 6 workers of 6 for evacuation
[2025-01-09T02:48:27.112+0000][195777.478s][info][gc,phases   ] GC(7583)   Pre Evacuate Collection Set: 0.2ms
[2025-01-09T02:48:27.112+0000][195777.478s][info][gc,phases   ] GC(7583)   Merge Heap Roots: 0.7ms
[2025-01-09T02:48:27.112+0000][195777.478s][info][gc,phases   ] GC(7583)   Evacuate Collection Set: 33.1ms
[2025-01-09T02:48:27.112+0000][195777.478s][info][gc,phases   ] GC(7583)   Post Evacuate Collection Set: 2.6ms
[2025-01-09T02:48:27.112+0000][195777.478s][info][gc,phases   ] GC(7583)   Other: 0.2ms
[2025-01-09T02:48:27.112+0000][195777.478s][info][gc,heap     ] GC(7583) Eden regions: 912->0(66)
[2025-01-09T02:48:27.112+0000][195777.478s][info][gc,heap     ] GC(7583) Survivor regions: 9->10(116)
[2025-01-09T02:48:27.112+0000][195777.478s][info][gc,heap     ] GC(7583) Old regions: 228->228
[2025-01-09T02:48:27.112+0000][195777.478s][info][gc,heap     ] GC(7583) Archive regions: 2->2
[2025-01-09T02:48:27.112+0000][195777.478s][info][gc,heap     ] GC(7583) Humongous regions: 49->49
[2025-01-09T02:48:27.112+0000][195777.478s][info][gc,metaspace] GC(7583) Metaspace: 524917K(534272K)->524917K(534272K) NonClass: 460948K(465536K)->460948K(465536K) Class: 63968K(68736K)->63968K(68736K)
[2025-01-09T02:48:27.112+0000][195777.478s][info][gc          ] GC(7583) Pause Young (Prepare Mixed) (G1 Evacuation Pause) 9588M->2299M(12288M) 36.840ms
[2025-01-09T02:48:27.112+0000][195777.478s][info][gc,cpu      ] GC(7583) User=0.22s Sys=0.00s Real=0.04s
[2025-01-09T02:48:27.528+0000][195777.894s][info][gc,start    ] GC(7584) Pause Young (Mixed) (G1 Evacuation Pause)
[2025-01-09T02:48:27.528+0000][195777.894s][info][gc,task     ] GC(7584) Using 6 workers of 6 for evacuation
[2025-01-09T02:48:27.588+0000][195777.954s][info][gc,phases   ] GC(7584)   Pre Evacuate Collection Set: 0.2ms
[2025-01-09T02:48:27.588+0000][195777.954s][info][gc,phases   ] GC(7584)   Merge Heap Roots: 0.6ms
[2025-01-09T02:48:27.588+0000][195777.954s][info][gc,phases   ] GC(7584)   Evacuate Collection Set: 56.7ms
[2025-01-09T02:48:27.588+0000][195777.954s][info][gc,phases   ] GC(7584)   Post Evacuate Collection Set: 1.6ms
[2025-01-09T02:48:27.588+0000][195777.954s][info][gc,phases   ] GC(7584)   Other: 0.2ms
[2025-01-09T02:48:27.588+0000][195777.954s][info][gc,heap     ] GC(7584) Eden regions: 66->0(916)
[2025-01-09T02:48:27.588+0000][195777.954s][info][gc,heap     ] GC(7584) Survivor regions: 10->5(10)
[2025-01-09T02:48:27.588+0000][195777.954s][info][gc,heap     ] GC(7584) Old regions: 228->229
[2025-01-09T02:48:27.588+0000][195777.954s][info][gc,heap     ] GC(7584) Archive regions: 2->2
[2025-01-09T02:48:27.588+0000][195777.954s][info][gc,heap     ] GC(7584) Humongous regions: 49->49
[2025-01-09T02:48:27.588+0000][195777.954s][info][gc,metaspace] GC(7584) Metaspace: 524917K(534272K)->524917K(534272K) NonClass: 460948K(465536K)->460948K(465536K) Class: 63968K(68736K)->63968K(68736K)
[2025-01-09T02:48:27.588+0000][195777.954s][info][gc          ] GC(7584) Pause Young (Mixed) (G1 Evacuation Pause) 2827M->2267M(12288M) 59.405ms
[2025-01-09T02:48:27.588+0000][195777.954s][info][gc,cpu      ] GC(7584) User=0.35s Sys=0.00s Real=0.06s
[2025-01-09T02:48:36.766+0000][195787.132s][info][gc,start    ] GC(7585) Pause Young (Normal) (G1 Evacuation Pause)
[2025-01-09T02:48:36.766+0000][195787.132s][info][gc,task     ] GC(7585) Using 6 workers of 6 for evacuation
[2025-01-09T02:48:36.792+0000][195787.158s][info][gc,phases   ] GC(7585)   Pre Evacuate Collection Set: 0.2ms
[2025-01-09T02:48:36.792+0000][195787.158s][info][gc,phases   ] GC(7585)   Merge Heap Roots: 0.4ms
[2025-01-09T02:48:36.792+0000][195787.158s][info][gc,phases   ] GC(7585)   Evacuate Collection Set: 22.5ms
[2025-01-09T02:48:36.792+0000][195787.158s][info][gc,phases   ] GC(7585)   Post Evacuate Collection Set: 2.6ms
[2025-01-09T02:48:36.792+0000][195787.158s][info][gc,phases   ] GC(7585)   Other: 0.2ms
[2025-01-09T02:48:36.792+0000][195787.158s][info][gc,heap     ] GC(7585) Eden regions: 916->0(915)
[2025-01-09T02:48:36.792+0000][195787.158s][info][gc,heap     ] GC(7585) Survivor regions: 5->6(116)
[2025-01-09T02:48:36.792+0000][195787.158s][info][gc,heap     ] GC(7585) Old regions: 229->229
[2025-01-09T02:48:36.792+0000][195787.158s][info][gc,heap     ] GC(7585) Archive regions: 2->2
[2025-01-09T02:48:36.792+0000][195787.158s][info][gc,heap     ] GC(7585) Humongous regions: 49->49
[2025-01-09T02:48:36.792+0000][195787.158s][info][gc,metaspace] GC(7585) Metaspace: 524917K(534272K)->524917K(534272K) NonClass: 460948K(465536K)->460948K(465536K) Class: 63968K(68736K)->63968K(68736K)
[2025-01-09T02:48:36.792+0000][195787.158s][info][gc          ] GC(7585) Pause Young (Normal) (G1 Evacuation Pause) 9595M->2276M(12288M) 26.034ms
[2025-01-09T02:48:36.792+0000][195787.158s][info][gc,cpu      ] GC(7585) User=0.16s Sys=0.00s Real=0.03s
[2025-01-09T02:48:42.614+0000][195792.980s][info][gc,start    ] GC(7586) Pause Young (Normal) (G1 Evacuation Pause)
[2025-01-09T02:48:42.614+0000][195792.980s][info][gc,task     ] GC(7586) Using 6 workers of 6 for evacuation
[2025-01-09T02:48:42.641+0000][195793.007s][info][gc,phases   ] GC(7586)   Pre Evacuate Collection Set: 0.2ms
[2025-01-09T02:48:42.641+0000][195793.007s][info][gc,phases   ] GC(7586)   Merge Heap Roots: 0.4ms
[2025-01-09T02:48:42.641+0000][195793.007s][info][gc,phases   ] GC(7586)   Evacuate Collection Set: 24.0ms
[2025-01-09T02:48:42.641+0000][195793.007s][info][gc,phases   ] GC(7586)   Post Evacuate Collection Set: 2.5ms
[2025-01-09T02:48:42.641+0000][195793.007s][info][gc,phases   ] GC(7586)   Other: 0.2ms
[2025-01-09T02:48:42.641+0000][195793.007s][info][gc,heap     ] GC(7586) Eden regions: 915->0(914)
[2025-01-09T02:48:42.641+0000][195793.007s][info][gc,heap     ] GC(7586) Survivor regions: 6->7(116)
[2025-01-09T02:48:42.641+0000][195793.007s][info][gc,heap     ] GC(7586) Old regions: 229->229
[2025-01-09T02:48:42.641+0000][195793.007s][info][gc,heap     ] GC(7586) Archive regions: 2->2
[2025-01-09T02:48:42.641+0000][195793.007s][info][gc,heap     ] GC(7586) Humongous regions: 49->49
[2025-01-09T02:48:42.641+0000][195793.007s][info][gc,metaspace] GC(7586) Metaspace: 524917K(534272K)->524917K(534272K) NonClass: 460948K(465536K)->460948K(465536K) Class: 63968K(68736K)->63968K(68736K)
[2025-01-09T02:48:42.641+0000][195793.007s][info][gc          ] GC(7586) Pause Young (Normal) (G1 Evacuation Pause) 9596M->2285M(12288M) 27.306ms
[2025-01-09T02:48:42.641+0000][195793.007s][info][gc,cpu      ] GC(7586) User=0.15s Sys=0.00s Real=0.02s
[2025-01-09T02:48:48.684+0000][195799.050s][info][gc,start    ] GC(7587) Pause Young (Concurrent Start) (G1 Evacuation Pause)
[2025-01-09T02:48:48.684+0000][195799.050s][info][gc,task     ] GC(7587) Using 6 workers of 6 for evacuation
[2025-01-09T02:48:48.716+0000][195799.082s][info][gc,phases   ] GC(7587)   Pre Evacuate Collection Set: 1.1ms
[2025-01-09T02:48:48.716+0000][195799.082s][info][gc,phases   ] GC(7587)   Merge Heap Roots: 0.4ms
[2025-01-09T02:48:48.716+0000][195799.082s][info][gc,phases   ] GC(7587)   Evacuate Collection Set: 26.8ms
[2025-01-09T02:48:48.716+0000][195799.082s][info][gc,phases   ] GC(7587)   Post Evacuate Collection Set: 2.6ms
[2025-01-09T02:48:48.716+0000][195799.082s][info][gc,phases   ] GC(7587)   Other: 0.3ms
[2025-01-09T02:48:48.716+0000][195799.082s][info][gc,heap     ] GC(7587) Eden regions: 914->0(913)
[2025-01-09T02:48:48.716+0000][195799.082s][info][gc,heap     ] GC(7587) Survivor regions: 7->8(116)
[2025-01-09T02:48:48.716+0000][195799.082s][info][gc,heap     ] GC(7587) Old regions: 229->229
[2025-01-09T02:48:48.716+0000][195799.082s][info][gc,heap     ] GC(7587) Archive regions: 2->2
[2025-01-09T02:48:48.716+0000][195799.082s][info][gc,heap     ] GC(7587) Humongous regions: 49->49
[2025-01-09T02:48:48.716+0000][195799.082s][info][gc,metaspace] GC(7587) Metaspace: 524917K(534272K)->524917K(534272K) NonClass: 460948K(465536K)->460948K(465536K) Class: 63968K(68736K)->63968K(68736K)
[2025-01-09T02:48:48.716+0000][195799.082s][info][gc          ] GC(7587) Pause Young (Concurrent Start) (G1 Evacuation Pause) 9597M->2294M(12288M) 31.332ms
[2025-01-09T02:48:48.716+0000][195799.082s][info][gc,cpu      ] GC(7587) User=0.17s Sys=0.00s Real=0.03s
[2025-01-09T02:48:48.716+0000][195799.082s][info][gc          ] GC(7588) Concurrent Mark Cycle
[2025-01-09T02:48:48.716+0000][195799.082s][info][gc,marking  ] GC(7588) Concurrent Clear Claimed Marks
[2025-01-09T02:48:48.717+0000][195799.083s][info][gc,marking  ] GC(7588) Concurrent Clear Claimed Marks 0.956ms
[2025-01-09T02:48:48.717+0000][195799.083s][info][gc,marking  ] GC(7588) Concurrent Scan Root Regions
[2025-01-09T02:48:48.740+0000][195799.106s][info][gc,marking  ] GC(7588) Concurrent Scan Root Regions 23.243ms
[2025-01-09T02:48:48.740+0000][195799.106s][info][gc,marking  ] GC(7588) Concurrent Mark
[2025-01-09T02:48:48.740+0000][195799.106s][info][gc,marking  ] GC(7588) Concurrent Mark From Roots
[2025-01-09T02:48:48.740+0000][195799.106s][info][gc,task     ] GC(7588) Using 2 workers of 2 for marking
[2025-01-09T02:48:49.705+0000][195800.071s][info][gc,marking  ] GC(7588) Concurrent Mark From Roots 965.365ms
[2025-01-09T02:48:49.705+0000][195800.072s][info][gc,marking  ] GC(7588) Concurrent Preclean
[2025-01-09T02:48:49.709+0000][195800.075s][info][gc,marking  ] GC(7588) Concurrent Preclean 3.592ms
[2025-01-09T02:48:49.709+0000][195800.075s][info][gc,start    ] GC(7588) Pause Remark
[2025-01-09T02:48:49.735+0000][195800.101s][info][gc          ] GC(7588) Pause Remark 3467M->3467M(12288M) 25.397ms
[2025-01-09T02:48:49.735+0000][195800.101s][info][gc,cpu      ] GC(7588) User=0.14s Sys=0.00s Real=0.03s
[2025-01-09T02:48:49.735+0000][195800.101s][info][gc,marking  ] GC(7588) Concurrent Mark 994.744ms
[2025-01-09T02:48:49.735+0000][195800.101s][info][gc,marking  ] GC(7588) Concurrent Rebuild Remembered Sets
[2025-01-09T02:48:50.315+0000][195800.681s][info][gc,marking  ] GC(7588) Concurrent Rebuild Remembered Sets 580.587ms
[2025-01-09T02:48:50.316+0000][195800.682s][info][gc,start    ] GC(7588) Pause Cleanup
[2025-01-09T02:48:50.316+0000][195800.682s][info][gc          ] GC(7588) Pause Cleanup 4062M->4062M(12288M) 0.385ms
[2025-01-09T02:48:50.316+0000][195800.682s][info][gc,cpu      ] GC(7588) User=0.00s Sys=0.00s Real=0.00s
[2025-01-09T02:48:50.316+0000][195800.682s][info][gc,marking  ] GC(7588) Concurrent Cleanup for Next Mark
[2025-01-09T02:48:50.332+0000][195800.698s][info][gc,marking  ] GC(7588) Concurrent Cleanup for Next Mark 15.726ms
[2025-01-09T02:48:50.332+0000][195800.698s][info][gc          ] GC(7588) Concurrent Mark Cycle 1616.107ms
[2025-01-09T02:48:57.548+0000][195807.914s][info][gc,start    ] GC(7589) Pause Young (Prepare Mixed) (G1 Evacuation Pause)
[2025-01-09T02:48:57.548+0000][195807.914s][info][gc,task     ] GC(7589) Using 6 workers of 6 for evacuation
[2025-01-09T02:48:57.584+0000][195807.950s][info][gc,phases   ] GC(7589)   Pre Evacuate Collection Set: 0.2ms
[2025-01-09T02:48:57.584+0000][195807.950s][info][gc,phases   ] GC(7589)   Merge Heap Roots: 0.7ms
[2025-01-09T02:48:57.584+0000][195807.950s][info][gc,phases   ] GC(7589)   Evacuate Collection Set: 30.1ms
[2025-01-09T02:48:57.584+0000][195807.950s][info][gc,phases   ] GC(7589)   Post Evacuate Collection Set: 5.2ms
[2025-01-09T02:48:57.584+0000][195807.950s][info][gc,phases   ] GC(7589)   Other: 0.2ms
[2025-01-09T02:48:57.584+0000][195807.950s][info][gc,heap     ] GC(7589) Eden regions: 913->0(66)
[2025-01-09T02:48:57.584+0000][195807.951s][info][gc,heap     ] GC(7589) Survivor regions: 8->10(116)
[2025-01-09T02:48:57.584+0000][195807.951s][info][gc,heap     ] GC(7589) Old regions: 229->229
[2025-01-09T02:48:57.584+0000][195807.951s][info][gc,heap     ] GC(7589) Archive regions: 2->2
[2025-01-09T02:48:57.584+0000][195807.951s][info][gc,heap     ] GC(7589) Humongous regions: 49->49
[2025-01-09T02:48:57.584+0000][195807.951s][info][gc,metaspace] GC(7589) Metaspace: 524917K(534272K)->524917K(534272K) NonClass: 460948K(465536K)->460948K(465536K) Class: 63968K(68736K)->63968K(68736K)
[2025-01-09T02:48:57.584+0000][195807.951s][info][gc          ] GC(7589) Pause Young (Prepare Mixed) (G1 Evacuation Pause) 9598M->2308M(12288M) 36.430ms
[2025-01-09T02:48:57.584+0000][195807.951s][info][gc,cpu      ] GC(7589) User=0.21s Sys=0.00s Real=0.04s
[2025-01-09T02:48:58.488+0000][195808.854s][info][gc,start    ] GC(7590) Pause Young (Mixed) (G1 Evacuation Pause)
[2025-01-09T02:48:58.488+0000][195808.854s][info][gc,task     ] GC(7590) Using 6 workers of 6 for evacuation
[2025-01-09T02:48:58.548+0000][195808.914s][info][gc,phases   ] GC(7590)   Pre Evacuate Collection Set: 0.2ms
[2025-01-09T02:48:58.548+0000][195808.914s][info][gc,phases   ] GC(7590)   Merge Heap Roots: 0.6ms
[2025-01-09T02:48:58.548+0000][195808.914s][info][gc,phases   ] GC(7590)   Evacuate Collection Set: 57.7ms
[2025-01-09T02:48:58.548+0000][195808.914s][info][gc,phases   ] GC(7590)   Post Evacuate Collection Set: 1.8ms
[2025-01-09T02:48:58.548+0000][195808.914s][info][gc,phases   ] GC(7590)   Other: 0.2ms
[2025-01-09T02:48:58.548+0000][195808.914s][info][gc,heap     ] GC(7590) Eden regions: 66->0(916)
[2025-01-09T02:48:58.548+0000][195808.914s][info][gc,heap     ] GC(7590) Survivor regions: 10->5(10)
[2025-01-09T02:48:58.548+0000][195808.914s][info][gc,heap     ] GC(7590) Old regions: 229->230
[2025-01-09T02:48:58.548+0000][195808.914s][info][gc,heap     ] GC(7590) Archive regions: 2->2
[2025-01-09T02:48:58.548+0000][195808.914s][info][gc,heap     ] GC(7590) Humongous regions: 49->49
[2025-01-09T02:48:58.548+0000][195808.914s][info][gc,metaspace] GC(7590) Metaspace: 524917K(534272K)->524917K(534272K) NonClass: 460948K(465536K)->460948K(465536K) Class: 63968K(68736K)->63968K(68736K)
[2025-01-09T02:48:58.548+0000][195808.914s][info][gc          ] GC(7590) Pause Young (Mixed) (G1 Evacuation Pause) 2836M->2275M(12288M) 60.571ms
[2025-01-09T02:48:58.548+0000][195808.914s][info][gc,cpu      ] GC(7590) User=0.36s Sys=0.00s Real=0.06s
[2025-01-09T02:49:06.708+0000][195817.074s][info][gc,start    ] GC(7591) Pause Young (Normal) (G1 Evacuation Pause)
[2025-01-09T02:49:06.708+0000][195817.074s][info][gc,task     ] GC(7591) Using 6 workers of 6 for evacuation
[2025-01-09T02:49:06.733+0000][195817.099s][info][gc,phases   ] GC(7591)   Pre Evacuate Collection Set: 0.2ms
[2025-01-09T02:49:06.733+0000][195817.099s][info][gc,phases   ] GC(7591)   Merge Heap Roots: 0.4ms
[2025-01-09T02:49:06.733+0000][195817.099s][info][gc,phases   ] GC(7591)   Evacuate Collection Set: 20.8ms
[2025-01-09T02:49:06.733+0000][195817.099s][info][gc,phases   ] GC(7591)   Post Evacuate Collection Set: 3.7ms
[2025-01-09T02:49:06.733+0000][195817.099s][info][gc,phases   ] GC(7591)   Other: 0.2ms
[2025-01-09T02:49:06.733+0000][195817.099s][info][gc,heap     ] GC(7591) Eden regions: 916->0(914)
[2025-01-09T02:49:06.733+0000][195817.099s][info][gc,heap     ] GC(7591) Survivor regions: 5->7(116)
[2025-01-09T02:49:06.733+0000][195817.099s][info][gc,heap     ] GC(7591) Old regions: 230->230
[2025-01-09T02:49:06.733+0000][195817.099s][info][gc,heap     ] GC(7591) Archive regions: 2->2
[2025-01-09T02:49:06.733+0000][195817.099s][info][gc,heap     ] GC(7591) Humongous regions: 49->49
[2025-01-09T02:49:06.733+0000][195817.099s][info][gc,metaspace] GC(7591) Metaspace: 524917K(534272K)->524917K(534272K) NonClass: 460948K(465536K)->460948K(465536K) Class: 63968K(68736K)->63968K(68736K)
[2025-01-09T02:49:06.733+0000][195817.099s][info][gc          ] GC(7591) Pause Young (Normal) (G1 Evacuation Pause) 9603M->2290M(12288M) 25.419ms
[2025-01-09T02:49:06.733+0000][195817.099s][info][gc,cpu      ] GC(7591) User=0.14s Sys=0.01s Real=0.03s
[2025-01-09T02:49:16.637+0000][195827.004s][info][gc,start    ] GC(7592) Pause Young (Normal) (G1 Evacuation Pause)
[2025-01-09T02:49:16.638+0000][195827.004s][info][gc,task     ] GC(7592) Using 6 workers of 6 for evacuation
[2025-01-09T02:49:16.665+0000][195827.031s][info][gc,phases   ] GC(7592)   Pre Evacuate Collection Set: 0.2ms
[2025-01-09T02:49:16.665+0000][195827.031s][info][gc,phases   ] GC(7592)   Merge Heap Roots: 0.4ms
[2025-01-09T02:49:16.665+0000][195827.031s][info][gc,phases   ] GC(7592)   Evacuate Collection Set: 23.7ms
[2025-01-09T02:49:16.665+0000][195827.031s][info][gc,phases   ] GC(7592)   Post Evacuate Collection Set: 2.7ms
[2025-01-09T02:49:16.665+0000][195827.031s][info][gc,phases   ] GC(7592)   Other: 0.2ms
[2025-01-09T02:49:16.665+0000][195827.031s][info][gc,heap     ] GC(7592) Eden regions: 914->0(913)
[2025-01-09T02:49:16.665+0000][195827.031s][info][gc,heap     ] GC(7592) Survivor regions: 7->8(116)
[2025-01-09T02:49:16.665+0000][195827.031s][info][gc,heap     ] GC(7592) Old regions: 230->230
[2025-01-09T02:49:16.665+0000][195827.031s][info][gc,heap     ] GC(7592) Archive regions: 2->2
[2025-01-09T02:49:16.665+0000][195827.031s][info][gc,heap     ] GC(7592) Humongous regions: 49->49
[2025-01-09T02:49:16.665+0000][195827.031s][info][gc,metaspace] GC(7592) Metaspace: 524917K(534272K)->524917K(534272K) NonClass: 460948K(465536K)->460948K(465536K) Class: 63968K(68736K)->63968K(68736K)
[2025-01-09T02:49:16.665+0000][195827.031s][info][gc          ] GC(7592) Pause Young (Normal) (G1 Evacuation Pause) 9602M->2300M(12288M) 27.310ms
[2025-01-09T02:49:16.665+0000][195827.031s][info][gc,cpu      ] GC(7592) User=0.16s Sys=0.00s Real=0.03s
[2025-01-09T02:49:24.463+0000][195834.830s][info][gc,start    ] GC(7593) Pause Young (Concurrent Start) (G1 Evacuation Pause)
[2025-01-09T02:49:24.464+0000][195834.830s][info][gc,task     ] GC(7593) Using 6 workers of 6 for evacuation
[2025-01-09T02:49:24.495+0000][195834.861s][info][gc,phases   ] GC(7593)   Pre Evacuate Collection Set: 1.1ms
[2025-01-09T02:49:24.495+0000][195834.861s][info][gc,phases   ] GC(7593)   Merge Heap Roots: 0.4ms
[2025-01-09T02:49:24.495+0000][195834.861s][info][gc,phases   ] GC(7593)   Evacuate Collection Set: 26.9ms
[2025-01-09T02:49:24.495+0000][195834.861s][info][gc,phases   ] GC(7593)   Post Evacuate Collection Set: 2.6ms
[2025-01-09T02:49:24.495+0000][195834.861s][info][gc,phases   ] GC(7593)   Other: 0.3ms
[2025-01-09T02:49:24.495+0000][195834.861s][info][gc,heap     ] GC(7593) Eden regions: 913->0(912)
[2025-01-09T02:49:24.495+0000][195834.861s][info][gc,heap     ] GC(7593) Survivor regions: 8->9(116)
[2025-01-09T02:49:24.495+0000][195834.861s][info][gc,heap     ] GC(7593) Old regions: 230->230
[2025-01-09T02:49:24.495+0000][195834.861s][info][gc,heap     ] GC(7593) Archive regions: 2->2
[2025-01-09T02:49:24.495+0000][195834.861s][info][gc,heap     ] GC(7593) Humongous regions: 49->49
[2025-01-09T02:49:24.495+0000][195834.861s][info][gc,metaspace] GC(7593) Metaspace: 524917K(534272K)->524917K(534272K) NonClass: 460948K(465536K)->460948K(465536K) Class: 63968K(68736K)->63968K(68736K)
[2025-01-09T02:49:24.495+0000][195834.861s][info][gc          ] GC(7593) Pause Young (Concurrent Start) (G1 Evacuation Pause) 9604M->2310M(12288M) 31.527ms
[2025-01-09T02:49:24.495+0000][195834.861s][info][gc,cpu      ] GC(7593) User=0.18s Sys=0.00s Real=0.03s
[2025-01-09T02:49:24.495+0000][195834.861s][info][gc          ] GC(7594) Concurrent Mark Cycle
[2025-01-09T02:49:24.495+0000][195834.861s][info][gc,marking  ] GC(7594) Concurrent Clear Claimed Marks
[2025-01-09T02:49:24.496+0000][195834.862s][info][gc,marking  ] GC(7594) Concurrent Clear Claimed Marks 1.027ms
[2025-01-09T02:49:24.496+0000][195834.862s][info][gc,marking  ] GC(7594) Concurrent Scan Root Regions
[2025-01-09T02:49:24.519+0000][195834.885s][info][gc,marking  ] GC(7594) Concurrent Scan Root Regions 22.577ms
[2025-01-09T02:49:24.519+0000][195834.885s][info][gc,marking  ] GC(7594) Concurrent Mark
[2025-01-09T02:49:24.519+0000][195834.885s][info][gc,marking  ] GC(7594) Concurrent Mark From Roots
[2025-01-09T02:49:24.519+0000][195834.885s][info][gc,task     ] GC(7594) Using 2 workers of 2 for marking
[2025-01-09T02:49:25.376+0000][195835.742s][info][gc,marking  ] GC(7594) Concurrent Mark From Roots 857.164ms
[2025-01-09T02:49:25.376+0000][195835.742s][info][gc,marking  ] GC(7594) Concurrent Preclean
[2025-01-09T02:49:25.379+0000][195835.745s][info][gc,marking  ] GC(7594) Concurrent Preclean 2.704ms
[2025-01-09T02:49:25.379+0000][195835.745s][info][gc,start    ] GC(7594) Pause Remark
[2025-01-09T02:49:25.404+0000][195835.770s][info][gc          ] GC(7594) Pause Remark 3038M->3038M(12288M) 25.469ms
[2025-01-09T02:49:25.404+0000][195835.770s][info][gc,cpu      ] GC(7594) User=0.15s Sys=0.00s Real=0.03s
[2025-01-09T02:49:25.404+0000][195835.771s][info][gc,marking  ] GC(7594) Concurrent Mark 885.673ms
[2025-01-09T02:49:25.404+0000][195835.771s][info][gc,marking  ] GC(7594) Concurrent Rebuild Remembered Sets
[2025-01-09T02:49:26.005+0000][195836.371s][info][gc,marking  ] GC(7594) Concurrent Rebuild Remembered Sets 600.050ms
[2025-01-09T02:49:26.005+0000][195836.371s][info][gc,start    ] GC(7594) Pause Cleanup
[2025-01-09T02:49:26.005+0000][195836.371s][info][gc          ] GC(7594) Pause Cleanup 3826M->3826M(12288M) 0.411ms
[2025-01-09T02:49:26.005+0000][195836.371s][info][gc,cpu      ] GC(7594) User=0.00s Sys=0.00s Real=0.00s
[2025-01-09T02:49:26.005+0000][195836.371s][info][gc,marking  ] GC(7594) Concurrent Cleanup for Next Mark
[2025-01-09T02:49:26.020+0000][195836.387s][info][gc,marking  ] GC(7594) Concurrent Cleanup for Next Mark 15.257ms
[2025-01-09T02:49:26.021+0000][195836.387s][info][gc          ] GC(7594) Concurrent Mark Cycle 1525.430ms
[2025-01-09T02:49:32.516+0000][195842.882s][info][gc,start    ] GC(7595) Pause Young (Prepare Mixed) (G1 Evacuation Pause)
[2025-01-09T02:49:32.516+0000][195842.882s][info][gc,task     ] GC(7595) Using 6 workers of 6 for evacuation
[2025-01-09T02:49:32.551+0000][195842.917s][info][gc,phases   ] GC(7595)   Pre Evacuate Collection Set: 0.2ms
[2025-01-09T02:49:32.551+0000][195842.917s][info][gc,phases   ] GC(7595)   Merge Heap Roots: 0.7ms
[2025-01-09T02:49:32.551+0000][195842.917s][info][gc,phases   ] GC(7595)   Evacuate Collection Set: 30.8ms
[2025-01-09T02:49:32.551+0000][195842.917s][info][gc,phases   ] GC(7595)   Post Evacuate Collection Set: 2.7ms
[2025-01-09T02:49:32.551+0000][195842.917s][info][gc,phases   ] GC(7595)   Other: 0.2ms
[2025-01-09T02:49:32.551+0000][195842.917s][info][gc,heap     ] GC(7595) Eden regions: 912->0(66)
[2025-01-09T02:49:32.551+0000][195842.917s][info][gc,heap     ] GC(7595) Survivor regions: 9->10(116)
[2025-01-09T02:49:32.551+0000][195842.917s][info][gc,heap     ] GC(7595) Old regions: 230->230
[2025-01-09T02:49:32.551+0000][195842.917s][info][gc,heap     ] GC(7595) Archive regions: 2->2
[2025-01-09T02:49:32.551+0000][195842.917s][info][gc,heap     ] GC(7595) Humongous regions: 49->49
[2025-01-09T02:49:32.551+0000][195842.917s][info][gc,metaspace] GC(7595) Metaspace: 524917K(534272K)->524917K(534272K) NonClass: 460948K(465536K)->460948K(465536K) Class: 63968K(68736K)->63968K(68736K)
[2025-01-09T02:49:32.551+0000][195842.917s][info][gc          ] GC(7595) Pause Young (Prepare Mixed) (G1 Evacuation Pause) 9606M->2318M(12288M) 34.695ms
[2025-01-09T02:49:32.551+0000][195842.917s][info][gc,cpu      ] GC(7595) User=0.20s Sys=0.01s Real=0.04s
[2025-01-09T02:49:33.116+0000][195843.482s][info][gc,start    ] GC(7596) Pause Young (Mixed) (G1 Evacuation Pause)
[2025-01-09T02:49:33.116+0000][195843.482s][info][gc,task     ] GC(7596) Using 6 workers of 6 for evacuation
[2025-01-09T02:49:33.162+0000][195843.528s][info][gc,phases   ] GC(7596)   Pre Evacuate Collection Set: 0.2ms
[2025-01-09T02:49:33.162+0000][195843.528s][info][gc,phases   ] GC(7596)   Merge Heap Roots: 0.5ms
[2025-01-09T02:49:33.162+0000][195843.528s][info][gc,phases   ] GC(7596)   Evacuate Collection Set: 43.6ms
[2025-01-09T02:49:33.162+0000][195843.528s][info][gc,phases   ] GC(7596)   Post Evacuate Collection Set: 1.6ms
[2025-01-09T02:49:33.162+0000][195843.528s][info][gc,phases   ] GC(7596)   Other: 0.2ms
[2025-01-09T02:49:33.162+0000][195843.528s][info][gc,heap     ] GC(7596) Eden regions: 66->0(916)
[2025-01-09T02:49:33.162+0000][195843.528s][info][gc,heap     ] GC(7596) Survivor regions: 10->5(10)
[2025-01-09T02:49:33.162+0000][195843.528s][info][gc,heap     ] GC(7596) Old regions: 230->231
[2025-01-09T02:49:33.162+0000][195843.528s][info][gc,heap     ] GC(7596) Archive regions: 2->2
[2025-01-09T02:49:33.162+0000][195843.528s][info][gc,heap     ] GC(7596) Humongous regions: 49->49
[2025-01-09T02:49:33.162+0000][195843.528s][info][gc,metaspace] GC(7596) Metaspace: 524917K(534272K)->524917K(534272K) NonClass: 460948K(465536K)->460948K(465536K) Class: 63968K(68736K)->63968K(68736K)
[2025-01-09T02:49:33.162+0000][195843.529s][info][gc          ] GC(7596) Pause Young (Mixed) (G1 Evacuation Pause) 2846M->2280M(12288M) 46.184ms
[2025-01-09T02:49:33.162+0000][195843.529s][info][gc,cpu      ] GC(7596) User=0.27s Sys=0.00s Real=0.05s
[2025-01-09T02:49:43.448+0000][195853.814s][info][gc,start    ] GC(7597) Pause Young (Normal) (G1 Evacuation Pause)
[2025-01-09T02:49:43.448+0000][195853.814s][info][gc,task     ] GC(7597) Using 6 workers of 6 for evacuation
[2025-01-09T02:49:43.476+0000][195853.843s][info][gc,phases   ] GC(7597)   Pre Evacuate Collection Set: 0.2ms
[2025-01-09T02:49:43.476+0000][195853.843s][info][gc,phases   ] GC(7597)   Merge Heap Roots: 0.4ms
[2025-01-09T02:49:43.476+0000][195853.843s][info][gc,phases   ] GC(7597)   Evacuate Collection Set: 25.3ms
[2025-01-09T02:49:43.476+0000][195853.843s][info][gc,phases   ] GC(7597)   Post Evacuate Collection Set: 2.5ms
[2025-01-09T02:49:43.476+0000][195853.843s][info][gc,phases   ] GC(7597)   Other: 0.2ms
[2025-01-09T02:49:43.477+0000][195853.843s][info][gc,heap     ] GC(7597) Eden regions: 916->0(914)
[2025-01-09T02:49:43.477+0000][195853.843s][info][gc,heap     ] GC(7597) Survivor regions: 5->7(116)
[2025-01-09T02:49:43.477+0000][195853.843s][info][gc,heap     ] GC(7597) Old regions: 231->231
[2025-01-09T02:49:43.477+0000][195853.843s][info][gc,heap     ] GC(7597) Archive regions: 2->2
[2025-01-09T02:49:43.477+0000][195853.843s][info][gc,heap     ] GC(7597) Humongous regions: 49->49
[2025-01-09T02:49:43.477+0000][195853.843s][info][gc,metaspace] GC(7597) Metaspace: 524917K(534272K)->524917K(534272K) NonClass: 460948K(465536K)->460948K(465536K) Class: 63968K(68736K)->63968K(68736K)
[2025-01-09T02:49:43.477+0000][195853.843s][info][gc          ] GC(7597) Pause Young (Normal) (G1 Evacuation Pause) 9608M->2295M(12288M) 28.670ms
[2025-01-09T02:49:43.477+0000][195853.843s][info][gc,cpu      ] GC(7597) User=0.16s Sys=0.00s Real=0.03s
[2025-01-09T02:49:52.480+0000][195862.846s][info][gc,start    ] GC(7598) Pause Young (Normal) (G1 Evacuation Pause)
[2025-01-09T02:49:52.480+0000][195862.846s][info][gc,task     ] GC(7598) Using 6 workers of 6 for evacuation
[2025-01-09T02:49:52.510+0000][195862.876s][info][gc,phases   ] GC(7598)   Pre Evacuate Collection Set: 0.2ms
[2025-01-09T02:49:52.510+0000][195862.877s][info][gc,phases   ] GC(7598)   Merge Heap Roots: 0.4ms
[2025-01-09T02:49:52.510+0000][195862.877s][info][gc,phases   ] GC(7598)   Evacuate Collection Set: 24.7ms
[2025-01-09T02:49:52.510+0000][195862.877s][info][gc,phases   ] GC(7598)   Post Evacuate Collection Set: 5.3ms
[2025-01-09T02:49:52.510+0000][195862.877s][info][gc,phases   ] GC(7598)   Other: 0.2ms
[2025-01-09T02:49:52.510+0000][195862.877s][info][gc,heap     ] GC(7598) Eden regions: 914->0(912)
[2025-01-09T02:49:52.510+0000][195862.877s][info][gc,heap     ] GC(7598) Survivor regions: 7->9(116)
[2025-01-09T02:49:52.510+0000][195862.877s][info][gc,heap     ] GC(7598) Old regions: 231->231
[2025-01-09T02:49:52.510+0000][195862.877s][info][gc,heap     ] GC(7598) Archive regions: 2->2
[2025-01-09T02:49:52.510+0000][195862.877s][info][gc,heap     ] GC(7598) Humongous regions: 49->49
[2025-01-09T02:49:52.510+0000][195862.877s][info][gc,metaspace] GC(7598) Metaspace: 524917K(534272K)->524917K(534272K) NonClass: 460948K(465536K)->460948K(465536K) Class: 63968K(68736K)->63968K(68736K)
[2025-01-09T02:49:52.510+0000][195862.877s][info][gc          ] GC(7598) Pause Young (Normal) (G1 Evacuation Pause) 9607M->2309M(12288M) 30.941ms
[2025-01-09T02:49:52.511+0000][195862.877s][info][gc,cpu      ] GC(7598) User=0.18s Sys=0.00s Real=0.04s
[2025-01-09T02:50:01.025+0000][195871.391s][info][gc,start    ] GC(7599) Pause Young (Concurrent Start) (G1 Evacuation Pause)
[2025-01-09T02:50:01.025+0000][195871.391s][info][gc,task     ] GC(7599) Using 6 workers of 6 for evacuation
[2025-01-09T02:50:01.065+0000][195871.432s][info][gc,phases   ] GC(7599)   Pre Evacuate Collection Set: 1.1ms
[2025-01-09T02:50:01.065+0000][195871.432s][info][gc,phases   ] GC(7599)   Merge Heap Roots: 0.5ms
[2025-01-09T02:50:01.065+0000][195871.432s][info][gc,phases   ] GC(7599)   Evacuate Collection Set: 35.0ms
[2025-01-09T02:50:01.065+0000][195871.432s][info][gc,phases   ] GC(7599)   Post Evacuate Collection Set: 3.9ms
[2025-01-09T02:50:01.066+0000][195871.432s][info][gc,phases   ] GC(7599)   Other: 0.3ms
[2025-01-09T02:50:01.066+0000][195871.432s][info][gc,heap     ] GC(7599) Eden regions: 912->0(911)
[2025-01-09T02:50:01.066+0000][195871.432s][info][gc,heap     ] GC(7599) Survivor regions: 9->10(116)
[2025-01-09T02:50:01.066+0000][195871.432s][info][gc,heap     ] GC(7599) Old regions: 231->231
[2025-01-09T02:50:01.066+0000][195871.432s][info][gc,heap     ] GC(7599) Archive regions: 2->2
[2025-01-09T02:50:01.066+0000][195871.432s][info][gc,heap     ] GC(7599) Humongous regions: 49->49
[2025-01-09T02:50:01.066+0000][195871.432s][info][gc,metaspace] GC(7599) Metaspace: 524917K(534272K)->524917K(534272K) NonClass: 460948K(465536K)->460948K(465536K) Class: 63968K(68736K)->63968K(68736K)
[2025-01-09T02:50:01.066+0000][195871.432s][info][gc          ] GC(7599) Pause Young (Concurrent Start) (G1 Evacuation Pause) 9605M->2320M(12288M) 40.901ms
[2025-01-09T02:50:01.066+0000][195871.432s][info][gc,cpu      ] GC(7599) User=0.23s Sys=0.00s Real=0.04s
[2025-01-09T02:50:01.066+0000][195871.432s][info][gc          ] GC(7600) Concurrent Mark Cycle
[2025-01-09T02:50:01.066+0000][195871.432s][info][gc,marking  ] GC(7600) Concurrent Clear Claimed Marks
[2025-01-09T02:50:01.067+0000][195871.433s][info][gc,marking  ] GC(7600) Concurrent Clear Claimed Marks 0.986ms
[2025-01-09T02:50:01.067+0000][195871.433s][info][gc,marking  ] GC(7600) Concurrent Scan Root Regions
[2025-01-09T02:50:01.099+0000][195871.465s][info][gc,marking  ] GC(7600) Concurrent Scan Root Regions 32.393ms
[2025-01-09T02:50:01.099+0000][195871.465s][info][gc,marking  ] GC(7600) Concurrent Mark
[2025-01-09T02:50:01.099+0000][195871.465s][info][gc,marking  ] GC(7600) Concurrent Mark From Roots
[2025-01-09T02:50:01.099+0000][195871.465s][info][gc,task     ] GC(7600) Using 2 workers of 2 for marking
[2025-01-09T02:50:02.036+0000][195872.402s][info][gc,marking  ] GC(7600) Concurrent Mark From Roots 936.504ms
[2025-01-09T02:50:02.036+0000][195872.402s][info][gc,marking  ] GC(7600) Concurrent Preclean
[2025-01-09T02:50:02.038+0000][195872.404s][info][gc,marking  ] GC(7600) Concurrent Preclean 2.597ms
[2025-01-09T02:50:02.038+0000][195872.404s][info][gc,start    ] GC(7600) Pause Remark
[2025-01-09T02:50:02.064+0000][195872.430s][info][gc          ] GC(7600) Pause Remark 3185M->3185M(12288M) 25.542ms
[2025-01-09T02:50:02.064+0000][195872.430s][info][gc,cpu      ] GC(7600) User=0.14s Sys=0.00s Real=0.03s
[2025-01-09T02:50:02.064+0000][195872.430s][info][gc,marking  ] GC(7600) Concurrent Mark 964.969ms
[2025-01-09T02:50:02.064+0000][195872.430s][info][gc,marking  ] GC(7600) Concurrent Rebuild Remembered Sets
[2025-01-09T02:50:02.572+0000][195872.939s][info][gc,marking  ] GC(7600) Concurrent Rebuild Remembered Sets 508.362ms
[2025-01-09T02:50:02.573+0000][195872.939s][info][gc,start    ] GC(7600) Pause Cleanup
[2025-01-09T02:50:02.573+0000][195872.939s][info][gc          ] GC(7600) Pause Cleanup 3209M->3209M(12288M) 0.397ms
[2025-01-09T02:50:02.573+0000][195872.939s][info][gc,cpu      ] GC(7600) User=0.00s Sys=0.00s Real=0.00s
[2025-01-09T02:50:02.573+0000][195872.939s][info][gc,marking  ] GC(7600) Concurrent Cleanup for Next Mark
[2025-01-09T02:50:02.588+0000][195872.954s][info][gc,marking  ] GC(7600) Concurrent Cleanup for Next Mark 15.264ms
[2025-01-09T02:50:02.588+0000][195872.954s][info][gc          ] GC(7600) Concurrent Mark Cycle 1522.748ms
[2025-01-09T02:50:13.780+0000][195884.146s][info][gc,start    ] GC(7601) Pause Young (Prepare Mixed) (G1 Evacuation Pause)
[2025-01-09T02:50:13.780+0000][195884.146s][info][gc,task     ] GC(7601) Using 6 workers of 6 for evacuation
[2025-01-09T02:50:13.823+0000][195884.189s][info][gc,phases   ] GC(7601)   Pre Evacuate Collection Set: 0.2ms
[2025-01-09T02:50:13.823+0000][195884.189s][info][gc,phases   ] GC(7601)   Merge Heap Roots: 0.7ms
[2025-01-09T02:50:13.823+0000][195884.189s][info][gc,phases   ] GC(7601)   Evacuate Collection Set: 39.4ms
[2025-01-09T02:50:13.823+0000][195884.189s][info][gc,phases   ] GC(7601)   Post Evacuate Collection Set: 2.9ms
[2025-01-09T02:50:13.823+0000][195884.189s][info][gc,phases   ] GC(7601)   Other: 0.2ms
[2025-01-09T02:50:13.823+0000][195884.189s][info][gc,heap     ] GC(7601) Eden regions: 911->0(64)
[2025-01-09T02:50:13.823+0000][195884.189s][info][gc,heap     ] GC(7601) Survivor regions: 10->12(116)
[2025-01-09T02:50:13.823+0000][195884.189s][info][gc,heap     ] GC(7601) Old regions: 231->231
[2025-01-09T02:50:13.823+0000][195884.189s][info][gc,heap     ] GC(7601) Archive regions: 2->2
[2025-01-09T02:50:13.823+0000][195884.189s][info][gc,heap     ] GC(7601) Humongous regions: 49->49
[2025-01-09T02:50:13.823+0000][195884.189s][info][gc,metaspace] GC(7601) Metaspace: 524917K(534272K)->524917K(534272K) NonClass: 460948K(465536K)->460948K(465536K) Class: 63968K(68736K)->63968K(68736K)
[2025-01-09T02:50:13.823+0000][195884.189s][info][gc          ] GC(7601) Pause Young (Prepare Mixed) (G1 Evacuation Pause) 9608M->2335M(12288M) 43.454ms
[2025-01-09T02:50:13.823+0000][195884.189s][info][gc,cpu      ] GC(7601) User=0.25s Sys=0.00s Real=0.05s
[2025-01-09T02:50:15.199+0000][195885.565s][info][gc,start    ] GC(7602) Pause Young (Mixed) (G1 Evacuation Pause)
[2025-01-09T02:50:15.199+0000][195885.565s][info][gc,task     ] GC(7602) Using 6 workers of 6 for evacuation
[2025-01-09T02:50:15.273+0000][195885.639s][info][gc,phases   ] GC(7602)   Pre Evacuate Collection Set: 0.2ms
[2025-01-09T02:50:15.273+0000][195885.639s][info][gc,phases   ] GC(7602)   Merge Heap Roots: 0.7ms
[2025-01-09T02:50:15.273+0000][195885.639s][info][gc,phases   ] GC(7602)   Evacuate Collection Set: 71.1ms
[2025-01-09T02:50:15.273+0000][195885.639s][info][gc,phases   ] GC(7602)   Post Evacuate Collection Set: 1.8ms
[2025-01-09T02:50:15.273+0000][195885.639s][info][gc,phases   ] GC(7602)   Other: 0.2ms
[2025-01-09T02:50:15.273+0000][195885.639s][info][gc,heap     ] GC(7602) Eden regions: 64->0(916)
[2025-01-09T02:50:15.273+0000][195885.639s][info][gc,heap     ] GC(7602) Survivor regions: 12->5(10)
[2025-01-09T02:50:15.273+0000][195885.639s][info][gc,heap     ] GC(7602) Old regions: 231->234
[2025-01-09T02:50:15.273+0000][195885.639s][info][gc,heap     ] GC(7602) Archive regions: 2->2
[2025-01-09T02:50:15.273+0000][195885.639s][info][gc,heap     ] GC(7602) Humongous regions: 49->49
[2025-01-09T02:50:15.273+0000][195885.639s][info][gc,metaspace] GC(7602) Metaspace: 524917K(534272K)->524917K(534272K) NonClass: 460948K(465536K)->460948K(465536K) Class: 63968K(68736K)->63968K(68736K)
[2025-01-09T02:50:15.273+0000][195885.639s][info][gc          ] GC(7602) Pause Young (Mixed) (G1 Evacuation Pause) 2847M->2297M(12288M) 74.019ms
[2025-01-09T02:50:15.273+0000][195885.640s][info][gc,cpu      ] GC(7602) User=0.44s Sys=0.00s Real=0.08s
[2025-01-09T02:50:26.310+0000][195896.676s][info][gc,start    ] GC(7603) Pause Young (Normal) (G1 Evacuation Pause)
[2025-01-09T02:50:26.310+0000][195896.676s][info][gc,task     ] GC(7603) Using 6 workers of 6 for evacuation
[2025-01-09T02:50:26.339+0000][195896.705s][info][gc,phases   ] GC(7603)   Pre Evacuate Collection Set: 0.2ms
[2025-01-09T02:50:26.339+0000][195896.705s][info][gc,phases   ] GC(7603)   Merge Heap Roots: 0.4ms
[2025-01-09T02:50:26.339+0000][195896.705s][info][gc,phases   ] GC(7603)   Evacuate Collection Set: 25.4ms
[2025-01-09T02:50:26.339+0000][195896.705s][info][gc,phases   ] GC(7603)   Post Evacuate Collection Set: 2.6ms
[2025-01-09T02:50:26.339+0000][195896.705s][info][gc,phases   ] GC(7603)   Other: 0.2ms
[2025-01-09T02:50:26.339+0000][195896.705s][info][gc,heap     ] GC(7603) Eden regions: 916->0(915)
[2025-01-09T02:50:26.339+0000][195896.705s][info][gc,heap     ] GC(7603) Survivor regions: 5->6(116)
[2025-01-09T02:50:26.339+0000][195896.705s][info][gc,heap     ] GC(7603) Old regions: 234->234
[2025-01-09T02:50:26.339+0000][195896.705s][info][gc,heap     ] GC(7603) Archive regions: 2->2
[2025-01-09T02:50:26.339+0000][195896.705s][info][gc,heap     ] GC(7603) Humongous regions: 49->49
[2025-01-09T02:50:26.339+0000][195896.705s][info][gc,metaspace] GC(7603) Metaspace: 524917K(534272K)->524917K(534272K) NonClass: 460948K(465536K)->460948K(465536K) Class: 63968K(68736K)->63968K(68736K)
[2025-01-09T02:50:26.339+0000][195896.705s][info][gc          ] GC(7603) Pause Young (Normal) (G1 Evacuation Pause) 9625M->2306M(12288M) 28.979ms
[2025-01-09T02:50:26.339+0000][195896.705s][info][gc,cpu      ] GC(7603) User=0.17s Sys=0.00s Real=0.02s
[2025-01-09T02:50:35.028+0000][195905.394s][info][gc,start    ] GC(7604) Pause Young (Normal) (G1 Evacuation Pause)
[2025-01-09T02:50:35.028+0000][195905.394s][info][gc,task     ] GC(7604) Using 6 workers of 6 for evacuation
[2025-01-09T02:50:35.056+0000][195905.422s][info][gc,phases   ] GC(7604)   Pre Evacuate Collection Set: 0.2ms
[2025-01-09T02:50:35.056+0000][195905.422s][info][gc,phases   ] GC(7604)   Merge Heap Roots: 0.4ms
[2025-01-09T02:50:35.056+0000][195905.422s][info][gc,phases   ] GC(7604)   Evacuate Collection Set: 24.0ms
[2025-01-09T02:50:35.056+0000][195905.422s][info][gc,phases   ] GC(7604)   Post Evacuate Collection Set: 2.5ms
[2025-01-09T02:50:35.056+0000][195905.422s][info][gc,phases   ] GC(7604)   Other: 0.2ms
[2025-01-09T02:50:35.056+0000][195905.422s][info][gc,heap     ] GC(7604) Eden regions: 915->0(914)
[2025-01-09T02:50:35.056+0000][195905.422s][info][gc,heap     ] GC(7604) Survivor regions: 6->7(116)
[2025-01-09T02:50:35.056+0000][195905.422s][info][gc,heap     ] GC(7604) Old regions: 234->234
[2025-01-09T02:50:35.056+0000][195905.422s][info][gc,heap     ] GC(7604) Archive regions: 2->2
[2025-01-09T02:50:35.056+0000][195905.422s][info][gc,heap     ] GC(7604) Humongous regions: 49->49
[2025-01-09T02:50:35.056+0000][195905.422s][info][gc,metaspace] GC(7604) Metaspace: 524917K(534272K)->524917K(534272K) NonClass: 460948K(465536K)->460948K(465536K) Class: 63968K(68736K)->63968K(68736K)
[2025-01-09T02:50:35.056+0000][195905.422s][info][gc          ] GC(7604) Pause Young (Normal) (G1 Evacuation Pause) 9626M->2317M(12288M) 27.456ms
[2025-01-09T02:50:35.056+0000][195905.422s][info][gc,cpu      ] GC(7604) User=0.16s Sys=0.00s Real=0.03s
[2025-01-09T02:50:40.850+0000][195911.216s][info][gc,start    ] GC(7605) Pause Young (Concurrent Start) (G1 Evacuation Pause)
[2025-01-09T02:50:40.850+0000][195911.216s][info][gc,task     ] GC(7605) Using 6 workers of 6 for evacuation
[2025-01-09T02:50:40.891+0000][195911.257s][info][gc,phases   ] GC(7605)   Pre Evacuate Collection Set: 1.1ms
[2025-01-09T02:50:40.891+0000][195911.257s][info][gc,phases   ] GC(7605)   Merge Heap Roots: 0.4ms
[2025-01-09T02:50:40.891+0000][195911.257s][info][gc,phases   ] GC(7605)   Evacuate Collection Set: 34.9ms
[2025-01-09T02:50:40.891+0000][195911.257s][info][gc,phases   ] GC(7605)   Post Evacuate Collection Set: 4.4ms
[2025-01-09T02:50:40.891+0000][195911.257s][info][gc,phases   ] GC(7605)   Other: 0.3ms
[2025-01-09T02:50:40.891+0000][195911.257s][info][gc,heap     ] GC(7605) Eden regions: 914->0(912)
[2025-01-09T02:50:40.891+0000][195911.257s][info][gc,heap     ] GC(7605) Survivor regions: 7->9(116)
[2025-01-09T02:50:40.891+0000][195911.257s][info][gc,heap     ] GC(7605) Old regions: 234->234
[2025-01-09T02:50:40.891+0000][195911.257s][info][gc,heap     ] GC(7605) Archive regions: 2->2
[2025-01-09T02:50:40.891+0000][195911.257s][info][gc,heap     ] GC(7605) Humongous regions: 49->49
[2025-01-09T02:50:40.891+0000][195911.257s][info][gc,metaspace] GC(7605) Metaspace: 524917K(534272K)->524917K(534272K) NonClass: 460948K(465536K)->460948K(465536K) Class: 63968K(68736K)->63968K(68736K)
[2025-01-09T02:50:40.891+0000][195911.258s][info][gc          ] GC(7605) Pause Young (Concurrent Start) (G1 Evacuation Pause) 9629M->2334M(12288M) 41.218ms
[2025-01-09T02:50:40.891+0000][195911.258s][info][gc,cpu      ] GC(7605) User=0.24s Sys=0.00s Real=0.04s
[2025-01-09T02:50:40.892+0000][195911.258s][info][gc          ] GC(7606) Concurrent Mark Cycle
[2025-01-09T02:50:40.892+0000][195911.258s][info][gc,marking  ] GC(7606) Concurrent Clear Claimed Marks
[2025-01-09T02:50:40.892+0000][195911.259s][info][gc,marking  ] GC(7606) Concurrent Clear Claimed Marks 0.956ms
[2025-01-09T02:50:40.893+0000][195911.259s][info][gc,marking  ] GC(7606) Concurrent Scan Root Regions
[2025-01-09T02:50:40.932+0000][195911.298s][info][gc,marking  ] GC(7606) Concurrent Scan Root Regions 39.548ms
[2025-01-09T02:50:40.932+0000][195911.298s][info][gc,marking  ] GC(7606) Concurrent Mark
[2025-01-09T02:50:40.932+0000][195911.298s][info][gc,marking  ] GC(7606) Concurrent Mark From Roots
[2025-01-09T02:50:40.932+0000][195911.298s][info][gc,task     ] GC(7606) Using 2 workers of 2 for marking
[2025-01-09T02:50:41.796+0000][195912.162s][info][gc,marking  ] GC(7606) Concurrent Mark From Roots 864.220ms
[2025-01-09T02:50:41.796+0000][195912.162s][info][gc,marking  ] GC(7606) Concurrent Preclean
[2025-01-09T02:50:41.799+0000][195912.165s][info][gc,marking  ] GC(7606) Concurrent Preclean 2.746ms
[2025-01-09T02:50:41.799+0000][195912.165s][info][gc,start    ] GC(7606) Pause Remark
[2025-01-09T02:50:41.827+0000][195912.193s][info][gc          ] GC(7606) Pause Remark 3274M->3274M(12288M) 27.624ms
[2025-01-09T02:50:41.827+0000][195912.193s][info][gc,cpu      ] GC(7606) User=0.16s Sys=0.00s Real=0.03s
[2025-01-09T02:50:41.827+0000][195912.193s][info][gc,marking  ] GC(7606) Concurrent Mark 894.887ms
[2025-01-09T02:50:41.827+0000][195912.193s][info][gc,marking  ] GC(7606) Concurrent Rebuild Remembered Sets
[2025-01-09T02:50:42.346+0000][195912.713s][info][gc,marking  ] GC(7606) Concurrent Rebuild Remembered Sets 519.400ms
[2025-01-09T02:50:42.347+0000][195912.713s][info][gc,start    ] GC(7606) Pause Cleanup
[2025-01-09T02:50:42.347+0000][195912.713s][info][gc          ] GC(7606) Pause Cleanup 3647M->3647M(12288M) 0.407ms
[2025-01-09T02:50:42.347+0000][195912.713s][info][gc,cpu      ] GC(7606) User=0.00s Sys=0.00s Real=0.00s
[2025-01-09T02:50:42.347+0000][195912.713s][info][gc,marking  ] GC(7606) Concurrent Cleanup for Next Mark
[2025-01-09T02:50:42.363+0000][195912.729s][info][gc,marking  ] GC(7606) Concurrent Cleanup for Next Mark 15.914ms
[2025-01-09T02:50:42.363+0000][195912.729s][info][gc          ] GC(7606) Concurrent Mark Cycle 1471.504ms
[2025-01-09T02:50:51.179+0000][195921.545s][info][gc,start    ] GC(7607) Pause Young (Prepare Mixed) (G1 Evacuation Pause)
[2025-01-09T02:50:51.179+0000][195921.545s][info][gc,task     ] GC(7607) Using 6 workers of 6 for evacuation
[2025-01-09T02:50:51.215+0000][195921.581s][info][gc,phases   ] GC(7607)   Pre Evacuate Collection Set: 0.2ms
[2025-01-09T02:50:51.215+0000][195921.581s][info][gc,phases   ] GC(7607)   Merge Heap Roots: 0.7ms
[2025-01-09T02:50:51.215+0000][195921.581s][info][gc,phases   ] GC(7607)   Evacuate Collection Set: 31.2ms
[2025-01-09T02:50:51.215+0000][195921.581s][info][gc,phases   ] GC(7607)   Post Evacuate Collection Set: 4.2ms
[2025-01-09T02:50:51.215+0000][195921.581s][info][gc,phases   ] GC(7607)   Other: 0.2ms
[2025-01-09T02:50:51.215+0000][195921.581s][info][gc,heap     ] GC(7607) Eden regions: 912->0(66)
[2025-01-09T02:50:51.215+0000][195921.581s][info][gc,heap     ] GC(7607) Survivor regions: 9->10(116)
[2025-01-09T02:50:51.215+0000][195921.581s][info][gc,heap     ] GC(7607) Old regions: 234->234
[2025-01-09T02:50:51.215+0000][195921.581s][info][gc,heap     ] GC(7607) Archive regions: 2->2
[2025-01-09T02:50:51.215+0000][195921.581s][info][gc,heap     ] GC(7607) Humongous regions: 49->49
[2025-01-09T02:50:51.215+0000][195921.581s][info][gc,metaspace] GC(7607) Metaspace: 524917K(534272K)->524917K(534272K) NonClass: 460948K(465536K)->460948K(465536K) Class: 63968K(68736K)->63968K(68736K)
[2025-01-09T02:50:51.215+0000][195921.581s][info][gc          ] GC(7607) Pause Young (Prepare Mixed) (G1 Evacuation Pause) 9630M->2337M(12288M) 36.544ms
[2025-01-09T02:50:51.215+0000][195921.581s][info][gc,cpu      ] GC(7607) User=0.22s Sys=0.00s Real=0.04s
[2025-01-09T02:50:51.586+0000][195921.953s][info][gc,start    ] GC(7608) Pause Young (Mixed) (G1 Evacuation Pause)
[2025-01-09T02:50:51.586+0000][195921.953s][info][gc,task     ] GC(7608) Using 6 workers of 6 for evacuation
[2025-01-09T02:50:51.646+0000][195922.012s][info][gc,phases   ] GC(7608)   Pre Evacuate Collection Set: 0.2ms
[2025-01-09T02:50:51.646+0000][195922.012s][info][gc,phases   ] GC(7608)   Merge Heap Roots: 0.6ms
[2025-01-09T02:50:51.646+0000][195922.012s][info][gc,phases   ] GC(7608)   Evacuate Collection Set: 57.1ms
[2025-01-09T02:50:51.646+0000][195922.012s][info][gc,phases   ] GC(7608)   Post Evacuate Collection Set: 1.8ms
[2025-01-09T02:50:51.646+0000][195922.012s][info][gc,phases   ] GC(7608)   Other: 0.2ms
[2025-01-09T02:50:51.646+0000][195922.012s][info][gc,heap     ] GC(7608) Eden regions: 66->0(915)
[2025-01-09T02:50:51.646+0000][195922.012s][info][gc,heap     ] GC(7608) Survivor regions: 10->6(10)
[2025-01-09T02:50:51.646+0000][195922.012s][info][gc,heap     ] GC(7608) Old regions: 234->232
[2025-01-09T02:50:51.646+0000][195922.012s][info][gc,heap     ] GC(7608) Archive regions: 2->2
[2025-01-09T02:50:51.646+0000][195922.012s][info][gc,heap     ] GC(7608) Humongous regions: 49->49
[2025-01-09T02:50:51.646+0000][195922.012s][info][gc,metaspace] GC(7608) Metaspace: 524917K(534272K)->524917K(534272K) NonClass: 460948K(465536K)->460948K(465536K) Class: 63968K(68736K)->63968K(68736K)
[2025-01-09T02:50:51.646+0000][195922.012s][info][gc          ] GC(7608) Pause Young (Mixed) (G1 Evacuation Pause) 2865M->2293M(12288M) 59.838ms
[2025-01-09T02:50:51.646+0000][195922.012s][info][gc,cpu      ] GC(7608) User=0.34s Sys=0.00s Real=0.06s
[2025-01-09T02:51:01.687+0000][195932.053s][info][gc,start    ] GC(7609) Pause Young (Normal) (G1 Evacuation Pause)
[2025-01-09T02:51:01.687+0000][195932.053s][info][gc,task     ] GC(7609) Using 6 workers of 6 for evacuation
[2025-01-09T02:51:01.720+0000][195932.086s][info][gc,phases   ] GC(7609)   Pre Evacuate Collection Set: 0.2ms
[2025-01-09T02:51:01.720+0000][195932.086s][info][gc,phases   ] GC(7609)   Merge Heap Roots: 0.4ms
[2025-01-09T02:51:01.720+0000][195932.086s][info][gc,phases   ] GC(7609)   Evacuate Collection Set: 28.3ms
[2025-01-09T02:51:01.720+0000][195932.086s][info][gc,phases   ] GC(7609)   Post Evacuate Collection Set: 3.9ms
[2025-01-09T02:51:01.720+0000][195932.086s][info][gc,phases   ] GC(7609)   Other: 0.2ms
[2025-01-09T02:51:01.720+0000][195932.086s][info][gc,heap     ] GC(7609) Eden regions: 915->0(913)
[2025-01-09T02:51:01.720+0000][195932.086s][info][gc,heap     ] GC(7609) Survivor regions: 6->8(116)
[2025-01-09T02:51:01.720+0000][195932.086s][info][gc,heap     ] GC(7609) Old regions: 232->232
[2025-01-09T02:51:01.720+0000][195932.086s][info][gc,heap     ] GC(7609) Archive regions: 2->2
[2025-01-09T02:51:01.720+0000][195932.086s][info][gc,heap     ] GC(7609) Humongous regions: 49->49
[2025-01-09T02:51:01.720+0000][195932.086s][info][gc,metaspace] GC(7609) Metaspace: 524917K(534272K)->524917K(534272K) NonClass: 460948K(465536K)->460948K(465536K) Class: 63968K(68736K)->63968K(68736K)
[2025-01-09T02:51:01.720+0000][195932.086s][info][gc          ] GC(7609) Pause Young (Normal) (G1 Evacuation Pause) 9613M->2313M(12288M) 33.198ms
[2025-01-09T02:51:01.720+0000][195932.087s][info][gc,cpu      ] GC(7609) User=0.20s Sys=0.00s Real=0.03s
[2025-01-09T02:51:14.356+0000][195944.723s][info][gc,start    ] GC(7610) Pause Young (Normal) (G1 Evacuation Pause)
[2025-01-09T02:51:14.357+0000][195944.723s][info][gc,task     ] GC(7610) Using 6 workers of 6 for evacuation
[2025-01-09T02:51:14.394+0000][195944.761s][info][gc,phases   ] GC(7610)   Pre Evacuate Collection Set: 0.2ms
[2025-01-09T02:51:14.394+0000][195944.761s][info][gc,phases   ] GC(7610)   Merge Heap Roots: 0.5ms
[2025-01-09T02:51:14.394+0000][195944.761s][info][gc,phases   ] GC(7610)   Evacuate Collection Set: 34.1ms
[2025-01-09T02:51:14.394+0000][195944.761s][info][gc,phases   ] GC(7610)   Post Evacuate Collection Set: 3.0ms
[2025-01-09T02:51:14.394+0000][195944.761s][info][gc,phases   ] GC(7610)   Other: 0.2ms
[2025-01-09T02:51:14.395+0000][195944.761s][info][gc,heap     ] GC(7610) Eden regions: 913->0(912)
[2025-01-09T02:51:14.395+0000][195944.761s][info][gc,heap     ] GC(7610) Survivor regions: 8->9(116)
[2025-01-09T02:51:14.395+0000][195944.761s][info][gc,heap     ] GC(7610) Old regions: 232->232
[2025-01-09T02:51:14.395+0000][195944.761s][info][gc,heap     ] GC(7610) Archive regions: 2->2
[2025-01-09T02:51:14.395+0000][195944.761s][info][gc,heap     ] GC(7610) Humongous regions: 49->49
[2025-01-09T02:51:14.395+0000][195944.761s][info][gc,metaspace] GC(7610) Metaspace: 524917K(534272K)->524917K(534272K) NonClass: 460948K(465536K)->460948K(465536K) Class: 63968K(68736K)->63968K(68736K)
[2025-01-09T02:51:14.395+0000][195944.761s][info][gc          ] GC(7610) Pause Young (Normal) (G1 Evacuation Pause) 9617M->2316M(12288M) 38.076ms
[2025-01-09T02:51:14.395+0000][195944.761s][info][gc,cpu      ] GC(7610) User=0.23s Sys=0.00s Real=0.04s
[2025-01-09T02:51:21.843+0000][195952.209s][info][gc,start    ] GC(7611) Pause Young (Concurrent Start) (G1 Evacuation Pause)
[2025-01-09T02:51:21.843+0000][195952.209s][info][gc,task     ] GC(7611) Using 6 workers of 6 for evacuation
[2025-01-09T02:51:21.878+0000][195952.244s][info][gc,phases   ] GC(7611)   Pre Evacuate Collection Set: 1.1ms
[2025-01-09T02:51:21.878+0000][195952.244s][info][gc,phases   ] GC(7611)   Merge Heap Roots: 0.5ms
[2025-01-09T02:51:21.878+0000][195952.244s][info][gc,phases   ] GC(7611)   Evacuate Collection Set: 31.3ms
[2025-01-09T02:51:21.878+0000][195952.244s][info][gc,phases   ] GC(7611)   Post Evacuate Collection Set: 2.4ms
[2025-01-09T02:51:21.878+0000][195952.244s][info][gc,phases   ] GC(7611)   Other: 0.3ms
[2025-01-09T02:51:21.878+0000][195952.244s][info][gc,heap     ] GC(7611) Eden regions: 912->0(911)
[2025-01-09T02:51:21.878+0000][195952.244s][info][gc,heap     ] GC(7611) Survivor regions: 9->10(116)
[2025-01-09T02:51:21.878+0000][195952.244s][info][gc,heap     ] GC(7611) Old regions: 232->232
[2025-01-09T02:51:21.878+0000][195952.244s][info][gc,heap     ] GC(7611) Archive regions: 2->2
[2025-01-09T02:51:21.878+0000][195952.244s][info][gc,heap     ] GC(7611) Humongous regions: 49->49
[2025-01-09T02:51:21.878+0000][195952.244s][info][gc,metaspace] GC(7611) Metaspace: 524917K(534272K)->524917K(534272K) NonClass: 460948K(465536K)->460948K(465536K) Class: 63968K(68736K)->63968K(68736K)
[2025-01-09T02:51:21.878+0000][195952.244s][info][gc          ] GC(7611) Pause Young (Concurrent Start) (G1 Evacuation Pause) 9612M->2323M(12288M) 35.655ms
[2025-01-09T02:51:21.878+0000][195952.244s][info][gc,cpu      ] GC(7611) User=0.20s Sys=0.00s Real=0.03s
[2025-01-09T02:51:21.878+0000][195952.244s][info][gc          ] GC(7612) Concurrent Mark Cycle
[2025-01-09T02:51:21.878+0000][195952.244s][info][gc,marking  ] GC(7612) Concurrent Clear Claimed Marks
[2025-01-09T02:51:21.879+0000][195952.245s][info][gc,marking  ] GC(7612) Concurrent Clear Claimed Marks 0.876ms
[2025-01-09T02:51:21.879+0000][195952.245s][info][gc,marking  ] GC(7612) Concurrent Scan Root Regions
[2025-01-09T02:51:21.909+0000][195952.275s][info][gc,marking  ] GC(7612) Concurrent Scan Root Regions 29.380ms
[2025-01-09T02:51:21.909+0000][195952.275s][info][gc,marking  ] GC(7612) Concurrent Mark
[2025-01-09T02:51:21.909+0000][195952.275s][info][gc,marking  ] GC(7612) Concurrent Mark From Roots
[2025-01-09T02:51:21.909+0000][195952.275s][info][gc,task     ] GC(7612) Using 2 workers of 2 for marking
[2025-01-09T02:51:22.882+0000][195953.248s][info][gc,marking  ] GC(7612) Concurrent Mark From Roots 973.177ms
[2025-01-09T02:51:22.882+0000][195953.248s][info][gc,marking  ] GC(7612) Concurrent Preclean
[2025-01-09T02:51:22.886+0000][195953.252s][info][gc,marking  ] GC(7612) Concurrent Preclean 3.683ms
[2025-01-09T02:51:22.886+0000][195953.252s][info][gc,start    ] GC(7612) Pause Remark
[2025-01-09T02:51:22.913+0000][195953.279s][info][gc          ] GC(7612) Pause Remark 3859M->3859M(12288M) 27.717ms
[2025-01-09T02:51:22.913+0000][195953.280s][info][gc,cpu      ] GC(7612) User=0.16s Sys=0.00s Real=0.03s
[2025-01-09T02:51:22.914+0000][195953.280s][info][gc,marking  ] GC(7612) Concurrent Mark 1004.960ms
[2025-01-09T02:51:22.914+0000][195953.280s][info][gc,marking  ] GC(7612) Concurrent Rebuild Remembered Sets
[2025-01-09T02:51:23.455+0000][195953.821s][info][gc,marking  ] GC(7612) Concurrent Rebuild Remembered Sets 541.365ms
[2025-01-09T02:51:23.455+0000][195953.821s][info][gc,start    ] GC(7612) Pause Cleanup
[2025-01-09T02:51:23.455+0000][195953.822s][info][gc          ] GC(7612) Pause Cleanup 4651M->4651M(12288M) 0.404ms
[2025-01-09T02:51:23.455+0000][195953.822s][info][gc,cpu      ] GC(7612) User=0.00s Sys=0.00s Real=0.00s
[2025-01-09T02:51:23.456+0000][195953.822s][info][gc,marking  ] GC(7612) Concurrent Cleanup for Next Mark
[2025-01-09T02:51:23.472+0000][195953.838s][info][gc,marking  ] GC(7612) Concurrent Cleanup for Next Mark 16.062ms
[2025-01-09T02:51:23.472+0000][195953.838s][info][gc          ] GC(7612) Concurrent Mark Cycle 1593.355ms
[2025-01-09T02:51:28.762+0000][195959.128s][info][gc,start    ] GC(7613) Pause Young (Prepare Mixed) (G1 Evacuation Pause)
[2025-01-09T02:51:28.762+0000][195959.128s][info][gc,task     ] GC(7613) Using 6 workers of 6 for evacuation
[2025-01-09T02:51:28.806+0000][195959.172s][info][gc,phases   ] GC(7613)   Pre Evacuate Collection Set: 0.2ms
[2025-01-09T02:51:28.806+0000][195959.172s][info][gc,phases   ] GC(7613)   Merge Heap Roots: 0.8ms
[2025-01-09T02:51:28.806+0000][195959.172s][info][gc,phases   ] GC(7613)   Evacuate Collection Set: 40.7ms
[2025-01-09T02:51:28.806+0000][195959.172s][info][gc,phases   ] GC(7613)   Post Evacuate Collection Set: 2.6ms
[2025-01-09T02:51:28.806+0000][195959.172s][info][gc,phases   ] GC(7613)   Other: 0.2ms
[2025-01-09T02:51:28.806+0000][195959.172s][info][gc,heap     ] GC(7613) Eden regions: 911->0(65)
[2025-01-09T02:51:28.806+0000][195959.172s][info][gc,heap     ] GC(7613) Survivor regions: 10->11(116)
[2025-01-09T02:51:28.806+0000][195959.172s][info][gc,heap     ] GC(7613) Old regions: 232->232
[2025-01-09T02:51:28.806+0000][195959.172s][info][gc,heap     ] GC(7613) Archive regions: 2->2
[2025-01-09T02:51:28.806+0000][195959.172s][info][gc,heap     ] GC(7613) Humongous regions: 49->49
[2025-01-09T02:51:28.806+0000][195959.172s][info][gc,metaspace] GC(7613) Metaspace: 524917K(534272K)->524917K(534272K) NonClass: 460948K(465536K)->460948K(465536K) Class: 63968K(68736K)->63968K(68736K)
[2025-01-09T02:51:28.806+0000][195959.172s][info][gc          ] GC(7613) Pause Young (Prepare Mixed) (G1 Evacuation Pause) 9611M->2333M(12288M) 44.554ms
[2025-01-09T02:51:28.806+0000][195959.172s][info][gc,cpu      ] GC(7613) User=0.26s Sys=0.00s Real=0.04s
[2025-01-09T02:51:30.522+0000][195960.888s][info][gc,start    ] GC(7614) Pause Young (Mixed) (G1 Evacuation Pause)
[2025-01-09T02:51:30.522+0000][195960.888s][info][gc,task     ] GC(7614) Using 6 workers of 6 for evacuation
[2025-01-09T02:51:30.598+0000][195960.964s][info][gc,phases   ] GC(7614)   Pre Evacuate Collection Set: 0.2ms
[2025-01-09T02:51:30.598+0000][195960.964s][info][gc,phases   ] GC(7614)   Merge Heap Roots: 0.8ms
[2025-01-09T02:51:30.598+0000][195960.964s][info][gc,phases   ] GC(7614)   Evacuate Collection Set: 73.5ms
[2025-01-09T02:51:30.598+0000][195960.964s][info][gc,phases   ] GC(7614)   Post Evacuate Collection Set: 2.0ms
[2025-01-09T02:51:30.598+0000][195960.964s][info][gc,phases   ] GC(7614)   Other: 0.2ms
[2025-01-09T02:51:30.598+0000][195960.964s][info][gc,heap     ] GC(7614) Eden regions: 65->0(916)
[2025-01-09T02:51:30.598+0000][195960.964s][info][gc,heap     ] GC(7614) Survivor regions: 11->5(10)
[2025-01-09T02:51:30.598+0000][195960.964s][info][gc,heap     ] GC(7614) Old regions: 232->233
[2025-01-09T02:51:30.598+0000][195960.964s][info][gc,heap     ] GC(7614) Archive regions: 2->2
[2025-01-09T02:51:30.598+0000][195960.964s][info][gc,heap     ] GC(7614) Humongous regions: 49->49
[2025-01-09T02:51:30.598+0000][195960.964s][info][gc,metaspace] GC(7614) Metaspace: 524917K(534272K)->524917K(534272K) NonClass: 460948K(465536K)->460948K(465536K) Class: 63968K(68736K)->63968K(68736K)
[2025-01-09T02:51:30.598+0000][195960.964s][info][gc          ] GC(7614) Pause Young (Mixed) (G1 Evacuation Pause) 2853M->2297M(12288M) 76.716ms
[2025-01-09T02:51:30.598+0000][195960.964s][info][gc,cpu      ] GC(7614) User=0.46s Sys=0.00s Real=0.07s
[2025-01-09T02:51:37.516+0000][195967.882s][info][gc,start    ] GC(7615) Pause Young (Normal) (G1 Evacuation Pause)
[2025-01-09T02:51:37.516+0000][195967.883s][info][gc,task     ] GC(7615) Using 6 workers of 6 for evacuation
[2025-01-09T02:51:37.541+0000][195967.907s][info][gc,phases   ] GC(7615)   Pre Evacuate Collection Set: 0.2ms
[2025-01-09T02:51:37.541+0000][195967.907s][info][gc,phases   ] GC(7615)   Merge Heap Roots: 0.4ms
[2025-01-09T02:51:37.541+0000][195967.907s][info][gc,phases   ] GC(7615)   Evacuate Collection Set: 20.5ms
[2025-01-09T02:51:37.541+0000][195967.907s][info][gc,phases   ] GC(7615)   Post Evacuate Collection Set: 3.7ms
[2025-01-09T02:51:37.541+0000][195967.907s][info][gc,phases   ] GC(7615)   Other: 0.2ms
[2025-01-09T02:51:37.541+0000][195967.908s][info][gc,heap     ] GC(7615) Eden regions: 916->0(915)
[2025-01-09T02:51:37.541+0000][195967.908s][info][gc,heap     ] GC(7615) Survivor regions: 5->6(116)
[2025-01-09T02:51:37.541+0000][195967.908s][info][gc,heap     ] GC(7615) Old regions: 233->233
[2025-01-09T02:51:37.541+0000][195967.908s][info][gc,heap     ] GC(7615) Archive regions: 2->2
[2025-01-09T02:51:37.541+0000][195967.908s][info][gc,heap     ] GC(7615) Humongous regions: 49->49
[2025-01-09T02:51:37.541+0000][195967.908s][info][gc,metaspace] GC(7615) Metaspace: 524917K(534272K)->524917K(534272K) NonClass: 460948K(465536K)->460948K(465536K) Class: 63968K(68736K)->63968K(68736K)
[2025-01-09T02:51:37.541+0000][195967.908s][info][gc          ] GC(7615) Pause Young (Normal) (G1 Evacuation Pause) 9625M->2305M(12288M) 25.105ms
[2025-01-09T02:51:37.542+0000][195967.908s][info][gc,cpu      ] GC(7615) User=0.14s Sys=0.00s Real=0.03s
[2025-01-09T02:51:48.661+0000][195979.027s][info][gc,start    ] GC(7616) Pause Young (Normal) (G1 Evacuation Pause)
[2025-01-09T02:51:48.661+0000][195979.027s][info][gc,task     ] GC(7616) Using 6 workers of 6 for evacuation
[2025-01-09T02:51:48.691+0000][195979.058s][info][gc,phases   ] GC(7616)   Pre Evacuate Collection Set: 0.2ms
[2025-01-09T02:51:48.692+0000][195979.058s][info][gc,phases   ] GC(7616)   Merge Heap Roots: 0.4ms
[2025-01-09T02:51:48.692+0000][195979.058s][info][gc,phases   ] GC(7616)   Evacuate Collection Set: 25.5ms
[2025-01-09T02:51:48.692+0000][195979.058s][info][gc,phases   ] GC(7616)   Post Evacuate Collection Set: 4.0ms
[2025-01-09T02:51:48.692+0000][195979.058s][info][gc,phases   ] GC(7616)   Other: 0.2ms
[2025-01-09T02:51:48.692+0000][195979.058s][info][gc,heap     ] GC(7616) Eden regions: 915->0(913)
[2025-01-09T02:51:48.692+0000][195979.058s][info][gc,heap     ] GC(7616) Survivor regions: 6->8(116)
[2025-01-09T02:51:48.692+0000][195979.058s][info][gc,heap     ] GC(7616) Old regions: 233->233
[2025-01-09T02:51:48.692+0000][195979.058s][info][gc,heap     ] GC(7616) Archive regions: 2->2
[2025-01-09T02:51:48.692+0000][195979.058s][info][gc,heap     ] GC(7616) Humongous regions: 49->49
[2025-01-09T02:51:48.692+0000][195979.058s][info][gc,metaspace] GC(7616) Metaspace: 524917K(534272K)->524917K(534272K) NonClass: 460948K(465536K)->460948K(465536K) Class: 63968K(68736K)->63968K(68736K)
[2025-01-09T02:51:48.692+0000][195979.058s][info][gc          ] GC(7616) Pause Young (Normal) (G1 Evacuation Pause) 9625M->2320M(12288M) 30.409ms
[2025-01-09T02:51:48.692+0000][195979.058s][info][gc,cpu      ] GC(7616) User=0.16s Sys=0.02s Real=0.04s
[2025-01-09T02:51:55.213+0000][195985.579s][info][gc,start    ] GC(7617) Pause Young (Concurrent Start) (G1 Evacuation Pause)
[2025-01-09T02:51:55.213+0000][195985.580s][info][gc,task     ] GC(7617) Using 6 workers of 6 for evacuation
[2025-01-09T02:51:55.244+0000][195985.610s][info][gc,phases   ] GC(7617)   Pre Evacuate Collection Set: 1.2ms
[2025-01-09T02:51:55.244+0000][195985.610s][info][gc,phases   ] GC(7617)   Merge Heap Roots: 0.4ms
[2025-01-09T02:51:55.244+0000][195985.610s][info][gc,phases   ] GC(7617)   Evacuate Collection Set: 25.0ms
[2025-01-09T02:51:55.244+0000][195985.610s][info][gc,phases   ] GC(7617)   Post Evacuate Collection Set: 3.8ms
[2025-01-09T02:51:55.244+0000][195985.610s][info][gc,phases   ] GC(7617)   Other: 0.3ms
[2025-01-09T02:51:55.244+0000][195985.610s][info][gc,heap     ] GC(7617) Eden regions: 913->0(913)
[2025-01-09T02:51:55.244+0000][195985.610s][info][gc,heap     ] GC(7617) Survivor regions: 8->8(116)
[2025-01-09T02:51:55.244+0000][195985.610s][info][gc,heap     ] GC(7617) Old regions: 233->233
[2025-01-09T02:51:55.244+0000][195985.610s][info][gc,heap     ] GC(7617) Archive regions: 2->2
[2025-01-09T02:51:55.244+0000][195985.610s][info][gc,heap     ] GC(7617) Humongous regions: 49->49
[2025-01-09T02:51:55.244+0000][195985.610s][info][gc,metaspace] GC(7617) Metaspace: 524917K(534272K)->524917K(534272K) NonClass: 460948K(465536K)->460948K(465536K) Class: 63968K(68736K)->63968K(68736K)
[2025-01-09T02:51:55.244+0000][195985.610s][info][gc          ] GC(7617) Pause Young (Concurrent Start) (G1 Evacuation Pause) 9624M->2321M(12288M) 30.870ms
[2025-01-09T02:51:55.244+0000][195985.610s][info][gc,cpu      ] GC(7617) User=0.17s Sys=0.00s Real=0.03s
[2025-01-09T02:51:55.244+0000][195985.610s][info][gc          ] GC(7618) Concurrent Mark Cycle
[2025-01-09T02:51:55.244+0000][195985.610s][info][gc,marking  ] GC(7618) Concurrent Clear Claimed Marks
[2025-01-09T02:51:55.245+0000][195985.611s][info][gc,marking  ] GC(7618) Concurrent Clear Claimed Marks 0.851ms
[2025-01-09T02:51:55.245+0000][195985.611s][info][gc,marking  ] GC(7618) Concurrent Scan Root Regions
[2025-01-09T02:51:55.267+0000][195985.633s][info][gc,marking  ] GC(7618) Concurrent Scan Root Regions 21.899ms
[2025-01-09T02:51:55.267+0000][195985.633s][info][gc,marking  ] GC(7618) Concurrent Mark
[2025-01-09T02:51:55.267+0000][195985.633s][info][gc,marking  ] GC(7618) Concurrent Mark From Roots
[2025-01-09T02:51:55.267+0000][195985.633s][info][gc,task     ] GC(7618) Using 2 workers of 2 for marking
[2025-01-09T02:51:56.117+0000][195986.483s][info][gc,marking  ] GC(7618) Concurrent Mark From Roots 849.571ms
[2025-01-09T02:51:56.117+0000][195986.483s][info][gc,marking  ] GC(7618) Concurrent Preclean
[2025-01-09T02:51:56.120+0000][195986.486s][info][gc,marking  ] GC(7618) Concurrent Preclean 2.794ms
[2025-01-09T02:51:56.120+0000][195986.486s][info][gc,start    ] GC(7618) Pause Remark
[2025-01-09T02:51:56.145+0000][195986.511s][info][gc          ] GC(7618) Pause Remark 3201M->3201M(12288M) 25.464ms
[2025-01-09T02:51:56.145+0000][195986.511s][info][gc,cpu      ] GC(7618) User=0.15s Sys=0.00s Real=0.03s
[2025-01-09T02:51:56.145+0000][195986.511s][info][gc,marking  ] GC(7618) Concurrent Mark 878.195ms
[2025-01-09T02:51:56.145+0000][195986.511s][info][gc,marking  ] GC(7618) Concurrent Rebuild Remembered Sets
[2025-01-09T02:51:56.656+0000][195987.022s][info][gc,marking  ] GC(7618) Concurrent Rebuild Remembered Sets 510.189ms
[2025-01-09T02:51:56.656+0000][195987.022s][info][gc,start    ] GC(7618) Pause Cleanup
[2025-01-09T02:51:56.656+0000][195987.022s][info][gc          ] GC(7618) Pause Cleanup 3609M->3609M(12288M) 0.391ms
[2025-01-09T02:51:56.656+0000][195987.022s][info][gc,cpu      ] GC(7618) User=0.00s Sys=0.00s Real=0.00s
[2025-01-09T02:51:56.656+0000][195987.022s][info][gc,marking  ] GC(7618) Concurrent Cleanup for Next Mark
[2025-01-09T02:51:56.672+0000][195987.038s][info][gc,marking  ] GC(7618) Concurrent Cleanup for Next Mark 15.587ms
[2025-01-09T02:51:56.672+0000][195987.038s][info][gc          ] GC(7618) Concurrent Mark Cycle 1427.489ms
[2025-01-09T02:52:03.718+0000][195994.084s][info][gc,start    ] GC(7619) Pause Young (Prepare Mixed) (G1 Evacuation Pause)
[2025-01-09T02:52:03.718+0000][195994.084s][info][gc,task     ] GC(7619) Using 6 workers of 6 for evacuation
[2025-01-09T02:52:03.751+0000][195994.118s][info][gc,phases   ] GC(7619)   Pre Evacuate Collection Set: 0.2ms
[2025-01-09T02:52:03.751+0000][195994.118s][info][gc,phases   ] GC(7619)   Merge Heap Roots: 0.7ms
[2025-01-09T02:52:03.751+0000][195994.118s][info][gc,phases   ] GC(7619)   Evacuate Collection Set: 30.0ms
[2025-01-09T02:52:03.751+0000][195994.118s][info][gc,phases   ] GC(7619)   Post Evacuate Collection Set: 2.7ms
[2025-01-09T02:52:03.752+0000][195994.118s][info][gc,phases   ] GC(7619)   Other: 0.2ms
[2025-01-09T02:52:03.752+0000][195994.118s][info][gc,heap     ] GC(7619) Eden regions: 913->0(68)
[2025-01-09T02:52:03.752+0000][195994.118s][info][gc,heap     ] GC(7619) Survivor regions: 8->8(116)
[2025-01-09T02:52:03.752+0000][195994.118s][info][gc,heap     ] GC(7619) Old regions: 233->233
[2025-01-09T02:52:03.752+0000][195994.118s][info][gc,heap     ] GC(7619) Archive regions: 2->2
[2025-01-09T02:52:03.752+0000][195994.118s][info][gc,heap     ] GC(7619) Humongous regions: 49->49
[2025-01-09T02:52:03.752+0000][195994.118s][info][gc,metaspace] GC(7619) Metaspace: 524919K(534272K)->524919K(534272K) NonClass: 460951K(465536K)->460951K(465536K) Class: 63968K(68736K)->63968K(68736K)
[2025-01-09T02:52:03.752+0000][195994.118s][info][gc          ] GC(7619) Pause Young (Prepare Mixed) (G1 Evacuation Pause) 9625M->2324M(12288M) 33.906ms
[2025-01-09T02:52:03.752+0000][195994.118s][info][gc,cpu      ] GC(7619) User=0.20s Sys=0.00s Real=0.04s
[2025-01-09T02:52:04.299+0000][195994.665s][info][gc,start    ] GC(7620) Pause Young (Mixed) (G1 Evacuation Pause)
[2025-01-09T02:52:04.299+0000][195994.665s][info][gc,task     ] GC(7620) Using 6 workers of 6 for evacuation
[2025-01-09T02:52:04.355+0000][195994.721s][info][gc,phases   ] GC(7620)   Pre Evacuate Collection Set: 0.2ms
[2025-01-09T02:52:04.355+0000][195994.722s][info][gc,phases   ] GC(7620)   Merge Heap Roots: 0.6ms
[2025-01-09T02:52:04.355+0000][195994.722s][info][gc,phases   ] GC(7620)   Evacuate Collection Set: 53.5ms
[2025-01-09T02:52:04.355+0000][195994.722s][info][gc,phases   ] GC(7620)   Post Evacuate Collection Set: 1.6ms
[2025-01-09T02:52:04.355+0000][195994.722s][info][gc,phases   ] GC(7620)   Other: 0.2ms
[2025-01-09T02:52:04.355+0000][195994.722s][info][gc,heap     ] GC(7620) Eden regions: 68->0(915)
[2025-01-09T02:52:04.355+0000][195994.722s][info][gc,heap     ] GC(7620) Survivor regions: 8->6(10)
[2025-01-09T02:52:04.355+0000][195994.722s][info][gc,heap     ] GC(7620) Old regions: 233->231
[2025-01-09T02:52:04.355+0000][195994.722s][info][gc,heap     ] GC(7620) Archive regions: 2->2
[2025-01-09T02:52:04.355+0000][195994.722s][info][gc,heap     ] GC(7620) Humongous regions: 49->49
[2025-01-09T02:52:04.355+0000][195994.722s][info][gc,metaspace] GC(7620) Metaspace: 524919K(534272K)->524919K(534272K) NonClass: 460951K(465536K)->460951K(465536K) Class: 63968K(68736K)->63968K(68736K)
[2025-01-09T02:52:04.356+0000][195994.722s][info][gc          ] GC(7620) Pause Young (Mixed) (G1 Evacuation Pause) 2868M->2291M(12288M) 56.140ms
[2025-01-09T02:52:04.356+0000][195994.722s][info][gc,cpu      ] GC(7620) User=0.33s Sys=0.00s Real=0.06s
[2025-01-09T02:52:13.703+0000][196004.069s][info][gc,start    ] GC(7621) Pause Young (Normal) (G1 Evacuation Pause)
[2025-01-09T02:52:13.703+0000][196004.069s][info][gc,task     ] GC(7621) Using 6 workers of 6 for evacuation
[2025-01-09T02:52:13.734+0000][196004.100s][info][gc,phases   ] GC(7621)   Pre Evacuate Collection Set: 0.2ms
[2025-01-09T02:52:13.734+0000][196004.100s][info][gc,phases   ] GC(7621)   Merge Heap Roots: 0.4ms
[2025-01-09T02:52:13.734+0000][196004.100s][info][gc,phases   ] GC(7621)   Evacuate Collection Set: 28.0ms
[2025-01-09T02:52:13.734+0000][196004.100s][info][gc,phases   ] GC(7621)   Post Evacuate Collection Set: 2.6ms
[2025-01-09T02:52:13.734+0000][196004.100s][info][gc,phases   ] GC(7621)   Other: 0.2ms
[2025-01-09T02:52:13.734+0000][196004.100s][info][gc,heap     ] GC(7621) Eden regions: 915->0(914)
[2025-01-09T02:52:13.734+0000][196004.100s][info][gc,heap     ] GC(7621) Survivor regions: 6->7(116)
[2025-01-09T02:52:13.734+0000][196004.100s][info][gc,heap     ] GC(7621) Old regions: 231->231
[2025-01-09T02:52:13.734+0000][196004.100s][info][gc,heap     ] GC(7621) Archive regions: 2->2
[2025-01-09T02:52:13.734+0000][196004.100s][info][gc,heap     ] GC(7621) Humongous regions: 49->49
[2025-01-09T02:52:13.734+0000][196004.100s][info][gc,metaspace] GC(7621) Metaspace: 524919K(534272K)->524919K(534272K) NonClass: 460951K(465536K)->460951K(465536K) Class: 63968K(68736K)->63968K(68736K)
[2025-01-09T02:52:13.734+0000][196004.100s][info][gc          ] GC(7621) Pause Young (Normal) (G1 Evacuation Pause) 9611M->2299M(12288M) 31.536ms
[2025-01-09T02:52:13.734+0000][196004.100s][info][gc,cpu      ] GC(7621) User=0.18s Sys=0.00s Real=0.03s
[2025-01-09T02:52:24.458+0000][196014.824s][info][gc,start    ] GC(7622) Pause Young (Normal) (G1 Evacuation Pause)
[2025-01-09T02:52:24.458+0000][196014.824s][info][gc,task     ] GC(7622) Using 6 workers of 6 for evacuation
[2025-01-09T02:52:24.492+0000][196014.858s][info][gc,phases   ] GC(7622)   Pre Evacuate Collection Set: 0.2ms
[2025-01-09T02:52:24.492+0000][196014.858s][info][gc,phases   ] GC(7622)   Merge Heap Roots: 0.4ms
[2025-01-09T02:52:24.492+0000][196014.858s][info][gc,phases   ] GC(7622)   Evacuate Collection Set: 30.8ms
[2025-01-09T02:52:24.492+0000][196014.858s][info][gc,phases   ] GC(7622)   Post Evacuate Collection Set: 2.6ms
[2025-01-09T02:52:24.492+0000][196014.858s][info][gc,phases   ] GC(7622)   Other: 0.2ms
[2025-01-09T02:52:24.492+0000][196014.858s][info][gc,heap     ] GC(7622) Eden regions: 914->0(913)
[2025-01-09T02:52:24.492+0000][196014.858s][info][gc,heap     ] GC(7622) Survivor regions: 7->8(116)
[2025-01-09T02:52:24.492+0000][196014.858s][info][gc,heap     ] GC(7622) Old regions: 231->231
[2025-01-09T02:52:24.492+0000][196014.858s][info][gc,heap     ] GC(7622) Archive regions: 2->2
[2025-01-09T02:52:24.492+0000][196014.858s][info][gc,heap     ] GC(7622) Humongous regions: 49->49
[2025-01-09T02:52:24.492+0000][196014.858s][info][gc,metaspace] GC(7622) Metaspace: 524919K(534272K)->524919K(534272K) NonClass: 460951K(465536K)->460951K(465536K) Class: 63968K(68736K)->63968K(68736K)
[2025-01-09T02:52:24.492+0000][196014.858s][info][gc          ] GC(7622) Pause Young (Normal) (G1 Evacuation Pause) 9611M->2308M(12288M) 34.379ms
[2025-01-09T02:52:24.492+0000][196014.858s][info][gc,cpu      ] GC(7622) User=0.20s Sys=0.01s Real=0.04s
[2025-01-09T02:52:32.023+0000][196022.389s][info][gc,start    ] GC(7623) Pause Young (Concurrent Start) (G1 Evacuation Pause)
[2025-01-09T02:52:32.023+0000][196022.389s][info][gc,task     ] GC(7623) Using 6 workers of 6 for evacuation
[2025-01-09T02:52:32.060+0000][196022.427s][info][gc,phases   ] GC(7623)   Pre Evacuate Collection Set: 1.1ms
[2025-01-09T02:52:32.060+0000][196022.427s][info][gc,phases   ] GC(7623)   Merge Heap Roots: 0.4ms
[2025-01-09T02:52:32.061+0000][196022.427s][info][gc,phases   ] GC(7623)   Evacuate Collection Set: 32.1ms
[2025-01-09T02:52:32.061+0000][196022.427s][info][gc,phases   ] GC(7623)   Post Evacuate Collection Set: 3.9ms
[2025-01-09T02:52:32.061+0000][196022.427s][info][gc,phases   ] GC(7623)   Other: 0.3ms
[2025-01-09T02:52:32.061+0000][196022.427s][info][gc,heap     ] GC(7623) Eden regions: 913->0(911)
[2025-01-09T02:52:32.061+0000][196022.427s][info][gc,heap     ] GC(7623) Survivor regions: 8->10(116)
[2025-01-09T02:52:32.061+0000][196022.427s][info][gc,heap     ] GC(7623) Old regions: 231->231
[2025-01-09T02:52:32.061+0000][196022.427s][info][gc,heap     ] GC(7623) Archive regions: 2->2
[2025-01-09T02:52:32.061+0000][196022.427s][info][gc,heap     ] GC(7623) Humongous regions: 49->49
[2025-01-09T02:52:32.061+0000][196022.427s][info][gc,metaspace] GC(7623) Metaspace: 524919K(534272K)->524919K(534272K) NonClass: 460951K(465536K)->460951K(465536K) Class: 63968K(68736K)->63968K(68736K)
[2025-01-09T02:52:32.061+0000][196022.427s][info][gc          ] GC(7623) Pause Young (Concurrent Start) (G1 Evacuation Pause) 9612M->2322M(12288M) 37.967ms
[2025-01-09T02:52:32.061+0000][196022.427s][info][gc,cpu      ] GC(7623) User=0.21s Sys=0.00s Real=0.03s
[2025-01-09T02:52:32.061+0000][196022.427s][info][gc          ] GC(7624) Concurrent Mark Cycle
[2025-01-09T02:52:32.061+0000][196022.427s][info][gc,marking  ] GC(7624) Concurrent Clear Claimed Marks
[2025-01-09T02:52:32.062+0000][196022.428s][info][gc,marking  ] GC(7624) Concurrent Clear Claimed Marks 0.936ms
[2025-01-09T02:52:32.062+0000][196022.428s][info][gc,marking  ] GC(7624) Concurrent Scan Root Regions
[2025-01-09T02:52:32.085+0000][196022.451s][info][gc,marking  ] GC(7624) Concurrent Scan Root Regions 23.031ms
[2025-01-09T02:52:32.085+0000][196022.451s][info][gc,marking  ] GC(7624) Concurrent Mark
[2025-01-09T02:52:32.085+0000][196022.451s][info][gc,marking  ] GC(7624) Concurrent Mark From Roots
[2025-01-09T02:52:32.085+0000][196022.451s][info][gc,task     ] GC(7624) Using 2 workers of 2 for marking
[2025-01-09T02:52:32.828+0000][196023.194s][info][gc,marking  ] GC(7624) Concurrent Mark From Roots 742.875ms
[2025-01-09T02:52:32.828+0000][196023.194s][info][gc,marking  ] GC(7624) Concurrent Preclean
[2025-01-09T02:52:32.830+0000][196023.197s][info][gc,marking  ] GC(7624) Concurrent Preclean 2.827ms
[2025-01-09T02:52:32.831+0000][196023.197s][info][gc,start    ] GC(7624) Pause Remark
[2025-01-09T02:52:32.856+0000][196023.223s][info][gc          ] GC(7624) Pause Remark 2894M->2894M(12288M) 25.827ms
[2025-01-09T02:52:32.857+0000][196023.223s][info][gc,cpu      ] GC(7624) User=0.14s Sys=0.00s Real=0.02s
[2025-01-09T02:52:32.857+0000][196023.223s][info][gc,marking  ] GC(7624) Concurrent Mark 771.913ms
[2025-01-09T02:52:32.857+0000][196023.223s][info][gc,marking  ] GC(7624) Concurrent Rebuild Remembered Sets
[2025-01-09T02:52:33.353+0000][196023.719s][info][gc,marking  ] GC(7624) Concurrent Rebuild Remembered Sets 496.616ms
[2025-01-09T02:52:33.354+0000][196023.720s][info][gc,start    ] GC(7624) Pause Cleanup
[2025-01-09T02:52:33.354+0000][196023.720s][info][gc          ] GC(7624) Pause Cleanup 3282M->3282M(12288M) 0.472ms
[2025-01-09T02:52:33.354+0000][196023.721s][info][gc,cpu      ] GC(7624) User=0.00s Sys=0.00s Real=0.00s
[2025-01-09T02:52:33.354+0000][196023.721s][info][gc,marking  ] GC(7624) Concurrent Cleanup for Next Mark
[2025-01-09T02:52:33.370+0000][196023.736s][info][gc,marking  ] GC(7624) Concurrent Cleanup for Next Mark 15.558ms
[2025-01-09T02:52:33.370+0000][196023.736s][info][gc          ] GC(7624) Concurrent Mark Cycle 1309.421ms
[2025-01-09T02:52:41.807+0000][196032.173s][info][gc,start    ] GC(7625) Pause Young (Prepare Mixed) (G1 Evacuation Pause)
[2025-01-09T02:52:41.807+0000][196032.173s][info][gc,task     ] GC(7625) Using 6 workers of 6 for evacuation
[2025-01-09T02:52:41.849+0000][196032.215s][info][gc,phases   ] GC(7625)   Pre Evacuate Collection Set: 0.2ms
[2025-01-09T02:52:41.849+0000][196032.215s][info][gc,phases   ] GC(7625)   Merge Heap Roots: 0.7ms
[2025-01-09T02:52:41.849+0000][196032.215s][info][gc,phases   ] GC(7625)   Evacuate Collection Set: 36.8ms
[2025-01-09T02:52:41.849+0000][196032.215s][info][gc,phases   ] GC(7625)   Post Evacuate Collection Set: 3.9ms
[2025-01-09T02:52:41.849+0000][196032.215s][info][gc,phases   ] GC(7625)   Other: 0.2ms
[2025-01-09T02:52:41.849+0000][196032.215s][info][gc,heap     ] GC(7625) Eden regions: 911->0(65)
[2025-01-09T02:52:41.849+0000][196032.215s][info][gc,heap     ] GC(7625) Survivor regions: 10->11(116)
[2025-01-09T02:52:41.849+0000][196032.215s][info][gc,heap     ] GC(7625) Old regions: 231->231
[2025-01-09T02:52:41.849+0000][196032.215s][info][gc,heap     ] GC(7625) Archive regions: 2->2
[2025-01-09T02:52:41.849+0000][196032.215s][info][gc,heap     ] GC(7625) Humongous regions: 49->49
[2025-01-09T02:52:41.849+0000][196032.215s][info][gc,metaspace] GC(7625) Metaspace: 524919K(534272K)->524919K(534272K) NonClass: 460951K(465536K)->460951K(465536K) Class: 63968K(68736K)->63968K(68736K)
[2025-01-09T02:52:41.849+0000][196032.215s][info][gc          ] GC(7625) Pause Young (Prepare Mixed) (G1 Evacuation Pause) 9610M->2332M(12288M) 41.938ms
[2025-01-09T02:52:41.849+0000][196032.215s][info][gc,cpu      ] GC(7625) User=0.24s Sys=0.00s Real=0.04s
[2025-01-09T02:52:42.350+0000][196032.716s][info][gc,start    ] GC(7626) Pause Young (Mixed) (G1 Evacuation Pause)
[2025-01-09T02:52:42.350+0000][196032.716s][info][gc,task     ] GC(7626) Using 6 workers of 6 for evacuation
[2025-01-09T02:52:42.396+0000][196032.762s][info][gc,phases   ] GC(7626)   Pre Evacuate Collection Set: 0.2ms
[2025-01-09T02:52:42.396+0000][196032.762s][info][gc,phases   ] GC(7626)   Merge Heap Roots: 0.5ms
[2025-01-09T02:52:42.396+0000][196032.762s][info][gc,phases   ] GC(7626)   Evacuate Collection Set: 42.9ms
[2025-01-09T02:52:42.396+0000][196032.762s][info][gc,phases   ] GC(7626)   Post Evacuate Collection Set: 1.6ms
[2025-01-09T02:52:42.396+0000][196032.762s][info][gc,phases   ] GC(7626)   Other: 0.2ms
[2025-01-09T02:52:42.396+0000][196032.762s][info][gc,heap     ] GC(7626) Eden regions: 65->0(916)
[2025-01-09T02:52:42.396+0000][196032.762s][info][gc,heap     ] GC(7626) Survivor regions: 11->5(10)
[2025-01-09T02:52:42.396+0000][196032.762s][info][gc,heap     ] GC(7626) Old regions: 231->230
[2025-01-09T02:52:42.396+0000][196032.762s][info][gc,heap     ] GC(7626) Archive regions: 2->2
[2025-01-09T02:52:42.396+0000][196032.762s][info][gc,heap     ] GC(7626) Humongous regions: 49->49
[2025-01-09T02:52:42.396+0000][196032.762s][info][gc,metaspace] GC(7626) Metaspace: 524919K(534272K)->524919K(534272K) NonClass: 460951K(465536K)->460951K(465536K) Class: 63968K(68736K)->63968K(68736K)
[2025-01-09T02:52:42.396+0000][196032.762s][info][gc          ] GC(7626) Pause Young (Mixed) (G1 Evacuation Pause) 2852M->2278M(12288M) 45.372ms
[2025-01-09T02:52:42.396+0000][196032.762s][info][gc,cpu      ] GC(7626) User=0.26s Sys=0.00s Real=0.04s
[2025-01-09T02:52:53.772+0000][196044.138s][info][gc,start    ] GC(7627) Pause Young (Normal) (G1 Evacuation Pause)
[2025-01-09T02:52:53.772+0000][196044.138s][info][gc,task     ] GC(7627) Using 6 workers of 6 for evacuation
[2025-01-09T02:52:53.798+0000][196044.164s][info][gc,phases   ] GC(7627)   Pre Evacuate Collection Set: 0.2ms
[2025-01-09T02:52:53.798+0000][196044.164s][info][gc,phases   ] GC(7627)   Merge Heap Roots: 0.4ms
[2025-01-09T02:52:53.798+0000][196044.164s][info][gc,phases   ] GC(7627)   Evacuate Collection Set: 21.7ms
[2025-01-09T02:52:53.798+0000][196044.164s][info][gc,phases   ] GC(7627)   Post Evacuate Collection Set: 3.9ms
[2025-01-09T02:52:53.798+0000][196044.164s][info][gc,phases   ] GC(7627)   Other: 0.2ms
[2025-01-09T02:52:53.798+0000][196044.164s][info][gc,heap     ] GC(7627) Eden regions: 916->0(915)
[2025-01-09T02:52:53.798+0000][196044.164s][info][gc,heap     ] GC(7627) Survivor regions: 5->6(116)
[2025-01-09T02:52:53.798+0000][196044.164s][info][gc,heap     ] GC(7627) Old regions: 230->230
[2025-01-09T02:52:53.798+0000][196044.164s][info][gc,heap     ] GC(7627) Archive regions: 2->2
[2025-01-09T02:52:53.798+0000][196044.164s][info][gc,heap     ] GC(7627) Humongous regions: 49->49
[2025-01-09T02:52:53.798+0000][196044.164s][info][gc,metaspace] GC(7627) Metaspace: 524919K(534272K)->524919K(534272K) NonClass: 460951K(465536K)->460951K(465536K) Class: 63968K(68736K)->63968K(68736K)
[2025-01-09T02:52:53.798+0000][196044.164s][info][gc          ] GC(7627) Pause Young (Normal) (G1 Evacuation Pause) 9606M->2286M(12288M) 26.581ms
[2025-01-09T02:52:53.798+0000][196044.164s][info][gc,cpu      ] GC(7627) User=0.15s Sys=0.00s Real=0.02s
[2025-01-09T02:53:05.838+0000][196056.204s][info][gc,start    ] GC(7628) Pause Young (Normal) (G1 Evacuation Pause)
[2025-01-09T02:53:05.838+0000][196056.205s][info][gc,task     ] GC(7628) Using 6 workers of 6 for evacuation
[2025-01-09T02:53:05.869+0000][196056.235s][info][gc,phases   ] GC(7628)   Pre Evacuate Collection Set: 0.2ms
[2025-01-09T02:53:05.869+0000][196056.235s][info][gc,phases   ] GC(7628)   Merge Heap Roots: 0.4ms
[2025-01-09T02:53:05.869+0000][196056.235s][info][gc,phases   ] GC(7628)   Evacuate Collection Set: 27.5ms
[2025-01-09T02:53:05.869+0000][196056.235s][info][gc,phases   ] GC(7628)   Post Evacuate Collection Set: 2.5ms
[2025-01-09T02:53:05.869+0000][196056.235s][info][gc,phases   ] GC(7628)   Other: 0.2ms
[2025-01-09T02:53:05.869+0000][196056.235s][info][gc,heap     ] GC(7628) Eden regions: 915->0(914)
[2025-01-09T02:53:05.869+0000][196056.235s][info][gc,heap     ] GC(7628) Survivor regions: 6->7(116)
[2025-01-09T02:53:05.869+0000][196056.235s][info][gc,heap     ] GC(7628) Old regions: 230->230
[2025-01-09T02:53:05.869+0000][196056.235s][info][gc,heap     ] GC(7628) Archive regions: 2->2
[2025-01-09T02:53:05.869+0000][196056.235s][info][gc,heap     ] GC(7628) Humongous regions: 49->49
[2025-01-09T02:53:05.869+0000][196056.235s][info][gc,metaspace] GC(7628) Metaspace: 524919K(534272K)->524919K(534272K) NonClass: 460951K(465536K)->460951K(465536K) Class: 63968K(68736K)->63968K(68736K)
[2025-01-09T02:53:05.869+0000][196056.235s][info][gc          ] GC(7628) Pause Young (Normal) (G1 Evacuation Pause) 9606M->2294M(12288M) 31.004ms
[2025-01-09T02:53:05.869+0000][196056.236s][info][gc,cpu      ] GC(7628) User=0.18s Sys=0.01s Real=0.03s
[2025-01-09T02:53:13.754+0000][196064.121s][info][gc,start    ] GC(7629) Pause Young (Concurrent Start) (G1 Evacuation Pause)
[2025-01-09T02:53:13.755+0000][196064.121s][info][gc,task     ] GC(7629) Using 6 workers of 6 for evacuation
[2025-01-09T02:53:13.787+0000][196064.153s][info][gc,phases   ] GC(7629)   Pre Evacuate Collection Set: 1.1ms
[2025-01-09T02:53:13.787+0000][196064.153s][info][gc,phases   ] GC(7629)   Merge Heap Roots: 0.4ms
[2025-01-09T02:53:13.787+0000][196064.153s][info][gc,phases   ] GC(7629)   Evacuate Collection Set: 27.9ms
[2025-01-09T02:53:13.787+0000][196064.153s][info][gc,phases   ] GC(7629)   Post Evacuate Collection Set: 2.5ms
[2025-01-09T02:53:13.787+0000][196064.153s][info][gc,phases   ] GC(7629)   Other: 0.3ms
[2025-01-09T02:53:13.787+0000][196064.153s][info][gc,heap     ] GC(7629) Eden regions: 914->0(913)
[2025-01-09T02:53:13.787+0000][196064.153s][info][gc,heap     ] GC(7629) Survivor regions: 7->8(116)
[2025-01-09T02:53:13.787+0000][196064.153s][info][gc,heap     ] GC(7629) Old regions: 230->230
[2025-01-09T02:53:13.787+0000][196064.153s][info][gc,heap     ] GC(7629) Archive regions: 2->2
[2025-01-09T02:53:13.787+0000][196064.153s][info][gc,heap     ] GC(7629) Humongous regions: 49->49
[2025-01-09T02:53:13.787+0000][196064.153s][info][gc,metaspace] GC(7629) Metaspace: 524919K(534272K)->524919K(534272K) NonClass: 460951K(465536K)->460951K(465536K) Class: 63968K(68736K)->63968K(68736K)
[2025-01-09T02:53:13.787+0000][196064.153s][info][gc          ] GC(7629) Pause Young (Concurrent Start) (G1 Evacuation Pause) 9606M->2302M(12288M) 32.369ms
[2025-01-09T02:53:13.787+0000][196064.153s][info][gc,cpu      ] GC(7629) User=0.19s Sys=0.00s Real=0.03s
[2025-01-09T02:53:13.787+0000][196064.153s][info][gc          ] GC(7630) Concurrent Mark Cycle
[2025-01-09T02:53:13.787+0000][196064.153s][info][gc,marking  ] GC(7630) Concurrent Clear Claimed Marks
[2025-01-09T02:53:13.788+0000][196064.154s][info][gc,marking  ] GC(7630) Concurrent Clear Claimed Marks 0.937ms
[2025-01-09T02:53:13.788+0000][196064.154s][info][gc,marking  ] GC(7630) Concurrent Scan Root Regions
[2025-01-09T02:53:13.814+0000][196064.180s][info][gc,marking  ] GC(7630) Concurrent Scan Root Regions 25.789ms
[2025-01-09T02:53:13.814+0000][196064.180s][info][gc,marking  ] GC(7630) Concurrent Mark
[2025-01-09T02:53:13.814+0000][196064.180s][info][gc,marking  ] GC(7630) Concurrent Mark From Roots
[2025-01-09T02:53:13.814+0000][196064.180s][info][gc,task     ] GC(7630) Using 2 workers of 2 for marking
[2025-01-09T02:53:14.587+0000][196064.953s][info][gc,marking  ] GC(7630) Concurrent Mark From Roots 773.085ms
[2025-01-09T02:53:14.587+0000][196064.953s][info][gc,marking  ] GC(7630) Concurrent Preclean
[2025-01-09T02:53:14.590+0000][196064.956s][info][gc,marking  ] GC(7630) Concurrent Preclean 2.764ms
[2025-01-09T02:53:14.590+0000][196064.956s][info][gc,start    ] GC(7630) Pause Remark
[2025-01-09T02:53:14.615+0000][196064.981s][info][gc          ] GC(7630) Pause Remark 2725M->2725M(12288M) 25.381ms
[2025-01-09T02:53:14.615+0000][196064.981s][info][gc,cpu      ] GC(7630) User=0.15s Sys=0.00s Real=0.02s
[2025-01-09T02:53:14.615+0000][196064.981s][info][gc,marking  ] GC(7630) Concurrent Mark 801.558ms
[2025-01-09T02:53:14.615+0000][196064.981s][info][gc,marking  ] GC(7630) Concurrent Rebuild Remembered Sets
[2025-01-09T02:53:15.121+0000][196065.487s][info][gc,marking  ] GC(7630) Concurrent Rebuild Remembered Sets 505.561ms
[2025-01-09T02:53:15.121+0000][196065.487s][info][gc,start    ] GC(7630) Pause Cleanup
[2025-01-09T02:53:15.121+0000][196065.488s][info][gc          ] GC(7630) Pause Cleanup 2757M->2757M(12288M) 0.454ms
[2025-01-09T02:53:15.122+0000][196065.488s][info][gc,cpu      ] GC(7630) User=0.01s Sys=0.00s Real=0.01s
[2025-01-09T02:53:15.122+0000][196065.488s][info][gc,marking  ] GC(7630) Concurrent Cleanup for Next Mark
[2025-01-09T02:53:15.137+0000][196065.503s][info][gc,marking  ] GC(7630) Concurrent Cleanup for Next Mark 15.314ms
[2025-01-09T02:53:15.137+0000][196065.503s][info][gc          ] GC(7630) Concurrent Mark Cycle 1349.992ms
[2025-01-09T02:53:23.274+0000][196073.640s][info][gc,start    ] GC(7631) Pause Young (Prepare Mixed) (G1 Evacuation Pause)
[2025-01-09T02:53:23.274+0000][196073.640s][info][gc,task     ] GC(7631) Using 6 workers of 6 for evacuation
[2025-01-09T02:53:23.308+0000][196073.674s][info][gc,phases   ] GC(7631)   Pre Evacuate Collection Set: 0.2ms
[2025-01-09T02:53:23.308+0000][196073.674s][info][gc,phases   ] GC(7631)   Merge Heap Roots: 0.7ms
[2025-01-09T02:53:23.308+0000][196073.674s][info][gc,phases   ] GC(7631)   Evacuate Collection Set: 30.6ms
[2025-01-09T02:53:23.308+0000][196073.674s][info][gc,phases   ] GC(7631)   Post Evacuate Collection Set: 2.6ms
[2025-01-09T02:53:23.308+0000][196073.674s][info][gc,phases   ] GC(7631)   Other: 0.2ms
[2025-01-09T02:53:23.308+0000][196073.674s][info][gc,heap     ] GC(7631) Eden regions: 913->0(67)
[2025-01-09T02:53:23.308+0000][196073.674s][info][gc,heap     ] GC(7631) Survivor regions: 8->9(116)
[2025-01-09T02:53:23.308+0000][196073.674s][info][gc,heap     ] GC(7631) Old regions: 230->230
[2025-01-09T02:53:23.308+0000][196073.674s][info][gc,heap     ] GC(7631) Archive regions: 2->2
[2025-01-09T02:53:23.308+0000][196073.674s][info][gc,heap     ] GC(7631) Humongous regions: 49->49
[2025-01-09T02:53:23.308+0000][196073.675s][info][gc,metaspace] GC(7631) Metaspace: 524919K(534272K)->524919K(534272K) NonClass: 460951K(465536K)->460951K(465536K) Class: 63968K(68736K)->63968K(68736K)
[2025-01-09T02:53:23.308+0000][196073.675s][info][gc          ] GC(7631) Pause Young (Prepare Mixed) (G1 Evacuation Pause) 9606M->2310M(12288M) 34.306ms
[2025-01-09T02:53:23.308+0000][196073.675s][info][gc,cpu      ] GC(7631) User=0.20s Sys=0.00s Real=0.03s
[2025-01-09T02:53:24.702+0000][196075.068s][info][gc,start    ] GC(7632) Pause Young (Mixed) (G1 Evacuation Pause)
[2025-01-09T02:53:24.702+0000][196075.068s][info][gc,task     ] GC(7632) Using 6 workers of 6 for evacuation
[2025-01-09T02:53:24.770+0000][196075.136s][info][gc,phases   ] GC(7632)   Pre Evacuate Collection Set: 0.2ms
[2025-01-09T02:53:24.770+0000][196075.136s][info][gc,phases   ] GC(7632)   Merge Heap Roots: 0.7ms
[2025-01-09T02:53:24.770+0000][196075.136s][info][gc,phases   ] GC(7632)   Evacuate Collection Set: 65.2ms
[2025-01-09T02:53:24.770+0000][196075.136s][info][gc,phases   ] GC(7632)   Post Evacuate Collection Set: 1.9ms
[2025-01-09T02:53:24.770+0000][196075.136s][info][gc,phases   ] GC(7632)   Other: 0.2ms
[2025-01-09T02:53:24.770+0000][196075.136s][info][gc,heap     ] GC(7632) Eden regions: 67->0(912)
[2025-01-09T02:53:24.770+0000][196075.136s][info][gc,heap     ] GC(7632) Survivor regions: 9->9(10)
[2025-01-09T02:53:24.770+0000][196075.136s][info][gc,heap     ] GC(7632) Old regions: 230->229
[2025-01-09T02:53:24.770+0000][196075.136s][info][gc,heap     ] GC(7632) Archive regions: 2->2
[2025-01-09T02:53:24.770+0000][196075.136s][info][gc,heap     ] GC(7632) Humongous regions: 49->49
[2025-01-09T02:53:24.770+0000][196075.136s][info][gc,metaspace] GC(7632) Metaspace: 524919K(534272K)->524919K(534272K) NonClass: 460951K(465536K)->460951K(465536K) Class: 63968K(68736K)->63968K(68736K)
[2025-01-09T02:53:24.770+0000][196075.136s][info][gc          ] GC(7632) Pause Young (Mixed) (G1 Evacuation Pause) 2846M->2291M(12288M) 68.284ms
[2025-01-09T02:53:24.770+0000][196075.136s][info][gc,cpu      ] GC(7632) User=0.40s Sys=0.00s Real=0.07s
[2025-01-09T02:53:34.255+0000][196084.621s][info][gc,start    ] GC(7633) Pause Young (Normal) (G1 Evacuation Pause)
[2025-01-09T02:53:34.255+0000][196084.621s][info][gc,task     ] GC(7633) Using 6 workers of 6 for evacuation
[2025-01-09T02:53:34.285+0000][196084.651s][info][gc,phases   ] GC(7633)   Pre Evacuate Collection Set: 0.2ms
[2025-01-09T02:53:34.285+0000][196084.651s][info][gc,phases   ] GC(7633)   Merge Heap Roots: 0.5ms
[2025-01-09T02:53:34.285+0000][196084.651s][info][gc,phases   ] GC(7633)   Evacuate Collection Set: 24.0ms
[2025-01-09T02:53:34.285+0000][196084.651s][info][gc,phases   ] GC(7633)   Post Evacuate Collection Set: 5.1ms
[2025-01-09T02:53:34.285+0000][196084.651s][info][gc,phases   ] GC(7633)   Other: 0.2ms
[2025-01-09T02:53:34.285+0000][196084.651s][info][gc,heap     ] GC(7633) Eden regions: 912->0(913)
[2025-01-09T02:53:34.285+0000][196084.651s][info][gc,heap     ] GC(7633) Survivor regions: 9->8(116)
[2025-01-09T02:53:34.285+0000][196084.651s][info][gc,heap     ] GC(7633) Old regions: 229->229
[2025-01-09T02:53:34.285+0000][196084.651s][info][gc,heap     ] GC(7633) Archive regions: 2->2
[2025-01-09T02:53:34.285+0000][196084.651s][info][gc,heap     ] GC(7633) Humongous regions: 49->49
[2025-01-09T02:53:34.285+0000][196084.651s][info][gc,metaspace] GC(7633) Metaspace: 524919K(534272K)->524919K(534272K) NonClass: 460951K(465536K)->460951K(465536K) Class: 63968K(68736K)->63968K(68736K)
[2025-01-09T02:53:34.285+0000][196084.651s][info][gc          ] GC(7633) Pause Young (Normal) (G1 Evacuation Pause) 9587M->2285M(12288M) 30.069ms
[2025-01-09T02:53:34.285+0000][196084.651s][info][gc,cpu      ] GC(7633) User=0.17s Sys=0.00s Real=0.03s
[2025-01-09T02:53:45.148+0000][196095.514s][info][gc,start    ] GC(7634) Pause Young (Normal) (G1 Evacuation Pause)
[2025-01-09T02:53:45.148+0000][196095.514s][info][gc,task     ] GC(7634) Using 6 workers of 6 for evacuation
[2025-01-09T02:53:45.182+0000][196095.548s][info][gc,phases   ] GC(7634)   Pre Evacuate Collection Set: 0.2ms
[2025-01-09T02:53:45.182+0000][196095.548s][info][gc,phases   ] GC(7634)   Merge Heap Roots: 0.4ms
[2025-01-09T02:53:45.182+0000][196095.548s][info][gc,phases   ] GC(7634)   Evacuate Collection Set: 29.0ms
[2025-01-09T02:53:45.182+0000][196095.548s][info][gc,phases   ] GC(7634)   Post Evacuate Collection Set: 3.9ms
[2025-01-09T02:53:45.182+0000][196095.548s][info][gc,phases   ] GC(7634)   Other: 0.2ms
[2025-01-09T02:53:45.182+0000][196095.548s][info][gc,heap     ] GC(7634) Eden regions: 913->0(912)
[2025-01-09T02:53:45.182+0000][196095.548s][info][gc,heap     ] GC(7634) Survivor regions: 8->9(116)
[2025-01-09T02:53:45.182+0000][196095.548s][info][gc,heap     ] GC(7634) Old regions: 229->229
[2025-01-09T02:53:45.182+0000][196095.548s][info][gc,heap     ] GC(7634) Archive regions: 2->2
[2025-01-09T02:53:45.182+0000][196095.548s][info][gc,heap     ] GC(7634) Humongous regions: 49->49
[2025-01-09T02:53:45.182+0000][196095.548s][info][gc,metaspace] GC(7634) Metaspace: 524919K(534272K)->524919K(534272K) NonClass: 460951K(465536K)->460951K(465536K) Class: 63968K(68736K)->63968K(68736K)
[2025-01-09T02:53:45.182+0000][196095.548s][info][gc          ] GC(7634) Pause Young (Normal) (G1 Evacuation Pause) 9589M->2289M(12288M) 33.813ms
[2025-01-09T02:53:45.182+0000][196095.548s][info][gc,cpu      ] GC(7634) User=0.20s Sys=0.00s Real=0.04s
[2025-01-09T02:53:55.107+0000][196105.473s][info][gc,start    ] GC(7635) Pause Young (Concurrent Start) (G1 Evacuation Pause)
[2025-01-09T02:53:55.107+0000][196105.473s][info][gc,task     ] GC(7635) Using 6 workers of 6 for evacuation
[2025-01-09T02:53:55.142+0000][196105.508s][info][gc,phases   ] GC(7635)   Pre Evacuate Collection Set: 1.1ms
[2025-01-09T02:53:55.142+0000][196105.508s][info][gc,phases   ] GC(7635)   Merge Heap Roots: 0.4ms
[2025-01-09T02:53:55.142+0000][196105.508s][info][gc,phases   ] GC(7635)   Evacuate Collection Set: 30.5ms
[2025-01-09T02:53:55.142+0000][196105.508s][info][gc,phases   ] GC(7635)   Post Evacuate Collection Set: 2.5ms
[2025-01-09T02:53:55.142+0000][196105.508s][info][gc,phases   ] GC(7635)   Other: 0.3ms
[2025-01-09T02:53:55.142+0000][196105.508s][info][gc,heap     ] GC(7635) Eden regions: 912->0(912)
[2025-01-09T02:53:55.142+0000][196105.508s][info][gc,heap     ] GC(7635) Survivor regions: 9->9(116)
[2025-01-09T02:53:55.142+0000][196105.508s][info][gc,heap     ] GC(7635) Old regions: 229->229
[2025-01-09T02:53:55.142+0000][196105.508s][info][gc,heap     ] GC(7635) Archive regions: 2->2
[2025-01-09T02:53:55.142+0000][196105.508s][info][gc,heap     ] GC(7635) Humongous regions: 49->49
[2025-01-09T02:53:55.142+0000][196105.508s][info][gc,metaspace] GC(7635) Metaspace: 524919K(534272K)->524919K(534272K) NonClass: 460951K(465536K)->460951K(465536K) Class: 63968K(68736K)->63968K(68736K)
[2025-01-09T02:53:55.142+0000][196105.508s][info][gc          ] GC(7635) Pause Young (Concurrent Start) (G1 Evacuation Pause) 9585M->2295M(12288M) 34.971ms
[2025-01-09T02:53:55.142+0000][196105.508s][info][gc,cpu      ] GC(7635) User=0.20s Sys=0.00s Real=0.04s
[2025-01-09T02:53:55.142+0000][196105.508s][info][gc          ] GC(7636) Concurrent Mark Cycle
[2025-01-09T02:53:55.142+0000][196105.508s][info][gc,marking  ] GC(7636) Concurrent Clear Claimed Marks
[2025-01-09T02:53:55.143+0000][196105.509s][info][gc,marking  ] GC(7636) Concurrent Clear Claimed Marks 0.954ms
[2025-01-09T02:53:55.143+0000][196105.509s][info][gc,marking  ] GC(7636) Concurrent Scan Root Regions
[2025-01-09T02:53:55.169+0000][196105.535s][info][gc,marking  ] GC(7636) Concurrent Scan Root Regions 25.826ms
[2025-01-09T02:53:55.169+0000][196105.535s][info][gc,marking  ] GC(7636) Concurrent Mark
[2025-01-09T02:53:55.169+0000][196105.535s][info][gc,marking  ] GC(7636) Concurrent Mark From Roots
[2025-01-09T02:53:55.169+0000][196105.535s][info][gc,task     ] GC(7636) Using 2 workers of 2 for marking
[2025-01-09T02:53:55.997+0000][196106.364s][info][gc,marking  ] GC(7636) Concurrent Mark From Roots 828.260ms
[2025-01-09T02:53:55.998+0000][196106.364s][info][gc,marking  ] GC(7636) Concurrent Preclean
[2025-01-09T02:53:56.000+0000][196106.366s][info][gc,marking  ] GC(7636) Concurrent Preclean 2.858ms
[2025-01-09T02:53:56.001+0000][196106.367s][info][gc,start    ] GC(7636) Pause Remark
[2025-01-09T02:53:56.057+0000][196106.423s][info][gc          ] GC(7636) Pause Remark 3135M->3135M(12288M) 56.485ms
[2025-01-09T02:53:56.057+0000][196106.423s][info][gc,cpu      ] GC(7636) User=0.31s Sys=0.00s Real=0.06s
[2025-01-09T02:53:56.057+0000][196106.423s][info][gc,marking  ] GC(7636) Concurrent Mark 887.980ms
[2025-01-09T02:53:56.057+0000][196106.423s][info][gc,marking  ] GC(7636) Concurrent Rebuild Remembered Sets
[2025-01-09T02:53:56.565+0000][196106.932s][info][gc,marking  ] GC(7636) Concurrent Rebuild Remembered Sets 508.214ms
[2025-01-09T02:53:56.566+0000][196106.932s][info][gc,start    ] GC(7636) Pause Cleanup
[2025-01-09T02:53:56.566+0000][196106.932s][info][gc          ] GC(7636) Pause Cleanup 3492M->3492M(12288M) 0.409ms
[2025-01-09T02:53:56.566+0000][196106.932s][info][gc,cpu      ] GC(7636) User=0.00s Sys=0.00s Real=0.00s
[2025-01-09T02:53:56.566+0000][196106.932s][info][gc,marking  ] GC(7636) Concurrent Cleanup for Next Mark
[2025-01-09T02:53:56.582+0000][196106.948s][info][gc,marking  ] GC(7636) Concurrent Cleanup for Next Mark 15.426ms
[2025-01-09T02:53:56.582+0000][196106.948s][info][gc          ] GC(7636) Concurrent Mark Cycle 1439.184ms
[2025-01-09T02:54:03.458+0000][196113.824s][info][gc,start    ] GC(7637) Pause Young (Prepare Mixed) (G1 Evacuation Pause)
[2025-01-09T02:54:03.458+0000][196113.824s][info][gc,task     ] GC(7637) Using 6 workers of 6 for evacuation
[2025-01-09T02:54:03.495+0000][196113.861s][info][gc,phases   ] GC(7637)   Pre Evacuate Collection Set: 0.2ms
[2025-01-09T02:54:03.495+0000][196113.861s][info][gc,phases   ] GC(7637)   Merge Heap Roots: 0.7ms
[2025-01-09T02:54:03.495+0000][196113.861s][info][gc,phases   ] GC(7637)   Evacuate Collection Set: 33.1ms
[2025-01-09T02:54:03.495+0000][196113.861s][info][gc,phases   ] GC(7637)   Post Evacuate Collection Set: 2.6ms
[2025-01-09T02:54:03.495+0000][196113.861s][info][gc,phases   ] GC(7637)   Other: 0.2ms
[2025-01-09T02:54:03.495+0000][196113.861s][info][gc,heap     ] GC(7637) Eden regions: 912->0(66)
[2025-01-09T02:54:03.495+0000][196113.861s][info][gc,heap     ] GC(7637) Survivor regions: 9->10(116)
[2025-01-09T02:54:03.495+0000][196113.861s][info][gc,heap     ] GC(7637) Old regions: 229->229
[2025-01-09T02:54:03.495+0000][196113.861s][info][gc,heap     ] GC(7637) Archive regions: 2->2
[2025-01-09T02:54:03.495+0000][196113.861s][info][gc,heap     ] GC(7637) Humongous regions: 49->49
[2025-01-09T02:54:03.495+0000][196113.861s][info][gc,metaspace] GC(7637) Metaspace: 524781K(534272K)->524781K(534272K) NonClass: 460838K(465536K)->460838K(465536K) Class: 63942K(68736K)->63942K(68736K)
[2025-01-09T02:54:03.495+0000][196113.861s][info][gc          ] GC(7637) Pause Young (Prepare Mixed) (G1 Evacuation Pause) 9591M->2301M(12288M) 36.948ms
[2025-01-09T02:54:03.495+0000][196113.861s][info][gc,cpu      ] GC(7637) User=0.21s Sys=0.00s Real=0.04s
[2025-01-09T02:54:04.649+0000][196115.015s][info][gc,start    ] GC(7638) Pause Young (Mixed) (G1 Evacuation Pause)
[2025-01-09T02:54:04.649+0000][196115.015s][info][gc,task     ] GC(7638) Using 6 workers of 6 for evacuation
[2025-01-09T02:54:04.716+0000][196115.082s][info][gc,phases   ] GC(7638)   Pre Evacuate Collection Set: 0.2ms
[2025-01-09T02:54:04.716+0000][196115.082s][info][gc,phases   ] GC(7638)   Merge Heap Roots: 0.7ms
[2025-01-09T02:54:04.716+0000][196115.082s][info][gc,phases   ] GC(7638)   Evacuate Collection Set: 64.3ms
[2025-01-09T02:54:04.716+0000][196115.082s][info][gc,phases   ] GC(7638)   Post Evacuate Collection Set: 1.7ms
[2025-01-09T02:54:04.716+0000][196115.082s][info][gc,phases   ] GC(7638)   Other: 0.2ms
[2025-01-09T02:54:04.716+0000][196115.082s][info][gc,heap     ] GC(7638) Eden regions: 66->0(915)
[2025-01-09T02:54:04.716+0000][196115.082s][info][gc,heap     ] GC(7638) Survivor regions: 10->6(10)
[2025-01-09T02:54:04.716+0000][196115.082s][info][gc,heap     ] GC(7638) Old regions: 229->229
[2025-01-09T02:54:04.716+0000][196115.082s][info][gc,heap     ] GC(7638) Archive regions: 2->2
[2025-01-09T02:54:04.716+0000][196115.082s][info][gc,heap     ] GC(7638) Humongous regions: 49->49
[2025-01-09T02:54:04.716+0000][196115.082s][info][gc,metaspace] GC(7638) Metaspace: 524781K(534272K)->524781K(534272K) NonClass: 460838K(465536K)->460838K(465536K) Class: 63942K(68736K)->63942K(68736K)
[2025-01-09T02:54:04.716+0000][196115.082s][info][gc          ] GC(7638) Pause Young (Mixed) (G1 Evacuation Pause) 2829M->2272M(12288M) 67.159ms
[2025-01-09T02:54:04.716+0000][196115.082s][info][gc,cpu      ] GC(7638) User=0.40s Sys=0.00s Real=0.07s
[2025-01-09T02:54:15.285+0000][196125.651s][info][gc,start    ] GC(7639) Pause Young (Normal) (G1 Evacuation Pause)
[2025-01-09T02:54:15.285+0000][196125.651s][info][gc,task     ] GC(7639) Using 6 workers of 6 for evacuation
[2025-01-09T02:54:15.315+0000][196125.681s][info][gc,phases   ] GC(7639)   Pre Evacuate Collection Set: 0.2ms
[2025-01-09T02:54:15.315+0000][196125.681s][info][gc,phases   ] GC(7639)   Merge Heap Roots: 0.5ms
[2025-01-09T02:54:15.315+0000][196125.681s][info][gc,phases   ] GC(7639)   Evacuate Collection Set: 26.0ms
[2025-01-09T02:54:15.315+0000][196125.681s][info][gc,phases   ] GC(7639)   Post Evacuate Collection Set: 2.6ms
[2025-01-09T02:54:15.315+0000][196125.681s][info][gc,phases   ] GC(7639)   Other: 0.2ms
[2025-01-09T02:54:15.315+0000][196125.681s][info][gc,heap     ] GC(7639) Eden regions: 915->0(914)
[2025-01-09T02:54:15.315+0000][196125.681s][info][gc,heap     ] GC(7639) Survivor regions: 6->7(116)
[2025-01-09T02:54:15.315+0000][196125.681s][info][gc,heap     ] GC(7639) Old regions: 229->229
[2025-01-09T02:54:15.315+0000][196125.681s][info][gc,heap     ] GC(7639) Archive regions: 2->2
[2025-01-09T02:54:15.315+0000][196125.681s][info][gc,heap     ] GC(7639) Humongous regions: 49->49
[2025-01-09T02:54:15.315+0000][196125.681s][info][gc,metaspace] GC(7639) Metaspace: 524781K(534272K)->524781K(534272K) NonClass: 460838K(465536K)->460838K(465536K) Class: 63942K(68736K)->63942K(68736K)
[2025-01-09T02:54:15.315+0000][196125.681s][info][gc          ] GC(7639) Pause Young (Normal) (G1 Evacuation Pause) 9592M->2280M(12288M) 29.617ms
[2025-01-09T02:54:15.315+0000][196125.681s][info][gc,cpu      ] GC(7639) User=0.17s Sys=0.00s Real=0.03s
[2025-01-09T02:54:20.341+0000][196130.707s][info][gc,start    ] GC(7640) Pause Young (Normal) (G1 Evacuation Pause)
[2025-01-09T02:54:20.341+0000][196130.707s][info][gc,task     ] GC(7640) Using 6 workers of 6 for evacuation
[2025-01-09T02:54:20.370+0000][196130.736s][info][gc,phases   ] GC(7640)   Pre Evacuate Collection Set: 0.2ms
[2025-01-09T02:54:20.370+0000][196130.736s][info][gc,phases   ] GC(7640)   Merge Heap Roots: 0.4ms
[2025-01-09T02:54:20.370+0000][196130.736s][info][gc,phases   ] GC(7640)   Evacuate Collection Set: 24.3ms
[2025-01-09T02:54:20.370+0000][196130.736s][info][gc,phases   ] GC(7640)   Post Evacuate Collection Set: 3.8ms
[2025-01-09T02:54:20.370+0000][196130.736s][info][gc,phases   ] GC(7640)   Other: 0.2ms
[2025-01-09T02:54:20.370+0000][196130.736s][info][gc,heap     ] GC(7640) Eden regions: 914->0(912)
[2025-01-09T02:54:20.370+0000][196130.736s][info][gc,heap     ] GC(7640) Survivor regions: 7->9(116)
[2025-01-09T02:54:20.370+0000][196130.736s][info][gc,heap     ] GC(7640) Old regions: 229->229
[2025-01-09T02:54:20.370+0000][196130.736s][info][gc,heap     ] GC(7640) Archive regions: 2->2
[2025-01-09T02:54:20.370+0000][196130.736s][info][gc,heap     ] GC(7640) Humongous regions: 49->49
[2025-01-09T02:54:20.370+0000][196130.736s][info][gc,metaspace] GC(7640) Metaspace: 524781K(534272K)->524781K(534272K) NonClass: 460838K(465536K)->460838K(465536K) Class: 63942K(68736K)->63942K(68736K)
[2025-01-09T02:54:20.370+0000][196130.736s][info][gc          ] GC(7640) Pause Young (Normal) (G1 Evacuation Pause) 9592M->2290M(12288M) 29.012ms
[2025-01-09T02:54:20.370+0000][196130.736s][info][gc,cpu      ] GC(7640) User=0.17s Sys=0.00s Real=0.04s
[2025-01-09T02:54:28.238+0000][196138.604s][info][gc,start    ] GC(7641) Pause Young (Concurrent Start) (G1 Evacuation Pause)
[2025-01-09T02:54:28.238+0000][196138.604s][info][gc,task     ] GC(7641) Using 6 workers of 6 for evacuation
[2025-01-09T02:54:28.272+0000][196138.638s][info][gc,phases   ] GC(7641)   Pre Evacuate Collection Set: 1.2ms
[2025-01-09T02:54:28.272+0000][196138.638s][info][gc,phases   ] GC(7641)   Merge Heap Roots: 0.4ms
[2025-01-09T02:54:28.272+0000][196138.638s][info][gc,phases   ] GC(7641)   Evacuate Collection Set: 29.1ms
[2025-01-09T02:54:28.272+0000][196138.638s][info][gc,phases   ] GC(7641)   Post Evacuate Collection Set: 3.7ms
[2025-01-09T02:54:28.272+0000][196138.638s][info][gc,phases   ] GC(7641)   Other: 0.3ms
[2025-01-09T02:54:28.272+0000][196138.638s][info][gc,heap     ] GC(7641) Eden regions: 912->0(911)
[2025-01-09T02:54:28.272+0000][196138.638s][info][gc,heap     ] GC(7641) Survivor regions: 9->10(116)
[2025-01-09T02:54:28.272+0000][196138.638s][info][gc,heap     ] GC(7641) Old regions: 229->229
[2025-01-09T02:54:28.272+0000][196138.638s][info][gc,heap     ] GC(7641) Archive regions: 2->2
[2025-01-09T02:54:28.272+0000][196138.638s][info][gc,heap     ] GC(7641) Humongous regions: 49->49
[2025-01-09T02:54:28.272+0000][196138.638s][info][gc,metaspace] GC(7641) Metaspace: 524781K(534272K)->524781K(534272K) NonClass: 460838K(465536K)->460838K(465536K) Class: 63942K(68736K)->63942K(68736K)
[2025-01-09T02:54:28.272+0000][196138.638s][info][gc          ] GC(7641) Pause Young (Concurrent Start) (G1 Evacuation Pause) 9586M->2300M(12288M) 34.753ms
[2025-01-09T02:54:28.272+0000][196138.638s][info][gc,cpu      ] GC(7641) User=0.20s Sys=0.00s Real=0.04s
[2025-01-09T02:54:28.272+0000][196138.638s][info][gc          ] GC(7642) Concurrent Mark Cycle
[2025-01-09T02:54:28.272+0000][196138.638s][info][gc,marking  ] GC(7642) Concurrent Clear Claimed Marks
[2025-01-09T02:54:28.273+0000][196138.639s][info][gc,marking  ] GC(7642) Concurrent Clear Claimed Marks 0.902ms
[2025-01-09T02:54:28.273+0000][196138.639s][info][gc,marking  ] GC(7642) Concurrent Scan Root Regions
[2025-01-09T02:54:28.298+0000][196138.664s][info][gc,marking  ] GC(7642) Concurrent Scan Root Regions 25.092ms
[2025-01-09T02:54:28.298+0000][196138.665s][info][gc,marking  ] GC(7642) Concurrent Mark
[2025-01-09T02:54:28.298+0000][196138.665s][info][gc,marking  ] GC(7642) Concurrent Mark From Roots
[2025-01-09T02:54:28.298+0000][196138.665s][info][gc,task     ] GC(7642) Using 2 workers of 2 for marking
[2025-01-09T02:54:29.102+0000][196139.468s][info][gc,marking  ] GC(7642) Concurrent Mark From Roots 803.583ms
[2025-01-09T02:54:29.102+0000][196139.468s][info][gc,marking  ] GC(7642) Concurrent Preclean
[2025-01-09T02:54:29.105+0000][196139.471s][info][gc,marking  ] GC(7642) Concurrent Preclean 2.676ms
[2025-01-09T02:54:29.105+0000][196139.471s][info][gc,start    ] GC(7642) Pause Remark
[2025-01-09T02:54:29.131+0000][196139.497s][info][gc          ] GC(7642) Pause Remark 2964M->2964M(12288M) 25.723ms
[2025-01-09T02:54:29.131+0000][196139.497s][info][gc,cpu      ] GC(7642) User=0.13s Sys=0.01s Real=0.03s
[2025-01-09T02:54:29.131+0000][196139.497s][info][gc,marking  ] GC(7642) Concurrent Mark 832.298ms
[2025-01-09T02:54:29.131+0000][196139.497s][info][gc,marking  ] GC(7642) Concurrent Rebuild Remembered Sets
[2025-01-09T02:54:29.636+0000][196140.003s][info][gc,marking  ] GC(7642) Concurrent Rebuild Remembered Sets 505.698ms
[2025-01-09T02:54:29.637+0000][196140.003s][info][gc,start    ] GC(7642) Pause Cleanup
[2025-01-09T02:54:29.637+0000][196140.003s][info][gc          ] GC(7642) Pause Cleanup 3350M->3350M(12288M) 0.398ms
[2025-01-09T02:54:29.637+0000][196140.003s][info][gc,cpu      ] GC(7642) User=0.01s Sys=0.00s Real=0.00s
[2025-01-09T02:54:29.637+0000][196140.003s][info][gc,marking  ] GC(7642) Concurrent Cleanup for Next Mark
[2025-01-09T02:54:29.652+0000][196140.018s][info][gc,marking  ] GC(7642) Concurrent Cleanup for Next Mark 15.287ms
[2025-01-09T02:54:29.652+0000][196140.019s][info][gc          ] GC(7642) Concurrent Mark Cycle 1380.090ms
[2025-01-09T02:54:41.580+0000][196151.946s][info][gc,start    ] GC(7643) Pause Young (Prepare Mixed) (G1 Evacuation Pause)
[2025-01-09T02:54:41.580+0000][196151.946s][info][gc,task     ] GC(7643) Using 6 workers of 6 for evacuation
[2025-01-09T02:54:41.625+0000][196151.991s][info][gc,phases   ] GC(7643)   Pre Evacuate Collection Set: 0.2ms
[2025-01-09T02:54:41.625+0000][196151.991s][info][gc,phases   ] GC(7643)   Merge Heap Roots: 0.7ms
[2025-01-09T02:54:41.625+0000][196151.991s][info][gc,phases   ] GC(7643)   Evacuate Collection Set: 39.5ms
[2025-01-09T02:54:41.625+0000][196151.991s][info][gc,phases   ] GC(7643)   Post Evacuate Collection Set: 4.2ms
[2025-01-09T02:54:41.625+0000][196151.991s][info][gc,phases   ] GC(7643)   Other: 0.2ms
[2025-01-09T02:54:41.625+0000][196151.991s][info][gc,heap     ] GC(7643) Eden regions: 911->0(64)
[2025-01-09T02:54:41.625+0000][196151.991s][info][gc,heap     ] GC(7643) Survivor regions: 10->12(116)
[2025-01-09T02:54:41.625+0000][196151.991s][info][gc,heap     ] GC(7643) Old regions: 229->229
[2025-01-09T02:54:41.625+0000][196151.991s][info][gc,heap     ] GC(7643) Archive regions: 2->2
[2025-01-09T02:54:41.625+0000][196151.991s][info][gc,heap     ] GC(7643) Humongous regions: 49->49
[2025-01-09T02:54:41.625+0000][196151.991s][info][gc,metaspace] GC(7643) Metaspace: 524781K(534272K)->524781K(534272K) NonClass: 460838K(465536K)->460838K(465536K) Class: 63942K(68736K)->63942K(68736K)
[2025-01-09T02:54:41.625+0000][196151.991s][info][gc          ] GC(7643) Pause Young (Prepare Mixed) (G1 Evacuation Pause) 9588M->2314M(12288M) 44.819ms
[2025-01-09T02:54:41.625+0000][196151.991s][info][gc,cpu      ] GC(7643) User=0.26s Sys=0.00s Real=0.05s
[2025-01-09T02:54:42.967+0000][196153.333s][info][gc,start    ] GC(7644) Pause Young (Mixed) (G1 Evacuation Pause)
[2025-01-09T02:54:42.967+0000][196153.333s][info][gc,task     ] GC(7644) Using 6 workers of 6 for evacuation
[2025-01-09T02:54:43.032+0000][196153.398s][info][gc,phases   ] GC(7644)   Pre Evacuate Collection Set: 0.2ms
[2025-01-09T02:54:43.032+0000][196153.398s][info][gc,phases   ] GC(7644)   Merge Heap Roots: 0.7ms
[2025-01-09T02:54:43.032+0000][196153.398s][info][gc,phases   ] GC(7644)   Evacuate Collection Set: 62.6ms
[2025-01-09T02:54:43.032+0000][196153.398s][info][gc,phases   ] GC(7644)   Post Evacuate Collection Set: 1.7ms
[2025-01-09T02:54:43.032+0000][196153.398s][info][gc,phases   ] GC(7644)   Other: 0.2ms
[2025-01-09T02:54:43.032+0000][196153.398s][info][gc,heap     ] GC(7644) Eden regions: 64->0(916)
[2025-01-09T02:54:43.032+0000][196153.398s][info][gc,heap     ] GC(7644) Survivor regions: 12->5(10)
[2025-01-09T02:54:43.032+0000][196153.398s][info][gc,heap     ] GC(7644) Old regions: 229->231
[2025-01-09T02:54:43.032+0000][196153.398s][info][gc,heap     ] GC(7644) Archive regions: 2->2
[2025-01-09T02:54:43.032+0000][196153.398s][info][gc,heap     ] GC(7644) Humongous regions: 49->49
[2025-01-09T02:54:43.032+0000][196153.398s][info][gc,metaspace] GC(7644) Metaspace: 524781K(534272K)->524781K(534272K) NonClass: 460838K(465536K)->460838K(465536K) Class: 63942K(68736K)->63942K(68736K)
[2025-01-09T02:54:43.032+0000][196153.398s][info][gc          ] GC(7644) Pause Young (Mixed) (G1 Evacuation Pause) 2826M->2282M(12288M) 65.458ms
[2025-01-09T02:54:43.032+0000][196153.398s][info][gc,cpu      ] GC(7644) User=0.38s Sys=0.00s Real=0.07s
[2025-01-09T02:54:53.407+0000][196163.773s][info][gc,start    ] GC(7645) Pause Young (Normal) (G1 Evacuation Pause)
[2025-01-09T02:54:53.407+0000][196163.773s][info][gc,task     ] GC(7645) Using 6 workers of 6 for evacuation
[2025-01-09T02:54:53.434+0000][196163.800s][info][gc,phases   ] GC(7645)   Pre Evacuate Collection Set: 0.2ms
[2025-01-09T02:54:53.434+0000][196163.800s][info][gc,phases   ] GC(7645)   Merge Heap Roots: 0.4ms
[2025-01-09T02:54:53.434+0000][196163.800s][info][gc,phases   ] GC(7645)   Evacuate Collection Set: 23.8ms
[2025-01-09T02:54:53.434+0000][196163.800s][info][gc,phases   ] GC(7645)   Post Evacuate Collection Set: 2.6ms
[2025-01-09T02:54:53.434+0000][196163.800s][info][gc,phases   ] GC(7645)   Other: 0.2ms
[2025-01-09T02:54:53.434+0000][196163.800s][info][gc,heap     ] GC(7645) Eden regions: 916->0(915)
[2025-01-09T02:54:53.434+0000][196163.800s][info][gc,heap     ] GC(7645) Survivor regions: 5->6(116)
[2025-01-09T02:54:53.434+0000][196163.800s][info][gc,heap     ] GC(7645) Old regions: 231->231
[2025-01-09T02:54:53.434+0000][196163.800s][info][gc,heap     ] GC(7645) Archive regions: 2->2
[2025-01-09T02:54:53.434+0000][196163.800s][info][gc,heap     ] GC(7645) Humongous regions: 49->49
[2025-01-09T02:54:53.434+0000][196163.800s][info][gc,metaspace] GC(7645) Metaspace: 524781K(534272K)->524781K(534272K) NonClass: 460838K(465536K)->460838K(465536K) Class: 63942K(68736K)->63942K(68736K)
[2025-01-09T02:54:53.434+0000][196163.800s][info][gc          ] GC(7645) Pause Young (Normal) (G1 Evacuation Pause) 9610M->2290M(12288M) 27.298ms
[2025-01-09T02:54:53.434+0000][196163.800s][info][gc,cpu      ] GC(7645) User=0.16s Sys=0.00s Real=0.03s
[2025-01-09T02:55:06.435+0000][196176.801s][info][gc,start    ] GC(7646) Pause Young (Normal) (G1 Evacuation Pause)
[2025-01-09T02:55:06.435+0000][196176.801s][info][gc,task     ] GC(7646) Using 6 workers of 6 for evacuation
[2025-01-09T02:55:06.468+0000][196176.834s][info][gc,phases   ] GC(7646)   Pre Evacuate Collection Set: 0.2ms
[2025-01-09T02:55:06.468+0000][196176.835s][info][gc,phases   ] GC(7646)   Merge Heap Roots: 0.4ms
[2025-01-09T02:55:06.468+0000][196176.835s][info][gc,phases   ] GC(7646)   Evacuate Collection Set: 29.9ms
[2025-01-09T02:55:06.468+0000][196176.835s][info][gc,phases   ] GC(7646)   Post Evacuate Collection Set: 2.8ms
[2025-01-09T02:55:06.468+0000][196176.835s][info][gc,phases   ] GC(7646)   Other: 0.2ms
[2025-01-09T02:55:06.468+0000][196176.835s][info][gc,heap     ] GC(7646) Eden regions: 915->0(912)
[2025-01-09T02:55:06.468+0000][196176.835s][info][gc,heap     ] GC(7646) Survivor regions: 6->9(116)
[2025-01-09T02:55:06.468+0000][196176.835s][info][gc,heap     ] GC(7646) Old regions: 231->231
[2025-01-09T02:55:06.468+0000][196176.835s][info][gc,heap     ] GC(7646) Archive regions: 2->2
[2025-01-09T02:55:06.468+0000][196176.835s][info][gc,heap     ] GC(7646) Humongous regions: 49->49
[2025-01-09T02:55:06.468+0000][196176.835s][info][gc,metaspace] GC(7646) Metaspace: 524781K(534272K)->524781K(534272K) NonClass: 460838K(465536K)->460838K(465536K) Class: 63942K(68736K)->63942K(68736K)
[2025-01-09T02:55:06.468+0000][196176.835s][info][gc          ] GC(7646) Pause Young (Normal) (G1 Evacuation Pause) 9610M->2316M(12288M) 33.594ms
[2025-01-09T02:55:06.469+0000][196176.835s][info][gc,cpu      ] GC(7646) User=0.20s Sys=0.00s Real=0.03s
[2025-01-09T02:55:13.708+0000][196184.074s][info][gc,start    ] GC(7647) Pause Young (Concurrent Start) (G1 Evacuation Pause)
[2025-01-09T02:55:13.708+0000][196184.074s][info][gc,task     ] GC(7647) Using 6 workers of 6 for evacuation
[2025-01-09T02:55:13.742+0000][196184.108s][info][gc,phases   ] GC(7647)   Pre Evacuate Collection Set: 1.1ms
[2025-01-09T02:55:13.742+0000][196184.108s][info][gc,phases   ] GC(7647)   Merge Heap Roots: 0.5ms
[2025-01-09T02:55:13.742+0000][196184.108s][info][gc,phases   ] GC(7647)   Evacuate Collection Set: 30.0ms
[2025-01-09T02:55:13.742+0000][196184.108s][info][gc,phases   ] GC(7647)   Post Evacuate Collection Set: 2.5ms
[2025-01-09T02:55:13.742+0000][196184.108s][info][gc,phases   ] GC(7647)   Other: 0.3ms
[2025-01-09T02:55:13.742+0000][196184.108s][info][gc,heap     ] GC(7647) Eden regions: 912->0(911)
[2025-01-09T02:55:13.742+0000][196184.108s][info][gc,heap     ] GC(7647) Survivor regions: 9->10(116)
[2025-01-09T02:55:13.742+0000][196184.108s][info][gc,heap     ] GC(7647) Old regions: 231->231
[2025-01-09T02:55:13.742+0000][196184.108s][info][gc,heap     ] GC(7647) Archive regions: 2->2
[2025-01-09T02:55:13.742+0000][196184.108s][info][gc,heap     ] GC(7647) Humongous regions: 49->49
[2025-01-09T02:55:13.742+0000][196184.108s][info][gc,metaspace] GC(7647) Metaspace: 524781K(534272K)->524781K(534272K) NonClass: 460838K(465536K)->460838K(465536K) Class: 63942K(68736K)->63942K(68736K)
[2025-01-09T02:55:13.742+0000][196184.108s][info][gc          ] GC(7647) Pause Young (Concurrent Start) (G1 Evacuation Pause) 9612M->2319M(12288M) 34.416ms
[2025-01-09T02:55:13.742+0000][196184.109s][info][gc,cpu      ] GC(7647) User=0.20s Sys=0.00s Real=0.04s
[2025-01-09T02:55:13.742+0000][196184.109s][info][gc          ] GC(7648) Concurrent Mark Cycle
[2025-01-09T02:55:13.742+0000][196184.109s][info][gc,marking  ] GC(7648) Concurrent Clear Claimed Marks
[2025-01-09T02:55:13.743+0000][196184.110s][info][gc,marking  ] GC(7648) Concurrent Clear Claimed Marks 0.932ms
[2025-01-09T02:55:13.743+0000][196184.110s][info][gc,marking  ] GC(7648) Concurrent Scan Root Regions
[2025-01-09T02:55:13.769+0000][196184.135s][info][gc,marking  ] GC(7648) Concurrent Scan Root Regions 25.157ms
[2025-01-09T02:55:13.769+0000][196184.135s][info][gc,marking  ] GC(7648) Concurrent Mark
[2025-01-09T02:55:13.769+0000][196184.135s][info][gc,marking  ] GC(7648) Concurrent Mark From Roots
[2025-01-09T02:55:13.769+0000][196184.135s][info][gc,task     ] GC(7648) Using 2 workers of 2 for marking
[2025-01-09T02:55:14.512+0000][196184.878s][info][gc,marking  ] GC(7648) Concurrent Mark From Roots 743.043ms
[2025-01-09T02:55:14.512+0000][196184.878s][info][gc,marking  ] GC(7648) Concurrent Preclean
[2025-01-09T02:55:14.514+0000][196184.880s][info][gc,marking  ] GC(7648) Concurrent Preclean 2.638ms
[2025-01-09T02:55:14.514+0000][196184.881s][info][gc,start    ] GC(7648) Pause Remark
[2025-01-09T02:55:14.540+0000][196184.906s][info][gc          ] GC(7648) Pause Remark 2463M->2463M(12288M) 25.661ms
[2025-01-09T02:55:14.540+0000][196184.906s][info][gc,cpu      ] GC(7648) User=0.14s Sys=0.00s Real=0.02s
[2025-01-09T02:55:14.540+0000][196184.906s][info][gc,marking  ] GC(7648) Concurrent Mark 771.651ms
[2025-01-09T02:55:14.540+0000][196184.906s][info][gc,marking  ] GC(7648) Concurrent Rebuild Remembered Sets
[2025-01-09T02:55:15.039+0000][196185.405s][info][gc,marking  ] GC(7648) Concurrent Rebuild Remembered Sets 498.995ms
[2025-01-09T02:55:15.039+0000][196185.406s][info][gc,start    ] GC(7648) Pause Cleanup
[2025-01-09T02:55:15.040+0000][196185.406s][info][gc          ] GC(7648) Pause Cleanup 2466M->2466M(12288M) 0.467ms
[2025-01-09T02:55:15.040+0000][196185.406s][info][gc,cpu      ] GC(7648) User=0.00s Sys=0.00s Real=0.00s
[2025-01-09T02:55:15.040+0000][196185.406s][info][gc,marking  ] GC(7648) Concurrent Cleanup for Next Mark
[2025-01-09T02:55:15.055+0000][196185.421s][info][gc,marking  ] GC(7648) Concurrent Cleanup for Next Mark 15.307ms
[2025-01-09T02:55:15.055+0000][196185.421s][info][gc          ] GC(7648) Concurrent Mark Cycle 1312.880ms
[2025-01-09T02:55:21.120+0000][196191.486s][info][gc,start    ] GC(7649) Pause Young (Prepare Mixed) (G1 Evacuation Pause)
[2025-01-09T02:55:21.120+0000][196191.486s][info][gc,task     ] GC(7649) Using 6 workers of 6 for evacuation
[2025-01-09T02:55:21.158+0000][196191.524s][info][gc,phases   ] GC(7649)   Pre Evacuate Collection Set: 0.2ms
[2025-01-09T02:55:21.158+0000][196191.524s][info][gc,phases   ] GC(7649)   Merge Heap Roots: 0.7ms
[2025-01-09T02:55:21.158+0000][196191.524s][info][gc,phases   ] GC(7649)   Evacuate Collection Set: 31.6ms
[2025-01-09T02:55:21.158+0000][196191.524s][info][gc,phases   ] GC(7649)   Post Evacuate Collection Set: 5.0ms
[2025-01-09T02:55:21.158+0000][196191.524s][info][gc,phases   ] GC(7649)   Other: 0.2ms
[2025-01-09T02:55:21.158+0000][196191.524s][info][gc,heap     ] GC(7649) Eden regions: 911->0(64)
[2025-01-09T02:55:21.158+0000][196191.524s][info][gc,heap     ] GC(7649) Survivor regions: 10->12(116)
[2025-01-09T02:55:21.158+0000][196191.524s][info][gc,heap     ] GC(7649) Old regions: 231->231
[2025-01-09T02:55:21.158+0000][196191.524s][info][gc,heap     ] GC(7649) Archive regions: 2->2
[2025-01-09T02:55:21.158+0000][196191.524s][info][gc,heap     ] GC(7649) Humongous regions: 49->49
[2025-01-09T02:55:21.158+0000][196191.524s][info][gc,metaspace] GC(7649) Metaspace: 524781K(534272K)->524781K(534272K) NonClass: 460838K(465536K)->460838K(465536K) Class: 63942K(68736K)->63942K(68736K)
[2025-01-09T02:55:21.158+0000][196191.524s][info][gc          ] GC(7649) Pause Young (Prepare Mixed) (G1 Evacuation Pause) 9607M->2337M(12288M) 37.746ms
[2025-01-09T02:55:21.158+0000][196191.524s][info][gc,cpu      ] GC(7649) User=0.22s Sys=0.00s Real=0.04s
[2025-01-09T02:55:21.412+0000][196191.778s][info][gc,start    ] GC(7650) Pause Young (Mixed) (G1 Evacuation Pause)
[2025-01-09T02:55:21.412+0000][196191.778s][info][gc,task     ] GC(7650) Using 6 workers of 6 for evacuation
[2025-01-09T02:55:21.458+0000][196191.825s][info][gc,phases   ] GC(7650)   Pre Evacuate Collection Set: 0.2ms
[2025-01-09T02:55:21.458+0000][196191.825s][info][gc,phases   ] GC(7650)   Merge Heap Roots: 0.5ms
[2025-01-09T02:55:21.458+0000][196191.825s][info][gc,phases   ] GC(7650)   Evacuate Collection Set: 44.2ms
[2025-01-09T02:55:21.458+0000][196191.825s][info][gc,phases   ] GC(7650)   Post Evacuate Collection Set: 1.6ms
[2025-01-09T02:55:21.458+0000][196191.825s][info][gc,phases   ] GC(7650)   Other: 0.2ms
[2025-01-09T02:55:21.458+0000][196191.825s][info][gc,heap     ] GC(7650) Eden regions: 64->0(916)
[2025-01-09T02:55:21.458+0000][196191.825s][info][gc,heap     ] GC(7650) Survivor regions: 12->5(10)
[2025-01-09T02:55:21.458+0000][196191.825s][info][gc,heap     ] GC(7650) Old regions: 231->229
[2025-01-09T02:55:21.458+0000][196191.825s][info][gc,heap     ] GC(7650) Archive regions: 2->2
[2025-01-09T02:55:21.458+0000][196191.825s][info][gc,heap     ] GC(7650) Humongous regions: 49->49
[2025-01-09T02:55:21.458+0000][196191.825s][info][gc,metaspace] GC(7650) Metaspace: 524781K(534272K)->524781K(534272K) NonClass: 460838K(465536K)->460838K(465536K) Class: 63942K(68736K)->63942K(68736K)
[2025-01-09T02:55:21.459+0000][196191.825s][info][gc          ] GC(7650) Pause Young (Mixed) (G1 Evacuation Pause) 2849M->2265M(12288M) 46.658ms
[2025-01-09T02:55:21.459+0000][196191.825s][info][gc,cpu      ] GC(7650) User=0.27s Sys=0.00s Real=0.04s
[2025-01-09T02:55:27.641+0000][196198.007s][info][gc,start    ] GC(7651) Pause Young (Normal) (G1 Evacuation Pause)
[2025-01-09T02:55:27.641+0000][196198.007s][info][gc,task     ] GC(7651) Using 6 workers of 6 for evacuation
[2025-01-09T02:55:27.667+0000][196198.033s][info][gc,phases   ] GC(7651)   Pre Evacuate Collection Set: 0.2ms
[2025-01-09T02:55:27.667+0000][196198.033s][info][gc,phases   ] GC(7651)   Merge Heap Roots: 0.4ms
[2025-01-09T02:55:27.667+0000][196198.033s][info][gc,phases   ] GC(7651)   Evacuate Collection Set: 22.9ms
[2025-01-09T02:55:27.667+0000][196198.033s][info][gc,phases   ] GC(7651)   Post Evacuate Collection Set: 2.4ms
[2025-01-09T02:55:27.667+0000][196198.033s][info][gc,phases   ] GC(7651)   Other: 0.2ms
[2025-01-09T02:55:27.667+0000][196198.033s][info][gc,heap     ] GC(7651) Eden regions: 916->0(915)
[2025-01-09T02:55:27.667+0000][196198.033s][info][gc,heap     ] GC(7651) Survivor regions: 5->6(116)
[2025-01-09T02:55:27.667+0000][196198.033s][info][gc,heap     ] GC(7651) Old regions: 229->229
[2025-01-09T02:55:27.667+0000][196198.033s][info][gc,heap     ] GC(7651) Archive regions: 2->2
[2025-01-09T02:55:27.667+0000][196198.033s][info][gc,heap     ] GC(7651) Humongous regions: 49->49
[2025-01-09T02:55:27.667+0000][196198.033s][info][gc,metaspace] GC(7651) Metaspace: 524781K(534272K)->524781K(534272K) NonClass: 460838K(465536K)->460838K(465536K) Class: 63942K(68736K)->63942K(68736K)
[2025-01-09T02:55:27.667+0000][196198.033s][info][gc          ] GC(7651) Pause Young (Normal) (G1 Evacuation Pause) 9593M->2276M(12288M) 26.142ms
[2025-01-09T02:55:27.667+0000][196198.033s][info][gc,cpu      ] GC(7651) User=0.16s Sys=0.00s Real=0.03s
[2025-01-09T02:55:37.241+0000][196207.607s][info][gc,start    ] GC(7652) Pause Young (Normal) (G1 Evacuation Pause)
[2025-01-09T02:55:37.241+0000][196207.607s][info][gc,task     ] GC(7652) Using 6 workers of 6 for evacuation
[2025-01-09T02:55:37.270+0000][196207.636s][info][gc,phases   ] GC(7652)   Pre Evacuate Collection Set: 0.2ms
[2025-01-09T02:55:37.270+0000][196207.637s][info][gc,phases   ] GC(7652)   Merge Heap Roots: 0.4ms
[2025-01-09T02:55:37.270+0000][196207.637s][info][gc,phases   ] GC(7652)   Evacuate Collection Set: 25.2ms
[2025-01-09T02:55:37.270+0000][196207.637s][info][gc,phases   ] GC(7652)   Post Evacuate Collection Set: 3.9ms
[2025-01-09T02:55:37.270+0000][196207.637s][info][gc,phases   ] GC(7652)   Other: 0.2ms
[2025-01-09T02:55:37.270+0000][196207.637s][info][gc,heap     ] GC(7652) Eden regions: 915->0(913)
[2025-01-09T02:55:37.270+0000][196207.637s][info][gc,heap     ] GC(7652) Survivor regions: 6->8(116)
[2025-01-09T02:55:37.270+0000][196207.637s][info][gc,heap     ] GC(7652) Old regions: 229->229
[2025-01-09T02:55:37.270+0000][196207.637s][info][gc,heap     ] GC(7652) Archive regions: 2->2
[2025-01-09T02:55:37.270+0000][196207.637s][info][gc,heap     ] GC(7652) Humongous regions: 49->49
[2025-01-09T02:55:37.270+0000][196207.637s][info][gc,metaspace] GC(7652) Metaspace: 524781K(534272K)->524781K(534272K) NonClass: 460838K(465536K)->460838K(465536K) Class: 63942K(68736K)->63942K(68736K)
[2025-01-09T02:55:37.270+0000][196207.637s][info][gc          ] GC(7652) Pause Young (Normal) (G1 Evacuation Pause) 9596M->2286M(12288M) 29.968ms
[2025-01-09T02:55:37.271+0000][196207.637s][info][gc,cpu      ] GC(7652) User=0.17s Sys=0.00s Real=0.04s
[2025-01-09T02:55:46.350+0000][196216.716s][info][gc,start    ] GC(7653) Pause Young (Concurrent Start) (G1 Evacuation Pause)
[2025-01-09T02:55:46.350+0000][196216.716s][info][gc,task     ] GC(7653) Using 6 workers of 6 for evacuation
[2025-01-09T02:55:46.384+0000][196216.750s][info][gc,phases   ] GC(7653)   Pre Evacuate Collection Set: 1.1ms
[2025-01-09T02:55:46.384+0000][196216.750s][info][gc,phases   ] GC(7653)   Merge Heap Roots: 0.4ms
[2025-01-09T02:55:46.384+0000][196216.750s][info][gc,phases   ] GC(7653)   Evacuate Collection Set: 29.1ms
[2025-01-09T02:55:46.384+0000][196216.750s][info][gc,phases   ] GC(7653)   Post Evacuate Collection Set: 2.6ms
[2025-01-09T02:55:46.384+0000][196216.750s][info][gc,phases   ] GC(7653)   Other: 0.3ms
[2025-01-09T02:55:46.384+0000][196216.750s][info][gc,heap     ] GC(7653) Eden regions: 913->0(912)
[2025-01-09T02:55:46.384+0000][196216.750s][info][gc,heap     ] GC(7653) Survivor regions: 8->9(116)
[2025-01-09T02:55:46.384+0000][196216.750s][info][gc,heap     ] GC(7653) Old regions: 229->229
[2025-01-09T02:55:46.384+0000][196216.750s][info][gc,heap     ] GC(7653) Archive regions: 2->2
[2025-01-09T02:55:46.384+0000][196216.750s][info][gc,heap     ] GC(7653) Humongous regions: 49->49
[2025-01-09T02:55:46.384+0000][196216.750s][info][gc,metaspace] GC(7653) Metaspace: 524781K(534272K)->524781K(534272K) NonClass: 460838K(465536K)->460838K(465536K) Class: 63942K(68736K)->63942K(68736K)
[2025-01-09T02:55:46.384+0000][196216.750s][info][gc          ] GC(7653) Pause Young (Concurrent Start) (G1 Evacuation Pause) 9590M->2293M(12288M) 33.673ms
[2025-01-09T02:55:46.384+0000][196216.750s][info][gc,cpu      ] GC(7653) User=0.20s Sys=0.00s Real=0.03s
[2025-01-09T02:55:46.384+0000][196216.750s][info][gc          ] GC(7654) Concurrent Mark Cycle
[2025-01-09T02:55:46.384+0000][196216.750s][info][gc,marking  ] GC(7654) Concurrent Clear Claimed Marks
[2025-01-09T02:55:46.385+0000][196216.751s][info][gc,marking  ] GC(7654) Concurrent Clear Claimed Marks 1.010ms
[2025-01-09T02:55:46.385+0000][196216.751s][info][gc,marking  ] GC(7654) Concurrent Scan Root Regions
[2025-01-09T02:55:46.411+0000][196216.778s][info][gc,marking  ] GC(7654) Concurrent Scan Root Regions 26.449ms
[2025-01-09T02:55:46.411+0000][196216.778s][info][gc,marking  ] GC(7654) Concurrent Mark
[2025-01-09T02:55:46.411+0000][196216.778s][info][gc,marking  ] GC(7654) Concurrent Mark From Roots
[2025-01-09T02:55:46.411+0000][196216.778s][info][gc,task     ] GC(7654) Using 2 workers of 2 for marking
[2025-01-09T02:55:47.242+0000][196217.608s][info][gc,marking  ] GC(7654) Concurrent Mark From Roots 830.252ms
[2025-01-09T02:55:47.242+0000][196217.608s][info][gc,marking  ] GC(7654) Concurrent Preclean
[2025-01-09T02:55:47.244+0000][196217.610s][info][gc,marking  ] GC(7654) Concurrent Preclean 2.597ms
[2025-01-09T02:55:47.245+0000][196217.611s][info][gc,start    ] GC(7654) Pause Remark
[2025-01-09T02:55:47.270+0000][196217.636s][info][gc          ] GC(7654) Pause Remark 2631M->2631M(12288M) 25.538ms
[2025-01-09T02:55:47.270+0000][196217.636s][info][gc,cpu      ] GC(7654) User=0.15s Sys=0.00s Real=0.03s
[2025-01-09T02:55:47.270+0000][196217.636s][info][gc,marking  ] GC(7654) Concurrent Mark 858.759ms
[2025-01-09T02:55:47.270+0000][196217.636s][info][gc,marking  ] GC(7654) Concurrent Rebuild Remembered Sets
[2025-01-09T02:55:47.779+0000][196218.145s][info][gc,marking  ] GC(7654) Concurrent Rebuild Remembered Sets 509.032ms
[2025-01-09T02:55:47.779+0000][196218.146s][info][gc,start    ] GC(7654) Pause Cleanup
[2025-01-09T02:55:47.780+0000][196218.146s][info][gc          ] GC(7654) Pause Cleanup 2717M->2717M(12288M) 0.423ms
[2025-01-09T02:55:47.780+0000][196218.146s][info][gc,cpu      ] GC(7654) User=0.00s Sys=0.00s Real=0.00s
[2025-01-09T02:55:47.780+0000][196218.146s][info][gc,marking  ] GC(7654) Concurrent Cleanup for Next Mark
[2025-01-09T02:55:47.795+0000][196218.161s][info][gc,marking  ] GC(7654) Concurrent Cleanup for Next Mark 15.223ms
[2025-01-09T02:55:47.795+0000][196218.161s][info][gc          ] GC(7654) Concurrent Mark Cycle 1411.304ms
[2025-01-09T02:55:57.979+0000][196228.345s][info][gc,start    ] GC(7655) Pause Young (Prepare Mixed) (G1 Evacuation Pause)
[2025-01-09T02:55:57.979+0000][196228.345s][info][gc,task     ] GC(7655) Using 6 workers of 6 for evacuation
[2025-01-09T02:55:58.017+0000][196228.383s][info][gc,phases   ] GC(7655)   Pre Evacuate Collection Set: 0.2ms
[2025-01-09T02:55:58.017+0000][196228.383s][info][gc,phases   ] GC(7655)   Merge Heap Roots: 0.7ms
[2025-01-09T02:55:58.017+0000][196228.384s][info][gc,phases   ] GC(7655)   Evacuate Collection Set: 34.6ms
[2025-01-09T02:55:58.017+0000][196228.384s][info][gc,phases   ] GC(7655)   Post Evacuate Collection Set: 2.7ms
[2025-01-09T02:55:58.017+0000][196228.384s][info][gc,phases   ] GC(7655)   Other: 0.2ms
[2025-01-09T02:55:58.017+0000][196228.384s][info][gc,heap     ] GC(7655) Eden regions: 912->0(66)
[2025-01-09T02:55:58.017+0000][196228.384s][info][gc,heap     ] GC(7655) Survivor regions: 9->10(116)
[2025-01-09T02:55:58.017+0000][196228.384s][info][gc,heap     ] GC(7655) Old regions: 229->229
[2025-01-09T02:55:58.017+0000][196228.384s][info][gc,heap     ] GC(7655) Archive regions: 2->2
[2025-01-09T02:55:58.017+0000][196228.384s][info][gc,heap     ] GC(7655) Humongous regions: 49->49
[2025-01-09T02:55:58.017+0000][196228.384s][info][gc,metaspace] GC(7655) Metaspace: 524781K(534272K)->524781K(534272K) NonClass: 460838K(465536K)->460838K(465536K) Class: 63942K(68736K)->63942K(68736K)
[2025-01-09T02:55:58.018+0000][196228.384s][info][gc          ] GC(7655) Pause Young (Prepare Mixed) (G1 Evacuation Pause) 9589M->2306M(12288M) 38.464ms
[2025-01-09T02:55:58.018+0000][196228.384s][info][gc,cpu      ] GC(7655) User=0.23s Sys=0.00s Real=0.04s
[2025-01-09T02:55:58.467+0000][196228.834s][info][gc,start    ] GC(7656) Pause Young (Mixed) (G1 Evacuation Pause)
[2025-01-09T02:55:58.468+0000][196228.834s][info][gc,task     ] GC(7656) Using 6 workers of 6 for evacuation
[2025-01-09T02:55:58.546+0000][196228.913s][info][gc,phases   ] GC(7656)   Pre Evacuate Collection Set: 0.2ms
[2025-01-09T02:55:58.546+0000][196228.913s][info][gc,phases   ] GC(7656)   Merge Heap Roots: 0.6ms
[2025-01-09T02:55:58.546+0000][196228.913s][info][gc,phases   ] GC(7656)   Evacuate Collection Set: 76.0ms
[2025-01-09T02:55:58.546+0000][196228.913s][info][gc,phases   ] GC(7656)   Post Evacuate Collection Set: 2.0ms
[2025-01-09T02:55:58.547+0000][196228.913s][info][gc,phases   ] GC(7656)   Other: 0.2ms
[2025-01-09T02:55:58.547+0000][196228.913s][info][gc,heap     ] GC(7656) Eden regions: 66->0(915)
[2025-01-09T02:55:58.547+0000][196228.913s][info][gc,heap     ] GC(7656) Survivor regions: 10->6(10)
[2025-01-09T02:55:58.547+0000][196228.913s][info][gc,heap     ] GC(7656) Old regions: 229->229
[2025-01-09T02:55:58.547+0000][196228.913s][info][gc,heap     ] GC(7656) Archive regions: 2->2
[2025-01-09T02:55:58.547+0000][196228.913s][info][gc,heap     ] GC(7656) Humongous regions: 49->49
[2025-01-09T02:55:58.547+0000][196228.913s][info][gc,metaspace] GC(7656) Metaspace: 524781K(534272K)->524781K(534272K) NonClass: 460838K(465536K)->460838K(465536K) Class: 63942K(68736K)->63942K(68736K)
[2025-01-09T02:55:58.547+0000][196228.913s][info][gc          ] GC(7656) Pause Young (Mixed) (G1 Evacuation Pause) 2834M->2270M(12288M) 79.089ms
[2025-01-09T02:55:58.547+0000][196228.913s][info][gc,cpu      ] GC(7656) User=0.45s Sys=0.00s Real=0.08s
[2025-01-09T02:56:03.492+0000][196233.858s][info][gc,start    ] GC(7657) Pause Young (Normal) (G1 Evacuation Pause)
[2025-01-09T02:56:03.492+0000][196233.858s][info][gc,task     ] GC(7657) Using 6 workers of 6 for evacuation
[2025-01-09T02:56:03.520+0000][196233.886s][info][gc,phases   ] GC(7657)   Pre Evacuate Collection Set: 0.2ms
[2025-01-09T02:56:03.520+0000][196233.886s][info][gc,phases   ] GC(7657)   Merge Heap Roots: 0.4ms
[2025-01-09T02:56:03.520+0000][196233.886s][info][gc,phases   ] GC(7657)   Evacuate Collection Set: 25.1ms
[2025-01-09T02:56:03.520+0000][196233.886s][info][gc,phases   ] GC(7657)   Post Evacuate Collection Set: 2.4ms
[2025-01-09T02:56:03.520+0000][196233.886s][info][gc,phases   ] GC(7657)   Other: 0.2ms
[2025-01-09T02:56:03.520+0000][196233.886s][info][gc,heap     ] GC(7657) Eden regions: 915->0(914)
[2025-01-09T02:56:03.520+0000][196233.886s][info][gc,heap     ] GC(7657) Survivor regions: 6->7(116)
[2025-01-09T02:56:03.520+0000][196233.886s][info][gc,heap     ] GC(7657) Old regions: 229->229
[2025-01-09T02:56:03.520+0000][196233.886s][info][gc,heap     ] GC(7657) Archive regions: 2->2
[2025-01-09T02:56:03.520+0000][196233.886s][info][gc,heap     ] GC(7657) Humongous regions: 49->49
[2025-01-09T02:56:03.520+0000][196233.886s][info][gc,metaspace] GC(7657) Metaspace: 524781K(534272K)->524781K(534272K) NonClass: 460838K(465536K)->460838K(465536K) Class: 63942K(68736K)->63942K(68736K)
[2025-01-09T02:56:03.520+0000][196233.886s][info][gc          ] GC(7657) Pause Young (Normal) (G1 Evacuation Pause) 9590M->2279M(12288M) 28.391ms
[2025-01-09T02:56:03.520+0000][196233.886s][info][gc,cpu      ] GC(7657) User=0.17s Sys=0.00s Real=0.02s
[2025-01-09T02:56:09.921+0000][196240.287s][info][gc,start    ] GC(7658) Pause Young (Normal) (G1 Evacuation Pause)
[2025-01-09T02:56:09.921+0000][196240.287s][info][gc,task     ] GC(7658) Using 6 workers of 6 for evacuation
[2025-01-09T02:56:09.949+0000][196240.315s][info][gc,phases   ] GC(7658)   Pre Evacuate Collection Set: 0.2ms
[2025-01-09T02:56:09.949+0000][196240.315s][info][gc,phases   ] GC(7658)   Merge Heap Roots: 0.4ms
[2025-01-09T02:56:09.949+0000][196240.315s][info][gc,phases   ] GC(7658)   Evacuate Collection Set: 24.7ms
[2025-01-09T02:56:09.949+0000][196240.315s][info][gc,phases   ] GC(7658)   Post Evacuate Collection Set: 2.4ms
[2025-01-09T02:56:09.949+0000][196240.315s][info][gc,phases   ] GC(7658)   Other: 0.2ms
[2025-01-09T02:56:09.949+0000][196240.315s][info][gc,heap     ] GC(7658) Eden regions: 914->0(913)
[2025-01-09T02:56:09.949+0000][196240.315s][info][gc,heap     ] GC(7658) Survivor regions: 7->8(116)
[2025-01-09T02:56:09.949+0000][196240.315s][info][gc,heap     ] GC(7658) Old regions: 229->229
[2025-01-09T02:56:09.949+0000][196240.315s][info][gc,heap     ] GC(7658) Archive regions: 2->2
[2025-01-09T02:56:09.949+0000][196240.315s][info][gc,heap     ] GC(7658) Humongous regions: 49->49
[2025-01-09T02:56:09.949+0000][196240.315s][info][gc,metaspace] GC(7658) Metaspace: 524781K(534272K)->524781K(534272K) NonClass: 460838K(465536K)->460838K(465536K) Class: 63942K(68736K)->63942K(68736K)
[2025-01-09T02:56:09.949+0000][196240.315s][info][gc          ] GC(7658) Pause Young (Normal) (G1 Evacuation Pause) 9591M->2283M(12288M) 28.059ms
[2025-01-09T02:56:09.949+0000][196240.315s][info][gc,cpu      ] GC(7658) User=0.16s Sys=0.00s Real=0.03s
[2025-01-09T02:56:17.401+0000][196247.767s][info][gc,start    ] GC(7659) Pause Young (Concurrent Start) (G1 Evacuation Pause)
[2025-01-09T02:56:17.401+0000][196247.767s][info][gc,task     ] GC(7659) Using 6 workers of 6 for evacuation
[2025-01-09T02:56:17.436+0000][196247.802s][info][gc,phases   ] GC(7659)   Pre Evacuate Collection Set: 1.2ms
[2025-01-09T02:56:17.436+0000][196247.802s][info][gc,phases   ] GC(7659)   Merge Heap Roots: 0.5ms
[2025-01-09T02:56:17.436+0000][196247.802s][info][gc,phases   ] GC(7659)   Evacuate Collection Set: 27.8ms
[2025-01-09T02:56:17.436+0000][196247.802s][info][gc,phases   ] GC(7659)   Post Evacuate Collection Set: 5.1ms
[2025-01-09T02:56:17.436+0000][196247.802s][info][gc,phases   ] GC(7659)   Other: 0.3ms
[2025-01-09T02:56:17.436+0000][196247.802s][info][gc,heap     ] GC(7659) Eden regions: 913->0(911)
[2025-01-09T02:56:17.436+0000][196247.802s][info][gc,heap     ] GC(7659) Survivor regions: 8->10(116)
[2025-01-09T02:56:17.436+0000][196247.802s][info][gc,heap     ] GC(7659) Old regions: 229->229
[2025-01-09T02:56:17.436+0000][196247.802s][info][gc,heap     ] GC(7659) Archive regions: 2->2
[2025-01-09T02:56:17.436+0000][196247.802s][info][gc,heap     ] GC(7659) Humongous regions: 49->49
[2025-01-09T02:56:17.436+0000][196247.802s][info][gc,metaspace] GC(7659) Metaspace: 524781K(534272K)->524781K(534272K) NonClass: 460838K(465536K)->460838K(465536K) Class: 63942K(68736K)->63942K(68736K)
[2025-01-09T02:56:17.436+0000][196247.802s][info][gc          ] GC(7659) Pause Young (Concurrent Start) (G1 Evacuation Pause) 9587M->2302M(12288M) 34.954ms
[2025-01-09T02:56:17.436+0000][196247.802s][info][gc,cpu      ] GC(7659) User=0.20s Sys=0.00s Real=0.04s
[2025-01-09T02:56:17.436+0000][196247.802s][info][gc          ] GC(7660) Concurrent Mark Cycle
[2025-01-09T02:56:17.436+0000][196247.802s][info][gc,marking  ] GC(7660) Concurrent Clear Claimed Marks
[2025-01-09T02:56:17.437+0000][196247.803s][info][gc,marking  ] GC(7660) Concurrent Clear Claimed Marks 0.868ms
[2025-01-09T02:56:17.437+0000][196247.803s][info][gc,marking  ] GC(7660) Concurrent Scan Root Regions
[2025-01-09T02:56:17.461+0000][196247.827s][info][gc,marking  ] GC(7660) Concurrent Scan Root Regions 24.421ms
[2025-01-09T02:56:17.461+0000][196247.827s][info][gc,marking  ] GC(7660) Concurrent Mark
[2025-01-09T02:56:17.461+0000][196247.827s][info][gc,marking  ] GC(7660) Concurrent Mark From Roots
[2025-01-09T02:56:17.461+0000][196247.827s][info][gc,task     ] GC(7660) Using 2 workers of 2 for marking
[2025-01-09T02:56:18.196+0000][196248.562s][info][gc,marking  ] GC(7660) Concurrent Mark From Roots 734.972ms
[2025-01-09T02:56:18.196+0000][196248.562s][info][gc,marking  ] GC(7660) Concurrent Preclean
[2025-01-09T02:56:18.199+0000][196248.565s][info][gc,marking  ] GC(7660) Concurrent Preclean 2.904ms
[2025-01-09T02:56:18.199+0000][196248.565s][info][gc,start    ] GC(7660) Pause Remark
[2025-01-09T02:56:18.225+0000][196248.591s][info][gc          ] GC(7660) Pause Remark 2915M->2915M(12288M) 25.858ms
[2025-01-09T02:56:18.225+0000][196248.591s][info][gc,cpu      ] GC(7660) User=0.14s Sys=0.00s Real=0.03s
[2025-01-09T02:56:18.225+0000][196248.591s][info][gc,marking  ] GC(7660) Concurrent Mark 764.030ms
[2025-01-09T02:56:18.225+0000][196248.591s][info][gc,marking  ] GC(7660) Concurrent Rebuild Remembered Sets
[2025-01-09T02:56:18.797+0000][196249.163s][info][gc,marking  ] GC(7660) Concurrent Rebuild Remembered Sets 571.699ms
[2025-01-09T02:56:18.797+0000][196249.163s][info][gc,start    ] GC(7660) Pause Cleanup
[2025-01-09T02:56:18.797+0000][196249.164s][info][gc          ] GC(7660) Pause Cleanup 3594M->3594M(12288M) 0.451ms
[2025-01-09T02:56:18.798+0000][196249.164s][info][gc,cpu      ] GC(7660) User=0.00s Sys=0.00s Real=0.00s
[2025-01-09T02:56:18.798+0000][196249.164s][info][gc,marking  ] GC(7660) Concurrent Cleanup for Next Mark
[2025-01-09T02:56:18.813+0000][196249.179s][info][gc,marking  ] GC(7660) Concurrent Cleanup for Next Mark 15.287ms
[2025-01-09T02:56:18.813+0000][196249.179s][info][gc          ] GC(7660) Concurrent Mark Cycle 1377.137ms
[2025-01-09T02:56:22.738+0000][196253.104s][info][gc,start    ] GC(7661) Pause Young (Prepare Mixed) (G1 Evacuation Pause)
[2025-01-09T02:56:22.738+0000][196253.104s][info][gc,task     ] GC(7661) Using 6 workers of 6 for evacuation
[2025-01-09T02:56:22.775+0000][196253.141s][info][gc,phases   ] GC(7661)   Pre Evacuate Collection Set: 0.2ms
[2025-01-09T02:56:22.775+0000][196253.141s][info][gc,phases   ] GC(7661)   Merge Heap Roots: 0.6ms
[2025-01-09T02:56:22.775+0000][196253.141s][info][gc,phases   ] GC(7661)   Evacuate Collection Set: 33.5ms
[2025-01-09T02:56:22.775+0000][196253.141s][info][gc,phases   ] GC(7661)   Post Evacuate Collection Set: 2.5ms
[2025-01-09T02:56:22.775+0000][196253.141s][info][gc,phases   ] GC(7661)   Other: 0.2ms
[2025-01-09T02:56:22.775+0000][196253.141s][info][gc,heap     ] GC(7661) Eden regions: 911->0(66)
[2025-01-09T02:56:22.775+0000][196253.141s][info][gc,heap     ] GC(7661) Survivor regions: 10->10(116)
[2025-01-09T02:56:22.775+0000][196253.141s][info][gc,heap     ] GC(7661) Old regions: 229->229
[2025-01-09T02:56:22.775+0000][196253.141s][info][gc,heap     ] GC(7661) Archive regions: 2->2
[2025-01-09T02:56:22.775+0000][196253.141s][info][gc,heap     ] GC(7661) Humongous regions: 49->49
[2025-01-09T02:56:22.775+0000][196253.141s][info][gc,metaspace] GC(7661) Metaspace: 524781K(534272K)->524781K(534272K) NonClass: 460838K(465536K)->460838K(465536K) Class: 63942K(68736K)->63942K(68736K)
[2025-01-09T02:56:22.775+0000][196253.141s][info][gc          ] GC(7661) Pause Young (Prepare Mixed) (G1 Evacuation Pause) 9590M->2304M(12288M) 37.157ms
[2025-01-09T02:56:22.775+0000][196253.141s][info][gc,cpu      ] GC(7661) User=0.21s Sys=0.00s Real=0.04s
[2025-01-09T02:56:24.636+0000][196255.002s][info][gc,start    ] GC(7662) Pause Young (Mixed) (G1 Evacuation Pause)
[2025-01-09T02:56:24.636+0000][196255.002s][info][gc,task     ] GC(7662) Using 6 workers of 6 for evacuation
[2025-01-09T02:56:24.696+0000][196255.062s][info][gc,phases   ] GC(7662)   Pre Evacuate Collection Set: 0.2ms
[2025-01-09T02:56:24.696+0000][196255.062s][info][gc,phases   ] GC(7662)   Merge Heap Roots: 0.7ms
[2025-01-09T02:56:24.696+0000][196255.062s][info][gc,phases   ] GC(7662)   Evacuate Collection Set: 57.5ms
[2025-01-09T02:56:24.696+0000][196255.062s][info][gc,phases   ] GC(7662)   Post Evacuate Collection Set: 2.1ms
[2025-01-09T02:56:24.696+0000][196255.062s][info][gc,phases   ] GC(7662)   Other: 0.2ms
[2025-01-09T02:56:24.696+0000][196255.062s][info][gc,heap     ] GC(7662) Eden regions: 66->0(916)
[2025-01-09T02:56:24.696+0000][196255.062s][info][gc,heap     ] GC(7662) Survivor regions: 10->5(10)
[2025-01-09T02:56:24.696+0000][196255.062s][info][gc,heap     ] GC(7662) Old regions: 229->229
[2025-01-09T02:56:24.696+0000][196255.062s][info][gc,heap     ] GC(7662) Archive regions: 2->2
[2025-01-09T02:56:24.696+0000][196255.062s][info][gc,heap     ] GC(7662) Humongous regions: 49->49
[2025-01-09T02:56:24.696+0000][196255.062s][info][gc,metaspace] GC(7662) Metaspace: 524781K(534272K)->524781K(534272K) NonClass: 460838K(465536K)->460838K(465536K) Class: 63942K(68736K)->63942K(68736K)
[2025-01-09T02:56:24.696+0000][196255.062s][info][gc          ] GC(7662) Pause Young (Mixed) (G1 Evacuation Pause) 2832M->2262M(12288M) 60.707ms
[2025-01-09T02:56:24.696+0000][196255.063s][info][gc,cpu      ] GC(7662) User=0.35s Sys=0.01s Real=0.06s
[2025-01-09T02:56:34.675+0000][196265.041s][info][gc,start    ] GC(7663) Pause Young (Normal) (G1 Evacuation Pause)
[2025-01-09T02:56:34.675+0000][196265.041s][info][gc,task     ] GC(7663) Using 6 workers of 6 for evacuation
[2025-01-09T02:56:34.707+0000][196265.073s][info][gc,phases   ] GC(7663)   Pre Evacuate Collection Set: 0.2ms
[2025-01-09T02:56:34.707+0000][196265.073s][info][gc,phases   ] GC(7663)   Merge Heap Roots: 0.4ms
[2025-01-09T02:56:34.707+0000][196265.073s][info][gc,phases   ] GC(7663)   Evacuate Collection Set: 26.8ms
[2025-01-09T02:56:34.707+0000][196265.073s][info][gc,phases   ] GC(7663)   Post Evacuate Collection Set: 4.3ms
[2025-01-09T02:56:34.707+0000][196265.073s][info][gc,phases   ] GC(7663)   Other: 0.2ms
[2025-01-09T02:56:34.707+0000][196265.073s][info][gc,heap     ] GC(7663) Eden regions: 916->0(913)
[2025-01-09T02:56:34.707+0000][196265.073s][info][gc,heap     ] GC(7663) Survivor regions: 5->8(116)
[2025-01-09T02:56:34.707+0000][196265.073s][info][gc,heap     ] GC(7663) Old regions: 229->229
[2025-01-09T02:56:34.707+0000][196265.073s][info][gc,heap     ] GC(7663) Archive regions: 2->2
[2025-01-09T02:56:34.707+0000][196265.073s][info][gc,heap     ] GC(7663) Humongous regions: 49->49
[2025-01-09T02:56:34.707+0000][196265.073s][info][gc,metaspace] GC(7663) Metaspace: 524781K(534272K)->524781K(534272K) NonClass: 460838K(465536K)->460838K(465536K) Class: 63942K(68736K)->63942K(68736K)
[2025-01-09T02:56:34.707+0000][196265.073s][info][gc          ] GC(7663) Pause Young (Normal) (G1 Evacuation Pause) 9590M->2282M(12288M) 32.055ms
[2025-01-09T02:56:34.707+0000][196265.073s][info][gc,cpu      ] GC(7663) User=0.18s Sys=0.00s Real=0.03s
[2025-01-09T02:56:40.130+0000][196270.497s][info][gc,start    ] GC(7664) Pause Young (Normal) (G1 Evacuation Pause)
[2025-01-09T02:56:40.131+0000][196270.497s][info][gc,task     ] GC(7664) Using 6 workers of 6 for evacuation
[2025-01-09T02:56:40.156+0000][196270.522s][info][gc,phases   ] GC(7664)   Pre Evacuate Collection Set: 0.2ms
[2025-01-09T02:56:40.156+0000][196270.522s][info][gc,phases   ] GC(7664)   Merge Heap Roots: 0.4ms
[2025-01-09T02:56:40.156+0000][196270.522s][info][gc,phases   ] GC(7664)   Evacuate Collection Set: 21.9ms
[2025-01-09T02:56:40.156+0000][196270.522s][info][gc,phases   ] GC(7664)   Post Evacuate Collection Set: 2.4ms
[2025-01-09T02:56:40.156+0000][196270.522s][info][gc,phases   ] GC(7664)   Other: 0.2ms
[2025-01-09T02:56:40.156+0000][196270.522s][info][gc,heap     ] GC(7664) Eden regions: 913->0(914)
[2025-01-09T02:56:40.156+0000][196270.522s][info][gc,heap     ] GC(7664) Survivor regions: 8->7(116)
[2025-01-09T02:56:40.156+0000][196270.522s][info][gc,heap     ] GC(7664) Old regions: 229->229
[2025-01-09T02:56:40.156+0000][196270.522s][info][gc,heap     ] GC(7664) Archive regions: 2->2
[2025-01-09T02:56:40.156+0000][196270.522s][info][gc,heap     ] GC(7664) Humongous regions: 49->49
[2025-01-09T02:56:40.156+0000][196270.522s][info][gc,metaspace] GC(7664) Metaspace: 524781K(534272K)->524781K(534272K) NonClass: 460838K(465536K)->460838K(465536K) Class: 63942K(68736K)->63942K(68736K)
[2025-01-09T02:56:40.156+0000][196270.522s][info][gc          ] GC(7664) Pause Young (Normal) (G1 Evacuation Pause) 9586M->2275M(12288M) 25.154ms
[2025-01-09T02:56:40.156+0000][196270.522s][info][gc,cpu      ] GC(7664) User=0.15s Sys=0.00s Real=0.02s
[2025-01-09T02:57:24.342+0000][196314.708s][info][gc,start    ] GC(7665) Pause Young (Concurrent Start) (G1 Evacuation Pause)
[2025-01-09T02:57:24.342+0000][196314.708s][info][gc,task     ] GC(7665) Using 6 workers of 6 for evacuation
[2025-01-09T02:57:24.370+0000][196314.736s][info][gc,phases   ] GC(7665)   Pre Evacuate Collection Set: 1.2ms
[2025-01-09T02:57:24.370+0000][196314.736s][info][gc,phases   ] GC(7665)   Merge Heap Roots: 0.4ms
[2025-01-09T02:57:24.370+0000][196314.736s][info][gc,phases   ] GC(7665)   Evacuate Collection Set: 23.3ms
[2025-01-09T02:57:24.370+0000][196314.736s][info][gc,phases   ] GC(7665)   Post Evacuate Collection Set: 2.3ms
[2025-01-09T02:57:24.370+0000][196314.736s][info][gc,phases   ] GC(7665)   Other: 0.3ms
[2025-01-09T02:57:24.370+0000][196314.736s][info][gc,heap     ] GC(7665) Eden regions: 914->0(915)
[2025-01-09T02:57:24.370+0000][196314.736s][info][gc,heap     ] GC(7665) Survivor regions: 7->6(116)
[2025-01-09T02:57:24.370+0000][196314.736s][info][gc,heap     ] GC(7665) Old regions: 229->229
[2025-01-09T02:57:24.370+0000][196314.736s][info][gc,heap     ] GC(7665) Archive regions: 2->2
[2025-01-09T02:57:24.370+0000][196314.736s][info][gc,heap     ] GC(7665) Humongous regions: 49->49
[2025-01-09T02:57:24.370+0000][196314.736s][info][gc,metaspace] GC(7665) Metaspace: 524781K(534272K)->524781K(534272K) NonClass: 460838K(465536K)->460838K(465536K) Class: 63942K(68736K)->63942K(68736K)
[2025-01-09T02:57:24.370+0000][196314.736s][info][gc          ] GC(7665) Pause Young (Concurrent Start) (G1 Evacuation Pause) 9587M->2271M(12288M) 27.539ms
[2025-01-09T02:57:24.370+0000][196314.736s][info][gc,cpu      ] GC(7665) User=0.16s Sys=0.00s Real=0.03s
[2025-01-09T02:57:24.370+0000][196314.736s][info][gc          ] GC(7666) Concurrent Mark Cycle
[2025-01-09T02:57:24.370+0000][196314.736s][info][gc,marking  ] GC(7666) Concurrent Clear Claimed Marks
[2025-01-09T02:57:24.371+0000][196314.737s][info][gc,marking  ] GC(7666) Concurrent Clear Claimed Marks 0.890ms
[2025-01-09T02:57:24.371+0000][196314.737s][info][gc,marking  ] GC(7666) Concurrent Scan Root Regions
[2025-01-09T02:57:24.388+0000][196314.754s][info][gc,marking  ] GC(7666) Concurrent Scan Root Regions 17.437ms
[2025-01-09T02:57:24.388+0000][196314.754s][info][gc,marking  ] GC(7666) Concurrent Mark
[2025-01-09T02:57:24.388+0000][196314.754s][info][gc,marking  ] GC(7666) Concurrent Mark From Roots
[2025-01-09T02:57:24.388+0000][196314.754s][info][gc,task     ] GC(7666) Using 2 workers of 2 for marking
[2025-01-09T02:57:25.124+0000][196315.490s][info][gc,marking  ] GC(7666) Concurrent Mark From Roots 735.998ms
[2025-01-09T02:57:25.124+0000][196315.490s][info][gc,marking  ] GC(7666) Concurrent Preclean
[2025-01-09T02:57:25.127+0000][196315.493s][info][gc,marking  ] GC(7666) Concurrent Preclean 2.827ms
[2025-01-09T02:57:25.127+0000][196315.493s][info][gc,start    ] GC(7666) Pause Remark
[2025-01-09T02:57:25.154+0000][196315.520s][info][gc          ] GC(7666) Pause Remark 2867M->2867M(12288M) 26.213ms
[2025-01-09T02:57:25.154+0000][196315.520s][info][gc,cpu      ] GC(7666) User=0.15s Sys=0.00s Real=0.03s
[2025-01-09T02:57:25.154+0000][196315.520s][info][gc,marking  ] GC(7666) Concurrent Mark 765.403ms
[2025-01-09T02:57:25.154+0000][196315.520s][info][gc,marking  ] GC(7666) Concurrent Rebuild Remembered Sets
[2025-01-09T02:57:25.656+0000][196316.023s][info][gc,marking  ] GC(7666) Concurrent Rebuild Remembered Sets 502.717ms
[2025-01-09T02:57:25.657+0000][196316.023s][info][gc,start    ] GC(7666) Pause Cleanup
[2025-01-09T02:57:25.657+0000][196316.023s][info][gc          ] GC(7666) Pause Cleanup 3275M->3275M(12288M) 0.403ms
[2025-01-09T02:57:25.657+0000][196316.023s][info][gc,cpu      ] GC(7666) User=0.00s Sys=0.00s Real=0.00s
[2025-01-09T02:57:25.657+0000][196316.023s][info][gc,marking  ] GC(7666) Concurrent Cleanup for Next Mark
[2025-01-09T02:57:25.672+0000][196316.038s][info][gc,marking  ] GC(7666) Concurrent Cleanup for Next Mark 15.251ms
[2025-01-09T02:57:25.672+0000][196316.039s][info][gc          ] GC(7666) Concurrent Mark Cycle 1302.518ms
[2025-01-09T03:24:00.027+0000][197910.393s][info][gc,start    ] GC(7667) Pause Young (Prepare Mixed) (G1 Evacuation Pause)
[2025-01-09T03:24:00.027+0000][197910.393s][info][gc,task     ] GC(7667) Using 6 workers of 6 for evacuation
[2025-01-09T03:24:00.056+0000][197910.423s][info][gc,phases   ] GC(7667)   Pre Evacuate Collection Set: 0.2ms
[2025-01-09T03:24:00.056+0000][197910.423s][info][gc,phases   ] GC(7667)   Merge Heap Roots: 0.6ms
[2025-01-09T03:24:00.056+0000][197910.423s][info][gc,phases   ] GC(7667)   Evacuate Collection Set: 25.8ms
[2025-01-09T03:24:00.056+0000][197910.423s][info][gc,phases   ] GC(7667)   Post Evacuate Collection Set: 2.8ms
[2025-01-09T03:24:00.056+0000][197910.423s][info][gc,phases   ] GC(7667)   Other: 0.2ms
[2025-01-09T03:24:00.056+0000][197910.423s][info][gc,heap     ] GC(7667) Eden regions: 915->0(69)
[2025-01-09T03:24:00.056+0000][197910.423s][info][gc,heap     ] GC(7667) Survivor regions: 6->7(116)
[2025-01-09T03:24:00.056+0000][197910.423s][info][gc,heap     ] GC(7667) Old regions: 229->229
[2025-01-09T03:24:00.056+0000][197910.423s][info][gc,heap     ] GC(7667) Archive regions: 2->2
[2025-01-09T03:24:00.056+0000][197910.423s][info][gc,heap     ] GC(7667) Humongous regions: 49->49
[2025-01-09T03:24:00.056+0000][197910.423s][info][gc,metaspace] GC(7667) Metaspace: 524785K(534272K)->524785K(534272K) NonClass: 460842K(465536K)->460842K(465536K) Class: 63942K(68736K)->63942K(68736K)
[2025-01-09T03:24:00.057+0000][197910.423s][info][gc          ] GC(7667) Pause Young (Prepare Mixed) (G1 Evacuation Pause) 9591M->2274M(12288M) 29.679ms
[2025-01-09T03:24:00.057+0000][197910.423s][info][gc,cpu      ] GC(7667) User=0.17s Sys=0.00s Real=0.03s
[2025-01-09T03:29:50.266+0000][198260.632s][info][gc,start    ] GC(7668) Pause Young (Mixed) (G1 Evacuation Pause)
[2025-01-09T03:29:50.266+0000][198260.632s][info][gc,task     ] GC(7668) Using 6 workers of 6 for evacuation
[2025-01-09T03:29:50.332+0000][198260.698s][info][gc,phases   ] GC(7668)   Pre Evacuate Collection Set: 0.2ms
[2025-01-09T03:29:50.332+0000][198260.698s][info][gc,phases   ] GC(7668)   Merge Heap Roots: 0.8ms
[2025-01-09T03:29:50.332+0000][198260.698s][info][gc,phases   ] GC(7668)   Evacuate Collection Set: 62.8ms
[2025-01-09T03:29:50.332+0000][198260.698s][info][gc,phases   ] GC(7668)   Post Evacuate Collection Set: 1.9ms
[2025-01-09T03:29:50.332+0000][198260.698s][info][gc,phases   ] GC(7668)   Other: 0.2ms
[2025-01-09T03:29:50.332+0000][198260.698s][info][gc,heap     ] GC(7668) Eden regions: 69->0(916)
[2025-01-09T03:29:50.332+0000][198260.698s][info][gc,heap     ] GC(7668) Survivor regions: 7->5(10)
[2025-01-09T03:29:50.332+0000][198260.698s][info][gc,heap     ] GC(7668) Old regions: 229->225
[2025-01-09T03:29:50.332+0000][198260.698s][info][gc,heap     ] GC(7668) Archive regions: 2->2
[2025-01-09T03:29:50.332+0000][198260.698s][info][gc,heap     ] GC(7668) Humongous regions: 49->49
[2025-01-09T03:29:50.332+0000][198260.698s][info][gc,metaspace] GC(7668) Metaspace: 524787K(534272K)->524787K(534272K) NonClass: 460844K(465536K)->460844K(465536K) Class: 63942K(68736K)->63942K(68736K)
[2025-01-09T03:29:50.332+0000][198260.698s][info][gc          ] GC(7668) Pause Young (Mixed) (G1 Evacuation Pause) 2826M->2234M(12288M) 66.075ms
[2025-01-09T03:29:50.332+0000][198260.698s][info][gc,cpu      ] GC(7668) User=0.39s Sys=0.00s Real=0.07s
[2025-01-09T03:58:59.613+0000][200009.979s][info][gc,start    ] GC(7669) Pause Young (Normal) (G1 Evacuation Pause)
[2025-01-09T03:58:59.613+0000][200009.979s][info][gc,task     ] GC(7669) Using 6 workers of 6 for evacuation
[2025-01-09T03:58:59.660+0000][200010.027s][info][gc,phases   ] GC(7669)   Pre Evacuate Collection Set: 0.2ms
[2025-01-09T03:58:59.660+0000][200010.027s][info][gc,phases   ] GC(7669)   Merge Heap Roots: 0.5ms
[2025-01-09T03:58:59.660+0000][200010.027s][info][gc,phases   ] GC(7669)   Evacuate Collection Set: 41.7ms
[2025-01-09T03:58:59.660+0000][200010.027s][info][gc,phases   ] GC(7669)   Post Evacuate Collection Set: 4.6ms
[2025-01-09T03:58:59.660+0000][200010.027s][info][gc,phases   ] GC(7669)   Other: 0.2ms
[2025-01-09T03:58:59.660+0000][200010.027s][info][gc,heap     ] GC(7669) Eden regions: 916->0(911)
[2025-01-09T03:58:59.660+0000][200010.027s][info][gc,heap     ] GC(7669) Survivor regions: 5->10(116)
[2025-01-09T03:58:59.660+0000][200010.027s][info][gc,heap     ] GC(7669) Old regions: 225->225
[2025-01-09T03:58:59.660+0000][200010.027s][info][gc,heap     ] GC(7669) Archive regions: 2->2
[2025-01-09T03:58:59.660+0000][200010.027s][info][gc,heap     ] GC(7669) Humongous regions: 49->49
[2025-01-09T03:58:59.660+0000][200010.027s][info][gc,metaspace] GC(7669) Metaspace: 524794K(534272K)->524794K(534272K) NonClass: 460850K(465536K)->460850K(465536K) Class: 63943K(68736K)->63943K(68736K)
[2025-01-09T03:58:59.661+0000][200010.027s][info][gc          ] GC(7669) Pause Young (Normal) (G1 Evacuation Pause) 9562M->2272M(12288M) 47.322ms
[2025-01-09T03:58:59.661+0000][200010.027s][info][gc,cpu      ] GC(7669) User=0.27s Sys=0.01s Real=0.04s
[2025-01-09T03:59:52.647+0000][200063.013s][info][gc,start    ] GC(7670) Pause Young (Normal) (G1 Evacuation Pause)
[2025-01-09T03:59:52.647+0000][200063.013s][info][gc,task     ] GC(7670) Using 6 workers of 6 for evacuation
[2025-01-09T03:59:52.718+0000][200063.084s][info][gc,phases   ] GC(7670)   Pre Evacuate Collection Set: 0.2ms
[2025-01-09T03:59:52.718+0000][200063.084s][info][gc,phases   ] GC(7670)   Merge Heap Roots: 0.6ms
[2025-01-09T03:59:52.718+0000][200063.084s][info][gc,phases   ] GC(7670)   Evacuate Collection Set: 65.7ms
[2025-01-09T03:59:52.718+0000][200063.084s][info][gc,phases   ] GC(7670)   Post Evacuate Collection Set: 3.8ms
[2025-01-09T03:59:52.718+0000][200063.084s][info][gc,phases   ] GC(7670)   Other: 0.2ms
[2025-01-09T03:59:52.718+0000][200063.084s][info][gc,heap     ] GC(7670) Eden regions: 911->0(903)
[2025-01-09T03:59:52.718+0000][200063.084s][info][gc,heap     ] GC(7670) Survivor regions: 10->18(116)
[2025-01-09T03:59:52.718+0000][200063.084s][info][gc,heap     ] GC(7670) Old regions: 225->225
[2025-01-09T03:59:52.718+0000][200063.084s][info][gc,heap     ] GC(7670) Archive regions: 2->2
[2025-01-09T03:59:52.718+0000][200063.084s][info][gc,heap     ] GC(7670) Humongous regions: 49->49
[2025-01-09T03:59:52.718+0000][200063.084s][info][gc,metaspace] GC(7670) Metaspace: 524797K(534272K)->524797K(534272K) NonClass: 460853K(465536K)->460853K(465536K) Class: 63943K(68736K)->63943K(68736K)
[2025-01-09T03:59:52.718+0000][200063.084s][info][gc          ] GC(7670) Pause Young (Normal) (G1 Evacuation Pause) 9560M->2338M(12288M) 70.681ms
[2025-01-09T03:59:52.718+0000][200063.084s][info][gc,cpu      ] GC(7670) User=0.41s Sys=0.00s Real=0.07s
[2025-01-09T04:00:14.551+0000][200084.917s][info][gc,start    ] GC(7671) Pause Young (Concurrent Start) (G1 Evacuation Pause)
[2025-01-09T04:00:14.551+0000][200084.917s][info][gc,task     ] GC(7671) Using 6 workers of 6 for evacuation
[2025-01-09T04:00:14.619+0000][200084.985s][info][gc,phases   ] GC(7671)   Pre Evacuate Collection Set: 1.1ms
[2025-01-09T04:00:14.619+0000][200084.985s][info][gc,phases   ] GC(7671)   Merge Heap Roots: 0.7ms
[2025-01-09T04:00:14.619+0000][200084.985s][info][gc,phases   ] GC(7671)   Evacuate Collection Set: 63.8ms
[2025-01-09T04:00:14.619+0000][200084.985s][info][gc,phases   ] GC(7671)   Post Evacuate Collection Set: 2.7ms
[2025-01-09T04:00:14.619+0000][200084.985s][info][gc,phases   ] GC(7671)   Other: 0.3ms
[2025-01-09T04:00:14.619+0000][200084.985s][info][gc,heap     ] GC(7671) Eden regions: 903->0(902)
[2025-01-09T04:00:14.619+0000][200084.985s][info][gc,heap     ] GC(7671) Survivor regions: 18->19(116)
[2025-01-09T04:00:14.619+0000][200084.985s][info][gc,heap     ] GC(7671) Old regions: 225->225
[2025-01-09T04:00:14.619+0000][200084.985s][info][gc,heap     ] GC(7671) Archive regions: 2->2
[2025-01-09T04:00:14.619+0000][200084.985s][info][gc,heap     ] GC(7671) Humongous regions: 49->49
[2025-01-09T04:00:14.619+0000][200084.985s][info][gc,metaspace] GC(7671) Metaspace: 524800K(534272K)->524800K(534272K) NonClass: 460856K(465536K)->460856K(465536K) Class: 63944K(68736K)->63944K(68736K)
[2025-01-09T04:00:14.619+0000][200084.985s][info][gc          ] GC(7671) Pause Young (Concurrent Start) (G1 Evacuation Pause) 9562M->2347M(12288M) 68.614ms
[2025-01-09T04:00:14.619+0000][200084.985s][info][gc,cpu      ] GC(7671) User=0.40s Sys=0.00s Real=0.06s
[2025-01-09T04:00:14.619+0000][200084.985s][info][gc          ] GC(7672) Concurrent Mark Cycle
[2025-01-09T04:00:14.619+0000][200084.985s][info][gc,marking  ] GC(7672) Concurrent Clear Claimed Marks
[2025-01-09T04:00:14.620+0000][200084.986s][info][gc,marking  ] GC(7672) Concurrent Clear Claimed Marks 0.928ms
[2025-01-09T04:00:14.620+0000][200084.986s][info][gc,marking  ] GC(7672) Concurrent Scan Root Regions
[2025-01-09T04:00:14.672+0000][200085.038s][info][gc,marking  ] GC(7672) Concurrent Scan Root Regions 51.716ms
[2025-01-09T04:00:14.672+0000][200085.038s][info][gc,marking  ] GC(7672) Concurrent Mark
[2025-01-09T04:00:14.672+0000][200085.038s][info][gc,marking  ] GC(7672) Concurrent Mark From Roots
[2025-01-09T04:00:14.672+0000][200085.038s][info][gc,task     ] GC(7672) Using 2 workers of 2 for marking
[2025-01-09T04:00:15.341+0000][200085.707s][info][gc,marking  ] GC(7672) Concurrent Mark From Roots 669.243ms
[2025-01-09T04:00:15.341+0000][200085.707s][info][gc,marking  ] GC(7672) Concurrent Preclean
[2025-01-09T04:00:15.344+0000][200085.710s][info][gc,marking  ] GC(7672) Concurrent Preclean 2.621ms
[2025-01-09T04:00:15.344+0000][200085.710s][info][gc,start    ] GC(7672) Pause Remark
[2025-01-09T04:00:15.399+0000][200085.766s][info][gc          ] GC(7672) Pause Remark 2895M->2895M(12288M) 55.468ms
[2025-01-09T04:00:15.400+0000][200085.766s][info][gc,cpu      ] GC(7672) User=0.30s Sys=0.00s Real=0.05s
[2025-01-09T04:00:15.400+0000][200085.766s][info][gc,marking  ] GC(7672) Concurrent Mark 727.731ms
[2025-01-09T04:00:15.400+0000][200085.766s][info][gc,marking  ] GC(7672) Concurrent Rebuild Remembered Sets
[2025-01-09T04:00:15.862+0000][200086.228s][info][gc,marking  ] GC(7672) Concurrent Rebuild Remembered Sets 461.942ms
[2025-01-09T04:00:15.862+0000][200086.228s][info][gc,start    ] GC(7672) Pause Cleanup
[2025-01-09T04:00:15.862+0000][200086.228s][info][gc          ] GC(7672) Pause Cleanup 3075M->3075M(12288M) 0.431ms
[2025-01-09T04:00:15.862+0000][200086.228s][info][gc,cpu      ] GC(7672) User=0.00s Sys=0.00s Real=0.00s
[2025-01-09T04:00:15.862+0000][200086.228s][info][gc,marking  ] GC(7672) Concurrent Cleanup for Next Mark
[2025-01-09T04:00:15.890+0000][200086.256s][info][gc,marking  ] GC(7672) Concurrent Cleanup for Next Mark 27.910ms
[2025-01-09T04:00:15.890+0000][200086.256s][info][gc          ] GC(7672) Concurrent Mark Cycle 1271.080ms
[2025-01-09T04:00:37.598+0000][200107.964s][info][gc,start    ] GC(7673) Pause Young (Prepare Mixed) (G1 Evacuation Pause)
[2025-01-09T04:00:37.598+0000][200107.964s][info][gc,task     ] GC(7673) Using 6 workers of 6 for evacuation
[2025-01-09T04:00:37.666+0000][200108.032s][info][gc,phases   ] GC(7673)   Pre Evacuate Collection Set: 0.2ms
[2025-01-09T04:00:37.666+0000][200108.033s][info][gc,phases   ] GC(7673)   Merge Heap Roots: 0.9ms
[2025-01-09T04:00:37.666+0000][200108.033s][info][gc,phases   ] GC(7673)   Evacuate Collection Set: 63.9ms
[2025-01-09T04:00:37.666+0000][200108.033s][info][gc,phases   ] GC(7673)   Post Evacuate Collection Set: 2.9ms
[2025-01-09T04:00:37.666+0000][200108.033s][info][gc,phases   ] GC(7673)   Other: 0.2ms
[2025-01-09T04:00:37.666+0000][200108.033s][info][gc,heap     ] GC(7673) Eden regions: 902->0(56)
[2025-01-09T04:00:37.666+0000][200108.033s][info][gc,heap     ] GC(7673) Survivor regions: 19->20(116)
[2025-01-09T04:00:37.666+0000][200108.033s][info][gc,heap     ] GC(7673) Old regions: 225->225
[2025-01-09T04:00:37.666+0000][200108.033s][info][gc,heap     ] GC(7673) Archive regions: 2->2
[2025-01-09T04:00:37.666+0000][200108.033s][info][gc,heap     ] GC(7673) Humongous regions: 49->49
[2025-01-09T04:00:37.666+0000][200108.033s][info][gc,metaspace] GC(7673) Metaspace: 524745K(534272K)->524745K(534272K) NonClass: 460814K(465536K)->460814K(465536K) Class: 63931K(68736K)->63931K(68736K)
[2025-01-09T04:00:37.666+0000][200108.033s][info][gc          ] GC(7673) Pause Young (Prepare Mixed) (G1 Evacuation Pause) 9563M->2355M(12288M) 68.201ms
[2025-01-09T04:00:37.667+0000][200108.033s][info][gc,cpu      ] GC(7673) User=0.41s Sys=0.00s Real=0.07s
[2025-01-09T04:00:39.108+0000][200109.474s][info][gc,start    ] GC(7674) Pause Young (Mixed) (G1 Evacuation Pause)
[2025-01-09T04:00:39.108+0000][200109.474s][info][gc,task     ] GC(7674) Using 6 workers of 6 for evacuation
[2025-01-09T04:00:39.208+0000][200109.574s][info][gc,phases   ] GC(7674)   Pre Evacuate Collection Set: 0.2ms
[2025-01-09T04:00:39.208+0000][200109.574s][info][gc,phases   ] GC(7674)   Merge Heap Roots: 0.8ms
[2025-01-09T04:00:39.208+0000][200109.574s][info][gc,phases   ] GC(7674)   Evacuate Collection Set: 97.1ms
[2025-01-09T04:00:39.208+0000][200109.574s][info][gc,phases   ] GC(7674)   Post Evacuate Collection Set: 1.8ms
[2025-01-09T04:00:39.208+0000][200109.574s][info][gc,phases   ] GC(7674)   Other: 0.2ms
[2025-01-09T04:00:39.208+0000][200109.574s][info][gc,heap     ] GC(7674) Eden regions: 56->0(915)
[2025-01-09T04:00:39.208+0000][200109.574s][info][gc,heap     ] GC(7674) Survivor regions: 20->6(10)
[2025-01-09T04:00:39.208+0000][200109.574s][info][gc,heap     ] GC(7674) Old regions: 225->232
[2025-01-09T04:00:39.208+0000][200109.574s][info][gc,heap     ] GC(7674) Archive regions: 2->2
[2025-01-09T04:00:39.208+0000][200109.574s][info][gc,heap     ] GC(7674) Humongous regions: 49->49
[2025-01-09T04:00:39.208+0000][200109.574s][info][gc,metaspace] GC(7674) Metaspace: 524745K(534272K)->524745K(534272K) NonClass: 460814K(465536K)->460814K(465536K) Class: 63931K(68736K)->63931K(68736K)
[2025-01-09T04:00:39.208+0000][200109.574s][info][gc          ] GC(7674) Pause Young (Mixed) (G1 Evacuation Pause) 2803M->2298M(12288M) 100.163ms
[2025-01-09T04:00:39.208+0000][200109.574s][info][gc,cpu      ] GC(7674) User=0.60s Sys=0.00s Real=0.10s
[2025-01-09T04:00:56.743+0000][200127.109s][info][gc,start    ] GC(7675) Pause Young (Normal) (G1 Evacuation Pause)
[2025-01-09T04:00:56.743+0000][200127.109s][info][gc,task     ] GC(7675) Using 6 workers of 6 for evacuation
[2025-01-09T04:00:56.767+0000][200127.133s][info][gc,phases   ] GC(7675)   Pre Evacuate Collection Set: 0.2ms
[2025-01-09T04:00:56.767+0000][200127.133s][info][gc,phases   ] GC(7675)   Merge Heap Roots: 0.3ms
[2025-01-09T04:00:56.767+0000][200127.133s][info][gc,phases   ] GC(7675)   Evacuate Collection Set: 20.8ms
[2025-01-09T04:00:56.767+0000][200127.133s][info][gc,phases   ] GC(7675)   Post Evacuate Collection Set: 2.5ms
[2025-01-09T04:00:56.767+0000][200127.133s][info][gc,phases   ] GC(7675)   Other: 0.2ms
[2025-01-09T04:00:56.767+0000][200127.133s][info][gc,heap     ] GC(7675) Eden regions: 915->0(915)
[2025-01-09T04:00:56.767+0000][200127.133s][info][gc,heap     ] GC(7675) Survivor regions: 6->6(116)
[2025-01-09T04:00:56.767+0000][200127.133s][info][gc,heap     ] GC(7675) Old regions: 232->232
[2025-01-09T04:00:56.767+0000][200127.133s][info][gc,heap     ] GC(7675) Archive regions: 2->2
[2025-01-09T04:00:56.767+0000][200127.133s][info][gc,heap     ] GC(7675) Humongous regions: 49->49
[2025-01-09T04:00:56.767+0000][200127.133s][info][gc,metaspace] GC(7675) Metaspace: 524746K(534272K)->524746K(534272K) NonClass: 460814K(465536K)->460814K(465536K) Class: 63931K(68736K)->63931K(68736K)
[2025-01-09T04:00:56.767+0000][200127.133s][info][gc          ] GC(7675) Pause Young (Normal) (G1 Evacuation Pause) 9618M->2295M(12288M) 24.140ms
[2025-01-09T04:00:56.767+0000][200127.133s][info][gc,cpu      ] GC(7675) User=0.14s Sys=0.00s Real=0.02s
[2025-01-09T04:01:11.635+0000][200142.001s][info][gc,start    ] GC(7676) Pause Young (Normal) (G1 Evacuation Pause)
[2025-01-09T04:01:11.635+0000][200142.001s][info][gc,task     ] GC(7676) Using 6 workers of 6 for evacuation
[2025-01-09T04:01:11.663+0000][200142.029s][info][gc,phases   ] GC(7676)   Pre Evacuate Collection Set: 0.2ms
[2025-01-09T04:01:11.663+0000][200142.029s][info][gc,phases   ] GC(7676)   Merge Heap Roots: 0.3ms
[2025-01-09T04:01:11.663+0000][200142.029s][info][gc,phases   ] GC(7676)   Evacuate Collection Set: 24.5ms
[2025-01-09T04:01:11.663+0000][200142.029s][info][gc,phases   ] GC(7676)   Post Evacuate Collection Set: 2.6ms
[2025-01-09T04:01:11.663+0000][200142.029s][info][gc,phases   ] GC(7676)   Other: 0.2ms
[2025-01-09T04:01:11.663+0000][200142.029s][info][gc,heap     ] GC(7676) Eden regions: 915->0(913)
[2025-01-09T04:01:11.663+0000][200142.029s][info][gc,heap     ] GC(7676) Survivor regions: 6->8(116)
[2025-01-09T04:01:11.663+0000][200142.029s][info][gc,heap     ] GC(7676) Old regions: 232->232
[2025-01-09T04:01:11.663+0000][200142.029s][info][gc,heap     ] GC(7676) Archive regions: 2->2
[2025-01-09T04:01:11.663+0000][200142.029s][info][gc,heap     ] GC(7676) Humongous regions: 49->49
[2025-01-09T04:01:11.663+0000][200142.029s][info][gc,metaspace] GC(7676) Metaspace: 524746K(534272K)->524746K(534272K) NonClass: 460814K(465536K)->460814K(465536K) Class: 63931K(68736K)->63931K(68736K)
[2025-01-09T04:01:11.663+0000][200142.029s][info][gc          ] GC(7676) Pause Young (Normal) (G1 Evacuation Pause) 9615M->2311M(12288M) 27.875ms
[2025-01-09T04:01:11.663+0000][200142.029s][info][gc,cpu      ] GC(7676) User=0.17s Sys=0.00s Real=0.03s
[2025-01-09T04:01:30.266+0000][200160.632s][info][gc,start    ] GC(7677) Pause Young (Concurrent Start) (G1 Evacuation Pause)
[2025-01-09T04:01:30.266+0000][200160.632s][info][gc,task     ] GC(7677) Using 6 workers of 6 for evacuation
[2025-01-09T04:01:30.300+0000][200160.666s][info][gc,phases   ] GC(7677)   Pre Evacuate Collection Set: 1.1ms
[2025-01-09T04:01:30.300+0000][200160.666s][info][gc,phases   ] GC(7677)   Merge Heap Roots: 0.4ms
[2025-01-09T04:01:30.300+0000][200160.666s][info][gc,phases   ] GC(7677)   Evacuate Collection Set: 29.5ms
[2025-01-09T04:01:30.300+0000][200160.666s][info][gc,phases   ] GC(7677)   Post Evacuate Collection Set: 2.8ms
[2025-01-09T04:01:30.300+0000][200160.666s][info][gc,phases   ] GC(7677)   Other: 0.3ms
[2025-01-09T04:01:30.300+0000][200160.666s][info][gc,heap     ] GC(7677) Eden regions: 913->0(911)
[2025-01-09T04:01:30.300+0000][200160.666s][info][gc,heap     ] GC(7677) Survivor regions: 8->10(116)
[2025-01-09T04:01:30.300+0000][200160.666s][info][gc,heap     ] GC(7677) Old regions: 232->232
[2025-01-09T04:01:30.300+0000][200160.666s][info][gc,heap     ] GC(7677) Archive regions: 2->2
[2025-01-09T04:01:30.300+0000][200160.666s][info][gc,heap     ] GC(7677) Humongous regions: 49->49
[2025-01-09T04:01:30.300+0000][200160.666s][info][gc,metaspace] GC(7677) Metaspace: 524746K(534272K)->524746K(534272K) NonClass: 460814K(465536K)->460814K(465536K) Class: 63931K(68736K)->63931K(68736K)
[2025-01-09T04:01:30.300+0000][200160.666s][info][gc          ] GC(7677) Pause Young (Concurrent Start) (G1 Evacuation Pause) 9615M->2326M(12288M) 34.256ms
[2025-01-09T04:01:30.300+0000][200160.666s][info][gc,cpu      ] GC(7677) User=0.19s Sys=0.00s Real=0.03s
[2025-01-09T04:01:30.300+0000][200160.666s][info][gc          ] GC(7678) Concurrent Mark Cycle
[2025-01-09T04:01:30.300+0000][200160.666s][info][gc,marking  ] GC(7678) Concurrent Clear Claimed Marks
[2025-01-09T04:01:30.301+0000][200160.667s][info][gc,marking  ] GC(7678) Concurrent Clear Claimed Marks 0.878ms
[2025-01-09T04:01:30.301+0000][200160.667s][info][gc,marking  ] GC(7678) Concurrent Scan Root Regions
[2025-01-09T04:01:30.322+0000][200160.688s][info][gc,marking  ] GC(7678) Concurrent Scan Root Regions 21.188ms
[2025-01-09T04:01:30.322+0000][200160.688s][info][gc,marking  ] GC(7678) Concurrent Mark
[2025-01-09T04:01:30.322+0000][200160.688s][info][gc,marking  ] GC(7678) Concurrent Mark From Roots
[2025-01-09T04:01:30.322+0000][200160.688s][info][gc,task     ] GC(7678) Using 2 workers of 2 for marking
[2025-01-09T04:01:31.022+0000][200161.388s][info][gc,marking  ] GC(7678) Concurrent Mark From Roots 700.062ms
[2025-01-09T04:01:31.022+0000][200161.389s][info][gc,marking  ] GC(7678) Concurrent Preclean
[2025-01-09T04:01:31.026+0000][200161.392s][info][gc,marking  ] GC(7678) Concurrent Preclean 3.540ms
[2025-01-09T04:01:31.026+0000][200161.392s][info][gc,start    ] GC(7678) Pause Remark
[2025-01-09T04:01:31.052+0000][200161.418s][info][gc          ] GC(7678) Pause Remark 2830M->2830M(12288M) 26.002ms
[2025-01-09T04:01:31.052+0000][200161.418s][info][gc,cpu      ] GC(7678) User=0.14s Sys=0.00s Real=0.03s
[2025-01-09T04:01:31.052+0000][200161.418s][info][gc,marking  ] GC(7678) Concurrent Mark 730.038ms
[2025-01-09T04:01:31.052+0000][200161.418s][info][gc,marking  ] GC(7678) Concurrent Rebuild Remembered Sets
[2025-01-09T04:01:31.534+0000][200161.900s][info][gc,marking  ] GC(7678) Concurrent Rebuild Remembered Sets 481.955ms
[2025-01-09T04:01:31.534+0000][200161.901s][info][gc,start    ] GC(7678) Pause Cleanup
[2025-01-09T04:01:31.535+0000][200161.901s][info][gc          ] GC(7678) Pause Cleanup 3202M->3202M(12288M) 0.466ms
[2025-01-09T04:01:31.535+0000][200161.901s][info][gc,cpu      ] GC(7678) User=0.01s Sys=0.00s Real=0.00s
[2025-01-09T04:01:31.535+0000][200161.901s][info][gc,marking  ] GC(7678) Concurrent Cleanup for Next Mark
[2025-01-09T04:01:31.551+0000][200161.917s][info][gc,marking  ] GC(7678) Concurrent Cleanup for Next Mark 15.993ms
[2025-01-09T04:01:31.551+0000][200161.917s][info][gc          ] GC(7678) Concurrent Mark Cycle 1250.914ms
[2025-01-09T04:01:46.215+0000][200176.581s][info][gc,start    ] GC(7679) Pause Young (Prepare Mixed) (G1 Evacuation Pause)
[2025-01-09T04:01:46.215+0000][200176.581s][info][gc,task     ] GC(7679) Using 6 workers of 6 for evacuation
[2025-01-09T04:01:46.253+0000][200176.619s][info][gc,phases   ] GC(7679)   Pre Evacuate Collection Set: 0.2ms
[2025-01-09T04:01:46.253+0000][200176.619s][info][gc,phases   ] GC(7679)   Merge Heap Roots: 0.5ms
[2025-01-09T04:01:46.253+0000][200176.619s][info][gc,phases   ] GC(7679)   Evacuate Collection Set: 33.8ms
[2025-01-09T04:01:46.253+0000][200176.619s][info][gc,phases   ] GC(7679)   Post Evacuate Collection Set: 3.9ms
[2025-01-09T04:01:46.253+0000][200176.619s][info][gc,phases   ] GC(7679)   Other: 0.2ms
[2025-01-09T04:01:46.253+0000][200176.619s][info][gc,heap     ] GC(7679) Eden regions: 911->0(64)
[2025-01-09T04:01:46.253+0000][200176.619s][info][gc,heap     ] GC(7679) Survivor regions: 10->12(116)
[2025-01-09T04:01:46.253+0000][200176.619s][info][gc,heap     ] GC(7679) Old regions: 232->232
[2025-01-09T04:01:46.253+0000][200176.619s][info][gc,heap     ] GC(7679) Archive regions: 2->2
[2025-01-09T04:01:46.253+0000][200176.619s][info][gc,heap     ] GC(7679) Humongous regions: 49->49
[2025-01-09T04:01:46.253+0000][200176.619s][info][gc,metaspace] GC(7679) Metaspace: 524746K(534272K)->524746K(534272K) NonClass: 460814K(465536K)->460814K(465536K) Class: 63931K(68736K)->63931K(68736K)
[2025-01-09T04:01:46.253+0000][200176.619s][info][gc          ] GC(7679) Pause Young (Prepare Mixed) (G1 Evacuation Pause) 9614M->2345M(12288M) 38.796ms
[2025-01-09T04:01:46.253+0000][200176.619s][info][gc,cpu      ] GC(7679) User=0.22s Sys=0.00s Real=0.04s
[2025-01-09T04:01:46.793+0000][200177.159s][info][gc,start    ] GC(7680) Pause Young (Mixed) (G1 Evacuation Pause)
[2025-01-09T04:01:46.793+0000][200177.159s][info][gc,task     ] GC(7680) Using 6 workers of 6 for evacuation
[2025-01-09T04:01:46.865+0000][200177.231s][info][gc,phases   ] GC(7680)   Pre Evacuate Collection Set: 0.2ms
[2025-01-09T04:01:46.865+0000][200177.231s][info][gc,phases   ] GC(7680)   Merge Heap Roots: 0.6ms
[2025-01-09T04:01:46.865+0000][200177.231s][info][gc,phases   ] GC(7680)   Evacuate Collection Set: 68.8ms
[2025-01-09T04:01:46.865+0000][200177.231s][info][gc,phases   ] GC(7680)   Post Evacuate Collection Set: 1.9ms
[2025-01-09T04:01:46.865+0000][200177.231s][info][gc,phases   ] GC(7680)   Other: 0.2ms
[2025-01-09T04:01:46.865+0000][200177.231s][info][gc,heap     ] GC(7680) Eden regions: 64->0(917)
[2025-01-09T04:01:46.865+0000][200177.231s][info][gc,heap     ] GC(7680) Survivor regions: 12->4(10)
[2025-01-09T04:01:46.865+0000][200177.231s][info][gc,heap     ] GC(7680) Old regions: 232->233
[2025-01-09T04:01:46.865+0000][200177.231s][info][gc,heap     ] GC(7680) Archive regions: 2->2
[2025-01-09T04:01:46.865+0000][200177.231s][info][gc,heap     ] GC(7680) Humongous regions: 49->49
[2025-01-09T04:01:46.865+0000][200177.231s][info][gc,metaspace] GC(7680) Metaspace: 524746K(534272K)->524746K(534272K) NonClass: 460814K(465536K)->460814K(465536K) Class: 63931K(68736K)->63931K(68736K)
[2025-01-09T04:01:46.865+0000][200177.231s][info][gc          ] GC(7680) Pause Young (Mixed) (G1 Evacuation Pause) 2857M->2286M(12288M) 71.761ms
[2025-01-09T04:01:46.865+0000][200177.231s][info][gc,cpu      ] GC(7680) User=0.41s Sys=0.00s Real=0.07s
[2025-01-09T04:02:00.177+0000][200190.543s][info][gc,start    ] GC(7681) Pause Young (Normal) (G1 Evacuation Pause)
[2025-01-09T04:02:00.177+0000][200190.543s][info][gc,task     ] GC(7681) Using 6 workers of 6 for evacuation
[2025-01-09T04:02:00.197+0000][200190.563s][info][gc,phases   ] GC(7681)   Pre Evacuate Collection Set: 0.2ms
[2025-01-09T04:02:00.197+0000][200190.563s][info][gc,phases   ] GC(7681)   Merge Heap Roots: 0.3ms
[2025-01-09T04:02:00.197+0000][200190.563s][info][gc,phases   ] GC(7681)   Evacuate Collection Set: 17.4ms
[2025-01-09T04:02:00.197+0000][200190.563s][info][gc,phases   ] GC(7681)   Post Evacuate Collection Set: 2.5ms
[2025-01-09T04:02:00.197+0000][200190.563s][info][gc,phases   ] GC(7681)   Other: 0.2ms
[2025-01-09T04:02:00.197+0000][200190.563s][info][gc,heap     ] GC(7681) Eden regions: 917->0(916)
[2025-01-09T04:02:00.197+0000][200190.563s][info][gc,heap     ] GC(7681) Survivor regions: 4->5(116)
[2025-01-09T04:02:00.197+0000][200190.563s][info][gc,heap     ] GC(7681) Old regions: 233->233
[2025-01-09T04:02:00.197+0000][200190.563s][info][gc,heap     ] GC(7681) Archive regions: 2->2
[2025-01-09T04:02:00.197+0000][200190.563s][info][gc,heap     ] GC(7681) Humongous regions: 49->49
[2025-01-09T04:02:00.197+0000][200190.563s][info][gc,metaspace] GC(7681) Metaspace: 524746K(534272K)->524746K(534272K) NonClass: 460815K(465536K)->460815K(465536K) Class: 63931K(68736K)->63931K(68736K)
[2025-01-09T04:02:00.197+0000][200190.563s][info][gc          ] GC(7681) Pause Young (Normal) (G1 Evacuation Pause) 9622M->2298M(12288M) 20.667ms
[2025-01-09T04:02:00.197+0000][200190.563s][info][gc,cpu      ] GC(7681) User=0.12s Sys=0.00s Real=0.02s
[2025-01-09T04:02:12.524+0000][200202.890s][info][gc,start    ] GC(7682) Pause Young (Normal) (G1 Evacuation Pause)
[2025-01-09T04:02:12.524+0000][200202.890s][info][gc,task     ] GC(7682) Using 6 workers of 6 for evacuation
[2025-01-09T04:02:12.547+0000][200202.913s][info][gc,phases   ] GC(7682)   Pre Evacuate Collection Set: 0.2ms
[2025-01-09T04:02:12.547+0000][200202.913s][info][gc,phases   ] GC(7682)   Merge Heap Roots: 0.3ms
[2025-01-09T04:02:12.547+0000][200202.913s][info][gc,phases   ] GC(7682)   Evacuate Collection Set: 20.3ms
[2025-01-09T04:02:12.547+0000][200202.913s][info][gc,phases   ] GC(7682)   Post Evacuate Collection Set: 2.7ms
[2025-01-09T04:02:12.547+0000][200202.913s][info][gc,phases   ] GC(7682)   Other: 0.2ms
[2025-01-09T04:02:12.547+0000][200202.913s][info][gc,heap     ] GC(7682) Eden regions: 916->0(914)
[2025-01-09T04:02:12.547+0000][200202.913s][info][gc,heap     ] GC(7682) Survivor regions: 5->7(116)
[2025-01-09T04:02:12.547+0000][200202.913s][info][gc,heap     ] GC(7682) Old regions: 233->233
[2025-01-09T04:02:12.547+0000][200202.913s][info][gc,heap     ] GC(7682) Archive regions: 2->2
[2025-01-09T04:02:12.547+0000][200202.913s][info][gc,heap     ] GC(7682) Humongous regions: 49->49
[2025-01-09T04:02:12.547+0000][200202.913s][info][gc,metaspace] GC(7682) Metaspace: 524746K(534272K)->524746K(534272K) NonClass: 460815K(465536K)->460815K(465536K) Class: 63931K(68736K)->63931K(68736K)
[2025-01-09T04:02:12.547+0000][200202.913s][info][gc          ] GC(7682) Pause Young (Normal) (G1 Evacuation Pause) 9626M->2310M(12288M) 23.779ms
[2025-01-09T04:02:12.547+0000][200202.913s][info][gc,cpu      ] GC(7682) User=0.14s Sys=0.00s Real=0.02s
[2025-01-09T04:02:26.862+0000][200217.228s][info][gc,start    ] GC(7683) Pause Young (Concurrent Start) (G1 Evacuation Pause)
[2025-01-09T04:02:26.862+0000][200217.228s][info][gc,task     ] GC(7683) Using 6 workers of 6 for evacuation
[2025-01-09T04:02:26.897+0000][200217.263s][info][gc,phases   ] GC(7683)   Pre Evacuate Collection Set: 1.2ms
[2025-01-09T04:02:26.897+0000][200217.263s][info][gc,phases   ] GC(7683)   Merge Heap Roots: 0.4ms
[2025-01-09T04:02:26.897+0000][200217.263s][info][gc,phases   ] GC(7683)   Evacuate Collection Set: 30.0ms
[2025-01-09T04:02:26.897+0000][200217.263s][info][gc,phases   ] GC(7683)   Post Evacuate Collection Set: 2.6ms
[2025-01-09T04:02:26.897+0000][200217.263s][info][gc,phases   ] GC(7683)   Other: 0.3ms
[2025-01-09T04:02:26.897+0000][200217.263s][info][gc,heap     ] GC(7683) Eden regions: 914->0(912)
[2025-01-09T04:02:26.897+0000][200217.263s][info][gc,heap     ] GC(7683) Survivor regions: 7->9(116)
[2025-01-09T04:02:26.897+0000][200217.263s][info][gc,heap     ] GC(7683) Old regions: 233->233
[2025-01-09T04:02:26.897+0000][200217.263s][info][gc,heap     ] GC(7683) Archive regions: 2->2
[2025-01-09T04:02:26.897+0000][200217.263s][info][gc,heap     ] GC(7683) Humongous regions: 49->49
[2025-01-09T04:02:26.897+0000][200217.263s][info][gc,metaspace] GC(7683) Metaspace: 524746K(534272K)->524746K(534272K) NonClass: 460815K(465536K)->460815K(465536K) Class: 63931K(68736K)->63931K(68736K)
[2025-01-09T04:02:26.897+0000][200217.263s][info][gc          ] GC(7683) Pause Young (Concurrent Start) (G1 Evacuation Pause) 9622M->2324M(12288M) 34.458ms
[2025-01-09T04:02:26.897+0000][200217.263s][info][gc,cpu      ] GC(7683) User=0.19s Sys=0.00s Real=0.03s
[2025-01-09T04:02:26.897+0000][200217.263s][info][gc          ] GC(7684) Concurrent Mark Cycle
[2025-01-09T04:02:26.897+0000][200217.263s][info][gc,marking  ] GC(7684) Concurrent Clear Claimed Marks
[2025-01-09T04:02:26.898+0000][200217.264s][info][gc,marking  ] GC(7684) Concurrent Clear Claimed Marks 1.031ms
[2025-01-09T04:02:26.898+0000][200217.264s][info][gc,marking  ] GC(7684) Concurrent Scan Root Regions
[2025-01-09T04:02:26.919+0000][200217.285s][info][gc,marking  ] GC(7684) Concurrent Scan Root Regions 21.201ms
[2025-01-09T04:02:26.919+0000][200217.285s][info][gc,marking  ] GC(7684) Concurrent Mark
[2025-01-09T04:02:26.919+0000][200217.285s][info][gc,marking  ] GC(7684) Concurrent Mark From Roots
[2025-01-09T04:02:26.919+0000][200217.285s][info][gc,task     ] GC(7684) Using 2 workers of 2 for marking
[2025-01-09T04:02:27.697+0000][200218.063s][info][gc,marking  ] GC(7684) Concurrent Mark From Roots 777.430ms
[2025-01-09T04:02:27.697+0000][200218.063s][info][gc,marking  ] GC(7684) Concurrent Preclean
[2025-01-09T04:02:27.699+0000][200218.066s][info][gc,marking  ] GC(7684) Concurrent Preclean 2.928ms
[2025-01-09T04:02:27.700+0000][200218.066s][info][gc,start    ] GC(7684) Pause Remark
[2025-01-09T04:02:27.725+0000][200218.091s][info][gc          ] GC(7684) Pause Remark 2648M->2648M(12288M) 25.240ms
[2025-01-09T04:02:27.725+0000][200218.091s][info][gc,cpu      ] GC(7684) User=0.15s Sys=0.00s Real=0.03s
[2025-01-09T04:02:27.725+0000][200218.091s][info][gc,marking  ] GC(7684) Concurrent Mark 805.926ms
[2025-01-09T04:02:27.725+0000][200218.091s][info][gc,marking  ] GC(7684) Concurrent Rebuild Remembered Sets
[2025-01-09T04:02:28.209+0000][200218.575s][info][gc,marking  ] GC(7684) Concurrent Rebuild Remembered Sets 483.483ms
[2025-01-09T04:02:28.209+0000][200218.575s][info][gc,start    ] GC(7684) Pause Cleanup
[2025-01-09T04:02:28.209+0000][200218.575s][info][gc          ] GC(7684) Pause Cleanup 2672M->2672M(12288M) 0.463ms
[2025-01-09T04:02:28.209+0000][200218.575s][info][gc,cpu      ] GC(7684) User=0.00s Sys=0.00s Real=0.00s
[2025-01-09T04:02:28.209+0000][200218.575s][info][gc,marking  ] GC(7684) Concurrent Cleanup for Next Mark
[2025-01-09T04:02:28.225+0000][200218.591s][info][gc,marking  ] GC(7684) Concurrent Cleanup for Next Mark 15.449ms
[2025-01-09T04:02:28.225+0000][200218.591s][info][gc          ] GC(7684) Concurrent Mark Cycle 1327.956ms
[2025-01-09T04:02:41.608+0000][200231.974s][info][gc,start    ] GC(7685) Pause Young (Prepare Mixed) (G1 Evacuation Pause)
[2025-01-09T04:02:41.608+0000][200231.974s][info][gc,task     ] GC(7685) Using 6 workers of 6 for evacuation
[2025-01-09T04:02:41.646+0000][200232.012s][info][gc,phases   ] GC(7685)   Pre Evacuate Collection Set: 0.2ms
[2025-01-09T04:02:41.646+0000][200232.012s][info][gc,phases   ] GC(7685)   Merge Heap Roots: 0.5ms
[2025-01-09T04:02:41.646+0000][200232.012s][info][gc,phases   ] GC(7685)   Evacuate Collection Set: 34.0ms
[2025-01-09T04:02:41.646+0000][200232.012s][info][gc,phases   ] GC(7685)   Post Evacuate Collection Set: 2.8ms
[2025-01-09T04:02:41.646+0000][200232.012s][info][gc,phases   ] GC(7685)   Other: 0.2ms
[2025-01-09T04:02:41.646+0000][200232.012s][info][gc,heap     ] GC(7685) Eden regions: 912->0(65)
[2025-01-09T04:02:41.646+0000][200232.012s][info][gc,heap     ] GC(7685) Survivor regions: 9->11(116)
[2025-01-09T04:02:41.646+0000][200232.012s][info][gc,heap     ] GC(7685) Old regions: 233->233
[2025-01-09T04:02:41.646+0000][200232.012s][info][gc,heap     ] GC(7685) Archive regions: 2->2
[2025-01-09T04:02:41.646+0000][200232.012s][info][gc,heap     ] GC(7685) Humongous regions: 49->49
[2025-01-09T04:02:41.646+0000][200232.012s][info][gc,metaspace] GC(7685) Metaspace: 524746K(534272K)->524746K(534272K) NonClass: 460815K(465536K)->460815K(465536K) Class: 63931K(68736K)->63931K(68736K)
[2025-01-09T04:02:41.646+0000][200232.012s][info][gc          ] GC(7685) Pause Young (Prepare Mixed) (G1 Evacuation Pause) 9620M->2340M(12288M) 37.800ms
[2025-01-09T04:02:41.646+0000][200232.012s][info][gc,cpu      ] GC(7685) User=0.22s Sys=0.00s Real=0.04s
[2025-01-09T04:02:41.983+0000][200232.349s][info][gc,start    ] GC(7686) Pause Young (Mixed) (G1 Evacuation Pause)
[2025-01-09T04:02:41.983+0000][200232.349s][info][gc,task     ] GC(7686) Using 6 workers of 6 for evacuation
[2025-01-09T04:02:42.052+0000][200232.418s][info][gc,phases   ] GC(7686)   Pre Evacuate Collection Set: 0.2ms
[2025-01-09T04:02:42.052+0000][200232.418s][info][gc,phases   ] GC(7686)   Merge Heap Roots: 0.5ms
[2025-01-09T04:02:42.052+0000][200232.418s][info][gc,phases   ] GC(7686)   Evacuate Collection Set: 66.4ms
[2025-01-09T04:02:42.052+0000][200232.418s][info][gc,phases   ] GC(7686)   Post Evacuate Collection Set: 2.0ms
[2025-01-09T04:02:42.052+0000][200232.418s][info][gc,phases   ] GC(7686)   Other: 0.2ms
[2025-01-09T04:02:42.052+0000][200232.418s][info][gc,heap     ] GC(7686) Eden regions: 65->0(916)
[2025-01-09T04:02:42.052+0000][200232.418s][info][gc,heap     ] GC(7686) Survivor regions: 11->5(10)
[2025-01-09T04:02:42.052+0000][200232.418s][info][gc,heap     ] GC(7686) Old regions: 233->233
[2025-01-09T04:02:42.052+0000][200232.418s][info][gc,heap     ] GC(7686) Archive regions: 2->2
[2025-01-09T04:02:42.052+0000][200232.418s][info][gc,heap     ] GC(7686) Humongous regions: 49->49
[2025-01-09T04:02:42.052+0000][200232.418s][info][gc,metaspace] GC(7686) Metaspace: 524746K(534272K)->524746K(534272K) NonClass: 460815K(465536K)->460815K(465536K) Class: 63931K(68736K)->63931K(68736K)
[2025-01-09T04:02:42.052+0000][200232.418s][info][gc          ] GC(7686) Pause Young (Mixed) (G1 Evacuation Pause) 2860M->2294M(12288M) 69.364ms
[2025-01-09T04:02:42.052+0000][200232.418s][info][gc,cpu      ] GC(7686) User=0.39s Sys=0.00s Real=0.07s
[2025-01-09T04:02:56.702+0000][200247.068s][info][gc,start    ] GC(7687) Pause Young (Normal) (G1 Evacuation Pause)
[2025-01-09T04:02:56.702+0000][200247.068s][info][gc,task     ] GC(7687) Using 6 workers of 6 for evacuation
[2025-01-09T04:02:56.730+0000][200247.096s][info][gc,phases   ] GC(7687)   Pre Evacuate Collection Set: 0.2ms
[2025-01-09T04:02:56.730+0000][200247.096s][info][gc,phases   ] GC(7687)   Merge Heap Roots: 0.4ms
[2025-01-09T04:02:56.730+0000][200247.096s][info][gc,phases   ] GC(7687)   Evacuate Collection Set: 22.9ms
[2025-01-09T04:02:56.730+0000][200247.096s][info][gc,phases   ] GC(7687)   Post Evacuate Collection Set: 4.0ms
[2025-01-09T04:02:56.730+0000][200247.096s][info][gc,phases   ] GC(7687)   Other: 0.2ms
[2025-01-09T04:02:56.730+0000][200247.096s][info][gc,heap     ] GC(7687) Eden regions: 916->0(914)
[2025-01-09T04:02:56.730+0000][200247.096s][info][gc,heap     ] GC(7687) Survivor regions: 5->7(116)
[2025-01-09T04:02:56.730+0000][200247.096s][info][gc,heap     ] GC(7687) Old regions: 233->233
[2025-01-09T04:02:56.730+0000][200247.096s][info][gc,heap     ] GC(7687) Archive regions: 2->2
[2025-01-09T04:02:56.730+0000][200247.096s][info][gc,heap     ] GC(7687) Humongous regions: 49->49
[2025-01-09T04:02:56.730+0000][200247.096s][info][gc,metaspace] GC(7687) Metaspace: 524746K(534272K)->524746K(534272K) NonClass: 460815K(465536K)->460815K(465536K) Class: 63931K(68736K)->63931K(68736K)
[2025-01-09T04:02:56.730+0000][200247.096s][info][gc          ] GC(7687) Pause Young (Normal) (G1 Evacuation Pause) 9622M->2310M(12288M) 27.715ms
[2025-01-09T04:02:56.730+0000][200247.096s][info][gc,cpu      ] GC(7687) User=0.16s Sys=0.01s Real=0.03s
[2025-01-09T04:03:03.027+0000][200253.393s][info][gc,start    ] GC(7688) Pause Young (Normal) (G1 Evacuation Pause)
[2025-01-09T04:03:03.027+0000][200253.393s][info][gc,task     ] GC(7688) Using 6 workers of 6 for evacuation
[2025-01-09T04:03:03.054+0000][200253.421s][info][gc,phases   ] GC(7688)   Pre Evacuate Collection Set: 0.2ms
[2025-01-09T04:03:03.054+0000][200253.421s][info][gc,phases   ] GC(7688)   Merge Heap Roots: 0.3ms
[2025-01-09T04:03:03.054+0000][200253.421s][info][gc,phases   ] GC(7688)   Evacuate Collection Set: 24.2ms
[2025-01-09T04:03:03.054+0000][200253.421s][info][gc,phases   ] GC(7688)   Post Evacuate Collection Set: 2.4ms
[2025-01-09T04:03:03.054+0000][200253.421s][info][gc,phases   ] GC(7688)   Other: 0.2ms
[2025-01-09T04:03:03.054+0000][200253.421s][info][gc,heap     ] GC(7688) Eden regions: 914->0(913)
[2025-01-09T04:03:03.054+0000][200253.421s][info][gc,heap     ] GC(7688) Survivor regions: 7->8(116)
[2025-01-09T04:03:03.054+0000][200253.421s][info][gc,heap     ] GC(7688) Old regions: 233->233
[2025-01-09T04:03:03.054+0000][200253.421s][info][gc,heap     ] GC(7688) Archive regions: 2->2
[2025-01-09T04:03:03.054+0000][200253.421s][info][gc,heap     ] GC(7688) Humongous regions: 49->49
[2025-01-09T04:03:03.054+0000][200253.421s][info][gc,metaspace] GC(7688) Metaspace: 524746K(534272K)->524746K(534272K) NonClass: 460815K(465536K)->460815K(465536K) Class: 63931K(68736K)->63931K(68736K)
[2025-01-09T04:03:03.055+0000][200253.421s][info][gc          ] GC(7688) Pause Young (Normal) (G1 Evacuation Pause) 9622M->2315M(12288M) 27.418ms
[2025-01-09T04:03:03.055+0000][200253.421s][info][gc,cpu      ] GC(7688) User=0.16s Sys=0.00s Real=0.03s
[2025-01-09T04:03:11.773+0000][200262.139s][info][gc,start    ] GC(7689) Pause Young (Concurrent Start) (G1 Evacuation Pause)
[2025-01-09T04:03:11.773+0000][200262.139s][info][gc,task     ] GC(7689) Using 6 workers of 6 for evacuation
[2025-01-09T04:03:11.805+0000][200262.171s][info][gc,phases   ] GC(7689)   Pre Evacuate Collection Set: 1.1ms
[2025-01-09T04:03:11.805+0000][200262.171s][info][gc,phases   ] GC(7689)   Merge Heap Roots: 0.4ms
[2025-01-09T04:03:11.805+0000][200262.171s][info][gc,phases   ] GC(7689)   Evacuate Collection Set: 26.4ms
[2025-01-09T04:03:11.805+0000][200262.171s][info][gc,phases   ] GC(7689)   Post Evacuate Collection Set: 3.9ms
[2025-01-09T04:03:11.805+0000][200262.171s][info][gc,phases   ] GC(7689)   Other: 0.3ms
[2025-01-09T04:03:11.805+0000][200262.171s][info][gc,heap     ] GC(7689) Eden regions: 913->0(912)
[2025-01-09T04:03:11.805+0000][200262.171s][info][gc,heap     ] GC(7689) Survivor regions: 8->9(116)
[2025-01-09T04:03:11.805+0000][200262.171s][info][gc,heap     ] GC(7689) Old regions: 233->233
[2025-01-09T04:03:11.805+0000][200262.171s][info][gc,heap     ] GC(7689) Archive regions: 2->2
[2025-01-09T04:03:11.805+0000][200262.171s][info][gc,heap     ] GC(7689) Humongous regions: 49->49
[2025-01-09T04:03:11.805+0000][200262.171s][info][gc,metaspace] GC(7689) Metaspace: 524746K(534272K)->524746K(534272K) NonClass: 460815K(465536K)->460815K(465536K) Class: 63931K(68736K)->63931K(68736K)
[2025-01-09T04:03:11.805+0000][200262.171s][info][gc          ] GC(7689) Pause Young (Concurrent Start) (G1 Evacuation Pause) 9619M->2323M(12288M) 32.198ms
[2025-01-09T04:03:11.805+0000][200262.171s][info][gc,cpu      ] GC(7689) User=0.18s Sys=0.00s Real=0.03s
[2025-01-09T04:03:11.805+0000][200262.171s][info][gc          ] GC(7690) Concurrent Mark Cycle
[2025-01-09T04:03:11.805+0000][200262.171s][info][gc,marking  ] GC(7690) Concurrent Clear Claimed Marks
[2025-01-09T04:03:11.806+0000][200262.172s][info][gc,marking  ] GC(7690) Concurrent Clear Claimed Marks 0.958ms
[2025-01-09T04:03:11.806+0000][200262.172s][info][gc,marking  ] GC(7690) Concurrent Scan Root Regions
[2025-01-09T04:03:11.827+0000][200262.193s][info][gc,marking  ] GC(7690) Concurrent Scan Root Regions 20.802ms
[2025-01-09T04:03:11.827+0000][200262.193s][info][gc,marking  ] GC(7690) Concurrent Mark
[2025-01-09T04:03:11.827+0000][200262.193s][info][gc,marking  ] GC(7690) Concurrent Mark From Roots
[2025-01-09T04:03:11.827+0000][200262.193s][info][gc,task     ] GC(7690) Using 2 workers of 2 for marking
[2025-01-09T04:03:12.592+0000][200262.958s][info][gc,marking  ] GC(7690) Concurrent Mark From Roots 764.756ms
[2025-01-09T04:03:12.592+0000][200262.958s][info][gc,marking  ] GC(7690) Concurrent Preclean
[2025-01-09T04:03:12.595+0000][200262.961s][info][gc,marking  ] GC(7690) Concurrent Preclean 2.947ms
[2025-01-09T04:03:12.595+0000][200262.961s][info][gc,start    ] GC(7690) Pause Remark
[2025-01-09T04:03:12.621+0000][200262.987s][info][gc          ] GC(7690) Pause Remark 2680M->2680M(12288M) 25.573ms
[2025-01-09T04:03:12.621+0000][200262.987s][info][gc,cpu      ] GC(7690) User=0.14s Sys=0.00s Real=0.02s
[2025-01-09T04:03:12.621+0000][200262.987s][info][gc,marking  ] GC(7690) Concurrent Mark 793.619ms
[2025-01-09T04:03:12.621+0000][200262.987s][info][gc,marking  ] GC(7690) Concurrent Rebuild Remembered Sets
[2025-01-09T04:03:13.100+0000][200263.467s][info][gc,marking  ] GC(7690) Concurrent Rebuild Remembered Sets 479.571ms
[2025-01-09T04:03:13.101+0000][200263.467s][info][gc,start    ] GC(7690) Pause Cleanup
[2025-01-09T04:03:13.101+0000][200263.467s][info][gc          ] GC(7690) Pause Cleanup 2715M->2715M(12288M) 0.448ms
[2025-01-09T04:03:13.101+0000][200263.467s][info][gc,cpu      ] GC(7690) User=0.00s Sys=0.00s Real=0.00s
[2025-01-09T04:03:13.101+0000][200263.467s][info][gc,marking  ] GC(7690) Concurrent Cleanup for Next Mark
[2025-01-09T04:03:13.116+0000][200263.482s][info][gc,marking  ] GC(7690) Concurrent Cleanup for Next Mark 15.304ms
[2025-01-09T04:03:13.116+0000][200263.483s][info][gc          ] GC(7690) Concurrent Mark Cycle 1311.076ms
[2025-01-09T04:03:22.407+0000][200272.773s][info][gc,start    ] GC(7691) Pause Young (Prepare Mixed) (G1 Evacuation Pause)
[2025-01-09T04:03:22.407+0000][200272.773s][info][gc,task     ] GC(7691) Using 6 workers of 6 for evacuation
[2025-01-09T04:03:22.443+0000][200272.809s][info][gc,phases   ] GC(7691)   Pre Evacuate Collection Set: 0.2ms
[2025-01-09T04:03:22.443+0000][200272.809s][info][gc,phases   ] GC(7691)   Merge Heap Roots: 0.5ms
[2025-01-09T04:03:22.443+0000][200272.809s][info][gc,phases   ] GC(7691)   Evacuate Collection Set: 30.9ms
[2025-01-09T04:03:22.443+0000][200272.809s][info][gc,phases   ] GC(7691)   Post Evacuate Collection Set: 3.9ms
[2025-01-09T04:03:22.443+0000][200272.809s][info][gc,phases   ] GC(7691)   Other: 0.2ms
[2025-01-09T04:03:22.443+0000][200272.809s][info][gc,heap     ] GC(7691) Eden regions: 912->0(66)
[2025-01-09T04:03:22.443+0000][200272.809s][info][gc,heap     ] GC(7691) Survivor regions: 9->10(116)
[2025-01-09T04:03:22.443+0000][200272.809s][info][gc,heap     ] GC(7691) Old regions: 233->233
[2025-01-09T04:03:22.443+0000][200272.809s][info][gc,heap     ] GC(7691) Archive regions: 2->2
[2025-01-09T04:03:22.443+0000][200272.809s][info][gc,heap     ] GC(7691) Humongous regions: 49->49
[2025-01-09T04:03:22.443+0000][200272.809s][info][gc,metaspace] GC(7691) Metaspace: 524746K(534272K)->524746K(534272K) NonClass: 460815K(465536K)->460815K(465536K) Class: 63931K(68736K)->63931K(68736K)
[2025-01-09T04:03:22.443+0000][200272.809s][info][gc          ] GC(7691) Pause Young (Prepare Mixed) (G1 Evacuation Pause) 9619M->2335M(12288M) 35.859ms
[2025-01-09T04:03:22.443+0000][200272.809s][info][gc,cpu      ] GC(7691) User=0.21s Sys=0.00s Real=0.04s
[2025-01-09T04:03:22.767+0000][200273.133s][info][gc,start    ] GC(7692) Pause Young (Mixed) (G1 Evacuation Pause)
[2025-01-09T04:03:22.767+0000][200273.133s][info][gc,task     ] GC(7692) Using 6 workers of 6 for evacuation
[2025-01-09T04:03:22.808+0000][200273.175s][info][gc,phases   ] GC(7692)   Pre Evacuate Collection Set: 0.2ms
[2025-01-09T04:03:22.808+0000][200273.175s][info][gc,phases   ] GC(7692)   Merge Heap Roots: 0.3ms
[2025-01-09T04:03:22.809+0000][200273.175s][info][gc,phases   ] GC(7692)   Evacuate Collection Set: 39.4ms
[2025-01-09T04:03:22.809+0000][200273.175s][info][gc,phases   ] GC(7692)   Post Evacuate Collection Set: 1.5ms
[2025-01-09T04:03:22.809+0000][200273.175s][info][gc,phases   ] GC(7692)   Other: 0.2ms
[2025-01-09T04:03:22.809+0000][200273.175s][info][gc,heap     ] GC(7692) Eden regions: 66->0(915)
[2025-01-09T04:03:22.809+0000][200273.175s][info][gc,heap     ] GC(7692) Survivor regions: 10->6(10)
[2025-01-09T04:03:22.809+0000][200273.175s][info][gc,heap     ] GC(7692) Old regions: 233->230
[2025-01-09T04:03:22.809+0000][200273.175s][info][gc,heap     ] GC(7692) Archive regions: 2->2
[2025-01-09T04:03:22.809+0000][200273.175s][info][gc,heap     ] GC(7692) Humongous regions: 49->49
[2025-01-09T04:03:22.809+0000][200273.175s][info][gc,metaspace] GC(7692) Metaspace: 524746K(534272K)->524746K(534272K) NonClass: 460815K(465536K)->460815K(465536K) Class: 63931K(68736K)->63931K(68736K)
[2025-01-09T04:03:22.809+0000][200273.175s][info][gc          ] GC(7692) Pause Young (Mixed) (G1 Evacuation Pause) 2863M->2283M(12288M) 41.613ms
[2025-01-09T04:03:22.809+0000][200273.175s][info][gc,cpu      ] GC(7692) User=0.24s Sys=0.00s Real=0.04s
[2025-01-09T04:03:29.592+0000][200279.958s][info][gc,start    ] GC(7693) Pause Young (Normal) (G1 Evacuation Pause)
[2025-01-09T04:03:29.592+0000][200279.958s][info][gc,task     ] GC(7693) Using 6 workers of 6 for evacuation
[2025-01-09T04:03:29.618+0000][200279.984s][info][gc,phases   ] GC(7693)   Pre Evacuate Collection Set: 0.2ms
[2025-01-09T04:03:29.618+0000][200279.984s][info][gc,phases   ] GC(7693)   Merge Heap Roots: 0.4ms
[2025-01-09T04:03:29.618+0000][200279.984s][info][gc,phases   ] GC(7693)   Evacuate Collection Set: 22.6ms
[2025-01-09T04:03:29.618+0000][200279.984s][info][gc,phases   ] GC(7693)   Post Evacuate Collection Set: 2.7ms
[2025-01-09T04:03:29.618+0000][200279.984s][info][gc,phases   ] GC(7693)   Other: 0.2ms
[2025-01-09T04:03:29.618+0000][200279.984s][info][gc,heap     ] GC(7693) Eden regions: 915->0(915)
[2025-01-09T04:03:29.618+0000][200279.984s][info][gc,heap     ] GC(7693) Survivor regions: 6->6(116)
[2025-01-09T04:03:29.618+0000][200279.984s][info][gc,heap     ] GC(7693) Old regions: 230->230
[2025-01-09T04:03:29.618+0000][200279.984s][info][gc,heap     ] GC(7693) Archive regions: 2->2
[2025-01-09T04:03:29.618+0000][200279.984s][info][gc,heap     ] GC(7693) Humongous regions: 49->49
[2025-01-09T04:03:29.618+0000][200279.984s][info][gc,metaspace] GC(7693) Metaspace: 524746K(534272K)->524746K(534272K) NonClass: 460815K(465536K)->460815K(465536K) Class: 63931K(68736K)->63931K(68736K)
[2025-01-09T04:03:29.618+0000][200279.984s][info][gc          ] GC(7693) Pause Young (Normal) (G1 Evacuation Pause) 9603M->2280M(12288M) 26.149ms
[2025-01-09T04:03:29.618+0000][200279.984s][info][gc,cpu      ] GC(7693) User=0.15s Sys=0.00s Real=0.02s
[2025-01-09T04:03:41.326+0000][200291.692s][info][gc,start    ] GC(7694) Pause Young (Normal) (G1 Evacuation Pause)
[2025-01-09T04:03:41.326+0000][200291.692s][info][gc,task     ] GC(7694) Using 6 workers of 6 for evacuation
[2025-01-09T04:03:41.359+0000][200291.725s][info][gc,phases   ] GC(7694)   Pre Evacuate Collection Set: 0.2ms
[2025-01-09T04:03:41.359+0000][200291.725s][info][gc,phases   ] GC(7694)   Merge Heap Roots: 0.4ms
[2025-01-09T04:03:41.359+0000][200291.725s][info][gc,phases   ] GC(7694)   Evacuate Collection Set: 29.1ms
[2025-01-09T04:03:41.359+0000][200291.725s][info][gc,phases   ] GC(7694)   Post Evacuate Collection Set: 2.7ms
[2025-01-09T04:03:41.359+0000][200291.725s][info][gc,phases   ] GC(7694)   Other: 0.2ms
[2025-01-09T04:03:41.359+0000][200291.725s][info][gc,heap     ] GC(7694) Eden regions: 915->0(912)
[2025-01-09T04:03:41.359+0000][200291.725s][info][gc,heap     ] GC(7694) Survivor regions: 6->9(116)
[2025-01-09T04:03:41.359+0000][200291.725s][info][gc,heap     ] GC(7694) Old regions: 230->230
[2025-01-09T04:03:41.359+0000][200291.725s][info][gc,heap     ] GC(7694) Archive regions: 2->2
[2025-01-09T04:03:41.359+0000][200291.725s][info][gc,heap     ] GC(7694) Humongous regions: 49->49
[2025-01-09T04:03:41.359+0000][200291.725s][info][gc,metaspace] GC(7694) Metaspace: 524746K(534272K)->524746K(534272K) NonClass: 460815K(465536K)->460815K(465536K) Class: 63931K(68736K)->63931K(68736K)
[2025-01-09T04:03:41.359+0000][200291.725s][info][gc          ] GC(7694) Pause Young (Normal) (G1 Evacuation Pause) 9600M->2306M(12288M) 32.705ms
[2025-01-09T04:03:41.359+0000][200291.725s][info][gc,cpu      ] GC(7694) User=0.19s Sys=0.00s Real=0.03s
[2025-01-09T04:03:49.063+0000][200299.429s][info][gc,start    ] GC(7695) Pause Young (Concurrent Start) (G1 Evacuation Pause)
[2025-01-09T04:03:49.063+0000][200299.429s][info][gc,task     ] GC(7695) Using 6 workers of 6 for evacuation
[2025-01-09T04:03:49.093+0000][200299.460s][info][gc,phases   ] GC(7695)   Pre Evacuate Collection Set: 1.1ms
[2025-01-09T04:03:49.094+0000][200299.460s][info][gc,phases   ] GC(7695)   Merge Heap Roots: 0.4ms
[2025-01-09T04:03:49.094+0000][200299.460s][info][gc,phases   ] GC(7695)   Evacuate Collection Set: 26.5ms
[2025-01-09T04:03:49.094+0000][200299.460s][info][gc,phases   ] GC(7695)   Post Evacuate Collection Set: 2.3ms
[2025-01-09T04:03:49.094+0000][200299.460s][info][gc,phases   ] GC(7695)   Other: 0.3ms
[2025-01-09T04:03:49.094+0000][200299.460s][info][gc,heap     ] GC(7695) Eden regions: 912->0(913)
[2025-01-09T04:03:49.094+0000][200299.460s][info][gc,heap     ] GC(7695) Survivor regions: 9->8(116)
[2025-01-09T04:03:49.094+0000][200299.460s][info][gc,heap     ] GC(7695) Old regions: 230->230
[2025-01-09T04:03:49.094+0000][200299.460s][info][gc,heap     ] GC(7695) Archive regions: 2->2
[2025-01-09T04:03:49.094+0000][200299.460s][info][gc,heap     ] GC(7695) Humongous regions: 49->49
[2025-01-09T04:03:49.094+0000][200299.460s][info][gc,metaspace] GC(7695) Metaspace: 524746K(534272K)->524746K(534272K) NonClass: 460815K(465536K)->460815K(465536K) Class: 63931K(68736K)->63931K(68736K)
[2025-01-09T04:03:49.094+0000][200299.460s][info][gc          ] GC(7695) Pause Young (Concurrent Start) (G1 Evacuation Pause) 9602M->2302M(12288M) 30.670ms
[2025-01-09T04:03:49.094+0000][200299.460s][info][gc,cpu      ] GC(7695) User=0.17s Sys=0.00s Real=0.03s
[2025-01-09T04:03:49.094+0000][200299.460s][info][gc          ] GC(7696) Concurrent Mark Cycle
[2025-01-09T04:03:49.094+0000][200299.460s][info][gc,marking  ] GC(7696) Concurrent Clear Claimed Marks
[2025-01-09T04:03:49.095+0000][200299.461s][info][gc,marking  ] GC(7696) Concurrent Clear Claimed Marks 0.894ms
[2025-01-09T04:03:49.095+0000][200299.461s][info][gc,marking  ] GC(7696) Concurrent Scan Root Regions
[2025-01-09T04:03:49.116+0000][200299.482s][info][gc,marking  ] GC(7696) Concurrent Scan Root Regions 21.265ms
[2025-01-09T04:03:49.116+0000][200299.482s][info][gc,marking  ] GC(7696) Concurrent Mark
[2025-01-09T04:03:49.116+0000][200299.482s][info][gc,marking  ] GC(7696) Concurrent Mark From Roots
[2025-01-09T04:03:49.116+0000][200299.482s][info][gc,task     ] GC(7696) Using 2 workers of 2 for marking
[2025-01-09T04:03:50.071+0000][200300.437s][info][gc,marking  ] GC(7696) Concurrent Mark From Roots 954.642ms
[2025-01-09T04:03:50.071+0000][200300.437s][info][gc,marking  ] GC(7696) Concurrent Preclean
[2025-01-09T04:03:50.075+0000][200300.441s][info][gc,marking  ] GC(7696) Concurrent Preclean 4.036ms
[2025-01-09T04:03:50.075+0000][200300.441s][info][gc,start    ] GC(7696) Pause Remark
[2025-01-09T04:03:50.100+0000][200300.466s][info][gc          ] GC(7696) Pause Remark 3730M->3730M(12288M) 25.116ms
[2025-01-09T04:03:50.100+0000][200300.466s][info][gc,cpu      ] GC(7696) User=0.14s Sys=0.00s Real=0.02s
[2025-01-09T04:03:50.100+0000][200300.466s][info][gc,marking  ] GC(7696) Concurrent Mark 984.156ms
[2025-01-09T04:03:50.100+0000][200300.466s][info][gc,marking  ] GC(7696) Concurrent Rebuild Remembered Sets
[2025-01-09T04:03:50.601+0000][200300.967s][info][gc,marking  ] GC(7696) Concurrent Rebuild Remembered Sets 501.158ms
[2025-01-09T04:03:50.601+0000][200300.967s][info][gc,start    ] GC(7696) Pause Cleanup
[2025-01-09T04:03:50.602+0000][200300.968s][info][gc          ] GC(7696) Pause Cleanup 4362M->4362M(12288M) 0.457ms
[2025-01-09T04:03:50.602+0000][200300.968s][info][gc,cpu      ] GC(7696) User=0.00s Sys=0.00s Real=0.01s
[2025-01-09T04:03:50.602+0000][200300.968s][info][gc,marking  ] GC(7696) Concurrent Cleanup for Next Mark
[2025-01-09T04:03:50.618+0000][200300.984s][info][gc,marking  ] GC(7696) Concurrent Cleanup for Next Mark 16.059ms
[2025-01-09T04:03:50.618+0000][200300.984s][info][gc          ] GC(7696) Concurrent Mark Cycle 1524.412ms
[2025-01-09T04:03:53.494+0000][200303.860s][info][gc,start    ] GC(7697) Pause Young (Prepare Mixed) (G1 Evacuation Pause)
[2025-01-09T04:03:53.494+0000][200303.860s][info][gc,task     ] GC(7697) Using 6 workers of 6 for evacuation
[2025-01-09T04:03:53.526+0000][200303.892s][info][gc,phases   ] GC(7697)   Pre Evacuate Collection Set: 0.2ms
[2025-01-09T04:03:53.526+0000][200303.892s][info][gc,phases   ] GC(7697)   Merge Heap Roots: 0.6ms
[2025-01-09T04:03:53.526+0000][200303.892s][info][gc,phases   ] GC(7697)   Evacuate Collection Set: 28.4ms
[2025-01-09T04:03:53.526+0000][200303.892s][info][gc,phases   ] GC(7697)   Post Evacuate Collection Set: 2.5ms
[2025-01-09T04:03:53.526+0000][200303.892s][info][gc,phases   ] GC(7697)   Other: 0.2ms
[2025-01-09T04:03:53.526+0000][200303.892s][info][gc,heap     ] GC(7697) Eden regions: 913->0(67)
[2025-01-09T04:03:53.526+0000][200303.892s][info][gc,heap     ] GC(7697) Survivor regions: 8->9(116)
[2025-01-09T04:03:53.526+0000][200303.892s][info][gc,heap     ] GC(7697) Old regions: 230->230
[2025-01-09T04:03:53.526+0000][200303.892s][info][gc,heap     ] GC(7697) Archive regions: 2->2
[2025-01-09T04:03:53.526+0000][200303.892s][info][gc,heap     ] GC(7697) Humongous regions: 49->49
[2025-01-09T04:03:53.526+0000][200303.892s][info][gc,metaspace] GC(7697) Metaspace: 524746K(534272K)->524746K(534272K) NonClass: 460815K(465536K)->460815K(465536K) Class: 63931K(68736K)->63931K(68736K)
[2025-01-09T04:03:53.526+0000][200303.892s][info][gc          ] GC(7697) Pause Young (Prepare Mixed) (G1 Evacuation Pause) 9606M->2304M(12288M) 31.936ms
[2025-01-09T04:03:53.526+0000][200303.892s][info][gc,cpu      ] GC(7697) User=0.19s Sys=0.00s Real=0.03s
[2025-01-09T04:03:53.837+0000][200304.203s][info][gc,start    ] GC(7698) Pause Young (Mixed) (G1 Evacuation Pause)
[2025-01-09T04:03:53.837+0000][200304.203s][info][gc,task     ] GC(7698) Using 6 workers of 6 for evacuation
[2025-01-09T04:03:53.911+0000][200304.277s][info][gc,phases   ] GC(7698)   Pre Evacuate Collection Set: 0.2ms
[2025-01-09T04:03:53.911+0000][200304.277s][info][gc,phases   ] GC(7698)   Merge Heap Roots: 0.6ms
[2025-01-09T04:03:53.911+0000][200304.277s][info][gc,phases   ] GC(7698)   Evacuate Collection Set: 70.8ms
[2025-01-09T04:03:53.911+0000][200304.277s][info][gc,phases   ] GC(7698)   Post Evacuate Collection Set: 2.3ms
[2025-01-09T04:03:53.911+0000][200304.277s][info][gc,phases   ] GC(7698)   Other: 0.2ms
[2025-01-09T04:03:53.911+0000][200304.277s][info][gc,heap     ] GC(7698) Eden regions: 67->0(913)
[2025-01-09T04:03:53.911+0000][200304.277s][info][gc,heap     ] GC(7698) Survivor regions: 9->8(10)
[2025-01-09T04:03:53.911+0000][200304.277s][info][gc,heap     ] GC(7698) Old regions: 230->228
[2025-01-09T04:03:53.911+0000][200304.277s][info][gc,heap     ] GC(7698) Archive regions: 2->2
[2025-01-09T04:03:53.911+0000][200304.277s][info][gc,heap     ] GC(7698) Humongous regions: 49->49
[2025-01-09T04:03:53.911+0000][200304.277s][info][gc,metaspace] GC(7698) Metaspace: 524746K(534272K)->524746K(534272K) NonClass: 460815K(465536K)->460815K(465536K) Class: 63931K(68736K)->63931K(68736K)
[2025-01-09T04:03:53.911+0000][200304.277s][info][gc          ] GC(7698) Pause Young (Mixed) (G1 Evacuation Pause) 2840M->2277M(12288M) 74.104ms
[2025-01-09T04:03:53.911+0000][200304.277s][info][gc,cpu      ] GC(7698) User=0.43s Sys=0.00s Real=0.08s
[2025-01-09T04:04:00.876+0000][200311.242s][info][gc,start    ] GC(7699) Pause Young (Normal) (G1 Evacuation Pause)
[2025-01-09T04:04:00.876+0000][200311.242s][info][gc,task     ] GC(7699) Using 6 workers of 6 for evacuation
[2025-01-09T04:04:00.902+0000][200311.268s][info][gc,phases   ] GC(7699)   Pre Evacuate Collection Set: 0.2ms
[2025-01-09T04:04:00.902+0000][200311.268s][info][gc,phases   ] GC(7699)   Merge Heap Roots: 0.4ms
[2025-01-09T04:04:00.902+0000][200311.268s][info][gc,phases   ] GC(7699)   Evacuate Collection Set: 22.2ms
[2025-01-09T04:04:00.902+0000][200311.268s][info][gc,phases   ] GC(7699)   Post Evacuate Collection Set: 2.6ms
[2025-01-09T04:04:00.902+0000][200311.268s][info][gc,phases   ] GC(7699)   Other: 0.2ms
[2025-01-09T04:04:00.902+0000][200311.268s][info][gc,heap     ] GC(7699) Eden regions: 913->0(914)
[2025-01-09T04:04:00.902+0000][200311.268s][info][gc,heap     ] GC(7699) Survivor regions: 8->7(116)
[2025-01-09T04:04:00.902+0000][200311.268s][info][gc,heap     ] GC(7699) Old regions: 228->228
[2025-01-09T04:04:00.902+0000][200311.268s][info][gc,heap     ] GC(7699) Archive regions: 2->2
[2025-01-09T04:04:00.902+0000][200311.268s][info][gc,heap     ] GC(7699) Humongous regions: 49->49
[2025-01-09T04:04:00.902+0000][200311.268s][info][gc,metaspace] GC(7699) Metaspace: 524748K(534272K)->524748K(534272K) NonClass: 460817K(465536K)->460817K(465536K) Class: 63931K(68736K)->63931K(68736K)
[2025-01-09T04:04:00.902+0000][200311.268s][info][gc          ] GC(7699) Pause Young (Normal) (G1 Evacuation Pause) 9581M->2269M(12288M) 25.675ms
[2025-01-09T04:04:00.902+0000][200311.268s][info][gc,cpu      ] GC(7699) User=0.14s Sys=0.00s Real=0.03s
[2025-01-09T04:04:08.460+0000][200318.826s][info][gc,start    ] GC(7700) Pause Young (Normal) (G1 Evacuation Pause)
[2025-01-09T04:04:08.460+0000][200318.826s][info][gc,task     ] GC(7700) Using 6 workers of 6 for evacuation
[2025-01-09T04:04:08.489+0000][200318.855s][info][gc,phases   ] GC(7700)   Pre Evacuate Collection Set: 0.2ms
[2025-01-09T04:04:08.489+0000][200318.855s][info][gc,phases   ] GC(7700)   Merge Heap Roots: 0.4ms
[2025-01-09T04:04:08.489+0000][200318.855s][info][gc,phases   ] GC(7700)   Evacuate Collection Set: 25.4ms
[2025-01-09T04:04:08.489+0000][200318.855s][info][gc,phases   ] GC(7700)   Post Evacuate Collection Set: 2.6ms
[2025-01-09T04:04:08.489+0000][200318.855s][info][gc,phases   ] GC(7700)   Other: 0.2ms
[2025-01-09T04:04:08.489+0000][200318.855s][info][gc,heap     ] GC(7700) Eden regions: 914->0(913)
[2025-01-09T04:04:08.489+0000][200318.855s][info][gc,heap     ] GC(7700) Survivor regions: 7->8(116)
[2025-01-09T04:04:08.489+0000][200318.855s][info][gc,heap     ] GC(7700) Old regions: 228->228
[2025-01-09T04:04:08.489+0000][200318.855s][info][gc,heap     ] GC(7700) Archive regions: 2->2
[2025-01-09T04:04:08.489+0000][200318.855s][info][gc,heap     ] GC(7700) Humongous regions: 49->49
[2025-01-09T04:04:08.489+0000][200318.855s][info][gc,metaspace] GC(7700) Metaspace: 524748K(534272K)->524748K(534272K) NonClass: 460817K(465536K)->460817K(465536K) Class: 63931K(68736K)->63931K(68736K)
[2025-01-09T04:04:08.489+0000][200318.855s][info][gc          ] GC(7700) Pause Young (Normal) (G1 Evacuation Pause) 9581M->2281M(12288M) 28.838ms
[2025-01-09T04:04:08.489+0000][200318.855s][info][gc,cpu      ] GC(7700) User=0.17s Sys=0.00s Real=0.03s
[2025-01-09T04:04:13.682+0000][200324.048s][info][gc,start    ] GC(7701) Pause Young (Concurrent Start) (G1 Evacuation Pause)
[2025-01-09T04:04:13.682+0000][200324.048s][info][gc,task     ] GC(7701) Using 6 workers of 6 for evacuation
[2025-01-09T04:04:13.720+0000][200324.086s][info][gc,phases   ] GC(7701)   Pre Evacuate Collection Set: 1.2ms
[2025-01-09T04:04:13.720+0000][200324.086s][info][gc,phases   ] GC(7701)   Merge Heap Roots: 0.4ms
[2025-01-09T04:04:13.720+0000][200324.086s][info][gc,phases   ] GC(7701)   Evacuate Collection Set: 30.4ms
[2025-01-09T04:04:13.720+0000][200324.086s][info][gc,phases   ] GC(7701)   Post Evacuate Collection Set: 5.8ms
[2025-01-09T04:04:13.720+0000][200324.086s][info][gc,phases   ] GC(7701)   Other: 0.3ms
[2025-01-09T04:04:13.720+0000][200324.086s][info][gc,heap     ] GC(7701) Eden regions: 913->0(911)
[2025-01-09T04:04:13.720+0000][200324.086s][info][gc,heap     ] GC(7701) Survivor regions: 8->10(116)
[2025-01-09T04:04:13.720+0000][200324.086s][info][gc,heap     ] GC(7701) Old regions: 228->228
[2025-01-09T04:04:13.720+0000][200324.086s][info][gc,heap     ] GC(7701) Archive regions: 2->2
[2025-01-09T04:04:13.720+0000][200324.086s][info][gc,heap     ] GC(7701) Humongous regions: 49->49
[2025-01-09T04:04:13.720+0000][200324.086s][info][gc,metaspace] GC(7701) Metaspace: 524748K(534272K)->524748K(534272K) NonClass: 460817K(465536K)->460817K(465536K) Class: 63931K(68736K)->63931K(68736K)
[2025-01-09T04:04:13.720+0000][200324.086s][info][gc          ] GC(7701) Pause Young (Concurrent Start) (G1 Evacuation Pause) 9585M->2294M(12288M) 38.131ms
[2025-01-09T04:04:13.720+0000][200324.086s][info][gc,cpu      ] GC(7701) User=0.22s Sys=0.00s Real=0.03s
[2025-01-09T04:04:13.720+0000][200324.086s][info][gc          ] GC(7702) Concurrent Mark Cycle
[2025-01-09T04:04:13.720+0000][200324.086s][info][gc,marking  ] GC(7702) Concurrent Clear Claimed Marks
[2025-01-09T04:04:13.721+0000][200324.087s][info][gc,marking  ] GC(7702) Concurrent Clear Claimed Marks 0.925ms
[2025-01-09T04:04:13.721+0000][200324.087s][info][gc,marking  ] GC(7702) Concurrent Scan Root Regions
[2025-01-09T04:04:13.745+0000][200324.111s][info][gc,marking  ] GC(7702) Concurrent Scan Root Regions 24.049ms
[2025-01-09T04:04:13.745+0000][200324.111s][info][gc,marking  ] GC(7702) Concurrent Mark
[2025-01-09T04:04:13.745+0000][200324.111s][info][gc,marking  ] GC(7702) Concurrent Mark From Roots
[2025-01-09T04:04:13.745+0000][200324.111s][info][gc,task     ] GC(7702) Using 2 workers of 2 for marking
[2025-01-09T04:04:14.583+0000][200324.949s][info][gc,marking  ] GC(7702) Concurrent Mark From Roots 837.698ms
[2025-01-09T04:04:14.583+0000][200324.949s][info][gc,marking  ] GC(7702) Concurrent Preclean
[2025-01-09T04:04:14.586+0000][200324.952s][info][gc,marking  ] GC(7702) Concurrent Preclean 2.962ms
[2025-01-09T04:04:14.586+0000][200324.952s][info][gc,start    ] GC(7702) Pause Remark
[2025-01-09T04:04:14.614+0000][200324.980s][info][gc          ] GC(7702) Pause Remark 2899M->2899M(12288M) 27.933ms
[2025-01-09T04:04:14.614+0000][200324.980s][info][gc,cpu      ] GC(7702) User=0.15s Sys=0.00s Real=0.03s
[2025-01-09T04:04:14.614+0000][200324.980s][info][gc,marking  ] GC(7702) Concurrent Mark 868.904ms
[2025-01-09T04:04:14.614+0000][200324.980s][info][gc,marking  ] GC(7702) Concurrent Rebuild Remembered Sets
[2025-01-09T04:04:15.194+0000][200325.560s][info][gc,marking  ] GC(7702) Concurrent Rebuild Remembered Sets 579.671ms
[2025-01-09T04:04:15.194+0000][200325.560s][info][gc,start    ] GC(7702) Pause Cleanup
[2025-01-09T04:04:15.195+0000][200325.561s][info][gc          ] GC(7702) Pause Cleanup 3314M->3314M(12288M) 0.502ms
[2025-01-09T04:04:15.195+0000][200325.561s][info][gc,cpu      ] GC(7702) User=0.00s Sys=0.00s Real=0.00s
[2025-01-09T04:04:15.195+0000][200325.561s][info][gc,marking  ] GC(7702) Concurrent Cleanup for Next Mark
[2025-01-09T04:04:15.210+0000][200325.576s][info][gc,marking  ] GC(7702) Concurrent Cleanup for Next Mark 15.753ms
[2025-01-09T04:04:15.210+0000][200325.577s][info][gc          ] GC(7702) Concurrent Mark Cycle 1490.232ms
[2025-01-09T04:04:22.031+0000][200332.397s][info][gc,start    ] GC(7703) Pause Young (Prepare Mixed) (G1 Evacuation Pause)
[2025-01-09T04:04:22.031+0000][200332.398s][info][gc,task     ] GC(7703) Using 6 workers of 6 for evacuation
[2025-01-09T04:04:22.069+0000][200332.435s][info][gc,phases   ] GC(7703)   Pre Evacuate Collection Set: 0.2ms
[2025-01-09T04:04:22.069+0000][200332.435s][info][gc,phases   ] GC(7703)   Merge Heap Roots: 0.6ms
[2025-01-09T04:04:22.069+0000][200332.435s][info][gc,phases   ] GC(7703)   Evacuate Collection Set: 33.8ms
[2025-01-09T04:04:22.069+0000][200332.435s][info][gc,phases   ] GC(7703)   Post Evacuate Collection Set: 2.7ms
[2025-01-09T04:04:22.069+0000][200332.435s][info][gc,phases   ] GC(7703)   Other: 0.2ms
[2025-01-09T04:04:22.069+0000][200332.435s][info][gc,heap     ] GC(7703) Eden regions: 911->0(65)
[2025-01-09T04:04:22.069+0000][200332.435s][info][gc,heap     ] GC(7703) Survivor regions: 10->11(116)
[2025-01-09T04:04:22.069+0000][200332.435s][info][gc,heap     ] GC(7703) Old regions: 228->228
[2025-01-09T04:04:22.069+0000][200332.435s][info][gc,heap     ] GC(7703) Archive regions: 2->2
[2025-01-09T04:04:22.069+0000][200332.435s][info][gc,heap     ] GC(7703) Humongous regions: 49->49
[2025-01-09T04:04:22.069+0000][200332.435s][info][gc,metaspace] GC(7703) Metaspace: 524749K(534272K)->524749K(534272K) NonClass: 460817K(465536K)->460817K(465536K) Class: 63931K(68736K)->63931K(68736K)
[2025-01-09T04:04:22.069+0000][200332.435s][info][gc          ] GC(7703) Pause Young (Prepare Mixed) (G1 Evacuation Pause) 9582M->2303M(12288M) 37.601ms
[2025-01-09T04:04:22.069+0000][200332.435s][info][gc,cpu      ] GC(7703) User=0.22s Sys=0.00s Real=0.03s
[2025-01-09T04:04:22.427+0000][200332.793s][info][gc,start    ] GC(7704) Pause Young (Mixed) (G1 Evacuation Pause)
[2025-01-09T04:04:22.427+0000][200332.793s][info][gc,task     ] GC(7704) Using 6 workers of 6 for evacuation
[2025-01-09T04:04:22.487+0000][200332.853s][info][gc,phases   ] GC(7704)   Pre Evacuate Collection Set: 0.2ms
[2025-01-09T04:04:22.487+0000][200332.853s][info][gc,phases   ] GC(7704)   Merge Heap Roots: 0.6ms
[2025-01-09T04:04:22.487+0000][200332.853s][info][gc,phases   ] GC(7704)   Evacuate Collection Set: 57.4ms
[2025-01-09T04:04:22.487+0000][200332.853s][info][gc,phases   ] GC(7704)   Post Evacuate Collection Set: 1.7ms
[2025-01-09T04:04:22.487+0000][200332.853s][info][gc,phases   ] GC(7704)   Other: 0.2ms
[2025-01-09T04:04:22.487+0000][200332.853s][info][gc,heap     ] GC(7704) Eden regions: 65->0(916)
[2025-01-09T04:04:22.487+0000][200332.853s][info][gc,heap     ] GC(7704) Survivor regions: 11->5(10)
[2025-01-09T04:04:22.487+0000][200332.853s][info][gc,heap     ] GC(7704) Old regions: 228->228
[2025-01-09T04:04:22.487+0000][200332.853s][info][gc,heap     ] GC(7704) Archive regions: 2->2
[2025-01-09T04:04:22.487+0000][200332.853s][info][gc,heap     ] GC(7704) Humongous regions: 49->49
[2025-01-09T04:04:22.487+0000][200332.853s][info][gc,metaspace] GC(7704) Metaspace: 524749K(534272K)->524749K(534272K) NonClass: 460817K(465536K)->460817K(465536K) Class: 63931K(68736K)->63931K(68736K)
[2025-01-09T04:04:22.487+0000][200332.853s][info][gc          ] GC(7704) Pause Young (Mixed) (G1 Evacuation Pause) 2823M->2258M(12288M) 60.026ms
[2025-01-09T04:04:22.487+0000][200332.853s][info][gc,cpu      ] GC(7704) User=0.35s Sys=0.01s Real=0.06s
[2025-01-09T04:04:31.717+0000][200342.083s][info][gc,start    ] GC(7705) Pause Young (Normal) (G1 Evacuation Pause)
[2025-01-09T04:04:31.717+0000][200342.083s][info][gc,task     ] GC(7705) Using 6 workers of 6 for evacuation
[2025-01-09T04:04:31.744+0000][200342.110s][info][gc,phases   ] GC(7705)   Pre Evacuate Collection Set: 0.2ms
[2025-01-09T04:04:31.744+0000][200342.110s][info][gc,phases   ] GC(7705)   Merge Heap Roots: 0.4ms
[2025-01-09T04:04:31.744+0000][200342.110s][info][gc,phases   ] GC(7705)   Evacuate Collection Set: 22.0ms
[2025-01-09T04:04:31.744+0000][200342.110s][info][gc,phases   ] GC(7705)   Post Evacuate Collection Set: 4.1ms
[2025-01-09T04:04:31.744+0000][200342.110s][info][gc,phases   ] GC(7705)   Other: 0.2ms
[2025-01-09T04:04:31.744+0000][200342.110s][info][gc,heap     ] GC(7705) Eden regions: 916->0(915)
[2025-01-09T04:04:31.744+0000][200342.110s][info][gc,heap     ] GC(7705) Survivor regions: 5->6(116)
[2025-01-09T04:04:31.744+0000][200342.110s][info][gc,heap     ] GC(7705) Old regions: 228->228
[2025-01-09T04:04:31.744+0000][200342.110s][info][gc,heap     ] GC(7705) Archive regions: 2->2
[2025-01-09T04:04:31.744+0000][200342.110s][info][gc,heap     ] GC(7705) Humongous regions: 49->49
[2025-01-09T04:04:31.744+0000][200342.110s][info][gc,metaspace] GC(7705) Metaspace: 524749K(534272K)->524749K(534272K) NonClass: 460817K(465536K)->460817K(465536K) Class: 63931K(68736K)->63931K(68736K)
[2025-01-09T04:04:31.744+0000][200342.110s][info][gc          ] GC(7705) Pause Young (Normal) (G1 Evacuation Pause) 9586M->2267M(12288M) 27.088ms
[2025-01-09T04:04:31.744+0000][200342.110s][info][gc,cpu      ] GC(7705) User=0.16s Sys=0.00s Real=0.03s
[2025-01-09T04:04:39.580+0000][200349.946s][info][gc,start    ] GC(7706) Pause Young (Normal) (G1 Evacuation Pause)
[2025-01-09T04:04:39.580+0000][200349.946s][info][gc,task     ] GC(7706) Using 6 workers of 6 for evacuation
[2025-01-09T04:04:39.606+0000][200349.972s][info][gc,phases   ] GC(7706)   Pre Evacuate Collection Set: 0.2ms
[2025-01-09T04:04:39.606+0000][200349.972s][info][gc,phases   ] GC(7706)   Merge Heap Roots: 0.4ms
[2025-01-09T04:04:39.606+0000][200349.972s][info][gc,phases   ] GC(7706)   Evacuate Collection Set: 23.2ms
[2025-01-09T04:04:39.606+0000][200349.972s][info][gc,phases   ] GC(7706)   Post Evacuate Collection Set: 2.5ms
[2025-01-09T04:04:39.606+0000][200349.973s][info][gc,phases   ] GC(7706)   Other: 0.2ms
[2025-01-09T04:04:39.606+0000][200349.973s][info][gc,heap     ] GC(7706) Eden regions: 915->0(914)
[2025-01-09T04:04:39.606+0000][200349.973s][info][gc,heap     ] GC(7706) Survivor regions: 6->7(116)
[2025-01-09T04:04:39.606+0000][200349.973s][info][gc,heap     ] GC(7706) Old regions: 228->228
[2025-01-09T04:04:39.606+0000][200349.973s][info][gc,heap     ] GC(7706) Archive regions: 2->2
[2025-01-09T04:04:39.606+0000][200349.973s][info][gc,heap     ] GC(7706) Humongous regions: 49->49
[2025-01-09T04:04:39.606+0000][200349.973s][info][gc,metaspace] GC(7706) Metaspace: 524749K(534272K)->524749K(534272K) NonClass: 460818K(465536K)->460818K(465536K) Class: 63931K(68736K)->63931K(68736K)
[2025-01-09T04:04:39.606+0000][200349.973s][info][gc          ] GC(7706) Pause Young (Normal) (G1 Evacuation Pause) 9587M->2275M(12288M) 26.674ms
[2025-01-09T04:04:39.607+0000][200349.973s][info][gc,cpu      ] GC(7706) User=0.16s Sys=0.00s Real=0.03s
[2025-01-09T04:04:45.867+0000][200356.233s][info][gc,start    ] GC(7707) Pause Young (Concurrent Start) (G1 Evacuation Pause)
[2025-01-09T04:04:45.867+0000][200356.233s][info][gc,task     ] GC(7707) Using 6 workers of 6 for evacuation
[2025-01-09T04:04:45.898+0000][200356.264s][info][gc,phases   ] GC(7707)   Pre Evacuate Collection Set: 1.2ms
[2025-01-09T04:04:45.898+0000][200356.264s][info][gc,phases   ] GC(7707)   Merge Heap Roots: 0.4ms
[2025-01-09T04:04:45.898+0000][200356.264s][info][gc,phases   ] GC(7707)   Evacuate Collection Set: 26.1ms
[2025-01-09T04:04:45.898+0000][200356.264s][info][gc,phases   ] GC(7707)   Post Evacuate Collection Set: 2.5ms
[2025-01-09T04:04:45.898+0000][200356.264s][info][gc,phases   ] GC(7707)   Other: 0.3ms
[2025-01-09T04:04:45.898+0000][200356.264s][info][gc,heap     ] GC(7707) Eden regions: 914->0(913)
[2025-01-09T04:04:45.898+0000][200356.264s][info][gc,heap     ] GC(7707) Survivor regions: 7->8(116)
[2025-01-09T04:04:45.898+0000][200356.264s][info][gc,heap     ] GC(7707) Old regions: 228->228
[2025-01-09T04:04:45.898+0000][200356.264s][info][gc,heap     ] GC(7707) Archive regions: 2->2
[2025-01-09T04:04:45.898+0000][200356.264s][info][gc,heap     ] GC(7707) Humongous regions: 49->49
[2025-01-09T04:04:45.898+0000][200356.264s][info][gc,metaspace] GC(7707) Metaspace: 524749K(534272K)->524749K(534272K) NonClass: 460818K(465536K)->460818K(465536K) Class: 63931K(68736K)->63931K(68736K)
[2025-01-09T04:04:45.898+0000][200356.264s][info][gc          ] GC(7707) Pause Young (Concurrent Start) (G1 Evacuation Pause) 9587M->2283M(12288M) 30.559ms
[2025-01-09T04:04:45.898+0000][200356.264s][info][gc,cpu      ] GC(7707) User=0.16s Sys=0.00s Real=0.03s
[2025-01-09T04:04:45.898+0000][200356.264s][info][gc          ] GC(7708) Concurrent Mark Cycle
[2025-01-09T04:04:45.898+0000][200356.264s][info][gc,marking  ] GC(7708) Concurrent Clear Claimed Marks
[2025-01-09T04:04:45.899+0000][200356.265s][info][gc,marking  ] GC(7708) Concurrent Clear Claimed Marks 0.996ms
[2025-01-09T04:04:45.899+0000][200356.265s][info][gc,marking  ] GC(7708) Concurrent Scan Root Regions
[2025-01-09T04:04:45.924+0000][200356.290s][info][gc,marking  ] GC(7708) Concurrent Scan Root Regions 25.107ms
[2025-01-09T04:04:45.924+0000][200356.290s][info][gc,marking  ] GC(7708) Concurrent Mark
[2025-01-09T04:04:45.924+0000][200356.290s][info][gc,marking  ] GC(7708) Concurrent Mark From Roots
[2025-01-09T04:04:45.924+0000][200356.290s][info][gc,task     ] GC(7708) Using 2 workers of 2 for marking
[2025-01-09T04:04:46.774+0000][200357.140s][info][gc,marking  ] GC(7708) Concurrent Mark From Roots 849.710ms
[2025-01-09T04:04:46.774+0000][200357.140s][info][gc,marking  ] GC(7708) Concurrent Preclean
[2025-01-09T04:04:46.777+0000][200357.143s][info][gc,marking  ] GC(7708) Concurrent Preclean 3.280ms
[2025-01-09T04:04:46.777+0000][200357.143s][info][gc,start    ] GC(7708) Pause Remark
[2025-01-09T04:04:46.805+0000][200357.172s][info][gc          ] GC(7708) Pause Remark 3503M->3503M(12288M) 28.295ms
[2025-01-09T04:04:46.805+0000][200357.172s][info][gc,cpu      ] GC(7708) User=0.16s Sys=0.00s Real=0.03s
[2025-01-09T04:04:46.806+0000][200357.172s][info][gc,marking  ] GC(7708) Concurrent Mark 881.714ms
[2025-01-09T04:04:46.806+0000][200357.172s][info][gc,marking  ] GC(7708) Concurrent Rebuild Remembered Sets
[2025-01-09T04:04:47.485+0000][200357.851s][info][gc,marking  ] GC(7708) Concurrent Rebuild Remembered Sets 679.726ms
[2025-01-09T04:04:47.486+0000][200357.852s][info][gc,start    ] GC(7708) Pause Cleanup
[2025-01-09T04:04:47.486+0000][200357.852s][info][gc          ] GC(7708) Pause Cleanup 4565M->4565M(12288M) 0.436ms
[2025-01-09T04:04:47.486+0000][200357.852s][info][gc,cpu      ] GC(7708) User=0.00s Sys=0.00s Real=0.00s
[2025-01-09T04:04:47.486+0000][200357.852s][info][gc,marking  ] GC(7708) Concurrent Cleanup for Next Mark
[2025-01-09T04:04:47.502+0000][200357.869s][info][gc,marking  ] GC(7708) Concurrent Cleanup for Next Mark 16.320ms
[2025-01-09T04:04:47.502+0000][200357.869s][info][gc          ] GC(7708) Concurrent Mark Cycle 1604.772ms
[2025-01-09T04:04:50.659+0000][200361.025s][info][gc,start    ] GC(7709) Pause Young (Prepare Mixed) (G1 Evacuation Pause)
[2025-01-09T04:04:50.659+0000][200361.025s][info][gc,task     ] GC(7709) Using 6 workers of 6 for evacuation
[2025-01-09T04:04:50.692+0000][200361.059s][info][gc,phases   ] GC(7709)   Pre Evacuate Collection Set: 0.2ms
[2025-01-09T04:04:50.693+0000][200361.059s][info][gc,phases   ] GC(7709)   Merge Heap Roots: 0.6ms
[2025-01-09T04:04:50.693+0000][200361.059s][info][gc,phases   ] GC(7709)   Evacuate Collection Set: 29.6ms
[2025-01-09T04:04:50.693+0000][200361.059s][info][gc,phases   ] GC(7709)   Post Evacuate Collection Set: 2.6ms
[2025-01-09T04:04:50.693+0000][200361.059s][info][gc,phases   ] GC(7709)   Other: 0.2ms
[2025-01-09T04:04:50.693+0000][200361.059s][info][gc,heap     ] GC(7709) Eden regions: 913->0(67)
[2025-01-09T04:04:50.693+0000][200361.059s][info][gc,heap     ] GC(7709) Survivor regions: 8->9(116)
[2025-01-09T04:04:50.693+0000][200361.059s][info][gc,heap     ] GC(7709) Old regions: 228->228
[2025-01-09T04:04:50.693+0000][200361.059s][info][gc,heap     ] GC(7709) Archive regions: 2->2
[2025-01-09T04:04:50.693+0000][200361.059s][info][gc,heap     ] GC(7709) Humongous regions: 49->49
[2025-01-09T04:04:50.693+0000][200361.059s][info][gc,metaspace] GC(7709) Metaspace: 524749K(534272K)->524749K(534272K) NonClass: 460818K(465536K)->460818K(465536K) Class: 63931K(68736K)->63931K(68736K)
[2025-01-09T04:04:50.693+0000][200361.059s][info][gc          ] GC(7709) Pause Young (Prepare Mixed) (G1 Evacuation Pause) 9587M->2288M(12288M) 33.282ms
[2025-01-09T04:04:50.693+0000][200361.059s][info][gc,cpu      ] GC(7709) User=0.19s Sys=0.00s Real=0.04s
[2025-01-09T04:04:50.966+0000][200361.332s][info][gc,start    ] GC(7710) Pause Young (Mixed) (G1 Evacuation Pause)
[2025-01-09T04:04:50.966+0000][200361.332s][info][gc,task     ] GC(7710) Using 6 workers of 6 for evacuation
[2025-01-09T04:04:51.040+0000][200361.406s][info][gc,phases   ] GC(7710)   Pre Evacuate Collection Set: 0.2ms
[2025-01-09T04:04:51.040+0000][200361.406s][info][gc,phases   ] GC(7710)   Merge Heap Roots: 0.7ms
[2025-01-09T04:04:51.040+0000][200361.406s][info][gc,phases   ] GC(7710)   Evacuate Collection Set: 71.5ms
[2025-01-09T04:04:51.040+0000][200361.406s][info][gc,phases   ] GC(7710)   Post Evacuate Collection Set: 1.9ms
[2025-01-09T04:04:51.040+0000][200361.406s][info][gc,phases   ] GC(7710)   Other: 0.2ms
[2025-01-09T04:04:51.040+0000][200361.406s][info][gc,heap     ] GC(7710) Eden regions: 67->0(915)
[2025-01-09T04:04:51.040+0000][200361.406s][info][gc,heap     ] GC(7710) Survivor regions: 9->6(10)
[2025-01-09T04:04:51.040+0000][200361.406s][info][gc,heap     ] GC(7710) Old regions: 228->227
[2025-01-09T04:04:51.040+0000][200361.406s][info][gc,heap     ] GC(7710) Archive regions: 2->2
[2025-01-09T04:04:51.040+0000][200361.406s][info][gc,heap     ] GC(7710) Humongous regions: 49->49
[2025-01-09T04:04:51.040+0000][200361.406s][info][gc,metaspace] GC(7710) Metaspace: 524749K(534272K)->524749K(534272K) NonClass: 460818K(465536K)->460818K(465536K) Class: 63931K(68736K)->63931K(68736K)
[2025-01-09T04:04:51.040+0000][200361.406s][info][gc          ] GC(7710) Pause Young (Mixed) (G1 Evacuation Pause) 2824M->2256M(12288M) 74.592ms
[2025-01-09T04:04:51.040+0000][200361.406s][info][gc,cpu      ] GC(7710) User=0.44s Sys=0.00s Real=0.07s
[2025-01-09T04:04:58.042+0000][200368.408s][info][gc,start    ] GC(7711) Pause Young (Normal) (G1 Evacuation Pause)
[2025-01-09T04:04:58.042+0000][200368.408s][info][gc,task     ] GC(7711) Using 6 workers of 6 for evacuation
[2025-01-09T04:04:58.069+0000][200368.435s][info][gc,phases   ] GC(7711)   Pre Evacuate Collection Set: 0.2ms
[2025-01-09T04:04:58.069+0000][200368.435s][info][gc,phases   ] GC(7711)   Merge Heap Roots: 0.4ms
[2025-01-09T04:04:58.069+0000][200368.435s][info][gc,phases   ] GC(7711)   Evacuate Collection Set: 23.8ms
[2025-01-09T04:04:58.069+0000][200368.435s][info][gc,phases   ] GC(7711)   Post Evacuate Collection Set: 2.6ms
[2025-01-09T04:04:58.069+0000][200368.435s][info][gc,phases   ] GC(7711)   Other: 0.2ms
[2025-01-09T04:04:58.069+0000][200368.435s][info][gc,heap     ] GC(7711) Eden regions: 915->0(914)
[2025-01-09T04:04:58.069+0000][200368.435s][info][gc,heap     ] GC(7711) Survivor regions: 6->7(116)
[2025-01-09T04:04:58.069+0000][200368.435s][info][gc,heap     ] GC(7711) Old regions: 227->227
[2025-01-09T04:04:58.069+0000][200368.435s][info][gc,heap     ] GC(7711) Archive regions: 2->2
[2025-01-09T04:04:58.069+0000][200368.435s][info][gc,heap     ] GC(7711) Humongous regions: 49->49
[2025-01-09T04:04:58.069+0000][200368.435s][info][gc,metaspace] GC(7711) Metaspace: 524749K(534272K)->524749K(534272K) NonClass: 460818K(465536K)->460818K(465536K) Class: 63931K(68736K)->63931K(68736K)
[2025-01-09T04:04:58.069+0000][200368.436s][info][gc          ] GC(7711) Pause Young (Normal) (G1 Evacuation Pause) 9576M->2264M(12288M) 27.390ms
[2025-01-09T04:04:58.069+0000][200368.436s][info][gc,cpu      ] GC(7711) User=0.16s Sys=0.00s Real=0.03s
[2025-01-09T04:05:05.883+0000][200376.249s][info][gc,start    ] GC(7712) Pause Young (Normal) (G1 Evacuation Pause)
[2025-01-09T04:05:05.883+0000][200376.249s][info][gc,task     ] GC(7712) Using 6 workers of 6 for evacuation
[2025-01-09T04:05:05.917+0000][200376.283s][info][gc,phases   ] GC(7712)   Pre Evacuate Collection Set: 0.2ms
[2025-01-09T04:05:05.917+0000][200376.283s][info][gc,phases   ] GC(7712)   Merge Heap Roots: 0.4ms
[2025-01-09T04:05:05.917+0000][200376.283s][info][gc,phases   ] GC(7712)   Evacuate Collection Set: 28.6ms
[2025-01-09T04:05:05.917+0000][200376.283s][info][gc,phases   ] GC(7712)   Post Evacuate Collection Set: 3.8ms
[2025-01-09T04:05:05.917+0000][200376.283s][info][gc,phases   ] GC(7712)   Other: 0.2ms
[2025-01-09T04:05:05.917+0000][200376.283s][info][gc,heap     ] GC(7712) Eden regions: 914->0(911)
[2025-01-09T04:05:05.917+0000][200376.283s][info][gc,heap     ] GC(7712) Survivor regions: 7->10(116)
[2025-01-09T04:05:05.917+0000][200376.283s][info][gc,heap     ] GC(7712) Old regions: 227->227
[2025-01-09T04:05:05.917+0000][200376.283s][info][gc,heap     ] GC(7712) Archive regions: 2->2
[2025-01-09T04:05:05.917+0000][200376.283s][info][gc,heap     ] GC(7712) Humongous regions: 49->49
[2025-01-09T04:05:05.917+0000][200376.283s][info][gc,metaspace] GC(7712) Metaspace: 524749K(534272K)->524749K(534272K) NonClass: 460818K(465536K)->460818K(465536K) Class: 63931K(68736K)->63931K(68736K)
[2025-01-09T04:05:05.917+0000][200376.283s][info][gc          ] GC(7712) Pause Young (Normal) (G1 Evacuation Pause) 9576M->2294M(12288M) 33.330ms
[2025-01-09T04:05:05.917+0000][200376.283s][info][gc,cpu      ] GC(7712) User=0.19s Sys=0.00s Real=0.03s
[2025-01-09T04:05:13.254+0000][200383.620s][info][gc,start    ] GC(7713) Pause Young (Concurrent Start) (G1 Evacuation Pause)
[2025-01-09T04:05:13.254+0000][200383.620s][info][gc,task     ] GC(7713) Using 6 workers of 6 for evacuation
[2025-01-09T04:05:13.289+0000][200383.655s][info][gc,phases   ] GC(7713)   Pre Evacuate Collection Set: 1.1ms
[2025-01-09T04:05:13.289+0000][200383.655s][info][gc,phases   ] GC(7713)   Merge Heap Roots: 0.4ms
[2025-01-09T04:05:13.289+0000][200383.655s][info][gc,phases   ] GC(7713)   Evacuate Collection Set: 28.9ms
[2025-01-09T04:05:13.289+0000][200383.655s][info][gc,phases   ] GC(7713)   Post Evacuate Collection Set: 3.9ms
[2025-01-09T04:05:13.289+0000][200383.655s][info][gc,phases   ] GC(7713)   Other: 0.3ms
[2025-01-09T04:05:13.289+0000][200383.655s][info][gc,heap     ] GC(7713) Eden regions: 911->0(911)
[2025-01-09T04:05:13.289+0000][200383.655s][info][gc,heap     ] GC(7713) Survivor regions: 10->10(116)
[2025-01-09T04:05:13.289+0000][200383.655s][info][gc,heap     ] GC(7713) Old regions: 227->227
[2025-01-09T04:05:13.289+0000][200383.655s][info][gc,heap     ] GC(7713) Archive regions: 2->2
[2025-01-09T04:05:13.289+0000][200383.655s][info][gc,heap     ] GC(7713) Humongous regions: 49->49
[2025-01-09T04:05:13.289+0000][200383.655s][info][gc,metaspace] GC(7713) Metaspace: 524749K(534272K)->524749K(534272K) NonClass: 460818K(465536K)->460818K(465536K) Class: 63931K(68736K)->63931K(68736K)
[2025-01-09T04:05:13.289+0000][200383.655s][info][gc          ] GC(7713) Pause Young (Concurrent Start) (G1 Evacuation Pause) 9582M->2291M(12288M) 34.788ms
[2025-01-09T04:05:13.289+0000][200383.655s][info][gc,cpu      ] GC(7713) User=0.20s Sys=0.00s Real=0.03s
[2025-01-09T04:05:13.289+0000][200383.655s][info][gc          ] GC(7714) Concurrent Mark Cycle
[2025-01-09T04:05:13.289+0000][200383.655s][info][gc,marking  ] GC(7714) Concurrent Clear Claimed Marks
[2025-01-09T04:05:13.290+0000][200383.656s][info][gc,marking  ] GC(7714) Concurrent Clear Claimed Marks 0.886ms
[2025-01-09T04:05:13.290+0000][200383.656s][info][gc,marking  ] GC(7714) Concurrent Scan Root Regions
[2025-01-09T04:05:13.314+0000][200383.680s][info][gc,marking  ] GC(7714) Concurrent Scan Root Regions 24.391ms
[2025-01-09T04:05:13.314+0000][200383.680s][info][gc,marking  ] GC(7714) Concurrent Mark
[2025-01-09T04:05:13.314+0000][200383.680s][info][gc,marking  ] GC(7714) Concurrent Mark From Roots
[2025-01-09T04:05:13.314+0000][200383.680s][info][gc,task     ] GC(7714) Using 2 workers of 2 for marking
[2025-01-09T04:05:14.201+0000][200384.567s][info][gc,marking  ] GC(7714) Concurrent Mark From Roots 886.476ms
[2025-01-09T04:05:14.201+0000][200384.567s][info][gc,marking  ] GC(7714) Concurrent Preclean
[2025-01-09T04:05:14.204+0000][200384.570s][info][gc,marking  ] GC(7714) Concurrent Preclean 2.957ms
[2025-01-09T04:05:14.204+0000][200384.570s][info][gc,start    ] GC(7714) Pause Remark
[2025-01-09T04:05:14.229+0000][200384.595s][info][gc          ] GC(7714) Pause Remark 3267M->3267M(12288M) 25.245ms
[2025-01-09T04:05:14.229+0000][200384.595s][info][gc,cpu      ] GC(7714) User=0.14s Sys=0.00s Real=0.02s
[2025-01-09T04:05:14.229+0000][200384.595s][info][gc,marking  ] GC(7714) Concurrent Mark 915.031ms
[2025-01-09T04:05:14.229+0000][200384.595s][info][gc,marking  ] GC(7714) Concurrent Rebuild Remembered Sets
[2025-01-09T04:05:14.741+0000][200385.107s][info][gc,marking  ] GC(7714) Concurrent Rebuild Remembered Sets 511.850ms
[2025-01-09T04:05:14.741+0000][200385.107s][info][gc,start    ] GC(7714) Pause Cleanup
[2025-01-09T04:05:14.742+0000][200385.108s][info][gc          ] GC(7714) Pause Cleanup 3731M->3731M(12288M) 0.432ms
[2025-01-09T04:05:14.742+0000][200385.108s][info][gc,cpu      ] GC(7714) User=0.00s Sys=0.00s Real=0.01s
[2025-01-09T04:05:14.742+0000][200385.108s][info][gc,marking  ] GC(7714) Concurrent Cleanup for Next Mark
[2025-01-09T04:05:14.758+0000][200385.124s][info][gc,marking  ] GC(7714) Concurrent Cleanup for Next Mark 16.013ms
[2025-01-09T04:05:14.758+0000][200385.124s][info][gc          ] GC(7714) Concurrent Mark Cycle 1469.067ms
[2025-01-09T04:05:18.644+0000][200389.010s][info][gc,start    ] GC(7715) Pause Young (Prepare Mixed) (G1 Evacuation Pause)
[2025-01-09T04:05:18.644+0000][200389.010s][info][gc,task     ] GC(7715) Using 6 workers of 6 for evacuation
[2025-01-09T04:05:18.681+0000][200389.047s][info][gc,phases   ] GC(7715)   Pre Evacuate Collection Set: 0.2ms
[2025-01-09T04:05:18.681+0000][200389.047s][info][gc,phases   ] GC(7715)   Merge Heap Roots: 0.6ms
[2025-01-09T04:05:18.681+0000][200389.047s][info][gc,phases   ] GC(7715)   Evacuate Collection Set: 32.3ms
[2025-01-09T04:05:18.681+0000][200389.047s][info][gc,phases   ] GC(7715)   Post Evacuate Collection Set: 4.1ms
[2025-01-09T04:05:18.681+0000][200389.047s][info][gc,phases   ] GC(7715)   Other: 0.2ms
[2025-01-09T04:05:18.681+0000][200389.047s][info][gc,heap     ] GC(7715) Eden regions: 911->0(65)
[2025-01-09T04:05:18.681+0000][200389.047s][info][gc,heap     ] GC(7715) Survivor regions: 10->11(116)
[2025-01-09T04:05:18.681+0000][200389.047s][info][gc,heap     ] GC(7715) Old regions: 227->227
[2025-01-09T04:05:18.681+0000][200389.047s][info][gc,heap     ] GC(7715) Archive regions: 2->2
[2025-01-09T04:05:18.681+0000][200389.047s][info][gc,heap     ] GC(7715) Humongous regions: 49->49
[2025-01-09T04:05:18.681+0000][200389.047s][info][gc,metaspace] GC(7715) Metaspace: 524749K(534272K)->524749K(534272K) NonClass: 460818K(465536K)->460818K(465536K) Class: 63931K(68736K)->63931K(68736K)
[2025-01-09T04:05:18.681+0000][200389.048s][info][gc          ] GC(7715) Pause Young (Prepare Mixed) (G1 Evacuation Pause) 9579M->2301M(12288M) 37.493ms
[2025-01-09T04:05:18.681+0000][200389.048s][info][gc,cpu      ] GC(7715) User=0.22s Sys=0.00s Real=0.04s
[2025-01-09T04:05:19.052+0000][200389.418s][info][gc,start    ] GC(7716) Pause Young (Mixed) (G1 Evacuation Pause)
[2025-01-09T04:05:19.052+0000][200389.418s][info][gc,task     ] GC(7716) Using 6 workers of 6 for evacuation
[2025-01-09T04:05:19.114+0000][200389.480s][info][gc,phases   ] GC(7716)   Pre Evacuate Collection Set: 0.2ms
[2025-01-09T04:05:19.114+0000][200389.480s][info][gc,phases   ] GC(7716)   Merge Heap Roots: 0.6ms
[2025-01-09T04:05:19.114+0000][200389.480s][info][gc,phases   ] GC(7716)   Evacuate Collection Set: 59.3ms
[2025-01-09T04:05:19.114+0000][200389.480s][info][gc,phases   ] GC(7716)   Post Evacuate Collection Set: 1.7ms
[2025-01-09T04:05:19.114+0000][200389.480s][info][gc,phases   ] GC(7716)   Other: 0.2ms
[2025-01-09T04:05:19.114+0000][200389.480s][info][gc,heap     ] GC(7716) Eden regions: 65->0(916)
[2025-01-09T04:05:19.114+0000][200389.480s][info][gc,heap     ] GC(7716) Survivor regions: 11->5(10)
[2025-01-09T04:05:19.114+0000][200389.480s][info][gc,heap     ] GC(7716) Old regions: 227->228
[2025-01-09T04:05:19.114+0000][200389.480s][info][gc,heap     ] GC(7716) Archive regions: 2->2
[2025-01-09T04:05:19.114+0000][200389.480s][info][gc,heap     ] GC(7716) Humongous regions: 49->49
[2025-01-09T04:05:19.114+0000][200389.480s][info][gc,metaspace] GC(7716) Metaspace: 524749K(534272K)->524749K(534272K) NonClass: 460818K(465536K)->460818K(465536K) Class: 63931K(68736K)->63931K(68736K)
[2025-01-09T04:05:19.114+0000][200389.480s][info][gc          ] GC(7716) Pause Young (Mixed) (G1 Evacuation Pause) 2821M->2253M(12288M) 62.005ms
[2025-01-09T04:05:19.114+0000][200389.480s][info][gc,cpu      ] GC(7716) User=0.37s Sys=0.00s Real=0.06s
[2025-01-09T04:05:26.103+0000][200396.469s][info][gc,start    ] GC(7717) Pause Young (Normal) (G1 Evacuation Pause)
[2025-01-09T04:05:26.103+0000][200396.469s][info][gc,task     ] GC(7717) Using 6 workers of 6 for evacuation
[2025-01-09T04:05:26.129+0000][200396.495s][info][gc,phases   ] GC(7717)   Pre Evacuate Collection Set: 0.2ms
[2025-01-09T04:05:26.129+0000][200396.495s][info][gc,phases   ] GC(7717)   Merge Heap Roots: 0.4ms
[2025-01-09T04:05:26.129+0000][200396.495s][info][gc,phases   ] GC(7717)   Evacuate Collection Set: 23.2ms
[2025-01-09T04:05:26.129+0000][200396.495s][info][gc,phases   ] GC(7717)   Post Evacuate Collection Set: 2.5ms
[2025-01-09T04:05:26.129+0000][200396.495s][info][gc,phases   ] GC(7717)   Other: 0.2ms
[2025-01-09T04:05:26.129+0000][200396.495s][info][gc,heap     ] GC(7717) Eden regions: 916->0(915)
[2025-01-09T04:05:26.129+0000][200396.495s][info][gc,heap     ] GC(7717) Survivor regions: 5->6(116)
[2025-01-09T04:05:26.129+0000][200396.495s][info][gc,heap     ] GC(7717) Old regions: 228->228
[2025-01-09T04:05:26.129+0000][200396.495s][info][gc,heap     ] GC(7717) Archive regions: 2->2
[2025-01-09T04:05:26.129+0000][200396.495s][info][gc,heap     ] GC(7717) Humongous regions: 49->49
[2025-01-09T04:05:26.129+0000][200396.495s][info][gc,metaspace] GC(7717) Metaspace: 524749K(534272K)->524749K(534272K) NonClass: 460818K(465536K)->460818K(465536K) Class: 63931K(68736K)->63931K(68736K)
[2025-01-09T04:05:26.129+0000][200396.495s][info][gc          ] GC(7717) Pause Young (Normal) (G1 Evacuation Pause) 9581M->2264M(12288M) 26.641ms
[2025-01-09T04:05:26.129+0000][200396.495s][info][gc,cpu      ] GC(7717) User=0.16s Sys=0.00s Real=0.02s
[2025-01-09T04:05:36.666+0000][200407.032s][info][gc,start    ] GC(7718) Pause Young (Normal) (G1 Evacuation Pause)
[2025-01-09T04:05:36.666+0000][200407.032s][info][gc,task     ] GC(7718) Using 6 workers of 6 for evacuation
[2025-01-09T04:05:36.694+0000][200407.060s][info][gc,phases   ] GC(7718)   Pre Evacuate Collection Set: 0.3ms
[2025-01-09T04:05:36.694+0000][200407.060s][info][gc,phases   ] GC(7718)   Merge Heap Roots: 0.4ms
[2025-01-09T04:05:36.694+0000][200407.060s][info][gc,phases   ] GC(7718)   Evacuate Collection Set: 24.8ms
[2025-01-09T04:05:36.694+0000][200407.060s][info][gc,phases   ] GC(7718)   Post Evacuate Collection Set: 2.4ms
[2025-01-09T04:05:36.694+0000][200407.060s][info][gc,phases   ] GC(7718)   Other: 0.2ms
[2025-01-09T04:05:36.694+0000][200407.060s][info][gc,heap     ] GC(7718) Eden regions: 915->0(915)
[2025-01-09T04:05:36.694+0000][200407.060s][info][gc,heap     ] GC(7718) Survivor regions: 6->6(116)
[2025-01-09T04:05:36.694+0000][200407.060s][info][gc,heap     ] GC(7718) Old regions: 228->228
[2025-01-09T04:05:36.694+0000][200407.060s][info][gc,heap     ] GC(7718) Archive regions: 2->2
[2025-01-09T04:05:36.694+0000][200407.060s][info][gc,heap     ] GC(7718) Humongous regions: 49->49
[2025-01-09T04:05:36.694+0000][200407.060s][info][gc,metaspace] GC(7718) Metaspace: 524749K(534272K)->524749K(534272K) NonClass: 460818K(465536K)->460818K(465536K) Class: 63931K(68736K)->63931K(68736K)
[2025-01-09T04:05:36.694+0000][200407.060s][info][gc          ] GC(7718) Pause Young (Normal) (G1 Evacuation Pause) 9584M->2261M(12288M) 28.149ms
[2025-01-09T04:05:36.694+0000][200407.060s][info][gc,cpu      ] GC(7718) User=0.16s Sys=0.00s Real=0.03s
[2025-01-09T04:05:43.260+0000][200413.626s][info][gc,start    ] GC(7719) Pause Young (Concurrent Start) (G1 Evacuation Pause)
[2025-01-09T04:05:43.260+0000][200413.626s][info][gc,task     ] GC(7719) Using 6 workers of 6 for evacuation
[2025-01-09T04:05:43.293+0000][200413.659s][info][gc,phases   ] GC(7719)   Pre Evacuate Collection Set: 1.1ms
[2025-01-09T04:05:43.293+0000][200413.659s][info][gc,phases   ] GC(7719)   Merge Heap Roots: 0.4ms
[2025-01-09T04:05:43.293+0000][200413.659s][info][gc,phases   ] GC(7719)   Evacuate Collection Set: 28.8ms
[2025-01-09T04:05:43.293+0000][200413.659s][info][gc,phases   ] GC(7719)   Post Evacuate Collection Set: 2.4ms
[2025-01-09T04:05:43.293+0000][200413.659s][info][gc,phases   ] GC(7719)   Other: 0.3ms
[2025-01-09T04:05:43.293+0000][200413.659s][info][gc,heap     ] GC(7719) Eden regions: 915->0(912)
[2025-01-09T04:05:43.293+0000][200413.659s][info][gc,heap     ] GC(7719) Survivor regions: 6->9(116)
[2025-01-09T04:05:43.293+0000][200413.659s][info][gc,heap     ] GC(7719) Old regions: 228->228
[2025-01-09T04:05:43.293+0000][200413.659s][info][gc,heap     ] GC(7719) Archive regions: 2->2
[2025-01-09T04:05:43.293+0000][200413.659s][info][gc,heap     ] GC(7719) Humongous regions: 49->49
[2025-01-09T04:05:43.293+0000][200413.659s][info][gc,metaspace] GC(7719) Metaspace: 524752K(534272K)->524752K(534272K) NonClass: 460821K(465536K)->460821K(465536K) Class: 63931K(68736K)->63931K(68736K)
[2025-01-09T04:05:43.293+0000][200413.659s][info][gc          ] GC(7719) Pause Young (Concurrent Start) (G1 Evacuation Pause) 9581M->2284M(12288M) 33.069ms
[2025-01-09T04:05:43.293+0000][200413.659s][info][gc,cpu      ] GC(7719) User=0.19s Sys=0.00s Real=0.04s
[2025-01-09T04:05:43.293+0000][200413.659s][info][gc          ] GC(7720) Concurrent Mark Cycle
[2025-01-09T04:05:43.293+0000][200413.659s][info][gc,marking  ] GC(7720) Concurrent Clear Claimed Marks
[2025-01-09T04:05:43.294+0000][200413.660s][info][gc,marking  ] GC(7720) Concurrent Clear Claimed Marks 0.950ms
[2025-01-09T04:05:43.294+0000][200413.660s][info][gc,marking  ] GC(7720) Concurrent Scan Root Regions
[2025-01-09T04:05:43.317+0000][200413.683s][info][gc,marking  ] GC(7720) Concurrent Scan Root Regions 23.026ms
[2025-01-09T04:05:43.317+0000][200413.683s][info][gc,marking  ] GC(7720) Concurrent Mark
[2025-01-09T04:05:43.317+0000][200413.683s][info][gc,marking  ] GC(7720) Concurrent Mark From Roots
[2025-01-09T04:05:43.317+0000][200413.683s][info][gc,task     ] GC(7720) Using 2 workers of 2 for marking
[2025-01-09T04:05:44.240+0000][200414.606s][info][gc,marking  ] GC(7720) Concurrent Mark From Roots 923.061ms
[2025-01-09T04:05:44.240+0000][200414.606s][info][gc,marking  ] GC(7720) Concurrent Preclean
[2025-01-09T04:05:44.243+0000][200414.609s][info][gc,marking  ] GC(7720) Concurrent Preclean 3.032ms
[2025-01-09T04:05:44.243+0000][200414.610s][info][gc,start    ] GC(7720) Pause Remark
[2025-01-09T04:05:44.268+0000][200414.635s][info][gc          ] GC(7720) Pause Remark 3748M->3748M(12288M) 25.003ms
[2025-01-09T04:05:44.269+0000][200414.635s][info][gc,cpu      ] GC(7720) User=0.15s Sys=0.00s Real=0.02s
[2025-01-09T04:05:44.269+0000][200414.635s][info][gc,marking  ] GC(7720) Concurrent Mark 951.488ms
[2025-01-09T04:05:44.269+0000][200414.635s][info][gc,marking  ] GC(7720) Concurrent Rebuild Remembered Sets
[2025-01-09T04:05:44.793+0000][200415.159s][info][gc,marking  ] GC(7720) Concurrent Rebuild Remembered Sets 524.585ms
[2025-01-09T04:05:44.793+0000][200415.159s][info][gc,start    ] GC(7720) Pause Cleanup
[2025-01-09T04:05:44.794+0000][200415.160s][info][gc          ] GC(7720) Pause Cleanup 4508M->4508M(12288M) 0.431ms
[2025-01-09T04:05:44.794+0000][200415.160s][info][gc,cpu      ] GC(7720) User=0.00s Sys=0.00s Real=0.00s
[2025-01-09T04:05:44.794+0000][200415.160s][info][gc,marking  ] GC(7720) Concurrent Cleanup for Next Mark
[2025-01-09T04:05:44.812+0000][200415.178s][info][gc,marking  ] GC(7720) Concurrent Cleanup for Next Mark 17.908ms
[2025-01-09T04:05:44.812+0000][200415.178s][info][gc          ] GC(7720) Concurrent Mark Cycle 1518.829ms
[2025-01-09T04:05:48.018+0000][200418.384s][info][gc,start    ] GC(7721) Pause Young (Prepare Mixed) (G1 Evacuation Pause)
[2025-01-09T04:05:48.018+0000][200418.384s][info][gc,task     ] GC(7721) Using 6 workers of 6 for evacuation
[2025-01-09T04:05:48.057+0000][200418.423s][info][gc,phases   ] GC(7721)   Pre Evacuate Collection Set: 0.2ms
[2025-01-09T04:05:48.057+0000][200418.423s][info][gc,phases   ] GC(7721)   Merge Heap Roots: 0.7ms
[2025-01-09T04:05:48.057+0000][200418.423s][info][gc,phases   ] GC(7721)   Evacuate Collection Set: 35.7ms
[2025-01-09T04:05:48.057+0000][200418.423s][info][gc,phases   ] GC(7721)   Post Evacuate Collection Set: 2.8ms
[2025-01-09T04:05:48.057+0000][200418.423s][info][gc,phases   ] GC(7721)   Other: 0.2ms
[2025-01-09T04:05:48.057+0000][200418.423s][info][gc,heap     ] GC(7721) Eden regions: 912->0(66)
[2025-01-09T04:05:48.057+0000][200418.423s][info][gc,heap     ] GC(7721) Survivor regions: 9->10(116)
[2025-01-09T04:05:48.057+0000][200418.423s][info][gc,heap     ] GC(7721) Old regions: 228->228
[2025-01-09T04:05:48.057+0000][200418.423s][info][gc,heap     ] GC(7721) Archive regions: 2->2
[2025-01-09T04:05:48.057+0000][200418.423s][info][gc,heap     ] GC(7721) Humongous regions: 49->49
[2025-01-09T04:05:48.057+0000][200418.423s][info][gc,metaspace] GC(7721) Metaspace: 524752K(534272K)->524752K(534272K) NonClass: 460821K(465536K)->460821K(465536K) Class: 63931K(68736K)->63931K(68736K)
[2025-01-09T04:05:48.057+0000][200418.423s][info][gc          ] GC(7721) Pause Young (Prepare Mixed) (G1 Evacuation Pause) 9580M->2290M(12288M) 39.672ms
[2025-01-09T04:05:48.057+0000][200418.424s][info][gc,cpu      ] GC(7721) User=0.23s Sys=0.00s Real=0.04s
[2025-01-09T04:05:48.333+0000][200418.699s][info][gc,start    ] GC(7722) Pause Young (Mixed) (G1 Evacuation Pause)
[2025-01-09T04:05:48.333+0000][200418.699s][info][gc,task     ] GC(7722) Using 6 workers of 6 for evacuation
[2025-01-09T04:05:48.402+0000][200418.768s][info][gc,phases   ] GC(7722)   Pre Evacuate Collection Set: 0.2ms
[2025-01-09T04:05:48.402+0000][200418.768s][info][gc,phases   ] GC(7722)   Merge Heap Roots: 0.6ms
[2025-01-09T04:05:48.402+0000][200418.768s][info][gc,phases   ] GC(7722)   Evacuate Collection Set: 66.2ms
[2025-01-09T04:05:48.402+0000][200418.768s][info][gc,phases   ] GC(7722)   Post Evacuate Collection Set: 1.9ms
[2025-01-09T04:05:48.402+0000][200418.768s][info][gc,phases   ] GC(7722)   Other: 0.2ms
[2025-01-09T04:05:48.402+0000][200418.768s][info][gc,heap     ] GC(7722) Eden regions: 66->0(916)
[2025-01-09T04:05:48.402+0000][200418.768s][info][gc,heap     ] GC(7722) Survivor regions: 10->5(10)
[2025-01-09T04:05:48.402+0000][200418.768s][info][gc,heap     ] GC(7722) Old regions: 228->229
[2025-01-09T04:05:48.402+0000][200418.768s][info][gc,heap     ] GC(7722) Archive regions: 2->2
[2025-01-09T04:05:48.402+0000][200418.768s][info][gc,heap     ] GC(7722) Humongous regions: 49->49
[2025-01-09T04:05:48.402+0000][200418.768s][info][gc,metaspace] GC(7722) Metaspace: 524752K(534272K)->524752K(534272K) NonClass: 460821K(465536K)->460821K(465536K) Class: 63931K(68736K)->63931K(68736K)
[2025-01-09T04:05:48.402+0000][200418.768s][info][gc          ] GC(7722) Pause Young (Mixed) (G1 Evacuation Pause) 2818M->2257M(12288M) 69.130ms
[2025-01-09T04:05:48.402+0000][200418.768s][info][gc,cpu      ] GC(7722) User=0.40s Sys=0.00s Real=0.07s
[2025-01-09T04:05:56.777+0000][200427.143s][info][gc,start    ] GC(7723) Pause Young (Normal) (G1 Evacuation Pause)
[2025-01-09T04:05:56.777+0000][200427.143s][info][gc,task     ] GC(7723) Using 6 workers of 6 for evacuation
[2025-01-09T04:05:56.803+0000][200427.169s][info][gc,phases   ] GC(7723)   Pre Evacuate Collection Set: 0.2ms
[2025-01-09T04:05:56.803+0000][200427.169s][info][gc,phases   ] GC(7723)   Merge Heap Roots: 0.4ms
[2025-01-09T04:05:56.803+0000][200427.169s][info][gc,phases   ] GC(7723)   Evacuate Collection Set: 20.4ms
[2025-01-09T04:05:56.803+0000][200427.169s][info][gc,phases   ] GC(7723)   Post Evacuate Collection Set: 4.1ms
[2025-01-09T04:05:56.803+0000][200427.169s][info][gc,phases   ] GC(7723)   Other: 0.2ms
[2025-01-09T04:05:56.803+0000][200427.169s][info][gc,heap     ] GC(7723) Eden regions: 916->0(915)
[2025-01-09T04:05:56.803+0000][200427.169s][info][gc,heap     ] GC(7723) Survivor regions: 5->6(116)
[2025-01-09T04:05:56.803+0000][200427.169s][info][gc,heap     ] GC(7723) Old regions: 229->229
[2025-01-09T04:05:56.803+0000][200427.169s][info][gc,heap     ] GC(7723) Archive regions: 2->2
[2025-01-09T04:05:56.803+0000][200427.169s][info][gc,heap     ] GC(7723) Humongous regions: 49->49
[2025-01-09T04:05:56.803+0000][200427.169s][info][gc,metaspace] GC(7723) Metaspace: 524752K(534272K)->524752K(534272K) NonClass: 460821K(465536K)->460821K(465536K) Class: 63931K(68736K)->63931K(68736K)
[2025-01-09T04:05:56.803+0000][200427.169s][info][gc          ] GC(7723) Pause Young (Normal) (G1 Evacuation Pause) 9585M->2269M(12288M) 25.357ms
[2025-01-09T04:05:56.803+0000][200427.169s][info][gc,cpu      ] GC(7723) User=0.15s Sys=0.00s Real=0.03s
[2025-01-09T04:06:05.307+0000][200435.673s][info][gc,start    ] GC(7724) Pause Young (Normal) (G1 Evacuation Pause)
[2025-01-09T04:06:05.307+0000][200435.673s][info][gc,task     ] GC(7724) Using 6 workers of 6 for evacuation
[2025-01-09T04:06:05.333+0000][200435.699s][info][gc,phases   ] GC(7724)   Pre Evacuate Collection Set: 0.2ms
[2025-01-09T04:06:05.333+0000][200435.700s][info][gc,phases   ] GC(7724)   Merge Heap Roots: 0.4ms
[2025-01-09T04:06:05.333+0000][200435.700s][info][gc,phases   ] GC(7724)   Evacuate Collection Set: 21.6ms
[2025-01-09T04:06:05.333+0000][200435.700s][info][gc,phases   ] GC(7724)   Post Evacuate Collection Set: 3.8ms
[2025-01-09T04:06:05.333+0000][200435.700s][info][gc,phases   ] GC(7724)   Other: 0.2ms
[2025-01-09T04:06:05.333+0000][200435.700s][info][gc,heap     ] GC(7724) Eden regions: 915->0(914)
[2025-01-09T04:06:05.333+0000][200435.700s][info][gc,heap     ] GC(7724) Survivor regions: 6->7(116)
[2025-01-09T04:06:05.333+0000][200435.700s][info][gc,heap     ] GC(7724) Old regions: 229->229
[2025-01-09T04:06:05.333+0000][200435.700s][info][gc,heap     ] GC(7724) Archive regions: 2->2
[2025-01-09T04:06:05.333+0000][200435.700s][info][gc,heap     ] GC(7724) Humongous regions: 49->49
[2025-01-09T04:06:05.333+0000][200435.700s][info][gc,metaspace] GC(7724) Metaspace: 524752K(534272K)->524752K(534272K) NonClass: 460821K(465536K)->460821K(465536K) Class: 63931K(68736K)->63931K(68736K)
[2025-01-09T04:06:05.334+0000][200435.700s][info][gc          ] GC(7724) Pause Young (Normal) (G1 Evacuation Pause) 9589M->2275M(12288M) 26.312ms
[2025-01-09T04:06:05.334+0000][200435.700s][info][gc,cpu      ] GC(7724) User=0.13s Sys=0.03s Real=0.03s
[2025-01-09T04:06:14.464+0000][200444.830s][info][gc,start    ] GC(7725) Pause Young (Concurrent Start) (G1 Evacuation Pause)
[2025-01-09T04:06:14.464+0000][200444.830s][info][gc,task     ] GC(7725) Using 6 workers of 6 for evacuation
[2025-01-09T04:06:14.495+0000][200444.861s][info][gc,phases   ] GC(7725)   Pre Evacuate Collection Set: 1.1ms
[2025-01-09T04:06:14.495+0000][200444.861s][info][gc,phases   ] GC(7725)   Merge Heap Roots: 0.4ms
[2025-01-09T04:06:14.495+0000][200444.861s][info][gc,phases   ] GC(7725)   Evacuate Collection Set: 25.5ms
[2025-01-09T04:06:14.495+0000][200444.861s][info][gc,phases   ] GC(7725)   Post Evacuate Collection Set: 3.9ms
[2025-01-09T04:06:14.495+0000][200444.861s][info][gc,phases   ] GC(7725)   Other: 0.3ms
[2025-01-09T04:06:14.495+0000][200444.861s][info][gc,heap     ] GC(7725) Eden regions: 914->0(912)
[2025-01-09T04:06:14.495+0000][200444.861s][info][gc,heap     ] GC(7725) Survivor regions: 7->9(116)
[2025-01-09T04:06:14.495+0000][200444.861s][info][gc,heap     ] GC(7725) Old regions: 229->229
[2025-01-09T04:06:14.495+0000][200444.861s][info][gc,heap     ] GC(7725) Archive regions: 2->2
[2025-01-09T04:06:14.495+0000][200444.861s][info][gc,heap     ] GC(7725) Humongous regions: 49->49
[2025-01-09T04:06:14.495+0000][200444.861s][info][gc,metaspace] GC(7725) Metaspace: 524752K(534272K)->524752K(534272K) NonClass: 460821K(465536K)->460821K(465536K) Class: 63931K(68736K)->63931K(68736K)
[2025-01-09T04:06:14.495+0000][200444.861s][info][gc          ] GC(7725) Pause Young (Concurrent Start) (G1 Evacuation Pause) 9587M->2288M(12288M) 31.323ms
[2025-01-09T04:06:14.495+0000][200444.861s][info][gc,cpu      ] GC(7725) User=0.18s Sys=0.00s Real=0.03s
[2025-01-09T04:06:14.495+0000][200444.861s][info][gc          ] GC(7726) Concurrent Mark Cycle
[2025-01-09T04:06:14.495+0000][200444.861s][info][gc,marking  ] GC(7726) Concurrent Clear Claimed Marks
[2025-01-09T04:06:14.496+0000][200444.862s][info][gc,marking  ] GC(7726) Concurrent Clear Claimed Marks 0.879ms
[2025-01-09T04:06:14.496+0000][200444.862s][info][gc,marking  ] GC(7726) Concurrent Scan Root Regions
[2025-01-09T04:06:14.514+0000][200444.880s][info][gc,marking  ] GC(7726) Concurrent Scan Root Regions 17.972ms
[2025-01-09T04:06:14.514+0000][200444.880s][info][gc,marking  ] GC(7726) Concurrent Mark
[2025-01-09T04:06:14.514+0000][200444.880s][info][gc,marking  ] GC(7726) Concurrent Mark From Roots
[2025-01-09T04:06:14.514+0000][200444.880s][info][gc,task     ] GC(7726) Using 2 workers of 2 for marking
[2025-01-09T04:06:15.436+0000][200445.802s][info][gc,marking  ] GC(7726) Concurrent Mark From Roots 921.504ms
[2025-01-09T04:06:15.436+0000][200445.802s][info][gc,marking  ] GC(7726) Concurrent Preclean
[2025-01-09T04:06:15.439+0000][200445.805s][info][gc,marking  ] GC(7726) Concurrent Preclean 2.914ms
[2025-01-09T04:06:15.439+0000][200445.805s][info][gc,start    ] GC(7726) Pause Remark
[2025-01-09T04:06:15.464+0000][200445.830s][info][gc          ] GC(7726) Pause Remark 3584M->3584M(12288M) 24.890ms
[2025-01-09T04:06:15.464+0000][200445.830s][info][gc,cpu      ] GC(7726) User=0.14s Sys=0.00s Real=0.03s
[2025-01-09T04:06:15.464+0000][200445.830s][info][gc,marking  ] GC(7726) Concurrent Mark 949.629ms
[2025-01-09T04:06:15.464+0000][200445.830s][info][gc,marking  ] GC(7726) Concurrent Rebuild Remembered Sets
[2025-01-09T04:06:15.977+0000][200446.343s][info][gc,marking  ] GC(7726) Concurrent Rebuild Remembered Sets 513.130ms
[2025-01-09T04:06:15.977+0000][200446.343s][info][gc,start    ] GC(7726) Pause Cleanup
[2025-01-09T04:06:15.978+0000][200446.344s][info][gc          ] GC(7726) Pause Cleanup 4332M->4332M(12288M) 0.458ms
[2025-01-09T04:06:15.978+0000][200446.344s][info][gc,cpu      ] GC(7726) User=0.00s Sys=0.00s Real=0.00s
[2025-01-09T04:06:15.978+0000][200446.344s][info][gc,marking  ] GC(7726) Concurrent Cleanup for Next Mark
[2025-01-09T04:06:15.994+0000][200446.360s][info][gc,marking  ] GC(7726) Concurrent Cleanup for Next Mark 15.853ms
[2025-01-09T04:06:15.994+0000][200446.360s][info][gc          ] GC(7726) Concurrent Mark Cycle 1498.303ms
[2025-01-09T04:06:19.890+0000][200450.256s][info][gc,start    ] GC(7727) Pause Young (Prepare Mixed) (G1 Evacuation Pause)
[2025-01-09T04:06:19.890+0000][200450.256s][info][gc,task     ] GC(7727) Using 6 workers of 6 for evacuation
[2025-01-09T04:06:19.929+0000][200450.295s][info][gc,phases   ] GC(7727)   Pre Evacuate Collection Set: 0.2ms
[2025-01-09T04:06:19.929+0000][200450.295s][info][gc,phases   ] GC(7727)   Merge Heap Roots: 0.6ms
[2025-01-09T04:06:19.929+0000][200450.295s][info][gc,phases   ] GC(7727)   Evacuate Collection Set: 34.6ms
[2025-01-09T04:06:19.929+0000][200450.295s][info][gc,phases   ] GC(7727)   Post Evacuate Collection Set: 2.9ms
[2025-01-09T04:06:19.929+0000][200450.295s][info][gc,phases   ] GC(7727)   Other: 0.2ms
[2025-01-09T04:06:19.929+0000][200450.295s][info][gc,heap     ] GC(7727) Eden regions: 912->0(66)
[2025-01-09T04:06:19.929+0000][200450.295s][info][gc,heap     ] GC(7727) Survivor regions: 9->10(116)
[2025-01-09T04:06:19.929+0000][200450.295s][info][gc,heap     ] GC(7727) Old regions: 229->229
[2025-01-09T04:06:19.929+0000][200450.295s][info][gc,heap     ] GC(7727) Archive regions: 2->2
[2025-01-09T04:06:19.929+0000][200450.295s][info][gc,heap     ] GC(7727) Humongous regions: 49->49
[2025-01-09T04:06:19.929+0000][200450.295s][info][gc,metaspace] GC(7727) Metaspace: 524752K(534272K)->524752K(534272K) NonClass: 460821K(465536K)->460821K(465536K) Class: 63931K(68736K)->63931K(68736K)
[2025-01-09T04:06:19.929+0000][200450.295s][info][gc          ] GC(7727) Pause Young (Prepare Mixed) (G1 Evacuation Pause) 9584M->2299M(12288M) 38.669ms
[2025-01-09T04:06:19.929+0000][200450.295s][info][gc,cpu      ] GC(7727) User=0.22s Sys=0.00s Real=0.03s
[2025-01-09T04:06:20.258+0000][200450.625s][info][gc,start    ] GC(7728) Pause Young (Mixed) (G1 Evacuation Pause)
[2025-01-09T04:06:20.258+0000][200450.625s][info][gc,task     ] GC(7728) Using 6 workers of 6 for evacuation
[2025-01-09T04:06:20.296+0000][200450.662s][info][gc,phases   ] GC(7728)   Pre Evacuate Collection Set: 0.2ms
[2025-01-09T04:06:20.296+0000][200450.662s][info][gc,phases   ] GC(7728)   Merge Heap Roots: 0.4ms
[2025-01-09T04:06:20.296+0000][200450.662s][info][gc,phases   ] GC(7728)   Evacuate Collection Set: 35.6ms
[2025-01-09T04:06:20.296+0000][200450.662s][info][gc,phases   ] GC(7728)   Post Evacuate Collection Set: 1.6ms
[2025-01-09T04:06:20.296+0000][200450.662s][info][gc,phases   ] GC(7728)   Other: 0.2ms
[2025-01-09T04:06:20.296+0000][200450.662s][info][gc,heap     ] GC(7728) Eden regions: 66->0(916)
[2025-01-09T04:06:20.296+0000][200450.662s][info][gc,heap     ] GC(7728) Survivor regions: 10->5(10)
[2025-01-09T04:06:20.296+0000][200450.662s][info][gc,heap     ] GC(7728) Old regions: 229->226
[2025-01-09T04:06:20.296+0000][200450.662s][info][gc,heap     ] GC(7728) Archive regions: 2->2
[2025-01-09T04:06:20.296+0000][200450.662s][info][gc,heap     ] GC(7728) Humongous regions: 49->49
[2025-01-09T04:06:20.296+0000][200450.662s][info][gc,metaspace] GC(7728) Metaspace: 524752K(534272K)->524752K(534272K) NonClass: 460821K(465536K)->460821K(465536K) Class: 63931K(68736K)->63931K(68736K)
[2025-01-09T04:06:20.296+0000][200450.663s][info][gc          ] GC(7728) Pause Young (Mixed) (G1 Evacuation Pause) 2826M->2241M(12288M) 37.976ms
[2025-01-09T04:06:20.296+0000][200450.663s][info][gc,cpu      ] GC(7728) User=0.22s Sys=0.00s Real=0.04s
[2025-01-09T04:06:25.897+0000][200456.263s][info][gc,start    ] GC(7729) Pause Young (Normal) (G1 Evacuation Pause)
[2025-01-09T04:06:25.897+0000][200456.263s][info][gc,task     ] GC(7729) Using 6 workers of 6 for evacuation
[2025-01-09T04:06:25.920+0000][200456.286s][info][gc,phases   ] GC(7729)   Pre Evacuate Collection Set: 0.2ms
[2025-01-09T04:06:25.920+0000][200456.286s][info][gc,phases   ] GC(7729)   Merge Heap Roots: 0.4ms
[2025-01-09T04:06:25.920+0000][200456.286s][info][gc,phases   ] GC(7729)   Evacuate Collection Set: 20.1ms
[2025-01-09T04:06:25.920+0000][200456.286s][info][gc,phases   ] GC(7729)   Post Evacuate Collection Set: 2.4ms
[2025-01-09T04:06:25.920+0000][200456.286s][info][gc,phases   ] GC(7729)   Other: 0.2ms
[2025-01-09T04:06:25.920+0000][200456.286s][info][gc,heap     ] GC(7729) Eden regions: 916->0(915)
[2025-01-09T04:06:25.920+0000][200456.286s][info][gc,heap     ] GC(7729) Survivor regions: 5->6(116)
[2025-01-09T04:06:25.920+0000][200456.286s][info][gc,heap     ] GC(7729) Old regions: 226->226
[2025-01-09T04:06:25.920+0000][200456.286s][info][gc,heap     ] GC(7729) Archive regions: 2->2
[2025-01-09T04:06:25.920+0000][200456.286s][info][gc,heap     ] GC(7729) Humongous regions: 49->49
[2025-01-09T04:06:25.920+0000][200456.286s][info][gc,metaspace] GC(7729) Metaspace: 524752K(534272K)->524752K(534272K) NonClass: 460821K(465536K)->460821K(465536K) Class: 63931K(68736K)->63931K(68736K)
[2025-01-09T04:06:25.920+0000][200456.286s][info][gc          ] GC(7729) Pause Young (Normal) (G1 Evacuation Pause) 9569M->2247M(12288M) 23.350ms
[2025-01-09T04:06:25.920+0000][200456.286s][info][gc,cpu      ] GC(7729) User=0.14s Sys=0.00s Real=0.02s
[2025-01-09T04:06:34.596+0000][200464.962s][info][gc,start    ] GC(7730) Pause Young (Normal) (G1 Evacuation Pause)
[2025-01-09T04:06:34.596+0000][200464.962s][info][gc,task     ] GC(7730) Using 6 workers of 6 for evacuation
[2025-01-09T04:06:34.622+0000][200464.988s][info][gc,phases   ] GC(7730)   Pre Evacuate Collection Set: 0.2ms
[2025-01-09T04:06:34.622+0000][200464.988s][info][gc,phases   ] GC(7730)   Merge Heap Roots: 0.4ms
[2025-01-09T04:06:34.622+0000][200464.988s][info][gc,phases   ] GC(7730)   Evacuate Collection Set: 21.9ms
[2025-01-09T04:06:34.622+0000][200464.988s][info][gc,phases   ] GC(7730)   Post Evacuate Collection Set: 2.5ms
[2025-01-09T04:06:34.622+0000][200464.988s][info][gc,phases   ] GC(7730)   Other: 0.2ms
[2025-01-09T04:06:34.622+0000][200464.988s][info][gc,heap     ] GC(7730) Eden regions: 915->0(914)
[2025-01-09T04:06:34.622+0000][200464.988s][info][gc,heap     ] GC(7730) Survivor regions: 6->7(116)
[2025-01-09T04:06:34.622+0000][200464.988s][info][gc,heap     ] GC(7730) Old regions: 226->226
[2025-01-09T04:06:34.622+0000][200464.988s][info][gc,heap     ] GC(7730) Archive regions: 2->2
[2025-01-09T04:06:34.622+0000][200464.988s][info][gc,heap     ] GC(7730) Humongous regions: 49->49
[2025-01-09T04:06:34.622+0000][200464.988s][info][gc,metaspace] GC(7730) Metaspace: 524752K(534272K)->524752K(534272K) NonClass: 460821K(465536K)->460821K(465536K) Class: 63931K(68736K)->63931K(68736K)
[2025-01-09T04:06:34.622+0000][200464.988s][info][gc          ] GC(7730) Pause Young (Normal) (G1 Evacuation Pause) 9567M->2255M(12288M) 25.365ms
[2025-01-09T04:06:34.622+0000][200464.988s][info][gc,cpu      ] GC(7730) User=0.15s Sys=0.01s Real=0.03s
[2025-01-09T04:06:42.391+0000][200472.757s][info][gc,start    ] GC(7731) Pause Young (Concurrent Start) (G1 Evacuation Pause)
[2025-01-09T04:06:42.391+0000][200472.758s][info][gc,task     ] GC(7731) Using 6 workers of 6 for evacuation
[2025-01-09T04:06:42.422+0000][200472.788s][info][gc,phases   ] GC(7731)   Pre Evacuate Collection Set: 1.1ms
[2025-01-09T04:06:42.422+0000][200472.788s][info][gc,phases   ] GC(7731)   Merge Heap Roots: 0.4ms
[2025-01-09T04:06:42.422+0000][200472.788s][info][gc,phases   ] GC(7731)   Evacuate Collection Set: 26.4ms
[2025-01-09T04:06:42.422+0000][200472.788s][info][gc,phases   ] GC(7731)   Post Evacuate Collection Set: 2.5ms
[2025-01-09T04:06:42.422+0000][200472.788s][info][gc,phases   ] GC(7731)   Other: 0.3ms
[2025-01-09T04:06:42.422+0000][200472.788s][info][gc,heap     ] GC(7731) Eden regions: 914->0(912)
[2025-01-09T04:06:42.422+0000][200472.788s][info][gc,heap     ] GC(7731) Survivor regions: 7->9(116)
[2025-01-09T04:06:42.422+0000][200472.788s][info][gc,heap     ] GC(7731) Old regions: 226->226
[2025-01-09T04:06:42.422+0000][200472.788s][info][gc,heap     ] GC(7731) Archive regions: 2->2
[2025-01-09T04:06:42.422+0000][200472.788s][info][gc,heap     ] GC(7731) Humongous regions: 49->49
[2025-01-09T04:06:42.422+0000][200472.788s][info][gc,metaspace] GC(7731) Metaspace: 524752K(534272K)->524752K(534272K) NonClass: 460821K(465536K)->460821K(465536K) Class: 63931K(68736K)->63931K(68736K)
[2025-01-09T04:06:42.422+0000][200472.788s][info][gc          ] GC(7731) Pause Young (Concurrent Start) (G1 Evacuation Pause) 9567M->2267M(12288M) 30.901ms
[2025-01-09T04:06:42.422+0000][200472.788s][info][gc,cpu      ] GC(7731) User=0.18s Sys=0.00s Real=0.03s
[2025-01-09T04:06:42.422+0000][200472.788s][info][gc          ] GC(7732) Concurrent Mark Cycle
[2025-01-09T04:06:42.422+0000][200472.789s][info][gc,marking  ] GC(7732) Concurrent Clear Claimed Marks
[2025-01-09T04:06:42.423+0000][200472.789s][info][gc,marking  ] GC(7732) Concurrent Clear Claimed Marks 0.918ms
[2025-01-09T04:06:42.423+0000][200472.789s][info][gc,marking  ] GC(7732) Concurrent Scan Root Regions
[2025-01-09T04:06:42.442+0000][200472.808s][info][gc,marking  ] GC(7732) Concurrent Scan Root Regions 18.271ms
[2025-01-09T04:06:42.442+0000][200472.808s][info][gc,marking  ] GC(7732) Concurrent Mark
[2025-01-09T04:06:42.442+0000][200472.808s][info][gc,marking  ] GC(7732) Concurrent Mark From Roots
[2025-01-09T04:06:42.442+0000][200472.808s][info][gc,task     ] GC(7732) Using 2 workers of 2 for marking
[2025-01-09T04:06:43.230+0000][200473.596s][info][gc,marking  ] GC(7732) Concurrent Mark From Roots 788.346ms
[2025-01-09T04:06:43.230+0000][200473.596s][info][gc,marking  ] GC(7732) Concurrent Preclean
[2025-01-09T04:06:43.234+0000][200473.600s][info][gc,marking  ] GC(7732) Concurrent Preclean 3.836ms
[2025-01-09T04:06:43.234+0000][200473.600s][info][gc,start    ] GC(7732) Pause Remark
[2025-01-09T04:06:43.259+0000][200473.625s][info][gc          ] GC(7732) Pause Remark 3021M->3021M(12288M) 25.110ms
[2025-01-09T04:06:43.259+0000][200473.625s][info][gc,cpu      ] GC(7732) User=0.15s Sys=0.00s Real=0.02s
[2025-01-09T04:06:43.259+0000][200473.625s][info][gc,marking  ] GC(7732) Concurrent Mark 817.661ms
[2025-01-09T04:06:43.259+0000][200473.625s][info][gc,marking  ] GC(7732) Concurrent Rebuild Remembered Sets
[2025-01-09T04:06:43.807+0000][200474.173s][info][gc,marking  ] GC(7732) Concurrent Rebuild Remembered Sets 547.326ms
[2025-01-09T04:06:43.807+0000][200474.173s][info][gc,start    ] GC(7732) Pause Cleanup
[2025-01-09T04:06:43.807+0000][200474.173s][info][gc          ] GC(7732) Pause Cleanup 3683M->3683M(12288M) 0.420ms
[2025-01-09T04:06:43.807+0000][200474.173s][info][gc,cpu      ] GC(7732) User=0.00s Sys=0.00s Real=0.00s
[2025-01-09T04:06:43.807+0000][200474.173s][info][gc,marking  ] GC(7732) Concurrent Cleanup for Next Mark
[2025-01-09T04:06:43.823+0000][200474.189s][info][gc,marking  ] GC(7732) Concurrent Cleanup for Next Mark 15.914ms
[2025-01-09T04:06:43.823+0000][200474.189s][info][gc          ] GC(7732) Concurrent Mark Cycle 1400.881ms
[2025-01-09T04:06:50.041+0000][200480.407s][info][gc,start    ] GC(7733) Pause Young (Prepare Mixed) (G1 Evacuation Pause)
[2025-01-09T04:06:50.041+0000][200480.407s][info][gc,task     ] GC(7733) Using 6 workers of 6 for evacuation
[2025-01-09T04:06:50.076+0000][200480.442s][info][gc,phases   ] GC(7733)   Pre Evacuate Collection Set: 0.2ms
[2025-01-09T04:06:50.076+0000][200480.443s][info][gc,phases   ] GC(7733)   Merge Heap Roots: 0.6ms
[2025-01-09T04:06:50.076+0000][200480.443s][info][gc,phases   ] GC(7733)   Evacuate Collection Set: 31.8ms
[2025-01-09T04:06:50.076+0000][200480.443s][info][gc,phases   ] GC(7733)   Post Evacuate Collection Set: 2.6ms
[2025-01-09T04:06:50.076+0000][200480.443s][info][gc,phases   ] GC(7733)   Other: 0.2ms
[2025-01-09T04:06:50.076+0000][200480.443s][info][gc,heap     ] GC(7733) Eden regions: 912->0(66)
[2025-01-09T04:06:50.076+0000][200480.443s][info][gc,heap     ] GC(7733) Survivor regions: 9->10(116)
[2025-01-09T04:06:50.076+0000][200480.443s][info][gc,heap     ] GC(7733) Old regions: 226->226
[2025-01-09T04:06:50.076+0000][200480.443s][info][gc,heap     ] GC(7733) Archive regions: 2->2
[2025-01-09T04:06:50.076+0000][200480.443s][info][gc,heap     ] GC(7733) Humongous regions: 49->49
[2025-01-09T04:06:50.076+0000][200480.443s][info][gc,metaspace] GC(7733) Metaspace: 524752K(534272K)->524752K(534272K) NonClass: 460821K(465536K)->460821K(465536K) Class: 63931K(68736K)->63931K(68736K)
[2025-01-09T04:06:50.076+0000][200480.443s][info][gc          ] GC(7733) Pause Young (Prepare Mixed) (G1 Evacuation Pause) 9563M->2278M(12288M) 35.518ms
[2025-01-09T04:06:50.077+0000][200480.443s][info][gc,cpu      ] GC(7733) User=0.20s Sys=0.00s Real=0.04s
[2025-01-09T04:06:50.718+0000][200481.084s][info][gc,start    ] GC(7734) Pause Young (Mixed) (G1 Evacuation Pause)
[2025-01-09T04:06:50.718+0000][200481.084s][info][gc,task     ] GC(7734) Using 6 workers of 6 for evacuation
[2025-01-09T04:06:50.774+0000][200481.140s][info][gc,phases   ] GC(7734)   Pre Evacuate Collection Set: 0.2ms
[2025-01-09T04:06:50.774+0000][200481.140s][info][gc,phases   ] GC(7734)   Merge Heap Roots: 0.5ms
[2025-01-09T04:06:50.774+0000][200481.140s][info][gc,phases   ] GC(7734)   Evacuate Collection Set: 53.4ms
[2025-01-09T04:06:50.774+0000][200481.140s][info][gc,phases   ] GC(7734)   Post Evacuate Collection Set: 1.7ms
[2025-01-09T04:06:50.774+0000][200481.140s][info][gc,phases   ] GC(7734)   Other: 0.2ms
[2025-01-09T04:06:50.774+0000][200481.140s][info][gc,heap     ] GC(7734) Eden regions: 66->0(916)
[2025-01-09T04:06:50.774+0000][200481.140s][info][gc,heap     ] GC(7734) Survivor regions: 10->5(10)
[2025-01-09T04:06:50.774+0000][200481.140s][info][gc,heap     ] GC(7734) Old regions: 226->226
[2025-01-09T04:06:50.774+0000][200481.140s][info][gc,heap     ] GC(7734) Archive regions: 2->2
[2025-01-09T04:06:50.774+0000][200481.140s][info][gc,heap     ] GC(7734) Humongous regions: 49->49
[2025-01-09T04:06:50.774+0000][200481.140s][info][gc,metaspace] GC(7734) Metaspace: 524752K(534272K)->524752K(534272K) NonClass: 460821K(465536K)->460821K(465536K) Class: 63931K(68736K)->63931K(68736K)
[2025-01-09T04:06:50.774+0000][200481.140s][info][gc          ] GC(7734) Pause Young (Mixed) (G1 Evacuation Pause) 2806M->2245M(12288M) 56.113ms
[2025-01-09T04:06:50.774+0000][200481.140s][info][gc,cpu      ] GC(7734) User=0.33s Sys=0.00s Real=0.06s
[2025-01-09T04:06:59.306+0000][200489.672s][info][gc,start    ] GC(7735) Pause Young (Normal) (G1 Evacuation Pause)
[2025-01-09T04:06:59.306+0000][200489.672s][info][gc,task     ] GC(7735) Using 6 workers of 6 for evacuation
[2025-01-09T04:06:59.336+0000][200489.702s][info][gc,phases   ] GC(7735)   Pre Evacuate Collection Set: 0.3ms
[2025-01-09T04:06:59.336+0000][200489.702s][info][gc,phases   ] GC(7735)   Merge Heap Roots: 0.5ms
[2025-01-09T04:06:59.336+0000][200489.702s][info][gc,phases   ] GC(7735)   Evacuate Collection Set: 23.3ms
[2025-01-09T04:06:59.336+0000][200489.702s][info][gc,phases   ] GC(7735)   Post Evacuate Collection Set: 5.2ms
[2025-01-09T04:06:59.336+0000][200489.702s][info][gc,phases   ] GC(7735)   Other: 0.2ms
[2025-01-09T04:06:59.336+0000][200489.702s][info][gc,heap     ] GC(7735) Eden regions: 916->0(913)
[2025-01-09T04:06:59.336+0000][200489.702s][info][gc,heap     ] GC(7735) Survivor regions: 5->8(116)
[2025-01-09T04:06:59.336+0000][200489.702s][info][gc,heap     ] GC(7735) Old regions: 226->226
[2025-01-09T04:06:59.336+0000][200489.702s][info][gc,heap     ] GC(7735) Archive regions: 2->2
[2025-01-09T04:06:59.336+0000][200489.702s][info][gc,heap     ] GC(7735) Humongous regions: 49->49
[2025-01-09T04:06:59.336+0000][200489.702s][info][gc,metaspace] GC(7735) Metaspace: 524752K(534272K)->524752K(534272K) NonClass: 460821K(465536K)->460821K(465536K) Class: 63931K(68736K)->63931K(68736K)
[2025-01-09T04:06:59.336+0000][200489.702s][info][gc          ] GC(7735) Pause Young (Normal) (G1 Evacuation Pause) 9573M->2262M(12288M) 29.633ms
[2025-01-09T04:06:59.336+0000][200489.702s][info][gc,cpu      ] GC(7735) User=0.17s Sys=0.00s Real=0.03s
[2025-01-09T04:07:08.518+0000][200498.884s][info][gc,start    ] GC(7736) Pause Young (Normal) (G1 Evacuation Pause)
[2025-01-09T04:07:08.518+0000][200498.884s][info][gc,task     ] GC(7736) Using 6 workers of 6 for evacuation
[2025-01-09T04:07:08.548+0000][200498.914s][info][gc,phases   ] GC(7736)   Pre Evacuate Collection Set: 0.2ms
[2025-01-09T04:07:08.548+0000][200498.914s][info][gc,phases   ] GC(7736)   Merge Heap Roots: 0.4ms
[2025-01-09T04:07:08.548+0000][200498.914s][info][gc,phases   ] GC(7736)   Evacuate Collection Set: 24.9ms
[2025-01-09T04:07:08.548+0000][200498.914s][info][gc,phases   ] GC(7736)   Post Evacuate Collection Set: 3.8ms
[2025-01-09T04:07:08.548+0000][200498.914s][info][gc,phases   ] GC(7736)   Other: 0.2ms
[2025-01-09T04:07:08.548+0000][200498.914s][info][gc,heap     ] GC(7736) Eden regions: 913->0(913)
[2025-01-09T04:07:08.548+0000][200498.914s][info][gc,heap     ] GC(7736) Survivor regions: 8->8(116)
[2025-01-09T04:07:08.548+0000][200498.914s][info][gc,heap     ] GC(7736) Old regions: 226->226
[2025-01-09T04:07:08.548+0000][200498.914s][info][gc,heap     ] GC(7736) Archive regions: 2->2
[2025-01-09T04:07:08.548+0000][200498.914s][info][gc,heap     ] GC(7736) Humongous regions: 49->49
[2025-01-09T04:07:08.548+0000][200498.914s][info][gc,metaspace] GC(7736) Metaspace: 524752K(534272K)->524752K(534272K) NonClass: 460821K(465536K)->460821K(465536K) Class: 63931K(68736K)->63931K(68736K)
[2025-01-09T04:07:08.548+0000][200498.914s][info][gc          ] GC(7736) Pause Young (Normal) (G1 Evacuation Pause) 9566M->2268M(12288M) 29.643ms
[2025-01-09T04:07:08.548+0000][200498.914s][info][gc,cpu      ] GC(7736) User=0.17s Sys=0.00s Real=0.03s
[2025-01-09T04:07:15.026+0000][200505.392s][info][gc,start    ] GC(7737) Pause Young (Concurrent Start) (G1 Evacuation Pause)
[2025-01-09T04:07:15.026+0000][200505.392s][info][gc,task     ] GC(7737) Using 6 workers of 6 for evacuation
[2025-01-09T04:07:15.058+0000][200505.424s][info][gc,phases   ] GC(7737)   Pre Evacuate Collection Set: 1.1ms
[2025-01-09T04:07:15.058+0000][200505.424s][info][gc,phases   ] GC(7737)   Merge Heap Roots: 0.4ms
[2025-01-09T04:07:15.058+0000][200505.424s][info][gc,phases   ] GC(7737)   Evacuate Collection Set: 28.0ms
[2025-01-09T04:07:15.058+0000][200505.424s][info][gc,phases   ] GC(7737)   Post Evacuate Collection Set: 2.5ms
[2025-01-09T04:07:15.058+0000][200505.424s][info][gc,phases   ] GC(7737)   Other: 0.3ms
[2025-01-09T04:07:15.058+0000][200505.424s][info][gc,heap     ] GC(7737) Eden regions: 913->0(913)
[2025-01-09T04:07:15.058+0000][200505.424s][info][gc,heap     ] GC(7737) Survivor regions: 8->8(116)
[2025-01-09T04:07:15.058+0000][200505.424s][info][gc,heap     ] GC(7737) Old regions: 226->226
[2025-01-09T04:07:15.058+0000][200505.424s][info][gc,heap     ] GC(7737) Archive regions: 2->2
[2025-01-09T04:07:15.058+0000][200505.424s][info][gc,heap     ] GC(7737) Humongous regions: 49->49
[2025-01-09T04:07:15.058+0000][200505.424s][info][gc,metaspace] GC(7737) Metaspace: 524752K(534272K)->524752K(534272K) NonClass: 460821K(465536K)->460821K(465536K) Class: 63931K(68736K)->63931K(68736K)
[2025-01-09T04:07:15.058+0000][200505.424s][info][gc          ] GC(7737) Pause Young (Concurrent Start) (G1 Evacuation Pause) 9572M->2269M(12288M) 32.411ms
[2025-01-09T04:07:15.058+0000][200505.424s][info][gc,cpu      ] GC(7737) User=0.18s Sys=0.00s Real=0.03s
[2025-01-09T04:07:15.058+0000][200505.424s][info][gc          ] GC(7738) Concurrent Mark Cycle
[2025-01-09T04:07:15.058+0000][200505.424s][info][gc,marking  ] GC(7738) Concurrent Clear Claimed Marks
[2025-01-09T04:07:15.059+0000][200505.425s][info][gc,marking  ] GC(7738) Concurrent Clear Claimed Marks 0.890ms
[2025-01-09T04:07:15.059+0000][200505.425s][info][gc,marking  ] GC(7738) Concurrent Scan Root Regions
[2025-01-09T04:07:15.088+0000][200505.454s][info][gc,marking  ] GC(7738) Concurrent Scan Root Regions 28.823ms
[2025-01-09T04:07:15.088+0000][200505.454s][info][gc,marking  ] GC(7738) Concurrent Mark
[2025-01-09T04:07:15.088+0000][200505.454s][info][gc,marking  ] GC(7738) Concurrent Mark From Roots
[2025-01-09T04:07:15.088+0000][200505.454s][info][gc,task     ] GC(7738) Using 2 workers of 2 for marking
[2025-01-09T04:07:15.953+0000][200506.319s][info][gc,marking  ] GC(7738) Concurrent Mark From Roots 865.062ms
[2025-01-09T04:07:15.953+0000][200506.319s][info][gc,marking  ] GC(7738) Concurrent Preclean
[2025-01-09T04:07:15.956+0000][200506.322s][info][gc,marking  ] GC(7738) Concurrent Preclean 3.090ms
[2025-01-09T04:07:15.956+0000][200506.322s][info][gc,start    ] GC(7738) Pause Remark
[2025-01-09T04:07:15.981+0000][200506.347s][info][gc          ] GC(7738) Pause Remark 3666M->3666M(12288M) 24.944ms
[2025-01-09T04:07:15.981+0000][200506.347s][info][gc,cpu      ] GC(7738) User=0.15s Sys=0.00s Real=0.02s
[2025-01-09T04:07:15.981+0000][200506.347s][info][gc,marking  ] GC(7738) Concurrent Mark 893.445ms
[2025-01-09T04:07:15.981+0000][200506.347s][info][gc,marking  ] GC(7738) Concurrent Rebuild Remembered Sets
[2025-01-09T04:07:16.508+0000][200506.874s][info][gc,marking  ] GC(7738) Concurrent Rebuild Remembered Sets 526.978ms
[2025-01-09T04:07:16.508+0000][200506.875s][info][gc,start    ] GC(7738) Pause Cleanup
[2025-01-09T04:07:16.509+0000][200506.875s][info][gc          ] GC(7738) Pause Cleanup 4217M->4217M(12288M) 0.422ms
[2025-01-09T04:07:16.509+0000][200506.875s][info][gc,cpu      ] GC(7738) User=0.00s Sys=0.00s Real=0.00s
[2025-01-09T04:07:16.509+0000][200506.875s][info][gc,marking  ] GC(7738) Concurrent Cleanup for Next Mark
[2025-01-09T04:07:16.525+0000][200506.891s][info][gc,marking  ] GC(7738) Concurrent Cleanup for Next Mark 15.731ms
[2025-01-09T04:07:16.525+0000][200506.891s][info][gc          ] GC(7738) Concurrent Mark Cycle 1466.708ms
[2025-01-09T04:07:21.664+0000][200512.030s][info][gc,start    ] GC(7739) Pause Young (Prepare Mixed) (G1 Evacuation Pause)
[2025-01-09T04:07:21.664+0000][200512.030s][info][gc,task     ] GC(7739) Using 6 workers of 6 for evacuation
[2025-01-09T04:07:21.699+0000][200512.065s][info][gc,phases   ] GC(7739)   Pre Evacuate Collection Set: 0.2ms
[2025-01-09T04:07:21.699+0000][200512.065s][info][gc,phases   ] GC(7739)   Merge Heap Roots: 0.7ms
[2025-01-09T04:07:21.699+0000][200512.065s][info][gc,phases   ] GC(7739)   Evacuate Collection Set: 31.2ms
[2025-01-09T04:07:21.699+0000][200512.065s][info][gc,phases   ] GC(7739)   Post Evacuate Collection Set: 2.6ms
[2025-01-09T04:07:21.699+0000][200512.065s][info][gc,phases   ] GC(7739)   Other: 0.2ms
[2025-01-09T04:07:21.699+0000][200512.065s][info][gc,heap     ] GC(7739) Eden regions: 913->0(66)
[2025-01-09T04:07:21.699+0000][200512.065s][info][gc,heap     ] GC(7739) Survivor regions: 8->10(116)
[2025-01-09T04:07:21.699+0000][200512.065s][info][gc,heap     ] GC(7739) Old regions: 226->226
[2025-01-09T04:07:21.699+0000][200512.065s][info][gc,heap     ] GC(7739) Archive regions: 2->2
[2025-01-09T04:07:21.699+0000][200512.065s][info][gc,heap     ] GC(7739) Humongous regions: 49->49
[2025-01-09T04:07:21.699+0000][200512.065s][info][gc,metaspace] GC(7739) Metaspace: 524752K(534272K)->524752K(534272K) NonClass: 460821K(465536K)->460821K(465536K) Class: 63931K(68736K)->63931K(68736K)
[2025-01-09T04:07:21.699+0000][200512.065s][info][gc          ] GC(7739) Pause Young (Prepare Mixed) (G1 Evacuation Pause) 9573M->2279M(12288M) 34.903ms
[2025-01-09T04:07:21.699+0000][200512.065s][info][gc,cpu      ] GC(7739) User=0.21s Sys=0.00s Real=0.03s
[2025-01-09T04:07:22.261+0000][200512.627s][info][gc,start    ] GC(7740) Pause Young (Mixed) (G1 Evacuation Pause)
[2025-01-09T04:07:22.261+0000][200512.627s][info][gc,task     ] GC(7740) Using 6 workers of 6 for evacuation
[2025-01-09T04:07:22.330+0000][200512.696s][info][gc,phases   ] GC(7740)   Pre Evacuate Collection Set: 0.2ms
[2025-01-09T04:07:22.330+0000][200512.696s][info][gc,phases   ] GC(7740)   Merge Heap Roots: 0.6ms
[2025-01-09T04:07:22.330+0000][200512.696s][info][gc,phases   ] GC(7740)   Evacuate Collection Set: 66.1ms
[2025-01-09T04:07:22.330+0000][200512.696s][info][gc,phases   ] GC(7740)   Post Evacuate Collection Set: 2.0ms
[2025-01-09T04:07:22.330+0000][200512.696s][info][gc,phases   ] GC(7740)   Other: 0.2ms
[2025-01-09T04:07:22.330+0000][200512.696s][info][gc,heap     ] GC(7740) Eden regions: 66->0(915)
[2025-01-09T04:07:22.330+0000][200512.696s][info][gc,heap     ] GC(7740) Survivor regions: 10->6(10)
[2025-01-09T04:07:22.330+0000][200512.697s][info][gc,heap     ] GC(7740) Old regions: 226->225
[2025-01-09T04:07:22.330+0000][200512.697s][info][gc,heap     ] GC(7740) Archive regions: 2->2
[2025-01-09T04:07:22.330+0000][200512.697s][info][gc,heap     ] GC(7740) Humongous regions: 49->49
[2025-01-09T04:07:22.330+0000][200512.697s][info][gc,metaspace] GC(7740) Metaspace: 524752K(534272K)->524752K(534272K) NonClass: 460821K(465536K)->460821K(465536K) Class: 63931K(68736K)->63931K(68736K)
[2025-01-09T04:07:22.330+0000][200512.697s][info][gc          ] GC(7740) Pause Young (Mixed) (G1 Evacuation Pause) 2807M->2242M(12288M) 69.167ms
[2025-01-09T04:07:22.330+0000][200512.697s][info][gc,cpu      ] GC(7740) User=0.39s Sys=0.01s Real=0.08s
[2025-01-09T04:07:31.530+0000][200521.896s][info][gc,start    ] GC(7741) Pause Young (Normal) (G1 Evacuation Pause)
[2025-01-09T04:07:31.530+0000][200521.896s][info][gc,task     ] GC(7741) Using 6 workers of 6 for evacuation
[2025-01-09T04:07:31.560+0000][200521.927s][info][gc,phases   ] GC(7741)   Pre Evacuate Collection Set: 0.2ms
[2025-01-09T04:07:31.560+0000][200521.927s][info][gc,phases   ] GC(7741)   Merge Heap Roots: 0.5ms
[2025-01-09T04:07:31.561+0000][200521.927s][info][gc,phases   ] GC(7741)   Evacuate Collection Set: 26.6ms
[2025-01-09T04:07:31.561+0000][200521.927s][info][gc,phases   ] GC(7741)   Post Evacuate Collection Set: 2.8ms
[2025-01-09T04:07:31.561+0000][200521.927s][info][gc,phases   ] GC(7741)   Other: 0.2ms
[2025-01-09T04:07:31.561+0000][200521.927s][info][gc,heap     ] GC(7741) Eden regions: 915->0(914)
[2025-01-09T04:07:31.561+0000][200521.927s][info][gc,heap     ] GC(7741) Survivor regions: 6->7(116)
[2025-01-09T04:07:31.561+0000][200521.927s][info][gc,heap     ] GC(7741) Old regions: 225->225
[2025-01-09T04:07:31.561+0000][200521.927s][info][gc,heap     ] GC(7741) Archive regions: 2->2
[2025-01-09T04:07:31.561+0000][200521.927s][info][gc,heap     ] GC(7741) Humongous regions: 49->49
[2025-01-09T04:07:31.561+0000][200521.927s][info][gc,metaspace] GC(7741) Metaspace: 524752K(534272K)->524752K(534272K) NonClass: 460821K(465536K)->460821K(465536K) Class: 63931K(68736K)->63931K(68736K)
[2025-01-09T04:07:31.561+0000][200521.927s][info][gc          ] GC(7741) Pause Young (Normal) (G1 Evacuation Pause) 9562M->2250M(12288M) 30.398ms
[2025-01-09T04:07:31.561+0000][200521.927s][info][gc,cpu      ] GC(7741) User=0.17s Sys=0.00s Real=0.02s
[2025-01-09T04:07:40.154+0000][200530.520s][info][gc,start    ] GC(7742) Pause Young (Normal) (G1 Evacuation Pause)
[2025-01-09T04:07:40.154+0000][200530.520s][info][gc,task     ] GC(7742) Using 6 workers of 6 for evacuation
[2025-01-09T04:07:40.184+0000][200530.551s][info][gc,phases   ] GC(7742)   Pre Evacuate Collection Set: 0.2ms
[2025-01-09T04:07:40.184+0000][200530.551s][info][gc,phases   ] GC(7742)   Merge Heap Roots: 0.4ms
[2025-01-09T04:07:40.184+0000][200530.551s][info][gc,phases   ] GC(7742)   Evacuate Collection Set: 27.1ms
[2025-01-09T04:07:40.184+0000][200530.551s][info][gc,phases   ] GC(7742)   Post Evacuate Collection Set: 2.5ms
[2025-01-09T04:07:40.184+0000][200530.551s][info][gc,phases   ] GC(7742)   Other: 0.2ms
[2025-01-09T04:07:40.184+0000][200530.551s][info][gc,heap     ] GC(7742) Eden regions: 914->0(913)
[2025-01-09T04:07:40.184+0000][200530.551s][info][gc,heap     ] GC(7742) Survivor regions: 7->8(116)
[2025-01-09T04:07:40.184+0000][200530.551s][info][gc,heap     ] GC(7742) Old regions: 225->225
[2025-01-09T04:07:40.184+0000][200530.551s][info][gc,heap     ] GC(7742) Archive regions: 2->2
[2025-01-09T04:07:40.184+0000][200530.551s][info][gc,heap     ] GC(7742) Humongous regions: 49->49
[2025-01-09T04:07:40.184+0000][200530.551s][info][gc,metaspace] GC(7742) Metaspace: 524753K(534272K)->524753K(534272K) NonClass: 460822K(465536K)->460822K(465536K) Class: 63931K(68736K)->63931K(68736K)
[2025-01-09T04:07:40.185+0000][200530.551s][info][gc          ] GC(7742) Pause Young (Normal) (G1 Evacuation Pause) 9562M->2260M(12288M) 30.582ms
[2025-01-09T04:07:40.185+0000][200530.551s][info][gc,cpu      ] GC(7742) User=0.18s Sys=0.00s Real=0.03s
[2025-01-09T04:07:47.008+0000][200537.374s][info][gc,start    ] GC(7743) Pause Young (Concurrent Start) (G1 Evacuation Pause)
[2025-01-09T04:07:47.008+0000][200537.374s][info][gc,task     ] GC(7743) Using 6 workers of 6 for evacuation
[2025-01-09T04:07:47.044+0000][200537.410s][info][gc,phases   ] GC(7743)   Pre Evacuate Collection Set: 1.1ms
[2025-01-09T04:07:47.044+0000][200537.410s][info][gc,phases   ] GC(7743)   Merge Heap Roots: 0.5ms
[2025-01-09T04:07:47.044+0000][200537.410s][info][gc,phases   ] GC(7743)   Evacuate Collection Set: 30.3ms
[2025-01-09T04:07:47.044+0000][200537.410s][info][gc,phases   ] GC(7743)   Post Evacuate Collection Set: 4.0ms
[2025-01-09T04:07:47.044+0000][200537.410s][info][gc,phases   ] GC(7743)   Other: 0.3ms
[2025-01-09T04:07:47.044+0000][200537.410s][info][gc,heap     ] GC(7743) Eden regions: 913->0(911)
[2025-01-09T04:07:47.044+0000][200537.410s][info][gc,heap     ] GC(7743) Survivor regions: 8->10(116)
[2025-01-09T04:07:47.044+0000][200537.410s][info][gc,heap     ] GC(7743) Old regions: 225->225
[2025-01-09T04:07:47.044+0000][200537.410s][info][gc,heap     ] GC(7743) Archive regions: 2->2
[2025-01-09T04:07:47.044+0000][200537.410s][info][gc,heap     ] GC(7743) Humongous regions: 49->49
[2025-01-09T04:07:47.044+0000][200537.410s][info][gc,metaspace] GC(7743) Metaspace: 524753K(534272K)->524753K(534272K) NonClass: 460822K(465536K)->460822K(465536K) Class: 63931K(68736K)->63931K(68736K)
[2025-01-09T04:07:47.044+0000][200537.410s][info][gc          ] GC(7743) Pause Young (Concurrent Start) (G1 Evacuation Pause) 9564M->2273M(12288M) 36.203ms
[2025-01-09T04:07:47.044+0000][200537.410s][info][gc,cpu      ] GC(7743) User=0.20s Sys=0.00s Real=0.04s
[2025-01-09T04:07:47.044+0000][200537.410s][info][gc          ] GC(7744) Concurrent Mark Cycle
[2025-01-09T04:07:47.044+0000][200537.410s][info][gc,marking  ] GC(7744) Concurrent Clear Claimed Marks
[2025-01-09T04:07:47.045+0000][200537.411s][info][gc,marking  ] GC(7744) Concurrent Clear Claimed Marks 0.936ms
[2025-01-09T04:07:47.045+0000][200537.411s][info][gc,marking  ] GC(7744) Concurrent Scan Root Regions
[2025-01-09T04:07:47.071+0000][200537.438s][info][gc,marking  ] GC(7744) Concurrent Scan Root Regions 26.312ms
[2025-01-09T04:07:47.071+0000][200537.438s][info][gc,marking  ] GC(7744) Concurrent Mark
[2025-01-09T04:07:47.072+0000][200537.438s][info][gc,marking  ] GC(7744) Concurrent Mark From Roots
[2025-01-09T04:07:47.072+0000][200537.438s][info][gc,task     ] GC(7744) Using 2 workers of 2 for marking
[2025-01-09T04:07:47.894+0000][200538.260s][info][gc,marking  ] GC(7744) Concurrent Mark From Roots 821.998ms
[2025-01-09T04:07:47.894+0000][200538.260s][info][gc,marking  ] GC(7744) Concurrent Preclean
[2025-01-09T04:07:47.897+0000][200538.263s][info][gc,marking  ] GC(7744) Concurrent Preclean 3.201ms
[2025-01-09T04:07:47.897+0000][200538.263s][info][gc,start    ] GC(7744) Pause Remark
[2025-01-09T04:07:47.923+0000][200538.289s][info][gc          ] GC(7744) Pause Remark 3061M->3061M(12288M) 25.708ms
[2025-01-09T04:07:47.923+0000][200538.289s][info][gc,cpu      ] GC(7744) User=0.14s Sys=0.01s Real=0.03s
[2025-01-09T04:07:47.923+0000][200538.289s][info][gc,marking  ] GC(7744) Concurrent Mark 851.301ms
[2025-01-09T04:07:47.923+0000][200538.289s][info][gc,marking  ] GC(7744) Concurrent Rebuild Remembered Sets
[2025-01-09T04:07:48.548+0000][200538.914s][info][gc,marking  ] GC(7744) Concurrent Rebuild Remembered Sets 624.760ms
[2025-01-09T04:07:48.548+0000][200538.914s][info][gc,start    ] GC(7744) Pause Cleanup
[2025-01-09T04:07:48.548+0000][200538.914s][info][gc          ] GC(7744) Pause Cleanup 3673M->3673M(12288M) 0.398ms
[2025-01-09T04:07:48.548+0000][200538.914s][info][gc,cpu      ] GC(7744) User=0.00s Sys=0.00s Real=0.00s
[2025-01-09T04:07:48.548+0000][200538.914s][info][gc,marking  ] GC(7744) Concurrent Cleanup for Next Mark
[2025-01-09T04:07:48.564+0000][200538.930s][info][gc,marking  ] GC(7744) Concurrent Cleanup for Next Mark 15.435ms
[2025-01-09T04:07:48.564+0000][200538.930s][info][gc          ] GC(7744) Concurrent Mark Cycle 1519.509ms
[2025-01-09T04:07:53.125+0000][200543.491s][info][gc,start    ] GC(7745) Pause Young (Prepare Mixed) (G1 Evacuation Pause)
[2025-01-09T04:07:53.125+0000][200543.492s][info][gc,task     ] GC(7745) Using 6 workers of 6 for evacuation
[2025-01-09T04:07:53.165+0000][200543.531s][info][gc,phases   ] GC(7745)   Pre Evacuate Collection Set: 0.2ms
[2025-01-09T04:07:53.165+0000][200543.532s][info][gc,phases   ] GC(7745)   Merge Heap Roots: 0.7ms
[2025-01-09T04:07:53.165+0000][200543.532s][info][gc,phases   ] GC(7745)   Evacuate Collection Set: 34.9ms
[2025-01-09T04:07:53.165+0000][200543.532s][info][gc,phases   ] GC(7745)   Post Evacuate Collection Set: 3.9ms
[2025-01-09T04:07:53.165+0000][200543.532s][info][gc,phases   ] GC(7745)   Other: 0.2ms
[2025-01-09T04:07:53.165+0000][200543.532s][info][gc,heap     ] GC(7745) Eden regions: 911->0(65)
[2025-01-09T04:07:53.165+0000][200543.532s][info][gc,heap     ] GC(7745) Survivor regions: 10->11(116)
[2025-01-09T04:07:53.165+0000][200543.532s][info][gc,heap     ] GC(7745) Old regions: 225->225
[2025-01-09T04:07:53.165+0000][200543.532s][info][gc,heap     ] GC(7745) Archive regions: 2->2
[2025-01-09T04:07:53.166+0000][200543.532s][info][gc,heap     ] GC(7745) Humongous regions: 49->49
[2025-01-09T04:07:53.166+0000][200543.532s][info][gc,metaspace] GC(7745) Metaspace: 524753K(534272K)->524753K(534272K) NonClass: 460822K(465536K)->460822K(465536K) Class: 63931K(68736K)->63931K(68736K)
[2025-01-09T04:07:53.166+0000][200543.532s][info][gc          ] GC(7745) Pause Young (Prepare Mixed) (G1 Evacuation Pause) 9561M->2286M(12288M) 40.144ms
[2025-01-09T04:07:53.166+0000][200543.532s][info][gc,cpu      ] GC(7745) User=0.23s Sys=0.00s Real=0.04s
[2025-01-09T04:07:53.417+0000][200543.783s][info][gc,start    ] GC(7746) Pause Young (Mixed) (G1 Evacuation Pause)
[2025-01-09T04:07:53.417+0000][200543.783s][info][gc,task     ] GC(7746) Using 6 workers of 6 for evacuation
[2025-01-09T04:07:53.491+0000][200543.857s][info][gc,phases   ] GC(7746)   Pre Evacuate Collection Set: 0.2ms
[2025-01-09T04:07:53.491+0000][200543.857s][info][gc,phases   ] GC(7746)   Merge Heap Roots: 0.8ms
[2025-01-09T04:07:53.491+0000][200543.857s][info][gc,phases   ] GC(7746)   Evacuate Collection Set: 70.4ms
[2025-01-09T04:07:53.491+0000][200543.857s][info][gc,phases   ] GC(7746)   Post Evacuate Collection Set: 1.8ms
[2025-01-09T04:07:53.491+0000][200543.857s][info][gc,phases   ] GC(7746)   Other: 0.2ms
[2025-01-09T04:07:53.491+0000][200543.857s][info][gc,heap     ] GC(7746) Eden regions: 65->0(916)
[2025-01-09T04:07:53.491+0000][200543.857s][info][gc,heap     ] GC(7746) Survivor regions: 11->5(10)
[2025-01-09T04:07:53.491+0000][200543.857s][info][gc,heap     ] GC(7746) Old regions: 225->227
[2025-01-09T04:07:53.491+0000][200543.857s][info][gc,heap     ] GC(7746) Archive regions: 2->2
[2025-01-09T04:07:53.491+0000][200543.857s][info][gc,heap     ] GC(7746) Humongous regions: 49->49
[2025-01-09T04:07:53.491+0000][200543.857s][info][gc,metaspace] GC(7746) Metaspace: 524753K(534272K)->524753K(534272K) NonClass: 460822K(465536K)->460822K(465536K) Class: 63931K(68736K)->63931K(68736K)
[2025-01-09T04:07:53.491+0000][200543.857s][info][gc          ] GC(7746) Pause Young (Mixed) (G1 Evacuation Pause) 2806M->2247M(12288M) 73.450ms
[2025-01-09T04:07:53.491+0000][200543.857s][info][gc,cpu      ] GC(7746) User=0.43s Sys=0.01s Real=0.08s
[2025-01-09T04:07:57.272+0000][200547.638s][info][gc,start    ] GC(7747) Pause Young (Normal) (G1 Evacuation Pause)
[2025-01-09T04:07:57.272+0000][200547.638s][info][gc,task     ] GC(7747) Using 6 workers of 6 for evacuation
[2025-01-09T04:07:57.292+0000][200547.658s][info][gc,phases   ] GC(7747)   Pre Evacuate Collection Set: 0.2ms
[2025-01-09T04:07:57.292+0000][200547.658s][info][gc,phases   ] GC(7747)   Merge Heap Roots: 0.4ms
[2025-01-09T04:07:57.292+0000][200547.658s][info][gc,phases   ] GC(7747)   Evacuate Collection Set: 16.8ms
[2025-01-09T04:07:57.292+0000][200547.658s][info][gc,phases   ] GC(7747)   Post Evacuate Collection Set: 2.4ms
[2025-01-09T04:07:57.292+0000][200547.658s][info][gc,phases   ] GC(7747)   Other: 0.2ms
[2025-01-09T04:07:57.292+0000][200547.658s][info][gc,heap     ] GC(7747) Eden regions: 916->0(916)
[2025-01-09T04:07:57.292+0000][200547.658s][info][gc,heap     ] GC(7747) Survivor regions: 5->5(116)
[2025-01-09T04:07:57.292+0000][200547.658s][info][gc,heap     ] GC(7747) Old regions: 227->227
[2025-01-09T04:07:57.292+0000][200547.658s][info][gc,heap     ] GC(7747) Archive regions: 2->2
[2025-01-09T04:07:57.292+0000][200547.658s][info][gc,heap     ] GC(7747) Humongous regions: 49->49
[2025-01-09T04:07:57.292+0000][200547.658s][info][gc,metaspace] GC(7747) Metaspace: 524756K(534272K)->524756K(534272K) NonClass: 460824K(465536K)->460824K(465536K) Class: 63932K(68736K)->63932K(68736K)
[2025-01-09T04:07:57.292+0000][200547.658s][info][gc          ] GC(7747) Pause Young (Normal) (G1 Evacuation Pause) 9575M->2247M(12288M) 20.091ms
[2025-01-09T04:07:57.292+0000][200547.658s][info][gc,cpu      ] GC(7747) User=0.12s Sys=0.00s Real=0.02s
[2025-01-09T04:08:05.787+0000][200556.153s][info][gc,start    ] GC(7748) Pause Young (Normal) (G1 Evacuation Pause)
[2025-01-09T04:08:05.787+0000][200556.153s][info][gc,task     ] GC(7748) Using 6 workers of 6 for evacuation
[2025-01-09T04:08:05.812+0000][200556.178s][info][gc,phases   ] GC(7748)   Pre Evacuate Collection Set: 0.2ms
[2025-01-09T04:08:05.812+0000][200556.178s][info][gc,phases   ] GC(7748)   Merge Heap Roots: 0.4ms
[2025-01-09T04:08:05.812+0000][200556.178s][info][gc,phases   ] GC(7748)   Evacuate Collection Set: 20.5ms
[2025-01-09T04:08:05.812+0000][200556.178s][info][gc,phases   ] GC(7748)   Post Evacuate Collection Set: 4.0ms
[2025-01-09T04:08:05.812+0000][200556.178s][info][gc,phases   ] GC(7748)   Other: 0.2ms
[2025-01-09T04:08:05.812+0000][200556.178s][info][gc,heap     ] GC(7748) Eden regions: 916->0(915)
[2025-01-09T04:08:05.812+0000][200556.178s][info][gc,heap     ] GC(7748) Survivor regions: 5->6(116)
[2025-01-09T04:08:05.812+0000][200556.178s][info][gc,heap     ] GC(7748) Old regions: 227->227
[2025-01-09T04:08:05.812+0000][200556.178s][info][gc,heap     ] GC(7748) Archive regions: 2->2
[2025-01-09T04:08:05.812+0000][200556.178s][info][gc,heap     ] GC(7748) Humongous regions: 49->49
[2025-01-09T04:08:05.812+0000][200556.178s][info][gc,metaspace] GC(7748) Metaspace: 524756K(534272K)->524756K(534272K) NonClass: 460824K(465536K)->460824K(465536K) Class: 63932K(68736K)->63932K(68736K)
[2025-01-09T04:08:05.812+0000][200556.178s][info][gc          ] GC(7748) Pause Young (Normal) (G1 Evacuation Pause) 9575M->2260M(12288M) 25.482ms
[2025-01-09T04:08:05.812+0000][200556.178s][info][gc,cpu      ] GC(7748) User=0.15s Sys=0.00s Real=0.03s
[2025-01-09T04:08:15.388+0000][200565.754s][info][gc,start    ] GC(7749) Pause Young (Concurrent Start) (G1 Evacuation Pause)
[2025-01-09T04:08:15.388+0000][200565.754s][info][gc,task     ] GC(7749) Using 6 workers of 6 for evacuation
[2025-01-09T04:08:15.419+0000][200565.786s][info][gc,phases   ] GC(7749)   Pre Evacuate Collection Set: 1.2ms
[2025-01-09T04:08:15.419+0000][200565.786s][info][gc,phases   ] GC(7749)   Merge Heap Roots: 0.4ms
[2025-01-09T04:08:15.419+0000][200565.786s][info][gc,phases   ] GC(7749)   Evacuate Collection Set: 26.6ms
[2025-01-09T04:08:15.419+0000][200565.786s][info][gc,phases   ] GC(7749)   Post Evacuate Collection Set: 2.7ms
[2025-01-09T04:08:15.419+0000][200565.786s][info][gc,phases   ] GC(7749)   Other: 0.3ms
[2025-01-09T04:08:15.419+0000][200565.786s][info][gc,heap     ] GC(7749) Eden regions: 915->0(914)
[2025-01-09T04:08:15.419+0000][200565.786s][info][gc,heap     ] GC(7749) Survivor regions: 6->7(116)
[2025-01-09T04:08:15.419+0000][200565.786s][info][gc,heap     ] GC(7749) Old regions: 227->227
[2025-01-09T04:08:15.419+0000][200565.786s][info][gc,heap     ] GC(7749) Archive regions: 2->2
[2025-01-09T04:08:15.419+0000][200565.786s][info][gc,heap     ] GC(7749) Humongous regions: 49->49
[2025-01-09T04:08:15.419+0000][200565.786s][info][gc,metaspace] GC(7749) Metaspace: 524756K(534272K)->524756K(534272K) NonClass: 460824K(465536K)->460824K(465536K) Class: 63932K(68736K)->63932K(68736K)
[2025-01-09T04:08:15.420+0000][200565.786s][info][gc          ] GC(7749) Pause Young (Concurrent Start) (G1 Evacuation Pause) 9580M->2268M(12288M) 31.252ms
[2025-01-09T04:08:15.420+0000][200565.786s][info][gc,cpu      ] GC(7749) User=0.17s Sys=0.00s Real=0.03s
[2025-01-09T04:08:15.420+0000][200565.786s][info][gc          ] GC(7750) Concurrent Mark Cycle
[2025-01-09T04:08:15.420+0000][200565.786s][info][gc,marking  ] GC(7750) Concurrent Clear Claimed Marks
[2025-01-09T04:08:15.421+0000][200565.787s][info][gc,marking  ] GC(7750) Concurrent Clear Claimed Marks 0.932ms
[2025-01-09T04:08:15.421+0000][200565.787s][info][gc,marking  ] GC(7750) Concurrent Scan Root Regions
[2025-01-09T04:08:15.441+0000][200565.807s][info][gc,marking  ] GC(7750) Concurrent Scan Root Regions 20.490ms
[2025-01-09T04:08:15.441+0000][200565.807s][info][gc,marking  ] GC(7750) Concurrent Mark
[2025-01-09T04:08:15.441+0000][200565.807s][info][gc,marking  ] GC(7750) Concurrent Mark From Roots
[2025-01-09T04:08:15.441+0000][200565.807s][info][gc,task     ] GC(7750) Using 2 workers of 2 for marking
[2025-01-09T04:08:16.247+0000][200566.614s][info][gc,marking  ] GC(7750) Concurrent Mark From Roots 806.324ms
[2025-01-09T04:08:16.247+0000][200566.614s][info][gc,marking  ] GC(7750) Concurrent Preclean
[2025-01-09T04:08:16.250+0000][200566.616s][info][gc,marking  ] GC(7750) Concurrent Preclean 2.871ms
[2025-01-09T04:08:16.250+0000][200566.617s][info][gc,start    ] GC(7750) Pause Remark
[2025-01-09T04:08:16.276+0000][200566.642s][info][gc          ] GC(7750) Pause Remark 3128M->3128M(12288M) 25.417ms
[2025-01-09T04:08:16.276+0000][200566.642s][info][gc,cpu      ] GC(7750) User=0.14s Sys=0.01s Real=0.02s
[2025-01-09T04:08:16.276+0000][200566.642s][info][gc,marking  ] GC(7750) Concurrent Mark 834.951ms
[2025-01-09T04:08:16.276+0000][200566.642s][info][gc,marking  ] GC(7750) Concurrent Rebuild Remembered Sets
[2025-01-09T04:08:16.782+0000][200567.148s][info][gc,marking  ] GC(7750) Concurrent Rebuild Remembered Sets 505.609ms
[2025-01-09T04:08:16.782+0000][200567.148s][info][gc,start    ] GC(7750) Pause Cleanup
[2025-01-09T04:08:16.782+0000][200567.148s][info][gc          ] GC(7750) Pause Cleanup 3528M->3528M(12288M) 0.403ms
[2025-01-09T04:08:16.782+0000][200567.148s][info][gc,cpu      ] GC(7750) User=0.00s Sys=0.00s Real=0.00s
[2025-01-09T04:08:16.782+0000][200567.148s][info][gc,marking  ] GC(7750) Concurrent Cleanup for Next Mark
[2025-01-09T04:08:16.798+0000][200567.164s][info][gc,marking  ] GC(7750) Concurrent Cleanup for Next Mark 15.958ms
[2025-01-09T04:08:16.798+0000][200567.164s][info][gc          ] GC(7750) Concurrent Mark Cycle 1378.775ms
[2025-01-09T04:08:25.250+0000][200575.616s][info][gc,start    ] GC(7751) Pause Young (Prepare Mixed) (G1 Evacuation Pause)
[2025-01-09T04:08:25.250+0000][200575.616s][info][gc,task     ] GC(7751) Using 6 workers of 6 for evacuation
[2025-01-09T04:08:25.286+0000][200575.652s][info][gc,phases   ] GC(7751)   Pre Evacuate Collection Set: 0.2ms
[2025-01-09T04:08:25.286+0000][200575.652s][info][gc,phases   ] GC(7751)   Merge Heap Roots: 0.7ms
[2025-01-09T04:08:25.286+0000][200575.652s][info][gc,phases   ] GC(7751)   Evacuate Collection Set: 32.5ms
[2025-01-09T04:08:25.286+0000][200575.652s][info][gc,phases   ] GC(7751)   Post Evacuate Collection Set: 2.6ms
[2025-01-09T04:08:25.286+0000][200575.652s][info][gc,phases   ] GC(7751)   Other: 0.2ms
[2025-01-09T04:08:25.286+0000][200575.652s][info][gc,heap     ] GC(7751) Eden regions: 914->0(67)
[2025-01-09T04:08:25.286+0000][200575.652s][info][gc,heap     ] GC(7751) Survivor regions: 7->9(116)
[2025-01-09T04:08:25.286+0000][200575.652s][info][gc,heap     ] GC(7751) Old regions: 227->227
[2025-01-09T04:08:25.286+0000][200575.652s][info][gc,heap     ] GC(7751) Archive regions: 2->2
[2025-01-09T04:08:25.286+0000][200575.652s][info][gc,heap     ] GC(7751) Humongous regions: 49->49
[2025-01-09T04:08:25.286+0000][200575.652s][info][gc,metaspace] GC(7751) Metaspace: 524756K(534272K)->524756K(534272K) NonClass: 460824K(465536K)->460824K(465536K) Class: 63932K(68736K)->63932K(68736K)
[2025-01-09T04:08:25.286+0000][200575.652s][info][gc          ] GC(7751) Pause Young (Prepare Mixed) (G1 Evacuation Pause) 9580M->2282M(12288M) 36.274ms
[2025-01-09T04:08:25.286+0000][200575.652s][info][gc,cpu      ] GC(7751) User=0.21s Sys=0.00s Real=0.03s
[2025-01-09T04:08:25.800+0000][200576.166s][info][gc,start    ] GC(7752) Pause Young (Mixed) (G1 Evacuation Pause)
[2025-01-09T04:08:25.800+0000][200576.166s][info][gc,task     ] GC(7752) Using 6 workers of 6 for evacuation
[2025-01-09T04:08:25.868+0000][200576.234s][info][gc,phases   ] GC(7752)   Pre Evacuate Collection Set: 0.2ms
[2025-01-09T04:08:25.868+0000][200576.234s][info][gc,phases   ] GC(7752)   Merge Heap Roots: 0.6ms
[2025-01-09T04:08:25.868+0000][200576.234s][info][gc,phases   ] GC(7752)   Evacuate Collection Set: 64.8ms
[2025-01-09T04:08:25.868+0000][200576.234s][info][gc,phases   ] GC(7752)   Post Evacuate Collection Set: 1.7ms
[2025-01-09T04:08:25.868+0000][200576.234s][info][gc,phases   ] GC(7752)   Other: 0.2ms
[2025-01-09T04:08:25.868+0000][200576.234s][info][gc,heap     ] GC(7752) Eden regions: 67->0(915)
[2025-01-09T04:08:25.868+0000][200576.234s][info][gc,heap     ] GC(7752) Survivor regions: 9->6(10)
[2025-01-09T04:08:25.868+0000][200576.234s][info][gc,heap     ] GC(7752) Old regions: 227->226
[2025-01-09T04:08:25.868+0000][200576.234s][info][gc,heap     ] GC(7752) Archive regions: 2->2
[2025-01-09T04:08:25.868+0000][200576.234s][info][gc,heap     ] GC(7752) Humongous regions: 49->49
[2025-01-09T04:08:25.868+0000][200576.234s][info][gc,metaspace] GC(7752) Metaspace: 524756K(534272K)->524756K(534272K) NonClass: 460824K(465536K)->460824K(465536K) Class: 63932K(68736K)->63932K(68736K)
[2025-01-09T04:08:25.868+0000][200576.234s][info][gc          ] GC(7752) Pause Young (Mixed) (G1 Evacuation Pause) 2818M->2254M(12288M) 67.667ms
[2025-01-09T04:08:25.868+0000][200576.234s][info][gc,cpu      ] GC(7752) User=0.40s Sys=0.00s Real=0.07s
[2025-01-09T04:08:30.008+0000][200580.374s][info][gc,start    ] GC(7753) Pause Young (Normal) (G1 Evacuation Pause)
[2025-01-09T04:08:30.008+0000][200580.374s][info][gc,task     ] GC(7753) Using 6 workers of 6 for evacuation
[2025-01-09T04:08:30.033+0000][200580.400s][info][gc,phases   ] GC(7753)   Pre Evacuate Collection Set: 0.2ms
[2025-01-09T04:08:30.033+0000][200580.400s][info][gc,phases   ] GC(7753)   Merge Heap Roots: 0.4ms
[2025-01-09T04:08:30.033+0000][200580.400s][info][gc,phases   ] GC(7753)   Evacuate Collection Set: 21.9ms
[2025-01-09T04:08:30.033+0000][200580.400s][info][gc,phases   ] GC(7753)   Post Evacuate Collection Set: 2.5ms
[2025-01-09T04:08:30.033+0000][200580.400s][info][gc,phases   ] GC(7753)   Other: 0.2ms
[2025-01-09T04:08:30.034+0000][200580.400s][info][gc,heap     ] GC(7753) Eden regions: 915->0(914)
[2025-01-09T04:08:30.034+0000][200580.400s][info][gc,heap     ] GC(7753) Survivor regions: 6->7(116)
[2025-01-09T04:08:30.034+0000][200580.400s][info][gc,heap     ] GC(7753) Old regions: 226->226
[2025-01-09T04:08:30.034+0000][200580.400s][info][gc,heap     ] GC(7753) Archive regions: 2->2
[2025-01-09T04:08:30.034+0000][200580.400s][info][gc,heap     ] GC(7753) Humongous regions: 49->49
[2025-01-09T04:08:30.034+0000][200580.400s][info][gc,metaspace] GC(7753) Metaspace: 524756K(534272K)->524756K(534272K) NonClass: 460824K(465536K)->460824K(465536K) Class: 63932K(68736K)->63932K(68736K)
[2025-01-09T04:08:30.034+0000][200580.400s][info][gc          ] GC(7753) Pause Young (Normal) (G1 Evacuation Pause) 9574M->2255M(12288M) 25.248ms
[2025-01-09T04:08:30.034+0000][200580.400s][info][gc,cpu      ] GC(7753) User=0.15s Sys=0.00s Real=0.03s
[2025-01-09T04:08:38.703+0000][200589.069s][info][gc,start    ] GC(7754) Pause Young (Normal) (G1 Evacuation Pause)
[2025-01-09T04:08:38.703+0000][200589.069s][info][gc,task     ] GC(7754) Using 6 workers of 6 for evacuation
[2025-01-09T04:08:38.733+0000][200589.099s][info][gc,phases   ] GC(7754)   Pre Evacuate Collection Set: 0.2ms
[2025-01-09T04:08:38.733+0000][200589.099s][info][gc,phases   ] GC(7754)   Merge Heap Roots: 0.4ms
[2025-01-09T04:08:38.733+0000][200589.099s][info][gc,phases   ] GC(7754)   Evacuate Collection Set: 25.8ms
[2025-01-09T04:08:38.733+0000][200589.099s][info][gc,phases   ] GC(7754)   Post Evacuate Collection Set: 2.7ms
[2025-01-09T04:08:38.733+0000][200589.099s][info][gc,phases   ] GC(7754)   Other: 0.2ms
[2025-01-09T04:08:38.733+0000][200589.099s][info][gc,heap     ] GC(7754) Eden regions: 914->0(914)
[2025-01-09T04:08:38.733+0000][200589.099s][info][gc,heap     ] GC(7754) Survivor regions: 7->7(116)
[2025-01-09T04:08:38.733+0000][200589.099s][info][gc,heap     ] GC(7754) Old regions: 226->226
[2025-01-09T04:08:38.733+0000][200589.099s][info][gc,heap     ] GC(7754) Archive regions: 2->2
[2025-01-09T04:08:38.733+0000][200589.099s][info][gc,heap     ] GC(7754) Humongous regions: 49->49
[2025-01-09T04:08:38.733+0000][200589.099s][info][gc,metaspace] GC(7754) Metaspace: 524756K(534272K)->524756K(534272K) NonClass: 460824K(465536K)->460824K(465536K) Class: 63932K(68736K)->63932K(68736K)
[2025-01-09T04:08:38.733+0000][200589.099s][info][gc          ] GC(7754) Pause Young (Normal) (G1 Evacuation Pause) 9567M->2262M(12288M) 29.453ms
[2025-01-09T04:08:38.733+0000][200589.099s][info][gc,cpu      ] GC(7754) User=0.17s Sys=0.00s Real=0.03s
[2025-01-09T04:08:47.693+0000][200598.059s][info][gc,start    ] GC(7755) Pause Young (Concurrent Start) (G1 Evacuation Pause)
[2025-01-09T04:08:47.693+0000][200598.059s][info][gc,task     ] GC(7755) Using 6 workers of 6 for evacuation
[2025-01-09T04:08:47.730+0000][200598.096s][info][gc,phases   ] GC(7755)   Pre Evacuate Collection Set: 1.1ms
[2025-01-09T04:08:47.730+0000][200598.096s][info][gc,phases   ] GC(7755)   Merge Heap Roots: 0.5ms
[2025-01-09T04:08:47.730+0000][200598.096s][info][gc,phases   ] GC(7755)   Evacuate Collection Set: 29.4ms
[2025-01-09T04:08:47.730+0000][200598.096s][info][gc,phases   ] GC(7755)   Post Evacuate Collection Set: 5.3ms
[2025-01-09T04:08:47.730+0000][200598.096s][info][gc,phases   ] GC(7755)   Other: 0.3ms
[2025-01-09T04:08:47.730+0000][200598.096s][info][gc,heap     ] GC(7755) Eden regions: 914->0(911)
[2025-01-09T04:08:47.730+0000][200598.096s][info][gc,heap     ] GC(7755) Survivor regions: 7->10(116)
[2025-01-09T04:08:47.730+0000][200598.096s][info][gc,heap     ] GC(7755) Old regions: 226->226
[2025-01-09T04:08:47.730+0000][200598.096s][info][gc,heap     ] GC(7755) Archive regions: 2->2
[2025-01-09T04:08:47.730+0000][200598.096s][info][gc,heap     ] GC(7755) Humongous regions: 49->49
[2025-01-09T04:08:47.730+0000][200598.096s][info][gc,metaspace] GC(7755) Metaspace: 524756K(534272K)->524756K(534272K) NonClass: 460824K(465536K)->460824K(465536K) Class: 63932K(68736K)->63932K(68736K)
[2025-01-09T04:08:47.730+0000][200598.096s][info][gc          ] GC(7755) Pause Young (Concurrent Start) (G1 Evacuation Pause) 9574M->2283M(12288M) 36.747ms
[2025-01-09T04:08:47.730+0000][200598.096s][info][gc,cpu      ] GC(7755) User=0.21s Sys=0.00s Real=0.04s
[2025-01-09T04:08:47.730+0000][200598.096s][info][gc          ] GC(7756) Concurrent Mark Cycle
[2025-01-09T04:08:47.730+0000][200598.096s][info][gc,marking  ] GC(7756) Concurrent Clear Claimed Marks
[2025-01-09T04:08:47.731+0000][200598.097s][info][gc,marking  ] GC(7756) Concurrent Clear Claimed Marks 1.065ms
[2025-01-09T04:08:47.731+0000][200598.097s][info][gc,marking  ] GC(7756) Concurrent Scan Root Regions
[2025-01-09T04:08:47.762+0000][200598.128s][info][gc,marking  ] GC(7756) Concurrent Scan Root Regions 30.922ms
[2025-01-09T04:08:47.762+0000][200598.128s][info][gc,marking  ] GC(7756) Concurrent Mark
[2025-01-09T04:08:47.762+0000][200598.128s][info][gc,marking  ] GC(7756) Concurrent Mark From Roots
[2025-01-09T04:08:47.762+0000][200598.128s][info][gc,task     ] GC(7756) Using 2 workers of 2 for marking
[2025-01-09T04:08:48.684+0000][200599.050s][info][gc,marking  ] GC(7756) Concurrent Mark From Roots 921.687ms
[2025-01-09T04:08:48.684+0000][200599.050s][info][gc,marking  ] GC(7756) Concurrent Preclean
[2025-01-09T04:08:48.686+0000][200599.053s][info][gc,marking  ] GC(7756) Concurrent Preclean 2.775ms
[2025-01-09T04:08:48.687+0000][200599.053s][info][gc,start    ] GC(7756) Pause Remark
[2025-01-09T04:08:48.714+0000][200599.080s][info][gc          ] GC(7756) Pause Remark 3119M->3119M(12288M) 27.822ms
[2025-01-09T04:08:48.714+0000][200599.081s][info][gc,cpu      ] GC(7756) User=0.16s Sys=0.00s Real=0.03s
[2025-01-09T04:08:48.715+0000][200599.081s][info][gc,marking  ] GC(7756) Concurrent Mark 952.600ms
[2025-01-09T04:08:48.715+0000][200599.081s][info][gc,marking  ] GC(7756) Concurrent Rebuild Remembered Sets
[2025-01-09T04:08:49.233+0000][200599.600s][info][gc,marking  ] GC(7756) Concurrent Rebuild Remembered Sets 518.846ms
[2025-01-09T04:08:49.234+0000][200599.600s][info][gc,start    ] GC(7756) Pause Cleanup
[2025-01-09T04:08:49.234+0000][200599.600s][info][gc          ] GC(7756) Pause Cleanup 3603M->3603M(12288M) 0.372ms
[2025-01-09T04:08:49.234+0000][200599.600s][info][gc,cpu      ] GC(7756) User=0.00s Sys=0.00s Real=0.00s
[2025-01-09T04:08:49.234+0000][200599.600s][info][gc,marking  ] GC(7756) Concurrent Cleanup for Next Mark
[2025-01-09T04:08:49.249+0000][200599.616s][info][gc,marking  ] GC(7756) Concurrent Cleanup for Next Mark 15.467ms
[2025-01-09T04:08:49.250+0000][200599.616s][info][gc          ] GC(7756) Concurrent Mark Cycle 1519.665ms
[2025-01-09T04:08:54.496+0000][200604.862s][info][gc,start    ] GC(7757) Pause Young (Prepare Mixed) (G1 Evacuation Pause)
[2025-01-09T04:08:54.496+0000][200604.862s][info][gc,task     ] GC(7757) Using 6 workers of 6 for evacuation
[2025-01-09T04:08:54.536+0000][200604.902s][info][gc,phases   ] GC(7757)   Pre Evacuate Collection Set: 0.2ms
[2025-01-09T04:08:54.536+0000][200604.902s][info][gc,phases   ] GC(7757)   Merge Heap Roots: 0.7ms
[2025-01-09T04:08:54.536+0000][200604.902s][info][gc,phases   ] GC(7757)   Evacuate Collection Set: 36.2ms
[2025-01-09T04:08:54.536+0000][200604.902s][info][gc,phases   ] GC(7757)   Post Evacuate Collection Set: 2.8ms
[2025-01-09T04:08:54.536+0000][200604.902s][info][gc,phases   ] GC(7757)   Other: 0.2ms
[2025-01-09T04:08:54.536+0000][200604.902s][info][gc,heap     ] GC(7757) Eden regions: 911->0(66)
[2025-01-09T04:08:54.536+0000][200604.902s][info][gc,heap     ] GC(7757) Survivor regions: 10->10(116)
[2025-01-09T04:08:54.536+0000][200604.902s][info][gc,heap     ] GC(7757) Old regions: 226->226
[2025-01-09T04:08:54.536+0000][200604.902s][info][gc,heap     ] GC(7757) Archive regions: 2->2
[2025-01-09T04:08:54.536+0000][200604.902s][info][gc,heap     ] GC(7757) Humongous regions: 49->49
[2025-01-09T04:08:54.536+0000][200604.902s][info][gc,metaspace] GC(7757) Metaspace: 524756K(534272K)->524756K(534272K) NonClass: 460824K(465536K)->460824K(465536K) Class: 63932K(68736K)->63932K(68736K)
[2025-01-09T04:08:54.536+0000][200604.902s][info][gc          ] GC(7757) Pause Young (Prepare Mixed) (G1 Evacuation Pause) 9571M->2282M(12288M) 40.153ms
[2025-01-09T04:08:54.536+0000][200604.902s][info][gc,cpu      ] GC(7757) User=0.24s Sys=0.00s Real=0.04s
[2025-01-09T04:08:55.211+0000][200605.577s][info][gc,start    ] GC(7758) Pause Young (Mixed) (G1 Evacuation Pause)
[2025-01-09T04:08:55.211+0000][200605.577s][info][gc,task     ] GC(7758) Using 6 workers of 6 for evacuation
[2025-01-09T04:08:55.290+0000][200605.656s][info][gc,phases   ] GC(7758)   Pre Evacuate Collection Set: 0.2ms
[2025-01-09T04:08:55.290+0000][200605.656s][info][gc,phases   ] GC(7758)   Merge Heap Roots: 0.8ms
[2025-01-09T04:08:55.290+0000][200605.656s][info][gc,phases   ] GC(7758)   Evacuate Collection Set: 75.2ms
[2025-01-09T04:08:55.290+0000][200605.656s][info][gc,phases   ] GC(7758)   Post Evacuate Collection Set: 2.2ms
[2025-01-09T04:08:55.290+0000][200605.656s][info][gc,phases   ] GC(7758)   Other: 0.2ms
[2025-01-09T04:08:55.290+0000][200605.656s][info][gc,heap     ] GC(7758) Eden regions: 66->0(916)
[2025-01-09T04:08:55.290+0000][200605.656s][info][gc,heap     ] GC(7758) Survivor regions: 10->5(10)
[2025-01-09T04:08:55.290+0000][200605.656s][info][gc,heap     ] GC(7758) Old regions: 226->228
[2025-01-09T04:08:55.290+0000][200605.656s][info][gc,heap     ] GC(7758) Archive regions: 2->2
[2025-01-09T04:08:55.290+0000][200605.656s][info][gc,heap     ] GC(7758) Humongous regions: 49->49
[2025-01-09T04:08:55.290+0000][200605.656s][info][gc,metaspace] GC(7758) Metaspace: 524756K(534272K)->524756K(534272K) NonClass: 460824K(465536K)->460824K(465536K) Class: 63932K(68736K)->63932K(68736K)
[2025-01-09T04:08:55.290+0000][200605.656s][info][gc          ] GC(7758) Pause Young (Mixed) (G1 Evacuation Pause) 2810M->2254M(12288M) 78.673ms
[2025-01-09T04:08:55.290+0000][200605.656s][info][gc,cpu      ] GC(7758) User=0.45s Sys=0.00s Real=0.08s
[2025-01-09T04:09:01.637+0000][200612.003s][info][gc,start    ] GC(7759) Pause Young (Normal) (G1 Evacuation Pause)
[2025-01-09T04:09:01.637+0000][200612.003s][info][gc,task     ] GC(7759) Using 6 workers of 6 for evacuation
[2025-01-09T04:09:01.662+0000][200612.028s][info][gc,phases   ] GC(7759)   Pre Evacuate Collection Set: 0.2ms
[2025-01-09T04:09:01.662+0000][200612.028s][info][gc,phases   ] GC(7759)   Merge Heap Roots: 0.4ms
[2025-01-09T04:09:01.662+0000][200612.028s][info][gc,phases   ] GC(7759)   Evacuate Collection Set: 20.1ms
[2025-01-09T04:09:01.662+0000][200612.028s][info][gc,phases   ] GC(7759)   Post Evacuate Collection Set: 3.9ms
[2025-01-09T04:09:01.662+0000][200612.028s][info][gc,phases   ] GC(7759)   Other: 0.2ms
[2025-01-09T04:09:01.662+0000][200612.028s][info][gc,heap     ] GC(7759) Eden regions: 916->0(915)
[2025-01-09T04:09:01.662+0000][200612.028s][info][gc,heap     ] GC(7759) Survivor regions: 5->6(116)
[2025-01-09T04:09:01.662+0000][200612.028s][info][gc,heap     ] GC(7759) Old regions: 228->228
[2025-01-09T04:09:01.662+0000][200612.028s][info][gc,heap     ] GC(7759) Archive regions: 2->2
[2025-01-09T04:09:01.662+0000][200612.028s][info][gc,heap     ] GC(7759) Humongous regions: 49->49
[2025-01-09T04:09:01.662+0000][200612.028s][info][gc,metaspace] GC(7759) Metaspace: 524756K(534272K)->524756K(534272K) NonClass: 460824K(465536K)->460824K(465536K) Class: 63932K(68736K)->63932K(68736K)
[2025-01-09T04:09:01.662+0000][200612.028s][info][gc          ] GC(7759) Pause Young (Normal) (G1 Evacuation Pause) 9582M->2268M(12288M) 24.972ms
[2025-01-09T04:09:01.662+0000][200612.028s][info][gc,cpu      ] GC(7759) User=0.14s Sys=0.01s Real=0.03s
[2025-01-09T04:09:06.545+0000][200616.911s][info][gc,start    ] GC(7760) Pause Young (Normal) (G1 Evacuation Pause)
[2025-01-09T04:09:06.545+0000][200616.911s][info][gc,task     ] GC(7760) Using 6 workers of 6 for evacuation
[2025-01-09T04:09:06.569+0000][200616.935s][info][gc,phases   ] GC(7760)   Pre Evacuate Collection Set: 0.2ms
[2025-01-09T04:09:06.569+0000][200616.935s][info][gc,phases   ] GC(7760)   Merge Heap Roots: 0.4ms
[2025-01-09T04:09:06.569+0000][200616.935s][info][gc,phases   ] GC(7760)   Evacuate Collection Set: 20.8ms
[2025-01-09T04:09:06.569+0000][200616.935s][info][gc,phases   ] GC(7760)   Post Evacuate Collection Set: 2.5ms
[2025-01-09T04:09:06.569+0000][200616.935s][info][gc,phases   ] GC(7760)   Other: 0.2ms
[2025-01-09T04:09:06.569+0000][200616.935s][info][gc,heap     ] GC(7760) Eden regions: 915->0(915)
[2025-01-09T04:09:06.569+0000][200616.935s][info][gc,heap     ] GC(7760) Survivor regions: 6->6(116)
[2025-01-09T04:09:06.569+0000][200616.935s][info][gc,heap     ] GC(7760) Old regions: 228->228
[2025-01-09T04:09:06.569+0000][200616.935s][info][gc,heap     ] GC(7760) Archive regions: 2->2
[2025-01-09T04:09:06.569+0000][200616.935s][info][gc,heap     ] GC(7760) Humongous regions: 49->49
[2025-01-09T04:09:06.569+0000][200616.935s][info][gc,metaspace] GC(7760) Metaspace: 524756K(534272K)->524756K(534272K) NonClass: 460824K(465536K)->460824K(465536K) Class: 63932K(68736K)->63932K(68736K)
[2025-01-09T04:09:06.569+0000][200616.935s][info][gc          ] GC(7760) Pause Young (Normal) (G1 Evacuation Pause) 9588M->2266M(12288M) 24.186ms
[2025-01-09T04:09:06.569+0000][200616.935s][info][gc,cpu      ] GC(7760) User=0.14s Sys=0.00s Real=0.02s
[2025-01-09T04:09:11.604+0000][200621.971s][info][gc,start    ] GC(7761) Pause Young (Concurrent Start) (G1 Evacuation Pause)
[2025-01-09T04:09:11.604+0000][200621.971s][info][gc,task     ] GC(7761) Using 6 workers of 6 for evacuation
[2025-01-09T04:09:11.632+0000][200621.998s][info][gc,phases   ] GC(7761)   Pre Evacuate Collection Set: 1.2ms
[2025-01-09T04:09:11.632+0000][200621.998s][info][gc,phases   ] GC(7761)   Merge Heap Roots: 0.4ms
[2025-01-09T04:09:11.632+0000][200621.998s][info][gc,phases   ] GC(7761)   Evacuate Collection Set: 23.1ms
[2025-01-09T04:09:11.632+0000][200621.998s][info][gc,phases   ] GC(7761)   Post Evacuate Collection Set: 2.5ms
[2025-01-09T04:09:11.632+0000][200621.998s][info][gc,phases   ] GC(7761)   Other: 0.3ms
[2025-01-09T04:09:11.632+0000][200621.998s][info][gc,heap     ] GC(7761) Eden regions: 915->0(914)
[2025-01-09T04:09:11.632+0000][200621.998s][info][gc,heap     ] GC(7761) Survivor regions: 6->7(116)
[2025-01-09T04:09:11.632+0000][200621.998s][info][gc,heap     ] GC(7761) Old regions: 228->228
[2025-01-09T04:09:11.632+0000][200621.998s][info][gc,heap     ] GC(7761) Archive regions: 2->2
[2025-01-09T04:09:11.632+0000][200621.998s][info][gc,heap     ] GC(7761) Humongous regions: 49->49
[2025-01-09T04:09:11.632+0000][200621.998s][info][gc,metaspace] GC(7761) Metaspace: 524756K(534272K)->524756K(534272K) NonClass: 460824K(465536K)->460824K(465536K) Class: 63932K(68736K)->63932K(68736K)
[2025-01-09T04:09:11.632+0000][200621.998s][info][gc          ] GC(7761) Pause Young (Concurrent Start) (G1 Evacuation Pause) 9586M->2275M(12288M) 27.555ms
[2025-01-09T04:09:11.632+0000][200621.998s][info][gc,cpu      ] GC(7761) User=0.15s Sys=0.00s Real=0.03s
[2025-01-09T04:09:11.632+0000][200621.998s][info][gc          ] GC(7762) Concurrent Mark Cycle
[2025-01-09T04:09:11.632+0000][200621.998s][info][gc,marking  ] GC(7762) Concurrent Clear Claimed Marks
[2025-01-09T04:09:11.633+0000][200621.999s][info][gc,marking  ] GC(7762) Concurrent Clear Claimed Marks 0.871ms
[2025-01-09T04:09:11.633+0000][200621.999s][info][gc,marking  ] GC(7762) Concurrent Scan Root Regions
[2025-01-09T04:09:11.655+0000][200622.021s][info][gc,marking  ] GC(7762) Concurrent Scan Root Regions 22.159ms
[2025-01-09T04:09:11.655+0000][200622.021s][info][gc,marking  ] GC(7762) Concurrent Mark
[2025-01-09T04:09:11.655+0000][200622.021s][info][gc,marking  ] GC(7762) Concurrent Mark From Roots
[2025-01-09T04:09:11.655+0000][200622.021s][info][gc,task     ] GC(7762) Using 2 workers of 2 for marking
[2025-01-09T04:09:12.708+0000][200623.074s][info][gc,marking  ] GC(7762) Concurrent Mark From Roots 1052.995ms
[2025-01-09T04:09:12.708+0000][200623.074s][info][gc,marking  ] GC(7762) Concurrent Preclean
[2025-01-09T04:09:12.711+0000][200623.077s][info][gc,marking  ] GC(7762) Concurrent Preclean 2.920ms
[2025-01-09T04:09:12.711+0000][200623.077s][info][gc,start    ] GC(7762) Pause Remark
[2025-01-09T04:09:12.737+0000][200623.103s][info][gc          ] GC(7762) Pause Remark 4015M->4015M(12288M) 25.688ms
[2025-01-09T04:09:12.737+0000][200623.103s][info][gc,cpu      ] GC(7762) User=0.14s Sys=0.00s Real=0.02s
[2025-01-09T04:09:12.737+0000][200623.103s][info][gc,marking  ] GC(7762) Concurrent Mark 1082.154ms
[2025-01-09T04:09:12.737+0000][200623.103s][info][gc,marking  ] GC(7762) Concurrent Rebuild Remembered Sets
[2025-01-09T04:09:13.264+0000][200623.630s][info][gc,marking  ] GC(7762) Concurrent Rebuild Remembered Sets 526.801ms
[2025-01-09T04:09:13.264+0000][200623.630s][info][gc,start    ] GC(7762) Pause Cleanup
[2025-01-09T04:09:13.265+0000][200623.631s][info][gc          ] GC(7762) Pause Cleanup 4635M->4635M(12288M) 0.382ms
[2025-01-09T04:09:13.265+0000][200623.631s][info][gc,cpu      ] GC(7762) User=0.00s Sys=0.00s Real=0.00s
[2025-01-09T04:09:13.265+0000][200623.631s][info][gc,marking  ] GC(7762) Concurrent Cleanup for Next Mark
[2025-01-09T04:09:13.280+0000][200623.646s][info][gc,marking  ] GC(7762) Concurrent Cleanup for Next Mark 15.440ms
[2025-01-09T04:09:13.280+0000][200623.646s][info][gc          ] GC(7762) Concurrent Mark Cycle 1648.194ms
[2025-01-09T04:09:17.069+0000][200627.435s][info][gc,start    ] GC(7763) Pause Young (Prepare Mixed) (G1 Evacuation Pause)
[2025-01-09T04:09:17.069+0000][200627.436s][info][gc,task     ] GC(7763) Using 6 workers of 6 for evacuation
[2025-01-09T04:09:17.101+0000][200627.467s][info][gc,phases   ] GC(7763)   Pre Evacuate Collection Set: 0.2ms
[2025-01-09T04:09:17.101+0000][200627.467s][info][gc,phases   ] GC(7763)   Merge Heap Roots: 0.7ms
[2025-01-09T04:09:17.101+0000][200627.467s][info][gc,phases   ] GC(7763)   Evacuate Collection Set: 27.9ms
[2025-01-09T04:09:17.101+0000][200627.467s][info][gc,phases   ] GC(7763)   Post Evacuate Collection Set: 2.6ms
[2025-01-09T04:09:17.101+0000][200627.467s][info][gc,phases   ] GC(7763)   Other: 0.2ms
[2025-01-09T04:09:17.101+0000][200627.467s][info][gc,heap     ] GC(7763) Eden regions: 914->0(68)
[2025-01-09T04:09:17.101+0000][200627.467s][info][gc,heap     ] GC(7763) Survivor regions: 7->8(116)
[2025-01-09T04:09:17.101+0000][200627.467s][info][gc,heap     ] GC(7763) Old regions: 228->228
[2025-01-09T04:09:17.101+0000][200627.467s][info][gc,heap     ] GC(7763) Archive regions: 2->2
[2025-01-09T04:09:17.101+0000][200627.467s][info][gc,heap     ] GC(7763) Humongous regions: 49->49
[2025-01-09T04:09:17.101+0000][200627.467s][info][gc,metaspace] GC(7763) Metaspace: 524756K(534272K)->524756K(534272K) NonClass: 460824K(465536K)->460824K(465536K) Class: 63932K(68736K)->63932K(68736K)
[2025-01-09T04:09:17.101+0000][200627.467s][info][gc          ] GC(7763) Pause Young (Prepare Mixed) (G1 Evacuation Pause) 9587M->2283M(12288M) 31.653ms
[2025-01-09T04:09:17.101+0000][200627.467s][info][gc,cpu      ] GC(7763) User=0.18s Sys=0.00s Real=0.03s
[2025-01-09T04:09:17.596+0000][200627.963s][info][gc,start    ] GC(7764) Pause Young (Mixed) (G1 Evacuation Pause)
[2025-01-09T04:09:17.596+0000][200627.963s][info][gc,task     ] GC(7764) Using 6 workers of 6 for evacuation
[2025-01-09T04:09:17.641+0000][200628.007s][info][gc,phases   ] GC(7764)   Pre Evacuate Collection Set: 0.2ms
[2025-01-09T04:09:17.641+0000][200628.007s][info][gc,phases   ] GC(7764)   Merge Heap Roots: 0.5ms
[2025-01-09T04:09:17.641+0000][200628.007s][info][gc,phases   ] GC(7764)   Evacuate Collection Set: 42.2ms
[2025-01-09T04:09:17.641+0000][200628.007s][info][gc,phases   ] GC(7764)   Post Evacuate Collection Set: 1.6ms
[2025-01-09T04:09:17.641+0000][200628.007s][info][gc,phases   ] GC(7764)   Other: 0.2ms
[2025-01-09T04:09:17.641+0000][200628.007s][info][gc,heap     ] GC(7764) Eden regions: 68->0(915)
[2025-01-09T04:09:17.641+0000][200628.007s][info][gc,heap     ] GC(7764) Survivor regions: 8->6(10)
[2025-01-09T04:09:17.641+0000][200628.007s][info][gc,heap     ] GC(7764) Old regions: 228->225
[2025-01-09T04:09:17.641+0000][200628.007s][info][gc,heap     ] GC(7764) Archive regions: 2->2
[2025-01-09T04:09:17.641+0000][200628.007s][info][gc,heap     ] GC(7764) Humongous regions: 49->49
[2025-01-09T04:09:17.641+0000][200628.007s][info][gc,metaspace] GC(7764) Metaspace: 524756K(534272K)->524756K(534272K) NonClass: 460824K(465536K)->460824K(465536K) Class: 63932K(68736K)->63932K(68736K)
[2025-01-09T04:09:17.641+0000][200628.007s][info][gc          ] GC(7764) Pause Young (Mixed) (G1 Evacuation Pause) 2827M->2239M(12288M) 44.693ms
[2025-01-09T04:09:17.641+0000][200628.007s][info][gc,cpu      ] GC(7764) User=0.25s Sys=0.00s Real=0.04s
[2025-01-09T04:09:24.827+0000][200635.193s][info][gc,start    ] GC(7765) Pause Young (Normal) (G1 Evacuation Pause)
[2025-01-09T04:09:24.827+0000][200635.193s][info][gc,task     ] GC(7765) Using 6 workers of 6 for evacuation
[2025-01-09T04:09:24.854+0000][200635.220s][info][gc,phases   ] GC(7765)   Pre Evacuate Collection Set: 0.2ms
[2025-01-09T04:09:24.854+0000][200635.220s][info][gc,phases   ] GC(7765)   Merge Heap Roots: 0.5ms
[2025-01-09T04:09:24.854+0000][200635.220s][info][gc,phases   ] GC(7765)   Evacuate Collection Set: 23.9ms
[2025-01-09T04:09:24.854+0000][200635.220s][info][gc,phases   ] GC(7765)   Post Evacuate Collection Set: 2.5ms
[2025-01-09T04:09:24.854+0000][200635.220s][info][gc,phases   ] GC(7765)   Other: 0.2ms
[2025-01-09T04:09:24.854+0000][200635.220s][info][gc,heap     ] GC(7765) Eden regions: 915->0(914)
[2025-01-09T04:09:24.854+0000][200635.220s][info][gc,heap     ] GC(7765) Survivor regions: 6->7(116)
[2025-01-09T04:09:24.854+0000][200635.220s][info][gc,heap     ] GC(7765) Old regions: 225->225
[2025-01-09T04:09:24.854+0000][200635.220s][info][gc,heap     ] GC(7765) Archive regions: 2->2
[2025-01-09T04:09:24.854+0000][200635.220s][info][gc,heap     ] GC(7765) Humongous regions: 49->49
[2025-01-09T04:09:24.854+0000][200635.220s][info][gc,metaspace] GC(7765) Metaspace: 524756K(534272K)->524756K(534272K) NonClass: 460824K(465536K)->460824K(465536K) Class: 63932K(68736K)->63932K(68736K)
[2025-01-09T04:09:24.854+0000][200635.220s][info][gc          ] GC(7765) Pause Young (Normal) (G1 Evacuation Pause) 9559M->2249M(12288M) 27.368ms
[2025-01-09T04:09:24.854+0000][200635.220s][info][gc,cpu      ] GC(7765) User=0.16s Sys=0.00s Real=0.03s
[2025-01-09T04:09:32.640+0000][200643.006s][info][gc,start    ] GC(7766) Pause Young (Normal) (G1 Evacuation Pause)
[2025-01-09T04:09:32.640+0000][200643.006s][info][gc,task     ] GC(7766) Using 6 workers of 6 for evacuation
[2025-01-09T04:09:32.674+0000][200643.041s][info][gc,phases   ] GC(7766)   Pre Evacuate Collection Set: 0.3ms
[2025-01-09T04:09:32.674+0000][200643.041s][info][gc,phases   ] GC(7766)   Merge Heap Roots: 0.5ms
[2025-01-09T04:09:32.674+0000][200643.041s][info][gc,phases   ] GC(7766)   Evacuate Collection Set: 30.9ms
[2025-01-09T04:09:32.675+0000][200643.041s][info][gc,phases   ] GC(7766)   Post Evacuate Collection Set: 2.8ms
[2025-01-09T04:09:32.675+0000][200643.041s][info][gc,phases   ] GC(7766)   Other: 0.3ms
[2025-01-09T04:09:32.675+0000][200643.041s][info][gc,heap     ] GC(7766) Eden regions: 914->0(912)
[2025-01-09T04:09:32.675+0000][200643.041s][info][gc,heap     ] GC(7766) Survivor regions: 7->9(116)
[2025-01-09T04:09:32.675+0000][200643.041s][info][gc,heap     ] GC(7766) Old regions: 225->225
[2025-01-09T04:09:32.675+0000][200643.041s][info][gc,heap     ] GC(7766) Archive regions: 2->2
[2025-01-09T04:09:32.675+0000][200643.041s][info][gc,heap     ] GC(7766) Humongous regions: 49->49
[2025-01-09T04:09:32.675+0000][200643.041s][info][gc,metaspace] GC(7766) Metaspace: 524756K(534272K)->524756K(534272K) NonClass: 460824K(465536K)->460824K(465536K) Class: 63932K(68736K)->63932K(68736K)
[2025-01-09T04:09:32.675+0000][200643.041s][info][gc          ] GC(7766) Pause Young (Normal) (G1 Evacuation Pause) 9561M->2260M(12288M) 34.833ms
[2025-01-09T04:09:32.675+0000][200643.041s][info][gc,cpu      ] GC(7766) User=0.20s Sys=0.00s Real=0.04s
[2025-01-09T04:09:39.036+0000][200649.402s][info][gc,start    ] GC(7767) Pause Young (Concurrent Start) (G1 Evacuation Pause)
[2025-01-09T04:09:39.036+0000][200649.402s][info][gc,task     ] GC(7767) Using 6 workers of 6 for evacuation
[2025-01-09T04:09:39.075+0000][200649.441s][info][gc,phases   ] GC(7767)   Pre Evacuate Collection Set: 1.1ms
[2025-01-09T04:09:39.075+0000][200649.441s][info][gc,phases   ] GC(7767)   Merge Heap Roots: 0.5ms
[2025-01-09T04:09:39.075+0000][200649.441s][info][gc,phases   ] GC(7767)   Evacuate Collection Set: 32.7ms
[2025-01-09T04:09:39.075+0000][200649.441s][info][gc,phases   ] GC(7767)   Post Evacuate Collection Set: 4.0ms
[2025-01-09T04:09:39.075+0000][200649.441s][info][gc,phases   ] GC(7767)   Other: 0.3ms
[2025-01-09T04:09:39.075+0000][200649.441s][info][gc,heap     ] GC(7767) Eden regions: 912->0(910)
[2025-01-09T04:09:39.075+0000][200649.441s][info][gc,heap     ] GC(7767) Survivor regions: 9->11(116)
[2025-01-09T04:09:39.075+0000][200649.441s][info][gc,heap     ] GC(7767) Old regions: 225->225
[2025-01-09T04:09:39.075+0000][200649.441s][info][gc,heap     ] GC(7767) Archive regions: 2->2
[2025-01-09T04:09:39.075+0000][200649.441s][info][gc,heap     ] GC(7767) Humongous regions: 49->49
[2025-01-09T04:09:39.075+0000][200649.441s][info][gc,metaspace] GC(7767) Metaspace: 524756K(534272K)->524756K(534272K) NonClass: 460824K(465536K)->460824K(465536K) Class: 63932K(68736K)->63932K(68736K)
[2025-01-09T04:09:39.075+0000][200649.441s][info][gc          ] GC(7767) Pause Young (Concurrent Start) (G1 Evacuation Pause) 9556M->2281M(12288M) 38.620ms
[2025-01-09T04:09:39.075+0000][200649.441s][info][gc,cpu      ] GC(7767) User=0.21s Sys=0.01s Real=0.04s
[2025-01-09T04:09:39.075+0000][200649.441s][info][gc          ] GC(7768) Concurrent Mark Cycle
[2025-01-09T04:09:39.075+0000][200649.441s][info][gc,marking  ] GC(7768) Concurrent Clear Claimed Marks
[2025-01-09T04:09:39.076+0000][200649.442s][info][gc,marking  ] GC(7768) Concurrent Clear Claimed Marks 0.929ms
[2025-01-09T04:09:39.076+0000][200649.442s][info][gc,marking  ] GC(7768) Concurrent Scan Root Regions
[2025-01-09T04:09:39.109+0000][200649.475s][info][gc,marking  ] GC(7768) Concurrent Scan Root Regions 33.336ms
[2025-01-09T04:09:39.109+0000][200649.475s][info][gc,marking  ] GC(7768) Concurrent Mark
[2025-01-09T04:09:39.109+0000][200649.475s][info][gc,marking  ] GC(7768) Concurrent Mark From Roots
[2025-01-09T04:09:39.109+0000][200649.475s][info][gc,task     ] GC(7768) Using 2 workers of 2 for marking
[2025-01-09T04:09:39.916+0000][200650.282s][info][gc,marking  ] GC(7768) Concurrent Mark From Roots 806.922ms
[2025-01-09T04:09:39.916+0000][200650.282s][info][gc,marking  ] GC(7768) Concurrent Preclean
[2025-01-09T04:09:39.920+0000][200650.286s][info][gc,marking  ] GC(7768) Concurrent Preclean 3.797ms
[2025-01-09T04:09:39.920+0000][200650.286s][info][gc,start    ] GC(7768) Pause Remark
[2025-01-09T04:09:39.946+0000][200650.312s][info][gc          ] GC(7768) Pause Remark 3057M->3057M(12288M) 25.709ms
[2025-01-09T04:09:39.946+0000][200650.312s][info][gc,cpu      ] GC(7768) User=0.15s Sys=0.00s Real=0.03s
[2025-01-09T04:09:39.946+0000][200650.312s][info][gc,marking  ] GC(7768) Concurrent Mark 836.793ms
[2025-01-09T04:09:39.946+0000][200650.312s][info][gc,marking  ] GC(7768) Concurrent Rebuild Remembered Sets
[2025-01-09T04:09:40.456+0000][200650.822s][info][gc,marking  ] GC(7768) Concurrent Rebuild Remembered Sets 509.801ms
[2025-01-09T04:09:40.456+0000][200650.822s][info][gc,start    ] GC(7768) Pause Cleanup
[2025-01-09T04:09:40.456+0000][200650.822s][info][gc          ] GC(7768) Pause Cleanup 3337M->3337M(12288M) 0.375ms
[2025-01-09T04:09:40.456+0000][200650.822s][info][gc,cpu      ] GC(7768) User=0.00s Sys=0.00s Real=0.00s
[2025-01-09T04:09:40.456+0000][200650.822s][info][gc,marking  ] GC(7768) Concurrent Cleanup for Next Mark
[2025-01-09T04:09:40.472+0000][200650.838s][info][gc,marking  ] GC(7768) Concurrent Cleanup for Next Mark 15.683ms
[2025-01-09T04:09:40.472+0000][200650.838s][info][gc          ] GC(7768) Concurrent Mark Cycle 1397.279ms
[2025-01-09T04:09:47.188+0000][200657.554s][info][gc,start    ] GC(7769) Pause Young (Prepare Mixed) (G1 Evacuation Pause)
[2025-01-09T04:09:47.188+0000][200657.554s][info][gc,task     ] GC(7769) Using 6 workers of 6 for evacuation
[2025-01-09T04:09:47.231+0000][200657.597s][info][gc,phases   ] GC(7769)   Pre Evacuate Collection Set: 0.2ms
[2025-01-09T04:09:47.231+0000][200657.598s][info][gc,phases   ] GC(7769)   Merge Heap Roots: 0.7ms
[2025-01-09T04:09:47.231+0000][200657.598s][info][gc,phases   ] GC(7769)   Evacuate Collection Set: 38.0ms
[2025-01-09T04:09:47.231+0000][200657.598s][info][gc,phases   ] GC(7769)   Post Evacuate Collection Set: 4.2ms
[2025-01-09T04:09:47.231+0000][200657.598s][info][gc,phases   ] GC(7769)   Other: 0.2ms
[2025-01-09T04:09:47.231+0000][200657.598s][info][gc,heap     ] GC(7769) Eden regions: 910->0(64)
[2025-01-09T04:09:47.231+0000][200657.598s][info][gc,heap     ] GC(7769) Survivor regions: 11->12(116)
[2025-01-09T04:09:47.231+0000][200657.598s][info][gc,heap     ] GC(7769) Old regions: 225->225
[2025-01-09T04:09:47.231+0000][200657.598s][info][gc,heap     ] GC(7769) Archive regions: 2->2
[2025-01-09T04:09:47.231+0000][200657.598s][info][gc,heap     ] GC(7769) Humongous regions: 49->49
[2025-01-09T04:09:47.231+0000][200657.598s][info][gc,metaspace] GC(7769) Metaspace: 524756K(534272K)->524756K(534272K) NonClass: 460824K(465536K)->460824K(465536K) Class: 63932K(68736K)->63932K(68736K)
[2025-01-09T04:09:47.231+0000][200657.598s][info][gc          ] GC(7769) Pause Young (Prepare Mixed) (G1 Evacuation Pause) 9561M->2289M(12288M) 43.394ms
[2025-01-09T04:09:47.232+0000][200657.598s][info][gc,cpu      ] GC(7769) User=0.26s Sys=0.00s Real=0.05s
[2025-01-09T04:09:47.787+0000][200658.153s][info][gc,start    ] GC(7770) Pause Young (Mixed) (G1 Evacuation Pause)
[2025-01-09T04:09:47.787+0000][200658.153s][info][gc,task     ] GC(7770) Using 6 workers of 6 for evacuation
[2025-01-09T04:09:47.843+0000][200658.209s][info][gc,phases   ] GC(7770)   Pre Evacuate Collection Set: 0.2ms
[2025-01-09T04:09:47.843+0000][200658.209s][info][gc,phases   ] GC(7770)   Merge Heap Roots: 0.6ms
[2025-01-09T04:09:47.843+0000][200658.209s][info][gc,phases   ] GC(7770)   Evacuate Collection Set: 54.0ms
[2025-01-09T04:09:47.843+0000][200658.209s][info][gc,phases   ] GC(7770)   Post Evacuate Collection Set: 1.7ms
[2025-01-09T04:09:47.843+0000][200658.209s][info][gc,phases   ] GC(7770)   Other: 0.2ms
[2025-01-09T04:09:47.843+0000][200658.209s][info][gc,heap     ] GC(7770) Eden regions: 64->0(916)
[2025-01-09T04:09:47.843+0000][200658.209s][info][gc,heap     ] GC(7770) Survivor regions: 12->5(10)
[2025-01-09T04:09:47.843+0000][200658.209s][info][gc,heap     ] GC(7770) Old regions: 225->227
[2025-01-09T04:09:47.843+0000][200658.209s][info][gc,heap     ] GC(7770) Archive regions: 2->2
[2025-01-09T04:09:47.843+0000][200658.209s][info][gc,heap     ] GC(7770) Humongous regions: 49->49
[2025-01-09T04:09:47.843+0000][200658.209s][info][gc,metaspace] GC(7770) Metaspace: 524756K(534272K)->524756K(534272K) NonClass: 460824K(465536K)->460824K(465536K) Class: 63932K(68736K)->63932K(68736K)
[2025-01-09T04:09:47.843+0000][200658.209s][info][gc          ] GC(7770) Pause Young (Mixed) (G1 Evacuation Pause) 2801M->2252M(12288M) 56.704ms
[2025-01-09T04:09:47.843+0000][200658.209s][info][gc,cpu      ] GC(7770) User=0.33s Sys=0.00s Real=0.06s
[2025-01-09T04:09:54.055+0000][200664.421s][info][gc,start    ] GC(7771) Pause Young (Normal) (G1 Evacuation Pause)
[2025-01-09T04:09:54.055+0000][200664.421s][info][gc,task     ] GC(7771) Using 6 workers of 6 for evacuation
[2025-01-09T04:09:54.082+0000][200664.448s][info][gc,phases   ] GC(7771)   Pre Evacuate Collection Set: 0.2ms
[2025-01-09T04:09:54.082+0000][200664.449s][info][gc,phases   ] GC(7771)   Merge Heap Roots: 0.4ms
[2025-01-09T04:09:54.082+0000][200664.449s][info][gc,phases   ] GC(7771)   Evacuate Collection Set: 24.4ms
[2025-01-09T04:09:54.082+0000][200664.449s][info][gc,phases   ] GC(7771)   Post Evacuate Collection Set: 2.5ms
[2025-01-09T04:09:54.082+0000][200664.449s][info][gc,phases   ] GC(7771)   Other: 0.2ms
[2025-01-09T04:09:54.082+0000][200664.449s][info][gc,heap     ] GC(7771) Eden regions: 916->0(914)
[2025-01-09T04:09:54.082+0000][200664.449s][info][gc,heap     ] GC(7771) Survivor regions: 5->7(116)
[2025-01-09T04:09:54.082+0000][200664.449s][info][gc,heap     ] GC(7771) Old regions: 227->227
[2025-01-09T04:09:54.082+0000][200664.449s][info][gc,heap     ] GC(7771) Archive regions: 2->2
[2025-01-09T04:09:54.082+0000][200664.449s][info][gc,heap     ] GC(7771) Humongous regions: 49->49
[2025-01-09T04:09:54.082+0000][200664.449s][info][gc,metaspace] GC(7771) Metaspace: 524756K(534272K)->524756K(534272K) NonClass: 460824K(465536K)->460824K(465536K) Class: 63932K(68736K)->63932K(68736K)
[2025-01-09T04:09:54.082+0000][200664.449s][info][gc          ] GC(7771) Pause Young (Normal) (G1 Evacuation Pause) 9580M->2265M(12288M) 27.810ms
[2025-01-09T04:09:54.083+0000][200664.449s][info][gc,cpu      ] GC(7771) User=0.16s Sys=0.00s Real=0.03s
[2025-01-09T04:10:02.209+0000][200672.576s][info][gc,start    ] GC(7772) Pause Young (Normal) (G1 Evacuation Pause)
[2025-01-09T04:10:02.210+0000][200672.576s][info][gc,task     ] GC(7772) Using 6 workers of 6 for evacuation
[2025-01-09T04:10:02.245+0000][200672.611s][info][gc,phases   ] GC(7772)   Pre Evacuate Collection Set: 0.2ms
[2025-01-09T04:10:02.245+0000][200672.611s][info][gc,phases   ] GC(7772)   Merge Heap Roots: 0.5ms
[2025-01-09T04:10:02.245+0000][200672.611s][info][gc,phases   ] GC(7772)   Evacuate Collection Set: 30.3ms
[2025-01-09T04:10:02.245+0000][200672.611s][info][gc,phases   ] GC(7772)   Post Evacuate Collection Set: 4.3ms
[2025-01-09T04:10:02.245+0000][200672.611s][info][gc,phases   ] GC(7772)   Other: 0.2ms
[2025-01-09T04:10:02.245+0000][200672.611s][info][gc,heap     ] GC(7772) Eden regions: 914->0(912)
[2025-01-09T04:10:02.245+0000][200672.611s][info][gc,heap     ] GC(7772) Survivor regions: 7->9(116)
[2025-01-09T04:10:02.245+0000][200672.611s][info][gc,heap     ] GC(7772) Old regions: 227->227
[2025-01-09T04:10:02.245+0000][200672.611s][info][gc,heap     ] GC(7772) Archive regions: 2->2
[2025-01-09T04:10:02.245+0000][200672.611s][info][gc,heap     ] GC(7772) Humongous regions: 49->49
[2025-01-09T04:10:02.245+0000][200672.611s][info][gc,metaspace] GC(7772) Metaspace: 524756K(534272K)->524756K(534272K) NonClass: 460824K(465536K)->460824K(465536K) Class: 63932K(68736K)->63932K(68736K)
[2025-01-09T04:10:02.245+0000][200672.611s][info][gc          ] GC(7772) Pause Young (Normal) (G1 Evacuation Pause) 9577M->2278M(12288M) 35.607ms
[2025-01-09T04:10:02.245+0000][200672.611s][info][gc,cpu      ] GC(7772) User=0.21s Sys=0.00s Real=0.03s
[2025-01-09T04:10:11.584+0000][200681.950s][info][gc,start    ] GC(7773) Pause Young (Concurrent Start) (G1 Evacuation Pause)
[2025-01-09T04:10:11.584+0000][200681.950s][info][gc,task     ] GC(7773) Using 6 workers of 6 for evacuation
[2025-01-09T04:10:11.618+0000][200681.984s][info][gc,phases   ] GC(7773)   Pre Evacuate Collection Set: 1.1ms
[2025-01-09T04:10:11.618+0000][200681.984s][info][gc,phases   ] GC(7773)   Merge Heap Roots: 0.5ms
[2025-01-09T04:10:11.618+0000][200681.984s][info][gc,phases   ] GC(7773)   Evacuate Collection Set: 29.2ms
[2025-01-09T04:10:11.618+0000][200681.984s][info][gc,phases   ] GC(7773)   Post Evacuate Collection Set: 2.7ms
[2025-01-09T04:10:11.618+0000][200681.984s][info][gc,phases   ] GC(7773)   Other: 0.3ms
[2025-01-09T04:10:11.618+0000][200681.984s][info][gc,heap     ] GC(7773) Eden regions: 912->0(912)
[2025-01-09T04:10:11.618+0000][200681.984s][info][gc,heap     ] GC(7773) Survivor regions: 9->9(116)
[2025-01-09T04:10:11.618+0000][200681.984s][info][gc,heap     ] GC(7773) Old regions: 227->227
[2025-01-09T04:10:11.618+0000][200681.984s][info][gc,heap     ] GC(7773) Archive regions: 2->2
[2025-01-09T04:10:11.618+0000][200681.984s][info][gc,heap     ] GC(7773) Humongous regions: 49->49
[2025-01-09T04:10:11.618+0000][200681.984s][info][gc,metaspace] GC(7773) Metaspace: 524756K(534272K)->524756K(534272K) NonClass: 460824K(465536K)->460824K(465536K) Class: 63932K(68736K)->63932K(68736K)
[2025-01-09T04:10:11.618+0000][200681.984s][info][gc          ] GC(7773) Pause Young (Concurrent Start) (G1 Evacuation Pause) 9574M->2278M(12288M) 33.856ms
[2025-01-09T04:10:11.618+0000][200681.984s][info][gc,cpu      ] GC(7773) User=0.20s Sys=0.00s Real=0.03s
[2025-01-09T04:10:11.618+0000][200681.984s][info][gc          ] GC(7774) Concurrent Mark Cycle
[2025-01-09T04:10:11.618+0000][200681.984s][info][gc,marking  ] GC(7774) Concurrent Clear Claimed Marks
[2025-01-09T04:10:11.619+0000][200681.985s][info][gc,marking  ] GC(7774) Concurrent Clear Claimed Marks 0.979ms
[2025-01-09T04:10:11.619+0000][200681.985s][info][gc,marking  ] GC(7774) Concurrent Scan Root Regions
[2025-01-09T04:10:11.641+0000][200682.007s][info][gc,marking  ] GC(7774) Concurrent Scan Root Regions 22.176ms
[2025-01-09T04:10:11.641+0000][200682.007s][info][gc,marking  ] GC(7774) Concurrent Mark
[2025-01-09T04:10:11.641+0000][200682.007s][info][gc,marking  ] GC(7774) Concurrent Mark From Roots
[2025-01-09T04:10:11.641+0000][200682.007s][info][gc,task     ] GC(7774) Using 2 workers of 2 for marking
[2025-01-09T04:10:12.698+0000][200683.064s][info][gc,marking  ] GC(7774) Concurrent Mark From Roots 1056.877ms
[2025-01-09T04:10:12.698+0000][200683.064s][info][gc,marking  ] GC(7774) Concurrent Preclean
[2025-01-09T04:10:12.701+0000][200683.067s][info][gc,marking  ] GC(7774) Concurrent Preclean 2.793ms
[2025-01-09T04:10:12.701+0000][200683.067s][info][gc,start    ] GC(7774) Pause Remark
[2025-01-09T04:10:12.726+0000][200683.092s][info][gc          ] GC(7774) Pause Remark 3698M->3698M(12288M) 25.369ms
[2025-01-09T04:10:12.726+0000][200683.092s][info][gc,cpu      ] GC(7774) User=0.14s Sys=0.00s Real=0.03s
[2025-01-09T04:10:12.726+0000][200683.093s][info][gc,marking  ] GC(7774) Concurrent Mark 1085.427ms
[2025-01-09T04:10:12.726+0000][200683.093s][info][gc,marking  ] GC(7774) Concurrent Rebuild Remembered Sets
[2025-01-09T04:10:13.220+0000][200683.586s][info][gc,marking  ] GC(7774) Concurrent Rebuild Remembered Sets 493.153ms
[2025-01-09T04:10:13.220+0000][200683.586s][info][gc,start    ] GC(7774) Pause Cleanup
[2025-01-09T04:10:13.220+0000][200683.586s][info][gc          ] GC(7774) Pause Cleanup 4098M->4098M(12288M) 0.384ms
[2025-01-09T04:10:13.220+0000][200683.586s][info][gc,cpu      ] GC(7774) User=0.00s Sys=0.00s Real=0.00s
[2025-01-09T04:10:13.220+0000][200683.586s][info][gc,marking  ] GC(7774) Concurrent Cleanup for Next Mark
[2025-01-09T04:10:13.248+0000][200683.614s][info][gc,marking  ] GC(7774) Concurrent Cleanup for Next Mark 27.979ms
[2025-01-09T04:10:13.248+0000][200683.614s][info][gc          ] GC(7774) Concurrent Mark Cycle 1630.465ms
[2025-01-09T04:10:18.125+0000][200688.491s][info][gc,start    ] GC(7775) Pause Young (Prepare Mixed) (G1 Evacuation Pause)
[2025-01-09T04:10:18.125+0000][200688.491s][info][gc,task     ] GC(7775) Using 6 workers of 6 for evacuation
[2025-01-09T04:10:18.162+0000][200688.528s][info][gc,phases   ] GC(7775)   Pre Evacuate Collection Set: 0.2ms
[2025-01-09T04:10:18.162+0000][200688.528s][info][gc,phases   ] GC(7775)   Merge Heap Roots: 0.7ms
[2025-01-09T04:10:18.162+0000][200688.528s][info][gc,phases   ] GC(7775)   Evacuate Collection Set: 32.4ms
[2025-01-09T04:10:18.162+0000][200688.528s][info][gc,phases   ] GC(7775)   Post Evacuate Collection Set: 2.8ms
[2025-01-09T04:10:18.162+0000][200688.528s][info][gc,phases   ] GC(7775)   Other: 0.4ms
[2025-01-09T04:10:18.162+0000][200688.528s][info][gc,heap     ] GC(7775) Eden regions: 912->0(66)
[2025-01-09T04:10:18.162+0000][200688.528s][info][gc,heap     ] GC(7775) Survivor regions: 9->10(116)
[2025-01-09T04:10:18.162+0000][200688.528s][info][gc,heap     ] GC(7775) Old regions: 227->227
[2025-01-09T04:10:18.162+0000][200688.528s][info][gc,heap     ] GC(7775) Archive regions: 2->2
[2025-01-09T04:10:18.162+0000][200688.528s][info][gc,heap     ] GC(7775) Humongous regions: 49->49
[2025-01-09T04:10:18.162+0000][200688.528s][info][gc,metaspace] GC(7775) Metaspace: 524756K(534272K)->524756K(534272K) NonClass: 460824K(465536K)->460824K(465536K) Class: 63932K(68736K)->63932K(68736K)
[2025-01-09T04:10:18.162+0000][200688.528s][info][gc          ] GC(7775) Pause Young (Prepare Mixed) (G1 Evacuation Pause) 9574M->2288M(12288M) 36.551ms
[2025-01-09T04:10:18.162+0000][200688.528s][info][gc,cpu      ] GC(7775) User=0.21s Sys=0.00s Real=0.04s
[2025-01-09T04:10:18.801+0000][200689.167s][info][gc,start    ] GC(7776) Pause Young (Mixed) (G1 Evacuation Pause)
[2025-01-09T04:10:18.801+0000][200689.167s][info][gc,task     ] GC(7776) Using 6 workers of 6 for evacuation
[2025-01-09T04:10:18.860+0000][200689.226s][info][gc,phases   ] GC(7776)   Pre Evacuate Collection Set: 0.2ms
[2025-01-09T04:10:18.860+0000][200689.226s][info][gc,phases   ] GC(7776)   Merge Heap Roots: 0.6ms
[2025-01-09T04:10:18.860+0000][200689.226s][info][gc,phases   ] GC(7776)   Evacuate Collection Set: 56.7ms
[2025-01-09T04:10:18.860+0000][200689.226s][info][gc,phases   ] GC(7776)   Post Evacuate Collection Set: 1.6ms
[2025-01-09T04:10:18.860+0000][200689.226s][info][gc,phases   ] GC(7776)   Other: 0.2ms
[2025-01-09T04:10:18.860+0000][200689.226s][info][gc,heap     ] GC(7776) Eden regions: 66->0(916)
[2025-01-09T04:10:18.860+0000][200689.226s][info][gc,heap     ] GC(7776) Survivor regions: 10->5(10)
[2025-01-09T04:10:18.860+0000][200689.226s][info][gc,heap     ] GC(7776) Old regions: 227->228
[2025-01-09T04:10:18.860+0000][200689.226s][info][gc,heap     ] GC(7776) Archive regions: 2->2
[2025-01-09T04:10:18.860+0000][200689.226s][info][gc,heap     ] GC(7776) Humongous regions: 49->49
[2025-01-09T04:10:18.860+0000][200689.226s][info][gc,metaspace] GC(7776) Metaspace: 524756K(534272K)->524756K(534272K) NonClass: 460824K(465536K)->460824K(465536K) Class: 63932K(68736K)->63932K(68736K)
[2025-01-09T04:10:18.860+0000][200689.226s][info][gc          ] GC(7776) Pause Young (Mixed) (G1 Evacuation Pause) 2816M->2259M(12288M) 59.396ms
[2025-01-09T04:10:18.860+0000][200689.227s][info][gc,cpu      ] GC(7776) User=0.34s Sys=0.00s Real=0.06s
[2025-01-09T04:10:26.258+0000][200696.624s][info][gc,start    ] GC(7777) Pause Young (Normal) (G1 Evacuation Pause)
[2025-01-09T04:10:26.258+0000][200696.624s][info][gc,task     ] GC(7777) Using 6 workers of 6 for evacuation
[2025-01-09T04:10:26.287+0000][200696.653s][info][gc,phases   ] GC(7777)   Pre Evacuate Collection Set: 0.2ms
[2025-01-09T04:10:26.287+0000][200696.653s][info][gc,phases   ] GC(7777)   Merge Heap Roots: 0.4ms
[2025-01-09T04:10:26.287+0000][200696.653s][info][gc,phases   ] GC(7777)   Evacuate Collection Set: 25.7ms
[2025-01-09T04:10:26.287+0000][200696.653s][info][gc,phases   ] GC(7777)   Post Evacuate Collection Set: 2.5ms
[2025-01-09T04:10:26.287+0000][200696.653s][info][gc,phases   ] GC(7777)   Other: 0.2ms
[2025-01-09T04:10:26.287+0000][200696.653s][info][gc,heap     ] GC(7777) Eden regions: 916->0(914)
[2025-01-09T04:10:26.287+0000][200696.653s][info][gc,heap     ] GC(7777) Survivor regions: 5->7(116)
[2025-01-09T04:10:26.287+0000][200696.653s][info][gc,heap     ] GC(7777) Old regions: 228->228
[2025-01-09T04:10:26.287+0000][200696.653s][info][gc,heap     ] GC(7777) Archive regions: 2->2
[2025-01-09T04:10:26.287+0000][200696.653s][info][gc,heap     ] GC(7777) Humongous regions: 49->49
[2025-01-09T04:10:26.287+0000][200696.653s][info][gc,metaspace] GC(7777) Metaspace: 524756K(534272K)->524756K(534272K) NonClass: 460824K(465536K)->460824K(465536K) Class: 63932K(68736K)->63932K(68736K)
[2025-01-09T04:10:26.287+0000][200696.653s][info][gc          ] GC(7777) Pause Young (Normal) (G1 Evacuation Pause) 9587M->2272M(12288M) 29.210ms
[2025-01-09T04:10:26.287+0000][200696.653s][info][gc,cpu      ] GC(7777) User=0.17s Sys=0.00s Real=0.03s
[2025-01-09T04:10:31.634+0000][200702.000s][info][gc,start    ] GC(7778) Pause Young (Normal) (G1 Evacuation Pause)
[2025-01-09T04:10:31.634+0000][200702.000s][info][gc,task     ] GC(7778) Using 6 workers of 6 for evacuation
[2025-01-09T04:10:31.662+0000][200702.028s][info][gc,phases   ] GC(7778)   Pre Evacuate Collection Set: 0.2ms
[2025-01-09T04:10:31.662+0000][200702.028s][info][gc,phases   ] GC(7778)   Merge Heap Roots: 0.4ms
[2025-01-09T04:10:31.662+0000][200702.028s][info][gc,phases   ] GC(7778)   Evacuate Collection Set: 23.2ms
[2025-01-09T04:10:31.662+0000][200702.028s][info][gc,phases   ] GC(7778)   Post Evacuate Collection Set: 3.7ms
[2025-01-09T04:10:31.662+0000][200702.028s][info][gc,phases   ] GC(7778)   Other: 0.2ms
[2025-01-09T04:10:31.662+0000][200702.028s][info][gc,heap     ] GC(7778) Eden regions: 914->0(913)
[2025-01-09T04:10:31.662+0000][200702.028s][info][gc,heap     ] GC(7778) Survivor regions: 7->8(116)
[2025-01-09T04:10:31.662+0000][200702.028s][info][gc,heap     ] GC(7778) Old regions: 228->228
[2025-01-09T04:10:31.662+0000][200702.028s][info][gc,heap     ] GC(7778) Archive regions: 2->2
[2025-01-09T04:10:31.662+0000][200702.028s][info][gc,heap     ] GC(7778) Humongous regions: 49->49
[2025-01-09T04:10:31.662+0000][200702.028s][info][gc,metaspace] GC(7778) Metaspace: 524756K(534272K)->524756K(534272K) NonClass: 460824K(465536K)->460824K(465536K) Class: 63932K(68736K)->63932K(68736K)
[2025-01-09T04:10:31.662+0000][200702.028s][info][gc          ] GC(7778) Pause Young (Normal) (G1 Evacuation Pause) 9584M->2281M(12288M) 27.809ms
[2025-01-09T04:10:31.662+0000][200702.028s][info][gc,cpu      ] GC(7778) User=0.16s Sys=0.00s Real=0.03s
[2025-01-09T04:10:37.983+0000][200708.349s][info][gc,start    ] GC(7779) Pause Young (Concurrent Start) (G1 Evacuation Pause)
[2025-01-09T04:10:37.983+0000][200708.349s][info][gc,task     ] GC(7779) Using 6 workers of 6 for evacuation
[2025-01-09T04:10:38.017+0000][200708.384s][info][gc,phases   ] GC(7779)   Pre Evacuate Collection Set: 1.1ms
[2025-01-09T04:10:38.017+0000][200708.384s][info][gc,phases   ] GC(7779)   Merge Heap Roots: 0.5ms
[2025-01-09T04:10:38.018+0000][200708.384s][info][gc,phases   ] GC(7779)   Evacuate Collection Set: 28.9ms
[2025-01-09T04:10:38.018+0000][200708.384s][info][gc,phases   ] GC(7779)   Post Evacuate Collection Set: 4.0ms
[2025-01-09T04:10:38.018+0000][200708.384s][info][gc,phases   ] GC(7779)   Other: 0.3ms
[2025-01-09T04:10:38.018+0000][200708.384s][info][gc,heap     ] GC(7779) Eden regions: 913->0(912)
[2025-01-09T04:10:38.018+0000][200708.384s][info][gc,heap     ] GC(7779) Survivor regions: 8->9(116)
[2025-01-09T04:10:38.018+0000][200708.384s][info][gc,heap     ] GC(7779) Old regions: 228->228
[2025-01-09T04:10:38.018+0000][200708.384s][info][gc,heap     ] GC(7779) Archive regions: 2->2
[2025-01-09T04:10:38.018+0000][200708.384s][info][gc,heap     ] GC(7779) Humongous regions: 49->49
[2025-01-09T04:10:38.018+0000][200708.384s][info][gc,metaspace] GC(7779) Metaspace: 524756K(534272K)->524756K(534272K) NonClass: 460824K(465536K)->460824K(465536K) Class: 63932K(68736K)->63932K(68736K)
[2025-01-09T04:10:38.018+0000][200708.384s][info][gc          ] GC(7779) Pause Young (Concurrent Start) (G1 Evacuation Pause) 9585M->2289M(12288M) 34.914ms
[2025-01-09T04:10:38.018+0000][200708.384s][info][gc,cpu      ] GC(7779) User=0.20s Sys=0.00s Real=0.03s
[2025-01-09T04:10:38.018+0000][200708.384s][info][gc          ] GC(7780) Concurrent Mark Cycle
[2025-01-09T04:10:38.018+0000][200708.384s][info][gc,marking  ] GC(7780) Concurrent Clear Claimed Marks
[2025-01-09T04:10:38.019+0000][200708.385s][info][gc,marking  ] GC(7780) Concurrent Clear Claimed Marks 0.993ms
[2025-01-09T04:10:38.019+0000][200708.385s][info][gc,marking  ] GC(7780) Concurrent Scan Root Regions
[2025-01-09T04:10:38.047+0000][200708.413s][info][gc,marking  ] GC(7780) Concurrent Scan Root Regions 28.614ms
[2025-01-09T04:10:38.047+0000][200708.413s][info][gc,marking  ] GC(7780) Concurrent Mark
[2025-01-09T04:10:38.047+0000][200708.413s][info][gc,marking  ] GC(7780) Concurrent Mark From Roots
[2025-01-09T04:10:38.047+0000][200708.413s][info][gc,task     ] GC(7780) Using 2 workers of 2 for marking
[2025-01-09T04:10:38.963+0000][200709.329s][info][gc,marking  ] GC(7780) Concurrent Mark From Roots 915.524ms
[2025-01-09T04:10:38.963+0000][200709.329s][info][gc,marking  ] GC(7780) Concurrent Preclean
[2025-01-09T04:10:38.966+0000][200709.332s][info][gc,marking  ] GC(7780) Concurrent Preclean 3.255ms
[2025-01-09T04:10:38.966+0000][200709.333s][info][gc,start    ] GC(7780) Pause Remark
[2025-01-09T04:10:38.992+0000][200709.358s][info][gc          ] GC(7780) Pause Remark 3141M->3141M(12288M) 25.247ms
[2025-01-09T04:10:38.992+0000][200709.358s][info][gc,cpu      ] GC(7780) User=0.14s Sys=0.00s Real=0.03s
[2025-01-09T04:10:38.992+0000][200709.358s][info][gc,marking  ] GC(7780) Concurrent Mark 944.583ms
[2025-01-09T04:10:38.992+0000][200709.358s][info][gc,marking  ] GC(7780) Concurrent Rebuild Remembered Sets
[2025-01-09T04:10:39.608+0000][200709.974s][info][gc,marking  ] GC(7780) Concurrent Rebuild Remembered Sets 615.949ms
[2025-01-09T04:10:39.608+0000][200709.974s][info][gc,start    ] GC(7780) Pause Cleanup
[2025-01-09T04:10:39.608+0000][200709.974s][info][gc          ] GC(7780) Pause Cleanup 3773M->3773M(12288M) 0.358ms
[2025-01-09T04:10:39.608+0000][200709.975s][info][gc,cpu      ] GC(7780) User=0.00s Sys=0.00s Real=0.00s
[2025-01-09T04:10:39.608+0000][200709.975s][info][gc,marking  ] GC(7780) Concurrent Cleanup for Next Mark
[2025-01-09T04:10:39.624+0000][200709.990s][info][gc,marking  ] GC(7780) Concurrent Cleanup for Next Mark 15.577ms
[2025-01-09T04:10:39.624+0000][200709.990s][info][gc          ] GC(7780) Concurrent Mark Cycle 1606.445ms
[2025-01-09T04:10:46.006+0000][200716.372s][info][gc,start    ] GC(7781) Pause Young (Prepare Mixed) (G1 Evacuation Pause)
[2025-01-09T04:10:46.006+0000][200716.372s][info][gc,task     ] GC(7781) Using 6 workers of 6 for evacuation
[2025-01-09T04:10:46.045+0000][200716.411s][info][gc,phases   ] GC(7781)   Pre Evacuate Collection Set: 0.2ms
[2025-01-09T04:10:46.045+0000][200716.411s][info][gc,phases   ] GC(7781)   Merge Heap Roots: 0.7ms
[2025-01-09T04:10:46.045+0000][200716.411s][info][gc,phases   ] GC(7781)   Evacuate Collection Set: 34.1ms
[2025-01-09T04:10:46.045+0000][200716.411s][info][gc,phases   ] GC(7781)   Post Evacuate Collection Set: 3.4ms
[2025-01-09T04:10:46.045+0000][200716.411s][info][gc,phases   ] GC(7781)   Other: 0.2ms
[2025-01-09T04:10:46.045+0000][200716.411s][info][gc,heap     ] GC(7781) Eden regions: 912->0(64)
[2025-01-09T04:10:46.045+0000][200716.411s][info][gc,heap     ] GC(7781) Survivor regions: 9->12(116)
[2025-01-09T04:10:46.045+0000][200716.411s][info][gc,heap     ] GC(7781) Old regions: 228->228
[2025-01-09T04:10:46.045+0000][200716.411s][info][gc,heap     ] GC(7781) Archive regions: 2->2
[2025-01-09T04:10:46.045+0000][200716.411s][info][gc,heap     ] GC(7781) Humongous regions: 49->49
[2025-01-09T04:10:46.045+0000][200716.411s][info][gc,metaspace] GC(7781) Metaspace: 524756K(534272K)->524756K(534272K) NonClass: 460824K(465536K)->460824K(465536K) Class: 63932K(68736K)->63932K(68736K)
[2025-01-09T04:10:46.045+0000][200716.411s][info][gc          ] GC(7781) Pause Young (Prepare Mixed) (G1 Evacuation Pause) 9585M->2316M(12288M) 38.764ms
[2025-01-09T04:10:46.045+0000][200716.411s][info][gc,cpu      ] GC(7781) User=0.22s Sys=0.00s Real=0.04s
[2025-01-09T04:10:46.591+0000][200716.957s][info][gc,start    ] GC(7782) Pause Young (Mixed) (G1 Evacuation Pause)
[2025-01-09T04:10:46.591+0000][200716.957s][info][gc,task     ] GC(7782) Using 6 workers of 6 for evacuation
[2025-01-09T04:10:46.663+0000][200717.029s][info][gc,phases   ] GC(7782)   Pre Evacuate Collection Set: 0.2ms
[2025-01-09T04:10:46.663+0000][200717.029s][info][gc,phases   ] GC(7782)   Merge Heap Roots: 0.8ms
[2025-01-09T04:10:46.663+0000][200717.029s][info][gc,phases   ] GC(7782)   Evacuate Collection Set: 68.0ms
[2025-01-09T04:10:46.663+0000][200717.029s][info][gc,phases   ] GC(7782)   Post Evacuate Collection Set: 2.7ms
[2025-01-09T04:10:46.663+0000][200717.029s][info][gc,phases   ] GC(7782)   Other: 0.2ms
[2025-01-09T04:10:46.663+0000][200717.029s][info][gc,heap     ] GC(7782) Eden regions: 64->0(918)
[2025-01-09T04:10:46.663+0000][200717.029s][info][gc,heap     ] GC(7782) Survivor regions: 12->3(10)
[2025-01-09T04:10:46.663+0000][200717.029s][info][gc,heap     ] GC(7782) Old regions: 228->232
[2025-01-09T04:10:46.663+0000][200717.029s][info][gc,heap     ] GC(7782) Archive regions: 2->2
[2025-01-09T04:10:46.663+0000][200717.029s][info][gc,heap     ] GC(7782) Humongous regions: 49->49
[2025-01-09T04:10:46.663+0000][200717.029s][info][gc,metaspace] GC(7782) Metaspace: 524756K(534272K)->524756K(534272K) NonClass: 460824K(465536K)->460824K(465536K) Class: 63932K(68736K)->63932K(68736K)
[2025-01-09T04:10:46.663+0000][200717.029s][info][gc          ] GC(7782) Pause Young (Mixed) (G1 Evacuation Pause) 2828M->2271M(12288M) 71.815ms
[2025-01-09T04:10:46.663+0000][200717.029s][info][gc,cpu      ] GC(7782) User=0.40s Sys=0.00s Real=0.07s
[2025-01-09T04:10:52.505+0000][200722.871s][info][gc,start    ] GC(7783) Pause Young (Normal) (G1 Evacuation Pause)
[2025-01-09T04:10:52.505+0000][200722.871s][info][gc,task     ] GC(7783) Using 6 workers of 6 for evacuation
[2025-01-09T04:10:52.526+0000][200722.893s][info][gc,phases   ] GC(7783)   Pre Evacuate Collection Set: 0.2ms
[2025-01-09T04:10:52.527+0000][200722.893s][info][gc,phases   ] GC(7783)   Merge Heap Roots: 0.4ms
[2025-01-09T04:10:52.527+0000][200722.893s][info][gc,phases   ] GC(7783)   Evacuate Collection Set: 18.3ms
[2025-01-09T04:10:52.527+0000][200722.893s][info][gc,phases   ] GC(7783)   Post Evacuate Collection Set: 2.7ms
[2025-01-09T04:10:52.527+0000][200722.893s][info][gc,phases   ] GC(7783)   Other: 0.2ms
[2025-01-09T04:10:52.527+0000][200722.893s][info][gc,heap     ] GC(7783) Eden regions: 918->0(917)
[2025-01-09T04:10:52.527+0000][200722.893s][info][gc,heap     ] GC(7783) Survivor regions: 3->4(116)
[2025-01-09T04:10:52.527+0000][200722.893s][info][gc,heap     ] GC(7783) Old regions: 232->232
[2025-01-09T04:10:52.527+0000][200722.893s][info][gc,heap     ] GC(7783) Archive regions: 2->2
[2025-01-09T04:10:52.527+0000][200722.893s][info][gc,heap     ] GC(7783) Humongous regions: 49->49
[2025-01-09T04:10:52.527+0000][200722.893s][info][gc,metaspace] GC(7783) Metaspace: 524756K(534272K)->524756K(534272K) NonClass: 460824K(465536K)->460824K(465536K) Class: 63932K(68736K)->63932K(68736K)
[2025-01-09T04:10:52.527+0000][200722.893s][info][gc          ] GC(7783) Pause Young (Normal) (G1 Evacuation Pause) 9615M->2280M(12288M) 21.864ms
[2025-01-09T04:10:52.527+0000][200722.893s][info][gc,cpu      ] GC(7783) User=0.12s Sys=0.01s Real=0.02s
[2025-01-09T04:11:00.885+0000][200731.251s][info][gc,start    ] GC(7784) Pause Young (Normal) (G1 Evacuation Pause)
[2025-01-09T04:11:00.885+0000][200731.251s][info][gc,task     ] GC(7784) Using 6 workers of 6 for evacuation
[2025-01-09T04:11:00.909+0000][200731.275s][info][gc,phases   ] GC(7784)   Pre Evacuate Collection Set: 0.2ms
[2025-01-09T04:11:00.909+0000][200731.275s][info][gc,phases   ] GC(7784)   Merge Heap Roots: 0.4ms
[2025-01-09T04:11:00.909+0000][200731.275s][info][gc,phases   ] GC(7784)   Evacuate Collection Set: 20.5ms
[2025-01-09T04:11:00.909+0000][200731.275s][info][gc,phases   ] GC(7784)   Post Evacuate Collection Set: 2.6ms
[2025-01-09T04:11:00.909+0000][200731.275s][info][gc,phases   ] GC(7784)   Other: 0.2ms
[2025-01-09T04:11:00.909+0000][200731.275s][info][gc,heap     ] GC(7784) Eden regions: 917->0(915)
[2025-01-09T04:11:00.909+0000][200731.275s][info][gc,heap     ] GC(7784) Survivor regions: 4->6(116)
[2025-01-09T04:11:00.909+0000][200731.275s][info][gc,heap     ] GC(7784) Old regions: 232->232
[2025-01-09T04:11:00.909+0000][200731.275s][info][gc,heap     ] GC(7784) Archive regions: 2->2
[2025-01-09T04:11:00.909+0000][200731.275s][info][gc,heap     ] GC(7784) Humongous regions: 49->49
[2025-01-09T04:11:00.909+0000][200731.275s][info][gc,metaspace] GC(7784) Metaspace: 524756K(534272K)->524756K(534272K) NonClass: 460824K(465536K)->460824K(465536K) Class: 63932K(68736K)->63932K(68736K)
[2025-01-09T04:11:00.909+0000][200731.275s][info][gc          ] GC(7784) Pause Young (Normal) (G1 Evacuation Pause) 9616M->2293M(12288M) 24.067ms
[2025-01-09T04:11:00.909+0000][200731.275s][info][gc,cpu      ] GC(7784) User=0.14s Sys=0.00s Real=0.02s
[2025-01-09T04:11:08.963+0000][200739.329s][info][gc,start    ] GC(7785) Pause Young (Concurrent Start) (GCLocker Initiated GC)
[2025-01-09T04:11:08.963+0000][200739.329s][info][gc,task     ] GC(7785) Using 6 workers of 6 for evacuation
[2025-01-09T04:11:08.992+0000][200739.358s][info][gc,phases   ] GC(7785)   Pre Evacuate Collection Set: 1.1ms
[2025-01-09T04:11:08.992+0000][200739.358s][info][gc,phases   ] GC(7785)   Merge Heap Roots: 0.4ms
[2025-01-09T04:11:08.992+0000][200739.358s][info][gc,phases   ] GC(7785)   Evacuate Collection Set: 24.7ms
[2025-01-09T04:11:08.992+0000][200739.358s][info][gc,phases   ] GC(7785)   Post Evacuate Collection Set: 2.6ms
[2025-01-09T04:11:08.992+0000][200739.358s][info][gc,phases   ] GC(7785)   Other: 0.3ms
[2025-01-09T04:11:08.992+0000][200739.358s][info][gc,heap     ] GC(7785) Eden regions: 915->0(914)
[2025-01-09T04:11:08.992+0000][200739.358s][info][gc,heap     ] GC(7785) Survivor regions: 6->7(116)
[2025-01-09T04:11:08.992+0000][200739.358s][info][gc,heap     ] GC(7785) Old regions: 232->232
[2025-01-09T04:11:08.992+0000][200739.358s][info][gc,heap     ] GC(7785) Archive regions: 2->2
[2025-01-09T04:11:08.992+0000][200739.358s][info][gc,heap     ] GC(7785) Humongous regions: 49->49
[2025-01-09T04:11:08.992+0000][200739.358s][info][gc,metaspace] GC(7785) Metaspace: 524756K(534272K)->524756K(534272K) NonClass: 460824K(465536K)->460824K(465536K) Class: 63932K(68736K)->63932K(68736K)
[2025-01-09T04:11:08.992+0000][200739.358s][info][gc          ] GC(7785) Pause Young (Concurrent Start) (GCLocker Initiated GC) 9613M->2305M(12288M) 29.096ms
[2025-01-09T04:11:08.992+0000][200739.358s][info][gc,cpu      ] GC(7785) User=0.17s Sys=0.00s Real=0.03s
[2025-01-09T04:11:08.992+0000][200739.358s][info][gc          ] GC(7786) Concurrent Mark Cycle
[2025-01-09T04:11:08.992+0000][200739.358s][info][gc,marking  ] GC(7786) Concurrent Clear Claimed Marks
[2025-01-09T04:11:08.993+0000][200739.359s][info][gc,marking  ] GC(7786) Concurrent Clear Claimed Marks 0.907ms
[2025-01-09T04:11:08.993+0000][200739.359s][info][gc,marking  ] GC(7786) Concurrent Scan Root Regions
[2025-01-09T04:11:09.016+0000][200739.383s][info][gc,marking  ] GC(7786) Concurrent Scan Root Regions 23.571ms
[2025-01-09T04:11:09.016+0000][200739.383s][info][gc,marking  ] GC(7786) Concurrent Mark
[2025-01-09T04:11:09.016+0000][200739.383s][info][gc,marking  ] GC(7786) Concurrent Mark From Roots
[2025-01-09T04:11:09.016+0000][200739.383s][info][gc,task     ] GC(7786) Using 2 workers of 2 for marking
[2025-01-09T04:11:09.919+0000][200740.285s][info][gc,marking  ] GC(7786) Concurrent Mark From Roots 902.137ms
[2025-01-09T04:11:09.919+0000][200740.285s][info][gc,marking  ] GC(7786) Concurrent Preclean
[2025-01-09T04:11:09.921+0000][200740.288s][info][gc,marking  ] GC(7786) Concurrent Preclean 2.764ms
[2025-01-09T04:11:09.922+0000][200740.288s][info][gc,start    ] GC(7786) Pause Remark
[2025-01-09T04:11:09.947+0000][200740.313s][info][gc          ] GC(7786) Pause Remark 3285M->3285M(12288M) 25.691ms
[2025-01-09T04:11:09.947+0000][200740.313s][info][gc,cpu      ] GC(7786) User=0.14s Sys=0.00s Real=0.02s
[2025-01-09T04:11:09.947+0000][200740.314s][info][gc,marking  ] GC(7786) Concurrent Mark 930.972ms
[2025-01-09T04:11:09.947+0000][200740.314s][info][gc,marking  ] GC(7786) Concurrent Rebuild Remembered Sets
[2025-01-09T04:11:10.499+0000][200740.865s][info][gc,marking  ] GC(7786) Concurrent Rebuild Remembered Sets 551.062ms
[2025-01-09T04:11:10.499+0000][200740.865s][info][gc,start    ] GC(7786) Pause Cleanup
[2025-01-09T04:11:10.499+0000][200740.865s][info][gc          ] GC(7786) Pause Cleanup 3845M->3845M(12288M) 0.418ms
[2025-01-09T04:11:10.499+0000][200740.865s][info][gc,cpu      ] GC(7786) User=0.00s Sys=0.00s Real=0.00s
[2025-01-09T04:11:10.499+0000][200740.865s][info][gc,marking  ] GC(7786) Concurrent Cleanup for Next Mark
[2025-01-09T04:11:10.515+0000][200740.881s][info][gc,marking  ] GC(7786) Concurrent Cleanup for Next Mark 15.801ms
[2025-01-09T04:11:10.515+0000][200740.881s][info][gc          ] GC(7786) Concurrent Mark Cycle 1523.120ms
[2025-01-09T04:11:16.623+0000][200746.990s][info][gc,start    ] GC(7787) Pause Young (Prepare Mixed) (G1 Evacuation Pause)
[2025-01-09T04:11:16.623+0000][200746.990s][info][gc,task     ] GC(7787) Using 6 workers of 6 for evacuation
[2025-01-09T04:11:16.655+0000][200747.021s][info][gc,phases   ] GC(7787)   Pre Evacuate Collection Set: 0.2ms
[2025-01-09T04:11:16.655+0000][200747.021s][info][gc,phases   ] GC(7787)   Merge Heap Roots: 0.7ms
[2025-01-09T04:11:16.655+0000][200747.022s][info][gc,phases   ] GC(7787)   Evacuate Collection Set: 28.3ms
[2025-01-09T04:11:16.655+0000][200747.022s][info][gc,phases   ] GC(7787)   Post Evacuate Collection Set: 2.6ms
[2025-01-09T04:11:16.655+0000][200747.022s][info][gc,phases   ] GC(7787)   Other: 0.2ms
[2025-01-09T04:11:16.655+0000][200747.022s][info][gc,heap     ] GC(7787) Eden regions: 914->0(68)
[2025-01-09T04:11:16.655+0000][200747.022s][info][gc,heap     ] GC(7787) Survivor regions: 7->8(116)
[2025-01-09T04:11:16.655+0000][200747.022s][info][gc,heap     ] GC(7787) Old regions: 232->232
[2025-01-09T04:11:16.655+0000][200747.022s][info][gc,heap     ] GC(7787) Archive regions: 2->2
[2025-01-09T04:11:16.655+0000][200747.022s][info][gc,heap     ] GC(7787) Humongous regions: 49->49
[2025-01-09T04:11:16.655+0000][200747.022s][info][gc,metaspace] GC(7787) Metaspace: 524756K(534272K)->524756K(534272K) NonClass: 460824K(465536K)->460824K(465536K) Class: 63932K(68736K)->63932K(68736K)
[2025-01-09T04:11:16.655+0000][200747.022s][info][gc          ] GC(7787) Pause Young (Prepare Mixed) (G1 Evacuation Pause) 9617M->2313M(12288M) 32.017ms
[2025-01-09T04:11:16.656+0000][200747.022s][info][gc,cpu      ] GC(7787) User=0.19s Sys=0.00s Real=0.03s
[2025-01-09T04:11:17.713+0000][200748.079s][info][gc,start    ] GC(7788) Pause Young (Mixed) (G1 Evacuation Pause)
[2025-01-09T04:11:17.713+0000][200748.079s][info][gc,task     ] GC(7788) Using 6 workers of 6 for evacuation
[2025-01-09T04:11:17.780+0000][200748.146s][info][gc,phases   ] GC(7788)   Pre Evacuate Collection Set: 0.2ms
[2025-01-09T04:11:17.780+0000][200748.146s][info][gc,phases   ] GC(7788)   Merge Heap Roots: 0.7ms
[2025-01-09T04:11:17.780+0000][200748.146s][info][gc,phases   ] GC(7788)   Evacuate Collection Set: 63.4ms
[2025-01-09T04:11:17.780+0000][200748.146s][info][gc,phases   ] GC(7788)   Post Evacuate Collection Set: 2.0ms
[2025-01-09T04:11:17.780+0000][200748.146s][info][gc,phases   ] GC(7788)   Other: 0.2ms
[2025-01-09T04:11:17.780+0000][200748.146s][info][gc,heap     ] GC(7788) Eden regions: 68->0(916)
[2025-01-09T04:11:17.780+0000][200748.146s][info][gc,heap     ] GC(7788) Survivor regions: 8->5(10)
[2025-01-09T04:11:17.780+0000][200748.146s][info][gc,heap     ] GC(7788) Old regions: 232->230
[2025-01-09T04:11:17.780+0000][200748.146s][info][gc,heap     ] GC(7788) Archive regions: 2->2
[2025-01-09T04:11:17.780+0000][200748.146s][info][gc,heap     ] GC(7788) Humongous regions: 49->49
[2025-01-09T04:11:17.780+0000][200748.146s][info][gc,metaspace] GC(7788) Metaspace: 524756K(534272K)->524756K(534272K) NonClass: 460824K(465536K)->460824K(465536K) Class: 63932K(68736K)->63932K(68736K)
[2025-01-09T04:11:17.780+0000][200748.146s][info][gc          ] GC(7788) Pause Young (Mixed) (G1 Evacuation Pause) 2857M->2272M(12288M) 66.517ms
[2025-01-09T04:11:17.780+0000][200748.146s][info][gc,cpu      ] GC(7788) User=0.38s Sys=0.00s Real=0.06s
[2025-01-09T04:11:25.065+0000][200755.431s][info][gc,start    ] GC(7789) Pause Young (Normal) (G1 Evacuation Pause)
[2025-01-09T04:11:25.065+0000][200755.431s][info][gc,task     ] GC(7789) Using 6 workers of 6 for evacuation
[2025-01-09T04:11:25.090+0000][200755.456s][info][gc,phases   ] GC(7789)   Pre Evacuate Collection Set: 0.2ms
[2025-01-09T04:11:25.090+0000][200755.456s][info][gc,phases   ] GC(7789)   Merge Heap Roots: 0.4ms
[2025-01-09T04:11:25.090+0000][200755.456s][info][gc,phases   ] GC(7789)   Evacuate Collection Set: 21.1ms
[2025-01-09T04:11:25.090+0000][200755.456s][info][gc,phases   ] GC(7789)   Post Evacuate Collection Set: 2.5ms
[2025-01-09T04:11:25.090+0000][200755.456s][info][gc,phases   ] GC(7789)   Other: 0.2ms
[2025-01-09T04:11:25.090+0000][200755.456s][info][gc,heap     ] GC(7789) Eden regions: 916->0(915)
[2025-01-09T04:11:25.090+0000][200755.456s][info][gc,heap     ] GC(7789) Survivor regions: 5->6(116)
[2025-01-09T04:11:25.090+0000][200755.456s][info][gc,heap     ] GC(7789) Old regions: 230->230
[2025-01-09T04:11:25.090+0000][200755.456s][info][gc,heap     ] GC(7789) Archive regions: 2->2
[2025-01-09T04:11:25.090+0000][200755.456s][info][gc,heap     ] GC(7789) Humongous regions: 49->49
[2025-01-09T04:11:25.090+0000][200755.456s][info][gc,metaspace] GC(7789) Metaspace: 524756K(534272K)->524756K(534272K) NonClass: 460824K(465536K)->460824K(465536K) Class: 63932K(68736K)->63932K(68736K)
[2025-01-09T04:11:25.090+0000][200755.456s][info][gc          ] GC(7789) Pause Young (Normal) (G1 Evacuation Pause) 9600M->2281M(12288M) 24.534ms
[2025-01-09T04:11:25.090+0000][200755.456s][info][gc,cpu      ] GC(7789) User=0.14s Sys=0.00s Real=0.03s
[2025-01-09T04:11:32.988+0000][200763.354s][info][gc,start    ] GC(7790) Pause Young (Normal) (G1 Evacuation Pause)
[2025-01-09T04:11:32.988+0000][200763.354s][info][gc,task     ] GC(7790) Using 6 workers of 6 for evacuation
[2025-01-09T04:11:33.018+0000][200763.385s][info][gc,phases   ] GC(7790)   Pre Evacuate Collection Set: 0.2ms
[2025-01-09T04:11:33.018+0000][200763.385s][info][gc,phases   ] GC(7790)   Merge Heap Roots: 0.4ms
[2025-01-09T04:11:33.018+0000][200763.385s][info][gc,phases   ] GC(7790)   Evacuate Collection Set: 24.4ms
[2025-01-09T04:11:33.019+0000][200763.385s][info][gc,phases   ] GC(7790)   Post Evacuate Collection Set: 5.3ms
[2025-01-09T04:11:33.019+0000][200763.385s][info][gc,phases   ] GC(7790)   Other: 0.2ms
[2025-01-09T04:11:33.019+0000][200763.385s][info][gc,heap     ] GC(7790) Eden regions: 915->0(912)
[2025-01-09T04:11:33.019+0000][200763.385s][info][gc,heap     ] GC(7790) Survivor regions: 6->9(116)
[2025-01-09T04:11:33.019+0000][200763.385s][info][gc,heap     ] GC(7790) Old regions: 230->230
[2025-01-09T04:11:33.019+0000][200763.385s][info][gc,heap     ] GC(7790) Archive regions: 2->2
[2025-01-09T04:11:33.019+0000][200763.385s][info][gc,heap     ] GC(7790) Humongous regions: 49->49
[2025-01-09T04:11:33.019+0000][200763.385s][info][gc,metaspace] GC(7790) Metaspace: 524756K(534272K)->524756K(534272K) NonClass: 460824K(465536K)->460824K(465536K) Class: 63932K(68736K)->63932K(68736K)
[2025-01-09T04:11:33.019+0000][200763.385s][info][gc          ] GC(7790) Pause Young (Normal) (G1 Evacuation Pause) 9601M->2305M(12288M) 30.600ms
[2025-01-09T04:11:33.019+0000][200763.385s][info][gc,cpu      ] GC(7790) User=0.18s Sys=0.00s Real=0.03s
[2025-01-09T04:11:42.331+0000][200772.697s][info][gc,start    ] GC(7791) Pause Young (Concurrent Start) (G1 Evacuation Pause)
[2025-01-09T04:11:42.331+0000][200772.697s][info][gc,task     ] GC(7791) Using 6 workers of 6 for evacuation
[2025-01-09T04:11:42.363+0000][200772.729s][info][gc,phases   ] GC(7791)   Pre Evacuate Collection Set: 1.1ms
[2025-01-09T04:11:42.363+0000][200772.729s][info][gc,phases   ] GC(7791)   Merge Heap Roots: 0.5ms
[2025-01-09T04:11:42.363+0000][200772.729s][info][gc,phases   ] GC(7791)   Evacuate Collection Set: 27.7ms
[2025-01-09T04:11:42.363+0000][200772.729s][info][gc,phases   ] GC(7791)   Post Evacuate Collection Set: 2.6ms
[2025-01-09T04:11:42.363+0000][200772.729s][info][gc,phases   ] GC(7791)   Other: 0.3ms
[2025-01-09T04:11:42.363+0000][200772.729s][info][gc,heap     ] GC(7791) Eden regions: 912->0(911)
[2025-01-09T04:11:42.363+0000][200772.729s][info][gc,heap     ] GC(7791) Survivor regions: 9->10(116)
[2025-01-09T04:11:42.363+0000][200772.729s][info][gc,heap     ] GC(7791) Old regions: 230->230
[2025-01-09T04:11:42.363+0000][200772.729s][info][gc,heap     ] GC(7791) Archive regions: 2->2
[2025-01-09T04:11:42.363+0000][200772.729s][info][gc,heap     ] GC(7791) Humongous regions: 49->49
[2025-01-09T04:11:42.363+0000][200772.729s][info][gc,metaspace] GC(7791) Metaspace: 524756K(534272K)->524756K(534272K) NonClass: 460824K(465536K)->460824K(465536K) Class: 63932K(68736K)->63932K(68736K)
[2025-01-09T04:11:42.363+0000][200772.729s][info][gc          ] GC(7791) Pause Young (Concurrent Start) (G1 Evacuation Pause) 9601M->2309M(12288M) 32.236ms
[2025-01-09T04:11:42.363+0000][200772.729s][info][gc,cpu      ] GC(7791) User=0.19s Sys=0.00s Real=0.03s
[2025-01-09T04:11:42.363+0000][200772.729s][info][gc          ] GC(7792) Concurrent Mark Cycle
[2025-01-09T04:11:42.363+0000][200772.729s][info][gc,marking  ] GC(7792) Concurrent Clear Claimed Marks
[2025-01-09T04:11:42.364+0000][200772.730s][info][gc,marking  ] GC(7792) Concurrent Clear Claimed Marks 0.888ms
[2025-01-09T04:11:42.364+0000][200772.730s][info][gc,marking  ] GC(7792) Concurrent Scan Root Regions
[2025-01-09T04:11:42.385+0000][200772.751s][info][gc,marking  ] GC(7792) Concurrent Scan Root Regions 20.938ms
[2025-01-09T04:11:42.385+0000][200772.751s][info][gc,marking  ] GC(7792) Concurrent Mark
[2025-01-09T04:11:42.385+0000][200772.751s][info][gc,marking  ] GC(7792) Concurrent Mark From Roots
[2025-01-09T04:11:42.385+0000][200772.751s][info][gc,task     ] GC(7792) Using 2 workers of 2 for marking
[2025-01-09T04:11:43.145+0000][200773.511s][info][gc,marking  ] GC(7792) Concurrent Mark From Roots 760.099ms
[2025-01-09T04:11:43.145+0000][200773.511s][info][gc,marking  ] GC(7792) Concurrent Preclean
[2025-01-09T04:11:43.149+0000][200773.515s][info][gc,marking  ] GC(7792) Concurrent Preclean 3.865ms
[2025-01-09T04:11:43.149+0000][200773.515s][info][gc,start    ] GC(7792) Pause Remark
[2025-01-09T04:11:43.175+0000][200773.541s][info][gc          ] GC(7792) Pause Remark 2897M->2897M(12288M) 25.415ms
[2025-01-09T04:11:43.175+0000][200773.541s][info][gc,cpu      ] GC(7792) User=0.15s Sys=0.00s Real=0.03s
[2025-01-09T04:11:43.175+0000][200773.541s][info][gc,marking  ] GC(7792) Concurrent Mark 789.742ms
[2025-01-09T04:11:43.175+0000][200773.541s][info][gc,marking  ] GC(7792) Concurrent Rebuild Remembered Sets
[2025-01-09T04:11:43.715+0000][200774.081s][info][gc,marking  ] GC(7792) Concurrent Rebuild Remembered Sets 540.386ms
[2025-01-09T04:11:43.716+0000][200774.082s][info][gc,start    ] GC(7792) Pause Cleanup
[2025-01-09T04:11:43.716+0000][200774.082s][info][gc          ] GC(7792) Pause Cleanup 3429M->3429M(12288M) 0.393ms
[2025-01-09T04:11:43.716+0000][200774.082s][info][gc,cpu      ] GC(7792) User=0.01s Sys=0.00s Real=0.00s
[2025-01-09T04:11:43.716+0000][200774.082s][info][gc,marking  ] GC(7792) Concurrent Cleanup for Next Mark
[2025-01-09T04:11:43.732+0000][200774.098s][info][gc,marking  ] GC(7792) Concurrent Cleanup for Next Mark 16.335ms
[2025-01-09T04:11:43.732+0000][200774.098s][info][gc          ] GC(7792) Concurrent Mark Cycle 1369.049ms
[2025-01-09T04:11:49.064+0000][200779.430s][info][gc,start    ] GC(7793) Pause Young (Prepare Mixed) (G1 Evacuation Pause)
[2025-01-09T04:11:49.064+0000][200779.430s][info][gc,task     ] GC(7793) Using 6 workers of 6 for evacuation
[2025-01-09T04:11:49.100+0000][200779.466s][info][gc,phases   ] GC(7793)   Pre Evacuate Collection Set: 0.2ms
[2025-01-09T04:11:49.100+0000][200779.466s][info][gc,phases   ] GC(7793)   Merge Heap Roots: 0.7ms
[2025-01-09T04:11:49.100+0000][200779.466s][info][gc,phases   ] GC(7793)   Evacuate Collection Set: 31.5ms
[2025-01-09T04:11:49.100+0000][200779.466s][info][gc,phases   ] GC(7793)   Post Evacuate Collection Set: 3.8ms
[2025-01-09T04:11:49.100+0000][200779.466s][info][gc,phases   ] GC(7793)   Other: 0.2ms
[2025-01-09T04:11:49.100+0000][200779.466s][info][gc,heap     ] GC(7793) Eden regions: 911->0(65)
[2025-01-09T04:11:49.100+0000][200779.466s][info][gc,heap     ] GC(7793) Survivor regions: 10->11(116)
[2025-01-09T04:11:49.100+0000][200779.466s][info][gc,heap     ] GC(7793) Old regions: 230->230
[2025-01-09T04:11:49.100+0000][200779.466s][info][gc,heap     ] GC(7793) Archive regions: 2->2
[2025-01-09T04:11:49.100+0000][200779.466s][info][gc,heap     ] GC(7793) Humongous regions: 49->49
[2025-01-09T04:11:49.100+0000][200779.466s][info][gc,metaspace] GC(7793) Metaspace: 524756K(534272K)->524756K(534272K) NonClass: 460824K(465536K)->460824K(465536K) Class: 63932K(68736K)->63932K(68736K)
[2025-01-09T04:11:49.100+0000][200779.466s][info][gc          ] GC(7793) Pause Young (Prepare Mixed) (G1 Evacuation Pause) 9597M->2319M(12288M) 36.461ms
[2025-01-09T04:11:49.100+0000][200779.466s][info][gc,cpu      ] GC(7793) User=0.22s Sys=0.00s Real=0.03s
[2025-01-09T04:11:49.707+0000][200780.073s][info][gc,start    ] GC(7794) Pause Young (Mixed) (G1 Evacuation Pause)
[2025-01-09T04:11:49.707+0000][200780.073s][info][gc,task     ] GC(7794) Using 6 workers of 6 for evacuation
[2025-01-09T04:11:49.771+0000][200780.137s][info][gc,phases   ] GC(7794)   Pre Evacuate Collection Set: 0.2ms
[2025-01-09T04:11:49.771+0000][200780.137s][info][gc,phases   ] GC(7794)   Merge Heap Roots: 0.6ms
[2025-01-09T04:11:49.771+0000][200780.137s][info][gc,phases   ] GC(7794)   Evacuate Collection Set: 61.0ms
[2025-01-09T04:11:49.771+0000][200780.137s][info][gc,phases   ] GC(7794)   Post Evacuate Collection Set: 1.9ms
[2025-01-09T04:11:49.771+0000][200780.137s][info][gc,phases   ] GC(7794)   Other: 0.2ms
[2025-01-09T04:11:49.771+0000][200780.137s][info][gc,heap     ] GC(7794) Eden regions: 65->0(915)
[2025-01-09T04:11:49.771+0000][200780.137s][info][gc,heap     ] GC(7794) Survivor regions: 11->6(10)
[2025-01-09T04:11:49.771+0000][200780.137s][info][gc,heap     ] GC(7794) Old regions: 230->232
[2025-01-09T04:11:49.771+0000][200780.137s][info][gc,heap     ] GC(7794) Archive regions: 2->2
[2025-01-09T04:11:49.771+0000][200780.137s][info][gc,heap     ] GC(7794) Humongous regions: 49->49
[2025-01-09T04:11:49.771+0000][200780.137s][info][gc,metaspace] GC(7794) Metaspace: 524756K(534272K)->524756K(534272K) NonClass: 460824K(465536K)->460824K(465536K) Class: 63932K(68736K)->63932K(68736K)
[2025-01-09T04:11:49.771+0000][200780.137s][info][gc          ] GC(7794) Pause Young (Mixed) (G1 Evacuation Pause) 2839M->2300M(12288M) 63.874ms
[2025-01-09T04:11:49.771+0000][200780.137s][info][gc,cpu      ] GC(7794) User=0.37s Sys=0.00s Real=0.07s
[2025-01-09T04:11:59.675+0000][200790.041s][info][gc,start    ] GC(7795) Pause Young (Normal) (G1 Evacuation Pause)
[2025-01-09T04:11:59.675+0000][200790.041s][info][gc,task     ] GC(7795) Using 6 workers of 6 for evacuation
[2025-01-09T04:11:59.703+0000][200790.069s][info][gc,phases   ] GC(7795)   Pre Evacuate Collection Set: 0.2ms
[2025-01-09T04:11:59.703+0000][200790.069s][info][gc,phases   ] GC(7795)   Merge Heap Roots: 0.4ms
[2025-01-09T04:11:59.703+0000][200790.069s][info][gc,phases   ] GC(7795)   Evacuate Collection Set: 24.1ms
[2025-01-09T04:11:59.703+0000][200790.069s][info][gc,phases   ] GC(7795)   Post Evacuate Collection Set: 2.6ms
[2025-01-09T04:11:59.703+0000][200790.069s][info][gc,phases   ] GC(7795)   Other: 0.2ms
[2025-01-09T04:11:59.703+0000][200790.069s][info][gc,heap     ] GC(7795) Eden regions: 915->0(914)
[2025-01-09T04:11:59.703+0000][200790.069s][info][gc,heap     ] GC(7795) Survivor regions: 6->7(116)
[2025-01-09T04:11:59.703+0000][200790.069s][info][gc,heap     ] GC(7795) Old regions: 232->232
[2025-01-09T04:11:59.703+0000][200790.069s][info][gc,heap     ] GC(7795) Archive regions: 2->2
[2025-01-09T04:11:59.703+0000][200790.069s][info][gc,heap     ] GC(7795) Humongous regions: 49->49
[2025-01-09T04:11:59.703+0000][200790.069s][info][gc,metaspace] GC(7795) Metaspace: 524756K(534272K)->524756K(534272K) NonClass: 460824K(465536K)->460824K(465536K) Class: 63932K(68736K)->63932K(68736K)
[2025-01-09T04:11:59.703+0000][200790.069s][info][gc          ] GC(7795) Pause Young (Normal) (G1 Evacuation Pause) 9620M->2304M(12288M) 27.599ms
[2025-01-09T04:11:59.703+0000][200790.069s][info][gc,cpu      ] GC(7795) User=0.16s Sys=0.00s Real=0.03s
[2025-01-09T04:12:04.820+0000][200795.186s][info][gc,start    ] GC(7796) Pause Young (Normal) (G1 Evacuation Pause)
[2025-01-09T04:12:04.820+0000][200795.186s][info][gc,task     ] GC(7796) Using 6 workers of 6 for evacuation
[2025-01-09T04:12:04.847+0000][200795.213s][info][gc,phases   ] GC(7796)   Pre Evacuate Collection Set: 0.2ms
[2025-01-09T04:12:04.847+0000][200795.213s][info][gc,phases   ] GC(7796)   Merge Heap Roots: 0.4ms
[2025-01-09T04:12:04.847+0000][200795.213s][info][gc,phases   ] GC(7796)   Evacuate Collection Set: 24.0ms
[2025-01-09T04:12:04.847+0000][200795.213s][info][gc,phases   ] GC(7796)   Post Evacuate Collection Set: 2.5ms
[2025-01-09T04:12:04.847+0000][200795.213s][info][gc,phases   ] GC(7796)   Other: 0.2ms
[2025-01-09T04:12:04.847+0000][200795.213s][info][gc,heap     ] GC(7796) Eden regions: 914->0(913)
[2025-01-09T04:12:04.847+0000][200795.213s][info][gc,heap     ] GC(7796) Survivor regions: 7->8(116)
[2025-01-09T04:12:04.847+0000][200795.213s][info][gc,heap     ] GC(7796) Old regions: 232->232
[2025-01-09T04:12:04.847+0000][200795.213s][info][gc,heap     ] GC(7796) Archive regions: 2->2
[2025-01-09T04:12:04.847+0000][200795.213s][info][gc,heap     ] GC(7796) Humongous regions: 49->49
[2025-01-09T04:12:04.847+0000][200795.213s][info][gc,metaspace] GC(7796) Metaspace: 524756K(534272K)->524756K(534272K) NonClass: 460824K(465536K)->460824K(465536K) Class: 63932K(68736K)->63932K(68736K)
[2025-01-09T04:12:04.847+0000][200795.213s][info][gc          ] GC(7796) Pause Young (Normal) (G1 Evacuation Pause) 9616M->2311M(12288M) 27.413ms
[2025-01-09T04:12:04.847+0000][200795.213s][info][gc,cpu      ] GC(7796) User=0.16s Sys=0.00s Real=0.03s
[2025-01-09T04:12:09.209+0000][200799.575s][info][gc,start    ] GC(7797) Pause Young (Concurrent Start) (G1 Evacuation Pause)
[2025-01-09T04:12:09.209+0000][200799.575s][info][gc,task     ] GC(7797) Using 6 workers of 6 for evacuation
[2025-01-09T04:12:09.239+0000][200799.605s][info][gc,phases   ] GC(7797)   Pre Evacuate Collection Set: 1.1ms
[2025-01-09T04:12:09.239+0000][200799.605s][info][gc,phases   ] GC(7797)   Merge Heap Roots: 0.5ms
[2025-01-09T04:12:09.239+0000][200799.605s][info][gc,phases   ] GC(7797)   Evacuate Collection Set: 26.2ms
[2025-01-09T04:12:09.239+0000][200799.605s][info][gc,phases   ] GC(7797)   Post Evacuate Collection Set: 2.5ms
[2025-01-09T04:12:09.239+0000][200799.605s][info][gc,phases   ] GC(7797)   Other: 0.3ms
[2025-01-09T04:12:09.239+0000][200799.605s][info][gc,heap     ] GC(7797) Eden regions: 913->0(912)
[2025-01-09T04:12:09.239+0000][200799.605s][info][gc,heap     ] GC(7797) Survivor regions: 8->9(116)
[2025-01-09T04:12:09.239+0000][200799.605s][info][gc,heap     ] GC(7797) Old regions: 232->232
[2025-01-09T04:12:09.239+0000][200799.605s][info][gc,heap     ] GC(7797) Archive regions: 2->2
[2025-01-09T04:12:09.239+0000][200799.605s][info][gc,heap     ] GC(7797) Humongous regions: 49->49
[2025-01-09T04:12:09.239+0000][200799.605s][info][gc,metaspace] GC(7797) Metaspace: 524756K(534272K)->524756K(534272K) NonClass: 460824K(465536K)->460824K(465536K) Class: 63932K(68736K)->63932K(68736K)
[2025-01-09T04:12:09.239+0000][200799.605s][info][gc          ] GC(7797) Pause Young (Concurrent Start) (G1 Evacuation Pause) 9615M->2320M(12288M) 30.637ms
[2025-01-09T04:12:09.239+0000][200799.605s][info][gc,cpu      ] GC(7797) User=0.17s Sys=0.00s Real=0.03s
[2025-01-09T04:12:09.239+0000][200799.605s][info][gc          ] GC(7798) Concurrent Mark Cycle
[2025-01-09T04:12:09.239+0000][200799.605s][info][gc,marking  ] GC(7798) Concurrent Clear Claimed Marks
[2025-01-09T04:12:09.240+0000][200799.606s][info][gc,marking  ] GC(7798) Concurrent Clear Claimed Marks 0.928ms
[2025-01-09T04:12:09.240+0000][200799.606s][info][gc,marking  ] GC(7798) Concurrent Scan Root Regions
[2025-01-09T04:12:09.269+0000][200799.636s][info][gc,marking  ] GC(7798) Concurrent Scan Root Regions 29.134ms
[2025-01-09T04:12:09.269+0000][200799.636s][info][gc,marking  ] GC(7798) Concurrent Mark
[2025-01-09T04:12:09.269+0000][200799.636s][info][gc,marking  ] GC(7798) Concurrent Mark From Roots
[2025-01-09T04:12:09.270+0000][200799.636s][info][gc,task     ] GC(7798) Using 2 workers of 2 for marking
[2025-01-09T04:12:10.320+0000][200800.686s][info][gc,marking  ] GC(7798) Concurrent Mark From Roots 1050.432ms
[2025-01-09T04:12:10.320+0000][200800.686s][info][gc,marking  ] GC(7798) Concurrent Preclean
[2025-01-09T04:12:10.323+0000][200800.689s][info][gc,marking  ] GC(7798) Concurrent Preclean 2.782ms
[2025-01-09T04:12:10.323+0000][200800.689s][info][gc,start    ] GC(7798) Pause Remark
[2025-01-09T04:12:10.348+0000][200800.714s][info][gc          ] GC(7798) Pause Remark 4180M->4180M(12288M) 25.048ms
[2025-01-09T04:12:10.348+0000][200800.714s][info][gc,cpu      ] GC(7798) User=0.14s Sys=0.01s Real=0.02s
[2025-01-09T04:12:10.348+0000][200800.714s][info][gc,marking  ] GC(7798) Concurrent Mark 1078.626ms
[2025-01-09T04:12:10.348+0000][200800.714s][info][gc,marking  ] GC(7798) Concurrent Rebuild Remembered Sets
[2025-01-09T04:12:10.976+0000][200801.342s][info][gc,marking  ] GC(7798) Concurrent Rebuild Remembered Sets 627.852ms
[2025-01-09T04:12:10.978+0000][200801.344s][info][gc,start    ] GC(7798) Pause Cleanup
[2025-01-09T04:12:10.978+0000][200801.344s][info][gc          ] GC(7798) Pause Cleanup 5088M->5088M(12288M) 0.467ms
[2025-01-09T04:12:10.978+0000][200801.344s][info][gc,cpu      ] GC(7798) User=0.00s Sys=0.00s Real=0.00s
[2025-01-09T04:12:10.978+0000][200801.345s][info][gc,marking  ] GC(7798) Concurrent Cleanup for Next Mark
[2025-01-09T04:12:11.002+0000][200801.369s][info][gc,marking  ] GC(7798) Concurrent Cleanup for Next Mark 23.949ms
[2025-01-09T04:12:11.002+0000][200801.369s][info][gc          ] GC(7798) Concurrent Mark Cycle 1763.149ms
[2025-01-09T04:12:15.495+0000][200805.861s][info][gc,start    ] GC(7799) Pause Young (Prepare Mixed) (G1 Evacuation Pause)
[2025-01-09T04:12:15.495+0000][200805.861s][info][gc,task     ] GC(7799) Using 6 workers of 6 for evacuation
[2025-01-09T04:12:15.529+0000][200805.895s][info][gc,phases   ] GC(7799)   Pre Evacuate Collection Set: 0.2ms
[2025-01-09T04:12:15.529+0000][200805.895s][info][gc,phases   ] GC(7799)   Merge Heap Roots: 0.7ms
[2025-01-09T04:12:15.529+0000][200805.895s][info][gc,phases   ] GC(7799)   Evacuate Collection Set: 30.0ms
[2025-01-09T04:12:15.529+0000][200805.895s][info][gc,phases   ] GC(7799)   Post Evacuate Collection Set: 2.6ms
[2025-01-09T04:12:15.529+0000][200805.895s][info][gc,phases   ] GC(7799)   Other: 0.2ms
[2025-01-09T04:12:15.529+0000][200805.895s][info][gc,heap     ] GC(7799) Eden regions: 912->0(67)
[2025-01-09T04:12:15.529+0000][200805.895s][info][gc,heap     ] GC(7799) Survivor regions: 9->9(116)
[2025-01-09T04:12:15.529+0000][200805.895s][info][gc,heap     ] GC(7799) Old regions: 232->232
[2025-01-09T04:12:15.529+0000][200805.895s][info][gc,heap     ] GC(7799) Archive regions: 2->2
[2025-01-09T04:12:15.529+0000][200805.895s][info][gc,heap     ] GC(7799) Humongous regions: 49->49
[2025-01-09T04:12:15.529+0000][200805.895s][info][gc,metaspace] GC(7799) Metaspace: 524756K(534272K)->524756K(534272K) NonClass: 460824K(465536K)->460824K(465536K) Class: 63932K(68736K)->63932K(68736K)
[2025-01-09T04:12:15.529+0000][200805.895s][info][gc          ] GC(7799) Pause Young (Prepare Mixed) (G1 Evacuation Pause) 9616M->2321M(12288M) 33.832ms
[2025-01-09T04:12:15.529+0000][200805.895s][info][gc,cpu      ] GC(7799) User=0.20s Sys=0.00s Real=0.03s
[2025-01-09T04:12:16.135+0000][200806.501s][info][gc,start    ] GC(7800) Pause Young (Mixed) (G1 Evacuation Pause)
[2025-01-09T04:12:16.135+0000][200806.501s][info][gc,task     ] GC(7800) Using 6 workers of 6 for evacuation
[2025-01-09T04:12:16.182+0000][200806.548s][info][gc,phases   ] GC(7800)   Pre Evacuate Collection Set: 0.2ms
[2025-01-09T04:12:16.182+0000][200806.548s][info][gc,phases   ] GC(7800)   Merge Heap Roots: 0.5ms
[2025-01-09T04:12:16.182+0000][200806.548s][info][gc,phases   ] GC(7800)   Evacuate Collection Set: 44.2ms
[2025-01-09T04:12:16.182+0000][200806.548s][info][gc,phases   ] GC(7800)   Post Evacuate Collection Set: 1.7ms
[2025-01-09T04:12:16.182+0000][200806.548s][info][gc,phases   ] GC(7800)   Other: 0.2ms
[2025-01-09T04:12:16.182+0000][200806.548s][info][gc,heap     ] GC(7800) Eden regions: 67->0(916)
[2025-01-09T04:12:16.182+0000][200806.548s][info][gc,heap     ] GC(7800) Survivor regions: 9->5(10)
[2025-01-09T04:12:16.182+0000][200806.548s][info][gc,heap     ] GC(7800) Old regions: 232->230
[2025-01-09T04:12:16.182+0000][200806.548s][info][gc,heap     ] GC(7800) Archive regions: 2->2
[2025-01-09T04:12:16.182+0000][200806.548s][info][gc,heap     ] GC(7800) Humongous regions: 49->49
[2025-01-09T04:12:16.182+0000][200806.548s][info][gc,metaspace] GC(7800) Metaspace: 524756K(534272K)->524756K(534272K) NonClass: 460824K(465536K)->460824K(465536K) Class: 63932K(68736K)->63932K(68736K)
[2025-01-09T04:12:16.182+0000][200806.548s][info][gc          ] GC(7800) Pause Young (Mixed) (G1 Evacuation Pause) 2857M->2270M(12288M) 46.891ms
[2025-01-09T04:12:16.182+0000][200806.548s][info][gc,cpu      ] GC(7800) User=0.27s Sys=0.00s Real=0.05s
[2025-01-09T04:12:27.004+0000][200817.370s][info][gc,start    ] GC(7801) Pause Young (Normal) (GCLocker Initiated GC)
[2025-01-09T04:12:27.004+0000][200817.370s][info][gc,task     ] GC(7801) Using 6 workers of 6 for evacuation
[2025-01-09T04:12:27.038+0000][200817.405s][info][gc,phases   ] GC(7801)   Pre Evacuate Collection Set: 0.2ms
[2025-01-09T04:12:27.038+0000][200817.405s][info][gc,phases   ] GC(7801)   Merge Heap Roots: 0.4ms
[2025-01-09T04:12:27.038+0000][200817.405s][info][gc,phases   ] GC(7801)   Evacuate Collection Set: 28.2ms
[2025-01-09T04:12:27.038+0000][200817.405s][info][gc,phases   ] GC(7801)   Post Evacuate Collection Set: 5.4ms
[2025-01-09T04:12:27.038+0000][200817.405s][info][gc,phases   ] GC(7801)   Other: 0.2ms
[2025-01-09T04:12:27.038+0000][200817.405s][info][gc,heap     ] GC(7801) Eden regions: 916->0(913)
[2025-01-09T04:12:27.038+0000][200817.405s][info][gc,heap     ] GC(7801) Survivor regions: 5->8(116)
[2025-01-09T04:12:27.039+0000][200817.405s][info][gc,heap     ] GC(7801) Old regions: 230->230
[2025-01-09T04:12:27.039+0000][200817.405s][info][gc,heap     ] GC(7801) Archive regions: 2->2
[2025-01-09T04:12:27.039+0000][200817.405s][info][gc,heap     ] GC(7801) Humongous regions: 49->49
[2025-01-09T04:12:27.039+0000][200817.405s][info][gc,metaspace] GC(7801) Metaspace: 524756K(534272K)->524756K(534272K) NonClass: 460824K(465536K)->460824K(465536K) Class: 63932K(68736K)->63932K(68736K)
[2025-01-09T04:12:27.039+0000][200817.405s][info][gc          ] GC(7801) Pause Young (Normal) (GCLocker Initiated GC) 9598M->2295M(12288M) 34.515ms
[2025-01-09T04:12:27.039+0000][200817.405s][info][gc,cpu      ] GC(7801) User=0.20s Sys=0.00s Real=0.03s
[2025-01-09T04:12:34.665+0000][200825.031s][info][gc,start    ] GC(7802) Pause Young (Normal) (G1 Evacuation Pause)
[2025-01-09T04:12:34.665+0000][200825.031s][info][gc,task     ] GC(7802) Using 6 workers of 6 for evacuation
[2025-01-09T04:12:34.695+0000][200825.061s][info][gc,phases   ] GC(7802)   Pre Evacuate Collection Set: 0.2ms
[2025-01-09T04:12:34.695+0000][200825.061s][info][gc,phases   ] GC(7802)   Merge Heap Roots: 0.5ms
[2025-01-09T04:12:34.695+0000][200825.061s][info][gc,phases   ] GC(7802)   Evacuate Collection Set: 26.6ms
[2025-01-09T04:12:34.695+0000][200825.061s][info][gc,phases   ] GC(7802)   Post Evacuate Collection Set: 2.7ms
[2025-01-09T04:12:34.695+0000][200825.061s][info][gc,phases   ] GC(7802)   Other: 0.2ms
[2025-01-09T04:12:34.695+0000][200825.061s][info][gc,heap     ] GC(7802) Eden regions: 913->0(913)
[2025-01-09T04:12:34.695+0000][200825.061s][info][gc,heap     ] GC(7802) Survivor regions: 8->8(116)
[2025-01-09T04:12:34.695+0000][200825.061s][info][gc,heap     ] GC(7802) Old regions: 230->230
[2025-01-09T04:12:34.695+0000][200825.061s][info][gc,heap     ] GC(7802) Archive regions: 2->2
[2025-01-09T04:12:34.695+0000][200825.061s][info][gc,heap     ] GC(7802) Humongous regions: 49->49
[2025-01-09T04:12:34.695+0000][200825.061s][info][gc,metaspace] GC(7802) Metaspace: 524756K(534272K)->524756K(534272K) NonClass: 460824K(465536K)->460824K(465536K) Class: 63932K(68736K)->63932K(68736K)
[2025-01-09T04:12:34.695+0000][200825.061s][info][gc          ] GC(7802) Pause Young (Normal) (G1 Evacuation Pause) 9599M->2289M(12288M) 30.360ms
[2025-01-09T04:12:34.695+0000][200825.061s][info][gc,cpu      ] GC(7802) User=0.17s Sys=0.00s Real=0.03s
[2025-01-09T04:12:41.532+0000][200831.898s][info][gc,start    ] GC(7803) Pause Young (Concurrent Start) (G1 Evacuation Pause)
[2025-01-09T04:12:41.532+0000][200831.898s][info][gc,task     ] GC(7803) Using 6 workers of 6 for evacuation
[2025-01-09T04:12:41.569+0000][200831.935s][info][gc,phases   ] GC(7803)   Pre Evacuate Collection Set: 1.2ms
[2025-01-09T04:12:41.569+0000][200831.935s][info][gc,phases   ] GC(7803)   Merge Heap Roots: 0.4ms
[2025-01-09T04:12:41.569+0000][200831.936s][info][gc,phases   ] GC(7803)   Evacuate Collection Set: 31.4ms
[2025-01-09T04:12:41.569+0000][200831.936s][info][gc,phases   ] GC(7803)   Post Evacuate Collection Set: 4.5ms
[2025-01-09T04:12:41.569+0000][200831.936s][info][gc,phases   ] GC(7803)   Other: 0.3ms
[2025-01-09T04:12:41.569+0000][200831.936s][info][gc,heap     ] GC(7803) Eden regions: 913->0(912)
[2025-01-09T04:12:41.569+0000][200831.936s][info][gc,heap     ] GC(7803) Survivor regions: 8->9(116)
[2025-01-09T04:12:41.569+0000][200831.936s][info][gc,heap     ] GC(7803) Old regions: 230->230
[2025-01-09T04:12:41.569+0000][200831.936s][info][gc,heap     ] GC(7803) Archive regions: 2->2
[2025-01-09T04:12:41.569+0000][200831.936s][info][gc,heap     ] GC(7803) Humongous regions: 49->49
[2025-01-09T04:12:41.569+0000][200831.936s][info][gc,metaspace] GC(7803) Metaspace: 524756K(534272K)->524756K(534272K) NonClass: 460824K(465536K)->460824K(465536K) Class: 63932K(68736K)->63932K(68736K)
[2025-01-09T04:12:41.569+0000][200831.936s][info][gc          ] GC(7803) Pause Young (Concurrent Start) (G1 Evacuation Pause) 9593M->2303M(12288M) 37.879ms
[2025-01-09T04:12:41.570+0000][200831.936s][info][gc,cpu      ] GC(7803) User=0.20s Sys=0.01s Real=0.04s
[2025-01-09T04:12:41.570+0000][200831.936s][info][gc          ] GC(7804) Concurrent Mark Cycle
[2025-01-09T04:12:41.570+0000][200831.936s][info][gc,marking  ] GC(7804) Concurrent Clear Claimed Marks
[2025-01-09T04:12:41.571+0000][200831.937s][info][gc,marking  ] GC(7804) Concurrent Clear Claimed Marks 0.962ms
[2025-01-09T04:12:41.571+0000][200831.937s][info][gc,marking  ] GC(7804) Concurrent Scan Root Regions
[2025-01-09T04:12:41.602+0000][200831.968s][info][gc,marking  ] GC(7804) Concurrent Scan Root Regions 31.233ms
[2025-01-09T04:12:41.602+0000][200831.968s][info][gc,marking  ] GC(7804) Concurrent Mark
[2025-01-09T04:12:41.602+0000][200831.968s][info][gc,marking  ] GC(7804) Concurrent Mark From Roots
[2025-01-09T04:12:41.602+0000][200831.968s][info][gc,task     ] GC(7804) Using 2 workers of 2 for marking
[2025-01-09T04:12:42.659+0000][200833.025s][info][gc,marking  ] GC(7804) Concurrent Mark From Roots 1057.482ms
[2025-01-09T04:12:42.659+0000][200833.025s][info][gc,marking  ] GC(7804) Concurrent Preclean
[2025-01-09T04:12:42.662+0000][200833.028s][info][gc,marking  ] GC(7804) Concurrent Preclean 2.784ms
[2025-01-09T04:12:42.662+0000][200833.028s][info][gc,start    ] GC(7804) Pause Remark
[2025-01-09T04:12:42.688+0000][200833.054s][info][gc          ] GC(7804) Pause Remark 3787M->3787M(12288M) 25.655ms
[2025-01-09T04:12:42.688+0000][200833.054s][info][gc,cpu      ] GC(7804) User=0.15s Sys=0.00s Real=0.02s
[2025-01-09T04:12:42.688+0000][200833.054s][info][gc,marking  ] GC(7804) Concurrent Mark 1086.314ms
[2025-01-09T04:12:42.688+0000][200833.054s][info][gc,marking  ] GC(7804) Concurrent Rebuild Remembered Sets
[2025-01-09T04:12:43.222+0000][200833.588s][info][gc,marking  ] GC(7804) Concurrent Rebuild Remembered Sets 533.620ms
[2025-01-09T04:12:43.222+0000][200833.588s][info][gc,start    ] GC(7804) Pause Cleanup
[2025-01-09T04:12:43.222+0000][200833.588s][info][gc          ] GC(7804) Pause Cleanup 4099M->4099M(12288M) 0.421ms
[2025-01-09T04:12:43.222+0000][200833.589s][info][gc,cpu      ] GC(7804) User=0.00s Sys=0.00s Real=0.00s
[2025-01-09T04:12:43.222+0000][200833.589s][info][gc,marking  ] GC(7804) Concurrent Cleanup for Next Mark
[2025-01-09T04:12:43.251+0000][200833.617s][info][gc,marking  ] GC(7804) Concurrent Cleanup for Next Mark 28.183ms
[2025-01-09T04:12:43.251+0000][200833.617s][info][gc          ] GC(7804) Concurrent Mark Cycle 1681.117ms
[2025-01-09T04:12:51.039+0000][200841.405s][info][gc,start    ] GC(7805) Pause Young (Prepare Mixed) (G1 Evacuation Pause)
[2025-01-09T04:12:51.039+0000][200841.405s][info][gc,task     ] GC(7805) Using 6 workers of 6 for evacuation
[2025-01-09T04:12:51.080+0000][200841.446s][info][gc,phases   ] GC(7805)   Pre Evacuate Collection Set: 0.2ms
[2025-01-09T04:12:51.080+0000][200841.446s][info][gc,phases   ] GC(7805)   Merge Heap Roots: 0.7ms
[2025-01-09T04:12:51.080+0000][200841.446s][info][gc,phases   ] GC(7805)   Evacuate Collection Set: 37.4ms
[2025-01-09T04:12:51.080+0000][200841.446s][info][gc,phases   ] GC(7805)   Post Evacuate Collection Set: 2.9ms
[2025-01-09T04:12:51.080+0000][200841.446s][info][gc,phases   ] GC(7805)   Other: 0.2ms
[2025-01-09T04:12:51.080+0000][200841.446s][info][gc,heap     ] GC(7805) Eden regions: 912->0(65)
[2025-01-09T04:12:51.080+0000][200841.446s][info][gc,heap     ] GC(7805) Survivor regions: 9->11(116)
[2025-01-09T04:12:51.080+0000][200841.446s][info][gc,heap     ] GC(7805) Old regions: 230->230
[2025-01-09T04:12:51.080+0000][200841.446s][info][gc,heap     ] GC(7805) Archive regions: 2->2
[2025-01-09T04:12:51.080+0000][200841.446s][info][gc,heap     ] GC(7805) Humongous regions: 49->49
[2025-01-09T04:12:51.080+0000][200841.446s][info][gc,metaspace] GC(7805) Metaspace: 524756K(534272K)->524756K(534272K) NonClass: 460824K(465536K)->460824K(465536K) Class: 63932K(68736K)->63932K(68736K)
[2025-01-09T04:12:51.080+0000][200841.446s][info][gc          ] GC(7805) Pause Young (Prepare Mixed) (G1 Evacuation Pause) 9599M->2316M(12288M) 41.570ms
[2025-01-09T04:12:51.080+0000][200841.446s][info][gc,cpu      ] GC(7805) User=0.25s Sys=0.00s Real=0.04s
[2025-01-09T04:12:52.822+0000][200843.188s][info][gc,start    ] GC(7806) Pause Young (Mixed) (G1 Evacuation Pause)
[2025-01-09T04:12:52.822+0000][200843.188s][info][gc,task     ] GC(7806) Using 6 workers of 6 for evacuation
[2025-01-09T04:12:52.891+0000][200843.257s][info][gc,phases   ] GC(7806)   Pre Evacuate Collection Set: 0.2ms
[2025-01-09T04:12:52.891+0000][200843.257s][info][gc,phases   ] GC(7806)   Merge Heap Roots: 0.7ms
[2025-01-09T04:12:52.891+0000][200843.257s][info][gc,phases   ] GC(7806)   Evacuate Collection Set: 65.4ms
[2025-01-09T04:12:52.891+0000][200843.257s][info][gc,phases   ] GC(7806)   Post Evacuate Collection Set: 1.8ms
[2025-01-09T04:12:52.891+0000][200843.257s][info][gc,phases   ] GC(7806)   Other: 0.2ms
[2025-01-09T04:12:52.891+0000][200843.257s][info][gc,heap     ] GC(7806) Eden regions: 65->0(915)
[2025-01-09T04:12:52.891+0000][200843.257s][info][gc,heap     ] GC(7806) Survivor regions: 11->6(10)
[2025-01-09T04:12:52.891+0000][200843.257s][info][gc,heap     ] GC(7806) Old regions: 230->230
[2025-01-09T04:12:52.891+0000][200843.257s][info][gc,heap     ] GC(7806) Archive regions: 2->2
[2025-01-09T04:12:52.891+0000][200843.257s][info][gc,heap     ] GC(7806) Humongous regions: 49->49
[2025-01-09T04:12:52.891+0000][200843.257s][info][gc,metaspace] GC(7806) Metaspace: 524756K(534272K)->524756K(534272K) NonClass: 460824K(465536K)->460824K(465536K) Class: 63932K(68736K)->63932K(68736K)
[2025-01-09T04:12:52.891+0000][200843.257s][info][gc          ] GC(7806) Pause Young (Mixed) (G1 Evacuation Pause) 2836M->2280M(12288M) 68.341ms
[2025-01-09T04:12:52.891+0000][200843.257s][info][gc,cpu      ] GC(7806) User=0.40s Sys=0.00s Real=0.07s
[2025-01-09T04:13:02.520+0000][200852.886s][info][gc,start    ] GC(7807) Pause Young (Normal) (G1 Evacuation Pause)
[2025-01-09T04:13:02.520+0000][200852.886s][info][gc,task     ] GC(7807) Using 6 workers of 6 for evacuation
[2025-01-09T04:13:02.546+0000][200852.912s][info][gc,phases   ] GC(7807)   Pre Evacuate Collection Set: 0.2ms
[2025-01-09T04:13:02.546+0000][200852.912s][info][gc,phases   ] GC(7807)   Merge Heap Roots: 0.5ms
[2025-01-09T04:13:02.546+0000][200852.912s][info][gc,phases   ] GC(7807)   Evacuate Collection Set: 22.1ms
[2025-01-09T04:13:02.546+0000][200852.912s][info][gc,phases   ] GC(7807)   Post Evacuate Collection Set: 2.5ms
[2025-01-09T04:13:02.546+0000][200852.912s][info][gc,phases   ] GC(7807)   Other: 0.2ms
[2025-01-09T04:13:02.546+0000][200852.912s][info][gc,heap     ] GC(7807) Eden regions: 915->0(915)
[2025-01-09T04:13:02.546+0000][200852.912s][info][gc,heap     ] GC(7807) Survivor regions: 6->6(116)
[2025-01-09T04:13:02.546+0000][200852.912s][info][gc,heap     ] GC(7807) Old regions: 230->230
[2025-01-09T04:13:02.546+0000][200852.912s][info][gc,heap     ] GC(7807) Archive regions: 2->2
[2025-01-09T04:13:02.546+0000][200852.912s][info][gc,heap     ] GC(7807) Humongous regions: 49->49
[2025-01-09T04:13:02.546+0000][200852.912s][info][gc,metaspace] GC(7807) Metaspace: 524756K(534272K)->524756K(534272K) NonClass: 460824K(465536K)->460824K(465536K) Class: 63932K(68736K)->63932K(68736K)
[2025-01-09T04:13:02.546+0000][200852.912s][info][gc          ] GC(7807) Pause Young (Normal) (G1 Evacuation Pause) 9600M->2281M(12288M) 25.531ms
[2025-01-09T04:13:02.546+0000][200852.912s][info][gc,cpu      ] GC(7807) User=0.15s Sys=0.00s Real=0.03s
[2025-01-09T04:13:09.065+0000][200859.431s][info][gc,start    ] GC(7808) Pause Young (Normal) (G1 Evacuation Pause)
[2025-01-09T04:13:09.065+0000][200859.431s][info][gc,task     ] GC(7808) Using 6 workers of 6 for evacuation
[2025-01-09T04:13:09.092+0000][200859.458s][info][gc,phases   ] GC(7808)   Pre Evacuate Collection Set: 0.2ms
[2025-01-09T04:13:09.092+0000][200859.458s][info][gc,phases   ] GC(7808)   Merge Heap Roots: 0.4ms
[2025-01-09T04:13:09.092+0000][200859.458s][info][gc,phases   ] GC(7808)   Evacuate Collection Set: 23.1ms
[2025-01-09T04:13:09.092+0000][200859.458s][info][gc,phases   ] GC(7808)   Post Evacuate Collection Set: 2.5ms
[2025-01-09T04:13:09.092+0000][200859.458s][info][gc,phases   ] GC(7808)   Other: 0.2ms
[2025-01-09T04:13:09.092+0000][200859.458s][info][gc,heap     ] GC(7808) Eden regions: 915->0(914)
[2025-01-09T04:13:09.092+0000][200859.458s][info][gc,heap     ] GC(7808) Survivor regions: 6->7(116)
[2025-01-09T04:13:09.092+0000][200859.458s][info][gc,heap     ] GC(7808) Old regions: 230->230
[2025-01-09T04:13:09.092+0000][200859.458s][info][gc,heap     ] GC(7808) Archive regions: 2->2
[2025-01-09T04:13:09.092+0000][200859.458s][info][gc,heap     ] GC(7808) Humongous regions: 49->49
[2025-01-09T04:13:09.092+0000][200859.458s][info][gc,metaspace] GC(7808) Metaspace: 524756K(534272K)->524756K(534272K) NonClass: 460824K(465536K)->460824K(465536K) Class: 63932K(68736K)->63932K(68736K)
[2025-01-09T04:13:09.092+0000][200859.458s][info][gc          ] GC(7808) Pause Young (Normal) (G1 Evacuation Pause) 9601M->2287M(12288M) 26.569ms
[2025-01-09T04:13:09.092+0000][200859.458s][info][gc,cpu      ] GC(7808) User=0.15s Sys=0.01s Real=0.03s
[2025-01-09T04:13:16.840+0000][200867.206s][info][gc,start    ] GC(7809) Pause Young (Concurrent Start) (G1 Evacuation Pause)
[2025-01-09T04:13:16.840+0000][200867.206s][info][gc,task     ] GC(7809) Using 6 workers of 6 for evacuation
[2025-01-09T04:13:16.871+0000][200867.237s][info][gc,phases   ] GC(7809)   Pre Evacuate Collection Set: 1.1ms
[2025-01-09T04:13:16.871+0000][200867.237s][info][gc,phases   ] GC(7809)   Merge Heap Roots: 0.5ms
[2025-01-09T04:13:16.871+0000][200867.237s][info][gc,phases   ] GC(7809)   Evacuate Collection Set: 27.1ms
[2025-01-09T04:13:16.871+0000][200867.237s][info][gc,phases   ] GC(7809)   Post Evacuate Collection Set: 2.5ms
[2025-01-09T04:13:16.871+0000][200867.237s][info][gc,phases   ] GC(7809)   Other: 0.3ms
[2025-01-09T04:13:16.871+0000][200867.237s][info][gc,heap     ] GC(7809) Eden regions: 914->0(914)
[2025-01-09T04:13:16.871+0000][200867.237s][info][gc,heap     ] GC(7809) Survivor regions: 7->7(116)
[2025-01-09T04:13:16.871+0000][200867.237s][info][gc,heap     ] GC(7809) Old regions: 230->230
[2025-01-09T04:13:16.871+0000][200867.237s][info][gc,heap     ] GC(7809) Archive regions: 2->2
[2025-01-09T04:13:16.871+0000][200867.237s][info][gc,heap     ] GC(7809) Humongous regions: 49->49
[2025-01-09T04:13:16.871+0000][200867.237s][info][gc,metaspace] GC(7809) Metaspace: 524756K(534272K)->524756K(534272K) NonClass: 460824K(465536K)->460824K(465536K) Class: 63932K(68736K)->63932K(68736K)
[2025-01-09T04:13:16.871+0000][200867.237s][info][gc          ] GC(7809) Pause Young (Concurrent Start) (G1 Evacuation Pause) 9599M->2287M(12288M) 31.537ms
[2025-01-09T04:13:16.871+0000][200867.237s][info][gc,cpu      ] GC(7809) User=0.18s Sys=0.00s Real=0.04s
[2025-01-09T04:13:16.871+0000][200867.237s][info][gc          ] GC(7810) Concurrent Mark Cycle
[2025-01-09T04:13:16.871+0000][200867.238s][info][gc,marking  ] GC(7810) Concurrent Clear Claimed Marks
[2025-01-09T04:13:16.872+0000][200867.238s][info][gc,marking  ] GC(7810) Concurrent Clear Claimed Marks 0.894ms
[2025-01-09T04:13:16.872+0000][200867.238s][info][gc,marking  ] GC(7810) Concurrent Scan Root Regions
[2025-01-09T04:13:16.899+0000][200867.265s][info][gc,marking  ] GC(7810) Concurrent Scan Root Regions 26.853ms
[2025-01-09T04:13:16.899+0000][200867.265s][info][gc,marking  ] GC(7810) Concurrent Mark
[2025-01-09T04:13:16.899+0000][200867.265s][info][gc,marking  ] GC(7810) Concurrent Mark From Roots
[2025-01-09T04:13:16.899+0000][200867.265s][info][gc,task     ] GC(7810) Using 2 workers of 2 for marking
[2025-01-09T04:13:17.956+0000][200868.322s][info][gc,marking  ] GC(7810) Concurrent Mark From Roots 1056.576ms
[2025-01-09T04:13:17.956+0000][200868.322s][info][gc,marking  ] GC(7810) Concurrent Preclean
[2025-01-09T04:13:17.960+0000][200868.326s][info][gc,marking  ] GC(7810) Concurrent Preclean 3.777ms
[2025-01-09T04:13:17.960+0000][200868.326s][info][gc,start    ] GC(7810) Pause Remark
[2025-01-09T04:13:17.985+0000][200868.351s][info][gc          ] GC(7810) Pause Remark 4159M->4159M(12288M) 25.380ms
[2025-01-09T04:13:17.985+0000][200868.351s][info][gc,cpu      ] GC(7810) User=0.15s Sys=0.00s Real=0.03s
[2025-01-09T04:13:17.985+0000][200868.352s][info][gc,marking  ] GC(7810) Concurrent Mark 1086.298ms
[2025-01-09T04:13:17.986+0000][200868.352s][info][gc,marking  ] GC(7810) Concurrent Rebuild Remembered Sets
[2025-01-09T04:13:18.686+0000][200869.052s][info][gc,marking  ] GC(7810) Concurrent Rebuild Remembered Sets 700.401ms
[2025-01-09T04:13:18.686+0000][200869.052s][info][gc,start    ] GC(7810) Pause Cleanup
[2025-01-09T04:13:18.687+0000][200869.053s][info][gc          ] GC(7810) Pause Cleanup 5363M->5363M(12288M) 0.447ms
[2025-01-09T04:13:18.687+0000][200869.053s][info][gc,cpu      ] GC(7810) User=0.00s Sys=0.00s Real=0.00s
[2025-01-09T04:13:18.687+0000][200869.053s][info][gc,marking  ] GC(7810) Concurrent Cleanup for Next Mark
[2025-01-09T04:13:18.703+0000][200869.069s][info][gc,marking  ] GC(7810) Concurrent Cleanup for Next Mark 16.264ms
[2025-01-09T04:13:18.703+0000][200869.069s][info][gc          ] GC(7810) Concurrent Mark Cycle 1831.569ms
[2025-01-09T04:13:20.558+0000][200870.924s][info][gc,start    ] GC(7811) Pause Young (Prepare Mixed) (G1 Evacuation Pause)
[2025-01-09T04:13:20.558+0000][200870.924s][info][gc,task     ] GC(7811) Using 6 workers of 6 for evacuation
[2025-01-09T04:13:20.590+0000][200870.956s][info][gc,phases   ] GC(7811)   Pre Evacuate Collection Set: 0.2ms
[2025-01-09T04:13:20.590+0000][200870.956s][info][gc,phases   ] GC(7811)   Merge Heap Roots: 0.7ms
[2025-01-09T04:13:20.590+0000][200870.956s][info][gc,phases   ] GC(7811)   Evacuate Collection Set: 28.0ms
[2025-01-09T04:13:20.590+0000][200870.956s][info][gc,phases   ] GC(7811)   Post Evacuate Collection Set: 2.5ms
[2025-01-09T04:13:20.590+0000][200870.956s][info][gc,phases   ] GC(7811)   Other: 0.2ms
[2025-01-09T04:13:20.590+0000][200870.956s][info][gc,heap     ] GC(7811) Eden regions: 914->0(68)
[2025-01-09T04:13:20.590+0000][200870.956s][info][gc,heap     ] GC(7811) Survivor regions: 7->8(116)
[2025-01-09T04:13:20.590+0000][200870.956s][info][gc,heap     ] GC(7811) Old regions: 230->230
[2025-01-09T04:13:20.590+0000][200870.956s][info][gc,heap     ] GC(7811) Archive regions: 2->2
[2025-01-09T04:13:20.590+0000][200870.956s][info][gc,heap     ] GC(7811) Humongous regions: 49->49
[2025-01-09T04:13:20.590+0000][200870.956s][info][gc,metaspace] GC(7811) Metaspace: 524756K(534272K)->524756K(534272K) NonClass: 460824K(465536K)->460824K(465536K) Class: 63932K(68736K)->63932K(68736K)
[2025-01-09T04:13:20.590+0000][200870.956s][info][gc          ] GC(7811) Pause Young (Prepare Mixed) (G1 Evacuation Pause) 9599M->2301M(12288M) 31.722ms
[2025-01-09T04:13:20.590+0000][200870.956s][info][gc,cpu      ] GC(7811) User=0.17s Sys=0.01s Real=0.04s
[2025-01-09T04:13:20.817+0000][200871.183s][info][gc,start    ] GC(7812) Pause Young (Mixed) (G1 Evacuation Pause)
[2025-01-09T04:13:20.817+0000][200871.183s][info][gc,task     ] GC(7812) Using 6 workers of 6 for evacuation
[2025-01-09T04:13:20.882+0000][200871.248s][info][gc,phases   ] GC(7812)   Pre Evacuate Collection Set: 0.2ms
[2025-01-09T04:13:20.882+0000][200871.248s][info][gc,phases   ] GC(7812)   Merge Heap Roots: 0.7ms
[2025-01-09T04:13:20.882+0000][200871.248s][info][gc,phases   ] GC(7812)   Evacuate Collection Set: 61.9ms
[2025-01-09T04:13:20.882+0000][200871.248s][info][gc,phases   ] GC(7812)   Post Evacuate Collection Set: 1.8ms
[2025-01-09T04:13:20.882+0000][200871.248s][info][gc,phases   ] GC(7812)   Other: 0.2ms
[2025-01-09T04:13:20.882+0000][200871.248s][info][gc,heap     ] GC(7812) Eden regions: 68->0(913)
[2025-01-09T04:13:20.882+0000][200871.248s][info][gc,heap     ] GC(7812) Survivor regions: 8->8(10)
[2025-01-09T04:13:20.882+0000][200871.248s][info][gc,heap     ] GC(7812) Old regions: 230->229
[2025-01-09T04:13:20.882+0000][200871.248s][info][gc,heap     ] GC(7812) Archive regions: 2->2
[2025-01-09T04:13:20.882+0000][200871.248s][info][gc,heap     ] GC(7812) Humongous regions: 49->49
[2025-01-09T04:13:20.882+0000][200871.248s][info][gc,metaspace] GC(7812) Metaspace: 524756K(534272K)->524756K(534272K) NonClass: 460824K(465536K)->460824K(465536K) Class: 63932K(68736K)->63932K(68736K)
[2025-01-09T04:13:20.882+0000][200871.248s][info][gc          ] GC(7812) Pause Young (Mixed) (G1 Evacuation Pause) 2845M->2286M(12288M) 64.869ms
[2025-01-09T04:13:20.882+0000][200871.248s][info][gc,cpu      ] GC(7812) User=0.39s Sys=0.00s Real=0.07s
[2025-01-09T04:13:27.618+0000][200877.984s][info][gc,start    ] GC(7813) Pause Young (Normal) (G1 Evacuation Pause)
[2025-01-09T04:13:27.618+0000][200877.984s][info][gc,task     ] GC(7813) Using 6 workers of 6 for evacuation
[2025-01-09T04:13:27.649+0000][200878.015s][info][gc,phases   ] GC(7813)   Pre Evacuate Collection Set: 0.2ms
[2025-01-09T04:13:27.649+0000][200878.015s][info][gc,phases   ] GC(7813)   Merge Heap Roots: 0.5ms
[2025-01-09T04:13:27.649+0000][200878.015s][info][gc,phases   ] GC(7813)   Evacuate Collection Set: 25.1ms
[2025-01-09T04:13:27.649+0000][200878.015s][info][gc,phases   ] GC(7813)   Post Evacuate Collection Set: 5.2ms
[2025-01-09T04:13:27.649+0000][200878.015s][info][gc,phases   ] GC(7813)   Other: 0.2ms
[2025-01-09T04:13:27.649+0000][200878.015s][info][gc,heap     ] GC(7813) Eden regions: 913->0(913)
[2025-01-09T04:13:27.649+0000][200878.015s][info][gc,heap     ] GC(7813) Survivor regions: 8->8(116)
[2025-01-09T04:13:27.649+0000][200878.015s][info][gc,heap     ] GC(7813) Old regions: 229->229
[2025-01-09T04:13:27.649+0000][200878.015s][info][gc,heap     ] GC(7813) Archive regions: 2->2
[2025-01-09T04:13:27.649+0000][200878.015s][info][gc,heap     ] GC(7813) Humongous regions: 49->49
[2025-01-09T04:13:27.649+0000][200878.015s][info][gc,metaspace] GC(7813) Metaspace: 524756K(534272K)->524756K(534272K) NonClass: 460824K(465536K)->460824K(465536K) Class: 63932K(68736K)->63932K(68736K)
[2025-01-09T04:13:27.649+0000][200878.015s][info][gc          ] GC(7813) Pause Young (Normal) (G1 Evacuation Pause) 9590M->2286M(12288M) 31.337ms
[2025-01-09T04:13:27.649+0000][200878.015s][info][gc,cpu      ] GC(7813) User=0.18s Sys=0.00s Real=0.03s
[2025-01-09T04:13:36.733+0000][200887.099s][info][gc,start    ] GC(7814) Pause Young (Normal) (G1 Evacuation Pause)
[2025-01-09T04:13:36.733+0000][200887.099s][info][gc,task     ] GC(7814) Using 6 workers of 6 for evacuation
[2025-01-09T04:13:36.768+0000][200887.134s][info][gc,phases   ] GC(7814)   Pre Evacuate Collection Set: 0.2ms
[2025-01-09T04:13:36.768+0000][200887.134s][info][gc,phases   ] GC(7814)   Merge Heap Roots: 0.5ms
[2025-01-09T04:13:36.768+0000][200887.134s][info][gc,phases   ] GC(7814)   Evacuate Collection Set: 29.8ms
[2025-01-09T04:13:36.768+0000][200887.134s][info][gc,phases   ] GC(7814)   Post Evacuate Collection Set: 4.0ms
[2025-01-09T04:13:36.768+0000][200887.134s][info][gc,phases   ] GC(7814)   Other: 0.2ms
[2025-01-09T04:13:36.768+0000][200887.134s][info][gc,heap     ] GC(7814) Eden regions: 913->0(912)
[2025-01-09T04:13:36.768+0000][200887.134s][info][gc,heap     ] GC(7814) Survivor regions: 8->9(116)
[2025-01-09T04:13:36.768+0000][200887.134s][info][gc,heap     ] GC(7814) Old regions: 229->229
[2025-01-09T04:13:36.768+0000][200887.134s][info][gc,heap     ] GC(7814) Archive regions: 2->2
[2025-01-09T04:13:36.768+0000][200887.134s][info][gc,heap     ] GC(7814) Humongous regions: 49->49
[2025-01-09T04:13:36.768+0000][200887.134s][info][gc,metaspace] GC(7814) Metaspace: 524756K(534272K)->524756K(534272K) NonClass: 460824K(465536K)->460824K(465536K) Class: 63932K(68736K)->63932K(68736K)
[2025-01-09T04:13:36.768+0000][200887.134s][info][gc          ] GC(7814) Pause Young (Normal) (G1 Evacuation Pause) 9590M->2292M(12288M) 34.806ms
[2025-01-09T04:13:36.768+0000][200887.134s][info][gc,cpu      ] GC(7814) User=0.20s Sys=0.00s Real=0.03s
[2025-01-09T04:13:51.062+0000][200901.428s][info][gc,start    ] GC(7815) Pause Young (Concurrent Start) (G1 Evacuation Pause)
[2025-01-09T04:13:51.062+0000][200901.428s][info][gc,task     ] GC(7815) Using 6 workers of 6 for evacuation
[2025-01-09T04:13:51.104+0000][200901.470s][info][gc,phases   ] GC(7815)   Pre Evacuate Collection Set: 1.1ms
[2025-01-09T04:13:51.104+0000][200901.470s][info][gc,phases   ] GC(7815)   Merge Heap Roots: 0.5ms
[2025-01-09T04:13:51.104+0000][200901.470s][info][gc,phases   ] GC(7815)   Evacuate Collection Set: 36.3ms
[2025-01-09T04:13:51.104+0000][200901.470s][info][gc,phases   ] GC(7815)   Post Evacuate Collection Set: 3.0ms
[2025-01-09T04:13:51.104+0000][200901.470s][info][gc,phases   ] GC(7815)   Other: 0.3ms
[2025-01-09T04:13:51.104+0000][200901.470s][info][gc,heap     ] GC(7815) Eden regions: 912->0(911)
[2025-01-09T04:13:51.104+0000][200901.470s][info][gc,heap     ] GC(7815) Survivor regions: 9->10(116)
[2025-01-09T04:13:51.104+0000][200901.470s][info][gc,heap     ] GC(7815) Old regions: 229->229
[2025-01-09T04:13:51.104+0000][200901.470s][info][gc,heap     ] GC(7815) Archive regions: 2->2
[2025-01-09T04:13:51.104+0000][200901.470s][info][gc,heap     ] GC(7815) Humongous regions: 49->49
[2025-01-09T04:13:51.104+0000][200901.470s][info][gc,metaspace] GC(7815) Metaspace: 524756K(534272K)->524756K(534272K) NonClass: 460824K(465536K)->460824K(465536K) Class: 63932K(68736K)->63932K(68736K)
[2025-01-09T04:13:51.104+0000][200901.470s][info][gc          ] GC(7815) Pause Young (Concurrent Start) (G1 Evacuation Pause) 9588M->2301M(12288M) 41.321ms
[2025-01-09T04:13:51.104+0000][200901.470s][info][gc,cpu      ] GC(7815) User=0.23s Sys=0.00s Real=0.04s
[2025-01-09T04:13:51.104+0000][200901.470s][info][gc          ] GC(7816) Concurrent Mark Cycle
[2025-01-09T04:13:51.104+0000][200901.470s][info][gc,marking  ] GC(7816) Concurrent Clear Claimed Marks
[2025-01-09T04:13:51.105+0000][200901.471s][info][gc,marking  ] GC(7816) Concurrent Clear Claimed Marks 0.932ms
[2025-01-09T04:13:51.105+0000][200901.471s][info][gc,marking  ] GC(7816) Concurrent Scan Root Regions
[2025-01-09T04:13:51.141+0000][200901.507s][info][gc,marking  ] GC(7816) Concurrent Scan Root Regions 36.082ms
[2025-01-09T04:13:51.141+0000][200901.507s][info][gc,marking  ] GC(7816) Concurrent Mark
[2025-01-09T04:13:51.141+0000][200901.507s][info][gc,marking  ] GC(7816) Concurrent Mark From Roots
[2025-01-09T04:13:51.141+0000][200901.507s][info][gc,task     ] GC(7816) Using 2 workers of 2 for marking
[2025-01-09T04:13:51.921+0000][200902.287s][info][gc,marking  ] GC(7816) Concurrent Mark From Roots 780.444ms
[2025-01-09T04:13:51.921+0000][200902.287s][info][gc,marking  ] GC(7816) Concurrent Preclean
[2025-01-09T04:13:51.924+0000][200902.290s][info][gc,marking  ] GC(7816) Concurrent Preclean 2.969ms
[2025-01-09T04:13:51.924+0000][200902.291s][info][gc,start    ] GC(7816) Pause Remark
[2025-01-09T04:13:51.951+0000][200902.317s][info][gc          ] GC(7816) Pause Remark 2993M->2993M(12288M) 26.106ms
[2025-01-09T04:13:51.951+0000][200902.317s][info][gc,cpu      ] GC(7816) User=0.14s Sys=0.00s Real=0.03s
[2025-01-09T04:13:51.951+0000][200902.317s][info][gc,marking  ] GC(7816) Concurrent Mark 809.903ms
[2025-01-09T04:13:51.951+0000][200902.317s][info][gc,marking  ] GC(7816) Concurrent Rebuild Remembered Sets
[2025-01-09T04:13:52.456+0000][200902.822s][info][gc,marking  ] GC(7816) Concurrent Rebuild Remembered Sets 504.918ms
[2025-01-09T04:13:52.456+0000][200902.822s][info][gc,start    ] GC(7816) Pause Cleanup
[2025-01-09T04:13:52.456+0000][200902.822s][info][gc          ] GC(7816) Pause Cleanup 3297M->3297M(12288M) 0.465ms
[2025-01-09T04:13:52.456+0000][200902.822s][info][gc,cpu      ] GC(7816) User=0.00s Sys=0.00s Real=0.00s
[2025-01-09T04:13:52.456+0000][200902.823s][info][gc,marking  ] GC(7816) Concurrent Cleanup for Next Mark
[2025-01-09T04:13:52.472+0000][200902.838s][info][gc,marking  ] GC(7816) Concurrent Cleanup for Next Mark 15.491ms
[2025-01-09T04:13:52.472+0000][200902.838s][info][gc          ] GC(7816) Concurrent Mark Cycle 1368.239ms
[2025-01-09T04:13:59.321+0000][200909.687s][info][gc,start    ] GC(7817) Pause Young (Prepare Mixed) (G1 Evacuation Pause)
[2025-01-09T04:13:59.321+0000][200909.687s][info][gc,task     ] GC(7817) Using 6 workers of 6 for evacuation
[2025-01-09T04:13:59.362+0000][200909.728s][info][gc,phases   ] GC(7817)   Pre Evacuate Collection Set: 0.2ms
[2025-01-09T04:13:59.362+0000][200909.728s][info][gc,phases   ] GC(7817)   Merge Heap Roots: 0.7ms
[2025-01-09T04:13:59.362+0000][200909.728s][info][gc,phases   ] GC(7817)   Evacuate Collection Set: 37.6ms
[2025-01-09T04:13:59.362+0000][200909.728s][info][gc,phases   ] GC(7817)   Post Evacuate Collection Set: 2.6ms
[2025-01-09T04:13:59.362+0000][200909.728s][info][gc,phases   ] GC(7817)   Other: 0.2ms
[2025-01-09T04:13:59.362+0000][200909.728s][info][gc,heap     ] GC(7817) Eden regions: 911->0(65)
[2025-01-09T04:13:59.362+0000][200909.728s][info][gc,heap     ] GC(7817) Survivor regions: 10->11(116)
[2025-01-09T04:13:59.362+0000][200909.728s][info][gc,heap     ] GC(7817) Old regions: 229->229
[2025-01-09T04:13:59.362+0000][200909.728s][info][gc,heap     ] GC(7817) Archive regions: 2->2
[2025-01-09T04:13:59.362+0000][200909.728s][info][gc,heap     ] GC(7817) Humongous regions: 49->49
[2025-01-09T04:13:59.362+0000][200909.728s][info][gc,metaspace] GC(7817) Metaspace: 524756K(534272K)->524756K(534272K) NonClass: 460824K(465536K)->460824K(465536K) Class: 63932K(68736K)->63932K(68736K)
[2025-01-09T04:13:59.362+0000][200909.728s][info][gc          ] GC(7817) Pause Young (Prepare Mixed) (G1 Evacuation Pause) 9589M->2311M(12288M) 41.486ms
[2025-01-09T04:13:59.362+0000][200909.728s][info][gc,cpu      ] GC(7817) User=0.24s Sys=0.00s Real=0.05s
[2025-01-09T04:13:59.721+0000][200910.087s][info][gc,start    ] GC(7818) Pause Young (Mixed) (G1 Evacuation Pause)
[2025-01-09T04:13:59.721+0000][200910.087s][info][gc,task     ] GC(7818) Using 6 workers of 6 for evacuation
[2025-01-09T04:13:59.790+0000][200910.156s][info][gc,phases   ] GC(7818)   Pre Evacuate Collection Set: 0.2ms
[2025-01-09T04:13:59.790+0000][200910.156s][info][gc,phases   ] GC(7818)   Merge Heap Roots: 0.7ms
[2025-01-09T04:13:59.790+0000][200910.156s][info][gc,phases   ] GC(7818)   Evacuate Collection Set: 66.0ms
[2025-01-09T04:13:59.790+0000][200910.156s][info][gc,phases   ] GC(7818)   Post Evacuate Collection Set: 1.7ms
[2025-01-09T04:13:59.790+0000][200910.156s][info][gc,phases   ] GC(7818)   Other: 0.2ms
[2025-01-09T04:13:59.790+0000][200910.156s][info][gc,heap     ] GC(7818) Eden regions: 65->0(915)
[2025-01-09T04:13:59.790+0000][200910.156s][info][gc,heap     ] GC(7818) Survivor regions: 11->6(10)
[2025-01-09T04:13:59.790+0000][200910.156s][info][gc,heap     ] GC(7818) Old regions: 229->230
[2025-01-09T04:13:59.790+0000][200910.156s][info][gc,heap     ] GC(7818) Archive regions: 2->2
[2025-01-09T04:13:59.790+0000][200910.156s][info][gc,heap     ] GC(7818) Humongous regions: 49->49
[2025-01-09T04:13:59.790+0000][200910.156s][info][gc,metaspace] GC(7818) Metaspace: 524756K(534272K)->524756K(534272K) NonClass: 460824K(465536K)->460824K(465536K) Class: 63932K(68736K)->63932K(68736K)
[2025-01-09T04:13:59.790+0000][200910.156s][info][gc          ] GC(7818) Pause Young (Mixed) (G1 Evacuation Pause) 2831M->2277M(12288M) 68.746ms
[2025-01-09T04:13:59.790+0000][200910.156s][info][gc,cpu      ] GC(7818) User=0.40s Sys=0.00s Real=0.08s
[2025-01-09T04:14:05.835+0000][200916.201s][info][gc,start    ] GC(7819) Pause Young (Normal) (G1 Evacuation Pause)
[2025-01-09T04:14:05.835+0000][200916.202s][info][gc,task     ] GC(7819) Using 6 workers of 6 for evacuation
[2025-01-09T04:14:05.865+0000][200916.231s][info][gc,phases   ] GC(7819)   Pre Evacuate Collection Set: 0.2ms
[2025-01-09T04:14:05.865+0000][200916.231s][info][gc,phases   ] GC(7819)   Merge Heap Roots: 0.4ms
[2025-01-09T04:14:05.865+0000][200916.231s][info][gc,phases   ] GC(7819)   Evacuate Collection Set: 26.3ms
[2025-01-09T04:14:05.865+0000][200916.231s][info][gc,phases   ] GC(7819)   Post Evacuate Collection Set: 2.5ms
[2025-01-09T04:14:05.865+0000][200916.231s][info][gc,phases   ] GC(7819)   Other: 0.2ms
[2025-01-09T04:14:05.865+0000][200916.231s][info][gc,heap     ] GC(7819) Eden regions: 915->0(914)
[2025-01-09T04:14:05.865+0000][200916.231s][info][gc,heap     ] GC(7819) Survivor regions: 6->7(116)
[2025-01-09T04:14:05.865+0000][200916.231s][info][gc,heap     ] GC(7819) Old regions: 230->230
[2025-01-09T04:14:05.865+0000][200916.231s][info][gc,heap     ] GC(7819) Archive regions: 2->2
[2025-01-09T04:14:05.865+0000][200916.231s][info][gc,heap     ] GC(7819) Humongous regions: 49->49
[2025-01-09T04:14:05.865+0000][200916.231s][info][gc,metaspace] GC(7819) Metaspace: 524756K(534272K)->524756K(534272K) NonClass: 460824K(465536K)->460824K(465536K) Class: 63932K(68736K)->63932K(68736K)
[2025-01-09T04:14:05.865+0000][200916.231s][info][gc          ] GC(7819) Pause Young (Normal) (G1 Evacuation Pause) 9597M->2283M(12288M) 29.739ms
[2025-01-09T04:14:05.865+0000][200916.231s][info][gc,cpu      ] GC(7819) User=0.18s Sys=0.00s Real=0.03s
[2025-01-09T04:14:12.993+0000][200923.359s][info][gc,start    ] GC(7820) Pause Young (Normal) (G1 Evacuation Pause)
[2025-01-09T04:14:12.993+0000][200923.359s][info][gc,task     ] GC(7820) Using 6 workers of 6 for evacuation
[2025-01-09T04:14:13.023+0000][200923.389s][info][gc,phases   ] GC(7820)   Pre Evacuate Collection Set: 0.2ms
[2025-01-09T04:14:13.023+0000][200923.389s][info][gc,phases   ] GC(7820)   Merge Heap Roots: 0.4ms
[2025-01-09T04:14:13.023+0000][200923.389s][info][gc,phases   ] GC(7820)   Evacuate Collection Set: 25.2ms
[2025-01-09T04:14:13.023+0000][200923.389s][info][gc,phases   ] GC(7820)   Post Evacuate Collection Set: 4.0ms
[2025-01-09T04:14:13.023+0000][200923.389s][info][gc,phases   ] GC(7820)   Other: 0.2ms
[2025-01-09T04:14:13.023+0000][200923.389s][info][gc,heap     ] GC(7820) Eden regions: 914->0(913)
[2025-01-09T04:14:13.023+0000][200923.389s][info][gc,heap     ] GC(7820) Survivor regions: 7->8(116)
[2025-01-09T04:14:13.023+0000][200923.389s][info][gc,heap     ] GC(7820) Old regions: 230->230
[2025-01-09T04:14:13.023+0000][200923.389s][info][gc,heap     ] GC(7820) Archive regions: 2->2
[2025-01-09T04:14:13.023+0000][200923.389s][info][gc,heap     ] GC(7820) Humongous regions: 49->49
[2025-01-09T04:14:13.023+0000][200923.389s][info][gc,metaspace] GC(7820) Metaspace: 524756K(534272K)->524756K(534272K) NonClass: 460824K(465536K)->460824K(465536K) Class: 63932K(68736K)->63932K(68736K)
[2025-01-09T04:14:13.023+0000][200923.389s][info][gc          ] GC(7820) Pause Young (Normal) (G1 Evacuation Pause) 9595M->2291M(12288M) 30.177ms
[2025-01-09T04:14:13.023+0000][200923.389s][info][gc,cpu      ] GC(7820) User=0.17s Sys=0.00s Real=0.03s
[2025-01-09T04:14:22.961+0000][200933.327s][info][gc,start    ] GC(7821) Pause Young (Concurrent Start) (G1 Evacuation Pause)
[2025-01-09T04:14:22.961+0000][200933.327s][info][gc,task     ] GC(7821) Using 6 workers of 6 for evacuation
[2025-01-09T04:14:22.997+0000][200933.364s][info][gc,phases   ] GC(7821)   Pre Evacuate Collection Set: 1.2ms
[2025-01-09T04:14:22.997+0000][200933.364s][info][gc,phases   ] GC(7821)   Merge Heap Roots: 0.5ms
[2025-01-09T04:14:22.997+0000][200933.364s][info][gc,phases   ] GC(7821)   Evacuate Collection Set: 30.9ms
[2025-01-09T04:14:22.997+0000][200933.364s][info][gc,phases   ] GC(7821)   Post Evacuate Collection Set: 4.1ms
[2025-01-09T04:14:22.997+0000][200933.364s][info][gc,phases   ] GC(7821)   Other: 0.3ms
[2025-01-09T04:14:22.997+0000][200933.364s][info][gc,heap     ] GC(7821) Eden regions: 913->0(912)
[2025-01-09T04:14:22.997+0000][200933.364s][info][gc,heap     ] GC(7821) Survivor regions: 8->9(116)
[2025-01-09T04:14:22.997+0000][200933.364s][info][gc,heap     ] GC(7821) Old regions: 230->230
[2025-01-09T04:14:22.997+0000][200933.364s][info][gc,heap     ] GC(7821) Archive regions: 2->2
[2025-01-09T04:14:22.997+0000][200933.364s][info][gc,heap     ] GC(7821) Humongous regions: 49->49
[2025-01-09T04:14:22.998+0000][200933.364s][info][gc,metaspace] GC(7821) Metaspace: 524756K(534272K)->524756K(534272K) NonClass: 460824K(465536K)->460824K(465536K) Class: 63932K(68736K)->63932K(68736K)
[2025-01-09T04:14:22.998+0000][200933.364s][info][gc          ] GC(7821) Pause Young (Concurrent Start) (G1 Evacuation Pause) 9595M->2299M(12288M) 36.950ms
[2025-01-09T04:14:22.998+0000][200933.364s][info][gc,cpu      ] GC(7821) User=0.21s Sys=0.00s Real=0.04s
[2025-01-09T04:14:22.998+0000][200933.364s][info][gc          ] GC(7822) Concurrent Mark Cycle
[2025-01-09T04:14:22.998+0000][200933.364s][info][gc,marking  ] GC(7822) Concurrent Clear Claimed Marks
[2025-01-09T04:14:22.999+0000][200933.365s][info][gc,marking  ] GC(7822) Concurrent Clear Claimed Marks 1.009ms
[2025-01-09T04:14:22.999+0000][200933.365s][info][gc,marking  ] GC(7822) Concurrent Scan Root Regions
[2025-01-09T04:14:23.028+0000][200933.394s][info][gc,marking  ] GC(7822) Concurrent Scan Root Regions 29.473ms
[2025-01-09T04:14:23.028+0000][200933.394s][info][gc,marking  ] GC(7822) Concurrent Mark
[2025-01-09T04:14:23.028+0000][200933.394s][info][gc,marking  ] GC(7822) Concurrent Mark From Roots
[2025-01-09T04:14:23.028+0000][200933.394s][info][gc,task     ] GC(7822) Using 2 workers of 2 for marking
[2025-01-09T04:14:23.965+0000][200934.331s][info][gc,marking  ] GC(7822) Concurrent Mark From Roots 936.962ms
[2025-01-09T04:14:23.965+0000][200934.331s][info][gc,marking  ] GC(7822) Concurrent Preclean
[2025-01-09T04:14:23.969+0000][200934.335s][info][gc,marking  ] GC(7822) Concurrent Preclean 4.205ms
[2025-01-09T04:14:23.970+0000][200934.336s][info][gc,start    ] GC(7822) Pause Remark
[2025-01-09T04:14:23.995+0000][200934.361s][info][gc          ] GC(7822) Pause Remark 3363M->3363M(12288M) 25.532ms
[2025-01-09T04:14:23.995+0000][200934.361s][info][gc,cpu      ] GC(7822) User=0.15s Sys=0.00s Real=0.02s
[2025-01-09T04:14:23.995+0000][200934.361s][info][gc,marking  ] GC(7822) Concurrent Mark 967.217ms
[2025-01-09T04:14:23.995+0000][200934.362s][info][gc,marking  ] GC(7822) Concurrent Rebuild Remembered Sets
[2025-01-09T04:14:24.603+0000][200934.969s][info][gc,marking  ] GC(7822) Concurrent Rebuild Remembered Sets 607.454ms
[2025-01-09T04:14:24.603+0000][200934.969s][info][gc,start    ] GC(7822) Pause Cleanup
[2025-01-09T04:14:24.603+0000][200934.970s][info][gc          ] GC(7822) Pause Cleanup 4055M->4055M(12288M) 0.438ms
[2025-01-09T04:14:24.604+0000][200934.970s][info][gc,cpu      ] GC(7822) User=0.00s Sys=0.00s Real=0.00s
[2025-01-09T04:14:24.604+0000][200934.970s][info][gc,marking  ] GC(7822) Concurrent Cleanup for Next Mark
[2025-01-09T04:14:24.619+0000][200934.985s][info][gc,marking  ] GC(7822) Concurrent Cleanup for Next Mark 15.433ms
[2025-01-09T04:14:24.619+0000][200934.985s][info][gc          ] GC(7822) Concurrent Mark Cycle 1621.432ms
[2025-01-09T04:14:31.077+0000][200941.443s][info][gc,start    ] GC(7823) Pause Young (Prepare Mixed) (G1 Evacuation Pause)
[2025-01-09T04:14:31.077+0000][200941.443s][info][gc,task     ] GC(7823) Using 6 workers of 6 for evacuation
[2025-01-09T04:14:31.115+0000][200941.481s][info][gc,phases   ] GC(7823)   Pre Evacuate Collection Set: 0.2ms
[2025-01-09T04:14:31.115+0000][200941.481s][info][gc,phases   ] GC(7823)   Merge Heap Roots: 0.7ms
[2025-01-09T04:14:31.115+0000][200941.481s][info][gc,phases   ] GC(7823)   Evacuate Collection Set: 32.8ms
[2025-01-09T04:14:31.115+0000][200941.481s][info][gc,phases   ] GC(7823)   Post Evacuate Collection Set: 4.1ms
[2025-01-09T04:14:31.115+0000][200941.481s][info][gc,phases   ] GC(7823)   Other: 0.2ms
[2025-01-09T04:14:31.115+0000][200941.481s][info][gc,heap     ] GC(7823) Eden regions: 912->0(66)
[2025-01-09T04:14:31.115+0000][200941.481s][info][gc,heap     ] GC(7823) Survivor regions: 9->10(116)
[2025-01-09T04:14:31.115+0000][200941.481s][info][gc,heap     ] GC(7823) Old regions: 230->230
[2025-01-09T04:14:31.115+0000][200941.481s][info][gc,heap     ] GC(7823) Archive regions: 2->2
[2025-01-09T04:14:31.115+0000][200941.481s][info][gc,heap     ] GC(7823) Humongous regions: 49->49
[2025-01-09T04:14:31.115+0000][200941.481s][info][gc,metaspace] GC(7823) Metaspace: 524756K(534272K)->524756K(534272K) NonClass: 460824K(465536K)->460824K(465536K) Class: 63932K(68736K)->63932K(68736K)
[2025-01-09T04:14:31.115+0000][200941.481s][info][gc          ] GC(7823) Pause Young (Prepare Mixed) (G1 Evacuation Pause) 9595M->2310M(12288M) 38.080ms
[2025-01-09T04:14:31.115+0000][200941.481s][info][gc,cpu      ] GC(7823) User=0.22s Sys=0.00s Real=0.04s
[2025-01-09T04:14:31.748+0000][200942.114s][info][gc,start    ] GC(7824) Pause Young (Mixed) (G1 Evacuation Pause)
[2025-01-09T04:14:31.748+0000][200942.114s][info][gc,task     ] GC(7824) Using 6 workers of 6 for evacuation
[2025-01-09T04:14:31.815+0000][200942.181s][info][gc,phases   ] GC(7824)   Pre Evacuate Collection Set: 0.2ms
[2025-01-09T04:14:31.815+0000][200942.181s][info][gc,phases   ] GC(7824)   Merge Heap Roots: 0.8ms
[2025-01-09T04:14:31.815+0000][200942.181s][info][gc,phases   ] GC(7824)   Evacuate Collection Set: 64.2ms
[2025-01-09T04:14:31.815+0000][200942.181s][info][gc,phases   ] GC(7824)   Post Evacuate Collection Set: 2.0ms
[2025-01-09T04:14:31.815+0000][200942.181s][info][gc,phases   ] GC(7824)   Other: 0.2ms
[2025-01-09T04:14:31.815+0000][200942.181s][info][gc,heap     ] GC(7824) Eden regions: 66->0(916)
[2025-01-09T04:14:31.815+0000][200942.181s][info][gc,heap     ] GC(7824) Survivor regions: 10->5(10)
[2025-01-09T04:14:31.815+0000][200942.181s][info][gc,heap     ] GC(7824) Old regions: 230->229
[2025-01-09T04:14:31.815+0000][200942.181s][info][gc,heap     ] GC(7824) Archive regions: 2->2
[2025-01-09T04:14:31.815+0000][200942.181s][info][gc,heap     ] GC(7824) Humongous regions: 49->49
[2025-01-09T04:14:31.815+0000][200942.181s][info][gc,metaspace] GC(7824) Metaspace: 524756K(534272K)->524756K(534272K) NonClass: 460824K(465536K)->460824K(465536K) Class: 63932K(68736K)->63932K(68736K)
[2025-01-09T04:14:31.815+0000][200942.181s][info][gc          ] GC(7824) Pause Young (Mixed) (G1 Evacuation Pause) 2838M->2265M(12288M) 67.339ms
[2025-01-09T04:14:31.815+0000][200942.181s][info][gc,cpu      ] GC(7824) User=0.39s Sys=0.00s Real=0.07s
[2025-01-09T04:14:39.870+0000][200950.236s][info][gc,start    ] GC(7825) Pause Young (Normal) (G1 Evacuation Pause)
[2025-01-09T04:14:39.870+0000][200950.236s][info][gc,task     ] GC(7825) Using 6 workers of 6 for evacuation
[2025-01-09T04:14:39.894+0000][200950.260s][info][gc,phases   ] GC(7825)   Pre Evacuate Collection Set: 0.2ms
[2025-01-09T04:14:39.894+0000][200950.260s][info][gc,phases   ] GC(7825)   Merge Heap Roots: 0.5ms
[2025-01-09T04:14:39.894+0000][200950.260s][info][gc,phases   ] GC(7825)   Evacuate Collection Set: 21.3ms
[2025-01-09T04:14:39.894+0000][200950.260s][info][gc,phases   ] GC(7825)   Post Evacuate Collection Set: 2.5ms
[2025-01-09T04:14:39.894+0000][200950.260s][info][gc,phases   ] GC(7825)   Other: 0.2ms
[2025-01-09T04:14:39.894+0000][200950.260s][info][gc,heap     ] GC(7825) Eden regions: 916->0(916)
[2025-01-09T04:14:39.894+0000][200950.260s][info][gc,heap     ] GC(7825) Survivor regions: 5->5(116)
[2025-01-09T04:14:39.894+0000][200950.260s][info][gc,heap     ] GC(7825) Old regions: 229->229
[2025-01-09T04:14:39.894+0000][200950.260s][info][gc,heap     ] GC(7825) Archive regions: 2->2
[2025-01-09T04:14:39.894+0000][200950.260s][info][gc,heap     ] GC(7825) Humongous regions: 49->49
[2025-01-09T04:14:39.894+0000][200950.260s][info][gc,metaspace] GC(7825) Metaspace: 524756K(534272K)->524756K(534272K) NonClass: 460824K(465536K)->460824K(465536K) Class: 63932K(68736K)->63932K(68736K)
[2025-01-09T04:14:39.894+0000][200950.260s][info][gc          ] GC(7825) Pause Young (Normal) (G1 Evacuation Pause) 9593M->2267M(12288M) 24.818ms
[2025-01-09T04:14:39.894+0000][200950.261s][info][gc,cpu      ] GC(7825) User=0.15s Sys=0.00s Real=0.02s
[2025-01-09T04:14:45.330+0000][200955.696s][info][gc,start    ] GC(7826) Pause Young (Normal) (G1 Evacuation Pause)
[2025-01-09T04:14:45.330+0000][200955.696s][info][gc,task     ] GC(7826) Using 6 workers of 6 for evacuation
[2025-01-09T04:14:45.356+0000][200955.722s][info][gc,phases   ] GC(7826)   Pre Evacuate Collection Set: 0.2ms
[2025-01-09T04:14:45.356+0000][200955.722s][info][gc,phases   ] GC(7826)   Merge Heap Roots: 0.4ms
[2025-01-09T04:14:45.356+0000][200955.722s][info][gc,phases   ] GC(7826)   Evacuate Collection Set: 22.7ms
[2025-01-09T04:14:45.356+0000][200955.722s][info][gc,phases   ] GC(7826)   Post Evacuate Collection Set: 2.6ms
[2025-01-09T04:14:45.356+0000][200955.722s][info][gc,phases   ] GC(7826)   Other: 0.2ms
[2025-01-09T04:14:45.356+0000][200955.722s][info][gc,heap     ] GC(7826) Eden regions: 916->0(915)
[2025-01-09T04:14:45.356+0000][200955.722s][info][gc,heap     ] GC(7826) Survivor regions: 5->6(116)
[2025-01-09T04:14:45.356+0000][200955.722s][info][gc,heap     ] GC(7826) Old regions: 229->229
[2025-01-09T04:14:45.356+0000][200955.722s][info][gc,heap     ] GC(7826) Archive regions: 2->2
[2025-01-09T04:14:45.356+0000][200955.722s][info][gc,heap     ] GC(7826) Humongous regions: 49->49
[2025-01-09T04:14:45.356+0000][200955.722s][info][gc,metaspace] GC(7826) Metaspace: 524756K(534272K)->524756K(534272K) NonClass: 460824K(465536K)->460824K(465536K) Class: 63932K(68736K)->63932K(68736K)
[2025-01-09T04:14:45.356+0000][200955.722s][info][gc          ] GC(7826) Pause Young (Normal) (G1 Evacuation Pause) 9595M->2275M(12288M) 26.152ms
[2025-01-09T04:14:45.356+0000][200955.722s][info][gc,cpu      ] GC(7826) User=0.16s Sys=0.00s Real=0.02s
[2025-01-09T04:14:53.699+0000][200964.065s][info][gc,start    ] GC(7827) Pause Young (Concurrent Start) (G1 Evacuation Pause)
[2025-01-09T04:14:53.699+0000][200964.065s][info][gc,task     ] GC(7827) Using 6 workers of 6 for evacuation
[2025-01-09T04:14:53.730+0000][200964.096s][info][gc,phases   ] GC(7827)   Pre Evacuate Collection Set: 1.2ms
[2025-01-09T04:14:53.730+0000][200964.097s][info][gc,phases   ] GC(7827)   Merge Heap Roots: 0.4ms
[2025-01-09T04:14:53.730+0000][200964.097s][info][gc,phases   ] GC(7827)   Evacuate Collection Set: 27.2ms
[2025-01-09T04:14:53.730+0000][200964.097s][info][gc,phases   ] GC(7827)   Post Evacuate Collection Set: 2.7ms
[2025-01-09T04:14:53.730+0000][200964.097s][info][gc,phases   ] GC(7827)   Other: 0.3ms
[2025-01-09T04:14:53.730+0000][200964.097s][info][gc,heap     ] GC(7827) Eden regions: 915->0(914)
[2025-01-09T04:14:53.730+0000][200964.097s][info][gc,heap     ] GC(7827) Survivor regions: 6->7(116)
[2025-01-09T04:14:53.730+0000][200964.097s][info][gc,heap     ] GC(7827) Old regions: 229->229
[2025-01-09T04:14:53.730+0000][200964.097s][info][gc,heap     ] GC(7827) Archive regions: 2->2
[2025-01-09T04:14:53.730+0000][200964.097s][info][gc,heap     ] GC(7827) Humongous regions: 49->49
[2025-01-09T04:14:53.730+0000][200964.097s][info][gc,metaspace] GC(7827) Metaspace: 524756K(534272K)->524756K(534272K) NonClass: 460824K(465536K)->460824K(465536K) Class: 63932K(68736K)->63932K(68736K)
[2025-01-09T04:14:53.731+0000][200964.097s][info][gc          ] GC(7827) Pause Young (Concurrent Start) (G1 Evacuation Pause) 9595M->2284M(12288M) 31.927ms
[2025-01-09T04:14:53.731+0000][200964.097s][info][gc,cpu      ] GC(7827) User=0.18s Sys=0.00s Real=0.04s
[2025-01-09T04:14:53.731+0000][200964.097s][info][gc          ] GC(7828) Concurrent Mark Cycle
[2025-01-09T04:14:53.731+0000][200964.097s][info][gc,marking  ] GC(7828) Concurrent Clear Claimed Marks
[2025-01-09T04:14:53.732+0000][200964.098s][info][gc,marking  ] GC(7828) Concurrent Clear Claimed Marks 1.036ms
[2025-01-09T04:14:53.732+0000][200964.098s][info][gc,marking  ] GC(7828) Concurrent Scan Root Regions
[2025-01-09T04:14:53.751+0000][200964.117s][info][gc,marking  ] GC(7828) Concurrent Scan Root Regions 18.909ms
[2025-01-09T04:14:53.751+0000][200964.117s][info][gc,marking  ] GC(7828) Concurrent Mark
[2025-01-09T04:14:53.751+0000][200964.117s][info][gc,marking  ] GC(7828) Concurrent Mark From Roots
[2025-01-09T04:14:53.751+0000][200964.117s][info][gc,task     ] GC(7828) Using 2 workers of 2 for marking
[2025-01-09T04:14:54.627+0000][200964.993s][info][gc,marking  ] GC(7828) Concurrent Mark From Roots 876.263ms
[2025-01-09T04:14:54.627+0000][200964.993s][info][gc,marking  ] GC(7828) Concurrent Preclean
[2025-01-09T04:14:54.630+0000][200964.996s][info][gc,marking  ] GC(7828) Concurrent Preclean 2.875ms
[2025-01-09T04:14:54.630+0000][200964.996s][info][gc,start    ] GC(7828) Pause Remark
[2025-01-09T04:14:54.656+0000][200965.022s][info][gc          ] GC(7828) Pause Remark 3232M->3232M(12288M) 25.864ms
[2025-01-09T04:14:54.656+0000][200965.022s][info][gc,cpu      ] GC(7828) User=0.15s Sys=0.00s Real=0.02s
[2025-01-09T04:14:54.656+0000][200965.022s][info][gc,marking  ] GC(7828) Concurrent Mark 905.336ms
[2025-01-09T04:14:54.656+0000][200965.022s][info][gc,marking  ] GC(7828) Concurrent Rebuild Remembered Sets
[2025-01-09T04:14:55.176+0000][200965.542s][info][gc,marking  ] GC(7828) Concurrent Rebuild Remembered Sets 519.824ms
[2025-01-09T04:14:55.176+0000][200965.542s][info][gc,start    ] GC(7828) Pause Cleanup
[2025-01-09T04:14:55.176+0000][200965.543s][info][gc          ] GC(7828) Pause Cleanup 3660M->3660M(12288M) 0.398ms
[2025-01-09T04:14:55.176+0000][200965.543s][info][gc,cpu      ] GC(7828) User=0.00s Sys=0.00s Real=0.00s
[2025-01-09T04:14:55.176+0000][200965.543s][info][gc,marking  ] GC(7828) Concurrent Cleanup for Next Mark
[2025-01-09T04:14:55.193+0000][200965.559s][info][gc,marking  ] GC(7828) Concurrent Cleanup for Next Mark 16.000ms
[2025-01-09T04:14:55.193+0000][200965.559s][info][gc          ] GC(7828) Concurrent Mark Cycle 1461.961ms
[2025-01-09T04:15:04.121+0000][200974.487s][info][gc,start    ] GC(7829) Pause Young (Prepare Mixed) (G1 Evacuation Pause)
[2025-01-09T04:15:04.121+0000][200974.487s][info][gc,task     ] GC(7829) Using 6 workers of 6 for evacuation
[2025-01-09T04:15:04.158+0000][200974.524s][info][gc,phases   ] GC(7829)   Pre Evacuate Collection Set: 0.2ms
[2025-01-09T04:15:04.158+0000][200974.524s][info][gc,phases   ] GC(7829)   Merge Heap Roots: 0.7ms
[2025-01-09T04:15:04.158+0000][200974.524s][info][gc,phases   ] GC(7829)   Evacuate Collection Set: 33.4ms
[2025-01-09T04:15:04.158+0000][200974.524s][info][gc,phases   ] GC(7829)   Post Evacuate Collection Set: 2.7ms
[2025-01-09T04:15:04.158+0000][200974.524s][info][gc,phases   ] GC(7829)   Other: 0.2ms
[2025-01-09T04:15:04.158+0000][200974.524s][info][gc,heap     ] GC(7829) Eden regions: 914->0(67)
[2025-01-09T04:15:04.158+0000][200974.524s][info][gc,heap     ] GC(7829) Survivor regions: 7->9(116)
[2025-01-09T04:15:04.158+0000][200974.524s][info][gc,heap     ] GC(7829) Old regions: 229->229
[2025-01-09T04:15:04.158+0000][200974.524s][info][gc,heap     ] GC(7829) Archive regions: 2->2
[2025-01-09T04:15:04.158+0000][200974.524s][info][gc,heap     ] GC(7829) Humongous regions: 49->49
[2025-01-09T04:15:04.158+0000][200974.524s][info][gc,metaspace] GC(7829) Metaspace: 524756K(534272K)->524756K(534272K) NonClass: 460824K(465536K)->460824K(465536K) Class: 63932K(68736K)->63932K(68736K)
[2025-01-09T04:15:04.158+0000][200974.524s][info][gc          ] GC(7829) Pause Young (Prepare Mixed) (G1 Evacuation Pause) 9596M->2297M(12288M) 37.306ms
[2025-01-09T04:15:04.158+0000][200974.524s][info][gc,cpu      ] GC(7829) User=0.21s Sys=0.00s Real=0.04s
[2025-01-09T04:15:04.680+0000][200975.046s][info][gc,start    ] GC(7830) Pause Young (Mixed) (G1 Evacuation Pause)
[2025-01-09T04:15:04.680+0000][200975.046s][info][gc,task     ] GC(7830) Using 6 workers of 6 for evacuation
[2025-01-09T04:15:04.754+0000][200975.120s][info][gc,phases   ] GC(7830)   Pre Evacuate Collection Set: 0.2ms
[2025-01-09T04:15:04.754+0000][200975.120s][info][gc,phases   ] GC(7830)   Merge Heap Roots: 0.7ms
[2025-01-09T04:15:04.754+0000][200975.120s][info][gc,phases   ] GC(7830)   Evacuate Collection Set: 70.4ms
[2025-01-09T04:15:04.754+0000][200975.120s][info][gc,phases   ] GC(7830)   Post Evacuate Collection Set: 1.9ms
[2025-01-09T04:15:04.754+0000][200975.120s][info][gc,phases   ] GC(7830)   Other: 0.2ms
[2025-01-09T04:15:04.754+0000][200975.120s][info][gc,heap     ] GC(7830) Eden regions: 67->0(916)
[2025-01-09T04:15:04.754+0000][200975.120s][info][gc,heap     ] GC(7830) Survivor regions: 9->5(10)
[2025-01-09T04:15:04.754+0000][200975.120s][info][gc,heap     ] GC(7830) Old regions: 229->229
[2025-01-09T04:15:04.754+0000][200975.120s][info][gc,heap     ] GC(7830) Archive regions: 2->2
[2025-01-09T04:15:04.754+0000][200975.120s][info][gc,heap     ] GC(7830) Humongous regions: 49->49
[2025-01-09T04:15:04.754+0000][200975.120s][info][gc,metaspace] GC(7830) Metaspace: 524756K(534272K)->524756K(534272K) NonClass: 460824K(465536K)->460824K(465536K) Class: 63932K(68736K)->63932K(68736K)
[2025-01-09T04:15:04.754+0000][200975.120s][info][gc          ] GC(7830) Pause Young (Mixed) (G1 Evacuation Pause) 2833M->2266M(12288M) 73.567ms
[2025-01-09T04:15:04.754+0000][200975.120s][info][gc,cpu      ] GC(7830) User=0.40s Sys=0.00s Real=0.08s
[2025-01-09T04:15:14.842+0000][200985.208s][info][gc,start    ] GC(7831) Pause Young (Normal) (G1 Evacuation Pause)
[2025-01-09T04:15:14.842+0000][200985.208s][info][gc,task     ] GC(7831) Using 6 workers of 6 for evacuation
[2025-01-09T04:15:14.879+0000][200985.246s][info][gc,phases   ] GC(7831)   Pre Evacuate Collection Set: 0.2ms
[2025-01-09T04:15:14.879+0000][200985.246s][info][gc,phases   ] GC(7831)   Merge Heap Roots: 0.5ms
[2025-01-09T04:15:14.879+0000][200985.246s][info][gc,phases   ] GC(7831)   Evacuate Collection Set: 31.0ms
[2025-01-09T04:15:14.879+0000][200985.246s][info][gc,phases   ] GC(7831)   Post Evacuate Collection Set: 5.3ms
[2025-01-09T04:15:14.879+0000][200985.246s][info][gc,phases   ] GC(7831)   Other: 0.2ms
[2025-01-09T04:15:14.879+0000][200985.246s][info][gc,heap     ] GC(7831) Eden regions: 916->0(913)
[2025-01-09T04:15:14.879+0000][200985.246s][info][gc,heap     ] GC(7831) Survivor regions: 5->8(116)
[2025-01-09T04:15:14.879+0000][200985.246s][info][gc,heap     ] GC(7831) Old regions: 229->229
[2025-01-09T04:15:14.879+0000][200985.246s][info][gc,heap     ] GC(7831) Archive regions: 2->2
[2025-01-09T04:15:14.880+0000][200985.246s][info][gc,heap     ] GC(7831) Humongous regions: 49->49
[2025-01-09T04:15:14.880+0000][200985.246s][info][gc,metaspace] GC(7831) Metaspace: 524756K(534272K)->524756K(534272K) NonClass: 460824K(465536K)->460824K(465536K) Class: 63932K(68736K)->63932K(68736K)
[2025-01-09T04:15:14.880+0000][200985.246s][info][gc          ] GC(7831) Pause Young (Normal) (G1 Evacuation Pause) 9594M->2290M(12288M) 37.354ms
[2025-01-09T04:15:14.880+0000][200985.246s][info][gc,cpu      ] GC(7831) User=0.21s Sys=0.00s Real=0.03s
[2025-01-09T04:15:22.576+0000][200992.942s][info][gc,start    ] GC(7832) Pause Young (Normal) (G1 Evacuation Pause)
[2025-01-09T04:15:22.576+0000][200992.942s][info][gc,task     ] GC(7832) Using 6 workers of 6 for evacuation
[2025-01-09T04:15:22.607+0000][200992.973s][info][gc,phases   ] GC(7832)   Pre Evacuate Collection Set: 0.2ms
[2025-01-09T04:15:22.607+0000][200992.973s][info][gc,phases   ] GC(7832)   Merge Heap Roots: 0.4ms
[2025-01-09T04:15:22.607+0000][200992.973s][info][gc,phases   ] GC(7832)   Evacuate Collection Set: 28.1ms
[2025-01-09T04:15:22.607+0000][200992.973s][info][gc,phases   ] GC(7832)   Post Evacuate Collection Set: 2.7ms
[2025-01-09T04:15:22.607+0000][200992.973s][info][gc,phases   ] GC(7832)   Other: 0.2ms
[2025-01-09T04:15:22.607+0000][200992.973s][info][gc,heap     ] GC(7832) Eden regions: 913->0(913)
[2025-01-09T04:15:22.607+0000][200992.973s][info][gc,heap     ] GC(7832) Survivor regions: 8->8(116)
[2025-01-09T04:15:22.607+0000][200992.973s][info][gc,heap     ] GC(7832) Old regions: 229->229
[2025-01-09T04:15:22.607+0000][200992.973s][info][gc,heap     ] GC(7832) Archive regions: 2->2
[2025-01-09T04:15:22.607+0000][200992.973s][info][gc,heap     ] GC(7832) Humongous regions: 49->49
[2025-01-09T04:15:22.607+0000][200992.973s][info][gc,metaspace] GC(7832) Metaspace: 524756K(534272K)->524756K(534272K) NonClass: 460824K(465536K)->460824K(465536K) Class: 63932K(68736K)->63932K(68736K)
[2025-01-09T04:15:22.607+0000][200992.974s][info][gc          ] GC(7832) Pause Young (Normal) (G1 Evacuation Pause) 9594M->2287M(12288M) 31.725ms
[2025-01-09T04:15:22.607+0000][200992.974s][info][gc,cpu      ] GC(7832) User=0.19s Sys=0.00s Real=0.03s
[2025-01-09T04:15:30.153+0000][201000.519s][info][gc,start    ] GC(7833) Pause Young (Concurrent Start) (G1 Evacuation Pause)
[2025-01-09T04:15:30.153+0000][201000.519s][info][gc,task     ] GC(7833) Using 6 workers of 6 for evacuation
[2025-01-09T04:15:30.189+0000][201000.556s][info][gc,phases   ] GC(7833)   Pre Evacuate Collection Set: 1.2ms
[2025-01-09T04:15:30.189+0000][201000.556s][info][gc,phases   ] GC(7833)   Merge Heap Roots: 0.5ms
[2025-01-09T04:15:30.189+0000][201000.556s][info][gc,phases   ] GC(7833)   Evacuate Collection Set: 30.3ms
[2025-01-09T04:15:30.189+0000][201000.556s][info][gc,phases   ] GC(7833)   Post Evacuate Collection Set: 4.0ms
[2025-01-09T04:15:30.189+0000][201000.556s][info][gc,phases   ] GC(7833)   Other: 0.3ms
[2025-01-09T04:15:30.189+0000][201000.556s][info][gc,heap     ] GC(7833) Eden regions: 913->0(912)
[2025-01-09T04:15:30.190+0000][201000.556s][info][gc,heap     ] GC(7833) Survivor regions: 8->9(116)
[2025-01-09T04:15:30.190+0000][201000.556s][info][gc,heap     ] GC(7833) Old regions: 229->229
[2025-01-09T04:15:30.190+0000][201000.556s][info][gc,heap     ] GC(7833) Archive regions: 2->2
[2025-01-09T04:15:30.190+0000][201000.556s][info][gc,heap     ] GC(7833) Humongous regions: 49->49
[2025-01-09T04:15:30.190+0000][201000.556s][info][gc,metaspace] GC(7833) Metaspace: 524756K(534272K)->524756K(534272K) NonClass: 460824K(465536K)->460824K(465536K) Class: 63932K(68736K)->63932K(68736K)
[2025-01-09T04:15:30.190+0000][201000.556s][info][gc          ] GC(7833) Pause Young (Concurrent Start) (G1 Evacuation Pause) 9591M->2296M(12288M) 36.366ms
[2025-01-09T04:15:30.190+0000][201000.556s][info][gc,cpu      ] GC(7833) User=0.21s Sys=0.01s Real=0.04s
[2025-01-09T04:15:30.190+0000][201000.556s][info][gc          ] GC(7834) Concurrent Mark Cycle
[2025-01-09T04:15:30.190+0000][201000.556s][info][gc,marking  ] GC(7834) Concurrent Clear Claimed Marks
[2025-01-09T04:15:30.191+0000][201000.557s][info][gc,marking  ] GC(7834) Concurrent Clear Claimed Marks 0.943ms
[2025-01-09T04:15:30.191+0000][201000.557s][info][gc,marking  ] GC(7834) Concurrent Scan Root Regions
[2025-01-09T04:15:30.218+0000][201000.584s][info][gc,marking  ] GC(7834) Concurrent Scan Root Regions 27.442ms
[2025-01-09T04:15:30.218+0000][201000.584s][info][gc,marking  ] GC(7834) Concurrent Mark
[2025-01-09T04:15:30.218+0000][201000.584s][info][gc,marking  ] GC(7834) Concurrent Mark From Roots
[2025-01-09T04:15:30.218+0000][201000.584s][info][gc,task     ] GC(7834) Using 2 workers of 2 for marking
[2025-01-09T04:15:31.008+0000][201001.374s][info][gc,marking  ] GC(7834) Concurrent Mark From Roots 789.664ms
[2025-01-09T04:15:31.008+0000][201001.374s][info][gc,marking  ] GC(7834) Concurrent Preclean
[2025-01-09T04:15:31.011+0000][201001.377s][info][gc,marking  ] GC(7834) Concurrent Preclean 3.074ms
[2025-01-09T04:15:31.011+0000][201001.377s][info][gc,start    ] GC(7834) Pause Remark
[2025-01-09T04:15:31.037+0000][201001.403s][info][gc          ] GC(7834) Pause Remark 3008M->3008M(12288M) 26.114ms
[2025-01-09T04:15:31.037+0000][201001.403s][info][gc,cpu      ] GC(7834) User=0.15s Sys=0.00s Real=0.02s
[2025-01-09T04:15:31.037+0000][201001.403s][info][gc,marking  ] GC(7834) Concurrent Mark 819.189ms
[2025-01-09T04:15:31.037+0000][201001.403s][info][gc,marking  ] GC(7834) Concurrent Rebuild Remembered Sets
[2025-01-09T04:15:31.571+0000][201001.937s][info][gc,marking  ] GC(7834) Concurrent Rebuild Remembered Sets 533.978ms
[2025-01-09T04:15:31.571+0000][201001.938s][info][gc,start    ] GC(7834) Pause Cleanup
[2025-01-09T04:15:31.572+0000][201001.938s][info][gc          ] GC(7834) Pause Cleanup 3444M->3444M(12288M) 0.425ms
[2025-01-09T04:15:31.572+0000][201001.938s][info][gc,cpu      ] GC(7834) User=0.00s Sys=0.00s Real=0.00s
[2025-01-09T04:15:31.572+0000][201001.938s][info][gc,marking  ] GC(7834) Concurrent Cleanup for Next Mark
[2025-01-09T04:15:31.588+0000][201001.954s][info][gc,marking  ] GC(7834) Concurrent Cleanup for Next Mark 16.075ms
[2025-01-09T04:15:31.588+0000][201001.954s][info][gc          ] GC(7834) Concurrent Mark Cycle 1398.444ms
[2025-01-09T04:15:41.841+0000][201012.207s][info][gc,start    ] GC(7835) Pause Young (Prepare Mixed) (GCLocker Initiated GC)
[2025-01-09T04:15:41.841+0000][201012.207s][info][gc,task     ] GC(7835) Using 6 workers of 6 for evacuation
[2025-01-09T04:15:41.880+0000][201012.246s][info][gc,phases   ] GC(7835)   Pre Evacuate Collection Set: 0.2ms
[2025-01-09T04:15:41.880+0000][201012.246s][info][gc,phases   ] GC(7835)   Merge Heap Roots: 0.7ms
[2025-01-09T04:15:41.880+0000][201012.246s][info][gc,phases   ] GC(7835)   Evacuate Collection Set: 35.2ms
[2025-01-09T04:15:41.880+0000][201012.246s][info][gc,phases   ] GC(7835)   Post Evacuate Collection Set: 3.0ms
[2025-01-09T04:15:41.880+0000][201012.246s][info][gc,phases   ] GC(7835)   Other: 0.2ms
[2025-01-09T04:15:41.880+0000][201012.246s][info][gc,heap     ] GC(7835) Eden regions: 913->0(66)
[2025-01-09T04:15:41.880+0000][201012.246s][info][gc,heap     ] GC(7835) Survivor regions: 9->10(116)
[2025-01-09T04:15:41.880+0000][201012.246s][info][gc,heap     ] GC(7835) Old regions: 229->229
[2025-01-09T04:15:41.880+0000][201012.246s][info][gc,heap     ] GC(7835) Archive regions: 2->2
[2025-01-09T04:15:41.880+0000][201012.246s][info][gc,heap     ] GC(7835) Humongous regions: 49->49
[2025-01-09T04:15:41.880+0000][201012.246s][info][gc,metaspace] GC(7835) Metaspace: 524756K(534272K)->524756K(534272K) NonClass: 460824K(465536K)->460824K(465536K) Class: 63932K(68736K)->63932K(68736K)
[2025-01-09T04:15:41.880+0000][201012.247s][info][gc          ] GC(7835) Pause Young (Prepare Mixed) (GCLocker Initiated GC) 9596M->2306M(12288M) 39.350ms
[2025-01-09T04:15:41.880+0000][201012.247s][info][gc,cpu      ] GC(7835) User=0.22s Sys=0.01s Real=0.04s
[2025-01-09T04:15:43.192+0000][201013.558s][info][gc,start    ] GC(7836) Pause Young (Mixed) (G1 Evacuation Pause)
[2025-01-09T04:15:43.192+0000][201013.558s][info][gc,task     ] GC(7836) Using 6 workers of 6 for evacuation
[2025-01-09T04:15:43.241+0000][201013.607s][info][gc,phases   ] GC(7836)   Pre Evacuate Collection Set: 0.2ms
[2025-01-09T04:15:43.241+0000][201013.608s][info][gc,phases   ] GC(7836)   Merge Heap Roots: 0.5ms
[2025-01-09T04:15:43.241+0000][201013.608s][info][gc,phases   ] GC(7836)   Evacuate Collection Set: 47.2ms
[2025-01-09T04:15:43.241+0000][201013.608s][info][gc,phases   ] GC(7836)   Post Evacuate Collection Set: 1.6ms
[2025-01-09T04:15:43.241+0000][201013.608s][info][gc,phases   ] GC(7836)   Other: 0.2ms
[2025-01-09T04:15:43.241+0000][201013.608s][info][gc,heap     ] GC(7836) Eden regions: 66->0(915)
[2025-01-09T04:15:43.241+0000][201013.608s][info][gc,heap     ] GC(7836) Survivor regions: 10->6(10)
[2025-01-09T04:15:43.241+0000][201013.608s][info][gc,heap     ] GC(7836) Old regions: 229->226
[2025-01-09T04:15:43.242+0000][201013.608s][info][gc,heap     ] GC(7836) Archive regions: 2->2
[2025-01-09T04:15:43.242+0000][201013.608s][info][gc,heap     ] GC(7836) Humongous regions: 49->49
[2025-01-09T04:15:43.242+0000][201013.608s][info][gc,metaspace] GC(7836) Metaspace: 524756K(534272K)->524756K(534272K) NonClass: 460824K(465536K)->460824K(465536K) Class: 63932K(68736K)->63932K(68736K)
[2025-01-09T04:15:43.242+0000][201013.608s][info][gc          ] GC(7836) Pause Young (Mixed) (G1 Evacuation Pause) 2834M->2251M(12288M) 49.741ms
[2025-01-09T04:15:43.242+0000][201013.608s][info][gc,cpu      ] GC(7836) User=0.29s Sys=0.01s Real=0.05s
[2025-01-09T04:15:53.794+0000][201024.160s][info][gc,start    ] GC(7837) Pause Young (Normal) (G1 Evacuation Pause)
[2025-01-09T04:15:53.794+0000][201024.160s][info][gc,task     ] GC(7837) Using 6 workers of 6 for evacuation
[2025-01-09T04:15:53.824+0000][201024.190s][info][gc,phases   ] GC(7837)   Pre Evacuate Collection Set: 0.2ms
[2025-01-09T04:15:53.824+0000][201024.190s][info][gc,phases   ] GC(7837)   Merge Heap Roots: 0.5ms
[2025-01-09T04:15:53.824+0000][201024.190s][info][gc,phases   ] GC(7837)   Evacuate Collection Set: 26.8ms
[2025-01-09T04:15:53.824+0000][201024.190s][info][gc,phases   ] GC(7837)   Post Evacuate Collection Set: 2.7ms
[2025-01-09T04:15:53.824+0000][201024.190s][info][gc,phases   ] GC(7837)   Other: 0.2ms
[2025-01-09T04:15:53.824+0000][201024.190s][info][gc,heap     ] GC(7837) Eden regions: 915->0(913)
[2025-01-09T04:15:53.824+0000][201024.190s][info][gc,heap     ] GC(7837) Survivor regions: 6->8(116)
[2025-01-09T04:15:53.824+0000][201024.190s][info][gc,heap     ] GC(7837) Old regions: 226->226
[2025-01-09T04:15:53.824+0000][201024.190s][info][gc,heap     ] GC(7837) Archive regions: 2->2
[2025-01-09T04:15:53.824+0000][201024.190s][info][gc,heap     ] GC(7837) Humongous regions: 49->49
[2025-01-09T04:15:53.824+0000][201024.190s][info][gc,metaspace] GC(7837) Metaspace: 524756K(534272K)->524756K(534272K) NonClass: 460824K(465536K)->460824K(465536K) Class: 63932K(68736K)->63932K(68736K)
[2025-01-09T04:15:53.824+0000][201024.190s][info][gc          ] GC(7837) Pause Young (Normal) (G1 Evacuation Pause) 9571M->2264M(12288M) 30.491ms
[2025-01-09T04:15:53.824+0000][201024.190s][info][gc,cpu      ] GC(7837) User=0.18s Sys=0.00s Real=0.03s
[2025-01-09T04:15:59.993+0000][201030.359s][info][gc,start    ] GC(7838) Pause Young (Normal) (G1 Evacuation Pause)
[2025-01-09T04:15:59.993+0000][201030.359s][info][gc,task     ] GC(7838) Using 6 workers of 6 for evacuation
[2025-01-09T04:16:00.023+0000][201030.389s][info][gc,phases   ] GC(7838)   Pre Evacuate Collection Set: 0.2ms
[2025-01-09T04:16:00.023+0000][201030.390s][info][gc,phases   ] GC(7838)   Merge Heap Roots: 0.4ms
[2025-01-09T04:16:00.023+0000][201030.390s][info][gc,phases   ] GC(7838)   Evacuate Collection Set: 26.9ms
[2025-01-09T04:16:00.023+0000][201030.390s][info][gc,phases   ] GC(7838)   Post Evacuate Collection Set: 2.5ms
[2025-01-09T04:16:00.023+0000][201030.390s][info][gc,phases   ] GC(7838)   Other: 0.2ms
[2025-01-09T04:16:00.023+0000][201030.390s][info][gc,heap     ] GC(7838) Eden regions: 913->0(913)
[2025-01-09T04:16:00.023+0000][201030.390s][info][gc,heap     ] GC(7838) Survivor regions: 8->8(116)
[2025-01-09T04:16:00.023+0000][201030.390s][info][gc,heap     ] GC(7838) Old regions: 226->226
[2025-01-09T04:16:00.023+0000][201030.390s][info][gc,heap     ] GC(7838) Archive regions: 2->2
[2025-01-09T04:16:00.023+0000][201030.390s][info][gc,heap     ] GC(7838) Humongous regions: 49->49
[2025-01-09T04:16:00.023+0000][201030.390s][info][gc,metaspace] GC(7838) Metaspace: 524756K(534272K)->524756K(534272K) NonClass: 460824K(465536K)->460824K(465536K) Class: 63932K(68736K)->63932K(68736K)
[2025-01-09T04:16:00.023+0000][201030.390s][info][gc          ] GC(7838) Pause Young (Normal) (G1 Evacuation Pause) 9568M->2267M(12288M) 30.287ms
[2025-01-09T04:16:00.024+0000][201030.390s][info][gc,cpu      ] GC(7838) User=0.17s Sys=0.01s Real=0.03s
[2025-01-09T04:16:04.584+0000][201034.951s][info][gc,start    ] GC(7839) Pause Young (Concurrent Start) (G1 Evacuation Pause)
[2025-01-09T04:16:04.584+0000][201034.951s][info][gc,task     ] GC(7839) Using 6 workers of 6 for evacuation
[2025-01-09T04:16:04.618+0000][201034.984s][info][gc,phases   ] GC(7839)   Pre Evacuate Collection Set: 1.2ms
[2025-01-09T04:16:04.618+0000][201034.984s][info][gc,phases   ] GC(7839)   Merge Heap Roots: 0.5ms
[2025-01-09T04:16:04.618+0000][201034.984s][info][gc,phases   ] GC(7839)   Evacuate Collection Set: 28.0ms
[2025-01-09T04:16:04.618+0000][201034.984s][info][gc,phases   ] GC(7839)   Post Evacuate Collection Set: 3.8ms
[2025-01-09T04:16:04.618+0000][201034.984s][info][gc,phases   ] GC(7839)   Other: 0.3ms
[2025-01-09T04:16:04.618+0000][201034.984s][info][gc,heap     ] GC(7839) Eden regions: 913->0(912)
[2025-01-09T04:16:04.618+0000][201034.984s][info][gc,heap     ] GC(7839) Survivor regions: 8->9(116)
[2025-01-09T04:16:04.618+0000][201034.984s][info][gc,heap     ] GC(7839) Old regions: 226->226
[2025-01-09T04:16:04.618+0000][201034.984s][info][gc,heap     ] GC(7839) Archive regions: 2->2
[2025-01-09T04:16:04.618+0000][201034.984s][info][gc,heap     ] GC(7839) Humongous regions: 49->49
[2025-01-09T04:16:04.618+0000][201034.984s][info][gc,metaspace] GC(7839) Metaspace: 524756K(534272K)->524756K(534272K) NonClass: 460824K(465536K)->460824K(465536K) Class: 63932K(68736K)->63932K(68736K)
[2025-01-09T04:16:04.618+0000][201034.984s][info][gc          ] GC(7839) Pause Young (Concurrent Start) (G1 Evacuation Pause) 9571M->2276M(12288M) 33.902ms
[2025-01-09T04:16:04.618+0000][201034.984s][info][gc,cpu      ] GC(7839) User=0.19s Sys=0.01s Real=0.03s
[2025-01-09T04:16:04.618+0000][201034.984s][info][gc          ] GC(7840) Concurrent Mark Cycle
[2025-01-09T04:16:04.618+0000][201034.985s][info][gc,marking  ] GC(7840) Concurrent Clear Claimed Marks
[2025-01-09T04:16:04.619+0000][201034.986s][info][gc,marking  ] GC(7840) Concurrent Clear Claimed Marks 1.003ms
[2025-01-09T04:16:04.619+0000][201034.986s][info][gc,marking  ] GC(7840) Concurrent Scan Root Regions
[2025-01-09T04:16:04.647+0000][201035.014s][info][gc,marking  ] GC(7840) Concurrent Scan Root Regions 28.013ms
[2025-01-09T04:16:04.647+0000][201035.014s][info][gc,marking  ] GC(7840) Concurrent Mark
[2025-01-09T04:16:04.648+0000][201035.014s][info][gc,marking  ] GC(7840) Concurrent Mark From Roots
[2025-01-09T04:16:04.648+0000][201035.014s][info][gc,task     ] GC(7840) Using 2 workers of 2 for marking
[2025-01-09T04:16:05.572+0000][201035.938s][info][gc,marking  ] GC(7840) Concurrent Mark From Roots 924.245ms
[2025-01-09T04:16:05.572+0000][201035.938s][info][gc,marking  ] GC(7840) Concurrent Preclean
[2025-01-09T04:16:05.575+0000][201035.941s][info][gc,marking  ] GC(7840) Concurrent Preclean 2.958ms
[2025-01-09T04:16:05.575+0000][201035.941s][info][gc,start    ] GC(7840) Pause Remark
[2025-01-09T04:16:05.600+0000][201035.966s][info][gc          ] GC(7840) Pause Remark 3408M->3408M(12288M) 25.494ms
[2025-01-09T04:16:05.600+0000][201035.967s][info][gc,cpu      ] GC(7840) User=0.15s Sys=0.00s Real=0.02s
[2025-01-09T04:16:05.601+0000][201035.967s][info][gc,marking  ] GC(7840) Concurrent Mark 953.040ms
[2025-01-09T04:16:05.601+0000][201035.967s][info][gc,marking  ] GC(7840) Concurrent Rebuild Remembered Sets
[2025-01-09T04:16:06.208+0000][201036.574s][info][gc,marking  ] GC(7840) Concurrent Rebuild Remembered Sets 607.443ms
[2025-01-09T04:16:06.208+0000][201036.574s][info][gc,start    ] GC(7840) Pause Cleanup
[2025-01-09T04:16:06.209+0000][201036.575s][info][gc          ] GC(7840) Pause Cleanup 4236M->4236M(12288M) 0.414ms
[2025-01-09T04:16:06.209+0000][201036.575s][info][gc,cpu      ] GC(7840) User=0.00s Sys=0.00s Real=0.00s
[2025-01-09T04:16:06.209+0000][201036.575s][info][gc,marking  ] GC(7840) Concurrent Cleanup for Next Mark
[2025-01-09T04:16:06.225+0000][201036.591s][info][gc,marking  ] GC(7840) Concurrent Cleanup for Next Mark 15.959ms
[2025-01-09T04:16:06.225+0000][201036.591s][info][gc          ] GC(7840) Concurrent Mark Cycle 1606.284ms
[2025-01-09T04:16:13.670+0000][201044.036s][info][gc,start    ] GC(7841) Pause Young (Prepare Mixed) (G1 Evacuation Pause)
[2025-01-09T04:16:13.670+0000][201044.036s][info][gc,task     ] GC(7841) Using 6 workers of 6 for evacuation
[2025-01-09T04:16:13.710+0000][201044.076s][info][gc,phases   ] GC(7841)   Pre Evacuate Collection Set: 0.2ms
[2025-01-09T04:16:13.710+0000][201044.076s][info][gc,phases   ] GC(7841)   Merge Heap Roots: 0.7ms
[2025-01-09T04:16:13.710+0000][201044.076s][info][gc,phases   ] GC(7841)   Evacuate Collection Set: 34.5ms
[2025-01-09T04:16:13.710+0000][201044.076s][info][gc,phases   ] GC(7841)   Post Evacuate Collection Set: 4.4ms
[2025-01-09T04:16:13.710+0000][201044.076s][info][gc,phases   ] GC(7841)   Other: 0.2ms
[2025-01-09T04:16:13.710+0000][201044.076s][info][gc,heap     ] GC(7841) Eden regions: 912->0(65)
[2025-01-09T04:16:13.710+0000][201044.076s][info][gc,heap     ] GC(7841) Survivor regions: 9->11(116)
[2025-01-09T04:16:13.710+0000][201044.076s][info][gc,heap     ] GC(7841) Old regions: 226->226
[2025-01-09T04:16:13.710+0000][201044.076s][info][gc,heap     ] GC(7841) Archive regions: 2->2
[2025-01-09T04:16:13.710+0000][201044.076s][info][gc,heap     ] GC(7841) Humongous regions: 49->49
[2025-01-09T04:16:13.710+0000][201044.076s][info][gc,metaspace] GC(7841) Metaspace: 524756K(534272K)->524756K(534272K) NonClass: 460824K(465536K)->460824K(465536K) Class: 63932K(68736K)->63932K(68736K)
[2025-01-09T04:16:13.710+0000][201044.076s][info][gc          ] GC(7841) Pause Young (Prepare Mixed) (G1 Evacuation Pause) 9572M->2288M(12288M) 40.044ms
[2025-01-09T04:16:13.710+0000][201044.076s][info][gc,cpu      ] GC(7841) User=0.22s Sys=0.01s Real=0.04s
[2025-01-09T04:16:14.037+0000][201044.403s][info][gc,start    ] GC(7842) Pause Young (Mixed) (G1 Evacuation Pause)
[2025-01-09T04:16:14.037+0000][201044.403s][info][gc,task     ] GC(7842) Using 6 workers of 6 for evacuation
[2025-01-09T04:16:14.096+0000][201044.462s][info][gc,phases   ] GC(7842)   Pre Evacuate Collection Set: 0.2ms
[2025-01-09T04:16:14.096+0000][201044.462s][info][gc,phases   ] GC(7842)   Merge Heap Roots: 0.6ms
[2025-01-09T04:16:14.096+0000][201044.462s][info][gc,phases   ] GC(7842)   Evacuate Collection Set: 57.0ms
[2025-01-09T04:16:14.096+0000][201044.462s][info][gc,phases   ] GC(7842)   Post Evacuate Collection Set: 1.7ms
[2025-01-09T04:16:14.096+0000][201044.462s][info][gc,phases   ] GC(7842)   Other: 0.2ms
[2025-01-09T04:16:14.096+0000][201044.463s][info][gc,heap     ] GC(7842) Eden regions: 65->0(915)
[2025-01-09T04:16:14.096+0000][201044.463s][info][gc,heap     ] GC(7842) Survivor regions: 11->6(10)
[2025-01-09T04:16:14.096+0000][201044.463s][info][gc,heap     ] GC(7842) Old regions: 226->226
[2025-01-09T04:16:14.096+0000][201044.463s][info][gc,heap     ] GC(7842) Archive regions: 2->2
[2025-01-09T04:16:14.096+0000][201044.463s][info][gc,heap     ] GC(7842) Humongous regions: 49->49
[2025-01-09T04:16:14.096+0000][201044.463s][info][gc,metaspace] GC(7842) Metaspace: 524756K(534272K)->524756K(534272K) NonClass: 460824K(465536K)->460824K(465536K) Class: 63932K(68736K)->63932K(68736K)
[2025-01-09T04:16:14.096+0000][201044.463s][info][gc          ] GC(7842) Pause Young (Mixed) (G1 Evacuation Pause) 2808M->2246M(12288M) 59.704ms
[2025-01-09T04:16:14.096+0000][201044.463s][info][gc,cpu      ] GC(7842) User=0.35s Sys=0.00s Real=0.06s
[2025-01-09T04:16:23.595+0000][201053.962s][info][gc,start    ] GC(7843) Pause Young (Normal) (G1 Evacuation Pause)
[2025-01-09T04:16:23.595+0000][201053.962s][info][gc,task     ] GC(7843) Using 6 workers of 6 for evacuation
[2025-01-09T04:16:23.623+0000][201053.989s][info][gc,phases   ] GC(7843)   Pre Evacuate Collection Set: 0.2ms
[2025-01-09T04:16:23.623+0000][201053.989s][info][gc,phases   ] GC(7843)   Merge Heap Roots: 0.4ms
[2025-01-09T04:16:23.623+0000][201053.989s][info][gc,phases   ] GC(7843)   Evacuate Collection Set: 22.8ms
[2025-01-09T04:16:23.623+0000][201053.989s][info][gc,phases   ] GC(7843)   Post Evacuate Collection Set: 3.9ms
[2025-01-09T04:16:23.623+0000][201053.989s][info][gc,phases   ] GC(7843)   Other: 0.2ms
[2025-01-09T04:16:23.623+0000][201053.989s][info][gc,heap     ] GC(7843) Eden regions: 915->0(914)
[2025-01-09T04:16:23.623+0000][201053.989s][info][gc,heap     ] GC(7843) Survivor regions: 6->7(116)
[2025-01-09T04:16:23.623+0000][201053.989s][info][gc,heap     ] GC(7843) Old regions: 226->226
[2025-01-09T04:16:23.623+0000][201053.989s][info][gc,heap     ] GC(7843) Archive regions: 2->2
[2025-01-09T04:16:23.623+0000][201053.989s][info][gc,heap     ] GC(7843) Humongous regions: 49->49
[2025-01-09T04:16:23.623+0000][201053.989s][info][gc,metaspace] GC(7843) Metaspace: 524756K(534272K)->524756K(534272K) NonClass: 460824K(465536K)->460824K(465536K) Class: 63932K(68736K)->63932K(68736K)
[2025-01-09T04:16:23.623+0000][201053.989s][info][gc          ] GC(7843) Pause Young (Normal) (G1 Evacuation Pause) 9566M->2256M(12288M) 27.647ms
[2025-01-09T04:16:23.623+0000][201053.989s][info][gc,cpu      ] GC(7843) User=0.16s Sys=0.00s Real=0.03s
[2025-01-09T04:16:31.935+0000][201062.301s][info][gc,start    ] GC(7844) Pause Young (Normal) (G1 Evacuation Pause)
[2025-01-09T04:16:31.935+0000][201062.301s][info][gc,task     ] GC(7844) Using 6 workers of 6 for evacuation
[2025-01-09T04:16:31.968+0000][201062.334s][info][gc,phases   ] GC(7844)   Pre Evacuate Collection Set: 0.2ms
[2025-01-09T04:16:31.968+0000][201062.334s][info][gc,phases   ] GC(7844)   Merge Heap Roots: 0.4ms
[2025-01-09T04:16:31.968+0000][201062.334s][info][gc,phases   ] GC(7844)   Evacuate Collection Set: 28.8ms
[2025-01-09T04:16:31.968+0000][201062.334s][info][gc,phases   ] GC(7844)   Post Evacuate Collection Set: 2.8ms
[2025-01-09T04:16:31.968+0000][201062.334s][info][gc,phases   ] GC(7844)   Other: 0.2ms
[2025-01-09T04:16:31.968+0000][201062.334s][info][gc,heap     ] GC(7844) Eden regions: 914->0(913)
[2025-01-09T04:16:31.968+0000][201062.334s][info][gc,heap     ] GC(7844) Survivor regions: 7->8(116)
[2025-01-09T04:16:31.968+0000][201062.334s][info][gc,heap     ] GC(7844) Old regions: 226->226
[2025-01-09T04:16:31.968+0000][201062.334s][info][gc,heap     ] GC(7844) Archive regions: 2->2
[2025-01-09T04:16:31.968+0000][201062.334s][info][gc,heap     ] GC(7844) Humongous regions: 49->49
[2025-01-09T04:16:31.968+0000][201062.334s][info][gc,metaspace] GC(7844) Metaspace: 524756K(534272K)->524756K(534272K) NonClass: 460824K(465536K)->460824K(465536K) Class: 63932K(68736K)->63932K(68736K)
[2025-01-09T04:16:31.968+0000][201062.334s][info][gc          ] GC(7844) Pause Young (Normal) (G1 Evacuation Pause) 9568M->2262M(12288M) 32.560ms
[2025-01-09T04:16:31.968+0000][201062.334s][info][gc,cpu      ] GC(7844) User=0.19s Sys=0.00s Real=0.03s
[2025-01-09T04:16:40.880+0000][201071.246s][info][gc,start    ] GC(7845) Pause Young (Concurrent Start) (G1 Evacuation Pause)
[2025-01-09T04:16:40.880+0000][201071.246s][info][gc,task     ] GC(7845) Using 6 workers of 6 for evacuation
[2025-01-09T04:16:40.918+0000][201071.284s][info][gc,phases   ] GC(7845)   Pre Evacuate Collection Set: 1.1ms
[2025-01-09T04:16:40.918+0000][201071.284s][info][gc,phases   ] GC(7845)   Merge Heap Roots: 0.5ms
[2025-01-09T04:16:40.918+0000][201071.284s][info][gc,phases   ] GC(7845)   Evacuate Collection Set: 33.9ms
[2025-01-09T04:16:40.918+0000][201071.284s][info][gc,phases   ] GC(7845)   Post Evacuate Collection Set: 2.6ms
[2025-01-09T04:16:40.918+0000][201071.284s][info][gc,phases   ] GC(7845)   Other: 0.3ms
[2025-01-09T04:16:40.918+0000][201071.284s][info][gc,heap     ] GC(7845) Eden regions: 913->0(911)
[2025-01-09T04:16:40.918+0000][201071.284s][info][gc,heap     ] GC(7845) Survivor regions: 8->10(116)
[2025-01-09T04:16:40.918+0000][201071.284s][info][gc,heap     ] GC(7845) Old regions: 226->226
[2025-01-09T04:16:40.918+0000][201071.284s][info][gc,heap     ] GC(7845) Archive regions: 2->2
[2025-01-09T04:16:40.918+0000][201071.284s][info][gc,heap     ] GC(7845) Humongous regions: 49->49
[2025-01-09T04:16:40.918+0000][201071.284s][info][gc,metaspace] GC(7845) Metaspace: 524756K(534272K)->524756K(534272K) NonClass: 460824K(465536K)->460824K(465536K) Class: 63932K(68736K)->63932K(68736K)
[2025-01-09T04:16:40.918+0000][201071.284s][info][gc          ] GC(7845) Pause Young (Concurrent Start) (G1 Evacuation Pause) 9566M->2279M(12288M) 38.463ms
[2025-01-09T04:16:40.918+0000][201071.284s][info][gc,cpu      ] GC(7845) User=0.22s Sys=0.00s Real=0.04s
[2025-01-09T04:16:40.918+0000][201071.284s][info][gc          ] GC(7846) Concurrent Mark Cycle
[2025-01-09T04:16:40.918+0000][201071.284s][info][gc,marking  ] GC(7846) Concurrent Clear Claimed Marks
[2025-01-09T04:16:40.919+0000][201071.285s][info][gc,marking  ] GC(7846) Concurrent Clear Claimed Marks 0.996ms
[2025-01-09T04:16:40.919+0000][201071.285s][info][gc,marking  ] GC(7846) Concurrent Scan Root Regions
[2025-01-09T04:16:40.950+0000][201071.316s][info][gc,marking  ] GC(7846) Concurrent Scan Root Regions 30.802ms
[2025-01-09T04:16:40.950+0000][201071.316s][info][gc,marking  ] GC(7846) Concurrent Mark
[2025-01-09T04:16:40.950+0000][201071.316s][info][gc,marking  ] GC(7846) Concurrent Mark From Roots
[2025-01-09T04:16:40.950+0000][201071.316s][info][gc,task     ] GC(7846) Using 2 workers of 2 for marking
[2025-01-09T04:16:41.785+0000][201072.151s][info][gc,marking  ] GC(7846) Concurrent Mark From Roots 835.099ms
[2025-01-09T04:16:41.785+0000][201072.151s][info][gc,marking  ] GC(7846) Concurrent Preclean
[2025-01-09T04:16:41.789+0000][201072.155s][info][gc,marking  ] GC(7846) Concurrent Preclean 3.768ms
[2025-01-09T04:16:41.789+0000][201072.155s][info][gc,start    ] GC(7846) Pause Remark
[2025-01-09T04:16:41.815+0000][201072.181s][info][gc          ] GC(7846) Pause Remark 2771M->2771M(12288M) 25.805ms
[2025-01-09T04:16:41.815+0000][201072.181s][info][gc,cpu      ] GC(7846) User=0.15s Sys=0.00s Real=0.03s
[2025-01-09T04:16:41.815+0000][201072.181s][info][gc,marking  ] GC(7846) Concurrent Mark 865.091ms
[2025-01-09T04:16:41.815+0000][201072.181s][info][gc,marking  ] GC(7846) Concurrent Rebuild Remembered Sets
[2025-01-09T04:16:42.355+0000][201072.721s][info][gc,marking  ] GC(7846) Concurrent Rebuild Remembered Sets 539.434ms
[2025-01-09T04:16:42.355+0000][201072.721s][info][gc,start    ] GC(7846) Pause Cleanup
[2025-01-09T04:16:42.355+0000][201072.721s][info][gc          ] GC(7846) Pause Cleanup 2974M->2974M(12288M) 0.406ms
[2025-01-09T04:16:42.355+0000][201072.721s][info][gc,cpu      ] GC(7846) User=0.00s Sys=0.00s Real=0.00s
[2025-01-09T04:16:42.355+0000][201072.722s][info][gc,marking  ] GC(7846) Concurrent Cleanup for Next Mark
[2025-01-09T04:16:42.371+0000][201072.737s][info][gc,marking  ] GC(7846) Concurrent Cleanup for Next Mark 15.398ms
[2025-01-09T04:16:42.371+0000][201072.737s][info][gc          ] GC(7846) Concurrent Mark Cycle 1452.538ms
[2025-01-09T04:16:49.061+0000][201079.427s][info][gc,start    ] GC(7847) Pause Young (Prepare Mixed) (G1 Evacuation Pause)
[2025-01-09T04:16:49.061+0000][201079.427s][info][gc,task     ] GC(7847) Using 6 workers of 6 for evacuation
[2025-01-09T04:16:49.098+0000][201079.464s][info][gc,phases   ] GC(7847)   Pre Evacuate Collection Set: 0.2ms
[2025-01-09T04:16:49.098+0000][201079.464s][info][gc,phases   ] GC(7847)   Merge Heap Roots: 0.7ms
[2025-01-09T04:16:49.098+0000][201079.464s][info][gc,phases   ] GC(7847)   Evacuate Collection Set: 32.8ms
[2025-01-09T04:16:49.098+0000][201079.464s][info][gc,phases   ] GC(7847)   Post Evacuate Collection Set: 2.8ms
[2025-01-09T04:16:49.098+0000][201079.464s][info][gc,phases   ] GC(7847)   Other: 0.2ms
[2025-01-09T04:16:49.098+0000][201079.464s][info][gc,heap     ] GC(7847) Eden regions: 911->0(66)
[2025-01-09T04:16:49.098+0000][201079.464s][info][gc,heap     ] GC(7847) Survivor regions: 10->10(116)
[2025-01-09T04:16:49.098+0000][201079.464s][info][gc,heap     ] GC(7847) Old regions: 226->226
[2025-01-09T04:16:49.098+0000][201079.464s][info][gc,heap     ] GC(7847) Archive regions: 2->2
[2025-01-09T04:16:49.098+0000][201079.464s][info][gc,heap     ] GC(7847) Humongous regions: 49->49
[2025-01-09T04:16:49.098+0000][201079.464s][info][gc,metaspace] GC(7847) Metaspace: 524756K(534272K)->524756K(534272K) NonClass: 460824K(465536K)->460824K(465536K) Class: 63932K(68736K)->63932K(68736K)
[2025-01-09T04:16:49.098+0000][201079.464s][info][gc          ] GC(7847) Pause Young (Prepare Mixed) (G1 Evacuation Pause) 9567M->2282M(12288M) 36.809ms
[2025-01-09T04:16:49.098+0000][201079.464s][info][gc,cpu      ] GC(7847) User=0.21s Sys=0.01s Real=0.04s
[2025-01-09T04:16:49.489+0000][201079.855s][info][gc,start    ] GC(7848) Pause Young (Mixed) (G1 Evacuation Pause)
[2025-01-09T04:16:49.489+0000][201079.856s][info][gc,task     ] GC(7848) Using 6 workers of 6 for evacuation
[2025-01-09T04:16:49.557+0000][201079.923s][info][gc,phases   ] GC(7848)   Pre Evacuate Collection Set: 0.2ms
[2025-01-09T04:16:49.557+0000][201079.923s][info][gc,phases   ] GC(7848)   Merge Heap Roots: 0.8ms
[2025-01-09T04:16:49.557+0000][201079.923s][info][gc,phases   ] GC(7848)   Evacuate Collection Set: 64.3ms
[2025-01-09T04:16:49.557+0000][201079.923s][info][gc,phases   ] GC(7848)   Post Evacuate Collection Set: 1.9ms
[2025-01-09T04:16:49.557+0000][201079.923s][info][gc,phases   ] GC(7848)   Other: 0.2ms
[2025-01-09T04:16:49.557+0000][201079.923s][info][gc,heap     ] GC(7848) Eden regions: 66->0(916)
[2025-01-09T04:16:49.557+0000][201079.923s][info][gc,heap     ] GC(7848) Survivor regions: 10->5(10)
[2025-01-09T04:16:49.557+0000][201079.923s][info][gc,heap     ] GC(7848) Old regions: 226->228
[2025-01-09T04:16:49.557+0000][201079.923s][info][gc,heap     ] GC(7848) Archive regions: 2->2
[2025-01-09T04:16:49.557+0000][201079.923s][info][gc,heap     ] GC(7848) Humongous regions: 49->49
[2025-01-09T04:16:49.557+0000][201079.923s][info][gc,metaspace] GC(7848) Metaspace: 524756K(534272K)->524756K(534272K) NonClass: 460824K(465536K)->460824K(465536K) Class: 63932K(68736K)->63932K(68736K)
[2025-01-09T04:16:49.557+0000][201079.923s][info][gc          ] GC(7848) Pause Young (Mixed) (G1 Evacuation Pause) 2810M->2253M(12288M) 67.362ms
[2025-01-09T04:16:49.557+0000][201079.923s][info][gc,cpu      ] GC(7848) User=0.38s Sys=0.00s Real=0.07s
[2025-01-09T04:16:58.287+0000][201088.653s][info][gc,start    ] GC(7849) Pause Young (Normal) (G1 Evacuation Pause)
[2025-01-09T04:16:58.287+0000][201088.653s][info][gc,task     ] GC(7849) Using 6 workers of 6 for evacuation
[2025-01-09T04:16:58.313+0000][201088.679s][info][gc,phases   ] GC(7849)   Pre Evacuate Collection Set: 0.2ms
[2025-01-09T04:16:58.313+0000][201088.679s][info][gc,phases   ] GC(7849)   Merge Heap Roots: 0.4ms
[2025-01-09T04:16:58.313+0000][201088.679s][info][gc,phases   ] GC(7849)   Evacuate Collection Set: 22.5ms
[2025-01-09T04:16:58.313+0000][201088.679s][info][gc,phases   ] GC(7849)   Post Evacuate Collection Set: 2.6ms
[2025-01-09T04:16:58.313+0000][201088.679s][info][gc,phases   ] GC(7849)   Other: 0.2ms
[2025-01-09T04:16:58.313+0000][201088.679s][info][gc,heap     ] GC(7849) Eden regions: 916->0(915)
[2025-01-09T04:16:58.313+0000][201088.679s][info][gc,heap     ] GC(7849) Survivor regions: 5->6(116)
[2025-01-09T04:16:58.313+0000][201088.679s][info][gc,heap     ] GC(7849) Old regions: 228->228
[2025-01-09T04:16:58.313+0000][201088.679s][info][gc,heap     ] GC(7849) Archive regions: 2->2
[2025-01-09T04:16:58.313+0000][201088.679s][info][gc,heap     ] GC(7849) Humongous regions: 49->49
[2025-01-09T04:16:58.313+0000][201088.679s][info][gc,metaspace] GC(7849) Metaspace: 524756K(534272K)->524756K(534272K) NonClass: 460824K(465536K)->460824K(465536K) Class: 63932K(68736K)->63932K(68736K)
[2025-01-09T04:16:58.313+0000][201088.679s][info][gc          ] GC(7849) Pause Young (Normal) (G1 Evacuation Pause) 9581M->2262M(12288M) 26.054ms
[2025-01-09T04:16:58.313+0000][201088.679s][info][gc,cpu      ] GC(7849) User=0.15s Sys=0.00s Real=0.03s
[2025-01-09T04:17:06.089+0000][201096.455s][info][gc,start    ] GC(7850) Pause Young (Normal) (G1 Evacuation Pause)
[2025-01-09T04:17:06.089+0000][201096.455s][info][gc,task     ] GC(7850) Using 6 workers of 6 for evacuation
[2025-01-09T04:17:06.121+0000][201096.487s][info][gc,phases   ] GC(7850)   Pre Evacuate Collection Set: 0.2ms
[2025-01-09T04:17:06.121+0000][201096.487s][info][gc,phases   ] GC(7850)   Merge Heap Roots: 0.5ms
[2025-01-09T04:17:06.121+0000][201096.487s][info][gc,phases   ] GC(7850)   Evacuate Collection Set: 25.7ms
[2025-01-09T04:17:06.121+0000][201096.487s][info][gc,phases   ] GC(7850)   Post Evacuate Collection Set: 5.2ms
[2025-01-09T04:17:06.121+0000][201096.487s][info][gc,phases   ] GC(7850)   Other: 0.2ms
[2025-01-09T04:17:06.121+0000][201096.487s][info][gc,heap     ] GC(7850) Eden regions: 915->0(912)
[2025-01-09T04:17:06.121+0000][201096.487s][info][gc,heap     ] GC(7850) Survivor regions: 6->9(116)
[2025-01-09T04:17:06.121+0000][201096.487s][info][gc,heap     ] GC(7850) Old regions: 228->228
[2025-01-09T04:17:06.121+0000][201096.487s][info][gc,heap     ] GC(7850) Archive regions: 2->2
[2025-01-09T04:17:06.121+0000][201096.487s][info][gc,heap     ] GC(7850) Humongous regions: 49->49
[2025-01-09T04:17:06.121+0000][201096.487s][info][gc,metaspace] GC(7850) Metaspace: 524756K(534272K)->524756K(534272K) NonClass: 460824K(465536K)->460824K(465536K) Class: 63932K(68736K)->63932K(68736K)
[2025-01-09T04:17:06.121+0000][201096.487s][info][gc          ] GC(7850) Pause Young (Normal) (G1 Evacuation Pause) 9582M->2281M(12288M) 31.834ms
[2025-01-09T04:17:06.121+0000][201096.487s][info][gc,cpu      ] GC(7850) User=0.18s Sys=0.00s Real=0.03s
[2025-01-09T04:17:12.753+0000][201103.119s][info][gc,start    ] GC(7851) Pause Young (Concurrent Start) (G1 Evacuation Pause)
[2025-01-09T04:17:12.753+0000][201103.119s][info][gc,task     ] GC(7851) Using 6 workers of 6 for evacuation
[2025-01-09T04:17:12.788+0000][201103.154s][info][gc,phases   ] GC(7851)   Pre Evacuate Collection Set: 1.2ms
[2025-01-09T04:17:12.788+0000][201103.154s][info][gc,phases   ] GC(7851)   Merge Heap Roots: 0.5ms
[2025-01-09T04:17:12.788+0000][201103.154s][info][gc,phases   ] GC(7851)   Evacuate Collection Set: 29.7ms
[2025-01-09T04:17:12.788+0000][201103.154s][info][gc,phases   ] GC(7851)   Post Evacuate Collection Set: 4.0ms
[2025-01-09T04:17:12.788+0000][201103.154s][info][gc,phases   ] GC(7851)   Other: 0.3ms
[2025-01-09T04:17:12.788+0000][201103.154s][info][gc,heap     ] GC(7851) Eden regions: 912->0(911)
[2025-01-09T04:17:12.788+0000][201103.154s][info][gc,heap     ] GC(7851) Survivor regions: 9->10(116)
[2025-01-09T04:17:12.788+0000][201103.154s][info][gc,heap     ] GC(7851) Old regions: 228->228
[2025-01-09T04:17:12.788+0000][201103.154s][info][gc,heap     ] GC(7851) Archive regions: 2->2
[2025-01-09T04:17:12.788+0000][201103.154s][info][gc,heap     ] GC(7851) Humongous regions: 49->49
[2025-01-09T04:17:12.788+0000][201103.154s][info][gc,metaspace] GC(7851) Metaspace: 524756K(534272K)->524756K(534272K) NonClass: 460824K(465536K)->460824K(465536K) Class: 63932K(68736K)->63932K(68736K)
[2025-01-09T04:17:12.788+0000][201103.154s][info][gc          ] GC(7851) Pause Young (Concurrent Start) (G1 Evacuation Pause) 9577M->2290M(12288M) 35.751ms
[2025-01-09T04:17:12.788+0000][201103.154s][info][gc,cpu      ] GC(7851) User=0.20s Sys=0.00s Real=0.03s
[2025-01-09T04:17:12.788+0000][201103.154s][info][gc          ] GC(7852) Concurrent Mark Cycle
[2025-01-09T04:17:12.788+0000][201103.154s][info][gc,marking  ] GC(7852) Concurrent Clear Claimed Marks
[2025-01-09T04:17:12.789+0000][201103.155s][info][gc,marking  ] GC(7852) Concurrent Clear Claimed Marks 0.964ms
[2025-01-09T04:17:12.789+0000][201103.155s][info][gc,marking  ] GC(7852) Concurrent Scan Root Regions
[2025-01-09T04:17:12.817+0000][201103.183s][info][gc,marking  ] GC(7852) Concurrent Scan Root Regions 27.975ms
[2025-01-09T04:17:12.817+0000][201103.183s][info][gc,marking  ] GC(7852) Concurrent Mark
[2025-01-09T04:17:12.817+0000][201103.183s][info][gc,marking  ] GC(7852) Concurrent Mark From Roots
[2025-01-09T04:17:12.817+0000][201103.183s][info][gc,task     ] GC(7852) Using 2 workers of 2 for marking
[2025-01-09T04:17:13.596+0000][201103.962s][info][gc,marking  ] GC(7852) Concurrent Mark From Roots 778.250ms
[2025-01-09T04:17:13.596+0000][201103.962s][info][gc,marking  ] GC(7852) Concurrent Preclean
[2025-01-09T04:17:13.599+0000][201103.965s][info][gc,marking  ] GC(7852) Concurrent Preclean 3.071ms
[2025-01-09T04:17:13.599+0000][201103.965s][info][gc,start    ] GC(7852) Pause Remark
[2025-01-09T04:17:13.624+0000][201103.990s][info][gc          ] GC(7852) Pause Remark 2914M->2914M(12288M) 25.371ms
[2025-01-09T04:17:13.624+0000][201103.990s][info][gc,cpu      ] GC(7852) User=0.14s Sys=0.00s Real=0.03s
[2025-01-09T04:17:13.624+0000][201103.990s][info][gc,marking  ] GC(7852) Concurrent Mark 807.046ms
[2025-01-09T04:17:13.624+0000][201103.991s][info][gc,marking  ] GC(7852) Concurrent Rebuild Remembered Sets
[2025-01-09T04:17:14.259+0000][201104.626s][info][gc,marking  ] GC(7852) Concurrent Rebuild Remembered Sets 634.991ms
[2025-01-09T04:17:14.260+0000][201104.626s][info][gc,start    ] GC(7852) Pause Cleanup
[2025-01-09T04:17:14.260+0000][201104.626s][info][gc          ] GC(7852) Pause Cleanup 3776M->3776M(12288M) 0.402ms
[2025-01-09T04:17:14.260+0000][201104.626s][info][gc,cpu      ] GC(7852) User=0.00s Sys=0.00s Real=0.00s
[2025-01-09T04:17:14.260+0000][201104.626s][info][gc,marking  ] GC(7852) Concurrent Cleanup for Next Mark
[2025-01-09T04:17:14.276+0000][201104.642s][info][gc,marking  ] GC(7852) Concurrent Cleanup for Next Mark 16.148ms
[2025-01-09T04:17:14.276+0000][201104.642s][info][gc          ] GC(7852) Concurrent Mark Cycle 1487.922ms
[2025-01-09T04:17:22.594+0000][201112.960s][info][gc,start    ] GC(7853) Pause Young (Prepare Mixed) (G1 Evacuation Pause)
[2025-01-09T04:17:22.594+0000][201112.960s][info][gc,task     ] GC(7853) Using 6 workers of 6 for evacuation
[2025-01-09T04:17:22.633+0000][201112.999s][info][gc,phases   ] GC(7853)   Pre Evacuate Collection Set: 0.2ms
[2025-01-09T04:17:22.633+0000][201112.999s][info][gc,phases   ] GC(7853)   Merge Heap Roots: 0.7ms
[2025-01-09T04:17:22.633+0000][201112.999s][info][gc,phases   ] GC(7853)   Evacuate Collection Set: 35.4ms
[2025-01-09T04:17:22.633+0000][201112.999s][info][gc,phases   ] GC(7853)   Post Evacuate Collection Set: 2.7ms
[2025-01-09T04:17:22.633+0000][201112.999s][info][gc,phases   ] GC(7853)   Other: 0.2ms
[2025-01-09T04:17:22.633+0000][201112.999s][info][gc,heap     ] GC(7853) Eden regions: 911->0(66)
[2025-01-09T04:17:22.633+0000][201112.999s][info][gc,heap     ] GC(7853) Survivor regions: 10->10(116)
[2025-01-09T04:17:22.633+0000][201112.999s][info][gc,heap     ] GC(7853) Old regions: 228->228
[2025-01-09T04:17:22.633+0000][201112.999s][info][gc,heap     ] GC(7853) Archive regions: 2->2
[2025-01-09T04:17:22.633+0000][201112.999s][info][gc,heap     ] GC(7853) Humongous regions: 49->49
[2025-01-09T04:17:22.633+0000][201112.999s][info][gc,metaspace] GC(7853) Metaspace: 524756K(534272K)->524756K(534272K) NonClass: 460824K(465536K)->460824K(465536K) Class: 63932K(68736K)->63932K(68736K)
[2025-01-09T04:17:22.633+0000][201112.999s][info][gc          ] GC(7853) Pause Young (Prepare Mixed) (G1 Evacuation Pause) 9578M->2296M(12288M) 39.405ms
[2025-01-09T04:17:22.633+0000][201112.999s][info][gc,cpu      ] GC(7853) User=0.23s Sys=0.00s Real=0.04s
[2025-01-09T04:17:22.983+0000][201113.349s][info][gc,start    ] GC(7854) Pause Young (Mixed) (G1 Evacuation Pause)
[2025-01-09T04:17:22.983+0000][201113.349s][info][gc,task     ] GC(7854) Using 6 workers of 6 for evacuation
[2025-01-09T04:17:23.060+0000][201113.427s][info][gc,phases   ] GC(7854)   Pre Evacuate Collection Set: 0.2ms
[2025-01-09T04:17:23.060+0000][201113.427s][info][gc,phases   ] GC(7854)   Merge Heap Roots: 0.8ms
[2025-01-09T04:17:23.060+0000][201113.427s][info][gc,phases   ] GC(7854)   Evacuate Collection Set: 74.2ms
[2025-01-09T04:17:23.060+0000][201113.427s][info][gc,phases   ] GC(7854)   Post Evacuate Collection Set: 2.0ms
[2025-01-09T04:17:23.060+0000][201113.427s][info][gc,phases   ] GC(7854)   Other: 0.2ms
[2025-01-09T04:17:23.061+0000][201113.427s][info][gc,heap     ] GC(7854) Eden regions: 66->0(915)
[2025-01-09T04:17:23.061+0000][201113.427s][info][gc,heap     ] GC(7854) Survivor regions: 10->6(10)
[2025-01-09T04:17:23.061+0000][201113.427s][info][gc,heap     ] GC(7854) Old regions: 228->228
[2025-01-09T04:17:23.061+0000][201113.427s][info][gc,heap     ] GC(7854) Archive regions: 2->2
[2025-01-09T04:17:23.061+0000][201113.427s][info][gc,heap     ] GC(7854) Humongous regions: 49->49
[2025-01-09T04:17:23.061+0000][201113.427s][info][gc,metaspace] GC(7854) Metaspace: 524756K(534272K)->524756K(534272K) NonClass: 460824K(465536K)->460824K(465536K) Class: 63932K(68736K)->63932K(68736K)
[2025-01-09T04:17:23.061+0000][201113.427s][info][gc          ] GC(7854) Pause Young (Mixed) (G1 Evacuation Pause) 2824M->2263M(12288M) 77.409ms
[2025-01-09T04:17:23.061+0000][201113.427s][info][gc,cpu      ] GC(7854) User=0.45s Sys=0.00s Real=0.07s
[2025-01-09T04:17:30.099+0000][201120.465s][info][gc,start    ] GC(7855) Pause Young (Normal) (G1 Evacuation Pause)
[2025-01-09T04:17:30.099+0000][201120.465s][info][gc,task     ] GC(7855) Using 6 workers of 6 for evacuation
[2025-01-09T04:17:30.125+0000][201120.491s][info][gc,phases   ] GC(7855)   Pre Evacuate Collection Set: 0.2ms
[2025-01-09T04:17:30.126+0000][201120.492s][info][gc,phases   ] GC(7855)   Merge Heap Roots: 0.5ms
[2025-01-09T04:17:30.126+0000][201120.492s][info][gc,phases   ] GC(7855)   Evacuate Collection Set: 23.5ms
[2025-01-09T04:17:30.126+0000][201120.492s][info][gc,phases   ] GC(7855)   Post Evacuate Collection Set: 2.4ms
[2025-01-09T04:17:30.126+0000][201120.492s][info][gc,phases   ] GC(7855)   Other: 0.2ms
[2025-01-09T04:17:30.126+0000][201120.492s][info][gc,heap     ] GC(7855) Eden regions: 915->0(914)
[2025-01-09T04:17:30.126+0000][201120.492s][info][gc,heap     ] GC(7855) Survivor regions: 6->7(116)
[2025-01-09T04:17:30.126+0000][201120.492s][info][gc,heap     ] GC(7855) Old regions: 228->228
[2025-01-09T04:17:30.126+0000][201120.492s][info][gc,heap     ] GC(7855) Archive regions: 2->2
[2025-01-09T04:17:30.126+0000][201120.492s][info][gc,heap     ] GC(7855) Humongous regions: 49->49
[2025-01-09T04:17:30.126+0000][201120.492s][info][gc,metaspace] GC(7855) Metaspace: 524756K(534272K)->524756K(534272K) NonClass: 460824K(465536K)->460824K(465536K) Class: 63932K(68736K)->63932K(68736K)
[2025-01-09T04:17:30.126+0000][201120.492s][info][gc          ] GC(7855) Pause Young (Normal) (G1 Evacuation Pause) 9583M->2268M(12288M) 27.007ms
[2025-01-09T04:17:30.126+0000][201120.492s][info][gc,cpu      ] GC(7855) User=0.15s Sys=0.01s Real=0.03s
[2025-01-09T04:17:33.697+0000][201124.063s][info][gc,start    ] GC(7856) Pause Young (Normal) (G1 Evacuation Pause)
[2025-01-09T04:17:33.697+0000][201124.063s][info][gc,task     ] GC(7856) Using 6 workers of 6 for evacuation
[2025-01-09T04:17:33.723+0000][201124.090s][info][gc,phases   ] GC(7856)   Pre Evacuate Collection Set: 0.2ms
[2025-01-09T04:17:33.724+0000][201124.090s][info][gc,phases   ] GC(7856)   Merge Heap Roots: 0.4ms
[2025-01-09T04:17:33.724+0000][201124.090s][info][gc,phases   ] GC(7856)   Evacuate Collection Set: 23.3ms
[2025-01-09T04:17:33.724+0000][201124.090s][info][gc,phases   ] GC(7856)   Post Evacuate Collection Set: 2.4ms
[2025-01-09T04:17:33.724+0000][201124.090s][info][gc,phases   ] GC(7856)   Other: 0.2ms
[2025-01-09T04:17:33.724+0000][201124.090s][info][gc,heap     ] GC(7856) Eden regions: 914->0(914)
[2025-01-09T04:17:33.724+0000][201124.090s][info][gc,heap     ] GC(7856) Survivor regions: 7->7(116)
[2025-01-09T04:17:33.724+0000][201124.090s][info][gc,heap     ] GC(7856) Old regions: 228->228
[2025-01-09T04:17:33.724+0000][201124.090s][info][gc,heap     ] GC(7856) Archive regions: 2->2
[2025-01-09T04:17:33.724+0000][201124.090s][info][gc,heap     ] GC(7856) Humongous regions: 49->49
[2025-01-09T04:17:33.724+0000][201124.090s][info][gc,metaspace] GC(7856) Metaspace: 524756K(534272K)->524756K(534272K) NonClass: 460824K(465536K)->460824K(465536K) Class: 63932K(68736K)->63932K(68736K)
[2025-01-09T04:17:33.724+0000][201124.090s][info][gc          ] GC(7856) Pause Young (Normal) (G1 Evacuation Pause) 9580M->2269M(12288M) 26.620ms
[2025-01-09T04:17:33.724+0000][201124.090s][info][gc,cpu      ] GC(7856) User=0.15s Sys=0.00s Real=0.03s
[2025-01-09T04:17:41.766+0000][201132.133s][info][gc,start    ] GC(7857) Pause Young (Concurrent Start) (G1 Evacuation Pause)
[2025-01-09T04:17:41.767+0000][201132.133s][info][gc,task     ] GC(7857) Using 6 workers of 6 for evacuation
[2025-01-09T04:17:41.801+0000][201132.167s][info][gc,phases   ] GC(7857)   Pre Evacuate Collection Set: 1.2ms
[2025-01-09T04:17:41.801+0000][201132.167s][info][gc,phases   ] GC(7857)   Merge Heap Roots: 0.4ms
[2025-01-09T04:17:41.801+0000][201132.167s][info][gc,phases   ] GC(7857)   Evacuate Collection Set: 29.4ms
[2025-01-09T04:17:41.801+0000][201132.167s][info][gc,phases   ] GC(7857)   Post Evacuate Collection Set: 2.7ms
[2025-01-09T04:17:41.801+0000][201132.167s][info][gc,phases   ] GC(7857)   Other: 0.3ms
[2025-01-09T04:17:41.801+0000][201132.167s][info][gc,heap     ] GC(7857) Eden regions: 914->0(912)
[2025-01-09T04:17:41.801+0000][201132.167s][info][gc,heap     ] GC(7857) Survivor regions: 7->9(116)
[2025-01-09T04:17:41.801+0000][201132.167s][info][gc,heap     ] GC(7857) Old regions: 228->228
[2025-01-09T04:17:41.801+0000][201132.167s][info][gc,heap     ] GC(7857) Archive regions: 2->2
[2025-01-09T04:17:41.801+0000][201132.167s][info][gc,heap     ] GC(7857) Humongous regions: 49->49
[2025-01-09T04:17:41.801+0000][201132.167s][info][gc,metaspace] GC(7857) Metaspace: 524756K(534272K)->524756K(534272K) NonClass: 460824K(465536K)->460824K(465536K) Class: 63932K(68736K)->63932K(68736K)
[2025-01-09T04:17:41.801+0000][201132.167s][info][gc          ] GC(7857) Pause Young (Concurrent Start) (G1 Evacuation Pause) 9581M->2282M(12288M) 34.116ms
[2025-01-09T04:17:41.801+0000][201132.167s][info][gc,cpu      ] GC(7857) User=0.20s Sys=0.00s Real=0.03s
[2025-01-09T04:17:41.801+0000][201132.167s][info][gc          ] GC(7858) Concurrent Mark Cycle
[2025-01-09T04:17:41.801+0000][201132.167s][info][gc,marking  ] GC(7858) Concurrent Clear Claimed Marks
[2025-01-09T04:17:41.802+0000][201132.168s][info][gc,marking  ] GC(7858) Concurrent Clear Claimed Marks 1.021ms
[2025-01-09T04:17:41.802+0000][201132.168s][info][gc,marking  ] GC(7858) Concurrent Scan Root Regions
[2025-01-09T04:17:41.827+0000][201132.194s][info][gc,marking  ] GC(7858) Concurrent Scan Root Regions 25.644ms
[2025-01-09T04:17:41.827+0000][201132.194s][info][gc,marking  ] GC(7858) Concurrent Mark
[2025-01-09T04:17:41.827+0000][201132.194s][info][gc,marking  ] GC(7858) Concurrent Mark From Roots
[2025-01-09T04:17:41.827+0000][201132.194s][info][gc,task     ] GC(7858) Using 2 workers of 2 for marking
[2025-01-09T04:17:42.783+0000][201133.149s][info][gc,marking  ] GC(7858) Concurrent Mark From Roots 955.528ms
[2025-01-09T04:17:42.783+0000][201133.149s][info][gc,marking  ] GC(7858) Concurrent Preclean
[2025-01-09T04:17:42.786+0000][201133.152s][info][gc,marking  ] GC(7858) Concurrent Preclean 2.974ms
[2025-01-09T04:17:42.786+0000][201133.152s][info][gc,start    ] GC(7858) Pause Remark
[2025-01-09T04:17:42.812+0000][201133.178s][info][gc          ] GC(7858) Pause Remark 3378M->3378M(12288M) 26.192ms
[2025-01-09T04:17:42.812+0000][201133.178s][info][gc,cpu      ] GC(7858) User=0.15s Sys=0.00s Real=0.03s
[2025-01-09T04:17:42.812+0000][201133.179s][info][gc,marking  ] GC(7858) Concurrent Mark 985.034ms
[2025-01-09T04:17:42.812+0000][201133.179s][info][gc,marking  ] GC(7858) Concurrent Rebuild Remembered Sets
[2025-01-09T04:17:43.322+0000][201133.688s][info][gc,marking  ] GC(7858) Concurrent Rebuild Remembered Sets 509.235ms
[2025-01-09T04:17:43.322+0000][201133.688s][info][gc,start    ] GC(7858) Pause Cleanup
[2025-01-09T04:17:43.322+0000][201133.688s][info][gc          ] GC(7858) Pause Cleanup 3506M->3506M(12288M) 0.387ms
[2025-01-09T04:17:43.322+0000][201133.688s][info][gc,cpu      ] GC(7858) User=0.00s Sys=0.00s Real=0.00s
[2025-01-09T04:17:43.322+0000][201133.688s][info][gc,marking  ] GC(7858) Concurrent Cleanup for Next Mark
[2025-01-09T04:17:43.338+0000][201133.704s][info][gc,marking  ] GC(7858) Concurrent Cleanup for Next Mark 15.471ms
[2025-01-09T04:17:43.338+0000][201133.704s][info][gc          ] GC(7858) Concurrent Mark Cycle 1537.178ms
[2025-01-09T04:17:49.047+0000][201139.413s][info][gc,start    ] GC(7859) Pause Young (Prepare Mixed) (G1 Evacuation Pause)
[2025-01-09T04:17:49.047+0000][201139.413s][info][gc,task     ] GC(7859) Using 6 workers of 6 for evacuation
[2025-01-09T04:17:49.086+0000][201139.452s][info][gc,phases   ] GC(7859)   Pre Evacuate Collection Set: 0.2ms
[2025-01-09T04:17:49.086+0000][201139.452s][info][gc,phases   ] GC(7859)   Merge Heap Roots: 0.7ms
[2025-01-09T04:17:49.086+0000][201139.452s][info][gc,phases   ] GC(7859)   Evacuate Collection Set: 35.9ms
[2025-01-09T04:17:49.086+0000][201139.452s][info][gc,phases   ] GC(7859)   Post Evacuate Collection Set: 2.6ms
[2025-01-09T04:17:49.086+0000][201139.452s][info][gc,phases   ] GC(7859)   Other: 0.3ms
[2025-01-09T04:17:49.086+0000][201139.452s][info][gc,heap     ] GC(7859) Eden regions: 912->0(67)
[2025-01-09T04:17:49.086+0000][201139.452s][info][gc,heap     ] GC(7859) Survivor regions: 9->9(116)
[2025-01-09T04:17:49.086+0000][201139.452s][info][gc,heap     ] GC(7859) Old regions: 228->228
[2025-01-09T04:17:49.086+0000][201139.452s][info][gc,heap     ] GC(7859) Archive regions: 2->2
[2025-01-09T04:17:49.086+0000][201139.452s][info][gc,heap     ] GC(7859) Humongous regions: 49->49
[2025-01-09T04:17:49.086+0000][201139.452s][info][gc,metaspace] GC(7859) Metaspace: 524756K(534272K)->524756K(534272K) NonClass: 460824K(465536K)->460824K(465536K) Class: 63932K(68736K)->63932K(68736K)
[2025-01-09T04:17:49.086+0000][201139.453s][info][gc          ] GC(7859) Pause Young (Prepare Mixed) (G1 Evacuation Pause) 9578M->2287M(12288M) 39.713ms
[2025-01-09T04:17:49.086+0000][201139.453s][info][gc,cpu      ] GC(7859) User=0.23s Sys=0.00s Real=0.04s
[2025-01-09T04:17:49.626+0000][201139.992s][info][gc,start    ] GC(7860) Pause Young (Mixed) (G1 Evacuation Pause)
[2025-01-09T04:17:49.626+0000][201139.992s][info][gc,task     ] GC(7860) Using 6 workers of 6 for evacuation
[2025-01-09T04:17:49.700+0000][201140.066s][info][gc,phases   ] GC(7860)   Pre Evacuate Collection Set: 0.2ms
[2025-01-09T04:17:49.700+0000][201140.066s][info][gc,phases   ] GC(7860)   Merge Heap Roots: 0.8ms
[2025-01-09T04:17:49.700+0000][201140.066s][info][gc,phases   ] GC(7860)   Evacuate Collection Set: 71.2ms
[2025-01-09T04:17:49.700+0000][201140.066s][info][gc,phases   ] GC(7860)   Post Evacuate Collection Set: 2.0ms
[2025-01-09T04:17:49.700+0000][201140.066s][info][gc,phases   ] GC(7860)   Other: 0.2ms
[2025-01-09T04:17:49.700+0000][201140.066s][info][gc,heap     ] GC(7860) Eden regions: 67->0(915)
[2025-01-09T04:17:49.700+0000][201140.066s][info][gc,heap     ] GC(7860) Survivor regions: 9->6(10)
[2025-01-09T04:17:49.700+0000][201140.066s][info][gc,heap     ] GC(7860) Old regions: 228->228
[2025-01-09T04:17:49.700+0000][201140.066s][info][gc,heap     ] GC(7860) Archive regions: 2->2
[2025-01-09T04:17:49.700+0000][201140.066s][info][gc,heap     ] GC(7860) Humongous regions: 49->49
[2025-01-09T04:17:49.700+0000][201140.066s][info][gc,metaspace] GC(7860) Metaspace: 524757K(534272K)->524757K(534272K) NonClass: 460825K(465536K)->460825K(465536K) Class: 63932K(68736K)->63932K(68736K)
[2025-01-09T04:17:49.700+0000][201140.066s][info][gc          ] GC(7860) Pause Young (Mixed) (G1 Evacuation Pause) 2823M->2262M(12288M) 74.486ms
[2025-01-09T04:17:49.700+0000][201140.066s][info][gc,cpu      ] GC(7860) User=0.42s Sys=0.00s Real=0.07s
[2025-01-09T04:17:57.201+0000][201147.567s][info][gc,start    ] GC(7861) Pause Young (Normal) (G1 Evacuation Pause)
[2025-01-09T04:17:57.201+0000][201147.567s][info][gc,task     ] GC(7861) Using 6 workers of 6 for evacuation
[2025-01-09T04:17:57.235+0000][201147.601s][info][gc,phases   ] GC(7861)   Pre Evacuate Collection Set: 0.2ms
[2025-01-09T04:17:57.235+0000][201147.601s][info][gc,phases   ] GC(7861)   Merge Heap Roots: 0.5ms
[2025-01-09T04:17:57.235+0000][201147.601s][info][gc,phases   ] GC(7861)   Evacuate Collection Set: 28.0ms
[2025-01-09T04:17:57.235+0000][201147.601s][info][gc,phases   ] GC(7861)   Post Evacuate Collection Set: 5.9ms
[2025-01-09T04:17:57.235+0000][201147.601s][info][gc,phases   ] GC(7861)   Other: 0.2ms
[2025-01-09T04:17:57.235+0000][201147.601s][info][gc,heap     ] GC(7861) Eden regions: 915->0(913)
[2025-01-09T04:17:57.235+0000][201147.601s][info][gc,heap     ] GC(7861) Survivor regions: 6->8(116)
[2025-01-09T04:17:57.235+0000][201147.601s][info][gc,heap     ] GC(7861) Old regions: 228->228
[2025-01-09T04:17:57.235+0000][201147.601s][info][gc,heap     ] GC(7861) Archive regions: 2->2
[2025-01-09T04:17:57.235+0000][201147.601s][info][gc,heap     ] GC(7861) Humongous regions: 49->49
[2025-01-09T04:17:57.235+0000][201147.601s][info][gc,metaspace] GC(7861) Metaspace: 524757K(534272K)->524757K(534272K) NonClass: 460825K(465536K)->460825K(465536K) Class: 63932K(68736K)->63932K(68736K)
[2025-01-09T04:17:57.235+0000][201147.601s][info][gc          ] GC(7861) Pause Young (Normal) (G1 Evacuation Pause) 9582M->2281M(12288M) 34.839ms
[2025-01-09T04:17:57.235+0000][201147.601s][info][gc,cpu      ] GC(7861) User=0.20s Sys=0.00s Real=0.04s
[2025-01-09T04:18:06.294+0000][201156.660s][info][gc,start    ] GC(7862) Pause Young (Normal) (G1 Evacuation Pause)
[2025-01-09T04:18:06.294+0000][201156.660s][info][gc,task     ] GC(7862) Using 6 workers of 6 for evacuation
[2025-01-09T04:18:06.331+0000][201156.697s][info][gc,phases   ] GC(7862)   Pre Evacuate Collection Set: 0.2ms
[2025-01-09T04:18:06.331+0000][201156.697s][info][gc,phases   ] GC(7862)   Merge Heap Roots: 0.5ms
[2025-01-09T04:18:06.331+0000][201156.697s][info][gc,phases   ] GC(7862)   Evacuate Collection Set: 33.3ms
[2025-01-09T04:18:06.331+0000][201156.697s][info][gc,phases   ] GC(7862)   Post Evacuate Collection Set: 2.6ms
[2025-01-09T04:18:06.331+0000][201156.697s][info][gc,phases   ] GC(7862)   Other: 0.3ms
[2025-01-09T04:18:06.331+0000][201156.697s][info][gc,heap     ] GC(7862) Eden regions: 913->0(912)
[2025-01-09T04:18:06.331+0000][201156.697s][info][gc,heap     ] GC(7862) Survivor regions: 8->9(116)
[2025-01-09T04:18:06.331+0000][201156.697s][info][gc,heap     ] GC(7862) Old regions: 228->228
[2025-01-09T04:18:06.331+0000][201156.697s][info][gc,heap     ] GC(7862) Archive regions: 2->2
[2025-01-09T04:18:06.331+0000][201156.697s][info][gc,heap     ] GC(7862) Humongous regions: 49->49
[2025-01-09T04:18:06.331+0000][201156.697s][info][gc,metaspace] GC(7862) Metaspace: 524757K(534272K)->524757K(534272K) NonClass: 460825K(465536K)->460825K(465536K) Class: 63932K(68736K)->63932K(68736K)
[2025-01-09T04:18:06.331+0000][201156.697s][info][gc          ] GC(7862) Pause Young (Normal) (G1 Evacuation Pause) 9585M->2288M(12288M) 36.920ms
[2025-01-09T04:18:06.331+0000][201156.697s][info][gc,cpu      ] GC(7862) User=0.22s Sys=0.00s Real=0.04s
[2025-01-09T04:18:15.854+0000][201166.220s][info][gc,start    ] GC(7863) Pause Young (Concurrent Start) (G1 Evacuation Pause)
[2025-01-09T04:18:15.854+0000][201166.220s][info][gc,task     ] GC(7863) Using 6 workers of 6 for evacuation
[2025-01-09T04:18:15.892+0000][201166.258s][info][gc,phases   ] GC(7863)   Pre Evacuate Collection Set: 1.2ms
[2025-01-09T04:18:15.892+0000][201166.258s][info][gc,phases   ] GC(7863)   Merge Heap Roots: 0.5ms
[2025-01-09T04:18:15.892+0000][201166.258s][info][gc,phases   ] GC(7863)   Evacuate Collection Set: 32.0ms
[2025-01-09T04:18:15.892+0000][201166.258s][info][gc,phases   ] GC(7863)   Post Evacuate Collection Set: 3.9ms
[2025-01-09T04:18:15.892+0000][201166.258s][info][gc,phases   ] GC(7863)   Other: 0.3ms
[2025-01-09T04:18:15.892+0000][201166.258s][info][gc,heap     ] GC(7863) Eden regions: 912->0(911)
[2025-01-09T04:18:15.892+0000][201166.258s][info][gc,heap     ] GC(7863) Survivor regions: 9->10(116)
[2025-01-09T04:18:15.892+0000][201166.258s][info][gc,heap     ] GC(7863) Old regions: 228->228
[2025-01-09T04:18:15.892+0000][201166.258s][info][gc,heap     ] GC(7863) Archive regions: 2->2
[2025-01-09T04:18:15.892+0000][201166.258s][info][gc,heap     ] GC(7863) Humongous regions: 49->49
[2025-01-09T04:18:15.892+0000][201166.258s][info][gc,metaspace] GC(7863) Metaspace: 524757K(534272K)->524757K(534272K) NonClass: 460825K(465536K)->460825K(465536K) Class: 63932K(68736K)->63932K(68736K)
[2025-01-09T04:18:15.892+0000][201166.258s][info][gc          ] GC(7863) Pause Young (Concurrent Start) (G1 Evacuation Pause) 9584M->2297M(12288M) 37.985ms
[2025-01-09T04:18:15.892+0000][201166.258s][info][gc,cpu      ] GC(7863) User=0.22s Sys=0.00s Real=0.04s
[2025-01-09T04:18:15.892+0000][201166.258s][info][gc          ] GC(7864) Concurrent Mark Cycle
[2025-01-09T04:18:15.892+0000][201166.258s][info][gc,marking  ] GC(7864) Concurrent Clear Claimed Marks
[2025-01-09T04:18:15.893+0000][201166.259s][info][gc,marking  ] GC(7864) Concurrent Clear Claimed Marks 1.003ms
[2025-01-09T04:18:15.893+0000][201166.259s][info][gc,marking  ] GC(7864) Concurrent Scan Root Regions
[2025-01-09T04:18:15.916+0000][201166.282s][info][gc,marking  ] GC(7864) Concurrent Scan Root Regions 23.165ms
[2025-01-09T04:18:15.916+0000][201166.282s][info][gc,marking  ] GC(7864) Concurrent Mark
[2025-01-09T04:18:15.916+0000][201166.282s][info][gc,marking  ] GC(7864) Concurrent Mark From Roots
[2025-01-09T04:18:15.916+0000][201166.282s][info][gc,task     ] GC(7864) Using 2 workers of 2 for marking
[2025-01-09T04:18:16.681+0000][201167.047s][info][gc,marking  ] GC(7864) Concurrent Mark From Roots 764.995ms
[2025-01-09T04:18:16.681+0000][201167.047s][info][gc,marking  ] GC(7864) Concurrent Preclean
[2025-01-09T04:18:16.684+0000][201167.050s][info][gc,marking  ] GC(7864) Concurrent Preclean 2.982ms
[2025-01-09T04:18:16.684+0000][201167.050s][info][gc,start    ] GC(7864) Pause Remark
[2025-01-09T04:18:16.710+0000][201167.076s][info][gc          ] GC(7864) Pause Remark 3221M->3221M(12288M) 25.794ms
[2025-01-09T04:18:16.710+0000][201167.076s][info][gc,cpu      ] GC(7864) User=0.14s Sys=0.00s Real=0.03s
[2025-01-09T04:18:16.710+0000][201167.076s][info][gc,marking  ] GC(7864) Concurrent Mark 794.157ms
[2025-01-09T04:18:16.710+0000][201167.076s][info][gc,marking  ] GC(7864) Concurrent Rebuild Remembered Sets
[2025-01-09T04:18:17.314+0000][201167.680s][info][gc,marking  ] GC(7864) Concurrent Rebuild Remembered Sets 603.268ms
[2025-01-09T04:18:17.314+0000][201167.680s][info][gc,start    ] GC(7864) Pause Cleanup
[2025-01-09T04:18:17.314+0000][201167.680s][info][gc          ] GC(7864) Pause Cleanup 3917M->3917M(12288M) 0.439ms
[2025-01-09T04:18:17.314+0000][201167.680s][info][gc,cpu      ] GC(7864) User=0.01s Sys=0.00s Real=0.00s
[2025-01-09T04:18:17.314+0000][201167.680s][info][gc,marking  ] GC(7864) Concurrent Cleanup for Next Mark
[2025-01-09T04:18:17.330+0000][201167.696s][info][gc,marking  ] GC(7864) Concurrent Cleanup for Next Mark 15.875ms
[2025-01-09T04:18:17.330+0000][201167.696s][info][gc          ] GC(7864) Concurrent Mark Cycle 1438.312ms
[2025-01-09T04:18:21.625+0000][201171.991s][info][gc,start    ] GC(7865) Pause Young (Prepare Mixed) (G1 Evacuation Pause)
[2025-01-09T04:18:21.625+0000][201171.991s][info][gc,task     ] GC(7865) Using 6 workers of 6 for evacuation
[2025-01-09T04:18:21.663+0000][201172.029s][info][gc,phases   ] GC(7865)   Pre Evacuate Collection Set: 0.2ms
[2025-01-09T04:18:21.663+0000][201172.029s][info][gc,phases   ] GC(7865)   Merge Heap Roots: 0.7ms
[2025-01-09T04:18:21.663+0000][201172.029s][info][gc,phases   ] GC(7865)   Evacuate Collection Set: 34.6ms
[2025-01-09T04:18:21.663+0000][201172.029s][info][gc,phases   ] GC(7865)   Post Evacuate Collection Set: 2.8ms
[2025-01-09T04:18:21.663+0000][201172.029s][info][gc,phases   ] GC(7865)   Other: 0.2ms
[2025-01-09T04:18:21.663+0000][201172.029s][info][gc,heap     ] GC(7865) Eden regions: 911->0(66)
[2025-01-09T04:18:21.663+0000][201172.029s][info][gc,heap     ] GC(7865) Survivor regions: 10->10(116)
[2025-01-09T04:18:21.663+0000][201172.029s][info][gc,heap     ] GC(7865) Old regions: 228->228
[2025-01-09T04:18:21.663+0000][201172.029s][info][gc,heap     ] GC(7865) Archive regions: 2->2
[2025-01-09T04:18:21.663+0000][201172.029s][info][gc,heap     ] GC(7865) Humongous regions: 49->49
[2025-01-09T04:18:21.663+0000][201172.029s][info][gc,metaspace] GC(7865) Metaspace: 524757K(534272K)->524757K(534272K) NonClass: 460825K(465536K)->460825K(465536K) Class: 63932K(68736K)->63932K(68736K)
[2025-01-09T04:18:21.663+0000][201172.029s][info][gc          ] GC(7865) Pause Young (Prepare Mixed) (G1 Evacuation Pause) 9585M->2299M(12288M) 38.559ms
[2025-01-09T04:18:21.663+0000][201172.029s][info][gc,cpu      ] GC(7865) User=0.22s Sys=0.00s Real=0.04s
[2025-01-09T04:18:22.212+0000][201172.578s][info][gc,start    ] GC(7866) Pause Young (Mixed) (G1 Evacuation Pause)
[2025-01-09T04:18:22.212+0000][201172.578s][info][gc,task     ] GC(7866) Using 6 workers of 6 for evacuation
[2025-01-09T04:18:22.261+0000][201172.628s][info][gc,phases   ] GC(7866)   Pre Evacuate Collection Set: 0.2ms
[2025-01-09T04:18:22.262+0000][201172.628s][info][gc,phases   ] GC(7866)   Merge Heap Roots: 0.5ms
[2025-01-09T04:18:22.262+0000][201172.628s][info][gc,phases   ] GC(7866)   Evacuate Collection Set: 47.3ms
[2025-01-09T04:18:22.262+0000][201172.628s][info][gc,phases   ] GC(7866)   Post Evacuate Collection Set: 1.5ms
[2025-01-09T04:18:22.262+0000][201172.628s][info][gc,phases   ] GC(7866)   Other: 0.2ms
[2025-01-09T04:18:22.262+0000][201172.628s][info][gc,heap     ] GC(7866) Eden regions: 66->0(916)
[2025-01-09T04:18:22.262+0000][201172.628s][info][gc,heap     ] GC(7866) Survivor regions: 10->5(10)
[2025-01-09T04:18:22.262+0000][201172.628s][info][gc,heap     ] GC(7866) Old regions: 228->228
[2025-01-09T04:18:22.262+0000][201172.628s][info][gc,heap     ] GC(7866) Archive regions: 2->2
[2025-01-09T04:18:22.262+0000][201172.628s][info][gc,heap     ] GC(7866) Humongous regions: 49->49
[2025-01-09T04:18:22.262+0000][201172.628s][info][gc,metaspace] GC(7866) Metaspace: 524757K(534272K)->524757K(534272K) NonClass: 460825K(465536K)->460825K(465536K) Class: 63932K(68736K)->63932K(68736K)
[2025-01-09T04:18:22.262+0000][201172.628s][info][gc          ] GC(7866) Pause Young (Mixed) (G1 Evacuation Pause) 2827M->2256M(12288M) 49.789ms
[2025-01-09T04:18:22.262+0000][201172.628s][info][gc,cpu      ] GC(7866) User=0.29s Sys=0.00s Real=0.05s
[2025-01-09T04:18:30.341+0000][201180.707s][info][gc,start    ] GC(7867) Pause Young (Normal) (G1 Evacuation Pause)
[2025-01-09T04:18:30.341+0000][201180.707s][info][gc,task     ] GC(7867) Using 6 workers of 6 for evacuation
[2025-01-09T04:18:30.370+0000][201180.736s][info][gc,phases   ] GC(7867)   Pre Evacuate Collection Set: 0.2ms
[2025-01-09T04:18:30.370+0000][201180.736s][info][gc,phases   ] GC(7867)   Merge Heap Roots: 0.4ms
[2025-01-09T04:18:30.370+0000][201180.736s][info][gc,phases   ] GC(7867)   Evacuate Collection Set: 25.7ms
[2025-01-09T04:18:30.370+0000][201180.736s][info][gc,phases   ] GC(7867)   Post Evacuate Collection Set: 2.6ms
[2025-01-09T04:18:30.370+0000][201180.736s][info][gc,phases   ] GC(7867)   Other: 0.2ms
[2025-01-09T04:18:30.370+0000][201180.736s][info][gc,heap     ] GC(7867) Eden regions: 916->0(915)
[2025-01-09T04:18:30.370+0000][201180.736s][info][gc,heap     ] GC(7867) Survivor regions: 5->6(116)
[2025-01-09T04:18:30.370+0000][201180.736s][info][gc,heap     ] GC(7867) Old regions: 228->228
[2025-01-09T04:18:30.370+0000][201180.736s][info][gc,heap     ] GC(7867) Archive regions: 2->2
[2025-01-09T04:18:30.370+0000][201180.736s][info][gc,heap     ] GC(7867) Humongous regions: 49->49
[2025-01-09T04:18:30.370+0000][201180.736s][info][gc,metaspace] GC(7867) Metaspace: 524757K(534272K)->524757K(534272K) NonClass: 460825K(465536K)->460825K(465536K) Class: 63932K(68736K)->63932K(68736K)
[2025-01-09T04:18:30.370+0000][201180.736s][info][gc          ] GC(7867) Pause Young (Normal) (G1 Evacuation Pause) 9584M->2264M(12288M) 29.231ms
[2025-01-09T04:18:30.370+0000][201180.736s][info][gc,cpu      ] GC(7867) User=0.17s Sys=0.00s Real=0.04s
[2025-01-09T04:18:40.911+0000][201191.278s][info][gc,start    ] GC(7868) Pause Young (Normal) (G1 Evacuation Pause)
[2025-01-09T04:18:40.911+0000][201191.278s][info][gc,task     ] GC(7868) Using 6 workers of 6 for evacuation
[2025-01-09T04:18:40.949+0000][201191.315s][info][gc,phases   ] GC(7868)   Pre Evacuate Collection Set: 0.2ms
[2025-01-09T04:18:40.949+0000][201191.315s][info][gc,phases   ] GC(7868)   Merge Heap Roots: 0.4ms
[2025-01-09T04:18:40.949+0000][201191.315s][info][gc,phases   ] GC(7868)   Evacuate Collection Set: 33.6ms
[2025-01-09T04:18:40.949+0000][201191.315s][info][gc,phases   ] GC(7868)   Post Evacuate Collection Set: 3.0ms
[2025-01-09T04:18:40.949+0000][201191.315s][info][gc,phases   ] GC(7868)   Other: 0.2ms
[2025-01-09T04:18:40.949+0000][201191.315s][info][gc,heap     ] GC(7868) Eden regions: 915->0(913)
[2025-01-09T04:18:40.949+0000][201191.315s][info][gc,heap     ] GC(7868) Survivor regions: 6->8(116)
[2025-01-09T04:18:40.949+0000][201191.315s][info][gc,heap     ] GC(7868) Old regions: 228->228
[2025-01-09T04:18:40.949+0000][201191.315s][info][gc,heap     ] GC(7868) Archive regions: 2->2
[2025-01-09T04:18:40.949+0000][201191.315s][info][gc,heap     ] GC(7868) Humongous regions: 49->49
[2025-01-09T04:18:40.949+0000][201191.315s][info][gc,metaspace] GC(7868) Metaspace: 524757K(534272K)->524757K(534272K) NonClass: 460825K(465536K)->460825K(465536K) Class: 63932K(68736K)->63932K(68736K)
[2025-01-09T04:18:40.949+0000][201191.315s][info][gc          ] GC(7868) Pause Young (Normal) (G1 Evacuation Pause) 9584M->2280M(12288M) 37.449ms
[2025-01-09T04:18:40.949+0000][201191.315s][info][gc,cpu      ] GC(7868) User=0.22s Sys=0.00s Real=0.03s
[2025-01-09T04:18:48.409+0000][201198.775s][info][gc,start    ] GC(7869) Pause Young (Concurrent Start) (G1 Evacuation Pause)
[2025-01-09T04:18:48.409+0000][201198.775s][info][gc,task     ] GC(7869) Using 6 workers of 6 for evacuation
[2025-01-09T04:18:48.443+0000][201198.809s][info][gc,phases   ] GC(7869)   Pre Evacuate Collection Set: 1.2ms
[2025-01-09T04:18:48.443+0000][201198.809s][info][gc,phases   ] GC(7869)   Merge Heap Roots: 0.5ms
[2025-01-09T04:18:48.443+0000][201198.809s][info][gc,phases   ] GC(7869)   Evacuate Collection Set: 29.3ms
[2025-01-09T04:18:48.443+0000][201198.809s][info][gc,phases   ] GC(7869)   Post Evacuate Collection Set: 2.6ms
[2025-01-09T04:18:48.443+0000][201198.809s][info][gc,phases   ] GC(7869)   Other: 0.3ms
[2025-01-09T04:18:48.443+0000][201198.809s][info][gc,heap     ] GC(7869) Eden regions: 913->0(913)
[2025-01-09T04:18:48.443+0000][201198.809s][info][gc,heap     ] GC(7869) Survivor regions: 8->8(116)
[2025-01-09T04:18:48.443+0000][201198.809s][info][gc,heap     ] GC(7869) Old regions: 228->228
[2025-01-09T04:18:48.443+0000][201198.809s][info][gc,heap     ] GC(7869) Archive regions: 2->2
[2025-01-09T04:18:48.443+0000][201198.809s][info][gc,heap     ] GC(7869) Humongous regions: 49->49
[2025-01-09T04:18:48.443+0000][201198.809s][info][gc,metaspace] GC(7869) Metaspace: 524757K(534272K)->524757K(534272K) NonClass: 460825K(465536K)->460825K(465536K) Class: 63932K(68736K)->63932K(68736K)
[2025-01-09T04:18:48.443+0000][201198.809s][info][gc          ] GC(7869) Pause Young (Concurrent Start) (G1 Evacuation Pause) 9584M->2281M(12288M) 33.934ms
[2025-01-09T04:18:48.443+0000][201198.809s][info][gc,cpu      ] GC(7869) User=0.19s Sys=0.00s Real=0.04s
[2025-01-09T04:18:48.443+0000][201198.809s][info][gc          ] GC(7870) Concurrent Mark Cycle
[2025-01-09T04:18:48.443+0000][201198.809s][info][gc,marking  ] GC(7870) Concurrent Clear Claimed Marks
[2025-01-09T04:18:48.444+0000][201198.810s][info][gc,marking  ] GC(7870) Concurrent Clear Claimed Marks 0.935ms
[2025-01-09T04:18:48.444+0000][201198.810s][info][gc,marking  ] GC(7870) Concurrent Scan Root Regions
[2025-01-09T04:18:48.472+0000][201198.838s][info][gc,marking  ] GC(7870) Concurrent Scan Root Regions 27.994ms
[2025-01-09T04:18:48.472+0000][201198.838s][info][gc,marking  ] GC(7870) Concurrent Mark
[2025-01-09T04:18:48.472+0000][201198.838s][info][gc,marking  ] GC(7870) Concurrent Mark From Roots
[2025-01-09T04:18:48.472+0000][201198.838s][info][gc,task     ] GC(7870) Using 2 workers of 2 for marking
[2025-01-09T04:18:49.318+0000][201199.685s][info][gc,marking  ] GC(7870) Concurrent Mark From Roots 846.333ms
[2025-01-09T04:18:49.318+0000][201199.685s][info][gc,marking  ] GC(7870) Concurrent Preclean
[2025-01-09T04:18:49.323+0000][201199.689s][info][gc,marking  ] GC(7870) Concurrent Preclean 4.122ms
[2025-01-09T04:18:49.323+0000][201199.689s][info][gc,start    ] GC(7870) Pause Remark
[2025-01-09T04:18:49.349+0000][201199.715s][info][gc          ] GC(7870) Pause Remark 3097M->3097M(12288M) 26.332ms
[2025-01-09T04:18:49.349+0000][201199.715s][info][gc,cpu      ] GC(7870) User=0.15s Sys=0.00s Real=0.02s
[2025-01-09T04:18:49.349+0000][201199.715s][info][gc,marking  ] GC(7870) Concurrent Mark 877.205ms
[2025-01-09T04:18:49.349+0000][201199.715s][info][gc,marking  ] GC(7870) Concurrent Rebuild Remembered Sets
[2025-01-09T04:18:49.982+0000][201200.348s][info][gc,marking  ] GC(7870) Concurrent Rebuild Remembered Sets 632.345ms
[2025-01-09T04:18:49.982+0000][201200.348s][info][gc,start    ] GC(7870) Pause Cleanup
[2025-01-09T04:18:49.982+0000][201200.348s][info][gc          ] GC(7870) Pause Cleanup 3841M->3841M(12288M) 0.454ms
[2025-01-09T04:18:49.982+0000][201200.348s][info][gc,cpu      ] GC(7870) User=0.00s Sys=0.00s Real=0.00s
[2025-01-09T04:18:49.982+0000][201200.348s][info][gc,marking  ] GC(7870) Concurrent Cleanup for Next Mark
[2025-01-09T04:18:49.999+0000][201200.365s][info][gc,marking  ] GC(7870) Concurrent Cleanup for Next Mark 16.253ms
[2025-01-09T04:18:49.999+0000][201200.365s][info][gc          ] GC(7870) Concurrent Mark Cycle 1555.595ms
[2025-01-09T04:18:56.234+0000][201206.600s][info][gc,start    ] GC(7871) Pause Young (Prepare Mixed) (G1 Evacuation Pause)
[2025-01-09T04:18:56.234+0000][201206.600s][info][gc,task     ] GC(7871) Using 6 workers of 6 for evacuation
[2025-01-09T04:18:56.272+0000][201206.639s][info][gc,phases   ] GC(7871)   Pre Evacuate Collection Set: 0.2ms
[2025-01-09T04:18:56.273+0000][201206.639s][info][gc,phases   ] GC(7871)   Merge Heap Roots: 0.7ms
[2025-01-09T04:18:56.273+0000][201206.639s][info][gc,phases   ] GC(7871)   Evacuate Collection Set: 32.5ms
[2025-01-09T04:18:56.273+0000][201206.639s][info][gc,phases   ] GC(7871)   Post Evacuate Collection Set: 5.3ms
[2025-01-09T04:18:56.273+0000][201206.639s][info][gc,phases   ] GC(7871)   Other: 0.2ms
[2025-01-09T04:18:56.273+0000][201206.639s][info][gc,heap     ] GC(7871) Eden regions: 913->0(65)
[2025-01-09T04:18:56.273+0000][201206.639s][info][gc,heap     ] GC(7871) Survivor regions: 8->11(116)
[2025-01-09T04:18:56.273+0000][201206.639s][info][gc,heap     ] GC(7871) Old regions: 228->228
[2025-01-09T04:18:56.273+0000][201206.639s][info][gc,heap     ] GC(7871) Archive regions: 2->2
[2025-01-09T04:18:56.273+0000][201206.639s][info][gc,heap     ] GC(7871) Humongous regions: 49->49
[2025-01-09T04:18:56.273+0000][201206.639s][info][gc,metaspace] GC(7871) Metaspace: 524757K(534272K)->524757K(534272K) NonClass: 460825K(465536K)->460825K(465536K) Class: 63932K(68736K)->63932K(68736K)
[2025-01-09T04:18:56.273+0000][201206.639s][info][gc          ] GC(7871) Pause Young (Prepare Mixed) (G1 Evacuation Pause) 9585M->2303M(12288M) 39.007ms
[2025-01-09T04:18:56.273+0000][201206.639s][info][gc,cpu      ] GC(7871) User=0.23s Sys=0.00s Real=0.04s
[2025-01-09T04:18:57.044+0000][201207.410s][info][gc,start    ] GC(7872) Pause Young (Mixed) (G1 Evacuation Pause)
[2025-01-09T04:18:57.044+0000][201207.410s][info][gc,task     ] GC(7872) Using 6 workers of 6 for evacuation
[2025-01-09T04:18:57.112+0000][201207.478s][info][gc,phases   ] GC(7872)   Pre Evacuate Collection Set: 0.2ms
[2025-01-09T04:18:57.112+0000][201207.478s][info][gc,phases   ] GC(7872)   Merge Heap Roots: 0.7ms
[2025-01-09T04:18:57.112+0000][201207.478s][info][gc,phases   ] GC(7872)   Evacuate Collection Set: 64.2ms
[2025-01-09T04:18:57.112+0000][201207.478s][info][gc,phases   ] GC(7872)   Post Evacuate Collection Set: 2.0ms
[2025-01-09T04:18:57.112+0000][201207.478s][info][gc,phases   ] GC(7872)   Other: 0.2ms
[2025-01-09T04:18:57.112+0000][201207.478s][info][gc,heap     ] GC(7872) Eden regions: 65->0(916)
[2025-01-09T04:18:57.112+0000][201207.478s][info][gc,heap     ] GC(7872) Survivor regions: 11->5(10)
[2025-01-09T04:18:57.112+0000][201207.478s][info][gc,heap     ] GC(7872) Old regions: 228->229
[2025-01-09T04:18:57.112+0000][201207.478s][info][gc,heap     ] GC(7872) Archive regions: 2->2
[2025-01-09T04:18:57.112+0000][201207.478s][info][gc,heap     ] GC(7872) Humongous regions: 49->49
[2025-01-09T04:18:57.112+0000][201207.478s][info][gc,metaspace] GC(7872) Metaspace: 524757K(534272K)->524757K(534272K) NonClass: 460825K(465536K)->460825K(465536K) Class: 63932K(68736K)->63932K(68736K)
[2025-01-09T04:18:57.112+0000][201207.478s][info][gc          ] GC(7872) Pause Young (Mixed) (G1 Evacuation Pause) 2823M->2261M(12288M) 67.388ms
[2025-01-09T04:18:57.112+0000][201207.478s][info][gc,cpu      ] GC(7872) User=0.40s Sys=0.00s Real=0.07s
[2025-01-09T04:19:03.263+0000][201213.629s][info][gc,start    ] GC(7873) Pause Young (Normal) (G1 Evacuation Pause)
[2025-01-09T04:19:03.263+0000][201213.629s][info][gc,task     ] GC(7873) Using 6 workers of 6 for evacuation
[2025-01-09T04:19:03.285+0000][201213.651s][info][gc,phases   ] GC(7873)   Pre Evacuate Collection Set: 0.2ms
[2025-01-09T04:19:03.285+0000][201213.651s][info][gc,phases   ] GC(7873)   Merge Heap Roots: 0.4ms
[2025-01-09T04:19:03.285+0000][201213.651s][info][gc,phases   ] GC(7873)   Evacuate Collection Set: 19.2ms
[2025-01-09T04:19:03.285+0000][201213.651s][info][gc,phases   ] GC(7873)   Post Evacuate Collection Set: 2.4ms
[2025-01-09T04:19:03.285+0000][201213.651s][info][gc,phases   ] GC(7873)   Other: 0.2ms
[2025-01-09T04:19:03.285+0000][201213.651s][info][gc,heap     ] GC(7873) Eden regions: 916->0(916)
[2025-01-09T04:19:03.285+0000][201213.651s][info][gc,heap     ] GC(7873) Survivor regions: 5->5(116)
[2025-01-09T04:19:03.285+0000][201213.651s][info][gc,heap     ] GC(7873) Old regions: 229->229
[2025-01-09T04:19:03.285+0000][201213.651s][info][gc,heap     ] GC(7873) Archive regions: 2->2
[2025-01-09T04:19:03.285+0000][201213.651s][info][gc,heap     ] GC(7873) Humongous regions: 49->49
[2025-01-09T04:19:03.285+0000][201213.651s][info][gc,metaspace] GC(7873) Metaspace: 524757K(534272K)->524757K(534272K) NonClass: 460825K(465536K)->460825K(465536K) Class: 63932K(68736K)->63932K(68736K)
[2025-01-09T04:19:03.285+0000][201213.651s][info][gc          ] GC(7873) Pause Young (Normal) (G1 Evacuation Pause) 9589M->2263M(12288M) 22.524ms
[2025-01-09T04:19:03.285+0000][201213.651s][info][gc,cpu      ] GC(7873) User=0.13s Sys=0.00s Real=0.02s
[2025-01-09T04:19:09.165+0000][201219.531s][info][gc,start    ] GC(7874) Pause Young (Normal) (G1 Evacuation Pause)
[2025-01-09T04:19:09.165+0000][201219.532s][info][gc,task     ] GC(7874) Using 6 workers of 6 for evacuation
[2025-01-09T04:19:09.191+0000][201219.558s][info][gc,phases   ] GC(7874)   Pre Evacuate Collection Set: 0.2ms
[2025-01-09T04:19:09.192+0000][201219.558s][info][gc,phases   ] GC(7874)   Merge Heap Roots: 0.4ms
[2025-01-09T04:19:09.192+0000][201219.558s][info][gc,phases   ] GC(7874)   Evacuate Collection Set: 21.5ms
[2025-01-09T04:19:09.192+0000][201219.558s][info][gc,phases   ] GC(7874)   Post Evacuate Collection Set: 3.9ms
[2025-01-09T04:19:09.192+0000][201219.558s][info][gc,phases   ] GC(7874)   Other: 0.2ms
[2025-01-09T04:19:09.192+0000][201219.558s][info][gc,heap     ] GC(7874) Eden regions: 916->0(914)
[2025-01-09T04:19:09.192+0000][201219.558s][info][gc,heap     ] GC(7874) Survivor regions: 5->7(116)
[2025-01-09T04:19:09.192+0000][201219.558s][info][gc,heap     ] GC(7874) Old regions: 229->229
[2025-01-09T04:19:09.192+0000][201219.558s][info][gc,heap     ] GC(7874) Archive regions: 2->2
[2025-01-09T04:19:09.192+0000][201219.558s][info][gc,heap     ] GC(7874) Humongous regions: 49->49
[2025-01-09T04:19:09.192+0000][201219.558s][info][gc,metaspace] GC(7874) Metaspace: 524758K(534272K)->524758K(534272K) NonClass: 460825K(465536K)->460825K(465536K) Class: 63932K(68736K)->63932K(68736K)
[2025-01-09T04:19:09.192+0000][201219.558s][info][gc          ] GC(7874) Pause Young (Normal) (G1 Evacuation Pause) 9591M->2276M(12288M) 26.225ms
[2025-01-09T04:19:09.192+0000][201219.558s][info][gc,cpu      ] GC(7874) User=0.15s Sys=0.00s Real=0.03s
[2025-01-09T04:19:16.617+0000][201226.983s][info][gc,start    ] GC(7875) Pause Young (Concurrent Start) (G1 Evacuation Pause)
[2025-01-09T04:19:16.617+0000][201226.983s][info][gc,task     ] GC(7875) Using 6 workers of 6 for evacuation
[2025-01-09T04:19:16.646+0000][201227.012s][info][gc,phases   ] GC(7875)   Pre Evacuate Collection Set: 1.2ms
[2025-01-09T04:19:16.646+0000][201227.012s][info][gc,phases   ] GC(7875)   Merge Heap Roots: 0.5ms
[2025-01-09T04:19:16.646+0000][201227.012s][info][gc,phases   ] GC(7875)   Evacuate Collection Set: 24.4ms
[2025-01-09T04:19:16.646+0000][201227.012s][info][gc,phases   ] GC(7875)   Post Evacuate Collection Set: 2.8ms
[2025-01-09T04:19:16.646+0000][201227.012s][info][gc,phases   ] GC(7875)   Other: 0.3ms
[2025-01-09T04:19:16.646+0000][201227.012s][info][gc,heap     ] GC(7875) Eden regions: 914->0(914)
[2025-01-09T04:19:16.646+0000][201227.012s][info][gc,heap     ] GC(7875) Survivor regions: 7->7(116)
[2025-01-09T04:19:16.646+0000][201227.012s][info][gc,heap     ] GC(7875) Old regions: 229->229
[2025-01-09T04:19:16.646+0000][201227.012s][info][gc,heap     ] GC(7875) Archive regions: 2->2
[2025-01-09T04:19:16.646+0000][201227.012s][info][gc,heap     ] GC(7875) Humongous regions: 49->49
[2025-01-09T04:19:16.646+0000][201227.012s][info][gc,metaspace] GC(7875) Metaspace: 524758K(534272K)->524758K(534272K) NonClass: 460825K(465536K)->460825K(465536K) Class: 63932K(68736K)->63932K(68736K)
[2025-01-09T04:19:16.646+0000][201227.012s][info][gc          ] GC(7875) Pause Young (Concurrent Start) (G1 Evacuation Pause) 9588M->2277M(12288M) 29.295ms
[2025-01-09T04:19:16.646+0000][201227.012s][info][gc,cpu      ] GC(7875) User=0.16s Sys=0.00s Real=0.03s
[2025-01-09T04:19:16.646+0000][201227.012s][info][gc          ] GC(7876) Concurrent Mark Cycle
[2025-01-09T04:19:16.646+0000][201227.012s][info][gc,marking  ] GC(7876) Concurrent Clear Claimed Marks
[2025-01-09T04:19:16.647+0000][201227.013s][info][gc,marking  ] GC(7876) Concurrent Clear Claimed Marks 0.954ms
[2025-01-09T04:19:16.647+0000][201227.013s][info][gc,marking  ] GC(7876) Concurrent Scan Root Regions
[2025-01-09T04:19:16.667+0000][201227.033s][info][gc,marking  ] GC(7876) Concurrent Scan Root Regions 20.030ms
[2025-01-09T04:19:16.667+0000][201227.033s][info][gc,marking  ] GC(7876) Concurrent Mark
[2025-01-09T04:19:16.667+0000][201227.033s][info][gc,marking  ] GC(7876) Concurrent Mark From Roots
[2025-01-09T04:19:16.667+0000][201227.033s][info][gc,task     ] GC(7876) Using 2 workers of 2 for marking
[2025-01-09T04:19:17.512+0000][201227.878s][info][gc,marking  ] GC(7876) Concurrent Mark From Roots 845.239ms
[2025-01-09T04:19:17.512+0000][201227.878s][info][gc,marking  ] GC(7876) Concurrent Preclean
[2025-01-09T04:19:17.515+0000][201227.881s][info][gc,marking  ] GC(7876) Concurrent Preclean 2.688ms
[2025-01-09T04:19:17.515+0000][201227.881s][info][gc,start    ] GC(7876) Pause Remark
[2025-01-09T04:19:17.543+0000][201227.909s][info][gc          ] GC(7876) Pause Remark 3125M->3125M(12288M) 27.761ms
[2025-01-09T04:19:17.543+0000][201227.909s][info][gc,cpu      ] GC(7876) User=0.15s Sys=0.00s Real=0.03s
[2025-01-09T04:19:17.543+0000][201227.909s][info][gc,marking  ] GC(7876) Concurrent Mark 876.023ms
[2025-01-09T04:19:17.543+0000][201227.909s][info][gc,marking  ] GC(7876) Concurrent Rebuild Remembered Sets
[2025-01-09T04:19:18.210+0000][201228.577s][info][gc,marking  ] GC(7876) Concurrent Rebuild Remembered Sets 667.270ms
[2025-01-09T04:19:18.211+0000][201228.577s][info][gc,start    ] GC(7876) Pause Cleanup
[2025-01-09T04:19:18.211+0000][201228.577s][info][gc          ] GC(7876) Pause Cleanup 3961M->3961M(12288M) 0.422ms
[2025-01-09T04:19:18.211+0000][201228.577s][info][gc,cpu      ] GC(7876) User=0.00s Sys=0.00s Real=0.00s
[2025-01-09T04:19:18.211+0000][201228.577s][info][gc,marking  ] GC(7876) Concurrent Cleanup for Next Mark
[2025-01-09T04:19:18.227+0000][201228.593s][info][gc,marking  ] GC(7876) Concurrent Cleanup for Next Mark 16.084ms
[2025-01-09T04:19:18.227+0000][201228.593s][info][gc          ] GC(7876) Concurrent Mark Cycle 1581.199ms
[2025-01-09T04:19:22.854+0000][201233.220s][info][gc,start    ] GC(7877) Pause Young (Prepare Mixed) (G1 Evacuation Pause)
[2025-01-09T04:19:22.854+0000][201233.220s][info][gc,task     ] GC(7877) Using 6 workers of 6 for evacuation
[2025-01-09T04:19:22.888+0000][201233.254s][info][gc,phases   ] GC(7877)   Pre Evacuate Collection Set: 0.2ms
[2025-01-09T04:19:22.888+0000][201233.254s][info][gc,phases   ] GC(7877)   Merge Heap Roots: 0.7ms
[2025-01-09T04:19:22.888+0000][201233.254s][info][gc,phases   ] GC(7877)   Evacuate Collection Set: 30.0ms
[2025-01-09T04:19:22.888+0000][201233.254s][info][gc,phases   ] GC(7877)   Post Evacuate Collection Set: 2.8ms
[2025-01-09T04:19:22.888+0000][201233.254s][info][gc,phases   ] GC(7877)   Other: 0.2ms
[2025-01-09T04:19:22.888+0000][201233.254s][info][gc,heap     ] GC(7877) Eden regions: 914->0(69)
[2025-01-09T04:19:22.888+0000][201233.254s][info][gc,heap     ] GC(7877) Survivor regions: 7->7(116)
[2025-01-09T04:19:22.888+0000][201233.254s][info][gc,heap     ] GC(7877) Old regions: 229->229
[2025-01-09T04:19:22.888+0000][201233.254s][info][gc,heap     ] GC(7877) Archive regions: 2->2
[2025-01-09T04:19:22.888+0000][201233.254s][info][gc,heap     ] GC(7877) Humongous regions: 49->49
[2025-01-09T04:19:22.888+0000][201233.254s][info][gc,metaspace] GC(7877) Metaspace: 524758K(534272K)->524758K(534272K) NonClass: 460825K(465536K)->460825K(465536K) Class: 63932K(68736K)->63932K(68736K)
[2025-01-09T04:19:22.888+0000][201233.254s][info][gc          ] GC(7877) Pause Young (Prepare Mixed) (G1 Evacuation Pause) 9589M->2282M(12288M) 33.922ms
[2025-01-09T04:19:22.888+0000][201233.254s][info][gc,cpu      ] GC(7877) User=0.20s Sys=0.00s Real=0.03s
[2025-01-09T04:19:23.194+0000][201233.560s][info][gc,start    ] GC(7878) Pause Young (Mixed) (G1 Evacuation Pause)
[2025-01-09T04:19:23.194+0000][201233.560s][info][gc,task     ] GC(7878) Using 6 workers of 6 for evacuation
[2025-01-09T04:19:23.267+0000][201233.633s][info][gc,phases   ] GC(7878)   Pre Evacuate Collection Set: 0.2ms
[2025-01-09T04:19:23.267+0000][201233.633s][info][gc,phases   ] GC(7878)   Merge Heap Roots: 0.8ms
[2025-01-09T04:19:23.267+0000][201233.633s][info][gc,phases   ] GC(7878)   Evacuate Collection Set: 70.0ms
[2025-01-09T04:19:23.267+0000][201233.633s][info][gc,phases   ] GC(7878)   Post Evacuate Collection Set: 1.9ms
[2025-01-09T04:19:23.267+0000][201233.633s][info][gc,phases   ] GC(7878)   Other: 0.2ms
[2025-01-09T04:19:23.267+0000][201233.633s][info][gc,heap     ] GC(7878) Eden regions: 69->0(915)
[2025-01-09T04:19:23.267+0000][201233.633s][info][gc,heap     ] GC(7878) Survivor regions: 7->6(10)
[2025-01-09T04:19:23.267+0000][201233.633s][info][gc,heap     ] GC(7878) Old regions: 229->227
[2025-01-09T04:19:23.267+0000][201233.633s][info][gc,heap     ] GC(7878) Archive regions: 2->2
[2025-01-09T04:19:23.267+0000][201233.633s][info][gc,heap     ] GC(7878) Humongous regions: 49->49
[2025-01-09T04:19:23.267+0000][201233.633s][info][gc,metaspace] GC(7878) Metaspace: 524758K(534272K)->524758K(534272K) NonClass: 460825K(465536K)->460825K(465536K) Class: 63932K(68736K)->63932K(68736K)
[2025-01-09T04:19:23.267+0000][201233.633s][info][gc          ] GC(7878) Pause Young (Mixed) (G1 Evacuation Pause) 2834M->2252M(12288M) 73.096ms
[2025-01-09T04:19:23.267+0000][201233.633s][info][gc,cpu      ] GC(7878) User=0.43s Sys=0.00s Real=0.07s
[2025-01-09T04:19:28.633+0000][201238.999s][info][gc,start    ] GC(7879) Pause Young (Normal) (G1 Evacuation Pause)
[2025-01-09T04:19:28.633+0000][201238.999s][info][gc,task     ] GC(7879) Using 6 workers of 6 for evacuation
[2025-01-09T04:19:28.660+0000][201239.026s][info][gc,phases   ] GC(7879)   Pre Evacuate Collection Set: 0.2ms
[2025-01-09T04:19:28.660+0000][201239.026s][info][gc,phases   ] GC(7879)   Merge Heap Roots: 0.4ms
[2025-01-09T04:19:28.660+0000][201239.026s][info][gc,phases   ] GC(7879)   Evacuate Collection Set: 24.3ms
[2025-01-09T04:19:28.660+0000][201239.026s][info][gc,phases   ] GC(7879)   Post Evacuate Collection Set: 2.7ms
[2025-01-09T04:19:28.660+0000][201239.027s][info][gc,phases   ] GC(7879)   Other: 0.2ms
[2025-01-09T04:19:28.660+0000][201239.027s][info][gc,heap     ] GC(7879) Eden regions: 915->0(915)
[2025-01-09T04:19:28.660+0000][201239.027s][info][gc,heap     ] GC(7879) Survivor regions: 6->6(116)
[2025-01-09T04:19:28.660+0000][201239.027s][info][gc,heap     ] GC(7879) Old regions: 227->227
[2025-01-09T04:19:28.660+0000][201239.027s][info][gc,heap     ] GC(7879) Archive regions: 2->2
[2025-01-09T04:19:28.660+0000][201239.027s][info][gc,heap     ] GC(7879) Humongous regions: 49->49
[2025-01-09T04:19:28.660+0000][201239.027s][info][gc,metaspace] GC(7879) Metaspace: 524758K(534272K)->524758K(534272K) NonClass: 460825K(465536K)->460825K(465536K) Class: 63932K(68736K)->63932K(68736K)
[2025-01-09T04:19:28.660+0000][201239.027s][info][gc          ] GC(7879) Pause Young (Normal) (G1 Evacuation Pause) 9572M->2251M(12288M) 27.892ms
[2025-01-09T04:19:28.661+0000][201239.027s][info][gc,cpu      ] GC(7879) User=0.17s Sys=0.00s Real=0.02s
[2025-01-09T04:19:33.656+0000][201244.022s][info][gc,start    ] GC(7880) Pause Young (Normal) (G1 Evacuation Pause)
[2025-01-09T04:19:33.656+0000][201244.022s][info][gc,task     ] GC(7880) Using 6 workers of 6 for evacuation
[2025-01-09T04:19:33.682+0000][201244.048s][info][gc,phases   ] GC(7880)   Pre Evacuate Collection Set: 0.2ms
[2025-01-09T04:19:33.682+0000][201244.048s][info][gc,phases   ] GC(7880)   Merge Heap Roots: 0.4ms
[2025-01-09T04:19:33.682+0000][201244.048s][info][gc,phases   ] GC(7880)   Evacuate Collection Set: 22.7ms
[2025-01-09T04:19:33.682+0000][201244.048s][info][gc,phases   ] GC(7880)   Post Evacuate Collection Set: 2.4ms
[2025-01-09T04:19:33.682+0000][201244.048s][info][gc,phases   ] GC(7880)   Other: 0.2ms
[2025-01-09T04:19:33.682+0000][201244.048s][info][gc,heap     ] GC(7880) Eden regions: 915->0(914)
[2025-01-09T04:19:33.682+0000][201244.048s][info][gc,heap     ] GC(7880) Survivor regions: 6->7(116)
[2025-01-09T04:19:33.682+0000][201244.048s][info][gc,heap     ] GC(7880) Old regions: 227->227
[2025-01-09T04:19:33.682+0000][201244.048s][info][gc,heap     ] GC(7880) Archive regions: 2->2
[2025-01-09T04:19:33.682+0000][201244.048s][info][gc,heap     ] GC(7880) Humongous regions: 49->49
[2025-01-09T04:19:33.682+0000][201244.048s][info][gc,metaspace] GC(7880) Metaspace: 524758K(534272K)->524758K(534272K) NonClass: 460825K(465536K)->460825K(465536K) Class: 63932K(68736K)->63932K(68736K)
[2025-01-09T04:19:33.682+0000][201244.048s][info][gc          ] GC(7880) Pause Young (Normal) (G1 Evacuation Pause) 9571M->2258M(12288M) 26.021ms
[2025-01-09T04:19:33.682+0000][201244.048s][info][gc,cpu      ] GC(7880) User=0.15s Sys=0.00s Real=0.03s
[2025-01-09T04:19:42.066+0000][201252.432s][info][gc,start    ] GC(7881) Pause Young (Concurrent Start) (G1 Evacuation Pause)
[2025-01-09T04:19:42.066+0000][201252.432s][info][gc,task     ] GC(7881) Using 6 workers of 6 for evacuation
[2025-01-09T04:19:42.105+0000][201252.471s][info][gc,phases   ] GC(7881)   Pre Evacuate Collection Set: 1.2ms
[2025-01-09T04:19:42.105+0000][201252.471s][info][gc,phases   ] GC(7881)   Merge Heap Roots: 0.4ms
[2025-01-09T04:19:42.105+0000][201252.471s][info][gc,phases   ] GC(7881)   Evacuate Collection Set: 34.3ms
[2025-01-09T04:19:42.105+0000][201252.471s][info][gc,phases   ] GC(7881)   Post Evacuate Collection Set: 2.9ms
[2025-01-09T04:19:42.105+0000][201252.471s][info][gc,phases   ] GC(7881)   Other: 0.3ms
[2025-01-09T04:19:42.105+0000][201252.471s][info][gc,heap     ] GC(7881) Eden regions: 914->0(912)
[2025-01-09T04:19:42.105+0000][201252.471s][info][gc,heap     ] GC(7881) Survivor regions: 7->9(116)
[2025-01-09T04:19:42.105+0000][201252.471s][info][gc,heap     ] GC(7881) Old regions: 227->227
[2025-01-09T04:19:42.105+0000][201252.471s][info][gc,heap     ] GC(7881) Archive regions: 2->2
[2025-01-09T04:19:42.105+0000][201252.471s][info][gc,heap     ] GC(7881) Humongous regions: 49->49
[2025-01-09T04:19:42.105+0000][201252.471s][info][gc,metaspace] GC(7881) Metaspace: 524758K(534272K)->524758K(534272K) NonClass: 460825K(465536K)->460825K(465536K) Class: 63932K(68736K)->63932K(68736K)
[2025-01-09T04:19:42.105+0000][201252.471s][info][gc          ] GC(7881) Pause Young (Concurrent Start) (G1 Evacuation Pause) 9570M->2275M(12288M) 39.197ms
[2025-01-09T04:19:42.105+0000][201252.471s][info][gc,cpu      ] GC(7881) User=0.23s Sys=0.00s Real=0.04s
[2025-01-09T04:19:42.105+0000][201252.471s][info][gc          ] GC(7882) Concurrent Mark Cycle
[2025-01-09T04:19:42.105+0000][201252.471s][info][gc,marking  ] GC(7882) Concurrent Clear Claimed Marks
[2025-01-09T04:19:42.106+0000][201252.473s][info][gc,marking  ] GC(7882) Concurrent Clear Claimed Marks 1.047ms
[2025-01-09T04:19:42.106+0000][201252.473s][info][gc,marking  ] GC(7882) Concurrent Scan Root Regions
[2025-01-09T04:19:42.137+0000][201252.503s][info][gc,marking  ] GC(7882) Concurrent Scan Root Regions 30.530ms
[2025-01-09T04:19:42.137+0000][201252.503s][info][gc,marking  ] GC(7882) Concurrent Mark
[2025-01-09T04:19:42.137+0000][201252.503s][info][gc,marking  ] GC(7882) Concurrent Mark From Roots
[2025-01-09T04:19:42.137+0000][201252.503s][info][gc,task     ] GC(7882) Using 2 workers of 2 for marking
[2025-01-09T04:19:42.936+0000][201253.302s][info][gc,marking  ] GC(7882) Concurrent Mark From Roots 798.731ms
[2025-01-09T04:19:42.936+0000][201253.302s][info][gc,marking  ] GC(7882) Concurrent Preclean
[2025-01-09T04:19:42.938+0000][201253.305s][info][gc,marking  ] GC(7882) Concurrent Preclean 2.701ms
[2025-01-09T04:19:42.939+0000][201253.305s][info][gc,start    ] GC(7882) Pause Remark
[2025-01-09T04:19:42.965+0000][201253.331s][info][gc          ] GC(7882) Pause Remark 2979M->2979M(12288M) 25.815ms
[2025-01-09T04:19:42.965+0000][201253.331s][info][gc,cpu      ] GC(7882) User=0.15s Sys=0.00s Real=0.03s
[2025-01-09T04:19:42.965+0000][201253.331s][info][gc,marking  ] GC(7882) Concurrent Mark 827.648ms
[2025-01-09T04:19:42.965+0000][201253.331s][info][gc,marking  ] GC(7882) Concurrent Rebuild Remembered Sets
[2025-01-09T04:19:43.461+0000][201253.828s][info][gc,marking  ] GC(7882) Concurrent Rebuild Remembered Sets 496.763ms
[2025-01-09T04:19:43.462+0000][201253.828s][info][gc,start    ] GC(7882) Pause Cleanup
[2025-01-09T04:19:43.462+0000][201253.828s][info][gc          ] GC(7882) Pause Cleanup 3347M->3347M(12288M) 0.423ms
[2025-01-09T04:19:43.462+0000][201253.828s][info][gc,cpu      ] GC(7882) User=0.00s Sys=0.00s Real=0.00s
[2025-01-09T04:19:43.462+0000][201253.828s][info][gc,marking  ] GC(7882) Concurrent Cleanup for Next Mark
[2025-01-09T04:19:43.478+0000][201253.844s][info][gc,marking  ] GC(7882) Concurrent Cleanup for Next Mark 15.431ms
[2025-01-09T04:19:43.478+0000][201253.844s][info][gc          ] GC(7882) Concurrent Mark Cycle 1372.254ms
[2025-01-09T04:19:48.561+0000][201258.927s][info][gc,start    ] GC(7883) Pause Young (Prepare Mixed) (G1 Evacuation Pause)
[2025-01-09T04:19:48.561+0000][201258.927s][info][gc,task     ] GC(7883) Using 6 workers of 6 for evacuation
[2025-01-09T04:19:48.598+0000][201258.964s][info][gc,phases   ] GC(7883)   Pre Evacuate Collection Set: 0.2ms
[2025-01-09T04:19:48.598+0000][201258.964s][info][gc,phases   ] GC(7883)   Merge Heap Roots: 0.7ms
[2025-01-09T04:19:48.598+0000][201258.964s][info][gc,phases   ] GC(7883)   Evacuate Collection Set: 30.7ms
[2025-01-09T04:19:48.598+0000][201258.964s][info][gc,phases   ] GC(7883)   Post Evacuate Collection Set: 5.3ms
[2025-01-09T04:19:48.598+0000][201258.964s][info][gc,phases   ] GC(7883)   Other: 0.2ms
[2025-01-09T04:19:48.598+0000][201258.964s][info][gc,heap     ] GC(7883) Eden regions: 912->0(66)
[2025-01-09T04:19:48.598+0000][201258.964s][info][gc,heap     ] GC(7883) Survivor regions: 9->10(116)
[2025-01-09T04:19:48.598+0000][201258.964s][info][gc,heap     ] GC(7883) Old regions: 227->227
[2025-01-09T04:19:48.598+0000][201258.964s][info][gc,heap     ] GC(7883) Archive regions: 2->2
[2025-01-09T04:19:48.598+0000][201258.964s][info][gc,heap     ] GC(7883) Humongous regions: 49->49
[2025-01-09T04:19:48.598+0000][201258.964s][info][gc,metaspace] GC(7883) Metaspace: 524758K(534272K)->524758K(534272K) NonClass: 460825K(465536K)->460825K(465536K) Class: 63932K(68736K)->63932K(68736K)
[2025-01-09T04:19:48.598+0000][201258.964s][info][gc          ] GC(7883) Pause Young (Prepare Mixed) (G1 Evacuation Pause) 9571M->2283M(12288M) 37.080ms
[2025-01-09T04:19:48.598+0000][201258.964s][info][gc,cpu      ] GC(7883) User=0.22s Sys=0.00s Real=0.04s
[2025-01-09T04:19:49.085+0000][201259.451s][info][gc,start    ] GC(7884) Pause Young (Mixed) (G1 Evacuation Pause)
[2025-01-09T04:19:49.085+0000][201259.451s][info][gc,task     ] GC(7884) Using 6 workers of 6 for evacuation
[2025-01-09T04:19:49.154+0000][201259.520s][info][gc,phases   ] GC(7884)   Pre Evacuate Collection Set: 0.2ms
[2025-01-09T04:19:49.154+0000][201259.520s][info][gc,phases   ] GC(7884)   Merge Heap Roots: 0.7ms
[2025-01-09T04:19:49.154+0000][201259.520s][info][gc,phases   ] GC(7884)   Evacuate Collection Set: 66.1ms
[2025-01-09T04:19:49.154+0000][201259.520s][info][gc,phases   ] GC(7884)   Post Evacuate Collection Set: 1.8ms
[2025-01-09T04:19:49.154+0000][201259.520s][info][gc,phases   ] GC(7884)   Other: 0.2ms
[2025-01-09T04:19:49.154+0000][201259.520s][info][gc,heap     ] GC(7884) Eden regions: 66->0(916)
[2025-01-09T04:19:49.154+0000][201259.520s][info][gc,heap     ] GC(7884) Survivor regions: 10->5(10)
[2025-01-09T04:19:49.154+0000][201259.520s][info][gc,heap     ] GC(7884) Old regions: 227->227
[2025-01-09T04:19:49.154+0000][201259.520s][info][gc,heap     ] GC(7884) Archive regions: 2->2
[2025-01-09T04:19:49.154+0000][201259.520s][info][gc,heap     ] GC(7884) Humongous regions: 49->49
[2025-01-09T04:19:49.154+0000][201259.520s][info][gc,metaspace] GC(7884) Metaspace: 524758K(534272K)->524758K(534272K) NonClass: 460825K(465536K)->460825K(465536K) Class: 63932K(68736K)->63932K(68736K)
[2025-01-09T04:19:49.154+0000][201259.520s][info][gc          ] GC(7884) Pause Young (Mixed) (G1 Evacuation Pause) 2811M->2247M(12288M) 69.129ms
[2025-01-09T04:19:49.154+0000][201259.520s][info][gc,cpu      ] GC(7884) User=0.39s Sys=0.00s Real=0.07s
[2025-01-09T04:19:56.961+0000][201267.327s][info][gc,start    ] GC(7885) Pause Young (Normal) (G1 Evacuation Pause)
[2025-01-09T04:19:56.961+0000][201267.327s][info][gc,task     ] GC(7885) Using 6 workers of 6 for evacuation
[2025-01-09T04:19:56.990+0000][201267.356s][info][gc,phases   ] GC(7885)   Pre Evacuate Collection Set: 0.2ms
[2025-01-09T04:19:56.990+0000][201267.356s][info][gc,phases   ] GC(7885)   Merge Heap Roots: 0.5ms
[2025-01-09T04:19:56.990+0000][201267.356s][info][gc,phases   ] GC(7885)   Evacuate Collection Set: 25.6ms
[2025-01-09T04:19:56.990+0000][201267.356s][info][gc,phases   ] GC(7885)   Post Evacuate Collection Set: 2.5ms
[2025-01-09T04:19:56.990+0000][201267.356s][info][gc,phases   ] GC(7885)   Other: 0.2ms
[2025-01-09T04:19:56.990+0000][201267.356s][info][gc,heap     ] GC(7885) Eden regions: 916->0(914)
[2025-01-09T04:19:56.990+0000][201267.356s][info][gc,heap     ] GC(7885) Survivor regions: 5->7(116)
[2025-01-09T04:19:56.990+0000][201267.356s][info][gc,heap     ] GC(7885) Old regions: 227->227
[2025-01-09T04:19:56.990+0000][201267.356s][info][gc,heap     ] GC(7885) Archive regions: 2->2
[2025-01-09T04:19:56.990+0000][201267.356s][info][gc,heap     ] GC(7885) Humongous regions: 49->49
[2025-01-09T04:19:56.990+0000][201267.356s][info][gc,metaspace] GC(7885) Metaspace: 524758K(534272K)->524758K(534272K) NonClass: 460826K(465536K)->460826K(465536K) Class: 63932K(68736K)->63932K(68736K)
[2025-01-09T04:19:56.990+0000][201267.356s][info][gc          ] GC(7885) Pause Young (Normal) (G1 Evacuation Pause) 9575M->2269M(12288M) 29.045ms
[2025-01-09T04:19:56.990+0000][201267.356s][info][gc,cpu      ] GC(7885) User=0.17s Sys=0.00s Real=0.04s
[2025-01-09T04:20:04.356+0000][201274.723s][info][gc,start    ] GC(7886) Pause Young (Normal) (G1 Evacuation Pause)
[2025-01-09T04:20:04.356+0000][201274.723s][info][gc,task     ] GC(7886) Using 6 workers of 6 for evacuation
[2025-01-09T04:20:04.390+0000][201274.756s][info][gc,phases   ] GC(7886)   Pre Evacuate Collection Set: 0.2ms
[2025-01-09T04:20:04.390+0000][201274.756s][info][gc,phases   ] GC(7886)   Merge Heap Roots: 0.4ms
[2025-01-09T04:20:04.390+0000][201274.756s][info][gc,phases   ] GC(7886)   Evacuate Collection Set: 28.6ms
[2025-01-09T04:20:04.390+0000][201274.756s][info][gc,phases   ] GC(7886)   Post Evacuate Collection Set: 4.2ms
[2025-01-09T04:20:04.390+0000][201274.756s][info][gc,phases   ] GC(7886)   Other: 0.2ms
[2025-01-09T04:20:04.390+0000][201274.756s][info][gc,heap     ] GC(7886) Eden regions: 914->0(913)
[2025-01-09T04:20:04.390+0000][201274.756s][info][gc,heap     ] GC(7886) Survivor regions: 7->8(116)
[2025-01-09T04:20:04.390+0000][201274.756s][info][gc,heap     ] GC(7886) Old regions: 227->227
[2025-01-09T04:20:04.390+0000][201274.756s][info][gc,heap     ] GC(7886) Archive regions: 2->2
[2025-01-09T04:20:04.390+0000][201274.756s][info][gc,heap     ] GC(7886) Humongous regions: 49->49
[2025-01-09T04:20:04.390+0000][201274.756s][info][gc,metaspace] GC(7886) Metaspace: 524758K(534272K)->524758K(534272K) NonClass: 460826K(465536K)->460826K(465536K) Class: 63932K(68736K)->63932K(68736K)
[2025-01-09T04:20:04.390+0000][201274.756s][info][gc          ] GC(7886) Pause Young (Normal) (G1 Evacuation Pause) 9581M->2270M(12288M) 33.659ms
[2025-01-09T04:20:04.390+0000][201274.756s][info][gc,cpu      ] GC(7886) User=0.20s Sys=0.00s Real=0.04s
[2025-01-09T04:20:10.867+0000][201281.233s][info][gc,start    ] GC(7887) Pause Young (Concurrent Start) (G1 Evacuation Pause)
[2025-01-09T04:20:10.867+0000][201281.233s][info][gc,task     ] GC(7887) Using 6 workers of 6 for evacuation
[2025-01-09T04:20:10.907+0000][201281.273s][info][gc,phases   ] GC(7887)   Pre Evacuate Collection Set: 1.2ms
[2025-01-09T04:20:10.907+0000][201281.274s][info][gc,phases   ] GC(7887)   Merge Heap Roots: 0.5ms
[2025-01-09T04:20:10.907+0000][201281.274s][info][gc,phases   ] GC(7887)   Evacuate Collection Set: 35.9ms
[2025-01-09T04:20:10.907+0000][201281.274s][info][gc,phases   ] GC(7887)   Post Evacuate Collection Set: 2.6ms
[2025-01-09T04:20:10.907+0000][201281.274s][info][gc,phases   ] GC(7887)   Other: 0.3ms
[2025-01-09T04:20:10.907+0000][201281.274s][info][gc,heap     ] GC(7887) Eden regions: 913->0(912)
[2025-01-09T04:20:10.907+0000][201281.274s][info][gc,heap     ] GC(7887) Survivor regions: 8->9(116)
[2025-01-09T04:20:10.907+0000][201281.274s][info][gc,heap     ] GC(7887) Old regions: 227->227
[2025-01-09T04:20:10.907+0000][201281.274s][info][gc,heap     ] GC(7887) Archive regions: 2->2
[2025-01-09T04:20:10.907+0000][201281.274s][info][gc,heap     ] GC(7887) Humongous regions: 49->49
[2025-01-09T04:20:10.907+0000][201281.274s][info][gc,metaspace] GC(7887) Metaspace: 524758K(534272K)->524758K(534272K) NonClass: 460826K(465536K)->460826K(465536K) Class: 63932K(68736K)->63932K(68736K)
[2025-01-09T04:20:10.907+0000][201281.274s][info][gc          ] GC(7887) Pause Young (Concurrent Start) (G1 Evacuation Pause) 9574M->2282M(12288M) 40.549ms
[2025-01-09T04:20:10.908+0000][201281.274s][info][gc,cpu      ] GC(7887) User=0.23s Sys=0.00s Real=0.04s
[2025-01-09T04:20:10.908+0000][201281.274s][info][gc          ] GC(7888) Concurrent Mark Cycle
[2025-01-09T04:20:10.908+0000][201281.274s][info][gc,marking  ] GC(7888) Concurrent Clear Claimed Marks
[2025-01-09T04:20:10.909+0000][201281.275s][info][gc,marking  ] GC(7888) Concurrent Clear Claimed Marks 0.988ms
[2025-01-09T04:20:10.909+0000][201281.275s][info][gc,marking  ] GC(7888) Concurrent Scan Root Regions
[2025-01-09T04:20:10.938+0000][201281.304s][info][gc,marking  ] GC(7888) Concurrent Scan Root Regions 29.787ms
[2025-01-09T04:20:10.938+0000][201281.305s][info][gc,marking  ] GC(7888) Concurrent Mark
[2025-01-09T04:20:10.938+0000][201281.305s][info][gc,marking  ] GC(7888) Concurrent Mark From Roots
[2025-01-09T04:20:10.938+0000][201281.305s][info][gc,task     ] GC(7888) Using 2 workers of 2 for marking
[2025-01-09T04:20:11.945+0000][201282.311s][info][gc,marking  ] GC(7888) Concurrent Mark From Roots 1006.684ms
[2025-01-09T04:20:11.945+0000][201282.311s][info][gc,marking  ] GC(7888) Concurrent Preclean
[2025-01-09T04:20:11.949+0000][201282.315s][info][gc,marking  ] GC(7888) Concurrent Preclean 3.671ms
[2025-01-09T04:20:11.949+0000][201282.315s][info][gc,start    ] GC(7888) Pause Remark
[2025-01-09T04:20:11.975+0000][201282.341s][info][gc          ] GC(7888) Pause Remark 3736M->3736M(12288M) 25.775ms
[2025-01-09T04:20:11.975+0000][201282.341s][info][gc,cpu      ] GC(7888) User=0.15s Sys=0.00s Real=0.03s
[2025-01-09T04:20:11.977+0000][201282.344s][info][gc,marking  ] GC(7888) Concurrent Mark 1039.031ms
[2025-01-09T04:20:11.977+0000][201282.344s][info][gc,marking  ] GC(7888) Concurrent Rebuild Remembered Sets
[2025-01-09T04:20:12.721+0000][201283.087s][info][gc,marking  ] GC(7888) Concurrent Rebuild Remembered Sets 743.777ms
[2025-01-09T04:20:12.721+0000][201283.088s][info][gc,start    ] GC(7888) Pause Cleanup
[2025-01-09T04:20:12.722+0000][201283.088s][info][gc          ] GC(7888) Pause Cleanup 4798M->4798M(12288M) 0.495ms
[2025-01-09T04:20:12.722+0000][201283.088s][info][gc,cpu      ] GC(7888) User=0.00s Sys=0.00s Real=0.01s
[2025-01-09T04:20:12.722+0000][201283.088s][info][gc,marking  ] GC(7888) Concurrent Cleanup for Next Mark
[2025-01-09T04:20:12.738+0000][201283.104s][info][gc,marking  ] GC(7888) Concurrent Cleanup for Next Mark 15.993ms
[2025-01-09T04:20:12.738+0000][201283.104s][info][gc          ] GC(7888) Concurrent Mark Cycle 1830.492ms
[2025-01-09T04:20:18.138+0000][201288.504s][info][gc,start    ] GC(7889) Pause Young (Prepare Mixed) (G1 Evacuation Pause)
[2025-01-09T04:20:18.138+0000][201288.504s][info][gc,task     ] GC(7889) Using 6 workers of 6 for evacuation
[2025-01-09T04:20:18.178+0000][201288.545s][info][gc,phases   ] GC(7889)   Pre Evacuate Collection Set: 0.2ms
[2025-01-09T04:20:18.178+0000][201288.545s][info][gc,phases   ] GC(7889)   Merge Heap Roots: 0.7ms
[2025-01-09T04:20:18.178+0000][201288.545s][info][gc,phases   ] GC(7889)   Evacuate Collection Set: 36.2ms
[2025-01-09T04:20:18.179+0000][201288.545s][info][gc,phases   ] GC(7889)   Post Evacuate Collection Set: 2.9ms
[2025-01-09T04:20:18.179+0000][201288.545s][info][gc,phases   ] GC(7889)   Other: 0.2ms
[2025-01-09T04:20:18.179+0000][201288.545s][info][gc,heap     ] GC(7889) Eden regions: 912->0(66)
[2025-01-09T04:20:18.179+0000][201288.545s][info][gc,heap     ] GC(7889) Survivor regions: 9->10(116)
[2025-01-09T04:20:18.179+0000][201288.545s][info][gc,heap     ] GC(7889) Old regions: 227->227
[2025-01-09T04:20:18.179+0000][201288.545s][info][gc,heap     ] GC(7889) Archive regions: 2->2
[2025-01-09T04:20:18.179+0000][201288.545s][info][gc,heap     ] GC(7889) Humongous regions: 49->49
[2025-01-09T04:20:18.179+0000][201288.545s][info][gc,metaspace] GC(7889) Metaspace: 524758K(534272K)->524758K(534272K) NonClass: 460826K(465536K)->460826K(465536K) Class: 63932K(68736K)->63932K(68736K)
[2025-01-09T04:20:18.179+0000][201288.545s][info][gc          ] GC(7889) Pause Young (Prepare Mixed) (G1 Evacuation Pause) 9578M->2290M(12288M) 40.272ms
[2025-01-09T04:20:18.179+0000][201288.545s][info][gc,cpu      ] GC(7889) User=0.24s Sys=0.00s Real=0.04s
[2025-01-09T04:20:18.673+0000][201289.039s][info][gc,start    ] GC(7890) Pause Young (Mixed) (G1 Evacuation Pause)
[2025-01-09T04:20:18.673+0000][201289.039s][info][gc,task     ] GC(7890) Using 6 workers of 6 for evacuation
[2025-01-09T04:20:18.742+0000][201289.108s][info][gc,phases   ] GC(7890)   Pre Evacuate Collection Set: 0.2ms
[2025-01-09T04:20:18.742+0000][201289.109s][info][gc,phases   ] GC(7890)   Merge Heap Roots: 0.7ms
[2025-01-09T04:20:18.742+0000][201289.109s][info][gc,phases   ] GC(7890)   Evacuate Collection Set: 67.1ms
[2025-01-09T04:20:18.742+0000][201289.109s][info][gc,phases   ] GC(7890)   Post Evacuate Collection Set: 1.7ms
[2025-01-09T04:20:18.742+0000][201289.109s][info][gc,phases   ] GC(7890)   Other: 0.2ms
[2025-01-09T04:20:18.742+0000][201289.109s][info][gc,heap     ] GC(7890) Eden regions: 66->0(916)
[2025-01-09T04:20:18.742+0000][201289.109s][info][gc,heap     ] GC(7890) Survivor regions: 10->5(10)
[2025-01-09T04:20:18.742+0000][201289.109s][info][gc,heap     ] GC(7890) Old regions: 227->227
[2025-01-09T04:20:18.742+0000][201289.109s][info][gc,heap     ] GC(7890) Archive regions: 2->2
[2025-01-09T04:20:18.742+0000][201289.109s][info][gc,heap     ] GC(7890) Humongous regions: 49->49
[2025-01-09T04:20:18.742+0000][201289.109s][info][gc,metaspace] GC(7890) Metaspace: 524758K(534272K)->524758K(534272K) NonClass: 460826K(465536K)->460826K(465536K) Class: 63932K(68736K)->63932K(68736K)
[2025-01-09T04:20:18.742+0000][201289.109s][info][gc          ] GC(7890) Pause Young (Mixed) (G1 Evacuation Pause) 2818M->2250M(12288M) 69.934ms
[2025-01-09T04:20:18.743+0000][201289.109s][info][gc,cpu      ] GC(7890) User=0.41s Sys=0.00s Real=0.07s
[2025-01-09T04:20:23.290+0000][201293.656s][info][gc,start    ] GC(7891) Pause Young (Normal) (G1 Evacuation Pause)
[2025-01-09T04:20:23.290+0000][201293.656s][info][gc,task     ] GC(7891) Using 6 workers of 6 for evacuation
[2025-01-09T04:20:23.313+0000][201293.679s][info][gc,phases   ] GC(7891)   Pre Evacuate Collection Set: 0.2ms
[2025-01-09T04:20:23.313+0000][201293.679s][info][gc,phases   ] GC(7891)   Merge Heap Roots: 0.4ms
[2025-01-09T04:20:23.313+0000][201293.679s][info][gc,phases   ] GC(7891)   Evacuate Collection Set: 20.4ms
[2025-01-09T04:20:23.313+0000][201293.679s][info][gc,phases   ] GC(7891)   Post Evacuate Collection Set: 2.3ms
[2025-01-09T04:20:23.313+0000][201293.679s][info][gc,phases   ] GC(7891)   Other: 0.2ms
[2025-01-09T04:20:23.313+0000][201293.679s][info][gc,heap     ] GC(7891) Eden regions: 916->0(915)
[2025-01-09T04:20:23.313+0000][201293.679s][info][gc,heap     ] GC(7891) Survivor regions: 5->6(116)
[2025-01-09T04:20:23.313+0000][201293.679s][info][gc,heap     ] GC(7891) Old regions: 227->227
[2025-01-09T04:20:23.313+0000][201293.679s][info][gc,heap     ] GC(7891) Archive regions: 2->2
[2025-01-09T04:20:23.313+0000][201293.679s][info][gc,heap     ] GC(7891) Humongous regions: 49->49
[2025-01-09T04:20:23.313+0000][201293.679s][info][gc,metaspace] GC(7891) Metaspace: 524758K(534272K)->524758K(534272K) NonClass: 460826K(465536K)->460826K(465536K) Class: 63932K(68736K)->63932K(68736K)
[2025-01-09T04:20:23.313+0000][201293.679s][info][gc          ] GC(7891) Pause Young (Normal) (G1 Evacuation Pause) 9578M->2252M(12288M) 23.578ms
[2025-01-09T04:20:23.313+0000][201293.679s][info][gc,cpu      ] GC(7891) User=0.13s Sys=0.00s Real=0.02s
[2025-01-09T04:20:30.889+0000][201301.255s][info][gc,start    ] GC(7892) Pause Young (Normal) (G1 Evacuation Pause)
[2025-01-09T04:20:30.889+0000][201301.255s][info][gc,task     ] GC(7892) Using 6 workers of 6 for evacuation
[2025-01-09T04:20:30.916+0000][201301.282s][info][gc,phases   ] GC(7892)   Pre Evacuate Collection Set: 0.2ms
[2025-01-09T04:20:30.916+0000][201301.283s][info][gc,phases   ] GC(7892)   Merge Heap Roots: 0.4ms
[2025-01-09T04:20:30.916+0000][201301.283s][info][gc,phases   ] GC(7892)   Evacuate Collection Set: 23.7ms
[2025-01-09T04:20:30.916+0000][201301.283s][info][gc,phases   ] GC(7892)   Post Evacuate Collection Set: 2.7ms
[2025-01-09T04:20:30.916+0000][201301.283s][info][gc,phases   ] GC(7892)   Other: 0.2ms
[2025-01-09T04:20:30.916+0000][201301.283s][info][gc,heap     ] GC(7892) Eden regions: 915->0(914)
[2025-01-09T04:20:30.916+0000][201301.283s][info][gc,heap     ] GC(7892) Survivor regions: 6->7(116)
[2025-01-09T04:20:30.916+0000][201301.283s][info][gc,heap     ] GC(7892) Old regions: 227->227
[2025-01-09T04:20:30.916+0000][201301.283s][info][gc,heap     ] GC(7892) Archive regions: 2->2
[2025-01-09T04:20:30.916+0000][201301.283s][info][gc,heap     ] GC(7892) Humongous regions: 49->49
[2025-01-09T04:20:30.916+0000][201301.283s][info][gc,metaspace] GC(7892) Metaspace: 524758K(534272K)->524758K(534272K) NonClass: 460826K(465536K)->460826K(465536K) Class: 63932K(68736K)->63932K(68736K)
[2025-01-09T04:20:30.917+0000][201301.283s][info][gc          ] GC(7892) Pause Young (Normal) (G1 Evacuation Pause) 9572M->2259M(12288M) 27.325ms
[2025-01-09T04:20:30.917+0000][201301.283s][info][gc,cpu      ] GC(7892) User=0.16s Sys=0.00s Real=0.03s
[2025-01-09T04:20:37.245+0000][201307.612s][info][gc,start    ] GC(7893) Pause Young (Concurrent Start) (G1 Evacuation Pause)
[2025-01-09T04:20:37.245+0000][201307.612s][info][gc,task     ] GC(7893) Using 6 workers of 6 for evacuation
[2025-01-09T04:20:37.278+0000][201307.644s][info][gc,phases   ] GC(7893)   Pre Evacuate Collection Set: 1.2ms
[2025-01-09T04:20:37.278+0000][201307.644s][info][gc,phases   ] GC(7893)   Merge Heap Roots: 0.4ms
[2025-01-09T04:20:37.278+0000][201307.644s][info][gc,phases   ] GC(7893)   Evacuate Collection Set: 28.4ms
[2025-01-09T04:20:37.278+0000][201307.645s][info][gc,phases   ] GC(7893)   Post Evacuate Collection Set: 2.6ms
[2025-01-09T04:20:37.278+0000][201307.645s][info][gc,phases   ] GC(7893)   Other: 0.3ms
[2025-01-09T04:20:37.278+0000][201307.645s][info][gc,heap     ] GC(7893) Eden regions: 914->0(913)
[2025-01-09T04:20:37.278+0000][201307.645s][info][gc,heap     ] GC(7893) Survivor regions: 7->8(116)
[2025-01-09T04:20:37.278+0000][201307.645s][info][gc,heap     ] GC(7893) Old regions: 227->227
[2025-01-09T04:20:37.278+0000][201307.645s][info][gc,heap     ] GC(7893) Archive regions: 2->2
[2025-01-09T04:20:37.278+0000][201307.645s][info][gc,heap     ] GC(7893) Humongous regions: 49->49
[2025-01-09T04:20:37.278+0000][201307.645s][info][gc,metaspace] GC(7893) Metaspace: 524758K(534272K)->524758K(534272K) NonClass: 460826K(465536K)->460826K(465536K) Class: 63932K(68736K)->63932K(68736K)
[2025-01-09T04:20:37.278+0000][201307.645s][info][gc          ] GC(7893) Pause Young (Concurrent Start) (G1 Evacuation Pause) 9571M->2271M(12288M) 33.032ms
[2025-01-09T04:20:37.279+0000][201307.645s][info][gc,cpu      ] GC(7893) User=0.19s Sys=0.00s Real=0.03s
[2025-01-09T04:20:37.279+0000][201307.645s][info][gc          ] GC(7894) Concurrent Mark Cycle
[2025-01-09T04:20:37.279+0000][201307.645s][info][gc,marking  ] GC(7894) Concurrent Clear Claimed Marks
[2025-01-09T04:20:37.279+0000][201307.646s][info][gc,marking  ] GC(7894) Concurrent Clear Claimed Marks 0.887ms
[2025-01-09T04:20:37.279+0000][201307.646s][info][gc,marking  ] GC(7894) Concurrent Scan Root Regions
[2025-01-09T04:20:37.298+0000][201307.664s][info][gc,marking  ] GC(7894) Concurrent Scan Root Regions 18.660ms
[2025-01-09T04:20:37.298+0000][201307.664s][info][gc,marking  ] GC(7894) Concurrent Mark
[2025-01-09T04:20:37.298+0000][201307.664s][info][gc,marking  ] GC(7894) Concurrent Mark From Roots
[2025-01-09T04:20:37.298+0000][201307.664s][info][gc,task     ] GC(7894) Using 2 workers of 2 for marking
[2025-01-09T04:20:38.123+0000][201308.489s][info][gc,marking  ] GC(7894) Concurrent Mark From Roots 824.891ms
[2025-01-09T04:20:38.123+0000][201308.489s][info][gc,marking  ] GC(7894) Concurrent Preclean
[2025-01-09T04:20:38.127+0000][201308.493s][info][gc,marking  ] GC(7894) Concurrent Preclean 3.912ms
[2025-01-09T04:20:38.127+0000][201308.493s][info][gc,start    ] GC(7894) Pause Remark
[2025-01-09T04:20:38.153+0000][201308.519s][info][gc          ] GC(7894) Pause Remark 3087M->3087M(12288M) 25.398ms
[2025-01-09T04:20:38.153+0000][201308.519s][info][gc,cpu      ] GC(7894) User=0.14s Sys=0.00s Real=0.03s
[2025-01-09T04:20:38.153+0000][201308.519s][info][gc,marking  ] GC(7894) Concurrent Mark 854.813ms
[2025-01-09T04:20:38.153+0000][201308.519s][info][gc,marking  ] GC(7894) Concurrent Rebuild Remembered Sets
[2025-01-09T04:20:38.722+0000][201309.088s][info][gc,marking  ] GC(7894) Concurrent Rebuild Remembered Sets 568.562ms
[2025-01-09T04:20:38.722+0000][201309.088s][info][gc,start    ] GC(7894) Pause Cleanup
[2025-01-09T04:20:38.722+0000][201309.088s][info][gc          ] GC(7894) Pause Cleanup 3604M->3604M(12288M) 0.408ms
[2025-01-09T04:20:38.722+0000][201309.088s][info][gc,cpu      ] GC(7894) User=0.00s Sys=0.00s Real=0.00s
[2025-01-09T04:20:38.722+0000][201309.088s][info][gc,marking  ] GC(7894) Concurrent Cleanup for Next Mark
[2025-01-09T04:20:38.738+0000][201309.105s][info][gc,marking  ] GC(7894) Concurrent Cleanup for Next Mark 16.205ms
[2025-01-09T04:20:38.738+0000][201309.105s][info][gc          ] GC(7894) Concurrent Mark Cycle 1459.902ms
[2025-01-09T04:20:45.125+0000][201315.491s][info][gc,start    ] GC(7895) Pause Young (Prepare Mixed) (G1 Evacuation Pause)
[2025-01-09T04:20:45.125+0000][201315.491s][info][gc,task     ] GC(7895) Using 6 workers of 6 for evacuation
[2025-01-09T04:20:45.168+0000][201315.534s][info][gc,phases   ] GC(7895)   Pre Evacuate Collection Set: 0.2ms
[2025-01-09T04:20:45.168+0000][201315.534s][info][gc,phases   ] GC(7895)   Merge Heap Roots: 0.7ms
[2025-01-09T04:20:45.168+0000][201315.534s][info][gc,phases   ] GC(7895)   Evacuate Collection Set: 36.0ms
[2025-01-09T04:20:45.168+0000][201315.534s][info][gc,phases   ] GC(7895)   Post Evacuate Collection Set: 5.6ms
[2025-01-09T04:20:45.168+0000][201315.534s][info][gc,phases   ] GC(7895)   Other: 0.2ms
[2025-01-09T04:20:45.168+0000][201315.534s][info][gc,heap     ] GC(7895) Eden regions: 913->0(65)
[2025-01-09T04:20:45.168+0000][201315.534s][info][gc,heap     ] GC(7895) Survivor regions: 8->11(116)
[2025-01-09T04:20:45.168+0000][201315.534s][info][gc,heap     ] GC(7895) Old regions: 227->227
[2025-01-09T04:20:45.168+0000][201315.534s][info][gc,heap     ] GC(7895) Archive regions: 2->2
[2025-01-09T04:20:45.168+0000][201315.534s][info][gc,heap     ] GC(7895) Humongous regions: 49->49
[2025-01-09T04:20:45.168+0000][201315.534s][info][gc,metaspace] GC(7895) Metaspace: 524758K(534272K)->524758K(534272K) NonClass: 460826K(465536K)->460826K(465536K) Class: 63932K(68736K)->63932K(68736K)
[2025-01-09T04:20:45.168+0000][201315.534s][info][gc          ] GC(7895) Pause Young (Prepare Mixed) (G1 Evacuation Pause) 9575M->2296M(12288M) 42.715ms
[2025-01-09T04:20:45.168+0000][201315.534s][info][gc,cpu      ] GC(7895) User=0.25s Sys=0.00s Real=0.04s
[2025-01-09T04:20:45.557+0000][201315.923s][info][gc,start    ] GC(7896) Pause Young (Mixed) (G1 Evacuation Pause)
[2025-01-09T04:20:45.557+0000][201315.923s][info][gc,task     ] GC(7896) Using 6 workers of 6 for evacuation
[2025-01-09T04:20:45.620+0000][201315.986s][info][gc,phases   ] GC(7896)   Pre Evacuate Collection Set: 0.2ms
[2025-01-09T04:20:45.620+0000][201315.986s][info][gc,phases   ] GC(7896)   Merge Heap Roots: 0.8ms
[2025-01-09T04:20:45.620+0000][201315.986s][info][gc,phases   ] GC(7896)   Evacuate Collection Set: 60.2ms
[2025-01-09T04:20:45.620+0000][201315.986s][info][gc,phases   ] GC(7896)   Post Evacuate Collection Set: 1.6ms
[2025-01-09T04:20:45.620+0000][201315.986s][info][gc,phases   ] GC(7896)   Other: 0.2ms
[2025-01-09T04:20:45.620+0000][201315.986s][info][gc,heap     ] GC(7896) Eden regions: 65->0(918)
[2025-01-09T04:20:45.620+0000][201315.986s][info][gc,heap     ] GC(7896) Survivor regions: 11->3(10)
[2025-01-09T04:20:45.620+0000][201315.986s][info][gc,heap     ] GC(7896) Old regions: 227->230
[2025-01-09T04:20:45.620+0000][201315.986s][info][gc,heap     ] GC(7896) Archive regions: 2->2
[2025-01-09T04:20:45.620+0000][201315.986s][info][gc,heap     ] GC(7896) Humongous regions: 49->49
[2025-01-09T04:20:45.620+0000][201315.986s][info][gc,metaspace] GC(7896) Metaspace: 524758K(534272K)->524758K(534272K) NonClass: 460826K(465536K)->460826K(465536K) Class: 63932K(68736K)->63932K(68736K)
[2025-01-09T04:20:45.620+0000][201315.986s][info][gc          ] GC(7896) Pause Young (Mixed) (G1 Evacuation Pause) 2816M->2252M(12288M) 63.031ms
[2025-01-09T04:20:45.620+0000][201315.986s][info][gc,cpu      ] GC(7896) User=0.37s Sys=0.00s Real=0.06s
[2025-01-09T04:20:53.194+0000][201323.560s][info][gc,start    ] GC(7897) Pause Young (Normal) (G1 Evacuation Pause)
[2025-01-09T04:20:53.194+0000][201323.561s][info][gc,task     ] GC(7897) Using 6 workers of 6 for evacuation
[2025-01-09T04:20:53.218+0000][201323.584s][info][gc,phases   ] GC(7897)   Pre Evacuate Collection Set: 0.2ms
[2025-01-09T04:20:53.218+0000][201323.585s][info][gc,phases   ] GC(7897)   Merge Heap Roots: 0.4ms
[2025-01-09T04:20:53.218+0000][201323.585s][info][gc,phases   ] GC(7897)   Evacuate Collection Set: 19.3ms
[2025-01-09T04:20:53.218+0000][201323.585s][info][gc,phases   ] GC(7897)   Post Evacuate Collection Set: 3.9ms
[2025-01-09T04:20:53.218+0000][201323.585s][info][gc,phases   ] GC(7897)   Other: 0.2ms
[2025-01-09T04:20:53.218+0000][201323.585s][info][gc,heap     ] GC(7897) Eden regions: 918->0(915)
[2025-01-09T04:20:53.218+0000][201323.585s][info][gc,heap     ] GC(7897) Survivor regions: 3->6(116)
[2025-01-09T04:20:53.218+0000][201323.585s][info][gc,heap     ] GC(7897) Old regions: 230->230
[2025-01-09T04:20:53.218+0000][201323.585s][info][gc,heap     ] GC(7897) Archive regions: 2->2
[2025-01-09T04:20:53.218+0000][201323.585s][info][gc,heap     ] GC(7897) Humongous regions: 49->49
[2025-01-09T04:20:53.218+0000][201323.585s][info][gc,metaspace] GC(7897) Metaspace: 524758K(534272K)->524758K(534272K) NonClass: 460826K(465536K)->460826K(465536K) Class: 63932K(68736K)->63932K(68736K)
[2025-01-09T04:20:53.219+0000][201323.585s][info][gc          ] GC(7897) Pause Young (Normal) (G1 Evacuation Pause) 9596M->2272M(12288M) 24.126ms
[2025-01-09T04:20:53.219+0000][201323.585s][info][gc,cpu      ] GC(7897) User=0.14s Sys=0.00s Real=0.02s
[2025-01-09T04:21:07.022+0000][201337.389s][info][gc,start    ] GC(7898) Pause Young (Normal) (G1 Evacuation Pause)
[2025-01-09T04:21:07.022+0000][201337.389s][info][gc,task     ] GC(7898) Using 6 workers of 6 for evacuation
[2025-01-09T04:21:07.051+0000][201337.417s][info][gc,phases   ] GC(7898)   Pre Evacuate Collection Set: 0.2ms
[2025-01-09T04:21:07.051+0000][201337.417s][info][gc,phases   ] GC(7898)   Merge Heap Roots: 0.4ms
[2025-01-09T04:21:07.051+0000][201337.417s][info][gc,phases   ] GC(7898)   Evacuate Collection Set: 25.2ms
[2025-01-09T04:21:07.051+0000][201337.417s][info][gc,phases   ] GC(7898)   Post Evacuate Collection Set: 2.5ms
[2025-01-09T04:21:07.051+0000][201337.417s][info][gc,phases   ] GC(7898)   Other: 0.2ms
[2025-01-09T04:21:07.051+0000][201337.417s][info][gc,heap     ] GC(7898) Eden regions: 915->0(915)
[2025-01-09T04:21:07.051+0000][201337.417s][info][gc,heap     ] GC(7898) Survivor regions: 6->6(116)
[2025-01-09T04:21:07.051+0000][201337.417s][info][gc,heap     ] GC(7898) Old regions: 230->230
[2025-01-09T04:21:07.051+0000][201337.417s][info][gc,heap     ] GC(7898) Archive regions: 2->2
[2025-01-09T04:21:07.051+0000][201337.417s][info][gc,heap     ] GC(7898) Humongous regions: 49->49
[2025-01-09T04:21:07.051+0000][201337.417s][info][gc,metaspace] GC(7898) Metaspace: 524758K(534272K)->524758K(534272K) NonClass: 460826K(465536K)->460826K(465536K) Class: 63932K(68736K)->63932K(68736K)
[2025-01-09T04:21:07.051+0000][201337.417s][info][gc          ] GC(7898) Pause Young (Normal) (G1 Evacuation Pause) 9592M->2275M(12288M) 28.629ms
[2025-01-09T04:21:07.051+0000][201337.417s][info][gc,cpu      ] GC(7898) User=0.16s Sys=0.00s Real=0.03s
[2025-01-09T04:21:17.394+0000][201347.761s][info][gc,start    ] GC(7899) Pause Young (Concurrent Start) (G1 Evacuation Pause)
[2025-01-09T04:21:17.394+0000][201347.761s][info][gc,task     ] GC(7899) Using 6 workers of 6 for evacuation
[2025-01-09T04:21:17.431+0000][201347.797s][info][gc,phases   ] GC(7899)   Pre Evacuate Collection Set: 1.2ms
[2025-01-09T04:21:17.431+0000][201347.797s][info][gc,phases   ] GC(7899)   Merge Heap Roots: 0.5ms
[2025-01-09T04:21:17.431+0000][201347.797s][info][gc,phases   ] GC(7899)   Evacuate Collection Set: 32.3ms
[2025-01-09T04:21:17.431+0000][201347.797s][info][gc,phases   ] GC(7899)   Post Evacuate Collection Set: 2.7ms
[2025-01-09T04:21:17.431+0000][201347.797s][info][gc,phases   ] GC(7899)   Other: 0.3ms
[2025-01-09T04:21:17.431+0000][201347.797s][info][gc,heap     ] GC(7899) Eden regions: 915->0(912)
[2025-01-09T04:21:17.431+0000][201347.797s][info][gc,heap     ] GC(7899) Survivor regions: 6->9(116)
[2025-01-09T04:21:17.431+0000][201347.797s][info][gc,heap     ] GC(7899) Old regions: 230->230
[2025-01-09T04:21:17.431+0000][201347.797s][info][gc,heap     ] GC(7899) Archive regions: 2->2
[2025-01-09T04:21:17.431+0000][201347.797s][info][gc,heap     ] GC(7899) Humongous regions: 49->49
[2025-01-09T04:21:17.431+0000][201347.797s][info][gc,metaspace] GC(7899) Metaspace: 524758K(534272K)->524758K(534272K) NonClass: 460826K(465536K)->460826K(465536K) Class: 63932K(68736K)->63932K(68736K)
[2025-01-09T04:21:17.431+0000][201347.797s][info][gc          ] GC(7899) Pause Young (Concurrent Start) (G1 Evacuation Pause) 9595M->2303M(12288M) 36.952ms
[2025-01-09T04:21:17.431+0000][201347.798s][info][gc,cpu      ] GC(7899) User=0.21s Sys=0.00s Real=0.04s
[2025-01-09T04:21:17.431+0000][201347.798s][info][gc          ] GC(7900) Concurrent Mark Cycle
[2025-01-09T04:21:17.431+0000][201347.798s][info][gc,marking  ] GC(7900) Concurrent Clear Claimed Marks
[2025-01-09T04:21:17.432+0000][201347.798s][info][gc,marking  ] GC(7900) Concurrent Clear Claimed Marks 0.933ms
[2025-01-09T04:21:17.432+0000][201347.799s][info][gc,marking  ] GC(7900) Concurrent Scan Root Regions
[2025-01-09T04:21:17.458+0000][201347.824s][info][gc,marking  ] GC(7900) Concurrent Scan Root Regions 25.379ms
[2025-01-09T04:21:17.458+0000][201347.824s][info][gc,marking  ] GC(7900) Concurrent Mark
[2025-01-09T04:21:17.458+0000][201347.824s][info][gc,marking  ] GC(7900) Concurrent Mark From Roots
[2025-01-09T04:21:17.458+0000][201347.824s][info][gc,task     ] GC(7900) Using 2 workers of 2 for marking
[2025-01-09T04:21:18.261+0000][201348.627s][info][gc,marking  ] GC(7900) Concurrent Mark From Roots 803.351ms
[2025-01-09T04:21:18.261+0000][201348.627s][info][gc,marking  ] GC(7900) Concurrent Preclean
[2025-01-09T04:21:18.264+0000][201348.630s][info][gc,marking  ] GC(7900) Concurrent Preclean 2.770ms
[2025-01-09T04:21:18.264+0000][201348.630s][info][gc,start    ] GC(7900) Pause Remark
[2025-01-09T04:21:18.289+0000][201348.655s][info][gc          ] GC(7900) Pause Remark 2755M->2755M(12288M) 25.275ms
[2025-01-09T04:21:18.289+0000][201348.656s][info][gc,cpu      ] GC(7900) User=0.15s Sys=0.00s Real=0.03s
[2025-01-09T04:21:18.290+0000][201348.656s][info][gc,marking  ] GC(7900) Concurrent Mark 831.750ms
[2025-01-09T04:21:18.290+0000][201348.656s][info][gc,marking  ] GC(7900) Concurrent Rebuild Remembered Sets
[2025-01-09T04:21:18.799+0000][201349.165s][info][gc,marking  ] GC(7900) Concurrent Rebuild Remembered Sets 509.584ms
[2025-01-09T04:21:18.799+0000][201349.165s][info][gc,start    ] GC(7900) Pause Cleanup
[2025-01-09T04:21:18.800+0000][201349.166s][info][gc          ] GC(7900) Pause Cleanup 2763M->2763M(12288M) 0.433ms
[2025-01-09T04:21:18.800+0000][201349.166s][info][gc,cpu      ] GC(7900) User=0.00s Sys=0.00s Real=0.00s
[2025-01-09T04:21:18.800+0000][201349.166s][info][gc,marking  ] GC(7900) Concurrent Cleanup for Next Mark
[2025-01-09T04:21:18.815+0000][201349.181s][info][gc,marking  ] GC(7900) Concurrent Cleanup for Next Mark 15.413ms
[2025-01-09T04:21:18.815+0000][201349.181s][info][gc          ] GC(7900) Concurrent Mark Cycle 1383.826ms
[2025-01-09T04:21:24.042+0000][201354.408s][info][gc,start    ] GC(7901) Pause Young (Prepare Mixed) (G1 Evacuation Pause)
[2025-01-09T04:21:24.042+0000][201354.408s][info][gc,task     ] GC(7901) Using 6 workers of 6 for evacuation
[2025-01-09T04:21:24.079+0000][201354.445s][info][gc,phases   ] GC(7901)   Pre Evacuate Collection Set: 0.2ms
[2025-01-09T04:21:24.079+0000][201354.445s][info][gc,phases   ] GC(7901)   Merge Heap Roots: 0.7ms
[2025-01-09T04:21:24.079+0000][201354.445s][info][gc,phases   ] GC(7901)   Evacuate Collection Set: 33.6ms
[2025-01-09T04:21:24.079+0000][201354.445s][info][gc,phases   ] GC(7901)   Post Evacuate Collection Set: 2.7ms
[2025-01-09T04:21:24.079+0000][201354.445s][info][gc,phases   ] GC(7901)   Other: 0.2ms
[2025-01-09T04:21:24.079+0000][201354.445s][info][gc,heap     ] GC(7901) Eden regions: 912->0(66)
[2025-01-09T04:21:24.079+0000][201354.445s][info][gc,heap     ] GC(7901) Survivor regions: 9->10(116)
[2025-01-09T04:21:24.079+0000][201354.445s][info][gc,heap     ] GC(7901) Old regions: 230->230
[2025-01-09T04:21:24.079+0000][201354.445s][info][gc,heap     ] GC(7901) Archive regions: 2->2
[2025-01-09T04:21:24.079+0000][201354.445s][info][gc,heap     ] GC(7901) Humongous regions: 49->49
[2025-01-09T04:21:24.079+0000][201354.445s][info][gc,metaspace] GC(7901) Metaspace: 524758K(534272K)->524758K(534272K) NonClass: 460826K(465536K)->460826K(465536K) Class: 63932K(68736K)->63932K(68736K)
[2025-01-09T04:21:24.079+0000][201354.445s][info][gc          ] GC(7901) Pause Young (Prepare Mixed) (G1 Evacuation Pause) 9599M->2311M(12288M) 37.488ms
[2025-01-09T04:21:24.079+0000][201354.445s][info][gc,cpu      ] GC(7901) User=0.22s Sys=0.00s Real=0.03s
[2025-01-09T04:21:24.440+0000][201354.806s][info][gc,start    ] GC(7902) Pause Young (Mixed) (G1 Evacuation Pause)
[2025-01-09T04:21:24.440+0000][201354.806s][info][gc,task     ] GC(7902) Using 6 workers of 6 for evacuation
[2025-01-09T04:21:24.486+0000][201354.852s][info][gc,phases   ] GC(7902)   Pre Evacuate Collection Set: 0.2ms
[2025-01-09T04:21:24.486+0000][201354.852s][info][gc,phases   ] GC(7902)   Merge Heap Roots: 0.5ms
[2025-01-09T04:21:24.486+0000][201354.852s][info][gc,phases   ] GC(7902)   Evacuate Collection Set: 42.9ms
[2025-01-09T04:21:24.486+0000][201354.852s][info][gc,phases   ] GC(7902)   Post Evacuate Collection Set: 1.6ms
[2025-01-09T04:21:24.486+0000][201354.852s][info][gc,phases   ] GC(7902)   Other: 0.2ms
[2025-01-09T04:21:24.486+0000][201354.852s][info][gc,heap     ] GC(7902) Eden regions: 66->0(916)
[2025-01-09T04:21:24.486+0000][201354.852s][info][gc,heap     ] GC(7902) Survivor regions: 10->5(10)
[2025-01-09T04:21:24.486+0000][201354.852s][info][gc,heap     ] GC(7902) Old regions: 230->227
[2025-01-09T04:21:24.486+0000][201354.852s][info][gc,heap     ] GC(7902) Archive regions: 2->2
[2025-01-09T04:21:24.486+0000][201354.852s][info][gc,heap     ] GC(7902) Humongous regions: 49->49
[2025-01-09T04:21:24.486+0000][201354.852s][info][gc,metaspace] GC(7902) Metaspace: 524758K(534272K)->524758K(534272K) NonClass: 460826K(465536K)->460826K(465536K) Class: 63932K(68736K)->63932K(68736K)
[2025-01-09T04:21:24.486+0000][201354.852s][info][gc          ] GC(7902) Pause Young (Mixed) (G1 Evacuation Pause) 2839M->2246M(12288M) 45.428ms
[2025-01-09T04:21:24.486+0000][201354.852s][info][gc,cpu      ] GC(7902) User=0.27s Sys=0.00s Real=0.05s
[2025-01-09T04:21:31.022+0000][201361.388s][info][gc,start    ] GC(7903) Pause Young (Normal) (G1 Evacuation Pause)
[2025-01-09T04:21:31.022+0000][201361.388s][info][gc,task     ] GC(7903) Using 6 workers of 6 for evacuation
[2025-01-09T04:21:31.049+0000][201361.415s][info][gc,phases   ] GC(7903)   Pre Evacuate Collection Set: 0.2ms
[2025-01-09T04:21:31.049+0000][201361.415s][info][gc,phases   ] GC(7903)   Merge Heap Roots: 0.4ms
[2025-01-09T04:21:31.049+0000][201361.415s][info][gc,phases   ] GC(7903)   Evacuate Collection Set: 23.8ms
[2025-01-09T04:21:31.049+0000][201361.415s][info][gc,phases   ] GC(7903)   Post Evacuate Collection Set: 2.5ms
[2025-01-09T04:21:31.049+0000][201361.415s][info][gc,phases   ] GC(7903)   Other: 0.2ms
[2025-01-09T04:21:31.049+0000][201361.415s][info][gc,heap     ] GC(7903) Eden regions: 916->0(914)
[2025-01-09T04:21:31.049+0000][201361.415s][info][gc,heap     ] GC(7903) Survivor regions: 5->7(116)
[2025-01-09T04:21:31.049+0000][201361.415s][info][gc,heap     ] GC(7903) Old regions: 227->227
[2025-01-09T04:21:31.049+0000][201361.415s][info][gc,heap     ] GC(7903) Archive regions: 2->2
[2025-01-09T04:21:31.049+0000][201361.415s][info][gc,heap     ] GC(7903) Humongous regions: 49->49
[2025-01-09T04:21:31.049+0000][201361.415s][info][gc,metaspace] GC(7903) Metaspace: 524758K(534272K)->524758K(534272K) NonClass: 460826K(465536K)->460826K(465536K) Class: 63932K(68736K)->63932K(68736K)
[2025-01-09T04:21:31.049+0000][201361.415s][info][gc          ] GC(7903) Pause Young (Normal) (G1 Evacuation Pause) 9574M->2258M(12288M) 27.252ms
[2025-01-09T04:21:31.049+0000][201361.415s][info][gc,cpu      ] GC(7903) User=0.15s Sys=0.00s Real=0.02s
[2025-01-09T04:21:38.073+0000][201368.439s][info][gc,start    ] GC(7904) Pause Young (Normal) (G1 Evacuation Pause)
[2025-01-09T04:21:38.073+0000][201368.439s][info][gc,task     ] GC(7904) Using 6 workers of 6 for evacuation
[2025-01-09T04:21:38.104+0000][201368.470s][info][gc,phases   ] GC(7904)   Pre Evacuate Collection Set: 0.2ms
[2025-01-09T04:21:38.104+0000][201368.470s][info][gc,phases   ] GC(7904)   Merge Heap Roots: 0.4ms
[2025-01-09T04:21:38.104+0000][201368.470s][info][gc,phases   ] GC(7904)   Evacuate Collection Set: 24.3ms
[2025-01-09T04:21:38.104+0000][201368.470s][info][gc,phases   ] GC(7904)   Post Evacuate Collection Set: 5.1ms
[2025-01-09T04:21:38.104+0000][201368.470s][info][gc,phases   ] GC(7904)   Other: 0.2ms
[2025-01-09T04:21:38.104+0000][201368.470s][info][gc,heap     ] GC(7904) Eden regions: 914->0(913)
[2025-01-09T04:21:38.104+0000][201368.470s][info][gc,heap     ] GC(7904) Survivor regions: 7->8(116)
[2025-01-09T04:21:38.104+0000][201368.470s][info][gc,heap     ] GC(7904) Old regions: 227->227
[2025-01-09T04:21:38.104+0000][201368.470s][info][gc,heap     ] GC(7904) Archive regions: 2->2
[2025-01-09T04:21:38.104+0000][201368.470s][info][gc,heap     ] GC(7904) Humongous regions: 49->49
[2025-01-09T04:21:38.104+0000][201368.470s][info][gc,metaspace] GC(7904) Metaspace: 524758K(534272K)->524758K(534272K) NonClass: 460826K(465536K)->460826K(465536K) Class: 63932K(68736K)->63932K(68736K)
[2025-01-09T04:21:38.104+0000][201368.470s][info][gc          ] GC(7904) Pause Young (Normal) (G1 Evacuation Pause) 9570M->2271M(12288M) 30.438ms
[2025-01-09T04:21:38.104+0000][201368.470s][info][gc,cpu      ] GC(7904) User=0.17s Sys=0.00s Real=0.03s
[2025-01-09T04:21:43.760+0000][201374.126s][info][gc,start    ] GC(7905) Pause Young (Concurrent Start) (G1 Evacuation Pause)
[2025-01-09T04:21:43.760+0000][201374.126s][info][gc,task     ] GC(7905) Using 6 workers of 6 for evacuation
[2025-01-09T04:21:43.789+0000][201374.155s][info][gc,phases   ] GC(7905)   Pre Evacuate Collection Set: 1.1ms
[2025-01-09T04:21:43.789+0000][201374.155s][info][gc,phases   ] GC(7905)   Merge Heap Roots: 0.4ms
[2025-01-09T04:21:43.789+0000][201374.155s][info][gc,phases   ] GC(7905)   Evacuate Collection Set: 25.5ms
[2025-01-09T04:21:43.789+0000][201374.155s][info][gc,phases   ] GC(7905)   Post Evacuate Collection Set: 2.4ms
[2025-01-09T04:21:43.789+0000][201374.155s][info][gc,phases   ] GC(7905)   Other: 0.3ms
[2025-01-09T04:21:43.789+0000][201374.155s][info][gc,heap     ] GC(7905) Eden regions: 913->0(913)
[2025-01-09T04:21:43.789+0000][201374.155s][info][gc,heap     ] GC(7905) Survivor regions: 8->8(116)
[2025-01-09T04:21:43.789+0000][201374.155s][info][gc,heap     ] GC(7905) Old regions: 227->227
[2025-01-09T04:21:43.789+0000][201374.155s][info][gc,heap     ] GC(7905) Archive regions: 2->2
[2025-01-09T04:21:43.789+0000][201374.155s][info][gc,heap     ] GC(7905) Humongous regions: 49->49
[2025-01-09T04:21:43.789+0000][201374.155s][info][gc,metaspace] GC(7905) Metaspace: 524758K(534272K)->524758K(534272K) NonClass: 460826K(465536K)->460826K(465536K) Class: 63932K(68736K)->63932K(68736K)
[2025-01-09T04:21:43.789+0000][201374.156s][info][gc          ] GC(7905) Pause Young (Concurrent Start) (G1 Evacuation Pause) 9575M->2267M(12288M) 29.796ms
[2025-01-09T04:21:43.789+0000][201374.156s][info][gc,cpu      ] GC(7905) User=0.17s Sys=0.00s Real=0.04s
[2025-01-09T04:21:43.790+0000][201374.156s][info][gc          ] GC(7906) Concurrent Mark Cycle
[2025-01-09T04:21:43.790+0000][201374.156s][info][gc,marking  ] GC(7906) Concurrent Clear Claimed Marks
[2025-01-09T04:21:43.791+0000][201374.157s][info][gc,marking  ] GC(7906) Concurrent Clear Claimed Marks 0.983ms
[2025-01-09T04:21:43.791+0000][201374.157s][info][gc,marking  ] GC(7906) Concurrent Scan Root Regions
[2025-01-09T04:21:43.813+0000][201374.179s][info][gc,marking  ] GC(7906) Concurrent Scan Root Regions 22.289ms
[2025-01-09T04:21:43.813+0000][201374.179s][info][gc,marking  ] GC(7906) Concurrent Mark
[2025-01-09T04:21:43.813+0000][201374.179s][info][gc,marking  ] GC(7906) Concurrent Mark From Roots
[2025-01-09T04:21:43.813+0000][201374.179s][info][gc,task     ] GC(7906) Using 2 workers of 2 for marking
[2025-01-09T04:21:44.691+0000][201375.057s][info][gc,marking  ] GC(7906) Concurrent Mark From Roots 877.933ms
[2025-01-09T04:21:44.691+0000][201375.057s][info][gc,marking  ] GC(7906) Concurrent Preclean
[2025-01-09T04:21:44.696+0000][201375.062s][info][gc,marking  ] GC(7906) Concurrent Preclean 4.763ms
[2025-01-09T04:21:44.696+0000][201375.062s][info][gc,start    ] GC(7906) Pause Remark
[2025-01-09T04:21:44.721+0000][201375.087s][info][gc          ] GC(7906) Pause Remark 3355M->3355M(12288M) 25.473ms
[2025-01-09T04:21:44.721+0000][201375.087s][info][gc,cpu      ] GC(7906) User=0.14s Sys=0.00s Real=0.02s
[2025-01-09T04:21:44.721+0000][201375.088s][info][gc,marking  ] GC(7906) Concurrent Mark 908.633ms
[2025-01-09T04:21:44.722+0000][201375.088s][info][gc,marking  ] GC(7906) Concurrent Rebuild Remembered Sets
[2025-01-09T04:21:45.422+0000][201375.789s][info][gc,marking  ] GC(7906) Concurrent Rebuild Remembered Sets 700.879ms
[2025-01-09T04:21:45.423+0000][201375.789s][info][gc,start    ] GC(7906) Pause Cleanup
[2025-01-09T04:21:45.423+0000][201375.789s][info][gc          ] GC(7906) Pause Cleanup 4427M->4427M(12288M) 0.436ms
[2025-01-09T04:21:45.423+0000][201375.789s][info][gc,cpu      ] GC(7906) User=0.00s Sys=0.00s Real=0.00s
[2025-01-09T04:21:45.423+0000][201375.789s][info][gc,marking  ] GC(7906) Concurrent Cleanup for Next Mark
[2025-01-09T04:21:45.439+0000][201375.805s][info][gc,marking  ] GC(7906) Concurrent Cleanup for Next Mark 15.596ms
[2025-01-09T04:21:45.439+0000][201375.805s][info][gc          ] GC(7906) Concurrent Mark Cycle 1649.256ms
[2025-01-09T04:21:53.002+0000][201383.368s][info][gc,start    ] GC(7907) Pause Young (Prepare Mixed) (G1 Evacuation Pause)
[2025-01-09T04:21:53.002+0000][201383.368s][info][gc,task     ] GC(7907) Using 6 workers of 6 for evacuation
[2025-01-09T04:21:53.038+0000][201383.404s][info][gc,phases   ] GC(7907)   Pre Evacuate Collection Set: 0.2ms
[2025-01-09T04:21:53.038+0000][201383.404s][info][gc,phases   ] GC(7907)   Merge Heap Roots: 0.7ms
[2025-01-09T04:21:53.038+0000][201383.404s][info][gc,phases   ] GC(7907)   Evacuate Collection Set: 30.8ms
[2025-01-09T04:21:53.038+0000][201383.404s][info][gc,phases   ] GC(7907)   Post Evacuate Collection Set: 4.1ms
[2025-01-09T04:21:53.038+0000][201383.404s][info][gc,phases   ] GC(7907)   Other: 0.2ms
[2025-01-09T04:21:53.038+0000][201383.404s][info][gc,heap     ] GC(7907) Eden regions: 913->0(66)
[2025-01-09T04:21:53.038+0000][201383.404s][info][gc,heap     ] GC(7907) Survivor regions: 8->10(116)
[2025-01-09T04:21:53.038+0000][201383.404s][info][gc,heap     ] GC(7907) Old regions: 227->227
[2025-01-09T04:21:53.038+0000][201383.404s][info][gc,heap     ] GC(7907) Archive regions: 2->2
[2025-01-09T04:21:53.038+0000][201383.404s][info][gc,heap     ] GC(7907) Humongous regions: 49->49
[2025-01-09T04:21:53.038+0000][201383.404s][info][gc,metaspace] GC(7907) Metaspace: 524758K(534272K)->524758K(534272K) NonClass: 460826K(465536K)->460826K(465536K) Class: 63932K(68736K)->63932K(68736K)
[2025-01-09T04:21:53.038+0000][201383.404s][info][gc          ] GC(7907) Pause Young (Prepare Mixed) (G1 Evacuation Pause) 9571M->2283M(12288M) 36.112ms
[2025-01-09T04:21:53.038+0000][201383.404s][info][gc,cpu      ] GC(7907) User=0.21s Sys=0.00s Real=0.03s
[2025-01-09T04:21:53.464+0000][201383.830s][info][gc,start    ] GC(7908) Pause Young (Mixed) (G1 Evacuation Pause)
[2025-01-09T04:21:53.464+0000][201383.830s][info][gc,task     ] GC(7908) Using 6 workers of 6 for evacuation
[2025-01-09T04:21:53.524+0000][201383.891s][info][gc,phases   ] GC(7908)   Pre Evacuate Collection Set: 0.2ms
[2025-01-09T04:21:53.524+0000][201383.891s][info][gc,phases   ] GC(7908)   Merge Heap Roots: 0.6ms
[2025-01-09T04:21:53.524+0000][201383.891s][info][gc,phases   ] GC(7908)   Evacuate Collection Set: 58.2ms
[2025-01-09T04:21:53.524+0000][201383.891s][info][gc,phases   ] GC(7908)   Post Evacuate Collection Set: 1.6ms
[2025-01-09T04:21:53.525+0000][201383.891s][info][gc,phases   ] GC(7908)   Other: 0.2ms
[2025-01-09T04:21:53.525+0000][201383.891s][info][gc,heap     ] GC(7908) Eden regions: 66->0(916)
[2025-01-09T04:21:53.525+0000][201383.891s][info][gc,heap     ] GC(7908) Survivor regions: 10->5(10)
[2025-01-09T04:21:53.525+0000][201383.891s][info][gc,heap     ] GC(7908) Old regions: 227->226
[2025-01-09T04:21:53.525+0000][201383.891s][info][gc,heap     ] GC(7908) Archive regions: 2->2
[2025-01-09T04:21:53.525+0000][201383.891s][info][gc,heap     ] GC(7908) Humongous regions: 49->49
[2025-01-09T04:21:53.525+0000][201383.891s][info][gc,metaspace] GC(7908) Metaspace: 524758K(534272K)->524758K(534272K) NonClass: 460826K(465536K)->460826K(465536K) Class: 63932K(68736K)->63932K(68736K)
[2025-01-09T04:21:53.525+0000][201383.891s][info][gc          ] GC(7908) Pause Young (Mixed) (G1 Evacuation Pause) 2811M->2241M(12288M) 60.929ms
[2025-01-09T04:21:53.525+0000][201383.891s][info][gc,cpu      ] GC(7908) User=0.36s Sys=0.00s Real=0.06s
[2025-01-09T04:22:02.076+0000][201392.442s][info][gc,start    ] GC(7909) Pause Young (Normal) (G1 Evacuation Pause)
[2025-01-09T04:22:02.076+0000][201392.442s][info][gc,task     ] GC(7909) Using 6 workers of 6 for evacuation
[2025-01-09T04:22:02.104+0000][201392.470s][info][gc,phases   ] GC(7909)   Pre Evacuate Collection Set: 0.2ms
[2025-01-09T04:22:02.104+0000][201392.470s][info][gc,phases   ] GC(7909)   Merge Heap Roots: 0.4ms
[2025-01-09T04:22:02.104+0000][201392.470s][info][gc,phases   ] GC(7909)   Evacuate Collection Set: 24.6ms
[2025-01-09T04:22:02.104+0000][201392.470s][info][gc,phases   ] GC(7909)   Post Evacuate Collection Set: 2.6ms
[2025-01-09T04:22:02.104+0000][201392.470s][info][gc,phases   ] GC(7909)   Other: 0.2ms
[2025-01-09T04:22:02.104+0000][201392.470s][info][gc,heap     ] GC(7909) Eden regions: 916->0(914)
[2025-01-09T04:22:02.104+0000][201392.470s][info][gc,heap     ] GC(7909) Survivor regions: 5->7(116)
[2025-01-09T04:22:02.104+0000][201392.470s][info][gc,heap     ] GC(7909) Old regions: 226->226
[2025-01-09T04:22:02.104+0000][201392.470s][info][gc,heap     ] GC(7909) Archive regions: 2->2
[2025-01-09T04:22:02.104+0000][201392.470s][info][gc,heap     ] GC(7909) Humongous regions: 49->49
[2025-01-09T04:22:02.104+0000][201392.470s][info][gc,metaspace] GC(7909) Metaspace: 524758K(534272K)->524758K(534272K) NonClass: 460826K(465536K)->460826K(465536K) Class: 63932K(68736K)->63932K(68736K)
[2025-01-09T04:22:02.104+0000][201392.470s][info][gc          ] GC(7909) Pause Young (Normal) (G1 Evacuation Pause) 9569M->2252M(12288M) 28.042ms
[2025-01-09T04:22:02.104+0000][201392.470s][info][gc,cpu      ] GC(7909) User=0.15s Sys=0.01s Real=0.03s
[2025-01-09T04:22:09.770+0000][201400.136s][info][gc,start    ] GC(7910) Pause Young (Normal) (G1 Evacuation Pause)
[2025-01-09T04:22:09.770+0000][201400.136s][info][gc,task     ] GC(7910) Using 6 workers of 6 for evacuation
[2025-01-09T04:22:09.797+0000][201400.163s][info][gc,phases   ] GC(7910)   Pre Evacuate Collection Set: 0.2ms
[2025-01-09T04:22:09.797+0000][201400.163s][info][gc,phases   ] GC(7910)   Merge Heap Roots: 0.5ms
[2025-01-09T04:22:09.797+0000][201400.163s][info][gc,phases   ] GC(7910)   Evacuate Collection Set: 23.8ms
[2025-01-09T04:22:09.797+0000][201400.163s][info][gc,phases   ] GC(7910)   Post Evacuate Collection Set: 2.5ms
[2025-01-09T04:22:09.797+0000][201400.163s][info][gc,phases   ] GC(7910)   Other: 0.2ms
[2025-01-09T04:22:09.797+0000][201400.163s][info][gc,heap     ] GC(7910) Eden regions: 914->0(914)
[2025-01-09T04:22:09.797+0000][201400.163s][info][gc,heap     ] GC(7910) Survivor regions: 7->7(116)
[2025-01-09T04:22:09.797+0000][201400.163s][info][gc,heap     ] GC(7910) Old regions: 226->226
[2025-01-09T04:22:09.797+0000][201400.163s][info][gc,heap     ] GC(7910) Archive regions: 2->2
[2025-01-09T04:22:09.797+0000][201400.163s][info][gc,heap     ] GC(7910) Humongous regions: 49->49
[2025-01-09T04:22:09.797+0000][201400.163s][info][gc,metaspace] GC(7910) Metaspace: 524758K(534272K)->524758K(534272K) NonClass: 460826K(465536K)->460826K(465536K) Class: 63932K(68736K)->63932K(68736K)
[2025-01-09T04:22:09.797+0000][201400.163s][info][gc          ] GC(7910) Pause Young (Normal) (G1 Evacuation Pause) 9564M->2255M(12288M) 27.239ms
[2025-01-09T04:22:09.797+0000][201400.163s][info][gc,cpu      ] GC(7910) User=0.16s Sys=0.00s Real=0.02s
[2025-01-09T04:22:20.339+0000][201410.705s][info][gc,start    ] GC(7911) Pause Young (Concurrent Start) (G1 Evacuation Pause)
[2025-01-09T04:22:20.339+0000][201410.705s][info][gc,task     ] GC(7911) Using 6 workers of 6 for evacuation
[2025-01-09T04:22:20.375+0000][201410.741s][info][gc,phases   ] GC(7911)   Pre Evacuate Collection Set: 1.1ms
[2025-01-09T04:22:20.375+0000][201410.741s][info][gc,phases   ] GC(7911)   Merge Heap Roots: 0.5ms
[2025-01-09T04:22:20.375+0000][201410.741s][info][gc,phases   ] GC(7911)   Evacuate Collection Set: 30.8ms
[2025-01-09T04:22:20.375+0000][201410.741s][info][gc,phases   ] GC(7911)   Post Evacuate Collection Set: 2.8ms
[2025-01-09T04:22:20.375+0000][201410.741s][info][gc,phases   ] GC(7911)   Other: 0.3ms
[2025-01-09T04:22:20.375+0000][201410.741s][info][gc,heap     ] GC(7911) Eden regions: 914->0(912)
[2025-01-09T04:22:20.375+0000][201410.741s][info][gc,heap     ] GC(7911) Survivor regions: 7->9(116)
[2025-01-09T04:22:20.375+0000][201410.741s][info][gc,heap     ] GC(7911) Old regions: 226->226
[2025-01-09T04:22:20.375+0000][201410.741s][info][gc,heap     ] GC(7911) Archive regions: 2->2
[2025-01-09T04:22:20.375+0000][201410.741s][info][gc,heap     ] GC(7911) Humongous regions: 49->49
[2025-01-09T04:22:20.375+0000][201410.741s][info][gc,metaspace] GC(7911) Metaspace: 524758K(534272K)->524758K(534272K) NonClass: 460826K(465536K)->460826K(465536K) Class: 63932K(68736K)->63932K(68736K)
[2025-01-09T04:22:20.375+0000][201410.741s][info][gc          ] GC(7911) Pause Young (Concurrent Start) (G1 Evacuation Pause) 9567M->2270M(12288M) 35.519ms
[2025-01-09T04:22:20.375+0000][201410.741s][info][gc,cpu      ] GC(7911) User=0.20s Sys=0.00s Real=0.04s
[2025-01-09T04:22:20.375+0000][201410.741s][info][gc          ] GC(7912) Concurrent Mark Cycle
[2025-01-09T04:22:20.375+0000][201410.741s][info][gc,marking  ] GC(7912) Concurrent Clear Claimed Marks
[2025-01-09T04:22:20.376+0000][201410.742s][info][gc,marking  ] GC(7912) Concurrent Clear Claimed Marks 0.929ms
[2025-01-09T04:22:20.376+0000][201410.742s][info][gc,marking  ] GC(7912) Concurrent Scan Root Regions
[2025-01-09T04:22:20.399+0000][201410.765s][info][gc,marking  ] GC(7912) Concurrent Scan Root Regions 23.400ms
[2025-01-09T04:22:20.399+0000][201410.765s][info][gc,marking  ] GC(7912) Concurrent Mark
[2025-01-09T04:22:20.399+0000][201410.765s][info][gc,marking  ] GC(7912) Concurrent Mark From Roots
[2025-01-09T04:22:20.399+0000][201410.765s][info][gc,task     ] GC(7912) Using 2 workers of 2 for marking
[2025-01-09T04:22:21.314+0000][201411.680s][info][gc,marking  ] GC(7912) Concurrent Mark From Roots 914.577ms
[2025-01-09T04:22:21.314+0000][201411.680s][info][gc,marking  ] GC(7912) Concurrent Preclean
[2025-01-09T04:22:21.317+0000][201411.684s][info][gc,marking  ] GC(7912) Concurrent Preclean 3.683ms
[2025-01-09T04:22:21.318+0000][201411.684s][info][gc,start    ] GC(7912) Pause Remark
[2025-01-09T04:22:21.343+0000][201411.709s][info][gc          ] GC(7912) Pause Remark 3291M->3291M(12288M) 25.465ms
[2025-01-09T04:22:21.343+0000][201411.709s][info][gc,cpu      ] GC(7912) User=0.15s Sys=0.00s Real=0.03s
[2025-01-09T04:22:21.343+0000][201411.709s][info][gc,marking  ] GC(7912) Concurrent Mark 944.101ms
[2025-01-09T04:22:21.343+0000][201411.709s][info][gc,marking  ] GC(7912) Concurrent Rebuild Remembered Sets
[2025-01-09T04:22:21.934+0000][201412.300s][info][gc,marking  ] GC(7912) Concurrent Rebuild Remembered Sets 590.246ms
[2025-01-09T04:22:21.934+0000][201412.300s][info][gc,start    ] GC(7912) Pause Cleanup
[2025-01-09T04:22:21.934+0000][201412.300s][info][gc          ] GC(7912) Pause Cleanup 3918M->3918M(12288M) 0.402ms
[2025-01-09T04:22:21.934+0000][201412.300s][info][gc,cpu      ] GC(7912) User=0.00s Sys=0.00s Real=0.00s
[2025-01-09T04:22:21.934+0000][201412.300s][info][gc,marking  ] GC(7912) Concurrent Cleanup for Next Mark
[2025-01-09T04:22:21.950+0000][201412.316s][info][gc,marking  ] GC(7912) Concurrent Cleanup for Next Mark 15.670ms
[2025-01-09T04:22:21.950+0000][201412.316s][info][gc          ] GC(7912) Concurrent Mark Cycle 1575.151ms
[2025-01-09T04:22:28.996+0000][201419.362s][info][gc,start    ] GC(7913) Pause Young (Prepare Mixed) (G1 Evacuation Pause)
[2025-01-09T04:22:28.996+0000][201419.362s][info][gc,task     ] GC(7913) Using 6 workers of 6 for evacuation
[2025-01-09T04:22:29.033+0000][201419.399s][info][gc,phases   ] GC(7913)   Pre Evacuate Collection Set: 0.2ms
[2025-01-09T04:22:29.033+0000][201419.399s][info][gc,phases   ] GC(7913)   Merge Heap Roots: 0.7ms
[2025-01-09T04:22:29.033+0000][201419.399s][info][gc,phases   ] GC(7913)   Evacuate Collection Set: 32.8ms
[2025-01-09T04:22:29.033+0000][201419.399s][info][gc,phases   ] GC(7913)   Post Evacuate Collection Set: 2.7ms
[2025-01-09T04:22:29.033+0000][201419.399s][info][gc,phases   ] GC(7913)   Other: 0.2ms
[2025-01-09T04:22:29.033+0000][201419.399s][info][gc,heap     ] GC(7913) Eden regions: 912->0(66)
[2025-01-09T04:22:29.033+0000][201419.399s][info][gc,heap     ] GC(7913) Survivor regions: 9->10(116)
[2025-01-09T04:22:29.033+0000][201419.399s][info][gc,heap     ] GC(7913) Old regions: 226->226
[2025-01-09T04:22:29.033+0000][201419.399s][info][gc,heap     ] GC(7913) Archive regions: 2->2
[2025-01-09T04:22:29.033+0000][201419.399s][info][gc,heap     ] GC(7913) Humongous regions: 49->49
[2025-01-09T04:22:29.033+0000][201419.399s][info][gc,metaspace] GC(7913) Metaspace: 524758K(534272K)->524758K(534272K) NonClass: 460826K(465536K)->460826K(465536K) Class: 63932K(68736K)->63932K(68736K)
[2025-01-09T04:22:29.033+0000][201419.399s][info][gc          ] GC(7913) Pause Young (Prepare Mixed) (G1 Evacuation Pause) 9566M->2278M(12288M) 36.734ms
[2025-01-09T04:22:29.033+0000][201419.399s][info][gc,cpu      ] GC(7913) User=0.21s Sys=0.00s Real=0.04s
[2025-01-09T04:22:29.570+0000][201419.936s][info][gc,start    ] GC(7914) Pause Young (Mixed) (G1 Evacuation Pause)
[2025-01-09T04:22:29.570+0000][201419.936s][info][gc,task     ] GC(7914) Using 6 workers of 6 for evacuation
[2025-01-09T04:22:29.647+0000][201420.013s][info][gc,phases   ] GC(7914)   Pre Evacuate Collection Set: 0.2ms
[2025-01-09T04:22:29.647+0000][201420.013s][info][gc,phases   ] GC(7914)   Merge Heap Roots: 0.9ms
[2025-01-09T04:22:29.647+0000][201420.013s][info][gc,phases   ] GC(7914)   Evacuate Collection Set: 73.2ms
[2025-01-09T04:22:29.647+0000][201420.013s][info][gc,phases   ] GC(7914)   Post Evacuate Collection Set: 2.2ms
[2025-01-09T04:22:29.647+0000][201420.013s][info][gc,phases   ] GC(7914)   Other: 0.2ms
[2025-01-09T04:22:29.647+0000][201420.013s][info][gc,heap     ] GC(7914) Eden regions: 66->0(916)
[2025-01-09T04:22:29.647+0000][201420.013s][info][gc,heap     ] GC(7914) Survivor regions: 10->5(10)
[2025-01-09T04:22:29.647+0000][201420.013s][info][gc,heap     ] GC(7914) Old regions: 226->226
[2025-01-09T04:22:29.647+0000][201420.013s][info][gc,heap     ] GC(7914) Archive regions: 2->2
[2025-01-09T04:22:29.647+0000][201420.013s][info][gc,heap     ] GC(7914) Humongous regions: 49->49
[2025-01-09T04:22:29.647+0000][201420.013s][info][gc,metaspace] GC(7914) Metaspace: 524758K(534272K)->524758K(534272K) NonClass: 460826K(465536K)->460826K(465536K) Class: 63932K(68736K)->63932K(68736K)
[2025-01-09T04:22:29.647+0000][201420.013s][info][gc          ] GC(7914) Pause Young (Mixed) (G1 Evacuation Pause) 2806M->2241M(12288M) 76.866ms
[2025-01-09T04:22:29.647+0000][201420.013s][info][gc,cpu      ] GC(7914) User=0.44s Sys=0.00s Real=0.07s
[2025-01-09T04:22:38.792+0000][201429.158s][info][gc,start    ] GC(7915) Pause Young (Normal) (G1 Evacuation Pause)
[2025-01-09T04:22:38.792+0000][201429.158s][info][gc,task     ] GC(7915) Using 6 workers of 6 for evacuation
[2025-01-09T04:22:38.824+0000][201429.190s][info][gc,phases   ] GC(7915)   Pre Evacuate Collection Set: 0.2ms
[2025-01-09T04:22:38.824+0000][201429.190s][info][gc,phases   ] GC(7915)   Merge Heap Roots: 0.5ms
[2025-01-09T04:22:38.824+0000][201429.190s][info][gc,phases   ] GC(7915)   Evacuate Collection Set: 26.1ms
[2025-01-09T04:22:38.824+0000][201429.190s][info][gc,phases   ] GC(7915)   Post Evacuate Collection Set: 5.3ms
[2025-01-09T04:22:38.824+0000][201429.190s][info][gc,phases   ] GC(7915)   Other: 0.2ms
[2025-01-09T04:22:38.824+0000][201429.190s][info][gc,heap     ] GC(7915) Eden regions: 916->0(913)
[2025-01-09T04:22:38.824+0000][201429.190s][info][gc,heap     ] GC(7915) Survivor regions: 5->8(116)
[2025-01-09T04:22:38.824+0000][201429.190s][info][gc,heap     ] GC(7915) Old regions: 226->226
[2025-01-09T04:22:38.824+0000][201429.190s][info][gc,heap     ] GC(7915) Archive regions: 2->2
[2025-01-09T04:22:38.824+0000][201429.191s][info][gc,heap     ] GC(7915) Humongous regions: 49->49
[2025-01-09T04:22:38.824+0000][201429.191s][info][gc,metaspace] GC(7915) Metaspace: 524758K(534272K)->524758K(534272K) NonClass: 460826K(465536K)->460826K(465536K) Class: 63932K(68736K)->63932K(68736K)
[2025-01-09T04:22:38.824+0000][201429.191s][info][gc          ] GC(7915) Pause Young (Normal) (G1 Evacuation Pause) 9569M->2264M(12288M) 32.277ms
[2025-01-09T04:22:38.824+0000][201429.191s][info][gc,cpu      ] GC(7915) User=0.19s Sys=0.00s Real=0.03s
[2025-01-09T04:22:51.189+0000][201441.555s][info][gc,start    ] GC(7916) Pause Young (Normal) (G1 Evacuation Pause)
[2025-01-09T04:22:51.189+0000][201441.556s][info][gc,task     ] GC(7916) Using 6 workers of 6 for evacuation
[2025-01-09T04:22:51.223+0000][201441.589s][info][gc,phases   ] GC(7916)   Pre Evacuate Collection Set: 0.2ms
[2025-01-09T04:22:51.223+0000][201441.589s][info][gc,phases   ] GC(7916)   Merge Heap Roots: 0.4ms
[2025-01-09T04:22:51.223+0000][201441.589s][info][gc,phases   ] GC(7916)   Evacuate Collection Set: 28.5ms
[2025-01-09T04:22:51.223+0000][201441.589s][info][gc,phases   ] GC(7916)   Post Evacuate Collection Set: 4.1ms
[2025-01-09T04:22:51.223+0000][201441.589s][info][gc,phases   ] GC(7916)   Other: 0.2ms
[2025-01-09T04:22:51.223+0000][201441.589s][info][gc,heap     ] GC(7916) Eden regions: 913->0(912)
[2025-01-09T04:22:51.223+0000][201441.589s][info][gc,heap     ] GC(7916) Survivor regions: 8->9(116)
[2025-01-09T04:22:51.223+0000][201441.589s][info][gc,heap     ] GC(7916) Old regions: 226->226
[2025-01-09T04:22:51.223+0000][201441.589s][info][gc,heap     ] GC(7916) Archive regions: 2->2
[2025-01-09T04:22:51.223+0000][201441.589s][info][gc,heap     ] GC(7916) Humongous regions: 49->49
[2025-01-09T04:22:51.223+0000][201441.589s][info][gc,metaspace] GC(7916) Metaspace: 524758K(534272K)->524758K(534272K) NonClass: 460826K(465536K)->460826K(465536K) Class: 63932K(68736K)->63932K(68736K)
[2025-01-09T04:22:51.223+0000][201441.589s][info][gc          ] GC(7916) Pause Young (Normal) (G1 Evacuation Pause) 9568M->2268M(12288M) 33.526ms
[2025-01-09T04:22:51.223+0000][201441.589s][info][gc,cpu      ] GC(7916) User=0.20s Sys=0.00s Real=0.04s
[2025-01-09T04:22:57.856+0000][201448.222s][info][gc,start    ] GC(7917) Pause Young (Concurrent Start) (G1 Evacuation Pause)
[2025-01-09T04:22:57.856+0000][201448.222s][info][gc,task     ] GC(7917) Using 6 workers of 6 for evacuation
[2025-01-09T04:22:57.889+0000][201448.255s][info][gc,phases   ] GC(7917)   Pre Evacuate Collection Set: 1.2ms
[2025-01-09T04:22:57.889+0000][201448.255s][info][gc,phases   ] GC(7917)   Merge Heap Roots: 0.5ms
[2025-01-09T04:22:57.889+0000][201448.255s][info][gc,phases   ] GC(7917)   Evacuate Collection Set: 29.2ms
[2025-01-09T04:22:57.889+0000][201448.255s][info][gc,phases   ] GC(7917)   Post Evacuate Collection Set: 2.5ms
[2025-01-09T04:22:57.889+0000][201448.255s][info][gc,phases   ] GC(7917)   Other: 0.3ms
[2025-01-09T04:22:57.889+0000][201448.255s][info][gc,heap     ] GC(7917) Eden regions: 912->0(912)
[2025-01-09T04:22:57.889+0000][201448.255s][info][gc,heap     ] GC(7917) Survivor regions: 9->9(116)
[2025-01-09T04:22:57.889+0000][201448.255s][info][gc,heap     ] GC(7917) Old regions: 226->226
[2025-01-09T04:22:57.889+0000][201448.255s][info][gc,heap     ] GC(7917) Archive regions: 2->2
[2025-01-09T04:22:57.889+0000][201448.255s][info][gc,heap     ] GC(7917) Humongous regions: 49->49
[2025-01-09T04:22:57.889+0000][201448.255s][info][gc,metaspace] GC(7917) Metaspace: 524758K(534272K)->524758K(534272K) NonClass: 460826K(465536K)->460826K(465536K) Class: 63932K(68736K)->63932K(68736K)
[2025-01-09T04:22:57.889+0000][201448.255s][info][gc          ] GC(7917) Pause Young (Concurrent Start) (G1 Evacuation Pause) 9564M->2271M(12288M) 33.783ms
[2025-01-09T04:22:57.889+0000][201448.256s][info][gc,cpu      ] GC(7917) User=0.19s Sys=0.00s Real=0.03s
[2025-01-09T04:22:57.889+0000][201448.256s][info][gc          ] GC(7918) Concurrent Mark Cycle
[2025-01-09T04:22:57.889+0000][201448.256s][info][gc,marking  ] GC(7918) Concurrent Clear Claimed Marks
[2025-01-09T04:22:57.890+0000][201448.257s][info][gc,marking  ] GC(7918) Concurrent Clear Claimed Marks 0.986ms
[2025-01-09T04:22:57.891+0000][201448.257s][info][gc,marking  ] GC(7918) Concurrent Scan Root Regions
[2025-01-09T04:22:57.919+0000][201448.285s][info][gc,marking  ] GC(7918) Concurrent Scan Root Regions 28.266ms
[2025-01-09T04:22:57.919+0000][201448.285s][info][gc,marking  ] GC(7918) Concurrent Mark
[2025-01-09T04:22:57.919+0000][201448.285s][info][gc,marking  ] GC(7918) Concurrent Mark From Roots
[2025-01-09T04:22:57.919+0000][201448.285s][info][gc,task     ] GC(7918) Using 2 workers of 2 for marking
[2025-01-09T04:22:58.791+0000][201449.157s][info][gc,marking  ] GC(7918) Concurrent Mark From Roots 872.407ms
[2025-01-09T04:22:58.791+0000][201449.157s][info][gc,marking  ] GC(7918) Concurrent Preclean
[2025-01-09T04:22:58.795+0000][201449.161s][info][gc,marking  ] GC(7918) Concurrent Preclean 3.377ms
[2025-01-09T04:22:58.795+0000][201449.161s][info][gc,start    ] GC(7918) Pause Remark
[2025-01-09T04:22:58.821+0000][201449.187s][info][gc          ] GC(7918) Pause Remark 3639M->3639M(12288M) 25.807ms
[2025-01-09T04:22:58.821+0000][201449.187s][info][gc,cpu      ] GC(7918) User=0.14s Sys=0.00s Real=0.02s
[2025-01-09T04:22:58.821+0000][201449.187s][info][gc,marking  ] GC(7918) Concurrent Mark 902.021ms
[2025-01-09T04:22:58.821+0000][201449.187s][info][gc,marking  ] GC(7918) Concurrent Rebuild Remembered Sets
[2025-01-09T04:22:59.454+0000][201449.821s][info][gc,marking  ] GC(7918) Concurrent Rebuild Remembered Sets 633.617ms
[2025-01-09T04:22:59.455+0000][201449.821s][info][gc,start    ] GC(7918) Pause Cleanup
[2025-01-09T04:22:59.455+0000][201449.821s][info][gc          ] GC(7918) Pause Cleanup 4579M->4579M(12288M) 0.439ms
[2025-01-09T04:22:59.455+0000][201449.821s][info][gc,cpu      ] GC(7918) User=0.00s Sys=0.00s Real=0.00s
[2025-01-09T04:22:59.455+0000][201449.821s][info][gc,marking  ] GC(7918) Concurrent Cleanup for Next Mark
[2025-01-09T04:22:59.471+0000][201449.837s][info][gc,marking  ] GC(7918) Concurrent Cleanup for Next Mark 16.142ms
[2025-01-09T04:22:59.471+0000][201449.837s][info][gc          ] GC(7918) Concurrent Mark Cycle 1581.910ms
[2025-01-09T04:23:03.820+0000][201454.186s][info][gc,start    ] GC(7919) Pause Young (Prepare Mixed) (G1 Evacuation Pause)
[2025-01-09T04:23:03.820+0000][201454.186s][info][gc,task     ] GC(7919) Using 6 workers of 6 for evacuation
[2025-01-09T04:23:03.856+0000][201454.222s][info][gc,phases   ] GC(7919)   Pre Evacuate Collection Set: 0.2ms
[2025-01-09T04:23:03.856+0000][201454.222s][info][gc,phases   ] GC(7919)   Merge Heap Roots: 0.7ms
[2025-01-09T04:23:03.856+0000][201454.222s][info][gc,phases   ] GC(7919)   Evacuate Collection Set: 32.3ms
[2025-01-09T04:23:03.856+0000][201454.222s][info][gc,phases   ] GC(7919)   Post Evacuate Collection Set: 2.6ms
[2025-01-09T04:23:03.856+0000][201454.222s][info][gc,phases   ] GC(7919)   Other: 0.2ms
[2025-01-09T04:23:03.856+0000][201454.222s][info][gc,heap     ] GC(7919) Eden regions: 912->0(66)
[2025-01-09T04:23:03.856+0000][201454.222s][info][gc,heap     ] GC(7919) Survivor regions: 9->10(116)
[2025-01-09T04:23:03.856+0000][201454.222s][info][gc,heap     ] GC(7919) Old regions: 226->226
[2025-01-09T04:23:03.856+0000][201454.222s][info][gc,heap     ] GC(7919) Archive regions: 2->2
[2025-01-09T04:23:03.856+0000][201454.222s][info][gc,heap     ] GC(7919) Humongous regions: 49->49
[2025-01-09T04:23:03.856+0000][201454.222s][info][gc,metaspace] GC(7919) Metaspace: 524758K(534272K)->524758K(534272K) NonClass: 460826K(465536K)->460826K(465536K) Class: 63932K(68736K)->63932K(68736K)
[2025-01-09T04:23:03.856+0000][201454.222s][info][gc          ] GC(7919) Pause Young (Prepare Mixed) (G1 Evacuation Pause) 9567M->2275M(12288M) 36.087ms
[2025-01-09T04:23:03.856+0000][201454.222s][info][gc,cpu      ] GC(7919) User=0.21s Sys=0.00s Real=0.04s
[2025-01-09T04:23:05.091+0000][201455.457s][info][gc,start    ] GC(7920) Pause Young (Mixed) (G1 Evacuation Pause)
[2025-01-09T04:23:05.091+0000][201455.457s][info][gc,task     ] GC(7920) Using 6 workers of 6 for evacuation
[2025-01-09T04:23:05.159+0000][201455.525s][info][gc,phases   ] GC(7920)   Pre Evacuate Collection Set: 0.2ms
[2025-01-09T04:23:05.159+0000][201455.525s][info][gc,phases   ] GC(7920)   Merge Heap Roots: 0.7ms
[2025-01-09T04:23:05.159+0000][201455.525s][info][gc,phases   ] GC(7920)   Evacuate Collection Set: 64.8ms
[2025-01-09T04:23:05.159+0000][201455.525s][info][gc,phases   ] GC(7920)   Post Evacuate Collection Set: 2.1ms
[2025-01-09T04:23:05.159+0000][201455.525s][info][gc,phases   ] GC(7920)   Other: 0.2ms
[2025-01-09T04:23:05.159+0000][201455.525s][info][gc,heap     ] GC(7920) Eden regions: 66->0(915)
[2025-01-09T04:23:05.159+0000][201455.525s][info][gc,heap     ] GC(7920) Survivor regions: 10->6(10)
[2025-01-09T04:23:05.159+0000][201455.525s][info][gc,heap     ] GC(7920) Old regions: 226->226
[2025-01-09T04:23:05.159+0000][201455.525s][info][gc,heap     ] GC(7920) Archive regions: 2->2
[2025-01-09T04:23:05.159+0000][201455.525s][info][gc,heap     ] GC(7920) Humongous regions: 49->49
[2025-01-09T04:23:05.159+0000][201455.525s][info][gc,metaspace] GC(7920) Metaspace: 524758K(534272K)->524758K(534272K) NonClass: 460826K(465536K)->460826K(465536K) Class: 63932K(68736K)->63932K(68736K)
[2025-01-09T04:23:05.159+0000][201455.525s][info][gc          ] GC(7920) Pause Young (Mixed) (G1 Evacuation Pause) 2803M->2250M(12288M) 68.054ms
[2025-01-09T04:23:05.159+0000][201455.525s][info][gc,cpu      ] GC(7920) User=0.40s Sys=0.01s Real=0.06s
[2025-01-09T04:23:13.364+0000][201463.730s][info][gc,start    ] GC(7921) Pause Young (Normal) (G1 Evacuation Pause)
[2025-01-09T04:23:13.364+0000][201463.730s][info][gc,task     ] GC(7921) Using 6 workers of 6 for evacuation
[2025-01-09T04:23:13.394+0000][201463.760s][info][gc,phases   ] GC(7921)   Pre Evacuate Collection Set: 0.2ms
[2025-01-09T04:23:13.394+0000][201463.760s][info][gc,phases   ] GC(7921)   Merge Heap Roots: 0.5ms
[2025-01-09T04:23:13.394+0000][201463.760s][info][gc,phases   ] GC(7921)   Evacuate Collection Set: 25.8ms
[2025-01-09T04:23:13.394+0000][201463.760s][info][gc,phases   ] GC(7921)   Post Evacuate Collection Set: 2.6ms
[2025-01-09T04:23:13.394+0000][201463.760s][info][gc,phases   ] GC(7921)   Other: 0.2ms
[2025-01-09T04:23:13.394+0000][201463.760s][info][gc,heap     ] GC(7921) Eden regions: 915->0(914)
[2025-01-09T04:23:13.394+0000][201463.760s][info][gc,heap     ] GC(7921) Survivor regions: 6->7(116)
[2025-01-09T04:23:13.394+0000][201463.760s][info][gc,heap     ] GC(7921) Old regions: 226->226
[2025-01-09T04:23:13.394+0000][201463.760s][info][gc,heap     ] GC(7921) Archive regions: 2->2
[2025-01-09T04:23:13.394+0000][201463.760s][info][gc,heap     ] GC(7921) Humongous regions: 49->49
[2025-01-09T04:23:13.394+0000][201463.760s][info][gc,metaspace] GC(7921) Metaspace: 524758K(534272K)->524758K(534272K) NonClass: 460826K(465536K)->460826K(465536K) Class: 63932K(68736K)->63932K(68736K)
[2025-01-09T04:23:13.394+0000][201463.760s][info][gc          ] GC(7921) Pause Young (Normal) (G1 Evacuation Pause) 9570M->2254M(12288M) 29.401ms
[2025-01-09T04:23:13.394+0000][201463.760s][info][gc,cpu      ] GC(7921) User=0.17s Sys=0.00s Real=0.03s
[2025-01-09T04:23:18.324+0000][201468.690s][info][gc,start    ] GC(7922) Pause Young (Normal) (G1 Evacuation Pause)
[2025-01-09T04:23:18.324+0000][201468.690s][info][gc,task     ] GC(7922) Using 6 workers of 6 for evacuation
[2025-01-09T04:23:18.355+0000][201468.721s][info][gc,phases   ] GC(7922)   Pre Evacuate Collection Set: 0.2ms
[2025-01-09T04:23:18.355+0000][201468.721s][info][gc,phases   ] GC(7922)   Merge Heap Roots: 0.4ms
[2025-01-09T04:23:18.355+0000][201468.721s][info][gc,phases   ] GC(7922)   Evacuate Collection Set: 27.4ms
[2025-01-09T04:23:18.355+0000][201468.721s][info][gc,phases   ] GC(7922)   Post Evacuate Collection Set: 2.5ms
[2025-01-09T04:23:18.355+0000][201468.721s][info][gc,phases   ] GC(7922)   Other: 0.2ms
[2025-01-09T04:23:18.355+0000][201468.721s][info][gc,heap     ] GC(7922) Eden regions: 914->0(913)
[2025-01-09T04:23:18.355+0000][201468.721s][info][gc,heap     ] GC(7922) Survivor regions: 7->8(116)
[2025-01-09T04:23:18.355+0000][201468.721s][info][gc,heap     ] GC(7922) Old regions: 226->226
[2025-01-09T04:23:18.355+0000][201468.721s][info][gc,heap     ] GC(7922) Archive regions: 2->2
[2025-01-09T04:23:18.355+0000][201468.721s][info][gc,heap     ] GC(7922) Humongous regions: 49->49
[2025-01-09T04:23:18.355+0000][201468.721s][info][gc,metaspace] GC(7922) Metaspace: 524758K(534272K)->524758K(534272K) NonClass: 460826K(465536K)->460826K(465536K) Class: 63932K(68736K)->63932K(68736K)
[2025-01-09T04:23:18.355+0000][201468.721s][info][gc          ] GC(7922) Pause Young (Normal) (G1 Evacuation Pause) 9566M->2264M(12288M) 30.824ms
[2025-01-09T04:23:18.355+0000][201468.721s][info][gc,cpu      ] GC(7922) User=0.18s Sys=0.00s Real=0.03s
[2025-01-09T04:23:28.042+0000][201478.408s][info][gc,start    ] GC(7923) Pause Young (Concurrent Start) (G1 Evacuation Pause)
[2025-01-09T04:23:28.042+0000][201478.408s][info][gc,task     ] GC(7923) Using 6 workers of 6 for evacuation
[2025-01-09T04:23:28.079+0000][201478.445s][info][gc,phases   ] GC(7923)   Pre Evacuate Collection Set: 1.1ms
[2025-01-09T04:23:28.079+0000][201478.445s][info][gc,phases   ] GC(7923)   Merge Heap Roots: 0.5ms
[2025-01-09T04:23:28.079+0000][201478.445s][info][gc,phases   ] GC(7923)   Evacuate Collection Set: 29.7ms
[2025-01-09T04:23:28.079+0000][201478.445s][info][gc,phases   ] GC(7923)   Post Evacuate Collection Set: 5.3ms
[2025-01-09T04:23:28.079+0000][201478.445s][info][gc,phases   ] GC(7923)   Other: 0.3ms
[2025-01-09T04:23:28.079+0000][201478.445s][info][gc,heap     ] GC(7923) Eden regions: 913->0(911)
[2025-01-09T04:23:28.079+0000][201478.445s][info][gc,heap     ] GC(7923) Survivor regions: 8->10(116)
[2025-01-09T04:23:28.079+0000][201478.445s][info][gc,heap     ] GC(7923) Old regions: 226->226
[2025-01-09T04:23:28.079+0000][201478.445s][info][gc,heap     ] GC(7923) Archive regions: 2->2
[2025-01-09T04:23:28.079+0000][201478.445s][info][gc,heap     ] GC(7923) Humongous regions: 49->49
[2025-01-09T04:23:28.079+0000][201478.445s][info][gc,metaspace] GC(7923) Metaspace: 524758K(534272K)->524758K(534272K) NonClass: 460826K(465536K)->460826K(465536K) Class: 63932K(68736K)->63932K(68736K)
[2025-01-09T04:23:28.079+0000][201478.445s][info][gc          ] GC(7923) Pause Young (Concurrent Start) (G1 Evacuation Pause) 9568M->2275M(12288M) 36.987ms
[2025-01-09T04:23:28.079+0000][201478.445s][info][gc,cpu      ] GC(7923) User=0.21s Sys=0.01s Real=0.03s
[2025-01-09T04:23:28.079+0000][201478.445s][info][gc          ] GC(7924) Concurrent Mark Cycle
[2025-01-09T04:23:28.079+0000][201478.445s][info][gc,marking  ] GC(7924) Concurrent Clear Claimed Marks
[2025-01-09T04:23:28.080+0000][201478.446s][info][gc,marking  ] GC(7924) Concurrent Clear Claimed Marks 0.985ms
[2025-01-09T04:23:28.080+0000][201478.446s][info][gc,marking  ] GC(7924) Concurrent Scan Root Regions
[2025-01-09T04:23:28.109+0000][201478.475s][info][gc,marking  ] GC(7924) Concurrent Scan Root Regions 28.876ms
[2025-01-09T04:23:28.109+0000][201478.475s][info][gc,marking  ] GC(7924) Concurrent Mark
[2025-01-09T04:23:28.109+0000][201478.475s][info][gc,marking  ] GC(7924) Concurrent Mark From Roots
[2025-01-09T04:23:28.109+0000][201478.475s][info][gc,task     ] GC(7924) Using 2 workers of 2 for marking
[2025-01-09T04:23:29.030+0000][201479.396s][info][gc,marking  ] GC(7924) Concurrent Mark From Roots 920.709ms
[2025-01-09T04:23:29.030+0000][201479.396s][info][gc,marking  ] GC(7924) Concurrent Preclean
[2025-01-09T04:23:29.032+0000][201479.399s][info][gc,marking  ] GC(7924) Concurrent Preclean 2.745ms
[2025-01-09T04:23:29.033+0000][201479.399s][info][gc,start    ] GC(7924) Pause Remark
[2025-01-09T04:23:29.058+0000][201479.425s][info][gc          ] GC(7924) Pause Remark 3264M->3264M(12288M) 25.826ms
[2025-01-09T04:23:29.058+0000][201479.425s][info][gc,cpu      ] GC(7924) User=0.15s Sys=0.00s Real=0.02s
[2025-01-09T04:23:29.059+0000][201479.425s][info][gc,marking  ] GC(7924) Concurrent Mark 949.701ms
[2025-01-09T04:23:29.059+0000][201479.425s][info][gc,marking  ] GC(7924) Concurrent Rebuild Remembered Sets
[2025-01-09T04:23:29.591+0000][201479.957s][info][gc,marking  ] GC(7924) Concurrent Rebuild Remembered Sets 531.878ms
[2025-01-09T04:23:29.591+0000][201479.957s][info][gc,start    ] GC(7924) Pause Cleanup
[2025-01-09T04:23:29.591+0000][201479.957s][info][gc          ] GC(7924) Pause Cleanup 3663M->3663M(12288M) 0.424ms
[2025-01-09T04:23:29.591+0000][201479.957s][info][gc,cpu      ] GC(7924) User=0.00s Sys=0.00s Real=0.00s
[2025-01-09T04:23:29.591+0000][201479.957s][info][gc,marking  ] GC(7924) Concurrent Cleanup for Next Mark
[2025-01-09T04:23:29.607+0000][201479.973s][info][gc,marking  ] GC(7924) Concurrent Cleanup for Next Mark 15.808ms
[2025-01-09T04:23:29.607+0000][201479.973s][info][gc          ] GC(7924) Concurrent Mark Cycle 1528.057ms
[2025-01-09T04:23:35.721+0000][201486.087s][info][gc,start    ] GC(7925) Pause Young (Prepare Mixed) (G1 Evacuation Pause)
[2025-01-09T04:23:35.721+0000][201486.087s][info][gc,task     ] GC(7925) Using 6 workers of 6 for evacuation
[2025-01-09T04:23:35.758+0000][201486.125s][info][gc,phases   ] GC(7925)   Pre Evacuate Collection Set: 0.2ms
[2025-01-09T04:23:35.758+0000][201486.125s][info][gc,phases   ] GC(7925)   Merge Heap Roots: 0.7ms
[2025-01-09T04:23:35.758+0000][201486.125s][info][gc,phases   ] GC(7925)   Evacuate Collection Set: 33.9ms
[2025-01-09T04:23:35.758+0000][201486.125s][info][gc,phases   ] GC(7925)   Post Evacuate Collection Set: 2.7ms
[2025-01-09T04:23:35.758+0000][201486.125s][info][gc,phases   ] GC(7925)   Other: 0.2ms
[2025-01-09T04:23:35.758+0000][201486.125s][info][gc,heap     ] GC(7925) Eden regions: 911->0(66)
[2025-01-09T04:23:35.758+0000][201486.125s][info][gc,heap     ] GC(7925) Survivor regions: 10->10(116)
[2025-01-09T04:23:35.758+0000][201486.125s][info][gc,heap     ] GC(7925) Old regions: 226->226
[2025-01-09T04:23:35.758+0000][201486.125s][info][gc,heap     ] GC(7925) Archive regions: 2->2
[2025-01-09T04:23:35.758+0000][201486.125s][info][gc,heap     ] GC(7925) Humongous regions: 49->49
[2025-01-09T04:23:35.758+0000][201486.125s][info][gc,metaspace] GC(7925) Metaspace: 524758K(534272K)->524758K(534272K) NonClass: 460826K(465536K)->460826K(465536K) Class: 63932K(68736K)->63932K(68736K)
[2025-01-09T04:23:35.759+0000][201486.125s][info][gc          ] GC(7925) Pause Young (Prepare Mixed) (G1 Evacuation Pause) 9563M->2276M(12288M) 37.759ms
[2025-01-09T04:23:35.759+0000][201486.125s][info][gc,cpu      ] GC(7925) User=0.22s Sys=0.00s Real=0.04s
[2025-01-09T04:23:36.148+0000][201486.514s][info][gc,start    ] GC(7926) Pause Young (Mixed) (G1 Evacuation Pause)
[2025-01-09T04:23:36.148+0000][201486.514s][info][gc,task     ] GC(7926) Using 6 workers of 6 for evacuation
[2025-01-09T04:23:36.213+0000][201486.579s][info][gc,phases   ] GC(7926)   Pre Evacuate Collection Set: 0.2ms
[2025-01-09T04:23:36.213+0000][201486.579s][info][gc,phases   ] GC(7926)   Merge Heap Roots: 0.8ms
[2025-01-09T04:23:36.213+0000][201486.579s][info][gc,phases   ] GC(7926)   Evacuate Collection Set: 61.7ms
[2025-01-09T04:23:36.213+0000][201486.579s][info][gc,phases   ] GC(7926)   Post Evacuate Collection Set: 1.8ms
[2025-01-09T04:23:36.213+0000][201486.579s][info][gc,phases   ] GC(7926)   Other: 0.2ms
[2025-01-09T04:23:36.213+0000][201486.579s][info][gc,heap     ] GC(7926) Eden regions: 66->0(916)
[2025-01-09T04:23:36.213+0000][201486.579s][info][gc,heap     ] GC(7926) Survivor regions: 10->5(10)
[2025-01-09T04:23:36.213+0000][201486.579s][info][gc,heap     ] GC(7926) Old regions: 226->225
[2025-01-09T04:23:36.213+0000][201486.579s][info][gc,heap     ] GC(7926) Archive regions: 2->2
[2025-01-09T04:23:36.213+0000][201486.579s][info][gc,heap     ] GC(7926) Humongous regions: 49->49
[2025-01-09T04:23:36.213+0000][201486.579s][info][gc,metaspace] GC(7926) Metaspace: 524758K(534272K)->524758K(534272K) NonClass: 460826K(465536K)->460826K(465536K) Class: 63932K(68736K)->63932K(68736K)
[2025-01-09T04:23:36.213+0000][201486.579s][info][gc          ] GC(7926) Pause Young (Mixed) (G1 Evacuation Pause) 2804M->2236M(12288M) 64.641ms
[2025-01-09T04:23:36.213+0000][201486.579s][info][gc,cpu      ] GC(7926) User=0.38s Sys=0.00s Real=0.07s
[2025-01-09T04:23:42.518+0000][201492.885s][info][gc,start    ] GC(7927) Pause Young (Normal) (G1 Evacuation Pause)
[2025-01-09T04:23:42.518+0000][201492.885s][info][gc,task     ] GC(7927) Using 6 workers of 6 for evacuation
[2025-01-09T04:23:42.545+0000][201492.911s][info][gc,phases   ] GC(7927)   Pre Evacuate Collection Set: 0.2ms
[2025-01-09T04:23:42.545+0000][201492.911s][info][gc,phases   ] GC(7927)   Merge Heap Roots: 0.5ms
[2025-01-09T04:23:42.545+0000][201492.911s][info][gc,phases   ] GC(7927)   Evacuate Collection Set: 22.2ms
[2025-01-09T04:23:42.545+0000][201492.911s][info][gc,phases   ] GC(7927)   Post Evacuate Collection Set: 3.9ms
[2025-01-09T04:23:42.545+0000][201492.911s][info][gc,phases   ] GC(7927)   Other: 0.2ms
[2025-01-09T04:23:42.545+0000][201492.911s][info][gc,heap     ] GC(7927) Eden regions: 916->0(915)
[2025-01-09T04:23:42.545+0000][201492.911s][info][gc,heap     ] GC(7927) Survivor regions: 5->6(116)
[2025-01-09T04:23:42.545+0000][201492.911s][info][gc,heap     ] GC(7927) Old regions: 225->225
[2025-01-09T04:23:42.545+0000][201492.911s][info][gc,heap     ] GC(7927) Archive regions: 2->2
[2025-01-09T04:23:42.545+0000][201492.911s][info][gc,heap     ] GC(7927) Humongous regions: 49->49
[2025-01-09T04:23:42.545+0000][201492.911s][info][gc,metaspace] GC(7927) Metaspace: 524758K(534272K)->524758K(534272K) NonClass: 460826K(465536K)->460826K(465536K) Class: 63932K(68736K)->63932K(68736K)
[2025-01-09T04:23:42.545+0000][201492.912s][info][gc          ] GC(7927) Pause Young (Normal) (G1 Evacuation Pause) 9564M->2245M(12288M) 26.984ms
[2025-01-09T04:23:42.545+0000][201492.912s][info][gc,cpu      ] GC(7927) User=0.16s Sys=0.00s Real=0.03s
[2025-01-09T04:23:49.587+0000][201499.953s][info][gc,start    ] GC(7928) Pause Young (Normal) (G1 Evacuation Pause)
[2025-01-09T04:23:49.587+0000][201499.953s][info][gc,task     ] GC(7928) Using 6 workers of 6 for evacuation
[2025-01-09T04:23:49.615+0000][201499.981s][info][gc,phases   ] GC(7928)   Pre Evacuate Collection Set: 0.2ms
[2025-01-09T04:23:49.615+0000][201499.981s][info][gc,phases   ] GC(7928)   Merge Heap Roots: 0.4ms
[2025-01-09T04:23:49.615+0000][201499.981s][info][gc,phases   ] GC(7928)   Evacuate Collection Set: 24.7ms
[2025-01-09T04:23:49.615+0000][201499.981s][info][gc,phases   ] GC(7928)   Post Evacuate Collection Set: 2.6ms
[2025-01-09T04:23:49.615+0000][201499.981s][info][gc,phases   ] GC(7928)   Other: 0.2ms
[2025-01-09T04:23:49.615+0000][201499.981s][info][gc,heap     ] GC(7928) Eden regions: 915->0(914)
[2025-01-09T04:23:49.615+0000][201499.981s][info][gc,heap     ] GC(7928) Survivor regions: 6->7(116)
[2025-01-09T04:23:49.615+0000][201499.981s][info][gc,heap     ] GC(7928) Old regions: 225->225
[2025-01-09T04:23:49.615+0000][201499.981s][info][gc,heap     ] GC(7928) Archive regions: 2->2
[2025-01-09T04:23:49.615+0000][201499.981s][info][gc,heap     ] GC(7928) Humongous regions: 49->49
[2025-01-09T04:23:49.615+0000][201499.981s][info][gc,metaspace] GC(7928) Metaspace: 524758K(534272K)->524758K(534272K) NonClass: 460826K(465536K)->460826K(465536K) Class: 63932K(68736K)->63932K(68736K)
[2025-01-09T04:23:49.615+0000][201499.981s][info][gc          ] GC(7928) Pause Young (Normal) (G1 Evacuation Pause) 9565M->2249M(12288M) 28.161ms
[2025-01-09T04:23:49.615+0000][201499.981s][info][gc,cpu      ] GC(7928) User=0.17s Sys=0.00s Real=0.03s
[2025-01-09T04:23:56.126+0000][201506.492s][info][gc,start    ] GC(7929) Pause Young (Concurrent Start) (G1 Evacuation Pause)
[2025-01-09T04:23:56.126+0000][201506.492s][info][gc,task     ] GC(7929) Using 6 workers of 6 for evacuation
[2025-01-09T04:23:56.160+0000][201506.526s][info][gc,phases   ] GC(7929)   Pre Evacuate Collection Set: 1.2ms
[2025-01-09T04:23:56.160+0000][201506.526s][info][gc,phases   ] GC(7929)   Merge Heap Roots: 0.4ms
[2025-01-09T04:23:56.160+0000][201506.526s][info][gc,phases   ] GC(7929)   Evacuate Collection Set: 29.0ms
[2025-01-09T04:23:56.160+0000][201506.526s][info][gc,phases   ] GC(7929)   Post Evacuate Collection Set: 2.7ms
[2025-01-09T04:23:56.160+0000][201506.526s][info][gc,phases   ] GC(7929)   Other: 0.3ms
[2025-01-09T04:23:56.160+0000][201506.526s][info][gc,heap     ] GC(7929) Eden regions: 914->0(913)
[2025-01-09T04:23:56.160+0000][201506.526s][info][gc,heap     ] GC(7929) Survivor regions: 7->8(116)
[2025-01-09T04:23:56.160+0000][201506.526s][info][gc,heap     ] GC(7929) Old regions: 225->225
[2025-01-09T04:23:56.160+0000][201506.526s][info][gc,heap     ] GC(7929) Archive regions: 2->2
[2025-01-09T04:23:56.160+0000][201506.526s][info][gc,heap     ] GC(7929) Humongous regions: 49->49
[2025-01-09T04:23:56.160+0000][201506.526s][info][gc,metaspace] GC(7929) Metaspace: 524761K(534272K)->524761K(534272K) NonClass: 460829K(465536K)->460829K(465536K) Class: 63932K(68736K)->63932K(68736K)
[2025-01-09T04:23:56.160+0000][201506.526s][info][gc          ] GC(7929) Pause Young (Concurrent Start) (G1 Evacuation Pause) 9561M->2259M(12288M) 33.696ms
[2025-01-09T04:23:56.160+0000][201506.526s][info][gc,cpu      ] GC(7929) User=0.19s Sys=0.00s Real=0.03s
[2025-01-09T04:23:56.160+0000][201506.526s][info][gc          ] GC(7930) Concurrent Mark Cycle
[2025-01-09T04:23:56.160+0000][201506.526s][info][gc,marking  ] GC(7930) Concurrent Clear Claimed Marks
[2025-01-09T04:23:56.161+0000][201506.527s][info][gc,marking  ] GC(7930) Concurrent Clear Claimed Marks 0.960ms
[2025-01-09T04:23:56.161+0000][201506.527s][info][gc,marking  ] GC(7930) Concurrent Scan Root Regions
[2025-01-09T04:23:56.191+0000][201506.557s][info][gc,marking  ] GC(7930) Concurrent Scan Root Regions 30.063ms
[2025-01-09T04:23:56.191+0000][201506.557s][info][gc,marking  ] GC(7930) Concurrent Mark
[2025-01-09T04:23:56.191+0000][201506.557s][info][gc,marking  ] GC(7930) Concurrent Mark From Roots
[2025-01-09T04:23:56.191+0000][201506.557s][info][gc,task     ] GC(7930) Using 2 workers of 2 for marking
[2025-01-09T04:23:57.082+0000][201507.448s][info][gc,marking  ] GC(7930) Concurrent Mark From Roots 891.328ms
[2025-01-09T04:23:57.082+0000][201507.448s][info][gc,marking  ] GC(7930) Concurrent Preclean
[2025-01-09T04:23:57.086+0000][201507.452s][info][gc,marking  ] GC(7930) Concurrent Preclean 3.485ms
[2025-01-09T04:23:57.086+0000][201507.452s][info][gc,start    ] GC(7930) Pause Remark
[2025-01-09T04:23:57.111+0000][201507.477s][info][gc          ] GC(7930) Pause Remark 3219M->3219M(12288M) 25.343ms
[2025-01-09T04:23:57.111+0000][201507.477s][info][gc,cpu      ] GC(7930) User=0.14s Sys=0.00s Real=0.03s
[2025-01-09T04:23:57.112+0000][201507.478s][info][gc,marking  ] GC(7930) Concurrent Mark 921.367ms
[2025-01-09T04:23:57.112+0000][201507.478s][info][gc,marking  ] GC(7930) Concurrent Rebuild Remembered Sets
[2025-01-09T04:23:57.660+0000][201508.026s][info][gc,marking  ] GC(7930) Concurrent Rebuild Remembered Sets 547.288ms
[2025-01-09T04:23:57.660+0000][201508.026s][info][gc,start    ] GC(7930) Pause Cleanup
[2025-01-09T04:23:57.660+0000][201508.026s][info][gc          ] GC(7930) Pause Cleanup 3783M->3783M(12288M) 0.389ms
[2025-01-09T04:23:57.660+0000][201508.026s][info][gc,cpu      ] GC(7930) User=0.00s Sys=0.00s Real=0.00s
[2025-01-09T04:23:57.660+0000][201508.026s][info][gc,marking  ] GC(7930) Concurrent Cleanup for Next Mark
[2025-01-09T04:23:57.676+0000][201508.042s][info][gc,marking  ] GC(7930) Concurrent Cleanup for Next Mark 15.371ms
[2025-01-09T04:23:57.676+0000][201508.042s][info][gc          ] GC(7930) Concurrent Mark Cycle 1515.847ms
[2025-01-09T04:24:05.729+0000][201516.095s][info][gc,start    ] GC(7931) Pause Young (Prepare Mixed) (G1 Evacuation Pause)
[2025-01-09T04:24:05.729+0000][201516.095s][info][gc,task     ] GC(7931) Using 6 workers of 6 for evacuation
[2025-01-09T04:24:05.765+0000][201516.131s][info][gc,phases   ] GC(7931)   Pre Evacuate Collection Set: 0.2ms
[2025-01-09T04:24:05.765+0000][201516.131s][info][gc,phases   ] GC(7931)   Merge Heap Roots: 0.7ms
[2025-01-09T04:24:05.765+0000][201516.131s][info][gc,phases   ] GC(7931)   Evacuate Collection Set: 32.4ms
[2025-01-09T04:24:05.765+0000][201516.131s][info][gc,phases   ] GC(7931)   Post Evacuate Collection Set: 2.8ms
[2025-01-09T04:24:05.765+0000][201516.131s][info][gc,phases   ] GC(7931)   Other: 0.2ms
[2025-01-09T04:24:05.765+0000][201516.131s][info][gc,heap     ] GC(7931) Eden regions: 913->0(67)
[2025-01-09T04:24:05.765+0000][201516.131s][info][gc,heap     ] GC(7931) Survivor regions: 8->9(116)
[2025-01-09T04:24:05.765+0000][201516.131s][info][gc,heap     ] GC(7931) Old regions: 225->225
[2025-01-09T04:24:05.765+0000][201516.131s][info][gc,heap     ] GC(7931) Archive regions: 2->2
[2025-01-09T04:24:05.765+0000][201516.131s][info][gc,heap     ] GC(7931) Humongous regions: 49->49
[2025-01-09T04:24:05.765+0000][201516.131s][info][gc,metaspace] GC(7931) Metaspace: 524761K(534272K)->524761K(534272K) NonClass: 460829K(465536K)->460829K(465536K) Class: 63932K(68736K)->63932K(68736K)
[2025-01-09T04:24:05.765+0000][201516.131s][info][gc          ] GC(7931) Pause Young (Prepare Mixed) (G1 Evacuation Pause) 9563M->2265M(12288M) 36.416ms
[2025-01-09T04:24:05.765+0000][201516.132s][info][gc,cpu      ] GC(7931) User=0.21s Sys=0.00s Real=0.04s
[2025-01-09T04:24:06.142+0000][201516.508s][info][gc,start    ] GC(7932) Pause Young (Mixed) (G1 Evacuation Pause)
[2025-01-09T04:24:06.142+0000][201516.508s][info][gc,task     ] GC(7932) Using 6 workers of 6 for evacuation
[2025-01-09T04:24:06.216+0000][201516.582s][info][gc,phases   ] GC(7932)   Pre Evacuate Collection Set: 0.2ms
[2025-01-09T04:24:06.216+0000][201516.582s][info][gc,phases   ] GC(7932)   Merge Heap Roots: 0.8ms
[2025-01-09T04:24:06.216+0000][201516.582s][info][gc,phases   ] GC(7932)   Evacuate Collection Set: 71.3ms
[2025-01-09T04:24:06.216+0000][201516.582s][info][gc,phases   ] GC(7932)   Post Evacuate Collection Set: 1.9ms
[2025-01-09T04:24:06.216+0000][201516.582s][info][gc,phases   ] GC(7932)   Other: 0.2ms
[2025-01-09T04:24:06.216+0000][201516.582s][info][gc,heap     ] GC(7932) Eden regions: 67->0(915)
[2025-01-09T04:24:06.216+0000][201516.582s][info][gc,heap     ] GC(7932) Survivor regions: 9->6(10)
[2025-01-09T04:24:06.216+0000][201516.582s][info][gc,heap     ] GC(7932) Old regions: 225->225
[2025-01-09T04:24:06.216+0000][201516.582s][info][gc,heap     ] GC(7932) Archive regions: 2->2
[2025-01-09T04:24:06.216+0000][201516.582s][info][gc,heap     ] GC(7932) Humongous regions: 49->49
[2025-01-09T04:24:06.216+0000][201516.582s][info][gc,metaspace] GC(7932) Metaspace: 524761K(534272K)->524761K(534272K) NonClass: 460829K(465536K)->460829K(465536K) Class: 63932K(68736K)->63932K(68736K)
[2025-01-09T04:24:06.216+0000][201516.582s][info][gc          ] GC(7932) Pause Young (Mixed) (G1 Evacuation Pause) 2801M->2241M(12288M) 74.455ms
[2025-01-09T04:24:06.216+0000][201516.582s][info][gc,cpu      ] GC(7932) User=0.44s Sys=0.00s Real=0.07s
[2025-01-09T04:24:14.789+0000][201525.155s][info][gc,start    ] GC(7933) Pause Young (Normal) (G1 Evacuation Pause)
[2025-01-09T04:24:14.789+0000][201525.155s][info][gc,task     ] GC(7933) Using 6 workers of 6 for evacuation
[2025-01-09T04:24:14.817+0000][201525.183s][info][gc,phases   ] GC(7933)   Pre Evacuate Collection Set: 0.2ms
[2025-01-09T04:24:14.817+0000][201525.183s][info][gc,phases   ] GC(7933)   Merge Heap Roots: 0.4ms
[2025-01-09T04:24:14.817+0000][201525.183s][info][gc,phases   ] GC(7933)   Evacuate Collection Set: 24.8ms
[2025-01-09T04:24:14.817+0000][201525.183s][info][gc,phases   ] GC(7933)   Post Evacuate Collection Set: 2.6ms
[2025-01-09T04:24:14.817+0000][201525.183s][info][gc,phases   ] GC(7933)   Other: 0.2ms
[2025-01-09T04:24:14.817+0000][201525.183s][info][gc,heap     ] GC(7933) Eden regions: 915->0(914)
[2025-01-09T04:24:14.817+0000][201525.183s][info][gc,heap     ] GC(7933) Survivor regions: 6->7(116)
[2025-01-09T04:24:14.817+0000][201525.183s][info][gc,heap     ] GC(7933) Old regions: 225->225
[2025-01-09T04:24:14.817+0000][201525.183s][info][gc,heap     ] GC(7933) Archive regions: 2->2
[2025-01-09T04:24:14.817+0000][201525.183s][info][gc,heap     ] GC(7933) Humongous regions: 49->49
[2025-01-09T04:24:14.817+0000][201525.183s][info][gc,metaspace] GC(7933) Metaspace: 524761K(534272K)->524761K(534272K) NonClass: 460829K(465536K)->460829K(465536K) Class: 63932K(68736K)->63932K(68736K)
[2025-01-09T04:24:14.817+0000][201525.183s][info][gc          ] GC(7933) Pause Young (Normal) (G1 Evacuation Pause) 9561M->2246M(12288M) 28.294ms
[2025-01-09T04:24:14.817+0000][201525.183s][info][gc,cpu      ] GC(7933) User=0.17s Sys=0.00s Real=0.03s
[2025-01-09T04:24:19.920+0000][201530.286s][info][gc,start    ] GC(7934) Pause Young (Normal) (G1 Evacuation Pause)
[2025-01-09T04:24:19.920+0000][201530.286s][info][gc,task     ] GC(7934) Using 6 workers of 6 for evacuation
[2025-01-09T04:24:19.949+0000][201530.316s][info][gc,phases   ] GC(7934)   Pre Evacuate Collection Set: 0.2ms
[2025-01-09T04:24:19.949+0000][201530.316s][info][gc,phases   ] GC(7934)   Merge Heap Roots: 0.4ms
[2025-01-09T04:24:19.949+0000][201530.316s][info][gc,phases   ] GC(7934)   Evacuate Collection Set: 26.2ms
[2025-01-09T04:24:19.949+0000][201530.316s][info][gc,phases   ] GC(7934)   Post Evacuate Collection Set: 2.4ms
[2025-01-09T04:24:19.950+0000][201530.316s][info][gc,phases   ] GC(7934)   Other: 0.2ms
[2025-01-09T04:24:19.950+0000][201530.316s][info][gc,heap     ] GC(7934) Eden regions: 914->0(913)
[2025-01-09T04:24:19.950+0000][201530.316s][info][gc,heap     ] GC(7934) Survivor regions: 7->8(116)
[2025-01-09T04:24:19.950+0000][201530.316s][info][gc,heap     ] GC(7934) Old regions: 225->225
[2025-01-09T04:24:19.950+0000][201530.316s][info][gc,heap     ] GC(7934) Archive regions: 2->2
[2025-01-09T04:24:19.950+0000][201530.316s][info][gc,heap     ] GC(7934) Humongous regions: 49->49
[2025-01-09T04:24:19.950+0000][201530.316s][info][gc,metaspace] GC(7934) Metaspace: 524761K(534272K)->524761K(534272K) NonClass: 460829K(465536K)->460829K(465536K) Class: 63932K(68736K)->63932K(68736K)
[2025-01-09T04:24:19.950+0000][201530.316s][info][gc          ] GC(7934) Pause Young (Normal) (G1 Evacuation Pause) 9558M->2253M(12288M) 29.609ms
[2025-01-09T04:24:19.950+0000][201530.316s][info][gc,cpu      ] GC(7934) User=0.18s Sys=0.00s Real=0.04s
[2025-01-09T04:24:27.755+0000][201538.121s][info][gc,start    ] GC(7935) Pause Young (Concurrent Start) (G1 Evacuation Pause)
[2025-01-09T04:24:27.755+0000][201538.121s][info][gc,task     ] GC(7935) Using 6 workers of 6 for evacuation
[2025-01-09T04:24:27.791+0000][201538.157s][info][gc,phases   ] GC(7935)   Pre Evacuate Collection Set: 1.2ms
[2025-01-09T04:24:27.791+0000][201538.157s][info][gc,phases   ] GC(7935)   Merge Heap Roots: 0.5ms
[2025-01-09T04:24:27.791+0000][201538.157s][info][gc,phases   ] GC(7935)   Evacuate Collection Set: 28.8ms
[2025-01-09T04:24:27.791+0000][201538.157s][info][gc,phases   ] GC(7935)   Post Evacuate Collection Set: 5.3ms
[2025-01-09T04:24:27.791+0000][201538.157s][info][gc,phases   ] GC(7935)   Other: 0.3ms
[2025-01-09T04:24:27.791+0000][201538.157s][info][gc,heap     ] GC(7935) Eden regions: 913->0(911)
[2025-01-09T04:24:27.791+0000][201538.157s][info][gc,heap     ] GC(7935) Survivor regions: 8->10(116)
[2025-01-09T04:24:27.791+0000][201538.157s][info][gc,heap     ] GC(7935) Old regions: 225->225
[2025-01-09T04:24:27.791+0000][201538.157s][info][gc,heap     ] GC(7935) Archive regions: 2->2
[2025-01-09T04:24:27.791+0000][201538.157s][info][gc,heap     ] GC(7935) Humongous regions: 49->49
[2025-01-09T04:24:27.791+0000][201538.157s][info][gc,metaspace] GC(7935) Metaspace: 524761K(534272K)->524761K(534272K) NonClass: 460829K(465536K)->460829K(465536K) Class: 63932K(68736K)->63932K(68736K)
[2025-01-09T04:24:27.791+0000][201538.157s][info][gc          ] GC(7935) Pause Young (Concurrent Start) (G1 Evacuation Pause) 9557M->2272M(12288M) 36.140ms
[2025-01-09T04:24:27.791+0000][201538.157s][info][gc,cpu      ] GC(7935) User=0.20s Sys=0.00s Real=0.04s
[2025-01-09T04:24:27.791+0000][201538.157s][info][gc          ] GC(7936) Concurrent Mark Cycle
[2025-01-09T04:24:27.791+0000][201538.157s][info][gc,marking  ] GC(7936) Concurrent Clear Claimed Marks
[2025-01-09T04:24:27.792+0000][201538.158s][info][gc,marking  ] GC(7936) Concurrent Clear Claimed Marks 0.942ms
[2025-01-09T04:24:27.792+0000][201538.158s][info][gc,marking  ] GC(7936) Concurrent Scan Root Regions
[2025-01-09T04:24:27.818+0000][201538.184s][info][gc,marking  ] GC(7936) Concurrent Scan Root Regions 25.882ms
[2025-01-09T04:24:27.818+0000][201538.184s][info][gc,marking  ] GC(7936) Concurrent Mark
[2025-01-09T04:24:27.818+0000][201538.184s][info][gc,marking  ] GC(7936) Concurrent Mark From Roots
[2025-01-09T04:24:27.818+0000][201538.184s][info][gc,task     ] GC(7936) Using 2 workers of 2 for marking
[2025-01-09T04:24:28.638+0000][201539.004s][info][gc,marking  ] GC(7936) Concurrent Mark From Roots 820.428ms
[2025-01-09T04:24:28.638+0000][201539.004s][info][gc,marking  ] GC(7936) Concurrent Preclean
[2025-01-09T04:24:28.641+0000][201539.007s][info][gc,marking  ] GC(7936) Concurrent Preclean 2.662ms
[2025-01-09T04:24:28.641+0000][201539.007s][info][gc,start    ] GC(7936) Pause Remark
[2025-01-09T04:24:28.667+0000][201539.033s][info][gc          ] GC(7936) Pause Remark 3224M->3224M(12288M) 25.955ms
[2025-01-09T04:24:28.667+0000][201539.033s][info][gc,cpu      ] GC(7936) User=0.14s Sys=0.00s Real=0.03s
[2025-01-09T04:24:28.667+0000][201539.033s][info][gc,marking  ] GC(7936) Concurrent Mark 849.470ms
[2025-01-09T04:24:28.667+0000][201539.033s][info][gc,marking  ] GC(7936) Concurrent Rebuild Remembered Sets
[2025-01-09T04:24:29.240+0000][201539.606s][info][gc,marking  ] GC(7936) Concurrent Rebuild Remembered Sets 572.524ms
[2025-01-09T04:24:29.240+0000][201539.606s][info][gc,start    ] GC(7936) Pause Cleanup
[2025-01-09T04:24:29.240+0000][201539.606s][info][gc          ] GC(7936) Pause Cleanup 3892M->3892M(12288M) 0.433ms
[2025-01-09T04:24:29.240+0000][201539.606s][info][gc,cpu      ] GC(7936) User=0.00s Sys=0.00s Real=0.00s
[2025-01-09T04:24:29.240+0000][201539.606s][info][gc,marking  ] GC(7936) Concurrent Cleanup for Next Mark
[2025-01-09T04:24:29.256+0000][201539.622s][info][gc,marking  ] GC(7936) Concurrent Cleanup for Next Mark 15.418ms
[2025-01-09T04:24:29.256+0000][201539.622s][info][gc          ] GC(7936) Concurrent Mark Cycle 1465.017ms
[2025-01-09T04:24:37.269+0000][201547.635s][info][gc,start    ] GC(7937) Pause Young (Prepare Mixed) (G1 Evacuation Pause)
[2025-01-09T04:24:37.269+0000][201547.635s][info][gc,task     ] GC(7937) Using 6 workers of 6 for evacuation
[2025-01-09T04:24:37.307+0000][201547.673s][info][gc,phases   ] GC(7937)   Pre Evacuate Collection Set: 0.3ms
[2025-01-09T04:24:37.307+0000][201547.673s][info][gc,phases   ] GC(7937)   Merge Heap Roots: 0.7ms
[2025-01-09T04:24:37.307+0000][201547.673s][info][gc,phases   ] GC(7937)   Evacuate Collection Set: 33.0ms
[2025-01-09T04:24:37.307+0000][201547.673s][info][gc,phases   ] GC(7937)   Post Evacuate Collection Set: 4.1ms
[2025-01-09T04:24:37.307+0000][201547.673s][info][gc,phases   ] GC(7937)   Other: 0.2ms
[2025-01-09T04:24:37.307+0000][201547.673s][info][gc,heap     ] GC(7937) Eden regions: 911->0(65)
[2025-01-09T04:24:37.307+0000][201547.673s][info][gc,heap     ] GC(7937) Survivor regions: 10->11(116)
[2025-01-09T04:24:37.307+0000][201547.673s][info][gc,heap     ] GC(7937) Old regions: 225->225
[2025-01-09T04:24:37.307+0000][201547.673s][info][gc,heap     ] GC(7937) Archive regions: 2->2
[2025-01-09T04:24:37.307+0000][201547.673s][info][gc,heap     ] GC(7937) Humongous regions: 49->49
[2025-01-09T04:24:37.307+0000][201547.673s][info][gc,metaspace] GC(7937) Metaspace: 524761K(534272K)->524761K(534272K) NonClass: 460829K(465536K)->460829K(465536K) Class: 63932K(68736K)->63932K(68736K)
[2025-01-09T04:24:37.307+0000][201547.673s][info][gc          ] GC(7937) Pause Young (Prepare Mixed) (G1 Evacuation Pause) 9560M->2277M(12288M) 38.333ms
[2025-01-09T04:24:37.307+0000][201547.673s][info][gc,cpu      ] GC(7937) User=0.23s Sys=0.00s Real=0.04s
[2025-01-09T04:24:37.839+0000][201548.205s][info][gc,start    ] GC(7938) Pause Young (Mixed) (G1 Evacuation Pause)
[2025-01-09T04:24:37.839+0000][201548.205s][info][gc,task     ] GC(7938) Using 6 workers of 6 for evacuation
[2025-01-09T04:24:37.885+0000][201548.251s][info][gc,phases   ] GC(7938)   Pre Evacuate Collection Set: 0.2ms
[2025-01-09T04:24:37.885+0000][201548.251s][info][gc,phases   ] GC(7938)   Merge Heap Roots: 0.5ms
[2025-01-09T04:24:37.885+0000][201548.251s][info][gc,phases   ] GC(7938)   Evacuate Collection Set: 42.9ms
[2025-01-09T04:24:37.885+0000][201548.251s][info][gc,phases   ] GC(7938)   Post Evacuate Collection Set: 1.6ms
[2025-01-09T04:24:37.885+0000][201548.251s][info][gc,phases   ] GC(7938)   Other: 0.2ms
[2025-01-09T04:24:37.885+0000][201548.251s][info][gc,heap     ] GC(7938) Eden regions: 65->0(915)
[2025-01-09T04:24:37.885+0000][201548.251s][info][gc,heap     ] GC(7938) Survivor regions: 11->6(10)
[2025-01-09T04:24:37.885+0000][201548.251s][info][gc,heap     ] GC(7938) Old regions: 225->224
[2025-01-09T04:24:37.885+0000][201548.251s][info][gc,heap     ] GC(7938) Archive regions: 2->2
[2025-01-09T04:24:37.885+0000][201548.251s][info][gc,heap     ] GC(7938) Humongous regions: 49->49
[2025-01-09T04:24:37.885+0000][201548.251s][info][gc,metaspace] GC(7938) Metaspace: 524761K(534272K)->524761K(534272K) NonClass: 460829K(465536K)->460829K(465536K) Class: 63932K(68736K)->63932K(68736K)
[2025-01-09T04:24:37.885+0000][201548.251s][info][gc          ] GC(7938) Pause Young (Mixed) (G1 Evacuation Pause) 2797M->2228M(12288M) 45.495ms
[2025-01-09T04:24:37.885+0000][201548.251s][info][gc,cpu      ] GC(7938) User=0.26s Sys=0.01s Real=0.05s
[2025-01-09T04:24:44.118+0000][201554.484s][info][gc,start    ] GC(7939) Pause Young (Normal) (G1 Evacuation Pause)
[2025-01-09T04:24:44.118+0000][201554.484s][info][gc,task     ] GC(7939) Using 6 workers of 6 for evacuation
[2025-01-09T04:24:44.144+0000][201554.510s][info][gc,phases   ] GC(7939)   Pre Evacuate Collection Set: 0.2ms
[2025-01-09T04:24:44.144+0000][201554.510s][info][gc,phases   ] GC(7939)   Merge Heap Roots: 0.4ms
[2025-01-09T04:24:44.144+0000][201554.510s][info][gc,phases   ] GC(7939)   Evacuate Collection Set: 22.5ms
[2025-01-09T04:24:44.144+0000][201554.510s][info][gc,phases   ] GC(7939)   Post Evacuate Collection Set: 2.7ms
[2025-01-09T04:24:44.144+0000][201554.510s][info][gc,phases   ] GC(7939)   Other: 0.2ms
[2025-01-09T04:24:44.144+0000][201554.510s][info][gc,heap     ] GC(7939) Eden regions: 915->0(915)
[2025-01-09T04:24:44.144+0000][201554.510s][info][gc,heap     ] GC(7939) Survivor regions: 6->6(116)
[2025-01-09T04:24:44.144+0000][201554.510s][info][gc,heap     ] GC(7939) Old regions: 224->224
[2025-01-09T04:24:44.144+0000][201554.510s][info][gc,heap     ] GC(7939) Archive regions: 2->2
[2025-01-09T04:24:44.144+0000][201554.510s][info][gc,heap     ] GC(7939) Humongous regions: 49->49
[2025-01-09T04:24:44.144+0000][201554.510s][info][gc,metaspace] GC(7939) Metaspace: 524775K(534272K)->524775K(534272K) NonClass: 460843K(465536K)->460843K(465536K) Class: 63932K(68736K)->63932K(68736K)
[2025-01-09T04:24:44.144+0000][201554.510s][info][gc          ] GC(7939) Pause Young (Normal) (G1 Evacuation Pause) 9548M->2233M(12288M) 26.128ms
[2025-01-09T04:24:44.144+0000][201554.510s][info][gc,cpu      ] GC(7939) User=0.15s Sys=0.01s Real=0.03s
[2025-01-09T04:24:51.900+0000][201562.266s][info][gc,start    ] GC(7940) Pause Young (Normal) (G1 Evacuation Pause)
[2025-01-09T04:24:51.900+0000][201562.266s][info][gc,task     ] GC(7940) Using 6 workers of 6 for evacuation
[2025-01-09T04:24:51.929+0000][201562.295s][info][gc,phases   ] GC(7940)   Pre Evacuate Collection Set: 0.2ms
[2025-01-09T04:24:51.929+0000][201562.295s][info][gc,phases   ] GC(7940)   Merge Heap Roots: 0.4ms
[2025-01-09T04:24:51.929+0000][201562.295s][info][gc,phases   ] GC(7940)   Evacuate Collection Set: 25.4ms
[2025-01-09T04:24:51.929+0000][201562.295s][info][gc,phases   ] GC(7940)   Post Evacuate Collection Set: 2.5ms
[2025-01-09T04:24:51.929+0000][201562.295s][info][gc,phases   ] GC(7940)   Other: 0.2ms
[2025-01-09T04:24:51.929+0000][201562.295s][info][gc,heap     ] GC(7940) Eden regions: 915->0(913)
[2025-01-09T04:24:51.929+0000][201562.295s][info][gc,heap     ] GC(7940) Survivor regions: 6->8(116)
[2025-01-09T04:24:51.929+0000][201562.295s][info][gc,heap     ] GC(7940) Old regions: 224->224
[2025-01-09T04:24:51.929+0000][201562.295s][info][gc,heap     ] GC(7940) Archive regions: 2->2
[2025-01-09T04:24:51.929+0000][201562.295s][info][gc,heap     ] GC(7940) Humongous regions: 49->49
[2025-01-09T04:24:51.929+0000][201562.295s][info][gc,metaspace] GC(7940) Metaspace: 524776K(534272K)->524776K(534272K) NonClass: 460844K(465536K)->460844K(465536K) Class: 63932K(68736K)->63932K(68736K)
[2025-01-09T04:24:51.929+0000][201562.295s][info][gc          ] GC(7940) Pause Young (Normal) (G1 Evacuation Pause) 9553M->2246M(12288M) 28.791ms
[2025-01-09T04:24:51.929+0000][201562.295s][info][gc,cpu      ] GC(7940) User=0.17s Sys=0.00s Real=0.03s
[2025-01-09T04:24:59.143+0000][201569.510s][info][gc,start    ] GC(7941) Pause Young (Concurrent Start) (G1 Evacuation Pause)
[2025-01-09T04:24:59.144+0000][201569.510s][info][gc,task     ] GC(7941) Using 6 workers of 6 for evacuation
[2025-01-09T04:24:59.176+0000][201569.542s][info][gc,phases   ] GC(7941)   Pre Evacuate Collection Set: 1.1ms
[2025-01-09T04:24:59.176+0000][201569.542s][info][gc,phases   ] GC(7941)   Merge Heap Roots: 0.4ms
[2025-01-09T04:24:59.176+0000][201569.542s][info][gc,phases   ] GC(7941)   Evacuate Collection Set: 28.0ms
[2025-01-09T04:24:59.176+0000][201569.542s][info][gc,phases   ] GC(7941)   Post Evacuate Collection Set: 2.6ms
[2025-01-09T04:24:59.176+0000][201569.542s][info][gc,phases   ] GC(7941)   Other: 0.3ms
[2025-01-09T04:24:59.176+0000][201569.542s][info][gc,heap     ] GC(7941) Eden regions: 913->0(912)
[2025-01-09T04:24:59.176+0000][201569.542s][info][gc,heap     ] GC(7941) Survivor regions: 8->9(116)
[2025-01-09T04:24:59.176+0000][201569.542s][info][gc,heap     ] GC(7941) Old regions: 224->224
[2025-01-09T04:24:59.176+0000][201569.542s][info][gc,heap     ] GC(7941) Archive regions: 2->2
[2025-01-09T04:24:59.176+0000][201569.542s][info][gc,heap     ] GC(7941) Humongous regions: 49->49
[2025-01-09T04:24:59.176+0000][201569.542s][info][gc,metaspace] GC(7941) Metaspace: 524776K(534272K)->524776K(534272K) NonClass: 460844K(465536K)->460844K(465536K) Class: 63932K(68736K)->63932K(68736K)
[2025-01-09T04:24:59.176+0000][201569.542s][info][gc          ] GC(7941) Pause Young (Concurrent Start) (G1 Evacuation Pause) 9550M->2251M(12288M) 32.588ms
[2025-01-09T04:24:59.176+0000][201569.542s][info][gc,cpu      ] GC(7941) User=0.18s Sys=0.00s Real=0.03s
[2025-01-09T04:24:59.176+0000][201569.542s][info][gc          ] GC(7942) Concurrent Mark Cycle
[2025-01-09T04:24:59.176+0000][201569.542s][info][gc,marking  ] GC(7942) Concurrent Clear Claimed Marks
[2025-01-09T04:24:59.177+0000][201569.543s][info][gc,marking  ] GC(7942) Concurrent Clear Claimed Marks 0.955ms
[2025-01-09T04:24:59.177+0000][201569.543s][info][gc,marking  ] GC(7942) Concurrent Scan Root Regions
[2025-01-09T04:24:59.200+0000][201569.567s][info][gc,marking  ] GC(7942) Concurrent Scan Root Regions 23.324ms
[2025-01-09T04:24:59.200+0000][201569.567s][info][gc,marking  ] GC(7942) Concurrent Mark
[2025-01-09T04:24:59.200+0000][201569.567s][info][gc,marking  ] GC(7942) Concurrent Mark From Roots
[2025-01-09T04:24:59.200+0000][201569.567s][info][gc,task     ] GC(7942) Using 2 workers of 2 for marking
[2025-01-09T04:25:00.263+0000][201570.629s][info][gc,marking  ] GC(7942) Concurrent Mark From Roots 1062.836ms
[2025-01-09T04:25:00.263+0000][201570.629s][info][gc,marking  ] GC(7942) Concurrent Preclean
[2025-01-09T04:25:00.267+0000][201570.633s][info][gc,marking  ] GC(7942) Concurrent Preclean 3.482ms
[2025-01-09T04:25:00.267+0000][201570.633s][info][gc,start    ] GC(7942) Pause Remark
[2025-01-09T04:25:00.293+0000][201570.659s][info][gc          ] GC(7942) Pause Remark 3776M->3776M(12288M) 25.515ms
[2025-01-09T04:25:00.293+0000][201570.659s][info][gc,cpu      ] GC(7942) User=0.14s Sys=0.00s Real=0.03s
[2025-01-09T04:25:00.293+0000][201570.659s][info][gc,marking  ] GC(7942) Concurrent Mark 1092.280ms
[2025-01-09T04:25:00.293+0000][201570.659s][info][gc,marking  ] GC(7942) Concurrent Rebuild Remembered Sets
[2025-01-09T04:25:00.934+0000][201571.300s][info][gc,marking  ] GC(7942) Concurrent Rebuild Remembered Sets 641.177ms
[2025-01-09T04:25:00.934+0000][201571.300s][info][gc,start    ] GC(7942) Pause Cleanup
[2025-01-09T04:25:00.935+0000][201571.301s][info][gc          ] GC(7942) Pause Cleanup 4731M->4731M(12288M) 0.446ms
[2025-01-09T04:25:00.935+0000][201571.301s][info][gc,cpu      ] GC(7942) User=0.00s Sys=0.00s Real=0.00s
[2025-01-09T04:25:00.935+0000][201571.301s][info][gc,marking  ] GC(7942) Concurrent Cleanup for Next Mark
[2025-01-09T04:25:00.950+0000][201571.316s][info][gc,marking  ] GC(7942) Concurrent Cleanup for Next Mark 15.436ms
[2025-01-09T04:25:00.950+0000][201571.316s][info][gc          ] GC(7942) Concurrent Mark Cycle 1774.003ms
[2025-01-09T04:25:06.195+0000][201576.561s][info][gc,start    ] GC(7943) Pause Young (Prepare Mixed) (G1 Evacuation Pause)
[2025-01-09T04:25:06.195+0000][201576.561s][info][gc,task     ] GC(7943) Using 6 workers of 6 for evacuation
[2025-01-09T04:25:06.235+0000][201576.601s][info][gc,phases   ] GC(7943)   Pre Evacuate Collection Set: 0.2ms
[2025-01-09T04:25:06.235+0000][201576.601s][info][gc,phases   ] GC(7943)   Merge Heap Roots: 0.7ms
[2025-01-09T04:25:06.235+0000][201576.601s][info][gc,phases   ] GC(7943)   Evacuate Collection Set: 36.7ms
[2025-01-09T04:25:06.235+0000][201576.601s][info][gc,phases   ] GC(7943)   Post Evacuate Collection Set: 2.7ms
[2025-01-09T04:25:06.235+0000][201576.601s][info][gc,phases   ] GC(7943)   Other: 0.2ms
[2025-01-09T04:25:06.235+0000][201576.601s][info][gc,heap     ] GC(7943) Eden regions: 912->0(65)
[2025-01-09T04:25:06.235+0000][201576.601s][info][gc,heap     ] GC(7943) Survivor regions: 9->11(116)
[2025-01-09T04:25:06.235+0000][201576.601s][info][gc,heap     ] GC(7943) Old regions: 224->224
[2025-01-09T04:25:06.235+0000][201576.601s][info][gc,heap     ] GC(7943) Archive regions: 2->2
[2025-01-09T04:25:06.235+0000][201576.601s][info][gc,heap     ] GC(7943) Humongous regions: 49->49
[2025-01-09T04:25:06.235+0000][201576.601s][info][gc,metaspace] GC(7943) Metaspace: 524776K(534272K)->524776K(534272K) NonClass: 460844K(465536K)->460844K(465536K) Class: 63932K(68736K)->63932K(68736K)
[2025-01-09T04:25:06.235+0000][201576.601s][info][gc          ] GC(7943) Pause Young (Prepare Mixed) (G1 Evacuation Pause) 9547M->2271M(12288M) 40.586ms
[2025-01-09T04:25:06.235+0000][201576.601s][info][gc,cpu      ] GC(7943) User=0.24s Sys=0.00s Real=0.04s
[2025-01-09T04:25:06.657+0000][201577.023s][info][gc,start    ] GC(7944) Pause Young (Mixed) (G1 Evacuation Pause)
[2025-01-09T04:25:06.657+0000][201577.023s][info][gc,task     ] GC(7944) Using 6 workers of 6 for evacuation
[2025-01-09T04:25:06.717+0000][201577.083s][info][gc,phases   ] GC(7944)   Pre Evacuate Collection Set: 0.2ms
[2025-01-09T04:25:06.717+0000][201577.083s][info][gc,phases   ] GC(7944)   Merge Heap Roots: 0.7ms
[2025-01-09T04:25:06.717+0000][201577.083s][info][gc,phases   ] GC(7944)   Evacuate Collection Set: 57.6ms
[2025-01-09T04:25:06.717+0000][201577.083s][info][gc,phases   ] GC(7944)   Post Evacuate Collection Set: 1.4ms
[2025-01-09T04:25:06.717+0000][201577.083s][info][gc,phases   ] GC(7944)   Other: 0.2ms
[2025-01-09T04:25:06.717+0000][201577.083s][info][gc,heap     ] GC(7944) Eden regions: 65->0(919)
[2025-01-09T04:25:06.717+0000][201577.083s][info][gc,heap     ] GC(7944) Survivor regions: 11->2(10)
[2025-01-09T04:25:06.717+0000][201577.083s][info][gc,heap     ] GC(7944) Old regions: 224->227
[2025-01-09T04:25:06.717+0000][201577.083s][info][gc,heap     ] GC(7944) Archive regions: 2->2
[2025-01-09T04:25:06.717+0000][201577.083s][info][gc,heap     ] GC(7944) Humongous regions: 49->49
[2025-01-09T04:25:06.717+0000][201577.083s][info][gc,metaspace] GC(7944) Metaspace: 524776K(534272K)->524776K(534272K) NonClass: 460844K(465536K)->460844K(465536K) Class: 63932K(68736K)->63932K(68736K)
[2025-01-09T04:25:06.717+0000][201577.083s][info][gc          ] GC(7944) Pause Young (Mixed) (G1 Evacuation Pause) 2791M->2228M(12288M) 60.155ms
[2025-01-09T04:25:06.717+0000][201577.083s][info][gc,cpu      ] GC(7944) User=0.35s Sys=0.00s Real=0.06s
[2025-01-09T04:25:16.712+0000][201587.078s][info][gc,start    ] GC(7945) Pause Young (Normal) (G1 Evacuation Pause)
[2025-01-09T04:25:16.712+0000][201587.078s][info][gc,task     ] GC(7945) Using 6 workers of 6 for evacuation
[2025-01-09T04:25:16.735+0000][201587.101s][info][gc,phases   ] GC(7945)   Pre Evacuate Collection Set: 0.2ms
[2025-01-09T04:25:16.735+0000][201587.101s][info][gc,phases   ] GC(7945)   Merge Heap Roots: 0.4ms
[2025-01-09T04:25:16.735+0000][201587.101s][info][gc,phases   ] GC(7945)   Evacuate Collection Set: 19.3ms
[2025-01-09T04:25:16.735+0000][201587.101s][info][gc,phases   ] GC(7945)   Post Evacuate Collection Set: 2.6ms
[2025-01-09T04:25:16.735+0000][201587.101s][info][gc,phases   ] GC(7945)   Other: 0.2ms
[2025-01-09T04:25:16.735+0000][201587.101s][info][gc,heap     ] GC(7945) Eden regions: 919->0(916)
[2025-01-09T04:25:16.735+0000][201587.101s][info][gc,heap     ] GC(7945) Survivor regions: 2->5(116)
[2025-01-09T04:25:16.735+0000][201587.101s][info][gc,heap     ] GC(7945) Old regions: 227->227
[2025-01-09T04:25:16.735+0000][201587.101s][info][gc,heap     ] GC(7945) Archive regions: 2->2
[2025-01-09T04:25:16.735+0000][201587.101s][info][gc,heap     ] GC(7945) Humongous regions: 49->49
[2025-01-09T04:25:16.735+0000][201587.101s][info][gc,metaspace] GC(7945) Metaspace: 524776K(534272K)->524776K(534272K) NonClass: 460844K(465536K)->460844K(465536K) Class: 63932K(68736K)->63932K(68736K)
[2025-01-09T04:25:16.735+0000][201587.101s][info][gc          ] GC(7945) Pause Young (Normal) (G1 Evacuation Pause) 9580M->2249M(12288M) 22.843ms
[2025-01-09T04:25:16.735+0000][201587.101s][info][gc,cpu      ] GC(7945) User=0.13s Sys=0.00s Real=0.02s
[2025-01-09T04:25:26.040+0000][201596.406s][info][gc,start    ] GC(7946) Pause Young (Normal) (G1 Evacuation Pause)
[2025-01-09T04:25:26.040+0000][201596.406s][info][gc,task     ] GC(7946) Using 6 workers of 6 for evacuation
[2025-01-09T04:25:26.071+0000][201596.437s][info][gc,phases   ] GC(7946)   Pre Evacuate Collection Set: 0.2ms
[2025-01-09T04:25:26.071+0000][201596.437s][info][gc,phases   ] GC(7946)   Merge Heap Roots: 0.4ms
[2025-01-09T04:25:26.071+0000][201596.437s][info][gc,phases   ] GC(7946)   Evacuate Collection Set: 24.5ms
[2025-01-09T04:25:26.071+0000][201596.437s][info][gc,phases   ] GC(7946)   Post Evacuate Collection Set: 5.4ms
[2025-01-09T04:25:26.071+0000][201596.437s][info][gc,phases   ] GC(7946)   Other: 0.2ms
[2025-01-09T04:25:26.071+0000][201596.437s][info][gc,heap     ] GC(7946) Eden regions: 916->0(912)
[2025-01-09T04:25:26.071+0000][201596.437s][info][gc,heap     ] GC(7946) Survivor regions: 5->9(116)
[2025-01-09T04:25:26.071+0000][201596.437s][info][gc,heap     ] GC(7946) Old regions: 227->227
[2025-01-09T04:25:26.071+0000][201596.437s][info][gc,heap     ] GC(7946) Archive regions: 2->2
[2025-01-09T04:25:26.071+0000][201596.437s][info][gc,heap     ] GC(7946) Humongous regions: 49->49
[2025-01-09T04:25:26.071+0000][201596.437s][info][gc,metaspace] GC(7946) Metaspace: 524776K(534272K)->524776K(534272K) NonClass: 460844K(465536K)->460844K(465536K) Class: 63932K(68736K)->63932K(68736K)
[2025-01-09T04:25:26.071+0000][201596.437s][info][gc          ] GC(7946) Pause Young (Normal) (G1 Evacuation Pause) 9577M->2277M(12288M) 30.785ms
[2025-01-09T04:25:26.071+0000][201596.437s][info][gc,cpu      ] GC(7946) User=0.18s Sys=0.00s Real=0.04s
[2025-01-09T04:25:33.445+0000][201603.812s][info][gc,start    ] GC(7947) Pause Young (Concurrent Start) (G1 Evacuation Pause)
[2025-01-09T04:25:33.446+0000][201603.812s][info][gc,task     ] GC(7947) Using 6 workers of 6 for evacuation
[2025-01-09T04:25:33.482+0000][201603.848s][info][gc,phases   ] GC(7947)   Pre Evacuate Collection Set: 1.2ms
[2025-01-09T04:25:33.482+0000][201603.848s][info][gc,phases   ] GC(7947)   Merge Heap Roots: 0.5ms
[2025-01-09T04:25:33.482+0000][201603.848s][info][gc,phases   ] GC(7947)   Evacuate Collection Set: 30.8ms
[2025-01-09T04:25:33.482+0000][201603.848s][info][gc,phases   ] GC(7947)   Post Evacuate Collection Set: 4.0ms
[2025-01-09T04:25:33.482+0000][201603.848s][info][gc,phases   ] GC(7947)   Other: 0.3ms
[2025-01-09T04:25:33.482+0000][201603.848s][info][gc,heap     ] GC(7947) Eden regions: 912->0(911)
[2025-01-09T04:25:33.482+0000][201603.848s][info][gc,heap     ] GC(7947) Survivor regions: 9->10(116)
[2025-01-09T04:25:33.482+0000][201603.848s][info][gc,heap     ] GC(7947) Old regions: 227->227
[2025-01-09T04:25:33.482+0000][201603.848s][info][gc,heap     ] GC(7947) Archive regions: 2->2
[2025-01-09T04:25:33.482+0000][201603.848s][info][gc,heap     ] GC(7947) Humongous regions: 49->49
[2025-01-09T04:25:33.482+0000][201603.848s][info][gc,metaspace] GC(7947) Metaspace: 524776K(534272K)->524776K(534272K) NonClass: 460844K(465536K)->460844K(465536K) Class: 63932K(68736K)->63932K(68736K)
[2025-01-09T04:25:33.482+0000][201603.848s][info][gc          ] GC(7947) Pause Young (Concurrent Start) (G1 Evacuation Pause) 9573M->2289M(12288M) 36.889ms
[2025-01-09T04:25:33.482+0000][201603.849s][info][gc,cpu      ] GC(7947) User=0.21s Sys=0.00s Real=0.04s
[2025-01-09T04:25:33.482+0000][201603.849s][info][gc          ] GC(7948) Concurrent Mark Cycle
[2025-01-09T04:25:33.482+0000][201603.849s][info][gc,marking  ] GC(7948) Concurrent Clear Claimed Marks
[2025-01-09T04:25:33.483+0000][201603.850s][info][gc,marking  ] GC(7948) Concurrent Clear Claimed Marks 0.981ms
[2025-01-09T04:25:33.483+0000][201603.850s][info][gc,marking  ] GC(7948) Concurrent Scan Root Regions
[2025-01-09T04:25:33.509+0000][201603.875s][info][gc,marking  ] GC(7948) Concurrent Scan Root Regions 25.106ms
[2025-01-09T04:25:33.509+0000][201603.875s][info][gc,marking  ] GC(7948) Concurrent Mark
[2025-01-09T04:25:33.509+0000][201603.875s][info][gc,marking  ] GC(7948) Concurrent Mark From Roots
[2025-01-09T04:25:33.509+0000][201603.875s][info][gc,task     ] GC(7948) Using 2 workers of 2 for marking
[2025-01-09T04:25:34.331+0000][201604.697s][info][gc,marking  ] GC(7948) Concurrent Mark From Roots 821.941ms
[2025-01-09T04:25:34.331+0000][201604.697s][info][gc,marking  ] GC(7948) Concurrent Preclean
[2025-01-09T04:25:34.333+0000][201604.700s][info][gc,marking  ] GC(7948) Concurrent Preclean 2.884ms
[2025-01-09T04:25:34.334+0000][201604.700s][info][gc,start    ] GC(7948) Pause Remark
[2025-01-09T04:25:34.360+0000][201604.726s][info][gc          ] GC(7948) Pause Remark 3293M->3293M(12288M) 26.306ms
[2025-01-09T04:25:34.360+0000][201604.726s][info][gc,cpu      ] GC(7948) User=0.15s Sys=0.00s Real=0.02s
[2025-01-09T04:25:34.360+0000][201604.726s][info][gc,marking  ] GC(7948) Concurrent Mark 851.504ms
[2025-01-09T04:25:34.360+0000][201604.726s][info][gc,marking  ] GC(7948) Concurrent Rebuild Remembered Sets
[2025-01-09T04:25:34.952+0000][201605.318s][info][gc,marking  ] GC(7948) Concurrent Rebuild Remembered Sets 591.674ms
[2025-01-09T04:25:34.952+0000][201605.318s][info][gc,start    ] GC(7948) Pause Cleanup
[2025-01-09T04:25:34.952+0000][201605.319s][info][gc          ] GC(7948) Pause Cleanup 3737M->3737M(12288M) 0.468ms
[2025-01-09T04:25:34.952+0000][201605.319s][info][gc,cpu      ] GC(7948) User=0.00s Sys=0.00s Real=0.00s
[2025-01-09T04:25:34.953+0000][201605.319s][info][gc,marking  ] GC(7948) Concurrent Cleanup for Next Mark
[2025-01-09T04:25:34.969+0000][201605.335s][info][gc,marking  ] GC(7948) Concurrent Cleanup for Next Mark 16.117ms
[2025-01-09T04:25:34.969+0000][201605.335s][info][gc          ] GC(7948) Concurrent Mark Cycle 1486.277ms
[2025-01-09T04:25:42.013+0000][201612.379s][info][gc,start    ] GC(7949) Pause Young (Prepare Mixed) (G1 Evacuation Pause)
[2025-01-09T04:25:42.013+0000][201612.379s][info][gc,task     ] GC(7949) Using 6 workers of 6 for evacuation
[2025-01-09T04:25:42.049+0000][201612.415s][info][gc,phases   ] GC(7949)   Pre Evacuate Collection Set: 0.2ms
[2025-01-09T04:25:42.049+0000][201612.415s][info][gc,phases   ] GC(7949)   Merge Heap Roots: 0.7ms
[2025-01-09T04:25:42.049+0000][201612.415s][info][gc,phases   ] GC(7949)   Evacuate Collection Set: 32.2ms
[2025-01-09T04:25:42.049+0000][201612.415s][info][gc,phases   ] GC(7949)   Post Evacuate Collection Set: 2.8ms
[2025-01-09T04:25:42.049+0000][201612.415s][info][gc,phases   ] GC(7949)   Other: 0.2ms
[2025-01-09T04:25:42.049+0000][201612.415s][info][gc,heap     ] GC(7949) Eden regions: 911->0(66)
[2025-01-09T04:25:42.049+0000][201612.415s][info][gc,heap     ] GC(7949) Survivor regions: 10->10(116)
[2025-01-09T04:25:42.049+0000][201612.415s][info][gc,heap     ] GC(7949) Old regions: 227->227
[2025-01-09T04:25:42.049+0000][201612.415s][info][gc,heap     ] GC(7949) Archive regions: 2->2
[2025-01-09T04:25:42.049+0000][201612.415s][info][gc,heap     ] GC(7949) Humongous regions: 49->49
[2025-01-09T04:25:42.049+0000][201612.415s][info][gc,metaspace] GC(7949) Metaspace: 524776K(534272K)->524776K(534272K) NonClass: 460844K(465536K)->460844K(465536K) Class: 63932K(68736K)->63932K(68736K)
[2025-01-09T04:25:42.049+0000][201612.415s][info][gc          ] GC(7949) Pause Young (Prepare Mixed) (G1 Evacuation Pause) 9577M->2286M(12288M) 36.166ms
[2025-01-09T04:25:42.049+0000][201612.415s][info][gc,cpu      ] GC(7949) User=0.21s Sys=0.00s Real=0.03s
[2025-01-09T04:25:42.419+0000][201612.785s][info][gc,start    ] GC(7950) Pause Young (Mixed) (G1 Evacuation Pause)
[2025-01-09T04:25:42.419+0000][201612.785s][info][gc,task     ] GC(7950) Using 6 workers of 6 for evacuation
[2025-01-09T04:25:42.490+0000][201612.856s][info][gc,phases   ] GC(7950)   Pre Evacuate Collection Set: 0.2ms
[2025-01-09T04:25:42.490+0000][201612.856s][info][gc,phases   ] GC(7950)   Merge Heap Roots: 0.8ms
[2025-01-09T04:25:42.490+0000][201612.856s][info][gc,phases   ] GC(7950)   Evacuate Collection Set: 67.5ms
[2025-01-09T04:25:42.490+0000][201612.856s][info][gc,phases   ] GC(7950)   Post Evacuate Collection Set: 1.8ms
[2025-01-09T04:25:42.490+0000][201612.856s][info][gc,phases   ] GC(7950)   Other: 0.2ms
[2025-01-09T04:25:42.490+0000][201612.856s][info][gc,heap     ] GC(7950) Eden regions: 66->0(915)
[2025-01-09T04:25:42.490+0000][201612.856s][info][gc,heap     ] GC(7950) Survivor regions: 10->6(10)
[2025-01-09T04:25:42.490+0000][201612.856s][info][gc,heap     ] GC(7950) Old regions: 227->226
[2025-01-09T04:25:42.490+0000][201612.856s][info][gc,heap     ] GC(7950) Archive regions: 2->2
[2025-01-09T04:25:42.490+0000][201612.856s][info][gc,heap     ] GC(7950) Humongous regions: 49->49
[2025-01-09T04:25:42.490+0000][201612.856s][info][gc,metaspace] GC(7950) Metaspace: 524776K(534272K)->524776K(534272K) NonClass: 460844K(465536K)->460844K(465536K) Class: 63932K(68736K)->63932K(68736K)
[2025-01-09T04:25:42.490+0000][201612.856s][info][gc          ] GC(7950) Pause Young (Mixed) (G1 Evacuation Pause) 2814M->2248M(12288M) 70.513ms
[2025-01-09T04:25:42.490+0000][201612.856s][info][gc,cpu      ] GC(7950) User=0.41s Sys=0.01s Real=0.08s
[2025-01-09T04:25:51.091+0000][201621.457s][info][gc,start    ] GC(7951) Pause Young (Normal) (G1 Evacuation Pause)
[2025-01-09T04:25:51.091+0000][201621.457s][info][gc,task     ] GC(7951) Using 6 workers of 6 for evacuation
[2025-01-09T04:25:51.119+0000][201621.485s][info][gc,phases   ] GC(7951)   Pre Evacuate Collection Set: 0.2ms
[2025-01-09T04:25:51.119+0000][201621.485s][info][gc,phases   ] GC(7951)   Merge Heap Roots: 0.4ms
[2025-01-09T04:25:51.119+0000][201621.485s][info][gc,phases   ] GC(7951)   Evacuate Collection Set: 24.2ms
[2025-01-09T04:25:51.119+0000][201621.485s][info][gc,phases   ] GC(7951)   Post Evacuate Collection Set: 2.7ms
[2025-01-09T04:25:51.119+0000][201621.485s][info][gc,phases   ] GC(7951)   Other: 0.2ms
[2025-01-09T04:25:51.119+0000][201621.485s][info][gc,heap     ] GC(7951) Eden regions: 915->0(915)
[2025-01-09T04:25:51.119+0000][201621.485s][info][gc,heap     ] GC(7951) Survivor regions: 6->6(116)
[2025-01-09T04:25:51.119+0000][201621.485s][info][gc,heap     ] GC(7951) Old regions: 226->226
[2025-01-09T04:25:51.119+0000][201621.485s][info][gc,heap     ] GC(7951) Archive regions: 2->2
[2025-01-09T04:25:51.119+0000][201621.485s][info][gc,heap     ] GC(7951) Humongous regions: 49->49
[2025-01-09T04:25:51.119+0000][201621.485s][info][gc,metaspace] GC(7951) Metaspace: 524776K(534272K)->524776K(534272K) NonClass: 460844K(465536K)->460844K(465536K) Class: 63932K(68736K)->63932K(68736K)
[2025-01-09T04:25:51.119+0000][201621.485s][info][gc          ] GC(7951) Pause Young (Normal) (G1 Evacuation Pause) 9568M->2253M(12288M) 27.874ms
[2025-01-09T04:25:51.119+0000][201621.485s][info][gc,cpu      ] GC(7951) User=0.16s Sys=0.00s Real=0.02s
[2025-01-09T04:26:01.364+0000][201631.730s][info][gc,start    ] GC(7952) Pause Young (Normal) (G1 Evacuation Pause)
[2025-01-09T04:26:01.364+0000][201631.730s][info][gc,task     ] GC(7952) Using 6 workers of 6 for evacuation
[2025-01-09T04:26:01.393+0000][201631.759s][info][gc,phases   ] GC(7952)   Pre Evacuate Collection Set: 0.2ms
[2025-01-09T04:26:01.393+0000][201631.759s][info][gc,phases   ] GC(7952)   Merge Heap Roots: 0.4ms
[2025-01-09T04:26:01.393+0000][201631.759s][info][gc,phases   ] GC(7952)   Evacuate Collection Set: 26.1ms
[2025-01-09T04:26:01.393+0000][201631.759s][info][gc,phases   ] GC(7952)   Post Evacuate Collection Set: 2.5ms
[2025-01-09T04:26:01.393+0000][201631.759s][info][gc,phases   ] GC(7952)   Other: 0.2ms
[2025-01-09T04:26:01.393+0000][201631.759s][info][gc,heap     ] GC(7952) Eden regions: 915->0(914)
[2025-01-09T04:26:01.393+0000][201631.759s][info][gc,heap     ] GC(7952) Survivor regions: 6->7(116)
[2025-01-09T04:26:01.393+0000][201631.759s][info][gc,heap     ] GC(7952) Old regions: 226->226
[2025-01-09T04:26:01.393+0000][201631.759s][info][gc,heap     ] GC(7952) Archive regions: 2->2
[2025-01-09T04:26:01.393+0000][201631.759s][info][gc,heap     ] GC(7952) Humongous regions: 49->49
[2025-01-09T04:26:01.393+0000][201631.759s][info][gc,metaspace] GC(7952) Metaspace: 524776K(534272K)->524776K(534272K) NonClass: 460844K(465536K)->460844K(465536K) Class: 63932K(68736K)->63932K(68736K)
[2025-01-09T04:26:01.393+0000][201631.759s][info][gc          ] GC(7952) Pause Young (Normal) (G1 Evacuation Pause) 9573M->2261M(12288M) 29.589ms
[2025-01-09T04:26:01.393+0000][201631.760s][info][gc,cpu      ] GC(7952) User=0.18s Sys=0.00s Real=0.03s
[2025-01-09T04:26:08.543+0000][201638.909s][info][gc,start    ] GC(7953) Pause Young (Concurrent Start) (G1 Evacuation Pause)
[2025-01-09T04:26:08.543+0000][201638.909s][info][gc,task     ] GC(7953) Using 6 workers of 6 for evacuation
[2025-01-09T04:26:08.577+0000][201638.943s][info][gc,phases   ] GC(7953)   Pre Evacuate Collection Set: 1.1ms
[2025-01-09T04:26:08.577+0000][201638.943s][info][gc,phases   ] GC(7953)   Merge Heap Roots: 0.4ms
[2025-01-09T04:26:08.577+0000][201638.943s][info][gc,phases   ] GC(7953)   Evacuate Collection Set: 29.7ms
[2025-01-09T04:26:08.577+0000][201638.943s][info][gc,phases   ] GC(7953)   Post Evacuate Collection Set: 2.5ms
[2025-01-09T04:26:08.577+0000][201638.943s][info][gc,phases   ] GC(7953)   Other: 0.3ms
[2025-01-09T04:26:08.577+0000][201638.943s][info][gc,heap     ] GC(7953) Eden regions: 914->0(912)
[2025-01-09T04:26:08.577+0000][201638.943s][info][gc,heap     ] GC(7953) Survivor regions: 7->9(116)
[2025-01-09T04:26:08.577+0000][201638.943s][info][gc,heap     ] GC(7953) Old regions: 226->226
[2025-01-09T04:26:08.577+0000][201638.943s][info][gc,heap     ] GC(7953) Archive regions: 2->2
[2025-01-09T04:26:08.577+0000][201638.943s][info][gc,heap     ] GC(7953) Humongous regions: 49->49
[2025-01-09T04:26:08.577+0000][201638.943s][info][gc,metaspace] GC(7953) Metaspace: 524776K(534272K)->524776K(534272K) NonClass: 460844K(465536K)->460844K(465536K) Class: 63932K(68736K)->63932K(68736K)
[2025-01-09T04:26:08.577+0000][201638.943s][info][gc          ] GC(7953) Pause Young (Concurrent Start) (G1 Evacuation Pause) 9573M->2273M(12288M) 34.161ms
[2025-01-09T04:26:08.577+0000][201638.943s][info][gc,cpu      ] GC(7953) User=0.20s Sys=0.00s Real=0.03s
[2025-01-09T04:26:08.577+0000][201638.943s][info][gc          ] GC(7954) Concurrent Mark Cycle
[2025-01-09T04:26:08.577+0000][201638.943s][info][gc,marking  ] GC(7954) Concurrent Clear Claimed Marks
[2025-01-09T04:26:08.578+0000][201638.944s][info][gc,marking  ] GC(7954) Concurrent Clear Claimed Marks 0.918ms
[2025-01-09T04:26:08.578+0000][201638.944s][info][gc,marking  ] GC(7954) Concurrent Scan Root Regions
[2025-01-09T04:26:08.605+0000][201638.971s][info][gc,marking  ] GC(7954) Concurrent Scan Root Regions 26.468ms
[2025-01-09T04:26:08.605+0000][201638.971s][info][gc,marking  ] GC(7954) Concurrent Mark
[2025-01-09T04:26:08.605+0000][201638.971s][info][gc,marking  ] GC(7954) Concurrent Mark From Roots
[2025-01-09T04:26:08.605+0000][201638.971s][info][gc,task     ] GC(7954) Using 2 workers of 2 for marking
[2025-01-09T04:26:09.721+0000][201640.087s][info][gc,marking  ] GC(7954) Concurrent Mark From Roots 1116.045ms
[2025-01-09T04:26:09.721+0000][201640.087s][info][gc,marking  ] GC(7954) Concurrent Preclean
[2025-01-09T04:26:09.724+0000][201640.090s][info][gc,marking  ] GC(7954) Concurrent Preclean 3.121ms
[2025-01-09T04:26:09.724+0000][201640.090s][info][gc,start    ] GC(7954) Pause Remark
[2025-01-09T04:26:09.749+0000][201640.115s][info][gc          ] GC(7954) Pause Remark 3881M->3881M(12288M) 25.010ms
[2025-01-09T04:26:09.749+0000][201640.115s][info][gc,cpu      ] GC(7954) User=0.14s Sys=0.00s Real=0.02s
[2025-01-09T04:26:09.749+0000][201640.115s][info][gc,marking  ] GC(7954) Concurrent Mark 1144.510ms
[2025-01-09T04:26:09.749+0000][201640.115s][info][gc,marking  ] GC(7954) Concurrent Rebuild Remembered Sets
[2025-01-09T04:26:10.305+0000][201640.671s][info][gc,marking  ] GC(7954) Concurrent Rebuild Remembered Sets 555.681ms
[2025-01-09T04:26:10.305+0000][201640.671s][info][gc,start    ] GC(7954) Pause Cleanup
[2025-01-09T04:26:10.305+0000][201640.672s][info][gc          ] GC(7954) Pause Cleanup 4565M->4565M(12288M) 0.424ms
[2025-01-09T04:26:10.305+0000][201640.672s][info][gc,cpu      ] GC(7954) User=0.00s Sys=0.00s Real=0.00s
[2025-01-09T04:26:10.306+0000][201640.672s][info][gc,marking  ] GC(7954) Concurrent Cleanup for Next Mark
[2025-01-09T04:26:10.321+0000][201640.688s][info][gc,marking  ] GC(7954) Concurrent Cleanup for Next Mark 15.898ms
[2025-01-09T04:26:10.321+0000][201640.688s][info][gc          ] GC(7954) Concurrent Mark Cycle 1744.266ms
[2025-01-09T04:26:14.247+0000][201644.614s][info][gc,start    ] GC(7955) Pause Young (Prepare Mixed) (G1 Evacuation Pause)
[2025-01-09T04:26:14.248+0000][201644.614s][info][gc,task     ] GC(7955) Using 6 workers of 6 for evacuation
[2025-01-09T04:26:14.286+0000][201644.652s][info][gc,phases   ] GC(7955)   Pre Evacuate Collection Set: 0.2ms
[2025-01-09T04:26:14.286+0000][201644.652s][info][gc,phases   ] GC(7955)   Merge Heap Roots: 0.7ms
[2025-01-09T04:26:14.286+0000][201644.652s][info][gc,phases   ] GC(7955)   Evacuate Collection Set: 32.1ms
[2025-01-09T04:26:14.286+0000][201644.652s][info][gc,phases   ] GC(7955)   Post Evacuate Collection Set: 5.3ms
[2025-01-09T04:26:14.286+0000][201644.652s][info][gc,phases   ] GC(7955)   Other: 0.2ms
[2025-01-09T04:26:14.286+0000][201644.652s][info][gc,heap     ] GC(7955) Eden regions: 912->0(65)
[2025-01-09T04:26:14.286+0000][201644.652s][info][gc,heap     ] GC(7955) Survivor regions: 9->11(116)
[2025-01-09T04:26:14.286+0000][201644.652s][info][gc,heap     ] GC(7955) Old regions: 226->226
[2025-01-09T04:26:14.286+0000][201644.652s][info][gc,heap     ] GC(7955) Archive regions: 2->2
[2025-01-09T04:26:14.286+0000][201644.652s][info][gc,heap     ] GC(7955) Humongous regions: 49->49
[2025-01-09T04:26:14.286+0000][201644.652s][info][gc,metaspace] GC(7955) Metaspace: 524776K(534272K)->524776K(534272K) NonClass: 460844K(465536K)->460844K(465536K) Class: 63932K(68736K)->63932K(68736K)
[2025-01-09T04:26:14.286+0000][201644.652s][info][gc          ] GC(7955) Pause Young (Prepare Mixed) (G1 Evacuation Pause) 9569M->2291M(12288M) 38.649ms
[2025-01-09T04:26:14.286+0000][201644.652s][info][gc,cpu      ] GC(7955) User=0.22s Sys=0.00s Real=0.04s
[2025-01-09T04:26:14.804+0000][201645.170s][info][gc,start    ] GC(7956) Pause Young (Mixed) (G1 Evacuation Pause)
[2025-01-09T04:26:14.804+0000][201645.170s][info][gc,task     ] GC(7956) Using 6 workers of 6 for evacuation
[2025-01-09T04:26:14.874+0000][201645.240s][info][gc,phases   ] GC(7956)   Pre Evacuate Collection Set: 0.2ms
[2025-01-09T04:26:14.874+0000][201645.240s][info][gc,phases   ] GC(7956)   Merge Heap Roots: 0.8ms
[2025-01-09T04:26:14.874+0000][201645.240s][info][gc,phases   ] GC(7956)   Evacuate Collection Set: 67.0ms
[2025-01-09T04:26:14.874+0000][201645.240s][info][gc,phases   ] GC(7956)   Post Evacuate Collection Set: 1.7ms
[2025-01-09T04:26:14.874+0000][201645.240s][info][gc,phases   ] GC(7956)   Other: 0.2ms
[2025-01-09T04:26:14.874+0000][201645.240s][info][gc,heap     ] GC(7956) Eden regions: 65->0(916)
[2025-01-09T04:26:14.874+0000][201645.240s][info][gc,heap     ] GC(7956) Survivor regions: 11->5(10)
[2025-01-09T04:26:14.874+0000][201645.240s][info][gc,heap     ] GC(7956) Old regions: 226->226
[2025-01-09T04:26:14.874+0000][201645.240s][info][gc,heap     ] GC(7956) Archive regions: 2->2
[2025-01-09T04:26:14.874+0000][201645.240s][info][gc,heap     ] GC(7956) Humongous regions: 49->49
[2025-01-09T04:26:14.874+0000][201645.240s][info][gc,metaspace] GC(7956) Metaspace: 524776K(534272K)->524776K(534272K) NonClass: 460844K(465536K)->460844K(465536K) Class: 63932K(68736K)->63932K(68736K)
[2025-01-09T04:26:14.874+0000][201645.240s][info][gc          ] GC(7956) Pause Young (Mixed) (G1 Evacuation Pause) 2811M->2246M(12288M) 69.859ms
[2025-01-09T04:26:14.874+0000][201645.240s][info][gc,cpu      ] GC(7956) User=0.41s Sys=0.00s Real=0.07s
[2025-01-09T04:26:23.999+0000][201654.365s][info][gc,start    ] GC(7957) Pause Young (Normal) (G1 Evacuation Pause)
[2025-01-09T04:26:23.999+0000][201654.365s][info][gc,task     ] GC(7957) Using 6 workers of 6 for evacuation
[2025-01-09T04:26:24.027+0000][201654.393s][info][gc,phases   ] GC(7957)   Pre Evacuate Collection Set: 0.2ms
[2025-01-09T04:26:24.027+0000][201654.393s][info][gc,phases   ] GC(7957)   Merge Heap Roots: 0.4ms
[2025-01-09T04:26:24.027+0000][201654.393s][info][gc,phases   ] GC(7957)   Evacuate Collection Set: 23.1ms
[2025-01-09T04:26:24.027+0000][201654.393s][info][gc,phases   ] GC(7957)   Post Evacuate Collection Set: 4.0ms
[2025-01-09T04:26:24.027+0000][201654.393s][info][gc,phases   ] GC(7957)   Other: 0.2ms
[2025-01-09T04:26:24.027+0000][201654.393s][info][gc,heap     ] GC(7957) Eden regions: 916->0(914)
[2025-01-09T04:26:24.027+0000][201654.393s][info][gc,heap     ] GC(7957) Survivor regions: 5->7(116)
[2025-01-09T04:26:24.027+0000][201654.393s][info][gc,heap     ] GC(7957) Old regions: 226->226
[2025-01-09T04:26:24.027+0000][201654.393s][info][gc,heap     ] GC(7957) Archive regions: 2->2
[2025-01-09T04:26:24.027+0000][201654.393s][info][gc,heap     ] GC(7957) Humongous regions: 49->49
[2025-01-09T04:26:24.027+0000][201654.393s][info][gc,metaspace] GC(7957) Metaspace: 524776K(534272K)->524776K(534272K) NonClass: 460844K(465536K)->460844K(465536K) Class: 63932K(68736K)->63932K(68736K)
[2025-01-09T04:26:24.027+0000][201654.393s][info][gc          ] GC(7957) Pause Young (Normal) (G1 Evacuation Pause) 9574M->2262M(12288M) 27.943ms
[2025-01-09T04:26:24.027+0000][201654.393s][info][gc,cpu      ] GC(7957) User=0.16s Sys=0.00s Real=0.03s
[2025-01-09T04:26:31.746+0000][201662.112s][info][gc,start    ] GC(7958) Pause Young (Normal) (G1 Evacuation Pause)
[2025-01-09T04:26:31.746+0000][201662.112s][info][gc,task     ] GC(7958) Using 6 workers of 6 for evacuation
[2025-01-09T04:26:31.773+0000][201662.139s][info][gc,phases   ] GC(7958)   Pre Evacuate Collection Set: 0.2ms
[2025-01-09T04:26:31.773+0000][201662.139s][info][gc,phases   ] GC(7958)   Merge Heap Roots: 0.4ms
[2025-01-09T04:26:31.773+0000][201662.139s][info][gc,phases   ] GC(7958)   Evacuate Collection Set: 23.1ms
[2025-01-09T04:26:31.773+0000][201662.139s][info][gc,phases   ] GC(7958)   Post Evacuate Collection Set: 2.6ms
[2025-01-09T04:26:31.773+0000][201662.139s][info][gc,phases   ] GC(7958)   Other: 0.2ms
[2025-01-09T04:26:31.773+0000][201662.139s][info][gc,heap     ] GC(7958) Eden regions: 914->0(914)
[2025-01-09T04:26:31.773+0000][201662.139s][info][gc,heap     ] GC(7958) Survivor regions: 7->7(116)
[2025-01-09T04:26:31.773+0000][201662.139s][info][gc,heap     ] GC(7958) Old regions: 226->226
[2025-01-09T04:26:31.773+0000][201662.139s][info][gc,heap     ] GC(7958) Archive regions: 2->2
[2025-01-09T04:26:31.773+0000][201662.139s][info][gc,heap     ] GC(7958) Humongous regions: 49->49
[2025-01-09T04:26:31.773+0000][201662.139s][info][gc,metaspace] GC(7958) Metaspace: 524776K(534272K)->524776K(534272K) NonClass: 460844K(465536K)->460844K(465536K) Class: 63932K(68736K)->63932K(68736K)
[2025-01-09T04:26:31.773+0000][201662.139s][info][gc          ] GC(7958) Pause Young (Normal) (G1 Evacuation Pause) 9574M->2260M(12288M) 26.594ms
[2025-01-09T04:26:31.773+0000][201662.139s][info][gc,cpu      ] GC(7958) User=0.15s Sys=0.00s Real=0.03s
[2025-01-09T04:26:42.238+0000][201672.605s][info][gc,start    ] GC(7959) Pause Young (Concurrent Start) (G1 Evacuation Pause)
[2025-01-09T04:26:42.239+0000][201672.605s][info][gc,task     ] GC(7959) Using 6 workers of 6 for evacuation
[2025-01-09T04:26:42.271+0000][201672.638s][info][gc,phases   ] GC(7959)   Pre Evacuate Collection Set: 1.1ms
[2025-01-09T04:26:42.271+0000][201672.638s][info][gc,phases   ] GC(7959)   Merge Heap Roots: 0.4ms
[2025-01-09T04:26:42.271+0000][201672.638s][info][gc,phases   ] GC(7959)   Evacuate Collection Set: 28.5ms
[2025-01-09T04:26:42.271+0000][201672.638s][info][gc,phases   ] GC(7959)   Post Evacuate Collection Set: 2.7ms
[2025-01-09T04:26:42.271+0000][201672.638s][info][gc,phases   ] GC(7959)   Other: 0.3ms
[2025-01-09T04:26:42.271+0000][201672.638s][info][gc,heap     ] GC(7959) Eden regions: 914->0(911)
[2025-01-09T04:26:42.272+0000][201672.638s][info][gc,heap     ] GC(7959) Survivor regions: 7->10(116)
[2025-01-09T04:26:42.272+0000][201672.638s][info][gc,heap     ] GC(7959) Old regions: 226->226
[2025-01-09T04:26:42.272+0000][201672.638s][info][gc,heap     ] GC(7959) Archive regions: 2->2
[2025-01-09T04:26:42.272+0000][201672.638s][info][gc,heap     ] GC(7959) Humongous regions: 49->49
[2025-01-09T04:26:42.272+0000][201672.638s][info][gc,metaspace] GC(7959) Metaspace: 524776K(534272K)->524776K(534272K) NonClass: 460844K(465536K)->460844K(465536K) Class: 63932K(68736K)->63932K(68736K)
[2025-01-09T04:26:42.272+0000][201672.638s][info][gc          ] GC(7959) Pause Young (Concurrent Start) (G1 Evacuation Pause) 9572M->2279M(12288M) 33.066ms
[2025-01-09T04:26:42.272+0000][201672.638s][info][gc,cpu      ] GC(7959) User=0.19s Sys=0.00s Real=0.04s
[2025-01-09T04:26:42.272+0000][201672.638s][info][gc          ] GC(7960) Concurrent Mark Cycle
[2025-01-09T04:26:42.272+0000][201672.638s][info][gc,marking  ] GC(7960) Concurrent Clear Claimed Marks
[2025-01-09T04:26:42.273+0000][201672.639s][info][gc,marking  ] GC(7960) Concurrent Clear Claimed Marks 0.884ms
[2025-01-09T04:26:42.273+0000][201672.639s][info][gc,marking  ] GC(7960) Concurrent Scan Root Regions
[2025-01-09T04:26:42.296+0000][201672.662s][info][gc,marking  ] GC(7960) Concurrent Scan Root Regions 23.170ms
[2025-01-09T04:26:42.296+0000][201672.662s][info][gc,marking  ] GC(7960) Concurrent Mark
[2025-01-09T04:26:42.296+0000][201672.662s][info][gc,marking  ] GC(7960) Concurrent Mark From Roots
[2025-01-09T04:26:42.296+0000][201672.662s][info][gc,task     ] GC(7960) Using 2 workers of 2 for marking
[2025-01-09T04:26:43.077+0000][201673.443s][info][gc,marking  ] GC(7960) Concurrent Mark From Roots 780.790ms
[2025-01-09T04:26:43.077+0000][201673.443s][info][gc,marking  ] GC(7960) Concurrent Preclean
[2025-01-09T04:26:43.080+0000][201673.446s][info][gc,marking  ] GC(7960) Concurrent Preclean 3.670ms
[2025-01-09T04:26:43.080+0000][201673.447s][info][gc,start    ] GC(7960) Pause Remark
[2025-01-09T04:26:43.106+0000][201673.472s][info][gc          ] GC(7960) Pause Remark 2827M->2827M(12288M) 25.204ms
[2025-01-09T04:26:43.106+0000][201673.472s][info][gc,cpu      ] GC(7960) User=0.14s Sys=0.00s Real=0.03s
[2025-01-09T04:26:43.106+0000][201673.472s][info][gc,marking  ] GC(7960) Concurrent Mark 810.056ms
[2025-01-09T04:26:43.106+0000][201673.472s][info][gc,marking  ] GC(7960) Concurrent Rebuild Remembered Sets
[2025-01-09T04:26:43.621+0000][201673.987s][info][gc,marking  ] GC(7960) Concurrent Rebuild Remembered Sets 515.415ms
[2025-01-09T04:26:43.621+0000][201673.987s][info][gc,start    ] GC(7960) Pause Cleanup
[2025-01-09T04:26:43.622+0000][201673.988s][info][gc          ] GC(7960) Pause Cleanup 2943M->2943M(12288M) 0.428ms
[2025-01-09T04:26:43.622+0000][201673.988s][info][gc,cpu      ] GC(7960) User=0.00s Sys=0.00s Real=0.01s
[2025-01-09T04:26:43.622+0000][201673.988s][info][gc,marking  ] GC(7960) Concurrent Cleanup for Next Mark
[2025-01-09T04:26:43.637+0000][201674.004s][info][gc,marking  ] GC(7960) Concurrent Cleanup for Next Mark 15.587ms
[2025-01-09T04:26:43.638+0000][201674.004s][info][gc          ] GC(7960) Concurrent Mark Cycle 1365.906ms
[2025-01-09T04:26:53.867+0000][201684.233s][info][gc,start    ] GC(7961) Pause Young (Prepare Mixed) (G1 Evacuation Pause)
[2025-01-09T04:26:53.867+0000][201684.233s][info][gc,task     ] GC(7961) Using 6 workers of 6 for evacuation
[2025-01-09T04:26:53.904+0000][201684.270s][info][gc,phases   ] GC(7961)   Pre Evacuate Collection Set: 0.2ms
[2025-01-09T04:26:53.904+0000][201684.270s][info][gc,phases   ] GC(7961)   Merge Heap Roots: 0.7ms
[2025-01-09T04:26:53.904+0000][201684.270s][info][gc,phases   ] GC(7961)   Evacuate Collection Set: 33.2ms
[2025-01-09T04:26:53.904+0000][201684.270s][info][gc,phases   ] GC(7961)   Post Evacuate Collection Set: 2.8ms
[2025-01-09T04:26:53.904+0000][201684.270s][info][gc,phases   ] GC(7961)   Other: 0.2ms
[2025-01-09T04:26:53.904+0000][201684.270s][info][gc,heap     ] GC(7961) Eden regions: 911->0(65)
[2025-01-09T04:26:53.904+0000][201684.270s][info][gc,heap     ] GC(7961) Survivor regions: 10->11(116)
[2025-01-09T04:26:53.904+0000][201684.270s][info][gc,heap     ] GC(7961) Old regions: 226->226
[2025-01-09T04:26:53.904+0000][201684.270s][info][gc,heap     ] GC(7961) Archive regions: 2->2
[2025-01-09T04:26:53.904+0000][201684.270s][info][gc,heap     ] GC(7961) Humongous regions: 49->49
[2025-01-09T04:26:53.904+0000][201684.270s][info][gc,metaspace] GC(7961) Metaspace: 524776K(534272K)->524776K(534272K) NonClass: 460844K(465536K)->460844K(465536K) Class: 63932K(68736K)->63932K(68736K)
[2025-01-09T04:26:53.904+0000][201684.270s][info][gc          ] GC(7961) Pause Young (Prepare Mixed) (G1 Evacuation Pause) 9567M->2292M(12288M) 37.107ms
[2025-01-09T04:26:53.904+0000][201684.270s][info][gc,cpu      ] GC(7961) User=0.22s Sys=0.00s Real=0.04s
[2025-01-09T04:26:54.299+0000][201684.665s][info][gc,start    ] GC(7962) Pause Young (Mixed) (G1 Evacuation Pause)
[2025-01-09T04:26:54.299+0000][201684.665s][info][gc,task     ] GC(7962) Using 6 workers of 6 for evacuation
[2025-01-09T04:26:54.375+0000][201684.742s][info][gc,phases   ] GC(7962)   Pre Evacuate Collection Set: 0.2ms
[2025-01-09T04:26:54.375+0000][201684.742s][info][gc,phases   ] GC(7962)   Merge Heap Roots: 0.7ms
[2025-01-09T04:26:54.375+0000][201684.742s][info][gc,phases   ] GC(7962)   Evacuate Collection Set: 72.9ms
[2025-01-09T04:26:54.375+0000][201684.742s][info][gc,phases   ] GC(7962)   Post Evacuate Collection Set: 2.2ms
[2025-01-09T04:26:54.375+0000][201684.742s][info][gc,phases   ] GC(7962)   Other: 0.2ms
[2025-01-09T04:26:54.375+0000][201684.742s][info][gc,heap     ] GC(7962) Eden regions: 65->0(916)
[2025-01-09T04:26:54.375+0000][201684.742s][info][gc,heap     ] GC(7962) Survivor regions: 11->5(10)
[2025-01-09T04:26:54.375+0000][201684.742s][info][gc,heap     ] GC(7962) Old regions: 226->230
[2025-01-09T04:26:54.375+0000][201684.742s][info][gc,heap     ] GC(7962) Archive regions: 2->2
[2025-01-09T04:26:54.375+0000][201684.742s][info][gc,heap     ] GC(7962) Humongous regions: 49->49
[2025-01-09T04:26:54.375+0000][201684.742s][info][gc,metaspace] GC(7962) Metaspace: 524776K(534272K)->524776K(534272K) NonClass: 460844K(465536K)->460844K(465536K) Class: 63932K(68736K)->63932K(68736K)
[2025-01-09T04:26:54.376+0000][201684.742s][info][gc          ] GC(7962) Pause Young (Mixed) (G1 Evacuation Pause) 2812M->2268M(12288M) 76.303ms
[2025-01-09T04:26:54.376+0000][201684.742s][info][gc,cpu      ] GC(7962) User=0.43s Sys=0.00s Real=0.08s
[2025-01-09T04:27:02.109+0000][201692.475s][info][gc,start    ] GC(7963) Pause Young (Normal) (G1 Evacuation Pause)
[2025-01-09T04:27:02.109+0000][201692.475s][info][gc,task     ] GC(7963) Using 6 workers of 6 for evacuation
[2025-01-09T04:27:02.136+0000][201692.502s][info][gc,phases   ] GC(7963)   Pre Evacuate Collection Set: 0.2ms
[2025-01-09T04:27:02.136+0000][201692.502s][info][gc,phases   ] GC(7963)   Merge Heap Roots: 0.4ms
[2025-01-09T04:27:02.136+0000][201692.502s][info][gc,phases   ] GC(7963)   Evacuate Collection Set: 23.4ms
[2025-01-09T04:27:02.136+0000][201692.502s][info][gc,phases   ] GC(7963)   Post Evacuate Collection Set: 2.8ms
[2025-01-09T04:27:02.136+0000][201692.502s][info][gc,phases   ] GC(7963)   Other: 0.2ms
[2025-01-09T04:27:02.136+0000][201692.502s][info][gc,heap     ] GC(7963) Eden regions: 916->0(915)
[2025-01-09T04:27:02.136+0000][201692.502s][info][gc,heap     ] GC(7963) Survivor regions: 5->6(116)
[2025-01-09T04:27:02.136+0000][201692.502s][info][gc,heap     ] GC(7963) Old regions: 230->230
[2025-01-09T04:27:02.136+0000][201692.502s][info][gc,heap     ] GC(7963) Archive regions: 2->2
[2025-01-09T04:27:02.136+0000][201692.502s][info][gc,heap     ] GC(7963) Humongous regions: 49->49
[2025-01-09T04:27:02.136+0000][201692.502s][info][gc,metaspace] GC(7963) Metaspace: 524776K(534272K)->524776K(534272K) NonClass: 460844K(465536K)->460844K(465536K) Class: 63932K(68736K)->63932K(68736K)
[2025-01-09T04:27:02.136+0000][201692.502s][info][gc          ] GC(7963) Pause Young (Normal) (G1 Evacuation Pause) 9596M->2277M(12288M) 27.009ms
[2025-01-09T04:27:02.136+0000][201692.502s][info][gc,cpu      ] GC(7963) User=0.16s Sys=0.00s Real=0.03s
[2025-01-09T04:27:09.160+0000][201699.526s][info][gc,start    ] GC(7964) Pause Young (Normal) (G1 Evacuation Pause)
[2025-01-09T04:27:09.160+0000][201699.526s][info][gc,task     ] GC(7964) Using 6 workers of 6 for evacuation
[2025-01-09T04:27:09.188+0000][201699.554s][info][gc,phases   ] GC(7964)   Pre Evacuate Collection Set: 0.2ms
[2025-01-09T04:27:09.188+0000][201699.554s][info][gc,phases   ] GC(7964)   Merge Heap Roots: 0.4ms
[2025-01-09T04:27:09.188+0000][201699.554s][info][gc,phases   ] GC(7964)   Evacuate Collection Set: 22.2ms
[2025-01-09T04:27:09.188+0000][201699.554s][info][gc,phases   ] GC(7964)   Post Evacuate Collection Set: 5.1ms
[2025-01-09T04:27:09.188+0000][201699.554s][info][gc,phases   ] GC(7964)   Other: 0.2ms
[2025-01-09T04:27:09.188+0000][201699.554s][info][gc,heap     ] GC(7964) Eden regions: 915->0(912)
[2025-01-09T04:27:09.188+0000][201699.554s][info][gc,heap     ] GC(7964) Survivor regions: 6->9(116)
[2025-01-09T04:27:09.188+0000][201699.554s][info][gc,heap     ] GC(7964) Old regions: 230->230
[2025-01-09T04:27:09.188+0000][201699.554s][info][gc,heap     ] GC(7964) Archive regions: 2->2
[2025-01-09T04:27:09.188+0000][201699.554s][info][gc,heap     ] GC(7964) Humongous regions: 49->49
[2025-01-09T04:27:09.188+0000][201699.554s][info][gc,metaspace] GC(7964) Metaspace: 524776K(534272K)->524776K(534272K) NonClass: 460844K(465536K)->460844K(465536K) Class: 63932K(68736K)->63932K(68736K)
[2025-01-09T04:27:09.188+0000][201699.554s][info][gc          ] GC(7964) Pause Young (Normal) (G1 Evacuation Pause) 9597M->2296M(12288M) 28.122ms
[2025-01-09T04:27:09.188+0000][201699.554s][info][gc,cpu      ] GC(7964) User=0.16s Sys=0.00s Real=0.03s
[2025-01-09T04:27:17.479+0000][201707.845s][info][gc,start    ] GC(7965) Pause Young (Concurrent Start) (G1 Evacuation Pause)
[2025-01-09T04:27:17.479+0000][201707.845s][info][gc,task     ] GC(7965) Using 6 workers of 6 for evacuation
[2025-01-09T04:27:17.510+0000][201707.876s][info][gc,phases   ] GC(7965)   Pre Evacuate Collection Set: 1.2ms
[2025-01-09T04:27:17.510+0000][201707.876s][info][gc,phases   ] GC(7965)   Merge Heap Roots: 0.4ms
[2025-01-09T04:27:17.510+0000][201707.876s][info][gc,phases   ] GC(7965)   Evacuate Collection Set: 26.5ms
[2025-01-09T04:27:17.510+0000][201707.876s][info][gc,phases   ] GC(7965)   Post Evacuate Collection Set: 2.5ms
[2025-01-09T04:27:17.510+0000][201707.876s][info][gc,phases   ] GC(7965)   Other: 0.3ms
[2025-01-09T04:27:17.510+0000][201707.876s][info][gc,heap     ] GC(7965) Eden regions: 912->0(913)
[2025-01-09T04:27:17.510+0000][201707.876s][info][gc,heap     ] GC(7965) Survivor regions: 9->8(116)
[2025-01-09T04:27:17.510+0000][201707.876s][info][gc,heap     ] GC(7965) Old regions: 230->230
[2025-01-09T04:27:17.510+0000][201707.876s][info][gc,heap     ] GC(7965) Archive regions: 2->2
[2025-01-09T04:27:17.510+0000][201707.876s][info][gc,heap     ] GC(7965) Humongous regions: 49->49
[2025-01-09T04:27:17.510+0000][201707.876s][info][gc,metaspace] GC(7965) Metaspace: 524776K(534272K)->524776K(534272K) NonClass: 460844K(465536K)->460844K(465536K) Class: 63932K(68736K)->63932K(68736K)
[2025-01-09T04:27:17.510+0000][201707.876s][info][gc          ] GC(7965) Pause Young (Concurrent Start) (G1 Evacuation Pause) 9592M->2295M(12288M) 30.919ms
[2025-01-09T04:27:17.510+0000][201707.876s][info][gc,cpu      ] GC(7965) User=0.17s Sys=0.00s Real=0.04s
[2025-01-09T04:27:17.510+0000][201707.876s][info][gc          ] GC(7966) Concurrent Mark Cycle
[2025-01-09T04:27:17.510+0000][201707.876s][info][gc,marking  ] GC(7966) Concurrent Clear Claimed Marks
[2025-01-09T04:27:17.511+0000][201707.877s][info][gc,marking  ] GC(7966) Concurrent Clear Claimed Marks 0.952ms
[2025-01-09T04:27:17.511+0000][201707.877s][info][gc,marking  ] GC(7966) Concurrent Scan Root Regions
[2025-01-09T04:27:17.529+0000][201707.895s][info][gc,marking  ] GC(7966) Concurrent Scan Root Regions 17.765ms
[2025-01-09T04:27:17.529+0000][201707.895s][info][gc,marking  ] GC(7966) Concurrent Mark
[2025-01-09T04:27:17.529+0000][201707.895s][info][gc,marking  ] GC(7966) Concurrent Mark From Roots
[2025-01-09T04:27:17.529+0000][201707.895s][info][gc,task     ] GC(7966) Using 2 workers of 2 for marking
[2025-01-09T04:27:18.612+0000][201708.979s][info][gc,marking  ] GC(7966) Concurrent Mark From Roots 1083.811ms
[2025-01-09T04:27:18.613+0000][201708.979s][info][gc,marking  ] GC(7966) Concurrent Preclean
[2025-01-09T04:27:18.616+0000][201708.982s][info][gc,marking  ] GC(7966) Concurrent Preclean 3.759ms
[2025-01-09T04:27:18.616+0000][201708.983s][info][gc,start    ] GC(7966) Pause Remark
[2025-01-09T04:27:18.642+0000][201709.008s][info][gc          ] GC(7966) Pause Remark 3875M->3875M(12288M) 25.430ms
[2025-01-09T04:27:18.642+0000][201709.008s][info][gc,cpu      ] GC(7966) User=0.15s Sys=0.00s Real=0.03s
[2025-01-09T04:27:18.642+0000][201709.008s][info][gc,marking  ] GC(7966) Concurrent Mark 1113.349ms
[2025-01-09T04:27:18.642+0000][201709.008s][info][gc,marking  ] GC(7966) Concurrent Rebuild Remembered Sets
[2025-01-09T04:27:19.161+0000][201709.528s][info][gc,marking  ] GC(7966) Concurrent Rebuild Remembered Sets 519.368ms
[2025-01-09T04:27:19.162+0000][201709.528s][info][gc,start    ] GC(7966) Pause Cleanup
[2025-01-09T04:27:19.162+0000][201709.528s][info][gc          ] GC(7966) Pause Cleanup 4183M->4183M(12288M) 0.421ms
[2025-01-09T04:27:19.162+0000][201709.528s][info][gc,cpu      ] GC(7966) User=0.00s Sys=0.00s Real=0.00s
[2025-01-09T04:27:19.162+0000][201709.528s][info][gc,marking  ] GC(7966) Concurrent Cleanup for Next Mark
[2025-01-09T04:27:19.178+0000][201709.544s][info][gc,marking  ] GC(7966) Concurrent Cleanup for Next Mark 15.475ms
[2025-01-09T04:27:19.178+0000][201709.544s][info][gc          ] GC(7966) Concurrent Mark Cycle 1667.773ms
[2025-01-09T04:27:24.356+0000][201714.723s][info][gc,start    ] GC(7967) Pause Young (Prepare Mixed) (G1 Evacuation Pause)
[2025-01-09T04:27:24.357+0000][201714.723s][info][gc,task     ] GC(7967) Using 6 workers of 6 for evacuation
[2025-01-09T04:27:24.393+0000][201714.759s][info][gc,phases   ] GC(7967)   Pre Evacuate Collection Set: 0.2ms
[2025-01-09T04:27:24.393+0000][201714.759s][info][gc,phases   ] GC(7967)   Merge Heap Roots: 0.7ms
[2025-01-09T04:27:24.393+0000][201714.759s][info][gc,phases   ] GC(7967)   Evacuate Collection Set: 31.5ms
[2025-01-09T04:27:24.393+0000][201714.759s][info][gc,phases   ] GC(7967)   Post Evacuate Collection Set: 4.1ms
[2025-01-09T04:27:24.393+0000][201714.759s][info][gc,phases   ] GC(7967)   Other: 0.2ms
[2025-01-09T04:27:24.393+0000][201714.759s][info][gc,heap     ] GC(7967) Eden regions: 913->0(66)
[2025-01-09T04:27:24.393+0000][201714.759s][info][gc,heap     ] GC(7967) Survivor regions: 8->10(116)
[2025-01-09T04:27:24.393+0000][201714.759s][info][gc,heap     ] GC(7967) Old regions: 230->230
[2025-01-09T04:27:24.393+0000][201714.759s][info][gc,heap     ] GC(7967) Archive regions: 2->2
[2025-01-09T04:27:24.393+0000][201714.759s][info][gc,heap     ] GC(7967) Humongous regions: 49->49
[2025-01-09T04:27:24.393+0000][201714.759s][info][gc,metaspace] GC(7967) Metaspace: 524776K(534272K)->524776K(534272K) NonClass: 460844K(465536K)->460844K(465536K) Class: 63932K(68736K)->63932K(68736K)
[2025-01-09T04:27:24.393+0000][201714.759s][info][gc          ] GC(7967) Pause Young (Prepare Mixed) (G1 Evacuation Pause) 9599M->2310M(12288M) 36.761ms
[2025-01-09T04:27:24.393+0000][201714.759s][info][gc,cpu      ] GC(7967) User=0.22s Sys=0.00s Real=0.04s
[2025-01-09T04:27:26.069+0000][201716.435s][info][gc,start    ] GC(7968) Pause Young (Mixed) (G1 Evacuation Pause)
[2025-01-09T04:27:26.069+0000][201716.435s][info][gc,task     ] GC(7968) Using 6 workers of 6 for evacuation
[2025-01-09T04:27:26.113+0000][201716.479s][info][gc,phases   ] GC(7968)   Pre Evacuate Collection Set: 0.2ms
[2025-01-09T04:27:26.113+0000][201716.479s][info][gc,phases   ] GC(7968)   Merge Heap Roots: 0.5ms
[2025-01-09T04:27:26.113+0000][201716.479s][info][gc,phases   ] GC(7968)   Evacuate Collection Set: 41.5ms
[2025-01-09T04:27:26.113+0000][201716.479s][info][gc,phases   ] GC(7968)   Post Evacuate Collection Set: 1.6ms
[2025-01-09T04:27:26.113+0000][201716.479s][info][gc,phases   ] GC(7968)   Other: 0.2ms
[2025-01-09T04:27:26.113+0000][201716.479s][info][gc,heap     ] GC(7968) Eden regions: 66->0(915)
[2025-01-09T04:27:26.113+0000][201716.479s][info][gc,heap     ] GC(7968) Survivor regions: 10->6(10)
[2025-01-09T04:27:26.113+0000][201716.479s][info][gc,heap     ] GC(7968) Old regions: 230->229
[2025-01-09T04:27:26.113+0000][201716.479s][info][gc,heap     ] GC(7968) Archive regions: 2->2
[2025-01-09T04:27:26.113+0000][201716.479s][info][gc,heap     ] GC(7968) Humongous regions: 49->49
[2025-01-09T04:27:26.113+0000][201716.479s][info][gc,metaspace] GC(7968) Metaspace: 524776K(534272K)->524776K(534272K) NonClass: 460844K(465536K)->460844K(465536K) Class: 63932K(68736K)->63932K(68736K)
[2025-01-09T04:27:26.113+0000][201716.479s][info][gc          ] GC(7968) Pause Young (Mixed) (G1 Evacuation Pause) 2838M->2269M(12288M) 44.025ms
[2025-01-09T04:27:26.113+0000][201716.479s][info][gc,cpu      ] GC(7968) User=0.26s Sys=0.00s Real=0.05s
[2025-01-09T04:27:36.290+0000][201726.656s][info][gc,start    ] GC(7969) Pause Young (Normal) (G1 Evacuation Pause)
[2025-01-09T04:27:36.290+0000][201726.656s][info][gc,task     ] GC(7969) Using 6 workers of 6 for evacuation
[2025-01-09T04:27:36.318+0000][201726.685s][info][gc,phases   ] GC(7969)   Pre Evacuate Collection Set: 0.2ms
[2025-01-09T04:27:36.318+0000][201726.685s][info][gc,phases   ] GC(7969)   Merge Heap Roots: 0.5ms
[2025-01-09T04:27:36.318+0000][201726.685s][info][gc,phases   ] GC(7969)   Evacuate Collection Set: 25.3ms
[2025-01-09T04:27:36.318+0000][201726.685s][info][gc,phases   ] GC(7969)   Post Evacuate Collection Set: 2.5ms
[2025-01-09T04:27:36.318+0000][201726.685s][info][gc,phases   ] GC(7969)   Other: 0.2ms
[2025-01-09T04:27:36.318+0000][201726.685s][info][gc,heap     ] GC(7969) Eden regions: 915->0(914)
[2025-01-09T04:27:36.318+0000][201726.685s][info][gc,heap     ] GC(7969) Survivor regions: 6->7(116)
[2025-01-09T04:27:36.318+0000][201726.685s][info][gc,heap     ] GC(7969) Old regions: 229->229
[2025-01-09T04:27:36.318+0000][201726.685s][info][gc,heap     ] GC(7969) Archive regions: 2->2
[2025-01-09T04:27:36.318+0000][201726.685s][info][gc,heap     ] GC(7969) Humongous regions: 49->49
[2025-01-09T04:27:36.318+0000][201726.685s][info][gc,metaspace] GC(7969) Metaspace: 524776K(534272K)->524776K(534272K) NonClass: 460844K(465536K)->460844K(465536K) Class: 63932K(68736K)->63932K(68736K)
[2025-01-09T04:27:36.319+0000][201726.685s][info][gc          ] GC(7969) Pause Young (Normal) (G1 Evacuation Pause) 9589M->2278M(12288M) 28.778ms
[2025-01-09T04:27:36.319+0000][201726.685s][info][gc,cpu      ] GC(7969) User=0.16s Sys=0.00s Real=0.02s
[2025-01-09T04:27:47.225+0000][201737.591s][info][gc,start    ] GC(7970) Pause Young (Normal) (G1 Evacuation Pause)
[2025-01-09T04:27:47.225+0000][201737.591s][info][gc,task     ] GC(7970) Using 6 workers of 6 for evacuation
[2025-01-09T04:27:47.255+0000][201737.621s][info][gc,phases   ] GC(7970)   Pre Evacuate Collection Set: 0.2ms
[2025-01-09T04:27:47.255+0000][201737.622s][info][gc,phases   ] GC(7970)   Merge Heap Roots: 0.5ms
[2025-01-09T04:27:47.255+0000][201737.622s][info][gc,phases   ] GC(7970)   Evacuate Collection Set: 27.0ms
[2025-01-09T04:27:47.255+0000][201737.622s][info][gc,phases   ] GC(7970)   Post Evacuate Collection Set: 2.7ms
[2025-01-09T04:27:47.255+0000][201737.622s][info][gc,phases   ] GC(7970)   Other: 0.2ms
[2025-01-09T04:27:47.255+0000][201737.622s][info][gc,heap     ] GC(7970) Eden regions: 914->0(913)
[2025-01-09T04:27:47.255+0000][201737.622s][info][gc,heap     ] GC(7970) Survivor regions: 7->8(116)
[2025-01-09T04:27:47.255+0000][201737.622s][info][gc,heap     ] GC(7970) Old regions: 229->229
[2025-01-09T04:27:47.255+0000][201737.622s][info][gc,heap     ] GC(7970) Archive regions: 2->2
[2025-01-09T04:27:47.255+0000][201737.622s][info][gc,heap     ] GC(7970) Humongous regions: 49->49
[2025-01-09T04:27:47.255+0000][201737.622s][info][gc,metaspace] GC(7970) Metaspace: 524776K(534272K)->524776K(534272K) NonClass: 460844K(465536K)->460844K(465536K) Class: 63932K(68736K)->63932K(68736K)
[2025-01-09T04:27:47.255+0000][201737.622s][info][gc          ] GC(7970) Pause Young (Normal) (G1 Evacuation Pause) 9590M->2287M(12288M) 30.799ms
[2025-01-09T04:27:47.256+0000][201737.622s][info][gc,cpu      ] GC(7970) User=0.18s Sys=0.01s Real=0.03s
[2025-01-09T04:27:56.826+0000][201747.192s][info][gc,start    ] GC(7971) Pause Young (Concurrent Start) (G1 Evacuation Pause)
[2025-01-09T04:27:56.826+0000][201747.192s][info][gc,task     ] GC(7971) Using 6 workers of 6 for evacuation
[2025-01-09T04:27:56.864+0000][201747.230s][info][gc,phases   ] GC(7971)   Pre Evacuate Collection Set: 1.2ms
[2025-01-09T04:27:56.864+0000][201747.230s][info][gc,phases   ] GC(7971)   Merge Heap Roots: 0.5ms
[2025-01-09T04:27:56.864+0000][201747.230s][info][gc,phases   ] GC(7971)   Evacuate Collection Set: 33.2ms
[2025-01-09T04:27:56.864+0000][201747.230s][info][gc,phases   ] GC(7971)   Post Evacuate Collection Set: 2.6ms
[2025-01-09T04:27:56.864+0000][201747.230s][info][gc,phases   ] GC(7971)   Other: 0.3ms
[2025-01-09T04:27:56.864+0000][201747.230s][info][gc,heap     ] GC(7971) Eden regions: 913->0(911)
[2025-01-09T04:27:56.864+0000][201747.230s][info][gc,heap     ] GC(7971) Survivor regions: 8->10(116)
[2025-01-09T04:27:56.864+0000][201747.230s][info][gc,heap     ] GC(7971) Old regions: 229->229
[2025-01-09T04:27:56.864+0000][201747.230s][info][gc,heap     ] GC(7971) Archive regions: 2->2
[2025-01-09T04:27:56.864+0000][201747.230s][info][gc,heap     ] GC(7971) Humongous regions: 49->49
[2025-01-09T04:27:56.864+0000][201747.230s][info][gc,metaspace] GC(7971) Metaspace: 524776K(534272K)->524776K(534272K) NonClass: 460844K(465536K)->460844K(465536K) Class: 63932K(68736K)->63932K(68736K)
[2025-01-09T04:27:56.864+0000][201747.230s][info][gc          ] GC(7971) Pause Young (Concurrent Start) (G1 Evacuation Pause) 9591M->2301M(12288M) 37.862ms
[2025-01-09T04:27:56.864+0000][201747.230s][info][gc,cpu      ] GC(7971) User=0.21s Sys=0.00s Real=0.04s
[2025-01-09T04:27:56.864+0000][201747.230s][info][gc          ] GC(7972) Concurrent Mark Cycle
[2025-01-09T04:27:56.864+0000][201747.230s][info][gc,marking  ] GC(7972) Concurrent Clear Claimed Marks
[2025-01-09T04:27:56.865+0000][201747.231s][info][gc,marking  ] GC(7972) Concurrent Clear Claimed Marks 0.983ms
[2025-01-09T04:27:56.865+0000][201747.231s][info][gc,marking  ] GC(7972) Concurrent Scan Root Regions
[2025-01-09T04:27:56.897+0000][201747.263s][info][gc,marking  ] GC(7972) Concurrent Scan Root Regions 31.964ms
[2025-01-09T04:27:56.897+0000][201747.263s][info][gc,marking  ] GC(7972) Concurrent Mark
[2025-01-09T04:27:56.897+0000][201747.263s][info][gc,marking  ] GC(7972) Concurrent Mark From Roots
[2025-01-09T04:27:56.897+0000][201747.263s][info][gc,task     ] GC(7972) Using 2 workers of 2 for marking
[2025-01-09T04:27:57.761+0000][201748.127s][info][gc,marking  ] GC(7972) Concurrent Mark From Roots 864.014ms
[2025-01-09T04:27:57.761+0000][201748.127s][info][gc,marking  ] GC(7972) Concurrent Preclean
[2025-01-09T04:27:57.764+0000][201748.130s][info][gc,marking  ] GC(7972) Concurrent Preclean 2.836ms
[2025-01-09T04:27:57.764+0000][201748.130s][info][gc,start    ] GC(7972) Pause Remark
[2025-01-09T04:27:57.789+0000][201748.155s][info][gc          ] GC(7972) Pause Remark 3065M->3065M(12288M) 25.275ms
[2025-01-09T04:27:57.789+0000][201748.155s][info][gc,cpu      ] GC(7972) User=0.15s Sys=0.00s Real=0.02s
[2025-01-09T04:27:57.789+0000][201748.156s][info][gc,marking  ] GC(7972) Concurrent Mark 892.526ms
[2025-01-09T04:27:57.790+0000][201748.156s][info][gc,marking  ] GC(7972) Concurrent Rebuild Remembered Sets
[2025-01-09T04:27:58.337+0000][201748.704s][info][gc,marking  ] GC(7972) Concurrent Rebuild Remembered Sets 547.906ms
[2025-01-09T04:27:58.338+0000][201748.704s][info][gc,start    ] GC(7972) Pause Cleanup
[2025-01-09T04:27:58.338+0000][201748.704s][info][gc          ] GC(7972) Pause Cleanup 3401M->3401M(12288M) 0.400ms
[2025-01-09T04:27:58.338+0000][201748.704s][info][gc,cpu      ] GC(7972) User=0.00s Sys=0.00s Real=0.00s
[2025-01-09T04:27:58.338+0000][201748.704s][info][gc,marking  ] GC(7972) Concurrent Cleanup for Next Mark
[2025-01-09T04:27:58.360+0000][201748.726s][info][gc,marking  ] GC(7972) Concurrent Cleanup for Next Mark 21.663ms
[2025-01-09T04:27:58.360+0000][201748.726s][info][gc          ] GC(7972) Concurrent Mark Cycle 1495.870ms
[2025-01-09T04:28:04.307+0000][201754.673s][info][gc,start    ] GC(7973) Pause Young (Prepare Mixed) (G1 Evacuation Pause)
[2025-01-09T04:28:04.307+0000][201754.673s][info][gc,task     ] GC(7973) Using 6 workers of 6 for evacuation
[2025-01-09T04:28:04.353+0000][201754.719s][info][gc,phases   ] GC(7973)   Pre Evacuate Collection Set: 0.2ms
[2025-01-09T04:28:04.353+0000][201754.719s][info][gc,phases   ] GC(7973)   Merge Heap Roots: 0.8ms
[2025-01-09T04:28:04.353+0000][201754.719s][info][gc,phases   ] GC(7973)   Evacuate Collection Set: 38.8ms
[2025-01-09T04:28:04.353+0000][201754.719s][info][gc,phases   ] GC(7973)   Post Evacuate Collection Set: 5.9ms
[2025-01-09T04:28:04.353+0000][201754.719s][info][gc,phases   ] GC(7973)   Other: 0.2ms
[2025-01-09T04:28:04.353+0000][201754.719s][info][gc,heap     ] GC(7973) Eden regions: 911->0(65)
[2025-01-09T04:28:04.353+0000][201754.719s][info][gc,heap     ] GC(7973) Survivor regions: 10->11(116)
[2025-01-09T04:28:04.353+0000][201754.719s][info][gc,heap     ] GC(7973) Old regions: 229->229
[2025-01-09T04:28:04.353+0000][201754.719s][info][gc,heap     ] GC(7973) Archive regions: 2->2
[2025-01-09T04:28:04.353+0000][201754.719s][info][gc,heap     ] GC(7973) Humongous regions: 49->49
[2025-01-09T04:28:04.353+0000][201754.719s][info][gc,metaspace] GC(7973) Metaspace: 524776K(534272K)->524776K(534272K) NonClass: 460844K(465536K)->460844K(465536K) Class: 63932K(68736K)->63932K(68736K)
[2025-01-09T04:28:04.353+0000][201754.719s][info][gc          ] GC(7973) Pause Young (Prepare Mixed) (G1 Evacuation Pause) 9589M->2313M(12288M) 45.973ms
[2025-01-09T04:28:04.353+0000][201754.719s][info][gc,cpu      ] GC(7973) User=0.27s Sys=0.00s Real=0.05s
[2025-01-09T04:28:04.877+0000][201755.243s][info][gc,start    ] GC(7974) Pause Young (Mixed) (G1 Evacuation Pause)
[2025-01-09T04:28:04.877+0000][201755.243s][info][gc,task     ] GC(7974) Using 6 workers of 6 for evacuation
[2025-01-09T04:28:04.944+0000][201755.310s][info][gc,phases   ] GC(7974)   Pre Evacuate Collection Set: 0.2ms
[2025-01-09T04:28:04.944+0000][201755.310s][info][gc,phases   ] GC(7974)   Merge Heap Roots: 0.7ms
[2025-01-09T04:28:04.944+0000][201755.310s][info][gc,phases   ] GC(7974)   Evacuate Collection Set: 64.4ms
[2025-01-09T04:28:04.944+0000][201755.310s][info][gc,phases   ] GC(7974)   Post Evacuate Collection Set: 1.8ms
[2025-01-09T04:28:04.944+0000][201755.310s][info][gc,phases   ] GC(7974)   Other: 0.2ms
[2025-01-09T04:28:04.944+0000][201755.310s][info][gc,heap     ] GC(7974) Eden regions: 65->0(915)
[2025-01-09T04:28:04.944+0000][201755.310s][info][gc,heap     ] GC(7974) Survivor regions: 11->6(10)
[2025-01-09T04:28:04.944+0000][201755.310s][info][gc,heap     ] GC(7974) Old regions: 229->230
[2025-01-09T04:28:04.944+0000][201755.310s][info][gc,heap     ] GC(7974) Archive regions: 2->2
[2025-01-09T04:28:04.944+0000][201755.310s][info][gc,heap     ] GC(7974) Humongous regions: 49->49
[2025-01-09T04:28:04.944+0000][201755.310s][info][gc,metaspace] GC(7974) Metaspace: 524776K(534272K)->524776K(534272K) NonClass: 460844K(465536K)->460844K(465536K) Class: 63932K(68736K)->63932K(68736K)
[2025-01-09T04:28:04.944+0000][201755.310s][info][gc          ] GC(7974) Pause Young (Mixed) (G1 Evacuation Pause) 2833M->2278M(12288M) 67.352ms
[2025-01-09T04:28:04.944+0000][201755.310s][info][gc,cpu      ] GC(7974) User=0.40s Sys=0.00s Real=0.07s
[2025-01-09T04:28:12.714+0000][201763.080s][info][gc,start    ] GC(7975) Pause Young (Normal) (G1 Evacuation Pause)
[2025-01-09T04:28:12.714+0000][201763.080s][info][gc,task     ] GC(7975) Using 6 workers of 6 for evacuation
[2025-01-09T04:28:12.738+0000][201763.105s][info][gc,phases   ] GC(7975)   Pre Evacuate Collection Set: 0.2ms
[2025-01-09T04:28:12.738+0000][201763.105s][info][gc,phases   ] GC(7975)   Merge Heap Roots: 0.4ms
[2025-01-09T04:28:12.738+0000][201763.105s][info][gc,phases   ] GC(7975)   Evacuate Collection Set: 21.1ms
[2025-01-09T04:28:12.738+0000][201763.105s][info][gc,phases   ] GC(7975)   Post Evacuate Collection Set: 2.6ms
[2025-01-09T04:28:12.738+0000][201763.105s][info][gc,phases   ] GC(7975)   Other: 0.2ms
[2025-01-09T04:28:12.738+0000][201763.105s][info][gc,heap     ] GC(7975) Eden regions: 915->0(916)
[2025-01-09T04:28:12.738+0000][201763.105s][info][gc,heap     ] GC(7975) Survivor regions: 6->5(116)
[2025-01-09T04:28:12.738+0000][201763.105s][info][gc,heap     ] GC(7975) Old regions: 230->230
[2025-01-09T04:28:12.738+0000][201763.105s][info][gc,heap     ] GC(7975) Archive regions: 2->2
[2025-01-09T04:28:12.739+0000][201763.105s][info][gc,heap     ] GC(7975) Humongous regions: 49->49
[2025-01-09T04:28:12.739+0000][201763.105s][info][gc,metaspace] GC(7975) Metaspace: 524776K(534272K)->524776K(534272K) NonClass: 460844K(465536K)->460844K(465536K) Class: 63932K(68736K)->63932K(68736K)
[2025-01-09T04:28:12.739+0000][201763.105s][info][gc          ] GC(7975) Pause Young (Normal) (G1 Evacuation Pause) 9598M->2274M(12288M) 24.689ms
[2025-01-09T04:28:12.739+0000][201763.105s][info][gc,cpu      ] GC(7975) User=0.14s Sys=0.00s Real=0.02s
[2025-01-09T04:28:20.768+0000][201771.134s][info][gc,start    ] GC(7976) Pause Young (Normal) (G1 Evacuation Pause)
[2025-01-09T04:28:20.768+0000][201771.134s][info][gc,task     ] GC(7976) Using 6 workers of 6 for evacuation
[2025-01-09T04:28:20.797+0000][201771.163s][info][gc,phases   ] GC(7976)   Pre Evacuate Collection Set: 0.2ms
[2025-01-09T04:28:20.797+0000][201771.163s][info][gc,phases   ] GC(7976)   Merge Heap Roots: 0.4ms
[2025-01-09T04:28:20.797+0000][201771.163s][info][gc,phases   ] GC(7976)   Evacuate Collection Set: 24.7ms
[2025-01-09T04:28:20.797+0000][201771.163s][info][gc,phases   ] GC(7976)   Post Evacuate Collection Set: 4.1ms
[2025-01-09T04:28:20.797+0000][201771.163s][info][gc,phases   ] GC(7976)   Other: 0.2ms
[2025-01-09T04:28:20.797+0000][201771.163s][info][gc,heap     ] GC(7976) Eden regions: 916->0(913)
[2025-01-09T04:28:20.797+0000][201771.163s][info][gc,heap     ] GC(7976) Survivor regions: 5->8(116)
[2025-01-09T04:28:20.797+0000][201771.163s][info][gc,heap     ] GC(7976) Old regions: 230->230
[2025-01-09T04:28:20.797+0000][201771.163s][info][gc,heap     ] GC(7976) Archive regions: 2->2
[2025-01-09T04:28:20.797+0000][201771.163s][info][gc,heap     ] GC(7976) Humongous regions: 49->49
[2025-01-09T04:28:20.797+0000][201771.163s][info][gc,metaspace] GC(7976) Metaspace: 524776K(534272K)->524776K(534272K) NonClass: 460844K(465536K)->460844K(465536K) Class: 63932K(68736K)->63932K(68736K)
[2025-01-09T04:28:20.797+0000][201771.163s][info][gc          ] GC(7976) Pause Young (Normal) (G1 Evacuation Pause) 9602M->2292M(12288M) 29.673ms
[2025-01-09T04:28:20.797+0000][201771.163s][info][gc,cpu      ] GC(7976) User=0.16s Sys=0.01s Real=0.03s
[2025-01-09T04:28:30.205+0000][201780.571s][info][gc,start    ] GC(7977) Pause Young (Concurrent Start) (G1 Evacuation Pause)
[2025-01-09T04:28:30.205+0000][201780.572s][info][gc,task     ] GC(7977) Using 6 workers of 6 for evacuation
[2025-01-09T04:28:30.238+0000][201780.605s][info][gc,phases   ] GC(7977)   Pre Evacuate Collection Set: 1.1ms
[2025-01-09T04:28:30.238+0000][201780.605s][info][gc,phases   ] GC(7977)   Merge Heap Roots: 0.4ms
[2025-01-09T04:28:30.238+0000][201780.605s][info][gc,phases   ] GC(7977)   Evacuate Collection Set: 28.6ms
[2025-01-09T04:28:30.238+0000][201780.605s][info][gc,phases   ] GC(7977)   Post Evacuate Collection Set: 2.6ms
[2025-01-09T04:28:30.238+0000][201780.605s][info][gc,phases   ] GC(7977)   Other: 0.3ms
[2025-01-09T04:28:30.239+0000][201780.605s][info][gc,heap     ] GC(7977) Eden regions: 913->0(913)
[2025-01-09T04:28:30.239+0000][201780.605s][info][gc,heap     ] GC(7977) Survivor regions: 8->8(116)
[2025-01-09T04:28:30.239+0000][201780.605s][info][gc,heap     ] GC(7977) Old regions: 230->230
[2025-01-09T04:28:30.239+0000][201780.605s][info][gc,heap     ] GC(7977) Archive regions: 2->2
[2025-01-09T04:28:30.239+0000][201780.605s][info][gc,heap     ] GC(7977) Humongous regions: 49->49
[2025-01-09T04:28:30.239+0000][201780.605s][info][gc,metaspace] GC(7977) Metaspace: 524776K(534272K)->524776K(534272K) NonClass: 460844K(465536K)->460844K(465536K) Class: 63932K(68736K)->63932K(68736K)
[2025-01-09T04:28:30.239+0000][201780.605s][info][gc          ] GC(7977) Pause Young (Concurrent Start) (G1 Evacuation Pause) 9596M->2293M(12288M) 33.178ms
[2025-01-09T04:28:30.239+0000][201780.605s][info][gc,cpu      ] GC(7977) User=0.19s Sys=0.00s Real=0.03s
[2025-01-09T04:28:30.239+0000][201780.605s][info][gc          ] GC(7978) Concurrent Mark Cycle
[2025-01-09T04:28:30.239+0000][201780.605s][info][gc,marking  ] GC(7978) Concurrent Clear Claimed Marks
[2025-01-09T04:28:30.240+0000][201780.606s][info][gc,marking  ] GC(7978) Concurrent Clear Claimed Marks 0.935ms
[2025-01-09T04:28:30.240+0000][201780.606s][info][gc,marking  ] GC(7978) Concurrent Scan Root Regions
[2025-01-09T04:28:30.263+0000][201780.629s][info][gc,marking  ] GC(7978) Concurrent Scan Root Regions 22.894ms
[2025-01-09T04:28:30.263+0000][201780.629s][info][gc,marking  ] GC(7978) Concurrent Mark
[2025-01-09T04:28:30.263+0000][201780.629s][info][gc,marking  ] GC(7978) Concurrent Mark From Roots
[2025-01-09T04:28:30.263+0000][201780.629s][info][gc,task     ] GC(7978) Using 2 workers of 2 for marking
[2025-01-09T04:28:31.027+0000][201781.393s][info][gc,marking  ] GC(7978) Concurrent Mark From Roots 764.174ms
[2025-01-09T04:28:31.027+0000][201781.393s][info][gc,marking  ] GC(7978) Concurrent Preclean
[2025-01-09T04:28:31.030+0000][201781.396s][info][gc,marking  ] GC(7978) Concurrent Preclean 2.902ms
[2025-01-09T04:28:31.030+0000][201781.396s][info][gc,start    ] GC(7978) Pause Remark
[2025-01-09T04:28:31.055+0000][201781.421s][info][gc          ] GC(7978) Pause Remark 2825M->2825M(12288M) 25.492ms
[2025-01-09T04:28:31.055+0000][201781.421s][info][gc,cpu      ] GC(7978) User=0.14s Sys=0.00s Real=0.02s
[2025-01-09T04:28:31.055+0000][201781.422s][info][gc,marking  ] GC(7978) Concurrent Mark 792.937ms
[2025-01-09T04:28:31.055+0000][201781.422s][info][gc,marking  ] GC(7978) Concurrent Rebuild Remembered Sets
[2025-01-09T04:28:31.577+0000][201781.943s][info][gc,marking  ] GC(7978) Concurrent Rebuild Remembered Sets 521.446ms
[2025-01-09T04:28:31.577+0000][201781.943s][info][gc,start    ] GC(7978) Pause Cleanup
[2025-01-09T04:28:31.578+0000][201781.944s][info][gc          ] GC(7978) Pause Cleanup 3485M->3485M(12288M) 0.446ms
[2025-01-09T04:28:31.578+0000][201781.944s][info][gc,cpu      ] GC(7978) User=0.00s Sys=0.00s Real=0.00s
[2025-01-09T04:28:31.578+0000][201781.944s][info][gc,marking  ] GC(7978) Concurrent Cleanup for Next Mark
[2025-01-09T04:28:31.594+0000][201781.960s][info][gc,marking  ] GC(7978) Concurrent Cleanup for Next Mark 16.183ms
[2025-01-09T04:28:31.594+0000][201781.960s][info][gc          ] GC(7978) Concurrent Mark Cycle 1355.243ms
[2025-01-09T04:28:36.334+0000][201786.700s][info][gc,start    ] GC(7979) Pause Young (Prepare Mixed) (G1 Evacuation Pause)
[2025-01-09T04:28:36.334+0000][201786.700s][info][gc,task     ] GC(7979) Using 6 workers of 6 for evacuation
[2025-01-09T04:28:36.372+0000][201786.738s][info][gc,phases   ] GC(7979)   Pre Evacuate Collection Set: 0.2ms
[2025-01-09T04:28:36.372+0000][201786.738s][info][gc,phases   ] GC(7979)   Merge Heap Roots: 0.6ms
[2025-01-09T04:28:36.372+0000][201786.738s][info][gc,phases   ] GC(7979)   Evacuate Collection Set: 34.5ms
[2025-01-09T04:28:36.372+0000][201786.738s][info][gc,phases   ] GC(7979)   Post Evacuate Collection Set: 2.6ms
[2025-01-09T04:28:36.372+0000][201786.738s][info][gc,phases   ] GC(7979)   Other: 0.2ms
[2025-01-09T04:28:36.372+0000][201786.738s][info][gc,heap     ] GC(7979) Eden regions: 913->0(66)
[2025-01-09T04:28:36.372+0000][201786.738s][info][gc,heap     ] GC(7979) Survivor regions: 8->10(116)
[2025-01-09T04:28:36.372+0000][201786.738s][info][gc,heap     ] GC(7979) Old regions: 230->230
[2025-01-09T04:28:36.372+0000][201786.738s][info][gc,heap     ] GC(7979) Archive regions: 2->2
[2025-01-09T04:28:36.372+0000][201786.738s][info][gc,heap     ] GC(7979) Humongous regions: 49->49
[2025-01-09T04:28:36.372+0000][201786.738s][info][gc,metaspace] GC(7979) Metaspace: 524776K(534272K)->524776K(534272K) NonClass: 460844K(465536K)->460844K(465536K) Class: 63932K(68736K)->63932K(68736K)
[2025-01-09T04:28:36.372+0000][201786.739s][info][gc          ] GC(7979) Pause Young (Prepare Mixed) (G1 Evacuation Pause) 9597M->2310M(12288M) 38.302ms
[2025-01-09T04:28:36.372+0000][201786.739s][info][gc,cpu      ] GC(7979) User=0.22s Sys=0.00s Real=0.04s
[2025-01-09T04:28:36.680+0000][201787.046s][info][gc,start    ] GC(7980) Pause Young (Mixed) (G1 Evacuation Pause)
[2025-01-09T04:28:36.680+0000][201787.046s][info][gc,task     ] GC(7980) Using 6 workers of 6 for evacuation
[2025-01-09T04:28:36.750+0000][201787.117s][info][gc,phases   ] GC(7980)   Pre Evacuate Collection Set: 0.2ms
[2025-01-09T04:28:36.751+0000][201787.117s][info][gc,phases   ] GC(7980)   Merge Heap Roots: 0.9ms
[2025-01-09T04:28:36.751+0000][201787.117s][info][gc,phases   ] GC(7980)   Evacuate Collection Set: 67.3ms
[2025-01-09T04:28:36.751+0000][201787.117s][info][gc,phases   ] GC(7980)   Post Evacuate Collection Set: 1.7ms
[2025-01-09T04:28:36.751+0000][201787.117s][info][gc,phases   ] GC(7980)   Other: 0.2ms
[2025-01-09T04:28:36.751+0000][201787.117s][info][gc,heap     ] GC(7980) Eden regions: 66->0(916)
[2025-01-09T04:28:36.751+0000][201787.117s][info][gc,heap     ] GC(7980) Survivor regions: 10->5(10)
[2025-01-09T04:28:36.751+0000][201787.117s][info][gc,heap     ] GC(7980) Old regions: 230->229
[2025-01-09T04:28:36.751+0000][201787.117s][info][gc,heap     ] GC(7980) Archive regions: 2->2
[2025-01-09T04:28:36.751+0000][201787.117s][info][gc,heap     ] GC(7980) Humongous regions: 49->49
[2025-01-09T04:28:36.751+0000][201787.117s][info][gc,metaspace] GC(7980) Metaspace: 524776K(534272K)->524776K(534272K) NonClass: 460844K(465536K)->460844K(465536K) Class: 63932K(68736K)->63932K(68736K)
[2025-01-09T04:28:36.751+0000][201787.117s][info][gc          ] GC(7980) Pause Young (Mixed) (G1 Evacuation Pause) 2838M->2262M(12288M) 70.278ms
[2025-01-09T04:28:36.751+0000][201787.117s][info][gc,cpu      ] GC(7980) User=0.41s Sys=0.00s Real=0.08s
[2025-01-09T04:28:41.514+0000][201791.880s][info][gc,start    ] GC(7981) Pause Young (Normal) (G1 Evacuation Pause)
[2025-01-09T04:28:41.514+0000][201791.880s][info][gc,task     ] GC(7981) Using 6 workers of 6 for evacuation
[2025-01-09T04:28:41.539+0000][201791.905s][info][gc,phases   ] GC(7981)   Pre Evacuate Collection Set: 0.2ms
[2025-01-09T04:28:41.539+0000][201791.905s][info][gc,phases   ] GC(7981)   Merge Heap Roots: 0.4ms
[2025-01-09T04:28:41.539+0000][201791.905s][info][gc,phases   ] GC(7981)   Evacuate Collection Set: 21.8ms
[2025-01-09T04:28:41.539+0000][201791.905s][info][gc,phases   ] GC(7981)   Post Evacuate Collection Set: 2.7ms
[2025-01-09T04:28:41.539+0000][201791.905s][info][gc,phases   ] GC(7981)   Other: 0.2ms
[2025-01-09T04:28:41.539+0000][201791.905s][info][gc,heap     ] GC(7981) Eden regions: 916->0(916)
[2025-01-09T04:28:41.539+0000][201791.905s][info][gc,heap     ] GC(7981) Survivor regions: 5->5(116)
[2025-01-09T04:28:41.539+0000][201791.905s][info][gc,heap     ] GC(7981) Old regions: 229->229
[2025-01-09T04:28:41.539+0000][201791.905s][info][gc,heap     ] GC(7981) Archive regions: 2->2
[2025-01-09T04:28:41.539+0000][201791.905s][info][gc,heap     ] GC(7981) Humongous regions: 49->49
[2025-01-09T04:28:41.539+0000][201791.905s][info][gc,metaspace] GC(7981) Metaspace: 524776K(534272K)->524776K(534272K) NonClass: 460844K(465536K)->460844K(465536K) Class: 63932K(68736K)->63932K(68736K)
[2025-01-09T04:28:41.539+0000][201791.905s][info][gc          ] GC(7981) Pause Young (Normal) (G1 Evacuation Pause) 9590M->2264M(12288M) 25.434ms
[2025-01-09T04:28:41.539+0000][201791.905s][info][gc,cpu      ] GC(7981) User=0.15s Sys=0.00s Real=0.02s
[2025-01-09T04:28:46.748+0000][201797.114s][info][gc,start    ] GC(7982) Pause Young (Normal) (G1 Evacuation Pause)
[2025-01-09T04:28:46.748+0000][201797.114s][info][gc,task     ] GC(7982) Using 6 workers of 6 for evacuation
[2025-01-09T04:28:46.774+0000][201797.140s][info][gc,phases   ] GC(7982)   Pre Evacuate Collection Set: 0.2ms
[2025-01-09T04:28:46.774+0000][201797.140s][info][gc,phases   ] GC(7982)   Merge Heap Roots: 0.4ms
[2025-01-09T04:28:46.774+0000][201797.140s][info][gc,phases   ] GC(7982)   Evacuate Collection Set: 23.3ms
[2025-01-09T04:28:46.774+0000][201797.140s][info][gc,phases   ] GC(7982)   Post Evacuate Collection Set: 2.4ms
[2025-01-09T04:28:46.774+0000][201797.140s][info][gc,phases   ] GC(7982)   Other: 0.2ms
[2025-01-09T04:28:46.774+0000][201797.140s][info][gc,heap     ] GC(7982) Eden regions: 916->0(914)
[2025-01-09T04:28:46.774+0000][201797.140s][info][gc,heap     ] GC(7982) Survivor regions: 5->7(116)
[2025-01-09T04:28:46.774+0000][201797.140s][info][gc,heap     ] GC(7982) Old regions: 229->229
[2025-01-09T04:28:46.774+0000][201797.140s][info][gc,heap     ] GC(7982) Archive regions: 2->2
[2025-01-09T04:28:46.774+0000][201797.140s][info][gc,heap     ] GC(7982) Humongous regions: 49->49
[2025-01-09T04:28:46.774+0000][201797.140s][info][gc,metaspace] GC(7982) Metaspace: 524776K(534272K)->524776K(534272K) NonClass: 460844K(465536K)->460844K(465536K) Class: 63932K(68736K)->63932K(68736K)
[2025-01-09T04:28:46.774+0000][201797.140s][info][gc          ] GC(7982) Pause Young (Normal) (G1 Evacuation Pause) 9592M->2276M(12288M) 26.656ms
[2025-01-09T04:28:46.774+0000][201797.140s][info][gc,cpu      ] GC(7982) User=0.15s Sys=0.00s Real=0.03s
[2025-01-09T04:28:51.831+0000][201802.197s][info][gc,start    ] GC(7983) Pause Young (Concurrent Start) (G1 Evacuation Pause)
[2025-01-09T04:28:51.831+0000][201802.197s][info][gc,task     ] GC(7983) Using 6 workers of 6 for evacuation
[2025-01-09T04:28:51.860+0000][201802.226s][info][gc,phases   ] GC(7983)   Pre Evacuate Collection Set: 1.2ms
[2025-01-09T04:28:51.860+0000][201802.226s][info][gc,phases   ] GC(7983)   Merge Heap Roots: 0.4ms
[2025-01-09T04:28:51.860+0000][201802.226s][info][gc,phases   ] GC(7983)   Evacuate Collection Set: 24.1ms
[2025-01-09T04:28:51.860+0000][201802.226s][info][gc,phases   ] GC(7983)   Post Evacuate Collection Set: 2.5ms
[2025-01-09T04:28:51.860+0000][201802.226s][info][gc,phases   ] GC(7983)   Other: 0.3ms
[2025-01-09T04:28:51.860+0000][201802.226s][info][gc,heap     ] GC(7983) Eden regions: 914->0(914)
[2025-01-09T04:28:51.860+0000][201802.226s][info][gc,heap     ] GC(7983) Survivor regions: 7->7(116)
[2025-01-09T04:28:51.860+0000][201802.226s][info][gc,heap     ] GC(7983) Old regions: 229->229
[2025-01-09T04:28:51.860+0000][201802.226s][info][gc,heap     ] GC(7983) Archive regions: 2->2
[2025-01-09T04:28:51.860+0000][201802.226s][info][gc,heap     ] GC(7983) Humongous regions: 49->49
[2025-01-09T04:28:51.860+0000][201802.226s][info][gc,metaspace] GC(7983) Metaspace: 524776K(534272K)->524776K(534272K) NonClass: 460844K(465536K)->460844K(465536K) Class: 63932K(68736K)->63932K(68736K)
[2025-01-09T04:28:51.860+0000][201802.226s][info][gc          ] GC(7983) Pause Young (Concurrent Start) (G1 Evacuation Pause) 9588M->2276M(12288M) 28.543ms
[2025-01-09T04:28:51.860+0000][201802.226s][info][gc,cpu      ] GC(7983) User=0.16s Sys=0.00s Real=0.02s
[2025-01-09T04:28:51.860+0000][201802.226s][info][gc          ] GC(7984) Concurrent Mark Cycle
[2025-01-09T04:28:51.860+0000][201802.226s][info][gc,marking  ] GC(7984) Concurrent Clear Claimed Marks
[2025-01-09T04:28:51.861+0000][201802.227s][info][gc,marking  ] GC(7984) Concurrent Clear Claimed Marks 0.955ms
[2025-01-09T04:28:51.861+0000][201802.227s][info][gc,marking  ] GC(7984) Concurrent Scan Root Regions
[2025-01-09T04:28:51.878+0000][201802.244s][info][gc,marking  ] GC(7984) Concurrent Scan Root Regions 16.560ms
[2025-01-09T04:28:51.878+0000][201802.244s][info][gc,marking  ] GC(7984) Concurrent Mark
[2025-01-09T04:28:51.878+0000][201802.244s][info][gc,marking  ] GC(7984) Concurrent Mark From Roots
[2025-01-09T04:28:51.878+0000][201802.244s][info][gc,task     ] GC(7984) Using 2 workers of 2 for marking
[2025-01-09T04:28:52.718+0000][201803.084s][info][gc,marking  ] GC(7984) Concurrent Mark From Roots 840.369ms
[2025-01-09T04:28:52.718+0000][201803.084s][info][gc,marking  ] GC(7984) Concurrent Preclean
[2025-01-09T04:28:52.722+0000][201803.088s][info][gc,marking  ] GC(7984) Concurrent Preclean 3.534ms
[2025-01-09T04:28:52.722+0000][201803.088s][info][gc,start    ] GC(7984) Pause Remark
[2025-01-09T04:28:52.747+0000][201803.114s][info][gc          ] GC(7984) Pause Remark 3272M->3272M(12288M) 25.752ms
[2025-01-09T04:28:52.747+0000][201803.114s][info][gc,cpu      ] GC(7984) User=0.14s Sys=0.01s Real=0.02s
[2025-01-09T04:28:52.748+0000][201803.114s][info][gc,marking  ] GC(7984) Concurrent Mark 870.019ms
[2025-01-09T04:28:52.748+0000][201803.114s][info][gc,marking  ] GC(7984) Concurrent Rebuild Remembered Sets
[2025-01-09T04:28:53.358+0000][201803.724s][info][gc,marking  ] GC(7984) Concurrent Rebuild Remembered Sets 610.379ms
[2025-01-09T04:28:53.358+0000][201803.724s][info][gc,start    ] GC(7984) Pause Cleanup
[2025-01-09T04:28:53.359+0000][201803.725s][info][gc          ] GC(7984) Pause Cleanup 4068M->4068M(12288M) 0.448ms
[2025-01-09T04:28:53.359+0000][201803.725s][info][gc,cpu      ] GC(7984) User=0.00s Sys=0.00s Real=0.00s
[2025-01-09T04:28:53.359+0000][201803.725s][info][gc,marking  ] GC(7984) Concurrent Cleanup for Next Mark
[2025-01-09T04:28:53.375+0000][201803.741s][info][gc,marking  ] GC(7984) Concurrent Cleanup for Next Mark 15.979ms
[2025-01-09T04:28:53.375+0000][201803.741s][info][gc          ] GC(7984) Concurrent Mark Cycle 1514.773ms
[2025-01-09T04:28:59.870+0000][201810.236s][info][gc,start    ] GC(7985) Pause Young (Prepare Mixed) (G1 Evacuation Pause)
[2025-01-09T04:28:59.870+0000][201810.237s][info][gc,task     ] GC(7985) Using 6 workers of 6 for evacuation
[2025-01-09T04:28:59.906+0000][201810.272s][info][gc,phases   ] GC(7985)   Pre Evacuate Collection Set: 0.2ms
[2025-01-09T04:28:59.906+0000][201810.272s][info][gc,phases   ] GC(7985)   Merge Heap Roots: 0.6ms
[2025-01-09T04:28:59.906+0000][201810.272s][info][gc,phases   ] GC(7985)   Evacuate Collection Set: 29.0ms
[2025-01-09T04:28:59.906+0000][201810.272s][info][gc,phases   ] GC(7985)   Post Evacuate Collection Set: 5.3ms
[2025-01-09T04:28:59.906+0000][201810.272s][info][gc,phases   ] GC(7985)   Other: 0.2ms
[2025-01-09T04:28:59.906+0000][201810.272s][info][gc,heap     ] GC(7985) Eden regions: 914->0(67)
[2025-01-09T04:28:59.906+0000][201810.272s][info][gc,heap     ] GC(7985) Survivor regions: 7->9(116)
[2025-01-09T04:28:59.906+0000][201810.272s][info][gc,heap     ] GC(7985) Old regions: 229->229
[2025-01-09T04:28:59.906+0000][201810.272s][info][gc,heap     ] GC(7985) Archive regions: 2->2
[2025-01-09T04:28:59.906+0000][201810.272s][info][gc,heap     ] GC(7985) Humongous regions: 49->49
[2025-01-09T04:28:59.906+0000][201810.272s][info][gc,metaspace] GC(7985) Metaspace: 524776K(534272K)->524776K(534272K) NonClass: 460844K(465536K)->460844K(465536K) Class: 63932K(68736K)->63932K(68736K)
[2025-01-09T04:28:59.906+0000][201810.272s][info][gc          ] GC(7985) Pause Young (Prepare Mixed) (G1 Evacuation Pause) 9588M->2293M(12288M) 35.441ms
[2025-01-09T04:28:59.906+0000][201810.272s][info][gc,cpu      ] GC(7985) User=0.21s Sys=0.00s Real=0.03s
[2025-01-09T04:29:00.276+0000][201810.642s][info][gc,start    ] GC(7986) Pause Young (Mixed) (G1 Evacuation Pause)
[2025-01-09T04:29:00.276+0000][201810.642s][info][gc,task     ] GC(7986) Using 6 workers of 6 for evacuation
[2025-01-09T04:29:00.355+0000][201810.721s][info][gc,phases   ] GC(7986)   Pre Evacuate Collection Set: 0.2ms
[2025-01-09T04:29:00.355+0000][201810.721s][info][gc,phases   ] GC(7986)   Merge Heap Roots: 0.7ms
[2025-01-09T04:29:00.355+0000][201810.721s][info][gc,phases   ] GC(7986)   Evacuate Collection Set: 76.2ms
[2025-01-09T04:29:00.355+0000][201810.721s][info][gc,phases   ] GC(7986)   Post Evacuate Collection Set: 1.9ms
[2025-01-09T04:29:00.355+0000][201810.721s][info][gc,phases   ] GC(7986)   Other: 0.2ms
[2025-01-09T04:29:00.355+0000][201810.721s][info][gc,heap     ] GC(7986) Eden regions: 67->0(915)
[2025-01-09T04:29:00.355+0000][201810.721s][info][gc,heap     ] GC(7986) Survivor regions: 9->6(10)
[2025-01-09T04:29:00.355+0000][201810.721s][info][gc,heap     ] GC(7986) Old regions: 229->229
[2025-01-09T04:29:00.355+0000][201810.721s][info][gc,heap     ] GC(7986) Archive regions: 2->2
[2025-01-09T04:29:00.355+0000][201810.721s][info][gc,heap     ] GC(7986) Humongous regions: 49->49
[2025-01-09T04:29:00.355+0000][201810.721s][info][gc,metaspace] GC(7986) Metaspace: 524776K(534272K)->524776K(534272K) NonClass: 460844K(465536K)->460844K(465536K) Class: 63932K(68736K)->63932K(68736K)
[2025-01-09T04:29:00.355+0000][201810.721s][info][gc          ] GC(7986) Pause Young (Mixed) (G1 Evacuation Pause) 2829M->2265M(12288M) 79.300ms
[2025-01-09T04:29:00.355+0000][201810.722s][info][gc,cpu      ] GC(7986) User=0.47s Sys=0.00s Real=0.08s
[2025-01-09T04:29:07.944+0000][201818.311s][info][gc,start    ] GC(7987) Pause Young (Normal) (G1 Evacuation Pause)
[2025-01-09T04:29:07.944+0000][201818.311s][info][gc,task     ] GC(7987) Using 6 workers of 6 for evacuation
[2025-01-09T04:29:07.972+0000][201818.338s][info][gc,phases   ] GC(7987)   Pre Evacuate Collection Set: 0.2ms
[2025-01-09T04:29:07.972+0000][201818.338s][info][gc,phases   ] GC(7987)   Merge Heap Roots: 0.4ms
[2025-01-09T04:29:07.972+0000][201818.338s][info][gc,phases   ] GC(7987)   Evacuate Collection Set: 23.8ms
[2025-01-09T04:29:07.972+0000][201818.338s][info][gc,phases   ] GC(7987)   Post Evacuate Collection Set: 2.6ms
[2025-01-09T04:29:07.972+0000][201818.338s][info][gc,phases   ] GC(7987)   Other: 0.2ms
[2025-01-09T04:29:07.972+0000][201818.338s][info][gc,heap     ] GC(7987) Eden regions: 915->0(915)
[2025-01-09T04:29:07.972+0000][201818.338s][info][gc,heap     ] GC(7987) Survivor regions: 6->6(116)
[2025-01-09T04:29:07.972+0000][201818.338s][info][gc,heap     ] GC(7987) Old regions: 229->229
[2025-01-09T04:29:07.972+0000][201818.338s][info][gc,heap     ] GC(7987) Archive regions: 2->2
[2025-01-09T04:29:07.972+0000][201818.338s][info][gc,heap     ] GC(7987) Humongous regions: 49->49
[2025-01-09T04:29:07.972+0000][201818.338s][info][gc,metaspace] GC(7987) Metaspace: 524779K(534272K)->524779K(534272K) NonClass: 460847K(465536K)->460847K(465536K) Class: 63932K(68736K)->63932K(68736K)
[2025-01-09T04:29:07.972+0000][201818.338s][info][gc          ] GC(7987) Pause Young (Normal) (G1 Evacuation Pause) 9585M->2269M(12288M) 27.320ms
[2025-01-09T04:29:07.972+0000][201818.338s][info][gc,cpu      ] GC(7987) User=0.15s Sys=0.00s Real=0.03s
[2025-01-09T04:29:15.084+0000][201825.450s][info][gc,start    ] GC(7988) Pause Young (Normal) (G1 Evacuation Pause)
[2025-01-09T04:29:15.084+0000][201825.450s][info][gc,task     ] GC(7988) Using 6 workers of 6 for evacuation
[2025-01-09T04:29:15.116+0000][201825.482s][info][gc,phases   ] GC(7988)   Pre Evacuate Collection Set: 0.2ms
[2025-01-09T04:29:15.116+0000][201825.482s][info][gc,phases   ] GC(7988)   Merge Heap Roots: 0.4ms
[2025-01-09T04:29:15.116+0000][201825.482s][info][gc,phases   ] GC(7988)   Evacuate Collection Set: 27.9ms
[2025-01-09T04:29:15.116+0000][201825.482s][info][gc,phases   ] GC(7988)   Post Evacuate Collection Set: 4.0ms
[2025-01-09T04:29:15.116+0000][201825.482s][info][gc,phases   ] GC(7988)   Other: 0.2ms
[2025-01-09T04:29:15.116+0000][201825.482s][info][gc,heap     ] GC(7988) Eden regions: 915->0(913)
[2025-01-09T04:29:15.116+0000][201825.482s][info][gc,heap     ] GC(7988) Survivor regions: 6->8(116)
[2025-01-09T04:29:15.116+0000][201825.482s][info][gc,heap     ] GC(7988) Old regions: 229->229
[2025-01-09T04:29:15.116+0000][201825.482s][info][gc,heap     ] GC(7988) Archive regions: 2->2
[2025-01-09T04:29:15.116+0000][201825.482s][info][gc,heap     ] GC(7988) Humongous regions: 49->49
[2025-01-09T04:29:15.116+0000][201825.482s][info][gc,metaspace] GC(7988) Metaspace: 524779K(534272K)->524779K(534272K) NonClass: 460847K(465536K)->460847K(465536K) Class: 63932K(68736K)->63932K(68736K)
[2025-01-09T04:29:15.116+0000][201825.482s][info][gc          ] GC(7988) Pause Young (Normal) (G1 Evacuation Pause) 9589M->2287M(12288M) 32.770ms
[2025-01-09T04:29:15.116+0000][201825.482s][info][gc,cpu      ] GC(7988) User=0.19s Sys=0.00s Real=0.03s
[2025-01-09T04:29:27.390+0000][201837.756s][info][gc,start    ] GC(7989) Pause Young (Concurrent Start) (G1 Evacuation Pause)
[2025-01-09T04:29:27.390+0000][201837.756s][info][gc,task     ] GC(7989) Using 6 workers of 6 for evacuation
[2025-01-09T04:29:27.425+0000][201837.791s][info][gc,phases   ] GC(7989)   Pre Evacuate Collection Set: 1.2ms
[2025-01-09T04:29:27.425+0000][201837.791s][info][gc,phases   ] GC(7989)   Merge Heap Roots: 0.4ms
[2025-01-09T04:29:27.425+0000][201837.791s][info][gc,phases   ] GC(7989)   Evacuate Collection Set: 30.5ms
[2025-01-09T04:29:27.425+0000][201837.791s][info][gc,phases   ] GC(7989)   Post Evacuate Collection Set: 2.7ms
[2025-01-09T04:29:27.425+0000][201837.791s][info][gc,phases   ] GC(7989)   Other: 0.3ms
[2025-01-09T04:29:27.425+0000][201837.791s][info][gc,heap     ] GC(7989) Eden regions: 913->0(913)
[2025-01-09T04:29:27.425+0000][201837.791s][info][gc,heap     ] GC(7989) Survivor regions: 8->8(116)
[2025-01-09T04:29:27.425+0000][201837.791s][info][gc,heap     ] GC(7989) Old regions: 229->229
[2025-01-09T04:29:27.425+0000][201837.791s][info][gc,heap     ] GC(7989) Archive regions: 2->2
[2025-01-09T04:29:27.425+0000][201837.791s][info][gc,heap     ] GC(7989) Humongous regions: 49->49
[2025-01-09T04:29:27.425+0000][201837.791s][info][gc,metaspace] GC(7989) Metaspace: 524779K(534272K)->524779K(534272K) NonClass: 460847K(465536K)->460847K(465536K) Class: 63932K(68736K)->63932K(68736K)
[2025-01-09T04:29:27.425+0000][201837.791s][info][gc          ] GC(7989) Pause Young (Concurrent Start) (G1 Evacuation Pause) 9591M->2287M(12288M) 35.239ms
[2025-01-09T04:29:27.425+0000][201837.791s][info][gc,cpu      ] GC(7989) User=0.20s Sys=0.00s Real=0.03s
[2025-01-09T04:29:27.425+0000][201837.791s][info][gc          ] GC(7990) Concurrent Mark Cycle
[2025-01-09T04:29:27.425+0000][201837.791s][info][gc,marking  ] GC(7990) Concurrent Clear Claimed Marks
[2025-01-09T04:29:27.426+0000][201837.792s][info][gc,marking  ] GC(7990) Concurrent Clear Claimed Marks 0.991ms
[2025-01-09T04:29:27.426+0000][201837.792s][info][gc,marking  ] GC(7990) Concurrent Scan Root Regions
[2025-01-09T04:29:27.447+0000][201837.813s][info][gc,marking  ] GC(7990) Concurrent Scan Root Regions 20.725ms
[2025-01-09T04:29:27.447+0000][201837.813s][info][gc,marking  ] GC(7990) Concurrent Mark
[2025-01-09T04:29:27.447+0000][201837.813s][info][gc,marking  ] GC(7990) Concurrent Mark From Roots
[2025-01-09T04:29:27.447+0000][201837.813s][info][gc,task     ] GC(7990) Using 2 workers of 2 for marking
[2025-01-09T04:29:28.237+0000][201838.603s][info][gc,marking  ] GC(7990) Concurrent Mark From Roots 789.771ms
[2025-01-09T04:29:28.237+0000][201838.603s][info][gc,marking  ] GC(7990) Concurrent Preclean
[2025-01-09T04:29:28.240+0000][201838.606s][info][gc,marking  ] GC(7990) Concurrent Preclean 2.908ms
[2025-01-09T04:29:28.240+0000][201838.606s][info][gc,start    ] GC(7990) Pause Remark
[2025-01-09T04:29:28.266+0000][201838.632s][info][gc          ] GC(7990) Pause Remark 3043M->3043M(12288M) 25.761ms
[2025-01-09T04:29:28.266+0000][201838.632s][info][gc,cpu      ] GC(7990) User=0.14s Sys=0.00s Real=0.03s
[2025-01-09T04:29:28.266+0000][201838.632s][info][gc,marking  ] GC(7990) Concurrent Mark 818.770ms
[2025-01-09T04:29:28.266+0000][201838.632s][info][gc,marking  ] GC(7990) Concurrent Rebuild Remembered Sets
[2025-01-09T04:29:28.789+0000][201839.155s][info][gc,marking  ] GC(7990) Concurrent Rebuild Remembered Sets 523.483ms
[2025-01-09T04:29:28.790+0000][201839.156s][info][gc,start    ] GC(7990) Pause Cleanup
[2025-01-09T04:29:28.790+0000][201839.156s][info][gc          ] GC(7990) Pause Cleanup 3495M->3495M(12288M) 0.423ms
[2025-01-09T04:29:28.790+0000][201839.156s][info][gc,cpu      ] GC(7990) User=0.00s Sys=0.00s Real=0.00s
[2025-01-09T04:29:28.790+0000][201839.156s][info][gc,marking  ] GC(7990) Concurrent Cleanup for Next Mark
[2025-01-09T04:29:28.806+0000][201839.173s][info][gc,marking  ] GC(7990) Concurrent Cleanup for Next Mark 16.246ms
[2025-01-09T04:29:28.806+0000][201839.173s][info][gc          ] GC(7990) Concurrent Mark Cycle 1381.147ms
[2025-01-09T04:29:36.235+0000][201846.601s][info][gc,start    ] GC(7991) Pause Young (Prepare Mixed) (G1 Evacuation Pause)
[2025-01-09T04:29:36.235+0000][201846.601s][info][gc,task     ] GC(7991) Using 6 workers of 6 for evacuation
[2025-01-09T04:29:36.273+0000][201846.639s][info][gc,phases   ] GC(7991)   Pre Evacuate Collection Set: 0.2ms
[2025-01-09T04:29:36.273+0000][201846.639s][info][gc,phases   ] GC(7991)   Merge Heap Roots: 0.7ms
[2025-01-09T04:29:36.273+0000][201846.639s][info][gc,phases   ] GC(7991)   Evacuate Collection Set: 34.4ms
[2025-01-09T04:29:36.273+0000][201846.639s][info][gc,phases   ] GC(7991)   Post Evacuate Collection Set: 2.7ms
[2025-01-09T04:29:36.273+0000][201846.639s][info][gc,phases   ] GC(7991)   Other: 0.2ms
[2025-01-09T04:29:36.273+0000][201846.639s][info][gc,heap     ] GC(7991) Eden regions: 913->0(67)
[2025-01-09T04:29:36.273+0000][201846.639s][info][gc,heap     ] GC(7991) Survivor regions: 8->9(116)
[2025-01-09T04:29:36.273+0000][201846.639s][info][gc,heap     ] GC(7991) Old regions: 229->229
[2025-01-09T04:29:36.273+0000][201846.639s][info][gc,heap     ] GC(7991) Archive regions: 2->2
[2025-01-09T04:29:36.273+0000][201846.639s][info][gc,heap     ] GC(7991) Humongous regions: 49->49
[2025-01-09T04:29:36.273+0000][201846.639s][info][gc,metaspace] GC(7991) Metaspace: 524779K(534272K)->524779K(534272K) NonClass: 460847K(465536K)->460847K(465536K) Class: 63932K(68736K)->63932K(68736K)
[2025-01-09T04:29:36.273+0000][201846.639s][info][gc          ] GC(7991) Pause Young (Prepare Mixed) (G1 Evacuation Pause) 9591M->2295M(12288M) 38.269ms
[2025-01-09T04:29:36.273+0000][201846.639s][info][gc,cpu      ] GC(7991) User=0.22s Sys=0.00s Real=0.04s
[2025-01-09T04:29:36.912+0000][201847.279s][info][gc,start    ] GC(7992) Pause Young (Mixed) (G1 Evacuation Pause)
[2025-01-09T04:29:36.912+0000][201847.279s][info][gc,task     ] GC(7992) Using 6 workers of 6 for evacuation
[2025-01-09T04:29:36.977+0000][201847.343s][info][gc,phases   ] GC(7992)   Pre Evacuate Collection Set: 0.2ms
[2025-01-09T04:29:36.977+0000][201847.343s][info][gc,phases   ] GC(7992)   Merge Heap Roots: 0.8ms
[2025-01-09T04:29:36.977+0000][201847.343s][info][gc,phases   ] GC(7992)   Evacuate Collection Set: 62.2ms
[2025-01-09T04:29:36.977+0000][201847.343s][info][gc,phases   ] GC(7992)   Post Evacuate Collection Set: 1.6ms
[2025-01-09T04:29:36.977+0000][201847.343s][info][gc,phases   ] GC(7992)   Other: 0.2ms
[2025-01-09T04:29:36.977+0000][201847.343s][info][gc,heap     ] GC(7992) Eden regions: 67->0(915)
[2025-01-09T04:29:36.977+0000][201847.343s][info][gc,heap     ] GC(7992) Survivor regions: 9->6(10)
[2025-01-09T04:29:36.977+0000][201847.343s][info][gc,heap     ] GC(7992) Old regions: 229->228
[2025-01-09T04:29:36.977+0000][201847.343s][info][gc,heap     ] GC(7992) Archive regions: 2->2
[2025-01-09T04:29:36.977+0000][201847.343s][info][gc,heap     ] GC(7992) Humongous regions: 49->49
[2025-01-09T04:29:36.977+0000][201847.343s][info][gc,metaspace] GC(7992) Metaspace: 524779K(534272K)->524779K(534272K) NonClass: 460847K(465536K)->460847K(465536K) Class: 63932K(68736K)->63932K(68736K)
[2025-01-09T04:29:36.977+0000][201847.344s][info][gc          ] GC(7992) Pause Young (Mixed) (G1 Evacuation Pause) 2831M->2260M(12288M) 65.029ms
[2025-01-09T04:29:36.977+0000][201847.344s][info][gc,cpu      ] GC(7992) User=0.37s Sys=0.01s Real=0.06s
[2025-01-09T04:29:45.803+0000][201856.169s][info][gc,start    ] GC(7993) Pause Young (Normal) (G1 Evacuation Pause)
[2025-01-09T04:29:45.803+0000][201856.169s][info][gc,task     ] GC(7993) Using 6 workers of 6 for evacuation
[2025-01-09T04:29:45.830+0000][201856.196s][info][gc,phases   ] GC(7993)   Pre Evacuate Collection Set: 0.2ms
[2025-01-09T04:29:45.830+0000][201856.196s][info][gc,phases   ] GC(7993)   Merge Heap Roots: 0.5ms
[2025-01-09T04:29:45.830+0000][201856.196s][info][gc,phases   ] GC(7993)   Evacuate Collection Set: 23.5ms
[2025-01-09T04:29:45.830+0000][201856.196s][info][gc,phases   ] GC(7993)   Post Evacuate Collection Set: 2.7ms
[2025-01-09T04:29:45.830+0000][201856.196s][info][gc,phases   ] GC(7993)   Other: 0.2ms
[2025-01-09T04:29:45.830+0000][201856.196s][info][gc,heap     ] GC(7993) Eden regions: 915->0(915)
[2025-01-09T04:29:45.830+0000][201856.196s][info][gc,heap     ] GC(7993) Survivor regions: 6->6(116)
[2025-01-09T04:29:45.830+0000][201856.196s][info][gc,heap     ] GC(7993) Old regions: 228->228
[2025-01-09T04:29:45.830+0000][201856.196s][info][gc,heap     ] GC(7993) Archive regions: 2->2
[2025-01-09T04:29:45.830+0000][201856.196s][info][gc,heap     ] GC(7993) Humongous regions: 49->49
[2025-01-09T04:29:45.830+0000][201856.196s][info][gc,metaspace] GC(7993) Metaspace: 524779K(534272K)->524779K(534272K) NonClass: 460847K(465536K)->460847K(465536K) Class: 63932K(68736K)->63932K(68736K)
[2025-01-09T04:29:45.830+0000][201856.196s][info][gc          ] GC(7993) Pause Young (Normal) (G1 Evacuation Pause) 9580M->2264M(12288M) 27.140ms
[2025-01-09T04:29:45.830+0000][201856.196s][info][gc,cpu      ] GC(7993) User=0.15s Sys=0.01s Real=0.03s
[2025-01-09T04:29:55.265+0000][201865.631s][info][gc,start    ] GC(7994) Pause Young (Normal) (G1 Evacuation Pause)
[2025-01-09T04:29:55.265+0000][201865.631s][info][gc,task     ] GC(7994) Using 6 workers of 6 for evacuation
[2025-01-09T04:29:55.296+0000][201865.662s][info][gc,phases   ] GC(7994)   Pre Evacuate Collection Set: 0.2ms
[2025-01-09T04:29:55.296+0000][201865.662s][info][gc,phases   ] GC(7994)   Merge Heap Roots: 0.4ms
[2025-01-09T04:29:55.296+0000][201865.662s][info][gc,phases   ] GC(7994)   Evacuate Collection Set: 24.4ms
[2025-01-09T04:29:55.296+0000][201865.662s][info][gc,phases   ] GC(7994)   Post Evacuate Collection Set: 5.2ms
[2025-01-09T04:29:55.296+0000][201865.662s][info][gc,phases   ] GC(7994)   Other: 0.2ms
[2025-01-09T04:29:55.296+0000][201865.662s][info][gc,heap     ] GC(7994) Eden regions: 915->0(913)
[2025-01-09T04:29:55.296+0000][201865.662s][info][gc,heap     ] GC(7994) Survivor regions: 6->8(116)
[2025-01-09T04:29:55.296+0000][201865.662s][info][gc,heap     ] GC(7994) Old regions: 228->228
[2025-01-09T04:29:55.296+0000][201865.662s][info][gc,heap     ] GC(7994) Archive regions: 2->2
[2025-01-09T04:29:55.296+0000][201865.662s][info][gc,heap     ] GC(7994) Humongous regions: 49->49
[2025-01-09T04:29:55.296+0000][201865.662s][info][gc,metaspace] GC(7994) Metaspace: 524779K(534272K)->524779K(534272K) NonClass: 460847K(465536K)->460847K(465536K) Class: 63932K(68736K)->63932K(68736K)
[2025-01-09T04:29:55.296+0000][201865.662s][info][gc          ] GC(7994) Pause Young (Normal) (G1 Evacuation Pause) 9584M->2280M(12288M) 30.513ms
[2025-01-09T04:29:55.296+0000][201865.662s][info][gc,cpu      ] GC(7994) User=0.18s Sys=0.00s Real=0.03s
[2025-01-09T04:30:00.105+0000][201870.471s][info][gc,start    ] GC(7995) Pause Young (Concurrent Start) (G1 Evacuation Pause)
[2025-01-09T04:30:00.105+0000][201870.471s][info][gc,task     ] GC(7995) Using 6 workers of 6 for evacuation
[2025-01-09T04:30:00.139+0000][201870.505s][info][gc,phases   ] GC(7995)   Pre Evacuate Collection Set: 0.9ms
[2025-01-09T04:30:00.139+0000][201870.505s][info][gc,phases   ] GC(7995)   Merge Heap Roots: 0.4ms
[2025-01-09T04:30:00.139+0000][201870.505s][info][gc,phases   ] GC(7995)   Evacuate Collection Set: 29.3ms
[2025-01-09T04:30:00.139+0000][201870.505s][info][gc,phases   ] GC(7995)   Post Evacuate Collection Set: 2.6ms
[2025-01-09T04:30:00.139+0000][201870.505s][info][gc,phases   ] GC(7995)   Other: 0.4ms
[2025-01-09T04:30:00.139+0000][201870.505s][info][gc,heap     ] GC(7995) Eden regions: 913->0(913)
[2025-01-09T04:30:00.139+0000][201870.505s][info][gc,heap     ] GC(7995) Survivor regions: 8->8(116)
[2025-01-09T04:30:00.139+0000][201870.505s][info][gc,heap     ] GC(7995) Old regions: 228->228
[2025-01-09T04:30:00.139+0000][201870.505s][info][gc,heap     ] GC(7995) Archive regions: 2->2
[2025-01-09T04:30:00.139+0000][201870.505s][info][gc,heap     ] GC(7995) Humongous regions: 49->49
[2025-01-09T04:30:00.139+0000][201870.505s][info][gc,metaspace] GC(7995) Metaspace: 524779K(534272K)->524779K(534272K) NonClass: 460847K(465536K)->460847K(465536K) Class: 63932K(68736K)->63932K(68736K)
[2025-01-09T04:30:00.139+0000][201870.505s][info][gc          ] GC(7995) Pause Young (Concurrent Start) (G1 Evacuation Pause) 9584M->2282M(12288M) 33.613ms
[2025-01-09T04:30:00.139+0000][201870.505s][info][gc,cpu      ] GC(7995) User=0.19s Sys=0.00s Real=0.03s
[2025-01-09T04:30:00.139+0000][201870.505s][info][gc          ] GC(7996) Concurrent Mark Cycle
[2025-01-09T04:30:00.139+0000][201870.505s][info][gc,marking  ] GC(7996) Concurrent Clear Claimed Marks
[2025-01-09T04:30:00.140+0000][201870.506s][info][gc,marking  ] GC(7996) Concurrent Clear Claimed Marks 0.984ms
[2025-01-09T04:30:00.140+0000][201870.506s][info][gc,marking  ] GC(7996) Concurrent Scan Root Regions
[2025-01-09T04:30:00.183+0000][201870.549s][info][gc,marking  ] GC(7996) Concurrent Scan Root Regions 42.600ms
[2025-01-09T04:30:00.183+0000][201870.549s][info][gc,marking  ] GC(7996) Concurrent Mark
[2025-01-09T04:30:00.183+0000][201870.549s][info][gc,marking  ] GC(7996) Concurrent Mark From Roots
[2025-01-09T04:30:00.183+0000][201870.549s][info][gc,task     ] GC(7996) Using 2 workers of 2 for marking
[2025-01-09T04:30:01.635+0000][201872.001s][info][gc,marking  ] GC(7996) Concurrent Mark From Roots 1452.517ms
[2025-01-09T04:30:01.635+0000][201872.001s][info][gc,marking  ] GC(7996) Concurrent Preclean
[2025-01-09T04:30:01.639+0000][201872.005s][info][gc,marking  ] GC(7996) Concurrent Preclean 3.778ms
[2025-01-09T04:30:01.639+0000][201872.005s][info][gc,start    ] GC(7996) Pause Remark
[2025-01-09T04:30:01.665+0000][201872.031s][info][gc          ] GC(7996) Pause Remark 4595M->4595M(12288M) 25.676ms
[2025-01-09T04:30:01.665+0000][201872.031s][info][gc,cpu      ] GC(7996) User=0.15s Sys=0.00s Real=0.03s
[2025-01-09T04:30:01.665+0000][201872.031s][info][gc,marking  ] GC(7996) Concurrent Mark 1482.365ms
[2025-01-09T04:30:01.665+0000][201872.031s][info][gc,marking  ] GC(7996) Concurrent Rebuild Remembered Sets
[2025-01-09T04:30:02.332+0000][201872.698s][info][gc,marking  ] GC(7996) Concurrent Rebuild Remembered Sets 666.934ms
[2025-01-09T04:30:02.332+0000][201872.698s][info][gc,start    ] GC(7996) Pause Cleanup
[2025-01-09T04:30:02.332+0000][201872.699s][info][gc          ] GC(7996) Pause Cleanup 5471M->5471M(12288M) 0.384ms
[2025-01-09T04:30:02.332+0000][201872.699s][info][gc,cpu      ] GC(7996) User=0.00s Sys=0.00s Real=0.00s
[2025-01-09T04:30:02.333+0000][201872.699s][info][gc,marking  ] GC(7996) Concurrent Cleanup for Next Mark
[2025-01-09T04:30:02.348+0000][201872.714s][info][gc,marking  ] GC(7996) Concurrent Cleanup for Next Mark 15.626ms
[2025-01-09T04:30:02.348+0000][201872.714s][info][gc          ] GC(7996) Concurrent Mark Cycle 2209.276ms
[2025-01-09T04:30:07.953+0000][201878.319s][info][gc,start    ] GC(7997) Pause Young (Prepare Mixed) (G1 Evacuation Pause)
[2025-01-09T04:30:07.953+0000][201878.319s][info][gc,task     ] GC(7997) Using 6 workers of 6 for evacuation
[2025-01-09T04:30:07.992+0000][201878.358s][info][gc,phases   ] GC(7997)   Pre Evacuate Collection Set: 0.2ms
[2025-01-09T04:30:07.992+0000][201878.358s][info][gc,phases   ] GC(7997)   Merge Heap Roots: 0.8ms
[2025-01-09T04:30:07.992+0000][201878.358s][info][gc,phases   ] GC(7997)   Evacuate Collection Set: 33.8ms
[2025-01-09T04:30:07.992+0000][201878.358s][info][gc,phases   ] GC(7997)   Post Evacuate Collection Set: 4.3ms
[2025-01-09T04:30:07.992+0000][201878.358s][info][gc,phases   ] GC(7997)   Other: 0.2ms
[2025-01-09T04:30:07.992+0000][201878.358s][info][gc,heap     ] GC(7997) Eden regions: 913->0(67)
[2025-01-09T04:30:07.992+0000][201878.358s][info][gc,heap     ] GC(7997) Survivor regions: 8->9(116)
[2025-01-09T04:30:07.992+0000][201878.358s][info][gc,heap     ] GC(7997) Old regions: 228->228
[2025-01-09T04:30:07.992+0000][201878.358s][info][gc,heap     ] GC(7997) Archive regions: 2->2
[2025-01-09T04:30:07.992+0000][201878.358s][info][gc,heap     ] GC(7997) Humongous regions: 49->49
[2025-01-09T04:30:07.992+0000][201878.358s][info][gc,metaspace] GC(7997) Metaspace: 524780K(534272K)->524780K(534272K) NonClass: 460848K(465536K)->460848K(465536K) Class: 63932K(68736K)->63932K(68736K)
[2025-01-09T04:30:07.992+0000][201878.358s][info][gc          ] GC(7997) Pause Young (Prepare Mixed) (G1 Evacuation Pause) 9586M->2290M(12288M) 39.390ms
[2025-01-09T04:30:07.992+0000][201878.358s][info][gc,cpu      ] GC(7997) User=0.23s Sys=0.00s Real=0.04s
[2025-01-09T04:30:08.487+0000][201878.853s][info][gc,start    ] GC(7998) Pause Young (Mixed) (G1 Evacuation Pause)
[2025-01-09T04:30:08.487+0000][201878.853s][info][gc,task     ] GC(7998) Using 6 workers of 6 for evacuation
[2025-01-09T04:30:08.555+0000][201878.921s][info][gc,phases   ] GC(7998)   Pre Evacuate Collection Set: 0.2ms
[2025-01-09T04:30:08.555+0000][201878.921s][info][gc,phases   ] GC(7998)   Merge Heap Roots: 0.6ms
[2025-01-09T04:30:08.555+0000][201878.921s][info][gc,phases   ] GC(7998)   Evacuate Collection Set: 65.0ms
[2025-01-09T04:30:08.555+0000][201878.921s][info][gc,phases   ] GC(7998)   Post Evacuate Collection Set: 1.9ms
[2025-01-09T04:30:08.555+0000][201878.921s][info][gc,phases   ] GC(7998)   Other: 0.2ms
[2025-01-09T04:30:08.555+0000][201878.921s][info][gc,heap     ] GC(7998) Eden regions: 67->0(917)
[2025-01-09T04:30:08.555+0000][201878.921s][info][gc,heap     ] GC(7998) Survivor regions: 9->4(10)
[2025-01-09T04:30:08.555+0000][201878.921s][info][gc,heap     ] GC(7998) Old regions: 228->229
[2025-01-09T04:30:08.555+0000][201878.921s][info][gc,heap     ] GC(7998) Archive regions: 2->2
[2025-01-09T04:30:08.555+0000][201878.921s][info][gc,heap     ] GC(7998) Humongous regions: 49->49
[2025-01-09T04:30:08.555+0000][201878.921s][info][gc,metaspace] GC(7998) Metaspace: 524780K(534272K)->524780K(534272K) NonClass: 460848K(465536K)->460848K(465536K) Class: 63932K(68736K)->63932K(68736K)
[2025-01-09T04:30:08.555+0000][201878.921s][info][gc          ] GC(7998) Pause Young (Mixed) (G1 Evacuation Pause) 2826M->2262M(12288M) 68.060ms
[2025-01-09T04:30:08.555+0000][201878.921s][info][gc,cpu      ] GC(7998) User=0.38s Sys=0.00s Real=0.07s
[2025-01-09T04:30:14.229+0000][201884.595s][info][gc,start    ] GC(7999) Pause Young (Normal) (G1 Evacuation Pause)
[2025-01-09T04:30:14.229+0000][201884.595s][info][gc,task     ] GC(7999) Using 6 workers of 6 for evacuation
[2025-01-09T04:30:14.255+0000][201884.621s][info][gc,phases   ] GC(7999)   Pre Evacuate Collection Set: 0.2ms
[2025-01-09T04:30:14.255+0000][201884.621s][info][gc,phases   ] GC(7999)   Merge Heap Roots: 0.4ms
[2025-01-09T04:30:14.255+0000][201884.621s][info][gc,phases   ] GC(7999)   Evacuate Collection Set: 22.7ms
[2025-01-09T04:30:14.255+0000][201884.621s][info][gc,phases   ] GC(7999)   Post Evacuate Collection Set: 2.4ms
[2025-01-09T04:30:14.255+0000][201884.621s][info][gc,phases   ] GC(7999)   Other: 0.2ms
[2025-01-09T04:30:14.255+0000][201884.621s][info][gc,heap     ] GC(7999) Eden regions: 917->0(915)
[2025-01-09T04:30:14.255+0000][201884.621s][info][gc,heap     ] GC(7999) Survivor regions: 4->6(116)
[2025-01-09T04:30:14.255+0000][201884.621s][info][gc,heap     ] GC(7999) Old regions: 229->229
[2025-01-09T04:30:14.255+0000][201884.621s][info][gc,heap     ] GC(7999) Archive regions: 2->2
[2025-01-09T04:30:14.255+0000][201884.621s][info][gc,heap     ] GC(7999) Humongous regions: 49->49
[2025-01-09T04:30:14.255+0000][201884.621s][info][gc,metaspace] GC(7999) Metaspace: 524780K(534272K)->524780K(534272K) NonClass: 460848K(465536K)->460848K(465536K) Class: 63932K(68736K)->63932K(68736K)
[2025-01-09T04:30:14.255+0000][201884.621s][info][gc          ] GC(7999) Pause Young (Normal) (G1 Evacuation Pause) 9598M->2275M(12288M) 26.043ms
[2025-01-09T04:30:14.255+0000][201884.621s][info][gc,cpu      ] GC(7999) User=0.15s Sys=0.00s Real=0.03s
[2025-01-09T04:30:18.655+0000][201889.022s][info][gc,start    ] GC(8000) Pause Young (Normal) (G1 Evacuation Pause)
[2025-01-09T04:30:18.655+0000][201889.022s][info][gc,task     ] GC(8000) Using 6 workers of 6 for evacuation
[2025-01-09T04:30:18.682+0000][201889.048s][info][gc,phases   ] GC(8000)   Pre Evacuate Collection Set: 0.2ms
[2025-01-09T04:30:18.682+0000][201889.048s][info][gc,phases   ] GC(8000)   Merge Heap Roots: 0.4ms
[2025-01-09T04:30:18.682+0000][201889.048s][info][gc,phases   ] GC(8000)   Evacuate Collection Set: 23.3ms
[2025-01-09T04:30:18.682+0000][201889.048s][info][gc,phases   ] GC(8000)   Post Evacuate Collection Set: 2.6ms
[2025-01-09T04:30:18.682+0000][201889.048s][info][gc,phases   ] GC(8000)   Other: 0.2ms
[2025-01-09T04:30:18.682+0000][201889.048s][info][gc,heap     ] GC(8000) Eden regions: 915->0(915)
[2025-01-09T04:30:18.682+0000][201889.048s][info][gc,heap     ] GC(8000) Survivor regions: 6->6(116)
[2025-01-09T04:30:18.682+0000][201889.048s][info][gc,heap     ] GC(8000) Old regions: 229->229
[2025-01-09T04:30:18.682+0000][201889.048s][info][gc,heap     ] GC(8000) Archive regions: 2->2
[2025-01-09T04:30:18.682+0000][201889.048s][info][gc,heap     ] GC(8000) Humongous regions: 49->49
[2025-01-09T04:30:18.682+0000][201889.048s][info][gc,metaspace] GC(8000) Metaspace: 524780K(534272K)->524780K(534272K) NonClass: 460848K(465536K)->460848K(465536K) Class: 63932K(68736K)->63932K(68736K)
[2025-01-09T04:30:18.682+0000][201889.048s][info][gc          ] GC(8000) Pause Young (Normal) (G1 Evacuation Pause) 9595M->2274M(12288M) 26.717ms
[2025-01-09T04:30:18.682+0000][201889.048s][info][gc,cpu      ] GC(8000) User=0.15s Sys=0.00s Real=0.03s
[2025-01-09T04:30:23.415+0000][201893.781s][info][gc,start    ] GC(8001) Pause Young (Concurrent Start) (G1 Evacuation Pause)
[2025-01-09T04:30:23.415+0000][201893.781s][info][gc,task     ] GC(8001) Using 6 workers of 6 for evacuation
[2025-01-09T04:30:23.446+0000][201893.812s][info][gc,phases   ] GC(8001)   Pre Evacuate Collection Set: 1.1ms
[2025-01-09T04:30:23.446+0000][201893.812s][info][gc,phases   ] GC(8001)   Merge Heap Roots: 0.4ms
[2025-01-09T04:30:23.446+0000][201893.812s][info][gc,phases   ] GC(8001)   Evacuate Collection Set: 26.0ms
[2025-01-09T04:30:23.446+0000][201893.812s][info][gc,phases   ] GC(8001)   Post Evacuate Collection Set: 2.7ms
[2025-01-09T04:30:23.446+0000][201893.812s][info][gc,phases   ] GC(8001)   Other: 0.3ms
[2025-01-09T04:30:23.446+0000][201893.812s][info][gc,heap     ] GC(8001) Eden regions: 915->0(915)
[2025-01-09T04:30:23.446+0000][201893.812s][info][gc,heap     ] GC(8001) Survivor regions: 6->6(116)
[2025-01-09T04:30:23.446+0000][201893.812s][info][gc,heap     ] GC(8001) Old regions: 229->229
[2025-01-09T04:30:23.446+0000][201893.812s][info][gc,heap     ] GC(8001) Archive regions: 2->2
[2025-01-09T04:30:23.446+0000][201893.812s][info][gc,heap     ] GC(8001) Humongous regions: 49->49
[2025-01-09T04:30:23.446+0000][201893.812s][info][gc,metaspace] GC(8001) Metaspace: 524780K(534272K)->524780K(534272K) NonClass: 460848K(465536K)->460848K(465536K) Class: 63932K(68736K)->63932K(68736K)
[2025-01-09T04:30:23.446+0000][201893.812s][info][gc          ] GC(8001) Pause Young (Concurrent Start) (G1 Evacuation Pause) 9594M->2278M(12288M) 30.658ms
[2025-01-09T04:30:23.446+0000][201893.812s][info][gc,cpu      ] GC(8001) User=0.18s Sys=0.00s Real=0.03s
[2025-01-09T04:30:23.446+0000][201893.812s][info][gc          ] GC(8002) Concurrent Mark Cycle
[2025-01-09T04:30:23.446+0000][201893.812s][info][gc,marking  ] GC(8002) Concurrent Clear Claimed Marks
[2025-01-09T04:30:23.447+0000][201893.813s][info][gc,marking  ] GC(8002) Concurrent Clear Claimed Marks 0.964ms
[2025-01-09T04:30:23.447+0000][201893.813s][info][gc,marking  ] GC(8002) Concurrent Scan Root Regions
[2025-01-09T04:30:23.464+0000][201893.830s][info][gc,marking  ] GC(8002) Concurrent Scan Root Regions 17.107ms
[2025-01-09T04:30:23.464+0000][201893.830s][info][gc,marking  ] GC(8002) Concurrent Mark
[2025-01-09T04:30:23.464+0000][201893.830s][info][gc,marking  ] GC(8002) Concurrent Mark From Roots
[2025-01-09T04:30:23.464+0000][201893.830s][info][gc,task     ] GC(8002) Using 2 workers of 2 for marking
[2025-01-09T04:30:24.448+0000][201894.814s][info][gc,marking  ] GC(8002) Concurrent Mark From Roots 984.198ms
[2025-01-09T04:30:24.448+0000][201894.814s][info][gc,marking  ] GC(8002) Concurrent Preclean
[2025-01-09T04:30:24.452+0000][201894.818s][info][gc,marking  ] GC(8002) Concurrent Preclean 3.768ms
[2025-01-09T04:30:24.452+0000][201894.818s][info][gc,start    ] GC(8002) Pause Remark
[2025-01-09T04:30:24.480+0000][201894.846s][info][gc          ] GC(8002) Pause Remark 3338M->3338M(12288M) 28.100ms
[2025-01-09T04:30:24.480+0000][201894.846s][info][gc,cpu      ] GC(8002) User=0.16s Sys=0.00s Real=0.02s
[2025-01-09T04:30:24.480+0000][201894.847s][info][gc,marking  ] GC(8002) Concurrent Mark 1016.447ms
[2025-01-09T04:30:24.480+0000][201894.847s][info][gc,marking  ] GC(8002) Concurrent Rebuild Remembered Sets
[2025-01-09T04:30:24.991+0000][201895.357s][info][gc,marking  ] GC(8002) Concurrent Rebuild Remembered Sets 510.697ms
[2025-01-09T04:30:24.991+0000][201895.357s][info][gc,start    ] GC(8002) Pause Cleanup
[2025-01-09T04:30:24.992+0000][201895.358s][info][gc          ] GC(8002) Pause Cleanup 3718M->3718M(12288M) 0.449ms
[2025-01-09T04:30:24.992+0000][201895.358s][info][gc,cpu      ] GC(8002) User=0.01s Sys=0.00s Real=0.00s
[2025-01-09T04:30:24.992+0000][201895.358s][info][gc,marking  ] GC(8002) Concurrent Cleanup for Next Mark
[2025-01-09T04:30:25.020+0000][201895.386s][info][gc,marking  ] GC(8002) Concurrent Cleanup for Next Mark 28.030ms
[2025-01-09T04:30:25.020+0000][201895.386s][info][gc          ] GC(8002) Concurrent Mark Cycle 1574.084ms
[2025-01-09T04:30:30.748+0000][201901.114s][info][gc,start    ] GC(8003) Pause Young (Prepare Mixed) (G1 Evacuation Pause)
[2025-01-09T04:30:30.748+0000][201901.114s][info][gc,task     ] GC(8003) Using 6 workers of 6 for evacuation
[2025-01-09T04:30:30.779+0000][201901.145s][info][gc,phases   ] GC(8003)   Pre Evacuate Collection Set: 0.2ms
[2025-01-09T04:30:30.779+0000][201901.145s][info][gc,phases   ] GC(8003)   Merge Heap Roots: 0.6ms
[2025-01-09T04:30:30.779+0000][201901.145s][info][gc,phases   ] GC(8003)   Evacuate Collection Set: 27.0ms
[2025-01-09T04:30:30.779+0000][201901.145s][info][gc,phases   ] GC(8003)   Post Evacuate Collection Set: 2.7ms
[2025-01-09T04:30:30.779+0000][201901.145s][info][gc,phases   ] GC(8003)   Other: 0.2ms
[2025-01-09T04:30:30.779+0000][201901.145s][info][gc,heap     ] GC(8003) Eden regions: 915->0(69)
[2025-01-09T04:30:30.779+0000][201901.145s][info][gc,heap     ] GC(8003) Survivor regions: 6->7(116)
[2025-01-09T04:30:30.779+0000][201901.145s][info][gc,heap     ] GC(8003) Old regions: 229->229
[2025-01-09T04:30:30.779+0000][201901.145s][info][gc,heap     ] GC(8003) Archive regions: 2->2
[2025-01-09T04:30:30.779+0000][201901.145s][info][gc,heap     ] GC(8003) Humongous regions: 49->49
[2025-01-09T04:30:30.779+0000][201901.145s][info][gc,metaspace] GC(8003) Metaspace: 524780K(534272K)->524780K(534272K) NonClass: 460848K(465536K)->460848K(465536K) Class: 63932K(68736K)->63932K(68736K)
[2025-01-09T04:30:30.779+0000][201901.145s][info][gc          ] GC(8003) Pause Young (Prepare Mixed) (G1 Evacuation Pause) 9598M->2286M(12288M) 30.860ms
[2025-01-09T04:30:30.779+0000][201901.145s][info][gc,cpu      ] GC(8003) User=0.18s Sys=0.00s Real=0.03s
[2025-01-09T04:30:31.452+0000][201901.818s][info][gc,start    ] GC(8004) Pause Young (Mixed) (G1 Evacuation Pause)
[2025-01-09T04:30:31.452+0000][201901.818s][info][gc,task     ] GC(8004) Using 6 workers of 6 for evacuation
[2025-01-09T04:30:31.489+0000][201901.855s][info][gc,phases   ] GC(8004)   Pre Evacuate Collection Set: 0.2ms
[2025-01-09T04:30:31.489+0000][201901.855s][info][gc,phases   ] GC(8004)   Merge Heap Roots: 0.4ms
[2025-01-09T04:30:31.489+0000][201901.855s][info][gc,phases   ] GC(8004)   Evacuate Collection Set: 34.4ms
[2025-01-09T04:30:31.489+0000][201901.855s][info][gc,phases   ] GC(8004)   Post Evacuate Collection Set: 1.6ms
[2025-01-09T04:30:31.489+0000][201901.855s][info][gc,phases   ] GC(8004)   Other: 0.2ms
[2025-01-09T04:30:31.489+0000][201901.855s][info][gc,heap     ] GC(8004) Eden regions: 69->0(916)
[2025-01-09T04:30:31.489+0000][201901.855s][info][gc,heap     ] GC(8004) Survivor regions: 7->5(10)
[2025-01-09T04:30:31.489+0000][201901.855s][info][gc,heap     ] GC(8004) Old regions: 229->226
[2025-01-09T04:30:31.489+0000][201901.855s][info][gc,heap     ] GC(8004) Archive regions: 2->2
[2025-01-09T04:30:31.489+0000][201901.855s][info][gc,heap     ] GC(8004) Humongous regions: 49->49
[2025-01-09T04:30:31.489+0000][201901.855s][info][gc,metaspace] GC(8004) Metaspace: 524780K(534272K)->524780K(534272K) NonClass: 460848K(465536K)->460848K(465536K) Class: 63932K(68736K)->63932K(68736K)
[2025-01-09T04:30:31.489+0000][201901.855s][info][gc          ] GC(8004) Pause Young (Mixed) (G1 Evacuation Pause) 2838M->2242M(12288M) 36.826ms
[2025-01-09T04:30:31.489+0000][201901.855s][info][gc,cpu      ] GC(8004) User=0.22s Sys=0.00s Real=0.03s
[2025-01-09T04:30:39.990+0000][201910.356s][info][gc,start    ] GC(8005) Pause Young (Normal) (G1 Evacuation Pause)
[2025-01-09T04:30:39.990+0000][201910.356s][info][gc,task     ] GC(8005) Using 6 workers of 6 for evacuation
[2025-01-09T04:30:40.016+0000][201910.383s][info][gc,phases   ] GC(8005)   Pre Evacuate Collection Set: 0.2ms
[2025-01-09T04:30:40.016+0000][201910.383s][info][gc,phases   ] GC(8005)   Merge Heap Roots: 0.4ms
[2025-01-09T04:30:40.016+0000][201910.383s][info][gc,phases   ] GC(8005)   Evacuate Collection Set: 23.1ms
[2025-01-09T04:30:40.016+0000][201910.383s][info][gc,phases   ] GC(8005)   Post Evacuate Collection Set: 2.6ms
[2025-01-09T04:30:40.016+0000][201910.383s][info][gc,phases   ] GC(8005)   Other: 0.2ms
[2025-01-09T04:30:40.016+0000][201910.383s][info][gc,heap     ] GC(8005) Eden regions: 916->0(915)
[2025-01-09T04:30:40.016+0000][201910.383s][info][gc,heap     ] GC(8005) Survivor regions: 5->6(116)
[2025-01-09T04:30:40.016+0000][201910.383s][info][gc,heap     ] GC(8005) Old regions: 226->226
[2025-01-09T04:30:40.016+0000][201910.383s][info][gc,heap     ] GC(8005) Archive regions: 2->2
[2025-01-09T04:30:40.017+0000][201910.383s][info][gc,heap     ] GC(8005) Humongous regions: 49->49
[2025-01-09T04:30:40.017+0000][201910.383s][info][gc,metaspace] GC(8005) Metaspace: 524780K(534272K)->524780K(534272K) NonClass: 460848K(465536K)->460848K(465536K) Class: 63932K(68736K)->63932K(68736K)
[2025-01-09T04:30:40.017+0000][201910.383s][info][gc          ] GC(8005) Pause Young (Normal) (G1 Evacuation Pause) 9570M->2251M(12288M) 26.580ms
[2025-01-09T04:30:40.017+0000][201910.383s][info][gc,cpu      ] GC(8005) User=0.15s Sys=0.00s Real=0.02s
[2025-01-09T04:30:48.469+0000][201918.835s][info][gc,start    ] GC(8006) Pause Young (Normal) (G1 Evacuation Pause)
[2025-01-09T04:30:48.469+0000][201918.835s][info][gc,task     ] GC(8006) Using 6 workers of 6 for evacuation
[2025-01-09T04:30:48.500+0000][201918.866s][info][gc,phases   ] GC(8006)   Pre Evacuate Collection Set: 0.2ms
[2025-01-09T04:30:48.500+0000][201918.866s][info][gc,phases   ] GC(8006)   Merge Heap Roots: 0.4ms
[2025-01-09T04:30:48.500+0000][201918.866s][info][gc,phases   ] GC(8006)   Evacuate Collection Set: 24.8ms
[2025-01-09T04:30:48.500+0000][201918.866s][info][gc,phases   ] GC(8006)   Post Evacuate Collection Set: 5.2ms
[2025-01-09T04:30:48.500+0000][201918.866s][info][gc,phases   ] GC(8006)   Other: 0.2ms
[2025-01-09T04:30:48.500+0000][201918.866s][info][gc,heap     ] GC(8006) Eden regions: 915->0(913)
[2025-01-09T04:30:48.500+0000][201918.866s][info][gc,heap     ] GC(8006) Survivor regions: 6->8(116)
[2025-01-09T04:30:48.500+0000][201918.866s][info][gc,heap     ] GC(8006) Old regions: 226->226
[2025-01-09T04:30:48.500+0000][201918.866s][info][gc,heap     ] GC(8006) Archive regions: 2->2
[2025-01-09T04:30:48.500+0000][201918.866s][info][gc,heap     ] GC(8006) Humongous regions: 49->49
[2025-01-09T04:30:48.500+0000][201918.866s][info][gc,metaspace] GC(8006) Metaspace: 524780K(534272K)->524780K(534272K) NonClass: 460848K(465536K)->460848K(465536K) Class: 63932K(68736K)->63932K(68736K)
[2025-01-09T04:30:48.500+0000][201918.866s][info][gc          ] GC(8006) Pause Young (Normal) (G1 Evacuation Pause) 9571M->2268M(12288M) 30.940ms
[2025-01-09T04:30:48.500+0000][201918.866s][info][gc,cpu      ] GC(8006) User=0.18s Sys=0.00s Real=0.03s
[2025-01-09T04:30:55.622+0000][201925.988s][info][gc,start    ] GC(8007) Pause Young (Concurrent Start) (G1 Evacuation Pause)
[2025-01-09T04:30:55.622+0000][201925.988s][info][gc,task     ] GC(8007) Using 6 workers of 6 for evacuation
[2025-01-09T04:30:55.653+0000][201926.020s][info][gc,phases   ] GC(8007)   Pre Evacuate Collection Set: 1.1ms
[2025-01-09T04:30:55.654+0000][201926.020s][info][gc,phases   ] GC(8007)   Merge Heap Roots: 0.4ms
[2025-01-09T04:30:55.654+0000][201926.020s][info][gc,phases   ] GC(8007)   Evacuate Collection Set: 26.8ms
[2025-01-09T04:30:55.654+0000][201926.020s][info][gc,phases   ] GC(8007)   Post Evacuate Collection Set: 2.5ms
[2025-01-09T04:30:55.654+0000][201926.020s][info][gc,phases   ] GC(8007)   Other: 0.3ms
[2025-01-09T04:30:55.654+0000][201926.020s][info][gc,heap     ] GC(8007) Eden regions: 913->0(913)
[2025-01-09T04:30:55.654+0000][201926.020s][info][gc,heap     ] GC(8007) Survivor regions: 8->8(116)
[2025-01-09T04:30:55.654+0000][201926.020s][info][gc,heap     ] GC(8007) Old regions: 226->226
[2025-01-09T04:30:55.654+0000][201926.020s][info][gc,heap     ] GC(8007) Archive regions: 2->2
[2025-01-09T04:30:55.654+0000][201926.020s][info][gc,heap     ] GC(8007) Humongous regions: 49->49
[2025-01-09T04:30:55.654+0000][201926.020s][info][gc,metaspace] GC(8007) Metaspace: 524780K(534272K)->524780K(534272K) NonClass: 460848K(465536K)->460848K(465536K) Class: 63932K(68736K)->63932K(68736K)
[2025-01-09T04:30:55.654+0000][201926.020s][info][gc          ] GC(8007) Pause Young (Concurrent Start) (G1 Evacuation Pause) 9572M->2263M(12288M) 31.299ms
[2025-01-09T04:30:55.654+0000][201926.020s][info][gc,cpu      ] GC(8007) User=0.18s Sys=0.00s Real=0.03s
[2025-01-09T04:30:55.654+0000][201926.020s][info][gc          ] GC(8008) Concurrent Mark Cycle
[2025-01-09T04:30:55.654+0000][201926.020s][info][gc,marking  ] GC(8008) Concurrent Clear Claimed Marks
[2025-01-09T04:30:55.655+0000][201926.021s][info][gc,marking  ] GC(8008) Concurrent Clear Claimed Marks 0.997ms
[2025-01-09T04:30:55.655+0000][201926.021s][info][gc,marking  ] GC(8008) Concurrent Scan Root Regions
[2025-01-09T04:30:55.681+0000][201926.047s][info][gc,marking  ] GC(8008) Concurrent Scan Root Regions 26.259ms
[2025-01-09T04:30:55.681+0000][201926.047s][info][gc,marking  ] GC(8008) Concurrent Mark
[2025-01-09T04:30:55.681+0000][201926.047s][info][gc,marking  ] GC(8008) Concurrent Mark From Roots
[2025-01-09T04:30:55.681+0000][201926.047s][info][gc,task     ] GC(8008) Using 2 workers of 2 for marking
[2025-01-09T04:30:56.636+0000][201927.002s][info][gc,marking  ] GC(8008) Concurrent Mark From Roots 954.539ms
[2025-01-09T04:30:56.636+0000][201927.002s][info][gc,marking  ] GC(8008) Concurrent Preclean
[2025-01-09T04:30:56.638+0000][201927.004s][info][gc,marking  ] GC(8008) Concurrent Preclean 2.792ms
[2025-01-09T04:30:56.638+0000][201927.005s][info][gc,start    ] GC(8008) Pause Remark
[2025-01-09T04:30:56.664+0000][201927.030s][info][gc          ] GC(8008) Pause Remark 3759M->3759M(12288M) 25.425ms
[2025-01-09T04:30:56.664+0000][201927.030s][info][gc,cpu      ] GC(8008) User=0.15s Sys=0.00s Real=0.03s
[2025-01-09T04:30:56.664+0000][201927.030s][info][gc,marking  ] GC(8008) Concurrent Mark 983.068ms
[2025-01-09T04:30:56.664+0000][201927.030s][info][gc,marking  ] GC(8008) Concurrent Rebuild Remembered Sets
[2025-01-09T04:30:57.321+0000][201927.687s][info][gc,marking  ] GC(8008) Concurrent Rebuild Remembered Sets 657.296ms
[2025-01-09T04:30:57.322+0000][201927.688s][info][gc,start    ] GC(8008) Pause Cleanup
[2025-01-09T04:30:57.322+0000][201927.688s][info][gc          ] GC(8008) Pause Cleanup 4507M->4507M(12288M) 0.399ms
[2025-01-09T04:30:57.322+0000][201927.688s][info][gc,cpu      ] GC(8008) User=0.00s Sys=0.00s Real=0.00s
[2025-01-09T04:30:57.322+0000][201927.688s][info][gc,marking  ] GC(8008) Concurrent Cleanup for Next Mark
[2025-01-09T04:30:57.337+0000][201927.704s][info][gc,marking  ] GC(8008) Concurrent Cleanup for Next Mark 15.365ms
[2025-01-09T04:30:57.337+0000][201927.704s][info][gc          ] GC(8008) Concurrent Mark Cycle 1683.833ms
[2025-01-09T04:31:01.742+0000][201932.108s][info][gc,start    ] GC(8009) Pause Young (Prepare Mixed) (G1 Evacuation Pause)
[2025-01-09T04:31:01.742+0000][201932.108s][info][gc,task     ] GC(8009) Using 6 workers of 6 for evacuation
[2025-01-09T04:31:01.784+0000][201932.150s][info][gc,phases   ] GC(8009)   Pre Evacuate Collection Set: 0.2ms
[2025-01-09T04:31:01.784+0000][201932.150s][info][gc,phases   ] GC(8009)   Merge Heap Roots: 0.8ms
[2025-01-09T04:31:01.784+0000][201932.150s][info][gc,phases   ] GC(8009)   Evacuate Collection Set: 36.3ms
[2025-01-09T04:31:01.784+0000][201932.150s][info][gc,phases   ] GC(8009)   Post Evacuate Collection Set: 4.1ms
[2025-01-09T04:31:01.784+0000][201932.150s][info][gc,phases   ] GC(8009)   Other: 0.2ms
[2025-01-09T04:31:01.784+0000][201932.150s][info][gc,heap     ] GC(8009) Eden regions: 913->0(66)
[2025-01-09T04:31:01.784+0000][201932.150s][info][gc,heap     ] GC(8009) Survivor regions: 8->10(116)
[2025-01-09T04:31:01.784+0000][201932.150s][info][gc,heap     ] GC(8009) Old regions: 226->226
[2025-01-09T04:31:01.784+0000][201932.150s][info][gc,heap     ] GC(8009) Archive regions: 2->2
[2025-01-09T04:31:01.784+0000][201932.150s][info][gc,heap     ] GC(8009) Humongous regions: 49->49
[2025-01-09T04:31:01.784+0000][201932.150s][info][gc,metaspace] GC(8009) Metaspace: 524780K(534272K)->524780K(534272K) NonClass: 460848K(465536K)->460848K(465536K) Class: 63932K(68736K)->63932K(68736K)
[2025-01-09T04:31:01.784+0000][201932.150s][info][gc          ] GC(8009) Pause Young (Prepare Mixed) (G1 Evacuation Pause) 9567M->2281M(12288M) 41.657ms
[2025-01-09T04:31:01.784+0000][201932.150s][info][gc,cpu      ] GC(8009) User=0.24s Sys=0.01s Real=0.04s
[2025-01-09T04:31:02.099+0000][201932.466s][info][gc,start    ] GC(8010) Pause Young (Mixed) (G1 Evacuation Pause)
[2025-01-09T04:31:02.099+0000][201932.466s][info][gc,task     ] GC(8010) Using 6 workers of 6 for evacuation
[2025-01-09T04:31:02.154+0000][201932.521s][info][gc,phases   ] GC(8010)   Pre Evacuate Collection Set: 0.2ms
[2025-01-09T04:31:02.154+0000][201932.521s][info][gc,phases   ] GC(8010)   Merge Heap Roots: 0.5ms
[2025-01-09T04:31:02.154+0000][201932.521s][info][gc,phases   ] GC(8010)   Evacuate Collection Set: 52.1ms
[2025-01-09T04:31:02.154+0000][201932.521s][info][gc,phases   ] GC(8010)   Post Evacuate Collection Set: 2.1ms
[2025-01-09T04:31:02.155+0000][201932.521s][info][gc,phases   ] GC(8010)   Other: 0.2ms
[2025-01-09T04:31:02.155+0000][201932.521s][info][gc,heap     ] GC(8010) Eden regions: 66->0(917)
[2025-01-09T04:31:02.155+0000][201932.521s][info][gc,heap     ] GC(8010) Survivor regions: 10->4(10)
[2025-01-09T04:31:02.155+0000][201932.521s][info][gc,heap     ] GC(8010) Old regions: 226->227
[2025-01-09T04:31:02.155+0000][201932.521s][info][gc,heap     ] GC(8010) Archive regions: 2->2
[2025-01-09T04:31:02.155+0000][201932.521s][info][gc,heap     ] GC(8010) Humongous regions: 49->49
[2025-01-09T04:31:02.155+0000][201932.521s][info][gc,metaspace] GC(8010) Metaspace: 524780K(534272K)->524780K(534272K) NonClass: 460848K(465536K)->460848K(465536K) Class: 63932K(68736K)->63932K(68736K)
[2025-01-09T04:31:02.155+0000][201932.521s][info][gc          ] GC(8010) Pause Young (Mixed) (G1 Evacuation Pause) 2809M->2242M(12288M) 55.130ms
[2025-01-09T04:31:02.155+0000][201932.521s][info][gc,cpu      ] GC(8010) User=0.32s Sys=0.00s Real=0.06s
[2025-01-09T04:31:08.705+0000][201939.071s][info][gc,start    ] GC(8011) Pause Young (Normal) (G1 Evacuation Pause)
[2025-01-09T04:31:08.705+0000][201939.071s][info][gc,task     ] GC(8011) Using 6 workers of 6 for evacuation
[2025-01-09T04:31:08.727+0000][201939.093s][info][gc,phases   ] GC(8011)   Pre Evacuate Collection Set: 0.2ms
[2025-01-09T04:31:08.727+0000][201939.093s][info][gc,phases   ] GC(8011)   Merge Heap Roots: 0.4ms
[2025-01-09T04:31:08.727+0000][201939.093s][info][gc,phases   ] GC(8011)   Evacuate Collection Set: 19.2ms
[2025-01-09T04:31:08.727+0000][201939.093s][info][gc,phases   ] GC(8011)   Post Evacuate Collection Set: 2.6ms
[2025-01-09T04:31:08.727+0000][201939.093s][info][gc,phases   ] GC(8011)   Other: 0.2ms
[2025-01-09T04:31:08.727+0000][201939.093s][info][gc,heap     ] GC(8011) Eden regions: 917->0(916)
[2025-01-09T04:31:08.727+0000][201939.093s][info][gc,heap     ] GC(8011) Survivor regions: 4->5(116)
[2025-01-09T04:31:08.727+0000][201939.093s][info][gc,heap     ] GC(8011) Old regions: 227->227
[2025-01-09T04:31:08.727+0000][201939.093s][info][gc,heap     ] GC(8011) Archive regions: 2->2
[2025-01-09T04:31:08.727+0000][201939.093s][info][gc,heap     ] GC(8011) Humongous regions: 49->49
[2025-01-09T04:31:08.727+0000][201939.093s][info][gc,metaspace] GC(8011) Metaspace: 524780K(534272K)->524780K(534272K) NonClass: 460848K(465536K)->460848K(465536K) Class: 63932K(68736K)->63932K(68736K)
[2025-01-09T04:31:08.727+0000][201939.093s][info][gc          ] GC(8011) Pause Young (Normal) (G1 Evacuation Pause) 9578M->2246M(12288M) 22.663ms
[2025-01-09T04:31:08.727+0000][201939.093s][info][gc,cpu      ] GC(8011) User=0.13s Sys=0.00s Real=0.02s
[2025-01-09T04:31:20.063+0000][201950.429s][info][gc,start    ] GC(8012) Pause Young (Normal) (G1 Evacuation Pause)
[2025-01-09T04:31:20.063+0000][201950.429s][info][gc,task     ] GC(8012) Using 6 workers of 6 for evacuation
[2025-01-09T04:31:20.090+0000][201950.456s][info][gc,phases   ] GC(8012)   Pre Evacuate Collection Set: 0.2ms
[2025-01-09T04:31:20.090+0000][201950.456s][info][gc,phases   ] GC(8012)   Merge Heap Roots: 0.4ms
[2025-01-09T04:31:20.090+0000][201950.456s][info][gc,phases   ] GC(8012)   Evacuate Collection Set: 23.9ms
[2025-01-09T04:31:20.090+0000][201950.456s][info][gc,phases   ] GC(8012)   Post Evacuate Collection Set: 2.6ms
[2025-01-09T04:31:20.090+0000][201950.456s][info][gc,phases   ] GC(8012)   Other: 0.2ms
[2025-01-09T04:31:20.090+0000][201950.456s][info][gc,heap     ] GC(8012) Eden regions: 916->0(914)
[2025-01-09T04:31:20.090+0000][201950.456s][info][gc,heap     ] GC(8012) Survivor regions: 5->7(116)
[2025-01-09T04:31:20.090+0000][201950.456s][info][gc,heap     ] GC(8012) Old regions: 227->227
[2025-01-09T04:31:20.090+0000][201950.456s][info][gc,heap     ] GC(8012) Archive regions: 2->2
[2025-01-09T04:31:20.090+0000][201950.456s][info][gc,heap     ] GC(8012) Humongous regions: 49->49
[2025-01-09T04:31:20.090+0000][201950.456s][info][gc,metaspace] GC(8012) Metaspace: 524780K(534272K)->524780K(534272K) NonClass: 460848K(465536K)->460848K(465536K) Class: 63932K(68736K)->63932K(68736K)
[2025-01-09T04:31:20.090+0000][201950.456s][info][gc          ] GC(8012) Pause Young (Normal) (G1 Evacuation Pause) 9574M->2262M(12288M) 27.364ms
[2025-01-09T04:31:20.090+0000][201950.456s][info][gc,cpu      ] GC(8012) User=0.16s Sys=0.00s Real=0.03s
[2025-01-09T04:31:30.012+0000][201960.378s][info][gc,start    ] GC(8013) Pause Young (Concurrent Start) (G1 Evacuation Pause)
[2025-01-09T04:31:30.012+0000][201960.378s][info][gc,task     ] GC(8013) Using 6 workers of 6 for evacuation
[2025-01-09T04:31:30.045+0000][201960.411s][info][gc,phases   ] GC(8013)   Pre Evacuate Collection Set: 1.1ms
[2025-01-09T04:31:30.045+0000][201960.411s][info][gc,phases   ] GC(8013)   Merge Heap Roots: 0.4ms
[2025-01-09T04:31:30.045+0000][201960.411s][info][gc,phases   ] GC(8013)   Evacuate Collection Set: 28.1ms
[2025-01-09T04:31:30.045+0000][201960.411s][info][gc,phases   ] GC(8013)   Post Evacuate Collection Set: 2.6ms
[2025-01-09T04:31:30.045+0000][201960.411s][info][gc,phases   ] GC(8013)   Other: 0.3ms
[2025-01-09T04:31:30.045+0000][201960.411s][info][gc,heap     ] GC(8013) Eden regions: 914->0(913)
[2025-01-09T04:31:30.045+0000][201960.411s][info][gc,heap     ] GC(8013) Survivor regions: 7->8(116)
[2025-01-09T04:31:30.045+0000][201960.411s][info][gc,heap     ] GC(8013) Old regions: 227->227
[2025-01-09T04:31:30.045+0000][201960.411s][info][gc,heap     ] GC(8013) Archive regions: 2->2
[2025-01-09T04:31:30.045+0000][201960.411s][info][gc,heap     ] GC(8013) Humongous regions: 49->49
[2025-01-09T04:31:30.045+0000][201960.411s][info][gc,metaspace] GC(8013) Metaspace: 524780K(534272K)->524780K(534272K) NonClass: 460848K(465536K)->460848K(465536K) Class: 63932K(68736K)->63932K(68736K)
[2025-01-09T04:31:30.045+0000][201960.411s][info][gc          ] GC(8013) Pause Young (Concurrent Start) (G1 Evacuation Pause) 9574M->2271M(12288M) 32.645ms
[2025-01-09T04:31:30.045+0000][201960.411s][info][gc,cpu      ] GC(8013) User=0.19s Sys=0.00s Real=0.03s
[2025-01-09T04:31:30.045+0000][201960.411s][info][gc          ] GC(8014) Concurrent Mark Cycle
[2025-01-09T04:31:30.045+0000][201960.411s][info][gc,marking  ] GC(8014) Concurrent Clear Claimed Marks
[2025-01-09T04:31:30.046+0000][201960.412s][info][gc,marking  ] GC(8014) Concurrent Clear Claimed Marks 0.971ms
[2025-01-09T04:31:30.046+0000][201960.412s][info][gc,marking  ] GC(8014) Concurrent Scan Root Regions
[2025-01-09T04:31:30.069+0000][201960.435s][info][gc,marking  ] GC(8014) Concurrent Scan Root Regions 22.741ms
[2025-01-09T04:31:30.069+0000][201960.435s][info][gc,marking  ] GC(8014) Concurrent Mark
[2025-01-09T04:31:30.069+0000][201960.435s][info][gc,marking  ] GC(8014) Concurrent Mark From Roots
[2025-01-09T04:31:30.069+0000][201960.435s][info][gc,task     ] GC(8014) Using 2 workers of 2 for marking
[2025-01-09T04:31:30.877+0000][201961.243s][info][gc,marking  ] GC(8014) Concurrent Mark From Roots 808.488ms
[2025-01-09T04:31:30.877+0000][201961.243s][info][gc,marking  ] GC(8014) Concurrent Preclean
[2025-01-09T04:31:30.880+0000][201961.246s][info][gc,marking  ] GC(8014) Concurrent Preclean 2.885ms
[2025-01-09T04:31:30.880+0000][201961.246s][info][gc,start    ] GC(8014) Pause Remark
[2025-01-09T04:31:30.907+0000][201961.273s][info][gc          ] GC(8014) Pause Remark 2979M->2979M(12288M) 26.397ms
[2025-01-09T04:31:30.907+0000][201961.273s][info][gc,cpu      ] GC(8014) User=0.14s Sys=0.01s Real=0.03s
[2025-01-09T04:31:30.907+0000][201961.273s][info][gc,marking  ] GC(8014) Concurrent Mark 838.122ms
[2025-01-09T04:31:30.907+0000][201961.273s][info][gc,marking  ] GC(8014) Concurrent Rebuild Remembered Sets
[2025-01-09T04:31:31.423+0000][201961.789s][info][gc,marking  ] GC(8014) Concurrent Rebuild Remembered Sets 515.659ms
[2025-01-09T04:31:31.423+0000][201961.789s][info][gc,start    ] GC(8014) Pause Cleanup
[2025-01-09T04:31:31.423+0000][201961.789s][info][gc          ] GC(8014) Pause Cleanup 3407M->3407M(12288M) 0.391ms
[2025-01-09T04:31:31.423+0000][201961.789s][info][gc,cpu      ] GC(8014) User=0.00s Sys=0.00s Real=0.00s
[2025-01-09T04:31:31.423+0000][201961.789s][info][gc,marking  ] GC(8014) Concurrent Cleanup for Next Mark
[2025-01-09T04:31:31.439+0000][201961.805s][info][gc,marking  ] GC(8014) Concurrent Cleanup for Next Mark 15.421ms
[2025-01-09T04:31:31.439+0000][201961.805s][info][gc          ] GC(8014) Concurrent Mark Cycle 1393.705ms
[2025-01-09T04:31:36.485+0000][201966.851s][info][gc,start    ] GC(8015) Pause Young (Prepare Mixed) (G1 Evacuation Pause)
[2025-01-09T04:31:36.485+0000][201966.851s][info][gc,task     ] GC(8015) Using 6 workers of 6 for evacuation
[2025-01-09T04:31:36.518+0000][201966.884s][info][gc,phases   ] GC(8015)   Pre Evacuate Collection Set: 0.2ms
[2025-01-09T04:31:36.518+0000][201966.884s][info][gc,phases   ] GC(8015)   Merge Heap Roots: 0.7ms
[2025-01-09T04:31:36.518+0000][201966.884s][info][gc,phases   ] GC(8015)   Evacuate Collection Set: 29.9ms
[2025-01-09T04:31:36.518+0000][201966.884s][info][gc,phases   ] GC(8015)   Post Evacuate Collection Set: 2.5ms
[2025-01-09T04:31:36.518+0000][201966.884s][info][gc,phases   ] GC(8015)   Other: 0.2ms
[2025-01-09T04:31:36.518+0000][201966.884s][info][gc,heap     ] GC(8015) Eden regions: 913->0(67)
[2025-01-09T04:31:36.518+0000][201966.884s][info][gc,heap     ] GC(8015) Survivor regions: 8->9(116)
[2025-01-09T04:31:36.518+0000][201966.884s][info][gc,heap     ] GC(8015) Old regions: 227->227
[2025-01-09T04:31:36.518+0000][201966.884s][info][gc,heap     ] GC(8015) Archive regions: 2->2
[2025-01-09T04:31:36.518+0000][201966.884s][info][gc,heap     ] GC(8015) Humongous regions: 49->49
[2025-01-09T04:31:36.518+0000][201966.884s][info][gc,metaspace] GC(8015) Metaspace: 524780K(534272K)->524780K(534272K) NonClass: 460848K(465536K)->460848K(465536K) Class: 63932K(68736K)->63932K(68736K)
[2025-01-09T04:31:36.518+0000][201966.884s][info][gc          ] GC(8015) Pause Young (Prepare Mixed) (G1 Evacuation Pause) 9575M->2278M(12288M) 33.582ms
[2025-01-09T04:31:36.518+0000][201966.884s][info][gc,cpu      ] GC(8015) User=0.19s Sys=0.00s Real=0.03s
[2025-01-09T04:31:36.893+0000][201967.259s][info][gc,start    ] GC(8016) Pause Young (Mixed) (G1 Evacuation Pause)
[2025-01-09T04:31:36.893+0000][201967.259s][info][gc,task     ] GC(8016) Using 6 workers of 6 for evacuation
[2025-01-09T04:31:36.959+0000][201967.325s][info][gc,phases   ] GC(8016)   Pre Evacuate Collection Set: 0.2ms
[2025-01-09T04:31:36.959+0000][201967.325s][info][gc,phases   ] GC(8016)   Merge Heap Roots: 0.8ms
[2025-01-09T04:31:36.959+0000][201967.325s][info][gc,phases   ] GC(8016)   Evacuate Collection Set: 62.6ms
[2025-01-09T04:31:36.959+0000][201967.325s][info][gc,phases   ] GC(8016)   Post Evacuate Collection Set: 1.7ms
[2025-01-09T04:31:36.959+0000][201967.325s][info][gc,phases   ] GC(8016)   Other: 0.2ms
[2025-01-09T04:31:36.959+0000][201967.325s][info][gc,heap     ] GC(8016) Eden regions: 67->0(916)
[2025-01-09T04:31:36.959+0000][201967.325s][info][gc,heap     ] GC(8016) Survivor regions: 9->5(10)
[2025-01-09T04:31:36.959+0000][201967.325s][info][gc,heap     ] GC(8016) Old regions: 227->226
[2025-01-09T04:31:36.959+0000][201967.325s][info][gc,heap     ] GC(8016) Archive regions: 2->2
[2025-01-09T04:31:36.959+0000][201967.325s][info][gc,heap     ] GC(8016) Humongous regions: 49->49
[2025-01-09T04:31:36.959+0000][201967.325s][info][gc,metaspace] GC(8016) Metaspace: 524780K(534272K)->524780K(534272K) NonClass: 460848K(465536K)->460848K(465536K) Class: 63932K(68736K)->63932K(68736K)
[2025-01-09T04:31:36.959+0000][201967.325s][info][gc          ] GC(8016) Pause Young (Mixed) (G1 Evacuation Pause) 2814M->2242M(12288M) 65.518ms
[2025-01-09T04:31:36.959+0000][201967.325s][info][gc,cpu      ] GC(8016) User=0.39s Sys=0.00s Real=0.06s
[2025-01-09T04:31:42.114+0000][201972.481s][info][gc,start    ] GC(8017) Pause Young (Normal) (G1 Evacuation Pause)
[2025-01-09T04:31:42.115+0000][201972.481s][info][gc,task     ] GC(8017) Using 6 workers of 6 for evacuation
[2025-01-09T04:31:42.139+0000][201972.505s][info][gc,phases   ] GC(8017)   Pre Evacuate Collection Set: 0.2ms
[2025-01-09T04:31:42.139+0000][201972.505s][info][gc,phases   ] GC(8017)   Merge Heap Roots: 0.4ms
[2025-01-09T04:31:42.139+0000][201972.505s][info][gc,phases   ] GC(8017)   Evacuate Collection Set: 19.7ms
[2025-01-09T04:31:42.139+0000][201972.505s][info][gc,phases   ] GC(8017)   Post Evacuate Collection Set: 3.7ms
[2025-01-09T04:31:42.139+0000][201972.505s][info][gc,phases   ] GC(8017)   Other: 0.2ms
[2025-01-09T04:31:42.139+0000][201972.505s][info][gc,heap     ] GC(8017) Eden regions: 916->0(915)
[2025-01-09T04:31:42.139+0000][201972.505s][info][gc,heap     ] GC(8017) Survivor regions: 5->6(116)
[2025-01-09T04:31:42.139+0000][201972.505s][info][gc,heap     ] GC(8017) Old regions: 226->226
[2025-01-09T04:31:42.139+0000][201972.505s][info][gc,heap     ] GC(8017) Archive regions: 2->2
[2025-01-09T04:31:42.139+0000][201972.505s][info][gc,heap     ] GC(8017) Humongous regions: 49->49
[2025-01-09T04:31:42.139+0000][201972.505s][info][gc,metaspace] GC(8017) Metaspace: 524780K(534272K)->524780K(534272K) NonClass: 460848K(465536K)->460848K(465536K) Class: 63932K(68736K)->63932K(68736K)
[2025-01-09T04:31:42.139+0000][201972.505s][info][gc          ] GC(8017) Pause Young (Normal) (G1 Evacuation Pause) 9570M->2252M(12288M) 24.304ms
[2025-01-09T04:31:42.139+0000][201972.505s][info][gc,cpu      ] GC(8017) User=0.14s Sys=0.00s Real=0.02s
[2025-01-09T04:31:51.402+0000][201981.768s][info][gc,start    ] GC(8018) Pause Young (Normal) (G1 Evacuation Pause)
[2025-01-09T04:31:51.402+0000][201981.768s][info][gc,task     ] GC(8018) Using 6 workers of 6 for evacuation
[2025-01-09T04:31:51.429+0000][201981.795s][info][gc,phases   ] GC(8018)   Pre Evacuate Collection Set: 0.2ms
[2025-01-09T04:31:51.429+0000][201981.795s][info][gc,phases   ] GC(8018)   Merge Heap Roots: 0.5ms
[2025-01-09T04:31:51.429+0000][201981.795s][info][gc,phases   ] GC(8018)   Evacuate Collection Set: 22.7ms
[2025-01-09T04:31:51.429+0000][201981.795s][info][gc,phases   ] GC(8018)   Post Evacuate Collection Set: 4.0ms
[2025-01-09T04:31:51.429+0000][201981.795s][info][gc,phases   ] GC(8018)   Other: 0.2ms
[2025-01-09T04:31:51.429+0000][201981.795s][info][gc,heap     ] GC(8018) Eden regions: 915->0(914)
[2025-01-09T04:31:51.429+0000][201981.795s][info][gc,heap     ] GC(8018) Survivor regions: 6->7(116)
[2025-01-09T04:31:51.429+0000][201981.795s][info][gc,heap     ] GC(8018) Old regions: 226->226
[2025-01-09T04:31:51.429+0000][201981.795s][info][gc,heap     ] GC(8018) Archive regions: 2->2
[2025-01-09T04:31:51.429+0000][201981.795s][info][gc,heap     ] GC(8018) Humongous regions: 49->49
[2025-01-09T04:31:51.429+0000][201981.795s][info][gc,metaspace] GC(8018) Metaspace: 524780K(534272K)->524780K(534272K) NonClass: 460848K(465536K)->460848K(465536K) Class: 63932K(68736K)->63932K(68736K)
[2025-01-09T04:31:51.429+0000][201981.795s][info][gc          ] GC(8018) Pause Young (Normal) (G1 Evacuation Pause) 9572M->2260M(12288M) 27.663ms
[2025-01-09T04:31:51.429+0000][201981.796s][info][gc,cpu      ] GC(8018) User=0.16s Sys=0.00s Real=0.02s
[2025-01-09T04:31:55.819+0000][201986.185s][info][gc,start    ] GC(8019) Pause Young (Concurrent Start) (G1 Evacuation Pause)
[2025-01-09T04:31:55.819+0000][201986.185s][info][gc,task     ] GC(8019) Using 6 workers of 6 for evacuation
[2025-01-09T04:31:55.847+0000][201986.213s][info][gc,phases   ] GC(8019)   Pre Evacuate Collection Set: 1.1ms
[2025-01-09T04:31:55.847+0000][201986.213s][info][gc,phases   ] GC(8019)   Merge Heap Roots: 0.4ms
[2025-01-09T04:31:55.847+0000][201986.213s][info][gc,phases   ] GC(8019)   Evacuate Collection Set: 23.0ms
[2025-01-09T04:31:55.847+0000][201986.213s][info][gc,phases   ] GC(8019)   Post Evacuate Collection Set: 3.7ms
[2025-01-09T04:31:55.847+0000][201986.213s][info][gc,phases   ] GC(8019)   Other: 0.3ms
[2025-01-09T04:31:55.847+0000][201986.213s][info][gc,heap     ] GC(8019) Eden regions: 914->0(913)
[2025-01-09T04:31:55.847+0000][201986.213s][info][gc,heap     ] GC(8019) Survivor regions: 7->8(116)
[2025-01-09T04:31:55.847+0000][201986.213s][info][gc,heap     ] GC(8019) Old regions: 226->226
[2025-01-09T04:31:55.847+0000][201986.213s][info][gc,heap     ] GC(8019) Archive regions: 2->2
[2025-01-09T04:31:55.847+0000][201986.213s][info][gc,heap     ] GC(8019) Humongous regions: 49->49
[2025-01-09T04:31:55.847+0000][201986.213s][info][gc,metaspace] GC(8019) Metaspace: 524780K(534272K)->524780K(534272K) NonClass: 460848K(465536K)->460848K(465536K) Class: 63932K(68736K)->63932K(68736K)
[2025-01-09T04:31:55.847+0000][201986.213s][info][gc          ] GC(8019) Pause Young (Concurrent Start) (G1 Evacuation Pause) 9572M->2266M(12288M) 28.547ms
[2025-01-09T04:31:55.847+0000][201986.213s][info][gc,cpu      ] GC(8019) User=0.16s Sys=0.00s Real=0.03s
[2025-01-09T04:31:55.847+0000][201986.214s][info][gc          ] GC(8020) Concurrent Mark Cycle
[2025-01-09T04:31:55.847+0000][201986.214s][info][gc,marking  ] GC(8020) Concurrent Clear Claimed Marks
[2025-01-09T04:31:55.848+0000][201986.214s][info][gc,marking  ] GC(8020) Concurrent Clear Claimed Marks 0.895ms
[2025-01-09T04:31:55.848+0000][201986.214s][info][gc,marking  ] GC(8020) Concurrent Scan Root Regions
[2025-01-09T04:31:55.870+0000][201986.237s][info][gc,marking  ] GC(8020) Concurrent Scan Root Regions 22.101ms
[2025-01-09T04:31:55.870+0000][201986.237s][info][gc,marking  ] GC(8020) Concurrent Mark
[2025-01-09T04:31:55.870+0000][201986.237s][info][gc,marking  ] GC(8020) Concurrent Mark From Roots
[2025-01-09T04:31:55.870+0000][201986.237s][info][gc,task     ] GC(8020) Using 2 workers of 2 for marking
[2025-01-09T04:31:57.023+0000][201987.389s][info][gc,marking  ] GC(8020) Concurrent Mark From Roots 1152.580ms
[2025-01-09T04:31:57.023+0000][201987.389s][info][gc,marking  ] GC(8020) Concurrent Preclean
[2025-01-09T04:31:57.027+0000][201987.393s][info][gc,marking  ] GC(8020) Concurrent Preclean 3.709ms
[2025-01-09T04:31:57.027+0000][201987.393s][info][gc,start    ] GC(8020) Pause Remark
[2025-01-09T04:31:57.052+0000][201987.418s][info][gc          ] GC(8020) Pause Remark 3958M->3958M(12288M) 25.357ms
[2025-01-09T04:31:57.052+0000][201987.418s][info][gc,cpu      ] GC(8020) User=0.15s Sys=0.00s Real=0.03s
[2025-01-09T04:31:57.055+0000][201987.421s][info][gc,marking  ] GC(8020) Concurrent Mark 1184.326ms
[2025-01-09T04:31:57.055+0000][201987.421s][info][gc,marking  ] GC(8020) Concurrent Rebuild Remembered Sets
[2025-01-09T04:31:57.791+0000][201988.157s][info][gc,marking  ] GC(8020) Concurrent Rebuild Remembered Sets 735.935ms
[2025-01-09T04:31:57.791+0000][201988.157s][info][gc,start    ] GC(8020) Pause Cleanup
[2025-01-09T04:31:57.791+0000][201988.157s][info][gc          ] GC(8020) Pause Cleanup 5402M->5402M(12288M) 0.377ms
[2025-01-09T04:31:57.791+0000][201988.157s][info][gc,cpu      ] GC(8020) User=0.00s Sys=0.00s Real=0.00s
[2025-01-09T04:31:57.791+0000][201988.158s][info][gc,marking  ] GC(8020) Concurrent Cleanup for Next Mark
[2025-01-09T04:31:57.808+0000][201988.174s][info][gc,marking  ] GC(8020) Concurrent Cleanup for Next Mark 16.068ms
[2025-01-09T04:31:57.808+0000][201988.174s][info][gc          ] GC(8020) Concurrent Mark Cycle 1960.170ms
[2025-01-09T04:32:00.274+0000][201990.640s][info][gc,start    ] GC(8021) Pause Young (Prepare Mixed) (G1 Evacuation Pause)
[2025-01-09T04:32:00.274+0000][201990.640s][info][gc,task     ] GC(8021) Using 6 workers of 6 for evacuation
[2025-01-09T04:32:00.304+0000][201990.670s][info][gc,phases   ] GC(8021)   Pre Evacuate Collection Set: 0.2ms
[2025-01-09T04:32:00.304+0000][201990.670s][info][gc,phases   ] GC(8021)   Merge Heap Roots: 0.7ms
[2025-01-09T04:32:00.304+0000][201990.670s][info][gc,phases   ] GC(8021)   Evacuate Collection Set: 27.1ms
[2025-01-09T04:32:00.304+0000][201990.670s][info][gc,phases   ] GC(8021)   Post Evacuate Collection Set: 2.6ms
[2025-01-09T04:32:00.304+0000][201990.670s][info][gc,phases   ] GC(8021)   Other: 0.2ms
[2025-01-09T04:32:00.304+0000][201990.670s][info][gc,heap     ] GC(8021) Eden regions: 913->0(68)
[2025-01-09T04:32:00.304+0000][201990.670s][info][gc,heap     ] GC(8021) Survivor regions: 8->8(116)
[2025-01-09T04:32:00.304+0000][201990.670s][info][gc,heap     ] GC(8021) Old regions: 226->226
[2025-01-09T04:32:00.304+0000][201990.670s][info][gc,heap     ] GC(8021) Archive regions: 2->2
[2025-01-09T04:32:00.304+0000][201990.670s][info][gc,heap     ] GC(8021) Humongous regions: 49->49
[2025-01-09T04:32:00.304+0000][201990.670s][info][gc,metaspace] GC(8021) Metaspace: 524780K(534272K)->524780K(534272K) NonClass: 460848K(465536K)->460848K(465536K) Class: 63932K(68736K)->63932K(68736K)
[2025-01-09T04:32:00.304+0000][201990.670s][info][gc          ] GC(8021) Pause Young (Prepare Mixed) (G1 Evacuation Pause) 9570M->2263M(12288M) 30.842ms
[2025-01-09T04:32:00.304+0000][201990.671s][info][gc,cpu      ] GC(8021) User=0.18s Sys=0.00s Real=0.03s
[2025-01-09T04:32:00.685+0000][201991.051s][info][gc,start    ] GC(8022) Pause Young (Mixed) (G1 Evacuation Pause)
[2025-01-09T04:32:00.685+0000][201991.051s][info][gc,task     ] GC(8022) Using 6 workers of 6 for evacuation
[2025-01-09T04:32:00.754+0000][201991.120s][info][gc,phases   ] GC(8022)   Pre Evacuate Collection Set: 0.2ms
[2025-01-09T04:32:00.754+0000][201991.120s][info][gc,phases   ] GC(8022)   Merge Heap Roots: 0.7ms
[2025-01-09T04:32:00.754+0000][201991.120s][info][gc,phases   ] GC(8022)   Evacuate Collection Set: 65.8ms
[2025-01-09T04:32:00.754+0000][201991.120s][info][gc,phases   ] GC(8022)   Post Evacuate Collection Set: 1.9ms
[2025-01-09T04:32:00.754+0000][201991.120s][info][gc,phases   ] GC(8022)   Other: 0.2ms
[2025-01-09T04:32:00.754+0000][201991.120s][info][gc,heap     ] GC(8022) Eden regions: 68->0(916)
[2025-01-09T04:32:00.754+0000][201991.120s][info][gc,heap     ] GC(8022) Survivor regions: 8->5(10)
[2025-01-09T04:32:00.754+0000][201991.120s][info][gc,heap     ] GC(8022) Old regions: 226->225
[2025-01-09T04:32:00.754+0000][201991.120s][info][gc,heap     ] GC(8022) Archive regions: 2->2
[2025-01-09T04:32:00.754+0000][201991.120s][info][gc,heap     ] GC(8022) Humongous regions: 49->49
[2025-01-09T04:32:00.754+0000][201991.120s][info][gc,metaspace] GC(8022) Metaspace: 524780K(534272K)->524780K(534272K) NonClass: 460848K(465536K)->460848K(465536K) Class: 63932K(68736K)->63932K(68736K)
[2025-01-09T04:32:00.754+0000][201991.120s][info][gc          ] GC(8022) Pause Young (Mixed) (G1 Evacuation Pause) 2807M->2231M(12288M) 68.849ms
[2025-01-09T04:32:00.754+0000][201991.120s][info][gc,cpu      ] GC(8022) User=0.38s Sys=0.00s Real=0.07s
[2025-01-09T04:32:07.059+0000][201997.425s][info][gc,start    ] GC(8023) Pause Young (Normal) (G1 Evacuation Pause)
[2025-01-09T04:32:07.059+0000][201997.425s][info][gc,task     ] GC(8023) Using 6 workers of 6 for evacuation
[2025-01-09T04:32:07.088+0000][201997.454s][info][gc,phases   ] GC(8023)   Pre Evacuate Collection Set: 0.2ms
[2025-01-09T04:32:07.088+0000][201997.454s][info][gc,phases   ] GC(8023)   Merge Heap Roots: 0.4ms
[2025-01-09T04:32:07.088+0000][201997.454s][info][gc,phases   ] GC(8023)   Evacuate Collection Set: 25.1ms
[2025-01-09T04:32:07.088+0000][201997.454s][info][gc,phases   ] GC(8023)   Post Evacuate Collection Set: 2.8ms
[2025-01-09T04:32:07.088+0000][201997.454s][info][gc,phases   ] GC(8023)   Other: 0.2ms
[2025-01-09T04:32:07.088+0000][201997.454s][info][gc,heap     ] GC(8023) Eden regions: 916->0(915)
[2025-01-09T04:32:07.088+0000][201997.454s][info][gc,heap     ] GC(8023) Survivor regions: 5->6(116)
[2025-01-09T04:32:07.088+0000][201997.454s][info][gc,heap     ] GC(8023) Old regions: 225->225
[2025-01-09T04:32:07.088+0000][201997.454s][info][gc,heap     ] GC(8023) Archive regions: 2->2
[2025-01-09T04:32:07.088+0000][201997.454s][info][gc,heap     ] GC(8023) Humongous regions: 49->49
[2025-01-09T04:32:07.088+0000][201997.454s][info][gc,metaspace] GC(8023) Metaspace: 524780K(534272K)->524780K(534272K) NonClass: 460848K(465536K)->460848K(465536K) Class: 63932K(68736K)->63932K(68736K)
[2025-01-09T04:32:07.088+0000][201997.454s][info][gc          ] GC(8023) Pause Young (Normal) (G1 Evacuation Pause) 9559M->2241M(12288M) 28.802ms
[2025-01-09T04:32:07.088+0000][201997.454s][info][gc,cpu      ] GC(8023) User=0.17s Sys=0.01s Real=0.03s
[2025-01-09T04:32:12.607+0000][202002.973s][info][gc,start    ] GC(8024) Pause Young (Normal) (G1 Evacuation Pause)
[2025-01-09T04:32:12.607+0000][202002.973s][info][gc,task     ] GC(8024) Using 6 workers of 6 for evacuation
[2025-01-09T04:32:12.638+0000][202003.004s][info][gc,phases   ] GC(8024)   Pre Evacuate Collection Set: 0.2ms
[2025-01-09T04:32:12.638+0000][202003.004s][info][gc,phases   ] GC(8024)   Merge Heap Roots: 0.4ms
[2025-01-09T04:32:12.638+0000][202003.004s][info][gc,phases   ] GC(8024)   Evacuate Collection Set: 26.7ms
[2025-01-09T04:32:12.638+0000][202003.004s][info][gc,phases   ] GC(8024)   Post Evacuate Collection Set: 2.8ms
[2025-01-09T04:32:12.638+0000][202003.004s][info][gc,phases   ] GC(8024)   Other: 0.2ms
[2025-01-09T04:32:12.638+0000][202003.004s][info][gc,heap     ] GC(8024) Eden regions: 915->0(914)
[2025-01-09T04:32:12.638+0000][202003.004s][info][gc,heap     ] GC(8024) Survivor regions: 6->7(116)
[2025-01-09T04:32:12.638+0000][202003.004s][info][gc,heap     ] GC(8024) Old regions: 225->225
[2025-01-09T04:32:12.638+0000][202003.004s][info][gc,heap     ] GC(8024) Archive regions: 2->2
[2025-01-09T04:32:12.638+0000][202003.004s][info][gc,heap     ] GC(8024) Humongous regions: 49->49
[2025-01-09T04:32:12.638+0000][202003.004s][info][gc,metaspace] GC(8024) Metaspace: 524780K(534272K)->524780K(534272K) NonClass: 460848K(465536K)->460848K(465536K) Class: 63932K(68736K)->63932K(68736K)
[2025-01-09T04:32:12.638+0000][202003.004s][info][gc          ] GC(8024) Pause Young (Normal) (G1 Evacuation Pause) 9561M->2247M(12288M) 30.431ms
[2025-01-09T04:32:12.638+0000][202003.004s][info][gc,cpu      ] GC(8024) User=0.18s Sys=0.00s Real=0.03s
[2025-01-09T04:32:17.577+0000][202007.943s][info][gc,start    ] GC(8025) Pause Young (Concurrent Start) (G1 Evacuation Pause)
[2025-01-09T04:32:17.577+0000][202007.943s][info][gc,task     ] GC(8025) Using 6 workers of 6 for evacuation
[2025-01-09T04:32:17.608+0000][202007.974s][info][gc,phases   ] GC(8025)   Pre Evacuate Collection Set: 1.2ms
[2025-01-09T04:32:17.608+0000][202007.974s][info][gc,phases   ] GC(8025)   Merge Heap Roots: 0.5ms
[2025-01-09T04:32:17.608+0000][202007.974s][info][gc,phases   ] GC(8025)   Evacuate Collection Set: 26.9ms
[2025-01-09T04:32:17.608+0000][202007.974s][info][gc,phases   ] GC(8025)   Post Evacuate Collection Set: 2.4ms
[2025-01-09T04:32:17.608+0000][202007.974s][info][gc,phases   ] GC(8025)   Other: 0.3ms
[2025-01-09T04:32:17.608+0000][202007.974s][info][gc,heap     ] GC(8025) Eden regions: 914->0(913)
[2025-01-09T04:32:17.608+0000][202007.974s][info][gc,heap     ] GC(8025) Survivor regions: 7->8(116)
[2025-01-09T04:32:17.608+0000][202007.974s][info][gc,heap     ] GC(8025) Old regions: 225->225
[2025-01-09T04:32:17.608+0000][202007.974s][info][gc,heap     ] GC(8025) Archive regions: 2->2
[2025-01-09T04:32:17.608+0000][202007.974s][info][gc,heap     ] GC(8025) Humongous regions: 49->49
[2025-01-09T04:32:17.608+0000][202007.974s][info][gc,metaspace] GC(8025) Metaspace: 524780K(534272K)->524780K(534272K) NonClass: 460848K(465536K)->460848K(465536K) Class: 63932K(68736K)->63932K(68736K)
[2025-01-09T04:32:17.608+0000][202007.974s][info][gc          ] GC(8025) Pause Young (Concurrent Start) (G1 Evacuation Pause) 9559M->2254M(12288M) 31.311ms
[2025-01-09T04:32:17.608+0000][202007.974s][info][gc,cpu      ] GC(8025) User=0.18s Sys=0.00s Real=0.03s
[2025-01-09T04:32:17.608+0000][202007.974s][info][gc          ] GC(8026) Concurrent Mark Cycle
[2025-01-09T04:32:17.608+0000][202007.974s][info][gc,marking  ] GC(8026) Concurrent Clear Claimed Marks
[2025-01-09T04:32:17.609+0000][202007.975s][info][gc,marking  ] GC(8026) Concurrent Clear Claimed Marks 0.980ms
[2025-01-09T04:32:17.609+0000][202007.975s][info][gc,marking  ] GC(8026) Concurrent Scan Root Regions
[2025-01-09T04:32:17.629+0000][202007.995s][info][gc,marking  ] GC(8026) Concurrent Scan Root Regions 20.149ms
[2025-01-09T04:32:17.629+0000][202007.996s][info][gc,marking  ] GC(8026) Concurrent Mark
[2025-01-09T04:32:17.629+0000][202007.996s][info][gc,marking  ] GC(8026) Concurrent Mark From Roots
[2025-01-09T04:32:17.629+0000][202007.996s][info][gc,task     ] GC(8026) Using 2 workers of 2 for marking
[2025-01-09T04:32:18.528+0000][202008.894s][info][gc,marking  ] GC(8026) Concurrent Mark From Roots 898.506ms
[2025-01-09T04:32:18.528+0000][202008.894s][info][gc,marking  ] GC(8026) Concurrent Preclean
[2025-01-09T04:32:18.531+0000][202008.897s][info][gc,marking  ] GC(8026) Concurrent Preclean 2.907ms
[2025-01-09T04:32:18.531+0000][202008.897s][info][gc,start    ] GC(8026) Pause Remark
[2025-01-09T04:32:18.557+0000][202008.923s][info][gc          ] GC(8026) Pause Remark 3274M->3274M(12288M) 26.175ms
[2025-01-09T04:32:18.557+0000][202008.923s][info][gc,cpu      ] GC(8026) User=0.15s Sys=0.00s Real=0.02s
[2025-01-09T04:32:18.557+0000][202008.923s][info][gc,marking  ] GC(8026) Concurrent Mark 927.934ms
[2025-01-09T04:32:18.557+0000][202008.923s][info][gc,marking  ] GC(8026) Concurrent Rebuild Remembered Sets
[2025-01-09T04:32:19.047+0000][202009.413s][info][gc,marking  ] GC(8026) Concurrent Rebuild Remembered Sets 489.747ms
[2025-01-09T04:32:19.047+0000][202009.413s][info][gc,start    ] GC(8026) Pause Cleanup
[2025-01-09T04:32:19.048+0000][202009.414s][info][gc          ] GC(8026) Pause Cleanup 3630M->3630M(12288M) 0.399ms
[2025-01-09T04:32:19.048+0000][202009.414s][info][gc,cpu      ] GC(8026) User=0.01s Sys=0.00s Real=0.00s
[2025-01-09T04:32:19.048+0000][202009.414s][info][gc,marking  ] GC(8026) Concurrent Cleanup for Next Mark
[2025-01-09T04:32:19.063+0000][202009.430s][info][gc,marking  ] GC(8026) Concurrent Cleanup for Next Mark 15.660ms
[2025-01-09T04:32:19.063+0000][202009.430s][info][gc          ] GC(8026) Concurrent Mark Cycle 1455.270ms
[2025-01-09T04:32:22.931+0000][202013.297s][info][gc,start    ] GC(8027) Pause Young (Prepare Mixed) (G1 Evacuation Pause)
[2025-01-09T04:32:22.931+0000][202013.297s][info][gc,task     ] GC(8027) Using 6 workers of 6 for evacuation
[2025-01-09T04:32:22.965+0000][202013.331s][info][gc,phases   ] GC(8027)   Pre Evacuate Collection Set: 0.2ms
[2025-01-09T04:32:22.965+0000][202013.331s][info][gc,phases   ] GC(8027)   Merge Heap Roots: 0.7ms
[2025-01-09T04:32:22.965+0000][202013.331s][info][gc,phases   ] GC(8027)   Evacuate Collection Set: 30.8ms
[2025-01-09T04:32:22.965+0000][202013.331s][info][gc,phases   ] GC(8027)   Post Evacuate Collection Set: 2.5ms
[2025-01-09T04:32:22.965+0000][202013.331s][info][gc,phases   ] GC(8027)   Other: 0.2ms
[2025-01-09T04:32:22.965+0000][202013.331s][info][gc,heap     ] GC(8027) Eden regions: 913->0(67)
[2025-01-09T04:32:22.965+0000][202013.331s][info][gc,heap     ] GC(8027) Survivor regions: 8->9(116)
[2025-01-09T04:32:22.965+0000][202013.331s][info][gc,heap     ] GC(8027) Old regions: 225->225
[2025-01-09T04:32:22.965+0000][202013.331s][info][gc,heap     ] GC(8027) Archive regions: 2->2
[2025-01-09T04:32:22.965+0000][202013.331s][info][gc,heap     ] GC(8027) Humongous regions: 49->49
[2025-01-09T04:32:22.965+0000][202013.331s][info][gc,metaspace] GC(8027) Metaspace: 524780K(534272K)->524780K(534272K) NonClass: 460848K(465536K)->460848K(465536K) Class: 63932K(68736K)->63932K(68736K)
[2025-01-09T04:32:22.965+0000][202013.331s][info][gc          ] GC(8027) Pause Young (Prepare Mixed) (G1 Evacuation Pause) 9558M->2266M(12288M) 34.503ms
[2025-01-09T04:32:22.965+0000][202013.332s][info][gc,cpu      ] GC(8027) User=0.20s Sys=0.00s Real=0.03s
[2025-01-09T04:32:23.287+0000][202013.653s][info][gc,start    ] GC(8028) Pause Young (Mixed) (G1 Evacuation Pause)
[2025-01-09T04:32:23.287+0000][202013.653s][info][gc,task     ] GC(8028) Using 6 workers of 6 for evacuation
[2025-01-09T04:32:23.355+0000][202013.721s][info][gc,phases   ] GC(8028)   Pre Evacuate Collection Set: 0.2ms
[2025-01-09T04:32:23.355+0000][202013.721s][info][gc,phases   ] GC(8028)   Merge Heap Roots: 0.7ms
[2025-01-09T04:32:23.355+0000][202013.721s][info][gc,phases   ] GC(8028)   Evacuate Collection Set: 64.5ms
[2025-01-09T04:32:23.355+0000][202013.721s][info][gc,phases   ] GC(8028)   Post Evacuate Collection Set: 2.1ms
[2025-01-09T04:32:23.355+0000][202013.721s][info][gc,phases   ] GC(8028)   Other: 0.2ms
[2025-01-09T04:32:23.355+0000][202013.721s][info][gc,heap     ] GC(8028) Eden regions: 67->0(916)
[2025-01-09T04:32:23.355+0000][202013.721s][info][gc,heap     ] GC(8028) Survivor regions: 9->5(10)
[2025-01-09T04:32:23.355+0000][202013.721s][info][gc,heap     ] GC(8028) Old regions: 225->225
[2025-01-09T04:32:23.355+0000][202013.721s][info][gc,heap     ] GC(8028) Archive regions: 2->2
[2025-01-09T04:32:23.355+0000][202013.721s][info][gc,heap     ] GC(8028) Humongous regions: 49->49
[2025-01-09T04:32:23.355+0000][202013.721s][info][gc,metaspace] GC(8028) Metaspace: 524780K(534272K)->524780K(534272K) NonClass: 460848K(465536K)->460848K(465536K) Class: 63932K(68736K)->63932K(68736K)
[2025-01-09T04:32:23.355+0000][202013.721s][info][gc          ] GC(8028) Pause Young (Mixed) (G1 Evacuation Pause) 2802M->2235M(12288M) 67.689ms
[2025-01-09T04:32:23.355+0000][202013.721s][info][gc,cpu      ] GC(8028) User=0.38s Sys=0.00s Real=0.07s
[2025-01-09T04:32:27.228+0000][202017.594s][info][gc,start    ] GC(8029) Pause Young (Normal) (G1 Evacuation Pause)
[2025-01-09T04:32:27.228+0000][202017.594s][info][gc,task     ] GC(8029) Using 6 workers of 6 for evacuation
[2025-01-09T04:32:27.257+0000][202017.623s][info][gc,phases   ] GC(8029)   Pre Evacuate Collection Set: 0.2ms
[2025-01-09T04:32:27.257+0000][202017.623s][info][gc,phases   ] GC(8029)   Merge Heap Roots: 0.4ms
[2025-01-09T04:32:27.257+0000][202017.623s][info][gc,phases   ] GC(8029)   Evacuate Collection Set: 25.5ms
[2025-01-09T04:32:27.257+0000][202017.623s][info][gc,phases   ] GC(8029)   Post Evacuate Collection Set: 2.5ms
[2025-01-09T04:32:27.257+0000][202017.623s][info][gc,phases   ] GC(8029)   Other: 0.2ms
[2025-01-09T04:32:27.257+0000][202017.623s][info][gc,heap     ] GC(8029) Eden regions: 916->0(916)
[2025-01-09T04:32:27.257+0000][202017.623s][info][gc,heap     ] GC(8029) Survivor regions: 5->5(116)
[2025-01-09T04:32:27.257+0000][202017.623s][info][gc,heap     ] GC(8029) Old regions: 225->225
[2025-01-09T04:32:27.257+0000][202017.623s][info][gc,heap     ] GC(8029) Archive regions: 2->2
[2025-01-09T04:32:27.257+0000][202017.623s][info][gc,heap     ] GC(8029) Humongous regions: 49->49
[2025-01-09T04:32:27.257+0000][202017.623s][info][gc,metaspace] GC(8029) Metaspace: 524780K(534272K)->524780K(534272K) NonClass: 460848K(465536K)->460848K(465536K) Class: 63932K(68736K)->63932K(68736K)
[2025-01-09T04:32:27.257+0000][202017.623s][info][gc          ] GC(8029) Pause Young (Normal) (G1 Evacuation Pause) 9563M->2237M(12288M) 28.892ms
[2025-01-09T04:32:27.257+0000][202017.623s][info][gc,cpu      ] GC(8029) User=0.17s Sys=0.00s Real=0.03s
[2025-01-09T04:32:35.226+0000][202025.592s][info][gc,start    ] GC(8030) Pause Young (Normal) (G1 Evacuation Pause)
[2025-01-09T04:32:35.226+0000][202025.592s][info][gc,task     ] GC(8030) Using 6 workers of 6 for evacuation
[2025-01-09T04:32:35.254+0000][202025.620s][info][gc,phases   ] GC(8030)   Pre Evacuate Collection Set: 0.2ms
[2025-01-09T04:32:35.254+0000][202025.620s][info][gc,phases   ] GC(8030)   Merge Heap Roots: 0.4ms
[2025-01-09T04:32:35.254+0000][202025.620s][info][gc,phases   ] GC(8030)   Evacuate Collection Set: 24.4ms
[2025-01-09T04:32:35.254+0000][202025.620s][info][gc,phases   ] GC(8030)   Post Evacuate Collection Set: 2.5ms
[2025-01-09T04:32:35.254+0000][202025.620s][info][gc,phases   ] GC(8030)   Other: 0.2ms
[2025-01-09T04:32:35.254+0000][202025.620s][info][gc,heap     ] GC(8030) Eden regions: 916->0(914)
[2025-01-09T04:32:35.254+0000][202025.620s][info][gc,heap     ] GC(8030) Survivor regions: 5->7(116)
[2025-01-09T04:32:35.254+0000][202025.620s][info][gc,heap     ] GC(8030) Old regions: 225->225
[2025-01-09T04:32:35.254+0000][202025.620s][info][gc,heap     ] GC(8030) Archive regions: 2->2
[2025-01-09T04:32:35.254+0000][202025.620s][info][gc,heap     ] GC(8030) Humongous regions: 49->49
[2025-01-09T04:32:35.254+0000][202025.620s][info][gc,metaspace] GC(8030) Metaspace: 524780K(534272K)->524780K(534272K) NonClass: 460848K(465536K)->460848K(465536K) Class: 63932K(68736K)->63932K(68736K)
[2025-01-09T04:32:35.254+0000][202025.620s][info][gc          ] GC(8030) Pause Young (Normal) (G1 Evacuation Pause) 9565M->2250M(12288M) 27.873ms
[2025-01-09T04:32:35.254+0000][202025.620s][info][gc,cpu      ] GC(8030) User=0.16s Sys=0.00s Real=0.03s
[2025-01-09T04:32:42.123+0000][202032.489s][info][gc,start    ] GC(8031) Pause Young (Concurrent Start) (G1 Evacuation Pause)
[2025-01-09T04:32:42.123+0000][202032.489s][info][gc,task     ] GC(8031) Using 6 workers of 6 for evacuation
[2025-01-09T04:32:42.162+0000][202032.528s][info][gc,phases   ] GC(8031)   Pre Evacuate Collection Set: 1.1ms
[2025-01-09T04:32:42.162+0000][202032.528s][info][gc,phases   ] GC(8031)   Merge Heap Roots: 0.4ms
[2025-01-09T04:32:42.162+0000][202032.528s][info][gc,phases   ] GC(8031)   Evacuate Collection Set: 31.7ms
[2025-01-09T04:32:42.162+0000][202032.528s][info][gc,phases   ] GC(8031)   Post Evacuate Collection Set: 5.8ms
[2025-01-09T04:32:42.162+0000][202032.528s][info][gc,phases   ] GC(8031)   Other: 0.3ms
[2025-01-09T04:32:42.162+0000][202032.528s][info][gc,heap     ] GC(8031) Eden regions: 914->0(911)
[2025-01-09T04:32:42.162+0000][202032.528s][info][gc,heap     ] GC(8031) Survivor regions: 7->10(116)
[2025-01-09T04:32:42.162+0000][202032.528s][info][gc,heap     ] GC(8031) Old regions: 225->225
[2025-01-09T04:32:42.162+0000][202032.528s][info][gc,heap     ] GC(8031) Archive regions: 2->2
[2025-01-09T04:32:42.162+0000][202032.528s][info][gc,heap     ] GC(8031) Humongous regions: 49->49
[2025-01-09T04:32:42.162+0000][202032.528s][info][gc,metaspace] GC(8031) Metaspace: 524780K(534272K)->524780K(534272K) NonClass: 460848K(465536K)->460848K(465536K) Class: 63932K(68736K)->63932K(68736K)
[2025-01-09T04:32:42.162+0000][202032.528s][info][gc          ] GC(8031) Pause Young (Concurrent Start) (G1 Evacuation Pause) 9562M->2270M(12288M) 39.374ms
[2025-01-09T04:32:42.162+0000][202032.528s][info][gc,cpu      ] GC(8031) User=0.22s Sys=0.00s Real=0.04s
[2025-01-09T04:32:42.162+0000][202032.528s][info][gc          ] GC(8032) Concurrent Mark Cycle
[2025-01-09T04:32:42.162+0000][202032.528s][info][gc,marking  ] GC(8032) Concurrent Clear Claimed Marks
[2025-01-09T04:32:42.163+0000][202032.529s][info][gc,marking  ] GC(8032) Concurrent Clear Claimed Marks 0.945ms
[2025-01-09T04:32:42.163+0000][202032.529s][info][gc,marking  ] GC(8032) Concurrent Scan Root Regions
[2025-01-09T04:32:42.188+0000][202032.554s][info][gc,marking  ] GC(8032) Concurrent Scan Root Regions 24.893ms
[2025-01-09T04:32:42.188+0000][202032.554s][info][gc,marking  ] GC(8032) Concurrent Mark
[2025-01-09T04:32:42.188+0000][202032.554s][info][gc,marking  ] GC(8032) Concurrent Mark From Roots
[2025-01-09T04:32:42.188+0000][202032.554s][info][gc,task     ] GC(8032) Using 2 workers of 2 for marking
[2025-01-09T04:32:43.026+0000][202033.393s][info][gc,marking  ] GC(8032) Concurrent Mark From Roots 838.499ms
[2025-01-09T04:32:43.027+0000][202033.393s][info][gc,marking  ] GC(8032) Concurrent Preclean
[2025-01-09T04:32:43.030+0000][202033.396s][info][gc,marking  ] GC(8032) Concurrent Preclean 3.527ms
[2025-01-09T04:32:43.030+0000][202033.396s][info][gc,start    ] GC(8032) Pause Remark
[2025-01-09T04:32:43.058+0000][202033.424s][info][gc          ] GC(8032) Pause Remark 3066M->3066M(12288M) 27.663ms
[2025-01-09T04:32:43.058+0000][202033.424s][info][gc,cpu      ] GC(8032) User=0.16s Sys=0.01s Real=0.02s
[2025-01-09T04:32:43.058+0000][202033.424s][info][gc,marking  ] GC(8032) Concurrent Mark 870.041ms
[2025-01-09T04:32:43.058+0000][202033.424s][info][gc,marking  ] GC(8032) Concurrent Rebuild Remembered Sets
[2025-01-09T04:32:43.562+0000][202033.928s][info][gc,marking  ] GC(8032) Concurrent Rebuild Remembered Sets 504.375ms
[2025-01-09T04:32:43.563+0000][202033.929s][info][gc,start    ] GC(8032) Pause Cleanup
[2025-01-09T04:32:43.563+0000][202033.929s][info][gc          ] GC(8032) Pause Cleanup 3199M->3199M(12288M) 0.362ms
[2025-01-09T04:32:43.563+0000][202033.929s][info][gc,cpu      ] GC(8032) User=0.00s Sys=0.00s Real=0.00s
[2025-01-09T04:32:43.563+0000][202033.929s][info][gc,marking  ] GC(8032) Concurrent Cleanup for Next Mark
[2025-01-09T04:32:43.578+0000][202033.945s][info][gc,marking  ] GC(8032) Concurrent Cleanup for Next Mark 15.458ms
[2025-01-09T04:32:43.578+0000][202033.945s][info][gc          ] GC(8032) Concurrent Mark Cycle 1416.452ms
[2025-01-09T04:32:49.481+0000][202039.847s][info][gc,start    ] GC(8033) Pause Young (Prepare Mixed) (G1 Evacuation Pause)
[2025-01-09T04:32:49.481+0000][202039.847s][info][gc,task     ] GC(8033) Using 6 workers of 6 for evacuation
[2025-01-09T04:32:49.518+0000][202039.884s][info][gc,phases   ] GC(8033)   Pre Evacuate Collection Set: 0.2ms
[2025-01-09T04:32:49.518+0000][202039.884s][info][gc,phases   ] GC(8033)   Merge Heap Roots: 0.7ms
[2025-01-09T04:32:49.518+0000][202039.884s][info][gc,phases   ] GC(8033)   Evacuate Collection Set: 31.9ms
[2025-01-09T04:32:49.518+0000][202039.884s][info][gc,phases   ] GC(8033)   Post Evacuate Collection Set: 4.1ms
[2025-01-09T04:32:49.518+0000][202039.884s][info][gc,phases   ] GC(8033)   Other: 0.2ms
[2025-01-09T04:32:49.518+0000][202039.884s][info][gc,heap     ] GC(8033) Eden regions: 911->0(65)
[2025-01-09T04:32:49.518+0000][202039.884s][info][gc,heap     ] GC(8033) Survivor regions: 10->11(116)
[2025-01-09T04:32:49.518+0000][202039.884s][info][gc,heap     ] GC(8033) Old regions: 225->225
[2025-01-09T04:32:49.518+0000][202039.884s][info][gc,heap     ] GC(8033) Archive regions: 2->2
[2025-01-09T04:32:49.518+0000][202039.884s][info][gc,heap     ] GC(8033) Humongous regions: 49->49
[2025-01-09T04:32:49.518+0000][202039.884s][info][gc,metaspace] GC(8033) Metaspace: 524780K(534272K)->524780K(534272K) NonClass: 460848K(465536K)->460848K(465536K) Class: 63932K(68736K)->63932K(68736K)
[2025-01-09T04:32:49.518+0000][202039.884s][info][gc          ] GC(8033) Pause Young (Prepare Mixed) (G1 Evacuation Pause) 9558M->2279M(12288M) 37.220ms
[2025-01-09T04:32:49.518+0000][202039.884s][info][gc,cpu      ] GC(8033) User=0.22s Sys=0.00s Real=0.04s
[2025-01-09T04:32:49.854+0000][202040.220s][info][gc,start    ] GC(8034) Pause Young (Mixed) (G1 Evacuation Pause)
[2025-01-09T04:32:49.854+0000][202040.220s][info][gc,task     ] GC(8034) Using 6 workers of 6 for evacuation
[2025-01-09T04:32:49.922+0000][202040.288s][info][gc,phases   ] GC(8034)   Pre Evacuate Collection Set: 0.2ms
[2025-01-09T04:32:49.922+0000][202040.288s][info][gc,phases   ] GC(8034)   Merge Heap Roots: 0.7ms
[2025-01-09T04:32:49.922+0000][202040.288s][info][gc,phases   ] GC(8034)   Evacuate Collection Set: 64.8ms
[2025-01-09T04:32:49.922+0000][202040.288s][info][gc,phases   ] GC(8034)   Post Evacuate Collection Set: 1.9ms
[2025-01-09T04:32:49.922+0000][202040.288s][info][gc,phases   ] GC(8034)   Other: 0.2ms
[2025-01-09T04:32:49.922+0000][202040.288s][info][gc,heap     ] GC(8034) Eden regions: 65->0(916)
[2025-01-09T04:32:49.922+0000][202040.288s][info][gc,heap     ] GC(8034) Survivor regions: 11->5(10)
[2025-01-09T04:32:49.922+0000][202040.288s][info][gc,heap     ] GC(8034) Old regions: 225->227
[2025-01-09T04:32:49.922+0000][202040.288s][info][gc,heap     ] GC(8034) Archive regions: 2->2
[2025-01-09T04:32:49.922+0000][202040.288s][info][gc,heap     ] GC(8034) Humongous regions: 49->49
[2025-01-09T04:32:49.922+0000][202040.288s][info][gc,metaspace] GC(8034) Metaspace: 524780K(534272K)->524780K(534272K) NonClass: 460848K(465536K)->460848K(465536K) Class: 63932K(68736K)->63932K(68736K)
[2025-01-09T04:32:49.922+0000][202040.288s][info][gc          ] GC(8034) Pause Young (Mixed) (G1 Evacuation Pause) 2799M->2251M(12288M) 67.961ms
[2025-01-09T04:32:49.922+0000][202040.288s][info][gc,cpu      ] GC(8034) User=0.40s Sys=0.00s Real=0.07s
[2025-01-09T04:32:58.708+0000][202049.074s][info][gc,start    ] GC(8035) Pause Young (Normal) (G1 Evacuation Pause)
[2025-01-09T04:32:58.708+0000][202049.074s][info][gc,task     ] GC(8035) Using 6 workers of 6 for evacuation
[2025-01-09T04:32:58.733+0000][202049.099s][info][gc,phases   ] GC(8035)   Pre Evacuate Collection Set: 0.2ms
[2025-01-09T04:32:58.733+0000][202049.099s][info][gc,phases   ] GC(8035)   Merge Heap Roots: 0.4ms
[2025-01-09T04:32:58.733+0000][202049.099s][info][gc,phases   ] GC(8035)   Evacuate Collection Set: 21.7ms
[2025-01-09T04:32:58.733+0000][202049.099s][info][gc,phases   ] GC(8035)   Post Evacuate Collection Set: 2.6ms
[2025-01-09T04:32:58.733+0000][202049.099s][info][gc,phases   ] GC(8035)   Other: 0.2ms
[2025-01-09T04:32:58.733+0000][202049.099s][info][gc,heap     ] GC(8035) Eden regions: 916->0(915)
[2025-01-09T04:32:58.733+0000][202049.099s][info][gc,heap     ] GC(8035) Survivor regions: 5->6(116)
[2025-01-09T04:32:58.733+0000][202049.099s][info][gc,heap     ] GC(8035) Old regions: 227->227
[2025-01-09T04:32:58.733+0000][202049.099s][info][gc,heap     ] GC(8035) Archive regions: 2->2
[2025-01-09T04:32:58.733+0000][202049.099s][info][gc,heap     ] GC(8035) Humongous regions: 49->49
[2025-01-09T04:32:58.733+0000][202049.099s][info][gc,metaspace] GC(8035) Metaspace: 524780K(534272K)->524780K(534272K) NonClass: 460848K(465536K)->460848K(465536K) Class: 63932K(68736K)->63932K(68736K)
[2025-01-09T04:32:58.733+0000][202049.099s][info][gc          ] GC(8035) Pause Young (Normal) (G1 Evacuation Pause) 9579M->2259M(12288M) 25.220ms
[2025-01-09T04:32:58.733+0000][202049.099s][info][gc,cpu      ] GC(8035) User=0.14s Sys=0.00s Real=0.03s
[2025-01-09T04:33:07.284+0000][202057.650s][info][gc,start    ] GC(8036) Pause Young (Normal) (G1 Evacuation Pause)
[2025-01-09T04:33:07.284+0000][202057.650s][info][gc,task     ] GC(8036) Using 6 workers of 6 for evacuation
[2025-01-09T04:33:07.313+0000][202057.679s][info][gc,phases   ] GC(8036)   Pre Evacuate Collection Set: 0.2ms
[2025-01-09T04:33:07.313+0000][202057.679s][info][gc,phases   ] GC(8036)   Merge Heap Roots: 0.4ms
[2025-01-09T04:33:07.313+0000][202057.679s][info][gc,phases   ] GC(8036)   Evacuate Collection Set: 25.8ms
[2025-01-09T04:33:07.313+0000][202057.679s][info][gc,phases   ] GC(8036)   Post Evacuate Collection Set: 2.5ms
[2025-01-09T04:33:07.313+0000][202057.679s][info][gc,phases   ] GC(8036)   Other: 0.2ms
[2025-01-09T04:33:07.313+0000][202057.679s][info][gc,heap     ] GC(8036) Eden regions: 915->0(914)
[2025-01-09T04:33:07.313+0000][202057.679s][info][gc,heap     ] GC(8036) Survivor regions: 6->7(116)
[2025-01-09T04:33:07.313+0000][202057.679s][info][gc,heap     ] GC(8036) Old regions: 227->227
[2025-01-09T04:33:07.313+0000][202057.679s][info][gc,heap     ] GC(8036) Archive regions: 2->2
[2025-01-09T04:33:07.313+0000][202057.679s][info][gc,heap     ] GC(8036) Humongous regions: 49->49
[2025-01-09T04:33:07.313+0000][202057.679s][info][gc,metaspace] GC(8036) Metaspace: 524780K(534272K)->524780K(534272K) NonClass: 460848K(465536K)->460848K(465536K) Class: 63932K(68736K)->63932K(68736K)
[2025-01-09T04:33:07.313+0000][202057.679s][info][gc          ] GC(8036) Pause Young (Normal) (G1 Evacuation Pause) 9579M->2262M(12288M) 29.214ms
[2025-01-09T04:33:07.313+0000][202057.679s][info][gc,cpu      ] GC(8036) User=0.18s Sys=0.00s Real=0.03s
[2025-01-09T04:33:16.058+0000][202066.424s][info][gc,start    ] GC(8037) Pause Young (Concurrent Start) (G1 Evacuation Pause)
[2025-01-09T04:33:16.058+0000][202066.424s][info][gc,task     ] GC(8037) Using 6 workers of 6 for evacuation
[2025-01-09T04:33:16.095+0000][202066.461s][info][gc,phases   ] GC(8037)   Pre Evacuate Collection Set: 1.2ms
[2025-01-09T04:33:16.095+0000][202066.461s][info][gc,phases   ] GC(8037)   Merge Heap Roots: 0.5ms
[2025-01-09T04:33:16.095+0000][202066.461s][info][gc,phases   ] GC(8037)   Evacuate Collection Set: 32.5ms
[2025-01-09T04:33:16.095+0000][202066.461s][info][gc,phases   ] GC(8037)   Post Evacuate Collection Set: 2.6ms
[2025-01-09T04:33:16.095+0000][202066.461s][info][gc,phases   ] GC(8037)   Other: 0.3ms
[2025-01-09T04:33:16.095+0000][202066.461s][info][gc,heap     ] GC(8037) Eden regions: 914->0(911)
[2025-01-09T04:33:16.095+0000][202066.461s][info][gc,heap     ] GC(8037) Survivor regions: 7->10(116)
[2025-01-09T04:33:16.095+0000][202066.461s][info][gc,heap     ] GC(8037) Old regions: 227->227
[2025-01-09T04:33:16.095+0000][202066.462s][info][gc,heap     ] GC(8037) Archive regions: 2->2
[2025-01-09T04:33:16.095+0000][202066.462s][info][gc,heap     ] GC(8037) Humongous regions: 49->49
[2025-01-09T04:33:16.095+0000][202066.462s][info][gc,metaspace] GC(8037) Metaspace: 524780K(534272K)->524780K(534272K) NonClass: 460848K(465536K)->460848K(465536K) Class: 63932K(68736K)->63932K(68736K)
[2025-01-09T04:33:16.095+0000][202066.462s][info][gc          ] GC(8037) Pause Young (Concurrent Start) (G1 Evacuation Pause) 9574M->2287M(12288M) 37.136ms
[2025-01-09T04:33:16.095+0000][202066.462s][info][gc,cpu      ] GC(8037) User=0.21s Sys=0.00s Real=0.04s
[2025-01-09T04:33:16.096+0000][202066.462s][info][gc          ] GC(8038) Concurrent Mark Cycle
[2025-01-09T04:33:16.096+0000][202066.462s][info][gc,marking  ] GC(8038) Concurrent Clear Claimed Marks
[2025-01-09T04:33:16.096+0000][202066.463s][info][gc,marking  ] GC(8038) Concurrent Clear Claimed Marks 0.950ms
[2025-01-09T04:33:16.097+0000][202066.463s][info][gc,marking  ] GC(8038) Concurrent Scan Root Regions
[2025-01-09T04:33:16.123+0000][202066.489s][info][gc,marking  ] GC(8038) Concurrent Scan Root Regions 26.258ms
[2025-01-09T04:33:16.123+0000][202066.489s][info][gc,marking  ] GC(8038) Concurrent Mark
[2025-01-09T04:33:16.123+0000][202066.489s][info][gc,marking  ] GC(8038) Concurrent Mark From Roots
[2025-01-09T04:33:16.123+0000][202066.489s][info][gc,task     ] GC(8038) Using 2 workers of 2 for marking
[2025-01-09T04:33:16.965+0000][202067.331s][info][gc,marking  ] GC(8038) Concurrent Mark From Roots 842.358ms
[2025-01-09T04:33:16.965+0000][202067.331s][info][gc,marking  ] GC(8038) Concurrent Preclean
[2025-01-09T04:33:16.969+0000][202067.335s][info][gc,marking  ] GC(8038) Concurrent Preclean 3.663ms
[2025-01-09T04:33:16.969+0000][202067.335s][info][gc,start    ] GC(8038) Pause Remark
[2025-01-09T04:33:16.995+0000][202067.361s][info][gc          ] GC(8038) Pause Remark 3159M->3159M(12288M) 25.403ms
[2025-01-09T04:33:16.995+0000][202067.361s][info][gc,cpu      ] GC(8038) User=0.14s Sys=0.00s Real=0.03s
[2025-01-09T04:33:16.995+0000][202067.361s][info][gc,marking  ] GC(8038) Concurrent Mark 871.894ms
[2025-01-09T04:33:16.995+0000][202067.361s][info][gc,marking  ] GC(8038) Concurrent Rebuild Remembered Sets
[2025-01-09T04:33:17.623+0000][202067.990s][info][gc,marking  ] GC(8038) Concurrent Rebuild Remembered Sets 628.699ms
[2025-01-09T04:33:17.624+0000][202067.990s][info][gc,start    ] GC(8038) Pause Cleanup
[2025-01-09T04:33:17.624+0000][202067.990s][info][gc          ] GC(8038) Pause Cleanup 3819M->3819M(12288M) 0.395ms
[2025-01-09T04:33:17.624+0000][202067.990s][info][gc,cpu      ] GC(8038) User=0.01s Sys=0.00s Real=0.00s
[2025-01-09T04:33:17.624+0000][202067.990s][info][gc,marking  ] GC(8038) Concurrent Cleanup for Next Mark
[2025-01-09T04:33:17.640+0000][202068.006s][info][gc,marking  ] GC(8038) Concurrent Cleanup for Next Mark 16.013ms
[2025-01-09T04:33:17.640+0000][202068.006s][info][gc          ] GC(8038) Concurrent Mark Cycle 1544.654ms
[2025-01-09T04:33:24.164+0000][202074.530s][info][gc,start    ] GC(8039) Pause Young (Prepare Mixed) (G1 Evacuation Pause)
[2025-01-09T04:33:24.164+0000][202074.530s][info][gc,task     ] GC(8039) Using 6 workers of 6 for evacuation
[2025-01-09T04:33:24.208+0000][202074.574s][info][gc,phases   ] GC(8039)   Pre Evacuate Collection Set: 0.2ms
[2025-01-09T04:33:24.208+0000][202074.574s][info][gc,phases   ] GC(8039)   Merge Heap Roots: 0.7ms
[2025-01-09T04:33:24.208+0000][202074.574s][info][gc,phases   ] GC(8039)   Evacuate Collection Set: 40.0ms
[2025-01-09T04:33:24.208+0000][202074.574s][info][gc,phases   ] GC(8039)   Post Evacuate Collection Set: 2.8ms
[2025-01-09T04:33:24.208+0000][202074.574s][info][gc,phases   ] GC(8039)   Other: 0.2ms
[2025-01-09T04:33:24.208+0000][202074.574s][info][gc,heap     ] GC(8039) Eden regions: 911->0(64)
[2025-01-09T04:33:24.208+0000][202074.574s][info][gc,heap     ] GC(8039) Survivor regions: 10->12(116)
[2025-01-09T04:33:24.208+0000][202074.574s][info][gc,heap     ] GC(8039) Old regions: 227->227
[2025-01-09T04:33:24.208+0000][202074.574s][info][gc,heap     ] GC(8039) Archive regions: 2->2
[2025-01-09T04:33:24.208+0000][202074.574s][info][gc,heap     ] GC(8039) Humongous regions: 49->49
[2025-01-09T04:33:24.208+0000][202074.574s][info][gc,metaspace] GC(8039) Metaspace: 524780K(534272K)->524780K(534272K) NonClass: 460848K(465536K)->460848K(465536K) Class: 63932K(68736K)->63932K(68736K)
[2025-01-09T04:33:24.208+0000][202074.574s][info][gc          ] GC(8039) Pause Young (Prepare Mixed) (G1 Evacuation Pause) 9575M->2307M(12288M) 44.004ms
[2025-01-09T04:33:24.208+0000][202074.574s][info][gc,cpu      ] GC(8039) User=0.26s Sys=0.00s Real=0.04s
[2025-01-09T04:33:24.682+0000][202075.048s][info][gc,start    ] GC(8040) Pause Young (Mixed) (G1 Evacuation Pause)
[2025-01-09T04:33:24.682+0000][202075.048s][info][gc,task     ] GC(8040) Using 6 workers of 6 for evacuation
[2025-01-09T04:33:24.729+0000][202075.095s][info][gc,phases   ] GC(8040)   Pre Evacuate Collection Set: 0.2ms
[2025-01-09T04:33:24.729+0000][202075.095s][info][gc,phases   ] GC(8040)   Merge Heap Roots: 0.6ms
[2025-01-09T04:33:24.729+0000][202075.095s][info][gc,phases   ] GC(8040)   Evacuate Collection Set: 44.5ms
[2025-01-09T04:33:24.729+0000][202075.095s][info][gc,phases   ] GC(8040)   Post Evacuate Collection Set: 1.5ms
[2025-01-09T04:33:24.729+0000][202075.095s][info][gc,phases   ] GC(8040)   Other: 0.2ms
[2025-01-09T04:33:24.729+0000][202075.095s][info][gc,heap     ] GC(8040) Eden regions: 64->0(917)
[2025-01-09T04:33:24.729+0000][202075.095s][info][gc,heap     ] GC(8040) Survivor regions: 12->4(10)
[2025-01-09T04:33:24.729+0000][202075.095s][info][gc,heap     ] GC(8040) Old regions: 227->228
[2025-01-09T04:33:24.729+0000][202075.095s][info][gc,heap     ] GC(8040) Archive regions: 2->2
[2025-01-09T04:33:24.729+0000][202075.095s][info][gc,heap     ] GC(8040) Humongous regions: 49->49
[2025-01-09T04:33:24.729+0000][202075.095s][info][gc,metaspace] GC(8040) Metaspace: 524780K(534272K)->524780K(534272K) NonClass: 460848K(465536K)->460848K(465536K) Class: 63932K(68736K)->63932K(68736K)
[2025-01-09T04:33:24.729+0000][202075.095s][info][gc          ] GC(8040) Pause Young (Mixed) (G1 Evacuation Pause) 2819M->2252M(12288M) 47.059ms
[2025-01-09T04:33:24.729+0000][202075.096s][info][gc,cpu      ] GC(8040) User=0.26s Sys=0.00s Real=0.04s
[2025-01-09T04:33:37.958+0000][202088.324s][info][gc,start    ] GC(8041) Pause Young (Normal) (G1 Evacuation Pause)
[2025-01-09T04:33:37.958+0000][202088.324s][info][gc,task     ] GC(8041) Using 6 workers of 6 for evacuation
[2025-01-09T04:33:37.989+0000][202088.355s][info][gc,phases   ] GC(8041)   Pre Evacuate Collection Set: 0.3ms
[2025-01-09T04:33:37.989+0000][202088.355s][info][gc,phases   ] GC(8041)   Merge Heap Roots: 0.4ms
[2025-01-09T04:33:37.989+0000][202088.355s][info][gc,phases   ] GC(8041)   Evacuate Collection Set: 24.3ms
[2025-01-09T04:33:37.989+0000][202088.355s][info][gc,phases   ] GC(8041)   Post Evacuate Collection Set: 5.5ms
[2025-01-09T04:33:37.989+0000][202088.355s][info][gc,phases   ] GC(8041)   Other: 0.2ms
[2025-01-09T04:33:37.989+0000][202088.355s][info][gc,heap     ] GC(8041) Eden regions: 917->0(914)
[2025-01-09T04:33:37.989+0000][202088.355s][info][gc,heap     ] GC(8041) Survivor regions: 4->7(116)
[2025-01-09T04:33:37.989+0000][202088.355s][info][gc,heap     ] GC(8041) Old regions: 228->228
[2025-01-09T04:33:37.989+0000][202088.355s][info][gc,heap     ] GC(8041) Archive regions: 2->2
[2025-01-09T04:33:37.989+0000][202088.355s][info][gc,heap     ] GC(8041) Humongous regions: 49->49
[2025-01-09T04:33:37.989+0000][202088.355s][info][gc,metaspace] GC(8041) Metaspace: 524780K(534272K)->524780K(534272K) NonClass: 460848K(465536K)->460848K(465536K) Class: 63932K(68736K)->63932K(68736K)
[2025-01-09T04:33:37.989+0000][202088.355s][info][gc          ] GC(8041) Pause Young (Normal) (G1 Evacuation Pause) 9588M->2275M(12288M) 30.708ms
[2025-01-09T04:33:37.989+0000][202088.355s][info][gc,cpu      ] GC(8041) User=0.18s Sys=0.00s Real=0.03s
[2025-01-09T04:33:45.410+0000][202095.776s][info][gc,start    ] GC(8042) Pause Young (Normal) (G1 Evacuation Pause)
[2025-01-09T04:33:45.410+0000][202095.776s][info][gc,task     ] GC(8042) Using 6 workers of 6 for evacuation
[2025-01-09T04:33:45.441+0000][202095.807s][info][gc,phases   ] GC(8042)   Pre Evacuate Collection Set: 0.2ms
[2025-01-09T04:33:45.441+0000][202095.807s][info][gc,phases   ] GC(8042)   Merge Heap Roots: 0.5ms
[2025-01-09T04:33:45.441+0000][202095.807s][info][gc,phases   ] GC(8042)   Evacuate Collection Set: 26.3ms
[2025-01-09T04:33:45.441+0000][202095.807s][info][gc,phases   ] GC(8042)   Post Evacuate Collection Set: 3.9ms
[2025-01-09T04:33:45.441+0000][202095.807s][info][gc,phases   ] GC(8042)   Other: 0.2ms
[2025-01-09T04:33:45.441+0000][202095.807s][info][gc,heap     ] GC(8042) Eden regions: 914->0(913)
[2025-01-09T04:33:45.441+0000][202095.807s][info][gc,heap     ] GC(8042) Survivor regions: 7->8(116)
[2025-01-09T04:33:45.441+0000][202095.807s][info][gc,heap     ] GC(8042) Old regions: 228->228
[2025-01-09T04:33:45.441+0000][202095.807s][info][gc,heap     ] GC(8042) Archive regions: 2->2
[2025-01-09T04:33:45.441+0000][202095.807s][info][gc,heap     ] GC(8042) Humongous regions: 49->49
[2025-01-09T04:33:45.441+0000][202095.807s][info][gc,metaspace] GC(8042) Metaspace: 524780K(534272K)->524780K(534272K) NonClass: 460848K(465536K)->460848K(465536K) Class: 63932K(68736K)->63932K(68736K)
[2025-01-09T04:33:45.441+0000][202095.807s][info][gc          ] GC(8042) Pause Young (Normal) (G1 Evacuation Pause) 9587M->2282M(12288M) 31.196ms
[2025-01-09T04:33:45.441+0000][202095.807s][info][gc,cpu      ] GC(8042) User=0.18s Sys=0.00s Real=0.02s
[2025-01-09T04:33:52.989+0000][202103.355s][info][gc,start    ] GC(8043) Pause Young (Concurrent Start) (G1 Evacuation Pause)
[2025-01-09T04:33:52.989+0000][202103.355s][info][gc,task     ] GC(8043) Using 6 workers of 6 for evacuation
[2025-01-09T04:33:53.021+0000][202103.387s][info][gc,phases   ] GC(8043)   Pre Evacuate Collection Set: 1.2ms
[2025-01-09T04:33:53.021+0000][202103.387s][info][gc,phases   ] GC(8043)   Merge Heap Roots: 0.4ms
[2025-01-09T04:33:53.021+0000][202103.387s][info][gc,phases   ] GC(8043)   Evacuate Collection Set: 27.7ms
[2025-01-09T04:33:53.021+0000][202103.387s][info][gc,phases   ] GC(8043)   Post Evacuate Collection Set: 2.7ms
[2025-01-09T04:33:53.021+0000][202103.387s][info][gc,phases   ] GC(8043)   Other: 0.3ms
[2025-01-09T04:33:53.021+0000][202103.387s][info][gc,heap     ] GC(8043) Eden regions: 913->0(913)
[2025-01-09T04:33:53.021+0000][202103.387s][info][gc,heap     ] GC(8043) Survivor regions: 8->8(116)
[2025-01-09T04:33:53.021+0000][202103.387s][info][gc,heap     ] GC(8043) Old regions: 228->228
[2025-01-09T04:33:53.021+0000][202103.387s][info][gc,heap     ] GC(8043) Archive regions: 2->2
[2025-01-09T04:33:53.021+0000][202103.387s][info][gc,heap     ] GC(8043) Humongous regions: 49->49
[2025-01-09T04:33:53.021+0000][202103.387s][info][gc,metaspace] GC(8043) Metaspace: 524780K(534272K)->524780K(534272K) NonClass: 460848K(465536K)->460848K(465536K) Class: 63932K(68736K)->63932K(68736K)
[2025-01-09T04:33:53.021+0000][202103.387s][info][gc          ] GC(8043) Pause Young (Concurrent Start) (G1 Evacuation Pause) 9586M->2283M(12288M) 32.435ms
[2025-01-09T04:33:53.021+0000][202103.388s][info][gc,cpu      ] GC(8043) User=0.19s Sys=0.00s Real=0.03s
[2025-01-09T04:33:53.021+0000][202103.388s][info][gc          ] GC(8044) Concurrent Mark Cycle
[2025-01-09T04:33:53.021+0000][202103.388s][info][gc,marking  ] GC(8044) Concurrent Clear Claimed Marks
[2025-01-09T04:33:53.023+0000][202103.389s][info][gc,marking  ] GC(8044) Concurrent Clear Claimed Marks 1.000ms
[2025-01-09T04:33:53.023+0000][202103.389s][info][gc,marking  ] GC(8044) Concurrent Scan Root Regions
[2025-01-09T04:33:53.050+0000][202103.416s][info][gc,marking  ] GC(8044) Concurrent Scan Root Regions 27.596ms
[2025-01-09T04:33:53.050+0000][202103.416s][info][gc,marking  ] GC(8044) Concurrent Mark
[2025-01-09T04:33:53.050+0000][202103.416s][info][gc,marking  ] GC(8044) Concurrent Mark From Roots
[2025-01-09T04:33:53.050+0000][202103.416s][info][gc,task     ] GC(8044) Using 2 workers of 2 for marking
[2025-01-09T04:33:54.044+0000][202104.410s][info][gc,marking  ] GC(8044) Concurrent Mark From Roots 993.939ms
[2025-01-09T04:33:54.044+0000][202104.410s][info][gc,marking  ] GC(8044) Concurrent Preclean
[2025-01-09T04:33:54.047+0000][202104.413s][info][gc,marking  ] GC(8044) Concurrent Preclean 2.786ms
[2025-01-09T04:33:54.047+0000][202104.413s][info][gc,start    ] GC(8044) Pause Remark
[2025-01-09T04:33:54.075+0000][202104.441s][info][gc          ] GC(8044) Pause Remark 3415M->3415M(12288M) 28.230ms
[2025-01-09T04:33:54.075+0000][202104.441s][info][gc,cpu      ] GC(8044) User=0.16s Sys=0.00s Real=0.03s
[2025-01-09T04:33:54.075+0000][202104.442s][info][gc,marking  ] GC(8044) Concurrent Mark 1025.342ms
[2025-01-09T04:33:54.075+0000][202104.442s][info][gc,marking  ] GC(8044) Concurrent Rebuild Remembered Sets
[2025-01-09T04:33:54.647+0000][202105.013s][info][gc,marking  ] GC(8044) Concurrent Rebuild Remembered Sets 571.865ms
[2025-01-09T04:33:54.648+0000][202105.014s][info][gc,start    ] GC(8044) Pause Cleanup
[2025-01-09T04:33:54.648+0000][202105.014s][info][gc          ] GC(8044) Pause Cleanup 4027M->4027M(12288M) 0.393ms
[2025-01-09T04:33:54.648+0000][202105.014s][info][gc,cpu      ] GC(8044) User=0.00s Sys=0.00s Real=0.00s
[2025-01-09T04:33:54.648+0000][202105.014s][info][gc,marking  ] GC(8044) Concurrent Cleanup for Next Mark
[2025-01-09T04:33:54.663+0000][202105.030s][info][gc,marking  ] GC(8044) Concurrent Cleanup for Next Mark 15.456ms
[2025-01-09T04:33:54.664+0000][202105.030s][info][gc          ] GC(8044) Concurrent Mark Cycle 1642.056ms
[2025-01-09T04:34:00.091+0000][202110.457s][info][gc,start    ] GC(8045) Pause Young (Prepare Mixed) (G1 Evacuation Pause)
[2025-01-09T04:34:00.091+0000][202110.457s][info][gc,task     ] GC(8045) Using 6 workers of 6 for evacuation
[2025-01-09T04:34:00.128+0000][202110.494s][info][gc,phases   ] GC(8045)   Pre Evacuate Collection Set: 0.2ms
[2025-01-09T04:34:00.128+0000][202110.494s][info][gc,phases   ] GC(8045)   Merge Heap Roots: 0.7ms
[2025-01-09T04:34:00.128+0000][202110.494s][info][gc,phases   ] GC(8045)   Evacuate Collection Set: 33.5ms
[2025-01-09T04:34:00.128+0000][202110.494s][info][gc,phases   ] GC(8045)   Post Evacuate Collection Set: 2.9ms
[2025-01-09T04:34:00.128+0000][202110.494s][info][gc,phases   ] GC(8045)   Other: 0.2ms
[2025-01-09T04:34:00.128+0000][202110.494s][info][gc,heap     ] GC(8045) Eden regions: 913->0(66)
[2025-01-09T04:34:00.128+0000][202110.494s][info][gc,heap     ] GC(8045) Survivor regions: 8->10(116)
[2025-01-09T04:34:00.128+0000][202110.494s][info][gc,heap     ] GC(8045) Old regions: 228->228
[2025-01-09T04:34:00.128+0000][202110.494s][info][gc,heap     ] GC(8045) Archive regions: 2->2
[2025-01-09T04:34:00.128+0000][202110.494s][info][gc,heap     ] GC(8045) Humongous regions: 49->49
[2025-01-09T04:34:00.128+0000][202110.494s][info][gc,metaspace] GC(8045) Metaspace: 524780K(534272K)->524780K(534272K) NonClass: 460848K(465536K)->460848K(465536K) Class: 63932K(68736K)->63932K(68736K)
[2025-01-09T04:34:00.128+0000][202110.494s][info][gc          ] GC(8045) Pause Young (Prepare Mixed) (G1 Evacuation Pause) 9587M->2294M(12288M) 37.642ms
[2025-01-09T04:34:00.128+0000][202110.494s][info][gc,cpu      ] GC(8045) User=0.23s Sys=0.00s Real=0.03s
[2025-01-09T04:34:01.376+0000][202111.742s][info][gc,start    ] GC(8046) Pause Young (Mixed) (G1 Evacuation Pause)
[2025-01-09T04:34:01.376+0000][202111.742s][info][gc,task     ] GC(8046) Using 6 workers of 6 for evacuation
[2025-01-09T04:34:01.438+0000][202111.804s][info][gc,phases   ] GC(8046)   Pre Evacuate Collection Set: 0.2ms
[2025-01-09T04:34:01.438+0000][202111.804s][info][gc,phases   ] GC(8046)   Merge Heap Roots: 0.7ms
[2025-01-09T04:34:01.438+0000][202111.804s][info][gc,phases   ] GC(8046)   Evacuate Collection Set: 58.5ms
[2025-01-09T04:34:01.438+0000][202111.804s][info][gc,phases   ] GC(8046)   Post Evacuate Collection Set: 1.7ms
[2025-01-09T04:34:01.438+0000][202111.804s][info][gc,phases   ] GC(8046)   Other: 0.2ms
[2025-01-09T04:34:01.438+0000][202111.804s][info][gc,heap     ] GC(8046) Eden regions: 66->0(917)
[2025-01-09T04:34:01.438+0000][202111.804s][info][gc,heap     ] GC(8046) Survivor regions: 10->4(10)
[2025-01-09T04:34:01.438+0000][202111.804s][info][gc,heap     ] GC(8046) Old regions: 228->228
[2025-01-09T04:34:01.438+0000][202111.804s][info][gc,heap     ] GC(8046) Archive regions: 2->2
[2025-01-09T04:34:01.438+0000][202111.804s][info][gc,heap     ] GC(8046) Humongous regions: 49->49
[2025-01-09T04:34:01.438+0000][202111.804s][info][gc,metaspace] GC(8046) Metaspace: 524780K(534272K)->524780K(534272K) NonClass: 460848K(465536K)->460848K(465536K) Class: 63932K(68736K)->63932K(68736K)
[2025-01-09T04:34:01.438+0000][202111.804s][info][gc          ] GC(8046) Pause Young (Mixed) (G1 Evacuation Pause) 2822M->2252M(12288M) 61.402ms
[2025-01-09T04:34:01.438+0000][202111.804s][info][gc,cpu      ] GC(8046) User=0.35s Sys=0.01s Real=0.06s
[2025-01-09T04:34:08.757+0000][202119.123s][info][gc,start    ] GC(8047) Pause Young (Normal) (G1 Evacuation Pause)
[2025-01-09T04:34:08.757+0000][202119.124s][info][gc,task     ] GC(8047) Using 6 workers of 6 for evacuation
[2025-01-09T04:34:08.782+0000][202119.148s][info][gc,phases   ] GC(8047)   Pre Evacuate Collection Set: 0.2ms
[2025-01-09T04:34:08.782+0000][202119.148s][info][gc,phases   ] GC(8047)   Merge Heap Roots: 0.4ms
[2025-01-09T04:34:08.782+0000][202119.148s][info][gc,phases   ] GC(8047)   Evacuate Collection Set: 21.4ms
[2025-01-09T04:34:08.782+0000][202119.148s][info][gc,phases   ] GC(8047)   Post Evacuate Collection Set: 2.5ms
[2025-01-09T04:34:08.782+0000][202119.148s][info][gc,phases   ] GC(8047)   Other: 0.2ms
[2025-01-09T04:34:08.782+0000][202119.148s][info][gc,heap     ] GC(8047) Eden regions: 917->0(915)
[2025-01-09T04:34:08.782+0000][202119.148s][info][gc,heap     ] GC(8047) Survivor regions: 4->6(116)
[2025-01-09T04:34:08.782+0000][202119.148s][info][gc,heap     ] GC(8047) Old regions: 228->228
[2025-01-09T04:34:08.782+0000][202119.148s][info][gc,heap     ] GC(8047) Archive regions: 2->2
[2025-01-09T04:34:08.782+0000][202119.148s][info][gc,heap     ] GC(8047) Humongous regions: 49->49
[2025-01-09T04:34:08.782+0000][202119.148s][info][gc,metaspace] GC(8047) Metaspace: 524780K(534272K)->524780K(534272K) NonClass: 460848K(465536K)->460848K(465536K) Class: 63932K(68736K)->63932K(68736K)
[2025-01-09T04:34:08.782+0000][202119.148s][info][gc          ] GC(8047) Pause Young (Normal) (G1 Evacuation Pause) 9588M->2262M(12288M) 24.819ms
[2025-01-09T04:34:08.782+0000][202119.148s][info][gc,cpu      ] GC(8047) User=0.14s Sys=0.00s Real=0.03s
[2025-01-09T04:34:18.010+0000][202128.376s][info][gc,start    ] GC(8048) Pause Young (Normal) (G1 Evacuation Pause)
[2025-01-09T04:34:18.010+0000][202128.376s][info][gc,task     ] GC(8048) Using 6 workers of 6 for evacuation
[2025-01-09T04:34:18.041+0000][202128.407s][info][gc,phases   ] GC(8048)   Pre Evacuate Collection Set: 0.2ms
[2025-01-09T04:34:18.041+0000][202128.407s][info][gc,phases   ] GC(8048)   Merge Heap Roots: 0.4ms
[2025-01-09T04:34:18.041+0000][202128.407s][info][gc,phases   ] GC(8048)   Evacuate Collection Set: 27.1ms
[2025-01-09T04:34:18.041+0000][202128.407s][info][gc,phases   ] GC(8048)   Post Evacuate Collection Set: 2.7ms
[2025-01-09T04:34:18.041+0000][202128.407s][info][gc,phases   ] GC(8048)   Other: 0.2ms
[2025-01-09T04:34:18.041+0000][202128.407s][info][gc,heap     ] GC(8048) Eden regions: 915->0(913)
[2025-01-09T04:34:18.041+0000][202128.407s][info][gc,heap     ] GC(8048) Survivor regions: 6->8(116)
[2025-01-09T04:34:18.041+0000][202128.407s][info][gc,heap     ] GC(8048) Old regions: 228->228
[2025-01-09T04:34:18.041+0000][202128.407s][info][gc,heap     ] GC(8048) Archive regions: 2->2
[2025-01-09T04:34:18.041+0000][202128.407s][info][gc,heap     ] GC(8048) Humongous regions: 49->49
[2025-01-09T04:34:18.041+0000][202128.407s][info][gc,metaspace] GC(8048) Metaspace: 524780K(534272K)->524780K(534272K) NonClass: 460848K(465536K)->460848K(465536K) Class: 63932K(68736K)->63932K(68736K)
[2025-01-09T04:34:18.041+0000][202128.407s][info][gc          ] GC(8048) Pause Young (Normal) (G1 Evacuation Pause) 9582M->2279M(12288M) 30.777ms
[2025-01-09T04:34:18.041+0000][202128.407s][info][gc,cpu      ] GC(8048) User=0.18s Sys=0.00s Real=0.02s
[2025-01-09T04:34:23.170+0000][202133.536s][info][gc,start    ] GC(8049) Pause Young (Concurrent Start) (G1 Evacuation Pause)
[2025-01-09T04:34:23.170+0000][202133.536s][info][gc,task     ] GC(8049) Using 6 workers of 6 for evacuation
[2025-01-09T04:34:23.202+0000][202133.568s][info][gc,phases   ] GC(8049)   Pre Evacuate Collection Set: 1.2ms
[2025-01-09T04:34:23.202+0000][202133.568s][info][gc,phases   ] GC(8049)   Merge Heap Roots: 0.4ms
[2025-01-09T04:34:23.202+0000][202133.568s][info][gc,phases   ] GC(8049)   Evacuate Collection Set: 27.6ms
[2025-01-09T04:34:23.202+0000][202133.568s][info][gc,phases   ] GC(8049)   Post Evacuate Collection Set: 2.4ms
[2025-01-09T04:34:23.202+0000][202133.568s][info][gc,phases   ] GC(8049)   Other: 0.3ms
[2025-01-09T04:34:23.202+0000][202133.568s][info][gc,heap     ] GC(8049) Eden regions: 913->0(913)
[2025-01-09T04:34:23.202+0000][202133.568s][info][gc,heap     ] GC(8049) Survivor regions: 8->8(116)
[2025-01-09T04:34:23.202+0000][202133.568s][info][gc,heap     ] GC(8049) Old regions: 228->228
[2025-01-09T04:34:23.202+0000][202133.568s][info][gc,heap     ] GC(8049) Archive regions: 2->2
[2025-01-09T04:34:23.202+0000][202133.568s][info][gc,heap     ] GC(8049) Humongous regions: 49->49
[2025-01-09T04:34:23.202+0000][202133.568s][info][gc,metaspace] GC(8049) Metaspace: 524780K(534272K)->524780K(534272K) NonClass: 460848K(465536K)->460848K(465536K) Class: 63932K(68736K)->63932K(68736K)
[2025-01-09T04:34:23.202+0000][202133.568s][info][gc          ] GC(8049) Pause Young (Concurrent Start) (G1 Evacuation Pause) 9583M->2283M(12288M) 32.038ms
[2025-01-09T04:34:23.202+0000][202133.568s][info][gc,cpu      ] GC(8049) User=0.18s Sys=0.00s Real=0.03s
[2025-01-09T04:34:23.202+0000][202133.568s][info][gc          ] GC(8050) Concurrent Mark Cycle
[2025-01-09T04:34:23.202+0000][202133.568s][info][gc,marking  ] GC(8050) Concurrent Clear Claimed Marks
[2025-01-09T04:34:23.203+0000][202133.570s][info][gc,marking  ] GC(8050) Concurrent Clear Claimed Marks 1.081ms
[2025-01-09T04:34:23.203+0000][202133.570s][info][gc,marking  ] GC(8050) Concurrent Scan Root Regions
[2025-01-09T04:34:23.229+0000][202133.595s][info][gc,marking  ] GC(8050) Concurrent Scan Root Regions 25.708ms
[2025-01-09T04:34:23.229+0000][202133.595s][info][gc,marking  ] GC(8050) Concurrent Mark
[2025-01-09T04:34:23.229+0000][202133.595s][info][gc,marking  ] GC(8050) Concurrent Mark From Roots
[2025-01-09T04:34:23.229+0000][202133.595s][info][gc,task     ] GC(8050) Using 2 workers of 2 for marking
[2025-01-09T04:34:24.240+0000][202134.606s][info][gc,marking  ] GC(8050) Concurrent Mark From Roots 1010.595ms
[2025-01-09T04:34:24.240+0000][202134.606s][info][gc,marking  ] GC(8050) Concurrent Preclean
[2025-01-09T04:34:24.244+0000][202134.610s][info][gc,marking  ] GC(8050) Concurrent Preclean 3.702ms
[2025-01-09T04:34:24.244+0000][202134.610s][info][gc,start    ] GC(8050) Pause Remark
[2025-01-09T04:34:24.269+0000][202134.635s][info][gc          ] GC(8050) Pause Remark 3783M->3783M(12288M) 25.638ms
[2025-01-09T04:34:24.269+0000][202134.635s][info][gc,cpu      ] GC(8050) User=0.15s Sys=0.00s Real=0.02s
[2025-01-09T04:34:24.270+0000][202134.636s][info][gc,marking  ] GC(8050) Concurrent Mark 1040.427ms
[2025-01-09T04:34:24.270+0000][202134.636s][info][gc,marking  ] GC(8050) Concurrent Rebuild Remembered Sets
[2025-01-09T04:34:24.817+0000][202135.183s][info][gc,marking  ] GC(8050) Concurrent Rebuild Remembered Sets 546.941ms
[2025-01-09T04:34:24.817+0000][202135.183s][info][gc,start    ] GC(8050) Pause Cleanup
[2025-01-09T04:34:24.817+0000][202135.183s][info][gc          ] GC(8050) Pause Cleanup 4531M->4531M(12288M) 0.415ms
[2025-01-09T04:34:24.817+0000][202135.183s][info][gc,cpu      ] GC(8050) User=0.00s Sys=0.00s Real=0.00s
[2025-01-09T04:34:24.817+0000][202135.183s][info][gc,marking  ] GC(8050) Concurrent Cleanup for Next Mark
[2025-01-09T04:34:24.844+0000][202135.210s][info][gc,marking  ] GC(8050) Concurrent Cleanup for Next Mark 26.434ms
[2025-01-09T04:34:24.844+0000][202135.210s][info][gc          ] GC(8050) Concurrent Mark Cycle 1641.403ms
[2025-01-09T04:34:28.172+0000][202138.539s][info][gc,start    ] GC(8051) Pause Young (Prepare Mixed) (G1 Evacuation Pause)
[2025-01-09T04:34:28.172+0000][202138.539s][info][gc,task     ] GC(8051) Using 6 workers of 6 for evacuation
[2025-01-09T04:34:28.207+0000][202138.574s][info][gc,phases   ] GC(8051)   Pre Evacuate Collection Set: 0.2ms
[2025-01-09T04:34:28.207+0000][202138.574s][info][gc,phases   ] GC(8051)   Merge Heap Roots: 0.7ms
[2025-01-09T04:34:28.207+0000][202138.574s][info][gc,phases   ] GC(8051)   Evacuate Collection Set: 29.4ms
[2025-01-09T04:34:28.207+0000][202138.574s][info][gc,phases   ] GC(8051)   Post Evacuate Collection Set: 4.4ms
[2025-01-09T04:34:28.207+0000][202138.574s][info][gc,phases   ] GC(8051)   Other: 0.2ms
[2025-01-09T04:34:28.207+0000][202138.574s][info][gc,heap     ] GC(8051) Eden regions: 913->0(65)
[2025-01-09T04:34:28.207+0000][202138.574s][info][gc,heap     ] GC(8051) Survivor regions: 8->11(116)
[2025-01-09T04:34:28.207+0000][202138.574s][info][gc,heap     ] GC(8051) Old regions: 228->228
[2025-01-09T04:34:28.207+0000][202138.574s][info][gc,heap     ] GC(8051) Archive regions: 2->2
[2025-01-09T04:34:28.208+0000][202138.574s][info][gc,heap     ] GC(8051) Humongous regions: 49->49
[2025-01-09T04:34:28.208+0000][202138.574s][info][gc,metaspace] GC(8051) Metaspace: 524780K(534272K)->524780K(534272K) NonClass: 460848K(465536K)->460848K(465536K) Class: 63932K(68736K)->63932K(68736K)
[2025-01-09T04:34:28.208+0000][202138.574s][info][gc          ] GC(8051) Pause Young (Prepare Mixed) (G1 Evacuation Pause) 9587M->2304M(12288M) 35.117ms
[2025-01-09T04:34:28.208+0000][202138.574s][info][gc,cpu      ] GC(8051) User=0.20s Sys=0.00s Real=0.03s
[2025-01-09T04:34:28.751+0000][202139.117s][info][gc,start    ] GC(8052) Pause Young (Mixed) (G1 Evacuation Pause)
[2025-01-09T04:34:28.751+0000][202139.117s][info][gc,task     ] GC(8052) Using 6 workers of 6 for evacuation
[2025-01-09T04:34:28.813+0000][202139.179s][info][gc,phases   ] GC(8052)   Pre Evacuate Collection Set: 0.2ms
[2025-01-09T04:34:28.813+0000][202139.179s][info][gc,phases   ] GC(8052)   Merge Heap Roots: 0.6ms
[2025-01-09T04:34:28.813+0000][202139.179s][info][gc,phases   ] GC(8052)   Evacuate Collection Set: 58.8ms
[2025-01-09T04:34:28.813+0000][202139.179s][info][gc,phases   ] GC(8052)   Post Evacuate Collection Set: 2.6ms
[2025-01-09T04:34:28.813+0000][202139.179s][info][gc,phases   ] GC(8052)   Other: 0.2ms
[2025-01-09T04:34:28.813+0000][202139.179s][info][gc,heap     ] GC(8052) Eden regions: 65->0(917)
[2025-01-09T04:34:28.813+0000][202139.179s][info][gc,heap     ] GC(8052) Survivor regions: 11->4(10)
[2025-01-09T04:34:28.813+0000][202139.179s][info][gc,heap     ] GC(8052) Old regions: 228->229
[2025-01-09T04:34:28.813+0000][202139.179s][info][gc,heap     ] GC(8052) Archive regions: 2->2
[2025-01-09T04:34:28.813+0000][202139.179s][info][gc,heap     ] GC(8052) Humongous regions: 49->49
[2025-01-09T04:34:28.813+0000][202139.179s][info][gc,metaspace] GC(8052) Metaspace: 524780K(534272K)->524780K(534272K) NonClass: 460848K(465536K)->460848K(465536K) Class: 63932K(68736K)->63932K(68736K)
[2025-01-09T04:34:28.813+0000][202139.179s][info][gc          ] GC(8052) Pause Young (Mixed) (G1 Evacuation Pause) 2824M->2260M(12288M) 62.565ms
[2025-01-09T04:34:28.813+0000][202139.179s][info][gc,cpu      ] GC(8052) User=0.35s Sys=0.00s Real=0.06s
[2025-01-09T04:34:33.895+0000][202144.261s][info][gc,start    ] GC(8053) Pause Young (Normal) (G1 Evacuation Pause)
[2025-01-09T04:34:33.895+0000][202144.261s][info][gc,task     ] GC(8053) Using 6 workers of 6 for evacuation
[2025-01-09T04:34:33.912+0000][202144.279s][info][gc,phases   ] GC(8053)   Pre Evacuate Collection Set: 0.2ms
[2025-01-09T04:34:33.912+0000][202144.279s][info][gc,phases   ] GC(8053)   Merge Heap Roots: 0.4ms
[2025-01-09T04:34:33.912+0000][202144.279s][info][gc,phases   ] GC(8053)   Evacuate Collection Set: 14.5ms
[2025-01-09T04:34:33.912+0000][202144.279s][info][gc,phases   ] GC(8053)   Post Evacuate Collection Set: 2.4ms
[2025-01-09T04:34:33.912+0000][202144.279s][info][gc,phases   ] GC(8053)   Other: 0.2ms
[2025-01-09T04:34:33.912+0000][202144.279s][info][gc,heap     ] GC(8053) Eden regions: 917->0(917)
[2025-01-09T04:34:33.912+0000][202144.279s][info][gc,heap     ] GC(8053) Survivor regions: 4->4(116)
[2025-01-09T04:34:33.913+0000][202144.279s][info][gc,heap     ] GC(8053) Old regions: 229->229
[2025-01-09T04:34:33.913+0000][202144.279s][info][gc,heap     ] GC(8053) Archive regions: 2->2
[2025-01-09T04:34:33.913+0000][202144.279s][info][gc,heap     ] GC(8053) Humongous regions: 49->49
[2025-01-09T04:34:33.913+0000][202144.279s][info][gc,metaspace] GC(8053) Metaspace: 524780K(534272K)->524780K(534272K) NonClass: 460848K(465536K)->460848K(465536K) Class: 63932K(68736K)->63932K(68736K)
[2025-01-09T04:34:33.913+0000][202144.279s][info][gc          ] GC(8053) Pause Young (Normal) (G1 Evacuation Pause) 9596M->2258M(12288M) 17.703ms
[2025-01-09T04:34:33.913+0000][202144.279s][info][gc,cpu      ] GC(8053) User=0.10s Sys=0.00s Real=0.02s
[2025-01-09T04:34:39.071+0000][202149.437s][info][gc,start    ] GC(8054) Pause Young (Normal) (G1 Evacuation Pause)
[2025-01-09T04:34:39.071+0000][202149.437s][info][gc,task     ] GC(8054) Using 6 workers of 6 for evacuation
[2025-01-09T04:34:39.092+0000][202149.458s][info][gc,phases   ] GC(8054)   Pre Evacuate Collection Set: 0.2ms
[2025-01-09T04:34:39.092+0000][202149.458s][info][gc,phases   ] GC(8054)   Merge Heap Roots: 0.4ms
[2025-01-09T04:34:39.092+0000][202149.458s][info][gc,phases   ] GC(8054)   Evacuate Collection Set: 16.9ms
[2025-01-09T04:34:39.092+0000][202149.458s][info][gc,phases   ] GC(8054)   Post Evacuate Collection Set: 3.8ms
[2025-01-09T04:34:39.092+0000][202149.458s][info][gc,phases   ] GC(8054)   Other: 0.2ms
[2025-01-09T04:34:39.092+0000][202149.458s][info][gc,heap     ] GC(8054) Eden regions: 917->0(916)
[2025-01-09T04:34:39.092+0000][202149.458s][info][gc,heap     ] GC(8054) Survivor regions: 4->5(116)
[2025-01-09T04:34:39.092+0000][202149.458s][info][gc,heap     ] GC(8054) Old regions: 229->229
[2025-01-09T04:34:39.092+0000][202149.458s][info][gc,heap     ] GC(8054) Archive regions: 2->2
[2025-01-09T04:34:39.092+0000][202149.458s][info][gc,heap     ] GC(8054) Humongous regions: 49->49
[2025-01-09T04:34:39.092+0000][202149.458s][info][gc,metaspace] GC(8054) Metaspace: 524780K(534272K)->524780K(534272K) NonClass: 460848K(465536K)->460848K(465536K) Class: 63932K(68736K)->63932K(68736K)
[2025-01-09T04:34:39.092+0000][202149.458s][info][gc          ] GC(8054) Pause Young (Normal) (G1 Evacuation Pause) 9594M->2268M(12288M) 21.545ms
[2025-01-09T04:34:39.092+0000][202149.458s][info][gc,cpu      ] GC(8054) User=0.13s Sys=0.00s Real=0.02s
[2025-01-09T04:34:46.955+0000][202157.321s][info][gc,start    ] GC(8055) Pause Young (Concurrent Start) (G1 Evacuation Pause)
[2025-01-09T04:34:46.955+0000][202157.321s][info][gc,task     ] GC(8055) Using 6 workers of 6 for evacuation
[2025-01-09T04:34:46.980+0000][202157.346s][info][gc,phases   ] GC(8055)   Pre Evacuate Collection Set: 1.1ms
[2025-01-09T04:34:46.980+0000][202157.346s][info][gc,phases   ] GC(8055)   Merge Heap Roots: 0.4ms
[2025-01-09T04:34:46.980+0000][202157.346s][info][gc,phases   ] GC(8055)   Evacuate Collection Set: 21.2ms
[2025-01-09T04:34:46.980+0000][202157.346s][info][gc,phases   ] GC(8055)   Post Evacuate Collection Set: 2.6ms
[2025-01-09T04:34:46.980+0000][202157.346s][info][gc,phases   ] GC(8055)   Other: 0.3ms
[2025-01-09T04:34:46.980+0000][202157.346s][info][gc,heap     ] GC(8055) Eden regions: 916->0(915)
[2025-01-09T04:34:46.980+0000][202157.346s][info][gc,heap     ] GC(8055) Survivor regions: 5->6(116)
[2025-01-09T04:34:46.980+0000][202157.346s][info][gc,heap     ] GC(8055) Old regions: 229->229
[2025-01-09T04:34:46.980+0000][202157.346s][info][gc,heap     ] GC(8055) Archive regions: 2->2
[2025-01-09T04:34:46.980+0000][202157.346s][info][gc,heap     ] GC(8055) Humongous regions: 49->49
[2025-01-09T04:34:46.980+0000][202157.346s][info][gc,metaspace] GC(8055) Metaspace: 524780K(534272K)->524780K(534272K) NonClass: 460848K(465536K)->460848K(465536K) Class: 63932K(68736K)->63932K(68736K)
[2025-01-09T04:34:46.980+0000][202157.346s][info][gc          ] GC(8055) Pause Young (Concurrent Start) (G1 Evacuation Pause) 9596M->2270M(12288M) 25.657ms
[2025-01-09T04:34:46.980+0000][202157.347s][info][gc,cpu      ] GC(8055) User=0.14s Sys=0.00s Real=0.02s
[2025-01-09T04:34:46.980+0000][202157.347s][info][gc          ] GC(8056) Concurrent Mark Cycle
[2025-01-09T04:34:46.980+0000][202157.347s][info][gc,marking  ] GC(8056) Concurrent Clear Claimed Marks
[2025-01-09T04:34:46.981+0000][202157.347s][info][gc,marking  ] GC(8056) Concurrent Clear Claimed Marks 0.872ms
[2025-01-09T04:34:46.981+0000][202157.347s][info][gc,marking  ] GC(8056) Concurrent Scan Root Regions
[2025-01-09T04:34:47.001+0000][202157.367s][info][gc,marking  ] GC(8056) Concurrent Scan Root Regions 19.324ms
[2025-01-09T04:34:47.001+0000][202157.367s][info][gc,marking  ] GC(8056) Concurrent Mark
[2025-01-09T04:34:47.001+0000][202157.367s][info][gc,marking  ] GC(8056) Concurrent Mark From Roots
[2025-01-09T04:34:47.001+0000][202157.367s][info][gc,task     ] GC(8056) Using 2 workers of 2 for marking
[2025-01-09T04:34:48.121+0000][202158.488s][info][gc,marking  ] GC(8056) Concurrent Mark From Roots 1120.657ms
[2025-01-09T04:34:48.121+0000][202158.488s][info][gc,marking  ] GC(8056) Concurrent Preclean
[2025-01-09T04:34:48.125+0000][202158.491s][info][gc,marking  ] GC(8056) Concurrent Preclean 3.732ms
[2025-01-09T04:34:48.125+0000][202158.491s][info][gc,start    ] GC(8056) Pause Remark
[2025-01-09T04:34:48.152+0000][202158.518s][info][gc          ] GC(8056) Pause Remark 3806M->3806M(12288M) 26.195ms
[2025-01-09T04:34:48.152+0000][202158.518s][info][gc,cpu      ] GC(8056) User=0.15s Sys=0.00s Real=0.03s
[2025-01-09T04:34:48.152+0000][202158.518s][info][gc,marking  ] GC(8056) Concurrent Mark 1151.205ms
[2025-01-09T04:34:48.152+0000][202158.518s][info][gc,marking  ] GC(8056) Concurrent Rebuild Remembered Sets
[2025-01-09T04:34:48.760+0000][202159.126s][info][gc,marking  ] GC(8056) Concurrent Rebuild Remembered Sets 608.303ms
[2025-01-09T04:34:48.760+0000][202159.127s][info][gc,start    ] GC(8056) Pause Cleanup
[2025-01-09T04:34:48.761+0000][202159.127s][info][gc          ] GC(8056) Pause Cleanup 4466M->4466M(12288M) 0.402ms
[2025-01-09T04:34:48.761+0000][202159.127s][info][gc,cpu      ] GC(8056) User=0.00s Sys=0.00s Real=0.00s
[2025-01-09T04:34:48.761+0000][202159.127s][info][gc,marking  ] GC(8056) Concurrent Cleanup for Next Mark
[2025-01-09T04:34:48.777+0000][202159.143s][info][gc,marking  ] GC(8056) Concurrent Cleanup for Next Mark 15.685ms
[2025-01-09T04:34:48.777+0000][202159.143s][info][gc          ] GC(8056) Concurrent Mark Cycle 1796.174ms
[2025-01-09T04:34:54.236+0000][202164.602s][info][gc,start    ] GC(8057) Pause Young (Prepare Mixed) (G1 Evacuation Pause)
[2025-01-09T04:34:54.236+0000][202164.602s][info][gc,task     ] GC(8057) Using 6 workers of 6 for evacuation
[2025-01-09T04:34:54.267+0000][202164.633s][info][gc,phases   ] GC(8057)   Pre Evacuate Collection Set: 0.2ms
[2025-01-09T04:34:54.267+0000][202164.633s][info][gc,phases   ] GC(8057)   Merge Heap Roots: 0.6ms
[2025-01-09T04:34:54.267+0000][202164.633s][info][gc,phases   ] GC(8057)   Evacuate Collection Set: 27.6ms
[2025-01-09T04:34:54.267+0000][202164.633s][info][gc,phases   ] GC(8057)   Post Evacuate Collection Set: 2.7ms
[2025-01-09T04:34:54.267+0000][202164.633s][info][gc,phases   ] GC(8057)   Other: 0.2ms
[2025-01-09T04:34:54.267+0000][202164.633s][info][gc,heap     ] GC(8057) Eden regions: 915->0(69)
[2025-01-09T04:34:54.267+0000][202164.633s][info][gc,heap     ] GC(8057) Survivor regions: 6->7(116)
[2025-01-09T04:34:54.267+0000][202164.634s][info][gc,heap     ] GC(8057) Old regions: 229->229
[2025-01-09T04:34:54.267+0000][202164.634s][info][gc,heap     ] GC(8057) Archive regions: 2->2
[2025-01-09T04:34:54.267+0000][202164.634s][info][gc,heap     ] GC(8057) Humongous regions: 49->49
[2025-01-09T04:34:54.267+0000][202164.634s][info][gc,metaspace] GC(8057) Metaspace: 524780K(534272K)->524780K(534272K) NonClass: 460848K(465536K)->460848K(465536K) Class: 63932K(68736K)->63932K(68736K)
[2025-01-09T04:34:54.267+0000][202164.634s][info][gc          ] GC(8057) Pause Young (Prepare Mixed) (G1 Evacuation Pause) 9590M->2284M(12288M) 31.441ms
[2025-01-09T04:34:54.267+0000][202164.634s][info][gc,cpu      ] GC(8057) User=0.18s Sys=0.00s Real=0.03s
[2025-01-09T04:34:54.984+0000][202165.351s][info][gc,start    ] GC(8058) Pause Young (Mixed) (G1 Evacuation Pause)
[2025-01-09T04:34:54.985+0000][202165.351s][info][gc,task     ] GC(8058) Using 6 workers of 6 for evacuation
[2025-01-09T04:34:55.040+0000][202165.406s][info][gc,phases   ] GC(8058)   Pre Evacuate Collection Set: 0.2ms
[2025-01-09T04:34:55.040+0000][202165.406s][info][gc,phases   ] GC(8058)   Merge Heap Roots: 0.7ms
[2025-01-09T04:34:55.040+0000][202165.406s][info][gc,phases   ] GC(8058)   Evacuate Collection Set: 52.8ms
[2025-01-09T04:34:55.040+0000][202165.406s][info][gc,phases   ] GC(8058)   Post Evacuate Collection Set: 1.7ms
[2025-01-09T04:34:55.040+0000][202165.406s][info][gc,phases   ] GC(8058)   Other: 0.2ms
[2025-01-09T04:34:55.040+0000][202165.406s][info][gc,heap     ] GC(8058) Eden regions: 69->0(916)
[2025-01-09T04:34:55.040+0000][202165.406s][info][gc,heap     ] GC(8058) Survivor regions: 7->5(10)
[2025-01-09T04:34:55.040+0000][202165.406s][info][gc,heap     ] GC(8058) Old regions: 229->228
[2025-01-09T04:34:55.040+0000][202165.406s][info][gc,heap     ] GC(8058) Archive regions: 2->2
[2025-01-09T04:34:55.040+0000][202165.406s][info][gc,heap     ] GC(8058) Humongous regions: 49->49
[2025-01-09T04:34:55.040+0000][202165.406s][info][gc,metaspace] GC(8058) Metaspace: 524780K(534272K)->524780K(534272K) NonClass: 460848K(465536K)->460848K(465536K) Class: 63932K(68736K)->63932K(68736K)
[2025-01-09T04:34:55.040+0000][202165.406s][info][gc          ] GC(8058) Pause Young (Mixed) (G1 Evacuation Pause) 2836M->2252M(12288M) 55.670ms
[2025-01-09T04:34:55.040+0000][202165.406s][info][gc,cpu      ] GC(8058) User=0.33s Sys=0.00s Real=0.05s
[2025-01-09T04:35:03.158+0000][202173.524s][info][gc,start    ] GC(8059) Pause Young (Normal) (G1 Evacuation Pause)
[2025-01-09T04:35:03.158+0000][202173.524s][info][gc,task     ] GC(8059) Using 6 workers of 6 for evacuation
[2025-01-09T04:35:03.189+0000][202173.555s][info][gc,phases   ] GC(8059)   Pre Evacuate Collection Set: 0.2ms
[2025-01-09T04:35:03.189+0000][202173.555s][info][gc,phases   ] GC(8059)   Merge Heap Roots: 0.5ms
[2025-01-09T04:35:03.189+0000][202173.555s][info][gc,phases   ] GC(8059)   Evacuate Collection Set: 27.5ms
[2025-01-09T04:35:03.189+0000][202173.555s][info][gc,phases   ] GC(8059)   Post Evacuate Collection Set: 2.6ms
[2025-01-09T04:35:03.189+0000][202173.555s][info][gc,phases   ] GC(8059)   Other: 0.2ms
[2025-01-09T04:35:03.189+0000][202173.555s][info][gc,heap     ] GC(8059) Eden regions: 916->0(914)
[2025-01-09T04:35:03.189+0000][202173.555s][info][gc,heap     ] GC(8059) Survivor regions: 5->7(116)
[2025-01-09T04:35:03.189+0000][202173.555s][info][gc,heap     ] GC(8059) Old regions: 228->228
[2025-01-09T04:35:03.189+0000][202173.555s][info][gc,heap     ] GC(8059) Archive regions: 2->2
[2025-01-09T04:35:03.189+0000][202173.555s][info][gc,heap     ] GC(8059) Humongous regions: 49->49
[2025-01-09T04:35:03.189+0000][202173.555s][info][gc,metaspace] GC(8059) Metaspace: 524780K(534272K)->524780K(534272K) NonClass: 460848K(465536K)->460848K(465536K) Class: 63932K(68736K)->63932K(68736K)
[2025-01-09T04:35:03.189+0000][202173.555s][info][gc          ] GC(8059) Pause Young (Normal) (G1 Evacuation Pause) 9580M->2272M(12288M) 31.012ms
[2025-01-09T04:35:03.189+0000][202173.555s][info][gc,cpu      ] GC(8059) User=0.18s Sys=0.00s Real=0.03s
[2025-01-09T04:35:13.964+0000][202184.330s][info][gc,start    ] GC(8060) Pause Young (Normal) (G1 Evacuation Pause)
[2025-01-09T04:35:13.964+0000][202184.330s][info][gc,task     ] GC(8060) Using 6 workers of 6 for evacuation
[2025-01-09T04:35:13.994+0000][202184.360s][info][gc,phases   ] GC(8060)   Pre Evacuate Collection Set: 0.2ms
[2025-01-09T04:35:13.994+0000][202184.360s][info][gc,phases   ] GC(8060)   Merge Heap Roots: 0.4ms
[2025-01-09T04:35:13.994+0000][202184.360s][info][gc,phases   ] GC(8060)   Evacuate Collection Set: 27.0ms
[2025-01-09T04:35:13.994+0000][202184.360s][info][gc,phases   ] GC(8060)   Post Evacuate Collection Set: 2.6ms
[2025-01-09T04:35:13.994+0000][202184.360s][info][gc,phases   ] GC(8060)   Other: 0.2ms
[2025-01-09T04:35:13.994+0000][202184.360s][info][gc,heap     ] GC(8060) Eden regions: 914->0(913)
[2025-01-09T04:35:13.994+0000][202184.360s][info][gc,heap     ] GC(8060) Survivor regions: 7->8(116)
[2025-01-09T04:35:13.994+0000][202184.360s][info][gc,heap     ] GC(8060) Old regions: 228->228
[2025-01-09T04:35:13.994+0000][202184.360s][info][gc,heap     ] GC(8060) Archive regions: 2->2
[2025-01-09T04:35:13.994+0000][202184.360s][info][gc,heap     ] GC(8060) Humongous regions: 49->49
[2025-01-09T04:35:13.994+0000][202184.360s][info][gc,metaspace] GC(8060) Metaspace: 524780K(534272K)->524780K(534272K) NonClass: 460848K(465536K)->460848K(465536K) Class: 63932K(68736K)->63932K(68736K)
[2025-01-09T04:35:13.994+0000][202184.360s][info][gc          ] GC(8060) Pause Young (Normal) (G1 Evacuation Pause) 9584M->2277M(12288M) 30.518ms
[2025-01-09T04:35:13.994+0000][202184.360s][info][gc,cpu      ] GC(8060) User=0.18s Sys=0.00s Real=0.03s
[2025-01-09T04:35:21.175+0000][202191.541s][info][gc,start    ] GC(8061) Pause Young (Concurrent Start) (G1 Evacuation Pause)
[2025-01-09T04:35:21.175+0000][202191.541s][info][gc,task     ] GC(8061) Using 6 workers of 6 for evacuation
[2025-01-09T04:35:21.214+0000][202191.580s][info][gc,phases   ] GC(8061)   Pre Evacuate Collection Set: 1.1ms
[2025-01-09T04:35:21.214+0000][202191.580s][info][gc,phases   ] GC(8061)   Merge Heap Roots: 0.5ms
[2025-01-09T04:35:21.214+0000][202191.580s][info][gc,phases   ] GC(8061)   Evacuate Collection Set: 33.5ms
[2025-01-09T04:35:21.214+0000][202191.580s][info][gc,phases   ] GC(8061)   Post Evacuate Collection Set: 3.9ms
[2025-01-09T04:35:21.214+0000][202191.580s][info][gc,phases   ] GC(8061)   Other: 0.3ms
[2025-01-09T04:35:21.214+0000][202191.580s][info][gc,heap     ] GC(8061) Eden regions: 913->0(910)
[2025-01-09T04:35:21.214+0000][202191.580s][info][gc,heap     ] GC(8061) Survivor regions: 8->11(116)
[2025-01-09T04:35:21.214+0000][202191.580s][info][gc,heap     ] GC(8061) Old regions: 228->228
[2025-01-09T04:35:21.214+0000][202191.580s][info][gc,heap     ] GC(8061) Archive regions: 2->2
[2025-01-09T04:35:21.214+0000][202191.580s][info][gc,heap     ] GC(8061) Humongous regions: 49->49
[2025-01-09T04:35:21.214+0000][202191.580s][info][gc,metaspace] GC(8061) Metaspace: 524780K(534272K)->524780K(534272K) NonClass: 460848K(465536K)->460848K(465536K) Class: 63932K(68736K)->63932K(68736K)
[2025-01-09T04:35:21.214+0000][202191.580s][info][gc          ] GC(8061) Pause Young (Concurrent Start) (G1 Evacuation Pause) 9581M->2298M(12288M) 39.371ms
[2025-01-09T04:35:21.214+0000][202191.580s][info][gc,cpu      ] GC(8061) User=0.23s Sys=0.00s Real=0.04s
[2025-01-09T04:35:21.214+0000][202191.580s][info][gc          ] GC(8062) Concurrent Mark Cycle
[2025-01-09T04:35:21.214+0000][202191.580s][info][gc,marking  ] GC(8062) Concurrent Clear Claimed Marks
[2025-01-09T04:35:21.215+0000][202191.581s][info][gc,marking  ] GC(8062) Concurrent Clear Claimed Marks 1.009ms
[2025-01-09T04:35:21.215+0000][202191.581s][info][gc,marking  ] GC(8062) Concurrent Scan Root Regions
[2025-01-09T04:35:21.242+0000][202191.608s][info][gc,marking  ] GC(8062) Concurrent Scan Root Regions 26.796ms
[2025-01-09T04:35:21.242+0000][202191.608s][info][gc,marking  ] GC(8062) Concurrent Mark
[2025-01-09T04:35:21.242+0000][202191.608s][info][gc,marking  ] GC(8062) Concurrent Mark From Roots
[2025-01-09T04:35:21.242+0000][202191.608s][info][gc,task     ] GC(8062) Using 2 workers of 2 for marking
[2025-01-09T04:35:21.990+0000][202192.356s][info][gc,marking  ] GC(8062) Concurrent Mark From Roots 748.259ms
[2025-01-09T04:35:21.990+0000][202192.356s][info][gc,marking  ] GC(8062) Concurrent Preclean
[2025-01-09T04:35:21.993+0000][202192.359s][info][gc,marking  ] GC(8062) Concurrent Preclean 2.748ms
[2025-01-09T04:35:21.993+0000][202192.359s][info][gc,start    ] GC(8062) Pause Remark
[2025-01-09T04:35:22.019+0000][202192.385s][info][gc          ] GC(8062) Pause Remark 2358M->2358M(12288M) 25.538ms
[2025-01-09T04:35:22.019+0000][202192.385s][info][gc,cpu      ] GC(8062) User=0.15s Sys=0.00s Real=0.02s
[2025-01-09T04:35:22.019+0000][202192.385s][info][gc,marking  ] GC(8062) Concurrent Mark 776.863ms
[2025-01-09T04:35:22.019+0000][202192.385s][info][gc,marking  ] GC(8062) Concurrent Rebuild Remembered Sets
[2025-01-09T04:35:22.516+0000][202192.882s][info][gc,marking  ] GC(8062) Concurrent Rebuild Remembered Sets 497.292ms
[2025-01-09T04:35:22.516+0000][202192.882s][info][gc,start    ] GC(8062) Pause Cleanup
[2025-01-09T04:35:22.517+0000][202192.883s][info][gc          ] GC(8062) Pause Cleanup 2486M->2486M(12288M) 0.404ms
[2025-01-09T04:35:22.517+0000][202192.883s][info][gc,cpu      ] GC(8062) User=0.00s Sys=0.00s Real=0.00s
[2025-01-09T04:35:22.517+0000][202192.883s][info][gc,marking  ] GC(8062) Concurrent Cleanup for Next Mark
[2025-01-09T04:35:22.532+0000][202192.899s][info][gc,marking  ] GC(8062) Concurrent Cleanup for Next Mark 15.525ms
[2025-01-09T04:35:22.532+0000][202192.899s][info][gc          ] GC(8062) Concurrent Mark Cycle 1318.280ms
[2025-01-09T04:35:33.500+0000][202203.867s][info][gc,start    ] GC(8063) Pause Young (Prepare Mixed) (G1 Evacuation Pause)
[2025-01-09T04:35:33.500+0000][202203.867s][info][gc,task     ] GC(8063) Using 6 workers of 6 for evacuation
[2025-01-09T04:35:33.546+0000][202203.912s][info][gc,phases   ] GC(8063)   Pre Evacuate Collection Set: 0.2ms
[2025-01-09T04:35:33.546+0000][202203.912s][info][gc,phases   ] GC(8063)   Merge Heap Roots: 0.7ms
[2025-01-09T04:35:33.546+0000][202203.912s][info][gc,phases   ] GC(8063)   Evacuate Collection Set: 39.0ms
[2025-01-09T04:35:33.546+0000][202203.912s][info][gc,phases   ] GC(8063)   Post Evacuate Collection Set: 5.5ms
[2025-01-09T04:35:33.546+0000][202203.912s][info][gc,phases   ] GC(8063)   Other: 0.2ms
[2025-01-09T04:35:33.546+0000][202203.912s][info][gc,heap     ] GC(8063) Eden regions: 910->0(63)
[2025-01-09T04:35:33.546+0000][202203.912s][info][gc,heap     ] GC(8063) Survivor regions: 11->13(116)
[2025-01-09T04:35:33.546+0000][202203.912s][info][gc,heap     ] GC(8063) Old regions: 228->228
[2025-01-09T04:35:33.546+0000][202203.912s][info][gc,heap     ] GC(8063) Archive regions: 2->2
[2025-01-09T04:35:33.546+0000][202203.912s][info][gc,heap     ] GC(8063) Humongous regions: 49->49
[2025-01-09T04:35:33.546+0000][202203.912s][info][gc,metaspace] GC(8063) Metaspace: 524780K(534272K)->524780K(534272K) NonClass: 460848K(465536K)->460848K(465536K) Class: 63932K(68736K)->63932K(68736K)
[2025-01-09T04:35:33.546+0000][202203.912s][info][gc          ] GC(8063) Pause Young (Prepare Mixed) (G1 Evacuation Pause) 9578M->2317M(12288M) 45.724ms
[2025-01-09T04:35:33.546+0000][202203.912s][info][gc,cpu      ] GC(8063) User=0.27s Sys=0.00s Real=0.05s
[2025-01-09T04:35:34.262+0000][202204.628s][info][gc,start    ] GC(8064) Pause Young (Mixed) (G1 Evacuation Pause)
[2025-01-09T04:35:34.262+0000][202204.628s][info][gc,task     ] GC(8064) Using 6 workers of 6 for evacuation
[2025-01-09T04:35:34.328+0000][202204.694s][info][gc,phases   ] GC(8064)   Pre Evacuate Collection Set: 0.2ms
[2025-01-09T04:35:34.328+0000][202204.694s][info][gc,phases   ] GC(8064)   Merge Heap Roots: 0.7ms
[2025-01-09T04:35:34.328+0000][202204.694s][info][gc,phases   ] GC(8064)   Evacuate Collection Set: 63.8ms
[2025-01-09T04:35:34.328+0000][202204.694s][info][gc,phases   ] GC(8064)   Post Evacuate Collection Set: 1.9ms
[2025-01-09T04:35:34.328+0000][202204.694s][info][gc,phases   ] GC(8064)   Other: 0.2ms
[2025-01-09T04:35:34.328+0000][202204.694s][info][gc,heap     ] GC(8064) Eden regions: 63->0(917)
[2025-01-09T04:35:34.328+0000][202204.694s][info][gc,heap     ] GC(8064) Survivor regions: 13->4(10)
[2025-01-09T04:35:34.328+0000][202204.694s][info][gc,heap     ] GC(8064) Old regions: 228->229
[2025-01-09T04:35:34.328+0000][202204.694s][info][gc,heap     ] GC(8064) Archive regions: 2->2
[2025-01-09T04:35:34.328+0000][202204.694s][info][gc,heap     ] GC(8064) Humongous regions: 49->49
[2025-01-09T04:35:34.328+0000][202204.694s][info][gc,metaspace] GC(8064) Metaspace: 524780K(534272K)->524780K(534272K) NonClass: 460848K(465536K)->460848K(465536K) Class: 63932K(68736K)->63932K(68736K)
[2025-01-09T04:35:34.328+0000][202204.694s][info][gc          ] GC(8064) Pause Young (Mixed) (G1 Evacuation Pause) 2821M->2262M(12288M) 66.749ms
[2025-01-09T04:35:34.328+0000][202204.695s][info][gc,cpu      ] GC(8064) User=0.39s Sys=0.00s Real=0.06s
[2025-01-09T04:35:41.845+0000][202212.211s][info][gc,start    ] GC(8065) Pause Young (Normal) (G1 Evacuation Pause)
[2025-01-09T04:35:41.845+0000][202212.211s][info][gc,task     ] GC(8065) Using 6 workers of 6 for evacuation
[2025-01-09T04:35:41.875+0000][202212.241s][info][gc,phases   ] GC(8065)   Pre Evacuate Collection Set: 0.2ms
[2025-01-09T04:35:41.875+0000][202212.241s][info][gc,phases   ] GC(8065)   Merge Heap Roots: 0.4ms
[2025-01-09T04:35:41.875+0000][202212.241s][info][gc,phases   ] GC(8065)   Evacuate Collection Set: 27.1ms
[2025-01-09T04:35:41.875+0000][202212.241s][info][gc,phases   ] GC(8065)   Post Evacuate Collection Set: 2.5ms
[2025-01-09T04:35:41.875+0000][202212.241s][info][gc,phases   ] GC(8065)   Other: 0.2ms
[2025-01-09T04:35:41.875+0000][202212.241s][info][gc,heap     ] GC(8065) Eden regions: 917->0(914)
[2025-01-09T04:35:41.875+0000][202212.241s][info][gc,heap     ] GC(8065) Survivor regions: 4->7(116)
[2025-01-09T04:35:41.875+0000][202212.241s][info][gc,heap     ] GC(8065) Old regions: 229->229
[2025-01-09T04:35:41.875+0000][202212.241s][info][gc,heap     ] GC(8065) Archive regions: 2->2
[2025-01-09T04:35:41.875+0000][202212.241s][info][gc,heap     ] GC(8065) Humongous regions: 49->49
[2025-01-09T04:35:41.875+0000][202212.241s][info][gc,metaspace] GC(8065) Metaspace: 524780K(534272K)->524780K(534272K) NonClass: 460848K(465536K)->460848K(465536K) Class: 63932K(68736K)->63932K(68736K)
[2025-01-09T04:35:41.875+0000][202212.241s][info][gc          ] GC(8065) Pause Young (Normal) (G1 Evacuation Pause) 9598M->2281M(12288M) 30.445ms
[2025-01-09T04:35:41.875+0000][202212.241s][info][gc,cpu      ] GC(8065) User=0.18s Sys=0.00s Real=0.03s
[2025-01-09T04:35:46.718+0000][202217.084s][info][gc,start    ] GC(8066) Pause Young (Normal) (G1 Evacuation Pause)
[2025-01-09T04:35:46.718+0000][202217.085s][info][gc,task     ] GC(8066) Using 6 workers of 6 for evacuation
[2025-01-09T04:35:46.744+0000][202217.110s][info][gc,phases   ] GC(8066)   Pre Evacuate Collection Set: 0.2ms
[2025-01-09T04:35:46.744+0000][202217.110s][info][gc,phases   ] GC(8066)   Merge Heap Roots: 0.4ms
[2025-01-09T04:35:46.744+0000][202217.110s][info][gc,phases   ] GC(8066)   Evacuate Collection Set: 22.4ms
[2025-01-09T04:35:46.744+0000][202217.110s][info][gc,phases   ] GC(8066)   Post Evacuate Collection Set: 2.6ms
[2025-01-09T04:35:46.744+0000][202217.110s][info][gc,phases   ] GC(8066)   Other: 0.2ms
[2025-01-09T04:35:46.744+0000][202217.110s][info][gc,heap     ] GC(8066) Eden regions: 914->0(915)
[2025-01-09T04:35:46.744+0000][202217.110s][info][gc,heap     ] GC(8066) Survivor regions: 7->6(116)
[2025-01-09T04:35:46.744+0000][202217.110s][info][gc,heap     ] GC(8066) Old regions: 229->229
[2025-01-09T04:35:46.744+0000][202217.110s][info][gc,heap     ] GC(8066) Archive regions: 2->2
[2025-01-09T04:35:46.744+0000][202217.110s][info][gc,heap     ] GC(8066) Humongous regions: 49->49
[2025-01-09T04:35:46.744+0000][202217.110s][info][gc,metaspace] GC(8066) Metaspace: 524780K(534272K)->524780K(534272K) NonClass: 460848K(465536K)->460848K(465536K) Class: 63932K(68736K)->63932K(68736K)
[2025-01-09T04:35:46.744+0000][202217.110s][info][gc          ] GC(8066) Pause Young (Normal) (G1 Evacuation Pause) 9593M->2276M(12288M) 25.813ms
[2025-01-09T04:35:46.744+0000][202217.110s][info][gc,cpu      ] GC(8066) User=0.13s Sys=0.00s Real=0.03s
[2025-01-09T04:35:53.058+0000][202223.424s][info][gc,start    ] GC(8067) Pause Young (Concurrent Start) (G1 Evacuation Pause)
[2025-01-09T04:35:53.058+0000][202223.424s][info][gc,task     ] GC(8067) Using 6 workers of 6 for evacuation
[2025-01-09T04:35:53.088+0000][202223.454s][info][gc,phases   ] GC(8067)   Pre Evacuate Collection Set: 1.1ms
[2025-01-09T04:35:53.088+0000][202223.454s][info][gc,phases   ] GC(8067)   Merge Heap Roots: 0.4ms
[2025-01-09T04:35:53.088+0000][202223.454s][info][gc,phases   ] GC(8067)   Evacuate Collection Set: 25.2ms
[2025-01-09T04:35:53.088+0000][202223.454s][info][gc,phases   ] GC(8067)   Post Evacuate Collection Set: 2.6ms
[2025-01-09T04:35:53.088+0000][202223.454s][info][gc,phases   ] GC(8067)   Other: 0.3ms
[2025-01-09T04:35:53.088+0000][202223.454s][info][gc,heap     ] GC(8067) Eden regions: 915->0(914)
[2025-01-09T04:35:53.088+0000][202223.454s][info][gc,heap     ] GC(8067) Survivor regions: 6->7(116)
[2025-01-09T04:35:53.088+0000][202223.454s][info][gc,heap     ] GC(8067) Old regions: 229->229
[2025-01-09T04:35:53.088+0000][202223.454s][info][gc,heap     ] GC(8067) Archive regions: 2->2
[2025-01-09T04:35:53.088+0000][202223.454s][info][gc,heap     ] GC(8067) Humongous regions: 49->49
[2025-01-09T04:35:53.088+0000][202223.454s][info][gc,metaspace] GC(8067) Metaspace: 524780K(534272K)->524780K(534272K) NonClass: 460848K(465536K)->460848K(465536K) Class: 63932K(68736K)->63932K(68736K)
[2025-01-09T04:35:53.088+0000][202223.454s][info][gc          ] GC(8067) Pause Young (Concurrent Start) (G1 Evacuation Pause) 9596M->2286M(12288M) 29.784ms
[2025-01-09T04:35:53.088+0000][202223.454s][info][gc,cpu      ] GC(8067) User=0.16s Sys=0.01s Real=0.03s
[2025-01-09T04:35:53.088+0000][202223.454s][info][gc          ] GC(8068) Concurrent Mark Cycle
[2025-01-09T04:35:53.088+0000][202223.454s][info][gc,marking  ] GC(8068) Concurrent Clear Claimed Marks
[2025-01-09T04:35:53.089+0000][202223.455s][info][gc,marking  ] GC(8068) Concurrent Clear Claimed Marks 0.899ms
[2025-01-09T04:35:53.089+0000][202223.455s][info][gc,marking  ] GC(8068) Concurrent Scan Root Regions
[2025-01-09T04:35:53.106+0000][202223.472s][info][gc,marking  ] GC(8068) Concurrent Scan Root Regions 17.308ms
[2025-01-09T04:35:53.106+0000][202223.472s][info][gc,marking  ] GC(8068) Concurrent Mark
[2025-01-09T04:35:53.106+0000][202223.472s][info][gc,marking  ] GC(8068) Concurrent Mark From Roots
[2025-01-09T04:35:53.106+0000][202223.472s][info][gc,task     ] GC(8068) Using 2 workers of 2 for marking
[2025-01-09T04:35:53.965+0000][202224.331s][info][gc,marking  ] GC(8068) Concurrent Mark From Roots 859.315ms
[2025-01-09T04:35:53.965+0000][202224.331s][info][gc,marking  ] GC(8068) Concurrent Preclean
[2025-01-09T04:35:53.969+0000][202224.335s][info][gc,marking  ] GC(8068) Concurrent Preclean 3.816ms
[2025-01-09T04:35:53.969+0000][202224.335s][info][gc,start    ] GC(8068) Pause Remark
[2025-01-09T04:35:53.995+0000][202224.361s][info][gc          ] GC(8068) Pause Remark 3078M->3078M(12288M) 25.412ms
[2025-01-09T04:35:53.995+0000][202224.361s][info][gc,cpu      ] GC(8068) User=0.13s Sys=0.00s Real=0.03s
[2025-01-09T04:35:53.995+0000][202224.361s][info][gc,marking  ] GC(8068) Concurrent Mark 888.909ms
[2025-01-09T04:35:53.995+0000][202224.361s][info][gc,marking  ] GC(8068) Concurrent Rebuild Remembered Sets
[2025-01-09T04:35:54.619+0000][202224.985s][info][gc,marking  ] GC(8068) Concurrent Rebuild Remembered Sets 623.672ms
[2025-01-09T04:35:54.619+0000][202224.985s][info][gc,start    ] GC(8068) Pause Cleanup
[2025-01-09T04:35:54.619+0000][202224.985s][info][gc          ] GC(8068) Pause Cleanup 3666M->3666M(12288M) 0.379ms
[2025-01-09T04:35:54.619+0000][202224.985s][info][gc,cpu      ] GC(8068) User=0.00s Sys=0.00s Real=0.00s
[2025-01-09T04:35:54.619+0000][202224.985s][info][gc,marking  ] GC(8068) Concurrent Cleanup for Next Mark
[2025-01-09T04:35:54.635+0000][202225.001s][info][gc,marking  ] GC(8068) Concurrent Cleanup for Next Mark 15.349ms
[2025-01-09T04:35:54.635+0000][202225.001s][info][gc          ] GC(8068) Concurrent Mark Cycle 1546.903ms
[2025-01-09T04:36:05.402+0000][202235.768s][info][gc,start    ] GC(8069) Pause Young (Prepare Mixed) (G1 Evacuation Pause)
[2025-01-09T04:36:05.402+0000][202235.768s][info][gc,task     ] GC(8069) Using 6 workers of 6 for evacuation
[2025-01-09T04:36:05.438+0000][202235.804s][info][gc,phases   ] GC(8069)   Pre Evacuate Collection Set: 0.2ms
[2025-01-09T04:36:05.438+0000][202235.804s][info][gc,phases   ] GC(8069)   Merge Heap Roots: 0.7ms
[2025-01-09T04:36:05.438+0000][202235.804s][info][gc,phases   ] GC(8069)   Evacuate Collection Set: 32.1ms
[2025-01-09T04:36:05.438+0000][202235.804s][info][gc,phases   ] GC(8069)   Post Evacuate Collection Set: 2.8ms
[2025-01-09T04:36:05.438+0000][202235.804s][info][gc,phases   ] GC(8069)   Other: 0.2ms
[2025-01-09T04:36:05.438+0000][202235.804s][info][gc,heap     ] GC(8069) Eden regions: 914->0(67)
[2025-01-09T04:36:05.438+0000][202235.804s][info][gc,heap     ] GC(8069) Survivor regions: 7->9(116)
[2025-01-09T04:36:05.438+0000][202235.804s][info][gc,heap     ] GC(8069) Old regions: 229->229
[2025-01-09T04:36:05.438+0000][202235.804s][info][gc,heap     ] GC(8069) Archive regions: 2->2
[2025-01-09T04:36:05.438+0000][202235.804s][info][gc,heap     ] GC(8069) Humongous regions: 49->49
[2025-01-09T04:36:05.438+0000][202235.804s][info][gc,metaspace] GC(8069) Metaspace: 524780K(534272K)->524780K(534272K) NonClass: 460848K(465536K)->460848K(465536K) Class: 63932K(68736K)->63932K(68736K)
[2025-01-09T04:36:05.438+0000][202235.804s][info][gc          ] GC(8069) Pause Young (Prepare Mixed) (G1 Evacuation Pause) 9598M->2300M(12288M) 36.133ms
[2025-01-09T04:36:05.438+0000][202235.804s][info][gc,cpu      ] GC(8069) User=0.21s Sys=0.00s Real=0.03s
[2025-01-09T04:36:05.944+0000][202236.310s][info][gc,start    ] GC(8070) Pause Young (Mixed) (G1 Evacuation Pause)
[2025-01-09T04:36:05.944+0000][202236.310s][info][gc,task     ] GC(8070) Using 6 workers of 6 for evacuation
[2025-01-09T04:36:06.016+0000][202236.382s][info][gc,phases   ] GC(8070)   Pre Evacuate Collection Set: 0.2ms
[2025-01-09T04:36:06.016+0000][202236.382s][info][gc,phases   ] GC(8070)   Merge Heap Roots: 0.7ms
[2025-01-09T04:36:06.016+0000][202236.382s][info][gc,phases   ] GC(8070)   Evacuate Collection Set: 68.6ms
[2025-01-09T04:36:06.016+0000][202236.382s][info][gc,phases   ] GC(8070)   Post Evacuate Collection Set: 2.0ms
[2025-01-09T04:36:06.016+0000][202236.382s][info][gc,phases   ] GC(8070)   Other: 0.2ms
[2025-01-09T04:36:06.016+0000][202236.382s][info][gc,heap     ] GC(8070) Eden regions: 67->0(915)
[2025-01-09T04:36:06.016+0000][202236.382s][info][gc,heap     ] GC(8070) Survivor regions: 9->6(10)
[2025-01-09T04:36:06.016+0000][202236.382s][info][gc,heap     ] GC(8070) Old regions: 229->230
[2025-01-09T04:36:06.016+0000][202236.382s][info][gc,heap     ] GC(8070) Archive regions: 2->2
[2025-01-09T04:36:06.016+0000][202236.382s][info][gc,heap     ] GC(8070) Humongous regions: 49->49
[2025-01-09T04:36:06.016+0000][202236.382s][info][gc,metaspace] GC(8070) Metaspace: 524780K(534272K)->524780K(534272K) NonClass: 460848K(465536K)->460848K(465536K) Class: 63932K(68736K)->63932K(68736K)
[2025-01-09T04:36:06.016+0000][202236.382s][info][gc          ] GC(8070) Pause Young (Mixed) (G1 Evacuation Pause) 2836M->2275M(12288M) 71.808ms
[2025-01-09T04:36:06.016+0000][202236.382s][info][gc,cpu      ] GC(8070) User=0.41s Sys=0.01s Real=0.07s
[2025-01-09T04:36:14.852+0000][202245.218s][info][gc,start    ] GC(8071) Pause Young (Normal) (G1 Evacuation Pause)
[2025-01-09T04:36:14.852+0000][202245.218s][info][gc,task     ] GC(8071) Using 6 workers of 6 for evacuation
[2025-01-09T04:36:14.883+0000][202245.249s][info][gc,phases   ] GC(8071)   Pre Evacuate Collection Set: 0.2ms
[2025-01-09T04:36:14.883+0000][202245.249s][info][gc,phases   ] GC(8071)   Merge Heap Roots: 0.4ms
[2025-01-09T04:36:14.883+0000][202245.249s][info][gc,phases   ] GC(8071)   Evacuate Collection Set: 27.0ms
[2025-01-09T04:36:14.883+0000][202245.249s][info][gc,phases   ] GC(8071)   Post Evacuate Collection Set: 2.8ms
[2025-01-09T04:36:14.883+0000][202245.249s][info][gc,phases   ] GC(8071)   Other: 0.2ms
[2025-01-09T04:36:14.883+0000][202245.249s][info][gc,heap     ] GC(8071) Eden regions: 915->0(914)
[2025-01-09T04:36:14.883+0000][202245.249s][info][gc,heap     ] GC(8071) Survivor regions: 6->7(116)
[2025-01-09T04:36:14.883+0000][202245.249s][info][gc,heap     ] GC(8071) Old regions: 230->230
[2025-01-09T04:36:14.883+0000][202245.249s][info][gc,heap     ] GC(8071) Archive regions: 2->2
[2025-01-09T04:36:14.883+0000][202245.249s][info][gc,heap     ] GC(8071) Humongous regions: 49->49
[2025-01-09T04:36:14.883+0000][202245.249s][info][gc,metaspace] GC(8071) Metaspace: 524780K(534272K)->524780K(534272K) NonClass: 460848K(465536K)->460848K(465536K) Class: 63932K(68736K)->63932K(68736K)
[2025-01-09T04:36:14.883+0000][202245.249s][info][gc          ] GC(8071) Pause Young (Normal) (G1 Evacuation Pause) 9595M->2284M(12288M) 30.760ms
[2025-01-09T04:36:14.883+0000][202245.249s][info][gc,cpu      ] GC(8071) User=0.18s Sys=0.00s Real=0.03s
[2025-01-09T04:36:21.299+0000][202251.666s][info][gc,start    ] GC(8072) Pause Young (Normal) (G1 Evacuation Pause)
[2025-01-09T04:36:21.300+0000][202251.666s][info][gc,task     ] GC(8072) Using 6 workers of 6 for evacuation
[2025-01-09T04:36:21.335+0000][202251.701s][info][gc,phases   ] GC(8072)   Pre Evacuate Collection Set: 0.2ms
[2025-01-09T04:36:21.335+0000][202251.701s][info][gc,phases   ] GC(8072)   Merge Heap Roots: 0.4ms
[2025-01-09T04:36:21.335+0000][202251.701s][info][gc,phases   ] GC(8072)   Evacuate Collection Set: 29.2ms
[2025-01-09T04:36:21.335+0000][202251.701s][info][gc,phases   ] GC(8072)   Post Evacuate Collection Set: 5.2ms
[2025-01-09T04:36:21.335+0000][202251.701s][info][gc,phases   ] GC(8072)   Other: 0.2ms
[2025-01-09T04:36:21.335+0000][202251.701s][info][gc,heap     ] GC(8072) Eden regions: 914->0(911)
[2025-01-09T04:36:21.335+0000][202251.701s][info][gc,heap     ] GC(8072) Survivor regions: 7->10(116)
[2025-01-09T04:36:21.335+0000][202251.701s][info][gc,heap     ] GC(8072) Old regions: 230->230
[2025-01-09T04:36:21.335+0000][202251.701s][info][gc,heap     ] GC(8072) Archive regions: 2->2
[2025-01-09T04:36:21.335+0000][202251.701s][info][gc,heap     ] GC(8072) Humongous regions: 49->49
[2025-01-09T04:36:21.335+0000][202251.701s][info][gc,metaspace] GC(8072) Metaspace: 524780K(534272K)->524780K(534272K) NonClass: 460848K(465536K)->460848K(465536K) Class: 63932K(68736K)->63932K(68736K)
[2025-01-09T04:36:21.335+0000][202251.701s][info][gc          ] GC(8072) Pause Young (Normal) (G1 Evacuation Pause) 9596M->2307M(12288M) 35.305ms
[2025-01-09T04:36:21.335+0000][202251.701s][info][gc,cpu      ] GC(8072) User=0.20s Sys=0.00s Real=0.04s
[2025-01-09T04:36:33.069+0000][202263.435s][info][gc,start    ] GC(8073) Pause Young (Concurrent Start) (G1 Evacuation Pause)
[2025-01-09T04:36:33.069+0000][202263.436s][info][gc,task     ] GC(8073) Using 6 workers of 6 for evacuation
[2025-01-09T04:36:33.109+0000][202263.475s][info][gc,phases   ] GC(8073)   Pre Evacuate Collection Set: 1.2ms
[2025-01-09T04:36:33.109+0000][202263.475s][info][gc,phases   ] GC(8073)   Merge Heap Roots: 0.5ms
[2025-01-09T04:36:33.109+0000][202263.475s][info][gc,phases   ] GC(8073)   Evacuate Collection Set: 33.3ms
[2025-01-09T04:36:33.109+0000][202263.475s][info][gc,phases   ] GC(8073)   Post Evacuate Collection Set: 4.2ms
[2025-01-09T04:36:33.109+0000][202263.475s][info][gc,phases   ] GC(8073)   Other: 0.3ms
[2025-01-09T04:36:33.109+0000][202263.475s][info][gc,heap     ] GC(8073) Eden regions: 911->0(910)
[2025-01-09T04:36:33.109+0000][202263.475s][info][gc,heap     ] GC(8073) Survivor regions: 10->11(116)
[2025-01-09T04:36:33.109+0000][202263.475s][info][gc,heap     ] GC(8073) Old regions: 230->230
[2025-01-09T04:36:33.109+0000][202263.475s][info][gc,heap     ] GC(8073) Archive regions: 2->2
[2025-01-09T04:36:33.109+0000][202263.475s][info][gc,heap     ] GC(8073) Humongous regions: 49->49
[2025-01-09T04:36:33.109+0000][202263.475s][info][gc,metaspace] GC(8073) Metaspace: 524780K(534272K)->524780K(534272K) NonClass: 460848K(465536K)->460848K(465536K) Class: 63932K(68736K)->63932K(68736K)
[2025-01-09T04:36:33.109+0000][202263.475s][info][gc          ] GC(8073) Pause Young (Concurrent Start) (G1 Evacuation Pause) 9595M->2315M(12288M) 39.498ms
[2025-01-09T04:36:33.109+0000][202263.475s][info][gc,cpu      ] GC(8073) User=0.22s Sys=0.00s Real=0.04s
[2025-01-09T04:36:33.109+0000][202263.475s][info][gc          ] GC(8074) Concurrent Mark Cycle
[2025-01-09T04:36:33.109+0000][202263.475s][info][gc,marking  ] GC(8074) Concurrent Clear Claimed Marks
[2025-01-09T04:36:33.110+0000][202263.476s][info][gc,marking  ] GC(8074) Concurrent Clear Claimed Marks 0.971ms
[2025-01-09T04:36:33.110+0000][202263.476s][info][gc,marking  ] GC(8074) Concurrent Scan Root Regions
[2025-01-09T04:36:33.140+0000][202263.506s][info][gc,marking  ] GC(8074) Concurrent Scan Root Regions 29.552ms
[2025-01-09T04:36:33.140+0000][202263.506s][info][gc,marking  ] GC(8074) Concurrent Mark
[2025-01-09T04:36:33.140+0000][202263.506s][info][gc,marking  ] GC(8074) Concurrent Mark From Roots
[2025-01-09T04:36:33.140+0000][202263.506s][info][gc,task     ] GC(8074) Using 2 workers of 2 for marking
[2025-01-09T04:36:33.980+0000][202264.346s][info][gc,marking  ] GC(8074) Concurrent Mark From Roots 840.153ms
[2025-01-09T04:36:33.980+0000][202264.346s][info][gc,marking  ] GC(8074) Concurrent Preclean
[2025-01-09T04:36:33.983+0000][202264.349s][info][gc,marking  ] GC(8074) Concurrent Preclean 2.786ms
[2025-01-09T04:36:33.983+0000][202264.349s][info][gc,start    ] GC(8074) Pause Remark
[2025-01-09T04:36:34.008+0000][202264.375s][info][gc          ] GC(8074) Pause Remark 3111M->3111M(12288M) 25.800ms
[2025-01-09T04:36:34.009+0000][202264.375s][info][gc,cpu      ] GC(8074) User=0.15s Sys=0.00s Real=0.02s
[2025-01-09T04:36:34.009+0000][202264.375s][info][gc,marking  ] GC(8074) Concurrent Mark 869.043ms
[2025-01-09T04:36:34.009+0000][202264.375s][info][gc,marking  ] GC(8074) Concurrent Rebuild Remembered Sets
[2025-01-09T04:36:34.525+0000][202264.891s][info][gc,marking  ] GC(8074) Concurrent Rebuild Remembered Sets 516.660ms
[2025-01-09T04:36:34.525+0000][202264.892s][info][gc,start    ] GC(8074) Pause Cleanup
[2025-01-09T04:36:34.526+0000][202264.892s][info][gc          ] GC(8074) Pause Cleanup 3555M->3555M(12288M) 0.427ms
[2025-01-09T04:36:34.526+0000][202264.892s][info][gc,cpu      ] GC(8074) User=0.00s Sys=0.00s Real=0.00s
[2025-01-09T04:36:34.526+0000][202264.892s][info][gc,marking  ] GC(8074) Concurrent Cleanup for Next Mark
[2025-01-09T04:36:34.541+0000][202264.907s][info][gc,marking  ] GC(8074) Concurrent Cleanup for Next Mark 15.351ms
[2025-01-09T04:36:34.541+0000][202264.907s][info][gc          ] GC(8074) Concurrent Mark Cycle 1432.423ms
[2025-01-09T04:36:39.214+0000][202269.580s][info][gc,start    ] GC(8075) Pause Young (Prepare Mixed) (G1 Evacuation Pause)
[2025-01-09T04:36:39.214+0000][202269.580s][info][gc,task     ] GC(8075) Using 6 workers of 6 for evacuation
[2025-01-09T04:36:39.252+0000][202269.618s][info][gc,phases   ] GC(8075)   Pre Evacuate Collection Set: 0.2ms
[2025-01-09T04:36:39.252+0000][202269.618s][info][gc,phases   ] GC(8075)   Merge Heap Roots: 0.7ms
[2025-01-09T04:36:39.252+0000][202269.618s][info][gc,phases   ] GC(8075)   Evacuate Collection Set: 34.1ms
[2025-01-09T04:36:39.252+0000][202269.618s][info][gc,phases   ] GC(8075)   Post Evacuate Collection Set: 2.5ms
[2025-01-09T04:36:39.252+0000][202269.618s][info][gc,phases   ] GC(8075)   Other: 0.2ms
[2025-01-09T04:36:39.252+0000][202269.618s][info][gc,heap     ] GC(8075) Eden regions: 910->0(65)
[2025-01-09T04:36:39.252+0000][202269.618s][info][gc,heap     ] GC(8075) Survivor regions: 11->11(116)
[2025-01-09T04:36:39.252+0000][202269.618s][info][gc,heap     ] GC(8075) Old regions: 230->230
[2025-01-09T04:36:39.252+0000][202269.618s][info][gc,heap     ] GC(8075) Archive regions: 2->2
[2025-01-09T04:36:39.252+0000][202269.618s][info][gc,heap     ] GC(8075) Humongous regions: 49->49
[2025-01-09T04:36:39.252+0000][202269.618s][info][gc,metaspace] GC(8075) Metaspace: 524780K(534272K)->524780K(534272K) NonClass: 460848K(465536K)->460848K(465536K) Class: 63932K(68736K)->63932K(68736K)
[2025-01-09T04:36:39.252+0000][202269.618s][info][gc          ] GC(8075) Pause Young (Prepare Mixed) (G1 Evacuation Pause) 9595M->2314M(12288M) 37.874ms
[2025-01-09T04:36:39.252+0000][202269.618s][info][gc,cpu      ] GC(8075) User=0.22s Sys=0.00s Real=0.04s
[2025-01-09T04:36:39.571+0000][202269.938s][info][gc,start    ] GC(8076) Pause Young (Mixed) (G1 Evacuation Pause)
[2025-01-09T04:36:39.571+0000][202269.938s][info][gc,task     ] GC(8076) Using 6 workers of 6 for evacuation
[2025-01-09T04:36:39.619+0000][202269.985s][info][gc,phases   ] GC(8076)   Pre Evacuate Collection Set: 0.2ms
[2025-01-09T04:36:39.619+0000][202269.985s][info][gc,phases   ] GC(8076)   Merge Heap Roots: 0.5ms
[2025-01-09T04:36:39.619+0000][202269.985s][info][gc,phases   ] GC(8076)   Evacuate Collection Set: 45.5ms
[2025-01-09T04:36:39.619+0000][202269.985s][info][gc,phases   ] GC(8076)   Post Evacuate Collection Set: 1.5ms
[2025-01-09T04:36:39.619+0000][202269.985s][info][gc,phases   ] GC(8076)   Other: 0.2ms
[2025-01-09T04:36:39.619+0000][202269.985s][info][gc,heap     ] GC(8076) Eden regions: 65->0(916)
[2025-01-09T04:36:39.619+0000][202269.985s][info][gc,heap     ] GC(8076) Survivor regions: 11->5(10)
[2025-01-09T04:36:39.619+0000][202269.985s][info][gc,heap     ] GC(8076) Old regions: 230->229
[2025-01-09T04:36:39.619+0000][202269.985s][info][gc,heap     ] GC(8076) Archive regions: 2->2
[2025-01-09T04:36:39.619+0000][202269.985s][info][gc,heap     ] GC(8076) Humongous regions: 49->49
[2025-01-09T04:36:39.619+0000][202269.985s][info][gc,metaspace] GC(8076) Metaspace: 524780K(534272K)->524780K(534272K) NonClass: 460848K(465536K)->460848K(465536K) Class: 63932K(68736K)->63932K(68736K)
[2025-01-09T04:36:39.619+0000][202269.985s][info][gc          ] GC(8076) Pause Young (Mixed) (G1 Evacuation Pause) 2834M->2266M(12288M) 47.956ms
[2025-01-09T04:36:39.619+0000][202269.986s][info][gc,cpu      ] GC(8076) User=0.28s Sys=0.00s Real=0.04s
[2025-01-09T04:36:46.976+0000][202277.342s][info][gc,start    ] GC(8077) Pause Young (Normal) (G1 Evacuation Pause)
[2025-01-09T04:36:46.976+0000][202277.342s][info][gc,task     ] GC(8077) Using 6 workers of 6 for evacuation
[2025-01-09T04:36:47.001+0000][202277.367s][info][gc,phases   ] GC(8077)   Pre Evacuate Collection Set: 0.2ms
[2025-01-09T04:36:47.001+0000][202277.367s][info][gc,phases   ] GC(8077)   Merge Heap Roots: 0.4ms
[2025-01-09T04:36:47.001+0000][202277.367s][info][gc,phases   ] GC(8077)   Evacuate Collection Set: 22.2ms
[2025-01-09T04:36:47.001+0000][202277.367s][info][gc,phases   ] GC(8077)   Post Evacuate Collection Set: 2.5ms
[2025-01-09T04:36:47.001+0000][202277.367s][info][gc,phases   ] GC(8077)   Other: 0.2ms
[2025-01-09T04:36:47.001+0000][202277.367s][info][gc,heap     ] GC(8077) Eden regions: 916->0(915)
[2025-01-09T04:36:47.001+0000][202277.367s][info][gc,heap     ] GC(8077) Survivor regions: 5->6(116)
[2025-01-09T04:36:47.001+0000][202277.367s][info][gc,heap     ] GC(8077) Old regions: 229->229
[2025-01-09T04:36:47.001+0000][202277.367s][info][gc,heap     ] GC(8077) Archive regions: 2->2
[2025-01-09T04:36:47.001+0000][202277.367s][info][gc,heap     ] GC(8077) Humongous regions: 49->49
[2025-01-09T04:36:47.001+0000][202277.367s][info][gc,metaspace] GC(8077) Metaspace: 524780K(534272K)->524780K(534272K) NonClass: 460848K(465536K)->460848K(465536K) Class: 63932K(68736K)->63932K(68736K)
[2025-01-09T04:36:47.001+0000][202277.367s][info][gc          ] GC(8077) Pause Young (Normal) (G1 Evacuation Pause) 9594M->2274M(12288M) 25.533ms
[2025-01-09T04:36:47.001+0000][202277.367s][info][gc,cpu      ] GC(8077) User=0.15s Sys=0.00s Real=0.02s
[2025-01-09T04:36:55.981+0000][202286.347s][info][gc,start    ] GC(8078) Pause Young (Normal) (G1 Evacuation Pause)
[2025-01-09T04:36:55.981+0000][202286.347s][info][gc,task     ] GC(8078) Using 6 workers of 6 for evacuation
[2025-01-09T04:36:56.010+0000][202286.376s][info][gc,phases   ] GC(8078)   Pre Evacuate Collection Set: 0.2ms
[2025-01-09T04:36:56.010+0000][202286.376s][info][gc,phases   ] GC(8078)   Merge Heap Roots: 0.4ms
[2025-01-09T04:36:56.010+0000][202286.376s][info][gc,phases   ] GC(8078)   Evacuate Collection Set: 25.2ms
[2025-01-09T04:36:56.010+0000][202286.376s][info][gc,phases   ] GC(8078)   Post Evacuate Collection Set: 2.7ms
[2025-01-09T04:36:56.010+0000][202286.376s][info][gc,phases   ] GC(8078)   Other: 0.2ms
[2025-01-09T04:36:56.010+0000][202286.376s][info][gc,heap     ] GC(8078) Eden regions: 915->0(914)
[2025-01-09T04:36:56.010+0000][202286.376s][info][gc,heap     ] GC(8078) Survivor regions: 6->7(116)
[2025-01-09T04:36:56.010+0000][202286.376s][info][gc,heap     ] GC(8078) Old regions: 229->229
[2025-01-09T04:36:56.010+0000][202286.376s][info][gc,heap     ] GC(8078) Archive regions: 2->2
[2025-01-09T04:36:56.010+0000][202286.376s][info][gc,heap     ] GC(8078) Humongous regions: 49->49
[2025-01-09T04:36:56.010+0000][202286.376s][info][gc,metaspace] GC(8078) Metaspace: 524780K(534272K)->524780K(534272K) NonClass: 460848K(465536K)->460848K(465536K) Class: 63932K(68736K)->63932K(68736K)
[2025-01-09T04:36:56.010+0000][202286.376s][info][gc          ] GC(8078) Pause Young (Normal) (G1 Evacuation Pause) 9594M->2284M(12288M) 28.747ms
[2025-01-09T04:36:56.010+0000][202286.376s][info][gc,cpu      ] GC(8078) User=0.17s Sys=0.00s Real=0.04s
[2025-01-09T04:37:03.036+0000][202293.402s][info][gc,start    ] GC(8079) Pause Young (Concurrent Start) (G1 Evacuation Pause)
[2025-01-09T04:37:03.036+0000][202293.402s][info][gc,task     ] GC(8079) Using 6 workers of 6 for evacuation
[2025-01-09T04:37:03.069+0000][202293.435s][info][gc,phases   ] GC(8079)   Pre Evacuate Collection Set: 1.1ms
[2025-01-09T04:37:03.069+0000][202293.435s][info][gc,phases   ] GC(8079)   Merge Heap Roots: 0.5ms
[2025-01-09T04:37:03.069+0000][202293.435s][info][gc,phases   ] GC(8079)   Evacuate Collection Set: 28.6ms
[2025-01-09T04:37:03.069+0000][202293.435s][info][gc,phases   ] GC(8079)   Post Evacuate Collection Set: 2.6ms
[2025-01-09T04:37:03.069+0000][202293.435s][info][gc,phases   ] GC(8079)   Other: 0.3ms
[2025-01-09T04:37:03.069+0000][202293.435s][info][gc,heap     ] GC(8079) Eden regions: 914->0(913)
[2025-01-09T04:37:03.069+0000][202293.435s][info][gc,heap     ] GC(8079) Survivor regions: 7->8(116)
[2025-01-09T04:37:03.069+0000][202293.435s][info][gc,heap     ] GC(8079) Old regions: 229->229
[2025-01-09T04:37:03.069+0000][202293.435s][info][gc,heap     ] GC(8079) Archive regions: 2->2
[2025-01-09T04:37:03.069+0000][202293.435s][info][gc,heap     ] GC(8079) Humongous regions: 49->49
[2025-01-09T04:37:03.069+0000][202293.435s][info][gc,metaspace] GC(8079) Metaspace: 524780K(534272K)->524780K(534272K) NonClass: 460848K(465536K)->460848K(465536K) Class: 63932K(68736K)->63932K(68736K)
[2025-01-09T04:37:03.069+0000][202293.435s][info][gc          ] GC(8079) Pause Young (Concurrent Start) (G1 Evacuation Pause) 9596M->2290M(12288M) 33.153ms
[2025-01-09T04:37:03.069+0000][202293.435s][info][gc,cpu      ] GC(8079) User=0.19s Sys=0.00s Real=0.03s
[2025-01-09T04:37:03.069+0000][202293.435s][info][gc          ] GC(8080) Concurrent Mark Cycle
[2025-01-09T04:37:03.069+0000][202293.435s][info][gc,marking  ] GC(8080) Concurrent Clear Claimed Marks
[2025-01-09T04:37:03.070+0000][202293.436s][info][gc,marking  ] GC(8080) Concurrent Clear Claimed Marks 1.000ms
[2025-01-09T04:37:03.070+0000][202293.436s][info][gc,marking  ] GC(8080) Concurrent Scan Root Regions
[2025-01-09T04:37:03.092+0000][202293.459s][info][gc,marking  ] GC(8080) Concurrent Scan Root Regions 22.419ms
[2025-01-09T04:37:03.092+0000][202293.459s][info][gc,marking  ] GC(8080) Concurrent Mark
[2025-01-09T04:37:03.092+0000][202293.459s][info][gc,marking  ] GC(8080) Concurrent Mark From Roots
[2025-01-09T04:37:03.092+0000][202293.459s][info][gc,task     ] GC(8080) Using 2 workers of 2 for marking
[2025-01-09T04:37:03.880+0000][202294.246s][info][gc,marking  ] GC(8080) Concurrent Mark From Roots 787.020ms
[2025-01-09T04:37:03.880+0000][202294.246s][info][gc,marking  ] GC(8080) Concurrent Preclean
[2025-01-09T04:37:03.882+0000][202294.249s][info][gc,marking  ] GC(8080) Concurrent Preclean 2.913ms
[2025-01-09T04:37:03.883+0000][202294.249s][info][gc,start    ] GC(8080) Pause Remark
[2025-01-09T04:37:03.909+0000][202294.275s][info][gc          ] GC(8080) Pause Remark 2942M->2942M(12288M) 25.979ms
[2025-01-09T04:37:03.909+0000][202294.275s][info][gc,cpu      ] GC(8080) User=0.15s Sys=0.00s Real=0.02s
[2025-01-09T04:37:03.909+0000][202294.275s][info][gc,marking  ] GC(8080) Concurrent Mark 816.280ms
[2025-01-09T04:37:03.909+0000][202294.275s][info][gc,marking  ] GC(8080) Concurrent Rebuild Remembered Sets
[2025-01-09T04:37:04.417+0000][202294.783s][info][gc,marking  ] GC(8080) Concurrent Rebuild Remembered Sets 508.575ms
[2025-01-09T04:37:04.418+0000][202294.784s][info][gc,start    ] GC(8080) Pause Cleanup
[2025-01-09T04:37:04.418+0000][202294.784s][info][gc          ] GC(8080) Pause Cleanup 2970M->2970M(12288M) 0.404ms
[2025-01-09T04:37:04.418+0000][202294.784s][info][gc,cpu      ] GC(8080) User=0.01s Sys=0.00s Real=0.00s
[2025-01-09T04:37:04.418+0000][202294.784s][info][gc,marking  ] GC(8080) Concurrent Cleanup for Next Mark
[2025-01-09T04:37:04.434+0000][202294.800s][info][gc,marking  ] GC(8080) Concurrent Cleanup for Next Mark 15.541ms
[2025-01-09T04:37:04.434+0000][202294.800s][info][gc          ] GC(8080) Concurrent Mark Cycle 1364.631ms
[2025-01-09T04:37:15.475+0000][202305.841s][info][gc,start    ] GC(8081) Pause Young (Prepare Mixed) (G1 Evacuation Pause)
[2025-01-09T04:37:15.475+0000][202305.841s][info][gc,task     ] GC(8081) Using 6 workers of 6 for evacuation
[2025-01-09T04:37:15.516+0000][202305.882s][info][gc,phases   ] GC(8081)   Pre Evacuate Collection Set: 0.2ms
[2025-01-09T04:37:15.516+0000][202305.882s][info][gc,phases   ] GC(8081)   Merge Heap Roots: 0.7ms
[2025-01-09T04:37:15.516+0000][202305.882s][info][gc,phases   ] GC(8081)   Evacuate Collection Set: 33.9ms
[2025-01-09T04:37:15.516+0000][202305.882s][info][gc,phases   ] GC(8081)   Post Evacuate Collection Set: 5.4ms
[2025-01-09T04:37:15.516+0000][202305.882s][info][gc,phases   ] GC(8081)   Other: 0.2ms
[2025-01-09T04:37:15.516+0000][202305.882s][info][gc,heap     ] GC(8081) Eden regions: 913->0(65)
[2025-01-09T04:37:15.516+0000][202305.882s][info][gc,heap     ] GC(8081) Survivor regions: 8->11(116)
[2025-01-09T04:37:15.516+0000][202305.882s][info][gc,heap     ] GC(8081) Old regions: 229->229
[2025-01-09T04:37:15.516+0000][202305.882s][info][gc,heap     ] GC(8081) Archive regions: 2->2
[2025-01-09T04:37:15.516+0000][202305.882s][info][gc,heap     ] GC(8081) Humongous regions: 49->49
[2025-01-09T04:37:15.516+0000][202305.882s][info][gc,metaspace] GC(8081) Metaspace: 524780K(534272K)->524780K(534272K) NonClass: 460848K(465536K)->460848K(465536K) Class: 63932K(68736K)->63932K(68736K)
[2025-01-09T04:37:15.516+0000][202305.882s][info][gc          ] GC(8081) Pause Young (Prepare Mixed) (G1 Evacuation Pause) 9594M->2313M(12288M) 40.480ms
[2025-01-09T04:37:15.516+0000][202305.882s][info][gc,cpu      ] GC(8081) User=0.24s Sys=0.00s Real=0.04s
[2025-01-09T04:37:16.137+0000][202306.503s][info][gc,start    ] GC(8082) Pause Young (Mixed) (G1 Evacuation Pause)
[2025-01-09T04:37:16.137+0000][202306.503s][info][gc,task     ] GC(8082) Using 6 workers of 6 for evacuation
[2025-01-09T04:37:16.198+0000][202306.564s][info][gc,phases   ] GC(8082)   Pre Evacuate Collection Set: 0.2ms
[2025-01-09T04:37:16.198+0000][202306.564s][info][gc,phases   ] GC(8082)   Merge Heap Roots: 0.6ms
[2025-01-09T04:37:16.198+0000][202306.564s][info][gc,phases   ] GC(8082)   Evacuate Collection Set: 58.8ms
[2025-01-09T04:37:16.198+0000][202306.564s][info][gc,phases   ] GC(8082)   Post Evacuate Collection Set: 1.6ms
[2025-01-09T04:37:16.198+0000][202306.564s][info][gc,phases   ] GC(8082)   Other: 0.2ms
[2025-01-09T04:37:16.198+0000][202306.564s][info][gc,heap     ] GC(8082) Eden regions: 65->0(917)
[2025-01-09T04:37:16.198+0000][202306.564s][info][gc,heap     ] GC(8082) Survivor regions: 11->4(10)
[2025-01-09T04:37:16.198+0000][202306.564s][info][gc,heap     ] GC(8082) Old regions: 229->231
[2025-01-09T04:37:16.198+0000][202306.564s][info][gc,heap     ] GC(8082) Archive regions: 2->2
[2025-01-09T04:37:16.198+0000][202306.564s][info][gc,heap     ] GC(8082) Humongous regions: 49->49
[2025-01-09T04:37:16.198+0000][202306.564s][info][gc,metaspace] GC(8082) Metaspace: 524780K(534272K)->524780K(534272K) NonClass: 460848K(465536K)->460848K(465536K) Class: 63932K(68736K)->63932K(68736K)
[2025-01-09T04:37:16.198+0000][202306.564s][info][gc          ] GC(8082) Pause Young (Mixed) (G1 Evacuation Pause) 2833M->2271M(12288M) 61.452ms
[2025-01-09T04:37:16.198+0000][202306.564s][info][gc,cpu      ] GC(8082) User=0.36s Sys=0.00s Real=0.06s
[2025-01-09T04:37:26.865+0000][202317.231s][info][gc,start    ] GC(8083) Pause Young (Normal) (G1 Evacuation Pause)
[2025-01-09T04:37:26.865+0000][202317.231s][info][gc,task     ] GC(8083) Using 6 workers of 6 for evacuation
[2025-01-09T04:37:26.891+0000][202317.257s][info][gc,phases   ] GC(8083)   Pre Evacuate Collection Set: 0.2ms
[2025-01-09T04:37:26.891+0000][202317.257s][info][gc,phases   ] GC(8083)   Merge Heap Roots: 0.4ms
[2025-01-09T04:37:26.891+0000][202317.257s][info][gc,phases   ] GC(8083)   Evacuate Collection Set: 22.1ms
[2025-01-09T04:37:26.891+0000][202317.257s][info][gc,phases   ] GC(8083)   Post Evacuate Collection Set: 2.6ms
[2025-01-09T04:37:26.891+0000][202317.257s][info][gc,phases   ] GC(8083)   Other: 0.3ms
[2025-01-09T04:37:26.891+0000][202317.257s][info][gc,heap     ] GC(8083) Eden regions: 917->0(916)
[2025-01-09T04:37:26.891+0000][202317.257s][info][gc,heap     ] GC(8083) Survivor regions: 4->5(116)
[2025-01-09T04:37:26.891+0000][202317.257s][info][gc,heap     ] GC(8083) Old regions: 231->231
[2025-01-09T04:37:26.891+0000][202317.257s][info][gc,heap     ] GC(8083) Archive regions: 2->2
[2025-01-09T04:37:26.891+0000][202317.257s][info][gc,heap     ] GC(8083) Humongous regions: 49->49
[2025-01-09T04:37:26.891+0000][202317.257s][info][gc,metaspace] GC(8083) Metaspace: 524780K(534272K)->524780K(534272K) NonClass: 460848K(465536K)->460848K(465536K) Class: 63932K(68736K)->63932K(68736K)
[2025-01-09T04:37:26.891+0000][202317.257s][info][gc          ] GC(8083) Pause Young (Normal) (G1 Evacuation Pause) 9607M->2280M(12288M) 25.586ms
[2025-01-09T04:37:26.891+0000][202317.257s][info][gc,cpu      ] GC(8083) User=0.15s Sys=0.00s Real=0.03s
[2025-01-09T04:37:34.651+0000][202325.017s][info][gc,start    ] GC(8084) Pause Young (Normal) (G1 Evacuation Pause)
[2025-01-09T04:37:34.651+0000][202325.018s][info][gc,task     ] GC(8084) Using 6 workers of 6 for evacuation
[2025-01-09T04:37:34.683+0000][202325.049s][info][gc,phases   ] GC(8084)   Pre Evacuate Collection Set: 0.2ms
[2025-01-09T04:37:34.683+0000][202325.049s][info][gc,phases   ] GC(8084)   Merge Heap Roots: 0.4ms
[2025-01-09T04:37:34.683+0000][202325.049s][info][gc,phases   ] GC(8084)   Evacuate Collection Set: 26.1ms
[2025-01-09T04:37:34.683+0000][202325.049s][info][gc,phases   ] GC(8084)   Post Evacuate Collection Set: 4.3ms
[2025-01-09T04:37:34.683+0000][202325.049s][info][gc,phases   ] GC(8084)   Other: 0.2ms
[2025-01-09T04:37:34.683+0000][202325.049s][info][gc,heap     ] GC(8084) Eden regions: 916->0(914)
[2025-01-09T04:37:34.683+0000][202325.049s][info][gc,heap     ] GC(8084) Survivor regions: 5->7(116)
[2025-01-09T04:37:34.683+0000][202325.049s][info][gc,heap     ] GC(8084) Old regions: 231->231
[2025-01-09T04:37:34.683+0000][202325.049s][info][gc,heap     ] GC(8084) Archive regions: 2->2
[2025-01-09T04:37:34.683+0000][202325.049s][info][gc,heap     ] GC(8084) Humongous regions: 49->49
[2025-01-09T04:37:34.683+0000][202325.049s][info][gc,metaspace] GC(8084) Metaspace: 524780K(534272K)->524780K(534272K) NonClass: 460848K(465536K)->460848K(465536K) Class: 63932K(68736K)->63932K(68736K)
[2025-01-09T04:37:34.683+0000][202325.049s][info][gc          ] GC(8084) Pause Young (Normal) (G1 Evacuation Pause) 9608M->2296M(12288M) 31.330ms
[2025-01-09T04:37:34.683+0000][202325.049s][info][gc,cpu      ] GC(8084) User=0.18s Sys=0.01s Real=0.03s
[2025-01-09T04:37:44.767+0000][202335.133s][info][gc,start    ] GC(8085) Pause Young (Concurrent Start) (G1 Evacuation Pause)
[2025-01-09T04:37:44.767+0000][202335.133s][info][gc,task     ] GC(8085) Using 6 workers of 6 for evacuation
[2025-01-09T04:37:44.800+0000][202335.166s][info][gc,phases   ] GC(8085)   Pre Evacuate Collection Set: 1.1ms
[2025-01-09T04:37:44.800+0000][202335.166s][info][gc,phases   ] GC(8085)   Merge Heap Roots: 0.5ms
[2025-01-09T04:37:44.800+0000][202335.166s][info][gc,phases   ] GC(8085)   Evacuate Collection Set: 28.0ms
[2025-01-09T04:37:44.800+0000][202335.166s][info][gc,phases   ] GC(8085)   Post Evacuate Collection Set: 2.6ms
[2025-01-09T04:37:44.800+0000][202335.166s][info][gc,phases   ] GC(8085)   Other: 0.3ms
[2025-01-09T04:37:44.800+0000][202335.166s][info][gc,heap     ] GC(8085) Eden regions: 914->0(913)
[2025-01-09T04:37:44.800+0000][202335.166s][info][gc,heap     ] GC(8085) Survivor regions: 7->8(116)
[2025-01-09T04:37:44.800+0000][202335.166s][info][gc,heap     ] GC(8085) Old regions: 231->231
[2025-01-09T04:37:44.800+0000][202335.166s][info][gc,heap     ] GC(8085) Archive regions: 2->2
[2025-01-09T04:37:44.800+0000][202335.166s][info][gc,heap     ] GC(8085) Humongous regions: 49->49
[2025-01-09T04:37:44.800+0000][202335.166s][info][gc,metaspace] GC(8085) Metaspace: 524780K(534272K)->524780K(534272K) NonClass: 460848K(465536K)->460848K(465536K) Class: 63932K(68736K)->63932K(68736K)
[2025-01-09T04:37:44.800+0000][202335.166s][info][gc          ] GC(8085) Pause Young (Concurrent Start) (G1 Evacuation Pause) 9608M->2298M(12288M) 32.620ms
[2025-01-09T04:37:44.800+0000][202335.166s][info][gc,cpu      ] GC(8085) User=0.19s Sys=0.00s Real=0.03s
[2025-01-09T04:37:44.800+0000][202335.166s][info][gc          ] GC(8086) Concurrent Mark Cycle
[2025-01-09T04:37:44.800+0000][202335.166s][info][gc,marking  ] GC(8086) Concurrent Clear Claimed Marks
[2025-01-09T04:37:44.801+0000][202335.167s][info][gc,marking  ] GC(8086) Concurrent Clear Claimed Marks 0.996ms
[2025-01-09T04:37:44.801+0000][202335.167s][info][gc,marking  ] GC(8086) Concurrent Scan Root Regions
[2025-01-09T04:37:44.823+0000][202335.189s][info][gc,marking  ] GC(8086) Concurrent Scan Root Regions 21.508ms
[2025-01-09T04:37:44.823+0000][202335.189s][info][gc,marking  ] GC(8086) Concurrent Mark
[2025-01-09T04:37:44.823+0000][202335.189s][info][gc,marking  ] GC(8086) Concurrent Mark From Roots
[2025-01-09T04:37:44.823+0000][202335.189s][info][gc,task     ] GC(8086) Using 2 workers of 2 for marking
[2025-01-09T04:37:45.694+0000][202336.060s][info][gc,marking  ] GC(8086) Concurrent Mark From Roots 871.086ms
[2025-01-09T04:37:45.694+0000][202336.060s][info][gc,marking  ] GC(8086) Concurrent Preclean
[2025-01-09T04:37:45.697+0000][202336.063s][info][gc,marking  ] GC(8086) Concurrent Preclean 2.830ms
[2025-01-09T04:37:45.697+0000][202336.063s][info][gc,start    ] GC(8086) Pause Remark
[2025-01-09T04:37:45.722+0000][202336.088s][info][gc          ] GC(8086) Pause Remark 3394M->3394M(12288M) 25.536ms
[2025-01-09T04:37:45.722+0000][202336.088s][info][gc,cpu      ] GC(8086) User=0.15s Sys=0.00s Real=0.03s
[2025-01-09T04:37:45.722+0000][202336.089s][info][gc,marking  ] GC(8086) Concurrent Mark 899.858ms
[2025-01-09T04:37:45.722+0000][202336.089s][info][gc,marking  ] GC(8086) Concurrent Rebuild Remembered Sets
[2025-01-09T04:37:46.291+0000][202336.657s][info][gc,marking  ] GC(8086) Concurrent Rebuild Remembered Sets 568.224ms
[2025-01-09T04:37:46.291+0000][202336.657s][info][gc,start    ] GC(8086) Pause Cleanup
[2025-01-09T04:37:46.291+0000][202336.657s][info][gc          ] GC(8086) Pause Cleanup 4238M->4238M(12288M) 0.398ms
[2025-01-09T04:37:46.291+0000][202336.657s][info][gc,cpu      ] GC(8086) User=0.00s Sys=0.00s Real=0.00s
[2025-01-09T04:37:46.291+0000][202336.657s][info][gc,marking  ] GC(8086) Concurrent Cleanup for Next Mark
[2025-01-09T04:37:46.319+0000][202336.686s][info][gc,marking  ] GC(8086) Concurrent Cleanup for Next Mark 28.142ms
[2025-01-09T04:37:46.320+0000][202336.686s][info][gc          ] GC(8086) Concurrent Mark Cycle 1519.495ms
[2025-01-09T04:37:52.568+0000][202342.934s][info][gc,start    ] GC(8087) Pause Young (Prepare Mixed) (G1 Evacuation Pause)
[2025-01-09T04:37:52.568+0000][202342.934s][info][gc,task     ] GC(8087) Using 6 workers of 6 for evacuation
[2025-01-09T04:37:52.603+0000][202342.969s][info][gc,phases   ] GC(8087)   Pre Evacuate Collection Set: 0.2ms
[2025-01-09T04:37:52.603+0000][202342.969s][info][gc,phases   ] GC(8087)   Merge Heap Roots: 0.7ms
[2025-01-09T04:37:52.603+0000][202342.969s][info][gc,phases   ] GC(8087)   Evacuate Collection Set: 31.1ms
[2025-01-09T04:37:52.603+0000][202342.969s][info][gc,phases   ] GC(8087)   Post Evacuate Collection Set: 2.8ms
[2025-01-09T04:37:52.603+0000][202342.969s][info][gc,phases   ] GC(8087)   Other: 0.2ms
[2025-01-09T04:37:52.603+0000][202342.969s][info][gc,heap     ] GC(8087) Eden regions: 913->0(67)
[2025-01-09T04:37:52.603+0000][202342.969s][info][gc,heap     ] GC(8087) Survivor regions: 8->9(116)
[2025-01-09T04:37:52.603+0000][202342.969s][info][gc,heap     ] GC(8087) Old regions: 231->231
[2025-01-09T04:37:52.603+0000][202342.969s][info][gc,heap     ] GC(8087) Archive regions: 2->2
[2025-01-09T04:37:52.603+0000][202342.969s][info][gc,heap     ] GC(8087) Humongous regions: 49->49
[2025-01-09T04:37:52.603+0000][202342.969s][info][gc,metaspace] GC(8087) Metaspace: 524780K(534272K)->524780K(534272K) NonClass: 460848K(465536K)->460848K(465536K) Class: 63932K(68736K)->63932K(68736K)
[2025-01-09T04:37:52.603+0000][202342.969s][info][gc          ] GC(8087) Pause Young (Prepare Mixed) (G1 Evacuation Pause) 9602M->2307M(12288M) 35.070ms
[2025-01-09T04:37:52.603+0000][202342.969s][info][gc,cpu      ] GC(8087) User=0.20s Sys=0.00s Real=0.04s
[2025-01-09T04:37:52.980+0000][202343.346s][info][gc,start    ] GC(8088) Pause Young (Mixed) (G1 Evacuation Pause)
[2025-01-09T04:37:52.980+0000][202343.346s][info][gc,task     ] GC(8088) Using 6 workers of 6 for evacuation
[2025-01-09T04:37:53.039+0000][202343.405s][info][gc,phases   ] GC(8088)   Pre Evacuate Collection Set: 0.2ms
[2025-01-09T04:37:53.039+0000][202343.405s][info][gc,phases   ] GC(8088)   Merge Heap Roots: 0.6ms
[2025-01-09T04:37:53.039+0000][202343.405s][info][gc,phases   ] GC(8088)   Evacuate Collection Set: 56.1ms
[2025-01-09T04:37:53.039+0000][202343.405s][info][gc,phases   ] GC(8088)   Post Evacuate Collection Set: 1.9ms
[2025-01-09T04:37:53.039+0000][202343.405s][info][gc,phases   ] GC(8088)   Other: 0.2ms
[2025-01-09T04:37:53.039+0000][202343.405s][info][gc,heap     ] GC(8088) Eden regions: 67->0(915)
[2025-01-09T04:37:53.039+0000][202343.405s][info][gc,heap     ] GC(8088) Survivor regions: 9->6(10)
[2025-01-09T04:37:53.039+0000][202343.405s][info][gc,heap     ] GC(8088) Old regions: 231->229
[2025-01-09T04:37:53.039+0000][202343.405s][info][gc,heap     ] GC(8088) Archive regions: 2->2
[2025-01-09T04:37:53.039+0000][202343.405s][info][gc,heap     ] GC(8088) Humongous regions: 49->49
[2025-01-09T04:37:53.039+0000][202343.405s][info][gc,metaspace] GC(8088) Metaspace: 524780K(534272K)->524780K(534272K) NonClass: 460848K(465536K)->460848K(465536K) Class: 63932K(68736K)->63932K(68736K)
[2025-01-09T04:37:53.039+0000][202343.405s][info][gc          ] GC(8088) Pause Young (Mixed) (G1 Evacuation Pause) 2843M->2274M(12288M) 59.067ms
[2025-01-09T04:37:53.039+0000][202343.405s][info][gc,cpu      ] GC(8088) User=0.34s Sys=0.00s Real=0.06s
[2025-01-09T04:38:02.931+0000][202353.297s][info][gc,start    ] GC(8089) Pause Young (Normal) (GCLocker Initiated GC)
[2025-01-09T04:38:02.931+0000][202353.297s][info][gc,task     ] GC(8089) Using 6 workers of 6 for evacuation
[2025-01-09T04:38:02.962+0000][202353.328s][info][gc,phases   ] GC(8089)   Pre Evacuate Collection Set: 0.2ms
[2025-01-09T04:38:02.962+0000][202353.328s][info][gc,phases   ] GC(8089)   Merge Heap Roots: 0.5ms
[2025-01-09T04:38:02.962+0000][202353.328s][info][gc,phases   ] GC(8089)   Evacuate Collection Set: 27.2ms
[2025-01-09T04:38:02.962+0000][202353.328s][info][gc,phases   ] GC(8089)   Post Evacuate Collection Set: 2.7ms
[2025-01-09T04:38:02.962+0000][202353.328s][info][gc,phases   ] GC(8089)   Other: 0.2ms
[2025-01-09T04:38:02.962+0000][202353.328s][info][gc,heap     ] GC(8089) Eden regions: 916->0(914)
[2025-01-09T04:38:02.962+0000][202353.328s][info][gc,heap     ] GC(8089) Survivor regions: 6->7(116)
[2025-01-09T04:38:02.962+0000][202353.328s][info][gc,heap     ] GC(8089) Old regions: 229->229
[2025-01-09T04:38:02.962+0000][202353.328s][info][gc,heap     ] GC(8089) Archive regions: 2->2
[2025-01-09T04:38:02.962+0000][202353.328s][info][gc,heap     ] GC(8089) Humongous regions: 49->49
[2025-01-09T04:38:02.962+0000][202353.328s][info][gc,metaspace] GC(8089) Metaspace: 524780K(534272K)->524780K(534272K) NonClass: 460848K(465536K)->460848K(465536K) Class: 63932K(68736K)->63932K(68736K)
[2025-01-09T04:38:02.962+0000][202353.328s][info][gc          ] GC(8089) Pause Young (Normal) (GCLocker Initiated GC) 9598M->2282M(12288M) 30.906ms
[2025-01-09T04:38:02.962+0000][202353.328s][info][gc,cpu      ] GC(8089) User=0.18s Sys=0.00s Real=0.03s
[2025-01-09T04:38:10.177+0000][202360.543s][info][gc,start    ] GC(8090) Pause Young (Normal) (G1 Evacuation Pause)
[2025-01-09T04:38:10.177+0000][202360.543s][info][gc,task     ] GC(8090) Using 6 workers of 6 for evacuation
[2025-01-09T04:38:10.209+0000][202360.576s][info][gc,phases   ] GC(8090)   Pre Evacuate Collection Set: 0.2ms
[2025-01-09T04:38:10.209+0000][202360.576s][info][gc,phases   ] GC(8090)   Merge Heap Roots: 0.4ms
[2025-01-09T04:38:10.209+0000][202360.576s][info][gc,phases   ] GC(8090)   Evacuate Collection Set: 26.9ms
[2025-01-09T04:38:10.209+0000][202360.576s][info][gc,phases   ] GC(8090)   Post Evacuate Collection Set: 5.2ms
[2025-01-09T04:38:10.209+0000][202360.576s][info][gc,phases   ] GC(8090)   Other: 0.2ms
[2025-01-09T04:38:10.210+0000][202360.576s][info][gc,heap     ] GC(8090) Eden regions: 914->0(912)
[2025-01-09T04:38:10.210+0000][202360.576s][info][gc,heap     ] GC(8090) Survivor regions: 7->9(116)
[2025-01-09T04:38:10.210+0000][202360.576s][info][gc,heap     ] GC(8090) Old regions: 229->229
[2025-01-09T04:38:10.210+0000][202360.576s][info][gc,heap     ] GC(8090) Archive regions: 2->2
[2025-01-09T04:38:10.210+0000][202360.576s][info][gc,heap     ] GC(8090) Humongous regions: 49->49
[2025-01-09T04:38:10.210+0000][202360.576s][info][gc,metaspace] GC(8090) Metaspace: 524780K(534272K)->524780K(534272K) NonClass: 460848K(465536K)->460848K(465536K) Class: 63932K(68736K)->63932K(68736K)
[2025-01-09T04:38:10.210+0000][202360.576s][info][gc          ] GC(8090) Pause Young (Normal) (G1 Evacuation Pause) 9594M->2298M(12288M) 33.042ms
[2025-01-09T04:38:10.210+0000][202360.576s][info][gc,cpu      ] GC(8090) User=0.19s Sys=0.00s Real=0.04s
[2025-01-09T04:38:15.097+0000][202365.463s][info][gc,start    ] GC(8091) Pause Young (Concurrent Start) (G1 Evacuation Pause)
[2025-01-09T04:38:15.097+0000][202365.463s][info][gc,task     ] GC(8091) Using 6 workers of 6 for evacuation
[2025-01-09T04:38:15.131+0000][202365.497s][info][gc,phases   ] GC(8091)   Pre Evacuate Collection Set: 1.1ms
[2025-01-09T04:38:15.131+0000][202365.497s][info][gc,phases   ] GC(8091)   Merge Heap Roots: 0.5ms
[2025-01-09T04:38:15.131+0000][202365.497s][info][gc,phases   ] GC(8091)   Evacuate Collection Set: 29.5ms
[2025-01-09T04:38:15.131+0000][202365.497s][info][gc,phases   ] GC(8091)   Post Evacuate Collection Set: 2.5ms
[2025-01-09T04:38:15.131+0000][202365.497s][info][gc,phases   ] GC(8091)   Other: 0.3ms
[2025-01-09T04:38:15.131+0000][202365.497s][info][gc,heap     ] GC(8091) Eden regions: 912->0(912)
[2025-01-09T04:38:15.131+0000][202365.497s][info][gc,heap     ] GC(8091) Survivor regions: 9->9(116)
[2025-01-09T04:38:15.131+0000][202365.497s][info][gc,heap     ] GC(8091) Old regions: 229->229
[2025-01-09T04:38:15.131+0000][202365.497s][info][gc,heap     ] GC(8091) Archive regions: 2->2
[2025-01-09T04:38:15.131+0000][202365.497s][info][gc,heap     ] GC(8091) Humongous regions: 49->49
[2025-01-09T04:38:15.131+0000][202365.497s][info][gc,metaspace] GC(8091) Metaspace: 524780K(534272K)->524780K(534272K) NonClass: 460848K(465536K)->460848K(465536K) Class: 63932K(68736K)->63932K(68736K)
[2025-01-09T04:38:15.131+0000][202365.497s][info][gc          ] GC(8091) Pause Young (Concurrent Start) (G1 Evacuation Pause) 9594M->2295M(12288M) 34.042ms
[2025-01-09T04:38:15.131+0000][202365.497s][info][gc,cpu      ] GC(8091) User=0.19s Sys=0.00s Real=0.04s
[2025-01-09T04:38:15.131+0000][202365.497s][info][gc          ] GC(8092) Concurrent Mark Cycle
[2025-01-09T04:38:15.131+0000][202365.497s][info][gc,marking  ] GC(8092) Concurrent Clear Claimed Marks
[2025-01-09T04:38:15.132+0000][202365.498s][info][gc,marking  ] GC(8092) Concurrent Clear Claimed Marks 0.937ms
[2025-01-09T04:38:15.132+0000][202365.498s][info][gc,marking  ] GC(8092) Concurrent Scan Root Regions
[2025-01-09T04:38:15.160+0000][202365.526s][info][gc,marking  ] GC(8092) Concurrent Scan Root Regions 28.288ms
[2025-01-09T04:38:15.160+0000][202365.526s][info][gc,marking  ] GC(8092) Concurrent Mark
[2025-01-09T04:38:15.160+0000][202365.526s][info][gc,marking  ] GC(8092) Concurrent Mark From Roots
[2025-01-09T04:38:15.160+0000][202365.526s][info][gc,task     ] GC(8092) Using 2 workers of 2 for marking
[2025-01-09T04:38:15.929+0000][202366.295s][info][gc,marking  ] GC(8092) Concurrent Mark From Roots 768.914ms
[2025-01-09T04:38:15.929+0000][202366.295s][info][gc,marking  ] GC(8092) Concurrent Preclean
[2025-01-09T04:38:15.932+0000][202366.298s][info][gc,marking  ] GC(8092) Concurrent Preclean 2.815ms
[2025-01-09T04:38:15.932+0000][202366.298s][info][gc,start    ] GC(8092) Pause Remark
[2025-01-09T04:38:15.958+0000][202366.324s][info][gc          ] GC(8092) Pause Remark 2515M->2515M(12288M) 25.497ms
[2025-01-09T04:38:15.958+0000][202366.324s][info][gc,cpu      ] GC(8092) User=0.15s Sys=0.01s Real=0.02s
[2025-01-09T04:38:15.958+0000][202366.324s][info][gc,marking  ] GC(8092) Concurrent Mark 797.557ms
[2025-01-09T04:38:15.958+0000][202366.324s][info][gc,marking  ] GC(8092) Concurrent Rebuild Remembered Sets
[2025-01-09T04:38:16.459+0000][202366.825s][info][gc,marking  ] GC(8092) Concurrent Rebuild Remembered Sets 501.494ms
[2025-01-09T04:38:16.459+0000][202366.825s][info][gc,start    ] GC(8092) Pause Cleanup
[2025-01-09T04:38:16.460+0000][202366.826s][info][gc          ] GC(8092) Pause Cleanup 2583M->2583M(12288M) 0.422ms
[2025-01-09T04:38:16.460+0000][202366.826s][info][gc,cpu      ] GC(8092) User=0.00s Sys=0.00s Real=0.00s
[2025-01-09T04:38:16.460+0000][202366.826s][info][gc,marking  ] GC(8092) Concurrent Cleanup for Next Mark
[2025-01-09T04:38:16.475+0000][202366.841s][info][gc,marking  ] GC(8092) Concurrent Cleanup for Next Mark 15.453ms
[2025-01-09T04:38:16.475+0000][202366.841s][info][gc          ] GC(8092) Concurrent Mark Cycle 1344.578ms
[2025-01-09T04:38:23.757+0000][202374.123s][info][gc,start    ] GC(8093) Pause Young (Prepare Mixed) (G1 Evacuation Pause)
[2025-01-09T04:38:23.757+0000][202374.123s][info][gc,task     ] GC(8093) Using 6 workers of 6 for evacuation
[2025-01-09T04:38:23.796+0000][202374.163s][info][gc,phases   ] GC(8093)   Pre Evacuate Collection Set: 0.2ms
[2025-01-09T04:38:23.797+0000][202374.163s][info][gc,phases   ] GC(8093)   Merge Heap Roots: 0.7ms
[2025-01-09T04:38:23.797+0000][202374.163s][info][gc,phases   ] GC(8093)   Evacuate Collection Set: 34.7ms
[2025-01-09T04:38:23.797+0000][202374.163s][info][gc,phases   ] GC(8093)   Post Evacuate Collection Set: 4.0ms
[2025-01-09T04:38:23.797+0000][202374.163s][info][gc,phases   ] GC(8093)   Other: 0.2ms
[2025-01-09T04:38:23.797+0000][202374.163s][info][gc,heap     ] GC(8093) Eden regions: 912->0(65)
[2025-01-09T04:38:23.797+0000][202374.163s][info][gc,heap     ] GC(8093) Survivor regions: 9->11(116)
[2025-01-09T04:38:23.797+0000][202374.163s][info][gc,heap     ] GC(8093) Old regions: 229->229
[2025-01-09T04:38:23.797+0000][202374.163s][info][gc,heap     ] GC(8093) Archive regions: 2->2
[2025-01-09T04:38:23.797+0000][202374.163s][info][gc,heap     ] GC(8093) Humongous regions: 49->49
[2025-01-09T04:38:23.797+0000][202374.163s][info][gc,metaspace] GC(8093) Metaspace: 524780K(534272K)->524780K(534272K) NonClass: 460848K(465536K)->460848K(465536K) Class: 63932K(68736K)->63932K(68736K)
[2025-01-09T04:38:23.797+0000][202374.163s][info][gc          ] GC(8093) Pause Young (Prepare Mixed) (G1 Evacuation Pause) 9591M->2311M(12288M) 39.897ms
[2025-01-09T04:38:23.797+0000][202374.163s][info][gc,cpu      ] GC(8093) User=0.23s Sys=0.00s Real=0.04s
[2025-01-09T04:38:24.103+0000][202374.470s][info][gc,start    ] GC(8094) Pause Young (Mixed) (G1 Evacuation Pause)
[2025-01-09T04:38:24.103+0000][202374.470s][info][gc,task     ] GC(8094) Using 6 workers of 6 for evacuation
[2025-01-09T04:38:24.171+0000][202374.537s][info][gc,phases   ] GC(8094)   Pre Evacuate Collection Set: 0.2ms
[2025-01-09T04:38:24.171+0000][202374.537s][info][gc,phases   ] GC(8094)   Merge Heap Roots: 0.6ms
[2025-01-09T04:38:24.171+0000][202374.537s][info][gc,phases   ] GC(8094)   Evacuate Collection Set: 64.7ms
[2025-01-09T04:38:24.171+0000][202374.537s][info][gc,phases   ] GC(8094)   Post Evacuate Collection Set: 1.7ms
[2025-01-09T04:38:24.171+0000][202374.537s][info][gc,phases   ] GC(8094)   Other: 0.2ms
[2025-01-09T04:38:24.171+0000][202374.537s][info][gc,heap     ] GC(8094) Eden regions: 65->0(915)
[2025-01-09T04:38:24.171+0000][202374.537s][info][gc,heap     ] GC(8094) Survivor regions: 11->6(10)
[2025-01-09T04:38:24.171+0000][202374.537s][info][gc,heap     ] GC(8094) Old regions: 229->229
[2025-01-09T04:38:24.171+0000][202374.537s][info][gc,heap     ] GC(8094) Archive regions: 2->2
[2025-01-09T04:38:24.171+0000][202374.537s][info][gc,heap     ] GC(8094) Humongous regions: 49->49
[2025-01-09T04:38:24.171+0000][202374.537s][info][gc,metaspace] GC(8094) Metaspace: 524780K(534272K)->524780K(534272K) NonClass: 460848K(465536K)->460848K(465536K) Class: 63932K(68736K)->63932K(68736K)
[2025-01-09T04:38:24.171+0000][202374.537s][info][gc          ] GC(8094) Pause Young (Mixed) (G1 Evacuation Pause) 2831M->2272M(12288M) 67.497ms
[2025-01-09T04:38:24.171+0000][202374.537s][info][gc,cpu      ] GC(8094) User=0.40s Sys=0.00s Real=0.07s
[2025-01-09T04:38:29.419+0000][202379.785s][info][gc,start    ] GC(8095) Pause Young (Normal) (G1 Evacuation Pause)
[2025-01-09T04:38:29.419+0000][202379.785s][info][gc,task     ] GC(8095) Using 6 workers of 6 for evacuation
[2025-01-09T04:38:29.445+0000][202379.811s][info][gc,phases   ] GC(8095)   Pre Evacuate Collection Set: 0.2ms
[2025-01-09T04:38:29.445+0000][202379.811s][info][gc,phases   ] GC(8095)   Merge Heap Roots: 0.4ms
[2025-01-09T04:38:29.445+0000][202379.811s][info][gc,phases   ] GC(8095)   Evacuate Collection Set: 22.1ms
[2025-01-09T04:38:29.445+0000][202379.811s][info][gc,phases   ] GC(8095)   Post Evacuate Collection Set: 2.8ms
[2025-01-09T04:38:29.445+0000][202379.811s][info][gc,phases   ] GC(8095)   Other: 0.2ms
[2025-01-09T04:38:29.445+0000][202379.811s][info][gc,heap     ] GC(8095) Eden regions: 915->0(915)
[2025-01-09T04:38:29.445+0000][202379.811s][info][gc,heap     ] GC(8095) Survivor regions: 6->6(116)
[2025-01-09T04:38:29.445+0000][202379.811s][info][gc,heap     ] GC(8095) Old regions: 229->229
[2025-01-09T04:38:29.445+0000][202379.811s][info][gc,heap     ] GC(8095) Archive regions: 2->2
[2025-01-09T04:38:29.445+0000][202379.811s][info][gc,heap     ] GC(8095) Humongous regions: 49->49
[2025-01-09T04:38:29.445+0000][202379.811s][info][gc,metaspace] GC(8095) Metaspace: 524780K(534272K)->524780K(534272K) NonClass: 460848K(465536K)->460848K(465536K) Class: 63932K(68736K)->63932K(68736K)
[2025-01-09T04:38:29.445+0000][202379.811s][info][gc          ] GC(8095) Pause Young (Normal) (G1 Evacuation Pause) 9592M->2269M(12288M) 25.835ms
[2025-01-09T04:38:29.445+0000][202379.811s][info][gc,cpu      ] GC(8095) User=0.15s Sys=0.00s Real=0.03s
[2025-01-09T04:38:41.697+0000][202392.063s][info][gc,start    ] GC(8096) Pause Young (Normal) (G1 Evacuation Pause)
[2025-01-09T04:38:41.697+0000][202392.063s][info][gc,task     ] GC(8096) Using 6 workers of 6 for evacuation
[2025-01-09T04:38:41.729+0000][202392.095s][info][gc,phases   ] GC(8096)   Pre Evacuate Collection Set: 0.2ms
[2025-01-09T04:38:41.729+0000][202392.095s][info][gc,phases   ] GC(8096)   Merge Heap Roots: 0.4ms
[2025-01-09T04:38:41.729+0000][202392.095s][info][gc,phases   ] GC(8096)   Evacuate Collection Set: 28.0ms
[2025-01-09T04:38:41.729+0000][202392.095s][info][gc,phases   ] GC(8096)   Post Evacuate Collection Set: 2.8ms
[2025-01-09T04:38:41.729+0000][202392.095s][info][gc,phases   ] GC(8096)   Other: 0.2ms
[2025-01-09T04:38:41.729+0000][202392.095s][info][gc,heap     ] GC(8096) Eden regions: 915->0(913)
[2025-01-09T04:38:41.729+0000][202392.095s][info][gc,heap     ] GC(8096) Survivor regions: 6->8(116)
[2025-01-09T04:38:41.729+0000][202392.095s][info][gc,heap     ] GC(8096) Old regions: 229->229
[2025-01-09T04:38:41.729+0000][202392.095s][info][gc,heap     ] GC(8096) Archive regions: 2->2
[2025-01-09T04:38:41.729+0000][202392.095s][info][gc,heap     ] GC(8096) Humongous regions: 49->49
[2025-01-09T04:38:41.729+0000][202392.095s][info][gc,metaspace] GC(8096) Metaspace: 524780K(534272K)->524780K(534272K) NonClass: 460848K(465536K)->460848K(465536K) Class: 63932K(68736K)->63932K(68736K)
[2025-01-09T04:38:41.729+0000][202392.095s][info][gc          ] GC(8096) Pause Young (Normal) (G1 Evacuation Pause) 9589M->2281M(12288M) 31.733ms
[2025-01-09T04:38:41.729+0000][202392.095s][info][gc,cpu      ] GC(8096) User=0.18s Sys=0.00s Real=0.03s
[2025-01-09T04:38:49.675+0000][202400.041s][info][gc,start    ] GC(8097) Pause Young (Concurrent Start) (G1 Evacuation Pause)
[2025-01-09T04:38:49.675+0000][202400.042s][info][gc,task     ] GC(8097) Using 6 workers of 6 for evacuation
[2025-01-09T04:38:49.710+0000][202400.076s][info][gc,phases   ] GC(8097)   Pre Evacuate Collection Set: 1.1ms
[2025-01-09T04:38:49.710+0000][202400.076s][info][gc,phases   ] GC(8097)   Merge Heap Roots: 0.4ms
[2025-01-09T04:38:49.710+0000][202400.076s][info][gc,phases   ] GC(8097)   Evacuate Collection Set: 30.3ms
[2025-01-09T04:38:49.710+0000][202400.076s][info][gc,phases   ] GC(8097)   Post Evacuate Collection Set: 2.6ms
[2025-01-09T04:38:49.710+0000][202400.076s][info][gc,phases   ] GC(8097)   Other: 0.3ms
[2025-01-09T04:38:49.710+0000][202400.076s][info][gc,heap     ] GC(8097) Eden regions: 913->0(912)
[2025-01-09T04:38:49.710+0000][202400.076s][info][gc,heap     ] GC(8097) Survivor regions: 8->9(116)
[2025-01-09T04:38:49.710+0000][202400.076s][info][gc,heap     ] GC(8097) Old regions: 229->229
[2025-01-09T04:38:49.710+0000][202400.076s][info][gc,heap     ] GC(8097) Archive regions: 2->2
[2025-01-09T04:38:49.710+0000][202400.076s][info][gc,heap     ] GC(8097) Humongous regions: 49->49
[2025-01-09T04:38:49.710+0000][202400.076s][info][gc,metaspace] GC(8097) Metaspace: 524780K(534272K)->524780K(534272K) NonClass: 460848K(465536K)->460848K(465536K) Class: 63932K(68736K)->63932K(68736K)
[2025-01-09T04:38:49.710+0000][202400.076s][info][gc          ] GC(8097) Pause Young (Concurrent Start) (G1 Evacuation Pause) 9585M->2290M(12288M) 34.853ms
[2025-01-09T04:38:49.710+0000][202400.076s][info][gc,cpu      ] GC(8097) User=0.20s Sys=0.00s Real=0.04s
[2025-01-09T04:38:49.710+0000][202400.076s][info][gc          ] GC(8098) Concurrent Mark Cycle
[2025-01-09T04:38:49.710+0000][202400.076s][info][gc,marking  ] GC(8098) Concurrent Clear Claimed Marks
[2025-01-09T04:38:49.711+0000][202400.077s][info][gc,marking  ] GC(8098) Concurrent Clear Claimed Marks 0.946ms
[2025-01-09T04:38:49.711+0000][202400.077s][info][gc,marking  ] GC(8098) Concurrent Scan Root Regions
[2025-01-09T04:38:49.741+0000][202400.107s][info][gc,marking  ] GC(8098) Concurrent Scan Root Regions 29.594ms
[2025-01-09T04:38:49.741+0000][202400.107s][info][gc,marking  ] GC(8098) Concurrent Mark
[2025-01-09T04:38:49.741+0000][202400.107s][info][gc,marking  ] GC(8098) Concurrent Mark From Roots
[2025-01-09T04:38:49.741+0000][202400.107s][info][gc,task     ] GC(8098) Using 2 workers of 2 for marking
[2025-01-09T04:38:50.741+0000][202401.107s][info][gc,marking  ] GC(8098) Concurrent Mark From Roots 999.635ms
[2025-01-09T04:38:50.741+0000][202401.107s][info][gc,marking  ] GC(8098) Concurrent Preclean
[2025-01-09T04:38:50.744+0000][202401.111s][info][gc,marking  ] GC(8098) Concurrent Preclean 3.853ms
[2025-01-09T04:38:50.745+0000][202401.111s][info][gc,start    ] GC(8098) Pause Remark
[2025-01-09T04:38:50.771+0000][202401.137s][info][gc          ] GC(8098) Pause Remark 3934M->3934M(12288M) 25.786ms
[2025-01-09T04:38:50.771+0000][202401.137s][info][gc,cpu      ] GC(8098) User=0.14s Sys=0.00s Real=0.03s
[2025-01-09T04:38:50.771+0000][202401.137s][info][gc,marking  ] GC(8098) Concurrent Mark 1030.116ms
[2025-01-09T04:38:50.771+0000][202401.137s][info][gc,marking  ] GC(8098) Concurrent Rebuild Remembered Sets
[2025-01-09T04:38:51.490+0000][202401.856s][info][gc,marking  ] GC(8098) Concurrent Rebuild Remembered Sets 719.100ms
[2025-01-09T04:38:51.490+0000][202401.857s][info][gc,start    ] GC(8098) Pause Cleanup
[2025-01-09T04:38:51.491+0000][202401.857s][info][gc          ] GC(8098) Pause Cleanup 5158M->5158M(12288M) 0.394ms
[2025-01-09T04:38:51.491+0000][202401.857s][info][gc,cpu      ] GC(8098) User=0.00s Sys=0.00s Real=0.00s
[2025-01-09T04:38:51.491+0000][202401.857s][info][gc,marking  ] GC(8098) Concurrent Cleanup for Next Mark
[2025-01-09T04:38:51.507+0000][202401.873s][info][gc,marking  ] GC(8098) Concurrent Cleanup for Next Mark 16.085ms
[2025-01-09T04:38:51.507+0000][202401.873s][info][gc          ] GC(8098) Concurrent Mark Cycle 1796.729ms
[2025-01-09T04:38:54.475+0000][202404.841s][info][gc,start    ] GC(8099) Pause Young (Prepare Mixed) (G1 Evacuation Pause)
[2025-01-09T04:38:54.475+0000][202404.841s][info][gc,task     ] GC(8099) Using 6 workers of 6 for evacuation
[2025-01-09T04:38:54.511+0000][202404.877s][info][gc,phases   ] GC(8099)   Pre Evacuate Collection Set: 0.2ms
[2025-01-09T04:38:54.511+0000][202404.877s][info][gc,phases   ] GC(8099)   Merge Heap Roots: 0.7ms
[2025-01-09T04:38:54.511+0000][202404.877s][info][gc,phases   ] GC(8099)   Evacuate Collection Set: 32.4ms
[2025-01-09T04:38:54.511+0000][202404.877s][info][gc,phases   ] GC(8099)   Post Evacuate Collection Set: 2.6ms
[2025-01-09T04:38:54.511+0000][202404.877s][info][gc,phases   ] GC(8099)   Other: 0.2ms
[2025-01-09T04:38:54.511+0000][202404.877s][info][gc,heap     ] GC(8099) Eden regions: 912->0(67)
[2025-01-09T04:38:54.511+0000][202404.877s][info][gc,heap     ] GC(8099) Survivor regions: 9->9(116)
[2025-01-09T04:38:54.511+0000][202404.877s][info][gc,heap     ] GC(8099) Old regions: 229->229
[2025-01-09T04:38:54.511+0000][202404.877s][info][gc,heap     ] GC(8099) Archive regions: 2->2
[2025-01-09T04:38:54.511+0000][202404.877s][info][gc,heap     ] GC(8099) Humongous regions: 49->49
[2025-01-09T04:38:54.511+0000][202404.877s][info][gc,metaspace] GC(8099) Metaspace: 524780K(534272K)->524780K(534272K) NonClass: 460848K(465536K)->460848K(465536K) Class: 63932K(68736K)->63932K(68736K)
[2025-01-09T04:38:54.511+0000][202404.877s][info][gc          ] GC(8099) Pause Young (Prepare Mixed) (G1 Evacuation Pause) 9586M->2294M(12288M) 36.222ms
[2025-01-09T04:38:54.511+0000][202404.877s][info][gc,cpu      ] GC(8099) User=0.22s Sys=0.00s Real=0.04s
[2025-01-09T04:38:55.157+0000][202405.524s][info][gc,start    ] GC(8100) Pause Young (Mixed) (G1 Evacuation Pause)
[2025-01-09T04:38:55.157+0000][202405.524s][info][gc,task     ] GC(8100) Using 6 workers of 6 for evacuation
[2025-01-09T04:38:55.226+0000][202405.592s][info][gc,phases   ] GC(8100)   Pre Evacuate Collection Set: 0.2ms
[2025-01-09T04:38:55.226+0000][202405.592s][info][gc,phases   ] GC(8100)   Merge Heap Roots: 0.8ms
[2025-01-09T04:38:55.226+0000][202405.592s][info][gc,phases   ] GC(8100)   Evacuate Collection Set: 65.3ms
[2025-01-09T04:38:55.226+0000][202405.592s][info][gc,phases   ] GC(8100)   Post Evacuate Collection Set: 1.8ms
[2025-01-09T04:38:55.226+0000][202405.592s][info][gc,phases   ] GC(8100)   Other: 0.2ms
[2025-01-09T04:38:55.226+0000][202405.592s][info][gc,heap     ] GC(8100) Eden regions: 67->0(915)
[2025-01-09T04:38:55.226+0000][202405.592s][info][gc,heap     ] GC(8100) Survivor regions: 9->6(10)
[2025-01-09T04:38:55.226+0000][202405.592s][info][gc,heap     ] GC(8100) Old regions: 229->228
[2025-01-09T04:38:55.226+0000][202405.592s][info][gc,heap     ] GC(8100) Archive regions: 2->2
[2025-01-09T04:38:55.226+0000][202405.592s][info][gc,heap     ] GC(8100) Humongous regions: 49->49
[2025-01-09T04:38:55.226+0000][202405.592s][info][gc,metaspace] GC(8100) Metaspace: 524780K(534272K)->524780K(534272K) NonClass: 460848K(465536K)->460848K(465536K) Class: 63932K(68736K)->63932K(68736K)
[2025-01-09T04:38:55.226+0000][202405.592s][info][gc          ] GC(8100) Pause Young (Mixed) (G1 Evacuation Pause) 2830M->2263M(12288M) 68.346ms
[2025-01-09T04:38:55.226+0000][202405.592s][info][gc,cpu      ] GC(8100) User=0.39s Sys=0.00s Real=0.07s
[2025-01-09T04:38:59.676+0000][202410.042s][info][gc,start    ] GC(8101) Pause Young (Normal) (G1 Evacuation Pause)
[2025-01-09T04:38:59.676+0000][202410.042s][info][gc,task     ] GC(8101) Using 6 workers of 6 for evacuation
[2025-01-09T04:38:59.703+0000][202410.069s][info][gc,phases   ] GC(8101)   Pre Evacuate Collection Set: 0.2ms
[2025-01-09T04:38:59.703+0000][202410.069s][info][gc,phases   ] GC(8101)   Merge Heap Roots: 0.4ms
[2025-01-09T04:38:59.703+0000][202410.069s][info][gc,phases   ] GC(8101)   Evacuate Collection Set: 22.4ms
[2025-01-09T04:38:59.703+0000][202410.069s][info][gc,phases   ] GC(8101)   Post Evacuate Collection Set: 3.7ms
[2025-01-09T04:38:59.703+0000][202410.069s][info][gc,phases   ] GC(8101)   Other: 0.2ms
[2025-01-09T04:38:59.703+0000][202410.069s][info][gc,heap     ] GC(8101) Eden regions: 915->0(914)
[2025-01-09T04:38:59.703+0000][202410.069s][info][gc,heap     ] GC(8101) Survivor regions: 6->7(116)
[2025-01-09T04:38:59.703+0000][202410.069s][info][gc,heap     ] GC(8101) Old regions: 228->228
[2025-01-09T04:38:59.703+0000][202410.069s][info][gc,heap     ] GC(8101) Archive regions: 2->2
[2025-01-09T04:38:59.703+0000][202410.069s][info][gc,heap     ] GC(8101) Humongous regions: 49->49
[2025-01-09T04:38:59.703+0000][202410.069s][info][gc,metaspace] GC(8101) Metaspace: 524780K(534272K)->524780K(534272K) NonClass: 460848K(465536K)->460848K(465536K) Class: 63932K(68736K)->63932K(68736K)
[2025-01-09T04:38:59.703+0000][202410.069s][info][gc          ] GC(8101) Pause Young (Normal) (G1 Evacuation Pause) 9583M->2269M(12288M) 27.053ms
[2025-01-09T04:38:59.703+0000][202410.069s][info][gc,cpu      ] GC(8101) User=0.15s Sys=0.00s Real=0.03s
[2025-01-09T04:39:05.639+0000][202416.005s][info][gc,start    ] GC(8102) Pause Young (Normal) (G1 Evacuation Pause)
[2025-01-09T04:39:05.639+0000][202416.005s][info][gc,task     ] GC(8102) Using 6 workers of 6 for evacuation
[2025-01-09T04:39:05.668+0000][202416.034s][info][gc,phases   ] GC(8102)   Pre Evacuate Collection Set: 0.2ms
[2025-01-09T04:39:05.668+0000][202416.034s][info][gc,phases   ] GC(8102)   Merge Heap Roots: 0.4ms
[2025-01-09T04:39:05.668+0000][202416.034s][info][gc,phases   ] GC(8102)   Evacuate Collection Set: 24.4ms
[2025-01-09T04:39:05.668+0000][202416.034s][info][gc,phases   ] GC(8102)   Post Evacuate Collection Set: 3.8ms
[2025-01-09T04:39:05.668+0000][202416.034s][info][gc,phases   ] GC(8102)   Other: 0.2ms
[2025-01-09T04:39:05.668+0000][202416.034s][info][gc,heap     ] GC(8102) Eden regions: 914->0(913)
[2025-01-09T04:39:05.668+0000][202416.034s][info][gc,heap     ] GC(8102) Survivor regions: 7->8(116)
[2025-01-09T04:39:05.668+0000][202416.034s][info][gc,heap     ] GC(8102) Old regions: 228->228
[2025-01-09T04:39:05.668+0000][202416.034s][info][gc,heap     ] GC(8102) Archive regions: 2->2
[2025-01-09T04:39:05.668+0000][202416.034s][info][gc,heap     ] GC(8102) Humongous regions: 49->49
[2025-01-09T04:39:05.668+0000][202416.034s][info][gc,metaspace] GC(8102) Metaspace: 524780K(534272K)->524780K(534272K) NonClass: 460848K(465536K)->460848K(465536K) Class: 63932K(68736K)->63932K(68736K)
[2025-01-09T04:39:05.668+0000][202416.034s][info][gc          ] GC(8102) Pause Young (Normal) (G1 Evacuation Pause) 9581M->2278M(12288M) 29.214ms
[2025-01-09T04:39:05.668+0000][202416.035s][info][gc,cpu      ] GC(8102) User=0.17s Sys=0.00s Real=0.03s
[2025-01-09T04:39:11.802+0000][202422.168s][info][gc,start    ] GC(8103) Pause Young (Concurrent Start) (G1 Evacuation Pause)
[2025-01-09T04:39:11.802+0000][202422.168s][info][gc,task     ] GC(8103) Using 6 workers of 6 for evacuation
[2025-01-09T04:39:11.834+0000][202422.200s][info][gc,phases   ] GC(8103)   Pre Evacuate Collection Set: 1.1ms
[2025-01-09T04:39:11.834+0000][202422.200s][info][gc,phases   ] GC(8103)   Merge Heap Roots: 0.5ms
[2025-01-09T04:39:11.834+0000][202422.200s][info][gc,phases   ] GC(8103)   Evacuate Collection Set: 27.5ms
[2025-01-09T04:39:11.834+0000][202422.200s][info][gc,phases   ] GC(8103)   Post Evacuate Collection Set: 2.4ms
[2025-01-09T04:39:11.834+0000][202422.200s][info][gc,phases   ] GC(8103)   Other: 0.3ms
[2025-01-09T04:39:11.834+0000][202422.200s][info][gc,heap     ] GC(8103) Eden regions: 913->0(913)
[2025-01-09T04:39:11.834+0000][202422.200s][info][gc,heap     ] GC(8103) Survivor regions: 8->8(116)
[2025-01-09T04:39:11.834+0000][202422.200s][info][gc,heap     ] GC(8103) Old regions: 228->228
[2025-01-09T04:39:11.834+0000][202422.200s][info][gc,heap     ] GC(8103) Archive regions: 2->2
[2025-01-09T04:39:11.834+0000][202422.200s][info][gc,heap     ] GC(8103) Humongous regions: 49->49
[2025-01-09T04:39:11.834+0000][202422.200s][info][gc,metaspace] GC(8103) Metaspace: 524780K(534272K)->524780K(534272K) NonClass: 460848K(465536K)->460848K(465536K) Class: 63932K(68736K)->63932K(68736K)
[2025-01-09T04:39:11.834+0000][202422.200s][info][gc          ] GC(8103) Pause Young (Concurrent Start) (G1 Evacuation Pause) 9582M->2282M(12288M) 31.880ms
[2025-01-09T04:39:11.834+0000][202422.200s][info][gc,cpu      ] GC(8103) User=0.18s Sys=0.00s Real=0.03s
[2025-01-09T04:39:11.834+0000][202422.200s][info][gc          ] GC(8104) Concurrent Mark Cycle
[2025-01-09T04:39:11.834+0000][202422.200s][info][gc,marking  ] GC(8104) Concurrent Clear Claimed Marks
[2025-01-09T04:39:11.835+0000][202422.201s][info][gc,marking  ] GC(8104) Concurrent Clear Claimed Marks 0.938ms
[2025-01-09T04:39:11.835+0000][202422.201s][info][gc,marking  ] GC(8104) Concurrent Scan Root Regions
[2025-01-09T04:39:11.860+0000][202422.226s][info][gc,marking  ] GC(8104) Concurrent Scan Root Regions 25.559ms
[2025-01-09T04:39:11.860+0000][202422.226s][info][gc,marking  ] GC(8104) Concurrent Mark
[2025-01-09T04:39:11.860+0000][202422.226s][info][gc,marking  ] GC(8104) Concurrent Mark From Roots
[2025-01-09T04:39:11.860+0000][202422.226s][info][gc,task     ] GC(8104) Using 2 workers of 2 for marking
[2025-01-09T04:39:12.708+0000][202423.074s][info][gc,marking  ] GC(8104) Concurrent Mark From Roots 848.010ms
[2025-01-09T04:39:12.708+0000][202423.075s][info][gc,marking  ] GC(8104) Concurrent Preclean
[2025-01-09T04:39:12.711+0000][202423.077s][info][gc,marking  ] GC(8104) Concurrent Preclean 2.717ms
[2025-01-09T04:39:12.711+0000][202423.077s][info][gc,start    ] GC(8104) Pause Remark
[2025-01-09T04:39:12.737+0000][202423.103s][info][gc          ] GC(8104) Pause Remark 2767M->2767M(12288M) 25.337ms
[2025-01-09T04:39:12.737+0000][202423.103s][info][gc,cpu      ] GC(8104) User=0.14s Sys=0.00s Real=0.02s
[2025-01-09T04:39:12.737+0000][202423.103s][info][gc,marking  ] GC(8104) Concurrent Mark 876.386ms
[2025-01-09T04:39:12.737+0000][202423.103s][info][gc,marking  ] GC(8104) Concurrent Rebuild Remembered Sets
[2025-01-09T04:39:13.255+0000][202423.621s][info][gc,marking  ] GC(8104) Concurrent Rebuild Remembered Sets 518.180ms
[2025-01-09T04:39:13.255+0000][202423.621s][info][gc,start    ] GC(8104) Pause Cleanup
[2025-01-09T04:39:13.256+0000][202423.622s][info][gc          ] GC(8104) Pause Cleanup 2910M->2910M(12288M) 0.456ms
[2025-01-09T04:39:13.256+0000][202423.622s][info][gc,cpu      ] GC(8104) User=0.00s Sys=0.00s Real=0.00s
[2025-01-09T04:39:13.256+0000][202423.622s][info][gc,marking  ] GC(8104) Concurrent Cleanup for Next Mark
[2025-01-09T04:39:13.271+0000][202423.637s][info][gc,marking  ] GC(8104) Concurrent Cleanup for Next Mark 15.322ms
[2025-01-09T04:39:13.271+0000][202423.637s][info][gc          ] GC(8104) Concurrent Mark Cycle 1437.226ms
[2025-01-09T04:39:23.005+0000][202433.371s][info][gc,start    ] GC(8105) Pause Young (Prepare Mixed) (G1 Evacuation Pause)
[2025-01-09T04:39:23.005+0000][202433.371s][info][gc,task     ] GC(8105) Using 6 workers of 6 for evacuation
[2025-01-09T04:39:23.051+0000][202433.417s][info][gc,phases   ] GC(8105)   Pre Evacuate Collection Set: 0.2ms
[2025-01-09T04:39:23.051+0000][202433.417s][info][gc,phases   ] GC(8105)   Merge Heap Roots: 0.7ms
[2025-01-09T04:39:23.051+0000][202433.417s][info][gc,phases   ] GC(8105)   Evacuate Collection Set: 40.1ms
[2025-01-09T04:39:23.051+0000][202433.417s][info][gc,phases   ] GC(8105)   Post Evacuate Collection Set: 4.7ms
[2025-01-09T04:39:23.051+0000][202433.417s][info][gc,phases   ] GC(8105)   Other: 0.2ms
[2025-01-09T04:39:23.051+0000][202433.417s][info][gc,heap     ] GC(8105) Eden regions: 913->0(66)
[2025-01-09T04:39:23.051+0000][202433.417s][info][gc,heap     ] GC(8105) Survivor regions: 8->10(116)
[2025-01-09T04:39:23.051+0000][202433.417s][info][gc,heap     ] GC(8105) Old regions: 228->228
[2025-01-09T04:39:23.051+0000][202433.417s][info][gc,heap     ] GC(8105) Archive regions: 2->2
[2025-01-09T04:39:23.051+0000][202433.417s][info][gc,heap     ] GC(8105) Humongous regions: 49->49
[2025-01-09T04:39:23.051+0000][202433.417s][info][gc,metaspace] GC(8105) Metaspace: 524780K(534272K)->524780K(534272K) NonClass: 460848K(465536K)->460848K(465536K) Class: 63932K(68736K)->63932K(68736K)
[2025-01-09T04:39:23.051+0000][202433.417s][info][gc          ] GC(8105) Pause Young (Prepare Mixed) (G1 Evacuation Pause) 9586M->2299M(12288M) 46.023ms
[2025-01-09T04:39:23.051+0000][202433.417s][info][gc,cpu      ] GC(8105) User=0.27s Sys=0.00s Real=0.05s
[2025-01-09T04:39:23.647+0000][202434.013s][info][gc,start    ] GC(8106) Pause Young (Mixed) (G1 Evacuation Pause)
[2025-01-09T04:39:23.647+0000][202434.013s][info][gc,task     ] GC(8106) Using 6 workers of 6 for evacuation
[2025-01-09T04:39:23.691+0000][202434.057s][info][gc,phases   ] GC(8106)   Pre Evacuate Collection Set: 0.2ms
[2025-01-09T04:39:23.691+0000][202434.057s][info][gc,phases   ] GC(8106)   Merge Heap Roots: 0.5ms
[2025-01-09T04:39:23.691+0000][202434.057s][info][gc,phases   ] GC(8106)   Evacuate Collection Set: 41.2ms
[2025-01-09T04:39:23.691+0000][202434.057s][info][gc,phases   ] GC(8106)   Post Evacuate Collection Set: 1.7ms
[2025-01-09T04:39:23.691+0000][202434.057s][info][gc,phases   ] GC(8106)   Other: 0.2ms
[2025-01-09T04:39:23.691+0000][202434.057s][info][gc,heap     ] GC(8106) Eden regions: 66->0(916)
[2025-01-09T04:39:23.691+0000][202434.057s][info][gc,heap     ] GC(8106) Survivor regions: 10->5(10)
[2025-01-09T04:39:23.691+0000][202434.057s][info][gc,heap     ] GC(8106) Old regions: 228->227
[2025-01-09T04:39:23.691+0000][202434.057s][info][gc,heap     ] GC(8106) Archive regions: 2->2
[2025-01-09T04:39:23.691+0000][202434.057s][info][gc,heap     ] GC(8106) Humongous regions: 49->49
[2025-01-09T04:39:23.691+0000][202434.057s][info][gc,metaspace] GC(8106) Metaspace: 524780K(534272K)->524780K(534272K) NonClass: 460848K(465536K)->460848K(465536K) Class: 63932K(68736K)->63932K(68736K)
[2025-01-09T04:39:23.691+0000][202434.057s][info][gc          ] GC(8106) Pause Young (Mixed) (G1 Evacuation Pause) 2827M->2242M(12288M) 43.791ms
[2025-01-09T04:39:23.691+0000][202434.057s][info][gc,cpu      ] GC(8106) User=0.26s Sys=0.00s Real=0.05s
[2025-01-09T04:39:29.600+0000][202439.966s][info][gc,start    ] GC(8107) Pause Young (Normal) (G1 Evacuation Pause)
[2025-01-09T04:39:29.600+0000][202439.966s][info][gc,task     ] GC(8107) Using 6 workers of 6 for evacuation
[2025-01-09T04:39:29.624+0000][202439.990s][info][gc,phases   ] GC(8107)   Pre Evacuate Collection Set: 0.2ms
[2025-01-09T04:39:29.624+0000][202439.990s][info][gc,phases   ] GC(8107)   Merge Heap Roots: 0.4ms
[2025-01-09T04:39:29.624+0000][202439.990s][info][gc,phases   ] GC(8107)   Evacuate Collection Set: 21.1ms
[2025-01-09T04:39:29.624+0000][202439.990s][info][gc,phases   ] GC(8107)   Post Evacuate Collection Set: 2.4ms
[2025-01-09T04:39:29.624+0000][202439.990s][info][gc,phases   ] GC(8107)   Other: 0.2ms
[2025-01-09T04:39:29.624+0000][202439.990s][info][gc,heap     ] GC(8107) Eden regions: 916->0(915)
[2025-01-09T04:39:29.624+0000][202439.990s][info][gc,heap     ] GC(8107) Survivor regions: 5->6(116)
[2025-01-09T04:39:29.624+0000][202439.990s][info][gc,heap     ] GC(8107) Old regions: 227->227
[2025-01-09T04:39:29.624+0000][202439.990s][info][gc,heap     ] GC(8107) Archive regions: 2->2
[2025-01-09T04:39:29.624+0000][202439.990s][info][gc,heap     ] GC(8107) Humongous regions: 49->49
[2025-01-09T04:39:29.624+0000][202439.990s][info][gc,metaspace] GC(8107) Metaspace: 524780K(534272K)->524780K(534272K) NonClass: 460848K(465536K)->460848K(465536K) Class: 63932K(68736K)->63932K(68736K)
[2025-01-09T04:39:29.624+0000][202439.990s][info][gc          ] GC(8107) Pause Young (Normal) (G1 Evacuation Pause) 9570M->2250M(12288M) 24.391ms
[2025-01-09T04:39:29.624+0000][202439.990s][info][gc,cpu      ] GC(8107) User=0.14s Sys=0.00s Real=0.03s
[2025-01-09T04:39:35.313+0000][202445.679s][info][gc,start    ] GC(8108) Pause Young (Normal) (G1 Evacuation Pause)
[2025-01-09T04:39:35.313+0000][202445.679s][info][gc,task     ] GC(8108) Using 6 workers of 6 for evacuation
[2025-01-09T04:39:35.337+0000][202445.703s][info][gc,phases   ] GC(8108)   Pre Evacuate Collection Set: 0.2ms
[2025-01-09T04:39:35.337+0000][202445.703s][info][gc,phases   ] GC(8108)   Merge Heap Roots: 0.4ms
[2025-01-09T04:39:35.337+0000][202445.703s][info][gc,phases   ] GC(8108)   Evacuate Collection Set: 21.1ms
[2025-01-09T04:39:35.337+0000][202445.703s][info][gc,phases   ] GC(8108)   Post Evacuate Collection Set: 2.4ms
[2025-01-09T04:39:35.337+0000][202445.703s][info][gc,phases   ] GC(8108)   Other: 0.2ms
[2025-01-09T04:39:35.337+0000][202445.703s][info][gc,heap     ] GC(8108) Eden regions: 915->0(915)
[2025-01-09T04:39:35.337+0000][202445.703s][info][gc,heap     ] GC(8108) Survivor regions: 6->6(116)
[2025-01-09T04:39:35.337+0000][202445.703s][info][gc,heap     ] GC(8108) Old regions: 227->227
[2025-01-09T04:39:35.337+0000][202445.703s][info][gc,heap     ] GC(8108) Archive regions: 2->2
[2025-01-09T04:39:35.337+0000][202445.703s][info][gc,heap     ] GC(8108) Humongous regions: 49->49
[2025-01-09T04:39:35.337+0000][202445.703s][info][gc,metaspace] GC(8108) Metaspace: 524780K(534272K)->524780K(534272K) NonClass: 460848K(465536K)->460848K(465536K) Class: 63932K(68736K)->63932K(68736K)
[2025-01-09T04:39:35.337+0000][202445.703s][info][gc          ] GC(8108) Pause Young (Normal) (G1 Evacuation Pause) 9570M->2252M(12288M) 24.360ms
[2025-01-09T04:39:35.337+0000][202445.703s][info][gc,cpu      ] GC(8108) User=0.14s Sys=0.00s Real=0.02s
[2025-01-09T04:39:44.007+0000][202454.373s][info][gc,start    ] GC(8109) Pause Young (Concurrent Start) (G1 Evacuation Pause)
[2025-01-09T04:39:44.007+0000][202454.373s][info][gc,task     ] GC(8109) Using 6 workers of 6 for evacuation
[2025-01-09T04:39:44.037+0000][202454.404s][info][gc,phases   ] GC(8109)   Pre Evacuate Collection Set: 1.1ms
[2025-01-09T04:39:44.037+0000][202454.404s][info][gc,phases   ] GC(8109)   Merge Heap Roots: 0.4ms
[2025-01-09T04:39:44.037+0000][202454.404s][info][gc,phases   ] GC(8109)   Evacuate Collection Set: 26.5ms
[2025-01-09T04:39:44.037+0000][202454.404s][info][gc,phases   ] GC(8109)   Post Evacuate Collection Set: 2.5ms
[2025-01-09T04:39:44.037+0000][202454.404s][info][gc,phases   ] GC(8109)   Other: 0.3ms
[2025-01-09T04:39:44.037+0000][202454.404s][info][gc,heap     ] GC(8109) Eden regions: 915->0(913)
[2025-01-09T04:39:44.037+0000][202454.404s][info][gc,heap     ] GC(8109) Survivor regions: 6->8(116)
[2025-01-09T04:39:44.037+0000][202454.404s][info][gc,heap     ] GC(8109) Old regions: 227->227
[2025-01-09T04:39:44.037+0000][202454.404s][info][gc,heap     ] GC(8109) Archive regions: 2->2
[2025-01-09T04:39:44.037+0000][202454.404s][info][gc,heap     ] GC(8109) Humongous regions: 49->49
[2025-01-09T04:39:44.038+0000][202454.404s][info][gc,metaspace] GC(8109) Metaspace: 524780K(534272K)->524780K(534272K) NonClass: 460848K(465536K)->460848K(465536K) Class: 63932K(68736K)->63932K(68736K)
[2025-01-09T04:39:44.038+0000][202454.404s][info][gc          ] GC(8109) Pause Young (Concurrent Start) (G1 Evacuation Pause) 9572M->2265M(12288M) 30.938ms
[2025-01-09T04:39:44.038+0000][202454.404s][info][gc,cpu      ] GC(8109) User=0.18s Sys=0.00s Real=0.03s
[2025-01-09T04:39:44.038+0000][202454.404s][info][gc          ] GC(8110) Concurrent Mark Cycle
[2025-01-09T04:39:44.038+0000][202454.404s][info][gc,marking  ] GC(8110) Concurrent Clear Claimed Marks
[2025-01-09T04:39:44.039+0000][202454.405s][info][gc,marking  ] GC(8110) Concurrent Clear Claimed Marks 0.938ms
[2025-01-09T04:39:44.039+0000][202454.405s][info][gc,marking  ] GC(8110) Concurrent Scan Root Regions
[2025-01-09T04:39:44.061+0000][202454.427s][info][gc,marking  ] GC(8110) Concurrent Scan Root Regions 22.050ms
[2025-01-09T04:39:44.061+0000][202454.427s][info][gc,marking  ] GC(8110) Concurrent Mark
[2025-01-09T04:39:44.061+0000][202454.427s][info][gc,marking  ] GC(8110) Concurrent Mark From Roots
[2025-01-09T04:39:44.061+0000][202454.427s][info][gc,task     ] GC(8110) Using 2 workers of 2 for marking
[2025-01-09T04:39:44.961+0000][202455.327s][info][gc,marking  ] GC(8110) Concurrent Mark From Roots 900.566ms
[2025-01-09T04:39:44.961+0000][202455.327s][info][gc,marking  ] GC(8110) Concurrent Preclean
[2025-01-09T04:39:44.964+0000][202455.330s][info][gc,marking  ] GC(8110) Concurrent Preclean 2.905ms
[2025-01-09T04:39:44.964+0000][202455.330s][info][gc,start    ] GC(8110) Pause Remark
[2025-01-09T04:39:44.990+0000][202455.356s][info][gc          ] GC(8110) Pause Remark 3053M->3053M(12288M) 25.557ms
[2025-01-09T04:39:44.990+0000][202455.356s][info][gc,cpu      ] GC(8110) User=0.15s Sys=0.00s Real=0.03s
[2025-01-09T04:39:44.990+0000][202455.356s][info][gc,marking  ] GC(8110) Concurrent Mark 929.346ms
[2025-01-09T04:39:44.990+0000][202455.356s][info][gc,marking  ] GC(8110) Concurrent Rebuild Remembered Sets
[2025-01-09T04:39:45.547+0000][202455.913s][info][gc,marking  ] GC(8110) Concurrent Rebuild Remembered Sets 557.232ms
[2025-01-09T04:39:45.548+0000][202455.914s][info][gc,start    ] GC(8110) Pause Cleanup
[2025-01-09T04:39:45.548+0000][202455.914s][info][gc          ] GC(8110) Pause Cleanup 3435M->3435M(12288M) 0.407ms
[2025-01-09T04:39:45.548+0000][202455.914s][info][gc,cpu      ] GC(8110) User=0.00s Sys=0.00s Real=0.00s
[2025-01-09T04:39:45.548+0000][202455.914s][info][gc,marking  ] GC(8110) Concurrent Cleanup for Next Mark
[2025-01-09T04:39:45.564+0000][202455.930s][info][gc,marking  ] GC(8110) Concurrent Cleanup for Next Mark 15.561ms
[2025-01-09T04:39:45.564+0000][202455.930s][info][gc          ] GC(8110) Concurrent Mark Cycle 1526.019ms
[2025-01-09T04:39:52.984+0000][202463.350s][info][gc,start    ] GC(8111) Pause Young (Prepare Mixed) (G1 Evacuation Pause)
[2025-01-09T04:39:52.984+0000][202463.350s][info][gc,task     ] GC(8111) Using 6 workers of 6 for evacuation
[2025-01-09T04:39:53.020+0000][202463.386s][info][gc,phases   ] GC(8111)   Pre Evacuate Collection Set: 0.2ms
[2025-01-09T04:39:53.020+0000][202463.386s][info][gc,phases   ] GC(8111)   Merge Heap Roots: 0.6ms
[2025-01-09T04:39:53.020+0000][202463.386s][info][gc,phases   ] GC(8111)   Evacuate Collection Set: 31.7ms
[2025-01-09T04:39:53.020+0000][202463.386s][info][gc,phases   ] GC(8111)   Post Evacuate Collection Set: 2.9ms
[2025-01-09T04:39:53.020+0000][202463.386s][info][gc,phases   ] GC(8111)   Other: 0.2ms
[2025-01-09T04:39:53.020+0000][202463.386s][info][gc,heap     ] GC(8111) Eden regions: 913->0(66)
[2025-01-09T04:39:53.020+0000][202463.386s][info][gc,heap     ] GC(8111) Survivor regions: 8->10(116)
[2025-01-09T04:39:53.020+0000][202463.386s][info][gc,heap     ] GC(8111) Old regions: 227->227
[2025-01-09T04:39:53.020+0000][202463.386s][info][gc,heap     ] GC(8111) Archive regions: 2->2
[2025-01-09T04:39:53.020+0000][202463.386s][info][gc,heap     ] GC(8111) Humongous regions: 49->49
[2025-01-09T04:39:53.020+0000][202463.386s][info][gc,metaspace] GC(8111) Metaspace: 524780K(534272K)->524780K(534272K) NonClass: 460848K(465536K)->460848K(465536K) Class: 63932K(68736K)->63932K(68736K)
[2025-01-09T04:39:53.020+0000][202463.386s][info][gc          ] GC(8111) Pause Young (Prepare Mixed) (G1 Evacuation Pause) 9569M->2281M(12288M) 35.711ms
[2025-01-09T04:39:53.020+0000][202463.386s][info][gc,cpu      ] GC(8111) User=0.21s Sys=0.00s Real=0.03s
[2025-01-09T04:39:53.437+0000][202463.803s][info][gc,start    ] GC(8112) Pause Young (Mixed) (G1 Evacuation Pause)
[2025-01-09T04:39:53.437+0000][202463.803s][info][gc,task     ] GC(8112) Using 6 workers of 6 for evacuation
[2025-01-09T04:39:53.504+0000][202463.871s][info][gc,phases   ] GC(8112)   Pre Evacuate Collection Set: 0.2ms
[2025-01-09T04:39:53.504+0000][202463.871s][info][gc,phases   ] GC(8112)   Merge Heap Roots: 0.7ms
[2025-01-09T04:39:53.505+0000][202463.871s][info][gc,phases   ] GC(8112)   Evacuate Collection Set: 64.5ms
[2025-01-09T04:39:53.505+0000][202463.871s][info][gc,phases   ] GC(8112)   Post Evacuate Collection Set: 2.1ms
[2025-01-09T04:39:53.505+0000][202463.871s][info][gc,phases   ] GC(8112)   Other: 0.2ms
[2025-01-09T04:39:53.505+0000][202463.871s][info][gc,heap     ] GC(8112) Eden regions: 66->0(916)
[2025-01-09T04:39:53.505+0000][202463.871s][info][gc,heap     ] GC(8112) Survivor regions: 10->5(10)
[2025-01-09T04:39:53.505+0000][202463.871s][info][gc,heap     ] GC(8112) Old regions: 227->226
[2025-01-09T04:39:53.505+0000][202463.871s][info][gc,heap     ] GC(8112) Archive regions: 2->2
[2025-01-09T04:39:53.505+0000][202463.871s][info][gc,heap     ] GC(8112) Humongous regions: 49->49
[2025-01-09T04:39:53.505+0000][202463.871s][info][gc,metaspace] GC(8112) Metaspace: 524780K(534272K)->524780K(534272K) NonClass: 460848K(465536K)->460848K(465536K) Class: 63932K(68736K)->63932K(68736K)
[2025-01-09T04:39:53.505+0000][202463.871s][info][gc          ] GC(8112) Pause Young (Mixed) (G1 Evacuation Pause) 2809M->2242M(12288M) 67.730ms
[2025-01-09T04:39:53.505+0000][202463.871s][info][gc,cpu      ] GC(8112) User=0.38s Sys=0.00s Real=0.07s
[2025-01-09T04:40:01.840+0000][202472.206s][info][gc,start    ] GC(8113) Pause Young (Normal) (G1 Evacuation Pause)
[2025-01-09T04:40:01.840+0000][202472.206s][info][gc,task     ] GC(8113) Using 6 workers of 6 for evacuation
[2025-01-09T04:40:01.874+0000][202472.240s][info][gc,phases   ] GC(8113)   Pre Evacuate Collection Set: 0.2ms
[2025-01-09T04:40:01.874+0000][202472.240s][info][gc,phases   ] GC(8113)   Merge Heap Roots: 0.4ms
[2025-01-09T04:40:01.874+0000][202472.240s][info][gc,phases   ] GC(8113)   Evacuate Collection Set: 27.9ms
[2025-01-09T04:40:01.874+0000][202472.240s][info][gc,phases   ] GC(8113)   Post Evacuate Collection Set: 5.2ms
[2025-01-09T04:40:01.874+0000][202472.240s][info][gc,phases   ] GC(8113)   Other: 0.2ms
[2025-01-09T04:40:01.874+0000][202472.240s][info][gc,heap     ] GC(8113) Eden regions: 916->0(912)
[2025-01-09T04:40:01.874+0000][202472.240s][info][gc,heap     ] GC(8113) Survivor regions: 5->9(116)
[2025-01-09T04:40:01.874+0000][202472.240s][info][gc,heap     ] GC(8113) Old regions: 226->226
[2025-01-09T04:40:01.874+0000][202472.240s][info][gc,heap     ] GC(8113) Archive regions: 2->2
[2025-01-09T04:40:01.874+0000][202472.240s][info][gc,heap     ] GC(8113) Humongous regions: 49->49
[2025-01-09T04:40:01.874+0000][202472.240s][info][gc,metaspace] GC(8113) Metaspace: 524780K(534272K)->524780K(534272K) NonClass: 460848K(465536K)->460848K(465536K) Class: 63932K(68736K)->63932K(68736K)
[2025-01-09T04:40:01.874+0000][202472.240s][info][gc          ] GC(8113) Pause Young (Normal) (G1 Evacuation Pause) 9570M->2269M(12288M) 34.086ms
[2025-01-09T04:40:01.874+0000][202472.240s][info][gc,cpu      ] GC(8113) User=0.20s Sys=0.00s Real=0.04s
[2025-01-09T04:40:09.067+0000][202479.433s][info][gc,start    ] GC(8114) Pause Young (Normal) (G1 Evacuation Pause)
[2025-01-09T04:40:09.067+0000][202479.433s][info][gc,task     ] GC(8114) Using 6 workers of 6 for evacuation
[2025-01-09T04:40:09.099+0000][202479.465s][info][gc,phases   ] GC(8114)   Pre Evacuate Collection Set: 0.2ms
[2025-01-09T04:40:09.099+0000][202479.465s][info][gc,phases   ] GC(8114)   Merge Heap Roots: 0.4ms
[2025-01-09T04:40:09.099+0000][202479.465s][info][gc,phases   ] GC(8114)   Evacuate Collection Set: 27.6ms
[2025-01-09T04:40:09.099+0000][202479.465s][info][gc,phases   ] GC(8114)   Post Evacuate Collection Set: 4.0ms
[2025-01-09T04:40:09.099+0000][202479.465s][info][gc,phases   ] GC(8114)   Other: 0.2ms
[2025-01-09T04:40:09.099+0000][202479.465s][info][gc,heap     ] GC(8114) Eden regions: 912->0(912)
[2025-01-09T04:40:09.099+0000][202479.465s][info][gc,heap     ] GC(8114) Survivor regions: 9->9(116)
[2025-01-09T04:40:09.099+0000][202479.465s][info][gc,heap     ] GC(8114) Old regions: 226->226
[2025-01-09T04:40:09.099+0000][202479.465s][info][gc,heap     ] GC(8114) Archive regions: 2->2
[2025-01-09T04:40:09.099+0000][202479.465s][info][gc,heap     ] GC(8114) Humongous regions: 49->49
[2025-01-09T04:40:09.099+0000][202479.465s][info][gc,metaspace] GC(8114) Metaspace: 524780K(534272K)->524780K(534272K) NonClass: 460848K(465536K)->460848K(465536K) Class: 63932K(68736K)->63932K(68736K)
[2025-01-09T04:40:09.099+0000][202479.465s][info][gc          ] GC(8114) Pause Young (Normal) (G1 Evacuation Pause) 9565M->2272M(12288M) 32.545ms
[2025-01-09T04:40:09.099+0000][202479.465s][info][gc,cpu      ] GC(8114) User=0.19s Sys=0.00s Real=0.03s
[2025-01-09T04:40:18.315+0000][202488.681s][info][gc,start    ] GC(8115) Pause Young (Concurrent Start) (G1 Evacuation Pause)
[2025-01-09T04:40:18.315+0000][202488.681s][info][gc,task     ] GC(8115) Using 6 workers of 6 for evacuation
[2025-01-09T04:40:18.349+0000][202488.715s][info][gc,phases   ] GC(8115)   Pre Evacuate Collection Set: 1.1ms
[2025-01-09T04:40:18.349+0000][202488.715s][info][gc,phases   ] GC(8115)   Merge Heap Roots: 0.5ms
[2025-01-09T04:40:18.349+0000][202488.715s][info][gc,phases   ] GC(8115)   Evacuate Collection Set: 30.2ms
[2025-01-09T04:40:18.349+0000][202488.715s][info][gc,phases   ] GC(8115)   Post Evacuate Collection Set: 2.6ms
[2025-01-09T04:40:18.349+0000][202488.715s][info][gc,phases   ] GC(8115)   Other: 0.3ms
[2025-01-09T04:40:18.349+0000][202488.715s][info][gc,heap     ] GC(8115) Eden regions: 912->0(911)
[2025-01-09T04:40:18.349+0000][202488.716s][info][gc,heap     ] GC(8115) Survivor regions: 9->10(116)
[2025-01-09T04:40:18.349+0000][202488.716s][info][gc,heap     ] GC(8115) Old regions: 226->226
[2025-01-09T04:40:18.349+0000][202488.716s][info][gc,heap     ] GC(8115) Archive regions: 2->2
[2025-01-09T04:40:18.349+0000][202488.716s][info][gc,heap     ] GC(8115) Humongous regions: 49->49
[2025-01-09T04:40:18.349+0000][202488.716s][info][gc,metaspace] GC(8115) Metaspace: 524780K(534272K)->524780K(534272K) NonClass: 460848K(465536K)->460848K(465536K) Class: 63932K(68736K)->63932K(68736K)
[2025-01-09T04:40:18.349+0000][202488.716s][info][gc          ] GC(8115) Pause Young (Concurrent Start) (G1 Evacuation Pause) 9568M->2276M(12288M) 34.778ms
[2025-01-09T04:40:18.350+0000][202488.716s][info][gc,cpu      ] GC(8115) User=0.20s Sys=0.00s Real=0.04s
[2025-01-09T04:40:18.350+0000][202488.716s][info][gc          ] GC(8116) Concurrent Mark Cycle
[2025-01-09T04:40:18.350+0000][202488.716s][info][gc,marking  ] GC(8116) Concurrent Clear Claimed Marks
[2025-01-09T04:40:18.350+0000][202488.717s][info][gc,marking  ] GC(8116) Concurrent Clear Claimed Marks 0.897ms
[2025-01-09T04:40:18.351+0000][202488.717s][info][gc,marking  ] GC(8116) Concurrent Scan Root Regions
[2025-01-09T04:40:18.372+0000][202488.738s][info][gc,marking  ] GC(8116) Concurrent Scan Root Regions 21.828ms
[2025-01-09T04:40:18.372+0000][202488.738s][info][gc,marking  ] GC(8116) Concurrent Mark
[2025-01-09T04:40:18.372+0000][202488.738s][info][gc,marking  ] GC(8116) Concurrent Mark From Roots
[2025-01-09T04:40:18.372+0000][202488.738s][info][gc,task     ] GC(8116) Using 2 workers of 2 for marking
[2025-01-09T04:40:19.148+0000][202489.514s][info][gc,marking  ] GC(8116) Concurrent Mark From Roots 775.158ms
[2025-01-09T04:40:19.148+0000][202489.514s][info][gc,marking  ] GC(8116) Concurrent Preclean
[2025-01-09T04:40:19.151+0000][202489.517s][info][gc,marking  ] GC(8116) Concurrent Preclean 3.732ms
[2025-01-09T04:40:19.151+0000][202489.518s][info][gc,start    ] GC(8116) Pause Remark
[2025-01-09T04:40:19.177+0000][202489.543s][info][gc          ] GC(8116) Pause Remark 2952M->2952M(12288M) 25.364ms
[2025-01-09T04:40:19.177+0000][202489.543s][info][gc,cpu      ] GC(8116) User=0.14s Sys=0.00s Real=0.02s
[2025-01-09T04:40:19.177+0000][202489.543s][info][gc,marking  ] GC(8116) Concurrent Mark 804.601ms
[2025-01-09T04:40:19.177+0000][202489.543s][info][gc,marking  ] GC(8116) Concurrent Rebuild Remembered Sets
[2025-01-09T04:40:19.715+0000][202490.081s][info][gc,marking  ] GC(8116) Concurrent Rebuild Remembered Sets 537.668ms
[2025-01-09T04:40:19.715+0000][202490.081s][info][gc,start    ] GC(8116) Pause Cleanup
[2025-01-09T04:40:19.715+0000][202490.081s][info][gc          ] GC(8116) Pause Cleanup 3496M->3496M(12288M) 0.389ms
[2025-01-09T04:40:19.715+0000][202490.081s][info][gc,cpu      ] GC(8116) User=0.00s Sys=0.00s Real=0.00s
[2025-01-09T04:40:19.715+0000][202490.081s][info][gc,marking  ] GC(8116) Concurrent Cleanup for Next Mark
[2025-01-09T04:40:19.731+0000][202490.097s][info][gc,marking  ] GC(8116) Concurrent Cleanup for Next Mark 16.090ms
[2025-01-09T04:40:19.731+0000][202490.098s][info][gc          ] GC(8116) Concurrent Mark Cycle 1381.851ms
[2025-01-09T04:40:27.456+0000][202497.822s][info][gc,start    ] GC(8117) Pause Young (Prepare Mixed) (G1 Evacuation Pause)
[2025-01-09T04:40:27.456+0000][202497.822s][info][gc,task     ] GC(8117) Using 6 workers of 6 for evacuation
[2025-01-09T04:40:27.498+0000][202497.864s][info][gc,phases   ] GC(8117)   Pre Evacuate Collection Set: 0.2ms
[2025-01-09T04:40:27.498+0000][202497.864s][info][gc,phases   ] GC(8117)   Merge Heap Roots: 0.7ms
[2025-01-09T04:40:27.498+0000][202497.864s][info][gc,phases   ] GC(8117)   Evacuate Collection Set: 37.8ms
[2025-01-09T04:40:27.498+0000][202497.864s][info][gc,phases   ] GC(8117)   Post Evacuate Collection Set: 2.7ms
[2025-01-09T04:40:27.498+0000][202497.864s][info][gc,phases   ] GC(8117)   Other: 0.2ms
[2025-01-09T04:40:27.498+0000][202497.864s][info][gc,heap     ] GC(8117) Eden regions: 911->0(67)
[2025-01-09T04:40:27.498+0000][202497.864s][info][gc,heap     ] GC(8117) Survivor regions: 10->9(116)
[2025-01-09T04:40:27.498+0000][202497.864s][info][gc,heap     ] GC(8117) Old regions: 226->226
[2025-01-09T04:40:27.498+0000][202497.864s][info][gc,heap     ] GC(8117) Archive regions: 2->2
[2025-01-09T04:40:27.498+0000][202497.864s][info][gc,heap     ] GC(8117) Humongous regions: 49->49
[2025-01-09T04:40:27.498+0000][202497.864s][info][gc,metaspace] GC(8117) Metaspace: 524780K(534272K)->524780K(534272K) NonClass: 460848K(465536K)->460848K(465536K) Class: 63932K(68736K)->63932K(68736K)
[2025-01-09T04:40:27.498+0000][202497.864s][info][gc          ] GC(8117) Pause Young (Prepare Mixed) (G1 Evacuation Pause) 9564M->2274M(12288M) 41.752ms
[2025-01-09T04:40:27.498+0000][202497.864s][info][gc,cpu      ] GC(8117) User=0.24s Sys=0.00s Real=0.04s
[2025-01-09T04:40:28.093+0000][202498.459s][info][gc,start    ] GC(8118) Pause Young (Mixed) (G1 Evacuation Pause)
[2025-01-09T04:40:28.093+0000][202498.459s][info][gc,task     ] GC(8118) Using 6 workers of 6 for evacuation
[2025-01-09T04:40:28.174+0000][202498.540s][info][gc,phases   ] GC(8118)   Pre Evacuate Collection Set: 0.2ms
[2025-01-09T04:40:28.174+0000][202498.540s][info][gc,phases   ] GC(8118)   Merge Heap Roots: 0.9ms
[2025-01-09T04:40:28.174+0000][202498.540s][info][gc,phases   ] GC(8118)   Evacuate Collection Set: 78.7ms
[2025-01-09T04:40:28.174+0000][202498.540s][info][gc,phases   ] GC(8118)   Post Evacuate Collection Set: 1.7ms
[2025-01-09T04:40:28.174+0000][202498.541s][info][gc,phases   ] GC(8118)   Other: 0.2ms
[2025-01-09T04:40:28.174+0000][202498.541s][info][gc,heap     ] GC(8118) Eden regions: 67->0(916)
[2025-01-09T04:40:28.174+0000][202498.541s][info][gc,heap     ] GC(8118) Survivor regions: 9->5(10)
[2025-01-09T04:40:28.174+0000][202498.541s][info][gc,heap     ] GC(8118) Old regions: 226->226
[2025-01-09T04:40:28.174+0000][202498.541s][info][gc,heap     ] GC(8118) Archive regions: 2->2
[2025-01-09T04:40:28.174+0000][202498.541s][info][gc,heap     ] GC(8118) Humongous regions: 49->49
[2025-01-09T04:40:28.174+0000][202498.541s][info][gc,metaspace] GC(8118) Metaspace: 524780K(534272K)->524780K(534272K) NonClass: 460848K(465536K)->460848K(465536K) Class: 63932K(68736K)->63932K(68736K)
[2025-01-09T04:40:28.174+0000][202498.541s][info][gc          ] GC(8118) Pause Young (Mixed) (G1 Evacuation Pause) 2810M->2237M(12288M) 81.734ms
[2025-01-09T04:40:28.175+0000][202498.541s][info][gc,cpu      ] GC(8118) User=0.48s Sys=0.00s Real=0.08s
[2025-01-09T04:40:38.061+0000][202508.427s][info][gc,start    ] GC(8119) Pause Young (Normal) (G1 Evacuation Pause)
[2025-01-09T04:40:38.061+0000][202508.427s][info][gc,task     ] GC(8119) Using 6 workers of 6 for evacuation
[2025-01-09T04:40:38.095+0000][202508.461s][info][gc,phases   ] GC(8119)   Pre Evacuate Collection Set: 0.2ms
[2025-01-09T04:40:38.095+0000][202508.461s][info][gc,phases   ] GC(8119)   Merge Heap Roots: 0.5ms
[2025-01-09T04:40:38.095+0000][202508.461s][info][gc,phases   ] GC(8119)   Evacuate Collection Set: 30.3ms
[2025-01-09T04:40:38.095+0000][202508.461s][info][gc,phases   ] GC(8119)   Post Evacuate Collection Set: 2.8ms
[2025-01-09T04:40:38.095+0000][202508.461s][info][gc,phases   ] GC(8119)   Other: 0.2ms
[2025-01-09T04:40:38.095+0000][202508.461s][info][gc,heap     ] GC(8119) Eden regions: 916->0(912)
[2025-01-09T04:40:38.095+0000][202508.461s][info][gc,heap     ] GC(8119) Survivor regions: 5->9(116)
[2025-01-09T04:40:38.095+0000][202508.461s][info][gc,heap     ] GC(8119) Old regions: 226->226
[2025-01-09T04:40:38.095+0000][202508.461s][info][gc,heap     ] GC(8119) Archive regions: 2->2
[2025-01-09T04:40:38.095+0000][202508.461s][info][gc,heap     ] GC(8119) Humongous regions: 49->49
[2025-01-09T04:40:38.095+0000][202508.461s][info][gc,metaspace] GC(8119) Metaspace: 524780K(534272K)->524780K(534272K) NonClass: 460848K(465536K)->460848K(465536K) Class: 63932K(68736K)->63932K(68736K)
[2025-01-09T04:40:38.095+0000][202508.461s][info][gc          ] GC(8119) Pause Young (Normal) (G1 Evacuation Pause) 9565M->2266M(12288M) 34.060ms
[2025-01-09T04:40:38.095+0000][202508.461s][info][gc,cpu      ] GC(8119) User=0.19s Sys=0.01s Real=0.04s
[2025-01-09T04:40:48.110+0000][202518.476s][info][gc,start    ] GC(8120) Pause Young (Normal) (G1 Evacuation Pause)
[2025-01-09T04:40:48.110+0000][202518.476s][info][gc,task     ] GC(8120) Using 6 workers of 6 for evacuation
[2025-01-09T04:40:48.146+0000][202518.512s][info][gc,phases   ] GC(8120)   Pre Evacuate Collection Set: 0.3ms
[2025-01-09T04:40:48.146+0000][202518.512s][info][gc,phases   ] GC(8120)   Merge Heap Roots: 0.4ms
[2025-01-09T04:40:48.146+0000][202518.512s][info][gc,phases   ] GC(8120)   Evacuate Collection Set: 32.1ms
[2025-01-09T04:40:48.146+0000][202518.512s][info][gc,phases   ] GC(8120)   Post Evacuate Collection Set: 2.6ms
[2025-01-09T04:40:48.146+0000][202518.512s][info][gc,phases   ] GC(8120)   Other: 0.2ms
[2025-01-09T04:40:48.146+0000][202518.512s][info][gc,heap     ] GC(8120) Eden regions: 912->0(911)
[2025-01-09T04:40:48.146+0000][202518.512s][info][gc,heap     ] GC(8120) Survivor regions: 9->10(116)
[2025-01-09T04:40:48.146+0000][202518.512s][info][gc,heap     ] GC(8120) Old regions: 226->226
[2025-01-09T04:40:48.146+0000][202518.512s][info][gc,heap     ] GC(8120) Archive regions: 2->2
[2025-01-09T04:40:48.146+0000][202518.512s][info][gc,heap     ] GC(8120) Humongous regions: 49->49
[2025-01-09T04:40:48.146+0000][202518.512s][info][gc,metaspace] GC(8120) Metaspace: 524780K(534272K)->524780K(534272K) NonClass: 460848K(465536K)->460848K(465536K) Class: 63932K(68736K)->63932K(68736K)
[2025-01-09T04:40:48.146+0000][202518.512s][info][gc          ] GC(8120) Pause Young (Normal) (G1 Evacuation Pause) 9562M->2277M(12288M) 35.635ms
[2025-01-09T04:40:48.146+0000][202518.512s][info][gc,cpu      ] GC(8120) User=0.21s Sys=0.00s Real=0.03s
[2025-01-09T04:40:54.751+0000][202525.118s][info][gc,start    ] GC(8121) Pause Young (Concurrent Start) (G1 Evacuation Pause)
[2025-01-09T04:40:54.752+0000][202525.118s][info][gc,task     ] GC(8121) Using 6 workers of 6 for evacuation
[2025-01-09T04:40:54.790+0000][202525.157s][info][gc,phases   ] GC(8121)   Pre Evacuate Collection Set: 1.1ms
[2025-01-09T04:40:54.790+0000][202525.157s][info][gc,phases   ] GC(8121)   Merge Heap Roots: 0.5ms
[2025-01-09T04:40:54.790+0000][202525.157s][info][gc,phases   ] GC(8121)   Evacuate Collection Set: 31.9ms
[2025-01-09T04:40:54.790+0000][202525.157s][info][gc,phases   ] GC(8121)   Post Evacuate Collection Set: 5.2ms
[2025-01-09T04:40:54.791+0000][202525.157s][info][gc,phases   ] GC(8121)   Other: 0.3ms
[2025-01-09T04:40:54.791+0000][202525.157s][info][gc,heap     ] GC(8121) Eden regions: 911->0(909)
[2025-01-09T04:40:54.791+0000][202525.157s][info][gc,heap     ] GC(8121) Survivor regions: 10->12(116)
[2025-01-09T04:40:54.791+0000][202525.157s][info][gc,heap     ] GC(8121) Old regions: 226->226
[2025-01-09T04:40:54.791+0000][202525.157s][info][gc,heap     ] GC(8121) Archive regions: 2->2
[2025-01-09T04:40:54.791+0000][202525.157s][info][gc,heap     ] GC(8121) Humongous regions: 49->49
[2025-01-09T04:40:54.791+0000][202525.157s][info][gc,metaspace] GC(8121) Metaspace: 524780K(534272K)->524780K(534272K) NonClass: 460848K(465536K)->460848K(465536K) Class: 63932K(68736K)->63932K(68736K)
[2025-01-09T04:40:54.791+0000][202525.157s][info][gc          ] GC(8121) Pause Young (Concurrent Start) (G1 Evacuation Pause) 9565M->2289M(12288M) 39.080ms
[2025-01-09T04:40:54.791+0000][202525.157s][info][gc,cpu      ] GC(8121) User=0.22s Sys=0.00s Real=0.04s
[2025-01-09T04:40:54.791+0000][202525.157s][info][gc          ] GC(8122) Concurrent Mark Cycle
[2025-01-09T04:40:54.791+0000][202525.157s][info][gc,marking  ] GC(8122) Concurrent Clear Claimed Marks
[2025-01-09T04:40:54.792+0000][202525.158s][info][gc,marking  ] GC(8122) Concurrent Clear Claimed Marks 0.950ms
[2025-01-09T04:40:54.792+0000][202525.158s][info][gc,marking  ] GC(8122) Concurrent Scan Root Regions
[2025-01-09T04:40:54.820+0000][202525.186s][info][gc,marking  ] GC(8122) Concurrent Scan Root Regions 27.894ms
[2025-01-09T04:40:54.820+0000][202525.186s][info][gc,marking  ] GC(8122) Concurrent Mark
[2025-01-09T04:40:54.820+0000][202525.186s][info][gc,marking  ] GC(8122) Concurrent Mark From Roots
[2025-01-09T04:40:54.820+0000][202525.186s][info][gc,task     ] GC(8122) Using 2 workers of 2 for marking
[2025-01-09T04:40:55.647+0000][202526.013s][info][gc,marking  ] GC(8122) Concurrent Mark From Roots 826.954ms
[2025-01-09T04:40:55.647+0000][202526.013s][info][gc,marking  ] GC(8122) Concurrent Preclean
[2025-01-09T04:40:55.649+0000][202526.016s][info][gc,marking  ] GC(8122) Concurrent Preclean 2.874ms
[2025-01-09T04:40:55.650+0000][202526.016s][info][gc,start    ] GC(8122) Pause Remark
[2025-01-09T04:40:55.675+0000][202526.041s][info][gc          ] GC(8122) Pause Remark 3457M->3457M(12288M) 25.741ms
[2025-01-09T04:40:55.675+0000][202526.042s][info][gc,cpu      ] GC(8122) User=0.15s Sys=0.00s Real=0.02s
[2025-01-09T04:40:55.676+0000][202526.042s][info][gc,marking  ] GC(8122) Concurrent Mark 855.956ms
[2025-01-09T04:40:55.676+0000][202526.042s][info][gc,marking  ] GC(8122) Concurrent Rebuild Remembered Sets
[2025-01-09T04:40:56.288+0000][202526.654s][info][gc,marking  ] GC(8122) Concurrent Rebuild Remembered Sets 612.033ms
[2025-01-09T04:40:56.288+0000][202526.654s][info][gc,start    ] GC(8122) Pause Cleanup
[2025-01-09T04:40:56.288+0000][202526.655s][info][gc          ] GC(8122) Pause Cleanup 4241M->4241M(12288M) 0.457ms
[2025-01-09T04:40:56.288+0000][202526.655s][info][gc,cpu      ] GC(8122) User=0.00s Sys=0.00s Real=0.00s
[2025-01-09T04:40:56.289+0000][202526.655s][info][gc,marking  ] GC(8122) Concurrent Cleanup for Next Mark
[2025-01-09T04:40:56.305+0000][202526.671s][info][gc,marking  ] GC(8122) Concurrent Cleanup for Next Mark 16.349ms
[2025-01-09T04:40:56.305+0000][202526.671s][info][gc          ] GC(8122) Concurrent Mark Cycle 1514.276ms
[2025-01-09T04:41:02.122+0000][202532.488s][info][gc,start    ] GC(8123) Pause Young (Prepare Mixed) (G1 Evacuation Pause)
[2025-01-09T04:41:02.122+0000][202532.488s][info][gc,task     ] GC(8123) Using 6 workers of 6 for evacuation
[2025-01-09T04:41:02.168+0000][202532.534s][info][gc,phases   ] GC(8123)   Pre Evacuate Collection Set: 0.2ms
[2025-01-09T04:41:02.168+0000][202532.534s][info][gc,phases   ] GC(8123)   Merge Heap Roots: 0.8ms
[2025-01-09T04:41:02.168+0000][202532.534s][info][gc,phases   ] GC(8123)   Evacuate Collection Set: 41.9ms
[2025-01-09T04:41:02.168+0000][202532.534s][info][gc,phases   ] GC(8123)   Post Evacuate Collection Set: 2.7ms
[2025-01-09T04:41:02.168+0000][202532.534s][info][gc,phases   ] GC(8123)   Other: 0.2ms
[2025-01-09T04:41:02.168+0000][202532.534s][info][gc,heap     ] GC(8123) Eden regions: 909->0(64)
[2025-01-09T04:41:02.168+0000][202532.534s][info][gc,heap     ] GC(8123) Survivor regions: 12->12(116)
[2025-01-09T04:41:02.168+0000][202532.534s][info][gc,heap     ] GC(8123) Old regions: 226->226
[2025-01-09T04:41:02.168+0000][202532.534s][info][gc,heap     ] GC(8123) Archive regions: 2->2
[2025-01-09T04:41:02.168+0000][202532.534s][info][gc,heap     ] GC(8123) Humongous regions: 49->49
[2025-01-09T04:41:02.168+0000][202532.534s][info][gc,metaspace] GC(8123) Metaspace: 524780K(534272K)->524780K(534272K) NonClass: 460848K(465536K)->460848K(465536K) Class: 63932K(68736K)->63932K(68736K)
[2025-01-09T04:41:02.168+0000][202532.534s][info][gc          ] GC(8123) Pause Young (Prepare Mixed) (G1 Evacuation Pause) 9561M->2292M(12288M) 45.914ms
[2025-01-09T04:41:02.168+0000][202532.534s][info][gc,cpu      ] GC(8123) User=0.27s Sys=0.00s Real=0.04s
[2025-01-09T04:41:03.183+0000][202533.549s][info][gc,start    ] GC(8124) Pause Young (Mixed) (G1 Evacuation Pause)
[2025-01-09T04:41:03.183+0000][202533.549s][info][gc,task     ] GC(8124) Using 6 workers of 6 for evacuation
[2025-01-09T04:41:03.258+0000][202533.624s][info][gc,phases   ] GC(8124)   Pre Evacuate Collection Set: 0.2ms
[2025-01-09T04:41:03.258+0000][202533.624s][info][gc,phases   ] GC(8124)   Merge Heap Roots: 0.8ms
[2025-01-09T04:41:03.258+0000][202533.624s][info][gc,phases   ] GC(8124)   Evacuate Collection Set: 72.2ms
[2025-01-09T04:41:03.258+0000][202533.624s][info][gc,phases   ] GC(8124)   Post Evacuate Collection Set: 2.0ms
[2025-01-09T04:41:03.258+0000][202533.624s][info][gc,phases   ] GC(8124)   Other: 0.2ms
[2025-01-09T04:41:03.258+0000][202533.624s][info][gc,heap     ] GC(8124) Eden regions: 64->0(916)
[2025-01-09T04:41:03.258+0000][202533.624s][info][gc,heap     ] GC(8124) Survivor regions: 12->5(10)
[2025-01-09T04:41:03.258+0000][202533.624s][info][gc,heap     ] GC(8124) Old regions: 226->228
[2025-01-09T04:41:03.258+0000][202533.624s][info][gc,heap     ] GC(8124) Archive regions: 2->2
[2025-01-09T04:41:03.258+0000][202533.624s][info][gc,heap     ] GC(8124) Humongous regions: 49->49
[2025-01-09T04:41:03.258+0000][202533.624s][info][gc,metaspace] GC(8124) Metaspace: 524780K(534272K)->524780K(534272K) NonClass: 460848K(465536K)->460848K(465536K) Class: 63932K(68736K)->63932K(68736K)
[2025-01-09T04:41:03.258+0000][202533.624s][info][gc          ] GC(8124) Pause Young (Mixed) (G1 Evacuation Pause) 2804M->2259M(12288M) 75.399ms
[2025-01-09T04:41:03.258+0000][202533.624s][info][gc,cpu      ] GC(8124) User=0.44s Sys=0.00s Real=0.07s
[2025-01-09T04:41:11.356+0000][202541.722s][info][gc,start    ] GC(8125) Pause Young (Normal) (G1 Evacuation Pause)
[2025-01-09T04:41:11.356+0000][202541.722s][info][gc,task     ] GC(8125) Using 6 workers of 6 for evacuation
[2025-01-09T04:41:11.385+0000][202541.751s][info][gc,phases   ] GC(8125)   Pre Evacuate Collection Set: 0.2ms
[2025-01-09T04:41:11.385+0000][202541.751s][info][gc,phases   ] GC(8125)   Merge Heap Roots: 0.4ms
[2025-01-09T04:41:11.385+0000][202541.751s][info][gc,phases   ] GC(8125)   Evacuate Collection Set: 24.4ms
[2025-01-09T04:41:11.385+0000][202541.751s][info][gc,phases   ] GC(8125)   Post Evacuate Collection Set: 4.0ms
[2025-01-09T04:41:11.385+0000][202541.751s][info][gc,phases   ] GC(8125)   Other: 0.2ms
[2025-01-09T04:41:11.385+0000][202541.751s][info][gc,heap     ] GC(8125) Eden regions: 916->0(914)
[2025-01-09T04:41:11.385+0000][202541.751s][info][gc,heap     ] GC(8125) Survivor regions: 5->7(116)
[2025-01-09T04:41:11.385+0000][202541.751s][info][gc,heap     ] GC(8125) Old regions: 228->228
[2025-01-09T04:41:11.385+0000][202541.751s][info][gc,heap     ] GC(8125) Archive regions: 2->2
[2025-01-09T04:41:11.385+0000][202541.751s][info][gc,heap     ] GC(8125) Humongous regions: 49->49
[2025-01-09T04:41:11.385+0000][202541.751s][info][gc,metaspace] GC(8125) Metaspace: 524780K(534272K)->524780K(534272K) NonClass: 460848K(465536K)->460848K(465536K) Class: 63932K(68736K)->63932K(68736K)
[2025-01-09T04:41:11.385+0000][202541.751s][info][gc          ] GC(8125) Pause Young (Normal) (G1 Evacuation Pause) 9587M->2270M(12288M) 29.284ms
[2025-01-09T04:41:11.385+0000][202541.751s][info][gc,cpu      ] GC(8125) User=0.17s Sys=0.00s Real=0.03s
[2025-01-09T04:41:18.850+0000][202549.216s][info][gc,start    ] GC(8126) Pause Young (Normal) (G1 Evacuation Pause)
[2025-01-09T04:41:18.850+0000][202549.216s][info][gc,task     ] GC(8126) Using 6 workers of 6 for evacuation
[2025-01-09T04:41:18.881+0000][202549.247s][info][gc,phases   ] GC(8126)   Pre Evacuate Collection Set: 0.2ms
[2025-01-09T04:41:18.881+0000][202549.247s][info][gc,phases   ] GC(8126)   Merge Heap Roots: 0.5ms
[2025-01-09T04:41:18.881+0000][202549.247s][info][gc,phases   ] GC(8126)   Evacuate Collection Set: 27.6ms
[2025-01-09T04:41:18.881+0000][202549.247s][info][gc,phases   ] GC(8126)   Post Evacuate Collection Set: 2.8ms
[2025-01-09T04:41:18.881+0000][202549.247s][info][gc,phases   ] GC(8126)   Other: 0.2ms
[2025-01-09T04:41:18.881+0000][202549.247s][info][gc,heap     ] GC(8126) Eden regions: 914->0(914)
[2025-01-09T04:41:18.881+0000][202549.247s][info][gc,heap     ] GC(8126) Survivor regions: 7->7(116)
[2025-01-09T04:41:18.881+0000][202549.247s][info][gc,heap     ] GC(8126) Old regions: 228->228
[2025-01-09T04:41:18.881+0000][202549.247s][info][gc,heap     ] GC(8126) Archive regions: 2->2
[2025-01-09T04:41:18.881+0000][202549.247s][info][gc,heap     ] GC(8126) Humongous regions: 49->49
[2025-01-09T04:41:18.881+0000][202549.247s][info][gc,metaspace] GC(8126) Metaspace: 524780K(534272K)->524780K(534272K) NonClass: 460848K(465536K)->460848K(465536K) Class: 63932K(68736K)->63932K(68736K)
[2025-01-09T04:41:18.881+0000][202549.247s][info][gc          ] GC(8126) Pause Young (Normal) (G1 Evacuation Pause) 9582M->2274M(12288M) 31.391ms
[2025-01-09T04:41:18.881+0000][202549.247s][info][gc,cpu      ] GC(8126) User=0.18s Sys=0.00s Real=0.02s
[2025-01-09T04:41:26.537+0000][202556.903s][info][gc,start    ] GC(8127) Pause Young (Concurrent Start) (G1 Evacuation Pause)
[2025-01-09T04:41:26.537+0000][202556.903s][info][gc,task     ] GC(8127) Using 6 workers of 6 for evacuation
[2025-01-09T04:41:26.570+0000][202556.936s][info][gc,phases   ] GC(8127)   Pre Evacuate Collection Set: 1.2ms
[2025-01-09T04:41:26.570+0000][202556.936s][info][gc,phases   ] GC(8127)   Merge Heap Roots: 0.4ms
[2025-01-09T04:41:26.570+0000][202556.936s][info][gc,phases   ] GC(8127)   Evacuate Collection Set: 28.5ms
[2025-01-09T04:41:26.570+0000][202556.936s][info][gc,phases   ] GC(8127)   Post Evacuate Collection Set: 2.5ms
[2025-01-09T04:41:26.570+0000][202556.936s][info][gc,phases   ] GC(8127)   Other: 0.3ms
[2025-01-09T04:41:26.570+0000][202556.936s][info][gc,heap     ] GC(8127) Eden regions: 914->0(913)
[2025-01-09T04:41:26.570+0000][202556.936s][info][gc,heap     ] GC(8127) Survivor regions: 7->8(116)
[2025-01-09T04:41:26.570+0000][202556.936s][info][gc,heap     ] GC(8127) Old regions: 228->228
[2025-01-09T04:41:26.570+0000][202556.936s][info][gc,heap     ] GC(8127) Archive regions: 2->2
[2025-01-09T04:41:26.570+0000][202556.936s][info][gc,heap     ] GC(8127) Humongous regions: 49->49
[2025-01-09T04:41:26.570+0000][202556.936s][info][gc,metaspace] GC(8127) Metaspace: 524780K(534272K)->524780K(534272K) NonClass: 460848K(465536K)->460848K(465536K) Class: 63932K(68736K)->63932K(68736K)
[2025-01-09T04:41:26.570+0000][202556.936s][info][gc          ] GC(8127) Pause Young (Concurrent Start) (G1 Evacuation Pause) 9586M->2283M(12288M) 33.032ms
[2025-01-09T04:41:26.570+0000][202556.936s][info][gc,cpu      ] GC(8127) User=0.19s Sys=0.00s Real=0.04s
[2025-01-09T04:41:26.570+0000][202556.936s][info][gc          ] GC(8128) Concurrent Mark Cycle
[2025-01-09T04:41:26.570+0000][202556.936s][info][gc,marking  ] GC(8128) Concurrent Clear Claimed Marks
[2025-01-09T04:41:26.571+0000][202556.937s][info][gc,marking  ] GC(8128) Concurrent Clear Claimed Marks 1.004ms
[2025-01-09T04:41:26.571+0000][202556.937s][info][gc,marking  ] GC(8128) Concurrent Scan Root Regions
[2025-01-09T04:41:26.596+0000][202556.962s][info][gc,marking  ] GC(8128) Concurrent Scan Root Regions 24.709ms
[2025-01-09T04:41:26.596+0000][202556.962s][info][gc,marking  ] GC(8128) Concurrent Mark
[2025-01-09T04:41:26.596+0000][202556.962s][info][gc,marking  ] GC(8128) Concurrent Mark From Roots
[2025-01-09T04:41:26.596+0000][202556.962s][info][gc,task     ] GC(8128) Using 2 workers of 2 for marking
[2025-01-09T04:41:27.723+0000][202558.089s][info][gc,marking  ] GC(8128) Concurrent Mark From Roots 1127.147ms
[2025-01-09T04:41:27.723+0000][202558.089s][info][gc,marking  ] GC(8128) Concurrent Preclean
[2025-01-09T04:41:27.726+0000][202558.092s][info][gc,marking  ] GC(8128) Concurrent Preclean 2.652ms
[2025-01-09T04:41:27.726+0000][202558.092s][info][gc,start    ] GC(8128) Pause Remark
[2025-01-09T04:41:27.751+0000][202558.117s][info][gc          ] GC(8128) Pause Remark 4023M->4023M(12288M) 25.356ms
[2025-01-09T04:41:27.751+0000][202558.117s][info][gc,cpu      ] GC(8128) User=0.14s Sys=0.00s Real=0.03s
[2025-01-09T04:41:27.751+0000][202558.117s][info][gc,marking  ] GC(8128) Concurrent Mark 1155.480ms
[2025-01-09T04:41:27.751+0000][202558.117s][info][gc,marking  ] GC(8128) Concurrent Rebuild Remembered Sets
[2025-01-09T04:41:28.338+0000][202558.704s][info][gc,marking  ] GC(8128) Concurrent Rebuild Remembered Sets 586.560ms
[2025-01-09T04:41:28.338+0000][202558.704s][info][gc,start    ] GC(8128) Pause Cleanup
[2025-01-09T04:41:28.338+0000][202558.704s][info][gc          ] GC(8128) Pause Cleanup 4855M->4855M(12288M) 0.422ms
[2025-01-09T04:41:28.338+0000][202558.705s][info][gc,cpu      ] GC(8128) User=0.00s Sys=0.00s Real=0.00s
[2025-01-09T04:41:28.339+0000][202558.705s][info][gc,marking  ] GC(8128) Concurrent Cleanup for Next Mark
[2025-01-09T04:41:28.354+0000][202558.720s][info][gc,marking  ] GC(8128) Concurrent Cleanup for Next Mark 15.385ms
[2025-01-09T04:41:28.354+0000][202558.720s][info][gc          ] GC(8128) Concurrent Mark Cycle 1783.944ms
[2025-01-09T04:41:31.687+0000][202562.053s][info][gc,start    ] GC(8129) Pause Young (Prepare Mixed) (G1 Evacuation Pause)
[2025-01-09T04:41:31.687+0000][202562.053s][info][gc,task     ] GC(8129) Using 6 workers of 6 for evacuation
[2025-01-09T04:41:31.722+0000][202562.088s][info][gc,phases   ] GC(8129)   Pre Evacuate Collection Set: 0.2ms
[2025-01-09T04:41:31.722+0000][202562.088s][info][gc,phases   ] GC(8129)   Merge Heap Roots: 0.7ms
[2025-01-09T04:41:31.722+0000][202562.088s][info][gc,phases   ] GC(8129)   Evacuate Collection Set: 30.6ms
[2025-01-09T04:41:31.722+0000][202562.088s][info][gc,phases   ] GC(8129)   Post Evacuate Collection Set: 2.6ms
[2025-01-09T04:41:31.722+0000][202562.088s][info][gc,phases   ] GC(8129)   Other: 0.2ms
[2025-01-09T04:41:31.722+0000][202562.088s][info][gc,heap     ] GC(8129) Eden regions: 913->0(67)
[2025-01-09T04:41:31.722+0000][202562.088s][info][gc,heap     ] GC(8129) Survivor regions: 8->9(116)
[2025-01-09T04:41:31.722+0000][202562.088s][info][gc,heap     ] GC(8129) Old regions: 228->228
[2025-01-09T04:41:31.722+0000][202562.088s][info][gc,heap     ] GC(8129) Archive regions: 2->2
[2025-01-09T04:41:31.722+0000][202562.088s][info][gc,heap     ] GC(8129) Humongous regions: 49->49
[2025-01-09T04:41:31.722+0000][202562.088s][info][gc,metaspace] GC(8129) Metaspace: 524780K(534272K)->524780K(534272K) NonClass: 460848K(465536K)->460848K(465536K) Class: 63932K(68736K)->63932K(68736K)
[2025-01-09T04:41:31.722+0000][202562.088s][info][gc          ] GC(8129) Pause Young (Prepare Mixed) (G1 Evacuation Pause) 9587M->2286M(12288M) 34.357ms
[2025-01-09T04:41:31.722+0000][202562.088s][info][gc,cpu      ] GC(8129) User=0.20s Sys=0.01s Real=0.04s
[2025-01-09T04:41:32.016+0000][202562.382s][info][gc,start    ] GC(8130) Pause Young (Mixed) (G1 Evacuation Pause)
[2025-01-09T04:41:32.016+0000][202562.382s][info][gc,task     ] GC(8130) Using 6 workers of 6 for evacuation
[2025-01-09T04:41:32.079+0000][202562.445s][info][gc,phases   ] GC(8130)   Pre Evacuate Collection Set: 0.2ms
[2025-01-09T04:41:32.079+0000][202562.445s][info][gc,phases   ] GC(8130)   Merge Heap Roots: 0.7ms
[2025-01-09T04:41:32.079+0000][202562.445s][info][gc,phases   ] GC(8130)   Evacuate Collection Set: 59.3ms
[2025-01-09T04:41:32.079+0000][202562.445s][info][gc,phases   ] GC(8130)   Post Evacuate Collection Set: 1.9ms
[2025-01-09T04:41:32.079+0000][202562.445s][info][gc,phases   ] GC(8130)   Other: 0.2ms
[2025-01-09T04:41:32.079+0000][202562.445s][info][gc,heap     ] GC(8130) Eden regions: 67->0(915)
[2025-01-09T04:41:32.079+0000][202562.445s][info][gc,heap     ] GC(8130) Survivor regions: 9->6(10)
[2025-01-09T04:41:32.079+0000][202562.445s][info][gc,heap     ] GC(8130) Old regions: 228->228
[2025-01-09T04:41:32.079+0000][202562.445s][info][gc,heap     ] GC(8130) Archive regions: 2->2
[2025-01-09T04:41:32.079+0000][202562.445s][info][gc,heap     ] GC(8130) Humongous regions: 49->49
[2025-01-09T04:41:32.079+0000][202562.445s][info][gc,metaspace] GC(8130) Metaspace: 524780K(534272K)->524780K(534272K) NonClass: 460848K(465536K)->460848K(465536K) Class: 63932K(68736K)->63932K(68736K)
[2025-01-09T04:41:32.079+0000][202562.445s][info][gc          ] GC(8130) Pause Young (Mixed) (G1 Evacuation Pause) 2822M->2259M(12288M) 62.381ms
[2025-01-09T04:41:32.079+0000][202562.445s][info][gc,cpu      ] GC(8130) User=0.36s Sys=0.00s Real=0.06s
[2025-01-09T04:41:37.497+0000][202567.863s][info][gc,start    ] GC(8131) Pause Young (Normal) (G1 Evacuation Pause)
[2025-01-09T04:41:37.497+0000][202567.863s][info][gc,task     ] GC(8131) Using 6 workers of 6 for evacuation
[2025-01-09T04:41:37.523+0000][202567.889s][info][gc,phases   ] GC(8131)   Pre Evacuate Collection Set: 0.2ms
[2025-01-09T04:41:37.523+0000][202567.889s][info][gc,phases   ] GC(8131)   Merge Heap Roots: 0.5ms
[2025-01-09T04:41:37.523+0000][202567.889s][info][gc,phases   ] GC(8131)   Evacuate Collection Set: 21.5ms
[2025-01-09T04:41:37.523+0000][202567.889s][info][gc,phases   ] GC(8131)   Post Evacuate Collection Set: 3.5ms
[2025-01-09T04:41:37.523+0000][202567.889s][info][gc,phases   ] GC(8131)   Other: 0.2ms
[2025-01-09T04:41:37.523+0000][202567.889s][info][gc,heap     ] GC(8131) Eden regions: 915->0(916)
[2025-01-09T04:41:37.523+0000][202567.889s][info][gc,heap     ] GC(8131) Survivor regions: 6->5(116)
[2025-01-09T04:41:37.523+0000][202567.889s][info][gc,heap     ] GC(8131) Old regions: 228->228
[2025-01-09T04:41:37.523+0000][202567.889s][info][gc,heap     ] GC(8131) Archive regions: 2->2
[2025-01-09T04:41:37.523+0000][202567.889s][info][gc,heap     ] GC(8131) Humongous regions: 49->49
[2025-01-09T04:41:37.523+0000][202567.889s][info][gc,metaspace] GC(8131) Metaspace: 524780K(534272K)->524780K(534272K) NonClass: 460848K(465536K)->460848K(465536K) Class: 63932K(68736K)->63932K(68736K)
[2025-01-09T04:41:37.523+0000][202567.889s][info][gc          ] GC(8131) Pause Young (Normal) (G1 Evacuation Pause) 9579M->2252M(12288M) 26.019ms
[2025-01-09T04:41:37.523+0000][202567.889s][info][gc,cpu      ] GC(8131) User=0.15s Sys=0.00s Real=0.03s
[2025-01-09T04:41:42.207+0000][202572.573s][info][gc,start    ] GC(8132) Pause Young (Normal) (G1 Evacuation Pause)
[2025-01-09T04:41:42.207+0000][202572.573s][info][gc,task     ] GC(8132) Using 6 workers of 6 for evacuation
[2025-01-09T04:41:42.233+0000][202572.599s][info][gc,phases   ] GC(8132)   Pre Evacuate Collection Set: 0.2ms
[2025-01-09T04:41:42.233+0000][202572.600s][info][gc,phases   ] GC(8132)   Merge Heap Roots: 0.4ms
[2025-01-09T04:41:42.233+0000][202572.600s][info][gc,phases   ] GC(8132)   Evacuate Collection Set: 23.0ms
[2025-01-09T04:41:42.233+0000][202572.600s][info][gc,phases   ] GC(8132)   Post Evacuate Collection Set: 2.3ms
[2025-01-09T04:41:42.233+0000][202572.600s][info][gc,phases   ] GC(8132)   Other: 0.2ms
[2025-01-09T04:41:42.233+0000][202572.600s][info][gc,heap     ] GC(8132) Eden regions: 916->0(914)
[2025-01-09T04:41:42.233+0000][202572.600s][info][gc,heap     ] GC(8132) Survivor regions: 5->7(116)
[2025-01-09T04:41:42.233+0000][202572.600s][info][gc,heap     ] GC(8132) Old regions: 228->228
[2025-01-09T04:41:42.233+0000][202572.600s][info][gc,heap     ] GC(8132) Archive regions: 2->2
[2025-01-09T04:41:42.233+0000][202572.600s][info][gc,heap     ] GC(8132) Humongous regions: 49->49
[2025-01-09T04:41:42.233+0000][202572.600s][info][gc,metaspace] GC(8132) Metaspace: 524780K(534272K)->524780K(534272K) NonClass: 460848K(465536K)->460848K(465536K) Class: 63932K(68736K)->63932K(68736K)
[2025-01-09T04:41:42.234+0000][202572.600s][info][gc          ] GC(8132) Pause Young (Normal) (G1 Evacuation Pause) 9580M->2268M(12288M) 26.303ms
[2025-01-09T04:41:42.234+0000][202572.600s][info][gc,cpu      ] GC(8132) User=0.15s Sys=0.00s Real=0.03s
[2025-01-09T04:41:48.141+0000][202578.507s][info][gc,start    ] GC(8133) Pause Young (Concurrent Start) (G1 Evacuation Pause)
[2025-01-09T04:41:48.141+0000][202578.507s][info][gc,task     ] GC(8133) Using 6 workers of 6 for evacuation
[2025-01-09T04:41:48.177+0000][202578.543s][info][gc,phases   ] GC(8133)   Pre Evacuate Collection Set: 1.2ms
[2025-01-09T04:41:48.177+0000][202578.543s][info][gc,phases   ] GC(8133)   Merge Heap Roots: 0.5ms
[2025-01-09T04:41:48.177+0000][202578.543s][info][gc,phases   ] GC(8133)   Evacuate Collection Set: 29.5ms
[2025-01-09T04:41:48.177+0000][202578.543s][info][gc,phases   ] GC(8133)   Post Evacuate Collection Set: 4.4ms
[2025-01-09T04:41:48.177+0000][202578.543s][info][gc,phases   ] GC(8133)   Other: 0.3ms
[2025-01-09T04:41:48.177+0000][202578.543s][info][gc,heap     ] GC(8133) Eden regions: 914->0(909)
[2025-01-09T04:41:48.177+0000][202578.543s][info][gc,heap     ] GC(8133) Survivor regions: 7->12(116)
[2025-01-09T04:41:48.177+0000][202578.543s][info][gc,heap     ] GC(8133) Old regions: 228->228
[2025-01-09T04:41:48.177+0000][202578.543s][info][gc,heap     ] GC(8133) Archive regions: 2->2
[2025-01-09T04:41:48.177+0000][202578.543s][info][gc,heap     ] GC(8133) Humongous regions: 49->49
[2025-01-09T04:41:48.177+0000][202578.543s][info][gc,metaspace] GC(8133) Metaspace: 524780K(534272K)->524780K(534272K) NonClass: 460848K(465536K)->460848K(465536K) Class: 63932K(68736K)->63932K(68736K)
[2025-01-09T04:41:48.177+0000][202578.543s][info][gc          ] GC(8133) Pause Young (Concurrent Start) (G1 Evacuation Pause) 9580M->2306M(12288M) 35.859ms
[2025-01-09T04:41:48.177+0000][202578.543s][info][gc,cpu      ] GC(8133) User=0.20s Sys=0.00s Real=0.04s
[2025-01-09T04:41:48.177+0000][202578.543s][info][gc          ] GC(8134) Concurrent Mark Cycle
[2025-01-09T04:41:48.177+0000][202578.543s][info][gc,marking  ] GC(8134) Concurrent Clear Claimed Marks
[2025-01-09T04:41:48.178+0000][202578.544s][info][gc,marking  ] GC(8134) Concurrent Clear Claimed Marks 0.956ms
[2025-01-09T04:41:48.178+0000][202578.544s][info][gc,marking  ] GC(8134) Concurrent Scan Root Regions
[2025-01-09T04:41:48.201+0000][202578.567s][info][gc,marking  ] GC(8134) Concurrent Scan Root Regions 22.991ms
[2025-01-09T04:41:48.201+0000][202578.567s][info][gc,marking  ] GC(8134) Concurrent Mark
[2025-01-09T04:41:48.201+0000][202578.567s][info][gc,marking  ] GC(8134) Concurrent Mark From Roots
[2025-01-09T04:41:48.201+0000][202578.567s][info][gc,task     ] GC(8134) Using 2 workers of 2 for marking
[2025-01-09T04:41:48.989+0000][202579.355s][info][gc,marking  ] GC(8134) Concurrent Mark From Roots 788.205ms
[2025-01-09T04:41:48.989+0000][202579.355s][info][gc,marking  ] GC(8134) Concurrent Preclean
[2025-01-09T04:41:48.992+0000][202579.358s][info][gc,marking  ] GC(8134) Concurrent Preclean 2.623ms
[2025-01-09T04:41:48.992+0000][202579.358s][info][gc,start    ] GC(8134) Pause Remark
[2025-01-09T04:41:49.017+0000][202579.383s][info][gc          ] GC(8134) Pause Remark 2616M->2616M(12288M) 25.092ms
[2025-01-09T04:41:49.017+0000][202579.383s][info][gc,cpu      ] GC(8134) User=0.14s Sys=0.00s Real=0.02s
[2025-01-09T04:41:49.017+0000][202579.383s][info][gc,marking  ] GC(8134) Concurrent Mark 816.214ms
[2025-01-09T04:41:49.017+0000][202579.383s][info][gc,marking  ] GC(8134) Concurrent Rebuild Remembered Sets
[2025-01-09T04:41:49.541+0000][202579.907s][info][gc,marking  ] GC(8134) Concurrent Rebuild Remembered Sets 523.506ms
[2025-01-09T04:41:49.541+0000][202579.907s][info][gc,start    ] GC(8134) Pause Cleanup
[2025-01-09T04:41:49.541+0000][202579.907s][info][gc          ] GC(8134) Pause Cleanup 3005M->3005M(12288M) 0.392ms
[2025-01-09T04:41:49.541+0000][202579.907s][info][gc,cpu      ] GC(8134) User=0.00s Sys=0.00s Real=0.00s
[2025-01-09T04:41:49.541+0000][202579.907s][info][gc,marking  ] GC(8134) Concurrent Cleanup for Next Mark
[2025-01-09T04:41:49.558+0000][202579.924s][info][gc,marking  ] GC(8134) Concurrent Cleanup for Next Mark 16.485ms
[2025-01-09T04:41:49.558+0000][202579.924s][info][gc          ] GC(8134) Concurrent Mark Cycle 1380.957ms
[2025-01-09T04:41:55.735+0000][202586.101s][info][gc,start    ] GC(8135) Pause Young (Prepare Mixed) (G1 Evacuation Pause)
[2025-01-09T04:41:55.735+0000][202586.101s][info][gc,task     ] GC(8135) Using 6 workers of 6 for evacuation
[2025-01-09T04:41:55.769+0000][202586.135s][info][gc,phases   ] GC(8135)   Pre Evacuate Collection Set: 0.2ms
[2025-01-09T04:41:55.769+0000][202586.135s][info][gc,phases   ] GC(8135)   Merge Heap Roots: 0.6ms
[2025-01-09T04:41:55.769+0000][202586.135s][info][gc,phases   ] GC(8135)   Evacuate Collection Set: 28.9ms
[2025-01-09T04:41:55.769+0000][202586.135s][info][gc,phases   ] GC(8135)   Post Evacuate Collection Set: 3.9ms
[2025-01-09T04:41:55.769+0000][202586.135s][info][gc,phases   ] GC(8135)   Other: 0.2ms
[2025-01-09T04:41:55.769+0000][202586.135s][info][gc,heap     ] GC(8135) Eden regions: 909->0(66)
[2025-01-09T04:41:55.769+0000][202586.135s][info][gc,heap     ] GC(8135) Survivor regions: 12->10(116)
[2025-01-09T04:41:55.769+0000][202586.135s][info][gc,heap     ] GC(8135) Old regions: 228->228
[2025-01-09T04:41:55.769+0000][202586.135s][info][gc,heap     ] GC(8135) Archive regions: 2->2
[2025-01-09T04:41:55.769+0000][202586.135s][info][gc,heap     ] GC(8135) Humongous regions: 49->49
[2025-01-09T04:41:55.769+0000][202586.135s][info][gc,metaspace] GC(8135) Metaspace: 524780K(534272K)->524780K(534272K) NonClass: 460848K(465536K)->460848K(465536K) Class: 63932K(68736K)->63932K(68736K)
[2025-01-09T04:41:55.769+0000][202586.135s][info][gc          ] GC(8135) Pause Young (Prepare Mixed) (G1 Evacuation Pause) 9578M->2291M(12288M) 33.936ms
[2025-01-09T04:41:55.769+0000][202586.135s][info][gc,cpu      ] GC(8135) User=0.20s Sys=0.00s Real=0.03s
[2025-01-09T04:41:56.020+0000][202586.387s][info][gc,start    ] GC(8136) Pause Young (Mixed) (G1 Evacuation Pause)
[2025-01-09T04:41:56.021+0000][202586.387s][info][gc,task     ] GC(8136) Using 6 workers of 6 for evacuation
[2025-01-09T04:41:56.089+0000][202586.455s][info][gc,phases   ] GC(8136)   Pre Evacuate Collection Set: 0.2ms
[2025-01-09T04:41:56.089+0000][202586.455s][info][gc,phases   ] GC(8136)   Merge Heap Roots: 0.7ms
[2025-01-09T04:41:56.089+0000][202586.455s][info][gc,phases   ] GC(8136)   Evacuate Collection Set: 65.6ms
[2025-01-09T04:41:56.089+0000][202586.455s][info][gc,phases   ] GC(8136)   Post Evacuate Collection Set: 1.9ms
[2025-01-09T04:41:56.089+0000][202586.455s][info][gc,phases   ] GC(8136)   Other: 0.2ms
[2025-01-09T04:41:56.089+0000][202586.455s][info][gc,heap     ] GC(8136) Eden regions: 66->0(915)
[2025-01-09T04:41:56.089+0000][202586.455s][info][gc,heap     ] GC(8136) Survivor regions: 10->6(10)
[2025-01-09T04:41:56.089+0000][202586.455s][info][gc,heap     ] GC(8136) Old regions: 228->228
[2025-01-09T04:41:56.089+0000][202586.455s][info][gc,heap     ] GC(8136) Archive regions: 2->2
[2025-01-09T04:41:56.089+0000][202586.455s][info][gc,heap     ] GC(8136) Humongous regions: 49->49
[2025-01-09T04:41:56.089+0000][202586.455s][info][gc,metaspace] GC(8136) Metaspace: 524780K(534272K)->524780K(534272K) NonClass: 460848K(465536K)->460848K(465536K) Class: 63932K(68736K)->63932K(68736K)
[2025-01-09T04:41:56.089+0000][202586.455s][info][gc          ] GC(8136) Pause Young (Mixed) (G1 Evacuation Pause) 2819M->2264M(12288M) 68.742ms
[2025-01-09T04:41:56.089+0000][202586.455s][info][gc,cpu      ] GC(8136) User=0.40s Sys=0.00s Real=0.07s
[2025-01-09T04:42:02.872+0000][202593.238s][info][gc,start    ] GC(8137) Pause Young (Normal) (G1 Evacuation Pause)
[2025-01-09T04:42:02.872+0000][202593.238s][info][gc,task     ] GC(8137) Using 6 workers of 6 for evacuation
[2025-01-09T04:42:02.899+0000][202593.265s][info][gc,phases   ] GC(8137)   Pre Evacuate Collection Set: 0.2ms
[2025-01-09T04:42:02.899+0000][202593.265s][info][gc,phases   ] GC(8137)   Merge Heap Roots: 0.4ms
[2025-01-09T04:42:02.899+0000][202593.265s][info][gc,phases   ] GC(8137)   Evacuate Collection Set: 23.3ms
[2025-01-09T04:42:02.899+0000][202593.265s][info][gc,phases   ] GC(8137)   Post Evacuate Collection Set: 2.6ms
[2025-01-09T04:42:02.899+0000][202593.265s][info][gc,phases   ] GC(8137)   Other: 0.2ms
[2025-01-09T04:42:02.899+0000][202593.265s][info][gc,heap     ] GC(8137) Eden regions: 915->0(912)
[2025-01-09T04:42:02.899+0000][202593.265s][info][gc,heap     ] GC(8137) Survivor regions: 6->9(116)
[2025-01-09T04:42:02.899+0000][202593.265s][info][gc,heap     ] GC(8137) Old regions: 228->228
[2025-01-09T04:42:02.899+0000][202593.265s][info][gc,heap     ] GC(8137) Archive regions: 2->2
[2025-01-09T04:42:02.899+0000][202593.265s][info][gc,heap     ] GC(8137) Humongous regions: 49->49
[2025-01-09T04:42:02.899+0000][202593.265s][info][gc,metaspace] GC(8137) Metaspace: 524780K(534272K)->524780K(534272K) NonClass: 460848K(465536K)->460848K(465536K) Class: 63932K(68736K)->63932K(68736K)
[2025-01-09T04:42:02.899+0000][202593.265s][info][gc          ] GC(8137) Pause Young (Normal) (G1 Evacuation Pause) 9584M->2285M(12288M) 26.784ms
[2025-01-09T04:42:02.899+0000][202593.265s][info][gc,cpu      ] GC(8137) User=0.15s Sys=0.00s Real=0.02s
[2025-01-09T04:42:11.387+0000][202601.753s][info][gc,start    ] GC(8138) Pause Young (Normal) (G1 Evacuation Pause)
[2025-01-09T04:42:11.387+0000][202601.753s][info][gc,task     ] GC(8138) Using 6 workers of 6 for evacuation
[2025-01-09T04:42:11.416+0000][202601.782s][info][gc,phases   ] GC(8138)   Pre Evacuate Collection Set: 0.2ms
[2025-01-09T04:42:11.416+0000][202601.782s][info][gc,phases   ] GC(8138)   Merge Heap Roots: 0.4ms
[2025-01-09T04:42:11.416+0000][202601.782s][info][gc,phases   ] GC(8138)   Evacuate Collection Set: 24.0ms
[2025-01-09T04:42:11.416+0000][202601.782s][info][gc,phases   ] GC(8138)   Post Evacuate Collection Set: 3.8ms
[2025-01-09T04:42:11.416+0000][202601.782s][info][gc,phases   ] GC(8138)   Other: 0.2ms
[2025-01-09T04:42:11.416+0000][202601.782s][info][gc,heap     ] GC(8138) Eden regions: 912->0(913)
[2025-01-09T04:42:11.416+0000][202601.782s][info][gc,heap     ] GC(8138) Survivor regions: 9->8(116)
[2025-01-09T04:42:11.416+0000][202601.782s][info][gc,heap     ] GC(8138) Old regions: 228->228
[2025-01-09T04:42:11.416+0000][202601.782s][info][gc,heap     ] GC(8138) Archive regions: 2->2
[2025-01-09T04:42:11.416+0000][202601.782s][info][gc,heap     ] GC(8138) Humongous regions: 49->49
[2025-01-09T04:42:11.416+0000][202601.782s][info][gc,metaspace] GC(8138) Metaspace: 524780K(534272K)->524780K(534272K) NonClass: 460848K(465536K)->460848K(465536K) Class: 63932K(68736K)->63932K(68736K)
[2025-01-09T04:42:11.416+0000][202601.782s][info][gc          ] GC(8138) Pause Young (Normal) (G1 Evacuation Pause) 9581M->2281M(12288M) 28.828ms
[2025-01-09T04:42:11.416+0000][202601.782s][info][gc,cpu      ] GC(8138) User=0.17s Sys=0.00s Real=0.03s
[2025-01-09T04:42:20.265+0000][202610.631s][info][gc,start    ] GC(8139) Pause Young (Concurrent Start) (G1 Evacuation Pause)
[2025-01-09T04:42:20.265+0000][202610.631s][info][gc,task     ] GC(8139) Using 6 workers of 6 for evacuation
[2025-01-09T04:42:20.300+0000][202610.666s][info][gc,phases   ] GC(8139)   Pre Evacuate Collection Set: 1.2ms
[2025-01-09T04:42:20.300+0000][202610.666s][info][gc,phases   ] GC(8139)   Merge Heap Roots: 0.5ms
[2025-01-09T04:42:20.300+0000][202610.666s][info][gc,phases   ] GC(8139)   Evacuate Collection Set: 30.6ms
[2025-01-09T04:42:20.300+0000][202610.666s][info][gc,phases   ] GC(8139)   Post Evacuate Collection Set: 2.7ms
[2025-01-09T04:42:20.300+0000][202610.666s][info][gc,phases   ] GC(8139)   Other: 0.3ms
[2025-01-09T04:42:20.300+0000][202610.666s][info][gc,heap     ] GC(8139) Eden regions: 913->0(912)
[2025-01-09T04:42:20.300+0000][202610.666s][info][gc,heap     ] GC(8139) Survivor regions: 8->9(116)
[2025-01-09T04:42:20.300+0000][202610.666s][info][gc,heap     ] GC(8139) Old regions: 228->228
[2025-01-09T04:42:20.300+0000][202610.666s][info][gc,heap     ] GC(8139) Archive regions: 2->2
[2025-01-09T04:42:20.300+0000][202610.666s][info][gc,heap     ] GC(8139) Humongous regions: 49->49
[2025-01-09T04:42:20.300+0000][202610.666s][info][gc,metaspace] GC(8139) Metaspace: 524780K(534272K)->524780K(534272K) NonClass: 460848K(465536K)->460848K(465536K) Class: 63932K(68736K)->63932K(68736K)
[2025-01-09T04:42:20.300+0000][202610.666s][info][gc          ] GC(8139) Pause Young (Concurrent Start) (G1 Evacuation Pause) 9585M->2291M(12288M) 35.297ms
[2025-01-09T04:42:20.300+0000][202610.667s][info][gc,cpu      ] GC(8139) User=0.21s Sys=0.00s Real=0.03s
[2025-01-09T04:42:20.300+0000][202610.667s][info][gc          ] GC(8140) Concurrent Mark Cycle
[2025-01-09T04:42:20.300+0000][202610.667s][info][gc,marking  ] GC(8140) Concurrent Clear Claimed Marks
[2025-01-09T04:42:20.301+0000][202610.668s][info][gc,marking  ] GC(8140) Concurrent Clear Claimed Marks 1.002ms
[2025-01-09T04:42:20.302+0000][202610.668s][info][gc,marking  ] GC(8140) Concurrent Scan Root Regions
[2025-01-09T04:42:20.330+0000][202610.696s][info][gc,marking  ] GC(8140) Concurrent Scan Root Regions 27.996ms
[2025-01-09T04:42:20.330+0000][202610.696s][info][gc,marking  ] GC(8140) Concurrent Mark
[2025-01-09T04:42:20.330+0000][202610.696s][info][gc,marking  ] GC(8140) Concurrent Mark From Roots
[2025-01-09T04:42:20.330+0000][202610.696s][info][gc,task     ] GC(8140) Using 2 workers of 2 for marking
[2025-01-09T04:42:21.196+0000][202611.562s][info][gc,marking  ] GC(8140) Concurrent Mark From Roots 866.108ms
[2025-01-09T04:42:21.196+0000][202611.562s][info][gc,marking  ] GC(8140) Concurrent Preclean
[2025-01-09T04:42:21.198+0000][202611.565s][info][gc,marking  ] GC(8140) Concurrent Preclean 2.751ms
[2025-01-09T04:42:21.199+0000][202611.565s][info][gc,start    ] GC(8140) Pause Remark
[2025-01-09T04:42:21.224+0000][202611.590s][info][gc          ] GC(8140) Pause Remark 3195M->3195M(12288M) 25.487ms
[2025-01-09T04:42:21.224+0000][202611.590s][info][gc,cpu      ] GC(8140) User=0.15s Sys=0.00s Real=0.03s
[2025-01-09T04:42:21.224+0000][202611.590s][info][gc,marking  ] GC(8140) Concurrent Mark 894.766ms
[2025-01-09T04:42:21.224+0000][202611.590s][info][gc,marking  ] GC(8140) Concurrent Rebuild Remembered Sets
[2025-01-09T04:42:21.727+0000][202612.093s][info][gc,marking  ] GC(8140) Concurrent Rebuild Remembered Sets 502.556ms
[2025-01-09T04:42:21.727+0000][202612.093s][info][gc,start    ] GC(8140) Pause Cleanup
[2025-01-09T04:42:21.727+0000][202612.094s][info][gc          ] GC(8140) Pause Cleanup 3562M->3562M(12288M) 0.454ms
[2025-01-09T04:42:21.728+0000][202612.094s][info][gc,cpu      ] GC(8140) User=0.00s Sys=0.00s Real=0.00s
[2025-01-09T04:42:21.728+0000][202612.094s][info][gc,marking  ] GC(8140) Concurrent Cleanup for Next Mark
[2025-01-09T04:42:21.743+0000][202612.109s][info][gc,marking  ] GC(8140) Concurrent Cleanup for Next Mark 15.427ms
[2025-01-09T04:42:21.743+0000][202612.109s][info][gc          ] GC(8140) Concurrent Mark Cycle 1442.622ms
[2025-01-09T04:42:29.802+0000][202620.169s][info][gc,start    ] GC(8141) Pause Young (Prepare Mixed) (G1 Evacuation Pause)
[2025-01-09T04:42:29.802+0000][202620.169s][info][gc,task     ] GC(8141) Using 6 workers of 6 for evacuation
[2025-01-09T04:42:29.840+0000][202620.207s][info][gc,phases   ] GC(8141)   Pre Evacuate Collection Set: 0.2ms
[2025-01-09T04:42:29.840+0000][202620.207s][info][gc,phases   ] GC(8141)   Merge Heap Roots: 0.7ms
[2025-01-09T04:42:29.840+0000][202620.207s][info][gc,phases   ] GC(8141)   Evacuate Collection Set: 34.2ms
[2025-01-09T04:42:29.841+0000][202620.207s][info][gc,phases   ] GC(8141)   Post Evacuate Collection Set: 2.8ms
[2025-01-09T04:42:29.841+0000][202620.207s][info][gc,phases   ] GC(8141)   Other: 0.2ms
[2025-01-09T04:42:29.841+0000][202620.207s][info][gc,heap     ] GC(8141) Eden regions: 912->0(65)
[2025-01-09T04:42:29.841+0000][202620.207s][info][gc,heap     ] GC(8141) Survivor regions: 9->11(116)
[2025-01-09T04:42:29.841+0000][202620.207s][info][gc,heap     ] GC(8141) Old regions: 228->228
[2025-01-09T04:42:29.841+0000][202620.207s][info][gc,heap     ] GC(8141) Archive regions: 2->2
[2025-01-09T04:42:29.841+0000][202620.207s][info][gc,heap     ] GC(8141) Humongous regions: 49->49
[2025-01-09T04:42:29.841+0000][202620.207s][info][gc,metaspace] GC(8141) Metaspace: 524780K(534272K)->524780K(534272K) NonClass: 460848K(465536K)->460848K(465536K) Class: 63932K(68736K)->63932K(68736K)
[2025-01-09T04:42:29.841+0000][202620.207s][info][gc          ] GC(8141) Pause Young (Prepare Mixed) (G1 Evacuation Pause) 9587M->2301M(12288M) 38.158ms
[2025-01-09T04:42:29.841+0000][202620.207s][info][gc,cpu      ] GC(8141) User=0.23s Sys=0.00s Real=0.03s
[2025-01-09T04:42:30.197+0000][202620.563s][info][gc,start    ] GC(8142) Pause Young (Mixed) (G1 Evacuation Pause)
[2025-01-09T04:42:30.197+0000][202620.563s][info][gc,task     ] GC(8142) Using 6 workers of 6 for evacuation
[2025-01-09T04:42:30.253+0000][202620.619s][info][gc,phases   ] GC(8142)   Pre Evacuate Collection Set: 0.2ms
[2025-01-09T04:42:30.253+0000][202620.619s][info][gc,phases   ] GC(8142)   Merge Heap Roots: 0.6ms
[2025-01-09T04:42:30.253+0000][202620.619s][info][gc,phases   ] GC(8142)   Evacuate Collection Set: 53.0ms
[2025-01-09T04:42:30.253+0000][202620.619s][info][gc,phases   ] GC(8142)   Post Evacuate Collection Set: 1.8ms
[2025-01-09T04:42:30.253+0000][202620.619s][info][gc,phases   ] GC(8142)   Other: 0.2ms
[2025-01-09T04:42:30.253+0000][202620.619s][info][gc,heap     ] GC(8142) Eden regions: 65->0(915)
[2025-01-09T04:42:30.253+0000][202620.619s][info][gc,heap     ] GC(8142) Survivor regions: 11->6(10)
[2025-01-09T04:42:30.253+0000][202620.619s][info][gc,heap     ] GC(8142) Old regions: 228->227
[2025-01-09T04:42:30.253+0000][202620.619s][info][gc,heap     ] GC(8142) Archive regions: 2->2
[2025-01-09T04:42:30.253+0000][202620.619s][info][gc,heap     ] GC(8142) Humongous regions: 49->49
[2025-01-09T04:42:30.253+0000][202620.619s][info][gc,metaspace] GC(8142) Metaspace: 524780K(534272K)->524780K(534272K) NonClass: 460848K(465536K)->460848K(465536K) Class: 63932K(68736K)->63932K(68736K)
[2025-01-09T04:42:30.253+0000][202620.619s][info][gc          ] GC(8142) Pause Young (Mixed) (G1 Evacuation Pause) 2821M->2262M(12288M) 55.913ms
[2025-01-09T04:42:30.253+0000][202620.619s][info][gc,cpu      ] GC(8142) User=0.32s Sys=0.00s Real=0.06s
[2025-01-09T04:42:40.054+0000][202630.420s][info][gc,start    ] GC(8143) Pause Young (Normal) (G1 Evacuation Pause)
[2025-01-09T04:42:40.054+0000][202630.420s][info][gc,task     ] GC(8143) Using 6 workers of 6 for evacuation
[2025-01-09T04:42:40.083+0000][202630.449s][info][gc,phases   ] GC(8143)   Pre Evacuate Collection Set: 0.2ms
[2025-01-09T04:42:40.083+0000][202630.449s][info][gc,phases   ] GC(8143)   Merge Heap Roots: 0.5ms
[2025-01-09T04:42:40.083+0000][202630.449s][info][gc,phases   ] GC(8143)   Evacuate Collection Set: 25.6ms
[2025-01-09T04:42:40.083+0000][202630.449s][info][gc,phases   ] GC(8143)   Post Evacuate Collection Set: 2.6ms
[2025-01-09T04:42:40.083+0000][202630.449s][info][gc,phases   ] GC(8143)   Other: 0.2ms
[2025-01-09T04:42:40.083+0000][202630.449s][info][gc,heap     ] GC(8143) Eden regions: 915->0(913)
[2025-01-09T04:42:40.083+0000][202630.449s][info][gc,heap     ] GC(8143) Survivor regions: 6->8(116)
[2025-01-09T04:42:40.083+0000][202630.449s][info][gc,heap     ] GC(8143) Old regions: 227->227
[2025-01-09T04:42:40.083+0000][202630.449s][info][gc,heap     ] GC(8143) Archive regions: 2->2
[2025-01-09T04:42:40.083+0000][202630.449s][info][gc,heap     ] GC(8143) Humongous regions: 49->49
[2025-01-09T04:42:40.083+0000][202630.449s][info][gc,metaspace] GC(8143) Metaspace: 524780K(534272K)->524780K(534272K) NonClass: 460848K(465536K)->460848K(465536K) Class: 63932K(68736K)->63932K(68736K)
[2025-01-09T04:42:40.083+0000][202630.449s][info][gc          ] GC(8143) Pause Young (Normal) (G1 Evacuation Pause) 9582M->2272M(12288M) 29.138ms
[2025-01-09T04:42:40.083+0000][202630.449s][info][gc,cpu      ] GC(8143) User=0.17s Sys=0.00s Real=0.03s
[2025-01-09T04:42:51.337+0000][202641.703s][info][gc,start    ] GC(8144) Pause Young (Normal) (G1 Evacuation Pause)
[2025-01-09T04:42:51.337+0000][202641.703s][info][gc,task     ] GC(8144) Using 6 workers of 6 for evacuation
[2025-01-09T04:42:51.375+0000][202641.741s][info][gc,phases   ] GC(8144)   Pre Evacuate Collection Set: 0.2ms
[2025-01-09T04:42:51.375+0000][202641.741s][info][gc,phases   ] GC(8144)   Merge Heap Roots: 0.4ms
[2025-01-09T04:42:51.375+0000][202641.741s][info][gc,phases   ] GC(8144)   Evacuate Collection Set: 31.9ms
[2025-01-09T04:42:51.375+0000][202641.741s][info][gc,phases   ] GC(8144)   Post Evacuate Collection Set: 5.4ms
[2025-01-09T04:42:51.375+0000][202641.741s][info][gc,phases   ] GC(8144)   Other: 0.2ms
[2025-01-09T04:42:51.375+0000][202641.741s][info][gc,heap     ] GC(8144) Eden regions: 913->0(910)
[2025-01-09T04:42:51.375+0000][202641.741s][info][gc,heap     ] GC(8144) Survivor regions: 8->11(116)
[2025-01-09T04:42:51.375+0000][202641.741s][info][gc,heap     ] GC(8144) Old regions: 227->227
[2025-01-09T04:42:51.375+0000][202641.741s][info][gc,heap     ] GC(8144) Archive regions: 2->2
[2025-01-09T04:42:51.375+0000][202641.741s][info][gc,heap     ] GC(8144) Humongous regions: 49->49
[2025-01-09T04:42:51.375+0000][202641.741s][info][gc,metaspace] GC(8144) Metaspace: 524780K(534272K)->524780K(534272K) NonClass: 460848K(465536K)->460848K(465536K) Class: 63932K(68736K)->63932K(68736K)
[2025-01-09T04:42:51.375+0000][202641.741s][info][gc          ] GC(8144) Pause Young (Normal) (G1 Evacuation Pause) 9576M->2299M(12288M) 38.210ms
[2025-01-09T04:42:51.375+0000][202641.742s][info][gc,cpu      ] GC(8144) User=0.23s Sys=0.00s Real=0.04s
[2025-01-09T04:42:58.804+0000][202649.170s][info][gc,start    ] GC(8145) Pause Young (Concurrent Start) (G1 Evacuation Pause)
[2025-01-09T04:42:58.804+0000][202649.170s][info][gc,task     ] GC(8145) Using 6 workers of 6 for evacuation
[2025-01-09T04:42:58.841+0000][202649.207s][info][gc,phases   ] GC(8145)   Pre Evacuate Collection Set: 1.1ms
[2025-01-09T04:42:58.841+0000][202649.207s][info][gc,phases   ] GC(8145)   Merge Heap Roots: 0.5ms
[2025-01-09T04:42:58.841+0000][202649.207s][info][gc,phases   ] GC(8145)   Evacuate Collection Set: 31.9ms
[2025-01-09T04:42:58.841+0000][202649.207s][info][gc,phases   ] GC(8145)   Post Evacuate Collection Set: 4.0ms
[2025-01-09T04:42:58.841+0000][202649.207s][info][gc,phases   ] GC(8145)   Other: 0.3ms
[2025-01-09T04:42:58.841+0000][202649.207s][info][gc,heap     ] GC(8145) Eden regions: 910->0(910)
[2025-01-09T04:42:58.841+0000][202649.207s][info][gc,heap     ] GC(8145) Survivor regions: 11->11(116)
[2025-01-09T04:42:58.841+0000][202649.208s][info][gc,heap     ] GC(8145) Old regions: 227->227
[2025-01-09T04:42:58.841+0000][202649.208s][info][gc,heap     ] GC(8145) Archive regions: 2->2
[2025-01-09T04:42:58.841+0000][202649.208s][info][gc,heap     ] GC(8145) Humongous regions: 49->49
[2025-01-09T04:42:58.841+0000][202649.208s][info][gc,metaspace] GC(8145) Metaspace: 524780K(534272K)->524780K(534272K) NonClass: 460848K(465536K)->460848K(465536K) Class: 63932K(68736K)->63932K(68736K)
[2025-01-09T04:42:58.841+0000][202649.208s][info][gc          ] GC(8145) Pause Young (Concurrent Start) (G1 Evacuation Pause) 9579M->2299M(12288M) 37.838ms
[2025-01-09T04:42:58.842+0000][202649.208s][info][gc,cpu      ] GC(8145) User=0.22s Sys=0.00s Real=0.04s
[2025-01-09T04:42:58.842+0000][202649.208s][info][gc          ] GC(8146) Concurrent Mark Cycle
[2025-01-09T04:42:58.842+0000][202649.208s][info][gc,marking  ] GC(8146) Concurrent Clear Claimed Marks
[2025-01-09T04:42:58.843+0000][202649.209s][info][gc,marking  ] GC(8146) Concurrent Clear Claimed Marks 0.961ms
[2025-01-09T04:42:58.843+0000][202649.209s][info][gc,marking  ] GC(8146) Concurrent Scan Root Regions
[2025-01-09T04:42:58.878+0000][202649.244s][info][gc,marking  ] GC(8146) Concurrent Scan Root Regions 35.786ms
[2025-01-09T04:42:58.878+0000][202649.244s][info][gc,marking  ] GC(8146) Concurrent Mark
[2025-01-09T04:42:58.878+0000][202649.244s][info][gc,marking  ] GC(8146) Concurrent Mark From Roots
[2025-01-09T04:42:58.878+0000][202649.244s][info][gc,task     ] GC(8146) Using 2 workers of 2 for marking
[2025-01-09T04:42:59.923+0000][202650.289s][info][gc,marking  ] GC(8146) Concurrent Mark From Roots 1044.907ms
[2025-01-09T04:42:59.923+0000][202650.289s][info][gc,marking  ] GC(8146) Concurrent Preclean
[2025-01-09T04:42:59.927+0000][202650.293s][info][gc,marking  ] GC(8146) Concurrent Preclean 3.440ms
[2025-01-09T04:42:59.927+0000][202650.293s][info][gc,start    ] GC(8146) Pause Remark
[2025-01-09T04:42:59.953+0000][202650.319s][info][gc          ] GC(8146) Pause Remark 3895M->3895M(12288M) 25.662ms
[2025-01-09T04:42:59.953+0000][202650.319s][info][gc,cpu      ] GC(8146) User=0.15s Sys=0.00s Real=0.03s
[2025-01-09T04:42:59.953+0000][202650.319s][info][gc,marking  ] GC(8146) Concurrent Mark 1074.396ms
[2025-01-09T04:42:59.953+0000][202650.319s][info][gc,marking  ] GC(8146) Concurrent Rebuild Remembered Sets
[2025-01-09T04:43:00.620+0000][202650.986s][info][gc,marking  ] GC(8146) Concurrent Rebuild Remembered Sets 667.040ms
[2025-01-09T04:43:00.620+0000][202650.986s][info][gc,start    ] GC(8146) Pause Cleanup
[2025-01-09T04:43:00.620+0000][202650.986s][info][gc          ] GC(8146) Pause Cleanup 4891M->4891M(12288M) 0.422ms
[2025-01-09T04:43:00.620+0000][202650.987s][info][gc,cpu      ] GC(8146) User=0.00s Sys=0.00s Real=0.00s
[2025-01-09T04:43:00.620+0000][202650.987s][info][gc,marking  ] GC(8146) Concurrent Cleanup for Next Mark
[2025-01-09T04:43:00.647+0000][202651.013s][info][gc,marking  ] GC(8146) Concurrent Cleanup for Next Mark 26.735ms
[2025-01-09T04:43:00.647+0000][202651.013s][info][gc          ] GC(8146) Concurrent Mark Cycle 1805.732ms
[2025-01-09T04:43:04.514+0000][202654.880s][info][gc,start    ] GC(8147) Pause Young (Prepare Mixed) (G1 Evacuation Pause)
[2025-01-09T04:43:04.514+0000][202654.880s][info][gc,task     ] GC(8147) Using 6 workers of 6 for evacuation
[2025-01-09T04:43:04.551+0000][202654.917s][info][gc,phases   ] GC(8147)   Pre Evacuate Collection Set: 0.2ms
[2025-01-09T04:43:04.551+0000][202654.917s][info][gc,phases   ] GC(8147)   Merge Heap Roots: 0.7ms
[2025-01-09T04:43:04.551+0000][202654.917s][info][gc,phases   ] GC(8147)   Evacuate Collection Set: 33.5ms
[2025-01-09T04:43:04.551+0000][202654.917s][info][gc,phases   ] GC(8147)   Post Evacuate Collection Set: 2.7ms
[2025-01-09T04:43:04.551+0000][202654.917s][info][gc,phases   ] GC(8147)   Other: 0.2ms
[2025-01-09T04:43:04.551+0000][202654.917s][info][gc,heap     ] GC(8147) Eden regions: 910->0(65)
[2025-01-09T04:43:04.551+0000][202654.917s][info][gc,heap     ] GC(8147) Survivor regions: 11->11(116)
[2025-01-09T04:43:04.551+0000][202654.917s][info][gc,heap     ] GC(8147) Old regions: 227->227
[2025-01-09T04:43:04.551+0000][202654.917s][info][gc,heap     ] GC(8147) Archive regions: 2->2
[2025-01-09T04:43:04.551+0000][202654.917s][info][gc,heap     ] GC(8147) Humongous regions: 49->49
[2025-01-09T04:43:04.551+0000][202654.917s][info][gc,metaspace] GC(8147) Metaspace: 524780K(534272K)->524780K(534272K) NonClass: 460848K(465536K)->460848K(465536K) Class: 63932K(68736K)->63932K(68736K)
[2025-01-09T04:43:04.551+0000][202654.917s][info][gc          ] GC(8147) Pause Young (Prepare Mixed) (G1 Evacuation Pause) 9579M->2299M(12288M) 37.419ms
[2025-01-09T04:43:04.551+0000][202654.917s][info][gc,cpu      ] GC(8147) User=0.22s Sys=0.00s Real=0.04s
[2025-01-09T04:43:04.838+0000][202655.204s][info][gc,start    ] GC(8148) Pause Young (Mixed) (G1 Evacuation Pause)
[2025-01-09T04:43:04.838+0000][202655.204s][info][gc,task     ] GC(8148) Using 6 workers of 6 for evacuation
[2025-01-09T04:43:04.907+0000][202655.273s][info][gc,phases   ] GC(8148)   Pre Evacuate Collection Set: 0.2ms
[2025-01-09T04:43:04.907+0000][202655.273s][info][gc,phases   ] GC(8148)   Merge Heap Roots: 0.7ms
[2025-01-09T04:43:04.907+0000][202655.273s][info][gc,phases   ] GC(8148)   Evacuate Collection Set: 65.8ms
[2025-01-09T04:43:04.907+0000][202655.273s][info][gc,phases   ] GC(8148)   Post Evacuate Collection Set: 1.7ms
[2025-01-09T04:43:04.907+0000][202655.273s][info][gc,phases   ] GC(8148)   Other: 0.2ms
[2025-01-09T04:43:04.907+0000][202655.273s][info][gc,heap     ] GC(8148) Eden regions: 65->0(915)
[2025-01-09T04:43:04.907+0000][202655.273s][info][gc,heap     ] GC(8148) Survivor regions: 11->6(10)
[2025-01-09T04:43:04.907+0000][202655.273s][info][gc,heap     ] GC(8148) Old regions: 227->229
[2025-01-09T04:43:04.907+0000][202655.273s][info][gc,heap     ] GC(8148) Archive regions: 2->2
[2025-01-09T04:43:04.907+0000][202655.273s][info][gc,heap     ] GC(8148) Humongous regions: 49->49
[2025-01-09T04:43:04.907+0000][202655.273s][info][gc,metaspace] GC(8148) Metaspace: 524780K(534272K)->524780K(534272K) NonClass: 460848K(465536K)->460848K(465536K) Class: 63932K(68736K)->63932K(68736K)
[2025-01-09T04:43:04.907+0000][202655.273s][info][gc          ] GC(8148) Pause Young (Mixed) (G1 Evacuation Pause) 2819M->2271M(12288M) 68.670ms
[2025-01-09T04:43:04.907+0000][202655.273s][info][gc,cpu      ] GC(8148) User=0.40s Sys=0.00s Real=0.07s
[2025-01-09T04:43:10.026+0000][202660.392s][info][gc,start    ] GC(8149) Pause Young (Normal) (G1 Evacuation Pause)
[2025-01-09T04:43:10.026+0000][202660.392s][info][gc,task     ] GC(8149) Using 6 workers of 6 for evacuation
[2025-01-09T04:43:10.054+0000][202660.420s][info][gc,phases   ] GC(8149)   Pre Evacuate Collection Set: 0.2ms
[2025-01-09T04:43:10.054+0000][202660.420s][info][gc,phases   ] GC(8149)   Merge Heap Roots: 0.5ms
[2025-01-09T04:43:10.054+0000][202660.420s][info][gc,phases   ] GC(8149)   Evacuate Collection Set: 24.9ms
[2025-01-09T04:43:10.054+0000][202660.420s][info][gc,phases   ] GC(8149)   Post Evacuate Collection Set: 2.4ms
[2025-01-09T04:43:10.054+0000][202660.420s][info][gc,phases   ] GC(8149)   Other: 0.2ms
[2025-01-09T04:43:10.054+0000][202660.420s][info][gc,heap     ] GC(8149) Eden regions: 915->0(914)
[2025-01-09T04:43:10.054+0000][202660.420s][info][gc,heap     ] GC(8149) Survivor regions: 6->7(116)
[2025-01-09T04:43:10.054+0000][202660.420s][info][gc,heap     ] GC(8149) Old regions: 229->229
[2025-01-09T04:43:10.054+0000][202660.420s][info][gc,heap     ] GC(8149) Archive regions: 2->2
[2025-01-09T04:43:10.054+0000][202660.420s][info][gc,heap     ] GC(8149) Humongous regions: 49->49
[2025-01-09T04:43:10.054+0000][202660.420s][info][gc,metaspace] GC(8149) Metaspace: 524780K(534272K)->524780K(534272K) NonClass: 460848K(465536K)->460848K(465536K) Class: 63932K(68736K)->63932K(68736K)
[2025-01-09T04:43:10.054+0000][202660.420s][info][gc          ] GC(8149) Pause Young (Normal) (G1 Evacuation Pause) 9591M->2275M(12288M) 28.279ms
[2025-01-09T04:43:10.054+0000][202660.420s][info][gc,cpu      ] GC(8149) User=0.17s Sys=0.00s Real=0.03s
[2025-01-09T04:43:14.710+0000][202665.076s][info][gc,start    ] GC(8150) Pause Young (Normal) (G1 Evacuation Pause)
[2025-01-09T04:43:14.710+0000][202665.076s][info][gc,task     ] GC(8150) Using 6 workers of 6 for evacuation
[2025-01-09T04:43:14.736+0000][202665.102s][info][gc,phases   ] GC(8150)   Pre Evacuate Collection Set: 0.2ms
[2025-01-09T04:43:14.736+0000][202665.102s][info][gc,phases   ] GC(8150)   Merge Heap Roots: 0.4ms
[2025-01-09T04:43:14.736+0000][202665.102s][info][gc,phases   ] GC(8150)   Evacuate Collection Set: 23.5ms
