[2024-05-30T12:31:51.444+0000][7050.863s][info][gc,marking  ] GC(1257) Concurrent Mark From Roots
[2024-05-30T12:31:51.444+0000][7050.863s][info][gc,task     ] GC(1257) Using 2 workers of 2 for marking
[2024-05-30T12:31:52.758+0000][7052.177s][info][gc,marking  ] GC(1257) Concurrent Mark From Roots 1314.582ms
[2024-05-30T12:31:52.758+0000][7052.177s][info][gc,marking  ] GC(1257) Concurrent Preclean
[2024-05-30T12:31:52.759+0000][7052.178s][info][gc,marking  ] GC(1257) Concurrent Preclean 0.893ms
[2024-05-30T12:31:52.759+0000][7052.179s][info][gc,start    ] GC(1257) Pause Remark
[2024-05-30T12:31:52.781+0000][7052.200s][info][gc          ] GC(1257) Pause Remark 2910M->2910M(12288M) 21.515ms
[2024-05-30T12:31:52.781+0000][7052.200s][info][gc,cpu      ] GC(1257) User=0.09s Sys=0.00s Real=0.02s
[2024-05-30T12:31:52.781+0000][7052.200s][info][gc,marking  ] GC(1257) Concurrent Mark 1337.453ms
[2024-05-30T12:31:52.781+0000][7052.200s][info][gc,marking  ] GC(1257) Concurrent Rebuild Remembered Sets
[2024-05-30T12:31:53.557+0000][7052.976s][info][gc,marking  ] GC(1257) Concurrent Rebuild Remembered Sets 776.006ms
[2024-05-30T12:31:53.557+0000][7052.976s][info][gc,start    ] GC(1257) Pause Cleanup
[2024-05-30T12:31:53.558+0000][7052.977s][info][gc          ] GC(1257) Pause Cleanup 3450M->3450M(12288M) 0.569ms
[2024-05-30T12:31:53.558+0000][7052.977s][info][gc,cpu      ] GC(1257) User=0.00s Sys=0.00s Real=0.00s
[2024-05-30T12:31:53.558+0000][7052.977s][info][gc,marking  ] GC(1257) Concurrent Cleanup for Next Mark
[2024-05-30T12:31:53.587+0000][7053.007s][info][gc,marking  ] GC(1257) Concurrent Cleanup for Next Mark 29.453ms
[2024-05-30T12:31:53.587+0000][7053.007s][info][gc          ] GC(1257) Concurrent Mark Cycle 2179.285ms
[2024-05-30T12:32:01.645+0000][7061.064s][info][gc,start    ] GC(1258) Pause Young (Prepare Mixed) (G1 Evacuation Pause)
[2024-05-30T12:32:01.645+0000][7061.064s][info][gc,task     ] GC(1258) Using 6 workers of 6 for evacuation
[2024-05-30T12:32:01.685+0000][7061.105s][info][gc,phases   ] GC(1258)   Pre Evacuate Collection Set: 0.2ms
[2024-05-30T12:32:01.685+0000][7061.105s][info][gc,phases   ] GC(1258)   Merge Heap Roots: 0.3ms
[2024-05-30T12:32:01.685+0000][7061.105s][info][gc,phases   ] GC(1258)   Evacuate Collection Set: 38.1ms
[2024-05-30T12:32:01.685+0000][7061.105s][info][gc,phases   ] GC(1258)   Post Evacuate Collection Set: 2.0ms
[2024-05-30T12:32:01.685+0000][7061.105s][info][gc,phases   ] GC(1258)   Other: 0.2ms
[2024-05-30T12:32:01.685+0000][7061.105s][info][gc,heap     ] GC(1258) Eden regions: 907->0(59)
[2024-05-30T12:32:01.685+0000][7061.105s][info][gc,heap     ] GC(1258) Survivor regions: 14->17(116)
[2024-05-30T12:32:01.685+0000][7061.105s][info][gc,heap     ] GC(1258) Old regions: 230->230
[2024-05-30T12:32:01.685+0000][7061.105s][info][gc,heap     ] GC(1258) Archive regions: 2->2
[2024-05-30T12:32:01.685+0000][7061.105s][info][gc,heap     ] GC(1258) Humongous regions: 7->7
[2024-05-30T12:32:01.685+0000][7061.105s][info][gc,metaspace] GC(1258) Metaspace: 414484K(420544K)->414484K(420544K) NonClass: 362470K(365888K)->362470K(365888K) Class: 52014K(54656K)->52014K(54656K)
[2024-05-30T12:32:01.685+0000][7061.105s][info][gc          ] GC(1258) Pause Young (Prepare Mixed) (G1 Evacuation Pause) 9262M->2031M(12288M) 40.830ms
[2024-05-30T12:32:01.685+0000][7061.105s][info][gc,cpu      ] GC(1258) User=0.24s Sys=0.00s Real=0.04s
[2024-05-30T12:32:02.350+0000][7061.769s][info][gc,start    ] GC(1259) Pause Young (Mixed) (G1 Evacuation Pause)
[2024-05-30T12:32:02.350+0000][7061.769s][info][gc,task     ] GC(1259) Using 6 workers of 6 for evacuation
[2024-05-30T12:32:02.397+0000][7061.816s][info][gc,phases   ] GC(1259)   Pre Evacuate Collection Set: 0.2ms
[2024-05-30T12:32:02.397+0000][7061.816s][info][gc,phases   ] GC(1259)   Merge Heap Roots: 0.2ms
[2024-05-30T12:32:02.397+0000][7061.816s][info][gc,phases   ] GC(1259)   Evacuate Collection Set: 44.7ms
[2024-05-30T12:32:02.397+0000][7061.816s][info][gc,phases   ] GC(1259)   Post Evacuate Collection Set: 1.3ms
[2024-05-30T12:32:02.397+0000][7061.816s][info][gc,phases   ] GC(1259)   Other: 0.2ms
[2024-05-30T12:32:02.397+0000][7061.816s][info][gc,heap     ] GC(1259) Eden regions: 59->0(914)
[2024-05-30T12:32:02.397+0000][7061.816s][info][gc,heap     ] GC(1259) Survivor regions: 17->7(10)
[2024-05-30T12:32:02.397+0000][7061.816s][info][gc,heap     ] GC(1259) Old regions: 230->227
[2024-05-30T12:32:02.397+0000][7061.816s][info][gc,heap     ] GC(1259) Archive regions: 2->2
[2024-05-30T12:32:02.397+0000][7061.816s][info][gc,heap     ] GC(1259) Humongous regions: 7->7
[2024-05-30T12:32:02.397+0000][7061.816s][info][gc,metaspace] GC(1259) Metaspace: 414484K(420544K)->414484K(420544K) NonClass: 362470K(365888K)->362470K(365888K) Class: 52014K(54656K)->52014K(54656K)
[2024-05-30T12:32:02.397+0000][7061.816s][info][gc          ] GC(1259) Pause Young (Mixed) (G1 Evacuation Pause) 2503M->1926M(12288M) 46.675ms
[2024-05-30T12:32:02.397+0000][7061.816s][info][gc,cpu      ] GC(1259) User=0.27s Sys=0.00s Real=0.05s
[2024-05-30T12:32:12.486+0000][7071.905s][info][gc,start    ] GC(1260) Pause Young (Normal) (G1 Evacuation Pause)
[2024-05-30T12:32:12.486+0000][7071.905s][info][gc,task     ] GC(1260) Using 6 workers of 6 for evacuation
[2024-05-30T12:32:12.509+0000][7071.928s][info][gc,phases   ] GC(1260)   Pre Evacuate Collection Set: 0.2ms
[2024-05-30T12:32:12.509+0000][7071.928s][info][gc,phases   ] GC(1260)   Merge Heap Roots: 0.3ms
[2024-05-30T12:32:12.509+0000][7071.928s][info][gc,phases   ] GC(1260)   Evacuate Collection Set: 20.6ms
[2024-05-30T12:32:12.509+0000][7071.928s][info][gc,phases   ] GC(1260)   Post Evacuate Collection Set: 1.8ms
[2024-05-30T12:32:12.509+0000][7071.928s][info][gc,phases   ] GC(1260)   Other: 0.2ms
[2024-05-30T12:32:12.509+0000][7071.928s][info][gc,heap     ] GC(1260) Eden regions: 914->0(913)
[2024-05-30T12:32:12.509+0000][7071.928s][info][gc,heap     ] GC(1260) Survivor regions: 7->8(116)
[2024-05-30T12:32:12.509+0000][7071.928s][info][gc,heap     ] GC(1260) Old regions: 227->227
[2024-05-30T12:32:12.509+0000][7071.928s][info][gc,heap     ] GC(1260) Archive regions: 2->2
[2024-05-30T12:32:12.509+0000][7071.928s][info][gc,heap     ] GC(1260) Humongous regions: 7->7
[2024-05-30T12:32:12.509+0000][7071.928s][info][gc,metaspace] GC(1260) Metaspace: 414484K(420544K)->414484K(420544K) NonClass: 362470K(365888K)->362470K(365888K) Class: 52014K(54656K)->52014K(54656K)
[2024-05-30T12:32:12.509+0000][7071.928s][info][gc          ] GC(1260) Pause Young (Normal) (G1 Evacuation Pause) 9238M->1938M(12288M) 23.134ms
[2024-05-30T12:32:12.509+0000][7071.928s][info][gc,cpu      ] GC(1260) User=0.13s Sys=0.00s Real=0.03s
[2024-05-30T12:32:22.716+0000][7082.135s][info][gc,start    ] GC(1261) Pause Young (Normal) (G1 Evacuation Pause)
[2024-05-30T12:32:22.716+0000][7082.135s][info][gc,task     ] GC(1261) Using 6 workers of 6 for evacuation
[2024-05-30T12:32:22.746+0000][7082.165s][info][gc,phases   ] GC(1261)   Pre Evacuate Collection Set: 0.2ms
[2024-05-30T12:32:22.746+0000][7082.165s][info][gc,phases   ] GC(1261)   Merge Heap Roots: 0.3ms
[2024-05-30T12:32:22.746+0000][7082.165s][info][gc,phases   ] GC(1261)   Evacuate Collection Set: 27.4ms
[2024-05-30T12:32:22.746+0000][7082.165s][info][gc,phases   ] GC(1261)   Post Evacuate Collection Set: 2.0ms
[2024-05-30T12:32:22.746+0000][7082.165s][info][gc,phases   ] GC(1261)   Other: 0.3ms
[2024-05-30T12:32:22.746+0000][7082.165s][info][gc,heap     ] GC(1261) Eden regions: 913->0(908)
[2024-05-30T12:32:22.746+0000][7082.165s][info][gc,heap     ] GC(1261) Survivor regions: 8->13(116)
[2024-05-30T12:32:22.746+0000][7082.165s][info][gc,heap     ] GC(1261) Old regions: 227->227
[2024-05-30T12:32:22.746+0000][7082.165s][info][gc,heap     ] GC(1261) Archive regions: 2->2
[2024-05-30T12:32:22.746+0000][7082.165s][info][gc,heap     ] GC(1261) Humongous regions: 7->7
[2024-05-30T12:32:22.746+0000][7082.165s][info][gc,metaspace] GC(1261) Metaspace: 414484K(420544K)->414484K(420544K) NonClass: 362470K(365888K)->362470K(365888K) Class: 52014K(54656K)->52014K(54656K)
[2024-05-30T12:32:22.746+0000][7082.165s][info][gc          ] GC(1261) Pause Young (Normal) (G1 Evacuation Pause) 9242M->1978M(12288M) 30.174ms
[2024-05-30T12:32:22.746+0000][7082.165s][info][gc,cpu      ] GC(1261) User=0.18s Sys=0.00s Real=0.03s
[2024-05-30T12:32:32.528+0000][7091.947s][info][gc,start    ] GC(1262) Pause Young (Concurrent Start) (G1 Evacuation Pause)
[2024-05-30T12:32:32.528+0000][7091.947s][info][gc,task     ] GC(1262) Using 6 workers of 6 for evacuation
[2024-05-30T12:32:32.562+0000][7091.981s][info][gc,phases   ] GC(1262)   Pre Evacuate Collection Set: 0.6ms
[2024-05-30T12:32:32.562+0000][7091.981s][info][gc,phases   ] GC(1262)   Merge Heap Roots: 0.3ms
[2024-05-30T12:32:32.562+0000][7091.981s][info][gc,phases   ] GC(1262)   Evacuate Collection Set: 31.7ms
[2024-05-30T12:32:32.562+0000][7091.981s][info][gc,phases   ] GC(1262)   Post Evacuate Collection Set: 1.8ms
[2024-05-30T12:32:32.562+0000][7091.981s][info][gc,phases   ] GC(1262)   Other: 0.3ms
[2024-05-30T12:32:32.562+0000][7091.981s][info][gc,heap     ] GC(1262) Eden regions: 908->0(907)
[2024-05-30T12:32:32.562+0000][7091.981s][info][gc,heap     ] GC(1262) Survivor regions: 13->14(116)
[2024-05-30T12:32:32.562+0000][7091.981s][info][gc,heap     ] GC(1262) Old regions: 227->227
[2024-05-30T12:32:32.562+0000][7091.981s][info][gc,heap     ] GC(1262) Archive regions: 2->2
[2024-05-30T12:32:32.562+0000][7091.981s][info][gc,heap     ] GC(1262) Humongous regions: 7->7
[2024-05-30T12:32:32.562+0000][7091.981s][info][gc,metaspace] GC(1262) Metaspace: 414484K(420544K)->414484K(420544K) NonClass: 362470K(365888K)->362470K(365888K) Class: 52014K(54656K)->52014K(54656K)
[2024-05-30T12:32:32.562+0000][7091.981s][info][gc          ] GC(1262) Pause Young (Concurrent Start) (G1 Evacuation Pause) 9242M->1985M(12288M) 34.681ms
[2024-05-30T12:32:32.562+0000][7091.982s][info][gc,cpu      ] GC(1262) User=0.20s Sys=0.00s Real=0.04s
[2024-05-30T12:32:32.562+0000][7091.982s][info][gc          ] GC(1263) Concurrent Mark Cycle
[2024-05-30T12:32:32.562+0000][7091.982s][info][gc,marking  ] GC(1263) Concurrent Clear Claimed Marks
[2024-05-30T12:32:32.563+0000][7091.982s][info][gc,marking  ] GC(1263) Concurrent Clear Claimed Marks 0.410ms
[2024-05-30T12:32:32.563+0000][7091.982s][info][gc,marking  ] GC(1263) Concurrent Scan Root Regions
[2024-05-30T12:32:32.607+0000][7092.026s][info][gc,marking  ] GC(1263) Concurrent Scan Root Regions 44.370ms
[2024-05-30T12:32:32.607+0000][7092.026s][info][gc,marking  ] GC(1263) Concurrent Mark
[2024-05-30T12:32:32.607+0000][7092.026s][info][gc,marking  ] GC(1263) Concurrent Mark From Roots
[2024-05-30T12:32:32.607+0000][7092.026s][info][gc,task     ] GC(1263) Using 2 workers of 2 for marking
[2024-05-30T12:32:33.911+0000][7093.330s][info][gc,marking  ] GC(1263) Concurrent Mark From Roots 1303.878ms
[2024-05-30T12:32:33.911+0000][7093.330s][info][gc,marking  ] GC(1263) Concurrent Preclean
[2024-05-30T12:32:33.912+0000][7093.331s][info][gc,marking  ] GC(1263) Concurrent Preclean 1.077ms
[2024-05-30T12:32:33.912+0000][7093.332s][info][gc,start    ] GC(1263) Pause Remark
[2024-05-30T12:32:33.934+0000][7093.353s][info][gc          ] GC(1263) Pause Remark 2881M->2881M(12288M) 21.400ms
[2024-05-30T12:32:33.934+0000][7093.353s][info][gc,cpu      ] GC(1263) User=0.08s Sys=0.00s Real=0.02s
[2024-05-30T12:32:33.934+0000][7093.353s][info][gc,marking  ] GC(1263) Concurrent Mark 1326.910ms
[2024-05-30T12:32:33.934+0000][7093.353s][info][gc,marking  ] GC(1263) Concurrent Rebuild Remembered Sets
[2024-05-30T12:32:34.731+0000][7094.150s][info][gc,marking  ] GC(1263) Concurrent Rebuild Remembered Sets 796.790ms
[2024-05-30T12:32:34.731+0000][7094.150s][info][gc,start    ] GC(1263) Pause Cleanup
[2024-05-30T12:32:34.732+0000][7094.151s][info][gc          ] GC(1263) Pause Cleanup 3441M->3441M(12288M) 0.537ms
[2024-05-30T12:32:34.732+0000][7094.151s][info][gc,cpu      ] GC(1263) User=0.00s Sys=0.00s Real=0.00s
[2024-05-30T12:32:34.732+0000][7094.151s][info][gc,marking  ] GC(1263) Concurrent Cleanup for Next Mark
[2024-05-30T12:32:34.749+0000][7094.168s][info][gc,marking  ] GC(1263) Concurrent Cleanup for Next Mark 17.294ms
[2024-05-30T12:32:34.749+0000][7094.168s][info][gc          ] GC(1263) Concurrent Mark Cycle 2186.837ms
[2024-05-30T12:32:41.074+0000][7100.493s][info][gc,start    ] GC(1264) Pause Young (Prepare Mixed) (G1 Evacuation Pause)
[2024-05-30T12:32:41.074+0000][7100.493s][info][gc,task     ] GC(1264) Using 6 workers of 6 for evacuation
[2024-05-30T12:32:41.111+0000][7100.530s][info][gc,phases   ] GC(1264)   Pre Evacuate Collection Set: 0.2ms
[2024-05-30T12:32:41.111+0000][7100.530s][info][gc,phases   ] GC(1264)   Merge Heap Roots: 0.3ms
[2024-05-30T12:32:41.111+0000][7100.530s][info][gc,phases   ] GC(1264)   Evacuate Collection Set: 34.6ms
[2024-05-30T12:32:41.111+0000][7100.530s][info][gc,phases   ] GC(1264)   Post Evacuate Collection Set: 1.9ms
[2024-05-30T12:32:41.111+0000][7100.530s][info][gc,phases   ] GC(1264)   Other: 0.2ms
[2024-05-30T12:32:41.111+0000][7100.530s][info][gc,heap     ] GC(1264) Eden regions: 907->0(62)
[2024-05-30T12:32:41.111+0000][7100.530s][info][gc,heap     ] GC(1264) Survivor regions: 14->14(116)
[2024-05-30T12:32:41.111+0000][7100.530s][info][gc,heap     ] GC(1264) Old regions: 227->227
[2024-05-30T12:32:41.111+0000][7100.530s][info][gc,heap     ] GC(1264) Archive regions: 2->2
[2024-05-30T12:32:41.111+0000][7100.530s][info][gc,heap     ] GC(1264) Humongous regions: 7->7
[2024-05-30T12:32:41.111+0000][7100.530s][info][gc,metaspace] GC(1264) Metaspace: 414484K(420544K)->414484K(420544K) NonClass: 362470K(365888K)->362470K(365888K) Class: 52014K(54656K)->52014K(54656K)
[2024-05-30T12:32:41.111+0000][7100.530s][info][gc          ] GC(1264) Pause Young (Prepare Mixed) (G1 Evacuation Pause) 9241M->1986M(12288M) 37.290ms
[2024-05-30T12:32:41.111+0000][7100.530s][info][gc,cpu      ] GC(1264) User=0.22s Sys=0.00s Real=0.04s
[2024-05-30T12:32:41.435+0000][7100.854s][info][gc,start    ] GC(1265) Pause Young (Mixed) (G1 Evacuation Pause)
[2024-05-30T12:32:41.435+0000][7100.854s][info][gc,task     ] GC(1265) Using 6 workers of 6 for evacuation
[2024-05-30T12:32:41.482+0000][7100.901s][info][gc,phases   ] GC(1265)   Pre Evacuate Collection Set: 0.2ms
[2024-05-30T12:32:41.482+0000][7100.901s][info][gc,phases   ] GC(1265)   Merge Heap Roots: 0.2ms
[2024-05-30T12:32:41.482+0000][7100.901s][info][gc,phases   ] GC(1265)   Evacuate Collection Set: 45.6ms
[2024-05-30T12:32:41.482+0000][7100.901s][info][gc,phases   ] GC(1265)   Post Evacuate Collection Set: 1.3ms
[2024-05-30T12:32:41.482+0000][7100.901s][info][gc,phases   ] GC(1265)   Other: 0.2ms
[2024-05-30T12:32:41.482+0000][7100.901s][info][gc,heap     ] GC(1265) Eden regions: 62->0(917)
[2024-05-30T12:32:41.482+0000][7100.901s][info][gc,heap     ] GC(1265) Survivor regions: 14->4(10)
[2024-05-30T12:32:41.482+0000][7100.901s][info][gc,heap     ] GC(1265) Old regions: 227->223
[2024-05-30T12:32:41.482+0000][7100.901s][info][gc,heap     ] GC(1265) Archive regions: 2->2
[2024-05-30T12:32:41.482+0000][7100.901s][info][gc,heap     ] GC(1265) Humongous regions: 7->7
[2024-05-30T12:32:41.482+0000][7100.901s][info][gc,metaspace] GC(1265) Metaspace: 414484K(420544K)->414484K(420544K) NonClass: 362470K(365888K)->362470K(365888K) Class: 52014K(54656K)->52014K(54656K)
[2024-05-30T12:32:41.482+0000][7100.902s][info][gc          ] GC(1265) Pause Young (Mixed) (G1 Evacuation Pause) 2482M->1870M(12288M) 47.573ms
[2024-05-30T12:32:41.482+0000][7100.902s][info][gc,cpu      ] GC(1265) User=0.28s Sys=0.00s Real=0.05s
[2024-05-30T12:32:50.558+0000][7109.977s][info][gc,start    ] GC(1266) Pause Young (Normal) (G1 Evacuation Pause)
[2024-05-30T12:32:50.558+0000][7109.977s][info][gc,task     ] GC(1266) Using 6 workers of 6 for evacuation
[2024-05-30T12:32:50.577+0000][7109.997s][info][gc,phases   ] GC(1266)   Pre Evacuate Collection Set: 0.2ms
[2024-05-30T12:32:50.577+0000][7109.997s][info][gc,phases   ] GC(1266)   Merge Heap Roots: 0.3ms
[2024-05-30T12:32:50.577+0000][7109.997s][info][gc,phases   ] GC(1266)   Evacuate Collection Set: 16.9ms
[2024-05-30T12:32:50.577+0000][7109.997s][info][gc,phases   ] GC(1266)   Post Evacuate Collection Set: 1.8ms
[2024-05-30T12:32:50.577+0000][7109.997s][info][gc,phases   ] GC(1266)   Other: 0.2ms
[2024-05-30T12:32:50.577+0000][7109.997s][info][gc,heap     ] GC(1266) Eden regions: 917->0(914)
[2024-05-30T12:32:50.577+0000][7109.997s][info][gc,heap     ] GC(1266) Survivor regions: 4->7(116)
[2024-05-30T12:32:50.577+0000][7109.997s][info][gc,heap     ] GC(1266) Old regions: 223->223
[2024-05-30T12:32:50.577+0000][7109.997s][info][gc,heap     ] GC(1266) Archive regions: 2->2
[2024-05-30T12:32:50.577+0000][7109.997s][info][gc,heap     ] GC(1266) Humongous regions: 7->7
[2024-05-30T12:32:50.577+0000][7109.997s][info][gc,metaspace] GC(1266) Metaspace: 414485K(420544K)->414485K(420544K) NonClass: 362470K(365888K)->362470K(365888K) Class: 52014K(54656K)->52014K(54656K)
[2024-05-30T12:32:50.578+0000][7109.997s][info][gc          ] GC(1266) Pause Young (Normal) (G1 Evacuation Pause) 9206M->1893M(12288M) 19.382ms
[2024-05-30T12:32:50.578+0000][7109.997s][info][gc,cpu      ] GC(1266) User=0.11s Sys=0.00s Real=0.02s
[2024-05-30T12:33:00.810+0000][7120.229s][info][gc,start    ] GC(1267) Pause Young (Normal) (G1 Evacuation Pause)
[2024-05-30T12:33:00.810+0000][7120.229s][info][gc,task     ] GC(1267) Using 6 workers of 6 for evacuation
[2024-05-30T12:33:00.841+0000][7120.260s][info][gc,phases   ] GC(1267)   Pre Evacuate Collection Set: 0.2ms
[2024-05-30T12:33:00.841+0000][7120.260s][info][gc,phases   ] GC(1267)   Merge Heap Roots: 0.2ms
[2024-05-30T12:33:00.841+0000][7120.260s][info][gc,phases   ] GC(1267)   Evacuate Collection Set: 28.9ms
[2024-05-30T12:33:00.841+0000][7120.260s][info][gc,phases   ] GC(1267)   Post Evacuate Collection Set: 1.9ms
[2024-05-30T12:33:00.841+0000][7120.260s][info][gc,phases   ] GC(1267)   Other: 0.2ms
[2024-05-30T12:33:00.841+0000][7120.260s][info][gc,heap     ] GC(1267) Eden regions: 914->0(910)
[2024-05-30T12:33:00.841+0000][7120.260s][info][gc,heap     ] GC(1267) Survivor regions: 7->11(116)
[2024-05-30T12:33:00.841+0000][7120.260s][info][gc,heap     ] GC(1267) Old regions: 223->223
[2024-05-30T12:33:00.841+0000][7120.260s][info][gc,heap     ] GC(1267) Archive regions: 2->2
[2024-05-30T12:33:00.841+0000][7120.260s][info][gc,heap     ] GC(1267) Humongous regions: 7->7
[2024-05-30T12:33:00.841+0000][7120.260s][info][gc,metaspace] GC(1267) Metaspace: 414485K(420544K)->414485K(420544K) NonClass: 362470K(365888K)->362470K(365888K) Class: 52014K(54656K)->52014K(54656K)
[2024-05-30T12:33:00.841+0000][7120.260s][info][gc          ] GC(1267) Pause Young (Normal) (G1 Evacuation Pause) 9205M->1925M(12288M) 31.500ms
[2024-05-30T12:33:00.841+0000][7120.260s][info][gc,cpu      ] GC(1267) User=0.18s Sys=0.00s Real=0.03s
[2024-05-30T12:33:10.841+0000][7130.260s][info][gc,start    ] GC(1268) Pause Young (Concurrent Start) (G1 Evacuation Pause)
[2024-05-30T12:33:10.841+0000][7130.260s][info][gc,task     ] GC(1268) Using 6 workers of 6 for evacuation
[2024-05-30T12:33:10.872+0000][7130.292s][info][gc,phases   ] GC(1268)   Pre Evacuate Collection Set: 0.6ms
[2024-05-30T12:33:10.872+0000][7130.292s][info][gc,phases   ] GC(1268)   Merge Heap Roots: 0.2ms
[2024-05-30T12:33:10.872+0000][7130.292s][info][gc,phases   ] GC(1268)   Evacuate Collection Set: 28.7ms
[2024-05-30T12:33:10.872+0000][7130.292s][info][gc,phases   ] GC(1268)   Post Evacuate Collection Set: 1.8ms
[2024-05-30T12:33:10.872+0000][7130.292s][info][gc,phases   ] GC(1268)   Other: 0.3ms
[2024-05-30T12:33:10.872+0000][7130.292s][info][gc,heap     ] GC(1268) Eden regions: 910->0(909)
[2024-05-30T12:33:10.872+0000][7130.292s][info][gc,heap     ] GC(1268) Survivor regions: 11->12(116)
[2024-05-30T12:33:10.872+0000][7130.292s][info][gc,heap     ] GC(1268) Old regions: 223->223
[2024-05-30T12:33:10.872+0000][7130.292s][info][gc,heap     ] GC(1268) Archive regions: 2->2
[2024-05-30T12:33:10.872+0000][7130.292s][info][gc,heap     ] GC(1268) Humongous regions: 7->7
[2024-05-30T12:33:10.873+0000][7130.292s][info][gc,metaspace] GC(1268) Metaspace: 414485K(420544K)->414485K(420544K) NonClass: 362470K(365888K)->362470K(365888K) Class: 52014K(54656K)->52014K(54656K)
[2024-05-30T12:33:10.873+0000][7130.292s][info][gc          ] GC(1268) Pause Young (Concurrent Start) (G1 Evacuation Pause) 9205M->1934M(12288M) 31.650ms
[2024-05-30T12:33:10.873+0000][7130.292s][info][gc,cpu      ] GC(1268) User=0.18s Sys=0.01s Real=0.03s
[2024-05-30T12:33:10.873+0000][7130.292s][info][gc          ] GC(1269) Concurrent Mark Cycle
[2024-05-30T12:33:10.873+0000][7130.292s][info][gc,marking  ] GC(1269) Concurrent Clear Claimed Marks
[2024-05-30T12:33:10.873+0000][7130.292s][info][gc,marking  ] GC(1269) Concurrent Clear Claimed Marks 0.414ms
[2024-05-30T12:33:10.873+0000][7130.292s][info][gc,marking  ] GC(1269) Concurrent Scan Root Regions
[2024-05-30T12:33:10.898+0000][7130.317s][info][gc,marking  ] GC(1269) Concurrent Scan Root Regions 25.134ms
[2024-05-30T12:33:10.898+0000][7130.318s][info][gc,marking  ] GC(1269) Concurrent Mark
[2024-05-30T12:33:10.898+0000][7130.318s][info][gc,marking  ] GC(1269) Concurrent Mark From Roots
[2024-05-30T12:33:10.898+0000][7130.318s][info][gc,task     ] GC(1269) Using 2 workers of 2 for marking
[2024-05-30T12:33:12.212+0000][7131.631s][info][gc,marking  ] GC(1269) Concurrent Mark From Roots 1313.427ms
[2024-05-30T12:33:12.212+0000][7131.631s][info][gc,marking  ] GC(1269) Concurrent Preclean
[2024-05-30T12:33:12.213+0000][7131.632s][info][gc,marking  ] GC(1269) Concurrent Preclean 1.413ms
[2024-05-30T12:33:12.213+0000][7131.633s][info][gc,start    ] GC(1269) Pause Remark
[2024-05-30T12:33:12.236+0000][7131.656s][info][gc          ] GC(1269) Pause Remark 2822M->2822M(12288M) 23.097ms
[2024-05-30T12:33:12.237+0000][7131.656s][info][gc,cpu      ] GC(1269) User=0.09s Sys=0.00s Real=0.03s
[2024-05-30T12:33:12.237+0000][7131.656s][info][gc,marking  ] GC(1269) Concurrent Mark 1338.402ms
[2024-05-30T12:33:12.237+0000][7131.656s][info][gc,marking  ] GC(1269) Concurrent Rebuild Remembered Sets
[2024-05-30T12:33:13.013+0000][7132.432s][info][gc,marking  ] GC(1269) Concurrent Rebuild Remembered Sets 776.212ms
[2024-05-30T12:33:13.013+0000][7132.432s][info][gc,start    ] GC(1269) Pause Cleanup
[2024-05-30T12:33:13.014+0000][7132.433s][info][gc          ] GC(1269) Pause Cleanup 3354M->3354M(12288M) 0.547ms
[2024-05-30T12:33:13.014+0000][7132.433s][info][gc,cpu      ] GC(1269) User=0.00s Sys=0.00s Real=0.00s
[2024-05-30T12:33:13.014+0000][7132.433s][info][gc,marking  ] GC(1269) Concurrent Cleanup for Next Mark
[2024-05-30T12:33:13.032+0000][7132.451s][info][gc,marking  ] GC(1269) Concurrent Cleanup for Next Mark 17.904ms
[2024-05-30T12:33:13.032+0000][7132.451s][info][gc          ] GC(1269) Concurrent Mark Cycle 2159.028ms
[2024-05-30T12:33:15.605+0000][7135.024s][info][gc,start    ] GC(1270) Pause Young (Prepare Mixed) (G1 Evacuation Pause)
[2024-05-30T12:33:15.605+0000][7135.024s][info][gc,task     ] GC(1270) Using 6 workers of 6 for evacuation
[2024-05-30T12:33:15.695+0000][7135.115s][info][gc,phases   ] GC(1270)   Pre Evacuate Collection Set: 0.2ms
[2024-05-30T12:33:15.695+0000][7135.115s][info][gc,phases   ] GC(1270)   Merge Heap Roots: 0.4ms
[2024-05-30T12:33:15.695+0000][7135.115s][info][gc,phases   ] GC(1270)   Evacuate Collection Set: 73.5ms
[2024-05-30T12:33:15.695+0000][7135.115s][info][gc,phases   ] GC(1270)   Post Evacuate Collection Set: 16.0ms
[2024-05-30T12:33:15.695+0000][7135.115s][info][gc,phases   ] GC(1270)   Other: 0.3ms
[2024-05-30T12:33:15.695+0000][7135.115s][info][gc,heap     ] GC(1270) Eden regions: 909->0(59)
[2024-05-30T12:33:15.695+0000][7135.115s][info][gc,heap     ] GC(1270) Survivor regions: 12->17(116)
[2024-05-30T12:33:15.695+0000][7135.115s][info][gc,heap     ] GC(1270) Old regions: 223->223
[2024-05-30T12:33:15.695+0000][7135.115s][info][gc,heap     ] GC(1270) Archive regions: 2->2
[2024-05-30T12:33:15.695+0000][7135.115s][info][gc,heap     ] GC(1270) Humongous regions: 7->7
[2024-05-30T12:33:15.695+0000][7135.115s][info][gc,metaspace] GC(1270) Metaspace: 414485K(420544K)->414485K(420544K) NonClass: 362470K(365888K)->362470K(365888K) Class: 52014K(54656K)->52014K(54656K)
[2024-05-30T12:33:15.695+0000][7135.115s][info][gc          ] GC(1270) Pause Young (Prepare Mixed) (G1 Evacuation Pause) 9206M->1969M(12288M) 90.347ms
[2024-05-30T12:33:15.696+0000][7135.115s][info][gc,cpu      ] GC(1270) User=0.52s Sys=0.00s Real=0.09s
[2024-05-30T12:33:15.954+0000][7135.374s][info][gc,start    ] GC(1271) Pause Young (Mixed) (G1 Evacuation Pause)
[2024-05-30T12:33:15.954+0000][7135.374s][info][gc,task     ] GC(1271) Using 6 workers of 6 for evacuation
[2024-05-30T12:33:16.015+0000][7135.435s][info][gc,phases   ] GC(1271)   Pre Evacuate Collection Set: 0.2ms
[2024-05-30T12:33:16.015+0000][7135.435s][info][gc,phases   ] GC(1271)   Merge Heap Roots: 0.3ms
[2024-05-30T12:33:16.015+0000][7135.435s][info][gc,phases   ] GC(1271)   Evacuate Collection Set: 58.0ms
[2024-05-30T12:33:16.015+0000][7135.435s][info][gc,phases   ] GC(1271)   Post Evacuate Collection Set: 2.5ms
[2024-05-30T12:33:16.015+0000][7135.435s][info][gc,phases   ] GC(1271)   Other: 0.2ms
[2024-05-30T12:33:16.015+0000][7135.435s][info][gc,heap     ] GC(1271) Eden regions: 59->0(918)
[2024-05-30T12:33:16.015+0000][7135.435s][info][gc,heap     ] GC(1271) Survivor regions: 17->3(10)
[2024-05-30T12:33:16.015+0000][7135.435s][info][gc,heap     ] GC(1271) Old regions: 223->224
[2024-05-30T12:33:16.016+0000][7135.435s][info][gc,heap     ] GC(1271) Archive regions: 2->2
[2024-05-30T12:33:16.016+0000][7135.435s][info][gc,heap     ] GC(1271) Humongous regions: 7->7
[2024-05-30T12:33:16.016+0000][7135.435s][info][gc,metaspace] GC(1271) Metaspace: 414485K(420544K)->414485K(420544K) NonClass: 362470K(365888K)->362470K(365888K) Class: 52014K(54656K)->52014K(54656K)
[2024-05-30T12:33:16.016+0000][7135.435s][info][gc          ] GC(1271) Pause Young (Mixed) (G1 Evacuation Pause) 2441M->1873M(12288M) 61.217ms
[2024-05-30T12:33:16.016+0000][7135.435s][info][gc,cpu      ] GC(1271) User=0.37s Sys=0.00s Real=0.06s
[2024-05-30T12:33:18.729+0000][7138.148s][info][gc,start    ] GC(1272) Pause Young (Normal) (G1 Evacuation Pause)
[2024-05-30T12:33:18.729+0000][7138.148s][info][gc,task     ] GC(1272) Using 6 workers of 6 for evacuation
[2024-05-30T12:33:18.812+0000][7138.231s][info][gc,phases   ] GC(1272)   Pre Evacuate Collection Set: 0.2ms
[2024-05-30T12:33:18.812+0000][7138.231s][info][gc,phases   ] GC(1272)   Merge Heap Roots: 0.4ms
[2024-05-30T12:33:18.812+0000][7138.231s][info][gc,phases   ] GC(1272)   Evacuate Collection Set: 61.8ms
[2024-05-30T12:33:18.812+0000][7138.231s][info][gc,phases   ] GC(1272)   Post Evacuate Collection Set: 20.8ms
[2024-05-30T12:33:18.812+0000][7138.231s][info][gc,phases   ] GC(1272)   Other: 0.2ms
[2024-05-30T12:33:18.812+0000][7138.231s][info][gc,heap     ] GC(1272) Eden regions: 918->0(914)
[2024-05-30T12:33:18.812+0000][7138.231s][info][gc,heap     ] GC(1272) Survivor regions: 3->7(116)
[2024-05-30T12:33:18.812+0000][7138.231s][info][gc,heap     ] GC(1272) Old regions: 224->224
[2024-05-30T12:33:18.812+0000][7138.231s][info][gc,heap     ] GC(1272) Archive regions: 2->2
[2024-05-30T12:33:18.812+0000][7138.231s][info][gc,heap     ] GC(1272) Humongous regions: 7->7
[2024-05-30T12:33:18.812+0000][7138.231s][info][gc,metaspace] GC(1272) Metaspace: 414485K(420544K)->414485K(420544K) NonClass: 362470K(365888K)->362470K(365888K) Class: 52014K(54656K)->52014K(54656K)
[2024-05-30T12:33:18.812+0000][7138.231s][info][gc          ] GC(1272) Pause Young (Normal) (G1 Evacuation Pause) 9217M->1903M(12288M) 83.378ms
[2024-05-30T12:33:18.812+0000][7138.231s][info][gc,cpu      ] GC(1272) User=0.48s Sys=0.00s Real=0.08s
[2024-05-30T12:33:21.399+0000][7140.818s][info][gc,start    ] GC(1273) Pause Young (Normal) (G1 Evacuation Pause)
[2024-05-30T12:33:21.399+0000][7140.818s][info][gc,task     ] GC(1273) Using 6 workers of 6 for evacuation
[2024-05-30T12:33:21.493+0000][7140.912s][info][gc,phases   ] GC(1273)   Pre Evacuate Collection Set: 0.2ms
[2024-05-30T12:33:21.493+0000][7140.912s][info][gc,phases   ] GC(1273)   Merge Heap Roots: 0.4ms
[2024-05-30T12:33:21.493+0000][7140.912s][info][gc,phases   ] GC(1273)   Evacuate Collection Set: 73.5ms
[2024-05-30T12:33:21.493+0000][7140.912s][info][gc,phases   ] GC(1273)   Post Evacuate Collection Set: 19.7ms
[2024-05-30T12:33:21.493+0000][7140.912s][info][gc,phases   ] GC(1273)   Other: 0.2ms
[2024-05-30T12:33:21.493+0000][7140.912s][info][gc,heap     ] GC(1273) Eden regions: 914->0(910)
[2024-05-30T12:33:21.493+0000][7140.912s][info][gc,heap     ] GC(1273) Survivor regions: 7->11(116)
[2024-05-30T12:33:21.493+0000][7140.912s][info][gc,heap     ] GC(1273) Old regions: 224->224
[2024-05-30T12:33:21.493+0000][7140.912s][info][gc,heap     ] GC(1273) Archive regions: 2->2
[2024-05-30T12:33:21.493+0000][7140.912s][info][gc,heap     ] GC(1273) Humongous regions: 7->7
[2024-05-30T12:33:21.493+0000][7140.912s][info][gc,metaspace] GC(1273) Metaspace: 414485K(420544K)->414485K(420544K) NonClass: 362470K(365888K)->362470K(365888K) Class: 52014K(54656K)->52014K(54656K)
[2024-05-30T12:33:21.493+0000][7140.912s][info][gc          ] GC(1273) Pause Young (Normal) (G1 Evacuation Pause) 9215M->1937M(12288M) 94.016ms
[2024-05-30T12:33:21.493+0000][7140.912s][info][gc,cpu      ] GC(1273) User=0.55s Sys=0.00s Real=0.09s
[2024-05-30T12:33:25.329+0000][7144.748s][info][gc,start    ] GC(1274) Pause Young (Concurrent Start) (G1 Evacuation Pause)
[2024-05-30T12:33:25.329+0000][7144.748s][info][gc,task     ] GC(1274) Using 6 workers of 6 for evacuation
[2024-05-30T12:33:25.400+0000][7144.819s][info][gc,phases   ] GC(1274)   Pre Evacuate Collection Set: 0.6ms
[2024-05-30T12:33:25.400+0000][7144.819s][info][gc,phases   ] GC(1274)   Merge Heap Roots: 0.4ms
[2024-05-30T12:33:25.400+0000][7144.819s][info][gc,phases   ] GC(1274)   Evacuate Collection Set: 57.6ms
[2024-05-30T12:33:25.400+0000][7144.819s][info][gc,phases   ] GC(1274)   Post Evacuate Collection Set: 12.4ms
[2024-05-30T12:33:25.400+0000][7144.819s][info][gc,phases   ] GC(1274)   Other: 0.3ms
[2024-05-30T12:33:25.400+0000][7144.819s][info][gc,heap     ] GC(1274) Eden regions: 910->0(908)
[2024-05-30T12:33:25.400+0000][7144.819s][info][gc,heap     ] GC(1274) Survivor regions: 11->13(116)
[2024-05-30T12:33:25.400+0000][7144.819s][info][gc,heap     ] GC(1274) Old regions: 224->224
[2024-05-30T12:33:25.400+0000][7144.819s][info][gc,heap     ] GC(1274) Archive regions: 2->2
[2024-05-30T12:33:25.400+0000][7144.819s][info][gc,heap     ] GC(1274) Humongous regions: 7->7
[2024-05-30T12:33:25.400+0000][7144.819s][info][gc,metaspace] GC(1274) Metaspace: 414485K(420544K)->414485K(420544K) NonClass: 362471K(365888K)->362471K(365888K) Class: 52014K(54656K)->52014K(54656K)
[2024-05-30T12:33:25.400+0000][7144.820s][info][gc          ] GC(1274) Pause Young (Concurrent Start) (G1 Evacuation Pause) 9217M->1953M(12288M) 71.388ms
[2024-05-30T12:33:25.400+0000][7144.820s][info][gc,cpu      ] GC(1274) User=0.40s Sys=0.00s Real=0.07s
[2024-05-30T12:33:25.400+0000][7144.820s][info][gc          ] GC(1275) Concurrent Mark Cycle
[2024-05-30T12:33:25.400+0000][7144.820s][info][gc,marking  ] GC(1275) Concurrent Clear Claimed Marks
[2024-05-30T12:33:25.401+0000][7144.820s][info][gc,marking  ] GC(1275) Concurrent Clear Claimed Marks 0.425ms
[2024-05-30T12:33:25.401+0000][7144.820s][info][gc,marking  ] GC(1275) Concurrent Scan Root Regions
[2024-05-30T12:33:25.436+0000][7144.856s][info][gc,marking  ] GC(1275) Concurrent Scan Root Regions 35.597ms
[2024-05-30T12:33:25.437+0000][7144.856s][info][gc,marking  ] GC(1275) Concurrent Mark
[2024-05-30T12:33:25.437+0000][7144.856s][info][gc,marking  ] GC(1275) Concurrent Mark From Roots
[2024-05-30T12:33:25.437+0000][7144.856s][info][gc,task     ] GC(1275) Using 2 workers of 2 for marking
[2024-05-30T12:33:26.882+0000][7146.301s][info][gc,marking  ] GC(1275) Concurrent Mark From Roots 1445.587ms
[2024-05-30T12:33:26.882+0000][7146.301s][info][gc,marking  ] GC(1275) Concurrent Preclean
[2024-05-30T12:33:26.883+0000][7146.302s][info][gc,marking  ] GC(1275) Concurrent Preclean 0.948ms
[2024-05-30T12:33:26.883+0000][7146.302s][info][gc,start    ] GC(1275) Pause Remark
[2024-05-30T12:33:26.905+0000][7146.324s][info][gc          ] GC(1275) Pause Remark 3153M->3145M(12288M) 21.596ms
[2024-05-30T12:33:26.905+0000][7146.324s][info][gc,cpu      ] GC(1275) User=0.09s Sys=0.00s Real=0.02s
[2024-05-30T12:33:26.905+0000][7146.324s][info][gc,marking  ] GC(1275) Concurrent Mark 1468.587ms
[2024-05-30T12:33:26.905+0000][7146.324s][info][gc,marking  ] GC(1275) Concurrent Rebuild Remembered Sets
[2024-05-30T12:33:27.682+0000][7147.101s][info][gc,marking  ] GC(1275) Concurrent Rebuild Remembered Sets 777.015ms
[2024-05-30T12:33:27.682+0000][7147.102s][info][gc,start    ] GC(1275) Pause Cleanup
[2024-05-30T12:33:27.683+0000][7147.102s][info][gc          ] GC(1275) Pause Cleanup 4373M->4373M(12288M) 0.539ms
[2024-05-30T12:33:27.683+0000][7147.102s][info][gc,cpu      ] GC(1275) User=0.00s Sys=0.00s Real=0.00s
[2024-05-30T12:33:27.683+0000][7147.102s][info][gc,marking  ] GC(1275) Concurrent Cleanup for Next Mark
[2024-05-30T12:33:27.701+0000][7147.120s][info][gc,marking  ] GC(1275) Concurrent Cleanup for Next Mark 17.769ms
[2024-05-30T12:33:27.701+0000][7147.120s][info][gc          ] GC(1275) Concurrent Mark Cycle 2300.407ms
[2024-05-30T12:33:30.519+0000][7149.938s][info][gc,start    ] GC(1276) Pause Young (Prepare Mixed) (G1 Evacuation Pause)
[2024-05-30T12:33:30.519+0000][7149.938s][info][gc,task     ] GC(1276) Using 6 workers of 6 for evacuation
[2024-05-30T12:33:30.541+0000][7149.960s][info][gc,phases   ] GC(1276)   Pre Evacuate Collection Set: 0.2ms
[2024-05-30T12:33:30.541+0000][7149.960s][info][gc,phases   ] GC(1276)   Merge Heap Roots: 0.4ms
[2024-05-30T12:33:30.541+0000][7149.960s][info][gc,phases   ] GC(1276)   Evacuate Collection Set: 19.3ms
[2024-05-30T12:33:30.541+0000][7149.960s][info][gc,phases   ] GC(1276)   Post Evacuate Collection Set: 1.9ms
[2024-05-30T12:33:30.541+0000][7149.960s][info][gc,phases   ] GC(1276)   Other: 0.2ms
[2024-05-30T12:33:30.541+0000][7149.960s][info][gc,heap     ] GC(1276) Eden regions: 908->0(69)
[2024-05-30T12:33:30.541+0000][7149.960s][info][gc,heap     ] GC(1276) Survivor regions: 13->7(116)
[2024-05-30T12:33:30.541+0000][7149.960s][info][gc,heap     ] GC(1276) Old regions: 223->223
[2024-05-30T12:33:30.541+0000][7149.960s][info][gc,heap     ] GC(1276) Archive regions: 2->2
[2024-05-30T12:33:30.541+0000][7149.960s][info][gc,heap     ] GC(1276) Humongous regions: 7->7
[2024-05-30T12:33:30.541+0000][7149.960s][info][gc,metaspace] GC(1276) Metaspace: 414487K(420544K)->414487K(420544K) NonClass: 362473K(365888K)->362473K(365888K) Class: 52014K(54656K)->52014K(54656K)
[2024-05-30T12:33:30.541+0000][7149.960s][info][gc          ] GC(1276) Pause Young (Prepare Mixed) (G1 Evacuation Pause) 9209M->1897M(12288M) 22.053ms
[2024-05-30T12:33:30.541+0000][7149.960s][info][gc,cpu      ] GC(1276) User=0.13s Sys=0.00s Real=0.02s
[2024-05-30T12:33:30.849+0000][7150.268s][info][gc,start    ] GC(1277) Pause Young (Mixed) (G1 Evacuation Pause)
[2024-05-30T12:33:30.849+0000][7150.268s][info][gc,task     ] GC(1277) Using 6 workers of 6 for evacuation
[2024-05-30T12:33:30.880+0000][7150.299s][info][gc,phases   ] GC(1277)   Pre Evacuate Collection Set: 0.2ms
[2024-05-30T12:33:30.880+0000][7150.299s][info][gc,phases   ] GC(1277)   Merge Heap Roots: 0.2ms
[2024-05-30T12:33:30.880+0000][7150.299s][info][gc,phases   ] GC(1277)   Evacuate Collection Set: 29.4ms
[2024-05-30T12:33:30.880+0000][7150.299s][info][gc,phases   ] GC(1277)   Post Evacuate Collection Set: 1.2ms
[2024-05-30T12:33:30.880+0000][7150.299s][info][gc,phases   ] GC(1277)   Other: 0.2ms
[2024-05-30T12:33:30.880+0000][7150.299s][info][gc,heap     ] GC(1277) Eden regions: 69->0(915)
[2024-05-30T12:33:30.880+0000][7150.299s][info][gc,heap     ] GC(1277) Survivor regions: 7->6(10)
[2024-05-30T12:33:30.880+0000][7150.299s][info][gc,heap     ] GC(1277) Old regions: 223->211
[2024-05-30T12:33:30.880+0000][7150.299s][info][gc,heap     ] GC(1277) Archive regions: 2->2
[2024-05-30T12:33:30.880+0000][7150.299s][info][gc,heap     ] GC(1277) Humongous regions: 7->7
[2024-05-30T12:33:30.880+0000][7150.299s][info][gc,metaspace] GC(1277) Metaspace: 414487K(420544K)->414487K(420544K) NonClass: 362473K(365888K)->362473K(365888K) Class: 52014K(54656K)->52014K(54656K)
[2024-05-30T12:33:30.880+0000][7150.299s][info][gc          ] GC(1277) Pause Young (Mixed) (G1 Evacuation Pause) 2449M->1786M(12288M) 31.242ms
[2024-05-30T12:33:30.880+0000][7150.299s][info][gc,cpu      ] GC(1277) User=0.18s Sys=0.00s Real=0.03s
[2024-05-30T12:33:35.169+0000][7154.588s][info][gc,start    ] GC(1278) Pause Young (Normal) (G1 Evacuation Pause)
[2024-05-30T12:33:35.169+0000][7154.588s][info][gc,task     ] GC(1278) Using 6 workers of 6 for evacuation
[2024-05-30T12:33:35.188+0000][7154.607s][info][gc,phases   ] GC(1278)   Pre Evacuate Collection Set: 0.2ms
[2024-05-30T12:33:35.188+0000][7154.607s][info][gc,phases   ] GC(1278)   Merge Heap Roots: 0.2ms
[2024-05-30T12:33:35.188+0000][7154.607s][info][gc,phases   ] GC(1278)   Evacuate Collection Set: 16.4ms
[2024-05-30T12:33:35.188+0000][7154.607s][info][gc,phases   ] GC(1278)   Post Evacuate Collection Set: 1.8ms
[2024-05-30T12:33:35.188+0000][7154.607s][info][gc,phases   ] GC(1278)   Other: 0.2ms
[2024-05-30T12:33:35.188+0000][7154.607s][info][gc,heap     ] GC(1278) Eden regions: 915->0(914)
[2024-05-30T12:33:35.188+0000][7154.607s][info][gc,heap     ] GC(1278) Survivor regions: 6->7(116)
[2024-05-30T12:33:35.188+0000][7154.607s][info][gc,heap     ] GC(1278) Old regions: 211->211
[2024-05-30T12:33:35.188+0000][7154.607s][info][gc,heap     ] GC(1278) Archive regions: 2->2
[2024-05-30T12:33:35.188+0000][7154.607s][info][gc,heap     ] GC(1278) Humongous regions: 7->7
[2024-05-30T12:33:35.188+0000][7154.607s][info][gc,metaspace] GC(1278) Metaspace: 414487K(420544K)->414487K(420544K) NonClass: 362473K(365888K)->362473K(365888K) Class: 52014K(54656K)->52014K(54656K)
[2024-05-30T12:33:35.188+0000][7154.607s][info][gc          ] GC(1278) Pause Young (Normal) (G1 Evacuation Pause) 9106M->1799M(12288M) 18.841ms
[2024-05-30T12:33:35.188+0000][7154.607s][info][gc,cpu      ] GC(1278) User=0.11s Sys=0.00s Real=0.01s
[2024-05-30T12:33:40.486+0000][7159.905s][info][gc,start    ] GC(1279) Pause Young (Normal) (G1 Evacuation Pause)
[2024-05-30T12:33:40.486+0000][7159.905s][info][gc,task     ] GC(1279) Using 6 workers of 6 for evacuation
[2024-05-30T12:33:40.506+0000][7159.925s][info][gc,phases   ] GC(1279)   Pre Evacuate Collection Set: 0.2ms
[2024-05-30T12:33:40.506+0000][7159.925s][info][gc,phases   ] GC(1279)   Merge Heap Roots: 0.2ms
[2024-05-30T12:33:40.506+0000][7159.925s][info][gc,phases   ] GC(1279)   Evacuate Collection Set: 17.6ms
[2024-05-30T12:33:40.506+0000][7159.925s][info][gc,phases   ] GC(1279)   Post Evacuate Collection Set: 1.8ms
[2024-05-30T12:33:40.506+0000][7159.925s][info][gc,phases   ] GC(1279)   Other: 0.2ms
[2024-05-30T12:33:40.506+0000][7159.925s][info][gc,heap     ] GC(1279) Eden regions: 914->0(913)
[2024-05-30T12:33:40.506+0000][7159.925s][info][gc,heap     ] GC(1279) Survivor regions: 7->8(116)
[2024-05-30T12:33:40.506+0000][7159.925s][info][gc,heap     ] GC(1279) Old regions: 211->211
[2024-05-30T12:33:40.506+0000][7159.925s][info][gc,heap     ] GC(1279) Archive regions: 2->2
[2024-05-30T12:33:40.506+0000][7159.925s][info][gc,heap     ] GC(1279) Humongous regions: 7->7
[2024-05-30T12:33:40.506+0000][7159.925s][info][gc,metaspace] GC(1279) Metaspace: 414487K(420544K)->414487K(420544K) NonClass: 362473K(365888K)->362473K(365888K) Class: 52014K(54656K)->52014K(54656K)
[2024-05-30T12:33:40.506+0000][7159.925s][info][gc          ] GC(1279) Pause Young (Normal) (G1 Evacuation Pause) 9111M->1801M(12288M) 20.136ms
[2024-05-30T12:33:40.506+0000][7159.925s][info][gc,cpu      ] GC(1279) User=0.12s Sys=0.00s Real=0.02s
[2024-05-30T12:33:44.707+0000][7164.127s][info][gc,start    ] GC(1280) Pause Young (Normal) (G1 Evacuation Pause)
[2024-05-30T12:33:44.708+0000][7164.127s][info][gc,task     ] GC(1280) Using 6 workers of 6 for evacuation
[2024-05-30T12:33:44.733+0000][7164.152s][info][gc,phases   ] GC(1280)   Pre Evacuate Collection Set: 0.2ms
[2024-05-30T12:33:44.733+0000][7164.152s][info][gc,phases   ] GC(1280)   Merge Heap Roots: 0.2ms
[2024-05-30T12:33:44.733+0000][7164.152s][info][gc,phases   ] GC(1280)   Evacuate Collection Set: 23.0ms
[2024-05-30T12:33:44.733+0000][7164.152s][info][gc,phases   ] GC(1280)   Post Evacuate Collection Set: 1.8ms
[2024-05-30T12:33:44.733+0000][7164.152s][info][gc,phases   ] GC(1280)   Other: 0.2ms
[2024-05-30T12:33:44.733+0000][7164.152s][info][gc,heap     ] GC(1280) Eden regions: 913->0(913)
[2024-05-30T12:33:44.733+0000][7164.152s][info][gc,heap     ] GC(1280) Survivor regions: 8->8(116)
[2024-05-30T12:33:44.733+0000][7164.152s][info][gc,heap     ] GC(1280) Old regions: 211->211
[2024-05-30T12:33:44.733+0000][7164.152s][info][gc,heap     ] GC(1280) Archive regions: 2->2
[2024-05-30T12:33:44.733+0000][7164.152s][info][gc,heap     ] GC(1280) Humongous regions: 7->7
[2024-05-30T12:33:44.733+0000][7164.152s][info][gc,metaspace] GC(1280) Metaspace: 414487K(420544K)->414487K(420544K) NonClass: 362473K(365888K)->362473K(365888K) Class: 52014K(54656K)->52014K(54656K)
[2024-05-30T12:33:44.733+0000][7164.152s][info][gc          ] GC(1280) Pause Young (Normal) (G1 Evacuation Pause) 9105M->1808M(12288M) 25.490ms
[2024-05-30T12:33:44.733+0000][7164.152s][info][gc,cpu      ] GC(1280) User=0.15s Sys=0.00s Real=0.03s
[2024-05-30T12:33:49.718+0000][7169.137s][info][gc,start    ] GC(1281) Pause Young (Normal) (G1 Evacuation Pause)
[2024-05-30T12:33:49.718+0000][7169.138s][info][gc,task     ] GC(1281) Using 6 workers of 6 for evacuation
[2024-05-30T12:33:49.743+0000][7169.163s][info][gc,phases   ] GC(1281)   Pre Evacuate Collection Set: 0.2ms
[2024-05-30T12:33:49.744+0000][7169.163s][info][gc,phases   ] GC(1281)   Merge Heap Roots: 0.3ms
[2024-05-30T12:33:49.744+0000][7169.163s][info][gc,phases   ] GC(1281)   Evacuate Collection Set: 22.8ms
[2024-05-30T12:33:49.744+0000][7169.163s][info][gc,phases   ] GC(1281)   Post Evacuate Collection Set: 1.8ms
[2024-05-30T12:33:49.744+0000][7169.163s][info][gc,phases   ] GC(1281)   Other: 0.2ms
[2024-05-30T12:33:49.744+0000][7169.163s][info][gc,heap     ] GC(1281) Eden regions: 913->0(911)
[2024-05-30T12:33:49.744+0000][7169.163s][info][gc,heap     ] GC(1281) Survivor regions: 8->10(116)
[2024-05-30T12:33:49.744+0000][7169.163s][info][gc,heap     ] GC(1281) Old regions: 211->211
[2024-05-30T12:33:49.744+0000][7169.163s][info][gc,heap     ] GC(1281) Archive regions: 2->2
[2024-05-30T12:33:49.744+0000][7169.163s][info][gc,heap     ] GC(1281) Humongous regions: 7->7
[2024-05-30T12:33:49.744+0000][7169.163s][info][gc,metaspace] GC(1281) Metaspace: 414489K(420544K)->414489K(420544K) NonClass: 362474K(365888K)->362474K(365888K) Class: 52014K(54656K)->52014K(54656K)
[2024-05-30T12:33:49.744+0000][7169.163s][info][gc          ] GC(1281) Pause Young (Normal) (G1 Evacuation Pause) 9112M->1823M(12288M) 25.326ms
[2024-05-30T12:33:49.744+0000][7169.163s][info][gc,cpu      ] GC(1281) User=0.15s Sys=0.00s Real=0.02s
[2024-05-30T12:33:54.852+0000][7174.271s][info][gc,start    ] GC(1282) Pause Young (Normal) (G1 Evacuation Pause)
[2024-05-30T12:33:54.852+0000][7174.271s][info][gc,task     ] GC(1282) Using 6 workers of 6 for evacuation
[2024-05-30T12:33:54.881+0000][7174.300s][info][gc,phases   ] GC(1282)   Pre Evacuate Collection Set: 0.2ms
[2024-05-30T12:33:54.881+0000][7174.300s][info][gc,phases   ] GC(1282)   Merge Heap Roots: 0.3ms
[2024-05-30T12:33:54.881+0000][7174.300s][info][gc,phases   ] GC(1282)   Evacuate Collection Set: 26.7ms
[2024-05-30T12:33:54.881+0000][7174.300s][info][gc,phases   ] GC(1282)   Post Evacuate Collection Set: 2.0ms
[2024-05-30T12:33:54.881+0000][7174.301s][info][gc,phases   ] GC(1282)   Other: 0.2ms
[2024-05-30T12:33:54.881+0000][7174.301s][info][gc,heap     ] GC(1282) Eden regions: 911->0(908)
[2024-05-30T12:33:54.881+0000][7174.301s][info][gc,heap     ] GC(1282) Survivor regions: 10->13(116)
[2024-05-30T12:33:54.881+0000][7174.301s][info][gc,heap     ] GC(1282) Old regions: 211->211
[2024-05-30T12:33:54.881+0000][7174.301s][info][gc,heap     ] GC(1282) Archive regions: 2->2
[2024-05-30T12:33:54.881+0000][7174.301s][info][gc,heap     ] GC(1282) Humongous regions: 7->7
[2024-05-30T12:33:54.881+0000][7174.301s][info][gc,metaspace] GC(1282) Metaspace: 414490K(420544K)->414490K(420544K) NonClass: 362475K(365888K)->362475K(365888K) Class: 52014K(54656K)->52014K(54656K)
[2024-05-30T12:33:54.881+0000][7174.301s][info][gc          ] GC(1282) Pause Young (Normal) (G1 Evacuation Pause) 9111M->1847M(12288M) 29.433ms
[2024-05-30T12:33:54.881+0000][7174.301s][info][gc,cpu      ] GC(1282) User=0.17s Sys=0.00s Real=0.03s
[2024-05-30T12:33:59.248+0000][7178.667s][info][gc,start    ] GC(1283) Pause Young (Normal) (G1 Evacuation Pause)
[2024-05-30T12:33:59.248+0000][7178.667s][info][gc,task     ] GC(1283) Using 6 workers of 6 for evacuation
[2024-05-30T12:33:59.279+0000][7178.699s][info][gc,phases   ] GC(1283)   Pre Evacuate Collection Set: 0.2ms
[2024-05-30T12:33:59.279+0000][7178.699s][info][gc,phases   ] GC(1283)   Merge Heap Roots: 0.3ms
[2024-05-30T12:33:59.279+0000][7178.699s][info][gc,phases   ] GC(1283)   Evacuate Collection Set: 29.0ms
[2024-05-30T12:33:59.279+0000][7178.699s][info][gc,phases   ] GC(1283)   Post Evacuate Collection Set: 1.8ms
[2024-05-30T12:33:59.279+0000][7178.699s][info][gc,phases   ] GC(1283)   Other: 0.2ms
[2024-05-30T12:33:59.279+0000][7178.699s][info][gc,heap     ] GC(1283) Eden regions: 908->0(907)
[2024-05-30T12:33:59.279+0000][7178.699s][info][gc,heap     ] GC(1283) Survivor regions: 13->14(116)
[2024-05-30T12:33:59.279+0000][7178.699s][info][gc,heap     ] GC(1283) Old regions: 211->211
[2024-05-30T12:33:59.279+0000][7178.699s][info][gc,heap     ] GC(1283) Archive regions: 2->2
[2024-05-30T12:33:59.279+0000][7178.699s][info][gc,heap     ] GC(1283) Humongous regions: 7->7
[2024-05-30T12:33:59.279+0000][7178.699s][info][gc,metaspace] GC(1283) Metaspace: 414490K(420544K)->414490K(420544K) NonClass: 362475K(365888K)->362475K(365888K) Class: 52014K(54656K)->52014K(54656K)
[2024-05-30T12:33:59.279+0000][7178.699s][info][gc          ] GC(1283) Pause Young (Normal) (G1 Evacuation Pause) 9111M->1851M(12288M) 31.486ms
[2024-05-30T12:33:59.279+0000][7178.699s][info][gc,cpu      ] GC(1283) User=0.18s Sys=0.00s Real=0.04s
[2024-05-30T12:34:06.393+0000][7185.813s][info][gc,start    ] GC(1284) Pause Young (Normal) (G1 Evacuation Pause)
[2024-05-30T12:34:06.393+0000][7185.813s][info][gc,task     ] GC(1284) Using 6 workers of 6 for evacuation
[2024-05-30T12:34:06.437+0000][7185.856s][info][gc,phases   ] GC(1284)   Pre Evacuate Collection Set: 0.2ms
[2024-05-30T12:34:06.437+0000][7185.856s][info][gc,phases   ] GC(1284)   Merge Heap Roots: 0.2ms
[2024-05-30T12:34:06.437+0000][7185.856s][info][gc,phases   ] GC(1284)   Evacuate Collection Set: 39.7ms
[2024-05-30T12:34:06.437+0000][7185.856s][info][gc,phases   ] GC(1284)   Post Evacuate Collection Set: 3.4ms
[2024-05-30T12:34:06.437+0000][7185.856s][info][gc,phases   ] GC(1284)   Other: 0.2ms
[2024-05-30T12:34:06.437+0000][7185.856s][info][gc,heap     ] GC(1284) Eden regions: 907->0(904)
[2024-05-30T12:34:06.437+0000][7185.856s][info][gc,heap     ] GC(1284) Survivor regions: 14->17(116)
[2024-05-30T12:34:06.437+0000][7185.856s][info][gc,heap     ] GC(1284) Old regions: 211->211
[2024-05-30T12:34:06.437+0000][7185.856s][info][gc,heap     ] GC(1284) Archive regions: 2->2
[2024-05-30T12:34:06.437+0000][7185.856s][info][gc,heap     ] GC(1284) Humongous regions: 7->7
[2024-05-30T12:34:06.437+0000][7185.856s][info][gc,metaspace] GC(1284) Metaspace: 414490K(420544K)->414490K(420544K) NonClass: 362475K(365888K)->362475K(365888K) Class: 52014K(54656K)->52014K(54656K)
[2024-05-30T12:34:06.437+0000][7185.856s][info][gc          ] GC(1284) Pause Young (Normal) (G1 Evacuation Pause) 9107M->1878M(12288M) 43.758ms
[2024-05-30T12:34:06.437+0000][7185.856s][info][gc,cpu      ] GC(1284) User=0.26s Sys=0.00s Real=0.05s
[2024-05-30T12:34:08.987+0000][7188.406s][info][gc,start    ] GC(1285) Pause Young (Normal) (G1 Evacuation Pause)
[2024-05-30T12:34:08.987+0000][7188.406s][info][gc,task     ] GC(1285) Using 6 workers of 6 for evacuation
[2024-05-30T12:34:09.091+0000][7188.510s][info][gc,phases   ] GC(1285)   Pre Evacuate Collection Set: 0.2ms
[2024-05-30T12:34:09.091+0000][7188.510s][info][gc,phases   ] GC(1285)   Merge Heap Roots: 0.2ms
[2024-05-30T12:34:09.091+0000][7188.510s][info][gc,phases   ] GC(1285)   Evacuate Collection Set: 84.2ms
[2024-05-30T12:34:09.091+0000][7188.510s][info][gc,phases   ] GC(1285)   Post Evacuate Collection Set: 19.5ms
[2024-05-30T12:34:09.091+0000][7188.510s][info][gc,phases   ] GC(1285)   Other: 0.2ms
[2024-05-30T12:34:09.091+0000][7188.510s][info][gc,heap     ] GC(1285) Eden regions: 904->0(900)
[2024-05-30T12:34:09.091+0000][7188.510s][info][gc,heap     ] GC(1285) Survivor regions: 17->21(116)
[2024-05-30T12:34:09.091+0000][7188.510s][info][gc,heap     ] GC(1285) Old regions: 211->211
[2024-05-30T12:34:09.091+0000][7188.510s][info][gc,heap     ] GC(1285) Archive regions: 2->2
[2024-05-30T12:34:09.091+0000][7188.510s][info][gc,heap     ] GC(1285) Humongous regions: 7->7
[2024-05-30T12:34:09.091+0000][7188.510s][info][gc,metaspace] GC(1285) Metaspace: 414490K(420544K)->414490K(420544K) NonClass: 362475K(365888K)->362475K(365888K) Class: 52014K(54656K)->52014K(54656K)
[2024-05-30T12:34:09.091+0000][7188.510s][info][gc          ] GC(1285) Pause Young (Normal) (G1 Evacuation Pause) 9110M->1911M(12288M) 104.318ms
[2024-05-30T12:34:09.091+0000][7188.510s][info][gc,cpu      ] GC(1285) User=0.61s Sys=0.00s Real=0.11s
[2024-05-30T12:34:11.868+0000][7191.287s][info][gc,start    ] GC(1286) Pause Young (Normal) (G1 Evacuation Pause)
[2024-05-30T12:34:11.868+0000][7191.287s][info][gc,task     ] GC(1286) Using 6 workers of 6 for evacuation
[2024-05-30T12:34:11.987+0000][7191.407s][info][gc,phases   ] GC(1286)   Pre Evacuate Collection Set: 0.2ms
[2024-05-30T12:34:11.987+0000][7191.407s][info][gc,phases   ] GC(1286)   Merge Heap Roots: 0.3ms
[2024-05-30T12:34:11.988+0000][7191.407s][info][gc,phases   ] GC(1286)   Evacuate Collection Set: 98.6ms
[2024-05-30T12:34:11.988+0000][7191.407s][info][gc,phases   ] GC(1286)   Post Evacuate Collection Set: 20.7ms
[2024-05-30T12:34:11.988+0000][7191.407s][info][gc,phases   ] GC(1286)   Other: 0.2ms
[2024-05-30T12:34:11.988+0000][7191.407s][info][gc,heap     ] GC(1286) Eden regions: 900->0(894)
[2024-05-30T12:34:11.988+0000][7191.407s][info][gc,heap     ] GC(1286) Survivor regions: 21->27(116)
[2024-05-30T12:34:11.988+0000][7191.407s][info][gc,heap     ] GC(1286) Old regions: 211->211
[2024-05-30T12:34:11.988+0000][7191.407s][info][gc,heap     ] GC(1286) Archive regions: 2->2
[2024-05-30T12:34:11.988+0000][7191.407s][info][gc,heap     ] GC(1286) Humongous regions: 7->7
[2024-05-30T12:34:11.988+0000][7191.407s][info][gc,metaspace] GC(1286) Metaspace: 414490K(420544K)->414490K(420544K) NonClass: 362475K(365888K)->362475K(365888K) Class: 52014K(54656K)->52014K(54656K)
[2024-05-30T12:34:11.988+0000][7191.407s][info][gc          ] GC(1286) Pause Young (Normal) (G1 Evacuation Pause) 9111M->1960M(12288M) 120.009ms
[2024-05-30T12:34:11.988+0000][7191.407s][info][gc,cpu      ] GC(1286) User=0.70s Sys=0.00s Real=0.12s
[2024-05-30T12:34:14.742+0000][7194.161s][info][gc,start    ] GC(1287) Pause Young (Normal) (G1 Evacuation Pause)
[2024-05-30T12:34:14.742+0000][7194.161s][info][gc,task     ] GC(1287) Using 6 workers of 6 for evacuation
[2024-05-30T12:34:14.890+0000][7194.310s][info][gc,phases   ] GC(1287)   Pre Evacuate Collection Set: 0.2ms
[2024-05-30T12:34:14.890+0000][7194.310s][info][gc,phases   ] GC(1287)   Merge Heap Roots: 0.3ms
[2024-05-30T12:34:14.891+0000][7194.310s][info][gc,phases   ] GC(1287)   Evacuate Collection Set: 122.1ms
[2024-05-30T12:34:14.891+0000][7194.310s][info][gc,phases   ] GC(1287)   Post Evacuate Collection Set: 26.2ms
[2024-05-30T12:34:14.891+0000][7194.310s][info][gc,phases   ] GC(1287)   Other: 0.2ms
[2024-05-30T12:34:14.891+0000][7194.310s][info][gc,heap     ] GC(1287) Eden regions: 894->0(890)
[2024-05-30T12:34:14.891+0000][7194.310s][info][gc,heap     ] GC(1287) Survivor regions: 27->31(116)
[2024-05-30T12:34:14.891+0000][7194.310s][info][gc,heap     ] GC(1287) Old regions: 211->211
[2024-05-30T12:34:14.891+0000][7194.310s][info][gc,heap     ] GC(1287) Archive regions: 2->2
[2024-05-30T12:34:14.891+0000][7194.310s][info][gc,heap     ] GC(1287) Humongous regions: 7->7
[2024-05-30T12:34:14.891+0000][7194.310s][info][gc,metaspace] GC(1287) Metaspace: 414490K(420544K)->414490K(420544K) NonClass: 362475K(365888K)->362475K(365888K) Class: 52014K(54656K)->52014K(54656K)
[2024-05-30T12:34:14.891+0000][7194.310s][info][gc          ] GC(1287) Pause Young (Normal) (G1 Evacuation Pause) 9112M->1992M(12288M) 148.988ms
[2024-05-30T12:34:14.891+0000][7194.310s][info][gc,cpu      ] GC(1287) User=0.87s Sys=0.00s Real=0.15s
[2024-05-30T12:34:17.610+0000][7197.029s][info][gc,start    ] GC(1288) Pause Young (Normal) (G1 Evacuation Pause)
[2024-05-30T12:34:17.610+0000][7197.029s][info][gc,task     ] GC(1288) Using 6 workers of 6 for evacuation
[2024-05-30T12:34:17.766+0000][7197.185s][info][gc,phases   ] GC(1288)   Pre Evacuate Collection Set: 0.2ms
[2024-05-30T12:34:17.766+0000][7197.185s][info][gc,phases   ] GC(1288)   Merge Heap Roots: 0.3ms
[2024-05-30T12:34:17.766+0000][7197.185s][info][gc,phases   ] GC(1288)   Evacuate Collection Set: 129.1ms
[2024-05-30T12:34:17.766+0000][7197.185s][info][gc,phases   ] GC(1288)   Post Evacuate Collection Set: 25.7ms
[2024-05-30T12:34:17.766+0000][7197.185s][info][gc,phases   ] GC(1288)   Other: 0.2ms
[2024-05-30T12:34:17.766+0000][7197.185s][info][gc,heap     ] GC(1288) Eden regions: 890->0(884)
[2024-05-30T12:34:17.766+0000][7197.185s][info][gc,heap     ] GC(1288) Survivor regions: 31->37(116)
[2024-05-30T12:34:17.766+0000][7197.185s][info][gc,heap     ] GC(1288) Old regions: 211->211
[2024-05-30T12:34:17.766+0000][7197.185s][info][gc,heap     ] GC(1288) Archive regions: 2->2
[2024-05-30T12:34:17.766+0000][7197.185s][info][gc,heap     ] GC(1288) Humongous regions: 7->7
[2024-05-30T12:34:17.766+0000][7197.185s][info][gc,metaspace] GC(1288) Metaspace: 414490K(420544K)->414490K(420544K) NonClass: 362475K(365888K)->362475K(365888K) Class: 52014K(54656K)->52014K(54656K)
[2024-05-30T12:34:17.766+0000][7197.185s][info][gc          ] GC(1288) Pause Young (Normal) (G1 Evacuation Pause) 9112M->2036M(12288M) 155.631ms
[2024-05-30T12:34:17.766+0000][7197.185s][info][gc,cpu      ] GC(1288) User=0.91s Sys=0.00s Real=0.15s
[2024-05-30T12:34:20.653+0000][7200.072s][info][gc,start    ] GC(1289) Pause Young (Normal) (G1 Evacuation Pause)
[2024-05-30T12:34:20.653+0000][7200.072s][info][gc,task     ] GC(1289) Using 6 workers of 6 for evacuation
[2024-05-30T12:34:20.820+0000][7200.239s][info][gc,phases   ] GC(1289)   Pre Evacuate Collection Set: 0.2ms
[2024-05-30T12:34:20.820+0000][7200.239s][info][gc,phases   ] GC(1289)   Merge Heap Roots: 0.4ms
[2024-05-30T12:34:20.820+0000][7200.239s][info][gc,phases   ] GC(1289)   Evacuate Collection Set: 144.2ms
[2024-05-30T12:34:20.820+0000][7200.239s][info][gc,phases   ] GC(1289)   Post Evacuate Collection Set: 22.5ms
[2024-05-30T12:34:20.820+0000][7200.239s][info][gc,phases   ] GC(1289)   Other: 0.2ms
[2024-05-30T12:34:20.820+0000][7200.239s][info][gc,heap     ] GC(1289) Eden regions: 884->0(881)
[2024-05-30T12:34:20.820+0000][7200.239s][info][gc,heap     ] GC(1289) Survivor regions: 37->40(116)
[2024-05-30T12:34:20.820+0000][7200.239s][info][gc,heap     ] GC(1289) Old regions: 211->211
[2024-05-30T12:34:20.820+0000][7200.239s][info][gc,heap     ] GC(1289) Archive regions: 2->2
[2024-05-30T12:34:20.820+0000][7200.239s][info][gc,heap     ] GC(1289) Humongous regions: 7->7
[2024-05-30T12:34:20.820+0000][7200.239s][info][gc,metaspace] GC(1289) Metaspace: 414490K(420544K)->414490K(420544K) NonClass: 362475K(365888K)->362475K(365888K) Class: 52014K(54656K)->52014K(54656K)
[2024-05-30T12:34:20.820+0000][7200.239s][info][gc          ] GC(1289) Pause Young (Normal) (G1 Evacuation Pause) 9108M->2067M(12288M) 167.530ms
[2024-05-30T12:34:20.820+0000][7200.240s][info][gc,cpu      ] GC(1289) User=0.99s Sys=0.00s Real=0.17s
[2024-05-30T12:34:23.428+0000][7202.847s][info][gc,start    ] GC(1290) Pause Young (Normal) (G1 Evacuation Pause)
[2024-05-30T12:34:23.428+0000][7202.847s][info][gc,task     ] GC(1290) Using 6 workers of 6 for evacuation
[2024-05-30T12:34:23.619+0000][7203.038s][info][gc,phases   ] GC(1290)   Pre Evacuate Collection Set: 0.2ms
[2024-05-30T12:34:23.619+0000][7203.038s][info][gc,phases   ] GC(1290)   Merge Heap Roots: 0.5ms
[2024-05-30T12:34:23.619+0000][7203.038s][info][gc,phases   ] GC(1290)   Evacuate Collection Set: 163.0ms
[2024-05-30T12:34:23.619+0000][7203.038s][info][gc,phases   ] GC(1290)   Post Evacuate Collection Set: 27.0ms
[2024-05-30T12:34:23.619+0000][7203.038s][info][gc,phases   ] GC(1290)   Other: 0.2ms
[2024-05-30T12:34:23.619+0000][7203.038s][info][gc,heap     ] GC(1290) Eden regions: 881->0(677)
[2024-05-30T12:34:23.619+0000][7203.038s][info][gc,heap     ] GC(1290) Survivor regions: 40->43(116)
[2024-05-30T12:34:23.619+0000][7203.038s][info][gc,heap     ] GC(1290) Old regions: 211->212
[2024-05-30T12:34:23.619+0000][7203.038s][info][gc,heap     ] GC(1290) Archive regions: 2->2
[2024-05-30T12:34:23.619+0000][7203.038s][info][gc,heap     ] GC(1290) Humongous regions: 7->7
[2024-05-30T12:34:23.619+0000][7203.038s][info][gc,metaspace] GC(1290) Metaspace: 414490K(420544K)->414490K(420544K) NonClass: 362476K(365888K)->362476K(365888K) Class: 52014K(54656K)->52014K(54656K)
[2024-05-30T12:34:23.619+0000][7203.038s][info][gc          ] GC(1290) Pause Young (Normal) (G1 Evacuation Pause) 9115M->2095M(12288M) 190.946ms
[2024-05-30T12:34:23.619+0000][7203.038s][info][gc,cpu      ] GC(1290) User=1.12s Sys=0.00s Real=0.20s
[2024-05-30T12:34:25.764+0000][7205.183s][info][gc,start    ] GC(1291) Pause Young (Normal) (G1 Evacuation Pause)
[2024-05-30T12:34:25.764+0000][7205.183s][info][gc,task     ] GC(1291) Using 6 workers of 6 for evacuation
[2024-05-30T12:34:25.960+0000][7205.379s][info][gc,phases   ] GC(1291)   Pre Evacuate Collection Set: 0.2ms
[2024-05-30T12:34:25.960+0000][7205.379s][info][gc,phases   ] GC(1291)   Merge Heap Roots: 0.4ms
[2024-05-30T12:34:25.960+0000][7205.379s][info][gc,phases   ] GC(1291)   Evacuate Collection Set: 172.3ms
[2024-05-30T12:34:25.960+0000][7205.379s][info][gc,phases   ] GC(1291)   Post Evacuate Collection Set: 22.8ms
[2024-05-30T12:34:25.960+0000][7205.379s][info][gc,phases   ] GC(1291)   Other: 0.2ms
[2024-05-30T12:34:25.960+0000][7205.379s][info][gc,heap     ] GC(1291) Eden regions: 677->0(341)
[2024-05-30T12:34:25.960+0000][7205.379s][info][gc,heap     ] GC(1291) Survivor regions: 43->47(90)
[2024-05-30T12:34:25.960+0000][7205.379s][info][gc,heap     ] GC(1291) Old regions: 212->213
[2024-05-30T12:34:25.960+0000][7205.379s][info][gc,heap     ] GC(1291) Archive regions: 2->2
[2024-05-30T12:34:25.960+0000][7205.379s][info][gc,heap     ] GC(1291) Humongous regions: 7->7
[2024-05-30T12:34:25.960+0000][7205.379s][info][gc,metaspace] GC(1291) Metaspace: 414495K(420544K)->414495K(420544K) NonClass: 362480K(365888K)->362480K(365888K) Class: 52014K(54656K)->52014K(54656K)
[2024-05-30T12:34:25.960+0000][7205.379s][info][gc          ] GC(1291) Pause Young (Normal) (G1 Evacuation Pause) 7511M->2129M(12288M) 196.016ms
[2024-05-30T12:34:25.960+0000][7205.380s][info][gc,cpu      ] GC(1291) User=1.16s Sys=0.00s Real=0.20s
[2024-05-30T12:34:27.148+0000][7206.568s][info][gc,start    ] GC(1292) Pause Young (Normal) (G1 Evacuation Pause)
[2024-05-30T12:34:27.148+0000][7206.568s][info][gc,task     ] GC(1292) Using 6 workers of 6 for evacuation
[2024-05-30T12:34:27.305+0000][7206.725s][info][gc,phases   ] GC(1292)   Pre Evacuate Collection Set: 0.2ms
[2024-05-30T12:34:27.305+0000][7206.725s][info][gc,phases   ] GC(1292)   Merge Heap Roots: 0.4ms
[2024-05-30T12:34:27.305+0000][7206.725s][info][gc,phases   ] GC(1292)   Evacuate Collection Set: 146.6ms
[2024-05-30T12:34:27.305+0000][7206.725s][info][gc,phases   ] GC(1292)   Post Evacuate Collection Set: 9.7ms
[2024-05-30T12:34:27.305+0000][7206.725s][info][gc,phases   ] GC(1292)   Other: 0.2ms
[2024-05-30T12:34:27.305+0000][7206.725s][info][gc,heap     ] GC(1292) Eden regions: 341->0(898)
[2024-05-30T12:34:27.305+0000][7206.725s][info][gc,heap     ] GC(1292) Survivor regions: 47->23(49)
[2024-05-30T12:34:27.305+0000][7206.725s][info][gc,heap     ] GC(1292) Old regions: 213->238
[2024-05-30T12:34:27.305+0000][7206.725s][info][gc,heap     ] GC(1292) Archive regions: 2->2
[2024-05-30T12:34:27.305+0000][7206.725s][info][gc,heap     ] GC(1292) Humongous regions: 7->7
[2024-05-30T12:34:27.305+0000][7206.725s][info][gc,metaspace] GC(1292) Metaspace: 414495K(420544K)->414495K(420544K) NonClass: 362480K(365888K)->362480K(365888K) Class: 52014K(54656K)->52014K(54656K)
[2024-05-30T12:34:27.306+0000][7206.725s][info][gc          ] GC(1292) Pause Young (Normal) (G1 Evacuation Pause) 4857M->2139M(12288M) 157.168ms
[2024-05-30T12:34:27.306+0000][7206.725s][info][gc,cpu      ] GC(1292) User=0.93s Sys=0.00s Real=0.15s
[2024-05-30T12:34:31.682+0000][7211.101s][info][gc,start    ] GC(1293) Pause Young (Normal) (G1 Evacuation Pause)
[2024-05-30T12:34:31.682+0000][7211.101s][info][gc,task     ] GC(1293) Using 6 workers of 6 for evacuation
[2024-05-30T12:34:31.816+0000][7211.236s][info][gc,phases   ] GC(1293)   Pre Evacuate Collection Set: 0.2ms
[2024-05-30T12:34:31.816+0000][7211.236s][info][gc,phases   ] GC(1293)   Merge Heap Roots: 0.4ms
[2024-05-30T12:34:31.816+0000][7211.236s][info][gc,phases   ] GC(1293)   Evacuate Collection Set: 114.9ms
[2024-05-30T12:34:31.816+0000][7211.236s][info][gc,phases   ] GC(1293)   Post Evacuate Collection Set: 18.9ms
[2024-05-30T12:34:31.816+0000][7211.236s][info][gc,phases   ] GC(1293)   Other: 0.2ms
[2024-05-30T12:34:31.816+0000][7211.236s][info][gc,heap     ] GC(1293) Eden regions: 898->0(895)
[2024-05-30T12:34:31.816+0000][7211.236s][info][gc,heap     ] GC(1293) Survivor regions: 23->26(116)
[2024-05-30T12:34:31.816+0000][7211.236s][info][gc,heap     ] GC(1293) Old regions: 238->238
[2024-05-30T12:34:31.816+0000][7211.236s][info][gc,heap     ] GC(1293) Archive regions: 2->2
[2024-05-30T12:34:31.816+0000][7211.236s][info][gc,heap     ] GC(1293) Humongous regions: 7->7
[2024-05-30T12:34:31.816+0000][7211.236s][info][gc,metaspace] GC(1293) Metaspace: 414497K(420544K)->414497K(420544K) NonClass: 362482K(365888K)->362482K(365888K) Class: 52014K(54656K)->52014K(54656K)
[2024-05-30T12:34:31.816+0000][7211.236s][info][gc          ] GC(1293) Pause Young (Normal) (G1 Evacuation Pause) 9323M->2163M(12288M) 134.667ms
[2024-05-30T12:34:31.816+0000][7211.236s][info][gc,cpu      ] GC(1293) User=0.79s Sys=0.00s Real=0.14s
[2024-05-30T12:34:41.563+0000][7220.983s][info][gc,start    ] GC(1294) Pause Young (Concurrent Start) (G1 Evacuation Pause)
[2024-05-30T12:34:41.563+0000][7220.983s][info][gc,task     ] GC(1294) Using 6 workers of 6 for evacuation
[2024-05-30T12:34:41.658+0000][7221.077s][info][gc,phases   ] GC(1294)   Pre Evacuate Collection Set: 0.6ms
[2024-05-30T12:34:41.658+0000][7221.077s][info][gc,phases   ] GC(1294)   Merge Heap Roots: 0.4ms
[2024-05-30T12:34:41.658+0000][7221.077s][info][gc,phases   ] GC(1294)   Evacuate Collection Set: 91.2ms
[2024-05-30T12:34:41.658+0000][7221.077s][info][gc,phases   ] GC(1294)   Post Evacuate Collection Set: 1.8ms
[2024-05-30T12:34:41.658+0000][7221.077s][info][gc,phases   ] GC(1294)   Other: 0.3ms
[2024-05-30T12:34:41.658+0000][7221.077s][info][gc,heap     ] GC(1294) Eden regions: 895->0(893)
[2024-05-30T12:34:41.658+0000][7221.077s][info][gc,heap     ] GC(1294) Survivor regions: 26->28(116)
[2024-05-30T12:34:41.658+0000][7221.077s][info][gc,heap     ] GC(1294) Old regions: 238->238
[2024-05-30T12:34:41.658+0000][7221.077s][info][gc,heap     ] GC(1294) Archive regions: 2->2
[2024-05-30T12:34:41.658+0000][7221.077s][info][gc,heap     ] GC(1294) Humongous regions: 7->7
[2024-05-30T12:34:41.658+0000][7221.077s][info][gc,metaspace] GC(1294) Metaspace: 414497K(420544K)->414497K(420544K) NonClass: 362482K(365888K)->362482K(365888K) Class: 52014K(54656K)->52014K(54656K)
[2024-05-30T12:34:41.658+0000][7221.077s][info][gc          ] GC(1294) Pause Young (Concurrent Start) (G1 Evacuation Pause) 9323M->2179M(12288M) 94.320ms
[2024-05-30T12:34:41.658+0000][7221.077s][info][gc,cpu      ] GC(1294) User=0.56s Sys=0.00s Real=0.10s
[2024-05-30T12:34:41.658+0000][7221.077s][info][gc          ] GC(1295) Concurrent Mark Cycle
[2024-05-30T12:34:41.658+0000][7221.077s][info][gc,marking  ] GC(1295) Concurrent Clear Claimed Marks
[2024-05-30T12:34:41.658+0000][7221.077s][info][gc,marking  ] GC(1295) Concurrent Clear Claimed Marks 0.432ms
[2024-05-30T12:34:41.658+0000][7221.077s][info][gc,marking  ] GC(1295) Concurrent Scan Root Regions
[2024-05-30T12:34:41.733+0000][7221.153s][info][gc,marking  ] GC(1295) Concurrent Scan Root Regions 75.078ms
[2024-05-30T12:34:41.733+0000][7221.153s][info][gc,marking  ] GC(1295) Concurrent Mark
[2024-05-30T12:34:41.733+0000][7221.153s][info][gc,marking  ] GC(1295) Concurrent Mark From Roots
[2024-05-30T12:34:41.733+0000][7221.153s][info][gc,task     ] GC(1295) Using 2 workers of 2 for marking
[2024-05-30T12:34:42.770+0000][7222.189s][info][gc,marking  ] GC(1295) Concurrent Mark From Roots 1036.513ms
[2024-05-30T12:34:42.770+0000][7222.189s][info][gc,marking  ] GC(1295) Concurrent Preclean
[2024-05-30T12:34:42.771+0000][7222.190s][info][gc,marking  ] GC(1295) Concurrent Preclean 0.939ms
[2024-05-30T12:34:42.771+0000][7222.190s][info][gc,start    ] GC(1295) Pause Remark
[2024-05-30T12:34:42.794+0000][7222.213s][info][gc          ] GC(1295) Pause Remark 2903M->2871M(12288M) 23.130ms
[2024-05-30T12:34:42.794+0000][7222.213s][info][gc,cpu      ] GC(1295) User=0.10s Sys=0.01s Real=0.02s
[2024-05-30T12:34:42.794+0000][7222.214s][info][gc,marking  ] GC(1295) Concurrent Mark 1060.986ms
[2024-05-30T12:34:42.794+0000][7222.214s][info][gc,marking  ] GC(1295) Concurrent Rebuild Remembered Sets
[2024-05-30T12:34:43.451+0000][7222.870s][info][gc,marking  ] GC(1295) Concurrent Rebuild Remembered Sets 656.283ms
[2024-05-30T12:34:43.451+0000][7222.870s][info][gc,start    ] GC(1295) Pause Cleanup
[2024-05-30T12:34:43.451+0000][7222.871s][info][gc          ] GC(1295) Pause Cleanup 3327M->3327M(12288M) 0.587ms
[2024-05-30T12:34:43.451+0000][7222.871s][info][gc,cpu      ] GC(1295) User=0.00s Sys=0.00s Real=0.00s
[2024-05-30T12:34:43.452+0000][7222.871s][info][gc,marking  ] GC(1295) Concurrent Cleanup for Next Mark
[2024-05-30T12:34:43.480+0000][7222.899s][info][gc,marking  ] GC(1295) Concurrent Cleanup for Next Mark 28.606ms
[2024-05-30T12:34:43.480+0000][7222.899s][info][gc          ] GC(1295) Concurrent Mark Cycle 1822.460ms
[2024-05-30T12:34:51.708+0000][7231.127s][info][gc,start    ] GC(1296) Pause Young (Prepare Mixed) (G1 Evacuation Pause)
[2024-05-30T12:34:51.708+0000][7231.127s][info][gc,task     ] GC(1296) Using 6 workers of 6 for evacuation
[2024-05-30T12:34:51.809+0000][7231.228s][info][gc,phases   ] GC(1296)   Pre Evacuate Collection Set: 0.2ms
[2024-05-30T12:34:51.809+0000][7231.228s][info][gc,phases   ] GC(1296)   Merge Heap Roots: 0.5ms
[2024-05-30T12:34:51.809+0000][7231.228s][info][gc,phases   ] GC(1296)   Evacuate Collection Set: 98.4ms
[2024-05-30T12:34:51.809+0000][7231.228s][info][gc,phases   ] GC(1296)   Post Evacuate Collection Set: 2.0ms
[2024-05-30T12:34:51.809+0000][7231.228s][info][gc,phases   ] GC(1296)   Other: 0.2ms
[2024-05-30T12:34:51.809+0000][7231.228s][info][gc,heap     ] GC(1296) Eden regions: 893->0(45)
[2024-05-30T12:34:51.809+0000][7231.228s][info][gc,heap     ] GC(1296) Survivor regions: 28->31(116)
[2024-05-30T12:34:51.809+0000][7231.228s][info][gc,heap     ] GC(1296) Old regions: 234->234
[2024-05-30T12:34:51.809+0000][7231.228s][info][gc,heap     ] GC(1296) Archive regions: 2->2
[2024-05-30T12:34:51.809+0000][7231.228s][info][gc,heap     ] GC(1296) Humongous regions: 7->7
[2024-05-30T12:34:51.809+0000][7231.228s][info][gc,metaspace] GC(1296) Metaspace: 414500K(420544K)->414500K(420544K) NonClass: 362485K(365888K)->362485K(365888K) Class: 52014K(54656K)->52014K(54656K)
[2024-05-30T12:34:51.809+0000][7231.228s][info][gc          ] GC(1296) Pause Young (Prepare Mixed) (G1 Evacuation Pause) 9291M->2175M(12288M) 101.318ms
[2024-05-30T12:34:51.809+0000][7231.228s][info][gc,cpu      ] GC(1296) User=0.60s Sys=0.00s Real=0.11s
[2024-05-30T12:34:52.293+0000][7231.712s][info][gc,start    ] GC(1297) Pause Young (Mixed) (G1 Evacuation Pause)
[2024-05-30T12:34:52.293+0000][7231.712s][info][gc,task     ] GC(1297) Using 6 workers of 6 for evacuation
[2024-05-30T12:34:52.389+0000][7231.808s][info][gc,phases   ] GC(1297)   Pre Evacuate Collection Set: 0.2ms
[2024-05-30T12:34:52.389+0000][7231.808s][info][gc,phases   ] GC(1297)   Merge Heap Roots: 0.3ms
[2024-05-30T12:34:52.389+0000][7231.808s][info][gc,phases   ] GC(1297)   Evacuate Collection Set: 93.7ms
[2024-05-30T12:34:52.389+0000][7231.808s][info][gc,phases   ] GC(1297)   Post Evacuate Collection Set: 1.4ms
[2024-05-30T12:34:52.389+0000][7231.808s][info][gc,phases   ] GC(1297)   Other: 0.2ms
[2024-05-30T12:34:52.389+0000][7231.808s][info][gc,heap     ] GC(1297) Eden regions: 45->0(914)
[2024-05-30T12:34:52.389+0000][7231.808s][info][gc,heap     ] GC(1297) Survivor regions: 31->7(10)
[2024-05-30T12:34:52.389+0000][7231.808s][info][gc,heap     ] GC(1297) Old regions: 234->237
[2024-05-30T12:34:52.389+0000][7231.808s][info][gc,heap     ] GC(1297) Archive regions: 2->2
[2024-05-30T12:34:52.389+0000][7231.808s][info][gc,heap     ] GC(1297) Humongous regions: 7->7
[2024-05-30T12:34:52.389+0000][7231.808s][info][gc,metaspace] GC(1297) Metaspace: 414508K(420544K)->414508K(420544K) NonClass: 362493K(365888K)->362493K(365888K) Class: 52014K(54656K)->52014K(54656K)
[2024-05-30T12:34:52.389+0000][7231.808s][info][gc          ] GC(1297) Pause Young (Mixed) (G1 Evacuation Pause) 2535M->2012M(12288M) 95.882ms
[2024-05-30T12:34:52.389+0000][7231.808s][info][gc,cpu      ] GC(1297) User=0.57s Sys=0.00s Real=0.10s
[2024-05-30T12:35:02.546+0000][7241.965s][info][gc,start    ] GC(1298) Pause Young (Normal) (G1 Evacuation Pause)
[2024-05-30T12:35:02.546+0000][7241.965s][info][gc,task     ] GC(1298) Using 6 workers of 6 for evacuation
[2024-05-30T12:35:02.569+0000][7241.988s][info][gc,phases   ] GC(1298)   Pre Evacuate Collection Set: 0.2ms
[2024-05-30T12:35:02.569+0000][7241.988s][info][gc,phases   ] GC(1298)   Merge Heap Roots: 0.3ms
[2024-05-30T12:35:02.569+0000][7241.989s][info][gc,phases   ] GC(1298)   Evacuate Collection Set: 21.0ms
[2024-05-30T12:35:02.569+0000][7241.989s][info][gc,phases   ] GC(1298)   Post Evacuate Collection Set: 1.8ms
[2024-05-30T12:35:02.569+0000][7241.989s][info][gc,phases   ] GC(1298)   Other: 0.2ms
[2024-05-30T12:35:02.569+0000][7241.989s][info][gc,heap     ] GC(1298) Eden regions: 914->0(911)
[2024-05-30T12:35:02.569+0000][7241.989s][info][gc,heap     ] GC(1298) Survivor regions: 7->10(116)
[2024-05-30T12:35:02.569+0000][7241.989s][info][gc,heap     ] GC(1298) Old regions: 237->237
[2024-05-30T12:35:02.569+0000][7241.989s][info][gc,heap     ] GC(1298) Archive regions: 2->2
[2024-05-30T12:35:02.569+0000][7241.989s][info][gc,heap     ] GC(1298) Humongous regions: 7->7
[2024-05-30T12:35:02.569+0000][7241.989s][info][gc,metaspace] GC(1298) Metaspace: 414510K(420544K)->414510K(420544K) NonClass: 362495K(365888K)->362495K(365888K) Class: 52014K(54656K)->52014K(54656K)
[2024-05-30T12:35:02.569+0000][7241.989s][info][gc          ] GC(1298) Pause Young (Normal) (G1 Evacuation Pause) 9324M->2031M(12288M) 23.599ms
[2024-05-30T12:35:02.569+0000][7241.989s][info][gc,cpu      ] GC(1298) User=0.13s Sys=0.00s Real=0.03s
[2024-05-30T12:35:12.554+0000][7251.973s][info][gc,start    ] GC(1299) Pause Young (Normal) (G1 Evacuation Pause)
[2024-05-30T12:35:12.554+0000][7251.973s][info][gc,task     ] GC(1299) Using 6 workers of 6 for evacuation
[2024-05-30T12:35:12.586+0000][7252.005s][info][gc,phases   ] GC(1299)   Pre Evacuate Collection Set: 0.2ms
[2024-05-30T12:35:12.586+0000][7252.005s][info][gc,phases   ] GC(1299)   Merge Heap Roots: 0.3ms
[2024-05-30T12:35:12.586+0000][7252.005s][info][gc,phases   ] GC(1299)   Evacuate Collection Set: 29.8ms
[2024-05-30T12:35:12.586+0000][7252.005s][info][gc,phases   ] GC(1299)   Post Evacuate Collection Set: 1.8ms
[2024-05-30T12:35:12.586+0000][7252.005s][info][gc,phases   ] GC(1299)   Other: 0.2ms
[2024-05-30T12:35:12.586+0000][7252.005s][info][gc,heap     ] GC(1299) Eden regions: 911->0(909)
[2024-05-30T12:35:12.586+0000][7252.005s][info][gc,heap     ] GC(1299) Survivor regions: 10->12(116)
[2024-05-30T12:35:12.586+0000][7252.005s][info][gc,heap     ] GC(1299) Old regions: 237->237
[2024-05-30T12:35:12.586+0000][7252.005s][info][gc,heap     ] GC(1299) Archive regions: 2->2
[2024-05-30T12:35:12.586+0000][7252.005s][info][gc,heap     ] GC(1299) Humongous regions: 7->7
[2024-05-30T12:35:12.586+0000][7252.005s][info][gc,metaspace] GC(1299) Metaspace: 414510K(420544K)->414510K(420544K) NonClass: 362495K(365888K)->362495K(365888K) Class: 52014K(54656K)->52014K(54656K)
[2024-05-30T12:35:12.586+0000][7252.005s][info][gc          ] GC(1299) Pause Young (Normal) (G1 Evacuation Pause) 9319M->2052M(12288M) 32.375ms
[2024-05-30T12:35:12.586+0000][7252.005s][info][gc,cpu      ] GC(1299) User=0.19s Sys=0.00s Real=0.03s
[2024-05-30T12:35:22.709+0000][7262.129s][info][gc,start    ] GC(1300) Pause Young (Concurrent Start) (G1 Evacuation Pause)
[2024-05-30T12:35:22.709+0000][7262.129s][info][gc,task     ] GC(1300) Using 6 workers of 6 for evacuation
[2024-05-30T12:35:22.750+0000][7262.170s][info][gc,phases   ] GC(1300)   Pre Evacuate Collection Set: 0.6ms
[2024-05-30T12:35:22.750+0000][7262.170s][info][gc,phases   ] GC(1300)   Merge Heap Roots: 0.3ms
[2024-05-30T12:35:22.750+0000][7262.170s][info][gc,phases   ] GC(1300)   Evacuate Collection Set: 37.7ms
[2024-05-30T12:35:22.750+0000][7262.170s][info][gc,phases   ] GC(1300)   Post Evacuate Collection Set: 2.1ms
[2024-05-30T12:35:22.750+0000][7262.170s][info][gc,phases   ] GC(1300)   Other: 0.3ms
[2024-05-30T12:35:22.750+0000][7262.170s][info][gc,heap     ] GC(1300) Eden regions: 909->0(904)
[2024-05-30T12:35:22.750+0000][7262.170s][info][gc,heap     ] GC(1300) Survivor regions: 12->17(116)
[2024-05-30T12:35:22.750+0000][7262.170s][info][gc,heap     ] GC(1300) Old regions: 237->237
[2024-05-30T12:35:22.750+0000][7262.170s][info][gc,heap     ] GC(1300) Archive regions: 2->2
[2024-05-30T12:35:22.750+0000][7262.170s][info][gc,heap     ] GC(1300) Humongous regions: 7->7
[2024-05-30T12:35:22.750+0000][7262.170s][info][gc,metaspace] GC(1300) Metaspace: 414515K(420544K)->414515K(420544K) NonClass: 362500K(365888K)->362500K(365888K) Class: 52014K(54656K)->52014K(54656K)
[2024-05-30T12:35:22.750+0000][7262.170s][info][gc          ] GC(1300) Pause Young (Concurrent Start) (G1 Evacuation Pause) 9324M->2089M(12288M) 40.974ms
[2024-05-30T12:35:22.750+0000][7262.170s][info][gc,cpu      ] GC(1300) User=0.24s Sys=0.01s Real=0.04s
[2024-05-30T12:35:22.750+0000][7262.170s][info][gc          ] GC(1301) Concurrent Mark Cycle
[2024-05-30T12:35:22.751+0000][7262.170s][info][gc,marking  ] GC(1301) Concurrent Clear Claimed Marks
[2024-05-30T12:35:22.751+0000][7262.170s][info][gc,marking  ] GC(1301) Concurrent Clear Claimed Marks 0.445ms
[2024-05-30T12:35:22.751+0000][7262.170s][info][gc,marking  ] GC(1301) Concurrent Scan Root Regions
[2024-05-30T12:35:22.800+0000][7262.219s][info][gc,marking  ] GC(1301) Concurrent Scan Root Regions 49.065ms
[2024-05-30T12:35:22.800+0000][7262.219s][info][gc,marking  ] GC(1301) Concurrent Mark
[2024-05-30T12:35:22.800+0000][7262.219s][info][gc,marking  ] GC(1301) Concurrent Mark From Roots
[2024-05-30T12:35:22.800+0000][7262.219s][info][gc,task     ] GC(1301) Using 2 workers of 2 for marking
[2024-05-30T12:35:24.020+0000][7263.440s][info][gc,marking  ] GC(1301) Concurrent Mark From Roots 1220.201ms
[2024-05-30T12:35:24.020+0000][7263.440s][info][gc,marking  ] GC(1301) Concurrent Preclean
[2024-05-30T12:35:24.021+0000][7263.441s][info][gc,marking  ] GC(1301) Concurrent Preclean 1.032ms
[2024-05-30T12:35:24.022+0000][7263.441s][info][gc,start    ] GC(1301) Pause Remark
[2024-05-30T12:35:24.043+0000][7263.462s][info][gc          ] GC(1301) Pause Remark 2929M->2929M(12288M) 21.528ms
[2024-05-30T12:35:24.043+0000][7263.462s][info][gc,cpu      ] GC(1301) User=0.09s Sys=0.00s Real=0.02s
[2024-05-30T12:35:24.043+0000][7263.463s][info][gc,marking  ] GC(1301) Concurrent Mark 1243.246ms
[2024-05-30T12:35:24.043+0000][7263.463s][info][gc,marking  ] GC(1301) Concurrent Rebuild Remembered Sets
[2024-05-30T12:35:24.786+0000][7264.206s][info][gc,marking  ] GC(1301) Concurrent Rebuild Remembered Sets 742.925ms
[2024-05-30T12:35:24.786+0000][7264.206s][info][gc,start    ] GC(1301) Pause Cleanup
[2024-05-30T12:35:24.787+0000][7264.206s][info][gc          ] GC(1301) Pause Cleanup 3453M->3453M(12288M) 0.575ms
[2024-05-30T12:35:24.787+0000][7264.206s][info][gc,cpu      ] GC(1301) User=0.00s Sys=0.00s Real=0.00s
[2024-05-30T12:35:24.787+0000][7264.206s][info][gc,marking  ] GC(1301) Concurrent Cleanup for Next Mark
[2024-05-30T12:35:24.805+0000][7264.224s][info][gc,marking  ] GC(1301) Concurrent Cleanup for Next Mark 17.794ms
[2024-05-30T12:35:24.805+0000][7264.224s][info][gc          ] GC(1301) Concurrent Mark Cycle 2054.499ms
[2024-05-30T12:35:32.961+0000][7272.380s][info][gc,start    ] GC(1302) Pause Young (Prepare Mixed) (G1 Evacuation Pause)
[2024-05-30T12:35:32.961+0000][7272.380s][info][gc,task     ] GC(1302) Using 6 workers of 6 for evacuation
[2024-05-30T12:35:33.001+0000][7272.420s][info][gc,phases   ] GC(1302)   Pre Evacuate Collection Set: 0.2ms
[2024-05-30T12:35:33.001+0000][7272.420s][info][gc,phases   ] GC(1302)   Merge Heap Roots: 0.3ms
[2024-05-30T12:35:33.001+0000][7272.420s][info][gc,phases   ] GC(1302)   Evacuate Collection Set: 37.4ms
[2024-05-30T12:35:33.001+0000][7272.420s][info][gc,phases   ] GC(1302)   Post Evacuate Collection Set: 1.9ms
[2024-05-30T12:35:33.001+0000][7272.420s][info][gc,phases   ] GC(1302)   Other: 0.2ms
[2024-05-30T12:35:33.001+0000][7272.420s][info][gc,heap     ] GC(1302) Eden regions: 904->0(57)
[2024-05-30T12:35:33.001+0000][7272.420s][info][gc,heap     ] GC(1302) Survivor regions: 17->19(116)
[2024-05-30T12:35:33.001+0000][7272.420s][info][gc,heap     ] GC(1302) Old regions: 237->237
[2024-05-30T12:35:33.001+0000][7272.420s][info][gc,heap     ] GC(1302) Archive regions: 2->2
[2024-05-30T12:35:33.001+0000][7272.420s][info][gc,heap     ] GC(1302) Humongous regions: 7->7
[2024-05-30T12:35:33.001+0000][7272.420s][info][gc,metaspace] GC(1302) Metaspace: 414516K(420544K)->414516K(420544K) NonClass: 362501K(365888K)->362501K(365888K) Class: 52014K(54656K)->52014K(54656K)
[2024-05-30T12:35:33.001+0000][7272.420s][info][gc          ] GC(1302) Pause Young (Prepare Mixed) (G1 Evacuation Pause) 9321M->2103M(12288M) 40.105ms
[2024-05-30T12:35:33.001+0000][7272.420s][info][gc,cpu      ] GC(1302) User=0.24s Sys=0.00s Real=0.04s
[2024-05-30T12:35:33.622+0000][7273.042s][info][gc,start    ] GC(1303) Pause Young (Mixed) (G1 Evacuation Pause)
[2024-05-30T12:35:33.623+0000][7273.042s][info][gc,task     ] GC(1303) Using 6 workers of 6 for evacuation
[2024-05-30T12:35:33.664+0000][7273.083s][info][gc,phases   ] GC(1303)   Pre Evacuate Collection Set: 0.2ms
[2024-05-30T12:35:33.664+0000][7273.083s][info][gc,phases   ] GC(1303)   Merge Heap Roots: 0.2ms
[2024-05-30T12:35:33.664+0000][7273.083s][info][gc,phases   ] GC(1303)   Evacuate Collection Set: 39.5ms
[2024-05-30T12:35:33.664+0000][7273.083s][info][gc,phases   ] GC(1303)   Post Evacuate Collection Set: 1.3ms
[2024-05-30T12:35:33.664+0000][7273.083s][info][gc,phases   ] GC(1303)   Other: 0.2ms
[2024-05-30T12:35:33.664+0000][7273.083s][info][gc,heap     ] GC(1303) Eden regions: 57->0(914)
[2024-05-30T12:35:33.664+0000][7273.083s][info][gc,heap     ] GC(1303) Survivor regions: 19->7(10)
[2024-05-30T12:35:33.664+0000][7273.083s][info][gc,heap     ] GC(1303) Old regions: 237->232
[2024-05-30T12:35:33.664+0000][7273.083s][info][gc,heap     ] GC(1303) Archive regions: 2->2
[2024-05-30T12:35:33.664+0000][7273.083s][info][gc,heap     ] GC(1303) Humongous regions: 7->7
[2024-05-30T12:35:33.664+0000][7273.083s][info][gc,metaspace] GC(1303) Metaspace: 414516K(420544K)->414516K(420544K) NonClass: 362501K(365888K)->362501K(365888K) Class: 52014K(54656K)->52014K(54656K)
[2024-05-30T12:35:33.664+0000][7273.083s][info][gc          ] GC(1303) Pause Young (Mixed) (G1 Evacuation Pause) 2559M->1965M(12288M) 41.467ms
[2024-05-30T12:35:33.664+0000][7273.083s][info][gc,cpu      ] GC(1303) User=0.24s Sys=0.00s Real=0.04s
[2024-05-30T12:35:43.268+0000][7282.687s][info][gc,start    ] GC(1304) Pause Young (Normal) (G1 Evacuation Pause)
[2024-05-30T12:35:43.268+0000][7282.687s][info][gc,task     ] GC(1304) Using 6 workers of 6 for evacuation
[2024-05-30T12:35:43.290+0000][7282.709s][info][gc,phases   ] GC(1304)   Pre Evacuate Collection Set: 0.2ms
[2024-05-30T12:35:43.290+0000][7282.709s][info][gc,phases   ] GC(1304)   Merge Heap Roots: 0.3ms
[2024-05-30T12:35:43.290+0000][7282.709s][info][gc,phases   ] GC(1304)   Evacuate Collection Set: 19.3ms
[2024-05-30T12:35:43.290+0000][7282.709s][info][gc,phases   ] GC(1304)   Post Evacuate Collection Set: 1.8ms
[2024-05-30T12:35:43.290+0000][7282.709s][info][gc,phases   ] GC(1304)   Other: 0.2ms
[2024-05-30T12:35:43.290+0000][7282.709s][info][gc,heap     ] GC(1304) Eden regions: 914->0(914)
[2024-05-30T12:35:43.290+0000][7282.709s][info][gc,heap     ] GC(1304) Survivor regions: 7->7(116)
[2024-05-30T12:35:43.290+0000][7282.709s][info][gc,heap     ] GC(1304) Old regions: 232->232
[2024-05-30T12:35:43.290+0000][7282.709s][info][gc,heap     ] GC(1304) Archive regions: 2->2
[2024-05-30T12:35:43.290+0000][7282.709s][info][gc,heap     ] GC(1304) Humongous regions: 7->7
[2024-05-30T12:35:43.290+0000][7282.709s][info][gc,metaspace] GC(1304) Metaspace: 414519K(420544K)->414519K(420544K) NonClass: 362504K(365888K)->362504K(365888K) Class: 52014K(54656K)->52014K(54656K)
[2024-05-30T12:35:43.290+0000][7282.709s][info][gc          ] GC(1304) Pause Young (Normal) (G1 Evacuation Pause) 9277M->1969M(12288M) 21.794ms
[2024-05-30T12:35:43.290+0000][7282.709s][info][gc,cpu      ] GC(1304) User=0.12s Sys=0.00s Real=0.03s
[2024-05-30T12:35:53.601+0000][7293.020s][info][gc,start    ] GC(1305) Pause Young (Normal) (G1 Evacuation Pause)
[2024-05-30T12:35:53.601+0000][7293.020s][info][gc,task     ] GC(1305) Using 6 workers of 6 for evacuation
[2024-05-30T12:35:53.630+0000][7293.050s][info][gc,phases   ] GC(1305)   Pre Evacuate Collection Set: 0.2ms
[2024-05-30T12:35:53.630+0000][7293.050s][info][gc,phases   ] GC(1305)   Merge Heap Roots: 0.3ms
[2024-05-30T12:35:53.630+0000][7293.050s][info][gc,phases   ] GC(1305)   Evacuate Collection Set: 27.2ms
[2024-05-30T12:35:53.630+0000][7293.050s][info][gc,phases   ] GC(1305)   Post Evacuate Collection Set: 2.0ms
[2024-05-30T12:35:53.631+0000][7293.050s][info][gc,phases   ] GC(1305)   Other: 0.2ms
[2024-05-30T12:35:53.631+0000][7293.050s][info][gc,heap     ] GC(1305) Eden regions: 914->0(909)
[2024-05-30T12:35:53.631+0000][7293.050s][info][gc,heap     ] GC(1305) Survivor regions: 7->12(116)
[2024-05-30T12:35:53.631+0000][7293.050s][info][gc,heap     ] GC(1305) Old regions: 232->232
[2024-05-30T12:35:53.631+0000][7293.050s][info][gc,heap     ] GC(1305) Archive regions: 2->2
[2024-05-30T12:35:53.631+0000][7293.050s][info][gc,heap     ] GC(1305) Humongous regions: 7->7
[2024-05-30T12:35:53.631+0000][7293.050s][info][gc,metaspace] GC(1305) Metaspace: 414523K(420544K)->414523K(420544K) NonClass: 362508K(365888K)->362508K(365888K) Class: 52014K(54656K)->52014K(54656K)
[2024-05-30T12:35:53.631+0000][7293.050s][info][gc          ] GC(1305) Pause Young (Normal) (G1 Evacuation Pause) 9281M->2007M(12288M) 29.879ms
[2024-05-30T12:35:53.631+0000][7293.050s][info][gc,cpu      ] GC(1305) User=0.16s Sys=0.00s Real=0.03s
[2024-05-30T12:36:03.573+0000][7302.992s][info][gc,start    ] GC(1306) Pause Young (Concurrent Start) (G1 Evacuation Pause)
[2024-05-30T12:36:03.573+0000][7302.992s][info][gc,task     ] GC(1306) Using 6 workers of 6 for evacuation
[2024-05-30T12:36:03.613+0000][7303.032s][info][gc,phases   ] GC(1306)   Pre Evacuate Collection Set: 0.6ms
[2024-05-30T12:36:03.613+0000][7303.032s][info][gc,phases   ] GC(1306)   Merge Heap Roots: 0.3ms
[2024-05-30T12:36:03.613+0000][7303.032s][info][gc,phases   ] GC(1306)   Evacuate Collection Set: 37.1ms
[2024-05-30T12:36:03.613+0000][7303.032s][info][gc,phases   ] GC(1306)   Post Evacuate Collection Set: 2.0ms
[2024-05-30T12:36:03.613+0000][7303.032s][info][gc,phases   ] GC(1306)   Other: 0.3ms
[2024-05-30T12:36:03.613+0000][7303.032s][info][gc,heap     ] GC(1306) Eden regions: 909->0(908)
[2024-05-30T12:36:03.613+0000][7303.032s][info][gc,heap     ] GC(1306) Survivor regions: 12->13(116)
[2024-05-30T12:36:03.613+0000][7303.032s][info][gc,heap     ] GC(1306) Old regions: 232->232
[2024-05-30T12:36:03.613+0000][7303.032s][info][gc,heap     ] GC(1306) Archive regions: 2->2
[2024-05-30T12:36:03.613+0000][7303.032s][info][gc,heap     ] GC(1306) Humongous regions: 7->7
[2024-05-30T12:36:03.613+0000][7303.032s][info][gc,metaspace] GC(1306) Metaspace: 414523K(420544K)->414523K(420544K) NonClass: 362509K(365888K)->362509K(365888K) Class: 52014K(54656K)->52014K(54656K)
[2024-05-30T12:36:03.613+0000][7303.032s][info][gc          ] GC(1306) Pause Young (Concurrent Start) (G1 Evacuation Pause) 9279M->2012M(12288M) 40.371ms
[2024-05-30T12:36:03.613+0000][7303.032s][info][gc,cpu      ] GC(1306) User=0.24s Sys=0.00s Real=0.04s
[2024-05-30T12:36:03.613+0000][7303.032s][info][gc          ] GC(1307) Concurrent Mark Cycle
[2024-05-30T12:36:03.613+0000][7303.032s][info][gc,marking  ] GC(1307) Concurrent Clear Claimed Marks
[2024-05-30T12:36:03.614+0000][7303.033s][info][gc,marking  ] GC(1307) Concurrent Clear Claimed Marks 0.416ms
[2024-05-30T12:36:03.614+0000][7303.033s][info][gc,marking  ] GC(1307) Concurrent Scan Root Regions
[2024-05-30T12:36:03.648+0000][7303.067s][info][gc,marking  ] GC(1307) Concurrent Scan Root Regions 33.971ms
[2024-05-30T12:36:03.648+0000][7303.067s][info][gc,marking  ] GC(1307) Concurrent Mark
[2024-05-30T12:36:03.648+0000][7303.067s][info][gc,marking  ] GC(1307) Concurrent Mark From Roots
[2024-05-30T12:36:03.648+0000][7303.067s][info][gc,task     ] GC(1307) Using 2 workers of 2 for marking
[2024-05-30T12:36:04.897+0000][7304.316s][info][gc,marking  ] GC(1307) Concurrent Mark From Roots 1249.455ms
[2024-05-30T12:36:04.897+0000][7304.316s][info][gc,marking  ] GC(1307) Concurrent Preclean
[2024-05-30T12:36:04.898+0000][7304.317s][info][gc,marking  ] GC(1307) Concurrent Preclean 1.011ms
[2024-05-30T12:36:04.898+0000][7304.317s][info][gc,start    ] GC(1307) Pause Remark
[2024-05-30T12:36:04.921+0000][7304.340s][info][gc          ] GC(1307) Pause Remark 2884M->2884M(12288M) 22.620ms
[2024-05-30T12:36:04.921+0000][7304.340s][info][gc,cpu      ] GC(1307) User=0.10s Sys=0.00s Real=0.02s
[2024-05-30T12:36:04.921+0000][7304.340s][info][gc,marking  ] GC(1307) Concurrent Mark 1273.461ms
[2024-05-30T12:36:04.921+0000][7304.340s][info][gc,marking  ] GC(1307) Concurrent Rebuild Remembered Sets
[2024-05-30T12:36:05.651+0000][7305.070s][info][gc,marking  ] GC(1307) Concurrent Rebuild Remembered Sets 729.902ms
[2024-05-30T12:36:05.651+0000][7305.071s][info][gc,start    ] GC(1307) Pause Cleanup
[2024-05-30T12:36:05.652+0000][7305.071s][info][gc          ] GC(1307) Pause Cleanup 3376M->3376M(12288M) 0.579ms
[2024-05-30T12:36:05.652+0000][7305.071s][info][gc,cpu      ] GC(1307) User=0.00s Sys=0.00s Real=0.00s
[2024-05-30T12:36:05.652+0000][7305.071s][info][gc,marking  ] GC(1307) Concurrent Cleanup for Next Mark
[2024-05-30T12:36:05.669+0000][7305.088s][info][gc,marking  ] GC(1307) Concurrent Cleanup for Next Mark 16.852ms
[2024-05-30T12:36:05.669+0000][7305.088s][info][gc          ] GC(1307) Concurrent Mark Cycle 2055.820ms
[2024-05-30T12:36:13.952+0000][7313.371s][info][gc,start    ] GC(1308) Pause Young (Prepare Mixed) (G1 Evacuation Pause)
[2024-05-30T12:36:13.952+0000][7313.371s][info][gc,task     ] GC(1308) Using 6 workers of 6 for evacuation
[2024-05-30T12:36:13.991+0000][7313.410s][info][gc,phases   ] GC(1308)   Pre Evacuate Collection Set: 0.2ms
[2024-05-30T12:36:13.991+0000][7313.410s][info][gc,phases   ] GC(1308)   Merge Heap Roots: 0.3ms
[2024-05-30T12:36:13.991+0000][7313.410s][info][gc,phases   ] GC(1308)   Evacuate Collection Set: 36.7ms
[2024-05-30T12:36:13.991+0000][7313.411s][info][gc,phases   ] GC(1308)   Post Evacuate Collection Set: 1.8ms
[2024-05-30T12:36:13.991+0000][7313.411s][info][gc,phases   ] GC(1308)   Other: 0.2ms
[2024-05-30T12:36:13.991+0000][7313.411s][info][gc,heap     ] GC(1308) Eden regions: 908->0(60)
[2024-05-30T12:36:13.991+0000][7313.411s][info][gc,heap     ] GC(1308) Survivor regions: 13->16(116)
[2024-05-30T12:36:13.991+0000][7313.411s][info][gc,heap     ] GC(1308) Old regions: 232->232
[2024-05-30T12:36:13.991+0000][7313.411s][info][gc,heap     ] GC(1308) Archive regions: 2->2
[2024-05-30T12:36:13.991+0000][7313.411s][info][gc,heap     ] GC(1308) Humongous regions: 7->7
[2024-05-30T12:36:13.991+0000][7313.411s][info][gc,metaspace] GC(1308) Metaspace: 414523K(420544K)->414523K(420544K) NonClass: 362509K(365888K)->362509K(365888K) Class: 52014K(54656K)->52014K(54656K)
[2024-05-30T12:36:13.991+0000][7313.411s][info][gc          ] GC(1308) Pause Young (Prepare Mixed) (G1 Evacuation Pause) 9276M->2036M(12288M) 39.299ms
[2024-05-30T12:36:13.991+0000][7313.411s][info][gc,cpu      ] GC(1308) User=0.23s Sys=0.00s Real=0.04s
[2024-05-30T12:36:14.705+0000][7314.124s][info][gc,start    ] GC(1309) Pause Young (Mixed) (G1 Evacuation Pause)
[2024-05-30T12:36:14.705+0000][7314.124s][info][gc,task     ] GC(1309) Using 6 workers of 6 for evacuation
[2024-05-30T12:36:14.749+0000][7314.169s][info][gc,phases   ] GC(1309)   Pre Evacuate Collection Set: 0.2ms
[2024-05-30T12:36:14.749+0000][7314.169s][info][gc,phases   ] GC(1309)   Merge Heap Roots: 0.2ms
[2024-05-30T12:36:14.749+0000][7314.169s][info][gc,phases   ] GC(1309)   Evacuate Collection Set: 42.8ms
[2024-05-30T12:36:14.749+0000][7314.169s][info][gc,phases   ] GC(1309)   Post Evacuate Collection Set: 1.3ms
[2024-05-30T12:36:14.749+0000][7314.169s][info][gc,phases   ] GC(1309)   Other: 0.2ms
[2024-05-30T12:36:14.749+0000][7314.169s][info][gc,heap     ] GC(1309) Eden regions: 60->0(915)
[2024-05-30T12:36:14.749+0000][7314.169s][info][gc,heap     ] GC(1309) Survivor regions: 16->6(10)
[2024-05-30T12:36:14.749+0000][7314.169s][info][gc,heap     ] GC(1309) Old regions: 232->226
[2024-05-30T12:36:14.749+0000][7314.169s][info][gc,heap     ] GC(1309) Archive regions: 2->2
[2024-05-30T12:36:14.749+0000][7314.169s][info][gc,heap     ] GC(1309) Humongous regions: 7->7
[2024-05-30T12:36:14.749+0000][7314.169s][info][gc,metaspace] GC(1309) Metaspace: 414523K(420544K)->414523K(420544K) NonClass: 362509K(365888K)->362509K(365888K) Class: 52014K(54656K)->52014K(54656K)
[2024-05-30T12:36:14.749+0000][7314.169s][info][gc          ] GC(1309) Pause Young (Mixed) (G1 Evacuation Pause) 2516M->1914M(12288M) 44.747ms
[2024-05-30T12:36:14.750+0000][7314.169s][info][gc,cpu      ] GC(1309) User=0.27s Sys=0.00s Real=0.05s
[2024-05-30T12:36:24.595+0000][7324.014s][info][gc,start    ] GC(1310) Pause Young (Normal) (G1 Evacuation Pause)
[2024-05-30T12:36:24.595+0000][7324.014s][info][gc,task     ] GC(1310) Using 6 workers of 6 for evacuation
[2024-05-30T12:36:24.618+0000][7324.037s][info][gc,phases   ] GC(1310)   Pre Evacuate Collection Set: 0.2ms
[2024-05-30T12:36:24.618+0000][7324.037s][info][gc,phases   ] GC(1310)   Merge Heap Roots: 0.3ms
[2024-05-30T12:36:24.618+0000][7324.037s][info][gc,phases   ] GC(1310)   Evacuate Collection Set: 20.9ms
[2024-05-30T12:36:24.618+0000][7324.037s][info][gc,phases   ] GC(1310)   Post Evacuate Collection Set: 2.0ms
[2024-05-30T12:36:24.618+0000][7324.037s][info][gc,phases   ] GC(1310)   Other: 0.2ms
[2024-05-30T12:36:24.618+0000][7324.037s][info][gc,heap     ] GC(1310) Eden regions: 915->0(912)
[2024-05-30T12:36:24.618+0000][7324.037s][info][gc,heap     ] GC(1310) Survivor regions: 6->9(116)
[2024-05-30T12:36:24.618+0000][7324.037s][info][gc,heap     ] GC(1310) Old regions: 226->226
[2024-05-30T12:36:24.618+0000][7324.037s][info][gc,heap     ] GC(1310) Archive regions: 2->2
[2024-05-30T12:36:24.618+0000][7324.037s][info][gc,heap     ] GC(1310) Humongous regions: 7->7
[2024-05-30T12:36:24.618+0000][7324.037s][info][gc,metaspace] GC(1310) Metaspace: 414526K(420544K)->414526K(420544K) NonClass: 362512K(365888K)->362512K(365888K) Class: 52014K(54656K)->52014K(54656K)
[2024-05-30T12:36:24.618+0000][7324.038s][info][gc          ] GC(1310) Pause Young (Normal) (G1 Evacuation Pause) 9234M->1938M(12288M) 23.635ms
[2024-05-30T12:36:24.618+0000][7324.038s][info][gc,cpu      ] GC(1310) User=0.14s Sys=0.00s Real=0.03s
[2024-05-30T12:36:34.581+0000][7334.001s][info][gc,start    ] GC(1311) Pause Young (Normal) (G1 Evacuation Pause)
[2024-05-30T12:36:34.581+0000][7334.001s][info][gc,task     ] GC(1311) Using 6 workers of 6 for evacuation
[2024-05-30T12:36:34.610+0000][7334.029s][info][gc,phases   ] GC(1311)   Pre Evacuate Collection Set: 0.2ms
[2024-05-30T12:36:34.610+0000][7334.030s][info][gc,phases   ] GC(1311)   Merge Heap Roots: 0.3ms
[2024-05-30T12:36:34.610+0000][7334.030s][info][gc,phases   ] GC(1311)   Evacuate Collection Set: 26.5ms
[2024-05-30T12:36:34.610+0000][7334.030s][info][gc,phases   ] GC(1311)   Post Evacuate Collection Set: 1.8ms
[2024-05-30T12:36:34.610+0000][7334.030s][info][gc,phases   ] GC(1311)   Other: 0.2ms
[2024-05-30T12:36:34.610+0000][7334.030s][info][gc,heap     ] GC(1311) Eden regions: 912->0(911)
[2024-05-30T12:36:34.610+0000][7334.030s][info][gc,heap     ] GC(1311) Survivor regions: 9->10(116)
[2024-05-30T12:36:34.610+0000][7334.030s][info][gc,heap     ] GC(1311) Old regions: 226->226
[2024-05-30T12:36:34.610+0000][7334.030s][info][gc,heap     ] GC(1311) Archive regions: 2->2
[2024-05-30T12:36:34.610+0000][7334.030s][info][gc,heap     ] GC(1311) Humongous regions: 7->7
[2024-05-30T12:36:34.610+0000][7334.030s][info][gc,metaspace] GC(1311) Metaspace: 414526K(420544K)->414526K(420544K) NonClass: 362512K(365888K)->362512K(365888K) Class: 52014K(54656K)->52014K(54656K)
[2024-05-30T12:36:34.610+0000][7334.030s][info][gc          ] GC(1311) Pause Young (Normal) (G1 Evacuation Pause) 9234M->1945M(12288M) 29.003ms
[2024-05-30T12:36:34.610+0000][7334.030s][info][gc,cpu      ] GC(1311) User=0.17s Sys=0.01s Real=0.03s
[2024-05-30T12:36:44.614+0000][7344.033s][info][gc,start    ] GC(1312) Pause Young (Concurrent Start) (G1 Evacuation Pause)
[2024-05-30T12:36:44.614+0000][7344.033s][info][gc,task     ] GC(1312) Using 6 workers of 6 for evacuation
[2024-05-30T12:36:44.654+0000][7344.074s][info][gc,phases   ] GC(1312)   Pre Evacuate Collection Set: 0.6ms
[2024-05-30T12:36:44.654+0000][7344.074s][info][gc,phases   ] GC(1312)   Merge Heap Roots: 0.3ms
[2024-05-30T12:36:44.654+0000][7344.074s][info][gc,phases   ] GC(1312)   Evacuate Collection Set: 37.2ms
[2024-05-30T12:36:44.654+0000][7344.074s][info][gc,phases   ] GC(1312)   Post Evacuate Collection Set: 2.1ms
[2024-05-30T12:36:44.654+0000][7344.074s][info][gc,phases   ] GC(1312)   Other: 0.3ms
[2024-05-30T12:36:44.654+0000][7344.074s][info][gc,heap     ] GC(1312) Eden regions: 911->0(906)
[2024-05-30T12:36:44.654+0000][7344.074s][info][gc,heap     ] GC(1312) Survivor regions: 10->15(116)
[2024-05-30T12:36:44.654+0000][7344.074s][info][gc,heap     ] GC(1312) Old regions: 226->226
[2024-05-30T12:36:44.654+0000][7344.074s][info][gc,heap     ] GC(1312) Archive regions: 2->2
[2024-05-30T12:36:44.654+0000][7344.074s][info][gc,heap     ] GC(1312) Humongous regions: 7->7
[2024-05-30T12:36:44.654+0000][7344.074s][info][gc,metaspace] GC(1312) Metaspace: 414560K(420672K)->414560K(420672K) NonClass: 362543K(365952K)->362543K(365952K) Class: 52016K(54720K)->52016K(54720K)
[2024-05-30T12:36:44.654+0000][7344.074s][info][gc          ] GC(1312) Pause Young (Concurrent Start) (G1 Evacuation Pause) 9233M->1986M(12288M) 40.543ms
[2024-05-30T12:36:44.654+0000][7344.074s][info][gc,cpu      ] GC(1312) User=0.23s Sys=0.00s Real=0.04s
[2024-05-30T12:36:44.654+0000][7344.074s][info][gc          ] GC(1313) Concurrent Mark Cycle
[2024-05-30T12:36:44.655+0000][7344.074s][info][gc,marking  ] GC(1313) Concurrent Clear Claimed Marks
[2024-05-30T12:36:44.655+0000][7344.074s][info][gc,marking  ] GC(1313) Concurrent Clear Claimed Marks 0.425ms
[2024-05-30T12:36:44.655+0000][7344.074s][info][gc,marking  ] GC(1313) Concurrent Scan Root Regions
[2024-05-30T12:36:44.684+0000][7344.103s][info][gc,marking  ] GC(1313) Concurrent Scan Root Regions 29.089ms
[2024-05-30T12:36:44.684+0000][7344.103s][info][gc,marking  ] GC(1313) Concurrent Mark
[2024-05-30T12:36:44.684+0000][7344.103s][info][gc,marking  ] GC(1313) Concurrent Mark From Roots
[2024-05-30T12:36:44.684+0000][7344.103s][info][gc,task     ] GC(1313) Using 2 workers of 2 for marking
[2024-05-30T12:36:45.915+0000][7345.335s][info][gc,marking  ] GC(1313) Concurrent Mark From Roots 1231.169ms
[2024-05-30T12:36:45.915+0000][7345.335s][info][gc,marking  ] GC(1313) Concurrent Preclean
[2024-05-30T12:36:45.916+0000][7345.336s][info][gc,marking  ] GC(1313) Concurrent Preclean 1.023ms
[2024-05-30T12:36:45.917+0000][7345.336s][info][gc,start    ] GC(1313) Pause Remark
[2024-05-30T12:36:45.938+0000][7345.357s][info][gc          ] GC(1313) Pause Remark 2830M->2830M(12288M) 21.384ms
[2024-05-30T12:36:45.938+0000][7345.357s][info][gc,cpu      ] GC(1313) User=0.08s Sys=0.00s Real=0.02s
[2024-05-30T12:36:45.938+0000][7345.358s][info][gc,marking  ] GC(1313) Concurrent Mark 1254.205ms
[2024-05-30T12:36:45.938+0000][7345.358s][info][gc,marking  ] GC(1313) Concurrent Rebuild Remembered Sets
[2024-05-30T12:36:46.726+0000][7346.145s][info][gc,marking  ] GC(1313) Concurrent Rebuild Remembered Sets 787.717ms
[2024-05-30T12:36:46.726+0000][7346.146s][info][gc,start    ] GC(1313) Pause Cleanup
[2024-05-30T12:36:46.727+0000][7346.146s][info][gc          ] GC(1313) Pause Cleanup 3382M->3382M(12288M) 0.552ms
[2024-05-30T12:36:46.727+0000][7346.146s][info][gc,cpu      ] GC(1313) User=0.00s Sys=0.00s Real=0.00s
[2024-05-30T12:36:46.727+0000][7346.146s][info][gc,marking  ] GC(1313) Concurrent Cleanup for Next Mark
[2024-05-30T12:36:46.746+0000][7346.165s][info][gc,marking  ] GC(1313) Concurrent Cleanup for Next Mark 18.609ms
[2024-05-30T12:36:46.746+0000][7346.165s][info][gc          ] GC(1313) Concurrent Mark Cycle 2091.143ms
[2024-05-30T12:36:53.129+0000][7352.548s][info][gc,start    ] GC(1314) Pause Young (Prepare Mixed) (G1 Evacuation Pause)
[2024-05-30T12:36:53.129+0000][7352.548s][info][gc,task     ] GC(1314) Using 6 workers of 6 for evacuation
[2024-05-30T12:36:53.186+0000][7352.606s][info][gc,phases   ] GC(1314)   Pre Evacuate Collection Set: 0.2ms
[2024-05-30T12:36:53.186+0000][7352.606s][info][gc,phases   ] GC(1314)   Merge Heap Roots: 0.3ms
[2024-05-30T12:36:53.186+0000][7352.606s][info][gc,phases   ] GC(1314)   Evacuate Collection Set: 50.8ms
[2024-05-30T12:36:53.186+0000][7352.606s][info][gc,phases   ] GC(1314)   Post Evacuate Collection Set: 6.2ms
[2024-05-30T12:36:53.186+0000][7352.606s][info][gc,phases   ] GC(1314)   Other: 0.2ms
[2024-05-30T12:36:53.186+0000][7352.606s][info][gc,heap     ] GC(1314) Eden regions: 906->0(57)
[2024-05-30T12:36:53.186+0000][7352.606s][info][gc,heap     ] GC(1314) Survivor regions: 15->19(116)
[2024-05-30T12:36:53.186+0000][7352.606s][info][gc,heap     ] GC(1314) Old regions: 226->226
[2024-05-30T12:36:53.186+0000][7352.606s][info][gc,heap     ] GC(1314) Archive regions: 2->2
[2024-05-30T12:36:53.186+0000][7352.606s][info][gc,heap     ] GC(1314) Humongous regions: 7->7
[2024-05-30T12:36:53.186+0000][7352.606s][info][gc,metaspace] GC(1314) Metaspace: 414561K(420672K)->414561K(420672K) NonClass: 362545K(365952K)->362545K(365952K) Class: 52016K(54720K)->52016K(54720K)
[2024-05-30T12:36:53.186+0000][7352.606s][info][gc          ] GC(1314) Pause Young (Prepare Mixed) (G1 Evacuation Pause) 9234M->2018M(12288M) 57.774ms
[2024-05-30T12:36:53.187+0000][7352.606s][info][gc,cpu      ] GC(1314) User=0.34s Sys=0.01s Real=0.05s
[2024-05-30T12:36:53.373+0000][7352.793s][info][gc,start    ] GC(1315) Pause Young (Mixed) (G1 Evacuation Pause)
[2024-05-30T12:36:53.373+0000][7352.793s][info][gc,task     ] GC(1315) Using 6 workers of 6 for evacuation
[2024-05-30T12:36:53.427+0000][7352.846s][info][gc,phases   ] GC(1315)   Pre Evacuate Collection Set: 0.2ms
[2024-05-30T12:36:53.427+0000][7352.846s][info][gc,phases   ] GC(1315)   Merge Heap Roots: 0.2ms
[2024-05-30T12:36:53.427+0000][7352.846s][info][gc,phases   ] GC(1315)   Evacuate Collection Set: 50.3ms
[2024-05-30T12:36:53.427+0000][7352.846s][info][gc,phases   ] GC(1315)   Post Evacuate Collection Set: 2.8ms
[2024-05-30T12:36:53.427+0000][7352.846s][info][gc,phases   ] GC(1315)   Other: 0.2ms
[2024-05-30T12:36:53.427+0000][7352.846s][info][gc,heap     ] GC(1315) Eden regions: 57->0(918)
[2024-05-30T12:36:53.427+0000][7352.846s][info][gc,heap     ] GC(1315) Survivor regions: 19->3(10)
[2024-05-30T12:36:53.427+0000][7352.846s][info][gc,heap     ] GC(1315) Old regions: 226->228
[2024-05-30T12:36:53.427+0000][7352.846s][info][gc,heap     ] GC(1315) Archive regions: 2->2
[2024-05-30T12:36:53.427+0000][7352.846s][info][gc,heap     ] GC(1315) Humongous regions: 7->7
[2024-05-30T12:36:53.427+0000][7352.846s][info][gc,metaspace] GC(1315) Metaspace: 414561K(420672K)->414561K(420672K) NonClass: 362545K(365952K)->362545K(365952K) Class: 52016K(54720K)->52016K(54720K)
[2024-05-30T12:36:53.427+0000][7352.846s][info][gc          ] GC(1315) Pause Young (Mixed) (G1 Evacuation Pause) 2474M->1906M(12288M) 53.710ms
[2024-05-30T12:36:53.427+0000][7352.846s][info][gc,cpu      ] GC(1315) User=0.32s Sys=0.00s Real=0.05s
[2024-05-30T12:36:56.389+0000][7355.808s][info][gc,start    ] GC(1316) Pause Young (Normal) (G1 Evacuation Pause)
[2024-05-30T12:36:56.389+0000][7355.808s][info][gc,task     ] GC(1316) Using 6 workers of 6 for evacuation
[2024-05-30T12:36:56.483+0000][7355.903s][info][gc,phases   ] GC(1316)   Pre Evacuate Collection Set: 0.2ms
[2024-05-30T12:36:56.483+0000][7355.903s][info][gc,phases   ] GC(1316)   Merge Heap Roots: 0.2ms
[2024-05-30T12:36:56.483+0000][7355.903s][info][gc,phases   ] GC(1316)   Evacuate Collection Set: 69.4ms
[2024-05-30T12:36:56.484+0000][7355.903s][info][gc,phases   ] GC(1316)   Post Evacuate Collection Set: 24.4ms
[2024-05-30T12:36:56.484+0000][7355.903s][info][gc,phases   ] GC(1316)   Other: 0.2ms
[2024-05-30T12:36:56.484+0000][7355.903s][info][gc,heap     ] GC(1316) Eden regions: 918->0(913)
[2024-05-30T12:36:56.484+0000][7355.903s][info][gc,heap     ] GC(1316) Survivor regions: 3->8(116)
[2024-05-30T12:36:56.484+0000][7355.903s][info][gc,heap     ] GC(1316) Old regions: 228->228
[2024-05-30T12:36:56.484+0000][7355.903s][info][gc,heap     ] GC(1316) Archive regions: 2->2
[2024-05-30T12:36:56.484+0000][7355.903s][info][gc,heap     ] GC(1316) Humongous regions: 8->8
[2024-05-30T12:36:56.484+0000][7355.903s][info][gc,metaspace] GC(1316) Metaspace: 414561K(420672K)->414561K(420672K) NonClass: 362545K(365952K)->362545K(365952K) Class: 52016K(54720K)->52016K(54720K)
[2024-05-30T12:36:56.484+0000][7355.903s][info][gc          ] GC(1316) Pause Young (Normal) (G1 Evacuation Pause) 9258M->1954M(12288M) 94.484ms
[2024-05-30T12:36:56.484+0000][7355.903s][info][gc,cpu      ] GC(1316) User=0.55s Sys=0.00s Real=0.09s
[2024-05-30T12:36:59.238+0000][7358.658s][info][gc,start    ] GC(1317) Pause Young (Normal) (G1 Evacuation Pause)
[2024-05-30T12:36:59.238+0000][7358.658s][info][gc,task     ] GC(1317) Using 6 workers of 6 for evacuation
[2024-05-30T12:36:59.334+0000][7358.754s][info][gc,phases   ] GC(1317)   Pre Evacuate Collection Set: 0.2ms
[2024-05-30T12:36:59.334+0000][7358.754s][info][gc,phases   ] GC(1317)   Merge Heap Roots: 0.3ms
[2024-05-30T12:36:59.334+0000][7358.754s][info][gc,phases   ] GC(1317)   Evacuate Collection Set: 72.1ms
[2024-05-30T12:36:59.334+0000][7358.754s][info][gc,phases   ] GC(1317)   Post Evacuate Collection Set: 23.3ms
[2024-05-30T12:36:59.334+0000][7358.754s][info][gc,phases   ] GC(1317)   Other: 0.3ms
[2024-05-30T12:36:59.335+0000][7358.754s][info][gc,heap     ] GC(1317) Eden regions: 913->0(907)
[2024-05-30T12:36:59.335+0000][7358.754s][info][gc,heap     ] GC(1317) Survivor regions: 8->14(116)
[2024-05-30T12:36:59.335+0000][7358.754s][info][gc,heap     ] GC(1317) Old regions: 228->228
[2024-05-30T12:36:59.335+0000][7358.754s][info][gc,heap     ] GC(1317) Archive regions: 2->2
[2024-05-30T12:36:59.335+0000][7358.754s][info][gc,heap     ] GC(1317) Humongous regions: 8->8
[2024-05-30T12:36:59.335+0000][7358.754s][info][gc,metaspace] GC(1317) Metaspace: 414563K(420672K)->414563K(420672K) NonClass: 362547K(365952K)->362547K(365952K) Class: 52016K(54720K)->52016K(54720K)
[2024-05-30T12:36:59.335+0000][7358.754s][info][gc          ] GC(1317) Pause Young (Normal) (G1 Evacuation Pause) 9258M->1998M(12288M) 96.274ms
[2024-05-30T12:36:59.335+0000][7358.754s][info][gc,cpu      ] GC(1317) User=0.55s Sys=0.01s Real=0.09s
[2024-05-30T12:37:02.116+0000][7361.536s][info][gc,start    ] GC(1318) Pause Young (Concurrent Start) (G1 Evacuation Pause)
[2024-05-30T12:37:02.116+0000][7361.536s][info][gc,task     ] GC(1318) Using 6 workers of 6 for evacuation
[2024-05-30T12:37:02.251+0000][7361.670s][info][gc,phases   ] GC(1318)   Pre Evacuate Collection Set: 0.6ms
[2024-05-30T12:37:02.251+0000][7361.670s][info][gc,phases   ] GC(1318)   Merge Heap Roots: 0.4ms
[2024-05-30T12:37:02.251+0000][7361.670s][info][gc,phases   ] GC(1318)   Evacuate Collection Set: 108.9ms
[2024-05-30T12:37:02.251+0000][7361.670s][info][gc,phases   ] GC(1318)   Post Evacuate Collection Set: 24.1ms
[2024-05-30T12:37:02.251+0000][7361.670s][info][gc,phases   ] GC(1318)   Other: 0.3ms
[2024-05-30T12:37:02.251+0000][7361.670s][info][gc,heap     ] GC(1318) Eden regions: 907->0(902)
[2024-05-30T12:37:02.251+0000][7361.670s][info][gc,heap     ] GC(1318) Survivor regions: 14->19(116)
[2024-05-30T12:37:02.251+0000][7361.670s][info][gc,heap     ] GC(1318) Old regions: 228->228
[2024-05-30T12:37:02.251+0000][7361.670s][info][gc,heap     ] GC(1318) Archive regions: 2->2
[2024-05-30T12:37:02.251+0000][7361.670s][info][gc,heap     ] GC(1318) Humongous regions: 8->8
[2024-05-30T12:37:02.251+0000][7361.670s][info][gc,metaspace] GC(1318) Metaspace: 414563K(420672K)->414563K(420672K) NonClass: 362547K(365952K)->362547K(365952K) Class: 52016K(54720K)->52016K(54720K)
[2024-05-30T12:37:02.251+0000][7361.670s][info][gc          ] GC(1318) Pause Young (Concurrent Start) (G1 Evacuation Pause) 9254M->2042M(12288M) 134.314ms
[2024-05-30T12:37:02.251+0000][7361.670s][info][gc,cpu      ] GC(1318) User=0.79s Sys=0.00s Real=0.13s
[2024-05-30T12:37:02.251+0000][7361.670s][info][gc          ] GC(1319) Concurrent Mark Cycle
[2024-05-30T12:37:02.251+0000][7361.670s][info][gc,marking  ] GC(1319) Concurrent Clear Claimed Marks
[2024-05-30T12:37:02.251+0000][7361.671s][info][gc,marking  ] GC(1319) Concurrent Clear Claimed Marks 0.430ms
[2024-05-30T12:37:02.251+0000][7361.671s][info][gc,marking  ] GC(1319) Concurrent Scan Root Regions
[2024-05-30T12:37:02.332+0000][7361.752s][info][gc,marking  ] GC(1319) Concurrent Scan Root Regions 80.926ms
[2024-05-30T12:37:02.332+0000][7361.752s][info][gc,marking  ] GC(1319) Concurrent Mark
[2024-05-30T12:37:02.332+0000][7361.752s][info][gc,marking  ] GC(1319) Concurrent Mark From Roots
[2024-05-30T12:37:02.332+0000][7361.752s][info][gc,task     ] GC(1319) Using 2 workers of 2 for marking
[2024-05-30T12:37:03.553+0000][7362.972s][info][gc,marking  ] GC(1319) Concurrent Mark From Roots 1220.527ms
[2024-05-30T12:37:03.553+0000][7362.972s][info][gc,marking  ] GC(1319) Concurrent Preclean
[2024-05-30T12:37:03.554+0000][7362.973s][info][gc,marking  ] GC(1319) Concurrent Preclean 1.236ms
[2024-05-30T12:37:03.554+0000][7362.974s][info][gc,start    ] GC(1319) Pause Remark
[2024-05-30T12:37:03.576+0000][7362.995s][info][gc          ] GC(1319) Pause Remark 4934M->4934M(12288M) 21.156ms
[2024-05-30T12:37:03.576+0000][7362.995s][info][gc,cpu      ] GC(1319) User=0.09s Sys=0.00s Real=0.02s
[2024-05-30T12:37:03.576+0000][7362.995s][info][gc,marking  ] GC(1319) Concurrent Mark 1243.331ms
[2024-05-30T12:37:03.576+0000][7362.995s][info][gc,marking  ] GC(1319) Concurrent Rebuild Remembered Sets
[2024-05-30T12:37:04.347+0000][7363.766s][info][gc,marking  ] GC(1319) Concurrent Rebuild Remembered Sets 771.086ms
[2024-05-30T12:37:04.347+0000][7363.766s][info][gc,start    ] GC(1319) Pause Cleanup
[2024-05-30T12:37:04.348+0000][7363.767s][info][gc          ] GC(1319) Pause Cleanup 6742M->6742M(12288M) 0.529ms
[2024-05-30T12:37:04.348+0000][7363.767s][info][gc,cpu      ] GC(1319) User=0.01s Sys=0.00s Real=0.00s
[2024-05-30T12:37:04.348+0000][7363.767s][info][gc,marking  ] GC(1319) Concurrent Cleanup for Next Mark
[2024-05-30T12:37:04.365+0000][7363.785s][info][gc,marking  ] GC(1319) Concurrent Cleanup for Next Mark 17.650ms
[2024-05-30T12:37:04.365+0000][7363.785s][info][gc          ] GC(1319) Concurrent Mark Cycle 2114.530ms
[2024-05-30T12:37:05.283+0000][7364.703s][info][gc,start    ] GC(1320) Pause Young (Prepare Mixed) (G1 Evacuation Pause)
[2024-05-30T12:37:05.284+0000][7364.703s][info][gc,task     ] GC(1320) Using 6 workers of 6 for evacuation
[2024-05-30T12:37:05.440+0000][7364.859s][info][gc,phases   ] GC(1320)   Pre Evacuate Collection Set: 0.2ms
[2024-05-30T12:37:05.440+0000][7364.859s][info][gc,phases   ] GC(1320)   Merge Heap Roots: 1.2ms
[2024-05-30T12:37:05.440+0000][7364.859s][info][gc,phases   ] GC(1320)   Evacuate Collection Set: 127.0ms
[2024-05-30T12:37:05.440+0000][7364.859s][info][gc,phases   ] GC(1320)   Post Evacuate Collection Set: 28.0ms
[2024-05-30T12:37:05.440+0000][7364.859s][info][gc,phases   ] GC(1320)   Other: 0.2ms
[2024-05-30T12:37:05.440+0000][7364.859s][info][gc,heap     ] GC(1320) Eden regions: 902->0(50)
[2024-05-30T12:37:05.440+0000][7364.859s][info][gc,heap     ] GC(1320) Survivor regions: 19->26(116)
[2024-05-30T12:37:05.440+0000][7364.859s][info][gc,heap     ] GC(1320) Old regions: 228->228
[2024-05-30T12:37:05.440+0000][7364.859s][info][gc,heap     ] GC(1320) Archive regions: 2->2
[2024-05-30T12:37:05.440+0000][7364.859s][info][gc,heap     ] GC(1320) Humongous regions: 8->8
[2024-05-30T12:37:05.440+0000][7364.859s][info][gc,metaspace] GC(1320) Metaspace: 414563K(420672K)->414563K(420672K) NonClass: 362547K(365952K)->362547K(365952K) Class: 52016K(54720K)->52016K(54720K)
[2024-05-30T12:37:05.440+0000][7364.859s][info][gc          ] GC(1320) Pause Young (Prepare Mixed) (G1 Evacuation Pause) 9258M->2094M(12288M) 156.603ms
[2024-05-30T12:37:05.440+0000][7364.859s][info][gc,cpu      ] GC(1320) User=0.92s Sys=0.00s Real=0.16s
[2024-05-30T12:37:05.597+0000][7365.016s][info][gc,start    ] GC(1321) Pause Young (Mixed) (G1 Evacuation Pause)
[2024-05-30T12:37:05.597+0000][7365.016s][info][gc,task     ] GC(1321) Using 6 workers of 6 for evacuation
[2024-05-30T12:37:05.689+0000][7365.109s][info][gc,phases   ] GC(1321)   Pre Evacuate Collection Set: 0.2ms
[2024-05-30T12:37:05.689+0000][7365.109s][info][gc,phases   ] GC(1321)   Merge Heap Roots: 0.2ms
[2024-05-30T12:37:05.689+0000][7365.109s][info][gc,phases   ] GC(1321)   Evacuate Collection Set: 89.7ms
[2024-05-30T12:37:05.689+0000][7365.109s][info][gc,phases   ] GC(1321)   Post Evacuate Collection Set: 2.6ms
[2024-05-30T12:37:05.689+0000][7365.109s][info][gc,phases   ] GC(1321)   Other: 0.2ms
[2024-05-30T12:37:05.689+0000][7365.109s][info][gc,heap     ] GC(1321) Eden regions: 50->0(918)
[2024-05-30T12:37:05.689+0000][7365.109s][info][gc,heap     ] GC(1321) Survivor regions: 26->3(10)
[2024-05-30T12:37:05.689+0000][7365.109s][info][gc,heap     ] GC(1321) Old regions: 228->237
[2024-05-30T12:37:05.689+0000][7365.109s][info][gc,heap     ] GC(1321) Archive regions: 2->2
[2024-05-30T12:37:05.689+0000][7365.109s][info][gc,heap     ] GC(1321) Humongous regions: 8->8
[2024-05-30T12:37:05.689+0000][7365.109s][info][gc,metaspace] GC(1321) Metaspace: 414563K(420672K)->414563K(420672K) NonClass: 362547K(365952K)->362547K(365952K) Class: 52016K(54720K)->52016K(54720K)
[2024-05-30T12:37:05.690+0000][7365.109s][info][gc          ] GC(1321) Pause Young (Mixed) (G1 Evacuation Pause) 2494M->1987M(12288M) 93.001ms
[2024-05-30T12:37:05.690+0000][7365.109s][info][gc,cpu      ] GC(1321) User=0.55s Sys=0.00s Real=0.09s
[2024-05-30T12:37:08.406+0000][7367.825s][info][gc,start    ] GC(1322) Pause Young (Normal) (G1 Evacuation Pause)
[2024-05-30T12:37:08.406+0000][7367.825s][info][gc,task     ] GC(1322) Using 6 workers of 6 for evacuation
[2024-05-30T12:37:08.492+0000][7367.911s][info][gc,phases   ] GC(1322)   Pre Evacuate Collection Set: 0.2ms
[2024-05-30T12:37:08.492+0000][7367.911s][info][gc,phases   ] GC(1322)   Merge Heap Roots: 0.3ms
[2024-05-30T12:37:08.492+0000][7367.911s][info][gc,phases   ] GC(1322)   Evacuate Collection Set: 63.8ms
[2024-05-30T12:37:08.492+0000][7367.911s][info][gc,phases   ] GC(1322)   Post Evacuate Collection Set: 21.9ms
[2024-05-30T12:37:08.492+0000][7367.911s][info][gc,phases   ] GC(1322)   Other: 0.2ms
[2024-05-30T12:37:08.492+0000][7367.911s][info][gc,heap     ] GC(1322) Eden regions: 918->0(913)
[2024-05-30T12:37:08.492+0000][7367.911s][info][gc,heap     ] GC(1322) Survivor regions: 3->8(116)
[2024-05-30T12:37:08.492+0000][7367.911s][info][gc,heap     ] GC(1322) Old regions: 237->237
[2024-05-30T12:37:08.492+0000][7367.911s][info][gc,heap     ] GC(1322) Archive regions: 2->2
[2024-05-30T12:37:08.492+0000][7367.911s][info][gc,heap     ] GC(1322) Humongous regions: 8->8
[2024-05-30T12:37:08.492+0000][7367.911s][info][gc,metaspace] GC(1322) Metaspace: 414563K(420672K)->414563K(420672K) NonClass: 362547K(365952K)->362547K(365952K) Class: 52016K(54720K)->52016K(54720K)
[2024-05-30T12:37:08.492+0000][7367.911s][info][gc          ] GC(1322) Pause Young (Normal) (G1 Evacuation Pause) 9331M->2020M(12288M) 86.445ms
[2024-05-30T12:37:08.492+0000][7367.912s][info][gc,cpu      ] GC(1322) User=0.50s Sys=0.00s Real=0.09s
[2024-05-30T12:37:11.209+0000][7370.629s][info][gc,start    ] GC(1323) Pause Young (Normal) (G1 Evacuation Pause)
[2024-05-30T12:37:11.209+0000][7370.629s][info][gc,task     ] GC(1323) Using 6 workers of 6 for evacuation
[2024-05-30T12:37:11.338+0000][7370.757s][info][gc,phases   ] GC(1323)   Pre Evacuate Collection Set: 0.2ms
[2024-05-30T12:37:11.338+0000][7370.757s][info][gc,phases   ] GC(1323)   Merge Heap Roots: 0.5ms
[2024-05-30T12:37:11.338+0000][7370.757s][info][gc,phases   ] GC(1323)   Evacuate Collection Set: 99.4ms
[2024-05-30T12:37:11.338+0000][7370.757s][info][gc,phases   ] GC(1323)   Post Evacuate Collection Set: 28.1ms
[2024-05-30T12:37:11.338+0000][7370.757s][info][gc,phases   ] GC(1323)   Other: 0.2ms
[2024-05-30T12:37:11.338+0000][7370.757s][info][gc,heap     ] GC(1323) Eden regions: 913->0(907)
[2024-05-30T12:37:11.338+0000][7370.757s][info][gc,heap     ] GC(1323) Survivor regions: 8->14(116)
[2024-05-30T12:37:11.338+0000][7370.757s][info][gc,heap     ] GC(1323) Old regions: 237->237
[2024-05-30T12:37:11.338+0000][7370.757s][info][gc,heap     ] GC(1323) Archive regions: 2->2
[2024-05-30T12:37:11.338+0000][7370.757s][info][gc,heap     ] GC(1323) Humongous regions: 8->8
[2024-05-30T12:37:11.338+0000][7370.757s][info][gc,metaspace] GC(1323) Metaspace: 414567K(420672K)->414567K(420672K) NonClass: 362550K(365952K)->362550K(365952K) Class: 52016K(54720K)->52016K(54720K)
[2024-05-30T12:37:11.338+0000][7370.757s][info][gc          ] GC(1323) Pause Young (Normal) (G1 Evacuation Pause) 9324M->2069M(12288M) 128.576ms
[2024-05-30T12:37:11.338+0000][7370.757s][info][gc,cpu      ] GC(1323) User=0.75s Sys=0.00s Real=0.13s
[2024-05-30T12:37:14.205+0000][7373.624s][info][gc,start    ] GC(1324) Pause Young (Concurrent Start) (G1 Evacuation Pause)
[2024-05-30T12:37:14.205+0000][7373.624s][info][gc,task     ] GC(1324) Using 6 workers of 6 for evacuation
[2024-05-30T12:37:14.334+0000][7373.753s][info][gc,phases   ] GC(1324)   Pre Evacuate Collection Set: 0.6ms
[2024-05-30T12:37:14.334+0000][7373.753s][info][gc,phases   ] GC(1324)   Merge Heap Roots: 0.4ms
[2024-05-30T12:37:14.334+0000][7373.753s][info][gc,phases   ] GC(1324)   Evacuate Collection Set: 104.0ms
[2024-05-30T12:37:14.334+0000][7373.753s][info][gc,phases   ] GC(1324)   Post Evacuate Collection Set: 24.3ms
[2024-05-30T12:37:14.334+0000][7373.753s][info][gc,phases   ] GC(1324)   Other: 0.3ms
[2024-05-30T12:37:14.334+0000][7373.753s][info][gc,heap     ] GC(1324) Eden regions: 907->0(797)
[2024-05-30T12:37:14.334+0000][7373.753s][info][gc,heap     ] GC(1324) Survivor regions: 14->20(116)
[2024-05-30T12:37:14.334+0000][7373.753s][info][gc,heap     ] GC(1324) Old regions: 237->237
[2024-05-30T12:37:14.334+0000][7373.753s][info][gc,heap     ] GC(1324) Archive regions: 2->2
[2024-05-30T12:37:14.334+0000][7373.753s][info][gc,heap     ] GC(1324) Humongous regions: 8->8
[2024-05-30T12:37:14.334+0000][7373.753s][info][gc,metaspace] GC(1324) Metaspace: 414567K(420672K)->414567K(420672K) NonClass: 362550K(365952K)->362550K(365952K) Class: 52016K(54720K)->52016K(54720K)
[2024-05-30T12:37:14.334+0000][7373.754s][info][gc          ] GC(1324) Pause Young (Concurrent Start) (G1 Evacuation Pause) 9325M->2118M(12288M) 129.679ms
[2024-05-30T12:37:14.334+0000][7373.754s][info][gc,cpu      ] GC(1324) User=0.75s Sys=0.01s Real=0.13s
[2024-05-30T12:37:14.334+0000][7373.754s][info][gc          ] GC(1325) Concurrent Mark Cycle
[2024-05-30T12:37:14.334+0000][7373.754s][info][gc,marking  ] GC(1325) Concurrent Clear Claimed Marks
[2024-05-30T12:37:14.335+0000][7373.754s][info][gc,marking  ] GC(1325) Concurrent Clear Claimed Marks 0.433ms
[2024-05-30T12:37:14.335+0000][7373.754s][info][gc,marking  ] GC(1325) Concurrent Scan Root Regions
[2024-05-30T12:37:14.392+0000][7373.812s][info][gc,marking  ] GC(1325) Concurrent Scan Root Regions 57.490ms
[2024-05-30T12:37:14.392+0000][7373.812s][info][gc,marking  ] GC(1325) Concurrent Mark
[2024-05-30T12:37:14.392+0000][7373.812s][info][gc,marking  ] GC(1325) Concurrent Mark From Roots
[2024-05-30T12:37:14.392+0000][7373.812s][info][gc,task     ] GC(1325) Using 2 workers of 2 for marking
[2024-05-30T12:37:15.643+0000][7375.063s][info][gc,marking  ] GC(1325) Concurrent Mark From Roots 1250.914ms
[2024-05-30T12:37:15.643+0000][7375.063s][info][gc,marking  ] GC(1325) Concurrent Preclean
[2024-05-30T12:37:15.645+0000][7375.064s][info][gc,marking  ] GC(1325) Concurrent Preclean 1.165ms
[2024-05-30T12:37:15.645+0000][7375.064s][info][gc,start    ] GC(1325) Pause Remark
[2024-05-30T12:37:15.666+0000][7375.086s][info][gc          ] GC(1325) Pause Remark 4218M->4218M(12288M) 21.648ms
[2024-05-30T12:37:15.667+0000][7375.086s][info][gc,cpu      ] GC(1325) User=0.08s Sys=0.00s Real=0.02s
[2024-05-30T12:37:15.667+0000][7375.086s][info][gc,marking  ] GC(1325) Concurrent Mark 1274.231ms
[2024-05-30T12:37:15.667+0000][7375.086s][info][gc,marking  ] GC(1325) Concurrent Rebuild Remembered Sets
[2024-05-30T12:37:16.468+0000][7375.887s][info][gc,marking  ] GC(1325) Concurrent Rebuild Remembered Sets 801.409ms
[2024-05-30T12:37:16.468+0000][7375.887s][info][gc,start    ] GC(1325) Pause Cleanup
[2024-05-30T12:37:16.469+0000][7375.888s][info][gc          ] GC(1325) Pause Cleanup 4790M->4790M(12288M) 0.565ms
[2024-05-30T12:37:16.469+0000][7375.888s][info][gc,cpu      ] GC(1325) User=0.00s Sys=0.00s Real=0.01s
[2024-05-30T12:37:16.469+0000][7375.888s][info][gc,marking  ] GC(1325) Concurrent Cleanup for Next Mark
[2024-05-30T12:37:16.486+0000][7375.905s][info][gc,marking  ] GC(1325) Concurrent Cleanup for Next Mark 17.214ms
[2024-05-30T12:37:16.486+0000][7375.905s][info][gc          ] GC(1325) Concurrent Mark Cycle 2151.857ms
[2024-05-30T12:37:21.416+0000][7380.835s][info][gc,start    ] GC(1326) Pause Young (Prepare Mixed) (G1 Evacuation Pause)
[2024-05-30T12:37:21.416+0000][7380.835s][info][gc,task     ] GC(1326) Using 6 workers of 6 for evacuation
[2024-05-30T12:37:21.509+0000][7380.928s][info][gc,phases   ] GC(1326)   Pre Evacuate Collection Set: 0.2ms
[2024-05-30T12:37:21.509+0000][7380.929s][info][gc,phases   ] GC(1326)   Merge Heap Roots: 0.7ms
[2024-05-30T12:37:21.509+0000][7380.929s][info][gc,phases   ] GC(1326)   Evacuate Collection Set: 85.3ms
[2024-05-30T12:37:21.509+0000][7380.929s][info][gc,phases   ] GC(1326)   Post Evacuate Collection Set: 6.8ms
[2024-05-30T12:37:21.509+0000][7380.929s][info][gc,phases   ] GC(1326)   Other: 0.2ms
[2024-05-30T12:37:21.509+0000][7380.929s][info][gc,heap     ] GC(1326) Eden regions: 781->0(53)
[2024-05-30T12:37:21.509+0000][7380.929s][info][gc,heap     ] GC(1326) Survivor regions: 20->23(101)
[2024-05-30T12:37:21.509+0000][7380.929s][info][gc,heap     ] GC(1326) Old regions: 237->237
[2024-05-30T12:37:21.509+0000][7380.929s][info][gc,heap     ] GC(1326) Archive regions: 2->2
[2024-05-30T12:37:21.509+0000][7380.929s][info][gc,heap     ] GC(1326) Humongous regions: 8->8
[2024-05-30T12:37:21.509+0000][7380.929s][info][gc,metaspace] GC(1326) Metaspace: 414567K(420672K)->414567K(420672K) NonClass: 362550K(365952K)->362550K(365952K) Class: 52016K(54720K)->52016K(54720K)
[2024-05-30T12:37:21.509+0000][7380.929s][info][gc          ] GC(1326) Pause Young (Prepare Mixed) (G1 Evacuation Pause) 8366M->2147M(12288M) 93.356ms
[2024-05-30T12:37:21.509+0000][7380.929s][info][gc,cpu      ] GC(1326) User=0.56s Sys=0.00s Real=0.10s
[2024-05-30T12:37:22.113+0000][7381.532s][info][gc,start    ] GC(1327) Pause Young (Mixed) (G1 Evacuation Pause)
[2024-05-30T12:37:22.113+0000][7381.532s][info][gc,task     ] GC(1327) Using 6 workers of 6 for evacuation
[2024-05-30T12:37:22.186+0000][7381.606s][info][gc,phases   ] GC(1327)   Pre Evacuate Collection Set: 0.2ms
[2024-05-30T12:37:22.186+0000][7381.606s][info][gc,phases   ] GC(1327)   Merge Heap Roots: 0.3ms
[2024-05-30T12:37:22.186+0000][7381.606s][info][gc,phases   ] GC(1327)   Evacuate Collection Set: 71.8ms
[2024-05-30T12:37:22.186+0000][7381.606s][info][gc,phases   ] GC(1327)   Post Evacuate Collection Set: 1.3ms
[2024-05-30T12:37:22.186+0000][7381.606s][info][gc,phases   ] GC(1327)   Other: 0.2ms
[2024-05-30T12:37:22.186+0000][7381.606s][info][gc,heap     ] GC(1327) Eden regions: 53->0(915)
[2024-05-30T12:37:22.186+0000][7381.606s][info][gc,heap     ] GC(1327) Survivor regions: 23->6(10)
[2024-05-30T12:37:22.186+0000][7381.606s][info][gc,heap     ] GC(1327) Old regions: 237->236
[2024-05-30T12:37:22.186+0000][7381.606s][info][gc,heap     ] GC(1327) Archive regions: 2->2
[2024-05-30T12:37:22.186+0000][7381.606s][info][gc,heap     ] GC(1327) Humongous regions: 8->8
[2024-05-30T12:37:22.186+0000][7381.606s][info][gc,metaspace] GC(1327) Metaspace: 414567K(420672K)->414567K(420672K) NonClass: 362550K(365952K)->362550K(365952K) Class: 52016K(54720K)->52016K(54720K)
[2024-05-30T12:37:22.186+0000][7381.606s][info][gc          ] GC(1327) Pause Young (Mixed) (G1 Evacuation Pause) 2571M->2004M(12288M) 73.815ms
[2024-05-30T12:37:22.186+0000][7381.606s][info][gc,cpu      ] GC(1327) User=0.44s Sys=0.00s Real=0.07s
[2024-05-30T12:37:32.053+0000][7391.473s][info][gc,start    ] GC(1328) Pause Young (Normal) (G1 Evacuation Pause)
[2024-05-30T12:37:32.053+0000][7391.473s][info][gc,task     ] GC(1328) Using 6 workers of 6 for evacuation
[2024-05-30T12:37:32.081+0000][7391.500s][info][gc,phases   ] GC(1328)   Pre Evacuate Collection Set: 0.2ms
[2024-05-30T12:37:32.081+0000][7391.500s][info][gc,phases   ] GC(1328)   Merge Heap Roots: 0.3ms
[2024-05-30T12:37:32.081+0000][7391.500s][info][gc,phases   ] GC(1328)   Evacuate Collection Set: 25.0ms
[2024-05-30T12:37:32.081+0000][7391.500s][info][gc,phases   ] GC(1328)   Post Evacuate Collection Set: 1.9ms
[2024-05-30T12:37:32.081+0000][7391.500s][info][gc,phases   ] GC(1328)   Other: 0.3ms
[2024-05-30T12:37:32.081+0000][7391.500s][info][gc,heap     ] GC(1328) Eden regions: 915->0(912)
[2024-05-30T12:37:32.081+0000][7391.500s][info][gc,heap     ] GC(1328) Survivor regions: 6->9(116)
[2024-05-30T12:37:32.081+0000][7391.500s][info][gc,heap     ] GC(1328) Old regions: 236->236
[2024-05-30T12:37:32.081+0000][7391.500s][info][gc,heap     ] GC(1328) Archive regions: 2->2
[2024-05-30T12:37:32.081+0000][7391.500s][info][gc,heap     ] GC(1328) Humongous regions: 8->8
[2024-05-30T12:37:32.081+0000][7391.500s][info][gc,metaspace] GC(1328) Metaspace: 414602K(420672K)->414602K(420672K) NonClass: 362585K(365952K)->362585K(365952K) Class: 52016K(54720K)->52016K(54720K)
[2024-05-30T12:37:32.081+0000][7391.500s][info][gc          ] GC(1328) Pause Young (Normal) (G1 Evacuation Pause) 9324M->2025M(12288M) 27.608ms
[2024-05-30T12:37:32.081+0000][7391.500s][info][gc,cpu      ] GC(1328) User=0.17s Sys=0.00s Real=0.03s
[2024-05-30T12:37:42.185+0000][7401.604s][info][gc,start    ] GC(1329) Pause Young (Normal) (G1 Evacuation Pause)
[2024-05-30T12:37:42.185+0000][7401.604s][info][gc,task     ] GC(1329) Using 6 workers of 6 for evacuation
[2024-05-30T12:37:42.225+0000][7401.644s][info][gc,phases   ] GC(1329)   Pre Evacuate Collection Set: 0.2ms
[2024-05-30T12:37:42.225+0000][7401.644s][info][gc,phases   ] GC(1329)   Merge Heap Roots: 0.3ms
[2024-05-30T12:37:42.225+0000][7401.644s][info][gc,phases   ] GC(1329)   Evacuate Collection Set: 37.2ms
[2024-05-30T12:37:42.225+0000][7401.644s][info][gc,phases   ] GC(1329)   Post Evacuate Collection Set: 2.1ms
[2024-05-30T12:37:42.225+0000][7401.644s][info][gc,phases   ] GC(1329)   Other: 0.3ms
[2024-05-30T12:37:42.225+0000][7401.644s][info][gc,heap     ] GC(1329) Eden regions: 912->0(908)
[2024-05-30T12:37:42.225+0000][7401.644s][info][gc,heap     ] GC(1329) Survivor regions: 9->13(116)
[2024-05-30T12:37:42.225+0000][7401.644s][info][gc,heap     ] GC(1329) Old regions: 236->236
[2024-05-30T12:37:42.225+0000][7401.644s][info][gc,heap     ] GC(1329) Archive regions: 2->2
[2024-05-30T12:37:42.225+0000][7401.644s][info][gc,heap     ] GC(1329) Humongous regions: 8->8
[2024-05-30T12:37:42.225+0000][7401.644s][info][gc,metaspace] GC(1329) Metaspace: 414602K(420672K)->414602K(420672K) NonClass: 362585K(365952K)->362585K(365952K) Class: 52016K(54720K)->52016K(54720K)
[2024-05-30T12:37:42.225+0000][7401.644s][info][gc          ] GC(1329) Pause Young (Normal) (G1 Evacuation Pause) 9321M->2054M(12288M) 40.012ms
[2024-05-30T12:37:42.225+0000][7401.644s][info][gc,cpu      ] GC(1329) User=0.23s Sys=0.00s Real=0.04s
[2024-05-30T12:37:52.133+0000][7411.552s][info][gc,start    ] GC(1330) Pause Young (Concurrent Start) (G1 Evacuation Pause)
[2024-05-30T12:37:52.133+0000][7411.552s][info][gc,task     ] GC(1330) Using 6 workers of 6 for evacuation
[2024-05-30T12:37:52.171+0000][7411.590s][info][gc,phases   ] GC(1330)   Pre Evacuate Collection Set: 0.6ms
[2024-05-30T12:37:52.171+0000][7411.591s][info][gc,phases   ] GC(1330)   Merge Heap Roots: 0.2ms
[2024-05-30T12:37:52.171+0000][7411.591s][info][gc,phases   ] GC(1330)   Evacuate Collection Set: 35.1ms
[2024-05-30T12:37:52.171+0000][7411.591s][info][gc,phases   ] GC(1330)   Post Evacuate Collection Set: 1.9ms
[2024-05-30T12:37:52.171+0000][7411.591s][info][gc,phases   ] GC(1330)   Other: 0.3ms
[2024-05-30T12:37:52.171+0000][7411.591s][info][gc,heap     ] GC(1330) Eden regions: 908->0(907)
[2024-05-30T12:37:52.171+0000][7411.591s][info][gc,heap     ] GC(1330) Survivor regions: 13->14(116)
[2024-05-30T12:37:52.171+0000][7411.591s][info][gc,heap     ] GC(1330) Old regions: 236->236
[2024-05-30T12:37:52.171+0000][7411.591s][info][gc,heap     ] GC(1330) Archive regions: 2->2
[2024-05-30T12:37:52.171+0000][7411.591s][info][gc,heap     ] GC(1330) Humongous regions: 8->8
[2024-05-30T12:37:52.171+0000][7411.591s][info][gc,metaspace] GC(1330) Metaspace: 414621K(420672K)->414621K(420672K) NonClass: 362604K(365952K)->362604K(365952K) Class: 52016K(54720K)->52016K(54720K)
[2024-05-30T12:37:52.171+0000][7411.591s][info][gc          ] GC(1330) Pause Young (Concurrent Start) (G1 Evacuation Pause) 9318M->2068M(12288M) 38.209ms
[2024-05-30T12:37:52.171+0000][7411.591s][info][gc,cpu      ] GC(1330) User=0.23s Sys=0.00s Real=0.04s
[2024-05-30T12:37:52.171+0000][7411.591s][info][gc          ] GC(1331) Concurrent Mark Cycle
[2024-05-30T12:37:52.171+0000][7411.591s][info][gc,marking  ] GC(1331) Concurrent Clear Claimed Marks
[2024-05-30T12:37:52.172+0000][7411.591s][info][gc,marking  ] GC(1331) Concurrent Clear Claimed Marks 0.432ms
[2024-05-30T12:37:52.172+0000][7411.591s][info][gc,marking  ] GC(1331) Concurrent Scan Root Regions
[2024-05-30T12:37:52.204+0000][7411.623s][info][gc,marking  ] GC(1331) Concurrent Scan Root Regions 31.558ms
[2024-05-30T12:37:52.204+0000][7411.623s][info][gc,marking  ] GC(1331) Concurrent Mark
[2024-05-30T12:37:52.204+0000][7411.623s][info][gc,marking  ] GC(1331) Concurrent Mark From Roots
[2024-05-30T12:37:52.204+0000][7411.623s][info][gc,task     ] GC(1331) Using 2 workers of 2 for marking
[2024-05-30T12:37:53.471+0000][7412.890s][info][gc,marking  ] GC(1331) Concurrent Mark From Roots 1266.981ms
[2024-05-30T12:37:53.471+0000][7412.890s][info][gc,marking  ] GC(1331) Concurrent Preclean
[2024-05-30T12:37:53.472+0000][7412.891s][info][gc,marking  ] GC(1331) Concurrent Preclean 1.087ms
[2024-05-30T12:37:53.472+0000][7412.891s][info][gc,start    ] GC(1331) Pause Remark
[2024-05-30T12:37:53.494+0000][7412.913s][info][gc          ] GC(1331) Pause Remark 2952M->2952M(12288M) 21.793ms
[2024-05-30T12:37:53.494+0000][7412.913s][info][gc,cpu      ] GC(1331) User=0.08s Sys=0.01s Real=0.02s
[2024-05-30T12:37:53.494+0000][7412.913s][info][gc,marking  ] GC(1331) Concurrent Mark 1290.271ms
[2024-05-30T12:37:53.494+0000][7412.913s][info][gc,marking  ] GC(1331) Concurrent Rebuild Remembered Sets
[2024-05-30T12:37:54.240+0000][7413.659s][info][gc,marking  ] GC(1331) Concurrent Rebuild Remembered Sets 746.038ms
[2024-05-30T12:37:54.240+0000][7413.659s][info][gc,start    ] GC(1331) Pause Cleanup
[2024-05-30T12:37:54.241+0000][7413.660s][info][gc          ] GC(1331) Pause Cleanup 3480M->3480M(12288M) 0.568ms
[2024-05-30T12:37:54.241+0000][7413.660s][info][gc,cpu      ] GC(1331) User=0.00s Sys=0.00s Real=0.00s
[2024-05-30T12:37:54.241+0000][7413.660s][info][gc,marking  ] GC(1331) Concurrent Cleanup for Next Mark
[2024-05-30T12:37:54.258+0000][7413.677s][info][gc,marking  ] GC(1331) Concurrent Cleanup for Next Mark 16.906ms
[2024-05-30T12:37:54.258+0000][7413.677s][info][gc          ] GC(1331) Concurrent Mark Cycle 2086.305ms
[2024-05-30T12:38:02.335+0000][7421.755s][info][gc,start    ] GC(1332) Pause Young (Prepare Mixed) (G1 Evacuation Pause)
[2024-05-30T12:38:02.335+0000][7421.755s][info][gc,task     ] GC(1332) Using 6 workers of 6 for evacuation
[2024-05-30T12:38:02.378+0000][7421.797s][info][gc,phases   ] GC(1332)   Pre Evacuate Collection Set: 0.2ms
[2024-05-30T12:38:02.378+0000][7421.797s][info][gc,phases   ] GC(1332)   Merge Heap Roots: 0.3ms
[2024-05-30T12:38:02.378+0000][7421.797s][info][gc,phases   ] GC(1332)   Evacuate Collection Set: 39.7ms
[2024-05-30T12:38:02.378+0000][7421.797s][info][gc,phases   ] GC(1332)   Post Evacuate Collection Set: 1.9ms
[2024-05-30T12:38:02.378+0000][7421.797s][info][gc,phases   ] GC(1332)   Other: 0.2ms
[2024-05-30T12:38:02.378+0000][7421.797s][info][gc,heap     ] GC(1332) Eden regions: 907->0(58)
[2024-05-30T12:38:02.378+0000][7421.797s][info][gc,heap     ] GC(1332) Survivor regions: 14->18(116)
[2024-05-30T12:38:02.378+0000][7421.797s][info][gc,heap     ] GC(1332) Old regions: 236->236
[2024-05-30T12:38:02.378+0000][7421.797s][info][gc,heap     ] GC(1332) Archive regions: 2->2
[2024-05-30T12:38:02.378+0000][7421.797s][info][gc,heap     ] GC(1332) Humongous regions: 8->8
[2024-05-30T12:38:02.378+0000][7421.797s][info][gc,metaspace] GC(1332) Metaspace: 414624K(420672K)->414624K(420672K) NonClass: 362607K(365952K)->362607K(365952K) Class: 52016K(54720K)->52016K(54720K)
[2024-05-30T12:38:02.378+0000][7421.797s][info][gc          ] GC(1332) Pause Young (Prepare Mixed) (G1 Evacuation Pause) 9324M->2096M(12288M) 42.365ms
[2024-05-30T12:38:02.378+0000][7421.797s][info][gc,cpu      ] GC(1332) User=0.25s Sys=0.00s Real=0.05s
[2024-05-30T12:38:03.021+0000][7422.440s][info][gc,start    ] GC(1333) Pause Young (Mixed) (G1 Evacuation Pause)
[2024-05-30T12:38:03.021+0000][7422.440s][info][gc,task     ] GC(1333) Using 6 workers of 6 for evacuation
[2024-05-30T12:38:03.074+0000][7422.493s][info][gc,phases   ] GC(1333)   Pre Evacuate Collection Set: 0.2ms
[2024-05-30T12:38:03.074+0000][7422.493s][info][gc,phases   ] GC(1333)   Merge Heap Roots: 0.2ms
[2024-05-30T12:38:03.074+0000][7422.493s][info][gc,phases   ] GC(1333)   Evacuate Collection Set: 50.9ms
[2024-05-30T12:38:03.074+0000][7422.493s][info][gc,phases   ] GC(1333)   Post Evacuate Collection Set: 1.2ms
[2024-05-30T12:38:03.074+0000][7422.493s][info][gc,phases   ] GC(1333)   Other: 0.2ms
[2024-05-30T12:38:03.074+0000][7422.493s][info][gc,heap     ] GC(1333) Eden regions: 58->0(915)
[2024-05-30T12:38:03.074+0000][7422.493s][info][gc,heap     ] GC(1333) Survivor regions: 18->6(10)
[2024-05-30T12:38:03.074+0000][7422.493s][info][gc,heap     ] GC(1333) Old regions: 236->230
[2024-05-30T12:38:03.074+0000][7422.493s][info][gc,heap     ] GC(1333) Archive regions: 2->2
[2024-05-30T12:38:03.074+0000][7422.493s][info][gc,heap     ] GC(1333) Humongous regions: 8->8
[2024-05-30T12:38:03.074+0000][7422.493s][info][gc,metaspace] GC(1333) Metaspace: 414624K(420672K)->414624K(420672K) NonClass: 362607K(365952K)->362607K(365952K) Class: 52016K(54720K)->52016K(54720K)
[2024-05-30T12:38:03.074+0000][7422.493s][info][gc          ] GC(1333) Pause Young (Mixed) (G1 Evacuation Pause) 2560M->1955M(12288M) 52.706ms
[2024-05-30T12:38:03.074+0000][7422.493s][info][gc,cpu      ] GC(1333) User=0.31s Sys=0.00s Real=0.05s
[2024-05-30T12:38:12.507+0000][7431.926s][info][gc,start    ] GC(1334) Pause Young (Normal) (G1 Evacuation Pause)
[2024-05-30T12:38:12.507+0000][7431.926s][info][gc,task     ] GC(1334) Using 6 workers of 6 for evacuation
[2024-05-30T12:38:12.529+0000][7431.948s][info][gc,phases   ] GC(1334)   Pre Evacuate Collection Set: 0.2ms
[2024-05-30T12:38:12.529+0000][7431.948s][info][gc,phases   ] GC(1334)   Merge Heap Roots: 0.3ms
[2024-05-30T12:38:12.529+0000][7431.948s][info][gc,phases   ] GC(1334)   Evacuate Collection Set: 19.5ms
[2024-05-30T12:38:12.529+0000][7431.948s][info][gc,phases   ] GC(1334)   Post Evacuate Collection Set: 1.8ms
[2024-05-30T12:38:12.529+0000][7431.948s][info][gc,phases   ] GC(1334)   Other: 0.2ms
[2024-05-30T12:38:12.529+0000][7431.948s][info][gc,heap     ] GC(1334) Eden regions: 915->0(914)
[2024-05-30T12:38:12.529+0000][7431.948s][info][gc,heap     ] GC(1334) Survivor regions: 6->7(116)
[2024-05-30T12:38:12.529+0000][7431.948s][info][gc,heap     ] GC(1334) Old regions: 230->230
[2024-05-30T12:38:12.529+0000][7431.948s][info][gc,heap     ] GC(1334) Archive regions: 2->2
[2024-05-30T12:38:12.529+0000][7431.948s][info][gc,heap     ] GC(1334) Humongous regions: 8->8
[2024-05-30T12:38:12.529+0000][7431.948s][info][gc,metaspace] GC(1334) Metaspace: 414624K(420672K)->414624K(420672K) NonClass: 362607K(365952K)->362607K(365952K) Class: 52016K(54720K)->52016K(54720K)
[2024-05-30T12:38:12.529+0000][7431.948s][info][gc          ] GC(1334) Pause Young (Normal) (G1 Evacuation Pause) 9275M->1961M(12288M) 22.019ms
[2024-05-30T12:38:12.529+0000][7431.948s][info][gc,cpu      ] GC(1334) User=0.13s Sys=0.00s Real=0.03s
[2024-05-30T12:38:20.560+0000][7439.980s][info][gc,start    ] GC(1335) Pause Young (Normal) (G1 Evacuation Pause)
[2024-05-30T12:38:20.560+0000][7439.980s][info][gc,task     ] GC(1335) Using 6 workers of 6 for evacuation
[2024-05-30T12:38:20.588+0000][7440.007s][info][gc,phases   ] GC(1335)   Pre Evacuate Collection Set: 0.2ms
[2024-05-30T12:38:20.588+0000][7440.007s][info][gc,phases   ] GC(1335)   Merge Heap Roots: 0.3ms
[2024-05-30T12:38:20.588+0000][7440.007s][info][gc,phases   ] GC(1335)   Evacuate Collection Set: 24.9ms
[2024-05-30T12:38:20.588+0000][7440.007s][info][gc,phases   ] GC(1335)   Post Evacuate Collection Set: 2.0ms
[2024-05-30T12:38:20.588+0000][7440.007s][info][gc,phases   ] GC(1335)   Other: 0.3ms
[2024-05-30T12:38:20.588+0000][7440.007s][info][gc,heap     ] GC(1335) Eden regions: 914->0(911)
[2024-05-30T12:38:20.588+0000][7440.007s][info][gc,heap     ] GC(1335) Survivor regions: 7->10(116)
[2024-05-30T12:38:20.588+0000][7440.007s][info][gc,heap     ] GC(1335) Old regions: 230->230
[2024-05-30T12:38:20.588+0000][7440.007s][info][gc,heap     ] GC(1335) Archive regions: 2->2
[2024-05-30T12:38:20.588+0000][7440.007s][info][gc,heap     ] GC(1335) Humongous regions: 8->8
[2024-05-30T12:38:20.588+0000][7440.007s][info][gc,metaspace] GC(1335) Metaspace: 414624K(420672K)->414624K(420672K) NonClass: 362607K(365952K)->362607K(365952K) Class: 52016K(54720K)->52016K(54720K)
[2024-05-30T12:38:20.588+0000][7440.007s][info][gc          ] GC(1335) Pause Young (Normal) (G1 Evacuation Pause) 9273M->1981M(12288M) 27.641ms
[2024-05-30T12:38:20.588+0000][7440.007s][info][gc,cpu      ] GC(1335) User=0.16s Sys=0.00s Real=0.02s
[2024-05-30T12:38:30.719+0000][7450.138s][info][gc,start    ] GC(1336) Pause Young (Concurrent Start) (G1 Evacuation Pause)
[2024-05-30T12:38:30.719+0000][7450.138s][info][gc,task     ] GC(1336) Using 6 workers of 6 for evacuation
[2024-05-30T12:38:30.752+0000][7450.171s][info][gc,phases   ] GC(1336)   Pre Evacuate Collection Set: 0.6ms
[2024-05-30T12:38:30.752+0000][7450.171s][info][gc,phases   ] GC(1336)   Merge Heap Roots: 0.2ms
[2024-05-30T12:38:30.752+0000][7450.171s][info][gc,phases   ] GC(1336)   Evacuate Collection Set: 29.9ms
[2024-05-30T12:38:30.752+0000][7450.171s][info][gc,phases   ] GC(1336)   Post Evacuate Collection Set: 1.8ms
[2024-05-30T12:38:30.752+0000][7450.171s][info][gc,phases   ] GC(1336)   Other: 0.3ms
[2024-05-30T12:38:30.752+0000][7450.171s][info][gc,heap     ] GC(1336) Eden regions: 911->0(907)
[2024-05-30T12:38:30.752+0000][7450.171s][info][gc,heap     ] GC(1336) Survivor regions: 10->14(116)
[2024-05-30T12:38:30.752+0000][7450.171s][info][gc,heap     ] GC(1336) Old regions: 230->230
[2024-05-30T12:38:30.752+0000][7450.171s][info][gc,heap     ] GC(1336) Archive regions: 2->2
[2024-05-30T12:38:30.752+0000][7450.171s][info][gc,heap     ] GC(1336) Humongous regions: 8->8
[2024-05-30T12:38:30.752+0000][7450.171s][info][gc,metaspace] GC(1336) Metaspace: 414626K(420672K)->414626K(420672K) NonClass: 362609K(365952K)->362609K(365952K) Class: 52016K(54720K)->52016K(54720K)
[2024-05-30T12:38:30.752+0000][7450.171s][info][gc          ] GC(1336) Pause Young (Concurrent Start) (G1 Evacuation Pause) 9269M->2013M(12288M) 32.955ms
[2024-05-30T12:38:30.752+0000][7450.171s][info][gc,cpu      ] GC(1336) User=0.19s Sys=0.00s Real=0.03s
[2024-05-30T12:38:30.752+0000][7450.171s][info][gc          ] GC(1337) Concurrent Mark Cycle
[2024-05-30T12:38:30.752+0000][7450.171s][info][gc,marking  ] GC(1337) Concurrent Clear Claimed Marks
[2024-05-30T12:38:30.753+0000][7450.172s][info][gc,marking  ] GC(1337) Concurrent Clear Claimed Marks 0.419ms
[2024-05-30T12:38:30.753+0000][7450.172s][info][gc,marking  ] GC(1337) Concurrent Scan Root Regions
[2024-05-30T12:38:30.787+0000][7450.206s][info][gc,marking  ] GC(1337) Concurrent Scan Root Regions 34.560ms
[2024-05-30T12:38:30.787+0000][7450.207s][info][gc,marking  ] GC(1337) Concurrent Mark
[2024-05-30T12:38:30.787+0000][7450.207s][info][gc,marking  ] GC(1337) Concurrent Mark From Roots
[2024-05-30T12:38:30.787+0000][7450.207s][info][gc,task     ] GC(1337) Using 2 workers of 2 for marking
[2024-05-30T12:38:32.051+0000][7451.470s][info][gc,marking  ] GC(1337) Concurrent Mark From Roots 1263.889ms
[2024-05-30T12:38:32.051+0000][7451.470s][info][gc,marking  ] GC(1337) Concurrent Preclean
[2024-05-30T12:38:32.052+0000][7451.471s][info][gc,marking  ] GC(1337) Concurrent Preclean 1.002ms
[2024-05-30T12:38:32.052+0000][7451.472s][info][gc,start    ] GC(1337) Pause Remark
[2024-05-30T12:38:32.073+0000][7451.492s][info][gc          ] GC(1337) Pause Remark 2893M->2893M(12288M) 20.697ms
[2024-05-30T12:38:32.073+0000][7451.492s][info][gc,cpu      ] GC(1337) User=0.09s Sys=0.00s Real=0.02s
[2024-05-30T12:38:32.073+0000][7451.493s][info][gc,marking  ] GC(1337) Concurrent Mark 1286.075ms
[2024-05-30T12:38:32.073+0000][7451.493s][info][gc,marking  ] GC(1337) Concurrent Rebuild Remembered Sets
[2024-05-30T12:38:32.808+0000][7452.227s][info][gc,marking  ] GC(1337) Concurrent Rebuild Remembered Sets 734.272ms
[2024-05-30T12:38:32.808+0000][7452.227s][info][gc,start    ] GC(1337) Pause Cleanup
[2024-05-30T12:38:32.808+0000][7452.228s][info][gc          ] GC(1337) Pause Cleanup 3381M->3381M(12288M) 0.558ms
[2024-05-30T12:38:32.808+0000][7452.228s][info][gc,cpu      ] GC(1337) User=0.00s Sys=0.00s Real=0.01s
[2024-05-30T12:38:32.809+0000][7452.228s][info][gc,marking  ] GC(1337) Concurrent Cleanup for Next Mark
[2024-05-30T12:38:32.826+0000][7452.245s][info][gc,marking  ] GC(1337) Concurrent Cleanup for Next Mark 17.308ms
[2024-05-30T12:38:32.826+0000][7452.245s][info][gc          ] GC(1337) Concurrent Mark Cycle 2073.708ms
[2024-05-30T12:38:41.027+0000][7460.446s][info][gc,start    ] GC(1338) Pause Young (Prepare Mixed) (G1 Evacuation Pause)
[2024-05-30T12:38:41.027+0000][7460.446s][info][gc,task     ] GC(1338) Using 6 workers of 6 for evacuation
[2024-05-30T12:38:41.065+0000][7460.484s][info][gc,phases   ] GC(1338)   Pre Evacuate Collection Set: 0.2ms
[2024-05-30T12:38:41.065+0000][7460.484s][info][gc,phases   ] GC(1338)   Merge Heap Roots: 0.3ms
[2024-05-30T12:38:41.065+0000][7460.484s][info][gc,phases   ] GC(1338)   Evacuate Collection Set: 36.0ms
[2024-05-30T12:38:41.065+0000][7460.484s][info][gc,phases   ] GC(1338)   Post Evacuate Collection Set: 1.7ms
[2024-05-30T12:38:41.065+0000][7460.484s][info][gc,phases   ] GC(1338)   Other: 0.2ms
[2024-05-30T12:38:41.065+0000][7460.484s][info][gc,heap     ] GC(1338) Eden regions: 907->0(61)
[2024-05-30T12:38:41.065+0000][7460.484s][info][gc,heap     ] GC(1338) Survivor regions: 14->15(116)
[2024-05-30T12:38:41.065+0000][7460.484s][info][gc,heap     ] GC(1338) Old regions: 230->230
[2024-05-30T12:38:41.065+0000][7460.484s][info][gc,heap     ] GC(1338) Archive regions: 2->2
[2024-05-30T12:38:41.065+0000][7460.485s][info][gc,heap     ] GC(1338) Humongous regions: 8->8
[2024-05-30T12:38:41.065+0000][7460.485s][info][gc,metaspace] GC(1338) Metaspace: 414626K(420672K)->414626K(420672K) NonClass: 362609K(365952K)->362609K(365952K) Class: 52016K(54720K)->52016K(54720K)
[2024-05-30T12:38:41.065+0000][7460.485s][info][gc          ] GC(1338) Pause Young (Prepare Mixed) (G1 Evacuation Pause) 9269M->2022M(12288M) 38.564ms
[2024-05-30T12:38:41.065+0000][7460.485s][info][gc,cpu      ] GC(1338) User=0.22s Sys=0.00s Real=0.04s
[2024-05-30T12:38:41.735+0000][7461.154s][info][gc,start    ] GC(1339) Pause Young (Mixed) (G1 Evacuation Pause)
[2024-05-30T12:38:41.735+0000][7461.154s][info][gc,task     ] GC(1339) Using 6 workers of 6 for evacuation
[2024-05-30T12:38:41.787+0000][7461.206s][info][gc,phases   ] GC(1339)   Pre Evacuate Collection Set: 0.2ms
[2024-05-30T12:38:41.787+0000][7461.206s][info][gc,phases   ] GC(1339)   Merge Heap Roots: 0.2ms
[2024-05-30T12:38:41.787+0000][7461.206s][info][gc,phases   ] GC(1339)   Evacuate Collection Set: 50.9ms
[2024-05-30T12:38:41.787+0000][7461.206s][info][gc,phases   ] GC(1339)   Post Evacuate Collection Set: 1.2ms
[2024-05-30T12:38:41.787+0000][7461.206s][info][gc,phases   ] GC(1339)   Other: 0.2ms
[2024-05-30T12:38:41.787+0000][7461.206s][info][gc,heap     ] GC(1339) Eden regions: 61->0(915)
[2024-05-30T12:38:41.787+0000][7461.206s][info][gc,heap     ] GC(1339) Survivor regions: 15->6(10)
[2024-05-30T12:38:41.787+0000][7461.206s][info][gc,heap     ] GC(1339) Old regions: 230->224
[2024-05-30T12:38:41.787+0000][7461.206s][info][gc,heap     ] GC(1339) Archive regions: 2->2
[2024-05-30T12:38:41.787+0000][7461.206s][info][gc,heap     ] GC(1339) Humongous regions: 8->8
[2024-05-30T12:38:41.787+0000][7461.206s][info][gc,metaspace] GC(1339) Metaspace: 414626K(420672K)->414626K(420672K) NonClass: 362609K(365952K)->362609K(365952K) Class: 52016K(54720K)->52016K(54720K)
[2024-05-30T12:38:41.787+0000][7461.207s][info][gc          ] GC(1339) Pause Young (Mixed) (G1 Evacuation Pause) 2510M->1896M(12288M) 52.744ms
[2024-05-30T12:38:41.787+0000][7461.207s][info][gc,cpu      ] GC(1339) User=0.31s Sys=0.00s Real=0.05s
[2024-05-30T12:38:52.135+0000][7471.555s][info][gc,start    ] GC(1340) Pause Young (Normal) (G1 Evacuation Pause)
[2024-05-30T12:38:52.135+0000][7471.555s][info][gc,task     ] GC(1340) Using 6 workers of 6 for evacuation
[2024-05-30T12:38:52.158+0000][7471.578s][info][gc,phases   ] GC(1340)   Pre Evacuate Collection Set: 0.2ms
[2024-05-30T12:38:52.158+0000][7471.578s][info][gc,phases   ] GC(1340)   Merge Heap Roots: 0.3ms
[2024-05-30T12:38:52.158+0000][7471.578s][info][gc,phases   ] GC(1340)   Evacuate Collection Set: 20.5ms
[2024-05-30T12:38:52.158+0000][7471.578s][info][gc,phases   ] GC(1340)   Post Evacuate Collection Set: 1.8ms
[2024-05-30T12:38:52.158+0000][7471.578s][info][gc,phases   ] GC(1340)   Other: 0.2ms
[2024-05-30T12:38:52.158+0000][7471.578s][info][gc,heap     ] GC(1340) Eden regions: 915->0(912)
[2024-05-30T12:38:52.158+0000][7471.578s][info][gc,heap     ] GC(1340) Survivor regions: 6->9(116)
[2024-05-30T12:38:52.158+0000][7471.578s][info][gc,heap     ] GC(1340) Old regions: 224->224
[2024-05-30T12:38:52.158+0000][7471.578s][info][gc,heap     ] GC(1340) Archive regions: 2->2
[2024-05-30T12:38:52.158+0000][7471.578s][info][gc,heap     ] GC(1340) Humongous regions: 8->8
[2024-05-30T12:38:52.158+0000][7471.578s][info][gc,metaspace] GC(1340) Metaspace: 414630K(420672K)->414630K(420672K) NonClass: 362614K(365952K)->362614K(365952K) Class: 52016K(54720K)->52016K(54720K)
[2024-05-30T12:38:52.158+0000][7471.578s][info][gc          ] GC(1340) Pause Young (Normal) (G1 Evacuation Pause) 9216M->1922M(12288M) 23.110ms
[2024-05-30T12:38:52.158+0000][7471.578s][info][gc,cpu      ] GC(1340) User=0.13s Sys=0.01s Real=0.03s
[2024-05-30T12:39:02.072+0000][7481.491s][info][gc,start    ] GC(1341) Pause Young (Normal) (G1 Evacuation Pause)
[2024-05-30T12:39:02.072+0000][7481.491s][info][gc,task     ] GC(1341) Using 6 workers of 6 for evacuation
[2024-05-30T12:39:02.104+0000][7481.523s][info][gc,phases   ] GC(1341)   Pre Evacuate Collection Set: 0.2ms
[2024-05-30T12:39:02.104+0000][7481.523s][info][gc,phases   ] GC(1341)   Merge Heap Roots: 0.3ms
[2024-05-30T12:39:02.104+0000][7481.523s][info][gc,phases   ] GC(1341)   Evacuate Collection Set: 29.7ms
[2024-05-30T12:39:02.104+0000][7481.523s][info][gc,phases   ] GC(1341)   Post Evacuate Collection Set: 1.9ms
[2024-05-30T12:39:02.104+0000][7481.524s][info][gc,phases   ] GC(1341)   Other: 0.2ms
[2024-05-30T12:39:02.104+0000][7481.524s][info][gc,heap     ] GC(1341) Eden regions: 912->0(910)
[2024-05-30T12:39:02.104+0000][7481.524s][info][gc,heap     ] GC(1341) Survivor regions: 9->11(116)
[2024-05-30T12:39:02.104+0000][7481.524s][info][gc,heap     ] GC(1341) Old regions: 224->224
[2024-05-30T12:39:02.104+0000][7481.524s][info][gc,heap     ] GC(1341) Archive regions: 2->2
[2024-05-30T12:39:02.104+0000][7481.524s][info][gc,heap     ] GC(1341) Humongous regions: 8->8
[2024-05-30T12:39:02.104+0000][7481.524s][info][gc,metaspace] GC(1341) Metaspace: 414631K(420672K)->414631K(420672K) NonClass: 362615K(365952K)->362615K(365952K) Class: 52016K(54720K)->52016K(54720K)
[2024-05-30T12:39:02.104+0000][7481.524s][info][gc          ] GC(1341) Pause Young (Normal) (G1 Evacuation Pause) 9218M->1937M(12288M) 32.346ms
[2024-05-30T12:39:02.104+0000][7481.524s][info][gc,cpu      ] GC(1341) User=0.19s Sys=0.00s Real=0.03s
[2024-05-30T12:39:11.876+0000][7491.295s][info][gc,start    ] GC(1342) Pause Young (Concurrent Start) (G1 Evacuation Pause)
[2024-05-30T12:39:11.876+0000][7491.295s][info][gc,task     ] GC(1342) Using 6 workers of 6 for evacuation
[2024-05-30T12:39:11.916+0000][7491.335s][info][gc,phases   ] GC(1342)   Pre Evacuate Collection Set: 0.6ms
[2024-05-30T12:39:11.916+0000][7491.335s][info][gc,phases   ] GC(1342)   Merge Heap Roots: 0.3ms
[2024-05-30T12:39:11.916+0000][7491.335s][info][gc,phases   ] GC(1342)   Evacuate Collection Set: 36.3ms
[2024-05-30T12:39:11.916+0000][7491.335s][info][gc,phases   ] GC(1342)   Post Evacuate Collection Set: 2.1ms
[2024-05-30T12:39:11.916+0000][7491.335s][info][gc,phases   ] GC(1342)   Other: 0.3ms
[2024-05-30T12:39:11.916+0000][7491.335s][info][gc,heap     ] GC(1342) Eden regions: 910->0(908)
[2024-05-30T12:39:11.916+0000][7491.335s][info][gc,heap     ] GC(1342) Survivor regions: 11->13(116)
[2024-05-30T12:39:11.916+0000][7491.335s][info][gc,heap     ] GC(1342) Old regions: 224->224
[2024-05-30T12:39:11.916+0000][7491.335s][info][gc,heap     ] GC(1342) Archive regions: 2->2
[2024-05-30T12:39:11.916+0000][7491.335s][info][gc,heap     ] GC(1342) Humongous regions: 8->8
[2024-05-30T12:39:11.916+0000][7491.335s][info][gc,metaspace] GC(1342) Metaspace: 414632K(420672K)->414632K(420672K) NonClass: 362615K(365952K)->362615K(365952K) Class: 52016K(54720K)->52016K(54720K)
[2024-05-30T12:39:11.916+0000][7491.335s][info][gc          ] GC(1342) Pause Young (Concurrent Start) (G1 Evacuation Pause) 9217M->1951M(12288M) 39.586ms
[2024-05-30T12:39:11.916+0000][7491.335s][info][gc,cpu      ] GC(1342) User=0.24s Sys=0.00s Real=0.04s
[2024-05-30T12:39:11.916+0000][7491.335s][info][gc          ] GC(1343) Concurrent Mark Cycle
[2024-05-30T12:39:11.916+0000][7491.335s][info][gc,marking  ] GC(1343) Concurrent Clear Claimed Marks
[2024-05-30T12:39:11.916+0000][7491.335s][info][gc,marking  ] GC(1343) Concurrent Clear Claimed Marks 0.420ms
[2024-05-30T12:39:11.916+0000][7491.335s][info][gc,marking  ] GC(1343) Concurrent Scan Root Regions
[2024-05-30T12:39:11.942+0000][7491.362s][info][gc,marking  ] GC(1343) Concurrent Scan Root Regions 26.075ms
[2024-05-30T12:39:11.942+0000][7491.362s][info][gc,marking  ] GC(1343) Concurrent Mark
[2024-05-30T12:39:11.942+0000][7491.362s][info][gc,marking  ] GC(1343) Concurrent Mark From Roots
[2024-05-30T12:39:11.942+0000][7491.362s][info][gc,task     ] GC(1343) Using 2 workers of 2 for marking
[2024-05-30T12:39:13.213+0000][7492.632s][info][gc,marking  ] GC(1343) Concurrent Mark From Roots 1270.427ms
[2024-05-30T12:39:13.213+0000][7492.632s][info][gc,marking  ] GC(1343) Concurrent Preclean
[2024-05-30T12:39:13.214+0000][7492.633s][info][gc,marking  ] GC(1343) Concurrent Preclean 0.989ms
[2024-05-30T12:39:13.214+0000][7492.633s][info][gc,start    ] GC(1343) Pause Remark
[2024-05-30T12:39:13.235+0000][7492.654s][info][gc          ] GC(1343) Pause Remark 2831M->2831M(12288M) 21.168ms
[2024-05-30T12:39:13.235+0000][7492.654s][info][gc,cpu      ] GC(1343) User=0.08s Sys=0.00s Real=0.02s
[2024-05-30T12:39:13.235+0000][7492.655s][info][gc,marking  ] GC(1343) Concurrent Mark 1292.995ms
[2024-05-30T12:39:13.235+0000][7492.655s][info][gc,marking  ] GC(1343) Concurrent Rebuild Remembered Sets
[2024-05-30T12:39:13.988+0000][7493.407s][info][gc,marking  ] GC(1343) Concurrent Rebuild Remembered Sets 752.747ms
[2024-05-30T12:39:13.988+0000][7493.408s][info][gc,start    ] GC(1343) Pause Cleanup
[2024-05-30T12:39:13.989+0000][7493.408s][info][gc          ] GC(1343) Pause Cleanup 3351M->3351M(12288M) 0.534ms
[2024-05-30T12:39:13.989+0000][7493.408s][info][gc,cpu      ] GC(1343) User=0.00s Sys=0.00s Real=0.00s
[2024-05-30T12:39:13.989+0000][7493.408s][info][gc,marking  ] GC(1343) Concurrent Cleanup for Next Mark
[2024-05-30T12:39:14.006+0000][7493.426s][info][gc,marking  ] GC(1343) Concurrent Cleanup for Next Mark 17.363ms
[2024-05-30T12:39:14.006+0000][7493.426s][info][gc          ] GC(1343) Concurrent Mark Cycle 2090.673ms
[2024-05-30T12:39:22.080+0000][7501.500s][info][gc,start    ] GC(1344) Pause Young (Prepare Mixed) (G1 Evacuation Pause)
[2024-05-30T12:39:22.080+0000][7501.500s][info][gc,task     ] GC(1344) Using 6 workers of 6 for evacuation
[2024-05-30T12:39:22.122+0000][7501.541s][info][gc,phases   ] GC(1344)   Pre Evacuate Collection Set: 0.2ms
[2024-05-30T12:39:22.122+0000][7501.541s][info][gc,phases   ] GC(1344)   Merge Heap Roots: 0.3ms
[2024-05-30T12:39:22.122+0000][7501.541s][info][gc,phases   ] GC(1344)   Evacuate Collection Set: 39.2ms
[2024-05-30T12:39:22.122+0000][7501.541s][info][gc,phases   ] GC(1344)   Post Evacuate Collection Set: 1.8ms
[2024-05-30T12:39:22.122+0000][7501.541s][info][gc,phases   ] GC(1344)   Other: 0.2ms
[2024-05-30T12:39:22.122+0000][7501.541s][info][gc,heap     ] GC(1344) Eden regions: 908->0(62)
[2024-05-30T12:39:22.122+0000][7501.541s][info][gc,heap     ] GC(1344) Survivor regions: 13->14(116)
[2024-05-30T12:39:22.122+0000][7501.541s][info][gc,heap     ] GC(1344) Old regions: 224->224
[2024-05-30T12:39:22.122+0000][7501.541s][info][gc,heap     ] GC(1344) Archive regions: 2->2
[2024-05-30T12:39:22.122+0000][7501.541s][info][gc,heap     ] GC(1344) Humongous regions: 8->8
[2024-05-30T12:39:22.122+0000][7501.541s][info][gc,metaspace] GC(1344) Metaspace: 414637K(420736K)->414637K(420736K) NonClass: 362620K(366016K)->362620K(366016K) Class: 52016K(54720K)->52016K(54720K)
[2024-05-30T12:39:22.122+0000][7501.541s][info][gc          ] GC(1344) Pause Young (Prepare Mixed) (G1 Evacuation Pause) 9215M->1959M(12288M) 41.790ms
[2024-05-30T12:39:22.122+0000][7501.541s][info][gc,cpu      ] GC(1344) User=0.25s Sys=0.00s Real=0.04s
[2024-05-30T12:39:22.788+0000][7502.207s][info][gc,start    ] GC(1345) Pause Young (Mixed) (G1 Evacuation Pause)
[2024-05-30T12:39:22.788+0000][7502.207s][info][gc,task     ] GC(1345) Using 6 workers of 6 for evacuation
[2024-05-30T12:39:22.837+0000][7502.256s][info][gc,phases   ] GC(1345)   Pre Evacuate Collection Set: 0.2ms
[2024-05-30T12:39:22.837+0000][7502.256s][info][gc,phases   ] GC(1345)   Merge Heap Roots: 0.2ms
[2024-05-30T12:39:22.837+0000][7502.256s][info][gc,phases   ] GC(1345)   Evacuate Collection Set: 46.6ms
[2024-05-30T12:39:22.837+0000][7502.256s][info][gc,phases   ] GC(1345)   Post Evacuate Collection Set: 1.5ms
[2024-05-30T12:39:22.837+0000][7502.256s][info][gc,phases   ] GC(1345)   Other: 0.2ms
[2024-05-30T12:39:22.837+0000][7502.256s][info][gc,heap     ] GC(1345) Eden regions: 62->0(915)
[2024-05-30T12:39:22.837+0000][7502.256s][info][gc,heap     ] GC(1345) Survivor regions: 14->6(10)
[2024-05-30T12:39:22.837+0000][7502.256s][info][gc,heap     ] GC(1345) Old regions: 224->219
[2024-05-30T12:39:22.837+0000][7502.256s][info][gc,heap     ] GC(1345) Archive regions: 2->2
[2024-05-30T12:39:22.837+0000][7502.256s][info][gc,heap     ] GC(1345) Humongous regions: 8->8
[2024-05-30T12:39:22.837+0000][7502.256s][info][gc,metaspace] GC(1345) Metaspace: 414640K(420736K)->414640K(420736K) NonClass: 362624K(366016K)->362624K(366016K) Class: 52016K(54720K)->52016K(54720K)
[2024-05-30T12:39:22.837+0000][7502.256s][info][gc          ] GC(1345) Pause Young (Mixed) (G1 Evacuation Pause) 2455M->1862M(12288M) 48.762ms
[2024-05-30T12:39:22.837+0000][7502.256s][info][gc,cpu      ] GC(1345) User=0.29s Sys=0.00s Real=0.06s
[2024-05-30T12:39:32.743+0000][7512.163s][info][gc,start    ] GC(1346) Pause Young (Normal) (G1 Evacuation Pause)
[2024-05-30T12:39:32.743+0000][7512.163s][info][gc,task     ] GC(1346) Using 6 workers of 6 for evacuation
[2024-05-30T12:39:32.769+0000][7512.188s][info][gc,phases   ] GC(1346)   Pre Evacuate Collection Set: 0.2ms
[2024-05-30T12:39:32.769+0000][7512.188s][info][gc,phases   ] GC(1346)   Merge Heap Roots: 0.2ms
[2024-05-30T12:39:32.769+0000][7512.188s][info][gc,phases   ] GC(1346)   Evacuate Collection Set: 23.0ms
[2024-05-30T12:39:32.769+0000][7512.188s][info][gc,phases   ] GC(1346)   Post Evacuate Collection Set: 2.0ms
[2024-05-30T12:39:32.769+0000][7512.188s][info][gc,phases   ] GC(1346)   Other: 0.2ms
[2024-05-30T12:39:32.769+0000][7512.188s][info][gc,heap     ] GC(1346) Eden regions: 915->0(911)
[2024-05-30T12:39:32.769+0000][7512.188s][info][gc,heap     ] GC(1346) Survivor regions: 6->10(116)
[2024-05-30T12:39:32.769+0000][7512.188s][info][gc,heap     ] GC(1346) Old regions: 219->219
[2024-05-30T12:39:32.769+0000][7512.188s][info][gc,heap     ] GC(1346) Archive regions: 2->2
[2024-05-30T12:39:32.769+0000][7512.188s][info][gc,heap     ] GC(1346) Humongous regions: 8->8
[2024-05-30T12:39:32.769+0000][7512.188s][info][gc,metaspace] GC(1346) Metaspace: 414642K(420736K)->414642K(420736K) NonClass: 362625K(366016K)->362625K(366016K) Class: 52016K(54720K)->52016K(54720K)
[2024-05-30T12:39:32.769+0000][7512.188s][info][gc          ] GC(1346) Pause Young (Normal) (G1 Evacuation Pause) 9182M->1896M(12288M) 25.632ms
[2024-05-30T12:39:32.769+0000][7512.188s][info][gc,cpu      ] GC(1346) User=0.15s Sys=0.00s Real=0.03s
[2024-05-30T12:39:42.659+0000][7522.079s][info][gc,start    ] GC(1347) Pause Young (Normal) (G1 Evacuation Pause)
[2024-05-30T12:39:42.659+0000][7522.079s][info][gc,task     ] GC(1347) Using 6 workers of 6 for evacuation
[2024-05-30T12:39:42.689+0000][7522.108s][info][gc,phases   ] GC(1347)   Pre Evacuate Collection Set: 0.2ms
[2024-05-30T12:39:42.689+0000][7522.108s][info][gc,phases   ] GC(1347)   Merge Heap Roots: 0.3ms
[2024-05-30T12:39:42.689+0000][7522.108s][info][gc,phases   ] GC(1347)   Evacuate Collection Set: 27.4ms
[2024-05-30T12:39:42.689+0000][7522.108s][info][gc,phases   ] GC(1347)   Post Evacuate Collection Set: 1.8ms
[2024-05-30T12:39:42.689+0000][7522.108s][info][gc,phases   ] GC(1347)   Other: 0.2ms
[2024-05-30T12:39:42.689+0000][7522.108s][info][gc,heap     ] GC(1347) Eden regions: 911->0(909)
[2024-05-30T12:39:42.689+0000][7522.108s][info][gc,heap     ] GC(1347) Survivor regions: 10->12(116)
[2024-05-30T12:39:42.689+0000][7522.108s][info][gc,heap     ] GC(1347) Old regions: 219->219
[2024-05-30T12:39:42.689+0000][7522.109s][info][gc,heap     ] GC(1347) Archive regions: 2->2
[2024-05-30T12:39:42.689+0000][7522.109s][info][gc,heap     ] GC(1347) Humongous regions: 8->8
[2024-05-30T12:39:42.689+0000][7522.109s][info][gc,metaspace] GC(1347) Metaspace: 414642K(420736K)->414642K(420736K) NonClass: 362625K(366016K)->362625K(366016K) Class: 52016K(54720K)->52016K(54720K)
[2024-05-30T12:39:42.689+0000][7522.109s][info][gc          ] GC(1347) Pause Young (Normal) (G1 Evacuation Pause) 9184M->1915M(12288M) 29.904ms
[2024-05-30T12:39:42.689+0000][7522.109s][info][gc,cpu      ] GC(1347) User=0.18s Sys=0.00s Real=0.03s
[2024-05-30T12:39:52.693+0000][7532.112s][info][gc,start    ] GC(1348) Pause Young (Concurrent Start) (G1 Evacuation Pause)
[2024-05-30T12:39:52.693+0000][7532.112s][info][gc,task     ] GC(1348) Using 6 workers of 6 for evacuation
[2024-05-30T12:39:52.730+0000][7532.150s][info][gc,phases   ] GC(1348)   Pre Evacuate Collection Set: 0.6ms
[2024-05-30T12:39:52.731+0000][7532.150s][info][gc,phases   ] GC(1348)   Merge Heap Roots: 0.2ms
[2024-05-30T12:39:52.731+0000][7532.150s][info][gc,phases   ] GC(1348)   Evacuate Collection Set: 34.4ms
[2024-05-30T12:39:52.731+0000][7532.150s][info][gc,phases   ] GC(1348)   Post Evacuate Collection Set: 2.0ms
[2024-05-30T12:39:52.731+0000][7532.150s][info][gc,phases   ] GC(1348)   Other: 0.3ms
[2024-05-30T12:39:52.731+0000][7532.150s][info][gc,heap     ] GC(1348) Eden regions: 909->0(904)
[2024-05-30T12:39:52.731+0000][7532.150s][info][gc,heap     ] GC(1348) Survivor regions: 12->17(116)
[2024-05-30T12:39:52.731+0000][7532.150s][info][gc,heap     ] GC(1348) Old regions: 219->219
[2024-05-30T12:39:52.731+0000][7532.150s][info][gc,heap     ] GC(1348) Archive regions: 2->2
[2024-05-30T12:39:52.731+0000][7532.150s][info][gc,heap     ] GC(1348) Humongous regions: 8->8
[2024-05-30T12:39:52.731+0000][7532.150s][info][gc,metaspace] GC(1348) Metaspace: 414689K(420736K)->414689K(420736K) NonClass: 362672K(366016K)->362672K(366016K) Class: 52016K(54720K)->52016K(54720K)
[2024-05-30T12:39:52.731+0000][7532.150s][info][gc          ] GC(1348) Pause Young (Concurrent Start) (G1 Evacuation Pause) 9187M->1955M(12288M) 37.591ms
[2024-05-30T12:39:52.731+0000][7532.150s][info][gc,cpu      ] GC(1348) User=0.22s Sys=0.01s Real=0.04s
[2024-05-30T12:39:52.731+0000][7532.150s][info][gc          ] GC(1349) Concurrent Mark Cycle
[2024-05-30T12:39:52.731+0000][7532.150s][info][gc,marking  ] GC(1349) Concurrent Clear Claimed Marks
[2024-05-30T12:39:52.731+0000][7532.150s][info][gc,marking  ] GC(1349) Concurrent Clear Claimed Marks 0.453ms
[2024-05-30T12:39:52.731+0000][7532.150s][info][gc,marking  ] GC(1349) Concurrent Scan Root Regions
[2024-05-30T12:39:52.769+0000][7532.188s][info][gc,marking  ] GC(1349) Concurrent Scan Root Regions 37.303ms
[2024-05-30T12:39:52.769+0000][7532.188s][info][gc,marking  ] GC(1349) Concurrent Mark
[2024-05-30T12:39:52.769+0000][7532.188s][info][gc,marking  ] GC(1349) Concurrent Mark From Roots
[2024-05-30T12:39:52.769+0000][7532.188s][info][gc,task     ] GC(1349) Using 2 workers of 2 for marking
[2024-05-30T12:39:54.044+0000][7533.463s][info][gc,marking  ] GC(1349) Concurrent Mark From Roots 1275.193ms
[2024-05-30T12:39:54.044+0000][7533.463s][info][gc,marking  ] GC(1349) Concurrent Preclean
[2024-05-30T12:39:54.045+0000][7533.464s][info][gc,marking  ] GC(1349) Concurrent Preclean 0.832ms
[2024-05-30T12:39:54.045+0000][7533.464s][info][gc,start    ] GC(1349) Pause Remark
[2024-05-30T12:39:54.067+0000][7533.486s][info][gc          ] GC(1349) Pause Remark 2827M->2827M(12288M) 22.511ms
[2024-05-30T12:39:54.067+0000][7533.487s][info][gc,cpu      ] GC(1349) User=0.09s Sys=0.00s Real=0.02s
[2024-05-30T12:39:54.067+0000][7533.487s][info][gc,marking  ] GC(1349) Concurrent Mark 1298.913ms
[2024-05-30T12:39:54.067+0000][7533.487s][info][gc,marking  ] GC(1349) Concurrent Rebuild Remembered Sets
[2024-05-30T12:39:54.840+0000][7534.259s][info][gc,marking  ] GC(1349) Concurrent Rebuild Remembered Sets 772.524ms
[2024-05-30T12:39:54.840+0000][7534.259s][info][gc,start    ] GC(1349) Pause Cleanup
[2024-05-30T12:39:54.841+0000][7534.260s][info][gc          ] GC(1349) Pause Cleanup 3375M->3375M(12288M) 0.517ms
[2024-05-30T12:39:54.841+0000][7534.260s][info][gc,cpu      ] GC(1349) User=0.00s Sys=0.00s Real=0.00s
[2024-05-30T12:39:54.841+0000][7534.260s][info][gc,marking  ] GC(1349) Concurrent Cleanup for Next Mark
[2024-05-30T12:39:54.858+0000][7534.278s][info][gc,marking  ] GC(1349) Concurrent Cleanup for Next Mark 17.423ms
[2024-05-30T12:39:54.858+0000][7534.278s][info][gc          ] GC(1349) Concurrent Mark Cycle 2127.651ms
[2024-05-30T12:39:58.981+0000][7538.400s][info][gc,start    ] GC(1350) Pause Young (Prepare Mixed) (G1 Evacuation Pause)
[2024-05-30T12:39:58.981+0000][7538.400s][info][gc,task     ] GC(1350) Using 6 workers of 6 for evacuation
[2024-05-30T12:39:59.089+0000][7538.508s][info][gc,phases   ] GC(1350)   Pre Evacuate Collection Set: 0.2ms
[2024-05-30T12:39:59.089+0000][7538.509s][info][gc,phases   ] GC(1350)   Merge Heap Roots: 0.5ms
[2024-05-30T12:39:59.089+0000][7538.509s][info][gc,phases   ] GC(1350)   Evacuate Collection Set: 89.6ms
[2024-05-30T12:39:59.089+0000][7538.509s][info][gc,phases   ] GC(1350)   Post Evacuate Collection Set: 17.7ms
[2024-05-30T12:39:59.089+0000][7538.509s][info][gc,phases   ] GC(1350)   Other: 0.2ms
[2024-05-30T12:39:59.089+0000][7538.509s][info][gc,heap     ] GC(1350) Eden regions: 904->0(54)
[2024-05-30T12:39:59.089+0000][7538.509s][info][gc,heap     ] GC(1350) Survivor regions: 17->22(116)
[2024-05-30T12:39:59.089+0000][7538.509s][info][gc,heap     ] GC(1350) Old regions: 219->219
[2024-05-30T12:39:59.089+0000][7538.509s][info][gc,heap     ] GC(1350) Archive regions: 2->2
[2024-05-30T12:39:59.089+0000][7538.509s][info][gc,heap     ] GC(1350) Humongous regions: 8->8
[2024-05-30T12:39:59.089+0000][7538.509s][info][gc,metaspace] GC(1350) Metaspace: 414689K(420736K)->414689K(420736K) NonClass: 362672K(366016K)->362672K(366016K) Class: 52016K(54720K)->52016K(54720K)
[2024-05-30T12:39:59.089+0000][7538.509s][info][gc          ] GC(1350) Pause Young (Prepare Mixed) (G1 Evacuation Pause) 9187M->1994M(12288M) 108.222ms
[2024-05-30T12:39:59.089+0000][7538.509s][info][gc,cpu      ] GC(1350) User=0.64s Sys=0.00s Real=0.11s
[2024-05-30T12:39:59.321+0000][7538.741s][info][gc,start    ] GC(1351) Pause Young (Mixed) (G1 Evacuation Pause)
[2024-05-30T12:39:59.322+0000][7538.741s][info][gc,task     ] GC(1351) Using 6 workers of 6 for evacuation
[2024-05-30T12:39:59.397+0000][7538.817s][info][gc,phases   ] GC(1351)   Pre Evacuate Collection Set: 0.2ms
[2024-05-30T12:39:59.397+0000][7538.817s][info][gc,phases   ] GC(1351)   Merge Heap Roots: 0.4ms
[2024-05-30T12:39:59.397+0000][7538.817s][info][gc,phases   ] GC(1351)   Evacuate Collection Set: 71.7ms
[2024-05-30T12:39:59.397+0000][7538.817s][info][gc,phases   ] GC(1351)   Post Evacuate Collection Set: 3.4ms
[2024-05-30T12:39:59.397+0000][7538.817s][info][gc,phases   ] GC(1351)   Other: 0.2ms
[2024-05-30T12:39:59.397+0000][7538.817s][info][gc,heap     ] GC(1351) Eden regions: 54->0(917)
[2024-05-30T12:39:59.397+0000][7538.817s][info][gc,heap     ] GC(1351) Survivor regions: 22->4(10)
[2024-05-30T12:39:59.397+0000][7538.817s][info][gc,heap     ] GC(1351) Old regions: 219->226
[2024-05-30T12:39:59.397+0000][7538.817s][info][gc,heap     ] GC(1351) Archive regions: 2->2
[2024-05-30T12:39:59.397+0000][7538.817s][info][gc,heap     ] GC(1351) Humongous regions: 8->8
[2024-05-30T12:39:59.397+0000][7538.817s][info][gc,metaspace] GC(1351) Metaspace: 414689K(420736K)->414689K(420736K) NonClass: 362672K(366016K)->362672K(366016K) Class: 52016K(54720K)->52016K(54720K)
[2024-05-30T12:39:59.397+0000][7538.817s][info][gc          ] GC(1351) Pause Young (Mixed) (G1 Evacuation Pause) 2426M->1903M(12288M) 75.905ms
[2024-05-30T12:39:59.397+0000][7538.817s][info][gc,cpu      ] GC(1351) User=0.45s Sys=0.00s Real=0.08s
[2024-05-30T12:40:02.234+0000][7541.653s][info][gc,start    ] GC(1352) Pause Young (Normal) (G1 Evacuation Pause)
[2024-05-30T12:40:02.234+0000][7541.653s][info][gc,task     ] GC(1352) Using 6 workers of 6 for evacuation
[2024-05-30T12:40:02.333+0000][7541.752s][info][gc,phases   ] GC(1352)   Pre Evacuate Collection Set: 0.3ms
[2024-05-30T12:40:02.333+0000][7541.752s][info][gc,phases   ] GC(1352)   Merge Heap Roots: 0.4ms
[2024-05-30T12:40:02.333+0000][7541.752s][info][gc,phases   ] GC(1352)   Evacuate Collection Set: 71.7ms
[2024-05-30T12:40:02.333+0000][7541.752s][info][gc,phases   ] GC(1352)   Post Evacuate Collection Set: 26.5ms
[2024-05-30T12:40:02.333+0000][7541.752s][info][gc,phases   ] GC(1352)   Other: 0.3ms
[2024-05-30T12:40:02.333+0000][7541.752s][info][gc,heap     ] GC(1352) Eden regions: 917->0(912)
[2024-05-30T12:40:02.333+0000][7541.752s][info][gc,heap     ] GC(1352) Survivor regions: 4->9(116)
[2024-05-30T12:40:02.333+0000][7541.752s][info][gc,heap     ] GC(1352) Old regions: 226->226
[2024-05-30T12:40:02.333+0000][7541.752s][info][gc,heap     ] GC(1352) Archive regions: 2->2
[2024-05-30T12:40:02.333+0000][7541.752s][info][gc,heap     ] GC(1352) Humongous regions: 8->8
[2024-05-30T12:40:02.333+0000][7541.752s][info][gc,metaspace] GC(1352) Metaspace: 414691K(420736K)->414691K(420736K) NonClass: 362674K(366016K)->362674K(366016K) Class: 52016K(54720K)->52016K(54720K)
[2024-05-30T12:40:02.333+0000][7541.752s][info][gc          ] GC(1352) Pause Young (Normal) (G1 Evacuation Pause) 9239M->1943M(12288M) 99.054ms
[2024-05-30T12:40:02.333+0000][7541.752s][info][gc,cpu      ] GC(1352) User=0.58s Sys=0.00s Real=0.10s
[2024-05-30T12:40:05.058+0000][7544.478s][info][gc,start    ] GC(1353) Pause Young (Normal) (G1 Evacuation Pause)
[2024-05-30T12:40:05.058+0000][7544.478s][info][gc,task     ] GC(1353) Using 6 workers of 6 for evacuation
[2024-05-30T12:40:05.162+0000][7544.582s][info][gc,phases   ] GC(1353)   Pre Evacuate Collection Set: 0.2ms
[2024-05-30T12:40:05.162+0000][7544.582s][info][gc,phases   ] GC(1353)   Merge Heap Roots: 0.4ms
[2024-05-30T12:40:05.162+0000][7544.582s][info][gc,phases   ] GC(1353)   Evacuate Collection Set: 83.7ms
[2024-05-30T12:40:05.162+0000][7544.582s][info][gc,phases   ] GC(1353)   Post Evacuate Collection Set: 19.7ms
[2024-05-30T12:40:05.163+0000][7544.582s][info][gc,phases   ] GC(1353)   Other: 0.2ms
[2024-05-30T12:40:05.163+0000][7544.582s][info][gc,heap     ] GC(1353) Eden regions: 912->0(908)
[2024-05-30T12:40:05.163+0000][7544.582s][info][gc,heap     ] GC(1353) Survivor regions: 9->13(116)
[2024-05-30T12:40:05.163+0000][7544.582s][info][gc,heap     ] GC(1353) Old regions: 226->226
[2024-05-30T12:40:05.163+0000][7544.582s][info][gc,heap     ] GC(1353) Archive regions: 2->2
[2024-05-30T12:40:05.163+0000][7544.582s][info][gc,heap     ] GC(1353) Humongous regions: 8->8
[2024-05-30T12:40:05.163+0000][7544.582s][info][gc,metaspace] GC(1353) Metaspace: 414706K(420800K)->414706K(420800K) NonClass: 362689K(366080K)->362689K(366080K) Class: 52016K(54720K)->52016K(54720K)
[2024-05-30T12:40:05.163+0000][7544.582s][info][gc          ] GC(1353) Pause Young (Normal) (G1 Evacuation Pause) 9239M->1978M(12288M) 104.279ms
[2024-05-30T12:40:05.163+0000][7544.582s][info][gc,cpu      ] GC(1353) User=0.61s Sys=0.00s Real=0.10s
[2024-05-30T12:40:12.798+0000][7552.217s][info][gc,start    ] GC(1354) Pause Young (Concurrent Start) (G1 Evacuation Pause)
[2024-05-30T12:40:12.798+0000][7552.217s][info][gc,task     ] GC(1354) Using 6 workers of 6 for evacuation
[2024-05-30T12:40:12.826+0000][7552.245s][info][gc,phases   ] GC(1354)   Pre Evacuate Collection Set: 0.6ms
[2024-05-30T12:40:12.826+0000][7552.245s][info][gc,phases   ] GC(1354)   Merge Heap Roots: 0.5ms
[2024-05-30T12:40:12.826+0000][7552.245s][info][gc,phases   ] GC(1354)   Evacuate Collection Set: 25.3ms
[2024-05-30T12:40:12.826+0000][7552.245s][info][gc,phases   ] GC(1354)   Post Evacuate Collection Set: 1.8ms
[2024-05-30T12:40:12.826+0000][7552.245s][info][gc,phases   ] GC(1354)   Other: 0.3ms
[2024-05-30T12:40:12.826+0000][7552.245s][info][gc,heap     ] GC(1354) Eden regions: 908->0(915)
[2024-05-30T12:40:12.826+0000][7552.245s][info][gc,heap     ] GC(1354) Survivor regions: 13->6(116)
[2024-05-30T12:40:12.826+0000][7552.245s][info][gc,heap     ] GC(1354) Old regions: 226->226
[2024-05-30T12:40:12.826+0000][7552.245s][info][gc,heap     ] GC(1354) Archive regions: 2->2
[2024-05-30T12:40:12.826+0000][7552.245s][info][gc,heap     ] GC(1354) Humongous regions: 8->8
[2024-05-30T12:40:12.826+0000][7552.245s][info][gc,metaspace] GC(1354) Metaspace: 414706K(420800K)->414706K(420800K) NonClass: 362689K(366080K)->362689K(366080K) Class: 52016K(54720K)->52016K(54720K)
[2024-05-30T12:40:12.826+0000][7552.245s][info][gc          ] GC(1354) Pause Young (Concurrent Start) (G1 Evacuation Pause) 9242M->1923M(12288M) 28.481ms
[2024-05-30T12:40:12.826+0000][7552.245s][info][gc,cpu      ] GC(1354) User=0.16s Sys=0.00s Real=0.02s
[2024-05-30T12:40:12.826+0000][7552.246s][info][gc          ] GC(1355) Concurrent Mark Cycle
[2024-05-30T12:40:12.826+0000][7552.246s][info][gc,marking  ] GC(1355) Concurrent Clear Claimed Marks
[2024-05-30T12:40:12.827+0000][7552.246s][info][gc,marking  ] GC(1355) Concurrent Clear Claimed Marks 0.444ms
[2024-05-30T12:40:12.827+0000][7552.246s][info][gc,marking  ] GC(1355) Concurrent Scan Root Regions
[2024-05-30T12:40:12.838+0000][7552.257s][info][gc,marking  ] GC(1355) Concurrent Scan Root Regions 11.256ms
[2024-05-30T12:40:12.838+0000][7552.257s][info][gc,marking  ] GC(1355) Concurrent Mark
[2024-05-30T12:40:12.838+0000][7552.257s][info][gc,marking  ] GC(1355) Concurrent Mark From Roots
[2024-05-30T12:40:12.838+0000][7552.257s][info][gc,task     ] GC(1355) Using 2 workers of 2 for marking
[2024-05-30T12:40:14.038+0000][7553.457s][info][gc,marking  ] GC(1355) Concurrent Mark From Roots 1199.707ms
[2024-05-30T12:40:14.038+0000][7553.457s][info][gc,marking  ] GC(1355) Concurrent Preclean
[2024-05-30T12:40:14.039+0000][7553.458s][info][gc,marking  ] GC(1355) Concurrent Preclean 0.851ms
[2024-05-30T12:40:14.039+0000][7553.458s][info][gc,start    ] GC(1355) Pause Remark
[2024-05-30T12:40:14.060+0000][7553.479s][info][gc          ] GC(1355) Pause Remark 2715M->2715M(12288M) 21.133ms
[2024-05-30T12:40:14.060+0000][7553.479s][info][gc,cpu      ] GC(1355) User=0.09s Sys=0.00s Real=0.02s
[2024-05-30T12:40:14.060+0000][7553.479s][info][gc,marking  ] GC(1355) Concurrent Mark 1222.037ms
[2024-05-30T12:40:14.060+0000][7553.479s][info][gc,marking  ] GC(1355) Concurrent Rebuild Remembered Sets
[2024-05-30T12:40:14.753+0000][7554.172s][info][gc,marking  ] GC(1355) Concurrent Rebuild Remembered Sets 692.789ms
[2024-05-30T12:40:14.753+0000][7554.172s][info][gc,start    ] GC(1355) Pause Cleanup
[2024-05-30T12:40:14.754+0000][7554.173s][info][gc          ] GC(1355) Pause Cleanup 3179M->3179M(12288M) 0.541ms
[2024-05-30T12:40:14.754+0000][7554.173s][info][gc,cpu      ] GC(1355) User=0.00s Sys=0.00s Real=0.00s
[2024-05-30T12:40:14.754+0000][7554.173s][info][gc,marking  ] GC(1355) Concurrent Cleanup for Next Mark
[2024-05-30T12:40:14.770+0000][7554.190s][info][gc,marking  ] GC(1355) Concurrent Cleanup for Next Mark 16.675ms
[2024-05-30T12:40:14.770+0000][7554.190s][info][gc          ] GC(1355) Concurrent Mark Cycle 1944.178ms
[2024-05-30T12:40:23.293+0000][7562.713s][info][gc,start    ] GC(1356) Pause Young (Prepare Mixed) (G1 Evacuation Pause)
[2024-05-30T12:40:23.293+0000][7562.713s][info][gc,task     ] GC(1356) Using 6 workers of 6 for evacuation
[2024-05-30T12:40:23.319+0000][7562.738s][info][gc,phases   ] GC(1356)   Pre Evacuate Collection Set: 0.2ms
[2024-05-30T12:40:23.319+0000][7562.738s][info][gc,phases   ] GC(1356)   Merge Heap Roots: 0.3ms
[2024-05-30T12:40:23.319+0000][7562.738s][info][gc,phases   ] GC(1356)   Evacuate Collection Set: 23.0ms
[2024-05-30T12:40:23.319+0000][7562.738s][info][gc,phases   ] GC(1356)   Post Evacuate Collection Set: 1.9ms
[2024-05-30T12:40:23.319+0000][7562.738s][info][gc,phases   ] GC(1356)   Other: 0.2ms
[2024-05-30T12:40:23.319+0000][7562.738s][info][gc,heap     ] GC(1356) Eden regions: 915->0(65)
[2024-05-30T12:40:23.319+0000][7562.738s][info][gc,heap     ] GC(1356) Survivor regions: 6->11(116)
[2024-05-30T12:40:23.319+0000][7562.738s][info][gc,heap     ] GC(1356) Old regions: 226->226
[2024-05-30T12:40:23.319+0000][7562.738s][info][gc,heap     ] GC(1356) Archive regions: 2->2
[2024-05-30T12:40:23.319+0000][7562.738s][info][gc,heap     ] GC(1356) Humongous regions: 8->8
[2024-05-30T12:40:23.319+0000][7562.738s][info][gc,metaspace] GC(1356) Metaspace: 414719K(420800K)->414719K(420800K) NonClass: 362703K(366080K)->362703K(366080K) Class: 52016K(54720K)->52016K(54720K)
[2024-05-30T12:40:23.319+0000][7562.738s][info][gc          ] GC(1356) Pause Young (Prepare Mixed) (G1 Evacuation Pause) 9243M->1958M(12288M) 25.669ms
[2024-05-30T12:40:23.319+0000][7562.738s][info][gc,cpu      ] GC(1356) User=0.15s Sys=0.00s Real=0.03s
[2024-05-30T12:40:24.052+0000][7563.471s][info][gc,start    ] GC(1357) Pause Young (Mixed) (G1 Evacuation Pause)
[2024-05-30T12:40:24.052+0000][7563.471s][info][gc,task     ] GC(1357) Using 6 workers of 6 for evacuation
[2024-05-30T12:40:24.084+0000][7563.503s][info][gc,phases   ] GC(1357)   Pre Evacuate Collection Set: 0.2ms
[2024-05-30T12:40:24.084+0000][7563.503s][info][gc,phases   ] GC(1357)   Merge Heap Roots: 0.2ms
[2024-05-30T12:40:24.084+0000][7563.503s][info][gc,phases   ] GC(1357)   Evacuate Collection Set: 31.0ms
[2024-05-30T12:40:24.084+0000][7563.503s][info][gc,phases   ] GC(1357)   Post Evacuate Collection Set: 1.1ms
[2024-05-30T12:40:24.084+0000][7563.503s][info][gc,phases   ] GC(1357)   Other: 0.2ms
[2024-05-30T12:40:24.084+0000][7563.503s][info][gc,heap     ] GC(1357) Eden regions: 65->0(919)
[2024-05-30T12:40:24.084+0000][7563.503s][info][gc,heap     ] GC(1357) Survivor regions: 11->2(10)
[2024-05-30T12:40:24.084+0000][7563.503s][info][gc,heap     ] GC(1357) Old regions: 226->219
[2024-05-30T12:40:24.084+0000][7563.504s][info][gc,heap     ] GC(1357) Archive regions: 2->2
[2024-05-30T12:40:24.084+0000][7563.504s][info][gc,heap     ] GC(1357) Humongous regions: 8->8
[2024-05-30T12:40:24.084+0000][7563.504s][info][gc,metaspace] GC(1357) Metaspace: 414719K(420800K)->414719K(420800K) NonClass: 362703K(366080K)->362703K(366080K) Class: 52016K(54720K)->52016K(54720K)
[2024-05-30T12:40:24.084+0000][7563.504s][info][gc          ] GC(1357) Pause Young (Mixed) (G1 Evacuation Pause) 2478M->1831M(12288M) 32.715ms
[2024-05-30T12:40:24.084+0000][7563.504s][info][gc,cpu      ] GC(1357) User=0.19s Sys=0.00s Real=0.03s
[2024-05-30T12:40:34.346+0000][7573.766s][info][gc,start    ] GC(1358) Pause Young (Normal) (G1 Evacuation Pause)
[2024-05-30T12:40:34.346+0000][7573.766s][info][gc,task     ] GC(1358) Using 6 workers of 6 for evacuation
[2024-05-30T12:40:34.363+0000][7573.782s][info][gc,phases   ] GC(1358)   Pre Evacuate Collection Set: 0.2ms
[2024-05-30T12:40:34.363+0000][7573.782s][info][gc,phases   ] GC(1358)   Merge Heap Roots: 0.3ms
[2024-05-30T12:40:34.363+0000][7573.782s][info][gc,phases   ] GC(1358)   Evacuate Collection Set: 14.0ms
[2024-05-30T12:40:34.363+0000][7573.782s][info][gc,phases   ] GC(1358)   Post Evacuate Collection Set: 1.7ms
[2024-05-30T12:40:34.363+0000][7573.782s][info][gc,phases   ] GC(1358)   Other: 0.2ms
[2024-05-30T12:40:34.363+0000][7573.782s][info][gc,heap     ] GC(1358) Eden regions: 919->0(915)
[2024-05-30T12:40:34.363+0000][7573.782s][info][gc,heap     ] GC(1358) Survivor regions: 2->6(116)
[2024-05-30T12:40:34.363+0000][7573.782s][info][gc,heap     ] GC(1358) Old regions: 219->219
[2024-05-30T12:40:34.363+0000][7573.782s][info][gc,heap     ] GC(1358) Archive regions: 2->2
[2024-05-30T12:40:34.363+0000][7573.782s][info][gc,heap     ] GC(1358) Humongous regions: 8->8
[2024-05-30T12:40:34.363+0000][7573.782s][info][gc,metaspace] GC(1358) Metaspace: 414720K(420800K)->414720K(420800K) NonClass: 362704K(366080K)->362704K(366080K) Class: 52016K(54720K)->52016K(54720K)
[2024-05-30T12:40:34.363+0000][7573.782s][info][gc          ] GC(1358) Pause Young (Normal) (G1 Evacuation Pause) 9183M->1863M(12288M) 16.436ms
[2024-05-30T12:40:34.363+0000][7573.782s][info][gc,cpu      ] GC(1358) User=0.10s Sys=0.00s Real=0.02s
[2024-05-30T12:40:44.675+0000][7584.095s][info][gc,start    ] GC(1359) Pause Young (Normal) (G1 Evacuation Pause)
[2024-05-30T12:40:44.675+0000][7584.095s][info][gc,task     ] GC(1359) Using 6 workers of 6 for evacuation
[2024-05-30T12:40:44.700+0000][7584.119s][info][gc,phases   ] GC(1359)   Pre Evacuate Collection Set: 0.2ms
[2024-05-30T12:40:44.700+0000][7584.119s][info][gc,phases   ] GC(1359)   Merge Heap Roots: 0.2ms
[2024-05-30T12:40:44.700+0000][7584.119s][info][gc,phases   ] GC(1359)   Evacuate Collection Set: 21.9ms
[2024-05-30T12:40:44.700+0000][7584.119s][info][gc,phases   ] GC(1359)   Post Evacuate Collection Set: 1.8ms
[2024-05-30T12:40:44.700+0000][7584.119s][info][gc,phases   ] GC(1359)   Other: 0.2ms
[2024-05-30T12:40:44.700+0000][7584.119s][info][gc,heap     ] GC(1359) Eden regions: 915->0(911)
[2024-05-30T12:40:44.700+0000][7584.119s][info][gc,heap     ] GC(1359) Survivor regions: 6->10(116)
[2024-05-30T12:40:44.700+0000][7584.119s][info][gc,heap     ] GC(1359) Old regions: 219->219
[2024-05-30T12:40:44.700+0000][7584.119s][info][gc,heap     ] GC(1359) Archive regions: 2->2
[2024-05-30T12:40:44.700+0000][7584.119s][info][gc,heap     ] GC(1359) Humongous regions: 8->8
[2024-05-30T12:40:44.700+0000][7584.119s][info][gc,metaspace] GC(1359) Metaspace: 414723K(420800K)->414723K(420800K) NonClass: 362706K(366080K)->362706K(366080K) Class: 52016K(54720K)->52016K(54720K)
[2024-05-30T12:40:44.700+0000][7584.119s][info][gc          ] GC(1359) Pause Young (Normal) (G1 Evacuation Pause) 9183M->1893M(12288M) 24.314ms
[2024-05-30T12:40:44.700+0000][7584.119s][info][gc,cpu      ] GC(1359) User=0.14s Sys=0.00s Real=0.03s
[2024-05-30T12:40:53.551+0000][7592.970s][info][gc,start    ] GC(1360) Pause Young (Concurrent Start) (G1 Evacuation Pause)
[2024-05-30T12:40:53.551+0000][7592.970s][info][gc,task     ] GC(1360) Using 6 workers of 6 for evacuation
[2024-05-30T12:40:53.582+0000][7593.002s][info][gc,phases   ] GC(1360)   Pre Evacuate Collection Set: 0.6ms
[2024-05-30T12:40:53.582+0000][7593.002s][info][gc,phases   ] GC(1360)   Merge Heap Roots: 0.2ms
[2024-05-30T12:40:53.582+0000][7593.002s][info][gc,phases   ] GC(1360)   Evacuate Collection Set: 27.1ms
[2024-05-30T12:40:53.582+0000][7593.002s][info][gc,phases   ] GC(1360)   Post Evacuate Collection Set: 3.1ms
[2024-05-30T12:40:53.582+0000][7593.002s][info][gc,phases   ] GC(1360)   Other: 0.3ms
[2024-05-30T12:40:53.582+0000][7593.002s][info][gc,heap     ] GC(1360) Eden regions: 911->0(910)
[2024-05-30T12:40:53.582+0000][7593.002s][info][gc,heap     ] GC(1360) Survivor regions: 10->11(116)
[2024-05-30T12:40:53.582+0000][7593.002s][info][gc,heap     ] GC(1360) Old regions: 219->219
[2024-05-30T12:40:53.582+0000][7593.002s][info][gc,heap     ] GC(1360) Archive regions: 2->2
[2024-05-30T12:40:53.582+0000][7593.002s][info][gc,heap     ] GC(1360) Humongous regions: 8->8
[2024-05-30T12:40:53.582+0000][7593.002s][info][gc,metaspace] GC(1360) Metaspace: 414749K(420800K)->414749K(420800K) NonClass: 362732K(366080K)->362732K(366080K) Class: 52016K(54720K)->52016K(54720K)
[2024-05-30T12:40:53.582+0000][7593.002s][info][gc          ] GC(1360) Pause Young (Concurrent Start) (G1 Evacuation Pause) 9181M->1902M(12288M) 31.358ms
[2024-05-30T12:40:53.582+0000][7593.002s][info][gc,cpu      ] GC(1360) User=0.18s Sys=0.00s Real=0.03s
[2024-05-30T12:40:53.583+0000][7593.002s][info][gc          ] GC(1361) Concurrent Mark Cycle
[2024-05-30T12:40:53.583+0000][7593.002s][info][gc,marking  ] GC(1361) Concurrent Clear Claimed Marks
[2024-05-30T12:40:53.583+0000][7593.002s][info][gc,marking  ] GC(1361) Concurrent Clear Claimed Marks 0.422ms
[2024-05-30T12:40:53.583+0000][7593.002s][info][gc,marking  ] GC(1361) Concurrent Scan Root Regions
[2024-05-30T12:40:53.626+0000][7593.045s][info][gc,marking  ] GC(1361) Concurrent Scan Root Regions 43.060ms
[2024-05-30T12:40:53.626+0000][7593.045s][info][gc,marking  ] GC(1361) Concurrent Mark
[2024-05-30T12:40:53.626+0000][7593.045s][info][gc,marking  ] GC(1361) Concurrent Mark From Roots
[2024-05-30T12:40:53.626+0000][7593.045s][info][gc,task     ] GC(1361) Using 2 workers of 2 for marking
[2024-05-30T12:40:54.781+0000][7594.201s][info][gc,marking  ] GC(1361) Concurrent Mark From Roots 1155.358ms
[2024-05-30T12:40:54.781+0000][7594.201s][info][gc,marking  ] GC(1361) Concurrent Preclean
[2024-05-30T12:40:54.783+0000][7594.202s][info][gc,marking  ] GC(1361) Concurrent Preclean 1.160ms
[2024-05-30T12:40:54.783+0000][7594.202s][info][gc,start    ] GC(1361) Pause Remark
[2024-05-30T12:40:54.804+0000][7594.223s][info][gc          ] GC(1361) Pause Remark 4586M->4562M(12288M) 20.992ms
[2024-05-30T12:40:54.804+0000][7594.223s][info][gc,cpu      ] GC(1361) User=0.09s Sys=0.00s Real=0.02s
[2024-05-30T12:40:54.804+0000][7594.223s][info][gc,marking  ] GC(1361) Concurrent Mark 1178.012ms
[2024-05-30T12:40:54.804+0000][7594.223s][info][gc,marking  ] GC(1361) Concurrent Rebuild Remembered Sets
[2024-05-30T12:40:55.505+0000][7594.924s][info][gc,marking  ] GC(1361) Concurrent Rebuild Remembered Sets 700.644ms
[2024-05-30T12:40:55.505+0000][7594.924s][info][gc,start    ] GC(1361) Pause Cleanup
[2024-05-30T12:40:55.505+0000][7594.925s][info][gc          ] GC(1361) Pause Cleanup 6266M->6266M(12288M) 0.516ms
[2024-05-30T12:40:55.506+0000][7594.925s][info][gc,cpu      ] GC(1361) User=0.00s Sys=0.00s Real=0.00s
[2024-05-30T12:40:55.506+0000][7594.925s][info][gc,marking  ] GC(1361) Concurrent Cleanup for Next Mark
[2024-05-30T12:40:55.523+0000][7594.942s][info][gc,marking  ] GC(1361) Concurrent Cleanup for Next Mark 17.247ms
[2024-05-30T12:40:55.523+0000][7594.942s][info][gc          ] GC(1361) Concurrent Mark Cycle 1940.384ms
[2024-05-30T12:40:56.695+0000][7596.114s][info][gc,start    ] GC(1362) Pause Young (Prepare Mixed) (G1 Evacuation Pause)
[2024-05-30T12:40:56.695+0000][7596.114s][info][gc,task     ] GC(1362) Using 6 workers of 6 for evacuation
[2024-05-30T12:40:56.787+0000][7596.206s][info][gc,phases   ] GC(1362)   Pre Evacuate Collection Set: 0.2ms
[2024-05-30T12:40:56.787+0000][7596.206s][info][gc,phases   ] GC(1362)   Merge Heap Roots: 0.3ms
[2024-05-30T12:40:56.787+0000][7596.206s][info][gc,phases   ] GC(1362)   Evacuate Collection Set: 72.3ms
[2024-05-30T12:40:56.787+0000][7596.206s][info][gc,phases   ] GC(1362)   Post Evacuate Collection Set: 19.1ms
[2024-05-30T12:40:56.787+0000][7596.206s][info][gc,phases   ] GC(1362)   Other: 0.2ms
[2024-05-30T12:40:56.787+0000][7596.206s][info][gc,heap     ] GC(1362) Eden regions: 910->0(60)
[2024-05-30T12:40:56.787+0000][7596.206s][info][gc,heap     ] GC(1362) Survivor regions: 11->16(116)
[2024-05-30T12:40:56.787+0000][7596.206s][info][gc,heap     ] GC(1362) Old regions: 219->219
[2024-05-30T12:40:56.787+0000][7596.206s][info][gc,heap     ] GC(1362) Archive regions: 2->2
[2024-05-30T12:40:56.787+0000][7596.206s][info][gc,heap     ] GC(1362) Humongous regions: 5->5
[2024-05-30T12:40:56.787+0000][7596.206s][info][gc,metaspace] GC(1362) Metaspace: 414753K(420800K)->414753K(420800K) NonClass: 362736K(366080K)->362736K(366080K) Class: 52016K(54720K)->52016K(54720K)
[2024-05-30T12:40:56.787+0000][7596.206s][info][gc          ] GC(1362) Pause Young (Prepare Mixed) (G1 Evacuation Pause) 9158M->1923M(12288M) 92.176ms
[2024-05-30T12:40:56.787+0000][7596.206s][info][gc,cpu      ] GC(1362) User=0.54s Sys=0.00s Real=0.09s
[2024-05-30T12:40:56.994+0000][7596.414s][info][gc,start    ] GC(1363) Pause Young (Mixed) (G1 Evacuation Pause)
[2024-05-30T12:40:56.994+0000][7596.414s][info][gc,task     ] GC(1363) Using 6 workers of 6 for evacuation
[2024-05-30T12:40:57.054+0000][7596.474s][info][gc,phases   ] GC(1363)   Pre Evacuate Collection Set: 0.2ms
[2024-05-30T12:40:57.054+0000][7596.474s][info][gc,phases   ] GC(1363)   Merge Heap Roots: 0.2ms
[2024-05-30T12:40:57.054+0000][7596.474s][info][gc,phases   ] GC(1363)   Evacuate Collection Set: 57.0ms
[2024-05-30T12:40:57.054+0000][7596.474s][info][gc,phases   ] GC(1363)   Post Evacuate Collection Set: 2.3ms
[2024-05-30T12:40:57.054+0000][7596.474s][info][gc,phases   ] GC(1363)   Other: 0.2ms
[2024-05-30T12:40:57.054+0000][7596.474s][info][gc,heap     ] GC(1363) Eden regions: 60->0(919)
[2024-05-30T12:40:57.054+0000][7596.474s][info][gc,heap     ] GC(1363) Survivor regions: 16->2(10)
[2024-05-30T12:40:57.054+0000][7596.474s][info][gc,heap     ] GC(1363) Old regions: 219->220
[2024-05-30T12:40:57.054+0000][7596.474s][info][gc,heap     ] GC(1363) Archive regions: 2->2
[2024-05-30T12:40:57.054+0000][7596.474s][info][gc,heap     ] GC(1363) Humongous regions: 5->5
[2024-05-30T12:40:57.054+0000][7596.474s][info][gc,metaspace] GC(1363) Metaspace: 414753K(420800K)->414753K(420800K) NonClass: 362736K(366080K)->362736K(366080K) Class: 52016K(54720K)->52016K(54720K)
[2024-05-30T12:40:57.054+0000][7596.474s][info][gc          ] GC(1363) Pause Young (Mixed) (G1 Evacuation Pause) 2403M->1820M(12288M) 59.973ms
[2024-05-30T12:40:57.054+0000][7596.474s][info][gc,cpu      ] GC(1363) User=0.35s Sys=0.00s Real=0.06s
[2024-05-30T12:41:00.049+0000][7599.468s][info][gc,start    ] GC(1364) Pause Young (Normal) (G1 Evacuation Pause)
[2024-05-30T12:41:00.049+0000][7599.468s][info][gc,task     ] GC(1364) Using 6 workers of 6 for evacuation
[2024-05-30T12:41:00.122+0000][7599.541s][info][gc,phases   ] GC(1364)   Pre Evacuate Collection Set: 0.2ms
[2024-05-30T12:41:00.122+0000][7599.541s][info][gc,phases   ] GC(1364)   Merge Heap Roots: 0.3ms
[2024-05-30T12:41:00.122+0000][7599.541s][info][gc,phases   ] GC(1364)   Evacuate Collection Set: 53.6ms
[2024-05-30T12:41:00.122+0000][7599.541s][info][gc,phases   ] GC(1364)   Post Evacuate Collection Set: 18.6ms
[2024-05-30T12:41:00.122+0000][7599.541s][info][gc,phases   ] GC(1364)   Other: 0.2ms
[2024-05-30T12:41:00.122+0000][7599.541s][info][gc,heap     ] GC(1364) Eden regions: 919->0(914)
[2024-05-30T12:41:00.122+0000][7599.541s][info][gc,heap     ] GC(1364) Survivor regions: 2->7(116)
[2024-05-30T12:41:00.122+0000][7599.541s][info][gc,heap     ] GC(1364) Old regions: 220->220
[2024-05-30T12:41:00.122+0000][7599.541s][info][gc,heap     ] GC(1364) Archive regions: 2->2
[2024-05-30T12:41:00.122+0000][7599.541s][info][gc,heap     ] GC(1364) Humongous regions: 5->5
[2024-05-30T12:41:00.122+0000][7599.541s][info][gc,metaspace] GC(1364) Metaspace: 414753K(420800K)->414753K(420800K) NonClass: 362736K(366080K)->362736K(366080K) Class: 52016K(54720K)->52016K(54720K)
[2024-05-30T12:41:00.122+0000][7599.541s][info][gc          ] GC(1364) Pause Young (Normal) (G1 Evacuation Pause) 9172M->1860M(12288M) 72.841ms
[2024-05-30T12:41:00.122+0000][7599.541s][info][gc,cpu      ] GC(1364) User=0.42s Sys=0.00s Real=0.07s
[2024-05-30T12:41:02.933+0000][7602.352s][info][gc,start    ] GC(1365) Pause Young (Normal) (G1 Evacuation Pause)
[2024-05-30T12:41:02.933+0000][7602.352s][info][gc,task     ] GC(1365) Using 6 workers of 6 for evacuation
[2024-05-30T12:41:03.011+0000][7602.430s][info][gc,phases   ] GC(1365)   Pre Evacuate Collection Set: 0.2ms
[2024-05-30T12:41:03.011+0000][7602.430s][info][gc,phases   ] GC(1365)   Merge Heap Roots: 0.3ms
[2024-05-30T12:41:03.011+0000][7602.430s][info][gc,phases   ] GC(1365)   Evacuate Collection Set: 61.1ms
[2024-05-30T12:41:03.011+0000][7602.430s][info][gc,phases   ] GC(1365)   Post Evacuate Collection Set: 16.4ms
[2024-05-30T12:41:03.011+0000][7602.430s][info][gc,phases   ] GC(1365)   Other: 0.2ms
[2024-05-30T12:41:03.011+0000][7602.430s][info][gc,heap     ] GC(1365) Eden regions: 914->0(910)
[2024-05-30T12:41:03.011+0000][7602.430s][info][gc,heap     ] GC(1365) Survivor regions: 7->11(116)
[2024-05-30T12:41:03.011+0000][7602.430s][info][gc,heap     ] GC(1365) Old regions: 220->220
[2024-05-30T12:41:03.011+0000][7602.430s][info][gc,heap     ] GC(1365) Archive regions: 2->2
[2024-05-30T12:41:03.011+0000][7602.430s][info][gc,heap     ] GC(1365) Humongous regions: 5->5
[2024-05-30T12:41:03.011+0000][7602.430s][info][gc,metaspace] GC(1365) Metaspace: 414753K(420800K)->414753K(420800K) NonClass: 362736K(366080K)->362736K(366080K) Class: 52016K(54720K)->52016K(54720K)
[2024-05-30T12:41:03.011+0000][7602.430s][info][gc          ] GC(1365) Pause Young (Normal) (G1 Evacuation Pause) 9172M->1891M(12288M) 78.175ms
[2024-05-30T12:41:03.011+0000][7602.430s][info][gc,cpu      ] GC(1365) User=0.45s Sys=0.00s Real=0.08s
[2024-05-30T12:41:05.905+0000][7605.324s][info][gc,start    ] GC(1366) Pause Young (Concurrent Start) (G1 Evacuation Pause)
[2024-05-30T12:41:05.905+0000][7605.324s][info][gc,task     ] GC(1366) Using 6 workers of 6 for evacuation
[2024-05-30T12:41:06.009+0000][7605.428s][info][gc,phases   ] GC(1366)   Pre Evacuate Collection Set: 0.5ms
[2024-05-30T12:41:06.009+0000][7605.429s][info][gc,phases   ] GC(1366)   Merge Heap Roots: 0.3ms
[2024-05-30T12:41:06.009+0000][7605.429s][info][gc,phases   ] GC(1366)   Evacuate Collection Set: 84.2ms
[2024-05-30T12:41:06.009+0000][7605.429s][info][gc,phases   ] GC(1366)   Post Evacuate Collection Set: 19.3ms
[2024-05-30T12:41:06.009+0000][7605.429s][info][gc,phases   ] GC(1366)   Other: 0.3ms
[2024-05-30T12:41:06.009+0000][7605.429s][info][gc,heap     ] GC(1366) Eden regions: 910->0(904)
[2024-05-30T12:41:06.009+0000][7605.429s][info][gc,heap     ] GC(1366) Survivor regions: 11->17(116)
[2024-05-30T12:41:06.009+0000][7605.429s][info][gc,heap     ] GC(1366) Old regions: 220->220
[2024-05-30T12:41:06.009+0000][7605.429s][info][gc,heap     ] GC(1366) Archive regions: 2->2
[2024-05-30T12:41:06.009+0000][7605.429s][info][gc,heap     ] GC(1366) Humongous regions: 5->5
[2024-05-30T12:41:06.009+0000][7605.429s][info][gc,metaspace] GC(1366) Metaspace: 414753K(420800K)->414753K(420800K) NonClass: 362736K(366080K)->362736K(366080K) Class: 52016K(54720K)->52016K(54720K)
[2024-05-30T12:41:06.009+0000][7605.429s][info][gc          ] GC(1366) Pause Young (Concurrent Start) (G1 Evacuation Pause) 9171M->1936M(12288M) 104.672ms
[2024-05-30T12:41:06.009+0000][7605.429s][info][gc,cpu      ] GC(1366) User=0.61s Sys=0.00s Real=0.11s
[2024-05-30T12:41:06.009+0000][7605.429s][info][gc          ] GC(1367) Concurrent Mark Cycle
[2024-05-30T12:41:06.009+0000][7605.429s][info][gc,marking  ] GC(1367) Concurrent Clear Claimed Marks
[2024-05-30T12:41:06.010+0000][7605.429s][info][gc,marking  ] GC(1367) Concurrent Clear Claimed Marks 0.429ms
[2024-05-30T12:41:06.010+0000][7605.429s][info][gc,marking  ] GC(1367) Concurrent Scan Root Regions
[2024-05-30T12:41:06.077+0000][7605.497s][info][gc,marking  ] GC(1367) Concurrent Scan Root Regions 67.438ms
[2024-05-30T12:41:06.077+0000][7605.497s][info][gc,marking  ] GC(1367) Concurrent Mark
[2024-05-30T12:41:06.077+0000][7605.497s][info][gc,marking  ] GC(1367) Concurrent Mark From Roots
[2024-05-30T12:41:06.077+0000][7605.497s][info][gc,task     ] GC(1367) Using 2 workers of 2 for marking
[2024-05-30T12:41:07.314+0000][7606.733s][info][gc,marking  ] GC(1367) Concurrent Mark From Roots 1236.468ms
[2024-05-30T12:41:07.314+0000][7606.733s][info][gc,marking  ] GC(1367) Concurrent Preclean
[2024-05-30T12:41:07.315+0000][7606.734s][info][gc,marking  ] GC(1367) Concurrent Preclean 0.772ms
[2024-05-30T12:41:07.315+0000][7606.734s][info][gc,start    ] GC(1367) Pause Remark
[2024-05-30T12:41:07.336+0000][7606.755s][info][gc          ] GC(1367) Pause Remark 4484M->4484M(12288M) 20.956ms
[2024-05-30T12:41:07.336+0000][7606.755s][info][gc,cpu      ] GC(1367) User=0.09s Sys=0.00s Real=0.02s
[2024-05-30T12:41:07.336+0000][7606.755s][info][gc,marking  ] GC(1367) Concurrent Mark 1258.560ms
[2024-05-30T12:41:07.336+0000][7606.755s][info][gc,marking  ] GC(1367) Concurrent Rebuild Remembered Sets
[2024-05-30T12:41:08.065+0000][7607.484s][info][gc,marking  ] GC(1367) Concurrent Rebuild Remembered Sets 728.710ms
[2024-05-30T12:41:08.065+0000][7607.484s][info][gc,start    ] GC(1367) Pause Cleanup
[2024-05-30T12:41:08.065+0000][7607.485s][info][gc          ] GC(1367) Pause Cleanup 6200M->6200M(12288M) 0.503ms
[2024-05-30T12:41:08.065+0000][7607.485s][info][gc,cpu      ] GC(1367) User=0.00s Sys=0.00s Real=0.00s
[2024-05-30T12:41:08.066+0000][7607.485s][info][gc,marking  ] GC(1367) Concurrent Cleanup for Next Mark
[2024-05-30T12:41:08.083+0000][7607.502s][info][gc,marking  ] GC(1367) Concurrent Cleanup for Next Mark 17.409ms
[2024-05-30T12:41:08.083+0000][7607.502s][info][gc          ] GC(1367) Concurrent Mark Cycle 2073.517ms
[2024-05-30T12:41:09.234+0000][7608.653s][info][gc,start    ] GC(1368) Pause Young (Prepare Mixed) (G1 Evacuation Pause)
[2024-05-30T12:41:09.234+0000][7608.653s][info][gc,task     ] GC(1368) Using 6 workers of 6 for evacuation
[2024-05-30T12:41:09.352+0000][7608.772s][info][gc,phases   ] GC(1368)   Pre Evacuate Collection Set: 0.2ms
[2024-05-30T12:41:09.352+0000][7608.772s][info][gc,phases   ] GC(1368)   Merge Heap Roots: 0.4ms
[2024-05-30T12:41:09.352+0000][7608.772s][info][gc,phases   ] GC(1368)   Evacuate Collection Set: 97.2ms
[2024-05-30T12:41:09.352+0000][7608.772s][info][gc,phases   ] GC(1368)   Post Evacuate Collection Set: 20.8ms
[2024-05-30T12:41:09.352+0000][7608.772s][info][gc,phases   ] GC(1368)   Other: 0.2ms
[2024-05-30T12:41:09.352+0000][7608.772s][info][gc,heap     ] GC(1368) Eden regions: 904->0(55)
[2024-05-30T12:41:09.352+0000][7608.772s][info][gc,heap     ] GC(1368) Survivor regions: 17->21(116)
[2024-05-30T12:41:09.352+0000][7608.772s][info][gc,heap     ] GC(1368) Old regions: 220->220
[2024-05-30T12:41:09.353+0000][7608.772s][info][gc,heap     ] GC(1368) Archive regions: 2->2
[2024-05-30T12:41:09.353+0000][7608.772s][info][gc,heap     ] GC(1368) Humongous regions: 5->5
[2024-05-30T12:41:09.353+0000][7608.772s][info][gc,metaspace] GC(1368) Metaspace: 414753K(420800K)->414753K(420800K) NonClass: 362736K(366080K)->362736K(366080K) Class: 52016K(54720K)->52016K(54720K)
[2024-05-30T12:41:09.353+0000][7608.772s][info][gc          ] GC(1368) Pause Young (Prepare Mixed) (G1 Evacuation Pause) 9168M->1972M(12288M) 118.823ms
[2024-05-30T12:41:09.353+0000][7608.772s][info][gc,cpu      ] GC(1368) User=0.69s Sys=0.00s Real=0.12s
[2024-05-30T12:41:09.522+0000][7608.941s][info][gc,start    ] GC(1369) Pause Young (Mixed) (G1 Evacuation Pause)
[2024-05-30T12:41:09.522+0000][7608.941s][info][gc,task     ] GC(1369) Using 6 workers of 6 for evacuation
[2024-05-30T12:41:09.606+0000][7609.025s][info][gc,phases   ] GC(1369)   Pre Evacuate Collection Set: 0.2ms
[2024-05-30T12:41:09.606+0000][7609.025s][info][gc,phases   ] GC(1369)   Merge Heap Roots: 0.3ms
[2024-05-30T12:41:09.606+0000][7609.025s][info][gc,phases   ] GC(1369)   Evacuate Collection Set: 80.9ms
[2024-05-30T12:41:09.606+0000][7609.025s][info][gc,phases   ] GC(1369)   Post Evacuate Collection Set: 2.7ms
[2024-05-30T12:41:09.606+0000][7609.025s][info][gc,phases   ] GC(1369)   Other: 0.2ms
[2024-05-30T12:41:09.606+0000][7609.025s][info][gc,heap     ] GC(1369) Eden regions: 55->0(918)
[2024-05-30T12:41:09.606+0000][7609.025s][info][gc,heap     ] GC(1369) Survivor regions: 21->3(10)
[2024-05-30T12:41:09.606+0000][7609.025s][info][gc,heap     ] GC(1369) Old regions: 220->227
[2024-05-30T12:41:09.606+0000][7609.025s][info][gc,heap     ] GC(1369) Archive regions: 2->2
[2024-05-30T12:41:09.606+0000][7609.025s][info][gc,heap     ] GC(1369) Humongous regions: 5->5
[2024-05-30T12:41:09.606+0000][7609.025s][info][gc,metaspace] GC(1369) Metaspace: 414753K(420800K)->414753K(420800K) NonClass: 362736K(366080K)->362736K(366080K) Class: 52016K(54720K)->52016K(54720K)
[2024-05-30T12:41:09.606+0000][7609.025s][info][gc          ] GC(1369) Pause Young (Mixed) (G1 Evacuation Pause) 2412M->1878M(12288M) 84.302ms
[2024-05-30T12:41:09.606+0000][7609.025s][info][gc,cpu      ] GC(1369) User=0.50s Sys=0.00s Real=0.08s
[2024-05-30T12:41:12.304+0000][7611.723s][info][gc,start    ] GC(1370) Pause Young (Normal) (G1 Evacuation Pause)
[2024-05-30T12:41:12.304+0000][7611.723s][info][gc,task     ] GC(1370) Using 6 workers of 6 for evacuation
[2024-05-30T12:41:12.387+0000][7611.806s][info][gc,phases   ] GC(1370)   Pre Evacuate Collection Set: 0.2ms
[2024-05-30T12:41:12.387+0000][7611.806s][info][gc,phases   ] GC(1370)   Merge Heap Roots: 0.3ms
[2024-05-30T12:41:12.387+0000][7611.806s][info][gc,phases   ] GC(1370)   Evacuate Collection Set: 61.9ms
[2024-05-30T12:41:12.387+0000][7611.806s][info][gc,phases   ] GC(1370)   Post Evacuate Collection Set: 20.2ms
[2024-05-30T12:41:12.387+0000][7611.806s][info][gc,phases   ] GC(1370)   Other: 0.2ms
[2024-05-30T12:41:12.387+0000][7611.806s][info][gc,heap     ] GC(1370) Eden regions: 918->0(913)
[2024-05-30T12:41:12.387+0000][7611.806s][info][gc,heap     ] GC(1370) Survivor regions: 3->8(116)
[2024-05-30T12:41:12.387+0000][7611.806s][info][gc,heap     ] GC(1370) Old regions: 227->227
[2024-05-30T12:41:12.387+0000][7611.806s][info][gc,heap     ] GC(1370) Archive regions: 2->2
[2024-05-30T12:41:12.387+0000][7611.806s][info][gc,heap     ] GC(1370) Humongous regions: 5->5
[2024-05-30T12:41:12.387+0000][7611.806s][info][gc,metaspace] GC(1370) Metaspace: 414753K(420800K)->414753K(420800K) NonClass: 362736K(366080K)->362736K(366080K) Class: 52016K(54720K)->52016K(54720K)
[2024-05-30T12:41:12.387+0000][7611.806s][info][gc          ] GC(1370) Pause Young (Normal) (G1 Evacuation Pause) 9222M->1912M(12288M) 82.820ms
[2024-05-30T12:41:12.387+0000][7611.806s][info][gc,cpu      ] GC(1370) User=0.49s Sys=0.00s Real=0.08s
[2024-05-30T12:41:15.137+0000][7614.557s][info][gc,start    ] GC(1371) Pause Young (Normal) (G1 Evacuation Pause)
[2024-05-30T12:41:15.137+0000][7614.557s][info][gc,task     ] GC(1371) Using 6 workers of 6 for evacuation
[2024-05-30T12:41:15.234+0000][7614.653s][info][gc,phases   ] GC(1371)   Pre Evacuate Collection Set: 0.2ms
[2024-05-30T12:41:15.234+0000][7614.653s][info][gc,phases   ] GC(1371)   Merge Heap Roots: 0.3ms
[2024-05-30T12:41:15.234+0000][7614.653s][info][gc,phases   ] GC(1371)   Evacuate Collection Set: 77.1ms
[2024-05-30T12:41:15.234+0000][7614.653s][info][gc,phases   ] GC(1371)   Post Evacuate Collection Set: 18.7ms
[2024-05-30T12:41:15.234+0000][7614.653s][info][gc,phases   ] GC(1371)   Other: 0.2ms
[2024-05-30T12:41:15.234+0000][7614.653s][info][gc,heap     ] GC(1371) Eden regions: 913->0(908)
[2024-05-30T12:41:15.234+0000][7614.653s][info][gc,heap     ] GC(1371) Survivor regions: 8->13(116)
[2024-05-30T12:41:15.234+0000][7614.653s][info][gc,heap     ] GC(1371) Old regions: 227->227
[2024-05-30T12:41:15.234+0000][7614.653s][info][gc,heap     ] GC(1371) Archive regions: 2->2
[2024-05-30T12:41:15.234+0000][7614.653s][info][gc,heap     ] GC(1371) Humongous regions: 5->5
[2024-05-30T12:41:15.234+0000][7614.653s][info][gc,metaspace] GC(1371) Metaspace: 414753K(420800K)->414753K(420800K) NonClass: 362736K(366080K)->362736K(366080K) Class: 52016K(54720K)->52016K(54720K)
[2024-05-30T12:41:15.234+0000][7614.653s][info][gc          ] GC(1371) Pause Young (Normal) (G1 Evacuation Pause) 9216M->1951M(12288M) 96.581ms
[2024-05-30T12:41:15.234+0000][7614.653s][info][gc,cpu      ] GC(1371) User=0.57s Sys=0.00s Real=0.09s
[2024-05-30T12:41:17.973+0000][7617.392s][info][gc,start    ] GC(1372) Pause Young (Concurrent Start) (G1 Evacuation Pause)
[2024-05-30T12:41:17.973+0000][7617.392s][info][gc,task     ] GC(1372) Using 6 workers of 6 for evacuation
[2024-05-30T12:41:18.086+0000][7617.505s][info][gc,phases   ] GC(1372)   Pre Evacuate Collection Set: 0.6ms
[2024-05-30T12:41:18.086+0000][7617.505s][info][gc,phases   ] GC(1372)   Merge Heap Roots: 0.4ms
[2024-05-30T12:41:18.086+0000][7617.505s][info][gc,phases   ] GC(1372)   Evacuate Collection Set: 91.6ms
[2024-05-30T12:41:18.086+0000][7617.505s][info][gc,phases   ] GC(1372)   Post Evacuate Collection Set: 19.9ms
[2024-05-30T12:41:18.086+0000][7617.505s][info][gc,phases   ] GC(1372)   Other: 0.3ms
[2024-05-30T12:41:18.086+0000][7617.505s][info][gc,heap     ] GC(1372) Eden regions: 908->0(905)
[2024-05-30T12:41:18.086+0000][7617.505s][info][gc,heap     ] GC(1372) Survivor regions: 13->16(116)
[2024-05-30T12:41:18.086+0000][7617.505s][info][gc,heap     ] GC(1372) Old regions: 227->227
[2024-05-30T12:41:18.086+0000][7617.505s][info][gc,heap     ] GC(1372) Archive regions: 2->2
[2024-05-30T12:41:18.086+0000][7617.505s][info][gc,heap     ] GC(1372) Humongous regions: 5->5
[2024-05-30T12:41:18.086+0000][7617.505s][info][gc,metaspace] GC(1372) Metaspace: 414753K(420800K)->414753K(420800K) NonClass: 362736K(366080K)->362736K(366080K) Class: 52016K(54720K)->52016K(54720K)
[2024-05-30T12:41:18.086+0000][7617.505s][info][gc          ] GC(1372) Pause Young (Concurrent Start) (G1 Evacuation Pause) 9215M->1981M(12288M) 112.860ms
[2024-05-30T12:41:18.086+0000][7617.505s][info][gc,cpu      ] GC(1372) User=0.65s Sys=0.00s Real=0.11s
[2024-05-30T12:41:18.086+0000][7617.505s][info][gc          ] GC(1373) Concurrent Mark Cycle
[2024-05-30T12:41:18.086+0000][7617.505s][info][gc,marking  ] GC(1373) Concurrent Clear Claimed Marks
[2024-05-30T12:41:18.086+0000][7617.506s][info][gc,marking  ] GC(1373) Concurrent Clear Claimed Marks 0.406ms
[2024-05-30T12:41:18.086+0000][7617.506s][info][gc,marking  ] GC(1373) Concurrent Scan Root Regions
[2024-05-30T12:41:18.140+0000][7617.559s][info][gc,marking  ] GC(1373) Concurrent Scan Root Regions 53.183ms
[2024-05-30T12:41:18.140+0000][7617.559s][info][gc,marking  ] GC(1373) Concurrent Mark
[2024-05-30T12:41:18.140+0000][7617.559s][info][gc,marking  ] GC(1373) Concurrent Mark From Roots
[2024-05-30T12:41:18.140+0000][7617.559s][info][gc,task     ] GC(1373) Using 2 workers of 2 for marking
[2024-05-30T12:41:19.423+0000][7618.842s][info][gc,marking  ] GC(1373) Concurrent Mark From Roots 1283.583ms
[2024-05-30T12:41:19.423+0000][7618.842s][info][gc,marking  ] GC(1373) Concurrent Preclean
[2024-05-30T12:41:19.424+0000][7618.843s][info][gc,marking  ] GC(1373) Concurrent Preclean 1.037ms
[2024-05-30T12:41:19.424+0000][7618.844s][info][gc,start    ] GC(1373) Pause Remark
[2024-05-30T12:41:19.445+0000][7618.865s][info][gc          ] GC(1373) Pause Remark 4709M->4709M(12288M) 20.949ms
[2024-05-30T12:41:19.445+0000][7618.865s][info][gc,cpu      ] GC(1373) User=0.08s Sys=0.00s Real=0.02s
[2024-05-30T12:41:19.445+0000][7618.865s][info][gc,marking  ] GC(1373) Concurrent Mark 1305.920ms
[2024-05-30T12:41:19.446+0000][7618.865s][info][gc,marking  ] GC(1373) Concurrent Rebuild Remembered Sets
[2024-05-30T12:41:20.165+0000][7619.584s][info][gc,marking  ] GC(1373) Concurrent Rebuild Remembered Sets 719.460ms
[2024-05-30T12:41:20.165+0000][7619.584s][info][gc,start    ] GC(1373) Pause Cleanup
[2024-05-30T12:41:20.166+0000][7619.585s][info][gc          ] GC(1373) Pause Cleanup 6337M->6337M(12288M) 0.468ms
[2024-05-30T12:41:20.166+0000][7619.585s][info][gc,cpu      ] GC(1373) User=0.00s Sys=0.00s Real=0.00s
[2024-05-30T12:41:20.166+0000][7619.585s][info][gc,marking  ] GC(1373) Concurrent Cleanup for Next Mark
[2024-05-30T12:41:20.194+0000][7619.613s][info][gc,marking  ] GC(1373) Concurrent Cleanup for Next Mark 28.458ms
[2024-05-30T12:41:20.194+0000][7619.613s][info][gc          ] GC(1373) Concurrent Mark Cycle 2108.291ms
[2024-05-30T12:41:21.746+0000][7621.165s][info][gc,start    ] GC(1374) Pause Young (Prepare Mixed) (G1 Evacuation Pause)
[2024-05-30T12:41:21.746+0000][7621.165s][info][gc,task     ] GC(1374) Using 6 workers of 6 for evacuation
[2024-05-30T12:41:21.866+0000][7621.285s][info][gc,phases   ] GC(1374)   Pre Evacuate Collection Set: 0.2ms
[2024-05-30T12:41:21.866+0000][7621.285s][info][gc,phases   ] GC(1374)   Merge Heap Roots: 0.4ms
[2024-05-30T12:41:21.866+0000][7621.285s][info][gc,phases   ] GC(1374)   Evacuate Collection Set: 100.3ms
[2024-05-30T12:41:21.866+0000][7621.285s][info][gc,phases   ] GC(1374)   Post Evacuate Collection Set: 18.9ms
[2024-05-30T12:41:21.866+0000][7621.285s][info][gc,phases   ] GC(1374)   Other: 0.2ms
[2024-05-30T12:41:21.866+0000][7621.285s][info][gc,heap     ] GC(1374) Eden regions: 905->0(54)
[2024-05-30T12:41:21.866+0000][7621.285s][info][gc,heap     ] GC(1374) Survivor regions: 16->22(116)
[2024-05-30T12:41:21.866+0000][7621.285s][info][gc,heap     ] GC(1374) Old regions: 227->227
[2024-05-30T12:41:21.866+0000][7621.285s][info][gc,heap     ] GC(1374) Archive regions: 2->2
[2024-05-30T12:41:21.866+0000][7621.285s][info][gc,heap     ] GC(1374) Humongous regions: 5->5
[2024-05-30T12:41:21.866+0000][7621.285s][info][gc,metaspace] GC(1374) Metaspace: 414753K(420800K)->414753K(420800K) NonClass: 362736K(366080K)->362736K(366080K) Class: 52016K(54720K)->52016K(54720K)
[2024-05-30T12:41:21.866+0000][7621.285s][info][gc          ] GC(1374) Pause Young (Prepare Mixed) (G1 Evacuation Pause) 9221M->2029M(12288M) 120.033ms
[2024-05-30T12:41:21.866+0000][7621.285s][info][gc,cpu      ] GC(1374) User=0.70s Sys=0.00s Real=0.12s
[2024-05-30T12:41:22.490+0000][7621.909s][info][gc,start    ] GC(1375) Pause Young (Mixed) (G1 Evacuation Pause)
[2024-05-30T12:41:22.490+0000][7621.909s][info][gc,task     ] GC(1375) Using 6 workers of 6 for evacuation
[2024-05-30T12:41:22.563+0000][7621.982s][info][gc,phases   ] GC(1375)   Pre Evacuate Collection Set: 0.2ms
[2024-05-30T12:41:22.563+0000][7621.982s][info][gc,phases   ] GC(1375)   Merge Heap Roots: 0.2ms
[2024-05-30T12:41:22.563+0000][7621.982s][info][gc,phases   ] GC(1375)   Evacuate Collection Set: 70.8ms
[2024-05-30T12:41:22.563+0000][7621.982s][info][gc,phases   ] GC(1375)   Post Evacuate Collection Set: 1.6ms
[2024-05-30T12:41:22.563+0000][7621.982s][info][gc,phases   ] GC(1375)   Other: 0.2ms
[2024-05-30T12:41:22.563+0000][7621.982s][info][gc,heap     ] GC(1375) Eden regions: 54->0(917)
[2024-05-30T12:41:22.563+0000][7621.982s][info][gc,heap     ] GC(1375) Survivor regions: 22->4(10)
[2024-05-30T12:41:22.563+0000][7621.982s][info][gc,heap     ] GC(1375) Old regions: 227->231
[2024-05-30T12:41:22.563+0000][7621.982s][info][gc,heap     ] GC(1375) Archive regions: 2->2
[2024-05-30T12:41:22.563+0000][7621.982s][info][gc,heap     ] GC(1375) Humongous regions: 5->5
[2024-05-30T12:41:22.563+0000][7621.982s][info][gc,metaspace] GC(1375) Metaspace: 414755K(420800K)->414755K(420800K) NonClass: 362738K(366080K)->362738K(366080K) Class: 52016K(54720K)->52016K(54720K)
[2024-05-30T12:41:22.563+0000][7621.982s][info][gc          ] GC(1375) Pause Young (Mixed) (G1 Evacuation Pause) 2461M->1915M(12288M) 73.070ms
[2024-05-30T12:41:22.563+0000][7621.982s][info][gc,cpu      ] GC(1375) User=0.43s Sys=0.00s Real=0.07s
[2024-05-30T12:41:33.105+0000][7632.525s][info][gc,start    ] GC(1376) Pause Young (Normal) (G1 Evacuation Pause)
[2024-05-30T12:41:33.106+0000][7632.525s][info][gc,task     ] GC(1376) Using 6 workers of 6 for evacuation
[2024-05-30T12:41:33.123+0000][7632.543s][info][gc,phases   ] GC(1376)   Pre Evacuate Collection Set: 0.2ms
[2024-05-30T12:41:33.124+0000][7632.543s][info][gc,phases   ] GC(1376)   Merge Heap Roots: 0.2ms
[2024-05-30T12:41:33.124+0000][7632.543s][info][gc,phases   ] GC(1376)   Evacuate Collection Set: 15.5ms
[2024-05-30T12:41:33.124+0000][7632.543s][info][gc,phases   ] GC(1376)   Post Evacuate Collection Set: 2.0ms
[2024-05-30T12:41:33.124+0000][7632.543s][info][gc,phases   ] GC(1376)   Other: 0.2ms
[2024-05-30T12:41:33.124+0000][7632.543s][info][gc,heap     ] GC(1376) Eden regions: 917->0(915)
[2024-05-30T12:41:33.124+0000][7632.543s][info][gc,heap     ] GC(1376) Survivor regions: 4->6(116)
[2024-05-30T12:41:33.124+0000][7632.543s][info][gc,heap     ] GC(1376) Old regions: 231->231
[2024-05-30T12:41:33.124+0000][7632.543s][info][gc,heap     ] GC(1376) Archive regions: 2->2
[2024-05-30T12:41:33.124+0000][7632.543s][info][gc,heap     ] GC(1376) Humongous regions: 5->5
[2024-05-30T12:41:33.124+0000][7632.543s][info][gc,metaspace] GC(1376) Metaspace: 414763K(420800K)->414763K(420800K) NonClass: 362747K(366080K)->362747K(366080K) Class: 52016K(54720K)->52016K(54720K)
[2024-05-30T12:41:33.124+0000][7632.543s][info][gc          ] GC(1376) Pause Young (Normal) (G1 Evacuation Pause) 9251M->1930M(12288M) 18.099ms
[2024-05-30T12:41:33.124+0000][7632.543s][info][gc,cpu      ] GC(1376) User=0.10s Sys=0.00s Real=0.02s
[2024-05-30T12:41:43.394+0000][7642.813s][info][gc,start    ] GC(1377) Pause Young (Normal) (G1 Evacuation Pause)
[2024-05-30T12:41:43.394+0000][7642.813s][info][gc,task     ] GC(1377) Using 6 workers of 6 for evacuation
[2024-05-30T12:41:43.416+0000][7642.835s][info][gc,phases   ] GC(1377)   Pre Evacuate Collection Set: 0.2ms
[2024-05-30T12:41:43.416+0000][7642.835s][info][gc,phases   ] GC(1377)   Merge Heap Roots: 0.3ms
[2024-05-30T12:41:43.416+0000][7642.835s][info][gc,phases   ] GC(1377)   Evacuate Collection Set: 19.4ms
[2024-05-30T12:41:43.416+0000][7642.835s][info][gc,phases   ] GC(1377)   Post Evacuate Collection Set: 1.8ms
[2024-05-30T12:41:43.416+0000][7642.835s][info][gc,phases   ] GC(1377)   Other: 0.2ms
[2024-05-30T12:41:43.416+0000][7642.835s][info][gc,heap     ] GC(1377) Eden regions: 915->0(913)
[2024-05-30T12:41:43.416+0000][7642.835s][info][gc,heap     ] GC(1377) Survivor regions: 6->8(116)
[2024-05-30T12:41:43.416+0000][7642.835s][info][gc,heap     ] GC(1377) Old regions: 231->231
[2024-05-30T12:41:43.416+0000][7642.835s][info][gc,heap     ] GC(1377) Archive regions: 2->2
[2024-05-30T12:41:43.416+0000][7642.835s][info][gc,heap     ] GC(1377) Humongous regions: 5->5
[2024-05-30T12:41:43.416+0000][7642.835s][info][gc,metaspace] GC(1377) Metaspace: 414763K(420800K)->414763K(420800K) NonClass: 362747K(366080K)->362747K(366080K) Class: 52016K(54720K)->52016K(54720K)
[2024-05-30T12:41:43.416+0000][7642.835s][info][gc          ] GC(1377) Pause Young (Normal) (G1 Evacuation Pause) 9250M->1951M(12288M) 21.837ms
[2024-05-30T12:41:43.416+0000][7642.835s][info][gc,cpu      ] GC(1377) User=0.13s Sys=0.00s Real=0.02s
[2024-05-30T12:41:53.373+0000][7652.793s][info][gc,start    ] GC(1378) Pause Young (Concurrent Start) (G1 Humongous Allocation)
[2024-05-30T12:41:53.373+0000][7652.793s][info][gc,task     ] GC(1378) Using 6 workers of 6 for evacuation
[2024-05-30T12:41:53.410+0000][7652.830s][info][gc,phases   ] GC(1378)   Pre Evacuate Collection Set: 0.6ms
[2024-05-30T12:41:53.410+0000][7652.830s][info][gc,phases   ] GC(1378)   Merge Heap Roots: 0.2ms
[2024-05-30T12:41:53.411+0000][7652.830s][info][gc,phases   ] GC(1378)   Evacuate Collection Set: 34.1ms
[2024-05-30T12:41:53.411+0000][7652.830s][info][gc,phases   ] GC(1378)   Post Evacuate Collection Set: 1.9ms
[2024-05-30T12:41:53.411+0000][7652.830s][info][gc,phases   ] GC(1378)   Other: 0.3ms
[2024-05-30T12:41:53.411+0000][7652.830s][info][gc,heap     ] GC(1378) Eden regions: 864->0(906)
[2024-05-30T12:41:53.411+0000][7652.830s][info][gc,heap     ] GC(1378) Survivor regions: 8->15(116)
[2024-05-30T12:41:53.411+0000][7652.830s][info][gc,heap     ] GC(1378) Old regions: 231->231
[2024-05-30T12:41:53.411+0000][7652.830s][info][gc,heap     ] GC(1378) Archive regions: 2->2
[2024-05-30T12:41:53.411+0000][7652.830s][info][gc,heap     ] GC(1378) Humongous regions: 5->5
[2024-05-30T12:41:53.411+0000][7652.830s][info][gc,metaspace] GC(1378) Metaspace: 414781K(420800K)->414781K(420800K) NonClass: 362765K(366080K)->362765K(366080K) Class: 52016K(54720K)->52016K(54720K)
[2024-05-30T12:41:53.411+0000][7652.830s][info][gc          ] GC(1378) Pause Young (Concurrent Start) (G1 Humongous Allocation) 8863M->2001M(12288M) 37.159ms
[2024-05-30T12:41:53.411+0000][7652.830s][info][gc,cpu      ] GC(1378) User=0.21s Sys=0.00s Real=0.04s
[2024-05-30T12:41:53.411+0000][7652.830s][info][gc          ] GC(1379) Concurrent Mark Cycle
[2024-05-30T12:41:53.411+0000][7652.830s][info][gc,marking  ] GC(1379) Concurrent Clear Claimed Marks
[2024-05-30T12:41:53.411+0000][7652.830s][info][gc,marking  ] GC(1379) Concurrent Clear Claimed Marks 0.423ms
[2024-05-30T12:41:53.411+0000][7652.830s][info][gc,marking  ] GC(1379) Concurrent Scan Root Regions
[2024-05-30T12:41:53.470+0000][7652.889s][info][gc,marking  ] GC(1379) Concurrent Scan Root Regions 58.982ms
[2024-05-30T12:41:53.470+0000][7652.889s][info][gc,marking  ] GC(1379) Concurrent Mark
[2024-05-30T12:41:53.470+0000][7652.889s][info][gc,marking  ] GC(1379) Concurrent Mark From Roots
[2024-05-30T12:41:53.470+0000][7652.889s][info][gc,task     ] GC(1379) Using 2 workers of 2 for marking
[2024-05-30T12:41:54.708+0000][7654.127s][info][gc,marking  ] GC(1379) Concurrent Mark From Roots 1237.836ms
[2024-05-30T12:41:54.708+0000][7654.127s][info][gc,marking  ] GC(1379) Concurrent Preclean
[2024-05-30T12:41:54.709+0000][7654.128s][info][gc,marking  ] GC(1379) Concurrent Preclean 0.815ms
[2024-05-30T12:41:54.709+0000][7654.128s][info][gc,start    ] GC(1379) Pause Remark
[2024-05-30T12:41:54.730+0000][7654.149s][info][gc          ] GC(1379) Pause Remark 2841M->2841M(12288M) 20.838ms
[2024-05-30T12:41:54.730+0000][7654.149s][info][gc,cpu      ] GC(1379) User=0.08s Sys=0.00s Real=0.02s
[2024-05-30T12:41:54.730+0000][7654.149s][info][gc,marking  ] GC(1379) Concurrent Mark 1259.889ms
[2024-05-30T12:41:54.730+0000][7654.149s][info][gc,marking  ] GC(1379) Concurrent Rebuild Remembered Sets
[2024-05-30T12:41:55.475+0000][7654.894s][info][gc,marking  ] GC(1379) Concurrent Rebuild Remembered Sets 744.908ms
[2024-05-30T12:41:55.475+0000][7654.894s][info][gc,start    ] GC(1379) Pause Cleanup
[2024-05-30T12:41:55.476+0000][7654.895s][info][gc          ] GC(1379) Pause Cleanup 3349M->3349M(12288M) 0.481ms
[2024-05-30T12:41:55.476+0000][7654.895s][info][gc,cpu      ] GC(1379) User=0.00s Sys=0.00s Real=0.00s
[2024-05-30T12:41:55.476+0000][7654.895s][info][gc,marking  ] GC(1379) Concurrent Cleanup for Next Mark
[2024-05-30T12:41:55.504+0000][7654.923s][info][gc,marking  ] GC(1379) Concurrent Cleanup for Next Mark 28.295ms
[2024-05-30T12:41:55.504+0000][7654.923s][info][gc          ] GC(1379) Concurrent Mark Cycle 2093.416ms
[2024-05-30T12:42:03.939+0000][7663.358s][info][gc,start    ] GC(1380) Pause Young (Prepare Mixed) (G1 Evacuation Pause)
[2024-05-30T12:42:03.939+0000][7663.358s][info][gc,task     ] GC(1380) Using 6 workers of 6 for evacuation
[2024-05-30T12:42:03.985+0000][7663.404s][info][gc,phases   ] GC(1380)   Pre Evacuate Collection Set: 0.2ms
[2024-05-30T12:42:03.985+0000][7663.404s][info][gc,phases   ] GC(1380)   Merge Heap Roots: 0.4ms
[2024-05-30T12:42:03.985+0000][7663.404s][info][gc,phases   ] GC(1380)   Evacuate Collection Set: 43.9ms
[2024-05-30T12:42:03.985+0000][7663.404s][info][gc,phases   ] GC(1380)   Post Evacuate Collection Set: 1.8ms
[2024-05-30T12:42:03.985+0000][7663.404s][info][gc,phases   ] GC(1380)   Other: 0.2ms
[2024-05-30T12:42:03.985+0000][7663.404s][info][gc,heap     ] GC(1380) Eden regions: 906->0(58)
[2024-05-30T12:42:03.985+0000][7663.404s][info][gc,heap     ] GC(1380) Survivor regions: 15->18(116)
[2024-05-30T12:42:03.985+0000][7663.404s][info][gc,heap     ] GC(1380) Old regions: 231->231
[2024-05-30T12:42:03.985+0000][7663.404s][info][gc,heap     ] GC(1380) Archive regions: 2->2
[2024-05-30T12:42:03.985+0000][7663.404s][info][gc,heap     ] GC(1380) Humongous regions: 6->6
[2024-05-30T12:42:03.985+0000][7663.404s][info][gc,metaspace] GC(1380) Metaspace: 414786K(420864K)->414786K(420864K) NonClass: 362769K(366144K)->362769K(366144K) Class: 52016K(54720K)->52016K(54720K)
[2024-05-30T12:42:03.985+0000][7663.404s][info][gc          ] GC(1380) Pause Young (Prepare Mixed) (G1 Evacuation Pause) 9257M->2037M(12288M) 46.519ms
[2024-05-30T12:42:03.985+0000][7663.404s][info][gc,cpu      ] GC(1380) User=0.28s Sys=0.00s Real=0.04s
[2024-05-30T12:42:04.536+0000][7663.956s][info][gc,start    ] GC(1381) Pause Young (Mixed) (G1 Evacuation Pause)
[2024-05-30T12:42:04.537+0000][7663.956s][info][gc,task     ] GC(1381) Using 6 workers of 6 for evacuation
[2024-05-30T12:42:04.591+0000][7664.010s][info][gc,phases   ] GC(1381)   Pre Evacuate Collection Set: 0.2ms
[2024-05-30T12:42:04.591+0000][7664.010s][info][gc,phases   ] GC(1381)   Merge Heap Roots: 0.2ms
[2024-05-30T12:42:04.591+0000][7664.010s][info][gc,phases   ] GC(1381)   Evacuate Collection Set: 52.5ms
[2024-05-30T12:42:04.591+0000][7664.010s][info][gc,phases   ] GC(1381)   Post Evacuate Collection Set: 1.2ms
[2024-05-30T12:42:04.591+0000][7664.010s][info][gc,phases   ] GC(1381)   Other: 0.2ms
[2024-05-30T12:42:04.591+0000][7664.010s][info][gc,heap     ] GC(1381) Eden regions: 58->0(918)
[2024-05-30T12:42:04.591+0000][7664.010s][info][gc,heap     ] GC(1381) Survivor regions: 18->3(10)
[2024-05-30T12:42:04.591+0000][7664.010s][info][gc,heap     ] GC(1381) Old regions: 231->234
[2024-05-30T12:42:04.591+0000][7664.010s][info][gc,heap     ] GC(1381) Archive regions: 2->2
[2024-05-30T12:42:04.591+0000][7664.010s][info][gc,heap     ] GC(1381) Humongous regions: 6->6
[2024-05-30T12:42:04.591+0000][7664.010s][info][gc,metaspace] GC(1381) Metaspace: 414786K(420864K)->414786K(420864K) NonClass: 362769K(366144K)->362769K(366144K) Class: 52016K(54720K)->52016K(54720K)
[2024-05-30T12:42:04.591+0000][7664.010s][info][gc          ] GC(1381) Pause Young (Mixed) (G1 Evacuation Pause) 2501M->1941M(12288M) 54.297ms
[2024-05-30T12:42:04.591+0000][7664.010s][info][gc,cpu      ] GC(1381) User=0.32s Sys=0.00s Real=0.05s
[2024-05-30T12:42:14.843+0000][7674.262s][info][gc,start    ] GC(1382) Pause Young (Normal) (G1 Evacuation Pause)
[2024-05-30T12:42:14.843+0000][7674.262s][info][gc,task     ] GC(1382) Using 6 workers of 6 for evacuation
[2024-05-30T12:42:14.859+0000][7674.279s][info][gc,phases   ] GC(1382)   Pre Evacuate Collection Set: 0.2ms
[2024-05-30T12:42:14.859+0000][7674.279s][info][gc,phases   ] GC(1382)   Merge Heap Roots: 0.2ms
[2024-05-30T12:42:14.859+0000][7674.279s][info][gc,phases   ] GC(1382)   Evacuate Collection Set: 13.6ms
[2024-05-30T12:42:14.859+0000][7674.279s][info][gc,phases   ] GC(1382)   Post Evacuate Collection Set: 2.0ms
[2024-05-30T12:42:14.859+0000][7674.279s][info][gc,phases   ] GC(1382)   Other: 0.2ms
[2024-05-30T12:42:14.859+0000][7674.279s][info][gc,heap     ] GC(1382) Eden regions: 918->0(916)
[2024-05-30T12:42:14.859+0000][7674.279s][info][gc,heap     ] GC(1382) Survivor regions: 3->5(116)
[2024-05-30T12:42:14.859+0000][7674.279s][info][gc,heap     ] GC(1382) Old regions: 234->234
[2024-05-30T12:42:14.859+0000][7674.279s][info][gc,heap     ] GC(1382) Archive regions: 2->2
[2024-05-30T12:42:14.859+0000][7674.279s][info][gc,heap     ] GC(1382) Humongous regions: 6->6
[2024-05-30T12:42:14.859+0000][7674.279s][info][gc,metaspace] GC(1382) Metaspace: 414790K(420864K)->414790K(420864K) NonClass: 362773K(366144K)->362773K(366144K) Class: 52016K(54720K)->52016K(54720K)
[2024-05-30T12:42:14.859+0000][7674.279s][info][gc          ] GC(1382) Pause Young (Normal) (G1 Evacuation Pause) 9285M->1954M(12288M) 16.276ms
[2024-05-30T12:42:14.860+0000][7674.279s][info][gc,cpu      ] GC(1382) User=0.10s Sys=0.00s Real=0.02s
[2024-05-30T12:42:24.967+0000][7684.387s][info][gc,start    ] GC(1383) Pause Young (Normal) (G1 Evacuation Pause)
[2024-05-30T12:42:24.967+0000][7684.387s][info][gc,task     ] GC(1383) Using 6 workers of 6 for evacuation
[2024-05-30T12:42:24.992+0000][7684.411s][info][gc,phases   ] GC(1383)   Pre Evacuate Collection Set: 0.2ms
[2024-05-30T12:42:24.992+0000][7684.411s][info][gc,phases   ] GC(1383)   Merge Heap Roots: 0.2ms
[2024-05-30T12:42:24.992+0000][7684.411s][info][gc,phases   ] GC(1383)   Evacuate Collection Set: 21.6ms
[2024-05-30T12:42:24.992+0000][7684.411s][info][gc,phases   ] GC(1383)   Post Evacuate Collection Set: 2.0ms
[2024-05-30T12:42:24.992+0000][7684.411s][info][gc,phases   ] GC(1383)   Other: 0.2ms
[2024-05-30T12:42:24.992+0000][7684.411s][info][gc,heap     ] GC(1383) Eden regions: 916->0(912)
[2024-05-30T12:42:24.992+0000][7684.411s][info][gc,heap     ] GC(1383) Survivor regions: 5->9(116)
[2024-05-30T12:42:24.992+0000][7684.411s][info][gc,heap     ] GC(1383) Old regions: 234->234
[2024-05-30T12:42:24.992+0000][7684.411s][info][gc,heap     ] GC(1383) Archive regions: 2->2
[2024-05-30T12:42:24.992+0000][7684.411s][info][gc,heap     ] GC(1383) Humongous regions: 6->6
[2024-05-30T12:42:24.992+0000][7684.411s][info][gc,metaspace] GC(1383) Metaspace: 414799K(420864K)->414799K(420864K) NonClass: 362782K(366144K)->362782K(366144K) Class: 52017K(54720K)->52017K(54720K)
[2024-05-30T12:42:24.992+0000][7684.411s][info][gc          ] GC(1383) Pause Young (Normal) (G1 Evacuation Pause) 9282M->1988M(12288M) 24.231ms
[2024-05-30T12:42:24.992+0000][7684.411s][info][gc,cpu      ] GC(1383) User=0.14s Sys=0.00s Real=0.03s
[2024-05-30T12:42:35.117+0000][7694.536s][info][gc,start    ] GC(1384) Pause Young (Concurrent Start) (G1 Evacuation Pause)
[2024-05-30T12:42:35.117+0000][7694.536s][info][gc,task     ] GC(1384) Using 6 workers of 6 for evacuation
[2024-05-30T12:42:35.146+0000][7694.566s][info][gc,phases   ] GC(1384)   Pre Evacuate Collection Set: 0.6ms
[2024-05-30T12:42:35.146+0000][7694.566s][info][gc,phases   ] GC(1384)   Merge Heap Roots: 0.2ms
[2024-05-30T12:42:35.146+0000][7694.566s][info][gc,phases   ] GC(1384)   Evacuate Collection Set: 26.8ms
[2024-05-30T12:42:35.146+0000][7694.566s][info][gc,phases   ] GC(1384)   Post Evacuate Collection Set: 1.8ms
[2024-05-30T12:42:35.146+0000][7694.566s][info][gc,phases   ] GC(1384)   Other: 0.3ms
[2024-05-30T12:42:35.146+0000][7694.566s][info][gc,heap     ] GC(1384) Eden regions: 912->0(909)
[2024-05-30T12:42:35.146+0000][7694.566s][info][gc,heap     ] GC(1384) Survivor regions: 9->12(116)
[2024-05-30T12:42:35.146+0000][7694.566s][info][gc,heap     ] GC(1384) Old regions: 234->234
[2024-05-30T12:42:35.146+0000][7694.566s][info][gc,heap     ] GC(1384) Archive regions: 2->2
[2024-05-30T12:42:35.146+0000][7694.566s][info][gc,heap     ] GC(1384) Humongous regions: 6->6
[2024-05-30T12:42:35.146+0000][7694.566s][info][gc,metaspace] GC(1384) Metaspace: 414805K(420864K)->414805K(420864K) NonClass: 362788K(366144K)->362788K(366144K) Class: 52017K(54720K)->52017K(54720K)
[2024-05-30T12:42:35.147+0000][7694.566s][info][gc          ] GC(1384) Pause Young (Concurrent Start) (G1 Evacuation Pause) 9284M->2012M(12288M) 29.690ms
[2024-05-30T12:42:35.147+0000][7694.566s][info][gc,cpu      ] GC(1384) User=0.17s Sys=0.00s Real=0.02s
[2024-05-30T12:42:35.147+0000][7694.566s][info][gc          ] GC(1385) Concurrent Mark Cycle
[2024-05-30T12:42:35.147+0000][7694.566s][info][gc,marking  ] GC(1385) Concurrent Clear Claimed Marks
[2024-05-30T12:42:35.147+0000][7694.566s][info][gc,marking  ] GC(1385) Concurrent Clear Claimed Marks 0.393ms
[2024-05-30T12:42:35.147+0000][7694.566s][info][gc,marking  ] GC(1385) Concurrent Scan Root Regions
[2024-05-30T12:42:35.170+0000][7694.589s][info][gc,marking  ] GC(1385) Concurrent Scan Root Regions 22.556ms
[2024-05-30T12:42:35.170+0000][7694.589s][info][gc,marking  ] GC(1385) Concurrent Mark
[2024-05-30T12:42:35.170+0000][7694.589s][info][gc,marking  ] GC(1385) Concurrent Mark From Roots
[2024-05-30T12:42:35.170+0000][7694.589s][info][gc,task     ] GC(1385) Using 2 workers of 2 for marking
[2024-05-30T12:42:36.477+0000][7695.896s][info][gc,marking  ] GC(1385) Concurrent Mark From Roots 1306.853ms
[2024-05-30T12:42:36.477+0000][7695.896s][info][gc,marking  ] GC(1385) Concurrent Preclean
[2024-05-30T12:42:36.478+0000][7695.897s][info][gc,marking  ] GC(1385) Concurrent Preclean 0.991ms
[2024-05-30T12:42:36.478+0000][7695.897s][info][gc,start    ] GC(1385) Pause Remark
[2024-05-30T12:42:36.499+0000][7695.918s][info][gc          ] GC(1385) Pause Remark 2905M->2896M(12288M) 21.284ms
[2024-05-30T12:42:36.499+0000][7695.918s][info][gc,cpu      ] GC(1385) User=0.09s Sys=0.00s Real=0.02s
[2024-05-30T12:42:36.499+0000][7695.918s][info][gc,marking  ] GC(1385) Concurrent Mark 1329.567ms
[2024-05-30T12:42:36.499+0000][7695.918s][info][gc,marking  ] GC(1385) Concurrent Rebuild Remembered Sets
[2024-05-30T12:42:37.288+0000][7696.707s][info][gc,marking  ] GC(1385) Concurrent Rebuild Remembered Sets 788.717ms
[2024-05-30T12:42:37.288+0000][7696.707s][info][gc,start    ] GC(1385) Pause Cleanup
[2024-05-30T12:42:37.289+0000][7696.708s][info][gc          ] GC(1385) Pause Cleanup 3436M->3436M(12288M) 0.570ms
[2024-05-30T12:42:37.289+0000][7696.708s][info][gc,cpu      ] GC(1385) User=0.00s Sys=0.00s Real=0.01s
[2024-05-30T12:42:37.289+0000][7696.708s][info][gc,marking  ] GC(1385) Concurrent Cleanup for Next Mark
[2024-05-30T12:42:37.306+0000][7696.725s][info][gc,marking  ] GC(1385) Concurrent Cleanup for Next Mark 16.799ms
[2024-05-30T12:42:37.306+0000][7696.725s][info][gc          ] GC(1385) Concurrent Mark Cycle 2159.128ms
[2024-05-30T12:42:45.470+0000][7704.889s][info][gc,start    ] GC(1386) Pause Young (Prepare Mixed) (G1 Evacuation Pause)
[2024-05-30T12:42:45.470+0000][7704.889s][info][gc,task     ] GC(1386) Using 6 workers of 6 for evacuation
[2024-05-30T12:42:45.505+0000][7704.924s][info][gc,phases   ] GC(1386)   Pre Evacuate Collection Set: 0.2ms
[2024-05-30T12:42:45.505+0000][7704.924s][info][gc,phases   ] GC(1386)   Merge Heap Roots: 0.3ms
[2024-05-30T12:42:45.505+0000][7704.924s][info][gc,phases   ] GC(1386)   Evacuate Collection Set: 32.2ms
[2024-05-30T12:42:45.505+0000][7704.924s][info][gc,phases   ] GC(1386)   Post Evacuate Collection Set: 1.8ms
[2024-05-30T12:42:45.505+0000][7704.924s][info][gc,phases   ] GC(1386)   Other: 0.2ms
[2024-05-30T12:42:45.505+0000][7704.924s][info][gc,heap     ] GC(1386) Eden regions: 909->0(60)
[2024-05-30T12:42:45.505+0000][7704.924s][info][gc,heap     ] GC(1386) Survivor regions: 12->16(116)
[2024-05-30T12:42:45.505+0000][7704.924s][info][gc,heap     ] GC(1386) Old regions: 233->233
[2024-05-30T12:42:45.505+0000][7704.924s][info][gc,heap     ] GC(1386) Archive regions: 2->2
[2024-05-30T12:42:45.505+0000][7704.924s][info][gc,heap     ] GC(1386) Humongous regions: 5->5
[2024-05-30T12:42:45.505+0000][7704.924s][info][gc,metaspace] GC(1386) Metaspace: 414810K(420864K)->414810K(420864K) NonClass: 362793K(366144K)->362793K(366144K) Class: 52017K(54720K)->52017K(54720K)
[2024-05-30T12:42:45.505+0000][7704.924s][info][gc          ] GC(1386) Pause Young (Prepare Mixed) (G1 Evacuation Pause) 9276M->2031M(12288M) 34.726ms
[2024-05-30T12:42:45.505+0000][7704.924s][info][gc,cpu      ] GC(1386) User=0.21s Sys=0.00s Real=0.03s
[2024-05-30T12:42:46.196+0000][7705.615s][info][gc,start    ] GC(1387) Pause Young (Mixed) (G1 Evacuation Pause)
[2024-05-30T12:42:46.196+0000][7705.615s][info][gc,task     ] GC(1387) Using 6 workers of 6 for evacuation
[2024-05-30T12:42:46.246+0000][7705.665s][info][gc,phases   ] GC(1387)   Pre Evacuate Collection Set: 0.2ms
[2024-05-30T12:42:46.246+0000][7705.666s][info][gc,phases   ] GC(1387)   Merge Heap Roots: 0.3ms
[2024-05-30T12:42:46.246+0000][7705.666s][info][gc,phases   ] GC(1387)   Evacuate Collection Set: 48.5ms
[2024-05-30T12:42:46.246+0000][7705.666s][info][gc,phases   ] GC(1387)   Post Evacuate Collection Set: 1.2ms
[2024-05-30T12:42:46.246+0000][7705.666s][info][gc,phases   ] GC(1387)   Other: 0.2ms
[2024-05-30T12:42:46.246+0000][7705.666s][info][gc,heap     ] GC(1387) Eden regions: 60->0(915)
[2024-05-30T12:42:46.246+0000][7705.666s][info][gc,heap     ] GC(1387) Survivor regions: 16->6(10)
[2024-05-30T12:42:46.246+0000][7705.666s][info][gc,heap     ] GC(1387) Old regions: 233->230
[2024-05-30T12:42:46.246+0000][7705.666s][info][gc,heap     ] GC(1387) Archive regions: 2->2
[2024-05-30T12:42:46.246+0000][7705.666s][info][gc,heap     ] GC(1387) Humongous regions: 5->5
[2024-05-30T12:42:46.246+0000][7705.666s][info][gc,metaspace] GC(1387) Metaspace: 414810K(420864K)->414810K(420864K) NonClass: 362793K(366144K)->362793K(366144K) Class: 52017K(54720K)->52017K(54720K)
[2024-05-30T12:42:46.246+0000][7705.666s][info][gc          ] GC(1387) Pause Young (Mixed) (G1 Evacuation Pause) 2511M->1929M(12288M) 50.349ms
[2024-05-30T12:42:46.246+0000][7705.666s][info][gc,cpu      ] GC(1387) User=0.29s Sys=0.01s Real=0.05s
[2024-05-30T12:42:56.165+0000][7715.584s][info][gc,start    ] GC(1388) Pause Young (Normal) (G1 Evacuation Pause)
[2024-05-30T12:42:56.165+0000][7715.584s][info][gc,task     ] GC(1388) Using 6 workers of 6 for evacuation
[2024-05-30T12:42:56.187+0000][7715.607s][info][gc,phases   ] GC(1388)   Pre Evacuate Collection Set: 0.2ms
[2024-05-30T12:42:56.187+0000][7715.607s][info][gc,phases   ] GC(1388)   Merge Heap Roots: 0.2ms
[2024-05-30T12:42:56.187+0000][7715.607s][info][gc,phases   ] GC(1388)   Evacuate Collection Set: 20.0ms
[2024-05-30T12:42:56.187+0000][7715.607s][info][gc,phases   ] GC(1388)   Post Evacuate Collection Set: 2.0ms
[2024-05-30T12:42:56.187+0000][7715.607s][info][gc,phases   ] GC(1388)   Other: 0.2ms
[2024-05-30T12:42:56.187+0000][7715.607s][info][gc,heap     ] GC(1388) Eden regions: 915->0(912)
[2024-05-30T12:42:56.187+0000][7715.607s][info][gc,heap     ] GC(1388) Survivor regions: 6->9(116)
[2024-05-30T12:42:56.187+0000][7715.607s][info][gc,heap     ] GC(1388) Old regions: 230->230
[2024-05-30T12:42:56.187+0000][7715.607s][info][gc,heap     ] GC(1388) Archive regions: 2->2
[2024-05-30T12:42:56.187+0000][7715.607s][info][gc,heap     ] GC(1388) Humongous regions: 5->5
[2024-05-30T12:42:56.187+0000][7715.607s][info][gc,metaspace] GC(1388) Metaspace: 414833K(420864K)->414833K(420864K) NonClass: 362815K(366144K)->362815K(366144K) Class: 52017K(54720K)->52017K(54720K)
[2024-05-30T12:42:56.187+0000][7715.607s][info][gc          ] GC(1388) Pause Young (Normal) (G1 Evacuation Pause) 9249M->1954M(12288M) 22.625ms
[2024-05-30T12:42:56.188+0000][7715.607s][info][gc,cpu      ] GC(1388) User=0.13s Sys=0.00s Real=0.02s
[2024-05-30T12:43:06.219+0000][7725.638s][info][gc,start    ] GC(1389) Pause Young (Normal) (G1 Evacuation Pause)
[2024-05-30T12:43:06.219+0000][7725.638s][info][gc,task     ] GC(1389) Using 6 workers of 6 for evacuation
[2024-05-30T12:43:06.248+0000][7725.667s][info][gc,phases   ] GC(1389)   Pre Evacuate Collection Set: 0.2ms
[2024-05-30T12:43:06.248+0000][7725.667s][info][gc,phases   ] GC(1389)   Merge Heap Roots: 0.3ms
[2024-05-30T12:43:06.248+0000][7725.667s][info][gc,phases   ] GC(1389)   Evacuate Collection Set: 26.5ms
[2024-05-30T12:43:06.248+0000][7725.667s][info][gc,phases   ] GC(1389)   Post Evacuate Collection Set: 1.7ms
[2024-05-30T12:43:06.248+0000][7725.667s][info][gc,phases   ] GC(1389)   Other: 0.2ms
[2024-05-30T12:43:06.248+0000][7725.667s][info][gc,heap     ] GC(1389) Eden regions: 912->0(910)
[2024-05-30T12:43:06.248+0000][7725.667s][info][gc,heap     ] GC(1389) Survivor regions: 9->11(116)
[2024-05-30T12:43:06.248+0000][7725.667s][info][gc,heap     ] GC(1389) Old regions: 230->230
[2024-05-30T12:43:06.248+0000][7725.667s][info][gc,heap     ] GC(1389) Archive regions: 2->2
[2024-05-30T12:43:06.248+0000][7725.667s][info][gc,heap     ] GC(1389) Humongous regions: 5->5
[2024-05-30T12:43:06.248+0000][7725.667s][info][gc,metaspace] GC(1389) Metaspace: 414833K(420864K)->414833K(420864K) NonClass: 362816K(366144K)->362816K(366144K) Class: 52017K(54720K)->52017K(54720K)
[2024-05-30T12:43:06.248+0000][7725.667s][info][gc          ] GC(1389) Pause Young (Normal) (G1 Evacuation Pause) 9250M->1966M(12288M) 28.945ms
[2024-05-30T12:43:06.248+0000][7725.667s][info][gc,cpu      ] GC(1389) User=0.17s Sys=0.00s Real=0.02s
[2024-05-30T12:43:15.175+0000][7734.595s][info][gc,start    ] GC(1390) Pause Young (Concurrent Start) (G1 Evacuation Pause)
[2024-05-30T12:43:15.175+0000][7734.595s][info][gc,task     ] GC(1390) Using 6 workers of 6 for evacuation
[2024-05-30T12:43:15.220+0000][7734.639s][info][gc,phases   ] GC(1390)   Pre Evacuate Collection Set: 0.6ms
[2024-05-30T12:43:15.220+0000][7734.639s][info][gc,phases   ] GC(1390)   Merge Heap Roots: 0.3ms
[2024-05-30T12:43:15.220+0000][7734.639s][info][gc,phases   ] GC(1390)   Evacuate Collection Set: 38.7ms
[2024-05-30T12:43:15.220+0000][7734.639s][info][gc,phases   ] GC(1390)   Post Evacuate Collection Set: 4.4ms
[2024-05-30T12:43:15.220+0000][7734.639s][info][gc,phases   ] GC(1390)   Other: 0.3ms
[2024-05-30T12:43:15.220+0000][7734.639s][info][gc,heap     ] GC(1390) Eden regions: 910->0(906)
[2024-05-30T12:43:15.220+0000][7734.639s][info][gc,heap     ] GC(1390) Survivor regions: 11->15(116)
[2024-05-30T12:43:15.220+0000][7734.639s][info][gc,heap     ] GC(1390) Old regions: 230->230
[2024-05-30T12:43:15.220+0000][7734.639s][info][gc,heap     ] GC(1390) Archive regions: 2->2
[2024-05-30T12:43:15.220+0000][7734.639s][info][gc,heap     ] GC(1390) Humongous regions: 5->5
[2024-05-30T12:43:15.220+0000][7734.639s][info][gc,metaspace] GC(1390) Metaspace: 414838K(420864K)->414838K(420864K) NonClass: 362821K(366144K)->362821K(366144K) Class: 52017K(54720K)->52017K(54720K)
[2024-05-30T12:43:15.220+0000][7734.639s][info][gc          ] GC(1390) Pause Young (Concurrent Start) (G1 Evacuation Pause) 9246M->1999M(12288M) 44.249ms
[2024-05-30T12:43:15.220+0000][7734.639s][info][gc,cpu      ] GC(1390) User=0.26s Sys=0.00s Real=0.05s
[2024-05-30T12:43:15.220+0000][7734.639s][info][gc          ] GC(1391) Concurrent Mark Cycle
[2024-05-30T12:43:15.220+0000][7734.639s][info][gc,marking  ] GC(1391) Concurrent Clear Claimed Marks
[2024-05-30T12:43:15.220+0000][7734.639s][info][gc,marking  ] GC(1391) Concurrent Clear Claimed Marks 0.409ms
[2024-05-30T12:43:15.220+0000][7734.639s][info][gc,marking  ] GC(1391) Concurrent Scan Root Regions
[2024-05-30T12:43:15.260+0000][7734.679s][info][gc,marking  ] GC(1391) Concurrent Scan Root Regions 39.353ms
[2024-05-30T12:43:15.260+0000][7734.679s][info][gc,marking  ] GC(1391) Concurrent Mark
[2024-05-30T12:43:15.260+0000][7734.679s][info][gc,marking  ] GC(1391) Concurrent Mark From Roots
[2024-05-30T12:43:15.260+0000][7734.679s][info][gc,task     ] GC(1391) Using 2 workers of 2 for marking
[2024-05-30T12:43:16.580+0000][7735.999s][info][gc,marking  ] GC(1391) Concurrent Mark From Roots 1320.135ms
[2024-05-30T12:43:16.580+0000][7735.999s][info][gc,marking  ] GC(1391) Concurrent Preclean
[2024-05-30T12:43:16.581+0000][7736.000s][info][gc,marking  ] GC(1391) Concurrent Preclean 1.230ms
[2024-05-30T12:43:16.581+0000][7736.000s][info][gc,start    ] GC(1391) Pause Remark
[2024-05-30T12:43:16.604+0000][7736.023s][info][gc          ] GC(1391) Pause Remark 4979M->4979M(12288M) 22.520ms
[2024-05-30T12:43:16.604+0000][7736.023s][info][gc,cpu      ] GC(1391) User=0.09s Sys=0.00s Real=0.02s
[2024-05-30T12:43:16.604+0000][7736.023s][info][gc,marking  ] GC(1391) Concurrent Mark 1344.407ms
[2024-05-30T12:43:16.604+0000][7736.023s][info][gc,marking  ] GC(1391) Concurrent Rebuild Remembered Sets
[2024-05-30T12:43:17.359+0000][7736.778s][info][gc,marking  ] GC(1391) Concurrent Rebuild Remembered Sets 754.840ms
[2024-05-30T12:43:17.359+0000][7736.778s][info][gc,start    ] GC(1391) Pause Cleanup
[2024-05-30T12:43:17.360+0000][7736.779s][info][gc          ] GC(1391) Pause Cleanup 6763M->6763M(12288M) 0.510ms
[2024-05-30T12:43:17.360+0000][7736.779s][info][gc,cpu      ] GC(1391) User=0.00s Sys=0.00s Real=0.00s
[2024-05-30T12:43:17.360+0000][7736.779s][info][gc,marking  ] GC(1391) Concurrent Cleanup for Next Mark
[2024-05-30T12:43:17.377+0000][7736.796s][info][gc,marking  ] GC(1391) Concurrent Cleanup for Next Mark 17.150ms
[2024-05-30T12:43:17.377+0000][7736.796s][info][gc          ] GC(1391) Concurrent Mark Cycle 2157.146ms
[2024-05-30T12:43:18.312+0000][7737.731s][info][gc,start    ] GC(1392) Pause Young (Prepare Mixed) (G1 Evacuation Pause)
[2024-05-30T12:43:18.312+0000][7737.731s][info][gc,task     ] GC(1392) Using 6 workers of 6 for evacuation
[2024-05-30T12:43:18.440+0000][7737.859s][info][gc,phases   ] GC(1392)   Pre Evacuate Collection Set: 0.2ms
[2024-05-30T12:43:18.440+0000][7737.859s][info][gc,phases   ] GC(1392)   Merge Heap Roots: 0.3ms
[2024-05-30T12:43:18.440+0000][7737.859s][info][gc,phases   ] GC(1392)   Evacuate Collection Set: 100.5ms
[2024-05-30T12:43:18.440+0000][7737.859s][info][gc,phases   ] GC(1392)   Post Evacuate Collection Set: 26.6ms
[2024-05-30T12:43:18.440+0000][7737.859s][info][gc,phases   ] GC(1392)   Other: 0.2ms
[2024-05-30T12:43:18.440+0000][7737.859s][info][gc,heap     ] GC(1392) Eden regions: 906->0(54)
[2024-05-30T12:43:18.440+0000][7737.859s][info][gc,heap     ] GC(1392) Survivor regions: 15->22(116)
[2024-05-30T12:43:18.440+0000][7737.859s][info][gc,heap     ] GC(1392) Old regions: 230->230
[2024-05-30T12:43:18.440+0000][7737.859s][info][gc,heap     ] GC(1392) Archive regions: 2->2
[2024-05-30T12:43:18.440+0000][7737.859s][info][gc,heap     ] GC(1392) Humongous regions: 6->6
[2024-05-30T12:43:18.440+0000][7737.859s][info][gc,metaspace] GC(1392) Metaspace: 414839K(420864K)->414839K(420864K) NonClass: 362821K(366144K)->362821K(366144K) Class: 52017K(54720K)->52017K(54720K)
[2024-05-30T12:43:18.440+0000][7737.859s][info][gc          ] GC(1392) Pause Young (Prepare Mixed) (G1 Evacuation Pause) 9255M->2061M(12288M) 127.872ms
[2024-05-30T12:43:18.440+0000][7737.859s][info][gc,cpu      ] GC(1392) User=0.74s Sys=0.00s Real=0.13s
[2024-05-30T12:43:18.668+0000][7738.088s][info][gc,start    ] GC(1393) Pause Young (Mixed) (G1 Evacuation Pause)
[2024-05-30T12:43:18.668+0000][7738.088s][info][gc,task     ] GC(1393) Using 6 workers of 6 for evacuation
[2024-05-30T12:43:18.736+0000][7738.155s][info][gc,phases   ] GC(1393)   Pre Evacuate Collection Set: 0.2ms
[2024-05-30T12:43:18.736+0000][7738.155s][info][gc,phases   ] GC(1393)   Merge Heap Roots: 0.2ms
[2024-05-30T12:43:18.736+0000][7738.155s][info][gc,phases   ] GC(1393)   Evacuate Collection Set: 63.2ms
[2024-05-30T12:43:18.736+0000][7738.155s][info][gc,phases   ] GC(1393)   Post Evacuate Collection Set: 3.7ms
[2024-05-30T12:43:18.736+0000][7738.155s][info][gc,phases   ] GC(1393)   Other: 0.2ms
[2024-05-30T12:43:18.736+0000][7738.155s][info][gc,heap     ] GC(1393) Eden regions: 54->0(917)
[2024-05-30T12:43:18.736+0000][7738.155s][info][gc,heap     ] GC(1393) Survivor regions: 22->4(10)
[2024-05-30T12:43:18.736+0000][7738.155s][info][gc,heap     ] GC(1393) Old regions: 230->235
[2024-05-30T12:43:18.736+0000][7738.155s][info][gc,heap     ] GC(1393) Archive regions: 2->2
[2024-05-30T12:43:18.736+0000][7738.155s][info][gc,heap     ] GC(1393) Humongous regions: 6->6
[2024-05-30T12:43:18.736+0000][7738.155s][info][gc,metaspace] GC(1393) Metaspace: 414839K(420864K)->414839K(420864K) NonClass: 362821K(366144K)->362821K(366144K) Class: 52017K(54720K)->52017K(54720K)
[2024-05-30T12:43:18.736+0000][7738.155s][info][gc          ] GC(1393) Pause Young (Mixed) (G1 Evacuation Pause) 2493M->1955M(12288M) 67.634ms
[2024-05-30T12:43:18.736+0000][7738.155s][info][gc,cpu      ] GC(1393) User=0.40s Sys=0.00s Real=0.06s
[2024-05-30T12:43:21.490+0000][7740.909s][info][gc,start    ] GC(1394) Pause Young (Normal) (G1 Evacuation Pause)
[2024-05-30T12:43:21.490+0000][7740.909s][info][gc,task     ] GC(1394) Using 6 workers of 6 for evacuation
[2024-05-30T12:43:21.565+0000][7740.985s][info][gc,phases   ] GC(1394)   Pre Evacuate Collection Set: 0.2ms
[2024-05-30T12:43:21.565+0000][7740.985s][info][gc,phases   ] GC(1394)   Merge Heap Roots: 0.4ms
[2024-05-30T12:43:21.565+0000][7740.985s][info][gc,phases   ] GC(1394)   Evacuate Collection Set: 57.8ms
[2024-05-30T12:43:21.565+0000][7740.985s][info][gc,phases   ] GC(1394)   Post Evacuate Collection Set: 16.7ms
[2024-05-30T12:43:21.565+0000][7740.985s][info][gc,phases   ] GC(1394)   Other: 0.2ms
[2024-05-30T12:43:21.565+0000][7740.985s][info][gc,heap     ] GC(1394) Eden regions: 917->0(914)
[2024-05-30T12:43:21.565+0000][7740.985s][info][gc,heap     ] GC(1394) Survivor regions: 4->7(116)
[2024-05-30T12:43:21.565+0000][7740.985s][info][gc,heap     ] GC(1394) Old regions: 235->235
[2024-05-30T12:43:21.565+0000][7740.985s][info][gc,heap     ] GC(1394) Archive regions: 2->2
[2024-05-30T12:43:21.565+0000][7740.985s][info][gc,heap     ] GC(1394) Humongous regions: 6->6
[2024-05-30T12:43:21.565+0000][7740.985s][info][gc,metaspace] GC(1394) Metaspace: 414839K(420864K)->414839K(420864K) NonClass: 362822K(366144K)->362822K(366144K) Class: 52017K(54720K)->52017K(54720K)
[2024-05-30T12:43:21.565+0000][7740.985s][info][gc          ] GC(1394) Pause Young (Normal) (G1 Evacuation Pause) 9291M->1982M(12288M) 75.394ms
[2024-05-30T12:43:21.565+0000][7740.985s][info][gc,cpu      ] GC(1394) User=0.44s Sys=0.00s Real=0.07s
[2024-05-30T12:43:24.391+0000][7743.810s][info][gc,start    ] GC(1395) Pause Young (Normal) (G1 Evacuation Pause)
[2024-05-30T12:43:24.391+0000][7743.810s][info][gc,task     ] GC(1395) Using 6 workers of 6 for evacuation
[2024-05-30T12:43:24.475+0000][7743.895s][info][gc,phases   ] GC(1395)   Pre Evacuate Collection Set: 0.2ms
[2024-05-30T12:43:24.475+0000][7743.895s][info][gc,phases   ] GC(1395)   Merge Heap Roots: 0.4ms
[2024-05-30T12:43:24.475+0000][7743.895s][info][gc,phases   ] GC(1395)   Evacuate Collection Set: 67.9ms
[2024-05-30T12:43:24.475+0000][7743.895s][info][gc,phases   ] GC(1395)   Post Evacuate Collection Set: 15.6ms
[2024-05-30T12:43:24.475+0000][7743.895s][info][gc,phases   ] GC(1395)   Other: 0.2ms
[2024-05-30T12:43:24.475+0000][7743.895s][info][gc,heap     ] GC(1395) Eden regions: 914->0(908)
[2024-05-30T12:43:24.476+0000][7743.895s][info][gc,heap     ] GC(1395) Survivor regions: 7->13(116)
[2024-05-30T12:43:24.476+0000][7743.895s][info][gc,heap     ] GC(1395) Old regions: 235->235
[2024-05-30T12:43:24.476+0000][7743.895s][info][gc,heap     ] GC(1395) Archive regions: 2->2
[2024-05-30T12:43:24.476+0000][7743.895s][info][gc,heap     ] GC(1395) Humongous regions: 6->6
[2024-05-30T12:43:24.476+0000][7743.895s][info][gc,metaspace] GC(1395) Metaspace: 414852K(420864K)->414852K(420864K) NonClass: 362834K(366144K)->362834K(366144K) Class: 52017K(54720K)->52017K(54720K)
[2024-05-30T12:43:24.476+0000][7743.895s][info][gc          ] GC(1395) Pause Young (Normal) (G1 Evacuation Pause) 9294M->2025M(12288M) 84.422ms
[2024-05-30T12:43:24.476+0000][7743.895s][info][gc,cpu      ] GC(1395) User=0.49s Sys=0.00s Real=0.08s
[2024-05-30T12:43:27.413+0000][7746.833s][info][gc,start    ] GC(1396) Pause Young (Concurrent Start) (G1 Evacuation Pause)
[2024-05-30T12:43:27.413+0000][7746.833s][info][gc,task     ] GC(1396) Using 6 workers of 6 for evacuation
[2024-05-30T12:43:27.528+0000][7746.947s][info][gc,phases   ] GC(1396)   Pre Evacuate Collection Set: 0.5ms
[2024-05-30T12:43:27.528+0000][7746.947s][info][gc,phases   ] GC(1396)   Merge Heap Roots: 0.4ms
[2024-05-30T12:43:27.528+0000][7746.947s][info][gc,phases   ] GC(1396)   Evacuate Collection Set: 92.0ms
[2024-05-30T12:43:27.528+0000][7746.947s][info][gc,phases   ] GC(1396)   Post Evacuate Collection Set: 21.1ms
[2024-05-30T12:43:27.528+0000][7746.947s][info][gc,phases   ] GC(1396)   Other: 0.3ms
[2024-05-30T12:43:27.528+0000][7746.947s][info][gc,heap     ] GC(1396) Eden regions: 908->0(903)
[2024-05-30T12:43:27.528+0000][7746.947s][info][gc,heap     ] GC(1396) Survivor regions: 13->18(116)
[2024-05-30T12:43:27.528+0000][7746.947s][info][gc,heap     ] GC(1396) Old regions: 235->235
[2024-05-30T12:43:27.528+0000][7746.947s][info][gc,heap     ] GC(1396) Archive regions: 2->2
[2024-05-30T12:43:27.528+0000][7746.947s][info][gc,heap     ] GC(1396) Humongous regions: 6->6
[2024-05-30T12:43:27.528+0000][7746.947s][info][gc,metaspace] GC(1396) Metaspace: 414852K(420864K)->414852K(420864K) NonClass: 362834K(366144K)->362834K(366144K) Class: 52017K(54720K)->52017K(54720K)
[2024-05-30T12:43:27.528+0000][7746.947s][info][gc          ] GC(1396) Pause Young (Concurrent Start) (G1 Evacuation Pause) 9289M->2069M(12288M) 114.415ms
[2024-05-30T12:43:27.528+0000][7746.947s][info][gc,cpu      ] GC(1396) User=0.66s Sys=0.00s Real=0.11s
[2024-05-30T12:43:27.528+0000][7746.947s][info][gc          ] GC(1397) Concurrent Mark Cycle
[2024-05-30T12:43:27.528+0000][7746.947s][info][gc,marking  ] GC(1397) Concurrent Clear Claimed Marks
[2024-05-30T12:43:27.528+0000][7746.948s][info][gc,marking  ] GC(1397) Concurrent Clear Claimed Marks 0.433ms
[2024-05-30T12:43:27.528+0000][7746.948s][info][gc,marking  ] GC(1397) Concurrent Scan Root Regions
[2024-05-30T12:43:27.580+0000][7746.999s][info][gc,marking  ] GC(1397) Concurrent Scan Root Regions 51.210ms
[2024-05-30T12:43:27.580+0000][7746.999s][info][gc,marking  ] GC(1397) Concurrent Mark
[2024-05-30T12:43:27.580+0000][7746.999s][info][gc,marking  ] GC(1397) Concurrent Mark From Roots
[2024-05-30T12:43:27.580+0000][7746.999s][info][gc,task     ] GC(1397) Using 2 workers of 2 for marking
[2024-05-30T12:43:28.831+0000][7748.250s][info][gc,marking  ] GC(1397) Concurrent Mark From Roots 1251.383ms
[2024-05-30T12:43:28.831+0000][7748.250s][info][gc,marking  ] GC(1397) Concurrent Preclean
[2024-05-30T12:43:28.832+0000][7748.251s][info][gc,marking  ] GC(1397) Concurrent Preclean 0.970ms
[2024-05-30T12:43:28.832+0000][7748.252s][info][gc,start    ] GC(1397) Pause Remark
[2024-05-30T12:43:28.853+0000][7748.273s][info][gc          ] GC(1397) Pause Remark 4733M->4733M(12288M) 21.183ms
[2024-05-30T12:43:28.854+0000][7748.273s][info][gc,cpu      ] GC(1397) User=0.09s Sys=0.00s Real=0.02s
[2024-05-30T12:43:28.854+0000][7748.273s][info][gc,marking  ] GC(1397) Concurrent Mark 1273.965ms
[2024-05-30T12:43:28.854+0000][7748.273s][info][gc,marking  ] GC(1397) Concurrent Rebuild Remembered Sets
[2024-05-30T12:43:29.569+0000][7748.989s][info][gc,marking  ] GC(1397) Concurrent Rebuild Remembered Sets 715.686ms
[2024-05-30T12:43:29.570+0000][7748.989s][info][gc,start    ] GC(1397) Pause Cleanup
[2024-05-30T12:43:29.570+0000][7748.989s][info][gc          ] GC(1397) Pause Cleanup 6529M->6529M(12288M) 0.513ms
[2024-05-30T12:43:29.570+0000][7748.989s][info][gc,cpu      ] GC(1397) User=0.00s Sys=0.00s Real=0.00s
[2024-05-30T12:43:29.570+0000][7748.989s][info][gc,marking  ] GC(1397) Concurrent Cleanup for Next Mark
[2024-05-30T12:43:29.587+0000][7749.007s][info][gc,marking  ] GC(1397) Concurrent Cleanup for Next Mark 17.198ms
[2024-05-30T12:43:29.587+0000][7749.007s][info][gc          ] GC(1397) Concurrent Mark Cycle 2059.477ms
[2024-05-30T12:43:30.598+0000][7750.018s][info][gc,start    ] GC(1398) Pause Young (Prepare Mixed) (G1 Evacuation Pause)
[2024-05-30T12:43:30.598+0000][7750.018s][info][gc,task     ] GC(1398) Using 6 workers of 6 for evacuation
[2024-05-30T12:43:30.732+0000][7750.151s][info][gc,phases   ] GC(1398)   Pre Evacuate Collection Set: 0.2ms
[2024-05-30T12:43:30.732+0000][7750.151s][info][gc,phases   ] GC(1398)   Merge Heap Roots: 1.0ms
[2024-05-30T12:43:30.732+0000][7750.151s][info][gc,phases   ] GC(1398)   Evacuate Collection Set: 111.1ms
[2024-05-30T12:43:30.732+0000][7750.151s][info][gc,phases   ] GC(1398)   Post Evacuate Collection Set: 20.8ms
[2024-05-30T12:43:30.732+0000][7750.151s][info][gc,phases   ] GC(1398)   Other: 0.2ms
[2024-05-30T12:43:30.732+0000][7750.151s][info][gc,heap     ] GC(1398) Eden regions: 903->0(52)
[2024-05-30T12:43:30.732+0000][7750.151s][info][gc,heap     ] GC(1398) Survivor regions: 18->24(116)
[2024-05-30T12:43:30.732+0000][7750.151s][info][gc,heap     ] GC(1398) Old regions: 235->235
[2024-05-30T12:43:30.732+0000][7750.151s][info][gc,heap     ] GC(1398) Archive regions: 2->2
[2024-05-30T12:43:30.732+0000][7750.151s][info][gc,heap     ] GC(1398) Humongous regions: 6->6
[2024-05-30T12:43:30.732+0000][7750.151s][info][gc,metaspace] GC(1398) Metaspace: 414853K(420864K)->414853K(420864K) NonClass: 362836K(366144K)->362836K(366144K) Class: 52017K(54720K)->52017K(54720K)
[2024-05-30T12:43:30.732+0000][7750.151s][info][gc          ] GC(1398) Pause Young (Prepare Mixed) (G1 Evacuation Pause) 9293M->2115M(12288M) 133.413ms
[2024-05-30T12:43:30.732+0000][7750.151s][info][gc,cpu      ] GC(1398) User=0.78s Sys=0.00s Real=0.13s
[2024-05-30T12:43:30.903+0000][7750.322s][info][gc,start    ] GC(1399) Pause Young (Mixed) (G1 Evacuation Pause)
[2024-05-30T12:43:30.903+0000][7750.322s][info][gc,task     ] GC(1399) Using 6 workers of 6 for evacuation
[2024-05-30T12:43:30.981+0000][7750.401s][info][gc,phases   ] GC(1399)   Pre Evacuate Collection Set: 0.2ms
[2024-05-30T12:43:30.982+0000][7750.401s][info][gc,phases   ] GC(1399)   Merge Heap Roots: 0.3ms
[2024-05-30T12:43:30.982+0000][7750.401s][info][gc,phases   ] GC(1399)   Evacuate Collection Set: 75.5ms
[2024-05-30T12:43:30.982+0000][7750.401s][info][gc,phases   ] GC(1399)   Post Evacuate Collection Set: 2.4ms
[2024-05-30T12:43:30.982+0000][7750.401s][info][gc,phases   ] GC(1399)   Other: 0.2ms
[2024-05-30T12:43:30.982+0000][7750.401s][info][gc,heap     ] GC(1399) Eden regions: 52->0(918)
[2024-05-30T12:43:30.982+0000][7750.401s][info][gc,heap     ] GC(1399) Survivor regions: 24->3(10)
[2024-05-30T12:43:30.982+0000][7750.401s][info][gc,heap     ] GC(1399) Old regions: 235->239
[2024-05-30T12:43:30.982+0000][7750.401s][info][gc,heap     ] GC(1399) Archive regions: 2->2
[2024-05-30T12:43:30.982+0000][7750.401s][info][gc,heap     ] GC(1399) Humongous regions: 6->6
[2024-05-30T12:43:30.982+0000][7750.401s][info][gc,metaspace] GC(1399) Metaspace: 414853K(420864K)->414853K(420864K) NonClass: 362836K(366144K)->362836K(366144K) Class: 52017K(54720K)->52017K(54720K)
[2024-05-30T12:43:30.982+0000][7750.401s][info][gc          ] GC(1399) Pause Young (Mixed) (G1 Evacuation Pause) 2531M->1986M(12288M) 78.632ms
[2024-05-30T12:43:30.982+0000][7750.401s][info][gc,cpu      ] GC(1399) User=0.46s Sys=0.01s Real=0.08s
[2024-05-30T12:43:33.739+0000][7753.158s][info][gc,start    ] GC(1400) Pause Young (Normal) (G1 Evacuation Pause)
[2024-05-30T12:43:33.739+0000][7753.158s][info][gc,task     ] GC(1400) Using 6 workers of 6 for evacuation
[2024-05-30T12:43:33.824+0000][7753.243s][info][gc,phases   ] GC(1400)   Pre Evacuate Collection Set: 0.2ms
[2024-05-30T12:43:33.824+0000][7753.243s][info][gc,phases   ] GC(1400)   Merge Heap Roots: 0.4ms
[2024-05-30T12:43:33.824+0000][7753.243s][info][gc,phases   ] GC(1400)   Evacuate Collection Set: 65.0ms
[2024-05-30T12:43:33.824+0000][7753.243s][info][gc,phases   ] GC(1400)   Post Evacuate Collection Set: 19.6ms
[2024-05-30T12:43:33.824+0000][7753.243s][info][gc,phases   ] GC(1400)   Other: 0.2ms
[2024-05-30T12:43:33.824+0000][7753.243s][info][gc,heap     ] GC(1400) Eden regions: 918->0(913)
[2024-05-30T12:43:33.824+0000][7753.243s][info][gc,heap     ] GC(1400) Survivor regions: 3->8(116)
[2024-05-30T12:43:33.824+0000][7753.243s][info][gc,heap     ] GC(1400) Old regions: 239->239
[2024-05-30T12:43:33.824+0000][7753.243s][info][gc,heap     ] GC(1400) Archive regions: 2->2
[2024-05-30T12:43:33.824+0000][7753.243s][info][gc,heap     ] GC(1400) Humongous regions: 6->6
[2024-05-30T12:43:33.824+0000][7753.243s][info][gc,metaspace] GC(1400) Metaspace: 414856K(420928K)->414856K(420928K) NonClass: 362839K(366208K)->362839K(366208K) Class: 52017K(54720K)->52017K(54720K)
[2024-05-30T12:43:33.824+0000][7753.243s][info][gc          ] GC(1400) Pause Young (Normal) (G1 Evacuation Pause) 9330M->2019M(12288M) 85.445ms
[2024-05-30T12:43:33.824+0000][7753.243s][info][gc,cpu      ] GC(1400) User=0.49s Sys=0.00s Real=0.08s
[2024-05-30T12:43:39.562+0000][7758.981s][info][gc,start    ] GC(1401) Pause Young (Normal) (G1 Evacuation Pause)
[2024-05-30T12:43:39.562+0000][7758.981s][info][gc,task     ] GC(1401) Using 6 workers of 6 for evacuation
[2024-05-30T12:43:39.634+0000][7759.054s][info][gc,phases   ] GC(1401)   Pre Evacuate Collection Set: 0.2ms
[2024-05-30T12:43:39.634+0000][7759.054s][info][gc,phases   ] GC(1401)   Merge Heap Roots: 0.4ms
[2024-05-30T12:43:39.634+0000][7759.054s][info][gc,phases   ] GC(1401)   Evacuate Collection Set: 59.3ms
[2024-05-30T12:43:39.634+0000][7759.054s][info][gc,phases   ] GC(1401)   Post Evacuate Collection Set: 12.1ms
[2024-05-30T12:43:39.634+0000][7759.054s][info][gc,phases   ] GC(1401)   Other: 0.2ms
[2024-05-30T12:43:39.634+0000][7759.054s][info][gc,heap     ] GC(1401) Eden regions: 913->0(910)
[2024-05-30T12:43:39.634+0000][7759.054s][info][gc,heap     ] GC(1401) Survivor regions: 8->11(116)
[2024-05-30T12:43:39.634+0000][7759.054s][info][gc,heap     ] GC(1401) Old regions: 239->239
[2024-05-30T12:43:39.634+0000][7759.054s][info][gc,heap     ] GC(1401) Archive regions: 2->2
[2024-05-30T12:43:39.634+0000][7759.054s][info][gc,heap     ] GC(1401) Humongous regions: 6->6
[2024-05-30T12:43:39.634+0000][7759.054s][info][gc,metaspace] GC(1401) Metaspace: 414856K(420928K)->414856K(420928K) NonClass: 362839K(366208K)->362839K(366208K) Class: 52017K(54720K)->52017K(54720K)
[2024-05-30T12:43:39.634+0000][7759.054s][info][gc          ] GC(1401) Pause Young (Normal) (G1 Evacuation Pause) 9323M->2045M(12288M) 72.317ms
[2024-05-30T12:43:39.635+0000][7759.054s][info][gc,cpu      ] GC(1401) User=0.42s Sys=0.00s Real=0.07s
[2024-05-30T12:43:49.872+0000][7769.291s][info][gc,start    ] GC(1402) Pause Young (Concurrent Start) (G1 Evacuation Pause)
[2024-05-30T12:43:49.872+0000][7769.291s][info][gc,task     ] GC(1402) Using 6 workers of 6 for evacuation
[2024-05-30T12:43:49.921+0000][7769.340s][info][gc,phases   ] GC(1402)   Pre Evacuate Collection Set: 0.6ms
[2024-05-30T12:43:49.921+0000][7769.340s][info][gc,phases   ] GC(1402)   Merge Heap Roots: 0.3ms
[2024-05-30T12:43:49.921+0000][7769.340s][info][gc,phases   ] GC(1402)   Evacuate Collection Set: 46.2ms
[2024-05-30T12:43:49.921+0000][7769.340s][info][gc,phases   ] GC(1402)   Post Evacuate Collection Set: 1.8ms
[2024-05-30T12:43:49.921+0000][7769.340s][info][gc,phases   ] GC(1402)   Other: 0.3ms
[2024-05-30T12:43:49.921+0000][7769.340s][info][gc,heap     ] GC(1402) Eden regions: 910->0(906)
[2024-05-30T12:43:49.921+0000][7769.340s][info][gc,heap     ] GC(1402) Survivor regions: 11->15(116)
[2024-05-30T12:43:49.921+0000][7769.340s][info][gc,heap     ] GC(1402) Old regions: 239->239
[2024-05-30T12:43:49.921+0000][7769.340s][info][gc,heap     ] GC(1402) Archive regions: 2->2
[2024-05-30T12:43:49.921+0000][7769.340s][info][gc,heap     ] GC(1402) Humongous regions: 6->6
[2024-05-30T12:43:49.921+0000][7769.340s][info][gc,metaspace] GC(1402) Metaspace: 414867K(420928K)->414867K(420928K) NonClass: 362850K(366208K)->362850K(366208K) Class: 52017K(54720K)->52017K(54720K)
[2024-05-30T12:43:49.921+0000][7769.340s][info][gc          ] GC(1402) Pause Young (Concurrent Start) (G1 Evacuation Pause) 9325M->2078M(12288M) 49.249ms
[2024-05-30T12:43:49.921+0000][7769.340s][info][gc,cpu      ] GC(1402) User=0.29s Sys=0.00s Real=0.05s
[2024-05-30T12:43:49.921+0000][7769.340s][info][gc          ] GC(1403) Concurrent Mark Cycle
[2024-05-30T12:43:49.921+0000][7769.340s][info][gc,marking  ] GC(1403) Concurrent Clear Claimed Marks
[2024-05-30T12:43:49.922+0000][7769.341s][info][gc,marking  ] GC(1403) Concurrent Clear Claimed Marks 0.427ms
[2024-05-30T12:43:49.922+0000][7769.341s][info][gc,marking  ] GC(1403) Concurrent Scan Root Regions
[2024-05-30T12:43:49.956+0000][7769.375s][info][gc,marking  ] GC(1403) Concurrent Scan Root Regions 34.018ms
[2024-05-30T12:43:49.956+0000][7769.375s][info][gc,marking  ] GC(1403) Concurrent Mark
[2024-05-30T12:43:49.956+0000][7769.375s][info][gc,marking  ] GC(1403) Concurrent Mark From Roots
[2024-05-30T12:43:49.956+0000][7769.375s][info][gc,task     ] GC(1403) Using 2 workers of 2 for marking
[2024-05-30T12:43:51.015+0000][7770.435s][info][gc,marking  ] GC(1403) Concurrent Mark From Roots 1059.669ms
[2024-05-30T12:43:51.015+0000][7770.435s][info][gc,marking  ] GC(1403) Concurrent Preclean
[2024-05-30T12:43:51.016+0000][7770.436s][info][gc,marking  ] GC(1403) Concurrent Preclean 0.838ms
[2024-05-30T12:43:51.017+0000][7770.436s][info][gc,start    ] GC(1403) Pause Remark
[2024-05-30T12:43:51.037+0000][7770.457s][info][gc          ] GC(1403) Pause Remark 2806M->2798M(12288M) 20.957ms
[2024-05-30T12:43:51.038+0000][7770.457s][info][gc,cpu      ] GC(1403) User=0.08s Sys=0.00s Real=0.02s
[2024-05-30T12:43:51.038+0000][7770.457s][info][gc,marking  ] GC(1403) Concurrent Mark 1081.889ms
[2024-05-30T12:43:51.038+0000][7770.457s][info][gc,marking  ] GC(1403) Concurrent Rebuild Remembered Sets
[2024-05-30T12:43:51.712+0000][7771.131s][info][gc,marking  ] GC(1403) Concurrent Rebuild Remembered Sets 673.934ms
[2024-05-30T12:43:51.712+0000][7771.131s][info][gc,start    ] GC(1403) Pause Cleanup
[2024-05-30T12:43:51.712+0000][7771.132s][info][gc          ] GC(1403) Pause Cleanup 3274M->3274M(12288M) 0.549ms
[2024-05-30T12:43:51.712+0000][7771.132s][info][gc,cpu      ] GC(1403) User=0.00s Sys=0.00s Real=0.00s
[2024-05-30T12:43:51.712+0000][7771.132s][info][gc,marking  ] GC(1403) Concurrent Cleanup for Next Mark
[2024-05-30T12:43:51.730+0000][7771.150s][info][gc,marking  ] GC(1403) Concurrent Cleanup for Next Mark 17.877ms
[2024-05-30T12:43:51.730+0000][7771.150s][info][gc          ] GC(1403) Concurrent Mark Cycle 1809.170ms
[2024-05-30T12:44:00.050+0000][7779.469s][info][gc,start    ] GC(1404) Pause Young (Prepare Mixed) (G1 Evacuation Pause)
[2024-05-30T12:44:00.050+0000][7779.469s][info][gc,task     ] GC(1404) Using 6 workers of 6 for evacuation
[2024-05-30T12:44:00.102+0000][7779.521s][info][gc,phases   ] GC(1404)   Pre Evacuate Collection Set: 0.2ms
[2024-05-30T12:44:00.102+0000][7779.521s][info][gc,phases   ] GC(1404)   Merge Heap Roots: 0.4ms
[2024-05-30T12:44:00.102+0000][7779.521s][info][gc,phases   ] GC(1404)   Evacuate Collection Set: 49.4ms
[2024-05-30T12:44:00.102+0000][7779.521s][info][gc,phases   ] GC(1404)   Post Evacuate Collection Set: 1.9ms
[2024-05-30T12:44:00.102+0000][7779.521s][info][gc,phases   ] GC(1404)   Other: 0.2ms
[2024-05-30T12:44:00.102+0000][7779.521s][info][gc,heap     ] GC(1404) Eden regions: 906->0(57)
[2024-05-30T12:44:00.102+0000][7779.521s][info][gc,heap     ] GC(1404) Survivor regions: 15->19(116)
[2024-05-30T12:44:00.102+0000][7779.521s][info][gc,heap     ] GC(1404) Old regions: 238->238
[2024-05-30T12:44:00.102+0000][7779.521s][info][gc,heap     ] GC(1404) Archive regions: 2->2
[2024-05-30T12:44:00.102+0000][7779.521s][info][gc,heap     ] GC(1404) Humongous regions: 6->6
[2024-05-30T12:44:00.102+0000][7779.521s][info][gc,metaspace] GC(1404) Metaspace: 414872K(420928K)->414872K(420928K) NonClass: 362854K(366208K)->362854K(366208K) Class: 52017K(54720K)->52017K(54720K)
[2024-05-30T12:44:00.102+0000][7779.521s][info][gc          ] GC(1404) Pause Young (Prepare Mixed) (G1 Evacuation Pause) 9318M->2104M(12288M) 52.175ms
[2024-05-30T12:44:00.102+0000][7779.521s][info][gc,cpu      ] GC(1404) User=0.30s Sys=0.00s Real=0.05s
[2024-05-30T12:44:00.746+0000][7780.165s][info][gc,start    ] GC(1405) Pause Young (Mixed) (G1 Evacuation Pause)
[2024-05-30T12:44:00.746+0000][7780.165s][info][gc,task     ] GC(1405) Using 6 workers of 6 for evacuation
[2024-05-30T12:44:00.796+0000][7780.215s][info][gc,phases   ] GC(1405)   Pre Evacuate Collection Set: 0.2ms
[2024-05-30T12:44:00.796+0000][7780.215s][info][gc,phases   ] GC(1405)   Merge Heap Roots: 0.2ms
[2024-05-30T12:44:00.796+0000][7780.215s][info][gc,phases   ] GC(1405)   Evacuate Collection Set: 48.8ms
[2024-05-30T12:44:00.796+0000][7780.215s][info][gc,phases   ] GC(1405)   Post Evacuate Collection Set: 1.2ms
[2024-05-30T12:44:00.796+0000][7780.215s][info][gc,phases   ] GC(1405)   Other: 0.2ms
[2024-05-30T12:44:00.796+0000][7780.215s][info][gc,heap     ] GC(1405) Eden regions: 57->0(914)
[2024-05-30T12:44:00.796+0000][7780.215s][info][gc,heap     ] GC(1405) Survivor regions: 19->7(10)
[2024-05-30T12:44:00.796+0000][7780.215s][info][gc,heap     ] GC(1405) Old regions: 238->228
[2024-05-30T12:44:00.796+0000][7780.215s][info][gc,heap     ] GC(1405) Archive regions: 2->2
[2024-05-30T12:44:00.796+0000][7780.215s][info][gc,heap     ] GC(1405) Humongous regions: 6->6
[2024-05-30T12:44:00.796+0000][7780.215s][info][gc,metaspace] GC(1405) Metaspace: 414872K(420928K)->414872K(420928K) NonClass: 362854K(366208K)->362854K(366208K) Class: 52017K(54720K)->52017K(54720K)
[2024-05-30T12:44:00.796+0000][7780.215s][info][gc          ] GC(1405) Pause Young (Mixed) (G1 Evacuation Pause) 2560M->1928M(12288M) 50.628ms
[2024-05-30T12:44:00.796+0000][7780.215s][info][gc,cpu      ] GC(1405) User=0.30s Sys=0.00s Real=0.05s
[2024-05-30T12:44:11.024+0000][7790.443s][info][gc,start    ] GC(1406) Pause Young (Normal) (G1 Evacuation Pause)
[2024-05-30T12:44:11.024+0000][7790.443s][info][gc,task     ] GC(1406) Using 6 workers of 6 for evacuation
[2024-05-30T12:44:11.046+0000][7790.466s][info][gc,phases   ] GC(1406)   Pre Evacuate Collection Set: 0.2ms
[2024-05-30T12:44:11.046+0000][7790.466s][info][gc,phases   ] GC(1406)   Merge Heap Roots: 0.3ms
[2024-05-30T12:44:11.046+0000][7790.466s][info][gc,phases   ] GC(1406)   Evacuate Collection Set: 20.4ms
[2024-05-30T12:44:11.046+0000][7790.466s][info][gc,phases   ] GC(1406)   Post Evacuate Collection Set: 1.7ms
[2024-05-30T12:44:11.046+0000][7790.466s][info][gc,phases   ] GC(1406)   Other: 0.2ms
[2024-05-30T12:44:11.046+0000][7790.466s][info][gc,heap     ] GC(1406) Eden regions: 914->0(911)
[2024-05-30T12:44:11.046+0000][7790.466s][info][gc,heap     ] GC(1406) Survivor regions: 7->10(116)
[2024-05-30T12:44:11.046+0000][7790.466s][info][gc,heap     ] GC(1406) Old regions: 228->228
[2024-05-30T12:44:11.046+0000][7790.466s][info][gc,heap     ] GC(1406) Archive regions: 2->2
[2024-05-30T12:44:11.046+0000][7790.466s][info][gc,heap     ] GC(1406) Humongous regions: 6->6
[2024-05-30T12:44:11.047+0000][7790.466s][info][gc,metaspace] GC(1406) Metaspace: 414872K(420928K)->414872K(420928K) NonClass: 362855K(366208K)->362855K(366208K) Class: 52017K(54720K)->52017K(54720K)
[2024-05-30T12:44:11.047+0000][7790.466s][info][gc          ] GC(1406) Pause Young (Normal) (G1 Evacuation Pause) 9240M->1950M(12288M) 22.863ms
[2024-05-30T12:44:11.047+0000][7790.466s][info][gc,cpu      ] GC(1406) User=0.14s Sys=0.00s Real=0.02s
[2024-05-30T12:44:20.069+0000][7799.489s][info][gc,start    ] GC(1407) Pause Young (Normal) (G1 Evacuation Pause)
[2024-05-30T12:44:20.069+0000][7799.489s][info][gc,task     ] GC(1407) Using 6 workers of 6 for evacuation
[2024-05-30T12:44:20.097+0000][7799.517s][info][gc,phases   ] GC(1407)   Pre Evacuate Collection Set: 0.2ms
[2024-05-30T12:44:20.098+0000][7799.517s][info][gc,phases   ] GC(1407)   Merge Heap Roots: 0.2ms
[2024-05-30T12:44:20.098+0000][7799.517s][info][gc,phases   ] GC(1407)   Evacuate Collection Set: 25.8ms
[2024-05-30T12:44:20.098+0000][7799.517s][info][gc,phases   ] GC(1407)   Post Evacuate Collection Set: 1.8ms
[2024-05-30T12:44:20.098+0000][7799.517s][info][gc,phases   ] GC(1407)   Other: 0.2ms
[2024-05-30T12:44:20.098+0000][7799.517s][info][gc,heap     ] GC(1407) Eden regions: 911->0(910)
[2024-05-30T12:44:20.098+0000][7799.517s][info][gc,heap     ] GC(1407) Survivor regions: 10->11(116)
[2024-05-30T12:44:20.098+0000][7799.517s][info][gc,heap     ] GC(1407) Old regions: 228->228
[2024-05-30T12:44:20.098+0000][7799.517s][info][gc,heap     ] GC(1407) Archive regions: 2->2
[2024-05-30T12:44:20.098+0000][7799.517s][info][gc,heap     ] GC(1407) Humongous regions: 6->6
[2024-05-30T12:44:20.098+0000][7799.517s][info][gc,metaspace] GC(1407) Metaspace: 414872K(420928K)->414872K(420928K) NonClass: 362855K(366208K)->362855K(366208K) Class: 52017K(54720K)->52017K(54720K)
[2024-05-30T12:44:20.098+0000][7799.517s][info][gc          ] GC(1407) Pause Young (Normal) (G1 Evacuation Pause) 9238M->1961M(12288M) 28.248ms
[2024-05-30T12:44:20.098+0000][7799.517s][info][gc,cpu      ] GC(1407) User=0.17s Sys=0.00s Real=0.03s
[2024-05-30T12:44:27.411+0000][7806.830s][info][gc,start    ] GC(1408) Pause Young (Concurrent Start) (G1 Evacuation Pause)
[2024-05-30T12:44:27.411+0000][7806.830s][info][gc,task     ] GC(1408) Using 6 workers of 6 for evacuation
[2024-05-30T12:44:27.448+0000][7806.867s][info][gc,phases   ] GC(1408)   Pre Evacuate Collection Set: 0.5ms
[2024-05-30T12:44:27.448+0000][7806.868s][info][gc,phases   ] GC(1408)   Merge Heap Roots: 0.3ms
[2024-05-30T12:44:27.448+0000][7806.868s][info][gc,phases   ] GC(1408)   Evacuate Collection Set: 34.1ms
[2024-05-30T12:44:27.448+0000][7806.868s][info][gc,phases   ] GC(1408)   Post Evacuate Collection Set: 1.8ms
[2024-05-30T12:44:27.448+0000][7806.868s][info][gc,phases   ] GC(1408)   Other: 0.3ms
[2024-05-30T12:44:27.448+0000][7806.868s][info][gc,heap     ] GC(1408) Eden regions: 910->0(908)
[2024-05-30T12:44:27.448+0000][7806.868s][info][gc,heap     ] GC(1408) Survivor regions: 11->13(116)
[2024-05-30T12:44:27.448+0000][7806.868s][info][gc,heap     ] GC(1408) Old regions: 228->228
[2024-05-30T12:44:27.448+0000][7806.868s][info][gc,heap     ] GC(1408) Archive regions: 2->2
[2024-05-30T12:44:27.448+0000][7806.868s][info][gc,heap     ] GC(1408) Humongous regions: 6->6
[2024-05-30T12:44:27.448+0000][7806.868s][info][gc,metaspace] GC(1408) Metaspace: 414872K(420928K)->414872K(420928K) NonClass: 362855K(366208K)->362855K(366208K) Class: 52017K(54720K)->52017K(54720K)
[2024-05-30T12:44:27.448+0000][7806.868s][info][gc          ] GC(1408) Pause Young (Concurrent Start) (G1 Evacuation Pause) 9241M->1980M(12288M) 37.187ms
[2024-05-30T12:44:27.448+0000][7806.868s][info][gc,cpu      ] GC(1408) User=0.21s Sys=0.00s Real=0.04s
[2024-05-30T12:44:27.448+0000][7806.868s][info][gc          ] GC(1409) Concurrent Mark Cycle
[2024-05-30T12:44:27.448+0000][7806.868s][info][gc,marking  ] GC(1409) Concurrent Clear Claimed Marks
[2024-05-30T12:44:27.449+0000][7806.868s][info][gc,marking  ] GC(1409) Concurrent Clear Claimed Marks 0.377ms
[2024-05-30T12:44:27.449+0000][7806.868s][info][gc,marking  ] GC(1409) Concurrent Scan Root Regions
[2024-05-30T12:44:27.473+0000][7806.892s][info][gc,marking  ] GC(1409) Concurrent Scan Root Regions 24.180ms
[2024-05-30T12:44:27.473+0000][7806.892s][info][gc,marking  ] GC(1409) Concurrent Mark
[2024-05-30T12:44:27.473+0000][7806.892s][info][gc,marking  ] GC(1409) Concurrent Mark From Roots
[2024-05-30T12:44:27.473+0000][7806.892s][info][gc,task     ] GC(1409) Using 2 workers of 2 for marking
[2024-05-30T12:44:28.615+0000][7808.034s][info][gc,marking  ] GC(1409) Concurrent Mark From Roots 1141.581ms
[2024-05-30T12:44:28.615+0000][7808.034s][info][gc,marking  ] GC(1409) Concurrent Preclean
[2024-05-30T12:44:28.616+0000][7808.035s][info][gc,marking  ] GC(1409) Concurrent Preclean 0.951ms
[2024-05-30T12:44:28.616+0000][7808.035s][info][gc,start    ] GC(1409) Pause Remark
[2024-05-30T12:44:28.637+0000][7808.057s][info][gc          ] GC(1409) Pause Remark 2796M->2796M(12288M) 21.494ms
[2024-05-30T12:44:28.637+0000][7808.057s][info][gc,cpu      ] GC(1409) User=0.09s Sys=0.00s Real=0.03s
[2024-05-30T12:44:28.638+0000][7808.057s][info][gc,marking  ] GC(1409) Concurrent Mark 1164.484ms
[2024-05-30T12:44:28.638+0000][7808.057s][info][gc,marking  ] GC(1409) Concurrent Rebuild Remembered Sets
[2024-05-30T12:44:29.349+0000][7808.768s][info][gc,marking  ] GC(1409) Concurrent Rebuild Remembered Sets 711.125ms
[2024-05-30T12:44:29.349+0000][7808.768s][info][gc,start    ] GC(1409) Pause Cleanup
[2024-05-30T12:44:29.350+0000][7808.769s][info][gc          ] GC(1409) Pause Cleanup 3320M->3320M(12288M) 0.549ms
[2024-05-30T12:44:29.350+0000][7808.769s][info][gc,cpu      ] GC(1409) User=0.00s Sys=0.00s Real=0.00s
[2024-05-30T12:44:29.350+0000][7808.769s][info][gc,marking  ] GC(1409) Concurrent Cleanup for Next Mark
[2024-05-30T12:44:29.367+0000][7808.786s][info][gc,marking  ] GC(1409) Concurrent Cleanup for Next Mark 17.425ms
[2024-05-30T12:44:29.367+0000][7808.786s][info][gc          ] GC(1409) Concurrent Mark Cycle 1918.656ms
[2024-05-30T12:44:36.716+0000][7816.135s][info][gc,start    ] GC(1410) Pause Young (Prepare Mixed) (G1 Evacuation Pause)
[2024-05-30T12:44:36.716+0000][7816.136s][info][gc,task     ] GC(1410) Using 6 workers of 6 for evacuation
[2024-05-30T12:44:36.752+0000][7816.172s][info][gc,phases   ] GC(1410)   Pre Evacuate Collection Set: 0.2ms
[2024-05-30T12:44:36.752+0000][7816.172s][info][gc,phases   ] GC(1410)   Merge Heap Roots: 0.3ms
[2024-05-30T12:44:36.752+0000][7816.172s][info][gc,phases   ] GC(1410)   Evacuate Collection Set: 33.7ms
[2024-05-30T12:44:36.752+0000][7816.172s][info][gc,phases   ] GC(1410)   Post Evacuate Collection Set: 1.8ms
[2024-05-30T12:44:36.752+0000][7816.172s][info][gc,phases   ] GC(1410)   Other: 0.2ms
[2024-05-30T12:44:36.752+0000][7816.172s][info][gc,heap     ] GC(1410) Eden regions: 908->0(61)
[2024-05-30T12:44:36.752+0000][7816.172s][info][gc,heap     ] GC(1410) Survivor regions: 13->15(116)
[2024-05-30T12:44:36.752+0000][7816.172s][info][gc,heap     ] GC(1410) Old regions: 228->228
[2024-05-30T12:44:36.752+0000][7816.172s][info][gc,heap     ] GC(1410) Archive regions: 2->2
[2024-05-30T12:44:36.752+0000][7816.172s][info][gc,heap     ] GC(1410) Humongous regions: 6->6
[2024-05-30T12:44:36.752+0000][7816.172s][info][gc,metaspace] GC(1410) Metaspace: 414873K(420928K)->414873K(420928K) NonClass: 362855K(366208K)->362855K(366208K) Class: 52017K(54720K)->52017K(54720K)
[2024-05-30T12:44:36.752+0000][7816.172s][info][gc          ] GC(1410) Pause Young (Prepare Mixed) (G1 Evacuation Pause) 9244M->1994M(12288M) 36.257ms
[2024-05-30T12:44:36.753+0000][7816.172s][info][gc,cpu      ] GC(1410) User=0.21s Sys=0.00s Real=0.04s
[2024-05-30T12:44:37.443+0000][7816.862s][info][gc,start    ] GC(1411) Pause Young (Mixed) (G1 Evacuation Pause)
[2024-05-30T12:44:37.443+0000][7816.862s][info][gc,task     ] GC(1411) Using 6 workers of 6 for evacuation
[2024-05-30T12:44:37.481+0000][7816.901s][info][gc,phases   ] GC(1411)   Pre Evacuate Collection Set: 0.2ms
[2024-05-30T12:44:37.481+0000][7816.901s][info][gc,phases   ] GC(1411)   Merge Heap Roots: 0.2ms
[2024-05-30T12:44:37.481+0000][7816.901s][info][gc,phases   ] GC(1411)   Evacuate Collection Set: 36.6ms
[2024-05-30T12:44:37.481+0000][7816.901s][info][gc,phases   ] GC(1411)   Post Evacuate Collection Set: 1.2ms
[2024-05-30T12:44:37.482+0000][7816.901s][info][gc,phases   ] GC(1411)   Other: 0.2ms
[2024-05-30T12:44:37.482+0000][7816.901s][info][gc,heap     ] GC(1411) Eden regions: 61->0(915)
[2024-05-30T12:44:37.482+0000][7816.901s][info][gc,heap     ] GC(1411) Survivor regions: 15->6(10)
[2024-05-30T12:44:37.482+0000][7816.901s][info][gc,heap     ] GC(1411) Old regions: 228->221
[2024-05-30T12:44:37.482+0000][7816.901s][info][gc,heap     ] GC(1411) Archive regions: 2->2
[2024-05-30T12:44:37.482+0000][7816.901s][info][gc,heap     ] GC(1411) Humongous regions: 6->6
[2024-05-30T12:44:37.482+0000][7816.901s][info][gc,metaspace] GC(1411) Metaspace: 414873K(420928K)->414873K(420928K) NonClass: 362855K(366208K)->362855K(366208K) Class: 52017K(54720K)->52017K(54720K)
[2024-05-30T12:44:37.482+0000][7816.901s][info][gc          ] GC(1411) Pause Young (Mixed) (G1 Evacuation Pause) 2482M->1865M(12288M) 38.387ms
[2024-05-30T12:44:37.482+0000][7816.901s][info][gc,cpu      ] GC(1411) User=0.23s Sys=0.00s Real=0.04s
[2024-05-30T12:44:47.529+0000][7826.948s][info][gc,start    ] GC(1412) Pause Young (Normal) (G1 Evacuation Pause)
[2024-05-30T12:44:47.529+0000][7826.948s][info][gc,task     ] GC(1412) Using 6 workers of 6 for evacuation
[2024-05-30T12:44:47.550+0000][7826.969s][info][gc,phases   ] GC(1412)   Pre Evacuate Collection Set: 0.2ms
[2024-05-30T12:44:47.550+0000][7826.970s][info][gc,phases   ] GC(1412)   Merge Heap Roots: 0.3ms
[2024-05-30T12:44:47.550+0000][7826.970s][info][gc,phases   ] GC(1412)   Evacuate Collection Set: 18.8ms
[2024-05-30T12:44:47.550+0000][7826.970s][info][gc,phases   ] GC(1412)   Post Evacuate Collection Set: 1.7ms
[2024-05-30T12:44:47.550+0000][7826.970s][info][gc,phases   ] GC(1412)   Other: 0.2ms
[2024-05-30T12:44:47.550+0000][7826.970s][info][gc,heap     ] GC(1412) Eden regions: 915->0(912)
[2024-05-30T12:44:47.550+0000][7826.970s][info][gc,heap     ] GC(1412) Survivor regions: 6->9(116)
[2024-05-30T12:44:47.550+0000][7826.970s][info][gc,heap     ] GC(1412) Old regions: 221->221
[2024-05-30T12:44:47.550+0000][7826.970s][info][gc,heap     ] GC(1412) Archive regions: 2->2
[2024-05-30T12:44:47.550+0000][7826.970s][info][gc,heap     ] GC(1412) Humongous regions: 6->6
[2024-05-30T12:44:47.550+0000][7826.970s][info][gc,metaspace] GC(1412) Metaspace: 414873K(420928K)->414873K(420928K) NonClass: 362855K(366208K)->362855K(366208K) Class: 52017K(54720K)->52017K(54720K)
[2024-05-30T12:44:47.550+0000][7826.970s][info][gc          ] GC(1412) Pause Young (Normal) (G1 Evacuation Pause) 9185M->1889M(12288M) 21.204ms
[2024-05-30T12:44:47.550+0000][7826.970s][info][gc,cpu      ] GC(1412) User=0.12s Sys=0.00s Real=0.02s
[2024-05-30T12:44:57.265+0000][7836.684s][info][gc,start    ] GC(1413) Pause Young (Normal) (G1 Evacuation Pause)
[2024-05-30T12:44:57.265+0000][7836.684s][info][gc,task     ] GC(1413) Using 6 workers of 6 for evacuation
[2024-05-30T12:44:57.292+0000][7836.711s][info][gc,phases   ] GC(1413)   Pre Evacuate Collection Set: 0.2ms
[2024-05-30T12:44:57.292+0000][7836.711s][info][gc,phases   ] GC(1413)   Merge Heap Roots: 0.2ms
[2024-05-30T12:44:57.292+0000][7836.711s][info][gc,phases   ] GC(1413)   Evacuate Collection Set: 24.3ms
[2024-05-30T12:44:57.292+0000][7836.711s][info][gc,phases   ] GC(1413)   Post Evacuate Collection Set: 1.8ms
[2024-05-30T12:44:57.292+0000][7836.711s][info][gc,phases   ] GC(1413)   Other: 0.2ms
[2024-05-30T12:44:57.292+0000][7836.711s][info][gc,heap     ] GC(1413) Eden regions: 912->0(910)
[2024-05-30T12:44:57.292+0000][7836.711s][info][gc,heap     ] GC(1413) Survivor regions: 9->11(116)
[2024-05-30T12:44:57.292+0000][7836.711s][info][gc,heap     ] GC(1413) Old regions: 221->221
[2024-05-30T12:44:57.292+0000][7836.711s][info][gc,heap     ] GC(1413) Archive regions: 2->2
[2024-05-30T12:44:57.292+0000][7836.711s][info][gc,heap     ] GC(1413) Humongous regions: 6->6
[2024-05-30T12:44:57.292+0000][7836.711s][info][gc,metaspace] GC(1413) Metaspace: 414874K(420928K)->414874K(420928K) NonClass: 362857K(366208K)->362857K(366208K) Class: 52017K(54720K)->52017K(54720K)
[2024-05-30T12:44:57.292+0000][7836.711s][info][gc          ] GC(1413) Pause Young (Normal) (G1 Evacuation Pause) 9185M->1902M(12288M) 26.785ms
[2024-05-30T12:44:57.292+0000][7836.711s][info][gc,cpu      ] GC(1413) User=0.16s Sys=0.00s Real=0.03s
[2024-05-30T12:45:07.245+0000][7846.664s][info][gc,start    ] GC(1414) Pause Young (Concurrent Start) (G1 Evacuation Pause)
[2024-05-30T12:45:07.245+0000][7846.665s][info][gc,task     ] GC(1414) Using 6 workers of 6 for evacuation
[2024-05-30T12:45:07.280+0000][7846.699s][info][gc,phases   ] GC(1414)   Pre Evacuate Collection Set: 0.6ms
[2024-05-30T12:45:07.280+0000][7846.699s][info][gc,phases   ] GC(1414)   Merge Heap Roots: 0.2ms
[2024-05-30T12:45:07.280+0000][7846.699s][info][gc,phases   ] GC(1414)   Evacuate Collection Set: 31.9ms
[2024-05-30T12:45:07.280+0000][7846.699s][info][gc,phases   ] GC(1414)   Post Evacuate Collection Set: 1.8ms
[2024-05-30T12:45:07.280+0000][7846.699s][info][gc,phases   ] GC(1414)   Other: 0.3ms
[2024-05-30T12:45:07.280+0000][7846.699s][info][gc,heap     ] GC(1414) Eden regions: 910->0(907)
[2024-05-30T12:45:07.280+0000][7846.699s][info][gc,heap     ] GC(1414) Survivor regions: 11->14(116)
[2024-05-30T12:45:07.280+0000][7846.699s][info][gc,heap     ] GC(1414) Old regions: 221->221
[2024-05-30T12:45:07.280+0000][7846.699s][info][gc,heap     ] GC(1414) Archive regions: 2->2
[2024-05-30T12:45:07.280+0000][7846.699s][info][gc,heap     ] GC(1414) Humongous regions: 6->6
[2024-05-30T12:45:07.280+0000][7846.699s][info][gc,metaspace] GC(1414) Metaspace: 414883K(420992K)->414883K(420992K) NonClass: 362865K(366272K)->362865K(366272K) Class: 52017K(54720K)->52017K(54720K)
[2024-05-30T12:45:07.280+0000][7846.699s][info][gc          ] GC(1414) Pause Young (Concurrent Start) (G1 Evacuation Pause) 9182M->1930M(12288M) 34.854ms
[2024-05-30T12:45:07.280+0000][7846.699s][info][gc,cpu      ] GC(1414) User=0.20s Sys=0.00s Real=0.04s
[2024-05-30T12:45:07.280+0000][7846.699s][info][gc          ] GC(1415) Concurrent Mark Cycle
[2024-05-30T12:45:07.280+0000][7846.699s][info][gc,marking  ] GC(1415) Concurrent Clear Claimed Marks
[2024-05-30T12:45:07.281+0000][7846.700s][info][gc,marking  ] GC(1415) Concurrent Clear Claimed Marks 0.402ms
[2024-05-30T12:45:07.281+0000][7846.700s][info][gc,marking  ] GC(1415) Concurrent Scan Root Regions
[2024-05-30T12:45:07.311+0000][7846.731s][info][gc,marking  ] GC(1415) Concurrent Scan Root Regions 30.634ms
[2024-05-30T12:45:07.311+0000][7846.731s][info][gc,marking  ] GC(1415) Concurrent Mark
[2024-05-30T12:45:07.311+0000][7846.731s][info][gc,marking  ] GC(1415) Concurrent Mark From Roots
[2024-05-30T12:45:07.311+0000][7846.731s][info][gc,task     ] GC(1415) Using 2 workers of 2 for marking
[2024-05-30T12:45:08.458+0000][7847.877s][info][gc,marking  ] GC(1415) Concurrent Mark From Roots 1146.734ms
[2024-05-30T12:45:08.458+0000][7847.877s][info][gc,marking  ] GC(1415) Concurrent Preclean
[2024-05-30T12:45:08.459+0000][7847.878s][info][gc,marking  ] GC(1415) Concurrent Preclean 1.029ms
[2024-05-30T12:45:08.459+0000][7847.879s][info][gc,start    ] GC(1415) Pause Remark
[2024-05-30T12:45:08.480+0000][7847.900s][info][gc          ] GC(1415) Pause Remark 2754M->2754M(12288M) 20.988ms
[2024-05-30T12:45:08.480+0000][7847.900s][info][gc,cpu      ] GC(1415) User=0.08s Sys=0.00s Real=0.02s
[2024-05-30T12:45:08.480+0000][7847.900s][info][gc,marking  ] GC(1415) Concurrent Mark 1169.158ms
[2024-05-30T12:45:08.480+0000][7847.900s][info][gc,marking  ] GC(1415) Concurrent Rebuild Remembered Sets
[2024-05-30T12:45:09.181+0000][7848.600s][info][gc,marking  ] GC(1415) Concurrent Rebuild Remembered Sets 700.054ms
[2024-05-30T12:45:09.181+0000][7848.600s][info][gc,start    ] GC(1415) Pause Cleanup
[2024-05-30T12:45:09.181+0000][7848.600s][info][gc          ] GC(1415) Pause Cleanup 3250M->3250M(12288M) 0.522ms
[2024-05-30T12:45:09.181+0000][7848.600s][info][gc,cpu      ] GC(1415) User=0.01s Sys=0.00s Real=0.00s
[2024-05-30T12:45:09.181+0000][7848.601s][info][gc,marking  ] GC(1415) Concurrent Cleanup for Next Mark
[2024-05-30T12:45:09.199+0000][7848.618s][info][gc,marking  ] GC(1415) Concurrent Cleanup for Next Mark 17.158ms
[2024-05-30T12:45:09.199+0000][7848.618s][info][gc          ] GC(1415) Concurrent Mark Cycle 1918.362ms
[2024-05-30T12:45:17.223+0000][7856.642s][info][gc,start    ] GC(1416) Pause Young (Prepare Mixed) (G1 Evacuation Pause)
[2024-05-30T12:45:17.223+0000][7856.642s][info][gc,task     ] GC(1416) Using 6 workers of 6 for evacuation
[2024-05-30T12:45:17.262+0000][7856.681s][info][gc,phases   ] GC(1416)   Pre Evacuate Collection Set: 0.2ms
[2024-05-30T12:45:17.262+0000][7856.681s][info][gc,phases   ] GC(1416)   Merge Heap Roots: 0.3ms
[2024-05-30T12:45:17.262+0000][7856.681s][info][gc,phases   ] GC(1416)   Evacuate Collection Set: 36.6ms
[2024-05-30T12:45:17.262+0000][7856.681s][info][gc,phases   ] GC(1416)   Post Evacuate Collection Set: 1.8ms
[2024-05-30T12:45:17.262+0000][7856.681s][info][gc,phases   ] GC(1416)   Other: 0.2ms
[2024-05-30T12:45:17.262+0000][7856.681s][info][gc,heap     ] GC(1416) Eden regions: 907->0(58)
[2024-05-30T12:45:17.262+0000][7856.681s][info][gc,heap     ] GC(1416) Survivor regions: 14->18(116)
[2024-05-30T12:45:17.262+0000][7856.681s][info][gc,heap     ] GC(1416) Old regions: 221->221
[2024-05-30T12:45:17.262+0000][7856.681s][info][gc,heap     ] GC(1416) Archive regions: 2->2
[2024-05-30T12:45:17.262+0000][7856.681s][info][gc,heap     ] GC(1416) Humongous regions: 6->6
[2024-05-30T12:45:17.262+0000][7856.681s][info][gc,metaspace] GC(1416) Metaspace: 414883K(420992K)->414883K(420992K) NonClass: 362865K(366272K)->362865K(366272K) Class: 52017K(54720K)->52017K(54720K)
[2024-05-30T12:45:17.262+0000][7856.681s][info][gc          ] GC(1416) Pause Young (Prepare Mixed) (G1 Evacuation Pause) 9186M->1957M(12288M) 39.048ms
[2024-05-30T12:45:17.262+0000][7856.681s][info][gc,cpu      ] GC(1416) User=0.23s Sys=0.00s Real=0.04s
[2024-05-30T12:45:17.880+0000][7857.299s][info][gc,start    ] GC(1417) Pause Young (Mixed) (G1 Evacuation Pause)
[2024-05-30T12:45:17.880+0000][7857.299s][info][gc,task     ] GC(1417) Using 6 workers of 6 for evacuation
[2024-05-30T12:45:17.928+0000][7857.347s][info][gc,phases   ] GC(1417)   Pre Evacuate Collection Set: 0.2ms
[2024-05-30T12:45:17.928+0000][7857.347s][info][gc,phases   ] GC(1417)   Merge Heap Roots: 0.2ms
[2024-05-30T12:45:17.928+0000][7857.347s][info][gc,phases   ] GC(1417)   Evacuate Collection Set: 46.4ms
[2024-05-30T12:45:17.928+0000][7857.347s][info][gc,phases   ] GC(1417)   Post Evacuate Collection Set: 1.2ms
[2024-05-30T12:45:17.928+0000][7857.347s][info][gc,phases   ] GC(1417)   Other: 0.2ms
[2024-05-30T12:45:17.928+0000][7857.347s][info][gc,heap     ] GC(1417) Eden regions: 58->0(914)
[2024-05-30T12:45:17.928+0000][7857.347s][info][gc,heap     ] GC(1417) Survivor regions: 18->7(10)
[2024-05-30T12:45:17.928+0000][7857.347s][info][gc,heap     ] GC(1417) Old regions: 221->219
[2024-05-30T12:45:17.928+0000][7857.347s][info][gc,heap     ] GC(1417) Archive regions: 2->2
[2024-05-30T12:45:17.928+0000][7857.347s][info][gc,heap     ] GC(1417) Humongous regions: 6->6
[2024-05-30T12:45:17.928+0000][7857.347s][info][gc,metaspace] GC(1417) Metaspace: 414883K(420992K)->414883K(420992K) NonClass: 362865K(366272K)->362865K(366272K) Class: 52017K(54720K)->52017K(54720K)
[2024-05-30T12:45:17.928+0000][7857.347s][info][gc          ] GC(1417) Pause Young (Mixed) (G1 Evacuation Pause) 2421M->1849M(12288M) 48.288ms
[2024-05-30T12:45:17.928+0000][7857.347s][info][gc,cpu      ] GC(1417) User=0.29s Sys=0.00s Real=0.04s
[2024-05-30T12:45:27.636+0000][7867.055s][info][gc,start    ] GC(1418) Pause Young (Normal) (G1 Evacuation Pause)
[2024-05-30T12:45:27.636+0000][7867.055s][info][gc,task     ] GC(1418) Using 6 workers of 6 for evacuation
[2024-05-30T12:45:27.659+0000][7867.078s][info][gc,phases   ] GC(1418)   Pre Evacuate Collection Set: 0.2ms
[2024-05-30T12:45:27.659+0000][7867.078s][info][gc,phases   ] GC(1418)   Merge Heap Roots: 0.3ms
[2024-05-30T12:45:27.659+0000][7867.078s][info][gc,phases   ] GC(1418)   Evacuate Collection Set: 20.7ms
[2024-05-30T12:45:27.659+0000][7867.078s][info][gc,phases   ] GC(1418)   Post Evacuate Collection Set: 1.8ms
[2024-05-30T12:45:27.659+0000][7867.078s][info][gc,phases   ] GC(1418)   Other: 0.2ms
[2024-05-30T12:45:27.659+0000][7867.078s][info][gc,heap     ] GC(1418) Eden regions: 914->0(913)
[2024-05-30T12:45:27.659+0000][7867.078s][info][gc,heap     ] GC(1418) Survivor regions: 7->8(116)
[2024-05-30T12:45:27.659+0000][7867.078s][info][gc,heap     ] GC(1418) Old regions: 219->219
[2024-05-30T12:45:27.659+0000][7867.078s][info][gc,heap     ] GC(1418) Archive regions: 2->2
[2024-05-30T12:45:27.659+0000][7867.078s][info][gc,heap     ] GC(1418) Humongous regions: 6->6
[2024-05-30T12:45:27.659+0000][7867.078s][info][gc,metaspace] GC(1418) Metaspace: 414883K(420992K)->414883K(420992K) NonClass: 362865K(366272K)->362865K(366272K) Class: 52017K(54720K)->52017K(54720K)
[2024-05-30T12:45:27.659+0000][7867.079s][info][gc          ] GC(1418) Pause Young (Normal) (G1 Evacuation Pause) 9161M->1861M(12288M) 23.231ms
[2024-05-30T12:45:27.659+0000][7867.079s][info][gc,cpu      ] GC(1418) User=0.13s Sys=0.00s Real=0.03s
[2024-05-30T12:45:36.936+0000][7876.355s][info][gc,start    ] GC(1419) Pause Young (Normal) (G1 Evacuation Pause)
[2024-05-30T12:45:36.936+0000][7876.355s][info][gc,task     ] GC(1419) Using 6 workers of 6 for evacuation
[2024-05-30T12:45:36.969+0000][7876.388s][info][gc,phases   ] GC(1419)   Pre Evacuate Collection Set: 0.2ms
[2024-05-30T12:45:36.969+0000][7876.388s][info][gc,phases   ] GC(1419)   Merge Heap Roots: 0.3ms
[2024-05-30T12:45:36.969+0000][7876.388s][info][gc,phases   ] GC(1419)   Evacuate Collection Set: 31.0ms
[2024-05-30T12:45:36.969+0000][7876.388s][info][gc,phases   ] GC(1419)   Post Evacuate Collection Set: 1.9ms
[2024-05-30T12:45:36.969+0000][7876.388s][info][gc,phases   ] GC(1419)   Other: 0.2ms
[2024-05-30T12:45:36.969+0000][7876.388s][info][gc,heap     ] GC(1419) Eden regions: 913->0(911)
[2024-05-30T12:45:36.969+0000][7876.388s][info][gc,heap     ] GC(1419) Survivor regions: 8->10(116)
[2024-05-30T12:45:36.969+0000][7876.388s][info][gc,heap     ] GC(1419) Old regions: 219->219
[2024-05-30T12:45:36.969+0000][7876.388s][info][gc,heap     ] GC(1419) Archive regions: 2->2
[2024-05-30T12:45:36.969+0000][7876.388s][info][gc,heap     ] GC(1419) Humongous regions: 6->6
[2024-05-30T12:45:36.969+0000][7876.388s][info][gc,metaspace] GC(1419) Metaspace: 414885K(420992K)->414885K(420992K) NonClass: 362867K(366272K)->362867K(366272K) Class: 52017K(54720K)->52017K(54720K)
[2024-05-30T12:45:36.969+0000][7876.388s][info][gc          ] GC(1419) Pause Young (Normal) (G1 Evacuation Pause) 9165M->1877M(12288M) 33.521ms
[2024-05-30T12:45:36.969+0000][7876.389s][info][gc,cpu      ] GC(1419) User=0.20s Sys=0.00s Real=0.04s
[2024-05-30T12:45:46.717+0000][7886.137s][info][gc,start    ] GC(1420) Pause Young (Normal) (G1 Evacuation Pause)
[2024-05-30T12:45:46.717+0000][7886.137s][info][gc,task     ] GC(1420) Using 6 workers of 6 for evacuation
[2024-05-30T12:45:46.751+0000][7886.170s][info][gc,phases   ] GC(1420)   Pre Evacuate Collection Set: 0.2ms
[2024-05-30T12:45:46.751+0000][7886.170s][info][gc,phases   ] GC(1420)   Merge Heap Roots: 0.3ms
[2024-05-30T12:45:46.751+0000][7886.170s][info][gc,phases   ] GC(1420)   Evacuate Collection Set: 31.2ms
[2024-05-30T12:45:46.751+0000][7886.170s][info][gc,phases   ] GC(1420)   Post Evacuate Collection Set: 1.8ms
[2024-05-30T12:45:46.751+0000][7886.170s][info][gc,phases   ] GC(1420)   Other: 0.2ms
[2024-05-30T12:45:46.751+0000][7886.170s][info][gc,heap     ] GC(1420) Eden regions: 911->0(906)
[2024-05-30T12:45:46.751+0000][7886.170s][info][gc,heap     ] GC(1420) Survivor regions: 10->15(116)
[2024-05-30T12:45:46.751+0000][7886.170s][info][gc,heap     ] GC(1420) Old regions: 219->219
[2024-05-30T12:45:46.751+0000][7886.170s][info][gc,heap     ] GC(1420) Archive regions: 2->2
[2024-05-30T12:45:46.751+0000][7886.170s][info][gc,heap     ] GC(1420) Humongous regions: 6->6
[2024-05-30T12:45:46.751+0000][7886.170s][info][gc,metaspace] GC(1420) Metaspace: 414887K(420992K)->414887K(420992K) NonClass: 362870K(366272K)->362870K(366272K) Class: 52017K(54720K)->52017K(54720K)
[2024-05-30T12:45:46.751+0000][7886.170s][info][gc          ] GC(1420) Pause Young (Normal) (G1 Evacuation Pause) 9165M->1911M(12288M) 33.717ms
[2024-05-30T12:45:46.751+0000][7886.170s][info][gc,cpu      ] GC(1420) User=0.20s Sys=0.00s Real=0.03s
[2024-05-30T12:45:56.233+0000][7895.652s][info][gc,start    ] GC(1421) Pause Young (Normal) (G1 Evacuation Pause)
[2024-05-30T12:45:56.233+0000][7895.652s][info][gc,task     ] GC(1421) Using 6 workers of 6 for evacuation
[2024-05-30T12:45:56.271+0000][7895.690s][info][gc,phases   ] GC(1421)   Pre Evacuate Collection Set: 0.2ms
[2024-05-30T12:45:56.271+0000][7895.690s][info][gc,phases   ] GC(1421)   Merge Heap Roots: 0.3ms
[2024-05-30T12:45:56.271+0000][7895.690s][info][gc,phases   ] GC(1421)   Evacuate Collection Set: 35.5ms
[2024-05-30T12:45:56.271+0000][7895.690s][info][gc,phases   ] GC(1421)   Post Evacuate Collection Set: 2.0ms
[2024-05-30T12:45:56.271+0000][7895.690s][info][gc,phases   ] GC(1421)   Other: 0.2ms
[2024-05-30T12:45:56.271+0000][7895.690s][info][gc,heap     ] GC(1421) Eden regions: 906->0(906)
[2024-05-30T12:45:56.271+0000][7895.690s][info][gc,heap     ] GC(1421) Survivor regions: 15->15(116)
[2024-05-30T12:45:56.271+0000][7895.690s][info][gc,heap     ] GC(1421) Old regions: 219->219
[2024-05-30T12:45:56.271+0000][7895.690s][info][gc,heap     ] GC(1421) Archive regions: 2->2
[2024-05-30T12:45:56.271+0000][7895.690s][info][gc,heap     ] GC(1421) Humongous regions: 6->6
[2024-05-30T12:45:56.271+0000][7895.690s][info][gc,metaspace] GC(1421) Metaspace: 414887K(420992K)->414887K(420992K) NonClass: 362870K(366272K)->362870K(366272K) Class: 52017K(54720K)->52017K(54720K)
[2024-05-30T12:45:56.271+0000][7895.690s][info][gc          ] GC(1421) Pause Young (Normal) (G1 Evacuation Pause) 9159M->1917M(12288M) 38.180ms
[2024-05-30T12:45:56.271+0000][7895.690s][info][gc,cpu      ] GC(1421) User=0.22s Sys=0.00s Real=0.04s
[2024-05-30T12:46:05.886+0000][7905.305s][info][gc,start    ] GC(1422) Pause Young (Normal) (G1 Evacuation Pause)
[2024-05-30T12:46:05.886+0000][7905.306s][info][gc,task     ] GC(1422) Using 6 workers of 6 for evacuation
[2024-05-30T12:46:05.931+0000][7905.350s][info][gc,phases   ] GC(1422)   Pre Evacuate Collection Set: 0.2ms
[2024-05-30T12:46:05.931+0000][7905.350s][info][gc,phases   ] GC(1422)   Merge Heap Roots: 0.3ms
[2024-05-30T12:46:05.931+0000][7905.350s][info][gc,phases   ] GC(1422)   Evacuate Collection Set: 42.2ms
[2024-05-30T12:46:05.931+0000][7905.350s][info][gc,phases   ] GC(1422)   Post Evacuate Collection Set: 1.8ms
[2024-05-30T12:46:05.931+0000][7905.350s][info][gc,phases   ] GC(1422)   Other: 0.2ms
[2024-05-30T12:46:05.931+0000][7905.350s][info][gc,heap     ] GC(1422) Eden regions: 906->0(903)
[2024-05-30T12:46:05.931+0000][7905.350s][info][gc,heap     ] GC(1422) Survivor regions: 15->18(116)
[2024-05-30T12:46:05.931+0000][7905.350s][info][gc,heap     ] GC(1422) Old regions: 219->219
[2024-05-30T12:46:05.931+0000][7905.350s][info][gc,heap     ] GC(1422) Archive regions: 2->2
[2024-05-30T12:46:05.931+0000][7905.350s][info][gc,heap     ] GC(1422) Humongous regions: 6->6
[2024-05-30T12:46:05.931+0000][7905.350s][info][gc,metaspace] GC(1422) Metaspace: 414888K(420992K)->414888K(420992K) NonClass: 362871K(366272K)->362871K(366272K) Class: 52017K(54720K)->52017K(54720K)
[2024-05-30T12:46:05.931+0000][7905.350s][info][gc          ] GC(1422) Pause Young (Normal) (G1 Evacuation Pause) 9165M->1940M(12288M) 44.728ms
[2024-05-30T12:46:05.931+0000][7905.350s][info][gc,cpu      ] GC(1422) User=0.27s Sys=0.00s Real=0.05s
[2024-05-30T12:46:15.621+0000][7915.040s][info][gc,start    ] GC(1423) Pause Young (Normal) (G1 Evacuation Pause)
[2024-05-30T12:46:15.621+0000][7915.040s][info][gc,task     ] GC(1423) Using 6 workers of 6 for evacuation
[2024-05-30T12:46:15.669+0000][7915.088s][info][gc,phases   ] GC(1423)   Pre Evacuate Collection Set: 0.2ms
[2024-05-30T12:46:15.669+0000][7915.088s][info][gc,phases   ] GC(1423)   Merge Heap Roots: 0.3ms
[2024-05-30T12:46:15.669+0000][7915.088s][info][gc,phases   ] GC(1423)   Evacuate Collection Set: 45.6ms
[2024-05-30T12:46:15.669+0000][7915.088s][info][gc,phases   ] GC(1423)   Post Evacuate Collection Set: 1.8ms
[2024-05-30T12:46:15.669+0000][7915.088s][info][gc,phases   ] GC(1423)   Other: 0.2ms
[2024-05-30T12:46:15.669+0000][7915.088s][info][gc,heap     ] GC(1423) Eden regions: 903->0(900)
[2024-05-30T12:46:15.669+0000][7915.088s][info][gc,heap     ] GC(1423) Survivor regions: 18->21(116)
[2024-05-30T12:46:15.669+0000][7915.088s][info][gc,heap     ] GC(1423) Old regions: 219->219
[2024-05-30T12:46:15.669+0000][7915.088s][info][gc,heap     ] GC(1423) Archive regions: 2->2
[2024-05-30T12:46:15.669+0000][7915.088s][info][gc,heap     ] GC(1423) Humongous regions: 6->6
[2024-05-30T12:46:15.669+0000][7915.088s][info][gc,metaspace] GC(1423) Metaspace: 414888K(420992K)->414888K(420992K) NonClass: 362871K(366272K)->362871K(366272K) Class: 52017K(54720K)->52017K(54720K)
[2024-05-30T12:46:15.669+0000][7915.088s][info][gc          ] GC(1423) Pause Young (Normal) (G1 Evacuation Pause) 9164M->1961M(12288M) 48.146ms
[2024-05-30T12:46:15.669+0000][7915.088s][info][gc,cpu      ] GC(1423) User=0.29s Sys=0.00s Real=0.05s
[2024-05-30T12:46:22.235+0000][7921.655s][info][gc,start    ] GC(1424) Pause Young (Normal) (G1 Evacuation Pause)
[2024-05-30T12:46:22.235+0000][7921.655s][info][gc,task     ] GC(1424) Using 6 workers of 6 for evacuation
[2024-05-30T12:46:22.306+0000][7921.725s][info][gc,phases   ] GC(1424)   Pre Evacuate Collection Set: 0.2ms
[2024-05-30T12:46:22.306+0000][7921.725s][info][gc,phases   ] GC(1424)   Merge Heap Roots: 0.3ms
[2024-05-30T12:46:22.306+0000][7921.725s][info][gc,phases   ] GC(1424)   Evacuate Collection Set: 61.0ms
[2024-05-30T12:46:22.306+0000][7921.725s][info][gc,phases   ] GC(1424)   Post Evacuate Collection Set: 8.9ms
[2024-05-30T12:46:22.306+0000][7921.725s][info][gc,phases   ] GC(1424)   Other: 0.2ms
[2024-05-30T12:46:22.306+0000][7921.725s][info][gc,heap     ] GC(1424) Eden regions: 900->0(900)
[2024-05-30T12:46:22.306+0000][7921.725s][info][gc,heap     ] GC(1424) Survivor regions: 21->21(116)
[2024-05-30T12:46:22.306+0000][7921.725s][info][gc,heap     ] GC(1424) Old regions: 219->219
[2024-05-30T12:46:22.306+0000][7921.725s][info][gc,heap     ] GC(1424) Archive regions: 2->2
[2024-05-30T12:46:22.306+0000][7921.725s][info][gc,heap     ] GC(1424) Humongous regions: 6->6
[2024-05-30T12:46:22.306+0000][7921.725s][info][gc,metaspace] GC(1424) Metaspace: 414888K(420992K)->414888K(420992K) NonClass: 362871K(366272K)->362871K(366272K) Class: 52017K(54720K)->52017K(54720K)
[2024-05-30T12:46:22.306+0000][7921.725s][info][gc          ] GC(1424) Pause Young (Normal) (G1 Evacuation Pause) 9161M->1961M(12288M) 70.643ms
[2024-05-30T12:46:22.306+0000][7921.725s][info][gc,cpu      ] GC(1424) User=0.40s Sys=0.00s Real=0.07s
[2024-05-30T12:46:25.187+0000][7924.606s][info][gc,start    ] GC(1425) Pause Young (Normal) (G1 Evacuation Pause)
[2024-05-30T12:46:25.187+0000][7924.606s][info][gc,task     ] GC(1425) Using 6 workers of 6 for evacuation
[2024-05-30T12:46:25.320+0000][7924.739s][info][gc,phases   ] GC(1425)   Pre Evacuate Collection Set: 0.2ms
[2024-05-30T12:46:25.320+0000][7924.739s][info][gc,phases   ] GC(1425)   Merge Heap Roots: 0.4ms
[2024-05-30T12:46:25.320+0000][7924.739s][info][gc,phases   ] GC(1425)   Evacuate Collection Set: 111.7ms
[2024-05-30T12:46:25.320+0000][7924.739s][info][gc,phases   ] GC(1425)   Post Evacuate Collection Set: 20.8ms
[2024-05-30T12:46:25.320+0000][7924.739s][info][gc,phases   ] GC(1425)   Other: 0.2ms
[2024-05-30T12:46:25.320+0000][7924.739s][info][gc,heap     ] GC(1425) Eden regions: 900->0(895)
[2024-05-30T12:46:25.320+0000][7924.739s][info][gc,heap     ] GC(1425) Survivor regions: 21->26(116)
[2024-05-30T12:46:25.320+0000][7924.739s][info][gc,heap     ] GC(1425) Old regions: 219->219
[2024-05-30T12:46:25.320+0000][7924.739s][info][gc,heap     ] GC(1425) Archive regions: 2->2
[2024-05-30T12:46:25.320+0000][7924.739s][info][gc,heap     ] GC(1425) Humongous regions: 6->6
[2024-05-30T12:46:25.320+0000][7924.739s][info][gc,metaspace] GC(1425) Metaspace: 414888K(420992K)->414888K(420992K) NonClass: 362871K(366272K)->362871K(366272K) Class: 52017K(54720K)->52017K(54720K)
[2024-05-30T12:46:25.320+0000][7924.739s][info][gc          ] GC(1425) Pause Young (Normal) (G1 Evacuation Pause) 9161M->2001M(12288M) 133.266ms
[2024-05-30T12:46:25.320+0000][7924.739s][info][gc,cpu      ] GC(1425) User=0.79s Sys=0.00s Real=0.14s
[2024-05-30T12:46:27.984+0000][7927.404s][info][gc,start    ] GC(1426) Pause Young (Normal) (G1 Evacuation Pause)
[2024-05-30T12:46:27.984+0000][7927.404s][info][gc,task     ] GC(1426) Using 6 workers of 6 for evacuation
[2024-05-30T12:46:28.096+0000][7927.515s][info][gc,phases   ] GC(1426)   Pre Evacuate Collection Set: 0.2ms
[2024-05-30T12:46:28.096+0000][7927.515s][info][gc,phases   ] GC(1426)   Merge Heap Roots: 0.4ms
[2024-05-30T12:46:28.096+0000][7927.515s][info][gc,phases   ] GC(1426)   Evacuate Collection Set: 96.2ms
[2024-05-30T12:46:28.096+0000][7927.515s][info][gc,phases   ] GC(1426)   Post Evacuate Collection Set: 14.7ms
[2024-05-30T12:46:28.096+0000][7927.515s][info][gc,phases   ] GC(1426)   Other: 0.3ms
[2024-05-30T12:46:28.096+0000][7927.515s][info][gc,heap     ] GC(1426) Eden regions: 895->0(894)
[2024-05-30T12:46:28.096+0000][7927.515s][info][gc,heap     ] GC(1426) Survivor regions: 26->27(116)
[2024-05-30T12:46:28.096+0000][7927.515s][info][gc,heap     ] GC(1426) Old regions: 219->219
[2024-05-30T12:46:28.096+0000][7927.515s][info][gc,heap     ] GC(1426) Archive regions: 2->2
[2024-05-30T12:46:28.096+0000][7927.515s][info][gc,heap     ] GC(1426) Humongous regions: 6->6
[2024-05-30T12:46:28.096+0000][7927.515s][info][gc,metaspace] GC(1426) Metaspace: 414888K(420992K)->414888K(420992K) NonClass: 362871K(366272K)->362871K(366272K) Class: 52017K(54720K)->52017K(54720K)
[2024-05-30T12:46:28.096+0000][7927.515s][info][gc          ] GC(1426) Pause Young (Normal) (G1 Evacuation Pause) 9161M->2013M(12288M) 111.690ms
[2024-05-30T12:46:28.096+0000][7927.515s][info][gc,cpu      ] GC(1426) User=0.66s Sys=0.00s Real=0.11s
[2024-05-30T12:46:30.770+0000][7930.189s][info][gc,start    ] GC(1427) Pause Young (Normal) (G1 Evacuation Pause)
[2024-05-30T12:46:30.770+0000][7930.189s][info][gc,task     ] GC(1427) Using 6 workers of 6 for evacuation
[2024-05-30T12:46:30.917+0000][7930.336s][info][gc,phases   ] GC(1427)   Pre Evacuate Collection Set: 0.2ms
[2024-05-30T12:46:30.917+0000][7930.336s][info][gc,phases   ] GC(1427)   Merge Heap Roots: 0.4ms
[2024-05-30T12:46:30.917+0000][7930.336s][info][gc,phases   ] GC(1427)   Evacuate Collection Set: 125.1ms
[2024-05-30T12:46:30.917+0000][7930.336s][info][gc,phases   ] GC(1427)   Post Evacuate Collection Set: 20.8ms
[2024-05-30T12:46:30.917+0000][7930.336s][info][gc,phases   ] GC(1427)   Other: 0.2ms
[2024-05-30T12:46:30.917+0000][7930.336s][info][gc,heap     ] GC(1427) Eden regions: 894->0(890)
[2024-05-30T12:46:30.917+0000][7930.336s][info][gc,heap     ] GC(1427) Survivor regions: 27->31(116)
[2024-05-30T12:46:30.917+0000][7930.336s][info][gc,heap     ] GC(1427) Old regions: 219->219
[2024-05-30T12:46:30.917+0000][7930.336s][info][gc,heap     ] GC(1427) Archive regions: 2->2
[2024-05-30T12:46:30.917+0000][7930.336s][info][gc,heap     ] GC(1427) Humongous regions: 6->6
[2024-05-30T12:46:30.917+0000][7930.336s][info][gc,metaspace] GC(1427) Metaspace: 414888K(420992K)->414888K(420992K) NonClass: 362871K(366272K)->362871K(366272K) Class: 52017K(54720K)->52017K(54720K)
[2024-05-30T12:46:30.917+0000][7930.336s][info][gc          ] GC(1427) Pause Young (Normal) (G1 Evacuation Pause) 9165M->2043M(12288M) 146.707ms
[2024-05-30T12:46:30.917+0000][7930.336s][info][gc,cpu      ] GC(1427) User=0.87s Sys=0.00s Real=0.15s
[2024-05-30T12:46:35.466+0000][7934.885s][info][gc,start    ] GC(1428) Pause Young (Normal) (G1 Evacuation Pause)
[2024-05-30T12:46:35.466+0000][7934.885s][info][gc,task     ] GC(1428) Using 6 workers of 6 for evacuation
[2024-05-30T12:46:35.537+0000][7934.956s][info][gc,phases   ] GC(1428)   Pre Evacuate Collection Set: 0.2ms
[2024-05-30T12:46:35.537+0000][7934.956s][info][gc,phases   ] GC(1428)   Merge Heap Roots: 0.3ms
[2024-05-30T12:46:35.537+0000][7934.956s][info][gc,phases   ] GC(1428)   Evacuate Collection Set: 64.1ms
[2024-05-30T12:46:35.537+0000][7934.956s][info][gc,phases   ] GC(1428)   Post Evacuate Collection Set: 6.1ms
[2024-05-30T12:46:35.537+0000][7934.956s][info][gc,phases   ] GC(1428)   Other: 0.2ms
[2024-05-30T12:46:35.537+0000][7934.956s][info][gc,heap     ] GC(1428) Eden regions: 890->0(900)
[2024-05-30T12:46:35.537+0000][7934.956s][info][gc,heap     ] GC(1428) Survivor regions: 31->21(116)
[2024-05-30T12:46:35.537+0000][7934.956s][info][gc,heap     ] GC(1428) Old regions: 219->219
[2024-05-30T12:46:35.537+0000][7934.956s][info][gc,heap     ] GC(1428) Archive regions: 2->2
[2024-05-30T12:46:35.537+0000][7934.956s][info][gc,heap     ] GC(1428) Humongous regions: 6->6
[2024-05-30T12:46:35.537+0000][7934.956s][info][gc,metaspace] GC(1428) Metaspace: 414888K(420992K)->414888K(420992K) NonClass: 362871K(366272K)->362871K(366272K) Class: 52017K(54720K)->52017K(54720K)
[2024-05-30T12:46:35.537+0000][7934.956s][info][gc          ] GC(1428) Pause Young (Normal) (G1 Evacuation Pause) 9163M->1965M(12288M) 71.066ms
[2024-05-30T12:46:35.537+0000][7934.956s][info][gc,cpu      ] GC(1428) User=0.41s Sys=0.00s Real=0.08s
[2024-05-30T12:46:43.368+0000][7942.788s][info][gc,start    ] GC(1429) Pause Young (Normal) (G1 Evacuation Pause)
[2024-05-30T12:46:43.368+0000][7942.788s][info][gc,task     ] GC(1429) Using 6 workers of 6 for evacuation
[2024-05-30T12:46:43.422+0000][7942.841s][info][gc,phases   ] GC(1429)   Pre Evacuate Collection Set: 0.2ms
[2024-05-30T12:46:43.422+0000][7942.841s][info][gc,phases   ] GC(1429)   Merge Heap Roots: 0.3ms
[2024-05-30T12:46:43.422+0000][7942.841s][info][gc,phases   ] GC(1429)   Evacuate Collection Set: 51.1ms
[2024-05-30T12:46:43.422+0000][7942.841s][info][gc,phases   ] GC(1429)   Post Evacuate Collection Set: 1.8ms
[2024-05-30T12:46:43.422+0000][7942.841s][info][gc,phases   ] GC(1429)   Other: 0.2ms
[2024-05-30T12:46:43.422+0000][7942.841s][info][gc,heap     ] GC(1429) Eden regions: 900->0(899)
[2024-05-30T12:46:43.422+0000][7942.841s][info][gc,heap     ] GC(1429) Survivor regions: 21->22(116)
[2024-05-30T12:46:43.422+0000][7942.841s][info][gc,heap     ] GC(1429) Old regions: 219->219
[2024-05-30T12:46:43.422+0000][7942.841s][info][gc,heap     ] GC(1429) Archive regions: 2->2
[2024-05-30T12:46:43.422+0000][7942.841s][info][gc,heap     ] GC(1429) Humongous regions: 6->6
[2024-05-30T12:46:43.422+0000][7942.841s][info][gc,metaspace] GC(1429) Metaspace: 414888K(420992K)->414888K(420992K) NonClass: 362871K(366272K)->362871K(366272K) Class: 52017K(54720K)->52017K(54720K)
[2024-05-30T12:46:43.422+0000][7942.841s][info][gc          ] GC(1429) Pause Young (Normal) (G1 Evacuation Pause) 9165M->1973M(12288M) 53.573ms
[2024-05-30T12:46:43.422+0000][7942.841s][info][gc,cpu      ] GC(1429) User=0.31s Sys=0.01s Real=0.05s
[2024-05-30T12:46:52.854+0000][7952.273s][info][gc,start    ] GC(1430) Pause Young (Normal) (G1 Evacuation Pause)
[2024-05-30T12:46:52.854+0000][7952.273s][info][gc,task     ] GC(1430) Using 6 workers of 6 for evacuation
[2024-05-30T12:46:52.920+0000][7952.339s][info][gc,phases   ] GC(1430)   Pre Evacuate Collection Set: 0.2ms
[2024-05-30T12:46:52.920+0000][7952.339s][info][gc,phases   ] GC(1430)   Merge Heap Roots: 0.3ms
[2024-05-30T12:46:52.920+0000][7952.339s][info][gc,phases   ] GC(1430)   Evacuate Collection Set: 63.1ms
[2024-05-30T12:46:52.920+0000][7952.339s][info][gc,phases   ] GC(1430)   Post Evacuate Collection Set: 2.0ms
[2024-05-30T12:46:52.920+0000][7952.339s][info][gc,phases   ] GC(1430)   Other: 0.2ms
[2024-05-30T12:46:52.920+0000][7952.339s][info][gc,heap     ] GC(1430) Eden regions: 899->0(898)
[2024-05-30T12:46:52.920+0000][7952.339s][info][gc,heap     ] GC(1430) Survivor regions: 22->23(116)
[2024-05-30T12:46:52.920+0000][7952.339s][info][gc,heap     ] GC(1430) Old regions: 219->219
[2024-05-30T12:46:52.920+0000][7952.339s][info][gc,heap     ] GC(1430) Archive regions: 2->2
[2024-05-30T12:46:52.920+0000][7952.339s][info][gc,heap     ] GC(1430) Humongous regions: 6->6
[2024-05-30T12:46:52.920+0000][7952.339s][info][gc,metaspace] GC(1430) Metaspace: 414889K(420992K)->414889K(420992K) NonClass: 362871K(366272K)->362871K(366272K) Class: 52017K(54720K)->52017K(54720K)
[2024-05-30T12:46:52.920+0000][7952.339s][info][gc          ] GC(1430) Pause Young (Normal) (G1 Evacuation Pause) 9165M->1977M(12288M) 65.861ms
[2024-05-30T12:46:52.920+0000][7952.339s][info][gc,cpu      ] GC(1430) User=0.39s Sys=0.00s Real=0.07s
[2024-05-30T12:47:02.622+0000][7962.041s][info][gc,start    ] GC(1431) Pause Young (Normal) (G1 Evacuation Pause)
[2024-05-30T12:47:02.622+0000][7962.042s][info][gc,task     ] GC(1431) Using 6 workers of 6 for evacuation
[2024-05-30T12:47:02.685+0000][7962.104s][info][gc,phases   ] GC(1431)   Pre Evacuate Collection Set: 0.2ms
[2024-05-30T12:47:02.685+0000][7962.104s][info][gc,phases   ] GC(1431)   Merge Heap Roots: 0.3ms
[2024-05-30T12:47:02.685+0000][7962.104s][info][gc,phases   ] GC(1431)   Evacuate Collection Set: 60.3ms
[2024-05-30T12:47:02.685+0000][7962.104s][info][gc,phases   ] GC(1431)   Post Evacuate Collection Set: 1.8ms
[2024-05-30T12:47:02.685+0000][7962.104s][info][gc,phases   ] GC(1431)   Other: 0.2ms
[2024-05-30T12:47:02.685+0000][7962.104s][info][gc,heap     ] GC(1431) Eden regions: 898->0(899)
[2024-05-30T12:47:02.685+0000][7962.104s][info][gc,heap     ] GC(1431) Survivor regions: 23->22(116)
[2024-05-30T12:47:02.685+0000][7962.104s][info][gc,heap     ] GC(1431) Old regions: 219->220
[2024-05-30T12:47:02.685+0000][7962.104s][info][gc,heap     ] GC(1431) Archive regions: 2->2
[2024-05-30T12:47:02.685+0000][7962.104s][info][gc,heap     ] GC(1431) Humongous regions: 6->6
[2024-05-30T12:47:02.685+0000][7962.104s][info][gc,metaspace] GC(1431) Metaspace: 414889K(420992K)->414889K(420992K) NonClass: 362871K(366272K)->362871K(366272K) Class: 52017K(54720K)->52017K(54720K)
[2024-05-30T12:47:02.685+0000][7962.104s][info][gc          ] GC(1431) Pause Young (Normal) (G1 Evacuation Pause) 9161M->1983M(12288M) 62.822ms
[2024-05-30T12:47:02.685+0000][7962.104s][info][gc,cpu      ] GC(1431) User=0.37s Sys=0.00s Real=0.06s
[2024-05-30T12:47:12.413+0000][7971.833s][info][gc,start    ] GC(1432) Pause Young (Normal) (G1 Evacuation Pause)
[2024-05-30T12:47:12.413+0000][7971.833s][info][gc,task     ] GC(1432) Using 6 workers of 6 for evacuation
[2024-05-30T12:47:12.471+0000][7971.891s][info][gc,phases   ] GC(1432)   Pre Evacuate Collection Set: 0.2ms
[2024-05-30T12:47:12.471+0000][7971.891s][info][gc,phases   ] GC(1432)   Merge Heap Roots: 0.3ms
[2024-05-30T12:47:12.471+0000][7971.891s][info][gc,phases   ] GC(1432)   Evacuate Collection Set: 55.6ms
[2024-05-30T12:47:12.471+0000][7971.891s][info][gc,phases   ] GC(1432)   Post Evacuate Collection Set: 1.9ms
[2024-05-30T12:47:12.472+0000][7971.891s][info][gc,phases   ] GC(1432)   Other: 0.2ms
[2024-05-30T12:47:12.472+0000][7971.891s][info][gc,heap     ] GC(1432) Eden regions: 899->0(896)
[2024-05-30T12:47:12.472+0000][7971.891s][info][gc,heap     ] GC(1432) Survivor regions: 22->25(116)
[2024-05-30T12:47:12.472+0000][7971.891s][info][gc,heap     ] GC(1432) Old regions: 220->220
[2024-05-30T12:47:12.472+0000][7971.891s][info][gc,heap     ] GC(1432) Archive regions: 2->2
[2024-05-30T12:47:12.472+0000][7971.891s][info][gc,heap     ] GC(1432) Humongous regions: 6->6
[2024-05-30T12:47:12.472+0000][7971.891s][info][gc,metaspace] GC(1432) Metaspace: 414889K(420992K)->414889K(420992K) NonClass: 362871K(366272K)->362871K(366272K) Class: 52017K(54720K)->52017K(54720K)
[2024-05-30T12:47:12.472+0000][7971.891s][info][gc          ] GC(1432) Pause Young (Normal) (G1 Evacuation Pause) 9175M->2008M(12288M) 58.265ms
[2024-05-30T12:47:12.472+0000][7971.891s][info][gc,cpu      ] GC(1432) User=0.35s Sys=0.00s Real=0.06s
[2024-05-30T12:47:17.652+0000][7977.071s][info][gc,start    ] GC(1433) Pause Young (Normal) (G1 Evacuation Pause)
[2024-05-30T12:47:17.652+0000][7977.071s][info][gc,task     ] GC(1433) Using 6 workers of 6 for evacuation
[2024-05-30T12:47:17.746+0000][7977.165s][info][gc,phases   ] GC(1433)   Pre Evacuate Collection Set: 0.2ms
[2024-05-30T12:47:17.746+0000][7977.165s][info][gc,phases   ] GC(1433)   Merge Heap Roots: 0.3ms
[2024-05-30T12:47:17.746+0000][7977.165s][info][gc,phases   ] GC(1433)   Evacuate Collection Set: 80.3ms
[2024-05-30T12:47:17.746+0000][7977.165s][info][gc,phases   ] GC(1433)   Post Evacuate Collection Set: 12.9ms
[2024-05-30T12:47:17.746+0000][7977.165s][info][gc,phases   ] GC(1433)   Other: 0.2ms
[2024-05-30T12:47:17.746+0000][7977.165s][info][gc,heap     ] GC(1433) Eden regions: 896->0(894)
[2024-05-30T12:47:17.746+0000][7977.165s][info][gc,heap     ] GC(1433) Survivor regions: 25->27(116)
[2024-05-30T12:47:17.746+0000][7977.165s][info][gc,heap     ] GC(1433) Old regions: 220->221
[2024-05-30T12:47:17.746+0000][7977.165s][info][gc,heap     ] GC(1433) Archive regions: 2->2
[2024-05-30T12:47:17.746+0000][7977.165s][info][gc,heap     ] GC(1433) Humongous regions: 6->6
[2024-05-30T12:47:17.746+0000][7977.165s][info][gc,metaspace] GC(1433) Metaspace: 414889K(420992K)->414889K(420992K) NonClass: 362871K(366272K)->362871K(366272K) Class: 52017K(54720K)->52017K(54720K)
[2024-05-30T12:47:17.746+0000][7977.165s][info][gc          ] GC(1433) Pause Young (Normal) (G1 Evacuation Pause) 9176M->2028M(12288M) 94.026ms
[2024-05-30T12:47:17.746+0000][7977.165s][info][gc,cpu      ] GC(1433) User=0.55s Sys=0.00s Real=0.09s
[2024-05-30T12:47:20.447+0000][7979.867s][info][gc,start    ] GC(1434) Pause Young (Normal) (G1 Evacuation Pause)
[2024-05-30T12:47:20.447+0000][7979.867s][info][gc,task     ] GC(1434) Using 6 workers of 6 for evacuation
[2024-05-30T12:47:20.560+0000][7979.979s][info][gc,phases   ] GC(1434)   Pre Evacuate Collection Set: 0.2ms
[2024-05-30T12:47:20.560+0000][7979.979s][info][gc,phases   ] GC(1434)   Merge Heap Roots: 0.3ms
[2024-05-30T12:47:20.560+0000][7979.979s][info][gc,phases   ] GC(1434)   Evacuate Collection Set: 95.0ms
[2024-05-30T12:47:20.560+0000][7979.979s][info][gc,phases   ] GC(1434)   Post Evacuate Collection Set: 16.7ms
[2024-05-30T12:47:20.560+0000][7979.979s][info][gc,phases   ] GC(1434)   Other: 0.2ms
[2024-05-30T12:47:20.560+0000][7979.979s][info][gc,heap     ] GC(1434) Eden regions: 894->0(895)
[2024-05-30T12:47:20.560+0000][7979.979s][info][gc,heap     ] GC(1434) Survivor regions: 27->26(116)
[2024-05-30T12:47:20.560+0000][7979.979s][info][gc,heap     ] GC(1434) Old regions: 221->222
[2024-05-30T12:47:20.560+0000][7979.979s][info][gc,heap     ] GC(1434) Archive regions: 2->2
[2024-05-30T12:47:20.560+0000][7979.979s][info][gc,heap     ] GC(1434) Humongous regions: 6->6
[2024-05-30T12:47:20.560+0000][7979.979s][info][gc,metaspace] GC(1434) Metaspace: 414889K(420992K)->414889K(420992K) NonClass: 362871K(366272K)->362871K(366272K) Class: 52017K(54720K)->52017K(54720K)
[2024-05-30T12:47:20.560+0000][7979.979s][info][gc          ] GC(1434) Pause Young (Normal) (G1 Evacuation Pause) 9180M->2033M(12288M) 112.425ms
[2024-05-30T12:47:20.560+0000][7979.979s][info][gc,cpu      ] GC(1434) User=0.66s Sys=0.00s Real=0.12s
[2024-05-30T12:47:23.412+0000][7982.831s][info][gc,start    ] GC(1435) Pause Young (Concurrent Start) (G1 Evacuation Pause)
[2024-05-30T12:47:23.412+0000][7982.831s][info][gc,task     ] GC(1435) Using 6 workers of 6 for evacuation
[2024-05-30T12:47:23.553+0000][7982.972s][info][gc,phases   ] GC(1435)   Pre Evacuate Collection Set: 0.6ms
[2024-05-30T12:47:23.553+0000][7982.972s][info][gc,phases   ] GC(1435)   Merge Heap Roots: 0.3ms
[2024-05-30T12:47:23.553+0000][7982.972s][info][gc,phases   ] GC(1435)   Evacuate Collection Set: 116.7ms
[2024-05-30T12:47:23.553+0000][7982.972s][info][gc,phases   ] GC(1435)   Post Evacuate Collection Set: 23.5ms
[2024-05-30T12:47:23.553+0000][7982.972s][info][gc,phases   ] GC(1435)   Other: 0.3ms
[2024-05-30T12:47:23.553+0000][7982.972s][info][gc,heap     ] GC(1435) Eden regions: 895->0(889)
[2024-05-30T12:47:23.553+0000][7982.972s][info][gc,heap     ] GC(1435) Survivor regions: 26->32(116)
[2024-05-30T12:47:23.553+0000][7982.972s][info][gc,heap     ] GC(1435) Old regions: 222->223
[2024-05-30T12:47:23.553+0000][7982.972s][info][gc,heap     ] GC(1435) Archive regions: 2->2
[2024-05-30T12:47:23.553+0000][7982.972s][info][gc,heap     ] GC(1435) Humongous regions: 6->6
[2024-05-30T12:47:23.553+0000][7982.972s][info][gc,metaspace] GC(1435) Metaspace: 414889K(420992K)->414889K(420992K) NonClass: 362871K(366272K)->362871K(366272K) Class: 52017K(54720K)->52017K(54720K)
[2024-05-30T12:47:23.553+0000][7982.972s][info][gc          ] GC(1435) Pause Young (Concurrent Start) (G1 Evacuation Pause) 9193M->2085M(12288M) 141.464ms
[2024-05-30T12:47:23.553+0000][7982.972s][info][gc,cpu      ] GC(1435) User=0.82s Sys=0.00s Real=0.14s
[2024-05-30T12:47:23.553+0000][7982.972s][info][gc          ] GC(1436) Concurrent Mark Cycle
[2024-05-30T12:47:23.553+0000][7982.972s][info][gc,marking  ] GC(1436) Concurrent Clear Claimed Marks
[2024-05-30T12:47:23.554+0000][7982.973s][info][gc,marking  ] GC(1436) Concurrent Clear Claimed Marks 0.404ms
[2024-05-30T12:47:23.554+0000][7982.973s][info][gc,marking  ] GC(1436) Concurrent Scan Root Regions
[2024-05-30T12:47:23.665+0000][7983.084s][info][gc,marking  ] GC(1436) Concurrent Scan Root Regions 111.003ms
[2024-05-30T12:47:23.665+0000][7983.084s][info][gc,marking  ] GC(1436) Concurrent Mark
[2024-05-30T12:47:23.665+0000][7983.084s][info][gc,marking  ] GC(1436) Concurrent Mark From Roots
[2024-05-30T12:47:23.665+0000][7983.084s][info][gc,task     ] GC(1436) Using 2 workers of 2 for marking
[2024-05-30T12:47:24.792+0000][7984.212s][info][gc,marking  ] GC(1436) Concurrent Mark From Roots 1127.748ms
[2024-05-30T12:47:24.792+0000][7984.212s][info][gc,marking  ] GC(1436) Concurrent Preclean
[2024-05-30T12:47:24.793+0000][7984.213s][info][gc,marking  ] GC(1436) Concurrent Preclean 0.933ms
[2024-05-30T12:47:24.794+0000][7984.213s][info][gc,start    ] GC(1436) Pause Remark
[2024-05-30T12:47:24.815+0000][7984.234s][info][gc          ] GC(1436) Pause Remark 4817M->4817M(12288M) 21.060ms
[2024-05-30T12:47:24.815+0000][7984.234s][info][gc,cpu      ] GC(1436) User=0.09s Sys=0.00s Real=0.02s
[2024-05-30T12:47:24.815+0000][7984.234s][info][gc,marking  ] GC(1436) Concurrent Mark 1150.132ms
[2024-05-30T12:47:24.815+0000][7984.234s][info][gc,marking  ] GC(1436) Concurrent Rebuild Remembered Sets
[2024-05-30T12:47:25.511+0000][7984.930s][info][gc,marking  ] GC(1436) Concurrent Rebuild Remembered Sets 696.311ms
[2024-05-30T12:47:25.511+0000][7984.931s][info][gc,start    ] GC(1436) Pause Cleanup
[2024-05-30T12:47:25.512+0000][7984.931s][info][gc          ] GC(1436) Pause Cleanup 6373M->6373M(12288M) 0.505ms
[2024-05-30T12:47:25.512+0000][7984.931s][info][gc,cpu      ] GC(1436) User=0.00s Sys=0.00s Real=0.00s
[2024-05-30T12:47:25.512+0000][7984.931s][info][gc,marking  ] GC(1436) Concurrent Cleanup for Next Mark
[2024-05-30T12:47:25.530+0000][7984.949s][info][gc,marking  ] GC(1436) Concurrent Cleanup for Next Mark 17.762ms
[2024-05-30T12:47:25.530+0000][7984.949s][info][gc          ] GC(1436) Concurrent Mark Cycle 1976.629ms
[2024-05-30T12:47:26.604+0000][7986.023s][info][gc,start    ] GC(1437) Pause Young (Prepare Mixed) (G1 Evacuation Pause)
[2024-05-30T12:47:26.604+0000][7986.023s][info][gc,task     ] GC(1437) Using 6 workers of 6 for evacuation
[2024-05-30T12:47:26.770+0000][7986.190s][info][gc,phases   ] GC(1437)   Pre Evacuate Collection Set: 0.2ms
[2024-05-30T12:47:26.771+0000][7986.190s][info][gc,phases   ] GC(1437)   Merge Heap Roots: 1.1ms
[2024-05-30T12:47:26.771+0000][7986.190s][info][gc,phases   ] GC(1437)   Evacuate Collection Set: 139.6ms
[2024-05-30T12:47:26.771+0000][7986.190s][info][gc,phases   ] GC(1437)   Post Evacuate Collection Set: 25.4ms
[2024-05-30T12:47:26.771+0000][7986.190s][info][gc,phases   ] GC(1437)   Other: 0.2ms
[2024-05-30T12:47:26.771+0000][7986.190s][info][gc,heap     ] GC(1437) Eden regions: 889->0(39)
[2024-05-30T12:47:26.771+0000][7986.190s][info][gc,heap     ] GC(1437) Survivor regions: 32->37(116)
[2024-05-30T12:47:26.771+0000][7986.190s][info][gc,heap     ] GC(1437) Old regions: 223->224
[2024-05-30T12:47:26.771+0000][7986.190s][info][gc,heap     ] GC(1437) Archive regions: 2->2
[2024-05-30T12:47:26.771+0000][7986.190s][info][gc,heap     ] GC(1437) Humongous regions: 6->6
[2024-05-30T12:47:26.771+0000][7986.190s][info][gc,metaspace] GC(1437) Metaspace: 414889K(420992K)->414889K(420992K) NonClass: 362871K(366272K)->362871K(366272K) Class: 52017K(54720K)->52017K(54720K)
[2024-05-30T12:47:26.771+0000][7986.190s][info][gc          ] GC(1437) Pause Young (Prepare Mixed) (G1 Evacuation Pause) 9197M->2136M(12288M) 166.535ms
[2024-05-30T12:47:26.771+0000][7986.190s][info][gc,cpu      ] GC(1437) User=0.98s Sys=0.00s Real=0.17s
[2024-05-30T12:47:26.922+0000][7986.341s][info][gc,start    ] GC(1438) Pause Young (Mixed) (G1 Evacuation Pause)
[2024-05-30T12:47:26.922+0000][7986.341s][info][gc,task     ] GC(1438) Using 6 workers of 6 for evacuation
[2024-05-30T12:47:27.027+0000][7986.446s][info][gc,phases   ] GC(1438)   Pre Evacuate Collection Set: 0.2ms
[2024-05-30T12:47:27.027+0000][7986.446s][info][gc,phases   ] GC(1438)   Merge Heap Roots: 0.3ms
[2024-05-30T12:47:27.027+0000][7986.446s][info][gc,phases   ] GC(1438)   Evacuate Collection Set: 101.9ms
[2024-05-30T12:47:27.027+0000][7986.446s][info][gc,phases   ] GC(1438)   Post Evacuate Collection Set: 2.1ms
[2024-05-30T12:47:27.027+0000][7986.446s][info][gc,phases   ] GC(1438)   Other: 0.2ms
[2024-05-30T12:47:27.027+0000][7986.446s][info][gc,heap     ] GC(1438) Eden regions: 39->0(918)
[2024-05-30T12:47:27.027+0000][7986.446s][info][gc,heap     ] GC(1438) Survivor regions: 37->3(10)
[2024-05-30T12:47:27.027+0000][7986.446s][info][gc,heap     ] GC(1438) Old regions: 224->238
[2024-05-30T12:47:27.027+0000][7986.446s][info][gc,heap     ] GC(1438) Archive regions: 2->2
[2024-05-30T12:47:27.027+0000][7986.446s][info][gc,heap     ] GC(1438) Humongous regions: 6->6
[2024-05-30T12:47:27.027+0000][7986.446s][info][gc,metaspace] GC(1438) Metaspace: 414889K(420992K)->414889K(420992K) NonClass: 362871K(366272K)->362871K(366272K) Class: 52017K(54720K)->52017K(54720K)
[2024-05-30T12:47:27.027+0000][7986.446s][info][gc          ] GC(1438) Pause Young (Mixed) (G1 Evacuation Pause) 2448M->1978M(12288M) 104.689ms
[2024-05-30T12:47:27.027+0000][7986.446s][info][gc,cpu      ] GC(1438) User=0.62s Sys=0.00s Real=0.10s
[2024-05-30T12:47:29.889+0000][7989.308s][info][gc,start    ] GC(1439) Pause Young (Normal) (G1 Evacuation Pause)
[2024-05-30T12:47:29.889+0000][7989.308s][info][gc,task     ] GC(1439) Using 6 workers of 6 for evacuation
[2024-05-30T12:47:29.940+0000][7989.359s][info][gc,phases   ] GC(1439)   Pre Evacuate Collection Set: 0.2ms
[2024-05-30T12:47:29.940+0000][7989.359s][info][gc,phases   ] GC(1439)   Merge Heap Roots: 0.2ms
[2024-05-30T12:47:29.940+0000][7989.359s][info][gc,phases   ] GC(1439)   Evacuate Collection Set: 40.1ms
[2024-05-30T12:47:29.940+0000][7989.359s][info][gc,phases   ] GC(1439)   Post Evacuate Collection Set: 10.1ms
[2024-05-30T12:47:29.940+0000][7989.359s][info][gc,phases   ] GC(1439)   Other: 0.2ms
[2024-05-30T12:47:29.940+0000][7989.359s][info][gc,heap     ] GC(1439) Eden regions: 918->0(916)
[2024-05-30T12:47:29.940+0000][7989.359s][info][gc,heap     ] GC(1439) Survivor regions: 3->5(116)
[2024-05-30T12:47:29.940+0000][7989.359s][info][gc,heap     ] GC(1439) Old regions: 238->238
[2024-05-30T12:47:29.940+0000][7989.359s][info][gc,heap     ] GC(1439) Archive regions: 2->2
[2024-05-30T12:47:29.940+0000][7989.359s][info][gc,heap     ] GC(1439) Humongous regions: 6->6
[2024-05-30T12:47:29.940+0000][7989.359s][info][gc,metaspace] GC(1439) Metaspace: 414889K(420992K)->414889K(420992K) NonClass: 362871K(366272K)->362871K(366272K) Class: 52017K(54720K)->52017K(54720K)
[2024-05-30T12:47:29.940+0000][7989.359s][info][gc          ] GC(1439) Pause Young (Normal) (G1 Evacuation Pause) 9322M->1991M(12288M) 50.822ms
[2024-05-30T12:47:29.940+0000][7989.359s][info][gc,cpu      ] GC(1439) User=0.29s Sys=0.00s Real=0.05s
[2024-05-30T12:47:32.719+0000][7992.138s][info][gc,start    ] GC(1440) Pause Young (Normal) (G1 Evacuation Pause)
[2024-05-30T12:47:32.719+0000][7992.138s][info][gc,task     ] GC(1440) Using 6 workers of 6 for evacuation
[2024-05-30T12:47:32.809+0000][7992.228s][info][gc,phases   ] GC(1440)   Pre Evacuate Collection Set: 0.2ms
[2024-05-30T12:47:32.809+0000][7992.228s][info][gc,phases   ] GC(1440)   Merge Heap Roots: 0.4ms
[2024-05-30T12:47:32.809+0000][7992.228s][info][gc,phases   ] GC(1440)   Evacuate Collection Set: 68.6ms
[2024-05-30T12:47:32.809+0000][7992.228s][info][gc,phases   ] GC(1440)   Post Evacuate Collection Set: 20.6ms
[2024-05-30T12:47:32.809+0000][7992.228s][info][gc,phases   ] GC(1440)   Other: 0.2ms
[2024-05-30T12:47:32.809+0000][7992.228s][info][gc,heap     ] GC(1440) Eden regions: 916->0(912)
[2024-05-30T12:47:32.809+0000][7992.228s][info][gc,heap     ] GC(1440) Survivor regions: 5->9(116)
[2024-05-30T12:47:32.809+0000][7992.228s][info][gc,heap     ] GC(1440) Old regions: 238->238
[2024-05-30T12:47:32.809+0000][7992.228s][info][gc,heap     ] GC(1440) Archive regions: 2->2
[2024-05-30T12:47:32.809+0000][7992.228s][info][gc,heap     ] GC(1440) Humongous regions: 6->6
[2024-05-30T12:47:32.809+0000][7992.228s][info][gc,metaspace] GC(1440) Metaspace: 414895K(420992K)->414895K(420992K) NonClass: 362877K(366272K)->362877K(366272K) Class: 52017K(54720K)->52017K(54720K)
[2024-05-30T12:47:32.809+0000][7992.228s][info][gc          ] GC(1440) Pause Young (Normal) (G1 Evacuation Pause) 9319M->2021M(12288M) 90.032ms
[2024-05-30T12:47:32.809+0000][7992.228s][info][gc,cpu      ] GC(1440) User=0.52s Sys=0.00s Real=0.09s
[2024-05-30T12:47:35.534+0000][7994.954s][info][gc,start    ] GC(1441) Pause Young (Concurrent Start) (G1 Evacuation Pause)
[2024-05-30T12:47:35.534+0000][7994.954s][info][gc,task     ] GC(1441) Using 6 workers of 6 for evacuation
[2024-05-30T12:47:35.638+0000][7995.057s][info][gc,phases   ] GC(1441)   Pre Evacuate Collection Set: 0.6ms
[2024-05-30T12:47:35.638+0000][7995.057s][info][gc,phases   ] GC(1441)   Merge Heap Roots: 0.3ms
[2024-05-30T12:47:35.638+0000][7995.057s][info][gc,phases   ] GC(1441)   Evacuate Collection Set: 81.1ms
[2024-05-30T12:47:35.638+0000][7995.057s][info][gc,phases   ] GC(1441)   Post Evacuate Collection Set: 21.2ms
[2024-05-30T12:47:35.638+0000][7995.057s][info][gc,phases   ] GC(1441)   Other: 0.3ms
[2024-05-30T12:47:35.638+0000][7995.057s][info][gc,heap     ] GC(1441) Eden regions: 912->0(907)
[2024-05-30T12:47:35.638+0000][7995.057s][info][gc,heap     ] GC(1441) Survivor regions: 9->14(116)
[2024-05-30T12:47:35.638+0000][7995.057s][info][gc,heap     ] GC(1441) Old regions: 238->238
[2024-05-30T12:47:35.638+0000][7995.057s][info][gc,heap     ] GC(1441) Archive regions: 2->2
[2024-05-30T12:47:35.638+0000][7995.057s][info][gc,heap     ] GC(1441) Humongous regions: 6->6
[2024-05-30T12:47:35.638+0000][7995.057s][info][gc,metaspace] GC(1441) Metaspace: 414895K(420992K)->414895K(420992K) NonClass: 362877K(366272K)->362877K(366272K) Class: 52017K(54720K)->52017K(54720K)
[2024-05-30T12:47:35.638+0000][7995.057s][info][gc          ] GC(1441) Pause Young (Concurrent Start) (G1 Evacuation Pause) 9317M->2064M(12288M) 103.574ms
[2024-05-30T12:47:35.638+0000][7995.057s][info][gc,cpu      ] GC(1441) User=0.60s Sys=0.00s Real=0.11s
[2024-05-30T12:47:35.638+0000][7995.057s][info][gc          ] GC(1442) Concurrent Mark Cycle
[2024-05-30T12:47:35.638+0000][7995.057s][info][gc,marking  ] GC(1442) Concurrent Clear Claimed Marks
[2024-05-30T12:47:35.638+0000][7995.058s][info][gc,marking  ] GC(1442) Concurrent Clear Claimed Marks 0.406ms
[2024-05-30T12:47:35.638+0000][7995.058s][info][gc,marking  ] GC(1442) Concurrent Scan Root Regions
[2024-05-30T12:47:35.680+0000][7995.099s][info][gc,marking  ] GC(1442) Concurrent Scan Root Regions 41.100ms
[2024-05-30T12:47:35.680+0000][7995.099s][info][gc,marking  ] GC(1442) Concurrent Mark
[2024-05-30T12:47:35.680+0000][7995.099s][info][gc,marking  ] GC(1442) Concurrent Mark From Roots
[2024-05-30T12:47:35.680+0000][7995.099s][info][gc,task     ] GC(1442) Using 2 workers of 2 for marking
[2024-05-30T12:47:36.993+0000][7996.413s][info][gc,marking  ] GC(1442) Concurrent Mark From Roots 1313.733ms
[2024-05-30T12:47:36.993+0000][7996.413s][info][gc,marking  ] GC(1442) Concurrent Preclean
[2024-05-30T12:47:36.994+0000][7996.414s][info][gc,marking  ] GC(1442) Concurrent Preclean 1.098ms
[2024-05-30T12:47:36.995+0000][7996.414s][info][gc,start    ] GC(1442) Pause Remark
[2024-05-30T12:47:37.016+0000][7996.435s][info][gc          ] GC(1442) Pause Remark 4904M->4896M(12288M) 21.345ms
[2024-05-30T12:47:37.016+0000][7996.435s][info][gc,cpu      ] GC(1442) User=0.09s Sys=0.00s Real=0.02s
[2024-05-30T12:47:37.016+0000][7996.436s][info][gc,marking  ] GC(1442) Concurrent Mark 1336.676ms
[2024-05-30T12:47:37.016+0000][7996.436s][info][gc,marking  ] GC(1442) Concurrent Rebuild Remembered Sets
[2024-05-30T12:47:37.761+0000][7997.180s][info][gc,marking  ] GC(1442) Concurrent Rebuild Remembered Sets 744.766ms
[2024-05-30T12:47:37.761+0000][7997.180s][info][gc,start    ] GC(1442) Pause Cleanup
[2024-05-30T12:47:37.762+0000][7997.181s][info][gc          ] GC(1442) Pause Cleanup 6748M->6748M(12288M) 0.569ms
[2024-05-30T12:47:37.762+0000][7997.181s][info][gc,cpu      ] GC(1442) User=0.00s Sys=0.00s Real=0.00s
[2024-05-30T12:47:37.762+0000][7997.181s][info][gc,marking  ] GC(1442) Concurrent Cleanup for Next Mark
[2024-05-30T12:47:37.779+0000][7997.198s][info][gc,marking  ] GC(1442) Concurrent Cleanup for Next Mark 17.156ms
[2024-05-30T12:47:37.779+0000][7997.198s][info][gc          ] GC(1442) Concurrent Mark Cycle 2141.102ms
[2024-05-30T12:47:38.747+0000][7998.167s][info][gc,start    ] GC(1443) Pause Young (Prepare Mixed) (G1 Evacuation Pause)
[2024-05-30T12:47:38.747+0000][7998.167s][info][gc,task     ] GC(1443) Using 6 workers of 6 for evacuation
[2024-05-30T12:47:38.863+0000][7998.282s][info][gc,phases   ] GC(1443)   Pre Evacuate Collection Set: 0.2ms
[2024-05-30T12:47:38.863+0000][7998.282s][info][gc,phases   ] GC(1443)   Merge Heap Roots: 0.8ms
[2024-05-30T12:47:38.863+0000][7998.282s][info][gc,phases   ] GC(1443)   Evacuate Collection Set: 91.3ms
[2024-05-30T12:47:38.863+0000][7998.282s][info][gc,phases   ] GC(1443)   Post Evacuate Collection Set: 22.8ms
[2024-05-30T12:47:38.863+0000][7998.282s][info][gc,phases   ] GC(1443)   Other: 0.2ms
[2024-05-30T12:47:38.863+0000][7998.282s][info][gc,heap     ] GC(1443) Eden regions: 907->0(57)
[2024-05-30T12:47:38.863+0000][7998.282s][info][gc,heap     ] GC(1443) Survivor regions: 14->19(116)
[2024-05-30T12:47:38.863+0000][7998.282s][info][gc,heap     ] GC(1443) Old regions: 237->237
[2024-05-30T12:47:38.863+0000][7998.282s][info][gc,heap     ] GC(1443) Archive regions: 2->2
[2024-05-30T12:47:38.863+0000][7998.282s][info][gc,heap     ] GC(1443) Humongous regions: 6->6
[2024-05-30T12:47:38.863+0000][7998.282s][info][gc,metaspace] GC(1443) Metaspace: 414895K(420992K)->414895K(420992K) NonClass: 362877K(366272K)->362877K(366272K) Class: 52017K(54720K)->52017K(54720K)
[2024-05-30T12:47:38.863+0000][7998.282s][info][gc          ] GC(1443) Pause Young (Prepare Mixed) (G1 Evacuation Pause) 9312M->2098M(12288M) 115.451ms
[2024-05-30T12:47:38.863+0000][7998.282s][info][gc,cpu      ] GC(1443) User=0.67s Sys=0.00s Real=0.12s
[2024-05-30T12:47:39.052+0000][7998.471s][info][gc,start    ] GC(1444) Pause Young (Mixed) (G1 Evacuation Pause)
[2024-05-30T12:47:39.052+0000][7998.471s][info][gc,task     ] GC(1444) Using 6 workers of 6 for evacuation
[2024-05-30T12:47:39.119+0000][7998.538s][info][gc,phases   ] GC(1444)   Pre Evacuate Collection Set: 0.2ms
[2024-05-30T12:47:39.119+0000][7998.538s][info][gc,phases   ] GC(1444)   Merge Heap Roots: 0.3ms
[2024-05-30T12:47:39.119+0000][7998.538s][info][gc,phases   ] GC(1444)   Evacuate Collection Set: 63.9ms
[2024-05-30T12:47:39.119+0000][7998.538s][info][gc,phases   ] GC(1444)   Post Evacuate Collection Set: 2.6ms
[2024-05-30T12:47:39.119+0000][7998.538s][info][gc,phases   ] GC(1444)   Other: 0.2ms
[2024-05-30T12:47:39.119+0000][7998.538s][info][gc,heap     ] GC(1444) Eden regions: 57->0(918)
[2024-05-30T12:47:39.119+0000][7998.538s][info][gc,heap     ] GC(1444) Survivor regions: 19->3(10)
[2024-05-30T12:47:39.119+0000][7998.538s][info][gc,heap     ] GC(1444) Old regions: 237->237
[2024-05-30T12:47:39.119+0000][7998.538s][info][gc,heap     ] GC(1444) Archive regions: 2->2
[2024-05-30T12:47:39.119+0000][7998.538s][info][gc,heap     ] GC(1444) Humongous regions: 6->6
[2024-05-30T12:47:39.119+0000][7998.538s][info][gc,metaspace] GC(1444) Metaspace: 414895K(420992K)->414895K(420992K) NonClass: 362877K(366272K)->362877K(366272K) Class: 52017K(54720K)->52017K(54720K)
[2024-05-30T12:47:39.119+0000][7998.538s][info][gc          ] GC(1444) Pause Young (Mixed) (G1 Evacuation Pause) 2554M->1972M(12288M) 67.117ms
[2024-05-30T12:47:39.119+0000][7998.538s][info][gc,cpu      ] GC(1444) User=0.40s Sys=0.00s Real=0.07s
[2024-05-30T12:47:41.921+0000][8001.340s][info][gc,start    ] GC(1445) Pause Young (Normal) (G1 Evacuation Pause)
[2024-05-30T12:47:41.921+0000][8001.340s][info][gc,task     ] GC(1445) Using 6 workers of 6 for evacuation
[2024-05-30T12:47:41.991+0000][8001.411s][info][gc,phases   ] GC(1445)   Pre Evacuate Collection Set: 0.2ms
[2024-05-30T12:47:41.991+0000][8001.411s][info][gc,phases   ] GC(1445)   Merge Heap Roots: 0.3ms
[2024-05-30T12:47:41.991+0000][8001.411s][info][gc,phases   ] GC(1445)   Evacuate Collection Set: 52.9ms
[2024-05-30T12:47:41.991+0000][8001.411s][info][gc,phases   ] GC(1445)   Post Evacuate Collection Set: 17.1ms
[2024-05-30T12:47:41.991+0000][8001.411s][info][gc,phases   ] GC(1445)   Other: 0.2ms
[2024-05-30T12:47:41.991+0000][8001.411s][info][gc,heap     ] GC(1445) Eden regions: 918->0(914)
[2024-05-30T12:47:41.991+0000][8001.411s][info][gc,heap     ] GC(1445) Survivor regions: 3->7(116)
[2024-05-30T12:47:41.991+0000][8001.411s][info][gc,heap     ] GC(1445) Old regions: 237->237
[2024-05-30T12:47:41.991+0000][8001.411s][info][gc,heap     ] GC(1445) Archive regions: 2->2
[2024-05-30T12:47:41.991+0000][8001.411s][info][gc,heap     ] GC(1445) Humongous regions: 6->6
[2024-05-30T12:47:41.991+0000][8001.411s][info][gc,metaspace] GC(1445) Metaspace: 414896K(420992K)->414896K(420992K) NonClass: 362879K(366272K)->362879K(366272K) Class: 52017K(54720K)->52017K(54720K)
[2024-05-30T12:47:41.992+0000][8001.411s][info][gc          ] GC(1445) Pause Young (Normal) (G1 Evacuation Pause) 9316M->1997M(12288M) 70.691ms
[2024-05-30T12:47:41.992+0000][8001.411s][info][gc,cpu      ] GC(1445) User=0.41s Sys=0.00s Real=0.07s
[2024-05-30T12:47:47.781+0000][8007.201s][info][gc,start    ] GC(1446) Pause Young (Normal) (G1 Evacuation Pause)
[2024-05-30T12:47:47.781+0000][8007.201s][info][gc,task     ] GC(1446) Using 6 workers of 6 for evacuation
[2024-05-30T12:47:47.841+0000][8007.260s][info][gc,phases   ] GC(1446)   Pre Evacuate Collection Set: 0.2ms
[2024-05-30T12:47:47.841+0000][8007.260s][info][gc,phases   ] GC(1446)   Merge Heap Roots: 0.3ms
[2024-05-30T12:47:47.841+0000][8007.260s][info][gc,phases   ] GC(1446)   Evacuate Collection Set: 48.9ms
[2024-05-30T12:47:47.841+0000][8007.260s][info][gc,phases   ] GC(1446)   Post Evacuate Collection Set: 10.1ms
[2024-05-30T12:47:47.841+0000][8007.260s][info][gc,phases   ] GC(1446)   Other: 0.2ms
[2024-05-30T12:47:47.841+0000][8007.260s][info][gc,heap     ] GC(1446) Eden regions: 914->0(911)
[2024-05-30T12:47:47.841+0000][8007.260s][info][gc,heap     ] GC(1446) Survivor regions: 7->10(116)
[2024-05-30T12:47:47.841+0000][8007.260s][info][gc,heap     ] GC(1446) Old regions: 237->237
[2024-05-30T12:47:47.841+0000][8007.260s][info][gc,heap     ] GC(1446) Archive regions: 2->2
[2024-05-30T12:47:47.841+0000][8007.260s][info][gc,heap     ] GC(1446) Humongous regions: 6->6
[2024-05-30T12:47:47.841+0000][8007.260s][info][gc,metaspace] GC(1446) Metaspace: 414896K(420992K)->414896K(420992K) NonClass: 362879K(366272K)->362879K(366272K) Class: 52017K(54720K)->52017K(54720K)
[2024-05-30T12:47:47.841+0000][8007.260s][info][gc          ] GC(1446) Pause Young (Normal) (G1 Evacuation Pause) 9309M->2027M(12288M) 59.777ms
[2024-05-30T12:47:47.841+0000][8007.260s][info][gc,cpu      ] GC(1446) User=0.35s Sys=0.00s Real=0.06s
[2024-05-30T12:47:57.443+0000][8016.862s][info][gc,start    ] GC(1447) Pause Young (Concurrent Start) (G1 Evacuation Pause)
[2024-05-30T12:47:57.443+0000][8016.862s][info][gc,task     ] GC(1447) Using 6 workers of 6 for evacuation
[2024-05-30T12:47:57.484+0000][8016.903s][info][gc,phases   ] GC(1447)   Pre Evacuate Collection Set: 0.6ms
[2024-05-30T12:47:57.484+0000][8016.903s][info][gc,phases   ] GC(1447)   Merge Heap Roots: 0.3ms
[2024-05-30T12:47:57.484+0000][8016.903s][info][gc,phases   ] GC(1447)   Evacuate Collection Set: 38.3ms
[2024-05-30T12:47:57.484+0000][8016.903s][info][gc,phases   ] GC(1447)   Post Evacuate Collection Set: 1.8ms
[2024-05-30T12:47:57.484+0000][8016.903s][info][gc,phases   ] GC(1447)   Other: 0.3ms
[2024-05-30T12:47:57.484+0000][8016.903s][info][gc,heap     ] GC(1447) Eden regions: 911->0(908)
[2024-05-30T12:47:57.484+0000][8016.903s][info][gc,heap     ] GC(1447) Survivor regions: 10->13(116)
[2024-05-30T12:47:57.484+0000][8016.903s][info][gc,heap     ] GC(1447) Old regions: 237->237
[2024-05-30T12:47:57.484+0000][8016.904s][info][gc,heap     ] GC(1447) Archive regions: 2->2
[2024-05-30T12:47:57.484+0000][8016.904s][info][gc,heap     ] GC(1447) Humongous regions: 6->6
[2024-05-30T12:47:57.484+0000][8016.904s][info][gc,metaspace] GC(1447) Metaspace: 414915K(420992K)->414915K(420992K) NonClass: 362897K(366272K)->362897K(366272K) Class: 52017K(54720K)->52017K(54720K)
[2024-05-30T12:47:57.484+0000][8016.904s][info][gc          ] GC(1447) Pause Young (Concurrent Start) (G1 Evacuation Pause) 9315M->2048M(12288M) 41.341ms
[2024-05-30T12:47:57.484+0000][8016.904s][info][gc,cpu      ] GC(1447) User=0.24s Sys=0.00s Real=0.04s
[2024-05-30T12:47:57.484+0000][8016.904s][info][gc          ] GC(1448) Concurrent Mark Cycle
[2024-05-30T12:47:57.484+0000][8016.904s][info][gc,marking  ] GC(1448) Concurrent Clear Claimed Marks
[2024-05-30T12:47:57.485+0000][8016.904s][info][gc,marking  ] GC(1448) Concurrent Clear Claimed Marks 0.406ms
[2024-05-30T12:47:57.485+0000][8016.904s][info][gc,marking  ] GC(1448) Concurrent Scan Root Regions
[2024-05-30T12:47:57.523+0000][8016.942s][info][gc,marking  ] GC(1448) Concurrent Scan Root Regions 38.306ms
[2024-05-30T12:47:57.523+0000][8016.942s][info][gc,marking  ] GC(1448) Concurrent Mark
[2024-05-30T12:47:57.523+0000][8016.942s][info][gc,marking  ] GC(1448) Concurrent Mark From Roots
[2024-05-30T12:47:57.523+0000][8016.942s][info][gc,task     ] GC(1448) Using 2 workers of 2 for marking
[2024-05-30T12:47:58.782+0000][8018.201s][info][gc,marking  ] GC(1448) Concurrent Mark From Roots 1258.277ms
[2024-05-30T12:47:58.782+0000][8018.201s][info][gc,marking  ] GC(1448) Concurrent Preclean
[2024-05-30T12:47:58.783+0000][8018.202s][info][gc,marking  ] GC(1448) Concurrent Preclean 0.951ms
[2024-05-30T12:47:58.783+0000][8018.202s][info][gc,start    ] GC(1448) Pause Remark
[2024-05-30T12:47:58.804+0000][8018.223s][info][gc          ] GC(1448) Pause Remark 2957M->2957M(12288M) 21.118ms
[2024-05-30T12:47:58.804+0000][8018.223s][info][gc,cpu      ] GC(1448) User=0.09s Sys=0.00s Real=0.02s
[2024-05-30T12:47:58.804+0000][8018.223s][info][gc,marking  ] GC(1448) Concurrent Mark 1280.705ms
[2024-05-30T12:47:58.804+0000][8018.223s][info][gc,marking  ] GC(1448) Concurrent Rebuild Remembered Sets
[2024-05-30T12:47:59.554+0000][8018.973s][info][gc,marking  ] GC(1448) Concurrent Rebuild Remembered Sets 749.772ms
[2024-05-30T12:47:59.554+0000][8018.973s][info][gc,start    ] GC(1448) Pause Cleanup
[2024-05-30T12:47:59.554+0000][8018.974s][info][gc          ] GC(1448) Pause Cleanup 3488M->3488M(12288M) 0.531ms
[2024-05-30T12:47:59.554+0000][8018.974s][info][gc,cpu      ] GC(1448) User=0.00s Sys=0.00s Real=0.00s
[2024-05-30T12:47:59.555+0000][8018.974s][info][gc,marking  ] GC(1448) Concurrent Cleanup for Next Mark
[2024-05-30T12:47:59.572+0000][8018.991s][info][gc,marking  ] GC(1448) Concurrent Cleanup for Next Mark 17.100ms
[2024-05-30T12:47:59.572+0000][8018.991s][info][gc          ] GC(1448) Concurrent Mark Cycle 2087.290ms
[2024-05-30T12:48:07.564+0000][8026.984s][info][gc,start    ] GC(1449) Pause Young (Prepare Mixed) (G1 Evacuation Pause)
[2024-05-30T12:48:07.564+0000][8026.984s][info][gc,task     ] GC(1449) Using 6 workers of 6 for evacuation
[2024-05-30T12:48:07.612+0000][8027.031s][info][gc,phases   ] GC(1449)   Pre Evacuate Collection Set: 0.2ms
[2024-05-30T12:48:07.612+0000][8027.031s][info][gc,phases   ] GC(1449)   Merge Heap Roots: 0.3ms
[2024-05-30T12:48:07.612+0000][8027.031s][info][gc,phases   ] GC(1449)   Evacuate Collection Set: 45.0ms
[2024-05-30T12:48:07.612+0000][8027.031s][info][gc,phases   ] GC(1449)   Post Evacuate Collection Set: 1.8ms
[2024-05-30T12:48:07.612+0000][8027.031s][info][gc,phases   ] GC(1449)   Other: 0.2ms
[2024-05-30T12:48:07.612+0000][8027.031s][info][gc,heap     ] GC(1449) Eden regions: 908->0(59)
[2024-05-30T12:48:07.612+0000][8027.031s][info][gc,heap     ] GC(1449) Survivor regions: 13->17(116)
[2024-05-30T12:48:07.612+0000][8027.031s][info][gc,heap     ] GC(1449) Old regions: 237->237
[2024-05-30T12:48:07.612+0000][8027.031s][info][gc,heap     ] GC(1449) Archive regions: 2->2
[2024-05-30T12:48:07.612+0000][8027.031s][info][gc,heap     ] GC(1449) Humongous regions: 6->6
[2024-05-30T12:48:07.612+0000][8027.031s][info][gc,metaspace] GC(1449) Metaspace: 414923K(421056K)->414923K(421056K) NonClass: 362905K(366336K)->362905K(366336K) Class: 52017K(54720K)->52017K(54720K)
[2024-05-30T12:48:07.612+0000][8027.031s][info][gc          ] GC(1449) Pause Young (Prepare Mixed) (G1 Evacuation Pause) 9312M->2079M(12288M) 47.583ms
[2024-05-30T12:48:07.612+0000][8027.031s][info][gc,cpu      ] GC(1449) User=0.28s Sys=0.01s Real=0.05s
[2024-05-30T12:48:08.240+0000][8027.659s][info][gc,start    ] GC(1450) Pause Young (Mixed) (G1 Evacuation Pause)
[2024-05-30T12:48:08.240+0000][8027.659s][info][gc,task     ] GC(1450) Using 6 workers of 6 for evacuation
[2024-05-30T12:48:08.291+0000][8027.710s][info][gc,phases   ] GC(1450)   Pre Evacuate Collection Set: 0.2ms
[2024-05-30T12:48:08.291+0000][8027.711s][info][gc,phases   ] GC(1450)   Merge Heap Roots: 0.2ms
[2024-05-30T12:48:08.291+0000][8027.711s][info][gc,phases   ] GC(1450)   Evacuate Collection Set: 49.3ms
[2024-05-30T12:48:08.291+0000][8027.711s][info][gc,phases   ] GC(1450)   Post Evacuate Collection Set: 1.2ms
[2024-05-30T12:48:08.291+0000][8027.711s][info][gc,phases   ] GC(1450)   Other: 0.2ms
[2024-05-30T12:48:08.291+0000][8027.711s][info][gc,heap     ] GC(1450) Eden regions: 59->0(914)
[2024-05-30T12:48:08.291+0000][8027.711s][info][gc,heap     ] GC(1450) Survivor regions: 17->7(10)
[2024-05-30T12:48:08.291+0000][8027.711s][info][gc,heap     ] GC(1450) Old regions: 237->232
[2024-05-30T12:48:08.291+0000][8027.711s][info][gc,heap     ] GC(1450) Archive regions: 2->2
[2024-05-30T12:48:08.291+0000][8027.711s][info][gc,heap     ] GC(1450) Humongous regions: 6->6
[2024-05-30T12:48:08.291+0000][8027.711s][info][gc,metaspace] GC(1450) Metaspace: 414923K(421056K)->414923K(421056K) NonClass: 362905K(366336K)->362905K(366336K) Class: 52017K(54720K)->52017K(54720K)
[2024-05-30T12:48:08.291+0000][8027.711s][info][gc          ] GC(1450) Pause Young (Mixed) (G1 Evacuation Pause) 2551M->1956M(12288M) 51.151ms
[2024-05-30T12:48:08.291+0000][8027.711s][info][gc,cpu      ] GC(1450) User=0.30s Sys=0.00s Real=0.05s
[2024-05-30T12:48:18.134+0000][8037.553s][info][gc,start    ] GC(1451) Pause Young (Normal) (G1 Evacuation Pause)
[2024-05-30T12:48:18.134+0000][8037.553s][info][gc,task     ] GC(1451) Using 6 workers of 6 for evacuation
[2024-05-30T12:48:18.159+0000][8037.578s][info][gc,phases   ] GC(1451)   Pre Evacuate Collection Set: 0.2ms
[2024-05-30T12:48:18.159+0000][8037.578s][info][gc,phases   ] GC(1451)   Merge Heap Roots: 0.3ms
[2024-05-30T12:48:18.159+0000][8037.578s][info][gc,phases   ] GC(1451)   Evacuate Collection Set: 22.9ms
[2024-05-30T12:48:18.159+0000][8037.578s][info][gc,phases   ] GC(1451)   Post Evacuate Collection Set: 1.7ms
[2024-05-30T12:48:18.159+0000][8037.578s][info][gc,phases   ] GC(1451)   Other: 0.2ms
[2024-05-30T12:48:18.159+0000][8037.578s][info][gc,heap     ] GC(1451) Eden regions: 914->0(911)
[2024-05-30T12:48:18.159+0000][8037.578s][info][gc,heap     ] GC(1451) Survivor regions: 7->10(116)
[2024-05-30T12:48:18.159+0000][8037.578s][info][gc,heap     ] GC(1451) Old regions: 232->232
[2024-05-30T12:48:18.159+0000][8037.578s][info][gc,heap     ] GC(1451) Archive regions: 2->2
[2024-05-30T12:48:18.159+0000][8037.578s][info][gc,heap     ] GC(1451) Humongous regions: 6->6
[2024-05-30T12:48:18.159+0000][8037.578s][info][gc,metaspace] GC(1451) Metaspace: 414923K(421056K)->414923K(421056K) NonClass: 362905K(366336K)->362905K(366336K) Class: 52017K(54720K)->52017K(54720K)
[2024-05-30T12:48:18.159+0000][8037.578s][info][gc          ] GC(1451) Pause Young (Normal) (G1 Evacuation Pause) 9268M->1982M(12288M) 25.264ms
[2024-05-30T12:48:18.159+0000][8037.578s][info][gc,cpu      ] GC(1451) User=0.15s Sys=0.00s Real=0.03s
[2024-05-30T12:48:27.905+0000][8047.324s][info][gc,start    ] GC(1452) Pause Young (Normal) (G1 Evacuation Pause)
[2024-05-30T12:48:27.905+0000][8047.324s][info][gc,task     ] GC(1452) Using 6 workers of 6 for evacuation
[2024-05-30T12:48:27.940+0000][8047.359s][info][gc,phases   ] GC(1452)   Pre Evacuate Collection Set: 0.2ms
[2024-05-30T12:48:27.940+0000][8047.359s][info][gc,phases   ] GC(1452)   Merge Heap Roots: 0.3ms
[2024-05-30T12:48:27.940+0000][8047.359s][info][gc,phases   ] GC(1452)   Evacuate Collection Set: 32.9ms
[2024-05-30T12:48:27.940+0000][8047.359s][info][gc,phases   ] GC(1452)   Post Evacuate Collection Set: 1.8ms
[2024-05-30T12:48:27.940+0000][8047.359s][info][gc,phases   ] GC(1452)   Other: 0.2ms
[2024-05-30T12:48:27.940+0000][8047.359s][info][gc,heap     ] GC(1452) Eden regions: 911->0(909)
[2024-05-30T12:48:27.940+0000][8047.359s][info][gc,heap     ] GC(1452) Survivor regions: 10->12(116)
[2024-05-30T12:48:27.940+0000][8047.359s][info][gc,heap     ] GC(1452) Old regions: 232->232
[2024-05-30T12:48:27.940+0000][8047.359s][info][gc,heap     ] GC(1452) Archive regions: 2->2
[2024-05-30T12:48:27.940+0000][8047.359s][info][gc,heap     ] GC(1452) Humongous regions: 6->6
[2024-05-30T12:48:27.940+0000][8047.359s][info][gc,metaspace] GC(1452) Metaspace: 414924K(421056K)->414924K(421056K) NonClass: 362906K(366336K)->362906K(366336K) Class: 52017K(54720K)->52017K(54720K)
[2024-05-30T12:48:27.940+0000][8047.359s][info][gc          ] GC(1452) Pause Young (Normal) (G1 Evacuation Pause) 9270M->1996M(12288M) 35.377ms
[2024-05-30T12:48:27.940+0000][8047.359s][info][gc,cpu      ] GC(1452) User=0.21s Sys=0.01s Real=0.04s
[2024-05-30T12:48:37.686+0000][8057.105s][info][gc,start    ] GC(1453) Pause Young (Concurrent Start) (G1 Evacuation Pause)
[2024-05-30T12:48:37.686+0000][8057.105s][info][gc,task     ] GC(1453) Using 6 workers of 6 for evacuation
[2024-05-30T12:48:37.727+0000][8057.146s][info][gc,phases   ] GC(1453)   Pre Evacuate Collection Set: 0.6ms
[2024-05-30T12:48:37.727+0000][8057.146s][info][gc,phases   ] GC(1453)   Merge Heap Roots: 0.2ms
[2024-05-30T12:48:37.727+0000][8057.146s][info][gc,phases   ] GC(1453)   Evacuate Collection Set: 38.1ms
[2024-05-30T12:48:37.727+0000][8057.146s][info][gc,phases   ] GC(1453)   Post Evacuate Collection Set: 1.8ms
[2024-05-30T12:48:37.727+0000][8057.146s][info][gc,phases   ] GC(1453)   Other: 0.3ms
[2024-05-30T12:48:37.727+0000][8057.146s][info][gc,heap     ] GC(1453) Eden regions: 909->0(906)
[2024-05-30T12:48:37.727+0000][8057.146s][info][gc,heap     ] GC(1453) Survivor regions: 12->15(116)
[2024-05-30T12:48:37.727+0000][8057.146s][info][gc,heap     ] GC(1453) Old regions: 232->232
[2024-05-30T12:48:37.727+0000][8057.146s][info][gc,heap     ] GC(1453) Archive regions: 2->2
[2024-05-30T12:48:37.727+0000][8057.146s][info][gc,heap     ] GC(1453) Humongous regions: 6->6
[2024-05-30T12:48:37.727+0000][8057.146s][info][gc,metaspace] GC(1453) Metaspace: 414924K(421056K)->414924K(421056K) NonClass: 362906K(366336K)->362906K(366336K) Class: 52017K(54720K)->52017K(54720K)
[2024-05-30T12:48:37.727+0000][8057.147s][info][gc          ] GC(1453) Pause Young (Concurrent Start) (G1 Evacuation Pause) 9268M->2024M(12288M) 41.043ms
[2024-05-30T12:48:37.727+0000][8057.147s][info][gc,cpu      ] GC(1453) User=0.24s Sys=0.00s Real=0.04s
[2024-05-30T12:48:37.727+0000][8057.147s][info][gc          ] GC(1454) Concurrent Mark Cycle
[2024-05-30T12:48:37.727+0000][8057.147s][info][gc,marking  ] GC(1454) Concurrent Clear Claimed Marks
[2024-05-30T12:48:37.728+0000][8057.147s][info][gc,marking  ] GC(1454) Concurrent Clear Claimed Marks 0.441ms
[2024-05-30T12:48:37.728+0000][8057.147s][info][gc,marking  ] GC(1454) Concurrent Scan Root Regions
[2024-05-30T12:48:37.756+0000][8057.175s][info][gc,marking  ] GC(1454) Concurrent Scan Root Regions 27.881ms
[2024-05-30T12:48:37.756+0000][8057.175s][info][gc,marking  ] GC(1454) Concurrent Mark
[2024-05-30T12:48:37.756+0000][8057.175s][info][gc,marking  ] GC(1454) Concurrent Mark From Roots
[2024-05-30T12:48:37.756+0000][8057.175s][info][gc,task     ] GC(1454) Using 2 workers of 2 for marking
[2024-05-30T12:48:39.010+0000][8058.429s][info][gc,marking  ] GC(1454) Concurrent Mark From Roots 1254.029ms
[2024-05-30T12:48:39.010+0000][8058.429s][info][gc,marking  ] GC(1454) Concurrent Preclean
[2024-05-30T12:48:39.011+0000][8058.430s][info][gc,marking  ] GC(1454) Concurrent Preclean 0.855ms
[2024-05-30T12:48:39.011+0000][8058.430s][info][gc,start    ] GC(1454) Pause Remark
[2024-05-30T12:48:39.033+0000][8058.453s][info][gc          ] GC(1454) Pause Remark 2908M->2908M(12288M) 22.551ms
[2024-05-30T12:48:39.033+0000][8058.453s][info][gc,cpu      ] GC(1454) User=0.10s Sys=0.00s Real=0.02s
[2024-05-30T12:48:39.034+0000][8058.453s][info][gc,marking  ] GC(1454) Concurrent Mark 1277.847ms
[2024-05-30T12:48:39.034+0000][8058.453s][info][gc,marking  ] GC(1454) Concurrent Rebuild Remembered Sets
[2024-05-30T12:48:39.805+0000][8059.224s][info][gc,marking  ] GC(1454) Concurrent Rebuild Remembered Sets 771.139ms
[2024-05-30T12:48:39.805+0000][8059.224s][info][gc,start    ] GC(1454) Pause Cleanup
[2024-05-30T12:48:39.805+0000][8059.225s][info][gc          ] GC(1454) Pause Cleanup 3448M->3448M(12288M) 0.521ms
[2024-05-30T12:48:39.806+0000][8059.225s][info][gc,cpu      ] GC(1454) User=0.00s Sys=0.00s Real=0.00s
[2024-05-30T12:48:39.806+0000][8059.225s][info][gc,marking  ] GC(1454) Concurrent Cleanup for Next Mark
[2024-05-30T12:48:39.823+0000][8059.242s][info][gc,marking  ] GC(1454) Concurrent Cleanup for Next Mark 17.326ms
[2024-05-30T12:48:39.823+0000][8059.242s][info][gc          ] GC(1454) Concurrent Mark Cycle 2095.610ms
[2024-05-30T12:48:47.285+0000][8066.705s][info][gc,start    ] GC(1455) Pause Young (Prepare Mixed) (G1 Evacuation Pause)
[2024-05-30T12:48:47.286+0000][8066.705s][info][gc,task     ] GC(1455) Using 6 workers of 6 for evacuation
[2024-05-30T12:48:47.328+0000][8066.747s][info][gc,phases   ] GC(1455)   Pre Evacuate Collection Set: 0.2ms
[2024-05-30T12:48:47.328+0000][8066.747s][info][gc,phases   ] GC(1455)   Merge Heap Roots: 0.4ms
[2024-05-30T12:48:47.328+0000][8066.747s][info][gc,phases   ] GC(1455)   Evacuate Collection Set: 39.9ms
[2024-05-30T12:48:47.328+0000][8066.747s][info][gc,phases   ] GC(1455)   Post Evacuate Collection Set: 1.8ms
[2024-05-30T12:48:47.328+0000][8066.747s][info][gc,phases   ] GC(1455)   Other: 0.2ms
[2024-05-30T12:48:47.328+0000][8066.747s][info][gc,heap     ] GC(1455) Eden regions: 906->0(60)
[2024-05-30T12:48:47.328+0000][8066.747s][info][gc,heap     ] GC(1455) Survivor regions: 15->16(116)
[2024-05-30T12:48:47.328+0000][8066.747s][info][gc,heap     ] GC(1455) Old regions: 232->232
[2024-05-30T12:48:47.328+0000][8066.747s][info][gc,heap     ] GC(1455) Archive regions: 2->2
[2024-05-30T12:48:47.328+0000][8066.747s][info][gc,heap     ] GC(1455) Humongous regions: 6->6
[2024-05-30T12:48:47.328+0000][8066.747s][info][gc,metaspace] GC(1455) Metaspace: 414924K(421056K)->414924K(421056K) NonClass: 362906K(366336K)->362906K(366336K) Class: 52017K(54720K)->52017K(54720K)
[2024-05-30T12:48:47.328+0000][8066.747s][info][gc          ] GC(1455) Pause Young (Prepare Mixed) (G1 Evacuation Pause) 9272M->2027M(12288M) 42.422ms
[2024-05-30T12:48:47.328+0000][8066.747s][info][gc,cpu      ] GC(1455) User=0.25s Sys=0.00s Real=0.04s
[2024-05-30T12:48:47.752+0000][8067.171s][info][gc,start    ] GC(1456) Pause Young (Mixed) (G1 Evacuation Pause)
[2024-05-30T12:48:47.752+0000][8067.171s][info][gc,task     ] GC(1456) Using 6 workers of 6 for evacuation
[2024-05-30T12:48:47.804+0000][8067.223s][info][gc,phases   ] GC(1456)   Pre Evacuate Collection Set: 0.2ms
[2024-05-30T12:48:47.804+0000][8067.223s][info][gc,phases   ] GC(1456)   Merge Heap Roots: 0.3ms
[2024-05-30T12:48:47.804+0000][8067.223s][info][gc,phases   ] GC(1456)   Evacuate Collection Set: 50.2ms
[2024-05-30T12:48:47.804+0000][8067.223s][info][gc,phases   ] GC(1456)   Post Evacuate Collection Set: 1.3ms
[2024-05-30T12:48:47.804+0000][8067.223s][info][gc,phases   ] GC(1456)   Other: 0.2ms
[2024-05-30T12:48:47.804+0000][8067.223s][info][gc,heap     ] GC(1456) Eden regions: 60->0(916)
[2024-05-30T12:48:47.804+0000][8067.223s][info][gc,heap     ] GC(1456) Survivor regions: 16->5(10)
[2024-05-30T12:48:47.804+0000][8067.223s][info][gc,heap     ] GC(1456) Old regions: 232->229
[2024-05-30T12:48:47.804+0000][8067.223s][info][gc,heap     ] GC(1456) Archive regions: 2->2
[2024-05-30T12:48:47.804+0000][8067.223s][info][gc,heap     ] GC(1456) Humongous regions: 6->6
[2024-05-30T12:48:47.804+0000][8067.223s][info][gc,metaspace] GC(1456) Metaspace: 414924K(421056K)->414924K(421056K) NonClass: 362906K(366336K)->362906K(366336K) Class: 52017K(54720K)->52017K(54720K)
[2024-05-30T12:48:47.804+0000][8067.223s][info][gc          ] GC(1456) Pause Young (Mixed) (G1 Evacuation Pause) 2507M->1917M(12288M) 52.171ms
[2024-05-30T12:48:47.804+0000][8067.224s][info][gc,cpu      ] GC(1456) User=0.31s Sys=0.00s Real=0.05s
[2024-05-30T12:48:57.433+0000][8076.853s][info][gc,start    ] GC(1457) Pause Young (Normal) (G1 Evacuation Pause)
[2024-05-30T12:48:57.433+0000][8076.853s][info][gc,task     ] GC(1457) Using 6 workers of 6 for evacuation
[2024-05-30T12:48:57.457+0000][8076.876s][info][gc,phases   ] GC(1457)   Pre Evacuate Collection Set: 0.2ms
[2024-05-30T12:48:57.457+0000][8076.876s][info][gc,phases   ] GC(1457)   Merge Heap Roots: 0.2ms
[2024-05-30T12:48:57.457+0000][8076.876s][info][gc,phases   ] GC(1457)   Evacuate Collection Set: 21.3ms
[2024-05-30T12:48:57.457+0000][8076.876s][info][gc,phases   ] GC(1457)   Post Evacuate Collection Set: 1.8ms
[2024-05-30T12:48:57.457+0000][8076.876s][info][gc,phases   ] GC(1457)   Other: 0.2ms
[2024-05-30T12:48:57.457+0000][8076.876s][info][gc,heap     ] GC(1457) Eden regions: 916->0(913)
[2024-05-30T12:48:57.457+0000][8076.876s][info][gc,heap     ] GC(1457) Survivor regions: 5->8(116)
[2024-05-30T12:48:57.457+0000][8076.876s][info][gc,heap     ] GC(1457) Old regions: 229->229
[2024-05-30T12:48:57.457+0000][8076.876s][info][gc,heap     ] GC(1457) Archive regions: 2->2
[2024-05-30T12:48:57.457+0000][8076.876s][info][gc,heap     ] GC(1457) Humongous regions: 6->6
[2024-05-30T12:48:57.457+0000][8076.876s][info][gc,metaspace] GC(1457) Metaspace: 414924K(421056K)->414924K(421056K) NonClass: 362906K(366336K)->362906K(366336K) Class: 52017K(54720K)->52017K(54720K)
[2024-05-30T12:48:57.457+0000][8076.876s][info][gc          ] GC(1457) Pause Young (Normal) (G1 Evacuation Pause) 9245M->1940M(12288M) 23.795ms
[2024-05-30T12:48:57.457+0000][8076.876s][info][gc,cpu      ] GC(1457) User=0.14s Sys=0.00s Real=0.03s
[2024-05-30T12:49:07.146+0000][8086.565s][info][gc,start    ] GC(1458) Pause Young (Normal) (G1 Evacuation Pause)
[2024-05-30T12:49:07.146+0000][8086.566s][info][gc,task     ] GC(1458) Using 6 workers of 6 for evacuation
[2024-05-30T12:49:07.178+0000][8086.597s][info][gc,phases   ] GC(1458)   Pre Evacuate Collection Set: 0.2ms
[2024-05-30T12:49:07.178+0000][8086.597s][info][gc,phases   ] GC(1458)   Merge Heap Roots: 0.3ms
[2024-05-30T12:49:07.178+0000][8086.597s][info][gc,phases   ] GC(1458)   Evacuate Collection Set: 28.8ms
[2024-05-30T12:49:07.178+0000][8086.597s][info][gc,phases   ] GC(1458)   Post Evacuate Collection Set: 2.0ms
[2024-05-30T12:49:07.178+0000][8086.597s][info][gc,phases   ] GC(1458)   Other: 0.2ms
[2024-05-30T12:49:07.178+0000][8086.597s][info][gc,heap     ] GC(1458) Eden regions: 913->0(909)
[2024-05-30T12:49:07.178+0000][8086.597s][info][gc,heap     ] GC(1458) Survivor regions: 8->12(116)
[2024-05-30T12:49:07.178+0000][8086.597s][info][gc,heap     ] GC(1458) Old regions: 229->229
[2024-05-30T12:49:07.178+0000][8086.597s][info][gc,heap     ] GC(1458) Archive regions: 2->2
[2024-05-30T12:49:07.178+0000][8086.597s][info][gc,heap     ] GC(1458) Humongous regions: 6->6
[2024-05-30T12:49:07.178+0000][8086.597s][info][gc,metaspace] GC(1458) Metaspace: 414924K(421056K)->414924K(421056K) NonClass: 362907K(366336K)->362907K(366336K) Class: 52017K(54720K)->52017K(54720K)
[2024-05-30T12:49:07.178+0000][8086.597s][info][gc          ] GC(1458) Pause Young (Normal) (G1 Evacuation Pause) 9244M->1969M(12288M) 31.498ms
[2024-05-30T12:49:07.178+0000][8086.597s][info][gc,cpu      ] GC(1458) User=0.18s Sys=0.00s Real=0.04s
[2024-05-30T12:49:13.690+0000][8093.109s][info][gc,start    ] GC(1459) Pause Young (Concurrent Start) (G1 Humongous Allocation)
[2024-05-30T12:49:13.690+0000][8093.109s][info][gc,task     ] GC(1459) Using 6 workers of 6 for evacuation
[2024-05-30T12:49:13.728+0000][8093.147s][info][gc,phases   ] GC(1459)   Pre Evacuate Collection Set: 0.5ms
[2024-05-30T12:49:13.728+0000][8093.147s][info][gc,phases   ] GC(1459)   Merge Heap Roots: 0.2ms
[2024-05-30T12:49:13.728+0000][8093.147s][info][gc,phases   ] GC(1459)   Evacuate Collection Set: 35.3ms
[2024-05-30T12:49:13.728+0000][8093.147s][info][gc,phases   ] GC(1459)   Post Evacuate Collection Set: 1.6ms
[2024-05-30T12:49:13.728+0000][8093.147s][info][gc,phases   ] GC(1459)   Other: 0.3ms
[2024-05-30T12:49:13.728+0000][8093.147s][info][gc,heap     ] GC(1459) Eden regions: 634->0(907)
[2024-05-30T12:49:13.728+0000][8093.147s][info][gc,heap     ] GC(1459) Survivor regions: 12->14(116)
[2024-05-30T12:49:13.728+0000][8093.147s][info][gc,heap     ] GC(1459) Old regions: 229->229
[2024-05-30T12:49:13.728+0000][8093.147s][info][gc,heap     ] GC(1459) Archive regions: 2->2
[2024-05-30T12:49:13.728+0000][8093.147s][info][gc,heap     ] GC(1459) Humongous regions: 6->6
[2024-05-30T12:49:13.728+0000][8093.147s][info][gc,metaspace] GC(1459) Metaspace: 414924K(421056K)->414924K(421056K) NonClass: 362907K(366336K)->362907K(366336K) Class: 52017K(54720K)->52017K(54720K)
[2024-05-30T12:49:13.728+0000][8093.147s][info][gc          ] GC(1459) Pause Young (Concurrent Start) (G1 Humongous Allocation) 7041M->1987M(12288M) 37.964ms
[2024-05-30T12:49:13.728+0000][8093.147s][info][gc,cpu      ] GC(1459) User=0.22s Sys=0.00s Real=0.03s
[2024-05-30T12:49:13.728+0000][8093.147s][info][gc          ] GC(1460) Concurrent Mark Cycle
[2024-05-30T12:49:13.728+0000][8093.147s][info][gc,marking  ] GC(1460) Concurrent Clear Claimed Marks
[2024-05-30T12:49:13.728+0000][8093.147s][info][gc,marking  ] GC(1460) Concurrent Clear Claimed Marks 0.399ms
[2024-05-30T12:49:13.728+0000][8093.148s][info][gc,marking  ] GC(1460) Concurrent Scan Root Regions
[2024-05-30T12:49:13.788+0000][8093.207s][info][gc,marking  ] GC(1460) Concurrent Scan Root Regions 59.261ms
[2024-05-30T12:49:13.788+0000][8093.207s][info][gc,marking  ] GC(1460) Concurrent Mark
[2024-05-30T12:49:13.788+0000][8093.207s][info][gc,marking  ] GC(1460) Concurrent Mark From Roots
[2024-05-30T12:49:13.788+0000][8093.207s][info][gc,task     ] GC(1460) Using 2 workers of 2 for marking
[2024-05-30T12:49:15.071+0000][8094.490s][info][gc,marking  ] GC(1460) Concurrent Mark From Roots 1283.204ms
[2024-05-30T12:49:15.071+0000][8094.490s][info][gc,marking  ] GC(1460) Concurrent Preclean
[2024-05-30T12:49:15.072+0000][8094.491s][info][gc,marking  ] GC(1460) Concurrent Preclean 1.043ms
[2024-05-30T12:49:15.072+0000][8094.491s][info][gc,start    ] GC(1460) Pause Remark
[2024-05-30T12:49:15.093+0000][8094.512s][info][gc          ] GC(1460) Pause Remark 2943M->2943M(12288M) 20.900ms
[2024-05-30T12:49:15.093+0000][8094.512s][info][gc,cpu      ] GC(1460) User=0.08s Sys=0.00s Real=0.02s
[2024-05-30T12:49:15.093+0000][8094.512s][info][gc,marking  ] GC(1460) Concurrent Mark 1305.563ms
[2024-05-30T12:49:15.093+0000][8094.512s][info][gc,marking  ] GC(1460) Concurrent Rebuild Remembered Sets
[2024-05-30T12:49:15.885+0000][8095.304s][info][gc,marking  ] GC(1460) Concurrent Rebuild Remembered Sets 791.366ms
[2024-05-30T12:49:15.885+0000][8095.304s][info][gc,start    ] GC(1460) Pause Cleanup
[2024-05-30T12:49:15.885+0000][8095.305s][info][gc          ] GC(1460) Pause Cleanup 3507M->3507M(12288M) 0.565ms
[2024-05-30T12:49:15.885+0000][8095.305s][info][gc,cpu      ] GC(1460) User=0.00s Sys=0.00s Real=0.00s
[2024-05-30T12:49:15.885+0000][8095.305s][info][gc,marking  ] GC(1460) Concurrent Cleanup for Next Mark
[2024-05-30T12:49:15.904+0000][8095.323s][info][gc,marking  ] GC(1460) Concurrent Cleanup for Next Mark 18.379ms
[2024-05-30T12:49:15.904+0000][8095.323s][info][gc          ] GC(1460) Concurrent Mark Cycle 2176.040ms
[2024-05-30T12:49:20.171+0000][8099.590s][info][gc,start    ] GC(1461) Pause Young (Prepare Mixed) (G1 Evacuation Pause)
[2024-05-30T12:49:20.171+0000][8099.590s][info][gc,task     ] GC(1461) Using 6 workers of 6 for evacuation
[2024-05-30T12:49:20.262+0000][8099.681s][info][gc,phases   ] GC(1461)   Pre Evacuate Collection Set: 0.2ms
[2024-05-30T12:49:20.262+0000][8099.681s][info][gc,phases   ] GC(1461)   Merge Heap Roots: 0.3ms
[2024-05-30T12:49:20.262+0000][8099.681s][info][gc,phases   ] GC(1461)   Evacuate Collection Set: 76.8ms
[2024-05-30T12:49:20.262+0000][8099.681s][info][gc,phases   ] GC(1461)   Post Evacuate Collection Set: 13.7ms
[2024-05-30T12:49:20.262+0000][8099.681s][info][gc,phases   ] GC(1461)   Other: 0.2ms
[2024-05-30T12:49:20.262+0000][8099.681s][info][gc,heap     ] GC(1461) Eden regions: 907->0(56)
[2024-05-30T12:49:20.262+0000][8099.681s][info][gc,heap     ] GC(1461) Survivor regions: 14->20(116)
[2024-05-30T12:49:20.262+0000][8099.681s][info][gc,heap     ] GC(1461) Old regions: 229->229
[2024-05-30T12:49:20.262+0000][8099.681s][info][gc,heap     ] GC(1461) Archive regions: 2->2
[2024-05-30T12:49:20.262+0000][8099.681s][info][gc,heap     ] GC(1461) Humongous regions: 7->7
[2024-05-30T12:49:20.262+0000][8099.681s][info][gc,metaspace] GC(1461) Metaspace: 414924K(421056K)->414924K(421056K) NonClass: 362907K(366336K)->362907K(366336K) Class: 52017K(54720K)->52017K(54720K)
[2024-05-30T12:49:20.262+0000][8099.681s][info][gc          ] GC(1461) Pause Young (Prepare Mixed) (G1 Evacuation Pause) 9251M->2044M(12288M) 91.262ms
[2024-05-30T12:49:20.262+0000][8099.681s][info][gc,cpu      ] GC(1461) User=0.54s Sys=0.00s Real=0.09s
[2024-05-30T12:49:20.477+0000][8099.897s][info][gc,start    ] GC(1462) Pause Young (Mixed) (G1 Evacuation Pause)
[2024-05-30T12:49:20.477+0000][8099.897s][info][gc,task     ] GC(1462) Using 6 workers of 6 for evacuation
[2024-05-30T12:49:20.553+0000][8099.972s][info][gc,phases   ] GC(1462)   Pre Evacuate Collection Set: 0.2ms
[2024-05-30T12:49:20.553+0000][8099.972s][info][gc,phases   ] GC(1462)   Merge Heap Roots: 0.2ms
[2024-05-30T12:49:20.553+0000][8099.972s][info][gc,phases   ] GC(1462)   Evacuate Collection Set: 71.8ms
[2024-05-30T12:49:20.553+0000][8099.972s][info][gc,phases   ] GC(1462)   Post Evacuate Collection Set: 3.1ms
[2024-05-30T12:49:20.553+0000][8099.972s][info][gc,phases   ] GC(1462)   Other: 0.2ms
[2024-05-30T12:49:20.553+0000][8099.972s][info][gc,heap     ] GC(1462) Eden regions: 56->0(918)
[2024-05-30T12:49:20.553+0000][8099.972s][info][gc,heap     ] GC(1462) Survivor regions: 20->3(10)
[2024-05-30T12:49:20.553+0000][8099.972s][info][gc,heap     ] GC(1462) Old regions: 229->234
[2024-05-30T12:49:20.553+0000][8099.972s][info][gc,heap     ] GC(1462) Archive regions: 2->2
[2024-05-30T12:49:20.553+0000][8099.972s][info][gc,heap     ] GC(1462) Humongous regions: 7->7
[2024-05-30T12:49:20.553+0000][8099.972s][info][gc,metaspace] GC(1462) Metaspace: 414924K(421056K)->414924K(421056K) NonClass: 362907K(366336K)->362907K(366336K) Class: 52017K(54720K)->52017K(54720K)
[2024-05-30T12:49:20.553+0000][8099.972s][info][gc          ] GC(1462) Pause Young (Mixed) (G1 Evacuation Pause) 2492M->1949M(12288M) 75.485ms
[2024-05-30T12:49:20.553+0000][8099.972s][info][gc,cpu      ] GC(1462) User=0.45s Sys=0.00s Real=0.07s
[2024-05-30T12:49:23.231+0000][8102.650s][info][gc,start    ] GC(1463) Pause Young (Normal) (G1 Evacuation Pause)
[2024-05-30T12:49:23.231+0000][8102.650s][info][gc,task     ] GC(1463) Using 6 workers of 6 for evacuation
[2024-05-30T12:49:23.316+0000][8102.736s][info][gc,phases   ] GC(1463)   Pre Evacuate Collection Set: 0.2ms
[2024-05-30T12:49:23.316+0000][8102.736s][info][gc,phases   ] GC(1463)   Merge Heap Roots: 0.3ms
[2024-05-30T12:49:23.316+0000][8102.736s][info][gc,phases   ] GC(1463)   Evacuate Collection Set: 63.7ms
[2024-05-30T12:49:23.316+0000][8102.736s][info][gc,phases   ] GC(1463)   Post Evacuate Collection Set: 21.2ms
[2024-05-30T12:49:23.316+0000][8102.736s][info][gc,phases   ] GC(1463)   Other: 0.2ms
[2024-05-30T12:49:23.316+0000][8102.736s][info][gc,heap     ] GC(1463) Eden regions: 918->0(912)
[2024-05-30T12:49:23.317+0000][8102.736s][info][gc,heap     ] GC(1463) Survivor regions: 3->9(116)
[2024-05-30T12:49:23.317+0000][8102.736s][info][gc,heap     ] GC(1463) Old regions: 234->234
[2024-05-30T12:49:23.317+0000][8102.736s][info][gc,heap     ] GC(1463) Archive regions: 2->2
[2024-05-30T12:49:23.317+0000][8102.736s][info][gc,heap     ] GC(1463) Humongous regions: 7->7
[2024-05-30T12:49:23.317+0000][8102.736s][info][gc,metaspace] GC(1463) Metaspace: 414924K(421056K)->414924K(421056K) NonClass: 362907K(366336K)->362907K(366336K) Class: 52017K(54720K)->52017K(54720K)
[2024-05-30T12:49:23.317+0000][8102.736s][info][gc          ] GC(1463) Pause Young (Normal) (G1 Evacuation Pause) 9293M->1997M(12288M) 85.679ms
[2024-05-30T12:49:23.317+0000][8102.736s][info][gc,cpu      ] GC(1463) User=0.50s Sys=0.00s Real=0.09s
[2024-05-30T12:49:26.150+0000][8105.569s][info][gc,start    ] GC(1464) Pause Young (Normal) (G1 Evacuation Pause)
[2024-05-30T12:49:26.150+0000][8105.569s][info][gc,task     ] GC(1464) Using 6 workers of 6 for evacuation
[2024-05-30T12:49:26.263+0000][8105.682s][info][gc,phases   ] GC(1464)   Pre Evacuate Collection Set: 0.2ms
[2024-05-30T12:49:26.263+0000][8105.682s][info][gc,phases   ] GC(1464)   Merge Heap Roots: 0.5ms
[2024-05-30T12:49:26.263+0000][8105.682s][info][gc,phases   ] GC(1464)   Evacuate Collection Set: 90.3ms
[2024-05-30T12:49:26.263+0000][8105.682s][info][gc,phases   ] GC(1464)   Post Evacuate Collection Set: 21.6ms
[2024-05-30T12:49:26.263+0000][8105.682s][info][gc,phases   ] GC(1464)   Other: 0.2ms
[2024-05-30T12:49:26.263+0000][8105.682s][info][gc,heap     ] GC(1464) Eden regions: 912->0(906)
[2024-05-30T12:49:26.263+0000][8105.682s][info][gc,heap     ] GC(1464) Survivor regions: 9->15(116)
[2024-05-30T12:49:26.263+0000][8105.682s][info][gc,heap     ] GC(1464) Old regions: 234->234
[2024-05-30T12:49:26.263+0000][8105.682s][info][gc,heap     ] GC(1464) Archive regions: 2->2
[2024-05-30T12:49:26.263+0000][8105.682s][info][gc,heap     ] GC(1464) Humongous regions: 7->7
[2024-05-30T12:49:26.263+0000][8105.682s][info][gc,metaspace] GC(1464) Metaspace: 414924K(421056K)->414924K(421056K) NonClass: 362907K(366336K)->362907K(366336K) Class: 52017K(54720K)->52017K(54720K)
[2024-05-30T12:49:26.263+0000][8105.682s][info][gc          ] GC(1464) Pause Young (Normal) (G1 Evacuation Pause) 9293M->2043M(12288M) 112.951ms
[2024-05-30T12:49:26.263+0000][8105.682s][info][gc,cpu      ] GC(1464) User=0.66s Sys=0.00s Real=0.11s
[2024-05-30T12:49:28.998+0000][8108.417s][info][gc,start    ] GC(1465) Pause Young (Concurrent Start) (G1 Evacuation Pause)
[2024-05-30T12:49:28.998+0000][8108.417s][info][gc,task     ] GC(1465) Using 6 workers of 6 for evacuation
[2024-05-30T12:49:29.103+0000][8108.522s][info][gc,phases   ] GC(1465)   Pre Evacuate Collection Set: 0.6ms
[2024-05-30T12:49:29.103+0000][8108.522s][info][gc,phases   ] GC(1465)   Merge Heap Roots: 0.4ms
[2024-05-30T12:49:29.103+0000][8108.522s][info][gc,phases   ] GC(1465)   Evacuate Collection Set: 86.5ms
[2024-05-30T12:49:29.103+0000][8108.522s][info][gc,phases   ] GC(1465)   Post Evacuate Collection Set: 16.8ms
[2024-05-30T12:49:29.103+0000][8108.522s][info][gc,phases   ] GC(1465)   Other: 0.3ms
[2024-05-30T12:49:29.103+0000][8108.522s][info][gc,heap     ] GC(1465) Eden regions: 906->0(902)
[2024-05-30T12:49:29.103+0000][8108.522s][info][gc,heap     ] GC(1465) Survivor regions: 15->19(116)
[2024-05-30T12:49:29.103+0000][8108.522s][info][gc,heap     ] GC(1465) Old regions: 234->234
[2024-05-30T12:49:29.103+0000][8108.522s][info][gc,heap     ] GC(1465) Archive regions: 2->2
[2024-05-30T12:49:29.103+0000][8108.522s][info][gc,heap     ] GC(1465) Humongous regions: 7->7
[2024-05-30T12:49:29.103+0000][8108.522s][info][gc,metaspace] GC(1465) Metaspace: 414924K(421056K)->414924K(421056K) NonClass: 362907K(366336K)->362907K(366336K) Class: 52017K(54720K)->52017K(54720K)
[2024-05-30T12:49:29.103+0000][8108.522s][info][gc          ] GC(1465) Pause Young (Concurrent Start) (G1 Evacuation Pause) 9291M->2076M(12288M) 104.632ms
[2024-05-30T12:49:29.103+0000][8108.522s][info][gc,cpu      ] GC(1465) User=0.61s Sys=0.00s Real=0.10s
[2024-05-30T12:49:29.103+0000][8108.522s][info][gc          ] GC(1466) Concurrent Mark Cycle
[2024-05-30T12:49:29.103+0000][8108.522s][info][gc,marking  ] GC(1466) Concurrent Clear Claimed Marks
[2024-05-30T12:49:29.103+0000][8108.522s][info][gc,marking  ] GC(1466) Concurrent Clear Claimed Marks 0.413ms
[2024-05-30T12:49:29.103+0000][8108.522s][info][gc,marking  ] GC(1466) Concurrent Scan Root Regions
[2024-05-30T12:49:29.173+0000][8108.592s][info][gc,marking  ] GC(1466) Concurrent Scan Root Regions 69.553ms
[2024-05-30T12:49:29.173+0000][8108.592s][info][gc,marking  ] GC(1466) Concurrent Mark
[2024-05-30T12:49:29.173+0000][8108.592s][info][gc,marking  ] GC(1466) Concurrent Mark From Roots
[2024-05-30T12:49:29.173+0000][8108.592s][info][gc,task     ] GC(1466) Using 2 workers of 2 for marking
[2024-05-30T12:49:30.378+0000][8109.798s][info][gc,marking  ] GC(1466) Concurrent Mark From Roots 1205.580ms
[2024-05-30T12:49:30.378+0000][8109.798s][info][gc,marking  ] GC(1466) Concurrent Preclean
[2024-05-30T12:49:30.380+0000][8109.799s][info][gc,marking  ] GC(1466) Concurrent Preclean 1.039ms
[2024-05-30T12:49:30.380+0000][8109.799s][info][gc,start    ] GC(1466) Pause Remark
[2024-05-30T12:49:30.401+0000][8109.820s][info][gc          ] GC(1466) Pause Remark 4800M->4792M(12288M) 20.949ms
[2024-05-30T12:49:30.401+0000][8109.820s][info][gc,cpu      ] GC(1466) User=0.09s Sys=0.00s Real=0.02s
[2024-05-30T12:49:30.401+0000][8109.820s][info][gc,marking  ] GC(1466) Concurrent Mark 1227.936ms
[2024-05-30T12:49:30.401+0000][8109.820s][info][gc,marking  ] GC(1466) Concurrent Rebuild Remembered Sets
[2024-05-30T12:49:31.133+0000][8110.552s][info][gc,marking  ] GC(1466) Concurrent Rebuild Remembered Sets 732.164ms
[2024-05-30T12:49:31.133+0000][8110.552s][info][gc,start    ] GC(1466) Pause Cleanup
[2024-05-30T12:49:31.134+0000][8110.553s][info][gc          ] GC(1466) Pause Cleanup 6636M->6636M(12288M) 0.542ms
[2024-05-30T12:49:31.134+0000][8110.553s][info][gc,cpu      ] GC(1466) User=0.00s Sys=0.00s Real=0.00s
[2024-05-30T12:49:31.134+0000][8110.553s][info][gc,marking  ] GC(1466) Concurrent Cleanup for Next Mark
[2024-05-30T12:49:31.162+0000][8110.582s][info][gc,marking  ] GC(1466) Concurrent Cleanup for Next Mark 28.563ms
[2024-05-30T12:49:31.162+0000][8110.582s][info][gc          ] GC(1466) Concurrent Mark Cycle 2059.704ms
[2024-05-30T12:49:32.132+0000][8111.551s][info][gc,start    ] GC(1467) Pause Young (Prepare Mixed) (G1 Evacuation Pause)
[2024-05-30T12:49:32.132+0000][8111.551s][info][gc,task     ] GC(1467) Using 6 workers of 6 for evacuation
[2024-05-30T12:49:32.260+0000][8111.679s][info][gc,phases   ] GC(1467)   Pre Evacuate Collection Set: 0.2ms
[2024-05-30T12:49:32.260+0000][8111.679s][info][gc,phases   ] GC(1467)   Merge Heap Roots: 1.0ms
[2024-05-30T12:49:32.260+0000][8111.679s][info][gc,phases   ] GC(1467)   Evacuate Collection Set: 108.0ms
[2024-05-30T12:49:32.260+0000][8111.679s][info][gc,phases   ] GC(1467)   Post Evacuate Collection Set: 18.5ms
[2024-05-30T12:49:32.260+0000][8111.679s][info][gc,phases   ] GC(1467)   Other: 0.2ms
[2024-05-30T12:49:32.260+0000][8111.679s][info][gc,heap     ] GC(1467) Eden regions: 902->0(53)
[2024-05-30T12:49:32.260+0000][8111.679s][info][gc,heap     ] GC(1467) Survivor regions: 19->23(116)
[2024-05-30T12:49:32.260+0000][8111.679s][info][gc,heap     ] GC(1467) Old regions: 234->234
[2024-05-30T12:49:32.260+0000][8111.679s][info][gc,heap     ] GC(1467) Archive regions: 2->2
[2024-05-30T12:49:32.260+0000][8111.679s][info][gc,heap     ] GC(1467) Humongous regions: 6->6
[2024-05-30T12:49:32.260+0000][8111.679s][info][gc,metaspace] GC(1467) Metaspace: 414926K(421056K)->414926K(421056K) NonClass: 362908K(366336K)->362908K(366336K) Class: 52017K(54720K)->52017K(54720K)
[2024-05-30T12:49:32.260+0000][8111.679s][info][gc          ] GC(1467) Pause Young (Prepare Mixed) (G1 Evacuation Pause) 9284M->2101M(12288M) 128.033ms
[2024-05-30T12:49:32.260+0000][8111.679s][info][gc,cpu      ] GC(1467) User=0.75s Sys=0.00s Real=0.13s
[2024-05-30T12:49:32.420+0000][8111.839s][info][gc,start    ] GC(1468) Pause Young (Mixed) (G1 Evacuation Pause)
[2024-05-30T12:49:32.420+0000][8111.839s][info][gc,task     ] GC(1468) Using 6 workers of 6 for evacuation
[2024-05-30T12:49:32.504+0000][8111.923s][info][gc,phases   ] GC(1468)   Pre Evacuate Collection Set: 0.2ms
[2024-05-30T12:49:32.504+0000][8111.923s][info][gc,phases   ] GC(1468)   Merge Heap Roots: 0.3ms
[2024-05-30T12:49:32.504+0000][8111.923s][info][gc,phases   ] GC(1468)   Evacuate Collection Set: 81.1ms
[2024-05-30T12:49:32.504+0000][8111.923s][info][gc,phases   ] GC(1468)   Post Evacuate Collection Set: 2.6ms
[2024-05-30T12:49:32.504+0000][8111.923s][info][gc,phases   ] GC(1468)   Other: 0.2ms
[2024-05-30T12:49:32.504+0000][8111.923s][info][gc,heap     ] GC(1468) Eden regions: 53->0(918)
[2024-05-30T12:49:32.504+0000][8111.923s][info][gc,heap     ] GC(1468) Survivor regions: 23->3(10)
[2024-05-30T12:49:32.504+0000][8111.923s][info][gc,heap     ] GC(1468) Old regions: 234->237
[2024-05-30T12:49:32.504+0000][8111.923s][info][gc,heap     ] GC(1468) Archive regions: 2->2
[2024-05-30T12:49:32.504+0000][8111.923s][info][gc,heap     ] GC(1468) Humongous regions: 6->6
[2024-05-30T12:49:32.504+0000][8111.923s][info][gc,metaspace] GC(1468) Metaspace: 414926K(421056K)->414926K(421056K) NonClass: 362908K(366336K)->362908K(366336K) Class: 52017K(54720K)->52017K(54720K)
[2024-05-30T12:49:32.504+0000][8111.923s][info][gc          ] GC(1468) Pause Young (Mixed) (G1 Evacuation Pause) 2525M->1969M(12288M) 84.386ms
[2024-05-30T12:49:32.504+0000][8111.924s][info][gc,cpu      ] GC(1468) User=0.50s Sys=0.00s Real=0.08s
[2024-05-30T12:49:35.205+0000][8114.624s][info][gc,start    ] GC(1469) Pause Young (Normal) (G1 Evacuation Pause)
[2024-05-30T12:49:35.205+0000][8114.624s][info][gc,task     ] GC(1469) Using 6 workers of 6 for evacuation
[2024-05-30T12:49:35.277+0000][8114.696s][info][gc,phases   ] GC(1469)   Pre Evacuate Collection Set: 0.2ms
[2024-05-30T12:49:35.277+0000][8114.696s][info][gc,phases   ] GC(1469)   Merge Heap Roots: 0.4ms
[2024-05-30T12:49:35.277+0000][8114.696s][info][gc,phases   ] GC(1469)   Evacuate Collection Set: 53.8ms
[2024-05-30T12:49:35.277+0000][8114.696s][info][gc,phases   ] GC(1469)   Post Evacuate Collection Set: 17.2ms
[2024-05-30T12:49:35.277+0000][8114.696s][info][gc,phases   ] GC(1469)   Other: 0.2ms
[2024-05-30T12:49:35.277+0000][8114.696s][info][gc,heap     ] GC(1469) Eden regions: 918->0(915)
[2024-05-30T12:49:35.277+0000][8114.696s][info][gc,heap     ] GC(1469) Survivor regions: 3->6(116)
[2024-05-30T12:49:35.277+0000][8114.696s][info][gc,heap     ] GC(1469) Old regions: 237->237
[2024-05-30T12:49:35.277+0000][8114.696s][info][gc,heap     ] GC(1469) Archive regions: 2->2
[2024-05-30T12:49:35.277+0000][8114.696s][info][gc,heap     ] GC(1469) Humongous regions: 6->6
[2024-05-30T12:49:35.277+0000][8114.696s][info][gc,metaspace] GC(1469) Metaspace: 414926K(421056K)->414926K(421056K) NonClass: 362908K(366336K)->362908K(366336K) Class: 52017K(54720K)->52017K(54720K)
[2024-05-30T12:49:35.277+0000][8114.696s][info][gc          ] GC(1469) Pause Young (Normal) (G1 Evacuation Pause) 9313M->1993M(12288M) 71.887ms
[2024-05-30T12:49:35.277+0000][8114.696s][info][gc,cpu      ] GC(1469) User=0.42s Sys=0.00s Real=0.08s
[2024-05-30T12:49:42.596+0000][8122.015s][info][gc,start    ] GC(1470) Pause Young (Normal) (G1 Evacuation Pause)
[2024-05-30T12:49:42.596+0000][8122.015s][info][gc,task     ] GC(1470) Using 6 workers of 6 for evacuation
[2024-05-30T12:49:42.648+0000][8122.067s][info][gc,phases   ] GC(1470)   Pre Evacuate Collection Set: 0.2ms
[2024-05-30T12:49:42.648+0000][8122.068s][info][gc,phases   ] GC(1470)   Merge Heap Roots: 0.3ms
[2024-05-30T12:49:42.648+0000][8122.068s][info][gc,phases   ] GC(1470)   Evacuate Collection Set: 45.7ms
[2024-05-30T12:49:42.648+0000][8122.068s][info][gc,phases   ] GC(1470)   Post Evacuate Collection Set: 5.8ms
[2024-05-30T12:49:42.648+0000][8122.068s][info][gc,phases   ] GC(1470)   Other: 0.2ms
[2024-05-30T12:49:42.648+0000][8122.068s][info][gc,heap     ] GC(1470) Eden regions: 915->0(911)
[2024-05-30T12:49:42.648+0000][8122.068s][info][gc,heap     ] GC(1470) Survivor regions: 6->10(116)
[2024-05-30T12:49:42.648+0000][8122.068s][info][gc,heap     ] GC(1470) Old regions: 237->237
[2024-05-30T12:49:42.648+0000][8122.068s][info][gc,heap     ] GC(1470) Archive regions: 2->2
[2024-05-30T12:49:42.648+0000][8122.068s][info][gc,heap     ] GC(1470) Humongous regions: 6->6
[2024-05-30T12:49:42.648+0000][8122.068s][info][gc,metaspace] GC(1470) Metaspace: 414927K(421056K)->414927K(421056K) NonClass: 362909K(366336K)->362909K(366336K) Class: 52017K(54720K)->52017K(54720K)
[2024-05-30T12:49:42.648+0000][8122.068s][info][gc          ] GC(1470) Pause Young (Normal) (G1 Evacuation Pause) 9313M->2023M(12288M) 52.333ms
[2024-05-30T12:49:42.648+0000][8122.068s][info][gc,cpu      ] GC(1470) User=0.31s Sys=0.00s Real=0.06s
[2024-05-30T12:49:50.748+0000][8130.167s][info][gc,start    ] GC(1471) Pause Young (Concurrent Start) (G1 Evacuation Pause)
[2024-05-30T12:49:50.748+0000][8130.167s][info][gc,task     ] GC(1471) Using 6 workers of 6 for evacuation
[2024-05-30T12:49:50.787+0000][8130.206s][info][gc,phases   ] GC(1471)   Pre Evacuate Collection Set: 0.6ms
[2024-05-30T12:49:50.787+0000][8130.206s][info][gc,phases   ] GC(1471)   Merge Heap Roots: 0.3ms
[2024-05-30T12:49:50.787+0000][8130.206s][info][gc,phases   ] GC(1471)   Evacuate Collection Set: 36.3ms
[2024-05-30T12:49:50.787+0000][8130.206s][info][gc,phases   ] GC(1471)   Post Evacuate Collection Set: 1.8ms
[2024-05-30T12:49:50.787+0000][8130.206s][info][gc,phases   ] GC(1471)   Other: 0.3ms
[2024-05-30T12:49:50.787+0000][8130.206s][info][gc,heap     ] GC(1471) Eden regions: 911->0(907)
[2024-05-30T12:49:50.787+0000][8130.206s][info][gc,heap     ] GC(1471) Survivor regions: 10->14(116)
[2024-05-30T12:49:50.787+0000][8130.206s][info][gc,heap     ] GC(1471) Old regions: 237->237
[2024-05-30T12:49:50.787+0000][8130.206s][info][gc,heap     ] GC(1471) Archive regions: 2->2
[2024-05-30T12:49:50.787+0000][8130.206s][info][gc,heap     ] GC(1471) Humongous regions: 6->6
[2024-05-30T12:49:50.787+0000][8130.206s][info][gc,metaspace] GC(1471) Metaspace: 414927K(421056K)->414927K(421056K) NonClass: 362909K(366336K)->362909K(366336K) Class: 52017K(54720K)->52017K(54720K)
[2024-05-30T12:49:50.787+0000][8130.206s][info][gc          ] GC(1471) Pause Young (Concurrent Start) (G1 Evacuation Pause) 9311M->2051M(12288M) 39.192ms
[2024-05-30T12:49:50.787+0000][8130.206s][info][gc,cpu      ] GC(1471) User=0.23s Sys=0.00s Real=0.04s
[2024-05-30T12:49:50.787+0000][8130.206s][info][gc          ] GC(1472) Concurrent Mark Cycle
[2024-05-30T12:49:50.787+0000][8130.206s][info][gc,marking  ] GC(1472) Concurrent Clear Claimed Marks
[2024-05-30T12:49:50.788+0000][8130.207s][info][gc,marking  ] GC(1472) Concurrent Clear Claimed Marks 0.392ms
[2024-05-30T12:49:50.788+0000][8130.207s][info][gc,marking  ] GC(1472) Concurrent Scan Root Regions
[2024-05-30T12:49:50.816+0000][8130.235s][info][gc,marking  ] GC(1472) Concurrent Scan Root Regions 28.070ms
[2024-05-30T12:49:50.816+0000][8130.235s][info][gc,marking  ] GC(1472) Concurrent Mark
[2024-05-30T12:49:50.816+0000][8130.235s][info][gc,marking  ] GC(1472) Concurrent Mark From Roots
[2024-05-30T12:49:50.816+0000][8130.235s][info][gc,task     ] GC(1472) Using 2 workers of 2 for marking
[2024-05-30T12:49:51.872+0000][8131.292s][info][gc,marking  ] GC(1472) Concurrent Mark From Roots 1056.768ms
[2024-05-30T12:49:51.873+0000][8131.292s][info][gc,marking  ] GC(1472) Concurrent Preclean
[2024-05-30T12:49:51.873+0000][8131.293s][info][gc,marking  ] GC(1472) Concurrent Preclean 0.860ms
[2024-05-30T12:49:51.873+0000][8131.293s][info][gc,start    ] GC(1472) Pause Remark
[2024-05-30T12:49:51.895+0000][8131.314s][info][gc          ] GC(1472) Pause Remark 2811M->2811M(12288M) 21.112ms
[2024-05-30T12:49:51.895+0000][8131.314s][info][gc,cpu      ] GC(1472) User=0.09s Sys=0.00s Real=0.02s
[2024-05-30T12:49:51.895+0000][8131.314s][info][gc,marking  ] GC(1472) Concurrent Mark 1079.054ms
[2024-05-30T12:49:51.895+0000][8131.314s][info][gc,marking  ] GC(1472) Concurrent Rebuild Remembered Sets
[2024-05-30T12:49:52.540+0000][8131.959s][info][gc,marking  ] GC(1472) Concurrent Rebuild Remembered Sets 645.297ms
[2024-05-30T12:49:52.540+0000][8131.959s][info][gc,start    ] GC(1472) Pause Cleanup
[2024-05-30T12:49:52.541+0000][8131.960s][info][gc          ] GC(1472) Pause Cleanup 3267M->3267M(12288M) 0.576ms
[2024-05-30T12:49:52.541+0000][8131.960s][info][gc,cpu      ] GC(1472) User=0.00s Sys=0.00s Real=0.00s
[2024-05-30T12:49:52.541+0000][8131.960s][info][gc,marking  ] GC(1472) Concurrent Cleanup for Next Mark
[2024-05-30T12:49:52.558+0000][8131.978s][info][gc,marking  ] GC(1472) Concurrent Cleanup for Next Mark 17.462ms
[2024-05-30T12:49:52.558+0000][8131.978s][info][gc          ] GC(1472) Concurrent Mark Cycle 1771.263ms
[2024-05-30T12:50:00.757+0000][8140.176s][info][gc,start    ] GC(1473) Pause Young (Prepare Mixed) (G1 Evacuation Pause)
[2024-05-30T12:50:00.757+0000][8140.176s][info][gc,task     ] GC(1473) Using 6 workers of 6 for evacuation
[2024-05-30T12:50:00.802+0000][8140.221s][info][gc,phases   ] GC(1473)   Pre Evacuate Collection Set: 0.2ms
[2024-05-30T12:50:00.802+0000][8140.221s][info][gc,phases   ] GC(1473)   Merge Heap Roots: 0.4ms
[2024-05-30T12:50:00.802+0000][8140.221s][info][gc,phases   ] GC(1473)   Evacuate Collection Set: 42.2ms
[2024-05-30T12:50:00.802+0000][8140.221s][info][gc,phases   ] GC(1473)   Post Evacuate Collection Set: 1.9ms
[2024-05-30T12:50:00.802+0000][8140.221s][info][gc,phases   ] GC(1473)   Other: 0.2ms
[2024-05-30T12:50:00.802+0000][8140.221s][info][gc,heap     ] GC(1473) Eden regions: 907->0(58)
[2024-05-30T12:50:00.802+0000][8140.221s][info][gc,heap     ] GC(1473) Survivor regions: 14->18(116)
[2024-05-30T12:50:00.802+0000][8140.221s][info][gc,heap     ] GC(1473) Old regions: 237->237
[2024-05-30T12:50:00.802+0000][8140.221s][info][gc,heap     ] GC(1473) Archive regions: 2->2
[2024-05-30T12:50:00.802+0000][8140.221s][info][gc,heap     ] GC(1473) Humongous regions: 6->6
[2024-05-30T12:50:00.802+0000][8140.221s][info][gc,metaspace] GC(1473) Metaspace: 414954K(421056K)->414954K(421056K) NonClass: 362936K(366336K)->362936K(366336K) Class: 52017K(54720K)->52017K(54720K)
[2024-05-30T12:50:00.802+0000][8140.221s][info][gc          ] GC(1473) Pause Young (Prepare Mixed) (G1 Evacuation Pause) 9307M->2084M(12288M) 44.925ms
[2024-05-30T12:50:00.802+0000][8140.221s][info][gc,cpu      ] GC(1473) User=0.27s Sys=0.00s Real=0.04s
[2024-05-30T12:50:01.437+0000][8140.856s][info][gc,start    ] GC(1474) Pause Young (Mixed) (G1 Evacuation Pause)
[2024-05-30T12:50:01.437+0000][8140.856s][info][gc,task     ] GC(1474) Using 6 workers of 6 for evacuation
[2024-05-30T12:50:01.482+0000][8140.901s][info][gc,phases   ] GC(1474)   Pre Evacuate Collection Set: 0.2ms
[2024-05-30T12:50:01.482+0000][8140.901s][info][gc,phases   ] GC(1474)   Merge Heap Roots: 0.2ms
[2024-05-30T12:50:01.482+0000][8140.901s][info][gc,phases   ] GC(1474)   Evacuate Collection Set: 42.7ms
[2024-05-30T12:50:01.482+0000][8140.901s][info][gc,phases   ] GC(1474)   Post Evacuate Collection Set: 1.4ms
[2024-05-30T12:50:01.482+0000][8140.901s][info][gc,phases   ] GC(1474)   Other: 0.2ms
[2024-05-30T12:50:01.482+0000][8140.901s][info][gc,heap     ] GC(1474) Eden regions: 58->0(914)
[2024-05-30T12:50:01.482+0000][8140.901s][info][gc,heap     ] GC(1474) Survivor regions: 18->7(10)
[2024-05-30T12:50:01.482+0000][8140.901s][info][gc,heap     ] GC(1474) Old regions: 237->223
[2024-05-30T12:50:01.482+0000][8140.901s][info][gc,heap     ] GC(1474) Archive regions: 2->2
[2024-05-30T12:50:01.482+0000][8140.901s][info][gc,heap     ] GC(1474) Humongous regions: 6->6
[2024-05-30T12:50:01.482+0000][8140.901s][info][gc,metaspace] GC(1474) Metaspace: 414954K(421056K)->414954K(421056K) NonClass: 362936K(366336K)->362936K(366336K) Class: 52017K(54720K)->52017K(54720K)
[2024-05-30T12:50:01.482+0000][8140.901s][info][gc          ] GC(1474) Pause Young (Mixed) (G1 Evacuation Pause) 2548M->1884M(12288M) 44.674ms
[2024-05-30T12:50:01.482+0000][8140.901s][info][gc,cpu      ] GC(1474) User=0.26s Sys=0.00s Real=0.04s
[2024-05-30T12:50:11.389+0000][8150.808s][info][gc,start    ] GC(1475) Pause Young (Normal) (G1 Evacuation Pause)
[2024-05-30T12:50:11.389+0000][8150.808s][info][gc,task     ] GC(1475) Using 6 workers of 6 for evacuation
[2024-05-30T12:50:11.411+0000][8150.830s][info][gc,phases   ] GC(1475)   Pre Evacuate Collection Set: 0.2ms
[2024-05-30T12:50:11.411+0000][8150.830s][info][gc,phases   ] GC(1475)   Merge Heap Roots: 0.3ms
[2024-05-30T12:50:11.411+0000][8150.830s][info][gc,phases   ] GC(1475)   Evacuate Collection Set: 19.2ms
[2024-05-30T12:50:11.411+0000][8150.830s][info][gc,phases   ] GC(1475)   Post Evacuate Collection Set: 1.7ms
[2024-05-30T12:50:11.411+0000][8150.830s][info][gc,phases   ] GC(1475)   Other: 0.2ms
[2024-05-30T12:50:11.411+0000][8150.830s][info][gc,heap     ] GC(1475) Eden regions: 914->0(912)
[2024-05-30T12:50:11.411+0000][8150.830s][info][gc,heap     ] GC(1475) Survivor regions: 7->9(116)
[2024-05-30T12:50:11.411+0000][8150.830s][info][gc,heap     ] GC(1475) Old regions: 223->223
[2024-05-30T12:50:11.411+0000][8150.830s][info][gc,heap     ] GC(1475) Archive regions: 2->2
[2024-05-30T12:50:11.411+0000][8150.830s][info][gc,heap     ] GC(1475) Humongous regions: 6->6
[2024-05-30T12:50:11.411+0000][8150.830s][info][gc,metaspace] GC(1475) Metaspace: 414954K(421056K)->414954K(421056K) NonClass: 362936K(366336K)->362936K(366336K) Class: 52017K(54720K)->52017K(54720K)
[2024-05-30T12:50:11.411+0000][8150.830s][info][gc          ] GC(1475) Pause Young (Normal) (G1 Evacuation Pause) 9196M->1898M(12288M) 21.616ms
[2024-05-30T12:50:11.411+0000][8150.830s][info][gc,cpu      ] GC(1475) User=0.13s Sys=0.00s Real=0.02s
[2024-05-30T12:50:21.522+0000][8160.942s][info][gc,start    ] GC(1476) Pause Young (Normal) (G1 Evacuation Pause)
[2024-05-30T12:50:21.522+0000][8160.942s][info][gc,task     ] GC(1476) Using 6 workers of 6 for evacuation
[2024-05-30T12:50:21.549+0000][8160.968s][info][gc,phases   ] GC(1476)   Pre Evacuate Collection Set: 0.2ms
[2024-05-30T12:50:21.549+0000][8160.968s][info][gc,phases   ] GC(1476)   Merge Heap Roots: 0.2ms
[2024-05-30T12:50:21.549+0000][8160.968s][info][gc,phases   ] GC(1476)   Evacuate Collection Set: 24.5ms
[2024-05-30T12:50:21.549+0000][8160.968s][info][gc,phases   ] GC(1476)   Post Evacuate Collection Set: 1.7ms
[2024-05-30T12:50:21.549+0000][8160.968s][info][gc,phases   ] GC(1476)   Other: 0.2ms
[2024-05-30T12:50:21.549+0000][8160.968s][info][gc,heap     ] GC(1476) Eden regions: 912->0(909)
[2024-05-30T12:50:21.549+0000][8160.968s][info][gc,heap     ] GC(1476) Survivor regions: 9->12(116)
[2024-05-30T12:50:21.549+0000][8160.968s][info][gc,heap     ] GC(1476) Old regions: 223->223
[2024-05-30T12:50:21.549+0000][8160.969s][info][gc,heap     ] GC(1476) Archive regions: 2->2
[2024-05-30T12:50:21.549+0000][8160.969s][info][gc,heap     ] GC(1476) Humongous regions: 6->6
[2024-05-30T12:50:21.549+0000][8160.969s][info][gc,metaspace] GC(1476) Metaspace: 414954K(421056K)->414954K(421056K) NonClass: 362936K(366336K)->362936K(366336K) Class: 52017K(54720K)->52017K(54720K)
[2024-05-30T12:50:21.549+0000][8160.969s][info][gc          ] GC(1476) Pause Young (Normal) (G1 Evacuation Pause) 9194M->1924M(12288M) 26.956ms
[2024-05-30T12:50:21.549+0000][8160.969s][info][gc,cpu      ] GC(1476) User=0.15s Sys=0.00s Real=0.03s
[2024-05-30T12:50:30.963+0000][8170.382s][info][gc,start    ] GC(1477) Pause Young (Concurrent Start) (G1 Evacuation Pause)
[2024-05-30T12:50:30.963+0000][8170.382s][info][gc,task     ] GC(1477) Using 6 workers of 6 for evacuation
[2024-05-30T12:50:31.000+0000][8170.419s][info][gc,phases   ] GC(1477)   Pre Evacuate Collection Set: 0.6ms
[2024-05-30T12:50:31.000+0000][8170.419s][info][gc,phases   ] GC(1477)   Merge Heap Roots: 0.2ms
[2024-05-30T12:50:31.000+0000][8170.419s][info][gc,phases   ] GC(1477)   Evacuate Collection Set: 33.8ms
[2024-05-30T12:50:31.000+0000][8170.419s][info][gc,phases   ] GC(1477)   Post Evacuate Collection Set: 2.0ms
[2024-05-30T12:50:31.000+0000][8170.419s][info][gc,phases   ] GC(1477)   Other: 0.3ms
[2024-05-30T12:50:31.000+0000][8170.419s][info][gc,heap     ] GC(1477) Eden regions: 909->0(907)
[2024-05-30T12:50:31.000+0000][8170.419s][info][gc,heap     ] GC(1477) Survivor regions: 12->14(116)
[2024-05-30T12:50:31.000+0000][8170.419s][info][gc,heap     ] GC(1477) Old regions: 223->223
[2024-05-30T12:50:31.000+0000][8170.419s][info][gc,heap     ] GC(1477) Archive regions: 2->2
[2024-05-30T12:50:31.000+0000][8170.419s][info][gc,heap     ] GC(1477) Humongous regions: 6->6
[2024-05-30T12:50:31.000+0000][8170.419s][info][gc,metaspace] GC(1477) Metaspace: 414954K(421056K)->414954K(421056K) NonClass: 362936K(366336K)->362936K(366336K) Class: 52017K(54720K)->52017K(54720K)
[2024-05-30T12:50:31.000+0000][8170.419s][info][gc          ] GC(1477) Pause Young (Concurrent Start) (G1 Evacuation Pause) 9196M->1941M(12288M) 36.940ms
[2024-05-30T12:50:31.000+0000][8170.419s][info][gc,cpu      ] GC(1477) User=0.22s Sys=0.00s Real=0.04s
[2024-05-30T12:50:31.000+0000][8170.419s][info][gc          ] GC(1478) Concurrent Mark Cycle
[2024-05-30T12:50:31.000+0000][8170.419s][info][gc,marking  ] GC(1478) Concurrent Clear Claimed Marks
[2024-05-30T12:50:31.000+0000][8170.419s][info][gc,marking  ] GC(1478) Concurrent Clear Claimed Marks 0.367ms
[2024-05-30T12:50:31.000+0000][8170.419s][info][gc,marking  ] GC(1478) Concurrent Scan Root Regions
[2024-05-30T12:50:31.032+0000][8170.451s][info][gc,marking  ] GC(1478) Concurrent Scan Root Regions 31.340ms
[2024-05-30T12:50:31.032+0000][8170.451s][info][gc,marking  ] GC(1478) Concurrent Mark
[2024-05-30T12:50:31.032+0000][8170.451s][info][gc,marking  ] GC(1478) Concurrent Mark From Roots
[2024-05-30T12:50:31.032+0000][8170.451s][info][gc,task     ] GC(1478) Using 2 workers of 2 for marking
[2024-05-30T12:50:32.186+0000][8171.605s][info][gc,marking  ] GC(1478) Concurrent Mark From Roots 1154.197ms
[2024-05-30T12:50:32.186+0000][8171.605s][info][gc,marking  ] GC(1478) Concurrent Preclean
[2024-05-30T12:50:32.187+0000][8171.606s][info][gc,marking  ] GC(1478) Concurrent Preclean 1.227ms
[2024-05-30T12:50:32.187+0000][8171.606s][info][gc,start    ] GC(1478) Pause Remark
[2024-05-30T12:50:32.208+0000][8171.627s][info][gc          ] GC(1478) Pause Remark 2817M->2817M(12288M) 20.942ms
[2024-05-30T12:50:32.208+0000][8171.627s][info][gc,cpu      ] GC(1478) User=0.09s Sys=0.00s Real=0.02s
[2024-05-30T12:50:32.208+0000][8171.628s][info][gc,marking  ] GC(1478) Concurrent Mark 1176.876ms
[2024-05-30T12:50:32.208+0000][8171.628s][info][gc,marking  ] GC(1478) Concurrent Rebuild Remembered Sets
[2024-05-30T12:50:32.873+0000][8172.292s][info][gc,marking  ] GC(1478) Concurrent Rebuild Remembered Sets 664.113ms
[2024-05-30T12:50:32.873+0000][8172.292s][info][gc,start    ] GC(1478) Pause Cleanup
[2024-05-30T12:50:32.873+0000][8172.293s][info][gc          ] GC(1478) Pause Cleanup 3361M->3361M(12288M) 0.514ms
[2024-05-30T12:50:32.873+0000][8172.293s][info][gc,cpu      ] GC(1478) User=0.00s Sys=0.00s Real=0.00s
[2024-05-30T12:50:32.873+0000][8172.293s][info][gc,marking  ] GC(1478) Concurrent Cleanup for Next Mark
[2024-05-30T12:50:32.891+0000][8172.310s][info][gc,marking  ] GC(1478) Concurrent Cleanup for Next Mark 17.154ms
[2024-05-30T12:50:32.891+0000][8172.310s][info][gc          ] GC(1478) Concurrent Mark Cycle 1890.861ms
[2024-05-30T12:50:40.851+0000][8180.270s][info][gc,start    ] GC(1479) Pause Young (Prepare Mixed) (G1 Evacuation Pause)
[2024-05-30T12:50:40.851+0000][8180.270s][info][gc,task     ] GC(1479) Using 6 workers of 6 for evacuation
[2024-05-30T12:50:40.885+0000][8180.304s][info][gc,phases   ] GC(1479)   Pre Evacuate Collection Set: 0.2ms
[2024-05-30T12:50:40.885+0000][8180.305s][info][gc,phases   ] GC(1479)   Merge Heap Roots: 0.3ms
[2024-05-30T12:50:40.885+0000][8180.305s][info][gc,phases   ] GC(1479)   Evacuate Collection Set: 32.1ms
[2024-05-30T12:50:40.885+0000][8180.305s][info][gc,phases   ] GC(1479)   Post Evacuate Collection Set: 1.8ms
[2024-05-30T12:50:40.885+0000][8180.305s][info][gc,phases   ] GC(1479)   Other: 0.2ms
[2024-05-30T12:50:40.885+0000][8180.305s][info][gc,heap     ] GC(1479) Eden regions: 907->0(62)
[2024-05-30T12:50:40.885+0000][8180.305s][info][gc,heap     ] GC(1479) Survivor regions: 14->14(116)
[2024-05-30T12:50:40.885+0000][8180.305s][info][gc,heap     ] GC(1479) Old regions: 223->223
[2024-05-30T12:50:40.885+0000][8180.305s][info][gc,heap     ] GC(1479) Archive regions: 2->2
[2024-05-30T12:50:40.885+0000][8180.305s][info][gc,heap     ] GC(1479) Humongous regions: 6->6
[2024-05-30T12:50:40.885+0000][8180.305s][info][gc,metaspace] GC(1479) Metaspace: 414955K(421056K)->414955K(421056K) NonClass: 362937K(366336K)->362937K(366336K) Class: 52017K(54720K)->52017K(54720K)
[2024-05-30T12:50:40.885+0000][8180.305s][info][gc          ] GC(1479) Pause Young (Prepare Mixed) (G1 Evacuation Pause) 9197M->1943M(12288M) 34.642ms
[2024-05-30T12:50:40.885+0000][8180.305s][info][gc,cpu      ] GC(1479) User=0.20s Sys=0.00s Real=0.03s
[2024-05-30T12:50:41.558+0000][8180.977s][info][gc,start    ] GC(1480) Pause Young (Mixed) (G1 Evacuation Pause)
[2024-05-30T12:50:41.558+0000][8180.977s][info][gc,task     ] GC(1480) Using 6 workers of 6 for evacuation
[2024-05-30T12:50:41.594+0000][8181.014s][info][gc,phases   ] GC(1480)   Pre Evacuate Collection Set: 0.2ms
[2024-05-30T12:50:41.594+0000][8181.014s][info][gc,phases   ] GC(1480)   Merge Heap Roots: 0.2ms
[2024-05-30T12:50:41.594+0000][8181.014s][info][gc,phases   ] GC(1480)   Evacuate Collection Set: 34.8ms
[2024-05-30T12:50:41.594+0000][8181.014s][info][gc,phases   ] GC(1480)   Post Evacuate Collection Set: 1.2ms
[2024-05-30T12:50:41.594+0000][8181.014s][info][gc,phases   ] GC(1480)   Other: 0.2ms
[2024-05-30T12:50:41.594+0000][8181.014s][info][gc,heap     ] GC(1480) Eden regions: 62->0(915)
[2024-05-30T12:50:41.594+0000][8181.014s][info][gc,heap     ] GC(1480) Survivor regions: 14->6(10)
[2024-05-30T12:50:41.594+0000][8181.014s][info][gc,heap     ] GC(1480) Old regions: 223->215
[2024-05-30T12:50:41.594+0000][8181.014s][info][gc,heap     ] GC(1480) Archive regions: 2->2
[2024-05-30T12:50:41.594+0000][8181.014s][info][gc,heap     ] GC(1480) Humongous regions: 6->6
[2024-05-30T12:50:41.594+0000][8181.014s][info][gc,metaspace] GC(1480) Metaspace: 414955K(421056K)->414955K(421056K) NonClass: 362937K(366336K)->362937K(366336K) Class: 52017K(54720K)->52017K(54720K)
[2024-05-30T12:50:41.594+0000][8181.014s][info][gc          ] GC(1480) Pause Young (Mixed) (G1 Evacuation Pause) 2439M->1815M(12288M) 36.491ms
[2024-05-30T12:50:41.595+0000][8181.014s][info][gc,cpu      ] GC(1480) User=0.22s Sys=0.00s Real=0.03s
[2024-05-30T12:50:51.852+0000][8191.271s][info][gc,start    ] GC(1481) Pause Young (Normal) (G1 Evacuation Pause)
[2024-05-30T12:50:51.852+0000][8191.271s][info][gc,task     ] GC(1481) Using 6 workers of 6 for evacuation
[2024-05-30T12:50:51.873+0000][8191.292s][info][gc,phases   ] GC(1481)   Pre Evacuate Collection Set: 0.2ms
[2024-05-30T12:50:51.873+0000][8191.292s][info][gc,phases   ] GC(1481)   Merge Heap Roots: 0.2ms
[2024-05-30T12:50:51.873+0000][8191.292s][info][gc,phases   ] GC(1481)   Evacuate Collection Set: 18.6ms
[2024-05-30T12:50:51.873+0000][8191.292s][info][gc,phases   ] GC(1481)   Post Evacuate Collection Set: 1.8ms
[2024-05-30T12:50:51.873+0000][8191.292s][info][gc,phases   ] GC(1481)   Other: 0.2ms
[2024-05-30T12:50:51.873+0000][8191.292s][info][gc,heap     ] GC(1481) Eden regions: 915->0(912)
[2024-05-30T12:50:51.873+0000][8191.292s][info][gc,heap     ] GC(1481) Survivor regions: 6->9(116)
[2024-05-30T12:50:51.873+0000][8191.292s][info][gc,heap     ] GC(1481) Old regions: 215->215
[2024-05-30T12:50:51.873+0000][8191.292s][info][gc,heap     ] GC(1481) Archive regions: 2->2
[2024-05-30T12:50:51.873+0000][8191.292s][info][gc,heap     ] GC(1481) Humongous regions: 6->6
[2024-05-30T12:50:51.873+0000][8191.292s][info][gc,metaspace] GC(1481) Metaspace: 414956K(421056K)->414956K(421056K) NonClass: 362938K(366336K)->362938K(366336K) Class: 52017K(54720K)->52017K(54720K)
[2024-05-30T12:50:51.873+0000][8191.292s][info][gc          ] GC(1481) Pause Young (Normal) (G1 Evacuation Pause) 9135M->1843M(12288M) 21.123ms
[2024-05-30T12:50:51.873+0000][8191.292s][info][gc,cpu      ] GC(1481) User=0.12s Sys=0.00s Real=0.02s
[2024-05-30T12:51:01.972+0000][8201.391s][info][gc,start    ] GC(1482) Pause Young (Normal) (G1 Evacuation Pause)
[2024-05-30T12:51:01.972+0000][8201.391s][info][gc,task     ] GC(1482) Using 6 workers of 6 for evacuation
[2024-05-30T12:51:01.998+0000][8201.417s][info][gc,phases   ] GC(1482)   Pre Evacuate Collection Set: 0.2ms
[2024-05-30T12:51:01.998+0000][8201.417s][info][gc,phases   ] GC(1482)   Merge Heap Roots: 0.2ms
[2024-05-30T12:51:01.998+0000][8201.417s][info][gc,phases   ] GC(1482)   Evacuate Collection Set: 23.8ms
[2024-05-30T12:51:01.998+0000][8201.417s][info][gc,phases   ] GC(1482)   Post Evacuate Collection Set: 1.9ms
[2024-05-30T12:51:01.998+0000][8201.417s][info][gc,phases   ] GC(1482)   Other: 0.2ms
[2024-05-30T12:51:01.998+0000][8201.417s][info][gc,heap     ] GC(1482) Eden regions: 912->0(910)
[2024-05-30T12:51:01.998+0000][8201.417s][info][gc,heap     ] GC(1482) Survivor regions: 9->11(116)
[2024-05-30T12:51:01.998+0000][8201.417s][info][gc,heap     ] GC(1482) Old regions: 215->215
[2024-05-30T12:51:01.998+0000][8201.417s][info][gc,heap     ] GC(1482) Archive regions: 2->2
[2024-05-30T12:51:01.998+0000][8201.417s][info][gc,heap     ] GC(1482) Humongous regions: 6->6
[2024-05-30T12:51:01.998+0000][8201.417s][info][gc,metaspace] GC(1482) Metaspace: 414959K(421120K)->414959K(421120K) NonClass: 362941K(366400K)->362941K(366400K) Class: 52017K(54720K)->52017K(54720K)
[2024-05-30T12:51:01.998+0000][8201.417s][info][gc          ] GC(1482) Pause Young (Normal) (G1 Evacuation Pause) 9139M->1855M(12288M) 26.368ms
[2024-05-30T12:51:01.998+0000][8201.417s][info][gc,cpu      ] GC(1482) User=0.15s Sys=0.00s Real=0.03s
[2024-05-30T12:51:12.286+0000][8211.705s][info][gc,start    ] GC(1483) Pause Young (Normal) (G1 Evacuation Pause)
[2024-05-30T12:51:12.286+0000][8211.705s][info][gc,task     ] GC(1483) Using 6 workers of 6 for evacuation
[2024-05-30T12:51:12.317+0000][8211.736s][info][gc,phases   ] GC(1483)   Pre Evacuate Collection Set: 0.2ms
[2024-05-30T12:51:12.317+0000][8211.736s][info][gc,phases   ] GC(1483)   Merge Heap Roots: 0.2ms
[2024-05-30T12:51:12.317+0000][8211.736s][info][gc,phases   ] GC(1483)   Evacuate Collection Set: 28.4ms
[2024-05-30T12:51:12.317+0000][8211.736s][info][gc,phases   ] GC(1483)   Post Evacuate Collection Set: 1.8ms
[2024-05-30T12:51:12.317+0000][8211.736s][info][gc,phases   ] GC(1483)   Other: 0.2ms
[2024-05-30T12:51:12.317+0000][8211.736s][info][gc,heap     ] GC(1483) Eden regions: 910->0(907)
[2024-05-30T12:51:12.317+0000][8211.736s][info][gc,heap     ] GC(1483) Survivor regions: 11->14(116)
[2024-05-30T12:51:12.317+0000][8211.736s][info][gc,heap     ] GC(1483) Old regions: 215->215
[2024-05-30T12:51:12.317+0000][8211.736s][info][gc,heap     ] GC(1483) Archive regions: 2->2
[2024-05-30T12:51:12.317+0000][8211.736s][info][gc,heap     ] GC(1483) Humongous regions: 6->6
[2024-05-30T12:51:12.317+0000][8211.736s][info][gc,metaspace] GC(1483) Metaspace: 414959K(421120K)->414959K(421120K) NonClass: 362941K(366400K)->362941K(366400K) Class: 52017K(54720K)->52017K(54720K)
[2024-05-30T12:51:12.317+0000][8211.736s][info][gc          ] GC(1483) Pause Young (Normal) (G1 Evacuation Pause) 9135M->1880M(12288M) 30.892ms
[2024-05-30T12:51:12.317+0000][8211.736s][info][gc,cpu      ] GC(1483) User=0.18s Sys=0.00s Real=0.04s
[2024-05-30T12:51:22.500+0000][8221.919s][info][gc,start    ] GC(1484) Pause Young (Normal) (G1 Evacuation Pause)
[2024-05-30T12:51:22.500+0000][8221.919s][info][gc,task     ] GC(1484) Using 6 workers of 6 for evacuation
[2024-05-30T12:51:22.541+0000][8221.960s][info][gc,phases   ] GC(1484)   Pre Evacuate Collection Set: 0.2ms
[2024-05-30T12:51:22.541+0000][8221.961s][info][gc,phases   ] GC(1484)   Merge Heap Roots: 0.2ms
[2024-05-30T12:51:22.541+0000][8221.961s][info][gc,phases   ] GC(1484)   Evacuate Collection Set: 39.0ms
[2024-05-30T12:51:22.541+0000][8221.961s][info][gc,phases   ] GC(1484)   Post Evacuate Collection Set: 2.1ms
[2024-05-30T12:51:22.541+0000][8221.961s][info][gc,phases   ] GC(1484)   Other: 0.2ms
[2024-05-30T12:51:22.541+0000][8221.961s][info][gc,heap     ] GC(1484) Eden regions: 907->0(903)
[2024-05-30T12:51:22.541+0000][8221.961s][info][gc,heap     ] GC(1484) Survivor regions: 14->18(116)
[2024-05-30T12:51:22.541+0000][8221.961s][info][gc,heap     ] GC(1484) Old regions: 215->215
[2024-05-30T12:51:22.541+0000][8221.961s][info][gc,heap     ] GC(1484) Archive regions: 2->2
[2024-05-30T12:51:22.541+0000][8221.961s][info][gc,heap     ] GC(1484) Humongous regions: 6->6
[2024-05-30T12:51:22.541+0000][8221.961s][info][gc,metaspace] GC(1484) Metaspace: 414965K(421120K)->414965K(421120K) NonClass: 362947K(366400K)->362947K(366400K) Class: 52017K(54720K)->52017K(54720K)
[2024-05-30T12:51:22.541+0000][8221.961s][info][gc          ] GC(1484) Pause Young (Normal) (G1 Evacuation Pause) 9136M->1911M(12288M) 41.729ms
[2024-05-30T12:51:22.541+0000][8221.961s][info][gc,cpu      ] GC(1484) User=0.25s Sys=0.00s Real=0.04s
[2024-05-30T12:51:32.482+0000][8231.901s][info][gc,start    ] GC(1485) Pause Young (Normal) (G1 Evacuation Pause)
[2024-05-30T12:51:32.482+0000][8231.901s][info][gc,task     ] GC(1485) Using 6 workers of 6 for evacuation
[2024-05-30T12:51:32.521+0000][8231.940s][info][gc,phases   ] GC(1485)   Pre Evacuate Collection Set: 0.2ms
[2024-05-30T12:51:32.521+0000][8231.940s][info][gc,phases   ] GC(1485)   Merge Heap Roots: 0.2ms
[2024-05-30T12:51:32.521+0000][8231.940s][info][gc,phases   ] GC(1485)   Evacuate Collection Set: 36.1ms
[2024-05-30T12:51:32.521+0000][8231.940s][info][gc,phases   ] GC(1485)   Post Evacuate Collection Set: 1.8ms
[2024-05-30T12:51:32.521+0000][8231.940s][info][gc,phases   ] GC(1485)   Other: 0.2ms
[2024-05-30T12:51:32.521+0000][8231.940s][info][gc,heap     ] GC(1485) Eden regions: 903->0(903)
[2024-05-30T12:51:32.521+0000][8231.940s][info][gc,heap     ] GC(1485) Survivor regions: 18->18(116)
[2024-05-30T12:51:32.521+0000][8231.940s][info][gc,heap     ] GC(1485) Old regions: 215->215
[2024-05-30T12:51:32.521+0000][8231.940s][info][gc,heap     ] GC(1485) Archive regions: 2->2
[2024-05-30T12:51:32.521+0000][8231.940s][info][gc,heap     ] GC(1485) Humongous regions: 6->6
[2024-05-30T12:51:32.521+0000][8231.940s][info][gc,metaspace] GC(1485) Metaspace: 414969K(421120K)->414969K(421120K) NonClass: 362951K(366400K)->362951K(366400K) Class: 52017K(54720K)->52017K(54720K)
[2024-05-30T12:51:32.521+0000][8231.940s][info][gc          ] GC(1485) Pause Young (Normal) (G1 Evacuation Pause) 9135M->1915M(12288M) 38.649ms
[2024-05-30T12:51:32.521+0000][8231.940s][info][gc,cpu      ] GC(1485) User=0.22s Sys=0.00s Real=0.04s
[2024-05-30T12:51:42.087+0000][8241.506s][info][gc,start    ] GC(1486) Pause Young (Normal) (G1 Evacuation Pause)
[2024-05-30T12:51:42.087+0000][8241.506s][info][gc,task     ] GC(1486) Using 6 workers of 6 for evacuation
[2024-05-30T12:51:42.126+0000][8241.546s][info][gc,phases   ] GC(1486)   Pre Evacuate Collection Set: 0.2ms
[2024-05-30T12:51:42.126+0000][8241.546s][info][gc,phases   ] GC(1486)   Merge Heap Roots: 0.2ms
[2024-05-30T12:51:42.126+0000][8241.546s][info][gc,phases   ] GC(1486)   Evacuate Collection Set: 37.4ms
[2024-05-30T12:51:42.127+0000][8241.546s][info][gc,phases   ] GC(1486)   Post Evacuate Collection Set: 1.7ms
[2024-05-30T12:51:42.127+0000][8241.546s][info][gc,phases   ] GC(1486)   Other: 0.2ms
[2024-05-30T12:51:42.127+0000][8241.546s][info][gc,heap     ] GC(1486) Eden regions: 903->0(904)
[2024-05-30T12:51:42.127+0000][8241.546s][info][gc,heap     ] GC(1486) Survivor regions: 18->17(116)
[2024-05-30T12:51:42.127+0000][8241.546s][info][gc,heap     ] GC(1486) Old regions: 215->215
[2024-05-30T12:51:42.127+0000][8241.546s][info][gc,heap     ] GC(1486) Archive regions: 2->2
[2024-05-30T12:51:42.127+0000][8241.546s][info][gc,heap     ] GC(1486) Humongous regions: 6->6
[2024-05-30T12:51:42.127+0000][8241.546s][info][gc,metaspace] GC(1486) Metaspace: 414969K(421120K)->414969K(421120K) NonClass: 362951K(366400K)->362951K(366400K) Class: 52017K(54720K)->52017K(54720K)
[2024-05-30T12:51:42.127+0000][8241.546s][info][gc          ] GC(1486) Pause Young (Normal) (G1 Evacuation Pause) 9139M->1907M(12288M) 39.794ms
[2024-05-30T12:51:42.127+0000][8241.546s][info][gc,cpu      ] GC(1486) User=0.23s Sys=0.00s Real=0.04s
[2024-05-30T12:51:51.970+0000][8251.389s][info][gc,start    ] GC(1487) Pause Young (Normal) (G1 Evacuation Pause)
[2024-05-30T12:51:51.970+0000][8251.389s][info][gc,task     ] GC(1487) Using 6 workers of 6 for evacuation
[2024-05-30T12:51:52.012+0000][8251.431s][info][gc,phases   ] GC(1487)   Pre Evacuate Collection Set: 0.2ms
[2024-05-30T12:51:52.012+0000][8251.431s][info][gc,phases   ] GC(1487)   Merge Heap Roots: 0.2ms
[2024-05-30T12:51:52.012+0000][8251.431s][info][gc,phases   ] GC(1487)   Evacuate Collection Set: 40.1ms
[2024-05-30T12:51:52.012+0000][8251.431s][info][gc,phases   ] GC(1487)   Post Evacuate Collection Set: 1.9ms
[2024-05-30T12:51:52.012+0000][8251.431s][info][gc,phases   ] GC(1487)   Other: 0.2ms
[2024-05-30T12:51:52.012+0000][8251.431s][info][gc,heap     ] GC(1487) Eden regions: 904->0(902)
[2024-05-30T12:51:52.012+0000][8251.431s][info][gc,heap     ] GC(1487) Survivor regions: 17->19(116)
[2024-05-30T12:51:52.012+0000][8251.431s][info][gc,heap     ] GC(1487) Old regions: 215->215
[2024-05-30T12:51:52.012+0000][8251.431s][info][gc,heap     ] GC(1487) Archive regions: 2->2
[2024-05-30T12:51:52.012+0000][8251.431s][info][gc,heap     ] GC(1487) Humongous regions: 6->6
[2024-05-30T12:51:52.012+0000][8251.431s][info][gc,metaspace] GC(1487) Metaspace: 414981K(421120K)->414981K(421120K) NonClass: 362964K(366400K)->362964K(366400K) Class: 52017K(54720K)->52017K(54720K)
[2024-05-30T12:51:52.012+0000][8251.431s][info][gc          ] GC(1487) Pause Young (Normal) (G1 Evacuation Pause) 9139M->1919M(12288M) 42.661ms
[2024-05-30T12:51:52.012+0000][8251.432s][info][gc,cpu      ] GC(1487) User=0.25s Sys=0.00s Real=0.04s
[2024-05-30T12:52:01.896+0000][8261.315s][info][gc,start    ] GC(1488) Pause Young (Normal) (G1 Evacuation Pause)
[2024-05-30T12:52:01.896+0000][8261.315s][info][gc,task     ] GC(1488) Using 6 workers of 6 for evacuation
[2024-05-30T12:52:01.942+0000][8261.361s][info][gc,phases   ] GC(1488)   Pre Evacuate Collection Set: 0.2ms
[2024-05-30T12:52:01.942+0000][8261.361s][info][gc,phases   ] GC(1488)   Merge Heap Roots: 0.2ms
[2024-05-30T12:52:01.942+0000][8261.361s][info][gc,phases   ] GC(1488)   Evacuate Collection Set: 43.6ms
[2024-05-30T12:52:01.942+0000][8261.361s][info][gc,phases   ] GC(1488)   Post Evacuate Collection Set: 1.9ms
[2024-05-30T12:52:01.942+0000][8261.361s][info][gc,phases   ] GC(1488)   Other: 0.2ms
[2024-05-30T12:52:01.942+0000][8261.361s][info][gc,heap     ] GC(1488) Eden regions: 902->0(900)
[2024-05-30T12:52:01.942+0000][8261.361s][info][gc,heap     ] GC(1488) Survivor regions: 19->21(116)
[2024-05-30T12:52:01.942+0000][8261.361s][info][gc,heap     ] GC(1488) Old regions: 215->215
[2024-05-30T12:52:01.942+0000][8261.361s][info][gc,heap     ] GC(1488) Archive regions: 2->2
[2024-05-30T12:52:01.942+0000][8261.361s][info][gc,heap     ] GC(1488) Humongous regions: 6->6
[2024-05-30T12:52:01.942+0000][8261.361s][info][gc,metaspace] GC(1488) Metaspace: 414981K(421120K)->414981K(421120K) NonClass: 362964K(366400K)->362964K(366400K) Class: 52017K(54720K)->52017K(54720K)
[2024-05-30T12:52:01.942+0000][8261.361s][info][gc          ] GC(1488) Pause Young (Normal) (G1 Evacuation Pause) 9135M->1935M(12288M) 46.169ms
[2024-05-30T12:52:01.942+0000][8261.361s][info][gc,cpu      ] GC(1488) User=0.27s Sys=0.00s Real=0.05s
[2024-05-30T12:52:11.988+0000][8271.407s][info][gc,start    ] GC(1489) Pause Young (Normal) (G1 Evacuation Pause)
[2024-05-30T12:52:11.988+0000][8271.407s][info][gc,task     ] GC(1489) Using 6 workers of 6 for evacuation
[2024-05-30T12:52:12.038+0000][8271.458s][info][gc,phases   ] GC(1489)   Pre Evacuate Collection Set: 0.2ms
[2024-05-30T12:52:12.038+0000][8271.458s][info][gc,phases   ] GC(1489)   Merge Heap Roots: 0.2ms
[2024-05-30T12:52:12.038+0000][8271.458s][info][gc,phases   ] GC(1489)   Evacuate Collection Set: 48.2ms
[2024-05-30T12:52:12.038+0000][8271.458s][info][gc,phases   ] GC(1489)   Post Evacuate Collection Set: 1.8ms
[2024-05-30T12:52:12.038+0000][8271.458s][info][gc,phases   ] GC(1489)   Other: 0.2ms
[2024-05-30T12:52:12.038+0000][8271.458s][info][gc,heap     ] GC(1489) Eden regions: 900->0(898)
[2024-05-30T12:52:12.038+0000][8271.458s][info][gc,heap     ] GC(1489) Survivor regions: 21->23(116)
[2024-05-30T12:52:12.038+0000][8271.458s][info][gc,heap     ] GC(1489) Old regions: 215->215
[2024-05-30T12:52:12.038+0000][8271.458s][info][gc,heap     ] GC(1489) Archive regions: 2->2
[2024-05-30T12:52:12.038+0000][8271.458s][info][gc,heap     ] GC(1489) Humongous regions: 6->6
[2024-05-30T12:52:12.038+0000][8271.458s][info][gc,metaspace] GC(1489) Metaspace: 414981K(421120K)->414981K(421120K) NonClass: 362964K(366400K)->362964K(366400K) Class: 52017K(54720K)->52017K(54720K)
[2024-05-30T12:52:12.038+0000][8271.458s][info][gc          ] GC(1489) Pause Young (Normal) (G1 Evacuation Pause) 9135M->1955M(12288M) 50.633ms
[2024-05-30T12:52:12.038+0000][8271.458s][info][gc,cpu      ] GC(1489) User=0.29s Sys=0.00s Real=0.06s
[2024-05-30T12:52:21.953+0000][8281.372s][info][gc,start    ] GC(1490) Pause Young (Normal) (G1 Evacuation Pause)
[2024-05-30T12:52:21.953+0000][8281.372s][info][gc,task     ] GC(1490) Using 6 workers of 6 for evacuation
[2024-05-30T12:52:22.004+0000][8281.423s][info][gc,phases   ] GC(1490)   Pre Evacuate Collection Set: 0.2ms
[2024-05-30T12:52:22.004+0000][8281.423s][info][gc,phases   ] GC(1490)   Merge Heap Roots: 0.2ms
[2024-05-30T12:52:22.004+0000][8281.423s][info][gc,phases   ] GC(1490)   Evacuate Collection Set: 49.0ms
[2024-05-30T12:52:22.004+0000][8281.423s][info][gc,phases   ] GC(1490)   Post Evacuate Collection Set: 1.7ms
[2024-05-30T12:52:22.004+0000][8281.423s][info][gc,phases   ] GC(1490)   Other: 0.2ms
[2024-05-30T12:52:22.004+0000][8281.423s][info][gc,heap     ] GC(1490) Eden regions: 898->0(900)
[2024-05-30T12:52:22.004+0000][8281.423s][info][gc,heap     ] GC(1490) Survivor regions: 23->21(116)
[2024-05-30T12:52:22.004+0000][8281.423s][info][gc,heap     ] GC(1490) Old regions: 215->215
[2024-05-30T12:52:22.004+0000][8281.423s][info][gc,heap     ] GC(1490) Archive regions: 2->2
[2024-05-30T12:52:22.004+0000][8281.423s][info][gc,heap     ] GC(1490) Humongous regions: 6->6
[2024-05-30T12:52:22.004+0000][8281.423s][info][gc,metaspace] GC(1490) Metaspace: 414981K(421120K)->414981K(421120K) NonClass: 362964K(366400K)->362964K(366400K) Class: 52017K(54720K)->52017K(54720K)
[2024-05-30T12:52:22.004+0000][8281.423s][info][gc          ] GC(1490) Pause Young (Normal) (G1 Evacuation Pause) 9139M->1939M(12288M) 51.504ms
[2024-05-30T12:52:22.004+0000][8281.423s][info][gc,cpu      ] GC(1490) User=0.30s Sys=0.00s Real=0.05s
[2024-05-30T12:52:31.778+0000][8291.197s][info][gc,start    ] GC(1491) Pause Young (Normal) (G1 Evacuation Pause)
[2024-05-30T12:52:31.778+0000][8291.197s][info][gc,task     ] GC(1491) Using 6 workers of 6 for evacuation
[2024-05-30T12:52:31.829+0000][8291.248s][info][gc,phases   ] GC(1491)   Pre Evacuate Collection Set: 0.2ms
[2024-05-30T12:52:31.829+0000][8291.248s][info][gc,phases   ] GC(1491)   Merge Heap Roots: 0.2ms
[2024-05-30T12:52:31.829+0000][8291.248s][info][gc,phases   ] GC(1491)   Evacuate Collection Set: 48.2ms
[2024-05-30T12:52:31.829+0000][8291.248s][info][gc,phases   ] GC(1491)   Post Evacuate Collection Set: 1.9ms
[2024-05-30T12:52:31.829+0000][8291.248s][info][gc,phases   ] GC(1491)   Other: 0.2ms
[2024-05-30T12:52:31.829+0000][8291.248s][info][gc,heap     ] GC(1491) Eden regions: 900->0(897)
[2024-05-30T12:52:31.829+0000][8291.248s][info][gc,heap     ] GC(1491) Survivor regions: 21->24(116)
[2024-05-30T12:52:31.829+0000][8291.248s][info][gc,heap     ] GC(1491) Old regions: 215->215
[2024-05-30T12:52:31.829+0000][8291.248s][info][gc,heap     ] GC(1491) Archive regions: 2->2
[2024-05-30T12:52:31.829+0000][8291.248s][info][gc,heap     ] GC(1491) Humongous regions: 6->6
[2024-05-30T12:52:31.829+0000][8291.248s][info][gc,metaspace] GC(1491) Metaspace: 414981K(421120K)->414981K(421120K) NonClass: 362964K(366400K)->362964K(366400K) Class: 52017K(54720K)->52017K(54720K)
[2024-05-30T12:52:31.829+0000][8291.248s][info][gc          ] GC(1491) Pause Young (Normal) (G1 Evacuation Pause) 9139M->1959M(12288M) 50.749ms
[2024-05-30T12:52:31.829+0000][8291.248s][info][gc,cpu      ] GC(1491) User=0.30s Sys=0.00s Real=0.05s
[2024-05-30T12:52:41.396+0000][8300.815s][info][gc,start    ] GC(1492) Pause Young (Normal) (G1 Evacuation Pause)
[2024-05-30T12:52:41.396+0000][8300.815s][info][gc,task     ] GC(1492) Using 6 workers of 6 for evacuation
[2024-05-30T12:52:41.449+0000][8300.868s][info][gc,phases   ] GC(1492)   Pre Evacuate Collection Set: 0.2ms
[2024-05-30T12:52:41.449+0000][8300.868s][info][gc,phases   ] GC(1492)   Merge Heap Roots: 0.2ms
[2024-05-30T12:52:41.449+0000][8300.868s][info][gc,phases   ] GC(1492)   Evacuate Collection Set: 51.0ms
[2024-05-30T12:52:41.449+0000][8300.868s][info][gc,phases   ] GC(1492)   Post Evacuate Collection Set: 1.8ms
[2024-05-30T12:52:41.449+0000][8300.868s][info][gc,phases   ] GC(1492)   Other: 0.2ms
[2024-05-30T12:52:41.449+0000][8300.868s][info][gc,heap     ] GC(1492) Eden regions: 897->0(898)
[2024-05-30T12:52:41.449+0000][8300.868s][info][gc,heap     ] GC(1492) Survivor regions: 24->23(116)
[2024-05-30T12:52:41.449+0000][8300.868s][info][gc,heap     ] GC(1492) Old regions: 215->215
[2024-05-30T12:52:41.449+0000][8300.868s][info][gc,heap     ] GC(1492) Archive regions: 2->2
[2024-05-30T12:52:41.449+0000][8300.868s][info][gc,heap     ] GC(1492) Humongous regions: 6->6
[2024-05-30T12:52:41.449+0000][8300.868s][info][gc,metaspace] GC(1492) Metaspace: 414981K(421120K)->414981K(421120K) NonClass: 362964K(366400K)->362964K(366400K) Class: 52017K(54720K)->52017K(54720K)
[2024-05-30T12:52:41.449+0000][8300.868s][info][gc          ] GC(1492) Pause Young (Normal) (G1 Evacuation Pause) 9135M->1951M(12288M) 53.500ms
[2024-05-30T12:52:41.449+0000][8300.869s][info][gc,cpu      ] GC(1492) User=0.32s Sys=0.00s Real=0.06s
[2024-05-30T12:52:47.688+0000][8307.108s][info][gc,start    ] GC(1493) Pause Young (Normal) (G1 Evacuation Pause)
[2024-05-30T12:52:47.688+0000][8307.108s][info][gc,task     ] GC(1493) Using 6 workers of 6 for evacuation
[2024-05-30T12:52:47.781+0000][8307.201s][info][gc,phases   ] GC(1493)   Pre Evacuate Collection Set: 0.2ms
[2024-05-30T12:52:47.781+0000][8307.201s][info][gc,phases   ] GC(1493)   Merge Heap Roots: 0.3ms
[2024-05-30T12:52:47.781+0000][8307.201s][info][gc,phases   ] GC(1493)   Evacuate Collection Set: 82.5ms
[2024-05-30T12:52:47.781+0000][8307.201s][info][gc,phases   ] GC(1493)   Post Evacuate Collection Set: 10.0ms
[2024-05-30T12:52:47.781+0000][8307.201s][info][gc,phases   ] GC(1493)   Other: 0.2ms
[2024-05-30T12:52:47.782+0000][8307.201s][info][gc,heap     ] GC(1493) Eden regions: 898->0(892)
[2024-05-30T12:52:47.782+0000][8307.201s][info][gc,heap     ] GC(1493) Survivor regions: 23->29(116)
[2024-05-30T12:52:47.782+0000][8307.201s][info][gc,heap     ] GC(1493) Old regions: 215->215
[2024-05-30T12:52:47.782+0000][8307.201s][info][gc,heap     ] GC(1493) Archive regions: 2->2
[2024-05-30T12:52:47.782+0000][8307.201s][info][gc,heap     ] GC(1493) Humongous regions: 6->6
[2024-05-30T12:52:47.782+0000][8307.201s][info][gc,metaspace] GC(1493) Metaspace: 414981K(421120K)->414981K(421120K) NonClass: 362964K(366400K)->362964K(366400K) Class: 52017K(54720K)->52017K(54720K)
[2024-05-30T12:52:47.782+0000][8307.201s][info][gc          ] GC(1493) Pause Young (Normal) (G1 Evacuation Pause) 9135M->1999M(12288M) 93.219ms
[2024-05-30T12:52:47.782+0000][8307.201s][info][gc,cpu      ] GC(1493) User=0.55s Sys=0.00s Real=0.09s
[2024-05-30T12:52:50.678+0000][8310.097s][info][gc,start    ] GC(1494) Pause Young (Normal) (G1 Evacuation Pause)
[2024-05-30T12:52:50.678+0000][8310.097s][info][gc,task     ] GC(1494) Using 6 workers of 6 for evacuation
[2024-05-30T12:52:50.810+0000][8310.230s][info][gc,phases   ] GC(1494)   Pre Evacuate Collection Set: 0.2ms
[2024-05-30T12:52:50.810+0000][8310.230s][info][gc,phases   ] GC(1494)   Merge Heap Roots: 0.3ms
[2024-05-30T12:52:50.810+0000][8310.230s][info][gc,phases   ] GC(1494)   Evacuate Collection Set: 111.1ms
[2024-05-30T12:52:50.810+0000][8310.230s][info][gc,phases   ] GC(1494)   Post Evacuate Collection Set: 20.8ms
[2024-05-30T12:52:50.810+0000][8310.230s][info][gc,phases   ] GC(1494)   Other: 0.2ms
[2024-05-30T12:52:50.810+0000][8310.230s][info][gc,heap     ] GC(1494) Eden regions: 892->0(889)
[2024-05-30T12:52:50.810+0000][8310.230s][info][gc,heap     ] GC(1494) Survivor regions: 29->32(116)
[2024-05-30T12:52:50.810+0000][8310.230s][info][gc,heap     ] GC(1494) Old regions: 215->216
[2024-05-30T12:52:50.810+0000][8310.230s][info][gc,heap     ] GC(1494) Archive regions: 2->2
[2024-05-30T12:52:50.810+0000][8310.230s][info][gc,heap     ] GC(1494) Humongous regions: 6->6
[2024-05-30T12:52:50.810+0000][8310.230s][info][gc,metaspace] GC(1494) Metaspace: 414981K(421120K)->414981K(421120K) NonClass: 362964K(366400K)->362964K(366400K) Class: 52017K(54720K)->52017K(54720K)
[2024-05-30T12:52:50.810+0000][8310.230s][info][gc          ] GC(1494) Pause Young (Normal) (G1 Evacuation Pause) 9135M->2031M(12288M) 132.676ms
[2024-05-30T12:52:50.810+0000][8310.230s][info][gc,cpu      ] GC(1494) User=0.78s Sys=0.00s Real=0.13s
[2024-05-30T12:52:53.332+0000][8312.751s][info][gc,start    ] GC(1495) Pause Young (Normal) (G1 Evacuation Pause)
[2024-05-30T12:52:53.332+0000][8312.751s][info][gc,task     ] GC(1495) Using 6 workers of 6 for evacuation
[2024-05-30T12:52:53.459+0000][8312.878s][info][gc,phases   ] GC(1495)   Pre Evacuate Collection Set: 0.2ms
[2024-05-30T12:52:53.459+0000][8312.878s][info][gc,phases   ] GC(1495)   Merge Heap Roots: 0.3ms
[2024-05-30T12:52:53.459+0000][8312.878s][info][gc,phases   ] GC(1495)   Evacuate Collection Set: 111.1ms
[2024-05-30T12:52:53.459+0000][8312.878s][info][gc,phases   ] GC(1495)   Post Evacuate Collection Set: 15.1ms
[2024-05-30T12:52:53.459+0000][8312.878s][info][gc,phases   ] GC(1495)   Other: 0.2ms
[2024-05-30T12:52:53.459+0000][8312.878s][info][gc,heap     ] GC(1495) Eden regions: 889->0(886)
[2024-05-30T12:52:53.459+0000][8312.878s][info][gc,heap     ] GC(1495) Survivor regions: 32->35(116)
[2024-05-30T12:52:53.459+0000][8312.878s][info][gc,heap     ] GC(1495) Old regions: 216->216
[2024-05-30T12:52:53.459+0000][8312.878s][info][gc,heap     ] GC(1495) Archive regions: 2->2
[2024-05-30T12:52:53.459+0000][8312.878s][info][gc,heap     ] GC(1495) Humongous regions: 6->6
[2024-05-30T12:52:53.459+0000][8312.878s][info][gc,metaspace] GC(1495) Metaspace: 414981K(421120K)->414981K(421120K) NonClass: 362964K(366400K)->362964K(366400K) Class: 52017K(54720K)->52017K(54720K)
[2024-05-30T12:52:53.459+0000][8312.878s][info][gc          ] GC(1495) Pause Young (Normal) (G1 Evacuation Pause) 9143M->2058M(12288M) 127.014ms
[2024-05-30T12:52:53.459+0000][8312.878s][info][gc,cpu      ] GC(1495) User=0.75s Sys=0.00s Real=0.13s
[2024-05-30T12:52:56.152+0000][8315.571s][info][gc,start    ] GC(1496) Pause Young (Normal) (G1 Evacuation Pause)
[2024-05-30T12:52:56.152+0000][8315.571s][info][gc,task     ] GC(1496) Using 6 workers of 6 for evacuation
[2024-05-30T12:52:56.305+0000][8315.724s][info][gc,phases   ] GC(1496)   Pre Evacuate Collection Set: 0.2ms
[2024-05-30T12:52:56.305+0000][8315.724s][info][gc,phases   ] GC(1496)   Merge Heap Roots: 0.4ms
[2024-05-30T12:52:56.305+0000][8315.724s][info][gc,phases   ] GC(1496)   Evacuate Collection Set: 130.0ms
[2024-05-30T12:52:56.305+0000][8315.724s][info][gc,phases   ] GC(1496)   Post Evacuate Collection Set: 21.9ms
[2024-05-30T12:52:56.305+0000][8315.724s][info][gc,phases   ] GC(1496)   Other: 0.2ms
[2024-05-30T12:52:56.305+0000][8315.724s][info][gc,heap     ] GC(1496) Eden regions: 886->0(882)
[2024-05-30T12:52:56.305+0000][8315.724s][info][gc,heap     ] GC(1496) Survivor regions: 35->39(116)
[2024-05-30T12:52:56.305+0000][8315.724s][info][gc,heap     ] GC(1496) Old regions: 216->217
[2024-05-30T12:52:56.305+0000][8315.724s][info][gc,heap     ] GC(1496) Archive regions: 2->2
[2024-05-30T12:52:56.305+0000][8315.724s][info][gc,heap     ] GC(1496) Humongous regions: 6->6
[2024-05-30T12:52:56.305+0000][8315.724s][info][gc,metaspace] GC(1496) Metaspace: 414981K(421120K)->414981K(421120K) NonClass: 362964K(366400K)->362964K(366400K) Class: 52017K(54720K)->52017K(54720K)
[2024-05-30T12:52:56.305+0000][8315.724s][info][gc          ] GC(1496) Pause Young (Normal) (G1 Evacuation Pause) 9146M->2096M(12288M) 152.734ms
[2024-05-30T12:52:56.305+0000][8315.724s][info][gc,cpu      ] GC(1496) User=0.89s Sys=0.00s Real=0.15s
[2024-05-30T12:53:00.193+0000][8319.613s][info][gc,start    ] GC(1497) Pause Young (Normal) (G1 Evacuation Pause)
[2024-05-30T12:53:00.194+0000][8319.613s][info][gc,task     ] GC(1497) Using 6 workers of 6 for evacuation
[2024-05-30T12:53:00.285+0000][8319.704s][info][gc,phases   ] GC(1497)   Pre Evacuate Collection Set: 0.2ms
[2024-05-30T12:53:00.285+0000][8319.704s][info][gc,phases   ] GC(1497)   Merge Heap Roots: 0.3ms
[2024-05-30T12:53:00.285+0000][8319.704s][info][gc,phases   ] GC(1497)   Evacuate Collection Set: 79.1ms
[2024-05-30T12:53:00.285+0000][8319.704s][info][gc,phases   ] GC(1497)   Post Evacuate Collection Set: 11.4ms
[2024-05-30T12:53:00.285+0000][8319.704s][info][gc,phases   ] GC(1497)   Other: 0.2ms
[2024-05-30T12:53:00.285+0000][8319.704s][info][gc,heap     ] GC(1497) Eden regions: 882->0(896)
[2024-05-30T12:53:00.285+0000][8319.704s][info][gc,heap     ] GC(1497) Survivor regions: 39->25(116)
[2024-05-30T12:53:00.285+0000][8319.704s][info][gc,heap     ] GC(1497) Old regions: 217->218
[2024-05-30T12:53:00.285+0000][8319.704s][info][gc,heap     ] GC(1497) Archive regions: 2->2
[2024-05-30T12:53:00.285+0000][8319.704s][info][gc,heap     ] GC(1497) Humongous regions: 6->6
[2024-05-30T12:53:00.285+0000][8319.704s][info][gc,metaspace] GC(1497) Metaspace: 414981K(421120K)->414981K(421120K) NonClass: 362964K(366400K)->362964K(366400K) Class: 52017K(54720K)->52017K(54720K)
[2024-05-30T12:53:00.285+0000][8319.704s][info][gc          ] GC(1497) Pause Young (Normal) (G1 Evacuation Pause) 9152M->1994M(12288M) 91.256ms
[2024-05-30T12:53:00.285+0000][8319.704s][info][gc,cpu      ] GC(1497) User=0.54s Sys=0.00s Real=0.09s
[2024-05-30T12:53:04.699+0000][8324.118s][info][gc,start    ] GC(1498) Pause Young (Normal) (G1 Evacuation Pause)
[2024-05-30T12:53:04.699+0000][8324.118s][info][gc,task     ] GC(1498) Using 6 workers of 6 for evacuation
[2024-05-30T12:53:04.802+0000][8324.222s][info][gc,phases   ] GC(1498)   Pre Evacuate Collection Set: 0.2ms
[2024-05-30T12:53:04.802+0000][8324.222s][info][gc,phases   ] GC(1498)   Merge Heap Roots: 0.3ms
[2024-05-30T12:53:04.802+0000][8324.222s][info][gc,phases   ] GC(1498)   Evacuate Collection Set: 87.4ms
[2024-05-30T12:53:04.802+0000][8324.222s][info][gc,phases   ] GC(1498)   Post Evacuate Collection Set: 15.6ms
[2024-05-30T12:53:04.802+0000][8324.222s][info][gc,phases   ] GC(1498)   Other: 0.2ms
[2024-05-30T12:53:04.802+0000][8324.222s][info][gc,heap     ] GC(1498) Eden regions: 896->0(896)
[2024-05-30T12:53:04.802+0000][8324.222s][info][gc,heap     ] GC(1498) Survivor regions: 25->25(116)
[2024-05-30T12:53:04.802+0000][8324.222s][info][gc,heap     ] GC(1498) Old regions: 218->219
[2024-05-30T12:53:04.803+0000][8324.222s][info][gc,heap     ] GC(1498) Archive regions: 2->2
[2024-05-30T12:53:04.803+0000][8324.222s][info][gc,heap     ] GC(1498) Humongous regions: 6->6
[2024-05-30T12:53:04.803+0000][8324.222s][info][gc,metaspace] GC(1498) Metaspace: 414981K(421120K)->414981K(421120K) NonClass: 362964K(366400K)->362964K(366400K) Class: 52017K(54720K)->52017K(54720K)
[2024-05-30T12:53:04.803+0000][8324.222s][info][gc          ] GC(1498) Pause Young (Normal) (G1 Evacuation Pause) 9162M->2004M(12288M) 103.814ms
[2024-05-30T12:53:04.803+0000][8324.222s][info][gc,cpu      ] GC(1498) User=0.60s Sys=0.00s Real=0.10s
[2024-05-30T12:53:07.442+0000][8326.861s][info][gc,start    ] GC(1499) Pause Young (Normal) (G1 Evacuation Pause)
[2024-05-30T12:53:07.442+0000][8326.861s][info][gc,task     ] GC(1499) Using 6 workers of 6 for evacuation
[2024-05-30T12:53:07.576+0000][8326.995s][info][gc,phases   ] GC(1499)   Pre Evacuate Collection Set: 0.2ms
[2024-05-30T12:53:07.576+0000][8326.995s][info][gc,phases   ] GC(1499)   Merge Heap Roots: 0.3ms
[2024-05-30T12:53:07.576+0000][8326.995s][info][gc,phases   ] GC(1499)   Evacuate Collection Set: 112.2ms
[2024-05-30T12:53:07.576+0000][8326.995s][info][gc,phases   ] GC(1499)   Post Evacuate Collection Set: 20.7ms
[2024-05-30T12:53:07.576+0000][8326.995s][info][gc,phases   ] GC(1499)   Other: 0.2ms
[2024-05-30T12:53:07.576+0000][8326.995s][info][gc,heap     ] GC(1499) Eden regions: 896->0(891)
[2024-05-30T12:53:07.576+0000][8326.995s][info][gc,heap     ] GC(1499) Survivor regions: 25->30(116)
[2024-05-30T12:53:07.576+0000][8326.995s][info][gc,heap     ] GC(1499) Old regions: 219->220
[2024-05-30T12:53:07.576+0000][8326.995s][info][gc,heap     ] GC(1499) Archive regions: 2->2
[2024-05-30T12:53:07.576+0000][8326.995s][info][gc,heap     ] GC(1499) Humongous regions: 6->6
[2024-05-30T12:53:07.576+0000][8326.995s][info][gc,metaspace] GC(1499) Metaspace: 414981K(421120K)->414981K(421120K) NonClass: 362964K(366400K)->362964K(366400K) Class: 52017K(54720K)->52017K(54720K)
[2024-05-30T12:53:07.576+0000][8326.995s][info][gc          ] GC(1499) Pause Young (Normal) (G1 Evacuation Pause) 9172M->2048M(12288M) 133.688ms
[2024-05-30T12:53:07.576+0000][8326.995s][info][gc,cpu      ] GC(1499) User=0.78s Sys=0.00s Real=0.13s
[2024-05-30T12:53:10.036+0000][8329.456s][info][gc,start    ] GC(1500) Pause Young (Normal) (G1 Evacuation Pause)
[2024-05-30T12:53:10.036+0000][8329.456s][info][gc,task     ] GC(1500) Using 6 workers of 6 for evacuation
[2024-05-30T12:53:10.176+0000][8329.596s][info][gc,phases   ] GC(1500)   Pre Evacuate Collection Set: 0.2ms
[2024-05-30T12:53:10.176+0000][8329.596s][info][gc,phases   ] GC(1500)   Merge Heap Roots: 0.4ms
[2024-05-30T12:53:10.176+0000][8329.596s][info][gc,phases   ] GC(1500)   Evacuate Collection Set: 120.1ms
[2024-05-30T12:53:10.176+0000][8329.596s][info][gc,phases   ] GC(1500)   Post Evacuate Collection Set: 19.1ms
[2024-05-30T12:53:10.176+0000][8329.596s][info][gc,phases   ] GC(1500)   Other: 0.2ms
[2024-05-30T12:53:10.176+0000][8329.596s][info][gc,heap     ] GC(1500) Eden regions: 891->0(889)
[2024-05-30T12:53:10.176+0000][8329.596s][info][gc,heap     ] GC(1500) Survivor regions: 30->32(116)
[2024-05-30T12:53:10.176+0000][8329.596s][info][gc,heap     ] GC(1500) Old regions: 220->221
[2024-05-30T12:53:10.176+0000][8329.596s][info][gc,heap     ] GC(1500) Archive regions: 2->2
[2024-05-30T12:53:10.176+0000][8329.596s][info][gc,heap     ] GC(1500) Humongous regions: 6->6
[2024-05-30T12:53:10.176+0000][8329.596s][info][gc,metaspace] GC(1500) Metaspace: 414981K(421120K)->414981K(421120K) NonClass: 362964K(366400K)->362964K(366400K) Class: 52017K(54720K)->52017K(54720K)
[2024-05-30T12:53:10.177+0000][8329.596s][info][gc          ] GC(1500) Pause Young (Normal) (G1 Evacuation Pause) 9176M->2076M(12288M) 140.091ms
[2024-05-30T12:53:10.177+0000][8329.596s][info][gc,cpu      ] GC(1500) User=0.83s Sys=0.00s Real=0.14s
[2024-05-30T12:53:12.709+0000][8332.128s][info][gc,start    ] GC(1501) Pause Young (Normal) (G1 Evacuation Pause)
[2024-05-30T12:53:12.709+0000][8332.128s][info][gc,task     ] GC(1501) Using 6 workers of 6 for evacuation
[2024-05-30T12:53:12.878+0000][8332.297s][info][gc,phases   ] GC(1501)   Pre Evacuate Collection Set: 0.2ms
[2024-05-30T12:53:12.878+0000][8332.297s][info][gc,phases   ] GC(1501)   Merge Heap Roots: 0.3ms
[2024-05-30T12:53:12.878+0000][8332.297s][info][gc,phases   ] GC(1501)   Evacuate Collection Set: 143.8ms
[2024-05-30T12:53:12.878+0000][8332.297s][info][gc,phases   ] GC(1501)   Post Evacuate Collection Set: 24.2ms
[2024-05-30T12:53:12.878+0000][8332.297s][info][gc,phases   ] GC(1501)   Other: 0.2ms
[2024-05-30T12:53:12.878+0000][8332.297s][info][gc,heap     ] GC(1501) Eden regions: 889->0(885)
[2024-05-30T12:53:12.878+0000][8332.297s][info][gc,heap     ] GC(1501) Survivor regions: 32->36(116)
[2024-05-30T12:53:12.878+0000][8332.297s][info][gc,heap     ] GC(1501) Old regions: 221->223
[2024-05-30T12:53:12.878+0000][8332.297s][info][gc,heap     ] GC(1501) Archive regions: 2->2
[2024-05-30T12:53:12.878+0000][8332.297s][info][gc,heap     ] GC(1501) Humongous regions: 6->6
[2024-05-30T12:53:12.878+0000][8332.297s][info][gc,metaspace] GC(1501) Metaspace: 414982K(421120K)->414982K(421120K) NonClass: 362964K(366400K)->362964K(366400K) Class: 52017K(54720K)->52017K(54720K)
[2024-05-30T12:53:12.878+0000][8332.297s][info][gc          ] GC(1501) Pause Young (Normal) (G1 Evacuation Pause) 9188M->2117M(12288M) 168.752ms
[2024-05-30T12:53:12.878+0000][8332.297s][info][gc,cpu      ] GC(1501) User=1.00s Sys=0.00s Real=0.17s
[2024-05-30T12:53:15.726+0000][8335.145s][info][gc,start    ] GC(1502) Pause Young (Concurrent Start) (G1 Evacuation Pause)
[2024-05-30T12:53:15.726+0000][8335.145s][info][gc,task     ] GC(1502) Using 6 workers of 6 for evacuation
[2024-05-30T12:53:15.910+0000][8335.330s][info][gc,phases   ] GC(1502)   Pre Evacuate Collection Set: 0.6ms
[2024-05-30T12:53:15.910+0000][8335.330s][info][gc,phases   ] GC(1502)   Merge Heap Roots: 0.4ms
[2024-05-30T12:53:15.910+0000][8335.330s][info][gc,phases   ] GC(1502)   Evacuate Collection Set: 158.1ms
[2024-05-30T12:53:15.910+0000][8335.330s][info][gc,phases   ] GC(1502)   Post Evacuate Collection Set: 24.8ms
[2024-05-30T12:53:15.910+0000][8335.330s][info][gc,phases   ] GC(1502)   Other: 0.3ms
[2024-05-30T12:53:15.910+0000][8335.330s][info][gc,heap     ] GC(1502) Eden regions: 885->0(882)
[2024-05-30T12:53:15.910+0000][8335.330s][info][gc,heap     ] GC(1502) Survivor regions: 36->39(116)
[2024-05-30T12:53:15.910+0000][8335.330s][info][gc,heap     ] GC(1502) Old regions: 223->224
[2024-05-30T12:53:15.910+0000][8335.330s][info][gc,heap     ] GC(1502) Archive regions: 2->2
[2024-05-30T12:53:15.910+0000][8335.330s][info][gc,heap     ] GC(1502) Humongous regions: 6->6
[2024-05-30T12:53:15.910+0000][8335.330s][info][gc,metaspace] GC(1502) Metaspace: 414982K(421120K)->414982K(421120K) NonClass: 362964K(366400K)->362964K(366400K) Class: 52017K(54720K)->52017K(54720K)
[2024-05-30T12:53:15.910+0000][8335.330s][info][gc          ] GC(1502) Pause Young (Concurrent Start) (G1 Evacuation Pause) 9197M->2148M(12288M) 184.323ms
[2024-05-30T12:53:15.911+0000][8335.330s][info][gc,cpu      ] GC(1502) User=1.09s Sys=0.00s Real=0.19s
[2024-05-30T12:53:15.911+0000][8335.330s][info][gc          ] GC(1503) Concurrent Mark Cycle
[2024-05-30T12:53:15.911+0000][8335.330s][info][gc,marking  ] GC(1503) Concurrent Clear Claimed Marks
[2024-05-30T12:53:15.911+0000][8335.330s][info][gc,marking  ] GC(1503) Concurrent Clear Claimed Marks 0.405ms
[2024-05-30T12:53:15.911+0000][8335.330s][info][gc,marking  ] GC(1503) Concurrent Scan Root Regions
[2024-05-30T12:53:16.062+0000][8335.481s][info][gc,marking  ] GC(1503) Concurrent Scan Root Regions 150.632ms
[2024-05-30T12:53:16.062+0000][8335.481s][info][gc,marking  ] GC(1503) Concurrent Mark
[2024-05-30T12:53:16.062+0000][8335.481s][info][gc,marking  ] GC(1503) Concurrent Mark From Roots
[2024-05-30T12:53:16.062+0000][8335.481s][info][gc,task     ] GC(1503) Using 2 workers of 2 for marking
[2024-05-30T12:53:16.992+0000][8336.412s][info][gc,marking  ] GC(1503) Concurrent Mark From Roots 930.751ms
[2024-05-30T12:53:16.993+0000][8336.412s][info][gc,marking  ] GC(1503) Concurrent Preclean
[2024-05-30T12:53:16.993+0000][8336.413s][info][gc,marking  ] GC(1503) Concurrent Preclean 0.885ms
[2024-05-30T12:53:16.994+0000][8336.413s][info][gc,start    ] GC(1503) Pause Remark
[2024-05-30T12:53:17.014+0000][8336.434s][info][gc          ] GC(1503) Pause Remark 4592M->4592M(12288M) 20.912ms
[2024-05-30T12:53:17.015+0000][8336.434s][info][gc,cpu      ] GC(1503) User=0.09s Sys=0.00s Real=0.02s
[2024-05-30T12:53:17.015+0000][8336.434s][info][gc,marking  ] GC(1503) Concurrent Mark 952.912ms
[2024-05-30T12:53:17.015+0000][8336.434s][info][gc,marking  ] GC(1503) Concurrent Rebuild Remembered Sets
[2024-05-30T12:53:17.595+0000][8337.014s][info][gc,marking  ] GC(1503) Concurrent Rebuild Remembered Sets 580.511ms
[2024-05-30T12:53:17.595+0000][8337.015s][info][gc,start    ] GC(1503) Pause Cleanup
[2024-05-30T12:53:17.596+0000][8337.015s][info][gc          ] GC(1503) Pause Cleanup 5784M->5784M(12288M) 0.528ms
[2024-05-30T12:53:17.596+0000][8337.015s][info][gc,cpu      ] GC(1503) User=0.00s Sys=0.00s Real=0.00s
[2024-05-30T12:53:17.596+0000][8337.015s][info][gc,marking  ] GC(1503) Concurrent Cleanup for Next Mark
[2024-05-30T12:53:17.613+0000][8337.032s][info][gc,marking  ] GC(1503) Concurrent Cleanup for Next Mark 17.102ms
[2024-05-30T12:53:17.613+0000][8337.032s][info][gc          ] GC(1503) Concurrent Mark Cycle 1702.561ms
[2024-05-30T12:53:18.812+0000][8338.231s][info][gc,start    ] GC(1504) Pause Young (Prepare Mixed) (G1 Evacuation Pause)
[2024-05-30T12:53:18.812+0000][8338.231s][info][gc,task     ] GC(1504) Using 6 workers of 6 for evacuation
[2024-05-30T12:53:18.992+0000][8338.412s][info][gc,phases   ] GC(1504)   Pre Evacuate Collection Set: 0.2ms
[2024-05-30T12:53:18.992+0000][8338.412s][info][gc,phases   ] GC(1504)   Merge Heap Roots: 0.9ms
[2024-05-30T12:53:18.992+0000][8338.412s][info][gc,phases   ] GC(1504)   Evacuate Collection Set: 158.6ms
[2024-05-30T12:53:18.992+0000][8338.412s][info][gc,phases   ] GC(1504)   Post Evacuate Collection Set: 20.9ms
[2024-05-30T12:53:18.992+0000][8338.412s][info][gc,phases   ] GC(1504)   Other: 0.2ms
[2024-05-30T12:53:18.992+0000][8338.412s][info][gc,heap     ] GC(1504) Eden regions: 882->0(33)
[2024-05-30T12:53:18.992+0000][8338.412s][info][gc,heap     ] GC(1504) Survivor regions: 39->43(116)
[2024-05-30T12:53:18.992+0000][8338.412s][info][gc,heap     ] GC(1504) Old regions: 224->225
[2024-05-30T12:53:18.992+0000][8338.412s][info][gc,heap     ] GC(1504) Archive regions: 2->2
[2024-05-30T12:53:18.992+0000][8338.412s][info][gc,heap     ] GC(1504) Humongous regions: 6->6
[2024-05-30T12:53:18.992+0000][8338.412s][info][gc,metaspace] GC(1504) Metaspace: 414982K(421120K)->414982K(421120K) NonClass: 362964K(366400K)->362964K(366400K) Class: 52017K(54720K)->52017K(54720K)
[2024-05-30T12:53:18.993+0000][8338.412s][info][gc          ] GC(1504) Pause Young (Prepare Mixed) (G1 Evacuation Pause) 9204M->2191M(12288M) 180.884ms
[2024-05-30T12:53:18.993+0000][8338.412s][info][gc,cpu      ] GC(1504) User=1.06s Sys=0.00s Real=0.18s
[2024-05-30T12:53:19.090+0000][8338.509s][info][gc,start    ] GC(1505) Pause Young (Mixed) (G1 Evacuation Pause)
[2024-05-30T12:53:19.090+0000][8338.509s][info][gc,task     ] GC(1505) Using 6 workers of 6 for evacuation
[2024-05-30T12:53:19.223+0000][8338.642s][info][gc,phases   ] GC(1505)   Pre Evacuate Collection Set: 0.2ms
[2024-05-30T12:53:19.223+0000][8338.642s][info][gc,phases   ] GC(1505)   Merge Heap Roots: 0.3ms
[2024-05-30T12:53:19.223+0000][8338.642s][info][gc,phases   ] GC(1505)   Evacuate Collection Set: 130.8ms
[2024-05-30T12:53:19.223+0000][8338.642s][info][gc,phases   ] GC(1505)   Post Evacuate Collection Set: 1.5ms
[2024-05-30T12:53:19.223+0000][8338.642s][info][gc,phases   ] GC(1505)   Other: 0.2ms
[2024-05-30T12:53:19.223+0000][8338.642s][info][gc,heap     ] GC(1505) Eden regions: 33->0(918)
[2024-05-30T12:53:19.223+0000][8338.642s][info][gc,heap     ] GC(1505) Survivor regions: 43->3(10)
[2024-05-30T12:53:19.223+0000][8338.642s][info][gc,heap     ] GC(1505) Old regions: 225->242
[2024-05-30T12:53:19.223+0000][8338.642s][info][gc,heap     ] GC(1505) Archive regions: 2->2
[2024-05-30T12:53:19.223+0000][8338.642s][info][gc,heap     ] GC(1505) Humongous regions: 6->6
[2024-05-30T12:53:19.223+0000][8338.642s][info][gc,metaspace] GC(1505) Metaspace: 414982K(421120K)->414982K(421120K) NonClass: 362964K(366400K)->362964K(366400K) Class: 52017K(54720K)->52017K(54720K)
[2024-05-30T12:53:19.223+0000][8338.642s][info][gc          ] GC(1505) Pause Young (Mixed) (G1 Evacuation Pause) 2455M->2008M(12288M) 133.067ms
[2024-05-30T12:53:19.223+0000][8338.642s][info][gc,cpu      ] GC(1505) User=0.79s Sys=0.00s Real=0.13s
[2024-05-30T12:53:21.843+0000][8341.262s][info][gc,start    ] GC(1506) Pause Young (Normal) (G1 Evacuation Pause)
[2024-05-30T12:53:21.843+0000][8341.262s][info][gc,task     ] GC(1506) Using 6 workers of 6 for evacuation
[2024-05-30T12:53:21.926+0000][8341.345s][info][gc,phases   ] GC(1506)   Pre Evacuate Collection Set: 0.2ms
[2024-05-30T12:53:21.926+0000][8341.345s][info][gc,phases   ] GC(1506)   Merge Heap Roots: 0.3ms
[2024-05-30T12:53:21.926+0000][8341.345s][info][gc,phases   ] GC(1506)   Evacuate Collection Set: 64.6ms
[2024-05-30T12:53:21.926+0000][8341.345s][info][gc,phases   ] GC(1506)   Post Evacuate Collection Set: 18.0ms
[2024-05-30T12:53:21.926+0000][8341.345s][info][gc,phases   ] GC(1506)   Other: 0.2ms
[2024-05-30T12:53:21.926+0000][8341.345s][info][gc,heap     ] GC(1506) Eden regions: 918->0(914)
[2024-05-30T12:53:21.926+0000][8341.345s][info][gc,heap     ] GC(1506) Survivor regions: 3->7(116)
[2024-05-30T12:53:21.926+0000][8341.345s][info][gc,heap     ] GC(1506) Old regions: 242->242
[2024-05-30T12:53:21.926+0000][8341.345s][info][gc,heap     ] GC(1506) Archive regions: 2->2
[2024-05-30T12:53:21.926+0000][8341.345s][info][gc,heap     ] GC(1506) Humongous regions: 6->6
[2024-05-30T12:53:21.926+0000][8341.345s][info][gc,metaspace] GC(1506) Metaspace: 414982K(421120K)->414982K(421120K) NonClass: 362964K(366400K)->362964K(366400K) Class: 52017K(54720K)->52017K(54720K)
[2024-05-30T12:53:21.926+0000][8341.345s][info][gc          ] GC(1506) Pause Young (Normal) (G1 Evacuation Pause) 9352M->2040M(12288M) 83.413ms
[2024-05-30T12:53:21.926+0000][8341.346s][info][gc,cpu      ] GC(1506) User=0.48s Sys=0.01s Real=0.08s
[2024-05-30T12:53:24.644+0000][8344.063s][info][gc,start    ] GC(1507) Pause Young (Normal) (G1 Evacuation Pause)
[2024-05-30T12:53:24.644+0000][8344.063s][info][gc,task     ] GC(1507) Using 6 workers of 6 for evacuation
[2024-05-30T12:53:24.725+0000][8344.145s][info][gc,phases   ] GC(1507)   Pre Evacuate Collection Set: 0.2ms
[2024-05-30T12:53:24.725+0000][8344.145s][info][gc,phases   ] GC(1507)   Merge Heap Roots: 0.3ms
[2024-05-30T12:53:24.725+0000][8344.145s][info][gc,phases   ] GC(1507)   Evacuate Collection Set: 65.1ms
[2024-05-30T12:53:24.726+0000][8344.145s][info][gc,phases   ] GC(1507)   Post Evacuate Collection Set: 16.1ms
[2024-05-30T12:53:24.726+0000][8344.145s][info][gc,phases   ] GC(1507)   Other: 0.2ms
[2024-05-30T12:53:24.726+0000][8344.145s][info][gc,heap     ] GC(1507) Eden regions: 914->0(909)
[2024-05-30T12:53:24.726+0000][8344.145s][info][gc,heap     ] GC(1507) Survivor regions: 7->12(116)
[2024-05-30T12:53:24.726+0000][8344.145s][info][gc,heap     ] GC(1507) Old regions: 242->242
[2024-05-30T12:53:24.726+0000][8344.145s][info][gc,heap     ] GC(1507) Archive regions: 2->2
[2024-05-30T12:53:24.726+0000][8344.145s][info][gc,heap     ] GC(1507) Humongous regions: 6->6
[2024-05-30T12:53:24.726+0000][8344.145s][info][gc,metaspace] GC(1507) Metaspace: 414982K(421120K)->414982K(421120K) NonClass: 362964K(366400K)->362964K(366400K) Class: 52017K(54720K)->52017K(54720K)
[2024-05-30T12:53:24.726+0000][8344.145s][info][gc          ] GC(1507) Pause Young (Normal) (G1 Evacuation Pause) 9352M->2078M(12288M) 82.013ms
[2024-05-30T12:53:24.726+0000][8344.145s][info][gc,cpu      ] GC(1507) User=0.48s Sys=0.00s Real=0.08s
[2024-05-30T12:53:32.252+0000][8351.672s][info][gc,start    ] GC(1508) Pause Young (Concurrent Start) (G1 Evacuation Pause)
[2024-05-30T12:53:32.252+0000][8351.672s][info][gc,task     ] GC(1508) Using 6 workers of 6 for evacuation
[2024-05-30T12:53:32.313+0000][8351.732s][info][gc,phases   ] GC(1508)   Pre Evacuate Collection Set: 0.6ms
[2024-05-30T12:53:32.313+0000][8351.732s][info][gc,phases   ] GC(1508)   Merge Heap Roots: 0.3ms
[2024-05-30T12:53:32.313+0000][8351.732s][info][gc,phases   ] GC(1508)   Evacuate Collection Set: 54.1ms
[2024-05-30T12:53:32.313+0000][8351.732s][info][gc,phases   ] GC(1508)   Post Evacuate Collection Set: 5.6ms
[2024-05-30T12:53:32.313+0000][8351.732s][info][gc,phases   ] GC(1508)   Other: 0.3ms
[2024-05-30T12:53:32.313+0000][8351.732s][info][gc,heap     ] GC(1508) Eden regions: 909->0(907)
[2024-05-30T12:53:32.313+0000][8351.732s][info][gc,heap     ] GC(1508) Survivor regions: 12->14(116)
[2024-05-30T12:53:32.313+0000][8351.732s][info][gc,heap     ] GC(1508) Old regions: 242->242
[2024-05-30T12:53:32.313+0000][8351.732s][info][gc,heap     ] GC(1508) Archive regions: 2->2
[2024-05-30T12:53:32.313+0000][8351.732s][info][gc,heap     ] GC(1508) Humongous regions: 6->6
[2024-05-30T12:53:32.313+0000][8351.732s][info][gc,metaspace] GC(1508) Metaspace: 414983K(421120K)->414983K(421120K) NonClass: 362966K(366400K)->362966K(366400K) Class: 52017K(54720K)->52017K(54720K)
[2024-05-30T12:53:32.313+0000][8351.732s][info][gc          ] GC(1508) Pause Young (Concurrent Start) (G1 Evacuation Pause) 9350M->2096M(12288M) 60.929ms
[2024-05-30T12:53:32.313+0000][8351.732s][info][gc,cpu      ] GC(1508) User=0.35s Sys=0.00s Real=0.06s
[2024-05-30T12:53:32.313+0000][8351.733s][info][gc          ] GC(1509) Concurrent Mark Cycle
[2024-05-30T12:53:32.313+0000][8351.733s][info][gc,marking  ] GC(1509) Concurrent Clear Claimed Marks
[2024-05-30T12:53:32.314+0000][8351.733s][info][gc,marking  ] GC(1509) Concurrent Clear Claimed Marks 0.414ms
[2024-05-30T12:53:32.314+0000][8351.733s][info][gc,marking  ] GC(1509) Concurrent Scan Root Regions
[2024-05-30T12:53:32.350+0000][8351.769s][info][gc,marking  ] GC(1509) Concurrent Scan Root Regions 35.863ms
[2024-05-30T12:53:32.350+0000][8351.769s][info][gc,marking  ] GC(1509) Concurrent Mark
[2024-05-30T12:53:32.350+0000][8351.769s][info][gc,marking  ] GC(1509) Concurrent Mark From Roots
[2024-05-30T12:53:32.350+0000][8351.769s][info][gc,task     ] GC(1509) Using 2 workers of 2 for marking
[2024-05-30T12:53:33.494+0000][8352.913s][info][gc,marking  ] GC(1509) Concurrent Mark From Roots 1144.468ms
[2024-05-30T12:53:33.494+0000][8352.913s][info][gc,marking  ] GC(1509) Concurrent Preclean
[2024-05-30T12:53:33.495+0000][8352.914s][info][gc,marking  ] GC(1509) Concurrent Preclean 0.885ms
[2024-05-30T12:53:33.495+0000][8352.914s][info][gc,start    ] GC(1509) Pause Remark
[2024-05-30T12:53:33.516+0000][8352.936s][info][gc          ] GC(1509) Pause Remark 2920M->2920M(12288M) 21.188ms
[2024-05-30T12:53:33.516+0000][8352.936s][info][gc,cpu      ] GC(1509) User=0.09s Sys=0.00s Real=0.03s
[2024-05-30T12:53:33.517+0000][8352.936s][info][gc,marking  ] GC(1509) Concurrent Mark 1166.871ms
[2024-05-30T12:53:33.517+0000][8352.936s][info][gc,marking  ] GC(1509) Concurrent Rebuild Remembered Sets
[2024-05-30T12:53:34.228+0000][8353.647s][info][gc,marking  ] GC(1509) Concurrent Rebuild Remembered Sets 711.553ms
[2024-05-30T12:53:34.228+0000][8353.647s][info][gc,start    ] GC(1509) Pause Cleanup
[2024-05-30T12:53:34.229+0000][8353.648s][info][gc          ] GC(1509) Pause Cleanup 3412M->3412M(12288M) 0.545ms
[2024-05-30T12:53:34.229+0000][8353.648s][info][gc,cpu      ] GC(1509) User=0.00s Sys=0.00s Real=0.01s
[2024-05-30T12:53:34.229+0000][8353.648s][info][gc,marking  ] GC(1509) Concurrent Cleanup for Next Mark
[2024-05-30T12:53:34.246+0000][8353.665s][info][gc,marking  ] GC(1509) Concurrent Cleanup for Next Mark 16.862ms
[2024-05-30T12:53:34.246+0000][8353.665s][info][gc          ] GC(1509) Concurrent Mark Cycle 1932.559ms
[2024-05-30T12:53:42.646+0000][8362.065s][info][gc,start    ] GC(1510) Pause Young (Prepare Mixed) (G1 Evacuation Pause)
[2024-05-30T12:53:42.646+0000][8362.065s][info][gc,task     ] GC(1510) Using 6 workers of 6 for evacuation
[2024-05-30T12:53:42.703+0000][8362.122s][info][gc,phases   ] GC(1510)   Pre Evacuate Collection Set: 0.2ms
[2024-05-30T12:53:42.703+0000][8362.122s][info][gc,phases   ] GC(1510)   Merge Heap Roots: 0.3ms
[2024-05-30T12:53:42.703+0000][8362.122s][info][gc,phases   ] GC(1510)   Evacuate Collection Set: 54.9ms
[2024-05-30T12:53:42.703+0000][8362.123s][info][gc,phases   ] GC(1510)   Post Evacuate Collection Set: 1.8ms
[2024-05-30T12:53:42.703+0000][8362.123s][info][gc,phases   ] GC(1510)   Other: 0.2ms
[2024-05-30T12:53:42.703+0000][8362.123s][info][gc,heap     ] GC(1510) Eden regions: 907->0(58)
[2024-05-30T12:53:42.703+0000][8362.123s][info][gc,heap     ] GC(1510) Survivor regions: 14->18(116)
[2024-05-30T12:53:42.703+0000][8362.123s][info][gc,heap     ] GC(1510) Old regions: 242->242
[2024-05-30T12:53:42.703+0000][8362.123s][info][gc,heap     ] GC(1510) Archive regions: 2->2
[2024-05-30T12:53:42.703+0000][8362.123s][info][gc,heap     ] GC(1510) Humongous regions: 6->6
[2024-05-30T12:53:42.703+0000][8362.123s][info][gc,metaspace] GC(1510) Metaspace: 414983K(421120K)->414983K(421120K) NonClass: 362966K(366400K)->362966K(366400K) Class: 52017K(54720K)->52017K(54720K)
[2024-05-30T12:53:42.703+0000][8362.123s][info][gc          ] GC(1510) Pause Young (Prepare Mixed) (G1 Evacuation Pause) 9352M->2127M(12288M) 57.484ms
[2024-05-30T12:53:42.703+0000][8362.123s][info][gc,cpu      ] GC(1510) User=0.34s Sys=0.00s Real=0.06s
[2024-05-30T12:53:43.352+0000][8362.772s][info][gc,start    ] GC(1511) Pause Young (Mixed) (G1 Evacuation Pause)
[2024-05-30T12:53:43.352+0000][8362.772s][info][gc,task     ] GC(1511) Using 6 workers of 6 for evacuation
[2024-05-30T12:53:43.404+0000][8362.824s][info][gc,phases   ] GC(1511)   Pre Evacuate Collection Set: 0.2ms
[2024-05-30T12:53:43.404+0000][8362.824s][info][gc,phases   ] GC(1511)   Merge Heap Roots: 0.2ms
[2024-05-30T12:53:43.404+0000][8362.824s][info][gc,phases   ] GC(1511)   Evacuate Collection Set: 50.3ms
[2024-05-30T12:53:43.404+0000][8362.824s][info][gc,phases   ] GC(1511)   Post Evacuate Collection Set: 1.2ms
[2024-05-30T12:53:43.404+0000][8362.824s][info][gc,phases   ] GC(1511)   Other: 0.3ms
[2024-05-30T12:53:43.404+0000][8362.824s][info][gc,heap     ] GC(1511) Eden regions: 58->0(915)
[2024-05-30T12:53:43.404+0000][8362.824s][info][gc,heap     ] GC(1511) Survivor regions: 18->6(10)
[2024-05-30T12:53:43.404+0000][8362.824s][info][gc,heap     ] GC(1511) Old regions: 242->232
[2024-05-30T12:53:43.404+0000][8362.824s][info][gc,heap     ] GC(1511) Archive regions: 2->2
[2024-05-30T12:53:43.404+0000][8362.824s][info][gc,heap     ] GC(1511) Humongous regions: 6->6
[2024-05-30T12:53:43.404+0000][8362.824s][info][gc,metaspace] GC(1511) Metaspace: 414983K(421120K)->414983K(421120K) NonClass: 362966K(366400K)->362966K(366400K) Class: 52017K(54720K)->52017K(54720K)
[2024-05-30T12:53:43.404+0000][8362.824s][info][gc          ] GC(1511) Pause Young (Mixed) (G1 Evacuation Pause) 2591M->1956M(12288M) 52.207ms
[2024-05-30T12:53:43.405+0000][8362.824s][info][gc,cpu      ] GC(1511) User=0.31s Sys=0.00s Real=0.05s
[2024-05-30T12:53:52.243+0000][8371.662s][info][gc,start    ] GC(1512) Pause Young (Normal) (G1 Evacuation Pause)
[2024-05-30T12:53:52.243+0000][8371.662s][info][gc,task     ] GC(1512) Using 6 workers of 6 for evacuation
[2024-05-30T12:53:52.266+0000][8371.685s][info][gc,phases   ] GC(1512)   Pre Evacuate Collection Set: 0.4ms
[2024-05-30T12:53:52.266+0000][8371.685s][info][gc,phases   ] GC(1512)   Merge Heap Roots: 0.2ms
[2024-05-30T12:53:52.266+0000][8371.685s][info][gc,phases   ] GC(1512)   Evacuate Collection Set: 20.6ms
[2024-05-30T12:53:52.266+0000][8371.685s][info][gc,phases   ] GC(1512)   Post Evacuate Collection Set: 2.0ms
[2024-05-30T12:53:52.266+0000][8371.685s][info][gc,phases   ] GC(1512)   Other: 0.2ms
[2024-05-30T12:53:52.266+0000][8371.685s][info][gc,heap     ] GC(1512) Eden regions: 915->0(912)
[2024-05-30T12:53:52.266+0000][8371.685s][info][gc,heap     ] GC(1512) Survivor regions: 6->9(116)
[2024-05-30T12:53:52.266+0000][8371.685s][info][gc,heap     ] GC(1512) Old regions: 232->232
[2024-05-30T12:53:52.266+0000][8371.685s][info][gc,heap     ] GC(1512) Archive regions: 2->2
[2024-05-30T12:53:52.266+0000][8371.685s][info][gc,heap     ] GC(1512) Humongous regions: 6->6
[2024-05-30T12:53:52.266+0000][8371.685s][info][gc,metaspace] GC(1512) Metaspace: 414987K(421120K)->414987K(421120K) NonClass: 362969K(366400K)->362969K(366400K) Class: 52017K(54720K)->52017K(54720K)
[2024-05-30T12:53:52.266+0000][8371.685s][info][gc          ] GC(1512) Pause Young (Normal) (G1 Evacuation Pause) 9276M->1975M(12288M) 23.484ms
[2024-05-30T12:53:52.266+0000][8371.685s][info][gc,cpu      ] GC(1512) User=0.13s Sys=0.00s Real=0.02s
[2024-05-30T12:54:01.061+0000][8380.481s][info][gc,start    ] GC(1513) Pause Young (Normal) (G1 Evacuation Pause)
[2024-05-30T12:54:01.061+0000][8380.481s][info][gc,task     ] GC(1513) Using 6 workers of 6 for evacuation
[2024-05-30T12:54:01.091+0000][8380.510s][info][gc,phases   ] GC(1513)   Pre Evacuate Collection Set: 0.2ms
[2024-05-30T12:54:01.091+0000][8380.510s][info][gc,phases   ] GC(1513)   Merge Heap Roots: 0.2ms
[2024-05-30T12:54:01.091+0000][8380.510s][info][gc,phases   ] GC(1513)   Evacuate Collection Set: 27.4ms
[2024-05-30T12:54:01.091+0000][8380.510s][info][gc,phases   ] GC(1513)   Post Evacuate Collection Set: 1.7ms
[2024-05-30T12:54:01.091+0000][8380.510s][info][gc,phases   ] GC(1513)   Other: 0.2ms
[2024-05-30T12:54:01.091+0000][8380.510s][info][gc,heap     ] GC(1513) Eden regions: 912->0(910)
[2024-05-30T12:54:01.091+0000][8380.510s][info][gc,heap     ] GC(1513) Survivor regions: 9->11(116)
[2024-05-30T12:54:01.091+0000][8380.510s][info][gc,heap     ] GC(1513) Old regions: 232->232
[2024-05-30T12:54:01.091+0000][8380.510s][info][gc,heap     ] GC(1513) Archive regions: 2->2
[2024-05-30T12:54:01.091+0000][8380.510s][info][gc,heap     ] GC(1513) Humongous regions: 6->6
[2024-05-30T12:54:01.091+0000][8380.510s][info][gc,metaspace] GC(1513) Metaspace: 414987K(421120K)->414987K(421120K) NonClass: 362969K(366400K)->362969K(366400K) Class: 52017K(54720K)->52017K(54720K)
[2024-05-30T12:54:01.091+0000][8380.510s][info][gc          ] GC(1513) Pause Young (Normal) (G1 Evacuation Pause) 9271M->1994M(12288M) 29.823ms
[2024-05-30T12:54:01.091+0000][8380.510s][info][gc,cpu      ] GC(1513) User=0.17s Sys=0.00s Real=0.03s
[2024-05-30T12:54:10.792+0000][8390.211s][info][gc,start    ] GC(1514) Pause Young (Concurrent Start) (G1 Evacuation Pause)
[2024-05-30T12:54:10.792+0000][8390.211s][info][gc,task     ] GC(1514) Using 6 workers of 6 for evacuation
[2024-05-30T12:54:10.826+0000][8390.246s][info][gc,phases   ] GC(1514)   Pre Evacuate Collection Set: 0.6ms
[2024-05-30T12:54:10.826+0000][8390.246s][info][gc,phases   ] GC(1514)   Merge Heap Roots: 0.2ms
[2024-05-30T12:54:10.826+0000][8390.246s][info][gc,phases   ] GC(1514)   Evacuate Collection Set: 31.6ms
[2024-05-30T12:54:10.826+0000][8390.246s][info][gc,phases   ] GC(1514)   Post Evacuate Collection Set: 1.8ms
[2024-05-30T12:54:10.826+0000][8390.246s][info][gc,phases   ] GC(1514)   Other: 0.3ms
[2024-05-30T12:54:10.826+0000][8390.246s][info][gc,heap     ] GC(1514) Eden regions: 910->0(906)
[2024-05-30T12:54:10.826+0000][8390.246s][info][gc,heap     ] GC(1514) Survivor regions: 11->15(116)
[2024-05-30T12:54:10.826+0000][8390.246s][info][gc,heap     ] GC(1514) Old regions: 232->232
[2024-05-30T12:54:10.826+0000][8390.246s][info][gc,heap     ] GC(1514) Archive regions: 2->2
[2024-05-30T12:54:10.826+0000][8390.246s][info][gc,heap     ] GC(1514) Humongous regions: 6->6
[2024-05-30T12:54:10.826+0000][8390.246s][info][gc,metaspace] GC(1514) Metaspace: 414987K(421120K)->414987K(421120K) NonClass: 362969K(366400K)->362969K(366400K) Class: 52017K(54720K)->52017K(54720K)
[2024-05-30T12:54:10.826+0000][8390.246s][info][gc          ] GC(1514) Pause Young (Concurrent Start) (G1 Evacuation Pause) 9274M->2022M(12288M) 34.522ms
[2024-05-30T12:54:10.826+0000][8390.246s][info][gc,cpu      ] GC(1514) User=0.20s Sys=0.00s Real=0.03s
[2024-05-30T12:54:10.826+0000][8390.246s][info][gc          ] GC(1515) Concurrent Mark Cycle
[2024-05-30T12:54:10.827+0000][8390.246s][info][gc,marking  ] GC(1515) Concurrent Clear Claimed Marks
[2024-05-30T12:54:10.827+0000][8390.246s][info][gc,marking  ] GC(1515) Concurrent Clear Claimed Marks 0.413ms
[2024-05-30T12:54:10.827+0000][8390.246s][info][gc,marking  ] GC(1515) Concurrent Scan Root Regions
[2024-05-30T12:54:10.853+0000][8390.272s][info][gc,marking  ] GC(1515) Concurrent Scan Root Regions 25.805ms
[2024-05-30T12:54:10.853+0000][8390.272s][info][gc,marking  ] GC(1515) Concurrent Mark
[2024-05-30T12:54:10.853+0000][8390.272s][info][gc,marking  ] GC(1515) Concurrent Mark From Roots
[2024-05-30T12:54:10.853+0000][8390.272s][info][gc,task     ] GC(1515) Using 2 workers of 2 for marking
[2024-05-30T12:54:11.998+0000][8391.418s][info][gc,marking  ] GC(1515) Concurrent Mark From Roots 1145.490ms
[2024-05-30T12:54:11.998+0000][8391.418s][info][gc,marking  ] GC(1515) Concurrent Preclean
[2024-05-30T12:54:11.999+0000][8391.419s][info][gc,marking  ] GC(1515) Concurrent Preclean 0.976ms
[2024-05-30T12:54:12.000+0000][8391.419s][info][gc,start    ] GC(1515) Pause Remark
[2024-05-30T12:54:12.022+0000][8391.441s][info][gc          ] GC(1515) Pause Remark 2830M->2830M(12288M) 22.677ms
[2024-05-30T12:54:12.022+0000][8391.442s][info][gc,cpu      ] GC(1515) User=0.10s Sys=0.00s Real=0.02s
[2024-05-30T12:54:12.022+0000][8391.442s][info][gc,marking  ] GC(1515) Concurrent Mark 1169.565ms
[2024-05-30T12:54:12.022+0000][8391.442s][info][gc,marking  ] GC(1515) Concurrent Rebuild Remembered Sets
[2024-05-30T12:54:12.735+0000][8392.154s][info][gc,marking  ] GC(1515) Concurrent Rebuild Remembered Sets 712.663ms
[2024-05-30T12:54:12.735+0000][8392.154s][info][gc,start    ] GC(1515) Pause Cleanup
[2024-05-30T12:54:12.736+0000][8392.155s][info][gc          ] GC(1515) Pause Cleanup 3310M->3310M(12288M) 0.531ms
[2024-05-30T12:54:12.736+0000][8392.155s][info][gc,cpu      ] GC(1515) User=0.00s Sys=0.00s Real=0.00s
[2024-05-30T12:54:12.736+0000][8392.155s][info][gc,marking  ] GC(1515) Concurrent Cleanup for Next Mark
[2024-05-30T12:54:12.754+0000][8392.173s][info][gc,marking  ] GC(1515) Concurrent Cleanup for Next Mark 17.976ms
[2024-05-30T12:54:12.754+0000][8392.173s][info][gc          ] GC(1515) Concurrent Mark Cycle 1927.401ms
[2024-05-30T12:54:20.521+0000][8399.940s][info][gc,start    ] GC(1516) Pause Young (Prepare Mixed) (G1 Evacuation Pause)
[2024-05-30T12:54:20.521+0000][8399.940s][info][gc,task     ] GC(1516) Using 6 workers of 6 for evacuation
[2024-05-30T12:54:20.557+0000][8399.976s][info][gc,phases   ] GC(1516)   Pre Evacuate Collection Set: 0.2ms
[2024-05-30T12:54:20.557+0000][8399.976s][info][gc,phases   ] GC(1516)   Merge Heap Roots: 0.3ms
[2024-05-30T12:54:20.557+0000][8399.976s][info][gc,phases   ] GC(1516)   Evacuate Collection Set: 34.1ms
[2024-05-30T12:54:20.557+0000][8399.976s][info][gc,phases   ] GC(1516)   Post Evacuate Collection Set: 1.8ms
[2024-05-30T12:54:20.557+0000][8399.976s][info][gc,phases   ] GC(1516)   Other: 0.2ms
[2024-05-30T12:54:20.557+0000][8399.976s][info][gc,heap     ] GC(1516) Eden regions: 906->0(61)
[2024-05-30T12:54:20.557+0000][8399.976s][info][gc,heap     ] GC(1516) Survivor regions: 15->15(116)
[2024-05-30T12:54:20.557+0000][8399.976s][info][gc,heap     ] GC(1516) Old regions: 232->232
[2024-05-30T12:54:20.557+0000][8399.976s][info][gc,heap     ] GC(1516) Archive regions: 2->2
[2024-05-30T12:54:20.557+0000][8399.976s][info][gc,heap     ] GC(1516) Humongous regions: 6->6
[2024-05-30T12:54:20.557+0000][8399.976s][info][gc,metaspace] GC(1516) Metaspace: 414987K(421120K)->414987K(421120K) NonClass: 362969K(366400K)->362969K(366400K) Class: 52017K(54720K)->52017K(54720K)
[2024-05-30T12:54:20.557+0000][8399.976s][info][gc          ] GC(1516) Pause Young (Prepare Mixed) (G1 Evacuation Pause) 9270M->2028M(12288M) 36.569ms
[2024-05-30T12:54:20.557+0000][8399.976s][info][gc,cpu      ] GC(1516) User=0.21s Sys=0.00s Real=0.04s
[2024-05-30T12:54:21.221+0000][8400.640s][info][gc,start    ] GC(1517) Pause Young (Mixed) (G1 Evacuation Pause)
[2024-05-30T12:54:21.221+0000][8400.640s][info][gc,task     ] GC(1517) Using 6 workers of 6 for evacuation
[2024-05-30T12:54:21.261+0000][8400.680s][info][gc,phases   ] GC(1517)   Pre Evacuate Collection Set: 0.2ms
[2024-05-30T12:54:21.261+0000][8400.680s][info][gc,phases   ] GC(1517)   Merge Heap Roots: 0.2ms
[2024-05-30T12:54:21.261+0000][8400.680s][info][gc,phases   ] GC(1517)   Evacuate Collection Set: 37.9ms
[2024-05-30T12:54:21.261+0000][8400.680s][info][gc,phases   ] GC(1517)   Post Evacuate Collection Set: 1.2ms
[2024-05-30T12:54:21.261+0000][8400.680s][info][gc,phases   ] GC(1517)   Other: 0.2ms
[2024-05-30T12:54:21.261+0000][8400.680s][info][gc,heap     ] GC(1517) Eden regions: 61->0(916)
[2024-05-30T12:54:21.261+0000][8400.680s][info][gc,heap     ] GC(1517) Survivor regions: 15->5(10)
[2024-05-30T12:54:21.261+0000][8400.680s][info][gc,heap     ] GC(1517) Old regions: 232->225
[2024-05-30T12:54:21.261+0000][8400.680s][info][gc,heap     ] GC(1517) Archive regions: 2->2
[2024-05-30T12:54:21.261+0000][8400.680s][info][gc,heap     ] GC(1517) Humongous regions: 6->6
[2024-05-30T12:54:21.261+0000][8400.680s][info][gc,metaspace] GC(1517) Metaspace: 414987K(421120K)->414987K(421120K) NonClass: 362969K(366400K)->362969K(366400K) Class: 52017K(54720K)->52017K(54720K)
[2024-05-30T12:54:21.261+0000][8400.680s][info][gc          ] GC(1517) Pause Young (Mixed) (G1 Evacuation Pause) 2516M->1886M(12288M) 39.745ms
[2024-05-30T12:54:21.261+0000][8400.680s][info][gc,cpu      ] GC(1517) User=0.22s Sys=0.01s Real=0.04s
[2024-05-30T12:54:31.265+0000][8410.685s][info][gc,start    ] GC(1518) Pause Young (Normal) (G1 Evacuation Pause)
[2024-05-30T12:54:31.265+0000][8410.685s][info][gc,task     ] GC(1518) Using 6 workers of 6 for evacuation
[2024-05-30T12:54:31.288+0000][8410.707s][info][gc,phases   ] GC(1518)   Pre Evacuate Collection Set: 0.2ms
[2024-05-30T12:54:31.288+0000][8410.707s][info][gc,phases   ] GC(1518)   Merge Heap Roots: 0.3ms
[2024-05-30T12:54:31.288+0000][8410.707s][info][gc,phases   ] GC(1518)   Evacuate Collection Set: 20.2ms
[2024-05-30T12:54:31.288+0000][8410.707s][info][gc,phases   ] GC(1518)   Post Evacuate Collection Set: 1.8ms
[2024-05-30T12:54:31.288+0000][8410.707s][info][gc,phases   ] GC(1518)   Other: 0.2ms
[2024-05-30T12:54:31.288+0000][8410.707s][info][gc,heap     ] GC(1518) Eden regions: 916->0(912)
[2024-05-30T12:54:31.288+0000][8410.707s][info][gc,heap     ] GC(1518) Survivor regions: 5->9(116)
[2024-05-30T12:54:31.288+0000][8410.707s][info][gc,heap     ] GC(1518) Old regions: 225->225
[2024-05-30T12:54:31.288+0000][8410.707s][info][gc,heap     ] GC(1518) Archive regions: 2->2
[2024-05-30T12:54:31.288+0000][8410.707s][info][gc,heap     ] GC(1518) Humongous regions: 6->6
[2024-05-30T12:54:31.288+0000][8410.707s][info][gc,metaspace] GC(1518) Metaspace: 414987K(421120K)->414987K(421120K) NonClass: 362969K(366400K)->362969K(366400K) Class: 52017K(54720K)->52017K(54720K)
[2024-05-30T12:54:31.288+0000][8410.707s][info][gc          ] GC(1518) Pause Young (Normal) (G1 Evacuation Pause) 9214M->1913M(12288M) 22.676ms
[2024-05-30T12:54:31.288+0000][8410.707s][info][gc,cpu      ] GC(1518) User=0.13s Sys=0.00s Real=0.02s
[2024-05-30T12:54:41.125+0000][8420.544s][info][gc,start    ] GC(1519) Pause Young (Normal) (G1 Evacuation Pause)
[2024-05-30T12:54:41.125+0000][8420.544s][info][gc,task     ] GC(1519) Using 6 workers of 6 for evacuation
[2024-05-30T12:54:41.157+0000][8420.576s][info][gc,phases   ] GC(1519)   Pre Evacuate Collection Set: 0.2ms
[2024-05-30T12:54:41.157+0000][8420.576s][info][gc,phases   ] GC(1519)   Merge Heap Roots: 0.3ms
[2024-05-30T12:54:41.157+0000][8420.576s][info][gc,phases   ] GC(1519)   Evacuate Collection Set: 29.1ms
[2024-05-30T12:54:41.157+0000][8420.576s][info][gc,phases   ] GC(1519)   Post Evacuate Collection Set: 1.8ms
[2024-05-30T12:54:41.157+0000][8420.576s][info][gc,phases   ] GC(1519)   Other: 0.2ms
[2024-05-30T12:54:41.157+0000][8420.576s][info][gc,heap     ] GC(1519) Eden regions: 912->0(910)
[2024-05-30T12:54:41.157+0000][8420.576s][info][gc,heap     ] GC(1519) Survivor regions: 9->11(116)
[2024-05-30T12:54:41.157+0000][8420.576s][info][gc,heap     ] GC(1519) Old regions: 225->225
[2024-05-30T12:54:41.157+0000][8420.576s][info][gc,heap     ] GC(1519) Archive regions: 2->2
[2024-05-30T12:54:41.157+0000][8420.576s][info][gc,heap     ] GC(1519) Humongous regions: 6->6
[2024-05-30T12:54:41.157+0000][8420.576s][info][gc,metaspace] GC(1519) Metaspace: 414987K(421120K)->414987K(421120K) NonClass: 362969K(366400K)->362969K(366400K) Class: 52017K(54720K)->52017K(54720K)
[2024-05-30T12:54:41.157+0000][8420.576s][info][gc          ] GC(1519) Pause Young (Normal) (G1 Evacuation Pause) 9209M->1931M(12288M) 31.606ms
[2024-05-30T12:54:41.157+0000][8420.576s][info][gc,cpu      ] GC(1519) User=0.19s Sys=0.00s Real=0.04s
[2024-05-30T12:54:51.287+0000][8430.707s][info][gc,start    ] GC(1520) Pause Young (Concurrent Start) (G1 Evacuation Pause)
[2024-05-30T12:54:51.288+0000][8430.707s][info][gc,task     ] GC(1520) Using 6 workers of 6 for evacuation
[2024-05-30T12:54:51.326+0000][8430.745s][info][gc,phases   ] GC(1520)   Pre Evacuate Collection Set: 0.6ms
[2024-05-30T12:54:51.326+0000][8430.745s][info][gc,phases   ] GC(1520)   Merge Heap Roots: 0.3ms
[2024-05-30T12:54:51.326+0000][8430.745s][info][gc,phases   ] GC(1520)   Evacuate Collection Set: 35.9ms
[2024-05-30T12:54:51.326+0000][8430.745s][info][gc,phases   ] GC(1520)   Post Evacuate Collection Set: 1.7ms
[2024-05-30T12:54:51.326+0000][8430.745s][info][gc,phases   ] GC(1520)   Other: 0.3ms
[2024-05-30T12:54:51.326+0000][8430.745s][info][gc,heap     ] GC(1520) Eden regions: 910->0(906)
[2024-05-30T12:54:51.326+0000][8430.745s][info][gc,heap     ] GC(1520) Survivor regions: 11->15(116)
[2024-05-30T12:54:51.326+0000][8430.745s][info][gc,heap     ] GC(1520) Old regions: 225->225
[2024-05-30T12:54:51.326+0000][8430.745s][info][gc,heap     ] GC(1520) Archive regions: 2->2
[2024-05-30T12:54:51.326+0000][8430.745s][info][gc,heap     ] GC(1520) Humongous regions: 6->6
[2024-05-30T12:54:51.326+0000][8430.745s][info][gc,metaspace] GC(1520) Metaspace: 414987K(421120K)->414987K(421120K) NonClass: 362969K(366400K)->362969K(366400K) Class: 52017K(54720K)->52017K(54720K)
[2024-05-30T12:54:51.326+0000][8430.745s][info][gc          ] GC(1520) Pause Young (Concurrent Start) (G1 Evacuation Pause) 9211M->1960M(12288M) 38.772ms
[2024-05-30T12:54:51.326+0000][8430.746s][info][gc,cpu      ] GC(1520) User=0.23s Sys=0.00s Real=0.04s
[2024-05-30T12:54:51.326+0000][8430.746s][info][gc          ] GC(1521) Concurrent Mark Cycle
[2024-05-30T12:54:51.326+0000][8430.746s][info][gc,marking  ] GC(1521) Concurrent Clear Claimed Marks
[2024-05-30T12:54:51.327+0000][8430.746s][info][gc,marking  ] GC(1521) Concurrent Clear Claimed Marks 0.396ms
[2024-05-30T12:54:51.327+0000][8430.746s][info][gc,marking  ] GC(1521) Concurrent Scan Root Regions
[2024-05-30T12:54:51.365+0000][8430.784s][info][gc,marking  ] GC(1521) Concurrent Scan Root Regions 38.119ms
[2024-05-30T12:54:51.365+0000][8430.784s][info][gc,marking  ] GC(1521) Concurrent Mark
[2024-05-30T12:54:51.365+0000][8430.784s][info][gc,marking  ] GC(1521) Concurrent Mark From Roots
[2024-05-30T12:54:51.365+0000][8430.784s][info][gc,task     ] GC(1521) Using 2 workers of 2 for marking
[2024-05-30T12:54:52.544+0000][8431.963s][info][gc,marking  ] GC(1521) Concurrent Mark From Roots 1178.937ms
[2024-05-30T12:54:52.544+0000][8431.963s][info][gc,marking  ] GC(1521) Concurrent Preclean
[2024-05-30T12:54:52.545+0000][8431.964s][info][gc,marking  ] GC(1521) Concurrent Preclean 0.967ms
[2024-05-30T12:54:52.545+0000][8431.964s][info][gc,start    ] GC(1521) Pause Remark
[2024-05-30T12:54:52.566+0000][8431.986s][info][gc          ] GC(1521) Pause Remark 2788M->2788M(12288M) 21.274ms
[2024-05-30T12:54:52.566+0000][8431.986s][info][gc,cpu      ] GC(1521) User=0.09s Sys=0.00s Real=0.02s
[2024-05-30T12:54:52.567+0000][8431.986s][info][gc,marking  ] GC(1521) Concurrent Mark 1201.575ms
[2024-05-30T12:54:52.567+0000][8431.986s][info][gc,marking  ] GC(1521) Concurrent Rebuild Remembered Sets
[2024-05-30T12:54:53.299+0000][8432.718s][info][gc,marking  ] GC(1521) Concurrent Rebuild Remembered Sets 732.241ms
[2024-05-30T12:54:53.299+0000][8432.718s][info][gc,start    ] GC(1521) Pause Cleanup
[2024-05-30T12:54:53.299+0000][8432.719s][info][gc          ] GC(1521) Pause Cleanup 3324M->3324M(12288M) 0.536ms
[2024-05-30T12:54:53.300+0000][8432.719s][info][gc,cpu      ] GC(1521) User=0.00s Sys=0.00s Real=0.00s
[2024-05-30T12:54:53.300+0000][8432.719s][info][gc,marking  ] GC(1521) Concurrent Cleanup for Next Mark
[2024-05-30T12:54:53.317+0000][8432.736s][info][gc,marking  ] GC(1521) Concurrent Cleanup for Next Mark 17.023ms
[2024-05-30T12:54:53.317+0000][8432.736s][info][gc          ] GC(1521) Concurrent Mark Cycle 1990.357ms
[2024-05-30T12:55:01.486+0000][8440.905s][info][gc,start    ] GC(1522) Pause Young (Prepare Mixed) (G1 Evacuation Pause)
[2024-05-30T12:55:01.486+0000][8440.905s][info][gc,task     ] GC(1522) Using 6 workers of 6 for evacuation
[2024-05-30T12:55:01.528+0000][8440.947s][info][gc,phases   ] GC(1522)   Pre Evacuate Collection Set: 0.2ms
[2024-05-30T12:55:01.528+0000][8440.947s][info][gc,phases   ] GC(1522)   Merge Heap Roots: 0.3ms
[2024-05-30T12:55:01.528+0000][8440.947s][info][gc,phases   ] GC(1522)   Evacuate Collection Set: 39.4ms
[2024-05-30T12:55:01.528+0000][8440.947s][info][gc,phases   ] GC(1522)   Post Evacuate Collection Set: 1.9ms
[2024-05-30T12:55:01.528+0000][8440.947s][info][gc,phases   ] GC(1522)   Other: 0.2ms
[2024-05-30T12:55:01.528+0000][8440.947s][info][gc,heap     ] GC(1522) Eden regions: 906->0(58)
[2024-05-30T12:55:01.528+0000][8440.947s][info][gc,heap     ] GC(1522) Survivor regions: 15->18(116)
[2024-05-30T12:55:01.528+0000][8440.947s][info][gc,heap     ] GC(1522) Old regions: 225->225
[2024-05-30T12:55:01.528+0000][8440.947s][info][gc,heap     ] GC(1522) Archive regions: 2->2
[2024-05-30T12:55:01.528+0000][8440.947s][info][gc,heap     ] GC(1522) Humongous regions: 6->6
[2024-05-30T12:55:01.528+0000][8440.947s][info][gc,metaspace] GC(1522) Metaspace: 414989K(421120K)->414989K(421120K) NonClass: 362971K(366400K)->362971K(366400K) Class: 52017K(54720K)->52017K(54720K)
[2024-05-30T12:55:01.528+0000][8440.947s][info][gc          ] GC(1522) Pause Young (Prepare Mixed) (G1 Evacuation Pause) 9208M->1988M(12288M) 42.061ms
[2024-05-30T12:55:01.528+0000][8440.947s][info][gc,cpu      ] GC(1522) User=0.25s Sys=0.00s Real=0.04s
[2024-05-30T12:55:02.176+0000][8441.595s][info][gc,start    ] GC(1523) Pause Young (Mixed) (G1 Evacuation Pause)
[2024-05-30T12:55:02.176+0000][8441.595s][info][gc,task     ] GC(1523) Using 6 workers of 6 for evacuation
[2024-05-30T12:55:02.223+0000][8441.642s][info][gc,phases   ] GC(1523)   Pre Evacuate Collection Set: 0.2ms
[2024-05-30T12:55:02.223+0000][8441.642s][info][gc,phases   ] GC(1523)   Merge Heap Roots: 0.2ms
[2024-05-30T12:55:02.223+0000][8441.642s][info][gc,phases   ] GC(1523)   Evacuate Collection Set: 45.2ms
[2024-05-30T12:55:02.223+0000][8441.642s][info][gc,phases   ] GC(1523)   Post Evacuate Collection Set: 1.4ms
[2024-05-30T12:55:02.223+0000][8441.642s][info][gc,phases   ] GC(1523)   Other: 0.2ms
[2024-05-30T12:55:02.223+0000][8441.642s][info][gc,heap     ] GC(1523) Eden regions: 58->0(915)
[2024-05-30T12:55:02.223+0000][8441.642s][info][gc,heap     ] GC(1523) Survivor regions: 18->6(10)
[2024-05-30T12:55:02.223+0000][8441.642s][info][gc,heap     ] GC(1523) Old regions: 225->221
[2024-05-30T12:55:02.223+0000][8441.642s][info][gc,heap     ] GC(1523) Archive regions: 2->2
[2024-05-30T12:55:02.223+0000][8441.642s][info][gc,heap     ] GC(1523) Humongous regions: 6->6
[2024-05-30T12:55:02.223+0000][8441.642s][info][gc,metaspace] GC(1523) Metaspace: 414989K(421120K)->414989K(421120K) NonClass: 362971K(366400K)->362971K(366400K) Class: 52017K(54720K)->52017K(54720K)
[2024-05-30T12:55:02.223+0000][8441.642s][info][gc          ] GC(1523) Pause Young (Mixed) (G1 Evacuation Pause) 2452M->1865M(12288M) 47.254ms
[2024-05-30T12:55:02.223+0000][8441.642s][info][gc,cpu      ] GC(1523) User=0.28s Sys=0.00s Real=0.05s
[2024-05-30T12:55:12.223+0000][8451.642s][info][gc,start    ] GC(1524) Pause Young (Normal) (G1 Evacuation Pause)
[2024-05-30T12:55:12.223+0000][8451.642s][info][gc,task     ] GC(1524) Using 6 workers of 6 for evacuation
[2024-05-30T12:55:12.251+0000][8451.670s][info][gc,phases   ] GC(1524)   Pre Evacuate Collection Set: 0.2ms
[2024-05-30T12:55:12.251+0000][8451.670s][info][gc,phases   ] GC(1524)   Merge Heap Roots: 0.3ms
[2024-05-30T12:55:12.251+0000][8451.670s][info][gc,phases   ] GC(1524)   Evacuate Collection Set: 24.6ms
[2024-05-30T12:55:12.251+0000][8451.670s][info][gc,phases   ] GC(1524)   Post Evacuate Collection Set: 2.3ms
[2024-05-30T12:55:12.251+0000][8451.670s][info][gc,phases   ] GC(1524)   Other: 0.2ms
[2024-05-30T12:55:12.251+0000][8451.670s][info][gc,heap     ] GC(1524) Eden regions: 915->0(911)
[2024-05-30T12:55:12.251+0000][8451.670s][info][gc,heap     ] GC(1524) Survivor regions: 6->10(116)
[2024-05-30T12:55:12.251+0000][8451.670s][info][gc,heap     ] GC(1524) Old regions: 221->221
[2024-05-30T12:55:12.251+0000][8451.670s][info][gc,heap     ] GC(1524) Archive regions: 2->2
[2024-05-30T12:55:12.251+0000][8451.670s][info][gc,heap     ] GC(1524) Humongous regions: 6->6
[2024-05-30T12:55:12.251+0000][8451.670s][info][gc,metaspace] GC(1524) Metaspace: 414989K(421120K)->414989K(421120K) NonClass: 362971K(366400K)->362971K(366400K) Class: 52017K(54720K)->52017K(54720K)
[2024-05-30T12:55:12.251+0000][8451.670s][info][gc          ] GC(1524) Pause Young (Normal) (G1 Evacuation Pause) 9185M->1892M(12288M) 27.684ms
[2024-05-30T12:55:12.251+0000][8451.670s][info][gc,cpu      ] GC(1524) User=0.15s Sys=0.01s Real=0.03s
[2024-05-30T12:55:21.645+0000][8461.064s][info][gc,start    ] GC(1525) Pause Young (Normal) (G1 Evacuation Pause)
[2024-05-30T12:55:21.645+0000][8461.064s][info][gc,task     ] GC(1525) Using 6 workers of 6 for evacuation
[2024-05-30T12:55:21.674+0000][8461.093s][info][gc,phases   ] GC(1525)   Pre Evacuate Collection Set: 0.2ms
[2024-05-30T12:55:21.674+0000][8461.093s][info][gc,phases   ] GC(1525)   Merge Heap Roots: 0.3ms
[2024-05-30T12:55:21.674+0000][8461.093s][info][gc,phases   ] GC(1525)   Evacuate Collection Set: 26.3ms
[2024-05-30T12:55:21.674+0000][8461.093s][info][gc,phases   ] GC(1525)   Post Evacuate Collection Set: 1.8ms
[2024-05-30T12:55:21.674+0000][8461.093s][info][gc,phases   ] GC(1525)   Other: 0.2ms
[2024-05-30T12:55:21.674+0000][8461.093s][info][gc,heap     ] GC(1525) Eden regions: 911->0(911)
[2024-05-30T12:55:21.674+0000][8461.093s][info][gc,heap     ] GC(1525) Survivor regions: 10->10(116)
[2024-05-30T12:55:21.674+0000][8461.093s][info][gc,heap     ] GC(1525) Old regions: 221->221
[2024-05-30T12:55:21.674+0000][8461.093s][info][gc,heap     ] GC(1525) Archive regions: 2->2
[2024-05-30T12:55:21.674+0000][8461.093s][info][gc,heap     ] GC(1525) Humongous regions: 6->6
[2024-05-30T12:55:21.674+0000][8461.093s][info][gc,metaspace] GC(1525) Metaspace: 414989K(421120K)->414989K(421120K) NonClass: 362971K(366400K)->362971K(366400K) Class: 52017K(54720K)->52017K(54720K)
[2024-05-30T12:55:21.674+0000][8461.093s][info][gc          ] GC(1525) Pause Young (Normal) (G1 Evacuation Pause) 9180M->1897M(12288M) 28.820ms
[2024-05-30T12:55:21.674+0000][8461.093s][info][gc,cpu      ] GC(1525) User=0.17s Sys=0.00s Real=0.03s
[2024-05-30T12:55:31.643+0000][8471.062s][info][gc,start    ] GC(1526) Pause Young (Normal) (G1 Evacuation Pause)
[2024-05-30T12:55:31.643+0000][8471.062s][info][gc,task     ] GC(1526) Using 6 workers of 6 for evacuation
[2024-05-30T12:55:31.680+0000][8471.099s][info][gc,phases   ] GC(1526)   Pre Evacuate Collection Set: 0.2ms
[2024-05-30T12:55:31.680+0000][8471.099s][info][gc,phases   ] GC(1526)   Merge Heap Roots: 0.3ms
[2024-05-30T12:55:31.680+0000][8471.099s][info][gc,phases   ] GC(1526)   Evacuate Collection Set: 34.1ms
[2024-05-30T12:55:31.680+0000][8471.099s][info][gc,phases   ] GC(1526)   Post Evacuate Collection Set: 1.9ms
[2024-05-30T12:55:31.680+0000][8471.099s][info][gc,phases   ] GC(1526)   Other: 0.2ms
[2024-05-30T12:55:31.680+0000][8471.099s][info][gc,heap     ] GC(1526) Eden regions: 911->0(907)
[2024-05-30T12:55:31.680+0000][8471.099s][info][gc,heap     ] GC(1526) Survivor regions: 10->14(116)
[2024-05-30T12:55:31.680+0000][8471.099s][info][gc,heap     ] GC(1526) Old regions: 221->221
[2024-05-30T12:55:31.680+0000][8471.099s][info][gc,heap     ] GC(1526) Archive regions: 2->2
[2024-05-30T12:55:31.680+0000][8471.099s][info][gc,heap     ] GC(1526) Humongous regions: 6->6
[2024-05-30T12:55:31.680+0000][8471.099s][info][gc,metaspace] GC(1526) Metaspace: 414989K(421120K)->414989K(421120K) NonClass: 362972K(366400K)->362972K(366400K) Class: 52017K(54720K)->52017K(54720K)
[2024-05-30T12:55:31.680+0000][8471.099s][info][gc          ] GC(1526) Pause Young (Normal) (G1 Evacuation Pause) 9185M->1928M(12288M) 36.726ms
[2024-05-30T12:55:31.680+0000][8471.099s][info][gc,cpu      ] GC(1526) User=0.21s Sys=0.00s Real=0.04s
[2024-05-30T12:55:41.538+0000][8480.957s][info][gc,start    ] GC(1527) Pause Young (Normal) (G1 Evacuation Pause)
[2024-05-30T12:55:41.538+0000][8480.957s][info][gc,task     ] GC(1527) Using 6 workers of 6 for evacuation
[2024-05-30T12:55:41.579+0000][8480.998s][info][gc,phases   ] GC(1527)   Pre Evacuate Collection Set: 0.2ms
[2024-05-30T12:55:41.579+0000][8480.998s][info][gc,phases   ] GC(1527)   Merge Heap Roots: 0.3ms
[2024-05-30T12:55:41.579+0000][8480.998s][info][gc,phases   ] GC(1527)   Evacuate Collection Set: 38.3ms
[2024-05-30T12:55:41.579+0000][8480.998s][info][gc,phases   ] GC(1527)   Post Evacuate Collection Set: 1.8ms
[2024-05-30T12:55:41.579+0000][8480.998s][info][gc,phases   ] GC(1527)   Other: 0.2ms
[2024-05-30T12:55:41.579+0000][8480.998s][info][gc,heap     ] GC(1527) Eden regions: 907->0(904)
[2024-05-30T12:55:41.579+0000][8480.998s][info][gc,heap     ] GC(1527) Survivor regions: 14->17(116)
[2024-05-30T12:55:41.579+0000][8480.998s][info][gc,heap     ] GC(1527) Old regions: 221->221
[2024-05-30T12:55:41.579+0000][8480.998s][info][gc,heap     ] GC(1527) Archive regions: 2->2
[2024-05-30T12:55:41.579+0000][8480.998s][info][gc,heap     ] GC(1527) Humongous regions: 6->6
[2024-05-30T12:55:41.579+0000][8480.998s][info][gc,metaspace] GC(1527) Metaspace: 414990K(421120K)->414990K(421120K) NonClass: 362973K(366400K)->362973K(366400K) Class: 52017K(54720K)->52017K(54720K)
[2024-05-30T12:55:41.579+0000][8480.998s][info][gc          ] GC(1527) Pause Young (Normal) (G1 Evacuation Pause) 9184M->1951M(12288M) 40.790ms
[2024-05-30T12:55:41.579+0000][8480.998s][info][gc,cpu      ] GC(1527) User=0.24s Sys=0.00s Real=0.04s
[2024-05-30T12:55:47.861+0000][8487.280s][info][gc,start    ] GC(1528) Pause Young (Normal) (G1 Evacuation Pause)
[2024-05-30T12:55:47.861+0000][8487.280s][info][gc,task     ] GC(1528) Using 6 workers of 6 for evacuation
[2024-05-30T12:55:47.937+0000][8487.356s][info][gc,phases   ] GC(1528)   Pre Evacuate Collection Set: 0.2ms
[2024-05-30T12:55:47.937+0000][8487.356s][info][gc,phases   ] GC(1528)   Merge Heap Roots: 0.3ms
[2024-05-30T12:55:47.937+0000][8487.356s][info][gc,phases   ] GC(1528)   Evacuate Collection Set: 64.8ms
[2024-05-30T12:55:47.937+0000][8487.356s][info][gc,phases   ] GC(1528)   Post Evacuate Collection Set: 11.2ms
[2024-05-30T12:55:47.937+0000][8487.356s][info][gc,phases   ] GC(1528)   Other: 0.2ms
[2024-05-30T12:55:47.937+0000][8487.356s][info][gc,heap     ] GC(1528) Eden regions: 904->0(899)
[2024-05-30T12:55:47.937+0000][8487.356s][info][gc,heap     ] GC(1528) Survivor regions: 17->22(116)
[2024-05-30T12:55:47.937+0000][8487.356s][info][gc,heap     ] GC(1528) Old regions: 221->221
[2024-05-30T12:55:47.937+0000][8487.356s][info][gc,heap     ] GC(1528) Archive regions: 2->2
[2024-05-30T12:55:47.937+0000][8487.356s][info][gc,heap     ] GC(1528) Humongous regions: 6->6
[2024-05-30T12:55:47.937+0000][8487.356s][info][gc,metaspace] GC(1528) Metaspace: 414990K(421120K)->414990K(421120K) NonClass: 362973K(366400K)->362973K(366400K) Class: 52017K(54720K)->52017K(54720K)
[2024-05-30T12:55:47.937+0000][8487.356s][info][gc          ] GC(1528) Pause Young (Normal) (G1 Evacuation Pause) 9183M->1989M(12288M) 76.734ms
[2024-05-30T12:55:47.937+0000][8487.357s][info][gc,cpu      ] GC(1528) User=0.45s Sys=0.00s Real=0.08s
[2024-05-30T12:55:50.713+0000][8490.132s][info][gc,start    ] GC(1529) Pause Young (Normal) (G1 Evacuation Pause)
[2024-05-30T12:55:50.713+0000][8490.133s][info][gc,task     ] GC(1529) Using 6 workers of 6 for evacuation
[2024-05-30T12:55:50.852+0000][8490.272s][info][gc,phases   ] GC(1529)   Pre Evacuate Collection Set: 0.2ms
[2024-05-30T12:55:50.852+0000][8490.272s][info][gc,phases   ] GC(1529)   Merge Heap Roots: 0.3ms
[2024-05-30T12:55:50.852+0000][8490.272s][info][gc,phases   ] GC(1529)   Evacuate Collection Set: 113.0ms
[2024-05-30T12:55:50.852+0000][8490.272s][info][gc,phases   ] GC(1529)   Post Evacuate Collection Set: 25.6ms
[2024-05-30T12:55:50.852+0000][8490.272s][info][gc,phases   ] GC(1529)   Other: 0.2ms
[2024-05-30T12:55:50.852+0000][8490.272s][info][gc,heap     ] GC(1529) Eden regions: 899->0(892)
[2024-05-30T12:55:50.852+0000][8490.272s][info][gc,heap     ] GC(1529) Survivor regions: 22->29(116)
[2024-05-30T12:55:50.852+0000][8490.272s][info][gc,heap     ] GC(1529) Old regions: 221->221
[2024-05-30T12:55:50.852+0000][8490.272s][info][gc,heap     ] GC(1529) Archive regions: 2->2
[2024-05-30T12:55:50.852+0000][8490.272s][info][gc,heap     ] GC(1529) Humongous regions: 6->6
[2024-05-30T12:55:50.852+0000][8490.272s][info][gc,metaspace] GC(1529) Metaspace: 414990K(421120K)->414990K(421120K) NonClass: 362973K(366400K)->362973K(366400K) Class: 52017K(54720K)->52017K(54720K)
[2024-05-30T12:55:50.853+0000][8490.272s][info][gc          ] GC(1529) Pause Young (Normal) (G1 Evacuation Pause) 9181M->2045M(12288M) 139.295ms
[2024-05-30T12:55:50.853+0000][8490.272s][info][gc,cpu      ] GC(1529) User=0.81s Sys=0.00s Real=0.14s
[2024-05-30T12:55:53.738+0000][8493.158s][info][gc,start    ] GC(1530) Pause Young (Normal) (G1 Evacuation Pause)
[2024-05-30T12:55:53.738+0000][8493.158s][info][gc,task     ] GC(1530) Using 6 workers of 6 for evacuation
[2024-05-30T12:55:53.885+0000][8493.305s][info][gc,phases   ] GC(1530)   Pre Evacuate Collection Set: 0.2ms
[2024-05-30T12:55:53.885+0000][8493.305s][info][gc,phases   ] GC(1530)   Merge Heap Roots: 0.4ms
[2024-05-30T12:55:53.885+0000][8493.305s][info][gc,phases   ] GC(1530)   Evacuate Collection Set: 124.0ms
[2024-05-30T12:55:53.885+0000][8493.305s][info][gc,phases   ] GC(1530)   Post Evacuate Collection Set: 22.2ms
[2024-05-30T12:55:53.885+0000][8493.305s][info][gc,phases   ] GC(1530)   Other: 0.2ms
[2024-05-30T12:55:53.885+0000][8493.305s][info][gc,heap     ] GC(1530) Eden regions: 892->0(886)
[2024-05-30T12:55:53.885+0000][8493.305s][info][gc,heap     ] GC(1530) Survivor regions: 29->35(116)
[2024-05-30T12:55:53.885+0000][8493.305s][info][gc,heap     ] GC(1530) Old regions: 221->221
[2024-05-30T12:55:53.885+0000][8493.305s][info][gc,heap     ] GC(1530) Archive regions: 2->2
[2024-05-30T12:55:53.885+0000][8493.305s][info][gc,heap     ] GC(1530) Humongous regions: 6->6
[2024-05-30T12:55:53.885+0000][8493.305s][info][gc,metaspace] GC(1530) Metaspace: 414994K(421120K)->414994K(421120K) NonClass: 362976K(366400K)->362976K(366400K) Class: 52017K(54720K)->52017K(54720K)
[2024-05-30T12:55:53.886+0000][8493.305s][info][gc          ] GC(1530) Pause Young (Normal) (G1 Evacuation Pause) 9181M->2093M(12288M) 147.119ms
[2024-05-30T12:55:53.886+0000][8493.305s][info][gc,cpu      ] GC(1530) User=0.86s Sys=0.00s Real=0.14s
[2024-05-30T12:55:56.302+0000][8495.721s][info][gc,start    ] GC(1531) Pause Young (Normal) (G1 Evacuation Pause)
[2024-05-30T12:55:56.302+0000][8495.721s][info][gc,task     ] GC(1531) Using 6 workers of 6 for evacuation
[2024-05-30T12:55:56.463+0000][8495.882s][info][gc,phases   ] GC(1531)   Pre Evacuate Collection Set: 0.2ms
[2024-05-30T12:55:56.463+0000][8495.882s][info][gc,phases   ] GC(1531)   Merge Heap Roots: 0.4ms
[2024-05-30T12:55:56.463+0000][8495.882s][info][gc,phases   ] GC(1531)   Evacuate Collection Set: 138.7ms
[2024-05-30T12:55:56.463+0000][8495.882s][info][gc,phases   ] GC(1531)   Post Evacuate Collection Set: 21.1ms
[2024-05-30T12:55:56.463+0000][8495.882s][info][gc,phases   ] GC(1531)   Other: 0.2ms
[2024-05-30T12:55:56.463+0000][8495.882s][info][gc,heap     ] GC(1531) Eden regions: 886->0(882)
[2024-05-30T12:55:56.463+0000][8495.882s][info][gc,heap     ] GC(1531) Survivor regions: 35->39(116)
[2024-05-30T12:55:56.463+0000][8495.882s][info][gc,heap     ] GC(1531) Old regions: 221->221
[2024-05-30T12:55:56.463+0000][8495.882s][info][gc,heap     ] GC(1531) Archive regions: 2->2
[2024-05-30T12:55:56.463+0000][8495.882s][info][gc,heap     ] GC(1531) Humongous regions: 6->6
[2024-05-30T12:55:56.463+0000][8495.882s][info][gc,metaspace] GC(1531) Metaspace: 414994K(421120K)->414994K(421120K) NonClass: 362976K(366400K)->362976K(366400K) Class: 52017K(54720K)->52017K(54720K)
[2024-05-30T12:55:56.463+0000][8495.882s][info][gc          ] GC(1531) Pause Young (Normal) (G1 Evacuation Pause) 9181M->2129M(12288M) 160.595ms
[2024-05-30T12:55:56.463+0000][8495.882s][info][gc,cpu      ] GC(1531) User=0.95s Sys=0.00s Real=0.16s
[2024-05-30T12:55:59.249+0000][8498.668s][info][gc,start    ] GC(1532) Pause Young (Normal) (G1 Evacuation Pause)
[2024-05-30T12:55:59.249+0000][8498.668s][info][gc,task     ] GC(1532) Using 6 workers of 6 for evacuation
[2024-05-30T12:55:59.412+0000][8498.832s][info][gc,phases   ] GC(1532)   Pre Evacuate Collection Set: 0.2ms
[2024-05-30T12:55:59.412+0000][8498.832s][info][gc,phases   ] GC(1532)   Merge Heap Roots: 0.4ms
[2024-05-30T12:55:59.412+0000][8498.832s][info][gc,phases   ] GC(1532)   Evacuate Collection Set: 144.1ms
[2024-05-30T12:55:59.412+0000][8498.832s][info][gc,phases   ] GC(1532)   Post Evacuate Collection Set: 18.2ms
[2024-05-30T12:55:59.412+0000][8498.832s][info][gc,phases   ] GC(1532)   Other: 0.2ms
[2024-05-30T12:55:59.412+0000][8498.832s][info][gc,heap     ] GC(1532) Eden regions: 882->0(883)
[2024-05-30T12:55:59.412+0000][8498.832s][info][gc,heap     ] GC(1532) Survivor regions: 39->38(116)
[2024-05-30T12:55:59.412+0000][8498.832s][info][gc,heap     ] GC(1532) Old regions: 221->221
[2024-05-30T12:55:59.412+0000][8498.832s][info][gc,heap     ] GC(1532) Archive regions: 2->2
[2024-05-30T12:55:59.412+0000][8498.832s][info][gc,heap     ] GC(1532) Humongous regions: 6->6
[2024-05-30T12:55:59.412+0000][8498.832s][info][gc,metaspace] GC(1532) Metaspace: 414994K(421120K)->414994K(421120K) NonClass: 362976K(366400K)->362976K(366400K) Class: 52017K(54720K)->52017K(54720K)
[2024-05-30T12:55:59.412+0000][8498.832s][info][gc          ] GC(1532) Pause Young (Normal) (G1 Evacuation Pause) 9185M->2121M(12288M) 163.256ms
[2024-05-30T12:55:59.413+0000][8498.832s][info][gc,cpu      ] GC(1532) User=0.96s Sys=0.00s Real=0.16s
[2024-05-30T12:56:02.065+0000][8501.484s][info][gc,start    ] GC(1533) Pause Young (Normal) (G1 Evacuation Pause)
[2024-05-30T12:56:02.065+0000][8501.484s][info][gc,task     ] GC(1533) Using 6 workers of 6 for evacuation
[2024-05-30T12:56:02.259+0000][8501.679s][info][gc,phases   ] GC(1533)   Pre Evacuate Collection Set: 0.2ms
[2024-05-30T12:56:02.259+0000][8501.679s][info][gc,phases   ] GC(1533)   Merge Heap Roots: 0.5ms
[2024-05-30T12:56:02.259+0000][8501.679s][info][gc,phases   ] GC(1533)   Evacuate Collection Set: 169.7ms
[2024-05-30T12:56:02.259+0000][8501.679s][info][gc,phases   ] GC(1533)   Post Evacuate Collection Set: 24.0ms
[2024-05-30T12:56:02.259+0000][8501.679s][info][gc,phases   ] GC(1533)   Other: 0.2ms
[2024-05-30T12:56:02.259+0000][8501.679s][info][gc,heap     ] GC(1533) Eden regions: 883->0(878)
[2024-05-30T12:56:02.259+0000][8501.679s][info][gc,heap     ] GC(1533) Survivor regions: 38->43(116)
[2024-05-30T12:56:02.259+0000][8501.679s][info][gc,heap     ] GC(1533) Old regions: 221->221
[2024-05-30T12:56:02.259+0000][8501.679s][info][gc,heap     ] GC(1533) Archive regions: 2->2
[2024-05-30T12:56:02.259+0000][8501.679s][info][gc,heap     ] GC(1533) Humongous regions: 6->6
[2024-05-30T12:56:02.260+0000][8501.679s][info][gc,metaspace] GC(1533) Metaspace: 414994K(421120K)->414994K(421120K) NonClass: 362976K(366400K)->362976K(366400K) Class: 52017K(54720K)->52017K(54720K)
[2024-05-30T12:56:02.260+0000][8501.679s][info][gc          ] GC(1533) Pause Young (Normal) (G1 Evacuation Pause) 9185M->2157M(12288M) 194.651ms
[2024-05-30T12:56:02.260+0000][8501.679s][info][gc,cpu      ] GC(1533) User=1.14s Sys=0.00s Real=0.20s
[2024-05-30T12:56:04.862+0000][8504.282s][info][gc,start    ] GC(1534) Pause Young (Normal) (G1 Evacuation Pause)
[2024-05-30T12:56:04.862+0000][8504.282s][info][gc,task     ] GC(1534) Using 6 workers of 6 for evacuation
[2024-05-30T12:56:05.055+0000][8504.474s][info][gc,phases   ] GC(1534)   Pre Evacuate Collection Set: 0.2ms
[2024-05-30T12:56:05.055+0000][8504.474s][info][gc,phases   ] GC(1534)   Merge Heap Roots: 0.5ms
[2024-05-30T12:56:05.055+0000][8504.474s][info][gc,phases   ] GC(1534)   Evacuate Collection Set: 172.3ms
[2024-05-30T12:56:05.055+0000][8504.474s][info][gc,phases   ] GC(1534)   Post Evacuate Collection Set: 19.3ms
[2024-05-30T12:56:05.055+0000][8504.474s][info][gc,phases   ] GC(1534)   Other: 0.2ms
[2024-05-30T12:56:05.055+0000][8504.474s][info][gc,heap     ] GC(1534) Eden regions: 878->0(646)
[2024-05-30T12:56:05.055+0000][8504.474s][info][gc,heap     ] GC(1534) Survivor regions: 43->47(116)
[2024-05-30T12:56:05.055+0000][8504.474s][info][gc,heap     ] GC(1534) Old regions: 221->221
[2024-05-30T12:56:05.055+0000][8504.474s][info][gc,heap     ] GC(1534) Archive regions: 2->2
[2024-05-30T12:56:05.055+0000][8504.474s][info][gc,heap     ] GC(1534) Humongous regions: 6->6
[2024-05-30T12:56:05.055+0000][8504.474s][info][gc,metaspace] GC(1534) Metaspace: 414994K(421120K)->414994K(421120K) NonClass: 362976K(366400K)->362976K(366400K) Class: 52017K(54720K)->52017K(54720K)
[2024-05-30T12:56:05.055+0000][8504.474s][info][gc          ] GC(1534) Pause Young (Normal) (G1 Evacuation Pause) 9181M->2189M(12288M) 192.484ms
[2024-05-30T12:56:05.055+0000][8504.474s][info][gc,cpu      ] GC(1534) User=1.14s Sys=0.00s Real=0.19s
[2024-05-30T12:56:07.038+0000][8506.457s][info][gc,start    ] GC(1535) Pause Young (Normal) (G1 Evacuation Pause)
[2024-05-30T12:56:07.038+0000][8506.457s][info][gc,task     ] GC(1535) Using 6 workers of 6 for evacuation
[2024-05-30T12:56:07.224+0000][8506.643s][info][gc,phases   ] GC(1535)   Pre Evacuate Collection Set: 0.2ms
[2024-05-30T12:56:07.224+0000][8506.643s][info][gc,phases   ] GC(1535)   Merge Heap Roots: 0.5ms
[2024-05-30T12:56:07.224+0000][8506.643s][info][gc,phases   ] GC(1535)   Evacuate Collection Set: 171.7ms
[2024-05-30T12:56:07.224+0000][8506.643s][info][gc,phases   ] GC(1535)   Post Evacuate Collection Set: 13.3ms
[2024-05-30T12:56:07.224+0000][8506.643s][info][gc,phases   ] GC(1535)   Other: 0.2ms
[2024-05-30T12:56:07.224+0000][8506.643s][info][gc,heap     ] GC(1535) Eden regions: 646->0(822)
[2024-05-30T12:56:07.224+0000][8506.643s][info][gc,heap     ] GC(1535) Survivor regions: 47->45(87)
[2024-05-30T12:56:07.224+0000][8506.643s][info][gc,heap     ] GC(1535) Old regions: 221->224
[2024-05-30T12:56:07.224+0000][8506.643s][info][gc,heap     ] GC(1535) Archive regions: 2->2
[2024-05-30T12:56:07.224+0000][8506.643s][info][gc,heap     ] GC(1535) Humongous regions: 6->6
[2024-05-30T12:56:07.224+0000][8506.643s][info][gc,metaspace] GC(1535) Metaspace: 414994K(421120K)->414994K(421120K) NonClass: 362976K(366400K)->362976K(366400K) Class: 52017K(54720K)->52017K(54720K)
[2024-05-30T12:56:07.224+0000][8506.643s][info][gc          ] GC(1535) Pause Young (Normal) (G1 Evacuation Pause) 7357M->2204M(12288M) 185.900ms
[2024-05-30T12:56:07.224+0000][8506.643s][info][gc,cpu      ] GC(1535) User=1.10s Sys=0.00s Real=0.18s
[2024-05-30T12:56:13.560+0000][8512.980s][info][gc,start    ] GC(1536) Pause Young (Normal) (G1 Evacuation Pause)
[2024-05-30T12:56:13.560+0000][8512.980s][info][gc,task     ] GC(1536) Using 6 workers of 6 for evacuation
[2024-05-30T12:56:13.720+0000][8513.140s][info][gc,phases   ] GC(1536)   Pre Evacuate Collection Set: 0.2ms
[2024-05-30T12:56:13.721+0000][8513.140s][info][gc,phases   ] GC(1536)   Merge Heap Roots: 0.4ms
[2024-05-30T12:56:13.721+0000][8513.140s][info][gc,phases   ] GC(1536)   Evacuate Collection Set: 152.3ms
[2024-05-30T12:56:13.721+0000][8513.140s][info][gc,phases   ] GC(1536)   Post Evacuate Collection Set: 6.9ms
[2024-05-30T12:56:13.721+0000][8513.140s][info][gc,phases   ] GC(1536)   Other: 0.2ms
[2024-05-30T12:56:13.721+0000][8513.140s][info][gc,heap     ] GC(1536) Eden regions: 822->0(811)
[2024-05-30T12:56:13.721+0000][8513.140s][info][gc,heap     ] GC(1536) Survivor regions: 45->48(109)
[2024-05-30T12:56:13.721+0000][8513.140s][info][gc,heap     ] GC(1536) Old regions: 224->224
[2024-05-30T12:56:13.721+0000][8513.140s][info][gc,heap     ] GC(1536) Archive regions: 2->2
[2024-05-30T12:56:13.721+0000][8513.140s][info][gc,heap     ] GC(1536) Humongous regions: 6->6
[2024-05-30T12:56:13.721+0000][8513.140s][info][gc,metaspace] GC(1536) Metaspace: 414994K(421120K)->414994K(421120K) NonClass: 362976K(366400K)->362976K(366400K) Class: 52017K(54720K)->52017K(54720K)
[2024-05-30T12:56:13.721+0000][8513.140s][info][gc          ] GC(1536) Pause Young (Normal) (G1 Evacuation Pause) 8780M->2224M(12288M) 160.160ms
[2024-05-30T12:56:13.721+0000][8513.140s][info][gc,cpu      ] GC(1536) User=0.95s Sys=0.00s Real=0.16s
[2024-05-30T12:56:22.526+0000][8521.945s][info][gc,start    ] GC(1537) Pause Young (Normal) (G1 Evacuation Pause)
[2024-05-30T12:56:22.526+0000][8521.945s][info][gc,task     ] GC(1537) Using 6 workers of 6 for evacuation
[2024-05-30T12:56:22.675+0000][8522.094s][info][gc,phases   ] GC(1537)   Pre Evacuate Collection Set: 0.2ms
[2024-05-30T12:56:22.675+0000][8522.094s][info][gc,phases   ] GC(1537)   Merge Heap Roots: 0.4ms
[2024-05-30T12:56:22.675+0000][8522.094s][info][gc,phases   ] GC(1537)   Evacuate Collection Set: 146.3ms
[2024-05-30T12:56:22.675+0000][8522.094s][info][gc,phases   ] GC(1537)   Post Evacuate Collection Set: 2.0ms
[2024-05-30T12:56:22.675+0000][8522.094s][info][gc,phases   ] GC(1537)   Other: 0.2ms
[2024-05-30T12:56:22.675+0000][8522.094s][info][gc,heap     ] GC(1537) Eden regions: 811->0(836)
[2024-05-30T12:56:22.675+0000][8522.094s][info][gc,heap     ] GC(1537) Survivor regions: 48->52(108)
[2024-05-30T12:56:22.675+0000][8522.094s][info][gc,heap     ] GC(1537) Old regions: 224->224
[2024-05-30T12:56:22.675+0000][8522.094s][info][gc,heap     ] GC(1537) Archive regions: 2->2
[2024-05-30T12:56:22.675+0000][8522.094s][info][gc,heap     ] GC(1537) Humongous regions: 6->6
[2024-05-30T12:56:22.675+0000][8522.094s][info][gc,metaspace] GC(1537) Metaspace: 414994K(421120K)->414994K(421120K) NonClass: 362976K(366400K)->362976K(366400K) Class: 52017K(54720K)->52017K(54720K)
[2024-05-30T12:56:22.675+0000][8522.094s][info][gc          ] GC(1537) Pause Young (Normal) (G1 Evacuation Pause) 8712M->2256M(12288M) 149.161ms
[2024-05-30T12:56:22.675+0000][8522.094s][info][gc,cpu      ] GC(1537) User=0.89s Sys=0.00s Real=0.15s
[2024-05-30T12:56:31.902+0000][8531.321s][info][gc,start    ] GC(1538) Pause Young (Normal) (G1 Evacuation Pause)
[2024-05-30T12:56:31.902+0000][8531.321s][info][gc,task     ] GC(1538) Using 6 workers of 6 for evacuation
[2024-05-30T12:56:32.059+0000][8531.479s][info][gc,phases   ] GC(1538)   Pre Evacuate Collection Set: 0.2ms
[2024-05-30T12:56:32.059+0000][8531.479s][info][gc,phases   ] GC(1538)   Merge Heap Roots: 0.4ms
[2024-05-30T12:56:32.059+0000][8531.479s][info][gc,phases   ] GC(1538)   Evacuate Collection Set: 154.7ms
[2024-05-30T12:56:32.059+0000][8531.479s][info][gc,phases   ] GC(1538)   Post Evacuate Collection Set: 1.9ms
[2024-05-30T12:56:32.059+0000][8531.479s][info][gc,phases   ] GC(1538)   Other: 0.2ms
[2024-05-30T12:56:32.059+0000][8531.479s][info][gc,heap     ] GC(1538) Eden regions: 836->0(869)
[2024-05-30T12:56:32.059+0000][8531.479s][info][gc,heap     ] GC(1538) Survivor regions: 52->52(111)
[2024-05-30T12:56:32.059+0000][8531.479s][info][gc,heap     ] GC(1538) Old regions: 224->224
[2024-05-30T12:56:32.059+0000][8531.479s][info][gc,heap     ] GC(1538) Archive regions: 2->2
[2024-05-30T12:56:32.059+0000][8531.479s][info][gc,heap     ] GC(1538) Humongous regions: 6->6
[2024-05-30T12:56:32.059+0000][8531.479s][info][gc,metaspace] GC(1538) Metaspace: 414994K(421120K)->414994K(421120K) NonClass: 362976K(366400K)->362976K(366400K) Class: 52017K(54720K)->52017K(54720K)
[2024-05-30T12:56:32.059+0000][8531.479s][info][gc          ] GC(1538) Pause Young (Normal) (G1 Evacuation Pause) 8944M->2256M(12288M) 157.426ms
[2024-05-30T12:56:32.060+0000][8531.479s][info][gc,cpu      ] GC(1538) User=0.94s Sys=0.00s Real=0.16s
[2024-05-30T12:56:41.371+0000][8540.790s][info][gc,start    ] GC(1539) Pause Young (Normal) (G1 Evacuation Pause)
[2024-05-30T12:56:41.371+0000][8540.790s][info][gc,task     ] GC(1539) Using 6 workers of 6 for evacuation
[2024-05-30T12:56:41.528+0000][8540.947s][info][gc,phases   ] GC(1539)   Pre Evacuate Collection Set: 0.2ms
[2024-05-30T12:56:41.528+0000][8540.947s][info][gc,phases   ] GC(1539)   Merge Heap Roots: 0.4ms
[2024-05-30T12:56:41.528+0000][8540.947s][info][gc,phases   ] GC(1539)   Evacuate Collection Set: 154.4ms
[2024-05-30T12:56:41.528+0000][8540.947s][info][gc,phases   ] GC(1539)   Post Evacuate Collection Set: 1.9ms
[2024-05-30T12:56:41.528+0000][8540.947s][info][gc,phases   ] GC(1539)   Other: 0.2ms
[2024-05-30T12:56:41.528+0000][8540.947s][info][gc,heap     ] GC(1539) Eden regions: 869->0(870)
[2024-05-30T12:56:41.528+0000][8540.947s][info][gc,heap     ] GC(1539) Survivor regions: 52->51(116)
[2024-05-30T12:56:41.528+0000][8540.947s][info][gc,heap     ] GC(1539) Old regions: 224->224
[2024-05-30T12:56:41.528+0000][8540.947s][info][gc,heap     ] GC(1539) Archive regions: 2->2
[2024-05-30T12:56:41.528+0000][8540.947s][info][gc,heap     ] GC(1539) Humongous regions: 6->6
[2024-05-30T12:56:41.528+0000][8540.947s][info][gc,metaspace] GC(1539) Metaspace: 414994K(421120K)->414994K(421120K) NonClass: 362976K(366400K)->362976K(366400K) Class: 52017K(54720K)->52017K(54720K)
[2024-05-30T12:56:41.528+0000][8540.947s][info][gc          ] GC(1539) Pause Young (Normal) (G1 Evacuation Pause) 9208M->2248M(12288M) 157.119ms
[2024-05-30T12:56:41.528+0000][8540.947s][info][gc,cpu      ] GC(1539) User=0.94s Sys=0.00s Real=0.15s
[2024-05-30T12:56:50.963+0000][8550.382s][info][gc,start    ] GC(1540) Pause Young (Concurrent Start) (G1 Evacuation Pause)
[2024-05-30T12:56:50.963+0000][8550.382s][info][gc,task     ] GC(1540) Using 6 workers of 6 for evacuation
[2024-05-30T12:56:51.125+0000][8550.545s][info][gc,phases   ] GC(1540)   Pre Evacuate Collection Set: 0.6ms
[2024-05-30T12:56:51.125+0000][8550.545s][info][gc,phases   ] GC(1540)   Merge Heap Roots: 0.4ms
[2024-05-30T12:56:51.125+0000][8550.545s][info][gc,phases   ] GC(1540)   Evacuate Collection Set: 159.2ms
[2024-05-30T12:56:51.125+0000][8550.545s][info][gc,phases   ] GC(1540)   Post Evacuate Collection Set: 1.9ms
[2024-05-30T12:56:51.125+0000][8550.545s][info][gc,phases   ] GC(1540)   Other: 0.3ms
[2024-05-30T12:56:51.125+0000][8550.545s][info][gc,heap     ] GC(1540) Eden regions: 870->0(868)
[2024-05-30T12:56:51.125+0000][8550.545s][info][gc,heap     ] GC(1540) Survivor regions: 51->53(116)
[2024-05-30T12:56:51.125+0000][8550.545s][info][gc,heap     ] GC(1540) Old regions: 224->226
[2024-05-30T12:56:51.125+0000][8550.545s][info][gc,heap     ] GC(1540) Archive regions: 2->2
[2024-05-30T12:56:51.125+0000][8550.545s][info][gc,heap     ] GC(1540) Humongous regions: 6->6
[2024-05-30T12:56:51.125+0000][8550.545s][info][gc,metaspace] GC(1540) Metaspace: 414994K(421120K)->414994K(421120K) NonClass: 362976K(366400K)->362976K(366400K) Class: 52017K(54720K)->52017K(54720K)
[2024-05-30T12:56:51.125+0000][8550.545s][info][gc          ] GC(1540) Pause Young (Concurrent Start) (G1 Evacuation Pause) 9208M->2273M(12288M) 162.331ms
[2024-05-30T12:56:51.126+0000][8550.545s][info][gc,cpu      ] GC(1540) User=0.97s Sys=0.00s Real=0.16s
[2024-05-30T12:56:51.126+0000][8550.545s][info][gc          ] GC(1541) Concurrent Mark Cycle
[2024-05-30T12:56:51.126+0000][8550.545s][info][gc,marking  ] GC(1541) Concurrent Clear Claimed Marks
[2024-05-30T12:56:51.126+0000][8550.545s][info][gc,marking  ] GC(1541) Concurrent Clear Claimed Marks 0.423ms
[2024-05-30T12:56:51.126+0000][8550.545s][info][gc,marking  ] GC(1541) Concurrent Scan Root Regions
[2024-05-30T12:56:51.262+0000][8550.681s][info][gc,marking  ] GC(1541) Concurrent Scan Root Regions 135.911ms
[2024-05-30T12:56:51.262+0000][8550.681s][info][gc,marking  ] GC(1541) Concurrent Mark
[2024-05-30T12:56:51.262+0000][8550.681s][info][gc,marking  ] GC(1541) Concurrent Mark From Roots
[2024-05-30T12:56:51.262+0000][8550.681s][info][gc,task     ] GC(1541) Using 2 workers of 2 for marking
[2024-05-30T12:56:52.123+0000][8551.542s][info][gc,marking  ] GC(1541) Concurrent Mark From Roots 861.005ms
[2024-05-30T12:56:52.123+0000][8551.542s][info][gc,marking  ] GC(1541) Concurrent Preclean
[2024-05-30T12:56:52.124+0000][8551.543s][info][gc,marking  ] GC(1541) Concurrent Preclean 0.848ms
[2024-05-30T12:56:52.124+0000][8551.543s][info][gc,start    ] GC(1541) Pause Remark
[2024-05-30T12:56:52.145+0000][8551.564s][info][gc          ] GC(1541) Pause Remark 2941M->2941M(12288M) 21.002ms
[2024-05-30T12:56:52.145+0000][8551.564s][info][gc,cpu      ] GC(1541) User=0.08s Sys=0.00s Real=0.02s
[2024-05-30T12:56:52.145+0000][8551.565s][info][gc,marking  ] GC(1541) Concurrent Mark 883.284ms
[2024-05-30T12:56:52.145+0000][8551.565s][info][gc,marking  ] GC(1541) Concurrent Rebuild Remembered Sets
[2024-05-30T12:56:52.673+0000][8552.092s][info][gc,marking  ] GC(1541) Concurrent Rebuild Remembered Sets 527.290ms
[2024-05-30T12:56:52.673+0000][8552.092s][info][gc,start    ] GC(1541) Pause Cleanup
[2024-05-30T12:56:52.673+0000][8552.093s][info][gc          ] GC(1541) Pause Cleanup 3313M->3313M(12288M) 0.514ms
[2024-05-30T12:56:52.673+0000][8552.093s][info][gc,cpu      ] GC(1541) User=0.00s Sys=0.00s Real=0.00s
[2024-05-30T12:56:52.673+0000][8552.093s][info][gc,marking  ] GC(1541) Concurrent Cleanup for Next Mark
[2024-05-30T12:56:52.690+0000][8552.110s][info][gc,marking  ] GC(1541) Concurrent Cleanup for Next Mark 16.931ms
[2024-05-30T12:56:52.690+0000][8552.110s][info][gc          ] GC(1541) Concurrent Mark Cycle 1564.864ms
[2024-05-30T12:57:00.062+0000][8559.481s][info][gc,start    ] GC(1542) Pause Young (Prepare Mixed) (G1 Evacuation Pause)
[2024-05-30T12:57:00.062+0000][8559.481s][info][gc,task     ] GC(1542) Using 6 workers of 6 for evacuation
[2024-05-30T12:57:00.217+0000][8559.636s][info][gc,phases   ] GC(1542)   Pre Evacuate Collection Set: 0.2ms
[2024-05-30T12:57:00.217+0000][8559.636s][info][gc,phases   ] GC(1542)   Merge Heap Roots: 0.5ms
[2024-05-30T12:57:00.217+0000][8559.636s][info][gc,phases   ] GC(1542)   Evacuate Collection Set: 151.7ms
[2024-05-30T12:57:00.217+0000][8559.636s][info][gc,phases   ] GC(1542)   Post Evacuate Collection Set: 2.0ms
[2024-05-30T12:57:00.217+0000][8559.636s][info][gc,phases   ] GC(1542)   Other: 0.3ms
[2024-05-30T12:57:00.217+0000][8559.636s][info][gc,heap     ] GC(1542) Eden regions: 868->0(25)
[2024-05-30T12:57:00.217+0000][8559.636s][info][gc,heap     ] GC(1542) Survivor regions: 53->51(116)
[2024-05-30T12:57:00.217+0000][8559.636s][info][gc,heap     ] GC(1542) Old regions: 226->227
[2024-05-30T12:57:00.217+0000][8559.636s][info][gc,heap     ] GC(1542) Archive regions: 2->2
[2024-05-30T12:57:00.217+0000][8559.636s][info][gc,heap     ] GC(1542) Humongous regions: 6->6
[2024-05-30T12:57:00.217+0000][8559.636s][info][gc,metaspace] GC(1542) Metaspace: 414995K(421120K)->414995K(421120K) NonClass: 362977K(366400K)->362977K(366400K) Class: 52017K(54720K)->52017K(54720K)
[2024-05-30T12:57:00.217+0000][8559.636s][info][gc          ] GC(1542) Pause Young (Prepare Mixed) (G1 Evacuation Pause) 9217M->2265M(12288M) 154.713ms
[2024-05-30T12:57:00.217+0000][8559.636s][info][gc,cpu      ] GC(1542) User=0.93s Sys=0.00s Real=0.16s
[2024-05-30T12:57:00.485+0000][8559.905s][info][gc,start    ] GC(1543) Pause Young (Mixed) (G1 Evacuation Pause)
[2024-05-30T12:57:00.485+0000][8559.905s][info][gc,task     ] GC(1543) Using 6 workers of 6 for evacuation
[2024-05-30T12:57:00.638+0000][8560.058s][info][gc,phases   ] GC(1543)   Pre Evacuate Collection Set: 0.2ms
[2024-05-30T12:57:00.638+0000][8560.058s][info][gc,phases   ] GC(1543)   Merge Heap Roots: 0.3ms
[2024-05-30T12:57:00.638+0000][8560.058s][info][gc,phases   ] GC(1543)   Evacuate Collection Set: 151.1ms
[2024-05-30T12:57:00.638+0000][8560.058s][info][gc,phases   ] GC(1543)   Post Evacuate Collection Set: 1.3ms
[2024-05-30T12:57:00.638+0000][8560.058s][info][gc,phases   ] GC(1543)   Other: 0.2ms
[2024-05-30T12:57:00.638+0000][8560.058s][info][gc,heap     ] GC(1543) Eden regions: 25->0(916)
[2024-05-30T12:57:00.638+0000][8560.058s][info][gc,heap     ] GC(1543) Survivor regions: 51->5(10)
[2024-05-30T12:57:00.638+0000][8560.058s][info][gc,heap     ] GC(1543) Old regions: 227->235
[2024-05-30T12:57:00.638+0000][8560.058s][info][gc,heap     ] GC(1543) Archive regions: 2->2
[2024-05-30T12:57:00.638+0000][8560.058s][info][gc,heap     ] GC(1543) Humongous regions: 6->6
[2024-05-30T12:57:00.638+0000][8560.058s][info][gc,metaspace] GC(1543) Metaspace: 414995K(421120K)->414995K(421120K) NonClass: 362977K(366400K)->362977K(366400K) Class: 52017K(54720K)->52017K(54720K)
[2024-05-30T12:57:00.639+0000][8560.058s][info][gc          ] GC(1543) Pause Young (Mixed) (G1 Evacuation Pause) 2465M->1965M(12288M) 153.124ms
[2024-05-30T12:57:00.639+0000][8560.058s][info][gc,cpu      ] GC(1543) User=0.91s Sys=0.00s Real=0.16s
[2024-05-30T12:57:10.545+0000][8569.964s][info][gc,start    ] GC(1544) Pause Young (Normal) (G1 Evacuation Pause)
[2024-05-30T12:57:10.545+0000][8569.964s][info][gc,task     ] GC(1544) Using 6 workers of 6 for evacuation
[2024-05-30T12:57:10.577+0000][8569.996s][info][gc,phases   ] GC(1544)   Pre Evacuate Collection Set: 0.2ms
[2024-05-30T12:57:10.577+0000][8569.996s][info][gc,phases   ] GC(1544)   Merge Heap Roots: 0.2ms
[2024-05-30T12:57:10.577+0000][8569.996s][info][gc,phases   ] GC(1544)   Evacuate Collection Set: 30.0ms
[2024-05-30T12:57:10.577+0000][8569.996s][info][gc,phases   ] GC(1544)   Post Evacuate Collection Set: 1.7ms
[2024-05-30T12:57:10.577+0000][8569.996s][info][gc,phases   ] GC(1544)   Other: 0.2ms
[2024-05-30T12:57:10.577+0000][8569.996s][info][gc,heap     ] GC(1544) Eden regions: 916->0(912)
[2024-05-30T12:57:10.577+0000][8569.996s][info][gc,heap     ] GC(1544) Survivor regions: 5->9(116)
[2024-05-30T12:57:10.577+0000][8569.996s][info][gc,heap     ] GC(1544) Old regions: 235->235
[2024-05-30T12:57:10.577+0000][8569.996s][info][gc,heap     ] GC(1544) Archive regions: 2->2
[2024-05-30T12:57:10.577+0000][8569.996s][info][gc,heap     ] GC(1544) Humongous regions: 6->6
[2024-05-30T12:57:10.577+0000][8569.996s][info][gc,metaspace] GC(1544) Metaspace: 414995K(421120K)->414995K(421120K) NonClass: 362977K(366400K)->362977K(366400K) Class: 52017K(54720K)->52017K(54720K)
[2024-05-30T12:57:10.577+0000][8569.996s][info][gc          ] GC(1544) Pause Young (Normal) (G1 Evacuation Pause) 9293M->1997M(12288M) 32.401ms
[2024-05-30T12:57:10.577+0000][8569.996s][info][gc,cpu      ] GC(1544) User=0.19s Sys=0.00s Real=0.04s
[2024-05-30T12:57:20.336+0000][8579.755s][info][gc,start    ] GC(1545) Pause Young (Normal) (G1 Evacuation Pause)
[2024-05-30T12:57:20.336+0000][8579.755s][info][gc,task     ] GC(1545) Using 6 workers of 6 for evacuation
[2024-05-30T12:57:20.364+0000][8579.783s][info][gc,phases   ] GC(1545)   Pre Evacuate Collection Set: 0.2ms
[2024-05-30T12:57:20.364+0000][8579.783s][info][gc,phases   ] GC(1545)   Merge Heap Roots: 0.2ms
[2024-05-30T12:57:20.364+0000][8579.783s][info][gc,phases   ] GC(1545)   Evacuate Collection Set: 26.0ms
[2024-05-30T12:57:20.364+0000][8579.783s][info][gc,phases   ] GC(1545)   Post Evacuate Collection Set: 1.8ms
[2024-05-30T12:57:20.364+0000][8579.783s][info][gc,phases   ] GC(1545)   Other: 0.2ms
[2024-05-30T12:57:20.364+0000][8579.783s][info][gc,heap     ] GC(1545) Eden regions: 912->0(911)
[2024-05-30T12:57:20.364+0000][8579.783s][info][gc,heap     ] GC(1545) Survivor regions: 9->10(116)
[2024-05-30T12:57:20.364+0000][8579.783s][info][gc,heap     ] GC(1545) Old regions: 235->235
[2024-05-30T12:57:20.364+0000][8579.783s][info][gc,heap     ] GC(1545) Archive regions: 2->2
[2024-05-30T12:57:20.364+0000][8579.783s][info][gc,heap     ] GC(1545) Humongous regions: 6->6
[2024-05-30T12:57:20.364+0000][8579.783s][info][gc,metaspace] GC(1545) Metaspace: 414995K(421120K)->414995K(421120K) NonClass: 362977K(366400K)->362977K(366400K) Class: 52017K(54720K)->52017K(54720K)
[2024-05-30T12:57:20.364+0000][8579.783s][info][gc          ] GC(1545) Pause Young (Normal) (G1 Evacuation Pause) 9293M->2002M(12288M) 28.399ms
[2024-05-30T12:57:20.364+0000][8579.783s][info][gc,cpu      ] GC(1545) User=0.16s Sys=0.00s Real=0.03s
[2024-05-30T12:57:30.300+0000][8589.720s][info][gc,start    ] GC(1546) Pause Young (Concurrent Start) (G1 Evacuation Pause)
[2024-05-30T12:57:30.300+0000][8589.720s][info][gc,task     ] GC(1546) Using 6 workers of 6 for evacuation
[2024-05-30T12:57:30.334+0000][8589.753s][info][gc,phases   ] GC(1546)   Pre Evacuate Collection Set: 0.5ms
[2024-05-30T12:57:30.334+0000][8589.753s][info][gc,phases   ] GC(1546)   Merge Heap Roots: 0.2ms
[2024-05-30T12:57:30.334+0000][8589.753s][info][gc,phases   ] GC(1546)   Evacuate Collection Set: 30.9ms
[2024-05-30T12:57:30.334+0000][8589.753s][info][gc,phases   ] GC(1546)   Post Evacuate Collection Set: 1.9ms
[2024-05-30T12:57:30.334+0000][8589.753s][info][gc,phases   ] GC(1546)   Other: 0.3ms
[2024-05-30T12:57:30.334+0000][8589.753s][info][gc,heap     ] GC(1546) Eden regions: 911->0(908)
[2024-05-30T12:57:30.334+0000][8589.753s][info][gc,heap     ] GC(1546) Survivor regions: 10->13(116)
[2024-05-30T12:57:30.334+0000][8589.753s][info][gc,heap     ] GC(1546) Old regions: 235->235
[2024-05-30T12:57:30.334+0000][8589.753s][info][gc,heap     ] GC(1546) Archive regions: 2->2
[2024-05-30T12:57:30.334+0000][8589.753s][info][gc,heap     ] GC(1546) Humongous regions: 6->6
[2024-05-30T12:57:30.334+0000][8589.753s][info][gc,metaspace] GC(1546) Metaspace: 414999K(421120K)->414999K(421120K) NonClass: 362982K(366400K)->362982K(366400K) Class: 52017K(54720K)->52017K(54720K)
[2024-05-30T12:57:30.334+0000][8589.753s][info][gc          ] GC(1546) Pause Young (Concurrent Start) (G1 Evacuation Pause) 9290M->2029M(12288M) 33.905ms
[2024-05-30T12:57:30.334+0000][8589.753s][info][gc,cpu      ] GC(1546) User=0.19s Sys=0.01s Real=0.03s
[2024-05-30T12:57:30.334+0000][8589.754s][info][gc          ] GC(1547) Concurrent Mark Cycle
[2024-05-30T12:57:30.334+0000][8589.754s][info][gc,marking  ] GC(1547) Concurrent Clear Claimed Marks
[2024-05-30T12:57:30.335+0000][8589.754s][info][gc,marking  ] GC(1547) Concurrent Clear Claimed Marks 0.455ms
[2024-05-30T12:57:30.335+0000][8589.754s][info][gc,marking  ] GC(1547) Concurrent Scan Root Regions
[2024-05-30T12:57:30.364+0000][8589.783s][info][gc,marking  ] GC(1547) Concurrent Scan Root Regions 29.185ms
[2024-05-30T12:57:30.364+0000][8589.783s][info][gc,marking  ] GC(1547) Concurrent Mark
[2024-05-30T12:57:30.364+0000][8589.783s][info][gc,marking  ] GC(1547) Concurrent Mark From Roots
[2024-05-30T12:57:30.364+0000][8589.783s][info][gc,task     ] GC(1547) Using 2 workers of 2 for marking
[2024-05-30T12:57:31.498+0000][8590.917s][info][gc,marking  ] GC(1547) Concurrent Mark From Roots 1133.658ms
[2024-05-30T12:57:31.498+0000][8590.917s][info][gc,marking  ] GC(1547) Concurrent Preclean
[2024-05-30T12:57:31.499+0000][8590.918s][info][gc,marking  ] GC(1547) Concurrent Preclean 0.864ms
[2024-05-30T12:57:31.499+0000][8590.918s][info][gc,start    ] GC(1547) Pause Remark
[2024-05-30T12:57:31.520+0000][8590.939s][info][gc          ] GC(1547) Pause Remark 2801M->2801M(12288M) 21.136ms
[2024-05-30T12:57:31.520+0000][8590.939s][info][gc,cpu      ] GC(1547) User=0.09s Sys=0.00s Real=0.02s
[2024-05-30T12:57:31.520+0000][8590.939s][info][gc,marking  ] GC(1547) Concurrent Mark 1156.060ms
[2024-05-30T12:57:31.520+0000][8590.939s][info][gc,marking  ] GC(1547) Concurrent Rebuild Remembered Sets
[2024-05-30T12:57:32.225+0000][8591.644s][info][gc,marking  ] GC(1547) Concurrent Rebuild Remembered Sets 704.471ms
[2024-05-30T12:57:32.225+0000][8591.644s][info][gc,start    ] GC(1547) Pause Cleanup
[2024-05-30T12:57:32.225+0000][8591.645s][info][gc          ] GC(1547) Pause Cleanup 3285M->3285M(12288M) 0.522ms
[2024-05-30T12:57:32.225+0000][8591.645s][info][gc,cpu      ] GC(1547) User=0.00s Sys=0.00s Real=0.00s
[2024-05-30T12:57:32.225+0000][8591.645s][info][gc,marking  ] GC(1547) Concurrent Cleanup for Next Mark
[2024-05-30T12:57:32.243+0000][8591.662s][info][gc,marking  ] GC(1547) Concurrent Cleanup for Next Mark 17.256ms
[2024-05-30T12:57:32.243+0000][8591.662s][info][gc          ] GC(1547) Concurrent Mark Cycle 1908.454ms
[2024-05-30T12:57:40.463+0000][8599.882s][info][gc,start    ] GC(1548) Pause Young (Prepare Mixed) (G1 Evacuation Pause)
[2024-05-30T12:57:40.463+0000][8599.882s][info][gc,task     ] GC(1548) Using 6 workers of 6 for evacuation
[2024-05-30T12:57:40.506+0000][8599.926s][info][gc,phases   ] GC(1548)   Pre Evacuate Collection Set: 0.2ms
[2024-05-30T12:57:40.506+0000][8599.926s][info][gc,phases   ] GC(1548)   Merge Heap Roots: 0.3ms
[2024-05-30T12:57:40.506+0000][8599.926s][info][gc,phases   ] GC(1548)   Evacuate Collection Set: 41.3ms
[2024-05-30T12:57:40.506+0000][8599.926s][info][gc,phases   ] GC(1548)   Post Evacuate Collection Set: 1.8ms
[2024-05-30T12:57:40.506+0000][8599.926s][info][gc,phases   ] GC(1548)   Other: 0.2ms
[2024-05-30T12:57:40.506+0000][8599.926s][info][gc,heap     ] GC(1548) Eden regions: 908->0(59)
[2024-05-30T12:57:40.506+0000][8599.926s][info][gc,heap     ] GC(1548) Survivor regions: 13->17(116)
[2024-05-30T12:57:40.506+0000][8599.926s][info][gc,heap     ] GC(1548) Old regions: 235->235
[2024-05-30T12:57:40.506+0000][8599.926s][info][gc,heap     ] GC(1548) Archive regions: 2->2
[2024-05-30T12:57:40.506+0000][8599.926s][info][gc,heap     ] GC(1548) Humongous regions: 6->6
[2024-05-30T12:57:40.506+0000][8599.926s][info][gc,metaspace] GC(1548) Metaspace: 414999K(421120K)->414999K(421120K) NonClass: 362982K(366400K)->362982K(366400K) Class: 52017K(54720K)->52017K(54720K)
[2024-05-30T12:57:40.507+0000][8599.926s][info][gc          ] GC(1548) Pause Young (Prepare Mixed) (G1 Evacuation Pause) 9293M->2056M(12288M) 43.864ms
[2024-05-30T12:57:40.507+0000][8599.926s][info][gc,cpu      ] GC(1548) User=0.26s Sys=0.01s Real=0.04s
[2024-05-30T12:57:41.170+0000][8600.589s][info][gc,start    ] GC(1549) Pause Young (Mixed) (G1 Evacuation Pause)
[2024-05-30T12:57:41.170+0000][8600.589s][info][gc,task     ] GC(1549) Using 6 workers of 6 for evacuation
[2024-05-30T12:57:41.206+0000][8600.625s][info][gc,phases   ] GC(1549)   Pre Evacuate Collection Set: 0.2ms
[2024-05-30T12:57:41.206+0000][8600.625s][info][gc,phases   ] GC(1549)   Merge Heap Roots: 0.1ms
[2024-05-30T12:57:41.206+0000][8600.625s][info][gc,phases   ] GC(1549)   Evacuate Collection Set: 34.5ms
[2024-05-30T12:57:41.206+0000][8600.625s][info][gc,phases   ] GC(1549)   Post Evacuate Collection Set: 1.2ms
[2024-05-30T12:57:41.206+0000][8600.625s][info][gc,phases   ] GC(1549)   Other: 0.2ms
[2024-05-30T12:57:41.206+0000][8600.625s][info][gc,heap     ] GC(1549) Eden regions: 59->0(915)
[2024-05-30T12:57:41.206+0000][8600.625s][info][gc,heap     ] GC(1549) Survivor regions: 17->6(10)
[2024-05-30T12:57:41.206+0000][8600.625s][info][gc,heap     ] GC(1549) Old regions: 235->228
[2024-05-30T12:57:41.206+0000][8600.625s][info][gc,heap     ] GC(1549) Archive regions: 2->2
[2024-05-30T12:57:41.206+0000][8600.625s][info][gc,heap     ] GC(1549) Humongous regions: 6->6
[2024-05-30T12:57:41.206+0000][8600.625s][info][gc,metaspace] GC(1549) Metaspace: 414999K(421120K)->414999K(421120K) NonClass: 362982K(366400K)->362982K(366400K) Class: 52017K(54720K)->52017K(54720K)
[2024-05-30T12:57:41.206+0000][8600.625s][info][gc          ] GC(1549) Pause Young (Mixed) (G1 Evacuation Pause) 2528M->1918M(12288M) 36.202ms
[2024-05-30T12:57:41.206+0000][8600.625s][info][gc,cpu      ] GC(1549) User=0.20s Sys=0.01s Real=0.03s
[2024-05-30T12:57:51.272+0000][8610.691s][info][gc,start    ] GC(1550) Pause Young (Normal) (G1 Evacuation Pause)
[2024-05-30T12:57:51.272+0000][8610.691s][info][gc,task     ] GC(1550) Using 6 workers of 6 for evacuation
[2024-05-30T12:57:51.296+0000][8610.715s][info][gc,phases   ] GC(1550)   Pre Evacuate Collection Set: 0.2ms
[2024-05-30T12:57:51.296+0000][8610.715s][info][gc,phases   ] GC(1550)   Merge Heap Roots: 0.3ms
[2024-05-30T12:57:51.296+0000][8610.715s][info][gc,phases   ] GC(1550)   Evacuate Collection Set: 22.1ms
[2024-05-30T12:57:51.296+0000][8610.715s][info][gc,phases   ] GC(1550)   Post Evacuate Collection Set: 1.7ms
[2024-05-30T12:57:51.296+0000][8610.716s][info][gc,phases   ] GC(1550)   Other: 0.2ms
[2024-05-30T12:57:51.296+0000][8610.716s][info][gc,heap     ] GC(1550) Eden regions: 915->0(911)
[2024-05-30T12:57:51.296+0000][8610.716s][info][gc,heap     ] GC(1550) Survivor regions: 6->10(116)
[2024-05-30T12:57:51.296+0000][8610.716s][info][gc,heap     ] GC(1550) Old regions: 228->228
[2024-05-30T12:57:51.296+0000][8610.716s][info][gc,heap     ] GC(1550) Archive regions: 2->2
[2024-05-30T12:57:51.296+0000][8610.716s][info][gc,heap     ] GC(1550) Humongous regions: 6->6
[2024-05-30T12:57:51.296+0000][8610.716s][info][gc,metaspace] GC(1550) Metaspace: 414999K(421120K)->414999K(421120K) NonClass: 362982K(366400K)->362982K(366400K) Class: 52017K(54720K)->52017K(54720K)
[2024-05-30T12:57:51.296+0000][8610.716s][info][gc          ] GC(1550) Pause Young (Normal) (G1 Evacuation Pause) 9238M->1946M(12288M) 24.523ms
[2024-05-30T12:57:51.296+0000][8610.716s][info][gc,cpu      ] GC(1550) User=0.14s Sys=0.00s Real=0.03s
[2024-05-30T12:58:01.002+0000][8620.422s][info][gc,start    ] GC(1551) Pause Young (Normal) (G1 Evacuation Pause)
[2024-05-30T12:58:01.003+0000][8620.422s][info][gc,task     ] GC(1551) Using 6 workers of 6 for evacuation
[2024-05-30T12:58:01.036+0000][8620.455s][info][gc,phases   ] GC(1551)   Pre Evacuate Collection Set: 0.2ms
[2024-05-30T12:58:01.036+0000][8620.455s][info][gc,phases   ] GC(1551)   Merge Heap Roots: 0.3ms
[2024-05-30T12:58:01.036+0000][8620.455s][info][gc,phases   ] GC(1551)   Evacuate Collection Set: 30.8ms
[2024-05-30T12:58:01.036+0000][8620.455s][info][gc,phases   ] GC(1551)   Post Evacuate Collection Set: 1.9ms
[2024-05-30T12:58:01.036+0000][8620.455s][info][gc,phases   ] GC(1551)   Other: 0.2ms
[2024-05-30T12:58:01.036+0000][8620.455s][info][gc,heap     ] GC(1551) Eden regions: 911->0(910)
[2024-05-30T12:58:01.036+0000][8620.455s][info][gc,heap     ] GC(1551) Survivor regions: 10->11(116)
[2024-05-30T12:58:01.036+0000][8620.455s][info][gc,heap     ] GC(1551) Old regions: 228->228
[2024-05-30T12:58:01.036+0000][8620.455s][info][gc,heap     ] GC(1551) Archive regions: 2->2
[2024-05-30T12:58:01.036+0000][8620.455s][info][gc,heap     ] GC(1551) Humongous regions: 6->6
[2024-05-30T12:58:01.036+0000][8620.455s][info][gc,metaspace] GC(1551) Metaspace: 415007K(421120K)->415007K(421120K) NonClass: 362989K(366400K)->362989K(366400K) Class: 52017K(54720K)->52017K(54720K)
[2024-05-30T12:58:01.036+0000][8620.455s][info][gc          ] GC(1551) Pause Young (Normal) (G1 Evacuation Pause) 9234M->1958M(12288M) 33.385ms
[2024-05-30T12:58:01.036+0000][8620.455s][info][gc,cpu      ] GC(1551) User=0.20s Sys=0.00s Real=0.03s
[2024-05-30T12:58:10.750+0000][8630.169s][info][gc,start    ] GC(1552) Pause Young (Concurrent Start) (G1 Evacuation Pause)
[2024-05-30T12:58:10.750+0000][8630.169s][info][gc,task     ] GC(1552) Using 6 workers of 6 for evacuation
[2024-05-30T12:58:10.785+0000][8630.204s][info][gc,phases   ] GC(1552)   Pre Evacuate Collection Set: 0.6ms
[2024-05-30T12:58:10.785+0000][8630.204s][info][gc,phases   ] GC(1552)   Merge Heap Roots: 0.2ms
[2024-05-30T12:58:10.785+0000][8630.204s][info][gc,phases   ] GC(1552)   Evacuate Collection Set: 31.7ms
[2024-05-30T12:58:10.785+0000][8630.204s][info][gc,phases   ] GC(1552)   Post Evacuate Collection Set: 1.8ms
[2024-05-30T12:58:10.785+0000][8630.204s][info][gc,phases   ] GC(1552)   Other: 0.3ms
[2024-05-30T12:58:10.785+0000][8630.204s][info][gc,heap     ] GC(1552) Eden regions: 910->0(908)
[2024-05-30T12:58:10.785+0000][8630.204s][info][gc,heap     ] GC(1552) Survivor regions: 11->13(116)
[2024-05-30T12:58:10.785+0000][8630.204s][info][gc,heap     ] GC(1552) Old regions: 228->228
[2024-05-30T12:58:10.785+0000][8630.204s][info][gc,heap     ] GC(1552) Archive regions: 2->2
[2024-05-30T12:58:10.785+0000][8630.204s][info][gc,heap     ] GC(1552) Humongous regions: 6->6
[2024-05-30T12:58:10.785+0000][8630.204s][info][gc,metaspace] GC(1552) Metaspace: 415009K(421120K)->415009K(421120K) NonClass: 362991K(366400K)->362991K(366400K) Class: 52017K(54720K)->52017K(54720K)
[2024-05-30T12:58:10.785+0000][8630.204s][info][gc          ] GC(1552) Pause Young (Concurrent Start) (G1 Evacuation Pause) 9238M->1971M(12288M) 34.691ms
[2024-05-30T12:58:10.785+0000][8630.204s][info][gc,cpu      ] GC(1552) User=0.20s Sys=0.00s Real=0.03s
[2024-05-30T12:58:10.785+0000][8630.204s][info][gc          ] GC(1553) Concurrent Mark Cycle
[2024-05-30T12:58:10.785+0000][8630.204s][info][gc,marking  ] GC(1553) Concurrent Clear Claimed Marks
[2024-05-30T12:58:10.785+0000][8630.205s][info][gc,marking  ] GC(1553) Concurrent Clear Claimed Marks 0.409ms
[2024-05-30T12:58:10.785+0000][8630.205s][info][gc,marking  ] GC(1553) Concurrent Scan Root Regions
[2024-05-30T12:58:10.811+0000][8630.231s][info][gc,marking  ] GC(1553) Concurrent Scan Root Regions 26.117ms
[2024-05-30T12:58:10.811+0000][8630.231s][info][gc,marking  ] GC(1553) Concurrent Mark
[2024-05-30T12:58:10.811+0000][8630.231s][info][gc,marking  ] GC(1553) Concurrent Mark From Roots
[2024-05-30T12:58:10.811+0000][8630.231s][info][gc,task     ] GC(1553) Using 2 workers of 2 for marking
[2024-05-30T12:58:11.971+0000][8631.390s][info][gc,marking  ] GC(1553) Concurrent Mark From Roots 1159.427ms
[2024-05-30T12:58:11.971+0000][8631.390s][info][gc,marking  ] GC(1553) Concurrent Preclean
[2024-05-30T12:58:11.972+0000][8631.391s][info][gc,marking  ] GC(1553) Concurrent Preclean 0.901ms
[2024-05-30T12:58:11.972+0000][8631.391s][info][gc,start    ] GC(1553) Pause Remark
[2024-05-30T12:58:11.993+0000][8631.413s][info][gc          ] GC(1553) Pause Remark 2811M->2811M(12288M) 21.235ms
[2024-05-30T12:58:11.993+0000][8631.413s][info][gc,cpu      ] GC(1553) User=0.09s Sys=0.00s Real=0.02s
[2024-05-30T12:58:11.994+0000][8631.413s][info][gc,marking  ] GC(1553) Concurrent Mark 1182.033ms
[2024-05-30T12:58:11.994+0000][8631.413s][info][gc,marking  ] GC(1553) Concurrent Rebuild Remembered Sets
[2024-05-30T12:58:12.725+0000][8632.145s][info][gc,marking  ] GC(1553) Concurrent Rebuild Remembered Sets 731.763ms
[2024-05-30T12:58:12.726+0000][8632.145s][info][gc,start    ] GC(1553) Pause Cleanup
[2024-05-30T12:58:12.726+0000][8632.145s][info][gc          ] GC(1553) Pause Cleanup 3315M->3315M(12288M) 0.541ms
[2024-05-30T12:58:12.726+0000][8632.145s][info][gc,cpu      ] GC(1553) User=0.00s Sys=0.00s Real=0.00s
[2024-05-30T12:58:12.726+0000][8632.145s][info][gc,marking  ] GC(1553) Concurrent Cleanup for Next Mark
[2024-05-30T12:58:12.745+0000][8632.164s][info][gc,marking  ] GC(1553) Concurrent Cleanup for Next Mark 18.343ms
[2024-05-30T12:58:12.745+0000][8632.164s][info][gc          ] GC(1553) Concurrent Mark Cycle 1959.733ms
[2024-05-30T12:58:21.030+0000][8640.449s][info][gc,start    ] GC(1554) Pause Young (Prepare Mixed) (G1 Evacuation Pause)
[2024-05-30T12:58:21.030+0000][8640.449s][info][gc,task     ] GC(1554) Using 6 workers of 6 for evacuation
[2024-05-30T12:58:21.068+0000][8640.487s][info][gc,phases   ] GC(1554)   Pre Evacuate Collection Set: 0.2ms
[2024-05-30T12:58:21.068+0000][8640.487s][info][gc,phases   ] GC(1554)   Merge Heap Roots: 0.3ms
[2024-05-30T12:58:21.068+0000][8640.487s][info][gc,phases   ] GC(1554)   Evacuate Collection Set: 35.4ms
[2024-05-30T12:58:21.068+0000][8640.487s][info][gc,phases   ] GC(1554)   Post Evacuate Collection Set: 1.8ms
[2024-05-30T12:58:21.068+0000][8640.487s][info][gc,phases   ] GC(1554)   Other: 0.2ms
[2024-05-30T12:58:21.068+0000][8640.487s][info][gc,heap     ] GC(1554) Eden regions: 908->0(60)
[2024-05-30T12:58:21.068+0000][8640.487s][info][gc,heap     ] GC(1554) Survivor regions: 13->16(116)
[2024-05-30T12:58:21.068+0000][8640.487s][info][gc,heap     ] GC(1554) Old regions: 228->228
[2024-05-30T12:58:21.068+0000][8640.487s][info][gc,heap     ] GC(1554) Archive regions: 2->2
[2024-05-30T12:58:21.068+0000][8640.487s][info][gc,heap     ] GC(1554) Humongous regions: 6->6
[2024-05-30T12:58:21.068+0000][8640.487s][info][gc,metaspace] GC(1554) Metaspace: 415009K(421120K)->415009K(421120K) NonClass: 362991K(366400K)->362991K(366400K) Class: 52017K(54720K)->52017K(54720K)
[2024-05-30T12:58:21.068+0000][8640.487s][info][gc          ] GC(1554) Pause Young (Prepare Mixed) (G1 Evacuation Pause) 9235M->1996M(12288M) 37.851ms
[2024-05-30T12:58:21.068+0000][8640.487s][info][gc,cpu      ] GC(1554) User=0.23s Sys=0.00s Real=0.03s
[2024-05-30T12:58:21.717+0000][8641.137s][info][gc,start    ] GC(1555) Pause Young (Mixed) (G1 Evacuation Pause)
[2024-05-30T12:58:21.717+0000][8641.137s][info][gc,task     ] GC(1555) Using 6 workers of 6 for evacuation
[2024-05-30T12:58:21.759+0000][8641.178s][info][gc,phases   ] GC(1555)   Pre Evacuate Collection Set: 0.2ms
[2024-05-30T12:58:21.759+0000][8641.178s][info][gc,phases   ] GC(1555)   Merge Heap Roots: 0.2ms
[2024-05-30T12:58:21.759+0000][8641.178s][info][gc,phases   ] GC(1555)   Evacuate Collection Set: 39.6ms
[2024-05-30T12:58:21.759+0000][8641.178s][info][gc,phases   ] GC(1555)   Post Evacuate Collection Set: 1.2ms
[2024-05-30T12:58:21.759+0000][8641.178s][info][gc,phases   ] GC(1555)   Other: 0.2ms
[2024-05-30T12:58:21.759+0000][8641.178s][info][gc,heap     ] GC(1555) Eden regions: 60->0(915)
[2024-05-30T12:58:21.759+0000][8641.178s][info][gc,heap     ] GC(1555) Survivor regions: 16->6(10)
[2024-05-30T12:58:21.759+0000][8641.178s][info][gc,heap     ] GC(1555) Old regions: 228->222
[2024-05-30T12:58:21.759+0000][8641.178s][info][gc,heap     ] GC(1555) Archive regions: 2->2
[2024-05-30T12:58:21.759+0000][8641.178s][info][gc,heap     ] GC(1555) Humongous regions: 6->6
[2024-05-30T12:58:21.759+0000][8641.178s][info][gc,metaspace] GC(1555) Metaspace: 415013K(421120K)->415013K(421120K) NonClass: 362996K(366400K)->362996K(366400K) Class: 52017K(54720K)->52017K(54720K)
[2024-05-30T12:58:21.759+0000][8641.178s][info][gc          ] GC(1555) Pause Young (Mixed) (G1 Evacuation Pause) 2476M->1864M(12288M) 41.337ms
[2024-05-30T12:58:21.759+0000][8641.178s][info][gc,cpu      ] GC(1555) User=0.25s Sys=0.00s Real=0.04s
[2024-05-30T12:58:31.894+0000][8651.314s][info][gc,start    ] GC(1556) Pause Young (Normal) (G1 Evacuation Pause)
[2024-05-30T12:58:31.894+0000][8651.314s][info][gc,task     ] GC(1556) Using 6 workers of 6 for evacuation
[2024-05-30T12:58:31.922+0000][8651.341s][info][gc,phases   ] GC(1556)   Pre Evacuate Collection Set: 0.2ms
[2024-05-30T12:58:31.922+0000][8651.341s][info][gc,phases   ] GC(1556)   Merge Heap Roots: 0.2ms
[2024-05-30T12:58:31.922+0000][8651.341s][info][gc,phases   ] GC(1556)   Evacuate Collection Set: 24.9ms
[2024-05-30T12:58:31.922+0000][8651.341s][info][gc,phases   ] GC(1556)   Post Evacuate Collection Set: 1.8ms
[2024-05-30T12:58:31.922+0000][8651.341s][info][gc,phases   ] GC(1556)   Other: 0.2ms
[2024-05-30T12:58:31.922+0000][8651.341s][info][gc,heap     ] GC(1556) Eden regions: 915->0(910)
[2024-05-30T12:58:31.922+0000][8651.341s][info][gc,heap     ] GC(1556) Survivor regions: 6->11(116)
[2024-05-30T12:58:31.922+0000][8651.341s][info][gc,heap     ] GC(1556) Old regions: 222->222
[2024-05-30T12:58:31.922+0000][8651.341s][info][gc,heap     ] GC(1556) Archive regions: 2->2
[2024-05-30T12:58:31.922+0000][8651.341s][info][gc,heap     ] GC(1556) Humongous regions: 6->6
[2024-05-30T12:58:31.922+0000][8651.341s][info][gc,metaspace] GC(1556) Metaspace: 415013K(421120K)->415013K(421120K) NonClass: 362996K(366400K)->362996K(366400K) Class: 52017K(54720K)->52017K(54720K)
[2024-05-30T12:58:31.922+0000][8651.341s][info][gc          ] GC(1556) Pause Young (Normal) (G1 Evacuation Pause) 9184M->1904M(12288M) 27.428ms
[2024-05-30T12:58:31.922+0000][8651.341s][info][gc,cpu      ] GC(1556) User=0.16s Sys=0.00s Real=0.03s
[2024-05-30T12:58:38.381+0000][8657.800s][info][gc,start    ] GC(1557) Pause Young (Normal) (G1 Evacuation Pause)
[2024-05-30T12:58:38.381+0000][8657.800s][info][gc,task     ] GC(1557) Using 6 workers of 6 for evacuation
[2024-05-30T12:58:38.452+0000][8657.872s][info][gc,phases   ] GC(1557)   Pre Evacuate Collection Set: 0.2ms
[2024-05-30T12:58:38.452+0000][8657.872s][info][gc,phases   ] GC(1557)   Merge Heap Roots: 0.2ms
[2024-05-30T12:58:38.452+0000][8657.872s][info][gc,phases   ] GC(1557)   Evacuate Collection Set: 57.4ms
[2024-05-30T12:58:38.452+0000][8657.872s][info][gc,phases   ] GC(1557)   Post Evacuate Collection Set: 13.5ms
[2024-05-30T12:58:38.452+0000][8657.872s][info][gc,phases   ] GC(1557)   Other: 0.2ms
[2024-05-30T12:58:38.452+0000][8657.872s][info][gc,heap     ] GC(1557) Eden regions: 910->0(906)
[2024-05-30T12:58:38.452+0000][8657.872s][info][gc,heap     ] GC(1557) Survivor regions: 11->15(116)
[2024-05-30T12:58:38.452+0000][8657.872s][info][gc,heap     ] GC(1557) Old regions: 222->222
[2024-05-30T12:58:38.452+0000][8657.872s][info][gc,heap     ] GC(1557) Archive regions: 2->2
[2024-05-30T12:58:38.452+0000][8657.872s][info][gc,heap     ] GC(1557) Humongous regions: 6->6
[2024-05-30T12:58:38.452+0000][8657.872s][info][gc,metaspace] GC(1557) Metaspace: 415013K(421120K)->415013K(421120K) NonClass: 362996K(366400K)->362996K(366400K) Class: 52017K(54720K)->52017K(54720K)
[2024-05-30T12:58:38.453+0000][8657.872s][info][gc          ] GC(1557) Pause Young (Normal) (G1 Evacuation Pause) 9184M->1937M(12288M) 71.638ms
[2024-05-30T12:58:38.453+0000][8657.872s][info][gc,cpu      ] GC(1557) User=0.42s Sys=0.00s Real=0.07s
[2024-05-30T12:58:41.251+0000][8660.670s][info][gc,start    ] GC(1558) Pause Young (Concurrent Start) (G1 Evacuation Pause)
[2024-05-30T12:58:41.251+0000][8660.670s][info][gc,task     ] GC(1558) Using 6 workers of 6 for evacuation
[2024-05-30T12:58:41.361+0000][8660.780s][info][gc,phases   ] GC(1558)   Pre Evacuate Collection Set: 0.6ms
[2024-05-30T12:58:41.361+0000][8660.780s][info][gc,phases   ] GC(1558)   Merge Heap Roots: 0.3ms
[2024-05-30T12:58:41.361+0000][8660.780s][info][gc,phases   ] GC(1558)   Evacuate Collection Set: 87.3ms
[2024-05-30T12:58:41.361+0000][8660.780s][info][gc,phases   ] GC(1558)   Post Evacuate Collection Set: 21.0ms
[2024-05-30T12:58:41.361+0000][8660.780s][info][gc,phases   ] GC(1558)   Other: 0.3ms
[2024-05-30T12:58:41.361+0000][8660.780s][info][gc,heap     ] GC(1558) Eden regions: 906->0(901)
[2024-05-30T12:58:41.361+0000][8660.780s][info][gc,heap     ] GC(1558) Survivor regions: 15->20(116)
[2024-05-30T12:58:41.361+0000][8660.780s][info][gc,heap     ] GC(1558) Old regions: 222->222
[2024-05-30T12:58:41.361+0000][8660.780s][info][gc,heap     ] GC(1558) Archive regions: 2->2
[2024-05-30T12:58:41.361+0000][8660.780s][info][gc,heap     ] GC(1558) Humongous regions: 6->6
[2024-05-30T12:58:41.361+0000][8660.780s][info][gc,metaspace] GC(1558) Metaspace: 415013K(421120K)->415013K(421120K) NonClass: 362996K(366400K)->362996K(366400K) Class: 52017K(54720K)->52017K(54720K)
[2024-05-30T12:58:41.361+0000][8660.780s][info][gc          ] GC(1558) Pause Young (Concurrent Start) (G1 Evacuation Pause) 9185M->1981M(12288M) 109.424ms
[2024-05-30T12:58:41.361+0000][8660.780s][info][gc,cpu      ] GC(1558) User=0.64s Sys=0.00s Real=0.11s
[2024-05-30T12:58:41.361+0000][8660.780s][info][gc          ] GC(1559) Concurrent Mark Cycle
[2024-05-30T12:58:41.361+0000][8660.780s][info][gc,marking  ] GC(1559) Concurrent Clear Claimed Marks
[2024-05-30T12:58:41.361+0000][8660.780s][info][gc,marking  ] GC(1559) Concurrent Clear Claimed Marks 0.443ms
[2024-05-30T12:58:41.361+0000][8660.780s][info][gc,marking  ] GC(1559) Concurrent Scan Root Regions
[2024-05-30T12:58:41.431+0000][8660.851s][info][gc,marking  ] GC(1559) Concurrent Scan Root Regions 70.141ms
[2024-05-30T12:58:41.431+0000][8660.851s][info][gc,marking  ] GC(1559) Concurrent Mark
[2024-05-30T12:58:41.431+0000][8660.851s][info][gc,marking  ] GC(1559) Concurrent Mark From Roots
[2024-05-30T12:58:41.431+0000][8660.851s][info][gc,task     ] GC(1559) Using 2 workers of 2 for marking
[2024-05-30T12:58:42.567+0000][8661.986s][info][gc,marking  ] GC(1559) Concurrent Mark From Roots 1135.391ms
[2024-05-30T12:58:42.567+0000][8661.986s][info][gc,marking  ] GC(1559) Concurrent Preclean
[2024-05-30T12:58:42.568+0000][8661.987s][info][gc,marking  ] GC(1559) Concurrent Preclean 0.927ms
[2024-05-30T12:58:42.568+0000][8661.987s][info][gc,start    ] GC(1559) Pause Remark
[2024-05-30T12:58:42.590+0000][8662.009s][info][gc          ] GC(1559) Pause Remark 4353M->4353M(12288M) 21.613ms
[2024-05-30T12:58:42.590+0000][8662.009s][info][gc,cpu      ] GC(1559) User=0.09s Sys=0.00s Real=0.03s
[2024-05-30T12:58:42.590+0000][8662.009s][info][gc,marking  ] GC(1559) Concurrent Mark 1158.376ms
[2024-05-30T12:58:42.590+0000][8662.009s][info][gc,marking  ] GC(1559) Concurrent Rebuild Remembered Sets
[2024-05-30T12:58:43.302+0000][8662.721s][info][gc,marking  ] GC(1559) Concurrent Rebuild Remembered Sets 712.410ms
[2024-05-30T12:58:43.302+0000][8662.722s][info][gc,start    ] GC(1559) Pause Cleanup
[2024-05-30T12:58:43.303+0000][8662.722s][info][gc          ] GC(1559) Pause Cleanup 5849M->5849M(12288M) 0.562ms
[2024-05-30T12:58:43.303+0000][8662.722s][info][gc,cpu      ] GC(1559) User=0.00s Sys=0.00s Real=0.00s
[2024-05-30T12:58:43.303+0000][8662.722s][info][gc,marking  ] GC(1559) Concurrent Cleanup for Next Mark
[2024-05-30T12:58:43.321+0000][8662.740s][info][gc,marking  ] GC(1559) Concurrent Cleanup for Next Mark 18.158ms
[2024-05-30T12:58:43.321+0000][8662.741s][info][gc          ] GC(1559) Concurrent Mark Cycle 1960.562ms
[2024-05-30T12:58:44.603+0000][8664.022s][info][gc,start    ] GC(1560) Pause Young (Prepare Mixed) (G1 Evacuation Pause)
[2024-05-30T12:58:44.603+0000][8664.022s][info][gc,task     ] GC(1560) Using 6 workers of 6 for evacuation
[2024-05-30T12:58:44.736+0000][8664.155s][info][gc,phases   ] GC(1560)   Pre Evacuate Collection Set: 0.2ms
[2024-05-30T12:58:44.736+0000][8664.155s][info][gc,phases   ] GC(1560)   Merge Heap Roots: 0.5ms
[2024-05-30T12:58:44.736+0000][8664.155s][info][gc,phases   ] GC(1560)   Evacuate Collection Set: 107.5ms
[2024-05-30T12:58:44.736+0000][8664.155s][info][gc,phases   ] GC(1560)   Post Evacuate Collection Set: 24.4ms
[2024-05-30T12:58:44.736+0000][8664.155s][info][gc,phases   ] GC(1560)   Other: 0.2ms
[2024-05-30T12:58:44.736+0000][8664.155s][info][gc,heap     ] GC(1560) Eden regions: 901->0(49)
[2024-05-30T12:58:44.736+0000][8664.155s][info][gc,heap     ] GC(1560) Survivor regions: 20->27(116)
[2024-05-30T12:58:44.736+0000][8664.155s][info][gc,heap     ] GC(1560) Old regions: 222->222
[2024-05-30T12:58:44.736+0000][8664.155s][info][gc,heap     ] GC(1560) Archive regions: 2->2
[2024-05-30T12:58:44.736+0000][8664.155s][info][gc,heap     ] GC(1560) Humongous regions: 6->6
[2024-05-30T12:58:44.736+0000][8664.155s][info][gc,metaspace] GC(1560) Metaspace: 415014K(421120K)->415014K(421120K) NonClass: 362997K(366400K)->362997K(366400K) Class: 52017K(54720K)->52017K(54720K)
[2024-05-30T12:58:44.736+0000][8664.155s][info][gc          ] GC(1560) Pause Young (Prepare Mixed) (G1 Evacuation Pause) 9189M->2033M(12288M) 132.821ms
[2024-05-30T12:58:44.736+0000][8664.155s][info][gc,cpu      ] GC(1560) User=0.77s Sys=0.00s Real=0.13s
[2024-05-30T12:58:44.904+0000][8664.323s][info][gc,start    ] GC(1561) Pause Young (Mixed) (G1 Evacuation Pause)
[2024-05-30T12:58:44.904+0000][8664.323s][info][gc,task     ] GC(1561) Using 6 workers of 6 for evacuation
[2024-05-30T12:58:44.988+0000][8664.407s][info][gc,phases   ] GC(1561)   Pre Evacuate Collection Set: 0.2ms
[2024-05-30T12:58:44.988+0000][8664.407s][info][gc,phases   ] GC(1561)   Merge Heap Roots: 0.2ms
[2024-05-30T12:58:44.988+0000][8664.407s][info][gc,phases   ] GC(1561)   Evacuate Collection Set: 81.4ms
[2024-05-30T12:58:44.988+0000][8664.407s][info][gc,phases   ] GC(1561)   Post Evacuate Collection Set: 2.3ms
[2024-05-30T12:58:44.988+0000][8664.407s][info][gc,phases   ] GC(1561)   Other: 0.2ms
[2024-05-30T12:58:44.988+0000][8664.407s][info][gc,heap     ] GC(1561) Eden regions: 49->0(918)
[2024-05-30T12:58:44.988+0000][8664.407s][info][gc,heap     ] GC(1561) Survivor regions: 27->3(10)
[2024-05-30T12:58:44.988+0000][8664.407s][info][gc,heap     ] GC(1561) Old regions: 222->229
[2024-05-30T12:58:44.988+0000][8664.407s][info][gc,heap     ] GC(1561) Archive regions: 2->2
[2024-05-30T12:58:44.988+0000][8664.407s][info][gc,heap     ] GC(1561) Humongous regions: 6->6
[2024-05-30T12:58:44.988+0000][8664.407s][info][gc,metaspace] GC(1561) Metaspace: 415014K(421120K)->415014K(421120K) NonClass: 362997K(366400K)->362997K(366400K) Class: 52017K(54720K)->52017K(54720K)
[2024-05-30T12:58:44.988+0000][8664.407s][info][gc          ] GC(1561) Pause Young (Mixed) (G1 Evacuation Pause) 2425M->1907M(12288M) 84.372ms
[2024-05-30T12:58:44.988+0000][8664.407s][info][gc,cpu      ] GC(1561) User=0.50s Sys=0.00s Real=0.08s
[2024-05-30T12:58:47.945+0000][8667.364s][info][gc,start    ] GC(1562) Pause Young (Normal) (G1 Evacuation Pause)
[2024-05-30T12:58:47.945+0000][8667.364s][info][gc,task     ] GC(1562) Using 6 workers of 6 for evacuation
[2024-05-30T12:58:48.026+0000][8667.445s][info][gc,phases   ] GC(1562)   Pre Evacuate Collection Set: 0.2ms
[2024-05-30T12:58:48.026+0000][8667.445s][info][gc,phases   ] GC(1562)   Merge Heap Roots: 0.3ms
[2024-05-30T12:58:48.026+0000][8667.445s][info][gc,phases   ] GC(1562)   Evacuate Collection Set: 61.6ms
[2024-05-30T12:58:48.026+0000][8667.445s][info][gc,phases   ] GC(1562)   Post Evacuate Collection Set: 18.7ms
[2024-05-30T12:58:48.026+0000][8667.445s][info][gc,phases   ] GC(1562)   Other: 0.2ms
[2024-05-30T12:58:48.026+0000][8667.445s][info][gc,heap     ] GC(1562) Eden regions: 918->0(914)
[2024-05-30T12:58:48.026+0000][8667.445s][info][gc,heap     ] GC(1562) Survivor regions: 3->7(116)
[2024-05-30T12:58:48.026+0000][8667.445s][info][gc,heap     ] GC(1562) Old regions: 229->229
[2024-05-30T12:58:48.026+0000][8667.445s][info][gc,heap     ] GC(1562) Archive regions: 2->2
[2024-05-30T12:58:48.026+0000][8667.445s][info][gc,heap     ] GC(1562) Humongous regions: 6->6
[2024-05-30T12:58:48.026+0000][8667.445s][info][gc,metaspace] GC(1562) Metaspace: 415014K(421120K)->415014K(421120K) NonClass: 362997K(366400K)->362997K(366400K) Class: 52017K(54720K)->52017K(54720K)
[2024-05-30T12:58:48.026+0000][8667.445s][info][gc          ] GC(1562) Pause Young (Normal) (G1 Evacuation Pause) 9251M->1937M(12288M) 81.171ms
[2024-05-30T12:58:48.026+0000][8667.445s][info][gc,cpu      ] GC(1562) User=0.47s Sys=0.00s Real=0.08s
[2024-05-30T12:58:50.662+0000][8670.081s][info][gc,start    ] GC(1563) Pause Young (Normal) (G1 Evacuation Pause)
[2024-05-30T12:58:50.662+0000][8670.081s][info][gc,task     ] GC(1563) Using 6 workers of 6 for evacuation
[2024-05-30T12:58:50.760+0000][8670.179s][info][gc,phases   ] GC(1563)   Pre Evacuate Collection Set: 0.2ms
[2024-05-30T12:58:50.760+0000][8670.179s][info][gc,phases   ] GC(1563)   Merge Heap Roots: 0.3ms
[2024-05-30T12:58:50.760+0000][8670.179s][info][gc,phases   ] GC(1563)   Evacuate Collection Set: 77.5ms
[2024-05-30T12:58:50.760+0000][8670.179s][info][gc,phases   ] GC(1563)   Post Evacuate Collection Set: 20.0ms
[2024-05-30T12:58:50.760+0000][8670.179s][info][gc,phases   ] GC(1563)   Other: 0.2ms
[2024-05-30T12:58:50.760+0000][8670.179s][info][gc,heap     ] GC(1563) Eden regions: 914->0(908)
[2024-05-30T12:58:50.760+0000][8670.179s][info][gc,heap     ] GC(1563) Survivor regions: 7->13(116)
[2024-05-30T12:58:50.760+0000][8670.179s][info][gc,heap     ] GC(1563) Old regions: 229->229
[2024-05-30T12:58:50.760+0000][8670.179s][info][gc,heap     ] GC(1563) Archive regions: 2->2
[2024-05-30T12:58:50.760+0000][8670.179s][info][gc,heap     ] GC(1563) Humongous regions: 6->6
[2024-05-30T12:58:50.760+0000][8670.179s][info][gc,metaspace] GC(1563) Metaspace: 415014K(421120K)->415014K(421120K) NonClass: 362997K(366400K)->362997K(366400K) Class: 52017K(54720K)->52017K(54720K)
[2024-05-30T12:58:50.760+0000][8670.179s][info][gc          ] GC(1563) Pause Young (Normal) (G1 Evacuation Pause) 9249M->1984M(12288M) 98.288ms
[2024-05-30T12:58:50.760+0000][8670.179s][info][gc,cpu      ] GC(1563) User=0.56s Sys=0.01s Real=0.10s
[2024-05-30T12:58:53.439+0000][8672.859s][info][gc,start    ] GC(1564) Pause Young (Concurrent Start) (G1 Evacuation Pause)
[2024-05-30T12:58:53.440+0000][8672.859s][info][gc,task     ] GC(1564) Using 6 workers of 6 for evacuation
[2024-05-30T12:58:53.562+0000][8672.982s][info][gc,phases   ] GC(1564)   Pre Evacuate Collection Set: 0.5ms
[2024-05-30T12:58:53.562+0000][8672.982s][info][gc,phases   ] GC(1564)   Merge Heap Roots: 0.4ms
[2024-05-30T12:58:53.562+0000][8672.982s][info][gc,phases   ] GC(1564)   Evacuate Collection Set: 98.7ms
[2024-05-30T12:58:53.562+0000][8672.982s][info][gc,phases   ] GC(1564)   Post Evacuate Collection Set: 22.9ms
[2024-05-30T12:58:53.562+0000][8672.982s][info][gc,phases   ] GC(1564)   Other: 0.3ms
[2024-05-30T12:58:53.562+0000][8672.982s][info][gc,heap     ] GC(1564) Eden regions: 908->0(901)
[2024-05-30T12:58:53.562+0000][8672.982s][info][gc,heap     ] GC(1564) Survivor regions: 13->20(116)
[2024-05-30T12:58:53.562+0000][8672.982s][info][gc,heap     ] GC(1564) Old regions: 229->229
[2024-05-30T12:58:53.562+0000][8672.982s][info][gc,heap     ] GC(1564) Archive regions: 2->2
[2024-05-30T12:58:53.562+0000][8672.982s][info][gc,heap     ] GC(1564) Humongous regions: 6->6
[2024-05-30T12:58:53.562+0000][8672.982s][info][gc,metaspace] GC(1564) Metaspace: 415018K(421120K)->415018K(421120K) NonClass: 363000K(366400K)->363000K(366400K) Class: 52017K(54720K)->52017K(54720K)
[2024-05-30T12:58:53.562+0000][8672.982s][info][gc          ] GC(1564) Pause Young (Concurrent Start) (G1 Evacuation Pause) 9248M->2041M(12288M) 122.909ms
[2024-05-30T12:58:53.562+0000][8672.982s][info][gc,cpu      ] GC(1564) User=0.71s Sys=0.00s Real=0.12s
[2024-05-30T12:58:53.562+0000][8672.982s][info][gc          ] GC(1565) Concurrent Mark Cycle
[2024-05-30T12:58:53.563+0000][8672.982s][info][gc,marking  ] GC(1565) Concurrent Clear Claimed Marks
[2024-05-30T12:58:53.563+0000][8672.982s][info][gc,marking  ] GC(1565) Concurrent Clear Claimed Marks 0.508ms
[2024-05-30T12:58:53.563+0000][8672.982s][info][gc,marking  ] GC(1565) Concurrent Scan Root Regions
[2024-05-30T12:58:53.626+0000][8673.046s][info][gc,marking  ] GC(1565) Concurrent Scan Root Regions 63.338ms
[2024-05-30T12:58:53.626+0000][8673.046s][info][gc,marking  ] GC(1565) Concurrent Mark
[2024-05-30T12:58:53.626+0000][8673.046s][info][gc,marking  ] GC(1565) Concurrent Mark From Roots
[2024-05-30T12:58:53.626+0000][8673.046s][info][gc,task     ] GC(1565) Using 2 workers of 2 for marking
[2024-05-30T12:58:54.839+0000][8674.258s][info][gc,marking  ] GC(1565) Concurrent Mark From Roots 1212.217ms
[2024-05-30T12:58:54.839+0000][8674.258s][info][gc,marking  ] GC(1565) Concurrent Preclean
[2024-05-30T12:58:54.840+0000][8674.259s][info][gc,marking  ] GC(1565) Concurrent Preclean 1.113ms
[2024-05-30T12:58:54.840+0000][8674.259s][info][gc,start    ] GC(1565) Pause Remark
[2024-05-30T12:58:54.861+0000][8674.281s][info][gc          ] GC(1565) Pause Remark 4525M->4525M(12288M) 21.268ms
[2024-05-30T12:58:54.861+0000][8674.281s][info][gc,cpu      ] GC(1565) User=0.09s Sys=0.00s Real=0.02s
[2024-05-30T12:58:54.861+0000][8674.281s][info][gc,marking  ] GC(1565) Concurrent Mark 1235.000ms
[2024-05-30T12:58:54.861+0000][8674.281s][info][gc,marking  ] GC(1565) Concurrent Rebuild Remembered Sets
[2024-05-30T12:58:55.572+0000][8674.992s][info][gc,marking  ] GC(1565) Concurrent Rebuild Remembered Sets 710.902ms
[2024-05-30T12:58:55.573+0000][8674.992s][info][gc,start    ] GC(1565) Pause Cleanup
[2024-05-30T12:58:55.573+0000][8674.992s][info][gc          ] GC(1565) Pause Cleanup 6281M->6281M(12288M) 0.495ms
[2024-05-30T12:58:55.573+0000][8674.992s][info][gc,cpu      ] GC(1565) User=0.01s Sys=0.00s Real=0.00s
[2024-05-30T12:58:55.573+0000][8674.992s][info][gc,marking  ] GC(1565) Concurrent Cleanup for Next Mark
[2024-05-30T12:58:55.590+0000][8675.010s][info][gc,marking  ] GC(1565) Concurrent Cleanup for Next Mark 17.150ms
[2024-05-30T12:58:55.590+0000][8675.010s][info][gc          ] GC(1565) Concurrent Mark Cycle 2027.886ms
[2024-05-30T12:58:56.704+0000][8676.123s][info][gc,start    ] GC(1566) Pause Young (Prepare Mixed) (G1 Evacuation Pause)
[2024-05-30T12:58:56.704+0000][8676.123s][info][gc,task     ] GC(1566) Using 6 workers of 6 for evacuation
[2024-05-30T12:58:56.850+0000][8676.270s][info][gc,phases   ] GC(1566)   Pre Evacuate Collection Set: 0.2ms
[2024-05-30T12:58:56.851+0000][8676.270s][info][gc,phases   ] GC(1566)   Merge Heap Roots: 0.9ms
[2024-05-30T12:58:56.851+0000][8676.270s][info][gc,phases   ] GC(1566)   Evacuate Collection Set: 121.3ms
[2024-05-30T12:58:56.851+0000][8676.270s][info][gc,phases   ] GC(1566)   Post Evacuate Collection Set: 24.1ms
[2024-05-30T12:58:56.851+0000][8676.270s][info][gc,phases   ] GC(1566)   Other: 0.2ms
[2024-05-30T12:58:56.851+0000][8676.270s][info][gc,heap     ] GC(1566) Eden regions: 901->0(49)
[2024-05-30T12:58:56.851+0000][8676.270s][info][gc,heap     ] GC(1566) Survivor regions: 20->27(116)
[2024-05-30T12:58:56.851+0000][8676.270s][info][gc,heap     ] GC(1566) Old regions: 229->229
[2024-05-30T12:58:56.851+0000][8676.270s][info][gc,heap     ] GC(1566) Archive regions: 2->2
[2024-05-30T12:58:56.851+0000][8676.270s][info][gc,heap     ] GC(1566) Humongous regions: 6->6
[2024-05-30T12:58:56.851+0000][8676.270s][info][gc,metaspace] GC(1566) Metaspace: 415018K(421120K)->415018K(421120K) NonClass: 363000K(366400K)->363000K(366400K) Class: 52017K(54720K)->52017K(54720K)
[2024-05-30T12:58:56.851+0000][8676.270s][info][gc          ] GC(1566) Pause Young (Prepare Mixed) (G1 Evacuation Pause) 9249M->2095M(12288M) 146.784ms
[2024-05-30T12:58:56.851+0000][8676.270s][info][gc,cpu      ] GC(1566) User=0.85s Sys=0.00s Real=0.15s
[2024-05-30T12:58:57.031+0000][8676.450s][info][gc,start    ] GC(1567) Pause Young (Mixed) (G1 Evacuation Pause)
[2024-05-30T12:58:57.031+0000][8676.450s][info][gc,task     ] GC(1567) Using 6 workers of 6 for evacuation
[2024-05-30T12:58:57.121+0000][8676.540s][info][gc,phases   ] GC(1567)   Pre Evacuate Collection Set: 0.2ms
[2024-05-30T12:58:57.121+0000][8676.540s][info][gc,phases   ] GC(1567)   Merge Heap Roots: 0.3ms
[2024-05-30T12:58:57.121+0000][8676.540s][info][gc,phases   ] GC(1567)   Evacuate Collection Set: 86.5ms
[2024-05-30T12:58:57.121+0000][8676.540s][info][gc,phases   ] GC(1567)   Post Evacuate Collection Set: 2.5ms
[2024-05-30T12:58:57.121+0000][8676.540s][info][gc,phases   ] GC(1567)   Other: 0.2ms
[2024-05-30T12:58:57.121+0000][8676.540s][info][gc,heap     ] GC(1567) Eden regions: 49->0(918)
[2024-05-30T12:58:57.121+0000][8676.540s][info][gc,heap     ] GC(1567) Survivor regions: 27->3(10)
[2024-05-30T12:58:57.121+0000][8676.540s][info][gc,heap     ] GC(1567) Old regions: 229->237
[2024-05-30T12:58:57.121+0000][8676.540s][info][gc,heap     ] GC(1567) Archive regions: 2->2
[2024-05-30T12:58:57.121+0000][8676.540s][info][gc,heap     ] GC(1567) Humongous regions: 6->6
[2024-05-30T12:58:57.121+0000][8676.540s][info][gc,metaspace] GC(1567) Metaspace: 415018K(421120K)->415018K(421120K) NonClass: 363000K(366400K)->363000K(366400K) Class: 52017K(54720K)->52017K(54720K)
[2024-05-30T12:58:57.121+0000][8676.540s][info][gc          ] GC(1567) Pause Young (Mixed) (G1 Evacuation Pause) 2487M->1971M(12288M) 89.665ms
[2024-05-30T12:58:57.121+0000][8676.540s][info][gc,cpu      ] GC(1567) User=0.53s Sys=0.00s Real=0.09s
[2024-05-30T12:58:59.610+0000][8679.030s][info][gc,start    ] GC(1568) Pause Young (Normal) (G1 Evacuation Pause)
[2024-05-30T12:58:59.610+0000][8679.030s][info][gc,task     ] GC(1568) Using 6 workers of 6 for evacuation
[2024-05-30T12:58:59.672+0000][8679.092s][info][gc,phases   ] GC(1568)   Pre Evacuate Collection Set: 0.2ms
[2024-05-30T12:58:59.673+0000][8679.092s][info][gc,phases   ] GC(1568)   Merge Heap Roots: 0.3ms
[2024-05-30T12:58:59.673+0000][8679.092s][info][gc,phases   ] GC(1568)   Evacuate Collection Set: 47.1ms
[2024-05-30T12:58:59.673+0000][8679.092s][info][gc,phases   ] GC(1568)   Post Evacuate Collection Set: 14.4ms
[2024-05-30T12:58:59.673+0000][8679.092s][info][gc,phases   ] GC(1568)   Other: 0.2ms
[2024-05-30T12:58:59.673+0000][8679.092s][info][gc,heap     ] GC(1568) Eden regions: 918->0(915)
[2024-05-30T12:58:59.673+0000][8679.092s][info][gc,heap     ] GC(1568) Survivor regions: 3->6(116)
[2024-05-30T12:58:59.673+0000][8679.092s][info][gc,heap     ] GC(1568) Old regions: 237->237
[2024-05-30T12:58:59.673+0000][8679.092s][info][gc,heap     ] GC(1568) Archive regions: 2->2
[2024-05-30T12:58:59.673+0000][8679.092s][info][gc,heap     ] GC(1568) Humongous regions: 6->6
[2024-05-30T12:58:59.673+0000][8679.092s][info][gc,metaspace] GC(1568) Metaspace: 415018K(421120K)->415018K(421120K) NonClass: 363000K(366400K)->363000K(366400K) Class: 52017K(54720K)->52017K(54720K)
[2024-05-30T12:58:59.673+0000][8679.092s][info][gc          ] GC(1568) Pause Young (Normal) (G1 Evacuation Pause) 9315M->1990M(12288M) 62.294ms
[2024-05-30T12:58:59.673+0000][8679.092s][info][gc,cpu      ] GC(1568) User=0.36s Sys=0.00s Real=0.06s
[2024-05-30T12:59:02.466+0000][8681.885s][info][gc,start    ] GC(1569) Pause Young (Normal) (G1 Evacuation Pause)
[2024-05-30T12:59:02.466+0000][8681.886s][info][gc,task     ] GC(1569) Using 6 workers of 6 for evacuation
[2024-05-30T12:59:02.560+0000][8681.979s][info][gc,phases   ] GC(1569)   Pre Evacuate Collection Set: 0.2ms
[2024-05-30T12:59:02.560+0000][8681.979s][info][gc,phases   ] GC(1569)   Merge Heap Roots: 0.4ms
[2024-05-30T12:59:02.560+0000][8681.979s][info][gc,phases   ] GC(1569)   Evacuate Collection Set: 73.3ms
[2024-05-30T12:59:02.560+0000][8681.979s][info][gc,phases   ] GC(1569)   Post Evacuate Collection Set: 19.3ms
[2024-05-30T12:59:02.560+0000][8681.979s][info][gc,phases   ] GC(1569)   Other: 0.2ms
[2024-05-30T12:59:02.560+0000][8681.979s][info][gc,heap     ] GC(1569) Eden regions: 915->0(911)
[2024-05-30T12:59:02.560+0000][8681.979s][info][gc,heap     ] GC(1569) Survivor regions: 6->10(116)
[2024-05-30T12:59:02.560+0000][8681.979s][info][gc,heap     ] GC(1569) Old regions: 237->237
[2024-05-30T12:59:02.560+0000][8681.979s][info][gc,heap     ] GC(1569) Archive regions: 2->2
[2024-05-30T12:59:02.560+0000][8681.979s][info][gc,heap     ] GC(1569) Humongous regions: 6->6
[2024-05-30T12:59:02.560+0000][8681.979s][info][gc,metaspace] GC(1569) Metaspace: 415018K(421120K)->415018K(421120K) NonClass: 363000K(366400K)->363000K(366400K) Class: 52017K(54720K)->52017K(54720K)
[2024-05-30T12:59:02.560+0000][8681.979s][info][gc          ] GC(1569) Pause Young (Normal) (G1 Evacuation Pause) 9310M->2026M(12288M) 93.412ms
[2024-05-30T12:59:02.560+0000][8681.979s][info][gc,cpu      ] GC(1569) User=0.54s Sys=0.01s Real=0.10s
[2024-05-30T12:59:08.177+0000][8687.596s][info][gc,start    ] GC(1570) Pause Young (Concurrent Start) (G1 Evacuation Pause)
[2024-05-30T12:59:08.177+0000][8687.596s][info][gc,task     ] GC(1570) Using 6 workers of 6 for evacuation
[2024-05-30T12:59:08.252+0000][8687.672s][info][gc,phases   ] GC(1570)   Pre Evacuate Collection Set: 0.6ms
[2024-05-30T12:59:08.252+0000][8687.672s][info][gc,phases   ] GC(1570)   Merge Heap Roots: 0.9ms
[2024-05-30T12:59:08.252+0000][8687.672s][info][gc,phases   ] GC(1570)   Evacuate Collection Set: 65.9ms
[2024-05-30T12:59:08.252+0000][8687.672s][info][gc,phases   ] GC(1570)   Post Evacuate Collection Set: 7.6ms
[2024-05-30T12:59:08.252+0000][8687.672s][info][gc,phases   ] GC(1570)   Other: 0.3ms
[2024-05-30T12:59:08.252+0000][8687.672s][info][gc,heap     ] GC(1570) Eden regions: 911->0(907)
[2024-05-30T12:59:08.252+0000][8687.672s][info][gc,heap     ] GC(1570) Survivor regions: 10->14(116)
[2024-05-30T12:59:08.252+0000][8687.672s][info][gc,heap     ] GC(1570) Old regions: 237->237
[2024-05-30T12:59:08.252+0000][8687.672s][info][gc,heap     ] GC(1570) Archive regions: 2->2
[2024-05-30T12:59:08.252+0000][8687.672s][info][gc,heap     ] GC(1570) Humongous regions: 6->6
[2024-05-30T12:59:08.252+0000][8687.672s][info][gc,metaspace] GC(1570) Metaspace: 415018K(421120K)->415018K(421120K) NonClass: 363000K(366400K)->363000K(366400K) Class: 52017K(54720K)->52017K(54720K)
[2024-05-30T12:59:08.252+0000][8687.672s][info][gc          ] GC(1570) Pause Young (Concurrent Start) (G1 Evacuation Pause) 9314M->2058M(12288M) 75.424ms
[2024-05-30T12:59:08.253+0000][8687.672s][info][gc,cpu      ] GC(1570) User=0.44s Sys=0.00s Real=0.07s
[2024-05-30T12:59:08.253+0000][8687.672s][info][gc          ] GC(1571) Concurrent Mark Cycle
[2024-05-30T12:59:08.253+0000][8687.672s][info][gc,marking  ] GC(1571) Concurrent Clear Claimed Marks
[2024-05-30T12:59:08.253+0000][8687.672s][info][gc,marking  ] GC(1571) Concurrent Clear Claimed Marks 0.421ms
[2024-05-30T12:59:08.253+0000][8687.672s][info][gc,marking  ] GC(1571) Concurrent Scan Root Regions
[2024-05-30T12:59:08.291+0000][8687.711s][info][gc,marking  ] GC(1571) Concurrent Scan Root Regions 38.371ms
[2024-05-30T12:59:08.291+0000][8687.711s][info][gc,marking  ] GC(1571) Concurrent Mark
[2024-05-30T12:59:08.291+0000][8687.711s][info][gc,marking  ] GC(1571) Concurrent Mark From Roots
[2024-05-30T12:59:08.291+0000][8687.711s][info][gc,task     ] GC(1571) Using 2 workers of 2 for marking
[2024-05-30T12:59:09.294+0000][8688.713s][info][gc,marking  ] GC(1571) Concurrent Mark From Roots 1002.763ms
[2024-05-30T12:59:09.294+0000][8688.714s][info][gc,marking  ] GC(1571) Concurrent Preclean
[2024-05-30T12:59:09.295+0000][8688.714s][info][gc,marking  ] GC(1571) Concurrent Preclean 0.910ms
[2024-05-30T12:59:09.295+0000][8688.715s][info][gc,start    ] GC(1571) Pause Remark
[2024-05-30T12:59:09.317+0000][8688.736s][info][gc          ] GC(1571) Pause Remark 2774M->2774M(12288M) 21.185ms
[2024-05-30T12:59:09.317+0000][8688.736s][info][gc,cpu      ] GC(1571) User=0.09s Sys=0.00s Real=0.03s
[2024-05-30T12:59:09.317+0000][8688.736s][info][gc,marking  ] GC(1571) Concurrent Mark 1025.321ms
[2024-05-30T12:59:09.317+0000][8688.736s][info][gc,marking  ] GC(1571) Concurrent Rebuild Remembered Sets
[2024-05-30T12:59:09.966+0000][8689.385s][info][gc,marking  ] GC(1571) Concurrent Rebuild Remembered Sets 648.710ms
[2024-05-30T12:59:09.966+0000][8689.385s][info][gc,start    ] GC(1571) Pause Cleanup
[2024-05-30T12:59:09.966+0000][8689.385s][info][gc          ] GC(1571) Pause Cleanup 3222M->3222M(12288M) 0.546ms
[2024-05-30T12:59:09.966+0000][8689.386s][info][gc,cpu      ] GC(1571) User=0.00s Sys=0.00s Real=0.00s
[2024-05-30T12:59:09.966+0000][8689.386s][info][gc,marking  ] GC(1571) Concurrent Cleanup for Next Mark
[2024-05-30T12:59:09.984+0000][8689.404s][info][gc,marking  ] GC(1571) Concurrent Cleanup for Next Mark 18.049ms
[2024-05-30T12:59:09.984+0000][8689.404s][info][gc          ] GC(1571) Concurrent Mark Cycle 1731.899ms
[2024-05-30T12:59:18.287+0000][8697.706s][info][gc,start    ] GC(1572) Pause Young (Prepare Mixed) (G1 Evacuation Pause)
[2024-05-30T12:59:18.287+0000][8697.706s][info][gc,task     ] GC(1572) Using 6 workers of 6 for evacuation
[2024-05-30T12:59:18.338+0000][8697.757s][info][gc,phases   ] GC(1572)   Pre Evacuate Collection Set: 0.2ms
[2024-05-30T12:59:18.338+0000][8697.757s][info][gc,phases   ] GC(1572)   Merge Heap Roots: 0.4ms
[2024-05-30T12:59:18.338+0000][8697.757s][info][gc,phases   ] GC(1572)   Evacuate Collection Set: 48.8ms
[2024-05-30T12:59:18.338+0000][8697.757s][info][gc,phases   ] GC(1572)   Post Evacuate Collection Set: 1.8ms
[2024-05-30T12:59:18.338+0000][8697.757s][info][gc,phases   ] GC(1572)   Other: 0.2ms
[2024-05-30T12:59:18.338+0000][8697.758s][info][gc,heap     ] GC(1572) Eden regions: 907->0(59)
[2024-05-30T12:59:18.338+0000][8697.758s][info][gc,heap     ] GC(1572) Survivor regions: 14->17(116)
[2024-05-30T12:59:18.338+0000][8697.758s][info][gc,heap     ] GC(1572) Old regions: 237->237
[2024-05-30T12:59:18.338+0000][8697.758s][info][gc,heap     ] GC(1572) Archive regions: 2->2
[2024-05-30T12:59:18.338+0000][8697.758s][info][gc,heap     ] GC(1572) Humongous regions: 6->6
[2024-05-30T12:59:18.338+0000][8697.758s][info][gc,metaspace] GC(1572) Metaspace: 415018K(421120K)->415018K(421120K) NonClass: 363000K(366400K)->363000K(366400K) Class: 52017K(54720K)->52017K(54720K)
[2024-05-30T12:59:18.338+0000][8697.758s][info][gc          ] GC(1572) Pause Young (Prepare Mixed) (G1 Evacuation Pause) 9314M->2078M(12288M) 51.368ms
[2024-05-30T12:59:18.338+0000][8697.758s][info][gc,cpu      ] GC(1572) User=0.30s Sys=0.01s Real=0.06s
[2024-05-30T12:59:18.973+0000][8698.393s][info][gc,start    ] GC(1573) Pause Young (Mixed) (G1 Evacuation Pause)
[2024-05-30T12:59:18.973+0000][8698.393s][info][gc,task     ] GC(1573) Using 6 workers of 6 for evacuation
[2024-05-30T12:59:19.024+0000][8698.443s][info][gc,phases   ] GC(1573)   Pre Evacuate Collection Set: 0.2ms
[2024-05-30T12:59:19.024+0000][8698.443s][info][gc,phases   ] GC(1573)   Merge Heap Roots: 0.2ms
[2024-05-30T12:59:19.024+0000][8698.443s][info][gc,phases   ] GC(1573)   Evacuate Collection Set: 49.1ms
[2024-05-30T12:59:19.024+0000][8698.443s][info][gc,phases   ] GC(1573)   Post Evacuate Collection Set: 1.2ms
[2024-05-30T12:59:19.024+0000][8698.443s][info][gc,phases   ] GC(1573)   Other: 0.2ms
[2024-05-30T12:59:19.024+0000][8698.443s][info][gc,heap     ] GC(1573) Eden regions: 59->0(916)
[2024-05-30T12:59:19.024+0000][8698.443s][info][gc,heap     ] GC(1573) Survivor regions: 17->5(10)
[2024-05-30T12:59:19.024+0000][8698.443s][info][gc,heap     ] GC(1573) Old regions: 237->223
[2024-05-30T12:59:19.024+0000][8698.443s][info][gc,heap     ] GC(1573) Archive regions: 2->2
[2024-05-30T12:59:19.024+0000][8698.443s][info][gc,heap     ] GC(1573) Humongous regions: 6->6
[2024-05-30T12:59:19.024+0000][8698.443s][info][gc,metaspace] GC(1573) Metaspace: 415018K(421120K)->415018K(421120K) NonClass: 363000K(366400K)->363000K(366400K) Class: 52017K(54720K)->52017K(54720K)
[2024-05-30T12:59:19.024+0000][8698.443s][info][gc          ] GC(1573) Pause Young (Mixed) (G1 Evacuation Pause) 2550M->1875M(12288M) 50.903ms
[2024-05-30T12:59:19.024+0000][8698.443s][info][gc,cpu      ] GC(1573) User=0.31s Sys=0.00s Real=0.05s
[2024-05-30T12:59:29.126+0000][8708.545s][info][gc,start    ] GC(1574) Pause Young (Normal) (G1 Evacuation Pause)
[2024-05-30T12:59:29.126+0000][8708.545s][info][gc,task     ] GC(1574) Using 6 workers of 6 for evacuation
[2024-05-30T12:59:29.147+0000][8708.567s][info][gc,phases   ] GC(1574)   Pre Evacuate Collection Set: 0.2ms
[2024-05-30T12:59:29.147+0000][8708.567s][info][gc,phases   ] GC(1574)   Merge Heap Roots: 0.2ms
[2024-05-30T12:59:29.147+0000][8708.567s][info][gc,phases   ] GC(1574)   Evacuate Collection Set: 18.9ms
[2024-05-30T12:59:29.147+0000][8708.567s][info][gc,phases   ] GC(1574)   Post Evacuate Collection Set: 1.8ms
[2024-05-30T12:59:29.147+0000][8708.567s][info][gc,phases   ] GC(1574)   Other: 0.2ms
[2024-05-30T12:59:29.147+0000][8708.567s][info][gc,heap     ] GC(1574) Eden regions: 916->0(913)
[2024-05-30T12:59:29.147+0000][8708.567s][info][gc,heap     ] GC(1574) Survivor regions: 5->8(116)
[2024-05-30T12:59:29.147+0000][8708.567s][info][gc,heap     ] GC(1574) Old regions: 223->223
[2024-05-30T12:59:29.147+0000][8708.567s][info][gc,heap     ] GC(1574) Archive regions: 2->2
[2024-05-30T12:59:29.147+0000][8708.567s][info][gc,heap     ] GC(1574) Humongous regions: 6->6
[2024-05-30T12:59:29.147+0000][8708.567s][info][gc,metaspace] GC(1574) Metaspace: 415021K(421120K)->415021K(421120K) NonClass: 363003K(366400K)->363003K(366400K) Class: 52017K(54720K)->52017K(54720K)
[2024-05-30T12:59:29.147+0000][8708.567s][info][gc          ] GC(1574) Pause Young (Normal) (G1 Evacuation Pause) 9203M->1899M(12288M) 21.365ms
[2024-05-30T12:59:29.147+0000][8708.567s][info][gc,cpu      ] GC(1574) User=0.12s Sys=0.00s Real=0.02s
[2024-05-30T12:59:39.180+0000][8718.599s][info][gc,start    ] GC(1575) Pause Young (Normal) (G1 Evacuation Pause)
[2024-05-30T12:59:39.180+0000][8718.599s][info][gc,task     ] GC(1575) Using 6 workers of 6 for evacuation
[2024-05-30T12:59:39.207+0000][8718.626s][info][gc,phases   ] GC(1575)   Pre Evacuate Collection Set: 0.2ms
[2024-05-30T12:59:39.207+0000][8718.626s][info][gc,phases   ] GC(1575)   Merge Heap Roots: 0.2ms
[2024-05-30T12:59:39.207+0000][8718.626s][info][gc,phases   ] GC(1575)   Evacuate Collection Set: 25.2ms
[2024-05-30T12:59:39.207+0000][8718.626s][info][gc,phases   ] GC(1575)   Post Evacuate Collection Set: 1.7ms
[2024-05-30T12:59:39.207+0000][8718.626s][info][gc,phases   ] GC(1575)   Other: 0.2ms
[2024-05-30T12:59:39.207+0000][8718.626s][info][gc,heap     ] GC(1575) Eden regions: 913->0(909)
[2024-05-30T12:59:39.207+0000][8718.626s][info][gc,heap     ] GC(1575) Survivor regions: 8->12(116)
[2024-05-30T12:59:39.207+0000][8718.626s][info][gc,heap     ] GC(1575) Old regions: 223->223
[2024-05-30T12:59:39.207+0000][8718.626s][info][gc,heap     ] GC(1575) Archive regions: 2->2
[2024-05-30T12:59:39.207+0000][8718.626s][info][gc,heap     ] GC(1575) Humongous regions: 6->6
[2024-05-30T12:59:39.207+0000][8718.626s][info][gc,metaspace] GC(1575) Metaspace: 415022K(421120K)->415022K(421120K) NonClass: 363004K(366400K)->363004K(366400K) Class: 52017K(54720K)->52017K(54720K)
[2024-05-30T12:59:39.207+0000][8718.626s][info][gc          ] GC(1575) Pause Young (Normal) (G1 Evacuation Pause) 9203M->1931M(12288M) 27.606ms
[2024-05-30T12:59:39.207+0000][8718.626s][info][gc,cpu      ] GC(1575) User=0.16s Sys=0.00s Real=0.02s
[2024-05-30T12:59:49.290+0000][8728.709s][info][gc,start    ] GC(1576) Pause Young (Concurrent Start) (G1 Evacuation Pause)
[2024-05-30T12:59:49.290+0000][8728.709s][info][gc,task     ] GC(1576) Using 6 workers of 6 for evacuation
[2024-05-30T12:59:49.326+0000][8728.745s][info][gc,phases   ] GC(1576)   Pre Evacuate Collection Set: 0.6ms
[2024-05-30T12:59:49.326+0000][8728.745s][info][gc,phases   ] GC(1576)   Merge Heap Roots: 0.2ms
[2024-05-30T12:59:49.326+0000][8728.745s][info][gc,phases   ] GC(1576)   Evacuate Collection Set: 33.3ms
[2024-05-30T12:59:49.326+0000][8728.745s][info][gc,phases   ] GC(1576)   Post Evacuate Collection Set: 1.7ms
[2024-05-30T12:59:49.326+0000][8728.745s][info][gc,phases   ] GC(1576)   Other: 0.3ms
[2024-05-30T12:59:49.326+0000][8728.745s][info][gc,heap     ] GC(1576) Eden regions: 909->0(905)
[2024-05-30T12:59:49.326+0000][8728.745s][info][gc,heap     ] GC(1576) Survivor regions: 12->16(116)
[2024-05-30T12:59:49.326+0000][8728.745s][info][gc,heap     ] GC(1576) Old regions: 223->223
[2024-05-30T12:59:49.326+0000][8728.745s][info][gc,heap     ] GC(1576) Archive regions: 2->2
[2024-05-30T12:59:49.326+0000][8728.745s][info][gc,heap     ] GC(1576) Humongous regions: 6->6
[2024-05-30T12:59:49.326+0000][8728.745s][info][gc,metaspace] GC(1576) Metaspace: 415023K(421120K)->415023K(421120K) NonClass: 363005K(366400K)->363005K(366400K) Class: 52017K(54720K)->52017K(54720K)
[2024-05-30T12:59:49.326+0000][8728.746s][info][gc          ] GC(1576) Pause Young (Concurrent Start) (G1 Evacuation Pause) 9203M->1963M(12288M) 36.146ms
[2024-05-30T12:59:49.326+0000][8728.746s][info][gc,cpu      ] GC(1576) User=0.21s Sys=0.00s Real=0.03s
[2024-05-30T12:59:49.326+0000][8728.746s][info][gc          ] GC(1577) Concurrent Mark Cycle
[2024-05-30T12:59:49.326+0000][8728.746s][info][gc,marking  ] GC(1577) Concurrent Clear Claimed Marks
[2024-05-30T12:59:49.327+0000][8728.746s][info][gc,marking  ] GC(1577) Concurrent Clear Claimed Marks 0.374ms
[2024-05-30T12:59:49.327+0000][8728.746s][info][gc,marking  ] GC(1577) Concurrent Scan Root Regions
[2024-05-30T12:59:49.353+0000][8728.773s][info][gc,marking  ] GC(1577) Concurrent Scan Root Regions 26.556ms
[2024-05-30T12:59:49.353+0000][8728.773s][info][gc,marking  ] GC(1577) Concurrent Mark
[2024-05-30T12:59:49.353+0000][8728.773s][info][gc,marking  ] GC(1577) Concurrent Mark From Roots
[2024-05-30T12:59:49.353+0000][8728.773s][info][gc,task     ] GC(1577) Using 2 workers of 2 for marking
[2024-05-30T12:59:50.423+0000][8729.843s][info][gc,marking  ] GC(1577) Concurrent Mark From Roots 1069.897ms
[2024-05-30T12:59:50.423+0000][8729.843s][info][gc,marking  ] GC(1577) Concurrent Preclean
[2024-05-30T12:59:50.424+0000][8729.843s][info][gc,marking  ] GC(1577) Concurrent Preclean 0.894ms
[2024-05-30T12:59:50.424+0000][8729.844s][info][gc,start    ] GC(1577) Pause Remark
[2024-05-30T12:59:50.445+0000][8729.865s][info][gc          ] GC(1577) Pause Remark 2707M->2699M(12288M) 21.096ms
[2024-05-30T12:59:50.445+0000][8729.865s][info][gc,cpu      ] GC(1577) User=0.09s Sys=0.00s Real=0.02s
[2024-05-30T12:59:50.446+0000][8729.865s][info][gc,marking  ] GC(1577) Concurrent Mark 1092.328ms
[2024-05-30T12:59:50.446+0000][8729.865s][info][gc,marking  ] GC(1577) Concurrent Rebuild Remembered Sets
[2024-05-30T12:59:51.120+0000][8730.539s][info][gc,marking  ] GC(1577) Concurrent Rebuild Remembered Sets 673.964ms
[2024-05-30T12:59:51.120+0000][8730.539s][info][gc,start    ] GC(1577) Pause Cleanup
[2024-05-30T12:59:51.120+0000][8730.540s][info][gc          ] GC(1577) Pause Cleanup 3179M->3179M(12288M) 0.568ms
[2024-05-30T12:59:51.120+0000][8730.540s][info][gc,cpu      ] GC(1577) User=0.00s Sys=0.00s Real=0.00s
[2024-05-30T12:59:51.121+0000][8730.540s][info][gc,marking  ] GC(1577) Concurrent Cleanup for Next Mark
[2024-05-30T12:59:51.138+0000][8730.557s][info][gc,marking  ] GC(1577) Concurrent Cleanup for Next Mark 17.072ms
[2024-05-30T12:59:51.138+0000][8730.557s][info][gc          ] GC(1577) Concurrent Mark Cycle 1811.365ms
[2024-05-30T12:59:57.125+0000][8736.544s][info][gc,start    ] GC(1578) Pause Young (Prepare Mixed) (G1 Evacuation Pause)
[2024-05-30T12:59:57.125+0000][8736.544s][info][gc,task     ] GC(1578) Using 6 workers of 6 for evacuation
[2024-05-30T12:59:57.166+0000][8736.585s][info][gc,phases   ] GC(1578)   Pre Evacuate Collection Set: 0.2ms
[2024-05-30T12:59:57.166+0000][8736.585s][info][gc,phases   ] GC(1578)   Merge Heap Roots: 0.3ms
[2024-05-30T12:59:57.166+0000][8736.585s][info][gc,phases   ] GC(1578)   Evacuate Collection Set: 38.7ms
[2024-05-30T12:59:57.166+0000][8736.585s][info][gc,phases   ] GC(1578)   Post Evacuate Collection Set: 1.9ms
[2024-05-30T12:59:57.166+0000][8736.585s][info][gc,phases   ] GC(1578)   Other: 0.2ms
[2024-05-30T12:59:57.166+0000][8736.585s][info][gc,heap     ] GC(1578) Eden regions: 905->0(61)
[2024-05-30T12:59:57.166+0000][8736.585s][info][gc,heap     ] GC(1578) Survivor regions: 16->15(116)
[2024-05-30T12:59:57.166+0000][8736.585s][info][gc,heap     ] GC(1578) Old regions: 223->223
[2024-05-30T12:59:57.166+0000][8736.585s][info][gc,heap     ] GC(1578) Archive regions: 2->2
[2024-05-30T12:59:57.166+0000][8736.585s][info][gc,heap     ] GC(1578) Humongous regions: 5->5
[2024-05-30T12:59:57.166+0000][8736.585s][info][gc,metaspace] GC(1578) Metaspace: 415046K(421120K)->415046K(421120K) NonClass: 363028K(366400K)->363028K(366400K) Class: 52017K(54720K)->52017K(54720K)
[2024-05-30T12:59:57.166+0000][8736.585s][info][gc          ] GC(1578) Pause Young (Prepare Mixed) (G1 Evacuation Pause) 9195M->1947M(12288M) 41.284ms
[2024-05-30T12:59:57.166+0000][8736.585s][info][gc,cpu      ] GC(1578) User=0.25s Sys=0.00s Real=0.04s
[2024-05-30T12:59:57.435+0000][8736.854s][info][gc,start    ] GC(1579) Pause Young (Mixed) (G1 Evacuation Pause)
[2024-05-30T12:59:57.435+0000][8736.854s][info][gc,task     ] GC(1579) Using 6 workers of 6 for evacuation
[2024-05-30T12:59:57.473+0000][8736.893s][info][gc,phases   ] GC(1579)   Pre Evacuate Collection Set: 0.2ms
[2024-05-30T12:59:57.473+0000][8736.893s][info][gc,phases   ] GC(1579)   Merge Heap Roots: 0.1ms
[2024-05-30T12:59:57.473+0000][8736.893s][info][gc,phases   ] GC(1579)   Evacuate Collection Set: 36.4ms
[2024-05-30T12:59:57.473+0000][8736.893s][info][gc,phases   ] GC(1579)   Post Evacuate Collection Set: 1.2ms
[2024-05-30T12:59:57.473+0000][8736.893s][info][gc,phases   ] GC(1579)   Other: 0.2ms
[2024-05-30T12:59:57.473+0000][8736.893s][info][gc,heap     ] GC(1579) Eden regions: 61->0(916)
[2024-05-30T12:59:57.473+0000][8736.893s][info][gc,heap     ] GC(1579) Survivor regions: 15->5(10)
[2024-05-30T12:59:57.473+0000][8736.893s][info][gc,heap     ] GC(1579) Old regions: 223->217
[2024-05-30T12:59:57.473+0000][8736.893s][info][gc,heap     ] GC(1579) Archive regions: 2->2
[2024-05-30T12:59:57.473+0000][8736.893s][info][gc,heap     ] GC(1579) Humongous regions: 5->5
[2024-05-30T12:59:57.473+0000][8736.893s][info][gc,metaspace] GC(1579) Metaspace: 415046K(421120K)->415046K(421120K) NonClass: 363028K(366400K)->363028K(366400K) Class: 52017K(54720K)->52017K(54720K)
[2024-05-30T12:59:57.473+0000][8736.893s][info][gc          ] GC(1579) Pause Young (Mixed) (G1 Evacuation Pause) 2435M->1815M(12288M) 38.200ms
[2024-05-30T12:59:57.473+0000][8736.893s][info][gc,cpu      ] GC(1579) User=0.22s Sys=0.00s Real=0.04s
[2024-05-30T13:00:06.440+0000][8745.859s][info][gc,start    ] GC(1580) Pause Young (Normal) (G1 Evacuation Pause)
[2024-05-30T13:00:06.440+0000][8745.859s][info][gc,task     ] GC(1580) Using 6 workers of 6 for evacuation
[2024-05-30T13:00:06.473+0000][8745.892s][info][gc,phases   ] GC(1580)   Pre Evacuate Collection Set: 0.2ms
[2024-05-30T13:00:06.473+0000][8745.892s][info][gc,phases   ] GC(1580)   Merge Heap Roots: 0.3ms
[2024-05-30T13:00:06.473+0000][8745.893s][info][gc,phases   ] GC(1580)   Evacuate Collection Set: 30.5ms
[2024-05-30T13:00:06.473+0000][8745.893s][info][gc,phases   ] GC(1580)   Post Evacuate Collection Set: 2.3ms
[2024-05-30T13:00:06.473+0000][8745.893s][info][gc,phases   ] GC(1580)   Other: 0.2ms
[2024-05-30T13:00:06.473+0000][8745.893s][info][gc,heap     ] GC(1580) Eden regions: 916->0(910)
[2024-05-30T13:00:06.473+0000][8745.893s][info][gc,heap     ] GC(1580) Survivor regions: 5->11(116)
[2024-05-30T13:00:06.473+0000][8745.893s][info][gc,heap     ] GC(1580) Old regions: 217->217
[2024-05-30T13:00:06.473+0000][8745.893s][info][gc,heap     ] GC(1580) Archive regions: 2->2
[2024-05-30T13:00:06.473+0000][8745.893s][info][gc,heap     ] GC(1580) Humongous regions: 5->5
[2024-05-30T13:00:06.473+0000][8745.893s][info][gc,metaspace] GC(1580) Metaspace: 430183K(436352K)->430183K(436352K) NonClass: 376141K(379584K)->376141K(379584K) Class: 54042K(56768K)->54042K(56768K)
[2024-05-30T13:00:06.473+0000][8745.893s][info][gc          ] GC(1580) Pause Young (Normal) (G1 Evacuation Pause) 9143M->1861M(12288M) 33.702ms
[2024-05-30T13:00:06.473+0000][8745.893s][info][gc,cpu      ] GC(1580) User=0.23s Sys=0.01s Real=0.03s
[2024-05-30T13:00:13.220+0000][8752.639s][info][gc,start    ] GC(1581) Pause Young (Normal) (G1 Evacuation Pause)
[2024-05-30T13:00:13.220+0000][8752.639s][info][gc,task     ] GC(1581) Using 6 workers of 6 for evacuation
[2024-05-30T13:00:13.258+0000][8752.677s][info][gc,phases   ] GC(1581)   Pre Evacuate Collection Set: 0.2ms
[2024-05-30T13:00:13.258+0000][8752.677s][info][gc,phases   ] GC(1581)   Merge Heap Roots: 0.4ms
[2024-05-30T13:00:13.258+0000][8752.677s][info][gc,phases   ] GC(1581)   Evacuate Collection Set: 35.3ms
[2024-05-30T13:00:13.258+0000][8752.677s][info][gc,phases   ] GC(1581)   Post Evacuate Collection Set: 2.2ms
[2024-05-30T13:00:13.258+0000][8752.677s][info][gc,phases   ] GC(1581)   Other: 0.3ms
[2024-05-30T13:00:13.258+0000][8752.677s][info][gc,heap     ] GC(1581) Eden regions: 910->0(906)
[2024-05-30T13:00:13.258+0000][8752.677s][info][gc,heap     ] GC(1581) Survivor regions: 11->15(116)
[2024-05-30T13:00:13.258+0000][8752.677s][info][gc,heap     ] GC(1581) Old regions: 217->217
[2024-05-30T13:00:13.258+0000][8752.677s][info][gc,heap     ] GC(1581) Archive regions: 2->2
[2024-05-30T13:00:13.258+0000][8752.677s][info][gc,heap     ] GC(1581) Humongous regions: 5->5
[2024-05-30T13:00:13.258+0000][8752.677s][info][gc,metaspace] GC(1581) Metaspace: 431900K(438144K)->431900K(438144K) NonClass: 377831K(381312K)->377831K(381312K) Class: 54069K(56832K)->54069K(56832K)
[2024-05-30T13:00:13.258+0000][8752.677s][info][gc          ] GC(1581) Pause Young (Normal) (G1 Evacuation Pause) 9141M->1893M(12288M) 38.318ms
[2024-05-30T13:00:13.258+0000][8752.678s][info][gc,cpu      ] GC(1581) User=0.22s Sys=0.01s Real=0.04s
[2024-05-30T13:00:19.449+0000][8758.868s][info][gc,start    ] GC(1582) Pause Young (Normal) (G1 Evacuation Pause)
[2024-05-30T13:00:19.449+0000][8758.868s][info][gc,task     ] GC(1582) Using 6 workers of 6 for evacuation
[2024-05-30T13:00:19.500+0000][8758.919s][info][gc,phases   ] GC(1582)   Pre Evacuate Collection Set: 0.2ms
[2024-05-30T13:00:19.500+0000][8758.919s][info][gc,phases   ] GC(1582)   Merge Heap Roots: 0.3ms
[2024-05-30T13:00:19.500+0000][8758.919s][info][gc,phases   ] GC(1582)   Evacuate Collection Set: 47.5ms
[2024-05-30T13:00:19.500+0000][8758.919s][info][gc,phases   ] GC(1582)   Post Evacuate Collection Set: 2.2ms
[2024-05-30T13:00:19.500+0000][8758.919s][info][gc,phases   ] GC(1582)   Other: 0.3ms
[2024-05-30T13:00:19.500+0000][8758.919s][info][gc,heap     ] GC(1582) Eden regions: 906->0(900)
[2024-05-30T13:00:19.500+0000][8758.919s][info][gc,heap     ] GC(1582) Survivor regions: 15->21(116)
[2024-05-30T13:00:19.500+0000][8758.919s][info][gc,heap     ] GC(1582) Old regions: 217->217
[2024-05-30T13:00:19.500+0000][8758.919s][info][gc,heap     ] GC(1582) Archive regions: 2->2
[2024-05-30T13:00:19.500+0000][8758.919s][info][gc,heap     ] GC(1582) Humongous regions: 5->5
[2024-05-30T13:00:19.500+0000][8758.919s][info][gc,metaspace] GC(1582) Metaspace: 432224K(438464K)->432224K(438464K) NonClass: 378154K(381632K)->378154K(381632K) Class: 54069K(56832K)->54069K(56832K)
[2024-05-30T13:00:19.500+0000][8758.919s][info][gc          ] GC(1582) Pause Young (Normal) (G1 Evacuation Pause) 9141M->1941M(12288M) 50.568ms
[2024-05-30T13:00:19.500+0000][8758.919s][info][gc,cpu      ] GC(1582) User=0.34s Sys=0.00s Real=0.05s
[2024-05-30T13:00:25.134+0000][8764.553s][info][gc,start    ] GC(1583) Pause Young (Normal) (G1 Evacuation Pause)
[2024-05-30T13:00:25.134+0000][8764.553s][info][gc,task     ] GC(1583) Using 6 workers of 6 for evacuation
[2024-05-30T13:00:25.195+0000][8764.614s][info][gc,phases   ] GC(1583)   Pre Evacuate Collection Set: 0.2ms
[2024-05-30T13:00:25.195+0000][8764.614s][info][gc,phases   ] GC(1583)   Merge Heap Roots: 0.3ms
[2024-05-30T13:00:25.195+0000][8764.614s][info][gc,phases   ] GC(1583)   Evacuate Collection Set: 57.6ms
[2024-05-30T13:00:25.195+0000][8764.614s][info][gc,phases   ] GC(1583)   Post Evacuate Collection Set: 2.3ms
[2024-05-30T13:00:25.195+0000][8764.614s][info][gc,phases   ] GC(1583)   Other: 0.2ms
[2024-05-30T13:00:25.195+0000][8764.614s][info][gc,heap     ] GC(1583) Eden regions: 900->0(899)
[2024-05-30T13:00:25.195+0000][8764.614s][info][gc,heap     ] GC(1583) Survivor regions: 21->22(116)
[2024-05-30T13:00:25.195+0000][8764.614s][info][gc,heap     ] GC(1583) Old regions: 217->217
[2024-05-30T13:00:25.195+0000][8764.614s][info][gc,heap     ] GC(1583) Archive regions: 2->2
[2024-05-30T13:00:25.195+0000][8764.614s][info][gc,heap     ] GC(1583) Humongous regions: 5->5
[2024-05-30T13:00:25.195+0000][8764.614s][info][gc,metaspace] GC(1583) Metaspace: 432498K(438720K)->432498K(438720K) NonClass: 378428K(381888K)->378428K(381888K) Class: 54069K(56832K)->54069K(56832K)
[2024-05-30T13:00:25.195+0000][8764.614s][info][gc          ] GC(1583) Pause Young (Normal) (G1 Evacuation Pause) 9141M->1951M(12288M) 60.747ms
[2024-05-30T13:00:25.195+0000][8764.614s][info][gc,cpu      ] GC(1583) User=0.40s Sys=0.00s Real=0.06s
[2024-05-30T13:00:30.722+0000][8770.141s][info][gc,start    ] GC(1584) Pause Young (Normal) (G1 Evacuation Pause)
[2024-05-30T13:00:30.722+0000][8770.141s][info][gc,task     ] GC(1584) Using 6 workers of 6 for evacuation
[2024-05-30T13:00:30.783+0000][8770.203s][info][gc,phases   ] GC(1584)   Pre Evacuate Collection Set: 0.2ms
[2024-05-30T13:00:30.783+0000][8770.203s][info][gc,phases   ] GC(1584)   Merge Heap Roots: 0.3ms
[2024-05-30T13:00:30.783+0000][8770.203s][info][gc,phases   ] GC(1584)   Evacuate Collection Set: 58.5ms
[2024-05-30T13:00:30.783+0000][8770.203s][info][gc,phases   ] GC(1584)   Post Evacuate Collection Set: 2.2ms
[2024-05-30T13:00:30.783+0000][8770.203s][info][gc,phases   ] GC(1584)   Other: 0.2ms
[2024-05-30T13:00:30.783+0000][8770.203s][info][gc,heap     ] GC(1584) Eden regions: 899->0(898)
[2024-05-30T13:00:30.783+0000][8770.203s][info][gc,heap     ] GC(1584) Survivor regions: 22->23(116)
[2024-05-30T13:00:30.783+0000][8770.203s][info][gc,heap     ] GC(1584) Old regions: 217->217
[2024-05-30T13:00:30.783+0000][8770.203s][info][gc,heap     ] GC(1584) Archive regions: 2->2
[2024-05-30T13:00:30.783+0000][8770.203s][info][gc,heap     ] GC(1584) Humongous regions: 5->5
[2024-05-30T13:00:30.783+0000][8770.203s][info][gc,metaspace] GC(1584) Metaspace: 432665K(438848K)->432665K(438848K) NonClass: 378594K(382016K)->378594K(382016K) Class: 54071K(56832K)->54071K(56832K)
[2024-05-30T13:00:30.783+0000][8770.203s][info][gc          ] GC(1584) Pause Young (Normal) (G1 Evacuation Pause) 9143M->1955M(12288M) 61.516ms
[2024-05-30T13:00:30.784+0000][8770.203s][info][gc,cpu      ] GC(1584) User=0.39s Sys=0.00s Real=0.06s
[2024-05-30T13:00:36.378+0000][8775.797s][info][gc,start    ] GC(1585) Pause Young (Normal) (G1 Evacuation Pause)
[2024-05-30T13:00:36.378+0000][8775.797s][info][gc,task     ] GC(1585) Using 6 workers of 6 for evacuation
[2024-05-30T13:00:36.445+0000][8775.864s][info][gc,phases   ] GC(1585)   Pre Evacuate Collection Set: 0.2ms
[2024-05-30T13:00:36.445+0000][8775.864s][info][gc,phases   ] GC(1585)   Merge Heap Roots: 0.3ms
[2024-05-30T13:00:36.445+0000][8775.864s][info][gc,phases   ] GC(1585)   Evacuate Collection Set: 64.1ms
[2024-05-30T13:00:36.445+0000][8775.864s][info][gc,phases   ] GC(1585)   Post Evacuate Collection Set: 2.3ms
[2024-05-30T13:00:36.445+0000][8775.864s][info][gc,phases   ] GC(1585)   Other: 0.2ms
[2024-05-30T13:00:36.445+0000][8775.864s][info][gc,heap     ] GC(1585) Eden regions: 898->0(895)
[2024-05-30T13:00:36.445+0000][8775.864s][info][gc,heap     ] GC(1585) Survivor regions: 23->26(116)
[2024-05-30T13:00:36.445+0000][8775.864s][info][gc,heap     ] GC(1585) Old regions: 217->217
[2024-05-30T13:00:36.445+0000][8775.864s][info][gc,heap     ] GC(1585) Archive regions: 2->2
[2024-05-30T13:00:36.445+0000][8775.864s][info][gc,heap     ] GC(1585) Humongous regions: 5->5
[2024-05-30T13:00:36.445+0000][8775.864s][info][gc,metaspace] GC(1585) Metaspace: 432951K(439104K)->432951K(439104K) NonClass: 378879K(382272K)->378879K(382272K) Class: 54072K(56832K)->54072K(56832K)
[2024-05-30T13:00:36.445+0000][8775.864s][info][gc          ] GC(1585) Pause Young (Normal) (G1 Evacuation Pause) 9139M->1979M(12288M) 67.137ms
[2024-05-30T13:00:36.445+0000][8775.864s][info][gc,cpu      ] GC(1585) User=0.40s Sys=0.00s Real=0.06s
[2024-05-30T13:00:42.057+0000][8781.476s][info][gc,start    ] GC(1586) Pause Young (Normal) (G1 Evacuation Pause)
[2024-05-30T13:00:42.057+0000][8781.476s][info][gc,task     ] GC(1586) Using 6 workers of 6 for evacuation
[2024-05-30T13:00:42.139+0000][8781.558s][info][gc,phases   ] GC(1586)   Pre Evacuate Collection Set: 0.2ms
[2024-05-30T13:00:42.139+0000][8781.558s][info][gc,phases   ] GC(1586)   Merge Heap Roots: 0.3ms
[2024-05-30T13:00:42.139+0000][8781.558s][info][gc,phases   ] GC(1586)   Evacuate Collection Set: 78.8ms
[2024-05-30T13:00:42.139+0000][8781.558s][info][gc,phases   ] GC(1586)   Post Evacuate Collection Set: 2.3ms
[2024-05-30T13:00:42.139+0000][8781.558s][info][gc,phases   ] GC(1586)   Other: 0.2ms
[2024-05-30T13:00:42.139+0000][8781.558s][info][gc,heap     ] GC(1586) Eden regions: 895->0(890)
[2024-05-30T13:00:42.139+0000][8781.558s][info][gc,heap     ] GC(1586) Survivor regions: 26->31(116)
[2024-05-30T13:00:42.139+0000][8781.558s][info][gc,heap     ] GC(1586) Old regions: 217->217
[2024-05-30T13:00:42.139+0000][8781.558s][info][gc,heap     ] GC(1586) Archive regions: 2->2
[2024-05-30T13:00:42.139+0000][8781.558s][info][gc,heap     ] GC(1586) Humongous regions: 5->5
[2024-05-30T13:00:42.139+0000][8781.558s][info][gc,metaspace] GC(1586) Metaspace: 432996K(439168K)->432996K(439168K) NonClass: 378924K(382336K)->378924K(382336K) Class: 54072K(56832K)->54072K(56832K)
[2024-05-30T13:00:42.139+0000][8781.558s][info][gc          ] GC(1586) Pause Young (Normal) (G1 Evacuation Pause) 9139M->2023M(12288M) 81.869ms
[2024-05-30T13:00:42.139+0000][8781.558s][info][gc,cpu      ] GC(1586) User=0.49s Sys=0.00s Real=0.08s
[2024-05-30T13:00:47.790+0000][8787.209s][info][gc,start    ] GC(1587) Pause Young (Normal) (GCLocker Initiated GC)
[2024-05-30T13:00:47.790+0000][8787.209s][info][gc,task     ] GC(1587) Using 6 workers of 6 for evacuation
[2024-05-30T13:00:47.876+0000][8787.295s][info][gc,phases   ] GC(1587)   Pre Evacuate Collection Set: 0.2ms
[2024-05-30T13:00:47.876+0000][8787.295s][info][gc,phases   ] GC(1587)   Merge Heap Roots: 0.3ms
[2024-05-30T13:00:47.876+0000][8787.295s][info][gc,phases   ] GC(1587)   Evacuate Collection Set: 82.7ms
[2024-05-30T13:00:47.876+0000][8787.295s][info][gc,phases   ] GC(1587)   Post Evacuate Collection Set: 2.2ms
[2024-05-30T13:00:47.876+0000][8787.295s][info][gc,phases   ] GC(1587)   Other: 0.2ms
[2024-05-30T13:00:47.876+0000][8787.295s][info][gc,heap     ] GC(1587) Eden regions: 890->0(889)
[2024-05-30T13:00:47.876+0000][8787.295s][info][gc,heap     ] GC(1587) Survivor regions: 31->32(116)
[2024-05-30T13:00:47.876+0000][8787.295s][info][gc,heap     ] GC(1587) Old regions: 217->217
[2024-05-30T13:00:47.876+0000][8787.295s][info][gc,heap     ] GC(1587) Archive regions: 2->2
[2024-05-30T13:00:47.876+0000][8787.295s][info][gc,heap     ] GC(1587) Humongous regions: 5->5
[2024-05-30T13:00:47.876+0000][8787.295s][info][gc,metaspace] GC(1587) Metaspace: 433125K(439296K)->433125K(439296K) NonClass: 379053K(382464K)->379053K(382464K) Class: 54072K(56832K)->54072K(56832K)
[2024-05-30T13:00:47.876+0000][8787.295s][info][gc          ] GC(1587) Pause Young (Normal) (GCLocker Initiated GC) 9143M->2027M(12288M) 85.767ms
[2024-05-30T13:00:47.876+0000][8787.295s][info][gc,cpu      ] GC(1587) User=0.57s Sys=0.00s Real=0.08s
[2024-05-30T13:00:53.383+0000][8792.803s][info][gc,start    ] GC(1588) Pause Young (Normal) (G1 Evacuation Pause)
[2024-05-30T13:00:53.383+0000][8792.803s][info][gc,task     ] GC(1588) Using 6 workers of 6 for evacuation
[2024-05-30T13:00:53.475+0000][8792.894s][info][gc,phases   ] GC(1588)   Pre Evacuate Collection Set: 0.2ms
[2024-05-30T13:00:53.475+0000][8792.894s][info][gc,phases   ] GC(1588)   Merge Heap Roots: 0.3ms
[2024-05-30T13:00:53.475+0000][8792.894s][info][gc,phases   ] GC(1588)   Evacuate Collection Set: 88.3ms
[2024-05-30T13:00:53.475+0000][8792.894s][info][gc,phases   ] GC(1588)   Post Evacuate Collection Set: 2.4ms
[2024-05-30T13:00:53.475+0000][8792.894s][info][gc,phases   ] GC(1588)   Other: 0.2ms
[2024-05-30T13:00:53.475+0000][8792.894s][info][gc,heap     ] GC(1588) Eden regions: 889->0(884)
[2024-05-30T13:00:53.475+0000][8792.894s][info][gc,heap     ] GC(1588) Survivor regions: 32->37(116)
[2024-05-30T13:00:53.475+0000][8792.894s][info][gc,heap     ] GC(1588) Old regions: 217->217
[2024-05-30T13:00:53.475+0000][8792.894s][info][gc,heap     ] GC(1588) Archive regions: 2->2
[2024-05-30T13:00:53.475+0000][8792.894s][info][gc,heap     ] GC(1588) Humongous regions: 5->5
[2024-05-30T13:00:53.475+0000][8792.894s][info][gc,metaspace] GC(1588) Metaspace: 433145K(439296K)->433145K(439296K) NonClass: 379072K(382464K)->379072K(382464K) Class: 54072K(56832K)->54072K(56832K)
[2024-05-30T13:00:53.475+0000][8792.894s][info][gc          ] GC(1588) Pause Young (Normal) (G1 Evacuation Pause) 9139M->2067M(12288M) 91.500ms
[2024-05-30T13:00:53.475+0000][8792.894s][info][gc,cpu      ] GC(1588) User=0.53s Sys=0.01s Real=0.09s
[2024-05-30T13:00:58.943+0000][8798.363s][info][gc,start    ] GC(1589) Pause Young (Normal) (G1 Evacuation Pause)
[2024-05-30T13:00:58.944+0000][8798.363s][info][gc,task     ] GC(1589) Using 6 workers of 6 for evacuation
[2024-05-30T13:00:59.043+0000][8798.462s][info][gc,phases   ] GC(1589)   Pre Evacuate Collection Set: 0.2ms
[2024-05-30T13:00:59.043+0000][8798.462s][info][gc,phases   ] GC(1589)   Merge Heap Roots: 0.3ms
[2024-05-30T13:00:59.043+0000][8798.462s][info][gc,phases   ] GC(1589)   Evacuate Collection Set: 96.3ms
[2024-05-30T13:00:59.043+0000][8798.462s][info][gc,phases   ] GC(1589)   Post Evacuate Collection Set: 2.3ms
[2024-05-30T13:00:59.043+0000][8798.462s][info][gc,phases   ] GC(1589)   Other: 0.2ms
[2024-05-30T13:00:59.043+0000][8798.462s][info][gc,heap     ] GC(1589) Eden regions: 884->0(882)
[2024-05-30T13:00:59.043+0000][8798.462s][info][gc,heap     ] GC(1589) Survivor regions: 37->39(116)
[2024-05-30T13:00:59.043+0000][8798.462s][info][gc,heap     ] GC(1589) Old regions: 217->217
[2024-05-30T13:00:59.043+0000][8798.462s][info][gc,heap     ] GC(1589) Archive regions: 2->2
[2024-05-30T13:00:59.043+0000][8798.462s][info][gc,heap     ] GC(1589) Humongous regions: 5->5
[2024-05-30T13:00:59.043+0000][8798.462s][info][gc,metaspace] GC(1589) Metaspace: 433521K(439680K)->433521K(439680K) NonClass: 379449K(382848K)->379449K(382848K) Class: 54072K(56832K)->54072K(56832K)
[2024-05-30T13:00:59.043+0000][8798.462s][info][gc          ] GC(1589) Pause Young (Normal) (G1 Evacuation Pause) 9139M->2087M(12288M) 99.411ms
[2024-05-30T13:00:59.043+0000][8798.462s][info][gc,cpu      ] GC(1589) User=0.63s Sys=0.00s Real=0.10s
[2024-05-30T13:01:04.508+0000][8803.927s][info][gc,start    ] GC(1590) Pause Young (Normal) (G1 Evacuation Pause)
[2024-05-30T13:01:04.508+0000][8803.927s][info][gc,task     ] GC(1590) Using 6 workers of 6 for evacuation
[2024-05-30T13:01:04.611+0000][8804.031s][info][gc,phases   ] GC(1590)   Pre Evacuate Collection Set: 0.2ms
[2024-05-30T13:01:04.611+0000][8804.031s][info][gc,phases   ] GC(1590)   Merge Heap Roots: 0.3ms
[2024-05-30T13:01:04.611+0000][8804.031s][info][gc,phases   ] GC(1590)   Evacuate Collection Set: 100.5ms
[2024-05-30T13:01:04.611+0000][8804.031s][info][gc,phases   ] GC(1590)   Post Evacuate Collection Set: 2.2ms
[2024-05-30T13:01:04.612+0000][8804.031s][info][gc,phases   ] GC(1590)   Other: 0.2ms
[2024-05-30T13:01:04.612+0000][8804.031s][info][gc,heap     ] GC(1590) Eden regions: 882->0(878)
[2024-05-30T13:01:04.612+0000][8804.031s][info][gc,heap     ] GC(1590) Survivor regions: 39->43(116)
[2024-05-30T13:01:04.612+0000][8804.031s][info][gc,heap     ] GC(1590) Old regions: 217->217
[2024-05-30T13:01:04.612+0000][8804.031s][info][gc,heap     ] GC(1590) Archive regions: 2->2
[2024-05-30T13:01:04.612+0000][8804.031s][info][gc,heap     ] GC(1590) Humongous regions: 5->5
[2024-05-30T13:01:04.612+0000][8804.031s][info][gc,metaspace] GC(1590) Metaspace: 433530K(439680K)->433530K(439680K) NonClass: 379457K(382848K)->379457K(382848K) Class: 54072K(56832K)->54072K(56832K)
[2024-05-30T13:01:04.612+0000][8804.031s][info][gc          ] GC(1590) Pause Young (Normal) (G1 Evacuation Pause) 9143M->2115M(12288M) 103.536ms
[2024-05-30T13:01:04.612+0000][8804.031s][info][gc,cpu      ] GC(1590) User=0.61s Sys=0.00s Real=0.11s
[2024-05-30T13:01:09.946+0000][8809.365s][info][gc,start    ] GC(1591) Pause Young (Normal) (G1 Evacuation Pause)
[2024-05-30T13:01:09.946+0000][8809.365s][info][gc,task     ] GC(1591) Using 6 workers of 6 for evacuation
[2024-05-30T13:01:10.068+0000][8809.487s][info][gc,phases   ] GC(1591)   Pre Evacuate Collection Set: 0.2ms
[2024-05-30T13:01:10.068+0000][8809.487s][info][gc,phases   ] GC(1591)   Merge Heap Roots: 0.3ms
[2024-05-30T13:01:10.068+0000][8809.487s][info][gc,phases   ] GC(1591)   Evacuate Collection Set: 118.7ms
[2024-05-30T13:01:10.068+0000][8809.487s][info][gc,phases   ] GC(1591)   Post Evacuate Collection Set: 2.5ms
[2024-05-30T13:01:10.068+0000][8809.487s][info][gc,phases   ] GC(1591)   Other: 0.2ms
[2024-05-30T13:01:10.068+0000][8809.487s][info][gc,heap     ] GC(1591) Eden regions: 878->0(879)
[2024-05-30T13:01:10.068+0000][8809.487s][info][gc,heap     ] GC(1591) Survivor regions: 43->42(116)
[2024-05-30T13:01:10.068+0000][8809.487s][info][gc,heap     ] GC(1591) Old regions: 217->217
[2024-05-30T13:01:10.068+0000][8809.487s][info][gc,heap     ] GC(1591) Archive regions: 2->2
[2024-05-30T13:01:10.068+0000][8809.487s][info][gc,heap     ] GC(1591) Humongous regions: 5->5
[2024-05-30T13:01:10.068+0000][8809.487s][info][gc,metaspace] GC(1591) Metaspace: 433549K(439680K)->433549K(439680K) NonClass: 379477K(382848K)->379477K(382848K) Class: 54072K(56832K)->54072K(56832K)
[2024-05-30T13:01:10.068+0000][8809.487s][info][gc          ] GC(1591) Pause Young (Normal) (G1 Evacuation Pause) 9139M->2111M(12288M) 121.951ms
[2024-05-30T13:01:10.068+0000][8809.487s][info][gc,cpu      ] GC(1591) User=0.72s Sys=0.00s Real=0.12s
[2024-05-30T13:01:15.408+0000][8814.828s][info][gc,start    ] GC(1592) Pause Young (Normal) (G1 Evacuation Pause)
[2024-05-30T13:01:15.408+0000][8814.828s][info][gc,task     ] GC(1592) Using 6 workers of 6 for evacuation
[2024-05-30T13:01:15.527+0000][8814.947s][info][gc,phases   ] GC(1592)   Pre Evacuate Collection Set: 0.2ms
[2024-05-30T13:01:15.527+0000][8814.947s][info][gc,phases   ] GC(1592)   Merge Heap Roots: 0.3ms
[2024-05-30T13:01:15.527+0000][8814.947s][info][gc,phases   ] GC(1592)   Evacuate Collection Set: 116.1ms
[2024-05-30T13:01:15.527+0000][8814.947s][info][gc,phases   ] GC(1592)   Post Evacuate Collection Set: 2.3ms
[2024-05-30T13:01:15.527+0000][8814.947s][info][gc,phases   ] GC(1592)   Other: 0.3ms
[2024-05-30T13:01:15.527+0000][8814.947s][info][gc,heap     ] GC(1592) Eden regions: 879->0(874)
[2024-05-30T13:01:15.527+0000][8814.947s][info][gc,heap     ] GC(1592) Survivor regions: 42->47(116)
[2024-05-30T13:01:15.527+0000][8814.947s][info][gc,heap     ] GC(1592) Old regions: 217->217
[2024-05-30T13:01:15.527+0000][8814.947s][info][gc,heap     ] GC(1592) Archive regions: 2->2
[2024-05-30T13:01:15.527+0000][8814.947s][info][gc,heap     ] GC(1592) Humongous regions: 5->5
[2024-05-30T13:01:15.527+0000][8814.947s][info][gc,metaspace] GC(1592) Metaspace: 433549K(439680K)->433549K(439680K) NonClass: 379477K(382848K)->379477K(382848K) Class: 54072K(56832K)->54072K(56832K)
[2024-05-30T13:01:15.527+0000][8814.947s][info][gc          ] GC(1592) Pause Young (Normal) (G1 Evacuation Pause) 9143M->2147M(12288M) 119.149ms
[2024-05-30T13:01:15.527+0000][8814.947s][info][gc,cpu      ] GC(1592) User=0.71s Sys=0.00s Real=0.12s
[2024-05-30T13:01:20.928+0000][8820.348s][info][gc,start    ] GC(1593) Pause Young (Normal) (G1 Evacuation Pause)
[2024-05-30T13:01:20.928+0000][8820.348s][info][gc,task     ] GC(1593) Using 6 workers of 6 for evacuation
[2024-05-30T13:01:21.051+0000][8820.470s][info][gc,phases   ] GC(1593)   Pre Evacuate Collection Set: 0.2ms
[2024-05-30T13:01:21.051+0000][8820.470s][info][gc,phases   ] GC(1593)   Merge Heap Roots: 0.3ms
[2024-05-30T13:01:21.051+0000][8820.470s][info][gc,phases   ] GC(1593)   Evacuate Collection Set: 119.6ms
[2024-05-30T13:01:21.051+0000][8820.470s][info][gc,phases   ] GC(1593)   Post Evacuate Collection Set: 2.3ms
[2024-05-30T13:01:21.051+0000][8820.470s][info][gc,phases   ] GC(1593)   Other: 0.3ms
[2024-05-30T13:01:21.051+0000][8820.470s][info][gc,heap     ] GC(1593) Eden regions: 874->0(873)
[2024-05-30T13:01:21.051+0000][8820.470s][info][gc,heap     ] GC(1593) Survivor regions: 47->48(116)
[2024-05-30T13:01:21.051+0000][8820.470s][info][gc,heap     ] GC(1593) Old regions: 217->218
[2024-05-30T13:01:21.051+0000][8820.470s][info][gc,heap     ] GC(1593) Archive regions: 2->2
[2024-05-30T13:01:21.051+0000][8820.470s][info][gc,heap     ] GC(1593) Humongous regions: 5->5
[2024-05-30T13:01:21.051+0000][8820.470s][info][gc,metaspace] GC(1593) Metaspace: 433549K(439680K)->433549K(439680K) NonClass: 379477K(382848K)->379477K(382848K) Class: 54072K(56832K)->54072K(56832K)
[2024-05-30T13:01:21.051+0000][8820.470s][info][gc          ] GC(1593) Pause Young (Normal) (G1 Evacuation Pause) 9139M->2165M(12288M) 122.752ms
[2024-05-30T13:01:21.051+0000][8820.470s][info][gc,cpu      ] GC(1593) User=0.73s Sys=0.00s Real=0.13s
[2024-05-30T13:01:26.281+0000][8825.700s][info][gc,start    ] GC(1594) Pause Young (Normal) (G1 Evacuation Pause)
[2024-05-30T13:01:26.281+0000][8825.700s][info][gc,task     ] GC(1594) Using 6 workers of 6 for evacuation
[2024-05-30T13:01:26.405+0000][8825.824s][info][gc,phases   ] GC(1594)   Pre Evacuate Collection Set: 0.2ms
[2024-05-30T13:01:26.405+0000][8825.824s][info][gc,phases   ] GC(1594)   Merge Heap Roots: 0.3ms
[2024-05-30T13:01:26.405+0000][8825.824s][info][gc,phases   ] GC(1594)   Evacuate Collection Set: 121.1ms
[2024-05-30T13:01:26.405+0000][8825.824s][info][gc,phases   ] GC(1594)   Post Evacuate Collection Set: 2.4ms
[2024-05-30T13:01:26.405+0000][8825.824s][info][gc,phases   ] GC(1594)   Other: 0.2ms
[2024-05-30T13:01:26.405+0000][8825.824s][info][gc,heap     ] GC(1594) Eden regions: 873->0(873)
[2024-05-30T13:01:26.405+0000][8825.824s][info][gc,heap     ] GC(1594) Survivor regions: 48->48(116)
[2024-05-30T13:01:26.405+0000][8825.824s][info][gc,heap     ] GC(1594) Old regions: 218->218
[2024-05-30T13:01:26.405+0000][8825.824s][info][gc,heap     ] GC(1594) Archive regions: 2->2
[2024-05-30T13:01:26.405+0000][8825.824s][info][gc,heap     ] GC(1594) Humongous regions: 5->5
[2024-05-30T13:01:26.405+0000][8825.824s][info][gc,metaspace] GC(1594) Metaspace: 433557K(439680K)->433557K(439680K) NonClass: 379484K(382848K)->379484K(382848K) Class: 54072K(56832K)->54072K(56832K)
[2024-05-30T13:01:26.405+0000][8825.824s][info][gc          ] GC(1594) Pause Young (Normal) (G1 Evacuation Pause) 9149M->2162M(12288M) 124.309ms
[2024-05-30T13:01:26.405+0000][8825.824s][info][gc,cpu      ] GC(1594) User=0.74s Sys=0.00s Real=0.12s
[2024-05-30T13:01:31.749+0000][8831.168s][info][gc,start    ] GC(1595) Pause Young (Normal) (G1 Evacuation Pause)
[2024-05-30T13:01:31.749+0000][8831.168s][info][gc,task     ] GC(1595) Using 6 workers of 6 for evacuation
[2024-05-30T13:01:31.882+0000][8831.302s][info][gc,phases   ] GC(1595)   Pre Evacuate Collection Set: 0.2ms
[2024-05-30T13:01:31.882+0000][8831.302s][info][gc,phases   ] GC(1595)   Merge Heap Roots: 0.3ms
[2024-05-30T13:01:31.882+0000][8831.302s][info][gc,phases   ] GC(1595)   Evacuate Collection Set: 130.2ms
[2024-05-30T13:01:31.882+0000][8831.302s][info][gc,phases   ] GC(1595)   Post Evacuate Collection Set: 2.4ms
[2024-05-30T13:01:31.882+0000][8831.302s][info][gc,phases   ] GC(1595)   Other: 0.2ms
[2024-05-30T13:01:31.882+0000][8831.302s][info][gc,heap     ] GC(1595) Eden regions: 873->0(870)
[2024-05-30T13:01:31.882+0000][8831.302s][info][gc,heap     ] GC(1595) Survivor regions: 48->51(116)
[2024-05-30T13:01:31.882+0000][8831.302s][info][gc,heap     ] GC(1595) Old regions: 218->220
[2024-05-30T13:01:31.882+0000][8831.302s][info][gc,heap     ] GC(1595) Archive regions: 2->2
[2024-05-30T13:01:31.882+0000][8831.302s][info][gc,heap     ] GC(1595) Humongous regions: 5->5
[2024-05-30T13:01:31.882+0000][8831.302s][info][gc,metaspace] GC(1595) Metaspace: 433557K(439680K)->433557K(439680K) NonClass: 379484K(382848K)->379484K(382848K) Class: 54072K(56832K)->54072K(56832K)
[2024-05-30T13:01:31.882+0000][8831.302s][info][gc          ] GC(1595) Pause Young (Normal) (G1 Evacuation Pause) 9146M->2207M(12288M) 133.279ms
[2024-05-30T13:01:31.883+0000][8831.302s][info][gc,cpu      ] GC(1595) User=0.79s Sys=0.00s Real=0.13s
[2024-05-30T13:01:37.308+0000][8836.727s][info][gc,start    ] GC(1596) Pause Young (Normal) (G1 Evacuation Pause)
[2024-05-30T13:01:37.308+0000][8836.727s][info][gc,task     ] GC(1596) Using 6 workers of 6 for evacuation
[2024-05-30T13:01:37.437+0000][8836.856s][info][gc,phases   ] GC(1596)   Pre Evacuate Collection Set: 0.2ms
[2024-05-30T13:01:37.437+0000][8836.856s][info][gc,phases   ] GC(1596)   Merge Heap Roots: 0.3ms
[2024-05-30T13:01:37.437+0000][8836.856s][info][gc,phases   ] GC(1596)   Evacuate Collection Set: 126.8ms
[2024-05-30T13:01:37.437+0000][8836.856s][info][gc,phases   ] GC(1596)   Post Evacuate Collection Set: 2.0ms
[2024-05-30T13:01:37.437+0000][8836.856s][info][gc,phases   ] GC(1596)   Other: 0.3ms
[2024-05-30T13:01:37.437+0000][8836.856s][info][gc,heap     ] GC(1596) Eden regions: 870->0(872)
[2024-05-30T13:01:37.437+0000][8836.856s][info][gc,heap     ] GC(1596) Survivor regions: 51->49(116)
[2024-05-30T13:01:37.437+0000][8836.856s][info][gc,heap     ] GC(1596) Old regions: 220->223
[2024-05-30T13:01:37.437+0000][8836.856s][info][gc,heap     ] GC(1596) Archive regions: 2->2
[2024-05-30T13:01:37.437+0000][8836.856s][info][gc,heap     ] GC(1596) Humongous regions: 5->5
[2024-05-30T13:01:37.437+0000][8836.856s][info][gc,metaspace] GC(1596) Metaspace: 433572K(439744K)->433572K(439744K) NonClass: 379500K(382912K)->379500K(382912K) Class: 54072K(56832K)->54072K(56832K)
[2024-05-30T13:01:37.437+0000][8836.856s][info][gc          ] GC(1596) Pause Young (Normal) (G1 Evacuation Pause) 9167M->2212M(12288M) 129.601ms
[2024-05-30T13:01:37.437+0000][8836.856s][info][gc,cpu      ] GC(1596) User=0.77s Sys=0.00s Real=0.14s
[2024-05-30T13:01:42.745+0000][8842.165s][info][gc,start    ] GC(1597) Pause Young (Concurrent Start) (G1 Evacuation Pause)
[2024-05-30T13:01:42.745+0000][8842.165s][info][gc,task     ] GC(1597) Using 6 workers of 6 for evacuation
[2024-05-30T13:01:42.877+0000][8842.296s][info][gc,phases   ] GC(1597)   Pre Evacuate Collection Set: 0.6ms
[2024-05-30T13:01:42.877+0000][8842.297s][info][gc,phases   ] GC(1597)   Merge Heap Roots: 0.3ms
[2024-05-30T13:01:42.877+0000][8842.297s][info][gc,phases   ] GC(1597)   Evacuate Collection Set: 128.6ms
[2024-05-30T13:01:42.877+0000][8842.297s][info][gc,phases   ] GC(1597)   Post Evacuate Collection Set: 2.2ms
[2024-05-30T13:01:42.877+0000][8842.297s][info][gc,phases   ] GC(1597)   Other: 0.3ms
[2024-05-30T13:01:42.877+0000][8842.297s][info][gc,heap     ] GC(1597) Eden regions: 872->0(873)
[2024-05-30T13:01:42.877+0000][8842.297s][info][gc,heap     ] GC(1597) Survivor regions: 49->48(116)
[2024-05-30T13:01:42.877+0000][8842.297s][info][gc,heap     ] GC(1597) Old regions: 223->226
[2024-05-30T13:01:42.877+0000][8842.297s][info][gc,heap     ] GC(1597) Archive regions: 2->2
[2024-05-30T13:01:42.877+0000][8842.297s][info][gc,heap     ] GC(1597) Humongous regions: 5->5
[2024-05-30T13:01:42.877+0000][8842.297s][info][gc,metaspace] GC(1597) Metaspace: 433572K(439744K)->433572K(439744K) NonClass: 379500K(382912K)->379500K(382912K) Class: 54072K(56832K)->54072K(56832K)
[2024-05-30T13:01:42.877+0000][8842.297s][info][gc          ] GC(1597) Pause Young (Concurrent Start) (G1 Evacuation Pause) 9188M->2225M(12288M) 131.981ms
[2024-05-30T13:01:42.877+0000][8842.297s][info][gc,cpu      ] GC(1597) User=0.79s Sys=0.00s Real=0.14s
[2024-05-30T13:01:42.877+0000][8842.297s][info][gc          ] GC(1598) Concurrent Mark Cycle
[2024-05-30T13:01:42.877+0000][8842.297s][info][gc,marking  ] GC(1598) Concurrent Clear Claimed Marks
[2024-05-30T13:01:42.878+0000][8842.297s][info][gc,marking  ] GC(1598) Concurrent Clear Claimed Marks 0.461ms
[2024-05-30T13:01:42.878+0000][8842.297s][info][gc,marking  ] GC(1598) Concurrent Scan Root Regions
[2024-05-30T13:01:42.973+0000][8842.392s][info][gc,marking  ] GC(1598) Concurrent Scan Root Regions 95.109ms
[2024-05-30T13:01:42.973+0000][8842.392s][info][gc,marking  ] GC(1598) Concurrent Mark
[2024-05-30T13:01:42.973+0000][8842.392s][info][gc,marking  ] GC(1598) Concurrent Mark From Roots
[2024-05-30T13:01:42.973+0000][8842.392s][info][gc,task     ] GC(1598) Using 2 workers of 2 for marking
[2024-05-30T13:01:44.138+0000][8843.558s][info][gc,marking  ] GC(1598) Concurrent Mark From Roots 1165.148ms
[2024-05-30T13:01:44.138+0000][8843.558s][info][gc,marking  ] GC(1598) Concurrent Preclean
[2024-05-30T13:01:44.139+0000][8843.558s][info][gc,marking  ] GC(1598) Concurrent Preclean 0.862ms
[2024-05-30T13:01:44.139+0000][8843.559s][info][gc,start    ] GC(1598) Pause Remark
[2024-05-30T13:01:44.164+0000][8843.584s][info][gc          ] GC(1598) Pause Remark 3749M->3749M(12288M) 25.009ms
[2024-05-30T13:01:44.164+0000][8843.584s][info][gc,cpu      ] GC(1598) User=0.13s Sys=0.00s Real=0.02s
[2024-05-30T13:01:44.164+0000][8843.584s][info][gc,marking  ] GC(1598) Concurrent Mark 1191.392ms
[2024-05-30T13:01:44.165+0000][8843.584s][info][gc,marking  ] GC(1598) Concurrent Rebuild Remembered Sets
[2024-05-30T13:01:44.852+0000][8844.271s][info][gc,marking  ] GC(1598) Concurrent Rebuild Remembered Sets 687.634ms
[2024-05-30T13:01:44.852+0000][8844.272s][info][gc,start    ] GC(1598) Pause Cleanup
[2024-05-30T13:01:44.853+0000][8844.272s][info][gc          ] GC(1598) Pause Cleanup 4513M->4513M(12288M) 0.555ms
[2024-05-30T13:01:44.853+0000][8844.272s][info][gc,cpu      ] GC(1598) User=0.00s Sys=0.00s Real=0.00s
[2024-05-30T13:01:44.853+0000][8844.272s][info][gc,marking  ] GC(1598) Concurrent Cleanup for Next Mark
[2024-05-30T13:01:44.870+0000][8844.289s][info][gc,marking  ] GC(1598) Concurrent Cleanup for Next Mark 17.087ms
[2024-05-30T13:01:44.870+0000][8844.289s][info][gc          ] GC(1598) Concurrent Mark Cycle 1992.722ms
[2024-05-30T13:01:48.512+0000][8847.931s][info][gc,start    ] GC(1599) Pause Young (Prepare Mixed) (G1 Evacuation Pause)
[2024-05-30T13:01:48.512+0000][8847.931s][info][gc,task     ] GC(1599) Using 6 workers of 6 for evacuation
[2024-05-30T13:01:48.641+0000][8848.060s][info][gc,phases   ] GC(1599)   Pre Evacuate Collection Set: 0.2ms
[2024-05-30T13:01:48.641+0000][8848.060s][info][gc,phases   ] GC(1599)   Merge Heap Roots: 0.3ms
[2024-05-30T13:01:48.641+0000][8848.060s][info][gc,phases   ] GC(1599)   Evacuate Collection Set: 126.2ms
[2024-05-30T13:01:48.641+0000][8848.060s][info][gc,phases   ] GC(1599)   Post Evacuate Collection Set: 2.1ms
[2024-05-30T13:01:48.641+0000][8848.060s][info][gc,phases   ] GC(1599)   Other: 0.2ms
[2024-05-30T13:01:48.641+0000][8848.060s][info][gc,heap     ] GC(1599) Eden regions: 873->0(30)
[2024-05-30T13:01:48.641+0000][8848.060s][info][gc,heap     ] GC(1599) Survivor regions: 48->46(116)
[2024-05-30T13:01:48.641+0000][8848.060s][info][gc,heap     ] GC(1599) Old regions: 226->228
[2024-05-30T13:01:48.641+0000][8848.060s][info][gc,heap     ] GC(1599) Archive regions: 2->2
[2024-05-30T13:01:48.641+0000][8848.060s][info][gc,heap     ] GC(1599) Humongous regions: 5->5
[2024-05-30T13:01:48.641+0000][8848.060s][info][gc,metaspace] GC(1599) Metaspace: 433580K(439744K)->433580K(439744K) NonClass: 379508K(382912K)->379508K(382912K) Class: 54072K(56832K)->54072K(56832K)
[2024-05-30T13:01:48.641+0000][8848.060s][info][gc          ] GC(1599) Pause Young (Prepare Mixed) (G1 Evacuation Pause) 9209M->2234M(12288M) 129.038ms
[2024-05-30T13:01:48.641+0000][8848.060s][info][gc,cpu      ] GC(1599) User=0.76s Sys=0.00s Real=0.13s
[2024-05-30T13:01:48.831+0000][8848.250s][info][gc,start    ] GC(1600) Pause Young (Mixed) (G1 Evacuation Pause)
[2024-05-30T13:01:48.831+0000][8848.250s][info][gc,task     ] GC(1600) Using 6 workers of 6 for evacuation
[2024-05-30T13:01:48.955+0000][8848.374s][info][gc,phases   ] GC(1600)   Pre Evacuate Collection Set: 0.2ms
[2024-05-30T13:01:48.955+0000][8848.374s][info][gc,phases   ] GC(1600)   Merge Heap Roots: 0.2ms
[2024-05-30T13:01:48.955+0000][8848.374s][info][gc,phases   ] GC(1600)   Evacuate Collection Set: 122.0ms
[2024-05-30T13:01:48.955+0000][8848.374s][info][gc,phases   ] GC(1600)   Post Evacuate Collection Set: 1.3ms
[2024-05-30T13:01:48.955+0000][8848.374s][info][gc,phases   ] GC(1600)   Other: 0.2ms
[2024-05-30T13:01:48.955+0000][8848.374s][info][gc,heap     ] GC(1600) Eden regions: 30->0(918)
[2024-05-30T13:01:48.955+0000][8848.374s][info][gc,heap     ] GC(1600) Survivor regions: 46->3(10)
[2024-05-30T13:01:48.955+0000][8848.374s][info][gc,heap     ] GC(1600) Old regions: 228->258
[2024-05-30T13:01:48.955+0000][8848.374s][info][gc,heap     ] GC(1600) Archive regions: 2->2
[2024-05-30T13:01:48.955+0000][8848.374s][info][gc,heap     ] GC(1600) Humongous regions: 5->5
[2024-05-30T13:01:48.955+0000][8848.374s][info][gc,metaspace] GC(1600) Metaspace: 433580K(439744K)->433580K(439744K) NonClass: 379508K(382912K)->379508K(382912K) Class: 54072K(56832K)->54072K(56832K)
[2024-05-30T13:01:48.955+0000][8848.374s][info][gc          ] GC(1600) Pause Young (Mixed) (G1 Evacuation Pause) 2474M->2127M(12288M) 123.877ms
[2024-05-30T13:01:48.955+0000][8848.374s][info][gc,cpu      ] GC(1600) User=0.74s Sys=0.00s Real=0.12s
[2024-05-30T13:01:54.584+0000][8854.003s][info][gc,start    ] GC(1601) Pause Young (Normal) (G1 Evacuation Pause)
[2024-05-30T13:01:54.584+0000][8854.003s][info][gc,task     ] GC(1601) Using 6 workers of 6 for evacuation
[2024-05-30T13:01:54.620+0000][8854.040s][info][gc,phases   ] GC(1601)   Pre Evacuate Collection Set: 0.2ms
[2024-05-30T13:01:54.620+0000][8854.040s][info][gc,phases   ] GC(1601)   Merge Heap Roots: 0.3ms
[2024-05-30T13:01:54.620+0000][8854.040s][info][gc,phases   ] GC(1601)   Evacuate Collection Set: 34.0ms
[2024-05-30T13:01:54.620+0000][8854.040s][info][gc,phases   ] GC(1601)   Post Evacuate Collection Set: 2.0ms
[2024-05-30T13:01:54.620+0000][8854.040s][info][gc,phases   ] GC(1601)   Other: 0.2ms
[2024-05-30T13:01:54.620+0000][8854.040s][info][gc,heap     ] GC(1601) Eden regions: 918->0(913)
[2024-05-30T13:01:54.620+0000][8854.040s][info][gc,heap     ] GC(1601) Survivor regions: 3->8(116)
[2024-05-30T13:01:54.620+0000][8854.040s][info][gc,heap     ] GC(1601) Old regions: 258->258
[2024-05-30T13:01:54.620+0000][8854.040s][info][gc,heap     ] GC(1601) Archive regions: 2->2
[2024-05-30T13:01:54.620+0000][8854.040s][info][gc,heap     ] GC(1601) Humongous regions: 5->5
[2024-05-30T13:01:54.620+0000][8854.040s][info][gc,metaspace] GC(1601) Metaspace: 433581K(439744K)->433581K(439744K) NonClass: 379509K(382912K)->379509K(382912K) Class: 54072K(56832K)->54072K(56832K)
[2024-05-30T13:01:54.620+0000][8854.040s][info][gc          ] GC(1601) Pause Young (Normal) (G1 Evacuation Pause) 9471M->2162M(12288M) 36.688ms
[2024-05-30T13:01:54.620+0000][8854.040s][info][gc,cpu      ] GC(1601) User=0.21s Sys=0.00s Real=0.04s
[2024-05-30T13:02:00.150+0000][8859.570s][info][gc,start    ] GC(1602) Pause Young (Normal) (G1 Evacuation Pause)
[2024-05-30T13:02:00.151+0000][8859.570s][info][gc,task     ] GC(1602) Using 6 workers of 6 for evacuation
[2024-05-30T13:02:00.183+0000][8859.602s][info][gc,phases   ] GC(1602)   Pre Evacuate Collection Set: 0.2ms
[2024-05-30T13:02:00.183+0000][8859.602s][info][gc,phases   ] GC(1602)   Merge Heap Roots: 0.3ms
[2024-05-30T13:02:00.183+0000][8859.602s][info][gc,phases   ] GC(1602)   Evacuate Collection Set: 29.8ms
[2024-05-30T13:02:00.183+0000][8859.602s][info][gc,phases   ] GC(1602)   Post Evacuate Collection Set: 2.0ms
[2024-05-30T13:02:00.183+0000][8859.602s][info][gc,phases   ] GC(1602)   Other: 0.2ms
[2024-05-30T13:02:00.183+0000][8859.602s][info][gc,heap     ] GC(1602) Eden regions: 913->0(910)
[2024-05-30T13:02:00.183+0000][8859.602s][info][gc,heap     ] GC(1602) Survivor regions: 8->11(116)
[2024-05-30T13:02:00.183+0000][8859.602s][info][gc,heap     ] GC(1602) Old regions: 258->258
[2024-05-30T13:02:00.183+0000][8859.602s][info][gc,heap     ] GC(1602) Archive regions: 2->2
[2024-05-30T13:02:00.183+0000][8859.602s][info][gc,heap     ] GC(1602) Humongous regions: 5->5
[2024-05-30T13:02:00.183+0000][8859.602s][info][gc,metaspace] GC(1602) Metaspace: 433581K(439744K)->433581K(439744K) NonClass: 379509K(382912K)->379509K(382912K) Class: 54072K(56832K)->54072K(56832K)
[2024-05-30T13:02:00.183+0000][8859.602s][info][gc          ] GC(1602) Pause Young (Normal) (G1 Evacuation Pause) 9466M->2191M(12288M) 32.487ms
[2024-05-30T13:02:00.183+0000][8859.602s][info][gc,cpu      ] GC(1602) User=0.19s Sys=0.00s Real=0.03s
[2024-05-30T13:02:05.758+0000][8865.177s][info][gc,start    ] GC(1603) Pause Young (Concurrent Start) (G1 Evacuation Pause)
[2024-05-30T13:02:05.758+0000][8865.177s][info][gc,task     ] GC(1603) Using 6 workers of 6 for evacuation
[2024-05-30T13:02:05.804+0000][8865.223s][info][gc,phases   ] GC(1603)   Pre Evacuate Collection Set: 0.6ms
[2024-05-30T13:02:05.804+0000][8865.223s][info][gc,phases   ] GC(1603)   Merge Heap Roots: 0.3ms
[2024-05-30T13:02:05.804+0000][8865.223s][info][gc,phases   ] GC(1603)   Evacuate Collection Set: 43.0ms
[2024-05-30T13:02:05.804+0000][8865.223s][info][gc,phases   ] GC(1603)   Post Evacuate Collection Set: 2.1ms
[2024-05-30T13:02:05.804+0000][8865.223s][info][gc,phases   ] GC(1603)   Other: 0.3ms
[2024-05-30T13:02:05.804+0000][8865.223s][info][gc,heap     ] GC(1603) Eden regions: 910->0(904)
[2024-05-30T13:02:05.804+0000][8865.223s][info][gc,heap     ] GC(1603) Survivor regions: 11->17(116)
[2024-05-30T13:02:05.804+0000][8865.223s][info][gc,heap     ] GC(1603) Old regions: 258->258
[2024-05-30T13:02:05.804+0000][8865.223s][info][gc,heap     ] GC(1603) Archive regions: 2->2
[2024-05-30T13:02:05.804+0000][8865.223s][info][gc,heap     ] GC(1603) Humongous regions: 5->5
[2024-05-30T13:02:05.804+0000][8865.223s][info][gc,metaspace] GC(1603) Metaspace: 433581K(439744K)->433581K(439744K) NonClass: 379509K(382912K)->379509K(382912K) Class: 54072K(56832K)->54072K(56832K)
[2024-05-30T13:02:05.804+0000][8865.223s][info][gc          ] GC(1603) Pause Young (Concurrent Start) (G1 Evacuation Pause) 9471M->2239M(12288M) 46.256ms
[2024-05-30T13:02:05.804+0000][8865.223s][info][gc,cpu      ] GC(1603) User=0.32s Sys=0.00s Real=0.04s
[2024-05-30T13:02:05.804+0000][8865.223s][info][gc          ] GC(1604) Concurrent Mark Cycle
[2024-05-30T13:02:05.804+0000][8865.223s][info][gc,marking  ] GC(1604) Concurrent Clear Claimed Marks
[2024-05-30T13:02:05.805+0000][8865.224s][info][gc,marking  ] GC(1604) Concurrent Clear Claimed Marks 0.441ms
[2024-05-30T13:02:05.805+0000][8865.224s][info][gc,marking  ] GC(1604) Concurrent Scan Root Regions
[2024-05-30T13:02:05.831+0000][8865.250s][info][gc,marking  ] GC(1604) Concurrent Scan Root Regions 26.646ms
[2024-05-30T13:02:05.831+0000][8865.251s][info][gc,marking  ] GC(1604) Concurrent Mark
[2024-05-30T13:02:05.831+0000][8865.251s][info][gc,marking  ] GC(1604) Concurrent Mark From Roots
[2024-05-30T13:02:05.831+0000][8865.251s][info][gc,task     ] GC(1604) Using 2 workers of 2 for marking
[2024-05-30T13:02:07.443+0000][8866.863s][info][gc,marking  ] GC(1604) Concurrent Mark From Roots 1612.085ms
[2024-05-30T13:02:07.443+0000][8866.863s][info][gc,marking  ] GC(1604) Concurrent Preclean
[2024-05-30T13:02:07.445+0000][8866.864s][info][gc,marking  ] GC(1604) Concurrent Preclean 1.146ms
[2024-05-30T13:02:07.445+0000][8866.864s][info][gc,start    ] GC(1604) Pause Remark
[2024-05-30T13:02:07.469+0000][8866.888s][info][gc          ] GC(1604) Pause Remark 4119M->4119M(12288M) 23.891ms
[2024-05-30T13:02:07.469+0000][8866.888s][info][gc,cpu      ] GC(1604) User=0.11s Sys=0.00s Real=0.03s
[2024-05-30T13:02:07.469+0000][8866.888s][info][gc,marking  ] GC(1604) Concurrent Mark 1637.533ms
[2024-05-30T13:02:07.469+0000][8866.888s][info][gc,marking  ] GC(1604) Concurrent Rebuild Remembered Sets
[2024-05-30T13:02:08.417+0000][8867.837s][info][gc,marking  ] GC(1604) Concurrent Rebuild Remembered Sets 948.523ms
[2024-05-30T13:02:08.418+0000][8867.837s][info][gc,start    ] GC(1604) Pause Cleanup
[2024-05-30T13:02:08.418+0000][8867.837s][info][gc          ] GC(1604) Pause Cleanup 5307M->5307M(12288M) 0.525ms
[2024-05-30T13:02:08.418+0000][8867.837s][info][gc,cpu      ] GC(1604) User=0.01s Sys=0.00s Real=0.00s
[2024-05-30T13:02:08.418+0000][8867.837s][info][gc,marking  ] GC(1604) Concurrent Cleanup for Next Mark
[2024-05-30T13:02:08.435+0000][8867.854s][info][gc,marking  ] GC(1604) Concurrent Cleanup for Next Mark 16.654ms
[2024-05-30T13:02:08.435+0000][8867.854s][info][gc          ] GC(1604) Concurrent Mark Cycle 2630.851ms
[2024-05-30T13:02:11.636+0000][8871.055s][info][gc,start    ] GC(1605) Pause Young (Prepare Mixed) (G1 Evacuation Pause)
[2024-05-30T13:02:11.636+0000][8871.055s][info][gc,task     ] GC(1605) Using 6 workers of 6 for evacuation
[2024-05-30T13:02:11.684+0000][8871.103s][info][gc,phases   ] GC(1605)   Pre Evacuate Collection Set: 0.2ms
[2024-05-30T13:02:11.684+0000][8871.103s][info][gc,phases   ] GC(1605)   Merge Heap Roots: 0.3ms
[2024-05-30T13:02:11.684+0000][8871.103s][info][gc,phases   ] GC(1605)   Evacuate Collection Set: 45.1ms
[2024-05-30T13:02:11.684+0000][8871.103s][info][gc,phases   ] GC(1605)   Post Evacuate Collection Set: 2.1ms
[2024-05-30T13:02:11.684+0000][8871.103s][info][gc,phases   ] GC(1605)   Other: 0.2ms
[2024-05-30T13:02:11.684+0000][8871.103s][info][gc,heap     ] GC(1605) Eden regions: 904->0(57)
[2024-05-30T13:02:11.684+0000][8871.103s][info][gc,heap     ] GC(1605) Survivor regions: 17->19(116)
[2024-05-30T13:02:11.684+0000][8871.103s][info][gc,heap     ] GC(1605) Old regions: 258->258
[2024-05-30T13:02:11.684+0000][8871.103s][info][gc,heap     ] GC(1605) Archive regions: 2->2
[2024-05-30T13:02:11.684+0000][8871.103s][info][gc,heap     ] GC(1605) Humongous regions: 5->5
[2024-05-30T13:02:11.684+0000][8871.103s][info][gc,metaspace] GC(1605) Metaspace: 433581K(439744K)->433581K(439744K) NonClass: 379509K(382912K)->379509K(382912K) Class: 54072K(56832K)->54072K(56832K)
[2024-05-30T13:02:11.684+0000][8871.103s][info][gc          ] GC(1605) Pause Young (Prepare Mixed) (G1 Evacuation Pause) 9471M->2255M(12288M) 47.988ms
[2024-05-30T13:02:11.684+0000][8871.103s][info][gc,cpu      ] GC(1605) User=0.29s Sys=0.00s Real=0.05s
[2024-05-30T13:02:12.035+0000][8871.454s][info][gc,start    ] GC(1606) Pause Young (Mixed) (G1 Evacuation Pause)
[2024-05-30T13:02:12.035+0000][8871.454s][info][gc,task     ] GC(1606) Using 6 workers of 6 for evacuation
[2024-05-30T13:02:12.094+0000][8871.513s][info][gc,phases   ] GC(1606)   Pre Evacuate Collection Set: 0.2ms
[2024-05-30T13:02:12.094+0000][8871.513s][info][gc,phases   ] GC(1606)   Merge Heap Roots: 0.2ms
[2024-05-30T13:02:12.094+0000][8871.513s][info][gc,phases   ] GC(1606)   Evacuate Collection Set: 56.8ms
[2024-05-30T13:02:12.094+0000][8871.513s][info][gc,phases   ] GC(1606)   Post Evacuate Collection Set: 1.3ms
[2024-05-30T13:02:12.094+0000][8871.513s][info][gc,phases   ] GC(1606)   Other: 0.2ms
[2024-05-30T13:02:12.094+0000][8871.513s][info][gc,heap     ] GC(1606) Eden regions: 57->0(918)
[2024-05-30T13:02:12.094+0000][8871.513s][info][gc,heap     ] GC(1606) Survivor regions: 19->3(10)
[2024-05-30T13:02:12.094+0000][8871.513s][info][gc,heap     ] GC(1606) Old regions: 258->262
[2024-05-30T13:02:12.094+0000][8871.513s][info][gc,heap     ] GC(1606) Archive regions: 2->2
[2024-05-30T13:02:12.094+0000][8871.513s][info][gc,heap     ] GC(1606) Humongous regions: 5->5
[2024-05-30T13:02:12.094+0000][8871.513s][info][gc,metaspace] GC(1606) Metaspace: 433581K(439744K)->433581K(439744K) NonClass: 379509K(382912K)->379509K(382912K) Class: 54072K(56832K)->54072K(56832K)
[2024-05-30T13:02:12.094+0000][8871.513s][info][gc          ] GC(1606) Pause Young (Mixed) (G1 Evacuation Pause) 2711M->2160M(12288M) 58.718ms
[2024-05-30T13:02:12.094+0000][8871.513s][info][gc,cpu      ] GC(1606) User=0.34s Sys=0.00s Real=0.06s
[2024-05-30T13:02:17.745+0000][8877.165s][info][gc,start    ] GC(1607) Pause Young (Normal) (G1 Evacuation Pause)
[2024-05-30T13:02:17.745+0000][8877.165s][info][gc,task     ] GC(1607) Using 6 workers of 6 for evacuation
[2024-05-30T13:02:17.765+0000][8877.184s][info][gc,phases   ] GC(1607)   Pre Evacuate Collection Set: 0.2ms
[2024-05-30T13:02:17.765+0000][8877.184s][info][gc,phases   ] GC(1607)   Merge Heap Roots: 0.2ms
[2024-05-30T13:02:17.765+0000][8877.184s][info][gc,phases   ] GC(1607)   Evacuate Collection Set: 17.1ms
[2024-05-30T13:02:17.765+0000][8877.184s][info][gc,phases   ] GC(1607)   Post Evacuate Collection Set: 1.8ms
[2024-05-30T13:02:17.765+0000][8877.184s][info][gc,phases   ] GC(1607)   Other: 0.2ms
[2024-05-30T13:02:17.765+0000][8877.184s][info][gc,heap     ] GC(1607) Eden regions: 918->0(914)
[2024-05-30T13:02:17.765+0000][8877.184s][info][gc,heap     ] GC(1607) Survivor regions: 3->7(116)
[2024-05-30T13:02:17.765+0000][8877.184s][info][gc,heap     ] GC(1607) Old regions: 262->262
[2024-05-30T13:02:17.765+0000][8877.184s][info][gc,heap     ] GC(1607) Archive regions: 2->2
[2024-05-30T13:02:17.765+0000][8877.184s][info][gc,heap     ] GC(1607) Humongous regions: 5->5
[2024-05-30T13:02:17.765+0000][8877.184s][info][gc,metaspace] GC(1607) Metaspace: 433581K(439744K)->433581K(439744K) NonClass: 379509K(382912K)->379509K(382912K) Class: 54072K(56832K)->54072K(56832K)
[2024-05-30T13:02:17.765+0000][8877.184s][info][gc          ] GC(1607) Pause Young (Normal) (G1 Evacuation Pause) 9503M->2189M(12288M) 19.564ms
[2024-05-30T13:02:17.765+0000][8877.184s][info][gc,cpu      ] GC(1607) User=0.12s Sys=0.00s Real=0.02s
[2024-05-30T13:02:23.359+0000][8882.778s][info][gc,start    ] GC(1608) Pause Young (Normal) (G1 Evacuation Pause)
[2024-05-30T13:02:23.359+0000][8882.778s][info][gc,task     ] GC(1608) Using 6 workers of 6 for evacuation
[2024-05-30T13:02:23.387+0000][8882.806s][info][gc,phases   ] GC(1608)   Pre Evacuate Collection Set: 0.2ms
[2024-05-30T13:02:23.387+0000][8882.806s][info][gc,phases   ] GC(1608)   Merge Heap Roots: 0.3ms
[2024-05-30T13:02:23.387+0000][8882.806s][info][gc,phases   ] GC(1608)   Evacuate Collection Set: 25.2ms
[2024-05-30T13:02:23.387+0000][8882.806s][info][gc,phases   ] GC(1608)   Post Evacuate Collection Set: 2.0ms
[2024-05-30T13:02:23.387+0000][8882.806s][info][gc,phases   ] GC(1608)   Other: 0.2ms
[2024-05-30T13:02:23.387+0000][8882.806s][info][gc,heap     ] GC(1608) Eden regions: 914->0(910)
[2024-05-30T13:02:23.387+0000][8882.806s][info][gc,heap     ] GC(1608) Survivor regions: 7->11(116)
[2024-05-30T13:02:23.387+0000][8882.806s][info][gc,heap     ] GC(1608) Old regions: 262->262
[2024-05-30T13:02:23.387+0000][8882.806s][info][gc,heap     ] GC(1608) Archive regions: 2->2
[2024-05-30T13:02:23.387+0000][8882.806s][info][gc,heap     ] GC(1608) Humongous regions: 5->5
[2024-05-30T13:02:23.387+0000][8882.806s][info][gc,metaspace] GC(1608) Metaspace: 433581K(439744K)->433581K(439744K) NonClass: 379509K(382912K)->379509K(382912K) Class: 54072K(56832K)->54072K(56832K)
[2024-05-30T13:02:23.387+0000][8882.806s][info][gc          ] GC(1608) Pause Young (Normal) (G1 Evacuation Pause) 9501M->2222M(12288M) 27.905ms
[2024-05-30T13:02:23.387+0000][8882.806s][info][gc,cpu      ] GC(1608) User=0.16s Sys=0.00s Real=0.02s
[2024-05-30T13:02:27.293+0000][8886.712s][info][gc,start    ] GC(1609) Pause Young (Concurrent Start) (G1 Evacuation Pause)
[2024-05-30T13:02:27.293+0000][8886.712s][info][gc,task     ] GC(1609) Using 6 workers of 6 for evacuation
[2024-05-30T13:02:27.350+0000][8886.769s][info][gc,phases   ] GC(1609)   Pre Evacuate Collection Set: 0.6ms
[2024-05-30T13:02:27.350+0000][8886.769s][info][gc,phases   ] GC(1609)   Merge Heap Roots: 0.2ms
[2024-05-30T13:02:27.350+0000][8886.769s][info][gc,phases   ] GC(1609)   Evacuate Collection Set: 48.4ms
[2024-05-30T13:02:27.350+0000][8886.769s][info][gc,phases   ] GC(1609)   Post Evacuate Collection Set: 7.6ms
[2024-05-30T13:02:27.350+0000][8886.769s][info][gc,phases   ] GC(1609)   Other: 0.3ms
[2024-05-30T13:02:27.350+0000][8886.769s][info][gc,heap     ] GC(1609) Eden regions: 910->0(906)
[2024-05-30T13:02:27.350+0000][8886.769s][info][gc,heap     ] GC(1609) Survivor regions: 11->15(116)
[2024-05-30T13:02:27.350+0000][8886.769s][info][gc,heap     ] GC(1609) Old regions: 262->262
[2024-05-30T13:02:27.350+0000][8886.769s][info][gc,heap     ] GC(1609) Archive regions: 2->2
[2024-05-30T13:02:27.350+0000][8886.769s][info][gc,heap     ] GC(1609) Humongous regions: 5->5
[2024-05-30T13:02:27.350+0000][8886.769s][info][gc,metaspace] GC(1609) Metaspace: 433582K(439744K)->433582K(439744K) NonClass: 379509K(382912K)->379509K(382912K) Class: 54072K(56832K)->54072K(56832K)
[2024-05-30T13:02:27.350+0000][8886.769s][info][gc          ] GC(1609) Pause Young (Concurrent Start) (G1 Evacuation Pause) 9502M->2252M(12288M) 57.184ms
[2024-05-30T13:02:27.350+0000][8886.770s][info][gc,cpu      ] GC(1609) User=0.32s Sys=0.01s Real=0.06s
[2024-05-30T13:02:27.350+0000][8886.770s][info][gc          ] GC(1610) Concurrent Mark Cycle
[2024-05-30T13:02:27.350+0000][8886.770s][info][gc,marking  ] GC(1610) Concurrent Clear Claimed Marks
[2024-05-30T13:02:27.351+0000][8886.770s][info][gc,marking  ] GC(1610) Concurrent Clear Claimed Marks 0.434ms
[2024-05-30T13:02:27.351+0000][8886.770s][info][gc,marking  ] GC(1610) Concurrent Scan Root Regions
[2024-05-30T13:02:27.409+0000][8886.828s][info][gc,marking  ] GC(1610) Concurrent Scan Root Regions 57.975ms
[2024-05-30T13:02:27.409+0000][8886.828s][info][gc,marking  ] GC(1610) Concurrent Mark
[2024-05-30T13:02:27.409+0000][8886.828s][info][gc,marking  ] GC(1610) Concurrent Mark From Roots
[2024-05-30T13:02:27.409+0000][8886.828s][info][gc,task     ] GC(1610) Using 2 workers of 2 for marking
[2024-05-30T13:02:29.053+0000][8888.472s][info][gc,marking  ] GC(1610) Concurrent Mark From Roots 1644.239ms
[2024-05-30T13:02:29.053+0000][8888.472s][info][gc,marking  ] GC(1610) Concurrent Preclean
[2024-05-30T13:02:29.054+0000][8888.473s][info][gc,marking  ] GC(1610) Concurrent Preclean 0.863ms
[2024-05-30T13:02:29.054+0000][8888.473s][info][gc,start    ] GC(1610) Pause Remark
[2024-05-30T13:02:29.078+0000][8888.498s][info][gc          ] GC(1610) Pause Remark 6428M->6428M(12288M) 24.169ms
[2024-05-30T13:02:29.078+0000][8888.498s][info][gc,cpu      ] GC(1610) User=0.11s Sys=0.01s Real=0.03s
[2024-05-30T13:02:29.079+0000][8888.498s][info][gc,marking  ] GC(1610) Concurrent Mark 1669.756ms
[2024-05-30T13:02:29.079+0000][8888.498s][info][gc,marking  ] GC(1610) Concurrent Rebuild Remembered Sets
[2024-05-30T13:02:30.117+0000][8889.537s][info][gc,marking  ] GC(1610) Concurrent Rebuild Remembered Sets 1038.669ms
[2024-05-30T13:02:30.117+0000][8889.537s][info][gc,start    ] GC(1610) Pause Cleanup
[2024-05-30T13:02:30.118+0000][8889.537s][info][gc          ] GC(1610) Pause Cleanup 9364M->9364M(12288M) 0.597ms
[2024-05-30T13:02:30.118+0000][8889.537s][info][gc,cpu      ] GC(1610) User=0.00s Sys=0.00s Real=0.00s
[2024-05-30T13:02:30.118+0000][8889.537s][info][gc,marking  ] GC(1610) Concurrent Cleanup for Next Mark
[2024-05-30T13:02:30.135+0000][8889.554s][info][gc,marking  ] GC(1610) Concurrent Cleanup for Next Mark 16.800ms
[2024-05-30T13:02:30.135+0000][8889.554s][info][gc          ] GC(1610) Concurrent Mark Cycle 2784.682ms
[2024-05-30T13:02:30.161+0000][8889.580s][info][gc,start    ] GC(1611) Pause Young (Prepare Mixed) (G1 Evacuation Pause)
[2024-05-30T13:02:30.161+0000][8889.580s][info][gc,task     ] GC(1611) Using 6 workers of 6 for evacuation
[2024-05-30T13:02:30.253+0000][8889.673s][info][gc,phases   ] GC(1611)   Pre Evacuate Collection Set: 0.2ms
[2024-05-30T13:02:30.253+0000][8889.673s][info][gc,phases   ] GC(1611)   Merge Heap Roots: 0.3ms
[2024-05-30T13:02:30.253+0000][8889.673s][info][gc,phases   ] GC(1611)   Evacuate Collection Set: 75.0ms
[2024-05-30T13:02:30.253+0000][8889.673s][info][gc,phases   ] GC(1611)   Post Evacuate Collection Set: 16.9ms
[2024-05-30T13:02:30.253+0000][8889.673s][info][gc,phases   ] GC(1611)   Other: 0.2ms
[2024-05-30T13:02:30.253+0000][8889.673s][info][gc,heap     ] GC(1611) Eden regions: 906->0(53)
[2024-05-30T13:02:30.253+0000][8889.673s][info][gc,heap     ] GC(1611) Survivor regions: 15->23(116)
[2024-05-30T13:02:30.253+0000][8889.673s][info][gc,heap     ] GC(1611) Old regions: 262->262
[2024-05-30T13:02:30.253+0000][8889.673s][info][gc,heap     ] GC(1611) Archive regions: 2->2
[2024-05-30T13:02:30.253+0000][8889.673s][info][gc,heap     ] GC(1611) Humongous regions: 5->5
[2024-05-30T13:02:30.253+0000][8889.673s][info][gc,metaspace] GC(1611) Metaspace: 433582K(439744K)->433582K(439744K) NonClass: 379509K(382912K)->379509K(382912K) Class: 54072K(56832K)->54072K(56832K)
[2024-05-30T13:02:30.253+0000][8889.673s][info][gc          ] GC(1611) Pause Young (Prepare Mixed) (G1 Evacuation Pause) 9500M->2315M(12288M) 92.594ms
[2024-05-30T13:02:30.253+0000][8889.673s][info][gc,cpu      ] GC(1611) User=0.54s Sys=0.00s Real=0.09s
[2024-05-30T13:02:30.408+0000][8889.827s][info][gc,start    ] GC(1612) Pause Young (Mixed) (G1 Evacuation Pause)
[2024-05-30T13:02:30.408+0000][8889.827s][info][gc,task     ] GC(1612) Using 6 workers of 6 for evacuation
[2024-05-30T13:02:30.480+0000][8889.899s][info][gc,phases   ] GC(1612)   Pre Evacuate Collection Set: 0.2ms
[2024-05-30T13:02:30.480+0000][8889.899s][info][gc,phases   ] GC(1612)   Merge Heap Roots: 0.2ms
[2024-05-30T13:02:30.480+0000][8889.899s][info][gc,phases   ] GC(1612)   Evacuate Collection Set: 69.3ms
[2024-05-30T13:02:30.480+0000][8889.899s][info][gc,phases   ] GC(1612)   Post Evacuate Collection Set: 1.8ms
[2024-05-30T13:02:30.480+0000][8889.899s][info][gc,phases   ] GC(1612)   Other: 0.2ms
[2024-05-30T13:02:30.480+0000][8889.899s][info][gc,heap     ] GC(1612) Eden regions: 53->0(917)
[2024-05-30T13:02:30.480+0000][8889.899s][info][gc,heap     ] GC(1612) Survivor regions: 23->4(10)
[2024-05-30T13:02:30.480+0000][8889.899s][info][gc,heap     ] GC(1612) Old regions: 262->266
[2024-05-30T13:02:30.480+0000][8889.899s][info][gc,heap     ] GC(1612) Archive regions: 2->2
[2024-05-30T13:02:30.480+0000][8889.899s][info][gc,heap     ] GC(1612) Humongous regions: 5->5
[2024-05-30T13:02:30.480+0000][8889.899s][info][gc,metaspace] GC(1612) Metaspace: 433582K(439744K)->433582K(439744K) NonClass: 379509K(382912K)->379509K(382912K) Class: 54072K(56832K)->54072K(56832K)
[2024-05-30T13:02:30.480+0000][8889.899s][info][gc          ] GC(1612) Pause Young (Mixed) (G1 Evacuation Pause) 2739M->2200M(12288M) 71.837ms
[2024-05-30T13:02:30.480+0000][8889.899s][info][gc,cpu      ] GC(1612) User=0.43s Sys=0.01s Real=0.08s
[2024-05-30T13:02:33.025+0000][8892.445s][info][gc,start    ] GC(1613) Pause Young (Normal) (G1 Evacuation Pause)
[2024-05-30T13:02:33.025+0000][8892.445s][info][gc,task     ] GC(1613) Using 6 workers of 6 for evacuation
[2024-05-30T13:02:33.087+0000][8892.506s][info][gc,phases   ] GC(1613)   Pre Evacuate Collection Set: 0.2ms
[2024-05-30T13:02:33.087+0000][8892.506s][info][gc,phases   ] GC(1613)   Merge Heap Roots: 0.3ms
[2024-05-30T13:02:33.087+0000][8892.506s][info][gc,phases   ] GC(1613)   Evacuate Collection Set: 46.3ms
[2024-05-30T13:02:33.087+0000][8892.506s][info][gc,phases   ] GC(1613)   Post Evacuate Collection Set: 14.5ms
[2024-05-30T13:02:33.087+0000][8892.506s][info][gc,phases   ] GC(1613)   Other: 0.2ms
[2024-05-30T13:02:33.087+0000][8892.506s][info][gc,heap     ] GC(1613) Eden regions: 917->0(914)
[2024-05-30T13:02:33.087+0000][8892.506s][info][gc,heap     ] GC(1613) Survivor regions: 4->7(116)
[2024-05-30T13:02:33.087+0000][8892.506s][info][gc,heap     ] GC(1613) Old regions: 266->266
[2024-05-30T13:02:33.087+0000][8892.506s][info][gc,heap     ] GC(1613) Archive regions: 2->2
[2024-05-30T13:02:33.087+0000][8892.506s][info][gc,heap     ] GC(1613) Humongous regions: 5->5
[2024-05-30T13:02:33.087+0000][8892.506s][info][gc,metaspace] GC(1613) Metaspace: 433582K(439744K)->433582K(439744K) NonClass: 379509K(382912K)->379509K(382912K) Class: 54072K(56832K)->54072K(56832K)
[2024-05-30T13:02:33.087+0000][8892.506s][info][gc          ] GC(1613) Pause Young (Normal) (G1 Evacuation Pause) 9536M->2228M(12288M) 61.531ms
[2024-05-30T13:02:33.087+0000][8892.506s][info][gc,cpu      ] GC(1613) User=0.35s Sys=0.01s Real=0.06s
[2024-05-30T13:02:35.491+0000][8894.910s][info][gc,start    ] GC(1614) Pause Young (Normal) (G1 Evacuation Pause)
[2024-05-30T13:02:35.491+0000][8894.910s][info][gc,task     ] GC(1614) Using 6 workers of 6 for evacuation
[2024-05-30T13:02:35.578+0000][8894.997s][info][gc,phases   ] GC(1614)   Pre Evacuate Collection Set: 0.2ms
[2024-05-30T13:02:35.578+0000][8894.997s][info][gc,phases   ] GC(1614)   Merge Heap Roots: 0.4ms
[2024-05-30T13:02:35.578+0000][8894.997s][info][gc,phases   ] GC(1614)   Evacuate Collection Set: 69.0ms
[2024-05-30T13:02:35.578+0000][8894.997s][info][gc,phases   ] GC(1614)   Post Evacuate Collection Set: 17.1ms
[2024-05-30T13:02:35.578+0000][8894.997s][info][gc,phases   ] GC(1614)   Other: 0.2ms
[2024-05-30T13:02:35.578+0000][8894.997s][info][gc,heap     ] GC(1614) Eden regions: 914->0(909)
[2024-05-30T13:02:35.578+0000][8894.997s][info][gc,heap     ] GC(1614) Survivor regions: 7->12(116)
[2024-05-30T13:02:35.578+0000][8894.997s][info][gc,heap     ] GC(1614) Old regions: 266->266
[2024-05-30T13:02:35.578+0000][8894.997s][info][gc,heap     ] GC(1614) Archive regions: 2->2
[2024-05-30T13:02:35.578+0000][8894.997s][info][gc,heap     ] GC(1614) Humongous regions: 5->5
[2024-05-30T13:02:35.578+0000][8894.997s][info][gc,metaspace] GC(1614) Metaspace: 433582K(439744K)->433582K(439744K) NonClass: 379509K(382912K)->379509K(382912K) Class: 54072K(56832K)->54072K(56832K)
[2024-05-30T13:02:35.578+0000][8894.997s][info][gc          ] GC(1614) Pause Young (Normal) (G1 Evacuation Pause) 9540M->2264M(12288M) 86.875ms
[2024-05-30T13:02:35.578+0000][8894.997s][info][gc,cpu      ] GC(1614) User=0.50s Sys=0.00s Real=0.09s
[2024-05-30T13:02:38.099+0000][8897.518s][info][gc,start    ] GC(1615) Pause Young (Concurrent Start) (G1 Evacuation Pause)
[2024-05-30T13:02:38.099+0000][8897.518s][info][gc,task     ] GC(1615) Using 6 workers of 6 for evacuation
[2024-05-30T13:02:38.198+0000][8897.617s][info][gc,phases   ] GC(1615)   Pre Evacuate Collection Set: 0.6ms
[2024-05-30T13:02:38.198+0000][8897.617s][info][gc,phases   ] GC(1615)   Merge Heap Roots: 0.4ms
[2024-05-30T13:02:38.198+0000][8897.617s][info][gc,phases   ] GC(1615)   Evacuate Collection Set: 81.6ms
[2024-05-30T13:02:38.198+0000][8897.617s][info][gc,phases   ] GC(1615)   Post Evacuate Collection Set: 15.4ms
[2024-05-30T13:02:38.198+0000][8897.617s][info][gc,phases   ] GC(1615)   Other: 0.3ms
[2024-05-30T13:02:38.198+0000][8897.617s][info][gc,heap     ] GC(1615) Eden regions: 909->0(904)
[2024-05-30T13:02:38.198+0000][8897.617s][info][gc,heap     ] GC(1615) Survivor regions: 12->17(116)
[2024-05-30T13:02:38.198+0000][8897.617s][info][gc,heap     ] GC(1615) Old regions: 266->266
[2024-05-30T13:02:38.198+0000][8897.617s][info][gc,heap     ] GC(1615) Archive regions: 2->2
[2024-05-30T13:02:38.198+0000][8897.617s][info][gc,heap     ] GC(1615) Humongous regions: 5->5
[2024-05-30T13:02:38.198+0000][8897.617s][info][gc,metaspace] GC(1615) Metaspace: 433582K(439744K)->433582K(439744K) NonClass: 379509K(382912K)->379509K(382912K) Class: 54072K(56832K)->54072K(56832K)
[2024-05-30T13:02:38.198+0000][8897.617s][info][gc          ] GC(1615) Pause Young (Concurrent Start) (G1 Evacuation Pause) 9536M->2306M(12288M) 98.388ms
[2024-05-30T13:02:38.198+0000][8897.617s][info][gc,cpu      ] GC(1615) User=0.57s Sys=0.00s Real=0.10s
[2024-05-30T13:02:38.198+0000][8897.617s][info][gc          ] GC(1616) Concurrent Mark Cycle
[2024-05-30T13:02:38.198+0000][8897.617s][info][gc,marking  ] GC(1616) Concurrent Clear Claimed Marks
[2024-05-30T13:02:38.198+0000][8897.617s][info][gc,marking  ] GC(1616) Concurrent Clear Claimed Marks 0.491ms
[2024-05-30T13:02:38.198+0000][8897.617s][info][gc,marking  ] GC(1616) Concurrent Scan Root Regions
[2024-05-30T13:02:38.276+0000][8897.696s][info][gc,marking  ] GC(1616) Concurrent Scan Root Regions 78.090ms
[2024-05-30T13:02:38.276+0000][8897.696s][info][gc,marking  ] GC(1616) Concurrent Mark
[2024-05-30T13:02:38.276+0000][8897.696s][info][gc,marking  ] GC(1616) Concurrent Mark From Roots
[2024-05-30T13:02:38.276+0000][8897.696s][info][gc,task     ] GC(1616) Using 2 workers of 2 for marking
[2024-05-30T13:02:39.935+0000][8899.354s][info][gc,marking  ] GC(1616) Concurrent Mark From Roots 1658.219ms
[2024-05-30T13:02:39.935+0000][8899.354s][info][gc,marking  ] GC(1616) Concurrent Preclean
[2024-05-30T13:02:39.936+0000][8899.355s][info][gc,marking  ] GC(1616) Concurrent Preclean 0.955ms
[2024-05-30T13:02:39.936+0000][8899.355s][info][gc,start    ] GC(1616) Pause Remark
[2024-05-30T13:02:39.960+0000][8899.379s][info][gc          ] GC(1616) Pause Remark 6758M->6758M(12288M) 24.233ms
[2024-05-30T13:02:39.960+0000][8899.379s][info][gc,cpu      ] GC(1616) User=0.10s Sys=0.00s Real=0.03s
[2024-05-30T13:02:39.960+0000][8899.379s][info][gc,marking  ] GC(1616) Concurrent Mark 1683.824ms
[2024-05-30T13:02:39.960+0000][8899.379s][info][gc,marking  ] GC(1616) Concurrent Rebuild Remembered Sets
[2024-05-30T13:02:40.915+0000][8900.334s][info][gc,marking  ] GC(1616) Concurrent Rebuild Remembered Sets 954.587ms
[2024-05-30T13:02:40.915+0000][8900.334s][info][gc,start    ] GC(1616) Pause Cleanup
[2024-05-30T13:02:40.916+0000][8900.335s][info][gc          ] GC(1616) Pause Cleanup 9234M->9234M(12288M) 0.574ms
[2024-05-30T13:02:40.916+0000][8900.335s][info][gc,cpu      ] GC(1616) User=0.00s Sys=0.00s Real=0.00s
[2024-05-30T13:02:40.916+0000][8900.335s][info][gc,marking  ] GC(1616) Concurrent Cleanup for Next Mark
[2024-05-30T13:02:40.933+0000][8900.352s][info][gc,marking  ] GC(1616) Concurrent Cleanup for Next Mark 17.049ms
[2024-05-30T13:02:40.933+0000][8900.352s][info][gc          ] GC(1616) Concurrent Mark Cycle 2735.089ms
[2024-05-30T13:02:41.021+0000][8900.440s][info][gc,start    ] GC(1617) Pause Young (Prepare Mixed) (G1 Evacuation Pause)
[2024-05-30T13:02:41.021+0000][8900.440s][info][gc,task     ] GC(1617) Using 6 workers of 6 for evacuation
[2024-05-30T13:02:41.132+0000][8900.552s][info][gc,phases   ] GC(1617)   Pre Evacuate Collection Set: 0.2ms
[2024-05-30T13:02:41.132+0000][8900.552s][info][gc,phases   ] GC(1617)   Merge Heap Roots: 1.0ms
[2024-05-30T13:02:41.132+0000][8900.552s][info][gc,phases   ] GC(1617)   Evacuate Collection Set: 93.1ms
[2024-05-30T13:02:41.132+0000][8900.552s][info][gc,phases   ] GC(1617)   Post Evacuate Collection Set: 16.9ms
[2024-05-30T13:02:41.132+0000][8900.552s][info][gc,phases   ] GC(1617)   Other: 0.2ms
[2024-05-30T13:02:41.132+0000][8900.552s][info][gc,heap     ] GC(1617) Eden regions: 904->0(51)
[2024-05-30T13:02:41.132+0000][8900.552s][info][gc,heap     ] GC(1617) Survivor regions: 17->25(116)
[2024-05-30T13:02:41.132+0000][8900.552s][info][gc,heap     ] GC(1617) Old regions: 266->266
[2024-05-30T13:02:41.132+0000][8900.552s][info][gc,heap     ] GC(1617) Archive regions: 2->2
[2024-05-30T13:02:41.132+0000][8900.552s][info][gc,heap     ] GC(1617) Humongous regions: 5->5
[2024-05-30T13:02:41.132+0000][8900.552s][info][gc,metaspace] GC(1617) Metaspace: 433582K(439744K)->433582K(439744K) NonClass: 379509K(382912K)->379509K(382912K) Class: 54072K(56832K)->54072K(56832K)
[2024-05-30T13:02:41.132+0000][8900.552s][info][gc          ] GC(1617) Pause Young (Prepare Mixed) (G1 Evacuation Pause) 9538M->2372M(12288M) 111.496ms
[2024-05-30T13:02:41.132+0000][8900.552s][info][gc,cpu      ] GC(1617) User=0.66s Sys=0.00s Real=0.11s
[2024-05-30T13:02:41.335+0000][8900.755s][info][gc,start    ] GC(1618) Pause Young (Mixed) (G1 Evacuation Pause)
[2024-05-30T13:02:41.335+0000][8900.755s][info][gc,task     ] GC(1618) Using 6 workers of 6 for evacuation
[2024-05-30T13:02:41.421+0000][8900.840s][info][gc,phases   ] GC(1618)   Pre Evacuate Collection Set: 0.2ms
[2024-05-30T13:02:41.421+0000][8900.840s][info][gc,phases   ] GC(1618)   Merge Heap Roots: 0.4ms
[2024-05-30T13:02:41.421+0000][8900.840s][info][gc,phases   ] GC(1618)   Evacuate Collection Set: 82.7ms
[2024-05-30T13:02:41.421+0000][8900.840s][info][gc,phases   ] GC(1618)   Post Evacuate Collection Set: 2.3ms
[2024-05-30T13:02:41.421+0000][8900.840s][info][gc,phases   ] GC(1618)   Other: 0.2ms
[2024-05-30T13:02:41.421+0000][8900.840s][info][gc,heap     ] GC(1618) Eden regions: 51->0(918)
[2024-05-30T13:02:41.421+0000][8900.840s][info][gc,heap     ] GC(1618) Survivor regions: 25->3(10)
[2024-05-30T13:02:41.421+0000][8900.840s][info][gc,heap     ] GC(1618) Old regions: 266->273
[2024-05-30T13:02:41.421+0000][8900.840s][info][gc,heap     ] GC(1618) Archive regions: 2->2
[2024-05-30T13:02:41.421+0000][8900.840s][info][gc,heap     ] GC(1618) Humongous regions: 5->5
[2024-05-30T13:02:41.421+0000][8900.840s][info][gc,metaspace] GC(1618) Metaspace: 433582K(439744K)->433582K(439744K) NonClass: 379509K(382912K)->379509K(382912K) Class: 54072K(56832K)->54072K(56832K)
[2024-05-30T13:02:41.421+0000][8900.840s][info][gc          ] GC(1618) Pause Young (Mixed) (G1 Evacuation Pause) 2780M->2245M(12288M) 85.795ms
[2024-05-30T13:02:41.421+0000][8900.840s][info][gc,cpu      ] GC(1618) User=0.51s Sys=0.00s Real=0.09s
[2024-05-30T13:02:43.685+0000][8903.104s][info][gc,start    ] GC(1619) Pause Young (Normal) (G1 Evacuation Pause)
[2024-05-30T13:02:43.685+0000][8903.104s][info][gc,task     ] GC(1619) Using 6 workers of 6 for evacuation
[2024-05-30T13:02:43.755+0000][8903.175s][info][gc,phases   ] GC(1619)   Pre Evacuate Collection Set: 0.2ms
[2024-05-30T13:02:43.756+0000][8903.175s][info][gc,phases   ] GC(1619)   Merge Heap Roots: 0.3ms
[2024-05-30T13:02:43.756+0000][8903.175s][info][gc,phases   ] GC(1619)   Evacuate Collection Set: 55.5ms
[2024-05-30T13:02:43.756+0000][8903.175s][info][gc,phases   ] GC(1619)   Post Evacuate Collection Set: 14.5ms
[2024-05-30T13:02:43.756+0000][8903.175s][info][gc,phases   ] GC(1619)   Other: 0.2ms
[2024-05-30T13:02:43.756+0000][8903.175s][info][gc,heap     ] GC(1619) Eden regions: 918->0(914)
[2024-05-30T13:02:43.756+0000][8903.175s][info][gc,heap     ] GC(1619) Survivor regions: 3->7(116)
[2024-05-30T13:02:43.756+0000][8903.175s][info][gc,heap     ] GC(1619) Old regions: 273->273
[2024-05-30T13:02:43.756+0000][8903.175s][info][gc,heap     ] GC(1619) Archive regions: 2->2
[2024-05-30T13:02:43.756+0000][8903.175s][info][gc,heap     ] GC(1619) Humongous regions: 5->5
[2024-05-30T13:02:43.756+0000][8903.175s][info][gc,metaspace] GC(1619) Metaspace: 433582K(439744K)->433582K(439744K) NonClass: 379509K(382912K)->379509K(382912K) Class: 54072K(56832K)->54072K(56832K)
[2024-05-30T13:02:43.756+0000][8903.175s][info][gc          ] GC(1619) Pause Young (Normal) (G1 Evacuation Pause) 9589M->2275M(12288M) 70.728ms
[2024-05-30T13:02:43.756+0000][8903.175s][info][gc,cpu      ] GC(1619) User=0.41s Sys=0.00s Real=0.07s
[2024-05-30T13:02:46.012+0000][8905.431s][info][gc,start    ] GC(1620) Pause Young (Normal) (G1 Evacuation Pause)
[2024-05-30T13:02:46.012+0000][8905.431s][info][gc,task     ] GC(1620) Using 6 workers of 6 for evacuation
[2024-05-30T13:02:46.083+0000][8905.503s][info][gc,phases   ] GC(1620)   Pre Evacuate Collection Set: 0.2ms
[2024-05-30T13:02:46.084+0000][8905.503s][info][gc,phases   ] GC(1620)   Merge Heap Roots: 0.3ms
[2024-05-30T13:02:46.084+0000][8905.503s][info][gc,phases   ] GC(1620)   Evacuate Collection Set: 58.8ms
[2024-05-30T13:02:46.084+0000][8905.503s][info][gc,phases   ] GC(1620)   Post Evacuate Collection Set: 11.8ms
[2024-05-30T13:02:46.084+0000][8905.503s][info][gc,phases   ] GC(1620)   Other: 0.3ms
[2024-05-30T13:02:46.084+0000][8905.503s][info][gc,heap     ] GC(1620) Eden regions: 914->0(910)
[2024-05-30T13:02:46.084+0000][8905.503s][info][gc,heap     ] GC(1620) Survivor regions: 7->11(116)
[2024-05-30T13:02:46.084+0000][8905.503s][info][gc,heap     ] GC(1620) Old regions: 273->273
[2024-05-30T13:02:46.084+0000][8905.503s][info][gc,heap     ] GC(1620) Archive regions: 2->2
[2024-05-30T13:02:46.084+0000][8905.503s][info][gc,heap     ] GC(1620) Humongous regions: 5->5
[2024-05-30T13:02:46.084+0000][8905.503s][info][gc,metaspace] GC(1620) Metaspace: 433582K(439744K)->433582K(439744K) NonClass: 379509K(382912K)->379509K(382912K) Class: 54072K(56832K)->54072K(56832K)
[2024-05-30T13:02:46.084+0000][8905.503s][info][gc          ] GC(1620) Pause Young (Normal) (G1 Evacuation Pause) 9587M->2309M(12288M) 71.437ms
[2024-05-30T13:02:46.084+0000][8905.503s][info][gc,cpu      ] GC(1620) User=0.42s Sys=0.00s Real=0.07s
[2024-05-30T13:02:48.411+0000][8907.831s][info][gc,start    ] GC(1621) Pause Young (Concurrent Start) (G1 Evacuation Pause)
[2024-05-30T13:02:48.411+0000][8907.831s][info][gc,task     ] GC(1621) Using 6 workers of 6 for evacuation
[2024-05-30T13:02:48.513+0000][8907.932s][info][gc,phases   ] GC(1621)   Pre Evacuate Collection Set: 0.6ms
[2024-05-30T13:02:48.513+0000][8907.932s][info][gc,phases   ] GC(1621)   Merge Heap Roots: 0.4ms
[2024-05-30T13:02:48.513+0000][8907.932s][info][gc,phases   ] GC(1621)   Evacuate Collection Set: 82.9ms
[2024-05-30T13:02:48.513+0000][8907.932s][info][gc,phases   ] GC(1621)   Post Evacuate Collection Set: 17.5ms
[2024-05-30T13:02:48.513+0000][8907.932s][info][gc,phases   ] GC(1621)   Other: 0.3ms
[2024-05-30T13:02:48.513+0000][8907.932s][info][gc,heap     ] GC(1621) Eden regions: 910->0(905)
[2024-05-30T13:02:48.513+0000][8907.932s][info][gc,heap     ] GC(1621) Survivor regions: 11->16(116)
[2024-05-30T13:02:48.513+0000][8907.932s][info][gc,heap     ] GC(1621) Old regions: 273->273
[2024-05-30T13:02:48.513+0000][8907.932s][info][gc,heap     ] GC(1621) Archive regions: 2->2
[2024-05-30T13:02:48.513+0000][8907.932s][info][gc,heap     ] GC(1621) Humongous regions: 5->5
[2024-05-30T13:02:48.513+0000][8907.932s][info][gc,metaspace] GC(1621) Metaspace: 433582K(439744K)->433582K(439744K) NonClass: 379509K(382912K)->379509K(382912K) Class: 54072K(56832K)->54072K(56832K)
[2024-05-30T13:02:48.513+0000][8907.932s][info][gc          ] GC(1621) Pause Young (Concurrent Start) (G1 Evacuation Pause) 9589M->2349M(12288M) 101.768ms
[2024-05-30T13:02:48.513+0000][8907.932s][info][gc,cpu      ] GC(1621) User=0.59s Sys=0.00s Real=0.10s
[2024-05-30T13:02:48.513+0000][8907.932s][info][gc          ] GC(1622) Concurrent Mark Cycle
[2024-05-30T13:02:48.513+0000][8907.932s][info][gc,marking  ] GC(1622) Concurrent Clear Claimed Marks
[2024-05-30T13:02:48.514+0000][8907.933s][info][gc,marking  ] GC(1622) Concurrent Clear Claimed Marks 0.450ms
[2024-05-30T13:02:48.514+0000][8907.933s][info][gc,marking  ] GC(1622) Concurrent Scan Root Regions
[2024-05-30T13:02:48.568+0000][8907.987s][info][gc,marking  ] GC(1622) Concurrent Scan Root Regions 53.894ms
[2024-05-30T13:02:48.568+0000][8907.987s][info][gc,marking  ] GC(1622) Concurrent Mark
[2024-05-30T13:02:48.568+0000][8907.987s][info][gc,marking  ] GC(1622) Concurrent Mark From Roots
[2024-05-30T13:02:48.568+0000][8907.987s][info][gc,task     ] GC(1622) Using 2 workers of 2 for marking
[2024-05-30T13:02:50.306+0000][8909.726s][info][gc,marking  ] GC(1622) Concurrent Mark From Roots 1738.857ms
[2024-05-30T13:02:50.306+0000][8909.726s][info][gc,marking  ] GC(1622) Concurrent Preclean
[2024-05-30T13:02:50.307+0000][8909.727s][info][gc,marking  ] GC(1622) Concurrent Preclean 0.798ms
[2024-05-30T13:02:50.308+0000][8909.727s][info][gc,start    ] GC(1622) Pause Remark
[2024-05-30T13:02:50.332+0000][8909.751s][info][gc          ] GC(1622) Pause Remark 6825M->6825M(12288M) 24.082ms
[2024-05-30T13:02:50.332+0000][8909.751s][info][gc,cpu      ] GC(1622) User=0.10s Sys=0.00s Real=0.03s
[2024-05-30T13:02:50.332+0000][8909.751s][info][gc,marking  ] GC(1622) Concurrent Mark 1764.308ms
[2024-05-30T13:02:50.332+0000][8909.751s][info][gc,marking  ] GC(1622) Concurrent Rebuild Remembered Sets
[2024-05-30T13:02:51.304+0000][8910.723s][info][gc,start    ] GC(1623) Pause Young (Normal) (G1 Evacuation Pause)
[2024-05-30T13:02:51.304+0000][8910.723s][info][gc,task     ] GC(1623) Using 6 workers of 6 for evacuation
[2024-05-30T13:02:51.401+0000][8910.820s][info][gc,phases   ] GC(1623)   Pre Evacuate Collection Set: 0.2ms
[2024-05-30T13:02:51.401+0000][8910.820s][info][gc,phases   ] GC(1623)   Merge Heap Roots: 0.7ms
[2024-05-30T13:02:51.401+0000][8910.820s][info][gc,phases   ] GC(1623)   Evacuate Collection Set: 82.3ms
[2024-05-30T13:02:51.401+0000][8910.820s][info][gc,phases   ] GC(1623)   Post Evacuate Collection Set: 13.4ms
[2024-05-30T13:02:51.401+0000][8910.820s][info][gc,phases   ] GC(1623)   Other: 0.2ms
[2024-05-30T13:02:51.401+0000][8910.820s][info][gc,heap     ] GC(1623) Eden regions: 905->0(899)
[2024-05-30T13:02:51.401+0000][8910.820s][info][gc,heap     ] GC(1623) Survivor regions: 16->22(116)
[2024-05-30T13:02:51.401+0000][8910.820s][info][gc,heap     ] GC(1623) Old regions: 273->273
[2024-05-30T13:02:51.401+0000][8910.820s][info][gc,heap     ] GC(1623) Archive regions: 2->2
[2024-05-30T13:02:51.401+0000][8910.820s][info][gc,heap     ] GC(1623) Humongous regions: 5->5
[2024-05-30T13:02:51.401+0000][8910.820s][info][gc,metaspace] GC(1623) Metaspace: 433582K(439744K)->433582K(439744K) NonClass: 379509K(382912K)->379509K(382912K) Class: 54072K(56832K)->54072K(56832K)
[2024-05-30T13:02:51.401+0000][8910.820s][info][gc          ] GC(1623) Pause Young (Normal) (G1 Evacuation Pause) 9589M->2397M(12288M) 96.897ms
[2024-05-30T13:02:51.401+0000][8910.820s][info][gc,cpu      ] GC(1623) User=0.56s Sys=0.00s Real=0.10s
[2024-05-30T13:02:51.424+0000][8910.843s][info][gc,marking  ] GC(1622) Concurrent Rebuild Remembered Sets 1091.618ms
[2024-05-30T13:02:51.428+0000][8910.848s][info][gc,start    ] GC(1622) Pause Cleanup
[2024-05-30T13:02:51.429+0000][8910.848s][info][gc          ] GC(1622) Pause Cleanup 2445M->2445M(12288M) 0.661ms
[2024-05-30T13:02:51.429+0000][8910.848s][info][gc,cpu      ] GC(1622) User=0.00s Sys=0.00s Real=0.00s
[2024-05-30T13:02:51.429+0000][8910.849s][info][gc,marking  ] GC(1622) Concurrent Cleanup for Next Mark
[2024-05-30T13:02:51.447+0000][8910.867s][info][gc,marking  ] GC(1622) Concurrent Cleanup for Next Mark 18.023ms
[2024-05-30T13:02:51.447+0000][8910.867s][info][gc          ] GC(1622) Concurrent Mark Cycle 2934.214ms
[2024-05-30T13:02:53.576+0000][8912.995s][info][gc,start    ] GC(1624) Pause Young (Prepare Mixed) (G1 Evacuation Pause)
[2024-05-30T13:02:53.576+0000][8912.995s][info][gc,task     ] GC(1624) Using 6 workers of 6 for evacuation
[2024-05-30T13:02:53.708+0000][8913.127s][info][gc,phases   ] GC(1624)   Pre Evacuate Collection Set: 0.2ms
[2024-05-30T13:02:53.708+0000][8913.127s][info][gc,phases   ] GC(1624)   Merge Heap Roots: 0.5ms
[2024-05-30T13:02:53.708+0000][8913.127s][info][gc,phases   ] GC(1624)   Evacuate Collection Set: 112.9ms
[2024-05-30T13:02:53.708+0000][8913.127s][info][gc,phases   ] GC(1624)   Post Evacuate Collection Set: 18.0ms
[2024-05-30T13:02:53.708+0000][8913.127s][info][gc,phases   ] GC(1624)   Other: 0.2ms
[2024-05-30T13:02:53.708+0000][8913.127s][info][gc,heap     ] GC(1624) Eden regions: 899->0(48)
[2024-05-30T13:02:53.708+0000][8913.127s][info][gc,heap     ] GC(1624) Survivor regions: 22->28(116)
[2024-05-30T13:02:53.708+0000][8913.127s][info][gc,heap     ] GC(1624) Old regions: 273->273
[2024-05-30T13:02:53.708+0000][8913.127s][info][gc,heap     ] GC(1624) Archive regions: 2->2
[2024-05-30T13:02:53.708+0000][8913.127s][info][gc,heap     ] GC(1624) Humongous regions: 5->5
[2024-05-30T13:02:53.708+0000][8913.127s][info][gc,metaspace] GC(1624) Metaspace: 433583K(439744K)->433583K(439744K) NonClass: 379510K(382912K)->379510K(382912K) Class: 54072K(56832K)->54072K(56832K)
[2024-05-30T13:02:53.708+0000][8913.127s][info][gc          ] GC(1624) Pause Young (Prepare Mixed) (G1 Evacuation Pause) 9589M->2441M(12288M) 131.864ms
[2024-05-30T13:02:53.708+0000][8913.127s][info][gc,cpu      ] GC(1624) User=0.77s Sys=0.00s Real=0.13s
[2024-05-30T13:02:53.854+0000][8913.273s][info][gc,start    ] GC(1625) Pause Young (Mixed) (G1 Evacuation Pause)
[2024-05-30T13:02:53.854+0000][8913.273s][info][gc,task     ] GC(1625) Using 6 workers of 6 for evacuation
[2024-05-30T13:02:53.951+0000][8913.370s][info][gc,phases   ] GC(1625)   Pre Evacuate Collection Set: 0.2ms
[2024-05-30T13:02:53.951+0000][8913.370s][info][gc,phases   ] GC(1625)   Merge Heap Roots: 0.3ms
[2024-05-30T13:02:53.951+0000][8913.370s][info][gc,phases   ] GC(1625)   Evacuate Collection Set: 93.9ms
[2024-05-30T13:02:53.951+0000][8913.370s][info][gc,phases   ] GC(1625)   Post Evacuate Collection Set: 2.2ms
[2024-05-30T13:02:53.951+0000][8913.370s][info][gc,phases   ] GC(1625)   Other: 0.2ms
[2024-05-30T13:02:53.951+0000][8913.370s][info][gc,heap     ] GC(1625) Eden regions: 48->0(915)
[2024-05-30T13:02:53.951+0000][8913.370s][info][gc,heap     ] GC(1625) Survivor regions: 28->3(10)
[2024-05-30T13:02:53.951+0000][8913.370s][info][gc,heap     ] GC(1625) Old regions: 273->282
[2024-05-30T13:02:53.951+0000][8913.370s][info][gc,heap     ] GC(1625) Archive regions: 2->2
[2024-05-30T13:02:53.951+0000][8913.370s][info][gc,heap     ] GC(1625) Humongous regions: 5->5
[2024-05-30T13:02:53.951+0000][8913.370s][info][gc,metaspace] GC(1625) Metaspace: 433583K(439744K)->433583K(439744K) NonClass: 379510K(382912K)->379510K(382912K) Class: 54072K(56832K)->54072K(56832K)
[2024-05-30T13:02:53.951+0000][8913.370s][info][gc          ] GC(1625) Pause Young (Mixed) (G1 Evacuation Pause) 2825M->2319M(12288M) 96.872ms
[2024-05-30T13:02:53.951+0000][8913.370s][info][gc,cpu      ] GC(1625) User=0.57s Sys=0.00s Real=0.10s
[2024-05-30T13:02:56.281+0000][8915.700s][info][gc,start    ] GC(1626) Pause Young (Normal) (G1 Evacuation Pause)
[2024-05-30T13:02:56.281+0000][8915.700s][info][gc,task     ] GC(1626) Using 6 workers of 6 for evacuation
[2024-05-30T13:02:56.352+0000][8915.771s][info][gc,phases   ] GC(1626)   Pre Evacuate Collection Set: 0.2ms
[2024-05-30T13:02:56.352+0000][8915.771s][info][gc,phases   ] GC(1626)   Merge Heap Roots: 0.3ms
[2024-05-30T13:02:56.352+0000][8915.771s][info][gc,phases   ] GC(1626)   Evacuate Collection Set: 53.9ms
[2024-05-30T13:02:56.352+0000][8915.771s][info][gc,phases   ] GC(1626)   Post Evacuate Collection Set: 16.1ms
[2024-05-30T13:02:56.352+0000][8915.771s][info][gc,phases   ] GC(1626)   Other: 0.2ms
[2024-05-30T13:02:56.352+0000][8915.771s][info][gc,heap     ] GC(1626) Eden regions: 915->0(911)
[2024-05-30T13:02:56.352+0000][8915.771s][info][gc,heap     ] GC(1626) Survivor regions: 3->7(115)
[2024-05-30T13:02:56.352+0000][8915.771s][info][gc,heap     ] GC(1626) Old regions: 282->282
[2024-05-30T13:02:56.352+0000][8915.771s][info][gc,heap     ] GC(1626) Archive regions: 2->2
[2024-05-30T13:02:56.352+0000][8915.771s][info][gc,heap     ] GC(1626) Humongous regions: 5->5
[2024-05-30T13:02:56.352+0000][8915.771s][info][gc,metaspace] GC(1626) Metaspace: 433583K(439744K)->433583K(439744K) NonClass: 379510K(382912K)->379510K(382912K) Class: 54072K(56832K)->54072K(56832K)
[2024-05-30T13:02:56.352+0000][8915.771s][info][gc          ] GC(1626) Pause Young (Normal) (G1 Evacuation Pause) 9639M->2351M(12288M) 70.731ms
[2024-05-30T13:02:56.352+0000][8915.771s][info][gc,cpu      ] GC(1626) User=0.42s Sys=0.00s Real=0.07s
[2024-05-30T13:02:59.288+0000][8918.708s][info][gc,start    ] GC(1627) Pause Young (Normal) (G1 Evacuation Pause)
[2024-05-30T13:02:59.288+0000][8918.708s][info][gc,task     ] GC(1627) Using 6 workers of 6 for evacuation
[2024-05-30T13:02:59.362+0000][8918.782s][info][gc,phases   ] GC(1627)   Pre Evacuate Collection Set: 0.2ms
[2024-05-30T13:02:59.363+0000][8918.782s][info][gc,phases   ] GC(1627)   Merge Heap Roots: 0.3ms
[2024-05-30T13:02:59.363+0000][8918.782s][info][gc,phases   ] GC(1627)   Evacuate Collection Set: 60.0ms
[2024-05-30T13:02:59.363+0000][8918.782s][info][gc,phases   ] GC(1627)   Post Evacuate Collection Set: 13.4ms
[2024-05-30T13:02:59.363+0000][8918.782s][info][gc,phases   ] GC(1627)   Other: 0.2ms
[2024-05-30T13:02:59.363+0000][8918.782s][info][gc,heap     ] GC(1627) Eden regions: 911->0(900)
[2024-05-30T13:02:59.363+0000][8918.782s][info][gc,heap     ] GC(1627) Survivor regions: 7->15(115)
[2024-05-30T13:02:59.363+0000][8918.782s][info][gc,heap     ] GC(1627) Old regions: 282->282
[2024-05-30T13:02:59.363+0000][8918.782s][info][gc,heap     ] GC(1627) Archive regions: 2->2
[2024-05-30T13:02:59.363+0000][8918.782s][info][gc,heap     ] GC(1627) Humongous regions: 5->5
[2024-05-30T13:02:59.363+0000][8918.782s][info][gc,metaspace] GC(1627) Metaspace: 433590K(439808K)->433590K(439808K) NonClass: 379517K(382976K)->379517K(382976K) Class: 54072K(56832K)->54072K(56832K)
[2024-05-30T13:02:59.363+0000][8918.782s][info][gc          ] GC(1627) Pause Young (Normal) (G1 Evacuation Pause) 9639M->2409M(12288M) 74.216ms
[2024-05-30T13:02:59.363+0000][8918.782s][info][gc,cpu      ] GC(1627) User=0.43s Sys=0.00s Real=0.07s
[2024-05-30T13:03:04.717+0000][8924.136s][info][gc,start    ] GC(1628) Pause Young (Concurrent Start) (G1 Evacuation Pause)
[2024-05-30T13:03:04.717+0000][8924.136s][info][gc,task     ] GC(1628) Using 6 workers of 6 for evacuation
[2024-05-30T13:03:04.771+0000][8924.190s][info][gc,phases   ] GC(1628)   Pre Evacuate Collection Set: 0.6ms
[2024-05-30T13:03:04.771+0000][8924.190s][info][gc,phases   ] GC(1628)   Merge Heap Roots: 0.3ms
[2024-05-30T13:03:04.771+0000][8924.190s][info][gc,phases   ] GC(1628)   Evacuate Collection Set: 50.7ms
[2024-05-30T13:03:04.771+0000][8924.190s][info][gc,phases   ] GC(1628)   Post Evacuate Collection Set: 2.2ms
[2024-05-30T13:03:04.771+0000][8924.190s][info][gc,phases   ] GC(1628)   Other: 0.3ms
[2024-05-30T13:03:04.771+0000][8924.190s][info][gc,heap     ] GC(1628) Eden regions: 900->0(900)
[2024-05-30T13:03:04.771+0000][8924.190s][info][gc,heap     ] GC(1628) Survivor regions: 15->17(115)
[2024-05-30T13:03:04.771+0000][8924.190s][info][gc,heap     ] GC(1628) Old regions: 282->282
[2024-05-30T13:03:04.771+0000][8924.190s][info][gc,heap     ] GC(1628) Archive regions: 2->2
[2024-05-30T13:03:04.771+0000][8924.190s][info][gc,heap     ] GC(1628) Humongous regions: 5->5
[2024-05-30T13:03:04.771+0000][8924.190s][info][gc,metaspace] GC(1628) Metaspace: 433590K(439808K)->433590K(439808K) NonClass: 379517K(382976K)->379517K(382976K) Class: 54072K(56832K)->54072K(56832K)
[2024-05-30T13:03:04.771+0000][8924.190s][info][gc          ] GC(1628) Pause Young (Concurrent Start) (G1 Evacuation Pause) 9609M->2426M(12288M) 54.192ms
[2024-05-30T13:03:04.771+0000][8924.190s][info][gc,cpu      ] GC(1628) User=0.31s Sys=0.00s Real=0.05s
[2024-05-30T13:03:04.771+0000][8924.190s][info][gc          ] GC(1629) Concurrent Mark Cycle
[2024-05-30T13:03:04.771+0000][8924.190s][info][gc,marking  ] GC(1629) Concurrent Clear Claimed Marks
[2024-05-30T13:03:04.771+0000][8924.191s][info][gc,marking  ] GC(1629) Concurrent Clear Claimed Marks 0.427ms
[2024-05-30T13:03:04.771+0000][8924.191s][info][gc,marking  ] GC(1629) Concurrent Scan Root Regions
[2024-05-30T13:03:04.811+0000][8924.230s][info][gc,marking  ] GC(1629) Concurrent Scan Root Regions 39.683ms
[2024-05-30T13:03:04.811+0000][8924.230s][info][gc,marking  ] GC(1629) Concurrent Mark
[2024-05-30T13:03:04.811+0000][8924.230s][info][gc,marking  ] GC(1629) Concurrent Mark From Roots
[2024-05-30T13:03:04.811+0000][8924.230s][info][gc,task     ] GC(1629) Using 2 workers of 2 for marking
[2024-05-30T13:03:06.634+0000][8926.053s][info][gc,marking  ] GC(1629) Concurrent Mark From Roots 1822.288ms
[2024-05-30T13:03:06.634+0000][8926.053s][info][gc,marking  ] GC(1629) Concurrent Preclean
[2024-05-30T13:03:06.634+0000][8926.054s][info][gc,marking  ] GC(1629) Concurrent Preclean 0.871ms
[2024-05-30T13:03:06.635+0000][8926.054s][info][gc,start    ] GC(1629) Pause Remark
[2024-05-30T13:03:06.660+0000][8926.080s][info][gc          ] GC(1629) Pause Remark 4598M->4598M(12288M) 25.839ms
[2024-05-30T13:03:06.661+0000][8926.080s][info][gc,cpu      ] GC(1629) User=0.11s Sys=0.00s Real=0.03s
[2024-05-30T13:03:06.661+0000][8926.080s][info][gc,marking  ] GC(1629) Concurrent Mark 1849.407ms
[2024-05-30T13:03:06.661+0000][8926.080s][info][gc,marking  ] GC(1629) Concurrent Rebuild Remembered Sets
[2024-05-30T13:03:07.771+0000][8927.190s][info][gc,marking  ] GC(1629) Concurrent Rebuild Remembered Sets 1109.969ms
[2024-05-30T13:03:07.771+0000][8927.190s][info][gc,start    ] GC(1629) Pause Cleanup
[2024-05-30T13:03:07.771+0000][8927.191s][info][gc          ] GC(1629) Pause Cleanup 5906M->5906M(12288M) 0.559ms
[2024-05-30T13:03:07.771+0000][8927.191s][info][gc,cpu      ] GC(1629) User=0.00s Sys=0.00s Real=0.00s
[2024-05-30T13:03:07.771+0000][8927.191s][info][gc,marking  ] GC(1629) Concurrent Cleanup for Next Mark
[2024-05-30T13:03:07.788+0000][8927.208s][info][gc,marking  ] GC(1629) Concurrent Cleanup for Next Mark 16.844ms
[2024-05-30T13:03:07.788+0000][8927.208s][info][gc          ] GC(1629) Concurrent Mark Cycle 3017.367ms
[2024-05-30T13:03:10.533+0000][8929.952s][info][gc,start    ] GC(1630) Pause Young (Prepare Mixed) (G1 Evacuation Pause)
[2024-05-30T13:03:10.533+0000][8929.952s][info][gc,task     ] GC(1630) Using 6 workers of 6 for evacuation
[2024-05-30T13:03:10.591+0000][8930.010s][info][gc,phases   ] GC(1630)   Pre Evacuate Collection Set: 0.2ms
[2024-05-30T13:03:10.591+0000][8930.011s][info][gc,phases   ] GC(1630)   Merge Heap Roots: 0.4ms
[2024-05-30T13:03:10.591+0000][8930.011s][info][gc,phases   ] GC(1630)   Evacuate Collection Set: 55.5ms
[2024-05-30T13:03:10.591+0000][8930.011s][info][gc,phases   ] GC(1630)   Post Evacuate Collection Set: 2.1ms
[2024-05-30T13:03:10.591+0000][8930.011s][info][gc,phases   ] GC(1630)   Other: 0.2ms
[2024-05-30T13:03:10.591+0000][8930.011s][info][gc,heap     ] GC(1630) Eden regions: 900->0(55)
[2024-05-30T13:03:10.591+0000][8930.011s][info][gc,heap     ] GC(1630) Survivor regions: 17->21(115)
[2024-05-30T13:03:10.591+0000][8930.011s][info][gc,heap     ] GC(1630) Old regions: 282->282
[2024-05-30T13:03:10.591+0000][8930.011s][info][gc,heap     ] GC(1630) Archive regions: 2->2
[2024-05-30T13:03:10.591+0000][8930.011s][info][gc,heap     ] GC(1630) Humongous regions: 5->5
[2024-05-30T13:03:10.591+0000][8930.011s][info][gc,metaspace] GC(1630) Metaspace: 433590K(439808K)->433590K(439808K) NonClass: 379517K(382976K)->379517K(382976K) Class: 54072K(56832K)->54072K(56832K)
[2024-05-30T13:03:10.591+0000][8930.011s][info][gc          ] GC(1630) Pause Young (Prepare Mixed) (G1 Evacuation Pause) 9626M->2463M(12288M) 58.460ms
[2024-05-30T13:03:10.591+0000][8930.011s][info][gc,cpu      ] GC(1630) User=0.35s Sys=0.00s Real=0.06s
[2024-05-30T13:03:10.966+0000][8930.386s][info][gc,start    ] GC(1631) Pause Young (Mixed) (G1 Evacuation Pause)
[2024-05-30T13:03:10.966+0000][8930.386s][info][gc,task     ] GC(1631) Using 6 workers of 6 for evacuation
[2024-05-30T13:03:11.029+0000][8930.448s][info][gc,phases   ] GC(1631)   Pre Evacuate Collection Set: 0.2ms
[2024-05-30T13:03:11.029+0000][8930.449s][info][gc,phases   ] GC(1631)   Merge Heap Roots: 0.2ms
[2024-05-30T13:03:11.029+0000][8930.449s][info][gc,phases   ] GC(1631)   Evacuate Collection Set: 61.1ms
[2024-05-30T13:03:11.029+0000][8930.449s][info][gc,phases   ] GC(1631)   Post Evacuate Collection Set: 1.2ms
[2024-05-30T13:03:11.029+0000][8930.449s][info][gc,phases   ] GC(1631)   Other: 0.2ms
[2024-05-30T13:03:11.029+0000][8930.449s][info][gc,heap     ] GC(1631) Eden regions: 55->0(908)
[2024-05-30T13:03:11.029+0000][8930.449s][info][gc,heap     ] GC(1631) Survivor regions: 21->4(10)
[2024-05-30T13:03:11.029+0000][8930.449s][info][gc,heap     ] GC(1631) Old regions: 282->285
[2024-05-30T13:03:11.029+0000][8930.449s][info][gc,heap     ] GC(1631) Archive regions: 2->2
[2024-05-30T13:03:11.029+0000][8930.449s][info][gc,heap     ] GC(1631) Humongous regions: 5->5
[2024-05-30T13:03:11.029+0000][8930.449s][info][gc,metaspace] GC(1631) Metaspace: 433590K(439808K)->433590K(439808K) NonClass: 379517K(382976K)->379517K(382976K) Class: 54072K(56832K)->54072K(56832K)
[2024-05-30T13:03:11.029+0000][8930.449s][info][gc          ] GC(1631) Pause Young (Mixed) (G1 Evacuation Pause) 2903M->2353M(12288M) 62.933ms
[2024-05-30T13:03:11.029+0000][8930.449s][info][gc,cpu      ] GC(1631) User=0.37s Sys=0.00s Real=0.07s
[2024-05-30T13:03:16.719+0000][8936.138s][info][gc,start    ] GC(1632) Pause Young (Normal) (G1 Evacuation Pause)
[2024-05-30T13:03:16.719+0000][8936.138s][info][gc,task     ] GC(1632) Using 6 workers of 6 for evacuation
[2024-05-30T13:03:16.737+0000][8936.156s][info][gc,phases   ] GC(1632)   Pre Evacuate Collection Set: 0.2ms
[2024-05-30T13:03:16.737+0000][8936.156s][info][gc,phases   ] GC(1632)   Merge Heap Roots: 0.3ms
[2024-05-30T13:03:16.737+0000][8936.156s][info][gc,phases   ] GC(1632)   Evacuate Collection Set: 15.5ms
[2024-05-30T13:03:16.737+0000][8936.156s][info][gc,phases   ] GC(1632)   Post Evacuate Collection Set: 1.8ms
[2024-05-30T13:03:16.737+0000][8936.156s][info][gc,phases   ] GC(1632)   Other: 0.2ms
[2024-05-30T13:03:16.737+0000][8936.156s][info][gc,heap     ] GC(1632) Eden regions: 908->0(907)
[2024-05-30T13:03:16.737+0000][8936.156s][info][gc,heap     ] GC(1632) Survivor regions: 4->6(114)
[2024-05-30T13:03:16.737+0000][8936.156s][info][gc,heap     ] GC(1632) Old regions: 285->285
[2024-05-30T13:03:16.737+0000][8936.156s][info][gc,heap     ] GC(1632) Archive regions: 2->2
[2024-05-30T13:03:16.737+0000][8936.156s][info][gc,heap     ] GC(1632) Humongous regions: 5->5
[2024-05-30T13:03:16.737+0000][8936.156s][info][gc,metaspace] GC(1632) Metaspace: 433590K(439808K)->433590K(439808K) NonClass: 379517K(382976K)->379517K(382976K) Class: 54072K(56832K)->54072K(56832K)
[2024-05-30T13:03:16.737+0000][8936.156s][info][gc          ] GC(1632) Pause Young (Normal) (G1 Evacuation Pause) 9617M->2363M(12288M) 18.069ms
[2024-05-30T13:03:16.737+0000][8936.157s][info][gc,cpu      ] GC(1632) User=0.11s Sys=0.00s Real=0.02s
[2024-05-30T13:03:22.227+0000][8941.647s][info][gc,start    ] GC(1633) Pause Young (Normal) (G1 Evacuation Pause)
[2024-05-30T13:03:22.227+0000][8941.647s][info][gc,task     ] GC(1633) Using 6 workers of 6 for evacuation
[2024-05-30T13:03:22.258+0000][8941.678s][info][gc,phases   ] GC(1633)   Pre Evacuate Collection Set: 0.2ms
[2024-05-30T13:03:22.258+0000][8941.678s][info][gc,phases   ] GC(1633)   Merge Heap Roots: 0.3ms
[2024-05-30T13:03:22.258+0000][8941.678s][info][gc,phases   ] GC(1633)   Evacuate Collection Set: 28.1ms
[2024-05-30T13:03:22.258+0000][8941.678s][info][gc,phases   ] GC(1633)   Post Evacuate Collection Set: 2.2ms
[2024-05-30T13:03:22.258+0000][8941.678s][info][gc,phases   ] GC(1633)   Other: 0.2ms
[2024-05-30T13:03:22.258+0000][8941.678s][info][gc,heap     ] GC(1633) Eden regions: 907->0(902)
[2024-05-30T13:03:22.258+0000][8941.678s][info][gc,heap     ] GC(1633) Survivor regions: 6->11(115)
[2024-05-30T13:03:22.258+0000][8941.678s][info][gc,heap     ] GC(1633) Old regions: 285->285
[2024-05-30T13:03:22.258+0000][8941.678s][info][gc,heap     ] GC(1633) Archive regions: 2->2
[2024-05-30T13:03:22.258+0000][8941.678s][info][gc,heap     ] GC(1633) Humongous regions: 5->5
[2024-05-30T13:03:22.258+0000][8941.678s][info][gc,metaspace] GC(1633) Metaspace: 433590K(439808K)->433590K(439808K) NonClass: 379517K(382976K)->379517K(382976K) Class: 54072K(56832K)->54072K(56832K)
[2024-05-30T13:03:22.258+0000][8941.678s][info][gc          ] GC(1633) Pause Young (Normal) (G1 Evacuation Pause) 9619M->2408M(12288M) 31.094ms
[2024-05-30T13:03:22.258+0000][8941.678s][info][gc,cpu      ] GC(1633) User=0.18s Sys=0.00s Real=0.04s
[2024-05-30T13:03:27.687+0000][8947.106s][info][gc,start    ] GC(1634) Pause Young (Concurrent Start) (G1 Evacuation Pause)
[2024-05-30T13:03:27.687+0000][8947.106s][info][gc,task     ] GC(1634) Using 6 workers of 6 for evacuation
[2024-05-30T13:03:27.724+0000][8947.143s][info][gc,phases   ] GC(1634)   Pre Evacuate Collection Set: 0.6ms
[2024-05-30T13:03:27.724+0000][8947.144s][info][gc,phases   ] GC(1634)   Merge Heap Roots: 0.3ms
[2024-05-30T13:03:27.724+0000][8947.144s][info][gc,phases   ] GC(1634)   Evacuate Collection Set: 34.4ms
[2024-05-30T13:03:27.724+0000][8947.144s][info][gc,phases   ] GC(1634)   Post Evacuate Collection Set: 1.9ms
[2024-05-30T13:03:27.724+0000][8947.144s][info][gc,phases   ] GC(1634)   Other: 0.3ms
[2024-05-30T13:03:27.724+0000][8947.144s][info][gc,heap     ] GC(1634) Eden regions: 902->0(900)
[2024-05-30T13:03:27.724+0000][8947.144s][info][gc,heap     ] GC(1634) Survivor regions: 11->14(115)
[2024-05-30T13:03:27.724+0000][8947.144s][info][gc,heap     ] GC(1634) Old regions: 285->285
[2024-05-30T13:03:27.724+0000][8947.144s][info][gc,heap     ] GC(1634) Archive regions: 2->2
[2024-05-30T13:03:27.724+0000][8947.144s][info][gc,heap     ] GC(1634) Humongous regions: 5->5
[2024-05-30T13:03:27.724+0000][8947.144s][info][gc,metaspace] GC(1634) Metaspace: 433590K(439808K)->433590K(439808K) NonClass: 379517K(382976K)->379517K(382976K) Class: 54072K(56832K)->54072K(56832K)
[2024-05-30T13:03:27.724+0000][8947.144s][info][gc          ] GC(1634) Pause Young (Concurrent Start) (G1 Evacuation Pause) 9624M->2427M(12288M) 37.591ms
[2024-05-30T13:03:27.724+0000][8947.144s][info][gc,cpu      ] GC(1634) User=0.22s Sys=0.00s Real=0.04s
[2024-05-30T13:03:27.724+0000][8947.144s][info][gc          ] GC(1635) Concurrent Mark Cycle
[2024-05-30T13:03:27.725+0000][8947.144s][info][gc,marking  ] GC(1635) Concurrent Clear Claimed Marks
[2024-05-30T13:03:27.725+0000][8947.144s][info][gc,marking  ] GC(1635) Concurrent Clear Claimed Marks 0.431ms
[2024-05-30T13:03:27.725+0000][8947.144s][info][gc,marking  ] GC(1635) Concurrent Scan Root Regions
[2024-05-30T13:03:27.757+0000][8947.176s][info][gc,marking  ] GC(1635) Concurrent Scan Root Regions 32.254ms
[2024-05-30T13:03:27.757+0000][8947.177s][info][gc,marking  ] GC(1635) Concurrent Mark
[2024-05-30T13:03:27.757+0000][8947.177s][info][gc,marking  ] GC(1635) Concurrent Mark From Roots
[2024-05-30T13:03:27.757+0000][8947.177s][info][gc,task     ] GC(1635) Using 2 workers of 2 for marking
[2024-05-30T13:03:29.644+0000][8949.063s][info][gc,marking  ] GC(1635) Concurrent Mark From Roots 1886.254ms
[2024-05-30T13:03:29.644+0000][8949.063s][info][gc,marking  ] GC(1635) Concurrent Preclean
[2024-05-30T13:03:29.645+0000][8949.064s][info][gc,marking  ] GC(1635) Concurrent Preclean 0.980ms
[2024-05-30T13:03:29.645+0000][8949.064s][info][gc,start    ] GC(1635) Pause Remark
[2024-05-30T13:03:29.669+0000][8949.089s][info][gc          ] GC(1635) Pause Remark 4707M->4707M(12288M) 24.682ms
[2024-05-30T13:03:29.669+0000][8949.089s][info][gc,cpu      ] GC(1635) User=0.11s Sys=0.00s Real=0.03s
[2024-05-30T13:03:29.670+0000][8949.089s][info][gc,marking  ] GC(1635) Concurrent Mark 1912.389ms
[2024-05-30T13:03:29.670+0000][8949.089s][info][gc,marking  ] GC(1635) Concurrent Rebuild Remembered Sets
[2024-05-30T13:03:30.762+0000][8950.181s][info][gc,marking  ] GC(1635) Concurrent Rebuild Remembered Sets 1091.893ms
[2024-05-30T13:03:30.762+0000][8950.181s][info][gc,start    ] GC(1635) Pause Cleanup
[2024-05-30T13:03:30.762+0000][8950.182s][info][gc          ] GC(1635) Pause Cleanup 6098M->6098M(12288M) 0.537ms
[2024-05-30T13:03:30.762+0000][8950.182s][info][gc,cpu      ] GC(1635) User=0.00s Sys=0.00s Real=0.00s
[2024-05-30T13:03:30.762+0000][8950.182s][info][gc,marking  ] GC(1635) Concurrent Cleanup for Next Mark
[2024-05-30T13:03:30.780+0000][8950.199s][info][gc,marking  ] GC(1635) Concurrent Cleanup for Next Mark 17.739ms
[2024-05-30T13:03:30.780+0000][8950.200s][info][gc          ] GC(1635) Concurrent Mark Cycle 3055.795ms
[2024-05-30T13:03:33.450+0000][8952.870s][info][gc,start    ] GC(1636) Pause Young (Prepare Mixed) (G1 Evacuation Pause)
[2024-05-30T13:03:33.450+0000][8952.870s][info][gc,task     ] GC(1636) Using 6 workers of 6 for evacuation
[2024-05-30T13:03:33.498+0000][8952.917s][info][gc,phases   ] GC(1636)   Pre Evacuate Collection Set: 0.2ms
[2024-05-30T13:03:33.498+0000][8952.917s][info][gc,phases   ] GC(1636)   Merge Heap Roots: 0.4ms
[2024-05-30T13:03:33.498+0000][8952.917s][info][gc,phases   ] GC(1636)   Evacuate Collection Set: 44.6ms
[2024-05-30T13:03:33.498+0000][8952.917s][info][gc,phases   ] GC(1636)   Post Evacuate Collection Set: 2.2ms
[2024-05-30T13:03:33.498+0000][8952.917s][info][gc,phases   ] GC(1636)   Other: 0.2ms
[2024-05-30T13:03:33.498+0000][8952.917s][info][gc,heap     ] GC(1636) Eden regions: 900->0(56)
[2024-05-30T13:03:33.498+0000][8952.917s][info][gc,heap     ] GC(1636) Survivor regions: 14->20(115)
[2024-05-30T13:03:33.498+0000][8952.917s][info][gc,heap     ] GC(1636) Old regions: 285->285
[2024-05-30T13:03:33.498+0000][8952.917s][info][gc,heap     ] GC(1636) Archive regions: 2->2
[2024-05-30T13:03:33.498+0000][8952.917s][info][gc,heap     ] GC(1636) Humongous regions: 5->5
[2024-05-30T13:03:33.498+0000][8952.917s][info][gc,metaspace] GC(1636) Metaspace: 433591K(439808K)->433591K(439808K) NonClass: 379517K(382976K)->379517K(382976K) Class: 54073K(56832K)->54073K(56832K)
[2024-05-30T13:03:33.498+0000][8952.917s][info][gc          ] GC(1636) Pause Young (Prepare Mixed) (G1 Evacuation Pause) 9627M->2479M(12288M) 47.639ms
[2024-05-30T13:03:33.498+0000][8952.917s][info][gc,cpu      ] GC(1636) User=0.28s Sys=0.00s Real=0.05s
[2024-05-30T13:03:33.831+0000][8953.250s][info][gc,start    ] GC(1637) Pause Young (Mixed) (G1 Evacuation Pause)
[2024-05-30T13:03:33.831+0000][8953.250s][info][gc,task     ] GC(1637) Using 6 workers of 6 for evacuation
[2024-05-30T13:03:33.896+0000][8953.315s][info][gc,phases   ] GC(1637)   Pre Evacuate Collection Set: 0.2ms
[2024-05-30T13:03:33.896+0000][8953.315s][info][gc,phases   ] GC(1637)   Merge Heap Roots: 0.3ms
[2024-05-30T13:03:33.896+0000][8953.315s][info][gc,phases   ] GC(1637)   Evacuate Collection Set: 62.8ms
[2024-05-30T13:03:33.896+0000][8953.315s][info][gc,phases   ] GC(1637)   Post Evacuate Collection Set: 1.4ms
[2024-05-30T13:03:33.896+0000][8953.315s][info][gc,phases   ] GC(1637)   Other: 0.2ms
[2024-05-30T13:03:33.896+0000][8953.315s][info][gc,heap     ] GC(1637) Eden regions: 56->0(899)
[2024-05-30T13:03:33.896+0000][8953.315s][info][gc,heap     ] GC(1637) Survivor regions: 20->5(10)
[2024-05-30T13:03:33.896+0000][8953.315s][info][gc,heap     ] GC(1637) Old regions: 285->292
[2024-05-30T13:03:33.896+0000][8953.315s][info][gc,heap     ] GC(1637) Archive regions: 2->2
[2024-05-30T13:03:33.896+0000][8953.315s][info][gc,heap     ] GC(1637) Humongous regions: 5->5
[2024-05-30T13:03:33.896+0000][8953.315s][info][gc,metaspace] GC(1637) Metaspace: 433591K(439808K)->433591K(439808K) NonClass: 379517K(382976K)->379517K(382976K) Class: 54073K(56832K)->54073K(56832K)
[2024-05-30T13:03:33.896+0000][8953.315s][info][gc          ] GC(1637) Pause Young (Mixed) (G1 Evacuation Pause) 2927M->2409M(12288M) 64.845ms
[2024-05-30T13:03:33.896+0000][8953.315s][info][gc,cpu      ] GC(1637) User=0.38s Sys=0.00s Real=0.06s
[2024-05-30T13:03:39.300+0000][8958.719s][info][gc,start    ] GC(1638) Pause Young (Normal) (G1 Evacuation Pause)
[2024-05-30T13:03:39.300+0000][8958.719s][info][gc,task     ] GC(1638) Using 6 workers of 6 for evacuation
[2024-05-30T13:03:39.319+0000][8958.738s][info][gc,phases   ] GC(1638)   Pre Evacuate Collection Set: 0.2ms
[2024-05-30T13:03:39.319+0000][8958.738s][info][gc,phases   ] GC(1638)   Merge Heap Roots: 0.3ms
[2024-05-30T13:03:39.319+0000][8958.738s][info][gc,phases   ] GC(1638)   Evacuate Collection Set: 16.0ms
[2024-05-30T13:03:39.319+0000][8958.738s][info][gc,phases   ] GC(1638)   Post Evacuate Collection Set: 1.9ms
[2024-05-30T13:03:39.319+0000][8958.738s][info][gc,phases   ] GC(1638)   Other: 0.2ms
[2024-05-30T13:03:39.319+0000][8958.738s][info][gc,heap     ] GC(1638) Eden regions: 899->0(899)
[2024-05-30T13:03:39.319+0000][8958.738s][info][gc,heap     ] GC(1638) Survivor regions: 5->6(113)
[2024-05-30T13:03:39.319+0000][8958.738s][info][gc,heap     ] GC(1638) Old regions: 292->292
[2024-05-30T13:03:39.319+0000][8958.738s][info][gc,heap     ] GC(1638) Archive regions: 2->2
[2024-05-30T13:03:39.319+0000][8958.738s][info][gc,heap     ] GC(1638) Humongous regions: 5->5
[2024-05-30T13:03:39.319+0000][8958.738s][info][gc,metaspace] GC(1638) Metaspace: 433591K(439808K)->433591K(439808K) NonClass: 379517K(382976K)->379517K(382976K) Class: 54073K(56832K)->54073K(56832K)
[2024-05-30T13:03:39.319+0000][8958.738s][info][gc          ] GC(1638) Pause Young (Normal) (G1 Evacuation Pause) 9601M->2420M(12288M) 18.631ms
[2024-05-30T13:03:39.319+0000][8958.738s][info][gc,cpu      ] GC(1638) User=0.10s Sys=0.00s Real=0.02s
[2024-05-30T13:03:44.716+0000][8964.136s][info][gc,start    ] GC(1639) Pause Young (Normal) (G1 Evacuation Pause)
[2024-05-30T13:03:44.716+0000][8964.136s][info][gc,task     ] GC(1639) Using 6 workers of 6 for evacuation
[2024-05-30T13:03:44.749+0000][8964.168s][info][gc,phases   ] GC(1639)   Pre Evacuate Collection Set: 0.2ms
[2024-05-30T13:03:44.749+0000][8964.168s][info][gc,phases   ] GC(1639)   Merge Heap Roots: 0.3ms
[2024-05-30T13:03:44.749+0000][8964.168s][info][gc,phases   ] GC(1639)   Evacuate Collection Set: 29.7ms
[2024-05-30T13:03:44.749+0000][8964.168s][info][gc,phases   ] GC(1639)   Post Evacuate Collection Set: 2.2ms
[2024-05-30T13:03:44.749+0000][8964.168s][info][gc,phases   ] GC(1639)   Other: 0.2ms
[2024-05-30T13:03:44.749+0000][8964.168s][info][gc,heap     ] GC(1639) Eden regions: 899->0(893)
[2024-05-30T13:03:44.749+0000][8964.168s][info][gc,heap     ] GC(1639) Survivor regions: 6->12(114)
[2024-05-30T13:03:44.749+0000][8964.168s][info][gc,heap     ] GC(1639) Old regions: 292->292
[2024-05-30T13:03:44.749+0000][8964.168s][info][gc,heap     ] GC(1639) Archive regions: 2->2
[2024-05-30T13:03:44.749+0000][8964.168s][info][gc,heap     ] GC(1639) Humongous regions: 5->5
[2024-05-30T13:03:44.749+0000][8964.168s][info][gc,metaspace] GC(1639) Metaspace: 433591K(439808K)->433591K(439808K) NonClass: 379518K(382976K)->379518K(382976K) Class: 54073K(56832K)->54073K(56832K)
[2024-05-30T13:03:44.749+0000][8964.168s][info][gc          ] GC(1639) Pause Young (Normal) (G1 Evacuation Pause) 9612M->2464M(12288M) 32.637ms
[2024-05-30T13:03:44.749+0000][8964.168s][info][gc,cpu      ] GC(1639) User=0.20s Sys=0.00s Real=0.03s
[2024-05-30T13:03:50.033+0000][8969.452s][info][gc,start    ] GC(1640) Pause Young (Concurrent Start) (G1 Evacuation Pause)
[2024-05-30T13:03:50.033+0000][8969.452s][info][gc,task     ] GC(1640) Using 6 workers of 6 for evacuation
[2024-05-30T13:03:50.071+0000][8969.490s][info][gc,phases   ] GC(1640)   Pre Evacuate Collection Set: 0.6ms
[2024-05-30T13:03:50.071+0000][8969.490s][info][gc,phases   ] GC(1640)   Merge Heap Roots: 0.3ms
[2024-05-30T13:03:50.071+0000][8969.490s][info][gc,phases   ] GC(1640)   Evacuate Collection Set: 35.0ms
[2024-05-30T13:03:50.071+0000][8969.490s][info][gc,phases   ] GC(1640)   Post Evacuate Collection Set: 2.0ms
[2024-05-30T13:03:50.071+0000][8969.490s][info][gc,phases   ] GC(1640)   Other: 0.3ms
[2024-05-30T13:03:50.071+0000][8969.490s][info][gc,heap     ] GC(1640) Eden regions: 893->0(891)
[2024-05-30T13:03:50.071+0000][8969.490s][info][gc,heap     ] GC(1640) Survivor regions: 12->14(114)
[2024-05-30T13:03:50.071+0000][8969.490s][info][gc,heap     ] GC(1640) Old regions: 292->292
[2024-05-30T13:03:50.071+0000][8969.490s][info][gc,heap     ] GC(1640) Archive regions: 2->2
[2024-05-30T13:03:50.071+0000][8969.490s][info][gc,heap     ] GC(1640) Humongous regions: 5->5
[2024-05-30T13:03:50.071+0000][8969.490s][info][gc,metaspace] GC(1640) Metaspace: 433591K(439808K)->433591K(439808K) NonClass: 379518K(382976K)->379518K(382976K) Class: 54073K(56832K)->54073K(56832K)
[2024-05-30T13:03:50.071+0000][8969.490s][info][gc          ] GC(1640) Pause Young (Concurrent Start) (G1 Evacuation Pause) 9608M->2485M(12288M) 38.118ms
[2024-05-30T13:03:50.071+0000][8969.490s][info][gc,cpu      ] GC(1640) User=0.22s Sys=0.00s Real=0.04s
[2024-05-30T13:03:50.071+0000][8969.490s][info][gc          ] GC(1641) Concurrent Mark Cycle
[2024-05-30T13:03:50.071+0000][8969.490s][info][gc,marking  ] GC(1641) Concurrent Clear Claimed Marks
[2024-05-30T13:03:50.071+0000][8969.491s][info][gc,marking  ] GC(1641) Concurrent Clear Claimed Marks 0.410ms
[2024-05-30T13:03:50.071+0000][8969.491s][info][gc,marking  ] GC(1641) Concurrent Scan Root Regions
[2024-05-30T13:03:50.111+0000][8969.530s][info][gc,marking  ] GC(1641) Concurrent Scan Root Regions 39.176ms
[2024-05-30T13:03:50.111+0000][8969.530s][info][gc,marking  ] GC(1641) Concurrent Mark
[2024-05-30T13:03:50.111+0000][8969.530s][info][gc,marking  ] GC(1641) Concurrent Mark From Roots
[2024-05-30T13:03:50.111+0000][8969.530s][info][gc,task     ] GC(1641) Using 2 workers of 2 for marking
[2024-05-30T13:03:52.077+0000][8971.497s][info][gc,marking  ] GC(1641) Concurrent Mark From Roots 1966.880ms
[2024-05-30T13:03:52.077+0000][8971.497s][info][gc,marking  ] GC(1641) Concurrent Preclean
[2024-05-30T13:03:52.078+0000][8971.498s][info][gc,marking  ] GC(1641) Concurrent Preclean 0.865ms
[2024-05-30T13:03:52.079+0000][8971.498s][info][gc,start    ] GC(1641) Pause Remark
[2024-05-30T13:03:52.103+0000][8971.522s][info][gc          ] GC(1641) Pause Remark 4829M->4829M(12288M) 24.520ms
[2024-05-30T13:03:52.103+0000][8971.522s][info][gc,cpu      ] GC(1641) User=0.11s Sys=0.00s Real=0.02s
[2024-05-30T13:03:52.103+0000][8971.523s][info][gc,marking  ] GC(1641) Concurrent Mark 1992.903ms
[2024-05-30T13:03:52.103+0000][8971.523s][info][gc,marking  ] GC(1641) Concurrent Rebuild Remembered Sets
[2024-05-30T13:03:53.222+0000][8972.641s][info][gc,marking  ] GC(1641) Concurrent Rebuild Remembered Sets 1118.159ms
[2024-05-30T13:03:53.222+0000][8972.641s][info][gc,start    ] GC(1641) Pause Cleanup
[2024-05-30T13:03:53.222+0000][8972.642s][info][gc          ] GC(1641) Pause Cleanup 6225M->6225M(12288M) 0.565ms
[2024-05-30T13:03:53.223+0000][8972.642s][info][gc,cpu      ] GC(1641) User=0.00s Sys=0.00s Real=0.00s
[2024-05-30T13:03:53.223+0000][8972.642s][info][gc,marking  ] GC(1641) Concurrent Cleanup for Next Mark
[2024-05-30T13:03:53.240+0000][8972.659s][info][gc,marking  ] GC(1641) Concurrent Cleanup for Next Mark 17.561ms
[2024-05-30T13:03:53.240+0000][8972.659s][info][gc          ] GC(1641) Concurrent Mark Cycle 3169.326ms
[2024-05-30T13:03:55.782+0000][8975.201s][info][gc,start    ] GC(1642) Pause Young (Prepare Mixed) (G1 Evacuation Pause)
[2024-05-30T13:03:55.782+0000][8975.201s][info][gc,task     ] GC(1642) Using 6 workers of 6 for evacuation
[2024-05-30T13:03:55.829+0000][8975.248s][info][gc,phases   ] GC(1642)   Pre Evacuate Collection Set: 0.2ms
[2024-05-30T13:03:55.829+0000][8975.248s][info][gc,phases   ] GC(1642)   Merge Heap Roots: 0.4ms
[2024-05-30T13:03:55.829+0000][8975.248s][info][gc,phases   ] GC(1642)   Evacuate Collection Set: 44.3ms
[2024-05-30T13:03:55.829+0000][8975.248s][info][gc,phases   ] GC(1642)   Post Evacuate Collection Set: 2.2ms
[2024-05-30T13:03:55.829+0000][8975.248s][info][gc,phases   ] GC(1642)   Other: 0.2ms
[2024-05-30T13:03:55.829+0000][8975.248s][info][gc,heap     ] GC(1642) Eden regions: 891->0(57)
[2024-05-30T13:03:55.829+0000][8975.248s][info][gc,heap     ] GC(1642) Survivor regions: 14->19(114)
[2024-05-30T13:03:55.829+0000][8975.248s][info][gc,heap     ] GC(1642) Old regions: 292->292
[2024-05-30T13:03:55.829+0000][8975.248s][info][gc,heap     ] GC(1642) Archive regions: 2->2
[2024-05-30T13:03:55.829+0000][8975.248s][info][gc,heap     ] GC(1642) Humongous regions: 5->5
[2024-05-30T13:03:55.829+0000][8975.248s][info][gc,metaspace] GC(1642) Metaspace: 433591K(439808K)->433591K(439808K) NonClass: 379518K(382976K)->379518K(382976K) Class: 54073K(56832K)->54073K(56832K)
[2024-05-30T13:03:55.829+0000][8975.248s][info][gc          ] GC(1642) Pause Young (Prepare Mixed) (G1 Evacuation Pause) 9613M->2520M(12288M) 47.251ms
[2024-05-30T13:03:55.829+0000][8975.248s][info][gc,cpu      ] GC(1642) User=0.28s Sys=0.00s Real=0.05s
[2024-05-30T13:03:56.157+0000][8975.576s][info][gc,start    ] GC(1643) Pause Young (Mixed) (G1 Evacuation Pause)
[2024-05-30T13:03:56.157+0000][8975.576s][info][gc,task     ] GC(1643) Using 6 workers of 6 for evacuation
[2024-05-30T13:03:56.219+0000][8975.638s][info][gc,phases   ] GC(1643)   Pre Evacuate Collection Set: 0.2ms
[2024-05-30T13:03:56.219+0000][8975.638s][info][gc,phases   ] GC(1643)   Merge Heap Roots: 0.2ms
[2024-05-30T13:03:56.219+0000][8975.638s][info][gc,phases   ] GC(1643)   Evacuate Collection Set: 60.8ms
[2024-05-30T13:03:56.219+0000][8975.638s][info][gc,phases   ] GC(1643)   Post Evacuate Collection Set: 1.2ms
[2024-05-30T13:03:56.219+0000][8975.638s][info][gc,phases   ] GC(1643)   Other: 0.2ms
[2024-05-30T13:03:56.219+0000][8975.638s][info][gc,heap     ] GC(1643) Eden regions: 57->0(898)
[2024-05-30T13:03:56.219+0000][8975.638s][info][gc,heap     ] GC(1643) Survivor regions: 19->6(10)
[2024-05-30T13:03:56.219+0000][8975.638s][info][gc,heap     ] GC(1643) Old regions: 292->294
[2024-05-30T13:03:56.219+0000][8975.638s][info][gc,heap     ] GC(1643) Archive regions: 2->2
[2024-05-30T13:03:56.219+0000][8975.638s][info][gc,heap     ] GC(1643) Humongous regions: 5->5
[2024-05-30T13:03:56.219+0000][8975.638s][info][gc,metaspace] GC(1643) Metaspace: 433591K(439808K)->433591K(439808K) NonClass: 379518K(382976K)->379518K(382976K) Class: 54073K(56832K)->54073K(56832K)
[2024-05-30T13:03:56.219+0000][8975.639s][info][gc          ] GC(1643) Pause Young (Mixed) (G1 Evacuation Pause) 2976M->2437M(12288M) 62.721ms
[2024-05-30T13:03:56.219+0000][8975.639s][info][gc,cpu      ] GC(1643) User=0.37s Sys=0.00s Real=0.06s
[2024-05-30T13:04:01.621+0000][8981.040s][info][gc,start    ] GC(1644) Pause Young (Normal) (G1 Evacuation Pause)
[2024-05-30T13:04:01.621+0000][8981.040s][info][gc,task     ] GC(1644) Using 6 workers of 6 for evacuation
[2024-05-30T13:04:01.649+0000][8981.069s][info][gc,phases   ] GC(1644)   Pre Evacuate Collection Set: 0.2ms
[2024-05-30T13:04:01.650+0000][8981.069s][info][gc,phases   ] GC(1644)   Merge Heap Roots: 0.3ms
[2024-05-30T13:04:01.650+0000][8981.069s][info][gc,phases   ] GC(1644)   Evacuate Collection Set: 25.9ms
[2024-05-30T13:04:01.650+0000][8981.069s][info][gc,phases   ] GC(1644)   Post Evacuate Collection Set: 2.0ms
[2024-05-30T13:04:01.650+0000][8981.069s][info][gc,phases   ] GC(1644)   Other: 0.2ms
[2024-05-30T13:04:01.650+0000][8981.069s][info][gc,heap     ] GC(1644) Eden regions: 898->0(893)
[2024-05-30T13:04:01.650+0000][8981.069s][info][gc,heap     ] GC(1644) Survivor regions: 6->11(113)
[2024-05-30T13:04:01.650+0000][8981.069s][info][gc,heap     ] GC(1644) Old regions: 294->294
[2024-05-30T13:04:01.650+0000][8981.069s][info][gc,heap     ] GC(1644) Archive regions: 2->2
[2024-05-30T13:04:01.650+0000][8981.069s][info][gc,heap     ] GC(1644) Humongous regions: 5->5
[2024-05-30T13:04:01.650+0000][8981.069s][info][gc,metaspace] GC(1644) Metaspace: 433591K(439808K)->433591K(439808K) NonClass: 379518K(382976K)->379518K(382976K) Class: 54073K(56832K)->54073K(56832K)
[2024-05-30T13:04:01.650+0000][8981.069s][info][gc          ] GC(1644) Pause Young (Normal) (G1 Evacuation Pause) 9621M->2479M(12288M) 28.713ms
[2024-05-30T13:04:01.650+0000][8981.069s][info][gc,cpu      ] GC(1644) User=0.16s Sys=0.00s Real=0.03s
[2024-05-30T13:04:07.029+0000][8986.448s][info][gc,start    ] GC(1645) Pause Young (Normal) (G1 Evacuation Pause)
[2024-05-30T13:04:07.029+0000][8986.448s][info][gc,task     ] GC(1645) Using 6 workers of 6 for evacuation
[2024-05-30T13:04:07.070+0000][8986.489s][info][gc,phases   ] GC(1645)   Pre Evacuate Collection Set: 0.2ms
[2024-05-30T13:04:07.070+0000][8986.489s][info][gc,phases   ] GC(1645)   Merge Heap Roots: 0.3ms
[2024-05-30T13:04:07.070+0000][8986.489s][info][gc,phases   ] GC(1645)   Evacuate Collection Set: 39.0ms
[2024-05-30T13:04:07.070+0000][8986.489s][info][gc,phases   ] GC(1645)   Post Evacuate Collection Set: 2.0ms
[2024-05-30T13:04:07.070+0000][8986.489s][info][gc,phases   ] GC(1645)   Other: 0.2ms
[2024-05-30T13:04:07.070+0000][8986.489s][info][gc,heap     ] GC(1645) Eden regions: 893->0(890)
[2024-05-30T13:04:07.070+0000][8986.489s][info][gc,heap     ] GC(1645) Survivor regions: 11->15(113)
[2024-05-30T13:04:07.070+0000][8986.489s][info][gc,heap     ] GC(1645) Old regions: 294->294
[2024-05-30T13:04:07.070+0000][8986.489s][info][gc,heap     ] GC(1645) Archive regions: 2->2
[2024-05-30T13:04:07.070+0000][8986.489s][info][gc,heap     ] GC(1645) Humongous regions: 5->5
[2024-05-30T13:04:07.070+0000][8986.489s][info][gc,metaspace] GC(1645) Metaspace: 433591K(439808K)->433591K(439808K) NonClass: 379518K(382976K)->379518K(382976K) Class: 54073K(56832K)->54073K(56832K)
[2024-05-30T13:04:07.070+0000][8986.490s][info][gc          ] GC(1645) Pause Young (Normal) (G1 Evacuation Pause) 9623M->2513M(12288M) 41.708ms
[2024-05-30T13:04:07.070+0000][8986.490s][info][gc,cpu      ] GC(1645) User=0.24s Sys=0.00s Real=0.04s
[2024-05-30T13:04:12.278+0000][8991.697s][info][gc,start    ] GC(1646) Pause Young (Concurrent Start) (G1 Evacuation Pause)
[2024-05-30T13:04:12.278+0000][8991.697s][info][gc,task     ] GC(1646) Using 6 workers of 6 for evacuation
[2024-05-30T13:04:12.325+0000][8991.744s][info][gc,phases   ] GC(1646)   Pre Evacuate Collection Set: 0.6ms
[2024-05-30T13:04:12.325+0000][8991.744s][info][gc,phases   ] GC(1646)   Merge Heap Roots: 0.3ms
[2024-05-30T13:04:12.325+0000][8991.744s][info][gc,phases   ] GC(1646)   Evacuate Collection Set: 43.6ms
[2024-05-30T13:04:12.325+0000][8991.744s][info][gc,phases   ] GC(1646)   Post Evacuate Collection Set: 2.0ms
[2024-05-30T13:04:12.325+0000][8991.744s][info][gc,phases   ] GC(1646)   Other: 0.3ms
[2024-05-30T13:04:12.325+0000][8991.744s][info][gc,heap     ] GC(1646) Eden regions: 890->0(886)
[2024-05-30T13:04:12.325+0000][8991.744s][info][gc,heap     ] GC(1646) Survivor regions: 15->18(114)
[2024-05-30T13:04:12.325+0000][8991.744s][info][gc,heap     ] GC(1646) Old regions: 294->294
[2024-05-30T13:04:12.325+0000][8991.744s][info][gc,heap     ] GC(1646) Archive regions: 2->2
[2024-05-30T13:04:12.325+0000][8991.744s][info][gc,heap     ] GC(1646) Humongous regions: 5->5
[2024-05-30T13:04:12.325+0000][8991.744s][info][gc,metaspace] GC(1646) Metaspace: 433591K(439808K)->433591K(439808K) NonClass: 379518K(382976K)->379518K(382976K) Class: 54073K(56832K)->54073K(56832K)
[2024-05-30T13:04:12.325+0000][8991.744s][info][gc          ] GC(1646) Pause Young (Concurrent Start) (G1 Evacuation Pause) 9633M->2536M(12288M) 46.907ms
[2024-05-30T13:04:12.325+0000][8991.744s][info][gc,cpu      ] GC(1646) User=0.28s Sys=0.00s Real=0.04s
[2024-05-30T13:04:12.325+0000][8991.744s][info][gc          ] GC(1647) Concurrent Mark Cycle
[2024-05-30T13:04:12.325+0000][8991.744s][info][gc,marking  ] GC(1647) Concurrent Clear Claimed Marks
[2024-05-30T13:04:12.325+0000][8991.745s][info][gc,marking  ] GC(1647) Concurrent Clear Claimed Marks 0.437ms
[2024-05-30T13:04:12.325+0000][8991.745s][info][gc,marking  ] GC(1647) Concurrent Scan Root Regions
[2024-05-30T13:04:12.357+0000][8991.776s][info][gc,marking  ] GC(1647) Concurrent Scan Root Regions 31.939ms
[2024-05-30T13:04:12.357+0000][8991.777s][info][gc,marking  ] GC(1647) Concurrent Mark
[2024-05-30T13:04:12.357+0000][8991.777s][info][gc,marking  ] GC(1647) Concurrent Mark From Roots
[2024-05-30T13:04:12.357+0000][8991.777s][info][gc,task     ] GC(1647) Using 2 workers of 2 for marking
[2024-05-30T13:04:14.397+0000][8993.817s][info][gc,marking  ] GC(1647) Concurrent Mark From Roots 2040.003ms
[2024-05-30T13:04:14.397+0000][8993.817s][info][gc,marking  ] GC(1647) Concurrent Preclean
[2024-05-30T13:04:14.398+0000][8993.817s][info][gc,marking  ] GC(1647) Concurrent Preclean 0.920ms
[2024-05-30T13:04:14.398+0000][8993.818s][info][gc,start    ] GC(1647) Pause Remark
[2024-05-30T13:04:14.422+0000][8993.841s][info][gc          ] GC(1647) Pause Remark 4992M->4992M(12288M) 23.777ms
[2024-05-30T13:04:14.422+0000][8993.841s][info][gc,cpu      ] GC(1647) User=0.10s Sys=0.00s Real=0.02s
[2024-05-30T13:04:14.422+0000][8993.842s][info][gc,marking  ] GC(1647) Concurrent Mark 2065.024ms
[2024-05-30T13:04:14.422+0000][8993.842s][info][gc,marking  ] GC(1647) Concurrent Rebuild Remembered Sets
[2024-05-30T13:04:15.570+0000][8994.990s][info][gc,marking  ] GC(1647) Concurrent Rebuild Remembered Sets 1148.051ms
[2024-05-30T13:04:15.571+0000][8994.990s][info][gc,start    ] GC(1647) Pause Cleanup
[2024-05-30T13:04:15.571+0000][8994.990s][info][gc          ] GC(1647) Pause Cleanup 6468M->6468M(12288M) 0.526ms
[2024-05-30T13:04:15.571+0000][8994.990s][info][gc,cpu      ] GC(1647) User=0.00s Sys=0.00s Real=0.00s
[2024-05-30T13:04:15.571+0000][8994.990s][info][gc,marking  ] GC(1647) Concurrent Cleanup for Next Mark
[2024-05-30T13:04:15.599+0000][8995.019s][info][gc,marking  ] GC(1647) Concurrent Cleanup for Next Mark 28.281ms
[2024-05-30T13:04:15.600+0000][8995.019s][info][gc          ] GC(1647) Concurrent Mark Cycle 3274.717ms
[2024-05-30T13:04:17.957+0000][8997.376s][info][gc,start    ] GC(1648) Pause Young (Prepare Mixed) (G1 Evacuation Pause)
[2024-05-30T13:04:17.957+0000][8997.376s][info][gc,task     ] GC(1648) Using 6 workers of 6 for evacuation
[2024-05-30T13:04:18.013+0000][8997.432s][info][gc,phases   ] GC(1648)   Pre Evacuate Collection Set: 0.2ms
[2024-05-30T13:04:18.013+0000][8997.432s][info][gc,phases   ] GC(1648)   Merge Heap Roots: 0.3ms
[2024-05-30T13:04:18.013+0000][8997.432s][info][gc,phases   ] GC(1648)   Evacuate Collection Set: 53.3ms
[2024-05-30T13:04:18.013+0000][8997.432s][info][gc,phases   ] GC(1648)   Post Evacuate Collection Set: 1.9ms
[2024-05-30T13:04:18.013+0000][8997.432s][info][gc,phases   ] GC(1648)   Other: 0.2ms
[2024-05-30T13:04:18.013+0000][8997.432s][info][gc,heap     ] GC(1648) Eden regions: 886->0(54)
[2024-05-30T13:04:18.013+0000][8997.432s][info][gc,heap     ] GC(1648) Survivor regions: 18->22(113)
[2024-05-30T13:04:18.013+0000][8997.432s][info][gc,heap     ] GC(1648) Old regions: 294->294
[2024-05-30T13:04:18.013+0000][8997.432s][info][gc,heap     ] GC(1648) Archive regions: 2->2
[2024-05-30T13:04:18.013+0000][8997.432s][info][gc,heap     ] GC(1648) Humongous regions: 5->5
[2024-05-30T13:04:18.013+0000][8997.432s][info][gc,metaspace] GC(1648) Metaspace: 433591K(439808K)->433591K(439808K) NonClass: 379518K(382976K)->379518K(382976K) Class: 54073K(56832K)->54073K(56832K)
[2024-05-30T13:04:18.013+0000][8997.433s][info][gc          ] GC(1648) Pause Young (Prepare Mixed) (G1 Evacuation Pause) 9624M->2565M(12288M) 56.058ms
[2024-05-30T13:04:18.013+0000][8997.433s][info][gc,cpu      ] GC(1648) User=0.33s Sys=0.00s Real=0.05s
[2024-05-30T13:04:18.332+0000][8997.752s][info][gc,start    ] GC(1649) Pause Young (Mixed) (GCLocker Initiated GC)
[2024-05-30T13:04:18.333+0000][8997.752s][info][gc,task     ] GC(1649) Using 6 workers of 6 for evacuation
[2024-05-30T13:04:18.405+0000][8997.824s][info][gc,phases   ] GC(1649)   Pre Evacuate Collection Set: 0.2ms
[2024-05-30T13:04:18.405+0000][8997.824s][info][gc,phases   ] GC(1649)   Merge Heap Roots: 0.3ms
[2024-05-30T13:04:18.405+0000][8997.824s][info][gc,phases   ] GC(1649)   Evacuate Collection Set: 70.4ms
[2024-05-30T13:04:18.405+0000][8997.824s][info][gc,phases   ] GC(1649)   Post Evacuate Collection Set: 1.3ms
[2024-05-30T13:04:18.405+0000][8997.824s][info][gc,phases   ] GC(1649)   Other: 0.2ms
[2024-05-30T13:04:18.405+0000][8997.824s][info][gc,heap     ] GC(1649) Eden regions: 54->0(892)
[2024-05-30T13:04:18.405+0000][8997.824s][info][gc,heap     ] GC(1649) Survivor regions: 22->3(10)
[2024-05-30T13:04:18.405+0000][8997.824s][info][gc,heap     ] GC(1649) Old regions: 294->303
[2024-05-30T13:04:18.405+0000][8997.824s][info][gc,heap     ] GC(1649) Archive regions: 2->2
[2024-05-30T13:04:18.405+0000][8997.824s][info][gc,heap     ] GC(1649) Humongous regions: 5->5
[2024-05-30T13:04:18.405+0000][8997.824s][info][gc,metaspace] GC(1649) Metaspace: 433591K(439808K)->433591K(439808K) NonClass: 379518K(382976K)->379518K(382976K) Class: 54073K(56832K)->54073K(56832K)
[2024-05-30T13:04:18.405+0000][8997.824s][info][gc          ] GC(1649) Pause Young (Mixed) (GCLocker Initiated GC) 2997M->2488M(12288M) 72.416ms
[2024-05-30T13:04:18.405+0000][8997.824s][info][gc,cpu      ] GC(1649) User=0.42s Sys=0.00s Real=0.07s
[2024-05-30T13:04:23.819+0000][9003.238s][info][gc,start    ] GC(1650) Pause Young (Normal) (G1 Evacuation Pause)
[2024-05-30T13:04:23.819+0000][9003.238s][info][gc,task     ] GC(1650) Using 6 workers of 6 for evacuation
[2024-05-30T13:04:23.839+0000][9003.259s][info][gc,phases   ] GC(1650)   Pre Evacuate Collection Set: 0.2ms
[2024-05-30T13:04:23.840+0000][9003.259s][info][gc,phases   ] GC(1650)   Merge Heap Roots: 0.3ms
[2024-05-30T13:04:23.840+0000][9003.259s][info][gc,phases   ] GC(1650)   Evacuate Collection Set: 17.8ms
[2024-05-30T13:04:23.840+0000][9003.259s][info][gc,phases   ] GC(1650)   Post Evacuate Collection Set: 2.1ms
[2024-05-30T13:04:23.840+0000][9003.259s][info][gc,phases   ] GC(1650)   Other: 0.2ms
[2024-05-30T13:04:23.840+0000][9003.259s][info][gc,heap     ] GC(1650) Eden regions: 892->0(884)
[2024-05-30T13:04:23.840+0000][9003.259s][info][gc,heap     ] GC(1650) Survivor regions: 3->9(112)
[2024-05-30T13:04:23.840+0000][9003.259s][info][gc,heap     ] GC(1650) Old regions: 303->303
[2024-05-30T13:04:23.840+0000][9003.259s][info][gc,heap     ] GC(1650) Archive regions: 2->2
[2024-05-30T13:04:23.840+0000][9003.259s][info][gc,heap     ] GC(1650) Humongous regions: 5->5
[2024-05-30T13:04:23.840+0000][9003.259s][info][gc,metaspace] GC(1650) Metaspace: 433591K(439808K)->433591K(439808K) NonClass: 379518K(382976K)->379518K(382976K) Class: 54073K(56832K)->54073K(56832K)
[2024-05-30T13:04:23.840+0000][9003.259s][info][gc          ] GC(1650) Pause Young (Normal) (G1 Evacuation Pause) 9624M->2532M(12288M) 20.635ms
[2024-05-30T13:04:23.840+0000][9003.259s][info][gc,cpu      ] GC(1650) User=0.12s Sys=0.00s Real=0.02s
[2024-05-30T13:04:29.055+0000][9008.474s][info][gc,start    ] GC(1651) Pause Young (Normal) (G1 Evacuation Pause)
[2024-05-30T13:04:29.055+0000][9008.474s][info][gc,task     ] GC(1651) Using 6 workers of 6 for evacuation
[2024-05-30T13:04:29.083+0000][9008.503s][info][gc,phases   ] GC(1651)   Pre Evacuate Collection Set: 0.2ms
[2024-05-30T13:04:29.083+0000][9008.503s][info][gc,phases   ] GC(1651)   Merge Heap Roots: 0.3ms
[2024-05-30T13:04:29.083+0000][9008.503s][info][gc,phases   ] GC(1651)   Evacuate Collection Set: 26.1ms
[2024-05-30T13:04:29.083+0000][9008.503s][info][gc,phases   ] GC(1651)   Post Evacuate Collection Set: 2.0ms
[2024-05-30T13:04:29.083+0000][9008.503s][info][gc,phases   ] GC(1651)   Other: 0.3ms
[2024-05-30T13:04:29.083+0000][9008.503s][info][gc,heap     ] GC(1651) Eden regions: 884->0(882)
[2024-05-30T13:04:29.083+0000][9008.503s][info][gc,heap     ] GC(1651) Survivor regions: 9->11(112)
[2024-05-30T13:04:29.083+0000][9008.503s][info][gc,heap     ] GC(1651) Old regions: 303->303
[2024-05-30T13:04:29.084+0000][9008.503s][info][gc,heap     ] GC(1651) Archive regions: 2->2
[2024-05-30T13:04:29.084+0000][9008.503s][info][gc,heap     ] GC(1651) Humongous regions: 5->5
[2024-05-30T13:04:29.084+0000][9008.503s][info][gc,metaspace] GC(1651) Metaspace: 433592K(439808K)->433592K(439808K) NonClass: 379518K(382976K)->379518K(382976K) Class: 54074K(56832K)->54074K(56832K)
[2024-05-30T13:04:29.084+0000][9008.503s][info][gc          ] GC(1651) Pause Young (Normal) (G1 Evacuation Pause) 9604M->2548M(12288M) 28.821ms
[2024-05-30T13:04:29.084+0000][9008.503s][info][gc,cpu      ] GC(1651) User=0.16s Sys=0.00s Real=0.03s
[2024-05-30T13:04:34.471+0000][9013.890s][info][gc,start    ] GC(1652) Pause Young (Concurrent Start) (G1 Evacuation Pause)
[2024-05-30T13:04:34.471+0000][9013.890s][info][gc,task     ] GC(1652) Using 6 workers of 6 for evacuation
[2024-05-30T13:04:34.510+0000][9013.929s][info][gc,phases   ] GC(1652)   Pre Evacuate Collection Set: 0.6ms
[2024-05-30T13:04:34.510+0000][9013.929s][info][gc,phases   ] GC(1652)   Merge Heap Roots: 0.3ms
[2024-05-30T13:04:34.510+0000][9013.929s][info][gc,phases   ] GC(1652)   Evacuate Collection Set: 35.6ms
[2024-05-30T13:04:34.510+0000][9013.929s][info][gc,phases   ] GC(1652)   Post Evacuate Collection Set: 2.0ms
[2024-05-30T13:04:34.510+0000][9013.929s][info][gc,phases   ] GC(1652)   Other: 0.3ms
[2024-05-30T13:04:34.510+0000][9013.929s][info][gc,heap     ] GC(1652) Eden regions: 882->0(881)
[2024-05-30T13:04:34.510+0000][9013.929s][info][gc,heap     ] GC(1652) Survivor regions: 11->14(112)
[2024-05-30T13:04:34.510+0000][9013.929s][info][gc,heap     ] GC(1652) Old regions: 303->303
[2024-05-30T13:04:34.510+0000][9013.929s][info][gc,heap     ] GC(1652) Archive regions: 2->2
[2024-05-30T13:04:34.510+0000][9013.929s][info][gc,heap     ] GC(1652) Humongous regions: 5->5
[2024-05-30T13:04:34.510+0000][9013.929s][info][gc,metaspace] GC(1652) Metaspace: 433593K(439808K)->433593K(439808K) NonClass: 379519K(382976K)->379519K(382976K) Class: 54074K(56832K)->54074K(56832K)
[2024-05-30T13:04:34.510+0000][9013.929s][info][gc          ] GC(1652) Pause Young (Concurrent Start) (G1 Evacuation Pause) 9604M->2576M(12288M) 38.800ms
[2024-05-30T13:04:34.510+0000][9013.929s][info][gc,cpu      ] GC(1652) User=0.23s Sys=0.00s Real=0.04s
[2024-05-30T13:04:34.510+0000][9013.929s][info][gc          ] GC(1653) Concurrent Mark Cycle
[2024-05-30T13:04:34.510+0000][9013.929s][info][gc,marking  ] GC(1653) Concurrent Clear Claimed Marks
[2024-05-30T13:04:34.510+0000][9013.929s][info][gc,marking  ] GC(1653) Concurrent Clear Claimed Marks 0.456ms
[2024-05-30T13:04:34.510+0000][9013.929s][info][gc,marking  ] GC(1653) Concurrent Scan Root Regions
[2024-05-30T13:04:34.542+0000][9013.961s][info][gc,marking  ] GC(1653) Concurrent Scan Root Regions 31.942ms
[2024-05-30T13:04:34.542+0000][9013.961s][info][gc,marking  ] GC(1653) Concurrent Mark
[2024-05-30T13:04:34.542+0000][9013.961s][info][gc,marking  ] GC(1653) Concurrent Mark From Roots
[2024-05-30T13:04:34.542+0000][9013.961s][info][gc,task     ] GC(1653) Using 2 workers of 2 for marking
[2024-05-30T13:04:36.773+0000][9016.193s][info][gc,marking  ] GC(1653) Concurrent Mark From Roots 2231.101ms
[2024-05-30T13:04:36.773+0000][9016.193s][info][gc,marking  ] GC(1653) Concurrent Preclean
[2024-05-30T13:04:36.774+0000][9016.194s][info][gc,marking  ] GC(1653) Concurrent Preclean 0.901ms
[2024-05-30T13:04:36.774+0000][9016.194s][info][gc,start    ] GC(1653) Pause Remark
[2024-05-30T13:04:36.798+0000][9016.218s][info][gc          ] GC(1653) Pause Remark 5284M->5284M(12288M) 23.886ms
[2024-05-30T13:04:36.798+0000][9016.218s][info][gc,cpu      ] GC(1653) User=0.10s Sys=0.01s Real=0.03s
[2024-05-30T13:04:36.798+0000][9016.218s][info][gc,marking  ] GC(1653) Concurrent Mark 2256.260ms
[2024-05-30T13:04:36.798+0000][9016.218s][info][gc,marking  ] GC(1653) Concurrent Rebuild Remembered Sets
[2024-05-30T13:04:37.945+0000][9017.365s][info][gc,marking  ] GC(1653) Concurrent Rebuild Remembered Sets 1146.775ms
[2024-05-30T13:04:37.945+0000][9017.365s][info][gc,start    ] GC(1653) Pause Cleanup
[2024-05-30T13:04:37.946+0000][9017.365s][info][gc          ] GC(1653) Pause Cleanup 6696M->6696M(12288M) 0.519ms
[2024-05-30T13:04:37.946+0000][9017.365s][info][gc,cpu      ] GC(1653) User=0.00s Sys=0.00s Real=0.00s
[2024-05-30T13:04:37.946+0000][9017.365s][info][gc,marking  ] GC(1653) Concurrent Cleanup for Next Mark
[2024-05-30T13:04:37.964+0000][9017.383s][info][gc,marking  ] GC(1653) Concurrent Cleanup for Next Mark 17.735ms
[2024-05-30T13:04:37.964+0000][9017.383s][info][gc          ] GC(1653) Concurrent Mark Cycle 3454.103ms
[2024-05-30T13:04:40.130+0000][9019.549s][info][gc,start    ] GC(1654) Pause Young (Prepare Mixed) (G1 Evacuation Pause)
[2024-05-30T13:04:40.130+0000][9019.549s][info][gc,task     ] GC(1654) Using 6 workers of 6 for evacuation
[2024-05-30T13:04:40.178+0000][9019.597s][info][gc,phases   ] GC(1654)   Pre Evacuate Collection Set: 0.2ms
[2024-05-30T13:04:40.178+0000][9019.598s][info][gc,phases   ] GC(1654)   Merge Heap Roots: 0.4ms
[2024-05-30T13:04:40.178+0000][9019.598s][info][gc,phases   ] GC(1654)   Evacuate Collection Set: 45.2ms
[2024-05-30T13:04:40.178+0000][9019.598s][info][gc,phases   ] GC(1654)   Post Evacuate Collection Set: 2.1ms
[2024-05-30T13:04:40.178+0000][9019.598s][info][gc,phases   ] GC(1654)   Other: 0.2ms
[2024-05-30T13:04:40.178+0000][9019.598s][info][gc,heap     ] GC(1654) Eden regions: 881->0(57)
[2024-05-30T13:04:40.178+0000][9019.598s][info][gc,heap     ] GC(1654) Survivor regions: 14->19(112)
[2024-05-30T13:04:40.178+0000][9019.598s][info][gc,heap     ] GC(1654) Old regions: 303->303
[2024-05-30T13:04:40.178+0000][9019.598s][info][gc,heap     ] GC(1654) Archive regions: 2->2
[2024-05-30T13:04:40.178+0000][9019.598s][info][gc,heap     ] GC(1654) Humongous regions: 5->5
[2024-05-30T13:04:40.178+0000][9019.598s][info][gc,metaspace] GC(1654) Metaspace: 433594K(439808K)->433594K(439808K) NonClass: 379519K(382976K)->379519K(382976K) Class: 54074K(56832K)->54074K(56832K)
[2024-05-30T13:04:40.178+0000][9019.598s][info][gc          ] GC(1654) Pause Young (Prepare Mixed) (G1 Evacuation Pause) 9624M->2611M(12288M) 48.132ms
[2024-05-30T13:04:40.178+0000][9019.598s][info][gc,cpu      ] GC(1654) User=0.29s Sys=0.00s Real=0.05s
[2024-05-30T13:04:40.442+0000][9019.861s][info][gc,start    ] GC(1655) Pause Young (Mixed) (G1 Evacuation Pause)
[2024-05-30T13:04:40.442+0000][9019.861s][info][gc,task     ] GC(1655) Using 6 workers of 6 for evacuation
[2024-05-30T13:04:40.509+0000][9019.929s][info][gc,phases   ] GC(1655)   Pre Evacuate Collection Set: 0.2ms
[2024-05-30T13:04:40.509+0000][9019.929s][info][gc,phases   ] GC(1655)   Merge Heap Roots: 0.3ms
[2024-05-30T13:04:40.509+0000][9019.929s][info][gc,phases   ] GC(1655)   Evacuate Collection Set: 65.5ms
[2024-05-30T13:04:40.509+0000][9019.929s][info][gc,phases   ] GC(1655)   Post Evacuate Collection Set: 1.3ms
[2024-05-30T13:04:40.509+0000][9019.929s][info][gc,phases   ] GC(1655)   Other: 0.2ms
[2024-05-30T13:04:40.509+0000][9019.929s][info][gc,heap     ] GC(1655) Eden regions: 57->0(884)
[2024-05-30T13:04:40.509+0000][9019.929s][info][gc,heap     ] GC(1655) Survivor regions: 19->3(10)
[2024-05-30T13:04:40.509+0000][9019.929s][info][gc,heap     ] GC(1655) Old regions: 303->311
[2024-05-30T13:04:40.509+0000][9019.929s][info][gc,heap     ] GC(1655) Archive regions: 2->2
[2024-05-30T13:04:40.509+0000][9019.929s][info][gc,heap     ] GC(1655) Humongous regions: 5->5
[2024-05-30T13:04:40.509+0000][9019.929s][info][gc,metaspace] GC(1655) Metaspace: 433594K(439808K)->433594K(439808K) NonClass: 379519K(382976K)->379519K(382976K) Class: 54074K(56832K)->54074K(56832K)
[2024-05-30T13:04:40.509+0000][9019.929s][info][gc          ] GC(1655) Pause Young (Mixed) (G1 Evacuation Pause) 3067M->2554M(12288M) 67.516ms
[2024-05-30T13:04:40.509+0000][9019.929s][info][gc,cpu      ] GC(1655) User=0.40s Sys=0.00s Real=0.07s
[2024-05-30T13:04:45.890+0000][9025.309s][info][gc,start    ] GC(1656) Pause Young (Normal) (G1 Evacuation Pause)
[2024-05-30T13:04:45.890+0000][9025.309s][info][gc,task     ] GC(1656) Using 6 workers of 6 for evacuation
[2024-05-30T13:04:45.909+0000][9025.329s][info][gc,phases   ] GC(1656)   Pre Evacuate Collection Set: 0.2ms
[2024-05-30T13:04:45.909+0000][9025.329s][info][gc,phases   ] GC(1656)   Merge Heap Roots: 0.3ms
[2024-05-30T13:04:45.909+0000][9025.329s][info][gc,phases   ] GC(1656)   Evacuate Collection Set: 16.9ms
[2024-05-30T13:04:45.909+0000][9025.329s][info][gc,phases   ] GC(1656)   Post Evacuate Collection Set: 1.8ms
[2024-05-30T13:04:45.909+0000][9025.329s][info][gc,phases   ] GC(1656)   Other: 0.2ms
[2024-05-30T13:04:45.909+0000][9025.329s][info][gc,heap     ] GC(1656) Eden regions: 884->0(880)
[2024-05-30T13:04:45.909+0000][9025.329s][info][gc,heap     ] GC(1656) Survivor regions: 3->7(111)
[2024-05-30T13:04:45.909+0000][9025.329s][info][gc,heap     ] GC(1656) Old regions: 311->311
[2024-05-30T13:04:45.909+0000][9025.329s][info][gc,heap     ] GC(1656) Archive regions: 2->2
[2024-05-30T13:04:45.909+0000][9025.329s][info][gc,heap     ] GC(1656) Humongous regions: 5->5
[2024-05-30T13:04:45.909+0000][9025.329s][info][gc,metaspace] GC(1656) Metaspace: 433594K(439808K)->433594K(439808K) NonClass: 379519K(382976K)->379519K(382976K) Class: 54074K(56832K)->54074K(56832K)
[2024-05-30T13:04:45.909+0000][9025.329s][info][gc          ] GC(1656) Pause Young (Normal) (G1 Evacuation Pause) 9626M->2585M(12288M) 19.364ms
[2024-05-30T13:04:45.909+0000][9025.329s][info][gc,cpu      ] GC(1656) User=0.10s Sys=0.01s Real=0.02s
[2024-05-30T13:04:51.240+0000][9030.659s][info][gc,start    ] GC(1657) Pause Young (Normal) (G1 Evacuation Pause)
[2024-05-30T13:04:51.240+0000][9030.659s][info][gc,task     ] GC(1657) Using 6 workers of 6 for evacuation
[2024-05-30T13:04:51.270+0000][9030.689s][info][gc,phases   ] GC(1657)   Pre Evacuate Collection Set: 0.2ms
[2024-05-30T13:04:51.270+0000][9030.689s][info][gc,phases   ] GC(1657)   Merge Heap Roots: 0.3ms
[2024-05-30T13:04:51.270+0000][9030.689s][info][gc,phases   ] GC(1657)   Evacuate Collection Set: 27.5ms
[2024-05-30T13:04:51.270+0000][9030.689s][info][gc,phases   ] GC(1657)   Post Evacuate Collection Set: 2.0ms
[2024-05-30T13:04:51.270+0000][9030.689s][info][gc,phases   ] GC(1657)   Other: 0.2ms
[2024-05-30T13:04:51.270+0000][9030.689s][info][gc,heap     ] GC(1657) Eden regions: 880->0(872)
[2024-05-30T13:04:51.270+0000][9030.689s][info][gc,heap     ] GC(1657) Survivor regions: 7->13(111)
[2024-05-30T13:04:51.270+0000][9030.689s][info][gc,heap     ] GC(1657) Old regions: 311->311
[2024-05-30T13:04:51.270+0000][9030.689s][info][gc,heap     ] GC(1657) Archive regions: 2->2
[2024-05-30T13:04:51.270+0000][9030.689s][info][gc,heap     ] GC(1657) Humongous regions: 5->5
[2024-05-30T13:04:51.270+0000][9030.689s][info][gc,metaspace] GC(1657) Metaspace: 433594K(439808K)->433594K(439808K) NonClass: 379519K(382976K)->379519K(382976K) Class: 54074K(56832K)->54074K(56832K)
[2024-05-30T13:04:51.270+0000][9030.690s][info][gc          ] GC(1657) Pause Young (Normal) (G1 Evacuation Pause) 9625M->2631M(12288M) 30.231ms
[2024-05-30T13:04:51.270+0000][9030.690s][info][gc,cpu      ] GC(1657) User=0.18s Sys=0.00s Real=0.03s
[2024-05-30T13:04:56.535+0000][9035.954s][info][gc,start    ] GC(1658) Pause Young (Concurrent Start) (G1 Evacuation Pause)
[2024-05-30T13:04:56.535+0000][9035.954s][info][gc,task     ] GC(1658) Using 6 workers of 6 for evacuation
[2024-05-30T13:04:56.574+0000][9035.994s][info][gc,phases   ] GC(1658)   Pre Evacuate Collection Set: 0.6ms
[2024-05-30T13:04:56.574+0000][9035.994s][info][gc,phases   ] GC(1658)   Merge Heap Roots: 0.3ms
[2024-05-30T13:04:56.574+0000][9035.994s][info][gc,phases   ] GC(1658)   Evacuate Collection Set: 36.2ms
[2024-05-30T13:04:56.574+0000][9035.994s][info][gc,phases   ] GC(1658)   Post Evacuate Collection Set: 2.1ms
[2024-05-30T13:04:56.574+0000][9035.994s][info][gc,phases   ] GC(1658)   Other: 0.3ms
[2024-05-30T13:04:56.574+0000][9035.994s][info][gc,heap     ] GC(1658) Eden regions: 872->0(870)
[2024-05-30T13:04:56.574+0000][9035.994s][info][gc,heap     ] GC(1658) Survivor regions: 13->16(111)
[2024-05-30T13:04:56.574+0000][9035.994s][info][gc,heap     ] GC(1658) Old regions: 311->311
[2024-05-30T13:04:56.574+0000][9035.994s][info][gc,heap     ] GC(1658) Archive regions: 2->2
[2024-05-30T13:04:56.574+0000][9035.994s][info][gc,heap     ] GC(1658) Humongous regions: 5->5
[2024-05-30T13:04:56.574+0000][9035.994s][info][gc,metaspace] GC(1658) Metaspace: 433594K(439808K)->433594K(439808K) NonClass: 379519K(382976K)->379519K(382976K) Class: 54074K(56832K)->54074K(56832K)
[2024-05-30T13:04:56.575+0000][9035.994s][info][gc          ] GC(1658) Pause Young (Concurrent Start) (G1 Evacuation Pause) 9607M->2658M(12288M) 39.596ms
[2024-05-30T13:04:56.575+0000][9035.994s][info][gc,cpu      ] GC(1658) User=0.23s Sys=0.00s Real=0.04s
[2024-05-30T13:04:56.575+0000][9035.994s][info][gc          ] GC(1659) Concurrent Mark Cycle
[2024-05-30T13:04:56.575+0000][9035.994s][info][gc,marking  ] GC(1659) Concurrent Clear Claimed Marks
[2024-05-30T13:04:56.575+0000][9035.994s][info][gc,marking  ] GC(1659) Concurrent Clear Claimed Marks 0.447ms
[2024-05-30T13:04:56.575+0000][9035.994s][info][gc,marking  ] GC(1659) Concurrent Scan Root Regions
[2024-05-30T13:04:56.611+0000][9036.030s][info][gc,marking  ] GC(1659) Concurrent Scan Root Regions 35.906ms
[2024-05-30T13:04:56.611+0000][9036.030s][info][gc,marking  ] GC(1659) Concurrent Mark
[2024-05-30T13:04:56.611+0000][9036.030s][info][gc,marking  ] GC(1659) Concurrent Mark From Roots
[2024-05-30T13:04:56.611+0000][9036.030s][info][gc,task     ] GC(1659) Using 2 workers of 2 for marking
[2024-05-30T13:04:58.859+0000][9038.278s][info][gc,marking  ] GC(1659) Concurrent Mark From Roots 2247.521ms
[2024-05-30T13:04:58.859+0000][9038.278s][info][gc,marking  ] GC(1659) Concurrent Preclean
[2024-05-30T13:04:58.859+0000][9038.279s][info][gc,marking  ] GC(1659) Concurrent Preclean 0.826ms
[2024-05-30T13:04:58.860+0000][9038.279s][info][gc,start    ] GC(1659) Pause Remark
[2024-05-30T13:04:58.884+0000][9038.303s][info][gc          ] GC(1659) Pause Remark 5386M->5386M(12288M) 23.990ms
[2024-05-30T13:04:58.884+0000][9038.303s][info][gc,cpu      ] GC(1659) User=0.10s Sys=0.00s Real=0.02s
[2024-05-30T13:04:58.884+0000][9038.303s][info][gc,marking  ] GC(1659) Concurrent Mark 2272.766ms
[2024-05-30T13:04:58.884+0000][9038.303s][info][gc,marking  ] GC(1659) Concurrent Rebuild Remembered Sets
[2024-05-30T13:05:00.172+0000][9039.591s][info][gc,marking  ] GC(1659) Concurrent Rebuild Remembered Sets 1288.244ms
[2024-05-30T13:05:00.172+0000][9039.592s][info][gc,start    ] GC(1659) Pause Cleanup
[2024-05-30T13:05:00.173+0000][9039.592s][info][gc          ] GC(1659) Pause Cleanup 6938M->6938M(12288M) 0.547ms
[2024-05-30T13:05:00.173+0000][9039.592s][info][gc,cpu      ] GC(1659) User=0.00s Sys=0.00s Real=0.00s
[2024-05-30T13:05:00.173+0000][9039.592s][info][gc,marking  ] GC(1659) Concurrent Cleanup for Next Mark
[2024-05-30T13:05:00.191+0000][9039.610s][info][gc,marking  ] GC(1659) Concurrent Cleanup for Next Mark 17.842ms
[2024-05-30T13:05:00.191+0000][9039.610s][info][gc          ] GC(1659) Concurrent Mark Cycle 3616.381ms
[2024-05-30T13:05:01.112+0000][9040.532s][info][gc,start    ] GC(1660) Pause Young (Prepare Mixed) (G1 Evacuation Pause)
[2024-05-30T13:05:01.112+0000][9040.532s][info][gc,task     ] GC(1660) Using 6 workers of 6 for evacuation
[2024-05-30T13:05:01.177+0000][9040.596s][info][gc,phases   ] GC(1660)   Pre Evacuate Collection Set: 0.2ms
[2024-05-30T13:05:01.177+0000][9040.596s][info][gc,phases   ] GC(1660)   Merge Heap Roots: 0.4ms
[2024-05-30T13:05:01.177+0000][9040.596s][info][gc,phases   ] GC(1660)   Evacuate Collection Set: 56.3ms
[2024-05-30T13:05:01.177+0000][9040.596s][info][gc,phases   ] GC(1660)   Post Evacuate Collection Set: 7.7ms
[2024-05-30T13:05:01.177+0000][9040.596s][info][gc,phases   ] GC(1660)   Other: 0.2ms
[2024-05-30T13:05:01.177+0000][9040.596s][info][gc,heap     ] GC(1660) Eden regions: 870->0(56)
[2024-05-30T13:05:01.177+0000][9040.596s][info][gc,heap     ] GC(1660) Survivor regions: 16->20(111)
[2024-05-30T13:05:01.177+0000][9040.596s][info][gc,heap     ] GC(1660) Old regions: 311->311
[2024-05-30T13:05:01.177+0000][9040.596s][info][gc,heap     ] GC(1660) Archive regions: 2->2
[2024-05-30T13:05:01.177+0000][9040.596s][info][gc,heap     ] GC(1660) Humongous regions: 5->5
[2024-05-30T13:05:01.177+0000][9040.596s][info][gc,metaspace] GC(1660) Metaspace: 433597K(439808K)->433597K(439808K) NonClass: 379522K(382976K)->379522K(382976K) Class: 54074K(56832K)->54074K(56832K)
[2024-05-30T13:05:01.177+0000][9040.596s][info][gc          ] GC(1660) Pause Young (Prepare Mixed) (G1 Evacuation Pause) 9618M->2689M(12288M) 64.748ms
[2024-05-30T13:05:01.177+0000][9040.596s][info][gc,cpu      ] GC(1660) User=0.37s Sys=0.00s Real=0.07s
[2024-05-30T13:05:01.317+0000][9040.736s][info][gc,start    ] GC(1661) Pause Young (Mixed) (G1 Evacuation Pause)
[2024-05-30T13:05:01.317+0000][9040.736s][info][gc,task     ] GC(1661) Using 6 workers of 6 for evacuation
[2024-05-30T13:05:01.390+0000][9040.809s][info][gc,phases   ] GC(1661)   Pre Evacuate Collection Set: 0.2ms
[2024-05-30T13:05:01.390+0000][9040.809s][info][gc,phases   ] GC(1661)   Merge Heap Roots: 0.3ms
[2024-05-30T13:05:01.390+0000][9040.809s][info][gc,phases   ] GC(1661)   Evacuate Collection Set: 70.1ms
[2024-05-30T13:05:01.390+0000][9040.809s][info][gc,phases   ] GC(1661)   Post Evacuate Collection Set: 2.4ms
[2024-05-30T13:05:01.390+0000][9040.809s][info][gc,phases   ] GC(1661)   Other: 0.2ms
[2024-05-30T13:05:01.390+0000][9040.809s][info][gc,heap     ] GC(1661) Eden regions: 56->0(874)
[2024-05-30T13:05:01.390+0000][9040.809s][info][gc,heap     ] GC(1661) Survivor regions: 20->3(10)
[2024-05-30T13:05:01.390+0000][9040.809s][info][gc,heap     ] GC(1661) Old regions: 311->319
[2024-05-30T13:05:01.390+0000][9040.809s][info][gc,heap     ] GC(1661) Archive regions: 2->2
[2024-05-30T13:05:01.390+0000][9040.809s][info][gc,heap     ] GC(1661) Humongous regions: 5->5
[2024-05-30T13:05:01.390+0000][9040.809s][info][gc,metaspace] GC(1661) Metaspace: 433597K(439808K)->433597K(439808K) NonClass: 379522K(382976K)->379522K(382976K) Class: 54074K(56832K)->54074K(56832K)
[2024-05-30T13:05:01.390+0000][9040.809s][info][gc          ] GC(1661) Pause Young (Mixed) (G1 Evacuation Pause) 3137M->2617M(12288M) 73.197ms
[2024-05-30T13:05:01.390+0000][9040.809s][info][gc,cpu      ] GC(1661) User=0.43s Sys=0.00s Real=0.07s
[2024-05-30T13:05:03.708+0000][9043.127s][info][gc,start    ] GC(1662) Pause Young (Normal) (G1 Evacuation Pause)
[2024-05-30T13:05:03.708+0000][9043.127s][info][gc,task     ] GC(1662) Using 6 workers of 6 for evacuation
[2024-05-30T13:05:03.773+0000][9043.192s][info][gc,phases   ] GC(1662)   Pre Evacuate Collection Set: 0.2ms
[2024-05-30T13:05:03.773+0000][9043.192s][info][gc,phases   ] GC(1662)   Merge Heap Roots: 0.2ms
[2024-05-30T13:05:03.773+0000][9043.192s][info][gc,phases   ] GC(1662)   Evacuate Collection Set: 49.1ms
[2024-05-30T13:05:03.773+0000][9043.192s][info][gc,phases   ] GC(1662)   Post Evacuate Collection Set: 15.2ms
[2024-05-30T13:05:03.773+0000][9043.192s][info][gc,phases   ] GC(1662)   Other: 0.2ms
[2024-05-30T13:05:03.773+0000][9043.192s][info][gc,heap     ] GC(1662) Eden regions: 874->0(869)
[2024-05-30T13:05:03.773+0000][9043.192s][info][gc,heap     ] GC(1662) Survivor regions: 3->8(110)
[2024-05-30T13:05:03.773+0000][9043.192s][info][gc,heap     ] GC(1662) Old regions: 319->319
[2024-05-30T13:05:03.773+0000][9043.192s][info][gc,heap     ] GC(1662) Archive regions: 2->2
[2024-05-30T13:05:03.773+0000][9043.192s][info][gc,heap     ] GC(1662) Humongous regions: 5->5
[2024-05-30T13:05:03.773+0000][9043.192s][info][gc,metaspace] GC(1662) Metaspace: 433597K(439808K)->433597K(439808K) NonClass: 379522K(382976K)->379522K(382976K) Class: 54074K(56832K)->54074K(56832K)
[2024-05-30T13:05:03.773+0000][9043.192s][info][gc          ] GC(1662) Pause Young (Normal) (G1 Evacuation Pause) 9609M->2655M(12288M) 64.986ms
[2024-05-30T13:05:03.773+0000][9043.192s][info][gc,cpu      ] GC(1662) User=0.37s Sys=0.00s Real=0.07s
[2024-05-30T13:05:06.062+0000][9045.481s][info][gc,start    ] GC(1663) Pause Young (Normal) (G1 Evacuation Pause)
[2024-05-30T13:05:06.062+0000][9045.481s][info][gc,task     ] GC(1663) Using 6 workers of 6 for evacuation
[2024-05-30T13:05:06.141+0000][9045.560s][info][gc,phases   ] GC(1663)   Pre Evacuate Collection Set: 0.2ms
[2024-05-30T13:05:06.141+0000][9045.560s][info][gc,phases   ] GC(1663)   Merge Heap Roots: 0.3ms
[2024-05-30T13:05:06.141+0000][9045.560s][info][gc,phases   ] GC(1663)   Evacuate Collection Set: 62.9ms
[2024-05-30T13:05:06.141+0000][9045.560s][info][gc,phases   ] GC(1663)   Post Evacuate Collection Set: 15.4ms
[2024-05-30T13:05:06.141+0000][9045.560s][info][gc,phases   ] GC(1663)   Other: 0.2ms
[2024-05-30T13:05:06.141+0000][9045.560s][info][gc,heap     ] GC(1663) Eden regions: 869->0(866)
[2024-05-30T13:05:06.141+0000][9045.560s][info][gc,heap     ] GC(1663) Survivor regions: 8->12(110)
[2024-05-30T13:05:06.141+0000][9045.560s][info][gc,heap     ] GC(1663) Old regions: 319->319
[2024-05-30T13:05:06.141+0000][9045.560s][info][gc,heap     ] GC(1663) Archive regions: 2->2
[2024-05-30T13:05:06.141+0000][9045.560s][info][gc,heap     ] GC(1663) Humongous regions: 5->5
[2024-05-30T13:05:06.141+0000][9045.560s][info][gc,metaspace] GC(1663) Metaspace: 433597K(439808K)->433597K(439808K) NonClass: 379522K(382976K)->379522K(382976K) Class: 54074K(56832K)->54074K(56832K)
[2024-05-30T13:05:06.141+0000][9045.560s][info][gc          ] GC(1663) Pause Young (Normal) (G1 Evacuation Pause) 9607M->2683M(12288M) 79.117ms
[2024-05-30T13:05:06.141+0000][9045.560s][info][gc,cpu      ] GC(1663) User=0.46s Sys=0.00s Real=0.08s
[2024-05-30T13:05:08.433+0000][9047.852s][info][gc,start    ] GC(1664) Pause Young (Concurrent Start) (G1 Evacuation Pause)
[2024-05-30T13:05:08.433+0000][9047.852s][info][gc,task     ] GC(1664) Using 6 workers of 6 for evacuation
[2024-05-30T13:05:08.532+0000][9047.951s][info][gc,phases   ] GC(1664)   Pre Evacuate Collection Set: 0.6ms
[2024-05-30T13:05:08.532+0000][9047.951s][info][gc,phases   ] GC(1664)   Merge Heap Roots: 0.4ms
[2024-05-30T13:05:08.532+0000][9047.951s][info][gc,phases   ] GC(1664)   Evacuate Collection Set: 81.6ms
[2024-05-30T13:05:08.532+0000][9047.951s][info][gc,phases   ] GC(1664)   Post Evacuate Collection Set: 16.5ms
[2024-05-30T13:05:08.532+0000][9047.952s][info][gc,phases   ] GC(1664)   Other: 0.3ms
[2024-05-30T13:05:08.532+0000][9047.952s][info][gc,heap     ] GC(1664) Eden regions: 866->0(860)
[2024-05-30T13:05:08.532+0000][9047.952s][info][gc,heap     ] GC(1664) Survivor regions: 12->18(110)
[2024-05-30T13:05:08.532+0000][9047.952s][info][gc,heap     ] GC(1664) Old regions: 319->319
[2024-05-30T13:05:08.532+0000][9047.952s][info][gc,heap     ] GC(1664) Archive regions: 2->2
[2024-05-30T13:05:08.532+0000][9047.952s][info][gc,heap     ] GC(1664) Humongous regions: 5->5
[2024-05-30T13:05:08.532+0000][9047.952s][info][gc,metaspace] GC(1664) Metaspace: 433597K(439808K)->433597K(439808K) NonClass: 379522K(382976K)->379522K(382976K) Class: 54074K(56832K)->54074K(56832K)
[2024-05-30T13:05:08.532+0000][9047.952s][info][gc          ] GC(1664) Pause Young (Concurrent Start) (G1 Evacuation Pause) 9611M->2737M(12288M) 99.428ms
[2024-05-30T13:05:08.532+0000][9047.952s][info][gc,cpu      ] GC(1664) User=0.58s Sys=0.00s Real=0.10s
[2024-05-30T13:05:08.532+0000][9047.952s][info][gc          ] GC(1665) Concurrent Mark Cycle
[2024-05-30T13:05:08.532+0000][9047.952s][info][gc,marking  ] GC(1665) Concurrent Clear Claimed Marks
[2024-05-30T13:05:08.533+0000][9047.952s][info][gc,marking  ] GC(1665) Concurrent Clear Claimed Marks 0.451ms
[2024-05-30T13:05:08.533+0000][9047.952s][info][gc,marking  ] GC(1665) Concurrent Scan Root Regions
[2024-05-30T13:05:08.595+0000][9048.014s][info][gc,marking  ] GC(1665) Concurrent Scan Root Regions 62.243ms
[2024-05-30T13:05:08.595+0000][9048.014s][info][gc,marking  ] GC(1665) Concurrent Mark
[2024-05-30T13:05:08.595+0000][9048.014s][info][gc,marking  ] GC(1665) Concurrent Mark From Roots
[2024-05-30T13:05:08.595+0000][9048.014s][info][gc,task     ] GC(1665) Using 2 workers of 2 for marking
[2024-05-30T13:05:10.932+0000][9050.351s][info][gc,marking  ] GC(1665) Concurrent Mark From Roots 2336.568ms
[2024-05-30T13:05:10.932+0000][9050.351s][info][gc,marking  ] GC(1665) Concurrent Preclean
[2024-05-30T13:05:10.933+0000][9050.352s][info][gc,marking  ] GC(1665) Concurrent Preclean 1.034ms
[2024-05-30T13:05:10.933+0000][9050.352s][info][gc,start    ] GC(1665) Pause Remark
[2024-05-30T13:05:10.958+0000][9050.377s][info][gc          ] GC(1665) Pause Remark 8677M->8677M(12288M) 24.782ms
[2024-05-30T13:05:10.958+0000][9050.377s][info][gc,cpu      ] GC(1665) User=0.13s Sys=0.00s Real=0.03s
[2024-05-30T13:05:10.958+0000][9050.377s][info][gc,marking  ] GC(1665) Concurrent Mark 2362.911ms
[2024-05-30T13:05:10.958+0000][9050.377s][info][gc,marking  ] GC(1665) Concurrent Rebuild Remembered Sets
[2024-05-30T13:05:11.317+0000][9050.736s][info][gc,start    ] GC(1666) Pause Young (Normal) (G1 Evacuation Pause)
[2024-05-30T13:05:11.317+0000][9050.736s][info][gc,task     ] GC(1666) Using 6 workers of 6 for evacuation
[2024-05-30T13:05:11.428+0000][9050.847s][info][gc,phases   ] GC(1666)   Pre Evacuate Collection Set: 0.2ms
[2024-05-30T13:05:11.428+0000][9050.847s][info][gc,phases   ] GC(1666)   Merge Heap Roots: 0.5ms
[2024-05-30T13:05:11.428+0000][9050.847s][info][gc,phases   ] GC(1666)   Evacuate Collection Set: 94.8ms
[2024-05-30T13:05:11.428+0000][9050.847s][info][gc,phases   ] GC(1666)   Post Evacuate Collection Set: 15.6ms
[2024-05-30T13:05:11.428+0000][9050.847s][info][gc,phases   ] GC(1666)   Other: 0.2ms
[2024-05-30T13:05:11.428+0000][9050.847s][info][gc,heap     ] GC(1666) Eden regions: 860->0(854)
[2024-05-30T13:05:11.428+0000][9050.847s][info][gc,heap     ] GC(1666) Survivor regions: 18->24(110)
[2024-05-30T13:05:11.428+0000][9050.847s][info][gc,heap     ] GC(1666) Old regions: 319->319
[2024-05-30T13:05:11.428+0000][9050.847s][info][gc,heap     ] GC(1666) Archive regions: 2->2
[2024-05-30T13:05:11.428+0000][9050.847s][info][gc,heap     ] GC(1666) Humongous regions: 5->5
[2024-05-30T13:05:11.428+0000][9050.847s][info][gc,metaspace] GC(1666) Metaspace: 433597K(439808K)->433597K(439808K) NonClass: 379522K(382976K)->379522K(382976K) Class: 54074K(56832K)->54074K(56832K)
[2024-05-30T13:05:11.428+0000][9050.847s][info][gc          ] GC(1666) Pause Young (Normal) (G1 Evacuation Pause) 9617M->2781M(12288M) 111.272ms
[2024-05-30T13:05:11.428+0000][9050.847s][info][gc,cpu      ] GC(1666) User=0.65s Sys=0.00s Real=0.10s
[2024-05-30T13:05:12.421+0000][9051.841s][info][gc,marking  ] GC(1665) Concurrent Rebuild Remembered Sets 1463.193ms
[2024-05-30T13:05:12.422+0000][9051.841s][info][gc,start    ] GC(1665) Pause Cleanup
[2024-05-30T13:05:12.422+0000][9051.841s][info][gc          ] GC(1665) Pause Cleanup 5541M->5541M(12288M) 0.560ms
[2024-05-30T13:05:12.422+0000][9051.841s][info][gc,cpu      ] GC(1665) User=0.00s Sys=0.00s Real=0.00s
[2024-05-30T13:05:12.422+0000][9051.842s][info][gc,marking  ] GC(1665) Concurrent Cleanup for Next Mark
[2024-05-30T13:05:12.439+0000][9051.858s][info][gc,marking  ] GC(1665) Concurrent Cleanup for Next Mark 16.897ms
[2024-05-30T13:05:12.439+0000][9051.859s][info][gc          ] GC(1665) Concurrent Mark Cycle 3906.822ms
[2024-05-30T13:05:13.899+0000][9053.318s][info][gc,start    ] GC(1667) Pause Young (Prepare Mixed) (G1 Evacuation Pause)
[2024-05-30T13:05:13.899+0000][9053.318s][info][gc,task     ] GC(1667) Using 6 workers of 6 for evacuation
[2024-05-30T13:05:14.012+0000][9053.431s][info][gc,phases   ] GC(1667)   Pre Evacuate Collection Set: 0.2ms
[2024-05-30T13:05:14.012+0000][9053.431s][info][gc,phases   ] GC(1667)   Merge Heap Roots: 0.7ms
[2024-05-30T13:05:14.012+0000][9053.431s][info][gc,phases   ] GC(1667)   Evacuate Collection Set: 98.8ms
[2024-05-30T13:05:14.012+0000][9053.431s][info][gc,phases   ] GC(1667)   Post Evacuate Collection Set: 12.8ms
[2024-05-30T13:05:14.012+0000][9053.431s][info][gc,phases   ] GC(1667)   Other: 0.2ms
[2024-05-30T13:05:14.012+0000][9053.431s][info][gc,heap     ] GC(1667) Eden regions: 854->0(50)
[2024-05-30T13:05:14.012+0000][9053.431s][info][gc,heap     ] GC(1667) Survivor regions: 24->26(110)
[2024-05-30T13:05:14.012+0000][9053.431s][info][gc,heap     ] GC(1667) Old regions: 319->319
[2024-05-30T13:05:14.012+0000][9053.431s][info][gc,heap     ] GC(1667) Archive regions: 2->2
[2024-05-30T13:05:14.012+0000][9053.431s][info][gc,heap     ] GC(1667) Humongous regions: 5->5
[2024-05-30T13:05:14.012+0000][9053.431s][info][gc,metaspace] GC(1667) Metaspace: 433597K(439808K)->433597K(439808K) NonClass: 379522K(382976K)->379522K(382976K) Class: 54074K(56832K)->54074K(56832K)
[2024-05-30T13:05:14.012+0000][9053.431s][info][gc          ] GC(1667) Pause Young (Prepare Mixed) (G1 Evacuation Pause) 9613M->2797M(12288M) 112.704ms
[2024-05-30T13:05:14.012+0000][9053.431s][info][gc,cpu      ] GC(1667) User=0.66s Sys=0.00s Real=0.11s
[2024-05-30T13:05:14.177+0000][9053.596s][info][gc,start    ] GC(1668) Pause Young (Mixed) (G1 Evacuation Pause)
[2024-05-30T13:05:14.177+0000][9053.596s][info][gc,task     ] GC(1668) Using 6 workers of 6 for evacuation
[2024-05-30T13:05:14.289+0000][9053.708s][info][gc,phases   ] GC(1668)   Pre Evacuate Collection Set: 0.2ms
[2024-05-30T13:05:14.289+0000][9053.708s][info][gc,phases   ] GC(1668)   Merge Heap Roots: 0.4ms
[2024-05-30T13:05:14.289+0000][9053.708s][info][gc,phases   ] GC(1668)   Evacuate Collection Set: 108.8ms
[2024-05-30T13:05:14.289+0000][9053.708s][info][gc,phases   ] GC(1668)   Post Evacuate Collection Set: 2.6ms
[2024-05-30T13:05:14.289+0000][9053.708s][info][gc,phases   ] GC(1668)   Other: 0.2ms
[2024-05-30T13:05:14.289+0000][9053.708s][info][gc,heap     ] GC(1668) Eden regions: 50->0(864)
[2024-05-30T13:05:14.289+0000][9053.708s][info][gc,heap     ] GC(1668) Survivor regions: 26->6(10)
[2024-05-30T13:05:14.289+0000][9053.708s][info][gc,heap     ] GC(1668) Old regions: 319->329
[2024-05-30T13:05:14.289+0000][9053.708s][info][gc,heap     ] GC(1668) Archive regions: 2->2
[2024-05-30T13:05:14.289+0000][9053.708s][info][gc,heap     ] GC(1668) Humongous regions: 5->5
[2024-05-30T13:05:14.289+0000][9053.708s][info][gc,metaspace] GC(1668) Metaspace: 433597K(439808K)->433597K(439808K) NonClass: 379522K(382976K)->379522K(382976K) Class: 54074K(56832K)->54074K(56832K)
[2024-05-30T13:05:14.289+0000][9053.708s][info][gc          ] GC(1668) Pause Young (Mixed) (G1 Evacuation Pause) 3197M->2724M(12288M) 112.220ms
[2024-05-30T13:05:14.289+0000][9053.708s][info][gc,cpu      ] GC(1668) User=0.67s Sys=0.00s Real=0.11s
[2024-05-30T13:05:16.265+0000][9055.684s][info][gc,start    ] GC(1669) Pause Young (Normal) (G1 Evacuation Pause)
[2024-05-30T13:05:16.265+0000][9055.684s][info][gc,task     ] GC(1669) Using 6 workers of 6 for evacuation
[2024-05-30T13:05:16.329+0000][9055.749s][info][gc,phases   ] GC(1669)   Pre Evacuate Collection Set: 0.2ms
[2024-05-30T13:05:16.329+0000][9055.749s][info][gc,phases   ] GC(1669)   Merge Heap Roots: 0.4ms
[2024-05-30T13:05:16.329+0000][9055.749s][info][gc,phases   ] GC(1669)   Evacuate Collection Set: 52.2ms
[2024-05-30T13:05:16.329+0000][9055.749s][info][gc,phases   ] GC(1669)   Post Evacuate Collection Set: 11.2ms
[2024-05-30T13:05:16.329+0000][9055.749s][info][gc,phases   ] GC(1669)   Other: 0.2ms
[2024-05-30T13:05:16.329+0000][9055.749s][info][gc,heap     ] GC(1669) Eden regions: 864->0(862)
[2024-05-30T13:05:16.329+0000][9055.749s][info][gc,heap     ] GC(1669) Survivor regions: 6->9(109)
[2024-05-30T13:05:16.329+0000][9055.749s][info][gc,heap     ] GC(1669) Old regions: 329->329
[2024-05-30T13:05:16.329+0000][9055.749s][info][gc,heap     ] GC(1669) Archive regions: 2->2
[2024-05-30T13:05:16.329+0000][9055.749s][info][gc,heap     ] GC(1669) Humongous regions: 5->5
[2024-05-30T13:05:16.329+0000][9055.749s][info][gc,metaspace] GC(1669) Metaspace: 433597K(439808K)->433597K(439808K) NonClass: 379522K(382976K)->379522K(382976K) Class: 54074K(56832K)->54074K(56832K)
[2024-05-30T13:05:16.329+0000][9055.749s][info][gc          ] GC(1669) Pause Young (Normal) (G1 Evacuation Pause) 9636M->2748M(12288M) 64.295ms
[2024-05-30T13:05:16.330+0000][9055.749s][info][gc,cpu      ] GC(1669) User=0.37s Sys=0.01s Real=0.07s
[2024-05-30T13:05:18.740+0000][9058.159s][info][gc,start    ] GC(1670) Pause Young (Normal) (G1 Evacuation Pause)
[2024-05-30T13:05:18.740+0000][9058.159s][info][gc,task     ] GC(1670) Using 6 workers of 6 for evacuation
[2024-05-30T13:05:18.826+0000][9058.245s][info][gc,phases   ] GC(1670)   Pre Evacuate Collection Set: 0.2ms
[2024-05-30T13:05:18.826+0000][9058.245s][info][gc,phases   ] GC(1670)   Merge Heap Roots: 0.5ms
[2024-05-30T13:05:18.826+0000][9058.245s][info][gc,phases   ] GC(1670)   Evacuate Collection Set: 70.5ms
[2024-05-30T13:05:18.826+0000][9058.245s][info][gc,phases   ] GC(1670)   Post Evacuate Collection Set: 14.2ms
[2024-05-30T13:05:18.826+0000][9058.245s][info][gc,phases   ] GC(1670)   Other: 0.2ms
[2024-05-30T13:05:18.826+0000][9058.245s][info][gc,heap     ] GC(1670) Eden regions: 862->0(859)
[2024-05-30T13:05:18.826+0000][9058.245s][info][gc,heap     ] GC(1670) Survivor regions: 9->13(109)
[2024-05-30T13:05:18.826+0000][9058.245s][info][gc,heap     ] GC(1670) Old regions: 329->329
[2024-05-30T13:05:18.826+0000][9058.245s][info][gc,heap     ] GC(1670) Archive regions: 2->2
[2024-05-30T13:05:18.826+0000][9058.245s][info][gc,heap     ] GC(1670) Humongous regions: 5->5
[2024-05-30T13:05:18.826+0000][9058.245s][info][gc,metaspace] GC(1670) Metaspace: 433597K(439808K)->433597K(439808K) NonClass: 379522K(382976K)->379522K(382976K) Class: 54074K(56832K)->54074K(56832K)
[2024-05-30T13:05:18.826+0000][9058.245s][info][gc          ] GC(1670) Pause Young (Normal) (G1 Evacuation Pause) 9644M->2780M(12288M) 85.612ms
[2024-05-30T13:05:18.826+0000][9058.245s][info][gc,cpu      ] GC(1670) User=0.49s Sys=0.00s Real=0.08s
[2024-05-30T13:05:20.726+0000][9060.146s][info][gc,start    ] GC(1671) Pause Young (Concurrent Start) (G1 Evacuation Pause)
[2024-05-30T13:05:20.726+0000][9060.146s][info][gc,task     ] GC(1671) Using 6 workers of 6 for evacuation
[2024-05-30T13:05:20.818+0000][9060.237s][info][gc,phases   ] GC(1671)   Pre Evacuate Collection Set: 0.6ms
[2024-05-30T13:05:20.818+0000][9060.237s][info][gc,phases   ] GC(1671)   Merge Heap Roots: 0.4ms
[2024-05-30T13:05:20.818+0000][9060.237s][info][gc,phases   ] GC(1671)   Evacuate Collection Set: 77.6ms
[2024-05-30T13:05:20.818+0000][9060.237s][info][gc,phases   ] GC(1671)   Post Evacuate Collection Set: 12.5ms
[2024-05-30T13:05:20.818+0000][9060.237s][info][gc,phases   ] GC(1671)   Other: 0.3ms
[2024-05-30T13:05:20.818+0000][9060.237s][info][gc,heap     ] GC(1671) Eden regions: 859->0(853)
[2024-05-30T13:05:20.818+0000][9060.237s][info][gc,heap     ] GC(1671) Survivor regions: 13->19(109)
[2024-05-30T13:05:20.818+0000][9060.237s][info][gc,heap     ] GC(1671) Old regions: 329->329
[2024-05-30T13:05:20.818+0000][9060.237s][info][gc,heap     ] GC(1671) Archive regions: 2->2
[2024-05-30T13:05:20.818+0000][9060.237s][info][gc,heap     ] GC(1671) Humongous regions: 5->5
[2024-05-30T13:05:20.818+0000][9060.237s][info][gc,metaspace] GC(1671) Metaspace: 433597K(439808K)->433597K(439808K) NonClass: 379522K(382976K)->379522K(382976K) Class: 54074K(56832K)->54074K(56832K)
[2024-05-30T13:05:20.818+0000][9060.237s][info][gc          ] GC(1671) Pause Young (Concurrent Start) (G1 Evacuation Pause) 9652M->2823M(12288M) 91.423ms
[2024-05-30T13:05:20.818+0000][9060.237s][info][gc,cpu      ] GC(1671) User=0.53s Sys=0.00s Real=0.10s
[2024-05-30T13:05:20.818+0000][9060.237s][info][gc          ] GC(1672) Concurrent Mark Cycle
[2024-05-30T13:05:20.818+0000][9060.237s][info][gc,marking  ] GC(1672) Concurrent Clear Claimed Marks
[2024-05-30T13:05:20.818+0000][9060.238s][info][gc,marking  ] GC(1672) Concurrent Clear Claimed Marks 0.427ms
[2024-05-30T13:05:20.818+0000][9060.238s][info][gc,marking  ] GC(1672) Concurrent Scan Root Regions
[2024-05-30T13:05:20.878+0000][9060.297s][info][gc,marking  ] GC(1672) Concurrent Scan Root Regions 59.812ms
[2024-05-30T13:05:20.878+0000][9060.298s][info][gc,marking  ] GC(1672) Concurrent Mark
[2024-05-30T13:05:20.878+0000][9060.298s][info][gc,marking  ] GC(1672) Concurrent Mark From Roots
[2024-05-30T13:05:20.878+0000][9060.298s][info][gc,task     ] GC(1672) Using 2 workers of 2 for marking
[2024-05-30T13:05:23.211+0000][9062.630s][info][gc,marking  ] GC(1672) Concurrent Mark From Roots 2332.866ms
[2024-05-30T13:05:23.211+0000][9062.630s][info][gc,marking  ] GC(1672) Concurrent Preclean
[2024-05-30T13:05:23.212+0000][9062.631s][info][gc,marking  ] GC(1672) Concurrent Preclean 0.938ms
[2024-05-30T13:05:23.212+0000][9062.632s][info][gc,start    ] GC(1672) Pause Remark
[2024-05-30T13:05:23.238+0000][9062.658s][info][gc          ] GC(1672) Pause Remark 8995M->8987M(12288M) 25.908ms
[2024-05-30T13:05:23.238+0000][9062.658s][info][gc,cpu      ] GC(1672) User=0.10s Sys=0.00s Real=0.03s
[2024-05-30T13:05:23.239+0000][9062.658s][info][gc,marking  ] GC(1672) Concurrent Mark 2360.379ms
[2024-05-30T13:05:23.239+0000][9062.658s][info][gc,marking  ] GC(1672) Concurrent Rebuild Remembered Sets
[2024-05-30T13:05:23.477+0000][9062.896s][info][gc,start    ] GC(1673) Pause Young (Normal) (G1 Evacuation Pause)
[2024-05-30T13:05:23.477+0000][9062.896s][info][gc,task     ] GC(1673) Using 6 workers of 6 for evacuation
[2024-05-30T13:05:23.589+0000][9063.009s][info][gc,phases   ] GC(1673)   Pre Evacuate Collection Set: 0.2ms
[2024-05-30T13:05:23.590+0000][9063.009s][info][gc,phases   ] GC(1673)   Merge Heap Roots: 0.5ms
[2024-05-30T13:05:23.590+0000][9063.009s][info][gc,phases   ] GC(1673)   Evacuate Collection Set: 94.9ms
[2024-05-30T13:05:23.590+0000][9063.009s][info][gc,phases   ] GC(1673)   Post Evacuate Collection Set: 16.6ms
[2024-05-30T13:05:23.590+0000][9063.009s][info][gc,phases   ] GC(1673)   Other: 0.2ms
[2024-05-30T13:05:23.590+0000][9063.009s][info][gc,heap     ] GC(1673) Eden regions: 853->0(847)
[2024-05-30T13:05:23.590+0000][9063.009s][info][gc,heap     ] GC(1673) Survivor regions: 19->23(109)
[2024-05-30T13:05:23.590+0000][9063.009s][info][gc,heap     ] GC(1673) Old regions: 328->328
[2024-05-30T13:05:23.590+0000][9063.009s][info][gc,heap     ] GC(1673) Archive regions: 2->2
[2024-05-30T13:05:23.590+0000][9063.009s][info][gc,heap     ] GC(1673) Humongous regions: 5->5
[2024-05-30T13:05:23.590+0000][9063.009s][info][gc,metaspace] GC(1673) Metaspace: 433597K(439808K)->433597K(439808K) NonClass: 379522K(382976K)->379522K(382976K) Class: 54074K(56832K)->54074K(56832K)
[2024-05-30T13:05:23.590+0000][9063.009s][info][gc          ] GC(1673) Pause Young (Normal) (G1 Evacuation Pause) 9639M->2848M(12288M) 112.543ms
[2024-05-30T13:05:23.590+0000][9063.009s][info][gc,cpu      ] GC(1673) User=0.65s Sys=0.00s Real=0.11s
[2024-05-30T13:05:24.710+0000][9064.129s][info][gc,marking  ] GC(1672) Concurrent Rebuild Remembered Sets 1470.889ms
[2024-05-30T13:05:24.710+0000][9064.129s][info][gc,start    ] GC(1672) Pause Cleanup
[2024-05-30T13:05:24.710+0000][9064.130s][info][gc          ] GC(1672) Pause Cleanup 5928M->5928M(12288M) 0.573ms
[2024-05-30T13:05:24.710+0000][9064.130s][info][gc,cpu      ] GC(1672) User=0.00s Sys=0.00s Real=0.00s
[2024-05-30T13:05:24.711+0000][9064.130s][info][gc,marking  ] GC(1672) Concurrent Cleanup for Next Mark
[2024-05-30T13:05:24.728+0000][9064.147s][info][gc,marking  ] GC(1672) Concurrent Cleanup for Next Mark 17.419ms
[2024-05-30T13:05:24.728+0000][9064.147s][info][gc          ] GC(1672) Concurrent Mark Cycle 3910.056ms
[2024-05-30T13:05:25.876+0000][9065.295s][info][gc,start    ] GC(1674) Pause Young (Prepare Mixed) (G1 Evacuation Pause)
[2024-05-30T13:05:25.876+0000][9065.295s][info][gc,task     ] GC(1674) Using 6 workers of 6 for evacuation
[2024-05-30T13:05:26.009+0000][9065.428s][info][gc,phases   ] GC(1674)   Pre Evacuate Collection Set: 0.2ms
[2024-05-30T13:05:26.009+0000][9065.428s][info][gc,phases   ] GC(1674)   Merge Heap Roots: 0.9ms
[2024-05-30T13:05:26.009+0000][9065.428s][info][gc,phases   ] GC(1674)   Evacuate Collection Set: 115.4ms
[2024-05-30T13:05:26.009+0000][9065.428s][info][gc,phases   ] GC(1674)   Post Evacuate Collection Set: 16.2ms
[2024-05-30T13:05:26.009+0000][9065.428s][info][gc,phases   ] GC(1674)   Other: 0.2ms
[2024-05-30T13:05:26.009+0000][9065.428s][info][gc,heap     ] GC(1674) Eden regions: 847->0(48)
[2024-05-30T13:05:26.009+0000][9065.428s][info][gc,heap     ] GC(1674) Survivor regions: 23->28(109)
[2024-05-30T13:05:26.009+0000][9065.428s][info][gc,heap     ] GC(1674) Old regions: 328->328
[2024-05-30T13:05:26.009+0000][9065.428s][info][gc,heap     ] GC(1674) Archive regions: 2->2
[2024-05-30T13:05:26.009+0000][9065.428s][info][gc,heap     ] GC(1674) Humongous regions: 5->5
[2024-05-30T13:05:26.009+0000][9065.428s][info][gc,metaspace] GC(1674) Metaspace: 433597K(439808K)->433597K(439808K) NonClass: 379522K(382976K)->379522K(382976K) Class: 54074K(56832K)->54074K(56832K)
[2024-05-30T13:05:26.009+0000][9065.428s][info][gc          ] GC(1674) Pause Young (Prepare Mixed) (G1 Evacuation Pause) 9624M->2892M(12288M) 132.866ms
[2024-05-30T13:05:26.009+0000][9065.428s][info][gc,cpu      ] GC(1674) User=0.78s Sys=0.00s Real=0.14s
[2024-05-30T13:05:26.147+0000][9065.566s][info][gc,start    ] GC(1675) Pause Young (Mixed) (G1 Evacuation Pause)
[2024-05-30T13:05:26.147+0000][9065.566s][info][gc,task     ] GC(1675) Using 6 workers of 6 for evacuation
[2024-05-30T13:05:26.253+0000][9065.672s][info][gc,phases   ] GC(1675)   Pre Evacuate Collection Set: 0.2ms
[2024-05-30T13:05:26.253+0000][9065.672s][info][gc,phases   ] GC(1675)   Merge Heap Roots: 0.4ms
[2024-05-30T13:05:26.253+0000][9065.672s][info][gc,phases   ] GC(1675)   Evacuate Collection Set: 102.4ms
[2024-05-30T13:05:26.253+0000][9065.672s][info][gc,phases   ] GC(1675)   Post Evacuate Collection Set: 2.4ms
[2024-05-30T13:05:26.253+0000][9065.672s][info][gc,phases   ] GC(1675)   Other: 0.2ms
[2024-05-30T13:05:26.253+0000][9065.672s][info][gc,heap     ] GC(1675) Eden regions: 48->0(860)
[2024-05-30T13:05:26.253+0000][9065.672s][info][gc,heap     ] GC(1675) Survivor regions: 28->3(10)
[2024-05-30T13:05:26.253+0000][9065.672s][info][gc,heap     ] GC(1675) Old regions: 328->338
[2024-05-30T13:05:26.253+0000][9065.672s][info][gc,heap     ] GC(1675) Archive regions: 2->2
[2024-05-30T13:05:26.253+0000][9065.672s][info][gc,heap     ] GC(1675) Humongous regions: 5->5
[2024-05-30T13:05:26.253+0000][9065.672s][info][gc,metaspace] GC(1675) Metaspace: 433597K(439808K)->433597K(439808K) NonClass: 379522K(382976K)->379522K(382976K) Class: 54074K(56832K)->54074K(56832K)
[2024-05-30T13:05:26.253+0000][9065.672s][info][gc          ] GC(1675) Pause Young (Mixed) (G1 Evacuation Pause) 3276M->2767M(12288M) 105.584ms
[2024-05-30T13:05:26.253+0000][9065.672s][info][gc,cpu      ] GC(1675) User=0.63s Sys=0.00s Real=0.11s
[2024-05-30T13:05:29.409+0000][9068.828s][info][gc,start    ] GC(1676) Pause Young (Normal) (G1 Evacuation Pause)
[2024-05-30T13:05:29.409+0000][9068.828s][info][gc,task     ] GC(1676) Using 6 workers of 6 for evacuation
[2024-05-30T13:05:29.465+0000][9068.884s][info][gc,phases   ] GC(1676)   Pre Evacuate Collection Set: 0.2ms
[2024-05-30T13:05:29.465+0000][9068.884s][info][gc,phases   ] GC(1676)   Merge Heap Roots: 0.8ms
[2024-05-30T13:05:29.465+0000][9068.884s][info][gc,phases   ] GC(1676)   Evacuate Collection Set: 44.8ms
[2024-05-30T13:05:29.465+0000][9068.884s][info][gc,phases   ] GC(1676)   Post Evacuate Collection Set: 9.9ms
[2024-05-30T13:05:29.465+0000][9068.884s][info][gc,phases   ] GC(1676)   Other: 0.2ms
[2024-05-30T13:05:29.465+0000][9068.884s][info][gc,heap     ] GC(1676) Eden regions: 860->0(858)
[2024-05-30T13:05:29.465+0000][9068.884s][info][gc,heap     ] GC(1676) Survivor regions: 3->6(108)
[2024-05-30T13:05:29.465+0000][9068.884s][info][gc,heap     ] GC(1676) Old regions: 338->338
[2024-05-30T13:05:29.465+0000][9068.884s][info][gc,heap     ] GC(1676) Archive regions: 2->2
[2024-05-30T13:05:29.465+0000][9068.884s][info][gc,heap     ] GC(1676) Humongous regions: 5->5
[2024-05-30T13:05:29.465+0000][9068.884s][info][gc,metaspace] GC(1676) Metaspace: 433607K(439808K)->433607K(439808K) NonClass: 379531K(382976K)->379531K(382976K) Class: 54075K(56832K)->54075K(56832K)
[2024-05-30T13:05:29.465+0000][9068.884s][info][gc          ] GC(1676) Pause Young (Normal) (G1 Evacuation Pause) 9647M->2790M(12288M) 55.900ms
[2024-05-30T13:05:29.465+0000][9068.884s][info][gc,cpu      ] GC(1676) User=0.33s Sys=0.00s Real=0.05s
[2024-05-30T13:05:32.664+0000][9072.084s][info][gc,start    ] GC(1677) Pause Young (Normal) (G1 Evacuation Pause)
[2024-05-30T13:05:32.664+0000][9072.084s][info][gc,task     ] GC(1677) Using 6 workers of 6 for evacuation
[2024-05-30T13:05:32.689+0000][9072.108s][info][gc,phases   ] GC(1677)   Pre Evacuate Collection Set: 0.2ms
[2024-05-30T13:05:32.689+0000][9072.108s][info][gc,phases   ] GC(1677)   Merge Heap Roots: 0.3ms
[2024-05-30T13:05:32.689+0000][9072.108s][info][gc,phases   ] GC(1677)   Evacuate Collection Set: 21.5ms
[2024-05-30T13:05:32.689+0000][9072.108s][info][gc,phases   ] GC(1677)   Post Evacuate Collection Set: 2.0ms
[2024-05-30T13:05:32.689+0000][9072.108s][info][gc,phases   ] GC(1677)   Other: 0.3ms
[2024-05-30T13:05:32.689+0000][9072.108s][info][gc,heap     ] GC(1677) Eden regions: 858->0(856)
[2024-05-30T13:05:32.689+0000][9072.108s][info][gc,heap     ] GC(1677) Survivor regions: 6->8(108)
[2024-05-30T13:05:32.689+0000][9072.108s][info][gc,heap     ] GC(1677) Old regions: 338->338
[2024-05-30T13:05:32.689+0000][9072.108s][info][gc,heap     ] GC(1677) Archive regions: 2->2
[2024-05-30T13:05:32.689+0000][9072.108s][info][gc,heap     ] GC(1677) Humongous regions: 5->5
[2024-05-30T13:05:32.689+0000][9072.108s][info][gc,metaspace] GC(1677) Metaspace: 433607K(439808K)->433607K(439808K) NonClass: 379531K(382976K)->379531K(382976K) Class: 54075K(56832K)->54075K(56832K)
[2024-05-30T13:05:32.689+0000][9072.108s][info][gc          ] GC(1677) Pause Young (Normal) (G1 Evacuation Pause) 9654M->2807M(12288M) 24.301ms
[2024-05-30T13:05:32.689+0000][9072.108s][info][gc,cpu      ] GC(1677) User=0.14s Sys=0.00s Real=0.03s
[2024-05-30T13:05:35.967+0000][9075.386s][info][gc,start    ] GC(1678) Pause Young (Concurrent Start) (G1 Evacuation Pause)
[2024-05-30T13:05:35.967+0000][9075.386s][info][gc,task     ] GC(1678) Using 6 workers of 6 for evacuation
[2024-05-30T13:05:35.996+0000][9075.415s][info][gc,phases   ] GC(1678)   Pre Evacuate Collection Set: 0.6ms
[2024-05-30T13:05:35.996+0000][9075.415s][info][gc,phases   ] GC(1678)   Merge Heap Roots: 0.2ms
[2024-05-30T13:05:35.996+0000][9075.415s][info][gc,phases   ] GC(1678)   Evacuate Collection Set: 25.6ms
[2024-05-30T13:05:35.996+0000][9075.415s][info][gc,phases   ] GC(1678)   Post Evacuate Collection Set: 1.9ms
[2024-05-30T13:05:35.996+0000][9075.415s][info][gc,phases   ] GC(1678)   Other: 0.3ms
[2024-05-30T13:05:35.996+0000][9075.415s][info][gc,heap     ] GC(1678) Eden regions: 856->0(855)
[2024-05-30T13:05:35.996+0000][9075.415s][info][gc,heap     ] GC(1678) Survivor regions: 8->11(108)
[2024-05-30T13:05:35.996+0000][9075.415s][info][gc,heap     ] GC(1678) Old regions: 338->338
[2024-05-30T13:05:35.996+0000][9075.415s][info][gc,heap     ] GC(1678) Archive regions: 2->2
[2024-05-30T13:05:35.996+0000][9075.415s][info][gc,heap     ] GC(1678) Humongous regions: 5->5
[2024-05-30T13:05:35.996+0000][9075.415s][info][gc,metaspace] GC(1678) Metaspace: 433607K(439808K)->433607K(439808K) NonClass: 379531K(382976K)->379531K(382976K) Class: 54075K(56832K)->54075K(56832K)
[2024-05-30T13:05:35.996+0000][9075.415s][info][gc          ] GC(1678) Pause Young (Concurrent Start) (G1 Evacuation Pause) 9655M->2825M(12288M) 28.775ms
[2024-05-30T13:05:35.996+0000][9075.415s][info][gc,cpu      ] GC(1678) User=0.17s Sys=0.00s Real=0.03s
[2024-05-30T13:05:35.996+0000][9075.415s][info][gc          ] GC(1679) Concurrent Mark Cycle
[2024-05-30T13:05:35.996+0000][9075.415s][info][gc,marking  ] GC(1679) Concurrent Clear Claimed Marks
[2024-05-30T13:05:35.996+0000][9075.415s][info][gc,marking  ] GC(1679) Concurrent Clear Claimed Marks 0.426ms
[2024-05-30T13:05:35.996+0000][9075.416s][info][gc,marking  ] GC(1679) Concurrent Scan Root Regions
[2024-05-30T13:05:36.020+0000][9075.439s][info][gc,marking  ] GC(1679) Concurrent Scan Root Regions 23.880ms
[2024-05-30T13:05:36.020+0000][9075.439s][info][gc,marking  ] GC(1679) Concurrent Mark
[2024-05-30T13:05:36.020+0000][9075.439s][info][gc,marking  ] GC(1679) Concurrent Mark From Roots
[2024-05-30T13:05:36.020+0000][9075.439s][info][gc,task     ] GC(1679) Using 2 workers of 2 for marking
[2024-05-30T13:05:38.118+0000][9077.537s][info][gc,marking  ] GC(1679) Concurrent Mark From Roots 2097.567ms
[2024-05-30T13:05:38.118+0000][9077.537s][info][gc,marking  ] GC(1679) Concurrent Preclean
[2024-05-30T13:05:38.119+0000][9077.538s][info][gc,marking  ] GC(1679) Concurrent Preclean 1.230ms
[2024-05-30T13:05:38.119+0000][9077.539s][info][gc,start    ] GC(1679) Pause Remark
[2024-05-30T13:05:38.143+0000][9077.562s][info][gc          ] GC(1679) Pause Remark 5436M->5436M(12288M) 23.981ms
[2024-05-30T13:05:38.143+0000][9077.563s][info][gc,cpu      ] GC(1679) User=0.10s Sys=0.00s Real=0.02s
[2024-05-30T13:05:38.144+0000][9077.563s][info][gc,marking  ] GC(1679) Concurrent Mark 2123.351ms
[2024-05-30T13:05:38.144+0000][9077.563s][info][gc,marking  ] GC(1679) Concurrent Rebuild Remembered Sets
[2024-05-30T13:05:39.260+0000][9078.679s][info][gc,marking  ] GC(1679) Concurrent Rebuild Remembered Sets 1116.611ms
[2024-05-30T13:05:39.260+0000][9078.680s][info][gc,start    ] GC(1679) Pause Cleanup
[2024-05-30T13:05:39.261+0000][9078.680s][info][gc          ] GC(1679) Pause Cleanup 6877M->6877M(12288M) 0.644ms
[2024-05-30T13:05:39.261+0000][9078.680s][info][gc,cpu      ] GC(1679) User=0.00s Sys=0.00s Real=0.00s
[2024-05-30T13:05:39.261+0000][9078.680s][info][gc,marking  ] GC(1679) Concurrent Cleanup for Next Mark
[2024-05-30T13:05:39.281+0000][9078.700s][info][gc,marking  ] GC(1679) Concurrent Cleanup for Next Mark 20.102ms
[2024-05-30T13:05:39.281+0000][9078.701s][info][gc          ] GC(1679) Concurrent Mark Cycle 3285.487ms
[2024-05-30T13:05:41.385+0000][9080.804s][info][gc,start    ] GC(1680) Pause Young (Prepare Mixed) (G1 Evacuation Pause)
[2024-05-30T13:05:41.385+0000][9080.804s][info][gc,task     ] GC(1680) Using 6 workers of 6 for evacuation
[2024-05-30T13:05:41.423+0000][9080.842s][info][gc,phases   ] GC(1680)   Pre Evacuate Collection Set: 0.2ms
[2024-05-30T13:05:41.423+0000][9080.842s][info][gc,phases   ] GC(1680)   Merge Heap Roots: 0.3ms
[2024-05-30T13:05:41.423+0000][9080.842s][info][gc,phases   ] GC(1680)   Evacuate Collection Set: 35.0ms
[2024-05-30T13:05:41.423+0000][9080.842s][info][gc,phases   ] GC(1680)   Post Evacuate Collection Set: 2.0ms
[2024-05-30T13:05:41.423+0000][9080.842s][info][gc,phases   ] GC(1680)   Other: 0.2ms
[2024-05-30T13:05:41.423+0000][9080.842s][info][gc,heap     ] GC(1680) Eden regions: 855->0(60)
[2024-05-30T13:05:41.423+0000][9080.842s][info][gc,heap     ] GC(1680) Survivor regions: 11->16(109)
[2024-05-30T13:05:41.423+0000][9080.842s][info][gc,heap     ] GC(1680) Old regions: 338->338
[2024-05-30T13:05:41.423+0000][9080.842s][info][gc,heap     ] GC(1680) Archive regions: 2->2
[2024-05-30T13:05:41.423+0000][9080.842s][info][gc,heap     ] GC(1680) Humongous regions: 5->5
[2024-05-30T13:05:41.423+0000][9080.842s][info][gc,metaspace] GC(1680) Metaspace: 433608K(439808K)->433608K(439808K) NonClass: 379532K(382976K)->379532K(382976K) Class: 54075K(56832K)->54075K(56832K)
[2024-05-30T13:05:41.423+0000][9080.842s][info][gc          ] GC(1680) Pause Young (Prepare Mixed) (G1 Evacuation Pause) 9665M->2870M(12288M) 37.831ms
[2024-05-30T13:05:41.423+0000][9080.842s][info][gc,cpu      ] GC(1680) User=0.22s Sys=0.00s Real=0.04s
[2024-05-30T13:05:41.770+0000][9081.189s][info][gc,start    ] GC(1681) Pause Young (Mixed) (G1 Evacuation Pause)
[2024-05-30T13:05:41.770+0000][9081.189s][info][gc,task     ] GC(1681) Using 6 workers of 6 for evacuation
[2024-05-30T13:05:41.816+0000][9081.236s][info][gc,phases   ] GC(1681)   Pre Evacuate Collection Set: 0.2ms
[2024-05-30T13:05:41.816+0000][9081.236s][info][gc,phases   ] GC(1681)   Merge Heap Roots: 0.2ms
[2024-05-30T13:05:41.816+0000][9081.236s][info][gc,phases   ] GC(1681)   Evacuate Collection Set: 44.5ms
[2024-05-30T13:05:41.816+0000][9081.236s][info][gc,phases   ] GC(1681)   Post Evacuate Collection Set: 1.2ms
[2024-05-30T13:05:41.816+0000][9081.236s][info][gc,phases   ] GC(1681)   Other: 0.2ms
[2024-05-30T13:05:41.816+0000][9081.236s][info][gc,heap     ] GC(1681) Eden regions: 60->0(863)
[2024-05-30T13:05:41.816+0000][9081.236s][info][gc,heap     ] GC(1681) Survivor regions: 16->4(10)
[2024-05-30T13:05:41.816+0000][9081.236s][info][gc,heap     ] GC(1681) Old regions: 338->332
[2024-05-30T13:05:41.816+0000][9081.236s][info][gc,heap     ] GC(1681) Archive regions: 2->2
[2024-05-30T13:05:41.816+0000][9081.236s][info][gc,heap     ] GC(1681) Humongous regions: 5->5
[2024-05-30T13:05:41.816+0000][9081.236s][info][gc,metaspace] GC(1681) Metaspace: 433608K(439808K)->433608K(439808K) NonClass: 379532K(382976K)->379532K(382976K) Class: 54075K(56832K)->54075K(56832K)
[2024-05-30T13:05:41.816+0000][9081.236s][info][gc          ] GC(1681) Pause Young (Mixed) (G1 Evacuation Pause) 3350M->2726M(12288M) 46.389ms
[2024-05-30T13:05:41.816+0000][9081.236s][info][gc,cpu      ] GC(1681) User=0.28s Sys=0.00s Real=0.05s
[2024-05-30T13:05:47.069+0000][9086.489s][info][gc,start    ] GC(1682) Pause Young (Normal) (G1 Evacuation Pause)
[2024-05-30T13:05:47.069+0000][9086.489s][info][gc,task     ] GC(1682) Using 6 workers of 6 for evacuation
[2024-05-30T13:05:47.087+0000][9086.506s][info][gc,phases   ] GC(1682)   Pre Evacuate Collection Set: 0.2ms
[2024-05-30T13:05:47.087+0000][9086.506s][info][gc,phases   ] GC(1682)   Merge Heap Roots: 0.3ms
[2024-05-30T13:05:47.087+0000][9086.506s][info][gc,phases   ] GC(1682)   Evacuate Collection Set: 15.1ms
[2024-05-30T13:05:47.087+0000][9086.506s][info][gc,phases   ] GC(1682)   Post Evacuate Collection Set: 1.8ms
[2024-05-30T13:05:47.087+0000][9086.506s][info][gc,phases   ] GC(1682)   Other: 0.2ms
[2024-05-30T13:05:47.087+0000][9086.506s][info][gc,heap     ] GC(1682) Eden regions: 863->0(860)
[2024-05-30T13:05:47.087+0000][9086.506s][info][gc,heap     ] GC(1682) Survivor regions: 4->7(109)
[2024-05-30T13:05:47.087+0000][9086.506s][info][gc,heap     ] GC(1682) Old regions: 332->332
[2024-05-30T13:05:47.087+0000][9086.506s][info][gc,heap     ] GC(1682) Archive regions: 2->2
[2024-05-30T13:05:47.087+0000][9086.506s][info][gc,heap     ] GC(1682) Humongous regions: 5->5
[2024-05-30T13:05:47.087+0000][9086.506s][info][gc,metaspace] GC(1682) Metaspace: 433608K(439808K)->433608K(439808K) NonClass: 379532K(382976K)->379532K(382976K) Class: 54075K(56832K)->54075K(56832K)
[2024-05-30T13:05:47.087+0000][9086.506s][info][gc          ] GC(1682) Pause Young (Normal) (G1 Evacuation Pause) 9630M->2749M(12288M) 17.663ms
[2024-05-30T13:05:47.087+0000][9086.506s][info][gc,cpu      ] GC(1682) User=0.10s Sys=0.00s Real=0.01s
[2024-05-30T13:05:52.211+0000][9091.630s][info][gc,start    ] GC(1683) Pause Young (Normal) (G1 Evacuation Pause)
[2024-05-30T13:05:52.211+0000][9091.631s][info][gc,task     ] GC(1683) Using 6 workers of 6 for evacuation
[2024-05-30T13:05:52.241+0000][9091.660s][info][gc,phases   ] GC(1683)   Pre Evacuate Collection Set: 0.2ms
[2024-05-30T13:05:52.241+0000][9091.660s][info][gc,phases   ] GC(1683)   Merge Heap Roots: 0.3ms
[2024-05-30T13:05:52.241+0000][9091.660s][info][gc,phases   ] GC(1683)   Evacuate Collection Set: 26.5ms
[2024-05-30T13:05:52.241+0000][9091.660s][info][gc,phases   ] GC(1683)   Post Evacuate Collection Set: 2.3ms
[2024-05-30T13:05:52.241+0000][9091.660s][info][gc,phases   ] GC(1683)   Other: 0.2ms
[2024-05-30T13:05:52.241+0000][9091.660s][info][gc,heap     ] GC(1683) Eden regions: 860->0(857)
[2024-05-30T13:05:52.241+0000][9091.660s][info][gc,heap     ] GC(1683) Survivor regions: 7->10(109)
[2024-05-30T13:05:52.241+0000][9091.660s][info][gc,heap     ] GC(1683) Old regions: 332->332
[2024-05-30T13:05:52.241+0000][9091.660s][info][gc,heap     ] GC(1683) Archive regions: 2->2
[2024-05-30T13:05:52.241+0000][9091.660s][info][gc,heap     ] GC(1683) Humongous regions: 5->5
[2024-05-30T13:05:52.241+0000][9091.660s][info][gc,metaspace] GC(1683) Metaspace: 433608K(439808K)->433608K(439808K) NonClass: 379533K(382976K)->379533K(382976K) Class: 54075K(56832K)->54075K(56832K)
[2024-05-30T13:05:52.241+0000][9091.660s][info][gc          ] GC(1683) Pause Young (Normal) (G1 Evacuation Pause) 9629M->2771M(12288M) 29.557ms
[2024-05-30T13:05:52.241+0000][9091.660s][info][gc,cpu      ] GC(1683) User=0.17s Sys=0.00s Real=0.03s
[2024-05-30T13:05:57.441+0000][9096.860s][info][gc,start    ] GC(1684) Pause Young (Concurrent Start) (G1 Evacuation Pause)
[2024-05-30T13:05:57.441+0000][9096.860s][info][gc,task     ] GC(1684) Using 6 workers of 6 for evacuation
[2024-05-30T13:05:57.476+0000][9096.895s][info][gc,phases   ] GC(1684)   Pre Evacuate Collection Set: 0.6ms
[2024-05-30T13:05:57.476+0000][9096.895s][info][gc,phases   ] GC(1684)   Merge Heap Roots: 0.3ms
[2024-05-30T13:05:57.476+0000][9096.895s][info][gc,phases   ] GC(1684)   Evacuate Collection Set: 32.1ms
[2024-05-30T13:05:57.476+0000][9096.895s][info][gc,phases   ] GC(1684)   Post Evacuate Collection Set: 1.8ms
[2024-05-30T13:05:57.476+0000][9096.895s][info][gc,phases   ] GC(1684)   Other: 0.3ms
[2024-05-30T13:05:57.476+0000][9096.895s][info][gc,heap     ] GC(1684) Eden regions: 857->0(855)
[2024-05-30T13:05:57.476+0000][9096.895s][info][gc,heap     ] GC(1684) Survivor regions: 10->13(109)
[2024-05-30T13:05:57.476+0000][9096.895s][info][gc,heap     ] GC(1684) Old regions: 332->332
[2024-05-30T13:05:57.476+0000][9096.895s][info][gc,heap     ] GC(1684) Archive regions: 2->2
[2024-05-30T13:05:57.476+0000][9096.895s][info][gc,heap     ] GC(1684) Humongous regions: 5->5
[2024-05-30T13:05:57.476+0000][9096.895s][info][gc,metaspace] GC(1684) Metaspace: 433608K(439808K)->433608K(439808K) NonClass: 379533K(382976K)->379533K(382976K) Class: 54075K(56832K)->54075K(56832K)
[2024-05-30T13:05:57.476+0000][9096.895s][info][gc          ] GC(1684) Pause Young (Concurrent Start) (G1 Evacuation Pause) 9627M->2793M(12288M) 35.151ms
[2024-05-30T13:05:57.476+0000][9096.895s][info][gc,cpu      ] GC(1684) User=0.20s Sys=0.00s Real=0.03s
[2024-05-30T13:05:57.476+0000][9096.895s][info][gc          ] GC(1685) Concurrent Mark Cycle
[2024-05-30T13:05:57.476+0000][9096.895s][info][gc,marking  ] GC(1685) Concurrent Clear Claimed Marks
[2024-05-30T13:05:57.477+0000][9096.896s][info][gc,marking  ] GC(1685) Concurrent Clear Claimed Marks 0.521ms
[2024-05-30T13:05:57.477+0000][9096.896s][info][gc,marking  ] GC(1685) Concurrent Scan Root Regions
[2024-05-30T13:05:57.504+0000][9096.923s][info][gc,marking  ] GC(1685) Concurrent Scan Root Regions 27.619ms
[2024-05-30T13:05:57.504+0000][9096.923s][info][gc,marking  ] GC(1685) Concurrent Mark
[2024-05-30T13:05:57.504+0000][9096.923s][info][gc,marking  ] GC(1685) Concurrent Mark From Roots
[2024-05-30T13:05:57.504+0000][9096.924s][info][gc,task     ] GC(1685) Using 2 workers of 2 for marking
[2024-05-30T13:05:59.720+0000][9099.139s][info][gc,marking  ] GC(1685) Concurrent Mark From Roots 2215.812ms
[2024-05-30T13:05:59.720+0000][9099.139s][info][gc,marking  ] GC(1685) Concurrent Preclean
[2024-05-30T13:05:59.721+0000][9099.140s][info][gc,marking  ] GC(1685) Concurrent Preclean 0.999ms
[2024-05-30T13:05:59.721+0000][9099.140s][info][gc,start    ] GC(1685) Pause Remark
[2024-05-30T13:05:59.745+0000][9099.164s][info][gc          ] GC(1685) Pause Remark 5433M->5433M(12288M) 23.964ms
[2024-05-30T13:05:59.745+0000][9099.164s][info][gc,cpu      ] GC(1685) User=0.10s Sys=0.00s Real=0.02s
[2024-05-30T13:05:59.745+0000][9099.165s][info][gc,marking  ] GC(1685) Concurrent Mark 2241.135ms
[2024-05-30T13:05:59.745+0000][9099.165s][info][gc,marking  ] GC(1685) Concurrent Rebuild Remembered Sets
[2024-05-30T13:06:00.872+0000][9100.291s][info][gc,marking  ] GC(1685) Concurrent Rebuild Remembered Sets 1126.384ms
[2024-05-30T13:06:00.872+0000][9100.291s][info][gc,start    ] GC(1685) Pause Cleanup
[2024-05-30T13:06:00.873+0000][9100.292s][info][gc          ] GC(1685) Pause Cleanup 6865M->6865M(12288M) 0.647ms
[2024-05-30T13:06:00.873+0000][9100.292s][info][gc,cpu      ] GC(1685) User=0.00s Sys=0.00s Real=0.00s
[2024-05-30T13:06:00.873+0000][9100.292s][info][gc,marking  ] GC(1685) Concurrent Cleanup for Next Mark
[2024-05-30T13:06:00.890+0000][9100.309s][info][gc,marking  ] GC(1685) Concurrent Cleanup for Next Mark 17.280ms
[2024-05-30T13:06:00.890+0000][9100.309s][info][gc          ] GC(1685) Concurrent Mark Cycle 3414.177ms
[2024-05-30T13:06:02.978+0000][9102.397s][info][gc,start    ] GC(1686) Pause Young (Prepare Mixed) (G1 Evacuation Pause)
[2024-05-30T13:06:02.978+0000][9102.397s][info][gc,task     ] GC(1686) Using 6 workers of 6 for evacuation
[2024-05-30T13:06:03.022+0000][9102.441s][info][gc,phases   ] GC(1686)   Pre Evacuate Collection Set: 0.2ms
[2024-05-30T13:06:03.022+0000][9102.441s][info][gc,phases   ] GC(1686)   Merge Heap Roots: 0.3ms
[2024-05-30T13:06:03.022+0000][9102.441s][info][gc,phases   ] GC(1686)   Evacuate Collection Set: 41.3ms
[2024-05-30T13:06:03.022+0000][9102.441s][info][gc,phases   ] GC(1686)   Post Evacuate Collection Set: 2.1ms
[2024-05-30T13:06:03.022+0000][9102.441s][info][gc,phases   ] GC(1686)   Other: 0.2ms
[2024-05-30T13:06:03.022+0000][9102.441s][info][gc,heap     ] GC(1686) Eden regions: 855->0(58)
[2024-05-30T13:06:03.022+0000][9102.441s][info][gc,heap     ] GC(1686) Survivor regions: 13->18(109)
[2024-05-30T13:06:03.022+0000][9102.441s][info][gc,heap     ] GC(1686) Old regions: 332->332
[2024-05-30T13:06:03.022+0000][9102.441s][info][gc,heap     ] GC(1686) Archive regions: 2->2
[2024-05-30T13:06:03.022+0000][9102.441s][info][gc,heap     ] GC(1686) Humongous regions: 5->5
[2024-05-30T13:06:03.022+0000][9102.441s][info][gc,metaspace] GC(1686) Metaspace: 433608K(439808K)->433608K(439808K) NonClass: 379533K(382976K)->379533K(382976K) Class: 54075K(56832K)->54075K(56832K)
[2024-05-30T13:06:03.022+0000][9102.441s][info][gc          ] GC(1686) Pause Young (Prepare Mixed) (G1 Evacuation Pause) 9633M->2836M(12288M) 44.141ms
[2024-05-30T13:06:03.022+0000][9102.441s][info][gc,cpu      ] GC(1686) User=0.26s Sys=0.00s Real=0.04s
[2024-05-30T13:06:03.405+0000][9102.825s][info][gc,start    ] GC(1687) Pause Young (Mixed) (G1 Evacuation Pause)
[2024-05-30T13:06:03.405+0000][9102.825s][info][gc,task     ] GC(1687) Using 6 workers of 6 for evacuation
[2024-05-30T13:06:03.468+0000][9102.888s][info][gc,phases   ] GC(1687)   Pre Evacuate Collection Set: 0.2ms
[2024-05-30T13:06:03.468+0000][9102.888s][info][gc,phases   ] GC(1687)   Merge Heap Roots: 0.3ms
[2024-05-30T13:06:03.468+0000][9102.888s][info][gc,phases   ] GC(1687)   Evacuate Collection Set: 61.1ms
[2024-05-30T13:06:03.468+0000][9102.888s][info][gc,phases   ] GC(1687)   Post Evacuate Collection Set: 1.2ms
[2024-05-30T13:06:03.468+0000][9102.888s][info][gc,phases   ] GC(1687)   Other: 0.2ms
[2024-05-30T13:06:03.468+0000][9102.888s][info][gc,heap     ] GC(1687) Eden regions: 58->0(862)
[2024-05-30T13:06:03.468+0000][9102.888s][info][gc,heap     ] GC(1687) Survivor regions: 18->4(10)
[2024-05-30T13:06:03.468+0000][9102.888s][info][gc,heap     ] GC(1687) Old regions: 332->332
[2024-05-30T13:06:03.468+0000][9102.888s][info][gc,heap     ] GC(1687) Archive regions: 2->2
[2024-05-30T13:06:03.468+0000][9102.888s][info][gc,heap     ] GC(1687) Humongous regions: 5->5
[2024-05-30T13:06:03.468+0000][9102.888s][info][gc,metaspace] GC(1687) Metaspace: 433608K(439808K)->433608K(439808K) NonClass: 379533K(382976K)->379533K(382976K) Class: 54075K(56832K)->54075K(56832K)
[2024-05-30T13:06:03.468+0000][9102.888s][info][gc          ] GC(1687) Pause Young (Mixed) (G1 Evacuation Pause) 3300M->2722M(12288M) 63.037ms
[2024-05-30T13:06:03.468+0000][9102.888s][info][gc,cpu      ] GC(1687) User=0.37s Sys=0.00s Real=0.07s
[2024-05-30T13:06:08.628+0000][9108.047s][info][gc,start    ] GC(1688) Pause Young (Normal) (G1 Evacuation Pause)
[2024-05-30T13:06:08.628+0000][9108.047s][info][gc,task     ] GC(1688) Using 6 workers of 6 for evacuation
[2024-05-30T13:06:08.646+0000][9108.065s][info][gc,phases   ] GC(1688)   Pre Evacuate Collection Set: 0.2ms
[2024-05-30T13:06:08.646+0000][9108.065s][info][gc,phases   ] GC(1688)   Merge Heap Roots: 0.2ms
[2024-05-30T13:06:08.646+0000][9108.065s][info][gc,phases   ] GC(1688)   Evacuate Collection Set: 15.2ms
[2024-05-30T13:06:08.646+0000][9108.065s][info][gc,phases   ] GC(1688)   Post Evacuate Collection Set: 1.8ms
[2024-05-30T13:06:08.646+0000][9108.065s][info][gc,phases   ] GC(1688)   Other: 0.2ms
[2024-05-30T13:06:08.646+0000][9108.065s][info][gc,heap     ] GC(1688) Eden regions: 862->0(861)
[2024-05-30T13:06:08.646+0000][9108.065s][info][gc,heap     ] GC(1688) Survivor regions: 4->6(109)
[2024-05-30T13:06:08.646+0000][9108.065s][info][gc,heap     ] GC(1688) Old regions: 332->332
[2024-05-30T13:06:08.646+0000][9108.065s][info][gc,heap     ] GC(1688) Archive regions: 2->2
[2024-05-30T13:06:08.646+0000][9108.065s][info][gc,heap     ] GC(1688) Humongous regions: 5->5
[2024-05-30T13:06:08.646+0000][9108.065s][info][gc,metaspace] GC(1688) Metaspace: 433608K(439808K)->433608K(439808K) NonClass: 379533K(382976K)->379533K(382976K) Class: 54075K(56832K)->54075K(56832K)
[2024-05-30T13:06:08.646+0000][9108.065s][info][gc          ] GC(1688) Pause Young (Normal) (G1 Evacuation Pause) 9618M->2737M(12288M) 17.765ms
[2024-05-30T13:06:08.646+0000][9108.065s][info][gc,cpu      ] GC(1688) User=0.10s Sys=0.00s Real=0.02s
[2024-05-30T13:06:13.769+0000][9113.189s][info][gc,start    ] GC(1689) Pause Young (Normal) (G1 Evacuation Pause)
[2024-05-30T13:06:13.769+0000][9113.189s][info][gc,task     ] GC(1689) Using 6 workers of 6 for evacuation
[2024-05-30T13:06:13.797+0000][9113.216s][info][gc,phases   ] GC(1689)   Pre Evacuate Collection Set: 0.2ms
[2024-05-30T13:06:13.797+0000][9113.216s][info][gc,phases   ] GC(1689)   Merge Heap Roots: 0.2ms
[2024-05-30T13:06:13.797+0000][9113.216s][info][gc,phases   ] GC(1689)   Evacuate Collection Set: 24.8ms
[2024-05-30T13:06:13.797+0000][9113.216s][info][gc,phases   ] GC(1689)   Post Evacuate Collection Set: 2.0ms
[2024-05-30T13:06:13.797+0000][9113.216s][info][gc,phases   ] GC(1689)   Other: 0.2ms
[2024-05-30T13:06:13.797+0000][9113.216s][info][gc,heap     ] GC(1689) Eden regions: 861->0(853)
[2024-05-30T13:06:13.797+0000][9113.216s][info][gc,heap     ] GC(1689) Survivor regions: 6->12(109)
[2024-05-30T13:06:13.797+0000][9113.216s][info][gc,heap     ] GC(1689) Old regions: 332->332
[2024-05-30T13:06:13.797+0000][9113.216s][info][gc,heap     ] GC(1689) Archive regions: 2->2
[2024-05-30T13:06:13.797+0000][9113.216s][info][gc,heap     ] GC(1689) Humongous regions: 5->5
[2024-05-30T13:06:13.797+0000][9113.216s][info][gc,metaspace] GC(1689) Metaspace: 433608K(439808K)->433608K(439808K) NonClass: 379533K(382976K)->379533K(382976K) Class: 54075K(56832K)->54075K(56832K)
[2024-05-30T13:06:13.797+0000][9113.216s][info][gc          ] GC(1689) Pause Young (Normal) (G1 Evacuation Pause) 9625M->2789M(12288M) 27.480ms
[2024-05-30T13:06:13.797+0000][9113.216s][info][gc,cpu      ] GC(1689) User=0.15s Sys=0.01s Real=0.03s
[2024-05-30T13:06:18.950+0000][9118.370s][info][gc,start    ] GC(1690) Pause Young (Concurrent Start) (G1 Evacuation Pause)
[2024-05-30T13:06:18.950+0000][9118.370s][info][gc,task     ] GC(1690) Using 6 workers of 6 for evacuation
[2024-05-30T13:06:18.986+0000][9118.405s][info][gc,phases   ] GC(1690)   Pre Evacuate Collection Set: 0.6ms
[2024-05-30T13:06:18.986+0000][9118.405s][info][gc,phases   ] GC(1690)   Merge Heap Roots: 0.3ms
[2024-05-30T13:06:18.986+0000][9118.405s][info][gc,phases   ] GC(1690)   Evacuate Collection Set: 32.5ms
[2024-05-30T13:06:18.986+0000][9118.405s][info][gc,phases   ] GC(1690)   Post Evacuate Collection Set: 1.8ms
[2024-05-30T13:06:18.986+0000][9118.405s][info][gc,phases   ] GC(1690)   Other: 0.3ms
[2024-05-30T13:06:18.986+0000][9118.405s][info][gc,heap     ] GC(1690) Eden regions: 853->0(853)
[2024-05-30T13:06:18.986+0000][9118.405s][info][gc,heap     ] GC(1690) Survivor regions: 12->13(109)
[2024-05-30T13:06:18.986+0000][9118.405s][info][gc,heap     ] GC(1690) Old regions: 332->332
[2024-05-30T13:06:18.986+0000][9118.405s][info][gc,heap     ] GC(1690) Archive regions: 2->2
[2024-05-30T13:06:18.986+0000][9118.405s][info][gc,heap     ] GC(1690) Humongous regions: 5->5
[2024-05-30T13:06:18.986+0000][9118.405s][info][gc,metaspace] GC(1690) Metaspace: 433608K(439808K)->433608K(439808K) NonClass: 379533K(382976K)->379533K(382976K) Class: 54075K(56832K)->54075K(56832K)
[2024-05-30T13:06:18.986+0000][9118.405s][info][gc          ] GC(1690) Pause Young (Concurrent Start) (G1 Evacuation Pause) 9613M->2798M(12288M) 35.602ms
[2024-05-30T13:06:18.986+0000][9118.405s][info][gc,cpu      ] GC(1690) User=0.21s Sys=0.00s Real=0.03s
[2024-05-30T13:06:18.986+0000][9118.405s][info][gc          ] GC(1691) Concurrent Mark Cycle
[2024-05-30T13:06:18.986+0000][9118.405s][info][gc,marking  ] GC(1691) Concurrent Clear Claimed Marks
[2024-05-30T13:06:18.986+0000][9118.406s][info][gc,marking  ] GC(1691) Concurrent Clear Claimed Marks 0.421ms
[2024-05-30T13:06:18.987+0000][9118.406s][info][gc,marking  ] GC(1691) Concurrent Scan Root Regions
[2024-05-30T13:06:19.013+0000][9118.433s][info][gc,marking  ] GC(1691) Concurrent Scan Root Regions 26.938ms
[2024-05-30T13:06:19.013+0000][9118.433s][info][gc,marking  ] GC(1691) Concurrent Mark
[2024-05-30T13:06:19.013+0000][9118.433s][info][gc,marking  ] GC(1691) Concurrent Mark From Roots
[2024-05-30T13:06:19.013+0000][9118.433s][info][gc,task     ] GC(1691) Using 2 workers of 2 for marking
[2024-05-30T13:06:21.263+0000][9120.682s][info][gc,marking  ] GC(1691) Concurrent Mark From Roots 2249.413ms
[2024-05-30T13:06:21.263+0000][9120.682s][info][gc,marking  ] GC(1691) Concurrent Preclean
[2024-05-30T13:06:21.264+0000][9120.683s][info][gc,marking  ] GC(1691) Concurrent Preclean 1.260ms
[2024-05-30T13:06:21.264+0000][9120.684s][info][gc,start    ] GC(1691) Pause Remark
[2024-05-30T13:06:21.290+0000][9120.709s][info][gc          ] GC(1691) Pause Remark 5572M->5572M(12288M) 25.682ms
[2024-05-30T13:06:21.290+0000][9120.709s][info][gc,cpu      ] GC(1691) User=0.12s Sys=0.00s Real=0.03s
[2024-05-30T13:06:21.290+0000][9120.710s][info][gc,marking  ] GC(1691) Concurrent Mark 2276.947ms
[2024-05-30T13:06:21.290+0000][9120.710s][info][gc,marking  ] GC(1691) Concurrent Rebuild Remembered Sets
[2024-05-30T13:06:22.484+0000][9121.904s][info][gc,marking  ] GC(1691) Concurrent Rebuild Remembered Sets 1193.944ms
[2024-05-30T13:06:22.485+0000][9121.904s][info][gc,start    ] GC(1691) Pause Cleanup
[2024-05-30T13:06:22.485+0000][9121.904s][info][gc          ] GC(1691) Pause Cleanup 7006M->7006M(12288M) 0.603ms
[2024-05-30T13:06:22.485+0000][9121.904s][info][gc,cpu      ] GC(1691) User=0.00s Sys=0.00s Real=0.00s
[2024-05-30T13:06:22.485+0000][9121.905s][info][gc,marking  ] GC(1691) Concurrent Cleanup for Next Mark
[2024-05-30T13:06:22.503+0000][9121.922s][info][gc,marking  ] GC(1691) Concurrent Cleanup for Next Mark 17.778ms
[2024-05-30T13:06:22.503+0000][9121.922s][info][gc          ] GC(1691) Concurrent Mark Cycle 3517.081ms
[2024-05-30T13:06:24.429+0000][9123.848s][info][gc,start    ] GC(1692) Pause Young (Prepare Mixed) (G1 Evacuation Pause)
[2024-05-30T13:06:24.429+0000][9123.848s][info][gc,task     ] GC(1692) Using 6 workers of 6 for evacuation
[2024-05-30T13:06:24.478+0000][9123.897s][info][gc,phases   ] GC(1692)   Pre Evacuate Collection Set: 0.2ms
[2024-05-30T13:06:24.478+0000][9123.897s][info][gc,phases   ] GC(1692)   Merge Heap Roots: 0.4ms
[2024-05-30T13:06:24.478+0000][9123.897s][info][gc,phases   ] GC(1692)   Evacuate Collection Set: 45.9ms
[2024-05-30T13:06:24.478+0000][9123.897s][info][gc,phases   ] GC(1692)   Post Evacuate Collection Set: 2.2ms
[2024-05-30T13:06:24.478+0000][9123.897s][info][gc,phases   ] GC(1692)   Other: 0.2ms
[2024-05-30T13:06:24.478+0000][9123.897s][info][gc,heap     ] GC(1692) Eden regions: 853->0(58)
[2024-05-30T13:06:24.478+0000][9123.897s][info][gc,heap     ] GC(1692) Survivor regions: 13->18(109)
[2024-05-30T13:06:24.478+0000][9123.897s][info][gc,heap     ] GC(1692) Old regions: 332->332
[2024-05-30T13:06:24.478+0000][9123.897s][info][gc,heap     ] GC(1692) Archive regions: 2->2
[2024-05-30T13:06:24.478+0000][9123.897s][info][gc,heap     ] GC(1692) Humongous regions: 5->5
[2024-05-30T13:06:24.478+0000][9123.897s][info][gc,metaspace] GC(1692) Metaspace: 433608K(439808K)->433608K(439808K) NonClass: 379533K(382976K)->379533K(382976K) Class: 54075K(56832K)->54075K(56832K)
[2024-05-30T13:06:24.478+0000][9123.897s][info][gc          ] GC(1692) Pause Young (Prepare Mixed) (G1 Evacuation Pause) 9622M->2833M(12288M) 48.927ms
[2024-05-30T13:06:24.478+0000][9123.897s][info][gc,cpu      ] GC(1692) User=0.29s Sys=0.00s Real=0.05s
[2024-05-30T13:06:24.818+0000][9124.237s][info][gc,start    ] GC(1693) Pause Young (Mixed) (G1 Evacuation Pause)
[2024-05-30T13:06:24.818+0000][9124.237s][info][gc,task     ] GC(1693) Using 6 workers of 6 for evacuation
[2024-05-30T13:06:24.890+0000][9124.310s][info][gc,phases   ] GC(1693)   Pre Evacuate Collection Set: 0.2ms
[2024-05-30T13:06:24.890+0000][9124.310s][info][gc,phases   ] GC(1693)   Merge Heap Roots: 0.3ms
[2024-05-30T13:06:24.890+0000][9124.310s][info][gc,phases   ] GC(1693)   Evacuate Collection Set: 70.6ms
[2024-05-30T13:06:24.890+0000][9124.310s][info][gc,phases   ] GC(1693)   Post Evacuate Collection Set: 1.2ms
[2024-05-30T13:06:24.890+0000][9124.310s][info][gc,phases   ] GC(1693)   Other: 0.2ms
[2024-05-30T13:06:24.890+0000][9124.310s][info][gc,heap     ] GC(1693) Eden regions: 58->0(860)
[2024-05-30T13:06:24.890+0000][9124.310s][info][gc,heap     ] GC(1693) Survivor regions: 18->3(10)
[2024-05-30T13:06:24.890+0000][9124.310s][info][gc,heap     ] GC(1693) Old regions: 332->335
[2024-05-30T13:06:24.890+0000][9124.310s][info][gc,heap     ] GC(1693) Archive regions: 2->2
[2024-05-30T13:06:24.890+0000][9124.310s][info][gc,heap     ] GC(1693) Humongous regions: 5->5
[2024-05-30T13:06:24.890+0000][9124.310s][info][gc,metaspace] GC(1693) Metaspace: 433608K(439808K)->433608K(439808K) NonClass: 379533K(382976K)->379533K(382976K) Class: 54075K(56832K)->54075K(56832K)
[2024-05-30T13:06:24.891+0000][9124.310s][info][gc          ] GC(1693) Pause Young (Mixed) (G1 Evacuation Pause) 3297M->2743M(12288M) 72.511ms
[2024-05-30T13:06:24.891+0000][9124.310s][info][gc,cpu      ] GC(1693) User=0.43s Sys=0.00s Real=0.07s
[2024-05-30T13:06:30.005+0000][9129.424s][info][gc,start    ] GC(1694) Pause Young (Normal) (G1 Evacuation Pause)
[2024-05-30T13:06:30.005+0000][9129.424s][info][gc,task     ] GC(1694) Using 6 workers of 6 for evacuation
[2024-05-30T13:06:30.026+0000][9129.445s][info][gc,phases   ] GC(1694)   Pre Evacuate Collection Set: 0.2ms
[2024-05-30T13:06:30.026+0000][9129.445s][info][gc,phases   ] GC(1694)   Merge Heap Roots: 0.3ms
[2024-05-30T13:06:30.026+0000][9129.445s][info][gc,phases   ] GC(1694)   Evacuate Collection Set: 18.2ms
[2024-05-30T13:06:30.026+0000][9129.445s][info][gc,phases   ] GC(1694)   Post Evacuate Collection Set: 2.0ms
[2024-05-30T13:06:30.026+0000][9129.445s][info][gc,phases   ] GC(1694)   Other: 0.2ms
[2024-05-30T13:06:30.026+0000][9129.445s][info][gc,heap     ] GC(1694) Eden regions: 860->0(859)
[2024-05-30T13:06:30.026+0000][9129.445s][info][gc,heap     ] GC(1694) Survivor regions: 3->5(108)
[2024-05-30T13:06:30.026+0000][9129.445s][info][gc,heap     ] GC(1694) Old regions: 335->335
[2024-05-30T13:06:30.026+0000][9129.445s][info][gc,heap     ] GC(1694) Archive regions: 2->2
[2024-05-30T13:06:30.026+0000][9129.445s][info][gc,heap     ] GC(1694) Humongous regions: 5->5
[2024-05-30T13:06:30.026+0000][9129.445s][info][gc,metaspace] GC(1694) Metaspace: 433608K(439808K)->433608K(439808K) NonClass: 379533K(382976K)->379533K(382976K) Class: 54075K(56832K)->54075K(56832K)
[2024-05-30T13:06:30.026+0000][9129.445s][info][gc          ] GC(1694) Pause Young (Normal) (G1 Evacuation Pause) 9623M->2759M(12288M) 20.903ms
[2024-05-30T13:06:30.026+0000][9129.445s][info][gc,cpu      ] GC(1694) User=0.12s Sys=0.00s Real=0.02s
[2024-05-30T13:06:35.110+0000][9134.529s][info][gc,start    ] GC(1695) Pause Young (Normal) (G1 Evacuation Pause)
[2024-05-30T13:06:35.110+0000][9134.529s][info][gc,task     ] GC(1695) Using 6 workers of 6 for evacuation
[2024-05-30T13:06:35.138+0000][9134.557s][info][gc,phases   ] GC(1695)   Pre Evacuate Collection Set: 0.2ms
[2024-05-30T13:06:35.138+0000][9134.557s][info][gc,phases   ] GC(1695)   Merge Heap Roots: 0.3ms
[2024-05-30T13:06:35.138+0000][9134.557s][info][gc,phases   ] GC(1695)   Evacuate Collection Set: 25.2ms
[2024-05-30T13:06:35.138+0000][9134.557s][info][gc,phases   ] GC(1695)   Post Evacuate Collection Set: 2.2ms
[2024-05-30T13:06:35.138+0000][9134.557s][info][gc,phases   ] GC(1695)   Other: 0.2ms
[2024-05-30T13:06:35.138+0000][9134.557s][info][gc,heap     ] GC(1695) Eden regions: 859->0(852)
[2024-05-30T13:06:35.138+0000][9134.557s][info][gc,heap     ] GC(1695) Survivor regions: 5->11(108)
[2024-05-30T13:06:35.138+0000][9134.557s][info][gc,heap     ] GC(1695) Old regions: 335->335
[2024-05-30T13:06:35.138+0000][9134.557s][info][gc,heap     ] GC(1695) Archive regions: 2->2
[2024-05-30T13:06:35.138+0000][9134.557s][info][gc,heap     ] GC(1695) Humongous regions: 5->5
[2024-05-30T13:06:35.138+0000][9134.557s][info][gc,metaspace] GC(1695) Metaspace: 433608K(439808K)->433608K(439808K) NonClass: 379533K(382976K)->379533K(382976K) Class: 54075K(56832K)->54075K(56832K)
[2024-05-30T13:06:35.138+0000][9134.557s][info][gc          ] GC(1695) Pause Young (Normal) (G1 Evacuation Pause) 9631M->2804M(12288M) 28.031ms
[2024-05-30T13:06:35.138+0000][9134.557s][info][gc,cpu      ] GC(1695) User=0.17s Sys=0.00s Real=0.03s
[2024-05-30T13:06:40.093+0000][9139.512s][info][gc,start    ] GC(1696) Pause Young (Concurrent Start) (G1 Evacuation Pause)
[2024-05-30T13:06:40.093+0000][9139.512s][info][gc,task     ] GC(1696) Using 6 workers of 6 for evacuation
[2024-05-30T13:06:40.135+0000][9139.554s][info][gc,phases   ] GC(1696)   Pre Evacuate Collection Set: 0.6ms
[2024-05-30T13:06:40.135+0000][9139.554s][info][gc,phases   ] GC(1696)   Merge Heap Roots: 0.3ms
[2024-05-30T13:06:40.135+0000][9139.554s][info][gc,phases   ] GC(1696)   Evacuate Collection Set: 38.4ms
[2024-05-30T13:06:40.135+0000][9139.554s][info][gc,phases   ] GC(1696)   Post Evacuate Collection Set: 2.0ms
[2024-05-30T13:06:40.135+0000][9139.554s][info][gc,phases   ] GC(1696)   Other: 0.3ms
[2024-05-30T13:06:40.135+0000][9139.554s][info][gc,heap     ] GC(1696) Eden regions: 852->0(852)
[2024-05-30T13:06:40.135+0000][9139.554s][info][gc,heap     ] GC(1696) Survivor regions: 11->13(108)
[2024-05-30T13:06:40.135+0000][9139.554s][info][gc,heap     ] GC(1696) Old regions: 335->335
[2024-05-30T13:06:40.135+0000][9139.554s][info][gc,heap     ] GC(1696) Archive regions: 2->2
[2024-05-30T13:06:40.135+0000][9139.554s][info][gc,heap     ] GC(1696) Humongous regions: 5->5
[2024-05-30T13:06:40.135+0000][9139.554s][info][gc,metaspace] GC(1696) Metaspace: 433608K(439808K)->433608K(439808K) NonClass: 379533K(382976K)->379533K(382976K) Class: 54075K(56832K)->54075K(56832K)
[2024-05-30T13:06:40.135+0000][9139.554s][info][gc          ] GC(1696) Pause Young (Concurrent Start) (G1 Evacuation Pause) 9620M->2823M(12288M) 41.602ms
[2024-05-30T13:06:40.135+0000][9139.554s][info][gc,cpu      ] GC(1696) User=0.24s Sys=0.00s Real=0.04s
[2024-05-30T13:06:40.135+0000][9139.554s][info][gc          ] GC(1697) Concurrent Mark Cycle
[2024-05-30T13:06:40.135+0000][9139.554s][info][gc,marking  ] GC(1697) Concurrent Clear Claimed Marks
[2024-05-30T13:06:40.135+0000][9139.555s][info][gc,marking  ] GC(1697) Concurrent Clear Claimed Marks 0.468ms
[2024-05-30T13:06:40.135+0000][9139.555s][info][gc,marking  ] GC(1697) Concurrent Scan Root Regions
[2024-05-30T13:06:40.170+0000][9139.589s][info][gc,marking  ] GC(1697) Concurrent Scan Root Regions 34.180ms
[2024-05-30T13:06:40.170+0000][9139.589s][info][gc,marking  ] GC(1697) Concurrent Mark
[2024-05-30T13:06:40.170+0000][9139.589s][info][gc,marking  ] GC(1697) Concurrent Mark From Roots
[2024-05-30T13:06:40.170+0000][9139.589s][info][gc,task     ] GC(1697) Using 2 workers of 2 for marking
[2024-05-30T13:06:42.456+0000][9141.875s][info][gc,marking  ] GC(1697) Concurrent Mark From Roots 2286.321ms
[2024-05-30T13:06:42.456+0000][9141.875s][info][gc,marking  ] GC(1697) Concurrent Preclean
[2024-05-30T13:06:42.457+0000][9141.876s][info][gc,marking  ] GC(1697) Concurrent Preclean 1.320ms
[2024-05-30T13:06:42.457+0000][9141.877s][info][gc,start    ] GC(1697) Pause Remark
[2024-05-30T13:06:42.483+0000][9141.902s][info][gc          ] GC(1697) Pause Remark 5723M->5723M(12288M) 25.474ms
[2024-05-30T13:06:42.483+0000][9141.902s][info][gc,cpu      ] GC(1697) User=0.12s Sys=0.00s Real=0.02s
[2024-05-30T13:06:42.483+0000][9141.902s][info][gc,marking  ] GC(1697) Concurrent Mark 2313.584ms
[2024-05-30T13:06:42.483+0000][9141.902s][info][gc,marking  ] GC(1697) Concurrent Rebuild Remembered Sets
[2024-05-30T13:06:43.768+0000][9143.188s][info][gc,marking  ] GC(1697) Concurrent Rebuild Remembered Sets 1285.183ms
[2024-05-30T13:06:43.768+0000][9143.188s][info][gc,start    ] GC(1697) Pause Cleanup
[2024-05-30T13:06:43.769+0000][9143.188s][info][gc          ] GC(1697) Pause Cleanup 7359M->7359M(12288M) 0.599ms
[2024-05-30T13:06:43.769+0000][9143.188s][info][gc,cpu      ] GC(1697) User=0.01s Sys=0.00s Real=0.00s
[2024-05-30T13:06:43.769+0000][9143.188s][info][gc,marking  ] GC(1697) Concurrent Cleanup for Next Mark
[2024-05-30T13:06:43.787+0000][9143.206s][info][gc,marking  ] GC(1697) Concurrent Cleanup for Next Mark 17.705ms
[2024-05-30T13:06:43.787+0000][9143.206s][info][gc          ] GC(1697) Concurrent Mark Cycle 3652.206ms
[2024-05-30T13:06:45.528+0000][9144.948s][info][gc,start    ] GC(1698) Pause Young (Prepare Mixed) (G1 Evacuation Pause)
[2024-05-30T13:06:45.528+0000][9144.948s][info][gc,task     ] GC(1698) Using 6 workers of 6 for evacuation
[2024-05-30T13:06:45.572+0000][9144.992s][info][gc,phases   ] GC(1698)   Pre Evacuate Collection Set: 0.2ms
[2024-05-30T13:06:45.572+0000][9144.992s][info][gc,phases   ] GC(1698)   Merge Heap Roots: 0.4ms
[2024-05-30T13:06:45.572+0000][9144.992s][info][gc,phases   ] GC(1698)   Evacuate Collection Set: 41.1ms
[2024-05-30T13:06:45.572+0000][9144.992s][info][gc,phases   ] GC(1698)   Post Evacuate Collection Set: 2.0ms
[2024-05-30T13:06:45.572+0000][9144.992s][info][gc,phases   ] GC(1698)   Other: 0.2ms
[2024-05-30T13:06:45.572+0000][9144.992s][info][gc,heap     ] GC(1698) Eden regions: 852->0(58)
[2024-05-30T13:06:45.572+0000][9144.992s][info][gc,heap     ] GC(1698) Survivor regions: 13->18(109)
[2024-05-30T13:06:45.572+0000][9144.992s][info][gc,heap     ] GC(1698) Old regions: 335->335
[2024-05-30T13:06:45.572+0000][9144.992s][info][gc,heap     ] GC(1698) Archive regions: 2->2
[2024-05-30T13:06:45.572+0000][9144.992s][info][gc,heap     ] GC(1698) Humongous regions: 5->5
[2024-05-30T13:06:45.572+0000][9144.992s][info][gc,metaspace] GC(1698) Metaspace: 433608K(439808K)->433608K(439808K) NonClass: 379533K(382976K)->379533K(382976K) Class: 54075K(56832K)->54075K(56832K)
[2024-05-30T13:06:45.572+0000][9144.992s][info][gc          ] GC(1698) Pause Young (Prepare Mixed) (G1 Evacuation Pause) 9639M->2858M(12288M) 44.021ms
[2024-05-30T13:06:45.573+0000][9144.992s][info][gc,cpu      ] GC(1698) User=0.26s Sys=0.00s Real=0.04s
[2024-05-30T13:06:45.914+0000][9145.334s][info][gc,start    ] GC(1699) Pause Young (Mixed) (G1 Evacuation Pause)
[2024-05-30T13:06:45.914+0000][9145.334s][info][gc,task     ] GC(1699) Using 6 workers of 6 for evacuation
[2024-05-30T13:06:45.988+0000][9145.407s][info][gc,phases   ] GC(1699)   Pre Evacuate Collection Set: 0.2ms
[2024-05-30T13:06:45.988+0000][9145.407s][info][gc,phases   ] GC(1699)   Merge Heap Roots: 0.3ms
[2024-05-30T13:06:45.988+0000][9145.407s][info][gc,phases   ] GC(1699)   Evacuate Collection Set: 71.8ms
[2024-05-30T13:06:45.988+0000][9145.407s][info][gc,phases   ] GC(1699)   Post Evacuate Collection Set: 1.3ms
[2024-05-30T13:06:45.988+0000][9145.407s][info][gc,phases   ] GC(1699)   Other: 0.2ms
[2024-05-30T13:06:45.988+0000][9145.407s][info][gc,heap     ] GC(1699) Eden regions: 58->0(856)
[2024-05-30T13:06:45.988+0000][9145.407s][info][gc,heap     ] GC(1699) Survivor regions: 18->3(10)
[2024-05-30T13:06:45.988+0000][9145.407s][info][gc,heap     ] GC(1699) Old regions: 335->340
[2024-05-30T13:06:45.988+0000][9145.407s][info][gc,heap     ] GC(1699) Archive regions: 2->2
[2024-05-30T13:06:45.988+0000][9145.407s][info][gc,heap     ] GC(1699) Humongous regions: 5->5
[2024-05-30T13:06:45.988+0000][9145.407s][info][gc,metaspace] GC(1699) Metaspace: 433608K(439808K)->433608K(439808K) NonClass: 379533K(382976K)->379533K(382976K) Class: 54075K(56832K)->54075K(56832K)
[2024-05-30T13:06:45.988+0000][9145.407s][info][gc          ] GC(1699) Pause Young (Mixed) (G1 Evacuation Pause) 3322M->2786M(12288M) 73.763ms
[2024-05-30T13:06:45.988+0000][9145.407s][info][gc,cpu      ] GC(1699) User=0.44s Sys=0.00s Real=0.07s
[2024-05-30T13:06:51.084+0000][9150.503s][info][gc,start    ] GC(1700) Pause Young (Normal) (G1 Evacuation Pause)
[2024-05-30T13:06:51.084+0000][9150.503s][info][gc,task     ] GC(1700) Using 6 workers of 6 for evacuation
[2024-05-30T13:06:51.101+0000][9150.521s][info][gc,phases   ] GC(1700)   Pre Evacuate Collection Set: 0.2ms
[2024-05-30T13:06:51.101+0000][9150.521s][info][gc,phases   ] GC(1700)   Merge Heap Roots: 0.3ms
[2024-05-30T13:06:51.101+0000][9150.521s][info][gc,phases   ] GC(1700)   Evacuate Collection Set: 15.0ms
[2024-05-30T13:06:51.101+0000][9150.521s][info][gc,phases   ] GC(1700)   Post Evacuate Collection Set: 1.8ms
[2024-05-30T13:06:51.101+0000][9150.521s][info][gc,phases   ] GC(1700)   Other: 0.2ms
[2024-05-30T13:06:51.101+0000][9150.521s][info][gc,heap     ] GC(1700) Eden regions: 856->0(853)
[2024-05-30T13:06:51.102+0000][9150.521s][info][gc,heap     ] GC(1700) Survivor regions: 3->6(108)
[2024-05-30T13:06:51.102+0000][9150.521s][info][gc,heap     ] GC(1700) Old regions: 340->340
[2024-05-30T13:06:51.102+0000][9150.521s][info][gc,heap     ] GC(1700) Archive regions: 2->2
[2024-05-30T13:06:51.102+0000][9150.521s][info][gc,heap     ] GC(1700) Humongous regions: 5->5
[2024-05-30T13:06:51.102+0000][9150.521s][info][gc,metaspace] GC(1700) Metaspace: 433608K(439808K)->433608K(439808K) NonClass: 379533K(382976K)->379533K(382976K) Class: 54075K(56832K)->54075K(56832K)
[2024-05-30T13:06:51.102+0000][9150.521s][info][gc          ] GC(1700) Pause Young (Normal) (G1 Evacuation Pause) 9634M->2807M(12288M) 17.508ms
[2024-05-30T13:06:51.102+0000][9150.521s][info][gc,cpu      ] GC(1700) User=0.10s Sys=0.00s Real=0.02s
[2024-05-30T13:06:56.176+0000][9155.595s][info][gc,start    ] GC(1701) Pause Young (Normal) (G1 Evacuation Pause)
[2024-05-30T13:06:56.176+0000][9155.595s][info][gc,task     ] GC(1701) Using 6 workers of 6 for evacuation
[2024-05-30T13:06:56.208+0000][9155.627s][info][gc,phases   ] GC(1701)   Pre Evacuate Collection Set: 0.2ms
[2024-05-30T13:06:56.208+0000][9155.627s][info][gc,phases   ] GC(1701)   Merge Heap Roots: 0.3ms
[2024-05-30T13:06:56.208+0000][9155.627s][info][gc,phases   ] GC(1701)   Evacuate Collection Set: 29.2ms
[2024-05-30T13:06:56.208+0000][9155.627s][info][gc,phases   ] GC(1701)   Post Evacuate Collection Set: 2.3ms
[2024-05-30T13:06:56.208+0000][9155.627s][info][gc,phases   ] GC(1701)   Other: 0.2ms
[2024-05-30T13:06:56.208+0000][9155.627s][info][gc,heap     ] GC(1701) Eden regions: 853->0(845)
[2024-05-30T13:06:56.208+0000][9155.627s][info][gc,heap     ] GC(1701) Survivor regions: 6->12(108)
[2024-05-30T13:06:56.208+0000][9155.627s][info][gc,heap     ] GC(1701) Old regions: 340->340
[2024-05-30T13:06:56.208+0000][9155.627s][info][gc,heap     ] GC(1701) Archive regions: 2->2
[2024-05-30T13:06:56.208+0000][9155.627s][info][gc,heap     ] GC(1701) Humongous regions: 5->5
[2024-05-30T13:06:56.208+0000][9155.627s][info][gc,metaspace] GC(1701) Metaspace: 433608K(439808K)->433608K(439808K) NonClass: 379533K(382976K)->379533K(382976K) Class: 54075K(56832K)->54075K(56832K)
[2024-05-30T13:06:56.208+0000][9155.627s][info][gc          ] GC(1701) Pause Young (Normal) (G1 Evacuation Pause) 9631M->2855M(12288M) 32.231ms
[2024-05-30T13:06:56.208+0000][9155.627s][info][gc,cpu      ] GC(1701) User=0.19s Sys=0.00s Real=0.03s
[2024-05-30T13:07:01.276+0000][9160.695s][info][gc,start    ] GC(1702) Pause Young (Concurrent Start) (G1 Evacuation Pause)
[2024-05-30T13:07:01.276+0000][9160.695s][info][gc,task     ] GC(1702) Using 6 workers of 6 for evacuation
[2024-05-30T13:07:01.311+0000][9160.730s][info][gc,phases   ] GC(1702)   Pre Evacuate Collection Set: 0.6ms
[2024-05-30T13:07:01.311+0000][9160.730s][info][gc,phases   ] GC(1702)   Merge Heap Roots: 0.3ms
[2024-05-30T13:07:01.311+0000][9160.730s][info][gc,phases   ] GC(1702)   Evacuate Collection Set: 32.3ms
[2024-05-30T13:07:01.311+0000][9160.730s][info][gc,phases   ] GC(1702)   Post Evacuate Collection Set: 1.8ms
[2024-05-30T13:07:01.311+0000][9160.730s][info][gc,phases   ] GC(1702)   Other: 0.3ms
[2024-05-30T13:07:01.311+0000][9160.730s][info][gc,heap     ] GC(1702) Eden regions: 845->0(846)
[2024-05-30T13:07:01.311+0000][9160.730s][info][gc,heap     ] GC(1702) Survivor regions: 12->13(108)
[2024-05-30T13:07:01.311+0000][9160.730s][info][gc,heap     ] GC(1702) Old regions: 340->340
[2024-05-30T13:07:01.311+0000][9160.730s][info][gc,heap     ] GC(1702) Archive regions: 2->2
[2024-05-30T13:07:01.311+0000][9160.730s][info][gc,heap     ] GC(1702) Humongous regions: 5->5
[2024-05-30T13:07:01.311+0000][9160.730s][info][gc,metaspace] GC(1702) Metaspace: 433608K(439808K)->433608K(439808K) NonClass: 379533K(382976K)->379533K(382976K) Class: 54075K(56832K)->54075K(56832K)
[2024-05-30T13:07:01.311+0000][9160.730s][info][gc          ] GC(1702) Pause Young (Concurrent Start) (G1 Evacuation Pause) 9615M->2860M(12288M) 35.338ms
[2024-05-30T13:07:01.311+0000][9160.730s][info][gc,cpu      ] GC(1702) User=0.21s Sys=0.00s Real=0.04s
[2024-05-30T13:07:01.311+0000][9160.730s][info][gc          ] GC(1703) Concurrent Mark Cycle
[2024-05-30T13:07:01.311+0000][9160.730s][info][gc,marking  ] GC(1703) Concurrent Clear Claimed Marks
[2024-05-30T13:07:01.312+0000][9160.731s][info][gc,marking  ] GC(1703) Concurrent Clear Claimed Marks 0.449ms
[2024-05-30T13:07:01.312+0000][9160.731s][info][gc,marking  ] GC(1703) Concurrent Scan Root Regions
[2024-05-30T13:07:01.338+0000][9160.757s][info][gc,marking  ] GC(1703) Concurrent Scan Root Regions 25.876ms
[2024-05-30T13:07:01.338+0000][9160.757s][info][gc,marking  ] GC(1703) Concurrent Mark
[2024-05-30T13:07:01.338+0000][9160.757s][info][gc,marking  ] GC(1703) Concurrent Mark From Roots
[2024-05-30T13:07:01.338+0000][9160.757s][info][gc,task     ] GC(1703) Using 2 workers of 2 for marking
[2024-05-30T13:07:03.737+0000][9163.156s][info][gc,marking  ] GC(1703) Concurrent Mark From Roots 2399.022ms
[2024-05-30T13:07:03.737+0000][9163.156s][info][gc,marking  ] GC(1703) Concurrent Preclean
[2024-05-30T13:07:03.738+0000][9163.157s][info][gc,marking  ] GC(1703) Concurrent Preclean 0.944ms
[2024-05-30T13:07:03.738+0000][9163.157s][info][gc,start    ] GC(1703) Pause Remark
[2024-05-30T13:07:03.762+0000][9163.181s][info][gc          ] GC(1703) Pause Remark 5764M->5764M(12288M) 24.015ms
[2024-05-30T13:07:03.762+0000][9163.181s][info][gc,cpu      ] GC(1703) User=0.10s Sys=0.00s Real=0.02s
[2024-05-30T13:07:03.762+0000][9163.181s][info][gc,marking  ] GC(1703) Concurrent Mark 2424.374ms
[2024-05-30T13:07:03.762+0000][9163.181s][info][gc,marking  ] GC(1703) Concurrent Rebuild Remembered Sets
[2024-05-30T13:07:05.032+0000][9164.451s][info][gc,marking  ] GC(1703) Concurrent Rebuild Remembered Sets 1269.580ms
[2024-05-30T13:07:05.032+0000][9164.451s][info][gc,start    ] GC(1703) Pause Cleanup
[2024-05-30T13:07:05.032+0000][9164.452s][info][gc          ] GC(1703) Pause Cleanup 7296M->7296M(12288M) 0.677ms
[2024-05-30T13:07:05.032+0000][9164.452s][info][gc,cpu      ] GC(1703) User=0.00s Sys=0.00s Real=0.00s
[2024-05-30T13:07:05.033+0000][9164.452s][info][gc,marking  ] GC(1703) Concurrent Cleanup for Next Mark
[2024-05-30T13:07:05.050+0000][9164.469s][info][gc,marking  ] GC(1703) Concurrent Cleanup for Next Mark 17.366ms
[2024-05-30T13:07:05.050+0000][9164.469s][info][gc          ] GC(1703) Concurrent Mark Cycle 3738.865ms
[2024-05-30T13:07:06.823+0000][9166.242s][info][gc,start    ] GC(1704) Pause Young (Prepare Mixed) (G1 Evacuation Pause)
[2024-05-30T13:07:06.823+0000][9166.242s][info][gc,task     ] GC(1704) Using 6 workers of 6 for evacuation
[2024-05-30T13:07:06.871+0000][9166.291s][info][gc,phases   ] GC(1704)   Pre Evacuate Collection Set: 0.2ms
[2024-05-30T13:07:06.871+0000][9166.291s][info][gc,phases   ] GC(1704)   Merge Heap Roots: 0.4ms
[2024-05-30T13:07:06.871+0000][9166.291s][info][gc,phases   ] GC(1704)   Evacuate Collection Set: 45.4ms
[2024-05-30T13:07:06.871+0000][9166.291s][info][gc,phases   ] GC(1704)   Post Evacuate Collection Set: 2.0ms
[2024-05-30T13:07:06.871+0000][9166.291s][info][gc,phases   ] GC(1704)   Other: 0.2ms
[2024-05-30T13:07:06.871+0000][9166.291s][info][gc,heap     ] GC(1704) Eden regions: 846->0(58)
[2024-05-30T13:07:06.871+0000][9166.291s][info][gc,heap     ] GC(1704) Survivor regions: 13->18(108)
[2024-05-30T13:07:06.871+0000][9166.291s][info][gc,heap     ] GC(1704) Old regions: 340->340
[2024-05-30T13:07:06.871+0000][9166.291s][info][gc,heap     ] GC(1704) Archive regions: 2->2
[2024-05-30T13:07:06.871+0000][9166.291s][info][gc,heap     ] GC(1704) Humongous regions: 5->5
[2024-05-30T13:07:06.871+0000][9166.291s][info][gc,metaspace] GC(1704) Metaspace: 433608K(439808K)->433608K(439808K) NonClass: 379533K(382976K)->379533K(382976K) Class: 54075K(56832K)->54075K(56832K)
[2024-05-30T13:07:06.871+0000][9166.291s][info][gc          ] GC(1704) Pause Young (Prepare Mixed) (G1 Evacuation Pause) 9628M->2901M(12288M) 48.245ms
[2024-05-30T13:07:06.871+0000][9166.291s][info][gc,cpu      ] GC(1704) User=0.28s Sys=0.00s Real=0.05s
[2024-05-30T13:07:07.212+0000][9166.631s][info][gc,start    ] GC(1705) Pause Young (Mixed) (G1 Evacuation Pause)
[2024-05-30T13:07:07.212+0000][9166.631s][info][gc,task     ] GC(1705) Using 6 workers of 6 for evacuation
[2024-05-30T13:07:07.283+0000][9166.702s][info][gc,phases   ] GC(1705)   Pre Evacuate Collection Set: 0.2ms
[2024-05-30T13:07:07.283+0000][9166.702s][info][gc,phases   ] GC(1705)   Merge Heap Roots: 0.3ms
[2024-05-30T13:07:07.283+0000][9166.702s][info][gc,phases   ] GC(1705)   Evacuate Collection Set: 69.2ms
[2024-05-30T13:07:07.283+0000][9166.702s][info][gc,phases   ] GC(1705)   Post Evacuate Collection Set: 1.3ms
[2024-05-30T13:07:07.283+0000][9166.702s][info][gc,phases   ] GC(1705)   Other: 0.2ms
[2024-05-30T13:07:07.283+0000][9166.702s][info][gc,heap     ] GC(1705) Eden regions: 58->0(851)
[2024-05-30T13:07:07.283+0000][9166.702s][info][gc,heap     ] GC(1705) Survivor regions: 18->3(10)
[2024-05-30T13:07:07.283+0000][9166.702s][info][gc,heap     ] GC(1705) Old regions: 340->344
[2024-05-30T13:07:07.283+0000][9166.702s][info][gc,heap     ] GC(1705) Archive regions: 2->2
[2024-05-30T13:07:07.283+0000][9166.702s][info][gc,heap     ] GC(1705) Humongous regions: 5->5
[2024-05-30T13:07:07.283+0000][9166.702s][info][gc,metaspace] GC(1705) Metaspace: 433608K(439808K)->433608K(439808K) NonClass: 379533K(382976K)->379533K(382976K) Class: 54075K(56832K)->54075K(56832K)
[2024-05-30T13:07:07.283+0000][9166.702s][info][gc          ] GC(1705) Pause Young (Mixed) (G1 Evacuation Pause) 3365M->2816M(12288M) 71.189ms
[2024-05-30T13:07:07.283+0000][9166.702s][info][gc,cpu      ] GC(1705) User=0.43s Sys=0.00s Real=0.07s
[2024-05-30T13:07:12.401+0000][9171.820s][info][gc,start    ] GC(1706) Pause Young (Normal) (G1 Evacuation Pause)
[2024-05-30T13:07:12.401+0000][9171.820s][info][gc,task     ] GC(1706) Using 6 workers of 6 for evacuation
[2024-05-30T13:07:12.420+0000][9171.839s][info][gc,phases   ] GC(1706)   Pre Evacuate Collection Set: 0.2ms
[2024-05-30T13:07:12.420+0000][9171.839s][info][gc,phases   ] GC(1706)   Merge Heap Roots: 0.3ms
[2024-05-30T13:07:12.420+0000][9171.839s][info][gc,phases   ] GC(1706)   Evacuate Collection Set: 17.0ms
[2024-05-30T13:07:12.420+0000][9171.839s][info][gc,phases   ] GC(1706)   Post Evacuate Collection Set: 2.0ms
[2024-05-30T13:07:12.420+0000][9171.839s][info][gc,phases   ] GC(1706)   Other: 0.2ms
[2024-05-30T13:07:12.420+0000][9171.839s][info][gc,heap     ] GC(1706) Eden regions: 851->0(845)
[2024-05-30T13:07:12.420+0000][9171.839s][info][gc,heap     ] GC(1706) Survivor regions: 3->8(107)
[2024-05-30T13:07:12.420+0000][9171.839s][info][gc,heap     ] GC(1706) Old regions: 344->344
[2024-05-30T13:07:12.420+0000][9171.839s][info][gc,heap     ] GC(1706) Archive regions: 2->2
[2024-05-30T13:07:12.420+0000][9171.839s][info][gc,heap     ] GC(1706) Humongous regions: 5->5
[2024-05-30T13:07:12.420+0000][9171.839s][info][gc,metaspace] GC(1706) Metaspace: 433608K(439808K)->433608K(439808K) NonClass: 379533K(382976K)->379533K(382976K) Class: 54075K(56832K)->54075K(56832K)
[2024-05-30T13:07:12.420+0000][9171.840s][info][gc          ] GC(1706) Pause Young (Normal) (G1 Evacuation Pause) 9624M->2856M(12288M) 19.710ms
[2024-05-30T13:07:12.420+0000][9171.840s][info][gc,cpu      ] GC(1706) User=0.11s Sys=0.00s Real=0.02s
[2024-05-30T13:07:17.566+0000][9176.985s][info][gc,start    ] GC(1707) Pause Young (Normal) (G1 Evacuation Pause)
[2024-05-30T13:07:17.566+0000][9176.985s][info][gc,task     ] GC(1707) Using 6 workers of 6 for evacuation
[2024-05-30T13:07:17.594+0000][9177.014s][info][gc,phases   ] GC(1707)   Pre Evacuate Collection Set: 0.2ms
[2024-05-30T13:07:17.594+0000][9177.014s][info][gc,phases   ] GC(1707)   Merge Heap Roots: 0.3ms
[2024-05-30T13:07:17.594+0000][9177.014s][info][gc,phases   ] GC(1707)   Evacuate Collection Set: 26.0ms
[2024-05-30T13:07:17.594+0000][9177.014s][info][gc,phases   ] GC(1707)   Post Evacuate Collection Set: 1.9ms
[2024-05-30T13:07:17.594+0000][9177.014s][info][gc,phases   ] GC(1707)   Other: 0.2ms
[2024-05-30T13:07:17.594+0000][9177.014s][info][gc,heap     ] GC(1707) Eden regions: 845->0(839)
[2024-05-30T13:07:17.594+0000][9177.014s][info][gc,heap     ] GC(1707) Survivor regions: 8->13(107)
[2024-05-30T13:07:17.594+0000][9177.014s][info][gc,heap     ] GC(1707) Old regions: 344->344
[2024-05-30T13:07:17.594+0000][9177.014s][info][gc,heap     ] GC(1707) Archive regions: 2->2
[2024-05-30T13:07:17.594+0000][9177.014s][info][gc,heap     ] GC(1707) Humongous regions: 5->5
[2024-05-30T13:07:17.594+0000][9177.014s][info][gc,metaspace] GC(1707) Metaspace: 433608K(439808K)->433608K(439808K) NonClass: 379533K(382976K)->379533K(382976K) Class: 54075K(56832K)->54075K(56832K)
[2024-05-30T13:07:17.595+0000][9177.014s][info][gc          ] GC(1707) Pause Young (Normal) (G1 Evacuation Pause) 9616M->2890M(12288M) 28.738ms
[2024-05-30T13:07:17.595+0000][9177.014s][info][gc,cpu      ] GC(1707) User=0.17s Sys=0.00s Real=0.03s
[2024-05-30T13:07:22.567+0000][9181.986s][info][gc,start    ] GC(1708) Pause Young (Concurrent Start) (G1 Evacuation Pause)
[2024-05-30T13:07:22.567+0000][9181.986s][info][gc,task     ] GC(1708) Using 6 workers of 6 for evacuation
[2024-05-30T13:07:22.603+0000][9182.023s][info][gc,phases   ] GC(1708)   Pre Evacuate Collection Set: 0.6ms
[2024-05-30T13:07:22.604+0000][9182.023s][info][gc,phases   ] GC(1708)   Merge Heap Roots: 0.3ms
[2024-05-30T13:07:22.604+0000][9182.023s][info][gc,phases   ] GC(1708)   Evacuate Collection Set: 33.7ms
[2024-05-30T13:07:22.604+0000][9182.023s][info][gc,phases   ] GC(1708)   Post Evacuate Collection Set: 2.1ms
[2024-05-30T13:07:22.604+0000][9182.023s][info][gc,phases   ] GC(1708)   Other: 0.3ms
[2024-05-30T13:07:22.604+0000][9182.023s][info][gc,heap     ] GC(1708) Eden regions: 839->0(839)
[2024-05-30T13:07:22.604+0000][9182.023s][info][gc,heap     ] GC(1708) Survivor regions: 13->15(107)
[2024-05-30T13:07:22.604+0000][9182.023s][info][gc,heap     ] GC(1708) Old regions: 344->344
[2024-05-30T13:07:22.604+0000][9182.023s][info][gc,heap     ] GC(1708) Archive regions: 2->2
[2024-05-30T13:07:22.604+0000][9182.023s][info][gc,heap     ] GC(1708) Humongous regions: 5->5
[2024-05-30T13:07:22.604+0000][9182.023s][info][gc,metaspace] GC(1708) Metaspace: 433608K(439808K)->433608K(439808K) NonClass: 379533K(382976K)->379533K(382976K) Class: 54075K(56832K)->54075K(56832K)
[2024-05-30T13:07:22.604+0000][9182.023s][info][gc          ] GC(1708) Pause Young (Concurrent Start) (G1 Evacuation Pause) 9602M->2907M(12288M) 37.013ms
[2024-05-30T13:07:22.604+0000][9182.023s][info][gc,cpu      ] GC(1708) User=0.21s Sys=0.00s Real=0.04s
[2024-05-30T13:07:22.604+0000][9182.023s][info][gc          ] GC(1709) Concurrent Mark Cycle
[2024-05-30T13:07:22.604+0000][9182.023s][info][gc,marking  ] GC(1709) Concurrent Clear Claimed Marks
[2024-05-30T13:07:22.604+0000][9182.023s][info][gc,marking  ] GC(1709) Concurrent Clear Claimed Marks 0.445ms
[2024-05-30T13:07:22.604+0000][9182.023s][info][gc,marking  ] GC(1709) Concurrent Scan Root Regions
[2024-05-30T13:07:22.631+0000][9182.051s][info][gc,marking  ] GC(1709) Concurrent Scan Root Regions 27.295ms
[2024-05-30T13:07:22.632+0000][9182.051s][info][gc,marking  ] GC(1709) Concurrent Mark
[2024-05-30T13:07:22.632+0000][9182.051s][info][gc,marking  ] GC(1709) Concurrent Mark From Roots
[2024-05-30T13:07:22.632+0000][9182.051s][info][gc,task     ] GC(1709) Using 2 workers of 2 for marking
[2024-05-30T13:07:25.199+0000][9184.618s][info][gc,marking  ] GC(1709) Concurrent Mark From Roots 2567.296ms
[2024-05-30T13:07:25.199+0000][9184.618s][info][gc,marking  ] GC(1709) Concurrent Preclean
[2024-05-30T13:07:25.200+0000][9184.619s][info][gc,marking  ] GC(1709) Concurrent Preclean 0.913ms
[2024-05-30T13:07:25.200+0000][9184.619s][info][gc,start    ] GC(1709) Pause Remark
[2024-05-30T13:07:25.224+0000][9184.643s][info][gc          ] GC(1709) Pause Remark 6019M->6019M(12288M) 23.870ms
[2024-05-30T13:07:25.224+0000][9184.643s][info][gc,cpu      ] GC(1709) User=0.10s Sys=0.00s Real=0.02s
[2024-05-30T13:07:25.224+0000][9184.643s][info][gc,marking  ] GC(1709) Concurrent Mark 2592.440ms
[2024-05-30T13:07:25.224+0000][9184.643s][info][gc,marking  ] GC(1709) Concurrent Rebuild Remembered Sets
[2024-05-30T13:07:26.684+0000][9186.103s][info][gc,marking  ] GC(1709) Concurrent Rebuild Remembered Sets 1460.203ms
[2024-05-30T13:07:26.684+0000][9186.104s][info][gc,start    ] GC(1709) Pause Cleanup
[2024-05-30T13:07:26.685+0000][9186.104s][info][gc          ] GC(1709) Pause Cleanup 7807M->7807M(12288M) 0.591ms
[2024-05-30T13:07:26.685+0000][9186.104s][info][gc,cpu      ] GC(1709) User=0.00s Sys=0.00s Real=0.00s
[2024-05-30T13:07:26.685+0000][9186.104s][info][gc,marking  ] GC(1709) Concurrent Cleanup for Next Mark
[2024-05-30T13:07:26.703+0000][9186.123s][info][gc,marking  ] GC(1709) Concurrent Cleanup for Next Mark 18.191ms
[2024-05-30T13:07:26.703+0000][9186.123s][info][gc          ] GC(1709) Concurrent Mark Cycle 4099.666ms
[2024-05-30T13:07:28.036+0000][9187.455s][info][gc,start    ] GC(1710) Pause Young (Prepare Mixed) (G1 Evacuation Pause)
[2024-05-30T13:07:28.036+0000][9187.455s][info][gc,task     ] GC(1710) Using 6 workers of 6 for evacuation
[2024-05-30T13:07:28.087+0000][9187.506s][info][gc,phases   ] GC(1710)   Pre Evacuate Collection Set: 0.2ms
[2024-05-30T13:07:28.087+0000][9187.506s][info][gc,phases   ] GC(1710)   Merge Heap Roots: 0.4ms
[2024-05-30T13:07:28.087+0000][9187.506s][info][gc,phases   ] GC(1710)   Evacuate Collection Set: 47.4ms
[2024-05-30T13:07:28.087+0000][9187.506s][info][gc,phases   ] GC(1710)   Post Evacuate Collection Set: 2.4ms
[2024-05-30T13:07:28.087+0000][9187.506s][info][gc,phases   ] GC(1710)   Other: 0.2ms
[2024-05-30T13:07:28.087+0000][9187.506s][info][gc,heap     ] GC(1710) Eden regions: 839->0(58)
[2024-05-30T13:07:28.087+0000][9187.506s][info][gc,heap     ] GC(1710) Survivor regions: 15->18(107)
[2024-05-30T13:07:28.087+0000][9187.506s][info][gc,heap     ] GC(1710) Old regions: 344->344
[2024-05-30T13:07:28.087+0000][9187.506s][info][gc,heap     ] GC(1710) Archive regions: 2->2
[2024-05-30T13:07:28.087+0000][9187.506s][info][gc,heap     ] GC(1710) Humongous regions: 5->5
[2024-05-30T13:07:28.087+0000][9187.506s][info][gc,metaspace] GC(1710) Metaspace: 433608K(439808K)->433608K(439808K) NonClass: 379533K(382976K)->379533K(382976K) Class: 54075K(56832K)->54075K(56832K)
[2024-05-30T13:07:28.087+0000][9187.506s][info][gc          ] GC(1710) Pause Young (Prepare Mixed) (G1 Evacuation Pause) 9619M->2936M(12288M) 50.660ms
[2024-05-30T13:07:28.087+0000][9187.506s][info][gc,cpu      ] GC(1710) User=0.29s Sys=0.01s Real=0.05s
[2024-05-30T13:07:28.475+0000][9187.894s][info][gc,start    ] GC(1711) Pause Young (Mixed) (G1 Evacuation Pause)
[2024-05-30T13:07:28.475+0000][9187.895s][info][gc,task     ] GC(1711) Using 6 workers of 6 for evacuation
[2024-05-30T13:07:28.555+0000][9187.975s][info][gc,phases   ] GC(1711)   Pre Evacuate Collection Set: 0.2ms
[2024-05-30T13:07:28.555+0000][9187.975s][info][gc,phases   ] GC(1711)   Merge Heap Roots: 0.4ms
[2024-05-30T13:07:28.555+0000][9187.975s][info][gc,phases   ] GC(1711)   Evacuate Collection Set: 78.1ms
[2024-05-30T13:07:28.555+0000][9187.975s][info][gc,phases   ] GC(1711)   Post Evacuate Collection Set: 1.3ms
[2024-05-30T13:07:28.555+0000][9187.975s][info][gc,phases   ] GC(1711)   Other: 0.2ms
[2024-05-30T13:07:28.555+0000][9187.975s][info][gc,heap     ] GC(1711) Eden regions: 58->0(844)
[2024-05-30T13:07:28.555+0000][9187.975s][info][gc,heap     ] GC(1711) Survivor regions: 18->3(10)
[2024-05-30T13:07:28.555+0000][9187.975s][info][gc,heap     ] GC(1711) Old regions: 344->351
[2024-05-30T13:07:28.555+0000][9187.975s][info][gc,heap     ] GC(1711) Archive regions: 2->2
[2024-05-30T13:07:28.555+0000][9187.975s][info][gc,heap     ] GC(1711) Humongous regions: 5->5
[2024-05-30T13:07:28.555+0000][9187.975s][info][gc,metaspace] GC(1711) Metaspace: 433608K(439808K)->433608K(439808K) NonClass: 379533K(382976K)->379533K(382976K) Class: 54075K(56832K)->54075K(56832K)
[2024-05-30T13:07:28.555+0000][9187.975s][info][gc          ] GC(1711) Pause Young (Mixed) (G1 Evacuation Pause) 3400M->2870M(12288M) 80.246ms
[2024-05-30T13:07:28.556+0000][9187.975s][info][gc,cpu      ] GC(1711) User=0.47s Sys=0.00s Real=0.08s
[2024-05-30T13:07:33.569+0000][9192.989s][info][gc,start    ] GC(1712) Pause Young (Normal) (G1 Evacuation Pause)
[2024-05-30T13:07:33.569+0000][9192.989s][info][gc,task     ] GC(1712) Using 6 workers of 6 for evacuation
[2024-05-30T13:07:33.589+0000][9193.008s][info][gc,phases   ] GC(1712)   Pre Evacuate Collection Set: 0.2ms
[2024-05-30T13:07:33.589+0000][9193.008s][info][gc,phases   ] GC(1712)   Merge Heap Roots: 0.3ms
[2024-05-30T13:07:33.589+0000][9193.008s][info][gc,phases   ] GC(1712)   Evacuate Collection Set: 16.8ms
[2024-05-30T13:07:33.589+0000][9193.008s][info][gc,phases   ] GC(1712)   Post Evacuate Collection Set: 2.0ms
[2024-05-30T13:07:33.589+0000][9193.008s][info][gc,phases   ] GC(1712)   Other: 0.2ms
[2024-05-30T13:07:33.589+0000][9193.008s][info][gc,heap     ] GC(1712) Eden regions: 844->0(840)
[2024-05-30T13:07:33.589+0000][9193.008s][info][gc,heap     ] GC(1712) Survivor regions: 3->7(106)
[2024-05-30T13:07:33.589+0000][9193.008s][info][gc,heap     ] GC(1712) Old regions: 351->351
[2024-05-30T13:07:33.589+0000][9193.008s][info][gc,heap     ] GC(1712) Archive regions: 2->2
[2024-05-30T13:07:33.589+0000][9193.008s][info][gc,heap     ] GC(1712) Humongous regions: 5->5
[2024-05-30T13:07:33.589+0000][9193.008s][info][gc,metaspace] GC(1712) Metaspace: 433609K(439808K)->433609K(439808K) NonClass: 379534K(382976K)->379534K(382976K) Class: 54075K(56832K)->54075K(56832K)
[2024-05-30T13:07:33.589+0000][9193.008s][info][gc          ] GC(1712) Pause Young (Normal) (G1 Evacuation Pause) 9622M->2899M(12288M) 19.471ms
[2024-05-30T13:07:33.589+0000][9193.008s][info][gc,cpu      ] GC(1712) User=0.12s Sys=0.00s Real=0.02s
[2024-05-30T13:07:38.530+0000][9197.949s][info][gc,start    ] GC(1713) Pause Young (Normal) (G1 Evacuation Pause)
[2024-05-30T13:07:38.530+0000][9197.949s][info][gc,task     ] GC(1713) Using 6 workers of 6 for evacuation
[2024-05-30T13:07:38.557+0000][9197.976s][info][gc,phases   ] GC(1713)   Pre Evacuate Collection Set: 0.2ms
[2024-05-30T13:07:38.557+0000][9197.976s][info][gc,phases   ] GC(1713)   Merge Heap Roots: 0.3ms
[2024-05-30T13:07:38.557+0000][9197.976s][info][gc,phases   ] GC(1713)   Evacuate Collection Set: 24.5ms
[2024-05-30T13:07:38.557+0000][9197.976s][info][gc,phases   ] GC(1713)   Post Evacuate Collection Set: 2.0ms
[2024-05-30T13:07:38.557+0000][9197.976s][info][gc,phases   ] GC(1713)   Other: 0.2ms
[2024-05-30T13:07:38.557+0000][9197.976s][info][gc,heap     ] GC(1713) Eden regions: 840->0(836)
[2024-05-30T13:07:38.557+0000][9197.976s][info][gc,heap     ] GC(1713) Survivor regions: 7->10(106)
[2024-05-30T13:07:38.557+0000][9197.976s][info][gc,heap     ] GC(1713) Old regions: 351->351
[2024-05-30T13:07:38.557+0000][9197.976s][info][gc,heap     ] GC(1713) Archive regions: 2->2
[2024-05-30T13:07:38.557+0000][9197.976s][info][gc,heap     ] GC(1713) Humongous regions: 5->5
[2024-05-30T13:07:38.557+0000][9197.976s][info][gc,metaspace] GC(1713) Metaspace: 433609K(439808K)->433609K(439808K) NonClass: 379534K(382976K)->379534K(382976K) Class: 54075K(56832K)->54075K(56832K)
[2024-05-30T13:07:38.557+0000][9197.976s][info][gc          ] GC(1713) Pause Young (Normal) (G1 Evacuation Pause) 9619M->2926M(12288M) 27.273ms
[2024-05-30T13:07:38.557+0000][9197.976s][info][gc,cpu      ] GC(1713) User=0.16s Sys=0.00s Real=0.03s
[2024-05-30T13:07:43.597+0000][9203.016s][info][gc,start    ] GC(1714) Pause Young (Concurrent Start) (G1 Evacuation Pause)
[2024-05-30T13:07:43.597+0000][9203.016s][info][gc,task     ] GC(1714) Using 6 workers of 6 for evacuation
[2024-05-30T13:07:43.633+0000][9203.053s][info][gc,phases   ] GC(1714)   Pre Evacuate Collection Set: 0.6ms
[2024-05-30T13:07:43.633+0000][9203.053s][info][gc,phases   ] GC(1714)   Merge Heap Roots: 0.3ms
[2024-05-30T13:07:43.633+0000][9203.053s][info][gc,phases   ] GC(1714)   Evacuate Collection Set: 33.5ms
[2024-05-30T13:07:43.633+0000][9203.053s][info][gc,phases   ] GC(1714)   Post Evacuate Collection Set: 2.2ms
[2024-05-30T13:07:43.634+0000][9203.053s][info][gc,phases   ] GC(1714)   Other: 0.3ms
[2024-05-30T13:07:43.634+0000][9203.053s][info][gc,heap     ] GC(1714) Eden regions: 836->0(834)
[2024-05-30T13:07:43.634+0000][9203.053s][info][gc,heap     ] GC(1714) Survivor regions: 10->14(106)
[2024-05-30T13:07:43.634+0000][9203.053s][info][gc,heap     ] GC(1714) Old regions: 351->351
[2024-05-30T13:07:43.634+0000][9203.053s][info][gc,heap     ] GC(1714) Archive regions: 2->2
[2024-05-30T13:07:43.634+0000][9203.053s][info][gc,heap     ] GC(1714) Humongous regions: 5->5
[2024-05-30T13:07:43.634+0000][9203.053s][info][gc,metaspace] GC(1714) Metaspace: 433609K(439808K)->433609K(439808K) NonClass: 379534K(382976K)->379534K(382976K) Class: 54075K(56832K)->54075K(56832K)
[2024-05-30T13:07:43.634+0000][9203.053s][info][gc          ] GC(1714) Pause Young (Concurrent Start) (G1 Evacuation Pause) 9614M->2956M(12288M) 36.945ms
[2024-05-30T13:07:43.634+0000][9203.053s][info][gc,cpu      ] GC(1714) User=0.21s Sys=0.00s Real=0.03s
[2024-05-30T13:07:43.634+0000][9203.053s][info][gc          ] GC(1715) Concurrent Mark Cycle
[2024-05-30T13:07:43.634+0000][9203.053s][info][gc,marking  ] GC(1715) Concurrent Clear Claimed Marks
[2024-05-30T13:07:43.634+0000][9203.053s][info][gc,marking  ] GC(1715) Concurrent Clear Claimed Marks 0.446ms
[2024-05-30T13:07:43.634+0000][9203.053s][info][gc,marking  ] GC(1715) Concurrent Scan Root Regions
[2024-05-30T13:07:43.661+0000][9203.080s][info][gc,marking  ] GC(1715) Concurrent Scan Root Regions 26.823ms
[2024-05-30T13:07:43.661+0000][9203.080s][info][gc,marking  ] GC(1715) Concurrent Mark
[2024-05-30T13:07:43.661+0000][9203.080s][info][gc,marking  ] GC(1715) Concurrent Mark From Roots
[2024-05-30T13:07:43.661+0000][9203.080s][info][gc,task     ] GC(1715) Using 2 workers of 2 for marking
[2024-05-30T13:07:46.206+0000][9205.625s][info][gc,marking  ] GC(1715) Concurrent Mark From Roots 2544.647ms
[2024-05-30T13:07:46.206+0000][9205.625s][info][gc,marking  ] GC(1715) Concurrent Preclean
[2024-05-30T13:07:46.207+0000][9205.626s][info][gc,marking  ] GC(1715) Concurrent Preclean 1.034ms
[2024-05-30T13:07:46.207+0000][9205.626s][info][gc,start    ] GC(1715) Pause Remark
[2024-05-30T13:07:46.231+0000][9205.651s][info][gc          ] GC(1715) Pause Remark 6000M->6000M(12288M) 24.493ms
[2024-05-30T13:07:46.232+0000][9205.651s][info][gc,cpu      ] GC(1715) User=0.11s Sys=0.00s Real=0.03s
[2024-05-30T13:07:46.232+0000][9205.651s][info][gc,marking  ] GC(1715) Concurrent Mark 2570.703ms
[2024-05-30T13:07:46.232+0000][9205.651s][info][gc,marking  ] GC(1715) Concurrent Rebuild Remembered Sets
[2024-05-30T13:07:47.652+0000][9207.071s][info][gc,marking  ] GC(1715) Concurrent Rebuild Remembered Sets 1420.453ms
[2024-05-30T13:07:47.652+0000][9207.072s][info][gc,start    ] GC(1715) Pause Cleanup
[2024-05-30T13:07:47.653+0000][9207.072s][info][gc          ] GC(1715) Pause Cleanup 7848M->7848M(12288M) 0.564ms
[2024-05-30T13:07:47.653+0000][9207.072s][info][gc,cpu      ] GC(1715) User=0.00s Sys=0.00s Real=0.00s
[2024-05-30T13:07:47.653+0000][9207.072s][info][gc,marking  ] GC(1715) Concurrent Cleanup for Next Mark
[2024-05-30T13:07:47.671+0000][9207.090s][info][gc,marking  ] GC(1715) Concurrent Cleanup for Next Mark 17.528ms
[2024-05-30T13:07:47.671+0000][9207.090s][info][gc          ] GC(1715) Concurrent Mark Cycle 4037.051ms
[2024-05-30T13:07:49.040+0000][9208.459s][info][gc,start    ] GC(1716) Pause Young (Prepare Mixed) (G1 Evacuation Pause)
[2024-05-30T13:07:49.040+0000][9208.459s][info][gc,task     ] GC(1716) Using 6 workers of 6 for evacuation
[2024-05-30T13:07:49.085+0000][9208.504s][info][gc,phases   ] GC(1716)   Pre Evacuate Collection Set: 0.2ms
[2024-05-30T13:07:49.085+0000][9208.504s][info][gc,phases   ] GC(1716)   Merge Heap Roots: 0.4ms
[2024-05-30T13:07:49.085+0000][9208.504s][info][gc,phases   ] GC(1716)   Evacuate Collection Set: 41.6ms
[2024-05-30T13:07:49.085+0000][9208.504s][info][gc,phases   ] GC(1716)   Post Evacuate Collection Set: 2.1ms
[2024-05-30T13:07:49.085+0000][9208.504s][info][gc,phases   ] GC(1716)   Other: 0.2ms
[2024-05-30T13:07:49.085+0000][9208.504s][info][gc,heap     ] GC(1716) Eden regions: 834->0(60)
[2024-05-30T13:07:49.085+0000][9208.504s][info][gc,heap     ] GC(1716) Survivor regions: 14->16(106)
[2024-05-30T13:07:49.085+0000][9208.504s][info][gc,heap     ] GC(1716) Old regions: 351->351
[2024-05-30T13:07:49.085+0000][9208.504s][info][gc,heap     ] GC(1716) Archive regions: 2->2
[2024-05-30T13:07:49.085+0000][9208.504s][info][gc,heap     ] GC(1716) Humongous regions: 5->5
[2024-05-30T13:07:49.085+0000][9208.504s][info][gc,metaspace] GC(1716) Metaspace: 433609K(439808K)->433609K(439808K) NonClass: 379534K(382976K)->379534K(382976K) Class: 54075K(56832K)->54075K(56832K)
[2024-05-30T13:07:49.085+0000][9208.504s][info][gc          ] GC(1716) Pause Young (Prepare Mixed) (G1 Evacuation Pause) 9628M->2972M(12288M) 44.563ms
[2024-05-30T13:07:49.085+0000][9208.504s][info][gc,cpu      ] GC(1716) User=0.26s Sys=0.00s Real=0.04s
[2024-05-30T13:07:49.449+0000][9208.869s][info][gc,start    ] GC(1717) Pause Young (Mixed) (G1 Evacuation Pause)
[2024-05-30T13:07:49.449+0000][9208.869s][info][gc,task     ] GC(1717) Using 6 workers of 6 for evacuation
[2024-05-30T13:07:49.530+0000][9208.949s][info][gc,phases   ] GC(1717)   Pre Evacuate Collection Set: 0.2ms
[2024-05-30T13:07:49.530+0000][9208.949s][info][gc,phases   ] GC(1717)   Merge Heap Roots: 0.4ms
[2024-05-30T13:07:49.530+0000][9208.949s][info][gc,phases   ] GC(1717)   Evacuate Collection Set: 78.2ms
[2024-05-30T13:07:49.530+0000][9208.949s][info][gc,phases   ] GC(1717)   Post Evacuate Collection Set: 1.4ms
[2024-05-30T13:07:49.530+0000][9208.949s][info][gc,phases   ] GC(1717)   Other: 0.2ms
[2024-05-30T13:07:49.530+0000][9208.949s][info][gc,heap     ] GC(1717) Eden regions: 60->0(840)
[2024-05-30T13:07:49.530+0000][9208.949s][info][gc,heap     ] GC(1717) Survivor regions: 16->3(10)
[2024-05-30T13:07:49.530+0000][9208.949s][info][gc,heap     ] GC(1717) Old regions: 351->356
[2024-05-30T13:07:49.530+0000][9208.949s][info][gc,heap     ] GC(1717) Archive regions: 2->2
[2024-05-30T13:07:49.530+0000][9208.949s][info][gc,heap     ] GC(1717) Humongous regions: 5->5
[2024-05-30T13:07:49.530+0000][9208.949s][info][gc,metaspace] GC(1717) Metaspace: 433609K(439808K)->433609K(439808K) NonClass: 379534K(382976K)->379534K(382976K) Class: 54075K(56832K)->54075K(56832K)
[2024-05-30T13:07:49.530+0000][9208.949s][info][gc          ] GC(1717) Pause Young (Mixed) (G1 Evacuation Pause) 3452M->2912M(12288M) 80.405ms
[2024-05-30T13:07:49.530+0000][9208.949s][info][gc,cpu      ] GC(1717) User=0.48s Sys=0.00s Real=0.08s
[2024-05-30T13:07:54.570+0000][9213.989s][info][gc,start    ] GC(1718) Pause Young (Normal) (G1 Evacuation Pause)
[2024-05-30T13:07:54.570+0000][9213.989s][info][gc,task     ] GC(1718) Using 6 workers of 6 for evacuation
[2024-05-30T13:07:54.590+0000][9214.009s][info][gc,phases   ] GC(1718)   Pre Evacuate Collection Set: 0.2ms
[2024-05-30T13:07:54.590+0000][9214.009s][info][gc,phases   ] GC(1718)   Merge Heap Roots: 0.3ms
[2024-05-30T13:07:54.590+0000][9214.009s][info][gc,phases   ] GC(1718)   Evacuate Collection Set: 17.6ms
[2024-05-30T13:07:54.590+0000][9214.009s][info][gc,phases   ] GC(1718)   Post Evacuate Collection Set: 2.0ms
[2024-05-30T13:07:54.590+0000][9214.009s][info][gc,phases   ] GC(1718)   Other: 0.2ms
[2024-05-30T13:07:54.590+0000][9214.009s][info][gc,heap     ] GC(1718) Eden regions: 840->0(839)
[2024-05-30T13:07:54.590+0000][9214.009s][info][gc,heap     ] GC(1718) Survivor regions: 3->5(106)
[2024-05-30T13:07:54.590+0000][9214.009s][info][gc,heap     ] GC(1718) Old regions: 356->356
[2024-05-30T13:07:54.590+0000][9214.009s][info][gc,heap     ] GC(1718) Archive regions: 2->2
[2024-05-30T13:07:54.590+0000][9214.009s][info][gc,heap     ] GC(1718) Humongous regions: 5->5
[2024-05-30T13:07:54.590+0000][9214.009s][info][gc,metaspace] GC(1718) Metaspace: 433609K(439808K)->433609K(439808K) NonClass: 379534K(382976K)->379534K(382976K) Class: 54075K(56832K)->54075K(56832K)
[2024-05-30T13:07:54.590+0000][9214.009s][info][gc          ] GC(1718) Pause Young (Normal) (G1 Evacuation Pause) 9632M->2931M(12288M) 20.377ms
[2024-05-30T13:07:54.590+0000][9214.010s][info][gc,cpu      ] GC(1718) User=0.11s Sys=0.00s Real=0.02s
[2024-05-30T13:08:00.519+0000][9219.938s][info][gc,start    ] GC(1719) Pause Young (Normal) (G1 Evacuation Pause)
[2024-05-30T13:08:00.519+0000][9219.938s][info][gc,task     ] GC(1719) Using 6 workers of 6 for evacuation
[2024-05-30T13:08:00.547+0000][9219.966s][info][gc,phases   ] GC(1719)   Pre Evacuate Collection Set: 0.2ms
[2024-05-30T13:08:00.547+0000][9219.967s][info][gc,phases   ] GC(1719)   Merge Heap Roots: 0.3ms
[2024-05-30T13:08:00.547+0000][9219.967s][info][gc,phases   ] GC(1719)   Evacuate Collection Set: 26.0ms
[2024-05-30T13:08:00.547+0000][9219.967s][info][gc,phases   ] GC(1719)   Post Evacuate Collection Set: 2.0ms
[2024-05-30T13:08:00.547+0000][9219.967s][info][gc,phases   ] GC(1719)   Other: 0.2ms
[2024-05-30T13:08:00.547+0000][9219.967s][info][gc,heap     ] GC(1719) Eden regions: 839->0(832)
[2024-05-30T13:08:00.547+0000][9219.967s][info][gc,heap     ] GC(1719) Survivor regions: 5->11(106)
[2024-05-30T13:08:00.547+0000][9219.967s][info][gc,heap     ] GC(1719) Old regions: 356->356
[2024-05-30T13:08:00.547+0000][9219.967s][info][gc,heap     ] GC(1719) Archive regions: 2->2
[2024-05-30T13:08:00.547+0000][9219.967s][info][gc,heap     ] GC(1719) Humongous regions: 5->5
[2024-05-30T13:08:00.547+0000][9219.967s][info][gc,metaspace] GC(1719) Metaspace: 433612K(439808K)->433612K(439808K) NonClass: 379536K(382976K)->379536K(382976K) Class: 54075K(56832K)->54075K(56832K)
[2024-05-30T13:08:00.547+0000][9219.967s][info][gc          ] GC(1719) Pause Young (Normal) (G1 Evacuation Pause) 9643M->2973M(12288M) 28.786ms
[2024-05-30T13:08:00.547+0000][9219.967s][info][gc,cpu      ] GC(1719) User=0.17s Sys=0.00s Real=0.02s
[2024-05-30T13:08:09.894+0000][9229.313s][info][gc,start    ] GC(1720) Pause Young (Concurrent Start) (G1 Evacuation Pause)
[2024-05-30T13:08:09.894+0000][9229.313s][info][gc,task     ] GC(1720) Using 6 workers of 6 for evacuation
[2024-05-30T13:08:09.929+0000][9229.348s][info][gc,phases   ] GC(1720)   Pre Evacuate Collection Set: 0.6ms
[2024-05-30T13:08:09.929+0000][9229.348s][info][gc,phases   ] GC(1720)   Merge Heap Roots: 0.3ms
[2024-05-30T13:08:09.929+0000][9229.348s][info][gc,phases   ] GC(1720)   Evacuate Collection Set: 31.5ms
[2024-05-30T13:08:09.929+0000][9229.348s][info][gc,phases   ] GC(1720)   Post Evacuate Collection Set: 1.8ms
[2024-05-30T13:08:09.929+0000][9229.348s][info][gc,phases   ] GC(1720)   Other: 0.3ms
[2024-05-30T13:08:09.929+0000][9229.348s][info][gc,heap     ] GC(1720) Eden regions: 832->0(831)
[2024-05-30T13:08:09.929+0000][9229.348s][info][gc,heap     ] GC(1720) Survivor regions: 11->13(106)
[2024-05-30T13:08:09.929+0000][9229.348s][info][gc,heap     ] GC(1720) Old regions: 356->356
[2024-05-30T13:08:09.929+0000][9229.348s][info][gc,heap     ] GC(1720) Archive regions: 2->2
[2024-05-30T13:08:09.929+0000][9229.348s][info][gc,heap     ] GC(1720) Humongous regions: 5->5
[2024-05-30T13:08:09.929+0000][9229.348s][info][gc,metaspace] GC(1720) Metaspace: 433612K(439808K)->433612K(439808K) NonClass: 379536K(382976K)->379536K(382976K) Class: 54075K(56832K)->54075K(56832K)
[2024-05-30T13:08:09.929+0000][9229.348s][info][gc          ] GC(1720) Pause Young (Concurrent Start) (G1 Evacuation Pause) 9629M->2994M(12288M) 34.573ms
[2024-05-30T13:08:09.929+0000][9229.348s][info][gc,cpu      ] GC(1720) User=0.20s Sys=0.00s Real=0.04s
[2024-05-30T13:08:09.929+0000][9229.348s][info][gc          ] GC(1721) Concurrent Mark Cycle
[2024-05-30T13:08:09.929+0000][9229.348s][info][gc,marking  ] GC(1721) Concurrent Clear Claimed Marks
[2024-05-30T13:08:09.929+0000][9229.348s][info][gc,marking  ] GC(1721) Concurrent Clear Claimed Marks 0.443ms
[2024-05-30T13:08:09.929+0000][9229.348s][info][gc,marking  ] GC(1721) Concurrent Scan Root Regions
[2024-05-30T13:08:09.978+0000][9229.397s][info][gc,marking  ] GC(1721) Concurrent Scan Root Regions 48.591ms
[2024-05-30T13:08:09.978+0000][9229.397s][info][gc,marking  ] GC(1721) Concurrent Mark
[2024-05-30T13:08:09.978+0000][9229.397s][info][gc,marking  ] GC(1721) Concurrent Mark From Roots
[2024-05-30T13:08:09.978+0000][9229.397s][info][gc,task     ] GC(1721) Using 2 workers of 2 for marking
[2024-05-30T13:08:12.551+0000][9231.970s][info][gc,marking  ] GC(1721) Concurrent Mark From Roots 2573.225ms
[2024-05-30T13:08:12.551+0000][9231.970s][info][gc,marking  ] GC(1721) Concurrent Preclean
[2024-05-30T13:08:12.552+0000][9231.971s][info][gc,marking  ] GC(1721) Concurrent Preclean 0.945ms
[2024-05-30T13:08:12.552+0000][9231.972s][info][gc,start    ] GC(1721) Pause Remark
[2024-05-30T13:08:12.577+0000][9231.996s][info][gc          ] GC(1721) Pause Remark 4722M->4722M(12288M) 24.402ms
[2024-05-30T13:08:12.577+0000][9231.996s][info][gc,cpu      ] GC(1721) User=0.11s Sys=0.00s Real=0.03s
[2024-05-30T13:08:12.577+0000][9231.996s][info][gc,marking  ] GC(1721) Concurrent Mark 2599.036ms
[2024-05-30T13:08:12.577+0000][9231.996s][info][gc,marking  ] GC(1721) Concurrent Rebuild Remembered Sets
[2024-05-30T13:08:13.885+0000][9233.304s][info][gc,marking  ] GC(1721) Concurrent Rebuild Remembered Sets 1308.230ms
[2024-05-30T13:08:13.885+0000][9233.305s][info][gc,start    ] GC(1721) Pause Cleanup
[2024-05-30T13:08:13.886+0000][9233.305s][info][gc          ] GC(1721) Pause Cleanup 5622M->5622M(12288M) 0.603ms
[2024-05-30T13:08:13.886+0000][9233.305s][info][gc,cpu      ] GC(1721) User=0.00s Sys=0.00s Real=0.00s
[2024-05-30T13:08:13.886+0000][9233.305s][info][gc,marking  ] GC(1721) Concurrent Cleanup for Next Mark
[2024-05-30T13:08:13.903+0000][9233.322s][info][gc,marking  ] GC(1721) Concurrent Cleanup for Next Mark 16.871ms
[2024-05-30T13:08:13.903+0000][9233.322s][info][gc          ] GC(1721) Concurrent Mark Cycle 3974.257ms
[2024-05-30T13:08:19.401+0000][9238.821s][info][gc,start    ] GC(1722) Pause Young (Prepare Mixed) (G1 Evacuation Pause)
[2024-05-30T13:08:19.401+0000][9238.821s][info][gc,task     ] GC(1722) Using 6 workers of 6 for evacuation
[2024-05-30T13:08:19.439+0000][9238.859s][info][gc,phases   ] GC(1722)   Pre Evacuate Collection Set: 0.2ms
[2024-05-30T13:08:19.439+0000][9238.859s][info][gc,phases   ] GC(1722)   Merge Heap Roots: 0.3ms
[2024-05-30T13:08:19.439+0000][9238.859s][info][gc,phases   ] GC(1722)   Evacuate Collection Set: 35.7ms
[2024-05-30T13:08:19.439+0000][9238.859s][info][gc,phases   ] GC(1722)   Post Evacuate Collection Set: 1.8ms
[2024-05-30T13:08:19.439+0000][9238.859s][info][gc,phases   ] GC(1722)   Other: 0.2ms
[2024-05-30T13:08:19.439+0000][9238.859s][info][gc,heap     ] GC(1722) Eden regions: 831->0(62)
[2024-05-30T13:08:19.439+0000][9238.859s][info][gc,heap     ] GC(1722) Survivor regions: 13->14(106)
[2024-05-30T13:08:19.440+0000][9238.859s][info][gc,heap     ] GC(1722) Old regions: 356->356
[2024-05-30T13:08:19.440+0000][9238.859s][info][gc,heap     ] GC(1722) Archive regions: 2->2
[2024-05-30T13:08:19.440+0000][9238.859s][info][gc,heap     ] GC(1722) Humongous regions: 5->5
[2024-05-30T13:08:19.440+0000][9238.859s][info][gc,metaspace] GC(1722) Metaspace: 433615K(439808K)->433615K(439808K) NonClass: 379540K(382976K)->379540K(382976K) Class: 54075K(56832K)->54075K(56832K)
[2024-05-30T13:08:19.440+0000][9238.859s][info][gc          ] GC(1722) Pause Young (Prepare Mixed) (G1 Evacuation Pause) 9642M->3004M(12288M) 38.246ms
[2024-05-30T13:08:19.440+0000][9238.859s][info][gc,cpu      ] GC(1722) User=0.23s Sys=0.00s Real=0.04s
[2024-05-30T13:08:20.134+0000][9239.553s][info][gc,start    ] GC(1723) Pause Young (Mixed) (G1 Evacuation Pause)
[2024-05-30T13:08:20.134+0000][9239.553s][info][gc,task     ] GC(1723) Using 6 workers of 6 for evacuation
[2024-05-30T13:08:20.205+0000][9239.625s][info][gc,phases   ] GC(1723)   Pre Evacuate Collection Set: 0.2ms
[2024-05-30T13:08:20.205+0000][9239.625s][info][gc,phases   ] GC(1723)   Merge Heap Roots: 0.3ms
[2024-05-30T13:08:20.205+0000][9239.625s][info][gc,phases   ] GC(1723)   Evacuate Collection Set: 69.6ms
[2024-05-30T13:08:20.205+0000][9239.625s][info][gc,phases   ] GC(1723)   Post Evacuate Collection Set: 1.3ms
[2024-05-30T13:08:20.205+0000][9239.625s][info][gc,phases   ] GC(1723)   Other: 0.2ms
[2024-05-30T13:08:20.206+0000][9239.625s][info][gc,heap     ] GC(1723) Eden regions: 62->0(839)
[2024-05-30T13:08:20.206+0000][9239.625s][info][gc,heap     ] GC(1723) Survivor regions: 14->6(10)
[2024-05-30T13:08:20.206+0000][9239.625s][info][gc,heap     ] GC(1723) Old regions: 356->357
[2024-05-30T13:08:20.206+0000][9239.625s][info][gc,heap     ] GC(1723) Archive regions: 2->2
[2024-05-30T13:08:20.206+0000][9239.625s][info][gc,heap     ] GC(1723) Humongous regions: 5->5
[2024-05-30T13:08:20.206+0000][9239.625s][info][gc,metaspace] GC(1723) Metaspace: 433615K(439808K)->433615K(439808K) NonClass: 379540K(382976K)->379540K(382976K) Class: 54075K(56832K)->54075K(56832K)
[2024-05-30T13:08:20.206+0000][9239.625s][info][gc          ] GC(1723) Pause Young (Mixed) (G1 Evacuation Pause) 3500M->2939M(12288M) 71.699ms
[2024-05-30T13:08:20.206+0000][9239.625s][info][gc,cpu      ] GC(1723) User=0.43s Sys=0.00s Real=0.07s
[2024-05-30T13:08:29.645+0000][9249.064s][info][gc,start    ] GC(1724) Pause Young (Normal) (G1 Evacuation Pause)
[2024-05-30T13:08:29.645+0000][9249.064s][info][gc,task     ] GC(1724) Using 6 workers of 6 for evacuation
[2024-05-30T13:08:29.666+0000][9249.085s][info][gc,phases   ] GC(1724)   Pre Evacuate Collection Set: 0.2ms
[2024-05-30T13:08:29.666+0000][9249.085s][info][gc,phases   ] GC(1724)   Merge Heap Roots: 0.3ms
[2024-05-30T13:08:29.666+0000][9249.085s][info][gc,phases   ] GC(1724)   Evacuate Collection Set: 18.7ms
[2024-05-30T13:08:29.666+0000][9249.085s][info][gc,phases   ] GC(1724)   Post Evacuate Collection Set: 1.8ms
[2024-05-30T13:08:29.666+0000][9249.085s][info][gc,phases   ] GC(1724)   Other: 0.2ms
[2024-05-30T13:08:29.666+0000][9249.085s][info][gc,heap     ] GC(1724) Eden regions: 839->0(838)
[2024-05-30T13:08:29.666+0000][9249.085s][info][gc,heap     ] GC(1724) Survivor regions: 6->8(106)
[2024-05-30T13:08:29.666+0000][9249.085s][info][gc,heap     ] GC(1724) Old regions: 357->357
[2024-05-30T13:08:29.666+0000][9249.085s][info][gc,heap     ] GC(1724) Archive regions: 2->2
[2024-05-30T13:08:29.666+0000][9249.085s][info][gc,heap     ] GC(1724) Humongous regions: 5->5
[2024-05-30T13:08:29.666+0000][9249.085s][info][gc,metaspace] GC(1724) Metaspace: 433615K(439808K)->433615K(439808K) NonClass: 379540K(382976K)->379540K(382976K) Class: 54075K(56832K)->54075K(56832K)
[2024-05-30T13:08:29.666+0000][9249.085s][info][gc          ] GC(1724) Pause Young (Normal) (G1 Evacuation Pause) 9651M->2960M(12288M) 21.215ms
[2024-05-30T13:08:29.666+0000][9249.085s][info][gc,cpu      ] GC(1724) User=0.13s Sys=0.00s Real=0.02s
[2024-05-30T13:08:38.777+0000][9258.196s][info][gc,start    ] GC(1725) Pause Young (Normal) (G1 Evacuation Pause)
[2024-05-30T13:08:38.777+0000][9258.196s][info][gc,task     ] GC(1725) Using 6 workers of 6 for evacuation
[2024-05-30T13:08:38.801+0000][9258.220s][info][gc,phases   ] GC(1725)   Pre Evacuate Collection Set: 0.2ms
[2024-05-30T13:08:38.801+0000][9258.220s][info][gc,phases   ] GC(1725)   Merge Heap Roots: 0.2ms
[2024-05-30T13:08:38.801+0000][9258.220s][info][gc,phases   ] GC(1725)   Evacuate Collection Set: 22.3ms
[2024-05-30T13:08:38.801+0000][9258.220s][info][gc,phases   ] GC(1725)   Post Evacuate Collection Set: 1.8ms
[2024-05-30T13:08:38.801+0000][9258.220s][info][gc,phases   ] GC(1725)   Other: 0.2ms
[2024-05-30T13:08:38.801+0000][9258.220s][info][gc,heap     ] GC(1725) Eden regions: 838->0(836)
[2024-05-30T13:08:38.801+0000][9258.220s][info][gc,heap     ] GC(1725) Survivor regions: 8->11(106)
[2024-05-30T13:08:38.801+0000][9258.220s][info][gc,heap     ] GC(1725) Old regions: 357->357
[2024-05-30T13:08:38.801+0000][9258.220s][info][gc,heap     ] GC(1725) Archive regions: 2->2
[2024-05-30T13:08:38.801+0000][9258.220s][info][gc,heap     ] GC(1725) Humongous regions: 5->5
[2024-05-30T13:08:38.801+0000][9258.220s][info][gc,metaspace] GC(1725) Metaspace: 433615K(439808K)->433615K(439808K) NonClass: 379540K(382976K)->379540K(382976K) Class: 54075K(56832K)->54075K(56832K)
[2024-05-30T13:08:38.801+0000][9258.221s][info][gc          ] GC(1725) Pause Young (Normal) (G1 Evacuation Pause) 9664M->2980M(12288M) 24.628ms
[2024-05-30T13:08:38.801+0000][9258.221s][info][gc,cpu      ] GC(1725) User=0.14s Sys=0.00s Real=0.02s
[2024-05-30T13:08:48.177+0000][9267.596s][info][gc,start    ] GC(1726) Pause Young (Concurrent Start) (G1 Evacuation Pause)
[2024-05-30T13:08:48.177+0000][9267.596s][info][gc,task     ] GC(1726) Using 6 workers of 6 for evacuation
[2024-05-30T13:08:48.208+0000][9267.627s][info][gc,phases   ] GC(1726)   Pre Evacuate Collection Set: 0.6ms
[2024-05-30T13:08:48.208+0000][9267.627s][info][gc,phases   ] GC(1726)   Merge Heap Roots: 0.2ms
[2024-05-30T13:08:48.208+0000][9267.627s][info][gc,phases   ] GC(1726)   Evacuate Collection Set: 28.8ms
[2024-05-30T13:08:48.208+0000][9267.627s][info][gc,phases   ] GC(1726)   Post Evacuate Collection Set: 1.8ms
[2024-05-30T13:08:48.208+0000][9267.627s][info][gc,phases   ] GC(1726)   Other: 0.3ms
[2024-05-30T13:08:48.208+0000][9267.627s][info][gc,heap     ] GC(1726) Eden regions: 836->0(836)
[2024-05-30T13:08:48.208+0000][9267.627s][info][gc,heap     ] GC(1726) Survivor regions: 11->12(106)
[2024-05-30T13:08:48.208+0000][9267.627s][info][gc,heap     ] GC(1726) Old regions: 357->357
[2024-05-30T13:08:48.208+0000][9267.627s][info][gc,heap     ] GC(1726) Archive regions: 2->2
[2024-05-30T13:08:48.208+0000][9267.627s][info][gc,heap     ] GC(1726) Humongous regions: 5->5
[2024-05-30T13:08:48.208+0000][9267.627s][info][gc,metaspace] GC(1726) Metaspace: 433615K(439808K)->433615K(439808K) NonClass: 379540K(382976K)->379540K(382976K) Class: 54075K(56832K)->54075K(56832K)
[2024-05-30T13:08:48.208+0000][9267.628s][info][gc          ] GC(1726) Pause Young (Concurrent Start) (G1 Evacuation Pause) 9668M->2992M(12288M) 31.684ms
[2024-05-30T13:08:48.208+0000][9267.628s][info][gc,cpu      ] GC(1726) User=0.19s Sys=0.00s Real=0.03s
[2024-05-30T13:08:48.208+0000][9267.628s][info][gc          ] GC(1727) Concurrent Mark Cycle
[2024-05-30T13:08:48.208+0000][9267.628s][info][gc,marking  ] GC(1727) Concurrent Clear Claimed Marks
[2024-05-30T13:08:48.209+0000][9267.628s][info][gc,marking  ] GC(1727) Concurrent Clear Claimed Marks 0.442ms
[2024-05-30T13:08:48.209+0000][9267.628s][info][gc,marking  ] GC(1727) Concurrent Scan Root Regions
[2024-05-30T13:08:48.236+0000][9267.656s][info][gc,marking  ] GC(1727) Concurrent Scan Root Regions 27.553ms
[2024-05-30T13:08:48.237+0000][9267.656s][info][gc,marking  ] GC(1727) Concurrent Mark
[2024-05-30T13:08:48.237+0000][9267.656s][info][gc,marking  ] GC(1727) Concurrent Mark From Roots
[2024-05-30T13:08:48.237+0000][9267.656s][info][gc,task     ] GC(1727) Using 2 workers of 2 for marking
[2024-05-30T13:08:50.725+0000][9270.145s][info][gc,marking  ] GC(1727) Concurrent Mark From Roots 2488.820ms
[2024-05-30T13:08:50.725+0000][9270.145s][info][gc,marking  ] GC(1727) Concurrent Preclean
[2024-05-30T13:08:50.726+0000][9270.146s][info][gc,marking  ] GC(1727) Concurrent Preclean 1.012ms
[2024-05-30T13:08:50.727+0000][9270.146s][info][gc,start    ] GC(1727) Pause Remark
[2024-05-30T13:08:50.751+0000][9270.170s][info][gc          ] GC(1727) Pause Remark 4624M->4624M(12288M) 24.025ms
[2024-05-30T13:08:50.751+0000][9270.170s][info][gc,cpu      ] GC(1727) User=0.10s Sys=0.00s Real=0.03s
[2024-05-30T13:08:50.751+0000][9270.170s][info][gc,marking  ] GC(1727) Concurrent Mark 2514.228ms
[2024-05-30T13:08:50.751+0000][9270.170s][info][gc,marking  ] GC(1727) Concurrent Rebuild Remembered Sets
[2024-05-30T13:08:52.055+0000][9271.475s][info][gc,marking  ] GC(1727) Concurrent Rebuild Remembered Sets 1304.673ms
[2024-05-30T13:08:52.056+0000][9271.475s][info][gc,start    ] GC(1727) Pause Cleanup
[2024-05-30T13:08:52.056+0000][9271.475s][info][gc          ] GC(1727) Pause Cleanup 5516M->5516M(12288M) 0.587ms
[2024-05-30T13:08:52.056+0000][9271.475s][info][gc,cpu      ] GC(1727) User=0.00s Sys=0.00s Real=0.00s
[2024-05-30T13:08:52.056+0000][9271.476s][info][gc,marking  ] GC(1727) Concurrent Cleanup for Next Mark
[2024-05-30T13:08:52.073+0000][9271.492s][info][gc,marking  ] GC(1727) Concurrent Cleanup for Next Mark 16.821ms
[2024-05-30T13:08:52.073+0000][9271.492s][info][gc          ] GC(1727) Concurrent Mark Cycle 3864.845ms
[2024-05-30T13:08:58.001+0000][9277.420s][info][gc,start    ] GC(1728) Pause Young (Prepare Mixed) (G1 Evacuation Pause)
[2024-05-30T13:08:58.001+0000][9277.420s][info][gc,task     ] GC(1728) Using 6 workers of 6 for evacuation
[2024-05-30T13:08:58.038+0000][9277.457s][info][gc,phases   ] GC(1728)   Pre Evacuate Collection Set: 0.2ms
[2024-05-30T13:08:58.038+0000][9277.457s][info][gc,phases   ] GC(1728)   Merge Heap Roots: 0.3ms
[2024-05-30T13:08:58.038+0000][9277.457s][info][gc,phases   ] GC(1728)   Evacuate Collection Set: 34.6ms
[2024-05-30T13:08:58.038+0000][9277.457s][info][gc,phases   ] GC(1728)   Post Evacuate Collection Set: 1.9ms
[2024-05-30T13:08:58.038+0000][9277.457s][info][gc,phases   ] GC(1728)   Other: 0.2ms
[2024-05-30T13:08:58.038+0000][9277.457s][info][gc,heap     ] GC(1728) Eden regions: 836->0(61)
[2024-05-30T13:08:58.038+0000][9277.457s][info][gc,heap     ] GC(1728) Survivor regions: 12->15(106)
[2024-05-30T13:08:58.038+0000][9277.457s][info][gc,heap     ] GC(1728) Old regions: 357->357
[2024-05-30T13:08:58.038+0000][9277.457s][info][gc,heap     ] GC(1728) Archive regions: 2->2
[2024-05-30T13:08:58.038+0000][9277.457s][info][gc,heap     ] GC(1728) Humongous regions: 5->5
[2024-05-30T13:08:58.038+0000][9277.457s][info][gc,metaspace] GC(1728) Metaspace: 433615K(439808K)->433615K(439808K) NonClass: 379540K(382976K)->379540K(382976K) Class: 54075K(56832K)->54075K(56832K)
[2024-05-30T13:08:58.038+0000][9277.457s][info][gc          ] GC(1728) Pause Young (Prepare Mixed) (G1 Evacuation Pause) 9680M->3013M(12288M) 37.252ms
[2024-05-30T13:08:58.038+0000][9277.457s][info][gc,cpu      ] GC(1728) User=0.22s Sys=0.00s Real=0.04s
[2024-05-30T13:08:58.751+0000][9278.170s][info][gc,start    ] GC(1729) Pause Young (Mixed) (G1 Evacuation Pause)
[2024-05-30T13:08:58.751+0000][9278.170s][info][gc,task     ] GC(1729) Using 6 workers of 6 for evacuation
[2024-05-30T13:08:58.824+0000][9278.243s][info][gc,phases   ] GC(1729)   Pre Evacuate Collection Set: 0.2ms
[2024-05-30T13:08:58.824+0000][9278.243s][info][gc,phases   ] GC(1729)   Merge Heap Roots: 0.3ms
[2024-05-30T13:08:58.824+0000][9278.243s][info][gc,phases   ] GC(1729)   Evacuate Collection Set: 71.1ms
[2024-05-30T13:08:58.824+0000][9278.243s][info][gc,phases   ] GC(1729)   Post Evacuate Collection Set: 1.3ms
[2024-05-30T13:08:58.824+0000][9278.243s][info][gc,phases   ] GC(1729)   Other: 0.2ms
[2024-05-30T13:08:58.824+0000][9278.243s][info][gc,heap     ] GC(1729) Eden regions: 61->0(843)
[2024-05-30T13:08:58.824+0000][9278.243s][info][gc,heap     ] GC(1729) Survivor regions: 15->5(10)
[2024-05-30T13:08:58.824+0000][9278.243s][info][gc,heap     ] GC(1729) Old regions: 357->358
[2024-05-30T13:08:58.824+0000][9278.243s][info][gc,heap     ] GC(1729) Archive regions: 2->2
[2024-05-30T13:08:58.824+0000][9278.243s][info][gc,heap     ] GC(1729) Humongous regions: 5->5
[2024-05-30T13:08:58.824+0000][9278.243s][info][gc,metaspace] GC(1729) Metaspace: 433615K(439808K)->433615K(439808K) NonClass: 379540K(382976K)->379540K(382976K) Class: 54075K(56832K)->54075K(56832K)
[2024-05-30T13:08:58.824+0000][9278.243s][info][gc          ] GC(1729) Pause Young (Mixed) (G1 Evacuation Pause) 3501M->2946M(12288M) 73.035ms
[2024-05-30T13:08:58.824+0000][9278.243s][info][gc,cpu      ] GC(1729) User=0.43s Sys=0.00s Real=0.07s
[2024-05-30T13:09:07.014+0000][9286.433s][info][gc,start    ] GC(1730) Pause Young (Normal) (G1 Evacuation Pause)
[2024-05-30T13:09:07.014+0000][9286.433s][info][gc,task     ] GC(1730) Using 6 workers of 6 for evacuation
[2024-05-30T13:09:07.041+0000][9286.460s][info][gc,phases   ] GC(1730)   Pre Evacuate Collection Set: 0.2ms
[2024-05-30T13:09:07.041+0000][9286.460s][info][gc,phases   ] GC(1730)   Merge Heap Roots: 0.2ms
[2024-05-30T13:09:07.041+0000][9286.460s][info][gc,phases   ] GC(1730)   Evacuate Collection Set: 22.9ms
[2024-05-30T13:09:07.041+0000][9286.460s][info][gc,phases   ] GC(1730)   Post Evacuate Collection Set: 3.9ms
[2024-05-30T13:09:07.041+0000][9286.460s][info][gc,phases   ] GC(1730)   Other: 0.2ms
[2024-05-30T13:09:07.041+0000][9286.461s][info][gc,heap     ] GC(1730) Eden regions: 843->0(841)
[2024-05-30T13:09:07.041+0000][9286.461s][info][gc,heap     ] GC(1730) Survivor regions: 5->7(106)
[2024-05-30T13:09:07.041+0000][9286.461s][info][gc,heap     ] GC(1730) Old regions: 358->358
[2024-05-30T13:09:07.041+0000][9286.461s][info][gc,heap     ] GC(1730) Archive regions: 2->2
[2024-05-30T13:09:07.041+0000][9286.461s][info][gc,heap     ] GC(1730) Humongous regions: 5->5
[2024-05-30T13:09:07.041+0000][9286.461s][info][gc,metaspace] GC(1730) Metaspace: 433615K(439808K)->433615K(439808K) NonClass: 379540K(382976K)->379540K(382976K) Class: 54075K(56832K)->54075K(56832K)
[2024-05-30T13:09:07.041+0000][9286.461s][info][gc          ] GC(1730) Pause Young (Normal) (G1 Evacuation Pause) 9690M->2956M(12288M) 27.412ms
[2024-05-30T13:09:07.041+0000][9286.461s][info][gc,cpu      ] GC(1730) User=0.16s Sys=0.00s Real=0.03s
[2024-05-30T13:09:09.482+0000][9288.901s][info][gc,start    ] GC(1731) Pause Young (Normal) (G1 Evacuation Pause)
[2024-05-30T13:09:09.482+0000][9288.901s][info][gc,task     ] GC(1731) Using 6 workers of 6 for evacuation
[2024-05-30T13:09:09.557+0000][9288.976s][info][gc,phases   ] GC(1731)   Pre Evacuate Collection Set: 0.2ms
[2024-05-30T13:09:09.557+0000][9288.976s][info][gc,phases   ] GC(1731)   Merge Heap Roots: 0.2ms
[2024-05-30T13:09:09.557+0000][9288.976s][info][gc,phases   ] GC(1731)   Evacuate Collection Set: 58.0ms
[2024-05-30T13:09:09.557+0000][9288.976s][info][gc,phases   ] GC(1731)   Post Evacuate Collection Set: 16.0ms
[2024-05-30T13:09:09.557+0000][9288.976s][info][gc,phases   ] GC(1731)   Other: 0.2ms
[2024-05-30T13:09:09.557+0000][9288.976s][info][gc,heap     ] GC(1731) Eden regions: 841->0(835)
[2024-05-30T13:09:09.557+0000][9288.976s][info][gc,heap     ] GC(1731) Survivor regions: 7->12(106)
[2024-05-30T13:09:09.557+0000][9288.976s][info][gc,heap     ] GC(1731) Old regions: 358->358
[2024-05-30T13:09:09.557+0000][9288.976s][info][gc,heap     ] GC(1731) Archive regions: 2->2
[2024-05-30T13:09:09.557+0000][9288.976s][info][gc,heap     ] GC(1731) Humongous regions: 5->5
[2024-05-30T13:09:09.557+0000][9288.976s][info][gc,metaspace] GC(1731) Metaspace: 433615K(439808K)->433615K(439808K) NonClass: 379540K(382976K)->379540K(382976K) Class: 54075K(56832K)->54075K(56832K)
[2024-05-30T13:09:09.557+0000][9288.976s][info][gc          ] GC(1731) Pause Young (Normal) (G1 Evacuation Pause) 9684M->2995M(12288M) 74.707ms
[2024-05-30T13:09:09.557+0000][9288.976s][info][gc,cpu      ] GC(1731) User=0.44s Sys=0.00s Real=0.08s
[2024-05-30T13:09:12.176+0000][9291.595s][info][gc,start    ] GC(1732) Pause Young (Concurrent Start) (G1 Evacuation Pause)
[2024-05-30T13:09:12.176+0000][9291.595s][info][gc,task     ] GC(1732) Using 6 workers of 6 for evacuation
[2024-05-30T13:09:12.277+0000][9291.696s][info][gc,phases   ] GC(1732)   Pre Evacuate Collection Set: 0.6ms
[2024-05-30T13:09:12.277+0000][9291.696s][info][gc,phases   ] GC(1732)   Merge Heap Roots: 0.2ms
[2024-05-30T13:09:12.277+0000][9291.696s][info][gc,phases   ] GC(1732)   Evacuate Collection Set: 81.7ms
[2024-05-30T13:09:12.277+0000][9291.696s][info][gc,phases   ] GC(1732)   Post Evacuate Collection Set: 18.8ms
[2024-05-30T13:09:12.277+0000][9291.696s][info][gc,phases   ] GC(1732)   Other: 0.3ms
[2024-05-30T13:09:12.277+0000][9291.696s][info][gc,heap     ] GC(1732) Eden regions: 835->0(827)
[2024-05-30T13:09:12.277+0000][9291.696s][info][gc,heap     ] GC(1732) Survivor regions: 12->18(106)
[2024-05-30T13:09:12.277+0000][9291.696s][info][gc,heap     ] GC(1732) Old regions: 358->358
[2024-05-30T13:09:12.277+0000][9291.696s][info][gc,heap     ] GC(1732) Archive regions: 2->2
[2024-05-30T13:09:12.277+0000][9291.696s][info][gc,heap     ] GC(1732) Humongous regions: 5->5
[2024-05-30T13:09:12.277+0000][9291.696s][info][gc,metaspace] GC(1732) Metaspace: 433617K(439808K)->433617K(439808K) NonClass: 379541K(382976K)->379541K(382976K) Class: 54075K(56832K)->54075K(56832K)
[2024-05-30T13:09:12.277+0000][9291.696s][info][gc          ] GC(1732) Pause Young (Concurrent Start) (G1 Evacuation Pause) 9675M->3044M(12288M) 101.609ms
[2024-05-30T13:09:12.277+0000][9291.696s][info][gc,cpu      ] GC(1732) User=0.59s Sys=0.00s Real=0.11s
[2024-05-30T13:09:12.277+0000][9291.697s][info][gc          ] GC(1733) Concurrent Mark Cycle
[2024-05-30T13:09:12.277+0000][9291.697s][info][gc,marking  ] GC(1733) Concurrent Clear Claimed Marks
[2024-05-30T13:09:12.278+0000][9291.697s][info][gc,marking  ] GC(1733) Concurrent Clear Claimed Marks 0.450ms
[2024-05-30T13:09:12.278+0000][9291.697s][info][gc,marking  ] GC(1733) Concurrent Scan Root Regions
[2024-05-30T13:09:12.358+0000][9291.777s][info][gc,marking  ] GC(1733) Concurrent Scan Root Regions 80.341ms
[2024-05-30T13:09:12.358+0000][9291.777s][info][gc,marking  ] GC(1733) Concurrent Mark
[2024-05-30T13:09:12.358+0000][9291.777s][info][gc,marking  ] GC(1733) Concurrent Mark From Roots
[2024-05-30T13:09:12.358+0000][9291.777s][info][gc,task     ] GC(1733) Using 2 workers of 2 for marking
[2024-05-30T13:09:14.869+0000][9294.288s][info][gc,marking  ] GC(1733) Concurrent Mark From Roots 2511.044ms
[2024-05-30T13:09:14.869+0000][9294.288s][info][gc,marking  ] GC(1733) Concurrent Preclean
[2024-05-30T13:09:14.871+0000][9294.291s][info][gc,marking  ] GC(1733) Concurrent Preclean 2.137ms
[2024-05-30T13:09:14.872+0000][9294.291s][info][gc,start    ] GC(1733) Pause Remark
[2024-05-30T13:09:14.918+0000][9294.338s][info][gc          ] GC(1733) Pause Remark 8800M->8800M(12288M) 46.926ms
[2024-05-30T13:09:14.919+0000][9294.338s][info][gc,cpu      ] GC(1733) User=0.24s Sys=0.00s Real=0.05s
[2024-05-30T13:09:14.919+0000][9294.338s][info][gc,marking  ] GC(1733) Concurrent Mark 2560.556ms
[2024-05-30T13:09:14.919+0000][9294.338s][info][gc,marking  ] GC(1733) Concurrent Rebuild Remembered Sets
[2024-05-30T13:09:15.262+0000][9294.681s][info][gc,start    ] GC(1734) Pause Young (Normal) (G1 Evacuation Pause)
[2024-05-30T13:09:15.262+0000][9294.681s][info][gc,task     ] GC(1734) Using 6 workers of 6 for evacuation
[2024-05-30T13:09:15.355+0000][9294.774s][info][gc,phases   ] GC(1734)   Pre Evacuate Collection Set: 0.2ms
[2024-05-30T13:09:15.355+0000][9294.774s][info][gc,phases   ] GC(1734)   Merge Heap Roots: 0.3ms
[2024-05-30T13:09:15.355+0000][9294.774s][info][gc,phases   ] GC(1734)   Evacuate Collection Set: 79.5ms
[2024-05-30T13:09:15.355+0000][9294.774s][info][gc,phases   ] GC(1734)   Post Evacuate Collection Set: 13.0ms
[2024-05-30T13:09:15.355+0000][9294.774s][info][gc,phases   ] GC(1734)   Other: 0.2ms
[2024-05-30T13:09:15.355+0000][9294.774s][info][gc,heap     ] GC(1734) Eden regions: 827->0(819)
[2024-05-30T13:09:15.355+0000][9294.774s][info][gc,heap     ] GC(1734) Survivor regions: 18->22(106)
[2024-05-30T13:09:15.355+0000][9294.774s][info][gc,heap     ] GC(1734) Old regions: 358->358
[2024-05-30T13:09:15.355+0000][9294.774s][info][gc,heap     ] GC(1734) Archive regions: 2->2
[2024-05-30T13:09:15.355+0000][9294.774s][info][gc,heap     ] GC(1734) Humongous regions: 5->5
[2024-05-30T13:09:15.355+0000][9294.774s][info][gc,metaspace] GC(1734) Metaspace: 433409K(439808K)->433409K(439808K) NonClass: 379375K(382976K)->379375K(382976K) Class: 54034K(56832K)->54034K(56832K)
[2024-05-30T13:09:15.355+0000][9294.774s][info][gc          ] GC(1734) Pause Young (Normal) (G1 Evacuation Pause) 9660M->3078M(12288M) 93.266ms
[2024-05-30T13:09:15.355+0000][9294.774s][info][gc,cpu      ] GC(1734) User=0.55s Sys=0.00s Real=0.09s
[2024-05-30T13:09:16.415+0000][9295.834s][info][gc,marking  ] GC(1733) Concurrent Rebuild Remembered Sets 1495.943ms
[2024-05-30T13:09:16.415+0000][9295.834s][info][gc,start    ] GC(1733) Pause Cleanup
[2024-05-30T13:09:16.416+0000][9295.835s][info][gc          ] GC(1733) Pause Cleanup 5678M->5678M(12288M) 0.614ms
[2024-05-30T13:09:16.416+0000][9295.835s][info][gc,cpu      ] GC(1733) User=0.00s Sys=0.00s Real=0.00s
[2024-05-30T13:09:16.416+0000][9295.835s][info][gc,marking  ] GC(1733) Concurrent Cleanup for Next Mark
[2024-05-30T13:09:16.441+0000][9295.861s][info][gc,marking  ] GC(1733) Concurrent Cleanup for Next Mark 25.653ms
[2024-05-30T13:09:16.441+0000][9295.861s][info][gc          ] GC(1733) Concurrent Mark Cycle 4164.091ms
[2024-05-30T13:09:17.881+0000][9297.300s][info][gc,start    ] GC(1735) Pause Young (Prepare Mixed) (G1 Evacuation Pause)
[2024-05-30T13:09:17.881+0000][9297.300s][info][gc,task     ] GC(1735) Using 6 workers of 6 for evacuation
[2024-05-30T13:09:18.007+0000][9297.427s][info][gc,phases   ] GC(1735)   Pre Evacuate Collection Set: 0.2ms
[2024-05-30T13:09:18.007+0000][9297.427s][info][gc,phases   ] GC(1735)   Merge Heap Roots: 0.4ms
[2024-05-30T13:09:18.007+0000][9297.427s][info][gc,phases   ] GC(1735)   Evacuate Collection Set: 105.2ms
[2024-05-30T13:09:18.007+0000][9297.427s][info][gc,phases   ] GC(1735)   Post Evacuate Collection Set: 20.3ms
[2024-05-30T13:09:18.007+0000][9297.427s][info][gc,phases   ] GC(1735)   Other: 0.2ms
[2024-05-30T13:09:18.007+0000][9297.427s][info][gc,heap     ] GC(1735) Eden regions: 819->0(49)
[2024-05-30T13:09:18.007+0000][9297.427s][info][gc,heap     ] GC(1735) Survivor regions: 22->27(106)
[2024-05-30T13:09:18.007+0000][9297.427s][info][gc,heap     ] GC(1735) Old regions: 358->358
[2024-05-30T13:09:18.007+0000][9297.427s][info][gc,heap     ] GC(1735) Archive regions: 2->2
[2024-05-30T13:09:18.007+0000][9297.427s][info][gc,heap     ] GC(1735) Humongous regions: 5->5
[2024-05-30T13:09:18.007+0000][9297.427s][info][gc,metaspace] GC(1735) Metaspace: 433409K(439808K)->433409K(439808K) NonClass: 379375K(382976K)->379375K(382976K) Class: 54034K(56832K)->54034K(56832K)
[2024-05-30T13:09:18.007+0000][9297.427s][info][gc          ] GC(1735) Pause Young (Prepare Mixed) (G1 Evacuation Pause) 9630M->3118M(12288M) 126.423ms
[2024-05-30T13:09:18.007+0000][9297.427s][info][gc,cpu      ] GC(1735) User=0.74s Sys=0.00s Real=0.12s
[2024-05-30T13:09:18.143+0000][9297.562s][info][gc,start    ] GC(1736) Pause Young (Mixed) (G1 Evacuation Pause)
[2024-05-30T13:09:18.143+0000][9297.562s][info][gc,task     ] GC(1736) Using 6 workers of 6 for evacuation
[2024-05-30T13:09:18.269+0000][9297.689s][info][gc,phases   ] GC(1736)   Pre Evacuate Collection Set: 0.2ms
[2024-05-30T13:09:18.269+0000][9297.689s][info][gc,phases   ] GC(1736)   Merge Heap Roots: 0.3ms
[2024-05-30T13:09:18.269+0000][9297.689s][info][gc,phases   ] GC(1736)   Evacuate Collection Set: 124.0ms
[2024-05-30T13:09:18.269+0000][9297.689s][info][gc,phases   ] GC(1736)   Post Evacuate Collection Set: 1.6ms
[2024-05-30T13:09:18.269+0000][9297.689s][info][gc,phases   ] GC(1736)   Other: 0.2ms
[2024-05-30T13:09:18.269+0000][9297.689s][info][gc,heap     ] GC(1736) Eden regions: 49->0(825)
[2024-05-30T13:09:18.269+0000][9297.689s][info][gc,heap     ] GC(1736) Survivor regions: 27->3(10)
[2024-05-30T13:09:18.269+0000][9297.689s][info][gc,heap     ] GC(1736) Old regions: 358->376
[2024-05-30T13:09:18.269+0000][9297.689s][info][gc,heap     ] GC(1736) Archive regions: 2->2
[2024-05-30T13:09:18.269+0000][9297.689s][info][gc,heap     ] GC(1736) Humongous regions: 5->5
[2024-05-30T13:09:18.269+0000][9297.689s][info][gc,metaspace] GC(1736) Metaspace: 433409K(439808K)->433409K(439808K) NonClass: 379375K(382976K)->379375K(382976K) Class: 54034K(56832K)->54034K(56832K)
[2024-05-30T13:09:18.270+0000][9297.689s][info][gc          ] GC(1736) Pause Young (Mixed) (G1 Evacuation Pause) 3510M->3073M(12288M) 126.364ms
[2024-05-30T13:09:18.270+0000][9297.689s][info][gc,cpu      ] GC(1736) User=0.76s Sys=0.00s Real=0.13s
[2024-05-30T13:09:20.610+0000][9300.029s][info][gc,start    ] GC(1737) Pause Young (Normal) (G1 Evacuation Pause)
[2024-05-30T13:09:20.610+0000][9300.029s][info][gc,task     ] GC(1737) Using 6 workers of 6 for evacuation
[2024-05-30T13:09:20.661+0000][9300.081s][info][gc,phases   ] GC(1737)   Pre Evacuate Collection Set: 0.2ms
[2024-05-30T13:09:20.661+0000][9300.081s][info][gc,phases   ] GC(1737)   Merge Heap Roots: 0.3ms
[2024-05-30T13:09:20.661+0000][9300.081s][info][gc,phases   ] GC(1737)   Evacuate Collection Set: 39.0ms
[2024-05-30T13:09:20.661+0000][9300.081s][info][gc,phases   ] GC(1737)   Post Evacuate Collection Set: 11.6ms
[2024-05-30T13:09:20.661+0000][9300.081s][info][gc,phases   ] GC(1737)   Other: 0.2ms
[2024-05-30T13:09:20.661+0000][9300.081s][info][gc,heap     ] GC(1737) Eden regions: 825->0(824)
[2024-05-30T13:09:20.661+0000][9300.081s][info][gc,heap     ] GC(1737) Survivor regions: 3->5(104)
[2024-05-30T13:09:20.661+0000][9300.081s][info][gc,heap     ] GC(1737) Old regions: 376->376
[2024-05-30T13:09:20.661+0000][9300.081s][info][gc,heap     ] GC(1737) Archive regions: 2->2
[2024-05-30T13:09:20.661+0000][9300.081s][info][gc,heap     ] GC(1737) Humongous regions: 5->5
[2024-05-30T13:09:20.661+0000][9300.081s][info][gc,metaspace] GC(1737) Metaspace: 433409K(439808K)->433409K(439808K) NonClass: 379375K(382976K)->379375K(382976K) Class: 54034K(56832K)->54034K(56832K)
[2024-05-30T13:09:20.661+0000][9300.081s][info][gc          ] GC(1737) Pause Young (Normal) (G1 Evacuation Pause) 9673M->3087M(12288M) 51.395ms
[2024-05-30T13:09:20.661+0000][9300.081s][info][gc,cpu      ] GC(1737) User=0.30s Sys=0.00s Real=0.05s
[2024-05-30T13:09:23.449+0000][9302.869s][info][gc,start    ] GC(1738) Pause Young (Normal) (G1 Evacuation Pause)
[2024-05-30T13:09:23.449+0000][9302.869s][info][gc,task     ] GC(1738) Using 6 workers of 6 for evacuation
[2024-05-30T13:09:23.537+0000][9302.957s][info][gc,phases   ] GC(1738)   Pre Evacuate Collection Set: 0.2ms
[2024-05-30T13:09:23.537+0000][9302.957s][info][gc,phases   ] GC(1738)   Merge Heap Roots: 0.3ms
[2024-05-30T13:09:23.537+0000][9302.957s][info][gc,phases   ] GC(1738)   Evacuate Collection Set: 66.6ms
[2024-05-30T13:09:23.537+0000][9302.957s][info][gc,phases   ] GC(1738)   Post Evacuate Collection Set: 20.7ms
[2024-05-30T13:09:23.537+0000][9302.957s][info][gc,phases   ] GC(1738)   Other: 0.2ms
[2024-05-30T13:09:23.537+0000][9302.957s][info][gc,heap     ] GC(1738) Eden regions: 824->0(816)
[2024-05-30T13:09:23.537+0000][9302.957s][info][gc,heap     ] GC(1738) Survivor regions: 5->11(104)
[2024-05-30T13:09:23.537+0000][9302.957s][info][gc,heap     ] GC(1738) Old regions: 376->376
[2024-05-30T13:09:23.537+0000][9302.957s][info][gc,heap     ] GC(1738) Archive regions: 2->2
[2024-05-30T13:09:23.537+0000][9302.957s][info][gc,heap     ] GC(1738) Humongous regions: 5->5
[2024-05-30T13:09:23.537+0000][9302.957s][info][gc,metaspace] GC(1738) Metaspace: 433409K(439808K)->433409K(439808K) NonClass: 379375K(382976K)->379375K(382976K) Class: 54034K(56832K)->54034K(56832K)
[2024-05-30T13:09:23.537+0000][9302.957s][info][gc          ] GC(1738) Pause Young (Normal) (G1 Evacuation Pause) 9679M->3136M(12288M) 88.041ms
[2024-05-30T13:09:23.538+0000][9302.957s][info][gc,cpu      ] GC(1738) User=0.50s Sys=0.00s Real=0.09s
[2024-05-30T13:09:26.386+0000][9305.805s][info][gc,start    ] GC(1739) Pause Young (Concurrent Start) (G1 Evacuation Pause)
[2024-05-30T13:09:26.386+0000][9305.805s][info][gc,task     ] GC(1739) Using 6 workers of 6 for evacuation
[2024-05-30T13:09:26.483+0000][9305.902s][info][gc,phases   ] GC(1739)   Pre Evacuate Collection Set: 0.6ms
[2024-05-30T13:09:26.483+0000][9305.902s][info][gc,phases   ] GC(1739)   Merge Heap Roots: 0.3ms
[2024-05-30T13:09:26.483+0000][9305.902s][info][gc,phases   ] GC(1739)   Evacuate Collection Set: 77.6ms
[2024-05-30T13:09:26.483+0000][9305.902s][info][gc,phases   ] GC(1739)   Post Evacuate Collection Set: 18.1ms
[2024-05-30T13:09:26.483+0000][9305.902s][info][gc,phases   ] GC(1739)   Other: 0.3ms
[2024-05-30T13:09:26.483+0000][9305.902s][info][gc,heap     ] GC(1739) Eden regions: 816->0(811)
[2024-05-30T13:09:26.483+0000][9305.902s][info][gc,heap     ] GC(1739) Survivor regions: 11->16(104)
[2024-05-30T13:09:26.483+0000][9305.902s][info][gc,heap     ] GC(1739) Old regions: 376->376
[2024-05-30T13:09:26.483+0000][9305.902s][info][gc,heap     ] GC(1739) Archive regions: 2->2
[2024-05-30T13:09:26.483+0000][9305.902s][info][gc,heap     ] GC(1739) Humongous regions: 5->5
[2024-05-30T13:09:26.483+0000][9305.902s][info][gc,metaspace] GC(1739) Metaspace: 433409K(439808K)->433409K(439808K) NonClass: 379375K(382976K)->379375K(382976K) Class: 54034K(56832K)->54034K(56832K)
[2024-05-30T13:09:26.483+0000][9305.902s][info][gc          ] GC(1739) Pause Young (Concurrent Start) (G1 Evacuation Pause) 9664M->3173M(12288M) 96.924ms
[2024-05-30T13:09:26.483+0000][9305.902s][info][gc,cpu      ] GC(1739) User=0.56s Sys=0.00s Real=0.10s
[2024-05-30T13:09:26.483+0000][9305.902s][info][gc          ] GC(1740) Concurrent Mark Cycle
[2024-05-30T13:09:26.483+0000][9305.902s][info][gc,marking  ] GC(1740) Concurrent Clear Claimed Marks
[2024-05-30T13:09:26.484+0000][9305.903s][info][gc,marking  ] GC(1740) Concurrent Clear Claimed Marks 0.437ms
[2024-05-30T13:09:26.484+0000][9305.903s][info][gc,marking  ] GC(1740) Concurrent Scan Root Regions
[2024-05-30T13:09:26.536+0000][9305.956s][info][gc,marking  ] GC(1740) Concurrent Scan Root Regions 52.955ms
[2024-05-30T13:09:26.537+0000][9305.956s][info][gc,marking  ] GC(1740) Concurrent Mark
[2024-05-30T13:09:26.537+0000][9305.956s][info][gc,marking  ] GC(1740) Concurrent Mark From Roots
[2024-05-30T13:09:26.537+0000][9305.956s][info][gc,task     ] GC(1740) Using 2 workers of 2 for marking
[2024-05-30T13:09:29.062+0000][9308.481s][info][gc,marking  ] GC(1740) Concurrent Mark From Roots 2525.119ms
[2024-05-30T13:09:29.062+0000][9308.481s][info][gc,marking  ] GC(1740) Concurrent Preclean
[2024-05-30T13:09:29.069+0000][9308.488s][info][gc,marking  ] GC(1740) Concurrent Preclean 6.808ms
[2024-05-30T13:09:29.069+0000][9308.488s][info][gc,start    ] GC(1740) Pause Remark
[2024-05-30T13:09:29.118+0000][9308.537s][info][gc          ] GC(1740) Pause Remark 8249M->8249M(12288M) 49.168ms
[2024-05-30T13:09:29.118+0000][9308.537s][info][gc,cpu      ] GC(1740) User=0.24s Sys=0.00s Real=0.05s
[2024-05-30T13:09:29.118+0000][9308.537s][info][gc,marking  ] GC(1740) Concurrent Mark 2581.522ms
[2024-05-30T13:09:29.118+0000][9308.537s][info][gc,marking  ] GC(1740) Concurrent Rebuild Remembered Sets
[2024-05-30T13:09:29.733+0000][9309.152s][info][gc,start    ] GC(1741) Pause Young (Normal) (G1 Evacuation Pause)
[2024-05-30T13:09:29.733+0000][9309.152s][info][gc,task     ] GC(1741) Using 6 workers of 6 for evacuation
[2024-05-30T13:09:29.853+0000][9309.272s][info][gc,phases   ] GC(1741)   Pre Evacuate Collection Set: 0.2ms
[2024-05-30T13:09:29.853+0000][9309.272s][info][gc,phases   ] GC(1741)   Merge Heap Roots: 0.5ms
[2024-05-30T13:09:29.853+0000][9309.272s][info][gc,phases   ] GC(1741)   Evacuate Collection Set: 101.5ms
[2024-05-30T13:09:29.853+0000][9309.272s][info][gc,phases   ] GC(1741)   Post Evacuate Collection Set: 17.5ms
[2024-05-30T13:09:29.853+0000][9309.272s][info][gc,phases   ] GC(1741)   Other: 0.3ms
[2024-05-30T13:09:29.853+0000][9309.272s][info][gc,heap     ] GC(1741) Eden regions: 811->0(805)
[2024-05-30T13:09:29.853+0000][9309.272s][info][gc,heap     ] GC(1741) Survivor regions: 16->20(104)
[2024-05-30T13:09:29.853+0000][9309.272s][info][gc,heap     ] GC(1741) Old regions: 376->376
[2024-05-30T13:09:29.853+0000][9309.272s][info][gc,heap     ] GC(1741) Archive regions: 2->2
[2024-05-30T13:09:29.853+0000][9309.272s][info][gc,heap     ] GC(1741) Humongous regions: 5->5
[2024-05-30T13:09:29.853+0000][9309.272s][info][gc,metaspace] GC(1741) Metaspace: 432811K(439808K)->432811K(439808K) NonClass: 378882K(382976K)->378882K(382976K) Class: 53929K(56832K)->53929K(56832K)
[2024-05-30T13:09:29.853+0000][9309.272s][info][gc          ] GC(1741) Pause Young (Normal) (G1 Evacuation Pause) 9661M->3209M(12288M) 119.982ms
[2024-05-30T13:09:29.853+0000][9309.272s][info][gc,cpu      ] GC(1741) User=0.71s Sys=0.00s Real=0.12s
[2024-05-30T13:09:30.576+0000][9309.995s][info][gc,marking  ] GC(1740) Concurrent Rebuild Remembered Sets 1458.019ms
[2024-05-30T13:09:30.576+0000][9309.995s][info][gc,start    ] GC(1740) Pause Cleanup
[2024-05-30T13:09:30.577+0000][9309.996s][info][gc          ] GC(1740) Pause Cleanup 5045M->5045M(12288M) 0.628ms
[2024-05-30T13:09:30.577+0000][9309.996s][info][gc,cpu      ] GC(1740) User=0.00s Sys=0.00s Real=0.01s
[2024-05-30T13:09:30.577+0000][9309.996s][info][gc,marking  ] GC(1740) Concurrent Cleanup for Next Mark
[2024-05-30T13:09:30.594+0000][9310.013s][info][gc,marking  ] GC(1740) Concurrent Cleanup for Next Mark 16.960ms
[2024-05-30T13:09:30.594+0000][9310.013s][info][gc          ] GC(1740) Concurrent Mark Cycle 4110.964ms
[2024-05-30T13:09:32.165+0000][9311.585s][info][gc,start    ] GC(1742) Pause Young (Prepare Mixed) (G1 Evacuation Pause)
[2024-05-30T13:09:32.166+0000][9311.585s][info][gc,task     ] GC(1742) Using 6 workers of 6 for evacuation
[2024-05-30T13:09:32.305+0000][9311.725s][info][gc,phases   ] GC(1742)   Pre Evacuate Collection Set: 0.2ms
[2024-05-30T13:09:32.305+0000][9311.725s][info][gc,phases   ] GC(1742)   Merge Heap Roots: 0.6ms
[2024-05-30T13:09:32.305+0000][9311.725s][info][gc,phases   ] GC(1742)   Evacuate Collection Set: 117.7ms
[2024-05-30T13:09:32.305+0000][9311.725s][info][gc,phases   ] GC(1742)   Post Evacuate Collection Set: 21.4ms
[2024-05-30T13:09:32.305+0000][9311.725s][info][gc,phases   ] GC(1742)   Other: 0.2ms
[2024-05-30T13:09:32.305+0000][9311.725s][info][gc,heap     ] GC(1742) Eden regions: 805->0(51)
[2024-05-30T13:09:32.306+0000][9311.725s][info][gc,heap     ] GC(1742) Survivor regions: 20->25(104)
[2024-05-30T13:09:32.306+0000][9311.725s][info][gc,heap     ] GC(1742) Old regions: 376->376
[2024-05-30T13:09:32.306+0000][9311.725s][info][gc,heap     ] GC(1742) Archive regions: 2->2
[2024-05-30T13:09:32.306+0000][9311.725s][info][gc,heap     ] GC(1742) Humongous regions: 5->5
[2024-05-30T13:09:32.306+0000][9311.725s][info][gc,metaspace] GC(1742) Metaspace: 432811K(439808K)->432811K(439808K) NonClass: 378882K(382976K)->378882K(382976K) Class: 53929K(56832K)->53929K(56832K)
[2024-05-30T13:09:32.306+0000][9311.725s][info][gc          ] GC(1742) Pause Young (Prepare Mixed) (G1 Evacuation Pause) 9649M->3249M(12288M) 140.067ms
[2024-05-30T13:09:32.306+0000][9311.725s][info][gc,cpu      ] GC(1742) User=0.82s Sys=0.00s Real=0.14s
[2024-05-30T13:09:32.459+0000][9311.878s][info][gc,start    ] GC(1743) Pause Young (Mixed) (G1 Evacuation Pause)
[2024-05-30T13:09:32.459+0000][9311.878s][info][gc,task     ] GC(1743) Using 6 workers of 6 for evacuation
[2024-05-30T13:09:32.577+0000][9311.996s][info][gc,phases   ] GC(1743)   Pre Evacuate Collection Set: 0.2ms
[2024-05-30T13:09:32.577+0000][9311.996s][info][gc,phases   ] GC(1743)   Merge Heap Roots: 0.4ms
[2024-05-30T13:09:32.577+0000][9311.996s][info][gc,phases   ] GC(1743)   Evacuate Collection Set: 114.3ms
[2024-05-30T13:09:32.577+0000][9311.996s][info][gc,phases   ] GC(1743)   Post Evacuate Collection Set: 2.6ms
[2024-05-30T13:09:32.577+0000][9311.996s][info][gc,phases   ] GC(1743)   Other: 0.2ms
[2024-05-30T13:09:32.577+0000][9311.996s][info][gc,heap     ] GC(1743) Eden regions: 51->0(814)
[2024-05-30T13:09:32.577+0000][9311.996s][info][gc,heap     ] GC(1743) Survivor regions: 25->3(10)
[2024-05-30T13:09:32.577+0000][9311.996s][info][gc,heap     ] GC(1743) Old regions: 376->387
[2024-05-30T13:09:32.577+0000][9311.996s][info][gc,heap     ] GC(1743) Archive regions: 2->2
[2024-05-30T13:09:32.577+0000][9311.996s][info][gc,heap     ] GC(1743) Humongous regions: 5->5
[2024-05-30T13:09:32.577+0000][9311.996s][info][gc,metaspace] GC(1743) Metaspace: 432815K(439808K)->432815K(439808K) NonClass: 378886K(382976K)->378886K(382976K) Class: 53929K(56832K)->53929K(56832K)
[2024-05-30T13:09:32.577+0000][9311.996s][info][gc          ] GC(1743) Pause Young (Mixed) (G1 Evacuation Pause) 3657M->3161M(12288M) 117.673ms
[2024-05-30T13:09:32.577+0000][9311.996s][info][gc,cpu      ] GC(1743) User=0.69s Sys=0.01s Real=0.12s
[2024-05-30T13:09:34.977+0000][9314.396s][info][gc,start    ] GC(1744) Pause Young (Normal) (G1 Evacuation Pause)
[2024-05-30T13:09:34.977+0000][9314.396s][info][gc,task     ] GC(1744) Using 6 workers of 6 for evacuation
[2024-05-30T13:09:35.053+0000][9314.472s][info][gc,phases   ] GC(1744)   Pre Evacuate Collection Set: 0.2ms
[2024-05-30T13:09:35.053+0000][9314.472s][info][gc,phases   ] GC(1744)   Merge Heap Roots: 0.3ms
[2024-05-30T13:09:35.053+0000][9314.472s][info][gc,phases   ] GC(1744)   Evacuate Collection Set: 57.6ms
[2024-05-30T13:09:35.053+0000][9314.472s][info][gc,phases   ] GC(1744)   Post Evacuate Collection Set: 18.0ms
[2024-05-30T13:09:35.053+0000][9314.472s][info][gc,phases   ] GC(1744)   Other: 0.2ms
[2024-05-30T13:09:35.053+0000][9314.472s][info][gc,heap     ] GC(1744) Eden regions: 814->0(810)
[2024-05-30T13:09:35.053+0000][9314.473s][info][gc,heap     ] GC(1744) Survivor regions: 3->7(103)
[2024-05-30T13:09:35.053+0000][9314.473s][info][gc,heap     ] GC(1744) Old regions: 387->387
[2024-05-30T13:09:35.053+0000][9314.473s][info][gc,heap     ] GC(1744) Archive regions: 2->2
[2024-05-30T13:09:35.053+0000][9314.473s][info][gc,heap     ] GC(1744) Humongous regions: 5->5
[2024-05-30T13:09:35.053+0000][9314.473s][info][gc,metaspace] GC(1744) Metaspace: 432815K(439808K)->432815K(439808K) NonClass: 378886K(382976K)->378886K(382976K) Class: 53929K(56832K)->53929K(56832K)
[2024-05-30T13:09:35.053+0000][9314.473s][info][gc          ] GC(1744) Pause Young (Normal) (G1 Evacuation Pause) 9673M->3192M(12288M) 76.326ms
[2024-05-30T13:09:35.053+0000][9314.473s][info][gc,cpu      ] GC(1744) User=0.44s Sys=0.00s Real=0.07s
[2024-05-30T13:09:37.325+0000][9316.744s][info][gc,start    ] GC(1745) Pause Young (Normal) (G1 Evacuation Pause)
[2024-05-30T13:09:37.325+0000][9316.744s][info][gc,task     ] GC(1745) Using 6 workers of 6 for evacuation
[2024-05-30T13:09:37.409+0000][9316.829s][info][gc,phases   ] GC(1745)   Pre Evacuate Collection Set: 0.2ms
[2024-05-30T13:09:37.410+0000][9316.829s][info][gc,phases   ] GC(1745)   Merge Heap Roots: 0.3ms
[2024-05-30T13:09:37.410+0000][9316.829s][info][gc,phases   ] GC(1745)   Evacuate Collection Set: 67.3ms
[2024-05-30T13:09:37.410+0000][9316.829s][info][gc,phases   ] GC(1745)   Post Evacuate Collection Set: 16.4ms
[2024-05-30T13:09:37.410+0000][9316.829s][info][gc,phases   ] GC(1745)   Other: 0.2ms
[2024-05-30T13:09:37.410+0000][9316.829s][info][gc,heap     ] GC(1745) Eden regions: 810->0(806)
[2024-05-30T13:09:37.410+0000][9316.829s][info][gc,heap     ] GC(1745) Survivor regions: 7->11(103)
[2024-05-30T13:09:37.410+0000][9316.829s][info][gc,heap     ] GC(1745) Old regions: 387->387
[2024-05-30T13:09:37.410+0000][9316.829s][info][gc,heap     ] GC(1745) Archive regions: 2->2
[2024-05-30T13:09:37.410+0000][9316.829s][info][gc,heap     ] GC(1745) Humongous regions: 5->5
[2024-05-30T13:09:37.410+0000][9316.829s][info][gc,metaspace] GC(1745) Metaspace: 432815K(439808K)->432815K(439808K) NonClass: 378886K(382976K)->378886K(382976K) Class: 53929K(56832K)->53929K(56832K)
[2024-05-30T13:09:37.410+0000][9316.829s][info][gc          ] GC(1745) Pause Young (Normal) (G1 Evacuation Pause) 9672M->3221M(12288M) 84.464ms
[2024-05-30T13:09:37.410+0000][9316.829s][info][gc,cpu      ] GC(1745) User=0.49s Sys=0.00s Real=0.09s
[2024-05-30T13:09:40.095+0000][9319.514s][info][gc,start    ] GC(1746) Pause Young (Concurrent Start) (G1 Evacuation Pause)
[2024-05-30T13:09:40.095+0000][9319.514s][info][gc,task     ] GC(1746) Using 6 workers of 6 for evacuation
[2024-05-30T13:09:40.184+0000][9319.603s][info][gc,phases   ] GC(1746)   Pre Evacuate Collection Set: 0.6ms
[2024-05-30T13:09:40.184+0000][9319.603s][info][gc,phases   ] GC(1746)   Merge Heap Roots: 0.3ms
[2024-05-30T13:09:40.184+0000][9319.603s][info][gc,phases   ] GC(1746)   Evacuate Collection Set: 71.9ms
[2024-05-30T13:09:40.184+0000][9319.603s][info][gc,phases   ] GC(1746)   Post Evacuate Collection Set: 16.5ms
[2024-05-30T13:09:40.184+0000][9319.603s][info][gc,phases   ] GC(1746)   Other: 0.3ms
[2024-05-30T13:09:40.184+0000][9319.603s][info][gc,heap     ] GC(1746) Eden regions: 806->0(804)
[2024-05-30T13:09:40.184+0000][9319.603s][info][gc,heap     ] GC(1746) Survivor regions: 11->14(103)
[2024-05-30T13:09:40.184+0000][9319.603s][info][gc,heap     ] GC(1746) Old regions: 387->387
[2024-05-30T13:09:40.184+0000][9319.603s][info][gc,heap     ] GC(1746) Archive regions: 2->2
[2024-05-30T13:09:40.184+0000][9319.603s][info][gc,heap     ] GC(1746) Humongous regions: 5->5
[2024-05-30T13:09:40.184+0000][9319.603s][info][gc,metaspace] GC(1746) Metaspace: 432815K(439808K)->432815K(439808K) NonClass: 378886K(382976K)->378886K(382976K) Class: 53929K(56832K)->53929K(56832K)
[2024-05-30T13:09:40.184+0000][9319.603s][info][gc          ] GC(1746) Pause Young (Concurrent Start) (G1 Evacuation Pause) 9669M->3249M(12288M) 89.539ms
[2024-05-30T13:09:40.184+0000][9319.603s][info][gc,cpu      ] GC(1746) User=0.52s Sys=0.00s Real=0.09s
[2024-05-30T13:09:40.184+0000][9319.604s][info][gc          ] GC(1747) Concurrent Mark Cycle
[2024-05-30T13:09:40.184+0000][9319.604s][info][gc,marking  ] GC(1747) Concurrent Clear Claimed Marks
[2024-05-30T13:09:40.185+0000][9319.604s][info][gc,marking  ] GC(1747) Concurrent Clear Claimed Marks 0.422ms
[2024-05-30T13:09:40.185+0000][9319.604s][info][gc,marking  ] GC(1747) Concurrent Scan Root Regions
[2024-05-30T13:09:40.239+0000][9319.658s][info][gc,marking  ] GC(1747) Concurrent Scan Root Regions 53.991ms
[2024-05-30T13:09:40.239+0000][9319.658s][info][gc,marking  ] GC(1747) Concurrent Mark
[2024-05-30T13:09:40.239+0000][9319.658s][info][gc,marking  ] GC(1747) Concurrent Mark From Roots
[2024-05-30T13:09:40.239+0000][9319.658s][info][gc,task     ] GC(1747) Using 2 workers of 2 for marking
[2024-05-30T13:09:43.064+0000][9322.484s][info][gc,marking  ] GC(1747) Concurrent Mark From Roots 2825.488ms
[2024-05-30T13:09:43.064+0000][9322.484s][info][gc,marking  ] GC(1747) Concurrent Preclean
[2024-05-30T13:09:43.065+0000][9322.485s][info][gc,marking  ] GC(1747) Concurrent Preclean 0.988ms
[2024-05-30T13:09:43.065+0000][9322.485s][info][gc,start    ] GC(1747) Pause Remark
[2024-05-30T13:09:43.089+0000][9322.508s][info][gc          ] GC(1747) Pause Remark 6041M->6041M(12288M) 23.760ms
[2024-05-30T13:09:43.089+0000][9322.509s][info][gc,cpu      ] GC(1747) User=0.11s Sys=0.00s Real=0.03s
[2024-05-30T13:09:43.089+0000][9322.509s][info][gc,marking  ] GC(1747) Concurrent Mark 2850.622ms
[2024-05-30T13:09:43.089+0000][9322.509s][info][gc,marking  ] GC(1747) Concurrent Rebuild Remembered Sets
[2024-05-30T13:09:44.488+0000][9323.907s][info][gc,marking  ] GC(1747) Concurrent Rebuild Remembered Sets 1398.687ms
[2024-05-30T13:09:44.488+0000][9323.908s][info][gc,start    ] GC(1747) Pause Cleanup
[2024-05-30T13:09:44.489+0000][9323.908s][info][gc          ] GC(1747) Pause Cleanup 7001M->7001M(12288M) 0.622ms
[2024-05-30T13:09:44.489+0000][9323.908s][info][gc,cpu      ] GC(1747) User=0.00s Sys=0.00s Real=0.01s
[2024-05-30T13:09:44.489+0000][9323.908s][info][gc,marking  ] GC(1747) Concurrent Cleanup for Next Mark
[2024-05-30T13:09:44.506+0000][9323.925s][info][gc,marking  ] GC(1747) Concurrent Cleanup for Next Mark 16.843ms
[2024-05-30T13:09:44.506+0000][9323.925s][info][gc          ] GC(1747) Concurrent Mark Cycle 4321.678ms
[2024-05-30T13:09:48.293+0000][9327.712s][info][gc,start    ] GC(1748) Pause Young (Prepare Mixed) (G1 Evacuation Pause)
[2024-05-30T13:09:48.293+0000][9327.712s][info][gc,task     ] GC(1748) Using 6 workers of 6 for evacuation
[2024-05-30T13:09:48.349+0000][9327.768s][info][gc,phases   ] GC(1748)   Pre Evacuate Collection Set: 0.2ms
[2024-05-30T13:09:48.349+0000][9327.768s][info][gc,phases   ] GC(1748)   Merge Heap Roots: 0.4ms
[2024-05-30T13:09:48.349+0000][9327.768s][info][gc,phases   ] GC(1748)   Evacuate Collection Set: 53.4ms
[2024-05-30T13:09:48.349+0000][9327.768s][info][gc,phases   ] GC(1748)   Post Evacuate Collection Set: 1.8ms
[2024-05-30T13:09:48.349+0000][9327.768s][info][gc,phases   ] GC(1748)   Other: 0.2ms
[2024-05-30T13:09:48.349+0000][9327.768s][info][gc,heap     ] GC(1748) Eden regions: 804->0(59)
[2024-05-30T13:09:48.349+0000][9327.768s][info][gc,heap     ] GC(1748) Survivor regions: 14->17(103)
[2024-05-30T13:09:48.349+0000][9327.768s][info][gc,heap     ] GC(1748) Old regions: 387->387
[2024-05-30T13:09:48.349+0000][9327.768s][info][gc,heap     ] GC(1748) Archive regions: 2->2
[2024-05-30T13:09:48.349+0000][9327.768s][info][gc,heap     ] GC(1748) Humongous regions: 5->5
[2024-05-30T13:09:48.349+0000][9327.768s][info][gc,metaspace] GC(1748) Metaspace: 432890K(439808K)->432890K(439808K) NonClass: 378961K(382976K)->378961K(382976K) Class: 53929K(56832K)->53929K(56832K)
[2024-05-30T13:09:48.349+0000][9327.768s][info][gc          ] GC(1748) Pause Young (Prepare Mixed) (G1 Evacuation Pause) 9681M->3271M(12288M) 55.985ms
[2024-05-30T13:09:48.349+0000][9327.768s][info][gc,cpu      ] GC(1748) User=0.33s Sys=0.01s Real=0.06s
[2024-05-30T13:09:49.044+0000][9328.464s][info][gc,start    ] GC(1749) Pause Young (Mixed) (G1 Evacuation Pause)
[2024-05-30T13:09:49.044+0000][9328.464s][info][gc,task     ] GC(1749) Using 6 workers of 6 for evacuation
[2024-05-30T13:09:49.129+0000][9328.548s][info][gc,phases   ] GC(1749)   Pre Evacuate Collection Set: 0.2ms
[2024-05-30T13:09:49.129+0000][9328.548s][info][gc,phases   ] GC(1749)   Merge Heap Roots: 0.3ms
[2024-05-30T13:09:49.129+0000][9328.548s][info][gc,phases   ] GC(1749)   Evacuate Collection Set: 82.5ms
[2024-05-30T13:09:49.129+0000][9328.548s][info][gc,phases   ] GC(1749)   Post Evacuate Collection Set: 1.3ms
[2024-05-30T13:09:49.129+0000][9328.548s][info][gc,phases   ] GC(1749)   Other: 0.2ms
[2024-05-30T13:09:49.129+0000][9328.548s][info][gc,heap     ] GC(1749) Eden regions: 59->0(814)
[2024-05-30T13:09:49.129+0000][9328.548s][info][gc,heap     ] GC(1749) Survivor regions: 17->5(10)
[2024-05-30T13:09:49.129+0000][9328.548s][info][gc,heap     ] GC(1749) Old regions: 387->387
[2024-05-30T13:09:49.129+0000][9328.548s][info][gc,heap     ] GC(1749) Archive regions: 2->2
[2024-05-30T13:09:49.129+0000][9328.548s][info][gc,heap     ] GC(1749) Humongous regions: 5->5
[2024-05-30T13:09:49.129+0000][9328.548s][info][gc,metaspace] GC(1749) Metaspace: 432890K(439808K)->432890K(439808K) NonClass: 378961K(382976K)->378961K(382976K) Class: 53929K(56832K)->53929K(56832K)
[2024-05-30T13:09:49.129+0000][9328.548s][info][gc          ] GC(1749) Pause Young (Mixed) (G1 Evacuation Pause) 3743M->3172M(12288M) 84.483ms
[2024-05-30T13:09:49.129+0000][9328.548s][info][gc,cpu      ] GC(1749) User=0.50s Sys=0.00s Real=0.09s
[2024-05-30T13:09:58.088+0000][9337.508s][info][gc,start    ] GC(1750) Pause Young (Normal) (G1 Evacuation Pause)
[2024-05-30T13:09:58.088+0000][9337.508s][info][gc,task     ] GC(1750) Using 6 workers of 6 for evacuation
[2024-05-30T13:09:58.109+0000][9337.528s][info][gc,phases   ] GC(1750)   Pre Evacuate Collection Set: 0.2ms
[2024-05-30T13:09:58.109+0000][9337.528s][info][gc,phases   ] GC(1750)   Merge Heap Roots: 0.2ms
[2024-05-30T13:09:58.109+0000][9337.528s][info][gc,phases   ] GC(1750)   Evacuate Collection Set: 17.9ms
[2024-05-30T13:09:58.109+0000][9337.528s][info][gc,phases   ] GC(1750)   Post Evacuate Collection Set: 1.9ms
[2024-05-30T13:09:58.109+0000][9337.528s][info][gc,phases   ] GC(1750)   Other: 0.2ms
[2024-05-30T13:09:58.109+0000][9337.528s][info][gc,heap     ] GC(1750) Eden regions: 814->0(812)
[2024-05-30T13:09:58.109+0000][9337.528s][info][gc,heap     ] GC(1750) Survivor regions: 5->8(103)
[2024-05-30T13:09:58.109+0000][9337.528s][info][gc,heap     ] GC(1750) Old regions: 387->387
[2024-05-30T13:09:58.109+0000][9337.528s][info][gc,heap     ] GC(1750) Archive regions: 2->2
[2024-05-30T13:09:58.109+0000][9337.528s][info][gc,heap     ] GC(1750) Humongous regions: 5->5
[2024-05-30T13:09:58.109+0000][9337.528s][info][gc,metaspace] GC(1750) Metaspace: 432892K(439808K)->432892K(439808K) NonClass: 378963K(382976K)->378963K(382976K) Class: 53929K(56832K)->53929K(56832K)
[2024-05-30T13:09:58.109+0000][9337.528s][info][gc          ] GC(1750) Pause Young (Normal) (G1 Evacuation Pause) 9684M->3197M(12288M) 20.439ms
[2024-05-30T13:09:58.109+0000][9337.528s][info][gc,cpu      ] GC(1750) User=0.12s Sys=0.00s Real=0.02s
[2024-05-30T13:10:06.994+0000][9346.413s][info][gc,start    ] GC(1751) Pause Young (Normal) (G1 Evacuation Pause)
[2024-05-30T13:10:06.994+0000][9346.413s][info][gc,task     ] GC(1751) Using 6 workers of 6 for evacuation
[2024-05-30T13:10:07.018+0000][9346.437s][info][gc,phases   ] GC(1751)   Pre Evacuate Collection Set: 0.2ms
[2024-05-30T13:10:07.018+0000][9346.437s][info][gc,phases   ] GC(1751)   Merge Heap Roots: 0.2ms
[2024-05-30T13:10:07.018+0000][9346.437s][info][gc,phases   ] GC(1751)   Evacuate Collection Set: 22.2ms
[2024-05-30T13:10:07.018+0000][9346.437s][info][gc,phases   ] GC(1751)   Post Evacuate Collection Set: 1.8ms
[2024-05-30T13:10:07.018+0000][9346.437s][info][gc,phases   ] GC(1751)   Other: 0.2ms
[2024-05-30T13:10:07.018+0000][9346.437s][info][gc,heap     ] GC(1751) Eden regions: 812->0(811)
[2024-05-30T13:10:07.018+0000][9346.438s][info][gc,heap     ] GC(1751) Survivor regions: 8->9(103)
[2024-05-30T13:10:07.018+0000][9346.438s][info][gc,heap     ] GC(1751) Old regions: 387->387
[2024-05-30T13:10:07.018+0000][9346.438s][info][gc,heap     ] GC(1751) Archive regions: 2->2
[2024-05-30T13:10:07.018+0000][9346.438s][info][gc,heap     ] GC(1751) Humongous regions: 5->5
[2024-05-30T13:10:07.018+0000][9346.438s][info][gc,metaspace] GC(1751) Metaspace: 432893K(439808K)->432893K(439808K) NonClass: 378964K(382976K)->378964K(382976K) Class: 53929K(56832K)->53929K(56832K)
[2024-05-30T13:10:07.018+0000][9346.438s][info][gc          ] GC(1751) Pause Young (Normal) (G1 Evacuation Pause) 9693M->3208M(12288M) 24.673ms
[2024-05-30T13:10:07.018+0000][9346.438s][info][gc,cpu      ] GC(1751) User=0.14s Sys=0.00s Real=0.03s
[2024-05-30T13:10:16.036+0000][9355.455s][info][gc,start    ] GC(1752) Pause Young (Concurrent Start) (G1 Evacuation Pause)
[2024-05-30T13:10:16.036+0000][9355.455s][info][gc,task     ] GC(1752) Using 6 workers of 6 for evacuation
[2024-05-30T13:10:16.073+0000][9355.492s][info][gc,phases   ] GC(1752)   Pre Evacuate Collection Set: 0.7ms
[2024-05-30T13:10:16.073+0000][9355.493s][info][gc,phases   ] GC(1752)   Merge Heap Roots: 0.2ms
[2024-05-30T13:10:16.073+0000][9355.493s][info][gc,phases   ] GC(1752)   Evacuate Collection Set: 34.7ms
[2024-05-30T13:10:16.073+0000][9355.493s][info][gc,phases   ] GC(1752)   Post Evacuate Collection Set: 1.8ms
[2024-05-30T13:10:16.073+0000][9355.493s][info][gc,phases   ] GC(1752)   Other: 0.4ms
[2024-05-30T13:10:16.073+0000][9355.493s][info][gc,heap     ] GC(1752) Eden regions: 811->0(807)
[2024-05-30T13:10:16.073+0000][9355.493s][info][gc,heap     ] GC(1752) Survivor regions: 9->13(103)
[2024-05-30T13:10:16.073+0000][9355.493s][info][gc,heap     ] GC(1752) Old regions: 387->387
[2024-05-30T13:10:16.073+0000][9355.493s][info][gc,heap     ] GC(1752) Archive regions: 2->2
[2024-05-30T13:10:16.073+0000][9355.493s][info][gc,heap     ] GC(1752) Humongous regions: 5->5
[2024-05-30T13:10:16.073+0000][9355.493s][info][gc,metaspace] GC(1752) Metaspace: 432893K(439808K)->432893K(439808K) NonClass: 378964K(382976K)->378964K(382976K) Class: 53929K(56832K)->53929K(56832K)
[2024-05-30T13:10:16.073+0000][9355.493s][info][gc          ] GC(1752) Pause Young (Concurrent Start) (G1 Evacuation Pause) 9696M->3236M(12288M) 37.836ms
[2024-05-30T13:10:16.073+0000][9355.493s][info][gc,cpu      ] GC(1752) User=0.22s Sys=0.00s Real=0.04s
[2024-05-30T13:10:16.073+0000][9355.493s][info][gc          ] GC(1753) Concurrent Mark Cycle
[2024-05-30T13:10:16.073+0000][9355.493s][info][gc,marking  ] GC(1753) Concurrent Clear Claimed Marks
[2024-05-30T13:10:16.074+0000][9355.493s][info][gc,marking  ] GC(1753) Concurrent Clear Claimed Marks 0.409ms
[2024-05-30T13:10:16.074+0000][9355.493s][info][gc,marking  ] GC(1753) Concurrent Scan Root Regions
[2024-05-30T13:10:16.099+0000][9355.519s][info][gc,marking  ] GC(1753) Concurrent Scan Root Regions 25.579ms
[2024-05-30T13:10:16.100+0000][9355.519s][info][gc,marking  ] GC(1753) Concurrent Mark
[2024-05-30T13:10:16.100+0000][9355.519s][info][gc,marking  ] GC(1753) Concurrent Mark From Roots
[2024-05-30T13:10:16.100+0000][9355.519s][info][gc,task     ] GC(1753) Using 2 workers of 2 for marking
[2024-05-30T13:10:18.823+0000][9358.242s][info][gc,marking  ] GC(1753) Concurrent Mark From Roots 2723.504ms
[2024-05-30T13:10:18.823+0000][9358.242s][info][gc,marking  ] GC(1753) Concurrent Preclean
[2024-05-30T13:10:18.824+0000][9358.243s][info][gc,marking  ] GC(1753) Concurrent Preclean 1.164ms
[2024-05-30T13:10:18.824+0000][9358.244s][info][gc,start    ] GC(1753) Pause Remark
[2024-05-30T13:10:18.868+0000][9358.287s][info][gc          ] GC(1753) Pause Remark 5076M->5076M(12288M) 43.220ms
[2024-05-30T13:10:18.868+0000][9358.287s][info][gc,cpu      ] GC(1753) User=0.22s Sys=0.00s Real=0.04s
[2024-05-30T13:10:18.868+0000][9358.287s][info][gc,marking  ] GC(1753) Concurrent Mark 2768.387ms
[2024-05-30T13:10:18.868+0000][9358.287s][info][gc,marking  ] GC(1753) Concurrent Rebuild Remembered Sets
[2024-05-30T13:10:20.330+0000][9359.749s][info][gc,marking  ] GC(1753) Concurrent Rebuild Remembered Sets 1461.949ms
[2024-05-30T13:10:20.330+0000][9359.749s][info][gc,start    ] GC(1753) Pause Cleanup
[2024-05-30T13:10:20.331+0000][9359.750s][info][gc          ] GC(1753) Pause Cleanup 6060M->6060M(12288M) 0.622ms
[2024-05-30T13:10:20.331+0000][9359.750s][info][gc,cpu      ] GC(1753) User=0.01s Sys=0.00s Real=0.00s
[2024-05-30T13:10:20.331+0000][9359.750s][info][gc,marking  ] GC(1753) Concurrent Cleanup for Next Mark
[2024-05-30T13:10:20.348+0000][9359.767s][info][gc,marking  ] GC(1753) Concurrent Cleanup for Next Mark 16.939ms
[2024-05-30T13:10:20.348+0000][9359.767s][info][gc          ] GC(1753) Concurrent Mark Cycle 4274.308ms
[2024-05-30T13:10:25.071+0000][9364.490s][info][gc,start    ] GC(1754) Pause Young (Prepare Mixed) (G1 Evacuation Pause)
[2024-05-30T13:10:25.071+0000][9364.490s][info][gc,task     ] GC(1754) Using 6 workers of 6 for evacuation
[2024-05-30T13:10:25.114+0000][9364.533s][info][gc,phases   ] GC(1754)   Pre Evacuate Collection Set: 0.2ms
[2024-05-30T13:10:25.114+0000][9364.533s][info][gc,phases   ] GC(1754)   Merge Heap Roots: 0.3ms
[2024-05-30T13:10:25.114+0000][9364.533s][info][gc,phases   ] GC(1754)   Evacuate Collection Set: 40.3ms
[2024-05-30T13:10:25.114+0000][9364.533s][info][gc,phases   ] GC(1754)   Post Evacuate Collection Set: 2.0ms
[2024-05-30T13:10:25.114+0000][9364.533s][info][gc,phases   ] GC(1754)   Other: 0.2ms
[2024-05-30T13:10:25.114+0000][9364.533s][info][gc,heap     ] GC(1754) Eden regions: 807->0(61)
[2024-05-30T13:10:25.114+0000][9364.533s][info][gc,heap     ] GC(1754) Survivor regions: 13->15(103)
[2024-05-30T13:10:25.114+0000][9364.533s][info][gc,heap     ] GC(1754) Old regions: 387->387
[2024-05-30T13:10:25.114+0000][9364.533s][info][gc,heap     ] GC(1754) Archive regions: 2->2
[2024-05-30T13:10:25.114+0000][9364.533s][info][gc,heap     ] GC(1754) Humongous regions: 5->5
[2024-05-30T13:10:25.114+0000][9364.533s][info][gc,metaspace] GC(1754) Metaspace: 432890K(439808K)->432890K(439808K) NonClass: 378961K(382976K)->378961K(382976K) Class: 53928K(56832K)->53928K(56832K)
[2024-05-30T13:10:25.114+0000][9364.533s][info][gc          ] GC(1754) Pause Young (Prepare Mixed) (G1 Evacuation Pause) 9692M->3250M(12288M) 43.149ms
[2024-05-30T13:10:25.114+0000][9364.533s][info][gc,cpu      ] GC(1754) User=0.26s Sys=0.00s Real=0.04s
[2024-05-30T13:10:25.767+0000][9365.187s][info][gc,start    ] GC(1755) Pause Young (Mixed) (G1 Evacuation Pause)
[2024-05-30T13:10:25.767+0000][9365.187s][info][gc,task     ] GC(1755) Using 6 workers of 6 for evacuation
[2024-05-30T13:10:25.846+0000][9365.266s][info][gc,phases   ] GC(1755)   Pre Evacuate Collection Set: 0.2ms
[2024-05-30T13:10:25.846+0000][9365.266s][info][gc,phases   ] GC(1755)   Merge Heap Roots: 0.4ms
[2024-05-30T13:10:25.846+0000][9365.266s][info][gc,phases   ] GC(1755)   Evacuate Collection Set: 77.1ms
[2024-05-30T13:10:25.846+0000][9365.266s][info][gc,phases   ] GC(1755)   Post Evacuate Collection Set: 1.4ms
[2024-05-30T13:10:25.846+0000][9365.266s][info][gc,phases   ] GC(1755)   Other: 0.2ms
[2024-05-30T13:10:25.846+0000][9365.266s][info][gc,heap     ] GC(1755) Eden regions: 61->0(815)
[2024-05-30T13:10:25.847+0000][9365.266s][info][gc,heap     ] GC(1755) Survivor regions: 15->5(10)
[2024-05-30T13:10:25.847+0000][9365.266s][info][gc,heap     ] GC(1755) Old regions: 387->387
[2024-05-30T13:10:25.847+0000][9365.266s][info][gc,heap     ] GC(1755) Archive regions: 2->2
[2024-05-30T13:10:25.847+0000][9365.266s][info][gc,heap     ] GC(1755) Humongous regions: 5->5
[2024-05-30T13:10:25.847+0000][9365.266s][info][gc,metaspace] GC(1755) Metaspace: 432890K(439808K)->432890K(439808K) NonClass: 378961K(382976K)->378961K(382976K) Class: 53928K(56832K)->53928K(56832K)
[2024-05-30T13:10:25.847+0000][9365.266s][info][gc          ] GC(1755) Pause Young (Mixed) (G1 Evacuation Pause) 3738M->3176M(12288M) 79.291ms
[2024-05-30T13:10:25.847+0000][9365.266s][info][gc,cpu      ] GC(1755) User=0.47s Sys=0.00s Real=0.08s
[2024-05-30T13:10:34.516+0000][9373.935s][info][gc,start    ] GC(1756) Pause Young (Normal) (G1 Evacuation Pause)
[2024-05-30T13:10:34.516+0000][9373.935s][info][gc,task     ] GC(1756) Using 6 workers of 6 for evacuation
[2024-05-30T13:10:34.550+0000][9373.970s][info][gc,phases   ] GC(1756)   Pre Evacuate Collection Set: 0.3ms
[2024-05-30T13:10:34.550+0000][9373.970s][info][gc,phases   ] GC(1756)   Merge Heap Roots: 0.3ms
[2024-05-30T13:10:34.550+0000][9373.970s][info][gc,phases   ] GC(1756)   Evacuate Collection Set: 31.8ms
[2024-05-30T13:10:34.550+0000][9373.970s][info][gc,phases   ] GC(1756)   Post Evacuate Collection Set: 1.8ms
[2024-05-30T13:10:34.550+0000][9373.970s][info][gc,phases   ] GC(1756)   Other: 0.2ms
[2024-05-30T13:10:34.550+0000][9373.970s][info][gc,heap     ] GC(1756) Eden regions: 815->0(807)
[2024-05-30T13:10:34.550+0000][9373.970s][info][gc,heap     ] GC(1756) Survivor regions: 5->10(103)
[2024-05-30T13:10:34.550+0000][9373.970s][info][gc,heap     ] GC(1756) Old regions: 387->387
[2024-05-30T13:10:34.550+0000][9373.970s][info][gc,heap     ] GC(1756) Archive regions: 2->2
[2024-05-30T13:10:34.550+0000][9373.970s][info][gc,heap     ] GC(1756) Humongous regions: 6->6
[2024-05-30T13:10:34.550+0000][9373.970s][info][gc,metaspace] GC(1756) Metaspace: 432890K(439808K)->432890K(439808K) NonClass: 378961K(382976K)->378961K(382976K) Class: 53928K(56832K)->53928K(56832K)
[2024-05-30T13:10:34.551+0000][9373.970s][info][gc          ] GC(1756) Pause Young (Normal) (G1 Evacuation Pause) 9704M->3220M(12288M) 34.402ms
[2024-05-30T13:10:34.551+0000][9373.970s][info][gc,cpu      ] GC(1756) User=0.19s Sys=0.02s Real=0.04s
[2024-05-30T13:10:37.468+0000][9376.887s][info][gc,start    ] GC(1757) Pause Young (Normal) (G1 Evacuation Pause)
[2024-05-30T13:10:37.468+0000][9376.887s][info][gc,task     ] GC(1757) Using 6 workers of 6 for evacuation
[2024-05-30T13:10:37.546+0000][9376.965s][info][gc,phases   ] GC(1757)   Pre Evacuate Collection Set: 0.2ms
[2024-05-30T13:10:37.546+0000][9376.965s][info][gc,phases   ] GC(1757)   Merge Heap Roots: 0.6ms
[2024-05-30T13:10:37.546+0000][9376.965s][info][gc,phases   ] GC(1757)   Evacuate Collection Set: 64.9ms
[2024-05-30T13:10:37.546+0000][9376.965s][info][gc,phases   ] GC(1757)   Post Evacuate Collection Set: 12.4ms
[2024-05-30T13:10:37.546+0000][9376.965s][info][gc,phases   ] GC(1757)   Other: 0.2ms
[2024-05-30T13:10:37.546+0000][9376.965s][info][gc,heap     ] GC(1757) Eden regions: 807->0(802)
[2024-05-30T13:10:37.546+0000][9376.965s][info][gc,heap     ] GC(1757) Survivor regions: 10->14(103)
[2024-05-30T13:10:37.546+0000][9376.965s][info][gc,heap     ] GC(1757) Old regions: 387->387
[2024-05-30T13:10:37.546+0000][9376.965s][info][gc,heap     ] GC(1757) Archive regions: 2->2
[2024-05-30T13:10:37.546+0000][9376.965s][info][gc,heap     ] GC(1757) Humongous regions: 6->6
[2024-05-30T13:10:37.546+0000][9376.965s][info][gc,metaspace] GC(1757) Metaspace: 432890K(439808K)->432890K(439808K) NonClass: 378961K(382976K)->378961K(382976K) Class: 53928K(56832K)->53928K(56832K)
[2024-05-30T13:10:37.546+0000][9376.965s][info][gc          ] GC(1757) Pause Young (Normal) (G1 Evacuation Pause) 9676M->3255M(12288M) 78.252ms
[2024-05-30T13:10:37.546+0000][9376.965s][info][gc,cpu      ] GC(1757) User=0.46s Sys=0.00s Real=0.08s
[2024-05-30T13:10:40.213+0000][9379.632s][info][gc,start    ] GC(1758) Pause Young (Concurrent Start) (G1 Evacuation Pause)
[2024-05-30T13:10:40.213+0000][9379.632s][info][gc,task     ] GC(1758) Using 6 workers of 6 for evacuation
[2024-05-30T13:10:40.307+0000][9379.726s][info][gc,phases   ] GC(1758)   Pre Evacuate Collection Set: 0.6ms
[2024-05-30T13:10:40.307+0000][9379.726s][info][gc,phases   ] GC(1758)   Merge Heap Roots: 0.5ms
[2024-05-30T13:10:40.307+0000][9379.726s][info][gc,phases   ] GC(1758)   Evacuate Collection Set: 78.0ms
[2024-05-30T13:10:40.307+0000][9379.726s][info][gc,phases   ] GC(1758)   Post Evacuate Collection Set: 14.2ms
[2024-05-30T13:10:40.307+0000][9379.726s][info][gc,phases   ] GC(1758)   Other: 0.3ms
[2024-05-30T13:10:40.307+0000][9379.726s][info][gc,heap     ] GC(1758) Eden regions: 802->0(797)
[2024-05-30T13:10:40.307+0000][9379.726s][info][gc,heap     ] GC(1758) Survivor regions: 14->18(102)
[2024-05-30T13:10:40.307+0000][9379.726s][info][gc,heap     ] GC(1758) Old regions: 387->387
[2024-05-30T13:10:40.307+0000][9379.726s][info][gc,heap     ] GC(1758) Archive regions: 2->2
[2024-05-30T13:10:40.307+0000][9379.726s][info][gc,heap     ] GC(1758) Humongous regions: 6->6
[2024-05-30T13:10:40.307+0000][9379.726s][info][gc,metaspace] GC(1758) Metaspace: 432892K(439808K)->432892K(439808K) NonClass: 378964K(382976K)->378964K(382976K) Class: 53928K(56832K)->53928K(56832K)
[2024-05-30T13:10:40.307+0000][9379.726s][info][gc          ] GC(1758) Pause Young (Concurrent Start) (G1 Evacuation Pause) 9671M->3283M(12288M) 93.685ms
[2024-05-30T13:10:40.307+0000][9379.726s][info][gc,cpu      ] GC(1758) User=0.54s Sys=0.00s Real=0.09s
[2024-05-30T13:10:40.307+0000][9379.726s][info][gc          ] GC(1759) Concurrent Mark Cycle
[2024-05-30T13:10:40.307+0000][9379.726s][info][gc,marking  ] GC(1759) Concurrent Clear Claimed Marks
[2024-05-30T13:10:40.307+0000][9379.727s][info][gc,marking  ] GC(1759) Concurrent Clear Claimed Marks 0.414ms
[2024-05-30T13:10:40.307+0000][9379.727s][info][gc,marking  ] GC(1759) Concurrent Scan Root Regions
[2024-05-30T13:10:40.396+0000][9379.815s][info][gc,marking  ] GC(1759) Concurrent Scan Root Regions 88.561ms
[2024-05-30T13:10:40.396+0000][9379.815s][info][gc,marking  ] GC(1759) Concurrent Mark
[2024-05-30T13:10:40.396+0000][9379.815s][info][gc,marking  ] GC(1759) Concurrent Mark From Roots
[2024-05-30T13:10:40.396+0000][9379.815s][info][gc,task     ] GC(1759) Using 2 workers of 2 for marking
[2024-05-30T13:10:43.160+0000][9382.579s][info][gc,marking  ] GC(1759) Concurrent Mark From Roots 2763.883ms
[2024-05-30T13:10:43.160+0000][9382.579s][info][gc,marking  ] GC(1759) Concurrent Preclean
[2024-05-30T13:10:43.161+0000][9382.580s][info][gc,marking  ] GC(1759) Concurrent Preclean 1.227ms
[2024-05-30T13:10:43.161+0000][9382.581s][info][gc,start    ] GC(1759) Pause Remark
[2024-05-30T13:10:43.205+0000][9382.624s][info][gc          ] GC(1759) Pause Remark 6035M->6035M(12288M) 43.289ms
[2024-05-30T13:10:43.205+0000][9382.624s][info][gc,cpu      ] GC(1759) User=0.22s Sys=0.00s Real=0.04s
[2024-05-30T13:10:43.205+0000][9382.624s][info][gc,marking  ] GC(1759) Concurrent Mark 2808.991ms
[2024-05-30T13:10:43.205+0000][9382.624s][info][gc,marking  ] GC(1759) Concurrent Rebuild Remembered Sets
[2024-05-30T13:10:44.724+0000][9384.143s][info][gc,marking  ] GC(1759) Concurrent Rebuild Remembered Sets 1519.102ms
[2024-05-30T13:10:44.724+0000][9384.143s][info][gc,start    ] GC(1759) Pause Cleanup
[2024-05-30T13:10:44.725+0000][9384.144s][info][gc          ] GC(1759) Pause Cleanup 8239M->8239M(12288M) 0.677ms
[2024-05-30T13:10:44.725+0000][9384.144s][info][gc,cpu      ] GC(1759) User=0.01s Sys=0.00s Real=0.00s
[2024-05-30T13:10:44.725+0000][9384.144s][info][gc,marking  ] GC(1759) Concurrent Cleanup for Next Mark
[2024-05-30T13:10:44.754+0000][9384.173s][info][gc,marking  ] GC(1759) Concurrent Cleanup for Next Mark 29.087ms
[2024-05-30T13:10:44.754+0000][9384.173s][info][gc          ] GC(1759) Concurrent Mark Cycle 4447.253ms
[2024-05-30T13:10:45.676+0000][9385.095s][info][gc,start    ] GC(1760) Pause Young (Prepare Mixed) (G1 Evacuation Pause)
[2024-05-30T13:10:45.676+0000][9385.095s][info][gc,task     ] GC(1760) Using 6 workers of 6 for evacuation
[2024-05-30T13:10:45.719+0000][9385.138s][info][gc,phases   ] GC(1760)   Pre Evacuate Collection Set: 0.2ms
[2024-05-30T13:10:45.719+0000][9385.138s][info][gc,phases   ] GC(1760)   Merge Heap Roots: 0.5ms
[2024-05-30T13:10:45.719+0000][9385.138s][info][gc,phases   ] GC(1760)   Evacuate Collection Set: 40.2ms
[2024-05-30T13:10:45.719+0000][9385.138s][info][gc,phases   ] GC(1760)   Post Evacuate Collection Set: 1.9ms
[2024-05-30T13:10:45.719+0000][9385.138s][info][gc,phases   ] GC(1760)   Other: 0.2ms
[2024-05-30T13:10:45.719+0000][9385.138s][info][gc,heap     ] GC(1760) Eden regions: 797->0(65)
[2024-05-30T13:10:45.719+0000][9385.138s][info][gc,heap     ] GC(1760) Survivor regions: 18->11(102)
[2024-05-30T13:10:45.719+0000][9385.138s][info][gc,heap     ] GC(1760) Old regions: 387->387
[2024-05-30T13:10:45.719+0000][9385.138s][info][gc,heap     ] GC(1760) Archive regions: 2->2
[2024-05-30T13:10:45.719+0000][9385.138s][info][gc,heap     ] GC(1760) Humongous regions: 6->6
[2024-05-30T13:10:45.719+0000][9385.138s][info][gc,metaspace] GC(1760) Metaspace: 432818K(439808K)->432818K(439808K) NonClass: 378906K(382976K)->378906K(382976K) Class: 53911K(56832K)->53911K(56832K)
[2024-05-30T13:10:45.719+0000][9385.138s][info][gc          ] GC(1760) Pause Young (Prepare Mixed) (G1 Evacuation Pause) 9659M->3232M(12288M) 43.069ms
[2024-05-30T13:10:45.719+0000][9385.138s][info][gc,cpu      ] GC(1760) User=0.26s Sys=0.00s Real=0.05s
[2024-05-30T13:10:46.029+0000][9385.448s][info][gc,start    ] GC(1761) Pause Young (Mixed) (G1 Evacuation Pause)
[2024-05-30T13:10:46.029+0000][9385.448s][info][gc,task     ] GC(1761) Using 6 workers of 6 for evacuation
[2024-05-30T13:10:46.105+0000][9385.524s][info][gc,phases   ] GC(1761)   Pre Evacuate Collection Set: 0.2ms
[2024-05-30T13:10:46.105+0000][9385.524s][info][gc,phases   ] GC(1761)   Merge Heap Roots: 0.4ms
[2024-05-30T13:10:46.105+0000][9385.524s][info][gc,phases   ] GC(1761)   Evacuate Collection Set: 73.8ms
[2024-05-30T13:10:46.105+0000][9385.524s][info][gc,phases   ] GC(1761)   Post Evacuate Collection Set: 1.3ms
[2024-05-30T13:10:46.105+0000][9385.524s][info][gc,phases   ] GC(1761)   Other: 0.2ms
[2024-05-30T13:10:46.105+0000][9385.524s][info][gc,heap     ] GC(1761) Eden regions: 65->0(820)
[2024-05-30T13:10:46.105+0000][9385.524s][info][gc,heap     ] GC(1761) Survivor regions: 11->5(10)
[2024-05-30T13:10:46.105+0000][9385.524s][info][gc,heap     ] GC(1761) Old regions: 387->380
[2024-05-30T13:10:46.105+0000][9385.524s][info][gc,heap     ] GC(1761) Archive regions: 2->2
[2024-05-30T13:10:46.105+0000][9385.524s][info][gc,heap     ] GC(1761) Humongous regions: 6->6
[2024-05-30T13:10:46.105+0000][9385.524s][info][gc,metaspace] GC(1761) Metaspace: 432818K(439808K)->432818K(439808K) NonClass: 378906K(382976K)->378906K(382976K) Class: 53911K(56832K)->53911K(56832K)
[2024-05-30T13:10:46.105+0000][9385.524s][info][gc          ] GC(1761) Pause Young (Mixed) (G1 Evacuation Pause) 3752M->3127M(12288M) 75.881ms
[2024-05-30T13:10:46.105+0000][9385.524s][info][gc,cpu      ] GC(1761) User=0.45s Sys=0.00s Real=0.07s
[2024-05-30T13:10:54.457+0000][9393.876s][info][gc,start    ] GC(1762) Pause Young (Normal) (G1 Evacuation Pause)
[2024-05-30T13:10:54.457+0000][9393.876s][info][gc,task     ] GC(1762) Using 6 workers of 6 for evacuation
[2024-05-30T13:10:54.481+0000][9393.900s][info][gc,phases   ] GC(1762)   Pre Evacuate Collection Set: 0.2ms
[2024-05-30T13:10:54.481+0000][9393.900s][info][gc,phases   ] GC(1762)   Merge Heap Roots: 0.3ms
[2024-05-30T13:10:54.481+0000][9393.900s][info][gc,phases   ] GC(1762)   Evacuate Collection Set: 21.7ms
[2024-05-30T13:10:54.481+0000][9393.900s][info][gc,phases   ] GC(1762)   Post Evacuate Collection Set: 2.0ms
[2024-05-30T13:10:54.481+0000][9393.900s][info][gc,phases   ] GC(1762)   Other: 0.2ms
[2024-05-30T13:10:54.481+0000][9393.900s][info][gc,heap     ] GC(1762) Eden regions: 820->0(815)
[2024-05-30T13:10:54.481+0000][9393.900s][info][gc,heap     ] GC(1762) Survivor regions: 5->9(104)
[2024-05-30T13:10:54.481+0000][9393.900s][info][gc,heap     ] GC(1762) Old regions: 380->380
[2024-05-30T13:10:54.481+0000][9393.900s][info][gc,heap     ] GC(1762) Archive regions: 2->2
[2024-05-30T13:10:54.481+0000][9393.900s][info][gc,heap     ] GC(1762) Humongous regions: 6->6
[2024-05-30T13:10:54.481+0000][9393.900s][info][gc,metaspace] GC(1762) Metaspace: 432819K(439808K)->432819K(439808K) NonClass: 378907K(382976K)->378907K(382976K) Class: 53911K(56832K)->53911K(56832K)
[2024-05-30T13:10:54.481+0000][9393.900s][info][gc          ] GC(1762) Pause Young (Normal) (G1 Evacuation Pause) 9687M->3156M(12288M) 24.396ms
[2024-05-30T13:10:54.481+0000][9393.900s][info][gc,cpu      ] GC(1762) User=0.15s Sys=0.00s Real=0.02s
[2024-05-30T13:10:58.515+0000][9397.935s][info][gc,start    ] GC(1763) Pause Young (Normal) (G1 Evacuation Pause)
[2024-05-30T13:10:58.516+0000][9397.935s][info][gc,task     ] GC(1763) Using 6 workers of 6 for evacuation
[2024-05-30T13:10:58.605+0000][9398.024s][info][gc,phases   ] GC(1763)   Pre Evacuate Collection Set: 0.2ms
[2024-05-30T13:10:58.605+0000][9398.024s][info][gc,phases   ] GC(1763)   Merge Heap Roots: 0.2ms
[2024-05-30T13:10:58.605+0000][9398.024s][info][gc,phases   ] GC(1763)   Evacuate Collection Set: 69.4ms
[2024-05-30T13:10:58.605+0000][9398.024s][info][gc,phases   ] GC(1763)   Post Evacuate Collection Set: 19.6ms
[2024-05-30T13:10:58.605+0000][9398.024s][info][gc,phases   ] GC(1763)   Other: 0.3ms
[2024-05-30T13:10:58.605+0000][9398.024s][info][gc,heap     ] GC(1763) Eden regions: 815->0(807)
[2024-05-30T13:10:58.605+0000][9398.024s][info][gc,heap     ] GC(1763) Survivor regions: 9->15(103)
[2024-05-30T13:10:58.605+0000][9398.024s][info][gc,heap     ] GC(1763) Old regions: 380->380
[2024-05-30T13:10:58.605+0000][9398.024s][info][gc,heap     ] GC(1763) Archive regions: 2->2
[2024-05-30T13:10:58.605+0000][9398.024s][info][gc,heap     ] GC(1763) Humongous regions: 6->6
[2024-05-30T13:10:58.605+0000][9398.024s][info][gc,metaspace] GC(1763) Metaspace: 432819K(439808K)->432819K(439808K) NonClass: 378907K(382976K)->378907K(382976K) Class: 53911K(56832K)->53911K(56832K)
[2024-05-30T13:10:58.605+0000][9398.024s][info][gc          ] GC(1763) Pause Young (Normal) (G1 Evacuation Pause) 9676M->3205M(12288M) 89.669ms
[2024-05-30T13:10:58.605+0000][9398.024s][info][gc,cpu      ] GC(1763) User=0.52s Sys=0.00s Real=0.09s
[2024-05-30T13:11:01.077+0000][9400.496s][info][gc,start    ] GC(1764) Pause Young (Concurrent Start) (G1 Evacuation Pause)
[2024-05-30T13:11:01.077+0000][9400.496s][info][gc,task     ] GC(1764) Using 6 workers of 6 for evacuation
[2024-05-30T13:11:01.186+0000][9400.606s][info][gc,phases   ] GC(1764)   Pre Evacuate Collection Set: 0.6ms
[2024-05-30T13:11:01.186+0000][9400.606s][info][gc,phases   ] GC(1764)   Merge Heap Roots: 0.4ms
[2024-05-30T13:11:01.186+0000][9400.606s][info][gc,phases   ] GC(1764)   Evacuate Collection Set: 87.2ms
[2024-05-30T13:11:01.186+0000][9400.606s][info][gc,phases   ] GC(1764)   Post Evacuate Collection Set: 21.2ms
[2024-05-30T13:11:01.186+0000][9400.606s][info][gc,phases   ] GC(1764)   Other: 0.3ms
[2024-05-30T13:11:01.186+0000][9400.606s][info][gc,heap     ] GC(1764) Eden regions: 807->0(802)
[2024-05-30T13:11:01.186+0000][9400.606s][info][gc,heap     ] GC(1764) Survivor regions: 15->19(103)
[2024-05-30T13:11:01.186+0000][9400.606s][info][gc,heap     ] GC(1764) Old regions: 380->380
[2024-05-30T13:11:01.186+0000][9400.606s][info][gc,heap     ] GC(1764) Archive regions: 2->2
[2024-05-30T13:11:01.186+0000][9400.606s][info][gc,heap     ] GC(1764) Humongous regions: 6->6
[2024-05-30T13:11:01.186+0000][9400.606s][info][gc,metaspace] GC(1764) Metaspace: 432819K(439808K)->432819K(439808K) NonClass: 378907K(382976K)->378907K(382976K) Class: 53911K(56832K)->53911K(56832K)
[2024-05-30T13:11:01.186+0000][9400.606s][info][gc          ] GC(1764) Pause Young (Concurrent Start) (G1 Evacuation Pause) 9661M->3237M(12288M) 109.756ms
[2024-05-30T13:11:01.186+0000][9400.606s][info][gc,cpu      ] GC(1764) User=0.63s Sys=0.00s Real=0.10s
[2024-05-30T13:11:01.187+0000][9400.606s][info][gc          ] GC(1765) Concurrent Mark Cycle
[2024-05-30T13:11:01.187+0000][9400.606s][info][gc,marking  ] GC(1765) Concurrent Clear Claimed Marks
[2024-05-30T13:11:01.187+0000][9400.606s][info][gc,marking  ] GC(1765) Concurrent Clear Claimed Marks 0.412ms
[2024-05-30T13:11:01.187+0000][9400.606s][info][gc,marking  ] GC(1765) Concurrent Scan Root Regions
[2024-05-30T13:11:01.265+0000][9400.685s][info][gc,marking  ] GC(1765) Concurrent Scan Root Regions 78.492ms
[2024-05-30T13:11:01.265+0000][9400.685s][info][gc,marking  ] GC(1765) Concurrent Mark
[2024-05-30T13:11:01.266+0000][9400.685s][info][gc,marking  ] GC(1765) Concurrent Mark From Roots
[2024-05-30T13:11:01.266+0000][9400.685s][info][gc,task     ] GC(1765) Using 2 workers of 2 for marking
[2024-05-30T13:11:03.941+0000][9403.361s][info][gc,marking  ] GC(1765) Concurrent Mark From Roots 2675.842ms
[2024-05-30T13:11:03.941+0000][9403.361s][info][gc,marking  ] GC(1765) Concurrent Preclean
[2024-05-30T13:11:03.942+0000][9403.362s][info][gc,marking  ] GC(1765) Concurrent Preclean 0.943ms
[2024-05-30T13:11:03.943+0000][9403.362s][info][gc,start    ] GC(1765) Pause Remark
[2024-05-30T13:11:03.966+0000][9403.386s][info][gc          ] GC(1765) Pause Remark 9485M->9485M(12288M) 23.912ms
[2024-05-30T13:11:03.966+0000][9403.386s][info][gc,cpu      ] GC(1765) User=0.10s Sys=0.01s Real=0.02s
[2024-05-30T13:11:03.967+0000][9403.386s][info][gc,marking  ] GC(1765) Concurrent Mark 2701.093ms
[2024-05-30T13:11:03.967+0000][9403.386s][info][gc,marking  ] GC(1765) Concurrent Rebuild Remembered Sets
[2024-05-30T13:11:04.062+0000][9403.482s][info][gc,start    ] GC(1766) Pause Young (Normal) (G1 Evacuation Pause)
[2024-05-30T13:11:04.062+0000][9403.482s][info][gc,task     ] GC(1766) Using 6 workers of 6 for evacuation
[2024-05-30T13:11:04.163+0000][9403.582s][info][gc,phases   ] GC(1766)   Pre Evacuate Collection Set: 0.2ms
[2024-05-30T13:11:04.163+0000][9403.582s][info][gc,phases   ] GC(1766)   Merge Heap Roots: 0.5ms
[2024-05-30T13:11:04.163+0000][9403.582s][info][gc,phases   ] GC(1766)   Evacuate Collection Set: 85.7ms
[2024-05-30T13:11:04.163+0000][9403.582s][info][gc,phases   ] GC(1766)   Post Evacuate Collection Set: 13.6ms
[2024-05-30T13:11:04.163+0000][9403.582s][info][gc,phases   ] GC(1766)   Other: 0.2ms
[2024-05-30T13:11:04.163+0000][9403.582s][info][gc,heap     ] GC(1766) Eden regions: 802->0(796)
[2024-05-30T13:11:04.163+0000][9403.582s][info][gc,heap     ] GC(1766) Survivor regions: 19->22(103)
[2024-05-30T13:11:04.163+0000][9403.582s][info][gc,heap     ] GC(1766) Old regions: 380->380
[2024-05-30T13:11:04.163+0000][9403.582s][info][gc,heap     ] GC(1766) Archive regions: 2->2
[2024-05-30T13:11:04.163+0000][9403.582s][info][gc,heap     ] GC(1766) Humongous regions: 6->6
[2024-05-30T13:11:04.163+0000][9403.582s][info][gc,metaspace] GC(1766) Metaspace: 432819K(439808K)->432819K(439808K) NonClass: 378907K(382976K)->378907K(382976K) Class: 53911K(56832K)->53911K(56832K)
[2024-05-30T13:11:04.163+0000][9403.582s][info][gc          ] GC(1766) Pause Young (Normal) (G1 Evacuation Pause) 9653M->3259M(12288M) 100.368ms
[2024-05-30T13:11:04.163+0000][9403.582s][info][gc,cpu      ] GC(1766) User=0.59s Sys=0.00s Real=0.10s
[2024-05-30T13:11:05.520+0000][9404.940s][info][gc,marking  ] GC(1765) Concurrent Rebuild Remembered Sets 1553.849ms
[2024-05-30T13:11:05.521+0000][9404.940s][info][gc,start    ] GC(1765) Pause Cleanup
[2024-05-30T13:11:05.521+0000][9404.940s][info][gc          ] GC(1765) Pause Cleanup 6115M->6115M(12288M) 0.607ms
[2024-05-30T13:11:05.521+0000][9404.941s][info][gc,cpu      ] GC(1765) User=0.00s Sys=0.00s Real=0.00s
[2024-05-30T13:11:05.521+0000][9404.941s][info][gc,marking  ] GC(1765) Concurrent Cleanup for Next Mark
[2024-05-30T13:11:05.539+0000][9404.958s][info][gc,marking  ] GC(1765) Concurrent Cleanup for Next Mark 17.473ms
[2024-05-30T13:11:05.539+0000][9404.958s][info][gc          ] GC(1765) Concurrent Mark Cycle 4352.409ms
[2024-05-30T13:11:06.842+0000][9406.261s][info][gc,start    ] GC(1767) Pause Young (Prepare Mixed) (G1 Evacuation Pause)
[2024-05-30T13:11:06.842+0000][9406.261s][info][gc,task     ] GC(1767) Using 6 workers of 6 for evacuation
[2024-05-30T13:11:06.970+0000][9406.389s][info][gc,phases   ] GC(1767)   Pre Evacuate Collection Set: 0.2ms
[2024-05-30T13:11:06.970+0000][9406.389s][info][gc,phases   ] GC(1767)   Merge Heap Roots: 0.8ms
[2024-05-30T13:11:06.970+0000][9406.389s][info][gc,phases   ] GC(1767)   Evacuate Collection Set: 106.6ms
[2024-05-30T13:11:06.970+0000][9406.389s][info][gc,phases   ] GC(1767)   Post Evacuate Collection Set: 19.6ms
[2024-05-30T13:11:06.970+0000][9406.389s][info][gc,phases   ] GC(1767)   Other: 0.2ms
[2024-05-30T13:11:06.970+0000][9406.389s][info][gc,heap     ] GC(1767) Eden regions: 796->0(51)
[2024-05-30T13:11:06.970+0000][9406.389s][info][gc,heap     ] GC(1767) Survivor regions: 22->25(103)
[2024-05-30T13:11:06.970+0000][9406.389s][info][gc,heap     ] GC(1767) Old regions: 380->380
[2024-05-30T13:11:06.970+0000][9406.389s][info][gc,heap     ] GC(1767) Archive regions: 2->2
[2024-05-30T13:11:06.970+0000][9406.389s][info][gc,heap     ] GC(1767) Humongous regions: 6->6
[2024-05-30T13:11:06.970+0000][9406.389s][info][gc,metaspace] GC(1767) Metaspace: 432819K(439808K)->432819K(439808K) NonClass: 378907K(382976K)->378907K(382976K) Class: 53911K(56832K)->53911K(56832K)
[2024-05-30T13:11:06.970+0000][9406.389s][info][gc          ] GC(1767) Pause Young (Prepare Mixed) (G1 Evacuation Pause) 9627M->3287M(12288M) 127.417ms
[2024-05-30T13:11:06.970+0000][9406.389s][info][gc,cpu      ] GC(1767) User=0.75s Sys=0.00s Real=0.13s
[2024-05-30T13:11:07.134+0000][9406.553s][info][gc,start    ] GC(1768) Pause Young (Mixed) (G1 Evacuation Pause)
[2024-05-30T13:11:07.134+0000][9406.553s][info][gc,task     ] GC(1768) Using 6 workers of 6 for evacuation
[2024-05-30T13:11:07.268+0000][9406.688s][info][gc,phases   ] GC(1768)   Pre Evacuate Collection Set: 0.2ms
[2024-05-30T13:11:07.269+0000][9406.688s][info][gc,phases   ] GC(1768)   Merge Heap Roots: 0.5ms
[2024-05-30T13:11:07.269+0000][9406.688s][info][gc,phases   ] GC(1768)   Evacuate Collection Set: 130.9ms
[2024-05-30T13:11:07.269+0000][9406.688s][info][gc,phases   ] GC(1768)   Post Evacuate Collection Set: 2.6ms
[2024-05-30T13:11:07.269+0000][9406.688s][info][gc,phases   ] GC(1768)   Other: 0.2ms
[2024-05-30T13:11:07.269+0000][9406.688s][info][gc,heap     ] GC(1768) Eden regions: 51->0(808)
[2024-05-30T13:11:07.269+0000][9406.688s][info][gc,heap     ] GC(1768) Survivor regions: 25->3(10)
[2024-05-30T13:11:07.269+0000][9406.688s][info][gc,heap     ] GC(1768) Old regions: 380->392
[2024-05-30T13:11:07.269+0000][9406.688s][info][gc,heap     ] GC(1768) Archive regions: 2->2
[2024-05-30T13:11:07.269+0000][9406.688s][info][gc,heap     ] GC(1768) Humongous regions: 6->6
[2024-05-30T13:11:07.269+0000][9406.688s][info][gc,metaspace] GC(1768) Metaspace: 432819K(439808K)->432819K(439808K) NonClass: 378907K(382976K)->378907K(382976K) Class: 53911K(56832K)->53911K(56832K)
[2024-05-30T13:11:07.269+0000][9406.688s][info][gc          ] GC(1768) Pause Young (Mixed) (G1 Evacuation Pause) 3695M->3205M(12288M) 134.419ms
[2024-05-30T13:11:07.269+0000][9406.688s][info][gc,cpu      ] GC(1768) User=0.80s Sys=0.00s Real=0.14s
[2024-05-30T13:11:09.673+0000][9409.092s][info][gc,start    ] GC(1769) Pause Young (Normal) (G1 Evacuation Pause)
[2024-05-30T13:11:09.673+0000][9409.092s][info][gc,task     ] GC(1769) Using 6 workers of 6 for evacuation
[2024-05-30T13:11:09.750+0000][9409.169s][info][gc,phases   ] GC(1769)   Pre Evacuate Collection Set: 0.2ms
[2024-05-30T13:11:09.750+0000][9409.169s][info][gc,phases   ] GC(1769)   Merge Heap Roots: 0.5ms
[2024-05-30T13:11:09.750+0000][9409.169s][info][gc,phases   ] GC(1769)   Evacuate Collection Set: 58.0ms
[2024-05-30T13:11:09.750+0000][9409.169s][info][gc,phases   ] GC(1769)   Post Evacuate Collection Set: 17.9ms
[2024-05-30T13:11:09.750+0000][9409.169s][info][gc,phases   ] GC(1769)   Other: 0.2ms
[2024-05-30T13:11:09.750+0000][9409.169s][info][gc,heap     ] GC(1769) Eden regions: 808->0(805)
[2024-05-30T13:11:09.750+0000][9409.169s][info][gc,heap     ] GC(1769) Survivor regions: 3->6(102)
[2024-05-30T13:11:09.750+0000][9409.169s][info][gc,heap     ] GC(1769) Old regions: 392->392
[2024-05-30T13:11:09.750+0000][9409.169s][info][gc,heap     ] GC(1769) Archive regions: 2->2
[2024-05-30T13:11:09.750+0000][9409.169s][info][gc,heap     ] GC(1769) Humongous regions: 6->6
[2024-05-30T13:11:09.750+0000][9409.169s][info][gc,metaspace] GC(1769) Metaspace: 432819K(439808K)->432819K(439808K) NonClass: 378907K(382976K)->378907K(382976K) Class: 53911K(56832K)->53911K(56832K)
[2024-05-30T13:11:09.750+0000][9409.169s][info][gc          ] GC(1769) Pause Young (Normal) (G1 Evacuation Pause) 9669M->3229M(12288M) 76.833ms
[2024-05-30T13:11:09.750+0000][9409.169s][info][gc,cpu      ] GC(1769) User=0.45s Sys=0.00s Real=0.08s
[2024-05-30T13:11:16.933+0000][9416.352s][info][gc,start    ] GC(1770) Pause Young (Normal) (G1 Evacuation Pause)
[2024-05-30T13:11:16.933+0000][9416.352s][info][gc,task     ] GC(1770) Using 6 workers of 6 for evacuation
[2024-05-30T13:11:16.973+0000][9416.392s][info][gc,phases   ] GC(1770)   Pre Evacuate Collection Set: 0.2ms
[2024-05-30T13:11:16.973+0000][9416.392s][info][gc,phases   ] GC(1770)   Merge Heap Roots: 0.3ms
[2024-05-30T13:11:16.973+0000][9416.392s][info][gc,phases   ] GC(1770)   Evacuate Collection Set: 34.8ms
[2024-05-30T13:11:16.973+0000][9416.392s][info][gc,phases   ] GC(1770)   Post Evacuate Collection Set: 4.6ms
[2024-05-30T13:11:16.973+0000][9416.392s][info][gc,phases   ] GC(1770)   Other: 0.2ms
[2024-05-30T13:11:16.973+0000][9416.392s][info][gc,heap     ] GC(1770) Eden regions: 805->0(802)
[2024-05-30T13:11:16.973+0000][9416.392s][info][gc,heap     ] GC(1770) Survivor regions: 6->10(102)
[2024-05-30T13:11:16.973+0000][9416.392s][info][gc,heap     ] GC(1770) Old regions: 392->392
[2024-05-30T13:11:16.973+0000][9416.392s][info][gc,heap     ] GC(1770) Archive regions: 2->2
[2024-05-30T13:11:16.973+0000][9416.392s][info][gc,heap     ] GC(1770) Humongous regions: 6->6
[2024-05-30T13:11:16.973+0000][9416.392s][info][gc,metaspace] GC(1770) Metaspace: 432819K(439808K)->432819K(439808K) NonClass: 378907K(382976K)->378907K(382976K) Class: 53911K(56832K)->53911K(56832K)
[2024-05-30T13:11:16.973+0000][9416.392s][info][gc          ] GC(1770) Pause Young (Normal) (G1 Evacuation Pause) 9669M->3259M(12288M) 40.109ms
[2024-05-30T13:11:16.973+0000][9416.393s][info][gc,cpu      ] GC(1770) User=0.23s Sys=0.00s Real=0.04s
[2024-05-30T13:11:25.527+0000][9424.946s][info][gc,start    ] GC(1771) Pause Young (Concurrent Start) (G1 Evacuation Pause)
[2024-05-30T13:11:25.527+0000][9424.946s][info][gc,task     ] GC(1771) Using 6 workers of 6 for evacuation
[2024-05-30T13:11:25.568+0000][9424.987s][info][gc,phases   ] GC(1771)   Pre Evacuate Collection Set: 0.6ms
[2024-05-30T13:11:25.568+0000][9424.987s][info][gc,phases   ] GC(1771)   Merge Heap Roots: 0.3ms
[2024-05-30T13:11:25.568+0000][9424.987s][info][gc,phases   ] GC(1771)   Evacuate Collection Set: 38.0ms
[2024-05-30T13:11:25.568+0000][9424.987s][info][gc,phases   ] GC(1771)   Post Evacuate Collection Set: 2.0ms
[2024-05-30T13:11:25.568+0000][9424.987s][info][gc,phases   ] GC(1771)   Other: 0.3ms
[2024-05-30T13:11:25.568+0000][9424.987s][info][gc,heap     ] GC(1771) Eden regions: 802->0(797)
[2024-05-30T13:11:25.568+0000][9424.987s][info][gc,heap     ] GC(1771) Survivor regions: 10->14(102)
[2024-05-30T13:11:25.568+0000][9424.987s][info][gc,heap     ] GC(1771) Old regions: 392->392
[2024-05-30T13:11:25.568+0000][9424.987s][info][gc,heap     ] GC(1771) Archive regions: 2->2
[2024-05-30T13:11:25.568+0000][9424.987s][info][gc,heap     ] GC(1771) Humongous regions: 6->6
[2024-05-30T13:11:25.568+0000][9424.987s][info][gc,metaspace] GC(1771) Metaspace: 432819K(439808K)->432819K(439808K) NonClass: 378907K(382976K)->378907K(382976K) Class: 53911K(56832K)->53911K(56832K)
[2024-05-30T13:11:25.568+0000][9424.987s][info][gc          ] GC(1771) Pause Young (Concurrent Start) (G1 Evacuation Pause) 9675M->3293M(12288M) 41.114ms
[2024-05-30T13:11:25.568+0000][9424.987s][info][gc,cpu      ] GC(1771) User=0.24s Sys=0.00s Real=0.04s
[2024-05-30T13:11:25.568+0000][9424.987s][info][gc          ] GC(1772) Concurrent Mark Cycle
[2024-05-30T13:11:25.568+0000][9424.987s][info][gc,marking  ] GC(1772) Concurrent Clear Claimed Marks
[2024-05-30T13:11:25.569+0000][9424.988s][info][gc,marking  ] GC(1772) Concurrent Clear Claimed Marks 0.448ms
[2024-05-30T13:11:25.569+0000][9424.988s][info][gc,marking  ] GC(1772) Concurrent Scan Root Regions
[2024-05-30T13:11:25.602+0000][9425.021s][info][gc,marking  ] GC(1772) Concurrent Scan Root Regions 32.931ms
[2024-05-30T13:11:25.602+0000][9425.021s][info][gc,marking  ] GC(1772) Concurrent Mark
[2024-05-30T13:11:25.602+0000][9425.021s][info][gc,marking  ] GC(1772) Concurrent Mark From Roots
[2024-05-30T13:11:25.602+0000][9425.021s][info][gc,task     ] GC(1772) Using 2 workers of 2 for marking
[2024-05-30T13:11:28.031+0000][9427.450s][info][gc,marking  ] GC(1772) Concurrent Mark From Roots 2429.450ms
[2024-05-30T13:11:28.031+0000][9427.450s][info][gc,marking  ] GC(1772) Concurrent Preclean
[2024-05-30T13:11:28.033+0000][9427.452s][info][gc,marking  ] GC(1772) Concurrent Preclean 1.370ms
[2024-05-30T13:11:28.033+0000][9427.452s][info][gc,start    ] GC(1772) Pause Remark
[2024-05-30T13:11:28.057+0000][9427.476s][info][gc          ] GC(1772) Pause Remark 5099M->5091M(12288M) 23.915ms
[2024-05-30T13:11:28.057+0000][9427.476s][info][gc,cpu      ] GC(1772) User=0.11s Sys=0.00s Real=0.03s
[2024-05-30T13:11:28.057+0000][9427.476s][info][gc,marking  ] GC(1772) Concurrent Mark 2455.094ms
[2024-05-30T13:11:28.057+0000][9427.476s][info][gc,marking  ] GC(1772) Concurrent Rebuild Remembered Sets
[2024-05-30T13:11:29.333+0000][9428.752s][info][gc,marking  ] GC(1772) Concurrent Rebuild Remembered Sets 1276.194ms
[2024-05-30T13:11:29.333+0000][9428.752s][info][gc,start    ] GC(1772) Pause Cleanup
[2024-05-30T13:11:29.334+0000][9428.753s][info][gc          ] GC(1772) Pause Cleanup 5973M->5973M(12288M) 0.672ms
[2024-05-30T13:11:29.334+0000][9428.753s][info][gc,cpu      ] GC(1772) User=0.00s Sys=0.00s Real=0.00s
[2024-05-30T13:11:29.334+0000][9428.753s][info][gc,marking  ] GC(1772) Concurrent Cleanup for Next Mark
[2024-05-30T13:11:29.352+0000][9428.771s][info][gc,marking  ] GC(1772) Concurrent Cleanup for Next Mark 17.593ms
[2024-05-30T13:11:29.352+0000][9428.771s][info][gc          ] GC(1772) Concurrent Mark Cycle 3783.405ms
[2024-05-30T13:11:34.214+0000][9433.633s][info][gc,start    ] GC(1773) Pause Young (Prepare Mixed) (G1 Evacuation Pause)
[2024-05-30T13:11:34.214+0000][9433.633s][info][gc,task     ] GC(1773) Using 6 workers of 6 for evacuation
[2024-05-30T13:11:34.261+0000][9433.680s][info][gc,phases   ] GC(1773)   Pre Evacuate Collection Set: 0.2ms
[2024-05-30T13:11:34.261+0000][9433.680s][info][gc,phases   ] GC(1773)   Merge Heap Roots: 0.4ms
[2024-05-30T13:11:34.261+0000][9433.680s][info][gc,phases   ] GC(1773)   Evacuate Collection Set: 44.4ms
[2024-05-30T13:11:34.261+0000][9433.680s][info][gc,phases   ] GC(1773)   Post Evacuate Collection Set: 1.9ms
[2024-05-30T13:11:34.261+0000][9433.680s][info][gc,phases   ] GC(1773)   Other: 0.2ms
[2024-05-30T13:11:34.261+0000][9433.680s][info][gc,heap     ] GC(1773) Eden regions: 797->0(59)
[2024-05-30T13:11:34.261+0000][9433.680s][info][gc,heap     ] GC(1773) Survivor regions: 14->17(102)
[2024-05-30T13:11:34.261+0000][9433.680s][info][gc,heap     ] GC(1773) Old regions: 392->392
[2024-05-30T13:11:34.261+0000][9433.680s][info][gc,heap     ] GC(1773) Archive regions: 2->2
[2024-05-30T13:11:34.261+0000][9433.680s][info][gc,heap     ] GC(1773) Humongous regions: 5->5
[2024-05-30T13:11:34.261+0000][9433.680s][info][gc,metaspace] GC(1773) Metaspace: 432819K(439808K)->432819K(439808K) NonClass: 378907K(382976K)->378907K(382976K) Class: 53911K(56832K)->53911K(56832K)
[2024-05-30T13:11:34.261+0000][9433.680s][info][gc          ] GC(1773) Pause Young (Prepare Mixed) (G1 Evacuation Pause) 9661M->3307M(12288M) 47.126ms
[2024-05-30T13:11:34.261+0000][9433.680s][info][gc,cpu      ] GC(1773) User=0.28s Sys=0.00s Real=0.05s
[2024-05-30T13:11:34.888+0000][9434.307s][info][gc,start    ] GC(1774) Pause Young (Mixed) (G1 Evacuation Pause)
[2024-05-30T13:11:34.888+0000][9434.307s][info][gc,task     ] GC(1774) Using 6 workers of 6 for evacuation
[2024-05-30T13:11:34.952+0000][9434.371s][info][gc,phases   ] GC(1774)   Pre Evacuate Collection Set: 0.2ms
[2024-05-30T13:11:34.952+0000][9434.371s][info][gc,phases   ] GC(1774)   Merge Heap Roots: 0.3ms
[2024-05-30T13:11:34.952+0000][9434.371s][info][gc,phases   ] GC(1774)   Evacuate Collection Set: 61.8ms
[2024-05-30T13:11:34.952+0000][9434.371s][info][gc,phases   ] GC(1774)   Post Evacuate Collection Set: 1.3ms
[2024-05-30T13:11:34.952+0000][9434.371s][info][gc,phases   ] GC(1774)   Other: 0.2ms
[2024-05-30T13:11:34.952+0000][9434.371s][info][gc,heap     ] GC(1774) Eden regions: 59->0(817)
[2024-05-30T13:11:34.952+0000][9434.371s][info][gc,heap     ] GC(1774) Survivor regions: 17->6(10)
[2024-05-30T13:11:34.952+0000][9434.371s][info][gc,heap     ] GC(1774) Old regions: 392->381
[2024-05-30T13:11:34.952+0000][9434.371s][info][gc,heap     ] GC(1774) Archive regions: 2->2
[2024-05-30T13:11:34.952+0000][9434.371s][info][gc,heap     ] GC(1774) Humongous regions: 5->5
[2024-05-30T13:11:34.952+0000][9434.371s][info][gc,metaspace] GC(1774) Metaspace: 432819K(439808K)->432819K(439808K) NonClass: 378907K(382976K)->378907K(382976K) Class: 53911K(56832K)->53911K(56832K)
[2024-05-30T13:11:34.952+0000][9434.371s][info][gc          ] GC(1774) Pause Young (Mixed) (G1 Evacuation Pause) 3779M->3133M(12288M) 63.860ms
[2024-05-30T13:11:34.952+0000][9434.371s][info][gc,cpu      ] GC(1774) User=0.37s Sys=0.00s Real=0.07s
[2024-05-30T13:11:43.813+0000][9443.232s][info][gc,start    ] GC(1775) Pause Young (Normal) (G1 Evacuation Pause)
[2024-05-30T13:11:43.813+0000][9443.232s][info][gc,task     ] GC(1775) Using 6 workers of 6 for evacuation
[2024-05-30T13:11:43.835+0000][9443.254s][info][gc,phases   ] GC(1775)   Pre Evacuate Collection Set: 0.2ms
[2024-05-30T13:11:43.835+0000][9443.254s][info][gc,phases   ] GC(1775)   Merge Heap Roots: 0.3ms
[2024-05-30T13:11:43.835+0000][9443.254s][info][gc,phases   ] GC(1775)   Evacuate Collection Set: 19.4ms
[2024-05-30T13:11:43.835+0000][9443.254s][info][gc,phases   ] GC(1775)   Post Evacuate Collection Set: 1.7ms
[2024-05-30T13:11:43.835+0000][9443.254s][info][gc,phases   ] GC(1775)   Other: 0.2ms
[2024-05-30T13:11:43.835+0000][9443.254s][info][gc,heap     ] GC(1775) Eden regions: 817->0(814)
[2024-05-30T13:11:43.835+0000][9443.254s][info][gc,heap     ] GC(1775) Survivor regions: 6->9(103)
[2024-05-30T13:11:43.835+0000][9443.254s][info][gc,heap     ] GC(1775) Old regions: 381->381
[2024-05-30T13:11:43.835+0000][9443.254s][info][gc,heap     ] GC(1775) Archive regions: 2->2
[2024-05-30T13:11:43.835+0000][9443.254s][info][gc,heap     ] GC(1775) Humongous regions: 5->5
[2024-05-30T13:11:43.835+0000][9443.254s][info][gc,metaspace] GC(1775) Metaspace: 432819K(439808K)->432819K(439808K) NonClass: 378907K(382976K)->378907K(382976K) Class: 53911K(56832K)->53911K(56832K)
[2024-05-30T13:11:43.835+0000][9443.254s][info][gc          ] GC(1775) Pause Young (Normal) (G1 Evacuation Pause) 9669M->3155M(12288M) 21.880ms
[2024-05-30T13:11:43.835+0000][9443.254s][info][gc,cpu      ] GC(1775) User=0.13s Sys=0.00s Real=0.02s
[2024-05-30T13:11:52.410+0000][9451.829s][info][gc,start    ] GC(1776) Pause Young (Normal) (G1 Evacuation Pause)
[2024-05-30T13:11:52.410+0000][9451.829s][info][gc,task     ] GC(1776) Using 6 workers of 6 for evacuation
[2024-05-30T13:11:52.437+0000][9451.856s][info][gc,phases   ] GC(1776)   Pre Evacuate Collection Set: 0.2ms
[2024-05-30T13:11:52.437+0000][9451.856s][info][gc,phases   ] GC(1776)   Merge Heap Roots: 0.2ms
[2024-05-30T13:11:52.437+0000][9451.856s][info][gc,phases   ] GC(1776)   Evacuate Collection Set: 24.9ms
[2024-05-30T13:11:52.437+0000][9451.856s][info][gc,phases   ] GC(1776)   Post Evacuate Collection Set: 1.9ms
[2024-05-30T13:11:52.437+0000][9451.856s][info][gc,phases   ] GC(1776)   Other: 0.2ms
[2024-05-30T13:11:52.437+0000][9451.856s][info][gc,heap     ] GC(1776) Eden regions: 814->0(812)
[2024-05-30T13:11:52.437+0000][9451.856s][info][gc,heap     ] GC(1776) Survivor regions: 9->11(103)
[2024-05-30T13:11:52.437+0000][9451.856s][info][gc,heap     ] GC(1776) Old regions: 381->381
[2024-05-30T13:11:52.437+0000][9451.856s][info][gc,heap     ] GC(1776) Archive regions: 2->2
[2024-05-30T13:11:52.437+0000][9451.856s][info][gc,heap     ] GC(1776) Humongous regions: 5->5
[2024-05-30T13:11:52.437+0000][9451.856s][info][gc,metaspace] GC(1776) Metaspace: 432821K(439808K)->432821K(439808K) NonClass: 378909K(382976K)->378909K(382976K) Class: 53911K(56832K)->53911K(56832K)
[2024-05-30T13:11:52.437+0000][9451.856s][info][gc          ] GC(1776) Pause Young (Normal) (G1 Evacuation Pause) 9667M->3169M(12288M) 27.481ms
[2024-05-30T13:11:52.437+0000][9451.856s][info][gc,cpu      ] GC(1776) User=0.16s Sys=0.00s Real=0.03s
[2024-05-30T13:12:01.065+0000][9460.484s][info][gc,start    ] GC(1777) Pause Young (Concurrent Start) (G1 Evacuation Pause)
[2024-05-30T13:12:01.065+0000][9460.484s][info][gc,task     ] GC(1777) Using 6 workers of 6 for evacuation
[2024-05-30T13:12:01.101+0000][9460.520s][info][gc,phases   ] GC(1777)   Pre Evacuate Collection Set: 0.6ms
[2024-05-30T13:12:01.101+0000][9460.520s][info][gc,phases   ] GC(1777)   Merge Heap Roots: 0.3ms
[2024-05-30T13:12:01.101+0000][9460.520s][info][gc,phases   ] GC(1777)   Evacuate Collection Set: 33.4ms
[2024-05-30T13:12:01.101+0000][9460.520s][info][gc,phases   ] GC(1777)   Post Evacuate Collection Set: 1.9ms
[2024-05-30T13:12:01.101+0000][9460.520s][info][gc,phases   ] GC(1777)   Other: 0.3ms
[2024-05-30T13:12:01.101+0000][9460.520s][info][gc,heap     ] GC(1777) Eden regions: 812->0(809)
[2024-05-30T13:12:01.101+0000][9460.520s][info][gc,heap     ] GC(1777) Survivor regions: 11->14(103)
[2024-05-30T13:12:01.101+0000][9460.520s][info][gc,heap     ] GC(1777) Old regions: 381->381
[2024-05-30T13:12:01.101+0000][9460.520s][info][gc,heap     ] GC(1777) Archive regions: 2->2
[2024-05-30T13:12:01.101+0000][9460.520s][info][gc,heap     ] GC(1777) Humongous regions: 5->5
[2024-05-30T13:12:01.101+0000][9460.520s][info][gc,metaspace] GC(1777) Metaspace: 432821K(439808K)->432821K(439808K) NonClass: 378909K(382976K)->378909K(382976K) Class: 53911K(56832K)->53911K(56832K)
[2024-05-30T13:12:01.101+0000][9460.520s][info][gc          ] GC(1777) Pause Young (Concurrent Start) (G1 Evacuation Pause) 9665M->3194M(12288M) 36.444ms
[2024-05-30T13:12:01.101+0000][9460.520s][info][gc,cpu      ] GC(1777) User=0.22s Sys=0.00s Real=0.04s
[2024-05-30T13:12:01.101+0000][9460.520s][info][gc          ] GC(1778) Concurrent Mark Cycle
[2024-05-30T13:12:01.101+0000][9460.521s][info][gc,marking  ] GC(1778) Concurrent Clear Claimed Marks
[2024-05-30T13:12:01.102+0000][9460.521s][info][gc,marking  ] GC(1778) Concurrent Clear Claimed Marks 0.431ms
[2024-05-30T13:12:01.102+0000][9460.521s][info][gc,marking  ] GC(1778) Concurrent Scan Root Regions
[2024-05-30T13:12:01.126+0000][9460.545s][info][gc,marking  ] GC(1778) Concurrent Scan Root Regions 24.295ms
[2024-05-30T13:12:01.126+0000][9460.545s][info][gc,marking  ] GC(1778) Concurrent Mark
[2024-05-30T13:12:01.126+0000][9460.545s][info][gc,marking  ] GC(1778) Concurrent Mark From Roots
[2024-05-30T13:12:01.126+0000][9460.545s][info][gc,task     ] GC(1778) Using 2 workers of 2 for marking
[2024-05-30T13:12:03.658+0000][9463.077s][info][gc,marking  ] GC(1778) Concurrent Mark From Roots 2531.406ms
[2024-05-30T13:12:03.658+0000][9463.077s][info][gc,marking  ] GC(1778) Concurrent Preclean
[2024-05-30T13:12:03.659+0000][9463.078s][info][gc,marking  ] GC(1778) Concurrent Preclean 1.121ms
[2024-05-30T13:12:03.659+0000][9463.078s][info][gc,start    ] GC(1778) Pause Remark
[2024-05-30T13:12:03.683+0000][9463.102s][info][gc          ] GC(1778) Pause Remark 4990M->4990M(12288M) 24.188ms
[2024-05-30T13:12:03.683+0000][9463.102s][info][gc,cpu      ] GC(1778) User=0.11s Sys=0.00s Real=0.02s
[2024-05-30T13:12:03.683+0000][9463.102s][info][gc,marking  ] GC(1778) Concurrent Mark 2557.160ms
[2024-05-30T13:12:03.683+0000][9463.102s][info][gc,marking  ] GC(1778) Concurrent Rebuild Remembered Sets
[2024-05-30T13:12:05.015+0000][9464.434s][info][gc,marking  ] GC(1778) Concurrent Rebuild Remembered Sets 1331.520ms
[2024-05-30T13:12:05.015+0000][9464.434s][info][gc,start    ] GC(1778) Pause Cleanup
[2024-05-30T13:12:05.016+0000][9464.435s][info][gc          ] GC(1778) Pause Cleanup 5922M->5922M(12288M) 0.714ms
[2024-05-30T13:12:05.016+0000][9464.435s][info][gc,cpu      ] GC(1778) User=0.00s Sys=0.00s Real=0.00s
[2024-05-30T13:12:05.016+0000][9464.435s][info][gc,marking  ] GC(1778) Concurrent Cleanup for Next Mark
[2024-05-30T13:12:05.033+0000][9464.452s][info][gc,marking  ] GC(1778) Concurrent Cleanup for Next Mark 17.241ms
[2024-05-30T13:12:05.033+0000][9464.452s][info][gc          ] GC(1778) Concurrent Mark Cycle 3931.867ms
[2024-05-30T13:12:09.595+0000][9469.014s][info][gc,start    ] GC(1779) Pause Young (Prepare Mixed) (G1 Evacuation Pause)
[2024-05-30T13:12:09.595+0000][9469.014s][info][gc,task     ] GC(1779) Using 6 workers of 6 for evacuation
[2024-05-30T13:12:09.634+0000][9469.053s][info][gc,phases   ] GC(1779)   Pre Evacuate Collection Set: 0.2ms
[2024-05-30T13:12:09.634+0000][9469.053s][info][gc,phases   ] GC(1779)   Merge Heap Roots: 0.3ms
[2024-05-30T13:12:09.634+0000][9469.053s][info][gc,phases   ] GC(1779)   Evacuate Collection Set: 36.4ms
[2024-05-30T13:12:09.634+0000][9469.053s][info][gc,phases   ] GC(1779)   Post Evacuate Collection Set: 2.1ms
[2024-05-30T13:12:09.634+0000][9469.053s][info][gc,phases   ] GC(1779)   Other: 0.2ms
[2024-05-30T13:12:09.634+0000][9469.053s][info][gc,heap     ] GC(1779) Eden regions: 809->0(60)
[2024-05-30T13:12:09.634+0000][9469.053s][info][gc,heap     ] GC(1779) Survivor regions: 14->16(103)
[2024-05-30T13:12:09.634+0000][9469.053s][info][gc,heap     ] GC(1779) Old regions: 381->381
[2024-05-30T13:12:09.634+0000][9469.053s][info][gc,heap     ] GC(1779) Archive regions: 2->2
[2024-05-30T13:12:09.634+0000][9469.053s][info][gc,heap     ] GC(1779) Humongous regions: 5->5
[2024-05-30T13:12:09.634+0000][9469.053s][info][gc,metaspace] GC(1779) Metaspace: 432821K(439808K)->432821K(439808K) NonClass: 378909K(382976K)->378909K(382976K) Class: 53911K(56832K)->53911K(56832K)
[2024-05-30T13:12:09.634+0000][9469.054s][info][gc          ] GC(1779) Pause Young (Prepare Mixed) (G1 Evacuation Pause) 9666M->3208M(12288M) 39.194ms
[2024-05-30T13:12:09.634+0000][9469.054s][info][gc,cpu      ] GC(1779) User=0.23s Sys=0.00s Real=0.04s
[2024-05-30T13:12:10.093+0000][9469.513s][info][gc,start    ] GC(1780) Pause Young (Mixed) (G1 Evacuation Pause)
[2024-05-30T13:12:10.093+0000][9469.513s][info][gc,task     ] GC(1780) Using 6 workers of 6 for evacuation
[2024-05-30T13:12:10.173+0000][9469.592s][info][gc,phases   ] GC(1780)   Pre Evacuate Collection Set: 0.2ms
[2024-05-30T13:12:10.173+0000][9469.592s][info][gc,phases   ] GC(1780)   Merge Heap Roots: 0.5ms
[2024-05-30T13:12:10.173+0000][9469.592s][info][gc,phases   ] GC(1780)   Evacuate Collection Set: 77.5ms
[2024-05-30T13:12:10.173+0000][9469.592s][info][gc,phases   ] GC(1780)   Post Evacuate Collection Set: 1.3ms
[2024-05-30T13:12:10.173+0000][9469.592s][info][gc,phases   ] GC(1780)   Other: 0.2ms
[2024-05-30T13:12:10.173+0000][9469.592s][info][gc,heap     ] GC(1780) Eden regions: 60->0(826)
[2024-05-30T13:12:10.173+0000][9469.592s][info][gc,heap     ] GC(1780) Survivor regions: 16->5(10)
[2024-05-30T13:12:10.173+0000][9469.592s][info][gc,heap     ] GC(1780) Old regions: 381->374
[2024-05-30T13:12:10.173+0000][9469.592s][info][gc,heap     ] GC(1780) Archive regions: 2->2
[2024-05-30T13:12:10.173+0000][9469.592s][info][gc,heap     ] GC(1780) Humongous regions: 5->5
[2024-05-30T13:12:10.173+0000][9469.592s][info][gc,metaspace] GC(1780) Metaspace: 432821K(439808K)->432821K(439808K) NonClass: 378909K(382976K)->378909K(382976K) Class: 53911K(56832K)->53911K(56832K)
[2024-05-30T13:12:10.173+0000][9469.592s][info][gc          ] GC(1780) Pause Young (Mixed) (G1 Evacuation Pause) 3688M->3075M(12288M) 79.749ms
[2024-05-30T13:12:10.173+0000][9469.592s][info][gc,cpu      ] GC(1780) User=0.48s Sys=0.00s Real=0.08s
[2024-05-30T13:12:19.371+0000][9478.791s][info][gc,start    ] GC(1781) Pause Young (Normal) (G1 Evacuation Pause)
[2024-05-30T13:12:19.371+0000][9478.791s][info][gc,task     ] GC(1781) Using 6 workers of 6 for evacuation
[2024-05-30T13:12:19.393+0000][9478.812s][info][gc,phases   ] GC(1781)   Pre Evacuate Collection Set: 0.2ms
[2024-05-30T13:12:19.393+0000][9478.812s][info][gc,phases   ] GC(1781)   Merge Heap Roots: 0.3ms
[2024-05-30T13:12:19.393+0000][9478.812s][info][gc,phases   ] GC(1781)   Evacuate Collection Set: 19.3ms
[2024-05-30T13:12:19.393+0000][9478.812s][info][gc,phases   ] GC(1781)   Post Evacuate Collection Set: 1.8ms
[2024-05-30T13:12:19.393+0000][9478.812s][info][gc,phases   ] GC(1781)   Other: 0.2ms
[2024-05-30T13:12:19.393+0000][9478.812s][info][gc,heap     ] GC(1781) Eden regions: 826->0(823)
[2024-05-30T13:12:19.393+0000][9478.812s][info][gc,heap     ] GC(1781) Survivor regions: 5->8(104)
[2024-05-30T13:12:19.393+0000][9478.812s][info][gc,heap     ] GC(1781) Old regions: 374->374
[2024-05-30T13:12:19.393+0000][9478.812s][info][gc,heap     ] GC(1781) Archive regions: 2->2
[2024-05-30T13:12:19.393+0000][9478.812s][info][gc,heap     ] GC(1781) Humongous regions: 5->5
[2024-05-30T13:12:19.393+0000][9478.812s][info][gc,metaspace] GC(1781) Metaspace: 432821K(439808K)->432821K(439808K) NonClass: 378909K(382976K)->378909K(382976K) Class: 53911K(56832K)->53911K(56832K)
[2024-05-30T13:12:19.393+0000][9478.813s][info][gc          ] GC(1781) Pause Young (Normal) (G1 Evacuation Pause) 9683M->3096M(12288M) 21.801ms
[2024-05-30T13:12:19.393+0000][9478.813s][info][gc,cpu      ] GC(1781) User=0.12s Sys=0.00s Real=0.02s
[2024-05-30T13:12:28.303+0000][9487.722s][info][gc,start    ] GC(1782) Pause Young (Normal) (G1 Evacuation Pause)
[2024-05-30T13:12:28.303+0000][9487.722s][info][gc,task     ] GC(1782) Using 6 workers of 6 for evacuation
[2024-05-30T13:12:28.328+0000][9487.747s][info][gc,phases   ] GC(1782)   Pre Evacuate Collection Set: 0.2ms
[2024-05-30T13:12:28.328+0000][9487.747s][info][gc,phases   ] GC(1782)   Merge Heap Roots: 0.3ms
[2024-05-30T13:12:28.328+0000][9487.747s][info][gc,phases   ] GC(1782)   Evacuate Collection Set: 22.8ms
[2024-05-30T13:12:28.328+0000][9487.747s][info][gc,phases   ] GC(1782)   Post Evacuate Collection Set: 1.8ms
[2024-05-30T13:12:28.328+0000][9487.747s][info][gc,phases   ] GC(1782)   Other: 0.2ms
[2024-05-30T13:12:28.328+0000][9487.747s][info][gc,heap     ] GC(1782) Eden regions: 823->0(823)
[2024-05-30T13:12:28.328+0000][9487.747s][info][gc,heap     ] GC(1782) Survivor regions: 8->9(104)
[2024-05-30T13:12:28.328+0000][9487.747s][info][gc,heap     ] GC(1782) Old regions: 374->374
[2024-05-30T13:12:28.328+0000][9487.747s][info][gc,heap     ] GC(1782) Archive regions: 2->2
[2024-05-30T13:12:28.328+0000][9487.747s][info][gc,heap     ] GC(1782) Humongous regions: 5->5
[2024-05-30T13:12:28.328+0000][9487.747s][info][gc,metaspace] GC(1782) Metaspace: 432821K(439808K)->432821K(439808K) NonClass: 378909K(382976K)->378909K(382976K) Class: 53911K(56832K)->53911K(56832K)
[2024-05-30T13:12:28.328+0000][9487.747s][info][gc          ] GC(1782) Pause Young (Normal) (G1 Evacuation Pause) 9680M->3106M(12288M) 25.352ms
[2024-05-30T13:12:28.328+0000][9487.747s][info][gc,cpu      ] GC(1782) User=0.15s Sys=0.00s Real=0.02s
[2024-05-30T13:12:37.496+0000][9496.915s][info][gc,start    ] GC(1783) Pause Young (Concurrent Start) (G1 Evacuation Pause)
[2024-05-30T13:12:37.496+0000][9496.915s][info][gc,task     ] GC(1783) Using 6 workers of 6 for evacuation
[2024-05-30T13:12:37.529+0000][9496.948s][info][gc,phases   ] GC(1783)   Pre Evacuate Collection Set: 0.6ms
[2024-05-30T13:12:37.529+0000][9496.948s][info][gc,phases   ] GC(1783)   Merge Heap Roots: 0.2ms
[2024-05-30T13:12:37.529+0000][9496.948s][info][gc,phases   ] GC(1783)   Evacuate Collection Set: 30.4ms
[2024-05-30T13:12:37.529+0000][9496.948s][info][gc,phases   ] GC(1783)   Post Evacuate Collection Set: 1.8ms
[2024-05-30T13:12:37.529+0000][9496.948s][info][gc,phases   ] GC(1783)   Other: 0.3ms
[2024-05-30T13:12:37.529+0000][9496.948s][info][gc,heap     ] GC(1783) Eden regions: 823->0(820)
[2024-05-30T13:12:37.529+0000][9496.948s][info][gc,heap     ] GC(1783) Survivor regions: 9->12(104)
[2024-05-30T13:12:37.529+0000][9496.948s][info][gc,heap     ] GC(1783) Old regions: 374->374
[2024-05-30T13:12:37.529+0000][9496.948s][info][gc,heap     ] GC(1783) Archive regions: 2->2
[2024-05-30T13:12:37.529+0000][9496.948s][info][gc,heap     ] GC(1783) Humongous regions: 5->5
[2024-05-30T13:12:37.529+0000][9496.948s][info][gc,metaspace] GC(1783) Metaspace: 432821K(439808K)->432821K(439808K) NonClass: 378909K(382976K)->378909K(382976K) Class: 53911K(56832K)->53911K(56832K)
[2024-05-30T13:12:37.529+0000][9496.948s][info][gc          ] GC(1783) Pause Young (Concurrent Start) (G1 Evacuation Pause) 9690M->3132M(12288M) 33.332ms
[2024-05-30T13:12:37.529+0000][9496.948s][info][gc,cpu      ] GC(1783) User=0.19s Sys=0.00s Real=0.04s
[2024-05-30T13:12:37.529+0000][9496.948s][info][gc          ] GC(1784) Concurrent Mark Cycle
[2024-05-30T13:12:37.529+0000][9496.948s][info][gc,marking  ] GC(1784) Concurrent Clear Claimed Marks
[2024-05-30T13:12:37.530+0000][9496.949s][info][gc,marking  ] GC(1784) Concurrent Clear Claimed Marks 0.387ms
[2024-05-30T13:12:37.530+0000][9496.949s][info][gc,marking  ] GC(1784) Concurrent Scan Root Regions
[2024-05-30T13:12:37.559+0000][9496.978s][info][gc,marking  ] GC(1784) Concurrent Scan Root Regions 29.406ms
[2024-05-30T13:12:37.559+0000][9496.978s][info][gc,marking  ] GC(1784) Concurrent Mark
[2024-05-30T13:12:37.559+0000][9496.978s][info][gc,marking  ] GC(1784) Concurrent Mark From Roots
[2024-05-30T13:12:37.559+0000][9496.978s][info][gc,task     ] GC(1784) Using 2 workers of 2 for marking
[2024-05-30T13:12:40.013+0000][9499.433s][info][gc,marking  ] GC(1784) Concurrent Mark From Roots 2454.282ms
[2024-05-30T13:12:40.013+0000][9499.433s][info][gc,marking  ] GC(1784) Concurrent Preclean
[2024-05-30T13:12:40.015+0000][9499.434s][info][gc,marking  ] GC(1784) Concurrent Preclean 1.174ms
[2024-05-30T13:12:40.015+0000][9499.434s][info][gc,start    ] GC(1784) Pause Remark
[2024-05-30T13:12:40.038+0000][9499.458s][info][gc          ] GC(1784) Pause Remark 4784M->4784M(12288M) 23.787ms
[2024-05-30T13:12:40.039+0000][9499.458s][info][gc,cpu      ] GC(1784) User=0.11s Sys=0.00s Real=0.03s
[2024-05-30T13:12:40.039+0000][9499.458s][info][gc,marking  ] GC(1784) Concurrent Mark 2479.603ms
[2024-05-30T13:12:40.039+0000][9499.458s][info][gc,marking  ] GC(1784) Concurrent Rebuild Remembered Sets
[2024-05-30T13:12:41.347+0000][9500.767s][info][gc,marking  ] GC(1784) Concurrent Rebuild Remembered Sets 1308.649ms
[2024-05-30T13:12:41.347+0000][9500.767s][info][gc,start    ] GC(1784) Pause Cleanup
[2024-05-30T13:12:41.348+0000][9500.767s][info][gc          ] GC(1784) Pause Cleanup 5692M->5692M(12288M) 0.670ms
[2024-05-30T13:12:41.348+0000][9500.767s][info][gc,cpu      ] GC(1784) User=0.00s Sys=0.00s Real=0.00s
[2024-05-30T13:12:41.348+0000][9500.768s][info][gc,marking  ] GC(1784) Concurrent Cleanup for Next Mark
[2024-05-30T13:12:41.366+0000][9500.785s][info][gc,marking  ] GC(1784) Concurrent Cleanup for Next Mark 17.250ms
[2024-05-30T13:12:41.366+0000][9500.785s][info][gc          ] GC(1784) Concurrent Mark Cycle 3836.417ms
[2024-05-30T13:12:46.972+0000][9506.391s][info][gc,start    ] GC(1785) Pause Young (Prepare Mixed) (G1 Evacuation Pause)
[2024-05-30T13:12:46.972+0000][9506.391s][info][gc,task     ] GC(1785) Using 6 workers of 6 for evacuation
[2024-05-30T13:12:47.008+0000][9506.427s][info][gc,phases   ] GC(1785)   Pre Evacuate Collection Set: 0.2ms
[2024-05-30T13:12:47.008+0000][9506.427s][info][gc,phases   ] GC(1785)   Merge Heap Roots: 0.3ms
[2024-05-30T13:12:47.008+0000][9506.427s][info][gc,phases   ] GC(1785)   Evacuate Collection Set: 33.7ms
[2024-05-30T13:12:47.008+0000][9506.427s][info][gc,phases   ] GC(1785)   Post Evacuate Collection Set: 1.8ms
[2024-05-30T13:12:47.008+0000][9506.427s][info][gc,phases   ] GC(1785)   Other: 0.2ms
[2024-05-30T13:12:47.008+0000][9506.427s][info][gc,heap     ] GC(1785) Eden regions: 820->0(60)
[2024-05-30T13:12:47.008+0000][9506.427s][info][gc,heap     ] GC(1785) Survivor regions: 12->16(104)
[2024-05-30T13:12:47.008+0000][9506.427s][info][gc,heap     ] GC(1785) Old regions: 374->374
[2024-05-30T13:12:47.008+0000][9506.427s][info][gc,heap     ] GC(1785) Archive regions: 2->2
[2024-05-30T13:12:47.008+0000][9506.427s][info][gc,heap     ] GC(1785) Humongous regions: 5->5
[2024-05-30T13:12:47.008+0000][9506.427s][info][gc,metaspace] GC(1785) Metaspace: 432821K(439808K)->432821K(439808K) NonClass: 378909K(382976K)->378909K(382976K) Class: 53911K(56832K)->53911K(56832K)
[2024-05-30T13:12:47.008+0000][9506.427s][info][gc          ] GC(1785) Pause Young (Prepare Mixed) (G1 Evacuation Pause) 9692M->3158M(12288M) 36.228ms
[2024-05-30T13:12:47.008+0000][9506.427s][info][gc,cpu      ] GC(1785) User=0.22s Sys=0.00s Real=0.03s
[2024-05-30T13:12:47.649+0000][9507.068s][info][gc,start    ] GC(1786) Pause Young (Mixed) (G1 Evacuation Pause)
[2024-05-30T13:12:47.649+0000][9507.068s][info][gc,task     ] GC(1786) Using 6 workers of 6 for evacuation
[2024-05-30T13:12:47.729+0000][9507.149s][info][gc,phases   ] GC(1786)   Pre Evacuate Collection Set: 0.2ms
[2024-05-30T13:12:47.729+0000][9507.149s][info][gc,phases   ] GC(1786)   Merge Heap Roots: 0.3ms
[2024-05-30T13:12:47.729+0000][9507.149s][info][gc,phases   ] GC(1786)   Evacuate Collection Set: 78.7ms
[2024-05-30T13:12:47.729+0000][9507.149s][info][gc,phases   ] GC(1786)   Post Evacuate Collection Set: 1.3ms
[2024-05-30T13:12:47.729+0000][9507.149s][info][gc,phases   ] GC(1786)   Other: 0.2ms
[2024-05-30T13:12:47.729+0000][9507.149s][info][gc,heap     ] GC(1786) Eden regions: 60->0(829)
[2024-05-30T13:12:47.729+0000][9507.149s][info][gc,heap     ] GC(1786) Survivor regions: 16->6(10)
[2024-05-30T13:12:47.729+0000][9507.149s][info][gc,heap     ] GC(1786) Old regions: 374->371
[2024-05-30T13:12:47.729+0000][9507.149s][info][gc,heap     ] GC(1786) Archive regions: 2->2
[2024-05-30T13:12:47.729+0000][9507.149s][info][gc,heap     ] GC(1786) Humongous regions: 5->5
[2024-05-30T13:12:47.729+0000][9507.149s][info][gc,metaspace] GC(1786) Metaspace: 432821K(439808K)->432821K(439808K) NonClass: 378909K(382976K)->378909K(382976K) Class: 53911K(56832K)->53911K(56832K)
[2024-05-30T13:12:47.730+0000][9507.149s][info][gc          ] GC(1786) Pause Young (Mixed) (G1 Evacuation Pause) 3638M->3055M(12288M) 80.761ms
[2024-05-30T13:12:47.730+0000][9507.149s][info][gc,cpu      ] GC(1786) User=0.48s Sys=0.00s Real=0.08s
[2024-05-30T13:12:56.866+0000][9516.286s][info][gc,start    ] GC(1787) Pause Young (Normal) (G1 Evacuation Pause)
[2024-05-30T13:12:56.866+0000][9516.286s][info][gc,task     ] GC(1787) Using 6 workers of 6 for evacuation
[2024-05-30T13:12:56.894+0000][9516.313s][info][gc,phases   ] GC(1787)   Pre Evacuate Collection Set: 0.2ms
[2024-05-30T13:12:56.894+0000][9516.313s][info][gc,phases   ] GC(1787)   Merge Heap Roots: 0.3ms
[2024-05-30T13:12:56.894+0000][9516.313s][info][gc,phases   ] GC(1787)   Evacuate Collection Set: 24.8ms
[2024-05-30T13:12:56.894+0000][9516.313s][info][gc,phases   ] GC(1787)   Post Evacuate Collection Set: 2.2ms
[2024-05-30T13:12:56.894+0000][9516.313s][info][gc,phases   ] GC(1787)   Other: 0.2ms
[2024-05-30T13:12:56.894+0000][9516.313s][info][gc,heap     ] GC(1787) Eden regions: 829->0(824)
[2024-05-30T13:12:56.894+0000][9516.313s][info][gc,heap     ] GC(1787) Survivor regions: 6->10(105)
[2024-05-30T13:12:56.894+0000][9516.313s][info][gc,heap     ] GC(1787) Old regions: 371->371
[2024-05-30T13:12:56.894+0000][9516.313s][info][gc,heap     ] GC(1787) Archive regions: 2->2
[2024-05-30T13:12:56.894+0000][9516.313s][info][gc,heap     ] GC(1787) Humongous regions: 5->5
[2024-05-30T13:12:56.894+0000][9516.313s][info][gc,metaspace] GC(1787) Metaspace: 432821K(439808K)->432821K(439808K) NonClass: 378909K(382976K)->378909K(382976K) Class: 53911K(56832K)->53911K(56832K)
[2024-05-30T13:12:56.894+0000][9516.313s][info][gc          ] GC(1787) Pause Young (Normal) (G1 Evacuation Pause) 9687M->3087M(12288M) 27.747ms
[2024-05-30T13:12:56.894+0000][9516.313s][info][gc,cpu      ] GC(1787) User=0.16s Sys=0.00s Real=0.03s
[2024-05-30T13:13:05.864+0000][9525.283s][info][gc,start    ] GC(1788) Pause Young (Normal) (G1 Evacuation Pause)
[2024-05-30T13:13:05.864+0000][9525.283s][info][gc,task     ] GC(1788) Using 6 workers of 6 for evacuation
[2024-05-30T13:13:05.893+0000][9525.312s][info][gc,phases   ] GC(1788)   Pre Evacuate Collection Set: 0.2ms
[2024-05-30T13:13:05.893+0000][9525.312s][info][gc,phases   ] GC(1788)   Merge Heap Roots: 0.3ms
[2024-05-30T13:13:05.893+0000][9525.312s][info][gc,phases   ] GC(1788)   Evacuate Collection Set: 26.6ms
[2024-05-30T13:13:05.893+0000][9525.312s][info][gc,phases   ] GC(1788)   Post Evacuate Collection Set: 1.8ms
[2024-05-30T13:13:05.893+0000][9525.312s][info][gc,phases   ] GC(1788)   Other: 0.2ms
[2024-05-30T13:13:05.893+0000][9525.312s][info][gc,heap     ] GC(1788) Eden regions: 824->0(825)
[2024-05-30T13:13:05.893+0000][9525.312s][info][gc,heap     ] GC(1788) Survivor regions: 10->10(105)
[2024-05-30T13:13:05.893+0000][9525.312s][info][gc,heap     ] GC(1788) Old regions: 371->371
[2024-05-30T13:13:05.893+0000][9525.312s][info][gc,heap     ] GC(1788) Archive regions: 2->2
[2024-05-30T13:13:05.893+0000][9525.312s][info][gc,heap     ] GC(1788) Humongous regions: 5->5
[2024-05-30T13:13:05.893+0000][9525.312s][info][gc,metaspace] GC(1788) Metaspace: 432821K(439808K)->432821K(439808K) NonClass: 378909K(382976K)->378909K(382976K) Class: 53911K(56832K)->53911K(56832K)
[2024-05-30T13:13:05.893+0000][9525.312s][info][gc          ] GC(1788) Pause Young (Normal) (G1 Evacuation Pause) 9679M->3090M(12288M) 29.049ms
[2024-05-30T13:13:05.893+0000][9525.312s][info][gc,cpu      ] GC(1788) User=0.17s Sys=0.00s Real=0.03s
[2024-05-30T13:13:14.594+0000][9534.013s][info][gc,start    ] GC(1789) Pause Young (Concurrent Start) (G1 Evacuation Pause)
[2024-05-30T13:13:14.594+0000][9534.013s][info][gc,task     ] GC(1789) Using 6 workers of 6 for evacuation
[2024-05-30T13:13:14.630+0000][9534.049s][info][gc,phases   ] GC(1789)   Pre Evacuate Collection Set: 0.5ms
[2024-05-30T13:13:14.630+0000][9534.049s][info][gc,phases   ] GC(1789)   Merge Heap Roots: 0.2ms
[2024-05-30T13:13:14.630+0000][9534.049s][info][gc,phases   ] GC(1789)   Evacuate Collection Set: 32.9ms
[2024-05-30T13:13:14.630+0000][9534.049s][info][gc,phases   ] GC(1789)   Post Evacuate Collection Set: 2.0ms
[2024-05-30T13:13:14.630+0000][9534.049s][info][gc,phases   ] GC(1789)   Other: 0.3ms
[2024-05-30T13:13:14.630+0000][9534.049s][info][gc,heap     ] GC(1789) Eden regions: 825->0(823)
[2024-05-30T13:13:14.630+0000][9534.049s][info][gc,heap     ] GC(1789) Survivor regions: 10->12(105)
[2024-05-30T13:13:14.630+0000][9534.049s][info][gc,heap     ] GC(1789) Old regions: 371->371
[2024-05-30T13:13:14.630+0000][9534.049s][info][gc,heap     ] GC(1789) Archive regions: 2->2
[2024-05-30T13:13:14.630+0000][9534.049s][info][gc,heap     ] GC(1789) Humongous regions: 5->5
[2024-05-30T13:13:14.630+0000][9534.049s][info][gc,metaspace] GC(1789) Metaspace: 432821K(439808K)->432821K(439808K) NonClass: 378909K(382976K)->378909K(382976K) Class: 53911K(56832K)->53911K(56832K)
[2024-05-30T13:13:14.630+0000][9534.049s][info][gc          ] GC(1789) Pause Young (Concurrent Start) (G1 Evacuation Pause) 9690M->3102M(12288M) 35.978ms
[2024-05-30T13:13:14.630+0000][9534.049s][info][gc,cpu      ] GC(1789) User=0.21s Sys=0.00s Real=0.04s
[2024-05-30T13:13:14.630+0000][9534.049s][info][gc          ] GC(1790) Concurrent Mark Cycle
[2024-05-30T13:13:14.630+0000][9534.049s][info][gc,marking  ] GC(1790) Concurrent Clear Claimed Marks
[2024-05-30T13:13:14.630+0000][9534.049s][info][gc,marking  ] GC(1790) Concurrent Clear Claimed Marks 0.417ms
[2024-05-30T13:13:14.630+0000][9534.049s][info][gc,marking  ] GC(1790) Concurrent Scan Root Regions
[2024-05-30T13:13:14.656+0000][9534.075s][info][gc,marking  ] GC(1790) Concurrent Scan Root Regions 25.558ms
[2024-05-30T13:13:14.656+0000][9534.075s][info][gc,marking  ] GC(1790) Concurrent Mark
[2024-05-30T13:13:14.656+0000][9534.075s][info][gc,marking  ] GC(1790) Concurrent Mark From Roots
[2024-05-30T13:13:14.656+0000][9534.075s][info][gc,task     ] GC(1790) Using 2 workers of 2 for marking
[2024-05-30T13:13:17.130+0000][9536.549s][info][gc,marking  ] GC(1790) Concurrent Mark From Roots 2473.910ms
[2024-05-30T13:13:17.130+0000][9536.549s][info][gc,marking  ] GC(1790) Concurrent Preclean
[2024-05-30T13:13:17.131+0000][9536.550s][info][gc,marking  ] GC(1790) Concurrent Preclean 1.024ms
[2024-05-30T13:13:17.131+0000][9536.550s][info][gc,start    ] GC(1790) Pause Remark
[2024-05-30T13:13:17.155+0000][9536.574s][info][gc          ] GC(1790) Pause Remark 4786M->4786M(12288M) 23.802ms
[2024-05-30T13:13:17.155+0000][9536.574s][info][gc,cpu      ] GC(1790) User=0.11s Sys=0.00s Real=0.02s
[2024-05-30T13:13:17.155+0000][9536.574s][info][gc,marking  ] GC(1790) Concurrent Mark 2499.092ms
[2024-05-30T13:13:17.155+0000][9536.574s][info][gc,marking  ] GC(1790) Concurrent Rebuild Remembered Sets
[2024-05-30T13:13:18.485+0000][9537.904s][info][gc,marking  ] GC(1790) Concurrent Rebuild Remembered Sets 1330.082ms
[2024-05-30T13:13:18.485+0000][9537.904s][info][gc,start    ] GC(1790) Pause Cleanup
[2024-05-30T13:13:18.486+0000][9537.905s][info][gc          ] GC(1790) Pause Cleanup 5698M->5698M(12288M) 0.702ms
[2024-05-30T13:13:18.486+0000][9537.905s][info][gc,cpu      ] GC(1790) User=0.00s Sys=0.00s Real=0.00s
[2024-05-30T13:13:18.486+0000][9537.905s][info][gc,marking  ] GC(1790) Concurrent Cleanup for Next Mark
[2024-05-30T13:13:18.503+0000][9537.923s][info][gc,marking  ] GC(1790) Concurrent Cleanup for Next Mark 17.314ms
[2024-05-30T13:13:18.503+0000][9537.923s][info][gc          ] GC(1790) Concurrent Mark Cycle 3873.691ms
[2024-05-30T13:13:24.101+0000][9543.520s][info][gc,start    ] GC(1791) Pause Young (Prepare Mixed) (G1 Evacuation Pause)
[2024-05-30T13:13:24.101+0000][9543.521s][info][gc,task     ] GC(1791) Using 6 workers of 6 for evacuation
[2024-05-30T13:13:24.138+0000][9543.557s][info][gc,phases   ] GC(1791)   Pre Evacuate Collection Set: 0.2ms
[2024-05-30T13:13:24.138+0000][9543.557s][info][gc,phases   ] GC(1791)   Merge Heap Roots: 0.3ms
[2024-05-30T13:13:24.138+0000][9543.557s][info][gc,phases   ] GC(1791)   Evacuate Collection Set: 34.0ms
[2024-05-30T13:13:24.138+0000][9543.557s][info][gc,phases   ] GC(1791)   Post Evacuate Collection Set: 2.1ms
[2024-05-30T13:13:24.138+0000][9543.557s][info][gc,phases   ] GC(1791)   Other: 0.2ms
[2024-05-30T13:13:24.138+0000][9543.557s][info][gc,heap     ] GC(1791) Eden regions: 823->0(61)
[2024-05-30T13:13:24.138+0000][9543.557s][info][gc,heap     ] GC(1791) Survivor regions: 12->15(105)
[2024-05-30T13:13:24.138+0000][9543.557s][info][gc,heap     ] GC(1791) Old regions: 371->371
[2024-05-30T13:13:24.138+0000][9543.557s][info][gc,heap     ] GC(1791) Archive regions: 2->2
[2024-05-30T13:13:24.138+0000][9543.557s][info][gc,heap     ] GC(1791) Humongous regions: 5->5
[2024-05-30T13:13:24.138+0000][9543.557s][info][gc,metaspace] GC(1791) Metaspace: 432821K(439808K)->432821K(439808K) NonClass: 378909K(382976K)->378909K(382976K) Class: 53911K(56832K)->53911K(56832K)
[2024-05-30T13:13:24.138+0000][9543.557s][info][gc          ] GC(1791) Pause Young (Prepare Mixed) (G1 Evacuation Pause) 9686M->3132M(12288M) 36.851ms
[2024-05-30T13:13:24.138+0000][9543.557s][info][gc,cpu      ] GC(1791) User=0.22s Sys=0.00s Real=0.04s
[2024-05-30T13:13:24.800+0000][9544.219s][info][gc,start    ] GC(1792) Pause Young (Mixed) (G1 Evacuation Pause)
[2024-05-30T13:13:24.800+0000][9544.219s][info][gc,task     ] GC(1792) Using 6 workers of 6 for evacuation
[2024-05-30T13:13:24.883+0000][9544.302s][info][gc,phases   ] GC(1792)   Pre Evacuate Collection Set: 0.2ms
[2024-05-30T13:13:24.883+0000][9544.302s][info][gc,phases   ] GC(1792)   Merge Heap Roots: 0.4ms
[2024-05-30T13:13:24.883+0000][9544.302s][info][gc,phases   ] GC(1792)   Evacuate Collection Set: 80.8ms
[2024-05-30T13:13:24.883+0000][9544.302s][info][gc,phases   ] GC(1792)   Post Evacuate Collection Set: 1.4ms
[2024-05-30T13:13:24.883+0000][9544.302s][info][gc,phases   ] GC(1792)   Other: 0.2ms
[2024-05-30T13:13:24.883+0000][9544.302s][info][gc,heap     ] GC(1792) Eden regions: 61->0(830)
[2024-05-30T13:13:24.883+0000][9544.302s][info][gc,heap     ] GC(1792) Survivor regions: 15->6(10)
[2024-05-30T13:13:24.883+0000][9544.302s][info][gc,heap     ] GC(1792) Old regions: 371->370
[2024-05-30T13:13:24.883+0000][9544.302s][info][gc,heap     ] GC(1792) Archive regions: 2->2
[2024-05-30T13:13:24.883+0000][9544.302s][info][gc,heap     ] GC(1792) Humongous regions: 5->5
[2024-05-30T13:13:24.883+0000][9544.302s][info][gc,metaspace] GC(1792) Metaspace: 432821K(439808K)->432821K(439808K) NonClass: 378909K(382976K)->378909K(382976K) Class: 53911K(56832K)->53911K(56832K)
[2024-05-30T13:13:24.883+0000][9544.302s][info][gc          ] GC(1792) Pause Young (Mixed) (G1 Evacuation Pause) 3620M->3046M(12288M) 83.003ms
[2024-05-30T13:13:24.883+0000][9544.302s][info][gc,cpu      ] GC(1792) User=0.49s Sys=0.00s Real=0.08s
[2024-05-30T13:13:34.029+0000][9553.448s][info][gc,start    ] GC(1793) Pause Young (Normal) (G1 Evacuation Pause)
[2024-05-30T13:13:34.029+0000][9553.448s][info][gc,task     ] GC(1793) Using 6 workers of 6 for evacuation
[2024-05-30T13:13:34.051+0000][9553.470s][info][gc,phases   ] GC(1793)   Pre Evacuate Collection Set: 0.2ms
[2024-05-30T13:13:34.051+0000][9553.470s][info][gc,phases   ] GC(1793)   Merge Heap Roots: 0.2ms
[2024-05-30T13:13:34.051+0000][9553.470s][info][gc,phases   ] GC(1793)   Evacuate Collection Set: 19.8ms
[2024-05-30T13:13:34.051+0000][9553.470s][info][gc,phases   ] GC(1793)   Post Evacuate Collection Set: 1.8ms
[2024-05-30T13:13:34.051+0000][9553.470s][info][gc,phases   ] GC(1793)   Other: 0.2ms
[2024-05-30T13:13:34.051+0000][9553.470s][info][gc,heap     ] GC(1793) Eden regions: 830->0(828)
[2024-05-30T13:13:34.051+0000][9553.470s][info][gc,heap     ] GC(1793) Survivor regions: 6->8(105)
[2024-05-30T13:13:34.051+0000][9553.470s][info][gc,heap     ] GC(1793) Old regions: 370->370
[2024-05-30T13:13:34.051+0000][9553.470s][info][gc,heap     ] GC(1793) Archive regions: 2->2
[2024-05-30T13:13:34.051+0000][9553.470s][info][gc,heap     ] GC(1793) Humongous regions: 5->5
[2024-05-30T13:13:34.051+0000][9553.470s][info][gc,metaspace] GC(1793) Metaspace: 432824K(439808K)->432824K(439808K) NonClass: 378912K(382976K)->378912K(382976K) Class: 53911K(56832K)->53911K(56832K)
[2024-05-30T13:13:34.051+0000][9553.470s][info][gc          ] GC(1793) Pause Young (Normal) (G1 Evacuation Pause) 9686M->3062M(12288M) 22.298ms
[2024-05-30T13:13:34.051+0000][9553.470s][info][gc,cpu      ] GC(1793) User=0.13s Sys=0.00s Real=0.02s
[2024-05-30T13:13:43.254+0000][9562.673s][info][gc,start    ] GC(1794) Pause Young (Normal) (G1 Evacuation Pause)
[2024-05-30T13:13:43.254+0000][9562.673s][info][gc,task     ] GC(1794) Using 6 workers of 6 for evacuation
[2024-05-30T13:13:43.285+0000][9562.704s][info][gc,phases   ] GC(1794)   Pre Evacuate Collection Set: 0.2ms
[2024-05-30T13:13:43.285+0000][9562.704s][info][gc,phases   ] GC(1794)   Merge Heap Roots: 0.2ms
[2024-05-30T13:13:43.285+0000][9562.704s][info][gc,phases   ] GC(1794)   Evacuate Collection Set: 28.1ms
[2024-05-30T13:13:43.285+0000][9562.704s][info][gc,phases   ] GC(1794)   Post Evacuate Collection Set: 1.8ms
[2024-05-30T13:13:43.285+0000][9562.704s][info][gc,phases   ] GC(1794)   Other: 0.2ms
[2024-05-30T13:13:43.285+0000][9562.704s][info][gc,heap     ] GC(1794) Eden regions: 828->0(824)
[2024-05-30T13:13:43.285+0000][9562.704s][info][gc,heap     ] GC(1794) Survivor regions: 8->12(105)
[2024-05-30T13:13:43.285+0000][9562.704s][info][gc,heap     ] GC(1794) Old regions: 370->370
[2024-05-30T13:13:43.285+0000][9562.704s][info][gc,heap     ] GC(1794) Archive regions: 2->2
[2024-05-30T13:13:43.285+0000][9562.704s][info][gc,heap     ] GC(1794) Humongous regions: 5->5
[2024-05-30T13:13:43.285+0000][9562.704s][info][gc,metaspace] GC(1794) Metaspace: 432824K(439808K)->432824K(439808K) NonClass: 378912K(382976K)->378912K(382976K) Class: 53911K(56832K)->53911K(56832K)
[2024-05-30T13:13:43.285+0000][9562.704s][info][gc          ] GC(1794) Pause Young (Normal) (G1 Evacuation Pause) 9686M->3090M(12288M) 30.525ms
[2024-05-30T13:13:43.285+0000][9562.704s][info][gc,cpu      ] GC(1794) User=0.18s Sys=0.00s Real=0.03s
[2024-05-30T13:13:49.550+0000][9568.969s][info][gc,start    ] GC(1795) Pause Young (Concurrent Start) (G1 Evacuation Pause)
[2024-05-30T13:13:49.550+0000][9568.969s][info][gc,task     ] GC(1795) Using 6 workers of 6 for evacuation
[2024-05-30T13:13:49.583+0000][9569.002s][info][gc,phases   ] GC(1795)   Pre Evacuate Collection Set: 0.6ms
[2024-05-30T13:13:49.583+0000][9569.002s][info][gc,phases   ] GC(1795)   Merge Heap Roots: 0.3ms
[2024-05-30T13:13:49.583+0000][9569.002s][info][gc,phases   ] GC(1795)   Evacuate Collection Set: 29.6ms
[2024-05-30T13:13:49.583+0000][9569.002s][info][gc,phases   ] GC(1795)   Post Evacuate Collection Set: 1.8ms
[2024-05-30T13:13:49.583+0000][9569.002s][info][gc,phases   ] GC(1795)   Other: 0.3ms
[2024-05-30T13:13:49.583+0000][9569.002s][info][gc,heap     ] GC(1795) Eden regions: 824->0(824)
[2024-05-30T13:13:49.583+0000][9569.002s][info][gc,heap     ] GC(1795) Survivor regions: 12->12(105)
[2024-05-30T13:13:49.583+0000][9569.002s][info][gc,heap     ] GC(1795) Old regions: 370->370
[2024-05-30T13:13:49.583+0000][9569.002s][info][gc,heap     ] GC(1795) Archive regions: 2->2
[2024-05-30T13:13:49.583+0000][9569.002s][info][gc,heap     ] GC(1795) Humongous regions: 5->5
[2024-05-30T13:13:49.583+0000][9569.002s][info][gc,metaspace] GC(1795) Metaspace: 432824K(439808K)->432824K(439808K) NonClass: 378912K(382976K)->378912K(382976K) Class: 53911K(56832K)->53911K(56832K)
[2024-05-30T13:13:49.583+0000][9569.002s][info][gc          ] GC(1795) Pause Young (Concurrent Start) (G1 Evacuation Pause) 9682M->3094M(12288M) 32.578ms
[2024-05-30T13:13:49.583+0000][9569.002s][info][gc,cpu      ] GC(1795) User=0.19s Sys=0.00s Real=0.03s
[2024-05-30T13:13:49.583+0000][9569.002s][info][gc          ] GC(1796) Concurrent Mark Cycle
[2024-05-30T13:13:49.583+0000][9569.002s][info][gc,marking  ] GC(1796) Concurrent Clear Claimed Marks
[2024-05-30T13:13:49.583+0000][9569.003s][info][gc,marking  ] GC(1796) Concurrent Clear Claimed Marks 0.405ms
[2024-05-30T13:13:49.583+0000][9569.003s][info][gc,marking  ] GC(1796) Concurrent Scan Root Regions
[2024-05-30T13:13:49.620+0000][9569.039s][info][gc,marking  ] GC(1796) Concurrent Scan Root Regions 36.243ms
[2024-05-30T13:13:49.620+0000][9569.039s][info][gc,marking  ] GC(1796) Concurrent Mark
[2024-05-30T13:13:49.620+0000][9569.039s][info][gc,marking  ] GC(1796) Concurrent Mark From Roots
[2024-05-30T13:13:49.620+0000][9569.039s][info][gc,task     ] GC(1796) Using 2 workers of 2 for marking
[2024-05-30T13:13:52.084+0000][9571.503s][info][gc,marking  ] GC(1796) Concurrent Mark From Roots 2464.052ms
[2024-05-30T13:13:52.084+0000][9571.503s][info][gc,marking  ] GC(1796) Concurrent Preclean
[2024-05-30T13:13:52.085+0000][9571.504s][info][gc,marking  ] GC(1796) Concurrent Preclean 1.162ms
[2024-05-30T13:13:52.085+0000][9571.504s][info][gc,start    ] GC(1796) Pause Remark
[2024-05-30T13:13:52.109+0000][9571.528s][info][gc          ] GC(1796) Pause Remark 4834M->4834M(12288M) 23.765ms
[2024-05-30T13:13:52.109+0000][9571.528s][info][gc,cpu      ] GC(1796) User=0.10s Sys=0.00s Real=0.03s
[2024-05-30T13:13:52.109+0000][9571.528s][info][gc,marking  ] GC(1796) Concurrent Mark 2489.455ms
[2024-05-30T13:13:52.109+0000][9571.528s][info][gc,marking  ] GC(1796) Concurrent Rebuild Remembered Sets
[2024-05-30T13:13:53.462+0000][9572.881s][info][gc,marking  ] GC(1796) Concurrent Rebuild Remembered Sets 1352.520ms
[2024-05-30T13:13:53.462+0000][9572.881s][info][gc,start    ] GC(1796) Pause Cleanup
[2024-05-30T13:13:53.462+0000][9572.882s][info][gc          ] GC(1796) Pause Cleanup 5830M->5830M(12288M) 0.622ms
[2024-05-30T13:13:53.463+0000][9572.882s][info][gc,cpu      ] GC(1796) User=0.00s Sys=0.00s Real=0.00s
[2024-05-30T13:13:53.463+0000][9572.882s][info][gc,marking  ] GC(1796) Concurrent Cleanup for Next Mark
[2024-05-30T13:13:53.481+0000][9572.900s][info][gc,marking  ] GC(1796) Concurrent Cleanup for Next Mark 18.273ms
[2024-05-30T13:13:53.481+0000][9572.900s][info][gc          ] GC(1796) Concurrent Mark Cycle 3898.028ms
[2024-05-30T13:13:58.923+0000][9578.342s][info][gc,start    ] GC(1797) Pause Young (Prepare Mixed) (G1 Evacuation Pause)
[2024-05-30T13:13:58.923+0000][9578.342s][info][gc,task     ] GC(1797) Using 6 workers of 6 for evacuation
[2024-05-30T13:13:58.963+0000][9578.382s][info][gc,phases   ] GC(1797)   Pre Evacuate Collection Set: 0.2ms
[2024-05-30T13:13:58.963+0000][9578.382s][info][gc,phases   ] GC(1797)   Merge Heap Roots: 0.3ms
[2024-05-30T13:13:58.963+0000][9578.382s][info][gc,phases   ] GC(1797)   Evacuate Collection Set: 37.9ms
[2024-05-30T13:13:58.963+0000][9578.382s][info][gc,phases   ] GC(1797)   Post Evacuate Collection Set: 1.9ms
[2024-05-30T13:13:58.963+0000][9578.382s][info][gc,phases   ] GC(1797)   Other: 0.2ms
[2024-05-30T13:13:58.963+0000][9578.382s][info][gc,heap     ] GC(1797) Eden regions: 824->0(63)
[2024-05-30T13:13:58.963+0000][9578.382s][info][gc,heap     ] GC(1797) Survivor regions: 12->13(105)
[2024-05-30T13:13:58.963+0000][9578.382s][info][gc,heap     ] GC(1797) Old regions: 370->370
[2024-05-30T13:13:58.963+0000][9578.382s][info][gc,heap     ] GC(1797) Archive regions: 2->2
[2024-05-30T13:13:58.963+0000][9578.382s][info][gc,heap     ] GC(1797) Humongous regions: 5->5
[2024-05-30T13:13:58.963+0000][9578.382s][info][gc,metaspace] GC(1797) Metaspace: 432827K(439808K)->432827K(439808K) NonClass: 378915K(382976K)->378915K(382976K) Class: 53911K(56832K)->53911K(56832K)
[2024-05-30T13:13:58.963+0000][9578.383s][info][gc          ] GC(1797) Pause Young (Prepare Mixed) (G1 Evacuation Pause) 9686M->3102M(12288M) 40.556ms
[2024-05-30T13:13:58.963+0000][9578.383s][info][gc,cpu      ] GC(1797) User=0.24s Sys=0.00s Real=0.04s
[2024-05-30T13:13:59.688+0000][9579.107s][info][gc,start    ] GC(1798) Pause Young (Mixed) (G1 Evacuation Pause)
[2024-05-30T13:13:59.688+0000][9579.107s][info][gc,task     ] GC(1798) Using 6 workers of 6 for evacuation
[2024-05-30T13:13:59.778+0000][9579.198s][info][gc,phases   ] GC(1798)   Pre Evacuate Collection Set: 0.2ms
[2024-05-30T13:13:59.778+0000][9579.198s][info][gc,phases   ] GC(1798)   Merge Heap Roots: 0.4ms
[2024-05-30T13:13:59.778+0000][9579.198s][info][gc,phases   ] GC(1798)   Evacuate Collection Set: 88.1ms
[2024-05-30T13:13:59.778+0000][9579.198s][info][gc,phases   ] GC(1798)   Post Evacuate Collection Set: 1.3ms
[2024-05-30T13:13:59.778+0000][9579.198s][info][gc,phases   ] GC(1798)   Other: 0.3ms
[2024-05-30T13:13:59.778+0000][9579.198s][info][gc,heap     ] GC(1798) Eden regions: 63->0(834)
[2024-05-30T13:13:59.778+0000][9579.198s][info][gc,heap     ] GC(1798) Survivor regions: 13->5(10)
[2024-05-30T13:13:59.778+0000][9579.198s][info][gc,heap     ] GC(1798) Old regions: 370->368
[2024-05-30T13:13:59.778+0000][9579.198s][info][gc,heap     ] GC(1798) Archive regions: 2->2
[2024-05-30T13:13:59.778+0000][9579.198s][info][gc,heap     ] GC(1798) Humongous regions: 5->5
[2024-05-30T13:13:59.778+0000][9579.198s][info][gc,metaspace] GC(1798) Metaspace: 432827K(439808K)->432827K(439808K) NonClass: 378915K(382976K)->378915K(382976K) Class: 53911K(56832K)->53911K(56832K)
[2024-05-30T13:13:59.778+0000][9579.198s][info][gc          ] GC(1798) Pause Young (Mixed) (G1 Evacuation Pause) 3606M->3019M(12288M) 90.393ms
[2024-05-30T13:13:59.778+0000][9579.198s][info][gc,cpu      ] GC(1798) User=0.54s Sys=0.00s Real=0.10s
[2024-05-30T13:14:09.067+0000][9588.486s][info][gc,start    ] GC(1799) Pause Young (Normal) (G1 Evacuation Pause)
[2024-05-30T13:14:09.067+0000][9588.486s][info][gc,task     ] GC(1799) Using 6 workers of 6 for evacuation
[2024-05-30T13:14:09.088+0000][9588.508s][info][gc,phases   ] GC(1799)   Pre Evacuate Collection Set: 0.2ms
[2024-05-30T13:14:09.089+0000][9588.508s][info][gc,phases   ] GC(1799)   Merge Heap Roots: 0.2ms
[2024-05-30T13:14:09.089+0000][9588.508s][info][gc,phases   ] GC(1799)   Evacuate Collection Set: 19.5ms
[2024-05-30T13:14:09.089+0000][9588.508s][info][gc,phases   ] GC(1799)   Post Evacuate Collection Set: 1.8ms
[2024-05-30T13:14:09.089+0000][9588.508s][info][gc,phases   ] GC(1799)   Other: 0.2ms
[2024-05-30T13:14:09.089+0000][9588.508s][info][gc,heap     ] GC(1799) Eden regions: 834->0(831)
[2024-05-30T13:14:09.089+0000][9588.508s][info][gc,heap     ] GC(1799) Survivor regions: 5->8(105)
[2024-05-30T13:14:09.089+0000][9588.508s][info][gc,heap     ] GC(1799) Old regions: 368->368
[2024-05-30T13:14:09.089+0000][9588.508s][info][gc,heap     ] GC(1799) Archive regions: 2->2
[2024-05-30T13:14:09.089+0000][9588.508s][info][gc,heap     ] GC(1799) Humongous regions: 5->5
[2024-05-30T13:14:09.089+0000][9588.508s][info][gc,metaspace] GC(1799) Metaspace: 432827K(439808K)->432827K(439808K) NonClass: 378915K(382976K)->378915K(382976K) Class: 53911K(56832K)->53911K(56832K)
[2024-05-30T13:14:09.089+0000][9588.508s][info][gc          ] GC(1799) Pause Young (Normal) (G1 Evacuation Pause) 9691M->3047M(12288M) 22.068ms
[2024-05-30T13:14:09.089+0000][9588.508s][info][gc,cpu      ] GC(1799) User=0.12s Sys=0.00s Real=0.03s
[2024-05-30T13:14:18.483+0000][9597.902s][info][gc,start    ] GC(1800) Pause Young (Normal) (G1 Evacuation Pause)
[2024-05-30T13:14:18.483+0000][9597.902s][info][gc,task     ] GC(1800) Using 6 workers of 6 for evacuation
[2024-05-30T13:14:18.512+0000][9597.931s][info][gc,phases   ] GC(1800)   Pre Evacuate Collection Set: 0.2ms
[2024-05-30T13:14:18.512+0000][9597.931s][info][gc,phases   ] GC(1800)   Merge Heap Roots: 0.2ms
[2024-05-30T13:14:18.512+0000][9597.931s][info][gc,phases   ] GC(1800)   Evacuate Collection Set: 26.3ms
[2024-05-30T13:14:18.512+0000][9597.931s][info][gc,phases   ] GC(1800)   Post Evacuate Collection Set: 1.8ms
[2024-05-30T13:14:18.512+0000][9597.931s][info][gc,phases   ] GC(1800)   Other: 0.2ms
[2024-05-30T13:14:18.512+0000][9597.931s][info][gc,heap     ] GC(1800) Eden regions: 831->0(827)
[2024-05-30T13:14:18.512+0000][9597.931s][info][gc,heap     ] GC(1800) Survivor regions: 8->12(105)
[2024-05-30T13:14:18.512+0000][9597.931s][info][gc,heap     ] GC(1800) Old regions: 368->368
[2024-05-30T13:14:18.512+0000][9597.931s][info][gc,heap     ] GC(1800) Archive regions: 2->2
[2024-05-30T13:14:18.512+0000][9597.931s][info][gc,heap     ] GC(1800) Humongous regions: 5->5
[2024-05-30T13:14:18.512+0000][9597.931s][info][gc,metaspace] GC(1800) Metaspace: 432828K(439808K)->432828K(439808K) NonClass: 378916K(382976K)->378916K(382976K) Class: 53911K(56832K)->53911K(56832K)
[2024-05-30T13:14:18.512+0000][9597.931s][info][gc          ] GC(1800) Pause Young (Normal) (G1 Evacuation Pause) 9695M->3078M(12288M) 28.771ms
[2024-05-30T13:14:18.512+0000][9597.931s][info][gc,cpu      ] GC(1800) User=0.17s Sys=0.00s Real=0.03s
[2024-05-30T13:14:27.412+0000][9606.832s][info][gc,start    ] GC(1801) Pause Young (Concurrent Start) (G1 Evacuation Pause)
[2024-05-30T13:14:27.413+0000][9606.832s][info][gc,task     ] GC(1801) Using 6 workers of 6 for evacuation
[2024-05-30T13:14:27.447+0000][9606.866s][info][gc,phases   ] GC(1801)   Pre Evacuate Collection Set: 0.6ms
[2024-05-30T13:14:27.447+0000][9606.866s][info][gc,phases   ] GC(1801)   Merge Heap Roots: 0.3ms
[2024-05-30T13:14:27.447+0000][9606.866s][info][gc,phases   ] GC(1801)   Evacuate Collection Set: 31.8ms
[2024-05-30T13:14:27.447+0000][9606.866s][info][gc,phases   ] GC(1801)   Post Evacuate Collection Set: 1.9ms
[2024-05-30T13:14:27.447+0000][9606.866s][info][gc,phases   ] GC(1801)   Other: 0.3ms
[2024-05-30T13:14:27.447+0000][9606.866s][info][gc,heap     ] GC(1801) Eden regions: 827->0(827)
[2024-05-30T13:14:27.447+0000][9606.866s][info][gc,heap     ] GC(1801) Survivor regions: 12->12(105)
[2024-05-30T13:14:27.447+0000][9606.867s][info][gc,heap     ] GC(1801) Old regions: 368->368
[2024-05-30T13:14:27.447+0000][9606.867s][info][gc,heap     ] GC(1801) Archive regions: 2->2
[2024-05-30T13:14:27.447+0000][9606.867s][info][gc,heap     ] GC(1801) Humongous regions: 5->5
[2024-05-30T13:14:27.447+0000][9606.867s][info][gc,metaspace] GC(1801) Metaspace: 432828K(439808K)->432828K(439808K) NonClass: 378916K(382976K)->378916K(382976K) Class: 53911K(56832K)->53911K(56832K)
[2024-05-30T13:14:27.447+0000][9606.867s][info][gc          ] GC(1801) Pause Young (Concurrent Start) (G1 Evacuation Pause) 9694M->3080M(12288M) 34.809ms
[2024-05-30T13:14:27.447+0000][9606.867s][info][gc,cpu      ] GC(1801) User=0.20s Sys=0.00s Real=0.03s
[2024-05-30T13:14:27.447+0000][9606.867s][info][gc          ] GC(1802) Concurrent Mark Cycle
[2024-05-30T13:14:27.447+0000][9606.867s][info][gc,marking  ] GC(1802) Concurrent Clear Claimed Marks
[2024-05-30T13:14:27.448+0000][9606.867s][info][gc,marking  ] GC(1802) Concurrent Clear Claimed Marks 0.402ms
[2024-05-30T13:14:27.448+0000][9606.867s][info][gc,marking  ] GC(1802) Concurrent Scan Root Regions
[2024-05-30T13:14:27.480+0000][9606.899s][info][gc,marking  ] GC(1802) Concurrent Scan Root Regions 31.822ms
[2024-05-30T13:14:27.480+0000][9606.899s][info][gc,marking  ] GC(1802) Concurrent Mark
[2024-05-30T13:14:27.480+0000][9606.899s][info][gc,marking  ] GC(1802) Concurrent Mark From Roots
[2024-05-30T13:14:27.480+0000][9606.899s][info][gc,task     ] GC(1802) Using 2 workers of 2 for marking
[2024-05-30T13:14:29.965+0000][9609.384s][info][gc,marking  ] GC(1802) Concurrent Mark From Roots 2485.053ms
[2024-05-30T13:14:29.965+0000][9609.384s][info][gc,marking  ] GC(1802) Concurrent Preclean
[2024-05-30T13:14:29.966+0000][9609.385s][info][gc,marking  ] GC(1802) Concurrent Preclean 1.257ms
[2024-05-30T13:14:29.966+0000][9609.386s][info][gc,start    ] GC(1802) Pause Remark
[2024-05-30T13:14:29.990+0000][9609.409s][info][gc          ] GC(1802) Pause Remark 4736M->4736M(12288M) 23.882ms
[2024-05-30T13:14:29.990+0000][9609.409s][info][gc,cpu      ] GC(1802) User=0.10s Sys=0.01s Real=0.03s
[2024-05-30T13:14:29.990+0000][9609.410s][info][gc,marking  ] GC(1802) Concurrent Mark 2510.617ms
[2024-05-30T13:14:29.990+0000][9609.410s][info][gc,marking  ] GC(1802) Concurrent Rebuild Remembered Sets
[2024-05-30T13:14:31.312+0000][9610.731s][info][gc,marking  ] GC(1802) Concurrent Rebuild Remembered Sets 1321.424ms
[2024-05-30T13:14:31.312+0000][9610.731s][info][gc,start    ] GC(1802) Pause Cleanup
[2024-05-30T13:14:31.313+0000][9610.732s][info][gc          ] GC(1802) Pause Cleanup 5636M->5636M(12288M) 0.684ms
[2024-05-30T13:14:31.313+0000][9610.732s][info][gc,cpu      ] GC(1802) User=0.00s Sys=0.00s Real=0.00s
[2024-05-30T13:14:31.313+0000][9610.732s][info][gc,marking  ] GC(1802) Concurrent Cleanup for Next Mark
[2024-05-30T13:14:31.330+0000][9610.749s][info][gc,marking  ] GC(1802) Concurrent Cleanup for Next Mark 16.962ms
[2024-05-30T13:14:31.330+0000][9610.749s][info][gc          ] GC(1802) Concurrent Mark Cycle 3882.379ms
[2024-05-30T13:14:36.967+0000][9616.387s][info][gc,start    ] GC(1803) Pause Young (Prepare Mixed) (G1 Evacuation Pause)
[2024-05-30T13:14:36.967+0000][9616.387s][info][gc,task     ] GC(1803) Using 6 workers of 6 for evacuation
[2024-05-30T13:14:37.005+0000][9616.424s][info][gc,phases   ] GC(1803)   Pre Evacuate Collection Set: 0.2ms
[2024-05-30T13:14:37.005+0000][9616.424s][info][gc,phases   ] GC(1803)   Merge Heap Roots: 0.3ms
[2024-05-30T13:14:37.005+0000][9616.424s][info][gc,phases   ] GC(1803)   Evacuate Collection Set: 35.1ms
[2024-05-30T13:14:37.005+0000][9616.424s][info][gc,phases   ] GC(1803)   Post Evacuate Collection Set: 1.8ms
[2024-05-30T13:14:37.005+0000][9616.424s][info][gc,phases   ] GC(1803)   Other: 0.2ms
[2024-05-30T13:14:37.005+0000][9616.424s][info][gc,heap     ] GC(1803) Eden regions: 827->0(61)
[2024-05-30T13:14:37.005+0000][9616.424s][info][gc,heap     ] GC(1803) Survivor regions: 12->15(105)
[2024-05-30T13:14:37.005+0000][9616.424s][info][gc,heap     ] GC(1803) Old regions: 368->368
[2024-05-30T13:14:37.005+0000][9616.424s][info][gc,heap     ] GC(1803) Archive regions: 2->2
[2024-05-30T13:14:37.005+0000][9616.424s][info][gc,heap     ] GC(1803) Humongous regions: 5->5
[2024-05-30T13:14:37.005+0000][9616.424s][info][gc,metaspace] GC(1803) Metaspace: 432828K(439808K)->432828K(439808K) NonClass: 378916K(382976K)->378916K(382976K) Class: 53911K(56832K)->53911K(56832K)
[2024-05-30T13:14:37.005+0000][9616.424s][info][gc          ] GC(1803) Pause Young (Prepare Mixed) (G1 Evacuation Pause) 9696M->3104M(12288M) 37.690ms
[2024-05-30T13:14:37.005+0000][9616.424s][info][gc,cpu      ] GC(1803) User=0.22s Sys=0.00s Real=0.04s
[2024-05-30T13:14:37.684+0000][9617.103s][info][gc,start    ] GC(1804) Pause Young (Mixed) (G1 Evacuation Pause)
[2024-05-30T13:14:37.684+0000][9617.104s][info][gc,task     ] GC(1804) Using 6 workers of 6 for evacuation
[2024-05-30T13:14:37.771+0000][9617.190s][info][gc,phases   ] GC(1804)   Pre Evacuate Collection Set: 0.2ms
[2024-05-30T13:14:37.771+0000][9617.190s][info][gc,phases   ] GC(1804)   Merge Heap Roots: 0.4ms
[2024-05-30T13:14:37.771+0000][9617.190s][info][gc,phases   ] GC(1804)   Evacuate Collection Set: 85.0ms
[2024-05-30T13:14:37.771+0000][9617.191s][info][gc,phases   ] GC(1804)   Post Evacuate Collection Set: 1.3ms
[2024-05-30T13:14:37.771+0000][9617.191s][info][gc,phases   ] GC(1804)   Other: 0.2ms
[2024-05-30T13:14:37.771+0000][9617.191s][info][gc,heap     ] GC(1804) Eden regions: 61->0(832)
[2024-05-30T13:14:37.771+0000][9617.191s][info][gc,heap     ] GC(1804) Survivor regions: 15->6(10)
[2024-05-30T13:14:37.771+0000][9617.191s][info][gc,heap     ] GC(1804) Old regions: 368->369
[2024-05-30T13:14:37.771+0000][9617.191s][info][gc,heap     ] GC(1804) Archive regions: 2->2
[2024-05-30T13:14:37.771+0000][9617.191s][info][gc,heap     ] GC(1804) Humongous regions: 5->5
[2024-05-30T13:14:37.771+0000][9617.191s][info][gc,metaspace] GC(1804) Metaspace: 432828K(439808K)->432828K(439808K) NonClass: 378916K(382976K)->378916K(382976K) Class: 53911K(56832K)->53911K(56832K)
[2024-05-30T13:14:37.771+0000][9617.191s][info][gc          ] GC(1804) Pause Young (Mixed) (G1 Evacuation Pause) 3592M->3036M(12288M) 87.105ms
[2024-05-30T13:14:37.771+0000][9617.191s][info][gc,cpu      ] GC(1804) User=0.52s Sys=0.00s Real=0.09s
[2024-05-30T13:14:45.576+0000][9624.995s][info][gc,start    ] GC(1805) Pause Young (Normal) (G1 Evacuation Pause)
[2024-05-30T13:14:45.576+0000][9624.996s][info][gc,task     ] GC(1805) Using 6 workers of 6 for evacuation
[2024-05-30T13:14:45.602+0000][9625.022s][info][gc,phases   ] GC(1805)   Pre Evacuate Collection Set: 0.2ms
[2024-05-30T13:14:45.602+0000][9625.022s][info][gc,phases   ] GC(1805)   Merge Heap Roots: 0.2ms
[2024-05-30T13:14:45.602+0000][9625.022s][info][gc,phases   ] GC(1805)   Evacuate Collection Set: 21.8ms
[2024-05-30T13:14:45.602+0000][9625.022s][info][gc,phases   ] GC(1805)   Post Evacuate Collection Set: 3.7ms
[2024-05-30T13:14:45.602+0000][9625.022s][info][gc,phases   ] GC(1805)   Other: 0.3ms
[2024-05-30T13:14:45.602+0000][9625.022s][info][gc,heap     ] GC(1805) Eden regions: 832->0(830)
[2024-05-30T13:14:45.602+0000][9625.022s][info][gc,heap     ] GC(1805) Survivor regions: 6->8(105)
[2024-05-30T13:14:45.602+0000][9625.022s][info][gc,heap     ] GC(1805) Old regions: 369->369
[2024-05-30T13:14:45.602+0000][9625.022s][info][gc,heap     ] GC(1805) Archive regions: 2->2
[2024-05-30T13:14:45.602+0000][9625.022s][info][gc,heap     ] GC(1805) Humongous regions: 5->5
[2024-05-30T13:14:45.602+0000][9625.022s][info][gc,metaspace] GC(1805) Metaspace: 432828K(439808K)->432828K(439808K) NonClass: 378916K(382976K)->378916K(382976K) Class: 53911K(56832K)->53911K(56832K)
[2024-05-30T13:14:45.602+0000][9625.022s][info][gc          ] GC(1805) Pause Young (Normal) (G1 Evacuation Pause) 9692M->3052M(12288M) 26.217ms
[2024-05-30T13:14:45.603+0000][9625.022s][info][gc,cpu      ] GC(1805) User=0.15s Sys=0.01s Real=0.03s
[2024-05-30T13:14:48.193+0000][9627.612s][info][gc,start    ] GC(1806) Pause Young (Normal) (G1 Evacuation Pause)
[2024-05-30T13:14:48.193+0000][9627.612s][info][gc,task     ] GC(1806) Using 6 workers of 6 for evacuation
[2024-05-30T13:14:48.276+0000][9627.695s][info][gc,phases   ] GC(1806)   Pre Evacuate Collection Set: 0.2ms
[2024-05-30T13:14:48.276+0000][9627.695s][info][gc,phases   ] GC(1806)   Merge Heap Roots: 0.2ms
[2024-05-30T13:14:48.276+0000][9627.695s][info][gc,phases   ] GC(1806)   Evacuate Collection Set: 63.3ms
[2024-05-30T13:14:48.276+0000][9627.695s][info][gc,phases   ] GC(1806)   Post Evacuate Collection Set: 19.3ms
[2024-05-30T13:14:48.276+0000][9627.695s][info][gc,phases   ] GC(1806)   Other: 0.2ms
[2024-05-30T13:14:48.276+0000][9627.695s][info][gc,heap     ] GC(1806) Eden regions: 830->0(822)
[2024-05-30T13:14:48.276+0000][9627.695s][info][gc,heap     ] GC(1806) Survivor regions: 8->14(105)
[2024-05-30T13:14:48.276+0000][9627.695s][info][gc,heap     ] GC(1806) Old regions: 369->369
[2024-05-30T13:14:48.276+0000][9627.695s][info][gc,heap     ] GC(1806) Archive regions: 2->2
[2024-05-30T13:14:48.276+0000][9627.695s][info][gc,heap     ] GC(1806) Humongous regions: 5->5
[2024-05-30T13:14:48.276+0000][9627.695s][info][gc,metaspace] GC(1806) Metaspace: 432828K(439808K)->432828K(439808K) NonClass: 378916K(382976K)->378916K(382976K) Class: 53911K(56832K)->53911K(56832K)
[2024-05-30T13:14:48.276+0000][9627.695s][info][gc          ] GC(1806) Pause Young (Normal) (G1 Evacuation Pause) 9692M->3100M(12288M) 83.311ms
[2024-05-30T13:14:48.276+0000][9627.695s][info][gc,cpu      ] GC(1806) User=0.47s Sys=0.01s Real=0.08s
[2024-05-30T13:14:50.820+0000][9630.239s][info][gc,start    ] GC(1807) Pause Young (Concurrent Start) (G1 Evacuation Pause)
[2024-05-30T13:14:50.820+0000][9630.239s][info][gc,task     ] GC(1807) Using 6 workers of 6 for evacuation
[2024-05-30T13:14:50.913+0000][9630.333s][info][gc,phases   ] GC(1807)   Pre Evacuate Collection Set: 0.6ms
[2024-05-30T13:14:50.914+0000][9630.333s][info][gc,phases   ] GC(1807)   Merge Heap Roots: 0.2ms
[2024-05-30T13:14:50.914+0000][9630.333s][info][gc,phases   ] GC(1807)   Evacuate Collection Set: 74.0ms
[2024-05-30T13:14:50.914+0000][9630.333s][info][gc,phases   ] GC(1807)   Post Evacuate Collection Set: 18.2ms
[2024-05-30T13:14:50.914+0000][9630.333s][info][gc,phases   ] GC(1807)   Other: 0.3ms
[2024-05-30T13:14:50.914+0000][9630.333s][info][gc,heap     ] GC(1807) Eden regions: 822->0(816)
[2024-05-30T13:14:50.914+0000][9630.333s][info][gc,heap     ] GC(1807) Survivor regions: 14->18(105)
[2024-05-30T13:14:50.914+0000][9630.333s][info][gc,heap     ] GC(1807) Old regions: 369->369
[2024-05-30T13:14:50.914+0000][9630.333s][info][gc,heap     ] GC(1807) Archive regions: 2->2
[2024-05-30T13:14:50.914+0000][9630.333s][info][gc,heap     ] GC(1807) Humongous regions: 5->5
[2024-05-30T13:14:50.914+0000][9630.333s][info][gc,metaspace] GC(1807) Metaspace: 432828K(439808K)->432828K(439808K) NonClass: 378916K(382976K)->378916K(382976K) Class: 53911K(56832K)->53911K(56832K)
[2024-05-30T13:14:50.914+0000][9630.333s][info][gc          ] GC(1807) Pause Young (Concurrent Start) (G1 Evacuation Pause) 9676M->3136M(12288M) 93.444ms
[2024-05-30T13:14:50.914+0000][9630.333s][info][gc,cpu      ] GC(1807) User=0.55s Sys=0.00s Real=0.09s
[2024-05-30T13:14:50.914+0000][9630.333s][info][gc          ] GC(1808) Concurrent Mark Cycle
[2024-05-30T13:14:50.914+0000][9630.333s][info][gc,marking  ] GC(1808) Concurrent Clear Claimed Marks
[2024-05-30T13:14:50.914+0000][9630.333s][info][gc,marking  ] GC(1808) Concurrent Clear Claimed Marks 0.414ms
[2024-05-30T13:14:50.914+0000][9630.333s][info][gc,marking  ] GC(1808) Concurrent Scan Root Regions
[2024-05-30T13:14:50.989+0000][9630.409s][info][gc,marking  ] GC(1808) Concurrent Scan Root Regions 75.097ms
[2024-05-30T13:14:50.989+0000][9630.409s][info][gc,marking  ] GC(1808) Concurrent Mark
[2024-05-30T13:14:50.989+0000][9630.409s][info][gc,marking  ] GC(1808) Concurrent Mark From Roots
[2024-05-30T13:14:50.989+0000][9630.409s][info][gc,task     ] GC(1808) Using 2 workers of 2 for marking
[2024-05-30T13:14:53.443+0000][9632.862s][info][gc,marking  ] GC(1808) Concurrent Mark From Roots 2453.912ms
[2024-05-30T13:14:53.443+0000][9632.863s][info][gc,marking  ] GC(1808) Concurrent Preclean
[2024-05-30T13:14:53.444+0000][9632.864s][info][gc,marking  ] GC(1808) Concurrent Preclean 1.178ms
[2024-05-30T13:14:53.445+0000][9632.864s][info][gc,start    ] GC(1808) Pause Remark
[2024-05-30T13:14:53.469+0000][9632.888s][info][gc          ] GC(1808) Pause Remark 8736M->8736M(12288M) 24.017ms
[2024-05-30T13:14:53.469+0000][9632.888s][info][gc,cpu      ] GC(1808) User=0.10s Sys=0.00s Real=0.03s
[2024-05-30T13:14:53.469+0000][9632.888s][info][gc,marking  ] GC(1808) Concurrent Mark 2479.504ms
[2024-05-30T13:14:53.469+0000][9632.888s][info][gc,marking  ] GC(1808) Concurrent Rebuild Remembered Sets
[2024-05-30T13:14:53.903+0000][9633.323s][info][gc,start    ] GC(1809) Pause Young (Normal) (G1 Evacuation Pause)
[2024-05-30T13:14:53.904+0000][9633.323s][info][gc,task     ] GC(1809) Using 6 workers of 6 for evacuation
[2024-05-30T13:14:54.033+0000][9633.453s][info][gc,phases   ] GC(1809)   Pre Evacuate Collection Set: 0.2ms
[2024-05-30T13:14:54.034+0000][9633.453s][info][gc,phases   ] GC(1809)   Merge Heap Roots: 0.3ms
[2024-05-30T13:14:54.034+0000][9633.453s][info][gc,phases   ] GC(1809)   Evacuate Collection Set: 104.8ms
[2024-05-30T13:14:54.034+0000][9633.453s][info][gc,phases   ] GC(1809)   Post Evacuate Collection Set: 24.6ms
[2024-05-30T13:14:54.034+0000][9633.453s][info][gc,phases   ] GC(1809)   Other: 0.2ms
[2024-05-30T13:14:54.034+0000][9633.453s][info][gc,heap     ] GC(1809) Eden regions: 816->0(802)
[2024-05-30T13:14:54.034+0000][9633.453s][info][gc,heap     ] GC(1809) Survivor regions: 18->25(105)
[2024-05-30T13:14:54.034+0000][9633.453s][info][gc,heap     ] GC(1809) Old regions: 369->369
[2024-05-30T13:14:54.034+0000][9633.453s][info][gc,heap     ] GC(1809) Archive regions: 2->2
[2024-05-30T13:14:54.034+0000][9633.453s][info][gc,heap     ] GC(1809) Humongous regions: 5->5
[2024-05-30T13:14:54.034+0000][9633.453s][info][gc,metaspace] GC(1809) Metaspace: 432828K(439808K)->432828K(439808K) NonClass: 378916K(382976K)->378916K(382976K) Class: 53911K(56832K)->53911K(56832K)
[2024-05-30T13:14:54.034+0000][9633.453s][info][gc          ] GC(1809) Pause Young (Normal) (G1 Evacuation Pause) 9664M->3192M(12288M) 130.120ms
[2024-05-30T13:14:54.034+0000][9633.453s][info][gc,cpu      ] GC(1809) User=0.76s Sys=0.00s Real=0.13s
[2024-05-30T13:14:55.043+0000][9634.462s][info][gc,marking  ] GC(1808) Concurrent Rebuild Remembered Sets 1573.725ms
[2024-05-30T13:14:55.043+0000][9634.462s][info][gc,start    ] GC(1808) Pause Cleanup
[2024-05-30T13:14:55.043+0000][9634.463s][info][gc          ] GC(1808) Pause Cleanup 5448M->5448M(12288M) 0.656ms
[2024-05-30T13:14:55.043+0000][9634.463s][info][gc,cpu      ] GC(1808) User=0.01s Sys=0.00s Real=0.00s
[2024-05-30T13:14:55.044+0000][9634.463s][info][gc,marking  ] GC(1808) Concurrent Cleanup for Next Mark
[2024-05-30T13:14:55.060+0000][9634.480s][info][gc,marking  ] GC(1808) Concurrent Cleanup for Next Mark 16.750ms
[2024-05-30T13:14:55.060+0000][9634.480s][info][gc          ] GC(1808) Concurrent Mark Cycle 4146.668ms
[2024-05-30T13:14:56.560+0000][9635.979s][info][gc,start    ] GC(1810) Pause Young (Prepare Mixed) (G1 Evacuation Pause)
[2024-05-30T13:14:56.560+0000][9635.979s][info][gc,task     ] GC(1810) Using 6 workers of 6 for evacuation
[2024-05-30T13:14:56.704+0000][9636.123s][info][gc,phases   ] GC(1810)   Pre Evacuate Collection Set: 0.2ms
[2024-05-30T13:14:56.704+0000][9636.123s][info][gc,phases   ] GC(1810)   Merge Heap Roots: 0.4ms
[2024-05-30T13:14:56.704+0000][9636.123s][info][gc,phases   ] GC(1810)   Evacuate Collection Set: 121.0ms
[2024-05-30T13:14:56.704+0000][9636.123s][info][gc,phases   ] GC(1810)   Post Evacuate Collection Set: 22.3ms
[2024-05-30T13:14:56.704+0000][9636.123s][info][gc,phases   ] GC(1810)   Other: 0.2ms
[2024-05-30T13:14:56.704+0000][9636.123s][info][gc,heap     ] GC(1810) Eden regions: 802->0(46)
[2024-05-30T13:14:56.704+0000][9636.123s][info][gc,heap     ] GC(1810) Survivor regions: 25->30(104)
[2024-05-30T13:14:56.704+0000][9636.123s][info][gc,heap     ] GC(1810) Old regions: 369->369
[2024-05-30T13:14:56.704+0000][9636.123s][info][gc,heap     ] GC(1810) Archive regions: 2->2
[2024-05-30T13:14:56.704+0000][9636.123s][info][gc,heap     ] GC(1810) Humongous regions: 5->5
[2024-05-30T13:14:56.704+0000][9636.123s][info][gc,metaspace] GC(1810) Metaspace: 432828K(439808K)->432828K(439808K) NonClass: 378916K(382976K)->378916K(382976K) Class: 53911K(56832K)->53911K(56832K)
[2024-05-30T13:14:56.704+0000][9636.123s][info][gc          ] GC(1810) Pause Young (Prepare Mixed) (G1 Evacuation Pause) 9608M->3228M(12288M) 144.179ms
[2024-05-30T13:14:56.704+0000][9636.123s][info][gc,cpu      ] GC(1810) User=0.84s Sys=0.00s Real=0.14s
[2024-05-30T13:14:56.841+0000][9636.260s][info][gc,start    ] GC(1811) Pause Young (Mixed) (G1 Evacuation Pause)
[2024-05-30T13:14:56.841+0000][9636.260s][info][gc,task     ] GC(1811) Using 6 workers of 6 for evacuation
[2024-05-30T13:14:56.981+0000][9636.401s][info][gc,phases   ] GC(1811)   Pre Evacuate Collection Set: 0.2ms
[2024-05-30T13:14:56.981+0000][9636.401s][info][gc,phases   ] GC(1811)   Merge Heap Roots: 0.4ms
[2024-05-30T13:14:56.981+0000][9636.401s][info][gc,phases   ] GC(1811)   Evacuate Collection Set: 137.3ms
[2024-05-30T13:14:56.981+0000][9636.401s][info][gc,phases   ] GC(1811)   Post Evacuate Collection Set: 2.6ms
[2024-05-30T13:14:56.981+0000][9636.401s][info][gc,phases   ] GC(1811)   Other: 0.2ms
[2024-05-30T13:14:56.981+0000][9636.401s][info][gc,heap     ] GC(1811) Eden regions: 46->0(812)
[2024-05-30T13:14:56.981+0000][9636.401s][info][gc,heap     ] GC(1811) Survivor regions: 30->3(10)
[2024-05-30T13:14:56.981+0000][9636.401s][info][gc,heap     ] GC(1811) Old regions: 369->387
[2024-05-30T13:14:56.981+0000][9636.401s][info][gc,heap     ] GC(1811) Archive regions: 2->2
[2024-05-30T13:14:56.981+0000][9636.401s][info][gc,heap     ] GC(1811) Humongous regions: 5->5
[2024-05-30T13:14:56.981+0000][9636.401s][info][gc,metaspace] GC(1811) Metaspace: 432828K(439808K)->432828K(439808K) NonClass: 378916K(382976K)->378916K(382976K) Class: 53911K(56832K)->53911K(56832K)
[2024-05-30T13:14:56.982+0000][9636.401s][info][gc          ] GC(1811) Pause Young (Mixed) (G1 Evacuation Pause) 3596M->3161M(12288M) 140.722ms
[2024-05-30T13:14:56.982+0000][9636.401s][info][gc,cpu      ] GC(1811) User=0.83s Sys=0.00s Real=0.14s
[2024-05-30T13:14:59.257+0000][9638.676s][info][gc,start    ] GC(1812) Pause Young (Normal) (G1 Evacuation Pause)
[2024-05-30T13:14:59.257+0000][9638.676s][info][gc,task     ] GC(1812) Using 6 workers of 6 for evacuation
[2024-05-30T13:14:59.303+0000][9638.722s][info][gc,phases   ] GC(1812)   Pre Evacuate Collection Set: 0.2ms
[2024-05-30T13:14:59.303+0000][9638.722s][info][gc,phases   ] GC(1812)   Merge Heap Roots: 0.2ms
[2024-05-30T13:14:59.303+0000][9638.722s][info][gc,phases   ] GC(1812)   Evacuate Collection Set: 34.7ms
[2024-05-30T13:14:59.303+0000][9638.722s][info][gc,phases   ] GC(1812)   Post Evacuate Collection Set: 10.7ms
[2024-05-30T13:14:59.303+0000][9638.722s][info][gc,phases   ] GC(1812)   Other: 0.2ms
[2024-05-30T13:14:59.303+0000][9638.722s][info][gc,heap     ] GC(1812) Eden regions: 812->0(812)
[2024-05-30T13:14:59.303+0000][9638.722s][info][gc,heap     ] GC(1812) Survivor regions: 3->5(102)
[2024-05-30T13:14:59.303+0000][9638.722s][info][gc,heap     ] GC(1812) Old regions: 387->387
[2024-05-30T13:14:59.303+0000][9638.722s][info][gc,heap     ] GC(1812) Archive regions: 2->2
[2024-05-30T13:14:59.303+0000][9638.722s][info][gc,heap     ] GC(1812) Humongous regions: 5->5
[2024-05-30T13:14:59.303+0000][9638.722s][info][gc,metaspace] GC(1812) Metaspace: 432828K(439808K)->432828K(439808K) NonClass: 378916K(382976K)->378916K(382976K) Class: 53911K(56832K)->53911K(56832K)
[2024-05-30T13:14:59.303+0000][9638.722s][info][gc          ] GC(1812) Pause Young (Normal) (G1 Evacuation Pause) 9657M->3172M(12288M) 46.061ms
[2024-05-30T13:14:59.303+0000][9638.722s][info][gc,cpu      ] GC(1812) User=0.27s Sys=0.00s Real=0.04s
[2024-05-30T13:15:01.627+0000][9641.046s][info][gc,start    ] GC(1813) Pause Young (Normal) (G1 Evacuation Pause)
[2024-05-30T13:15:01.627+0000][9641.046s][info][gc,task     ] GC(1813) Using 6 workers of 6 for evacuation
[2024-05-30T13:15:01.682+0000][9641.101s][info][gc,phases   ] GC(1813)   Pre Evacuate Collection Set: 0.2ms
[2024-05-30T13:15:01.682+0000][9641.101s][info][gc,phases   ] GC(1813)   Merge Heap Roots: 0.3ms
[2024-05-30T13:15:01.682+0000][9641.101s][info][gc,phases   ] GC(1813)   Evacuate Collection Set: 42.7ms
[2024-05-30T13:15:01.682+0000][9641.101s][info][gc,phases   ] GC(1813)   Post Evacuate Collection Set: 12.0ms
[2024-05-30T13:15:01.682+0000][9641.101s][info][gc,phases   ] GC(1813)   Other: 0.2ms
[2024-05-30T13:15:01.682+0000][9641.101s][info][gc,heap     ] GC(1813) Eden regions: 812->0(811)
[2024-05-30T13:15:01.682+0000][9641.101s][info][gc,heap     ] GC(1813) Survivor regions: 5->7(103)
[2024-05-30T13:15:01.682+0000][9641.101s][info][gc,heap     ] GC(1813) Old regions: 387->387
[2024-05-30T13:15:01.682+0000][9641.101s][info][gc,heap     ] GC(1813) Archive regions: 2->2
[2024-05-30T13:15:01.682+0000][9641.101s][info][gc,heap     ] GC(1813) Humongous regions: 5->5
[2024-05-30T13:15:01.682+0000][9641.101s][info][gc,metaspace] GC(1813) Metaspace: 432829K(439808K)->432829K(439808K) NonClass: 378917K(382976K)->378917K(382976K) Class: 53911K(56832K)->53911K(56832K)
[2024-05-30T13:15:01.682+0000][9641.101s][info][gc          ] GC(1813) Pause Young (Normal) (G1 Evacuation Pause) 9668M->3190M(12288M) 55.405ms
[2024-05-30T13:15:01.682+0000][9641.102s][info][gc,cpu      ] GC(1813) User=0.32s Sys=0.01s Real=0.06s
[2024-05-30T13:15:04.295+0000][9643.714s][info][gc,start    ] GC(1814) Pause Young (Concurrent Start) (G1 Evacuation Pause)
[2024-05-30T13:15:04.295+0000][9643.714s][info][gc,task     ] GC(1814) Using 6 workers of 6 for evacuation
[2024-05-30T13:15:04.398+0000][9643.818s][info][gc,phases   ] GC(1814)   Pre Evacuate Collection Set: 0.6ms
[2024-05-30T13:15:04.398+0000][9643.818s][info][gc,phases   ] GC(1814)   Merge Heap Roots: 0.3ms
[2024-05-30T13:15:04.398+0000][9643.818s][info][gc,phases   ] GC(1814)   Evacuate Collection Set: 80.5ms
[2024-05-30T13:15:04.398+0000][9643.818s][info][gc,phases   ] GC(1814)   Post Evacuate Collection Set: 21.9ms
[2024-05-30T13:15:04.398+0000][9643.818s][info][gc,phases   ] GC(1814)   Other: 0.3ms
[2024-05-30T13:15:04.398+0000][9643.818s][info][gc,heap     ] GC(1814) Eden regions: 811->0(804)
[2024-05-30T13:15:04.398+0000][9643.818s][info][gc,heap     ] GC(1814) Survivor regions: 7->13(103)
[2024-05-30T13:15:04.398+0000][9643.818s][info][gc,heap     ] GC(1814) Old regions: 387->387
[2024-05-30T13:15:04.398+0000][9643.818s][info][gc,heap     ] GC(1814) Archive regions: 2->2
[2024-05-30T13:15:04.398+0000][9643.818s][info][gc,heap     ] GC(1814) Humongous regions: 5->5
[2024-05-30T13:15:04.398+0000][9643.818s][info][gc,metaspace] GC(1814) Metaspace: 432829K(439808K)->432829K(439808K) NonClass: 378917K(382976K)->378917K(382976K) Class: 53911K(56832K)->53911K(56832K)
[2024-05-30T13:15:04.398+0000][9643.818s][info][gc          ] GC(1814) Pause Young (Concurrent Start) (G1 Evacuation Pause) 9678M->3241M(12288M) 103.678ms
[2024-05-30T13:15:04.398+0000][9643.818s][info][gc,cpu      ] GC(1814) User=0.60s Sys=0.00s Real=0.11s
[2024-05-30T13:15:04.399+0000][9643.818s][info][gc          ] GC(1815) Concurrent Mark Cycle
[2024-05-30T13:15:04.399+0000][9643.818s][info][gc,marking  ] GC(1815) Concurrent Clear Claimed Marks
[2024-05-30T13:15:04.399+0000][9643.818s][info][gc,marking  ] GC(1815) Concurrent Clear Claimed Marks 0.416ms
[2024-05-30T13:15:04.399+0000][9643.818s][info][gc,marking  ] GC(1815) Concurrent Scan Root Regions
[2024-05-30T13:15:04.439+0000][9643.858s][info][gc,marking  ] GC(1815) Concurrent Scan Root Regions 40.081ms
[2024-05-30T13:15:04.439+0000][9643.858s][info][gc,marking  ] GC(1815) Concurrent Mark
[2024-05-30T13:15:04.439+0000][9643.858s][info][gc,marking  ] GC(1815) Concurrent Mark From Roots
[2024-05-30T13:15:04.439+0000][9643.858s][info][gc,task     ] GC(1815) Using 2 workers of 2 for marking
[2024-05-30T13:15:07.033+0000][9646.452s][info][gc,marking  ] GC(1815) Concurrent Mark From Roots 2593.449ms
[2024-05-30T13:15:07.033+0000][9646.452s][info][gc,marking  ] GC(1815) Concurrent Preclean
[2024-05-30T13:15:07.034+0000][9646.453s][info][gc,marking  ] GC(1815) Concurrent Preclean 1.329ms
[2024-05-30T13:15:07.034+0000][9646.453s][info][gc,start    ] GC(1815) Pause Remark
[2024-05-30T13:15:07.058+0000][9646.477s][info][gc          ] GC(1815) Pause Remark 9289M->9289M(12288M) 24.117ms
[2024-05-30T13:15:07.058+0000][9646.478s][info][gc,cpu      ] GC(1815) User=0.10s Sys=0.00s Real=0.03s
[2024-05-30T13:15:07.058+0000][9646.478s][info][gc,marking  ] GC(1815) Concurrent Mark 2619.310ms
[2024-05-30T13:15:07.058+0000][9646.478s][info][gc,marking  ] GC(1815) Concurrent Rebuild Remembered Sets
[2024-05-30T13:15:07.212+0000][9646.631s][info][gc,start    ] GC(1816) Pause Young (Normal) (G1 Evacuation Pause)
[2024-05-30T13:15:07.212+0000][9646.631s][info][gc,task     ] GC(1816) Using 6 workers of 6 for evacuation
[2024-05-30T13:15:07.316+0000][9646.735s][info][gc,phases   ] GC(1816)   Pre Evacuate Collection Set: 0.2ms
[2024-05-30T13:15:07.316+0000][9646.735s][info][gc,phases   ] GC(1816)   Merge Heap Roots: 0.4ms
[2024-05-30T13:15:07.316+0000][9646.735s][info][gc,phases   ] GC(1816)   Evacuate Collection Set: 84.1ms
[2024-05-30T13:15:07.316+0000][9646.735s][info][gc,phases   ] GC(1816)   Post Evacuate Collection Set: 19.3ms
[2024-05-30T13:15:07.316+0000][9646.735s][info][gc,phases   ] GC(1816)   Other: 0.2ms
[2024-05-30T13:15:07.316+0000][9646.735s][info][gc,heap     ] GC(1816) Eden regions: 804->0(800)
[2024-05-30T13:15:07.316+0000][9646.735s][info][gc,heap     ] GC(1816) Survivor regions: 13->17(103)
[2024-05-30T13:15:07.316+0000][9646.735s][info][gc,heap     ] GC(1816) Old regions: 387->387
[2024-05-30T13:15:07.316+0000][9646.735s][info][gc,heap     ] GC(1816) Archive regions: 2->2
[2024-05-30T13:15:07.316+0000][9646.735s][info][gc,heap     ] GC(1816) Humongous regions: 5->5
[2024-05-30T13:15:07.316+0000][9646.735s][info][gc,metaspace] GC(1816) Metaspace: 432829K(439808K)->432829K(439808K) NonClass: 378917K(382976K)->378917K(382976K) Class: 53911K(56832K)->53911K(56832K)
[2024-05-30T13:15:07.316+0000][9646.735s][info][gc          ] GC(1816) Pause Young (Normal) (G1 Evacuation Pause) 9673M->3268M(12288M) 104.249ms
[2024-05-30T13:15:07.316+0000][9646.735s][info][gc,cpu      ] GC(1816) User=0.60s Sys=0.01s Real=0.10s
[2024-05-30T13:15:08.595+0000][9648.014s][info][gc,marking  ] GC(1815) Concurrent Rebuild Remembered Sets 1536.121ms
[2024-05-30T13:15:08.595+0000][9648.014s][info][gc,start    ] GC(1815) Pause Cleanup
[2024-05-30T13:15:08.595+0000][9648.015s][info][gc          ] GC(1815) Pause Cleanup 6376M->6376M(12288M) 0.650ms
[2024-05-30T13:15:08.595+0000][9648.015s][info][gc,cpu      ] GC(1815) User=0.00s Sys=0.00s Real=0.00s
[2024-05-30T13:15:08.596+0000][9648.015s][info][gc,marking  ] GC(1815) Concurrent Cleanup for Next Mark
[2024-05-30T13:15:08.615+0000][9648.034s][info][gc,marking  ] GC(1815) Concurrent Cleanup for Next Mark 18.982ms
[2024-05-30T13:15:08.615+0000][9648.034s][info][gc          ] GC(1815) Concurrent Mark Cycle 4216.079ms
[2024-05-30T13:15:09.685+0000][9649.104s][info][gc,start    ] GC(1817) Pause Young (Prepare Mixed) (G1 Evacuation Pause)
[2024-05-30T13:15:09.685+0000][9649.104s][info][gc,task     ] GC(1817) Using 6 workers of 6 for evacuation
[2024-05-30T13:15:09.809+0000][9649.228s][info][gc,phases   ] GC(1817)   Pre Evacuate Collection Set: 0.2ms
[2024-05-30T13:15:09.809+0000][9649.229s][info][gc,phases   ] GC(1817)   Merge Heap Roots: 0.7ms
[2024-05-30T13:15:09.809+0000][9649.229s][info][gc,phases   ] GC(1817)   Evacuate Collection Set: 102.3ms
[2024-05-30T13:15:09.809+0000][9649.229s][info][gc,phases   ] GC(1817)   Post Evacuate Collection Set: 20.7ms
[2024-05-30T13:15:09.809+0000][9649.229s][info][gc,phases   ] GC(1817)   Other: 0.2ms
[2024-05-30T13:15:09.809+0000][9649.229s][info][gc,heap     ] GC(1817) Eden regions: 800->0(55)
[2024-05-30T13:15:09.809+0000][9649.229s][info][gc,heap     ] GC(1817) Survivor regions: 17->21(103)
[2024-05-30T13:15:09.809+0000][9649.229s][info][gc,heap     ] GC(1817) Old regions: 387->387
[2024-05-30T13:15:09.809+0000][9649.229s][info][gc,heap     ] GC(1817) Archive regions: 2->2
[2024-05-30T13:15:09.809+0000][9649.229s][info][gc,heap     ] GC(1817) Humongous regions: 5->5
[2024-05-30T13:15:09.809+0000][9649.229s][info][gc,metaspace] GC(1817) Metaspace: 432829K(439808K)->432829K(439808K) NonClass: 378917K(382976K)->378917K(382976K) Class: 53911K(56832K)->53911K(56832K)
[2024-05-30T13:15:09.809+0000][9649.229s][info][gc          ] GC(1817) Pause Young (Prepare Mixed) (G1 Evacuation Pause) 9668M->3305M(12288M) 124.226ms
[2024-05-30T13:15:09.809+0000][9649.229s][info][gc,cpu      ] GC(1817) User=0.73s Sys=0.00s Real=0.13s
[2024-05-30T13:15:09.986+0000][9649.405s][info][gc,start    ] GC(1818) Pause Young (Mixed) (G1 Evacuation Pause)
[2024-05-30T13:15:09.986+0000][9649.405s][info][gc,task     ] GC(1818) Using 6 workers of 6 for evacuation
[2024-05-30T13:15:10.088+0000][9649.507s][info][gc,phases   ] GC(1818)   Pre Evacuate Collection Set: 0.2ms
[2024-05-30T13:15:10.088+0000][9649.507s][info][gc,phases   ] GC(1818)   Merge Heap Roots: 0.3ms
[2024-05-30T13:15:10.088+0000][9649.507s][info][gc,phases   ] GC(1818)   Evacuate Collection Set: 98.7ms
[2024-05-30T13:15:10.088+0000][9649.507s][info][gc,phases   ] GC(1818)   Post Evacuate Collection Set: 2.3ms
[2024-05-30T13:15:10.088+0000][9649.507s][info][gc,phases   ] GC(1818)   Other: 0.2ms
[2024-05-30T13:15:10.088+0000][9649.507s][info][gc,heap     ] GC(1818) Eden regions: 55->0(809)
[2024-05-30T13:15:10.088+0000][9649.507s][info][gc,heap     ] GC(1818) Survivor regions: 21->3(10)
[2024-05-30T13:15:10.088+0000][9649.507s][info][gc,heap     ] GC(1818) Old regions: 387->393
[2024-05-30T13:15:10.088+0000][9649.507s][info][gc,heap     ] GC(1818) Archive regions: 2->2
[2024-05-30T13:15:10.088+0000][9649.507s][info][gc,heap     ] GC(1818) Humongous regions: 5->5
[2024-05-30T13:15:10.088+0000][9649.507s][info][gc,metaspace] GC(1818) Metaspace: 432829K(439808K)->432829K(439808K) NonClass: 378917K(382976K)->378917K(382976K) Class: 53911K(56832K)->53911K(56832K)
[2024-05-30T13:15:10.088+0000][9649.507s][info][gc          ] GC(1818) Pause Young (Mixed) (G1 Evacuation Pause) 3745M->3205M(12288M) 101.820ms
[2024-05-30T13:15:10.088+0000][9649.507s][info][gc,cpu      ] GC(1818) User=0.61s Sys=0.00s Real=0.10s
[2024-05-30T13:15:12.459+0000][9651.879s][info][gc,start    ] GC(1819) Pause Young (Normal) (G1 Evacuation Pause)
[2024-05-30T13:15:12.459+0000][9651.879s][info][gc,task     ] GC(1819) Using 6 workers of 6 for evacuation
[2024-05-30T13:15:12.535+0000][9651.955s][info][gc,phases   ] GC(1819)   Pre Evacuate Collection Set: 0.2ms
[2024-05-30T13:15:12.535+0000][9651.955s][info][gc,phases   ] GC(1819)   Merge Heap Roots: 0.3ms
[2024-05-30T13:15:12.535+0000][9651.955s][info][gc,phases   ] GC(1819)   Evacuate Collection Set: 56.4ms
[2024-05-30T13:15:12.535+0000][9651.955s][info][gc,phases   ] GC(1819)   Post Evacuate Collection Set: 19.0ms
[2024-05-30T13:15:12.535+0000][9651.955s][info][gc,phases   ] GC(1819)   Other: 0.2ms
[2024-05-30T13:15:12.535+0000][9651.955s][info][gc,heap     ] GC(1819) Eden regions: 809->0(805)
[2024-05-30T13:15:12.535+0000][9651.955s][info][gc,heap     ] GC(1819) Survivor regions: 3->7(102)
[2024-05-30T13:15:12.535+0000][9651.955s][info][gc,heap     ] GC(1819) Old regions: 393->393
[2024-05-30T13:15:12.535+0000][9651.955s][info][gc,heap     ] GC(1819) Archive regions: 2->2
[2024-05-30T13:15:12.535+0000][9651.955s][info][gc,heap     ] GC(1819) Humongous regions: 5->5
[2024-05-30T13:15:12.536+0000][9651.955s][info][gc,metaspace] GC(1819) Metaspace: 432829K(439808K)->432829K(439808K) NonClass: 378917K(382976K)->378917K(382976K) Class: 53911K(56832K)->53911K(56832K)
[2024-05-30T13:15:12.536+0000][9651.955s][info][gc          ] GC(1819) Pause Young (Normal) (G1 Evacuation Pause) 9677M->3231M(12288M) 76.085ms
[2024-05-30T13:15:12.536+0000][9651.955s][info][gc,cpu      ] GC(1819) User=0.43s Sys=0.00s Real=0.07s
[2024-05-30T13:15:14.892+0000][9654.311s][info][gc,start    ] GC(1820) Pause Young (Normal) (G1 Evacuation Pause)
[2024-05-30T13:15:14.892+0000][9654.311s][info][gc,task     ] GC(1820) Using 6 workers of 6 for evacuation
[2024-05-30T13:15:14.951+0000][9654.371s][info][gc,phases   ] GC(1820)   Pre Evacuate Collection Set: 0.2ms
[2024-05-30T13:15:14.951+0000][9654.371s][info][gc,phases   ] GC(1820)   Merge Heap Roots: 0.3ms
[2024-05-30T13:15:14.951+0000][9654.371s][info][gc,phases   ] GC(1820)   Evacuate Collection Set: 47.2ms
[2024-05-30T13:15:14.951+0000][9654.371s][info][gc,phases   ] GC(1820)   Post Evacuate Collection Set: 11.3ms
[2024-05-30T13:15:14.951+0000][9654.371s][info][gc,phases   ] GC(1820)   Other: 0.2ms
[2024-05-30T13:15:14.951+0000][9654.371s][info][gc,heap     ] GC(1820) Eden regions: 805->0(804)
[2024-05-30T13:15:14.951+0000][9654.371s][info][gc,heap     ] GC(1820) Survivor regions: 7->9(102)
[2024-05-30T13:15:14.951+0000][9654.371s][info][gc,heap     ] GC(1820) Old regions: 393->393
[2024-05-30T13:15:14.951+0000][9654.371s][info][gc,heap     ] GC(1820) Archive regions: 2->2
[2024-05-30T13:15:14.951+0000][9654.371s][info][gc,heap     ] GC(1820) Humongous regions: 5->5
[2024-05-30T13:15:14.951+0000][9654.371s][info][gc,metaspace] GC(1820) Metaspace: 432829K(439808K)->432829K(439808K) NonClass: 378917K(382976K)->378917K(382976K) Class: 53911K(56832K)->53911K(56832K)
[2024-05-30T13:15:14.951+0000][9654.371s][info][gc          ] GC(1820) Pause Young (Normal) (G1 Evacuation Pause) 9671M->3248M(12288M) 59.247ms
[2024-05-30T13:15:14.951+0000][9654.371s][info][gc,cpu      ] GC(1820) User=0.35s Sys=0.00s Real=0.06s
[2024-05-30T13:15:19.919+0000][9659.338s][info][gc,start    ] GC(1821) Pause Young (Concurrent Start) (G1 Evacuation Pause)
[2024-05-30T13:15:19.919+0000][9659.338s][info][gc,task     ] GC(1821) Using 6 workers of 6 for evacuation
[2024-05-30T13:15:19.984+0000][9659.403s][info][gc,phases   ] GC(1821)   Pre Evacuate Collection Set: 0.6ms
[2024-05-30T13:15:19.984+0000][9659.403s][info][gc,phases   ] GC(1821)   Merge Heap Roots: 0.3ms
[2024-05-30T13:15:19.984+0000][9659.403s][info][gc,phases   ] GC(1821)   Evacuate Collection Set: 53.0ms
[2024-05-30T13:15:19.984+0000][9659.403s][info][gc,phases   ] GC(1821)   Post Evacuate Collection Set: 10.9ms
[2024-05-30T13:15:19.984+0000][9659.403s][info][gc,phases   ] GC(1821)   Other: 0.3ms
[2024-05-30T13:15:19.984+0000][9659.403s][info][gc,heap     ] GC(1821) Eden regions: 804->0(802)
[2024-05-30T13:15:19.984+0000][9659.403s][info][gc,heap     ] GC(1821) Survivor regions: 9->11(102)
[2024-05-30T13:15:19.984+0000][9659.403s][info][gc,heap     ] GC(1821) Old regions: 393->393
[2024-05-30T13:15:19.984+0000][9659.403s][info][gc,heap     ] GC(1821) Archive regions: 2->2
[2024-05-30T13:15:19.984+0000][9659.403s][info][gc,heap     ] GC(1821) Humongous regions: 5->5
[2024-05-30T13:15:19.984+0000][9659.403s][info][gc,metaspace] GC(1821) Metaspace: 432829K(439808K)->432829K(439808K) NonClass: 378917K(382976K)->378917K(382976K) Class: 53911K(56832K)->53911K(56832K)
[2024-05-30T13:15:19.984+0000][9659.403s][info][gc          ] GC(1821) Pause Young (Concurrent Start) (G1 Evacuation Pause) 9680M->3269M(12288M) 65.110ms
[2024-05-30T13:15:19.984+0000][9659.403s][info][gc,cpu      ] GC(1821) User=0.37s Sys=0.00s Real=0.06s
[2024-05-30T13:15:19.984+0000][9659.403s][info][gc          ] GC(1822) Concurrent Mark Cycle
[2024-05-30T13:15:19.984+0000][9659.404s][info][gc,marking  ] GC(1822) Concurrent Clear Claimed Marks
[2024-05-30T13:15:19.985+0000][9659.404s][info][gc,marking  ] GC(1822) Concurrent Clear Claimed Marks 0.421ms
[2024-05-30T13:15:19.985+0000][9659.404s][info][gc,marking  ] GC(1822) Concurrent Scan Root Regions
[2024-05-30T13:15:20.014+0000][9659.434s][info][gc,marking  ] GC(1822) Concurrent Scan Root Regions 29.629ms
[2024-05-30T13:15:20.014+0000][9659.434s][info][gc,marking  ] GC(1822) Concurrent Mark
[2024-05-30T13:15:20.014+0000][9659.434s][info][gc,marking  ] GC(1822) Concurrent Mark From Roots
[2024-05-30T13:15:20.014+0000][9659.434s][info][gc,task     ] GC(1822) Using 2 workers of 2 for marking
[2024-05-30T13:15:22.586+0000][9662.005s][info][gc,marking  ] GC(1822) Concurrent Mark From Roots 2571.662ms
[2024-05-30T13:15:22.586+0000][9662.005s][info][gc,marking  ] GC(1822) Concurrent Preclean
[2024-05-30T13:15:22.587+0000][9662.007s][info][gc,marking  ] GC(1822) Concurrent Preclean 1.254ms
[2024-05-30T13:15:22.588+0000][9662.007s][info][gc,start    ] GC(1822) Pause Remark
[2024-05-30T13:15:22.613+0000][9662.033s][info][gc          ] GC(1822) Pause Remark 4953M->4953M(12288M) 25.845ms
[2024-05-30T13:15:22.613+0000][9662.033s][info][gc,cpu      ] GC(1822) User=0.11s Sys=0.00s Real=0.03s
[2024-05-30T13:15:22.614+0000][9662.033s][info][gc,marking  ] GC(1822) Concurrent Mark 2599.280ms
[2024-05-30T13:15:22.614+0000][9662.033s][info][gc,marking  ] GC(1822) Concurrent Rebuild Remembered Sets
[2024-05-30T13:15:24.067+0000][9663.486s][info][gc,marking  ] GC(1822) Concurrent Rebuild Remembered Sets 1452.981ms
[2024-05-30T13:15:24.067+0000][9663.486s][info][gc,start    ] GC(1822) Pause Cleanup
[2024-05-30T13:15:24.068+0000][9663.487s][info][gc          ] GC(1822) Pause Cleanup 5949M->5949M(12288M) 0.632ms
[2024-05-30T13:15:24.068+0000][9663.487s][info][gc,cpu      ] GC(1822) User=0.00s Sys=0.00s Real=0.00s
[2024-05-30T13:15:24.068+0000][9663.487s][info][gc,marking  ] GC(1822) Concurrent Cleanup for Next Mark
[2024-05-30T13:15:24.084+0000][9663.504s][info][gc,marking  ] GC(1822) Concurrent Cleanup for Next Mark 16.722ms
[2024-05-30T13:15:24.084+0000][9663.504s][info][gc          ] GC(1822) Concurrent Mark Cycle 4100.214ms
[2024-05-30T13:15:29.281+0000][9668.700s][info][gc,start    ] GC(1823) Pause Young (Prepare Mixed) (G1 Evacuation Pause)
[2024-05-30T13:15:29.281+0000][9668.700s][info][gc,task     ] GC(1823) Using 6 workers of 6 for evacuation
[2024-05-30T13:15:29.331+0000][9668.750s][info][gc,phases   ] GC(1823)   Pre Evacuate Collection Set: 0.2ms
[2024-05-30T13:15:29.331+0000][9668.750s][info][gc,phases   ] GC(1823)   Merge Heap Roots: 0.4ms
[2024-05-30T13:15:29.331+0000][9668.750s][info][gc,phases   ] GC(1823)   Evacuate Collection Set: 47.4ms
[2024-05-30T13:15:29.331+0000][9668.750s][info][gc,phases   ] GC(1823)   Post Evacuate Collection Set: 2.2ms
[2024-05-30T13:15:29.331+0000][9668.750s][info][gc,phases   ] GC(1823)   Other: 0.2ms
[2024-05-30T13:15:29.331+0000][9668.750s][info][gc,heap     ] GC(1823) Eden regions: 802->0(61)
[2024-05-30T13:15:29.331+0000][9668.750s][info][gc,heap     ] GC(1823) Survivor regions: 11->15(102)
[2024-05-30T13:15:29.331+0000][9668.750s][info][gc,heap     ] GC(1823) Old regions: 393->393
[2024-05-30T13:15:29.331+0000][9668.750s][info][gc,heap     ] GC(1823) Archive regions: 2->2
[2024-05-30T13:15:29.331+0000][9668.750s][info][gc,heap     ] GC(1823) Humongous regions: 5->5
[2024-05-30T13:15:29.331+0000][9668.750s][info][gc,metaspace] GC(1823) Metaspace: 432829K(439808K)->432829K(439808K) NonClass: 378917K(382976K)->378917K(382976K) Class: 53911K(56832K)->53911K(56832K)
[2024-05-30T13:15:29.331+0000][9668.750s][info][gc          ] GC(1823) Pause Young (Prepare Mixed) (G1 Evacuation Pause) 9685M->3298M(12288M) 50.386ms
[2024-05-30T13:15:29.331+0000][9668.750s][info][gc,cpu      ] GC(1823) User=0.30s Sys=0.00s Real=0.05s
[2024-05-30T13:15:29.998+0000][9669.417s][info][gc,start    ] GC(1824) Pause Young (Mixed) (G1 Evacuation Pause)
[2024-05-30T13:15:29.998+0000][9669.417s][info][gc,task     ] GC(1824) Using 6 workers of 6 for evacuation
[2024-05-30T13:15:30.074+0000][9669.494s][info][gc,phases   ] GC(1824)   Pre Evacuate Collection Set: 0.2ms
[2024-05-30T13:15:30.074+0000][9669.494s][info][gc,phases   ] GC(1824)   Merge Heap Roots: 0.4ms
[2024-05-30T13:15:30.074+0000][9669.494s][info][gc,phases   ] GC(1824)   Evacuate Collection Set: 74.8ms
[2024-05-30T13:15:30.075+0000][9669.494s][info][gc,phases   ] GC(1824)   Post Evacuate Collection Set: 1.3ms
[2024-05-30T13:15:30.075+0000][9669.494s][info][gc,phases   ] GC(1824)   Other: 0.2ms
[2024-05-30T13:15:30.075+0000][9669.494s][info][gc,heap     ] GC(1824) Eden regions: 61->0(812)
[2024-05-30T13:15:30.075+0000][9669.494s][info][gc,heap     ] GC(1824) Survivor regions: 15->5(10)
[2024-05-30T13:15:30.075+0000][9669.494s][info][gc,heap     ] GC(1824) Old regions: 393->389
[2024-05-30T13:15:30.075+0000][9669.494s][info][gc,heap     ] GC(1824) Archive regions: 2->2
[2024-05-30T13:15:30.075+0000][9669.494s][info][gc,heap     ] GC(1824) Humongous regions: 5->5
[2024-05-30T13:15:30.075+0000][9669.494s][info][gc,metaspace] GC(1824) Metaspace: 432829K(439808K)->432829K(439808K) NonClass: 378917K(382976K)->378917K(382976K) Class: 53911K(56832K)->53911K(56832K)
[2024-05-30T13:15:30.075+0000][9669.494s][info][gc          ] GC(1824) Pause Young (Mixed) (G1 Evacuation Pause) 3786M->3193M(12288M) 76.987ms
[2024-05-30T13:15:30.075+0000][9669.494s][info][gc,cpu      ] GC(1824) User=0.45s Sys=0.00s Real=0.07s
[2024-05-30T13:15:39.100+0000][9678.520s][info][gc,start    ] GC(1825) Pause Young (Normal) (G1 Evacuation Pause)
[2024-05-30T13:15:39.100+0000][9678.520s][info][gc,task     ] GC(1825) Using 6 workers of 6 for evacuation
[2024-05-30T13:15:39.127+0000][9678.546s][info][gc,phases   ] GC(1825)   Pre Evacuate Collection Set: 0.2ms
[2024-05-30T13:15:39.127+0000][9678.546s][info][gc,phases   ] GC(1825)   Merge Heap Roots: 0.3ms
[2024-05-30T13:15:39.127+0000][9678.546s][info][gc,phases   ] GC(1825)   Evacuate Collection Set: 23.9ms
[2024-05-30T13:15:39.127+0000][9678.546s][info][gc,phases   ] GC(1825)   Post Evacuate Collection Set: 1.9ms
[2024-05-30T13:15:39.127+0000][9678.546s][info][gc,phases   ] GC(1825)   Other: 0.2ms
[2024-05-30T13:15:39.127+0000][9678.546s][info][gc,heap     ] GC(1825) Eden regions: 812->0(809)
[2024-05-30T13:15:39.127+0000][9678.546s][info][gc,heap     ] GC(1825) Survivor regions: 5->8(103)
[2024-05-30T13:15:39.127+0000][9678.546s][info][gc,heap     ] GC(1825) Old regions: 389->389
[2024-05-30T13:15:39.127+0000][9678.546s][info][gc,heap     ] GC(1825) Archive regions: 2->2
[2024-05-30T13:15:39.127+0000][9678.546s][info][gc,heap     ] GC(1825) Humongous regions: 5->5
[2024-05-30T13:15:39.127+0000][9678.546s][info][gc,metaspace] GC(1825) Metaspace: 432831K(439808K)->432831K(439808K) NonClass: 378919K(382976K)->378919K(382976K) Class: 53911K(56832K)->53911K(56832K)
[2024-05-30T13:15:39.127+0000][9678.546s][info][gc          ] GC(1825) Pause Young (Normal) (G1 Evacuation Pause) 9689M->3217M(12288M) 26.529ms
[2024-05-30T13:15:39.127+0000][9678.546s][info][gc,cpu      ] GC(1825) User=0.15s Sys=0.00s Real=0.02s
[2024-05-30T13:15:47.979+0000][9687.398s][info][gc,start    ] GC(1826) Pause Young (Normal) (G1 Evacuation Pause)
[2024-05-30T13:15:47.979+0000][9687.398s][info][gc,task     ] GC(1826) Using 6 workers of 6 for evacuation
[2024-05-30T13:15:48.007+0000][9687.426s][info][gc,phases   ] GC(1826)   Pre Evacuate Collection Set: 0.2ms
[2024-05-30T13:15:48.007+0000][9687.426s][info][gc,phases   ] GC(1826)   Merge Heap Roots: 0.2ms
[2024-05-30T13:15:48.007+0000][9687.426s][info][gc,phases   ] GC(1826)   Evacuate Collection Set: 25.4ms
[2024-05-30T13:15:48.007+0000][9687.426s][info][gc,phases   ] GC(1826)   Post Evacuate Collection Set: 1.7ms
[2024-05-30T13:15:48.007+0000][9687.426s][info][gc,phases   ] GC(1826)   Other: 0.2ms
[2024-05-30T13:15:48.007+0000][9687.426s][info][gc,heap     ] GC(1826) Eden regions: 809->0(807)
[2024-05-30T13:15:48.007+0000][9687.426s][info][gc,heap     ] GC(1826) Survivor regions: 8->10(103)
[2024-05-30T13:15:48.007+0000][9687.426s][info][gc,heap     ] GC(1826) Old regions: 389->389
[2024-05-30T13:15:48.007+0000][9687.426s][info][gc,heap     ] GC(1826) Archive regions: 2->2
[2024-05-30T13:15:48.007+0000][9687.426s][info][gc,heap     ] GC(1826) Humongous regions: 5->5
[2024-05-30T13:15:48.007+0000][9687.426s][info][gc,metaspace] GC(1826) Metaspace: 432831K(439808K)->432831K(439808K) NonClass: 378919K(382976K)->378919K(382976K) Class: 53911K(56832K)->53911K(56832K)
[2024-05-30T13:15:48.007+0000][9687.426s][info][gc          ] GC(1826) Pause Young (Normal) (G1 Evacuation Pause) 9689M->3232M(12288M) 27.865ms
[2024-05-30T13:15:48.007+0000][9687.426s][info][gc,cpu      ] GC(1826) User=0.16s Sys=0.00s Real=0.02s
[2024-05-30T13:15:56.613+0000][9696.032s][info][gc,start    ] GC(1827) Pause Young (Concurrent Start) (G1 Evacuation Pause)
[2024-05-30T13:15:56.613+0000][9696.032s][info][gc,task     ] GC(1827) Using 6 workers of 6 for evacuation
[2024-05-30T13:15:56.646+0000][9696.065s][info][gc,phases   ] GC(1827)   Pre Evacuate Collection Set: 0.5ms
[2024-05-30T13:15:56.646+0000][9696.066s][info][gc,phases   ] GC(1827)   Merge Heap Roots: 0.3ms
[2024-05-30T13:15:56.646+0000][9696.066s][info][gc,phases   ] GC(1827)   Evacuate Collection Set: 30.7ms
[2024-05-30T13:15:56.646+0000][9696.066s][info][gc,phases   ] GC(1827)   Post Evacuate Collection Set: 2.0ms
[2024-05-30T13:15:56.646+0000][9696.066s][info][gc,phases   ] GC(1827)   Other: 0.3ms
[2024-05-30T13:15:56.646+0000][9696.066s][info][gc,heap     ] GC(1827) Eden regions: 807->0(804)
[2024-05-30T13:15:56.646+0000][9696.066s][info][gc,heap     ] GC(1827) Survivor regions: 10->13(103)
[2024-05-30T13:15:56.646+0000][9696.066s][info][gc,heap     ] GC(1827) Old regions: 389->389
[2024-05-30T13:15:56.646+0000][9696.066s][info][gc,heap     ] GC(1827) Archive regions: 2->2
[2024-05-30T13:15:56.646+0000][9696.066s][info][gc,heap     ] GC(1827) Humongous regions: 5->5
[2024-05-30T13:15:56.646+0000][9696.066s][info][gc,metaspace] GC(1827) Metaspace: 432833K(439808K)->432833K(439808K) NonClass: 378921K(382976K)->378921K(382976K) Class: 53911K(56832K)->53911K(56832K)
[2024-05-30T13:15:56.646+0000][9696.066s][info][gc          ] GC(1827) Pause Young (Concurrent Start) (G1 Evacuation Pause) 9688M->3253M(12288M) 33.793ms
[2024-05-30T13:15:56.646+0000][9696.066s][info][gc,cpu      ] GC(1827) User=0.18s Sys=0.01s Real=0.03s
[2024-05-30T13:15:56.646+0000][9696.066s][info][gc          ] GC(1828) Concurrent Mark Cycle
[2024-05-30T13:15:56.646+0000][9696.066s][info][gc,marking  ] GC(1828) Concurrent Clear Claimed Marks
[2024-05-30T13:15:56.647+0000][9696.066s][info][gc,marking  ] GC(1828) Concurrent Clear Claimed Marks 0.386ms
[2024-05-30T13:15:56.647+0000][9696.066s][info][gc,marking  ] GC(1828) Concurrent Scan Root Regions
[2024-05-30T13:15:56.680+0000][9696.099s][info][gc,marking  ] GC(1828) Concurrent Scan Root Regions 33.044ms
[2024-05-30T13:15:56.680+0000][9696.099s][info][gc,marking  ] GC(1828) Concurrent Mark
[2024-05-30T13:15:56.680+0000][9696.099s][info][gc,marking  ] GC(1828) Concurrent Mark From Roots
[2024-05-30T13:15:56.680+0000][9696.099s][info][gc,task     ] GC(1828) Using 2 workers of 2 for marking
[2024-05-30T13:15:59.267+0000][9698.686s][info][gc,marking  ] GC(1828) Concurrent Mark From Roots 2586.717ms
[2024-05-30T13:15:59.267+0000][9698.686s][info][gc,marking  ] GC(1828) Concurrent Preclean
[2024-05-30T13:15:59.268+0000][9698.687s][info][gc,marking  ] GC(1828) Concurrent Preclean 1.129ms
[2024-05-30T13:15:59.268+0000][9698.687s][info][gc,start    ] GC(1828) Pause Remark
[2024-05-30T13:15:59.292+0000][9698.711s][info][gc          ] GC(1828) Pause Remark 4981M->4981M(12288M) 23.647ms
[2024-05-30T13:15:59.292+0000][9698.711s][info][gc,cpu      ] GC(1828) User=0.11s Sys=0.00s Real=0.03s
[2024-05-30T13:15:59.292+0000][9698.711s][info][gc,marking  ] GC(1828) Concurrent Mark 2611.821ms
[2024-05-30T13:15:59.292+0000][9698.711s][info][gc,marking  ] GC(1828) Concurrent Rebuild Remembered Sets
[2024-05-30T13:16:00.729+0000][9700.148s][info][gc,marking  ] GC(1828) Concurrent Rebuild Remembered Sets 1437.352ms
[2024-05-30T13:16:00.729+0000][9700.149s][info][gc,start    ] GC(1828) Pause Cleanup
[2024-05-30T13:16:00.730+0000][9700.149s][info][gc          ] GC(1828) Pause Cleanup 5977M->5977M(12288M) 0.597ms
[2024-05-30T13:16:00.730+0000][9700.149s][info][gc,cpu      ] GC(1828) User=0.00s Sys=0.00s Real=0.00s
[2024-05-30T13:16:00.730+0000][9700.149s][info][gc,marking  ] GC(1828) Concurrent Cleanup for Next Mark
[2024-05-30T13:16:00.747+0000][9700.167s][info][gc,marking  ] GC(1828) Concurrent Cleanup for Next Mark 17.314ms
[2024-05-30T13:16:00.747+0000][9700.167s][info][gc          ] GC(1828) Concurrent Mark Cycle 4100.989ms
[2024-05-30T13:16:05.831+0000][9705.251s][info][gc,start    ] GC(1829) Pause Young (Prepare Mixed) (G1 Evacuation Pause)
[2024-05-30T13:16:05.831+0000][9705.251s][info][gc,task     ] GC(1829) Using 6 workers of 6 for evacuation
[2024-05-30T13:16:05.874+0000][9705.294s][info][gc,phases   ] GC(1829)   Pre Evacuate Collection Set: 0.2ms
[2024-05-30T13:16:05.874+0000][9705.294s][info][gc,phases   ] GC(1829)   Merge Heap Roots: 0.3ms
[2024-05-30T13:16:05.874+0000][9705.294s][info][gc,phases   ] GC(1829)   Evacuate Collection Set: 40.7ms
[2024-05-30T13:16:05.874+0000][9705.294s][info][gc,phases   ] GC(1829)   Post Evacuate Collection Set: 1.8ms
[2024-05-30T13:16:05.874+0000][9705.294s][info][gc,phases   ] GC(1829)   Other: 0.2ms
[2024-05-30T13:16:05.874+0000][9705.294s][info][gc,heap     ] GC(1829) Eden regions: 804->0(61)
[2024-05-30T13:16:05.874+0000][9705.294s][info][gc,heap     ] GC(1829) Survivor regions: 13->15(103)
[2024-05-30T13:16:05.874+0000][9705.294s][info][gc,heap     ] GC(1829) Old regions: 389->389
[2024-05-30T13:16:05.874+0000][9705.294s][info][gc,heap     ] GC(1829) Archive regions: 2->2
[2024-05-30T13:16:05.875+0000][9705.294s][info][gc,heap     ] GC(1829) Humongous regions: 5->5
[2024-05-30T13:16:05.875+0000][9705.294s][info][gc,metaspace] GC(1829) Metaspace: 432833K(439808K)->432833K(439808K) NonClass: 378921K(382976K)->378921K(382976K) Class: 53911K(56832K)->53911K(56832K)
[2024-05-30T13:16:05.875+0000][9705.294s][info][gc          ] GC(1829) Pause Young (Prepare Mixed) (G1 Evacuation Pause) 9685M->3267M(12288M) 43.245ms
[2024-05-30T13:16:05.875+0000][9705.294s][info][gc,cpu      ] GC(1829) User=0.25s Sys=0.00s Real=0.04s
[2024-05-30T13:16:06.567+0000][9705.986s][info][gc,start    ] GC(1830) Pause Young (Mixed) (G1 Evacuation Pause)
[2024-05-30T13:16:06.567+0000][9705.987s][info][gc,task     ] GC(1830) Using 6 workers of 6 for evacuation
[2024-05-30T13:16:06.658+0000][9706.077s][info][gc,phases   ] GC(1830)   Pre Evacuate Collection Set: 0.2ms
[2024-05-30T13:16:06.658+0000][9706.077s][info][gc,phases   ] GC(1830)   Merge Heap Roots: 0.4ms
[2024-05-30T13:16:06.658+0000][9706.077s][info][gc,phases   ] GC(1830)   Evacuate Collection Set: 88.9ms
[2024-05-30T13:16:06.658+0000][9706.077s][info][gc,phases   ] GC(1830)   Post Evacuate Collection Set: 1.3ms
[2024-05-30T13:16:06.658+0000][9706.077s][info][gc,phases   ] GC(1830)   Other: 0.2ms
[2024-05-30T13:16:06.658+0000][9706.077s][info][gc,heap     ] GC(1830) Eden regions: 61->0(812)
[2024-05-30T13:16:06.658+0000][9706.077s][info][gc,heap     ] GC(1830) Survivor regions: 15->5(10)
[2024-05-30T13:16:06.658+0000][9706.077s][info][gc,heap     ] GC(1830) Old regions: 389->389
[2024-05-30T13:16:06.658+0000][9706.077s][info][gc,heap     ] GC(1830) Archive regions: 2->2
[2024-05-30T13:16:06.658+0000][9706.077s][info][gc,heap     ] GC(1830) Humongous regions: 5->5
[2024-05-30T13:16:06.658+0000][9706.077s][info][gc,metaspace] GC(1830) Metaspace: 432833K(439808K)->432833K(439808K) NonClass: 378921K(382976K)->378921K(382976K) Class: 53911K(56832K)->53911K(56832K)
[2024-05-30T13:16:06.658+0000][9706.077s][info][gc          ] GC(1830) Pause Young (Mixed) (G1 Evacuation Pause) 3755M->3195M(12288M) 90.975ms
[2024-05-30T13:16:06.658+0000][9706.078s][info][gc,cpu      ] GC(1830) User=0.54s Sys=0.00s Real=0.10s
[2024-05-30T13:16:15.765+0000][9715.184s][info][gc,start    ] GC(1831) Pause Young (Normal) (G1 Evacuation Pause)
[2024-05-30T13:16:15.765+0000][9715.184s][info][gc,task     ] GC(1831) Using 6 workers of 6 for evacuation
[2024-05-30T13:16:15.789+0000][9715.208s][info][gc,phases   ] GC(1831)   Pre Evacuate Collection Set: 0.2ms
[2024-05-30T13:16:15.789+0000][9715.208s][info][gc,phases   ] GC(1831)   Merge Heap Roots: 0.2ms
[2024-05-30T13:16:15.789+0000][9715.208s][info][gc,phases   ] GC(1831)   Evacuate Collection Set: 21.5ms
[2024-05-30T13:16:15.789+0000][9715.208s][info][gc,phases   ] GC(1831)   Post Evacuate Collection Set: 1.8ms
[2024-05-30T13:16:15.789+0000][9715.208s][info][gc,phases   ] GC(1831)   Other: 0.2ms
[2024-05-30T13:16:15.789+0000][9715.208s][info][gc,heap     ] GC(1831) Eden regions: 812->0(808)
[2024-05-30T13:16:15.789+0000][9715.208s][info][gc,heap     ] GC(1831) Survivor regions: 5->9(103)
[2024-05-30T13:16:15.789+0000][9715.208s][info][gc,heap     ] GC(1831) Old regions: 389->389
[2024-05-30T13:16:15.789+0000][9715.208s][info][gc,heap     ] GC(1831) Archive regions: 2->2
[2024-05-30T13:16:15.789+0000][9715.208s][info][gc,heap     ] GC(1831) Humongous regions: 5->5
[2024-05-30T13:16:15.789+0000][9715.208s][info][gc,metaspace] GC(1831) Metaspace: 432833K(439808K)->432833K(439808K) NonClass: 378921K(382976K)->378921K(382976K) Class: 53911K(56832K)->53911K(56832K)
[2024-05-30T13:16:15.789+0000][9715.208s][info][gc          ] GC(1831) Pause Young (Normal) (G1 Evacuation Pause) 9691M->3220M(12288M) 23.911ms
[2024-05-30T13:16:15.789+0000][9715.208s][info][gc,cpu      ] GC(1831) User=0.14s Sys=0.00s Real=0.03s
[2024-05-30T13:16:24.640+0000][9724.060s][info][gc,start    ] GC(1832) Pause Young (Normal) (G1 Evacuation Pause)
[2024-05-30T13:16:24.640+0000][9724.060s][info][gc,task     ] GC(1832) Using 6 workers of 6 for evacuation
[2024-05-30T13:16:24.674+0000][9724.093s][info][gc,phases   ] GC(1832)   Pre Evacuate Collection Set: 0.2ms
[2024-05-30T13:16:24.674+0000][9724.093s][info][gc,phases   ] GC(1832)   Merge Heap Roots: 0.2ms
[2024-05-30T13:16:24.674+0000][9724.093s][info][gc,phases   ] GC(1832)   Evacuate Collection Set: 30.4ms
[2024-05-30T13:16:24.674+0000][9724.093s][info][gc,phases   ] GC(1832)   Post Evacuate Collection Set: 2.2ms
[2024-05-30T13:16:24.674+0000][9724.093s][info][gc,phases   ] GC(1832)   Other: 0.2ms
[2024-05-30T13:16:24.674+0000][9724.093s][info][gc,heap     ] GC(1832) Eden regions: 808->0(807)
[2024-05-30T13:16:24.674+0000][9724.093s][info][gc,heap     ] GC(1832) Survivor regions: 9->10(103)
[2024-05-30T13:16:24.674+0000][9724.093s][info][gc,heap     ] GC(1832) Old regions: 389->389
[2024-05-30T13:16:24.674+0000][9724.093s][info][gc,heap     ] GC(1832) Archive regions: 2->2
[2024-05-30T13:16:24.674+0000][9724.093s][info][gc,heap     ] GC(1832) Humongous regions: 5->5
[2024-05-30T13:16:24.674+0000][9724.093s][info][gc,metaspace] GC(1832) Metaspace: 432833K(439808K)->432833K(439808K) NonClass: 378921K(382976K)->378921K(382976K) Class: 53911K(56832K)->53911K(56832K)
[2024-05-30T13:16:24.674+0000][9724.093s][info][gc          ] GC(1832) Pause Young (Normal) (G1 Evacuation Pause) 9684M->3234M(12288M) 33.294ms
[2024-05-30T13:16:24.674+0000][9724.093s][info][gc,cpu      ] GC(1832) User=0.19s Sys=0.01s Real=0.03s
[2024-05-30T13:16:33.734+0000][9733.153s][info][gc,start    ] GC(1833) Pause Young (Concurrent Start) (G1 Evacuation Pause)
[2024-05-30T13:16:33.734+0000][9733.154s][info][gc,task     ] GC(1833) Using 6 workers of 6 for evacuation
[2024-05-30T13:16:33.767+0000][9733.186s][info][gc,phases   ] GC(1833)   Pre Evacuate Collection Set: 0.6ms
[2024-05-30T13:16:33.767+0000][9733.186s][info][gc,phases   ] GC(1833)   Merge Heap Roots: 0.2ms
[2024-05-30T13:16:33.767+0000][9733.186s][info][gc,phases   ] GC(1833)   Evacuate Collection Set: 29.7ms
[2024-05-30T13:16:33.767+0000][9733.186s][info][gc,phases   ] GC(1833)   Post Evacuate Collection Set: 1.8ms
[2024-05-30T13:16:33.767+0000][9733.186s][info][gc,phases   ] GC(1833)   Other: 0.3ms
[2024-05-30T13:16:33.767+0000][9733.186s][info][gc,heap     ] GC(1833) Eden regions: 807->0(805)
[2024-05-30T13:16:33.767+0000][9733.186s][info][gc,heap     ] GC(1833) Survivor regions: 10->13(103)
[2024-05-30T13:16:33.767+0000][9733.186s][info][gc,heap     ] GC(1833) Old regions: 389->389
[2024-05-30T13:16:33.767+0000][9733.186s][info][gc,heap     ] GC(1833) Archive regions: 2->2
[2024-05-30T13:16:33.767+0000][9733.186s][info][gc,heap     ] GC(1833) Humongous regions: 5->5
[2024-05-30T13:16:33.767+0000][9733.186s][info][gc,metaspace] GC(1833) Metaspace: 432833K(439808K)->432833K(439808K) NonClass: 378921K(382976K)->378921K(382976K) Class: 53911K(56832K)->53911K(56832K)
[2024-05-30T13:16:33.767+0000][9733.186s][info][gc          ] GC(1833) Pause Young (Concurrent Start) (G1 Evacuation Pause) 9690M->3255M(12288M) 32.675ms
[2024-05-30T13:16:33.767+0000][9733.186s][info][gc,cpu      ] GC(1833) User=0.19s Sys=0.00s Real=0.03s
[2024-05-30T13:16:33.767+0000][9733.186s][info][gc          ] GC(1834) Concurrent Mark Cycle
[2024-05-30T13:16:33.767+0000][9733.186s][info][gc,marking  ] GC(1834) Concurrent Clear Claimed Marks
[2024-05-30T13:16:33.767+0000][9733.187s][info][gc,marking  ] GC(1834) Concurrent Clear Claimed Marks 0.404ms
[2024-05-30T13:16:33.767+0000][9733.187s][info][gc,marking  ] GC(1834) Concurrent Scan Root Regions
[2024-05-30T13:16:33.792+0000][9733.212s][info][gc,marking  ] GC(1834) Concurrent Scan Root Regions 24.898ms
[2024-05-30T13:16:33.792+0000][9733.212s][info][gc,marking  ] GC(1834) Concurrent Mark
[2024-05-30T13:16:33.792+0000][9733.212s][info][gc,marking  ] GC(1834) Concurrent Mark From Roots
[2024-05-30T13:16:33.792+0000][9733.212s][info][gc,task     ] GC(1834) Using 2 workers of 2 for marking
[2024-05-30T13:16:36.399+0000][9735.818s][info][gc,marking  ] GC(1834) Concurrent Mark From Roots 2606.473ms
[2024-05-30T13:16:36.399+0000][9735.818s][info][gc,marking  ] GC(1834) Concurrent Preclean
[2024-05-30T13:16:36.400+0000][9735.819s][info][gc,marking  ] GC(1834) Concurrent Preclean 1.073ms
[2024-05-30T13:16:36.400+0000][9735.819s][info][gc,start    ] GC(1834) Pause Remark
[2024-05-30T13:16:36.424+0000][9735.843s][info][gc          ] GC(1834) Pause Remark 4943M->4943M(12288M) 23.996ms
[2024-05-30T13:16:36.424+0000][9735.843s][info][gc,cpu      ] GC(1834) User=0.11s Sys=0.00s Real=0.02s
[2024-05-30T13:16:36.424+0000][9735.844s][info][gc,marking  ] GC(1834) Concurrent Mark 2632.028ms
[2024-05-30T13:16:36.424+0000][9735.844s][info][gc,marking  ] GC(1834) Concurrent Rebuild Remembered Sets
[2024-05-30T13:16:37.939+0000][9737.358s][info][gc,marking  ] GC(1834) Concurrent Rebuild Remembered Sets 1514.695ms
[2024-05-30T13:16:37.939+0000][9737.359s][info][gc,start    ] GC(1834) Pause Cleanup
[2024-05-30T13:16:37.940+0000][9737.359s][info][gc          ] GC(1834) Pause Cleanup 5975M->5975M(12288M) 0.587ms
[2024-05-30T13:16:37.940+0000][9737.359s][info][gc,cpu      ] GC(1834) User=0.00s Sys=0.00s Real=0.00s
[2024-05-30T13:16:37.940+0000][9737.359s][info][gc,marking  ] GC(1834) Concurrent Cleanup for Next Mark
[2024-05-30T13:16:37.957+0000][9737.377s][info][gc,marking  ] GC(1834) Concurrent Cleanup for Next Mark 17.363ms
[2024-05-30T13:16:37.957+0000][9737.377s][info][gc          ] GC(1834) Concurrent Mark Cycle 4190.393ms
[2024-05-30T13:16:42.820+0000][9742.239s][info][gc,start    ] GC(1835) Pause Young (Prepare Mixed) (G1 Evacuation Pause)
[2024-05-30T13:16:42.820+0000][9742.239s][info][gc,task     ] GC(1835) Using 6 workers of 6 for evacuation
[2024-05-30T13:16:42.857+0000][9742.276s][info][gc,phases   ] GC(1835)   Pre Evacuate Collection Set: 0.2ms
[2024-05-30T13:16:42.857+0000][9742.276s][info][gc,phases   ] GC(1835)   Merge Heap Roots: 0.3ms
[2024-05-30T13:16:42.857+0000][9742.276s][info][gc,phases   ] GC(1835)   Evacuate Collection Set: 34.4ms
[2024-05-30T13:16:42.857+0000][9742.276s][info][gc,phases   ] GC(1835)   Post Evacuate Collection Set: 1.8ms
[2024-05-30T13:16:42.857+0000][9742.276s][info][gc,phases   ] GC(1835)   Other: 0.2ms
[2024-05-30T13:16:42.857+0000][9742.276s][info][gc,heap     ] GC(1835) Eden regions: 805->0(62)
[2024-05-30T13:16:42.857+0000][9742.276s][info][gc,heap     ] GC(1835) Survivor regions: 13->14(103)
[2024-05-30T13:16:42.857+0000][9742.276s][info][gc,heap     ] GC(1835) Old regions: 389->389
[2024-05-30T13:16:42.857+0000][9742.276s][info][gc,heap     ] GC(1835) Archive regions: 2->2
[2024-05-30T13:16:42.857+0000][9742.276s][info][gc,heap     ] GC(1835) Humongous regions: 5->5
[2024-05-30T13:16:42.857+0000][9742.276s][info][gc,metaspace] GC(1835) Metaspace: 432833K(439808K)->432833K(439808K) NonClass: 378921K(382976K)->378921K(382976K) Class: 53911K(56832K)->53911K(56832K)
[2024-05-30T13:16:42.857+0000][9742.276s][info][gc          ] GC(1835) Pause Young (Prepare Mixed) (G1 Evacuation Pause) 9695M->3264M(12288M) 36.966ms
[2024-05-30T13:16:42.857+0000][9742.276s][info][gc,cpu      ] GC(1835) User=0.22s Sys=0.00s Real=0.04s
[2024-05-30T13:16:43.549+0000][9742.968s][info][gc,start    ] GC(1836) Pause Young (Mixed) (G1 Evacuation Pause)
[2024-05-30T13:16:43.549+0000][9742.968s][info][gc,task     ] GC(1836) Using 6 workers of 6 for evacuation
[2024-05-30T13:16:43.631+0000][9743.050s][info][gc,phases   ] GC(1836)   Pre Evacuate Collection Set: 0.2ms
[2024-05-30T13:16:43.631+0000][9743.050s][info][gc,phases   ] GC(1836)   Merge Heap Roots: 0.4ms
[2024-05-30T13:16:43.631+0000][9743.050s][info][gc,phases   ] GC(1836)   Evacuate Collection Set: 79.9ms
[2024-05-30T13:16:43.631+0000][9743.050s][info][gc,phases   ] GC(1836)   Post Evacuate Collection Set: 1.4ms
[2024-05-30T13:16:43.631+0000][9743.050s][info][gc,phases   ] GC(1836)   Other: 0.2ms
[2024-05-30T13:16:43.631+0000][9743.050s][info][gc,heap     ] GC(1836) Eden regions: 62->0(811)
[2024-05-30T13:16:43.631+0000][9743.050s][info][gc,heap     ] GC(1836) Survivor regions: 14->5(10)
[2024-05-30T13:16:43.631+0000][9743.050s][info][gc,heap     ] GC(1836) Old regions: 389->391
[2024-05-30T13:16:43.631+0000][9743.050s][info][gc,heap     ] GC(1836) Archive regions: 2->2
[2024-05-30T13:16:43.631+0000][9743.050s][info][gc,heap     ] GC(1836) Humongous regions: 5->5
[2024-05-30T13:16:43.631+0000][9743.050s][info][gc,metaspace] GC(1836) Metaspace: 432833K(439808K)->432833K(439808K) NonClass: 378921K(382976K)->378921K(382976K) Class: 53911K(56832K)->53911K(56832K)
[2024-05-30T13:16:43.631+0000][9743.050s][info][gc          ] GC(1836) Pause Young (Mixed) (G1 Evacuation Pause) 3760M->3206M(12288M) 82.081ms
[2024-05-30T13:16:43.631+0000][9743.050s][info][gc,cpu      ] GC(1836) User=0.48s Sys=0.00s Real=0.08s
[2024-05-30T13:16:52.739+0000][9752.159s][info][gc,start    ] GC(1837) Pause Young (Normal) (G1 Evacuation Pause)
[2024-05-30T13:16:52.739+0000][9752.159s][info][gc,task     ] GC(1837) Using 6 workers of 6 for evacuation
[2024-05-30T13:16:52.761+0000][9752.181s][info][gc,phases   ] GC(1837)   Pre Evacuate Collection Set: 0.2ms
[2024-05-30T13:16:52.762+0000][9752.181s][info][gc,phases   ] GC(1837)   Merge Heap Roots: 0.3ms
[2024-05-30T13:16:52.762+0000][9752.181s][info][gc,phases   ] GC(1837)   Evacuate Collection Set: 19.4ms
[2024-05-30T13:16:52.762+0000][9752.181s][info][gc,phases   ] GC(1837)   Post Evacuate Collection Set: 2.0ms
[2024-05-30T13:16:52.762+0000][9752.181s][info][gc,phases   ] GC(1837)   Other: 0.2ms
[2024-05-30T13:16:52.762+0000][9752.181s][info][gc,heap     ] GC(1837) Eden regions: 811->0(806)
[2024-05-30T13:16:52.762+0000][9752.181s][info][gc,heap     ] GC(1837) Survivor regions: 5->9(102)
[2024-05-30T13:16:52.762+0000][9752.181s][info][gc,heap     ] GC(1837) Old regions: 391->391
[2024-05-30T13:16:52.762+0000][9752.181s][info][gc,heap     ] GC(1837) Archive regions: 2->2
[2024-05-30T13:16:52.762+0000][9752.181s][info][gc,heap     ] GC(1837) Humongous regions: 5->5
[2024-05-30T13:16:52.762+0000][9752.181s][info][gc,metaspace] GC(1837) Metaspace: 432833K(439808K)->432833K(439808K) NonClass: 378921K(382976K)->378921K(382976K) Class: 53911K(56832K)->53911K(56832K)
[2024-05-30T13:16:52.762+0000][9752.181s][info][gc          ] GC(1837) Pause Young (Normal) (G1 Evacuation Pause) 9694M->3237M(12288M) 22.133ms
[2024-05-30T13:16:52.762+0000][9752.181s][info][gc,cpu      ] GC(1837) User=0.13s Sys=0.00s Real=0.02s
[2024-05-30T13:17:01.497+0000][9760.916s][info][gc,start    ] GC(1838) Pause Young (Normal) (G1 Evacuation Pause)
[2024-05-30T13:17:01.497+0000][9760.916s][info][gc,task     ] GC(1838) Using 6 workers of 6 for evacuation
[2024-05-30T13:17:01.527+0000][9760.946s][info][gc,phases   ] GC(1838)   Pre Evacuate Collection Set: 0.2ms
[2024-05-30T13:17:01.527+0000][9760.946s][info][gc,phases   ] GC(1838)   Merge Heap Roots: 0.2ms
[2024-05-30T13:17:01.527+0000][9760.946s][info][gc,phases   ] GC(1838)   Evacuate Collection Set: 27.5ms
[2024-05-30T13:17:01.527+0000][9760.946s][info][gc,phases   ] GC(1838)   Post Evacuate Collection Set: 1.9ms
[2024-05-30T13:17:01.527+0000][9760.946s][info][gc,phases   ] GC(1838)   Other: 0.2ms
[2024-05-30T13:17:01.527+0000][9760.946s][info][gc,heap     ] GC(1838) Eden regions: 806->0(807)
[2024-05-30T13:17:01.527+0000][9760.946s][info][gc,heap     ] GC(1838) Survivor regions: 9->9(102)
[2024-05-30T13:17:01.527+0000][9760.946s][info][gc,heap     ] GC(1838) Old regions: 391->391
[2024-05-30T13:17:01.527+0000][9760.946s][info][gc,heap     ] GC(1838) Archive regions: 2->2
[2024-05-30T13:17:01.527+0000][9760.946s][info][gc,heap     ] GC(1838) Humongous regions: 5->5
[2024-05-30T13:17:01.527+0000][9760.946s][info][gc,metaspace] GC(1838) Metaspace: 432833K(439808K)->432833K(439808K) NonClass: 378921K(382976K)->378921K(382976K) Class: 53911K(56832K)->53911K(56832K)
[2024-05-30T13:17:01.527+0000][9760.946s][info][gc          ] GC(1838) Pause Young (Normal) (G1 Evacuation Pause) 9685M->3240M(12288M) 30.115ms
[2024-05-30T13:17:01.527+0000][9760.946s][info][gc,cpu      ] GC(1838) User=0.18s Sys=0.00s Real=0.02s
[2024-05-30T13:17:10.629+0000][9770.049s][info][gc,start    ] GC(1839) Pause Young (Concurrent Start) (G1 Evacuation Pause)
[2024-05-30T13:17:10.629+0000][9770.049s][info][gc,task     ] GC(1839) Using 6 workers of 6 for evacuation
[2024-05-30T13:17:10.666+0000][9770.086s][info][gc,phases   ] GC(1839)   Pre Evacuate Collection Set: 0.5ms
[2024-05-30T13:17:10.666+0000][9770.086s][info][gc,phases   ] GC(1839)   Merge Heap Roots: 0.3ms
[2024-05-30T13:17:10.666+0000][9770.086s][info][gc,phases   ] GC(1839)   Evacuate Collection Set: 34.3ms
[2024-05-30T13:17:10.667+0000][9770.086s][info][gc,phases   ] GC(1839)   Post Evacuate Collection Set: 1.7ms
[2024-05-30T13:17:10.667+0000][9770.086s][info][gc,phases   ] GC(1839)   Other: 0.3ms
[2024-05-30T13:17:10.667+0000][9770.086s][info][gc,heap     ] GC(1839) Eden regions: 807->0(803)
[2024-05-30T13:17:10.667+0000][9770.086s][info][gc,heap     ] GC(1839) Survivor regions: 9->13(102)
[2024-05-30T13:17:10.667+0000][9770.086s][info][gc,heap     ] GC(1839) Old regions: 391->391
[2024-05-30T13:17:10.667+0000][9770.086s][info][gc,heap     ] GC(1839) Archive regions: 2->2
[2024-05-30T13:17:10.667+0000][9770.086s][info][gc,heap     ] GC(1839) Humongous regions: 5->5
[2024-05-30T13:17:10.667+0000][9770.086s][info][gc,metaspace] GC(1839) Metaspace: 432833K(439808K)->432833K(439808K) NonClass: 378921K(382976K)->378921K(382976K) Class: 53911K(56832K)->53911K(56832K)
[2024-05-30T13:17:10.667+0000][9770.086s][info][gc          ] GC(1839) Pause Young (Concurrent Start) (G1 Evacuation Pause) 9696M->3270M(12288M) 37.165ms
[2024-05-30T13:17:10.667+0000][9770.086s][info][gc,cpu      ] GC(1839) User=0.21s Sys=0.00s Real=0.03s
[2024-05-30T13:17:10.667+0000][9770.086s][info][gc          ] GC(1840) Concurrent Mark Cycle
[2024-05-30T13:17:10.667+0000][9770.086s][info][gc,marking  ] GC(1840) Concurrent Clear Claimed Marks
[2024-05-30T13:17:10.667+0000][9770.086s][info][gc,marking  ] GC(1840) Concurrent Clear Claimed Marks 0.439ms
[2024-05-30T13:17:10.667+0000][9770.086s][info][gc,marking  ] GC(1840) Concurrent Scan Root Regions
[2024-05-30T13:17:10.700+0000][9770.119s][info][gc,marking  ] GC(1840) Concurrent Scan Root Regions 32.822ms
[2024-05-30T13:17:10.700+0000][9770.119s][info][gc,marking  ] GC(1840) Concurrent Mark
[2024-05-30T13:17:10.700+0000][9770.119s][info][gc,marking  ] GC(1840) Concurrent Mark From Roots
[2024-05-30T13:17:10.700+0000][9770.119s][info][gc,task     ] GC(1840) Using 2 workers of 2 for marking
[2024-05-30T13:17:13.308+0000][9772.727s][info][gc,marking  ] GC(1840) Concurrent Mark From Roots 2608.106ms
[2024-05-30T13:17:13.308+0000][9772.727s][info][gc,marking  ] GC(1840) Concurrent Preclean
[2024-05-30T13:17:13.309+0000][9772.728s][info][gc,marking  ] GC(1840) Concurrent Preclean 1.052ms
[2024-05-30T13:17:13.309+0000][9772.729s][info][gc,start    ] GC(1840) Pause Remark
[2024-05-30T13:17:13.333+0000][9772.753s][info][gc          ] GC(1840) Pause Remark 5006M->5006M(12288M) 24.083ms
[2024-05-30T13:17:13.333+0000][9772.753s][info][gc,cpu      ] GC(1840) User=0.10s Sys=0.00s Real=0.02s
[2024-05-30T13:17:13.334+0000][9772.753s][info][gc,marking  ] GC(1840) Concurrent Mark 2633.625ms
[2024-05-30T13:17:13.334+0000][9772.753s][info][gc,marking  ] GC(1840) Concurrent Rebuild Remembered Sets
[2024-05-30T13:17:14.828+0000][9774.247s][info][gc,marking  ] GC(1840) Concurrent Rebuild Remembered Sets 1494.454ms
[2024-05-30T13:17:14.828+0000][9774.248s][info][gc,start    ] GC(1840) Pause Cleanup
[2024-05-30T13:17:14.829+0000][9774.248s][info][gc          ] GC(1840) Pause Cleanup 6006M->6006M(12288M) 0.602ms
[2024-05-30T13:17:14.829+0000][9774.248s][info][gc,cpu      ] GC(1840) User=0.00s Sys=0.00s Real=0.01s
[2024-05-30T13:17:14.829+0000][9774.248s][info][gc,marking  ] GC(1840) Concurrent Cleanup for Next Mark
[2024-05-30T13:17:14.858+0000][9774.277s][info][gc,marking  ] GC(1840) Concurrent Cleanup for Next Mark 29.082ms
[2024-05-30T13:17:14.858+0000][9774.277s][info][gc          ] GC(1840) Concurrent Mark Cycle 4191.479ms
[2024-05-30T13:17:20.041+0000][9779.461s][info][gc,start    ] GC(1841) Pause Young (Prepare Mixed) (G1 Evacuation Pause)
[2024-05-30T13:17:20.041+0000][9779.461s][info][gc,task     ] GC(1841) Using 6 workers of 6 for evacuation
[2024-05-30T13:17:20.078+0000][9779.497s][info][gc,phases   ] GC(1841)   Pre Evacuate Collection Set: 0.2ms
[2024-05-30T13:17:20.078+0000][9779.497s][info][gc,phases   ] GC(1841)   Merge Heap Roots: 0.3ms
[2024-05-30T13:17:20.078+0000][9779.497s][info][gc,phases   ] GC(1841)   Evacuate Collection Set: 34.3ms
[2024-05-30T13:17:20.078+0000][9779.497s][info][gc,phases   ] GC(1841)   Post Evacuate Collection Set: 1.9ms
[2024-05-30T13:17:20.078+0000][9779.497s][info][gc,phases   ] GC(1841)   Other: 0.2ms
[2024-05-30T13:17:20.078+0000][9779.497s][info][gc,heap     ] GC(1841) Eden regions: 803->0(60)
[2024-05-30T13:17:20.078+0000][9779.497s][info][gc,heap     ] GC(1841) Survivor regions: 13->16(102)
[2024-05-30T13:17:20.078+0000][9779.497s][info][gc,heap     ] GC(1841) Old regions: 391->391
[2024-05-30T13:17:20.078+0000][9779.497s][info][gc,heap     ] GC(1841) Archive regions: 2->2
[2024-05-30T13:17:20.078+0000][9779.497s][info][gc,heap     ] GC(1841) Humongous regions: 5->5
[2024-05-30T13:17:20.078+0000][9779.497s][info][gc,metaspace] GC(1841) Metaspace: 432833K(439808K)->432833K(439808K) NonClass: 378921K(382976K)->378921K(382976K) Class: 53911K(56832K)->53911K(56832K)
[2024-05-30T13:17:20.078+0000][9779.498s][info][gc          ] GC(1841) Pause Young (Prepare Mixed) (G1 Evacuation Pause) 9694M->3293M(12288M) 36.971ms
[2024-05-30T13:17:20.078+0000][9779.498s][info][gc,cpu      ] GC(1841) User=0.21s Sys=0.01s Real=0.04s
[2024-05-30T13:17:20.745+0000][9780.164s][info][gc,start    ] GC(1842) Pause Young (Mixed) (G1 Evacuation Pause)
[2024-05-30T13:17:20.745+0000][9780.164s][info][gc,task     ] GC(1842) Using 6 workers of 6 for evacuation
[2024-05-30T13:17:20.825+0000][9780.245s][info][gc,phases   ] GC(1842)   Pre Evacuate Collection Set: 0.2ms
[2024-05-30T13:17:20.825+0000][9780.245s][info][gc,phases   ] GC(1842)   Merge Heap Roots: 0.3ms
[2024-05-30T13:17:20.825+0000][9780.245s][info][gc,phases   ] GC(1842)   Evacuate Collection Set: 78.3ms
[2024-05-30T13:17:20.826+0000][9780.245s][info][gc,phases   ] GC(1842)   Post Evacuate Collection Set: 1.3ms
[2024-05-30T13:17:20.826+0000][9780.245s][info][gc,phases   ] GC(1842)   Other: 0.2ms
[2024-05-30T13:17:20.826+0000][9780.245s][info][gc,heap     ] GC(1842) Eden regions: 60->0(808)
[2024-05-30T13:17:20.826+0000][9780.245s][info][gc,heap     ] GC(1842) Survivor regions: 16->5(10)
[2024-05-30T13:17:20.826+0000][9780.245s][info][gc,heap     ] GC(1842) Old regions: 391->394
[2024-05-30T13:17:20.826+0000][9780.245s][info][gc,heap     ] GC(1842) Archive regions: 2->2
[2024-05-30T13:17:20.826+0000][9780.245s][info][gc,heap     ] GC(1842) Humongous regions: 5->5
[2024-05-30T13:17:20.826+0000][9780.245s][info][gc,metaspace] GC(1842) Metaspace: 432833K(439808K)->432833K(439808K) NonClass: 378921K(382976K)->378921K(382976K) Class: 53911K(56832K)->53911K(56832K)
[2024-05-30T13:17:20.826+0000][9780.245s][info][gc          ] GC(1842) Pause Young (Mixed) (G1 Evacuation Pause) 3773M->3229M(12288M) 80.345ms
[2024-05-30T13:17:20.826+0000][9780.245s][info][gc,cpu      ] GC(1842) User=0.48s Sys=0.00s Real=0.08s
[2024-05-30T13:17:29.959+0000][9789.378s][info][gc,start    ] GC(1843) Pause Young (Normal) (G1 Evacuation Pause)
[2024-05-30T13:17:29.959+0000][9789.379s][info][gc,task     ] GC(1843) Using 6 workers of 6 for evacuation
[2024-05-30T13:17:29.980+0000][9789.399s][info][gc,phases   ] GC(1843)   Pre Evacuate Collection Set: 0.2ms
[2024-05-30T13:17:29.980+0000][9789.399s][info][gc,phases   ] GC(1843)   Merge Heap Roots: 0.2ms
[2024-05-30T13:17:29.980+0000][9789.399s][info][gc,phases   ] GC(1843)   Evacuate Collection Set: 18.1ms
[2024-05-30T13:17:29.980+0000][9789.399s][info][gc,phases   ] GC(1843)   Post Evacuate Collection Set: 1.8ms
[2024-05-30T13:17:29.980+0000][9789.399s][info][gc,phases   ] GC(1843)   Other: 0.2ms
[2024-05-30T13:17:29.980+0000][9789.399s][info][gc,heap     ] GC(1843) Eden regions: 808->0(803)
[2024-05-30T13:17:29.980+0000][9789.399s][info][gc,heap     ] GC(1843) Survivor regions: 5->9(102)
[2024-05-30T13:17:29.980+0000][9789.399s][info][gc,heap     ] GC(1843) Old regions: 394->394
[2024-05-30T13:17:29.980+0000][9789.399s][info][gc,heap     ] GC(1843) Archive regions: 2->2
[2024-05-30T13:17:29.980+0000][9789.399s][info][gc,heap     ] GC(1843) Humongous regions: 5->5
[2024-05-30T13:17:29.980+0000][9789.399s][info][gc,metaspace] GC(1843) Metaspace: 432835K(439808K)->432835K(439808K) NonClass: 378923K(382976K)->378923K(382976K) Class: 53911K(56832K)->53911K(56832K)
[2024-05-30T13:17:29.980+0000][9789.399s][info][gc          ] GC(1843) Pause Young (Normal) (G1 Evacuation Pause) 9693M->3255M(12288M) 20.620ms
[2024-05-30T13:17:29.980+0000][9789.399s][info][gc,cpu      ] GC(1843) User=0.12s Sys=0.00s Real=0.02s
[2024-05-30T13:17:33.157+0000][9792.576s][info][gc,start    ] GC(1844) Pause Young (Normal) (G1 Evacuation Pause)
[2024-05-30T13:17:33.157+0000][9792.576s][info][gc,task     ] GC(1844) Using 6 workers of 6 for evacuation
[2024-05-30T13:17:33.258+0000][9792.678s][info][gc,phases   ] GC(1844)   Pre Evacuate Collection Set: 0.2ms
[2024-05-30T13:17:33.258+0000][9792.678s][info][gc,phases   ] GC(1844)   Merge Heap Roots: 0.4ms
[2024-05-30T13:17:33.258+0000][9792.678s][info][gc,phases   ] GC(1844)   Evacuate Collection Set: 80.0ms
[2024-05-30T13:17:33.258+0000][9792.678s][info][gc,phases   ] GC(1844)   Post Evacuate Collection Set: 20.9ms
[2024-05-30T13:17:33.258+0000][9792.678s][info][gc,phases   ] GC(1844)   Other: 0.2ms
[2024-05-30T13:17:33.258+0000][9792.678s][info][gc,heap     ] GC(1844) Eden regions: 803->0(795)
[2024-05-30T13:17:33.258+0000][9792.678s][info][gc,heap     ] GC(1844) Survivor regions: 9->15(102)
[2024-05-30T13:17:33.258+0000][9792.678s][info][gc,heap     ] GC(1844) Old regions: 394->394
[2024-05-30T13:17:33.258+0000][9792.678s][info][gc,heap     ] GC(1844) Archive regions: 2->2
[2024-05-30T13:17:33.258+0000][9792.678s][info][gc,heap     ] GC(1844) Humongous regions: 5->5
[2024-05-30T13:17:33.258+0000][9792.678s][info][gc,metaspace] GC(1844) Metaspace: 432835K(439808K)->432835K(439808K) NonClass: 378923K(382976K)->378923K(382976K) Class: 53911K(56832K)->53911K(56832K)
[2024-05-30T13:17:33.259+0000][9792.678s][info][gc          ] GC(1844) Pause Young (Normal) (G1 Evacuation Pause) 9679M->3303M(12288M) 101.807ms
[2024-05-30T13:17:33.259+0000][9792.678s][info][gc,cpu      ] GC(1844) User=0.58s Sys=0.00s Real=0.10s
[2024-05-30T13:17:35.564+0000][9794.983s][info][gc,start    ] GC(1845) Pause Young (Concurrent Start) (G1 Evacuation Pause)
[2024-05-30T13:17:35.564+0000][9794.983s][info][gc,task     ] GC(1845) Using 6 workers of 6 for evacuation
[2024-05-30T13:17:35.668+0000][9795.087s][info][gc,phases   ] GC(1845)   Pre Evacuate Collection Set: 0.5ms
[2024-05-30T13:17:35.668+0000][9795.087s][info][gc,phases   ] GC(1845)   Merge Heap Roots: 0.3ms
[2024-05-30T13:17:35.668+0000][9795.087s][info][gc,phases   ] GC(1845)   Evacuate Collection Set: 84.6ms
[2024-05-30T13:17:35.668+0000][9795.087s][info][gc,phases   ] GC(1845)   Post Evacuate Collection Set: 18.0ms
[2024-05-30T13:17:35.668+0000][9795.087s][info][gc,phases   ] GC(1845)   Other: 0.3ms
[2024-05-30T13:17:35.668+0000][9795.087s][info][gc,heap     ] GC(1845) Eden regions: 795->0(791)
[2024-05-30T13:17:35.668+0000][9795.087s][info][gc,heap     ] GC(1845) Survivor regions: 15->18(102)
[2024-05-30T13:17:35.668+0000][9795.087s][info][gc,heap     ] GC(1845) Old regions: 394->394
[2024-05-30T13:17:35.668+0000][9795.087s][info][gc,heap     ] GC(1845) Archive regions: 2->2
[2024-05-30T13:17:35.668+0000][9795.087s][info][gc,heap     ] GC(1845) Humongous regions: 5->5
[2024-05-30T13:17:35.668+0000][9795.087s][info][gc,metaspace] GC(1845) Metaspace: 432835K(439808K)->432835K(439808K) NonClass: 378923K(382976K)->378923K(382976K) Class: 53911K(56832K)->53911K(56832K)
[2024-05-30T13:17:35.668+0000][9795.087s][info][gc          ] GC(1845) Pause Young (Concurrent Start) (G1 Evacuation Pause) 9663M->3329M(12288M) 103.805ms
[2024-05-30T13:17:35.668+0000][9795.087s][info][gc,cpu      ] GC(1845) User=0.60s Sys=0.00s Real=0.10s
[2024-05-30T13:17:35.668+0000][9795.087s][info][gc          ] GC(1846) Concurrent Mark Cycle
[2024-05-30T13:17:35.668+0000][9795.087s][info][gc,marking  ] GC(1846) Concurrent Clear Claimed Marks
[2024-05-30T13:17:35.668+0000][9795.088s][info][gc,marking  ] GC(1846) Concurrent Clear Claimed Marks 0.436ms
[2024-05-30T13:17:35.668+0000][9795.088s][info][gc,marking  ] GC(1846) Concurrent Scan Root Regions
[2024-05-30T13:17:35.735+0000][9795.154s][info][gc,marking  ] GC(1846) Concurrent Scan Root Regions 66.125ms
[2024-05-30T13:17:35.735+0000][9795.154s][info][gc,marking  ] GC(1846) Concurrent Mark
[2024-05-30T13:17:35.735+0000][9795.154s][info][gc,marking  ] GC(1846) Concurrent Mark From Roots
[2024-05-30T13:17:35.735+0000][9795.154s][info][gc,task     ] GC(1846) Using 2 workers of 2 for marking
[2024-05-30T13:17:38.587+0000][9798.007s][info][gc,marking  ] GC(1846) Concurrent Mark From Roots 2852.892ms
[2024-05-30T13:17:38.588+0000][9798.007s][info][gc,marking  ] GC(1846) Concurrent Preclean
[2024-05-30T13:17:38.589+0000][9798.008s][info][gc,marking  ] GC(1846) Concurrent Preclean 1.259ms
[2024-05-30T13:17:38.589+0000][9798.008s][info][gc,start    ] GC(1846) Pause Remark
[2024-05-30T13:17:38.613+0000][9798.033s][info][gc          ] GC(1846) Pause Remark 8797M->8796M(12288M) 24.368ms
[2024-05-30T13:17:38.613+0000][9798.033s][info][gc,cpu      ] GC(1846) User=0.11s Sys=0.00s Real=0.02s
[2024-05-30T13:17:38.613+0000][9798.033s][info][gc,marking  ] GC(1846) Concurrent Mark 2878.933ms
[2024-05-30T13:17:38.614+0000][9798.033s][info][gc,marking  ] GC(1846) Concurrent Rebuild Remembered Sets
[2024-05-30T13:17:39.008+0000][9798.427s][info][gc,start    ] GC(1847) Pause Young (Normal) (G1 Evacuation Pause)
[2024-05-30T13:17:39.008+0000][9798.427s][info][gc,task     ] GC(1847) Using 6 workers of 6 for evacuation
[2024-05-30T13:17:39.130+0000][9798.549s][info][gc,phases   ] GC(1847)   Pre Evacuate Collection Set: 0.2ms
[2024-05-30T13:17:39.130+0000][9798.549s][info][gc,phases   ] GC(1847)   Merge Heap Roots: 0.6ms
[2024-05-30T13:17:39.130+0000][9798.549s][info][gc,phases   ] GC(1847)   Evacuate Collection Set: 103.9ms
[2024-05-30T13:17:39.130+0000][9798.549s][info][gc,phases   ] GC(1847)   Post Evacuate Collection Set: 17.2ms
[2024-05-30T13:17:39.130+0000][9798.549s][info][gc,phases   ] GC(1847)   Other: 0.2ms
[2024-05-30T13:17:39.130+0000][9798.549s][info][gc,heap     ] GC(1847) Eden regions: 791->0(786)
[2024-05-30T13:17:39.130+0000][9798.549s][info][gc,heap     ] GC(1847) Survivor regions: 18->21(102)
[2024-05-30T13:17:39.130+0000][9798.549s][info][gc,heap     ] GC(1847) Old regions: 393->393
[2024-05-30T13:17:39.130+0000][9798.549s][info][gc,heap     ] GC(1847) Archive regions: 2->2
[2024-05-30T13:17:39.130+0000][9798.549s][info][gc,heap     ] GC(1847) Humongous regions: 5->5
[2024-05-30T13:17:39.130+0000][9798.549s][info][gc,metaspace] GC(1847) Metaspace: 432835K(439808K)->432835K(439808K) NonClass: 378923K(382976K)->378923K(382976K) Class: 53911K(56832K)->53911K(56832K)
[2024-05-30T13:17:39.130+0000][9798.549s][info][gc          ] GC(1847) Pause Young (Normal) (G1 Evacuation Pause) 9656M->3356M(12288M) 122.126ms
[2024-05-30T13:17:39.130+0000][9798.549s][info][gc,cpu      ] GC(1847) User=0.72s Sys=0.00s Real=0.13s
[2024-05-30T13:17:40.276+0000][9799.695s][info][gc,marking  ] GC(1846) Concurrent Rebuild Remembered Sets 1662.024ms
[2024-05-30T13:17:40.276+0000][9799.695s][info][gc,start    ] GC(1846) Pause Cleanup
[2024-05-30T13:17:40.276+0000][9799.696s][info][gc          ] GC(1846) Pause Cleanup 5996M->5996M(12288M) 0.662ms
[2024-05-30T13:17:40.276+0000][9799.696s][info][gc,cpu      ] GC(1846) User=0.01s Sys=0.00s Real=0.01s
[2024-05-30T13:17:40.277+0000][9799.696s][info][gc,marking  ] GC(1846) Concurrent Cleanup for Next Mark
[2024-05-30T13:17:40.293+0000][9799.713s][info][gc,marking  ] GC(1846) Concurrent Cleanup for Next Mark 16.790ms
[2024-05-30T13:17:40.293+0000][9799.713s][info][gc          ] GC(1846) Concurrent Mark Cycle 4625.508ms
[2024-05-30T13:17:44.498+0000][9803.918s][info][gc,start    ] GC(1848) Pause Young (Prepare Mixed) (G1 Evacuation Pause)
[2024-05-30T13:17:44.498+0000][9803.918s][info][gc,task     ] GC(1848) Using 6 workers of 6 for evacuation
[2024-05-30T13:17:44.534+0000][9803.953s][info][gc,phases   ] GC(1848)   Pre Evacuate Collection Set: 0.2ms
[2024-05-30T13:17:44.534+0000][9803.953s][info][gc,phases   ] GC(1848)   Merge Heap Roots: 0.7ms
[2024-05-30T13:17:44.534+0000][9803.953s][info][gc,phases   ] GC(1848)   Evacuate Collection Set: 32.7ms
[2024-05-30T13:17:44.534+0000][9803.953s][info][gc,phases   ] GC(1848)   Post Evacuate Collection Set: 1.8ms
[2024-05-30T13:17:44.534+0000][9803.953s][info][gc,phases   ] GC(1848)   Other: 0.2ms
[2024-05-30T13:17:44.534+0000][9803.953s][info][gc,heap     ] GC(1848) Eden regions: 786->0(65)
[2024-05-30T13:17:44.534+0000][9803.953s][info][gc,heap     ] GC(1848) Survivor regions: 21->11(101)
[2024-05-30T13:17:44.534+0000][9803.953s][info][gc,heap     ] GC(1848) Old regions: 393->393
[2024-05-30T13:17:44.534+0000][9803.953s][info][gc,heap     ] GC(1848) Archive regions: 2->2
[2024-05-30T13:17:44.534+0000][9803.953s][info][gc,heap     ] GC(1848) Humongous regions: 5->5
[2024-05-30T13:17:44.534+0000][9803.953s][info][gc,metaspace] GC(1848) Metaspace: 432835K(439808K)->432835K(439808K) NonClass: 378923K(382976K)->378923K(382976K) Class: 53911K(56832K)->53911K(56832K)
[2024-05-30T13:17:44.534+0000][9803.953s][info][gc          ] GC(1848) Pause Young (Prepare Mixed) (G1 Evacuation Pause) 9644M->3272M(12288M) 35.650ms
[2024-05-30T13:17:44.534+0000][9803.953s][info][gc,cpu      ] GC(1848) User=0.21s Sys=0.00s Real=0.03s
[2024-05-30T13:17:45.280+0000][9804.699s][info][gc,start    ] GC(1849) Pause Young (Mixed) (G1 Evacuation Pause)
[2024-05-30T13:17:45.280+0000][9804.699s][info][gc,task     ] GC(1849) Using 6 workers of 6 for evacuation
[2024-05-30T13:17:45.350+0000][9804.769s][info][gc,phases   ] GC(1849)   Pre Evacuate Collection Set: 0.2ms
[2024-05-30T13:17:45.350+0000][9804.769s][info][gc,phases   ] GC(1849)   Merge Heap Roots: 0.4ms
[2024-05-30T13:17:45.350+0000][9804.769s][info][gc,phases   ] GC(1849)   Evacuate Collection Set: 67.7ms
[2024-05-30T13:17:45.350+0000][9804.769s][info][gc,phases   ] GC(1849)   Post Evacuate Collection Set: 1.2ms
[2024-05-30T13:17:45.350+0000][9804.769s][info][gc,phases   ] GC(1849)   Other: 0.2ms
[2024-05-30T13:17:45.350+0000][9804.769s][info][gc,heap     ] GC(1849) Eden regions: 65->0(812)
[2024-05-30T13:17:45.350+0000][9804.769s][info][gc,heap     ] GC(1849) Survivor regions: 11->7(10)
[2024-05-30T13:17:45.350+0000][9804.769s][info][gc,heap     ] GC(1849) Old regions: 393->387
[2024-05-30T13:17:45.350+0000][9804.769s][info][gc,heap     ] GC(1849) Archive regions: 2->2
[2024-05-30T13:17:45.350+0000][9804.769s][info][gc,heap     ] GC(1849) Humongous regions: 5->5
[2024-05-30T13:17:45.350+0000][9804.769s][info][gc,metaspace] GC(1849) Metaspace: 432835K(439808K)->432835K(439808K) NonClass: 378923K(382976K)->378923K(382976K) Class: 53911K(56832K)->53911K(56832K)
[2024-05-30T13:17:45.350+0000][9804.769s][info][gc          ] GC(1849) Pause Young (Mixed) (G1 Evacuation Pause) 3792M->3186M(12288M) 69.778ms
[2024-05-30T13:17:45.350+0000][9804.769s][info][gc,cpu      ] GC(1849) User=0.40s Sys=0.01s Real=0.07s
[2024-05-30T13:17:54.363+0000][9813.782s][info][gc,start    ] GC(1850) Pause Young (Normal) (G1 Evacuation Pause)
[2024-05-30T13:17:54.363+0000][9813.782s][info][gc,task     ] GC(1850) Using 6 workers of 6 for evacuation
[2024-05-30T13:17:54.385+0000][9813.804s][info][gc,phases   ] GC(1850)   Pre Evacuate Collection Set: 0.2ms
[2024-05-30T13:17:54.385+0000][9813.804s][info][gc,phases   ] GC(1850)   Merge Heap Roots: 0.2ms
[2024-05-30T13:17:54.385+0000][9813.804s][info][gc,phases   ] GC(1850)   Evacuate Collection Set: 19.8ms
[2024-05-30T13:17:54.385+0000][9813.804s][info][gc,phases   ] GC(1850)   Post Evacuate Collection Set: 2.0ms
[2024-05-30T13:17:54.385+0000][9813.804s][info][gc,phases   ] GC(1850)   Other: 0.2ms
[2024-05-30T13:17:54.385+0000][9813.804s][info][gc,heap     ] GC(1850) Eden regions: 812->0(809)
[2024-05-30T13:17:54.385+0000][9813.804s][info][gc,heap     ] GC(1850) Survivor regions: 7->10(103)
[2024-05-30T13:17:54.385+0000][9813.804s][info][gc,heap     ] GC(1850) Old regions: 387->387
[2024-05-30T13:17:54.385+0000][9813.804s][info][gc,heap     ] GC(1850) Archive regions: 2->2
[2024-05-30T13:17:54.385+0000][9813.804s][info][gc,heap     ] GC(1850) Humongous regions: 5->5
[2024-05-30T13:17:54.385+0000][9813.804s][info][gc,metaspace] GC(1850) Metaspace: 432835K(439808K)->432835K(439808K) NonClass: 378923K(382976K)->378923K(382976K) Class: 53911K(56832K)->53911K(56832K)
[2024-05-30T13:17:54.385+0000][9813.804s][info][gc          ] GC(1850) Pause Young (Normal) (G1 Evacuation Pause) 9682M->3215M(12288M) 22.407ms
[2024-05-30T13:17:54.385+0000][9813.804s][info][gc,cpu      ] GC(1850) User=0.13s Sys=0.00s Real=0.02s
[2024-05-30T13:18:01.406+0000][9820.826s][info][gc,start    ] GC(1851) Pause Young (Normal) (G1 Evacuation Pause)
[2024-05-30T13:18:01.406+0000][9820.826s][info][gc,task     ] GC(1851) Using 6 workers of 6 for evacuation
[2024-05-30T13:18:01.468+0000][9820.887s][info][gc,phases   ] GC(1851)   Pre Evacuate Collection Set: 0.2ms
[2024-05-30T13:18:01.468+0000][9820.887s][info][gc,phases   ] GC(1851)   Merge Heap Roots: 0.3ms
[2024-05-30T13:18:01.468+0000][9820.887s][info][gc,phases   ] GC(1851)   Evacuate Collection Set: 51.2ms
[2024-05-30T13:18:01.468+0000][9820.887s][info][gc,phases   ] GC(1851)   Post Evacuate Collection Set: 9.8ms
[2024-05-30T13:18:01.468+0000][9820.887s][info][gc,phases   ] GC(1851)   Other: 0.2ms
[2024-05-30T13:18:01.468+0000][9820.887s][info][gc,heap     ] GC(1851) Eden regions: 809->0(800)
[2024-05-30T13:18:01.468+0000][9820.887s][info][gc,heap     ] GC(1851) Survivor regions: 10->16(103)
[2024-05-30T13:18:01.468+0000][9820.887s][info][gc,heap     ] GC(1851) Old regions: 387->387
[2024-05-30T13:18:01.468+0000][9820.887s][info][gc,heap     ] GC(1851) Archive regions: 2->2
[2024-05-30T13:18:01.468+0000][9820.887s][info][gc,heap     ] GC(1851) Humongous regions: 5->5
[2024-05-30T13:18:01.468+0000][9820.887s][info][gc,metaspace] GC(1851) Metaspace: 432835K(439808K)->432835K(439808K) NonClass: 378923K(382976K)->378923K(382976K) Class: 53911K(56832K)->53911K(56832K)
[2024-05-30T13:18:01.468+0000][9820.887s][info][gc          ] GC(1851) Pause Young (Normal) (G1 Evacuation Pause) 9687M->3259M(12288M) 61.664ms
[2024-05-30T13:18:01.468+0000][9820.887s][info][gc,cpu      ] GC(1851) User=0.36s Sys=0.00s Real=0.06s
[2024-05-30T13:18:03.914+0000][9823.333s][info][gc,start    ] GC(1852) Pause Young (Concurrent Start) (G1 Evacuation Pause)
[2024-05-30T13:18:03.914+0000][9823.333s][info][gc,task     ] GC(1852) Using 6 workers of 6 for evacuation
[2024-05-30T13:18:04.005+0000][9823.424s][info][gc,phases   ] GC(1852)   Pre Evacuate Collection Set: 0.6ms
[2024-05-30T13:18:04.005+0000][9823.424s][info][gc,phases   ] GC(1852)   Merge Heap Roots: 0.2ms
[2024-05-30T13:18:04.005+0000][9823.424s][info][gc,phases   ] GC(1852)   Evacuate Collection Set: 73.6ms
[2024-05-30T13:18:04.005+0000][9823.424s][info][gc,phases   ] GC(1852)   Post Evacuate Collection Set: 15.8ms
[2024-05-30T13:18:04.005+0000][9823.424s][info][gc,phases   ] GC(1852)   Other: 0.3ms
[2024-05-30T13:18:04.005+0000][9823.424s][info][gc,heap     ] GC(1852) Eden regions: 800->0(792)
[2024-05-30T13:18:04.005+0000][9823.424s][info][gc,heap     ] GC(1852) Survivor regions: 16->21(102)
[2024-05-30T13:18:04.005+0000][9823.424s][info][gc,heap     ] GC(1852) Old regions: 387->387
[2024-05-30T13:18:04.005+0000][9823.424s][info][gc,heap     ] GC(1852) Archive regions: 2->2
[2024-05-30T13:18:04.005+0000][9823.424s][info][gc,heap     ] GC(1852) Humongous regions: 5->5
[2024-05-30T13:18:04.005+0000][9823.424s][info][gc,metaspace] GC(1852) Metaspace: 432835K(439808K)->432835K(439808K) NonClass: 378923K(382976K)->378923K(382976K) Class: 53911K(56832K)->53911K(56832K)
[2024-05-30T13:18:04.005+0000][9823.424s][info][gc          ] GC(1852) Pause Young (Concurrent Start) (G1 Evacuation Pause) 9659M->3301M(12288M) 90.621ms
[2024-05-30T13:18:04.005+0000][9823.424s][info][gc,cpu      ] GC(1852) User=0.53s Sys=0.00s Real=0.09s
[2024-05-30T13:18:04.005+0000][9823.424s][info][gc          ] GC(1853) Concurrent Mark Cycle
[2024-05-30T13:18:04.005+0000][9823.424s][info][gc,marking  ] GC(1853) Concurrent Clear Claimed Marks
[2024-05-30T13:18:04.005+0000][9823.425s][info][gc,marking  ] GC(1853) Concurrent Clear Claimed Marks 0.419ms
[2024-05-30T13:18:04.005+0000][9823.425s][info][gc,marking  ] GC(1853) Concurrent Scan Root Regions
[2024-05-30T13:18:04.074+0000][9823.494s][info][gc,marking  ] GC(1853) Concurrent Scan Root Regions 69.094ms
[2024-05-30T13:18:04.075+0000][9823.494s][info][gc,marking  ] GC(1853) Concurrent Mark
[2024-05-30T13:18:04.075+0000][9823.494s][info][gc,marking  ] GC(1853) Concurrent Mark From Roots
[2024-05-30T13:18:04.075+0000][9823.494s][info][gc,task     ] GC(1853) Using 2 workers of 2 for marking
[2024-05-30T13:18:06.637+0000][9826.056s][info][gc,marking  ] GC(1853) Concurrent Mark From Roots 2562.233ms
[2024-05-30T13:18:06.637+0000][9826.056s][info][gc,marking  ] GC(1853) Concurrent Preclean
[2024-05-30T13:18:06.638+0000][9826.057s][info][gc,marking  ] GC(1853) Concurrent Preclean 1.346ms
[2024-05-30T13:18:06.638+0000][9826.058s][info][gc,start    ] GC(1853) Pause Remark
[2024-05-30T13:18:06.662+0000][9826.081s][info][gc          ] GC(1853) Pause Remark 8689M->8689M(12288M) 23.714ms
[2024-05-30T13:18:06.662+0000][9826.081s][info][gc,cpu      ] GC(1853) User=0.10s Sys=0.01s Real=0.02s
[2024-05-30T13:18:06.662+0000][9826.081s][info][gc,marking  ] GC(1853) Concurrent Mark 2587.669ms
[2024-05-30T13:18:06.662+0000][9826.081s][info][gc,marking  ] GC(1853) Concurrent Rebuild Remembered Sets
[2024-05-30T13:18:07.049+0000][9826.468s][info][gc,start    ] GC(1854) Pause Young (Normal) (G1 Evacuation Pause)
[2024-05-30T13:18:07.049+0000][9826.468s][info][gc,task     ] GC(1854) Using 6 workers of 6 for evacuation
[2024-05-30T13:18:07.165+0000][9826.584s][info][gc,phases   ] GC(1854)   Pre Evacuate Collection Set: 0.2ms
[2024-05-30T13:18:07.165+0000][9826.584s][info][gc,phases   ] GC(1854)   Merge Heap Roots: 0.3ms
[2024-05-30T13:18:07.165+0000][9826.584s][info][gc,phases   ] GC(1854)   Evacuate Collection Set: 95.3ms
[2024-05-30T13:18:07.165+0000][9826.584s][info][gc,phases   ] GC(1854)   Post Evacuate Collection Set: 20.4ms
[2024-05-30T13:18:07.165+0000][9826.584s][info][gc,phases   ] GC(1854)   Other: 0.2ms
[2024-05-30T13:18:07.165+0000][9826.584s][info][gc,heap     ] GC(1854) Eden regions: 792->0(782)
[2024-05-30T13:18:07.165+0000][9826.584s][info][gc,heap     ] GC(1854) Survivor regions: 21->26(102)
[2024-05-30T13:18:07.165+0000][9826.584s][info][gc,heap     ] GC(1854) Old regions: 387->387
[2024-05-30T13:18:07.165+0000][9826.584s][info][gc,heap     ] GC(1854) Archive regions: 2->2
[2024-05-30T13:18:07.165+0000][9826.584s][info][gc,heap     ] GC(1854) Humongous regions: 5->5
[2024-05-30T13:18:07.165+0000][9826.584s][info][gc,metaspace] GC(1854) Metaspace: 432836K(439808K)->432836K(439808K) NonClass: 378924K(382976K)->378924K(382976K) Class: 53911K(56832K)->53911K(56832K)
[2024-05-30T13:18:07.165+0000][9826.584s][info][gc          ] GC(1854) Pause Young (Normal) (G1 Evacuation Pause) 9637M->3343M(12288M) 116.411ms
[2024-05-30T13:18:07.165+0000][9826.584s][info][gc,cpu      ] GC(1854) User=0.68s Sys=0.00s Real=0.11s
[2024-05-30T13:18:08.160+0000][9827.579s][info][gc,marking  ] GC(1853) Concurrent Rebuild Remembered Sets 1497.978ms
[2024-05-30T13:18:08.160+0000][9827.580s][info][gc,start    ] GC(1853) Pause Cleanup
[2024-05-30T13:18:08.161+0000][9827.580s][info][gc          ] GC(1853) Pause Cleanup 5671M->5671M(12288M) 0.597ms
[2024-05-30T13:18:08.161+0000][9827.580s][info][gc,cpu      ] GC(1853) User=0.00s Sys=0.00s Real=0.00s
[2024-05-30T13:18:08.161+0000][9827.580s][info][gc,marking  ] GC(1853) Concurrent Cleanup for Next Mark
[2024-05-30T13:18:08.189+0000][9827.609s][info][gc,marking  ] GC(1853) Concurrent Cleanup for Next Mark 28.243ms
[2024-05-30T13:18:08.189+0000][9827.609s][info][gc          ] GC(1853) Concurrent Mark Cycle 4184.490ms
[2024-05-30T13:18:09.558+0000][9828.978s][info][gc,start    ] GC(1855) Pause Young (Prepare Mixed) (G1 Evacuation Pause)
[2024-05-30T13:18:09.558+0000][9828.978s][info][gc,task     ] GC(1855) Using 6 workers of 6 for evacuation
[2024-05-30T13:18:09.700+0000][9829.120s][info][gc,phases   ] GC(1855)   Pre Evacuate Collection Set: 0.2ms
[2024-05-30T13:18:09.700+0000][9829.120s][info][gc,phases   ] GC(1855)   Merge Heap Roots: 0.6ms
[2024-05-30T13:18:09.700+0000][9829.120s][info][gc,phases   ] GC(1855)   Evacuate Collection Set: 119.8ms
[2024-05-30T13:18:09.700+0000][9829.120s][info][gc,phases   ] GC(1855)   Post Evacuate Collection Set: 21.3ms
[2024-05-30T13:18:09.700+0000][9829.120s][info][gc,phases   ] GC(1855)   Other: 0.3ms
[2024-05-30T13:18:09.700+0000][9829.120s][info][gc,heap     ] GC(1855) Eden regions: 782->0(46)
[2024-05-30T13:18:09.700+0000][9829.120s][info][gc,heap     ] GC(1855) Survivor regions: 26->30(101)
[2024-05-30T13:18:09.700+0000][9829.120s][info][gc,heap     ] GC(1855) Old regions: 387->387
[2024-05-30T13:18:09.700+0000][9829.120s][info][gc,heap     ] GC(1855) Archive regions: 2->2
[2024-05-30T13:18:09.700+0000][9829.120s][info][gc,heap     ] GC(1855) Humongous regions: 5->5
[2024-05-30T13:18:09.700+0000][9829.120s][info][gc,metaspace] GC(1855) Metaspace: 432836K(439808K)->432836K(439808K) NonClass: 378924K(382976K)->378924K(382976K) Class: 53911K(56832K)->53911K(56832K)
[2024-05-30T13:18:09.700+0000][9829.120s][info][gc          ] GC(1855) Pause Young (Prepare Mixed) (G1 Evacuation Pause) 9599M->3371M(12288M) 142.076ms
[2024-05-30T13:18:09.701+0000][9829.120s][info][gc,cpu      ] GC(1855) User=0.83s Sys=0.00s Real=0.14s
[2024-05-30T13:18:09.898+0000][9829.317s][info][gc,start    ] GC(1856) Pause Young (Mixed) (G1 Evacuation Pause)
[2024-05-30T13:18:09.898+0000][9829.317s][info][gc,task     ] GC(1856) Using 6 workers of 6 for evacuation
[2024-05-30T13:18:10.032+0000][9829.451s][info][gc,phases   ] GC(1856)   Pre Evacuate Collection Set: 0.2ms
[2024-05-30T13:18:10.032+0000][9829.451s][info][gc,phases   ] GC(1856)   Merge Heap Roots: 0.4ms
[2024-05-30T13:18:10.032+0000][9829.451s][info][gc,phases   ] GC(1856)   Evacuate Collection Set: 131.2ms
[2024-05-30T13:18:10.032+0000][9829.451s][info][gc,phases   ] GC(1856)   Post Evacuate Collection Set: 2.5ms
[2024-05-30T13:18:10.032+0000][9829.451s][info][gc,phases   ] GC(1856)   Other: 0.2ms
[2024-05-30T13:18:10.032+0000][9829.451s][info][gc,heap     ] GC(1856) Eden regions: 46->0(798)
[2024-05-30T13:18:10.032+0000][9829.451s][info][gc,heap     ] GC(1856) Survivor regions: 30->3(10)
[2024-05-30T13:18:10.032+0000][9829.451s][info][gc,heap     ] GC(1856) Old regions: 387->401
[2024-05-30T13:18:10.032+0000][9829.451s][info][gc,heap     ] GC(1856) Archive regions: 2->2
[2024-05-30T13:18:10.032+0000][9829.451s][info][gc,heap     ] GC(1856) Humongous regions: 5->5
[2024-05-30T13:18:10.032+0000][9829.451s][info][gc,metaspace] GC(1856) Metaspace: 432836K(439808K)->432836K(439808K) NonClass: 378924K(382976K)->378924K(382976K) Class: 53911K(56832K)->53911K(56832K)
[2024-05-30T13:18:10.032+0000][9829.451s][info][gc          ] GC(1856) Pause Young (Mixed) (G1 Evacuation Pause) 3739M->3275M(12288M) 134.538ms
[2024-05-30T13:18:10.032+0000][9829.452s][info][gc,cpu      ] GC(1856) User=0.78s Sys=0.02s Real=0.13s
[2024-05-30T13:18:12.110+0000][9831.529s][info][gc,start    ] GC(1857) Pause Young (Normal) (G1 Evacuation Pause)
[2024-05-30T13:18:12.110+0000][9831.529s][info][gc,task     ] GC(1857) Using 6 workers of 6 for evacuation
[2024-05-30T13:18:12.167+0000][9831.587s][info][gc,phases   ] GC(1857)   Pre Evacuate Collection Set: 0.2ms
[2024-05-30T13:18:12.167+0000][9831.587s][info][gc,phases   ] GC(1857)   Merge Heap Roots: 0.2ms
[2024-05-30T13:18:12.167+0000][9831.587s][info][gc,phases   ] GC(1857)   Evacuate Collection Set: 42.1ms
[2024-05-30T13:18:12.167+0000][9831.587s][info][gc,phases   ] GC(1857)   Post Evacuate Collection Set: 15.1ms
[2024-05-30T13:18:12.167+0000][9831.587s][info][gc,phases   ] GC(1857)   Other: 0.2ms
[2024-05-30T13:18:12.167+0000][9831.587s][info][gc,heap     ] GC(1857) Eden regions: 798->0(798)
[2024-05-30T13:18:12.167+0000][9831.587s][info][gc,heap     ] GC(1857) Survivor regions: 3->5(101)
[2024-05-30T13:18:12.167+0000][9831.587s][info][gc,heap     ] GC(1857) Old regions: 401->401
[2024-05-30T13:18:12.167+0000][9831.587s][info][gc,heap     ] GC(1857) Archive regions: 2->2
[2024-05-30T13:18:12.167+0000][9831.587s][info][gc,heap     ] GC(1857) Humongous regions: 5->5
[2024-05-30T13:18:12.167+0000][9831.587s][info][gc,metaspace] GC(1857) Metaspace: 432836K(439808K)->432836K(439808K) NonClass: 378924K(382976K)->378924K(382976K) Class: 53911K(56832K)->53911K(56832K)
[2024-05-30T13:18:12.168+0000][9831.587s][info][gc          ] GC(1857) Pause Young (Normal) (G1 Evacuation Pause) 9659M->3290M(12288M) 57.895ms
[2024-05-30T13:18:12.168+0000][9831.587s][info][gc,cpu      ] GC(1857) User=0.33s Sys=0.01s Real=0.05s
[2024-05-30T13:18:14.246+0000][9833.665s][info][gc,start    ] GC(1858) Pause Young (Normal) (G1 Evacuation Pause)
[2024-05-30T13:18:14.246+0000][9833.665s][info][gc,task     ] GC(1858) Using 6 workers of 6 for evacuation
[2024-05-30T13:18:14.309+0000][9833.728s][info][gc,phases   ] GC(1858)   Pre Evacuate Collection Set: 0.2ms
[2024-05-30T13:18:14.309+0000][9833.728s][info][gc,phases   ] GC(1858)   Merge Heap Roots: 0.3ms
[2024-05-30T13:18:14.309+0000][9833.728s][info][gc,phases   ] GC(1858)   Evacuate Collection Set: 50.4ms
[2024-05-30T13:18:14.309+0000][9833.728s][info][gc,phases   ] GC(1858)   Post Evacuate Collection Set: 12.3ms
[2024-05-30T13:18:14.309+0000][9833.728s][info][gc,phases   ] GC(1858)   Other: 0.2ms
[2024-05-30T13:18:14.309+0000][9833.728s][info][gc,heap     ] GC(1858) Eden regions: 798->0(796)
[2024-05-30T13:18:14.309+0000][9833.728s][info][gc,heap     ] GC(1858) Survivor regions: 5->8(101)
[2024-05-30T13:18:14.309+0000][9833.728s][info][gc,heap     ] GC(1858) Old regions: 401->401
[2024-05-30T13:18:14.309+0000][9833.728s][info][gc,heap     ] GC(1858) Archive regions: 2->2
[2024-05-30T13:18:14.309+0000][9833.728s][info][gc,heap     ] GC(1858) Humongous regions: 5->5
[2024-05-30T13:18:14.309+0000][9833.728s][info][gc,metaspace] GC(1858) Metaspace: 432836K(439808K)->432836K(439808K) NonClass: 378924K(382976K)->378924K(382976K) Class: 53911K(56832K)->53911K(56832K)
[2024-05-30T13:18:14.309+0000][9833.728s][info][gc          ] GC(1858) Pause Young (Normal) (G1 Evacuation Pause) 9674M->3315M(12288M) 63.502ms
[2024-05-30T13:18:14.309+0000][9833.729s][info][gc,cpu      ] GC(1858) User=0.37s Sys=0.00s Real=0.07s
[2024-05-30T13:18:16.590+0000][9836.010s][info][gc,start    ] GC(1859) Pause Young (Concurrent Start) (G1 Evacuation Pause)
[2024-05-30T13:18:16.590+0000][9836.010s][info][gc,task     ] GC(1859) Using 6 workers of 6 for evacuation
[2024-05-30T13:18:16.688+0000][9836.108s][info][gc,phases   ] GC(1859)   Pre Evacuate Collection Set: 0.6ms
[2024-05-30T13:18:16.688+0000][9836.108s][info][gc,phases   ] GC(1859)   Merge Heap Roots: 0.4ms
[2024-05-30T13:18:16.688+0000][9836.108s][info][gc,phases   ] GC(1859)   Evacuate Collection Set: 76.9ms
[2024-05-30T13:18:16.688+0000][9836.108s][info][gc,phases   ] GC(1859)   Post Evacuate Collection Set: 19.9ms
[2024-05-30T13:18:16.688+0000][9836.108s][info][gc,phases   ] GC(1859)   Other: 0.3ms
[2024-05-30T13:18:16.688+0000][9836.108s][info][gc,heap     ] GC(1859) Eden regions: 796->0(792)
[2024-05-30T13:18:16.688+0000][9836.108s][info][gc,heap     ] GC(1859) Survivor regions: 8->12(101)
[2024-05-30T13:18:16.688+0000][9836.108s][info][gc,heap     ] GC(1859) Old regions: 401->401
[2024-05-30T13:18:16.688+0000][9836.108s][info][gc,heap     ] GC(1859) Archive regions: 2->2
[2024-05-30T13:18:16.688+0000][9836.108s][info][gc,heap     ] GC(1859) Humongous regions: 5->5
[2024-05-30T13:18:16.688+0000][9836.108s][info][gc,metaspace] GC(1859) Metaspace: 432836K(439808K)->432836K(439808K) NonClass: 378924K(382976K)->378924K(382976K) Class: 53911K(56832K)->53911K(56832K)
[2024-05-30T13:18:16.688+0000][9836.108s][info][gc          ] GC(1859) Pause Young (Concurrent Start) (G1 Evacuation Pause) 9683M->3346M(12288M) 98.165ms
[2024-05-30T13:18:16.688+0000][9836.108s][info][gc,cpu      ] GC(1859) User=0.57s Sys=0.00s Real=0.10s
[2024-05-30T13:18:16.689+0000][9836.108s][info][gc          ] GC(1860) Concurrent Mark Cycle
[2024-05-30T13:18:16.689+0000][9836.108s][info][gc,marking  ] GC(1860) Concurrent Clear Claimed Marks
[2024-05-30T13:18:16.689+0000][9836.108s][info][gc,marking  ] GC(1860) Concurrent Clear Claimed Marks 0.413ms
[2024-05-30T13:18:16.689+0000][9836.108s][info][gc,marking  ] GC(1860) Concurrent Scan Root Regions
[2024-05-30T13:18:16.722+0000][9836.142s][info][gc,marking  ] GC(1860) Concurrent Scan Root Regions 33.490ms
[2024-05-30T13:18:16.723+0000][9836.142s][info][gc,marking  ] GC(1860) Concurrent Mark
[2024-05-30T13:18:16.723+0000][9836.142s][info][gc,marking  ] GC(1860) Concurrent Mark From Roots
[2024-05-30T13:18:16.723+0000][9836.142s][info][gc,task     ] GC(1860) Using 2 workers of 2 for marking
[2024-05-30T13:18:19.067+0000][9838.486s][info][gc,marking  ] GC(1860) Concurrent Mark From Roots 2344.457ms
[2024-05-30T13:18:19.067+0000][9838.486s][info][gc,marking  ] GC(1860) Concurrent Preclean
[2024-05-30T13:18:19.068+0000][9838.487s][info][gc,marking  ] GC(1860) Concurrent Preclean 1.106ms
[2024-05-30T13:18:19.068+0000][9838.488s][info][gc,start    ] GC(1860) Pause Remark
[2024-05-30T13:18:19.092+0000][9838.512s][info][gc          ] GC(1860) Pause Remark 8850M->8850M(12288M) 23.946ms
[2024-05-30T13:18:19.092+0000][9838.512s][info][gc,cpu      ] GC(1860) User=0.10s Sys=0.00s Real=0.02s
[2024-05-30T13:18:19.093+0000][9838.512s][info][gc,marking  ] GC(1860) Concurrent Mark 2369.993ms
[2024-05-30T13:18:19.093+0000][9838.512s][info][gc,marking  ] GC(1860) Concurrent Rebuild Remembered Sets
[2024-05-30T13:18:19.458+0000][9838.878s][info][gc,start    ] GC(1861) Pause Young (Normal) (G1 Evacuation Pause)
[2024-05-30T13:18:19.458+0000][9838.878s][info][gc,task     ] GC(1861) Using 6 workers of 6 for evacuation
[2024-05-30T13:18:19.559+0000][9838.979s][info][gc,phases   ] GC(1861)   Pre Evacuate Collection Set: 0.2ms
[2024-05-30T13:18:19.559+0000][9838.979s][info][gc,phases   ] GC(1861)   Merge Heap Roots: 0.6ms
[2024-05-30T13:18:19.559+0000][9838.979s][info][gc,phases   ] GC(1861)   Evacuate Collection Set: 82.5ms
[2024-05-30T13:18:19.559+0000][9838.979s][info][gc,phases   ] GC(1861)   Post Evacuate Collection Set: 17.5ms
[2024-05-30T13:18:19.559+0000][9838.979s][info][gc,phases   ] GC(1861)   Other: 0.2ms
[2024-05-30T13:18:19.559+0000][9838.979s][info][gc,heap     ] GC(1861) Eden regions: 792->0(786)
[2024-05-30T13:18:19.559+0000][9838.979s][info][gc,heap     ] GC(1861) Survivor regions: 12->17(101)
[2024-05-30T13:18:19.559+0000][9838.979s][info][gc,heap     ] GC(1861) Old regions: 401->401
[2024-05-30T13:18:19.559+0000][9838.979s][info][gc,heap     ] GC(1861) Archive regions: 2->2
[2024-05-30T13:18:19.559+0000][9838.979s][info][gc,heap     ] GC(1861) Humongous regions: 5->5
[2024-05-30T13:18:19.559+0000][9838.979s][info][gc,metaspace] GC(1861) Metaspace: 432836K(439808K)->432836K(439808K) NonClass: 378924K(382976K)->378924K(382976K) Class: 53911K(56832K)->53911K(56832K)
[2024-05-30T13:18:19.559+0000][9838.979s][info][gc          ] GC(1861) Pause Young (Normal) (G1 Evacuation Pause) 9682M->3384M(12288M) 101.003ms
[2024-05-30T13:18:19.559+0000][9838.979s][info][gc,cpu      ] GC(1861) User=0.59s Sys=0.00s Real=0.10s
[2024-05-30T13:18:20.518+0000][9839.938s][info][gc,marking  ] GC(1860) Concurrent Rebuild Remembered Sets 1425.945ms
[2024-05-30T13:18:20.519+0000][9839.938s][info][gc,start    ] GC(1860) Pause Cleanup
[2024-05-30T13:18:20.519+0000][9839.939s][info][gc          ] GC(1860) Pause Cleanup 5736M->5736M(12288M) 0.694ms
[2024-05-30T13:18:20.519+0000][9839.939s][info][gc,cpu      ] GC(1860) User=0.00s Sys=0.00s Real=0.00s
[2024-05-30T13:18:20.520+0000][9839.939s][info][gc,marking  ] GC(1860) Concurrent Cleanup for Next Mark
[2024-05-30T13:18:20.545+0000][9839.964s][info][gc,marking  ] GC(1860) Concurrent Cleanup for Next Mark 25.507ms
[2024-05-30T13:18:20.545+0000][9839.964s][info][gc          ] GC(1860) Concurrent Mark Cycle 3856.563ms
[2024-05-30T13:18:22.015+0000][9841.434s][info][gc,start    ] GC(1862) Pause Young (Prepare Mixed) (G1 Evacuation Pause)
[2024-05-30T13:18:22.015+0000][9841.434s][info][gc,task     ] GC(1862) Using 6 workers of 6 for evacuation
[2024-05-30T13:18:22.137+0000][9841.556s][info][gc,phases   ] GC(1862)   Pre Evacuate Collection Set: 0.2ms
[2024-05-30T13:18:22.137+0000][9841.556s][info][gc,phases   ] GC(1862)   Merge Heap Roots: 0.6ms
[2024-05-30T13:18:22.137+0000][9841.556s][info][gc,phases   ] GC(1862)   Evacuate Collection Set: 101.9ms
[2024-05-30T13:18:22.137+0000][9841.556s][info][gc,phases   ] GC(1862)   Post Evacuate Collection Set: 19.0ms
[2024-05-30T13:18:22.137+0000][9841.556s][info][gc,phases   ] GC(1862)   Other: 0.2ms
[2024-05-30T13:18:22.137+0000][9841.556s][info][gc,heap     ] GC(1862) Eden regions: 786->0(55)
[2024-05-30T13:18:22.137+0000][9841.556s][info][gc,heap     ] GC(1862) Survivor regions: 17->21(101)
[2024-05-30T13:18:22.137+0000][9841.556s][info][gc,heap     ] GC(1862) Old regions: 401->401
[2024-05-30T13:18:22.137+0000][9841.556s][info][gc,heap     ] GC(1862) Archive regions: 2->2
[2024-05-30T13:18:22.137+0000][9841.556s][info][gc,heap     ] GC(1862) Humongous regions: 5->5
[2024-05-30T13:18:22.137+0000][9841.556s][info][gc,metaspace] GC(1862) Metaspace: 432836K(439808K)->432836K(439808K) NonClass: 378924K(382976K)->378924K(382976K) Class: 53911K(56832K)->53911K(56832K)
[2024-05-30T13:18:22.137+0000][9841.556s][info][gc          ] GC(1862) Pause Young (Prepare Mixed) (G1 Evacuation Pause) 9672M->3418M(12288M) 121.844ms
[2024-05-30T13:18:22.137+0000][9841.556s][info][gc,cpu      ] GC(1862) User=0.71s Sys=0.00s Real=0.13s
[2024-05-30T13:18:22.731+0000][9842.150s][info][gc,start    ] GC(1863) Pause Young (Mixed) (G1 Evacuation Pause)
[2024-05-30T13:18:22.731+0000][9842.151s][info][gc,task     ] GC(1863) Using 6 workers of 6 for evacuation
[2024-05-30T13:18:22.831+0000][9842.250s][info][gc,phases   ] GC(1863)   Pre Evacuate Collection Set: 0.2ms
[2024-05-30T13:18:22.831+0000][9842.250s][info][gc,phases   ] GC(1863)   Merge Heap Roots: 0.4ms
[2024-05-30T13:18:22.831+0000][9842.250s][info][gc,phases   ] GC(1863)   Evacuate Collection Set: 97.6ms
[2024-05-30T13:18:22.831+0000][9842.250s][info][gc,phases   ] GC(1863)   Post Evacuate Collection Set: 1.5ms
[2024-05-30T13:18:22.831+0000][9842.250s][info][gc,phases   ] GC(1863)   Other: 0.2ms
[2024-05-30T13:18:22.831+0000][9842.250s][info][gc,heap     ] GC(1863) Eden regions: 55->0(799)
[2024-05-30T13:18:22.831+0000][9842.250s][info][gc,heap     ] GC(1863) Survivor regions: 21->8(10)
[2024-05-30T13:18:22.831+0000][9842.250s][info][gc,heap     ] GC(1863) Old regions: 401->398
[2024-05-30T13:18:22.831+0000][9842.250s][info][gc,heap     ] GC(1863) Archive regions: 2->2
[2024-05-30T13:18:22.831+0000][9842.250s][info][gc,heap     ] GC(1863) Humongous regions: 5->5
[2024-05-30T13:18:22.831+0000][9842.250s][info][gc,metaspace] GC(1863) Metaspace: 432836K(439808K)->432836K(439808K) NonClass: 378924K(382976K)->378924K(382976K) Class: 53911K(56832K)->53911K(56832K)
[2024-05-30T13:18:22.831+0000][9842.250s][info][gc          ] GC(1863) Pause Young (Mixed) (G1 Evacuation Pause) 3858M->3289M(12288M) 99.925ms
[2024-05-30T13:18:22.831+0000][9842.250s][info][gc,cpu      ] GC(1863) User=0.60s Sys=0.00s Real=0.10s
[2024-05-30T13:18:31.860+0000][9851.279s][info][gc,start    ] GC(1864) Pause Young (Normal) (G1 Evacuation Pause)
[2024-05-30T13:18:31.860+0000][9851.279s][info][gc,task     ] GC(1864) Using 6 workers of 6 for evacuation
[2024-05-30T13:18:31.889+0000][9851.308s][info][gc,phases   ] GC(1864)   Pre Evacuate Collection Set: 0.2ms
[2024-05-30T13:18:31.889+0000][9851.308s][info][gc,phases   ] GC(1864)   Merge Heap Roots: 0.3ms
[2024-05-30T13:18:31.889+0000][9851.308s][info][gc,phases   ] GC(1864)   Evacuate Collection Set: 26.6ms
[2024-05-30T13:18:31.889+0000][9851.308s][info][gc,phases   ] GC(1864)   Post Evacuate Collection Set: 1.8ms
[2024-05-30T13:18:31.889+0000][9851.308s][info][gc,phases   ] GC(1864)   Other: 0.2ms
[2024-05-30T13:18:31.889+0000][9851.308s][info][gc,heap     ] GC(1864) Eden regions: 799->0(798)
[2024-05-30T13:18:31.889+0000][9851.308s][info][gc,heap     ] GC(1864) Survivor regions: 8->10(101)
[2024-05-30T13:18:31.889+0000][9851.308s][info][gc,heap     ] GC(1864) Old regions: 398->398
[2024-05-30T13:18:31.889+0000][9851.308s][info][gc,heap     ] GC(1864) Archive regions: 2->2
[2024-05-30T13:18:31.889+0000][9851.308s][info][gc,heap     ] GC(1864) Humongous regions: 5->5
[2024-05-30T13:18:31.889+0000][9851.308s][info][gc,metaspace] GC(1864) Metaspace: 432836K(439808K)->432836K(439808K) NonClass: 378924K(382976K)->378924K(382976K) Class: 53911K(56832K)->53911K(56832K)
[2024-05-30T13:18:31.889+0000][9851.308s][info][gc          ] GC(1864) Pause Young (Normal) (G1 Evacuation Pause) 9681M->3302M(12288M) 29.035ms
[2024-05-30T13:18:31.889+0000][9851.308s][info][gc,cpu      ] GC(1864) User=0.17s Sys=0.00s Real=0.03s
[2024-05-30T13:18:40.887+0000][9860.306s][info][gc,start    ] GC(1865) Pause Young (Normal) (G1 Evacuation Pause)
[2024-05-30T13:18:40.887+0000][9860.306s][info][gc,task     ] GC(1865) Using 6 workers of 6 for evacuation
[2024-05-30T13:18:40.922+0000][9860.341s][info][gc,phases   ] GC(1865)   Pre Evacuate Collection Set: 0.2ms
[2024-05-30T13:18:40.922+0000][9860.341s][info][gc,phases   ] GC(1865)   Merge Heap Roots: 0.3ms
[2024-05-30T13:18:40.922+0000][9860.341s][info][gc,phases   ] GC(1865)   Evacuate Collection Set: 32.7ms
[2024-05-30T13:18:40.922+0000][9860.341s][info][gc,phases   ] GC(1865)   Post Evacuate Collection Set: 1.8ms
[2024-05-30T13:18:40.922+0000][9860.341s][info][gc,phases   ] GC(1865)   Other: 0.3ms
[2024-05-30T13:18:40.922+0000][9860.341s][info][gc,heap     ] GC(1865) Eden regions: 798->0(795)
[2024-05-30T13:18:40.922+0000][9860.341s][info][gc,heap     ] GC(1865) Survivor regions: 10->13(101)
[2024-05-30T13:18:40.922+0000][9860.341s][info][gc,heap     ] GC(1865) Old regions: 398->398
[2024-05-30T13:18:40.922+0000][9860.341s][info][gc,heap     ] GC(1865) Archive regions: 2->2
[2024-05-30T13:18:40.922+0000][9860.341s][info][gc,heap     ] GC(1865) Humongous regions: 5->5
[2024-05-30T13:18:40.922+0000][9860.341s][info][gc,metaspace] GC(1865) Metaspace: 432836K(439808K)->432836K(439808K) NonClass: 378924K(382976K)->378924K(382976K) Class: 53911K(56832K)->53911K(56832K)
[2024-05-30T13:18:40.922+0000][9860.341s][info][gc          ] GC(1865) Pause Young (Normal) (G1 Evacuation Pause) 9686M->3323M(12288M) 35.175ms
[2024-05-30T13:18:40.922+0000][9860.341s][info][gc,cpu      ] GC(1865) User=0.20s Sys=0.01s Real=0.04s
[2024-05-30T13:18:49.751+0000][9869.170s][info][gc,start    ] GC(1866) Pause Young (Concurrent Start) (G1 Evacuation Pause)
[2024-05-30T13:18:49.751+0000][9869.171s][info][gc,task     ] GC(1866) Using 6 workers of 6 for evacuation
[2024-05-30T13:18:49.794+0000][9869.214s][info][gc,phases   ] GC(1866)   Pre Evacuate Collection Set: 0.6ms
[2024-05-30T13:18:49.794+0000][9869.214s][info][gc,phases   ] GC(1866)   Merge Heap Roots: 0.3ms
[2024-05-30T13:18:49.794+0000][9869.214s][info][gc,phases   ] GC(1866)   Evacuate Collection Set: 40.3ms
[2024-05-30T13:18:49.794+0000][9869.214s][info][gc,phases   ] GC(1866)   Post Evacuate Collection Set: 1.7ms
[2024-05-30T13:18:49.794+0000][9869.214s][info][gc,phases   ] GC(1866)   Other: 0.3ms
[2024-05-30T13:18:49.794+0000][9869.214s][info][gc,heap     ] GC(1866) Eden regions: 795->0(795)
[2024-05-30T13:18:49.794+0000][9869.214s][info][gc,heap     ] GC(1866) Survivor regions: 13->14(101)
[2024-05-30T13:18:49.794+0000][9869.214s][info][gc,heap     ] GC(1866) Old regions: 398->398
[2024-05-30T13:18:49.794+0000][9869.214s][info][gc,heap     ] GC(1866) Archive regions: 2->2
[2024-05-30T13:18:49.794+0000][9869.214s][info][gc,heap     ] GC(1866) Humongous regions: 5->5
[2024-05-30T13:18:49.794+0000][9869.214s][info][gc,metaspace] GC(1866) Metaspace: 432836K(439808K)->432836K(439808K) NonClass: 378924K(382976K)->378924K(382976K) Class: 53911K(56832K)->53911K(56832K)
[2024-05-30T13:18:49.794+0000][9869.214s][info][gc          ] GC(1866) Pause Young (Concurrent Start) (G1 Evacuation Pause) 9683M->3335M(12288M) 43.161ms
[2024-05-30T13:18:49.794+0000][9869.214s][info][gc,cpu      ] GC(1866) User=0.25s Sys=0.00s Real=0.04s
[2024-05-30T13:18:49.794+0000][9869.214s][info][gc          ] GC(1867) Concurrent Mark Cycle
[2024-05-30T13:18:49.795+0000][9869.214s][info][gc,marking  ] GC(1867) Concurrent Clear Claimed Marks
[2024-05-30T13:18:49.795+0000][9869.214s][info][gc,marking  ] GC(1867) Concurrent Clear Claimed Marks 0.390ms
[2024-05-30T13:18:49.795+0000][9869.214s][info][gc,marking  ] GC(1867) Concurrent Scan Root Regions
[2024-05-30T13:18:49.837+0000][9869.256s][info][gc,marking  ] GC(1867) Concurrent Scan Root Regions 41.580ms
[2024-05-30T13:18:49.837+0000][9869.256s][info][gc,marking  ] GC(1867) Concurrent Mark
[2024-05-30T13:18:49.837+0000][9869.256s][info][gc,marking  ] GC(1867) Concurrent Mark From Roots
[2024-05-30T13:18:49.837+0000][9869.256s][info][gc,task     ] GC(1867) Using 2 workers of 2 for marking
[2024-05-30T13:18:52.417+0000][9871.836s][info][gc,marking  ] GC(1867) Concurrent Mark From Roots 2580.333ms
[2024-05-30T13:18:52.417+0000][9871.836s][info][gc,marking  ] GC(1867) Concurrent Preclean
[2024-05-30T13:18:52.418+0000][9871.838s][info][gc,marking  ] GC(1867) Concurrent Preclean 1.257ms
[2024-05-30T13:18:52.418+0000][9871.838s][info][gc,start    ] GC(1867) Pause Remark
[2024-05-30T13:18:52.442+0000][9871.862s][info][gc          ] GC(1867) Pause Remark 5079M->5079M(12288M) 23.963ms
[2024-05-30T13:18:52.442+0000][9871.862s][info][gc,cpu      ] GC(1867) User=0.10s Sys=0.00s Real=0.02s
[2024-05-30T13:18:52.443+0000][9871.862s][info][gc,marking  ] GC(1867) Concurrent Mark 2605.927ms
[2024-05-30T13:18:52.443+0000][9871.862s][info][gc,marking  ] GC(1867) Concurrent Rebuild Remembered Sets
[2024-05-30T13:18:53.889+0000][9873.308s][info][gc,marking  ] GC(1867) Concurrent Rebuild Remembered Sets 1446.114ms
[2024-05-30T13:18:53.889+0000][9873.308s][info][gc,start    ] GC(1867) Pause Cleanup
[2024-05-30T13:18:53.890+0000][9873.309s][info][gc          ] GC(1867) Pause Cleanup 6111M->6111M(12288M) 0.669ms
[2024-05-30T13:18:53.890+0000][9873.309s][info][gc,cpu      ] GC(1867) User=0.00s Sys=0.00s Real=0.00s
[2024-05-30T13:18:53.890+0000][9873.309s][info][gc,marking  ] GC(1867) Concurrent Cleanup for Next Mark
[2024-05-30T13:18:53.908+0000][9873.328s][info][gc,marking  ] GC(1867) Concurrent Cleanup for Next Mark 18.598ms
[2024-05-30T13:18:53.908+0000][9873.328s][info][gc          ] GC(1867) Concurrent Mark Cycle 4113.855ms
[2024-05-30T13:18:58.929+0000][9878.348s][info][gc,start    ] GC(1868) Pause Young (Prepare Mixed) (G1 Evacuation Pause)
[2024-05-30T13:18:58.929+0000][9878.348s][info][gc,task     ] GC(1868) Using 6 workers of 6 for evacuation
[2024-05-30T13:18:58.975+0000][9878.394s][info][gc,phases   ] GC(1868)   Pre Evacuate Collection Set: 0.2ms
[2024-05-30T13:18:58.975+0000][9878.394s][info][gc,phases   ] GC(1868)   Merge Heap Roots: 0.3ms
[2024-05-30T13:18:58.975+0000][9878.394s][info][gc,phases   ] GC(1868)   Evacuate Collection Set: 43.7ms
[2024-05-30T13:18:58.975+0000][9878.394s][info][gc,phases   ] GC(1868)   Post Evacuate Collection Set: 2.0ms
[2024-05-30T13:18:58.975+0000][9878.394s][info][gc,phases   ] GC(1868)   Other: 0.2ms
[2024-05-30T13:18:58.975+0000][9878.394s][info][gc,heap     ] GC(1868) Eden regions: 795->0(59)
[2024-05-30T13:18:58.975+0000][9878.394s][info][gc,heap     ] GC(1868) Survivor regions: 14->17(102)
[2024-05-30T13:18:58.975+0000][9878.394s][info][gc,heap     ] GC(1868) Old regions: 398->398
[2024-05-30T13:18:58.975+0000][9878.394s][info][gc,heap     ] GC(1868) Archive regions: 2->2
[2024-05-30T13:18:58.975+0000][9878.394s][info][gc,heap     ] GC(1868) Humongous regions: 5->5
[2024-05-30T13:18:58.975+0000][9878.394s][info][gc,metaspace] GC(1868) Metaspace: 432836K(439808K)->432836K(439808K) NonClass: 378924K(382976K)->378924K(382976K) Class: 53911K(56832K)->53911K(56832K)
[2024-05-30T13:18:58.975+0000][9878.394s][info][gc          ] GC(1868) Pause Young (Prepare Mixed) (G1 Evacuation Pause) 9695M->3360M(12288M) 46.480ms
[2024-05-30T13:18:58.975+0000][9878.395s][info][gc,cpu      ] GC(1868) User=0.27s Sys=0.01s Real=0.04s
[2024-05-30T13:18:59.625+0000][9879.044s][info][gc,start    ] GC(1869) Pause Young (Mixed) (G1 Evacuation Pause)
[2024-05-30T13:18:59.625+0000][9879.044s][info][gc,task     ] GC(1869) Using 6 workers of 6 for evacuation
[2024-05-30T13:18:59.707+0000][9879.126s][info][gc,phases   ] GC(1869)   Pre Evacuate Collection Set: 0.2ms
[2024-05-30T13:18:59.707+0000][9879.126s][info][gc,phases   ] GC(1869)   Merge Heap Roots: 0.4ms
[2024-05-30T13:18:59.707+0000][9879.126s][info][gc,phases   ] GC(1869)   Evacuate Collection Set: 80.1ms
[2024-05-30T13:18:59.707+0000][9879.126s][info][gc,phases   ] GC(1869)   Post Evacuate Collection Set: 1.4ms
[2024-05-30T13:18:59.707+0000][9879.126s][info][gc,phases   ] GC(1869)   Other: 0.2ms
[2024-05-30T13:18:59.707+0000][9879.126s][info][gc,heap     ] GC(1869) Eden regions: 59->0(804)
[2024-05-30T13:18:59.707+0000][9879.126s][info][gc,heap     ] GC(1869) Survivor regions: 17->6(10)
[2024-05-30T13:18:59.707+0000][9879.126s][info][gc,heap     ] GC(1869) Old regions: 398->397
[2024-05-30T13:18:59.707+0000][9879.126s][info][gc,heap     ] GC(1869) Archive regions: 2->2
[2024-05-30T13:18:59.707+0000][9879.126s][info][gc,heap     ] GC(1869) Humongous regions: 5->5
[2024-05-30T13:18:59.707+0000][9879.126s][info][gc,metaspace] GC(1869) Metaspace: 432836K(439808K)->432836K(439808K) NonClass: 378924K(382976K)->378924K(382976K) Class: 53911K(56832K)->53911K(56832K)
[2024-05-30T13:18:59.707+0000][9879.126s][info][gc          ] GC(1869) Pause Young (Mixed) (G1 Evacuation Pause) 3832M->3257M(12288M) 82.375ms
[2024-05-30T13:18:59.707+0000][9879.126s][info][gc,cpu      ] GC(1869) User=0.49s Sys=0.00s Real=0.08s
[2024-05-30T13:19:08.748+0000][9888.167s][info][gc,start    ] GC(1870) Pause Young (Normal) (G1 Evacuation Pause)
[2024-05-30T13:19:08.748+0000][9888.167s][info][gc,task     ] GC(1870) Using 6 workers of 6 for evacuation
[2024-05-30T13:19:08.770+0000][9888.189s][info][gc,phases   ] GC(1870)   Pre Evacuate Collection Set: 0.2ms
[2024-05-30T13:19:08.770+0000][9888.189s][info][gc,phases   ] GC(1870)   Merge Heap Roots: 0.2ms
[2024-05-30T13:19:08.770+0000][9888.189s][info][gc,phases   ] GC(1870)   Evacuate Collection Set: 19.4ms
[2024-05-30T13:19:08.770+0000][9888.189s][info][gc,phases   ] GC(1870)   Post Evacuate Collection Set: 1.7ms
[2024-05-30T13:19:08.770+0000][9888.189s][info][gc,phases   ] GC(1870)   Other: 0.3ms
[2024-05-30T13:19:08.770+0000][9888.189s][info][gc,heap     ] GC(1870) Eden regions: 804->0(801)
[2024-05-30T13:19:08.770+0000][9888.189s][info][gc,heap     ] GC(1870) Survivor regions: 6->9(102)
[2024-05-30T13:19:08.770+0000][9888.189s][info][gc,heap     ] GC(1870) Old regions: 397->397
[2024-05-30T13:19:08.770+0000][9888.189s][info][gc,heap     ] GC(1870) Archive regions: 2->2
[2024-05-30T13:19:08.770+0000][9888.189s][info][gc,heap     ] GC(1870) Humongous regions: 5->5
[2024-05-30T13:19:08.770+0000][9888.189s][info][gc,metaspace] GC(1870) Metaspace: 432836K(439808K)->432836K(439808K) NonClass: 378924K(382976K)->378924K(382976K) Class: 53911K(56832K)->53911K(56832K)
[2024-05-30T13:19:08.770+0000][9888.189s][info][gc          ] GC(1870) Pause Young (Normal) (G1 Evacuation Pause) 9689M->3279M(12288M) 21.843ms
[2024-05-30T13:19:08.770+0000][9888.189s][info][gc,cpu      ] GC(1870) User=0.12s Sys=0.00s Real=0.03s
[2024-05-30T13:19:17.822+0000][9897.242s][info][gc,start    ] GC(1871) Pause Young (Normal) (G1 Evacuation Pause)
[2024-05-30T13:19:17.822+0000][9897.242s][info][gc,task     ] GC(1871) Using 6 workers of 6 for evacuation
[2024-05-30T13:19:17.850+0000][9897.269s][info][gc,phases   ] GC(1871)   Pre Evacuate Collection Set: 0.2ms
[2024-05-30T13:19:17.850+0000][9897.269s][info][gc,phases   ] GC(1871)   Merge Heap Roots: 0.2ms
[2024-05-30T13:19:17.850+0000][9897.269s][info][gc,phases   ] GC(1871)   Evacuate Collection Set: 25.2ms
[2024-05-30T13:19:17.850+0000][9897.269s][info][gc,phases   ] GC(1871)   Post Evacuate Collection Set: 1.8ms
[2024-05-30T13:19:17.850+0000][9897.269s][info][gc,phases   ] GC(1871)   Other: 0.2ms
[2024-05-30T13:19:17.850+0000][9897.269s][info][gc,heap     ] GC(1871) Eden regions: 801->0(797)
[2024-05-30T13:19:17.850+0000][9897.269s][info][gc,heap     ] GC(1871) Survivor regions: 9->12(102)
[2024-05-30T13:19:17.850+0000][9897.269s][info][gc,heap     ] GC(1871) Old regions: 397->397
[2024-05-30T13:19:17.850+0000][9897.269s][info][gc,heap     ] GC(1871) Archive regions: 2->2
[2024-05-30T13:19:17.850+0000][9897.269s][info][gc,heap     ] GC(1871) Humongous regions: 5->5
[2024-05-30T13:19:17.850+0000][9897.269s][info][gc,metaspace] GC(1871) Metaspace: 432836K(439808K)->432836K(439808K) NonClass: 378924K(382976K)->378924K(382976K) Class: 53911K(56832K)->53911K(56832K)
[2024-05-30T13:19:17.850+0000][9897.269s][info][gc          ] GC(1871) Pause Young (Normal) (G1 Evacuation Pause) 9687M->3307M(12288M) 27.566ms
[2024-05-30T13:19:17.850+0000][9897.269s][info][gc,cpu      ] GC(1871) User=0.16s Sys=0.00s Real=0.03s
[2024-05-30T13:19:25.166+0000][9904.585s][info][gc,start    ] GC(1872) Pause Young (Concurrent Start) (G1 Evacuation Pause)
[2024-05-30T13:19:25.166+0000][9904.586s][info][gc,task     ] GC(1872) Using 6 workers of 6 for evacuation
[2024-05-30T13:19:25.203+0000][9904.622s][info][gc,phases   ] GC(1872)   Pre Evacuate Collection Set: 0.5ms
[2024-05-30T13:19:25.203+0000][9904.622s][info][gc,phases   ] GC(1872)   Merge Heap Roots: 0.3ms
[2024-05-30T13:19:25.203+0000][9904.622s][info][gc,phases   ] GC(1872)   Evacuate Collection Set: 33.7ms
[2024-05-30T13:19:25.203+0000][9904.622s][info][gc,phases   ] GC(1872)   Post Evacuate Collection Set: 2.1ms
[2024-05-30T13:19:25.203+0000][9904.622s][info][gc,phases   ] GC(1872)   Other: 0.3ms
[2024-05-30T13:19:25.203+0000][9904.622s][info][gc,heap     ] GC(1872) Eden regions: 797->0(798)
[2024-05-30T13:19:25.203+0000][9904.622s][info][gc,heap     ] GC(1872) Survivor regions: 12->11(102)
[2024-05-30T13:19:25.203+0000][9904.622s][info][gc,heap     ] GC(1872) Old regions: 397->397
[2024-05-30T13:19:25.203+0000][9904.622s][info][gc,heap     ] GC(1872) Archive regions: 2->2
[2024-05-30T13:19:25.203+0000][9904.622s][info][gc,heap     ] GC(1872) Humongous regions: 5->5
[2024-05-30T13:19:25.203+0000][9904.622s][info][gc,metaspace] GC(1872) Metaspace: 432836K(439808K)->432836K(439808K) NonClass: 378924K(382976K)->378924K(382976K) Class: 53911K(56832K)->53911K(56832K)
[2024-05-30T13:19:25.203+0000][9904.622s][info][gc          ] GC(1872) Pause Young (Concurrent Start) (G1 Evacuation Pause) 9683M->3301M(12288M) 36.929ms
[2024-05-30T13:19:25.203+0000][9904.622s][info][gc,cpu      ] GC(1872) User=0.22s Sys=0.00s Real=0.04s
[2024-05-30T13:19:25.203+0000][9904.622s][info][gc          ] GC(1873) Concurrent Mark Cycle
[2024-05-30T13:19:25.203+0000][9904.623s][info][gc,marking  ] GC(1873) Concurrent Clear Claimed Marks
[2024-05-30T13:19:25.204+0000][9904.623s][info][gc,marking  ] GC(1873) Concurrent Clear Claimed Marks 0.415ms
[2024-05-30T13:19:25.204+0000][9904.623s][info][gc,marking  ] GC(1873) Concurrent Scan Root Regions
[2024-05-30T13:19:25.231+0000][9904.650s][info][gc,marking  ] GC(1873) Concurrent Scan Root Regions 26.813ms
[2024-05-30T13:19:25.231+0000][9904.650s][info][gc,marking  ] GC(1873) Concurrent Mark
[2024-05-30T13:19:25.231+0000][9904.650s][info][gc,marking  ] GC(1873) Concurrent Mark From Roots
[2024-05-30T13:19:25.231+0000][9904.650s][info][gc,task     ] GC(1873) Using 2 workers of 2 for marking
[2024-05-30T13:19:28.040+0000][9907.460s][info][gc,marking  ] GC(1873) Concurrent Mark From Roots 2809.683ms
[2024-05-30T13:19:28.040+0000][9907.460s][info][gc,marking  ] GC(1873) Concurrent Preclean
[2024-05-30T13:19:28.041+0000][9907.461s][info][gc,marking  ] GC(1873) Concurrent Preclean 1.151ms
[2024-05-30T13:19:28.042+0000][9907.461s][info][gc,start    ] GC(1873) Pause Remark
[2024-05-30T13:19:28.065+0000][9907.485s][info][gc          ] GC(1873) Pause Remark 6757M->6757M(12288M) 23.790ms
[2024-05-30T13:19:28.066+0000][9907.485s][info][gc,cpu      ] GC(1873) User=0.10s Sys=0.00s Real=0.02s
[2024-05-30T13:19:28.066+0000][9907.485s][info][gc,marking  ] GC(1873) Concurrent Mark 2835.083ms
[2024-05-30T13:19:28.066+0000][9907.485s][info][gc,marking  ] GC(1873) Concurrent Rebuild Remembered Sets
[2024-05-30T13:19:29.577+0000][9908.997s][info][gc,marking  ] GC(1873) Concurrent Rebuild Remembered Sets 1511.586ms
[2024-05-30T13:19:29.577+0000][9908.997s][info][gc,start    ] GC(1873) Pause Cleanup
[2024-05-30T13:19:29.578+0000][9908.997s][info][gc          ] GC(1873) Pause Cleanup 7757M->7757M(12288M) 0.702ms
[2024-05-30T13:19:29.578+0000][9908.997s][info][gc,cpu      ] GC(1873) User=0.00s Sys=0.00s Real=0.00s
[2024-05-30T13:19:29.578+0000][9908.998s][info][gc,marking  ] GC(1873) Concurrent Cleanup for Next Mark
[2024-05-30T13:19:29.597+0000][9909.016s][info][gc,marking  ] GC(1873) Concurrent Cleanup for Next Mark 18.229ms
[2024-05-30T13:19:29.597+0000][9909.016s][info][gc          ] GC(1873) Concurrent Mark Cycle 4393.318ms
[2024-05-30T13:19:31.764+0000][9911.183s][info][gc,start    ] GC(1874) Pause Young (Prepare Mixed) (G1 Evacuation Pause)
[2024-05-30T13:19:31.764+0000][9911.183s][info][gc,task     ] GC(1874) Using 6 workers of 6 for evacuation
[2024-05-30T13:19:31.798+0000][9911.217s][info][gc,phases   ] GC(1874)   Pre Evacuate Collection Set: 0.2ms
[2024-05-30T13:19:31.798+0000][9911.217s][info][gc,phases   ] GC(1874)   Merge Heap Roots: 0.4ms
[2024-05-30T13:19:31.798+0000][9911.217s][info][gc,phases   ] GC(1874)   Evacuate Collection Set: 31.2ms
[2024-05-30T13:19:31.798+0000][9911.217s][info][gc,phases   ] GC(1874)   Post Evacuate Collection Set: 2.0ms
[2024-05-30T13:19:31.798+0000][9911.217s][info][gc,phases   ] GC(1874)   Other: 0.2ms
[2024-05-30T13:19:31.798+0000][9911.217s][info][gc,heap     ] GC(1874) Eden regions: 798->0(63)
[2024-05-30T13:19:31.798+0000][9911.217s][info][gc,heap     ] GC(1874) Survivor regions: 11->13(102)
[2024-05-30T13:19:31.798+0000][9911.217s][info][gc,heap     ] GC(1874) Old regions: 397->397
[2024-05-30T13:19:31.798+0000][9911.217s][info][gc,heap     ] GC(1874) Archive regions: 2->2
[2024-05-30T13:19:31.798+0000][9911.217s][info][gc,heap     ] GC(1874) Humongous regions: 5->5
[2024-05-30T13:19:31.798+0000][9911.217s][info][gc,metaspace] GC(1874) Metaspace: 432839K(439808K)->432839K(439808K) NonClass: 378927K(382976K)->378927K(382976K) Class: 53911K(56832K)->53911K(56832K)
[2024-05-30T13:19:31.798+0000][9911.217s][info][gc          ] GC(1874) Pause Young (Prepare Mixed) (G1 Evacuation Pause) 9685M->3314M(12288M) 33.935ms
[2024-05-30T13:19:31.798+0000][9911.217s][info][gc,cpu      ] GC(1874) User=0.19s Sys=0.00s Real=0.04s
[2024-05-30T13:19:32.165+0000][9911.584s][info][gc,start    ] GC(1875) Pause Young (Mixed) (G1 Evacuation Pause)
[2024-05-30T13:19:32.165+0000][9911.584s][info][gc,task     ] GC(1875) Using 6 workers of 6 for evacuation
[2024-05-30T13:19:32.243+0000][9911.662s][info][gc,phases   ] GC(1875)   Pre Evacuate Collection Set: 0.2ms
[2024-05-30T13:19:32.243+0000][9911.662s][info][gc,phases   ] GC(1875)   Merge Heap Roots: 0.4ms
[2024-05-30T13:19:32.243+0000][9911.662s][info][gc,phases   ] GC(1875)   Evacuate Collection Set: 75.8ms
[2024-05-30T13:19:32.243+0000][9911.662s][info][gc,phases   ] GC(1875)   Post Evacuate Collection Set: 1.4ms
[2024-05-30T13:19:32.243+0000][9911.662s][info][gc,phases   ] GC(1875)   Other: 0.2ms
[2024-05-30T13:19:32.243+0000][9911.662s][info][gc,heap     ] GC(1875) Eden regions: 63->0(808)
[2024-05-30T13:19:32.243+0000][9911.662s][info][gc,heap     ] GC(1875) Survivor regions: 13->7(10)
[2024-05-30T13:19:32.243+0000][9911.662s][info][gc,heap     ] GC(1875) Old regions: 397->392
[2024-05-30T13:19:32.243+0000][9911.662s][info][gc,heap     ] GC(1875) Archive regions: 2->2
[2024-05-30T13:19:32.243+0000][9911.662s][info][gc,heap     ] GC(1875) Humongous regions: 5->5
[2024-05-30T13:19:32.243+0000][9911.662s][info][gc,metaspace] GC(1875) Metaspace: 432839K(439808K)->432839K(439808K) NonClass: 378927K(382976K)->378927K(382976K) Class: 53911K(56832K)->53911K(56832K)
[2024-05-30T13:19:32.243+0000][9911.662s][info][gc          ] GC(1875) Pause Young (Mixed) (G1 Evacuation Pause) 3818M->3225M(12288M) 78.117ms
[2024-05-30T13:19:32.243+0000][9911.662s][info][gc,cpu      ] GC(1875) User=0.46s Sys=0.00s Real=0.08s
[2024-05-30T13:19:36.543+0000][9915.962s][info][gc,start    ] GC(1876) Pause Young (Normal) (G1 Evacuation Pause)
[2024-05-30T13:19:36.543+0000][9915.962s][info][gc,task     ] GC(1876) Using 6 workers of 6 for evacuation
[2024-05-30T13:19:36.562+0000][9915.981s][info][gc,phases   ] GC(1876)   Pre Evacuate Collection Set: 0.2ms
[2024-05-30T13:19:36.562+0000][9915.981s][info][gc,phases   ] GC(1876)   Merge Heap Roots: 0.2ms
[2024-05-30T13:19:36.562+0000][9915.981s][info][gc,phases   ] GC(1876)   Evacuate Collection Set: 16.4ms
[2024-05-30T13:19:36.562+0000][9915.981s][info][gc,phases   ] GC(1876)   Post Evacuate Collection Set: 1.8ms
[2024-05-30T13:19:36.562+0000][9915.981s][info][gc,phases   ] GC(1876)   Other: 0.2ms
[2024-05-30T13:19:36.562+0000][9915.981s][info][gc,heap     ] GC(1876) Eden regions: 808->0(810)
[2024-05-30T13:19:36.562+0000][9915.981s][info][gc,heap     ] GC(1876) Survivor regions: 7->7(102)
[2024-05-30T13:19:36.562+0000][9915.981s][info][gc,heap     ] GC(1876) Old regions: 392->392
[2024-05-30T13:19:36.562+0000][9915.981s][info][gc,heap     ] GC(1876) Archive regions: 2->2
[2024-05-30T13:19:36.562+0000][9915.981s][info][gc,heap     ] GC(1876) Humongous regions: 5->5
[2024-05-30T13:19:36.562+0000][9915.981s][info][gc,metaspace] GC(1876) Metaspace: 432842K(439808K)->432842K(439808K) NonClass: 378930K(382976K)->378930K(382976K) Class: 53911K(56832K)->53911K(56832K)
[2024-05-30T13:19:36.562+0000][9915.981s][info][gc          ] GC(1876) Pause Young (Normal) (G1 Evacuation Pause) 9689M->3230M(12288M) 18.852ms
[2024-05-30T13:19:36.562+0000][9915.981s][info][gc,cpu      ] GC(1876) User=0.11s Sys=0.00s Real=0.02s
[2024-05-30T13:19:45.353+0000][9924.773s][info][gc,start    ] GC(1877) Pause Young (Normal) (G1 Evacuation Pause)
[2024-05-30T13:19:45.353+0000][9924.773s][info][gc,task     ] GC(1877) Using 6 workers of 6 for evacuation
[2024-05-30T13:19:45.383+0000][9924.802s][info][gc,phases   ] GC(1877)   Pre Evacuate Collection Set: 0.2ms
[2024-05-30T13:19:45.383+0000][9924.802s][info][gc,phases   ] GC(1877)   Merge Heap Roots: 0.2ms
[2024-05-30T13:19:45.383+0000][9924.802s][info][gc,phases   ] GC(1877)   Evacuate Collection Set: 26.7ms
[2024-05-30T13:19:45.383+0000][9924.802s][info][gc,phases   ] GC(1877)   Post Evacuate Collection Set: 2.0ms
[2024-05-30T13:19:45.383+0000][9924.802s][info][gc,phases   ] GC(1877)   Other: 0.2ms
[2024-05-30T13:19:45.383+0000][9924.802s][info][gc,heap     ] GC(1877) Eden regions: 810->0(805)
[2024-05-30T13:19:45.383+0000][9924.802s][info][gc,heap     ] GC(1877) Survivor regions: 7->11(103)
[2024-05-30T13:19:45.383+0000][9924.802s][info][gc,heap     ] GC(1877) Old regions: 392->392
[2024-05-30T13:19:45.383+0000][9924.802s][info][gc,heap     ] GC(1877) Archive regions: 2->2
[2024-05-30T13:19:45.383+0000][9924.802s][info][gc,heap     ] GC(1877) Humongous regions: 5->5
[2024-05-30T13:19:45.383+0000][9924.802s][info][gc,metaspace] GC(1877) Metaspace: 432842K(439808K)->432842K(439808K) NonClass: 378930K(382976K)->378930K(382976K) Class: 53911K(56832K)->53911K(56832K)
[2024-05-30T13:19:45.383+0000][9924.802s][info][gc          ] GC(1877) Pause Young (Normal) (G1 Evacuation Pause) 9710M->3256M(12288M) 29.267ms
[2024-05-30T13:19:45.383+0000][9924.802s][info][gc,cpu      ] GC(1877) User=0.17s Sys=0.00s Real=0.03s
[2024-05-30T13:19:54.681+0000][9934.101s][info][gc,start    ] GC(1878) Pause Young (Concurrent Start) (G1 Evacuation Pause)
[2024-05-30T13:19:54.681+0000][9934.101s][info][gc,task     ] GC(1878) Using 6 workers of 6 for evacuation
[2024-05-30T13:19:54.722+0000][9934.141s][info][gc,phases   ] GC(1878)   Pre Evacuate Collection Set: 0.5ms
[2024-05-30T13:19:54.722+0000][9934.141s][info][gc,phases   ] GC(1878)   Merge Heap Roots: 0.2ms
[2024-05-30T13:19:54.722+0000][9934.141s][info][gc,phases   ] GC(1878)   Evacuate Collection Set: 37.1ms
[2024-05-30T13:19:54.722+0000][9934.141s][info][gc,phases   ] GC(1878)   Post Evacuate Collection Set: 2.1ms
[2024-05-30T13:19:54.722+0000][9934.141s][info][gc,phases   ] GC(1878)   Other: 0.3ms
[2024-05-30T13:19:54.722+0000][9934.141s][info][gc,heap     ] GC(1878) Eden regions: 805->0(799)
[2024-05-30T13:19:54.722+0000][9934.141s][info][gc,heap     ] GC(1878) Survivor regions: 11->15(102)
[2024-05-30T13:19:54.722+0000][9934.141s][info][gc,heap     ] GC(1878) Old regions: 392->392
[2024-05-30T13:19:54.722+0000][9934.141s][info][gc,heap     ] GC(1878) Archive regions: 2->2
[2024-05-30T13:19:54.722+0000][9934.141s][info][gc,heap     ] GC(1878) Humongous regions: 5->5
[2024-05-30T13:19:54.722+0000][9934.141s][info][gc,metaspace] GC(1878) Metaspace: 432844K(439808K)->432844K(439808K) NonClass: 378932K(382976K)->378932K(382976K) Class: 53911K(56832K)->53911K(56832K)
[2024-05-30T13:19:54.722+0000][9934.141s][info][gc          ] GC(1878) Pause Young (Concurrent Start) (G1 Evacuation Pause) 9696M->3293M(12288M) 40.301ms
[2024-05-30T13:19:54.722+0000][9934.141s][info][gc,cpu      ] GC(1878) User=0.23s Sys=0.00s Real=0.04s
[2024-05-30T13:19:54.722+0000][9934.141s][info][gc          ] GC(1879) Concurrent Mark Cycle
[2024-05-30T13:19:54.722+0000][9934.141s][info][gc,marking  ] GC(1879) Concurrent Clear Claimed Marks
[2024-05-30T13:19:54.722+0000][9934.141s][info][gc,marking  ] GC(1879) Concurrent Clear Claimed Marks 0.391ms
[2024-05-30T13:19:54.722+0000][9934.141s][info][gc,marking  ] GC(1879) Concurrent Scan Root Regions
[2024-05-30T13:19:54.750+0000][9934.170s][info][gc,marking  ] GC(1879) Concurrent Scan Root Regions 28.231ms
[2024-05-30T13:19:54.751+0000][9934.170s][info][gc,marking  ] GC(1879) Concurrent Mark
[2024-05-30T13:19:54.751+0000][9934.170s][info][gc,marking  ] GC(1879) Concurrent Mark From Roots
[2024-05-30T13:19:54.751+0000][9934.170s][info][gc,task     ] GC(1879) Using 2 workers of 2 for marking
[2024-05-30T13:19:57.718+0000][9937.138s][info][gc,marking  ] GC(1879) Concurrent Mark From Roots 2967.841ms
[2024-05-30T13:19:57.718+0000][9937.138s][info][gc,marking  ] GC(1879) Concurrent Preclean
[2024-05-30T13:19:57.720+0000][9937.139s][info][gc,marking  ] GC(1879) Concurrent Preclean 1.192ms
[2024-05-30T13:19:57.720+0000][9937.139s][info][gc,start    ] GC(1879) Pause Remark
[2024-05-30T13:19:57.744+0000][9937.163s][info][gc          ] GC(1879) Pause Remark 5237M->5237M(12288M) 24.290ms
[2024-05-30T13:19:57.744+0000][9937.163s][info][gc,cpu      ] GC(1879) User=0.10s Sys=0.01s Real=0.02s
[2024-05-30T13:19:57.744+0000][9937.164s][info][gc,marking  ] GC(1879) Concurrent Mark 2993.832ms
[2024-05-30T13:19:57.744+0000][9937.164s][info][gc,marking  ] GC(1879) Concurrent Rebuild Remembered Sets
[2024-05-30T13:19:59.212+0000][9938.632s][info][gc,marking  ] GC(1879) Concurrent Rebuild Remembered Sets 1468.105ms
[2024-05-30T13:19:59.213+0000][9938.632s][info][gc,start    ] GC(1879) Pause Cleanup
[2024-05-30T13:19:59.213+0000][9938.632s][info][gc          ] GC(1879) Pause Cleanup 6181M->6181M(12288M) 0.625ms
[2024-05-30T13:19:59.213+0000][9938.633s][info][gc,cpu      ] GC(1879) User=0.00s Sys=0.00s Real=0.00s
[2024-05-30T13:19:59.213+0000][9938.633s][info][gc,marking  ] GC(1879) Concurrent Cleanup for Next Mark
[2024-05-30T13:19:59.231+0000][9938.650s][info][gc,marking  ] GC(1879) Concurrent Cleanup for Next Mark 17.308ms
[2024-05-30T13:19:59.231+0000][9938.650s][info][gc          ] GC(1879) Concurrent Mark Cycle 4508.959ms
[2024-05-30T13:20:02.159+0000][9941.578s][info][gc,start    ] GC(1880) Pause Young (Prepare Mixed) (G1 Evacuation Pause)
[2024-05-30T13:20:02.159+0000][9941.578s][info][gc,task     ] GC(1880) Using 6 workers of 6 for evacuation
[2024-05-30T13:20:02.198+0000][9941.618s][info][gc,phases   ] GC(1880)   Pre Evacuate Collection Set: 0.2ms
[2024-05-30T13:20:02.199+0000][9941.618s][info][gc,phases   ] GC(1880)   Merge Heap Roots: 0.3ms
[2024-05-30T13:20:02.199+0000][9941.618s][info][gc,phases   ] GC(1880)   Evacuate Collection Set: 37.0ms
[2024-05-30T13:20:02.199+0000][9941.618s][info][gc,phases   ] GC(1880)   Post Evacuate Collection Set: 1.9ms
[2024-05-30T13:20:02.199+0000][9941.618s][info][gc,phases   ] GC(1880)   Other: 0.2ms
[2024-05-30T13:20:02.199+0000][9941.618s][info][gc,heap     ] GC(1880) Eden regions: 799->0(62)
[2024-05-30T13:20:02.199+0000][9941.618s][info][gc,heap     ] GC(1880) Survivor regions: 15->14(102)
[2024-05-30T13:20:02.199+0000][9941.618s][info][gc,heap     ] GC(1880) Old regions: 392->392
[2024-05-30T13:20:02.199+0000][9941.618s][info][gc,heap     ] GC(1880) Archive regions: 2->2
[2024-05-30T13:20:02.199+0000][9941.618s][info][gc,heap     ] GC(1880) Humongous regions: 5->5
[2024-05-30T13:20:02.199+0000][9941.618s][info][gc,metaspace] GC(1880) Metaspace: 432845K(439808K)->432845K(439808K) NonClass: 378933K(382976K)->378933K(382976K) Class: 53911K(56832K)->53911K(56832K)
[2024-05-30T13:20:02.199+0000][9941.618s][info][gc          ] GC(1880) Pause Young (Prepare Mixed) (G1 Evacuation Pause) 9685M->3286M(12288M) 39.731ms
[2024-05-30T13:20:02.199+0000][9941.618s][info][gc,cpu      ] GC(1880) User=0.23s Sys=0.00s Real=0.04s
[2024-05-30T13:20:02.517+0000][9941.936s][info][gc,start    ] GC(1881) Pause Young (Mixed) (G1 Evacuation Pause)
[2024-05-30T13:20:02.517+0000][9941.936s][info][gc,task     ] GC(1881) Using 6 workers of 6 for evacuation
[2024-05-30T13:20:02.596+0000][9942.015s][info][gc,phases   ] GC(1881)   Pre Evacuate Collection Set: 0.2ms
[2024-05-30T13:20:02.596+0000][9942.015s][info][gc,phases   ] GC(1881)   Merge Heap Roots: 0.4ms
[2024-05-30T13:20:02.596+0000][9942.015s][info][gc,phases   ] GC(1881)   Evacuate Collection Set: 76.6ms
[2024-05-30T13:20:02.596+0000][9942.015s][info][gc,phases   ] GC(1881)   Post Evacuate Collection Set: 1.3ms
[2024-05-30T13:20:02.596+0000][9942.015s][info][gc,phases   ] GC(1881)   Other: 0.2ms
[2024-05-30T13:20:02.596+0000][9942.015s][info][gc,heap     ] GC(1881) Eden regions: 62->0(809)
[2024-05-30T13:20:02.596+0000][9942.015s][info][gc,heap     ] GC(1881) Survivor regions: 14->5(10)
[2024-05-30T13:20:02.596+0000][9942.015s][info][gc,heap     ] GC(1881) Old regions: 392->393
[2024-05-30T13:20:02.596+0000][9942.015s][info][gc,heap     ] GC(1881) Archive regions: 2->2
[2024-05-30T13:20:02.596+0000][9942.015s][info][gc,heap     ] GC(1881) Humongous regions: 5->5
[2024-05-30T13:20:02.596+0000][9942.015s][info][gc,metaspace] GC(1881) Metaspace: 432845K(439808K)->432845K(439808K) NonClass: 378933K(382976K)->378933K(382976K) Class: 53911K(56832K)->53911K(56832K)
[2024-05-30T13:20:02.596+0000][9942.015s][info][gc          ] GC(1881) Pause Young (Mixed) (G1 Evacuation Pause) 3782M->3220M(12288M) 78.699ms
[2024-05-30T13:20:02.596+0000][9942.015s][info][gc,cpu      ] GC(1881) User=0.46s Sys=0.00s Real=0.07s
[2024-05-30T13:20:07.352+0000][9946.771s][info][gc,start    ] GC(1882) Pause Young (Normal) (G1 Evacuation Pause)
[2024-05-30T13:20:07.352+0000][9946.771s][info][gc,task     ] GC(1882) Using 6 workers of 6 for evacuation
[2024-05-30T13:20:07.372+0000][9946.791s][info][gc,phases   ] GC(1882)   Pre Evacuate Collection Set: 0.2ms
[2024-05-30T13:20:07.372+0000][9946.791s][info][gc,phases   ] GC(1882)   Merge Heap Roots: 0.3ms
[2024-05-30T13:20:07.372+0000][9946.791s][info][gc,phases   ] GC(1882)   Evacuate Collection Set: 17.3ms
[2024-05-30T13:20:07.372+0000][9946.791s][info][gc,phases   ] GC(1882)   Post Evacuate Collection Set: 1.9ms
[2024-05-30T13:20:07.372+0000][9946.791s][info][gc,phases   ] GC(1882)   Other: 0.2ms
[2024-05-30T13:20:07.372+0000][9946.791s][info][gc,heap     ] GC(1882) Eden regions: 809->0(809)
[2024-05-30T13:20:07.372+0000][9946.791s][info][gc,heap     ] GC(1882) Survivor regions: 5->6(102)
[2024-05-30T13:20:07.372+0000][9946.791s][info][gc,heap     ] GC(1882) Old regions: 393->393
[2024-05-30T13:20:07.372+0000][9946.791s][info][gc,heap     ] GC(1882) Archive regions: 2->2
[2024-05-30T13:20:07.372+0000][9946.791s][info][gc,heap     ] GC(1882) Humongous regions: 5->5
[2024-05-30T13:20:07.372+0000][9946.791s][info][gc,metaspace] GC(1882) Metaspace: 432845K(439808K)->432845K(439808K) NonClass: 378933K(382976K)->378933K(382976K) Class: 53911K(56832K)->53911K(56832K)
[2024-05-30T13:20:07.372+0000][9946.791s][info][gc          ] GC(1882) Pause Young (Normal) (G1 Evacuation Pause) 9692M->3232M(12288M) 19.954ms
[2024-05-30T13:20:07.372+0000][9946.791s][info][gc,cpu      ] GC(1882) User=0.11s Sys=0.01s Real=0.02s
[2024-05-30T13:20:11.329+0000][9950.748s][info][gc,start    ] GC(1883) Pause Young (Normal) (G1 Evacuation Pause)
[2024-05-30T13:20:11.329+0000][9950.748s][info][gc,task     ] GC(1883) Using 6 workers of 6 for evacuation
[2024-05-30T13:20:11.351+0000][9950.770s][info][gc,phases   ] GC(1883)   Pre Evacuate Collection Set: 0.2ms
[2024-05-30T13:20:11.351+0000][9950.770s][info][gc,phases   ] GC(1883)   Merge Heap Roots: 0.2ms
[2024-05-30T13:20:11.351+0000][9950.770s][info][gc,phases   ] GC(1883)   Evacuate Collection Set: 19.2ms
[2024-05-30T13:20:11.351+0000][9950.770s][info][gc,phases   ] GC(1883)   Post Evacuate Collection Set: 1.9ms
[2024-05-30T13:20:11.351+0000][9950.770s][info][gc,phases   ] GC(1883)   Other: 0.3ms
[2024-05-30T13:20:11.351+0000][9950.770s][info][gc,heap     ] GC(1883) Eden regions: 809->0(808)
[2024-05-30T13:20:11.351+0000][9950.770s][info][gc,heap     ] GC(1883) Survivor regions: 6->8(102)
[2024-05-30T13:20:11.351+0000][9950.770s][info][gc,heap     ] GC(1883) Old regions: 393->393
[2024-05-30T13:20:11.351+0000][9950.770s][info][gc,heap     ] GC(1883) Archive regions: 2->2
[2024-05-30T13:20:11.351+0000][9950.770s][info][gc,heap     ] GC(1883) Humongous regions: 5->5
[2024-05-30T13:20:11.351+0000][9950.770s][info][gc,metaspace] GC(1883) Metaspace: 432845K(439808K)->432845K(439808K) NonClass: 378933K(382976K)->378933K(382976K) Class: 53911K(56832K)->53911K(56832K)
[2024-05-30T13:20:11.351+0000][9950.770s][info][gc          ] GC(1883) Pause Young (Normal) (G1 Evacuation Pause) 9704M->3243M(12288M) 21.852ms
[2024-05-30T13:20:11.351+0000][9950.770s][info][gc,cpu      ] GC(1883) User=0.12s Sys=0.00s Real=0.02s
[2024-05-30T13:20:14.982+0000][9954.401s][info][gc,start    ] GC(1884) Pause Young (Concurrent Start) (G1 Evacuation Pause)
[2024-05-30T13:20:14.982+0000][9954.401s][info][gc,task     ] GC(1884) Using 6 workers of 6 for evacuation
[2024-05-30T13:20:15.007+0000][9954.426s][info][gc,phases   ] GC(1884)   Pre Evacuate Collection Set: 0.6ms
[2024-05-30T13:20:15.007+0000][9954.426s][info][gc,phases   ] GC(1884)   Merge Heap Roots: 0.2ms
[2024-05-30T13:20:15.007+0000][9954.426s][info][gc,phases   ] GC(1884)   Evacuate Collection Set: 22.4ms
[2024-05-30T13:20:15.007+0000][9954.426s][info][gc,phases   ] GC(1884)   Post Evacuate Collection Set: 2.0ms
[2024-05-30T13:20:15.007+0000][9954.426s][info][gc,phases   ] GC(1884)   Other: 0.3ms
[2024-05-30T13:20:15.007+0000][9954.426s][info][gc,heap     ] GC(1884) Eden regions: 808->0(808)
[2024-05-30T13:20:15.007+0000][9954.426s][info][gc,heap     ] GC(1884) Survivor regions: 8->9(102)
[2024-05-30T13:20:15.007+0000][9954.426s][info][gc,heap     ] GC(1884) Old regions: 393->393
[2024-05-30T13:20:15.007+0000][9954.426s][info][gc,heap     ] GC(1884) Archive regions: 2->2
[2024-05-30T13:20:15.007+0000][9954.426s][info][gc,heap     ] GC(1884) Humongous regions: 5->5
[2024-05-30T13:20:15.007+0000][9954.426s][info][gc,metaspace] GC(1884) Metaspace: 432845K(439808K)->432845K(439808K) NonClass: 378933K(382976K)->378933K(382976K) Class: 53911K(56832K)->53911K(56832K)
[2024-05-30T13:20:15.007+0000][9954.426s][info][gc          ] GC(1884) Pause Young (Concurrent Start) (G1 Evacuation Pause) 9707M->3253M(12288M) 25.458ms
[2024-05-30T13:20:15.007+0000][9954.426s][info][gc,cpu      ] GC(1884) User=0.15s Sys=0.00s Real=0.02s
[2024-05-30T13:20:15.007+0000][9954.426s][info][gc          ] GC(1885) Concurrent Mark Cycle
[2024-05-30T13:20:15.007+0000][9954.426s][info][gc,marking  ] GC(1885) Concurrent Clear Claimed Marks
[2024-05-30T13:20:15.008+0000][9954.427s][info][gc,marking  ] GC(1885) Concurrent Clear Claimed Marks 0.392ms
[2024-05-30T13:20:15.008+0000][9954.427s][info][gc,marking  ] GC(1885) Concurrent Scan Root Regions
[2024-05-30T13:20:15.037+0000][9954.456s][info][gc,marking  ] GC(1885) Concurrent Scan Root Regions 29.433ms
[2024-05-30T13:20:15.037+0000][9954.456s][info][gc,marking  ] GC(1885) Concurrent Mark
[2024-05-30T13:20:15.037+0000][9954.456s][info][gc,marking  ] GC(1885) Concurrent Mark From Roots
[2024-05-30T13:20:15.037+0000][9954.456s][info][gc,task     ] GC(1885) Using 2 workers of 2 for marking
[2024-05-30T13:20:17.987+0000][9957.406s][info][gc,marking  ] GC(1885) Concurrent Mark From Roots 2949.408ms
[2024-05-30T13:20:17.987+0000][9957.406s][info][gc,marking  ] GC(1885) Concurrent Preclean
[2024-05-30T13:20:17.988+0000][9957.407s][info][gc,marking  ] GC(1885) Concurrent Preclean 1.248ms
[2024-05-30T13:20:17.988+0000][9957.407s][info][gc,start    ] GC(1885) Pause Remark
[2024-05-30T13:20:18.012+0000][9957.431s][info][gc          ] GC(1885) Pause Remark 7421M->7421M(12288M) 23.746ms
[2024-05-30T13:20:18.012+0000][9957.431s][info][gc,cpu      ] GC(1885) User=0.10s Sys=0.00s Real=0.03s
[2024-05-30T13:20:18.012+0000][9957.431s][info][gc,marking  ] GC(1885) Concurrent Mark 2974.911ms
[2024-05-30T13:20:18.012+0000][9957.431s][info][gc,marking  ] GC(1885) Concurrent Rebuild Remembered Sets
[2024-05-30T13:20:19.519+0000][9958.938s][info][gc,marking  ] GC(1885) Concurrent Rebuild Remembered Sets 1506.786ms
[2024-05-30T13:20:19.519+0000][9958.938s][info][gc,start    ] GC(1885) Pause Cleanup
[2024-05-30T13:20:19.520+0000][9958.939s][info][gc          ] GC(1885) Pause Cleanup 8473M->8473M(12288M) 0.624ms
[2024-05-30T13:20:19.520+0000][9958.939s][info][gc,cpu      ] GC(1885) User=0.00s Sys=0.00s Real=0.00s
[2024-05-30T13:20:19.520+0000][9958.939s][info][gc,marking  ] GC(1885) Concurrent Cleanup for Next Mark
[2024-05-30T13:20:19.549+0000][9958.969s][info][gc,marking  ] GC(1885) Concurrent Cleanup for Next Mark 29.592ms
[2024-05-30T13:20:19.549+0000][9958.969s][info][gc          ] GC(1885) Concurrent Mark Cycle 4542.231ms
[2024-05-30T13:20:21.288+0000][9960.707s][info][gc,start    ] GC(1886) Pause Young (Prepare Mixed) (G1 Evacuation Pause)
[2024-05-30T13:20:21.288+0000][9960.707s][info][gc,task     ] GC(1886) Using 6 workers of 6 for evacuation
[2024-05-30T13:20:21.315+0000][9960.734s][info][gc,phases   ] GC(1886)   Pre Evacuate Collection Set: 0.2ms
[2024-05-30T13:20:21.315+0000][9960.734s][info][gc,phases   ] GC(1886)   Merge Heap Roots: 0.3ms
[2024-05-30T13:20:21.315+0000][9960.734s][info][gc,phases   ] GC(1886)   Evacuate Collection Set: 24.0ms
[2024-05-30T13:20:21.315+0000][9960.734s][info][gc,phases   ] GC(1886)   Post Evacuate Collection Set: 1.8ms
[2024-05-30T13:20:21.315+0000][9960.734s][info][gc,phases   ] GC(1886)   Other: 0.2ms
[2024-05-30T13:20:21.315+0000][9960.734s][info][gc,heap     ] GC(1886) Eden regions: 808->0(64)
[2024-05-30T13:20:21.315+0000][9960.734s][info][gc,heap     ] GC(1886) Survivor regions: 9->12(103)
[2024-05-30T13:20:21.315+0000][9960.734s][info][gc,heap     ] GC(1886) Old regions: 393->393
[2024-05-30T13:20:21.315+0000][9960.734s][info][gc,heap     ] GC(1886) Archive regions: 2->2
[2024-05-30T13:20:21.315+0000][9960.734s][info][gc,heap     ] GC(1886) Humongous regions: 5->5
[2024-05-30T13:20:21.315+0000][9960.734s][info][gc,metaspace] GC(1886) Metaspace: 432845K(439808K)->432845K(439808K) NonClass: 378933K(382976K)->378933K(382976K) Class: 53911K(56832K)->53911K(56832K)
[2024-05-30T13:20:21.315+0000][9960.734s][info][gc          ] GC(1886) Pause Young (Prepare Mixed) (G1 Evacuation Pause) 9717M->3278M(12288M) 26.615ms
[2024-05-30T13:20:21.315+0000][9960.734s][info][gc,cpu      ] GC(1886) User=0.16s Sys=0.00s Real=0.03s
[2024-05-30T13:20:22.034+0000][9961.453s][info][gc,start    ] GC(1887) Pause Young (Mixed) (G1 Evacuation Pause)
[2024-05-30T13:20:22.034+0000][9961.453s][info][gc,task     ] GC(1887) Using 6 workers of 6 for evacuation
[2024-05-30T13:20:22.110+0000][9961.529s][info][gc,phases   ] GC(1887)   Pre Evacuate Collection Set: 0.2ms
[2024-05-30T13:20:22.110+0000][9961.529s][info][gc,phases   ] GC(1887)   Merge Heap Roots: 0.4ms
[2024-05-30T13:20:22.110+0000][9961.529s][info][gc,phases   ] GC(1887)   Evacuate Collection Set: 73.4ms
[2024-05-30T13:20:22.110+0000][9961.529s][info][gc,phases   ] GC(1887)   Post Evacuate Collection Set: 1.6ms
[2024-05-30T13:20:22.110+0000][9961.529s][info][gc,phases   ] GC(1887)   Other: 0.2ms
[2024-05-30T13:20:22.110+0000][9961.529s][info][gc,heap     ] GC(1887) Eden regions: 64->0(808)
[2024-05-30T13:20:22.110+0000][9961.529s][info][gc,heap     ] GC(1887) Survivor regions: 12->6(10)
[2024-05-30T13:20:22.110+0000][9961.529s][info][gc,heap     ] GC(1887) Old regions: 393->394
[2024-05-30T13:20:22.110+0000][9961.529s][info][gc,heap     ] GC(1887) Archive regions: 2->2
[2024-05-30T13:20:22.110+0000][9961.529s][info][gc,heap     ] GC(1887) Humongous regions: 5->5
[2024-05-30T13:20:22.110+0000][9961.529s][info][gc,metaspace] GC(1887) Metaspace: 432845K(439808K)->432845K(439808K) NonClass: 378933K(382976K)->378933K(382976K) Class: 53911K(56832K)->53911K(56832K)
[2024-05-30T13:20:22.110+0000][9961.529s][info][gc          ] GC(1887) Pause Young (Mixed) (G1 Evacuation Pause) 3790M->3234M(12288M) 75.823ms
[2024-05-30T13:20:22.110+0000][9961.529s][info][gc,cpu      ] GC(1887) User=0.45s Sys=0.08s Real=0.08s
[2024-05-30T13:20:30.615+0000][9970.034s][info][gc,start    ] GC(1888) Pause Young (Normal) (G1 Evacuation Pause)
[2024-05-30T13:20:30.615+0000][9970.034s][info][gc,task     ] GC(1888) Using 6 workers of 6 for evacuation
[2024-05-30T13:20:30.632+0000][9970.051s][info][gc,phases   ] GC(1888)   Pre Evacuate Collection Set: 0.2ms
[2024-05-30T13:20:30.632+0000][9970.051s][info][gc,phases   ] GC(1888)   Merge Heap Roots: 0.2ms
[2024-05-30T13:20:30.632+0000][9970.051s][info][gc,phases   ] GC(1888)   Evacuate Collection Set: 14.4ms
[2024-05-30T13:20:30.632+0000][9970.051s][info][gc,phases   ] GC(1888)   Post Evacuate Collection Set: 1.8ms
[2024-05-30T13:20:30.632+0000][9970.051s][info][gc,phases   ] GC(1888)   Other: 0.2ms
[2024-05-30T13:20:30.632+0000][9970.051s][info][gc,heap     ] GC(1888) Eden regions: 808->0(808)
[2024-05-30T13:20:30.632+0000][9970.051s][info][gc,heap     ] GC(1888) Survivor regions: 6->7(102)
[2024-05-30T13:20:30.632+0000][9970.051s][info][gc,heap     ] GC(1888) Old regions: 394->394
[2024-05-30T13:20:30.632+0000][9970.051s][info][gc,heap     ] GC(1888) Archive regions: 2->2
[2024-05-30T13:20:30.632+0000][9970.051s][info][gc,heap     ] GC(1888) Humongous regions: 5->5
[2024-05-30T13:20:30.632+0000][9970.051s][info][gc,metaspace] GC(1888) Metaspace: 432846K(439808K)->432846K(439808K) NonClass: 378934K(382976K)->378934K(382976K) Class: 53911K(56832K)->53911K(56832K)
[2024-05-30T13:20:30.632+0000][9970.051s][info][gc          ] GC(1888) Pause Young (Normal) (G1 Evacuation Pause) 9698M->3238M(12288M) 16.875ms
[2024-05-30T13:20:30.632+0000][9970.051s][info][gc,cpu      ] GC(1888) User=0.10s Sys=0.00s Real=0.02s
[2024-05-30T13:20:39.536+0000][9978.955s][info][gc,start    ] GC(1889) Pause Young (Normal) (G1 Evacuation Pause)
[2024-05-30T13:20:39.536+0000][9978.955s][info][gc,task     ] GC(1889) Using 6 workers of 6 for evacuation
[2024-05-30T13:20:39.558+0000][9978.977s][info][gc,phases   ] GC(1889)   Pre Evacuate Collection Set: 0.2ms
[2024-05-30T13:20:39.558+0000][9978.977s][info][gc,phases   ] GC(1889)   Merge Heap Roots: 0.2ms
[2024-05-30T13:20:39.558+0000][9978.977s][info][gc,phases   ] GC(1889)   Evacuate Collection Set: 20.1ms
[2024-05-30T13:20:39.558+0000][9978.977s][info][gc,phases   ] GC(1889)   Post Evacuate Collection Set: 1.7ms
[2024-05-30T13:20:39.558+0000][9978.977s][info][gc,phases   ] GC(1889)   Other: 0.2ms
[2024-05-30T13:20:39.558+0000][9978.977s][info][gc,heap     ] GC(1889) Eden regions: 808->0(804)
[2024-05-30T13:20:39.558+0000][9978.977s][info][gc,heap     ] GC(1889) Survivor regions: 7->10(102)
[2024-05-30T13:20:39.558+0000][9978.977s][info][gc,heap     ] GC(1889) Old regions: 394->394
[2024-05-30T13:20:39.558+0000][9978.977s][info][gc,heap     ] GC(1889) Archive regions: 2->2
[2024-05-30T13:20:39.558+0000][9978.977s][info][gc,heap     ] GC(1889) Humongous regions: 5->5
[2024-05-30T13:20:39.558+0000][9978.977s][info][gc,metaspace] GC(1889) Metaspace: 432847K(439808K)->432847K(439808K) NonClass: 378935K(382976K)->378935K(382976K) Class: 53911K(56832K)->53911K(56832K)
[2024-05-30T13:20:39.558+0000][9978.977s][info][gc          ] GC(1889) Pause Young (Normal) (G1 Evacuation Pause) 9702M->3265M(12288M) 22.562ms
[2024-05-30T13:20:39.558+0000][9978.978s][info][gc,cpu      ] GC(1889) User=0.12s Sys=0.00s Real=0.03s
[2024-05-30T13:20:48.491+0000][9987.910s][info][gc,start    ] GC(1890) Pause Young (Concurrent Start) (G1 Evacuation Pause)
[2024-05-30T13:20:48.491+0000][9987.910s][info][gc,task     ] GC(1890) Using 6 workers of 6 for evacuation
[2024-05-30T13:20:48.520+0000][9987.939s][info][gc,phases   ] GC(1890)   Pre Evacuate Collection Set: 0.5ms
[2024-05-30T13:20:48.520+0000][9987.940s][info][gc,phases   ] GC(1890)   Merge Heap Roots: 0.2ms
[2024-05-30T13:20:48.520+0000][9987.940s][info][gc,phases   ] GC(1890)   Evacuate Collection Set: 26.7ms
[2024-05-30T13:20:48.520+0000][9987.940s][info][gc,phases   ] GC(1890)   Post Evacuate Collection Set: 1.7ms
[2024-05-30T13:20:48.520+0000][9987.940s][info][gc,phases   ] GC(1890)   Other: 0.3ms
[2024-05-30T13:20:48.520+0000][9987.940s][info][gc,heap     ] GC(1890) Eden regions: 804->0(801)
[2024-05-30T13:20:48.520+0000][9987.940s][info][gc,heap     ] GC(1890) Survivor regions: 10->13(102)
[2024-05-30T13:20:48.520+0000][9987.940s][info][gc,heap     ] GC(1890) Old regions: 394->394
[2024-05-30T13:20:48.520+0000][9987.940s][info][gc,heap     ] GC(1890) Archive regions: 2->2
[2024-05-30T13:20:48.520+0000][9987.940s][info][gc,heap     ] GC(1890) Humongous regions: 5->5
[2024-05-30T13:20:48.520+0000][9987.940s][info][gc,metaspace] GC(1890) Metaspace: 432847K(439808K)->432847K(439808K) NonClass: 378935K(382976K)->378935K(382976K) Class: 53911K(56832K)->53911K(56832K)
[2024-05-30T13:20:48.520+0000][9987.940s][info][gc          ] GC(1890) Pause Young (Concurrent Start) (G1 Evacuation Pause) 9697M->3292M(12288M) 29.519ms
[2024-05-30T13:20:48.520+0000][9987.940s][info][gc,cpu      ] GC(1890) User=0.17s Sys=0.00s Real=0.03s
[2024-05-30T13:20:48.520+0000][9987.940s][info][gc          ] GC(1891) Concurrent Mark Cycle
[2024-05-30T13:20:48.520+0000][9987.940s][info][gc,marking  ] GC(1891) Concurrent Clear Claimed Marks
[2024-05-30T13:20:48.521+0000][9987.940s][info][gc,marking  ] GC(1891) Concurrent Clear Claimed Marks 0.398ms
[2024-05-30T13:20:48.521+0000][9987.940s][info][gc,marking  ] GC(1891) Concurrent Scan Root Regions
[2024-05-30T13:20:48.546+0000][9987.965s][info][gc,marking  ] GC(1891) Concurrent Scan Root Regions 24.893ms
[2024-05-30T13:20:48.546+0000][9987.965s][info][gc,marking  ] GC(1891) Concurrent Mark
[2024-05-30T13:20:48.546+0000][9987.965s][info][gc,marking  ] GC(1891) Concurrent Mark From Roots
[2024-05-30T13:20:48.546+0000][9987.965s][info][gc,task     ] GC(1891) Using 2 workers of 2 for marking
[2024-05-30T13:20:51.330+0000][9990.749s][info][gc,marking  ] GC(1891) Concurrent Mark From Roots 2783.691ms
[2024-05-30T13:20:51.330+0000][9990.749s][info][gc,marking  ] GC(1891) Concurrent Preclean
[2024-05-30T13:20:51.331+0000][9990.750s][info][gc,marking  ] GC(1891) Concurrent Preclean 0.986ms
[2024-05-30T13:20:51.331+0000][9990.750s][info][gc,start    ] GC(1891) Pause Remark
[2024-05-30T13:20:51.355+0000][9990.774s][info][gc          ] GC(1891) Pause Remark 5156M->5156M(12288M) 24.008ms
[2024-05-30T13:20:51.355+0000][9990.774s][info][gc,cpu      ] GC(1891) User=0.10s Sys=0.00s Real=0.02s
[2024-05-30T13:20:51.355+0000][9990.774s][info][gc,marking  ] GC(1891) Concurrent Mark 2809.244ms
[2024-05-30T13:20:51.355+0000][9990.774s][info][gc,marking  ] GC(1891) Concurrent Rebuild Remembered Sets
[2024-05-30T13:20:52.829+0000][9992.248s][info][gc,marking  ] GC(1891) Concurrent Rebuild Remembered Sets 1473.834ms
[2024-05-30T13:20:52.829+0000][9992.248s][info][gc,start    ] GC(1891) Pause Cleanup
[2024-05-30T13:20:52.830+0000][9992.249s][info][gc          ] GC(1891) Pause Cleanup 6172M->6172M(12288M) 0.636ms
[2024-05-30T13:20:52.830+0000][9992.249s][info][gc,cpu      ] GC(1891) User=0.00s Sys=0.01s Real=0.00s
[2024-05-30T13:20:52.830+0000][9992.249s][info][gc,marking  ] GC(1891) Concurrent Cleanup for Next Mark
[2024-05-30T13:20:52.848+0000][9992.267s][info][gc,marking  ] GC(1891) Concurrent Cleanup for Next Mark 17.961ms
[2024-05-30T13:20:52.848+0000][9992.267s][info][gc          ] GC(1891) Concurrent Mark Cycle 4327.352ms
[2024-05-30T13:20:57.742+0000][9997.161s][info][gc,start    ] GC(1892) Pause Young (Prepare Mixed) (G1 Evacuation Pause)
[2024-05-30T13:20:57.742+0000][9997.161s][info][gc,task     ] GC(1892) Using 6 workers of 6 for evacuation
[2024-05-30T13:20:57.779+0000][9997.199s][info][gc,phases   ] GC(1892)   Pre Evacuate Collection Set: 0.2ms
[2024-05-30T13:20:57.779+0000][9997.199s][info][gc,phases   ] GC(1892)   Merge Heap Roots: 0.3ms
[2024-05-30T13:20:57.779+0000][9997.199s][info][gc,phases   ] GC(1892)   Evacuate Collection Set: 34.9ms
[2024-05-30T13:20:57.779+0000][9997.199s][info][gc,phases   ] GC(1892)   Post Evacuate Collection Set: 1.9ms
[2024-05-30T13:20:57.779+0000][9997.199s][info][gc,phases   ] GC(1892)   Other: 0.2ms
[2024-05-30T13:20:57.779+0000][9997.199s][info][gc,heap     ] GC(1892) Eden regions: 801->0(59)
[2024-05-30T13:20:57.779+0000][9997.199s][info][gc,heap     ] GC(1892) Survivor regions: 13->17(102)
[2024-05-30T13:20:57.779+0000][9997.199s][info][gc,heap     ] GC(1892) Old regions: 393->393
[2024-05-30T13:20:57.780+0000][9997.199s][info][gc,heap     ] GC(1892) Archive regions: 2->2
[2024-05-30T13:20:57.780+0000][9997.199s][info][gc,heap     ] GC(1892) Humongous regions: 5->5
[2024-05-30T13:20:57.780+0000][9997.199s][info][gc,metaspace] GC(1892) Metaspace: 432847K(439808K)->432847K(439808K) NonClass: 378935K(382976K)->378935K(382976K) Class: 53911K(56832K)->53911K(56832K)
[2024-05-30T13:20:57.780+0000][9997.199s][info][gc          ] GC(1892) Pause Young (Prepare Mixed) (G1 Evacuation Pause) 9700M->3322M(12288M) 37.544ms
[2024-05-30T13:20:57.780+0000][9997.199s][info][gc,cpu      ] GC(1892) User=0.22s Sys=0.00s Real=0.04s
[2024-05-30T13:20:58.256+0000][9997.675s][info][gc,start    ] GC(1893) Pause Young (Mixed) (G1 Evacuation Pause)
[2024-05-30T13:20:58.256+0000][9997.675s][info][gc,task     ] GC(1893) Using 6 workers of 6 for evacuation
[2024-05-30T13:20:58.327+0000][9997.747s][info][gc,phases   ] GC(1893)   Pre Evacuate Collection Set: 0.2ms
[2024-05-30T13:20:58.327+0000][9997.747s][info][gc,phases   ] GC(1893)   Merge Heap Roots: 0.4ms
[2024-05-30T13:20:58.327+0000][9997.747s][info][gc,phases   ] GC(1893)   Evacuate Collection Set: 69.2ms
[2024-05-30T13:20:58.327+0000][9997.747s][info][gc,phases   ] GC(1893)   Post Evacuate Collection Set: 1.3ms
[2024-05-30T13:20:58.327+0000][9997.747s][info][gc,phases   ] GC(1893)   Other: 0.2ms
[2024-05-30T13:20:58.327+0000][9997.747s][info][gc,heap     ] GC(1893) Eden regions: 59->0(808)
[2024-05-30T13:20:58.327+0000][9997.747s][info][gc,heap     ] GC(1893) Survivor regions: 17->5(10)
[2024-05-30T13:20:58.327+0000][9997.747s][info][gc,heap     ] GC(1893) Old regions: 393->395
[2024-05-30T13:20:58.327+0000][9997.747s][info][gc,heap     ] GC(1893) Archive regions: 2->2
[2024-05-30T13:20:58.327+0000][9997.747s][info][gc,heap     ] GC(1893) Humongous regions: 5->5
[2024-05-30T13:20:58.327+0000][9997.747s][info][gc,metaspace] GC(1893) Metaspace: 432847K(439808K)->432847K(439808K) NonClass: 378935K(382976K)->378935K(382976K) Class: 53911K(56832K)->53911K(56832K)
[2024-05-30T13:20:58.327+0000][9997.747s][info][gc          ] GC(1893) Pause Young (Mixed) (G1 Evacuation Pause) 3794M->3242M(12288M) 71.309ms
[2024-05-30T13:20:58.328+0000][9997.747s][info][gc,cpu      ] GC(1893) User=0.43s Sys=0.00s Real=0.07s
[2024-05-30T13:21:07.006+0000][10006.425s][info][gc,start    ] GC(1894) Pause Young (Normal) (G1 Evacuation Pause)
[2024-05-30T13:21:07.006+0000][10006.425s][info][gc,task     ] GC(1894) Using 6 workers of 6 for evacuation
[2024-05-30T13:21:07.027+0000][10006.446s][info][gc,phases   ] GC(1894)   Pre Evacuate Collection Set: 0.2ms
[2024-05-30T13:21:07.027+0000][10006.446s][info][gc,phases   ] GC(1894)   Merge Heap Roots: 0.3ms
[2024-05-30T13:21:07.027+0000][10006.446s][info][gc,phases   ] GC(1894)   Evacuate Collection Set: 18.6ms
[2024-05-30T13:21:07.027+0000][10006.446s][info][gc,phases   ] GC(1894)   Post Evacuate Collection Set: 1.7ms
[2024-05-30T13:21:07.027+0000][10006.446s][info][gc,phases   ] GC(1894)   Other: 0.2ms
[2024-05-30T13:21:07.027+0000][10006.446s][info][gc,heap     ] GC(1894) Eden regions: 808->0(806)
[2024-05-30T13:21:07.027+0000][10006.446s][info][gc,heap     ] GC(1894) Survivor regions: 5->7(102)
[2024-05-30T13:21:07.027+0000][10006.446s][info][gc,heap     ] GC(1894) Old regions: 395->395
[2024-05-30T13:21:07.027+0000][10006.446s][info][gc,heap     ] GC(1894) Archive regions: 2->2
[2024-05-30T13:21:07.027+0000][10006.446s][info][gc,heap     ] GC(1894) Humongous regions: 5->5
[2024-05-30T13:21:07.027+0000][10006.446s][info][gc,metaspace] GC(1894) Metaspace: 432848K(439808K)->432848K(439808K) NonClass: 378936K(382976K)->378936K(382976K) Class: 53911K(56832K)->53911K(56832K)
[2024-05-30T13:21:07.027+0000][10006.446s][info][gc          ] GC(1894) Pause Young (Normal) (G1 Evacuation Pause) 9706M->3256M(12288M) 20.995ms
[2024-05-30T13:21:07.027+0000][10006.446s][info][gc,cpu      ] GC(1894) User=0.12s Sys=0.00s Real=0.02s
[2024-05-30T13:21:16.067+0000][10015.486s][info][gc,start    ] GC(1895) Pause Young (Normal) (G1 Evacuation Pause)
[2024-05-30T13:21:16.067+0000][10015.486s][info][gc,task     ] GC(1895) Using 6 workers of 6 for evacuation
[2024-05-30T13:21:16.092+0000][10015.511s][info][gc,phases   ] GC(1895)   Pre Evacuate Collection Set: 0.2ms
[2024-05-30T13:21:16.092+0000][10015.511s][info][gc,phases   ] GC(1895)   Merge Heap Roots: 0.2ms
[2024-05-30T13:21:16.092+0000][10015.511s][info][gc,phases   ] GC(1895)   Evacuate Collection Set: 22.9ms
[2024-05-30T13:21:16.092+0000][10015.511s][info][gc,phases   ] GC(1895)   Post Evacuate Collection Set: 1.7ms
[2024-05-30T13:21:16.092+0000][10015.511s][info][gc,phases   ] GC(1895)   Other: 0.2ms
[2024-05-30T13:21:16.092+0000][10015.511s][info][gc,heap     ] GC(1895) Eden regions: 806->0(803)
[2024-05-30T13:21:16.092+0000][10015.511s][info][gc,heap     ] GC(1895) Survivor regions: 7->10(102)
[2024-05-30T13:21:16.092+0000][10015.511s][info][gc,heap     ] GC(1895) Old regions: 395->395
[2024-05-30T13:21:16.092+0000][10015.511s][info][gc,heap     ] GC(1895) Archive regions: 2->2
[2024-05-30T13:21:16.092+0000][10015.511s][info][gc,heap     ] GC(1895) Humongous regions: 5->5
[2024-05-30T13:21:16.092+0000][10015.511s][info][gc,metaspace] GC(1895) Metaspace: 432848K(439808K)->432848K(439808K) NonClass: 378936K(382976K)->378936K(382976K) Class: 53911K(56832K)->53911K(56832K)
[2024-05-30T13:21:16.092+0000][10015.511s][info][gc          ] GC(1895) Pause Young (Normal) (G1 Evacuation Pause) 9704M->3281M(12288M) 25.258ms
[2024-05-30T13:21:16.092+0000][10015.512s][info][gc,cpu      ] GC(1895) User=0.15s Sys=0.00s Real=0.03s
[2024-05-30T13:21:24.989+0000][10024.408s][info][gc,start    ] GC(1896) Pause Young (Concurrent Start) (G1 Evacuation Pause)
[2024-05-30T13:21:24.989+0000][10024.408s][info][gc,task     ] GC(1896) Using 6 workers of 6 for evacuation
[2024-05-30T13:21:25.021+0000][10024.440s][info][gc,phases   ] GC(1896)   Pre Evacuate Collection Set: 0.5ms
[2024-05-30T13:21:25.021+0000][10024.440s][info][gc,phases   ] GC(1896)   Merge Heap Roots: 0.2ms
[2024-05-30T13:21:25.021+0000][10024.440s][info][gc,phases   ] GC(1896)   Evacuate Collection Set: 29.2ms
[2024-05-30T13:21:25.021+0000][10024.440s][info][gc,phases   ] GC(1896)   Post Evacuate Collection Set: 1.9ms
[2024-05-30T13:21:25.021+0000][10024.440s][info][gc,phases   ] GC(1896)   Other: 0.3ms
[2024-05-30T13:21:25.021+0000][10024.440s][info][gc,heap     ] GC(1896) Eden regions: 803->0(798)
[2024-05-30T13:21:25.021+0000][10024.440s][info][gc,heap     ] GC(1896) Survivor regions: 10->14(102)
[2024-05-30T13:21:25.021+0000][10024.440s][info][gc,heap     ] GC(1896) Old regions: 395->395
[2024-05-30T13:21:25.021+0000][10024.440s][info][gc,heap     ] GC(1896) Archive regions: 2->2
[2024-05-30T13:21:25.021+0000][10024.440s][info][gc,heap     ] GC(1896) Humongous regions: 5->5
[2024-05-30T13:21:25.021+0000][10024.440s][info][gc,metaspace] GC(1896) Metaspace: 432848K(439808K)->432848K(439808K) NonClass: 378936K(382976K)->378936K(382976K) Class: 53911K(56832K)->53911K(56832K)
[2024-05-30T13:21:25.021+0000][10024.440s][info][gc          ] GC(1896) Pause Young (Concurrent Start) (G1 Evacuation Pause) 9705M->3313M(12288M) 32.245ms
[2024-05-30T13:21:25.021+0000][10024.440s][info][gc,cpu      ] GC(1896) User=0.18s Sys=0.00s Real=0.03s
[2024-05-30T13:21:25.021+0000][10024.440s][info][gc          ] GC(1897) Concurrent Mark Cycle
[2024-05-30T13:21:25.021+0000][10024.440s][info][gc,marking  ] GC(1897) Concurrent Clear Claimed Marks
[2024-05-30T13:21:25.022+0000][10024.441s][info][gc,marking  ] GC(1897) Concurrent Clear Claimed Marks 0.393ms
[2024-05-30T13:21:25.022+0000][10024.441s][info][gc,marking  ] GC(1897) Concurrent Scan Root Regions
[2024-05-30T13:21:25.042+0000][10024.462s][info][gc,marking  ] GC(1897) Concurrent Scan Root Regions 20.926ms
[2024-05-30T13:21:25.042+0000][10024.462s][info][gc,marking  ] GC(1897) Concurrent Mark
[2024-05-30T13:21:25.042+0000][10024.462s][info][gc,marking  ] GC(1897) Concurrent Mark From Roots
[2024-05-30T13:21:25.042+0000][10024.462s][info][gc,task     ] GC(1897) Using 2 workers of 2 for marking
[2024-05-30T13:21:27.756+0000][10027.175s][info][gc,marking  ] GC(1897) Concurrent Mark From Roots 2713.141ms
[2024-05-30T13:21:27.756+0000][10027.175s][info][gc,marking  ] GC(1897) Concurrent Preclean
[2024-05-30T13:21:27.757+0000][10027.176s][info][gc,marking  ] GC(1897) Concurrent Preclean 1.493ms
[2024-05-30T13:21:27.757+0000][10027.177s][info][gc,start    ] GC(1897) Pause Remark
[2024-05-30T13:21:27.781+0000][10027.200s][info][gc          ] GC(1897) Pause Remark 5241M->5241M(12288M) 23.724ms
[2024-05-30T13:21:27.781+0000][10027.200s][info][gc,cpu      ] GC(1897) User=0.11s Sys=0.00s Real=0.02s
[2024-05-30T13:21:27.781+0000][10027.200s][info][gc,marking  ] GC(1897) Concurrent Mark 2738.733ms
[2024-05-30T13:21:27.781+0000][10027.200s][info][gc,marking  ] GC(1897) Concurrent Rebuild Remembered Sets
[2024-05-30T13:21:29.224+0000][10028.643s][info][gc,marking  ] GC(1897) Concurrent Rebuild Remembered Sets 1442.759ms
[2024-05-30T13:21:29.224+0000][10028.643s][info][gc,start    ] GC(1897) Pause Cleanup
[2024-05-30T13:21:29.225+0000][10028.644s][info][gc          ] GC(1897) Pause Cleanup 6333M->6333M(12288M) 0.636ms
[2024-05-30T13:21:29.225+0000][10028.644s][info][gc,cpu      ] GC(1897) User=0.00s Sys=0.00s Real=0.00s
[2024-05-30T13:21:29.225+0000][10028.644s][info][gc,marking  ] GC(1897) Concurrent Cleanup for Next Mark
[2024-05-30T13:21:29.242+0000][10028.661s][info][gc,marking  ] GC(1897) Concurrent Cleanup for Next Mark 17.190ms
[2024-05-30T13:21:29.242+0000][10028.661s][info][gc          ] GC(1897) Concurrent Mark Cycle 4221.119ms
[2024-05-30T13:21:33.862+0000][10033.282s][info][gc,start    ] GC(1898) Pause Young (Prepare Mixed) (G1 Evacuation Pause)
[2024-05-30T13:21:33.862+0000][10033.282s][info][gc,task     ] GC(1898) Using 6 workers of 6 for evacuation
[2024-05-30T13:21:33.895+0000][10033.314s][info][gc,phases   ] GC(1898)   Pre Evacuate Collection Set: 0.2ms
[2024-05-30T13:21:33.895+0000][10033.314s][info][gc,phases   ] GC(1898)   Merge Heap Roots: 0.3ms
[2024-05-30T13:21:33.895+0000][10033.314s][info][gc,phases   ] GC(1898)   Evacuate Collection Set: 30.2ms
[2024-05-30T13:21:33.895+0000][10033.314s][info][gc,phases   ] GC(1898)   Post Evacuate Collection Set: 1.9ms
[2024-05-30T13:21:33.895+0000][10033.314s][info][gc,phases   ] GC(1898)   Other: 0.2ms
[2024-05-30T13:21:33.895+0000][10033.314s][info][gc,heap     ] GC(1898) Eden regions: 798->0(63)
[2024-05-30T13:21:33.895+0000][10033.314s][info][gc,heap     ] GC(1898) Survivor regions: 14->13(102)
[2024-05-30T13:21:33.895+0000][10033.314s][info][gc,heap     ] GC(1898) Old regions: 395->395
[2024-05-30T13:21:33.895+0000][10033.314s][info][gc,heap     ] GC(1898) Archive regions: 2->2
[2024-05-30T13:21:33.895+0000][10033.314s][info][gc,heap     ] GC(1898) Humongous regions: 5->5
[2024-05-30T13:21:33.895+0000][10033.314s][info][gc,metaspace] GC(1898) Metaspace: 432852K(439808K)->432852K(439808K) NonClass: 378940K(382976K)->378940K(382976K) Class: 53911K(56832K)->53911K(56832K)
[2024-05-30T13:21:33.895+0000][10033.314s][info][gc          ] GC(1898) Pause Young (Prepare Mixed) (G1 Evacuation Pause) 9697M->3305M(12288M) 32.870ms
[2024-05-30T13:21:33.895+0000][10033.314s][info][gc,cpu      ] GC(1898) User=0.19s Sys=0.00s Real=0.03s
[2024-05-30T13:21:34.578+0000][10033.997s][info][gc,start    ] GC(1899) Pause Young (Mixed) (G1 Evacuation Pause)
[2024-05-30T13:21:34.578+0000][10033.997s][info][gc,task     ] GC(1899) Using 6 workers of 6 for evacuation
[2024-05-30T13:21:34.653+0000][10034.072s][info][gc,phases   ] GC(1899)   Pre Evacuate Collection Set: 0.2ms
[2024-05-30T13:21:34.653+0000][10034.072s][info][gc,phases   ] GC(1899)   Merge Heap Roots: 0.4ms
[2024-05-30T13:21:34.653+0000][10034.072s][info][gc,phases   ] GC(1899)   Evacuate Collection Set: 73.2ms
[2024-05-30T13:21:34.653+0000][10034.072s][info][gc,phases   ] GC(1899)   Post Evacuate Collection Set: 1.4ms
[2024-05-30T13:21:34.653+0000][10034.072s][info][gc,phases   ] GC(1899)   Other: 0.2ms
[2024-05-30T13:21:34.653+0000][10034.072s][info][gc,heap     ] GC(1899) Eden regions: 63->0(808)
[2024-05-30T13:21:34.653+0000][10034.072s][info][gc,heap     ] GC(1899) Survivor regions: 13->5(10)
[2024-05-30T13:21:34.653+0000][10034.072s][info][gc,heap     ] GC(1899) Old regions: 395->394
[2024-05-30T13:21:34.653+0000][10034.072s][info][gc,heap     ] GC(1899) Archive regions: 2->2
[2024-05-30T13:21:34.653+0000][10034.072s][info][gc,heap     ] GC(1899) Humongous regions: 5->5
[2024-05-30T13:21:34.653+0000][10034.072s][info][gc,metaspace] GC(1899) Metaspace: 432852K(439808K)->432852K(439808K) NonClass: 378940K(382976K)->378940K(382976K) Class: 53911K(56832K)->53911K(56832K)
[2024-05-30T13:21:34.653+0000][10034.072s][info][gc          ] GC(1899) Pause Young (Mixed) (G1 Evacuation Pause) 3809M->3231M(12288M) 75.379ms
[2024-05-30T13:21:34.653+0000][10034.072s][info][gc,cpu      ] GC(1899) User=0.44s Sys=0.00s Real=0.07s
[2024-05-30T13:21:43.589+0000][10043.008s][info][gc,start    ] GC(1900) Pause Young (Normal) (G1 Evacuation Pause)
[2024-05-30T13:21:43.589+0000][10043.008s][info][gc,task     ] GC(1900) Using 6 workers of 6 for evacuation
[2024-05-30T13:21:43.610+0000][10043.029s][info][gc,phases   ] GC(1900)   Pre Evacuate Collection Set: 0.2ms
[2024-05-30T13:21:43.610+0000][10043.029s][info][gc,phases   ] GC(1900)   Merge Heap Roots: 0.2ms
[2024-05-30T13:21:43.610+0000][10043.029s][info][gc,phases   ] GC(1900)   Evacuate Collection Set: 18.8ms
[2024-05-30T13:21:43.610+0000][10043.029s][info][gc,phases   ] GC(1900)   Post Evacuate Collection Set: 1.7ms
[2024-05-30T13:21:43.610+0000][10043.029s][info][gc,phases   ] GC(1900)   Other: 0.2ms
[2024-05-30T13:21:43.610+0000][10043.029s][info][gc,heap     ] GC(1900) Eden regions: 808->0(806)
[2024-05-30T13:21:43.610+0000][10043.029s][info][gc,heap     ] GC(1900) Survivor regions: 5->8(102)
[2024-05-30T13:21:43.610+0000][10043.029s][info][gc,heap     ] GC(1900) Old regions: 394->394
[2024-05-30T13:21:43.610+0000][10043.029s][info][gc,heap     ] GC(1900) Archive regions: 2->2
[2024-05-30T13:21:43.610+0000][10043.029s][info][gc,heap     ] GC(1900) Humongous regions: 5->5
[2024-05-30T13:21:43.610+0000][10043.029s][info][gc,metaspace] GC(1900) Metaspace: 432852K(439808K)->432852K(439808K) NonClass: 378940K(382976K)->378940K(382976K) Class: 53911K(56832K)->53911K(56832K)
[2024-05-30T13:21:43.610+0000][10043.029s][info][gc          ] GC(1900) Pause Young (Normal) (G1 Evacuation Pause) 9695M->3253M(12288M) 21.067ms
[2024-05-30T13:21:43.610+0000][10043.029s][info][gc,cpu      ] GC(1900) User=0.12s Sys=0.00s Real=0.02s
[2024-05-30T13:21:46.346+0000][10045.766s][info][gc,start    ] GC(1901) Pause Young (Normal) (G1 Evacuation Pause)
[2024-05-30T13:21:46.346+0000][10045.766s][info][gc,task     ] GC(1901) Using 6 workers of 6 for evacuation
[2024-05-30T13:21:46.421+0000][10045.840s][info][gc,phases   ] GC(1901)   Pre Evacuate Collection Set: 0.2ms
[2024-05-30T13:21:46.421+0000][10045.840s][info][gc,phases   ] GC(1901)   Merge Heap Roots: 0.2ms
[2024-05-30T13:21:46.421+0000][10045.840s][info][gc,phases   ] GC(1901)   Evacuate Collection Set: 58.4ms
[2024-05-30T13:21:46.421+0000][10045.840s][info][gc,phases   ] GC(1901)   Post Evacuate Collection Set: 15.4ms
[2024-05-30T13:21:46.421+0000][10045.840s][info][gc,phases   ] GC(1901)   Other: 0.2ms
[2024-05-30T13:21:46.421+0000][10045.840s][info][gc,heap     ] GC(1901) Eden regions: 806->0(798)
[2024-05-30T13:21:46.421+0000][10045.840s][info][gc,heap     ] GC(1901) Survivor regions: 8->14(102)
[2024-05-30T13:21:46.421+0000][10045.840s][info][gc,heap     ] GC(1901) Old regions: 394->394
[2024-05-30T13:21:46.421+0000][10045.840s][info][gc,heap     ] GC(1901) Archive regions: 2->2
[2024-05-30T13:21:46.421+0000][10045.840s][info][gc,heap     ] GC(1901) Humongous regions: 5->5
[2024-05-30T13:21:46.421+0000][10045.840s][info][gc,metaspace] GC(1901) Metaspace: 432852K(439808K)->432852K(439808K) NonClass: 378940K(382976K)->378940K(382976K) Class: 53911K(56832K)->53911K(56832K)
[2024-05-30T13:21:46.421+0000][10045.840s][info][gc          ] GC(1901) Pause Young (Normal) (G1 Evacuation Pause) 9701M->3299M(12288M) 74.398ms
[2024-05-30T13:21:46.421+0000][10045.840s][info][gc,cpu      ] GC(1901) User=0.44s Sys=0.00s Real=0.08s
[2024-05-30T13:21:48.866+0000][10048.285s][info][gc,start    ] GC(1902) Pause Young (Concurrent Start) (G1 Evacuation Pause)
[2024-05-30T13:21:48.866+0000][10048.286s][info][gc,task     ] GC(1902) Using 6 workers of 6 for evacuation
[2024-05-30T13:21:48.951+0000][10048.370s][info][gc,phases   ] GC(1902)   Pre Evacuate Collection Set: 0.6ms
[2024-05-30T13:21:48.951+0000][10048.370s][info][gc,phases   ] GC(1902)   Merge Heap Roots: 0.2ms
[2024-05-30T13:21:48.951+0000][10048.370s][info][gc,phases   ] GC(1902)   Evacuate Collection Set: 68.0ms
[2024-05-30T13:21:48.951+0000][10048.370s][info][gc,phases   ] GC(1902)   Post Evacuate Collection Set: 15.2ms
[2024-05-30T13:21:48.951+0000][10048.370s][info][gc,phases   ] GC(1902)   Other: 0.3ms
[2024-05-30T13:21:48.951+0000][10048.370s][info][gc,heap     ] GC(1902) Eden regions: 798->0(791)
[2024-05-30T13:21:48.951+0000][10048.370s][info][gc,heap     ] GC(1902) Survivor regions: 14->18(102)
[2024-05-30T13:21:48.951+0000][10048.370s][info][gc,heap     ] GC(1902) Old regions: 394->394
[2024-05-30T13:21:48.951+0000][10048.370s][info][gc,heap     ] GC(1902) Archive regions: 2->2
[2024-05-30T13:21:48.951+0000][10048.370s][info][gc,heap     ] GC(1902) Humongous regions: 5->5
[2024-05-30T13:21:48.951+0000][10048.370s][info][gc,metaspace] GC(1902) Metaspace: 432852K(439808K)->432852K(439808K) NonClass: 378940K(382976K)->378940K(382976K) Class: 53911K(56832K)->53911K(56832K)
[2024-05-30T13:21:48.951+0000][10048.370s][info][gc          ] GC(1902) Pause Young (Concurrent Start) (G1 Evacuation Pause) 9683M->3337M(12288M) 84.372ms
[2024-05-30T13:21:48.951+0000][10048.370s][info][gc,cpu      ] GC(1902) User=0.49s Sys=0.00s Real=0.09s
[2024-05-30T13:21:48.951+0000][10048.370s][info][gc          ] GC(1903) Concurrent Mark Cycle
[2024-05-30T13:21:48.951+0000][10048.370s][info][gc,marking  ] GC(1903) Concurrent Clear Claimed Marks
[2024-05-30T13:21:48.951+0000][10048.370s][info][gc,marking  ] GC(1903) Concurrent Clear Claimed Marks 0.432ms
[2024-05-30T13:21:48.951+0000][10048.370s][info][gc,marking  ] GC(1903) Concurrent Scan Root Regions
[2024-05-30T13:21:49.016+0000][10048.435s][info][gc,marking  ] GC(1903) Concurrent Scan Root Regions 64.489ms
[2024-05-30T13:21:49.016+0000][10048.435s][info][gc,marking  ] GC(1903) Concurrent Mark
[2024-05-30T13:21:49.016+0000][10048.435s][info][gc,marking  ] GC(1903) Concurrent Mark From Roots
[2024-05-30T13:21:49.016+0000][10048.435s][info][gc,task     ] GC(1903) Using 2 workers of 2 for marking
[2024-05-30T13:21:51.752+0000][10051.171s][info][gc,start    ] GC(1904) Pause Young (Normal) (G1 Evacuation Pause)
[2024-05-30T13:21:51.752+0000][10051.171s][info][gc,task     ] GC(1904) Using 6 workers of 6 for evacuation
[2024-05-30T13:21:51.866+0000][10051.285s][info][gc,phases   ] GC(1904)   Pre Evacuate Collection Set: 0.2ms
[2024-05-30T13:21:51.866+0000][10051.285s][info][gc,phases   ] GC(1904)   Merge Heap Roots: 0.3ms
[2024-05-30T13:21:51.866+0000][10051.285s][info][gc,phases   ] GC(1904)   Evacuate Collection Set: 93.4ms
[2024-05-30T13:21:51.866+0000][10051.285s][info][gc,phases   ] GC(1904)   Post Evacuate Collection Set: 20.0ms
[2024-05-30T13:21:51.866+0000][10051.285s][info][gc,phases   ] GC(1904)   Other: 0.2ms
[2024-05-30T13:21:51.866+0000][10051.285s][info][gc,heap     ] GC(1904) Eden regions: 791->0(779)
[2024-05-30T13:21:51.866+0000][10051.285s][info][gc,heap     ] GC(1904) Survivor regions: 18->24(102)
[2024-05-30T13:21:51.866+0000][10051.285s][info][gc,heap     ] GC(1904) Old regions: 394->394
[2024-05-30T13:21:51.866+0000][10051.285s][info][gc,heap     ] GC(1904) Archive regions: 2->2
[2024-05-30T13:21:51.866+0000][10051.285s][info][gc,heap     ] GC(1904) Humongous regions: 5->5
[2024-05-30T13:21:51.866+0000][10051.285s][info][gc,metaspace] GC(1904) Metaspace: 432852K(439808K)->432852K(439808K) NonClass: 378940K(382976K)->378940K(382976K) Class: 53911K(56832K)->53911K(56832K)
[2024-05-30T13:21:51.866+0000][10051.285s][info][gc          ] GC(1904) Pause Young (Normal) (G1 Evacuation Pause) 9665M->3385M(12288M) 114.131ms
[2024-05-30T13:21:51.866+0000][10051.285s][info][gc,cpu      ] GC(1904) User=0.66s Sys=0.00s Real=0.11s
[2024-05-30T13:21:51.896+0000][10051.315s][info][gc,marking  ] GC(1903) Concurrent Mark From Roots 2880.278ms
[2024-05-30T13:21:51.896+0000][10051.315s][info][gc,marking  ] GC(1903) Concurrent Preclean
[2024-05-30T13:21:51.898+0000][10051.317s][info][gc,marking  ] GC(1903) Concurrent Preclean 1.565ms
[2024-05-30T13:21:51.898+0000][10051.317s][info][gc,start    ] GC(1903) Pause Remark
[2024-05-30T13:21:51.922+0000][10051.341s][info][gc          ] GC(1903) Pause Remark 3473M->3473M(12288M) 23.733ms
[2024-05-30T13:21:51.922+0000][10051.341s][info][gc,cpu      ] GC(1903) User=0.11s Sys=0.00s Real=0.02s
[2024-05-30T13:21:51.922+0000][10051.341s][info][gc,marking  ] GC(1903) Concurrent Mark 2906.016ms
[2024-05-30T13:21:51.922+0000][10051.341s][info][gc,marking  ] GC(1903) Concurrent Rebuild Remembered Sets
[2024-05-30T13:21:53.347+0000][10052.766s][info][gc,marking  ] GC(1903) Concurrent Rebuild Remembered Sets 1425.438ms
[2024-05-30T13:21:53.347+0000][10052.767s][info][gc,start    ] GC(1903) Pause Cleanup
[2024-05-30T13:21:53.348+0000][10052.767s][info][gc          ] GC(1903) Pause Cleanup 7057M->7057M(12288M) 0.601ms
[2024-05-30T13:21:53.348+0000][10052.767s][info][gc,cpu      ] GC(1903) User=0.00s Sys=0.00s Real=0.00s
[2024-05-30T13:21:53.348+0000][10052.767s][info][gc,marking  ] GC(1903) Concurrent Cleanup for Next Mark
[2024-05-30T13:21:53.365+0000][10052.784s][info][gc,marking  ] GC(1903) Concurrent Cleanup for Next Mark 17.126ms
[2024-05-30T13:21:53.365+0000][10052.784s][info][gc          ] GC(1903) Concurrent Mark Cycle 4414.524ms
[2024-05-30T13:21:54.325+0000][10053.745s][info][gc,start    ] GC(1905) Pause Young (Prepare Mixed) (G1 Evacuation Pause)
[2024-05-30T13:21:54.325+0000][10053.745s][info][gc,task     ] GC(1905) Using 6 workers of 6 for evacuation
[2024-05-30T13:21:54.444+0000][10053.864s][info][gc,phases   ] GC(1905)   Pre Evacuate Collection Set: 0.2ms
[2024-05-30T13:21:54.444+0000][10053.864s][info][gc,phases   ] GC(1905)   Merge Heap Roots: 0.4ms
[2024-05-30T13:21:54.444+0000][10053.864s][info][gc,phases   ] GC(1905)   Evacuate Collection Set: 100.5ms
[2024-05-30T13:21:54.444+0000][10053.864s][info][gc,phases   ] GC(1905)   Post Evacuate Collection Set: 17.8ms
[2024-05-30T13:21:54.444+0000][10053.864s][info][gc,phases   ] GC(1905)   Other: 0.2ms
[2024-05-30T13:21:54.444+0000][10053.864s][info][gc,heap     ] GC(1905) Eden regions: 779->0(46)
[2024-05-30T13:21:54.444+0000][10053.864s][info][gc,heap     ] GC(1905) Survivor regions: 24->30(101)
[2024-05-30T13:21:54.444+0000][10053.864s][info][gc,heap     ] GC(1905) Old regions: 394->394
[2024-05-30T13:21:54.444+0000][10053.864s][info][gc,heap     ] GC(1905) Archive regions: 2->2
[2024-05-30T13:21:54.444+0000][10053.864s][info][gc,heap     ] GC(1905) Humongous regions: 5->5
[2024-05-30T13:21:54.444+0000][10053.864s][info][gc,metaspace] GC(1905) Metaspace: 432852K(439808K)->432852K(439808K) NonClass: 378940K(382976K)->378940K(382976K) Class: 53911K(56832K)->53911K(56832K)
[2024-05-30T13:21:54.445+0000][10053.864s][info][gc          ] GC(1905) Pause Young (Prepare Mixed) (G1 Evacuation Pause) 9617M->3429M(12288M) 119.135ms
[2024-05-30T13:21:54.445+0000][10053.864s][info][gc,cpu      ] GC(1905) User=0.70s Sys=0.00s Real=0.12s
[2024-05-30T13:21:54.627+0000][10054.047s][info][gc,start    ] GC(1906) Pause Young (Mixed) (G1 Evacuation Pause)
[2024-05-30T13:21:54.627+0000][10054.047s][info][gc,task     ] GC(1906) Using 6 workers of 6 for evacuation
[2024-05-30T13:21:54.759+0000][10054.178s][info][gc,phases   ] GC(1906)   Pre Evacuate Collection Set: 0.2ms
[2024-05-30T13:21:54.759+0000][10054.178s][info][gc,phases   ] GC(1906)   Merge Heap Roots: 0.4ms
[2024-05-30T13:21:54.759+0000][10054.178s][info][gc,phases   ] GC(1906)   Evacuate Collection Set: 127.8ms
[2024-05-30T13:21:54.759+0000][10054.178s][info][gc,phases   ] GC(1906)   Post Evacuate Collection Set: 2.6ms
[2024-05-30T13:21:54.759+0000][10054.178s][info][gc,phases   ] GC(1906)   Other: 0.2ms
[2024-05-30T13:21:54.759+0000][10054.178s][info][gc,heap     ] GC(1906) Eden regions: 46->0(786)
[2024-05-30T13:21:54.759+0000][10054.178s][info][gc,heap     ] GC(1906) Survivor regions: 30->3(10)
[2024-05-30T13:21:54.759+0000][10054.178s][info][gc,heap     ] GC(1906) Old regions: 394->414
[2024-05-30T13:21:54.759+0000][10054.178s][info][gc,heap     ] GC(1906) Archive regions: 2->2
[2024-05-30T13:21:54.759+0000][10054.178s][info][gc,heap     ] GC(1906) Humongous regions: 5->5
[2024-05-30T13:21:54.759+0000][10054.178s][info][gc,metaspace] GC(1906) Metaspace: 432852K(439808K)->432852K(439808K) NonClass: 378940K(382976K)->378940K(382976K) Class: 53911K(56832K)->53911K(56832K)
[2024-05-30T13:21:54.759+0000][10054.178s][info][gc          ] GC(1906) Pause Young (Mixed) (G1 Evacuation Pause) 3797M->3380M(12288M) 131.217ms
[2024-05-30T13:21:54.759+0000][10054.178s][info][gc,cpu      ] GC(1906) User=0.78s Sys=0.00s Real=0.14s
[2024-05-30T13:21:57.001+0000][10056.420s][info][gc,start    ] GC(1907) Pause Young (Normal) (G1 Evacuation Pause)
[2024-05-30T13:21:57.001+0000][10056.420s][info][gc,task     ] GC(1907) Using 6 workers of 6 for evacuation
[2024-05-30T13:21:57.075+0000][10056.495s][info][gc,phases   ] GC(1907)   Pre Evacuate Collection Set: 0.2ms
[2024-05-30T13:21:57.075+0000][10056.495s][info][gc,phases   ] GC(1907)   Merge Heap Roots: 0.3ms
[2024-05-30T13:21:57.076+0000][10056.495s][info][gc,phases   ] GC(1907)   Evacuate Collection Set: 56.4ms
[2024-05-30T13:21:57.076+0000][10056.495s][info][gc,phases   ] GC(1907)   Post Evacuate Collection Set: 17.4ms
[2024-05-30T13:21:57.076+0000][10056.495s][info][gc,phases   ] GC(1907)   Other: 0.2ms
[2024-05-30T13:21:57.076+0000][10056.495s][info][gc,heap     ] GC(1907) Eden regions: 786->0(782)
[2024-05-30T13:21:57.076+0000][10056.495s][info][gc,heap     ] GC(1907) Survivor regions: 3->7(99)
[2024-05-30T13:21:57.076+0000][10056.495s][info][gc,heap     ] GC(1907) Old regions: 414->414
[2024-05-30T13:21:57.076+0000][10056.495s][info][gc,heap     ] GC(1907) Archive regions: 2->2
[2024-05-30T13:21:57.076+0000][10056.495s][info][gc,heap     ] GC(1907) Humongous regions: 5->5
[2024-05-30T13:21:57.076+0000][10056.495s][info][gc,metaspace] GC(1907) Metaspace: 432852K(439808K)->432852K(439808K) NonClass: 378940K(382976K)->378940K(382976K) Class: 53911K(56832K)->53911K(56832K)
[2024-05-30T13:21:57.076+0000][10056.495s][info][gc          ] GC(1907) Pause Young (Normal) (G1 Evacuation Pause) 9668M->3409M(12288M) 74.609ms
[2024-05-30T13:21:57.076+0000][10056.495s][info][gc,cpu      ] GC(1907) User=0.43s Sys=0.00s Real=0.07s
[2024-05-30T13:21:59.362+0000][10058.782s][info][gc,start    ] GC(1908) Pause Young (Normal) (G1 Evacuation Pause)
[2024-05-30T13:21:59.362+0000][10058.782s][info][gc,task     ] GC(1908) Using 6 workers of 6 for evacuation
[2024-05-30T13:21:59.452+0000][10058.871s][info][gc,phases   ] GC(1908)   Pre Evacuate Collection Set: 0.2ms
[2024-05-30T13:21:59.452+0000][10058.871s][info][gc,phases   ] GC(1908)   Merge Heap Roots: 0.4ms
[2024-05-30T13:21:59.452+0000][10058.871s][info][gc,phases   ] GC(1908)   Evacuate Collection Set: 69.4ms
[2024-05-30T13:21:59.452+0000][10058.871s][info][gc,phases   ] GC(1908)   Post Evacuate Collection Set: 19.6ms
[2024-05-30T13:21:59.452+0000][10058.871s][info][gc,phases   ] GC(1908)   Other: 0.2ms
[2024-05-30T13:21:59.452+0000][10058.871s][info][gc,heap     ] GC(1908) Eden regions: 782->0(778)
[2024-05-30T13:21:59.452+0000][10058.871s][info][gc,heap     ] GC(1908) Survivor regions: 7->11(99)
[2024-05-30T13:21:59.452+0000][10058.871s][info][gc,heap     ] GC(1908) Old regions: 414->414
[2024-05-30T13:21:59.452+0000][10058.871s][info][gc,heap     ] GC(1908) Archive regions: 2->2
[2024-05-30T13:21:59.452+0000][10058.871s][info][gc,heap     ] GC(1908) Humongous regions: 5->5
[2024-05-30T13:21:59.452+0000][10058.871s][info][gc,metaspace] GC(1908) Metaspace: 432852K(439808K)->432852K(439808K) NonClass: 378940K(382976K)->378940K(382976K) Class: 53911K(56832K)->53911K(56832K)
[2024-05-30T13:21:59.452+0000][10058.871s][info][gc          ] GC(1908) Pause Young (Normal) (G1 Evacuation Pause) 9665M->3444M(12288M) 89.825ms
[2024-05-30T13:21:59.452+0000][10058.871s][info][gc,cpu      ] GC(1908) User=0.52s Sys=0.01s Real=0.09s
[2024-05-30T13:22:01.579+0000][10060.998s][info][gc,start    ] GC(1909) Pause Young (Concurrent Start) (G1 Evacuation Pause)
[2024-05-30T13:22:01.579+0000][10060.998s][info][gc,task     ] GC(1909) Using 6 workers of 6 for evacuation
[2024-05-30T13:22:01.685+0000][10061.105s][info][gc,phases   ] GC(1909)   Pre Evacuate Collection Set: 0.6ms
[2024-05-30T13:22:01.686+0000][10061.105s][info][gc,phases   ] GC(1909)   Merge Heap Roots: 0.4ms
[2024-05-30T13:22:01.686+0000][10061.105s][info][gc,phases   ] GC(1909)   Evacuate Collection Set: 85.4ms
[2024-05-30T13:22:01.686+0000][10061.105s][info][gc,phases   ] GC(1909)   Post Evacuate Collection Set: 20.4ms
[2024-05-30T13:22:01.686+0000][10061.105s][info][gc,phases   ] GC(1909)   Other: 0.3ms
[2024-05-30T13:22:01.686+0000][10061.105s][info][gc,heap     ] GC(1909) Eden regions: 778->0(774)
[2024-05-30T13:22:01.686+0000][10061.105s][info][gc,heap     ] GC(1909) Survivor regions: 11->16(99)
[2024-05-30T13:22:01.686+0000][10061.105s][info][gc,heap     ] GC(1909) Old regions: 414->414
[2024-05-30T13:22:01.686+0000][10061.105s][info][gc,heap     ] GC(1909) Archive regions: 2->2
[2024-05-30T13:22:01.686+0000][10061.105s][info][gc,heap     ] GC(1909) Humongous regions: 5->5
[2024-05-30T13:22:01.686+0000][10061.105s][info][gc,metaspace] GC(1909) Metaspace: 432852K(439808K)->432852K(439808K) NonClass: 378940K(382976K)->378940K(382976K) Class: 53911K(56832K)->53911K(56832K)
[2024-05-30T13:22:01.686+0000][10061.105s][info][gc          ] GC(1909) Pause Young (Concurrent Start) (G1 Evacuation Pause) 9668M->3478M(12288M) 107.065ms
[2024-05-30T13:22:01.686+0000][10061.105s][info][gc,cpu      ] GC(1909) User=0.62s Sys=0.00s Real=0.10s
[2024-05-30T13:22:01.686+0000][10061.105s][info][gc          ] GC(1910) Concurrent Mark Cycle
[2024-05-30T13:22:01.686+0000][10061.105s][info][gc,marking  ] GC(1910) Concurrent Clear Claimed Marks
[2024-05-30T13:22:01.686+0000][10061.105s][info][gc,marking  ] GC(1910) Concurrent Clear Claimed Marks 0.390ms
[2024-05-30T13:22:01.686+0000][10061.105s][info][gc,marking  ] GC(1910) Concurrent Scan Root Regions
[2024-05-30T13:22:01.758+0000][10061.177s][info][gc,marking  ] GC(1910) Concurrent Scan Root Regions 71.575ms
[2024-05-30T13:22:01.758+0000][10061.177s][info][gc,marking  ] GC(1910) Concurrent Mark
[2024-05-30T13:22:01.758+0000][10061.177s][info][gc,marking  ] GC(1910) Concurrent Mark From Roots
[2024-05-30T13:22:01.758+0000][10061.177s][info][gc,task     ] GC(1910) Using 2 workers of 2 for marking
[2024-05-30T13:22:04.232+0000][10063.651s][info][gc,start    ] GC(1911) Pause Young (Normal) (G1 Evacuation Pause)
[2024-05-30T13:22:04.232+0000][10063.651s][info][gc,task     ] GC(1911) Using 6 workers of 6 for evacuation
[2024-05-30T13:22:04.324+0000][10063.743s][info][gc,phases   ] GC(1911)   Pre Evacuate Collection Set: 0.2ms
[2024-05-30T13:22:04.324+0000][10063.743s][info][gc,phases   ] GC(1911)   Merge Heap Roots: 0.4ms
[2024-05-30T13:22:04.324+0000][10063.743s][info][gc,phases   ] GC(1911)   Evacuate Collection Set: 79.4ms
[2024-05-30T13:22:04.324+0000][10063.743s][info][gc,phases   ] GC(1911)   Post Evacuate Collection Set: 11.8ms
[2024-05-30T13:22:04.324+0000][10063.743s][info][gc,phases   ] GC(1911)   Other: 0.2ms
[2024-05-30T13:22:04.324+0000][10063.743s][info][gc,heap     ] GC(1911) Eden regions: 774->0(771)
[2024-05-30T13:22:04.324+0000][10063.743s][info][gc,heap     ] GC(1911) Survivor regions: 16->18(99)
[2024-05-30T13:22:04.324+0000][10063.743s][info][gc,heap     ] GC(1911) Old regions: 414->414
[2024-05-30T13:22:04.324+0000][10063.743s][info][gc,heap     ] GC(1911) Archive regions: 2->2
[2024-05-30T13:22:04.324+0000][10063.743s][info][gc,heap     ] GC(1911) Humongous regions: 5->5
[2024-05-30T13:22:04.324+0000][10063.743s][info][gc,metaspace] GC(1911) Metaspace: 432852K(439808K)->432852K(439808K) NonClass: 378940K(382976K)->378940K(382976K) Class: 53911K(56832K)->53911K(56832K)
[2024-05-30T13:22:04.324+0000][10063.743s][info][gc          ] GC(1911) Pause Young (Normal) (G1 Evacuation Pause) 9670M->3498M(12288M) 92.026ms
[2024-05-30T13:22:04.324+0000][10063.743s][info][gc,cpu      ] GC(1911) User=0.54s Sys=0.00s Real=0.09s
[2024-05-30T13:22:04.336+0000][10063.755s][info][gc,marking  ] GC(1910) Concurrent Mark From Roots 2578.078ms
[2024-05-30T13:22:04.336+0000][10063.755s][info][gc,marking  ] GC(1910) Concurrent Preclean
[2024-05-30T13:22:04.338+0000][10063.757s][info][gc,marking  ] GC(1910) Concurrent Preclean 1.644ms
[2024-05-30T13:22:04.338+0000][10063.757s][info][gc,start    ] GC(1910) Pause Remark
[2024-05-30T13:22:04.361+0000][10063.781s][info][gc          ] GC(1910) Pause Remark 3518M->3518M(12288M) 23.727ms
[2024-05-30T13:22:04.361+0000][10063.781s][info][gc,cpu      ] GC(1910) User=0.10s Sys=0.00s Real=0.02s
[2024-05-30T13:22:04.362+0000][10063.781s][info][gc,marking  ] GC(1910) Concurrent Mark 2603.840ms
[2024-05-30T13:22:04.362+0000][10063.781s][info][gc,marking  ] GC(1910) Concurrent Rebuild Remembered Sets
[2024-05-30T13:22:05.781+0000][10065.200s][info][gc,marking  ] GC(1910) Concurrent Rebuild Remembered Sets 1419.014ms
[2024-05-30T13:22:05.781+0000][10065.200s][info][gc,start    ] GC(1910) Pause Cleanup
[2024-05-30T13:22:05.782+0000][10065.201s][info][gc          ] GC(1910) Pause Cleanup 7130M->7130M(12288M) 0.686ms
[2024-05-30T13:22:05.782+0000][10065.201s][info][gc,cpu      ] GC(1910) User=0.00s Sys=0.00s Real=0.00s
[2024-05-30T13:22:05.782+0000][10065.201s][info][gc,marking  ] GC(1910) Concurrent Cleanup for Next Mark
[2024-05-30T13:22:05.799+0000][10065.218s][info][gc,marking  ] GC(1910) Concurrent Cleanup for Next Mark 16.871ms
[2024-05-30T13:22:05.799+0000][10065.218s][info][gc          ] GC(1910) Concurrent Mark Cycle 4112.905ms
[2024-05-30T13:22:06.760+0000][10066.180s][info][gc,start    ] GC(1912) Pause Young (Prepare Mixed) (G1 Evacuation Pause)
[2024-05-30T13:22:06.760+0000][10066.180s][info][gc,task     ] GC(1912) Using 6 workers of 6 for evacuation
[2024-05-30T13:22:06.853+0000][10066.272s][info][gc,phases   ] GC(1912)   Pre Evacuate Collection Set: 0.2ms
[2024-05-30T13:22:06.853+0000][10066.272s][info][gc,phases   ] GC(1912)   Merge Heap Roots: 0.5ms
[2024-05-30T13:22:06.853+0000][10066.272s][info][gc,phases   ] GC(1912)   Evacuate Collection Set: 78.4ms
[2024-05-30T13:22:06.853+0000][10066.272s][info][gc,phases   ] GC(1912)   Post Evacuate Collection Set: 13.1ms
[2024-05-30T13:22:06.853+0000][10066.272s][info][gc,phases   ] GC(1912)   Other: 0.2ms
[2024-05-30T13:22:06.853+0000][10066.272s][info][gc,heap     ] GC(1912) Eden regions: 771->0(56)
[2024-05-30T13:22:06.853+0000][10066.272s][info][gc,heap     ] GC(1912) Survivor regions: 18->20(99)
[2024-05-30T13:22:06.853+0000][10066.272s][info][gc,heap     ] GC(1912) Old regions: 414->414
[2024-05-30T13:22:06.853+0000][10066.272s][info][gc,heap     ] GC(1912) Archive regions: 2->2
[2024-05-30T13:22:06.853+0000][10066.272s][info][gc,heap     ] GC(1912) Humongous regions: 5->5
[2024-05-30T13:22:06.853+0000][10066.272s][info][gc,metaspace] GC(1912) Metaspace: 432852K(439808K)->432852K(439808K) NonClass: 378940K(382976K)->378940K(382976K) Class: 53911K(56832K)->53911K(56832K)
[2024-05-30T13:22:06.853+0000][10066.272s][info][gc          ] GC(1912) Pause Young (Prepare Mixed) (G1 Evacuation Pause) 9666M->3516M(12288M) 92.430ms
[2024-05-30T13:22:06.853+0000][10066.272s][info][gc,cpu      ] GC(1912) User=0.54s Sys=0.00s Real=0.09s
[2024-05-30T13:22:07.026+0000][10066.445s][info][gc,start    ] GC(1913) Pause Young (Mixed) (G1 Evacuation Pause)
[2024-05-30T13:22:07.026+0000][10066.445s][info][gc,task     ] GC(1913) Using 6 workers of 6 for evacuation
[2024-05-30T13:22:07.125+0000][10066.544s][info][gc,phases   ] GC(1913)   Pre Evacuate Collection Set: 0.2ms
[2024-05-30T13:22:07.125+0000][10066.544s][info][gc,phases   ] GC(1913)   Merge Heap Roots: 0.4ms
[2024-05-30T13:22:07.125+0000][10066.544s][info][gc,phases   ] GC(1913)   Evacuate Collection Set: 95.1ms
[2024-05-30T13:22:07.125+0000][10066.544s][info][gc,phases   ] GC(1913)   Post Evacuate Collection Set: 2.8ms
[2024-05-30T13:22:07.125+0000][10066.544s][info][gc,phases   ] GC(1913)   Other: 0.2ms
[2024-05-30T13:22:07.125+0000][10066.544s][info][gc,heap     ] GC(1913) Eden regions: 56->0(784)
[2024-05-30T13:22:07.125+0000][10066.544s][info][gc,heap     ] GC(1913) Survivor regions: 20->6(10)
[2024-05-30T13:22:07.125+0000][10066.544s][info][gc,heap     ] GC(1913) Old regions: 414->414
[2024-05-30T13:22:07.125+0000][10066.544s][info][gc,heap     ] GC(1913) Archive regions: 2->2
[2024-05-30T13:22:07.125+0000][10066.544s][info][gc,heap     ] GC(1913) Humongous regions: 5->5
[2024-05-30T13:22:07.125+0000][10066.544s][info][gc,metaspace] GC(1913) Metaspace: 432852K(439808K)->432852K(439808K) NonClass: 378940K(382976K)->378940K(382976K) Class: 53911K(56832K)->53911K(56832K)
[2024-05-30T13:22:07.125+0000][10066.544s][info][gc          ] GC(1913) Pause Young (Mixed) (G1 Evacuation Pause) 3964M->3395M(12288M) 98.675ms
[2024-05-30T13:22:07.125+0000][10066.544s][info][gc,cpu      ] GC(1913) User=0.58s Sys=0.00s Real=0.10s
[2024-05-30T13:22:09.258+0000][10068.677s][info][gc,start    ] GC(1914) Pause Young (Normal) (G1 Evacuation Pause)
[2024-05-30T13:22:09.258+0000][10068.677s][info][gc,task     ] GC(1914) Using 6 workers of 6 for evacuation
[2024-05-30T13:22:09.338+0000][10068.757s][info][gc,phases   ] GC(1914)   Pre Evacuate Collection Set: 0.2ms
[2024-05-30T13:22:09.338+0000][10068.757s][info][gc,phases   ] GC(1914)   Merge Heap Roots: 0.3ms
[2024-05-30T13:22:09.338+0000][10068.757s][info][gc,phases   ] GC(1914)   Evacuate Collection Set: 63.0ms
[2024-05-30T13:22:09.338+0000][10068.757s][info][gc,phases   ] GC(1914)   Post Evacuate Collection Set: 16.7ms
[2024-05-30T13:22:09.338+0000][10068.757s][info][gc,phases   ] GC(1914)   Other: 0.2ms
[2024-05-30T13:22:09.338+0000][10068.757s][info][gc,heap     ] GC(1914) Eden regions: 784->0(782)
[2024-05-30T13:22:09.338+0000][10068.757s][info][gc,heap     ] GC(1914) Survivor regions: 6->9(99)
[2024-05-30T13:22:09.338+0000][10068.757s][info][gc,heap     ] GC(1914) Old regions: 414->414
[2024-05-30T13:22:09.338+0000][10068.757s][info][gc,heap     ] GC(1914) Archive regions: 2->2
[2024-05-30T13:22:09.338+0000][10068.757s][info][gc,heap     ] GC(1914) Humongous regions: 5->5
[2024-05-30T13:22:09.338+0000][10068.757s][info][gc,metaspace] GC(1914) Metaspace: 432852K(439808K)->432852K(439808K) NonClass: 378940K(382976K)->378940K(382976K) Class: 53911K(56832K)->53911K(56832K)
[2024-05-30T13:22:09.338+0000][10068.757s][info][gc          ] GC(1914) Pause Young (Normal) (G1 Evacuation Pause) 9667M->3423M(12288M) 80.369ms
[2024-05-30T13:22:09.338+0000][10068.757s][info][gc,cpu      ] GC(1914) User=0.46s Sys=0.00s Real=0.08s
[2024-05-30T13:22:11.789+0000][10071.208s][info][gc,start    ] GC(1915) Pause Young (Normal) (G1 Evacuation Pause)
[2024-05-30T13:22:11.789+0000][10071.208s][info][gc,task     ] GC(1915) Using 6 workers of 6 for evacuation
[2024-05-30T13:22:11.881+0000][10071.300s][info][gc,phases   ] GC(1915)   Pre Evacuate Collection Set: 0.2ms
[2024-05-30T13:22:11.881+0000][10071.300s][info][gc,phases   ] GC(1915)   Merge Heap Roots: 0.3ms
[2024-05-30T13:22:11.881+0000][10071.300s][info][gc,phases   ] GC(1915)   Evacuate Collection Set: 74.1ms
[2024-05-30T13:22:11.881+0000][10071.300s][info][gc,phases   ] GC(1915)   Post Evacuate Collection Set: 17.4ms
[2024-05-30T13:22:11.881+0000][10071.300s][info][gc,phases   ] GC(1915)   Other: 0.2ms
[2024-05-30T13:22:11.881+0000][10071.300s][info][gc,heap     ] GC(1915) Eden regions: 782->0(778)
[2024-05-30T13:22:11.881+0000][10071.300s][info][gc,heap     ] GC(1915) Survivor regions: 9->13(99)
[2024-05-30T13:22:11.881+0000][10071.300s][info][gc,heap     ] GC(1915) Old regions: 414->414
[2024-05-30T13:22:11.881+0000][10071.300s][info][gc,heap     ] GC(1915) Archive regions: 2->2
[2024-05-30T13:22:11.881+0000][10071.300s][info][gc,heap     ] GC(1915) Humongous regions: 5->5
[2024-05-30T13:22:11.881+0000][10071.300s][info][gc,metaspace] GC(1915) Metaspace: 432852K(439808K)->432852K(439808K) NonClass: 378940K(382976K)->378940K(382976K) Class: 53911K(56832K)->53911K(56832K)
[2024-05-30T13:22:11.881+0000][10071.300s][info][gc          ] GC(1915) Pause Young (Normal) (G1 Evacuation Pause) 9679M->3455M(12288M) 92.288ms
[2024-05-30T13:22:11.881+0000][10071.300s][info][gc,cpu      ] GC(1915) User=0.54s Sys=0.00s Real=0.09s
[2024-05-30T13:22:14.167+0000][10073.586s][info][gc,start    ] GC(1916) Pause Young (Concurrent Start) (G1 Evacuation Pause)
[2024-05-30T13:22:14.167+0000][10073.586s][info][gc,task     ] GC(1916) Using 6 workers of 6 for evacuation
[2024-05-30T13:22:14.273+0000][10073.692s][info][gc,phases   ] GC(1916)   Pre Evacuate Collection Set: 0.5ms
[2024-05-30T13:22:14.273+0000][10073.692s][info][gc,phases   ] GC(1916)   Merge Heap Roots: 0.3ms
[2024-05-30T13:22:14.273+0000][10073.692s][info][gc,phases   ] GC(1916)   Evacuate Collection Set: 86.4ms
[2024-05-30T13:22:14.273+0000][10073.692s][info][gc,phases   ] GC(1916)   Post Evacuate Collection Set: 18.0ms
[2024-05-30T13:22:14.273+0000][10073.692s][info][gc,phases   ] GC(1916)   Other: 0.3ms
[2024-05-30T13:22:14.273+0000][10073.692s][info][gc,heap     ] GC(1916) Eden regions: 778->0(773)
[2024-05-30T13:22:14.273+0000][10073.692s][info][gc,heap     ] GC(1916) Survivor regions: 13->17(99)
[2024-05-30T13:22:14.273+0000][10073.692s][info][gc,heap     ] GC(1916) Old regions: 414->414
[2024-05-30T13:22:14.273+0000][10073.692s][info][gc,heap     ] GC(1916) Archive regions: 2->2
[2024-05-30T13:22:14.273+0000][10073.692s][info][gc,heap     ] GC(1916) Humongous regions: 5->5
[2024-05-30T13:22:14.273+0000][10073.692s][info][gc,metaspace] GC(1916) Metaspace: 432852K(439808K)->432852K(439808K) NonClass: 378940K(382976K)->378940K(382976K) Class: 53911K(56832K)->53911K(56832K)
[2024-05-30T13:22:14.273+0000][10073.692s][info][gc          ] GC(1916) Pause Young (Concurrent Start) (G1 Evacuation Pause) 9679M->3487M(12288M) 105.563ms
[2024-05-30T13:22:14.273+0000][10073.692s][info][gc,cpu      ] GC(1916) User=0.62s Sys=0.00s Real=0.11s
[2024-05-30T13:22:14.273+0000][10073.692s][info][gc          ] GC(1917) Concurrent Mark Cycle
[2024-05-30T13:22:14.273+0000][10073.692s][info][gc,marking  ] GC(1917) Concurrent Clear Claimed Marks
[2024-05-30T13:22:14.273+0000][10073.692s][info][gc,marking  ] GC(1917) Concurrent Clear Claimed Marks 0.396ms
[2024-05-30T13:22:14.273+0000][10073.692s][info][gc,marking  ] GC(1917) Concurrent Scan Root Regions
[2024-05-30T13:22:14.325+0000][10073.745s][info][gc,marking  ] GC(1917) Concurrent Scan Root Regions 52.143ms
[2024-05-30T13:22:14.325+0000][10073.745s][info][gc,marking  ] GC(1917) Concurrent Mark
[2024-05-30T13:22:14.325+0000][10073.745s][info][gc,marking  ] GC(1917) Concurrent Mark From Roots
[2024-05-30T13:22:14.325+0000][10073.745s][info][gc,task     ] GC(1917) Using 2 workers of 2 for marking
[2024-05-30T13:22:17.063+0000][10076.482s][info][gc,marking  ] GC(1917) Concurrent Mark From Roots 2737.526ms
[2024-05-30T13:22:17.063+0000][10076.482s][info][gc,marking  ] GC(1917) Concurrent Preclean
[2024-05-30T13:22:17.064+0000][10076.483s][info][gc,marking  ] GC(1917) Concurrent Preclean 1.251ms
[2024-05-30T13:22:17.064+0000][10076.484s][info][gc,start    ] GC(1917) Pause Remark
[2024-05-30T13:22:17.090+0000][10076.509s][info][gc          ] GC(1917) Pause Remark 8883M->8883M(12288M) 25.254ms
[2024-05-30T13:22:17.090+0000][10076.509s][info][gc,cpu      ] GC(1917) User=0.11s Sys=0.00s Real=0.03s
[2024-05-30T13:22:17.090+0000][10076.509s][info][gc,marking  ] GC(1917) Concurrent Mark 2764.409ms
[2024-05-30T13:22:17.090+0000][10076.509s][info][gc,marking  ] GC(1917) Concurrent Rebuild Remembered Sets
[2024-05-30T13:22:18.188+0000][10077.608s][info][gc,start    ] GC(1918) Pause Young (Normal) (G1 Evacuation Pause)
[2024-05-30T13:22:18.188+0000][10077.608s][info][gc,task     ] GC(1918) Using 6 workers of 6 for evacuation
[2024-05-30T13:22:18.305+0000][10077.724s][info][gc,phases   ] GC(1918)   Pre Evacuate Collection Set: 0.2ms
[2024-05-30T13:22:18.305+0000][10077.724s][info][gc,phases   ] GC(1918)   Merge Heap Roots: 1.0ms
[2024-05-30T13:22:18.305+0000][10077.724s][info][gc,phases   ] GC(1918)   Evacuate Collection Set: 98.4ms
[2024-05-30T13:22:18.305+0000][10077.724s][info][gc,phases   ] GC(1918)   Post Evacuate Collection Set: 16.6ms
[2024-05-30T13:22:18.305+0000][10077.724s][info][gc,phases   ] GC(1918)   Other: 0.3ms
[2024-05-30T13:22:18.305+0000][10077.724s][info][gc,heap     ] GC(1918) Eden regions: 773->0(765)
[2024-05-30T13:22:18.305+0000][10077.724s][info][gc,heap     ] GC(1918) Survivor regions: 17->21(99)
[2024-05-30T13:22:18.305+0000][10077.724s][info][gc,heap     ] GC(1918) Old regions: 414->414
[2024-05-30T13:22:18.305+0000][10077.724s][info][gc,heap     ] GC(1918) Archive regions: 2->2
[2024-05-30T13:22:18.305+0000][10077.724s][info][gc,heap     ] GC(1918) Humongous regions: 5->5
[2024-05-30T13:22:18.305+0000][10077.724s][info][gc,metaspace] GC(1918) Metaspace: 432854K(439808K)->432854K(439808K) NonClass: 378942K(382976K)->378942K(382976K) Class: 53911K(56832K)->53911K(56832K)
[2024-05-30T13:22:18.305+0000][10077.724s][info][gc          ] GC(1918) Pause Young (Normal) (G1 Evacuation Pause) 9671M->3515M(12288M) 116.390ms
[2024-05-30T13:22:18.305+0000][10077.724s][info][gc,cpu      ] GC(1918) User=0.67s Sys=0.01s Real=0.11s
[2024-05-30T13:22:18.768+0000][10078.187s][info][gc,marking  ] GC(1917) Concurrent Rebuild Remembered Sets 1678.336ms
[2024-05-30T13:22:18.768+0000][10078.188s][info][gc,start    ] GC(1917) Pause Cleanup
[2024-05-30T13:22:18.769+0000][10078.188s][info][gc          ] GC(1917) Pause Cleanup 4255M->4255M(12288M) 0.669ms
[2024-05-30T13:22:18.769+0000][10078.188s][info][gc,cpu      ] GC(1917) User=0.00s Sys=0.00s Real=0.00s
[2024-05-30T13:22:18.769+0000][10078.188s][info][gc,marking  ] GC(1917) Concurrent Cleanup for Next Mark
[2024-05-30T13:22:18.798+0000][10078.218s][info][gc,marking  ] GC(1917) Concurrent Cleanup for Next Mark 29.146ms
[2024-05-30T13:22:18.798+0000][10078.218s][info][gc          ] GC(1917) Concurrent Mark Cycle 4525.564ms
[2024-05-30T13:22:22.248+0000][10081.667s][info][gc,start    ] GC(1919) Pause Young (Prepare Mixed) (G1 Evacuation Pause)
[2024-05-30T13:22:22.248+0000][10081.667s][info][gc,task     ] GC(1919) Using 6 workers of 6 for evacuation
[2024-05-30T13:22:22.321+0000][10081.741s][info][gc,phases   ] GC(1919)   Pre Evacuate Collection Set: 0.2ms
[2024-05-30T13:22:22.322+0000][10081.741s][info][gc,phases   ] GC(1919)   Merge Heap Roots: 0.6ms
[2024-05-30T13:22:22.322+0000][10081.741s][info][gc,phases   ] GC(1919)   Evacuate Collection Set: 70.8ms
[2024-05-30T13:22:22.322+0000][10081.741s][info][gc,phases   ] GC(1919)   Post Evacuate Collection Set: 2.0ms
[2024-05-30T13:22:22.322+0000][10081.741s][info][gc,phases   ] GC(1919)   Other: 0.2ms
[2024-05-30T13:22:22.322+0000][10081.741s][info][gc,heap     ] GC(1919) Eden regions: 765->0(54)
[2024-05-30T13:22:22.322+0000][10081.741s][info][gc,heap     ] GC(1919) Survivor regions: 21->22(99)
[2024-05-30T13:22:22.322+0000][10081.741s][info][gc,heap     ] GC(1919) Old regions: 414->414
[2024-05-30T13:22:22.322+0000][10081.741s][info][gc,heap     ] GC(1919) Archive regions: 2->2
[2024-05-30T13:22:22.322+0000][10081.741s][info][gc,heap     ] GC(1919) Humongous regions: 5->5
[2024-05-30T13:22:22.322+0000][10081.741s][info][gc,metaspace] GC(1919) Metaspace: 432854K(439808K)->432854K(439808K) NonClass: 378942K(382976K)->378942K(382976K) Class: 53911K(56832K)->53911K(56832K)
[2024-05-30T13:22:22.322+0000][10081.741s][info][gc          ] GC(1919) Pause Young (Prepare Mixed) (G1 Evacuation Pause) 9635M->3527M(12288M) 73.939ms
[2024-05-30T13:22:22.322+0000][10081.741s][info][gc,cpu      ] GC(1919) User=0.44s Sys=0.00s Real=0.08s
[2024-05-30T13:22:22.615+0000][10082.035s][info][gc,start    ] GC(1920) Pause Young (Mixed) (G1 Evacuation Pause)
[2024-05-30T13:22:22.615+0000][10082.035s][info][gc,task     ] GC(1920) Using 6 workers of 6 for evacuation
[2024-05-30T13:22:22.710+0000][10082.129s][info][gc,phases   ] GC(1920)   Pre Evacuate Collection Set: 0.2ms
[2024-05-30T13:22:22.710+0000][10082.129s][info][gc,phases   ] GC(1920)   Merge Heap Roots: 0.4ms
[2024-05-30T13:22:22.710+0000][10082.129s][info][gc,phases   ] GC(1920)   Evacuate Collection Set: 92.5ms
[2024-05-30T13:22:22.710+0000][10082.129s][info][gc,phases   ] GC(1920)   Post Evacuate Collection Set: 1.3ms
[2024-05-30T13:22:22.710+0000][10082.129s][info][gc,phases   ] GC(1920)   Other: 0.2ms
[2024-05-30T13:22:22.710+0000][10082.129s][info][gc,heap     ] GC(1920) Eden regions: 54->0(785)
[2024-05-30T13:22:22.710+0000][10082.129s][info][gc,heap     ] GC(1920) Survivor regions: 22->5(10)
[2024-05-30T13:22:22.710+0000][10082.129s][info][gc,heap     ] GC(1920) Old regions: 414->416
[2024-05-30T13:22:22.710+0000][10082.129s][info][gc,heap     ] GC(1920) Archive regions: 2->2
[2024-05-30T13:22:22.710+0000][10082.129s][info][gc,heap     ] GC(1920) Humongous regions: 5->5
[2024-05-30T13:22:22.710+0000][10082.129s][info][gc,metaspace] GC(1920) Metaspace: 432854K(439808K)->432854K(439808K) NonClass: 378942K(382976K)->378942K(382976K) Class: 53911K(56832K)->53911K(56832K)
[2024-05-30T13:22:22.710+0000][10082.129s][info][gc          ] GC(1920) Pause Young (Mixed) (G1 Evacuation Pause) 3959M->3404M(12288M) 94.681ms
[2024-05-30T13:22:22.710+0000][10082.129s][info][gc,cpu      ] GC(1920) User=0.56s Sys=0.01s Real=0.10s
[2024-05-30T13:22:31.356+0000][10090.775s][info][gc,start    ] GC(1921) Pause Young (Normal) (G1 Evacuation Pause)
[2024-05-30T13:22:31.356+0000][10090.775s][info][gc,task     ] GC(1921) Using 6 workers of 6 for evacuation
[2024-05-30T13:22:31.373+0000][10090.792s][info][gc,phases   ] GC(1921)   Pre Evacuate Collection Set: 0.2ms
[2024-05-30T13:22:31.373+0000][10090.792s][info][gc,phases   ] GC(1921)   Merge Heap Roots: 0.2ms
[2024-05-30T13:22:31.373+0000][10090.792s][info][gc,phases   ] GC(1921)   Evacuate Collection Set: 14.2ms
[2024-05-30T13:22:31.373+0000][10090.792s][info][gc,phases   ] GC(1921)   Post Evacuate Collection Set: 1.7ms
[2024-05-30T13:22:31.373+0000][10090.792s][info][gc,phases   ] GC(1921)   Other: 0.2ms
[2024-05-30T13:22:31.373+0000][10090.792s][info][gc,heap     ] GC(1921) Eden regions: 785->0(783)
[2024-05-30T13:22:31.373+0000][10090.792s][info][gc,heap     ] GC(1921) Survivor regions: 5->7(99)
[2024-05-30T13:22:31.373+0000][10090.792s][info][gc,heap     ] GC(1921) Old regions: 416->416
[2024-05-30T13:22:31.373+0000][10090.792s][info][gc,heap     ] GC(1921) Archive regions: 2->2
[2024-05-30T13:22:31.373+0000][10090.792s][info][gc,heap     ] GC(1921) Humongous regions: 5->5
[2024-05-30T13:22:31.373+0000][10090.792s][info][gc,metaspace] GC(1921) Metaspace: 432854K(439808K)->432854K(439808K) NonClass: 378942K(382976K)->378942K(382976K) Class: 53911K(56832K)->53911K(56832K)
[2024-05-30T13:22:31.373+0000][10090.792s][info][gc          ] GC(1921) Pause Young (Normal) (G1 Evacuation Pause) 9684M->3418M(12288M) 16.648ms
[2024-05-30T13:22:31.373+0000][10090.792s][info][gc,cpu      ] GC(1921) User=0.09s Sys=0.01s Real=0.02s
[2024-05-30T13:22:39.827+0000][10099.246s][info][gc,start    ] GC(1922) Pause Young (Normal) (G1 Evacuation Pause)
[2024-05-30T13:22:39.827+0000][10099.246s][info][gc,task     ] GC(1922) Using 6 workers of 6 for evacuation
[2024-05-30T13:22:39.848+0000][10099.268s][info][gc,phases   ] GC(1922)   Pre Evacuate Collection Set: 0.2ms
[2024-05-30T13:22:39.848+0000][10099.268s][info][gc,phases   ] GC(1922)   Merge Heap Roots: 0.2ms
[2024-05-30T13:22:39.848+0000][10099.268s][info][gc,phases   ] GC(1922)   Evacuate Collection Set: 18.9ms
[2024-05-30T13:22:39.848+0000][10099.268s][info][gc,phases   ] GC(1922)   Post Evacuate Collection Set: 1.7ms
[2024-05-30T13:22:39.848+0000][10099.268s][info][gc,phases   ] GC(1922)   Other: 0.3ms
[2024-05-30T13:22:39.848+0000][10099.268s][info][gc,heap     ] GC(1922) Eden regions: 783->0(782)
[2024-05-30T13:22:39.848+0000][10099.268s][info][gc,heap     ] GC(1922) Survivor regions: 7->8(99)
[2024-05-30T13:22:39.848+0000][10099.268s][info][gc,heap     ] GC(1922) Old regions: 416->416
[2024-05-30T13:22:39.848+0000][10099.268s][info][gc,heap     ] GC(1922) Archive regions: 2->2
[2024-05-30T13:22:39.848+0000][10099.268s][info][gc,heap     ] GC(1922) Humongous regions: 5->5
[2024-05-30T13:22:39.848+0000][10099.268s][info][gc,metaspace] GC(1922) Metaspace: 432854K(439808K)->432854K(439808K) NonClass: 378942K(382976K)->378942K(382976K) Class: 53911K(56832K)->53911K(56832K)
[2024-05-30T13:22:39.848+0000][10099.268s][info][gc          ] GC(1922) Pause Young (Normal) (G1 Evacuation Pause) 9682M->3432M(12288M) 21.272ms
[2024-05-30T13:22:39.849+0000][10099.268s][info][gc,cpu      ] GC(1922) User=0.12s Sys=0.00s Real=0.03s
[2024-05-30T13:22:48.398+0000][10107.817s][info][gc,start    ] GC(1923) Pause Young (Concurrent Start) (G1 Evacuation Pause)
[2024-05-30T13:22:48.398+0000][10107.817s][info][gc,task     ] GC(1923) Using 6 workers of 6 for evacuation
[2024-05-30T13:22:48.426+0000][10107.845s][info][gc,phases   ] GC(1923)   Pre Evacuate Collection Set: 0.5ms
[2024-05-30T13:22:48.426+0000][10107.845s][info][gc,phases   ] GC(1923)   Merge Heap Roots: 0.3ms
[2024-05-30T13:22:48.426+0000][10107.845s][info][gc,phases   ] GC(1923)   Evacuate Collection Set: 25.0ms
[2024-05-30T13:22:48.426+0000][10107.845s][info][gc,phases   ] GC(1923)   Post Evacuate Collection Set: 1.8ms
[2024-05-30T13:22:48.426+0000][10107.845s][info][gc,phases   ] GC(1923)   Other: 0.3ms
[2024-05-30T13:22:48.426+0000][10107.845s][info][gc,heap     ] GC(1923) Eden regions: 782->0(778)
[2024-05-30T13:22:48.426+0000][10107.845s][info][gc,heap     ] GC(1923) Survivor regions: 8->12(99)
[2024-05-30T13:22:48.426+0000][10107.845s][info][gc,heap     ] GC(1923) Old regions: 416->416
[2024-05-30T13:22:48.426+0000][10107.845s][info][gc,heap     ] GC(1923) Archive regions: 2->2
[2024-05-30T13:22:48.426+0000][10107.845s][info][gc,heap     ] GC(1923) Humongous regions: 5->5
[2024-05-30T13:22:48.426+0000][10107.845s][info][gc,metaspace] GC(1923) Metaspace: 432855K(439808K)->432855K(439808K) NonClass: 378943K(382976K)->378943K(382976K) Class: 53911K(56832K)->53911K(56832K)
[2024-05-30T13:22:48.426+0000][10107.845s][info][gc          ] GC(1923) Pause Young (Concurrent Start) (G1 Evacuation Pause) 9688M->3460M(12288M) 27.965ms
[2024-05-30T13:22:48.426+0000][10107.845s][info][gc,cpu      ] GC(1923) User=0.16s Sys=0.00s Real=0.02s
[2024-05-30T13:22:48.426+0000][10107.845s][info][gc          ] GC(1924) Concurrent Mark Cycle
[2024-05-30T13:22:48.426+0000][10107.845s][info][gc,marking  ] GC(1924) Concurrent Clear Claimed Marks
[2024-05-30T13:22:48.427+0000][10107.846s][info][gc,marking  ] GC(1924) Concurrent Clear Claimed Marks 0.403ms
[2024-05-30T13:22:48.427+0000][10107.846s][info][gc,marking  ] GC(1924) Concurrent Scan Root Regions
[2024-05-30T13:22:48.447+0000][10107.866s][info][gc,marking  ] GC(1924) Concurrent Scan Root Regions 20.427ms
[2024-05-30T13:22:48.447+0000][10107.866s][info][gc,marking  ] GC(1924) Concurrent Mark
[2024-05-30T13:22:48.447+0000][10107.866s][info][gc,marking  ] GC(1924) Concurrent Mark From Roots
[2024-05-30T13:22:48.447+0000][10107.866s][info][gc,task     ] GC(1924) Using 2 workers of 2 for marking
[2024-05-30T13:22:51.166+0000][10110.585s][info][gc,marking  ] GC(1924) Concurrent Mark From Roots 2718.616ms
[2024-05-30T13:22:51.166+0000][10110.585s][info][gc,marking  ] GC(1924) Concurrent Preclean
[2024-05-30T13:22:51.167+0000][10110.586s][info][gc,marking  ] GC(1924) Concurrent Preclean 1.237ms
[2024-05-30T13:22:51.167+0000][10110.586s][info][gc,start    ] GC(1924) Pause Remark
[2024-05-30T13:22:51.191+0000][10110.610s][info][gc          ] GC(1924) Pause Remark 5296M->5296M(12288M) 23.672ms
[2024-05-30T13:22:51.191+0000][10110.610s][info][gc,cpu      ] GC(1924) User=0.11s Sys=0.00s Real=0.03s
[2024-05-30T13:22:51.191+0000][10110.610s][info][gc,marking  ] GC(1924) Concurrent Mark 2743.942ms
[2024-05-30T13:22:51.191+0000][10110.610s][info][gc,marking  ] GC(1924) Concurrent Rebuild Remembered Sets
[2024-05-30T13:22:52.661+0000][10112.080s][info][gc,marking  ] GC(1924) Concurrent Rebuild Remembered Sets 1470.115ms
[2024-05-30T13:22:52.661+0000][10112.080s][info][gc,start    ] GC(1924) Pause Cleanup
[2024-05-30T13:22:52.662+0000][10112.081s][info][gc          ] GC(1924) Pause Cleanup 6304M->6304M(12288M) 0.712ms
[2024-05-30T13:22:52.662+0000][10112.081s][info][gc,cpu      ] GC(1924) User=0.00s Sys=0.00s Real=0.00s
[2024-05-30T13:22:52.662+0000][10112.081s][info][gc,marking  ] GC(1924) Concurrent Cleanup for Next Mark
[2024-05-30T13:22:52.679+0000][10112.099s][info][gc,marking  ] GC(1924) Concurrent Cleanup for Next Mark 17.389ms
[2024-05-30T13:22:52.680+0000][10112.099s][info][gc          ] GC(1924) Concurrent Mark Cycle 4253.442ms
[2024-05-30T13:22:56.811+0000][10116.231s][info][gc,start    ] GC(1925) Pause Young (Prepare Mixed) (G1 Evacuation Pause)
[2024-05-30T13:22:56.811+0000][10116.231s][info][gc,task     ] GC(1925) Using 6 workers of 6 for evacuation
[2024-05-30T13:22:56.845+0000][10116.264s][info][gc,phases   ] GC(1925)   Pre Evacuate Collection Set: 0.2ms
[2024-05-30T13:22:56.845+0000][10116.264s][info][gc,phases   ] GC(1925)   Merge Heap Roots: 0.3ms
[2024-05-30T13:22:56.845+0000][10116.264s][info][gc,phases   ] GC(1925)   Evacuate Collection Set: 29.4ms
[2024-05-30T13:22:56.845+0000][10116.264s][info][gc,phases   ] GC(1925)   Post Evacuate Collection Set: 3.3ms
[2024-05-30T13:22:56.845+0000][10116.264s][info][gc,phases   ] GC(1925)   Other: 0.2ms
[2024-05-30T13:22:56.845+0000][10116.264s][info][gc,heap     ] GC(1925) Eden regions: 778->0(63)
[2024-05-30T13:22:56.845+0000][10116.264s][info][gc,heap     ] GC(1925) Survivor regions: 12->13(99)
[2024-05-30T13:22:56.845+0000][10116.264s][info][gc,heap     ] GC(1925) Old regions: 416->416
[2024-05-30T13:22:56.845+0000][10116.264s][info][gc,heap     ] GC(1925) Archive regions: 2->2
[2024-05-30T13:22:56.845+0000][10116.264s][info][gc,heap     ] GC(1925) Humongous regions: 5->5
[2024-05-30T13:22:56.845+0000][10116.264s][info][gc,metaspace] GC(1925) Metaspace: 432855K(439808K)->432855K(439808K) NonClass: 378944K(382976K)->378944K(382976K) Class: 53911K(56832K)->53911K(56832K)
[2024-05-30T13:22:56.845+0000][10116.264s][info][gc          ] GC(1925) Pause Young (Prepare Mixed) (G1 Evacuation Pause) 9684M->3472M(12288M) 33.420ms
[2024-05-30T13:22:56.845+0000][10116.264s][info][gc,cpu      ] GC(1925) User=0.18s Sys=0.00s Real=0.03s
[2024-05-30T13:22:57.538+0000][10116.957s][info][gc,start    ] GC(1926) Pause Young (Mixed) (G1 Evacuation Pause)
[2024-05-30T13:22:57.538+0000][10116.957s][info][gc,task     ] GC(1926) Using 6 workers of 6 for evacuation
[2024-05-30T13:22:57.612+0000][10117.032s][info][gc,phases   ] GC(1926)   Pre Evacuate Collection Set: 0.2ms
[2024-05-30T13:22:57.612+0000][10117.032s][info][gc,phases   ] GC(1926)   Merge Heap Roots: 0.3ms
[2024-05-30T13:22:57.612+0000][10117.032s][info][gc,phases   ] GC(1926)   Evacuate Collection Set: 72.1ms
[2024-05-30T13:22:57.612+0000][10117.032s][info][gc,phases   ] GC(1926)   Post Evacuate Collection Set: 1.3ms
[2024-05-30T13:22:57.612+0000][10117.032s][info][gc,phases   ] GC(1926)   Other: 0.2ms
[2024-05-30T13:22:57.612+0000][10117.032s][info][gc,heap     ] GC(1926) Eden regions: 63->0(790)
[2024-05-30T13:22:57.612+0000][10117.032s][info][gc,heap     ] GC(1926) Survivor regions: 13->5(10)
[2024-05-30T13:22:57.612+0000][10117.032s][info][gc,heap     ] GC(1926) Old regions: 416->410
[2024-05-30T13:22:57.612+0000][10117.032s][info][gc,heap     ] GC(1926) Archive regions: 2->2
[2024-05-30T13:22:57.612+0000][10117.032s][info][gc,heap     ] GC(1926) Humongous regions: 5->5
[2024-05-30T13:22:57.612+0000][10117.032s][info][gc,metaspace] GC(1926) Metaspace: 432855K(439808K)->432855K(439808K) NonClass: 378944K(382976K)->378944K(382976K) Class: 53911K(56832K)->53911K(56832K)
[2024-05-30T13:22:57.612+0000][10117.032s][info][gc          ] GC(1926) Pause Young (Mixed) (G1 Evacuation Pause) 3976M->3357M(12288M) 74.238ms
[2024-05-30T13:22:57.612+0000][10117.032s][info][gc,cpu      ] GC(1926) User=0.43s Sys=0.00s Real=0.07s
[2024-05-30T13:23:06.317+0000][10125.736s][info][gc,start    ] GC(1927) Pause Young (Normal) (G1 Evacuation Pause)
[2024-05-30T13:23:06.317+0000][10125.736s][info][gc,task     ] GC(1927) Using 6 workers of 6 for evacuation
[2024-05-30T13:23:06.336+0000][10125.755s][info][gc,phases   ] GC(1927)   Pre Evacuate Collection Set: 0.2ms
[2024-05-30T13:23:06.336+0000][10125.755s][info][gc,phases   ] GC(1927)   Merge Heap Roots: 0.2ms
[2024-05-30T13:23:06.336+0000][10125.755s][info][gc,phases   ] GC(1927)   Evacuate Collection Set: 17.0ms
[2024-05-30T13:23:06.336+0000][10125.755s][info][gc,phases   ] GC(1927)   Post Evacuate Collection Set: 1.8ms
[2024-05-30T13:23:06.336+0000][10125.755s][info][gc,phases   ] GC(1927)   Other: 0.2ms
[2024-05-30T13:23:06.336+0000][10125.755s][info][gc,heap     ] GC(1927) Eden regions: 790->0(789)
[2024-05-30T13:23:06.336+0000][10125.755s][info][gc,heap     ] GC(1927) Survivor regions: 5->7(100)
[2024-05-30T13:23:06.336+0000][10125.755s][info][gc,heap     ] GC(1927) Old regions: 410->410
[2024-05-30T13:23:06.336+0000][10125.755s][info][gc,heap     ] GC(1927) Archive regions: 2->2
[2024-05-30T13:23:06.336+0000][10125.755s][info][gc,heap     ] GC(1927) Humongous regions: 5->5
[2024-05-30T13:23:06.336+0000][10125.755s][info][gc,metaspace] GC(1927) Metaspace: 432857K(439808K)->432857K(439808K) NonClass: 378945K(382976K)->378945K(382976K) Class: 53911K(56832K)->53911K(56832K)
[2024-05-30T13:23:06.336+0000][10125.755s][info][gc          ] GC(1927) Pause Young (Normal) (G1 Evacuation Pause) 9677M->3368M(12288M) 19.445ms
[2024-05-30T13:23:06.336+0000][10125.755s][info][gc,cpu      ] GC(1927) User=0.11s Sys=0.00s Real=0.01s
[2024-05-30T13:23:15.025+0000][10134.444s][info][gc,start    ] GC(1928) Pause Young (Normal) (G1 Evacuation Pause)
[2024-05-30T13:23:15.025+0000][10134.444s][info][gc,task     ] GC(1928) Using 6 workers of 6 for evacuation
[2024-05-30T13:23:15.052+0000][10134.471s][info][gc,phases   ] GC(1928)   Pre Evacuate Collection Set: 0.2ms
[2024-05-30T13:23:15.052+0000][10134.471s][info][gc,phases   ] GC(1928)   Merge Heap Roots: 0.2ms
[2024-05-30T13:23:15.052+0000][10134.471s][info][gc,phases   ] GC(1928)   Evacuate Collection Set: 24.5ms
[2024-05-30T13:23:15.052+0000][10134.471s][info][gc,phases   ] GC(1928)   Post Evacuate Collection Set: 1.8ms
[2024-05-30T13:23:15.052+0000][10134.471s][info][gc,phases   ] GC(1928)   Other: 0.2ms
[2024-05-30T13:23:15.052+0000][10134.471s][info][gc,heap     ] GC(1928) Eden regions: 789->0(787)
[2024-05-30T13:23:15.052+0000][10134.471s][info][gc,heap     ] GC(1928) Survivor regions: 7->10(100)
[2024-05-30T13:23:15.052+0000][10134.471s][info][gc,heap     ] GC(1928) Old regions: 410->410
[2024-05-30T13:23:15.052+0000][10134.471s][info][gc,heap     ] GC(1928) Archive regions: 2->2
[2024-05-30T13:23:15.052+0000][10134.471s][info][gc,heap     ] GC(1928) Humongous regions: 5->5
[2024-05-30T13:23:15.052+0000][10134.471s][info][gc,metaspace] GC(1928) Metaspace: 432860K(439808K)->432860K(439808K) NonClass: 378948K(382976K)->378948K(382976K) Class: 53911K(56832K)->53911K(56832K)
[2024-05-30T13:23:15.052+0000][10134.471s][info][gc          ] GC(1928) Pause Young (Normal) (G1 Evacuation Pause) 9680M->3395M(12288M) 26.927ms
[2024-05-30T13:23:15.052+0000][10134.471s][info][gc,cpu      ] GC(1928) User=0.16s Sys=0.00s Real=0.03s
[2024-05-30T13:23:23.782+0000][10143.201s][info][gc,start    ] GC(1929) Pause Young (Concurrent Start) (G1 Evacuation Pause)
[2024-05-30T13:23:23.782+0000][10143.201s][info][gc,task     ] GC(1929) Using 6 workers of 6 for evacuation
[2024-05-30T13:23:23.816+0000][10143.235s][info][gc,phases   ] GC(1929)   Pre Evacuate Collection Set: 0.6ms
[2024-05-30T13:23:23.816+0000][10143.235s][info][gc,phases   ] GC(1929)   Merge Heap Roots: 0.2ms
[2024-05-30T13:23:23.816+0000][10143.235s][info][gc,phases   ] GC(1929)   Evacuate Collection Set: 31.1ms
[2024-05-30T13:23:23.816+0000][10143.235s][info][gc,phases   ] GC(1929)   Post Evacuate Collection Set: 2.0ms
[2024-05-30T13:23:23.816+0000][10143.235s][info][gc,phases   ] GC(1929)   Other: 0.3ms
[2024-05-30T13:23:23.816+0000][10143.235s][info][gc,heap     ] GC(1929) Eden regions: 787->0(781)
[2024-05-30T13:23:23.816+0000][10143.235s][info][gc,heap     ] GC(1929) Survivor regions: 10->15(100)
[2024-05-30T13:23:23.816+0000][10143.235s][info][gc,heap     ] GC(1929) Old regions: 410->410
[2024-05-30T13:23:23.816+0000][10143.235s][info][gc,heap     ] GC(1929) Archive regions: 2->2
[2024-05-30T13:23:23.816+0000][10143.235s][info][gc,heap     ] GC(1929) Humongous regions: 5->5
[2024-05-30T13:23:23.816+0000][10143.235s][info][gc,metaspace] GC(1929) Metaspace: 432860K(439808K)->432860K(439808K) NonClass: 378948K(382976K)->378948K(382976K) Class: 53911K(56832K)->53911K(56832K)
[2024-05-30T13:23:23.816+0000][10143.235s][info][gc          ] GC(1929) Pause Young (Concurrent Start) (G1 Evacuation Pause) 9691M->3431M(12288M) 34.281ms
[2024-05-30T13:23:23.816+0000][10143.235s][info][gc,cpu      ] GC(1929) User=0.20s Sys=0.00s Real=0.03s
[2024-05-30T13:23:23.816+0000][10143.235s][info][gc          ] GC(1930) Concurrent Mark Cycle
[2024-05-30T13:23:23.816+0000][10143.236s][info][gc,marking  ] GC(1930) Concurrent Clear Claimed Marks
[2024-05-30T13:23:23.817+0000][10143.236s][info][gc,marking  ] GC(1930) Concurrent Clear Claimed Marks 0.493ms
[2024-05-30T13:23:23.817+0000][10143.236s][info][gc,marking  ] GC(1930) Concurrent Scan Root Regions
[2024-05-30T13:23:23.850+0000][10143.269s][info][gc,marking  ] GC(1930) Concurrent Scan Root Regions 32.711ms
[2024-05-30T13:23:23.850+0000][10143.269s][info][gc,marking  ] GC(1930) Concurrent Mark
[2024-05-30T13:23:23.850+0000][10143.269s][info][gc,marking  ] GC(1930) Concurrent Mark From Roots
[2024-05-30T13:23:23.850+0000][10143.269s][info][gc,task     ] GC(1930) Using 2 workers of 2 for marking
[2024-05-30T13:23:26.627+0000][10146.047s][info][gc,marking  ] GC(1930) Concurrent Mark From Roots 2777.783ms
[2024-05-30T13:23:26.627+0000][10146.047s][info][gc,marking  ] GC(1930) Concurrent Preclean
[2024-05-30T13:23:26.629+0000][10146.048s][info][gc,marking  ] GC(1930) Concurrent Preclean 1.449ms
[2024-05-30T13:23:26.629+0000][10146.048s][info][gc,start    ] GC(1930) Pause Remark
[2024-05-30T13:23:26.653+0000][10146.072s][info][gc          ] GC(1930) Pause Remark 5279M->5279M(12288M) 24.054ms
[2024-05-30T13:23:26.653+0000][10146.072s][info][gc,cpu      ] GC(1930) User=0.10s Sys=0.00s Real=0.02s
[2024-05-30T13:23:26.653+0000][10146.072s][info][gc,marking  ] GC(1930) Concurrent Mark 2803.687ms
[2024-05-30T13:23:26.653+0000][10146.072s][info][gc,marking  ] GC(1930) Concurrent Rebuild Remembered Sets
[2024-05-30T13:23:28.104+0000][10147.523s][info][gc,marking  ] GC(1930) Concurrent Rebuild Remembered Sets 1450.497ms
[2024-05-30T13:23:28.104+0000][10147.523s][info][gc,start    ] GC(1930) Pause Cleanup
[2024-05-30T13:23:28.105+0000][10147.524s][info][gc          ] GC(1930) Pause Cleanup 6279M->6279M(12288M) 0.739ms
[2024-05-30T13:23:28.105+0000][10147.524s][info][gc,cpu      ] GC(1930) User=0.00s Sys=0.00s Real=0.00s
[2024-05-30T13:23:28.105+0000][10147.524s][info][gc,marking  ] GC(1930) Concurrent Cleanup for Next Mark
[2024-05-30T13:23:28.122+0000][10147.542s][info][gc,marking  ] GC(1930) Concurrent Cleanup for Next Mark 17.475ms
[2024-05-30T13:23:28.122+0000][10147.542s][info][gc          ] GC(1930) Concurrent Mark Cycle 4306.086ms
[2024-05-30T13:23:32.381+0000][10151.800s][info][gc,start    ] GC(1931) Pause Young (Prepare Mixed) (G1 Evacuation Pause)
[2024-05-30T13:23:32.381+0000][10151.800s][info][gc,task     ] GC(1931) Using 6 workers of 6 for evacuation
[2024-05-30T13:23:32.422+0000][10151.841s][info][gc,phases   ] GC(1931)   Pre Evacuate Collection Set: 0.2ms
[2024-05-30T13:23:32.422+0000][10151.841s][info][gc,phases   ] GC(1931)   Merge Heap Roots: 0.3ms
[2024-05-30T13:23:32.422+0000][10151.841s][info][gc,phases   ] GC(1931)   Evacuate Collection Set: 38.7ms
[2024-05-30T13:23:32.422+0000][10151.841s][info][gc,phases   ] GC(1931)   Post Evacuate Collection Set: 1.9ms
[2024-05-30T13:23:32.422+0000][10151.841s][info][gc,phases   ] GC(1931)   Other: 0.2ms
[2024-05-30T13:23:32.422+0000][10151.841s][info][gc,heap     ] GC(1931) Eden regions: 781->0(62)
[2024-05-30T13:23:32.422+0000][10151.841s][info][gc,heap     ] GC(1931) Survivor regions: 15->14(100)
[2024-05-30T13:23:32.422+0000][10151.841s][info][gc,heap     ] GC(1931) Old regions: 410->410
[2024-05-30T13:23:32.422+0000][10151.841s][info][gc,heap     ] GC(1931) Archive regions: 2->2
[2024-05-30T13:23:32.422+0000][10151.841s][info][gc,heap     ] GC(1931) Humongous regions: 5->5
[2024-05-30T13:23:32.422+0000][10151.841s][info][gc,metaspace] GC(1931) Metaspace: 432861K(439808K)->432861K(439808K) NonClass: 378949K(382976K)->378949K(382976K) Class: 53911K(56832K)->53911K(56832K)
[2024-05-30T13:23:32.422+0000][10151.841s][info][gc          ] GC(1931) Pause Young (Prepare Mixed) (G1 Evacuation Pause) 9679M->3428M(12288M) 41.344ms
[2024-05-30T13:23:32.422+0000][10151.841s][info][gc,cpu      ] GC(1931) User=0.25s Sys=0.00s Real=0.04s
[2024-05-30T13:23:33.063+0000][10152.482s][info][gc,start    ] GC(1932) Pause Young (Mixed) (G1 Evacuation Pause)
[2024-05-30T13:23:33.063+0000][10152.482s][info][gc,task     ] GC(1932) Using 6 workers of 6 for evacuation
[2024-05-30T13:23:33.145+0000][10152.564s][info][gc,phases   ] GC(1932)   Pre Evacuate Collection Set: 0.2ms
[2024-05-30T13:23:33.145+0000][10152.564s][info][gc,phases   ] GC(1932)   Merge Heap Roots: 0.4ms
[2024-05-30T13:23:33.145+0000][10152.564s][info][gc,phases   ] GC(1932)   Evacuate Collection Set: 79.8ms
[2024-05-30T13:23:33.145+0000][10152.564s][info][gc,phases   ] GC(1932)   Post Evacuate Collection Set: 1.4ms
[2024-05-30T13:23:33.145+0000][10152.564s][info][gc,phases   ] GC(1932)   Other: 0.2ms
[2024-05-30T13:23:33.145+0000][10152.564s][info][gc,heap     ] GC(1932) Eden regions: 62->0(796)
[2024-05-30T13:23:33.145+0000][10152.564s][info][gc,heap     ] GC(1932) Survivor regions: 14->4(10)
[2024-05-30T13:23:33.145+0000][10152.564s][info][gc,heap     ] GC(1932) Old regions: 410->406
[2024-05-30T13:23:33.145+0000][10152.564s][info][gc,heap     ] GC(1932) Archive regions: 2->2
[2024-05-30T13:23:33.145+0000][10152.564s][info][gc,heap     ] GC(1932) Humongous regions: 5->5
[2024-05-30T13:23:33.145+0000][10152.564s][info][gc,metaspace] GC(1932) Metaspace: 432861K(439808K)->432861K(439808K) NonClass: 378949K(382976K)->378949K(382976K) Class: 53911K(56832K)->53911K(56832K)
[2024-05-30T13:23:33.145+0000][10152.564s][info][gc          ] GC(1932) Pause Young (Mixed) (G1 Evacuation Pause) 3924M->3320M(12288M) 81.978ms
[2024-05-30T13:23:33.145+0000][10152.564s][info][gc,cpu      ] GC(1932) User=0.49s Sys=0.00s Real=0.08s
[2024-05-30T13:23:41.912+0000][10161.331s][info][gc,start    ] GC(1933) Pause Young (Normal) (G1 Evacuation Pause)
[2024-05-30T13:23:41.912+0000][10161.331s][info][gc,task     ] GC(1933) Using 6 workers of 6 for evacuation
[2024-05-30T13:23:41.933+0000][10161.352s][info][gc,phases   ] GC(1933)   Pre Evacuate Collection Set: 0.2ms
[2024-05-30T13:23:41.933+0000][10161.352s][info][gc,phases   ] GC(1933)   Merge Heap Roots: 0.2ms
[2024-05-30T13:23:41.933+0000][10161.352s][info][gc,phases   ] GC(1933)   Evacuate Collection Set: 18.1ms
[2024-05-30T13:23:41.933+0000][10161.352s][info][gc,phases   ] GC(1933)   Post Evacuate Collection Set: 1.8ms
[2024-05-30T13:23:41.933+0000][10161.352s][info][gc,phases   ] GC(1933)   Other: 0.2ms
[2024-05-30T13:23:41.933+0000][10161.352s][info][gc,heap     ] GC(1933) Eden regions: 796->0(794)
[2024-05-30T13:23:41.933+0000][10161.352s][info][gc,heap     ] GC(1933) Survivor regions: 4->7(100)
[2024-05-30T13:23:41.933+0000][10161.352s][info][gc,heap     ] GC(1933) Old regions: 406->406
[2024-05-30T13:23:41.933+0000][10161.352s][info][gc,heap     ] GC(1933) Archive regions: 2->2
[2024-05-30T13:23:41.933+0000][10161.352s][info][gc,heap     ] GC(1933) Humongous regions: 5->5
[2024-05-30T13:23:41.933+0000][10161.352s][info][gc,metaspace] GC(1933) Metaspace: 432861K(439808K)->432861K(439808K) NonClass: 378949K(382976K)->378949K(382976K) Class: 53911K(56832K)->53911K(56832K)
[2024-05-30T13:23:41.933+0000][10161.352s][info][gc          ] GC(1933) Pause Young (Normal) (G1 Evacuation Pause) 9688M->3342M(12288M) 20.512ms
[2024-05-30T13:23:41.933+0000][10161.352s][info][gc,cpu      ] GC(1933) User=0.12s Sys=0.00s Real=0.02s
[2024-05-30T13:23:50.873+0000][10170.293s][info][gc,start    ] GC(1934) Pause Young (Normal) (G1 Evacuation Pause)
[2024-05-30T13:23:50.873+0000][10170.293s][info][gc,task     ] GC(1934) Using 6 workers of 6 for evacuation
[2024-05-30T13:23:50.898+0000][10170.317s][info][gc,phases   ] GC(1934)   Pre Evacuate Collection Set: 0.2ms
[2024-05-30T13:23:50.898+0000][10170.317s][info][gc,phases   ] GC(1934)   Merge Heap Roots: 0.2ms
[2024-05-30T13:23:50.898+0000][10170.317s][info][gc,phases   ] GC(1934)   Evacuate Collection Set: 22.0ms
[2024-05-30T13:23:50.898+0000][10170.317s][info][gc,phases   ] GC(1934)   Post Evacuate Collection Set: 1.7ms
[2024-05-30T13:23:50.898+0000][10170.317s][info][gc,phases   ] GC(1934)   Other: 0.2ms
[2024-05-30T13:23:50.898+0000][10170.317s][info][gc,heap     ] GC(1934) Eden regions: 794->0(791)
[2024-05-30T13:23:50.898+0000][10170.317s][info][gc,heap     ] GC(1934) Survivor regions: 7->10(101)
[2024-05-30T13:23:50.898+0000][10170.317s][info][gc,heap     ] GC(1934) Old regions: 406->406
[2024-05-30T13:23:50.898+0000][10170.317s][info][gc,heap     ] GC(1934) Archive regions: 2->2
[2024-05-30T13:23:50.898+0000][10170.317s][info][gc,heap     ] GC(1934) Humongous regions: 5->5
[2024-05-30T13:23:50.898+0000][10170.317s][info][gc,metaspace] GC(1934) Metaspace: 432862K(439808K)->432862K(439808K) NonClass: 378950K(382976K)->378950K(382976K) Class: 53911K(56832K)->53911K(56832K)
[2024-05-30T13:23:50.898+0000][10170.317s][info][gc          ] GC(1934) Pause Young (Normal) (G1 Evacuation Pause) 9694M->3367M(12288M) 24.414ms
[2024-05-30T13:23:50.898+0000][10170.317s][info][gc,cpu      ] GC(1934) User=0.14s Sys=0.00s Real=0.03s
[2024-05-30T13:23:59.466+0000][10178.885s][info][gc,start    ] GC(1935) Pause Young (Concurrent Start) (G1 Evacuation Pause)
[2024-05-30T13:23:59.466+0000][10178.885s][info][gc,task     ] GC(1935) Using 6 workers of 6 for evacuation
[2024-05-30T13:23:59.503+0000][10178.922s][info][gc,phases   ] GC(1935)   Pre Evacuate Collection Set: 0.7ms
[2024-05-30T13:23:59.503+0000][10178.922s][info][gc,phases   ] GC(1935)   Merge Heap Roots: 0.3ms
[2024-05-30T13:23:59.503+0000][10178.922s][info][gc,phases   ] GC(1935)   Evacuate Collection Set: 34.0ms
[2024-05-30T13:23:59.503+0000][10178.922s][info][gc,phases   ] GC(1935)   Post Evacuate Collection Set: 1.9ms
[2024-05-30T13:23:59.503+0000][10178.922s][info][gc,phases   ] GC(1935)   Other: 0.3ms
[2024-05-30T13:23:59.503+0000][10178.922s][info][gc,heap     ] GC(1935) Eden regions: 791->0(789)
[2024-05-30T13:23:59.503+0000][10178.922s][info][gc,heap     ] GC(1935) Survivor regions: 10->12(101)
[2024-05-30T13:23:59.503+0000][10178.922s][info][gc,heap     ] GC(1935) Old regions: 406->406
[2024-05-30T13:23:59.503+0000][10178.922s][info][gc,heap     ] GC(1935) Archive regions: 2->2
[2024-05-30T13:23:59.503+0000][10178.922s][info][gc,heap     ] GC(1935) Humongous regions: 5->5
[2024-05-30T13:23:59.503+0000][10178.922s][info][gc,metaspace] GC(1935) Metaspace: 432862K(439808K)->432862K(439808K) NonClass: 378950K(382976K)->378950K(382976K) Class: 53911K(56832K)->53911K(56832K)
[2024-05-30T13:23:59.503+0000][10178.922s][info][gc          ] GC(1935) Pause Young (Concurrent Start) (G1 Evacuation Pause) 9695M->3380M(12288M) 37.149ms
[2024-05-30T13:23:59.503+0000][10178.922s][info][gc,cpu      ] GC(1935) User=0.22s Sys=0.00s Real=0.04s
[2024-05-30T13:23:59.503+0000][10178.922s][info][gc          ] GC(1936) Concurrent Mark Cycle
[2024-05-30T13:23:59.503+0000][10178.922s][info][gc,marking  ] GC(1936) Concurrent Clear Claimed Marks
[2024-05-30T13:23:59.503+0000][10178.923s][info][gc,marking  ] GC(1936) Concurrent Clear Claimed Marks 0.417ms
[2024-05-30T13:23:59.503+0000][10178.923s][info][gc,marking  ] GC(1936) Concurrent Scan Root Regions
[2024-05-30T13:23:59.532+0000][10178.952s][info][gc,marking  ] GC(1936) Concurrent Scan Root Regions 29.193ms
[2024-05-30T13:23:59.533+0000][10178.952s][info][gc,marking  ] GC(1936) Concurrent Mark
[2024-05-30T13:23:59.533+0000][10178.952s][info][gc,marking  ] GC(1936) Concurrent Mark From Roots
[2024-05-30T13:23:59.533+0000][10178.952s][info][gc,task     ] GC(1936) Using 2 workers of 2 for marking
[2024-05-30T13:24:02.420+0000][10181.839s][info][gc,marking  ] GC(1936) Concurrent Mark From Roots 2887.003ms
[2024-05-30T13:24:02.420+0000][10181.839s][info][gc,marking  ] GC(1936) Concurrent Preclean
[2024-05-30T13:24:02.421+0000][10181.840s][info][gc,marking  ] GC(1936) Concurrent Preclean 1.492ms
[2024-05-30T13:24:02.421+0000][10181.841s][info][gc,start    ] GC(1936) Pause Remark
[2024-05-30T13:24:02.445+0000][10181.865s][info][gc          ] GC(1936) Pause Remark 5316M->5316M(12288M) 24.041ms
[2024-05-30T13:24:02.445+0000][10181.865s][info][gc,cpu      ] GC(1936) User=0.11s Sys=0.00s Real=0.02s
[2024-05-30T13:24:02.446+0000][10181.865s][info][gc,marking  ] GC(1936) Concurrent Mark 2913.100ms
[2024-05-30T13:24:02.446+0000][10181.865s][info][gc,marking  ] GC(1936) Concurrent Rebuild Remembered Sets
[2024-05-30T13:24:03.907+0000][10183.326s][info][gc,marking  ] GC(1936) Concurrent Rebuild Remembered Sets 1461.002ms
[2024-05-30T13:24:03.907+0000][10183.326s][info][gc,start    ] GC(1936) Pause Cleanup
[2024-05-30T13:24:03.908+0000][10183.327s][info][gc          ] GC(1936) Pause Cleanup 6340M->6340M(12288M) 0.704ms
[2024-05-30T13:24:03.908+0000][10183.327s][info][gc,cpu      ] GC(1936) User=0.00s Sys=0.00s Real=0.00s
[2024-05-30T13:24:03.908+0000][10183.327s][info][gc,marking  ] GC(1936) Concurrent Cleanup for Next Mark
[2024-05-30T13:24:03.925+0000][10183.345s][info][gc,marking  ] GC(1936) Concurrent Cleanup for Next Mark 17.632ms
[2024-05-30T13:24:03.925+0000][10183.345s][info][gc          ] GC(1936) Concurrent Mark Cycle 4422.579ms
[2024-05-30T13:24:08.352+0000][10187.771s][info][gc,start    ] GC(1937) Pause Young (Prepare Mixed) (G1 Evacuation Pause)
[2024-05-30T13:24:08.352+0000][10187.771s][info][gc,task     ] GC(1937) Using 6 workers of 6 for evacuation
[2024-05-30T13:24:08.386+0000][10187.805s][info][gc,phases   ] GC(1937)   Pre Evacuate Collection Set: 0.2ms
[2024-05-30T13:24:08.386+0000][10187.805s][info][gc,phases   ] GC(1937)   Merge Heap Roots: 0.4ms
[2024-05-30T13:24:08.386+0000][10187.805s][info][gc,phases   ] GC(1937)   Evacuate Collection Set: 31.5ms
[2024-05-30T13:24:08.386+0000][10187.805s][info][gc,phases   ] GC(1937)   Post Evacuate Collection Set: 1.7ms
[2024-05-30T13:24:08.386+0000][10187.805s][info][gc,phases   ] GC(1937)   Other: 0.2ms
[2024-05-30T13:24:08.386+0000][10187.805s][info][gc,heap     ] GC(1937) Eden regions: 789->0(63)
[2024-05-30T13:24:08.386+0000][10187.805s][info][gc,heap     ] GC(1937) Survivor regions: 12->13(101)
[2024-05-30T13:24:08.386+0000][10187.805s][info][gc,heap     ] GC(1937) Old regions: 406->406
[2024-05-30T13:24:08.386+0000][10187.805s][info][gc,heap     ] GC(1937) Archive regions: 2->2
[2024-05-30T13:24:08.386+0000][10187.805s][info][gc,heap     ] GC(1937) Humongous regions: 5->5
[2024-05-30T13:24:08.386+0000][10187.805s][info][gc,metaspace] GC(1937) Metaspace: 432862K(439808K)->432862K(439808K) NonClass: 378950K(382976K)->378950K(382976K) Class: 53911K(56832K)->53911K(56832K)
[2024-05-30T13:24:08.386+0000][10187.805s][info][gc          ] GC(1937) Pause Young (Prepare Mixed) (G1 Evacuation Pause) 9692M->3391M(12288M) 34.053ms
[2024-05-30T13:24:08.386+0000][10187.805s][info][gc,cpu      ] GC(1937) User=0.20s Sys=0.00s Real=0.03s
[2024-05-30T13:24:09.080+0000][10188.499s][info][gc,start    ] GC(1938) Pause Young (Mixed) (G1 Evacuation Pause)
[2024-05-30T13:24:09.080+0000][10188.499s][info][gc,task     ] GC(1938) Using 6 workers of 6 for evacuation
[2024-05-30T13:24:09.164+0000][10188.583s][info][gc,phases   ] GC(1938)   Pre Evacuate Collection Set: 0.2ms
[2024-05-30T13:24:09.164+0000][10188.583s][info][gc,phases   ] GC(1938)   Merge Heap Roots: 0.4ms
[2024-05-30T13:24:09.164+0000][10188.583s][info][gc,phases   ] GC(1938)   Evacuate Collection Set: 81.9ms
[2024-05-30T13:24:09.164+0000][10188.583s][info][gc,phases   ] GC(1938)   Post Evacuate Collection Set: 1.2ms
[2024-05-30T13:24:09.164+0000][10188.583s][info][gc,phases   ] GC(1938)   Other: 0.2ms
[2024-05-30T13:24:09.164+0000][10188.583s][info][gc,heap     ] GC(1938) Eden regions: 63->0(798)
[2024-05-30T13:24:09.164+0000][10188.583s][info][gc,heap     ] GC(1938) Survivor regions: 13->5(10)
[2024-05-30T13:24:09.164+0000][10188.583s][info][gc,heap     ] GC(1938) Old regions: 406->405
[2024-05-30T13:24:09.164+0000][10188.583s][info][gc,heap     ] GC(1938) Archive regions: 2->2
[2024-05-30T13:24:09.164+0000][10188.583s][info][gc,heap     ] GC(1938) Humongous regions: 5->5
[2024-05-30T13:24:09.164+0000][10188.583s][info][gc,metaspace] GC(1938) Metaspace: 432862K(439808K)->432862K(439808K) NonClass: 378950K(382976K)->378950K(382976K) Class: 53911K(56832K)->53911K(56832K)
[2024-05-30T13:24:09.164+0000][10188.583s][info][gc          ] GC(1938) Pause Young (Mixed) (G1 Evacuation Pause) 3895M->3315M(12288M) 83.955ms
[2024-05-30T13:24:09.164+0000][10188.583s][info][gc,cpu      ] GC(1938) User=0.49s Sys=0.00s Real=0.08s
[2024-05-30T13:24:17.934+0000][10197.354s][info][gc,start    ] GC(1939) Pause Young (Normal) (G1 Evacuation Pause)
[2024-05-30T13:24:17.934+0000][10197.354s][info][gc,task     ] GC(1939) Using 6 workers of 6 for evacuation
[2024-05-30T13:24:17.954+0000][10197.373s][info][gc,phases   ] GC(1939)   Pre Evacuate Collection Set: 0.2ms
[2024-05-30T13:24:17.954+0000][10197.373s][info][gc,phases   ] GC(1939)   Merge Heap Roots: 0.2ms
[2024-05-30T13:24:17.954+0000][10197.373s][info][gc,phases   ] GC(1939)   Evacuate Collection Set: 17.5ms
[2024-05-30T13:24:17.954+0000][10197.373s][info][gc,phases   ] GC(1939)   Post Evacuate Collection Set: 1.7ms
[2024-05-30T13:24:17.954+0000][10197.373s][info][gc,phases   ] GC(1939)   Other: 0.2ms
[2024-05-30T13:24:17.954+0000][10197.373s][info][gc,heap     ] GC(1939) Eden regions: 798->0(796)
[2024-05-30T13:24:17.954+0000][10197.373s][info][gc,heap     ] GC(1939) Survivor regions: 5->7(101)
[2024-05-30T13:24:17.954+0000][10197.373s][info][gc,heap     ] GC(1939) Old regions: 405->405
[2024-05-30T13:24:17.954+0000][10197.373s][info][gc,heap     ] GC(1939) Archive regions: 2->2
[2024-05-30T13:24:17.954+0000][10197.373s][info][gc,heap     ] GC(1939) Humongous regions: 5->5
[2024-05-30T13:24:17.954+0000][10197.373s][info][gc,metaspace] GC(1939) Metaspace: 432862K(439808K)->432862K(439808K) NonClass: 378950K(382976K)->378950K(382976K) Class: 53911K(56832K)->53911K(56832K)
[2024-05-30T13:24:17.954+0000][10197.373s][info][gc          ] GC(1939) Pause Young (Normal) (G1 Evacuation Pause) 9699M->3336M(12288M) 19.824ms
[2024-05-30T13:24:17.954+0000][10197.374s][info][gc,cpu      ] GC(1939) User=0.12s Sys=0.00s Real=0.02s
[2024-05-30T13:24:26.710+0000][10206.130s][info][gc,start    ] GC(1940) Pause Young (Normal) (G1 Evacuation Pause)
[2024-05-30T13:24:26.710+0000][10206.130s][info][gc,task     ] GC(1940) Using 6 workers of 6 for evacuation
[2024-05-30T13:24:26.736+0000][10206.155s][info][gc,phases   ] GC(1940)   Pre Evacuate Collection Set: 0.2ms
[2024-05-30T13:24:26.736+0000][10206.156s][info][gc,phases   ] GC(1940)   Merge Heap Roots: 0.2ms
[2024-05-30T13:24:26.736+0000][10206.156s][info][gc,phases   ] GC(1940)   Evacuate Collection Set: 23.3ms
[2024-05-30T13:24:26.736+0000][10206.156s][info][gc,phases   ] GC(1940)   Post Evacuate Collection Set: 1.9ms
[2024-05-30T13:24:26.736+0000][10206.156s][info][gc,phases   ] GC(1940)   Other: 0.2ms
[2024-05-30T13:24:26.736+0000][10206.156s][info][gc,heap     ] GC(1940) Eden regions: 796->0(793)
[2024-05-30T13:24:26.736+0000][10206.156s][info][gc,heap     ] GC(1940) Survivor regions: 7->10(101)
[2024-05-30T13:24:26.736+0000][10206.156s][info][gc,heap     ] GC(1940) Old regions: 405->405
[2024-05-30T13:24:26.736+0000][10206.156s][info][gc,heap     ] GC(1940) Archive regions: 2->2
[2024-05-30T13:24:26.736+0000][10206.156s][info][gc,heap     ] GC(1940) Humongous regions: 5->5
[2024-05-30T13:24:26.736+0000][10206.156s][info][gc,metaspace] GC(1940) Metaspace: 432862K(439808K)->432862K(439808K) NonClass: 378950K(382976K)->378950K(382976K) Class: 53911K(56832K)->53911K(56832K)
[2024-05-30T13:24:26.736+0000][10206.156s][info][gc          ] GC(1940) Pause Young (Normal) (G1 Evacuation Pause) 9704M->3357M(12288M) 25.952ms
[2024-05-30T13:24:26.736+0000][10206.156s][info][gc,cpu      ] GC(1940) User=0.15s Sys=0.00s Real=0.03s
[2024-05-30T13:24:31.467+0000][10210.886s][info][gc,start    ] GC(1941) Pause Young (Concurrent Start) (G1 Evacuation Pause)
[2024-05-30T13:24:31.467+0000][10210.886s][info][gc,task     ] GC(1941) Using 6 workers of 6 for evacuation
[2024-05-30T13:24:31.541+0000][10210.960s][info][gc,phases   ] GC(1941)   Pre Evacuate Collection Set: 0.5ms
[2024-05-30T13:24:31.541+0000][10210.960s][info][gc,phases   ] GC(1941)   Merge Heap Roots: 0.2ms
[2024-05-30T13:24:31.541+0000][10210.960s][info][gc,phases   ] GC(1941)   Evacuate Collection Set: 59.3ms
[2024-05-30T13:24:31.541+0000][10210.960s][info][gc,phases   ] GC(1941)   Post Evacuate Collection Set: 13.3ms
[2024-05-30T13:24:31.541+0000][10210.960s][info][gc,phases   ] GC(1941)   Other: 0.3ms
[2024-05-30T13:24:31.541+0000][10210.960s][info][gc,heap     ] GC(1941) Eden regions: 793->0(787)
[2024-05-30T13:24:31.541+0000][10210.960s][info][gc,heap     ] GC(1941) Survivor regions: 10->14(101)
[2024-05-30T13:24:31.541+0000][10210.960s][info][gc,heap     ] GC(1941) Old regions: 405->405
[2024-05-30T13:24:31.541+0000][10210.960s][info][gc,heap     ] GC(1941) Archive regions: 2->2
[2024-05-30T13:24:31.541+0000][10210.960s][info][gc,heap     ] GC(1941) Humongous regions: 5->5
[2024-05-30T13:24:31.541+0000][10210.960s][info][gc,metaspace] GC(1941) Metaspace: 432862K(439808K)->432862K(439808K) NonClass: 378950K(382976K)->378950K(382976K) Class: 53911K(56832K)->53911K(56832K)
[2024-05-30T13:24:31.541+0000][10210.960s][info][gc          ] GC(1941) Pause Young (Concurrent Start) (G1 Evacuation Pause) 9701M->3392M(12288M) 73.717ms
[2024-05-30T13:24:31.541+0000][10210.960s][info][gc,cpu      ] GC(1941) User=0.43s Sys=0.00s Real=0.08s
[2024-05-30T13:24:31.541+0000][10210.960s][info][gc          ] GC(1942) Concurrent Mark Cycle
[2024-05-30T13:24:31.541+0000][10210.960s][info][gc,marking  ] GC(1942) Concurrent Clear Claimed Marks
[2024-05-30T13:24:31.541+0000][10210.961s][info][gc,marking  ] GC(1942) Concurrent Clear Claimed Marks 0.436ms
[2024-05-30T13:24:31.541+0000][10210.961s][info][gc,marking  ] GC(1942) Concurrent Scan Root Regions
[2024-05-30T13:24:31.581+0000][10211.000s][info][gc,marking  ] GC(1942) Concurrent Scan Root Regions 39.183ms
[2024-05-30T13:24:31.581+0000][10211.000s][info][gc,marking  ] GC(1942) Concurrent Mark
[2024-05-30T13:24:31.581+0000][10211.000s][info][gc,marking  ] GC(1942) Concurrent Mark From Roots
[2024-05-30T13:24:31.581+0000][10211.000s][info][gc,task     ] GC(1942) Using 2 workers of 2 for marking
[2024-05-30T13:24:34.657+0000][10214.076s][info][gc,marking  ] GC(1942) Concurrent Mark From Roots 3076.402ms
[2024-05-30T13:24:34.657+0000][10214.076s][info][gc,marking  ] GC(1942) Concurrent Preclean
[2024-05-30T13:24:34.658+0000][10214.078s][info][gc,marking  ] GC(1942) Concurrent Preclean 1.231ms
[2024-05-30T13:24:34.659+0000][10214.078s][info][gc,start    ] GC(1942) Pause Remark
[2024-05-30T13:24:34.684+0000][10214.104s][info][gc          ] GC(1942) Pause Remark 9637M->9637M(12288M) 25.758ms
[2024-05-30T13:24:34.684+0000][10214.104s][info][gc,cpu      ] GC(1942) User=0.11s Sys=0.00s Real=0.02s
[2024-05-30T13:24:34.685+0000][10214.104s][info][gc,marking  ] GC(1942) Concurrent Mark 3103.900ms
[2024-05-30T13:24:34.685+0000][10214.104s][info][gc,marking  ] GC(1942) Concurrent Rebuild Remembered Sets
[2024-05-30T13:24:34.716+0000][10214.135s][info][gc,start    ] GC(1943) Pause Young (Normal) (G1 Evacuation Pause)
[2024-05-30T13:24:34.716+0000][10214.135s][info][gc,task     ] GC(1943) Using 6 workers of 6 for evacuation
[2024-05-30T13:24:34.804+0000][10214.224s][info][gc,phases   ] GC(1943)   Pre Evacuate Collection Set: 0.2ms
[2024-05-30T13:24:34.804+0000][10214.224s][info][gc,phases   ] GC(1943)   Merge Heap Roots: 0.3ms
[2024-05-30T13:24:34.804+0000][10214.224s][info][gc,phases   ] GC(1943)   Evacuate Collection Set: 71.3ms
[2024-05-30T13:24:34.804+0000][10214.224s][info][gc,phases   ] GC(1943)   Post Evacuate Collection Set: 16.5ms
[2024-05-30T13:24:34.804+0000][10214.224s][info][gc,phases   ] GC(1943)   Other: 0.2ms
[2024-05-30T13:24:34.804+0000][10214.224s][info][gc,heap     ] GC(1943) Eden regions: 787->0(778)
[2024-05-30T13:24:34.804+0000][10214.224s][info][gc,heap     ] GC(1943) Survivor regions: 14->19(101)
[2024-05-30T13:24:34.804+0000][10214.224s][info][gc,heap     ] GC(1943) Old regions: 405->405
[2024-05-30T13:24:34.804+0000][10214.224s][info][gc,heap     ] GC(1943) Archive regions: 2->2
[2024-05-30T13:24:34.804+0000][10214.224s][info][gc,heap     ] GC(1943) Humongous regions: 5->5
[2024-05-30T13:24:34.804+0000][10214.224s][info][gc,metaspace] GC(1943) Metaspace: 432862K(439808K)->432862K(439808K) NonClass: 378950K(382976K)->378950K(382976K) Class: 53911K(56832K)->53911K(56832K)
[2024-05-30T13:24:34.804+0000][10214.224s][info][gc          ] GC(1943) Pause Young (Normal) (G1 Evacuation Pause) 9688M->3428M(12288M) 88.542ms
[2024-05-30T13:24:34.804+0000][10214.224s][info][gc,cpu      ] GC(1943) User=0.52s Sys=0.01s Real=0.09s
[2024-05-30T13:24:36.320+0000][10215.739s][info][gc,marking  ] GC(1942) Concurrent Rebuild Remembered Sets 1635.039ms
[2024-05-30T13:24:36.320+0000][10215.739s][info][gc,start    ] GC(1942) Pause Cleanup
[2024-05-30T13:24:36.321+0000][10215.740s][info][gc          ] GC(1942) Pause Cleanup 6744M->6744M(12288M) 0.700ms
[2024-05-30T13:24:36.321+0000][10215.740s][info][gc,cpu      ] GC(1942) User=0.00s Sys=0.00s Real=0.00s
[2024-05-30T13:24:36.321+0000][10215.740s][info][gc,marking  ] GC(1942) Concurrent Cleanup for Next Mark
[2024-05-30T13:24:36.338+0000][10215.758s][info][gc,marking  ] GC(1942) Concurrent Cleanup for Next Mark 17.752ms
[2024-05-30T13:24:36.339+0000][10215.758s][info][gc          ] GC(1942) Concurrent Mark Cycle 4797.535ms
[2024-05-30T13:24:37.594+0000][10217.013s][info][gc,start    ] GC(1944) Pause Young (Prepare Mixed) (G1 Evacuation Pause)
[2024-05-30T13:24:37.594+0000][10217.013s][info][gc,task     ] GC(1944) Using 6 workers of 6 for evacuation
[2024-05-30T13:24:37.726+0000][10217.145s][info][gc,phases   ] GC(1944)   Pre Evacuate Collection Set: 0.2ms
[2024-05-30T13:24:37.726+0000][10217.145s][info][gc,phases   ] GC(1944)   Merge Heap Roots: 0.4ms
[2024-05-30T13:24:37.726+0000][10217.145s][info][gc,phases   ] GC(1944)   Evacuate Collection Set: 107.2ms
[2024-05-30T13:24:37.726+0000][10217.145s][info][gc,phases   ] GC(1944)   Post Evacuate Collection Set: 23.9ms
[2024-05-30T13:24:37.726+0000][10217.145s][info][gc,phases   ] GC(1944)   Other: 0.2ms
[2024-05-30T13:24:37.726+0000][10217.145s][info][gc,heap     ] GC(1944) Eden regions: 778->0(51)
[2024-05-30T13:24:37.726+0000][10217.145s][info][gc,heap     ] GC(1944) Survivor regions: 19->25(100)
[2024-05-30T13:24:37.726+0000][10217.145s][info][gc,heap     ] GC(1944) Old regions: 405->405
[2024-05-30T13:24:37.726+0000][10217.145s][info][gc,heap     ] GC(1944) Archive regions: 2->2
[2024-05-30T13:24:37.726+0000][10217.145s][info][gc,heap     ] GC(1944) Humongous regions: 6->6
[2024-05-30T13:24:37.726+0000][10217.145s][info][gc,metaspace] GC(1944) Metaspace: 432862K(439808K)->432862K(439808K) NonClass: 378950K(382976K)->378950K(382976K) Class: 53911K(56832K)->53911K(56832K)
[2024-05-30T13:24:37.726+0000][10217.145s][info][gc          ] GC(1944) Pause Young (Prepare Mixed) (G1 Evacuation Pause) 9660M->3484M(12288M) 131.973ms
[2024-05-30T13:24:37.726+0000][10217.145s][info][gc,cpu      ] GC(1944) User=0.77s Sys=0.00s Real=0.13s
[2024-05-30T13:24:37.928+0000][10217.348s][info][gc,start    ] GC(1945) Pause Young (Mixed) (G1 Evacuation Pause)
[2024-05-30T13:24:37.928+0000][10217.348s][info][gc,task     ] GC(1945) Using 6 workers of 6 for evacuation
[2024-05-30T13:24:38.059+0000][10217.478s][info][gc,phases   ] GC(1945)   Pre Evacuate Collection Set: 0.2ms
[2024-05-30T13:24:38.059+0000][10217.478s][info][gc,phases   ] GC(1945)   Merge Heap Roots: 0.4ms
[2024-05-30T13:24:38.059+0000][10217.478s][info][gc,phases   ] GC(1945)   Evacuate Collection Set: 127.6ms
[2024-05-30T13:24:38.059+0000][10217.478s][info][gc,phases   ] GC(1945)   Post Evacuate Collection Set: 2.4ms
[2024-05-30T13:24:38.059+0000][10217.478s][info][gc,phases   ] GC(1945)   Other: 0.2ms
[2024-05-30T13:24:38.059+0000][10217.478s][info][gc,heap     ] GC(1945) Eden regions: 51->0(780)
[2024-05-30T13:24:38.059+0000][10217.478s][info][gc,heap     ] GC(1945) Survivor regions: 25->3(10)
[2024-05-30T13:24:38.059+0000][10217.478s][info][gc,heap     ] GC(1945) Old regions: 405->419
[2024-05-30T13:24:38.059+0000][10217.478s][info][gc,heap     ] GC(1945) Archive regions: 2->2
[2024-05-30T13:24:38.059+0000][10217.478s][info][gc,heap     ] GC(1945) Humongous regions: 6->6
[2024-05-30T13:24:38.059+0000][10217.478s][info][gc,metaspace] GC(1945) Metaspace: 432862K(439808K)->432862K(439808K) NonClass: 378950K(382976K)->378950K(382976K) Class: 53911K(56832K)->53911K(56832K)
[2024-05-30T13:24:38.059+0000][10217.478s][info][gc          ] GC(1945) Pause Young (Mixed) (G1 Evacuation Pause) 3892M->3427M(12288M) 130.703ms
[2024-05-30T13:24:38.059+0000][10217.478s][info][gc,cpu      ] GC(1945) User=0.78s Sys=0.00s Real=0.13s
[2024-05-30T13:24:40.508+0000][10219.928s][info][gc,start    ] GC(1946) Pause Young (Normal) (G1 Evacuation Pause)
[2024-05-30T13:24:40.508+0000][10219.928s][info][gc,task     ] GC(1946) Using 6 workers of 6 for evacuation
[2024-05-30T13:24:40.581+0000][10220.000s][info][gc,phases   ] GC(1946)   Pre Evacuate Collection Set: 0.2ms
[2024-05-30T13:24:40.581+0000][10220.000s][info][gc,phases   ] GC(1946)   Merge Heap Roots: 0.4ms
[2024-05-30T13:24:40.581+0000][10220.000s][info][gc,phases   ] GC(1946)   Evacuate Collection Set: 53.9ms
[2024-05-30T13:24:40.581+0000][10220.000s][info][gc,phases   ] GC(1946)   Post Evacuate Collection Set: 17.8ms
[2024-05-30T13:24:40.581+0000][10220.000s][info][gc,phases   ] GC(1946)   Other: 0.2ms
[2024-05-30T13:24:40.581+0000][10220.000s][info][gc,heap     ] GC(1946) Eden regions: 780->0(776)
[2024-05-30T13:24:40.581+0000][10220.000s][info][gc,heap     ] GC(1946) Survivor regions: 3->7(98)
[2024-05-30T13:24:40.581+0000][10220.000s][info][gc,heap     ] GC(1946) Old regions: 419->419
[2024-05-30T13:24:40.581+0000][10220.000s][info][gc,heap     ] GC(1946) Archive regions: 2->2
[2024-05-30T13:24:40.581+0000][10220.000s][info][gc,heap     ] GC(1946) Humongous regions: 6->6
[2024-05-30T13:24:40.581+0000][10220.000s][info][gc,metaspace] GC(1946) Metaspace: 432862K(439808K)->432862K(439808K) NonClass: 378950K(382976K)->378950K(382976K) Class: 53911K(56832K)->53911K(56832K)
[2024-05-30T13:24:40.581+0000][10220.000s][info][gc          ] GC(1946) Pause Young (Normal) (G1 Evacuation Pause) 9667M->3454M(12288M) 72.476ms
[2024-05-30T13:24:40.581+0000][10220.000s][info][gc,cpu      ] GC(1946) User=0.42s Sys=0.00s Real=0.07s
[2024-05-30T13:24:42.951+0000][10222.370s][info][gc,start    ] GC(1947) Pause Young (Normal) (G1 Evacuation Pause)
[2024-05-30T13:24:42.951+0000][10222.370s][info][gc,task     ] GC(1947) Using 6 workers of 6 for evacuation
[2024-05-30T13:24:43.049+0000][10222.468s][info][gc,phases   ] GC(1947)   Pre Evacuate Collection Set: 0.2ms
[2024-05-30T13:24:43.049+0000][10222.468s][info][gc,phases   ] GC(1947)   Merge Heap Roots: 0.4ms
[2024-05-30T13:24:43.049+0000][10222.468s][info][gc,phases   ] GC(1947)   Evacuate Collection Set: 76.7ms
[2024-05-30T13:24:43.049+0000][10222.468s][info][gc,phases   ] GC(1947)   Post Evacuate Collection Set: 20.4ms
[2024-05-30T13:24:43.049+0000][10222.468s][info][gc,phases   ] GC(1947)   Other: 0.2ms
[2024-05-30T13:24:43.049+0000][10222.468s][info][gc,heap     ] GC(1947) Eden regions: 776->0(771)
[2024-05-30T13:24:43.049+0000][10222.468s][info][gc,heap     ] GC(1947) Survivor regions: 7->12(98)
[2024-05-30T13:24:43.049+0000][10222.468s][info][gc,heap     ] GC(1947) Old regions: 419->419
[2024-05-30T13:24:43.049+0000][10222.468s][info][gc,heap     ] GC(1947) Archive regions: 2->2
[2024-05-30T13:24:43.049+0000][10222.468s][info][gc,heap     ] GC(1947) Humongous regions: 6->6
[2024-05-30T13:24:43.049+0000][10222.468s][info][gc,metaspace] GC(1947) Metaspace: 432862K(439808K)->432862K(439808K) NonClass: 378950K(382976K)->378950K(382976K) Class: 53911K(56832K)->53911K(56832K)
[2024-05-30T13:24:43.049+0000][10222.468s][info][gc          ] GC(1947) Pause Young (Normal) (G1 Evacuation Pause) 9662M->3492M(12288M) 97.931ms
[2024-05-30T13:24:43.049+0000][10222.468s][info][gc,cpu      ] GC(1947) User=0.57s Sys=0.00s Real=0.10s
[2024-05-30T13:24:45.149+0000][10224.568s][info][gc,start    ] GC(1948) Pause Young (Concurrent Start) (G1 Evacuation Pause)
[2024-05-30T13:24:45.149+0000][10224.568s][info][gc,task     ] GC(1948) Using 6 workers of 6 for evacuation
[2024-05-30T13:24:45.236+0000][10224.655s][info][gc,phases   ] GC(1948)   Pre Evacuate Collection Set: 0.5ms
[2024-05-30T13:24:45.236+0000][10224.655s][info][gc,phases   ] GC(1948)   Merge Heap Roots: 0.3ms
[2024-05-30T13:24:45.236+0000][10224.655s][info][gc,phases   ] GC(1948)   Evacuate Collection Set: 71.5ms
[2024-05-30T13:24:45.236+0000][10224.655s][info][gc,phases   ] GC(1948)   Post Evacuate Collection Set: 14.3ms
[2024-05-30T13:24:45.236+0000][10224.655s][info][gc,phases   ] GC(1948)   Other: 0.3ms
[2024-05-30T13:24:45.236+0000][10224.655s][info][gc,heap     ] GC(1948) Eden regions: 771->0(770)
[2024-05-30T13:24:45.236+0000][10224.655s][info][gc,heap     ] GC(1948) Survivor regions: 12->15(98)
[2024-05-30T13:24:45.236+0000][10224.655s][info][gc,heap     ] GC(1948) Old regions: 419->419
[2024-05-30T13:24:45.236+0000][10224.655s][info][gc,heap     ] GC(1948) Archive regions: 2->2
[2024-05-30T13:24:45.236+0000][10224.655s][info][gc,heap     ] GC(1948) Humongous regions: 6->6
[2024-05-30T13:24:45.236+0000][10224.655s][info][gc,metaspace] GC(1948) Metaspace: 432862K(439808K)->432862K(439808K) NonClass: 378950K(382976K)->378950K(382976K) Class: 53911K(56832K)->53911K(56832K)
[2024-05-30T13:24:45.236+0000][10224.655s][info][gc          ] GC(1948) Pause Young (Concurrent Start) (G1 Evacuation Pause) 9660M->3517M(12288M) 87.071ms
[2024-05-30T13:24:45.236+0000][10224.655s][info][gc,cpu      ] GC(1948) User=0.50s Sys=0.00s Real=0.08s
[2024-05-30T13:24:45.236+0000][10224.655s][info][gc          ] GC(1949) Concurrent Mark Cycle
[2024-05-30T13:24:45.236+0000][10224.655s][info][gc,marking  ] GC(1949) Concurrent Clear Claimed Marks
[2024-05-30T13:24:45.236+0000][10224.656s][info][gc,marking  ] GC(1949) Concurrent Clear Claimed Marks 0.432ms
[2024-05-30T13:24:45.236+0000][10224.656s][info][gc,marking  ] GC(1949) Concurrent Scan Root Regions
[2024-05-30T13:24:45.279+0000][10224.699s][info][gc,marking  ] GC(1949) Concurrent Scan Root Regions 42.795ms
[2024-05-30T13:24:45.279+0000][10224.699s][info][gc,marking  ] GC(1949) Concurrent Mark
[2024-05-30T13:24:45.279+0000][10224.699s][info][gc,marking  ] GC(1949) Concurrent Mark From Roots
[2024-05-30T13:24:45.279+0000][10224.699s][info][gc,task     ] GC(1949) Using 2 workers of 2 for marking
[2024-05-30T13:24:47.943+0000][10227.363s][info][gc,start    ] GC(1950) Pause Young (Normal) (G1 Evacuation Pause)
[2024-05-30T13:24:47.943+0000][10227.363s][info][gc,task     ] GC(1950) Using 6 workers of 6 for evacuation
[2024-05-30T13:24:48.058+0000][10227.477s][info][gc,phases   ] GC(1950)   Pre Evacuate Collection Set: 0.2ms
[2024-05-30T13:24:48.058+0000][10227.477s][info][gc,phases   ] GC(1950)   Merge Heap Roots: 0.5ms
[2024-05-30T13:24:48.058+0000][10227.477s][info][gc,phases   ] GC(1950)   Evacuate Collection Set: 93.8ms
[2024-05-30T13:24:48.058+0000][10227.477s][info][gc,phases   ] GC(1950)   Post Evacuate Collection Set: 20.1ms
[2024-05-30T13:24:48.058+0000][10227.477s][info][gc,phases   ] GC(1950)   Other: 0.2ms
[2024-05-30T13:24:48.058+0000][10227.477s][info][gc,heap     ] GC(1950) Eden regions: 770->0(765)
[2024-05-30T13:24:48.058+0000][10227.477s][info][gc,heap     ] GC(1950) Survivor regions: 15->18(99)
[2024-05-30T13:24:48.058+0000][10227.477s][info][gc,heap     ] GC(1950) Old regions: 419->419
[2024-05-30T13:24:48.058+0000][10227.477s][info][gc,heap     ] GC(1950) Archive regions: 2->2
[2024-05-30T13:24:48.058+0000][10227.477s][info][gc,heap     ] GC(1950) Humongous regions: 6->6
[2024-05-30T13:24:48.058+0000][10227.477s][info][gc,metaspace] GC(1950) Metaspace: 432862K(439808K)->432862K(439808K) NonClass: 378950K(382976K)->378950K(382976K) Class: 53911K(56832K)->53911K(56832K)
[2024-05-30T13:24:48.058+0000][10227.477s][info][gc          ] GC(1950) Pause Young (Normal) (G1 Evacuation Pause) 9677M->3547M(12288M) 114.815ms
[2024-05-30T13:24:48.058+0000][10227.477s][info][gc,cpu      ] GC(1950) User=0.67s Sys=0.00s Real=0.12s
[2024-05-30T13:24:48.153+0000][10227.572s][info][gc,marking  ] GC(1949) Concurrent Mark From Roots 2873.307ms
[2024-05-30T13:24:48.153+0000][10227.572s][info][gc,marking  ] GC(1949) Concurrent Preclean
[2024-05-30T13:24:48.154+0000][10227.573s][info][gc,marking  ] GC(1949) Concurrent Preclean 1.401ms
[2024-05-30T13:24:48.154+0000][10227.574s][info][gc,start    ] GC(1949) Pause Remark
[2024-05-30T13:24:48.178+0000][10227.597s][info][gc          ] GC(1949) Pause Remark 3703M->3703M(12288M) 23.718ms
[2024-05-30T13:24:48.178+0000][10227.597s][info][gc,cpu      ] GC(1949) User=0.10s Sys=0.00s Real=0.03s
[2024-05-30T13:24:48.178+0000][10227.597s][info][gc,marking  ] GC(1949) Concurrent Mark 2898.831ms
[2024-05-30T13:24:48.178+0000][10227.597s][info][gc,marking  ] GC(1949) Concurrent Rebuild Remembered Sets
[2024-05-30T13:24:49.679+0000][10229.099s][info][gc,marking  ] GC(1949) Concurrent Rebuild Remembered Sets 1501.190ms
[2024-05-30T13:24:49.680+0000][10229.099s][info][gc,start    ] GC(1949) Pause Cleanup
[2024-05-30T13:24:49.680+0000][10229.099s][info][gc          ] GC(1949) Pause Cleanup 7175M->7175M(12288M) 0.665ms
[2024-05-30T13:24:49.680+0000][10229.099s][info][gc,cpu      ] GC(1949) User=0.01s Sys=0.00s Real=0.00s
[2024-05-30T13:24:49.680+0000][10229.100s][info][gc,marking  ] GC(1949) Concurrent Cleanup for Next Mark
[2024-05-30T13:24:49.709+0000][10229.128s][info][gc,marking  ] GC(1949) Concurrent Cleanup for Next Mark 28.484ms
[2024-05-30T13:24:49.709+0000][10229.128s][info][gc          ] GC(1949) Concurrent Mark Cycle 4472.916ms
[2024-05-30T13:24:50.656+0000][10230.075s][info][gc,start    ] GC(1951) Pause Young (Prepare Mixed) (G1 Evacuation Pause)
[2024-05-30T13:24:50.656+0000][10230.075s][info][gc,task     ] GC(1951) Using 6 workers of 6 for evacuation
[2024-05-30T13:24:50.778+0000][10230.197s][info][gc,phases   ] GC(1951)   Pre Evacuate Collection Set: 0.2ms
[2024-05-30T13:24:50.778+0000][10230.197s][info][gc,phases   ] GC(1951)   Merge Heap Roots: 0.7ms
[2024-05-30T13:24:50.778+0000][10230.197s][info][gc,phases   ] GC(1951)   Evacuate Collection Set: 102.4ms
[2024-05-30T13:24:50.778+0000][10230.197s][info][gc,phases   ] GC(1951)   Post Evacuate Collection Set: 18.8ms
[2024-05-30T13:24:50.778+0000][10230.197s][info][gc,phases   ] GC(1951)   Other: 0.2ms
[2024-05-30T13:24:50.778+0000][10230.197s][info][gc,heap     ] GC(1951) Eden regions: 765->0(54)
[2024-05-30T13:24:50.778+0000][10230.197s][info][gc,heap     ] GC(1951) Survivor regions: 18->22(98)
[2024-05-30T13:24:50.778+0000][10230.197s][info][gc,heap     ] GC(1951) Old regions: 419->419
[2024-05-30T13:24:50.778+0000][10230.197s][info][gc,heap     ] GC(1951) Archive regions: 2->2
[2024-05-30T13:24:50.778+0000][10230.197s][info][gc,heap     ] GC(1951) Humongous regions: 6->6
[2024-05-30T13:24:50.778+0000][10230.197s][info][gc,metaspace] GC(1951) Metaspace: 432862K(439808K)->432862K(439808K) NonClass: 378950K(382976K)->378950K(382976K) Class: 53911K(56832K)->53911K(56832K)
[2024-05-30T13:24:50.778+0000][10230.197s][info][gc          ] GC(1951) Pause Young (Prepare Mixed) (G1 Evacuation Pause) 9667M->3575M(12288M) 122.403ms
[2024-05-30T13:24:50.778+0000][10230.197s][info][gc,cpu      ] GC(1951) User=0.71s Sys=0.00s Real=0.13s
[2024-05-30T13:24:50.959+0000][10230.378s][info][gc,start    ] GC(1952) Pause Young (Mixed) (G1 Evacuation Pause)
[2024-05-30T13:24:50.959+0000][10230.378s][info][gc,task     ] GC(1952) Using 6 workers of 6 for evacuation
[2024-05-30T13:24:51.064+0000][10230.483s][info][gc,phases   ] GC(1952)   Pre Evacuate Collection Set: 0.2ms
[2024-05-30T13:24:51.064+0000][10230.483s][info][gc,phases   ] GC(1952)   Merge Heap Roots: 0.4ms
[2024-05-30T13:24:51.064+0000][10230.483s][info][gc,phases   ] GC(1952)   Evacuate Collection Set: 101.7ms
[2024-05-30T13:24:51.064+0000][10230.483s][info][gc,phases   ] GC(1952)   Post Evacuate Collection Set: 2.7ms
[2024-05-30T13:24:51.064+0000][10230.483s][info][gc,phases   ] GC(1952)   Other: 0.2ms
[2024-05-30T13:24:51.064+0000][10230.483s][info][gc,heap     ] GC(1952) Eden regions: 54->0(779)
[2024-05-30T13:24:51.064+0000][10230.483s][info][gc,heap     ] GC(1952) Survivor regions: 22->6(10)
[2024-05-30T13:24:51.064+0000][10230.483s][info][gc,heap     ] GC(1952) Old regions: 419->420
[2024-05-30T13:24:51.064+0000][10230.483s][info][gc,heap     ] GC(1952) Archive regions: 2->2
[2024-05-30T13:24:51.064+0000][10230.483s][info][gc,heap     ] GC(1952) Humongous regions: 6->6
[2024-05-30T13:24:51.064+0000][10230.483s][info][gc,metaspace] GC(1952) Metaspace: 432862K(439808K)->432862K(439808K) NonClass: 378950K(382976K)->378950K(382976K) Class: 53911K(56832K)->53911K(56832K)
[2024-05-30T13:24:51.064+0000][10230.483s][info][gc          ] GC(1952) Pause Young (Mixed) (G1 Evacuation Pause) 4007M->3456M(12288M) 105.302ms
[2024-05-30T13:24:51.064+0000][10230.484s][info][gc,cpu      ] GC(1952) User=0.62s Sys=0.00s Real=0.10s
[2024-05-30T13:24:53.228+0000][10232.647s][info][gc,start    ] GC(1953) Pause Young (Normal) (G1 Evacuation Pause)
[2024-05-30T13:24:53.228+0000][10232.647s][info][gc,task     ] GC(1953) Using 6 workers of 6 for evacuation
[2024-05-30T13:24:53.314+0000][10232.734s][info][gc,phases   ] GC(1953)   Pre Evacuate Collection Set: 0.2ms
[2024-05-30T13:24:53.314+0000][10232.734s][info][gc,phases   ] GC(1953)   Merge Heap Roots: 0.4ms
[2024-05-30T13:24:53.314+0000][10232.734s][info][gc,phases   ] GC(1953)   Evacuate Collection Set: 66.5ms
[2024-05-30T13:24:53.314+0000][10232.734s][info][gc,phases   ] GC(1953)   Post Evacuate Collection Set: 19.2ms
[2024-05-30T13:24:53.314+0000][10232.734s][info][gc,phases   ] GC(1953)   Other: 0.2ms
[2024-05-30T13:24:53.314+0000][10232.734s][info][gc,heap     ] GC(1953) Eden regions: 779->0(773)
[2024-05-30T13:24:53.314+0000][10232.734s][info][gc,heap     ] GC(1953) Survivor regions: 6->11(99)
[2024-05-30T13:24:53.314+0000][10232.734s][info][gc,heap     ] GC(1953) Old regions: 420->420
[2024-05-30T13:24:53.314+0000][10232.734s][info][gc,heap     ] GC(1953) Archive regions: 2->2
[2024-05-30T13:24:53.314+0000][10232.734s][info][gc,heap     ] GC(1953) Humongous regions: 6->6
[2024-05-30T13:24:53.314+0000][10232.734s][info][gc,metaspace] GC(1953) Metaspace: 432862K(439808K)->432862K(439808K) NonClass: 378950K(382976K)->378950K(382976K) Class: 53911K(56832K)->53911K(56832K)
[2024-05-30T13:24:53.314+0000][10232.734s][info][gc          ] GC(1953) Pause Young (Normal) (G1 Evacuation Pause) 9688M->3496M(12288M) 86.600ms
[2024-05-30T13:24:53.314+0000][10232.734s][info][gc,cpu      ] GC(1953) User=0.49s Sys=0.00s Real=0.09s
[2024-05-30T13:25:00.324+0000][10239.743s][info][gc,start    ] GC(1954) Pause Young (Normal) (G1 Evacuation Pause)
[2024-05-30T13:25:00.324+0000][10239.743s][info][gc,task     ] GC(1954) Using 6 workers of 6 for evacuation
[2024-05-30T13:25:00.382+0000][10239.801s][info][gc,phases   ] GC(1954)   Pre Evacuate Collection Set: 0.2ms
[2024-05-30T13:25:00.382+0000][10239.801s][info][gc,phases   ] GC(1954)   Merge Heap Roots: 0.3ms
[2024-05-30T13:25:00.382+0000][10239.801s][info][gc,phases   ] GC(1954)   Evacuate Collection Set: 53.1ms
[2024-05-30T13:25:00.382+0000][10239.801s][info][gc,phases   ] GC(1954)   Post Evacuate Collection Set: 4.2ms
[2024-05-30T13:25:00.382+0000][10239.801s][info][gc,phases   ] GC(1954)   Other: 0.2ms
[2024-05-30T13:25:00.382+0000][10239.801s][info][gc,heap     ] GC(1954) Eden regions: 773->0(772)
[2024-05-30T13:25:00.382+0000][10239.801s][info][gc,heap     ] GC(1954) Survivor regions: 11->13(98)
[2024-05-30T13:25:00.382+0000][10239.801s][info][gc,heap     ] GC(1954) Old regions: 420->420
[2024-05-30T13:25:00.382+0000][10239.801s][info][gc,heap     ] GC(1954) Archive regions: 2->2
[2024-05-30T13:25:00.382+0000][10239.801s][info][gc,heap     ] GC(1954) Humongous regions: 6->6
[2024-05-30T13:25:00.382+0000][10239.801s][info][gc,metaspace] GC(1954) Metaspace: 432868K(439808K)->432868K(439808K) NonClass: 378956K(382976K)->378956K(382976K) Class: 53911K(56832K)->53911K(56832K)
[2024-05-30T13:25:00.382+0000][10239.801s][info][gc          ] GC(1954) Pause Young (Normal) (G1 Evacuation Pause) 9680M->3511M(12288M) 58.034ms
[2024-05-30T13:25:00.382+0000][10239.801s][info][gc,cpu      ] GC(1954) User=0.34s Sys=0.00s Real=0.06s
[2024-05-30T13:25:09.043+0000][10248.462s][info][gc,start    ] GC(1955) Pause Young (Concurrent Start) (G1 Evacuation Pause)
[2024-05-30T13:25:09.043+0000][10248.462s][info][gc,task     ] GC(1955) Using 6 workers of 6 for evacuation
[2024-05-30T13:25:09.091+0000][10248.511s][info][gc,phases   ] GC(1955)   Pre Evacuate Collection Set: 0.6ms
[2024-05-30T13:25:09.091+0000][10248.511s][info][gc,phases   ] GC(1955)   Merge Heap Roots: 0.3ms
[2024-05-30T13:25:09.091+0000][10248.511s][info][gc,phases   ] GC(1955)   Evacuate Collection Set: 45.4ms
[2024-05-30T13:25:09.091+0000][10248.511s][info][gc,phases   ] GC(1955)   Post Evacuate Collection Set: 1.8ms
[2024-05-30T13:25:09.091+0000][10248.511s][info][gc,phases   ] GC(1955)   Other: 0.3ms
[2024-05-30T13:25:09.091+0000][10248.511s][info][gc,heap     ] GC(1955) Eden regions: 772->0(768)
[2024-05-30T13:25:09.091+0000][10248.511s][info][gc,heap     ] GC(1955) Survivor regions: 13->16(99)
[2024-05-30T13:25:09.091+0000][10248.511s][info][gc,heap     ] GC(1955) Old regions: 420->420
[2024-05-30T13:25:09.091+0000][10248.511s][info][gc,heap     ] GC(1955) Archive regions: 2->2
[2024-05-30T13:25:09.091+0000][10248.511s][info][gc,heap     ] GC(1955) Humongous regions: 6->6
[2024-05-30T13:25:09.091+0000][10248.511s][info][gc,metaspace] GC(1955) Metaspace: 432868K(439808K)->432868K(439808K) NonClass: 378956K(382976K)->378956K(382976K) Class: 53911K(56832K)->53911K(56832K)
[2024-05-30T13:25:09.091+0000][10248.511s][info][gc          ] GC(1955) Pause Young (Concurrent Start) (G1 Evacuation Pause) 9687M->3535M(12288M) 48.451ms
[2024-05-30T13:25:09.092+0000][10248.511s][info][gc,cpu      ] GC(1955) User=0.29s Sys=0.00s Real=0.05s
[2024-05-30T13:25:09.092+0000][10248.511s][info][gc          ] GC(1956) Concurrent Mark Cycle
[2024-05-30T13:25:09.092+0000][10248.511s][info][gc,marking  ] GC(1956) Concurrent Clear Claimed Marks
[2024-05-30T13:25:09.092+0000][10248.511s][info][gc,marking  ] GC(1956) Concurrent Clear Claimed Marks 0.416ms
[2024-05-30T13:25:09.092+0000][10248.511s][info][gc,marking  ] GC(1956) Concurrent Scan Root Regions
[2024-05-30T13:25:09.139+0000][10248.558s][info][gc,marking  ] GC(1956) Concurrent Scan Root Regions 47.176ms
[2024-05-30T13:25:09.139+0000][10248.558s][info][gc,marking  ] GC(1956) Concurrent Mark
[2024-05-30T13:25:09.139+0000][10248.558s][info][gc,marking  ] GC(1956) Concurrent Mark From Roots
[2024-05-30T13:25:09.139+0000][10248.558s][info][gc,task     ] GC(1956) Using 2 workers of 2 for marking
[2024-05-30T13:25:12.056+0000][10251.476s][info][gc,marking  ] GC(1956) Concurrent Mark From Roots 2917.061ms
[2024-05-30T13:25:12.056+0000][10251.476s][info][gc,marking  ] GC(1956) Concurrent Preclean
[2024-05-30T13:25:12.058+0000][10251.477s][info][gc,marking  ] GC(1956) Concurrent Preclean 1.400ms
[2024-05-30T13:25:12.058+0000][10251.477s][info][gc,start    ] GC(1956) Pause Remark
[2024-05-30T13:25:12.082+0000][10251.502s][info][gc          ] GC(1956) Pause Remark 5531M->5523M(12288M) 24.422ms
[2024-05-30T13:25:12.082+0000][10251.502s][info][gc,cpu      ] GC(1956) User=0.11s Sys=0.00s Real=0.02s
[2024-05-30T13:25:12.083+0000][10251.502s][info][gc,marking  ] GC(1956) Concurrent Mark 2943.381ms
[2024-05-30T13:25:12.083+0000][10251.502s][info][gc,marking  ] GC(1956) Concurrent Rebuild Remembered Sets
[2024-05-30T13:25:13.547+0000][10252.966s][info][gc,marking  ] GC(1956) Concurrent Rebuild Remembered Sets 1464.572ms
[2024-05-30T13:25:13.547+0000][10252.967s][info][gc,start    ] GC(1956) Pause Cleanup
[2024-05-30T13:25:13.548+0000][10252.967s][info][gc          ] GC(1956) Pause Cleanup 6535M->6535M(12288M) 0.703ms
[2024-05-30T13:25:13.548+0000][10252.967s][info][gc,cpu      ] GC(1956) User=0.00s Sys=0.00s Real=0.00s
[2024-05-30T13:25:13.548+0000][10252.967s][info][gc,marking  ] GC(1956) Concurrent Cleanup for Next Mark
[2024-05-30T13:25:13.566+0000][10252.985s][info][gc,marking  ] GC(1956) Concurrent Cleanup for Next Mark 17.824ms
[2024-05-30T13:25:13.566+0000][10252.985s][info][gc          ] GC(1956) Concurrent Mark Cycle 4474.582ms
[2024-05-30T13:25:17.822+0000][10257.241s][info][gc,start    ] GC(1957) Pause Young (Prepare Mixed) (G1 Evacuation Pause)
[2024-05-30T13:25:17.822+0000][10257.241s][info][gc,task     ] GC(1957) Using 6 workers of 6 for evacuation
[2024-05-30T13:25:17.875+0000][10257.294s][info][gc,phases   ] GC(1957)   Pre Evacuate Collection Set: 0.2ms
[2024-05-30T13:25:17.875+0000][10257.294s][info][gc,phases   ] GC(1957)   Merge Heap Roots: 0.4ms
[2024-05-30T13:25:17.875+0000][10257.294s][info][gc,phases   ] GC(1957)   Evacuate Collection Set: 50.4ms
[2024-05-30T13:25:17.875+0000][10257.294s][info][gc,phases   ] GC(1957)   Post Evacuate Collection Set: 1.8ms
[2024-05-30T13:25:17.875+0000][10257.294s][info][gc,phases   ] GC(1957)   Other: 0.2ms
[2024-05-30T13:25:17.875+0000][10257.294s][info][gc,heap     ] GC(1957) Eden regions: 768->0(57)
[2024-05-30T13:25:17.875+0000][10257.294s][info][gc,heap     ] GC(1957) Survivor regions: 16->19(98)
[2024-05-30T13:25:17.875+0000][10257.294s][info][gc,heap     ] GC(1957) Old regions: 419->419
[2024-05-30T13:25:17.875+0000][10257.294s][info][gc,heap     ] GC(1957) Archive regions: 2->2
[2024-05-30T13:25:17.875+0000][10257.295s][info][gc,heap     ] GC(1957) Humongous regions: 6->6
[2024-05-30T13:25:17.875+0000][10257.295s][info][gc,metaspace] GC(1957) Metaspace: 432868K(439808K)->432868K(439808K) NonClass: 378956K(382976K)->378956K(382976K) Class: 53911K(56832K)->53911K(56832K)
[2024-05-30T13:25:17.875+0000][10257.295s][info][gc          ] GC(1957) Pause Young (Prepare Mixed) (G1 Evacuation Pause) 9671M->3555M(12288M) 53.105ms
[2024-05-30T13:25:17.875+0000][10257.295s][info][gc,cpu      ] GC(1957) User=0.31s Sys=0.00s Real=0.05s
[2024-05-30T13:25:18.516+0000][10257.935s][info][gc,start    ] GC(1958) Pause Young (Mixed) (G1 Evacuation Pause)
[2024-05-30T13:25:18.516+0000][10257.935s][info][gc,task     ] GC(1958) Using 6 workers of 6 for evacuation
[2024-05-30T13:25:18.596+0000][10258.015s][info][gc,phases   ] GC(1958)   Pre Evacuate Collection Set: 0.2ms
[2024-05-30T13:25:18.596+0000][10258.015s][info][gc,phases   ] GC(1958)   Merge Heap Roots: 0.4ms
[2024-05-30T13:25:18.596+0000][10258.015s][info][gc,phases   ] GC(1958)   Evacuate Collection Set: 77.9ms
[2024-05-30T13:25:18.596+0000][10258.015s][info][gc,phases   ] GC(1958)   Post Evacuate Collection Set: 1.3ms
[2024-05-30T13:25:18.596+0000][10258.015s][info][gc,phases   ] GC(1958)   Other: 0.2ms
[2024-05-30T13:25:18.596+0000][10258.015s][info][gc,heap     ] GC(1958) Eden regions: 57->0(784)
[2024-05-30T13:25:18.596+0000][10258.015s][info][gc,heap     ] GC(1958) Survivor regions: 19->6(10)
[2024-05-30T13:25:18.596+0000][10258.015s][info][gc,heap     ] GC(1958) Old regions: 419->416
[2024-05-30T13:25:18.596+0000][10258.015s][info][gc,heap     ] GC(1958) Archive regions: 2->2
[2024-05-30T13:25:18.596+0000][10258.015s][info][gc,heap     ] GC(1958) Humongous regions: 6->6
[2024-05-30T13:25:18.596+0000][10258.015s][info][gc,metaspace] GC(1958) Metaspace: 432868K(439808K)->432868K(439808K) NonClass: 378956K(382976K)->378956K(382976K) Class: 53911K(56832K)->53911K(56832K)
[2024-05-30T13:25:18.596+0000][10258.015s][info][gc          ] GC(1958) Pause Young (Mixed) (G1 Evacuation Pause) 4011M->3424M(12288M) 80.010ms
[2024-05-30T13:25:18.596+0000][10258.015s][info][gc,cpu      ] GC(1958) User=0.48s Sys=0.00s Real=0.08s
[2024-05-30T13:25:27.089+0000][10266.508s][info][gc,start    ] GC(1959) Pause Young (Normal) (G1 Evacuation Pause)
[2024-05-30T13:25:27.089+0000][10266.509s][info][gc,task     ] GC(1959) Using 6 workers of 6 for evacuation
[2024-05-30T13:25:27.115+0000][10266.535s][info][gc,phases   ] GC(1959)   Pre Evacuate Collection Set: 0.2ms
[2024-05-30T13:25:27.115+0000][10266.535s][info][gc,phases   ] GC(1959)   Merge Heap Roots: 0.3ms
[2024-05-30T13:25:27.115+0000][10266.535s][info][gc,phases   ] GC(1959)   Evacuate Collection Set: 23.4ms
[2024-05-30T13:25:27.115+0000][10266.535s][info][gc,phases   ] GC(1959)   Post Evacuate Collection Set: 2.0ms
[2024-05-30T13:25:27.115+0000][10266.535s][info][gc,phases   ] GC(1959)   Other: 0.2ms
[2024-05-30T13:25:27.115+0000][10266.535s][info][gc,heap     ] GC(1959) Eden regions: 784->0(781)
[2024-05-30T13:25:27.115+0000][10266.535s][info][gc,heap     ] GC(1959) Survivor regions: 6->8(99)
[2024-05-30T13:25:27.115+0000][10266.535s][info][gc,heap     ] GC(1959) Old regions: 416->416
[2024-05-30T13:25:27.115+0000][10266.535s][info][gc,heap     ] GC(1959) Archive regions: 2->2
[2024-05-30T13:25:27.115+0000][10266.535s][info][gc,heap     ] GC(1959) Humongous regions: 6->6
[2024-05-30T13:25:27.115+0000][10266.535s][info][gc,metaspace] GC(1959) Metaspace: 432895K(439808K)->432895K(439808K) NonClass: 378983K(382976K)->378983K(382976K) Class: 53911K(56832K)->53911K(56832K)
[2024-05-30T13:25:27.115+0000][10266.535s][info][gc          ] GC(1959) Pause Young (Normal) (G1 Evacuation Pause) 9696M->3442M(12288M) 26.141ms
[2024-05-30T13:25:27.115+0000][10266.535s][info][gc,cpu      ] GC(1959) User=0.15s Sys=0.00s Real=0.02s
[2024-05-30T13:25:35.778+0000][10275.198s][info][gc,start    ] GC(1960) Pause Young (Normal) (G1 Evacuation Pause)
[2024-05-30T13:25:35.778+0000][10275.198s][info][gc,task     ] GC(1960) Using 6 workers of 6 for evacuation
[2024-05-30T13:25:35.808+0000][10275.227s][info][gc,phases   ] GC(1960)   Pre Evacuate Collection Set: 0.2ms
[2024-05-30T13:25:35.808+0000][10275.227s][info][gc,phases   ] GC(1960)   Merge Heap Roots: 0.2ms
[2024-05-30T13:25:35.808+0000][10275.227s][info][gc,phases   ] GC(1960)   Evacuate Collection Set: 27.1ms
[2024-05-30T13:25:35.808+0000][10275.227s][info][gc,phases   ] GC(1960)   Post Evacuate Collection Set: 1.9ms
[2024-05-30T13:25:35.808+0000][10275.227s][info][gc,phases   ] GC(1960)   Other: 0.2ms
[2024-05-30T13:25:35.808+0000][10275.227s][info][gc,heap     ] GC(1960) Eden regions: 781->0(779)
[2024-05-30T13:25:35.808+0000][10275.227s][info][gc,heap     ] GC(1960) Survivor regions: 8->10(99)
[2024-05-30T13:25:35.808+0000][10275.227s][info][gc,heap     ] GC(1960) Old regions: 416->416
[2024-05-30T13:25:35.808+0000][10275.227s][info][gc,heap     ] GC(1960) Archive regions: 2->2
[2024-05-30T13:25:35.808+0000][10275.227s][info][gc,heap     ] GC(1960) Humongous regions: 6->6
[2024-05-30T13:25:35.808+0000][10275.227s][info][gc,metaspace] GC(1960) Metaspace: 432896K(439808K)->432896K(439808K) NonClass: 378985K(382976K)->378985K(382976K) Class: 53911K(56832K)->53911K(56832K)
[2024-05-30T13:25:35.808+0000][10275.227s][info][gc          ] GC(1960) Pause Young (Normal) (G1 Evacuation Pause) 9690M->3459M(12288M) 29.713ms
[2024-05-30T13:25:35.808+0000][10275.227s][info][gc,cpu      ] GC(1960) User=0.17s Sys=0.00s Real=0.02s
[2024-05-30T13:25:44.404+0000][10283.823s][info][gc,start    ] GC(1961) Pause Young (Concurrent Start) (G1 Evacuation Pause)
[2024-05-30T13:25:44.404+0000][10283.823s][info][gc,task     ] GC(1961) Using 6 workers of 6 for evacuation
[2024-05-30T13:25:44.436+0000][10283.855s][info][gc,phases   ] GC(1961)   Pre Evacuate Collection Set: 0.6ms
[2024-05-30T13:25:44.436+0000][10283.855s][info][gc,phases   ] GC(1961)   Merge Heap Roots: 0.3ms
[2024-05-30T13:25:44.436+0000][10283.855s][info][gc,phases   ] GC(1961)   Evacuate Collection Set: 29.7ms
[2024-05-30T13:25:44.436+0000][10283.855s][info][gc,phases   ] GC(1961)   Post Evacuate Collection Set: 1.8ms
[2024-05-30T13:25:44.436+0000][10283.855s][info][gc,phases   ] GC(1961)   Other: 0.3ms
[2024-05-30T13:25:44.436+0000][10283.855s][info][gc,heap     ] GC(1961) Eden regions: 779->0(775)
[2024-05-30T13:25:44.436+0000][10283.855s][info][gc,heap     ] GC(1961) Survivor regions: 10->14(99)
[2024-05-30T13:25:44.436+0000][10283.855s][info][gc,heap     ] GC(1961) Old regions: 416->416
[2024-05-30T13:25:44.436+0000][10283.855s][info][gc,heap     ] GC(1961) Archive regions: 2->2
[2024-05-30T13:25:44.436+0000][10283.855s][info][gc,heap     ] GC(1961) Humongous regions: 6->6
[2024-05-30T13:25:44.436+0000][10283.855s][info][gc,metaspace] GC(1961) Metaspace: 432896K(439808K)->432896K(439808K) NonClass: 378985K(382976K)->378985K(382976K) Class: 53911K(56832K)->53911K(56832K)
[2024-05-30T13:25:44.436+0000][10283.855s][info][gc          ] GC(1961) Pause Young (Concurrent Start) (G1 Evacuation Pause) 9691M->3489M(12288M) 32.655ms
[2024-05-30T13:25:44.436+0000][10283.855s][info][gc,cpu      ] GC(1961) User=0.18s Sys=0.00s Real=0.03s
[2024-05-30T13:25:44.436+0000][10283.856s][info][gc          ] GC(1962) Concurrent Mark Cycle
[2024-05-30T13:25:44.436+0000][10283.856s][info][gc,marking  ] GC(1962) Concurrent Clear Claimed Marks
[2024-05-30T13:25:44.437+0000][10283.856s][info][gc,marking  ] GC(1962) Concurrent Clear Claimed Marks 0.427ms
[2024-05-30T13:25:44.437+0000][10283.856s][info][gc,marking  ] GC(1962) Concurrent Scan Root Regions
[2024-05-30T13:25:44.463+0000][10283.882s][info][gc,marking  ] GC(1962) Concurrent Scan Root Regions 26.510ms
[2024-05-30T13:25:44.463+0000][10283.883s][info][gc,marking  ] GC(1962) Concurrent Mark
[2024-05-30T13:25:44.463+0000][10283.883s][info][gc,marking  ] GC(1962) Concurrent Mark From Roots
[2024-05-30T13:25:44.463+0000][10283.883s][info][gc,task     ] GC(1962) Using 2 workers of 2 for marking
[2024-05-30T13:25:46.979+0000][10286.399s][info][gc,marking  ] GC(1962) Concurrent Mark From Roots 2516.068ms
[2024-05-30T13:25:46.979+0000][10286.399s][info][gc,marking  ] GC(1962) Concurrent Preclean
[2024-05-30T13:25:46.981+0000][10286.400s][info][gc,marking  ] GC(1962) Concurrent Preclean 1.635ms
[2024-05-30T13:25:46.981+0000][10286.400s][info][gc,start    ] GC(1962) Pause Remark
[2024-05-30T13:25:47.005+0000][10286.424s][info][gc          ] GC(1962) Pause Remark 5277M->5277M(12288M) 23.763ms
[2024-05-30T13:25:47.005+0000][10286.424s][info][gc,cpu      ] GC(1962) User=0.11s Sys=0.00s Real=0.02s
[2024-05-30T13:25:47.005+0000][10286.424s][info][gc,marking  ] GC(1962) Concurrent Mark 2541.957ms
[2024-05-30T13:25:47.005+0000][10286.425s][info][gc,marking  ] GC(1962) Concurrent Rebuild Remembered Sets
[2024-05-30T13:25:48.475+0000][10287.894s][info][gc,marking  ] GC(1962) Concurrent Rebuild Remembered Sets 1469.288ms
[2024-05-30T13:25:48.475+0000][10287.894s][info][gc,start    ] GC(1962) Pause Cleanup
[2024-05-30T13:25:48.475+0000][10287.895s][info][gc          ] GC(1962) Pause Cleanup 6273M->6273M(12288M) 0.679ms
[2024-05-30T13:25:48.475+0000][10287.895s][info][gc,cpu      ] GC(1962) User=0.00s Sys=0.00s Real=0.00s
[2024-05-30T13:25:48.475+0000][10287.895s][info][gc,marking  ] GC(1962) Concurrent Cleanup for Next Mark
[2024-05-30T13:25:48.492+0000][10287.911s][info][gc,marking  ] GC(1962) Concurrent Cleanup for Next Mark 16.625ms
[2024-05-30T13:25:48.492+0000][10287.911s][info][gc          ] GC(1962) Concurrent Mark Cycle 4055.935ms
[2024-05-30T13:25:53.213+0000][10292.632s][info][gc,start    ] GC(1963) Pause Young (Prepare Mixed) (G1 Evacuation Pause)
[2024-05-30T13:25:53.213+0000][10292.632s][info][gc,task     ] GC(1963) Using 6 workers of 6 for evacuation
[2024-05-30T13:25:53.250+0000][10292.669s][info][gc,phases   ] GC(1963)   Pre Evacuate Collection Set: 0.2ms
[2024-05-30T13:25:53.250+0000][10292.669s][info][gc,phases   ] GC(1963)   Merge Heap Roots: 0.3ms
[2024-05-30T13:25:53.250+0000][10292.669s][info][gc,phases   ] GC(1963)   Evacuate Collection Set: 34.2ms
[2024-05-30T13:25:53.250+0000][10292.669s][info][gc,phases   ] GC(1963)   Post Evacuate Collection Set: 2.1ms
[2024-05-30T13:25:53.250+0000][10292.669s][info][gc,phases   ] GC(1963)   Other: 0.2ms
[2024-05-30T13:25:53.250+0000][10292.669s][info][gc,heap     ] GC(1963) Eden regions: 775->0(61)
[2024-05-30T13:25:53.250+0000][10292.669s][info][gc,heap     ] GC(1963) Survivor regions: 14->15(99)
[2024-05-30T13:25:53.250+0000][10292.669s][info][gc,heap     ] GC(1963) Old regions: 416->416
[2024-05-30T13:25:53.250+0000][10292.669s][info][gc,heap     ] GC(1963) Archive regions: 2->2
[2024-05-30T13:25:53.250+0000][10292.669s][info][gc,heap     ] GC(1963) Humongous regions: 6->6
[2024-05-30T13:25:53.250+0000][10292.669s][info][gc,metaspace] GC(1963) Metaspace: 432898K(439808K)->432898K(439808K) NonClass: 378986K(382976K)->378986K(382976K) Class: 53911K(56832K)->53911K(56832K)
[2024-05-30T13:25:53.250+0000][10292.669s][info][gc          ] GC(1963) Pause Young (Prepare Mixed) (G1 Evacuation Pause) 9689M->3500M(12288M) 37.022ms
[2024-05-30T13:25:53.250+0000][10292.669s][info][gc,cpu      ] GC(1963) User=0.22s Sys=0.00s Real=0.04s
[2024-05-30T13:25:53.946+0000][10293.365s][info][gc,start    ] GC(1964) Pause Young (Mixed) (G1 Evacuation Pause)
[2024-05-30T13:25:53.946+0000][10293.365s][info][gc,task     ] GC(1964) Using 6 workers of 6 for evacuation
[2024-05-30T13:25:54.026+0000][10293.446s][info][gc,phases   ] GC(1964)   Pre Evacuate Collection Set: 0.2ms
[2024-05-30T13:25:54.027+0000][10293.446s][info][gc,phases   ] GC(1964)   Merge Heap Roots: 0.4ms
[2024-05-30T13:25:54.027+0000][10293.446s][info][gc,phases   ] GC(1964)   Evacuate Collection Set: 78.2ms
[2024-05-30T13:25:54.027+0000][10293.446s][info][gc,phases   ] GC(1964)   Post Evacuate Collection Set: 1.4ms
[2024-05-30T13:25:54.027+0000][10293.446s][info][gc,phases   ] GC(1964)   Other: 0.2ms
[2024-05-30T13:25:54.027+0000][10293.446s][info][gc,heap     ] GC(1964) Eden regions: 61->0(781)
[2024-05-30T13:25:54.027+0000][10293.446s][info][gc,heap     ] GC(1964) Survivor regions: 15->7(10)
[2024-05-30T13:25:54.027+0000][10293.446s][info][gc,heap     ] GC(1964) Old regions: 416->416
[2024-05-30T13:25:54.027+0000][10293.446s][info][gc,heap     ] GC(1964) Archive regions: 2->2
[2024-05-30T13:25:54.027+0000][10293.446s][info][gc,heap     ] GC(1964) Humongous regions: 6->6
[2024-05-30T13:25:54.027+0000][10293.446s][info][gc,metaspace] GC(1964) Metaspace: 432898K(439808K)->432898K(439808K) NonClass: 378986K(382976K)->378986K(382976K) Class: 53911K(56832K)->53911K(56832K)
[2024-05-30T13:25:54.027+0000][10293.446s][info][gc          ] GC(1964) Pause Young (Mixed) (G1 Evacuation Pause) 3988M->3425M(12288M) 80.435ms
[2024-05-30T13:25:54.027+0000][10293.446s][info][gc,cpu      ] GC(1964) User=0.47s Sys=0.00s Real=0.08s
[2024-05-30T13:26:02.114+0000][10301.533s][info][gc,start    ] GC(1965) Pause Young (Normal) (G1 Evacuation Pause)
[2024-05-30T13:26:02.114+0000][10301.533s][info][gc,task     ] GC(1965) Using 6 workers of 6 for evacuation
[2024-05-30T13:26:02.136+0000][10301.555s][info][gc,phases   ] GC(1965)   Pre Evacuate Collection Set: 0.2ms
[2024-05-30T13:26:02.136+0000][10301.555s][info][gc,phases   ] GC(1965)   Merge Heap Roots: 0.3ms
[2024-05-30T13:26:02.136+0000][10301.555s][info][gc,phases   ] GC(1965)   Evacuate Collection Set: 20.0ms
[2024-05-30T13:26:02.136+0000][10301.555s][info][gc,phases   ] GC(1965)   Post Evacuate Collection Set: 1.8ms
[2024-05-30T13:26:02.136+0000][10301.555s][info][gc,phases   ] GC(1965)   Other: 0.2ms
[2024-05-30T13:26:02.136+0000][10301.555s][info][gc,heap     ] GC(1965) Eden regions: 781->0(781)
[2024-05-30T13:26:02.136+0000][10301.555s][info][gc,heap     ] GC(1965) Survivor regions: 7->8(99)
[2024-05-30T13:26:02.136+0000][10301.555s][info][gc,heap     ] GC(1965) Old regions: 416->416
[2024-05-30T13:26:02.136+0000][10301.555s][info][gc,heap     ] GC(1965) Archive regions: 2->2
[2024-05-30T13:26:02.136+0000][10301.555s][info][gc,heap     ] GC(1965) Humongous regions: 6->6
[2024-05-30T13:26:02.136+0000][10301.555s][info][gc,metaspace] GC(1965) Metaspace: 432898K(439808K)->432898K(439808K) NonClass: 378986K(382976K)->378986K(382976K) Class: 53911K(56832K)->53911K(56832K)
[2024-05-30T13:26:02.136+0000][10301.555s][info][gc          ] GC(1965) Pause Young (Normal) (G1 Evacuation Pause) 9673M->3432M(12288M) 22.480ms
[2024-05-30T13:26:02.136+0000][10301.555s][info][gc,cpu      ] GC(1965) User=0.13s Sys=0.01s Real=0.02s
[2024-05-30T13:26:10.658+0000][10310.077s][info][gc,start    ] GC(1966) Pause Young (Normal) (G1 Evacuation Pause)
[2024-05-30T13:26:10.658+0000][10310.077s][info][gc,task     ] GC(1966) Using 6 workers of 6 for evacuation
[2024-05-30T13:26:10.684+0000][10310.103s][info][gc,phases   ] GC(1966)   Pre Evacuate Collection Set: 0.2ms
[2024-05-30T13:26:10.684+0000][10310.103s][info][gc,phases   ] GC(1966)   Merge Heap Roots: 0.3ms
[2024-05-30T13:26:10.684+0000][10310.103s][info][gc,phases   ] GC(1966)   Evacuate Collection Set: 23.5ms
[2024-05-30T13:26:10.684+0000][10310.103s][info][gc,phases   ] GC(1966)   Post Evacuate Collection Set: 1.8ms
[2024-05-30T13:26:10.684+0000][10310.103s][info][gc,phases   ] GC(1966)   Other: 0.2ms
[2024-05-30T13:26:10.684+0000][10310.103s][info][gc,heap     ] GC(1966) Eden regions: 781->0(781)
[2024-05-30T13:26:10.684+0000][10310.103s][info][gc,heap     ] GC(1966) Survivor regions: 8->9(99)
[2024-05-30T13:26:10.684+0000][10310.103s][info][gc,heap     ] GC(1966) Old regions: 416->416
[2024-05-30T13:26:10.684+0000][10310.103s][info][gc,heap     ] GC(1966) Archive regions: 2->2
[2024-05-30T13:26:10.684+0000][10310.103s][info][gc,heap     ] GC(1966) Humongous regions: 6->6
[2024-05-30T13:26:10.684+0000][10310.103s][info][gc,metaspace] GC(1966) Metaspace: 432898K(439808K)->432898K(439808K) NonClass: 378986K(382976K)->378986K(382976K) Class: 53911K(56832K)->53911K(56832K)
[2024-05-30T13:26:10.684+0000][10310.103s][info][gc          ] GC(1966) Pause Young (Normal) (G1 Evacuation Pause) 9680M->3440M(12288M) 25.993ms
[2024-05-30T13:26:10.684+0000][10310.103s][info][gc,cpu      ] GC(1966) User=0.16s Sys=0.00s Real=0.02s
[2024-05-30T13:26:19.399+0000][10318.818s][info][gc,start    ] GC(1967) Pause Young (Concurrent Start) (G1 Evacuation Pause)
[2024-05-30T13:26:19.399+0000][10318.818s][info][gc,task     ] GC(1967) Using 6 workers of 6 for evacuation
[2024-05-30T13:26:19.436+0000][10318.855s][info][gc,phases   ] GC(1967)   Pre Evacuate Collection Set: 0.6ms
[2024-05-30T13:26:19.436+0000][10318.855s][info][gc,phases   ] GC(1967)   Merge Heap Roots: 0.3ms
[2024-05-30T13:26:19.436+0000][10318.855s][info][gc,phases   ] GC(1967)   Evacuate Collection Set: 34.3ms
[2024-05-30T13:26:19.436+0000][10318.855s][info][gc,phases   ] GC(1967)   Post Evacuate Collection Set: 1.8ms
[2024-05-30T13:26:19.436+0000][10318.855s][info][gc,phases   ] GC(1967)   Other: 0.3ms
[2024-05-30T13:26:19.436+0000][10318.855s][info][gc,heap     ] GC(1967) Eden regions: 781->0(779)
[2024-05-30T13:26:19.436+0000][10318.855s][info][gc,heap     ] GC(1967) Survivor regions: 9->12(99)
[2024-05-30T13:26:19.436+0000][10318.855s][info][gc,heap     ] GC(1967) Old regions: 416->416
[2024-05-30T13:26:19.436+0000][10318.855s][info][gc,heap     ] GC(1967) Archive regions: 2->2
[2024-05-30T13:26:19.436+0000][10318.855s][info][gc,heap     ] GC(1967) Humongous regions: 6->6
[2024-05-30T13:26:19.436+0000][10318.855s][info][gc,metaspace] GC(1967) Metaspace: 432898K(439808K)->432898K(439808K) NonClass: 378986K(382976K)->378986K(382976K) Class: 53911K(56832K)->53911K(56832K)
[2024-05-30T13:26:19.436+0000][10318.855s][info][gc          ] GC(1967) Pause Young (Concurrent Start) (G1 Evacuation Pause) 9688M->3468M(12288M) 37.268ms
[2024-05-30T13:26:19.436+0000][10318.855s][info][gc,cpu      ] GC(1967) User=0.22s Sys=0.00s Real=0.03s
[2024-05-30T13:26:19.436+0000][10318.855s][info][gc          ] GC(1968) Concurrent Mark Cycle
[2024-05-30T13:26:19.436+0000][10318.855s][info][gc,marking  ] GC(1968) Concurrent Clear Claimed Marks
[2024-05-30T13:26:19.436+0000][10318.856s][info][gc,marking  ] GC(1968) Concurrent Clear Claimed Marks 0.449ms
[2024-05-30T13:26:19.436+0000][10318.856s][info][gc,marking  ] GC(1968) Concurrent Scan Root Regions
[2024-05-30T13:26:19.464+0000][10318.884s][info][gc,marking  ] GC(1968) Concurrent Scan Root Regions 28.016ms
[2024-05-30T13:26:19.465+0000][10318.884s][info][gc,marking  ] GC(1968) Concurrent Mark
[2024-05-30T13:26:19.465+0000][10318.884s][info][gc,marking  ] GC(1968) Concurrent Mark From Roots
[2024-05-30T13:26:19.465+0000][10318.884s][info][gc,task     ] GC(1968) Using 2 workers of 2 for marking
[2024-05-30T13:26:21.997+0000][10321.416s][info][gc,marking  ] GC(1968) Concurrent Mark From Roots 2532.137ms
[2024-05-30T13:26:21.997+0000][10321.416s][info][gc,marking  ] GC(1968) Concurrent Preclean
[2024-05-30T13:26:21.998+0000][10321.418s][info][gc,marking  ] GC(1968) Concurrent Preclean 1.590ms
[2024-05-30T13:26:21.999+0000][10321.418s][info][gc,start    ] GC(1968) Pause Remark
[2024-05-30T13:26:22.023+0000][10321.442s][info][gc          ] GC(1968) Pause Remark 5168M->5168M(12288M) 24.315ms
[2024-05-30T13:26:22.023+0000][10321.442s][info][gc,cpu      ] GC(1968) User=0.10s Sys=0.00s Real=0.02s
[2024-05-30T13:26:22.023+0000][10321.442s][info][gc,marking  ] GC(1968) Concurrent Mark 2558.535ms
[2024-05-30T13:26:22.023+0000][10321.442s][info][gc,marking  ] GC(1968) Concurrent Rebuild Remembered Sets
[2024-05-30T13:26:23.584+0000][10323.003s][info][gc,marking  ] GC(1968) Concurrent Rebuild Remembered Sets 1560.743ms
[2024-05-30T13:26:23.584+0000][10323.003s][info][gc,start    ] GC(1968) Pause Cleanup
[2024-05-30T13:26:23.585+0000][10323.004s][info][gc          ] GC(1968) Pause Cleanup 6268M->6268M(12288M) 0.670ms
[2024-05-30T13:26:23.585+0000][10323.004s][info][gc,cpu      ] GC(1968) User=0.00s Sys=0.00s Real=0.00s
[2024-05-30T13:26:23.585+0000][10323.004s][info][gc,marking  ] GC(1968) Concurrent Cleanup for Next Mark
[2024-05-30T13:26:23.602+0000][10323.021s][info][gc,marking  ] GC(1968) Concurrent Cleanup for Next Mark 17.148ms
[2024-05-30T13:26:23.602+0000][10323.021s][info][gc          ] GC(1968) Concurrent Mark Cycle 4166.069ms
[2024-05-30T13:26:28.243+0000][10327.663s][info][gc,start    ] GC(1969) Pause Young (Prepare Mixed) (G1 Evacuation Pause)
[2024-05-30T13:26:28.243+0000][10327.663s][info][gc,task     ] GC(1969) Using 6 workers of 6 for evacuation
[2024-05-30T13:26:28.282+0000][10327.702s][info][gc,phases   ] GC(1969)   Pre Evacuate Collection Set: 0.2ms
[2024-05-30T13:26:28.282+0000][10327.702s][info][gc,phases   ] GC(1969)   Merge Heap Roots: 0.4ms
[2024-05-30T13:26:28.282+0000][10327.702s][info][gc,phases   ] GC(1969)   Evacuate Collection Set: 36.4ms
[2024-05-30T13:26:28.282+0000][10327.702s][info][gc,phases   ] GC(1969)   Post Evacuate Collection Set: 2.0ms
[2024-05-30T13:26:28.282+0000][10327.702s][info][gc,phases   ] GC(1969)   Other: 0.2ms
[2024-05-30T13:26:28.282+0000][10327.702s][info][gc,heap     ] GC(1969) Eden regions: 779->0(61)
[2024-05-30T13:26:28.282+0000][10327.702s][info][gc,heap     ] GC(1969) Survivor regions: 12->15(99)
[2024-05-30T13:26:28.282+0000][10327.702s][info][gc,heap     ] GC(1969) Old regions: 416->416
[2024-05-30T13:26:28.282+0000][10327.702s][info][gc,heap     ] GC(1969) Archive regions: 2->2
[2024-05-30T13:26:28.282+0000][10327.702s][info][gc,heap     ] GC(1969) Humongous regions: 6->6
[2024-05-30T13:26:28.282+0000][10327.702s][info][gc,metaspace] GC(1969) Metaspace: 432898K(439808K)->432898K(439808K) NonClass: 378986K(382976K)->378986K(382976K) Class: 53911K(56832K)->53911K(56832K)
[2024-05-30T13:26:28.282+0000][10327.702s][info][gc          ] GC(1969) Pause Young (Prepare Mixed) (G1 Evacuation Pause) 9700M->3491M(12288M) 39.140ms
[2024-05-30T13:26:28.282+0000][10327.702s][info][gc,cpu      ] GC(1969) User=0.23s Sys=0.00s Real=0.04s
[2024-05-30T13:26:28.942+0000][10328.361s][info][gc,start    ] GC(1970) Pause Young (Mixed) (G1 Evacuation Pause)
[2024-05-30T13:26:28.942+0000][10328.361s][info][gc,task     ] GC(1970) Using 6 workers of 6 for evacuation
[2024-05-30T13:26:29.028+0000][10328.448s][info][gc,phases   ] GC(1970)   Pre Evacuate Collection Set: 0.2ms
[2024-05-30T13:26:29.028+0000][10328.448s][info][gc,phases   ] GC(1970)   Merge Heap Roots: 0.5ms
[2024-05-30T13:26:29.028+0000][10328.448s][info][gc,phases   ] GC(1970)   Evacuate Collection Set: 84.5ms
[2024-05-30T13:26:29.028+0000][10328.448s][info][gc,phases   ] GC(1970)   Post Evacuate Collection Set: 1.3ms
[2024-05-30T13:26:29.028+0000][10328.448s][info][gc,phases   ] GC(1970)   Other: 0.2ms
[2024-05-30T13:26:29.028+0000][10328.448s][info][gc,heap     ] GC(1970) Eden regions: 61->0(785)
[2024-05-30T13:26:29.028+0000][10328.448s][info][gc,heap     ] GC(1970) Survivor regions: 15->6(10)
[2024-05-30T13:26:29.028+0000][10328.448s][info][gc,heap     ] GC(1970) Old regions: 416->415
[2024-05-30T13:26:29.028+0000][10328.448s][info][gc,heap     ] GC(1970) Archive regions: 2->2
[2024-05-30T13:26:29.028+0000][10328.448s][info][gc,heap     ] GC(1970) Humongous regions: 6->6
[2024-05-30T13:26:29.028+0000][10328.448s][info][gc,metaspace] GC(1970) Metaspace: 432898K(439808K)->432898K(439808K) NonClass: 378986K(382976K)->378986K(382976K) Class: 53911K(56832K)->53911K(56832K)
[2024-05-30T13:26:29.028+0000][10328.448s][info][gc          ] GC(1970) Pause Young (Mixed) (G1 Evacuation Pause) 3979M->3414M(12288M) 86.714ms
[2024-05-30T13:26:29.028+0000][10328.448s][info][gc,cpu      ] GC(1970) User=0.51s Sys=0.00s Real=0.09s
[2024-05-30T13:26:37.304+0000][10336.723s][info][gc,start    ] GC(1971) Pause Young (Normal) (G1 Evacuation Pause)
[2024-05-30T13:26:37.304+0000][10336.723s][info][gc,task     ] GC(1971) Using 6 workers of 6 for evacuation
[2024-05-30T13:26:37.325+0000][10336.744s][info][gc,phases   ] GC(1971)   Pre Evacuate Collection Set: 0.2ms
[2024-05-30T13:26:37.325+0000][10336.744s][info][gc,phases   ] GC(1971)   Merge Heap Roots: 0.3ms
[2024-05-30T13:26:37.325+0000][10336.744s][info][gc,phases   ] GC(1971)   Evacuate Collection Set: 18.6ms
[2024-05-30T13:26:37.325+0000][10336.744s][info][gc,phases   ] GC(1971)   Post Evacuate Collection Set: 1.8ms
[2024-05-30T13:26:37.325+0000][10336.744s][info][gc,phases   ] GC(1971)   Other: 0.2ms
[2024-05-30T13:26:37.325+0000][10336.744s][info][gc,heap     ] GC(1971) Eden regions: 785->0(785)
[2024-05-30T13:26:37.325+0000][10336.744s][info][gc,heap     ] GC(1971) Survivor regions: 6->7(99)
[2024-05-30T13:26:37.325+0000][10336.744s][info][gc,heap     ] GC(1971) Old regions: 415->415
[2024-05-30T13:26:37.325+0000][10336.744s][info][gc,heap     ] GC(1971) Archive regions: 2->2
[2024-05-30T13:26:37.325+0000][10336.744s][info][gc,heap     ] GC(1971) Humongous regions: 6->6
[2024-05-30T13:26:37.325+0000][10336.744s][info][gc,metaspace] GC(1971) Metaspace: 432898K(439808K)->432898K(439808K) NonClass: 378986K(382976K)->378986K(382976K) Class: 53911K(56832K)->53911K(56832K)
[2024-05-30T13:26:37.325+0000][10336.744s][info][gc          ] GC(1971) Pause Young (Normal) (G1 Evacuation Pause) 9694M->3425M(12288M) 21.031ms
[2024-05-30T13:26:37.325+0000][10336.744s][info][gc,cpu      ] GC(1971) User=0.13s Sys=0.00s Real=0.02s
[2024-05-30T13:26:45.756+0000][10345.175s][info][gc,start    ] GC(1972) Pause Young (Normal) (G1 Evacuation Pause)
[2024-05-30T13:26:45.756+0000][10345.175s][info][gc,task     ] GC(1972) Using 6 workers of 6 for evacuation
[2024-05-30T13:26:45.783+0000][10345.202s][info][gc,phases   ] GC(1972)   Pre Evacuate Collection Set: 0.2ms
[2024-05-30T13:26:45.783+0000][10345.202s][info][gc,phases   ] GC(1972)   Merge Heap Roots: 0.3ms
[2024-05-30T13:26:45.783+0000][10345.202s][info][gc,phases   ] GC(1972)   Evacuate Collection Set: 25.2ms
[2024-05-30T13:26:45.783+0000][10345.202s][info][gc,phases   ] GC(1972)   Post Evacuate Collection Set: 1.8ms
[2024-05-30T13:26:45.783+0000][10345.202s][info][gc,phases   ] GC(1972)   Other: 0.2ms
[2024-05-30T13:26:45.783+0000][10345.202s][info][gc,heap     ] GC(1972) Eden regions: 785->0(782)
[2024-05-30T13:26:45.783+0000][10345.202s][info][gc,heap     ] GC(1972) Survivor regions: 7->10(99)
[2024-05-30T13:26:45.783+0000][10345.202s][info][gc,heap     ] GC(1972) Old regions: 415->415
[2024-05-30T13:26:45.783+0000][10345.202s][info][gc,heap     ] GC(1972) Archive regions: 2->2
[2024-05-30T13:26:45.783+0000][10345.202s][info][gc,heap     ] GC(1972) Humongous regions: 6->6
[2024-05-30T13:26:45.783+0000][10345.202s][info][gc,metaspace] GC(1972) Metaspace: 432898K(439808K)->432898K(439808K) NonClass: 378986K(382976K)->378986K(382976K) Class: 53911K(56832K)->53911K(56832K)
[2024-05-30T13:26:45.783+0000][10345.202s][info][gc          ] GC(1972) Pause Young (Normal) (G1 Evacuation Pause) 9705M->3449M(12288M) 27.614ms
[2024-05-30T13:26:45.783+0000][10345.202s][info][gc,cpu      ] GC(1972) User=0.16s Sys=0.00s Real=0.03s
[2024-05-30T13:26:53.699+0000][10353.119s][info][gc,start    ] GC(1973) Pause Young (Concurrent Start) (G1 Evacuation Pause)
[2024-05-30T13:26:53.699+0000][10353.119s][info][gc,task     ] GC(1973) Using 6 workers of 6 for evacuation
[2024-05-30T13:26:53.732+0000][10353.151s][info][gc,phases   ] GC(1973)   Pre Evacuate Collection Set: 0.6ms
[2024-05-30T13:26:53.732+0000][10353.151s][info][gc,phases   ] GC(1973)   Merge Heap Roots: 0.3ms
[2024-05-30T13:26:53.732+0000][10353.151s][info][gc,phases   ] GC(1973)   Evacuate Collection Set: 29.6ms
[2024-05-30T13:26:53.732+0000][10353.151s][info][gc,phases   ] GC(1973)   Post Evacuate Collection Set: 2.0ms
[2024-05-30T13:26:53.732+0000][10353.151s][info][gc,phases   ] GC(1973)   Other: 0.3ms
[2024-05-30T13:26:53.732+0000][10353.151s][info][gc,heap     ] GC(1973) Eden regions: 782->0(779)
[2024-05-30T13:26:53.732+0000][10353.151s][info][gc,heap     ] GC(1973) Survivor regions: 10->12(99)
[2024-05-30T13:26:53.732+0000][10353.151s][info][gc,heap     ] GC(1973) Old regions: 415->415
[2024-05-30T13:26:53.732+0000][10353.151s][info][gc,heap     ] GC(1973) Archive regions: 2->2
[2024-05-30T13:26:53.732+0000][10353.151s][info][gc,heap     ] GC(1973) Humongous regions: 6->6
[2024-05-30T13:26:53.732+0000][10353.151s][info][gc,metaspace] GC(1973) Metaspace: 432898K(439808K)->432898K(439808K) NonClass: 378986K(382976K)->378986K(382976K) Class: 53911K(56832K)->53911K(56832K)
[2024-05-30T13:26:53.732+0000][10353.151s][info][gc          ] GC(1973) Pause Young (Concurrent Start) (G1 Evacuation Pause) 9705M->3461M(12288M) 32.834ms
[2024-05-30T13:26:53.732+0000][10353.151s][info][gc,cpu      ] GC(1973) User=0.19s Sys=0.00s Real=0.03s
[2024-05-30T13:26:53.732+0000][10353.151s][info][gc          ] GC(1974) Concurrent Mark Cycle
[2024-05-30T13:26:53.732+0000][10353.152s][info][gc,marking  ] GC(1974) Concurrent Clear Claimed Marks
[2024-05-30T13:26:53.733+0000][10353.152s][info][gc,marking  ] GC(1974) Concurrent Clear Claimed Marks 0.436ms
[2024-05-30T13:26:53.733+0000][10353.152s][info][gc,marking  ] GC(1974) Concurrent Scan Root Regions
[2024-05-30T13:26:53.767+0000][10353.186s][info][gc,marking  ] GC(1974) Concurrent Scan Root Regions 33.894ms
[2024-05-30T13:26:53.767+0000][10353.186s][info][gc,marking  ] GC(1974) Concurrent Mark
[2024-05-30T13:26:53.767+0000][10353.186s][info][gc,marking  ] GC(1974) Concurrent Mark From Roots
[2024-05-30T13:26:53.767+0000][10353.186s][info][gc,task     ] GC(1974) Using 2 workers of 2 for marking
[2024-05-30T13:26:56.394+0000][10355.813s][info][gc,marking  ] GC(1974) Concurrent Mark From Roots 2627.494ms
[2024-05-30T13:26:56.394+0000][10355.813s][info][gc,marking  ] GC(1974) Concurrent Preclean
[2024-05-30T13:26:56.395+0000][10355.815s][info][gc,marking  ] GC(1974) Concurrent Preclean 1.213ms
[2024-05-30T13:26:56.396+0000][10355.815s][info][gc,start    ] GC(1974) Pause Remark
[2024-05-30T13:26:56.420+0000][10355.839s][info][gc          ] GC(1974) Pause Remark 5333M->5333M(12288M) 24.031ms
[2024-05-30T13:26:56.420+0000][10355.839s][info][gc,cpu      ] GC(1974) User=0.10s Sys=0.00s Real=0.03s
[2024-05-30T13:26:56.420+0000][10355.839s][info][gc,marking  ] GC(1974) Concurrent Mark 2653.095ms
[2024-05-30T13:26:56.420+0000][10355.839s][info][gc,marking  ] GC(1974) Concurrent Rebuild Remembered Sets
[2024-05-30T13:26:57.973+0000][10357.392s][info][gc,marking  ] GC(1974) Concurrent Rebuild Remembered Sets 1552.924ms
[2024-05-30T13:26:57.973+0000][10357.392s][info][gc,start    ] GC(1974) Pause Cleanup
[2024-05-30T13:26:57.973+0000][10357.393s][info][gc          ] GC(1974) Pause Cleanup 6437M->6437M(12288M) 0.635ms
[2024-05-30T13:26:57.974+0000][10357.393s][info][gc,cpu      ] GC(1974) User=0.00s Sys=0.00s Real=0.00s
[2024-05-30T13:26:57.974+0000][10357.393s][info][gc,marking  ] GC(1974) Concurrent Cleanup for Next Mark
[2024-05-30T13:26:57.991+0000][10357.410s][info][gc,marking  ] GC(1974) Concurrent Cleanup for Next Mark 17.397ms
[2024-05-30T13:26:57.991+0000][10357.410s][info][gc          ] GC(1974) Concurrent Mark Cycle 4258.791ms
[2024-05-30T13:27:02.287+0000][10361.706s][info][gc,start    ] GC(1975) Pause Young (Prepare Mixed) (G1 Evacuation Pause)
[2024-05-30T13:27:02.287+0000][10361.706s][info][gc,task     ] GC(1975) Using 6 workers of 6 for evacuation
[2024-05-30T13:27:02.322+0000][10361.741s][info][gc,phases   ] GC(1975)   Pre Evacuate Collection Set: 0.2ms
[2024-05-30T13:27:02.322+0000][10361.741s][info][gc,phases   ] GC(1975)   Merge Heap Roots: 0.3ms
[2024-05-30T13:27:02.322+0000][10361.741s][info][gc,phases   ] GC(1975)   Evacuate Collection Set: 32.4ms
[2024-05-30T13:27:02.322+0000][10361.741s][info][gc,phases   ] GC(1975)   Post Evacuate Collection Set: 1.8ms
[2024-05-30T13:27:02.322+0000][10361.741s][info][gc,phases   ] GC(1975)   Other: 0.2ms
[2024-05-30T13:27:02.322+0000][10361.741s][info][gc,heap     ] GC(1975) Eden regions: 779->0(63)
[2024-05-30T13:27:02.322+0000][10361.741s][info][gc,heap     ] GC(1975) Survivor regions: 12->13(99)
[2024-05-30T13:27:02.322+0000][10361.741s][info][gc,heap     ] GC(1975) Old regions: 415->415
[2024-05-30T13:27:02.322+0000][10361.741s][info][gc,heap     ] GC(1975) Archive regions: 2->2
[2024-05-30T13:27:02.322+0000][10361.741s][info][gc,heap     ] GC(1975) Humongous regions: 6->6
[2024-05-30T13:27:02.322+0000][10361.741s][info][gc,metaspace] GC(1975) Metaspace: 432898K(439808K)->432898K(439808K) NonClass: 378986K(382976K)->378986K(382976K) Class: 53911K(56832K)->53911K(56832K)
[2024-05-30T13:27:02.322+0000][10361.741s][info][gc          ] GC(1975) Pause Young (Prepare Mixed) (G1 Evacuation Pause) 9693M->3474M(12288M) 34.918ms
[2024-05-30T13:27:02.322+0000][10361.741s][info][gc,cpu      ] GC(1975) User=0.20s Sys=0.00s Real=0.04s
[2024-05-30T13:27:02.988+0000][10362.408s][info][gc,start    ] GC(1976) Pause Young (Mixed) (G1 Evacuation Pause)
[2024-05-30T13:27:02.989+0000][10362.408s][info][gc,task     ] GC(1976) Using 6 workers of 6 for evacuation
[2024-05-30T13:27:03.067+0000][10362.487s][info][gc,phases   ] GC(1976)   Pre Evacuate Collection Set: 0.2ms
[2024-05-30T13:27:03.067+0000][10362.487s][info][gc,phases   ] GC(1976)   Merge Heap Roots: 0.6ms
[2024-05-30T13:27:03.067+0000][10362.487s][info][gc,phases   ] GC(1976)   Evacuate Collection Set: 76.5ms
[2024-05-30T13:27:03.067+0000][10362.487s][info][gc,phases   ] GC(1976)   Post Evacuate Collection Set: 1.3ms
[2024-05-30T13:27:03.067+0000][10362.487s][info][gc,phases   ] GC(1976)   Other: 0.2ms
[2024-05-30T13:27:03.067+0000][10362.487s][info][gc,heap     ] GC(1976) Eden regions: 63->0(786)
[2024-05-30T13:27:03.067+0000][10362.487s][info][gc,heap     ] GC(1976) Survivor regions: 13->5(10)
[2024-05-30T13:27:03.067+0000][10362.487s][info][gc,heap     ] GC(1976) Old regions: 415->415
[2024-05-30T13:27:03.067+0000][10362.487s][info][gc,heap     ] GC(1976) Archive regions: 2->2
[2024-05-30T13:27:03.067+0000][10362.487s][info][gc,heap     ] GC(1976) Humongous regions: 6->6
[2024-05-30T13:27:03.067+0000][10362.487s][info][gc,metaspace] GC(1976) Metaspace: 432898K(439808K)->432898K(439808K) NonClass: 378986K(382976K)->378986K(382976K) Class: 53911K(56832K)->53911K(56832K)
[2024-05-30T13:27:03.067+0000][10362.487s][info][gc          ] GC(1976) Pause Young (Mixed) (G1 Evacuation Pause) 3978M->3408M(12288M) 78.925ms
[2024-05-30T13:27:03.067+0000][10362.487s][info][gc,cpu      ] GC(1976) User=0.47s Sys=0.00s Real=0.07s
[2024-05-30T13:27:11.352+0000][10370.772s][info][gc,start    ] GC(1977) Pause Young (Normal) (G1 Evacuation Pause)
[2024-05-30T13:27:11.352+0000][10370.772s][info][gc,task     ] GC(1977) Using 6 workers of 6 for evacuation
[2024-05-30T13:27:11.373+0000][10370.792s][info][gc,phases   ] GC(1977)   Pre Evacuate Collection Set: 0.2ms
[2024-05-30T13:27:11.373+0000][10370.792s][info][gc,phases   ] GC(1977)   Merge Heap Roots: 0.2ms
[2024-05-30T13:27:11.373+0000][10370.792s][info][gc,phases   ] GC(1977)   Evacuate Collection Set: 18.3ms
[2024-05-30T13:27:11.373+0000][10370.792s][info][gc,phases   ] GC(1977)   Post Evacuate Collection Set: 1.8ms
[2024-05-30T13:27:11.373+0000][10370.792s][info][gc,phases   ] GC(1977)   Other: 0.2ms
[2024-05-30T13:27:11.373+0000][10370.792s][info][gc,heap     ] GC(1977) Eden regions: 786->0(786)
[2024-05-30T13:27:11.373+0000][10370.792s][info][gc,heap     ] GC(1977) Survivor regions: 5->6(99)
[2024-05-30T13:27:11.373+0000][10370.792s][info][gc,heap     ] GC(1977) Old regions: 415->415
[2024-05-30T13:27:11.373+0000][10370.792s][info][gc,heap     ] GC(1977) Archive regions: 2->2
[2024-05-30T13:27:11.373+0000][10370.792s][info][gc,heap     ] GC(1977) Humongous regions: 6->6
[2024-05-30T13:27:11.373+0000][10370.792s][info][gc,metaspace] GC(1977) Metaspace: 432898K(439808K)->432898K(439808K) NonClass: 378986K(382976K)->378986K(382976K) Class: 53911K(56832K)->53911K(56832K)
[2024-05-30T13:27:11.373+0000][10370.792s][info][gc          ] GC(1977) Pause Young (Normal) (G1 Evacuation Pause) 9696M->3416M(12288M) 20.746ms
[2024-05-30T13:27:11.373+0000][10370.792s][info][gc,cpu      ] GC(1977) User=0.12s Sys=0.00s Real=0.02s
[2024-05-30T13:27:19.747+0000][10379.166s][info][gc,start    ] GC(1978) Pause Young (Normal) (G1 Evacuation Pause)
[2024-05-30T13:27:19.747+0000][10379.166s][info][gc,task     ] GC(1978) Using 6 workers of 6 for evacuation
[2024-05-30T13:27:19.772+0000][10379.192s][info][gc,phases   ] GC(1978)   Pre Evacuate Collection Set: 0.2ms
[2024-05-30T13:27:19.772+0000][10379.192s][info][gc,phases   ] GC(1978)   Merge Heap Roots: 0.3ms
[2024-05-30T13:27:19.772+0000][10379.192s][info][gc,phases   ] GC(1978)   Evacuate Collection Set: 22.9ms
[2024-05-30T13:27:19.772+0000][10379.192s][info][gc,phases   ] GC(1978)   Post Evacuate Collection Set: 1.7ms
[2024-05-30T13:27:19.772+0000][10379.192s][info][gc,phases   ] GC(1978)   Other: 0.2ms
[2024-05-30T13:27:19.772+0000][10379.192s][info][gc,heap     ] GC(1978) Eden regions: 786->0(782)
[2024-05-30T13:27:19.772+0000][10379.192s][info][gc,heap     ] GC(1978) Survivor regions: 6->10(99)
[2024-05-30T13:27:19.772+0000][10379.192s][info][gc,heap     ] GC(1978) Old regions: 415->415
[2024-05-30T13:27:19.772+0000][10379.192s][info][gc,heap     ] GC(1978) Archive regions: 2->2
[2024-05-30T13:27:19.772+0000][10379.192s][info][gc,heap     ] GC(1978) Humongous regions: 6->6
[2024-05-30T13:27:19.772+0000][10379.192s][info][gc,metaspace] GC(1978) Metaspace: 432898K(439808K)->432898K(439808K) NonClass: 378986K(382976K)->378986K(382976K) Class: 53911K(56832K)->53911K(56832K)
[2024-05-30T13:27:19.772+0000][10379.192s][info][gc          ] GC(1978) Pause Young (Normal) (G1 Evacuation Pause) 9704M->3443M(12288M) 25.382ms
[2024-05-30T13:27:19.773+0000][10379.192s][info][gc,cpu      ] GC(1978) User=0.15s Sys=0.00s Real=0.03s
[2024-05-30T13:27:26.248+0000][10385.667s][info][gc,start    ] GC(1979) Pause Young (Concurrent Start) (G1 Evacuation Pause)
[2024-05-30T13:27:26.248+0000][10385.667s][info][gc,task     ] GC(1979) Using 6 workers of 6 for evacuation
[2024-05-30T13:27:26.295+0000][10385.715s][info][gc,phases   ] GC(1979)   Pre Evacuate Collection Set: 0.6ms
[2024-05-30T13:27:26.295+0000][10385.715s][info][gc,phases   ] GC(1979)   Merge Heap Roots: 0.2ms
[2024-05-30T13:27:26.295+0000][10385.715s][info][gc,phases   ] GC(1979)   Evacuate Collection Set: 40.3ms
[2024-05-30T13:27:26.295+0000][10385.715s][info][gc,phases   ] GC(1979)   Post Evacuate Collection Set: 6.4ms
[2024-05-30T13:27:26.295+0000][10385.715s][info][gc,phases   ] GC(1979)   Other: 0.3ms
[2024-05-30T13:27:26.296+0000][10385.715s][info][gc,heap     ] GC(1979) Eden regions: 782->0(776)
[2024-05-30T13:27:26.296+0000][10385.715s][info][gc,heap     ] GC(1979) Survivor regions: 10->14(99)
[2024-05-30T13:27:26.296+0000][10385.715s][info][gc,heap     ] GC(1979) Old regions: 415->415
[2024-05-30T13:27:26.296+0000][10385.715s][info][gc,heap     ] GC(1979) Archive regions: 2->2
[2024-05-30T13:27:26.296+0000][10385.715s][info][gc,heap     ] GC(1979) Humongous regions: 6->6
[2024-05-30T13:27:26.296+0000][10385.715s][info][gc,metaspace] GC(1979) Metaspace: 432898K(439808K)->432898K(439808K) NonClass: 378986K(382976K)->378986K(382976K) Class: 53911K(56832K)->53911K(56832K)
[2024-05-30T13:27:26.296+0000][10385.715s][info][gc          ] GC(1979) Pause Young (Concurrent Start) (G1 Evacuation Pause) 9699M->3480M(12288M) 47.898ms
[2024-05-30T13:27:26.296+0000][10385.715s][info][gc,cpu      ] GC(1979) User=0.27s Sys=0.00s Real=0.05s
[2024-05-30T13:27:26.296+0000][10385.715s][info][gc          ] GC(1980) Concurrent Mark Cycle
[2024-05-30T13:27:26.296+0000][10385.715s][info][gc,marking  ] GC(1980) Concurrent Clear Claimed Marks
[2024-05-30T13:27:26.296+0000][10385.715s][info][gc,marking  ] GC(1980) Concurrent Clear Claimed Marks 0.401ms
[2024-05-30T13:27:26.296+0000][10385.715s][info][gc,marking  ] GC(1980) Concurrent Scan Root Regions
[2024-05-30T13:27:26.341+0000][10385.760s][info][gc,marking  ] GC(1980) Concurrent Scan Root Regions 44.944ms
[2024-05-30T13:27:26.341+0000][10385.760s][info][gc,marking  ] GC(1980) Concurrent Mark
[2024-05-30T13:27:26.341+0000][10385.760s][info][gc,marking  ] GC(1980) Concurrent Mark From Roots
[2024-05-30T13:27:26.341+0000][10385.760s][info][gc,task     ] GC(1980) Using 2 workers of 2 for marking
[2024-05-30T13:27:29.164+0000][10388.583s][info][gc,start    ] GC(1981) Pause Young (Normal) (G1 Evacuation Pause)
[2024-05-30T13:27:29.164+0000][10388.583s][info][gc,task     ] GC(1981) Using 6 workers of 6 for evacuation
[2024-05-30T13:27:29.298+0000][10388.717s][info][gc,phases   ] GC(1981)   Pre Evacuate Collection Set: 0.2ms
[2024-05-30T13:27:29.298+0000][10388.717s][info][gc,phases   ] GC(1981)   Merge Heap Roots: 0.5ms
[2024-05-30T13:27:29.298+0000][10388.717s][info][gc,phases   ] GC(1981)   Evacuate Collection Set: 109.8ms
[2024-05-30T13:27:29.298+0000][10388.717s][info][gc,phases   ] GC(1981)   Post Evacuate Collection Set: 23.7ms
[2024-05-30T13:27:29.298+0000][10388.717s][info][gc,phases   ] GC(1981)   Other: 0.2ms
[2024-05-30T13:27:29.298+0000][10388.717s][info][gc,heap     ] GC(1981) Eden regions: 776->0(763)
[2024-05-30T13:27:29.298+0000][10388.717s][info][gc,heap     ] GC(1981) Survivor regions: 14->21(99)
[2024-05-30T13:27:29.298+0000][10388.717s][info][gc,heap     ] GC(1981) Old regions: 415->415
[2024-05-30T13:27:29.298+0000][10388.717s][info][gc,heap     ] GC(1981) Archive regions: 2->2
[2024-05-30T13:27:29.298+0000][10388.717s][info][gc,heap     ] GC(1981) Humongous regions: 6->6
[2024-05-30T13:27:29.298+0000][10388.717s][info][gc,metaspace] GC(1981) Metaspace: 432900K(439808K)->432900K(439808K) NonClass: 378988K(382976K)->378988K(382976K) Class: 53911K(56832K)->53911K(56832K)
[2024-05-30T13:27:29.298+0000][10388.717s][info][gc          ] GC(1981) Pause Young (Normal) (G1 Evacuation Pause) 9688M->3535M(12288M) 134.470ms
[2024-05-30T13:27:29.298+0000][10388.718s][info][gc,cpu      ] GC(1981) User=0.79s Sys=0.00s Real=0.14s
[2024-05-30T13:27:29.359+0000][10388.778s][info][gc,marking  ] GC(1980) Concurrent Mark From Roots 3017.771ms
[2024-05-30T13:27:29.359+0000][10388.778s][info][gc,marking  ] GC(1980) Concurrent Preclean
[2024-05-30T13:27:29.360+0000][10388.780s][info][gc,marking  ] GC(1980) Concurrent Preclean 1.497ms
[2024-05-30T13:27:29.361+0000][10388.780s][info][gc,start    ] GC(1980) Pause Remark
[2024-05-30T13:27:29.385+0000][10388.804s][info][gc          ] GC(1980) Pause Remark 3659M->3659M(12288M) 24.054ms
[2024-05-30T13:27:29.385+0000][10388.804s][info][gc,cpu      ] GC(1980) User=0.11s Sys=0.00s Real=0.02s
[2024-05-30T13:27:29.385+0000][10388.804s][info][gc,marking  ] GC(1980) Concurrent Mark 3043.842ms
[2024-05-30T13:27:29.385+0000][10388.804s][info][gc,marking  ] GC(1980) Concurrent Rebuild Remembered Sets
[2024-05-30T13:27:31.039+0000][10390.458s][info][gc,marking  ] GC(1980) Concurrent Rebuild Remembered Sets 1654.172ms
[2024-05-30T13:27:31.039+0000][10390.459s][info][gc,start    ] GC(1980) Pause Cleanup
[2024-05-30T13:27:31.040+0000][10390.459s][info][gc          ] GC(1980) Pause Cleanup 7451M->7451M(12288M) 0.625ms
[2024-05-30T13:27:31.040+0000][10390.459s][info][gc,cpu      ] GC(1980) User=0.00s Sys=0.00s Real=0.00s
[2024-05-30T13:27:31.040+0000][10390.459s][info][gc,marking  ] GC(1980) Concurrent Cleanup for Next Mark
[2024-05-30T13:27:31.057+0000][10390.476s][info][gc,marking  ] GC(1980) Concurrent Cleanup for Next Mark 17.190ms
[2024-05-30T13:27:31.057+0000][10390.477s][info][gc          ] GC(1980) Concurrent Mark Cycle 4761.663ms
[2024-05-30T13:27:31.950+0000][10391.369s][info][gc,start    ] GC(1982) Pause Young (Prepare Mixed) (G1 Evacuation Pause)
[2024-05-30T13:27:31.950+0000][10391.369s][info][gc,task     ] GC(1982) Using 6 workers of 6 for evacuation
[2024-05-30T13:27:32.057+0000][10391.476s][info][gc,phases   ] GC(1982)   Pre Evacuate Collection Set: 0.2ms
[2024-05-30T13:27:32.057+0000][10391.476s][info][gc,phases   ] GC(1982)   Merge Heap Roots: 0.5ms
[2024-05-30T13:27:32.057+0000][10391.476s][info][gc,phases   ] GC(1982)   Evacuate Collection Set: 89.7ms
[2024-05-30T13:27:32.057+0000][10391.476s][info][gc,phases   ] GC(1982)   Post Evacuate Collection Set: 16.5ms
[2024-05-30T13:27:32.057+0000][10391.477s][info][gc,phases   ] GC(1982)   Other: 0.2ms
[2024-05-30T13:27:32.057+0000][10391.477s][info][gc,heap     ] GC(1982) Eden regions: 763->0(51)
[2024-05-30T13:27:32.057+0000][10391.477s][info][gc,heap     ] GC(1982) Survivor regions: 21->25(98)
[2024-05-30T13:27:32.057+0000][10391.477s][info][gc,heap     ] GC(1982) Old regions: 415->415
[2024-05-30T13:27:32.057+0000][10391.477s][info][gc,heap     ] GC(1982) Archive regions: 2->2
[2024-05-30T13:27:32.057+0000][10391.477s][info][gc,heap     ] GC(1982) Humongous regions: 6->6
[2024-05-30T13:27:32.057+0000][10391.477s][info][gc,metaspace] GC(1982) Metaspace: 432900K(439808K)->432900K(439808K) NonClass: 378988K(382976K)->378988K(382976K) Class: 53911K(56832K)->53911K(56832K)
[2024-05-30T13:27:32.057+0000][10391.477s][info][gc          ] GC(1982) Pause Young (Prepare Mixed) (G1 Evacuation Pause) 9639M->3568M(12288M) 107.110ms
[2024-05-30T13:27:32.057+0000][10391.477s][info][gc,cpu      ] GC(1982) User=0.63s Sys=0.00s Real=0.11s
[2024-05-30T13:27:32.247+0000][10391.667s][info][gc,start    ] GC(1983) Pause Young (Mixed) (G1 Evacuation Pause)
[2024-05-30T13:27:32.247+0000][10391.667s][info][gc,task     ] GC(1983) Using 6 workers of 6 for evacuation
[2024-05-30T13:27:32.371+0000][10391.790s][info][gc,phases   ] GC(1983)   Pre Evacuate Collection Set: 0.2ms
[2024-05-30T13:27:32.371+0000][10391.790s][info][gc,phases   ] GC(1983)   Merge Heap Roots: 0.5ms
[2024-05-30T13:27:32.371+0000][10391.790s][info][gc,phases   ] GC(1983)   Evacuate Collection Set: 120.0ms
[2024-05-30T13:27:32.371+0000][10391.790s][info][gc,phases   ] GC(1983)   Post Evacuate Collection Set: 2.6ms
[2024-05-30T13:27:32.371+0000][10391.790s][info][gc,phases   ] GC(1983)   Other: 0.2ms
[2024-05-30T13:27:32.371+0000][10391.790s][info][gc,heap     ] GC(1983) Eden regions: 51->0(770)
[2024-05-30T13:27:32.371+0000][10391.790s][info][gc,heap     ] GC(1983) Survivor regions: 25->3(10)
[2024-05-30T13:27:32.371+0000][10391.790s][info][gc,heap     ] GC(1983) Old regions: 415->428
[2024-05-30T13:27:32.371+0000][10391.790s][info][gc,heap     ] GC(1983) Archive regions: 2->2
[2024-05-30T13:27:32.371+0000][10391.790s][info][gc,heap     ] GC(1983) Humongous regions: 6->6
[2024-05-30T13:27:32.371+0000][10391.790s][info][gc,metaspace] GC(1983) Metaspace: 432900K(439808K)->432900K(439808K) NonClass: 378988K(382976K)->378988K(382976K) Class: 53911K(56832K)->53911K(56832K)
[2024-05-30T13:27:32.371+0000][10391.790s][info][gc          ] GC(1983) Pause Young (Mixed) (G1 Evacuation Pause) 3976M->3496M(12288M) 123.575ms
[2024-05-30T13:27:32.371+0000][10391.790s][info][gc,cpu      ] GC(1983) User=0.72s Sys=0.00s Real=0.13s
[2024-05-30T13:27:34.493+0000][10393.913s][info][gc,start    ] GC(1984) Pause Young (Normal) (G1 Evacuation Pause)
[2024-05-30T13:27:34.493+0000][10393.913s][info][gc,task     ] GC(1984) Using 6 workers of 6 for evacuation
[2024-05-30T13:27:34.549+0000][10393.968s][info][gc,phases   ] GC(1984)   Pre Evacuate Collection Set: 0.2ms
[2024-05-30T13:27:34.549+0000][10393.968s][info][gc,phases   ] GC(1984)   Merge Heap Roots: 0.3ms
[2024-05-30T13:27:34.549+0000][10393.968s][info][gc,phases   ] GC(1984)   Evacuate Collection Set: 41.0ms
[2024-05-30T13:27:34.549+0000][10393.968s][info][gc,phases   ] GC(1984)   Post Evacuate Collection Set: 13.5ms
[2024-05-30T13:27:34.549+0000][10393.968s][info][gc,phases   ] GC(1984)   Other: 0.2ms
[2024-05-30T13:27:34.549+0000][10393.968s][info][gc,heap     ] GC(1984) Eden regions: 770->0(768)
[2024-05-30T13:27:34.549+0000][10393.968s][info][gc,heap     ] GC(1984) Survivor regions: 3->6(97)
[2024-05-30T13:27:34.549+0000][10393.968s][info][gc,heap     ] GC(1984) Old regions: 428->428
[2024-05-30T13:27:34.549+0000][10393.968s][info][gc,heap     ] GC(1984) Archive regions: 2->2
[2024-05-30T13:27:34.549+0000][10393.968s][info][gc,heap     ] GC(1984) Humongous regions: 6->6
[2024-05-30T13:27:34.549+0000][10393.968s][info][gc,metaspace] GC(1984) Metaspace: 432908K(439808K)->432908K(439808K) NonClass: 378996K(382976K)->378996K(382976K) Class: 53911K(56832K)->53911K(56832K)
[2024-05-30T13:27:34.549+0000][10393.968s][info][gc          ] GC(1984) Pause Young (Normal) (G1 Evacuation Pause) 9656M->3514M(12288M) 55.213ms
[2024-05-30T13:27:34.549+0000][10393.968s][info][gc,cpu      ] GC(1984) User=0.32s Sys=0.00s Real=0.06s
[2024-05-30T13:27:38.981+0000][10398.400s][info][gc,start    ] GC(1985) Pause Young (Normal) (G1 Evacuation Pause)
[2024-05-30T13:27:38.981+0000][10398.400s][info][gc,task     ] GC(1985) Using 6 workers of 6 for evacuation
[2024-05-30T13:27:39.004+0000][10398.423s][info][gc,phases   ] GC(1985)   Pre Evacuate Collection Set: 0.2ms
[2024-05-30T13:27:39.004+0000][10398.423s][info][gc,phases   ] GC(1985)   Merge Heap Roots: 0.5ms
[2024-05-30T13:27:39.004+0000][10398.423s][info][gc,phases   ] GC(1985)   Evacuate Collection Set: 19.9ms
[2024-05-30T13:27:39.004+0000][10398.423s][info][gc,phases   ] GC(1985)   Post Evacuate Collection Set: 2.2ms
[2024-05-30T13:27:39.004+0000][10398.423s][info][gc,phases   ] GC(1985)   Other: 0.2ms
[2024-05-30T13:27:39.004+0000][10398.423s][info][gc,heap     ] GC(1985) Eden regions: 768->0(772)
[2024-05-30T13:27:39.004+0000][10398.423s][info][gc,heap     ] GC(1985) Survivor regions: 6->4(97)
[2024-05-30T13:27:39.004+0000][10398.423s][info][gc,heap     ] GC(1985) Old regions: 428->428
[2024-05-30T13:27:39.004+0000][10398.423s][info][gc,heap     ] GC(1985) Archive regions: 2->2
[2024-05-30T13:27:39.004+0000][10398.423s][info][gc,heap     ] GC(1985) Humongous regions: 6->6
[2024-05-30T13:27:39.004+0000][10398.423s][info][gc,metaspace] GC(1985) Metaspace: 432908K(439808K)->432908K(439808K) NonClass: 378996K(382976K)->378996K(382976K) Class: 53911K(56832K)->53911K(56832K)
[2024-05-30T13:27:39.004+0000][10398.424s][info][gc          ] GC(1985) Pause Young (Normal) (G1 Evacuation Pause) 9658M->3504M(12288M) 23.116ms
[2024-05-30T13:27:39.004+0000][10398.424s][info][gc,cpu      ] GC(1985) User=0.13s Sys=0.00s Real=0.02s
[2024-05-30T13:27:47.430+0000][10406.850s][info][gc,start    ] GC(1986) Pause Young (Concurrent Start) (G1 Evacuation Pause)
[2024-05-30T13:27:47.430+0000][10406.850s][info][gc,task     ] GC(1986) Using 6 workers of 6 for evacuation
[2024-05-30T13:27:47.448+0000][10406.867s][info][gc,phases   ] GC(1986)   Pre Evacuate Collection Set: 0.6ms
[2024-05-30T13:27:47.448+0000][10406.867s][info][gc,phases   ] GC(1986)   Merge Heap Roots: 0.2ms
[2024-05-30T13:27:47.448+0000][10406.867s][info][gc,phases   ] GC(1986)   Evacuate Collection Set: 15.1ms
[2024-05-30T13:27:47.448+0000][10406.867s][info][gc,phases   ] GC(1986)   Post Evacuate Collection Set: 1.7ms
[2024-05-30T13:27:47.448+0000][10406.867s][info][gc,phases   ] GC(1986)   Other: 0.3ms
[2024-05-30T13:27:47.448+0000][10406.867s][info][gc,heap     ] GC(1986) Eden regions: 772->0(768)
[2024-05-30T13:27:47.448+0000][10406.867s][info][gc,heap     ] GC(1986) Survivor regions: 4->8(97)
[2024-05-30T13:27:47.448+0000][10406.867s][info][gc,heap     ] GC(1986) Old regions: 428->428
[2024-05-30T13:27:47.448+0000][10406.867s][info][gc,heap     ] GC(1986) Archive regions: 2->2
[2024-05-30T13:27:47.448+0000][10406.867s][info][gc,heap     ] GC(1986) Humongous regions: 6->6
[2024-05-30T13:27:47.448+0000][10406.867s][info][gc,metaspace] GC(1986) Metaspace: 432908K(439808K)->432908K(439808K) NonClass: 378996K(382976K)->378996K(382976K) Class: 53911K(56832K)->53911K(56832K)
[2024-05-30T13:27:47.448+0000][10406.867s][info][gc          ] GC(1986) Pause Young (Concurrent Start) (G1 Evacuation Pause) 9680M->3530M(12288M) 17.896ms
[2024-05-30T13:27:47.448+0000][10406.868s][info][gc,cpu      ] GC(1986) User=0.10s Sys=0.00s Real=0.01s
[2024-05-30T13:27:47.448+0000][10406.868s][info][gc          ] GC(1987) Concurrent Mark Cycle
[2024-05-30T13:27:47.448+0000][10406.868s][info][gc,marking  ] GC(1987) Concurrent Clear Claimed Marks
[2024-05-30T13:27:47.449+0000][10406.868s][info][gc,marking  ] GC(1987) Concurrent Clear Claimed Marks 0.365ms
[2024-05-30T13:27:47.449+0000][10406.868s][info][gc,marking  ] GC(1987) Concurrent Scan Root Regions
[2024-05-30T13:27:47.461+0000][10406.880s][info][gc,marking  ] GC(1987) Concurrent Scan Root Regions 12.298ms
[2024-05-30T13:27:47.461+0000][10406.880s][info][gc,marking  ] GC(1987) Concurrent Mark
[2024-05-30T13:27:47.461+0000][10406.880s][info][gc,marking  ] GC(1987) Concurrent Mark From Roots
[2024-05-30T13:27:47.461+0000][10406.880s][info][gc,task     ] GC(1987) Using 2 workers of 2 for marking
[2024-05-30T13:27:49.927+0000][10409.347s][info][gc,marking  ] GC(1987) Concurrent Mark From Roots 2466.227ms
[2024-05-30T13:27:49.927+0000][10409.347s][info][gc,marking  ] GC(1987) Concurrent Preclean
[2024-05-30T13:27:49.929+0000][10409.348s][info][gc,marking  ] GC(1987) Concurrent Preclean 1.590ms
[2024-05-30T13:27:49.929+0000][10409.348s][info][gc,start    ] GC(1987) Pause Remark
[2024-05-30T13:27:49.953+0000][10409.372s][info][gc          ] GC(1987) Pause Remark 5430M->5430M(12288M) 23.904ms
[2024-05-30T13:27:49.953+0000][10409.372s][info][gc,cpu      ] GC(1987) User=0.11s Sys=0.00s Real=0.02s
[2024-05-30T13:27:49.954+0000][10409.373s][info][gc,marking  ] GC(1987) Concurrent Mark 2492.539ms
[2024-05-30T13:27:49.954+0000][10409.373s][info][gc,marking  ] GC(1987) Concurrent Rebuild Remembered Sets
[2024-05-30T13:27:51.436+0000][10410.855s][info][gc,marking  ] GC(1987) Concurrent Rebuild Remembered Sets 1482.032ms
[2024-05-30T13:27:51.436+0000][10410.855s][info][gc,start    ] GC(1987) Pause Cleanup
[2024-05-30T13:27:51.437+0000][10410.856s][info][gc          ] GC(1987) Pause Cleanup 6611M->6611M(12288M) 0.706ms
[2024-05-30T13:27:51.437+0000][10410.856s][info][gc,cpu      ] GC(1987) User=0.00s Sys=0.00s Real=0.01s
[2024-05-30T13:27:51.437+0000][10410.856s][info][gc,marking  ] GC(1987) Concurrent Cleanup for Next Mark
[2024-05-30T13:27:51.454+0000][10410.873s][info][gc,marking  ] GC(1987) Concurrent Cleanup for Next Mark 17.399ms
[2024-05-30T13:27:51.454+0000][10410.873s][info][gc          ] GC(1987) Concurrent Mark Cycle 4005.794ms
[2024-05-30T13:27:55.475+0000][10414.894s][info][gc,start    ] GC(1988) Pause Young (Prepare Mixed) (G1 Evacuation Pause)
[2024-05-30T13:27:55.475+0000][10414.894s][info][gc,task     ] GC(1988) Using 6 workers of 6 for evacuation
[2024-05-30T13:27:55.497+0000][10414.916s][info][gc,phases   ] GC(1988)   Pre Evacuate Collection Set: 0.2ms
[2024-05-30T13:27:55.497+0000][10414.916s][info][gc,phases   ] GC(1988)   Merge Heap Roots: 0.3ms
[2024-05-30T13:27:55.497+0000][10414.916s][info][gc,phases   ] GC(1988)   Evacuate Collection Set: 19.9ms
[2024-05-30T13:27:55.497+0000][10414.916s][info][gc,phases   ] GC(1988)   Post Evacuate Collection Set: 2.0ms
[2024-05-30T13:27:55.497+0000][10414.916s][info][gc,phases   ] GC(1988)   Other: 0.2ms
[2024-05-30T13:27:55.497+0000][10414.916s][info][gc,heap     ] GC(1988) Eden regions: 768->0(68)
[2024-05-30T13:27:55.497+0000][10414.916s][info][gc,heap     ] GC(1988) Survivor regions: 8->8(97)
[2024-05-30T13:27:55.497+0000][10414.916s][info][gc,heap     ] GC(1988) Old regions: 428->428
[2024-05-30T13:27:55.497+0000][10414.916s][info][gc,heap     ] GC(1988) Archive regions: 2->2
[2024-05-30T13:27:55.497+0000][10414.916s][info][gc,heap     ] GC(1988) Humongous regions: 6->6
[2024-05-30T13:27:55.497+0000][10414.916s][info][gc,metaspace] GC(1988) Metaspace: 432911K(439808K)->432911K(439808K) NonClass: 378999K(382976K)->378999K(382976K) Class: 53911K(56832K)->53911K(56832K)
[2024-05-30T13:27:55.497+0000][10414.917s][info][gc          ] GC(1988) Pause Young (Prepare Mixed) (G1 Evacuation Pause) 9674M->3536M(12288M) 22.675ms
[2024-05-30T13:27:55.497+0000][10414.917s][info][gc,cpu      ] GC(1988) User=0.13s Sys=0.00s Real=0.03s
[2024-05-30T13:27:56.208+0000][10415.627s][info][gc,start    ] GC(1989) Pause Young (Mixed) (G1 Evacuation Pause)
[2024-05-30T13:27:56.208+0000][10415.627s][info][gc,task     ] GC(1989) Using 6 workers of 6 for evacuation
[2024-05-30T13:27:56.271+0000][10415.690s][info][gc,phases   ] GC(1989)   Pre Evacuate Collection Set: 0.2ms
[2024-05-30T13:27:56.271+0000][10415.690s][info][gc,phases   ] GC(1989)   Merge Heap Roots: 0.4ms
[2024-05-30T13:27:56.271+0000][10415.690s][info][gc,phases   ] GC(1989)   Evacuate Collection Set: 60.8ms
[2024-05-30T13:27:56.271+0000][10415.690s][info][gc,phases   ] GC(1989)   Post Evacuate Collection Set: 1.3ms
[2024-05-30T13:27:56.271+0000][10415.690s][info][gc,phases   ] GC(1989)   Other: 0.2ms
[2024-05-30T13:27:56.271+0000][10415.690s][info][gc,heap     ] GC(1989) Eden regions: 68->0(782)
[2024-05-30T13:27:56.271+0000][10415.690s][info][gc,heap     ] GC(1989) Survivor regions: 8->6(10)
[2024-05-30T13:27:56.271+0000][10415.690s][info][gc,heap     ] GC(1989) Old regions: 428->416
[2024-05-30T13:27:56.271+0000][10415.690s][info][gc,heap     ] GC(1989) Archive regions: 2->2
[2024-05-30T13:27:56.271+0000][10415.690s][info][gc,heap     ] GC(1989) Humongous regions: 6->6
[2024-05-30T13:27:56.271+0000][10415.690s][info][gc,metaspace] GC(1989) Metaspace: 432911K(439808K)->432911K(439808K) NonClass: 378999K(382976K)->378999K(382976K) Class: 53911K(56832K)->53911K(56832K)
[2024-05-30T13:27:56.271+0000][10415.690s][info][gc          ] GC(1989) Pause Young (Mixed) (G1 Evacuation Pause) 4080M->3420M(12288M) 62.963ms
[2024-05-30T13:27:56.271+0000][10415.690s][info][gc,cpu      ] GC(1989) User=0.38s Sys=0.00s Real=0.07s
[2024-05-30T13:28:04.702+0000][10424.122s][info][gc,start    ] GC(1990) Pause Young (Normal) (G1 Evacuation Pause)
[2024-05-30T13:28:04.702+0000][10424.122s][info][gc,task     ] GC(1990) Using 6 workers of 6 for evacuation
[2024-05-30T13:28:04.721+0000][10424.140s][info][gc,phases   ] GC(1990)   Pre Evacuate Collection Set: 0.2ms
[2024-05-30T13:28:04.721+0000][10424.140s][info][gc,phases   ] GC(1990)   Merge Heap Roots: 0.2ms
[2024-05-30T13:28:04.721+0000][10424.140s][info][gc,phases   ] GC(1990)   Evacuate Collection Set: 16.3ms
[2024-05-30T13:28:04.721+0000][10424.140s][info][gc,phases   ] GC(1990)   Post Evacuate Collection Set: 1.8ms
[2024-05-30T13:28:04.721+0000][10424.140s][info][gc,phases   ] GC(1990)   Other: 0.2ms
[2024-05-30T13:28:04.721+0000][10424.140s][info][gc,heap     ] GC(1990) Eden regions: 782->0(782)
[2024-05-30T13:28:04.721+0000][10424.140s][info][gc,heap     ] GC(1990) Survivor regions: 6->7(99)
[2024-05-30T13:28:04.721+0000][10424.140s][info][gc,heap     ] GC(1990) Old regions: 416->416
[2024-05-30T13:28:04.721+0000][10424.140s][info][gc,heap     ] GC(1990) Archive regions: 2->2
[2024-05-30T13:28:04.721+0000][10424.140s][info][gc,heap     ] GC(1990) Humongous regions: 6->6
[2024-05-30T13:28:04.721+0000][10424.140s][info][gc,metaspace] GC(1990) Metaspace: 432915K(439808K)->432915K(439808K) NonClass: 379003K(382976K)->379003K(382976K) Class: 53911K(56832K)->53911K(56832K)
[2024-05-30T13:28:04.721+0000][10424.140s][info][gc          ] GC(1990) Pause Young (Normal) (G1 Evacuation Pause) 9676M->3434M(12288M) 18.653ms
[2024-05-30T13:28:04.721+0000][10424.140s][info][gc,cpu      ] GC(1990) User=0.10s Sys=0.00s Real=0.02s
[2024-05-30T13:28:13.107+0000][10432.526s][info][gc,start    ] GC(1991) Pause Young (Normal) (G1 Evacuation Pause)
[2024-05-30T13:28:13.107+0000][10432.526s][info][gc,task     ] GC(1991) Using 6 workers of 6 for evacuation
[2024-05-30T13:28:13.131+0000][10432.550s][info][gc,phases   ] GC(1991)   Pre Evacuate Collection Set: 0.2ms
[2024-05-30T13:28:13.131+0000][10432.550s][info][gc,phases   ] GC(1991)   Merge Heap Roots: 0.2ms
[2024-05-30T13:28:13.131+0000][10432.550s][info][gc,phases   ] GC(1991)   Evacuate Collection Set: 21.4ms
[2024-05-30T13:28:13.131+0000][10432.550s][info][gc,phases   ] GC(1991)   Post Evacuate Collection Set: 1.7ms
[2024-05-30T13:28:13.131+0000][10432.550s][info][gc,phases   ] GC(1991)   Other: 0.2ms
[2024-05-30T13:28:13.131+0000][10432.550s][info][gc,heap     ] GC(1991) Eden regions: 782->0(779)
[2024-05-30T13:28:13.131+0000][10432.550s][info][gc,heap     ] GC(1991) Survivor regions: 7->11(99)
[2024-05-30T13:28:13.131+0000][10432.550s][info][gc,heap     ] GC(1991) Old regions: 416->416
[2024-05-30T13:28:13.131+0000][10432.550s][info][gc,heap     ] GC(1991) Archive regions: 2->2
[2024-05-30T13:28:13.131+0000][10432.550s][info][gc,heap     ] GC(1991) Humongous regions: 6->6
[2024-05-30T13:28:13.131+0000][10432.550s][info][gc,metaspace] GC(1991) Metaspace: 432915K(439808K)->432915K(439808K) NonClass: 379003K(382976K)->379003K(382976K) Class: 53911K(56832K)->53911K(56832K)
[2024-05-30T13:28:13.131+0000][10432.550s][info][gc          ] GC(1991) Pause Young (Normal) (G1 Evacuation Pause) 9690M->3462M(12288M) 23.794ms
[2024-05-30T13:28:13.131+0000][10432.550s][info][gc,cpu      ] GC(1991) User=0.14s Sys=0.00s Real=0.03s
[2024-05-30T13:28:21.482+0000][10440.901s][info][gc,start    ] GC(1992) Pause Young (Concurrent Start) (G1 Evacuation Pause)
[2024-05-30T13:28:21.482+0000][10440.901s][info][gc,task     ] GC(1992) Using 6 workers of 6 for evacuation
[2024-05-30T13:28:21.512+0000][10440.931s][info][gc,phases   ] GC(1992)   Pre Evacuate Collection Set: 0.6ms
[2024-05-30T13:28:21.512+0000][10440.931s][info][gc,phases   ] GC(1992)   Merge Heap Roots: 0.2ms
[2024-05-30T13:28:21.512+0000][10440.931s][info][gc,phases   ] GC(1992)   Evacuate Collection Set: 26.7ms
[2024-05-30T13:28:21.512+0000][10440.931s][info][gc,phases   ] GC(1992)   Post Evacuate Collection Set: 1.7ms
[2024-05-30T13:28:21.512+0000][10440.931s][info][gc,phases   ] GC(1992)   Other: 0.3ms
[2024-05-30T13:28:21.512+0000][10440.931s][info][gc,heap     ] GC(1992) Eden regions: 779->0(775)
[2024-05-30T13:28:21.512+0000][10440.931s][info][gc,heap     ] GC(1992) Survivor regions: 11->14(99)
[2024-05-30T13:28:21.512+0000][10440.931s][info][gc,heap     ] GC(1992) Old regions: 416->416
[2024-05-30T13:28:21.512+0000][10440.931s][info][gc,heap     ] GC(1992) Archive regions: 2->2
[2024-05-30T13:28:21.512+0000][10440.931s][info][gc,heap     ] GC(1992) Humongous regions: 6->6
[2024-05-30T13:28:21.512+0000][10440.931s][info][gc,metaspace] GC(1992) Metaspace: 432915K(439808K)->432915K(439808K) NonClass: 379003K(382976K)->379003K(382976K) Class: 53911K(56832K)->53911K(56832K)
[2024-05-30T13:28:21.512+0000][10440.931s][info][gc          ] GC(1992) Pause Young (Concurrent Start) (G1 Evacuation Pause) 9694M->3487M(12288M) 29.580ms
[2024-05-30T13:28:21.512+0000][10440.931s][info][gc,cpu      ] GC(1992) User=0.18s Sys=0.00s Real=0.03s
[2024-05-30T13:28:21.512+0000][10440.931s][info][gc          ] GC(1993) Concurrent Mark Cycle
[2024-05-30T13:28:21.512+0000][10440.931s][info][gc,marking  ] GC(1993) Concurrent Clear Claimed Marks
[2024-05-30T13:28:21.512+0000][10440.931s][info][gc,marking  ] GC(1993) Concurrent Clear Claimed Marks 0.391ms
[2024-05-30T13:28:21.512+0000][10440.931s][info][gc,marking  ] GC(1993) Concurrent Scan Root Regions
[2024-05-30T13:28:21.534+0000][10440.954s][info][gc,marking  ] GC(1993) Concurrent Scan Root Regions 22.290ms
[2024-05-30T13:28:21.535+0000][10440.954s][info][gc,marking  ] GC(1993) Concurrent Mark
[2024-05-30T13:28:21.535+0000][10440.954s][info][gc,marking  ] GC(1993) Concurrent Mark From Roots
[2024-05-30T13:28:21.535+0000][10440.954s][info][gc,task     ] GC(1993) Using 2 workers of 2 for marking
[2024-05-30T13:28:23.974+0000][10443.393s][info][gc,marking  ] GC(1993) Concurrent Mark From Roots 2439.296ms
[2024-05-30T13:28:23.974+0000][10443.393s][info][gc,marking  ] GC(1993) Concurrent Preclean
[2024-05-30T13:28:23.975+0000][10443.395s][info][gc,marking  ] GC(1993) Concurrent Preclean 1.506ms
[2024-05-30T13:28:23.976+0000][10443.395s][info][gc,start    ] GC(1993) Pause Remark
[2024-05-30T13:28:24.000+0000][10443.419s][info][gc          ] GC(1993) Pause Remark 5203M->5195M(12288M) 24.059ms
[2024-05-30T13:28:24.000+0000][10443.419s][info][gc,cpu      ] GC(1993) User=0.10s Sys=0.01s Real=0.03s
[2024-05-30T13:28:24.000+0000][10443.419s][info][gc,marking  ] GC(1993) Concurrent Mark 2465.380ms
[2024-05-30T13:28:24.000+0000][10443.419s][info][gc,marking  ] GC(1993) Concurrent Rebuild Remembered Sets
[2024-05-30T13:28:25.516+0000][10444.935s][info][gc,marking  ] GC(1993) Concurrent Rebuild Remembered Sets 1516.119ms
[2024-05-30T13:28:25.516+0000][10444.936s][info][gc,start    ] GC(1993) Pause Cleanup
[2024-05-30T13:28:25.518+0000][10444.937s][info][gc          ] GC(1993) Pause Cleanup 6287M->6287M(12288M) 1.613ms
[2024-05-30T13:28:25.518+0000][10444.937s][info][gc,cpu      ] GC(1993) User=0.00s Sys=0.00s Real=0.00s
[2024-05-30T13:28:25.518+0000][10444.937s][info][gc,marking  ] GC(1993) Concurrent Cleanup for Next Mark
[2024-05-30T13:28:25.536+0000][10444.955s][info][gc,marking  ] GC(1993) Concurrent Cleanup for Next Mark 18.036ms
[2024-05-30T13:28:25.536+0000][10444.955s][info][gc          ] GC(1993) Concurrent Mark Cycle 4024.396ms
[2024-05-30T13:28:27.989+0000][10447.408s][info][gc,start    ] GC(1994) Pause Young (Prepare Mixed) (G1 Evacuation Pause)
[2024-05-30T13:28:27.989+0000][10447.408s][info][gc,task     ] GC(1994) Using 6 workers of 6 for evacuation
[2024-05-30T13:28:28.028+0000][10447.448s][info][gc,phases   ] GC(1994)   Pre Evacuate Collection Set: 0.2ms
[2024-05-30T13:28:28.028+0000][10447.448s][info][gc,phases   ] GC(1994)   Merge Heap Roots: 0.3ms
[2024-05-30T13:28:28.028+0000][10447.448s][info][gc,phases   ] GC(1994)   Evacuate Collection Set: 34.2ms
[2024-05-30T13:28:28.028+0000][10447.448s][info][gc,phases   ] GC(1994)   Post Evacuate Collection Set: 4.6ms
[2024-05-30T13:28:28.028+0000][10447.448s][info][gc,phases   ] GC(1994)   Other: 0.2ms
[2024-05-30T13:28:28.028+0000][10447.448s][info][gc,heap     ] GC(1994) Eden regions: 775->0(64)
[2024-05-30T13:28:28.028+0000][10447.448s][info][gc,heap     ] GC(1994) Survivor regions: 14->12(99)
[2024-05-30T13:28:28.028+0000][10447.448s][info][gc,heap     ] GC(1994) Old regions: 416->416
[2024-05-30T13:28:28.028+0000][10447.448s][info][gc,heap     ] GC(1994) Archive regions: 2->2
[2024-05-30T13:28:28.028+0000][10447.448s][info][gc,heap     ] GC(1994) Humongous regions: 5->5
[2024-05-30T13:28:28.028+0000][10447.448s][info][gc,metaspace] GC(1994) Metaspace: 432915K(439808K)->432915K(439808K) NonClass: 379003K(382976K)->379003K(382976K) Class: 53911K(56832K)->53911K(56832K)
[2024-05-30T13:28:28.028+0000][10447.448s][info][gc          ] GC(1994) Pause Young (Prepare Mixed) (G1 Evacuation Pause) 9679M->3465M(12288M) 39.583ms
[2024-05-30T13:28:28.028+0000][10447.448s][info][gc,cpu      ] GC(1994) User=0.23s Sys=0.00s Real=0.04s
[2024-05-30T13:28:28.235+0000][10447.654s][info][gc,start    ] GC(1995) Pause Young (Mixed) (G1 Evacuation Pause)
[2024-05-30T13:28:28.235+0000][10447.654s][info][gc,task     ] GC(1995) Using 6 workers of 6 for evacuation
[2024-05-30T13:28:28.307+0000][10447.726s][info][gc,phases   ] GC(1995)   Pre Evacuate Collection Set: 0.2ms
[2024-05-30T13:28:28.307+0000][10447.726s][info][gc,phases   ] GC(1995)   Merge Heap Roots: 0.4ms
[2024-05-30T13:28:28.307+0000][10447.726s][info][gc,phases   ] GC(1995)   Evacuate Collection Set: 69.0ms
[2024-05-30T13:28:28.307+0000][10447.726s][info][gc,phases   ] GC(1995)   Post Evacuate Collection Set: 2.1ms
[2024-05-30T13:28:28.307+0000][10447.726s][info][gc,phases   ] GC(1995)   Other: 0.2ms
[2024-05-30T13:28:28.307+0000][10447.726s][info][gc,heap     ] GC(1995) Eden regions: 64->0(792)
[2024-05-30T13:28:28.307+0000][10447.726s][info][gc,heap     ] GC(1995) Survivor regions: 12->5(10)
[2024-05-30T13:28:28.307+0000][10447.726s][info][gc,heap     ] GC(1995) Old regions: 416->410
[2024-05-30T13:28:28.307+0000][10447.726s][info][gc,heap     ] GC(1995) Archive regions: 2->2
[2024-05-30T13:28:28.307+0000][10447.726s][info][gc,heap     ] GC(1995) Humongous regions: 5->5
[2024-05-30T13:28:28.307+0000][10447.726s][info][gc,metaspace] GC(1995) Metaspace: 432915K(439808K)->432915K(439808K) NonClass: 379003K(382976K)->379003K(382976K) Class: 53911K(56832K)->53911K(56832K)
[2024-05-30T13:28:28.307+0000][10447.726s][info][gc          ] GC(1995) Pause Young (Mixed) (G1 Evacuation Pause) 3977M->3352M(12288M) 71.955ms
[2024-05-30T13:28:28.307+0000][10447.726s][info][gc,cpu      ] GC(1995) User=0.43s Sys=0.00s Real=0.07s
[2024-05-30T13:28:30.765+0000][10450.184s][info][gc,start    ] GC(1996) Pause Young (Normal) (G1 Evacuation Pause)
[2024-05-30T13:28:30.765+0000][10450.184s][info][gc,task     ] GC(1996) Using 6 workers of 6 for evacuation
[2024-05-30T13:28:30.828+0000][10450.247s][info][gc,phases   ] GC(1996)   Pre Evacuate Collection Set: 0.2ms
[2024-05-30T13:28:30.828+0000][10450.247s][info][gc,phases   ] GC(1996)   Merge Heap Roots: 0.2ms
[2024-05-30T13:28:30.828+0000][10450.247s][info][gc,phases   ] GC(1996)   Evacuate Collection Set: 47.2ms
[2024-05-30T13:28:30.828+0000][10450.247s][info][gc,phases   ] GC(1996)   Post Evacuate Collection Set: 15.4ms
[2024-05-30T13:28:30.828+0000][10450.247s][info][gc,phases   ] GC(1996)   Other: 0.2ms
[2024-05-30T13:28:30.828+0000][10450.247s][info][gc,heap     ] GC(1996) Eden regions: 792->0(787)
[2024-05-30T13:28:30.828+0000][10450.247s][info][gc,heap     ] GC(1996) Survivor regions: 5->9(100)
[2024-05-30T13:28:30.828+0000][10450.247s][info][gc,heap     ] GC(1996) Old regions: 410->410
[2024-05-30T13:28:30.828+0000][10450.247s][info][gc,heap     ] GC(1996) Archive regions: 2->2
[2024-05-30T13:28:30.828+0000][10450.247s][info][gc,heap     ] GC(1996) Humongous regions: 5->5
[2024-05-30T13:28:30.828+0000][10450.247s][info][gc,metaspace] GC(1996) Metaspace: 432915K(439808K)->432915K(439808K) NonClass: 379003K(382976K)->379003K(382976K) Class: 53911K(56832K)->53911K(56832K)
[2024-05-30T13:28:30.828+0000][10450.247s][info][gc          ] GC(1996) Pause Young (Normal) (G1 Evacuation Pause) 9688M->3383M(12288M) 63.209ms
[2024-05-30T13:28:30.828+0000][10450.247s][info][gc,cpu      ] GC(1996) User=0.36s Sys=0.01s Real=0.06s
[2024-05-30T13:28:33.466+0000][10452.885s][info][gc,start    ] GC(1997) Pause Young (Normal) (G1 Evacuation Pause)
[2024-05-30T13:28:33.466+0000][10452.885s][info][gc,task     ] GC(1997) Using 6 workers of 6 for evacuation
[2024-05-30T13:28:33.547+0000][10452.966s][info][gc,phases   ] GC(1997)   Pre Evacuate Collection Set: 0.2ms
[2024-05-30T13:28:33.547+0000][10452.966s][info][gc,phases   ] GC(1997)   Merge Heap Roots: 0.2ms
[2024-05-30T13:28:33.547+0000][10452.966s][info][gc,phases   ] GC(1997)   Evacuate Collection Set: 63.5ms
[2024-05-30T13:28:33.547+0000][10452.966s][info][gc,phases   ] GC(1997)   Post Evacuate Collection Set: 16.6ms
[2024-05-30T13:28:33.547+0000][10452.966s][info][gc,phases   ] GC(1997)   Other: 0.2ms
[2024-05-30T13:28:33.547+0000][10452.966s][info][gc,heap     ] GC(1997) Eden regions: 787->0(782)
[2024-05-30T13:28:33.547+0000][10452.966s][info][gc,heap     ] GC(1997) Survivor regions: 9->13(100)
[2024-05-30T13:28:33.547+0000][10452.966s][info][gc,heap     ] GC(1997) Old regions: 410->410
[2024-05-30T13:28:33.547+0000][10452.966s][info][gc,heap     ] GC(1997) Archive regions: 2->2
[2024-05-30T13:28:33.547+0000][10452.966s][info][gc,heap     ] GC(1997) Humongous regions: 5->5
[2024-05-30T13:28:33.547+0000][10452.966s][info][gc,metaspace] GC(1997) Metaspace: 432915K(439808K)->432915K(439808K) NonClass: 379003K(382976K)->379003K(382976K) Class: 53911K(56832K)->53911K(56832K)
[2024-05-30T13:28:33.547+0000][10452.966s][info][gc          ] GC(1997) Pause Young (Normal) (G1 Evacuation Pause) 9679M->3421M(12288M) 80.798ms
[2024-05-30T13:28:33.547+0000][10452.966s][info][gc,cpu      ] GC(1997) User=0.47s Sys=0.00s Real=0.08s
[2024-05-30T13:28:36.109+0000][10455.528s][info][gc,start    ] GC(1998) Pause Young (Concurrent Start) (G1 Evacuation Pause)
[2024-05-30T13:28:36.109+0000][10455.528s][info][gc,task     ] GC(1998) Using 6 workers of 6 for evacuation
[2024-05-30T13:28:36.205+0000][10455.624s][info][gc,phases   ] GC(1998)   Pre Evacuate Collection Set: 0.5ms
[2024-05-30T13:28:36.205+0000][10455.624s][info][gc,phases   ] GC(1998)   Merge Heap Roots: 0.3ms
[2024-05-30T13:28:36.205+0000][10455.624s][info][gc,phases   ] GC(1998)   Evacuate Collection Set: 76.4ms
[2024-05-30T13:28:36.205+0000][10455.624s][info][gc,phases   ] GC(1998)   Post Evacuate Collection Set: 18.9ms
[2024-05-30T13:28:36.205+0000][10455.624s][info][gc,phases   ] GC(1998)   Other: 0.3ms
[2024-05-30T13:28:36.205+0000][10455.624s][info][gc,heap     ] GC(1998) Eden regions: 782->0(777)
[2024-05-30T13:28:36.205+0000][10455.624s][info][gc,heap     ] GC(1998) Survivor regions: 13->17(100)
[2024-05-30T13:28:36.205+0000][10455.624s][info][gc,heap     ] GC(1998) Old regions: 410->410
[2024-05-30T13:28:36.205+0000][10455.624s][info][gc,heap     ] GC(1998) Archive regions: 2->2
[2024-05-30T13:28:36.205+0000][10455.624s][info][gc,heap     ] GC(1998) Humongous regions: 5->5
[2024-05-30T13:28:36.205+0000][10455.624s][info][gc,metaspace] GC(1998) Metaspace: 432915K(439808K)->432915K(439808K) NonClass: 379003K(382976K)->379003K(382976K) Class: 53911K(56832K)->53911K(56832K)
[2024-05-30T13:28:36.205+0000][10455.624s][info][gc          ] GC(1998) Pause Young (Concurrent Start) (G1 Evacuation Pause) 9677M->3450M(12288M) 96.480ms
[2024-05-30T13:28:36.205+0000][10455.624s][info][gc,cpu      ] GC(1998) User=0.56s Sys=0.00s Real=0.09s
[2024-05-30T13:28:36.205+0000][10455.624s][info][gc          ] GC(1999) Concurrent Mark Cycle
[2024-05-30T13:28:36.205+0000][10455.624s][info][gc,marking  ] GC(1999) Concurrent Clear Claimed Marks
[2024-05-30T13:28:36.206+0000][10455.625s][info][gc,marking  ] GC(1999) Concurrent Clear Claimed Marks 0.398ms
[2024-05-30T13:28:36.206+0000][10455.625s][info][gc,marking  ] GC(1999) Concurrent Scan Root Regions
[2024-05-30T13:28:36.277+0000][10455.696s][info][gc,marking  ] GC(1999) Concurrent Scan Root Regions 71.296ms
[2024-05-30T13:28:36.277+0000][10455.696s][info][gc,marking  ] GC(1999) Concurrent Mark
[2024-05-30T13:28:36.277+0000][10455.696s][info][gc,marking  ] GC(1999) Concurrent Mark From Roots
[2024-05-30T13:28:36.277+0000][10455.696s][info][gc,task     ] GC(1999) Using 2 workers of 2 for marking
[2024-05-30T13:28:39.425+0000][10458.844s][info][gc,marking  ] GC(1999) Concurrent Mark From Roots 3147.702ms
[2024-05-30T13:28:39.425+0000][10458.844s][info][gc,marking  ] GC(1999) Concurrent Preclean
[2024-05-30T13:28:39.426+0000][10458.845s][info][gc,marking  ] GC(1999) Concurrent Preclean 1.208ms
[2024-05-30T13:28:39.426+0000][10458.845s][info][gc,start    ] GC(1999) Pause Remark
[2024-05-30T13:28:39.450+0000][10458.869s][info][gc          ] GC(1999) Pause Remark 9378M->9378M(12288M) 23.613ms
[2024-05-30T13:28:39.450+0000][10458.869s][info][gc,cpu      ] GC(1999) User=0.10s Sys=0.01s Real=0.03s
[2024-05-30T13:28:39.450+0000][10458.869s][info][gc,marking  ] GC(1999) Concurrent Mark 3173.001ms
[2024-05-30T13:28:39.450+0000][10458.869s][info][gc,marking  ] GC(1999) Concurrent Rebuild Remembered Sets
[2024-05-30T13:28:39.560+0000][10458.979s][info][gc,start    ] GC(2000) Pause Young (Normal) (G1 Evacuation Pause)
[2024-05-30T13:28:39.560+0000][10458.979s][info][gc,task     ] GC(2000) Using 6 workers of 6 for evacuation
[2024-05-30T13:28:39.665+0000][10459.084s][info][gc,phases   ] GC(2000)   Pre Evacuate Collection Set: 0.2ms
[2024-05-30T13:28:39.665+0000][10459.084s][info][gc,phases   ] GC(2000)   Merge Heap Roots: 0.4ms
[2024-05-30T13:28:39.665+0000][10459.084s][info][gc,phases   ] GC(2000)   Evacuate Collection Set: 86.2ms
[2024-05-30T13:28:39.665+0000][10459.084s][info][gc,phases   ] GC(2000)   Post Evacuate Collection Set: 17.9ms
[2024-05-30T13:28:39.665+0000][10459.084s][info][gc,phases   ] GC(2000)   Other: 0.2ms
[2024-05-30T13:28:39.665+0000][10459.084s][info][gc,heap     ] GC(2000) Eden regions: 777->0(769)
[2024-05-30T13:28:39.665+0000][10459.084s][info][gc,heap     ] GC(2000) Survivor regions: 17->21(100)
[2024-05-30T13:28:39.665+0000][10459.084s][info][gc,heap     ] GC(2000) Old regions: 410->410
[2024-05-30T13:28:39.665+0000][10459.084s][info][gc,heap     ] GC(2000) Archive regions: 2->2
[2024-05-30T13:28:39.665+0000][10459.084s][info][gc,heap     ] GC(2000) Humongous regions: 5->5
[2024-05-30T13:28:39.665+0000][10459.084s][info][gc,metaspace] GC(2000) Metaspace: 432915K(439808K)->432915K(439808K) NonClass: 379003K(382976K)->379003K(382976K) Class: 53911K(56832K)->53911K(56832K)
[2024-05-30T13:28:39.665+0000][10459.084s][info][gc          ] GC(2000) Pause Young (Normal) (G1 Evacuation Pause) 9666M->3485M(12288M) 104.917ms
[2024-05-30T13:28:39.665+0000][10459.084s][info][gc,cpu      ] GC(2000) User=0.61s Sys=0.00s Real=0.10s
[2024-05-30T13:28:41.015+0000][10460.434s][info][gc,marking  ] GC(1999) Concurrent Rebuild Remembered Sets 1564.591ms
[2024-05-30T13:28:41.015+0000][10460.434s][info][gc,start    ] GC(1999) Pause Cleanup
[2024-05-30T13:28:41.015+0000][10460.435s][info][gc          ] GC(1999) Pause Cleanup 6697M->6697M(12288M) 0.631ms
[2024-05-30T13:28:41.016+0000][10460.435s][info][gc,cpu      ] GC(1999) User=0.00s Sys=0.00s Real=0.00s
[2024-05-30T13:28:41.016+0000][10460.435s][info][gc,marking  ] GC(1999) Concurrent Cleanup for Next Mark
[2024-05-30T13:28:41.033+0000][10460.452s][info][gc,marking  ] GC(1999) Concurrent Cleanup for Next Mark 17.035ms
[2024-05-30T13:28:41.033+0000][10460.452s][info][gc          ] GC(1999) Concurrent Mark Cycle 4827.474ms
[2024-05-30T13:28:42.140+0000][10461.559s][info][gc,start    ] GC(2001) Pause Young (Prepare Mixed) (G1 Evacuation Pause)
[2024-05-30T13:28:42.140+0000][10461.559s][info][gc,task     ] GC(2001) Using 6 workers of 6 for evacuation
[2024-05-30T13:28:42.274+0000][10461.694s][info][gc,phases   ] GC(2001)   Pre Evacuate Collection Set: 0.2ms
[2024-05-30T13:28:42.274+0000][10461.694s][info][gc,phases   ] GC(2001)   Merge Heap Roots: 0.6ms
[2024-05-30T13:28:42.274+0000][10461.694s][info][gc,phases   ] GC(2001)   Evacuate Collection Set: 113.8ms
[2024-05-30T13:28:42.274+0000][10461.694s][info][gc,phases   ] GC(2001)   Post Evacuate Collection Set: 19.9ms
[2024-05-30T13:28:42.274+0000][10461.694s][info][gc,phases   ] GC(2001)   Other: 0.2ms
[2024-05-30T13:28:42.274+0000][10461.694s][info][gc,heap     ] GC(2001) Eden regions: 769->0(51)
[2024-05-30T13:28:42.274+0000][10461.694s][info][gc,heap     ] GC(2001) Survivor regions: 21->25(99)
[2024-05-30T13:28:42.274+0000][10461.694s][info][gc,heap     ] GC(2001) Old regions: 410->410
[2024-05-30T13:28:42.274+0000][10461.694s][info][gc,heap     ] GC(2001) Archive regions: 2->2
[2024-05-30T13:28:42.274+0000][10461.694s][info][gc,heap     ] GC(2001) Humongous regions: 5->5
[2024-05-30T13:28:42.274+0000][10461.694s][info][gc,metaspace] GC(2001) Metaspace: 432915K(439808K)->432915K(439808K) NonClass: 379003K(382976K)->379003K(382976K) Class: 53911K(56832K)->53911K(56832K)
[2024-05-30T13:28:42.274+0000][10461.694s][info][gc          ] GC(2001) Pause Young (Prepare Mixed) (G1 Evacuation Pause) 9637M->3517M(12288M) 134.700ms
[2024-05-30T13:28:42.274+0000][10461.694s][info][gc,cpu      ] GC(2001) User=0.79s Sys=0.00s Real=0.13s
[2024-05-30T13:28:42.427+0000][10461.846s][info][gc,start    ] GC(2002) Pause Young (Mixed) (G1 Evacuation Pause)
[2024-05-30T13:28:42.427+0000][10461.846s][info][gc,task     ] GC(2002) Using 6 workers of 6 for evacuation
[2024-05-30T13:28:42.562+0000][10461.981s][info][gc,phases   ] GC(2002)   Pre Evacuate Collection Set: 0.2ms
[2024-05-30T13:28:42.562+0000][10461.981s][info][gc,phases   ] GC(2002)   Merge Heap Roots: 0.7ms
[2024-05-30T13:28:42.562+0000][10461.981s][info][gc,phases   ] GC(2002)   Evacuate Collection Set: 130.9ms
[2024-05-30T13:28:42.562+0000][10461.981s][info][gc,phases   ] GC(2002)   Post Evacuate Collection Set: 2.8ms
[2024-05-30T13:28:42.562+0000][10461.981s][info][gc,phases   ] GC(2002)   Other: 0.2ms
[2024-05-30T13:28:42.562+0000][10461.981s][info][gc,heap     ] GC(2002) Eden regions: 51->0(778)
[2024-05-30T13:28:42.562+0000][10461.981s][info][gc,heap     ] GC(2002) Survivor regions: 25->3(10)
[2024-05-30T13:28:42.562+0000][10461.981s][info][gc,heap     ] GC(2002) Old regions: 410->423
[2024-05-30T13:28:42.562+0000][10461.981s][info][gc,heap     ] GC(2002) Archive regions: 2->2
[2024-05-30T13:28:42.562+0000][10461.981s][info][gc,heap     ] GC(2002) Humongous regions: 5->5
[2024-05-30T13:28:42.562+0000][10461.981s][info][gc,metaspace] GC(2002) Metaspace: 432915K(439808K)->432915K(439808K) NonClass: 379003K(382976K)->379003K(382976K) Class: 53911K(56832K)->53911K(56832K)
[2024-05-30T13:28:42.562+0000][10461.981s][info][gc          ] GC(2002) Pause Young (Mixed) (G1 Evacuation Pause) 3925M->3449M(12288M) 134.850ms
[2024-05-30T13:28:42.562+0000][10461.981s][info][gc,cpu      ] GC(2002) User=0.80s Sys=0.00s Real=0.14s
[2024-05-30T13:28:44.834+0000][10464.253s][info][gc,start    ] GC(2003) Pause Young (Normal) (G1 Evacuation Pause)
[2024-05-30T13:28:44.834+0000][10464.253s][info][gc,task     ] GC(2003) Using 6 workers of 6 for evacuation
[2024-05-30T13:28:44.910+0000][10464.329s][info][gc,phases   ] GC(2003)   Pre Evacuate Collection Set: 0.2ms
[2024-05-30T13:28:44.910+0000][10464.329s][info][gc,phases   ] GC(2003)   Merge Heap Roots: 0.3ms
[2024-05-30T13:28:44.910+0000][10464.329s][info][gc,phases   ] GC(2003)   Evacuate Collection Set: 57.2ms
[2024-05-30T13:28:44.910+0000][10464.329s][info][gc,phases   ] GC(2003)   Post Evacuate Collection Set: 17.9ms
[2024-05-30T13:28:44.910+0000][10464.329s][info][gc,phases   ] GC(2003)   Other: 0.2ms
[2024-05-30T13:28:44.910+0000][10464.329s][info][gc,heap     ] GC(2003) Eden regions: 778->0(775)
[2024-05-30T13:28:44.910+0000][10464.329s][info][gc,heap     ] GC(2003) Survivor regions: 3->7(98)
[2024-05-30T13:28:44.910+0000][10464.329s][info][gc,heap     ] GC(2003) Old regions: 423->423
[2024-05-30T13:28:44.910+0000][10464.329s][info][gc,heap     ] GC(2003) Archive regions: 2->2
[2024-05-30T13:28:44.910+0000][10464.329s][info][gc,heap     ] GC(2003) Humongous regions: 5->5
[2024-05-30T13:28:44.910+0000][10464.329s][info][gc,metaspace] GC(2003) Metaspace: 432915K(439808K)->432915K(439808K) NonClass: 379003K(382976K)->379003K(382976K) Class: 53911K(56832K)->53911K(56832K)
[2024-05-30T13:28:44.910+0000][10464.329s][info][gc          ] GC(2003) Pause Young (Normal) (G1 Evacuation Pause) 9673M->3475M(12288M) 75.786ms
[2024-05-30T13:28:44.910+0000][10464.329s][info][gc,cpu      ] GC(2003) User=0.44s Sys=0.00s Real=0.08s
[2024-05-30T13:28:47.335+0000][10466.755s][info][gc,start    ] GC(2004) Pause Young (Normal) (G1 Evacuation Pause)
[2024-05-30T13:28:47.335+0000][10466.755s][info][gc,task     ] GC(2004) Using 6 workers of 6 for evacuation
[2024-05-30T13:28:47.436+0000][10466.855s][info][gc,phases   ] GC(2004)   Pre Evacuate Collection Set: 0.2ms
[2024-05-30T13:28:47.436+0000][10466.855s][info][gc,phases   ] GC(2004)   Merge Heap Roots: 0.3ms
[2024-05-30T13:28:47.436+0000][10466.855s][info][gc,phases   ] GC(2004)   Evacuate Collection Set: 77.5ms
[2024-05-30T13:28:47.436+0000][10466.855s][info][gc,phases   ] GC(2004)   Post Evacuate Collection Set: 22.5ms
[2024-05-30T13:28:47.436+0000][10466.855s][info][gc,phases   ] GC(2004)   Other: 0.2ms
[2024-05-30T13:28:47.436+0000][10466.855s][info][gc,heap     ] GC(2004) Eden regions: 775->0(771)
[2024-05-30T13:28:47.436+0000][10466.855s][info][gc,heap     ] GC(2004) Survivor regions: 7->11(98)
[2024-05-30T13:28:47.436+0000][10466.855s][info][gc,heap     ] GC(2004) Old regions: 423->423
[2024-05-30T13:28:47.436+0000][10466.855s][info][gc,heap     ] GC(2004) Archive regions: 2->2
[2024-05-30T13:28:47.436+0000][10466.855s][info][gc,heap     ] GC(2004) Humongous regions: 5->5
[2024-05-30T13:28:47.436+0000][10466.855s][info][gc,metaspace] GC(2004) Metaspace: 432915K(439808K)->432915K(439808K) NonClass: 379003K(382976K)->379003K(382976K) Class: 53911K(56832K)->53911K(56832K)
[2024-05-30T13:28:47.436+0000][10466.855s][info][gc          ] GC(2004) Pause Young (Normal) (G1 Evacuation Pause) 9675M->3513M(12288M) 100.689ms
[2024-05-30T13:28:47.436+0000][10466.855s][info][gc,cpu      ] GC(2004) User=0.59s Sys=0.00s Real=0.10s
[2024-05-30T13:28:49.630+0000][10469.049s][info][gc,start    ] GC(2005) Pause Young (Concurrent Start) (G1 Evacuation Pause)
[2024-05-30T13:28:49.630+0000][10469.049s][info][gc,task     ] GC(2005) Using 6 workers of 6 for evacuation
[2024-05-30T13:28:49.743+0000][10469.162s][info][gc,phases   ] GC(2005)   Pre Evacuate Collection Set: 0.5ms
[2024-05-30T13:28:49.743+0000][10469.162s][info][gc,phases   ] GC(2005)   Merge Heap Roots: 0.3ms
[2024-05-30T13:28:49.743+0000][10469.162s][info][gc,phases   ] GC(2005)   Evacuate Collection Set: 90.8ms
[2024-05-30T13:28:49.743+0000][10469.162s][info][gc,phases   ] GC(2005)   Post Evacuate Collection Set: 21.2ms
[2024-05-30T13:28:49.743+0000][10469.162s][info][gc,phases   ] GC(2005)   Other: 0.3ms
[2024-05-30T13:28:49.743+0000][10469.162s][info][gc,heap     ] GC(2005) Eden regions: 771->0(766)
[2024-05-30T13:28:49.743+0000][10469.162s][info][gc,heap     ] GC(2005) Survivor regions: 11->16(98)
[2024-05-30T13:28:49.743+0000][10469.162s][info][gc,heap     ] GC(2005) Old regions: 423->423
[2024-05-30T13:28:49.743+0000][10469.162s][info][gc,heap     ] GC(2005) Archive regions: 2->2
[2024-05-30T13:28:49.743+0000][10469.162s][info][gc,heap     ] GC(2005) Humongous regions: 5->5
[2024-05-30T13:28:49.743+0000][10469.162s][info][gc,metaspace] GC(2005) Metaspace: 432915K(439808K)->432915K(439808K) NonClass: 379003K(382976K)->379003K(382976K) Class: 53911K(56832K)->53911K(56832K)
[2024-05-30T13:28:49.743+0000][10469.162s][info][gc          ] GC(2005) Pause Young (Concurrent Start) (G1 Evacuation Pause) 9681M->3550M(12288M) 113.125ms
[2024-05-30T13:28:49.743+0000][10469.162s][info][gc,cpu      ] GC(2005) User=0.66s Sys=0.00s Real=0.11s
[2024-05-30T13:28:49.743+0000][10469.162s][info][gc          ] GC(2006) Concurrent Mark Cycle
[2024-05-30T13:28:49.743+0000][10469.162s][info][gc,marking  ] GC(2006) Concurrent Clear Claimed Marks
[2024-05-30T13:28:49.743+0000][10469.163s][info][gc,marking  ] GC(2006) Concurrent Clear Claimed Marks 0.387ms
[2024-05-30T13:28:49.743+0000][10469.163s][info][gc,marking  ] GC(2006) Concurrent Scan Root Regions
[2024-05-30T13:28:49.785+0000][10469.204s][info][gc,marking  ] GC(2006) Concurrent Scan Root Regions 41.806ms
[2024-05-30T13:28:49.785+0000][10469.204s][info][gc,marking  ] GC(2006) Concurrent Mark
[2024-05-30T13:28:49.785+0000][10469.204s][info][gc,marking  ] GC(2006) Concurrent Mark From Roots
[2024-05-30T13:28:49.785+0000][10469.204s][info][gc,task     ] GC(2006) Using 2 workers of 2 for marking
[2024-05-30T13:28:52.026+0000][10471.445s][info][gc,marking  ] GC(2006) Concurrent Mark From Roots 2240.895ms
[2024-05-30T13:28:52.026+0000][10471.445s][info][gc,marking  ] GC(2006) Concurrent Preclean
[2024-05-30T13:28:52.027+0000][10471.447s][info][gc,marking  ] GC(2006) Concurrent Preclean 1.211ms
[2024-05-30T13:28:52.027+0000][10471.447s][info][gc,start    ] GC(2006) Pause Remark
[2024-05-30T13:28:52.052+0000][10471.471s][info][gc          ] GC(2006) Pause Remark 8890M->8882M(12288M) 24.137ms
[2024-05-30T13:28:52.052+0000][10471.471s][info][gc,cpu      ] GC(2006) User=0.10s Sys=0.00s Real=0.03s
[2024-05-30T13:28:52.052+0000][10471.471s][info][gc,marking  ] GC(2006) Concurrent Mark 2266.673ms
[2024-05-30T13:28:52.052+0000][10471.471s][info][gc,marking  ] GC(2006) Concurrent Rebuild Remembered Sets
[2024-05-30T13:28:52.352+0000][10471.772s][info][gc,start    ] GC(2007) Pause Young (Normal) (G1 Evacuation Pause)
[2024-05-30T13:28:52.352+0000][10471.772s][info][gc,task     ] GC(2007) Using 6 workers of 6 for evacuation
[2024-05-30T13:28:52.487+0000][10471.906s][info][gc,phases   ] GC(2007)   Pre Evacuate Collection Set: 0.2ms
[2024-05-30T13:28:52.487+0000][10471.906s][info][gc,phases   ] GC(2007)   Merge Heap Roots: 0.5ms
[2024-05-30T13:28:52.487+0000][10471.906s][info][gc,phases   ] GC(2007)   Evacuate Collection Set: 108.4ms
[2024-05-30T13:28:52.487+0000][10471.906s][info][gc,phases   ] GC(2007)   Post Evacuate Collection Set: 25.4ms
[2024-05-30T13:28:52.487+0000][10471.906s][info][gc,phases   ] GC(2007)   Other: 0.2ms
[2024-05-30T13:28:52.487+0000][10471.906s][info][gc,heap     ] GC(2007) Eden regions: 766->0(757)
[2024-05-30T13:28:52.487+0000][10471.906s][info][gc,heap     ] GC(2007) Survivor regions: 16->21(98)
[2024-05-30T13:28:52.487+0000][10471.906s][info][gc,heap     ] GC(2007) Old regions: 422->422
[2024-05-30T13:28:52.487+0000][10471.906s][info][gc,heap     ] GC(2007) Archive regions: 2->2
[2024-05-30T13:28:52.487+0000][10471.906s][info][gc,heap     ] GC(2007) Humongous regions: 5->5
[2024-05-30T13:28:52.487+0000][10471.906s][info][gc,metaspace] GC(2007) Metaspace: 432915K(439808K)->432915K(439808K) NonClass: 379003K(382976K)->379003K(382976K) Class: 53911K(56832K)->53911K(56832K)
[2024-05-30T13:28:52.487+0000][10471.906s][info][gc          ] GC(2007) Pause Young (Normal) (G1 Evacuation Pause) 9670M->3584M(12288M) 134.817ms
[2024-05-30T13:28:52.487+0000][10471.906s][info][gc,cpu      ] GC(2007) User=0.79s Sys=0.00s Real=0.13s
[2024-05-30T13:28:53.282+0000][10472.701s][info][gc,marking  ] GC(2006) Concurrent Rebuild Remembered Sets 1230.235ms
[2024-05-30T13:28:53.282+0000][10472.702s][info][gc,start    ] GC(2006) Pause Cleanup
[2024-05-30T13:28:53.283+0000][10472.702s][info][gc          ] GC(2006) Pause Cleanup 5568M->5568M(12288M) 0.611ms
[2024-05-30T13:28:53.283+0000][10472.702s][info][gc,cpu      ] GC(2006) User=0.00s Sys=0.00s Real=0.00s
[2024-05-30T13:28:53.283+0000][10472.702s][info][gc,marking  ] GC(2006) Concurrent Cleanup for Next Mark
[2024-05-30T13:28:53.298+0000][10472.718s][info][gc,marking  ] GC(2006) Concurrent Cleanup for Next Mark 15.456ms
[2024-05-30T13:28:53.299+0000][10472.718s][info][gc          ] GC(2006) Concurrent Mark Cycle 3555.560ms
[2024-05-30T13:28:55.106+0000][10474.525s][info][gc,start    ] GC(2008) Pause Young (Prepare Mixed) (G1 Evacuation Pause)
[2024-05-30T13:28:55.106+0000][10474.525s][info][gc,task     ] GC(2008) Using 6 workers of 6 for evacuation
[2024-05-30T13:28:55.243+0000][10474.662s][info][gc,phases   ] GC(2008)   Pre Evacuate Collection Set: 0.2ms
[2024-05-30T13:28:55.243+0000][10474.662s][info][gc,phases   ] GC(2008)   Merge Heap Roots: 0.7ms
[2024-05-30T13:28:55.243+0000][10474.662s][info][gc,phases   ] GC(2008)   Evacuate Collection Set: 115.1ms
[2024-05-30T13:28:55.243+0000][10474.662s][info][gc,phases   ] GC(2008)   Post Evacuate Collection Set: 20.9ms
[2024-05-30T13:28:55.243+0000][10474.662s][info][gc,phases   ] GC(2008)   Other: 0.2ms
[2024-05-30T13:28:55.243+0000][10474.662s][info][gc,heap     ] GC(2008) Eden regions: 757->0(52)
[2024-05-30T13:28:55.243+0000][10474.662s][info][gc,heap     ] GC(2008) Survivor regions: 21->24(98)
[2024-05-30T13:28:55.243+0000][10474.662s][info][gc,heap     ] GC(2008) Old regions: 422->422
[2024-05-30T13:28:55.243+0000][10474.662s][info][gc,heap     ] GC(2008) Archive regions: 2->2
[2024-05-30T13:28:55.243+0000][10474.662s][info][gc,heap     ] GC(2008) Humongous regions: 5->5
[2024-05-30T13:28:55.243+0000][10474.662s][info][gc,metaspace] GC(2008) Metaspace: 432915K(439808K)->432915K(439808K) NonClass: 379003K(382976K)->379003K(382976K) Class: 53911K(56832K)->53911K(56832K)
[2024-05-30T13:28:55.243+0000][10474.662s][info][gc          ] GC(2008) Pause Young (Prepare Mixed) (G1 Evacuation Pause) 9640M->3605M(12288M) 137.175ms
[2024-05-30T13:28:55.243+0000][10474.662s][info][gc,cpu      ] GC(2008) User=0.80s Sys=0.00s Real=0.14s
[2024-05-30T13:28:55.797+0000][10475.216s][info][gc,start    ] GC(2009) Pause Young (Mixed) (G1 Evacuation Pause)
[2024-05-30T13:28:55.797+0000][10475.216s][info][gc,task     ] GC(2009) Using 6 workers of 6 for evacuation
[2024-05-30T13:28:55.914+0000][10475.334s][info][gc,phases   ] GC(2009)   Pre Evacuate Collection Set: 0.2ms
[2024-05-30T13:28:55.914+0000][10475.334s][info][gc,phases   ] GC(2009)   Merge Heap Roots: 0.4ms
[2024-05-30T13:28:55.914+0000][10475.334s][info][gc,phases   ] GC(2009)   Evacuate Collection Set: 115.2ms
[2024-05-30T13:28:55.914+0000][10475.334s][info][gc,phases   ] GC(2009)   Post Evacuate Collection Set: 1.3ms
[2024-05-30T13:28:55.914+0000][10475.334s][info][gc,phases   ] GC(2009)   Other: 0.2ms
[2024-05-30T13:28:55.914+0000][10475.334s][info][gc,heap     ] GC(2009) Eden regions: 52->0(772)
[2024-05-30T13:28:55.914+0000][10475.334s][info][gc,heap     ] GC(2009) Survivor regions: 24->3(10)
[2024-05-30T13:28:55.914+0000][10475.334s][info][gc,heap     ] GC(2009) Old regions: 422->431
[2024-05-30T13:28:55.914+0000][10475.334s][info][gc,heap     ] GC(2009) Archive regions: 2->2
[2024-05-30T13:28:55.914+0000][10475.334s][info][gc,heap     ] GC(2009) Humongous regions: 5->5
[2024-05-30T13:28:55.914+0000][10475.334s][info][gc,metaspace] GC(2009) Metaspace: 432915K(439808K)->432915K(439808K) NonClass: 379003K(382976K)->379003K(382976K) Class: 53911K(56832K)->53911K(56832K)
[2024-05-30T13:28:55.915+0000][10475.334s][info][gc          ] GC(2009) Pause Young (Mixed) (G1 Evacuation Pause) 4021M->3516M(12288M) 117.362ms
[2024-05-30T13:28:55.915+0000][10475.334s][info][gc,cpu      ] GC(2009) User=0.68s Sys=0.00s Real=0.11s
[2024-05-30T13:29:04.201+0000][10483.620s][info][gc,start    ] GC(2010) Pause Young (Normal) (G1 Evacuation Pause)
[2024-05-30T13:29:04.201+0000][10483.620s][info][gc,task     ] GC(2010) Using 6 workers of 6 for evacuation
[2024-05-30T13:29:04.215+0000][10483.634s][info][gc,phases   ] GC(2010)   Pre Evacuate Collection Set: 0.2ms
[2024-05-30T13:29:04.215+0000][10483.634s][info][gc,phases   ] GC(2010)   Merge Heap Roots: 0.2ms
[2024-05-30T13:29:04.215+0000][10483.634s][info][gc,phases   ] GC(2010)   Evacuate Collection Set: 11.7ms
[2024-05-30T13:29:04.215+0000][10483.634s][info][gc,phases   ] GC(2010)   Post Evacuate Collection Set: 1.7ms
[2024-05-30T13:29:04.215+0000][10483.634s][info][gc,phases   ] GC(2010)   Other: 0.2ms
[2024-05-30T13:29:04.215+0000][10483.634s][info][gc,heap     ] GC(2010) Eden regions: 772->0(770)
[2024-05-30T13:29:04.215+0000][10483.634s][info][gc,heap     ] GC(2010) Survivor regions: 3->5(97)
[2024-05-30T13:29:04.215+0000][10483.634s][info][gc,heap     ] GC(2010) Old regions: 431->431
[2024-05-30T13:29:04.215+0000][10483.634s][info][gc,heap     ] GC(2010) Archive regions: 2->2
[2024-05-30T13:29:04.215+0000][10483.634s][info][gc,heap     ] GC(2010) Humongous regions: 5->5
[2024-05-30T13:29:04.215+0000][10483.634s][info][gc,metaspace] GC(2010) Metaspace: 432915K(439808K)->432915K(439808K) NonClass: 379003K(382976K)->379003K(382976K) Class: 53911K(56832K)->53911K(56832K)
[2024-05-30T13:29:04.215+0000][10483.634s][info][gc          ] GC(2010) Pause Young (Normal) (G1 Evacuation Pause) 9692M->3529M(12288M) 14.096ms
[2024-05-30T13:29:04.215+0000][10483.634s][info][gc,cpu      ] GC(2010) User=0.08s Sys=0.00s Real=0.01s
[2024-05-30T13:29:12.333+0000][10491.752s][info][gc,start    ] GC(2011) Pause Young (Normal) (G1 Evacuation Pause)
[2024-05-30T13:29:12.333+0000][10491.752s][info][gc,task     ] GC(2011) Using 6 workers of 6 for evacuation
[2024-05-30T13:29:12.352+0000][10491.771s][info][gc,phases   ] GC(2011)   Pre Evacuate Collection Set: 0.2ms
[2024-05-30T13:29:12.352+0000][10491.771s][info][gc,phases   ] GC(2011)   Merge Heap Roots: 0.2ms
[2024-05-30T13:29:12.352+0000][10491.771s][info][gc,phases   ] GC(2011)   Evacuate Collection Set: 16.4ms
[2024-05-30T13:29:12.352+0000][10491.771s][info][gc,phases   ] GC(2011)   Post Evacuate Collection Set: 1.7ms
[2024-05-30T13:29:12.352+0000][10491.771s][info][gc,phases   ] GC(2011)   Other: 0.2ms
[2024-05-30T13:29:12.352+0000][10491.771s][info][gc,heap     ] GC(2011) Eden regions: 770->0(767)
[2024-05-30T13:29:12.352+0000][10491.771s][info][gc,heap     ] GC(2011) Survivor regions: 5->8(97)
[2024-05-30T13:29:12.352+0000][10491.771s][info][gc,heap     ] GC(2011) Old regions: 431->431
[2024-05-30T13:29:12.352+0000][10491.771s][info][gc,heap     ] GC(2011) Archive regions: 2->2
[2024-05-30T13:29:12.352+0000][10491.771s][info][gc,heap     ] GC(2011) Humongous regions: 5->5
[2024-05-30T13:29:12.352+0000][10491.771s][info][gc,metaspace] GC(2011) Metaspace: 432915K(439808K)->432915K(439808K) NonClass: 379003K(382976K)->379003K(382976K) Class: 53911K(56832K)->53911K(56832K)
[2024-05-30T13:29:12.352+0000][10491.771s][info][gc          ] GC(2011) Pause Young (Normal) (G1 Evacuation Pause) 9689M->3555M(12288M) 18.802ms
[2024-05-30T13:29:12.352+0000][10491.771s][info][gc,cpu      ] GC(2011) User=0.11s Sys=0.00s Real=0.02s
[2024-05-30T13:29:20.374+0000][10499.794s][info][gc,start    ] GC(2012) Pause Young (Concurrent Start) (G1 Evacuation Pause)
[2024-05-30T13:29:20.374+0000][10499.794s][info][gc,task     ] GC(2012) Using 6 workers of 6 for evacuation
[2024-05-30T13:29:20.399+0000][10499.818s][info][gc,phases   ] GC(2012)   Pre Evacuate Collection Set: 0.6ms
[2024-05-30T13:29:20.399+0000][10499.818s][info][gc,phases   ] GC(2012)   Merge Heap Roots: 0.2ms
[2024-05-30T13:29:20.399+0000][10499.818s][info][gc,phases   ] GC(2012)   Evacuate Collection Set: 21.8ms
[2024-05-30T13:29:20.399+0000][10499.818s][info][gc,phases   ] GC(2012)   Post Evacuate Collection Set: 1.7ms
[2024-05-30T13:29:20.399+0000][10499.818s][info][gc,phases   ] GC(2012)   Other: 0.3ms
[2024-05-30T13:29:20.399+0000][10499.818s][info][gc,heap     ] GC(2012) Eden regions: 767->0(766)
[2024-05-30T13:29:20.399+0000][10499.818s][info][gc,heap     ] GC(2012) Survivor regions: 8->10(97)
[2024-05-30T13:29:20.399+0000][10499.818s][info][gc,heap     ] GC(2012) Old regions: 431->431
[2024-05-30T13:29:20.399+0000][10499.818s][info][gc,heap     ] GC(2012) Archive regions: 2->2
[2024-05-30T13:29:20.399+0000][10499.818s][info][gc,heap     ] GC(2012) Humongous regions: 5->5
[2024-05-30T13:29:20.399+0000][10499.818s][info][gc,metaspace] GC(2012) Metaspace: 432915K(439808K)->432915K(439808K) NonClass: 379003K(382976K)->379003K(382976K) Class: 53911K(56832K)->53911K(56832K)
[2024-05-30T13:29:20.399+0000][10499.818s][info][gc          ] GC(2012) Pause Young (Concurrent Start) (G1 Evacuation Pause) 9691M->3566M(12288M) 24.703ms
[2024-05-30T13:29:20.399+0000][10499.818s][info][gc,cpu      ] GC(2012) User=0.14s Sys=0.00s Real=0.03s
[2024-05-30T13:29:20.399+0000][10499.818s][info][gc          ] GC(2013) Concurrent Mark Cycle
[2024-05-30T13:29:20.399+0000][10499.818s][info][gc,marking  ] GC(2013) Concurrent Clear Claimed Marks
[2024-05-30T13:29:20.400+0000][10499.819s][info][gc,marking  ] GC(2013) Concurrent Clear Claimed Marks 0.387ms
[2024-05-30T13:29:20.400+0000][10499.819s][info][gc,marking  ] GC(2013) Concurrent Scan Root Regions
[2024-05-30T13:29:20.419+0000][10499.839s][info][gc,marking  ] GC(2013) Concurrent Scan Root Regions 19.935ms
[2024-05-30T13:29:20.420+0000][10499.839s][info][gc,marking  ] GC(2013) Concurrent Mark
[2024-05-30T13:29:20.420+0000][10499.839s][info][gc,marking  ] GC(2013) Concurrent Mark From Roots
[2024-05-30T13:29:20.420+0000][10499.839s][info][gc,task     ] GC(2013) Using 2 workers of 2 for marking
[2024-05-30T13:29:23.413+0000][10502.832s][info][gc,marking  ] GC(2013) Concurrent Mark From Roots 2993.109ms
[2024-05-30T13:29:23.413+0000][10502.832s][info][gc,marking  ] GC(2013) Concurrent Preclean
[2024-05-30T13:29:23.414+0000][10502.833s][info][gc,marking  ] GC(2013) Concurrent Preclean 1.217ms
[2024-05-30T13:29:23.414+0000][10502.833s][info][gc,start    ] GC(2013) Pause Remark
[2024-05-30T13:29:23.438+0000][10502.857s][info][gc          ] GC(2013) Pause Remark 5654M->5654M(12288M) 24.023ms
[2024-05-30T13:29:23.438+0000][10502.857s][info][gc,cpu      ] GC(2013) User=0.10s Sys=0.00s Real=0.03s
[2024-05-30T13:29:23.438+0000][10502.858s][info][gc,marking  ] GC(2013) Concurrent Mark 3018.863ms
[2024-05-30T13:29:23.438+0000][10502.858s][info][gc,marking  ] GC(2013) Concurrent Rebuild Remembered Sets
[2024-05-30T13:29:25.107+0000][10504.526s][info][gc,marking  ] GC(2013) Concurrent Rebuild Remembered Sets 1668.630ms
[2024-05-30T13:29:25.107+0000][10504.526s][info][gc,start    ] GC(2013) Pause Cleanup
[2024-05-30T13:29:25.108+0000][10504.527s][info][gc          ] GC(2013) Pause Cleanup 6866M->6866M(12288M) 0.663ms
[2024-05-30T13:29:25.108+0000][10504.527s][info][gc,cpu      ] GC(2013) User=0.00s Sys=0.00s Real=0.00s
[2024-05-30T13:29:25.108+0000][10504.527s][info][gc,marking  ] GC(2013) Concurrent Cleanup for Next Mark
[2024-05-30T13:29:25.126+0000][10504.545s][info][gc,marking  ] GC(2013) Concurrent Cleanup for Next Mark 17.848ms
[2024-05-30T13:29:25.126+0000][10504.545s][info][gc          ] GC(2013) Concurrent Mark Cycle 4726.811ms
[2024-05-30T13:29:28.887+0000][10508.307s][info][gc,start    ] GC(2014) Pause Young (Prepare Mixed) (G1 Evacuation Pause)
[2024-05-30T13:29:28.888+0000][10508.307s][info][gc,task     ] GC(2014) Using 6 workers of 6 for evacuation
[2024-05-30T13:29:28.921+0000][10508.340s][info][gc,phases   ] GC(2014)   Pre Evacuate Collection Set: 0.2ms
[2024-05-30T13:29:28.921+0000][10508.340s][info][gc,phases   ] GC(2014)   Merge Heap Roots: 0.3ms
[2024-05-30T13:29:28.921+0000][10508.340s][info][gc,phases   ] GC(2014)   Evacuate Collection Set: 30.8ms
[2024-05-30T13:29:28.921+0000][10508.340s][info][gc,phases   ] GC(2014)   Post Evacuate Collection Set: 1.9ms
[2024-05-30T13:29:28.921+0000][10508.340s][info][gc,phases   ] GC(2014)   Other: 0.2ms
[2024-05-30T13:29:28.921+0000][10508.340s][info][gc,heap     ] GC(2014) Eden regions: 766->0(63)
[2024-05-30T13:29:28.921+0000][10508.340s][info][gc,heap     ] GC(2014) Survivor regions: 10->13(97)
[2024-05-30T13:29:28.921+0000][10508.340s][info][gc,heap     ] GC(2014) Old regions: 431->431
[2024-05-30T13:29:28.921+0000][10508.340s][info][gc,heap     ] GC(2014) Archive regions: 2->2
[2024-05-30T13:29:28.921+0000][10508.340s][info][gc,heap     ] GC(2014) Humongous regions: 5->5
[2024-05-30T13:29:28.921+0000][10508.340s][info][gc,metaspace] GC(2014) Metaspace: 432916K(439808K)->432916K(439808K) NonClass: 379005K(382976K)->379005K(382976K) Class: 53911K(56832K)->53911K(56832K)
[2024-05-30T13:29:28.921+0000][10508.340s][info][gc          ] GC(2014) Pause Young (Prepare Mixed) (G1 Evacuation Pause) 9694M->3590M(12288M) 33.441ms
[2024-05-30T13:29:28.921+0000][10508.340s][info][gc,cpu      ] GC(2014) User=0.20s Sys=0.00s Real=0.04s
[2024-05-30T13:29:29.570+0000][10508.989s][info][gc,start    ] GC(2015) Pause Young (Mixed) (G1 Evacuation Pause)
[2024-05-30T13:29:29.570+0000][10508.989s][info][gc,task     ] GC(2015) Using 6 workers of 6 for evacuation
[2024-05-30T13:29:29.637+0000][10509.056s][info][gc,phases   ] GC(2015)   Pre Evacuate Collection Set: 0.2ms
[2024-05-30T13:29:29.637+0000][10509.056s][info][gc,phases   ] GC(2015)   Merge Heap Roots: 0.3ms
[2024-05-30T13:29:29.637+0000][10509.056s][info][gc,phases   ] GC(2015)   Evacuate Collection Set: 65.1ms
[2024-05-30T13:29:29.637+0000][10509.056s][info][gc,phases   ] GC(2015)   Post Evacuate Collection Set: 1.3ms
[2024-05-30T13:29:29.637+0000][10509.056s][info][gc,phases   ] GC(2015)   Other: 0.2ms
[2024-05-30T13:29:29.637+0000][10509.056s][info][gc,heap     ] GC(2015) Eden regions: 63->0(774)
[2024-05-30T13:29:29.637+0000][10509.056s][info][gc,heap     ] GC(2015) Survivor regions: 13->6(10)
[2024-05-30T13:29:29.637+0000][10509.056s][info][gc,heap     ] GC(2015) Old regions: 431->427
[2024-05-30T13:29:29.637+0000][10509.057s][info][gc,heap     ] GC(2015) Archive regions: 2->2
[2024-05-30T13:29:29.637+0000][10509.057s][info][gc,heap     ] GC(2015) Humongous regions: 5->5
[2024-05-30T13:29:29.637+0000][10509.057s][info][gc,metaspace] GC(2015) Metaspace: 432918K(439808K)->432918K(439808K) NonClass: 379006K(382976K)->379006K(382976K) Class: 53911K(56832K)->53911K(56832K)
[2024-05-30T13:29:29.637+0000][10509.057s][info][gc          ] GC(2015) Pause Young (Mixed) (G1 Evacuation Pause) 4094M->3499M(12288M) 67.196ms
[2024-05-30T13:29:29.637+0000][10509.057s][info][gc,cpu      ] GC(2015) User=0.40s Sys=0.00s Real=0.07s
[2024-05-30T13:29:37.946+0000][10517.366s][info][gc,start    ] GC(2016) Pause Young (Normal) (G1 Evacuation Pause)
[2024-05-30T13:29:37.946+0000][10517.366s][info][gc,task     ] GC(2016) Using 6 workers of 6 for evacuation
[2024-05-30T13:29:37.968+0000][10517.387s][info][gc,phases   ] GC(2016)   Pre Evacuate Collection Set: 0.2ms
[2024-05-30T13:29:37.968+0000][10517.387s][info][gc,phases   ] GC(2016)   Merge Heap Roots: 0.3ms
[2024-05-30T13:29:37.968+0000][10517.387s][info][gc,phases   ] GC(2016)   Evacuate Collection Set: 19.1ms
[2024-05-30T13:29:37.968+0000][10517.387s][info][gc,phases   ] GC(2016)   Post Evacuate Collection Set: 1.7ms
[2024-05-30T13:29:37.968+0000][10517.387s][info][gc,phases   ] GC(2016)   Other: 0.2ms
[2024-05-30T13:29:37.968+0000][10517.387s][info][gc,heap     ] GC(2016) Eden regions: 774->0(771)
[2024-05-30T13:29:37.968+0000][10517.387s][info][gc,heap     ] GC(2016) Survivor regions: 6->9(98)
[2024-05-30T13:29:37.968+0000][10517.387s][info][gc,heap     ] GC(2016) Old regions: 427->427
[2024-05-30T13:29:37.968+0000][10517.387s][info][gc,heap     ] GC(2016) Archive regions: 2->2
[2024-05-30T13:29:37.968+0000][10517.387s][info][gc,heap     ] GC(2016) Humongous regions: 5->5
[2024-05-30T13:29:37.968+0000][10517.387s][info][gc,metaspace] GC(2016) Metaspace: 432919K(439808K)->432919K(439808K) NonClass: 379007K(382976K)->379007K(382976K) Class: 53911K(56832K)->53911K(56832K)
[2024-05-30T13:29:37.968+0000][10517.387s][info][gc          ] GC(2016) Pause Young (Normal) (G1 Evacuation Pause) 9691M->3522M(12288M) 21.510ms
[2024-05-30T13:29:37.968+0000][10517.387s][info][gc,cpu      ] GC(2016) User=0.13s Sys=0.00s Real=0.02s
[2024-05-30T13:29:46.052+0000][10525.471s][info][gc,start    ] GC(2017) Pause Young (Normal) (G1 Evacuation Pause)
[2024-05-30T13:29:46.052+0000][10525.471s][info][gc,task     ] GC(2017) Using 6 workers of 6 for evacuation
[2024-05-30T13:29:46.080+0000][10525.499s][info][gc,phases   ] GC(2017)   Pre Evacuate Collection Set: 0.2ms
[2024-05-30T13:29:46.080+0000][10525.499s][info][gc,phases   ] GC(2017)   Merge Heap Roots: 0.3ms
[2024-05-30T13:29:46.080+0000][10525.499s][info][gc,phases   ] GC(2017)   Evacuate Collection Set: 25.5ms
[2024-05-30T13:29:46.080+0000][10525.499s][info][gc,phases   ] GC(2017)   Post Evacuate Collection Set: 1.8ms
[2024-05-30T13:29:46.080+0000][10525.499s][info][gc,phases   ] GC(2017)   Other: 0.2ms
[2024-05-30T13:29:46.080+0000][10525.499s][info][gc,heap     ] GC(2017) Eden regions: 771->0(767)
[2024-05-30T13:29:46.080+0000][10525.499s][info][gc,heap     ] GC(2017) Survivor regions: 9->12(98)
[2024-05-30T13:29:46.080+0000][10525.499s][info][gc,heap     ] GC(2017) Old regions: 427->427
[2024-05-30T13:29:46.080+0000][10525.499s][info][gc,heap     ] GC(2017) Archive regions: 2->2
[2024-05-30T13:29:46.080+0000][10525.499s][info][gc,heap     ] GC(2017) Humongous regions: 5->5
[2024-05-30T13:29:46.080+0000][10525.499s][info][gc,metaspace] GC(2017) Metaspace: 432919K(439808K)->432919K(439808K) NonClass: 379007K(382976K)->379007K(382976K) Class: 53911K(56832K)->53911K(56832K)
[2024-05-30T13:29:46.080+0000][10525.499s][info][gc          ] GC(2017) Pause Young (Normal) (G1 Evacuation Pause) 9690M->3547M(12288M) 27.988ms
[2024-05-30T13:29:46.080+0000][10525.499s][info][gc,cpu      ] GC(2017) User=0.16s Sys=0.00s Real=0.03s
[2024-05-30T13:29:53.481+0000][10532.900s][info][gc,start    ] GC(2018) Pause Young (Concurrent Start) (G1 Evacuation Pause)
[2024-05-30T13:29:53.481+0000][10532.900s][info][gc,task     ] GC(2018) Using 6 workers of 6 for evacuation
[2024-05-30T13:29:53.515+0000][10532.934s][info][gc,phases   ] GC(2018)   Pre Evacuate Collection Set: 0.6ms
[2024-05-30T13:29:53.515+0000][10532.934s][info][gc,phases   ] GC(2018)   Merge Heap Roots: 0.3ms
[2024-05-30T13:29:53.515+0000][10532.934s][info][gc,phases   ] GC(2018)   Evacuate Collection Set: 31.3ms
[2024-05-30T13:29:53.515+0000][10532.934s][info][gc,phases   ] GC(2018)   Post Evacuate Collection Set: 2.0ms
[2024-05-30T13:29:53.515+0000][10532.934s][info][gc,phases   ] GC(2018)   Other: 0.3ms
[2024-05-30T13:29:53.515+0000][10532.934s][info][gc,heap     ] GC(2018) Eden regions: 767->0(767)
[2024-05-30T13:29:53.515+0000][10532.934s][info][gc,heap     ] GC(2018) Survivor regions: 12->12(98)
[2024-05-30T13:29:53.515+0000][10532.934s][info][gc,heap     ] GC(2018) Old regions: 427->427
[2024-05-30T13:29:53.515+0000][10532.934s][info][gc,heap     ] GC(2018) Archive regions: 2->2
[2024-05-30T13:29:53.515+0000][10532.934s][info][gc,heap     ] GC(2018) Humongous regions: 5->5
[2024-05-30T13:29:53.515+0000][10532.934s][info][gc,metaspace] GC(2018) Metaspace: 432919K(439808K)->432919K(439808K) NonClass: 379007K(382976K)->379007K(382976K) Class: 53911K(56832K)->53911K(56832K)
[2024-05-30T13:29:53.515+0000][10532.934s][info][gc          ] GC(2018) Pause Young (Concurrent Start) (G1 Evacuation Pause) 9683M->3552M(12288M) 34.454ms
[2024-05-30T13:29:53.515+0000][10532.934s][info][gc,cpu      ] GC(2018) User=0.20s Sys=0.00s Real=0.03s
[2024-05-30T13:29:53.515+0000][10532.934s][info][gc          ] GC(2019) Concurrent Mark Cycle
[2024-05-30T13:29:53.515+0000][10532.934s][info][gc,marking  ] GC(2019) Concurrent Clear Claimed Marks
[2024-05-30T13:29:53.516+0000][10532.935s][info][gc,marking  ] GC(2019) Concurrent Clear Claimed Marks 0.376ms
[2024-05-30T13:29:53.516+0000][10532.935s][info][gc,marking  ] GC(2019) Concurrent Scan Root Regions
[2024-05-30T13:29:53.540+0000][10532.959s][info][gc,marking  ] GC(2019) Concurrent Scan Root Regions 24.608ms
[2024-05-30T13:29:53.540+0000][10532.960s][info][gc,marking  ] GC(2019) Concurrent Mark
[2024-05-30T13:29:53.540+0000][10532.960s][info][gc,marking  ] GC(2019) Concurrent Mark From Roots
[2024-05-30T13:29:53.540+0000][10532.960s][info][gc,task     ] GC(2019) Using 2 workers of 2 for marking
[2024-05-30T13:29:56.578+0000][10535.997s][info][gc,start    ] GC(2020) Pause Young (Normal) (G1 Evacuation Pause)
[2024-05-30T13:29:56.578+0000][10535.997s][info][gc,task     ] GC(2020) Using 6 workers of 6 for evacuation
[2024-05-30T13:29:56.672+0000][10536.091s][info][gc,phases   ] GC(2020)   Pre Evacuate Collection Set: 0.2ms
[2024-05-30T13:29:56.672+0000][10536.091s][info][gc,phases   ] GC(2020)   Merge Heap Roots: 0.6ms
[2024-05-30T13:29:56.672+0000][10536.091s][info][gc,phases   ] GC(2020)   Evacuate Collection Set: 78.0ms
[2024-05-30T13:29:56.672+0000][10536.091s][info][gc,phases   ] GC(2020)   Post Evacuate Collection Set: 15.2ms
[2024-05-30T13:29:56.672+0000][10536.091s][info][gc,phases   ] GC(2020)   Other: 0.2ms
[2024-05-30T13:29:56.672+0000][10536.091s][info][gc,heap     ] GC(2020) Eden regions: 767->0(762)
[2024-05-30T13:29:56.672+0000][10536.091s][info][gc,heap     ] GC(2020) Survivor regions: 12->16(98)
[2024-05-30T13:29:56.672+0000][10536.091s][info][gc,heap     ] GC(2020) Old regions: 427->427
[2024-05-30T13:29:56.672+0000][10536.091s][info][gc,heap     ] GC(2020) Archive regions: 2->2
[2024-05-30T13:29:56.672+0000][10536.091s][info][gc,heap     ] GC(2020) Humongous regions: 5->5
[2024-05-30T13:29:56.672+0000][10536.091s][info][gc,metaspace] GC(2020) Metaspace: 432919K(439808K)->432919K(439808K) NonClass: 379007K(382976K)->379007K(382976K) Class: 53911K(56832K)->53911K(56832K)
[2024-05-30T13:29:56.672+0000][10536.091s][info][gc          ] GC(2020) Pause Young (Normal) (G1 Evacuation Pause) 9688M->3585M(12288M) 94.149ms
[2024-05-30T13:29:56.672+0000][10536.092s][info][gc,cpu      ] GC(2020) User=0.54s Sys=0.00s Real=0.09s
[2024-05-30T13:29:56.964+0000][10536.384s][info][gc,marking  ] GC(2019) Concurrent Mark From Roots 3424.169ms
[2024-05-30T13:29:56.964+0000][10536.384s][info][gc,marking  ] GC(2019) Concurrent Preclean
[2024-05-30T13:29:56.966+0000][10536.385s][info][gc,marking  ] GC(2019) Concurrent Preclean 1.586ms
[2024-05-30T13:29:56.966+0000][10536.386s][info][gc,start    ] GC(2019) Pause Remark
[2024-05-30T13:29:56.990+0000][10536.409s][info][gc          ] GC(2019) Pause Remark 4205M->4205M(12288M) 23.764ms
[2024-05-30T13:29:56.990+0000][10536.409s][info][gc,cpu      ] GC(2019) User=0.10s Sys=0.01s Real=0.03s
[2024-05-30T13:29:56.990+0000][10536.410s][info][gc,marking  ] GC(2019) Concurrent Mark 3450.078ms
[2024-05-30T13:29:56.990+0000][10536.410s][info][gc,marking  ] GC(2019) Concurrent Rebuild Remembered Sets
[2024-05-30T13:29:58.674+0000][10538.093s][info][gc,marking  ] GC(2019) Concurrent Rebuild Remembered Sets 1683.752ms
[2024-05-30T13:29:58.674+0000][10538.094s][info][gc,start    ] GC(2019) Pause Cleanup
[2024-05-30T13:29:58.675+0000][10538.094s][info][gc          ] GC(2019) Pause Cleanup 8361M->8361M(12288M) 0.679ms
[2024-05-30T13:29:58.675+0000][10538.094s][info][gc,cpu      ] GC(2019) User=0.00s Sys=0.00s Real=0.00s
[2024-05-30T13:29:58.675+0000][10538.094s][info][gc,marking  ] GC(2019) Concurrent Cleanup for Next Mark
[2024-05-30T13:29:58.693+0000][10538.112s][info][gc,marking  ] GC(2019) Concurrent Cleanup for Next Mark 17.928ms
[2024-05-30T13:29:58.693+0000][10538.112s][info][gc          ] GC(2019) Concurrent Mark Cycle 5177.852ms
[2024-05-30T13:29:59.781+0000][10539.200s][info][gc,start    ] GC(2021) Pause Young (Prepare Mixed) (G1 Evacuation Pause)
[2024-05-30T13:29:59.781+0000][10539.200s][info][gc,task     ] GC(2021) Using 6 workers of 6 for evacuation
[2024-05-30T13:29:59.863+0000][10539.283s][info][gc,phases   ] GC(2021)   Pre Evacuate Collection Set: 0.2ms
[2024-05-30T13:29:59.863+0000][10539.283s][info][gc,phases   ] GC(2021)   Merge Heap Roots: 0.9ms
[2024-05-30T13:29:59.863+0000][10539.283s][info][gc,phases   ] GC(2021)   Evacuate Collection Set: 67.3ms
[2024-05-30T13:29:59.863+0000][10539.283s][info][gc,phases   ] GC(2021)   Post Evacuate Collection Set: 13.9ms
[2024-05-30T13:29:59.863+0000][10539.283s][info][gc,phases   ] GC(2021)   Other: 0.2ms
[2024-05-30T13:29:59.863+0000][10539.283s][info][gc,heap     ] GC(2021) Eden regions: 762->0(60)
[2024-05-30T13:29:59.863+0000][10539.283s][info][gc,heap     ] GC(2021) Survivor regions: 16->16(98)
[2024-05-30T13:29:59.863+0000][10539.283s][info][gc,heap     ] GC(2021) Old regions: 427->427
[2024-05-30T13:29:59.863+0000][10539.283s][info][gc,heap     ] GC(2021) Archive regions: 2->2
[2024-05-30T13:29:59.863+0000][10539.283s][info][gc,heap     ] GC(2021) Humongous regions: 5->5
[2024-05-30T13:29:59.863+0000][10539.283s][info][gc,metaspace] GC(2021) Metaspace: 432919K(439808K)->432919K(439808K) NonClass: 379007K(382976K)->379007K(382976K) Class: 53911K(56832K)->53911K(56832K)
[2024-05-30T13:29:59.863+0000][10539.283s][info][gc          ] GC(2021) Pause Young (Prepare Mixed) (G1 Evacuation Pause) 9681M->3580M(12288M) 82.539ms
[2024-05-30T13:29:59.863+0000][10539.283s][info][gc,cpu      ] GC(2021) User=0.48s Sys=0.00s Real=0.08s
[2024-05-30T13:30:00.226+0000][10539.645s][info][gc,start    ] GC(2022) Pause Young (Mixed) (G1 Evacuation Pause)
[2024-05-30T13:30:00.226+0000][10539.645s][info][gc,task     ] GC(2022) Using 6 workers of 6 for evacuation
[2024-05-30T13:30:00.313+0000][10539.732s][info][gc,phases   ] GC(2022)   Pre Evacuate Collection Set: 0.2ms
[2024-05-30T13:30:00.313+0000][10539.732s][info][gc,phases   ] GC(2022)   Merge Heap Roots: 0.5ms
[2024-05-30T13:30:00.313+0000][10539.732s][info][gc,phases   ] GC(2022)   Evacuate Collection Set: 84.8ms
[2024-05-30T13:30:00.313+0000][10539.732s][info][gc,phases   ] GC(2022)   Post Evacuate Collection Set: 1.4ms
[2024-05-30T13:30:00.313+0000][10539.732s][info][gc,phases   ] GC(2022)   Other: 0.2ms
[2024-05-30T13:30:00.313+0000][10539.732s][info][gc,heap     ] GC(2022) Eden regions: 60->0(774)
[2024-05-30T13:30:00.313+0000][10539.732s][info][gc,heap     ] GC(2022) Survivor regions: 16->3(10)
[2024-05-30T13:30:00.313+0000][10539.732s][info][gc,heap     ] GC(2022) Old regions: 427->429
[2024-05-30T13:30:00.313+0000][10539.732s][info][gc,heap     ] GC(2022) Archive regions: 2->2
[2024-05-30T13:30:00.313+0000][10539.732s][info][gc,heap     ] GC(2022) Humongous regions: 5->5
[2024-05-30T13:30:00.313+0000][10539.732s][info][gc,metaspace] GC(2022) Metaspace: 432930K(439808K)->432930K(439808K) NonClass: 379018K(382976K)->379018K(382976K) Class: 53911K(56832K)->53911K(56832K)
[2024-05-30T13:30:00.313+0000][10539.732s][info][gc          ] GC(2022) Pause Young (Mixed) (G1 Evacuation Pause) 4060M->3497M(12288M) 87.106ms
[2024-05-30T13:30:00.313+0000][10539.732s][info][gc,cpu      ] GC(2022) User=0.51s Sys=0.00s Real=0.09s
[2024-05-30T13:30:06.668+0000][10546.087s][info][gc,start    ] GC(2023) Pause Young (Normal) (G1 Evacuation Pause)
[2024-05-30T13:30:06.668+0000][10546.087s][info][gc,task     ] GC(2023) Using 6 workers of 6 for evacuation
[2024-05-30T13:30:06.684+0000][10546.103s][info][gc,phases   ] GC(2023)   Pre Evacuate Collection Set: 0.2ms
[2024-05-30T13:30:06.684+0000][10546.103s][info][gc,phases   ] GC(2023)   Merge Heap Roots: 0.2ms
[2024-05-30T13:30:06.684+0000][10546.103s][info][gc,phases   ] GC(2023)   Evacuate Collection Set: 14.1ms
[2024-05-30T13:30:06.684+0000][10546.103s][info][gc,phases   ] GC(2023)   Post Evacuate Collection Set: 1.8ms
[2024-05-30T13:30:06.684+0000][10546.103s][info][gc,phases   ] GC(2023)   Other: 0.2ms
[2024-05-30T13:30:06.684+0000][10546.103s][info][gc,heap     ] GC(2023) Eden regions: 774->0(773)
[2024-05-30T13:30:06.684+0000][10546.103s][info][gc,heap     ] GC(2023) Survivor regions: 3->5(98)
[2024-05-30T13:30:06.684+0000][10546.103s][info][gc,heap     ] GC(2023) Old regions: 429->429
[2024-05-30T13:30:06.684+0000][10546.103s][info][gc,heap     ] GC(2023) Archive regions: 2->2
[2024-05-30T13:30:06.684+0000][10546.103s][info][gc,heap     ] GC(2023) Humongous regions: 5->5
[2024-05-30T13:30:06.684+0000][10546.103s][info][gc,metaspace] GC(2023) Metaspace: 432930K(439808K)->432930K(439808K) NonClass: 379018K(382976K)->379018K(382976K) Class: 53911K(56832K)->53911K(56832K)
[2024-05-30T13:30:06.684+0000][10546.103s][info][gc          ] GC(2023) Pause Young (Normal) (G1 Evacuation Pause) 9689M->3512M(12288M) 16.468ms
[2024-05-30T13:30:06.684+0000][10546.103s][info][gc,cpu      ] GC(2023) User=0.09s Sys=0.00s Real=0.02s
[2024-05-30T13:30:15.057+0000][10554.476s][info][gc,start    ] GC(2024) Pause Young (Normal) (G1 Evacuation Pause)
[2024-05-30T13:30:15.057+0000][10554.476s][info][gc,task     ] GC(2024) Using 6 workers of 6 for evacuation
[2024-05-30T13:30:15.080+0000][10554.500s][info][gc,phases   ] GC(2024)   Pre Evacuate Collection Set: 0.2ms
[2024-05-30T13:30:15.080+0000][10554.500s][info][gc,phases   ] GC(2024)   Merge Heap Roots: 0.2ms
[2024-05-30T13:30:15.080+0000][10554.500s][info][gc,phases   ] GC(2024)   Evacuate Collection Set: 21.0ms
[2024-05-30T13:30:15.080+0000][10554.500s][info][gc,phases   ] GC(2024)   Post Evacuate Collection Set: 1.7ms
[2024-05-30T13:30:15.080+0000][10554.500s][info][gc,phases   ] GC(2024)   Other: 0.2ms
[2024-05-30T13:30:15.080+0000][10554.500s][info][gc,heap     ] GC(2024) Eden regions: 773->0(770)
[2024-05-30T13:30:15.080+0000][10554.500s][info][gc,heap     ] GC(2024) Survivor regions: 5->8(98)
[2024-05-30T13:30:15.080+0000][10554.500s][info][gc,heap     ] GC(2024) Old regions: 429->429
[2024-05-30T13:30:15.080+0000][10554.500s][info][gc,heap     ] GC(2024) Archive regions: 2->2
[2024-05-30T13:30:15.080+0000][10554.500s][info][gc,heap     ] GC(2024) Humongous regions: 5->5
[2024-05-30T13:30:15.080+0000][10554.500s][info][gc,metaspace] GC(2024) Metaspace: 432933K(439808K)->432933K(439808K) NonClass: 379021K(382976K)->379021K(382976K) Class: 53911K(56832K)->53911K(56832K)
[2024-05-30T13:30:15.080+0000][10554.500s][info][gc          ] GC(2024) Pause Young (Normal) (G1 Evacuation Pause) 9696M->3537M(12288M) 23.383ms
[2024-05-30T13:30:15.081+0000][10554.500s][info][gc,cpu      ] GC(2024) User=0.13s Sys=0.00s Real=0.02s
[2024-05-30T13:30:23.440+0000][10562.859s][info][gc,start    ] GC(2025) Pause Young (Concurrent Start) (G1 Evacuation Pause)
[2024-05-30T13:30:23.440+0000][10562.859s][info][gc,task     ] GC(2025) Using 6 workers of 6 for evacuation
[2024-05-30T13:30:23.467+0000][10562.886s][info][gc,phases   ] GC(2025)   Pre Evacuate Collection Set: 0.5ms
[2024-05-30T13:30:23.467+0000][10562.886s][info][gc,phases   ] GC(2025)   Merge Heap Roots: 0.3ms
[2024-05-30T13:30:23.467+0000][10562.886s][info][gc,phases   ] GC(2025)   Evacuate Collection Set: 24.0ms
[2024-05-30T13:30:23.467+0000][10562.886s][info][gc,phases   ] GC(2025)   Post Evacuate Collection Set: 1.9ms
[2024-05-30T13:30:23.467+0000][10562.886s][info][gc,phases   ] GC(2025)   Other: 0.3ms
[2024-05-30T13:30:23.467+0000][10562.886s][info][gc,heap     ] GC(2025) Eden regions: 770->0(768)
[2024-05-30T13:30:23.467+0000][10562.886s][info][gc,heap     ] GC(2025) Survivor regions: 8->10(98)
[2024-05-30T13:30:23.467+0000][10562.886s][info][gc,heap     ] GC(2025) Old regions: 429->429
[2024-05-30T13:30:23.467+0000][10562.886s][info][gc,heap     ] GC(2025) Archive regions: 2->2
[2024-05-30T13:30:23.467+0000][10562.886s][info][gc,heap     ] GC(2025) Humongous regions: 5->5
[2024-05-30T13:30:23.467+0000][10562.886s][info][gc,metaspace] GC(2025) Metaspace: 432933K(439808K)->432933K(439808K) NonClass: 379021K(382976K)->379021K(382976K) Class: 53911K(56832K)->53911K(56832K)
[2024-05-30T13:30:23.467+0000][10562.886s][info][gc          ] GC(2025) Pause Young (Concurrent Start) (G1 Evacuation Pause) 9697M->3552M(12288M) 27.120ms
[2024-05-30T13:30:23.467+0000][10562.886s][info][gc,cpu      ] GC(2025) User=0.15s Sys=0.01s Real=0.02s
[2024-05-30T13:30:23.467+0000][10562.886s][info][gc          ] GC(2026) Concurrent Mark Cycle
[2024-05-30T13:30:23.467+0000][10562.886s][info][gc,marking  ] GC(2026) Concurrent Clear Claimed Marks
[2024-05-30T13:30:23.467+0000][10562.886s][info][gc,marking  ] GC(2026) Concurrent Clear Claimed Marks 0.404ms
[2024-05-30T13:30:23.467+0000][10562.886s][info][gc,marking  ] GC(2026) Concurrent Scan Root Regions
[2024-05-30T13:30:23.485+0000][10562.904s][info][gc,marking  ] GC(2026) Concurrent Scan Root Regions 17.434ms
[2024-05-30T13:30:23.485+0000][10562.904s][info][gc,marking  ] GC(2026) Concurrent Mark
[2024-05-30T13:30:23.485+0000][10562.904s][info][gc,marking  ] GC(2026) Concurrent Mark From Roots
[2024-05-30T13:30:23.485+0000][10562.904s][info][gc,task     ] GC(2026) Using 2 workers of 2 for marking
[2024-05-30T13:30:26.024+0000][10565.443s][info][gc,marking  ] GC(2026) Concurrent Mark From Roots 2539.375ms
[2024-05-30T13:30:26.024+0000][10565.443s][info][gc,marking  ] GC(2026) Concurrent Preclean
[2024-05-30T13:30:26.026+0000][10565.445s][info][gc,marking  ] GC(2026) Concurrent Preclean 1.407ms
[2024-05-30T13:30:26.026+0000][10565.445s][info][gc,start    ] GC(2026) Pause Remark
[2024-05-30T13:30:26.051+0000][10565.470s][info][gc          ] GC(2026) Pause Remark 5248M->5248M(12288M) 25.486ms
[2024-05-30T13:30:26.051+0000][10565.470s][info][gc,cpu      ] GC(2026) User=0.11s Sys=0.00s Real=0.03s
[2024-05-30T13:30:26.051+0000][10565.471s][info][gc,marking  ] GC(2026) Concurrent Mark 2566.623ms
[2024-05-30T13:30:26.051+0000][10565.471s][info][gc,marking  ] GC(2026) Concurrent Rebuild Remembered Sets
[2024-05-30T13:30:27.526+0000][10566.945s][info][gc,marking  ] GC(2026) Concurrent Rebuild Remembered Sets 1474.651ms
[2024-05-30T13:30:27.526+0000][10566.945s][info][gc,start    ] GC(2026) Pause Cleanup
[2024-05-30T13:30:27.527+0000][10566.946s][info][gc          ] GC(2026) Pause Cleanup 6292M->6292M(12288M) 0.671ms
[2024-05-30T13:30:27.527+0000][10566.946s][info][gc,cpu      ] GC(2026) User=0.00s Sys=0.00s Real=0.00s
[2024-05-30T13:30:27.527+0000][10566.946s][info][gc,marking  ] GC(2026) Concurrent Cleanup for Next Mark
[2024-05-30T13:30:27.545+0000][10566.964s][info][gc,marking  ] GC(2026) Concurrent Cleanup for Next Mark 18.293ms
[2024-05-30T13:30:27.545+0000][10566.964s][info][gc          ] GC(2026) Concurrent Mark Cycle 4078.502ms
[2024-05-30T13:30:32.229+0000][10571.648s][info][gc,start    ] GC(2027) Pause Young (Prepare Mixed) (G1 Evacuation Pause)
[2024-05-30T13:30:32.229+0000][10571.648s][info][gc,task     ] GC(2027) Using 6 workers of 6 for evacuation
[2024-05-30T13:30:32.266+0000][10571.685s][info][gc,phases   ] GC(2027)   Pre Evacuate Collection Set: 0.2ms
[2024-05-30T13:30:32.266+0000][10571.685s][info][gc,phases   ] GC(2027)   Merge Heap Roots: 0.4ms
[2024-05-30T13:30:32.266+0000][10571.685s][info][gc,phases   ] GC(2027)   Evacuate Collection Set: 34.4ms
[2024-05-30T13:30:32.266+0000][10571.686s][info][gc,phases   ] GC(2027)   Post Evacuate Collection Set: 1.9ms
[2024-05-30T13:30:32.266+0000][10571.686s][info][gc,phases   ] GC(2027)   Other: 0.2ms
[2024-05-30T13:30:32.266+0000][10571.686s][info][gc,heap     ] GC(2027) Eden regions: 768->0(64)
[2024-05-30T13:30:32.266+0000][10571.686s][info][gc,heap     ] GC(2027) Survivor regions: 10->12(98)
[2024-05-30T13:30:32.266+0000][10571.686s][info][gc,heap     ] GC(2027) Old regions: 429->429
[2024-05-30T13:30:32.266+0000][10571.686s][info][gc,heap     ] GC(2027) Archive regions: 2->2
[2024-05-30T13:30:32.266+0000][10571.686s][info][gc,heap     ] GC(2027) Humongous regions: 5->5
[2024-05-30T13:30:32.266+0000][10571.686s][info][gc,metaspace] GC(2027) Metaspace: 432933K(439808K)->432933K(439808K) NonClass: 379021K(382976K)->379021K(382976K) Class: 53911K(56832K)->53911K(56832K)
[2024-05-30T13:30:32.266+0000][10571.686s][info][gc          ] GC(2027) Pause Young (Prepare Mixed) (G1 Evacuation Pause) 9696M->3568M(12288M) 37.182ms
[2024-05-30T13:30:32.266+0000][10571.686s][info][gc,cpu      ] GC(2027) User=0.22s Sys=0.01s Real=0.03s
[2024-05-30T13:30:32.938+0000][10572.357s][info][gc,start    ] GC(2028) Pause Young (Mixed) (G1 Evacuation Pause)
[2024-05-30T13:30:32.938+0000][10572.357s][info][gc,task     ] GC(2028) Using 6 workers of 6 for evacuation
[2024-05-30T13:30:33.009+0000][10572.428s][info][gc,phases   ] GC(2028)   Pre Evacuate Collection Set: 0.2ms
[2024-05-30T13:30:33.009+0000][10572.428s][info][gc,phases   ] GC(2028)   Merge Heap Roots: 0.4ms
[2024-05-30T13:30:33.009+0000][10572.428s][info][gc,phases   ] GC(2028)   Evacuate Collection Set: 68.5ms
[2024-05-30T13:30:33.009+0000][10572.428s][info][gc,phases   ] GC(2028)   Post Evacuate Collection Set: 1.4ms
[2024-05-30T13:30:33.009+0000][10572.428s][info][gc,phases   ] GC(2028)   Other: 0.2ms
[2024-05-30T13:30:33.009+0000][10572.428s][info][gc,heap     ] GC(2028) Eden regions: 64->0(781)
[2024-05-30T13:30:33.009+0000][10572.428s][info][gc,heap     ] GC(2028) Survivor regions: 12->6(10)
[2024-05-30T13:30:33.009+0000][10572.428s][info][gc,heap     ] GC(2028) Old regions: 429->420
[2024-05-30T13:30:33.009+0000][10572.428s][info][gc,heap     ] GC(2028) Archive regions: 2->2
[2024-05-30T13:30:33.009+0000][10572.428s][info][gc,heap     ] GC(2028) Humongous regions: 5->5
[2024-05-30T13:30:33.009+0000][10572.428s][info][gc,metaspace] GC(2028) Metaspace: 432933K(439808K)->432933K(439808K) NonClass: 379021K(382976K)->379021K(382976K) Class: 53911K(56832K)->53911K(56832K)
[2024-05-30T13:30:33.009+0000][10572.428s][info][gc          ] GC(2028) Pause Young (Mixed) (G1 Evacuation Pause) 4080M->3446M(12288M) 70.642ms
[2024-05-30T13:30:33.009+0000][10572.428s][info][gc,cpu      ] GC(2028) User=0.42s Sys=0.00s Real=0.07s
[2024-05-30T13:30:41.556+0000][10580.975s][info][gc,start    ] GC(2029) Pause Young (Normal) (G1 Evacuation Pause)
[2024-05-30T13:30:41.556+0000][10580.975s][info][gc,task     ] GC(2029) Using 6 workers of 6 for evacuation
[2024-05-30T13:30:41.579+0000][10580.998s][info][gc,phases   ] GC(2029)   Pre Evacuate Collection Set: 0.2ms
[2024-05-30T13:30:41.579+0000][10580.998s][info][gc,phases   ] GC(2029)   Merge Heap Roots: 0.3ms
[2024-05-30T13:30:41.579+0000][10580.998s][info][gc,phases   ] GC(2029)   Evacuate Collection Set: 20.3ms
[2024-05-30T13:30:41.579+0000][10580.998s][info][gc,phases   ] GC(2029)   Post Evacuate Collection Set: 1.7ms
[2024-05-30T13:30:41.579+0000][10580.998s][info][gc,phases   ] GC(2029)   Other: 0.2ms
[2024-05-30T13:30:41.579+0000][10580.998s][info][gc,heap     ] GC(2029) Eden regions: 781->0(779)
[2024-05-30T13:30:41.579+0000][10580.998s][info][gc,heap     ] GC(2029) Survivor regions: 6->8(99)
[2024-05-30T13:30:41.579+0000][10580.998s][info][gc,heap     ] GC(2029) Old regions: 420->420
[2024-05-30T13:30:41.579+0000][10580.998s][info][gc,heap     ] GC(2029) Archive regions: 2->2
[2024-05-30T13:30:41.579+0000][10580.998s][info][gc,heap     ] GC(2029) Humongous regions: 5->5
[2024-05-30T13:30:41.579+0000][10580.998s][info][gc,metaspace] GC(2029) Metaspace: 432934K(439808K)->432934K(439808K) NonClass: 379022K(382976K)->379022K(382976K) Class: 53911K(56832K)->53911K(56832K)
[2024-05-30T13:30:41.579+0000][10580.998s][info][gc          ] GC(2029) Pause Young (Normal) (G1 Evacuation Pause) 9694M->3468M(12288M) 22.705ms
[2024-05-30T13:30:41.579+0000][10580.998s][info][gc,cpu      ] GC(2029) User=0.12s Sys=0.01s Real=0.03s
[2024-05-30T13:30:49.904+0000][10589.323s][info][gc,start    ] GC(2030) Pause Young (Normal) (G1 Evacuation Pause)
[2024-05-30T13:30:49.904+0000][10589.323s][info][gc,task     ] GC(2030) Using 6 workers of 6 for evacuation
[2024-05-30T13:30:49.929+0000][10589.348s][info][gc,phases   ] GC(2030)   Pre Evacuate Collection Set: 0.2ms
[2024-05-30T13:30:49.929+0000][10589.348s][info][gc,phases   ] GC(2030)   Merge Heap Roots: 0.3ms
[2024-05-30T13:30:49.929+0000][10589.348s][info][gc,phases   ] GC(2030)   Evacuate Collection Set: 22.8ms
[2024-05-30T13:30:49.929+0000][10589.348s][info][gc,phases   ] GC(2030)   Post Evacuate Collection Set: 1.8ms
[2024-05-30T13:30:49.929+0000][10589.348s][info][gc,phases   ] GC(2030)   Other: 0.2ms
[2024-05-30T13:30:49.929+0000][10589.348s][info][gc,heap     ] GC(2030) Eden regions: 779->0(776)
[2024-05-30T13:30:49.929+0000][10589.348s][info][gc,heap     ] GC(2030) Survivor regions: 8->11(99)
[2024-05-30T13:30:49.929+0000][10589.348s][info][gc,heap     ] GC(2030) Old regions: 420->420
[2024-05-30T13:30:49.929+0000][10589.348s][info][gc,heap     ] GC(2030) Archive regions: 2->2
[2024-05-30T13:30:49.929+0000][10589.348s][info][gc,heap     ] GC(2030) Humongous regions: 5->5
[2024-05-30T13:30:49.929+0000][10589.348s][info][gc,metaspace] GC(2030) Metaspace: 432934K(439808K)->432934K(439808K) NonClass: 379022K(382976K)->379022K(382976K) Class: 53911K(56832K)->53911K(56832K)
[2024-05-30T13:30:49.929+0000][10589.348s][info][gc          ] GC(2030) Pause Young (Normal) (G1 Evacuation Pause) 9700M->3486M(12288M) 25.207ms
[2024-05-30T13:30:49.929+0000][10589.348s][info][gc,cpu      ] GC(2030) User=0.14s Sys=0.00s Real=0.03s
[2024-05-30T13:30:58.409+0000][10597.828s][info][gc,start    ] GC(2031) Pause Young (Concurrent Start) (G1 Evacuation Pause)
[2024-05-30T13:30:58.409+0000][10597.828s][info][gc,task     ] GC(2031) Using 6 workers of 6 for evacuation
[2024-05-30T13:30:58.446+0000][10597.866s][info][gc,phases   ] GC(2031)   Pre Evacuate Collection Set: 0.5ms
[2024-05-30T13:30:58.446+0000][10597.866s][info][gc,phases   ] GC(2031)   Merge Heap Roots: 0.2ms
[2024-05-30T13:30:58.447+0000][10597.866s][info][gc,phases   ] GC(2031)   Evacuate Collection Set: 34.6ms
[2024-05-30T13:30:58.447+0000][10597.866s][info][gc,phases   ] GC(2031)   Post Evacuate Collection Set: 1.8ms
[2024-05-30T13:30:58.447+0000][10597.866s][info][gc,phases   ] GC(2031)   Other: 0.3ms
[2024-05-30T13:30:58.447+0000][10597.866s][info][gc,heap     ] GC(2031) Eden regions: 776->0(773)
[2024-05-30T13:30:58.447+0000][10597.866s][info][gc,heap     ] GC(2031) Survivor regions: 11->14(99)
[2024-05-30T13:30:58.447+0000][10597.866s][info][gc,heap     ] GC(2031) Old regions: 420->420
[2024-05-30T13:30:58.447+0000][10597.866s][info][gc,heap     ] GC(2031) Archive regions: 2->2
[2024-05-30T13:30:58.447+0000][10597.866s][info][gc,heap     ] GC(2031) Humongous regions: 5->5
[2024-05-30T13:30:58.447+0000][10597.866s][info][gc,metaspace] GC(2031) Metaspace: 432939K(439808K)->432939K(439808K) NonClass: 379027K(382976K)->379027K(382976K) Class: 53911K(56832K)->53911K(56832K)
[2024-05-30T13:30:58.447+0000][10597.866s][info][gc          ] GC(2031) Pause Young (Concurrent Start) (G1 Evacuation Pause) 9694M->3510M(12288M) 37.498ms
[2024-05-30T13:30:58.447+0000][10597.866s][info][gc,cpu      ] GC(2031) User=0.22s Sys=0.00s Real=0.03s
[2024-05-30T13:30:58.447+0000][10597.866s][info][gc          ] GC(2032) Concurrent Mark Cycle
[2024-05-30T13:30:58.447+0000][10597.866s][info][gc,marking  ] GC(2032) Concurrent Clear Claimed Marks
[2024-05-30T13:30:58.447+0000][10597.866s][info][gc,marking  ] GC(2032) Concurrent Clear Claimed Marks 0.442ms
[2024-05-30T13:30:58.447+0000][10597.866s][info][gc,marking  ] GC(2032) Concurrent Scan Root Regions
[2024-05-30T13:30:58.477+0000][10597.897s][info][gc,marking  ] GC(2032) Concurrent Scan Root Regions 30.248ms
[2024-05-30T13:30:58.477+0000][10597.897s][info][gc,marking  ] GC(2032) Concurrent Mark
[2024-05-30T13:30:58.477+0000][10597.897s][info][gc,marking  ] GC(2032) Concurrent Mark From Roots
[2024-05-30T13:30:58.477+0000][10597.897s][info][gc,task     ] GC(2032) Using 2 workers of 2 for marking
[2024-05-30T13:31:00.980+0000][10600.399s][info][gc,marking  ] GC(2032) Concurrent Mark From Roots 2502.811ms
[2024-05-30T13:31:00.980+0000][10600.400s][info][gc,marking  ] GC(2032) Concurrent Preclean
[2024-05-30T13:31:00.981+0000][10600.401s][info][gc,marking  ] GC(2032) Concurrent Preclean 1.188ms
[2024-05-30T13:31:00.982+0000][10600.401s][info][gc,start    ] GC(2032) Pause Remark
[2024-05-30T13:31:01.005+0000][10600.425s][info][gc          ] GC(2032) Pause Remark 5394M->5394M(12288M) 23.818ms
[2024-05-30T13:31:01.006+0000][10600.425s][info][gc,cpu      ] GC(2032) User=0.10s Sys=0.00s Real=0.02s
[2024-05-30T13:31:01.006+0000][10600.425s][info][gc,marking  ] GC(2032) Concurrent Mark 2528.274ms
[2024-05-30T13:31:01.006+0000][10600.425s][info][gc,marking  ] GC(2032) Concurrent Rebuild Remembered Sets
[2024-05-30T13:31:02.521+0000][10601.940s][info][gc,marking  ] GC(2032) Concurrent Rebuild Remembered Sets 1514.871ms
[2024-05-30T13:31:02.521+0000][10601.940s][info][gc,start    ] GC(2032) Pause Cleanup
[2024-05-30T13:31:02.521+0000][10601.941s][info][gc          ] GC(2032) Pause Cleanup 6474M->6474M(12288M) 0.674ms
[2024-05-30T13:31:02.521+0000][10601.941s][info][gc,cpu      ] GC(2032) User=0.00s Sys=0.00s Real=0.00s
[2024-05-30T13:31:02.522+0000][10601.941s][info][gc,marking  ] GC(2032) Concurrent Cleanup for Next Mark
[2024-05-30T13:31:02.550+0000][10601.970s][info][gc,marking  ] GC(2032) Concurrent Cleanup for Next Mark 28.769ms
[2024-05-30T13:31:02.550+0000][10601.970s][info][gc          ] GC(2032) Concurrent Mark Cycle 4103.729ms
[2024-05-30T13:31:06.933+0000][10606.352s][info][gc,start    ] GC(2033) Pause Young (Prepare Mixed) (G1 Evacuation Pause)
[2024-05-30T13:31:06.933+0000][10606.352s][info][gc,task     ] GC(2033) Using 6 workers of 6 for evacuation
[2024-05-30T13:31:06.972+0000][10606.391s][info][gc,phases   ] GC(2033)   Pre Evacuate Collection Set: 0.2ms
[2024-05-30T13:31:06.972+0000][10606.391s][info][gc,phases   ] GC(2033)   Merge Heap Roots: 0.3ms
[2024-05-30T13:31:06.972+0000][10606.391s][info][gc,phases   ] GC(2033)   Evacuate Collection Set: 36.4ms
[2024-05-30T13:31:06.972+0000][10606.391s][info][gc,phases   ] GC(2033)   Post Evacuate Collection Set: 1.9ms
[2024-05-30T13:31:06.972+0000][10606.391s][info][gc,phases   ] GC(2033)   Other: 0.2ms
[2024-05-30T13:31:06.972+0000][10606.391s][info][gc,heap     ] GC(2033) Eden regions: 773->0(62)
[2024-05-30T13:31:06.972+0000][10606.391s][info][gc,heap     ] GC(2033) Survivor regions: 14->14(99)
[2024-05-30T13:31:06.972+0000][10606.391s][info][gc,heap     ] GC(2033) Old regions: 420->420
[2024-05-30T13:31:06.972+0000][10606.391s][info][gc,heap     ] GC(2033) Archive regions: 2->2
[2024-05-30T13:31:06.972+0000][10606.391s][info][gc,heap     ] GC(2033) Humongous regions: 5->5
[2024-05-30T13:31:06.972+0000][10606.391s][info][gc,metaspace] GC(2033) Metaspace: 432939K(439808K)->432939K(439808K) NonClass: 379027K(382976K)->379027K(382976K) Class: 53911K(56832K)->53911K(56832K)
[2024-05-30T13:31:06.972+0000][10606.391s][info][gc          ] GC(2033) Pause Young (Prepare Mixed) (G1 Evacuation Pause) 9694M->3514M(12288M) 39.038ms
[2024-05-30T13:31:06.972+0000][10606.391s][info][gc,cpu      ] GC(2033) User=0.22s Sys=0.01s Real=0.04s
[2024-05-30T13:31:07.630+0000][10607.049s][info][gc,start    ] GC(2034) Pause Young (Mixed) (G1 Evacuation Pause)
[2024-05-30T13:31:07.630+0000][10607.049s][info][gc,task     ] GC(2034) Using 6 workers of 6 for evacuation
[2024-05-30T13:31:07.713+0000][10607.132s][info][gc,phases   ] GC(2034)   Pre Evacuate Collection Set: 0.2ms
[2024-05-30T13:31:07.713+0000][10607.132s][info][gc,phases   ] GC(2034)   Merge Heap Roots: 0.4ms
[2024-05-30T13:31:07.713+0000][10607.132s][info][gc,phases   ] GC(2034)   Evacuate Collection Set: 81.0ms
[2024-05-30T13:31:07.713+0000][10607.132s][info][gc,phases   ] GC(2034)   Post Evacuate Collection Set: 1.3ms
[2024-05-30T13:31:07.713+0000][10607.132s][info][gc,phases   ] GC(2034)   Other: 0.2ms
[2024-05-30T13:31:07.713+0000][10607.132s][info][gc,heap     ] GC(2034) Eden regions: 62->0(783)
[2024-05-30T13:31:07.713+0000][10607.132s][info][gc,heap     ] GC(2034) Survivor regions: 14->6(10)
[2024-05-30T13:31:07.713+0000][10607.132s][info][gc,heap     ] GC(2034) Old regions: 420->418
[2024-05-30T13:31:07.713+0000][10607.132s][info][gc,heap     ] GC(2034) Archive regions: 2->2
[2024-05-30T13:31:07.713+0000][10607.132s][info][gc,heap     ] GC(2034) Humongous regions: 5->5
[2024-05-30T13:31:07.713+0000][10607.132s][info][gc,metaspace] GC(2034) Metaspace: 432939K(439808K)->432939K(439808K) NonClass: 379027K(382976K)->379027K(382976K) Class: 53911K(56832K)->53911K(56832K)
[2024-05-30T13:31:07.713+0000][10607.132s][info][gc          ] GC(2034) Pause Young (Mixed) (G1 Evacuation Pause) 4010M->3426M(12288M) 83.139ms
[2024-05-30T13:31:07.713+0000][10607.132s][info][gc,cpu      ] GC(2034) User=0.50s Sys=0.00s Real=0.08s
[2024-05-30T13:31:16.107+0000][10615.526s][info][gc,start    ] GC(2035) Pause Young (Normal) (G1 Evacuation Pause)
[2024-05-30T13:31:16.107+0000][10615.527s][info][gc,task     ] GC(2035) Using 6 workers of 6 for evacuation
[2024-05-30T13:31:16.131+0000][10615.550s][info][gc,phases   ] GC(2035)   Pre Evacuate Collection Set: 0.2ms
[2024-05-30T13:31:16.131+0000][10615.550s][info][gc,phases   ] GC(2035)   Merge Heap Roots: 0.2ms
[2024-05-30T13:31:16.131+0000][10615.550s][info][gc,phases   ] GC(2035)   Evacuate Collection Set: 21.5ms
[2024-05-30T13:31:16.131+0000][10615.550s][info][gc,phases   ] GC(2035)   Post Evacuate Collection Set: 1.8ms
[2024-05-30T13:31:16.131+0000][10615.550s][info][gc,phases   ] GC(2035)   Other: 0.2ms
[2024-05-30T13:31:16.131+0000][10615.550s][info][gc,heap     ] GC(2035) Eden regions: 783->0(781)
[2024-05-30T13:31:16.131+0000][10615.550s][info][gc,heap     ] GC(2035) Survivor regions: 6->8(99)
[2024-05-30T13:31:16.131+0000][10615.550s][info][gc,heap     ] GC(2035) Old regions: 418->418
[2024-05-30T13:31:16.131+0000][10615.550s][info][gc,heap     ] GC(2035) Archive regions: 2->2
[2024-05-30T13:31:16.131+0000][10615.550s][info][gc,heap     ] GC(2035) Humongous regions: 5->5
[2024-05-30T13:31:16.131+0000][10615.550s][info][gc,metaspace] GC(2035) Metaspace: 432939K(439808K)->432939K(439808K) NonClass: 379027K(382976K)->379027K(382976K) Class: 53911K(56832K)->53911K(56832K)
[2024-05-30T13:31:16.131+0000][10615.550s][info][gc          ] GC(2035) Pause Young (Normal) (G1 Evacuation Pause) 9690M->3447M(12288M) 23.996ms
[2024-05-30T13:31:16.131+0000][10615.551s][info][gc,cpu      ] GC(2035) User=0.14s Sys=0.00s Real=0.03s
[2024-05-30T13:31:24.432+0000][10623.852s][info][gc,start    ] GC(2036) Pause Young (Normal) (G1 Evacuation Pause)
[2024-05-30T13:31:24.432+0000][10623.852s][info][gc,task     ] GC(2036) Using 6 workers of 6 for evacuation
[2024-05-30T13:31:24.460+0000][10623.879s][info][gc,phases   ] GC(2036)   Pre Evacuate Collection Set: 0.2ms
[2024-05-30T13:31:24.460+0000][10623.879s][info][gc,phases   ] GC(2036)   Merge Heap Roots: 0.2ms
[2024-05-30T13:31:24.460+0000][10623.879s][info][gc,phases   ] GC(2036)   Evacuate Collection Set: 24.8ms
[2024-05-30T13:31:24.460+0000][10623.879s][info][gc,phases   ] GC(2036)   Post Evacuate Collection Set: 2.0ms
[2024-05-30T13:31:24.460+0000][10623.879s][info][gc,phases   ] GC(2036)   Other: 0.3ms
[2024-05-30T13:31:24.460+0000][10623.879s][info][gc,heap     ] GC(2036) Eden regions: 781->0(776)
[2024-05-30T13:31:24.460+0000][10623.879s][info][gc,heap     ] GC(2036) Survivor regions: 8->12(99)
[2024-05-30T13:31:24.460+0000][10623.879s][info][gc,heap     ] GC(2036) Old regions: 418->418
[2024-05-30T13:31:24.460+0000][10623.879s][info][gc,heap     ] GC(2036) Archive regions: 2->2
[2024-05-30T13:31:24.460+0000][10623.879s][info][gc,heap     ] GC(2036) Humongous regions: 5->5
[2024-05-30T13:31:24.460+0000][10623.879s][info][gc,metaspace] GC(2036) Metaspace: 432941K(439808K)->432941K(439808K) NonClass: 379029K(382976K)->379029K(382976K) Class: 53911K(56832K)->53911K(56832K)
[2024-05-30T13:31:24.460+0000][10623.879s][info][gc          ] GC(2036) Pause Young (Normal) (G1 Evacuation Pause) 9695M->3479M(12288M) 27.570ms
[2024-05-30T13:31:24.460+0000][10623.879s][info][gc,cpu      ] GC(2036) User=0.15s Sys=0.01s Real=0.03s
[2024-05-30T13:31:32.539+0000][10631.959s][info][gc,start    ] GC(2037) Pause Young (Concurrent Start) (G1 Evacuation Pause)
[2024-05-30T13:31:32.539+0000][10631.959s][info][gc,task     ] GC(2037) Using 6 workers of 6 for evacuation
[2024-05-30T13:31:32.572+0000][10631.991s][info][gc,phases   ] GC(2037)   Pre Evacuate Collection Set: 0.5ms
[2024-05-30T13:31:32.572+0000][10631.991s][info][gc,phases   ] GC(2037)   Merge Heap Roots: 0.3ms
[2024-05-30T13:31:32.572+0000][10631.991s][info][gc,phases   ] GC(2037)   Evacuate Collection Set: 29.8ms
[2024-05-30T13:31:32.572+0000][10631.991s][info][gc,phases   ] GC(2037)   Post Evacuate Collection Set: 1.9ms
[2024-05-30T13:31:32.572+0000][10631.991s][info][gc,phases   ] GC(2037)   Other: 0.3ms
[2024-05-30T13:31:32.572+0000][10631.991s][info][gc,heap     ] GC(2037) Eden regions: 776->0(773)
[2024-05-30T13:31:32.572+0000][10631.991s][info][gc,heap     ] GC(2037) Survivor regions: 12->15(99)
[2024-05-30T13:31:32.572+0000][10631.991s][info][gc,heap     ] GC(2037) Old regions: 418->418
[2024-05-30T13:31:32.572+0000][10631.991s][info][gc,heap     ] GC(2037) Archive regions: 2->2
[2024-05-30T13:31:32.572+0000][10631.991s][info][gc,heap     ] GC(2037) Humongous regions: 5->5
[2024-05-30T13:31:32.572+0000][10631.991s][info][gc,metaspace] GC(2037) Metaspace: 432941K(439808K)->432941K(439808K) NonClass: 379029K(382976K)->379029K(382976K) Class: 53911K(56832K)->53911K(56832K)
[2024-05-30T13:31:32.572+0000][10631.991s][info][gc          ] GC(2037) Pause Young (Concurrent Start) (G1 Evacuation Pause) 9687M->3500M(12288M) 32.880ms
[2024-05-30T13:31:32.572+0000][10631.992s][info][gc,cpu      ] GC(2037) User=0.19s Sys=0.00s Real=0.03s
[2024-05-30T13:31:32.572+0000][10631.992s][info][gc          ] GC(2038) Concurrent Mark Cycle
[2024-05-30T13:31:32.572+0000][10631.992s][info][gc,marking  ] GC(2038) Concurrent Clear Claimed Marks
[2024-05-30T13:31:32.573+0000][10631.992s][info][gc,marking  ] GC(2038) Concurrent Clear Claimed Marks 0.401ms
[2024-05-30T13:31:32.573+0000][10631.992s][info][gc,marking  ] GC(2038) Concurrent Scan Root Regions
[2024-05-30T13:31:32.607+0000][10632.026s][info][gc,marking  ] GC(2038) Concurrent Scan Root Regions 34.413ms
[2024-05-30T13:31:32.607+0000][10632.026s][info][gc,marking  ] GC(2038) Concurrent Mark
[2024-05-30T13:31:32.607+0000][10632.026s][info][gc,marking  ] GC(2038) Concurrent Mark From Roots
[2024-05-30T13:31:32.607+0000][10632.026s][info][gc,task     ] GC(2038) Using 2 workers of 2 for marking
[2024-05-30T13:31:35.159+0000][10634.579s][info][gc,marking  ] GC(2038) Concurrent Mark From Roots 2552.207ms
[2024-05-30T13:31:35.159+0000][10634.579s][info][gc,marking  ] GC(2038) Concurrent Preclean
[2024-05-30T13:31:35.161+0000][10634.580s][info][gc,marking  ] GC(2038) Concurrent Preclean 1.173ms
[2024-05-30T13:31:35.161+0000][10634.580s][info][gc,start    ] GC(2038) Pause Remark
[2024-05-30T13:31:35.185+0000][10634.604s][info][gc          ] GC(2038) Pause Remark 5460M->5460M(12288M) 23.890ms
[2024-05-30T13:31:35.185+0000][10634.604s][info][gc,cpu      ] GC(2038) User=0.10s Sys=0.00s Real=0.02s
[2024-05-30T13:31:35.185+0000][10634.604s][info][gc,marking  ] GC(2038) Concurrent Mark 2577.677ms
[2024-05-30T13:31:35.185+0000][10634.604s][info][gc,marking  ] GC(2038) Concurrent Rebuild Remembered Sets
[2024-05-30T13:31:36.711+0000][10636.130s][info][gc,marking  ] GC(2038) Concurrent Rebuild Remembered Sets 1526.246ms
[2024-05-30T13:31:36.711+0000][10636.131s][info][gc,start    ] GC(2038) Pause Cleanup
[2024-05-30T13:31:36.712+0000][10636.131s][info][gc          ] GC(2038) Pause Cleanup 6692M->6692M(12288M) 0.645ms
[2024-05-30T13:31:36.712+0000][10636.131s][info][gc,cpu      ] GC(2038) User=0.00s Sys=0.00s Real=0.00s
[2024-05-30T13:31:36.712+0000][10636.131s][info][gc,marking  ] GC(2038) Concurrent Cleanup for Next Mark
[2024-05-30T13:31:36.729+0000][10636.148s][info][gc,marking  ] GC(2038) Concurrent Cleanup for Next Mark 16.906ms
[2024-05-30T13:31:36.729+0000][10636.148s][info][gc          ] GC(2038) Concurrent Mark Cycle 4156.741ms
[2024-05-30T13:31:40.843+0000][10640.262s][info][gc,start    ] GC(2039) Pause Young (Prepare Mixed) (G1 Evacuation Pause)
[2024-05-30T13:31:40.843+0000][10640.262s][info][gc,task     ] GC(2039) Using 6 workers of 6 for evacuation
[2024-05-30T13:31:40.886+0000][10640.305s][info][gc,phases   ] GC(2039)   Pre Evacuate Collection Set: 0.2ms
[2024-05-30T13:31:40.886+0000][10640.305s][info][gc,phases   ] GC(2039)   Merge Heap Roots: 0.3ms
[2024-05-30T13:31:40.886+0000][10640.305s][info][gc,phases   ] GC(2039)   Evacuate Collection Set: 41.0ms
[2024-05-30T13:31:40.886+0000][10640.305s][info][gc,phases   ] GC(2039)   Post Evacuate Collection Set: 1.8ms
[2024-05-30T13:31:40.886+0000][10640.305s][info][gc,phases   ] GC(2039)   Other: 0.2ms
[2024-05-30T13:31:40.886+0000][10640.305s][info][gc,heap     ] GC(2039) Eden regions: 773->0(62)
[2024-05-30T13:31:40.886+0000][10640.305s][info][gc,heap     ] GC(2039) Survivor regions: 15->14(99)
[2024-05-30T13:31:40.886+0000][10640.305s][info][gc,heap     ] GC(2039) Old regions: 418->418
[2024-05-30T13:31:40.886+0000][10640.305s][info][gc,heap     ] GC(2039) Archive regions: 2->2
[2024-05-30T13:31:40.886+0000][10640.305s][info][gc,heap     ] GC(2039) Humongous regions: 5->5
[2024-05-30T13:31:40.886+0000][10640.305s][info][gc,metaspace] GC(2039) Metaspace: 432944K(439808K)->432944K(439808K) NonClass: 379032K(382976K)->379032K(382976K) Class: 53911K(56832K)->53911K(56832K)
[2024-05-30T13:31:40.886+0000][10640.305s][info][gc          ] GC(2039) Pause Young (Prepare Mixed) (G1 Evacuation Pause) 9684M->3488M(12288M) 43.607ms
[2024-05-30T13:31:40.886+0000][10640.306s][info][gc,cpu      ] GC(2039) User=0.25s Sys=0.00s Real=0.04s
[2024-05-30T13:31:41.589+0000][10641.009s][info][gc,start    ] GC(2040) Pause Young (Mixed) (G1 Evacuation Pause)
[2024-05-30T13:31:41.589+0000][10641.009s][info][gc,task     ] GC(2040) Using 6 workers of 6 for evacuation
[2024-05-30T13:31:41.675+0000][10641.094s][info][gc,phases   ] GC(2040)   Pre Evacuate Collection Set: 0.2ms
[2024-05-30T13:31:41.675+0000][10641.094s][info][gc,phases   ] GC(2040)   Merge Heap Roots: 0.5ms
[2024-05-30T13:31:41.675+0000][10641.094s][info][gc,phases   ] GC(2040)   Evacuate Collection Set: 83.6ms
[2024-05-30T13:31:41.675+0000][10641.094s][info][gc,phases   ] GC(2040)   Post Evacuate Collection Set: 1.3ms
[2024-05-30T13:31:41.675+0000][10641.094s][info][gc,phases   ] GC(2040)   Other: 0.2ms
[2024-05-30T13:31:41.675+0000][10641.094s][info][gc,heap     ] GC(2040) Eden regions: 62->0(783)
[2024-05-30T13:31:41.675+0000][10641.094s][info][gc,heap     ] GC(2040) Survivor regions: 14->5(10)
[2024-05-30T13:31:41.675+0000][10641.094s][info][gc,heap     ] GC(2040) Old regions: 418->418
[2024-05-30T13:31:41.675+0000][10641.094s][info][gc,heap     ] GC(2040) Archive regions: 2->2
[2024-05-30T13:31:41.675+0000][10641.094s][info][gc,heap     ] GC(2040) Humongous regions: 5->5
[2024-05-30T13:31:41.675+0000][10641.094s][info][gc,metaspace] GC(2040) Metaspace: 432944K(439808K)->432944K(439808K) NonClass: 379032K(382976K)->379032K(382976K) Class: 53911K(56832K)->53911K(56832K)
[2024-05-30T13:31:41.675+0000][10641.094s][info][gc          ] GC(2040) Pause Young (Mixed) (G1 Evacuation Pause) 3984M->3421M(12288M) 85.772ms
[2024-05-30T13:31:41.675+0000][10641.094s][info][gc,cpu      ] GC(2040) User=0.51s Sys=0.00s Real=0.08s
[2024-05-30T13:31:50.160+0000][10649.579s][info][gc,start    ] GC(2041) Pause Young (Normal) (G1 Evacuation Pause)
[2024-05-30T13:31:50.160+0000][10649.579s][info][gc,task     ] GC(2041) Using 6 workers of 6 for evacuation
[2024-05-30T13:31:50.183+0000][10649.602s][info][gc,phases   ] GC(2041)   Pre Evacuate Collection Set: 0.2ms
[2024-05-30T13:31:50.183+0000][10649.602s][info][gc,phases   ] GC(2041)   Merge Heap Roots: 0.2ms
[2024-05-30T13:31:50.183+0000][10649.602s][info][gc,phases   ] GC(2041)   Evacuate Collection Set: 20.5ms
[2024-05-30T13:31:50.183+0000][10649.602s][info][gc,phases   ] GC(2041)   Post Evacuate Collection Set: 1.9ms
[2024-05-30T13:31:50.183+0000][10649.602s][info][gc,phases   ] GC(2041)   Other: 0.2ms
[2024-05-30T13:31:50.183+0000][10649.602s][info][gc,heap     ] GC(2041) Eden regions: 783->0(781)
[2024-05-30T13:31:50.183+0000][10649.602s][info][gc,heap     ] GC(2041) Survivor regions: 5->8(99)
[2024-05-30T13:31:50.183+0000][10649.602s][info][gc,heap     ] GC(2041) Old regions: 418->418
[2024-05-30T13:31:50.183+0000][10649.602s][info][gc,heap     ] GC(2041) Archive regions: 2->2
[2024-05-30T13:31:50.183+0000][10649.602s][info][gc,heap     ] GC(2041) Humongous regions: 5->5
[2024-05-30T13:31:50.183+0000][10649.602s][info][gc,metaspace] GC(2041) Metaspace: 432944K(439808K)->432944K(439808K) NonClass: 379032K(382976K)->379032K(382976K) Class: 53911K(56832K)->53911K(56832K)
[2024-05-30T13:31:50.183+0000][10649.602s][info][gc          ] GC(2041) Pause Young (Normal) (G1 Evacuation Pause) 9685M->3441M(12288M) 22.996ms
[2024-05-30T13:31:50.183+0000][10649.602s][info][gc,cpu      ] GC(2041) User=0.13s Sys=0.00s Real=0.02s
[2024-05-30T13:31:58.562+0000][10657.981s][info][gc,start    ] GC(2042) Pause Young (Normal) (G1 Evacuation Pause)
[2024-05-30T13:31:58.562+0000][10657.981s][info][gc,task     ] GC(2042) Using 6 workers of 6 for evacuation
[2024-05-30T13:31:58.588+0000][10658.007s][info][gc,phases   ] GC(2042)   Pre Evacuate Collection Set: 0.2ms
[2024-05-30T13:31:58.588+0000][10658.007s][info][gc,phases   ] GC(2042)   Merge Heap Roots: 0.2ms
[2024-05-30T13:31:58.588+0000][10658.007s][info][gc,phases   ] GC(2042)   Evacuate Collection Set: 23.4ms
[2024-05-30T13:31:58.588+0000][10658.007s][info][gc,phases   ] GC(2042)   Post Evacuate Collection Set: 2.0ms
[2024-05-30T13:31:58.588+0000][10658.007s][info][gc,phases   ] GC(2042)   Other: 0.2ms
[2024-05-30T13:31:58.588+0000][10658.007s][info][gc,heap     ] GC(2042) Eden regions: 781->0(778)
[2024-05-30T13:31:58.588+0000][10658.007s][info][gc,heap     ] GC(2042) Survivor regions: 8->11(99)
[2024-05-30T13:31:58.588+0000][10658.007s][info][gc,heap     ] GC(2042) Old regions: 418->418
[2024-05-30T13:31:58.588+0000][10658.007s][info][gc,heap     ] GC(2042) Archive regions: 2->2
[2024-05-30T13:31:58.588+0000][10658.007s][info][gc,heap     ] GC(2042) Humongous regions: 5->5
[2024-05-30T13:31:58.588+0000][10658.007s][info][gc,metaspace] GC(2042) Metaspace: 432944K(439808K)->432944K(439808K) NonClass: 379032K(382976K)->379032K(382976K) Class: 53911K(56832K)->53911K(56832K)
[2024-05-30T13:31:58.588+0000][10658.007s][info][gc          ] GC(2042) Pause Young (Normal) (G1 Evacuation Pause) 9689M->3468M(12288M) 26.034ms
[2024-05-30T13:31:58.588+0000][10658.007s][info][gc,cpu      ] GC(2042) User=0.15s Sys=0.01s Real=0.02s
[2024-05-30T13:32:06.507+0000][10665.926s][info][gc,start    ] GC(2043) Pause Young (Concurrent Start) (G1 Evacuation Pause)
[2024-05-30T13:32:06.507+0000][10665.926s][info][gc,task     ] GC(2043) Using 6 workers of 6 for evacuation
[2024-05-30T13:32:06.541+0000][10665.960s][info][gc,phases   ] GC(2043)   Pre Evacuate Collection Set: 0.6ms
[2024-05-30T13:32:06.541+0000][10665.960s][info][gc,phases   ] GC(2043)   Merge Heap Roots: 0.2ms
[2024-05-30T13:32:06.541+0000][10665.960s][info][gc,phases   ] GC(2043)   Evacuate Collection Set: 31.4ms
[2024-05-30T13:32:06.541+0000][10665.960s][info][gc,phases   ] GC(2043)   Post Evacuate Collection Set: 1.7ms
[2024-05-30T13:32:06.541+0000][10665.960s][info][gc,phases   ] GC(2043)   Other: 0.3ms
[2024-05-30T13:32:06.541+0000][10665.960s][info][gc,heap     ] GC(2043) Eden regions: 778->0(779)
[2024-05-30T13:32:06.541+0000][10665.960s][info][gc,heap     ] GC(2043) Survivor regions: 11->11(99)
[2024-05-30T13:32:06.541+0000][10665.960s][info][gc,heap     ] GC(2043) Old regions: 418->418
[2024-05-30T13:32:06.541+0000][10665.960s][info][gc,heap     ] GC(2043) Archive regions: 2->2
[2024-05-30T13:32:06.541+0000][10665.960s][info][gc,heap     ] GC(2043) Humongous regions: 5->5
[2024-05-30T13:32:06.541+0000][10665.960s][info][gc,metaspace] GC(2043) Metaspace: 432944K(439808K)->432944K(439808K) NonClass: 379032K(382976K)->379032K(382976K) Class: 53911K(56832K)->53911K(56832K)
[2024-05-30T13:32:06.541+0000][10665.960s][info][gc          ] GC(2043) Pause Young (Concurrent Start) (G1 Evacuation Pause) 9692M->3463M(12288M) 34.218ms
[2024-05-30T13:32:06.541+0000][10665.960s][info][gc,cpu      ] GC(2043) User=0.20s Sys=0.00s Real=0.04s
[2024-05-30T13:32:06.541+0000][10665.960s][info][gc          ] GC(2044) Concurrent Mark Cycle
[2024-05-30T13:32:06.541+0000][10665.960s][info][gc,marking  ] GC(2044) Concurrent Clear Claimed Marks
[2024-05-30T13:32:06.541+0000][10665.961s][info][gc,marking  ] GC(2044) Concurrent Clear Claimed Marks 0.371ms
[2024-05-30T13:32:06.541+0000][10665.961s][info][gc,marking  ] GC(2044) Concurrent Scan Root Regions
[2024-05-30T13:32:06.566+0000][10665.985s][info][gc,marking  ] GC(2044) Concurrent Scan Root Regions 24.550ms
[2024-05-30T13:32:06.566+0000][10665.985s][info][gc,marking  ] GC(2044) Concurrent Mark
[2024-05-30T13:32:06.566+0000][10665.985s][info][gc,marking  ] GC(2044) Concurrent Mark From Roots
[2024-05-30T13:32:06.566+0000][10665.985s][info][gc,task     ] GC(2044) Using 2 workers of 2 for marking
[2024-05-30T13:32:09.639+0000][10669.058s][info][gc,marking  ] GC(2044) Concurrent Mark From Roots 3072.776ms
[2024-05-30T13:32:09.639+0000][10669.058s][info][gc,marking  ] GC(2044) Concurrent Preclean
[2024-05-30T13:32:09.640+0000][10669.059s][info][gc,marking  ] GC(2044) Concurrent Preclean 1.464ms
[2024-05-30T13:32:09.640+0000][10669.060s][info][gc,start    ] GC(2044) Pause Remark
[2024-05-30T13:32:09.664+0000][10669.084s][info][gc          ] GC(2044) Pause Remark 5619M->5619M(12288M) 23.925ms
[2024-05-30T13:32:09.664+0000][10669.084s][info][gc,cpu      ] GC(2044) User=0.11s Sys=0.00s Real=0.02s
[2024-05-30T13:32:09.665+0000][10669.084s][info][gc,marking  ] GC(2044) Concurrent Mark 3098.657ms
[2024-05-30T13:32:09.665+0000][10669.084s][info][gc,marking  ] GC(2044) Concurrent Rebuild Remembered Sets
[2024-05-30T13:32:11.244+0000][10670.663s][info][gc,marking  ] GC(2044) Concurrent Rebuild Remembered Sets 1579.445ms
[2024-05-30T13:32:11.244+0000][10670.663s][info][gc,start    ] GC(2044) Pause Cleanup
[2024-05-30T13:32:11.245+0000][10670.664s][info][gc          ] GC(2044) Pause Cleanup 6747M->6747M(12288M) 0.733ms
[2024-05-30T13:32:11.245+0000][10670.664s][info][gc,cpu      ] GC(2044) User=0.00s Sys=0.00s Real=0.00s
[2024-05-30T13:32:11.245+0000][10670.664s][info][gc,marking  ] GC(2044) Concurrent Cleanup for Next Mark
[2024-05-30T13:32:11.262+0000][10670.681s][info][gc,marking  ] GC(2044) Concurrent Cleanup for Next Mark 16.778ms
[2024-05-30T13:32:11.262+0000][10670.681s][info][gc          ] GC(2044) Concurrent Mark Cycle 4720.978ms
[2024-05-30T13:32:15.198+0000][10674.617s][info][gc,start    ] GC(2045) Pause Young (Prepare Mixed) (G1 Evacuation Pause)
[2024-05-30T13:32:15.198+0000][10674.617s][info][gc,task     ] GC(2045) Using 6 workers of 6 for evacuation
[2024-05-30T13:32:15.230+0000][10674.650s][info][gc,phases   ] GC(2045)   Pre Evacuate Collection Set: 0.2ms
[2024-05-30T13:32:15.230+0000][10674.650s][info][gc,phases   ] GC(2045)   Merge Heap Roots: 0.3ms
[2024-05-30T13:32:15.230+0000][10674.650s][info][gc,phases   ] GC(2045)   Evacuate Collection Set: 30.1ms
[2024-05-30T13:32:15.230+0000][10674.650s][info][gc,phases   ] GC(2045)   Post Evacuate Collection Set: 1.8ms
[2024-05-30T13:32:15.230+0000][10674.650s][info][gc,phases   ] GC(2045)   Other: 0.2ms
[2024-05-30T13:32:15.230+0000][10674.650s][info][gc,heap     ] GC(2045) Eden regions: 779->0(63)
[2024-05-30T13:32:15.230+0000][10674.650s][info][gc,heap     ] GC(2045) Survivor regions: 11->13(99)
[2024-05-30T13:32:15.230+0000][10674.650s][info][gc,heap     ] GC(2045) Old regions: 418->418
[2024-05-30T13:32:15.230+0000][10674.650s][info][gc,heap     ] GC(2045) Archive regions: 2->2
[2024-05-30T13:32:15.230+0000][10674.650s][info][gc,heap     ] GC(2045) Humongous regions: 5->5
[2024-05-30T13:32:15.230+0000][10674.650s][info][gc,metaspace] GC(2045) Metaspace: 432944K(439808K)->432944K(439808K) NonClass: 379032K(382976K)->379032K(382976K) Class: 53911K(56832K)->53911K(56832K)
[2024-05-30T13:32:15.230+0000][10674.650s][info][gc          ] GC(2045) Pause Young (Prepare Mixed) (G1 Evacuation Pause) 9695M->3484M(12288M) 32.566ms
[2024-05-30T13:32:15.231+0000][10674.650s][info][gc,cpu      ] GC(2045) User=0.19s Sys=0.00s Real=0.03s
[2024-05-30T13:32:15.902+0000][10675.322s][info][gc,start    ] GC(2046) Pause Young (Mixed) (G1 Evacuation Pause)
[2024-05-30T13:32:15.903+0000][10675.322s][info][gc,task     ] GC(2046) Using 6 workers of 6 for evacuation
[2024-05-30T13:32:15.984+0000][10675.403s][info][gc,phases   ] GC(2046)   Pre Evacuate Collection Set: 0.2ms
[2024-05-30T13:32:15.984+0000][10675.403s][info][gc,phases   ] GC(2046)   Merge Heap Roots: 0.4ms
[2024-05-30T13:32:15.984+0000][10675.403s][info][gc,phases   ] GC(2046)   Evacuate Collection Set: 79.3ms
[2024-05-30T13:32:15.984+0000][10675.403s][info][gc,phases   ] GC(2046)   Post Evacuate Collection Set: 1.3ms
[2024-05-30T13:32:15.984+0000][10675.403s][info][gc,phases   ] GC(2046)   Other: 0.2ms
[2024-05-30T13:32:15.984+0000][10675.403s][info][gc,heap     ] GC(2046) Eden regions: 63->0(785)
[2024-05-30T13:32:15.984+0000][10675.403s][info][gc,heap     ] GC(2046) Survivor regions: 13->5(10)
[2024-05-30T13:32:15.984+0000][10675.403s][info][gc,heap     ] GC(2046) Old regions: 418->418
[2024-05-30T13:32:15.984+0000][10675.403s][info][gc,heap     ] GC(2046) Archive regions: 2->2
[2024-05-30T13:32:15.984+0000][10675.403s][info][gc,heap     ] GC(2046) Humongous regions: 5->5
[2024-05-30T13:32:15.984+0000][10675.403s][info][gc,metaspace] GC(2046) Metaspace: 432944K(439808K)->432944K(439808K) NonClass: 379032K(382976K)->379032K(382976K) Class: 53911K(56832K)->53911K(56832K)
[2024-05-30T13:32:15.984+0000][10675.403s][info][gc          ] GC(2046) Pause Young (Mixed) (G1 Evacuation Pause) 3988M->3422M(12288M) 81.370ms
[2024-05-30T13:32:15.984+0000][10675.403s][info][gc,cpu      ] GC(2046) User=0.48s Sys=0.00s Real=0.08s
[2024-05-30T13:32:22.966+0000][10682.386s][info][gc,start    ] GC(2047) Pause Young (Normal) (G1 Evacuation Pause)
[2024-05-30T13:32:22.966+0000][10682.386s][info][gc,task     ] GC(2047) Using 6 workers of 6 for evacuation
[2024-05-30T13:32:23.002+0000][10682.422s][info][gc,phases   ] GC(2047)   Pre Evacuate Collection Set: 0.2ms
[2024-05-30T13:32:23.002+0000][10682.422s][info][gc,phases   ] GC(2047)   Merge Heap Roots: 0.3ms
[2024-05-30T13:32:23.003+0000][10682.422s][info][gc,phases   ] GC(2047)   Evacuate Collection Set: 30.2ms
[2024-05-30T13:32:23.003+0000][10682.422s][info][gc,phases   ] GC(2047)   Post Evacuate Collection Set: 5.2ms
[2024-05-30T13:32:23.003+0000][10682.422s][info][gc,phases   ] GC(2047)   Other: 0.2ms
[2024-05-30T13:32:23.003+0000][10682.422s][info][gc,heap     ] GC(2047) Eden regions: 785->0(778)
[2024-05-30T13:32:23.003+0000][10682.422s][info][gc,heap     ] GC(2047) Survivor regions: 5->10(99)
[2024-05-30T13:32:23.003+0000][10682.422s][info][gc,heap     ] GC(2047) Old regions: 418->418
[2024-05-30T13:32:23.003+0000][10682.422s][info][gc,heap     ] GC(2047) Archive regions: 2->2
[2024-05-30T13:32:23.003+0000][10682.422s][info][gc,heap     ] GC(2047) Humongous regions: 5->5
[2024-05-30T13:32:23.003+0000][10682.422s][info][gc,metaspace] GC(2047) Metaspace: 432947K(439808K)->432947K(439808K) NonClass: 379036K(382976K)->379036K(382976K) Class: 53911K(56832K)->53911K(56832K)
[2024-05-30T13:32:23.003+0000][10682.422s][info][gc          ] GC(2047) Pause Young (Normal) (G1 Evacuation Pause) 9702M->3457M(12288M) 36.135ms
[2024-05-30T13:32:23.003+0000][10682.422s][info][gc,cpu      ] GC(2047) User=0.21s Sys=0.00s Real=0.04s
[2024-05-30T13:32:25.407+0000][10684.826s][info][gc,start    ] GC(2048) Pause Young (Normal) (G1 Evacuation Pause)
[2024-05-30T13:32:25.407+0000][10684.826s][info][gc,task     ] GC(2048) Using 6 workers of 6 for evacuation
[2024-05-30T13:32:25.486+0000][10684.905s][info][gc,phases   ] GC(2048)   Pre Evacuate Collection Set: 0.2ms
[2024-05-30T13:32:25.486+0000][10684.905s][info][gc,phases   ] GC(2048)   Merge Heap Roots: 0.2ms
[2024-05-30T13:32:25.486+0000][10684.905s][info][gc,phases   ] GC(2048)   Evacuate Collection Set: 62.5ms
[2024-05-30T13:32:25.486+0000][10684.905s][info][gc,phases   ] GC(2048)   Post Evacuate Collection Set: 16.4ms
[2024-05-30T13:32:25.486+0000][10684.905s][info][gc,phases   ] GC(2048)   Other: 0.2ms
[2024-05-30T13:32:25.486+0000][10684.905s][info][gc,heap     ] GC(2048) Eden regions: 778->0(772)
[2024-05-30T13:32:25.486+0000][10684.905s][info][gc,heap     ] GC(2048) Survivor regions: 10->15(99)
[2024-05-30T13:32:25.486+0000][10684.905s][info][gc,heap     ] GC(2048) Old regions: 418->418
[2024-05-30T13:32:25.486+0000][10684.905s][info][gc,heap     ] GC(2048) Archive regions: 2->2
[2024-05-30T13:32:25.486+0000][10684.905s][info][gc,heap     ] GC(2048) Humongous regions: 5->5
[2024-05-30T13:32:25.486+0000][10684.905s][info][gc,metaspace] GC(2048) Metaspace: 432947K(439808K)->432947K(439808K) NonClass: 379036K(382976K)->379036K(382976K) Class: 53911K(56832K)->53911K(56832K)
[2024-05-30T13:32:25.486+0000][10684.906s][info][gc          ] GC(2048) Pause Young (Normal) (G1 Evacuation Pause) 9681M->3500M(12288M) 79.587ms
[2024-05-30T13:32:25.486+0000][10684.906s][info][gc,cpu      ] GC(2048) User=0.47s Sys=0.00s Real=0.08s
[2024-05-30T13:32:27.829+0000][10687.248s][info][gc,start    ] GC(2049) Pause Young (Concurrent Start) (G1 Evacuation Pause)
[2024-05-30T13:32:27.829+0000][10687.249s][info][gc,task     ] GC(2049) Using 6 workers of 6 for evacuation
[2024-05-30T13:32:27.901+0000][10687.320s][info][gc,phases   ] GC(2049)   Pre Evacuate Collection Set: 0.5ms
[2024-05-30T13:32:27.901+0000][10687.320s][info][gc,phases   ] GC(2049)   Merge Heap Roots: 0.2ms
[2024-05-30T13:32:27.901+0000][10687.320s][info][gc,phases   ] GC(2049)   Evacuate Collection Set: 58.0ms
[2024-05-30T13:32:27.901+0000][10687.320s][info][gc,phases   ] GC(2049)   Post Evacuate Collection Set: 12.7ms
[2024-05-30T13:32:27.901+0000][10687.320s][info][gc,phases   ] GC(2049)   Other: 0.3ms
[2024-05-30T13:32:27.901+0000][10687.320s][info][gc,heap     ] GC(2049) Eden regions: 772->0(771)
[2024-05-30T13:32:27.901+0000][10687.320s][info][gc,heap     ] GC(2049) Survivor regions: 15->16(99)
[2024-05-30T13:32:27.901+0000][10687.320s][info][gc,heap     ] GC(2049) Old regions: 418->418
[2024-05-30T13:32:27.901+0000][10687.320s][info][gc,heap     ] GC(2049) Archive regions: 2->2
[2024-05-30T13:32:27.901+0000][10687.320s][info][gc,heap     ] GC(2049) Humongous regions: 5->5
[2024-05-30T13:32:27.901+0000][10687.320s][info][gc,metaspace] GC(2049) Metaspace: 432947K(439808K)->432947K(439808K) NonClass: 379036K(382976K)->379036K(382976K) Class: 53911K(56832K)->53911K(56832K)
[2024-05-30T13:32:27.901+0000][10687.320s][info][gc          ] GC(2049) Pause Young (Concurrent Start) (G1 Evacuation Pause) 9676M->3508M(12288M) 71.779ms
[2024-05-30T13:32:27.901+0000][10687.320s][info][gc,cpu      ] GC(2049) User=0.42s Sys=0.00s Real=0.07s
[2024-05-30T13:32:27.901+0000][10687.320s][info][gc          ] GC(2050) Concurrent Mark Cycle
[2024-05-30T13:32:27.901+0000][10687.320s][info][gc,marking  ] GC(2050) Concurrent Clear Claimed Marks
[2024-05-30T13:32:27.902+0000][10687.321s][info][gc,marking  ] GC(2050) Concurrent Clear Claimed Marks 0.397ms
[2024-05-30T13:32:27.902+0000][10687.321s][info][gc,marking  ] GC(2050) Concurrent Scan Root Regions
[2024-05-30T13:32:27.953+0000][10687.372s][info][gc,marking  ] GC(2050) Concurrent Scan Root Regions 51.262ms
[2024-05-30T13:32:27.953+0000][10687.372s][info][gc,marking  ] GC(2050) Concurrent Mark
[2024-05-30T13:32:27.953+0000][10687.372s][info][gc,marking  ] GC(2050) Concurrent Mark From Roots
[2024-05-30T13:32:27.953+0000][10687.372s][info][gc,task     ] GC(2050) Using 2 workers of 2 for marking
[2024-05-30T13:32:30.706+0000][10690.125s][info][gc,start    ] GC(2051) Pause Young (Normal) (G1 Evacuation Pause)
[2024-05-30T13:32:30.706+0000][10690.125s][info][gc,task     ] GC(2051) Using 6 workers of 6 for evacuation
[2024-05-30T13:32:30.779+0000][10690.198s][info][gc,phases   ] GC(2051)   Pre Evacuate Collection Set: 0.2ms
[2024-05-30T13:32:30.779+0000][10690.198s][info][gc,phases   ] GC(2051)   Merge Heap Roots: 0.3ms
[2024-05-30T13:32:30.779+0000][10690.198s][info][gc,phases   ] GC(2051)   Evacuate Collection Set: 63.1ms
[2024-05-30T13:32:30.779+0000][10690.198s][info][gc,phases   ] GC(2051)   Post Evacuate Collection Set: 9.4ms
[2024-05-30T13:32:30.779+0000][10690.198s][info][gc,phases   ] GC(2051)   Other: 0.2ms
[2024-05-30T13:32:30.779+0000][10690.198s][info][gc,heap     ] GC(2051) Eden regions: 771->0(765)
[2024-05-30T13:32:30.779+0000][10690.198s][info][gc,heap     ] GC(2051) Survivor regions: 16->19(99)
[2024-05-30T13:32:30.779+0000][10690.198s][info][gc,heap     ] GC(2051) Old regions: 418->418
[2024-05-30T13:32:30.779+0000][10690.198s][info][gc,heap     ] GC(2051) Archive regions: 2->2
[2024-05-30T13:32:30.779+0000][10690.198s][info][gc,heap     ] GC(2051) Humongous regions: 5->5
[2024-05-30T13:32:30.779+0000][10690.198s][info][gc,metaspace] GC(2051) Metaspace: 432947K(439808K)->432947K(439808K) NonClass: 379036K(382976K)->379036K(382976K) Class: 53911K(56832K)->53911K(56832K)
[2024-05-30T13:32:30.779+0000][10690.198s][info][gc          ] GC(2051) Pause Young (Normal) (G1 Evacuation Pause) 9676M->3534M(12288M) 73.146ms
[2024-05-30T13:32:30.779+0000][10690.198s][info][gc,cpu      ] GC(2051) User=0.42s Sys=0.00s Real=0.08s
[2024-05-30T13:32:31.118+0000][10690.537s][info][gc,marking  ] GC(2050) Concurrent Mark From Roots 3165.212ms
[2024-05-30T13:32:31.118+0000][10690.537s][info][gc,marking  ] GC(2050) Concurrent Preclean
[2024-05-30T13:32:31.119+0000][10690.539s][info][gc,marking  ] GC(2050) Concurrent Preclean 1.195ms
[2024-05-30T13:32:31.119+0000][10690.539s][info][gc,start    ] GC(2050) Pause Remark
[2024-05-30T13:32:31.144+0000][10690.563s][info][gc          ] GC(2050) Pause Remark 4166M->4166M(12288M) 24.243ms
[2024-05-30T13:32:31.144+0000][10690.563s][info][gc,cpu      ] GC(2050) User=0.10s Sys=0.01s Real=0.02s
[2024-05-30T13:32:31.144+0000][10690.563s][info][gc,marking  ] GC(2050) Concurrent Mark 3191.125ms
[2024-05-30T13:32:31.144+0000][10690.563s][info][gc,marking  ] GC(2050) Concurrent Rebuild Remembered Sets
[2024-05-30T13:32:32.696+0000][10692.115s][info][gc,marking  ] GC(2050) Concurrent Rebuild Remembered Sets 1551.833ms
[2024-05-30T13:32:32.696+0000][10692.115s][info][gc,start    ] GC(2050) Pause Cleanup
[2024-05-30T13:32:32.697+0000][10692.116s][info][gc          ] GC(2050) Pause Cleanup 7974M->7974M(12288M) 0.683ms
[2024-05-30T13:32:32.697+0000][10692.116s][info][gc,cpu      ] GC(2050) User=0.00s Sys=0.00s Real=0.01s
[2024-05-30T13:32:32.697+0000][10692.116s][info][gc,marking  ] GC(2050) Concurrent Cleanup for Next Mark
[2024-05-30T13:32:32.714+0000][10692.133s][info][gc,marking  ] GC(2050) Concurrent Cleanup for Next Mark 16.848ms
[2024-05-30T13:32:32.714+0000][10692.133s][info][gc          ] GC(2050) Concurrent Mark Cycle 4812.682ms
[2024-05-30T13:32:33.293+0000][10692.713s][info][gc,start    ] GC(2052) Pause Young (Prepare Mixed) (G1 Evacuation Pause)
[2024-05-30T13:32:33.293+0000][10692.713s][info][gc,task     ] GC(2052) Using 6 workers of 6 for evacuation
[2024-05-30T13:32:33.382+0000][10692.801s][info][gc,phases   ] GC(2052)   Pre Evacuate Collection Set: 0.2ms
[2024-05-30T13:32:33.382+0000][10692.801s][info][gc,phases   ] GC(2052)   Merge Heap Roots: 0.6ms
[2024-05-30T13:32:33.382+0000][10692.801s][info][gc,phases   ] GC(2052)   Evacuate Collection Set: 77.7ms
[2024-05-30T13:32:33.382+0000][10692.801s][info][gc,phases   ] GC(2052)   Post Evacuate Collection Set: 10.2ms
[2024-05-30T13:32:33.382+0000][10692.801s][info][gc,phases   ] GC(2052)   Other: 0.2ms
[2024-05-30T13:32:33.382+0000][10692.801s][info][gc,heap     ] GC(2052) Eden regions: 765->0(55)
[2024-05-30T13:32:33.382+0000][10692.801s][info][gc,heap     ] GC(2052) Survivor regions: 19->21(98)
[2024-05-30T13:32:33.382+0000][10692.801s][info][gc,heap     ] GC(2052) Old regions: 418->418
[2024-05-30T13:32:33.382+0000][10692.801s][info][gc,heap     ] GC(2052) Archive regions: 2->2
[2024-05-30T13:32:33.382+0000][10692.801s][info][gc,heap     ] GC(2052) Humongous regions: 5->5
[2024-05-30T13:32:33.382+0000][10692.801s][info][gc,metaspace] GC(2052) Metaspace: 432947K(439808K)->432947K(439808K) NonClass: 379036K(382976K)->379036K(382976K) Class: 53911K(56832K)->53911K(56832K)
[2024-05-30T13:32:33.382+0000][10692.801s][info][gc          ] GC(2052) Pause Young (Prepare Mixed) (G1 Evacuation Pause) 9654M->3546M(12288M) 88.826ms
[2024-05-30T13:32:33.382+0000][10692.801s][info][gc,cpu      ] GC(2052) User=0.52s Sys=0.01s Real=0.09s
[2024-05-30T13:32:33.564+0000][10692.983s][info][gc,start    ] GC(2053) Pause Young (Mixed) (G1 Evacuation Pause)
[2024-05-30T13:32:33.564+0000][10692.983s][info][gc,task     ] GC(2053) Using 6 workers of 6 for evacuation
[2024-05-30T13:32:33.676+0000][10693.095s][info][gc,phases   ] GC(2053)   Pre Evacuate Collection Set: 0.2ms
[2024-05-30T13:32:33.676+0000][10693.095s][info][gc,phases   ] GC(2053)   Merge Heap Roots: 0.5ms
[2024-05-30T13:32:33.676+0000][10693.095s][info][gc,phases   ] GC(2053)   Evacuate Collection Set: 108.1ms
[2024-05-30T13:32:33.676+0000][10693.095s][info][gc,phases   ] GC(2053)   Post Evacuate Collection Set: 2.9ms
[2024-05-30T13:32:33.676+0000][10693.095s][info][gc,phases   ] GC(2053)   Other: 0.2ms
[2024-05-30T13:32:33.676+0000][10693.095s][info][gc,heap     ] GC(2053) Eden regions: 55->0(774)
[2024-05-30T13:32:33.676+0000][10693.095s][info][gc,heap     ] GC(2053) Survivor regions: 21->5(10)
[2024-05-30T13:32:33.676+0000][10693.095s][info][gc,heap     ] GC(2053) Old regions: 418->427
[2024-05-30T13:32:33.676+0000][10693.095s][info][gc,heap     ] GC(2053) Archive regions: 2->2
[2024-05-30T13:32:33.676+0000][10693.095s][info][gc,heap     ] GC(2053) Humongous regions: 5->5
[2024-05-30T13:32:33.676+0000][10693.095s][info][gc,metaspace] GC(2053) Metaspace: 432947K(439808K)->432947K(439808K) NonClass: 379036K(382976K)->379036K(382976K) Class: 53911K(56832K)->53911K(56832K)
[2024-05-30T13:32:33.676+0000][10693.095s][info][gc          ] GC(2053) Pause Young (Mixed) (G1 Evacuation Pause) 3986M->3494M(12288M) 111.952ms
[2024-05-30T13:32:33.676+0000][10693.095s][info][gc,cpu      ] GC(2053) User=0.67s Sys=0.00s Real=0.11s
[2024-05-30T13:32:36.095+0000][10695.515s][info][gc,start    ] GC(2054) Pause Young (Normal) (G1 Evacuation Pause)
[2024-05-30T13:32:36.095+0000][10695.515s][info][gc,task     ] GC(2054) Using 6 workers of 6 for evacuation
[2024-05-30T13:32:36.171+0000][10695.591s][info][gc,phases   ] GC(2054)   Pre Evacuate Collection Set: 0.2ms
[2024-05-30T13:32:36.171+0000][10695.591s][info][gc,phases   ] GC(2054)   Merge Heap Roots: 0.3ms
[2024-05-30T13:32:36.171+0000][10695.591s][info][gc,phases   ] GC(2054)   Evacuate Collection Set: 57.5ms
[2024-05-30T13:32:36.171+0000][10695.591s][info][gc,phases   ] GC(2054)   Post Evacuate Collection Set: 17.9ms
[2024-05-30T13:32:36.171+0000][10695.591s][info][gc,phases   ] GC(2054)   Other: 0.2ms
[2024-05-30T13:32:36.171+0000][10695.591s][info][gc,heap     ] GC(2054) Eden regions: 774->0(771)
[2024-05-30T13:32:36.171+0000][10695.591s][info][gc,heap     ] GC(2054) Survivor regions: 5->8(98)
[2024-05-30T13:32:36.171+0000][10695.591s][info][gc,heap     ] GC(2054) Old regions: 427->427
[2024-05-30T13:32:36.171+0000][10695.591s][info][gc,heap     ] GC(2054) Archive regions: 2->2
[2024-05-30T13:32:36.171+0000][10695.591s][info][gc,heap     ] GC(2054) Humongous regions: 5->5
[2024-05-30T13:32:36.171+0000][10695.591s][info][gc,metaspace] GC(2054) Metaspace: 432947K(439808K)->432947K(439808K) NonClass: 379036K(382976K)->379036K(382976K) Class: 53911K(56832K)->53911K(56832K)
[2024-05-30T13:32:36.171+0000][10695.591s][info][gc          ] GC(2054) Pause Young (Normal) (G1 Evacuation Pause) 9686M->3514M(12288M) 76.105ms
[2024-05-30T13:32:36.171+0000][10695.591s][info][gc,cpu      ] GC(2054) User=0.44s Sys=0.00s Real=0.08s
[2024-05-30T13:32:38.527+0000][10697.946s][info][gc,start    ] GC(2055) Pause Young (Normal) (G1 Evacuation Pause)
[2024-05-30T13:32:38.527+0000][10697.946s][info][gc,task     ] GC(2055) Using 6 workers of 6 for evacuation
[2024-05-30T13:32:38.618+0000][10698.037s][info][gc,phases   ] GC(2055)   Pre Evacuate Collection Set: 0.2ms
[2024-05-30T13:32:38.618+0000][10698.037s][info][gc,phases   ] GC(2055)   Merge Heap Roots: 0.4ms
[2024-05-30T13:32:38.618+0000][10698.037s][info][gc,phases   ] GC(2055)   Evacuate Collection Set: 70.9ms
[2024-05-30T13:32:38.618+0000][10698.037s][info][gc,phases   ] GC(2055)   Post Evacuate Collection Set: 19.1ms
[2024-05-30T13:32:38.618+0000][10698.037s][info][gc,phases   ] GC(2055)   Other: 0.2ms
[2024-05-30T13:32:38.618+0000][10698.037s][info][gc,heap     ] GC(2055) Eden regions: 771->0(768)
[2024-05-30T13:32:38.618+0000][10698.037s][info][gc,heap     ] GC(2055) Survivor regions: 8->11(98)
[2024-05-30T13:32:38.618+0000][10698.037s][info][gc,heap     ] GC(2055) Old regions: 427->427
[2024-05-30T13:32:38.618+0000][10698.037s][info][gc,heap     ] GC(2055) Archive regions: 2->2
[2024-05-30T13:32:38.618+0000][10698.037s][info][gc,heap     ] GC(2055) Humongous regions: 5->5
[2024-05-30T13:32:38.618+0000][10698.037s][info][gc,metaspace] GC(2055) Metaspace: 432947K(439808K)->432947K(439808K) NonClass: 379036K(382976K)->379036K(382976K) Class: 53911K(56832K)->53911K(56832K)
[2024-05-30T13:32:38.618+0000][10698.037s][info][gc          ] GC(2055) Pause Young (Normal) (G1 Evacuation Pause) 9682M->3542M(12288M) 90.794ms
[2024-05-30T13:32:38.618+0000][10698.037s][info][gc,cpu      ] GC(2055) User=0.54s Sys=0.00s Real=0.10s
[2024-05-30T13:32:40.846+0000][10700.265s][info][gc,start    ] GC(2056) Pause Young (Concurrent Start) (G1 Evacuation Pause)
[2024-05-30T13:32:40.846+0000][10700.265s][info][gc,task     ] GC(2056) Using 6 workers of 6 for evacuation
[2024-05-30T13:32:40.946+0000][10700.365s][info][gc,phases   ] GC(2056)   Pre Evacuate Collection Set: 0.6ms
[2024-05-30T13:32:40.946+0000][10700.365s][info][gc,phases   ] GC(2056)   Merge Heap Roots: 0.4ms
[2024-05-30T13:32:40.946+0000][10700.365s][info][gc,phases   ] GC(2056)   Evacuate Collection Set: 79.4ms
[2024-05-30T13:32:40.946+0000][10700.365s][info][gc,phases   ] GC(2056)   Post Evacuate Collection Set: 19.0ms
[2024-05-30T13:32:40.946+0000][10700.365s][info][gc,phases   ] GC(2056)   Other: 0.3ms
[2024-05-30T13:32:40.946+0000][10700.365s][info][gc,heap     ] GC(2056) Eden regions: 768->0(764)
[2024-05-30T13:32:40.946+0000][10700.365s][info][gc,heap     ] GC(2056) Survivor regions: 11->15(98)
[2024-05-30T13:32:40.946+0000][10700.365s][info][gc,heap     ] GC(2056) Old regions: 427->427
[2024-05-30T13:32:40.946+0000][10700.365s][info][gc,heap     ] GC(2056) Archive regions: 2->2
[2024-05-30T13:32:40.946+0000][10700.365s][info][gc,heap     ] GC(2056) Humongous regions: 5->5
[2024-05-30T13:32:40.946+0000][10700.365s][info][gc,metaspace] GC(2056) Metaspace: 432947K(439808K)->432947K(439808K) NonClass: 379036K(382976K)->379036K(382976K) Class: 53911K(56832K)->53911K(56832K)
[2024-05-30T13:32:40.946+0000][10700.365s][info][gc          ] GC(2056) Pause Young (Concurrent Start) (G1 Evacuation Pause) 9686M->3569M(12288M) 99.655ms
[2024-05-30T13:32:40.946+0000][10700.365s][info][gc,cpu      ] GC(2056) User=0.58s Sys=0.00s Real=0.10s
[2024-05-30T13:32:40.946+0000][10700.365s][info][gc          ] GC(2057) Concurrent Mark Cycle
[2024-05-30T13:32:40.946+0000][10700.365s][info][gc,marking  ] GC(2057) Concurrent Clear Claimed Marks
[2024-05-30T13:32:40.946+0000][10700.366s][info][gc,marking  ] GC(2057) Concurrent Clear Claimed Marks 0.425ms
[2024-05-30T13:32:40.946+0000][10700.366s][info][gc,marking  ] GC(2057) Concurrent Scan Root Regions
[2024-05-30T13:32:40.990+0000][10700.409s][info][gc,marking  ] GC(2057) Concurrent Scan Root Regions 43.577ms
[2024-05-30T13:32:40.990+0000][10700.409s][info][gc,marking  ] GC(2057) Concurrent Mark
[2024-05-30T13:32:40.990+0000][10700.409s][info][gc,marking  ] GC(2057) Concurrent Mark From Roots
[2024-05-30T13:32:40.990+0000][10700.409s][info][gc,task     ] GC(2057) Using 2 workers of 2 for marking
[2024-05-30T13:32:43.807+0000][10703.226s][info][gc,start    ] GC(2058) Pause Young (Normal) (G1 Evacuation Pause)
[2024-05-30T13:32:43.807+0000][10703.226s][info][gc,task     ] GC(2058) Using 6 workers of 6 for evacuation
[2024-05-30T13:32:43.914+0000][10703.334s][info][gc,phases   ] GC(2058)   Pre Evacuate Collection Set: 0.2ms
[2024-05-30T13:32:43.915+0000][10703.334s][info][gc,phases   ] GC(2058)   Merge Heap Roots: 0.4ms
[2024-05-30T13:32:43.915+0000][10703.334s][info][gc,phases   ] GC(2058)   Evacuate Collection Set: 88.9ms
[2024-05-30T13:32:43.915+0000][10703.334s][info][gc,phases   ] GC(2058)   Post Evacuate Collection Set: 18.2ms
[2024-05-30T13:32:43.915+0000][10703.334s][info][gc,phases   ] GC(2058)   Other: 0.2ms
[2024-05-30T13:32:43.915+0000][10703.334s][info][gc,heap     ] GC(2058) Eden regions: 764->0(758)
[2024-05-30T13:32:43.915+0000][10703.334s][info][gc,heap     ] GC(2058) Survivor regions: 15->18(98)
[2024-05-30T13:32:43.915+0000][10703.334s][info][gc,heap     ] GC(2058) Old regions: 427->427
[2024-05-30T13:32:43.915+0000][10703.334s][info][gc,heap     ] GC(2058) Archive regions: 2->2
[2024-05-30T13:32:43.915+0000][10703.334s][info][gc,heap     ] GC(2058) Humongous regions: 5->5
[2024-05-30T13:32:43.915+0000][10703.334s][info][gc,metaspace] GC(2058) Metaspace: 432947K(439808K)->432947K(439808K) NonClass: 379036K(382976K)->379036K(382976K) Class: 53911K(56832K)->53911K(56832K)
[2024-05-30T13:32:43.915+0000][10703.334s][info][gc          ] GC(2058) Pause Young (Normal) (G1 Evacuation Pause) 9681M->3594M(12288M) 107.958ms
[2024-05-30T13:32:43.915+0000][10703.334s][info][gc,cpu      ] GC(2058) User=0.63s Sys=0.00s Real=0.11s
[2024-05-30T13:32:44.023+0000][10703.442s][info][gc,marking  ] GC(2057) Concurrent Mark From Roots 3032.915ms
[2024-05-30T13:32:44.023+0000][10703.442s][info][gc,marking  ] GC(2057) Concurrent Preclean
[2024-05-30T13:32:44.024+0000][10703.443s][info][gc,marking  ] GC(2057) Concurrent Preclean 1.339ms
[2024-05-30T13:32:44.024+0000][10703.444s][info][gc,start    ] GC(2057) Pause Remark
[2024-05-30T13:32:44.048+0000][10703.467s][info][gc          ] GC(2057) Pause Remark 3718M->3718M(12288M) 23.792ms
[2024-05-30T13:32:44.048+0000][10703.468s][info][gc,cpu      ] GC(2057) User=0.10s Sys=0.00s Real=0.03s
[2024-05-30T13:32:44.048+0000][10703.468s][info][gc,marking  ] GC(2057) Concurrent Mark 3058.538ms
[2024-05-30T13:32:44.049+0000][10703.468s][info][gc,marking  ] GC(2057) Concurrent Rebuild Remembered Sets
[2024-05-30T13:32:45.560+0000][10704.979s][info][gc,marking  ] GC(2057) Concurrent Rebuild Remembered Sets 1511.143ms
[2024-05-30T13:32:45.560+0000][10704.979s][info][gc,start    ] GC(2057) Pause Cleanup
[2024-05-30T13:32:45.560+0000][10704.980s][info][gc          ] GC(2057) Pause Cleanup 7642M->7642M(12288M) 0.680ms
[2024-05-30T13:32:45.561+0000][10704.980s][info][gc,cpu      ] GC(2057) User=0.00s Sys=0.00s Real=0.00s
[2024-05-30T13:32:45.561+0000][10704.980s][info][gc,marking  ] GC(2057) Concurrent Cleanup for Next Mark
[2024-05-30T13:32:45.578+0000][10704.997s][info][gc,marking  ] GC(2057) Concurrent Cleanup for Next Mark 17.322ms
[2024-05-30T13:32:45.578+0000][10704.997s][info][gc          ] GC(2057) Concurrent Mark Cycle 4632.150ms
[2024-05-30T13:32:46.262+0000][10705.681s][info][gc,start    ] GC(2059) Pause Young (Prepare Mixed) (G1 Evacuation Pause)
[2024-05-30T13:32:46.262+0000][10705.681s][info][gc,task     ] GC(2059) Using 6 workers of 6 for evacuation
[2024-05-30T13:32:46.379+0000][10705.799s][info][gc,phases   ] GC(2059)   Pre Evacuate Collection Set: 0.2ms
[2024-05-30T13:32:46.379+0000][10705.799s][info][gc,phases   ] GC(2059)   Merge Heap Roots: 0.9ms
[2024-05-30T13:32:46.379+0000][10705.799s][info][gc,phases   ] GC(2059)   Evacuate Collection Set: 98.9ms
[2024-05-30T13:32:46.379+0000][10705.799s][info][gc,phases   ] GC(2059)   Post Evacuate Collection Set: 17.7ms
[2024-05-30T13:32:46.379+0000][10705.799s][info][gc,phases   ] GC(2059)   Other: 0.2ms
[2024-05-30T13:32:46.379+0000][10705.799s][info][gc,heap     ] GC(2059) Eden regions: 758->0(55)
[2024-05-30T13:32:46.379+0000][10705.799s][info][gc,heap     ] GC(2059) Survivor regions: 18->21(97)
[2024-05-30T13:32:46.379+0000][10705.799s][info][gc,heap     ] GC(2059) Old regions: 427->427
[2024-05-30T13:32:46.379+0000][10705.799s][info][gc,heap     ] GC(2059) Archive regions: 2->2
[2024-05-30T13:32:46.379+0000][10705.799s][info][gc,heap     ] GC(2059) Humongous regions: 5->5
[2024-05-30T13:32:46.379+0000][10705.799s][info][gc,metaspace] GC(2059) Metaspace: 432947K(439808K)->432947K(439808K) NonClass: 379036K(382976K)->379036K(382976K) Class: 53911K(56832K)->53911K(56832K)
[2024-05-30T13:32:46.380+0000][10705.799s][info][gc          ] GC(2059) Pause Young (Prepare Mixed) (G1 Evacuation Pause) 9658M->3622M(12288M) 117.911ms
[2024-05-30T13:32:46.380+0000][10705.799s][info][gc,cpu      ] GC(2059) User=0.69s Sys=0.00s Real=0.12s
[2024-05-30T13:32:46.574+0000][10705.993s][info][gc,start    ] GC(2060) Pause Young (Mixed) (G1 Evacuation Pause)
[2024-05-30T13:32:46.574+0000][10705.994s][info][gc,task     ] GC(2060) Using 6 workers of 6 for evacuation
[2024-05-30T13:32:46.675+0000][10706.095s][info][gc,phases   ] GC(2060)   Pre Evacuate Collection Set: 0.2ms
[2024-05-30T13:32:46.675+0000][10706.095s][info][gc,phases   ] GC(2060)   Merge Heap Roots: 0.4ms
[2024-05-30T13:32:46.675+0000][10706.095s][info][gc,phases   ] GC(2060)   Evacuate Collection Set: 97.9ms
[2024-05-30T13:32:46.675+0000][10706.095s][info][gc,phases   ] GC(2060)   Post Evacuate Collection Set: 2.5ms
[2024-05-30T13:32:46.675+0000][10706.095s][info][gc,phases   ] GC(2060)   Other: 0.2ms
[2024-05-30T13:32:46.675+0000][10706.095s][info][gc,heap     ] GC(2060) Eden regions: 55->0(775)
[2024-05-30T13:32:46.675+0000][10706.095s][info][gc,heap     ] GC(2060) Survivor regions: 21->6(10)
[2024-05-30T13:32:46.675+0000][10706.095s][info][gc,heap     ] GC(2060) Old regions: 427->426
[2024-05-30T13:32:46.675+0000][10706.095s][info][gc,heap     ] GC(2060) Archive regions: 2->2
[2024-05-30T13:32:46.675+0000][10706.095s][info][gc,heap     ] GC(2060) Humongous regions: 5->5
[2024-05-30T13:32:46.675+0000][10706.095s][info][gc,metaspace] GC(2060) Metaspace: 432947K(439808K)->432947K(439808K) NonClass: 379036K(382976K)->379036K(382976K) Class: 53911K(56832K)->53911K(56832K)
[2024-05-30T13:32:46.675+0000][10706.095s][info][gc          ] GC(2060) Pause Young (Mixed) (G1 Evacuation Pause) 4062M->3490M(12288M) 101.201ms
[2024-05-30T13:32:46.675+0000][10706.095s][info][gc,cpu      ] GC(2060) User=0.60s Sys=0.00s Real=0.10s
[2024-05-30T13:32:53.999+0000][10713.418s][info][gc,start    ] GC(2061) Pause Young (Normal) (G1 Evacuation Pause)
[2024-05-30T13:32:53.999+0000][10713.418s][info][gc,task     ] GC(2061) Using 6 workers of 6 for evacuation
[2024-05-30T13:32:54.031+0000][10713.450s][info][gc,phases   ] GC(2061)   Pre Evacuate Collection Set: 0.2ms
[2024-05-30T13:32:54.031+0000][10713.450s][info][gc,phases   ] GC(2061)   Merge Heap Roots: 0.2ms
[2024-05-30T13:32:54.031+0000][10713.450s][info][gc,phases   ] GC(2061)   Evacuate Collection Set: 27.0ms
[2024-05-30T13:32:54.031+0000][10713.450s][info][gc,phases   ] GC(2061)   Post Evacuate Collection Set: 4.3ms
[2024-05-30T13:32:54.031+0000][10713.450s][info][gc,phases   ] GC(2061)   Other: 0.2ms
[2024-05-30T13:32:54.031+0000][10713.450s][info][gc,heap     ] GC(2061) Eden regions: 775->0(771)
[2024-05-30T13:32:54.031+0000][10713.450s][info][gc,heap     ] GC(2061) Survivor regions: 6->9(98)
[2024-05-30T13:32:54.031+0000][10713.450s][info][gc,heap     ] GC(2061) Old regions: 426->426
[2024-05-30T13:32:54.031+0000][10713.450s][info][gc,heap     ] GC(2061) Archive regions: 2->2
[2024-05-30T13:32:54.031+0000][10713.450s][info][gc,heap     ] GC(2061) Humongous regions: 5->5
[2024-05-30T13:32:54.031+0000][10713.450s][info][gc,metaspace] GC(2061) Metaspace: 432956K(439808K)->432956K(439808K) NonClass: 379044K(382976K)->379044K(382976K) Class: 53911K(56832K)->53911K(56832K)
[2024-05-30T13:32:54.031+0000][10713.450s][info][gc          ] GC(2061) Pause Young (Normal) (G1 Evacuation Pause) 9690M->3516M(12288M) 31.989ms
[2024-05-30T13:32:54.031+0000][10713.450s][info][gc,cpu      ] GC(2061) User=0.18s Sys=0.00s Real=0.03s
[2024-05-30T13:33:02.402+0000][10721.821s][info][gc,start    ] GC(2062) Pause Young (Normal) (G1 Evacuation Pause)
[2024-05-30T13:33:02.402+0000][10721.821s][info][gc,task     ] GC(2062) Using 6 workers of 6 for evacuation
[2024-05-30T13:33:02.432+0000][10721.851s][info][gc,phases   ] GC(2062)   Pre Evacuate Collection Set: 0.2ms
[2024-05-30T13:33:02.432+0000][10721.851s][info][gc,phases   ] GC(2062)   Merge Heap Roots: 0.2ms
[2024-05-30T13:33:02.432+0000][10721.851s][info][gc,phases   ] GC(2062)   Evacuate Collection Set: 27.5ms
[2024-05-30T13:33:02.432+0000][10721.851s][info][gc,phases   ] GC(2062)   Post Evacuate Collection Set: 1.8ms
[2024-05-30T13:33:02.432+0000][10721.851s][info][gc,phases   ] GC(2062)   Other: 0.2ms
[2024-05-30T13:33:02.432+0000][10721.851s][info][gc,heap     ] GC(2062) Eden regions: 771->0(770)
[2024-05-30T13:33:02.432+0000][10721.851s][info][gc,heap     ] GC(2062) Survivor regions: 9->11(98)
[2024-05-30T13:33:02.432+0000][10721.851s][info][gc,heap     ] GC(2062) Old regions: 426->426
[2024-05-30T13:33:02.432+0000][10721.851s][info][gc,heap     ] GC(2062) Archive regions: 2->2
[2024-05-30T13:33:02.432+0000][10721.851s][info][gc,heap     ] GC(2062) Humongous regions: 5->5
[2024-05-30T13:33:02.432+0000][10721.851s][info][gc,metaspace] GC(2062) Metaspace: 432956K(439808K)->432956K(439808K) NonClass: 379044K(382976K)->379044K(382976K) Class: 53911K(56832K)->53911K(56832K)
[2024-05-30T13:33:02.432+0000][10721.851s][info][gc          ] GC(2062) Pause Young (Normal) (G1 Evacuation Pause) 9684M->3534M(12288M) 29.994ms
[2024-05-30T13:33:02.432+0000][10721.851s][info][gc,cpu      ] GC(2062) User=0.18s Sys=0.00s Real=0.03s
[2024-05-30T13:33:10.152+0000][10729.571s][info][gc,start    ] GC(2063) Pause Young (Concurrent Start) (G1 Evacuation Pause)
[2024-05-30T13:33:10.152+0000][10729.571s][info][gc,task     ] GC(2063) Using 6 workers of 6 for evacuation
[2024-05-30T13:33:10.190+0000][10729.609s][info][gc,phases   ] GC(2063)   Pre Evacuate Collection Set: 0.6ms
[2024-05-30T13:33:10.190+0000][10729.609s][info][gc,phases   ] GC(2063)   Merge Heap Roots: 0.2ms
[2024-05-30T13:33:10.190+0000][10729.609s][info][gc,phases   ] GC(2063)   Evacuate Collection Set: 34.8ms
[2024-05-30T13:33:10.190+0000][10729.609s][info][gc,phases   ] GC(2063)   Post Evacuate Collection Set: 1.8ms
[2024-05-30T13:33:10.190+0000][10729.609s][info][gc,phases   ] GC(2063)   Other: 0.3ms
[2024-05-30T13:33:10.190+0000][10729.609s][info][gc,heap     ] GC(2063) Eden regions: 770->0(769)
[2024-05-30T13:33:10.190+0000][10729.609s][info][gc,heap     ] GC(2063) Survivor regions: 11->12(98)
[2024-05-30T13:33:10.190+0000][10729.609s][info][gc,heap     ] GC(2063) Old regions: 426->426
[2024-05-30T13:33:10.190+0000][10729.609s][info][gc,heap     ] GC(2063) Archive regions: 2->2
[2024-05-30T13:33:10.190+0000][10729.609s][info][gc,heap     ] GC(2063) Humongous regions: 5->5
[2024-05-30T13:33:10.190+0000][10729.609s][info][gc,metaspace] GC(2063) Metaspace: 432956K(439808K)->432956K(439808K) NonClass: 379044K(382976K)->379044K(382976K) Class: 53911K(56832K)->53911K(56832K)
[2024-05-30T13:33:10.190+0000][10729.609s][info][gc          ] GC(2063) Pause Young (Concurrent Start) (G1 Evacuation Pause) 9694M->3542M(12288M) 37.786ms
[2024-05-30T13:33:10.190+0000][10729.609s][info][gc,cpu      ] GC(2063) User=0.22s Sys=0.00s Real=0.04s
[2024-05-30T13:33:10.190+0000][10729.609s][info][gc          ] GC(2064) Concurrent Mark Cycle
[2024-05-30T13:33:10.190+0000][10729.609s][info][gc,marking  ] GC(2064) Concurrent Clear Claimed Marks
[2024-05-30T13:33:10.191+0000][10729.610s][info][gc,marking  ] GC(2064) Concurrent Clear Claimed Marks 0.421ms
[2024-05-30T13:33:10.191+0000][10729.610s][info][gc,marking  ] GC(2064) Concurrent Scan Root Regions
[2024-05-30T13:33:10.227+0000][10729.646s][info][gc,marking  ] GC(2064) Concurrent Scan Root Regions 36.667ms
[2024-05-30T13:33:10.227+0000][10729.647s][info][gc,marking  ] GC(2064) Concurrent Mark
[2024-05-30T13:33:10.227+0000][10729.647s][info][gc,marking  ] GC(2064) Concurrent Mark From Roots
[2024-05-30T13:33:10.227+0000][10729.647s][info][gc,task     ] GC(2064) Using 2 workers of 2 for marking
[2024-05-30T13:33:13.462+0000][10732.881s][info][gc,marking  ] GC(2064) Concurrent Mark From Roots 3234.927ms
[2024-05-30T13:33:13.462+0000][10732.881s][info][gc,marking  ] GC(2064) Concurrent Preclean
[2024-05-30T13:33:13.464+0000][10732.883s][info][gc,marking  ] GC(2064) Concurrent Preclean 1.589ms
[2024-05-30T13:33:13.464+0000][10732.883s][info][gc,start    ] GC(2064) Pause Remark
[2024-05-30T13:33:13.488+0000][10732.907s][info][gc          ] GC(2064) Pause Remark 6306M->6306M(12288M) 24.225ms
[2024-05-30T13:33:13.488+0000][10732.908s][info][gc,cpu      ] GC(2064) User=0.10s Sys=0.00s Real=0.02s
[2024-05-30T13:33:13.488+0000][10732.908s][info][gc,marking  ] GC(2064) Concurrent Mark 3261.135ms
[2024-05-30T13:33:13.488+0000][10732.908s][info][gc,marking  ] GC(2064) Concurrent Rebuild Remembered Sets
[2024-05-30T13:33:15.035+0000][10734.454s][info][gc,marking  ] GC(2064) Concurrent Rebuild Remembered Sets 1546.633ms
[2024-05-30T13:33:15.035+0000][10734.454s][info][gc,start    ] GC(2064) Pause Cleanup
[2024-05-30T13:33:15.036+0000][10734.455s][info][gc          ] GC(2064) Pause Cleanup 8282M->8282M(12288M) 0.668ms
[2024-05-30T13:33:15.036+0000][10734.455s][info][gc,cpu      ] GC(2064) User=0.00s Sys=0.00s Real=0.00s
[2024-05-30T13:33:15.036+0000][10734.455s][info][gc,marking  ] GC(2064) Concurrent Cleanup for Next Mark
[2024-05-30T13:33:15.052+0000][10734.472s][info][gc,marking  ] GC(2064) Concurrent Cleanup for Next Mark 16.507ms
[2024-05-30T13:33:15.053+0000][10734.472s][info][gc          ] GC(2064) Concurrent Mark Cycle 4862.454ms
[2024-05-30T13:33:16.947+0000][10736.366s][info][gc,start    ] GC(2065) Pause Young (Prepare Mixed) (G1 Evacuation Pause)
[2024-05-30T13:33:16.947+0000][10736.366s][info][gc,task     ] GC(2065) Using 6 workers of 6 for evacuation
[2024-05-30T13:33:16.985+0000][10736.405s][info][gc,phases   ] GC(2065)   Pre Evacuate Collection Set: 0.2ms
[2024-05-30T13:33:16.986+0000][10736.405s][info][gc,phases   ] GC(2065)   Merge Heap Roots: 0.3ms
[2024-05-30T13:33:16.986+0000][10736.405s][info][gc,phases   ] GC(2065)   Evacuate Collection Set: 36.3ms
[2024-05-30T13:33:16.986+0000][10736.405s][info][gc,phases   ] GC(2065)   Post Evacuate Collection Set: 1.8ms
[2024-05-30T13:33:16.986+0000][10736.405s][info][gc,phases   ] GC(2065)   Other: 0.2ms
[2024-05-30T13:33:16.986+0000][10736.405s][info][gc,heap     ] GC(2065) Eden regions: 769->0(61)
[2024-05-30T13:33:16.986+0000][10736.405s][info][gc,heap     ] GC(2065) Survivor regions: 12->15(98)
[2024-05-30T13:33:16.986+0000][10736.405s][info][gc,heap     ] GC(2065) Old regions: 426->426
[2024-05-30T13:33:16.986+0000][10736.405s][info][gc,heap     ] GC(2065) Archive regions: 2->2
[2024-05-30T13:33:16.986+0000][10736.405s][info][gc,heap     ] GC(2065) Humongous regions: 5->5
[2024-05-30T13:33:16.986+0000][10736.405s][info][gc,metaspace] GC(2065) Metaspace: 432956K(439808K)->432956K(439808K) NonClass: 379044K(382976K)->379044K(382976K) Class: 53911K(56832K)->53911K(56832K)
[2024-05-30T13:33:16.986+0000][10736.405s][info][gc          ] GC(2065) Pause Young (Prepare Mixed) (G1 Evacuation Pause) 9694M->3564M(12288M) 38.819ms
[2024-05-30T13:33:16.986+0000][10736.405s][info][gc,cpu      ] GC(2065) User=0.23s Sys=0.00s Real=0.04s
[2024-05-30T13:33:17.636+0000][10737.056s][info][gc,start    ] GC(2066) Pause Young (Mixed) (G1 Evacuation Pause)
[2024-05-30T13:33:17.636+0000][10737.056s][info][gc,task     ] GC(2066) Using 6 workers of 6 for evacuation
[2024-05-30T13:33:17.710+0000][10737.129s][info][gc,phases   ] GC(2066)   Pre Evacuate Collection Set: 0.2ms
[2024-05-30T13:33:17.710+0000][10737.129s][info][gc,phases   ] GC(2066)   Merge Heap Roots: 0.4ms
[2024-05-30T13:33:17.710+0000][10737.129s][info][gc,phases   ] GC(2066)   Evacuate Collection Set: 71.3ms
[2024-05-30T13:33:17.710+0000][10737.129s][info][gc,phases   ] GC(2066)   Post Evacuate Collection Set: 1.3ms
[2024-05-30T13:33:17.710+0000][10737.129s][info][gc,phases   ] GC(2066)   Other: 0.2ms
[2024-05-30T13:33:17.710+0000][10737.129s][info][gc,heap     ] GC(2066) Eden regions: 61->0(780)
[2024-05-30T13:33:17.710+0000][10737.129s][info][gc,heap     ] GC(2066) Survivor regions: 15->4(10)
[2024-05-30T13:33:17.710+0000][10737.129s][info][gc,heap     ] GC(2066) Old regions: 426->424
[2024-05-30T13:33:17.710+0000][10737.129s][info][gc,heap     ] GC(2066) Archive regions: 2->2
[2024-05-30T13:33:17.710+0000][10737.129s][info][gc,heap     ] GC(2066) Humongous regions: 5->5
[2024-05-30T13:33:17.710+0000][10737.129s][info][gc,metaspace] GC(2066) Metaspace: 432956K(439808K)->432956K(439808K) NonClass: 379044K(382976K)->379044K(382976K) Class: 53911K(56832K)->53911K(56832K)
[2024-05-30T13:33:17.710+0000][10737.129s][info][gc          ] GC(2066) Pause Young (Mixed) (G1 Evacuation Pause) 4052M->3466M(12288M) 73.319ms
[2024-05-30T13:33:17.710+0000][10737.129s][info][gc,cpu      ] GC(2066) User=0.43s Sys=0.01s Real=0.07s
[2024-05-30T13:33:26.303+0000][10745.722s][info][gc,start    ] GC(2067) Pause Young (Normal) (G1 Evacuation Pause)
[2024-05-30T13:33:26.303+0000][10745.722s][info][gc,task     ] GC(2067) Using 6 workers of 6 for evacuation
[2024-05-30T13:33:26.324+0000][10745.743s][info][gc,phases   ] GC(2067)   Pre Evacuate Collection Set: 0.2ms
[2024-05-30T13:33:26.324+0000][10745.743s][info][gc,phases   ] GC(2067)   Merge Heap Roots: 0.2ms
[2024-05-30T13:33:26.324+0000][10745.743s][info][gc,phases   ] GC(2067)   Evacuate Collection Set: 19.0ms
[2024-05-30T13:33:26.324+0000][10745.743s][info][gc,phases   ] GC(2067)   Post Evacuate Collection Set: 1.8ms
[2024-05-30T13:33:26.324+0000][10745.743s][info][gc,phases   ] GC(2067)   Other: 0.2ms
[2024-05-30T13:33:26.324+0000][10745.743s][info][gc,heap     ] GC(2067) Eden regions: 780->0(775)
[2024-05-30T13:33:26.324+0000][10745.743s][info][gc,heap     ] GC(2067) Survivor regions: 4->8(98)
[2024-05-30T13:33:26.324+0000][10745.743s][info][gc,heap     ] GC(2067) Old regions: 424->424
[2024-05-30T13:33:26.324+0000][10745.743s][info][gc,heap     ] GC(2067) Archive regions: 2->2
[2024-05-30T13:33:26.324+0000][10745.743s][info][gc,heap     ] GC(2067) Humongous regions: 5->5
[2024-05-30T13:33:26.324+0000][10745.743s][info][gc,metaspace] GC(2067) Metaspace: 432956K(439808K)->432956K(439808K) NonClass: 379044K(382976K)->379044K(382976K) Class: 53911K(56832K)->53911K(56832K)
[2024-05-30T13:33:26.324+0000][10745.743s][info][gc          ] GC(2067) Pause Young (Normal) (G1 Evacuation Pause) 9706M->3494M(12288M) 21.534ms
[2024-05-30T13:33:26.324+0000][10745.743s][info][gc,cpu      ] GC(2067) User=0.13s Sys=0.00s Real=0.02s
[2024-05-30T13:33:34.753+0000][10754.173s][info][gc,start    ] GC(2068) Pause Young (Normal) (G1 Evacuation Pause)
[2024-05-30T13:33:34.754+0000][10754.173s][info][gc,task     ] GC(2068) Using 6 workers of 6 for evacuation
[2024-05-30T13:33:34.778+0000][10754.198s][info][gc,phases   ] GC(2068)   Pre Evacuate Collection Set: 0.2ms
[2024-05-30T13:33:34.778+0000][10754.198s][info][gc,phases   ] GC(2068)   Merge Heap Roots: 0.3ms
[2024-05-30T13:33:34.778+0000][10754.198s][info][gc,phases   ] GC(2068)   Evacuate Collection Set: 22.4ms
[2024-05-30T13:33:34.778+0000][10754.198s][info][gc,phases   ] GC(2068)   Post Evacuate Collection Set: 1.8ms
[2024-05-30T13:33:34.778+0000][10754.198s][info][gc,phases   ] GC(2068)   Other: 0.2ms
[2024-05-30T13:33:34.778+0000][10754.198s][info][gc,heap     ] GC(2068) Eden regions: 775->0(772)
[2024-05-30T13:33:34.778+0000][10754.198s][info][gc,heap     ] GC(2068) Survivor regions: 8->11(98)
[2024-05-30T13:33:34.778+0000][10754.198s][info][gc,heap     ] GC(2068) Old regions: 424->424
[2024-05-30T13:33:34.778+0000][10754.198s][info][gc,heap     ] GC(2068) Archive regions: 2->2
[2024-05-30T13:33:34.778+0000][10754.198s][info][gc,heap     ] GC(2068) Humongous regions: 5->5
[2024-05-30T13:33:34.778+0000][10754.198s][info][gc,metaspace] GC(2068) Metaspace: 432956K(439808K)->432956K(439808K) NonClass: 379044K(382976K)->379044K(382976K) Class: 53911K(56832K)->53911K(56832K)
[2024-05-30T13:33:34.778+0000][10754.198s][info][gc          ] GC(2068) Pause Young (Normal) (G1 Evacuation Pause) 9694M->3518M(12288M) 24.900ms
[2024-05-30T13:33:34.778+0000][10754.198s][info][gc,cpu      ] GC(2068) User=0.14s Sys=0.00s Real=0.03s
[2024-05-30T13:33:43.228+0000][10762.647s][info][gc,start    ] GC(2069) Pause Young (Concurrent Start) (G1 Evacuation Pause)
[2024-05-30T13:33:43.228+0000][10762.647s][info][gc,task     ] GC(2069) Using 6 workers of 6 for evacuation
[2024-05-30T13:33:43.263+0000][10762.682s][info][gc,phases   ] GC(2069)   Pre Evacuate Collection Set: 0.6ms
[2024-05-30T13:33:43.263+0000][10762.682s][info][gc,phases   ] GC(2069)   Merge Heap Roots: 0.2ms
[2024-05-30T13:33:43.263+0000][10762.682s][info][gc,phases   ] GC(2069)   Evacuate Collection Set: 32.1ms
[2024-05-30T13:33:43.263+0000][10762.682s][info][gc,phases   ] GC(2069)   Post Evacuate Collection Set: 1.8ms
[2024-05-30T13:33:43.263+0000][10762.682s][info][gc,phases   ] GC(2069)   Other: 0.3ms
[2024-05-30T13:33:43.263+0000][10762.682s][info][gc,heap     ] GC(2069) Eden regions: 772->0(772)
[2024-05-30T13:33:43.263+0000][10762.682s][info][gc,heap     ] GC(2069) Survivor regions: 11->11(98)
[2024-05-30T13:33:43.263+0000][10762.682s][info][gc,heap     ] GC(2069) Old regions: 424->424
[2024-05-30T13:33:43.263+0000][10762.682s][info][gc,heap     ] GC(2069) Archive regions: 2->2
[2024-05-30T13:33:43.263+0000][10762.682s][info][gc,heap     ] GC(2069) Humongous regions: 5->5
[2024-05-30T13:33:43.263+0000][10762.682s][info][gc,metaspace] GC(2069) Metaspace: 432956K(439808K)->432956K(439808K) NonClass: 379044K(382976K)->379044K(382976K) Class: 53911K(56832K)->53911K(56832K)
[2024-05-30T13:33:43.263+0000][10762.682s][info][gc          ] GC(2069) Pause Young (Concurrent Start) (G1 Evacuation Pause) 9694M->3522M(12288M) 35.019ms
[2024-05-30T13:33:43.263+0000][10762.682s][info][gc,cpu      ] GC(2069) User=0.20s Sys=0.00s Real=0.04s
[2024-05-30T13:33:43.263+0000][10762.682s][info][gc          ] GC(2070) Concurrent Mark Cycle
[2024-05-30T13:33:43.263+0000][10762.682s][info][gc,marking  ] GC(2070) Concurrent Clear Claimed Marks
[2024-05-30T13:33:43.263+0000][10762.682s][info][gc,marking  ] GC(2070) Concurrent Clear Claimed Marks 0.368ms
[2024-05-30T13:33:43.263+0000][10762.682s][info][gc,marking  ] GC(2070) Concurrent Scan Root Regions
[2024-05-30T13:33:43.283+0000][10762.702s][info][gc,marking  ] GC(2070) Concurrent Scan Root Regions 19.792ms
[2024-05-30T13:33:43.283+0000][10762.702s][info][gc,marking  ] GC(2070) Concurrent Mark
[2024-05-30T13:33:43.283+0000][10762.702s][info][gc,marking  ] GC(2070) Concurrent Mark From Roots
[2024-05-30T13:33:43.283+0000][10762.702s][info][gc,task     ] GC(2070) Using 2 workers of 2 for marking
[2024-05-30T13:33:46.400+0000][10765.820s][info][gc,marking  ] GC(2070) Concurrent Mark From Roots 3117.438ms
[2024-05-30T13:33:46.401+0000][10765.820s][info][gc,marking  ] GC(2070) Concurrent Preclean
[2024-05-30T13:33:46.402+0000][10765.821s][info][gc,marking  ] GC(2070) Concurrent Preclean 1.372ms
[2024-05-30T13:33:46.402+0000][10765.821s][info][gc,start    ] GC(2070) Pause Remark
[2024-05-30T13:33:46.426+0000][10765.845s][info][gc          ] GC(2070) Pause Remark 5626M->5626M(12288M) 24.101ms
[2024-05-30T13:33:46.426+0000][10765.846s][info][gc,cpu      ] GC(2070) User=0.10s Sys=0.00s Real=0.02s
[2024-05-30T13:33:46.426+0000][10765.846s][info][gc,marking  ] GC(2070) Concurrent Mark 3143.340ms
[2024-05-30T13:33:46.426+0000][10765.846s][info][gc,marking  ] GC(2070) Concurrent Rebuild Remembered Sets
[2024-05-30T13:33:48.033+0000][10767.452s][info][gc,marking  ] GC(2070) Concurrent Rebuild Remembered Sets 1606.670ms
[2024-05-30T13:33:48.033+0000][10767.452s][info][gc,start    ] GC(2070) Pause Cleanup
[2024-05-30T13:33:48.034+0000][10767.453s][info][gc          ] GC(2070) Pause Cleanup 7054M->7054M(12288M) 0.617ms
[2024-05-30T13:33:48.034+0000][10767.453s][info][gc,cpu      ] GC(2070) User=0.01s Sys=0.00s Real=0.00s
[2024-05-30T13:33:48.034+0000][10767.453s][info][gc,marking  ] GC(2070) Concurrent Cleanup for Next Mark
[2024-05-30T13:33:48.051+0000][10767.470s][info][gc,marking  ] GC(2070) Concurrent Cleanup for Next Mark 16.994ms
[2024-05-30T13:33:48.051+0000][10767.470s][info][gc          ] GC(2070) Concurrent Mark Cycle 4788.177ms
[2024-05-30T13:33:51.659+0000][10771.078s][info][gc,start    ] GC(2071) Pause Young (Prepare Mixed) (G1 Evacuation Pause)
[2024-05-30T13:33:51.659+0000][10771.078s][info][gc,task     ] GC(2071) Using 6 workers of 6 for evacuation
[2024-05-30T13:33:51.693+0000][10771.112s][info][gc,phases   ] GC(2071)   Pre Evacuate Collection Set: 0.2ms
[2024-05-30T13:33:51.693+0000][10771.112s][info][gc,phases   ] GC(2071)   Merge Heap Roots: 0.4ms
[2024-05-30T13:33:51.693+0000][10771.112s][info][gc,phases   ] GC(2071)   Evacuate Collection Set: 31.3ms
[2024-05-30T13:33:51.693+0000][10771.112s][info][gc,phases   ] GC(2071)   Post Evacuate Collection Set: 1.9ms
[2024-05-30T13:33:51.693+0000][10771.112s][info][gc,phases   ] GC(2071)   Other: 0.2ms
[2024-05-30T13:33:51.693+0000][10771.112s][info][gc,heap     ] GC(2071) Eden regions: 772->0(63)
[2024-05-30T13:33:51.693+0000][10771.112s][info][gc,heap     ] GC(2071) Survivor regions: 11->13(98)
[2024-05-30T13:33:51.693+0000][10771.112s][info][gc,heap     ] GC(2071) Old regions: 424->424
[2024-05-30T13:33:51.693+0000][10771.112s][info][gc,heap     ] GC(2071) Archive regions: 2->2
[2024-05-30T13:33:51.693+0000][10771.112s][info][gc,heap     ] GC(2071) Humongous regions: 5->5
[2024-05-30T13:33:51.693+0000][10771.112s][info][gc,metaspace] GC(2071) Metaspace: 432956K(439808K)->432956K(439808K) NonClass: 379044K(382976K)->379044K(382976K) Class: 53911K(56832K)->53911K(56832K)
[2024-05-30T13:33:51.693+0000][10771.112s][info][gc          ] GC(2071) Pause Young (Prepare Mixed) (G1 Evacuation Pause) 9698M->3535M(12288M) 33.983ms
[2024-05-30T13:33:51.693+0000][10771.112s][info][gc,cpu      ] GC(2071) User=0.20s Sys=0.00s Real=0.03s
[2024-05-30T13:33:52.358+0000][10771.777s][info][gc,start    ] GC(2072) Pause Young (Mixed) (G1 Evacuation Pause)
[2024-05-30T13:33:52.358+0000][10771.777s][info][gc,task     ] GC(2072) Using 6 workers of 6 for evacuation
[2024-05-30T13:33:52.438+0000][10771.857s][info][gc,phases   ] GC(2072)   Pre Evacuate Collection Set: 0.2ms
[2024-05-30T13:33:52.438+0000][10771.857s][info][gc,phases   ] GC(2072)   Merge Heap Roots: 0.4ms
[2024-05-30T13:33:52.438+0000][10771.857s][info][gc,phases   ] GC(2072)   Evacuate Collection Set: 77.5ms
[2024-05-30T13:33:52.438+0000][10771.857s][info][gc,phases   ] GC(2072)   Post Evacuate Collection Set: 1.7ms
[2024-05-30T13:33:52.438+0000][10771.857s][info][gc,phases   ] GC(2072)   Other: 0.2ms
[2024-05-30T13:33:52.438+0000][10771.857s][info][gc,heap     ] GC(2072) Eden regions: 63->0(776)
[2024-05-30T13:33:52.438+0000][10771.857s][info][gc,heap     ] GC(2072) Survivor regions: 13->6(10)
[2024-05-30T13:33:52.438+0000][10771.857s][info][gc,heap     ] GC(2072) Old regions: 424->424
[2024-05-30T13:33:52.438+0000][10771.857s][info][gc,heap     ] GC(2072) Archive regions: 2->2
[2024-05-30T13:33:52.438+0000][10771.857s][info][gc,heap     ] GC(2072) Humongous regions: 5->5
[2024-05-30T13:33:52.438+0000][10771.857s][info][gc,metaspace] GC(2072) Metaspace: 432956K(439808K)->432956K(439808K) NonClass: 379044K(382976K)->379044K(382976K) Class: 53911K(56832K)->53911K(56832K)
[2024-05-30T13:33:52.438+0000][10771.857s][info][gc          ] GC(2072) Pause Young (Mixed) (G1 Evacuation Pause) 4039M->3482M(12288M) 80.104ms
[2024-05-30T13:33:52.438+0000][10771.857s][info][gc,cpu      ] GC(2072) User=0.47s Sys=0.01s Real=0.08s
[2024-05-30T13:34:00.767+0000][10780.186s][info][gc,start    ] GC(2073) Pause Young (Normal) (G1 Evacuation Pause)
[2024-05-30T13:34:00.767+0000][10780.186s][info][gc,task     ] GC(2073) Using 6 workers of 6 for evacuation
[2024-05-30T13:34:00.788+0000][10780.207s][info][gc,phases   ] GC(2073)   Pre Evacuate Collection Set: 0.2ms
[2024-05-30T13:34:00.788+0000][10780.207s][info][gc,phases   ] GC(2073)   Merge Heap Roots: 0.2ms
[2024-05-30T13:34:00.788+0000][10780.207s][info][gc,phases   ] GC(2073)   Evacuate Collection Set: 18.5ms
[2024-05-30T13:34:00.788+0000][10780.207s][info][gc,phases   ] GC(2073)   Post Evacuate Collection Set: 1.7ms
[2024-05-30T13:34:00.788+0000][10780.207s][info][gc,phases   ] GC(2073)   Other: 0.2ms
[2024-05-30T13:34:00.788+0000][10780.207s][info][gc,heap     ] GC(2073) Eden regions: 776->0(775)
[2024-05-30T13:34:00.788+0000][10780.207s][info][gc,heap     ] GC(2073) Survivor regions: 6->8(98)
[2024-05-30T13:34:00.788+0000][10780.207s][info][gc,heap     ] GC(2073) Old regions: 424->424
[2024-05-30T13:34:00.788+0000][10780.207s][info][gc,heap     ] GC(2073) Archive regions: 2->2
[2024-05-30T13:34:00.788+0000][10780.207s][info][gc,heap     ] GC(2073) Humongous regions: 5->5
[2024-05-30T13:34:00.788+0000][10780.207s][info][gc,metaspace] GC(2073) Metaspace: 432956K(439808K)->432956K(439808K) NonClass: 379044K(382976K)->379044K(382976K) Class: 53911K(56832K)->53911K(56832K)
[2024-05-30T13:34:00.788+0000][10780.207s][info][gc          ] GC(2073) Pause Young (Normal) (G1 Evacuation Pause) 9690M->3493M(12288M) 20.899ms
[2024-05-30T13:34:00.788+0000][10780.207s][info][gc,cpu      ] GC(2073) User=0.12s Sys=0.00s Real=0.02s
[2024-05-30T13:34:08.907+0000][10788.326s][info][gc,start    ] GC(2074) Pause Young (Normal) (G1 Evacuation Pause)
[2024-05-30T13:34:08.907+0000][10788.326s][info][gc,task     ] GC(2074) Using 6 workers of 6 for evacuation
[2024-05-30T13:34:08.935+0000][10788.355s][info][gc,phases   ] GC(2074)   Pre Evacuate Collection Set: 0.2ms
[2024-05-30T13:34:08.935+0000][10788.355s][info][gc,phases   ] GC(2074)   Merge Heap Roots: 0.2ms
[2024-05-30T13:34:08.935+0000][10788.355s][info][gc,phases   ] GC(2074)   Evacuate Collection Set: 25.8ms
[2024-05-30T13:34:08.935+0000][10788.355s][info][gc,phases   ] GC(2074)   Post Evacuate Collection Set: 1.7ms
[2024-05-30T13:34:08.935+0000][10788.355s][info][gc,phases   ] GC(2074)   Other: 0.2ms
[2024-05-30T13:34:08.935+0000][10788.355s][info][gc,heap     ] GC(2074) Eden regions: 775->0(773)
[2024-05-30T13:34:08.935+0000][10788.355s][info][gc,heap     ] GC(2074) Survivor regions: 8->10(98)
[2024-05-30T13:34:08.935+0000][10788.355s][info][gc,heap     ] GC(2074) Old regions: 424->424
[2024-05-30T13:34:08.935+0000][10788.355s][info][gc,heap     ] GC(2074) Archive regions: 2->2
[2024-05-30T13:34:08.935+0000][10788.355s][info][gc,heap     ] GC(2074) Humongous regions: 5->5
[2024-05-30T13:34:08.935+0000][10788.355s][info][gc,metaspace] GC(2074) Metaspace: 432956K(439808K)->432956K(439808K) NonClass: 379044K(382976K)->379044K(382976K) Class: 53911K(56832K)->53911K(56832K)
[2024-05-30T13:34:08.935+0000][10788.355s][info][gc          ] GC(2074) Pause Young (Normal) (G1 Evacuation Pause) 9693M->3509M(12288M) 28.201ms
[2024-05-30T13:34:08.935+0000][10788.355s][info][gc,cpu      ] GC(2074) User=0.17s Sys=0.00s Real=0.03s
[2024-05-30T13:34:17.300+0000][10796.719s][info][gc,start    ] GC(2075) Pause Young (Concurrent Start) (G1 Evacuation Pause)
[2024-05-30T13:34:17.300+0000][10796.719s][info][gc,task     ] GC(2075) Using 6 workers of 6 for evacuation
[2024-05-30T13:34:17.331+0000][10796.751s][info][gc,phases   ] GC(2075)   Pre Evacuate Collection Set: 0.5ms
[2024-05-30T13:34:17.331+0000][10796.751s][info][gc,phases   ] GC(2075)   Merge Heap Roots: 0.2ms
[2024-05-30T13:34:17.331+0000][10796.751s][info][gc,phases   ] GC(2075)   Evacuate Collection Set: 28.7ms
[2024-05-30T13:34:17.331+0000][10796.751s][info][gc,phases   ] GC(2075)   Post Evacuate Collection Set: 1.7ms
[2024-05-30T13:34:17.331+0000][10796.751s][info][gc,phases   ] GC(2075)   Other: 0.3ms
[2024-05-30T13:34:17.331+0000][10796.751s][info][gc,heap     ] GC(2075) Eden regions: 773->0(771)
[2024-05-30T13:34:17.331+0000][10796.751s][info][gc,heap     ] GC(2075) Survivor regions: 10->12(98)
[2024-05-30T13:34:17.331+0000][10796.751s][info][gc,heap     ] GC(2075) Old regions: 424->424
[2024-05-30T13:34:17.331+0000][10796.751s][info][gc,heap     ] GC(2075) Archive regions: 2->2
[2024-05-30T13:34:17.331+0000][10796.751s][info][gc,heap     ] GC(2075) Humongous regions: 5->5
[2024-05-30T13:34:17.332+0000][10796.751s][info][gc,metaspace] GC(2075) Metaspace: 432956K(439808K)->432956K(439808K) NonClass: 379044K(382976K)->379044K(382976K) Class: 53911K(56832K)->53911K(56832K)
[2024-05-30T13:34:17.332+0000][10796.751s][info][gc          ] GC(2075) Pause Young (Concurrent Start) (G1 Evacuation Pause) 9693M->3532M(12288M) 31.502ms
[2024-05-30T13:34:17.332+0000][10796.751s][info][gc,cpu      ] GC(2075) User=0.18s Sys=0.00s Real=0.03s
[2024-05-30T13:34:17.332+0000][10796.751s][info][gc          ] GC(2076) Concurrent Mark Cycle
[2024-05-30T13:34:17.332+0000][10796.751s][info][gc,marking  ] GC(2076) Concurrent Clear Claimed Marks
[2024-05-30T13:34:17.332+0000][10796.751s][info][gc,marking  ] GC(2076) Concurrent Clear Claimed Marks 0.381ms
[2024-05-30T13:34:17.332+0000][10796.751s][info][gc,marking  ] GC(2076) Concurrent Scan Root Regions
[2024-05-30T13:34:17.362+0000][10796.781s][info][gc,marking  ] GC(2076) Concurrent Scan Root Regions 29.925ms
[2024-05-30T13:34:17.362+0000][10796.781s][info][gc,marking  ] GC(2076) Concurrent Mark
[2024-05-30T13:34:17.362+0000][10796.781s][info][gc,marking  ] GC(2076) Concurrent Mark From Roots
[2024-05-30T13:34:17.362+0000][10796.781s][info][gc,task     ] GC(2076) Using 2 workers of 2 for marking
[2024-05-30T13:34:19.987+0000][10799.406s][info][gc,marking  ] GC(2076) Concurrent Mark From Roots 2625.017ms
[2024-05-30T13:34:19.987+0000][10799.406s][info][gc,marking  ] GC(2076) Concurrent Preclean
[2024-05-30T13:34:19.989+0000][10799.408s][info][gc,marking  ] GC(2076) Concurrent Preclean 1.668ms
[2024-05-30T13:34:19.989+0000][10799.408s][info][gc,start    ] GC(2076) Pause Remark
[2024-05-30T13:34:20.013+0000][10799.432s][info][gc          ] GC(2076) Pause Remark 5368M->5368M(12288M) 23.697ms
[2024-05-30T13:34:20.013+0000][10799.432s][info][gc,cpu      ] GC(2076) User=0.10s Sys=0.00s Real=0.02s
[2024-05-30T13:34:20.013+0000][10799.432s][info][gc,marking  ] GC(2076) Concurrent Mark 2650.734ms
[2024-05-30T13:34:20.013+0000][10799.432s][info][gc,marking  ] GC(2076) Concurrent Rebuild Remembered Sets
[2024-05-30T13:34:21.581+0000][10801.000s][info][gc,marking  ] GC(2076) Concurrent Rebuild Remembered Sets 1567.816ms
[2024-05-30T13:34:21.581+0000][10801.000s][info][gc,start    ] GC(2076) Pause Cleanup
[2024-05-30T13:34:21.581+0000][10801.001s][info][gc          ] GC(2076) Pause Cleanup 6480M->6480M(12288M) 0.611ms
[2024-05-30T13:34:21.581+0000][10801.001s][info][gc,cpu      ] GC(2076) User=0.00s Sys=0.00s Real=0.00s
[2024-05-30T13:34:21.581+0000][10801.001s][info][gc,marking  ] GC(2076) Concurrent Cleanup for Next Mark
[2024-05-30T13:34:21.599+0000][10801.018s][info][gc,marking  ] GC(2076) Concurrent Cleanup for Next Mark 17.151ms
[2024-05-30T13:34:21.599+0000][10801.018s][info][gc          ] GC(2076) Concurrent Mark Cycle 4267.057ms
[2024-05-30T13:34:25.914+0000][10805.334s][info][gc,start    ] GC(2077) Pause Young (Prepare Mixed) (G1 Evacuation Pause)
[2024-05-30T13:34:25.914+0000][10805.334s][info][gc,task     ] GC(2077) Using 6 workers of 6 for evacuation
[2024-05-30T13:34:25.955+0000][10805.374s][info][gc,phases   ] GC(2077)   Pre Evacuate Collection Set: 0.2ms
[2024-05-30T13:34:25.955+0000][10805.374s][info][gc,phases   ] GC(2077)   Merge Heap Roots: 0.3ms
[2024-05-30T13:34:25.955+0000][10805.374s][info][gc,phases   ] GC(2077)   Evacuate Collection Set: 38.1ms
[2024-05-30T13:34:25.955+0000][10805.374s][info][gc,phases   ] GC(2077)   Post Evacuate Collection Set: 1.9ms
[2024-05-30T13:34:25.955+0000][10805.374s][info][gc,phases   ] GC(2077)   Other: 0.2ms
[2024-05-30T13:34:25.955+0000][10805.374s][info][gc,heap     ] GC(2077) Eden regions: 771->0(59)
[2024-05-30T13:34:25.955+0000][10805.374s][info][gc,heap     ] GC(2077) Survivor regions: 12->17(98)
[2024-05-30T13:34:25.955+0000][10805.374s][info][gc,heap     ] GC(2077) Old regions: 424->424
[2024-05-30T13:34:25.955+0000][10805.374s][info][gc,heap     ] GC(2077) Archive regions: 2->2
[2024-05-30T13:34:25.955+0000][10805.374s][info][gc,heap     ] GC(2077) Humongous regions: 5->5
[2024-05-30T13:34:25.955+0000][10805.374s][info][gc,metaspace] GC(2077) Metaspace: 432956K(439808K)->432956K(439808K) NonClass: 379044K(382976K)->379044K(382976K) Class: 53911K(56832K)->53911K(56832K)
[2024-05-30T13:34:25.955+0000][10805.374s][info][gc          ] GC(2077) Pause Young (Prepare Mixed) (G1 Evacuation Pause) 9700M->3566M(12288M) 40.712ms
[2024-05-30T13:34:25.955+0000][10805.374s][info][gc,cpu      ] GC(2077) User=0.24s Sys=0.00s Real=0.04s
[2024-05-30T13:34:26.592+0000][10806.011s][info][gc,start    ] GC(2078) Pause Young (Mixed) (G1 Evacuation Pause)
[2024-05-30T13:34:26.592+0000][10806.011s][info][gc,task     ] GC(2078) Using 6 workers of 6 for evacuation
[2024-05-30T13:34:26.682+0000][10806.101s][info][gc,phases   ] GC(2078)   Pre Evacuate Collection Set: 0.2ms
[2024-05-30T13:34:26.682+0000][10806.101s][info][gc,phases   ] GC(2078)   Merge Heap Roots: 0.7ms
[2024-05-30T13:34:26.682+0000][10806.101s][info][gc,phases   ] GC(2078)   Evacuate Collection Set: 87.0ms
[2024-05-30T13:34:26.682+0000][10806.101s][info][gc,phases   ] GC(2078)   Post Evacuate Collection Set: 1.5ms
[2024-05-30T13:34:26.682+0000][10806.101s][info][gc,phases   ] GC(2078)   Other: 0.2ms
[2024-05-30T13:34:26.682+0000][10806.101s][info][gc,heap     ] GC(2078) Eden regions: 59->0(772)
[2024-05-30T13:34:26.682+0000][10806.101s][info][gc,heap     ] GC(2078) Survivor regions: 17->7(10)
[2024-05-30T13:34:26.682+0000][10806.101s][info][gc,heap     ] GC(2078) Old regions: 424->427
[2024-05-30T13:34:26.682+0000][10806.101s][info][gc,heap     ] GC(2078) Archive regions: 2->2
[2024-05-30T13:34:26.682+0000][10806.101s][info][gc,heap     ] GC(2078) Humongous regions: 5->5
[2024-05-30T13:34:26.682+0000][10806.101s][info][gc,metaspace] GC(2078) Metaspace: 432956K(439808K)->432956K(439808K) NonClass: 379044K(382976K)->379044K(382976K) Class: 53911K(56832K)->53911K(56832K)
[2024-05-30T13:34:26.682+0000][10806.101s][info][gc          ] GC(2078) Pause Young (Mixed) (G1 Evacuation Pause) 4038M->3507M(12288M) 89.591ms
[2024-05-30T13:34:26.682+0000][10806.101s][info][gc,cpu      ] GC(2078) User=0.53s Sys=0.00s Real=0.09s
[2024-05-30T13:34:35.038+0000][10814.458s][info][gc,start    ] GC(2079) Pause Young (Normal) (G1 Evacuation Pause)
[2024-05-30T13:34:35.038+0000][10814.458s][info][gc,task     ] GC(2079) Using 6 workers of 6 for evacuation
[2024-05-30T13:34:35.062+0000][10814.481s][info][gc,phases   ] GC(2079)   Pre Evacuate Collection Set: 0.2ms
[2024-05-30T13:34:35.062+0000][10814.481s][info][gc,phases   ] GC(2079)   Merge Heap Roots: 0.3ms
[2024-05-30T13:34:35.062+0000][10814.481s][info][gc,phases   ] GC(2079)   Evacuate Collection Set: 21.3ms
[2024-05-30T13:34:35.062+0000][10814.481s][info][gc,phases   ] GC(2079)   Post Evacuate Collection Set: 1.8ms
[2024-05-30T13:34:35.062+0000][10814.481s][info][gc,phases   ] GC(2079)   Other: 0.2ms
[2024-05-30T13:34:35.062+0000][10814.481s][info][gc,heap     ] GC(2079) Eden regions: 772->0(771)
[2024-05-30T13:34:35.062+0000][10814.481s][info][gc,heap     ] GC(2079) Survivor regions: 7->8(98)
[2024-05-30T13:34:35.062+0000][10814.481s][info][gc,heap     ] GC(2079) Old regions: 427->427
[2024-05-30T13:34:35.062+0000][10814.481s][info][gc,heap     ] GC(2079) Archive regions: 2->2
[2024-05-30T13:34:35.062+0000][10814.481s][info][gc,heap     ] GC(2079) Humongous regions: 5->5
[2024-05-30T13:34:35.062+0000][10814.481s][info][gc,metaspace] GC(2079) Metaspace: 432957K(439808K)->432957K(439808K) NonClass: 379045K(382976K)->379045K(382976K) Class: 53911K(56832K)->53911K(56832K)
[2024-05-30T13:34:35.062+0000][10814.481s][info][gc          ] GC(2079) Pause Young (Normal) (G1 Evacuation Pause) 9683M->3513M(12288M) 23.769ms
[2024-05-30T13:34:35.062+0000][10814.482s][info][gc,cpu      ] GC(2079) User=0.14s Sys=0.00s Real=0.02s
[2024-05-30T13:34:43.618+0000][10823.037s][info][gc,start    ] GC(2080) Pause Young (Normal) (G1 Evacuation Pause)
[2024-05-30T13:34:43.618+0000][10823.037s][info][gc,task     ] GC(2080) Using 6 workers of 6 for evacuation
[2024-05-30T13:34:43.649+0000][10823.068s][info][gc,phases   ] GC(2080)   Pre Evacuate Collection Set: 0.2ms
[2024-05-30T13:34:43.649+0000][10823.068s][info][gc,phases   ] GC(2080)   Merge Heap Roots: 0.2ms
[2024-05-30T13:34:43.649+0000][10823.068s][info][gc,phases   ] GC(2080)   Evacuate Collection Set: 28.2ms
[2024-05-30T13:34:43.649+0000][10823.068s][info][gc,phases   ] GC(2080)   Post Evacuate Collection Set: 1.7ms
[2024-05-30T13:34:43.649+0000][10823.068s][info][gc,phases   ] GC(2080)   Other: 0.2ms
[2024-05-30T13:34:43.649+0000][10823.068s][info][gc,heap     ] GC(2080) Eden regions: 771->0(770)
[2024-05-30T13:34:43.649+0000][10823.068s][info][gc,heap     ] GC(2080) Survivor regions: 8->10(98)
[2024-05-30T13:34:43.649+0000][10823.068s][info][gc,heap     ] GC(2080) Old regions: 427->427
[2024-05-30T13:34:43.649+0000][10823.068s][info][gc,heap     ] GC(2080) Archive regions: 2->2
[2024-05-30T13:34:43.649+0000][10823.068s][info][gc,heap     ] GC(2080) Humongous regions: 5->5
[2024-05-30T13:34:43.649+0000][10823.068s][info][gc,metaspace] GC(2080) Metaspace: 432957K(439808K)->432957K(439808K) NonClass: 379045K(382976K)->379045K(382976K) Class: 53911K(56832K)->53911K(56832K)
[2024-05-30T13:34:43.649+0000][10823.068s][info][gc          ] GC(2080) Pause Young (Normal) (G1 Evacuation Pause) 9681M->3535M(12288M) 30.627ms
[2024-05-30T13:34:43.649+0000][10823.068s][info][gc,cpu      ] GC(2080) User=0.17s Sys=0.01s Real=0.03s
[2024-05-30T13:34:52.010+0000][10831.429s][info][gc,start    ] GC(2081) Pause Young (Concurrent Start) (G1 Evacuation Pause)
[2024-05-30T13:34:52.010+0000][10831.429s][info][gc,task     ] GC(2081) Using 6 workers of 6 for evacuation
[2024-05-30T13:34:52.041+0000][10831.460s][info][gc,phases   ] GC(2081)   Pre Evacuate Collection Set: 0.6ms
[2024-05-30T13:34:52.041+0000][10831.460s][info][gc,phases   ] GC(2081)   Merge Heap Roots: 0.2ms
[2024-05-30T13:34:52.041+0000][10831.460s][info][gc,phases   ] GC(2081)   Evacuate Collection Set: 28.2ms
[2024-05-30T13:34:52.041+0000][10831.460s][info][gc,phases   ] GC(2081)   Post Evacuate Collection Set: 1.8ms
[2024-05-30T13:34:52.041+0000][10831.460s][info][gc,phases   ] GC(2081)   Other: 0.3ms
[2024-05-30T13:34:52.041+0000][10831.460s][info][gc,heap     ] GC(2081) Eden regions: 770->0(767)
[2024-05-30T13:34:52.041+0000][10831.460s][info][gc,heap     ] GC(2081) Survivor regions: 10->13(98)
[2024-05-30T13:34:52.041+0000][10831.460s][info][gc,heap     ] GC(2081) Old regions: 427->427
[2024-05-30T13:34:52.041+0000][10831.460s][info][gc,heap     ] GC(2081) Archive regions: 2->2
[2024-05-30T13:34:52.041+0000][10831.460s][info][gc,heap     ] GC(2081) Humongous regions: 5->5
[2024-05-30T13:34:52.041+0000][10831.460s][info][gc,metaspace] GC(2081) Metaspace: 432958K(439808K)->432958K(439808K) NonClass: 379046K(382976K)->379046K(382976K) Class: 53911K(56832K)->53911K(56832K)
[2024-05-30T13:34:52.041+0000][10831.460s][info][gc          ] GC(2081) Pause Young (Concurrent Start) (G1 Evacuation Pause) 9695M->3554M(12288M) 31.218ms
[2024-05-30T13:34:52.041+0000][10831.460s][info][gc,cpu      ] GC(2081) User=0.19s Sys=0.00s Real=0.03s
[2024-05-30T13:34:52.041+0000][10831.460s][info][gc          ] GC(2082) Concurrent Mark Cycle
[2024-05-30T13:34:52.041+0000][10831.460s][info][gc,marking  ] GC(2082) Concurrent Clear Claimed Marks
[2024-05-30T13:34:52.042+0000][10831.461s][info][gc,marking  ] GC(2082) Concurrent Clear Claimed Marks 0.379ms
[2024-05-30T13:34:52.042+0000][10831.461s][info][gc,marking  ] GC(2082) Concurrent Scan Root Regions
[2024-05-30T13:34:52.076+0000][10831.496s][info][gc,marking  ] GC(2082) Concurrent Scan Root Regions 34.662ms
[2024-05-30T13:34:52.076+0000][10831.496s][info][gc,marking  ] GC(2082) Concurrent Mark
[2024-05-30T13:34:52.076+0000][10831.496s][info][gc,marking  ] GC(2082) Concurrent Mark From Roots
[2024-05-30T13:34:52.076+0000][10831.496s][info][gc,task     ] GC(2082) Using 2 workers of 2 for marking
[2024-05-30T13:34:54.567+0000][10833.987s][info][gc,marking  ] GC(2082) Concurrent Mark From Roots 2490.946ms
[2024-05-30T13:34:54.567+0000][10833.987s][info][gc,marking  ] GC(2082) Concurrent Preclean
[2024-05-30T13:34:54.569+0000][10833.988s][info][gc,marking  ] GC(2082) Concurrent Preclean 1.368ms
[2024-05-30T13:34:54.569+0000][10833.988s][info][gc,start    ] GC(2082) Pause Remark
[2024-05-30T13:34:54.592+0000][10834.012s][info][gc          ] GC(2082) Pause Remark 5278M->5278M(12288M) 23.606ms
[2024-05-30T13:34:54.592+0000][10834.012s][info][gc,cpu      ] GC(2082) User=0.10s Sys=0.00s Real=0.02s
[2024-05-30T13:34:54.593+0000][10834.012s][info][gc,marking  ] GC(2082) Concurrent Mark 2516.298ms
[2024-05-30T13:34:54.593+0000][10834.012s][info][gc,marking  ] GC(2082) Concurrent Rebuild Remembered Sets
[2024-05-30T13:34:56.069+0000][10835.488s][info][gc,marking  ] GC(2082) Concurrent Rebuild Remembered Sets 1476.338ms
[2024-05-30T13:34:56.069+0000][10835.488s][info][gc,start    ] GC(2082) Pause Cleanup
[2024-05-30T13:34:56.070+0000][10835.489s][info][gc          ] GC(2082) Pause Cleanup 6306M->6306M(12288M) 0.603ms
[2024-05-30T13:34:56.070+0000][10835.489s][info][gc,cpu      ] GC(2082) User=0.00s Sys=0.00s Real=0.00s
[2024-05-30T13:34:56.070+0000][10835.489s][info][gc,marking  ] GC(2082) Concurrent Cleanup for Next Mark
[2024-05-30T13:34:56.088+0000][10835.507s][info][gc,marking  ] GC(2082) Concurrent Cleanup for Next Mark 17.864ms
[2024-05-30T13:34:56.088+0000][10835.507s][info][gc          ] GC(2082) Concurrent Mark Cycle 4046.637ms
[2024-05-30T13:35:00.659+0000][10840.078s][info][gc,start    ] GC(2083) Pause Young (Prepare Mixed) (G1 Evacuation Pause)
[2024-05-30T13:35:00.659+0000][10840.078s][info][gc,task     ] GC(2083) Using 6 workers of 6 for evacuation
[2024-05-30T13:35:00.703+0000][10840.122s][info][gc,phases   ] GC(2083)   Pre Evacuate Collection Set: 0.2ms
[2024-05-30T13:35:00.703+0000][10840.122s][info][gc,phases   ] GC(2083)   Merge Heap Roots: 0.3ms
[2024-05-30T13:35:00.703+0000][10840.122s][info][gc,phases   ] GC(2083)   Evacuate Collection Set: 41.2ms
[2024-05-30T13:35:00.703+0000][10840.122s][info][gc,phases   ] GC(2083)   Post Evacuate Collection Set: 1.9ms
[2024-05-30T13:35:00.703+0000][10840.122s][info][gc,phases   ] GC(2083)   Other: 0.2ms
[2024-05-30T13:35:00.703+0000][10840.122s][info][gc,heap     ] GC(2083) Eden regions: 767->0(61)
[2024-05-30T13:35:00.703+0000][10840.122s][info][gc,heap     ] GC(2083) Survivor regions: 13->15(98)
[2024-05-30T13:35:00.703+0000][10840.122s][info][gc,heap     ] GC(2083) Old regions: 427->427
[2024-05-30T13:35:00.703+0000][10840.122s][info][gc,heap     ] GC(2083) Archive regions: 2->2
[2024-05-30T13:35:00.703+0000][10840.122s][info][gc,heap     ] GC(2083) Humongous regions: 5->5
[2024-05-30T13:35:00.703+0000][10840.122s][info][gc,metaspace] GC(2083) Metaspace: 432965K(439808K)->432965K(439808K) NonClass: 379053K(382976K)->379053K(382976K) Class: 53911K(56832K)->53911K(56832K)
[2024-05-30T13:35:00.703+0000][10840.122s][info][gc          ] GC(2083) Pause Young (Prepare Mixed) (G1 Evacuation Pause) 9690M->3575M(12288M) 43.890ms
[2024-05-30T13:35:00.703+0000][10840.122s][info][gc,cpu      ] GC(2083) User=0.26s Sys=0.00s Real=0.04s
[2024-05-30T13:35:01.382+0000][10840.801s][info][gc,start    ] GC(2084) Pause Young (Mixed) (G1 Evacuation Pause)
[2024-05-30T13:35:01.382+0000][10840.801s][info][gc,task     ] GC(2084) Using 6 workers of 6 for evacuation
[2024-05-30T13:35:01.464+0000][10840.883s][info][gc,phases   ] GC(2084)   Pre Evacuate Collection Set: 0.1ms
[2024-05-30T13:35:01.464+0000][10840.883s][info][gc,phases   ] GC(2084)   Merge Heap Roots: 0.5ms
[2024-05-30T13:35:01.464+0000][10840.883s][info][gc,phases   ] GC(2084)   Evacuate Collection Set: 80.2ms
[2024-05-30T13:35:01.464+0000][10840.883s][info][gc,phases   ] GC(2084)   Post Evacuate Collection Set: 1.2ms
[2024-05-30T13:35:01.464+0000][10840.883s][info][gc,phases   ] GC(2084)   Other: 0.2ms
[2024-05-30T13:35:01.464+0000][10840.883s][info][gc,heap     ] GC(2084) Eden regions: 61->0(772)
[2024-05-30T13:35:01.464+0000][10840.883s][info][gc,heap     ] GC(2084) Survivor regions: 15->6(10)
[2024-05-30T13:35:01.464+0000][10840.883s][info][gc,heap     ] GC(2084) Old regions: 427->429
[2024-05-30T13:35:01.464+0000][10840.883s][info][gc,heap     ] GC(2084) Archive regions: 2->2
[2024-05-30T13:35:01.464+0000][10840.883s][info][gc,heap     ] GC(2084) Humongous regions: 5->5
[2024-05-30T13:35:01.464+0000][10840.883s][info][gc,metaspace] GC(2084) Metaspace: 432965K(439808K)->432965K(439808K) NonClass: 379053K(382976K)->379053K(382976K) Class: 53911K(56832K)->53911K(56832K)
[2024-05-30T13:35:01.464+0000][10840.883s][info][gc          ] GC(2084) Pause Young (Mixed) (G1 Evacuation Pause) 4063M->3520M(12288M) 82.257ms
[2024-05-30T13:35:01.464+0000][10840.883s][info][gc,cpu      ] GC(2084) User=0.49s Sys=0.00s Real=0.08s
[2024-05-30T13:35:09.920+0000][10849.340s][info][gc,start    ] GC(2085) Pause Young (Normal) (G1 Evacuation Pause)
[2024-05-30T13:35:09.920+0000][10849.340s][info][gc,task     ] GC(2085) Using 6 workers of 6 for evacuation
[2024-05-30T13:35:09.941+0000][10849.360s][info][gc,phases   ] GC(2085)   Pre Evacuate Collection Set: 0.2ms
[2024-05-30T13:35:09.941+0000][10849.360s][info][gc,phases   ] GC(2085)   Merge Heap Roots: 0.2ms
[2024-05-30T13:35:09.941+0000][10849.360s][info][gc,phases   ] GC(2085)   Evacuate Collection Set: 18.4ms
[2024-05-30T13:35:09.941+0000][10849.360s][info][gc,phases   ] GC(2085)   Post Evacuate Collection Set: 1.7ms
[2024-05-30T13:35:09.941+0000][10849.360s][info][gc,phases   ] GC(2085)   Other: 0.2ms
[2024-05-30T13:35:09.941+0000][10849.361s][info][gc,heap     ] GC(2085) Eden regions: 772->0(772)
[2024-05-30T13:35:09.941+0000][10849.361s][info][gc,heap     ] GC(2085) Survivor regions: 6->7(98)
[2024-05-30T13:35:09.941+0000][10849.361s][info][gc,heap     ] GC(2085) Old regions: 429->429
[2024-05-30T13:35:09.941+0000][10849.361s][info][gc,heap     ] GC(2085) Archive regions: 2->2
[2024-05-30T13:35:09.941+0000][10849.361s][info][gc,heap     ] GC(2085) Humongous regions: 5->5
[2024-05-30T13:35:09.941+0000][10849.361s][info][gc,metaspace] GC(2085) Metaspace: 432965K(439808K)->432965K(439808K) NonClass: 379053K(382976K)->379053K(382976K) Class: 53911K(56832K)->53911K(56832K)
[2024-05-30T13:35:09.941+0000][10849.361s][info][gc          ] GC(2085) Pause Young (Normal) (G1 Evacuation Pause) 9696M->3526M(12288M) 20.880ms
[2024-05-30T13:35:09.941+0000][10849.361s][info][gc,cpu      ] GC(2085) User=0.12s Sys=0.00s Real=0.02s
[2024-05-30T13:35:18.360+0000][10857.779s][info][gc,start    ] GC(2086) Pause Young (Normal) (G1 Evacuation Pause)
[2024-05-30T13:35:18.360+0000][10857.779s][info][gc,task     ] GC(2086) Using 6 workers of 6 for evacuation
[2024-05-30T13:35:18.389+0000][10857.808s][info][gc,phases   ] GC(2086)   Pre Evacuate Collection Set: 0.2ms
[2024-05-30T13:35:18.389+0000][10857.808s][info][gc,phases   ] GC(2086)   Merge Heap Roots: 0.2ms
[2024-05-30T13:35:18.389+0000][10857.808s][info][gc,phases   ] GC(2086)   Evacuate Collection Set: 26.2ms
[2024-05-30T13:35:18.389+0000][10857.808s][info][gc,phases   ] GC(2086)   Post Evacuate Collection Set: 1.7ms
[2024-05-30T13:35:18.389+0000][10857.808s][info][gc,phases   ] GC(2086)   Other: 0.2ms
[2024-05-30T13:35:18.389+0000][10857.808s][info][gc,heap     ] GC(2086) Eden regions: 772->0(769)
[2024-05-30T13:35:18.389+0000][10857.808s][info][gc,heap     ] GC(2086) Survivor regions: 7->10(98)
[2024-05-30T13:35:18.389+0000][10857.808s][info][gc,heap     ] GC(2086) Old regions: 429->429
[2024-05-30T13:35:18.389+0000][10857.808s][info][gc,heap     ] GC(2086) Archive regions: 2->2
[2024-05-30T13:35:18.389+0000][10857.808s][info][gc,heap     ] GC(2086) Humongous regions: 5->5
[2024-05-30T13:35:18.389+0000][10857.808s][info][gc,metaspace] GC(2086) Metaspace: 432965K(439808K)->432965K(439808K) NonClass: 379053K(382976K)->379053K(382976K) Class: 53911K(56832K)->53911K(56832K)
[2024-05-30T13:35:18.389+0000][10857.808s][info][gc          ] GC(2086) Pause Young (Normal) (G1 Evacuation Pause) 9702M->3551M(12288M) 28.525ms
[2024-05-30T13:35:18.389+0000][10857.808s][info][gc,cpu      ] GC(2086) User=0.16s Sys=0.00s Real=0.03s
[2024-05-30T13:35:26.602+0000][10866.022s][info][gc,start    ] GC(2087) Pause Young (Concurrent Start) (G1 Evacuation Pause)
[2024-05-30T13:35:26.602+0000][10866.022s][info][gc,task     ] GC(2087) Using 6 workers of 6 for evacuation
[2024-05-30T13:35:26.633+0000][10866.052s][info][gc,phases   ] GC(2087)   Pre Evacuate Collection Set: 0.5ms
[2024-05-30T13:35:26.633+0000][10866.052s][info][gc,phases   ] GC(2087)   Merge Heap Roots: 0.2ms
[2024-05-30T13:35:26.633+0000][10866.052s][info][gc,phases   ] GC(2087)   Evacuate Collection Set: 27.4ms
[2024-05-30T13:35:26.633+0000][10866.052s][info][gc,phases   ] GC(2087)   Post Evacuate Collection Set: 2.0ms
[2024-05-30T13:35:26.633+0000][10866.052s][info][gc,phases   ] GC(2087)   Other: 0.3ms
[2024-05-30T13:35:26.633+0000][10866.052s][info][gc,heap     ] GC(2087) Eden regions: 769->0(765)
[2024-05-30T13:35:26.633+0000][10866.052s][info][gc,heap     ] GC(2087) Survivor regions: 10->13(98)
[2024-05-30T13:35:26.633+0000][10866.052s][info][gc,heap     ] GC(2087) Old regions: 429->429
[2024-05-30T13:35:26.633+0000][10866.052s][info][gc,heap     ] GC(2087) Archive regions: 2->2
[2024-05-30T13:35:26.633+0000][10866.052s][info][gc,heap     ] GC(2087) Humongous regions: 5->5
[2024-05-30T13:35:26.633+0000][10866.052s][info][gc,metaspace] GC(2087) Metaspace: 432965K(439808K)->432965K(439808K) NonClass: 379053K(382976K)->379053K(382976K) Class: 53911K(56832K)->53911K(56832K)
[2024-05-30T13:35:26.633+0000][10866.052s][info][gc          ] GC(2087) Pause Young (Concurrent Start) (G1 Evacuation Pause) 9703M->3573M(12288M) 30.516ms
[2024-05-30T13:35:26.633+0000][10866.052s][info][gc,cpu      ] GC(2087) User=0.17s Sys=0.00s Real=0.03s
[2024-05-30T13:35:26.633+0000][10866.052s][info][gc          ] GC(2088) Concurrent Mark Cycle
[2024-05-30T13:35:26.633+0000][10866.052s][info][gc,marking  ] GC(2088) Concurrent Clear Claimed Marks
[2024-05-30T13:35:26.633+0000][10866.053s][info][gc,marking  ] GC(2088) Concurrent Clear Claimed Marks 0.382ms
[2024-05-30T13:35:26.633+0000][10866.053s][info][gc,marking  ] GC(2088) Concurrent Scan Root Regions
[2024-05-30T13:35:26.654+0000][10866.073s][info][gc,marking  ] GC(2088) Concurrent Scan Root Regions 20.554ms
[2024-05-30T13:35:26.654+0000][10866.073s][info][gc,marking  ] GC(2088) Concurrent Mark
[2024-05-30T13:35:26.654+0000][10866.073s][info][gc,marking  ] GC(2088) Concurrent Mark From Roots
[2024-05-30T13:35:26.654+0000][10866.073s][info][gc,task     ] GC(2088) Using 2 workers of 2 for marking
[2024-05-30T13:35:29.172+0000][10868.591s][info][gc,marking  ] GC(2088) Concurrent Mark From Roots 2518.217ms
[2024-05-30T13:35:29.172+0000][10868.592s][info][gc,marking  ] GC(2088) Concurrent Preclean
[2024-05-30T13:35:29.174+0000][10868.593s][info][gc,marking  ] GC(2088) Concurrent Preclean 1.540ms
[2024-05-30T13:35:29.174+0000][10868.593s][info][gc,start    ] GC(2088) Pause Remark
[2024-05-30T13:35:29.198+0000][10868.617s][info][gc          ] GC(2088) Pause Remark 5245M->5245M(12288M) 23.977ms
[2024-05-30T13:35:29.198+0000][10868.617s][info][gc,cpu      ] GC(2088) User=0.11s Sys=0.00s Real=0.03s
[2024-05-30T13:35:29.198+0000][10868.618s][info][gc,marking  ] GC(2088) Concurrent Mark 2544.273ms
[2024-05-30T13:35:29.198+0000][10868.618s][info][gc,marking  ] GC(2088) Concurrent Rebuild Remembered Sets
[2024-05-30T13:35:30.691+0000][10870.110s][info][gc,marking  ] GC(2088) Concurrent Rebuild Remembered Sets 1492.484ms
[2024-05-30T13:35:30.691+0000][10870.110s][info][gc,start    ] GC(2088) Pause Cleanup
[2024-05-30T13:35:30.692+0000][10870.111s][info][gc          ] GC(2088) Pause Cleanup 6273M->6273M(12288M) 0.623ms
[2024-05-30T13:35:30.692+0000][10870.111s][info][gc,cpu      ] GC(2088) User=0.00s Sys=0.00s Real=0.00s
[2024-05-30T13:35:30.692+0000][10870.111s][info][gc,marking  ] GC(2088) Concurrent Cleanup for Next Mark
[2024-05-30T13:35:30.709+0000][10870.128s][info][gc,marking  ] GC(2088) Concurrent Cleanup for Next Mark 17.386ms
[2024-05-30T13:35:30.709+0000][10870.128s][info][gc          ] GC(2088) Concurrent Mark Cycle 4076.190ms
[2024-05-30T13:35:35.276+0000][10874.695s][info][gc,start    ] GC(2089) Pause Young (Prepare Mixed) (G1 Evacuation Pause)
[2024-05-30T13:35:35.276+0000][10874.695s][info][gc,task     ] GC(2089) Using 6 workers of 6 for evacuation
[2024-05-30T13:35:35.308+0000][10874.727s][info][gc,phases   ] GC(2089)   Pre Evacuate Collection Set: 0.2ms
[2024-05-30T13:35:35.308+0000][10874.727s][info][gc,phases   ] GC(2089)   Merge Heap Roots: 0.3ms
[2024-05-30T13:35:35.308+0000][10874.727s][info][gc,phases   ] GC(2089)   Evacuate Collection Set: 29.4ms
[2024-05-30T13:35:35.308+0000][10874.727s][info][gc,phases   ] GC(2089)   Post Evacuate Collection Set: 1.9ms
[2024-05-30T13:35:35.308+0000][10874.727s][info][gc,phases   ] GC(2089)   Other: 0.2ms
[2024-05-30T13:35:35.308+0000][10874.727s][info][gc,heap     ] GC(2089) Eden regions: 765->0(64)
[2024-05-30T13:35:35.308+0000][10874.727s][info][gc,heap     ] GC(2089) Survivor regions: 13->12(98)
[2024-05-30T13:35:35.308+0000][10874.727s][info][gc,heap     ] GC(2089) Old regions: 429->429
[2024-05-30T13:35:35.308+0000][10874.727s][info][gc,heap     ] GC(2089) Archive regions: 2->2
[2024-05-30T13:35:35.308+0000][10874.727s][info][gc,heap     ] GC(2089) Humongous regions: 5->5
[2024-05-30T13:35:35.308+0000][10874.727s][info][gc,metaspace] GC(2089) Metaspace: 432965K(439808K)->432965K(439808K) NonClass: 379053K(382976K)->379053K(382976K) Class: 53911K(56832K)->53911K(56832K)
[2024-05-30T13:35:35.308+0000][10874.728s][info][gc          ] GC(2089) Pause Young (Prepare Mixed) (G1 Evacuation Pause) 9693M->3569M(12288M) 32.035ms
[2024-05-30T13:35:35.308+0000][10874.728s][info][gc,cpu      ] GC(2089) User=0.18s Sys=0.00s Real=0.04s
[2024-05-30T13:35:36.058+0000][10875.478s][info][gc,start    ] GC(2090) Pause Young (Mixed) (G1 Evacuation Pause)
[2024-05-30T13:35:36.058+0000][10875.478s][info][gc,task     ] GC(2090) Using 6 workers of 6 for evacuation
[2024-05-30T13:35:36.137+0000][10875.556s][info][gc,phases   ] GC(2090)   Pre Evacuate Collection Set: 0.2ms
[2024-05-30T13:35:36.137+0000][10875.556s][info][gc,phases   ] GC(2090)   Merge Heap Roots: 0.4ms
[2024-05-30T13:35:36.137+0000][10875.556s][info][gc,phases   ] GC(2090)   Evacuate Collection Set: 76.8ms
[2024-05-30T13:35:36.137+0000][10875.556s][info][gc,phases   ] GC(2090)   Post Evacuate Collection Set: 1.3ms
[2024-05-30T13:35:36.137+0000][10875.556s][info][gc,phases   ] GC(2090)   Other: 0.2ms
[2024-05-30T13:35:36.137+0000][10875.556s][info][gc,heap     ] GC(2090) Eden regions: 64->0(775)
[2024-05-30T13:35:36.137+0000][10875.556s][info][gc,heap     ] GC(2090) Survivor regions: 12->5(10)
[2024-05-30T13:35:36.137+0000][10875.556s][info][gc,heap     ] GC(2090) Old regions: 429->428
[2024-05-30T13:35:36.137+0000][10875.556s][info][gc,heap     ] GC(2090) Archive regions: 2->2
[2024-05-30T13:35:36.137+0000][10875.556s][info][gc,heap     ] GC(2090) Humongous regions: 5->5
[2024-05-30T13:35:36.137+0000][10875.556s][info][gc,metaspace] GC(2090) Metaspace: 432965K(439808K)->432965K(439808K) NonClass: 379053K(382976K)->379053K(382976K) Class: 53911K(56832K)->53911K(56832K)
[2024-05-30T13:35:36.137+0000][10875.557s][info][gc          ] GC(2090) Pause Young (Mixed) (G1 Evacuation Pause) 4081M->3505M(12288M) 78.890ms
[2024-05-30T13:35:36.137+0000][10875.557s][info][gc,cpu      ] GC(2090) User=0.47s Sys=0.00s Real=0.08s
[2024-05-30T13:35:44.527+0000][10883.947s][info][gc,start    ] GC(2091) Pause Young (Normal) (G1 Evacuation Pause)
[2024-05-30T13:35:44.527+0000][10883.947s][info][gc,task     ] GC(2091) Using 6 workers of 6 for evacuation
[2024-05-30T13:35:44.548+0000][10883.967s][info][gc,phases   ] GC(2091)   Pre Evacuate Collection Set: 0.2ms
[2024-05-30T13:35:44.548+0000][10883.967s][info][gc,phases   ] GC(2091)   Merge Heap Roots: 0.2ms
[2024-05-30T13:35:44.548+0000][10883.967s][info][gc,phases   ] GC(2091)   Evacuate Collection Set: 18.2ms
[2024-05-30T13:35:44.548+0000][10883.967s][info][gc,phases   ] GC(2091)   Post Evacuate Collection Set: 1.7ms
[2024-05-30T13:35:44.548+0000][10883.967s][info][gc,phases   ] GC(2091)   Other: 0.2ms
[2024-05-30T13:35:44.548+0000][10883.967s][info][gc,heap     ] GC(2091) Eden regions: 775->0(772)
[2024-05-30T13:35:44.548+0000][10883.967s][info][gc,heap     ] GC(2091) Survivor regions: 5->8(98)
[2024-05-30T13:35:44.548+0000][10883.967s][info][gc,heap     ] GC(2091) Old regions: 428->428
[2024-05-30T13:35:44.548+0000][10883.967s][info][gc,heap     ] GC(2091) Archive regions: 2->2
[2024-05-30T13:35:44.548+0000][10883.967s][info][gc,heap     ] GC(2091) Humongous regions: 5->5
[2024-05-30T13:35:44.548+0000][10883.967s][info][gc,metaspace] GC(2091) Metaspace: 432967K(439808K)->432967K(439808K) NonClass: 379055K(382976K)->379055K(382976K) Class: 53911K(56832K)->53911K(56832K)
[2024-05-30T13:35:44.548+0000][10883.967s][info][gc          ] GC(2091) Pause Young (Normal) (G1 Evacuation Pause) 9705M->3524M(12288M) 20.556ms
[2024-05-30T13:35:44.548+0000][10883.967s][info][gc,cpu      ] GC(2091) User=0.12s Sys=0.00s Real=0.02s
[2024-05-30T13:35:52.521+0000][10891.940s][info][gc,start    ] GC(2092) Pause Young (Normal) (G1 Evacuation Pause)
[2024-05-30T13:35:52.521+0000][10891.940s][info][gc,task     ] GC(2092) Using 6 workers of 6 for evacuation
[2024-05-30T13:35:52.546+0000][10891.965s][info][gc,phases   ] GC(2092)   Pre Evacuate Collection Set: 0.2ms
[2024-05-30T13:35:52.546+0000][10891.965s][info][gc,phases   ] GC(2092)   Merge Heap Roots: 0.2ms
[2024-05-30T13:35:52.546+0000][10891.965s][info][gc,phases   ] GC(2092)   Evacuate Collection Set: 22.7ms
[2024-05-30T13:35:52.546+0000][10891.965s][info][gc,phases   ] GC(2092)   Post Evacuate Collection Set: 2.0ms
[2024-05-30T13:35:52.546+0000][10891.965s][info][gc,phases   ] GC(2092)   Other: 0.2ms
[2024-05-30T13:35:52.546+0000][10891.965s][info][gc,heap     ] GC(2092) Eden regions: 772->0(768)
[2024-05-30T13:35:52.546+0000][10891.965s][info][gc,heap     ] GC(2092) Survivor regions: 8->11(98)
[2024-05-30T13:35:52.546+0000][10891.965s][info][gc,heap     ] GC(2092) Old regions: 428->428
[2024-05-30T13:35:52.546+0000][10891.965s][info][gc,heap     ] GC(2092) Archive regions: 2->2
[2024-05-30T13:35:52.546+0000][10891.965s][info][gc,heap     ] GC(2092) Humongous regions: 5->5
[2024-05-30T13:35:52.546+0000][10891.965s][info][gc,metaspace] GC(2092) Metaspace: 432969K(439808K)->432969K(439808K) NonClass: 379057K(382976K)->379057K(382976K) Class: 53911K(56832K)->53911K(56832K)
[2024-05-30T13:35:52.546+0000][10891.965s][info][gc          ] GC(2092) Pause Young (Normal) (G1 Evacuation Pause) 9700M->3550M(12288M) 25.374ms
[2024-05-30T13:35:52.546+0000][10891.965s][info][gc,cpu      ] GC(2092) User=0.15s Sys=0.00s Real=0.02s
[2024-05-30T13:36:00.461+0000][10899.881s][info][gc,start    ] GC(2093) Pause Young (Concurrent Start) (G1 Evacuation Pause)
[2024-05-30T13:36:00.462+0000][10899.881s][info][gc,task     ] GC(2093) Using 6 workers of 6 for evacuation
[2024-05-30T13:36:00.493+0000][10899.912s][info][gc,phases   ] GC(2093)   Pre Evacuate Collection Set: 0.6ms
[2024-05-30T13:36:00.493+0000][10899.912s][info][gc,phases   ] GC(2093)   Merge Heap Roots: 0.3ms
[2024-05-30T13:36:00.493+0000][10899.912s][info][gc,phases   ] GC(2093)   Evacuate Collection Set: 28.4ms
[2024-05-30T13:36:00.493+0000][10899.912s][info][gc,phases   ] GC(2093)   Post Evacuate Collection Set: 1.8ms
[2024-05-30T13:36:00.493+0000][10899.912s][info][gc,phases   ] GC(2093)   Other: 0.3ms
[2024-05-30T13:36:00.493+0000][10899.912s][info][gc,heap     ] GC(2093) Eden regions: 768->0(769)
[2024-05-30T13:36:00.493+0000][10899.912s][info][gc,heap     ] GC(2093) Survivor regions: 11->11(98)
[2024-05-30T13:36:00.493+0000][10899.912s][info][gc,heap     ] GC(2093) Old regions: 428->428
[2024-05-30T13:36:00.493+0000][10899.912s][info][gc,heap     ] GC(2093) Archive regions: 2->2
[2024-05-30T13:36:00.493+0000][10899.912s][info][gc,heap     ] GC(2093) Humongous regions: 5->5
[2024-05-30T13:36:00.493+0000][10899.912s][info][gc,metaspace] GC(2093) Metaspace: 432969K(439808K)->432969K(439808K) NonClass: 379057K(382976K)->379057K(382976K) Class: 53911K(56832K)->53911K(56832K)
[2024-05-30T13:36:00.493+0000][10899.912s][info][gc          ] GC(2093) Pause Young (Concurrent Start) (G1 Evacuation Pause) 9694M->3549M(12288M) 31.322ms
[2024-05-30T13:36:00.493+0000][10899.912s][info][gc,cpu      ] GC(2093) User=0.18s Sys=0.00s Real=0.03s
[2024-05-30T13:36:00.493+0000][10899.912s][info][gc          ] GC(2094) Concurrent Mark Cycle
[2024-05-30T13:36:00.493+0000][10899.912s][info][gc,marking  ] GC(2094) Concurrent Clear Claimed Marks
[2024-05-30T13:36:00.493+0000][10899.913s][info][gc,marking  ] GC(2094) Concurrent Clear Claimed Marks 0.434ms
[2024-05-30T13:36:00.493+0000][10899.913s][info][gc,marking  ] GC(2094) Concurrent Scan Root Regions
[2024-05-30T13:36:00.520+0000][10899.939s][info][gc,marking  ] GC(2094) Concurrent Scan Root Regions 26.630ms
[2024-05-30T13:36:00.520+0000][10899.939s][info][gc,marking  ] GC(2094) Concurrent Mark
[2024-05-30T13:36:00.520+0000][10899.939s][info][gc,marking  ] GC(2094) Concurrent Mark From Roots
[2024-05-30T13:36:00.520+0000][10899.939s][info][gc,task     ] GC(2094) Using 2 workers of 2 for marking
[2024-05-30T13:36:03.127+0000][10902.546s][info][gc,marking  ] GC(2094) Concurrent Mark From Roots 2607.078ms
[2024-05-30T13:36:03.127+0000][10902.546s][info][gc,marking  ] GC(2094) Concurrent Preclean
[2024-05-30T13:36:03.129+0000][10902.548s][info][gc,marking  ] GC(2094) Concurrent Preclean 1.412ms
[2024-05-30T13:36:03.129+0000][10902.548s][info][gc,start    ] GC(2094) Pause Remark
[2024-05-30T13:36:03.153+0000][10902.572s][info][gc          ] GC(2094) Pause Remark 5381M->5381M(12288M) 23.851ms
[2024-05-30T13:36:03.153+0000][10902.572s][info][gc,cpu      ] GC(2094) User=0.11s Sys=0.00s Real=0.02s
[2024-05-30T13:36:03.153+0000][10902.572s][info][gc,marking  ] GC(2094) Concurrent Mark 2632.722ms
[2024-05-30T13:36:03.153+0000][10902.572s][info][gc,marking  ] GC(2094) Concurrent Rebuild Remembered Sets
[2024-05-30T13:36:04.743+0000][10904.162s][info][gc,marking  ] GC(2094) Concurrent Rebuild Remembered Sets 1590.312ms
[2024-05-30T13:36:04.743+0000][10904.163s][info][gc,start    ] GC(2094) Pause Cleanup
[2024-05-30T13:36:04.744+0000][10904.163s][info][gc          ] GC(2094) Pause Cleanup 6525M->6525M(12288M) 0.616ms
[2024-05-30T13:36:04.744+0000][10904.163s][info][gc,cpu      ] GC(2094) User=0.00s Sys=0.00s Real=0.00s
[2024-05-30T13:36:04.744+0000][10904.163s][info][gc,marking  ] GC(2094) Concurrent Cleanup for Next Mark
[2024-05-30T13:36:04.773+0000][10904.192s][info][gc,marking  ] GC(2094) Concurrent Cleanup for Next Mark 28.843ms
[2024-05-30T13:36:04.773+0000][10904.192s][info][gc          ] GC(2094) Concurrent Mark Cycle 4280.037ms
[2024-05-30T13:36:08.934+0000][10908.353s][info][gc,start    ] GC(2095) Pause Young (Prepare Mixed) (G1 Evacuation Pause)
[2024-05-30T13:36:08.934+0000][10908.353s][info][gc,task     ] GC(2095) Using 6 workers of 6 for evacuation
[2024-05-30T13:36:08.969+0000][10908.388s][info][gc,phases   ] GC(2095)   Pre Evacuate Collection Set: 0.2ms
[2024-05-30T13:36:08.969+0000][10908.388s][info][gc,phases   ] GC(2095)   Merge Heap Roots: 0.3ms
[2024-05-30T13:36:08.969+0000][10908.388s][info][gc,phases   ] GC(2095)   Evacuate Collection Set: 31.9ms
[2024-05-30T13:36:08.969+0000][10908.388s][info][gc,phases   ] GC(2095)   Post Evacuate Collection Set: 2.0ms
[2024-05-30T13:36:08.969+0000][10908.388s][info][gc,phases   ] GC(2095)   Other: 0.2ms
[2024-05-30T13:36:08.969+0000][10908.388s][info][gc,heap     ] GC(2095) Eden regions: 769->0(63)
[2024-05-30T13:36:08.969+0000][10908.388s][info][gc,heap     ] GC(2095) Survivor regions: 11->13(98)
[2024-05-30T13:36:08.969+0000][10908.388s][info][gc,heap     ] GC(2095) Old regions: 428->428
[2024-05-30T13:36:08.969+0000][10908.388s][info][gc,heap     ] GC(2095) Archive regions: 2->2
[2024-05-30T13:36:08.969+0000][10908.388s][info][gc,heap     ] GC(2095) Humongous regions: 5->5
[2024-05-30T13:36:08.969+0000][10908.388s][info][gc,metaspace] GC(2095) Metaspace: 432969K(439808K)->432969K(439808K) NonClass: 379057K(382976K)->379057K(382976K) Class: 53911K(56832K)->53911K(56832K)
[2024-05-30T13:36:08.969+0000][10908.388s][info][gc          ] GC(2095) Pause Young (Prepare Mixed) (G1 Evacuation Pause) 9701M->3571M(12288M) 34.724ms
[2024-05-30T13:36:08.969+0000][10908.388s][info][gc,cpu      ] GC(2095) User=0.20s Sys=0.00s Real=0.04s
[2024-05-30T13:36:09.137+0000][10908.556s][info][gc,start    ] GC(2096) Pause Young (Mixed) (G1 Evacuation Pause)
[2024-05-30T13:36:09.137+0000][10908.556s][info][gc,task     ] GC(2096) Using 6 workers of 6 for evacuation
[2024-05-30T13:36:09.221+0000][10908.641s][info][gc,phases   ] GC(2096)   Pre Evacuate Collection Set: 0.2ms
[2024-05-30T13:36:09.221+0000][10908.641s][info][gc,phases   ] GC(2096)   Merge Heap Roots: 0.4ms
[2024-05-30T13:36:09.221+0000][10908.641s][info][gc,phases   ] GC(2096)   Evacuate Collection Set: 81.6ms
[2024-05-30T13:36:09.221+0000][10908.641s][info][gc,phases   ] GC(2096)   Post Evacuate Collection Set: 2.3ms
[2024-05-30T13:36:09.221+0000][10908.641s][info][gc,phases   ] GC(2096)   Other: 0.2ms
[2024-05-30T13:36:09.221+0000][10908.641s][info][gc,heap     ] GC(2096) Eden regions: 63->0(773)
[2024-05-30T13:36:09.221+0000][10908.641s][info][gc,heap     ] GC(2096) Survivor regions: 13->5(10)
[2024-05-30T13:36:09.221+0000][10908.641s][info][gc,heap     ] GC(2096) Old regions: 428->430
[2024-05-30T13:36:09.221+0000][10908.641s][info][gc,heap     ] GC(2096) Archive regions: 2->2
[2024-05-30T13:36:09.221+0000][10908.641s][info][gc,heap     ] GC(2096) Humongous regions: 5->5
[2024-05-30T13:36:09.221+0000][10908.641s][info][gc,metaspace] GC(2096) Metaspace: 432969K(439808K)->432969K(439808K) NonClass: 379057K(382976K)->379057K(382976K) Class: 53911K(56832K)->53911K(56832K)
[2024-05-30T13:36:09.221+0000][10908.641s][info][gc          ] GC(2096) Pause Young (Mixed) (G1 Evacuation Pause) 4075M->3519M(12288M) 84.835ms
[2024-05-30T13:36:09.221+0000][10908.641s][info][gc,cpu      ] GC(2096) User=0.51s Sys=0.00s Real=0.08s
[2024-05-30T13:36:11.459+0000][10910.878s][info][gc,start    ] GC(2097) Pause Young (Normal) (G1 Evacuation Pause)
[2024-05-30T13:36:11.459+0000][10910.878s][info][gc,task     ] GC(2097) Using 6 workers of 6 for evacuation
[2024-05-30T13:36:11.514+0000][10910.933s][info][gc,phases   ] GC(2097)   Pre Evacuate Collection Set: 0.2ms
[2024-05-30T13:36:11.514+0000][10910.933s][info][gc,phases   ] GC(2097)   Merge Heap Roots: 0.2ms
[2024-05-30T13:36:11.514+0000][10910.933s][info][gc,phases   ] GC(2097)   Evacuate Collection Set: 41.7ms
[2024-05-30T13:36:11.514+0000][10910.933s][info][gc,phases   ] GC(2097)   Post Evacuate Collection Set: 13.0ms
[2024-05-30T13:36:11.514+0000][10910.933s][info][gc,phases   ] GC(2097)   Other: 0.2ms
[2024-05-30T13:36:11.514+0000][10910.933s][info][gc,heap     ] GC(2097) Eden regions: 773->0(768)
[2024-05-30T13:36:11.514+0000][10910.933s][info][gc,heap     ] GC(2097) Survivor regions: 5->9(98)
[2024-05-30T13:36:11.514+0000][10910.933s][info][gc,heap     ] GC(2097) Old regions: 430->430
[2024-05-30T13:36:11.514+0000][10910.933s][info][gc,heap     ] GC(2097) Archive regions: 2->2
[2024-05-30T13:36:11.514+0000][10910.933s][info][gc,heap     ] GC(2097) Humongous regions: 5->5
[2024-05-30T13:36:11.514+0000][10910.933s][info][gc,metaspace] GC(2097) Metaspace: 432969K(439808K)->432969K(439808K) NonClass: 379057K(382976K)->379057K(382976K) Class: 53911K(56832K)->53911K(56832K)
[2024-05-30T13:36:11.514+0000][10910.933s][info][gc          ] GC(2097) Pause Young (Normal) (G1 Evacuation Pause) 9703M->3549M(12288M) 55.319ms
[2024-05-30T13:36:11.514+0000][10910.934s][info][gc,cpu      ] GC(2097) User=0.31s Sys=0.00s Real=0.05s
[2024-05-30T13:36:13.828+0000][10913.247s][info][gc,start    ] GC(2098) Pause Young (Normal) (G1 Evacuation Pause)
[2024-05-30T13:36:13.828+0000][10913.247s][info][gc,task     ] GC(2098) Using 6 workers of 6 for evacuation
[2024-05-30T13:36:13.907+0000][10913.326s][info][gc,phases   ] GC(2098)   Pre Evacuate Collection Set: 0.2ms
[2024-05-30T13:36:13.907+0000][10913.326s][info][gc,phases   ] GC(2098)   Merge Heap Roots: 0.2ms
[2024-05-30T13:36:13.907+0000][10913.326s][info][gc,phases   ] GC(2098)   Evacuate Collection Set: 62.4ms
[2024-05-30T13:36:13.907+0000][10913.326s][info][gc,phases   ] GC(2098)   Post Evacuate Collection Set: 16.5ms
[2024-05-30T13:36:13.907+0000][10913.326s][info][gc,phases   ] GC(2098)   Other: 0.2ms
[2024-05-30T13:36:13.907+0000][10913.326s][info][gc,heap     ] GC(2098) Eden regions: 768->0(761)
[2024-05-30T13:36:13.907+0000][10913.326s][info][gc,heap     ] GC(2098) Survivor regions: 9->14(98)
[2024-05-30T13:36:13.907+0000][10913.326s][info][gc,heap     ] GC(2098) Old regions: 430->430
[2024-05-30T13:36:13.907+0000][10913.326s][info][gc,heap     ] GC(2098) Archive regions: 2->2
[2024-05-30T13:36:13.907+0000][10913.326s][info][gc,heap     ] GC(2098) Humongous regions: 5->5
[2024-05-30T13:36:13.907+0000][10913.326s][info][gc,metaspace] GC(2098) Metaspace: 432969K(439808K)->432969K(439808K) NonClass: 379057K(382976K)->379057K(382976K) Class: 53911K(56832K)->53911K(56832K)
[2024-05-30T13:36:13.907+0000][10913.327s][info][gc          ] GC(2098) Pause Young (Normal) (G1 Evacuation Pause) 9693M->3587M(12288M) 79.556ms
[2024-05-30T13:36:13.907+0000][10913.327s][info][gc,cpu      ] GC(2098) User=0.47s Sys=0.00s Real=0.08s
[2024-05-30T13:36:16.392+0000][10915.811s][info][gc,start    ] GC(2099) Pause Young (Concurrent Start) (G1 Evacuation Pause)
[2024-05-30T13:36:16.392+0000][10915.811s][info][gc,task     ] GC(2099) Using 6 workers of 6 for evacuation
[2024-05-30T13:36:16.492+0000][10915.911s][info][gc,phases   ] GC(2099)   Pre Evacuate Collection Set: 0.5ms
[2024-05-30T13:36:16.492+0000][10915.911s][info][gc,phases   ] GC(2099)   Merge Heap Roots: 0.2ms
[2024-05-30T13:36:16.492+0000][10915.911s][info][gc,phases   ] GC(2099)   Evacuate Collection Set: 79.9ms
[2024-05-30T13:36:16.492+0000][10915.911s][info][gc,phases   ] GC(2099)   Post Evacuate Collection Set: 18.6ms
[2024-05-30T13:36:16.492+0000][10915.911s][info][gc,phases   ] GC(2099)   Other: 0.3ms
[2024-05-30T13:36:16.492+0000][10915.911s][info][gc,heap     ] GC(2099) Eden regions: 761->0(751)
[2024-05-30T13:36:16.492+0000][10915.911s][info][gc,heap     ] GC(2099) Survivor regions: 14->20(97)
[2024-05-30T13:36:16.492+0000][10915.911s][info][gc,heap     ] GC(2099) Old regions: 430->430
[2024-05-30T13:36:16.492+0000][10915.911s][info][gc,heap     ] GC(2099) Archive regions: 2->2
[2024-05-30T13:36:16.492+0000][10915.911s][info][gc,heap     ] GC(2099) Humongous regions: 5->5
[2024-05-30T13:36:16.492+0000][10915.911s][info][gc,metaspace] GC(2099) Metaspace: 432969K(439808K)->432969K(439808K) NonClass: 379057K(382976K)->379057K(382976K) Class: 53911K(56832K)->53911K(56832K)
[2024-05-30T13:36:16.492+0000][10915.911s][info][gc          ] GC(2099) Pause Young (Concurrent Start) (G1 Evacuation Pause) 9675M->3634M(12288M) 99.550ms
[2024-05-30T13:36:16.492+0000][10915.911s][info][gc,cpu      ] GC(2099) User=0.58s Sys=0.00s Real=0.10s
[2024-05-30T13:36:16.492+0000][10915.911s][info][gc          ] GC(2100) Concurrent Mark Cycle
[2024-05-30T13:36:16.492+0000][10915.911s][info][gc,marking  ] GC(2100) Concurrent Clear Claimed Marks
[2024-05-30T13:36:16.492+0000][10915.911s][info][gc,marking  ] GC(2100) Concurrent Clear Claimed Marks 0.395ms
[2024-05-30T13:36:16.492+0000][10915.911s][info][gc,marking  ] GC(2100) Concurrent Scan Root Regions
[2024-05-30T13:36:16.566+0000][10915.985s][info][gc,marking  ] GC(2100) Concurrent Scan Root Regions 73.504ms
[2024-05-30T13:36:16.566+0000][10915.985s][info][gc,marking  ] GC(2100) Concurrent Mark
[2024-05-30T13:36:16.566+0000][10915.985s][info][gc,marking  ] GC(2100) Concurrent Mark From Roots
[2024-05-30T13:36:16.566+0000][10915.985s][info][gc,task     ] GC(2100) Using 2 workers of 2 for marking
[2024-05-30T13:36:19.529+0000][10918.949s][info][gc,start    ] GC(2101) Pause Young (Normal) (G1 Evacuation Pause)
[2024-05-30T13:36:19.530+0000][10918.949s][info][gc,task     ] GC(2101) Using 6 workers of 6 for evacuation
[2024-05-30T13:36:19.641+0000][10919.061s][info][gc,phases   ] GC(2101)   Pre Evacuate Collection Set: 0.2ms
[2024-05-30T13:36:19.641+0000][10919.061s][info][gc,phases   ] GC(2101)   Merge Heap Roots: 0.3ms
[2024-05-30T13:36:19.641+0000][10919.061s][info][gc,phases   ] GC(2101)   Evacuate Collection Set: 92.8ms
[2024-05-30T13:36:19.641+0000][10919.061s][info][gc,phases   ] GC(2101)   Post Evacuate Collection Set: 18.4ms
[2024-05-30T13:36:19.641+0000][10919.061s][info][gc,phases   ] GC(2101)   Other: 0.2ms
[2024-05-30T13:36:19.641+0000][10919.061s][info][gc,heap     ] GC(2101) Eden regions: 751->0(745)
[2024-05-30T13:36:19.641+0000][10919.061s][info][gc,heap     ] GC(2101) Survivor regions: 20->23(97)
[2024-05-30T13:36:19.641+0000][10919.061s][info][gc,heap     ] GC(2101) Old regions: 430->430
[2024-05-30T13:36:19.641+0000][10919.061s][info][gc,heap     ] GC(2101) Archive regions: 2->2
[2024-05-30T13:36:19.641+0000][10919.061s][info][gc,heap     ] GC(2101) Humongous regions: 5->5
[2024-05-30T13:36:19.641+0000][10919.061s][info][gc,metaspace] GC(2101) Metaspace: 432969K(439808K)->432969K(439808K) NonClass: 379057K(382976K)->379057K(382976K) Class: 53911K(56832K)->53911K(56832K)
[2024-05-30T13:36:19.642+0000][10919.061s][info][gc          ] GC(2101) Pause Young (Normal) (G1 Evacuation Pause) 9642M->3663M(12288M) 112.030ms
[2024-05-30T13:36:19.642+0000][10919.061s][info][gc,cpu      ] GC(2101) User=0.66s Sys=0.00s Real=0.11s
[2024-05-30T13:36:19.940+0000][10919.359s][info][gc,marking  ] GC(2100) Concurrent Mark From Roots 3374.229ms
[2024-05-30T13:36:19.940+0000][10919.359s][info][gc,marking  ] GC(2100) Concurrent Preclean
[2024-05-30T13:36:19.942+0000][10919.361s][info][gc,marking  ] GC(2100) Concurrent Preclean 1.676ms
[2024-05-30T13:36:19.942+0000][10919.361s][info][gc,start    ] GC(2100) Pause Remark
[2024-05-30T13:36:19.966+0000][10919.385s][info][gc          ] GC(2100) Pause Remark 4199M->4199M(12288M) 24.118ms
[2024-05-30T13:36:19.966+0000][10919.385s][info][gc,cpu      ] GC(2100) User=0.10s Sys=0.01s Real=0.02s
[2024-05-30T13:36:19.966+0000][10919.386s][info][gc,marking  ] GC(2100) Concurrent Mark 3400.512ms
[2024-05-30T13:36:19.966+0000][10919.386s][info][gc,marking  ] GC(2100) Concurrent Rebuild Remembered Sets
[2024-05-30T13:36:21.535+0000][10920.955s][info][gc,marking  ] GC(2100) Concurrent Rebuild Remembered Sets 1568.982ms
[2024-05-30T13:36:21.535+0000][10920.955s][info][gc,start    ] GC(2100) Pause Cleanup
[2024-05-30T13:36:21.536+0000][10920.955s][info][gc          ] GC(2100) Pause Cleanup 7587M->7587M(12288M) 0.657ms
[2024-05-30T13:36:21.536+0000][10920.955s][info][gc,cpu      ] GC(2100) User=0.00s Sys=0.00s Real=0.00s
[2024-05-30T13:36:21.536+0000][10920.956s][info][gc,marking  ] GC(2100) Concurrent Cleanup for Next Mark
[2024-05-30T13:36:21.554+0000][10920.973s][info][gc,marking  ] GC(2100) Concurrent Cleanup for Next Mark 17.257ms
[2024-05-30T13:36:21.554+0000][10920.973s][info][gc          ] GC(2100) Concurrent Mark Cycle 5061.766ms
[2024-05-30T13:36:22.234+0000][10921.654s][info][gc,start    ] GC(2102) Pause Young (Prepare Mixed) (G1 Evacuation Pause)
[2024-05-30T13:36:22.234+0000][10921.654s][info][gc,task     ] GC(2102) Using 6 workers of 6 for evacuation
[2024-05-30T13:36:22.339+0000][10921.758s][info][gc,phases   ] GC(2102)   Pre Evacuate Collection Set: 0.3ms
[2024-05-30T13:36:22.339+0000][10921.758s][info][gc,phases   ] GC(2102)   Merge Heap Roots: 0.7ms
[2024-05-30T13:36:22.339+0000][10921.758s][info][gc,phases   ] GC(2102)   Evacuate Collection Set: 89.8ms
[2024-05-30T13:36:22.339+0000][10921.758s][info][gc,phases   ] GC(2102)   Post Evacuate Collection Set: 13.8ms
[2024-05-30T13:36:22.339+0000][10921.758s][info][gc,phases   ] GC(2102)   Other: 0.2ms
[2024-05-30T13:36:22.339+0000][10921.758s][info][gc,heap     ] GC(2102) Eden regions: 745->0(51)
[2024-05-30T13:36:22.339+0000][10921.759s][info][gc,heap     ] GC(2102) Survivor regions: 23->25(96)
[2024-05-30T13:36:22.339+0000][10921.759s][info][gc,heap     ] GC(2102) Old regions: 430->430
[2024-05-30T13:36:22.339+0000][10921.759s][info][gc,heap     ] GC(2102) Archive regions: 2->2
[2024-05-30T13:36:22.339+0000][10921.759s][info][gc,heap     ] GC(2102) Humongous regions: 5->5
[2024-05-30T13:36:22.339+0000][10921.759s][info][gc,metaspace] GC(2102) Metaspace: 432969K(439808K)->432969K(439808K) NonClass: 379057K(382976K)->379057K(382976K) Class: 53911K(56832K)->53911K(56832K)
[2024-05-30T13:36:22.339+0000][10921.759s][info][gc          ] GC(2102) Pause Young (Prepare Mixed) (G1 Evacuation Pause) 9623M->3679M(12288M) 104.876ms
[2024-05-30T13:36:22.339+0000][10921.759s][info][gc,cpu      ] GC(2102) User=0.63s Sys=0.00s Real=0.11s
[2024-05-30T13:36:22.460+0000][10921.880s][info][gc,start    ] GC(2103) Pause Young (Mixed) (G1 Evacuation Pause)
[2024-05-30T13:36:22.461+0000][10921.880s][info][gc,task     ] GC(2103) Using 6 workers of 6 for evacuation
[2024-05-30T13:36:22.584+0000][10922.003s][info][gc,phases   ] GC(2103)   Pre Evacuate Collection Set: 0.2ms
[2024-05-30T13:36:22.584+0000][10922.003s][info][gc,phases   ] GC(2103)   Merge Heap Roots: 0.4ms
[2024-05-30T13:36:22.584+0000][10922.003s][info][gc,phases   ] GC(2103)   Evacuate Collection Set: 121.5ms
[2024-05-30T13:36:22.584+0000][10922.003s][info][gc,phases   ] GC(2103)   Post Evacuate Collection Set: 1.2ms
[2024-05-30T13:36:22.584+0000][10922.003s][info][gc,phases   ] GC(2103)   Other: 0.2ms
[2024-05-30T13:36:22.584+0000][10922.003s][info][gc,heap     ] GC(2103) Eden regions: 51->0(753)
[2024-05-30T13:36:22.584+0000][10922.003s][info][gc,heap     ] GC(2103) Survivor regions: 25->3(10)
[2024-05-30T13:36:22.584+0000][10922.003s][info][gc,heap     ] GC(2103) Old regions: 430->449
[2024-05-30T13:36:22.584+0000][10922.003s][info][gc,heap     ] GC(2103) Archive regions: 2->2
[2024-05-30T13:36:22.584+0000][10922.003s][info][gc,heap     ] GC(2103) Humongous regions: 5->5
[2024-05-30T13:36:22.584+0000][10922.003s][info][gc,metaspace] GC(2103) Metaspace: 432969K(439808K)->432969K(439808K) NonClass: 379057K(382976K)->379057K(382976K) Class: 53911K(56832K)->53911K(56832K)
[2024-05-30T13:36:22.584+0000][10922.003s][info][gc          ] GC(2103) Pause Young (Mixed) (G1 Evacuation Pause) 4087M->3654M(12288M) 123.556ms
[2024-05-30T13:36:22.584+0000][10922.003s][info][gc,cpu      ] GC(2103) User=0.74s Sys=0.00s Real=0.12s
[2024-05-30T13:36:24.510+0000][10923.929s][info][gc,start    ] GC(2104) Pause Young (Normal) (G1 Evacuation Pause)
[2024-05-30T13:36:24.510+0000][10923.929s][info][gc,task     ] GC(2104) Using 6 workers of 6 for evacuation
[2024-05-30T13:36:24.520+0000][10923.939s][info][gc,phases   ] GC(2104)   Pre Evacuate Collection Set: 0.2ms
[2024-05-30T13:36:24.520+0000][10923.939s][info][gc,phases   ] GC(2104)   Merge Heap Roots: 0.2ms
[2024-05-30T13:36:24.520+0000][10923.939s][info][gc,phases   ] GC(2104)   Evacuate Collection Set: 7.1ms
[2024-05-30T13:36:24.520+0000][10923.939s][info][gc,phases   ] GC(2104)   Post Evacuate Collection Set: 2.4ms
[2024-05-30T13:36:24.520+0000][10923.939s][info][gc,phases   ] GC(2104)   Other: 0.2ms
[2024-05-30T13:36:24.520+0000][10923.939s][info][gc,heap     ] GC(2104) Eden regions: 753->0(756)
[2024-05-30T13:36:24.520+0000][10923.939s][info][gc,heap     ] GC(2104) Survivor regions: 3->2(95)
[2024-05-30T13:36:24.520+0000][10923.939s][info][gc,heap     ] GC(2104) Old regions: 449->449
[2024-05-30T13:36:24.520+0000][10923.939s][info][gc,heap     ] GC(2104) Archive regions: 2->2
[2024-05-30T13:36:24.520+0000][10923.939s][info][gc,heap     ] GC(2104) Humongous regions: 5->5
[2024-05-30T13:36:24.520+0000][10923.939s][info][gc,metaspace] GC(2104) Metaspace: 432969K(439808K)->432969K(439808K) NonClass: 379057K(382976K)->379057K(382976K) Class: 53911K(56832K)->53911K(56832K)
[2024-05-30T13:36:24.520+0000][10923.939s][info][gc          ] GC(2104) Pause Young (Normal) (G1 Evacuation Pause) 9678M->3644M(12288M) 10.214ms
[2024-05-30T13:36:24.520+0000][10923.939s][info][gc,cpu      ] GC(2104) User=0.06s Sys=0.00s Real=0.01s
[2024-05-30T13:36:26.871+0000][10926.290s][info][gc,start    ] GC(2105) Pause Young (Normal) (G1 Evacuation Pause)
[2024-05-30T13:36:26.871+0000][10926.290s][info][gc,task     ] GC(2105) Using 6 workers of 6 for evacuation
[2024-05-30T13:36:26.912+0000][10926.331s][info][gc,phases   ] GC(2105)   Pre Evacuate Collection Set: 0.2ms
[2024-05-30T13:36:26.912+0000][10926.331s][info][gc,phases   ] GC(2105)   Merge Heap Roots: 0.2ms
[2024-05-30T13:36:26.912+0000][10926.331s][info][gc,phases   ] GC(2105)   Evacuate Collection Set: 30.6ms
[2024-05-30T13:36:26.912+0000][10926.331s][info][gc,phases   ] GC(2105)   Post Evacuate Collection Set: 10.1ms
[2024-05-30T13:36:26.912+0000][10926.331s][info][gc,phases   ] GC(2105)   Other: 0.2ms
[2024-05-30T13:36:26.912+0000][10926.331s][info][gc,heap     ] GC(2105) Eden regions: 756->0(754)
[2024-05-30T13:36:26.912+0000][10926.331s][info][gc,heap     ] GC(2105) Survivor regions: 2->5(95)
[2024-05-30T13:36:26.912+0000][10926.331s][info][gc,heap     ] GC(2105) Old regions: 449->449
[2024-05-30T13:36:26.912+0000][10926.331s][info][gc,heap     ] GC(2105) Archive regions: 2->2
[2024-05-30T13:36:26.912+0000][10926.331s][info][gc,heap     ] GC(2105) Humongous regions: 5->5
[2024-05-30T13:36:26.912+0000][10926.331s][info][gc,metaspace] GC(2105) Metaspace: 432969K(439808K)->432969K(439808K) NonClass: 379057K(382976K)->379057K(382976K) Class: 53911K(56832K)->53911K(56832K)
[2024-05-30T13:36:26.912+0000][10926.331s][info][gc          ] GC(2105) Pause Young (Normal) (G1 Evacuation Pause) 9692M->3663M(12288M) 41.381ms
[2024-05-30T13:36:26.912+0000][10926.331s][info][gc,cpu      ] GC(2105) User=0.24s Sys=0.00s Real=0.04s
[2024-05-30T13:36:29.278+0000][10928.697s][info][gc,start    ] GC(2106) Pause Young (Concurrent Start) (G1 Evacuation Pause)
[2024-05-30T13:36:29.278+0000][10928.697s][info][gc,task     ] GC(2106) Using 6 workers of 6 for evacuation
[2024-05-30T13:36:29.359+0000][10928.779s][info][gc,phases   ] GC(2106)   Pre Evacuate Collection Set: 0.6ms
[2024-05-30T13:36:29.360+0000][10928.779s][info][gc,phases   ] GC(2106)   Merge Heap Roots: 0.3ms
[2024-05-30T13:36:29.360+0000][10928.779s][info][gc,phases   ] GC(2106)   Evacuate Collection Set: 61.7ms
[2024-05-30T13:36:29.360+0000][10928.779s][info][gc,phases   ] GC(2106)   Post Evacuate Collection Set: 18.9ms
[2024-05-30T13:36:29.360+0000][10928.779s][info][gc,phases   ] GC(2106)   Other: 0.3ms
[2024-05-30T13:36:29.360+0000][10928.779s][info][gc,heap     ] GC(2106) Eden regions: 754->0(749)
[2024-05-30T13:36:29.360+0000][10928.779s][info][gc,heap     ] GC(2106) Survivor regions: 5->9(95)
[2024-05-30T13:36:29.360+0000][10928.779s][info][gc,heap     ] GC(2106) Old regions: 449->449
[2024-05-30T13:36:29.360+0000][10928.779s][info][gc,heap     ] GC(2106) Archive regions: 2->2
[2024-05-30T13:36:29.360+0000][10928.779s][info][gc,heap     ] GC(2106) Humongous regions: 5->5
[2024-05-30T13:36:29.360+0000][10928.779s][info][gc,metaspace] GC(2106) Metaspace: 432969K(439808K)->432969K(439808K) NonClass: 379057K(382976K)->379057K(382976K) Class: 53911K(56832K)->53911K(56832K)
[2024-05-30T13:36:29.360+0000][10928.779s][info][gc          ] GC(2106) Pause Young (Concurrent Start) (G1 Evacuation Pause) 9695M->3699M(12288M) 81.783ms
[2024-05-30T13:36:29.360+0000][10928.779s][info][gc,cpu      ] GC(2106) User=0.47s Sys=0.00s Real=0.08s
[2024-05-30T13:36:29.360+0000][10928.779s][info][gc          ] GC(2107) Concurrent Mark Cycle
[2024-05-30T13:36:29.360+0000][10928.779s][info][gc,marking  ] GC(2107) Concurrent Clear Claimed Marks
[2024-05-30T13:36:29.360+0000][10928.779s][info][gc,marking  ] GC(2107) Concurrent Clear Claimed Marks 0.397ms
[2024-05-30T13:36:29.360+0000][10928.779s][info][gc,marking  ] GC(2107) Concurrent Scan Root Regions
[2024-05-30T13:36:29.395+0000][10928.815s][info][gc,marking  ] GC(2107) Concurrent Scan Root Regions 35.218ms
[2024-05-30T13:36:29.395+0000][10928.815s][info][gc,marking  ] GC(2107) Concurrent Mark
[2024-05-30T13:36:29.395+0000][10928.815s][info][gc,marking  ] GC(2107) Concurrent Mark From Roots
[2024-05-30T13:36:29.395+0000][10928.815s][info][gc,task     ] GC(2107) Using 2 workers of 2 for marking
[2024-05-30T13:36:32.228+0000][10931.648s][info][gc,start    ] GC(2108) Pause Young (Normal) (G1 Evacuation Pause)
[2024-05-30T13:36:32.228+0000][10931.648s][info][gc,task     ] GC(2108) Using 6 workers of 6 for evacuation
[2024-05-30T13:36:32.322+0000][10931.741s][info][gc,phases   ] GC(2108)   Pre Evacuate Collection Set: 0.2ms
[2024-05-30T13:36:32.322+0000][10931.741s][info][gc,phases   ] GC(2108)   Merge Heap Roots: 0.4ms
[2024-05-30T13:36:32.322+0000][10931.741s][info][gc,phases   ] GC(2108)   Evacuate Collection Set: 75.5ms
[2024-05-30T13:36:32.322+0000][10931.741s][info][gc,phases   ] GC(2108)   Post Evacuate Collection Set: 16.8ms
[2024-05-30T13:36:32.322+0000][10931.741s][info][gc,phases   ] GC(2108)   Other: 0.2ms
[2024-05-30T13:36:32.322+0000][10931.741s][info][gc,heap     ] GC(2108) Eden regions: 749->0(745)
[2024-05-30T13:36:32.322+0000][10931.741s][info][gc,heap     ] GC(2108) Survivor regions: 9->13(95)
[2024-05-30T13:36:32.322+0000][10931.741s][info][gc,heap     ] GC(2108) Old regions: 449->449
[2024-05-30T13:36:32.322+0000][10931.741s][info][gc,heap     ] GC(2108) Archive regions: 2->2
[2024-05-30T13:36:32.322+0000][10931.741s][info][gc,heap     ] GC(2108) Humongous regions: 5->5
[2024-05-30T13:36:32.322+0000][10931.741s][info][gc,metaspace] GC(2108) Metaspace: 432969K(439808K)->432969K(439808K) NonClass: 379057K(382976K)->379057K(382976K) Class: 53911K(56832K)->53911K(56832K)
[2024-05-30T13:36:32.322+0000][10931.741s][info][gc          ] GC(2108) Pause Young (Normal) (G1 Evacuation Pause) 9691M->3734M(12288M) 93.217ms
[2024-05-30T13:36:32.322+0000][10931.741s][info][gc,cpu      ] GC(2108) User=0.55s Sys=0.00s Real=0.09s
[2024-05-30T13:36:32.450+0000][10931.869s][info][gc,marking  ] GC(2107) Concurrent Mark From Roots 3054.295ms
[2024-05-30T13:36:32.450+0000][10931.869s][info][gc,marking  ] GC(2107) Concurrent Preclean
[2024-05-30T13:36:32.451+0000][10931.870s][info][gc,marking  ] GC(2107) Concurrent Preclean 1.438ms
[2024-05-30T13:36:32.451+0000][10931.871s][info][gc,start    ] GC(2107) Pause Remark
[2024-05-30T13:36:32.475+0000][10931.894s][info][gc          ] GC(2107) Pause Remark 3962M->3962M(12288M) 23.719ms
[2024-05-30T13:36:32.475+0000][10931.894s][info][gc,cpu      ] GC(2107) User=0.10s Sys=0.00s Real=0.02s
[2024-05-30T13:36:32.475+0000][10931.894s][info][gc,marking  ] GC(2107) Concurrent Mark 3079.771ms
[2024-05-30T13:36:32.475+0000][10931.894s][info][gc,marking  ] GC(2107) Concurrent Rebuild Remembered Sets
[2024-05-30T13:36:34.057+0000][10933.476s][info][gc,marking  ] GC(2107) Concurrent Rebuild Remembered Sets 1581.635ms
[2024-05-30T13:36:34.057+0000][10933.476s][info][gc,start    ] GC(2107) Pause Cleanup
[2024-05-30T13:36:34.058+0000][10933.477s][info][gc          ] GC(2107) Pause Cleanup 8022M->8022M(12288M) 0.692ms
[2024-05-30T13:36:34.058+0000][10933.477s][info][gc,cpu      ] GC(2107) User=0.00s Sys=0.00s Real=0.00s
[2024-05-30T13:36:34.058+0000][10933.477s][info][gc,marking  ] GC(2107) Concurrent Cleanup for Next Mark
[2024-05-30T13:36:34.075+0000][10933.494s][info][gc,marking  ] GC(2107) Concurrent Cleanup for Next Mark 16.774ms
[2024-05-30T13:36:34.075+0000][10933.494s][info][gc          ] GC(2107) Concurrent Mark Cycle 4714.962ms
[2024-05-30T13:36:34.636+0000][10934.056s][info][gc,start    ] GC(2109) Pause Young (Prepare Mixed) (G1 Evacuation Pause)
[2024-05-30T13:36:34.636+0000][10934.056s][info][gc,task     ] GC(2109) Using 6 workers of 6 for evacuation
[2024-05-30T13:36:34.741+0000][10934.160s][info][gc,phases   ] GC(2109)   Pre Evacuate Collection Set: 0.2ms
[2024-05-30T13:36:34.741+0000][10934.160s][info][gc,phases   ] GC(2109)   Merge Heap Roots: 0.7ms
[2024-05-30T13:36:34.741+0000][10934.160s][info][gc,phases   ] GC(2109)   Evacuate Collection Set: 84.5ms
[2024-05-30T13:36:34.741+0000][10934.160s][info][gc,phases   ] GC(2109)   Post Evacuate Collection Set: 18.7ms
[2024-05-30T13:36:34.741+0000][10934.160s][info][gc,phases   ] GC(2109)   Other: 0.2ms
[2024-05-30T13:36:34.741+0000][10934.160s][info][gc,heap     ] GC(2109) Eden regions: 745->0(59)
[2024-05-30T13:36:34.741+0000][10934.160s][info][gc,heap     ] GC(2109) Survivor regions: 13->17(95)
[2024-05-30T13:36:34.741+0000][10934.160s][info][gc,heap     ] GC(2109) Old regions: 449->449
[2024-05-30T13:36:34.741+0000][10934.160s][info][gc,heap     ] GC(2109) Archive regions: 2->2
[2024-05-30T13:36:34.741+0000][10934.160s][info][gc,heap     ] GC(2109) Humongous regions: 5->5
[2024-05-30T13:36:34.741+0000][10934.160s][info][gc,metaspace] GC(2109) Metaspace: 432969K(439808K)->432969K(439808K) NonClass: 379057K(382976K)->379057K(382976K) Class: 53911K(56832K)->53911K(56832K)
[2024-05-30T13:36:34.741+0000][10934.160s][info][gc          ] GC(2109) Pause Young (Prepare Mixed) (G1 Evacuation Pause) 9694M->3766M(12288M) 104.325ms
[2024-05-30T13:36:34.741+0000][10934.160s][info][gc,cpu      ] GC(2109) User=0.61s Sys=0.00s Real=0.10s
[2024-05-30T13:36:34.916+0000][10934.335s][info][gc,start    ] GC(2110) Pause Young (Mixed) (G1 Evacuation Pause)
[2024-05-30T13:36:34.916+0000][10934.336s][info][gc,task     ] GC(2110) Using 6 workers of 6 for evacuation
[2024-05-30T13:36:35.012+0000][10934.431s][info][gc,phases   ] GC(2110)   Pre Evacuate Collection Set: 0.2ms
[2024-05-30T13:36:35.012+0000][10934.432s][info][gc,phases   ] GC(2110)   Merge Heap Roots: 0.4ms
[2024-05-30T13:36:35.012+0000][10934.432s][info][gc,phases   ] GC(2110)   Evacuate Collection Set: 92.5ms
[2024-05-30T13:36:35.012+0000][10934.432s][info][gc,phases   ] GC(2110)   Post Evacuate Collection Set: 2.9ms
[2024-05-30T13:36:35.012+0000][10934.432s][info][gc,phases   ] GC(2110)   Other: 0.2ms
[2024-05-30T13:36:35.012+0000][10934.432s][info][gc,heap     ] GC(2110) Eden regions: 59->0(752)
[2024-05-30T13:36:35.012+0000][10934.432s][info][gc,heap     ] GC(2110) Survivor regions: 17->7(10)
[2024-05-30T13:36:35.012+0000][10934.432s][info][gc,heap     ] GC(2110) Old regions: 449->448
[2024-05-30T13:36:35.012+0000][10934.432s][info][gc,heap     ] GC(2110) Archive regions: 2->2
[2024-05-30T13:36:35.012+0000][10934.432s][info][gc,heap     ] GC(2110) Humongous regions: 5->5
[2024-05-30T13:36:35.012+0000][10934.432s][info][gc,metaspace] GC(2110) Metaspace: 432969K(439808K)->432969K(439808K) NonClass: 379057K(382976K)->379057K(382976K) Class: 53911K(56832K)->53911K(56832K)
[2024-05-30T13:36:35.012+0000][10934.432s][info][gc          ] GC(2110) Pause Young (Mixed) (G1 Evacuation Pause) 4238M->3674M(12288M) 96.161ms
[2024-05-30T13:36:35.012+0000][10934.432s][info][gc,cpu      ] GC(2110) User=0.57s Sys=0.00s Real=0.10s
[2024-05-30T13:36:37.422+0000][10936.841s][info][gc,start    ] GC(2111) Pause Young (Normal) (G1 Evacuation Pause)
[2024-05-30T13:36:37.422+0000][10936.841s][info][gc,task     ] GC(2111) Using 6 workers of 6 for evacuation
[2024-05-30T13:36:37.509+0000][10936.928s][info][gc,phases   ] GC(2111)   Pre Evacuate Collection Set: 0.2ms
[2024-05-30T13:36:37.509+0000][10936.928s][info][gc,phases   ] GC(2111)   Merge Heap Roots: 0.4ms
[2024-05-30T13:36:37.509+0000][10936.928s][info][gc,phases   ] GC(2111)   Evacuate Collection Set: 66.9ms
[2024-05-30T13:36:37.509+0000][10936.928s][info][gc,phases   ] GC(2111)   Post Evacuate Collection Set: 19.2ms
[2024-05-30T13:36:37.509+0000][10936.928s][info][gc,phases   ] GC(2111)   Other: 0.2ms
[2024-05-30T13:36:37.509+0000][10936.928s][info][gc,heap     ] GC(2111) Eden regions: 752->0(749)
[2024-05-30T13:36:37.509+0000][10936.928s][info][gc,heap     ] GC(2111) Survivor regions: 7->10(95)
[2024-05-30T13:36:37.509+0000][10936.928s][info][gc,heap     ] GC(2111) Old regions: 448->448
[2024-05-30T13:36:37.509+0000][10936.928s][info][gc,heap     ] GC(2111) Archive regions: 2->2
[2024-05-30T13:36:37.509+0000][10936.928s][info][gc,heap     ] GC(2111) Humongous regions: 5->5
[2024-05-30T13:36:37.509+0000][10936.928s][info][gc,metaspace] GC(2111) Metaspace: 432969K(439808K)->432969K(439808K) NonClass: 379057K(382976K)->379057K(382976K) Class: 53911K(56832K)->53911K(56832K)
[2024-05-30T13:36:37.509+0000][10936.928s][info][gc          ] GC(2111) Pause Young (Normal) (G1 Evacuation Pause) 9690M->3702M(12288M) 86.952ms
[2024-05-30T13:36:37.509+0000][10936.928s][info][gc,cpu      ] GC(2111) User=0.50s Sys=0.00s Real=0.09s
[2024-05-30T13:36:39.778+0000][10939.197s][info][gc,start    ] GC(2112) Pause Young (Normal) (G1 Evacuation Pause)
[2024-05-30T13:36:39.778+0000][10939.197s][info][gc,task     ] GC(2112) Using 6 workers of 6 for evacuation
[2024-05-30T13:36:39.874+0000][10939.293s][info][gc,phases   ] GC(2112)   Pre Evacuate Collection Set: 0.2ms
[2024-05-30T13:36:39.874+0000][10939.293s][info][gc,phases   ] GC(2112)   Merge Heap Roots: 0.3ms
[2024-05-30T13:36:39.874+0000][10939.293s][info][gc,phases   ] GC(2112)   Evacuate Collection Set: 75.8ms
[2024-05-30T13:36:39.874+0000][10939.293s][info][gc,phases   ] GC(2112)   Post Evacuate Collection Set: 19.3ms
[2024-05-30T13:36:39.874+0000][10939.293s][info][gc,phases   ] GC(2112)   Other: 0.2ms
[2024-05-30T13:36:39.874+0000][10939.293s][info][gc,heap     ] GC(2112) Eden regions: 749->0(745)
[2024-05-30T13:36:39.874+0000][10939.293s][info][gc,heap     ] GC(2112) Survivor regions: 10->14(95)
[2024-05-30T13:36:39.874+0000][10939.293s][info][gc,heap     ] GC(2112) Old regions: 448->448
[2024-05-30T13:36:39.874+0000][10939.293s][info][gc,heap     ] GC(2112) Archive regions: 2->2
[2024-05-30T13:36:39.874+0000][10939.293s][info][gc,heap     ] GC(2112) Humongous regions: 5->5
[2024-05-30T13:36:39.874+0000][10939.293s][info][gc,metaspace] GC(2112) Metaspace: 432969K(439808K)->432969K(439808K) NonClass: 379057K(382976K)->379057K(382976K) Class: 53911K(56832K)->53911K(56832K)
[2024-05-30T13:36:39.874+0000][10939.293s][info][gc          ] GC(2112) Pause Young (Normal) (G1 Evacuation Pause) 9694M->3733M(12288M) 95.819ms
[2024-05-30T13:36:39.874+0000][10939.293s][info][gc,cpu      ] GC(2112) User=0.55s Sys=0.00s Real=0.09s
[2024-05-30T13:36:42.649+0000][10942.068s][info][gc,start    ] GC(2113) Pause Young (Concurrent Start) (G1 Evacuation Pause)
[2024-05-30T13:36:42.649+0000][10942.068s][info][gc,task     ] GC(2113) Using 6 workers of 6 for evacuation
[2024-05-30T13:36:42.744+0000][10942.163s][info][gc,phases   ] GC(2113)   Pre Evacuate Collection Set: 0.5ms
[2024-05-30T13:36:42.744+0000][10942.163s][info][gc,phases   ] GC(2113)   Merge Heap Roots: 0.3ms
[2024-05-30T13:36:42.744+0000][10942.163s][info][gc,phases   ] GC(2113)   Evacuate Collection Set: 78.2ms
[2024-05-30T13:36:42.744+0000][10942.163s][info][gc,phases   ] GC(2113)   Post Evacuate Collection Set: 15.6ms
[2024-05-30T13:36:42.744+0000][10942.163s][info][gc,phases   ] GC(2113)   Other: 0.3ms
[2024-05-30T13:36:42.744+0000][10942.163s][info][gc,heap     ] GC(2113) Eden regions: 745->0(739)
[2024-05-30T13:36:42.744+0000][10942.163s][info][gc,heap     ] GC(2113) Survivor regions: 14->17(95)
[2024-05-30T13:36:42.744+0000][10942.163s][info][gc,heap     ] GC(2113) Old regions: 448->448
[2024-05-30T13:36:42.744+0000][10942.163s][info][gc,heap     ] GC(2113) Archive regions: 2->2
[2024-05-30T13:36:42.744+0000][10942.163s][info][gc,heap     ] GC(2113) Humongous regions: 5->5
[2024-05-30T13:36:42.744+0000][10942.163s][info][gc,metaspace] GC(2113) Metaspace: 432969K(439808K)->432969K(439808K) NonClass: 379058K(382976K)->379058K(382976K) Class: 53911K(56832K)->53911K(56832K)
[2024-05-30T13:36:42.744+0000][10942.163s][info][gc          ] GC(2113) Pause Young (Concurrent Start) (G1 Evacuation Pause) 9693M->3758M(12288M) 95.011ms
[2024-05-30T13:36:42.744+0000][10942.163s][info][gc,cpu      ] GC(2113) User=0.55s Sys=0.00s Real=0.09s
[2024-05-30T13:36:42.744+0000][10942.163s][info][gc          ] GC(2114) Concurrent Mark Cycle
[2024-05-30T13:36:42.744+0000][10942.163s][info][gc,marking  ] GC(2114) Concurrent Clear Claimed Marks
[2024-05-30T13:36:42.745+0000][10942.164s][info][gc,marking  ] GC(2114) Concurrent Clear Claimed Marks 0.441ms
[2024-05-30T13:36:42.745+0000][10942.164s][info][gc,marking  ] GC(2114) Concurrent Scan Root Regions
[2024-05-30T13:36:42.793+0000][10942.212s][info][gc,marking  ] GC(2114) Concurrent Scan Root Regions 48.589ms
[2024-05-30T13:36:42.793+0000][10942.212s][info][gc,marking  ] GC(2114) Concurrent Mark
[2024-05-30T13:36:42.793+0000][10942.213s][info][gc,marking  ] GC(2114) Concurrent Mark From Roots
[2024-05-30T13:36:42.793+0000][10942.213s][info][gc,task     ] GC(2114) Using 2 workers of 2 for marking
[2024-05-30T13:36:45.912+0000][10945.331s][info][gc,marking  ] GC(2114) Concurrent Mark From Roots 3118.246ms
[2024-05-30T13:36:45.912+0000][10945.331s][info][gc,marking  ] GC(2114) Concurrent Preclean
[2024-05-30T13:36:45.913+0000][10945.333s][info][gc,marking  ] GC(2114) Concurrent Preclean 1.752ms
[2024-05-30T13:36:45.913+0000][10945.333s][info][gc,start    ] GC(2114) Pause Remark
[2024-05-30T13:36:45.938+0000][10945.357s][info][gc          ] GC(2114) Pause Remark 5846M->5846M(12288M) 24.544ms
[2024-05-30T13:36:45.938+0000][10945.357s][info][gc,cpu      ] GC(2114) User=0.11s Sys=0.00s Real=0.03s
[2024-05-30T13:36:45.938+0000][10945.357s][info][gc,marking  ] GC(2114) Concurrent Mark 3144.967ms
[2024-05-30T13:36:45.938+0000][10945.357s][info][gc,marking  ] GC(2114) Concurrent Rebuild Remembered Sets
[2024-05-30T13:36:47.595+0000][10947.014s][info][gc,marking  ] GC(2114) Concurrent Rebuild Remembered Sets 1656.663ms
[2024-05-30T13:36:47.595+0000][10947.014s][info][gc,start    ] GC(2114) Pause Cleanup
[2024-05-30T13:36:47.596+0000][10947.015s][info][gc          ] GC(2114) Pause Cleanup 7030M->7030M(12288M) 0.660ms
[2024-05-30T13:36:47.596+0000][10947.015s][info][gc,cpu      ] GC(2114) User=0.00s Sys=0.00s Real=0.00s
[2024-05-30T13:36:47.596+0000][10947.015s][info][gc,marking  ] GC(2114) Concurrent Cleanup for Next Mark
[2024-05-30T13:36:47.613+0000][10947.033s][info][gc,marking  ] GC(2114) Concurrent Cleanup for Next Mark 17.553ms
[2024-05-30T13:36:47.613+0000][10947.033s][info][gc          ] GC(2114) Concurrent Mark Cycle 4869.341ms
[2024-05-30T13:36:51.096+0000][10950.515s][info][gc,start    ] GC(2115) Pause Young (Prepare Mixed) (G1 Evacuation Pause)
[2024-05-30T13:36:51.096+0000][10950.515s][info][gc,task     ] GC(2115) Using 6 workers of 6 for evacuation
[2024-05-30T13:36:51.160+0000][10950.580s][info][gc,phases   ] GC(2115)   Pre Evacuate Collection Set: 0.2ms
[2024-05-30T13:36:51.160+0000][10950.580s][info][gc,phases   ] GC(2115)   Merge Heap Roots: 0.4ms
[2024-05-30T13:36:51.160+0000][10950.580s][info][gc,phases   ] GC(2115)   Evacuate Collection Set: 61.9ms
[2024-05-30T13:36:51.160+0000][10950.580s][info][gc,phases   ] GC(2115)   Post Evacuate Collection Set: 1.9ms
[2024-05-30T13:36:51.160+0000][10950.580s][info][gc,phases   ] GC(2115)   Other: 0.2ms
[2024-05-30T13:36:51.160+0000][10950.580s][info][gc,heap     ] GC(2115) Eden regions: 739->0(55)
[2024-05-30T13:36:51.160+0000][10950.580s][info][gc,heap     ] GC(2115) Survivor regions: 17->21(95)
[2024-05-30T13:36:51.160+0000][10950.580s][info][gc,heap     ] GC(2115) Old regions: 448->448
[2024-05-30T13:36:51.160+0000][10950.580s][info][gc,heap     ] GC(2115) Archive regions: 2->2
[2024-05-30T13:36:51.160+0000][10950.580s][info][gc,heap     ] GC(2115) Humongous regions: 5->5
[2024-05-30T13:36:51.160+0000][10950.580s][info][gc,metaspace] GC(2115) Metaspace: 432987K(439808K)->432987K(439808K) NonClass: 379074K(382976K)->379074K(382976K) Class: 53912K(56832K)->53912K(56832K)
[2024-05-30T13:36:51.160+0000][10950.580s][info][gc          ] GC(2115) Pause Young (Prepare Mixed) (G1 Evacuation Pause) 9670M->3786M(12288M) 64.685ms
[2024-05-30T13:36:51.160+0000][10950.580s][info][gc,cpu      ] GC(2115) User=0.38s Sys=0.00s Real=0.07s
[2024-05-30T13:36:51.738+0000][10951.157s][info][gc,start    ] GC(2116) Pause Young (Mixed) (G1 Evacuation Pause)
[2024-05-30T13:36:51.738+0000][10951.157s][info][gc,task     ] GC(2116) Using 6 workers of 6 for evacuation
[2024-05-30T13:36:51.834+0000][10951.253s][info][gc,phases   ] GC(2116)   Pre Evacuate Collection Set: 0.2ms
[2024-05-30T13:36:51.834+0000][10951.253s][info][gc,phases   ] GC(2116)   Merge Heap Roots: 0.4ms
[2024-05-30T13:36:51.834+0000][10951.253s][info][gc,phases   ] GC(2116)   Evacuate Collection Set: 93.6ms
[2024-05-30T13:36:51.834+0000][10951.253s][info][gc,phases   ] GC(2116)   Post Evacuate Collection Set: 1.3ms
[2024-05-30T13:36:51.834+0000][10951.253s][info][gc,phases   ] GC(2116)   Other: 0.2ms
[2024-05-30T13:36:51.834+0000][10951.253s][info][gc,heap     ] GC(2116) Eden regions: 55->0(750)
[2024-05-30T13:36:51.834+0000][10951.253s][info][gc,heap     ] GC(2116) Survivor regions: 21->6(10)
[2024-05-30T13:36:51.834+0000][10951.253s][info][gc,heap     ] GC(2116) Old regions: 448->451
[2024-05-30T13:36:51.834+0000][10951.253s][info][gc,heap     ] GC(2116) Archive regions: 2->2
[2024-05-30T13:36:51.834+0000][10951.253s][info][gc,heap     ] GC(2116) Humongous regions: 5->5
[2024-05-30T13:36:51.834+0000][10951.253s][info][gc,metaspace] GC(2116) Metaspace: 432987K(439808K)->432987K(439808K) NonClass: 379074K(382976K)->379074K(382976K) Class: 53912K(56832K)->53912K(56832K)
[2024-05-30T13:36:51.834+0000][10951.253s][info][gc          ] GC(2116) Pause Young (Mixed) (G1 Evacuation Pause) 4226M->3694M(12288M) 95.687ms
[2024-05-30T13:36:51.834+0000][10951.253s][info][gc,cpu      ] GC(2116) User=0.56s Sys=0.01s Real=0.09s
[2024-05-30T13:36:59.668+0000][10959.087s][info][gc,start    ] GC(2117) Pause Young (Normal) (G1 Evacuation Pause)
[2024-05-30T13:36:59.668+0000][10959.087s][info][gc,task     ] GC(2117) Using 6 workers of 6 for evacuation
[2024-05-30T13:36:59.686+0000][10959.105s][info][gc,phases   ] GC(2117)   Pre Evacuate Collection Set: 0.2ms
[2024-05-30T13:36:59.686+0000][10959.105s][info][gc,phases   ] GC(2117)   Merge Heap Roots: 0.3ms
[2024-05-30T13:36:59.686+0000][10959.105s][info][gc,phases   ] GC(2117)   Evacuate Collection Set: 15.7ms
[2024-05-30T13:36:59.686+0000][10959.105s][info][gc,phases   ] GC(2117)   Post Evacuate Collection Set: 1.8ms
[2024-05-30T13:36:59.686+0000][10959.105s][info][gc,phases   ] GC(2117)   Other: 0.2ms
[2024-05-30T13:36:59.686+0000][10959.105s][info][gc,heap     ] GC(2117) Eden regions: 750->0(750)
[2024-05-30T13:36:59.686+0000][10959.105s][info][gc,heap     ] GC(2117) Survivor regions: 6->7(95)
[2024-05-30T13:36:59.686+0000][10959.105s][info][gc,heap     ] GC(2117) Old regions: 451->451
[2024-05-30T13:36:59.686+0000][10959.105s][info][gc,heap     ] GC(2117) Archive regions: 2->2
[2024-05-30T13:36:59.686+0000][10959.105s][info][gc,heap     ] GC(2117) Humongous regions: 5->5
[2024-05-30T13:36:59.686+0000][10959.105s][info][gc,metaspace] GC(2117) Metaspace: 432987K(439808K)->432987K(439808K) NonClass: 379074K(382976K)->379074K(382976K) Class: 53912K(56832K)->53912K(56832K)
[2024-05-30T13:36:59.686+0000][10959.105s][info][gc          ] GC(2117) Pause Young (Normal) (G1 Evacuation Pause) 9694M->3704M(12288M) 18.195ms
[2024-05-30T13:36:59.686+0000][10959.105s][info][gc,cpu      ] GC(2117) User=0.11s Sys=0.00s Real=0.02s
[2024-05-30T13:37:07.653+0000][10967.072s][info][gc,start    ] GC(2118) Pause Young (Normal) (G1 Evacuation Pause)
[2024-05-30T13:37:07.653+0000][10967.072s][info][gc,task     ] GC(2118) Using 6 workers of 6 for evacuation
[2024-05-30T13:37:07.676+0000][10967.095s][info][gc,phases   ] GC(2118)   Pre Evacuate Collection Set: 0.2ms
[2024-05-30T13:37:07.676+0000][10967.096s][info][gc,phases   ] GC(2118)   Merge Heap Roots: 0.3ms
[2024-05-30T13:37:07.676+0000][10967.096s][info][gc,phases   ] GC(2118)   Evacuate Collection Set: 21.2ms
[2024-05-30T13:37:07.676+0000][10967.096s][info][gc,phases   ] GC(2118)   Post Evacuate Collection Set: 1.6ms
[2024-05-30T13:37:07.676+0000][10967.096s][info][gc,phases   ] GC(2118)   Other: 0.2ms
[2024-05-30T13:37:07.676+0000][10967.096s][info][gc,heap     ] GC(2118) Eden regions: 750->0(747)
[2024-05-30T13:37:07.676+0000][10967.096s][info][gc,heap     ] GC(2118) Survivor regions: 7->10(95)
[2024-05-30T13:37:07.676+0000][10967.096s][info][gc,heap     ] GC(2118) Old regions: 451->451
[2024-05-30T13:37:07.676+0000][10967.096s][info][gc,heap     ] GC(2118) Archive regions: 2->2
[2024-05-30T13:37:07.676+0000][10967.096s][info][gc,heap     ] GC(2118) Humongous regions: 5->5
[2024-05-30T13:37:07.676+0000][10967.096s][info][gc,metaspace] GC(2118) Metaspace: 432987K(439808K)->432987K(439808K) NonClass: 379074K(382976K)->379074K(382976K) Class: 53912K(56832K)->53912K(56832K)
[2024-05-30T13:37:07.676+0000][10967.096s][info][gc          ] GC(2118) Pause Young (Normal) (G1 Evacuation Pause) 9704M->3727M(12288M) 23.571ms
[2024-05-30T13:37:07.676+0000][10967.096s][info][gc,cpu      ] GC(2118) User=0.14s Sys=0.00s Real=0.03s
[2024-05-30T13:37:15.544+0000][10974.963s][info][gc,start    ] GC(2119) Pause Young (Concurrent Start) (G1 Evacuation Pause)
[2024-05-30T13:37:15.544+0000][10974.963s][info][gc,task     ] GC(2119) Using 6 workers of 6 for evacuation
[2024-05-30T13:37:15.577+0000][10974.996s][info][gc,phases   ] GC(2119)   Pre Evacuate Collection Set: 0.6ms
[2024-05-30T13:37:15.577+0000][10974.996s][info][gc,phases   ] GC(2119)   Merge Heap Roots: 0.2ms
[2024-05-30T13:37:15.577+0000][10974.996s][info][gc,phases   ] GC(2119)   Evacuate Collection Set: 30.2ms
[2024-05-30T13:37:15.577+0000][10974.996s][info][gc,phases   ] GC(2119)   Post Evacuate Collection Set: 1.8ms
[2024-05-30T13:37:15.577+0000][10974.996s][info][gc,phases   ] GC(2119)   Other: 0.3ms
[2024-05-30T13:37:15.577+0000][10974.996s][info][gc,heap     ] GC(2119) Eden regions: 747->0(744)
[2024-05-30T13:37:15.577+0000][10974.996s][info][gc,heap     ] GC(2119) Survivor regions: 10->13(95)
[2024-05-30T13:37:15.577+0000][10974.996s][info][gc,heap     ] GC(2119) Old regions: 451->451
[2024-05-30T13:37:15.577+0000][10974.996s][info][gc,heap     ] GC(2119) Archive regions: 2->2
[2024-05-30T13:37:15.577+0000][10974.996s][info][gc,heap     ] GC(2119) Humongous regions: 5->5
[2024-05-30T13:37:15.577+0000][10974.996s][info][gc,metaspace] GC(2119) Metaspace: 432987K(439808K)->432987K(439808K) NonClass: 379074K(382976K)->379074K(382976K) Class: 53912K(56832K)->53912K(56832K)
[2024-05-30T13:37:15.577+0000][10974.996s][info][gc          ] GC(2119) Pause Young (Concurrent Start) (G1 Evacuation Pause) 9703M->3754M(12288M) 33.154ms
[2024-05-30T13:37:15.577+0000][10974.996s][info][gc,cpu      ] GC(2119) User=0.19s Sys=0.00s Real=0.04s
[2024-05-30T13:37:15.577+0000][10974.996s][info][gc          ] GC(2120) Concurrent Mark Cycle
[2024-05-30T13:37:15.577+0000][10974.996s][info][gc,marking  ] GC(2120) Concurrent Clear Claimed Marks
[2024-05-30T13:37:15.577+0000][10974.996s][info][gc,marking  ] GC(2120) Concurrent Clear Claimed Marks 0.392ms
[2024-05-30T13:37:15.577+0000][10974.997s][info][gc,marking  ] GC(2120) Concurrent Scan Root Regions
[2024-05-30T13:37:15.600+0000][10975.019s][info][gc,marking  ] GC(2120) Concurrent Scan Root Regions 22.485ms
[2024-05-30T13:37:15.600+0000][10975.019s][info][gc,marking  ] GC(2120) Concurrent Mark
[2024-05-30T13:37:15.600+0000][10975.019s][info][gc,marking  ] GC(2120) Concurrent Mark From Roots
[2024-05-30T13:37:15.600+0000][10975.019s][info][gc,task     ] GC(2120) Using 2 workers of 2 for marking
[2024-05-30T13:37:18.905+0000][10978.325s][info][gc,marking  ] GC(2120) Concurrent Mark From Roots 3305.475ms
[2024-05-30T13:37:18.905+0000][10978.325s][info][gc,marking  ] GC(2120) Concurrent Preclean
[2024-05-30T13:37:18.907+0000][10978.326s][info][gc,marking  ] GC(2120) Concurrent Preclean 1.593ms
[2024-05-30T13:37:18.907+0000][10978.326s][info][gc,start    ] GC(2120) Pause Remark
[2024-05-30T13:37:18.931+0000][10978.351s][info][gc          ] GC(2120) Pause Remark 6370M->6370M(12288M) 24.256ms
[2024-05-30T13:37:18.931+0000][10978.351s][info][gc,cpu      ] GC(2120) User=0.11s Sys=0.00s Real=0.03s
[2024-05-30T13:37:18.932+0000][10978.351s][info][gc,marking  ] GC(2120) Concurrent Mark 3331.805ms
[2024-05-30T13:37:18.932+0000][10978.351s][info][gc,marking  ] GC(2120) Concurrent Rebuild Remembered Sets
[2024-05-30T13:37:20.636+0000][10980.055s][info][gc,marking  ] GC(2120) Concurrent Rebuild Remembered Sets 1704.232ms
[2024-05-30T13:37:20.636+0000][10980.055s][info][gc,start    ] GC(2120) Pause Cleanup
[2024-05-30T13:37:20.637+0000][10980.056s][info][gc          ] GC(2120) Pause Cleanup 8205M->8205M(12288M) 0.703ms
[2024-05-30T13:37:20.637+0000][10980.056s][info][gc,cpu      ] GC(2120) User=0.00s Sys=0.00s Real=0.01s
[2024-05-30T13:37:20.637+0000][10980.056s][info][gc,marking  ] GC(2120) Concurrent Cleanup for Next Mark
[2024-05-30T13:37:20.654+0000][10980.073s][info][gc,marking  ] GC(2120) Concurrent Cleanup for Next Mark 16.883ms
[2024-05-30T13:37:20.654+0000][10980.073s][info][gc          ] GC(2120) Concurrent Mark Cycle 5077.020ms
[2024-05-30T13:37:21.787+0000][10981.206s][info][gc,start    ] GC(2121) Pause Young (Prepare Mixed) (G1 Evacuation Pause)
[2024-05-30T13:37:21.787+0000][10981.206s][info][gc,task     ] GC(2121) Using 6 workers of 6 for evacuation
[2024-05-30T13:37:21.818+0000][10981.237s][info][gc,phases   ] GC(2121)   Pre Evacuate Collection Set: 0.2ms
[2024-05-30T13:37:21.818+0000][10981.237s][info][gc,phases   ] GC(2121)   Merge Heap Roots: 0.3ms
[2024-05-30T13:37:21.818+0000][10981.237s][info][gc,phases   ] GC(2121)   Evacuate Collection Set: 29.2ms
[2024-05-30T13:37:21.818+0000][10981.237s][info][gc,phases   ] GC(2121)   Post Evacuate Collection Set: 1.7ms
[2024-05-30T13:37:21.818+0000][10981.237s][info][gc,phases   ] GC(2121)   Other: 0.2ms
[2024-05-30T13:37:21.818+0000][10981.237s][info][gc,heap     ] GC(2121) Eden regions: 744->0(63)
[2024-05-30T13:37:21.818+0000][10981.237s][info][gc,heap     ] GC(2121) Survivor regions: 13->13(95)
[2024-05-30T13:37:21.818+0000][10981.237s][info][gc,heap     ] GC(2121) Old regions: 451->451
[2024-05-30T13:37:21.818+0000][10981.237s][info][gc,heap     ] GC(2121) Archive regions: 2->2
[2024-05-30T13:37:21.818+0000][10981.237s][info][gc,heap     ] GC(2121) Humongous regions: 5->5
[2024-05-30T13:37:21.818+0000][10981.237s][info][gc,metaspace] GC(2121) Metaspace: 432987K(439808K)->432987K(439808K) NonClass: 379074K(382976K)->379074K(382976K) Class: 53912K(56832K)->53912K(56832K)
[2024-05-30T13:37:21.818+0000][10981.237s][info][gc          ] GC(2121) Pause Young (Prepare Mixed) (G1 Evacuation Pause) 9706M->3754M(12288M) 31.635ms
[2024-05-30T13:37:21.818+0000][10981.237s][info][gc,cpu      ] GC(2121) User=0.19s Sys=0.00s Real=0.04s
[2024-05-30T13:37:22.473+0000][10981.892s][info][gc,start    ] GC(2122) Pause Young (Mixed) (G1 Evacuation Pause)
[2024-05-30T13:37:22.473+0000][10981.892s][info][gc,task     ] GC(2122) Using 6 workers of 6 for evacuation
[2024-05-30T13:37:22.547+0000][10981.966s][info][gc,phases   ] GC(2122)   Pre Evacuate Collection Set: 0.2ms
[2024-05-30T13:37:22.547+0000][10981.966s][info][gc,phases   ] GC(2122)   Merge Heap Roots: 0.4ms
[2024-05-30T13:37:22.547+0000][10981.966s][info][gc,phases   ] GC(2122)   Evacuate Collection Set: 71.9ms
[2024-05-30T13:37:22.547+0000][10981.966s][info][gc,phases   ] GC(2122)   Post Evacuate Collection Set: 1.4ms
[2024-05-30T13:37:22.547+0000][10981.966s][info][gc,phases   ] GC(2122)   Other: 0.2ms
[2024-05-30T13:37:22.547+0000][10981.966s][info][gc,heap     ] GC(2122) Eden regions: 63->0(750)
[2024-05-30T13:37:22.547+0000][10981.966s][info][gc,heap     ] GC(2122) Survivor regions: 13->5(10)
[2024-05-30T13:37:22.547+0000][10981.966s][info][gc,heap     ] GC(2122) Old regions: 451->452
[2024-05-30T13:37:22.547+0000][10981.966s][info][gc,heap     ] GC(2122) Archive regions: 2->2
[2024-05-30T13:37:22.547+0000][10981.966s][info][gc,heap     ] GC(2122) Humongous regions: 5->5
[2024-05-30T13:37:22.547+0000][10981.966s][info][gc,metaspace] GC(2122) Metaspace: 432987K(439808K)->432987K(439808K) NonClass: 379074K(382976K)->379074K(382976K) Class: 53912K(56832K)->53912K(56832K)
[2024-05-30T13:37:22.547+0000][10981.966s][info][gc          ] GC(2122) Pause Young (Mixed) (G1 Evacuation Pause) 4258M->3696M(12288M) 74.076ms
[2024-05-30T13:37:22.547+0000][10981.966s][info][gc,cpu      ] GC(2122) User=0.44s Sys=0.00s Real=0.07s
[2024-05-30T13:37:30.524+0000][10989.944s][info][gc,start    ] GC(2123) Pause Young (Normal) (G1 Evacuation Pause)
[2024-05-30T13:37:30.524+0000][10989.944s][info][gc,task     ] GC(2123) Using 6 workers of 6 for evacuation
[2024-05-30T13:37:30.544+0000][10989.963s][info][gc,phases   ] GC(2123)   Pre Evacuate Collection Set: 0.2ms
[2024-05-30T13:37:30.544+0000][10989.963s][info][gc,phases   ] GC(2123)   Merge Heap Roots: 0.3ms
[2024-05-30T13:37:30.544+0000][10989.963s][info][gc,phases   ] GC(2123)   Evacuate Collection Set: 17.1ms
[2024-05-30T13:37:30.544+0000][10989.963s][info][gc,phases   ] GC(2123)   Post Evacuate Collection Set: 1.8ms
[2024-05-30T13:37:30.544+0000][10989.963s][info][gc,phases   ] GC(2123)   Other: 0.2ms
[2024-05-30T13:37:30.544+0000][10989.963s][info][gc,heap     ] GC(2123) Eden regions: 750->0(747)
[2024-05-30T13:37:30.544+0000][10989.963s][info][gc,heap     ] GC(2123) Survivor regions: 5->8(95)
[2024-05-30T13:37:30.544+0000][10989.963s][info][gc,heap     ] GC(2123) Old regions: 452->452
[2024-05-30T13:37:30.544+0000][10989.963s][info][gc,heap     ] GC(2123) Archive regions: 2->2
[2024-05-30T13:37:30.544+0000][10989.963s][info][gc,heap     ] GC(2123) Humongous regions: 5->5
[2024-05-30T13:37:30.544+0000][10989.963s][info][gc,metaspace] GC(2123) Metaspace: 432987K(439808K)->432987K(439808K) NonClass: 379074K(382976K)->379074K(382976K) Class: 53912K(56832K)->53912K(56832K)
[2024-05-30T13:37:30.544+0000][10989.963s][info][gc          ] GC(2123) Pause Young (Normal) (G1 Evacuation Pause) 9696M->3716M(12288M) 19.589ms
[2024-05-30T13:37:30.544+0000][10989.963s][info][gc,cpu      ] GC(2123) User=0.11s Sys=0.00s Real=0.02s
[2024-05-30T13:37:38.323+0000][10997.742s][info][gc,start    ] GC(2124) Pause Young (Normal) (G1 Evacuation Pause)
[2024-05-30T13:37:38.323+0000][10997.742s][info][gc,task     ] GC(2124) Using 6 workers of 6 for evacuation
[2024-05-30T13:37:38.345+0000][10997.764s][info][gc,phases   ] GC(2124)   Pre Evacuate Collection Set: 0.2ms
[2024-05-30T13:37:38.345+0000][10997.764s][info][gc,phases   ] GC(2124)   Merge Heap Roots: 0.3ms
[2024-05-30T13:37:38.345+0000][10997.764s][info][gc,phases   ] GC(2124)   Evacuate Collection Set: 19.8ms
[2024-05-30T13:37:38.345+0000][10997.765s][info][gc,phases   ] GC(2124)   Post Evacuate Collection Set: 1.8ms
[2024-05-30T13:37:38.345+0000][10997.765s][info][gc,phases   ] GC(2124)   Other: 0.2ms
[2024-05-30T13:37:38.345+0000][10997.765s][info][gc,heap     ] GC(2124) Eden regions: 747->0(747)
[2024-05-30T13:37:38.345+0000][10997.765s][info][gc,heap     ] GC(2124) Survivor regions: 8->9(95)
[2024-05-30T13:37:38.345+0000][10997.765s][info][gc,heap     ] GC(2124) Old regions: 452->452
[2024-05-30T13:37:38.345+0000][10997.765s][info][gc,heap     ] GC(2124) Archive regions: 2->2
[2024-05-30T13:37:38.345+0000][10997.765s][info][gc,heap     ] GC(2124) Humongous regions: 5->5
[2024-05-30T13:37:38.345+0000][10997.765s][info][gc,metaspace] GC(2124) Metaspace: 432989K(439808K)->432989K(439808K) NonClass: 379076K(382976K)->379076K(382976K) Class: 53912K(56832K)->53912K(56832K)
[2024-05-30T13:37:38.345+0000][10997.765s][info][gc          ] GC(2124) Pause Young (Normal) (G1 Evacuation Pause) 9692M->3727M(12288M) 22.273ms
[2024-05-30T13:37:38.345+0000][10997.765s][info][gc,cpu      ] GC(2124) User=0.13s Sys=0.00s Real=0.02s
[2024-05-30T13:37:46.419+0000][11005.838s][info][gc,start    ] GC(2125) Pause Young (Concurrent Start) (G1 Evacuation Pause)
[2024-05-30T13:37:46.419+0000][11005.838s][info][gc,task     ] GC(2125) Using 6 workers of 6 for evacuation
[2024-05-30T13:37:46.447+0000][11005.866s][info][gc,phases   ] GC(2125)   Pre Evacuate Collection Set: 0.6ms
[2024-05-30T13:37:46.447+0000][11005.866s][info][gc,phases   ] GC(2125)   Merge Heap Roots: 0.3ms
[2024-05-30T13:37:46.447+0000][11005.866s][info][gc,phases   ] GC(2125)   Evacuate Collection Set: 24.9ms
[2024-05-30T13:37:46.447+0000][11005.866s][info][gc,phases   ] GC(2125)   Post Evacuate Collection Set: 1.7ms
[2024-05-30T13:37:46.447+0000][11005.866s][info][gc,phases   ] GC(2125)   Other: 0.3ms
[2024-05-30T13:37:46.447+0000][11005.866s][info][gc,heap     ] GC(2125) Eden regions: 747->0(746)
[2024-05-30T13:37:46.447+0000][11005.866s][info][gc,heap     ] GC(2125) Survivor regions: 9->10(95)
[2024-05-30T13:37:46.447+0000][11005.866s][info][gc,heap     ] GC(2125) Old regions: 452->452
[2024-05-30T13:37:46.447+0000][11005.866s][info][gc,heap     ] GC(2125) Archive regions: 2->2
[2024-05-30T13:37:46.447+0000][11005.866s][info][gc,heap     ] GC(2125) Humongous regions: 5->5
[2024-05-30T13:37:46.447+0000][11005.866s][info][gc,metaspace] GC(2125) Metaspace: 432990K(439808K)->432990K(439808K) NonClass: 379077K(382976K)->379077K(382976K) Class: 53912K(56832K)->53912K(56832K)
[2024-05-30T13:37:46.447+0000][11005.866s][info][gc          ] GC(2125) Pause Young (Concurrent Start) (G1 Evacuation Pause) 9703M->3738M(12288M) 27.844ms
[2024-05-30T13:37:46.447+0000][11005.866s][info][gc,cpu      ] GC(2125) User=0.16s Sys=0.00s Real=0.02s
[2024-05-30T13:37:46.447+0000][11005.866s][info][gc          ] GC(2126) Concurrent Mark Cycle
[2024-05-30T13:37:46.447+0000][11005.866s][info][gc,marking  ] GC(2126) Concurrent Clear Claimed Marks
[2024-05-30T13:37:46.447+0000][11005.867s][info][gc,marking  ] GC(2126) Concurrent Clear Claimed Marks 0.395ms
[2024-05-30T13:37:46.447+0000][11005.867s][info][gc,marking  ] GC(2126) Concurrent Scan Root Regions
[2024-05-30T13:37:46.474+0000][11005.893s][info][gc,marking  ] GC(2126) Concurrent Scan Root Regions 26.344ms
[2024-05-30T13:37:46.474+0000][11005.893s][info][gc,marking  ] GC(2126) Concurrent Mark
[2024-05-30T13:37:46.474+0000][11005.893s][info][gc,marking  ] GC(2126) Concurrent Mark From Roots
[2024-05-30T13:37:46.474+0000][11005.893s][info][gc,task     ] GC(2126) Using 2 workers of 2 for marking
[2024-05-30T13:37:49.831+0000][11009.250s][info][gc,marking  ] GC(2126) Concurrent Mark From Roots 3357.205ms
[2024-05-30T13:37:49.831+0000][11009.250s][info][gc,marking  ] GC(2126) Concurrent Preclean
[2024-05-30T13:37:49.833+0000][11009.252s][info][gc,marking  ] GC(2126) Concurrent Preclean 1.631ms
[2024-05-30T13:37:49.833+0000][11009.252s][info][gc,start    ] GC(2126) Pause Remark
[2024-05-30T13:37:49.857+0000][11009.276s][info][gc          ] GC(2126) Pause Remark 6022M->6022M(12288M) 23.971ms
[2024-05-30T13:37:49.857+0000][11009.276s][info][gc,cpu      ] GC(2126) User=0.10s Sys=0.00s Real=0.03s
[2024-05-30T13:37:49.857+0000][11009.276s][info][gc,marking  ] GC(2126) Concurrent Mark 3383.284ms
[2024-05-30T13:37:49.857+0000][11009.276s][info][gc,marking  ] GC(2126) Concurrent Rebuild Remembered Sets
[2024-05-30T13:37:51.496+0000][11010.916s][info][gc,marking  ] GC(2126) Concurrent Rebuild Remembered Sets 1639.231ms
[2024-05-30T13:37:51.496+0000][11010.916s][info][gc,start    ] GC(2126) Pause Cleanup
[2024-05-30T13:37:51.497+0000][11010.916s][info][gc          ] GC(2126) Pause Cleanup 7134M->7134M(12288M) 0.671ms
[2024-05-30T13:37:51.497+0000][11010.916s][info][gc,cpu      ] GC(2126) User=0.00s Sys=0.00s Real=0.00s
[2024-05-30T13:37:51.497+0000][11010.917s][info][gc,marking  ] GC(2126) Concurrent Cleanup for Next Mark
[2024-05-30T13:37:51.514+0000][11010.933s][info][gc,marking  ] GC(2126) Concurrent Cleanup for Next Mark 16.810ms
[2024-05-30T13:37:51.514+0000][11010.933s][info][gc          ] GC(2126) Concurrent Mark Cycle 5067.296ms
[2024-05-30T13:37:54.938+0000][11014.357s][info][gc,start    ] GC(2127) Pause Young (Prepare Mixed) (G1 Evacuation Pause)
[2024-05-30T13:37:54.938+0000][11014.357s][info][gc,task     ] GC(2127) Using 6 workers of 6 for evacuation
[2024-05-30T13:37:54.980+0000][11014.400s][info][gc,phases   ] GC(2127)   Pre Evacuate Collection Set: 0.2ms
[2024-05-30T13:37:54.980+0000][11014.400s][info][gc,phases   ] GC(2127)   Merge Heap Roots: 0.3ms
[2024-05-30T13:37:54.980+0000][11014.400s][info][gc,phases   ] GC(2127)   Evacuate Collection Set: 39.8ms
[2024-05-30T13:37:54.980+0000][11014.400s][info][gc,phases   ] GC(2127)   Post Evacuate Collection Set: 2.0ms
[2024-05-30T13:37:54.980+0000][11014.400s][info][gc,phases   ] GC(2127)   Other: 0.2ms
[2024-05-30T13:37:54.981+0000][11014.400s][info][gc,heap     ] GC(2127) Eden regions: 746->0(62)
[2024-05-30T13:37:54.981+0000][11014.400s][info][gc,heap     ] GC(2127) Survivor regions: 10->14(95)
[2024-05-30T13:37:54.981+0000][11014.400s][info][gc,heap     ] GC(2127) Old regions: 452->452
[2024-05-30T13:37:54.981+0000][11014.400s][info][gc,heap     ] GC(2127) Archive regions: 2->2
[2024-05-30T13:37:54.981+0000][11014.400s][info][gc,heap     ] GC(2127) Humongous regions: 5->5
[2024-05-30T13:37:54.981+0000][11014.400s][info][gc,metaspace] GC(2127) Metaspace: 432991K(439808K)->432991K(439808K) NonClass: 379078K(382976K)->379078K(382976K) Class: 53912K(56832K)->53912K(56832K)
[2024-05-30T13:37:54.981+0000][11014.400s][info][gc          ] GC(2127) Pause Young (Prepare Mixed) (G1 Evacuation Pause) 9706M->3767M(12288M) 42.646ms
[2024-05-30T13:37:54.981+0000][11014.400s][info][gc,cpu      ] GC(2127) User=0.24s Sys=0.01s Real=0.04s
[2024-05-30T13:37:55.636+0000][11015.055s][info][gc,start    ] GC(2128) Pause Young (Mixed) (G1 Evacuation Pause)
[2024-05-30T13:37:55.636+0000][11015.055s][info][gc,task     ] GC(2128) Using 6 workers of 6 for evacuation
[2024-05-30T13:37:55.715+0000][11015.134s][info][gc,phases   ] GC(2128)   Pre Evacuate Collection Set: 0.2ms
[2024-05-30T13:37:55.715+0000][11015.134s][info][gc,phases   ] GC(2128)   Merge Heap Roots: 0.4ms
[2024-05-30T13:37:55.715+0000][11015.134s][info][gc,phases   ] GC(2128)   Evacuate Collection Set: 77.2ms
[2024-05-30T13:37:55.715+0000][11015.134s][info][gc,phases   ] GC(2128)   Post Evacuate Collection Set: 1.6ms
[2024-05-30T13:37:55.715+0000][11015.134s][info][gc,phases   ] GC(2128)   Other: 0.2ms
[2024-05-30T13:37:55.715+0000][11015.135s][info][gc,heap     ] GC(2128) Eden regions: 62->0(748)
[2024-05-30T13:37:55.715+0000][11015.135s][info][gc,heap     ] GC(2128) Survivor regions: 14->6(10)
[2024-05-30T13:37:55.715+0000][11015.135s][info][gc,heap     ] GC(2128) Old regions: 452->453
[2024-05-30T13:37:55.715+0000][11015.135s][info][gc,heap     ] GC(2128) Archive regions: 2->2
[2024-05-30T13:37:55.715+0000][11015.135s][info][gc,heap     ] GC(2128) Humongous regions: 5->5
[2024-05-30T13:37:55.715+0000][11015.135s][info][gc,metaspace] GC(2128) Metaspace: 432991K(439808K)->432991K(439808K) NonClass: 379078K(382976K)->379078K(382976K) Class: 53912K(56832K)->53912K(56832K)
[2024-05-30T13:37:55.715+0000][11015.135s][info][gc          ] GC(2128) Pause Young (Mixed) (G1 Evacuation Pause) 4263M->3714M(12288M) 79.672ms
[2024-05-30T13:37:55.715+0000][11015.135s][info][gc,cpu      ] GC(2128) User=0.47s Sys=0.00s Real=0.08s
[2024-05-30T13:38:03.638+0000][11023.058s][info][gc,start    ] GC(2129) Pause Young (Normal) (G1 Evacuation Pause)
[2024-05-30T13:38:03.638+0000][11023.058s][info][gc,task     ] GC(2129) Using 6 workers of 6 for evacuation
[2024-05-30T13:38:03.657+0000][11023.077s][info][gc,phases   ] GC(2129)   Pre Evacuate Collection Set: 0.2ms
[2024-05-30T13:38:03.657+0000][11023.077s][info][gc,phases   ] GC(2129)   Merge Heap Roots: 0.3ms
[2024-05-30T13:38:03.657+0000][11023.077s][info][gc,phases   ] GC(2129)   Evacuate Collection Set: 16.6ms
[2024-05-30T13:38:03.657+0000][11023.077s][info][gc,phases   ] GC(2129)   Post Evacuate Collection Set: 1.7ms
[2024-05-30T13:38:03.657+0000][11023.077s][info][gc,phases   ] GC(2129)   Other: 0.2ms
[2024-05-30T13:38:03.657+0000][11023.077s][info][gc,heap     ] GC(2129) Eden regions: 748->0(748)
[2024-05-30T13:38:03.657+0000][11023.077s][info][gc,heap     ] GC(2129) Survivor regions: 6->7(95)
[2024-05-30T13:38:03.657+0000][11023.077s][info][gc,heap     ] GC(2129) Old regions: 453->453
[2024-05-30T13:38:03.657+0000][11023.077s][info][gc,heap     ] GC(2129) Archive regions: 2->2
[2024-05-30T13:38:03.657+0000][11023.077s][info][gc,heap     ] GC(2129) Humongous regions: 5->5
[2024-05-30T13:38:03.657+0000][11023.077s][info][gc,metaspace] GC(2129) Metaspace: 432991K(439808K)->432991K(439808K) NonClass: 379078K(382976K)->379078K(382976K) Class: 53912K(56832K)->53912K(56832K)
[2024-05-30T13:38:03.658+0000][11023.077s][info][gc          ] GC(2129) Pause Young (Normal) (G1 Evacuation Pause) 9698M->3719M(12288M) 19.058ms
[2024-05-30T13:38:03.658+0000][11023.077s][info][gc,cpu      ] GC(2129) User=0.11s Sys=0.00s Real=0.02s
[2024-05-30T13:38:11.923+0000][11031.342s][info][gc,start    ] GC(2130) Pause Young (Normal) (G1 Evacuation Pause)
[2024-05-30T13:38:11.923+0000][11031.342s][info][gc,task     ] GC(2130) Using 6 workers of 6 for evacuation
[2024-05-30T13:38:11.947+0000][11031.366s][info][gc,phases   ] GC(2130)   Pre Evacuate Collection Set: 0.2ms
[2024-05-30T13:38:11.947+0000][11031.366s][info][gc,phases   ] GC(2130)   Merge Heap Roots: 0.2ms
[2024-05-30T13:38:11.947+0000][11031.366s][info][gc,phases   ] GC(2130)   Evacuate Collection Set: 21.7ms
[2024-05-30T13:38:11.947+0000][11031.366s][info][gc,phases   ] GC(2130)   Post Evacuate Collection Set: 1.7ms
[2024-05-30T13:38:11.947+0000][11031.366s][info][gc,phases   ] GC(2130)   Other: 0.2ms
[2024-05-30T13:38:11.947+0000][11031.366s][info][gc,heap     ] GC(2130) Eden regions: 748->0(745)
[2024-05-30T13:38:11.947+0000][11031.366s][info][gc,heap     ] GC(2130) Survivor regions: 7->10(95)
[2024-05-30T13:38:11.947+0000][11031.366s][info][gc,heap     ] GC(2130) Old regions: 453->453
[2024-05-30T13:38:11.947+0000][11031.366s][info][gc,heap     ] GC(2130) Archive regions: 2->2
[2024-05-30T13:38:11.947+0000][11031.366s][info][gc,heap     ] GC(2130) Humongous regions: 5->5
[2024-05-30T13:38:11.947+0000][11031.366s][info][gc,metaspace] GC(2130) Metaspace: 432991K(439808K)->432991K(439808K) NonClass: 379078K(382976K)->379078K(382976K) Class: 53912K(56832K)->53912K(56832K)
[2024-05-30T13:38:11.947+0000][11031.366s][info][gc          ] GC(2130) Pause Young (Normal) (G1 Evacuation Pause) 9703M->3743M(12288M) 24.079ms
[2024-05-30T13:38:11.947+0000][11031.366s][info][gc,cpu      ] GC(2130) User=0.14s Sys=0.00s Real=0.02s
[2024-05-30T13:38:19.984+0000][11039.403s][info][gc,start    ] GC(2131) Pause Young (Concurrent Start) (G1 Evacuation Pause)
[2024-05-30T13:38:19.984+0000][11039.403s][info][gc,task     ] GC(2131) Using 6 workers of 6 for evacuation
[2024-05-30T13:38:20.014+0000][11039.433s][info][gc,phases   ] GC(2131)   Pre Evacuate Collection Set: 0.6ms
[2024-05-30T13:38:20.014+0000][11039.433s][info][gc,phases   ] GC(2131)   Merge Heap Roots: 0.2ms
[2024-05-30T13:38:20.014+0000][11039.433s][info][gc,phases   ] GC(2131)   Evacuate Collection Set: 27.4ms
[2024-05-30T13:38:20.014+0000][11039.433s][info][gc,phases   ] GC(2131)   Post Evacuate Collection Set: 1.8ms
[2024-05-30T13:38:20.014+0000][11039.433s][info][gc,phases   ] GC(2131)   Other: 0.3ms
[2024-05-30T13:38:20.014+0000][11039.433s][info][gc,heap     ] GC(2131) Eden regions: 745->0(742)
[2024-05-30T13:38:20.014+0000][11039.433s][info][gc,heap     ] GC(2131) Survivor regions: 10->13(95)
[2024-05-30T13:38:20.014+0000][11039.433s][info][gc,heap     ] GC(2131) Old regions: 453->453
[2024-05-30T13:38:20.014+0000][11039.433s][info][gc,heap     ] GC(2131) Archive regions: 2->2
[2024-05-30T13:38:20.014+0000][11039.433s][info][gc,heap     ] GC(2131) Humongous regions: 5->5
[2024-05-30T13:38:20.014+0000][11039.433s][info][gc,metaspace] GC(2131) Metaspace: 432991K(439808K)->432991K(439808K) NonClass: 379078K(382976K)->379078K(382976K) Class: 53912K(56832K)->53912K(56832K)
[2024-05-30T13:38:20.014+0000][11039.433s][info][gc          ] GC(2131) Pause Young (Concurrent Start) (G1 Evacuation Pause) 9703M->3768M(12288M) 30.328ms
[2024-05-30T13:38:20.014+0000][11039.433s][info][gc,cpu      ] GC(2131) User=0.18s Sys=0.00s Real=0.03s
[2024-05-30T13:38:20.014+0000][11039.433s][info][gc          ] GC(2132) Concurrent Mark Cycle
[2024-05-30T13:38:20.014+0000][11039.433s][info][gc,marking  ] GC(2132) Concurrent Clear Claimed Marks
[2024-05-30T13:38:20.015+0000][11039.434s][info][gc,marking  ] GC(2132) Concurrent Clear Claimed Marks 0.382ms
[2024-05-30T13:38:20.015+0000][11039.434s][info][gc,marking  ] GC(2132) Concurrent Scan Root Regions
[2024-05-30T13:38:20.033+0000][11039.452s][info][gc,marking  ] GC(2132) Concurrent Scan Root Regions 18.161ms
[2024-05-30T13:38:20.033+0000][11039.452s][info][gc,marking  ] GC(2132) Concurrent Mark
[2024-05-30T13:38:20.033+0000][11039.452s][info][gc,marking  ] GC(2132) Concurrent Mark From Roots
[2024-05-30T13:38:20.033+0000][11039.452s][info][gc,task     ] GC(2132) Using 2 workers of 2 for marking
[2024-05-30T13:38:23.442+0000][11042.861s][info][gc,marking  ] GC(2132) Concurrent Mark From Roots 3409.112ms
[2024-05-30T13:38:23.442+0000][11042.861s][info][gc,marking  ] GC(2132) Concurrent Preclean
[2024-05-30T13:38:23.444+0000][11042.863s][info][gc,marking  ] GC(2132) Concurrent Preclean 1.739ms
[2024-05-30T13:38:23.444+0000][11042.863s][info][gc,start    ] GC(2132) Pause Remark
[2024-05-30T13:38:23.468+0000][11042.887s][info][gc          ] GC(2132) Pause Remark 6148M->6148M(12288M) 24.082ms
[2024-05-30T13:38:23.468+0000][11042.887s][info][gc,cpu      ] GC(2132) User=0.10s Sys=0.00s Real=0.02s
[2024-05-30T13:38:23.468+0000][11042.887s][info][gc,marking  ] GC(2132) Concurrent Mark 3435.531ms
[2024-05-30T13:38:23.468+0000][11042.888s][info][gc,marking  ] GC(2132) Concurrent Rebuild Remembered Sets
[2024-05-30T13:38:25.118+0000][11044.537s][info][gc,marking  ] GC(2132) Concurrent Rebuild Remembered Sets 1649.885ms
[2024-05-30T13:38:25.118+0000][11044.538s][info][gc,start    ] GC(2132) Pause Cleanup
[2024-05-30T13:38:25.119+0000][11044.538s][info][gc          ] GC(2132) Pause Cleanup 7268M->7268M(12288M) 0.698ms
[2024-05-30T13:38:25.119+0000][11044.538s][info][gc,cpu      ] GC(2132) User=0.00s Sys=0.00s Real=0.00s
[2024-05-30T13:38:25.119+0000][11044.538s][info][gc,marking  ] GC(2132) Concurrent Cleanup for Next Mark
[2024-05-30T13:38:25.136+0000][11044.555s][info][gc,marking  ] GC(2132) Concurrent Cleanup for Next Mark 16.777ms
[2024-05-30T13:38:25.136+0000][11044.555s][info][gc          ] GC(2132) Concurrent Mark Cycle 5121.884ms
[2024-05-30T13:38:27.367+0000][11046.786s][info][gc,start    ] GC(2133) Pause Young (Prepare Mixed) (G1 Evacuation Pause)
[2024-05-30T13:38:27.367+0000][11046.787s][info][gc,task     ] GC(2133) Using 6 workers of 6 for evacuation
[2024-05-30T13:38:27.410+0000][11046.829s][info][gc,phases   ] GC(2133)   Pre Evacuate Collection Set: 0.2ms
[2024-05-30T13:38:27.410+0000][11046.829s][info][gc,phases   ] GC(2133)   Merge Heap Roots: 0.3ms
[2024-05-30T13:38:27.410+0000][11046.829s][info][gc,phases   ] GC(2133)   Evacuate Collection Set: 38.1ms
[2024-05-30T13:38:27.410+0000][11046.829s][info][gc,phases   ] GC(2133)   Post Evacuate Collection Set: 3.7ms
[2024-05-30T13:38:27.410+0000][11046.829s][info][gc,phases   ] GC(2133)   Other: 0.2ms
[2024-05-30T13:38:27.410+0000][11046.829s][info][gc,heap     ] GC(2133) Eden regions: 742->0(63)
[2024-05-30T13:38:27.410+0000][11046.829s][info][gc,heap     ] GC(2133) Survivor regions: 13->13(95)
[2024-05-30T13:38:27.410+0000][11046.829s][info][gc,heap     ] GC(2133) Old regions: 453->453
[2024-05-30T13:38:27.410+0000][11046.829s][info][gc,heap     ] GC(2133) Archive regions: 2->2
[2024-05-30T13:38:27.410+0000][11046.829s][info][gc,heap     ] GC(2133) Humongous regions: 5->5
[2024-05-30T13:38:27.410+0000][11046.829s][info][gc,metaspace] GC(2133) Metaspace: 432991K(439808K)->432991K(439808K) NonClass: 379078K(382976K)->379078K(382976K) Class: 53912K(56832K)->53912K(56832K)
[2024-05-30T13:38:27.410+0000][11046.829s][info][gc          ] GC(2133) Pause Young (Prepare Mixed) (G1 Evacuation Pause) 9704M->3767M(12288M) 42.517ms
[2024-05-30T13:38:27.410+0000][11046.829s][info][gc,cpu      ] GC(2133) User=0.25s Sys=0.00s Real=0.05s
[2024-05-30T13:38:27.609+0000][11047.028s][info][gc,start    ] GC(2134) Pause Young (Mixed) (G1 Evacuation Pause)
[2024-05-30T13:38:27.609+0000][11047.028s][info][gc,task     ] GC(2134) Using 6 workers of 6 for evacuation
[2024-05-30T13:38:27.694+0000][11047.114s][info][gc,phases   ] GC(2134)   Pre Evacuate Collection Set: 0.2ms
[2024-05-30T13:38:27.695+0000][11047.114s][info][gc,phases   ] GC(2134)   Merge Heap Roots: 0.4ms
[2024-05-30T13:38:27.695+0000][11047.114s][info][gc,phases   ] GC(2134)   Evacuate Collection Set: 81.9ms
[2024-05-30T13:38:27.695+0000][11047.114s][info][gc,phases   ] GC(2134)   Post Evacuate Collection Set: 2.8ms
[2024-05-30T13:38:27.695+0000][11047.114s][info][gc,phases   ] GC(2134)   Other: 0.2ms
[2024-05-30T13:38:27.695+0000][11047.114s][info][gc,heap     ] GC(2134) Eden regions: 63->0(747)
[2024-05-30T13:38:27.695+0000][11047.114s][info][gc,heap     ] GC(2134) Survivor regions: 13->6(10)
[2024-05-30T13:38:27.695+0000][11047.114s][info][gc,heap     ] GC(2134) Old regions: 453->454
[2024-05-30T13:38:27.695+0000][11047.114s][info][gc,heap     ] GC(2134) Archive regions: 2->2
[2024-05-30T13:38:27.695+0000][11047.114s][info][gc,heap     ] GC(2134) Humongous regions: 5->5
[2024-05-30T13:38:27.695+0000][11047.114s][info][gc,metaspace] GC(2134) Metaspace: 432991K(439808K)->432991K(439808K) NonClass: 379078K(382976K)->379078K(382976K) Class: 53912K(56832K)->53912K(56832K)
[2024-05-30T13:38:27.695+0000][11047.114s][info][gc          ] GC(2134) Pause Young (Mixed) (G1 Evacuation Pause) 4271M->3717M(12288M) 85.513ms
[2024-05-30T13:38:27.695+0000][11047.114s][info][gc,cpu      ] GC(2134) User=0.51s Sys=0.00s Real=0.08s
[2024-05-30T13:38:30.059+0000][11049.478s][info][gc,start    ] GC(2135) Pause Young (Normal) (G1 Evacuation Pause)
[2024-05-30T13:38:30.059+0000][11049.478s][info][gc,task     ] GC(2135) Using 6 workers of 6 for evacuation
[2024-05-30T13:38:30.130+0000][11049.550s][info][gc,phases   ] GC(2135)   Pre Evacuate Collection Set: 0.2ms
[2024-05-30T13:38:30.130+0000][11049.550s][info][gc,phases   ] GC(2135)   Merge Heap Roots: 0.3ms
[2024-05-30T13:38:30.130+0000][11049.550s][info][gc,phases   ] GC(2135)   Evacuate Collection Set: 54.8ms
[2024-05-30T13:38:30.130+0000][11049.550s][info][gc,phases   ] GC(2135)   Post Evacuate Collection Set: 15.7ms
[2024-05-30T13:38:30.130+0000][11049.550s][info][gc,phases   ] GC(2135)   Other: 0.2ms
[2024-05-30T13:38:30.130+0000][11049.550s][info][gc,heap     ] GC(2135) Eden regions: 747->0(743)
[2024-05-30T13:38:30.130+0000][11049.550s][info][gc,heap     ] GC(2135) Survivor regions: 6->9(95)
[2024-05-30T13:38:30.130+0000][11049.550s][info][gc,heap     ] GC(2135) Old regions: 454->454
[2024-05-30T13:38:30.130+0000][11049.550s][info][gc,heap     ] GC(2135) Archive regions: 2->2
[2024-05-30T13:38:30.130+0000][11049.550s][info][gc,heap     ] GC(2135) Humongous regions: 5->5
[2024-05-30T13:38:30.130+0000][11049.550s][info][gc,metaspace] GC(2135) Metaspace: 432991K(439808K)->432991K(439808K) NonClass: 379078K(382976K)->379078K(382976K) Class: 53912K(56832K)->53912K(56832K)
[2024-05-30T13:38:30.130+0000][11049.550s][info][gc          ] GC(2135) Pause Young (Normal) (G1 Evacuation Pause) 9693M->3744M(12288M) 71.265ms
[2024-05-30T13:38:30.131+0000][11049.550s][info][gc,cpu      ] GC(2135) User=0.42s Sys=0.00s Real=0.07s
[2024-05-30T13:38:32.403+0000][11051.823s][info][gc,start    ] GC(2136) Pause Young (Normal) (G1 Evacuation Pause)
[2024-05-30T13:38:32.403+0000][11051.823s][info][gc,task     ] GC(2136) Using 6 workers of 6 for evacuation
[2024-05-30T13:38:32.472+0000][11051.891s][info][gc,phases   ] GC(2136)   Pre Evacuate Collection Set: 0.2ms
[2024-05-30T13:38:32.472+0000][11051.891s][info][gc,phases   ] GC(2136)   Merge Heap Roots: 0.3ms
[2024-05-30T13:38:32.472+0000][11051.891s][info][gc,phases   ] GC(2136)   Evacuate Collection Set: 56.1ms
[2024-05-30T13:38:32.472+0000][11051.891s][info][gc,phases   ] GC(2136)   Post Evacuate Collection Set: 12.0ms
[2024-05-30T13:38:32.472+0000][11051.891s][info][gc,phases   ] GC(2136)   Other: 0.2ms
[2024-05-30T13:38:32.472+0000][11051.891s][info][gc,heap     ] GC(2136) Eden regions: 743->0(739)
[2024-05-30T13:38:32.472+0000][11051.891s][info][gc,heap     ] GC(2136) Survivor regions: 9->13(94)
[2024-05-30T13:38:32.472+0000][11051.891s][info][gc,heap     ] GC(2136) Old regions: 454->454
[2024-05-30T13:38:32.472+0000][11051.891s][info][gc,heap     ] GC(2136) Archive regions: 2->2
[2024-05-30T13:38:32.472+0000][11051.891s][info][gc,heap     ] GC(2136) Humongous regions: 5->5
[2024-05-30T13:38:32.472+0000][11051.891s][info][gc,metaspace] GC(2136) Metaspace: 432991K(439808K)->432991K(439808K) NonClass: 379078K(382976K)->379078K(382976K) Class: 53912K(56832K)->53912K(56832K)
[2024-05-30T13:38:32.472+0000][11051.891s][info][gc          ] GC(2136) Pause Young (Normal) (G1 Evacuation Pause) 9688M->3774M(12288M) 68.818ms
[2024-05-30T13:38:32.472+0000][11051.891s][info][gc,cpu      ] GC(2136) User=0.40s Sys=0.00s Real=0.07s
[2024-05-30T13:38:35.582+0000][11055.001s][info][gc,start    ] GC(2137) Pause Young (Concurrent Start) (G1 Evacuation Pause)
[2024-05-30T13:38:35.582+0000][11055.001s][info][gc,task     ] GC(2137) Using 6 workers of 6 for evacuation
[2024-05-30T13:38:35.630+0000][11055.050s][info][gc,phases   ] GC(2137)   Pre Evacuate Collection Set: 0.5ms
[2024-05-30T13:38:35.630+0000][11055.050s][info][gc,phases   ] GC(2137)   Merge Heap Roots: 0.3ms
[2024-05-30T13:38:35.630+0000][11055.050s][info][gc,phases   ] GC(2137)   Evacuate Collection Set: 39.1ms
[2024-05-30T13:38:35.630+0000][11055.050s][info][gc,phases   ] GC(2137)   Post Evacuate Collection Set: 8.0ms
[2024-05-30T13:38:35.630+0000][11055.050s][info][gc,phases   ] GC(2137)   Other: 0.3ms
[2024-05-30T13:38:35.630+0000][11055.050s][info][gc,heap     ] GC(2137) Eden regions: 739->0(744)
[2024-05-30T13:38:35.630+0000][11055.050s][info][gc,heap     ] GC(2137) Survivor regions: 13->9(94)
[2024-05-30T13:38:35.630+0000][11055.050s][info][gc,heap     ] GC(2137) Old regions: 454->454
[2024-05-30T13:38:35.630+0000][11055.050s][info][gc,heap     ] GC(2137) Archive regions: 2->2
[2024-05-30T13:38:35.630+0000][11055.050s][info][gc,heap     ] GC(2137) Humongous regions: 5->5
[2024-05-30T13:38:35.630+0000][11055.050s][info][gc,metaspace] GC(2137) Metaspace: 432991K(439808K)->432991K(439808K) NonClass: 379078K(382976K)->379078K(382976K) Class: 53912K(56832K)->53912K(56832K)
[2024-05-30T13:38:35.630+0000][11055.050s][info][gc          ] GC(2137) Pause Young (Concurrent Start) (G1 Evacuation Pause) 9686M->3746M(12288M) 48.286ms
[2024-05-30T13:38:35.631+0000][11055.050s][info][gc,cpu      ] GC(2137) User=0.28s Sys=0.00s Real=0.05s
[2024-05-30T13:38:35.631+0000][11055.050s][info][gc          ] GC(2138) Concurrent Mark Cycle
[2024-05-30T13:38:35.631+0000][11055.050s][info][gc,marking  ] GC(2138) Concurrent Clear Claimed Marks
[2024-05-30T13:38:35.631+0000][11055.050s][info][gc,marking  ] GC(2138) Concurrent Clear Claimed Marks 0.400ms
[2024-05-30T13:38:35.631+0000][11055.050s][info][gc,marking  ] GC(2138) Concurrent Scan Root Regions
[2024-05-30T13:38:35.655+0000][11055.074s][info][gc,marking  ] GC(2138) Concurrent Scan Root Regions 23.802ms
[2024-05-30T13:38:35.655+0000][11055.074s][info][gc,marking  ] GC(2138) Concurrent Mark
[2024-05-30T13:38:35.655+0000][11055.074s][info][gc,marking  ] GC(2138) Concurrent Mark From Roots
[2024-05-30T13:38:35.655+0000][11055.074s][info][gc,task     ] GC(2138) Using 2 workers of 2 for marking
[2024-05-30T13:38:38.523+0000][11057.943s][info][gc,marking  ] GC(2138) Concurrent Mark From Roots 2868.525ms
[2024-05-30T13:38:38.523+0000][11057.943s][info][gc,marking  ] GC(2138) Concurrent Preclean
[2024-05-30T13:38:38.525+0000][11057.944s][info][gc,marking  ] GC(2138) Concurrent Preclean 1.531ms
[2024-05-30T13:38:38.525+0000][11057.944s][info][gc,start    ] GC(2138) Pause Remark
[2024-05-30T13:38:38.549+0000][11057.968s][info][gc          ] GC(2138) Pause Remark 7498M->7498M(12288M) 23.985ms
[2024-05-30T13:38:38.549+0000][11057.969s][info][gc,cpu      ] GC(2138) User=0.10s Sys=0.00s Real=0.03s
[2024-05-30T13:38:38.549+0000][11057.969s][info][gc,marking  ] GC(2138) Concurrent Mark 2894.527ms
[2024-05-30T13:38:38.549+0000][11057.969s][info][gc,marking  ] GC(2138) Concurrent Rebuild Remembered Sets
[2024-05-30T13:38:40.351+0000][11059.770s][info][gc,marking  ] GC(2138) Concurrent Rebuild Remembered Sets 1801.677ms
[2024-05-30T13:38:40.351+0000][11059.770s][info][gc,start    ] GC(2138) Pause Cleanup
[2024-05-30T13:38:40.352+0000][11059.771s][info][gc          ] GC(2138) Pause Cleanup 9690M->9690M(12288M) 0.656ms
[2024-05-30T13:38:40.352+0000][11059.771s][info][gc,cpu      ] GC(2138) User=0.00s Sys=0.00s Real=0.00s
[2024-05-30T13:38:40.352+0000][11059.771s][info][gc,marking  ] GC(2138) Concurrent Cleanup for Next Mark
[2024-05-30T13:38:40.356+0000][11059.775s][info][gc,start    ] GC(2139) Pause Young (Prepare Mixed) (G1 Evacuation Pause)
[2024-05-30T13:38:40.356+0000][11059.775s][info][gc,task     ] GC(2139) Using 6 workers of 6 for evacuation
[2024-05-30T13:38:40.378+0000][11059.797s][info][gc,phases   ] GC(2139)   Pre Evacuate Collection Set: 0.2ms
[2024-05-30T13:38:40.378+0000][11059.797s][info][gc,phases   ] GC(2139)   Merge Heap Roots: 0.4ms
[2024-05-30T13:38:40.378+0000][11059.797s][info][gc,phases   ] GC(2139)   Evacuate Collection Set: 19.3ms
[2024-05-30T13:38:40.378+0000][11059.797s][info][gc,phases   ] GC(2139)   Post Evacuate Collection Set: 1.8ms
[2024-05-30T13:38:40.378+0000][11059.797s][info][gc,phases   ] GC(2139)   Other: 0.2ms
[2024-05-30T13:38:40.378+0000][11059.797s][info][gc,heap     ] GC(2139) Eden regions: 744->0(68)
[2024-05-30T13:38:40.378+0000][11059.797s][info][gc,heap     ] GC(2139) Survivor regions: 9->8(95)
[2024-05-30T13:38:40.378+0000][11059.797s][info][gc,heap     ] GC(2139) Old regions: 454->454
[2024-05-30T13:38:40.378+0000][11059.797s][info][gc,heap     ] GC(2139) Archive regions: 2->2
[2024-05-30T13:38:40.378+0000][11059.797s][info][gc,heap     ] GC(2139) Humongous regions: 5->5
[2024-05-30T13:38:40.378+0000][11059.797s][info][gc,metaspace] GC(2139) Metaspace: 432991K(439808K)->432991K(439808K) NonClass: 379078K(382976K)->379078K(382976K) Class: 53912K(56832K)->53912K(56832K)
[2024-05-30T13:38:40.378+0000][11059.797s][info][gc          ] GC(2139) Pause Young (Prepare Mixed) (G1 Evacuation Pause) 9698M->3738M(12288M) 21.862ms
[2024-05-30T13:38:40.378+0000][11059.797s][info][gc,cpu      ] GC(2139) User=0.13s Sys=0.00s Real=0.03s
[2024-05-30T13:38:40.392+0000][11059.811s][info][gc,marking  ] GC(2138) Concurrent Cleanup for Next Mark 39.933ms
[2024-05-30T13:38:40.392+0000][11059.811s][info][gc          ] GC(2138) Concurrent Mark Cycle 4761.459ms
[2024-05-30T13:38:41.102+0000][11060.521s][info][gc,start    ] GC(2140) Pause Young (Mixed) (G1 Evacuation Pause)
[2024-05-30T13:38:41.102+0000][11060.521s][info][gc,task     ] GC(2140) Using 6 workers of 6 for evacuation
[2024-05-30T13:38:41.164+0000][11060.584s][info][gc,phases   ] GC(2140)   Pre Evacuate Collection Set: 0.2ms
[2024-05-30T13:38:41.164+0000][11060.584s][info][gc,phases   ] GC(2140)   Merge Heap Roots: 0.4ms
[2024-05-30T13:38:41.164+0000][11060.584s][info][gc,phases   ] GC(2140)   Evacuate Collection Set: 60.3ms
[2024-05-30T13:38:41.164+0000][11060.584s][info][gc,phases   ] GC(2140)   Post Evacuate Collection Set: 1.3ms
[2024-05-30T13:38:41.164+0000][11060.584s][info][gc,phases   ] GC(2140)   Other: 0.2ms
[2024-05-30T13:38:41.164+0000][11060.584s][info][gc,heap     ] GC(2140) Eden regions: 68->0(754)
[2024-05-30T13:38:41.164+0000][11060.584s][info][gc,heap     ] GC(2140) Survivor regions: 8->5(10)
[2024-05-30T13:38:41.164+0000][11060.584s][info][gc,heap     ] GC(2140) Old regions: 454->449
[2024-05-30T13:38:41.164+0000][11060.584s][info][gc,heap     ] GC(2140) Archive regions: 2->2
[2024-05-30T13:38:41.164+0000][11060.584s][info][gc,heap     ] GC(2140) Humongous regions: 5->5
[2024-05-30T13:38:41.164+0000][11060.584s][info][gc,metaspace] GC(2140) Metaspace: 432991K(439808K)->432991K(439808K) NonClass: 379078K(382976K)->379078K(382976K) Class: 53912K(56832K)->53912K(56832K)
[2024-05-30T13:38:41.164+0000][11060.584s][info][gc          ] GC(2140) Pause Young (Mixed) (G1 Evacuation Pause) 4282M->3667M(12288M) 62.350ms
[2024-05-30T13:38:41.164+0000][11060.584s][info][gc,cpu      ] GC(2140) User=0.37s Sys=0.00s Real=0.06s
[2024-05-30T13:38:49.328+0000][11068.747s][info][gc,start    ] GC(2141) Pause Young (Normal) (G1 Evacuation Pause)
[2024-05-30T13:38:49.328+0000][11068.747s][info][gc,task     ] GC(2141) Using 6 workers of 6 for evacuation
[2024-05-30T13:38:49.347+0000][11068.767s][info][gc,phases   ] GC(2141)   Pre Evacuate Collection Set: 0.2ms
[2024-05-30T13:38:49.347+0000][11068.767s][info][gc,phases   ] GC(2141)   Merge Heap Roots: 0.2ms
[2024-05-30T13:38:49.347+0000][11068.767s][info][gc,phases   ] GC(2141)   Evacuate Collection Set: 16.9ms
[2024-05-30T13:38:49.347+0000][11068.767s][info][gc,phases   ] GC(2141)   Post Evacuate Collection Set: 1.7ms
[2024-05-30T13:38:49.347+0000][11068.767s][info][gc,phases   ] GC(2141)   Other: 0.2ms
[2024-05-30T13:38:49.347+0000][11068.767s][info][gc,heap     ] GC(2141) Eden regions: 754->0(752)
[2024-05-30T13:38:49.347+0000][11068.767s][info][gc,heap     ] GC(2141) Survivor regions: 5->7(95)
[2024-05-30T13:38:49.347+0000][11068.767s][info][gc,heap     ] GC(2141) Old regions: 449->449
[2024-05-30T13:38:49.347+0000][11068.767s][info][gc,heap     ] GC(2141) Archive regions: 2->2
[2024-05-30T13:38:49.347+0000][11068.767s][info][gc,heap     ] GC(2141) Humongous regions: 5->5
[2024-05-30T13:38:49.347+0000][11068.767s][info][gc,metaspace] GC(2141) Metaspace: 432991K(439808K)->432991K(439808K) NonClass: 379078K(382976K)->379078K(382976K) Class: 53912K(56832K)->53912K(56832K)
[2024-05-30T13:38:49.347+0000][11068.767s][info][gc          ] GC(2141) Pause Young (Normal) (G1 Evacuation Pause) 9699M->3685M(12288M) 19.371ms
[2024-05-30T13:38:49.347+0000][11068.767s][info][gc,cpu      ] GC(2141) User=0.12s Sys=0.00s Real=0.02s
[2024-05-30T13:38:57.512+0000][11076.931s][info][gc,start    ] GC(2142) Pause Young (Normal) (G1 Evacuation Pause)
[2024-05-30T13:38:57.512+0000][11076.931s][info][gc,task     ] GC(2142) Using 6 workers of 6 for evacuation
[2024-05-30T13:38:57.538+0000][11076.958s][info][gc,phases   ] GC(2142)   Pre Evacuate Collection Set: 0.2ms
[2024-05-30T13:38:57.538+0000][11076.958s][info][gc,phases   ] GC(2142)   Merge Heap Roots: 0.3ms
[2024-05-30T13:38:57.538+0000][11076.958s][info][gc,phases   ] GC(2142)   Evacuate Collection Set: 23.8ms
[2024-05-30T13:38:57.538+0000][11076.958s][info][gc,phases   ] GC(2142)   Post Evacuate Collection Set: 2.0ms
[2024-05-30T13:38:57.538+0000][11076.958s][info][gc,phases   ] GC(2142)   Other: 0.2ms
[2024-05-30T13:38:57.538+0000][11076.958s][info][gc,heap     ] GC(2142) Eden regions: 752->0(747)
[2024-05-30T13:38:57.538+0000][11076.958s][info][gc,heap     ] GC(2142) Survivor regions: 7->11(95)
[2024-05-30T13:38:57.538+0000][11076.958s][info][gc,heap     ] GC(2142) Old regions: 449->449
[2024-05-30T13:38:57.538+0000][11076.958s][info][gc,heap     ] GC(2142) Archive regions: 2->2
[2024-05-30T13:38:57.538+0000][11076.958s][info][gc,heap     ] GC(2142) Humongous regions: 5->5
[2024-05-30T13:38:57.538+0000][11076.958s][info][gc,metaspace] GC(2142) Metaspace: 432992K(439808K)->432992K(439808K) NonClass: 379079K(382976K)->379079K(382976K) Class: 53912K(56832K)->53912K(56832K)
[2024-05-30T13:38:57.538+0000][11076.958s][info][gc          ] GC(2142) Pause Young (Normal) (G1 Evacuation Pause) 9701M->3718M(12288M) 26.526ms
[2024-05-30T13:38:57.538+0000][11076.958s][info][gc,cpu      ] GC(2142) User=0.15s Sys=0.00s Real=0.03s
[2024-05-30T13:39:06.474+0000][11085.893s][info][gc,start    ] GC(2143) Pause Young (Concurrent Start) (G1 Evacuation Pause)
[2024-05-30T13:39:06.474+0000][11085.893s][info][gc,task     ] GC(2143) Using 6 workers of 6 for evacuation
[2024-05-30T13:39:06.510+0000][11085.929s][info][gc,phases   ] GC(2143)   Pre Evacuate Collection Set: 0.5ms
[2024-05-30T13:39:06.510+0000][11085.929s][info][gc,phases   ] GC(2143)   Merge Heap Roots: 0.3ms
[2024-05-30T13:39:06.510+0000][11085.929s][info][gc,phases   ] GC(2143)   Evacuate Collection Set: 32.7ms
[2024-05-30T13:39:06.510+0000][11085.929s][info][gc,phases   ] GC(2143)   Post Evacuate Collection Set: 2.0ms
[2024-05-30T13:39:06.510+0000][11085.929s][info][gc,phases   ] GC(2143)   Other: 0.3ms
[2024-05-30T13:39:06.510+0000][11085.929s][info][gc,heap     ] GC(2143) Eden regions: 747->0(742)
[2024-05-30T13:39:06.510+0000][11085.929s][info][gc,heap     ] GC(2143) Survivor regions: 11->14(95)
[2024-05-30T13:39:06.510+0000][11085.929s][info][gc,heap     ] GC(2143) Old regions: 449->449
[2024-05-30T13:39:06.510+0000][11085.929s][info][gc,heap     ] GC(2143) Archive regions: 2->2
[2024-05-30T13:39:06.510+0000][11085.929s][info][gc,heap     ] GC(2143) Humongous regions: 5->5
[2024-05-30T13:39:06.510+0000][11085.929s][info][gc,metaspace] GC(2143) Metaspace: 433612K(439936K)->433612K(439936K) NonClass: 379609K(383104K)->379609K(383104K) Class: 54002K(56832K)->54002K(56832K)
[2024-05-30T13:39:06.510+0000][11085.929s][info][gc          ] GC(2143) Pause Young (Concurrent Start) (G1 Evacuation Pause) 9694M->3742M(12288M) 35.862ms
[2024-05-30T13:39:06.510+0000][11085.929s][info][gc,cpu      ] GC(2143) User=0.25s Sys=0.00s Real=0.04s
[2024-05-30T13:39:06.510+0000][11085.929s][info][gc          ] GC(2144) Concurrent Mark Cycle
[2024-05-30T13:39:06.510+0000][11085.929s][info][gc,marking  ] GC(2144) Concurrent Clear Claimed Marks
[2024-05-30T13:39:06.510+0000][11085.929s][info][gc,marking  ] GC(2144) Concurrent Clear Claimed Marks 0.389ms
[2024-05-30T13:39:06.510+0000][11085.930s][info][gc,marking  ] GC(2144) Concurrent Scan Root Regions
[2024-05-30T13:39:06.554+0000][11085.974s][info][gc,marking  ] GC(2144) Concurrent Scan Root Regions 44.146ms
[2024-05-30T13:39:06.554+0000][11085.974s][info][gc,marking  ] GC(2144) Concurrent Mark
[2024-05-30T13:39:06.554+0000][11085.974s][info][gc,marking  ] GC(2144) Concurrent Mark From Roots
[2024-05-30T13:39:06.555+0000][11085.974s][info][gc,task     ] GC(2144) Using 2 workers of 2 for marking
[2024-05-30T13:39:09.775+0000][11089.194s][info][gc,marking  ] GC(2144) Concurrent Mark From Roots 3220.090ms
[2024-05-30T13:39:09.775+0000][11089.194s][info][gc,marking  ] GC(2144) Concurrent Preclean
[2024-05-30T13:39:09.776+0000][11089.195s][info][gc,marking  ] GC(2144) Concurrent Preclean 1.602ms
[2024-05-30T13:39:09.776+0000][11089.196s][info][gc,start    ] GC(2144) Pause Remark
[2024-05-30T13:39:09.801+0000][11089.220s][info][gc          ] GC(2144) Pause Remark 6158M->6158M(12288M) 24.245ms
[2024-05-30T13:39:09.801+0000][11089.220s][info][gc,cpu      ] GC(2144) User=0.11s Sys=0.00s Real=0.02s
[2024-05-30T13:39:09.801+0000][11089.220s][info][gc,marking  ] GC(2144) Concurrent Mark 3246.454ms
[2024-05-30T13:39:09.801+0000][11089.220s][info][gc,marking  ] GC(2144) Concurrent Rebuild Remembered Sets
[2024-05-30T13:39:11.669+0000][11091.088s][info][gc,marking  ] GC(2144) Concurrent Rebuild Remembered Sets 1868.046ms
[2024-05-30T13:39:11.669+0000][11091.089s][info][gc,start    ] GC(2144) Pause Cleanup
[2024-05-30T13:39:11.670+0000][11091.089s][info][gc          ] GC(2144) Pause Cleanup 7971M->7971M(12288M) 0.649ms
[2024-05-30T13:39:11.670+0000][11091.089s][info][gc,cpu      ] GC(2144) User=0.00s Sys=0.00s Real=0.00s
[2024-05-30T13:39:11.670+0000][11091.089s][info][gc,marking  ] GC(2144) Concurrent Cleanup for Next Mark
[2024-05-30T13:39:11.687+0000][11091.106s][info][gc,marking  ] GC(2144) Concurrent Cleanup for Next Mark 16.563ms
[2024-05-30T13:39:11.687+0000][11091.106s][info][gc          ] GC(2144) Concurrent Mark Cycle 5176.836ms
[2024-05-30T13:39:13.081+0000][11092.500s][info][gc,start    ] GC(2145) Pause Young (Prepare Mixed) (G1 Evacuation Pause)
[2024-05-30T13:39:13.081+0000][11092.500s][info][gc,task     ] GC(2145) Using 6 workers of 6 for evacuation
[2024-05-30T13:39:13.116+0000][11092.535s][info][gc,phases   ] GC(2145)   Pre Evacuate Collection Set: 0.2ms
[2024-05-30T13:39:13.116+0000][11092.535s][info][gc,phases   ] GC(2145)   Merge Heap Roots: 0.3ms
[2024-05-30T13:39:13.116+0000][11092.535s][info][gc,phases   ] GC(2145)   Evacuate Collection Set: 32.8ms
[2024-05-30T13:39:13.116+0000][11092.535s][info][gc,phases   ] GC(2145)   Post Evacuate Collection Set: 1.8ms
[2024-05-30T13:39:13.116+0000][11092.536s][info][gc,phases   ] GC(2145)   Other: 0.2ms
[2024-05-30T13:39:13.116+0000][11092.536s][info][gc,heap     ] GC(2145) Eden regions: 742->0(61)
[2024-05-30T13:39:13.116+0000][11092.536s][info][gc,heap     ] GC(2145) Survivor regions: 14->15(95)
[2024-05-30T13:39:13.116+0000][11092.536s][info][gc,heap     ] GC(2145) Old regions: 449->449
[2024-05-30T13:39:13.116+0000][11092.536s][info][gc,heap     ] GC(2145) Archive regions: 2->2
[2024-05-30T13:39:13.116+0000][11092.536s][info][gc,heap     ] GC(2145) Humongous regions: 5->5
[2024-05-30T13:39:13.116+0000][11092.536s][info][gc,metaspace] GC(2145) Metaspace: 433631K(439936K)->433631K(439936K) NonClass: 379628K(383104K)->379628K(383104K) Class: 54002K(56832K)->54002K(56832K)
[2024-05-30T13:39:13.116+0000][11092.536s][info][gc          ] GC(2145) Pause Young (Prepare Mixed) (G1 Evacuation Pause) 9678M->3750M(12288M) 35.367ms
[2024-05-30T13:39:13.116+0000][11092.536s][info][gc,cpu      ] GC(2145) User=0.24s Sys=0.01s Real=0.04s
[2024-05-30T13:39:13.528+0000][11092.947s][info][gc,start    ] GC(2146) Pause Young (Mixed) (G1 Evacuation Pause)
[2024-05-30T13:39:13.528+0000][11092.947s][info][gc,task     ] GC(2146) Using 6 workers of 6 for evacuation
[2024-05-30T13:39:13.605+0000][11093.025s][info][gc,phases   ] GC(2146)   Pre Evacuate Collection Set: 0.2ms
[2024-05-30T13:39:13.605+0000][11093.025s][info][gc,phases   ] GC(2146)   Merge Heap Roots: 0.5ms
[2024-05-30T13:39:13.605+0000][11093.025s][info][gc,phases   ] GC(2146)   Evacuate Collection Set: 75.6ms
[2024-05-30T13:39:13.605+0000][11093.025s][info][gc,phases   ] GC(2146)   Post Evacuate Collection Set: 1.3ms
[2024-05-30T13:39:13.605+0000][11093.025s][info][gc,phases   ] GC(2146)   Other: 0.2ms
[2024-05-30T13:39:13.605+0000][11093.025s][info][gc,heap     ] GC(2146) Eden regions: 61->0(750)
[2024-05-30T13:39:13.605+0000][11093.025s][info][gc,heap     ] GC(2146) Survivor regions: 15->5(10)
[2024-05-30T13:39:13.605+0000][11093.025s][info][gc,heap     ] GC(2146) Old regions: 449->451
[2024-05-30T13:39:13.605+0000][11093.025s][info][gc,heap     ] GC(2146) Archive regions: 2->2
[2024-05-30T13:39:13.605+0000][11093.025s][info][gc,heap     ] GC(2146) Humongous regions: 5->5
[2024-05-30T13:39:13.605+0000][11093.025s][info][gc,metaspace] GC(2146) Metaspace: 433637K(439936K)->433637K(439936K) NonClass: 379634K(383104K)->379634K(383104K) Class: 54002K(56832K)->54002K(56832K)
[2024-05-30T13:39:13.605+0000][11093.025s][info][gc          ] GC(2146) Pause Young (Mixed) (G1 Evacuation Pause) 4238M->3688M(12288M) 77.779ms
[2024-05-30T13:39:13.606+0000][11093.025s][info][gc,cpu      ] GC(2146) User=0.46s Sys=0.00s Real=0.08s
[2024-05-30T13:39:18.800+0000][11098.219s][info][gc,start    ] GC(2147) Pause Young (Normal) (G1 Evacuation Pause)
[2024-05-30T13:39:18.800+0000][11098.219s][info][gc,task     ] GC(2147) Using 6 workers of 6 for evacuation
[2024-05-30T13:39:18.812+0000][11098.231s][info][gc,phases   ] GC(2147)   Pre Evacuate Collection Set: 0.2ms
[2024-05-30T13:39:18.812+0000][11098.231s][info][gc,phases   ] GC(2147)   Merge Heap Roots: 0.2ms
[2024-05-30T13:39:18.812+0000][11098.231s][info][gc,phases   ] GC(2147)   Evacuate Collection Set: 9.6ms
[2024-05-30T13:39:18.812+0000][11098.231s][info][gc,phases   ] GC(2147)   Post Evacuate Collection Set: 1.7ms
[2024-05-30T13:39:18.812+0000][11098.231s][info][gc,phases   ] GC(2147)   Other: 0.2ms
[2024-05-30T13:39:18.812+0000][11098.231s][info][gc,heap     ] GC(2147) Eden regions: 750->0(748)
[2024-05-30T13:39:18.812+0000][11098.231s][info][gc,heap     ] GC(2147) Survivor regions: 5->7(95)
[2024-05-30T13:39:18.812+0000][11098.231s][info][gc,heap     ] GC(2147) Old regions: 451->451
[2024-05-30T13:39:18.812+0000][11098.231s][info][gc,heap     ] GC(2147) Archive regions: 2->2
[2024-05-30T13:39:18.812+0000][11098.231s][info][gc,heap     ] GC(2147) Humongous regions: 5->5
[2024-05-30T13:39:18.812+0000][11098.231s][info][gc,metaspace] GC(2147) Metaspace: 433641K(439936K)->433641K(439936K) NonClass: 379638K(383104K)->379638K(383104K) Class: 54002K(56832K)->54002K(56832K)
[2024-05-30T13:39:18.812+0000][11098.231s][info][gc          ] GC(2147) Pause Young (Normal) (G1 Evacuation Pause) 9688M->3703M(12288M) 11.961ms
[2024-05-30T13:39:18.812+0000][11098.231s][info][gc,cpu      ] GC(2147) User=0.06s Sys=0.00s Real=0.01s
[2024-05-30T13:39:23.613+0000][11103.032s][info][gc,start    ] GC(2148) Pause Young (Normal) (G1 Evacuation Pause)
[2024-05-30T13:39:23.613+0000][11103.032s][info][gc,task     ] GC(2148) Using 6 workers of 6 for evacuation
[2024-05-30T13:39:23.626+0000][11103.045s][info][gc,phases   ] GC(2148)   Pre Evacuate Collection Set: 0.2ms
[2024-05-30T13:39:23.626+0000][11103.045s][info][gc,phases   ] GC(2148)   Merge Heap Roots: 0.2ms
[2024-05-30T13:39:23.626+0000][11103.045s][info][gc,phases   ] GC(2148)   Evacuate Collection Set: 11.0ms
[2024-05-30T13:39:23.626+0000][11103.045s][info][gc,phases   ] GC(2148)   Post Evacuate Collection Set: 1.9ms
[2024-05-30T13:39:23.626+0000][11103.045s][info][gc,phases   ] GC(2148)   Other: 0.2ms
[2024-05-30T13:39:23.626+0000][11103.045s][info][gc,heap     ] GC(2148) Eden regions: 748->0(749)
[2024-05-30T13:39:23.626+0000][11103.045s][info][gc,heap     ] GC(2148) Survivor regions: 7->6(95)
[2024-05-30T13:39:23.626+0000][11103.045s][info][gc,heap     ] GC(2148) Old regions: 451->451
[2024-05-30T13:39:23.626+0000][11103.045s][info][gc,heap     ] GC(2148) Archive regions: 2->2
[2024-05-30T13:39:23.626+0000][11103.045s][info][gc,heap     ] GC(2148) Humongous regions: 5->5
[2024-05-30T13:39:23.626+0000][11103.045s][info][gc,metaspace] GC(2148) Metaspace: 433646K(439936K)->433646K(439936K) NonClass: 379644K(383104K)->379644K(383104K) Class: 54002K(56832K)->54002K(56832K)
[2024-05-30T13:39:23.626+0000][11103.045s][info][gc          ] GC(2148) Pause Young (Normal) (G1 Evacuation Pause) 9687M->3700M(12288M) 13.577ms
[2024-05-30T13:39:23.626+0000][11103.045s][info][gc,cpu      ] GC(2148) User=0.07s Sys=0.00s Real=0.01s
[2024-05-30T13:39:28.803+0000][11108.222s][info][gc,start    ] GC(2149) Pause Young (Concurrent Start) (G1 Evacuation Pause)
[2024-05-30T13:39:28.803+0000][11108.222s][info][gc,task     ] GC(2149) Using 6 workers of 6 for evacuation
[2024-05-30T13:39:28.819+0000][11108.238s][info][gc,phases   ] GC(2149)   Pre Evacuate Collection Set: 0.5ms
[2024-05-30T13:39:28.819+0000][11108.238s][info][gc,phases   ] GC(2149)   Merge Heap Roots: 0.2ms
[2024-05-30T13:39:28.819+0000][11108.238s][info][gc,phases   ] GC(2149)   Evacuate Collection Set: 13.0ms
[2024-05-30T13:39:28.819+0000][11108.238s][info][gc,phases   ] GC(2149)   Post Evacuate Collection Set: 1.7ms
[2024-05-30T13:39:28.819+0000][11108.238s][info][gc,phases   ] GC(2149)   Other: 0.3ms
[2024-05-30T13:39:28.819+0000][11108.238s][info][gc,heap     ] GC(2149) Eden regions: 749->0(748)
[2024-05-30T13:39:28.819+0000][11108.238s][info][gc,heap     ] GC(2149) Survivor regions: 6->8(95)
[2024-05-30T13:39:28.819+0000][11108.238s][info][gc,heap     ] GC(2149) Old regions: 451->451
[2024-05-30T13:39:28.819+0000][11108.238s][info][gc,heap     ] GC(2149) Archive regions: 2->2
[2024-05-30T13:39:28.819+0000][11108.238s][info][gc,heap     ] GC(2149) Humongous regions: 5->5
[2024-05-30T13:39:28.819+0000][11108.238s][info][gc,metaspace] GC(2149) Metaspace: 433652K(439936K)->433652K(439936K) NonClass: 379650K(383104K)->379650K(383104K) Class: 54002K(56832K)->54002K(56832K)
[2024-05-30T13:39:28.819+0000][11108.238s][info][gc          ] GC(2149) Pause Young (Concurrent Start) (G1 Evacuation Pause) 9692M->3712M(12288M) 15.778ms
[2024-05-30T13:39:28.819+0000][11108.238s][info][gc,cpu      ] GC(2149) User=0.09s Sys=0.00s Real=0.02s
[2024-05-30T13:39:28.819+0000][11108.238s][info][gc          ] GC(2150) Concurrent Mark Cycle
[2024-05-30T13:39:28.819+0000][11108.238s][info][gc,marking  ] GC(2150) Concurrent Clear Claimed Marks
[2024-05-30T13:39:28.819+0000][11108.239s][info][gc,marking  ] GC(2150) Concurrent Clear Claimed Marks 0.378ms
[2024-05-30T13:39:28.819+0000][11108.239s][info][gc,marking  ] GC(2150) Concurrent Scan Root Regions
[2024-05-30T13:39:28.835+0000][11108.255s][info][gc,marking  ] GC(2150) Concurrent Scan Root Regions 16.044ms
[2024-05-30T13:39:28.835+0000][11108.255s][info][gc,marking  ] GC(2150) Concurrent Mark
[2024-05-30T13:39:28.835+0000][11108.255s][info][gc,marking  ] GC(2150) Concurrent Mark From Roots
[2024-05-30T13:39:28.835+0000][11108.255s][info][gc,task     ] GC(2150) Using 2 workers of 2 for marking
[2024-05-30T13:39:32.486+0000][11111.906s][info][gc,marking  ] GC(2150) Concurrent Mark From Roots 3651.078ms
[2024-05-30T13:39:32.487+0000][11111.906s][info][gc,marking  ] GC(2150) Concurrent Preclean
[2024-05-30T13:39:32.488+0000][11111.907s][info][gc,marking  ] GC(2150) Concurrent Preclean 1.681ms
[2024-05-30T13:39:32.488+0000][11111.908s][info][gc,start    ] GC(2150) Pause Remark
[2024-05-30T13:39:32.513+0000][11111.932s][info][gc          ] GC(2150) Pause Remark 7360M->7360M(12288M) 24.260ms
[2024-05-30T13:39:32.513+0000][11111.932s][info][gc,cpu      ] GC(2150) User=0.11s Sys=0.00s Real=0.02s
[2024-05-30T13:39:32.513+0000][11111.932s][info][gc,marking  ] GC(2150) Concurrent Mark 3677.423ms
[2024-05-30T13:39:32.513+0000][11111.932s][info][gc,marking  ] GC(2150) Concurrent Rebuild Remembered Sets
[2024-05-30T13:39:34.374+0000][11113.793s][info][gc,marking  ] GC(2150) Concurrent Rebuild Remembered Sets 1860.832ms
[2024-05-30T13:39:34.374+0000][11113.793s][info][gc,start    ] GC(2150) Pause Cleanup
[2024-05-30T13:39:34.375+0000][11113.794s][info][gc          ] GC(2150) Pause Cleanup 9440M->9440M(12288M) 0.626ms
[2024-05-30T13:39:34.375+0000][11113.794s][info][gc,cpu      ] GC(2150) User=0.00s Sys=0.00s Real=0.00s
[2024-05-30T13:39:34.375+0000][11113.794s][info][gc,marking  ] GC(2150) Concurrent Cleanup for Next Mark
[2024-05-30T13:39:34.404+0000][11113.823s][info][gc,marking  ] GC(2150) Concurrent Cleanup for Next Mark 29.000ms
[2024-05-30T13:39:34.404+0000][11113.823s][info][gc          ] GC(2150) Concurrent Mark Cycle 5584.806ms
[2024-05-30T13:39:34.569+0000][11113.988s][info][gc,start    ] GC(2151) Pause Young (Prepare Mixed) (G1 Evacuation Pause)
[2024-05-30T13:39:34.569+0000][11113.988s][info][gc,task     ] GC(2151) Using 6 workers of 6 for evacuation
[2024-05-30T13:39:34.586+0000][11114.005s][info][gc,phases   ] GC(2151)   Pre Evacuate Collection Set: 0.2ms
[2024-05-30T13:39:34.586+0000][11114.005s][info][gc,phases   ] GC(2151)   Merge Heap Roots: 0.3ms
[2024-05-30T13:39:34.586+0000][11114.005s][info][gc,phases   ] GC(2151)   Evacuate Collection Set: 14.9ms
[2024-05-30T13:39:34.586+0000][11114.005s][info][gc,phases   ] GC(2151)   Post Evacuate Collection Set: 1.9ms
[2024-05-30T13:39:34.586+0000][11114.005s][info][gc,phases   ] GC(2151)   Other: 0.2ms
[2024-05-30T13:39:34.586+0000][11114.005s][info][gc,heap     ] GC(2151) Eden regions: 748->0(68)
[2024-05-30T13:39:34.586+0000][11114.005s][info][gc,heap     ] GC(2151) Survivor regions: 8->8(95)
[2024-05-30T13:39:34.586+0000][11114.005s][info][gc,heap     ] GC(2151) Old regions: 451->451
[2024-05-30T13:39:34.586+0000][11114.005s][info][gc,heap     ] GC(2151) Archive regions: 2->2
[2024-05-30T13:39:34.586+0000][11114.005s][info][gc,heap     ] GC(2151) Humongous regions: 5->5
[2024-05-30T13:39:34.586+0000][11114.005s][info][gc,metaspace] GC(2151) Metaspace: 433662K(440000K)->433662K(440000K) NonClass: 379660K(383168K)->379660K(383168K) Class: 54002K(56832K)->54002K(56832K)
[2024-05-30T13:39:34.586+0000][11114.005s][info][gc          ] GC(2151) Pause Young (Prepare Mixed) (G1 Evacuation Pause) 9696M->3710M(12288M) 17.570ms
[2024-05-30T13:39:34.586+0000][11114.005s][info][gc,cpu      ] GC(2151) User=0.10s Sys=0.00s Real=0.01s
[2024-05-30T13:39:35.032+0000][11114.451s][info][gc,start    ] GC(2152) Pause Young (Mixed) (G1 Evacuation Pause)
[2024-05-30T13:39:35.032+0000][11114.451s][info][gc,task     ] GC(2152) Using 6 workers of 6 for evacuation
[2024-05-30T13:39:35.094+0000][11114.514s][info][gc,phases   ] GC(2152)   Pre Evacuate Collection Set: 0.2ms
[2024-05-30T13:39:35.094+0000][11114.514s][info][gc,phases   ] GC(2152)   Merge Heap Roots: 0.4ms
[2024-05-30T13:39:35.094+0000][11114.514s][info][gc,phases   ] GC(2152)   Evacuate Collection Set: 60.2ms
[2024-05-30T13:39:35.094+0000][11114.514s][info][gc,phases   ] GC(2152)   Post Evacuate Collection Set: 1.3ms
[2024-05-30T13:39:35.094+0000][11114.514s][info][gc,phases   ] GC(2152)   Other: 0.2ms
[2024-05-30T13:39:35.094+0000][11114.514s][info][gc,heap     ] GC(2152) Eden regions: 68->0(755)
[2024-05-30T13:39:35.094+0000][11114.514s][info][gc,heap     ] GC(2152) Survivor regions: 8->6(10)
[2024-05-30T13:39:35.094+0000][11114.514s][info][gc,heap     ] GC(2152) Old regions: 451->447
[2024-05-30T13:39:35.094+0000][11114.514s][info][gc,heap     ] GC(2152) Archive regions: 2->2
[2024-05-30T13:39:35.095+0000][11114.514s][info][gc,heap     ] GC(2152) Humongous regions: 5->5
[2024-05-30T13:39:35.095+0000][11114.514s][info][gc,metaspace] GC(2152) Metaspace: 433662K(440000K)->433662K(440000K) NonClass: 379660K(383168K)->379660K(383168K) Class: 54002K(56832K)->54002K(56832K)
[2024-05-30T13:39:35.095+0000][11114.514s][info][gc          ] GC(2152) Pause Young (Mixed) (G1 Evacuation Pause) 4254M->3659M(12288M) 62.324ms
[2024-05-30T13:39:35.095+0000][11114.514s][info][gc,cpu      ] GC(2152) User=0.37s Sys=0.00s Real=0.06s
[2024-05-30T13:39:40.210+0000][11119.629s][info][gc,start    ] GC(2153) Pause Young (Normal) (G1 Evacuation Pause)
[2024-05-30T13:39:40.210+0000][11119.629s][info][gc,task     ] GC(2153) Using 6 workers of 6 for evacuation
[2024-05-30T13:39:40.225+0000][11119.645s][info][gc,phases   ] GC(2153)   Pre Evacuate Collection Set: 0.2ms
[2024-05-30T13:39:40.225+0000][11119.645s][info][gc,phases   ] GC(2153)   Merge Heap Roots: 0.2ms
[2024-05-30T13:39:40.225+0000][11119.645s][info][gc,phases   ] GC(2153)   Evacuate Collection Set: 12.9ms
[2024-05-30T13:39:40.225+0000][11119.645s][info][gc,phases   ] GC(2153)   Post Evacuate Collection Set: 1.7ms
[2024-05-30T13:39:40.225+0000][11119.645s][info][gc,phases   ] GC(2153)   Other: 0.2ms
[2024-05-30T13:39:40.225+0000][11119.645s][info][gc,heap     ] GC(2153) Eden regions: 755->0(753)
[2024-05-30T13:39:40.225+0000][11119.645s][info][gc,heap     ] GC(2153) Survivor regions: 6->8(96)
[2024-05-30T13:39:40.225+0000][11119.645s][info][gc,heap     ] GC(2153) Old regions: 447->447
[2024-05-30T13:39:40.225+0000][11119.645s][info][gc,heap     ] GC(2153) Archive regions: 2->2
[2024-05-30T13:39:40.225+0000][11119.645s][info][gc,heap     ] GC(2153) Humongous regions: 5->5
[2024-05-30T13:39:40.225+0000][11119.645s][info][gc,metaspace] GC(2153) Metaspace: 433662K(440000K)->433662K(440000K) NonClass: 379660K(383168K)->379660K(383168K) Class: 54002K(56832K)->54002K(56832K)
[2024-05-30T13:39:40.225+0000][11119.645s][info][gc          ] GC(2153) Pause Young (Normal) (G1 Evacuation Pause) 9699M->3675M(12288M) 15.212ms
[2024-05-30T13:39:40.225+0000][11119.645s][info][gc,cpu      ] GC(2153) User=0.08s Sys=0.01s Real=0.01s
[2024-05-30T13:39:45.045+0000][11124.464s][info][gc,start    ] GC(2154) Pause Young (Normal) (G1 Evacuation Pause)
[2024-05-30T13:39:45.045+0000][11124.464s][info][gc,task     ] GC(2154) Using 6 workers of 6 for evacuation
[2024-05-30T13:39:45.063+0000][11124.482s][info][gc,phases   ] GC(2154)   Pre Evacuate Collection Set: 0.2ms
[2024-05-30T13:39:45.063+0000][11124.482s][info][gc,phases   ] GC(2154)   Merge Heap Roots: 0.2ms
[2024-05-30T13:39:45.063+0000][11124.482s][info][gc,phases   ] GC(2154)   Evacuate Collection Set: 15.1ms
[2024-05-30T13:39:45.063+0000][11124.482s][info][gc,phases   ] GC(2154)   Post Evacuate Collection Set: 1.7ms
[2024-05-30T13:39:45.063+0000][11124.482s][info][gc,phases   ] GC(2154)   Other: 0.2ms
[2024-05-30T13:39:45.063+0000][11124.482s][info][gc,heap     ] GC(2154) Eden regions: 753->0(754)
[2024-05-30T13:39:45.063+0000][11124.482s][info][gc,heap     ] GC(2154) Survivor regions: 8->8(96)
[2024-05-30T13:39:45.063+0000][11124.482s][info][gc,heap     ] GC(2154) Old regions: 447->447
[2024-05-30T13:39:45.063+0000][11124.482s][info][gc,heap     ] GC(2154) Archive regions: 2->2
[2024-05-30T13:39:45.063+0000][11124.482s][info][gc,heap     ] GC(2154) Humongous regions: 5->5
[2024-05-30T13:39:45.063+0000][11124.482s][info][gc,metaspace] GC(2154) Metaspace: 433662K(440000K)->433662K(440000K) NonClass: 379660K(383168K)->379660K(383168K) Class: 54002K(56832K)->54002K(56832K)
[2024-05-30T13:39:45.063+0000][11124.482s][info][gc          ] GC(2154) Pause Young (Normal) (G1 Evacuation Pause) 9699M->3677M(12288M) 17.461ms
[2024-05-30T13:39:45.063+0000][11124.482s][info][gc,cpu      ] GC(2154) User=0.11s Sys=0.00s Real=0.02s
[2024-05-30T13:39:49.306+0000][11128.725s][info][gc,start    ] GC(2155) Pause Young (Concurrent Start) (G1 Evacuation Pause)
[2024-05-30T13:39:49.306+0000][11128.725s][info][gc,task     ] GC(2155) Using 6 workers of 6 for evacuation
[2024-05-30T13:39:49.328+0000][11128.747s][info][gc,phases   ] GC(2155)   Pre Evacuate Collection Set: 0.6ms
[2024-05-30T13:39:49.328+0000][11128.747s][info][gc,phases   ] GC(2155)   Merge Heap Roots: 0.2ms
[2024-05-30T13:39:49.328+0000][11128.747s][info][gc,phases   ] GC(2155)   Evacuate Collection Set: 19.0ms
[2024-05-30T13:39:49.328+0000][11128.747s][info][gc,phases   ] GC(2155)   Post Evacuate Collection Set: 1.8ms
[2024-05-30T13:39:49.328+0000][11128.747s][info][gc,phases   ] GC(2155)   Other: 0.3ms
[2024-05-30T13:39:49.328+0000][11128.747s][info][gc,heap     ] GC(2155) Eden regions: 754->0(752)
[2024-05-30T13:39:49.328+0000][11128.747s][info][gc,heap     ] GC(2155) Survivor regions: 8->10(96)
[2024-05-30T13:39:49.328+0000][11128.747s][info][gc,heap     ] GC(2155) Old regions: 447->447
[2024-05-30T13:39:49.328+0000][11128.747s][info][gc,heap     ] GC(2155) Archive regions: 2->2
[2024-05-30T13:39:49.328+0000][11128.747s][info][gc,heap     ] GC(2155) Humongous regions: 5->5
[2024-05-30T13:39:49.328+0000][11128.747s][info][gc,metaspace] GC(2155) Metaspace: 433662K(440000K)->433662K(440000K) NonClass: 379660K(383168K)->379660K(383168K) Class: 54002K(56832K)->54002K(56832K)
[2024-05-30T13:39:49.328+0000][11128.747s][info][gc          ] GC(2155) Pause Young (Concurrent Start) (G1 Evacuation Pause) 9709M->3691M(12288M) 21.871ms
[2024-05-30T13:39:49.328+0000][11128.747s][info][gc,cpu      ] GC(2155) User=0.13s Sys=0.00s Real=0.02s
[2024-05-30T13:39:49.328+0000][11128.747s][info][gc          ] GC(2156) Concurrent Mark Cycle
[2024-05-30T13:39:49.328+0000][11128.747s][info][gc,marking  ] GC(2156) Concurrent Clear Claimed Marks
[2024-05-30T13:39:49.328+0000][11128.748s][info][gc,marking  ] GC(2156) Concurrent Clear Claimed Marks 0.382ms
[2024-05-30T13:39:49.329+0000][11128.748s][info][gc,marking  ] GC(2156) Concurrent Scan Root Regions
[2024-05-30T13:39:49.351+0000][11128.770s][info][gc,marking  ] GC(2156) Concurrent Scan Root Regions 22.668ms
[2024-05-30T13:39:49.351+0000][11128.770s][info][gc,marking  ] GC(2156) Concurrent Mark
[2024-05-30T13:39:49.351+0000][11128.770s][info][gc,marking  ] GC(2156) Concurrent Mark From Roots
[2024-05-30T13:39:49.351+0000][11128.770s][info][gc,task     ] GC(2156) Using 2 workers of 2 for marking
[2024-05-30T13:39:53.018+0000][11132.437s][info][gc,marking  ] GC(2156) Concurrent Mark From Roots 3666.512ms
[2024-05-30T13:39:53.018+0000][11132.437s][info][gc,marking  ] GC(2156) Concurrent Preclean
[2024-05-30T13:39:53.019+0000][11132.438s][info][gc,marking  ] GC(2156) Concurrent Preclean 1.414ms
[2024-05-30T13:39:53.019+0000][11132.439s][info][gc,start    ] GC(2156) Pause Remark
[2024-05-30T13:39:53.046+0000][11132.465s][info][gc          ] GC(2156) Pause Remark 7523M->7523M(12288M) 26.266ms
[2024-05-30T13:39:53.046+0000][11132.465s][info][gc,cpu      ] GC(2156) User=0.11s Sys=0.00s Real=0.02s
[2024-05-30T13:39:53.046+0000][11132.465s][info][gc,marking  ] GC(2156) Concurrent Mark 3694.545ms
[2024-05-30T13:39:53.046+0000][11132.465s][info][gc,marking  ] GC(2156) Concurrent Rebuild Remembered Sets
[2024-05-30T13:39:54.828+0000][11134.247s][info][gc,marking  ] GC(2156) Concurrent Rebuild Remembered Sets 1782.371ms
[2024-05-30T13:39:54.828+0000][11134.248s][info][gc,start    ] GC(2156) Pause Cleanup
[2024-05-30T13:39:54.829+0000][11134.248s][info][gc          ] GC(2156) Pause Cleanup 9367M->9367M(12288M) 0.642ms
[2024-05-30T13:39:54.829+0000][11134.248s][info][gc,cpu      ] GC(2156) User=0.00s Sys=0.00s Real=0.00s
[2024-05-30T13:39:54.829+0000][11134.248s][info][gc,marking  ] GC(2156) Concurrent Cleanup for Next Mark
[2024-05-30T13:39:54.857+0000][11134.277s][info][gc,marking  ] GC(2156) Concurrent Cleanup for Next Mark 28.318ms
[2024-05-30T13:39:54.857+0000][11134.277s][info][gc          ] GC(2156) Concurrent Mark Cycle 5529.400ms
[2024-05-30T13:39:55.137+0000][11134.556s][info][gc,start    ] GC(2157) Pause Young (Prepare Mixed) (G1 Evacuation Pause)
[2024-05-30T13:39:55.137+0000][11134.556s][info][gc,task     ] GC(2157) Using 6 workers of 6 for evacuation
[2024-05-30T13:39:55.163+0000][11134.582s][info][gc,phases   ] GC(2157)   Pre Evacuate Collection Set: 0.2ms
[2024-05-30T13:39:55.163+0000][11134.582s][info][gc,phases   ] GC(2157)   Merge Heap Roots: 0.3ms
[2024-05-30T13:39:55.163+0000][11134.582s][info][gc,phases   ] GC(2157)   Evacuate Collection Set: 23.0ms
[2024-05-30T13:39:55.163+0000][11134.582s][info][gc,phases   ] GC(2157)   Post Evacuate Collection Set: 2.0ms
[2024-05-30T13:39:55.163+0000][11134.582s][info][gc,phases   ] GC(2157)   Other: 0.2ms
[2024-05-30T13:39:55.163+0000][11134.582s][info][gc,heap     ] GC(2157) Eden regions: 752->0(64)
[2024-05-30T13:39:55.163+0000][11134.582s][info][gc,heap     ] GC(2157) Survivor regions: 10->12(96)
[2024-05-30T13:39:55.163+0000][11134.582s][info][gc,heap     ] GC(2157) Old regions: 447->447
[2024-05-30T13:39:55.163+0000][11134.582s][info][gc,heap     ] GC(2157) Archive regions: 2->2
[2024-05-30T13:39:55.163+0000][11134.582s][info][gc,heap     ] GC(2157) Humongous regions: 5->5
[2024-05-30T13:39:55.163+0000][11134.582s][info][gc,metaspace] GC(2157) Metaspace: 433663K(440000K)->433663K(440000K) NonClass: 379660K(383168K)->379660K(383168K) Class: 54002K(56832K)->54002K(56832K)
[2024-05-30T13:39:55.163+0000][11134.582s][info][gc          ] GC(2157) Pause Young (Prepare Mixed) (G1 Evacuation Pause) 9707M->3704M(12288M) 25.735ms
[2024-05-30T13:39:55.163+0000][11134.582s][info][gc,cpu      ] GC(2157) User=0.15s Sys=0.00s Real=0.02s
[2024-05-30T13:39:55.597+0000][11135.017s][info][gc,start    ] GC(2158) Pause Young (Mixed) (G1 Evacuation Pause)
[2024-05-30T13:39:55.597+0000][11135.017s][info][gc,task     ] GC(2158) Using 6 workers of 6 for evacuation
[2024-05-30T13:39:55.669+0000][11135.088s][info][gc,phases   ] GC(2158)   Pre Evacuate Collection Set: 0.2ms
[2024-05-30T13:39:55.669+0000][11135.088s][info][gc,phases   ] GC(2158)   Merge Heap Roots: 0.4ms
[2024-05-30T13:39:55.669+0000][11135.088s][info][gc,phases   ] GC(2158)   Evacuate Collection Set: 69.7ms
[2024-05-30T13:39:55.669+0000][11135.088s][info][gc,phases   ] GC(2158)   Post Evacuate Collection Set: 1.4ms
[2024-05-30T13:39:55.669+0000][11135.088s][info][gc,phases   ] GC(2158)   Other: 0.2ms
[2024-05-30T13:39:55.669+0000][11135.088s][info][gc,heap     ] GC(2158) Eden regions: 64->0(756)
[2024-05-30T13:39:55.669+0000][11135.088s][info][gc,heap     ] GC(2158) Survivor regions: 12->6(10)
[2024-05-30T13:39:55.669+0000][11135.088s][info][gc,heap     ] GC(2158) Old regions: 447->447
[2024-05-30T13:39:55.669+0000][11135.088s][info][gc,heap     ] GC(2158) Archive regions: 2->2
[2024-05-30T13:39:55.669+0000][11135.088s][info][gc,heap     ] GC(2158) Humongous regions: 5->5
[2024-05-30T13:39:55.669+0000][11135.088s][info][gc,metaspace] GC(2158) Metaspace: 433663K(440000K)->433663K(440000K) NonClass: 379660K(383168K)->379660K(383168K) Class: 54002K(56832K)->54002K(56832K)
[2024-05-30T13:39:55.669+0000][11135.089s][info][gc          ] GC(2158) Pause Young (Mixed) (G1 Evacuation Pause) 4216M->3667M(12288M) 71.905ms
[2024-05-30T13:39:55.669+0000][11135.089s][info][gc,cpu      ] GC(2158) User=0.42s Sys=0.00s Real=0.07s
[2024-05-30T13:40:00.463+0000][11139.883s][info][gc,start    ] GC(2159) Pause Young (Normal) (G1 Evacuation Pause)
[2024-05-30T13:40:00.463+0000][11139.883s][info][gc,task     ] GC(2159) Using 6 workers of 6 for evacuation
[2024-05-30T13:40:00.477+0000][11139.896s][info][gc,phases   ] GC(2159)   Pre Evacuate Collection Set: 0.2ms
[2024-05-30T13:40:00.477+0000][11139.896s][info][gc,phases   ] GC(2159)   Merge Heap Roots: 0.2ms
[2024-05-30T13:40:00.477+0000][11139.896s][info][gc,phases   ] GC(2159)   Evacuate Collection Set: 11.0ms
[2024-05-30T13:40:00.477+0000][11139.896s][info][gc,phases   ] GC(2159)   Post Evacuate Collection Set: 1.8ms
[2024-05-30T13:40:00.477+0000][11139.896s][info][gc,phases   ] GC(2159)   Other: 0.2ms
[2024-05-30T13:40:00.477+0000][11139.896s][info][gc,heap     ] GC(2159) Eden regions: 756->0(756)
[2024-05-30T13:40:00.477+0000][11139.896s][info][gc,heap     ] GC(2159) Survivor regions: 6->6(96)
[2024-05-30T13:40:00.477+0000][11139.896s][info][gc,heap     ] GC(2159) Old regions: 447->447
[2024-05-30T13:40:00.477+0000][11139.896s][info][gc,heap     ] GC(2159) Archive regions: 2->2
[2024-05-30T13:40:00.477+0000][11139.896s][info][gc,heap     ] GC(2159) Humongous regions: 5->5
[2024-05-30T13:40:00.477+0000][11139.896s][info][gc,metaspace] GC(2159) Metaspace: 433666K(440000K)->433666K(440000K) NonClass: 379663K(383168K)->379663K(383168K) Class: 54002K(56832K)->54002K(56832K)
[2024-05-30T13:40:00.477+0000][11139.896s][info][gc          ] GC(2159) Pause Young (Normal) (G1 Evacuation Pause) 9715M->3664M(12288M) 13.551ms
[2024-05-30T13:40:00.477+0000][11139.896s][info][gc,cpu      ] GC(2159) User=0.08s Sys=0.00s Real=0.02s
[2024-05-30T13:40:05.674+0000][11145.093s][info][gc,start    ] GC(2160) Pause Young (Normal) (G1 Evacuation Pause)
[2024-05-30T13:40:05.674+0000][11145.094s][info][gc,task     ] GC(2160) Using 6 workers of 6 for evacuation
[2024-05-30T13:40:05.689+0000][11145.109s][info][gc,phases   ] GC(2160)   Pre Evacuate Collection Set: 0.2ms
[2024-05-30T13:40:05.689+0000][11145.109s][info][gc,phases   ] GC(2160)   Merge Heap Roots: 0.2ms
[2024-05-30T13:40:05.689+0000][11145.109s][info][gc,phases   ] GC(2160)   Evacuate Collection Set: 12.9ms
[2024-05-30T13:40:05.689+0000][11145.109s][info][gc,phases   ] GC(2160)   Post Evacuate Collection Set: 1.8ms
[2024-05-30T13:40:05.689+0000][11145.109s][info][gc,phases   ] GC(2160)   Other: 0.2ms
[2024-05-30T13:40:05.689+0000][11145.109s][info][gc,heap     ] GC(2160) Eden regions: 756->0(754)
[2024-05-30T13:40:05.689+0000][11145.109s][info][gc,heap     ] GC(2160) Survivor regions: 6->8(96)
[2024-05-30T13:40:05.689+0000][11145.109s][info][gc,heap     ] GC(2160) Old regions: 447->447
[2024-05-30T13:40:05.689+0000][11145.109s][info][gc,heap     ] GC(2160) Archive regions: 2->2
[2024-05-30T13:40:05.689+0000][11145.109s][info][gc,heap     ] GC(2160) Humongous regions: 5->5
[2024-05-30T13:40:05.689+0000][11145.109s][info][gc,metaspace] GC(2160) Metaspace: 433666K(440000K)->433666K(440000K) NonClass: 379663K(383168K)->379663K(383168K) Class: 54002K(56832K)->54002K(56832K)
[2024-05-30T13:40:05.690+0000][11145.109s][info][gc          ] GC(2160) Pause Young (Normal) (G1 Evacuation Pause) 9712M->3678M(12288M) 15.293ms
[2024-05-30T13:40:05.690+0000][11145.109s][info][gc,cpu      ] GC(2160) User=0.09s Sys=0.00s Real=0.02s
[2024-05-30T13:40:10.729+0000][11150.149s][info][gc,start    ] GC(2161) Pause Young (Concurrent Start) (G1 Evacuation Pause)
[2024-05-30T13:40:10.729+0000][11150.149s][info][gc,task     ] GC(2161) Using 6 workers of 6 for evacuation
[2024-05-30T13:40:10.747+0000][11150.166s][info][gc,phases   ] GC(2161)   Pre Evacuate Collection Set: 0.5ms
[2024-05-30T13:40:10.747+0000][11150.166s][info][gc,phases   ] GC(2161)   Merge Heap Roots: 0.2ms
[2024-05-30T13:40:10.747+0000][11150.166s][info][gc,phases   ] GC(2161)   Evacuate Collection Set: 14.7ms
[2024-05-30T13:40:10.747+0000][11150.166s][info][gc,phases   ] GC(2161)   Post Evacuate Collection Set: 1.7ms
[2024-05-30T13:40:10.747+0000][11150.166s][info][gc,phases   ] GC(2161)   Other: 0.3ms
[2024-05-30T13:40:10.747+0000][11150.166s][info][gc,heap     ] GC(2161) Eden regions: 754->0(754)
[2024-05-30T13:40:10.747+0000][11150.166s][info][gc,heap     ] GC(2161) Survivor regions: 8->8(96)
[2024-05-30T13:40:10.747+0000][11150.166s][info][gc,heap     ] GC(2161) Old regions: 447->447
[2024-05-30T13:40:10.747+0000][11150.166s][info][gc,heap     ] GC(2161) Archive regions: 2->2
[2024-05-30T13:40:10.747+0000][11150.166s][info][gc,heap     ] GC(2161) Humongous regions: 5->5
[2024-05-30T13:40:10.747+0000][11150.166s][info][gc,metaspace] GC(2161) Metaspace: 433666K(440000K)->433666K(440000K) NonClass: 379663K(383168K)->379663K(383168K) Class: 54002K(56832K)->54002K(56832K)
[2024-05-30T13:40:10.747+0000][11150.166s][info][gc          ] GC(2161) Pause Young (Concurrent Start) (G1 Evacuation Pause) 9710M->3677M(12288M) 17.541ms
[2024-05-30T13:40:10.747+0000][11150.166s][info][gc,cpu      ] GC(2161) User=0.10s Sys=0.00s Real=0.01s
[2024-05-30T13:40:10.747+0000][11150.166s][info][gc          ] GC(2162) Concurrent Mark Cycle
[2024-05-30T13:40:10.747+0000][11150.166s][info][gc,marking  ] GC(2162) Concurrent Clear Claimed Marks
[2024-05-30T13:40:10.747+0000][11150.167s][info][gc,marking  ] GC(2162) Concurrent Clear Claimed Marks 0.382ms
[2024-05-30T13:40:10.747+0000][11150.167s][info][gc,marking  ] GC(2162) Concurrent Scan Root Regions
[2024-05-30T13:40:10.763+0000][11150.182s][info][gc,marking  ] GC(2162) Concurrent Scan Root Regions 15.402ms
[2024-05-30T13:40:10.763+0000][11150.182s][info][gc,marking  ] GC(2162) Concurrent Mark
[2024-05-30T13:40:10.763+0000][11150.182s][info][gc,marking  ] GC(2162) Concurrent Mark From Roots
[2024-05-30T13:40:10.763+0000][11150.182s][info][gc,task     ] GC(2162) Using 2 workers of 2 for marking
[2024-05-30T13:40:14.269+0000][11153.688s][info][gc,marking  ] GC(2162) Concurrent Mark From Roots 3505.751ms
[2024-05-30T13:40:14.269+0000][11153.688s][info][gc,marking  ] GC(2162) Concurrent Preclean
[2024-05-30T13:40:14.270+0000][11153.690s][info][gc,marking  ] GC(2162) Concurrent Preclean 1.646ms
[2024-05-30T13:40:14.271+0000][11153.690s][info][gc,start    ] GC(2162) Pause Remark
[2024-05-30T13:40:14.295+0000][11153.714s][info][gc          ] GC(2162) Pause Remark 7125M->7125M(12288M) 24.452ms
[2024-05-30T13:40:14.295+0000][11153.714s][info][gc,cpu      ] GC(2162) User=0.11s Sys=0.00s Real=0.02s
[2024-05-30T13:40:14.295+0000][11153.714s][info][gc,marking  ] GC(2162) Concurrent Mark 3532.282ms
[2024-05-30T13:40:14.295+0000][11153.714s][info][gc,marking  ] GC(2162) Concurrent Rebuild Remembered Sets
[2024-05-30T13:40:16.139+0000][11155.558s][info][gc,marking  ] GC(2162) Concurrent Rebuild Remembered Sets 1843.709ms
[2024-05-30T13:40:16.139+0000][11155.558s][info][gc,start    ] GC(2162) Pause Cleanup
[2024-05-30T13:40:16.140+0000][11155.559s][info][gc          ] GC(2162) Pause Cleanup 9133M->9133M(12288M) 0.586ms
[2024-05-30T13:40:16.140+0000][11155.559s][info][gc,cpu      ] GC(2162) User=0.00s Sys=0.00s Real=0.00s
[2024-05-30T13:40:16.140+0000][11155.559s][info][gc,marking  ] GC(2162) Concurrent Cleanup for Next Mark
[2024-05-30T13:40:16.168+0000][11155.587s][info][gc,marking  ] GC(2162) Concurrent Cleanup for Next Mark 27.889ms
[2024-05-30T13:40:16.168+0000][11155.587s][info][gc          ] GC(2162) Concurrent Mark Cycle 5420.660ms
[2024-05-30T13:40:16.651+0000][11156.070s][info][gc,start    ] GC(2163) Pause Young (Prepare Mixed) (G1 Evacuation Pause)
[2024-05-30T13:40:16.651+0000][11156.070s][info][gc,task     ] GC(2163) Using 6 workers of 6 for evacuation
[2024-05-30T13:40:16.674+0000][11156.093s][info][gc,phases   ] GC(2163)   Pre Evacuate Collection Set: 0.2ms
[2024-05-30T13:40:16.674+0000][11156.093s][info][gc,phases   ] GC(2163)   Merge Heap Roots: 0.3ms
[2024-05-30T13:40:16.674+0000][11156.093s][info][gc,phases   ] GC(2163)   Evacuate Collection Set: 20.7ms
[2024-05-30T13:40:16.674+0000][11156.093s][info][gc,phases   ] GC(2163)   Post Evacuate Collection Set: 1.8ms
[2024-05-30T13:40:16.674+0000][11156.093s][info][gc,phases   ] GC(2163)   Other: 0.2ms
[2024-05-30T13:40:16.674+0000][11156.093s][info][gc,heap     ] GC(2163) Eden regions: 754->0(66)
[2024-05-30T13:40:16.674+0000][11156.093s][info][gc,heap     ] GC(2163) Survivor regions: 8->10(96)
[2024-05-30T13:40:16.674+0000][11156.093s][info][gc,heap     ] GC(2163) Old regions: 447->447
[2024-05-30T13:40:16.674+0000][11156.093s][info][gc,heap     ] GC(2163) Archive regions: 2->2
[2024-05-30T13:40:16.674+0000][11156.093s][info][gc,heap     ] GC(2163) Humongous regions: 5->5
[2024-05-30T13:40:16.674+0000][11156.093s][info][gc,metaspace] GC(2163) Metaspace: 433666K(440000K)->433666K(440000K) NonClass: 379663K(383168K)->379663K(383168K) Class: 54002K(56832K)->54002K(56832K)
[2024-05-30T13:40:16.674+0000][11156.093s][info][gc          ] GC(2163) Pause Young (Prepare Mixed) (G1 Evacuation Pause) 9709M->3695M(12288M) 23.240ms
[2024-05-30T13:40:16.674+0000][11156.093s][info][gc,cpu      ] GC(2163) User=0.13s Sys=0.00s Real=0.02s
[2024-05-30T13:40:17.117+0000][11156.536s][info][gc,start    ] GC(2164) Pause Young (Mixed) (G1 Evacuation Pause)
[2024-05-30T13:40:17.117+0000][11156.536s][info][gc,task     ] GC(2164) Using 6 workers of 6 for evacuation
[2024-05-30T13:40:17.183+0000][11156.603s][info][gc,phases   ] GC(2164)   Pre Evacuate Collection Set: 0.2ms
[2024-05-30T13:40:17.183+0000][11156.603s][info][gc,phases   ] GC(2164)   Merge Heap Roots: 0.7ms
[2024-05-30T13:40:17.183+0000][11156.603s][info][gc,phases   ] GC(2164)   Evacuate Collection Set: 64.4ms
[2024-05-30T13:40:17.183+0000][11156.603s][info][gc,phases   ] GC(2164)   Post Evacuate Collection Set: 1.3ms
[2024-05-30T13:40:17.183+0000][11156.603s][info][gc,phases   ] GC(2164)   Other: 0.2ms
[2024-05-30T13:40:17.183+0000][11156.603s][info][gc,heap     ] GC(2164) Eden regions: 66->0(758)
[2024-05-30T13:40:17.183+0000][11156.603s][info][gc,heap     ] GC(2164) Survivor regions: 10->4(10)
[2024-05-30T13:40:17.183+0000][11156.603s][info][gc,heap     ] GC(2164) Old regions: 447->447
[2024-05-30T13:40:17.183+0000][11156.603s][info][gc,heap     ] GC(2164) Archive regions: 2->2
[2024-05-30T13:40:17.183+0000][11156.603s][info][gc,heap     ] GC(2164) Humongous regions: 5->5
[2024-05-30T13:40:17.183+0000][11156.603s][info][gc,metaspace] GC(2164) Metaspace: 433666K(440000K)->433666K(440000K) NonClass: 379663K(383168K)->379663K(383168K) Class: 54002K(56832K)->54002K(56832K)
[2024-05-30T13:40:17.183+0000][11156.603s][info][gc          ] GC(2164) Pause Young (Mixed) (G1 Evacuation Pause) 4223M->3645M(12288M) 66.733ms
[2024-05-30T13:40:17.183+0000][11156.603s][info][gc,cpu      ] GC(2164) User=0.39s Sys=0.00s Real=0.06s
[2024-05-30T13:40:22.271+0000][11161.691s][info][gc,start    ] GC(2165) Pause Young (Normal) (G1 Evacuation Pause)
[2024-05-30T13:40:22.271+0000][11161.691s][info][gc,task     ] GC(2165) Using 6 workers of 6 for evacuation
[2024-05-30T13:40:22.284+0000][11161.703s][info][gc,phases   ] GC(2165)   Pre Evacuate Collection Set: 0.2ms
[2024-05-30T13:40:22.284+0000][11161.703s][info][gc,phases   ] GC(2165)   Merge Heap Roots: 0.2ms
[2024-05-30T13:40:22.284+0000][11161.703s][info][gc,phases   ] GC(2165)   Evacuate Collection Set: 9.8ms
[2024-05-30T13:40:22.284+0000][11161.703s][info][gc,phases   ] GC(2165)   Post Evacuate Collection Set: 1.9ms
[2024-05-30T13:40:22.284+0000][11161.703s][info][gc,phases   ] GC(2165)   Other: 0.2ms
[2024-05-30T13:40:22.284+0000][11161.703s][info][gc,heap     ] GC(2165) Eden regions: 758->0(756)
[2024-05-30T13:40:22.284+0000][11161.703s][info][gc,heap     ] GC(2165) Survivor regions: 4->6(96)
[2024-05-30T13:40:22.284+0000][11161.703s][info][gc,heap     ] GC(2165) Old regions: 447->447
[2024-05-30T13:40:22.284+0000][11161.703s][info][gc,heap     ] GC(2165) Archive regions: 2->2
[2024-05-30T13:40:22.284+0000][11161.703s][info][gc,heap     ] GC(2165) Humongous regions: 5->5
[2024-05-30T13:40:22.284+0000][11161.703s][info][gc,metaspace] GC(2165) Metaspace: 433666K(440000K)->433666K(440000K) NonClass: 379663K(383168K)->379663K(383168K) Class: 54002K(56832K)->54002K(56832K)
[2024-05-30T13:40:22.284+0000][11161.703s][info][gc          ] GC(2165) Pause Young (Normal) (G1 Evacuation Pause) 9709M->3657M(12288M) 12.369ms
[2024-05-30T13:40:22.284+0000][11161.703s][info][gc,cpu      ] GC(2165) User=0.07s Sys=0.00s Real=0.01s
[2024-05-30T13:40:27.307+0000][11166.726s][info][gc,start    ] GC(2166) Pause Young (Normal) (G1 Evacuation Pause)
[2024-05-30T13:40:27.307+0000][11166.726s][info][gc,task     ] GC(2166) Using 6 workers of 6 for evacuation
[2024-05-30T13:40:27.320+0000][11166.740s][info][gc,phases   ] GC(2166)   Pre Evacuate Collection Set: 0.2ms
[2024-05-30T13:40:27.321+0000][11166.740s][info][gc,phases   ] GC(2166)   Merge Heap Roots: 0.2ms
[2024-05-30T13:40:27.321+0000][11166.740s][info][gc,phases   ] GC(2166)   Evacuate Collection Set: 11.1ms
[2024-05-30T13:40:27.321+0000][11166.740s][info][gc,phases   ] GC(2166)   Post Evacuate Collection Set: 1.9ms
[2024-05-30T13:40:27.321+0000][11166.740s][info][gc,phases   ] GC(2166)   Other: 0.2ms
[2024-05-30T13:40:27.321+0000][11166.740s][info][gc,heap     ] GC(2166) Eden regions: 756->0(755)
[2024-05-30T13:40:27.321+0000][11166.740s][info][gc,heap     ] GC(2166) Survivor regions: 6->7(96)
[2024-05-30T13:40:27.321+0000][11166.740s][info][gc,heap     ] GC(2166) Old regions: 447->447
[2024-05-30T13:40:27.321+0000][11166.740s][info][gc,heap     ] GC(2166) Archive regions: 2->2
[2024-05-30T13:40:27.321+0000][11166.740s][info][gc,heap     ] GC(2166) Humongous regions: 5->5
[2024-05-30T13:40:27.321+0000][11166.740s][info][gc,metaspace] GC(2166) Metaspace: 433666K(440000K)->433666K(440000K) NonClass: 379663K(383168K)->379663K(383168K) Class: 54002K(56832K)->54002K(56832K)
[2024-05-30T13:40:27.321+0000][11166.740s][info][gc          ] GC(2166) Pause Young (Normal) (G1 Evacuation Pause) 9705M->3670M(12288M) 13.644ms
[2024-05-30T13:40:27.321+0000][11166.740s][info][gc,cpu      ] GC(2166) User=0.08s Sys=0.00s Real=0.02s
[2024-05-30T13:40:32.366+0000][11171.785s][info][gc,start    ] GC(2167) Pause Young (Concurrent Start) (G1 Evacuation Pause)
[2024-05-30T13:40:32.366+0000][11171.785s][info][gc,task     ] GC(2167) Using 6 workers of 6 for evacuation
[2024-05-30T13:40:32.382+0000][11171.801s][info][gc,phases   ] GC(2167)   Pre Evacuate Collection Set: 0.6ms
[2024-05-30T13:40:32.382+0000][11171.801s][info][gc,phases   ] GC(2167)   Merge Heap Roots: 0.2ms
[2024-05-30T13:40:32.382+0000][11171.801s][info][gc,phases   ] GC(2167)   Evacuate Collection Set: 12.8ms
[2024-05-30T13:40:32.382+0000][11171.801s][info][gc,phases   ] GC(2167)   Post Evacuate Collection Set: 1.7ms
[2024-05-30T13:40:32.382+0000][11171.801s][info][gc,phases   ] GC(2167)   Other: 0.3ms
[2024-05-30T13:40:32.382+0000][11171.801s][info][gc,heap     ] GC(2167) Eden regions: 755->0(756)
[2024-05-30T13:40:32.382+0000][11171.801s][info][gc,heap     ] GC(2167) Survivor regions: 7->7(96)
[2024-05-30T13:40:32.382+0000][11171.801s][info][gc,heap     ] GC(2167) Old regions: 447->447
[2024-05-30T13:40:32.382+0000][11171.801s][info][gc,heap     ] GC(2167) Archive regions: 2->2
[2024-05-30T13:40:32.382+0000][11171.801s][info][gc,heap     ] GC(2167) Humongous regions: 5->5
[2024-05-30T13:40:32.382+0000][11171.801s][info][gc,metaspace] GC(2167) Metaspace: 433666K(440000K)->433666K(440000K) NonClass: 379663K(383168K)->379663K(383168K) Class: 54002K(56832K)->54002K(56832K)
[2024-05-30T13:40:32.382+0000][11171.801s][info][gc          ] GC(2167) Pause Young (Concurrent Start) (G1 Evacuation Pause) 9710M->3665M(12288M) 15.652ms
[2024-05-30T13:40:32.382+0000][11171.801s][info][gc,cpu      ] GC(2167) User=0.09s Sys=0.00s Real=0.02s
[2024-05-30T13:40:32.382+0000][11171.801s][info][gc          ] GC(2168) Concurrent Mark Cycle
[2024-05-30T13:40:32.382+0000][11171.801s][info][gc,marking  ] GC(2168) Concurrent Clear Claimed Marks
[2024-05-30T13:40:32.382+0000][11171.801s][info][gc,marking  ] GC(2168) Concurrent Clear Claimed Marks 0.358ms
[2024-05-30T13:40:32.382+0000][11171.801s][info][gc,marking  ] GC(2168) Concurrent Scan Root Regions
[2024-05-30T13:40:32.397+0000][11171.816s][info][gc,marking  ] GC(2168) Concurrent Scan Root Regions 14.700ms
[2024-05-30T13:40:32.397+0000][11171.816s][info][gc,marking  ] GC(2168) Concurrent Mark
[2024-05-30T13:40:32.397+0000][11171.816s][info][gc,marking  ] GC(2168) Concurrent Mark From Roots
[2024-05-30T13:40:32.397+0000][11171.816s][info][gc,task     ] GC(2168) Using 2 workers of 2 for marking
[2024-05-30T13:40:35.903+0000][11175.323s][info][gc,marking  ] GC(2168) Concurrent Mark From Roots 3506.343ms
[2024-05-30T13:40:35.903+0000][11175.323s][info][gc,marking  ] GC(2168) Concurrent Preclean
[2024-05-30T13:40:35.905+0000][11175.324s][info][gc,marking  ] GC(2168) Concurrent Preclean 1.669ms
[2024-05-30T13:40:35.905+0000][11175.324s][info][gc,start    ] GC(2168) Pause Remark
[2024-05-30T13:40:35.930+0000][11175.349s][info][gc          ] GC(2168) Pause Remark 7165M->7163M(12288M) 24.426ms
[2024-05-30T13:40:35.930+0000][11175.349s][info][gc,cpu      ] GC(2168) User=0.10s Sys=0.00s Real=0.03s
[2024-05-30T13:40:35.930+0000][11175.349s][info][gc,marking  ] GC(2168) Concurrent Mark 3532.904ms
[2024-05-30T13:40:35.930+0000][11175.349s][info][gc,marking  ] GC(2168) Concurrent Rebuild Remembered Sets
[2024-05-30T13:40:37.785+0000][11177.204s][info][gc,marking  ] GC(2168) Concurrent Rebuild Remembered Sets 1854.928ms
[2024-05-30T13:40:37.785+0000][11177.204s][info][gc,start    ] GC(2168) Pause Cleanup
[2024-05-30T13:40:37.786+0000][11177.205s][info][gc          ] GC(2168) Pause Cleanup 9099M->9099M(12288M) 0.578ms
[2024-05-30T13:40:37.786+0000][11177.205s][info][gc,cpu      ] GC(2168) User=0.00s Sys=0.00s Real=0.00s
[2024-05-30T13:40:37.786+0000][11177.205s][info][gc,marking  ] GC(2168) Concurrent Cleanup for Next Mark
[2024-05-30T13:40:37.803+0000][11177.222s][info][gc,marking  ] GC(2168) Concurrent Cleanup for Next Mark 16.975ms
[2024-05-30T13:40:37.803+0000][11177.222s][info][gc          ] GC(2168) Concurrent Mark Cycle 5420.985ms
[2024-05-30T13:40:38.312+0000][11177.731s][info][gc,start    ] GC(2169) Pause Young (Prepare Mixed) (G1 Evacuation Pause)
[2024-05-30T13:40:38.312+0000][11177.731s][info][gc,task     ] GC(2169) Using 6 workers of 6 for evacuation
[2024-05-30T13:40:38.331+0000][11177.750s][info][gc,phases   ] GC(2169)   Pre Evacuate Collection Set: 0.2ms
[2024-05-30T13:40:38.331+0000][11177.750s][info][gc,phases   ] GC(2169)   Merge Heap Roots: 0.3ms
[2024-05-30T13:40:38.331+0000][11177.750s][info][gc,phases   ] GC(2169)   Evacuate Collection Set: 16.4ms
[2024-05-30T13:40:38.331+0000][11177.750s][info][gc,phases   ] GC(2169)   Post Evacuate Collection Set: 1.7ms
[2024-05-30T13:40:38.331+0000][11177.750s][info][gc,phases   ] GC(2169)   Other: 0.2ms
[2024-05-30T13:40:38.331+0000][11177.750s][info][gc,heap     ] GC(2169) Eden regions: 756->0(67)
[2024-05-30T13:40:38.331+0000][11177.750s][info][gc,heap     ] GC(2169) Survivor regions: 7->9(96)
[2024-05-30T13:40:38.331+0000][11177.750s][info][gc,heap     ] GC(2169) Old regions: 446->446
[2024-05-30T13:40:38.331+0000][11177.750s][info][gc,heap     ] GC(2169) Archive regions: 2->2
[2024-05-30T13:40:38.331+0000][11177.750s][info][gc,heap     ] GC(2169) Humongous regions: 5->5
[2024-05-30T13:40:38.331+0000][11177.750s][info][gc,metaspace] GC(2169) Metaspace: 433668K(440000K)->433668K(440000K) NonClass: 379665K(383168K)->379665K(383168K) Class: 54002K(56832K)->54002K(56832K)
[2024-05-30T13:40:38.331+0000][11177.750s][info][gc          ] GC(2169) Pause Young (Prepare Mixed) (G1 Evacuation Pause) 9711M->3684M(12288M) 18.927ms
[2024-05-30T13:40:38.331+0000][11177.750s][info][gc,cpu      ] GC(2169) User=0.10s Sys=0.01s Real=0.02s
[2024-05-30T13:40:38.802+0000][11178.221s][info][gc,start    ] GC(2170) Pause Young (Mixed) (G1 Evacuation Pause)
[2024-05-30T13:40:38.802+0000][11178.222s][info][gc,task     ] GC(2170) Using 6 workers of 6 for evacuation
[2024-05-30T13:40:38.866+0000][11178.286s][info][gc,phases   ] GC(2170)   Pre Evacuate Collection Set: 0.2ms
[2024-05-30T13:40:38.866+0000][11178.286s][info][gc,phases   ] GC(2170)   Merge Heap Roots: 0.4ms
[2024-05-30T13:40:38.866+0000][11178.286s][info][gc,phases   ] GC(2170)   Evacuate Collection Set: 62.0ms
[2024-05-30T13:40:38.866+0000][11178.286s][info][gc,phases   ] GC(2170)   Post Evacuate Collection Set: 1.3ms
[2024-05-30T13:40:38.866+0000][11178.286s][info][gc,phases   ] GC(2170)   Other: 0.2ms
[2024-05-30T13:40:38.866+0000][11178.286s][info][gc,heap     ] GC(2170) Eden regions: 67->0(758)
[2024-05-30T13:40:38.866+0000][11178.286s][info][gc,heap     ] GC(2170) Survivor regions: 9->6(10)
[2024-05-30T13:40:38.866+0000][11178.286s][info][gc,heap     ] GC(2170) Old regions: 446->445
[2024-05-30T13:40:38.866+0000][11178.286s][info][gc,heap     ] GC(2170) Archive regions: 2->2
[2024-05-30T13:40:38.866+0000][11178.286s][info][gc,heap     ] GC(2170) Humongous regions: 5->5
[2024-05-30T13:40:38.866+0000][11178.286s][info][gc,metaspace] GC(2170) Metaspace: 433668K(440000K)->433668K(440000K) NonClass: 379665K(383168K)->379665K(383168K) Class: 54002K(56832K)->54002K(56832K)
[2024-05-30T13:40:38.866+0000][11178.286s][info][gc          ] GC(2170) Pause Young (Mixed) (G1 Evacuation Pause) 4220M->3647M(12288M) 64.142ms
[2024-05-30T13:40:38.866+0000][11178.286s][info][gc,cpu      ] GC(2170) User=0.38s Sys=0.00s Real=0.06s
[2024-05-30T13:40:44.041+0000][11183.461s][info][gc,start    ] GC(2171) Pause Young (Normal) (G1 Evacuation Pause)
[2024-05-30T13:40:44.041+0000][11183.461s][info][gc,task     ] GC(2171) Using 6 workers of 6 for evacuation
[2024-05-30T13:40:44.055+0000][11183.474s][info][gc,phases   ] GC(2171)   Pre Evacuate Collection Set: 0.2ms
[2024-05-30T13:40:44.055+0000][11183.474s][info][gc,phases   ] GC(2171)   Merge Heap Roots: 0.2ms
[2024-05-30T13:40:44.055+0000][11183.474s][info][gc,phases   ] GC(2171)   Evacuate Collection Set: 11.4ms
[2024-05-30T13:40:44.055+0000][11183.474s][info][gc,phases   ] GC(2171)   Post Evacuate Collection Set: 1.7ms
[2024-05-30T13:40:44.055+0000][11183.474s][info][gc,phases   ] GC(2171)   Other: 0.2ms
[2024-05-30T13:40:44.055+0000][11183.474s][info][gc,heap     ] GC(2171) Eden regions: 758->0(757)
[2024-05-30T13:40:44.055+0000][11183.474s][info][gc,heap     ] GC(2171) Survivor regions: 6->7(96)
[2024-05-30T13:40:44.055+0000][11183.474s][info][gc,heap     ] GC(2171) Old regions: 445->445
[2024-05-30T13:40:44.055+0000][11183.474s][info][gc,heap     ] GC(2171) Archive regions: 2->2
[2024-05-30T13:40:44.055+0000][11183.474s][info][gc,heap     ] GC(2171) Humongous regions: 5->5
[2024-05-30T13:40:44.055+0000][11183.474s][info][gc,metaspace] GC(2171) Metaspace: 433668K(440000K)->433668K(440000K) NonClass: 379665K(383168K)->379665K(383168K) Class: 54002K(56832K)->54002K(56832K)
[2024-05-30T13:40:44.055+0000][11183.474s][info][gc          ] GC(2171) Pause Young (Normal) (G1 Evacuation Pause) 9711M->3652M(12288M) 13.756ms
[2024-05-30T13:40:44.055+0000][11183.474s][info][gc,cpu      ] GC(2171) User=0.08s Sys=0.01s Real=0.01s
[2024-05-30T13:40:49.354+0000][11188.773s][info][gc,start    ] GC(2172) Pause Young (Normal) (G1 Evacuation Pause)
[2024-05-30T13:40:49.354+0000][11188.773s][info][gc,task     ] GC(2172) Using 6 workers of 6 for evacuation
[2024-05-30T13:40:49.369+0000][11188.789s][info][gc,phases   ] GC(2172)   Pre Evacuate Collection Set: 0.2ms
[2024-05-30T13:40:49.369+0000][11188.789s][info][gc,phases   ] GC(2172)   Merge Heap Roots: 0.2ms
[2024-05-30T13:40:49.369+0000][11188.789s][info][gc,phases   ] GC(2172)   Evacuate Collection Set: 13.4ms
[2024-05-30T13:40:49.369+0000][11188.789s][info][gc,phases   ] GC(2172)   Post Evacuate Collection Set: 1.8ms
[2024-05-30T13:40:49.369+0000][11188.789s][info][gc,phases   ] GC(2172)   Other: 0.2ms
[2024-05-30T13:40:49.369+0000][11188.789s][info][gc,heap     ] GC(2172) Eden regions: 757->0(756)
[2024-05-30T13:40:49.369+0000][11188.789s][info][gc,heap     ] GC(2172) Survivor regions: 7->8(96)
[2024-05-30T13:40:49.369+0000][11188.789s][info][gc,heap     ] GC(2172) Old regions: 445->445
[2024-05-30T13:40:49.369+0000][11188.789s][info][gc,heap     ] GC(2172) Archive regions: 2->2
[2024-05-30T13:40:49.369+0000][11188.789s][info][gc,heap     ] GC(2172) Humongous regions: 5->5
[2024-05-30T13:40:49.369+0000][11188.789s][info][gc,metaspace] GC(2172) Metaspace: 433668K(440000K)->433668K(440000K) NonClass: 379665K(383168K)->379665K(383168K) Class: 54002K(56832K)->54002K(56832K)
[2024-05-30T13:40:49.369+0000][11188.789s][info][gc          ] GC(2172) Pause Young (Normal) (G1 Evacuation Pause) 9708M->3663M(12288M) 15.817ms
[2024-05-30T13:40:49.370+0000][11188.789s][info][gc,cpu      ] GC(2172) User=0.09s Sys=0.00s Real=0.02s
[2024-05-30T13:40:54.325+0000][11193.744s][info][gc,start    ] GC(2173) Pause Young (Concurrent Start) (G1 Evacuation Pause)
[2024-05-30T13:40:54.325+0000][11193.744s][info][gc,task     ] GC(2173) Using 6 workers of 6 for evacuation
[2024-05-30T13:40:54.347+0000][11193.766s][info][gc,phases   ] GC(2173)   Pre Evacuate Collection Set: 0.6ms
[2024-05-30T13:40:54.347+0000][11193.766s][info][gc,phases   ] GC(2173)   Merge Heap Roots: 0.2ms
[2024-05-30T13:40:54.347+0000][11193.766s][info][gc,phases   ] GC(2173)   Evacuate Collection Set: 19.2ms
[2024-05-30T13:40:54.347+0000][11193.766s][info][gc,phases   ] GC(2173)   Post Evacuate Collection Set: 2.0ms
[2024-05-30T13:40:54.347+0000][11193.766s][info][gc,phases   ] GC(2173)   Other: 0.3ms
[2024-05-30T13:40:54.347+0000][11193.766s][info][gc,heap     ] GC(2173) Eden regions: 756->0(756)
[2024-05-30T13:40:54.347+0000][11193.766s][info][gc,heap     ] GC(2173) Survivor regions: 8->8(96)
[2024-05-30T13:40:54.347+0000][11193.766s][info][gc,heap     ] GC(2173) Old regions: 445->445
[2024-05-30T13:40:54.347+0000][11193.766s][info][gc,heap     ] GC(2173) Archive regions: 2->2
[2024-05-30T13:40:54.347+0000][11193.766s][info][gc,heap     ] GC(2173) Humongous regions: 5->5
[2024-05-30T13:40:54.347+0000][11193.766s][info][gc,metaspace] GC(2173) Metaspace: 433668K(440000K)->433668K(440000K) NonClass: 379666K(383168K)->379666K(383168K) Class: 54002K(56832K)->54002K(56832K)
[2024-05-30T13:40:54.347+0000][11193.766s][info][gc          ] GC(2173) Pause Young (Concurrent Start) (G1 Evacuation Pause) 9711M->3659M(12288M) 22.344ms
[2024-05-30T13:40:54.347+0000][11193.767s][info][gc,cpu      ] GC(2173) User=0.13s Sys=0.00s Real=0.02s
[2024-05-30T13:40:54.347+0000][11193.767s][info][gc          ] GC(2174) Concurrent Mark Cycle
[2024-05-30T13:40:54.347+0000][11193.767s][info][gc,marking  ] GC(2174) Concurrent Clear Claimed Marks
[2024-05-30T13:40:54.348+0000][11193.767s][info][gc,marking  ] GC(2174) Concurrent Clear Claimed Marks 0.418ms
[2024-05-30T13:40:54.348+0000][11193.767s][info][gc,marking  ] GC(2174) Concurrent Scan Root Regions
[2024-05-30T13:40:54.363+0000][11193.783s][info][gc,marking  ] GC(2174) Concurrent Scan Root Regions 15.508ms
[2024-05-30T13:40:54.363+0000][11193.783s][info][gc,marking  ] GC(2174) Concurrent Mark
[2024-05-30T13:40:54.363+0000][11193.783s][info][gc,marking  ] GC(2174) Concurrent Mark From Roots
[2024-05-30T13:40:54.363+0000][11193.783s][info][gc,task     ] GC(2174) Using 2 workers of 2 for marking
[2024-05-30T13:40:57.918+0000][11197.337s][info][gc,marking  ] GC(2174) Concurrent Mark From Roots 3554.377ms
[2024-05-30T13:40:57.918+0000][11197.337s][info][gc,marking  ] GC(2174) Concurrent Preclean
[2024-05-30T13:40:57.920+0000][11197.339s][info][gc,marking  ] GC(2174) Concurrent Preclean 1.824ms
[2024-05-30T13:40:57.920+0000][11197.339s][info][gc,start    ] GC(2174) Pause Remark
[2024-05-30T13:40:57.944+0000][11197.363s][info][gc          ] GC(2174) Pause Remark 7251M->7251M(12288M) 24.056ms
[2024-05-30T13:40:57.944+0000][11197.363s][info][gc,cpu      ] GC(2174) User=0.09s Sys=0.00s Real=0.02s
[2024-05-30T13:40:57.944+0000][11197.364s][info][gc,marking  ] GC(2174) Concurrent Mark 3580.990ms
[2024-05-30T13:40:57.944+0000][11197.364s][info][gc,marking  ] GC(2174) Concurrent Rebuild Remembered Sets
[2024-05-30T13:40:59.610+0000][11199.029s][info][gc,start    ] GC(2175) Pause Young (Normal) (G1 Evacuation Pause)
[2024-05-30T13:40:59.610+0000][11199.029s][info][gc,task     ] GC(2175) Using 6 workers of 6 for evacuation
[2024-05-30T13:40:59.630+0000][11199.049s][info][gc,phases   ] GC(2175)   Pre Evacuate Collection Set: 0.2ms
[2024-05-30T13:40:59.630+0000][11199.049s][info][gc,phases   ] GC(2175)   Merge Heap Roots: 0.3ms
[2024-05-30T13:40:59.630+0000][11199.049s][info][gc,phases   ] GC(2175)   Evacuate Collection Set: 17.8ms
[2024-05-30T13:40:59.630+0000][11199.049s][info][gc,phases   ] GC(2175)   Post Evacuate Collection Set: 1.8ms
[2024-05-30T13:40:59.630+0000][11199.049s][info][gc,phases   ] GC(2175)   Other: 0.2ms
[2024-05-30T13:40:59.630+0000][11199.049s][info][gc,heap     ] GC(2175) Eden regions: 756->0(756)
[2024-05-30T13:40:59.630+0000][11199.049s][info][gc,heap     ] GC(2175) Survivor regions: 8->8(96)
[2024-05-30T13:40:59.630+0000][11199.049s][info][gc,heap     ] GC(2175) Old regions: 445->445
[2024-05-30T13:40:59.630+0000][11199.049s][info][gc,heap     ] GC(2175) Archive regions: 2->2
[2024-05-30T13:40:59.630+0000][11199.049s][info][gc,heap     ] GC(2175) Humongous regions: 5->5
[2024-05-30T13:40:59.630+0000][11199.049s][info][gc,metaspace] GC(2175) Metaspace: 433669K(440000K)->433669K(440000K) NonClass: 379667K(383168K)->379667K(383168K) Class: 54002K(56832K)->54002K(56832K)
[2024-05-30T13:40:59.630+0000][11199.050s][info][gc          ] GC(2175) Pause Young (Normal) (G1 Evacuation Pause) 9707M->3663M(12288M) 20.357ms
[2024-05-30T13:40:59.630+0000][11199.050s][info][gc,cpu      ] GC(2175) User=0.11s Sys=0.00s Real=0.02s
[2024-05-30T13:40:59.962+0000][11199.381s][info][gc,marking  ] GC(2174) Concurrent Rebuild Remembered Sets 2017.616ms
[2024-05-30T13:40:59.962+0000][11199.381s][info][gc,start    ] GC(2174) Pause Cleanup
[2024-05-30T13:40:59.963+0000][11199.382s][info][gc          ] GC(2174) Pause Cleanup 4283M->4283M(12288M) 0.568ms
[2024-05-30T13:40:59.963+0000][11199.382s][info][gc,cpu      ] GC(2174) User=0.00s Sys=0.00s Real=0.00s
[2024-05-30T13:40:59.963+0000][11199.382s][info][gc,marking  ] GC(2174) Concurrent Cleanup for Next Mark
[2024-05-30T13:40:59.980+0000][11199.400s][info][gc,marking  ] GC(2174) Concurrent Cleanup for Next Mark 17.573ms
[2024-05-30T13:40:59.981+0000][11199.400s][info][gc          ] GC(2174) Concurrent Mark Cycle 5633.216ms
[2024-05-30T13:41:04.543+0000][11203.962s][info][gc,start    ] GC(2176) Pause Young (Prepare Mixed) (G1 Evacuation Pause)
[2024-05-30T13:41:04.543+0000][11203.962s][info][gc,task     ] GC(2176) Using 6 workers of 6 for evacuation
[2024-05-30T13:41:04.567+0000][11203.987s][info][gc,phases   ] GC(2176)   Pre Evacuate Collection Set: 0.2ms
[2024-05-30T13:41:04.567+0000][11203.987s][info][gc,phases   ] GC(2176)   Merge Heap Roots: 0.3ms
[2024-05-30T13:41:04.567+0000][11203.987s][info][gc,phases   ] GC(2176)   Evacuate Collection Set: 22.0ms
[2024-05-30T13:41:04.567+0000][11203.987s][info][gc,phases   ] GC(2176)   Post Evacuate Collection Set: 1.7ms
[2024-05-30T13:41:04.567+0000][11203.987s][info][gc,phases   ] GC(2176)   Other: 0.2ms
[2024-05-30T13:41:04.567+0000][11203.987s][info][gc,heap     ] GC(2176) Eden regions: 756->0(65)
[2024-05-30T13:41:04.567+0000][11203.987s][info][gc,heap     ] GC(2176) Survivor regions: 8->11(96)
[2024-05-30T13:41:04.567+0000][11203.987s][info][gc,heap     ] GC(2176) Old regions: 445->445
[2024-05-30T13:41:04.567+0000][11203.987s][info][gc,heap     ] GC(2176) Archive regions: 2->2
[2024-05-30T13:41:04.567+0000][11203.987s][info][gc,heap     ] GC(2176) Humongous regions: 5->5
[2024-05-30T13:41:04.567+0000][11203.987s][info][gc,metaspace] GC(2176) Metaspace: 433669K(440000K)->433669K(440000K) NonClass: 379667K(383168K)->379667K(383168K) Class: 54002K(56832K)->54002K(56832K)
[2024-05-30T13:41:04.567+0000][11203.987s][info][gc          ] GC(2176) Pause Young (Prepare Mixed) (G1 Evacuation Pause) 9711M->3683M(12288M) 24.505ms
[2024-05-30T13:41:04.567+0000][11203.987s][info][gc,cpu      ] GC(2176) User=0.14s Sys=0.00s Real=0.02s
[2024-05-30T13:41:05.037+0000][11204.456s][info][gc,start    ] GC(2177) Pause Young (Mixed) (G1 Evacuation Pause)
[2024-05-30T13:41:05.037+0000][11204.456s][info][gc,task     ] GC(2177) Using 6 workers of 6 for evacuation
[2024-05-30T13:41:05.104+0000][11204.523s][info][gc,phases   ] GC(2177)   Pre Evacuate Collection Set: 0.2ms
[2024-05-30T13:41:05.104+0000][11204.523s][info][gc,phases   ] GC(2177)   Merge Heap Roots: 0.4ms
[2024-05-30T13:41:05.104+0000][11204.523s][info][gc,phases   ] GC(2177)   Evacuate Collection Set: 65.4ms
[2024-05-30T13:41:05.104+0000][11204.523s][info][gc,phases   ] GC(2177)   Post Evacuate Collection Set: 1.2ms
[2024-05-30T13:41:05.104+0000][11204.523s][info][gc,phases   ] GC(2177)   Other: 0.2ms
[2024-05-30T13:41:05.104+0000][11204.523s][info][gc,heap     ] GC(2177) Eden regions: 65->0(758)
[2024-05-30T13:41:05.104+0000][11204.523s][info][gc,heap     ] GC(2177) Survivor regions: 11->6(10)
[2024-05-30T13:41:05.104+0000][11204.523s][info][gc,heap     ] GC(2177) Old regions: 445->445
[2024-05-30T13:41:05.104+0000][11204.523s][info][gc,heap     ] GC(2177) Archive regions: 2->2
[2024-05-30T13:41:05.104+0000][11204.523s][info][gc,heap     ] GC(2177) Humongous regions: 5->5
[2024-05-30T13:41:05.104+0000][11204.523s][info][gc,metaspace] GC(2177) Metaspace: 433669K(440000K)->433669K(440000K) NonClass: 379667K(383168K)->379667K(383168K) Class: 54002K(56832K)->54002K(56832K)
[2024-05-30T13:41:05.104+0000][11204.523s][info][gc          ] GC(2177) Pause Young (Mixed) (G1 Evacuation Pause) 4203M->3649M(12288M) 67.423ms
[2024-05-30T13:41:05.104+0000][11204.523s][info][gc,cpu      ] GC(2177) User=0.39s Sys=0.00s Real=0.06s
[2024-05-30T13:41:10.003+0000][11209.423s][info][gc,start    ] GC(2178) Pause Young (Normal) (G1 Evacuation Pause)
[2024-05-30T13:41:10.003+0000][11209.423s][info][gc,task     ] GC(2178) Using 6 workers of 6 for evacuation
[2024-05-30T13:41:10.017+0000][11209.436s][info][gc,phases   ] GC(2178)   Pre Evacuate Collection Set: 0.2ms
[2024-05-30T13:41:10.017+0000][11209.436s][info][gc,phases   ] GC(2178)   Merge Heap Roots: 0.2ms
[2024-05-30T13:41:10.017+0000][11209.436s][info][gc,phases   ] GC(2178)   Evacuate Collection Set: 11.3ms
[2024-05-30T13:41:10.017+0000][11209.436s][info][gc,phases   ] GC(2178)   Post Evacuate Collection Set: 1.7ms
[2024-05-30T13:41:10.017+0000][11209.436s][info][gc,phases   ] GC(2178)   Other: 0.2ms
[2024-05-30T13:41:10.017+0000][11209.436s][info][gc,heap     ] GC(2178) Eden regions: 758->0(760)
[2024-05-30T13:41:10.017+0000][11209.436s][info][gc,heap     ] GC(2178) Survivor regions: 6->5(96)
[2024-05-30T13:41:10.017+0000][11209.436s][info][gc,heap     ] GC(2178) Old regions: 445->445
[2024-05-30T13:41:10.017+0000][11209.436s][info][gc,heap     ] GC(2178) Archive regions: 2->2
[2024-05-30T13:41:10.017+0000][11209.436s][info][gc,heap     ] GC(2178) Humongous regions: 5->5
[2024-05-30T13:41:10.017+0000][11209.436s][info][gc,metaspace] GC(2178) Metaspace: 433669K(440000K)->433669K(440000K) NonClass: 379667K(383168K)->379667K(383168K) Class: 54002K(56832K)->54002K(56832K)
[2024-05-30T13:41:10.017+0000][11209.436s][info][gc          ] GC(2178) Pause Young (Normal) (G1 Evacuation Pause) 9713M->3642M(12288M) 13.717ms
[2024-05-30T13:41:10.017+0000][11209.436s][info][gc,cpu      ] GC(2178) User=0.08s Sys=0.00s Real=0.02s
[2024-05-30T13:41:15.164+0000][11214.583s][info][gc,start    ] GC(2179) Pause Young (Normal) (G1 Evacuation Pause)
[2024-05-30T13:41:15.164+0000][11214.583s][info][gc,task     ] GC(2179) Using 6 workers of 6 for evacuation
[2024-05-30T13:41:15.178+0000][11214.598s][info][gc,phases   ] GC(2179)   Pre Evacuate Collection Set: 0.2ms
[2024-05-30T13:41:15.178+0000][11214.598s][info][gc,phases   ] GC(2179)   Merge Heap Roots: 0.2ms
[2024-05-30T13:41:15.178+0000][11214.598s][info][gc,phases   ] GC(2179)   Evacuate Collection Set: 12.5ms
[2024-05-30T13:41:15.178+0000][11214.598s][info][gc,phases   ] GC(2179)   Post Evacuate Collection Set: 1.7ms
[2024-05-30T13:41:15.178+0000][11214.598s][info][gc,phases   ] GC(2179)   Other: 0.2ms
[2024-05-30T13:41:15.178+0000][11214.598s][info][gc,heap     ] GC(2179) Eden regions: 760->0(757)
[2024-05-30T13:41:15.179+0000][11214.598s][info][gc,heap     ] GC(2179) Survivor regions: 5->8(96)
[2024-05-30T13:41:15.179+0000][11214.598s][info][gc,heap     ] GC(2179) Old regions: 445->445
[2024-05-30T13:41:15.179+0000][11214.598s][info][gc,heap     ] GC(2179) Archive regions: 2->2
[2024-05-30T13:41:15.179+0000][11214.598s][info][gc,heap     ] GC(2179) Humongous regions: 5->5
[2024-05-30T13:41:15.179+0000][11214.598s][info][gc,metaspace] GC(2179) Metaspace: 433669K(440000K)->433669K(440000K) NonClass: 379667K(383168K)->379667K(383168K) Class: 54002K(56832K)->54002K(56832K)
[2024-05-30T13:41:15.179+0000][11214.598s][info][gc          ] GC(2179) Pause Young (Normal) (G1 Evacuation Pause) 9722M->3659M(12288M) 14.908ms
[2024-05-30T13:41:15.179+0000][11214.598s][info][gc,cpu      ] GC(2179) User=0.09s Sys=0.00s Real=0.02s
[2024-05-30T13:41:20.274+0000][11219.693s][info][gc,start    ] GC(2180) Pause Young (Concurrent Start) (G1 Evacuation Pause)
[2024-05-30T13:41:20.274+0000][11219.693s][info][gc,task     ] GC(2180) Using 6 workers of 6 for evacuation
[2024-05-30T13:41:20.293+0000][11219.712s][info][gc,phases   ] GC(2180)   Pre Evacuate Collection Set: 0.6ms
[2024-05-30T13:41:20.293+0000][11219.712s][info][gc,phases   ] GC(2180)   Merge Heap Roots: 0.2ms
[2024-05-30T13:41:20.293+0000][11219.712s][info][gc,phases   ] GC(2180)   Evacuate Collection Set: 15.9ms
[2024-05-30T13:41:20.293+0000][11219.712s][info][gc,phases   ] GC(2180)   Post Evacuate Collection Set: 1.7ms
[2024-05-30T13:41:20.293+0000][11219.712s][info][gc,phases   ] GC(2180)   Other: 0.3ms
[2024-05-30T13:41:20.293+0000][11219.712s][info][gc,heap     ] GC(2180) Eden regions: 757->0(757)
[2024-05-30T13:41:20.293+0000][11219.712s][info][gc,heap     ] GC(2180) Survivor regions: 8->8(96)
[2024-05-30T13:41:20.293+0000][11219.712s][info][gc,heap     ] GC(2180) Old regions: 445->445
[2024-05-30T13:41:20.293+0000][11219.712s][info][gc,heap     ] GC(2180) Archive regions: 2->2
[2024-05-30T13:41:20.293+0000][11219.712s][info][gc,heap     ] GC(2180) Humongous regions: 5->5
[2024-05-30T13:41:20.293+0000][11219.712s][info][gc,metaspace] GC(2180) Metaspace: 433670K(440000K)->433670K(440000K) NonClass: 379667K(383168K)->379667K(383168K) Class: 54002K(56832K)->54002K(56832K)
[2024-05-30T13:41:20.293+0000][11219.712s][info][gc          ] GC(2180) Pause Young (Concurrent Start) (G1 Evacuation Pause) 9715M->3663M(12288M) 18.672ms
[2024-05-30T13:41:20.293+0000][11219.712s][info][gc,cpu      ] GC(2180) User=0.10s Sys=0.00s Real=0.02s
[2024-05-30T13:41:20.293+0000][11219.712s][info][gc          ] GC(2181) Concurrent Mark Cycle
[2024-05-30T13:41:20.293+0000][11219.712s][info][gc,marking  ] GC(2181) Concurrent Clear Claimed Marks
[2024-05-30T13:41:20.293+0000][11219.712s][info][gc,marking  ] GC(2181) Concurrent Clear Claimed Marks 0.366ms
[2024-05-30T13:41:20.293+0000][11219.712s][info][gc,marking  ] GC(2181) Concurrent Scan Root Regions
[2024-05-30T13:41:20.306+0000][11219.725s][info][gc,marking  ] GC(2181) Concurrent Scan Root Regions 12.862ms
[2024-05-30T13:41:20.306+0000][11219.725s][info][gc,marking  ] GC(2181) Concurrent Mark
[2024-05-30T13:41:20.306+0000][11219.725s][info][gc,marking  ] GC(2181) Concurrent Mark From Roots
[2024-05-30T13:41:20.306+0000][11219.725s][info][gc,task     ] GC(2181) Using 2 workers of 2 for marking
[2024-05-30T13:41:23.865+0000][11223.284s][info][gc,marking  ] GC(2181) Concurrent Mark From Roots 3558.995ms
[2024-05-30T13:41:23.865+0000][11223.284s][info][gc,marking  ] GC(2181) Concurrent Preclean
[2024-05-30T13:41:23.867+0000][11223.286s][info][gc,marking  ] GC(2181) Concurrent Preclean 1.840ms
[2024-05-30T13:41:23.867+0000][11223.286s][info][gc,start    ] GC(2181) Pause Remark
[2024-05-30T13:41:23.891+0000][11223.310s][info][gc          ] GC(2181) Pause Remark 7259M->7259M(12288M) 23.955ms
[2024-05-30T13:41:23.891+0000][11223.310s][info][gc,cpu      ] GC(2181) User=0.10s Sys=0.00s Real=0.03s
[2024-05-30T13:41:23.891+0000][11223.311s][info][gc,marking  ] GC(2181) Concurrent Mark 3585.188ms
[2024-05-30T13:41:23.891+0000][11223.311s][info][gc,marking  ] GC(2181) Concurrent Rebuild Remembered Sets
[2024-05-30T13:41:25.110+0000][11224.529s][info][gc,start    ] GC(2182) Pause Young (Normal) (G1 Evacuation Pause)
[2024-05-30T13:41:25.110+0000][11224.529s][info][gc,task     ] GC(2182) Using 6 workers of 6 for evacuation
[2024-05-30T13:41:25.151+0000][11224.571s][info][gc,phases   ] GC(2182)   Pre Evacuate Collection Set: 0.2ms
[2024-05-30T13:41:25.151+0000][11224.571s][info][gc,phases   ] GC(2182)   Merge Heap Roots: 0.3ms
[2024-05-30T13:41:25.151+0000][11224.571s][info][gc,phases   ] GC(2182)   Evacuate Collection Set: 34.5ms
[2024-05-30T13:41:25.151+0000][11224.571s][info][gc,phases   ] GC(2182)   Post Evacuate Collection Set: 6.5ms
[2024-05-30T13:41:25.151+0000][11224.571s][info][gc,phases   ] GC(2182)   Other: 0.2ms
[2024-05-30T13:41:25.151+0000][11224.571s][info][gc,heap     ] GC(2182) Eden regions: 757->0(751)
[2024-05-30T13:41:25.151+0000][11224.571s][info][gc,heap     ] GC(2182) Survivor regions: 8->12(96)
[2024-05-30T13:41:25.151+0000][11224.571s][info][gc,heap     ] GC(2182) Old regions: 445->445
[2024-05-30T13:41:25.151+0000][11224.571s][info][gc,heap     ] GC(2182) Archive regions: 2->2
[2024-05-30T13:41:25.151+0000][11224.571s][info][gc,heap     ] GC(2182) Humongous regions: 5->5
[2024-05-30T13:41:25.151+0000][11224.571s][info][gc,metaspace] GC(2182) Metaspace: 433670K(440000K)->433670K(440000K) NonClass: 379667K(383168K)->379667K(383168K) Class: 54002K(56832K)->54002K(56832K)
[2024-05-30T13:41:25.151+0000][11224.571s][info][gc          ] GC(2182) Pause Young (Normal) (G1 Evacuation Pause) 9719M->3698M(12288M) 41.724ms
[2024-05-30T13:41:25.152+0000][11224.571s][info][gc,cpu      ] GC(2182) User=0.24s Sys=0.00s Real=0.04s
[2024-05-30T13:41:25.752+0000][11225.172s][info][gc,marking  ] GC(2181) Concurrent Rebuild Remembered Sets 1861.128ms
[2024-05-30T13:41:25.753+0000][11225.172s][info][gc,start    ] GC(2181) Pause Cleanup
[2024-05-30T13:41:25.753+0000][11225.173s][info][gc          ] GC(2181) Pause Cleanup 5090M->5090M(12288M) 0.632ms
[2024-05-30T13:41:25.753+0000][11225.173s][info][gc,cpu      ] GC(2181) User=0.00s Sys=0.00s Real=0.00s
[2024-05-30T13:41:25.753+0000][11225.173s][info][gc,marking  ] GC(2181) Concurrent Cleanup for Next Mark
[2024-05-30T13:41:25.773+0000][11225.192s][info][gc,marking  ] GC(2181) Concurrent Cleanup for Next Mark 19.507ms
[2024-05-30T13:41:25.773+0000][11225.192s][info][gc          ] GC(2181) Concurrent Mark Cycle 5480.226ms
[2024-05-30T13:41:27.431+0000][11226.850s][info][gc,start    ] GC(2183) Pause Young (Prepare Mixed) (G1 Evacuation Pause)
[2024-05-30T13:41:27.431+0000][11226.850s][info][gc,task     ] GC(2183) Using 6 workers of 6 for evacuation
[2024-05-30T13:41:27.500+0000][11226.919s][info][gc,phases   ] GC(2183)   Pre Evacuate Collection Set: 0.2ms
[2024-05-30T13:41:27.500+0000][11226.919s][info][gc,phases   ] GC(2183)   Merge Heap Roots: 0.3ms
[2024-05-30T13:41:27.500+0000][11226.919s][info][gc,phases   ] GC(2183)   Evacuate Collection Set: 54.4ms
[2024-05-30T13:41:27.500+0000][11226.919s][info][gc,phases   ] GC(2183)   Post Evacuate Collection Set: 14.3ms
[2024-05-30T13:41:27.500+0000][11226.919s][info][gc,phases   ] GC(2183)   Other: 0.2ms
[2024-05-30T13:41:27.500+0000][11226.919s][info][gc,heap     ] GC(2183) Eden regions: 751->0(61)
[2024-05-30T13:41:27.500+0000][11226.919s][info][gc,heap     ] GC(2183) Survivor regions: 12->15(96)
[2024-05-30T13:41:27.500+0000][11226.919s][info][gc,heap     ] GC(2183) Old regions: 445->445
[2024-05-30T13:41:27.500+0000][11226.919s][info][gc,heap     ] GC(2183) Archive regions: 2->2
[2024-05-30T13:41:27.500+0000][11226.919s][info][gc,heap     ] GC(2183) Humongous regions: 5->5
[2024-05-30T13:41:27.500+0000][11226.919s][info][gc,metaspace] GC(2183) Metaspace: 433670K(440000K)->433670K(440000K) NonClass: 379667K(383168K)->379667K(383168K) Class: 54002K(56832K)->54002K(56832K)
[2024-05-30T13:41:27.500+0000][11226.919s][info][gc          ] GC(2183) Pause Young (Prepare Mixed) (G1 Evacuation Pause) 9706M->3722M(12288M) 69.378ms
[2024-05-30T13:41:27.500+0000][11226.919s][info][gc,cpu      ] GC(2183) User=0.40s Sys=0.00s Real=0.07s
[2024-05-30T13:41:27.696+0000][11227.116s][info][gc,start    ] GC(2184) Pause Young (Mixed) (G1 Evacuation Pause)
[2024-05-30T13:41:27.696+0000][11227.116s][info][gc,task     ] GC(2184) Using 6 workers of 6 for evacuation
[2024-05-30T13:41:27.781+0000][11227.200s][info][gc,phases   ] GC(2184)   Pre Evacuate Collection Set: 0.2ms
[2024-05-30T13:41:27.781+0000][11227.200s][info][gc,phases   ] GC(2184)   Merge Heap Roots: 0.4ms
[2024-05-30T13:41:27.781+0000][11227.200s][info][gc,phases   ] GC(2184)   Evacuate Collection Set: 81.5ms
[2024-05-30T13:41:27.781+0000][11227.200s][info][gc,phases   ] GC(2184)   Post Evacuate Collection Set: 2.2ms
[2024-05-30T13:41:27.781+0000][11227.200s][info][gc,phases   ] GC(2184)   Other: 0.2ms
[2024-05-30T13:41:27.781+0000][11227.200s][info][gc,heap     ] GC(2184) Eden regions: 61->0(750)
[2024-05-30T13:41:27.781+0000][11227.200s][info][gc,heap     ] GC(2184) Survivor regions: 15->2(10)
[2024-05-30T13:41:27.781+0000][11227.200s][info][gc,heap     ] GC(2184) Old regions: 445->454
[2024-05-30T13:41:27.781+0000][11227.200s][info][gc,heap     ] GC(2184) Archive regions: 2->2
[2024-05-30T13:41:27.781+0000][11227.200s][info][gc,heap     ] GC(2184) Humongous regions: 5->5
[2024-05-30T13:41:27.781+0000][11227.200s][info][gc,metaspace] GC(2184) Metaspace: 433670K(440000K)->433670K(440000K) NonClass: 379667K(383168K)->379667K(383168K) Class: 54002K(56832K)->54002K(56832K)
[2024-05-30T13:41:27.781+0000][11227.200s][info][gc          ] GC(2184) Pause Young (Mixed) (G1 Evacuation Pause) 4210M->3688M(12288M) 84.556ms
[2024-05-30T13:41:27.781+0000][11227.200s][info][gc,cpu      ] GC(2184) User=0.50s Sys=0.00s Real=0.08s
[2024-05-30T13:41:30.077+0000][11229.496s][info][gc,start    ] GC(2185) Pause Young (Normal) (G1 Evacuation Pause)
[2024-05-30T13:41:30.077+0000][11229.496s][info][gc,task     ] GC(2185) Using 6 workers of 6 for evacuation
[2024-05-30T13:41:30.136+0000][11229.555s][info][gc,phases   ] GC(2185)   Pre Evacuate Collection Set: 0.2ms
[2024-05-30T13:41:30.136+0000][11229.555s][info][gc,phases   ] GC(2185)   Merge Heap Roots: 0.2ms
[2024-05-30T13:41:30.136+0000][11229.555s][info][gc,phases   ] GC(2185)   Evacuate Collection Set: 44.4ms
[2024-05-30T13:41:30.136+0000][11229.555s][info][gc,phases   ] GC(2185)   Post Evacuate Collection Set: 14.2ms
[2024-05-30T13:41:30.136+0000][11229.555s][info][gc,phases   ] GC(2185)   Other: 0.2ms
[2024-05-30T13:41:30.136+0000][11229.555s][info][gc,heap     ] GC(2185) Eden regions: 750->0(744)
[2024-05-30T13:41:30.136+0000][11229.555s][info][gc,heap     ] GC(2185) Survivor regions: 2->7(94)
[2024-05-30T13:41:30.136+0000][11229.555s][info][gc,heap     ] GC(2185) Old regions: 454->454
[2024-05-30T13:41:30.136+0000][11229.555s][info][gc,heap     ] GC(2185) Archive regions: 2->2
[2024-05-30T13:41:30.136+0000][11229.555s][info][gc,heap     ] GC(2185) Humongous regions: 5->5
[2024-05-30T13:41:30.136+0000][11229.555s][info][gc,metaspace] GC(2185) Metaspace: 433670K(440000K)->433670K(440000K) NonClass: 379667K(383168K)->379667K(383168K) Class: 54002K(56832K)->54002K(56832K)
[2024-05-30T13:41:30.136+0000][11229.555s][info][gc          ] GC(2185) Pause Young (Normal) (G1 Evacuation Pause) 9688M->3728M(12288M) 59.220ms
[2024-05-30T13:41:30.136+0000][11229.555s][info][gc,cpu      ] GC(2185) User=0.34s Sys=0.00s Real=0.05s
[2024-05-30T13:41:32.416+0000][11231.835s][info][gc,start    ] GC(2186) Pause Young (Normal) (G1 Evacuation Pause)
[2024-05-30T13:41:32.416+0000][11231.835s][info][gc,task     ] GC(2186) Using 6 workers of 6 for evacuation
[2024-05-30T13:41:32.482+0000][11231.901s][info][gc,phases   ] GC(2186)   Pre Evacuate Collection Set: 0.2ms
[2024-05-30T13:41:32.482+0000][11231.901s][info][gc,phases   ] GC(2186)   Merge Heap Roots: 0.2ms
[2024-05-30T13:41:32.482+0000][11231.901s][info][gc,phases   ] GC(2186)   Evacuate Collection Set: 50.8ms
[2024-05-30T13:41:32.482+0000][11231.901s][info][gc,phases   ] GC(2186)   Post Evacuate Collection Set: 14.5ms
[2024-05-30T13:41:32.482+0000][11231.901s][info][gc,phases   ] GC(2186)   Other: 0.2ms
[2024-05-30T13:41:32.482+0000][11231.901s][info][gc,heap     ] GC(2186) Eden regions: 744->0(739)
[2024-05-30T13:41:32.482+0000][11231.901s][info][gc,heap     ] GC(2186) Survivor regions: 7->11(94)
[2024-05-30T13:41:32.482+0000][11231.901s][info][gc,heap     ] GC(2186) Old regions: 454->454
[2024-05-30T13:41:32.482+0000][11231.901s][info][gc,heap     ] GC(2186) Archive regions: 2->2
[2024-05-30T13:41:32.482+0000][11231.901s][info][gc,heap     ] GC(2186) Humongous regions: 5->5
[2024-05-30T13:41:32.482+0000][11231.901s][info][gc,metaspace] GC(2186) Metaspace: 433670K(440000K)->433670K(440000K) NonClass: 379667K(383168K)->379667K(383168K) Class: 54002K(56832K)->54002K(56832K)
[2024-05-30T13:41:32.482+0000][11231.901s][info][gc          ] GC(2186) Pause Young (Normal) (G1 Evacuation Pause) 9680M->3754M(12288M) 66.038ms
[2024-05-30T13:41:32.482+0000][11231.901s][info][gc,cpu      ] GC(2186) User=0.39s Sys=0.00s Real=0.07s
[2024-05-30T13:41:34.676+0000][11234.095s][info][gc,start    ] GC(2187) Pause Young (Concurrent Start) (G1 Evacuation Pause)
[2024-05-30T13:41:34.676+0000][11234.095s][info][gc,task     ] GC(2187) Using 6 workers of 6 for evacuation
[2024-05-30T13:41:34.753+0000][11234.173s][info][gc,phases   ] GC(2187)   Pre Evacuate Collection Set: 0.5ms
[2024-05-30T13:41:34.753+0000][11234.173s][info][gc,phases   ] GC(2187)   Merge Heap Roots: 0.3ms
[2024-05-30T13:41:34.753+0000][11234.173s][info][gc,phases   ] GC(2187)   Evacuate Collection Set: 61.4ms
[2024-05-30T13:41:34.753+0000][11234.173s][info][gc,phases   ] GC(2187)   Post Evacuate Collection Set: 14.6ms
[2024-05-30T13:41:34.753+0000][11234.173s][info][gc,phases   ] GC(2187)   Other: 0.3ms
[2024-05-30T13:41:34.753+0000][11234.173s][info][gc,heap     ] GC(2187) Eden regions: 739->0(739)
[2024-05-30T13:41:34.753+0000][11234.173s][info][gc,heap     ] GC(2187) Survivor regions: 11->12(94)
[2024-05-30T13:41:34.753+0000][11234.173s][info][gc,heap     ] GC(2187) Old regions: 454->454
[2024-05-30T13:41:34.753+0000][11234.173s][info][gc,heap     ] GC(2187) Archive regions: 2->2
[2024-05-30T13:41:34.753+0000][11234.173s][info][gc,heap     ] GC(2187) Humongous regions: 5->5
[2024-05-30T13:41:34.753+0000][11234.173s][info][gc,metaspace] GC(2187) Metaspace: 433670K(440000K)->433670K(440000K) NonClass: 379667K(383168K)->379667K(383168K) Class: 54002K(56832K)->54002K(56832K)
[2024-05-30T13:41:34.753+0000][11234.173s][info][gc          ] GC(2187) Pause Young (Concurrent Start) (G1 Evacuation Pause) 9666M->3768M(12288M) 77.278ms
[2024-05-30T13:41:34.754+0000][11234.173s][info][gc,cpu      ] GC(2187) User=0.45s Sys=0.00s Real=0.08s
[2024-05-30T13:41:34.754+0000][11234.173s][info][gc          ] GC(2188) Concurrent Mark Cycle
[2024-05-30T13:41:34.754+0000][11234.173s][info][gc,marking  ] GC(2188) Concurrent Clear Claimed Marks
[2024-05-30T13:41:34.754+0000][11234.173s][info][gc,marking  ] GC(2188) Concurrent Clear Claimed Marks 0.427ms
[2024-05-30T13:41:34.754+0000][11234.173s][info][gc,marking  ] GC(2188) Concurrent Scan Root Regions
[2024-05-30T13:41:34.807+0000][11234.226s][info][gc,marking  ] GC(2188) Concurrent Scan Root Regions 52.480ms
[2024-05-30T13:41:34.807+0000][11234.226s][info][gc,marking  ] GC(2188) Concurrent Mark
[2024-05-30T13:41:34.807+0000][11234.226s][info][gc,marking  ] GC(2188) Concurrent Mark From Roots
[2024-05-30T13:41:34.807+0000][11234.226s][info][gc,task     ] GC(2188) Using 2 workers of 2 for marking
[2024-05-30T13:41:37.365+0000][11236.784s][info][gc,start    ] GC(2189) Pause Young (Normal) (G1 Evacuation Pause)
[2024-05-30T13:41:37.365+0000][11236.784s][info][gc,task     ] GC(2189) Using 6 workers of 6 for evacuation
[2024-05-30T13:41:37.456+0000][11236.876s][info][gc,phases   ] GC(2189)   Pre Evacuate Collection Set: 0.2ms
[2024-05-30T13:41:37.457+0000][11236.876s][info][gc,phases   ] GC(2189)   Merge Heap Roots: 0.3ms
[2024-05-30T13:41:37.457+0000][11236.876s][info][gc,phases   ] GC(2189)   Evacuate Collection Set: 74.8ms
[2024-05-30T13:41:37.457+0000][11236.876s][info][gc,phases   ] GC(2189)   Post Evacuate Collection Set: 16.3ms
[2024-05-30T13:41:37.457+0000][11236.876s][info][gc,phases   ] GC(2189)   Other: 0.2ms
[2024-05-30T13:41:37.457+0000][11236.876s][info][gc,heap     ] GC(2189) Eden regions: 739->0(735)
[2024-05-30T13:41:37.457+0000][11236.876s][info][gc,heap     ] GC(2189) Survivor regions: 12->16(94)
[2024-05-30T13:41:37.457+0000][11236.876s][info][gc,heap     ] GC(2189) Old regions: 454->454
[2024-05-30T13:41:37.457+0000][11236.876s][info][gc,heap     ] GC(2189) Archive regions: 2->2
[2024-05-30T13:41:37.457+0000][11236.876s][info][gc,heap     ] GC(2189) Humongous regions: 5->5
[2024-05-30T13:41:37.457+0000][11236.876s][info][gc,metaspace] GC(2189) Metaspace: 433670K(440000K)->433670K(440000K) NonClass: 379667K(383168K)->379667K(383168K) Class: 54002K(56832K)->54002K(56832K)
[2024-05-30T13:41:37.457+0000][11236.876s][info][gc          ] GC(2189) Pause Young (Normal) (G1 Evacuation Pause) 9680M->3800M(12288M) 91.966ms
[2024-05-30T13:41:37.457+0000][11236.876s][info][gc,cpu      ] GC(2189) User=0.54s Sys=0.00s Real=0.10s
[2024-05-30T13:41:38.522+0000][11237.941s][info][gc,marking  ] GC(2188) Concurrent Mark From Roots 3715.316ms
[2024-05-30T13:41:38.522+0000][11237.941s][info][gc,marking  ] GC(2188) Concurrent Preclean
[2024-05-30T13:41:38.524+0000][11237.943s][info][gc,marking  ] GC(2188) Concurrent Preclean 1.946ms
[2024-05-30T13:41:38.524+0000][11237.943s][info][gc,start    ] GC(2188) Pause Remark
[2024-05-30T13:41:38.548+0000][11237.968s][info][gc          ] GC(2188) Pause Remark 6436M->6436M(12288M) 24.329ms
[2024-05-30T13:41:38.549+0000][11237.968s][info][gc,cpu      ] GC(2188) User=0.10s Sys=0.00s Real=0.03s
[2024-05-30T13:41:38.549+0000][11237.968s][info][gc,marking  ] GC(2188) Concurrent Mark 3742.077ms
[2024-05-30T13:41:38.549+0000][11237.968s][info][gc,marking  ] GC(2188) Concurrent Rebuild Remembered Sets
[2024-05-30T13:41:39.802+0000][11239.222s][info][gc,start    ] GC(2190) Pause Young (Normal) (G1 Evacuation Pause)
[2024-05-30T13:41:39.802+0000][11239.222s][info][gc,task     ] GC(2190) Using 6 workers of 6 for evacuation
[2024-05-30T13:41:39.898+0000][11239.318s][info][gc,phases   ] GC(2190)   Pre Evacuate Collection Set: 0.2ms
[2024-05-30T13:41:39.898+0000][11239.318s][info][gc,phases   ] GC(2190)   Merge Heap Roots: 0.4ms
[2024-05-30T13:41:39.898+0000][11239.318s][info][gc,phases   ] GC(2190)   Evacuate Collection Set: 78.7ms
[2024-05-30T13:41:39.898+0000][11239.318s][info][gc,phases   ] GC(2190)   Post Evacuate Collection Set: 16.8ms
[2024-05-30T13:41:39.898+0000][11239.318s][info][gc,phases   ] GC(2190)   Other: 0.2ms
[2024-05-30T13:41:39.898+0000][11239.318s][info][gc,heap     ] GC(2190) Eden regions: 735->0(731)
[2024-05-30T13:41:39.898+0000][11239.318s][info][gc,heap     ] GC(2190) Survivor regions: 16->18(94)
[2024-05-30T13:41:39.898+0000][11239.318s][info][gc,heap     ] GC(2190) Old regions: 454->454
[2024-05-30T13:41:39.899+0000][11239.318s][info][gc,heap     ] GC(2190) Archive regions: 2->2
[2024-05-30T13:41:39.899+0000][11239.318s][info][gc,heap     ] GC(2190) Humongous regions: 5->5
[2024-05-30T13:41:39.899+0000][11239.318s][info][gc,metaspace] GC(2190) Metaspace: 433670K(440000K)->433670K(440000K) NonClass: 379667K(383168K)->379667K(383168K) Class: 54002K(56832K)->54002K(56832K)
[2024-05-30T13:41:39.899+0000][11239.318s][info][gc          ] GC(2190) Pause Young (Normal) (G1 Evacuation Pause) 9680M->3816M(12288M) 96.263ms
[2024-05-30T13:41:39.899+0000][11239.318s][info][gc,cpu      ] GC(2190) User=0.56s Sys=0.00s Real=0.10s
[2024-05-30T13:41:40.346+0000][11239.765s][info][gc,marking  ] GC(2188) Concurrent Rebuild Remembered Sets 1797.299ms
[2024-05-30T13:41:40.346+0000][11239.765s][info][gc,start    ] GC(2188) Pause Cleanup
[2024-05-30T13:41:40.347+0000][11239.766s][info][gc          ] GC(2188) Pause Cleanup 4780M->4780M(12288M) 0.580ms
[2024-05-30T13:41:40.347+0000][11239.766s][info][gc,cpu      ] GC(2188) User=0.00s Sys=0.00s Real=0.00s
[2024-05-30T13:41:40.347+0000][11239.766s][info][gc,marking  ] GC(2188) Concurrent Cleanup for Next Mark
[2024-05-30T13:41:40.363+0000][11239.783s][info][gc,marking  ] GC(2188) Concurrent Cleanup for Next Mark 16.631ms
[2024-05-30T13:41:40.363+0000][11239.783s][info][gc          ] GC(2188) Concurrent Mark Cycle 5609.902ms
[2024-05-30T13:41:42.034+0000][11241.453s][info][gc,start    ] GC(2191) Pause Young (Prepare Mixed) (G1 Evacuation Pause)
[2024-05-30T13:41:42.034+0000][11241.453s][info][gc,task     ] GC(2191) Using 6 workers of 6 for evacuation
[2024-05-30T13:41:42.137+0000][11241.556s][info][gc,phases   ] GC(2191)   Pre Evacuate Collection Set: 0.2ms
[2024-05-30T13:41:42.137+0000][11241.556s][info][gc,phases   ] GC(2191)   Merge Heap Roots: 0.4ms
[2024-05-30T13:41:42.137+0000][11241.556s][info][gc,phases   ] GC(2191)   Evacuate Collection Set: 86.8ms
[2024-05-30T13:41:42.137+0000][11241.556s][info][gc,phases   ] GC(2191)   Post Evacuate Collection Set: 15.8ms
[2024-05-30T13:41:42.137+0000][11241.556s][info][gc,phases   ] GC(2191)   Other: 0.2ms
[2024-05-30T13:41:42.137+0000][11241.556s][info][gc,heap     ] GC(2191) Eden regions: 731->0(55)
[2024-05-30T13:41:42.137+0000][11241.556s][info][gc,heap     ] GC(2191) Survivor regions: 18->21(94)
[2024-05-30T13:41:42.137+0000][11241.556s][info][gc,heap     ] GC(2191) Old regions: 454->454
[2024-05-30T13:41:42.137+0000][11241.557s][info][gc,heap     ] GC(2191) Archive regions: 2->2
[2024-05-30T13:41:42.137+0000][11241.557s][info][gc,heap     ] GC(2191) Humongous regions: 5->5
[2024-05-30T13:41:42.137+0000][11241.557s][info][gc,metaspace] GC(2191) Metaspace: 433670K(440000K)->433670K(440000K) NonClass: 379667K(383168K)->379667K(383168K) Class: 54002K(56832K)->54002K(56832K)
[2024-05-30T13:41:42.137+0000][11241.557s][info][gc          ] GC(2191) Pause Young (Prepare Mixed) (G1 Evacuation Pause) 9664M->3840M(12288M) 103.486ms
[2024-05-30T13:41:42.137+0000][11241.557s][info][gc,cpu      ] GC(2191) User=0.60s Sys=0.00s Real=0.11s
[2024-05-30T13:41:42.302+0000][11241.721s][info][gc,start    ] GC(2192) Pause Young (Mixed) (G1 Evacuation Pause)
[2024-05-30T13:41:42.302+0000][11241.721s][info][gc,task     ] GC(2192) Using 6 workers of 6 for evacuation
[2024-05-30T13:41:42.413+0000][11241.832s][info][gc,phases   ] GC(2192)   Pre Evacuate Collection Set: 0.2ms
[2024-05-30T13:41:42.413+0000][11241.832s][info][gc,phases   ] GC(2192)   Merge Heap Roots: 0.5ms
[2024-05-30T13:41:42.413+0000][11241.832s][info][gc,phases   ] GC(2192)   Evacuate Collection Set: 109.2ms
[2024-05-30T13:41:42.413+0000][11241.832s][info][gc,phases   ] GC(2192)   Post Evacuate Collection Set: 1.2ms
[2024-05-30T13:41:42.413+0000][11241.832s][info][gc,phases   ] GC(2192)   Other: 0.2ms
[2024-05-30T13:41:42.413+0000][11241.832s][info][gc,heap     ] GC(2192) Eden regions: 55->0(739)
[2024-05-30T13:41:42.413+0000][11241.832s][info][gc,heap     ] GC(2192) Survivor regions: 21->6(10)
[2024-05-30T13:41:42.413+0000][11241.832s][info][gc,heap     ] GC(2192) Old regions: 454->461
[2024-05-30T13:41:42.413+0000][11241.832s][info][gc,heap     ] GC(2192) Archive regions: 2->2
[2024-05-30T13:41:42.413+0000][11241.832s][info][gc,heap     ] GC(2192) Humongous regions: 5->5
[2024-05-30T13:41:42.413+0000][11241.832s][info][gc,metaspace] GC(2192) Metaspace: 433670K(440000K)->433670K(440000K) NonClass: 379667K(383168K)->379667K(383168K) Class: 54002K(56832K)->54002K(56832K)
[2024-05-30T13:41:42.413+0000][11241.832s][info][gc          ] GC(2192) Pause Young (Mixed) (G1 Evacuation Pause) 4280M->3779M(12288M) 111.264ms
[2024-05-30T13:41:42.413+0000][11241.832s][info][gc,cpu      ] GC(2192) User=0.66s Sys=0.00s Real=0.11s
[2024-05-30T13:41:44.166+0000][11243.586s][info][gc,start    ] GC(2193) Pause Young (Normal) (G1 Evacuation Pause)
[2024-05-30T13:41:44.166+0000][11243.586s][info][gc,task     ] GC(2193) Using 6 workers of 6 for evacuation
[2024-05-30T13:41:44.199+0000][11243.618s][info][gc,phases   ] GC(2193)   Pre Evacuate Collection Set: 0.2ms
[2024-05-30T13:41:44.199+0000][11243.618s][info][gc,phases   ] GC(2193)   Merge Heap Roots: 0.3ms
[2024-05-30T13:41:44.199+0000][11243.618s][info][gc,phases   ] GC(2193)   Evacuate Collection Set: 27.0ms
[2024-05-30T13:41:44.199+0000][11243.618s][info][gc,phases   ] GC(2193)   Post Evacuate Collection Set: 5.1ms
[2024-05-30T13:41:44.199+0000][11243.618s][info][gc,phases   ] GC(2193)   Other: 0.2ms
[2024-05-30T13:41:44.199+0000][11243.618s][info][gc,heap     ] GC(2193) Eden regions: 739->0(740)
[2024-05-30T13:41:44.199+0000][11243.618s][info][gc,heap     ] GC(2193) Survivor regions: 6->7(94)
[2024-05-30T13:41:44.199+0000][11243.618s][info][gc,heap     ] GC(2193) Old regions: 461->461
[2024-05-30T13:41:44.199+0000][11243.618s][info][gc,heap     ] GC(2193) Archive regions: 2->2
[2024-05-30T13:41:44.199+0000][11243.618s][info][gc,heap     ] GC(2193) Humongous regions: 5->5
[2024-05-30T13:41:44.199+0000][11243.618s][info][gc,metaspace] GC(2193) Metaspace: 433670K(440000K)->433670K(440000K) NonClass: 379667K(383168K)->379667K(383168K) Class: 54002K(56832K)->54002K(56832K)
[2024-05-30T13:41:44.199+0000][11243.618s][info][gc          ] GC(2193) Pause Young (Normal) (G1 Evacuation Pause) 9691M->3784M(12288M) 32.745ms
[2024-05-30T13:41:44.199+0000][11243.618s][info][gc,cpu      ] GC(2193) User=0.19s Sys=0.00s Real=0.04s
[2024-05-30T13:41:46.347+0000][11245.766s][info][gc,start    ] GC(2194) Pause Young (Normal) (G1 Evacuation Pause)
[2024-05-30T13:41:46.347+0000][11245.766s][info][gc,task     ] GC(2194) Using 6 workers of 6 for evacuation
[2024-05-30T13:41:46.425+0000][11245.845s][info][gc,phases   ] GC(2194)   Pre Evacuate Collection Set: 0.2ms
[2024-05-30T13:41:46.425+0000][11245.845s][info][gc,phases   ] GC(2194)   Merge Heap Roots: 0.3ms
[2024-05-30T13:41:46.425+0000][11245.845s][info][gc,phases   ] GC(2194)   Evacuate Collection Set: 61.8ms
[2024-05-30T13:41:46.425+0000][11245.845s][info][gc,phases   ] GC(2194)   Post Evacuate Collection Set: 16.2ms
[2024-05-30T13:41:46.425+0000][11245.845s][info][gc,phases   ] GC(2194)   Other: 0.2ms
[2024-05-30T13:41:46.425+0000][11245.845s][info][gc,heap     ] GC(2194) Eden regions: 740->0(736)
[2024-05-30T13:41:46.425+0000][11245.845s][info][gc,heap     ] GC(2194) Survivor regions: 7->10(94)
[2024-05-30T13:41:46.425+0000][11245.845s][info][gc,heap     ] GC(2194) Old regions: 461->461
[2024-05-30T13:41:46.425+0000][11245.845s][info][gc,heap     ] GC(2194) Archive regions: 2->2
[2024-05-30T13:41:46.425+0000][11245.845s][info][gc,heap     ] GC(2194) Humongous regions: 5->5
[2024-05-30T13:41:46.425+0000][11245.845s][info][gc,metaspace] GC(2194) Metaspace: 433670K(440000K)->433670K(440000K) NonClass: 379667K(383168K)->379667K(383168K) Class: 54002K(56832K)->54002K(56832K)
[2024-05-30T13:41:46.425+0000][11245.845s][info][gc          ] GC(2194) Pause Young (Normal) (G1 Evacuation Pause) 9704M->3807M(12288M) 78.738ms
[2024-05-30T13:41:46.425+0000][11245.845s][info][gc,cpu      ] GC(2194) User=0.46s Sys=0.00s Real=0.08s
[2024-05-30T13:41:48.276+0000][11247.695s][info][gc,start    ] GC(2195) Pause Young (Concurrent Start) (G1 Evacuation Pause)
[2024-05-30T13:41:48.276+0000][11247.695s][info][gc,task     ] GC(2195) Using 6 workers of 6 for evacuation
[2024-05-30T13:41:48.354+0000][11247.773s][info][gc,phases   ] GC(2195)   Pre Evacuate Collection Set: 0.6ms
[2024-05-30T13:41:48.354+0000][11247.773s][info][gc,phases   ] GC(2195)   Merge Heap Roots: 0.3ms
[2024-05-30T13:41:48.354+0000][11247.773s][info][gc,phases   ] GC(2195)   Evacuate Collection Set: 64.0ms
[2024-05-30T13:41:48.354+0000][11247.773s][info][gc,phases   ] GC(2195)   Post Evacuate Collection Set: 13.0ms
[2024-05-30T13:41:48.354+0000][11247.773s][info][gc,phases   ] GC(2195)   Other: 0.3ms
[2024-05-30T13:41:48.354+0000][11247.773s][info][gc,heap     ] GC(2195) Eden regions: 736->0(734)
[2024-05-30T13:41:48.354+0000][11247.773s][info][gc,heap     ] GC(2195) Survivor regions: 10->13(94)
[2024-05-30T13:41:48.354+0000][11247.773s][info][gc,heap     ] GC(2195) Old regions: 461->461
[2024-05-30T13:41:48.354+0000][11247.773s][info][gc,heap     ] GC(2195) Archive regions: 2->2
[2024-05-30T13:41:48.354+0000][11247.773s][info][gc,heap     ] GC(2195) Humongous regions: 5->5
[2024-05-30T13:41:48.354+0000][11247.773s][info][gc,metaspace] GC(2195) Metaspace: 433670K(440000K)->433670K(440000K) NonClass: 379667K(383168K)->379667K(383168K) Class: 54002K(56832K)->54002K(56832K)
[2024-05-30T13:41:48.354+0000][11247.774s][info][gc          ] GC(2195) Pause Young (Concurrent Start) (G1 Evacuation Pause) 9695M->3835M(12288M) 78.204ms
[2024-05-30T13:41:48.354+0000][11247.774s][info][gc,cpu      ] GC(2195) User=0.45s Sys=0.00s Real=0.08s
[2024-05-30T13:41:48.354+0000][11247.774s][info][gc          ] GC(2196) Concurrent Mark Cycle
[2024-05-30T13:41:48.354+0000][11247.774s][info][gc,marking  ] GC(2196) Concurrent Clear Claimed Marks
[2024-05-30T13:41:48.355+0000][11247.774s][info][gc,marking  ] GC(2196) Concurrent Clear Claimed Marks 0.429ms
[2024-05-30T13:41:48.355+0000][11247.774s][info][gc,marking  ] GC(2196) Concurrent Scan Root Regions
[2024-05-30T13:41:48.395+0000][11247.814s][info][gc,marking  ] GC(2196) Concurrent Scan Root Regions 39.878ms
[2024-05-30T13:41:48.395+0000][11247.814s][info][gc,marking  ] GC(2196) Concurrent Mark
[2024-05-30T13:41:48.395+0000][11247.814s][info][gc,marking  ] GC(2196) Concurrent Mark From Roots
[2024-05-30T13:41:48.395+0000][11247.814s][info][gc,task     ] GC(2196) Using 2 workers of 2 for marking
[2024-05-30T13:41:50.832+0000][11250.251s][info][gc,start    ] GC(2197) Pause Young (Normal) (G1 Evacuation Pause)
[2024-05-30T13:41:50.832+0000][11250.251s][info][gc,task     ] GC(2197) Using 6 workers of 6 for evacuation
[2024-05-30T13:41:50.925+0000][11250.345s][info][gc,phases   ] GC(2197)   Pre Evacuate Collection Set: 0.2ms
[2024-05-30T13:41:50.925+0000][11250.345s][info][gc,phases   ] GC(2197)   Merge Heap Roots: 0.4ms
[2024-05-30T13:41:50.925+0000][11250.345s][info][gc,phases   ] GC(2197)   Evacuate Collection Set: 76.4ms
[2024-05-30T13:41:50.925+0000][11250.345s][info][gc,phases   ] GC(2197)   Post Evacuate Collection Set: 16.3ms
[2024-05-30T13:41:50.925+0000][11250.345s][info][gc,phases   ] GC(2197)   Other: 0.2ms
[2024-05-30T13:41:50.925+0000][11250.345s][info][gc,heap     ] GC(2197) Eden regions: 734->0(726)
[2024-05-30T13:41:50.925+0000][11250.345s][info][gc,heap     ] GC(2197) Survivor regions: 13->17(94)
[2024-05-30T13:41:50.925+0000][11250.345s][info][gc,heap     ] GC(2197) Old regions: 461->461
[2024-05-30T13:41:50.925+0000][11250.345s][info][gc,heap     ] GC(2197) Archive regions: 2->2
[2024-05-30T13:41:50.925+0000][11250.345s][info][gc,heap     ] GC(2197) Humongous regions: 5->5
[2024-05-30T13:41:50.925+0000][11250.345s][info][gc,metaspace] GC(2197) Metaspace: 433670K(440000K)->433670K(440000K) NonClass: 379667K(383168K)->379667K(383168K) Class: 54002K(56832K)->54002K(56832K)
[2024-05-30T13:41:50.925+0000][11250.345s][info][gc          ] GC(2197) Pause Young (Normal) (G1 Evacuation Pause) 9707M->3862M(12288M) 93.527ms
[2024-05-30T13:41:50.926+0000][11250.345s][info][gc,cpu      ] GC(2197) User=0.54s Sys=0.00s Real=0.09s
[2024-05-30T13:41:51.850+0000][11251.269s][info][gc,marking  ] GC(2196) Concurrent Mark From Roots 3454.921ms
[2024-05-30T13:41:51.850+0000][11251.269s][info][gc,marking  ] GC(2196) Concurrent Preclean
[2024-05-30T13:41:51.852+0000][11251.271s][info][gc,marking  ] GC(2196) Concurrent Preclean 1.921ms
[2024-05-30T13:41:51.852+0000][11251.271s][info][gc,start    ] GC(2196) Pause Remark
[2024-05-30T13:41:51.876+0000][11251.295s][info][gc          ] GC(2196) Pause Remark 5870M->5870M(12288M) 24.233ms
[2024-05-30T13:41:51.876+0000][11251.295s][info][gc,cpu      ] GC(2196) User=0.11s Sys=0.00s Real=0.02s
[2024-05-30T13:41:51.876+0000][11251.295s][info][gc,marking  ] GC(2196) Concurrent Mark 3481.455ms
[2024-05-30T13:41:51.876+0000][11251.295s][info][gc,marking  ] GC(2196) Concurrent Rebuild Remembered Sets
[2024-05-30T13:41:53.457+0000][11252.876s][info][gc,start    ] GC(2198) Pause Young (Normal) (G1 Evacuation Pause)
[2024-05-30T13:41:53.457+0000][11252.876s][info][gc,task     ] GC(2198) Using 6 workers of 6 for evacuation
[2024-05-30T13:41:53.561+0000][11252.980s][info][gc,phases   ] GC(2198)   Pre Evacuate Collection Set: 0.2ms
[2024-05-30T13:41:53.561+0000][11252.980s][info][gc,phases   ] GC(2198)   Merge Heap Roots: 0.7ms
[2024-05-30T13:41:53.561+0000][11252.980s][info][gc,phases   ] GC(2198)   Evacuate Collection Set: 86.4ms
[2024-05-30T13:41:53.561+0000][11252.980s][info][gc,phases   ] GC(2198)   Post Evacuate Collection Set: 16.7ms
[2024-05-30T13:41:53.561+0000][11252.980s][info][gc,phases   ] GC(2198)   Other: 0.2ms
[2024-05-30T13:41:53.561+0000][11252.980s][info][gc,heap     ] GC(2198) Eden regions: 726->0(720)
[2024-05-30T13:41:53.561+0000][11252.981s][info][gc,heap     ] GC(2198) Survivor regions: 17->20(93)
[2024-05-30T13:41:53.561+0000][11252.981s][info][gc,heap     ] GC(2198) Old regions: 461->461
[2024-05-30T13:41:53.561+0000][11252.981s][info][gc,heap     ] GC(2198) Archive regions: 2->2
[2024-05-30T13:41:53.561+0000][11252.981s][info][gc,heap     ] GC(2198) Humongous regions: 5->5
[2024-05-30T13:41:53.561+0000][11252.981s][info][gc,metaspace] GC(2198) Metaspace: 433682K(440000K)->433682K(440000K) NonClass: 379680K(383168K)->379680K(383168K) Class: 54002K(56832K)->54002K(56832K)
[2024-05-30T13:41:53.561+0000][11252.981s][info][gc          ] GC(2198) Pause Young (Normal) (G1 Evacuation Pause) 9670M->3891M(12288M) 104.191ms
[2024-05-30T13:41:53.561+0000][11252.981s][info][gc,cpu      ] GC(2198) User=0.61s Sys=0.00s Real=0.10s
[2024-05-30T13:41:53.684+0000][11253.104s][info][gc,marking  ] GC(2196) Concurrent Rebuild Remembered Sets 1808.049ms
[2024-05-30T13:41:53.685+0000][11253.104s][info][gc,start    ] GC(2196) Pause Cleanup
[2024-05-30T13:41:53.685+0000][11253.104s][info][gc          ] GC(2196) Pause Cleanup 4223M->4223M(12288M) 0.668ms
[2024-05-30T13:41:53.685+0000][11253.104s][info][gc,cpu      ] GC(2196) User=0.00s Sys=0.00s Real=0.00s
[2024-05-30T13:41:53.685+0000][11253.105s][info][gc,marking  ] GC(2196) Concurrent Cleanup for Next Mark
[2024-05-30T13:41:53.702+0000][11253.122s][info][gc,marking  ] GC(2196) Concurrent Cleanup for Next Mark 16.950ms
[2024-05-30T13:41:53.702+0000][11253.122s][info][gc          ] GC(2196) Concurrent Mark Cycle 5348.012ms
[2024-05-30T13:41:55.362+0000][11254.781s][info][gc,start    ] GC(2199) Pause Young (Prepare Mixed) (G1 Evacuation Pause)
[2024-05-30T13:41:55.362+0000][11254.781s][info][gc,task     ] GC(2199) Using 6 workers of 6 for evacuation
[2024-05-30T13:41:55.467+0000][11254.886s][info][gc,phases   ] GC(2199)   Pre Evacuate Collection Set: 0.2ms
[2024-05-30T13:41:55.467+0000][11254.886s][info][gc,phases   ] GC(2199)   Merge Heap Roots: 0.5ms
[2024-05-30T13:41:55.467+0000][11254.886s][info][gc,phases   ] GC(2199)   Evacuate Collection Set: 91.7ms
[2024-05-30T13:41:55.467+0000][11254.886s][info][gc,phases   ] GC(2199)   Post Evacuate Collection Set: 12.6ms
[2024-05-30T13:41:55.467+0000][11254.886s][info][gc,phases   ] GC(2199)   Other: 0.2ms
[2024-05-30T13:41:55.467+0000][11254.886s][info][gc,heap     ] GC(2199) Eden regions: 720->0(52)
[2024-05-30T13:41:55.467+0000][11254.886s][info][gc,heap     ] GC(2199) Survivor regions: 20->24(93)
[2024-05-30T13:41:55.467+0000][11254.886s][info][gc,heap     ] GC(2199) Old regions: 461->461
[2024-05-30T13:41:55.467+0000][11254.886s][info][gc,heap     ] GC(2199) Archive regions: 2->2
[2024-05-30T13:41:55.467+0000][11254.886s][info][gc,heap     ] GC(2199) Humongous regions: 5->5
[2024-05-30T13:41:55.467+0000][11254.886s][info][gc,metaspace] GC(2199) Metaspace: 433682K(440000K)->433682K(440000K) NonClass: 379680K(383168K)->379680K(383168K) Class: 54002K(56832K)->54002K(56832K)
[2024-05-30T13:41:55.467+0000][11254.886s][info][gc          ] GC(2199) Pause Young (Prepare Mixed) (G1 Evacuation Pause) 9651M->3919M(12288M) 105.234ms
[2024-05-30T13:41:55.467+0000][11254.886s][info][gc,cpu      ] GC(2199) User=0.62s Sys=0.00s Real=0.10s
[2024-05-30T13:41:55.627+0000][11255.046s][info][gc,start    ] GC(2200) Pause Young (Mixed) (G1 Evacuation Pause)
[2024-05-30T13:41:55.627+0000][11255.046s][info][gc,task     ] GC(2200) Using 6 workers of 6 for evacuation
[2024-05-30T13:41:55.746+0000][11255.166s][info][gc,phases   ] GC(2200)   Pre Evacuate Collection Set: 0.2ms
[2024-05-30T13:41:55.746+0000][11255.166s][info][gc,phases   ] GC(2200)   Merge Heap Roots: 0.4ms
[2024-05-30T13:41:55.746+0000][11255.166s][info][gc,phases   ] GC(2200)   Evacuate Collection Set: 115.4ms
[2024-05-30T13:41:55.746+0000][11255.166s][info][gc,phases   ] GC(2200)   Post Evacuate Collection Set: 3.4ms
[2024-05-30T13:41:55.746+0000][11255.166s][info][gc,phases   ] GC(2200)   Other: 0.2ms
[2024-05-30T13:41:55.746+0000][11255.166s][info][gc,heap     ] GC(2200) Eden regions: 52->0(734)
[2024-05-30T13:41:55.746+0000][11255.166s][info][gc,heap     ] GC(2200) Survivor regions: 24->5(10)
[2024-05-30T13:41:55.746+0000][11255.166s][info][gc,heap     ] GC(2200) Old regions: 461->468
[2024-05-30T13:41:55.746+0000][11255.166s][info][gc,heap     ] GC(2200) Archive regions: 2->2
[2024-05-30T13:41:55.746+0000][11255.166s][info][gc,heap     ] GC(2200) Humongous regions: 5->5
[2024-05-30T13:41:55.746+0000][11255.166s][info][gc,metaspace] GC(2200) Metaspace: 433682K(440000K)->433682K(440000K) NonClass: 379680K(383168K)->379680K(383168K) Class: 54002K(56832K)->54002K(56832K)
[2024-05-30T13:41:55.747+0000][11255.166s][info][gc          ] GC(2200) Pause Young (Mixed) (G1 Evacuation Pause) 4335M->3826M(12288M) 119.632ms
[2024-05-30T13:41:55.747+0000][11255.166s][info][gc,cpu      ] GC(2200) User=0.68s Sys=0.01s Real=0.12s
[2024-05-30T13:41:57.550+0000][11256.969s][info][gc,start    ] GC(2201) Pause Young (Normal) (G1 Evacuation Pause)
[2024-05-30T13:41:57.550+0000][11256.969s][info][gc,task     ] GC(2201) Using 6 workers of 6 for evacuation
[2024-05-30T13:41:57.601+0000][11257.020s][info][gc,phases   ] GC(2201)   Pre Evacuate Collection Set: 0.2ms
[2024-05-30T13:41:57.601+0000][11257.020s][info][gc,phases   ] GC(2201)   Merge Heap Roots: 0.3ms
[2024-05-30T13:41:57.601+0000][11257.020s][info][gc,phases   ] GC(2201)   Evacuate Collection Set: 39.7ms
[2024-05-30T13:41:57.601+0000][11257.020s][info][gc,phases   ] GC(2201)   Post Evacuate Collection Set: 11.0ms
[2024-05-30T13:41:57.601+0000][11257.020s][info][gc,phases   ] GC(2201)   Other: 0.2ms
[2024-05-30T13:41:57.601+0000][11257.020s][info][gc,heap     ] GC(2201) Eden regions: 734->0(733)
[2024-05-30T13:41:57.601+0000][11257.020s][info][gc,heap     ] GC(2201) Survivor regions: 5->7(93)
[2024-05-30T13:41:57.601+0000][11257.020s][info][gc,heap     ] GC(2201) Old regions: 468->468
[2024-05-30T13:41:57.601+0000][11257.020s][info][gc,heap     ] GC(2201) Archive regions: 2->2
[2024-05-30T13:41:57.601+0000][11257.020s][info][gc,heap     ] GC(2201) Humongous regions: 5->5
[2024-05-30T13:41:57.601+0000][11257.020s][info][gc,metaspace] GC(2201) Metaspace: 433682K(440000K)->433682K(440000K) NonClass: 379680K(383168K)->379680K(383168K) Class: 54002K(56832K)->54002K(56832K)
[2024-05-30T13:41:57.601+0000][11257.020s][info][gc          ] GC(2201) Pause Young (Normal) (G1 Evacuation Pause) 9698M->3840M(12288M) 51.351ms
[2024-05-30T13:41:57.601+0000][11257.020s][info][gc,cpu      ] GC(2201) User=0.30s Sys=0.00s Real=0.05s
[2024-05-30T13:42:01.768+0000][11261.187s][info][gc,start    ] GC(2202) Pause Young (Normal) (G1 Evacuation Pause)
[2024-05-30T13:42:01.768+0000][11261.187s][info][gc,task     ] GC(2202) Using 6 workers of 6 for evacuation
[2024-05-30T13:42:01.797+0000][11261.217s][info][gc,phases   ] GC(2202)   Pre Evacuate Collection Set: 0.2ms
[2024-05-30T13:42:01.797+0000][11261.217s][info][gc,phases   ] GC(2202)   Merge Heap Roots: 0.3ms
[2024-05-30T13:42:01.797+0000][11261.217s][info][gc,phases   ] GC(2202)   Evacuate Collection Set: 24.5ms
[2024-05-30T13:42:01.797+0000][11261.217s][info][gc,phases   ] GC(2202)   Post Evacuate Collection Set: 4.6ms
[2024-05-30T13:42:01.797+0000][11261.217s][info][gc,phases   ] GC(2202)   Other: 0.2ms
[2024-05-30T13:42:01.797+0000][11261.217s][info][gc,heap     ] GC(2202) Eden regions: 733->0(731)
[2024-05-30T13:42:01.797+0000][11261.217s][info][gc,heap     ] GC(2202) Survivor regions: 7->9(93)
[2024-05-30T13:42:01.797+0000][11261.217s][info][gc,heap     ] GC(2202) Old regions: 468->468
[2024-05-30T13:42:01.797+0000][11261.217s][info][gc,heap     ] GC(2202) Archive regions: 2->2
[2024-05-30T13:42:01.797+0000][11261.217s][info][gc,heap     ] GC(2202) Humongous regions: 5->5
[2024-05-30T13:42:01.797+0000][11261.217s][info][gc,metaspace] GC(2202) Metaspace: 433682K(440000K)->433682K(440000K) NonClass: 379680K(383168K)->379680K(383168K) Class: 54002K(56832K)->54002K(56832K)
[2024-05-30T13:42:01.797+0000][11261.217s][info][gc          ] GC(2202) Pause Young (Normal) (G1 Evacuation Pause) 9704M->3852M(12288M) 29.896ms
[2024-05-30T13:42:01.797+0000][11261.217s][info][gc,cpu      ] GC(2202) User=0.17s Sys=0.00s Real=0.04s
[2024-05-30T13:42:06.631+0000][11266.050s][info][gc,start    ] GC(2203) Pause Young (Concurrent Start) (G1 Evacuation Pause)
[2024-05-30T13:42:06.631+0000][11266.050s][info][gc,task     ] GC(2203) Using 6 workers of 6 for evacuation
[2024-05-30T13:42:06.661+0000][11266.080s][info][gc,phases   ] GC(2203)   Pre Evacuate Collection Set: 0.5ms
[2024-05-30T13:42:06.661+0000][11266.080s][info][gc,phases   ] GC(2203)   Merge Heap Roots: 0.2ms
[2024-05-30T13:42:06.661+0000][11266.080s][info][gc,phases   ] GC(2203)   Evacuate Collection Set: 26.8ms
[2024-05-30T13:42:06.661+0000][11266.080s][info][gc,phases   ] GC(2203)   Post Evacuate Collection Set: 1.9ms
[2024-05-30T13:42:06.661+0000][11266.080s][info][gc,phases   ] GC(2203)   Other: 0.3ms
[2024-05-30T13:42:06.661+0000][11266.080s][info][gc,heap     ] GC(2203) Eden regions: 731->0(732)
[2024-05-30T13:42:06.661+0000][11266.080s][info][gc,heap     ] GC(2203) Survivor regions: 9->9(93)
[2024-05-30T13:42:06.661+0000][11266.080s][info][gc,heap     ] GC(2203) Old regions: 468->468
[2024-05-30T13:42:06.661+0000][11266.080s][info][gc,heap     ] GC(2203) Archive regions: 2->2
[2024-05-30T13:42:06.661+0000][11266.080s][info][gc,heap     ] GC(2203) Humongous regions: 5->5
[2024-05-30T13:42:06.661+0000][11266.080s][info][gc,metaspace] GC(2203) Metaspace: 433682K(440000K)->433682K(440000K) NonClass: 379680K(383168K)->379680K(383168K) Class: 54002K(56832K)->54002K(56832K)
[2024-05-30T13:42:06.661+0000][11266.080s][info][gc          ] GC(2203) Pause Young (Concurrent Start) (G1 Evacuation Pause) 9700M->3858M(12288M) 29.742ms
[2024-05-30T13:42:06.661+0000][11266.080s][info][gc,cpu      ] GC(2203) User=0.17s Sys=0.00s Real=0.03s
[2024-05-30T13:42:06.661+0000][11266.080s][info][gc          ] GC(2204) Concurrent Mark Cycle
[2024-05-30T13:42:06.661+0000][11266.080s][info][gc,marking  ] GC(2204) Concurrent Clear Claimed Marks
[2024-05-30T13:42:06.661+0000][11266.080s][info][gc,marking  ] GC(2204) Concurrent Clear Claimed Marks 0.414ms
[2024-05-30T13:42:06.661+0000][11266.080s][info][gc,marking  ] GC(2204) Concurrent Scan Root Regions
[2024-05-30T13:42:06.684+0000][11266.103s][info][gc,marking  ] GC(2204) Concurrent Scan Root Regions 22.611ms
[2024-05-30T13:42:06.684+0000][11266.103s][info][gc,marking  ] GC(2204) Concurrent Mark
[2024-05-30T13:42:06.684+0000][11266.103s][info][gc,marking  ] GC(2204) Concurrent Mark From Roots
[2024-05-30T13:42:06.684+0000][11266.103s][info][gc,task     ] GC(2204) Using 2 workers of 2 for marking
[2024-05-30T13:42:10.430+0000][11269.849s][info][gc,marking  ] GC(2204) Concurrent Mark From Roots 3746.021ms
[2024-05-30T13:42:10.430+0000][11269.849s][info][gc,marking  ] GC(2204) Concurrent Preclean
[2024-05-30T13:42:10.432+0000][11269.851s][info][gc,marking  ] GC(2204) Concurrent Preclean 1.991ms
[2024-05-30T13:42:10.432+0000][11269.851s][info][gc,start    ] GC(2204) Pause Remark
[2024-05-30T13:42:10.458+0000][11269.877s][info][gc          ] GC(2204) Pause Remark 7682M->7682M(12288M) 25.912ms
[2024-05-30T13:42:10.458+0000][11269.877s][info][gc,cpu      ] GC(2204) User=0.11s Sys=0.01s Real=0.03s
[2024-05-30T13:42:10.458+0000][11269.878s][info][gc,marking  ] GC(2204) Concurrent Mark 3774.487ms
[2024-05-30T13:42:10.458+0000][11269.878s][info][gc,marking  ] GC(2204) Concurrent Rebuild Remembered Sets
[2024-05-30T13:42:12.274+0000][11271.693s][info][gc,marking  ] GC(2204) Concurrent Rebuild Remembered Sets 1815.376ms
[2024-05-30T13:42:12.274+0000][11271.693s][info][gc,start    ] GC(2204) Pause Cleanup
[2024-05-30T13:42:12.275+0000][11271.694s][info][gc          ] GC(2204) Pause Cleanup 9622M->9622M(12288M) 0.641ms
[2024-05-30T13:42:12.275+0000][11271.694s][info][gc,cpu      ] GC(2204) User=0.00s Sys=0.00s Real=0.00s
[2024-05-30T13:42:12.275+0000][11271.694s][info][gc,marking  ] GC(2204) Concurrent Cleanup for Next Mark
[2024-05-30T13:42:12.292+0000][11271.711s][info][gc,marking  ] GC(2204) Concurrent Cleanup for Next Mark 16.950ms
[2024-05-30T13:42:12.292+0000][11271.711s][info][gc          ] GC(2204) Concurrent Mark Cycle 5630.951ms
[2024-05-30T13:42:12.360+0000][11271.780s][info][gc,start    ] GC(2205) Pause Young (Prepare Mixed) (G1 Evacuation Pause)
[2024-05-30T13:42:12.360+0000][11271.780s][info][gc,task     ] GC(2205) Using 6 workers of 6 for evacuation
[2024-05-30T13:42:12.394+0000][11271.813s][info][gc,phases   ] GC(2205)   Pre Evacuate Collection Set: 0.2ms
[2024-05-30T13:42:12.394+0000][11271.813s][info][gc,phases   ] GC(2205)   Merge Heap Roots: 0.4ms
[2024-05-30T13:42:12.394+0000][11271.813s][info][gc,phases   ] GC(2205)   Evacuate Collection Set: 30.7ms
[2024-05-30T13:42:12.394+0000][11271.813s][info][gc,phases   ] GC(2205)   Post Evacuate Collection Set: 1.9ms
[2024-05-30T13:42:12.394+0000][11271.813s][info][gc,phases   ] GC(2205)   Other: 0.2ms
[2024-05-30T13:42:12.394+0000][11271.813s][info][gc,heap     ] GC(2205) Eden regions: 732->0(64)
[2024-05-30T13:42:12.394+0000][11271.813s][info][gc,heap     ] GC(2205) Survivor regions: 9->12(93)
[2024-05-30T13:42:12.394+0000][11271.813s][info][gc,heap     ] GC(2205) Old regions: 468->468
[2024-05-30T13:42:12.394+0000][11271.813s][info][gc,heap     ] GC(2205) Archive regions: 2->2
[2024-05-30T13:42:12.394+0000][11271.813s][info][gc,heap     ] GC(2205) Humongous regions: 5->5
[2024-05-30T13:42:12.394+0000][11271.813s][info][gc,metaspace] GC(2205) Metaspace: 433682K(440000K)->433682K(440000K) NonClass: 379680K(383168K)->379680K(383168K) Class: 54002K(56832K)->54002K(56832K)
[2024-05-30T13:42:12.394+0000][11271.813s][info][gc          ] GC(2205) Pause Young (Prepare Mixed) (G1 Evacuation Pause) 9714M->3877M(12288M) 33.374ms
[2024-05-30T13:42:12.394+0000][11271.813s][info][gc,cpu      ] GC(2205) User=0.19s Sys=0.00s Real=0.03s
[2024-05-30T13:42:12.830+0000][11272.249s][info][gc,start    ] GC(2206) Pause Young (Mixed) (G1 Evacuation Pause)
[2024-05-30T13:42:12.830+0000][11272.249s][info][gc,task     ] GC(2206) Using 6 workers of 6 for evacuation
[2024-05-30T13:42:12.887+0000][11272.306s][info][gc,phases   ] GC(2206)   Pre Evacuate Collection Set: 0.2ms
[2024-05-30T13:42:12.887+0000][11272.306s][info][gc,phases   ] GC(2206)   Merge Heap Roots: 0.4ms
[2024-05-30T13:42:12.887+0000][11272.306s][info][gc,phases   ] GC(2206)   Evacuate Collection Set: 55.1ms
[2024-05-30T13:42:12.887+0000][11272.306s][info][gc,phases   ] GC(2206)   Post Evacuate Collection Set: 1.3ms
[2024-05-30T13:42:12.887+0000][11272.306s][info][gc,phases   ] GC(2206)   Other: 0.2ms
[2024-05-30T13:42:12.887+0000][11272.306s][info][gc,heap     ] GC(2206) Eden regions: 64->0(743)
[2024-05-30T13:42:12.887+0000][11272.306s][info][gc,heap     ] GC(2206) Survivor regions: 12->4(10)
[2024-05-30T13:42:12.887+0000][11272.306s][info][gc,heap     ] GC(2206) Old regions: 468->462
[2024-05-30T13:42:12.887+0000][11272.306s][info][gc,heap     ] GC(2206) Archive regions: 2->2
[2024-05-30T13:42:12.887+0000][11272.306s][info][gc,heap     ] GC(2206) Humongous regions: 5->5
[2024-05-30T13:42:12.887+0000][11272.306s][info][gc,metaspace] GC(2206) Metaspace: 433682K(440000K)->433682K(440000K) NonClass: 379680K(383168K)->379680K(383168K) Class: 54002K(56832K)->54002K(56832K)
[2024-05-30T13:42:12.887+0000][11272.306s][info][gc          ] GC(2206) Pause Young (Mixed) (G1 Evacuation Pause) 4389M->3765M(12288M) 57.269ms
[2024-05-30T13:42:12.887+0000][11272.306s][info][gc,cpu      ] GC(2206) User=0.34s Sys=0.00s Real=0.05s
[2024-05-30T13:42:17.941+0000][11277.360s][info][gc,start    ] GC(2207) Pause Young (Normal) (G1 Evacuation Pause)
[2024-05-30T13:42:17.941+0000][11277.360s][info][gc,task     ] GC(2207) Using 6 workers of 6 for evacuation
[2024-05-30T13:42:17.952+0000][11277.371s][info][gc,phases   ] GC(2207)   Pre Evacuate Collection Set: 0.2ms
[2024-05-30T13:42:17.952+0000][11277.371s][info][gc,phases   ] GC(2207)   Merge Heap Roots: 0.2ms
[2024-05-30T13:42:17.952+0000][11277.371s][info][gc,phases   ] GC(2207)   Evacuate Collection Set: 8.8ms
[2024-05-30T13:42:17.952+0000][11277.371s][info][gc,phases   ] GC(2207)   Post Evacuate Collection Set: 1.7ms
[2024-05-30T13:42:17.952+0000][11277.371s][info][gc,phases   ] GC(2207)   Other: 0.2ms
[2024-05-30T13:42:17.952+0000][11277.371s][info][gc,heap     ] GC(2207) Eden regions: 743->0(742)
[2024-05-30T13:42:17.952+0000][11277.371s][info][gc,heap     ] GC(2207) Survivor regions: 4->5(94)
[2024-05-30T13:42:17.952+0000][11277.371s][info][gc,heap     ] GC(2207) Old regions: 462->462
[2024-05-30T13:42:17.952+0000][11277.371s][info][gc,heap     ] GC(2207) Archive regions: 2->2
[2024-05-30T13:42:17.952+0000][11277.371s][info][gc,heap     ] GC(2207) Humongous regions: 5->5
[2024-05-30T13:42:17.952+0000][11277.371s][info][gc,metaspace] GC(2207) Metaspace: 433682K(440000K)->433682K(440000K) NonClass: 379680K(383168K)->379680K(383168K) Class: 54002K(56832K)->54002K(56832K)
[2024-05-30T13:42:17.952+0000][11277.371s][info][gc          ] GC(2207) Pause Young (Normal) (G1 Evacuation Pause) 9709M->3773M(12288M) 11.094ms
[2024-05-30T13:42:17.952+0000][11277.371s][info][gc,cpu      ] GC(2207) User=0.06s Sys=0.01s Real=0.01s
[2024-05-30T13:42:23.045+0000][11282.465s][info][gc,start    ] GC(2208) Pause Young (Normal) (G1 Evacuation Pause)
[2024-05-30T13:42:23.045+0000][11282.465s][info][gc,task     ] GC(2208) Using 6 workers of 6 for evacuation
[2024-05-30T13:42:23.059+0000][11282.478s][info][gc,phases   ] GC(2208)   Pre Evacuate Collection Set: 0.2ms
[2024-05-30T13:42:23.059+0000][11282.478s][info][gc,phases   ] GC(2208)   Merge Heap Roots: 0.2ms
[2024-05-30T13:42:23.059+0000][11282.478s][info][gc,phases   ] GC(2208)   Evacuate Collection Set: 10.9ms
[2024-05-30T13:42:23.059+0000][11282.478s][info][gc,phases   ] GC(2208)   Post Evacuate Collection Set: 1.9ms
[2024-05-30T13:42:23.059+0000][11282.478s][info][gc,phases   ] GC(2208)   Other: 0.2ms
[2024-05-30T13:42:23.059+0000][11282.478s][info][gc,heap     ] GC(2208) Eden regions: 742->0(740)
[2024-05-30T13:42:23.059+0000][11282.478s][info][gc,heap     ] GC(2208) Survivor regions: 5->7(94)
[2024-05-30T13:42:23.059+0000][11282.478s][info][gc,heap     ] GC(2208) Old regions: 462->462
[2024-05-30T13:42:23.059+0000][11282.478s][info][gc,heap     ] GC(2208) Archive regions: 2->2
[2024-05-30T13:42:23.059+0000][11282.478s][info][gc,heap     ] GC(2208) Humongous regions: 5->5
[2024-05-30T13:42:23.059+0000][11282.478s][info][gc,metaspace] GC(2208) Metaspace: 433685K(440000K)->433685K(440000K) NonClass: 379682K(383168K)->379682K(383168K) Class: 54002K(56832K)->54002K(56832K)
[2024-05-30T13:42:23.059+0000][11282.478s][info][gc          ] GC(2208) Pause Young (Normal) (G1 Evacuation Pause) 9709M->3784M(12288M) 13.486ms
[2024-05-30T13:42:23.059+0000][11282.478s][info][gc,cpu      ] GC(2208) User=0.07s Sys=0.00s Real=0.02s
[2024-05-30T13:42:28.355+0000][11287.774s][info][gc,start    ] GC(2209) Pause Young (Concurrent Start) (G1 Evacuation Pause)
[2024-05-30T13:42:28.355+0000][11287.774s][info][gc,task     ] GC(2209) Using 6 workers of 6 for evacuation
[2024-05-30T13:42:28.374+0000][11287.793s][info][gc,phases   ] GC(2209)   Pre Evacuate Collection Set: 0.5ms
[2024-05-30T13:42:28.374+0000][11287.793s][info][gc,phases   ] GC(2209)   Merge Heap Roots: 0.2ms
[2024-05-30T13:42:28.374+0000][11287.793s][info][gc,phases   ] GC(2209)   Evacuate Collection Set: 15.9ms
[2024-05-30T13:42:28.374+0000][11287.793s][info][gc,phases   ] GC(2209)   Post Evacuate Collection Set: 1.8ms
[2024-05-30T13:42:28.374+0000][11287.793s][info][gc,phases   ] GC(2209)   Other: 0.3ms
[2024-05-30T13:42:28.374+0000][11287.793s][info][gc,heap     ] GC(2209) Eden regions: 740->0(739)
[2024-05-30T13:42:28.374+0000][11287.793s][info][gc,heap     ] GC(2209) Survivor regions: 7->8(94)
[2024-05-30T13:42:28.374+0000][11287.793s][info][gc,heap     ] GC(2209) Old regions: 462->462
[2024-05-30T13:42:28.374+0000][11287.793s][info][gc,heap     ] GC(2209) Archive regions: 2->2
[2024-05-30T13:42:28.374+0000][11287.793s][info][gc,heap     ] GC(2209) Humongous regions: 5->5
[2024-05-30T13:42:28.374+0000][11287.793s][info][gc,metaspace] GC(2209) Metaspace: 433685K(440000K)->433685K(440000K) NonClass: 379682K(383168K)->379682K(383168K) Class: 54002K(56832K)->54002K(56832K)
[2024-05-30T13:42:28.374+0000][11287.793s][info][gc          ] GC(2209) Pause Young (Concurrent Start) (G1 Evacuation Pause) 9704M->3793M(12288M) 18.835ms
[2024-05-30T13:42:28.374+0000][11287.793s][info][gc,cpu      ] GC(2209) User=0.11s Sys=0.00s Real=0.02s
[2024-05-30T13:42:28.374+0000][11287.793s][info][gc          ] GC(2210) Concurrent Mark Cycle
[2024-05-30T13:42:28.374+0000][11287.793s][info][gc,marking  ] GC(2210) Concurrent Clear Claimed Marks
[2024-05-30T13:42:28.374+0000][11287.794s][info][gc,marking  ] GC(2210) Concurrent Clear Claimed Marks 0.410ms
[2024-05-30T13:42:28.374+0000][11287.794s][info][gc,marking  ] GC(2210) Concurrent Scan Root Regions
[2024-05-30T13:42:28.388+0000][11287.807s][info][gc,marking  ] GC(2210) Concurrent Scan Root Regions 13.555ms
[2024-05-30T13:42:28.388+0000][11287.807s][info][gc,marking  ] GC(2210) Concurrent Mark
[2024-05-30T13:42:28.388+0000][11287.807s][info][gc,marking  ] GC(2210) Concurrent Mark From Roots
[2024-05-30T13:42:28.388+0000][11287.807s][info][gc,task     ] GC(2210) Using 2 workers of 2 for marking
[2024-05-30T13:42:32.213+0000][11291.632s][info][gc,marking  ] GC(2210) Concurrent Mark From Roots 3824.936ms
[2024-05-30T13:42:32.213+0000][11291.632s][info][gc,marking  ] GC(2210) Concurrent Preclean
[2024-05-30T13:42:32.215+0000][11291.634s][info][gc,marking  ] GC(2210) Concurrent Preclean 2.117ms
[2024-05-30T13:42:32.215+0000][11291.635s][info][gc,start    ] GC(2210) Pause Remark
[2024-05-30T13:42:32.244+0000][11291.664s][info][gc          ] GC(2210) Pause Remark 7902M->7902M(12288M) 29.061ms
[2024-05-30T13:42:32.244+0000][11291.664s][info][gc,cpu      ] GC(2210) User=0.11s Sys=0.00s Real=0.03s
[2024-05-30T13:42:32.245+0000][11291.664s][info][gc,marking  ] GC(2210) Concurrent Mark 3856.734ms
[2024-05-30T13:42:32.245+0000][11291.664s][info][gc,marking  ] GC(2210) Concurrent Rebuild Remembered Sets
[2024-05-30T13:42:34.057+0000][11293.476s][info][gc,start    ] GC(2211) Pause Young (Normal) (G1 Evacuation Pause)
[2024-05-30T13:42:34.057+0000][11293.476s][info][gc,task     ] GC(2211) Using 6 workers of 6 for evacuation
[2024-05-30T13:42:34.076+0000][11293.495s][info][gc,phases   ] GC(2211)   Pre Evacuate Collection Set: 0.2ms
[2024-05-30T13:42:34.076+0000][11293.495s][info][gc,phases   ] GC(2211)   Merge Heap Roots: 0.3ms
[2024-05-30T13:42:34.076+0000][11293.495s][info][gc,phases   ] GC(2211)   Evacuate Collection Set: 16.7ms
[2024-05-30T13:42:34.076+0000][11293.495s][info][gc,phases   ] GC(2211)   Post Evacuate Collection Set: 1.8ms
[2024-05-30T13:42:34.076+0000][11293.495s][info][gc,phases   ] GC(2211)   Other: 0.2ms
[2024-05-30T13:42:34.076+0000][11293.495s][info][gc,heap     ] GC(2211) Eden regions: 739->0(738)
[2024-05-30T13:42:34.076+0000][11293.495s][info][gc,heap     ] GC(2211) Survivor regions: 8->9(94)
[2024-05-30T13:42:34.076+0000][11293.495s][info][gc,heap     ] GC(2211) Old regions: 462->462
[2024-05-30T13:42:34.076+0000][11293.495s][info][gc,heap     ] GC(2211) Archive regions: 2->2
[2024-05-30T13:42:34.076+0000][11293.495s][info][gc,heap     ] GC(2211) Humongous regions: 5->5
[2024-05-30T13:42:34.076+0000][11293.495s][info][gc,metaspace] GC(2211) Metaspace: 433685K(440000K)->433685K(440000K) NonClass: 379682K(383168K)->379682K(383168K) Class: 54002K(56832K)->54002K(56832K)
[2024-05-30T13:42:34.076+0000][11293.495s][info][gc          ] GC(2211) Pause Young (Normal) (G1 Evacuation Pause) 9705M->3800M(12288M) 19.189ms
[2024-05-30T13:42:34.076+0000][11293.495s][info][gc,cpu      ] GC(2211) User=0.11s Sys=0.00s Real=0.01s
[2024-05-30T13:42:34.138+0000][11293.557s][info][gc,marking  ] GC(2210) Concurrent Rebuild Remembered Sets 1893.270ms
[2024-05-30T13:42:34.140+0000][11293.559s][info][gc,start    ] GC(2210) Pause Cleanup
[2024-05-30T13:42:34.141+0000][11293.560s][info][gc          ] GC(2210) Pause Cleanup 3872M->3872M(12288M) 0.682ms
[2024-05-30T13:42:34.141+0000][11293.560s][info][gc,cpu      ] GC(2210) User=0.00s Sys=0.00s Real=0.00s
[2024-05-30T13:42:34.141+0000][11293.560s][info][gc,marking  ] GC(2210) Concurrent Cleanup for Next Mark
[2024-05-30T13:42:34.158+0000][11293.577s][info][gc,marking  ] GC(2210) Concurrent Cleanup for Next Mark 17.216ms
[2024-05-30T13:42:34.158+0000][11293.577s][info][gc          ] GC(2210) Concurrent Mark Cycle 5784.264ms
[2024-05-30T13:42:38.333+0000][11297.752s][info][gc,start    ] GC(2212) Pause Young (Prepare Mixed) (G1 Evacuation Pause)
[2024-05-30T13:42:38.333+0000][11297.752s][info][gc,task     ] GC(2212) Using 6 workers of 6 for evacuation
[2024-05-30T13:42:38.356+0000][11297.775s][info][gc,phases   ] GC(2212)   Pre Evacuate Collection Set: 0.2ms
[2024-05-30T13:42:38.356+0000][11297.775s][info][gc,phases   ] GC(2212)   Merge Heap Roots: 0.3ms
[2024-05-30T13:42:38.356+0000][11297.775s][info][gc,phases   ] GC(2212)   Evacuate Collection Set: 20.2ms
[2024-05-30T13:42:38.356+0000][11297.775s][info][gc,phases   ] GC(2212)   Post Evacuate Collection Set: 1.7ms
[2024-05-30T13:42:38.356+0000][11297.775s][info][gc,phases   ] GC(2212)   Other: 0.2ms
[2024-05-30T13:42:38.356+0000][11297.775s][info][gc,heap     ] GC(2212) Eden regions: 738->0(66)
[2024-05-30T13:42:38.356+0000][11297.775s][info][gc,heap     ] GC(2212) Survivor regions: 9->10(94)
[2024-05-30T13:42:38.356+0000][11297.775s][info][gc,heap     ] GC(2212) Old regions: 462->462
[2024-05-30T13:42:38.356+0000][11297.775s][info][gc,heap     ] GC(2212) Archive regions: 2->2
[2024-05-30T13:42:38.356+0000][11297.775s][info][gc,heap     ] GC(2212) Humongous regions: 5->5
[2024-05-30T13:42:38.356+0000][11297.775s][info][gc,metaspace] GC(2212) Metaspace: 433685K(440000K)->433685K(440000K) NonClass: 379682K(383168K)->379682K(383168K) Class: 54002K(56832K)->54002K(56832K)
[2024-05-30T13:42:38.356+0000][11297.775s][info][gc          ] GC(2212) Pause Young (Prepare Mixed) (G1 Evacuation Pause) 9704M->3813M(12288M) 22.672ms
[2024-05-30T13:42:38.356+0000][11297.775s][info][gc,cpu      ] GC(2212) User=0.13s Sys=0.00s Real=0.02s
[2024-05-30T13:42:38.786+0000][11298.205s][info][gc,start    ] GC(2213) Pause Young (Mixed) (G1 Evacuation Pause)
[2024-05-30T13:42:38.786+0000][11298.205s][info][gc,task     ] GC(2213) Using 6 workers of 6 for evacuation
[2024-05-30T13:42:38.847+0000][11298.266s][info][gc,phases   ] GC(2213)   Pre Evacuate Collection Set: 0.2ms
[2024-05-30T13:42:38.847+0000][11298.266s][info][gc,phases   ] GC(2213)   Merge Heap Roots: 0.3ms
[2024-05-30T13:42:38.847+0000][11298.266s][info][gc,phases   ] GC(2213)   Evacuate Collection Set: 59.0ms
[2024-05-30T13:42:38.847+0000][11298.266s][info][gc,phases   ] GC(2213)   Post Evacuate Collection Set: 1.2ms
[2024-05-30T13:42:38.847+0000][11298.266s][info][gc,phases   ] GC(2213)   Other: 0.2ms
[2024-05-30T13:42:38.847+0000][11298.266s][info][gc,heap     ] GC(2213) Eden regions: 66->0(745)
[2024-05-30T13:42:38.847+0000][11298.266s][info][gc,heap     ] GC(2213) Survivor regions: 10->6(10)
[2024-05-30T13:42:38.847+0000][11298.266s][info][gc,heap     ] GC(2213) Old regions: 462->458
[2024-05-30T13:42:38.847+0000][11298.266s][info][gc,heap     ] GC(2213) Archive regions: 2->2
[2024-05-30T13:42:38.847+0000][11298.266s][info][gc,heap     ] GC(2213) Humongous regions: 5->5
[2024-05-30T13:42:38.847+0000][11298.266s][info][gc,metaspace] GC(2213) Metaspace: 433685K(440000K)->433685K(440000K) NonClass: 379682K(383168K)->379682K(383168K) Class: 54002K(56832K)->54002K(56832K)
[2024-05-30T13:42:38.847+0000][11298.266s][info][gc          ] GC(2213) Pause Young (Mixed) (G1 Evacuation Pause) 4341M->3747M(12288M) 60.979ms
[2024-05-30T13:42:38.847+0000][11298.266s][info][gc,cpu      ] GC(2213) User=0.36s Sys=0.00s Real=0.06s
[2024-05-30T13:42:43.957+0000][11303.376s][info][gc,start    ] GC(2214) Pause Young (Normal) (G1 Evacuation Pause)
[2024-05-30T13:42:43.957+0000][11303.376s][info][gc,task     ] GC(2214) Using 6 workers of 6 for evacuation
[2024-05-30T13:42:43.971+0000][11303.390s][info][gc,phases   ] GC(2214)   Pre Evacuate Collection Set: 0.2ms
[2024-05-30T13:42:43.971+0000][11303.390s][info][gc,phases   ] GC(2214)   Merge Heap Roots: 0.2ms
[2024-05-30T13:42:43.971+0000][11303.390s][info][gc,phases   ] GC(2214)   Evacuate Collection Set: 11.6ms
[2024-05-30T13:42:43.971+0000][11303.390s][info][gc,phases   ] GC(2214)   Post Evacuate Collection Set: 1.7ms
[2024-05-30T13:42:43.971+0000][11303.390s][info][gc,phases   ] GC(2214)   Other: 0.2ms
[2024-05-30T13:42:43.971+0000][11303.390s][info][gc,heap     ] GC(2214) Eden regions: 745->0(743)
[2024-05-30T13:42:43.971+0000][11303.390s][info][gc,heap     ] GC(2214) Survivor regions: 6->8(94)
[2024-05-30T13:42:43.971+0000][11303.390s][info][gc,heap     ] GC(2214) Old regions: 458->458
[2024-05-30T13:42:43.971+0000][11303.390s][info][gc,heap     ] GC(2214) Archive regions: 2->2
[2024-05-30T13:42:43.971+0000][11303.390s][info][gc,heap     ] GC(2214) Humongous regions: 5->5
[2024-05-30T13:42:43.971+0000][11303.390s][info][gc,metaspace] GC(2214) Metaspace: 433689K(440000K)->433689K(440000K) NonClass: 379686K(383168K)->379686K(383168K) Class: 54002K(56832K)->54002K(56832K)
[2024-05-30T13:42:43.971+0000][11303.390s][info][gc          ] GC(2214) Pause Young (Normal) (G1 Evacuation Pause) 9707M->3763M(12288M) 14.018ms
[2024-05-30T13:42:43.971+0000][11303.390s][info][gc,cpu      ] GC(2214) User=0.08s Sys=0.00s Real=0.01s
[2024-05-30T13:42:48.967+0000][11308.387s][info][gc,start    ] GC(2215) Pause Young (Normal) (G1 Evacuation Pause)
[2024-05-30T13:42:48.967+0000][11308.387s][info][gc,task     ] GC(2215) Using 6 workers of 6 for evacuation
[2024-05-30T13:42:48.982+0000][11308.402s][info][gc,phases   ] GC(2215)   Pre Evacuate Collection Set: 0.2ms
[2024-05-30T13:42:48.982+0000][11308.402s][info][gc,phases   ] GC(2215)   Merge Heap Roots: 0.2ms
[2024-05-30T13:42:48.982+0000][11308.402s][info][gc,phases   ] GC(2215)   Evacuate Collection Set: 12.9ms
[2024-05-30T13:42:48.982+0000][11308.402s][info][gc,phases   ] GC(2215)   Post Evacuate Collection Set: 1.7ms
[2024-05-30T13:42:48.982+0000][11308.402s][info][gc,phases   ] GC(2215)   Other: 0.2ms
[2024-05-30T13:42:48.982+0000][11308.402s][info][gc,heap     ] GC(2215) Eden regions: 743->0(744)
[2024-05-30T13:42:48.983+0000][11308.402s][info][gc,heap     ] GC(2215) Survivor regions: 8->7(94)
[2024-05-30T13:42:48.983+0000][11308.402s][info][gc,heap     ] GC(2215) Old regions: 458->458
[2024-05-30T13:42:48.983+0000][11308.402s][info][gc,heap     ] GC(2215) Archive regions: 2->2
[2024-05-30T13:42:48.983+0000][11308.402s][info][gc,heap     ] GC(2215) Humongous regions: 5->5
[2024-05-30T13:42:48.983+0000][11308.402s][info][gc,metaspace] GC(2215) Metaspace: 433689K(440000K)->433689K(440000K) NonClass: 379686K(383168K)->379686K(383168K) Class: 54002K(56832K)->54002K(56832K)
[2024-05-30T13:42:48.983+0000][11308.402s][info][gc          ] GC(2215) Pause Young (Normal) (G1 Evacuation Pause) 9707M->3759M(12288M) 15.288ms
[2024-05-30T13:42:48.983+0000][11308.402s][info][gc,cpu      ] GC(2215) User=0.08s Sys=0.00s Real=0.02s
[2024-05-30T13:42:54.073+0000][11313.492s][info][gc,start    ] GC(2216) Pause Young (Concurrent Start) (G1 Evacuation Pause)
[2024-05-30T13:42:54.073+0000][11313.492s][info][gc,task     ] GC(2216) Using 6 workers of 6 for evacuation
[2024-05-30T13:42:54.093+0000][11313.512s][info][gc,phases   ] GC(2216)   Pre Evacuate Collection Set: 0.6ms
[2024-05-30T13:42:54.093+0000][11313.512s][info][gc,phases   ] GC(2216)   Merge Heap Roots: 0.2ms
[2024-05-30T13:42:54.093+0000][11313.512s][info][gc,phases   ] GC(2216)   Evacuate Collection Set: 16.9ms
[2024-05-30T13:42:54.093+0000][11313.512s][info][gc,phases   ] GC(2216)   Post Evacuate Collection Set: 2.1ms
[2024-05-30T13:42:54.093+0000][11313.512s][info][gc,phases   ] GC(2216)   Other: 0.3ms
[2024-05-30T13:42:54.093+0000][11313.512s][info][gc,heap     ] GC(2216) Eden regions: 744->0(739)
[2024-05-30T13:42:54.093+0000][11313.512s][info][gc,heap     ] GC(2216) Survivor regions: 7->11(94)
[2024-05-30T13:42:54.093+0000][11313.512s][info][gc,heap     ] GC(2216) Old regions: 458->458
[2024-05-30T13:42:54.093+0000][11313.512s][info][gc,heap     ] GC(2216) Archive regions: 2->2
[2024-05-30T13:42:54.093+0000][11313.512s][info][gc,heap     ] GC(2216) Humongous regions: 5->5
[2024-05-30T13:42:54.093+0000][11313.512s][info][gc,metaspace] GC(2216) Metaspace: 433690K(440000K)->433690K(440000K) NonClass: 379687K(383168K)->379687K(383168K) Class: 54002K(56832K)->54002K(56832K)
[2024-05-30T13:42:54.093+0000][11313.513s][info][gc          ] GC(2216) Pause Young (Concurrent Start) (G1 Evacuation Pause) 9711M->3784M(12288M) 20.173ms
[2024-05-30T13:42:54.093+0000][11313.513s][info][gc,cpu      ] GC(2216) User=0.12s Sys=0.00s Real=0.02s
[2024-05-30T13:42:54.093+0000][11313.513s][info][gc          ] GC(2217) Concurrent Mark Cycle
[2024-05-30T13:42:54.093+0000][11313.513s][info][gc,marking  ] GC(2217) Concurrent Clear Claimed Marks
[2024-05-30T13:42:54.094+0000][11313.513s][info][gc,marking  ] GC(2217) Concurrent Clear Claimed Marks 0.420ms
[2024-05-30T13:42:54.094+0000][11313.513s][info][gc,marking  ] GC(2217) Concurrent Scan Root Regions
[2024-05-30T13:42:54.111+0000][11313.530s][info][gc,marking  ] GC(2217) Concurrent Scan Root Regions 16.857ms
[2024-05-30T13:42:54.111+0000][11313.530s][info][gc,marking  ] GC(2217) Concurrent Mark
[2024-05-30T13:42:54.111+0000][11313.530s][info][gc,marking  ] GC(2217) Concurrent Mark From Roots
[2024-05-30T13:42:54.111+0000][11313.530s][info][gc,task     ] GC(2217) Using 2 workers of 2 for marking
[2024-05-30T13:42:57.881+0000][11317.300s][info][gc,marking  ] GC(2217) Concurrent Mark From Roots 3769.940ms
[2024-05-30T13:42:57.881+0000][11317.300s][info][gc,marking  ] GC(2217) Concurrent Preclean
[2024-05-30T13:42:57.882+0000][11317.301s][info][gc,marking  ] GC(2217) Concurrent Preclean 1.328ms
[2024-05-30T13:42:57.882+0000][11317.302s][info][gc,start    ] GC(2217) Pause Remark
[2024-05-30T13:42:57.907+0000][11317.326s][info][gc          ] GC(2217) Pause Remark 7576M->7576M(12288M) 24.687ms
[2024-05-30T13:42:57.907+0000][11317.326s][info][gc,cpu      ] GC(2217) User=0.10s Sys=0.00s Real=0.02s
[2024-05-30T13:42:57.907+0000][11317.326s][info][gc,marking  ] GC(2217) Concurrent Mark 3796.403ms
[2024-05-30T13:42:57.907+0000][11317.326s][info][gc,marking  ] GC(2217) Concurrent Rebuild Remembered Sets
[2024-05-30T13:42:59.833+0000][11319.252s][info][gc,marking  ] GC(2217) Concurrent Rebuild Remembered Sets 1925.469ms
[2024-05-30T13:42:59.833+0000][11319.252s][info][gc,start    ] GC(2217) Pause Cleanup
[2024-05-30T13:42:59.833+0000][11319.253s][info][gc          ] GC(2217) Pause Cleanup 9632M->9632M(12288M) 0.617ms
[2024-05-30T13:42:59.834+0000][11319.253s][info][gc,cpu      ] GC(2217) User=0.00s Sys=0.00s Real=0.00s
[2024-05-30T13:42:59.834+0000][11319.253s][info][gc,marking  ] GC(2217) Concurrent Cleanup for Next Mark
[2024-05-30T13:42:59.851+0000][11319.270s][info][gc,marking  ] GC(2217) Concurrent Cleanup for Next Mark 17.012ms
[2024-05-30T13:42:59.851+0000][11319.270s][info][gc          ] GC(2217) Concurrent Mark Cycle 5757.290ms
[2024-05-30T13:42:59.896+0000][11319.315s][info][gc,start    ] GC(2218) Pause Young (Prepare Mixed) (G1 Evacuation Pause)
[2024-05-30T13:42:59.896+0000][11319.315s][info][gc,task     ] GC(2218) Using 6 workers of 6 for evacuation
[2024-05-30T13:42:59.918+0000][11319.338s][info][gc,phases   ] GC(2218)   Pre Evacuate Collection Set: 0.2ms
[2024-05-30T13:42:59.918+0000][11319.338s][info][gc,phases   ] GC(2218)   Merge Heap Roots: 0.4ms
[2024-05-30T13:42:59.918+0000][11319.338s][info][gc,phases   ] GC(2218)   Evacuate Collection Set: 19.8ms
[2024-05-30T13:42:59.918+0000][11319.338s][info][gc,phases   ] GC(2218)   Post Evacuate Collection Set: 1.8ms
[2024-05-30T13:42:59.918+0000][11319.338s][info][gc,phases   ] GC(2218)   Other: 0.2ms
[2024-05-30T13:42:59.918+0000][11319.338s][info][gc,heap     ] GC(2218) Eden regions: 739->0(67)
[2024-05-30T13:42:59.918+0000][11319.338s][info][gc,heap     ] GC(2218) Survivor regions: 11->9(94)
[2024-05-30T13:42:59.918+0000][11319.338s][info][gc,heap     ] GC(2218) Old regions: 458->458
[2024-05-30T13:42:59.918+0000][11319.338s][info][gc,heap     ] GC(2218) Archive regions: 2->2
[2024-05-30T13:42:59.918+0000][11319.338s][info][gc,heap     ] GC(2218) Humongous regions: 5->5
[2024-05-30T13:42:59.918+0000][11319.338s][info][gc,metaspace] GC(2218) Metaspace: 433690K(440000K)->433690K(440000K) NonClass: 379687K(383168K)->379687K(383168K) Class: 54002K(56832K)->54002K(56832K)
[2024-05-30T13:42:59.918+0000][11319.338s][info][gc          ] GC(2218) Pause Young (Prepare Mixed) (G1 Evacuation Pause) 9696M->3775M(12288M) 22.417ms
[2024-05-30T13:42:59.918+0000][11319.338s][info][gc,cpu      ] GC(2218) User=0.13s Sys=0.00s Real=0.03s
[2024-05-30T13:43:00.373+0000][11319.792s][info][gc,start    ] GC(2219) Pause Young (Mixed) (G1 Evacuation Pause)
[2024-05-30T13:43:00.373+0000][11319.792s][info][gc,task     ] GC(2219) Using 6 workers of 6 for evacuation
[2024-05-30T13:43:00.436+0000][11319.855s][info][gc,phases   ] GC(2219)   Pre Evacuate Collection Set: 0.2ms
[2024-05-30T13:43:00.436+0000][11319.855s][info][gc,phases   ] GC(2219)   Merge Heap Roots: 0.4ms
[2024-05-30T13:43:00.436+0000][11319.855s][info][gc,phases   ] GC(2219)   Evacuate Collection Set: 60.9ms
[2024-05-30T13:43:00.436+0000][11319.855s][info][gc,phases   ] GC(2219)   Post Evacuate Collection Set: 1.3ms
[2024-05-30T13:43:00.436+0000][11319.855s][info][gc,phases   ] GC(2219)   Other: 0.2ms
[2024-05-30T13:43:00.436+0000][11319.855s][info][gc,heap     ] GC(2219) Eden regions: 67->0(747)
[2024-05-30T13:43:00.436+0000][11319.855s][info][gc,heap     ] GC(2219) Survivor regions: 9->5(10)
[2024-05-30T13:43:00.436+0000][11319.855s][info][gc,heap     ] GC(2219) Old regions: 458->456
[2024-05-30T13:43:00.436+0000][11319.855s][info][gc,heap     ] GC(2219) Archive regions: 2->2
[2024-05-30T13:43:00.436+0000][11319.855s][info][gc,heap     ] GC(2219) Humongous regions: 5->5
[2024-05-30T13:43:00.436+0000][11319.855s][info][gc,metaspace] GC(2219) Metaspace: 433690K(440000K)->433690K(440000K) NonClass: 379687K(383168K)->379687K(383168K) Class: 54002K(56832K)->54002K(56832K)
[2024-05-30T13:43:00.436+0000][11319.855s][info][gc          ] GC(2219) Pause Young (Mixed) (G1 Evacuation Pause) 4311M->3726M(12288M) 63.068ms
[2024-05-30T13:43:00.436+0000][11319.855s][info][gc,cpu      ] GC(2219) User=0.38s Sys=0.00s Real=0.06s
[2024-05-30T13:43:04.895+0000][11324.315s][info][gc,start    ] GC(2220) Pause Young (Normal) (G1 Evacuation Pause)
[2024-05-30T13:43:04.895+0000][11324.315s][info][gc,task     ] GC(2220) Using 6 workers of 6 for evacuation
[2024-05-30T13:43:04.911+0000][11324.330s][info][gc,phases   ] GC(2220)   Pre Evacuate Collection Set: 0.2ms
[2024-05-30T13:43:04.911+0000][11324.330s][info][gc,phases   ] GC(2220)   Merge Heap Roots: 0.2ms
[2024-05-30T13:43:04.911+0000][11324.330s][info][gc,phases   ] GC(2220)   Evacuate Collection Set: 13.1ms
[2024-05-30T13:43:04.911+0000][11324.330s][info][gc,phases   ] GC(2220)   Post Evacuate Collection Set: 2.2ms
[2024-05-30T13:43:04.911+0000][11324.330s][info][gc,phases   ] GC(2220)   Other: 0.2ms
[2024-05-30T13:43:04.911+0000][11324.330s][info][gc,heap     ] GC(2220) Eden regions: 747->0(746)
[2024-05-30T13:43:04.911+0000][11324.330s][info][gc,heap     ] GC(2220) Survivor regions: 5->7(94)
[2024-05-30T13:43:04.911+0000][11324.330s][info][gc,heap     ] GC(2220) Old regions: 456->456
[2024-05-30T13:43:04.911+0000][11324.330s][info][gc,heap     ] GC(2220) Archive regions: 2->2
[2024-05-30T13:43:04.911+0000][11324.330s][info][gc,heap     ] GC(2220) Humongous regions: 5->5
[2024-05-30T13:43:04.911+0000][11324.330s][info][gc,metaspace] GC(2220) Metaspace: 433690K(440000K)->433690K(440000K) NonClass: 379687K(383168K)->379687K(383168K) Class: 54002K(56832K)->54002K(56832K)
[2024-05-30T13:43:04.911+0000][11324.331s][info][gc          ] GC(2220) Pause Young (Normal) (G1 Evacuation Pause) 9702M->3738M(12288M) 15.898ms
[2024-05-30T13:43:04.911+0000][11324.331s][info][gc,cpu      ] GC(2220) User=0.09s Sys=0.00s Real=0.02s
[2024-05-30T13:43:07.155+0000][11326.574s][info][gc,start    ] GC(2221) Pause Young (Normal) (G1 Evacuation Pause)
[2024-05-30T13:43:07.155+0000][11326.574s][info][gc,task     ] GC(2221) Using 6 workers of 6 for evacuation
[2024-05-30T13:43:07.207+0000][11326.627s][info][gc,phases   ] GC(2221)   Pre Evacuate Collection Set: 0.2ms
[2024-05-30T13:43:07.207+0000][11326.627s][info][gc,phases   ] GC(2221)   Merge Heap Roots: 0.4ms
[2024-05-30T13:43:07.207+0000][11326.627s][info][gc,phases   ] GC(2221)   Evacuate Collection Set: 41.6ms
[2024-05-30T13:43:07.207+0000][11326.627s][info][gc,phases   ] GC(2221)   Post Evacuate Collection Set: 10.1ms
[2024-05-30T13:43:07.207+0000][11326.627s][info][gc,phases   ] GC(2221)   Other: 0.2ms
[2024-05-30T13:43:07.207+0000][11326.627s][info][gc,heap     ] GC(2221) Eden regions: 746->0(742)
[2024-05-30T13:43:07.207+0000][11326.627s][info][gc,heap     ] GC(2221) Survivor regions: 7->10(95)
[2024-05-30T13:43:07.207+0000][11326.627s][info][gc,heap     ] GC(2221) Old regions: 456->456
[2024-05-30T13:43:07.207+0000][11326.627s][info][gc,heap     ] GC(2221) Archive regions: 2->2
[2024-05-30T13:43:07.207+0000][11326.627s][info][gc,heap     ] GC(2221) Humongous regions: 5->5
[2024-05-30T13:43:07.207+0000][11326.627s][info][gc,metaspace] GC(2221) Metaspace: 433690K(440000K)->433690K(440000K) NonClass: 379687K(383168K)->379687K(383168K) Class: 54002K(56832K)->54002K(56832K)
[2024-05-30T13:43:07.207+0000][11326.627s][info][gc          ] GC(2221) Pause Young (Normal) (G1 Evacuation Pause) 9706M->3765M(12288M) 52.545ms
[2024-05-30T13:43:07.207+0000][11326.627s][info][gc,cpu      ] GC(2221) User=0.31s Sys=0.00s Real=0.05s
[2024-05-30T13:43:10.160+0000][11329.579s][info][gc,start    ] GC(2222) Pause Young (Concurrent Start) (G1 Evacuation Pause)
[2024-05-30T13:43:10.160+0000][11329.579s][info][gc,task     ] GC(2222) Using 6 workers of 6 for evacuation
[2024-05-30T13:43:10.196+0000][11329.615s][info][gc,phases   ] GC(2222)   Pre Evacuate Collection Set: 0.6ms
[2024-05-30T13:43:10.196+0000][11329.616s][info][gc,phases   ] GC(2222)   Merge Heap Roots: 0.4ms
[2024-05-30T13:43:10.196+0000][11329.616s][info][gc,phases   ] GC(2222)   Evacuate Collection Set: 29.7ms
[2024-05-30T13:43:10.196+0000][11329.616s][info][gc,phases   ] GC(2222)   Post Evacuate Collection Set: 5.1ms
[2024-05-30T13:43:10.196+0000][11329.616s][info][gc,phases   ] GC(2222)   Other: 0.3ms
[2024-05-30T13:43:10.196+0000][11329.616s][info][gc,heap     ] GC(2222) Eden regions: 742->0(744)
[2024-05-30T13:43:10.196+0000][11329.616s][info][gc,heap     ] GC(2222) Survivor regions: 10->8(94)
[2024-05-30T13:43:10.196+0000][11329.616s][info][gc,heap     ] GC(2222) Old regions: 456->456
[2024-05-30T13:43:10.196+0000][11329.616s][info][gc,heap     ] GC(2222) Archive regions: 2->2
[2024-05-30T13:43:10.196+0000][11329.616s][info][gc,heap     ] GC(2222) Humongous regions: 5->5
[2024-05-30T13:43:10.196+0000][11329.616s][info][gc,metaspace] GC(2222) Metaspace: 433690K(440000K)->433690K(440000K) NonClass: 379687K(383168K)->379687K(383168K) Class: 54002K(56832K)->54002K(56832K)
[2024-05-30T13:43:10.196+0000][11329.616s][info][gc          ] GC(2222) Pause Young (Concurrent Start) (G1 Evacuation Pause) 9701M->3748M(12288M) 36.219ms
[2024-05-30T13:43:10.196+0000][11329.616s][info][gc,cpu      ] GC(2222) User=0.20s Sys=0.00s Real=0.04s
[2024-05-30T13:43:10.197+0000][11329.616s][info][gc          ] GC(2223) Concurrent Mark Cycle
[2024-05-30T13:43:10.197+0000][11329.616s][info][gc,marking  ] GC(2223) Concurrent Clear Claimed Marks
[2024-05-30T13:43:10.197+0000][11329.616s][info][gc,marking  ] GC(2223) Concurrent Clear Claimed Marks 0.400ms
[2024-05-30T13:43:10.197+0000][11329.616s][info][gc,marking  ] GC(2223) Concurrent Scan Root Regions
[2024-05-30T13:43:10.221+0000][11329.641s][info][gc,marking  ] GC(2223) Concurrent Scan Root Regions 24.443ms
[2024-05-30T13:43:10.221+0000][11329.641s][info][gc,marking  ] GC(2223) Concurrent Mark
[2024-05-30T13:43:10.221+0000][11329.641s][info][gc,marking  ] GC(2223) Concurrent Mark From Roots
[2024-05-30T13:43:10.221+0000][11329.641s][info][gc,task     ] GC(2223) Using 2 workers of 2 for marking
[2024-05-30T13:43:13.979+0000][11333.399s][info][gc,start    ] GC(2224) Pause Young (Normal) (G1 Evacuation Pause)
[2024-05-30T13:43:13.980+0000][11333.399s][info][gc,task     ] GC(2224) Using 6 workers of 6 for evacuation
[2024-05-30T13:43:13.998+0000][11333.417s][info][gc,phases   ] GC(2224)   Pre Evacuate Collection Set: 0.2ms
[2024-05-30T13:43:13.998+0000][11333.417s][info][gc,phases   ] GC(2224)   Merge Heap Roots: 0.3ms
[2024-05-30T13:43:13.998+0000][11333.417s][info][gc,phases   ] GC(2224)   Evacuate Collection Set: 16.1ms
[2024-05-30T13:43:13.998+0000][11333.417s][info][gc,phases   ] GC(2224)   Post Evacuate Collection Set: 1.6ms
[2024-05-30T13:43:13.998+0000][11333.417s][info][gc,phases   ] GC(2224)   Other: 0.2ms
[2024-05-30T13:43:13.998+0000][11333.417s][info][gc,heap     ] GC(2224) Eden regions: 744->0(744)
[2024-05-30T13:43:13.998+0000][11333.417s][info][gc,heap     ] GC(2224) Survivor regions: 8->9(94)
[2024-05-30T13:43:13.998+0000][11333.417s][info][gc,heap     ] GC(2224) Old regions: 456->456
[2024-05-30T13:43:13.998+0000][11333.417s][info][gc,heap     ] GC(2224) Archive regions: 2->2
[2024-05-30T13:43:13.998+0000][11333.417s][info][gc,heap     ] GC(2224) Humongous regions: 5->5
[2024-05-30T13:43:13.998+0000][11333.417s][info][gc,metaspace] GC(2224) Metaspace: 433690K(440000K)->433690K(440000K) NonClass: 379687K(383168K)->379687K(383168K) Class: 54002K(56832K)->54002K(56832K)
[2024-05-30T13:43:13.998+0000][11333.417s][info][gc          ] GC(2224) Pause Young (Normal) (G1 Evacuation Pause) 9700M->3752M(12288M) 18.454ms
[2024-05-30T13:43:13.998+0000][11333.417s][info][gc,cpu      ] GC(2224) User=0.11s Sys=0.00s Real=0.02s
[2024-05-30T13:43:14.130+0000][11333.549s][info][gc,marking  ] GC(2223) Concurrent Mark From Roots 3908.763ms
[2024-05-30T13:43:14.130+0000][11333.550s][info][gc,marking  ] GC(2223) Concurrent Preclean
[2024-05-30T13:43:14.132+0000][11333.551s][info][gc,marking  ] GC(2223) Concurrent Preclean 1.842ms
[2024-05-30T13:43:14.132+0000][11333.552s][info][gc,start    ] GC(2223) Pause Remark
[2024-05-30T13:43:14.157+0000][11333.576s][info][gc          ] GC(2223) Pause Remark 3980M->3980M(12288M) 24.163ms
[2024-05-30T13:43:14.157+0000][11333.576s][info][gc,cpu      ] GC(2223) User=0.10s Sys=0.00s Real=0.03s
[2024-05-30T13:43:14.157+0000][11333.576s][info][gc,marking  ] GC(2223) Concurrent Mark 3935.289ms
[2024-05-30T13:43:14.157+0000][11333.576s][info][gc,marking  ] GC(2223) Concurrent Rebuild Remembered Sets
[2024-05-30T13:43:16.056+0000][11335.476s][info][gc,marking  ] GC(2223) Concurrent Rebuild Remembered Sets 1899.663ms
[2024-05-30T13:43:16.057+0000][11335.476s][info][gc,start    ] GC(2223) Pause Cleanup
[2024-05-30T13:43:16.057+0000][11335.477s][info][gc          ] GC(2223) Pause Cleanup 6440M->6440M(12288M) 0.667ms
[2024-05-30T13:43:16.057+0000][11335.477s][info][gc,cpu      ] GC(2223) User=0.00s Sys=0.00s Real=0.00s
[2024-05-30T13:43:16.057+0000][11335.477s][info][gc,marking  ] GC(2223) Concurrent Cleanup for Next Mark
[2024-05-30T13:43:16.074+0000][11335.494s][info][gc,marking  ] GC(2223) Concurrent Cleanup for Next Mark 16.896ms
[2024-05-30T13:43:16.074+0000][11335.494s][info][gc          ] GC(2223) Concurrent Mark Cycle 5877.818ms
[2024-05-30T13:43:18.836+0000][11338.255s][info][gc,start    ] GC(2225) Pause Young (Prepare Mixed) (G1 Evacuation Pause)
[2024-05-30T13:43:18.836+0000][11338.255s][info][gc,task     ] GC(2225) Using 6 workers of 6 for evacuation
[2024-05-30T13:43:18.854+0000][11338.273s][info][gc,phases   ] GC(2225)   Pre Evacuate Collection Set: 0.2ms
[2024-05-30T13:43:18.854+0000][11338.273s][info][gc,phases   ] GC(2225)   Merge Heap Roots: 0.3ms
[2024-05-30T13:43:18.854+0000][11338.273s][info][gc,phases   ] GC(2225)   Evacuate Collection Set: 15.9ms
[2024-05-30T13:43:18.854+0000][11338.273s][info][gc,phases   ] GC(2225)   Post Evacuate Collection Set: 1.8ms
[2024-05-30T13:43:18.854+0000][11338.273s][info][gc,phases   ] GC(2225)   Other: 0.2ms
[2024-05-30T13:43:18.854+0000][11338.273s][info][gc,heap     ] GC(2225) Eden regions: 744->0(67)
[2024-05-30T13:43:18.854+0000][11338.273s][info][gc,heap     ] GC(2225) Survivor regions: 9->9(95)
[2024-05-30T13:43:18.854+0000][11338.273s][info][gc,heap     ] GC(2225) Old regions: 456->456
[2024-05-30T13:43:18.854+0000][11338.273s][info][gc,heap     ] GC(2225) Archive regions: 2->2
[2024-05-30T13:43:18.854+0000][11338.273s][info][gc,heap     ] GC(2225) Humongous regions: 5->5
[2024-05-30T13:43:18.854+0000][11338.273s][info][gc,metaspace] GC(2225) Metaspace: 433690K(440000K)->433690K(440000K) NonClass: 379687K(383168K)->379687K(383168K) Class: 54002K(56832K)->54002K(56832K)
[2024-05-30T13:43:18.854+0000][11338.273s][info][gc          ] GC(2225) Pause Young (Prepare Mixed) (G1 Evacuation Pause) 9704M->3754M(12288M) 18.395ms
[2024-05-30T13:43:18.854+0000][11338.274s][info][gc,cpu      ] GC(2225) User=0.10s Sys=0.00s Real=0.02s
[2024-05-30T13:43:19.309+0000][11338.728s][info][gc,start    ] GC(2226) Pause Young (Mixed) (G1 Evacuation Pause)
[2024-05-30T13:43:19.309+0000][11338.728s][info][gc,task     ] GC(2226) Using 6 workers of 6 for evacuation
[2024-05-30T13:43:19.376+0000][11338.795s][info][gc,phases   ] GC(2226)   Pre Evacuate Collection Set: 0.2ms
[2024-05-30T13:43:19.376+0000][11338.795s][info][gc,phases   ] GC(2226)   Merge Heap Roots: 0.4ms
[2024-05-30T13:43:19.376+0000][11338.795s][info][gc,phases   ] GC(2226)   Evacuate Collection Set: 65.6ms
[2024-05-30T13:43:19.376+0000][11338.795s][info][gc,phases   ] GC(2226)   Post Evacuate Collection Set: 1.2ms
[2024-05-30T13:43:19.376+0000][11338.795s][info][gc,phases   ] GC(2226)   Other: 0.2ms
[2024-05-30T13:43:19.376+0000][11338.795s][info][gc,heap     ] GC(2226) Eden regions: 67->0(754)
[2024-05-30T13:43:19.376+0000][11338.795s][info][gc,heap     ] GC(2226) Survivor regions: 9->6(10)
[2024-05-30T13:43:19.376+0000][11338.795s][info][gc,heap     ] GC(2226) Old regions: 456->450
[2024-05-30T13:43:19.376+0000][11338.795s][info][gc,heap     ] GC(2226) Archive regions: 2->2
[2024-05-30T13:43:19.376+0000][11338.795s][info][gc,heap     ] GC(2226) Humongous regions: 5->5
[2024-05-30T13:43:19.376+0000][11338.795s][info][gc,metaspace] GC(2226) Metaspace: 433690K(440000K)->433690K(440000K) NonClass: 379687K(383168K)->379687K(383168K) Class: 54002K(56832K)->54002K(56832K)
[2024-05-30T13:43:19.376+0000][11338.795s][info][gc          ] GC(2226) Pause Young (Mixed) (G1 Evacuation Pause) 4290M->3687M(12288M) 67.652ms
[2024-05-30T13:43:19.376+0000][11338.796s][info][gc,cpu      ] GC(2226) User=0.40s Sys=0.01s Real=0.06s
[2024-05-30T13:43:24.507+0000][11343.926s][info][gc,start    ] GC(2227) Pause Young (Normal) (G1 Evacuation Pause)
[2024-05-30T13:43:24.507+0000][11343.926s][info][gc,task     ] GC(2227) Using 6 workers of 6 for evacuation
[2024-05-30T13:43:24.524+0000][11343.943s][info][gc,phases   ] GC(2227)   Pre Evacuate Collection Set: 0.2ms
[2024-05-30T13:43:24.524+0000][11343.943s][info][gc,phases   ] GC(2227)   Merge Heap Roots: 0.2ms
[2024-05-30T13:43:24.524+0000][11343.943s][info][gc,phases   ] GC(2227)   Evacuate Collection Set: 14.3ms
[2024-05-30T13:43:24.524+0000][11343.943s][info][gc,phases   ] GC(2227)   Post Evacuate Collection Set: 1.9ms
[2024-05-30T13:43:24.524+0000][11343.943s][info][gc,phases   ] GC(2227)   Other: 0.2ms
[2024-05-30T13:43:24.524+0000][11343.943s][info][gc,heap     ] GC(2227) Eden regions: 754->0(749)
[2024-05-30T13:43:24.524+0000][11343.943s][info][gc,heap     ] GC(2227) Survivor regions: 6->9(95)
[2024-05-30T13:43:24.524+0000][11343.943s][info][gc,heap     ] GC(2227) Old regions: 450->450
[2024-05-30T13:43:24.524+0000][11343.943s][info][gc,heap     ] GC(2227) Archive regions: 2->2
[2024-05-30T13:43:24.524+0000][11343.943s][info][gc,heap     ] GC(2227) Humongous regions: 5->5
[2024-05-30T13:43:24.524+0000][11343.943s][info][gc,metaspace] GC(2227) Metaspace: 433700K(440000K)->433700K(440000K) NonClass: 379697K(383168K)->379697K(383168K) Class: 54002K(56832K)->54002K(56832K)
[2024-05-30T13:43:24.524+0000][11343.943s][info][gc          ] GC(2227) Pause Young (Normal) (G1 Evacuation Pause) 9719M->3708M(12288M) 16.870ms
[2024-05-30T13:43:24.524+0000][11343.943s][info][gc,cpu      ] GC(2227) User=0.10s Sys=0.00s Real=0.02s
[2024-05-30T13:43:29.612+0000][11349.031s][info][gc,start    ] GC(2228) Pause Young (Normal) (G1 Evacuation Pause)
[2024-05-30T13:43:29.612+0000][11349.031s][info][gc,task     ] GC(2228) Using 6 workers of 6 for evacuation
[2024-05-30T13:43:29.630+0000][11349.050s][info][gc,phases   ] GC(2228)   Pre Evacuate Collection Set: 0.2ms
[2024-05-30T13:43:29.630+0000][11349.050s][info][gc,phases   ] GC(2228)   Merge Heap Roots: 0.2ms
[2024-05-30T13:43:29.630+0000][11349.050s][info][gc,phases   ] GC(2228)   Evacuate Collection Set: 16.0ms
[2024-05-30T13:43:29.630+0000][11349.050s][info][gc,phases   ] GC(2228)   Post Evacuate Collection Set: 2.1ms
[2024-05-30T13:43:29.630+0000][11349.050s][info][gc,phases   ] GC(2228)   Other: 0.2ms
[2024-05-30T13:43:29.630+0000][11349.050s][info][gc,heap     ] GC(2228) Eden regions: 749->0(748)
[2024-05-30T13:43:29.630+0000][11349.050s][info][gc,heap     ] GC(2228) Survivor regions: 9->10(95)
[2024-05-30T13:43:29.630+0000][11349.050s][info][gc,heap     ] GC(2228) Old regions: 450->450
[2024-05-30T13:43:29.630+0000][11349.050s][info][gc,heap     ] GC(2228) Archive regions: 2->2
[2024-05-30T13:43:29.630+0000][11349.050s][info][gc,heap     ] GC(2228) Humongous regions: 5->5
[2024-05-30T13:43:29.630+0000][11349.050s][info][gc,metaspace] GC(2228) Metaspace: 433701K(440000K)->433701K(440000K) NonClass: 379698K(383168K)->379698K(383168K) Class: 54002K(56832K)->54002K(56832K)
[2024-05-30T13:43:29.630+0000][11349.050s][info][gc          ] GC(2228) Pause Young (Normal) (G1 Evacuation Pause) 9700M->3722M(12288M) 18.707ms
[2024-05-30T13:43:29.631+0000][11349.050s][info][gc,cpu      ] GC(2228) User=0.10s Sys=0.00s Real=0.02s
[2024-05-30T13:43:34.608+0000][11354.027s][info][gc,start    ] GC(2229) Pause Young (Concurrent Start) (G1 Evacuation Pause)
[2024-05-30T13:43:34.608+0000][11354.027s][info][gc,task     ] GC(2229) Using 6 workers of 6 for evacuation
[2024-05-30T13:43:34.629+0000][11354.048s][info][gc,phases   ] GC(2229)   Pre Evacuate Collection Set: 0.6ms
[2024-05-30T13:43:34.629+0000][11354.048s][info][gc,phases   ] GC(2229)   Merge Heap Roots: 0.2ms
[2024-05-30T13:43:34.629+0000][11354.048s][info][gc,phases   ] GC(2229)   Evacuate Collection Set: 18.0ms
[2024-05-30T13:43:34.629+0000][11354.048s][info][gc,phases   ] GC(2229)   Post Evacuate Collection Set: 1.9ms
[2024-05-30T13:43:34.629+0000][11354.048s][info][gc,phases   ] GC(2229)   Other: 0.3ms
[2024-05-30T13:43:34.629+0000][11354.048s][info][gc,heap     ] GC(2229) Eden regions: 748->0(749)
[2024-05-30T13:43:34.629+0000][11354.048s][info][gc,heap     ] GC(2229) Survivor regions: 10->10(95)
[2024-05-30T13:43:34.629+0000][11354.048s][info][gc,heap     ] GC(2229) Old regions: 450->450
[2024-05-30T13:43:34.629+0000][11354.048s][info][gc,heap     ] GC(2229) Archive regions: 2->2
[2024-05-30T13:43:34.629+0000][11354.048s][info][gc,heap     ] GC(2229) Humongous regions: 5->5
[2024-05-30T13:43:34.629+0000][11354.048s][info][gc,metaspace] GC(2229) Metaspace: 433701K(440000K)->433701K(440000K) NonClass: 379698K(383168K)->379698K(383168K) Class: 54002K(56832K)->54002K(56832K)
[2024-05-30T13:43:34.629+0000][11354.048s][info][gc          ] GC(2229) Pause Young (Concurrent Start) (G1 Evacuation Pause) 9706M->3717M(12288M) 20.975ms
[2024-05-30T13:43:34.629+0000][11354.048s][info][gc,cpu      ] GC(2229) User=0.12s Sys=0.00s Real=0.03s
[2024-05-30T13:43:34.629+0000][11354.048s][info][gc          ] GC(2230) Concurrent Mark Cycle
[2024-05-30T13:43:34.629+0000][11354.048s][info][gc,marking  ] GC(2230) Concurrent Clear Claimed Marks
[2024-05-30T13:43:34.629+0000][11354.048s][info][gc,marking  ] GC(2230) Concurrent Clear Claimed Marks 0.407ms
[2024-05-30T13:43:34.629+0000][11354.048s][info][gc,marking  ] GC(2230) Concurrent Scan Root Regions
[2024-05-30T13:43:34.651+0000][11354.070s][info][gc,marking  ] GC(2230) Concurrent Scan Root Regions 22.095ms
[2024-05-30T13:43:34.651+0000][11354.071s][info][gc,marking  ] GC(2230) Concurrent Mark
[2024-05-30T13:43:34.651+0000][11354.071s][info][gc,marking  ] GC(2230) Concurrent Mark From Roots
[2024-05-30T13:43:34.651+0000][11354.071s][info][gc,task     ] GC(2230) Using 2 workers of 2 for marking
[2024-05-30T13:43:38.390+0000][11357.809s][info][gc,marking  ] GC(2230) Concurrent Mark From Roots 3738.256ms
[2024-05-30T13:43:38.390+0000][11357.809s][info][gc,marking  ] GC(2230) Concurrent Preclean
[2024-05-30T13:43:38.392+0000][11357.811s][info][gc,marking  ] GC(2230) Concurrent Preclean 2.081ms
[2024-05-30T13:43:38.392+0000][11357.811s][info][gc,start    ] GC(2230) Pause Remark
[2024-05-30T13:43:38.417+0000][11357.836s][info][gc          ] GC(2230) Pause Remark 7437M->7437M(12288M) 24.690ms
[2024-05-30T13:43:38.417+0000][11357.836s][info][gc,cpu      ] GC(2230) User=0.11s Sys=0.00s Real=0.03s
[2024-05-30T13:43:38.417+0000][11357.836s][info][gc,marking  ] GC(2230) Concurrent Mark 3765.475ms
[2024-05-30T13:43:38.417+0000][11357.836s][info][gc,marking  ] GC(2230) Concurrent Rebuild Remembered Sets
[2024-05-30T13:43:40.276+0000][11359.695s][info][gc,marking  ] GC(2230) Concurrent Rebuild Remembered Sets 1859.427ms
[2024-05-30T13:43:40.276+0000][11359.696s][info][gc,start    ] GC(2230) Pause Cleanup
[2024-05-30T13:43:40.277+0000][11359.696s][info][gc          ] GC(2230) Pause Cleanup 9433M->9433M(12288M) 0.637ms
[2024-05-30T13:43:40.277+0000][11359.696s][info][gc,cpu      ] GC(2230) User=0.00s Sys=0.00s Real=0.00s
[2024-05-30T13:43:40.277+0000][11359.696s][info][gc,marking  ] GC(2230) Concurrent Cleanup for Next Mark
[2024-05-30T13:43:40.295+0000][11359.714s][info][gc,marking  ] GC(2230) Concurrent Cleanup for Next Mark 17.385ms
[2024-05-30T13:43:40.295+0000][11359.714s][info][gc          ] GC(2230) Concurrent Mark Cycle 5666.058ms
[2024-05-30T13:43:40.506+0000][11359.925s][info][gc,start    ] GC(2231) Pause Young (Prepare Mixed) (G1 Evacuation Pause)
[2024-05-30T13:43:40.506+0000][11359.925s][info][gc,task     ] GC(2231) Using 6 workers of 6 for evacuation
[2024-05-30T13:43:40.530+0000][11359.949s][info][gc,phases   ] GC(2231)   Pre Evacuate Collection Set: 0.2ms
[2024-05-30T13:43:40.530+0000][11359.949s][info][gc,phases   ] GC(2231)   Merge Heap Roots: 0.3ms
[2024-05-30T13:43:40.530+0000][11359.949s][info][gc,phases   ] GC(2231)   Evacuate Collection Set: 21.2ms
[2024-05-30T13:43:40.530+0000][11359.949s][info][gc,phases   ] GC(2231)   Post Evacuate Collection Set: 1.8ms
[2024-05-30T13:43:40.530+0000][11359.949s][info][gc,phases   ] GC(2231)   Other: 0.2ms
[2024-05-30T13:43:40.530+0000][11359.949s][info][gc,heap     ] GC(2231) Eden regions: 749->0(64)
[2024-05-30T13:43:40.530+0000][11359.949s][info][gc,heap     ] GC(2231) Survivor regions: 10->12(95)
[2024-05-30T13:43:40.530+0000][11359.949s][info][gc,heap     ] GC(2231) Old regions: 450->450
[2024-05-30T13:43:40.530+0000][11359.949s][info][gc,heap     ] GC(2231) Archive regions: 2->2
[2024-05-30T13:43:40.530+0000][11359.949s][info][gc,heap     ] GC(2231) Humongous regions: 5->5
[2024-05-30T13:43:40.530+0000][11359.949s][info][gc,metaspace] GC(2231) Metaspace: 433701K(440000K)->433701K(440000K) NonClass: 379698K(383168K)->379698K(383168K) Class: 54002K(56832K)->54002K(56832K)
[2024-05-30T13:43:40.530+0000][11359.949s][info][gc          ] GC(2231) Pause Young (Prepare Mixed) (G1 Evacuation Pause) 9709M->3735M(12288M) 23.664ms
[2024-05-30T13:43:40.530+0000][11359.949s][info][gc,cpu      ] GC(2231) User=0.14s Sys=0.00s Real=0.03s
[2024-05-30T13:43:40.969+0000][11360.388s][info][gc,start    ] GC(2232) Pause Young (Mixed) (G1 Evacuation Pause)
[2024-05-30T13:43:40.969+0000][11360.388s][info][gc,task     ] GC(2232) Using 6 workers of 6 for evacuation
[2024-05-30T13:43:41.037+0000][11360.456s][info][gc,phases   ] GC(2232)   Pre Evacuate Collection Set: 0.2ms
[2024-05-30T13:43:41.037+0000][11360.456s][info][gc,phases   ] GC(2232)   Merge Heap Roots: 0.4ms
[2024-05-30T13:43:41.037+0000][11360.456s][info][gc,phases   ] GC(2232)   Evacuate Collection Set: 66.3ms
[2024-05-30T13:43:41.037+0000][11360.456s][info][gc,phases   ] GC(2232)   Post Evacuate Collection Set: 1.3ms
[2024-05-30T13:43:41.037+0000][11360.456s][info][gc,phases   ] GC(2232)   Other: 0.2ms
[2024-05-30T13:43:41.037+0000][11360.456s][info][gc,heap     ] GC(2232) Eden regions: 64->0(752)
[2024-05-30T13:43:41.037+0000][11360.456s][info][gc,heap     ] GC(2232) Survivor regions: 12->5(10)
[2024-05-30T13:43:41.037+0000][11360.456s][info][gc,heap     ] GC(2232) Old regions: 450->451
[2024-05-30T13:43:41.037+0000][11360.456s][info][gc,heap     ] GC(2232) Archive regions: 2->2
[2024-05-30T13:43:41.037+0000][11360.456s][info][gc,heap     ] GC(2232) Humongous regions: 5->5
[2024-05-30T13:43:41.037+0000][11360.456s][info][gc,metaspace] GC(2232) Metaspace: 433701K(440000K)->433701K(440000K) NonClass: 379698K(383168K)->379698K(383168K) Class: 54002K(56832K)->54002K(56832K)
[2024-05-30T13:43:41.037+0000][11360.456s][info][gc          ] GC(2232) Pause Young (Mixed) (G1 Evacuation Pause) 4247M->3683M(12288M) 68.391ms
[2024-05-30T13:43:41.037+0000][11360.456s][info][gc,cpu      ] GC(2232) User=0.41s Sys=0.00s Real=0.07s
[2024-05-30T13:43:46.152+0000][11365.571s][info][gc,start    ] GC(2233) Pause Young (Normal) (G1 Evacuation Pause)
[2024-05-30T13:43:46.152+0000][11365.571s][info][gc,task     ] GC(2233) Using 6 workers of 6 for evacuation
[2024-05-30T13:43:46.164+0000][11365.583s][info][gc,phases   ] GC(2233)   Pre Evacuate Collection Set: 0.2ms
[2024-05-30T13:43:46.164+0000][11365.583s][info][gc,phases   ] GC(2233)   Merge Heap Roots: 0.3ms
[2024-05-30T13:43:46.164+0000][11365.583s][info][gc,phases   ] GC(2233)   Evacuate Collection Set: 9.7ms
[2024-05-30T13:43:46.164+0000][11365.583s][info][gc,phases   ] GC(2233)   Post Evacuate Collection Set: 1.7ms
[2024-05-30T13:43:46.164+0000][11365.583s][info][gc,phases   ] GC(2233)   Other: 0.2ms
[2024-05-30T13:43:46.164+0000][11365.583s][info][gc,heap     ] GC(2233) Eden regions: 752->0(753)
[2024-05-30T13:43:46.164+0000][11365.583s][info][gc,heap     ] GC(2233) Survivor regions: 5->5(95)
[2024-05-30T13:43:46.164+0000][11365.583s][info][gc,heap     ] GC(2233) Old regions: 451->451
[2024-05-30T13:43:46.164+0000][11365.583s][info][gc,heap     ] GC(2233) Archive regions: 2->2
[2024-05-30T13:43:46.164+0000][11365.583s][info][gc,heap     ] GC(2233) Humongous regions: 5->5
[2024-05-30T13:43:46.164+0000][11365.583s][info][gc,metaspace] GC(2233) Metaspace: 433706K(440000K)->433706K(440000K) NonClass: 379704K(383168K)->379704K(383168K) Class: 54002K(56832K)->54002K(56832K)
[2024-05-30T13:43:46.164+0000][11365.583s][info][gc          ] GC(2233) Pause Young (Normal) (G1 Evacuation Pause) 9699M->3687M(12288M) 12.144ms
[2024-05-30T13:43:46.164+0000][11365.583s][info][gc,cpu      ] GC(2233) User=0.06s Sys=0.00s Real=0.01s
[2024-05-30T13:43:51.135+0000][11370.555s][info][gc,start    ] GC(2234) Pause Young (Normal) (G1 Evacuation Pause)
[2024-05-30T13:43:51.135+0000][11370.555s][info][gc,task     ] GC(2234) Using 6 workers of 6 for evacuation
[2024-05-30T13:43:51.150+0000][11370.569s][info][gc,phases   ] GC(2234)   Pre Evacuate Collection Set: 0.2ms
[2024-05-30T13:43:51.150+0000][11370.570s][info][gc,phases   ] GC(2234)   Merge Heap Roots: 0.2ms
[2024-05-30T13:43:51.150+0000][11370.570s][info][gc,phases   ] GC(2234)   Evacuate Collection Set: 12.6ms
[2024-05-30T13:43:51.150+0000][11370.570s][info][gc,phases   ] GC(2234)   Post Evacuate Collection Set: 1.7ms
[2024-05-30T13:43:51.150+0000][11370.570s][info][gc,phases   ] GC(2234)   Other: 0.2ms
[2024-05-30T13:43:51.150+0000][11370.570s][info][gc,heap     ] GC(2234) Eden regions: 753->0(751)
[2024-05-30T13:43:51.150+0000][11370.570s][info][gc,heap     ] GC(2234) Survivor regions: 5->7(95)
[2024-05-30T13:43:51.150+0000][11370.570s][info][gc,heap     ] GC(2234) Old regions: 451->451
[2024-05-30T13:43:51.150+0000][11370.570s][info][gc,heap     ] GC(2234) Archive regions: 2->2
[2024-05-30T13:43:51.150+0000][11370.570s][info][gc,heap     ] GC(2234) Humongous regions: 5->5
[2024-05-30T13:43:51.150+0000][11370.570s][info][gc,metaspace] GC(2234) Metaspace: 433706K(440000K)->433706K(440000K) NonClass: 379704K(383168K)->379704K(383168K) Class: 54002K(56832K)->54002K(56832K)
[2024-05-30T13:43:51.150+0000][11370.570s][info][gc          ] GC(2234) Pause Young (Normal) (G1 Evacuation Pause) 9711M->3704M(12288M) 14.982ms
[2024-05-30T13:43:51.150+0000][11370.570s][info][gc,cpu      ] GC(2234) User=0.09s Sys=0.00s Real=0.02s
[2024-05-30T13:43:55.207+0000][11374.626s][info][gc,start    ] GC(2235) Pause Young (Concurrent Start) (G1 Evacuation Pause)
[2024-05-30T13:43:55.207+0000][11374.626s][info][gc,task     ] GC(2235) Using 6 workers of 6 for evacuation
[2024-05-30T13:43:55.225+0000][11374.644s][info][gc,phases   ] GC(2235)   Pre Evacuate Collection Set: 0.6ms
[2024-05-30T13:43:55.225+0000][11374.644s][info][gc,phases   ] GC(2235)   Merge Heap Roots: 0.2ms
[2024-05-30T13:43:55.225+0000][11374.644s][info][gc,phases   ] GC(2235)   Evacuate Collection Set: 14.3ms
[2024-05-30T13:43:55.225+0000][11374.644s][info][gc,phases   ] GC(2235)   Post Evacuate Collection Set: 2.0ms
[2024-05-30T13:43:55.225+0000][11374.644s][info][gc,phases   ] GC(2235)   Other: 0.3ms
[2024-05-30T13:43:55.225+0000][11374.644s][info][gc,heap     ] GC(2235) Eden regions: 751->0(749)
[2024-05-30T13:43:55.225+0000][11374.644s][info][gc,heap     ] GC(2235) Survivor regions: 7->8(95)
[2024-05-30T13:43:55.225+0000][11374.644s][info][gc,heap     ] GC(2235) Old regions: 451->451
[2024-05-30T13:43:55.225+0000][11374.644s][info][gc,heap     ] GC(2235) Archive regions: 2->2
[2024-05-30T13:43:55.225+0000][11374.644s][info][gc,heap     ] GC(2235) Humongous regions: 5->5
[2024-05-30T13:43:55.225+0000][11374.644s][info][gc,metaspace] GC(2235) Metaspace: 433718K(440000K)->433718K(440000K) NonClass: 379715K(383168K)->379715K(383168K) Class: 54002K(56832K)->54002K(56832K)
[2024-05-30T13:43:55.225+0000][11374.644s][info][gc          ] GC(2235) Pause Young (Concurrent Start) (G1 Evacuation Pause) 9712M->3709M(12288M) 17.522ms
[2024-05-30T13:43:55.225+0000][11374.644s][info][gc,cpu      ] GC(2235) User=0.10s Sys=0.00s Real=0.02s
[2024-05-30T13:43:55.225+0000][11374.644s][info][gc          ] GC(2236) Concurrent Mark Cycle
[2024-05-30T13:43:55.225+0000][11374.644s][info][gc,marking  ] GC(2236) Concurrent Clear Claimed Marks
[2024-05-30T13:43:55.225+0000][11374.644s][info][gc,marking  ] GC(2236) Concurrent Clear Claimed Marks 0.417ms
[2024-05-30T13:43:55.225+0000][11374.644s][info][gc,marking  ] GC(2236) Concurrent Scan Root Regions
[2024-05-30T13:43:55.244+0000][11374.663s][info][gc,marking  ] GC(2236) Concurrent Scan Root Regions 18.760ms
[2024-05-30T13:43:55.244+0000][11374.663s][info][gc,marking  ] GC(2236) Concurrent Mark
[2024-05-30T13:43:55.244+0000][11374.663s][info][gc,marking  ] GC(2236) Concurrent Mark From Roots
[2024-05-30T13:43:55.244+0000][11374.663s][info][gc,task     ] GC(2236) Using 2 workers of 2 for marking
[2024-05-30T13:43:58.988+0000][11378.407s][info][gc,marking  ] GC(2236) Concurrent Mark From Roots 3743.497ms
[2024-05-30T13:43:58.988+0000][11378.407s][info][gc,marking  ] GC(2236) Concurrent Preclean
[2024-05-30T13:43:58.989+0000][11378.409s][info][gc,marking  ] GC(2236) Concurrent Preclean 1.790ms
[2024-05-30T13:43:58.990+0000][11378.409s][info][gc,start    ] GC(2236) Pause Remark
[2024-05-30T13:43:59.014+0000][11378.433s][info][gc          ] GC(2236) Pause Remark 7302M->7299M(12288M) 24.098ms
[2024-05-30T13:43:59.014+0000][11378.433s][info][gc,cpu      ] GC(2236) User=0.10s Sys=0.00s Real=0.02s
[2024-05-30T13:43:59.014+0000][11378.433s][info][gc,marking  ] GC(2236) Concurrent Mark 3769.983ms
[2024-05-30T13:43:59.014+0000][11378.433s][info][gc,marking  ] GC(2236) Concurrent Rebuild Remembered Sets
[2024-05-30T13:44:00.858+0000][11380.277s][info][gc,marking  ] GC(2236) Concurrent Rebuild Remembered Sets 1844.215ms
[2024-05-30T13:44:00.858+0000][11380.278s][info][gc,start    ] GC(2236) Pause Cleanup
[2024-05-30T13:44:00.859+0000][11380.278s][info][gc          ] GC(2236) Pause Cleanup 9352M->9352M(12288M) 0.640ms
[2024-05-30T13:44:00.859+0000][11380.278s][info][gc,cpu      ] GC(2236) User=0.00s Sys=0.00s Real=0.00s
[2024-05-30T13:44:00.859+0000][11380.278s][info][gc,marking  ] GC(2236) Concurrent Cleanup for Next Mark
[2024-05-30T13:44:00.876+0000][11380.295s][info][gc,marking  ] GC(2236) Concurrent Cleanup for Next Mark 16.885ms
[2024-05-30T13:44:00.876+0000][11380.295s][info][gc          ] GC(2236) Concurrent Mark Cycle 5651.353ms
[2024-05-30T13:44:01.148+0000][11380.567s][info][gc,start    ] GC(2237) Pause Young (Prepare Mixed) (G1 Evacuation Pause)
[2024-05-30T13:44:01.148+0000][11380.567s][info][gc,task     ] GC(2237) Using 6 workers of 6 for evacuation
[2024-05-30T13:44:01.167+0000][11380.587s][info][gc,phases   ] GC(2237)   Pre Evacuate Collection Set: 0.2ms
[2024-05-30T13:44:01.168+0000][11380.587s][info][gc,phases   ] GC(2237)   Merge Heap Roots: 0.3ms
[2024-05-30T13:44:01.168+0000][11380.587s][info][gc,phases   ] GC(2237)   Evacuate Collection Set: 16.8ms
[2024-05-30T13:44:01.168+0000][11380.587s][info][gc,phases   ] GC(2237)   Post Evacuate Collection Set: 1.8ms
[2024-05-30T13:44:01.168+0000][11380.587s][info][gc,phases   ] GC(2237)   Other: 0.2ms
[2024-05-30T13:44:01.168+0000][11380.587s][info][gc,heap     ] GC(2237) Eden regions: 749->0(68)
[2024-05-30T13:44:01.168+0000][11380.587s][info][gc,heap     ] GC(2237) Survivor regions: 8->8(95)
[2024-05-30T13:44:01.168+0000][11380.587s][info][gc,heap     ] GC(2237) Old regions: 450->450
[2024-05-30T13:44:01.168+0000][11380.587s][info][gc,heap     ] GC(2237) Archive regions: 2->2
[2024-05-30T13:44:01.168+0000][11380.587s][info][gc,heap     ] GC(2237) Humongous regions: 5->5
[2024-05-30T13:44:01.168+0000][11380.587s][info][gc,metaspace] GC(2237) Metaspace: 433718K(440000K)->433718K(440000K) NonClass: 379715K(383168K)->379715K(383168K) Class: 54002K(56832K)->54002K(56832K)
[2024-05-30T13:44:01.168+0000][11380.587s][info][gc          ] GC(2237) Pause Young (Prepare Mixed) (G1 Evacuation Pause) 9697M->3702M(12288M) 19.393ms
[2024-05-30T13:44:01.168+0000][11380.587s][info][gc,cpu      ] GC(2237) User=0.11s Sys=0.00s Real=0.02s
[2024-05-30T13:44:01.628+0000][11381.047s][info][gc,start    ] GC(2238) Pause Young (Mixed) (G1 Evacuation Pause)
[2024-05-30T13:44:01.628+0000][11381.047s][info][gc,task     ] GC(2238) Using 6 workers of 6 for evacuation
[2024-05-30T13:44:01.689+0000][11381.109s][info][gc,phases   ] GC(2238)   Pre Evacuate Collection Set: 0.2ms
[2024-05-30T13:44:01.689+0000][11381.109s][info][gc,phases   ] GC(2238)   Merge Heap Roots: 0.4ms
[2024-05-30T13:44:01.689+0000][11381.109s][info][gc,phases   ] GC(2238)   Evacuate Collection Set: 59.1ms
[2024-05-30T13:44:01.689+0000][11381.109s][info][gc,phases   ] GC(2238)   Post Evacuate Collection Set: 1.3ms
[2024-05-30T13:44:01.689+0000][11381.109s][info][gc,phases   ] GC(2238)   Other: 0.2ms
[2024-05-30T13:44:01.689+0000][11381.109s][info][gc,heap     ] GC(2238) Eden regions: 68->0(758)
[2024-05-30T13:44:01.689+0000][11381.109s][info][gc,heap     ] GC(2238) Survivor regions: 8->6(10)
[2024-05-30T13:44:01.689+0000][11381.109s][info][gc,heap     ] GC(2238) Old regions: 450->445
[2024-05-30T13:44:01.689+0000][11381.109s][info][gc,heap     ] GC(2238) Archive regions: 2->2
[2024-05-30T13:44:01.689+0000][11381.109s][info][gc,heap     ] GC(2238) Humongous regions: 5->5
[2024-05-30T13:44:01.689+0000][11381.109s][info][gc,metaspace] GC(2238) Metaspace: 433718K(440000K)->433718K(440000K) NonClass: 379715K(383168K)->379715K(383168K) Class: 54002K(56832K)->54002K(56832K)
[2024-05-30T13:44:01.689+0000][11381.109s][info][gc          ] GC(2238) Pause Young (Mixed) (G1 Evacuation Pause) 4246M->3649M(12288M) 61.294ms
[2024-05-30T13:44:01.690+0000][11381.109s][info][gc,cpu      ] GC(2238) User=0.36s Sys=0.00s Real=0.07s
[2024-05-30T13:44:06.861+0000][11386.280s][info][gc,start    ] GC(2239) Pause Young (Normal) (G1 Evacuation Pause)
[2024-05-30T13:44:06.861+0000][11386.280s][info][gc,task     ] GC(2239) Using 6 workers of 6 for evacuation
[2024-05-30T13:44:06.877+0000][11386.296s][info][gc,phases   ] GC(2239)   Pre Evacuate Collection Set: 0.2ms
[2024-05-30T13:44:06.877+0000][11386.296s][info][gc,phases   ] GC(2239)   Merge Heap Roots: 0.2ms
[2024-05-30T13:44:06.877+0000][11386.296s][info][gc,phases   ] GC(2239)   Evacuate Collection Set: 13.9ms
[2024-05-30T13:44:06.877+0000][11386.296s][info][gc,phases   ] GC(2239)   Post Evacuate Collection Set: 1.8ms
[2024-05-30T13:44:06.877+0000][11386.296s][info][gc,phases   ] GC(2239)   Other: 0.2ms
[2024-05-30T13:44:06.877+0000][11386.296s][info][gc,heap     ] GC(2239) Eden regions: 758->0(756)
[2024-05-30T13:44:06.877+0000][11386.296s][info][gc,heap     ] GC(2239) Survivor regions: 6->8(96)
[2024-05-30T13:44:06.877+0000][11386.296s][info][gc,heap     ] GC(2239) Old regions: 445->445
[2024-05-30T13:44:06.877+0000][11386.296s][info][gc,heap     ] GC(2239) Archive regions: 2->2
[2024-05-30T13:44:06.877+0000][11386.296s][info][gc,heap     ] GC(2239) Humongous regions: 5->5
[2024-05-30T13:44:06.877+0000][11386.296s][info][gc,metaspace] GC(2239) Metaspace: 433718K(440000K)->433718K(440000K) NonClass: 379715K(383168K)->379715K(383168K) Class: 54002K(56832K)->54002K(56832K)
[2024-05-30T13:44:06.877+0000][11386.296s][info][gc          ] GC(2239) Pause Young (Normal) (G1 Evacuation Pause) 9713M->3665M(12288M) 16.319ms
[2024-05-30T13:44:06.877+0000][11386.297s][info][gc,cpu      ] GC(2239) User=0.09s Sys=0.00s Real=0.02s
[2024-05-30T13:44:11.834+0000][11391.253s][info][gc,start    ] GC(2240) Pause Young (Normal) (G1 Evacuation Pause)
[2024-05-30T13:44:11.834+0000][11391.253s][info][gc,task     ] GC(2240) Using 6 workers of 6 for evacuation
[2024-05-30T13:44:11.852+0000][11391.271s][info][gc,phases   ] GC(2240)   Pre Evacuate Collection Set: 0.2ms
[2024-05-30T13:44:11.852+0000][11391.271s][info][gc,phases   ] GC(2240)   Merge Heap Roots: 0.2ms
[2024-05-30T13:44:11.852+0000][11391.271s][info][gc,phases   ] GC(2240)   Evacuate Collection Set: 16.1ms
[2024-05-30T13:44:11.852+0000][11391.271s][info][gc,phases   ] GC(2240)   Post Evacuate Collection Set: 1.7ms
[2024-05-30T13:44:11.852+0000][11391.271s][info][gc,phases   ] GC(2240)   Other: 0.2ms
[2024-05-30T13:44:11.852+0000][11391.271s][info][gc,heap     ] GC(2240) Eden regions: 756->0(754)
[2024-05-30T13:44:11.852+0000][11391.271s][info][gc,heap     ] GC(2240) Survivor regions: 8->10(96)
[2024-05-30T13:44:11.852+0000][11391.271s][info][gc,heap     ] GC(2240) Old regions: 445->445
[2024-05-30T13:44:11.852+0000][11391.271s][info][gc,heap     ] GC(2240) Archive regions: 2->2
[2024-05-30T13:44:11.852+0000][11391.271s][info][gc,heap     ] GC(2240) Humongous regions: 5->5
[2024-05-30T13:44:11.852+0000][11391.271s][info][gc,metaspace] GC(2240) Metaspace: 433718K(440000K)->433718K(440000K) NonClass: 379715K(383168K)->379715K(383168K) Class: 54002K(56832K)->54002K(56832K)
[2024-05-30T13:44:11.852+0000][11391.271s][info][gc          ] GC(2240) Pause Young (Normal) (G1 Evacuation Pause) 9713M->3679M(12288M) 18.460ms
[2024-05-30T13:44:11.852+0000][11391.271s][info][gc,cpu      ] GC(2240) User=0.10s Sys=0.00s Real=0.02s
[2024-05-30T13:44:16.895+0000][11396.314s][info][gc,start    ] GC(2241) Pause Young (Concurrent Start) (G1 Evacuation Pause)
[2024-05-30T13:44:16.895+0000][11396.314s][info][gc,task     ] GC(2241) Using 6 workers of 6 for evacuation
[2024-05-30T13:44:16.916+0000][11396.335s][info][gc,phases   ] GC(2241)   Pre Evacuate Collection Set: 0.5ms
[2024-05-30T13:44:16.916+0000][11396.335s][info][gc,phases   ] GC(2241)   Merge Heap Roots: 0.2ms
[2024-05-30T13:44:16.916+0000][11396.335s][info][gc,phases   ] GC(2241)   Evacuate Collection Set: 18.0ms
[2024-05-30T13:44:16.916+0000][11396.335s][info][gc,phases   ] GC(2241)   Post Evacuate Collection Set: 1.7ms
[2024-05-30T13:44:16.916+0000][11396.335s][info][gc,phases   ] GC(2241)   Other: 0.3ms
[2024-05-30T13:44:16.916+0000][11396.335s][info][gc,heap     ] GC(2241) Eden regions: 754->0(755)
[2024-05-30T13:44:16.916+0000][11396.335s][info][gc,heap     ] GC(2241) Survivor regions: 10->9(96)
[2024-05-30T13:44:16.916+0000][11396.335s][info][gc,heap     ] GC(2241) Old regions: 445->445
[2024-05-30T13:44:16.916+0000][11396.335s][info][gc,heap     ] GC(2241) Archive regions: 2->2
[2024-05-30T13:44:16.916+0000][11396.335s][info][gc,heap     ] GC(2241) Humongous regions: 5->5
[2024-05-30T13:44:16.916+0000][11396.335s][info][gc,metaspace] GC(2241) Metaspace: 433718K(440000K)->433718K(440000K) NonClass: 379715K(383168K)->379715K(383168K) Class: 54002K(56832K)->54002K(56832K)
[2024-05-30T13:44:16.916+0000][11396.335s][info][gc          ] GC(2241) Pause Young (Concurrent Start) (G1 Evacuation Pause) 9711M->3676M(12288M) 20.853ms
[2024-05-30T13:44:16.916+0000][11396.335s][info][gc,cpu      ] GC(2241) User=0.11s Sys=0.00s Real=0.02s
[2024-05-30T13:44:16.916+0000][11396.335s][info][gc          ] GC(2242) Concurrent Mark Cycle
[2024-05-30T13:44:16.916+0000][11396.335s][info][gc,marking  ] GC(2242) Concurrent Clear Claimed Marks
[2024-05-30T13:44:16.917+0000][11396.336s][info][gc,marking  ] GC(2242) Concurrent Clear Claimed Marks 0.398ms
[2024-05-30T13:44:16.917+0000][11396.336s][info][gc,marking  ] GC(2242) Concurrent Scan Root Regions
[2024-05-30T13:44:16.938+0000][11396.357s][info][gc,marking  ] GC(2242) Concurrent Scan Root Regions 21.564ms
[2024-05-30T13:44:16.938+0000][11396.357s][info][gc,marking  ] GC(2242) Concurrent Mark
[2024-05-30T13:44:16.938+0000][11396.357s][info][gc,marking  ] GC(2242) Concurrent Mark From Roots
[2024-05-30T13:44:16.938+0000][11396.357s][info][gc,task     ] GC(2242) Using 2 workers of 2 for marking
[2024-05-30T13:44:20.755+0000][11400.174s][info][gc,marking  ] GC(2242) Concurrent Mark From Roots 3816.477ms
[2024-05-30T13:44:20.755+0000][11400.174s][info][gc,marking  ] GC(2242) Concurrent Preclean
[2024-05-30T13:44:20.756+0000][11400.176s][info][gc,marking  ] GC(2242) Concurrent Preclean 1.779ms
[2024-05-30T13:44:20.757+0000][11400.176s][info][gc,start    ] GC(2242) Pause Remark
[2024-05-30T13:44:20.781+0000][11400.200s][info][gc          ] GC(2242) Pause Remark 7604M->7604M(12288M) 23.944ms
[2024-05-30T13:44:20.781+0000][11400.200s][info][gc,cpu      ] GC(2242) User=0.10s Sys=0.00s Real=0.02s
[2024-05-30T13:44:20.781+0000][11400.200s][info][gc,marking  ] GC(2242) Concurrent Mark 3842.604ms
[2024-05-30T13:44:20.781+0000][11400.200s][info][gc,marking  ] GC(2242) Concurrent Rebuild Remembered Sets
[2024-05-30T13:44:22.586+0000][11402.005s][info][gc,marking  ] GC(2242) Concurrent Rebuild Remembered Sets 1804.848ms
[2024-05-30T13:44:22.586+0000][11402.005s][info][gc,start    ] GC(2242) Pause Cleanup
[2024-05-30T13:44:22.587+0000][11402.006s][info][gc          ] GC(2242) Pause Cleanup 9516M->9516M(12288M) 0.607ms
[2024-05-30T13:44:22.587+0000][11402.006s][info][gc,cpu      ] GC(2242) User=0.00s Sys=0.00s Real=0.00s
[2024-05-30T13:44:22.587+0000][11402.006s][info][gc,marking  ] GC(2242) Concurrent Cleanup for Next Mark
[2024-05-30T13:44:22.604+0000][11402.023s][info][gc,marking  ] GC(2242) Concurrent Cleanup for Next Mark 16.898ms
[2024-05-30T13:44:22.604+0000][11402.023s][info][gc          ] GC(2242) Concurrent Mark Cycle 5687.430ms
[2024-05-30T13:44:22.754+0000][11402.174s][info][gc,start    ] GC(2243) Pause Young (Prepare Mixed) (G1 Evacuation Pause)
[2024-05-30T13:44:22.754+0000][11402.174s][info][gc,task     ] GC(2243) Using 6 workers of 6 for evacuation
[2024-05-30T13:44:22.782+0000][11402.202s][info][gc,phases   ] GC(2243)   Pre Evacuate Collection Set: 0.2ms
[2024-05-30T13:44:22.782+0000][11402.202s][info][gc,phases   ] GC(2243)   Merge Heap Roots: 0.3ms
[2024-05-30T13:44:22.782+0000][11402.202s][info][gc,phases   ] GC(2243)   Evacuate Collection Set: 25.4ms
[2024-05-30T13:44:22.782+0000][11402.202s][info][gc,phases   ] GC(2243)   Post Evacuate Collection Set: 1.9ms
[2024-05-30T13:44:22.782+0000][11402.202s][info][gc,phases   ] GC(2243)   Other: 0.2ms
[2024-05-30T13:44:22.782+0000][11402.202s][info][gc,heap     ] GC(2243) Eden regions: 755->0(64)
[2024-05-30T13:44:22.782+0000][11402.202s][info][gc,heap     ] GC(2243) Survivor regions: 9->12(96)
[2024-05-30T13:44:22.782+0000][11402.202s][info][gc,heap     ] GC(2243) Old regions: 445->445
[2024-05-30T13:44:22.782+0000][11402.202s][info][gc,heap     ] GC(2243) Archive regions: 2->2
[2024-05-30T13:44:22.782+0000][11402.202s][info][gc,heap     ] GC(2243) Humongous regions: 5->5
[2024-05-30T13:44:22.782+0000][11402.202s][info][gc,metaspace] GC(2243) Metaspace: 433718K(440000K)->433718K(440000K) NonClass: 379715K(383168K)->379715K(383168K) Class: 54002K(56832K)->54002K(56832K)
[2024-05-30T13:44:22.782+0000][11402.202s][info][gc          ] GC(2243) Pause Young (Prepare Mixed) (G1 Evacuation Pause) 9716M->3700M(12288M) 28.074ms
[2024-05-30T13:44:22.783+0000][11402.202s][info][gc,cpu      ] GC(2243) User=0.16s Sys=0.00s Real=0.03s
[2024-05-30T13:44:23.198+0000][11402.617s][info][gc,start    ] GC(2244) Pause Young (Mixed) (G1 Evacuation Pause)
[2024-05-30T13:44:23.198+0000][11402.617s][info][gc,task     ] GC(2244) Using 6 workers of 6 for evacuation
[2024-05-30T13:44:23.266+0000][11402.685s][info][gc,phases   ] GC(2244)   Pre Evacuate Collection Set: 0.2ms
[2024-05-30T13:44:23.266+0000][11402.685s][info][gc,phases   ] GC(2244)   Merge Heap Roots: 0.4ms
[2024-05-30T13:44:23.266+0000][11402.685s][info][gc,phases   ] GC(2244)   Evacuate Collection Set: 66.3ms
[2024-05-30T13:44:23.266+0000][11402.685s][info][gc,phases   ] GC(2244)   Post Evacuate Collection Set: 1.4ms
[2024-05-30T13:44:23.266+0000][11402.685s][info][gc,phases   ] GC(2244)   Other: 0.2ms
[2024-05-30T13:44:23.266+0000][11402.685s][info][gc,heap     ] GC(2244) Eden regions: 64->0(754)
[2024-05-30T13:44:23.266+0000][11402.685s][info][gc,heap     ] GC(2244) Survivor regions: 12->6(10)
[2024-05-30T13:44:23.266+0000][11402.685s][info][gc,heap     ] GC(2244) Old regions: 445->448
[2024-05-30T13:44:23.266+0000][11402.685s][info][gc,heap     ] GC(2244) Archive regions: 2->2
[2024-05-30T13:44:23.266+0000][11402.685s][info][gc,heap     ] GC(2244) Humongous regions: 5->5
[2024-05-30T13:44:23.266+0000][11402.685s][info][gc,metaspace] GC(2244) Metaspace: 433718K(440000K)->433718K(440000K) NonClass: 379715K(383168K)->379715K(383168K) Class: 54002K(56832K)->54002K(56832K)
[2024-05-30T13:44:23.266+0000][11402.685s][info][gc          ] GC(2244) Pause Young (Mixed) (G1 Evacuation Pause) 4212M->3665M(12288M) 68.457ms
[2024-05-30T13:44:23.266+0000][11402.685s][info][gc,cpu      ] GC(2244) User=0.41s Sys=0.00s Real=0.06s
[2024-05-30T13:44:28.345+0000][11407.764s][info][gc,start    ] GC(2245) Pause Young (Normal) (G1 Evacuation Pause)
[2024-05-30T13:44:28.345+0000][11407.764s][info][gc,task     ] GC(2245) Using 6 workers of 6 for evacuation
[2024-05-30T13:44:28.357+0000][11407.776s][info][gc,phases   ] GC(2245)   Pre Evacuate Collection Set: 0.2ms
[2024-05-30T13:44:28.357+0000][11407.776s][info][gc,phases   ] GC(2245)   Merge Heap Roots: 0.2ms
[2024-05-30T13:44:28.357+0000][11407.776s][info][gc,phases   ] GC(2245)   Evacuate Collection Set: 9.3ms
[2024-05-30T13:44:28.357+0000][11407.776s][info][gc,phases   ] GC(2245)   Post Evacuate Collection Set: 1.8ms
[2024-05-30T13:44:28.357+0000][11407.776s][info][gc,phases   ] GC(2245)   Other: 0.2ms
[2024-05-30T13:44:28.357+0000][11407.776s][info][gc,heap     ] GC(2245) Eden regions: 754->0(755)
[2024-05-30T13:44:28.357+0000][11407.776s][info][gc,heap     ] GC(2245) Survivor regions: 6->5(95)
[2024-05-30T13:44:28.357+0000][11407.776s][info][gc,heap     ] GC(2245) Old regions: 448->448
[2024-05-30T13:44:28.357+0000][11407.776s][info][gc,heap     ] GC(2245) Archive regions: 2->2
[2024-05-30T13:44:28.357+0000][11407.776s][info][gc,heap     ] GC(2245) Humongous regions: 5->5
[2024-05-30T13:44:28.357+0000][11407.776s][info][gc,metaspace] GC(2245) Metaspace: 433718K(440000K)->433718K(440000K) NonClass: 379715K(383168K)->379715K(383168K) Class: 54002K(56832K)->54002K(56832K)
[2024-05-30T13:44:28.357+0000][11407.776s][info][gc          ] GC(2245) Pause Young (Normal) (G1 Evacuation Pause) 9697M->3660M(12288M) 11.678ms
[2024-05-30T13:44:28.357+0000][11407.776s][info][gc,cpu      ] GC(2245) User=0.07s Sys=0.00s Real=0.02s
[2024-05-30T13:44:33.244+0000][11412.664s][info][gc,start    ] GC(2246) Pause Young (Normal) (G1 Evacuation Pause)
[2024-05-30T13:44:33.244+0000][11412.664s][info][gc,task     ] GC(2246) Using 6 workers of 6 for evacuation
[2024-05-30T13:44:33.258+0000][11412.677s][info][gc,phases   ] GC(2246)   Pre Evacuate Collection Set: 0.2ms
[2024-05-30T13:44:33.258+0000][11412.677s][info][gc,phases   ] GC(2246)   Merge Heap Roots: 0.2ms
[2024-05-30T13:44:33.258+0000][11412.677s][info][gc,phases   ] GC(2246)   Evacuate Collection Set: 11.4ms
[2024-05-30T13:44:33.258+0000][11412.677s][info][gc,phases   ] GC(2246)   Post Evacuate Collection Set: 1.6ms
[2024-05-30T13:44:33.258+0000][11412.677s][info][gc,phases   ] GC(2246)   Other: 0.2ms
[2024-05-30T13:44:33.258+0000][11412.677s][info][gc,heap     ] GC(2246) Eden regions: 755->0(754)
[2024-05-30T13:44:33.258+0000][11412.677s][info][gc,heap     ] GC(2246) Survivor regions: 5->7(95)
[2024-05-30T13:44:33.258+0000][11412.677s][info][gc,heap     ] GC(2246) Old regions: 448->448
[2024-05-30T13:44:33.258+0000][11412.677s][info][gc,heap     ] GC(2246) Archive regions: 2->2
[2024-05-30T13:44:33.258+0000][11412.677s][info][gc,heap     ] GC(2246) Humongous regions: 5->5
[2024-05-30T13:44:33.258+0000][11412.677s][info][gc,metaspace] GC(2246) Metaspace: 433718K(440000K)->433718K(440000K) NonClass: 379715K(383168K)->379715K(383168K) Class: 54002K(56832K)->54002K(56832K)
[2024-05-30T13:44:33.258+0000][11412.677s][info][gc          ] GC(2246) Pause Young (Normal) (G1 Evacuation Pause) 9700M->3674M(12288M) 13.708ms
[2024-05-30T13:44:33.258+0000][11412.677s][info][gc,cpu      ] GC(2246) User=0.07s Sys=0.01s Real=0.02s
[2024-05-30T13:44:38.319+0000][11417.739s][info][gc,start    ] GC(2247) Pause Young (Concurrent Start) (G1 Evacuation Pause)
[2024-05-30T13:44:38.319+0000][11417.739s][info][gc,task     ] GC(2247) Using 6 workers of 6 for evacuation
[2024-05-30T13:44:38.336+0000][11417.755s][info][gc,phases   ] GC(2247)   Pre Evacuate Collection Set: 0.5ms
[2024-05-30T13:44:38.336+0000][11417.755s][info][gc,phases   ] GC(2247)   Merge Heap Roots: 0.2ms
[2024-05-30T13:44:38.336+0000][11417.756s][info][gc,phases   ] GC(2247)   Evacuate Collection Set: 14.1ms
[2024-05-30T13:44:38.336+0000][11417.756s][info][gc,phases   ] GC(2247)   Post Evacuate Collection Set: 1.7ms
[2024-05-30T13:44:38.336+0000][11417.756s][info][gc,phases   ] GC(2247)   Other: 0.3ms
[2024-05-30T13:44:38.336+0000][11417.756s][info][gc,heap     ] GC(2247) Eden regions: 754->0(754)
[2024-05-30T13:44:38.336+0000][11417.756s][info][gc,heap     ] GC(2247) Survivor regions: 7->7(96)
[2024-05-30T13:44:38.336+0000][11417.756s][info][gc,heap     ] GC(2247) Old regions: 448->448
[2024-05-30T13:44:38.336+0000][11417.756s][info][gc,heap     ] GC(2247) Archive regions: 2->2
[2024-05-30T13:44:38.336+0000][11417.756s][info][gc,heap     ] GC(2247) Humongous regions: 5->5
[2024-05-30T13:44:38.336+0000][11417.756s][info][gc,metaspace] GC(2247) Metaspace: 433718K(440000K)->433718K(440000K) NonClass: 379715K(383168K)->379715K(383168K) Class: 54002K(56832K)->54002K(56832K)
[2024-05-30T13:44:38.336+0000][11417.756s][info][gc          ] GC(2247) Pause Young (Concurrent Start) (G1 Evacuation Pause) 9706M->3676M(12288M) 16.998ms
[2024-05-30T13:44:38.336+0000][11417.756s][info][gc,cpu      ] GC(2247) User=0.10s Sys=0.00s Real=0.02s
[2024-05-30T13:44:38.336+0000][11417.756s][info][gc          ] GC(2248) Concurrent Mark Cycle
[2024-05-30T13:44:38.336+0000][11417.756s][info][gc,marking  ] GC(2248) Concurrent Clear Claimed Marks
[2024-05-30T13:44:38.337+0000][11417.756s][info][gc,marking  ] GC(2248) Concurrent Clear Claimed Marks 0.392ms
[2024-05-30T13:44:38.337+0000][11417.756s][info][gc,marking  ] GC(2248) Concurrent Scan Root Regions
[2024-05-30T13:44:38.351+0000][11417.771s][info][gc,marking  ] GC(2248) Concurrent Scan Root Regions 14.563ms
[2024-05-30T13:44:38.351+0000][11417.771s][info][gc,marking  ] GC(2248) Concurrent Mark
[2024-05-30T13:44:38.351+0000][11417.771s][info][gc,marking  ] GC(2248) Concurrent Mark From Roots
[2024-05-30T13:44:38.352+0000][11417.771s][info][gc,task     ] GC(2248) Using 2 workers of 2 for marking
[2024-05-30T13:44:42.136+0000][11421.555s][info][gc,marking  ] GC(2248) Concurrent Mark From Roots 3784.108ms
[2024-05-30T13:44:42.136+0000][11421.555s][info][gc,marking  ] GC(2248) Concurrent Preclean
[2024-05-30T13:44:42.137+0000][11421.556s][info][gc,marking  ] GC(2248) Concurrent Preclean 1.509ms
[2024-05-30T13:44:42.137+0000][11421.557s][info][gc,start    ] GC(2248) Pause Remark
[2024-05-30T13:44:42.161+0000][11421.580s][info][gc          ] GC(2248) Pause Remark 7444M->7442M(12288M) 23.900ms
[2024-05-30T13:44:42.161+0000][11421.581s][info][gc,cpu      ] GC(2248) User=0.11s Sys=0.00s Real=0.02s
[2024-05-30T13:44:42.161+0000][11421.581s][info][gc,marking  ] GC(2248) Concurrent Mark 3809.952ms
[2024-05-30T13:44:42.161+0000][11421.581s][info][gc,marking  ] GC(2248) Concurrent Rebuild Remembered Sets
[2024-05-30T13:44:44.000+0000][11423.419s][info][gc,marking  ] GC(2248) Concurrent Rebuild Remembered Sets 1838.152ms
[2024-05-30T13:44:44.000+0000][11423.419s][info][gc,start    ] GC(2248) Pause Cleanup
[2024-05-30T13:44:44.000+0000][11423.420s][info][gc          ] GC(2248) Pause Cleanup 9482M->9482M(12288M) 0.609ms
[2024-05-30T13:44:44.000+0000][11423.420s][info][gc,cpu      ] GC(2248) User=0.00s Sys=0.00s Real=0.00s
[2024-05-30T13:44:44.001+0000][11423.420s][info][gc,marking  ] GC(2248) Concurrent Cleanup for Next Mark
[2024-05-30T13:44:44.017+0000][11423.437s][info][gc,marking  ] GC(2248) Concurrent Cleanup for Next Mark 16.916ms
[2024-05-30T13:44:44.018+0000][11423.437s][info][gc          ] GC(2248) Concurrent Mark Cycle 5681.067ms
[2024-05-30T13:44:44.198+0000][11423.617s][info][gc,start    ] GC(2249) Pause Young (Prepare Mixed) (G1 Evacuation Pause)
[2024-05-30T13:44:44.198+0000][11423.617s][info][gc,task     ] GC(2249) Using 6 workers of 6 for evacuation
[2024-05-30T13:44:44.217+0000][11423.636s][info][gc,phases   ] GC(2249)   Pre Evacuate Collection Set: 0.2ms
[2024-05-30T13:44:44.217+0000][11423.636s][info][gc,phases   ] GC(2249)   Merge Heap Roots: 0.3ms
[2024-05-30T13:44:44.217+0000][11423.636s][info][gc,phases   ] GC(2249)   Evacuate Collection Set: 16.5ms
[2024-05-30T13:44:44.217+0000][11423.636s][info][gc,phases   ] GC(2249)   Post Evacuate Collection Set: 1.8ms
[2024-05-30T13:44:44.217+0000][11423.636s][info][gc,phases   ] GC(2249)   Other: 0.2ms
[2024-05-30T13:44:44.217+0000][11423.636s][info][gc,heap     ] GC(2249) Eden regions: 754->0(68)
[2024-05-30T13:44:44.217+0000][11423.636s][info][gc,heap     ] GC(2249) Survivor regions: 7->8(96)
[2024-05-30T13:44:44.217+0000][11423.636s][info][gc,heap     ] GC(2249) Old regions: 447->447
[2024-05-30T13:44:44.217+0000][11423.636s][info][gc,heap     ] GC(2249) Archive regions: 2->2
[2024-05-30T13:44:44.217+0000][11423.636s][info][gc,heap     ] GC(2249) Humongous regions: 5->5
[2024-05-30T13:44:44.217+0000][11423.636s][info][gc,metaspace] GC(2249) Metaspace: 433718K(440000K)->433718K(440000K) NonClass: 379715K(383168K)->379715K(383168K) Class: 54002K(56832K)->54002K(56832K)
[2024-05-30T13:44:44.217+0000][11423.636s][info][gc          ] GC(2249) Pause Young (Prepare Mixed) (G1 Evacuation Pause) 9706M->3681M(12288M) 19.036ms
[2024-05-30T13:44:44.217+0000][11423.636s][info][gc,cpu      ] GC(2249) User=0.11s Sys=0.00s Real=0.02s
[2024-05-30T13:44:44.670+0000][11424.089s][info][gc,start    ] GC(2250) Pause Young (Mixed) (G1 Evacuation Pause)
[2024-05-30T13:44:44.670+0000][11424.089s][info][gc,task     ] GC(2250) Using 6 workers of 6 for evacuation
[2024-05-30T13:44:44.729+0000][11424.148s][info][gc,phases   ] GC(2250)   Pre Evacuate Collection Set: 0.2ms
[2024-05-30T13:44:44.729+0000][11424.148s][info][gc,phases   ] GC(2250)   Merge Heap Roots: 0.5ms
[2024-05-30T13:44:44.729+0000][11424.148s][info][gc,phases   ] GC(2250)   Evacuate Collection Set: 57.2ms
[2024-05-30T13:44:44.729+0000][11424.148s][info][gc,phases   ] GC(2250)   Post Evacuate Collection Set: 1.3ms
[2024-05-30T13:44:44.729+0000][11424.148s][info][gc,phases   ] GC(2250)   Other: 0.2ms
[2024-05-30T13:44:44.729+0000][11424.148s][info][gc,heap     ] GC(2250) Eden regions: 68->0(760)
[2024-05-30T13:44:44.729+0000][11424.148s][info][gc,heap     ] GC(2250) Survivor regions: 8->6(10)
[2024-05-30T13:44:44.729+0000][11424.148s][info][gc,heap     ] GC(2250) Old regions: 447->444
[2024-05-30T13:44:44.729+0000][11424.148s][info][gc,heap     ] GC(2250) Archive regions: 2->2
[2024-05-30T13:44:44.729+0000][11424.148s][info][gc,heap     ] GC(2250) Humongous regions: 5->5
[2024-05-30T13:44:44.729+0000][11424.148s][info][gc,metaspace] GC(2250) Metaspace: 433718K(440000K)->433718K(440000K) NonClass: 379715K(383168K)->379715K(383168K) Class: 54002K(56832K)->54002K(56832K)
[2024-05-30T13:44:44.729+0000][11424.148s][info][gc          ] GC(2250) Pause Young (Mixed) (G1 Evacuation Pause) 4225M->3641M(12288M) 59.361ms
[2024-05-30T13:44:44.729+0000][11424.148s][info][gc,cpu      ] GC(2250) User=0.36s Sys=0.00s Real=0.06s
[2024-05-30T13:44:49.800+0000][11429.219s][info][gc,start    ] GC(2251) Pause Young (Normal) (G1 Evacuation Pause)
[2024-05-30T13:44:49.800+0000][11429.219s][info][gc,task     ] GC(2251) Using 6 workers of 6 for evacuation
[2024-05-30T13:44:49.816+0000][11429.235s][info][gc,phases   ] GC(2251)   Pre Evacuate Collection Set: 0.2ms
[2024-05-30T13:44:49.816+0000][11429.235s][info][gc,phases   ] GC(2251)   Merge Heap Roots: 0.2ms
[2024-05-30T13:44:49.816+0000][11429.235s][info][gc,phases   ] GC(2251)   Evacuate Collection Set: 13.8ms
[2024-05-30T13:44:49.816+0000][11429.235s][info][gc,phases   ] GC(2251)   Post Evacuate Collection Set: 1.7ms
[2024-05-30T13:44:49.816+0000][11429.235s][info][gc,phases   ] GC(2251)   Other: 0.2ms
[2024-05-30T13:44:49.816+0000][11429.235s][info][gc,heap     ] GC(2251) Eden regions: 760->0(759)
[2024-05-30T13:44:49.816+0000][11429.235s][info][gc,heap     ] GC(2251) Survivor regions: 6->7(96)
[2024-05-30T13:44:49.816+0000][11429.235s][info][gc,heap     ] GC(2251) Old regions: 444->444
[2024-05-30T13:44:49.816+0000][11429.235s][info][gc,heap     ] GC(2251) Archive regions: 2->2
[2024-05-30T13:44:49.816+0000][11429.235s][info][gc,heap     ] GC(2251) Humongous regions: 5->5
[2024-05-30T13:44:49.816+0000][11429.235s][info][gc,metaspace] GC(2251) Metaspace: 433718K(440000K)->433718K(440000K) NonClass: 379715K(383168K)->379715K(383168K) Class: 54002K(56832K)->54002K(56832K)
[2024-05-30T13:44:49.816+0000][11429.236s][info][gc          ] GC(2251) Pause Young (Normal) (G1 Evacuation Pause) 9721M->3650M(12288M) 16.137ms
[2024-05-30T13:44:49.816+0000][11429.236s][info][gc,cpu      ] GC(2251) User=0.08s Sys=0.01s Real=0.02s
[2024-05-30T13:44:54.918+0000][11434.338s][info][gc,start    ] GC(2252) Pause Young (Normal) (G1 Evacuation Pause)
[2024-05-30T13:44:54.918+0000][11434.338s][info][gc,task     ] GC(2252) Using 6 workers of 6 for evacuation
[2024-05-30T13:44:54.939+0000][11434.358s][info][gc,phases   ] GC(2252)   Pre Evacuate Collection Set: 0.2ms
[2024-05-30T13:44:54.939+0000][11434.358s][info][gc,phases   ] GC(2252)   Merge Heap Roots: 0.2ms
[2024-05-30T13:44:54.939+0000][11434.358s][info][gc,phases   ] GC(2252)   Evacuate Collection Set: 17.7ms
[2024-05-30T13:44:54.939+0000][11434.358s][info][gc,phases   ] GC(2252)   Post Evacuate Collection Set: 1.9ms
[2024-05-30T13:44:54.939+0000][11434.358s][info][gc,phases   ] GC(2252)   Other: 0.2ms
[2024-05-30T13:44:54.939+0000][11434.358s][info][gc,heap     ] GC(2252) Eden regions: 759->0(754)
[2024-05-30T13:44:54.939+0000][11434.358s][info][gc,heap     ] GC(2252) Survivor regions: 7->11(96)
[2024-05-30T13:44:54.939+0000][11434.358s][info][gc,heap     ] GC(2252) Old regions: 444->444
[2024-05-30T13:44:54.939+0000][11434.358s][info][gc,heap     ] GC(2252) Archive regions: 2->2
[2024-05-30T13:44:54.939+0000][11434.358s][info][gc,heap     ] GC(2252) Humongous regions: 5->5
[2024-05-30T13:44:54.939+0000][11434.358s][info][gc,metaspace] GC(2252) Metaspace: 433732K(440000K)->433732K(440000K) NonClass: 379729K(383168K)->379729K(383168K) Class: 54002K(56832K)->54002K(56832K)
[2024-05-30T13:44:54.939+0000][11434.358s][info][gc          ] GC(2252) Pause Young (Normal) (G1 Evacuation Pause) 9722M->3677M(12288M) 20.314ms
[2024-05-30T13:44:54.939+0000][11434.358s][info][gc,cpu      ] GC(2252) User=0.12s Sys=0.00s Real=0.02s
[2024-05-30T13:44:59.652+0000][11439.072s][info][gc,start    ] GC(2253) Pause Young (Concurrent Start) (G1 Evacuation Pause)
[2024-05-30T13:44:59.652+0000][11439.072s][info][gc,task     ] GC(2253) Using 6 workers of 6 for evacuation
[2024-05-30T13:44:59.672+0000][11439.091s][info][gc,phases   ] GC(2253)   Pre Evacuate Collection Set: 0.6ms
[2024-05-30T13:44:59.672+0000][11439.091s][info][gc,phases   ] GC(2253)   Merge Heap Roots: 0.2ms
[2024-05-30T13:44:59.672+0000][11439.091s][info][gc,phases   ] GC(2253)   Evacuate Collection Set: 16.9ms
[2024-05-30T13:44:59.672+0000][11439.091s][info][gc,phases   ] GC(2253)   Post Evacuate Collection Set: 1.7ms
[2024-05-30T13:44:59.672+0000][11439.091s][info][gc,phases   ] GC(2253)   Other: 0.3ms
[2024-05-30T13:44:59.672+0000][11439.091s][info][gc,heap     ] GC(2253) Eden regions: 754->0(757)
[2024-05-30T13:44:59.672+0000][11439.091s][info][gc,heap     ] GC(2253) Survivor regions: 11->8(96)
[2024-05-30T13:44:59.672+0000][11439.091s][info][gc,heap     ] GC(2253) Old regions: 444->444
[2024-05-30T13:44:59.672+0000][11439.091s][info][gc,heap     ] GC(2253) Archive regions: 2->2
[2024-05-30T13:44:59.672+0000][11439.091s][info][gc,heap     ] GC(2253) Humongous regions: 5->5
[2024-05-30T13:44:59.672+0000][11439.091s][info][gc,metaspace] GC(2253) Metaspace: 433732K(440000K)->433732K(440000K) NonClass: 379729K(383168K)->379729K(383168K) Class: 54002K(56832K)->54002K(56832K)
[2024-05-30T13:44:59.672+0000][11439.091s][info][gc          ] GC(2253) Pause Young (Concurrent Start) (G1 Evacuation Pause) 9709M->3657M(12288M) 19.802ms
[2024-05-30T13:44:59.672+0000][11439.091s][info][gc,cpu      ] GC(2253) User=0.11s Sys=0.00s Real=0.02s
[2024-05-30T13:44:59.672+0000][11439.092s][info][gc          ] GC(2254) Concurrent Mark Cycle
[2024-05-30T13:44:59.672+0000][11439.092s][info][gc,marking  ] GC(2254) Concurrent Clear Claimed Marks
[2024-05-30T13:44:59.673+0000][11439.092s][info][gc,marking  ] GC(2254) Concurrent Clear Claimed Marks 0.362ms
[2024-05-30T13:44:59.673+0000][11439.092s][info][gc,marking  ] GC(2254) Concurrent Scan Root Regions
[2024-05-30T13:44:59.691+0000][11439.110s][info][gc,marking  ] GC(2254) Concurrent Scan Root Regions 17.885ms
[2024-05-30T13:44:59.691+0000][11439.110s][info][gc,marking  ] GC(2254) Concurrent Mark
[2024-05-30T13:44:59.691+0000][11439.110s][info][gc,marking  ] GC(2254) Concurrent Mark From Roots
[2024-05-30T13:44:59.691+0000][11439.110s][info][gc,task     ] GC(2254) Using 2 workers of 2 for marking
[2024-05-30T13:45:03.549+0000][11442.968s][info][gc,marking  ] GC(2254) Concurrent Mark From Roots 3858.495ms
[2024-05-30T13:45:03.549+0000][11442.968s][info][gc,marking  ] GC(2254) Concurrent Preclean
[2024-05-30T13:45:03.551+0000][11442.970s][info][gc,marking  ] GC(2254) Concurrent Preclean 1.393ms
[2024-05-30T13:45:03.551+0000][11442.970s][info][gc,start    ] GC(2254) Pause Remark
[2024-05-30T13:45:03.575+0000][11442.994s][info][gc          ] GC(2254) Pause Remark 7513M->7513M(12288M) 23.819ms
[2024-05-30T13:45:03.575+0000][11442.994s][info][gc,cpu      ] GC(2254) User=0.10s Sys=0.00s Real=0.02s
[2024-05-30T13:45:03.575+0000][11442.994s][info][gc,marking  ] GC(2254) Concurrent Mark 3884.253ms
[2024-05-30T13:45:03.575+0000][11442.994s][info][gc,marking  ] GC(2254) Concurrent Rebuild Remembered Sets
[2024-05-30T13:45:05.359+0000][11444.779s][info][gc,marking  ] GC(2254) Concurrent Rebuild Remembered Sets 1784.475ms
[2024-05-30T13:45:05.360+0000][11444.779s][info][gc,start    ] GC(2254) Pause Cleanup
[2024-05-30T13:45:05.360+0000][11444.779s][info][gc          ] GC(2254) Pause Cleanup 9437M->9437M(12288M) 0.536ms
[2024-05-30T13:45:05.360+0000][11444.779s][info][gc,cpu      ] GC(2254) User=0.00s Sys=0.00s Real=0.00s
[2024-05-30T13:45:05.360+0000][11444.779s][info][gc,marking  ] GC(2254) Concurrent Cleanup for Next Mark
[2024-05-30T13:45:05.377+0000][11444.796s][info][gc,marking  ] GC(2254) Concurrent Cleanup for Next Mark 16.919ms
[2024-05-30T13:45:05.377+0000][11444.796s][info][gc          ] GC(2254) Concurrent Mark Cycle 5704.920ms
[2024-05-30T13:45:05.594+0000][11445.013s][info][gc,start    ] GC(2255) Pause Young (Prepare Mixed) (G1 Evacuation Pause)
[2024-05-30T13:45:05.594+0000][11445.013s][info][gc,task     ] GC(2255) Using 6 workers of 6 for evacuation
[2024-05-30T13:45:05.617+0000][11445.037s][info][gc,phases   ] GC(2255)   Pre Evacuate Collection Set: 0.2ms
[2024-05-30T13:45:05.617+0000][11445.037s][info][gc,phases   ] GC(2255)   Merge Heap Roots: 0.4ms
[2024-05-30T13:45:05.617+0000][11445.037s][info][gc,phases   ] GC(2255)   Evacuate Collection Set: 20.7ms
[2024-05-30T13:45:05.617+0000][11445.037s][info][gc,phases   ] GC(2255)   Post Evacuate Collection Set: 1.9ms
[2024-05-30T13:45:05.617+0000][11445.037s][info][gc,phases   ] GC(2255)   Other: 0.2ms
[2024-05-30T13:45:05.617+0000][11445.037s][info][gc,heap     ] GC(2255) Eden regions: 757->0(66)
[2024-05-30T13:45:05.617+0000][11445.037s][info][gc,heap     ] GC(2255) Survivor regions: 8->10(96)
[2024-05-30T13:45:05.617+0000][11445.037s][info][gc,heap     ] GC(2255) Old regions: 444->444
[2024-05-30T13:45:05.617+0000][11445.037s][info][gc,heap     ] GC(2255) Archive regions: 2->2
[2024-05-30T13:45:05.617+0000][11445.037s][info][gc,heap     ] GC(2255) Humongous regions: 5->5
[2024-05-30T13:45:05.617+0000][11445.037s][info][gc,metaspace] GC(2255) Metaspace: 433732K(440000K)->433732K(440000K) NonClass: 379729K(383168K)->379729K(383168K) Class: 54002K(56832K)->54002K(56832K)
[2024-05-30T13:45:05.618+0000][11445.037s][info][gc          ] GC(2255) Pause Young (Prepare Mixed) (G1 Evacuation Pause) 9713M->3672M(12288M) 23.333ms
[2024-05-30T13:45:05.618+0000][11445.037s][info][gc,cpu      ] GC(2255) User=0.14s Sys=0.00s Real=0.03s
[2024-05-30T13:45:06.068+0000][11445.487s][info][gc,start    ] GC(2256) Pause Young (Mixed) (G1 Evacuation Pause)
[2024-05-30T13:45:06.068+0000][11445.487s][info][gc,task     ] GC(2256) Using 6 workers of 6 for evacuation
[2024-05-30T13:45:06.127+0000][11445.546s][info][gc,phases   ] GC(2256)   Pre Evacuate Collection Set: 0.2ms
[2024-05-30T13:45:06.127+0000][11445.546s][info][gc,phases   ] GC(2256)   Merge Heap Roots: 0.4ms
[2024-05-30T13:45:06.127+0000][11445.546s][info][gc,phases   ] GC(2256)   Evacuate Collection Set: 57.6ms
[2024-05-30T13:45:06.127+0000][11445.546s][info][gc,phases   ] GC(2256)   Post Evacuate Collection Set: 1.2ms
[2024-05-30T13:45:06.127+0000][11445.546s][info][gc,phases   ] GC(2256)   Other: 0.2ms
[2024-05-30T13:45:06.127+0000][11445.546s][info][gc,heap     ] GC(2256) Eden regions: 66->0(758)
[2024-05-30T13:45:06.127+0000][11445.546s][info][gc,heap     ] GC(2256) Survivor regions: 10->5(10)
[2024-05-30T13:45:06.127+0000][11445.546s][info][gc,heap     ] GC(2256) Old regions: 444->446
[2024-05-30T13:45:06.127+0000][11445.546s][info][gc,heap     ] GC(2256) Archive regions: 2->2
[2024-05-30T13:45:06.127+0000][11445.546s][info][gc,heap     ] GC(2256) Humongous regions: 5->5
[2024-05-30T13:45:06.127+0000][11445.546s][info][gc,metaspace] GC(2256) Metaspace: 433732K(440000K)->433732K(440000K) NonClass: 379729K(383168K)->379729K(383168K) Class: 54002K(56832K)->54002K(56832K)
[2024-05-30T13:45:06.127+0000][11445.546s][info][gc          ] GC(2256) Pause Young (Mixed) (G1 Evacuation Pause) 4200M->3643M(12288M) 59.578ms
[2024-05-30T13:45:06.127+0000][11445.546s][info][gc,cpu      ] GC(2256) User=0.36s Sys=0.00s Real=0.06s
[2024-05-30T13:45:11.208+0000][11450.627s][info][gc,start    ] GC(2257) Pause Young (Normal) (G1 Evacuation Pause)
[2024-05-30T13:45:11.208+0000][11450.627s][info][gc,task     ] GC(2257) Using 6 workers of 6 for evacuation
[2024-05-30T13:45:11.221+0000][11450.640s][info][gc,phases   ] GC(2257)   Pre Evacuate Collection Set: 0.2ms
[2024-05-30T13:45:11.221+0000][11450.640s][info][gc,phases   ] GC(2257)   Merge Heap Roots: 0.2ms
[2024-05-30T13:45:11.221+0000][11450.640s][info][gc,phases   ] GC(2257)   Evacuate Collection Set: 10.2ms
[2024-05-30T13:45:11.221+0000][11450.640s][info][gc,phases   ] GC(2257)   Post Evacuate Collection Set: 1.7ms
[2024-05-30T13:45:11.221+0000][11450.640s][info][gc,phases   ] GC(2257)   Other: 0.2ms
[2024-05-30T13:45:11.221+0000][11450.640s][info][gc,heap     ] GC(2257) Eden regions: 758->0(757)
[2024-05-30T13:45:11.221+0000][11450.640s][info][gc,heap     ] GC(2257) Survivor regions: 5->6(96)
[2024-05-30T13:45:11.221+0000][11450.640s][info][gc,heap     ] GC(2257) Old regions: 446->446
[2024-05-30T13:45:11.221+0000][11450.640s][info][gc,heap     ] GC(2257) Archive regions: 2->2
[2024-05-30T13:45:11.221+0000][11450.640s][info][gc,heap     ] GC(2257) Humongous regions: 5->5
[2024-05-30T13:45:11.221+0000][11450.640s][info][gc,metaspace] GC(2257) Metaspace: 433732K(440000K)->433732K(440000K) NonClass: 379729K(383168K)->379729K(383168K) Class: 54002K(56832K)->54002K(56832K)
[2024-05-30T13:45:11.221+0000][11450.640s][info][gc          ] GC(2257) Pause Young (Normal) (G1 Evacuation Pause) 9707M->3650M(12288M) 12.652ms
[2024-05-30T13:45:11.221+0000][11450.640s][info][gc,cpu      ] GC(2257) User=0.07s Sys=0.00s Real=0.02s
[2024-05-30T13:45:15.640+0000][11455.059s][info][gc,start    ] GC(2258) Pause Young (Normal) (G1 Evacuation Pause)
[2024-05-30T13:45:15.640+0000][11455.059s][info][gc,task     ] GC(2258) Using 6 workers of 6 for evacuation
[2024-05-30T13:45:15.654+0000][11455.073s][info][gc,phases   ] GC(2258)   Pre Evacuate Collection Set: 0.2ms
[2024-05-30T13:45:15.654+0000][11455.073s][info][gc,phases   ] GC(2258)   Merge Heap Roots: 0.2ms
[2024-05-30T13:45:15.654+0000][11455.073s][info][gc,phases   ] GC(2258)   Evacuate Collection Set: 11.7ms
[2024-05-30T13:45:15.654+0000][11455.073s][info][gc,phases   ] GC(2258)   Post Evacuate Collection Set: 1.8ms
[2024-05-30T13:45:15.654+0000][11455.073s][info][gc,phases   ] GC(2258)   Other: 0.2ms
[2024-05-30T13:45:15.654+0000][11455.073s][info][gc,heap     ] GC(2258) Eden regions: 757->0(756)
[2024-05-30T13:45:15.654+0000][11455.073s][info][gc,heap     ] GC(2258) Survivor regions: 6->7(96)
[2024-05-30T13:45:15.654+0000][11455.073s][info][gc,heap     ] GC(2258) Old regions: 446->446
[2024-05-30T13:45:15.654+0000][11455.073s][info][gc,heap     ] GC(2258) Archive regions: 2->2
[2024-05-30T13:45:15.654+0000][11455.073s][info][gc,heap     ] GC(2258) Humongous regions: 5->5
[2024-05-30T13:45:15.654+0000][11455.073s][info][gc,metaspace] GC(2258) Metaspace: 433732K(440000K)->433732K(440000K) NonClass: 379729K(383168K)->379729K(383168K) Class: 54002K(56832K)->54002K(56832K)
[2024-05-30T13:45:15.654+0000][11455.073s][info][gc          ] GC(2258) Pause Young (Normal) (G1 Evacuation Pause) 9706M->3665M(12288M) 14.136ms
[2024-05-30T13:45:15.654+0000][11455.073s][info][gc,cpu      ] GC(2258) User=0.08s Sys=0.00s Real=0.01s
[2024-05-30T13:45:19.183+0000][11458.602s][info][gc,start    ] GC(2259) Pause Young (Concurrent Start) (G1 Evacuation Pause)
[2024-05-30T13:45:19.183+0000][11458.603s][info][gc,task     ] GC(2259) Using 6 workers of 6 for evacuation
[2024-05-30T13:45:19.199+0000][11458.619s][info][gc,phases   ] GC(2259)   Pre Evacuate Collection Set: 0.6ms
[2024-05-30T13:45:19.199+0000][11458.619s][info][gc,phases   ] GC(2259)   Merge Heap Roots: 0.2ms
[2024-05-30T13:45:19.199+0000][11458.619s][info][gc,phases   ] GC(2259)   Evacuate Collection Set: 13.4ms
[2024-05-30T13:45:19.199+0000][11458.619s][info][gc,phases   ] GC(2259)   Post Evacuate Collection Set: 1.7ms
[2024-05-30T13:45:19.199+0000][11458.619s][info][gc,phases   ] GC(2259)   Other: 0.3ms
[2024-05-30T13:45:19.199+0000][11458.619s][info][gc,heap     ] GC(2259) Eden regions: 756->0(757)
[2024-05-30T13:45:19.199+0000][11458.619s][info][gc,heap     ] GC(2259) Survivor regions: 7->7(96)
[2024-05-30T13:45:19.199+0000][11458.619s][info][gc,heap     ] GC(2259) Old regions: 446->446
[2024-05-30T13:45:19.199+0000][11458.619s][info][gc,heap     ] GC(2259) Archive regions: 2->2
[2024-05-30T13:45:19.199+0000][11458.619s][info][gc,heap     ] GC(2259) Humongous regions: 5->5
[2024-05-30T13:45:19.199+0000][11458.619s][info][gc,metaspace] GC(2259) Metaspace: 433732K(440000K)->433732K(440000K) NonClass: 379729K(383168K)->379729K(383168K) Class: 54002K(56832K)->54002K(56832K)
[2024-05-30T13:45:19.199+0000][11458.619s][info][gc          ] GC(2259) Pause Young (Concurrent Start) (G1 Evacuation Pause) 9713M->3663M(12288M) 16.219ms
[2024-05-30T13:45:19.200+0000][11458.619s][info][gc,cpu      ] GC(2259) User=0.09s Sys=0.00s Real=0.02s
[2024-05-30T13:45:19.200+0000][11458.619s][info][gc          ] GC(2260) Concurrent Mark Cycle
[2024-05-30T13:45:19.200+0000][11458.619s][info][gc,marking  ] GC(2260) Concurrent Clear Claimed Marks
[2024-05-30T13:45:19.200+0000][11458.619s][info][gc,marking  ] GC(2260) Concurrent Clear Claimed Marks 0.389ms
[2024-05-30T13:45:19.200+0000][11458.619s][info][gc,marking  ] GC(2260) Concurrent Scan Root Regions
[2024-05-30T13:45:19.213+0000][11458.632s][info][gc,marking  ] GC(2260) Concurrent Scan Root Regions 13.069ms
[2024-05-30T13:45:19.213+0000][11458.632s][info][gc,marking  ] GC(2260) Concurrent Mark
[2024-05-30T13:45:19.213+0000][11458.632s][info][gc,marking  ] GC(2260) Concurrent Mark From Roots
[2024-05-30T13:45:19.213+0000][11458.632s][info][gc,task     ] GC(2260) Using 2 workers of 2 for marking
[2024-05-30T13:45:23.177+0000][11462.597s][info][gc,marking  ] GC(2260) Concurrent Mark From Roots 3964.339ms
[2024-05-30T13:45:23.177+0000][11462.597s][info][gc,marking  ] GC(2260) Concurrent Preclean
[2024-05-30T13:45:23.179+0000][11462.599s][info][gc,marking  ] GC(2260) Concurrent Preclean 1.885ms
[2024-05-30T13:45:23.180+0000][11462.599s][info][gc,start    ] GC(2260) Pause Remark
[2024-05-30T13:45:23.204+0000][11462.623s][info][gc          ] GC(2260) Pause Remark 8883M->8883M(12288M) 24.520ms
[2024-05-30T13:45:23.204+0000][11462.623s][info][gc,cpu      ] GC(2260) User=0.11s Sys=0.00s Real=0.02s
[2024-05-30T13:45:23.204+0000][11462.624s][info][gc,marking  ] GC(2260) Concurrent Mark 3991.172ms
[2024-05-30T13:45:23.204+0000][11462.624s][info][gc,marking  ] GC(2260) Concurrent Rebuild Remembered Sets
[2024-05-30T13:45:23.622+0000][11463.042s][info][gc,start    ] GC(2261) Pause Young (Normal) (G1 Evacuation Pause)
[2024-05-30T13:45:23.622+0000][11463.042s][info][gc,task     ] GC(2261) Using 6 workers of 6 for evacuation
[2024-05-30T13:45:23.641+0000][11463.061s][info][gc,phases   ] GC(2261)   Pre Evacuate Collection Set: 0.2ms
[2024-05-30T13:45:23.641+0000][11463.061s][info][gc,phases   ] GC(2261)   Merge Heap Roots: 0.3ms
[2024-05-30T13:45:23.641+0000][11463.061s][info][gc,phases   ] GC(2261)   Evacuate Collection Set: 16.3ms
[2024-05-30T13:45:23.641+0000][11463.061s][info][gc,phases   ] GC(2261)   Post Evacuate Collection Set: 2.1ms
[2024-05-30T13:45:23.641+0000][11463.061s][info][gc,phases   ] GC(2261)   Other: 0.2ms
[2024-05-30T13:45:23.641+0000][11463.061s][info][gc,heap     ] GC(2261) Eden regions: 757->0(753)
[2024-05-30T13:45:23.641+0000][11463.061s][info][gc,heap     ] GC(2261) Survivor regions: 7->10(96)
[2024-05-30T13:45:23.641+0000][11463.061s][info][gc,heap     ] GC(2261) Old regions: 446->446
[2024-05-30T13:45:23.641+0000][11463.061s][info][gc,heap     ] GC(2261) Archive regions: 2->2
[2024-05-30T13:45:23.641+0000][11463.061s][info][gc,heap     ] GC(2261) Humongous regions: 5->5
[2024-05-30T13:45:23.641+0000][11463.061s][info][gc,metaspace] GC(2261) Metaspace: 433732K(440000K)->433732K(440000K) NonClass: 379729K(383168K)->379729K(383168K) Class: 54002K(56832K)->54002K(56832K)
[2024-05-30T13:45:23.641+0000][11463.061s][info][gc          ] GC(2261) Pause Young (Normal) (G1 Evacuation Pause) 9719M->3682M(12288M) 19.121ms
[2024-05-30T13:45:23.641+0000][11463.061s][info][gc,cpu      ] GC(2261) User=0.10s Sys=0.01s Real=0.02s
[2024-05-30T13:45:25.143+0000][11464.563s][info][gc,marking  ] GC(2260) Concurrent Rebuild Remembered Sets 1939.055ms
[2024-05-30T13:45:25.144+0000][11464.563s][info][gc,start    ] GC(2260) Pause Cleanup
[2024-05-30T13:45:25.144+0000][11464.563s][info][gc          ] GC(2260) Pause Cleanup 6790M->6790M(12288M) 0.529ms
[2024-05-30T13:45:25.144+0000][11464.563s][info][gc,cpu      ] GC(2260) User=0.00s Sys=0.00s Real=0.00s
[2024-05-30T13:45:25.144+0000][11464.563s][info][gc,marking  ] GC(2260) Concurrent Cleanup for Next Mark
[2024-05-30T13:45:25.161+0000][11464.580s][info][gc,marking  ] GC(2260) Concurrent Cleanup for Next Mark 16.723ms
[2024-05-30T13:45:25.161+0000][11464.580s][info][gc          ] GC(2260) Concurrent Mark Cycle 5961.375ms
[2024-05-30T13:45:26.869+0000][11466.288s][info][gc,start    ] GC(2262) Pause Young (Prepare Mixed) (G1 Evacuation Pause)
[2024-05-30T13:45:26.869+0000][11466.289s][info][gc,task     ] GC(2262) Using 6 workers of 6 for evacuation
[2024-05-30T13:45:26.888+0000][11466.308s][info][gc,phases   ] GC(2262)   Pre Evacuate Collection Set: 0.2ms
[2024-05-30T13:45:26.888+0000][11466.308s][info][gc,phases   ] GC(2262)   Merge Heap Roots: 0.3ms
[2024-05-30T13:45:26.888+0000][11466.308s][info][gc,phases   ] GC(2262)   Evacuate Collection Set: 16.7ms
[2024-05-30T13:45:26.888+0000][11466.308s][info][gc,phases   ] GC(2262)   Post Evacuate Collection Set: 1.9ms
[2024-05-30T13:45:26.888+0000][11466.308s][info][gc,phases   ] GC(2262)   Other: 0.2ms
[2024-05-30T13:45:26.888+0000][11466.308s][info][gc,heap     ] GC(2262) Eden regions: 753->0(67)
[2024-05-30T13:45:26.888+0000][11466.308s][info][gc,heap     ] GC(2262) Survivor regions: 10->9(96)
[2024-05-30T13:45:26.888+0000][11466.308s][info][gc,heap     ] GC(2262) Old regions: 446->446
[2024-05-30T13:45:26.888+0000][11466.308s][info][gc,heap     ] GC(2262) Archive regions: 2->2
[2024-05-30T13:45:26.888+0000][11466.308s][info][gc,heap     ] GC(2262) Humongous regions: 5->5
[2024-05-30T13:45:26.888+0000][11466.308s][info][gc,metaspace] GC(2262) Metaspace: 433732K(440000K)->433732K(440000K) NonClass: 379729K(383168K)->379729K(383168K) Class: 54002K(56832K)->54002K(56832K)
[2024-05-30T13:45:26.889+0000][11466.308s][info][gc          ] GC(2262) Pause Young (Prepare Mixed) (G1 Evacuation Pause) 9706M->3679M(12288M) 19.264ms
[2024-05-30T13:45:26.889+0000][11466.308s][info][gc,cpu      ] GC(2262) User=0.10s Sys=0.01s Real=0.02s
[2024-05-30T13:45:27.367+0000][11466.786s][info][gc,start    ] GC(2263) Pause Young (Mixed) (G1 Evacuation Pause)
[2024-05-30T13:45:27.367+0000][11466.786s][info][gc,task     ] GC(2263) Using 6 workers of 6 for evacuation
[2024-05-30T13:45:27.425+0000][11466.844s][info][gc,phases   ] GC(2263)   Pre Evacuate Collection Set: 0.2ms
[2024-05-30T13:45:27.425+0000][11466.844s][info][gc,phases   ] GC(2263)   Merge Heap Roots: 0.3ms
[2024-05-30T13:45:27.425+0000][11466.844s][info][gc,phases   ] GC(2263)   Evacuate Collection Set: 55.6ms
[2024-05-30T13:45:27.425+0000][11466.844s][info][gc,phases   ] GC(2263)   Post Evacuate Collection Set: 1.4ms
[2024-05-30T13:45:27.425+0000][11466.844s][info][gc,phases   ] GC(2263)   Other: 0.2ms
[2024-05-30T13:45:27.425+0000][11466.844s][info][gc,heap     ] GC(2263) Eden regions: 67->0(757)
[2024-05-30T13:45:27.425+0000][11466.844s][info][gc,heap     ] GC(2263) Survivor regions: 9->6(10)
[2024-05-30T13:45:27.425+0000][11466.844s][info][gc,heap     ] GC(2263) Old regions: 446->447
[2024-05-30T13:45:27.425+0000][11466.844s][info][gc,heap     ] GC(2263) Archive regions: 2->2
[2024-05-30T13:45:27.425+0000][11466.844s][info][gc,heap     ] GC(2263) Humongous regions: 5->5
[2024-05-30T13:45:27.425+0000][11466.844s][info][gc,metaspace] GC(2263) Metaspace: 433732K(440000K)->433732K(440000K) NonClass: 379729K(383168K)->379729K(383168K) Class: 54002K(56832K)->54002K(56832K)
[2024-05-30T13:45:27.425+0000][11466.844s][info][gc          ] GC(2263) Pause Young (Mixed) (G1 Evacuation Pause) 4215M->3659M(12288M) 57.602ms
[2024-05-30T13:45:27.425+0000][11466.844s][info][gc,cpu      ] GC(2263) User=0.34s Sys=0.00s Real=0.06s
[2024-05-30T13:45:32.685+0000][11472.104s][info][gc,start    ] GC(2264) Pause Young (Normal) (G1 Evacuation Pause)
[2024-05-30T13:45:32.685+0000][11472.104s][info][gc,task     ] GC(2264) Using 6 workers of 6 for evacuation
[2024-05-30T13:45:32.698+0000][11472.118s][info][gc,phases   ] GC(2264)   Pre Evacuate Collection Set: 0.2ms
[2024-05-30T13:45:32.698+0000][11472.118s][info][gc,phases   ] GC(2264)   Merge Heap Roots: 0.2ms
[2024-05-30T13:45:32.698+0000][11472.118s][info][gc,phases   ] GC(2264)   Evacuate Collection Set: 11.5ms
[2024-05-30T13:45:32.698+0000][11472.118s][info][gc,phases   ] GC(2264)   Post Evacuate Collection Set: 1.8ms
[2024-05-30T13:45:32.698+0000][11472.118s][info][gc,phases   ] GC(2264)   Other: 0.2ms
[2024-05-30T13:45:32.698+0000][11472.118s][info][gc,heap     ] GC(2264) Eden regions: 757->0(757)
[2024-05-30T13:45:32.698+0000][11472.118s][info][gc,heap     ] GC(2264) Survivor regions: 6->6(96)
[2024-05-30T13:45:32.698+0000][11472.118s][info][gc,heap     ] GC(2264) Old regions: 447->447
[2024-05-30T13:45:32.698+0000][11472.118s][info][gc,heap     ] GC(2264) Archive regions: 2->2
[2024-05-30T13:45:32.698+0000][11472.118s][info][gc,heap     ] GC(2264) Humongous regions: 5->5
[2024-05-30T13:45:32.698+0000][11472.118s][info][gc,metaspace] GC(2264) Metaspace: 433738K(440000K)->433738K(440000K) NonClass: 379735K(383168K)->379735K(383168K) Class: 54002K(56832K)->54002K(56832K)
[2024-05-30T13:45:32.698+0000][11472.118s][info][gc          ] GC(2264) Pause Young (Normal) (G1 Evacuation Pause) 9715M->3662M(12288M) 13.940ms
[2024-05-30T13:45:32.699+0000][11472.118s][info][gc,cpu      ] GC(2264) User=0.08s Sys=0.00s Real=0.02s
[2024-05-30T13:45:38.017+0000][11477.436s][info][gc,start    ] GC(2265) Pause Young (Normal) (G1 Evacuation Pause)
[2024-05-30T13:45:38.017+0000][11477.436s][info][gc,task     ] GC(2265) Using 6 workers of 6 for evacuation
[2024-05-30T13:45:38.033+0000][11477.452s][info][gc,phases   ] GC(2265)   Pre Evacuate Collection Set: 0.2ms
[2024-05-30T13:45:38.033+0000][11477.452s][info][gc,phases   ] GC(2265)   Merge Heap Roots: 0.2ms
[2024-05-30T13:45:38.033+0000][11477.452s][info][gc,phases   ] GC(2265)   Evacuate Collection Set: 13.7ms
[2024-05-30T13:45:38.033+0000][11477.452s][info][gc,phases   ] GC(2265)   Post Evacuate Collection Set: 1.7ms
[2024-05-30T13:45:38.033+0000][11477.452s][info][gc,phases   ] GC(2265)   Other: 0.2ms
[2024-05-30T13:45:38.033+0000][11477.452s][info][gc,heap     ] GC(2265) Eden regions: 757->0(754)
[2024-05-30T13:45:38.033+0000][11477.452s][info][gc,heap     ] GC(2265) Survivor regions: 6->9(96)
[2024-05-30T13:45:38.033+0000][11477.452s][info][gc,heap     ] GC(2265) Old regions: 447->447
[2024-05-30T13:45:38.033+0000][11477.452s][info][gc,heap     ] GC(2265) Archive regions: 2->2
[2024-05-30T13:45:38.033+0000][11477.452s][info][gc,heap     ] GC(2265) Humongous regions: 5->5
[2024-05-30T13:45:38.033+0000][11477.452s][info][gc,metaspace] GC(2265) Metaspace: 433747K(440000K)->433747K(440000K) NonClass: 379744K(383168K)->379744K(383168K) Class: 54002K(56832K)->54002K(56832K)
[2024-05-30T13:45:38.033+0000][11477.452s][info][gc          ] GC(2265) Pause Young (Normal) (G1 Evacuation Pause) 9718M->3683M(12288M) 16.076ms
[2024-05-30T13:45:38.033+0000][11477.452s][info][gc,cpu      ] GC(2265) User=0.09s Sys=0.00s Real=0.01s
[2024-05-30T13:45:42.890+0000][11482.309s][info][gc,start    ] GC(2266) Pause Young (Concurrent Start) (G1 Evacuation Pause)
[2024-05-30T13:45:42.890+0000][11482.309s][info][gc,task     ] GC(2266) Using 6 workers of 6 for evacuation
[2024-05-30T13:45:42.908+0000][11482.327s][info][gc,phases   ] GC(2266)   Pre Evacuate Collection Set: 0.5ms
[2024-05-30T13:45:42.908+0000][11482.327s][info][gc,phases   ] GC(2266)   Merge Heap Roots: 0.2ms
[2024-05-30T13:45:42.908+0000][11482.327s][info][gc,phases   ] GC(2266)   Evacuate Collection Set: 15.2ms
[2024-05-30T13:45:42.908+0000][11482.327s][info][gc,phases   ] GC(2266)   Post Evacuate Collection Set: 1.7ms
[2024-05-30T13:45:42.908+0000][11482.327s][info][gc,phases   ] GC(2266)   Other: 0.3ms
[2024-05-30T13:45:42.908+0000][11482.327s][info][gc,heap     ] GC(2266) Eden regions: 754->0(756)
[2024-05-30T13:45:42.908+0000][11482.327s][info][gc,heap     ] GC(2266) Survivor regions: 9->7(96)
[2024-05-30T13:45:42.908+0000][11482.327s][info][gc,heap     ] GC(2266) Old regions: 447->447
[2024-05-30T13:45:42.908+0000][11482.327s][info][gc,heap     ] GC(2266) Archive regions: 2->2
[2024-05-30T13:45:42.908+0000][11482.327s][info][gc,heap     ] GC(2266) Humongous regions: 5->5
[2024-05-30T13:45:42.908+0000][11482.327s][info][gc,metaspace] GC(2266) Metaspace: 433750K(440000K)->433750K(440000K) NonClass: 379747K(383168K)->379747K(383168K) Class: 54002K(56832K)->54002K(56832K)
[2024-05-30T13:45:42.908+0000][11482.327s][info][gc          ] GC(2266) Pause Young (Concurrent Start) (G1 Evacuation Pause) 9715M->3670M(12288M) 17.999ms
[2024-05-30T13:45:42.908+0000][11482.327s][info][gc,cpu      ] GC(2266) User=0.10s Sys=0.00s Real=0.01s
[2024-05-30T13:45:42.908+0000][11482.327s][info][gc          ] GC(2267) Concurrent Mark Cycle
[2024-05-30T13:45:42.908+0000][11482.327s][info][gc,marking  ] GC(2267) Concurrent Clear Claimed Marks
[2024-05-30T13:45:42.909+0000][11482.328s][info][gc,marking  ] GC(2267) Concurrent Clear Claimed Marks 0.384ms
[2024-05-30T13:45:42.909+0000][11482.328s][info][gc,marking  ] GC(2267) Concurrent Scan Root Regions
[2024-05-30T13:45:42.939+0000][11482.358s][info][gc,marking  ] GC(2267) Concurrent Scan Root Regions 30.567ms
[2024-05-30T13:45:42.939+0000][11482.358s][info][gc,marking  ] GC(2267) Concurrent Mark
[2024-05-30T13:45:42.939+0000][11482.358s][info][gc,marking  ] GC(2267) Concurrent Mark From Roots
[2024-05-30T13:45:42.939+0000][11482.358s][info][gc,task     ] GC(2267) Using 2 workers of 2 for marking
[2024-05-30T13:45:46.910+0000][11486.329s][info][gc,marking  ] GC(2267) Concurrent Mark From Roots 3970.814ms
[2024-05-30T13:45:46.910+0000][11486.329s][info][gc,marking  ] GC(2267) Concurrent Preclean
[2024-05-30T13:45:46.912+0000][11486.331s][info][gc,marking  ] GC(2267) Concurrent Preclean 1.622ms
[2024-05-30T13:45:46.912+0000][11486.331s][info][gc,start    ] GC(2267) Pause Remark
[2024-05-30T13:45:46.936+0000][11486.355s][info][gc          ] GC(2267) Pause Remark 7222M->7222M(12288M) 24.351ms
[2024-05-30T13:45:46.936+0000][11486.355s][info][gc,cpu      ] GC(2267) User=0.10s Sys=0.00s Real=0.02s
[2024-05-30T13:45:46.936+0000][11486.356s][info][gc,marking  ] GC(2267) Concurrent Mark 3997.176ms
[2024-05-30T13:45:46.936+0000][11486.356s][info][gc,marking  ] GC(2267) Concurrent Rebuild Remembered Sets
[2024-05-30T13:45:48.844+0000][11488.264s][info][gc,marking  ] GC(2267) Concurrent Rebuild Remembered Sets 1907.958ms
[2024-05-30T13:45:48.845+0000][11488.264s][info][gc,start    ] GC(2267) Pause Cleanup
[2024-05-30T13:45:48.845+0000][11488.264s][info][gc          ] GC(2267) Pause Cleanup 9082M->9082M(12288M) 0.497ms
[2024-05-30T13:45:48.845+0000][11488.264s][info][gc,cpu      ] GC(2267) User=0.00s Sys=0.00s Real=0.00s
[2024-05-30T13:45:48.845+0000][11488.264s][info][gc,marking  ] GC(2267) Concurrent Cleanup for Next Mark
[2024-05-30T13:45:48.865+0000][11488.284s][info][gc,marking  ] GC(2267) Concurrent Cleanup for Next Mark 19.693ms
[2024-05-30T13:45:48.865+0000][11488.284s][info][gc          ] GC(2267) Concurrent Mark Cycle 5956.769ms
[2024-05-30T13:45:49.420+0000][11488.839s][info][gc,start    ] GC(2268) Pause Young (Prepare Mixed) (G1 Evacuation Pause)
[2024-05-30T13:45:49.420+0000][11488.839s][info][gc,task     ] GC(2268) Using 6 workers of 6 for evacuation
[2024-05-30T13:45:49.440+0000][11488.859s][info][gc,phases   ] GC(2268)   Pre Evacuate Collection Set: 0.2ms
[2024-05-30T13:45:49.440+0000][11488.859s][info][gc,phases   ] GC(2268)   Merge Heap Roots: 0.3ms
[2024-05-30T13:45:49.440+0000][11488.859s][info][gc,phases   ] GC(2268)   Evacuate Collection Set: 17.9ms
[2024-05-30T13:45:49.440+0000][11488.859s][info][gc,phases   ] GC(2268)   Post Evacuate Collection Set: 1.7ms
[2024-05-30T13:45:49.440+0000][11488.859s][info][gc,phases   ] GC(2268)   Other: 0.3ms
[2024-05-30T13:45:49.440+0000][11488.859s][info][gc,heap     ] GC(2268) Eden regions: 756->0(66)
[2024-05-30T13:45:49.440+0000][11488.859s][info][gc,heap     ] GC(2268) Survivor regions: 7->10(96)
[2024-05-30T13:45:49.440+0000][11488.859s][info][gc,heap     ] GC(2268) Old regions: 447->447
[2024-05-30T13:45:49.440+0000][11488.859s][info][gc,heap     ] GC(2268) Archive regions: 2->2
[2024-05-30T13:45:49.440+0000][11488.859s][info][gc,heap     ] GC(2268) Humongous regions: 5->5
[2024-05-30T13:45:49.440+0000][11488.859s][info][gc,metaspace] GC(2268) Metaspace: 433750K(440000K)->433750K(440000K) NonClass: 379747K(383168K)->379747K(383168K) Class: 54002K(56832K)->54002K(56832K)
[2024-05-30T13:45:49.440+0000][11488.859s][info][gc          ] GC(2268) Pause Young (Prepare Mixed) (G1 Evacuation Pause) 9718M->3688M(12288M) 20.507ms
[2024-05-30T13:45:49.440+0000][11488.859s][info][gc,cpu      ] GC(2268) User=0.11s Sys=0.00s Real=0.02s
[2024-05-30T13:45:49.903+0000][11489.322s][info][gc,start    ] GC(2269) Pause Young (Mixed) (G1 Evacuation Pause)
[2024-05-30T13:45:49.903+0000][11489.322s][info][gc,task     ] GC(2269) Using 6 workers of 6 for evacuation
[2024-05-30T13:45:49.957+0000][11489.376s][info][gc,phases   ] GC(2269)   Pre Evacuate Collection Set: 0.2ms
[2024-05-30T13:45:49.957+0000][11489.376s][info][gc,phases   ] GC(2269)   Merge Heap Roots: 0.3ms
[2024-05-30T13:45:49.957+0000][11489.376s][info][gc,phases   ] GC(2269)   Evacuate Collection Set: 52.2ms
[2024-05-30T13:45:49.957+0000][11489.376s][info][gc,phases   ] GC(2269)   Post Evacuate Collection Set: 1.3ms
[2024-05-30T13:45:49.957+0000][11489.376s][info][gc,phases   ] GC(2269)   Other: 0.2ms
[2024-05-30T13:45:49.957+0000][11489.376s][info][gc,heap     ] GC(2269) Eden regions: 66->0(758)
[2024-05-30T13:45:49.957+0000][11489.376s][info][gc,heap     ] GC(2269) Survivor regions: 10->6(10)
[2024-05-30T13:45:49.957+0000][11489.376s][info][gc,heap     ] GC(2269) Old regions: 447->446
[2024-05-30T13:45:49.957+0000][11489.376s][info][gc,heap     ] GC(2269) Archive regions: 2->2
[2024-05-30T13:45:49.957+0000][11489.376s][info][gc,heap     ] GC(2269) Humongous regions: 5->5
[2024-05-30T13:45:49.957+0000][11489.376s][info][gc,metaspace] GC(2269) Metaspace: 433750K(440000K)->433750K(440000K) NonClass: 379747K(383168K)->379747K(383168K) Class: 54002K(56832K)->54002K(56832K)
[2024-05-30T13:45:49.957+0000][11489.376s][info][gc          ] GC(2269) Pause Young (Mixed) (G1 Evacuation Pause) 4216M->3652M(12288M) 54.156ms
[2024-05-30T13:45:49.957+0000][11489.377s][info][gc,cpu      ] GC(2269) User=0.32s Sys=0.00s Real=0.06s
[2024-05-30T13:45:55.224+0000][11494.643s][info][gc,start    ] GC(2270) Pause Young (Normal) (G1 Evacuation Pause)
[2024-05-30T13:45:55.224+0000][11494.643s][info][gc,task     ] GC(2270) Using 6 workers of 6 for evacuation
[2024-05-30T13:45:55.237+0000][11494.656s][info][gc,phases   ] GC(2270)   Pre Evacuate Collection Set: 0.2ms
[2024-05-30T13:45:55.237+0000][11494.656s][info][gc,phases   ] GC(2270)   Merge Heap Roots: 0.2ms
[2024-05-30T13:45:55.237+0000][11494.656s][info][gc,phases   ] GC(2270)   Evacuate Collection Set: 10.9ms
[2024-05-30T13:45:55.237+0000][11494.656s][info][gc,phases   ] GC(2270)   Post Evacuate Collection Set: 1.9ms
[2024-05-30T13:45:55.237+0000][11494.656s][info][gc,phases   ] GC(2270)   Other: 0.2ms
[2024-05-30T13:45:55.237+0000][11494.656s][info][gc,heap     ] GC(2270) Eden regions: 758->0(756)
[2024-05-30T13:45:55.237+0000][11494.656s][info][gc,heap     ] GC(2270) Survivor regions: 6->7(96)
[2024-05-30T13:45:55.237+0000][11494.656s][info][gc,heap     ] GC(2270) Old regions: 446->446
[2024-05-30T13:45:55.237+0000][11494.656s][info][gc,heap     ] GC(2270) Archive regions: 2->2
[2024-05-30T13:45:55.237+0000][11494.656s][info][gc,heap     ] GC(2270) Humongous regions: 5->5
[2024-05-30T13:45:55.237+0000][11494.656s][info][gc,metaspace] GC(2270) Metaspace: 433776K(440064K)->433776K(440064K) NonClass: 379773K(383232K)->379773K(383232K) Class: 54002K(56832K)->54002K(56832K)
[2024-05-30T13:45:55.237+0000][11494.656s][info][gc          ] GC(2270) Pause Young (Normal) (G1 Evacuation Pause) 9716M->3658M(12288M) 13.419ms
[2024-05-30T13:45:55.237+0000][11494.656s][info][gc,cpu      ] GC(2270) User=0.07s Sys=0.00s Real=0.02s
[2024-05-30T13:46:00.463+0000][11499.882s][info][gc,start    ] GC(2271) Pause Young (Normal) (G1 Evacuation Pause)
[2024-05-30T13:46:00.463+0000][11499.882s][info][gc,task     ] GC(2271) Using 6 workers of 6 for evacuation
[2024-05-30T13:46:00.480+0000][11499.899s][info][gc,phases   ] GC(2271)   Pre Evacuate Collection Set: 0.2ms
[2024-05-30T13:46:00.480+0000][11499.899s][info][gc,phases   ] GC(2271)   Merge Heap Roots: 0.2ms
[2024-05-30T13:46:00.480+0000][11499.899s][info][gc,phases   ] GC(2271)   Evacuate Collection Set: 14.8ms
[2024-05-30T13:46:00.480+0000][11499.899s][info][gc,phases   ] GC(2271)   Post Evacuate Collection Set: 1.8ms
[2024-05-30T13:46:00.480+0000][11499.899s][info][gc,phases   ] GC(2271)   Other: 0.2ms
[2024-05-30T13:46:00.480+0000][11499.899s][info][gc,heap     ] GC(2271) Eden regions: 756->0(755)
[2024-05-30T13:46:00.480+0000][11499.899s][info][gc,heap     ] GC(2271) Survivor regions: 7->8(96)
[2024-05-30T13:46:00.480+0000][11499.899s][info][gc,heap     ] GC(2271) Old regions: 446->446
[2024-05-30T13:46:00.480+0000][11499.899s][info][gc,heap     ] GC(2271) Archive regions: 2->2
[2024-05-30T13:46:00.480+0000][11499.899s][info][gc,heap     ] GC(2271) Humongous regions: 5->5
[2024-05-30T13:46:00.480+0000][11499.899s][info][gc,metaspace] GC(2271) Metaspace: 433776K(440064K)->433776K(440064K) NonClass: 379773K(383232K)->379773K(383232K) Class: 54002K(56832K)->54002K(56832K)
[2024-05-30T13:46:00.480+0000][11499.899s][info][gc          ] GC(2271) Pause Young (Normal) (G1 Evacuation Pause) 9706M->3670M(12288M) 17.269ms
[2024-05-30T13:46:00.480+0000][11499.900s][info][gc,cpu      ] GC(2271) User=0.10s Sys=0.00s Real=0.02s
[2024-05-30T13:46:05.710+0000][11505.129s][info][gc,start    ] GC(2272) Pause Young (Concurrent Start) (G1 Evacuation Pause)
[2024-05-30T13:46:05.710+0000][11505.129s][info][gc,task     ] GC(2272) Using 6 workers of 6 for evacuation
[2024-05-30T13:46:05.730+0000][11505.150s][info][gc,phases   ] GC(2272)   Pre Evacuate Collection Set: 0.6ms
[2024-05-30T13:46:05.730+0000][11505.150s][info][gc,phases   ] GC(2272)   Merge Heap Roots: 0.2ms
[2024-05-30T13:46:05.730+0000][11505.150s][info][gc,phases   ] GC(2272)   Evacuate Collection Set: 17.6ms
[2024-05-30T13:46:05.730+0000][11505.150s][info][gc,phases   ] GC(2272)   Post Evacuate Collection Set: 2.1ms
[2024-05-30T13:46:05.730+0000][11505.150s][info][gc,phases   ] GC(2272)   Other: 0.3ms
[2024-05-30T13:46:05.730+0000][11505.150s][info][gc,heap     ] GC(2272) Eden regions: 755->0(754)
[2024-05-30T13:46:05.730+0000][11505.150s][info][gc,heap     ] GC(2272) Survivor regions: 8->9(96)
[2024-05-30T13:46:05.730+0000][11505.150s][info][gc,heap     ] GC(2272) Old regions: 446->446
[2024-05-30T13:46:05.730+0000][11505.150s][info][gc,heap     ] GC(2272) Archive regions: 2->2
[2024-05-30T13:46:05.730+0000][11505.150s][info][gc,heap     ] GC(2272) Humongous regions: 5->5
[2024-05-30T13:46:05.730+0000][11505.150s][info][gc,metaspace] GC(2272) Metaspace: 433776K(440064K)->433776K(440064K) NonClass: 379773K(383232K)->379773K(383232K) Class: 54002K(56832K)->54002K(56832K)
[2024-05-30T13:46:05.730+0000][11505.150s][info][gc          ] GC(2272) Pause Young (Concurrent Start) (G1 Evacuation Pause) 9710M->3674M(12288M) 20.873ms
[2024-05-30T13:46:05.730+0000][11505.150s][info][gc,cpu      ] GC(2272) User=0.10s Sys=0.00s Real=0.02s
[2024-05-30T13:46:05.730+0000][11505.150s][info][gc          ] GC(2273) Concurrent Mark Cycle
[2024-05-30T13:46:05.730+0000][11505.150s][info][gc,marking  ] GC(2273) Concurrent Clear Claimed Marks
[2024-05-30T13:46:05.731+0000][11505.150s][info][gc,marking  ] GC(2273) Concurrent Clear Claimed Marks 0.338ms
[2024-05-30T13:46:05.731+0000][11505.150s][info][gc,marking  ] GC(2273) Concurrent Scan Root Regions
[2024-05-30T13:46:05.748+0000][11505.167s][info][gc,marking  ] GC(2273) Concurrent Scan Root Regions 17.276ms
[2024-05-30T13:46:05.748+0000][11505.167s][info][gc,marking  ] GC(2273) Concurrent Mark
[2024-05-30T13:46:05.748+0000][11505.167s][info][gc,marking  ] GC(2273) Concurrent Mark From Roots
[2024-05-30T13:46:05.748+0000][11505.167s][info][gc,task     ] GC(2273) Using 2 workers of 2 for marking
[2024-05-30T13:46:09.743+0000][11509.162s][info][gc,marking  ] GC(2273) Concurrent Mark From Roots 3994.822ms
[2024-05-30T13:46:09.743+0000][11509.162s][info][gc,marking  ] GC(2273) Concurrent Preclean
[2024-05-30T13:46:09.745+0000][11509.164s][info][gc,marking  ] GC(2273) Concurrent Preclean 1.776ms
[2024-05-30T13:46:09.745+0000][11509.164s][info][gc,start    ] GC(2273) Pause Remark
[2024-05-30T13:46:09.771+0000][11509.190s][info][gc          ] GC(2273) Pause Remark 7310M->7310M(12288M) 25.871ms
[2024-05-30T13:46:09.771+0000][11509.190s][info][gc,cpu      ] GC(2273) User=0.11s Sys=0.00s Real=0.03s
[2024-05-30T13:46:09.771+0000][11509.190s][info][gc,marking  ] GC(2273) Concurrent Mark 4022.867ms
[2024-05-30T13:46:09.771+0000][11509.190s][info][gc,marking  ] GC(2273) Concurrent Rebuild Remembered Sets
[2024-05-30T13:46:11.656+0000][11511.075s][info][gc,marking  ] GC(2273) Concurrent Rebuild Remembered Sets 1885.099ms
[2024-05-30T13:46:11.656+0000][11511.076s][info][gc,start    ] GC(2273) Pause Cleanup
[2024-05-30T13:46:11.657+0000][11511.076s][info][gc          ] GC(2273) Pause Cleanup 9170M->9170M(12288M) 0.520ms
[2024-05-30T13:46:11.657+0000][11511.076s][info][gc,cpu      ] GC(2273) User=0.00s Sys=0.00s Real=0.00s
[2024-05-30T13:46:11.657+0000][11511.076s][info][gc,marking  ] GC(2273) Concurrent Cleanup for Next Mark
[2024-05-30T13:46:11.674+0000][11511.093s][info][gc,marking  ] GC(2273) Concurrent Cleanup for Next Mark 16.877ms
[2024-05-30T13:46:11.674+0000][11511.093s][info][gc          ] GC(2273) Concurrent Mark Cycle 5943.466ms
[2024-05-30T13:46:12.142+0000][11511.561s][info][gc,start    ] GC(2274) Pause Young (Prepare Mixed) (G1 Evacuation Pause)
[2024-05-30T13:46:12.142+0000][11511.561s][info][gc,task     ] GC(2274) Using 6 workers of 6 for evacuation
[2024-05-30T13:46:12.167+0000][11511.586s][info][gc,phases   ] GC(2274)   Pre Evacuate Collection Set: 0.2ms
[2024-05-30T13:46:12.167+0000][11511.587s][info][gc,phases   ] GC(2274)   Merge Heap Roots: 0.3ms
[2024-05-30T13:46:12.167+0000][11511.587s][info][gc,phases   ] GC(2274)   Evacuate Collection Set: 22.9ms
[2024-05-30T13:46:12.167+0000][11511.587s][info][gc,phases   ] GC(2274)   Post Evacuate Collection Set: 1.8ms
[2024-05-30T13:46:12.167+0000][11511.587s][info][gc,phases   ] GC(2274)   Other: 0.2ms
[2024-05-30T13:46:12.167+0000][11511.587s][info][gc,heap     ] GC(2274) Eden regions: 754->0(66)
[2024-05-30T13:46:12.167+0000][11511.587s][info][gc,heap     ] GC(2274) Survivor regions: 9->10(96)
[2024-05-30T13:46:12.167+0000][11511.587s][info][gc,heap     ] GC(2274) Old regions: 446->446
[2024-05-30T13:46:12.167+0000][11511.587s][info][gc,heap     ] GC(2274) Archive regions: 2->2
[2024-05-30T13:46:12.167+0000][11511.587s][info][gc,heap     ] GC(2274) Humongous regions: 5->5
[2024-05-30T13:46:12.167+0000][11511.587s][info][gc,metaspace] GC(2274) Metaspace: 433776K(440064K)->433776K(440064K) NonClass: 379773K(383232K)->379773K(383232K) Class: 54002K(56832K)->54002K(56832K)
[2024-05-30T13:46:12.167+0000][11511.587s][info][gc          ] GC(2274) Pause Young (Prepare Mixed) (G1 Evacuation Pause) 9706M->3684M(12288M) 25.428ms
[2024-05-30T13:46:12.167+0000][11511.587s][info][gc,cpu      ] GC(2274) User=0.15s Sys=0.00s Real=0.02s
[2024-05-30T13:46:12.614+0000][11512.033s][info][gc,start    ] GC(2275) Pause Young (Mixed) (G1 Evacuation Pause)
[2024-05-30T13:46:12.614+0000][11512.033s][info][gc,task     ] GC(2275) Using 6 workers of 6 for evacuation
[2024-05-30T13:46:12.670+0000][11512.090s][info][gc,phases   ] GC(2275)   Pre Evacuate Collection Set: 0.2ms
[2024-05-30T13:46:12.670+0000][11512.090s][info][gc,phases   ] GC(2275)   Merge Heap Roots: 0.3ms
[2024-05-30T13:46:12.670+0000][11512.090s][info][gc,phases   ] GC(2275)   Evacuate Collection Set: 54.9ms
[2024-05-30T13:46:12.670+0000][11512.090s][info][gc,phases   ] GC(2275)   Post Evacuate Collection Set: 1.2ms
[2024-05-30T13:46:12.670+0000][11512.090s][info][gc,phases   ] GC(2275)   Other: 0.2ms
[2024-05-30T13:46:12.670+0000][11512.090s][info][gc,heap     ] GC(2275) Eden regions: 66->0(758)
[2024-05-30T13:46:12.670+0000][11512.090s][info][gc,heap     ] GC(2275) Survivor regions: 10->5(10)
[2024-05-30T13:46:12.670+0000][11512.090s][info][gc,heap     ] GC(2275) Old regions: 446->447
[2024-05-30T13:46:12.670+0000][11512.090s][info][gc,heap     ] GC(2275) Archive regions: 2->2
[2024-05-30T13:46:12.670+0000][11512.090s][info][gc,heap     ] GC(2275) Humongous regions: 5->5
[2024-05-30T13:46:12.670+0000][11512.090s][info][gc,metaspace] GC(2275) Metaspace: 433776K(440064K)->433776K(440064K) NonClass: 379773K(383232K)->379773K(383232K) Class: 54002K(56832K)->54002K(56832K)
[2024-05-30T13:46:12.670+0000][11512.090s][info][gc          ] GC(2275) Pause Young (Mixed) (G1 Evacuation Pause) 4212M->3654M(12288M) 56.800ms
[2024-05-30T13:46:12.671+0000][11512.090s][info][gc,cpu      ] GC(2275) User=0.33s Sys=0.01s Real=0.06s
[2024-05-30T13:46:17.676+0000][11517.095s][info][gc,start    ] GC(2276) Pause Young (Normal) (G1 Evacuation Pause)
[2024-05-30T13:46:17.676+0000][11517.095s][info][gc,task     ] GC(2276) Using 6 workers of 6 for evacuation
[2024-05-30T13:46:17.688+0000][11517.108s][info][gc,phases   ] GC(2276)   Pre Evacuate Collection Set: 0.2ms
[2024-05-30T13:46:17.688+0000][11517.108s][info][gc,phases   ] GC(2276)   Merge Heap Roots: 0.2ms
[2024-05-30T13:46:17.688+0000][11517.108s][info][gc,phases   ] GC(2276)   Evacuate Collection Set: 10.7ms
[2024-05-30T13:46:17.688+0000][11517.108s][info][gc,phases   ] GC(2276)   Post Evacuate Collection Set: 1.6ms
[2024-05-30T13:46:17.688+0000][11517.108s][info][gc,phases   ] GC(2276)   Other: 0.2ms
[2024-05-30T13:46:17.688+0000][11517.108s][info][gc,heap     ] GC(2276) Eden regions: 758->0(757)
[2024-05-30T13:46:17.688+0000][11517.108s][info][gc,heap     ] GC(2276) Survivor regions: 5->6(96)
[2024-05-30T13:46:17.688+0000][11517.108s][info][gc,heap     ] GC(2276) Old regions: 447->447
[2024-05-30T13:46:17.688+0000][11517.108s][info][gc,heap     ] GC(2276) Archive regions: 2->2
[2024-05-30T13:46:17.688+0000][11517.108s][info][gc,heap     ] GC(2276) Humongous regions: 5->5
[2024-05-30T13:46:17.688+0000][11517.108s][info][gc,metaspace] GC(2276) Metaspace: 433776K(440064K)->433776K(440064K) NonClass: 379773K(383232K)->379773K(383232K) Class: 54002K(56832K)->54002K(56832K)
[2024-05-30T13:46:17.688+0000][11517.108s][info][gc          ] GC(2276) Pause Young (Normal) (G1 Evacuation Pause) 9718M->3660M(12288M) 12.968ms
[2024-05-30T13:46:17.689+0000][11517.108s][info][gc,cpu      ] GC(2276) User=0.07s Sys=0.00s Real=0.02s
[2024-05-30T13:46:20.993+0000][11520.413s][info][gc,start    ] GC(2277) Pause Young (Normal) (G1 Evacuation Pause)
[2024-05-30T13:46:20.993+0000][11520.413s][info][gc,task     ] GC(2277) Using 6 workers of 6 for evacuation
[2024-05-30T13:46:21.007+0000][11520.427s][info][gc,phases   ] GC(2277)   Pre Evacuate Collection Set: 0.2ms
[2024-05-30T13:46:21.007+0000][11520.427s][info][gc,phases   ] GC(2277)   Merge Heap Roots: 0.2ms
[2024-05-30T13:46:21.007+0000][11520.427s][info][gc,phases   ] GC(2277)   Evacuate Collection Set: 11.8ms
[2024-05-30T13:46:21.007+0000][11520.427s][info][gc,phases   ] GC(2277)   Post Evacuate Collection Set: 1.7ms
[2024-05-30T13:46:21.007+0000][11520.427s][info][gc,phases   ] GC(2277)   Other: 0.2ms
[2024-05-30T13:46:21.007+0000][11520.427s][info][gc,heap     ] GC(2277) Eden regions: 757->0(755)
[2024-05-30T13:46:21.007+0000][11520.427s][info][gc,heap     ] GC(2277) Survivor regions: 6->8(96)
[2024-05-30T13:46:21.007+0000][11520.427s][info][gc,heap     ] GC(2277) Old regions: 447->447
[2024-05-30T13:46:21.007+0000][11520.427s][info][gc,heap     ] GC(2277) Archive regions: 2->2
[2024-05-30T13:46:21.007+0000][11520.427s][info][gc,heap     ] GC(2277) Humongous regions: 5->5
[2024-05-30T13:46:21.007+0000][11520.427s][info][gc,metaspace] GC(2277) Metaspace: 433776K(440064K)->433776K(440064K) NonClass: 379773K(383232K)->379773K(383232K) Class: 54002K(56832K)->54002K(56832K)
[2024-05-30T13:46:21.007+0000][11520.427s][info][gc          ] GC(2277) Pause Young (Normal) (G1 Evacuation Pause) 9716M->3675M(12288M) 14.134ms
[2024-05-30T13:46:21.008+0000][11520.427s][info][gc,cpu      ] GC(2277) User=0.08s Sys=0.01s Real=0.01s
[2024-05-30T13:46:23.762+0000][11523.181s][info][gc,start    ] GC(2278) Pause Young (Concurrent Start) (G1 Evacuation Pause)
[2024-05-30T13:46:23.762+0000][11523.181s][info][gc,task     ] GC(2278) Using 6 workers of 6 for evacuation
[2024-05-30T13:46:23.780+0000][11523.199s][info][gc,phases   ] GC(2278)   Pre Evacuate Collection Set: 0.6ms
[2024-05-30T13:46:23.780+0000][11523.199s][info][gc,phases   ] GC(2278)   Merge Heap Roots: 0.2ms
[2024-05-30T13:46:23.780+0000][11523.199s][info][gc,phases   ] GC(2278)   Evacuate Collection Set: 14.9ms
[2024-05-30T13:46:23.780+0000][11523.199s][info][gc,phases   ] GC(2278)   Post Evacuate Collection Set: 1.9ms
[2024-05-30T13:46:23.780+0000][11523.199s][info][gc,phases   ] GC(2278)   Other: 0.3ms
[2024-05-30T13:46:23.780+0000][11523.199s][info][gc,heap     ] GC(2278) Eden regions: 755->0(753)
[2024-05-30T13:46:23.780+0000][11523.199s][info][gc,heap     ] GC(2278) Survivor regions: 8->10(96)
[2024-05-30T13:46:23.780+0000][11523.199s][info][gc,heap     ] GC(2278) Old regions: 447->447
[2024-05-30T13:46:23.780+0000][11523.199s][info][gc,heap     ] GC(2278) Archive regions: 2->2
[2024-05-30T13:46:23.780+0000][11523.199s][info][gc,heap     ] GC(2278) Humongous regions: 5->5
[2024-05-30T13:46:23.780+0000][11523.199s][info][gc,metaspace] GC(2278) Metaspace: 433777K(440064K)->433777K(440064K) NonClass: 379774K(383232K)->379774K(383232K) Class: 54002K(56832K)->54002K(56832K)
[2024-05-30T13:46:23.780+0000][11523.199s][info][gc          ] GC(2278) Pause Young (Concurrent Start) (G1 Evacuation Pause) 9715M->3691M(12288M) 18.027ms
[2024-05-30T13:46:23.780+0000][11523.199s][info][gc,cpu      ] GC(2278) User=0.10s Sys=0.00s Real=0.02s
[2024-05-30T13:46:23.780+0000][11523.199s][info][gc          ] GC(2279) Concurrent Mark Cycle
[2024-05-30T13:46:23.780+0000][11523.199s][info][gc,marking  ] GC(2279) Concurrent Clear Claimed Marks
[2024-05-30T13:46:23.780+0000][11523.199s][info][gc,marking  ] GC(2279) Concurrent Clear Claimed Marks 0.369ms
[2024-05-30T13:46:23.780+0000][11523.200s][info][gc,marking  ] GC(2279) Concurrent Scan Root Regions
[2024-05-30T13:46:23.794+0000][11523.214s][info][gc,marking  ] GC(2279) Concurrent Scan Root Regions 14.143ms
[2024-05-30T13:46:23.794+0000][11523.214s][info][gc,marking  ] GC(2279) Concurrent Mark
[2024-05-30T13:46:23.794+0000][11523.214s][info][gc,marking  ] GC(2279) Concurrent Mark From Roots
[2024-05-30T13:46:23.794+0000][11523.214s][info][gc,task     ] GC(2279) Using 2 workers of 2 for marking
[2024-05-30T13:46:27.800+0000][11527.219s][info][gc,marking  ] GC(2279) Concurrent Mark From Roots 4005.740ms
[2024-05-30T13:46:27.800+0000][11527.219s][info][gc,marking  ] GC(2279) Concurrent Preclean
[2024-05-30T13:46:27.802+0000][11527.221s][info][gc,marking  ] GC(2279) Concurrent Preclean 1.570ms
[2024-05-30T13:46:27.802+0000][11527.221s][info][gc,start    ] GC(2279) Pause Remark
[2024-05-30T13:46:27.826+0000][11527.246s][info][gc          ] GC(2279) Pause Remark 9247M->9247M(12288M) 24.494ms
[2024-05-30T13:46:27.827+0000][11527.246s][info][gc,cpu      ] GC(2279) User=0.10s Sys=0.00s Real=0.02s
[2024-05-30T13:46:27.827+0000][11527.246s][info][gc,marking  ] GC(2279) Concurrent Mark 4032.191ms
[2024-05-30T13:46:27.827+0000][11527.246s][info][gc,marking  ] GC(2279) Concurrent Rebuild Remembered Sets
[2024-05-30T13:46:28.152+0000][11527.572s][info][gc,start    ] GC(2280) Pause Young (Normal) (G1 Evacuation Pause)
[2024-05-30T13:46:28.152+0000][11527.572s][info][gc,task     ] GC(2280) Using 6 workers of 6 for evacuation
[2024-05-30T13:46:28.170+0000][11527.589s][info][gc,phases   ] GC(2280)   Pre Evacuate Collection Set: 0.2ms
[2024-05-30T13:46:28.170+0000][11527.589s][info][gc,phases   ] GC(2280)   Merge Heap Roots: 0.3ms
[2024-05-30T13:46:28.170+0000][11527.589s][info][gc,phases   ] GC(2280)   Evacuate Collection Set: 15.3ms
[2024-05-30T13:46:28.170+0000][11527.589s][info][gc,phases   ] GC(2280)   Post Evacuate Collection Set: 1.8ms
[2024-05-30T13:46:28.170+0000][11527.589s][info][gc,phases   ] GC(2280)   Other: 0.2ms
[2024-05-30T13:46:28.170+0000][11527.589s][info][gc,heap     ] GC(2280) Eden regions: 753->0(756)
[2024-05-30T13:46:28.170+0000][11527.589s][info][gc,heap     ] GC(2280) Survivor regions: 10->7(96)
[2024-05-30T13:46:28.170+0000][11527.589s][info][gc,heap     ] GC(2280) Old regions: 447->447
[2024-05-30T13:46:28.170+0000][11527.589s][info][gc,heap     ] GC(2280) Archive regions: 2->2
[2024-05-30T13:46:28.170+0000][11527.589s][info][gc,heap     ] GC(2280) Humongous regions: 5->5
[2024-05-30T13:46:28.170+0000][11527.589s][info][gc,metaspace] GC(2280) Metaspace: 433777K(440064K)->433777K(440064K) NonClass: 379774K(383232K)->379774K(383232K) Class: 54002K(56832K)->54002K(56832K)
[2024-05-30T13:46:28.170+0000][11527.589s][info][gc          ] GC(2280) Pause Young (Normal) (G1 Evacuation Pause) 9715M->3672M(12288M) 17.845ms
[2024-05-30T13:46:28.170+0000][11527.590s][info][gc,cpu      ] GC(2280) User=0.10s Sys=0.00s Real=0.02s
[2024-05-30T13:46:29.727+0000][11529.147s][info][gc,marking  ] GC(2279) Concurrent Rebuild Remembered Sets 1900.619ms
[2024-05-30T13:46:29.727+0000][11529.147s][info][gc,start    ] GC(2279) Pause Cleanup
[2024-05-30T13:46:29.728+0000][11529.147s][info][gc          ] GC(2279) Pause Cleanup 5884M->5884M(12288M) 0.482ms
[2024-05-30T13:46:29.728+0000][11529.147s][info][gc,cpu      ] GC(2279) User=0.00s Sys=0.00s Real=0.00s
[2024-05-30T13:46:29.728+0000][11529.147s][info][gc,marking  ] GC(2279) Concurrent Cleanup for Next Mark
[2024-05-30T13:46:29.746+0000][11529.165s][info][gc,marking  ] GC(2279) Concurrent Cleanup for Next Mark 17.480ms
[2024-05-30T13:46:29.746+0000][11529.165s][info][gc          ] GC(2279) Concurrent Mark Cycle 5965.739ms
[2024-05-30T13:46:31.982+0000][11531.401s][info][gc,start    ] GC(2281) Pause Young (Prepare Mixed) (G1 Evacuation Pause)
[2024-05-30T13:46:31.982+0000][11531.401s][info][gc,task     ] GC(2281) Using 6 workers of 6 for evacuation
[2024-05-30T13:46:32.002+0000][11531.421s][info][gc,phases   ] GC(2281)   Pre Evacuate Collection Set: 0.2ms
[2024-05-30T13:46:32.002+0000][11531.421s][info][gc,phases   ] GC(2281)   Merge Heap Roots: 0.3ms
[2024-05-30T13:46:32.002+0000][11531.421s][info][gc,phases   ] GC(2281)   Evacuate Collection Set: 17.2ms
[2024-05-30T13:46:32.002+0000][11531.421s][info][gc,phases   ] GC(2281)   Post Evacuate Collection Set: 1.8ms
[2024-05-30T13:46:32.002+0000][11531.421s][info][gc,phases   ] GC(2281)   Other: 0.2ms
[2024-05-30T13:46:32.002+0000][11531.421s][info][gc,heap     ] GC(2281) Eden regions: 756->0(67)
[2024-05-30T13:46:32.002+0000][11531.421s][info][gc,heap     ] GC(2281) Survivor regions: 7->9(96)
[2024-05-30T13:46:32.002+0000][11531.421s][info][gc,heap     ] GC(2281) Old regions: 447->447
[2024-05-30T13:46:32.002+0000][11531.421s][info][gc,heap     ] GC(2281) Archive regions: 2->2
[2024-05-30T13:46:32.002+0000][11531.421s][info][gc,heap     ] GC(2281) Humongous regions: 5->5
[2024-05-30T13:46:32.002+0000][11531.421s][info][gc,metaspace] GC(2281) Metaspace: 433778K(440064K)->433778K(440064K) NonClass: 379775K(383232K)->379775K(383232K) Class: 54002K(56832K)->54002K(56832K)
[2024-05-30T13:46:32.002+0000][11531.421s][info][gc          ] GC(2281) Pause Young (Prepare Mixed) (G1 Evacuation Pause) 9720M->3687M(12288M) 19.670ms
[2024-05-30T13:46:32.002+0000][11531.421s][info][gc,cpu      ] GC(2281) User=0.12s Sys=0.00s Real=0.02s
[2024-05-30T13:46:32.361+0000][11531.780s][info][gc,start    ] GC(2282) Pause Young (Mixed) (G1 Evacuation Pause)
[2024-05-30T13:46:32.361+0000][11531.780s][info][gc,task     ] GC(2282) Using 6 workers of 6 for evacuation
[2024-05-30T13:46:32.413+0000][11531.832s][info][gc,phases   ] GC(2282)   Pre Evacuate Collection Set: 0.2ms
[2024-05-30T13:46:32.413+0000][11531.832s][info][gc,phases   ] GC(2282)   Merge Heap Roots: 0.3ms
[2024-05-30T13:46:32.413+0000][11531.832s][info][gc,phases   ] GC(2282)   Evacuate Collection Set: 50.3ms
[2024-05-30T13:46:32.413+0000][11531.832s][info][gc,phases   ] GC(2282)   Post Evacuate Collection Set: 1.3ms
[2024-05-30T13:46:32.413+0000][11531.832s][info][gc,phases   ] GC(2282)   Other: 0.2ms
[2024-05-30T13:46:32.413+0000][11531.832s][info][gc,heap     ] GC(2282) Eden regions: 67->0(757)
[2024-05-30T13:46:32.413+0000][11531.832s][info][gc,heap     ] GC(2282) Survivor regions: 9->6(10)
[2024-05-30T13:46:32.413+0000][11531.832s][info][gc,heap     ] GC(2282) Old regions: 447->447
[2024-05-30T13:46:32.413+0000][11531.832s][info][gc,heap     ] GC(2282) Archive regions: 2->2
[2024-05-30T13:46:32.413+0000][11531.832s][info][gc,heap     ] GC(2282) Humongous regions: 5->5
[2024-05-30T13:46:32.413+0000][11531.832s][info][gc,metaspace] GC(2282) Metaspace: 433778K(440064K)->433778K(440064K) NonClass: 379775K(383232K)->379775K(383232K) Class: 54002K(56832K)->54002K(56832K)
[2024-05-30T13:46:32.413+0000][11531.832s][info][gc          ] GC(2282) Pause Young (Mixed) (G1 Evacuation Pause) 4223M->3664M(12288M) 52.249ms
[2024-05-30T13:46:32.413+0000][11531.832s][info][gc,cpu      ] GC(2282) User=0.30s Sys=0.02s Real=0.05s
[2024-05-30T13:46:35.492+0000][11534.911s][info][gc,start    ] GC(2283) Pause Young (Normal) (G1 Evacuation Pause)
[2024-05-30T13:46:35.492+0000][11534.911s][info][gc,task     ] GC(2283) Using 6 workers of 6 for evacuation
[2024-05-30T13:46:35.504+0000][11534.923s][info][gc,phases   ] GC(2283)   Pre Evacuate Collection Set: 0.2ms
[2024-05-30T13:46:35.504+0000][11534.923s][info][gc,phases   ] GC(2283)   Merge Heap Roots: 0.2ms
[2024-05-30T13:46:35.504+0000][11534.923s][info][gc,phases   ] GC(2283)   Evacuate Collection Set: 9.9ms
[2024-05-30T13:46:35.504+0000][11534.923s][info][gc,phases   ] GC(2283)   Post Evacuate Collection Set: 1.7ms
[2024-05-30T13:46:35.504+0000][11534.923s][info][gc,phases   ] GC(2283)   Other: 0.2ms
[2024-05-30T13:46:35.504+0000][11534.923s][info][gc,heap     ] GC(2283) Eden regions: 757->0(757)
[2024-05-30T13:46:35.504+0000][11534.923s][info][gc,heap     ] GC(2283) Survivor regions: 6->7(96)
[2024-05-30T13:46:35.504+0000][11534.923s][info][gc,heap     ] GC(2283) Old regions: 447->447
[2024-05-30T13:46:35.504+0000][11534.923s][info][gc,heap     ] GC(2283) Archive regions: 2->2
[2024-05-30T13:46:35.504+0000][11534.923s][info][gc,heap     ] GC(2283) Humongous regions: 5->5
[2024-05-30T13:46:35.504+0000][11534.923s][info][gc,metaspace] GC(2283) Metaspace: 433778K(440064K)->433778K(440064K) NonClass: 379775K(383232K)->379775K(383232K) Class: 54002K(56832K)->54002K(56832K)
[2024-05-30T13:46:35.504+0000][11534.924s][info][gc          ] GC(2283) Pause Young (Normal) (G1 Evacuation Pause) 9720M->3671M(12288M) 12.241ms
[2024-05-30T13:46:35.504+0000][11534.924s][info][gc,cpu      ] GC(2283) User=0.06s Sys=0.00s Real=0.01s
[2024-05-30T13:46:38.551+0000][11537.971s][info][gc,start    ] GC(2284) Pause Young (Normal) (G1 Evacuation Pause)
[2024-05-30T13:46:38.551+0000][11537.971s][info][gc,task     ] GC(2284) Using 6 workers of 6 for evacuation
[2024-05-30T13:46:38.564+0000][11537.983s][info][gc,phases   ] GC(2284)   Pre Evacuate Collection Set: 0.2ms
[2024-05-30T13:46:38.564+0000][11537.983s][info][gc,phases   ] GC(2284)   Merge Heap Roots: 0.2ms
[2024-05-30T13:46:38.564+0000][11537.983s][info][gc,phases   ] GC(2284)   Evacuate Collection Set: 10.5ms
[2024-05-30T13:46:38.564+0000][11537.983s][info][gc,phases   ] GC(2284)   Post Evacuate Collection Set: 1.8ms
[2024-05-30T13:46:38.564+0000][11537.983s][info][gc,phases   ] GC(2284)   Other: 0.2ms
[2024-05-30T13:46:38.564+0000][11537.983s][info][gc,heap     ] GC(2284) Eden regions: 757->0(758)
[2024-05-30T13:46:38.564+0000][11537.983s][info][gc,heap     ] GC(2284) Survivor regions: 7->6(96)
[2024-05-30T13:46:38.564+0000][11537.983s][info][gc,heap     ] GC(2284) Old regions: 447->447
[2024-05-30T13:46:38.564+0000][11537.983s][info][gc,heap     ] GC(2284) Archive regions: 2->2
[2024-05-30T13:46:38.564+0000][11537.983s][info][gc,heap     ] GC(2284) Humongous regions: 5->5
[2024-05-30T13:46:38.564+0000][11537.983s][info][gc,metaspace] GC(2284) Metaspace: 433778K(440064K)->433778K(440064K) NonClass: 379775K(383232K)->379775K(383232K) Class: 54002K(56832K)->54002K(56832K)
[2024-05-30T13:46:38.564+0000][11537.983s][info][gc          ] GC(2284) Pause Young (Normal) (G1 Evacuation Pause) 9727M->3664M(12288M) 12.948ms
[2024-05-30T13:46:38.564+0000][11537.984s][info][gc,cpu      ] GC(2284) User=0.08s Sys=0.00s Real=0.01s
[2024-05-30T13:46:41.274+0000][11540.693s][info][gc,start    ] GC(2285) Pause Young (Concurrent Start) (G1 Evacuation Pause)
[2024-05-30T13:46:41.274+0000][11540.693s][info][gc,task     ] GC(2285) Using 6 workers of 6 for evacuation
[2024-05-30T13:46:41.288+0000][11540.707s][info][gc,phases   ] GC(2285)   Pre Evacuate Collection Set: 0.5ms
[2024-05-30T13:46:41.288+0000][11540.707s][info][gc,phases   ] GC(2285)   Merge Heap Roots: 0.2ms
[2024-05-30T13:46:41.288+0000][11540.707s][info][gc,phases   ] GC(2285)   Evacuate Collection Set: 11.5ms
[2024-05-30T13:46:41.288+0000][11540.707s][info][gc,phases   ] GC(2285)   Post Evacuate Collection Set: 1.7ms
[2024-05-30T13:46:41.288+0000][11540.707s][info][gc,phases   ] GC(2285)   Other: 0.3ms
[2024-05-30T13:46:41.288+0000][11540.707s][info][gc,heap     ] GC(2285) Eden regions: 758->0(757)
[2024-05-30T13:46:41.288+0000][11540.707s][info][gc,heap     ] GC(2285) Survivor regions: 6->7(96)
[2024-05-30T13:46:41.288+0000][11540.707s][info][gc,heap     ] GC(2285) Old regions: 447->447
[2024-05-30T13:46:41.288+0000][11540.707s][info][gc,heap     ] GC(2285) Archive regions: 2->2
[2024-05-30T13:46:41.288+0000][11540.707s][info][gc,heap     ] GC(2285) Humongous regions: 5->5
[2024-05-30T13:46:41.288+0000][11540.707s][info][gc,metaspace] GC(2285) Metaspace: 433778K(440064K)->433778K(440064K) NonClass: 379775K(383232K)->379775K(383232K) Class: 54002K(56832K)->54002K(56832K)
[2024-05-30T13:46:41.288+0000][11540.707s][info][gc          ] GC(2285) Pause Young (Concurrent Start) (G1 Evacuation Pause) 9728M->3668M(12288M) 14.264ms
[2024-05-30T13:46:41.288+0000][11540.707s][info][gc,cpu      ] GC(2285) User=0.08s Sys=0.00s Real=0.01s
[2024-05-30T13:46:41.288+0000][11540.707s][info][gc          ] GC(2286) Concurrent Mark Cycle
[2024-05-30T13:46:41.288+0000][11540.707s][info][gc,marking  ] GC(2286) Concurrent Clear Claimed Marks
[2024-05-30T13:46:41.288+0000][11540.708s][info][gc,marking  ] GC(2286) Concurrent Clear Claimed Marks 0.375ms
[2024-05-30T13:46:41.288+0000][11540.708s][info][gc,marking  ] GC(2286) Concurrent Scan Root Regions
[2024-05-30T13:46:41.303+0000][11540.722s][info][gc,marking  ] GC(2286) Concurrent Scan Root Regions 14.746ms
[2024-05-30T13:46:41.303+0000][11540.722s][info][gc,marking  ] GC(2286) Concurrent Mark
[2024-05-30T13:46:41.303+0000][11540.722s][info][gc,marking  ] GC(2286) Concurrent Mark From Roots
[2024-05-30T13:46:41.303+0000][11540.722s][info][gc,task     ] GC(2286) Using 2 workers of 2 for marking
[2024-05-30T13:46:44.970+0000][11544.389s][info][gc,start    ] GC(2287) Pause Young (Normal) (G1 Evacuation Pause)
[2024-05-30T13:46:44.970+0000][11544.389s][info][gc,task     ] GC(2287) Using 6 workers of 6 for evacuation
[2024-05-30T13:46:44.986+0000][11544.405s][info][gc,phases   ] GC(2287)   Pre Evacuate Collection Set: 0.2ms
[2024-05-30T13:46:44.986+0000][11544.405s][info][gc,phases   ] GC(2287)   Merge Heap Roots: 0.2ms
[2024-05-30T13:46:44.986+0000][11544.405s][info][gc,phases   ] GC(2287)   Evacuate Collection Set: 13.7ms
[2024-05-30T13:46:44.986+0000][11544.405s][info][gc,phases   ] GC(2287)   Post Evacuate Collection Set: 1.7ms
[2024-05-30T13:46:44.986+0000][11544.405s][info][gc,phases   ] GC(2287)   Other: 0.2ms
[2024-05-30T13:46:44.986+0000][11544.405s][info][gc,heap     ] GC(2287) Eden regions: 757->0(756)
[2024-05-30T13:46:44.986+0000][11544.405s][info][gc,heap     ] GC(2287) Survivor regions: 7->8(96)
[2024-05-30T13:46:44.986+0000][11544.405s][info][gc,heap     ] GC(2287) Old regions: 447->447
[2024-05-30T13:46:44.986+0000][11544.405s][info][gc,heap     ] GC(2287) Archive regions: 2->2
[2024-05-30T13:46:44.986+0000][11544.405s][info][gc,heap     ] GC(2287) Humongous regions: 5->5
[2024-05-30T13:46:44.986+0000][11544.405s][info][gc,metaspace] GC(2287) Metaspace: 433778K(440064K)->433778K(440064K) NonClass: 379775K(383232K)->379775K(383232K) Class: 54002K(56832K)->54002K(56832K)
[2024-05-30T13:46:44.986+0000][11544.405s][info][gc          ] GC(2287) Pause Young (Normal) (G1 Evacuation Pause) 9724M->3678M(12288M) 16.090ms
[2024-05-30T13:46:44.986+0000][11544.405s][info][gc,cpu      ] GC(2287) User=0.10s Sys=0.00s Real=0.01s
[2024-05-30T13:46:45.324+0000][11544.743s][info][gc,marking  ] GC(2286) Concurrent Mark From Roots 4020.873ms
[2024-05-30T13:46:45.324+0000][11544.743s][info][gc,marking  ] GC(2286) Concurrent Preclean
[2024-05-30T13:46:45.326+0000][11544.745s][info][gc,marking  ] GC(2286) Concurrent Preclean 1.908ms
[2024-05-30T13:46:45.326+0000][11544.745s][info][gc,start    ] GC(2286) Pause Remark
[2024-05-30T13:46:45.350+0000][11544.770s][info][gc          ] GC(2286) Pause Remark 4266M->4266M(12288M) 24.263ms
[2024-05-30T13:46:45.351+0000][11544.770s][info][gc,cpu      ] GC(2286) User=0.10s Sys=0.00s Real=0.03s
[2024-05-30T13:46:45.351+0000][11544.770s][info][gc,marking  ] GC(2286) Concurrent Mark 4047.561ms
[2024-05-30T13:46:45.351+0000][11544.770s][info][gc,marking  ] GC(2286) Concurrent Rebuild Remembered Sets
[2024-05-30T13:46:47.257+0000][11546.676s][info][gc,marking  ] GC(2286) Concurrent Rebuild Remembered Sets 1906.432ms
[2024-05-30T13:46:47.257+0000][11546.677s][info][gc,start    ] GC(2286) Pause Cleanup
[2024-05-30T13:46:47.258+0000][11546.677s][info][gc          ] GC(2286) Pause Cleanup 7326M->7326M(12288M) 0.497ms
[2024-05-30T13:46:47.258+0000][11546.677s][info][gc,cpu      ] GC(2286) User=0.00s Sys=0.00s Real=0.00s
[2024-05-30T13:46:47.258+0000][11546.677s][info][gc,marking  ] GC(2286) Concurrent Cleanup for Next Mark
[2024-05-30T13:46:47.275+0000][11546.694s][info][gc,marking  ] GC(2286) Concurrent Cleanup for Next Mark 16.725ms
[2024-05-30T13:46:47.275+0000][11546.694s][info][gc          ] GC(2286) Concurrent Mark Cycle 5986.909ms
[2024-05-30T13:46:49.385+0000][11548.804s][info][gc,start    ] GC(2288) Pause Young (Prepare Mixed) (G1 Evacuation Pause)
[2024-05-30T13:46:49.385+0000][11548.804s][info][gc,task     ] GC(2288) Using 6 workers of 6 for evacuation
[2024-05-30T13:46:49.401+0000][11548.820s][info][gc,phases   ] GC(2288)   Pre Evacuate Collection Set: 0.2ms
[2024-05-30T13:46:49.401+0000][11548.820s][info][gc,phases   ] GC(2288)   Merge Heap Roots: 0.2ms
[2024-05-30T13:46:49.401+0000][11548.820s][info][gc,phases   ] GC(2288)   Evacuate Collection Set: 14.3ms
[2024-05-30T13:46:49.401+0000][11548.820s][info][gc,phases   ] GC(2288)   Post Evacuate Collection Set: 1.8ms
[2024-05-30T13:46:49.401+0000][11548.820s][info][gc,phases   ] GC(2288)   Other: 0.2ms
[2024-05-30T13:46:49.401+0000][11548.820s][info][gc,heap     ] GC(2288) Eden regions: 756->0(68)
[2024-05-30T13:46:49.401+0000][11548.820s][info][gc,heap     ] GC(2288) Survivor regions: 8->8(96)
[2024-05-30T13:46:49.401+0000][11548.820s][info][gc,heap     ] GC(2288) Old regions: 447->447
[2024-05-30T13:46:49.401+0000][11548.820s][info][gc,heap     ] GC(2288) Archive regions: 2->2
[2024-05-30T13:46:49.401+0000][11548.820s][info][gc,heap     ] GC(2288) Humongous regions: 5->5
[2024-05-30T13:46:49.401+0000][11548.820s][info][gc,metaspace] GC(2288) Metaspace: 433780K(440064K)->433780K(440064K) NonClass: 379776K(383232K)->379776K(383232K) Class: 54003K(56832K)->54003K(56832K)
[2024-05-30T13:46:49.401+0000][11548.821s][info][gc          ] GC(2288) Pause Young (Prepare Mixed) (G1 Evacuation Pause) 9726M->3679M(12288M) 16.762ms
[2024-05-30T13:46:49.401+0000][11548.821s][info][gc,cpu      ] GC(2288) User=0.10s Sys=0.00s Real=0.02s
[2024-05-30T13:46:49.737+0000][11549.156s][info][gc,start    ] GC(2289) Pause Young (Mixed) (G1 Evacuation Pause)
[2024-05-30T13:46:49.737+0000][11549.157s][info][gc,task     ] GC(2289) Using 6 workers of 6 for evacuation
[2024-05-30T13:46:49.791+0000][11549.211s][info][gc,phases   ] GC(2289)   Pre Evacuate Collection Set: 0.2ms
[2024-05-30T13:46:49.791+0000][11549.211s][info][gc,phases   ] GC(2289)   Merge Heap Roots: 0.3ms
[2024-05-30T13:46:49.791+0000][11549.211s][info][gc,phases   ] GC(2289)   Evacuate Collection Set: 52.2ms
[2024-05-30T13:46:49.791+0000][11549.211s][info][gc,phases   ] GC(2289)   Post Evacuate Collection Set: 1.2ms
[2024-05-30T13:46:49.791+0000][11549.211s][info][gc,phases   ] GC(2289)   Other: 0.2ms
[2024-05-30T13:46:49.791+0000][11549.211s][info][gc,heap     ] GC(2289) Eden regions: 68->0(758)
[2024-05-30T13:46:49.791+0000][11549.211s][info][gc,heap     ] GC(2289) Survivor regions: 8->6(10)
[2024-05-30T13:46:49.791+0000][11549.211s][info][gc,heap     ] GC(2289) Old regions: 447->447
[2024-05-30T13:46:49.791+0000][11549.211s][info][gc,heap     ] GC(2289) Archive regions: 2->2
[2024-05-30T13:46:49.791+0000][11549.211s][info][gc,heap     ] GC(2289) Humongous regions: 5->5
[2024-05-30T13:46:49.791+0000][11549.211s][info][gc,metaspace] GC(2289) Metaspace: 433780K(440064K)->433780K(440064K) NonClass: 379776K(383232K)->379776K(383232K) Class: 54003K(56832K)->54003K(56832K)
[2024-05-30T13:46:49.791+0000][11549.211s][info][gc          ] GC(2289) Pause Young (Mixed) (G1 Evacuation Pause) 4223M->3657M(12288M) 54.153ms
[2024-05-30T13:46:49.791+0000][11549.211s][info][gc,cpu      ] GC(2289) User=0.32s Sys=0.00s Real=0.05s
[2024-05-30T13:46:52.800+0000][11552.219s][info][gc,start    ] GC(2290) Pause Young (Normal) (G1 Evacuation Pause)
[2024-05-30T13:46:52.800+0000][11552.219s][info][gc,task     ] GC(2290) Using 6 workers of 6 for evacuation
[2024-05-30T13:46:52.816+0000][11552.235s][info][gc,phases   ] GC(2290)   Pre Evacuate Collection Set: 0.2ms
[2024-05-30T13:46:52.816+0000][11552.235s][info][gc,phases   ] GC(2290)   Merge Heap Roots: 0.2ms
[2024-05-30T13:46:52.816+0000][11552.235s][info][gc,phases   ] GC(2290)   Evacuate Collection Set: 13.2ms
[2024-05-30T13:46:52.816+0000][11552.235s][info][gc,phases   ] GC(2290)   Post Evacuate Collection Set: 2.0ms
[2024-05-30T13:46:52.816+0000][11552.235s][info][gc,phases   ] GC(2290)   Other: 0.2ms
[2024-05-30T13:46:52.816+0000][11552.235s][info][gc,heap     ] GC(2290) Eden regions: 758->0(755)
[2024-05-30T13:46:52.816+0000][11552.235s][info][gc,heap     ] GC(2290) Survivor regions: 6->8(96)
[2024-05-30T13:46:52.816+0000][11552.235s][info][gc,heap     ] GC(2290) Old regions: 447->447
[2024-05-30T13:46:52.816+0000][11552.235s][info][gc,heap     ] GC(2290) Archive regions: 2->2
[2024-05-30T13:46:52.816+0000][11552.235s][info][gc,heap     ] GC(2290) Humongous regions: 5->5
[2024-05-30T13:46:52.816+0000][11552.235s][info][gc,metaspace] GC(2290) Metaspace: 433790K(440064K)->433790K(440064K) NonClass: 379786K(383232K)->379786K(383232K) Class: 54003K(56832K)->54003K(56832K)
[2024-05-30T13:46:52.816+0000][11552.235s][info][gc          ] GC(2290) Pause Young (Normal) (G1 Evacuation Pause) 9721M->3674M(12288M) 15.791ms
[2024-05-30T13:46:52.816+0000][11552.235s][info][gc,cpu      ] GC(2290) User=0.08s Sys=0.00s Real=0.01s
[2024-05-30T13:46:55.844+0000][11555.263s][info][gc,start    ] GC(2291) Pause Young (Normal) (G1 Evacuation Pause)
[2024-05-30T13:46:55.844+0000][11555.263s][info][gc,task     ] GC(2291) Using 6 workers of 6 for evacuation
[2024-05-30T13:46:55.860+0000][11555.280s][info][gc,phases   ] GC(2291)   Pre Evacuate Collection Set: 0.2ms
[2024-05-30T13:46:55.860+0000][11555.280s][info][gc,phases   ] GC(2291)   Merge Heap Roots: 0.2ms
[2024-05-30T13:46:55.860+0000][11555.280s][info][gc,phases   ] GC(2291)   Evacuate Collection Set: 14.1ms
[2024-05-30T13:46:55.860+0000][11555.280s][info][gc,phases   ] GC(2291)   Post Evacuate Collection Set: 1.9ms
[2024-05-30T13:46:55.860+0000][11555.280s][info][gc,phases   ] GC(2291)   Other: 0.2ms
[2024-05-30T13:46:55.860+0000][11555.280s][info][gc,heap     ] GC(2291) Eden regions: 755->0(755)
[2024-05-30T13:46:55.860+0000][11555.280s][info][gc,heap     ] GC(2291) Survivor regions: 8->8(96)
[2024-05-30T13:46:55.860+0000][11555.280s][info][gc,heap     ] GC(2291) Old regions: 447->447
[2024-05-30T13:46:55.860+0000][11555.280s][info][gc,heap     ] GC(2291) Archive regions: 2->2
[2024-05-30T13:46:55.860+0000][11555.280s][info][gc,heap     ] GC(2291) Humongous regions: 5->5
[2024-05-30T13:46:55.860+0000][11555.280s][info][gc,metaspace] GC(2291) Metaspace: 433790K(440064K)->433790K(440064K) NonClass: 379786K(383232K)->379786K(383232K) Class: 54003K(56832K)->54003K(56832K)
[2024-05-30T13:46:55.860+0000][11555.280s][info][gc          ] GC(2291) Pause Young (Normal) (G1 Evacuation Pause) 9714M->3676M(12288M) 16.604ms
[2024-05-30T13:46:55.861+0000][11555.280s][info][gc,cpu      ] GC(2291) User=0.10s Sys=0.00s Real=0.02s
[2024-05-30T13:47:00.629+0000][11560.049s][info][gc,start    ] GC(2292) Pause Young (Concurrent Start) (G1 Evacuation Pause)
[2024-05-30T13:47:00.629+0000][11560.049s][info][gc,task     ] GC(2292) Using 6 workers of 6 for evacuation
[2024-05-30T13:47:00.647+0000][11560.066s][info][gc,phases   ] GC(2292)   Pre Evacuate Collection Set: 0.5ms
[2024-05-30T13:47:00.647+0000][11560.066s][info][gc,phases   ] GC(2292)   Merge Heap Roots: 0.2ms
[2024-05-30T13:47:00.647+0000][11560.066s][info][gc,phases   ] GC(2292)   Evacuate Collection Set: 14.6ms
[2024-05-30T13:47:00.647+0000][11560.066s][info][gc,phases   ] GC(2292)   Post Evacuate Collection Set: 1.7ms
[2024-05-30T13:47:00.647+0000][11560.066s][info][gc,phases   ] GC(2292)   Other: 0.3ms
[2024-05-30T13:47:00.647+0000][11560.066s][info][gc,heap     ] GC(2292) Eden regions: 755->0(753)
[2024-05-30T13:47:00.647+0000][11560.066s][info][gc,heap     ] GC(2292) Survivor regions: 8->9(96)
[2024-05-30T13:47:00.647+0000][11560.066s][info][gc,heap     ] GC(2292) Old regions: 447->447
[2024-05-30T13:47:00.647+0000][11560.066s][info][gc,heap     ] GC(2292) Archive regions: 2->2
[2024-05-30T13:47:00.647+0000][11560.066s][info][gc,heap     ] GC(2292) Humongous regions: 5->5
[2024-05-30T13:47:00.647+0000][11560.066s][info][gc,metaspace] GC(2292) Metaspace: 433790K(440064K)->433790K(440064K) NonClass: 379786K(383232K)->379786K(383232K) Class: 54003K(56832K)->54003K(56832K)
[2024-05-30T13:47:00.647+0000][11560.066s][info][gc          ] GC(2292) Pause Young (Concurrent Start) (G1 Evacuation Pause) 9716M->3685M(12288M) 17.432ms
[2024-05-30T13:47:00.647+0000][11560.066s][info][gc,cpu      ] GC(2292) User=0.10s Sys=0.00s Real=0.01s
[2024-05-30T13:47:00.647+0000][11560.066s][info][gc          ] GC(2293) Concurrent Mark Cycle
[2024-05-30T13:47:00.647+0000][11560.066s][info][gc,marking  ] GC(2293) Concurrent Clear Claimed Marks
[2024-05-30T13:47:00.647+0000][11560.067s][info][gc,marking  ] GC(2293) Concurrent Clear Claimed Marks 0.389ms
[2024-05-30T13:47:00.647+0000][11560.067s][info][gc,marking  ] GC(2293) Concurrent Scan Root Regions
[2024-05-30T13:47:00.665+0000][11560.084s][info][gc,marking  ] GC(2293) Concurrent Scan Root Regions 17.252ms
[2024-05-30T13:47:00.665+0000][11560.084s][info][gc,marking  ] GC(2293) Concurrent Mark
[2024-05-30T13:47:00.665+0000][11560.084s][info][gc,marking  ] GC(2293) Concurrent Mark From Roots
[2024-05-30T13:47:00.665+0000][11560.084s][info][gc,task     ] GC(2293) Using 2 workers of 2 for marking
[2024-05-30T13:47:04.712+0000][11564.132s][info][gc,marking  ] GC(2293) Concurrent Mark From Roots 4047.626ms
[2024-05-30T13:47:04.712+0000][11564.132s][info][gc,marking  ] GC(2293) Concurrent Preclean
[2024-05-30T13:47:04.714+0000][11564.134s][info][gc,marking  ] GC(2293) Concurrent Preclean 1.896ms
[2024-05-30T13:47:04.714+0000][11564.134s][info][gc,start    ] GC(2293) Pause Remark
[2024-05-30T13:47:04.740+0000][11564.160s][info][gc          ] GC(2293) Pause Remark 8369M->8369M(12288M) 25.984ms
[2024-05-30T13:47:04.741+0000][11564.160s][info][gc,cpu      ] GC(2293) User=0.11s Sys=0.00s Real=0.03s
[2024-05-30T13:47:04.741+0000][11564.160s][info][gc,marking  ] GC(2293) Concurrent Mark 4076.048ms
[2024-05-30T13:47:04.741+0000][11564.160s][info][gc,marking  ] GC(2293) Concurrent Rebuild Remembered Sets
[2024-05-30T13:47:06.080+0000][11565.499s][info][gc,start    ] GC(2294) Pause Young (Normal) (G1 Evacuation Pause)
[2024-05-30T13:47:06.080+0000][11565.500s][info][gc,task     ] GC(2294) Using 6 workers of 6 for evacuation
[2024-05-30T13:47:06.102+0000][11565.522s][info][gc,phases   ] GC(2294)   Pre Evacuate Collection Set: 0.2ms
[2024-05-30T13:47:06.102+0000][11565.522s][info][gc,phases   ] GC(2294)   Merge Heap Roots: 0.3ms
[2024-05-30T13:47:06.102+0000][11565.522s][info][gc,phases   ] GC(2294)   Evacuate Collection Set: 19.6ms
[2024-05-30T13:47:06.102+0000][11565.522s][info][gc,phases   ] GC(2294)   Post Evacuate Collection Set: 1.8ms
[2024-05-30T13:47:06.102+0000][11565.522s][info][gc,phases   ] GC(2294)   Other: 0.2ms
[2024-05-30T13:47:06.102+0000][11565.522s][info][gc,heap     ] GC(2294) Eden regions: 753->0(751)
[2024-05-30T13:47:06.102+0000][11565.522s][info][gc,heap     ] GC(2294) Survivor regions: 9->11(96)
[2024-05-30T13:47:06.102+0000][11565.522s][info][gc,heap     ] GC(2294) Old regions: 447->447
[2024-05-30T13:47:06.102+0000][11565.522s][info][gc,heap     ] GC(2294) Archive regions: 2->2
[2024-05-30T13:47:06.102+0000][11565.522s][info][gc,heap     ] GC(2294) Humongous regions: 5->5
[2024-05-30T13:47:06.102+0000][11565.522s][info][gc,metaspace] GC(2294) Metaspace: 433790K(440064K)->433790K(440064K) NonClass: 379786K(383232K)->379786K(383232K) Class: 54003K(56832K)->54003K(56832K)
[2024-05-30T13:47:06.102+0000][11565.522s][info][gc          ] GC(2294) Pause Young (Normal) (G1 Evacuation Pause) 9709M->3701M(12288M) 22.207ms
[2024-05-30T13:47:06.103+0000][11565.522s][info][gc,cpu      ] GC(2294) User=0.13s Sys=0.00s Real=0.02s
[2024-05-30T13:47:06.580+0000][11566.000s][info][gc,marking  ] GC(2293) Concurrent Rebuild Remembered Sets 1839.739ms
[2024-05-30T13:47:06.581+0000][11566.000s][info][gc,start    ] GC(2293) Pause Cleanup
[2024-05-30T13:47:06.581+0000][11566.000s][info][gc          ] GC(2293) Pause Cleanup 4213M->4213M(12288M) 0.531ms
[2024-05-30T13:47:06.581+0000][11566.000s][info][gc,cpu      ] GC(2293) User=0.00s Sys=0.00s Real=0.00s
[2024-05-30T13:47:06.581+0000][11566.001s][info][gc,marking  ] GC(2293) Concurrent Cleanup for Next Mark
[2024-05-30T13:47:06.598+0000][11566.018s][info][gc,marking  ] GC(2293) Concurrent Cleanup for Next Mark 17.087ms
[2024-05-30T13:47:06.598+0000][11566.018s][info][gc          ] GC(2293) Concurrent Mark Cycle 5951.532ms
[2024-05-30T13:47:11.223+0000][11570.643s][info][gc,start    ] GC(2295) Pause Young (Prepare Mixed) (G1 Evacuation Pause)
[2024-05-30T13:47:11.223+0000][11570.643s][info][gc,task     ] GC(2295) Using 6 workers of 6 for evacuation
[2024-05-30T13:47:11.250+0000][11570.669s][info][gc,phases   ] GC(2295)   Pre Evacuate Collection Set: 0.2ms
[2024-05-30T13:47:11.250+0000][11570.669s][info][gc,phases   ] GC(2295)   Merge Heap Roots: 0.3ms
[2024-05-30T13:47:11.250+0000][11570.669s][info][gc,phases   ] GC(2295)   Evacuate Collection Set: 24.1ms
[2024-05-30T13:47:11.250+0000][11570.669s][info][gc,phases   ] GC(2295)   Post Evacuate Collection Set: 2.0ms
[2024-05-30T13:47:11.250+0000][11570.669s][info][gc,phases   ] GC(2295)   Other: 0.2ms
[2024-05-30T13:47:11.250+0000][11570.669s][info][gc,heap     ] GC(2295) Eden regions: 751->0(64)
[2024-05-30T13:47:11.250+0000][11570.669s][info][gc,heap     ] GC(2295) Survivor regions: 11->12(96)
[2024-05-30T13:47:11.250+0000][11570.669s][info][gc,heap     ] GC(2295) Old regions: 447->447
[2024-05-30T13:47:11.250+0000][11570.669s][info][gc,heap     ] GC(2295) Archive regions: 2->2
[2024-05-30T13:47:11.250+0000][11570.669s][info][gc,heap     ] GC(2295) Humongous regions: 5->5
[2024-05-30T13:47:11.250+0000][11570.669s][info][gc,metaspace] GC(2295) Metaspace: 433791K(440064K)->433791K(440064K) NonClass: 379786K(383232K)->379786K(383232K) Class: 54004K(56832K)->54004K(56832K)
[2024-05-30T13:47:11.250+0000][11570.669s][info][gc          ] GC(2295) Pause Young (Prepare Mixed) (G1 Evacuation Pause) 9709M->3705M(12288M) 26.721ms
[2024-05-30T13:47:11.250+0000][11570.669s][info][gc,cpu      ] GC(2295) User=0.16s Sys=0.00s Real=0.03s
[2024-05-30T13:47:11.682+0000][11571.101s][info][gc,start    ] GC(2296) Pause Young (Mixed) (G1 Evacuation Pause)
[2024-05-30T13:47:11.682+0000][11571.101s][info][gc,task     ] GC(2296) Using 6 workers of 6 for evacuation
[2024-05-30T13:47:11.737+0000][11571.156s][info][gc,phases   ] GC(2296)   Pre Evacuate Collection Set: 0.2ms
[2024-05-30T13:47:11.737+0000][11571.156s][info][gc,phases   ] GC(2296)   Merge Heap Roots: 0.3ms
[2024-05-30T13:47:11.737+0000][11571.156s][info][gc,phases   ] GC(2296)   Evacuate Collection Set: 52.9ms
[2024-05-30T13:47:11.737+0000][11571.156s][info][gc,phases   ] GC(2296)   Post Evacuate Collection Set: 1.4ms
[2024-05-30T13:47:11.737+0000][11571.156s][info][gc,phases   ] GC(2296)   Other: 0.2ms
[2024-05-30T13:47:11.737+0000][11571.156s][info][gc,heap     ] GC(2296) Eden regions: 64->0(755)
[2024-05-30T13:47:11.737+0000][11571.156s][info][gc,heap     ] GC(2296) Survivor regions: 12->6(10)
[2024-05-30T13:47:11.737+0000][11571.156s][info][gc,heap     ] GC(2296) Old regions: 447->447
[2024-05-30T13:47:11.737+0000][11571.156s][info][gc,heap     ] GC(2296) Archive regions: 2->2
[2024-05-30T13:47:11.737+0000][11571.156s][info][gc,heap     ] GC(2296) Humongous regions: 5->5
[2024-05-30T13:47:11.737+0000][11571.156s][info][gc,metaspace] GC(2296) Metaspace: 433791K(440064K)->433791K(440064K) NonClass: 379786K(383232K)->379786K(383232K) Class: 54004K(56832K)->54004K(56832K)
[2024-05-30T13:47:11.737+0000][11571.156s][info][gc          ] GC(2296) Pause Young (Mixed) (G1 Evacuation Pause) 4217M->3663M(12288M) 55.049ms
[2024-05-30T13:47:11.737+0000][11571.156s][info][gc,cpu      ] GC(2296) User=0.33s Sys=0.01s Real=0.06s
[2024-05-30T13:47:16.165+0000][11575.584s][info][gc,start    ] GC(2297) Pause Young (Normal) (G1 Evacuation Pause)
[2024-05-30T13:47:16.165+0000][11575.584s][info][gc,task     ] GC(2297) Using 6 workers of 6 for evacuation
[2024-05-30T13:47:16.189+0000][11575.608s][info][gc,phases   ] GC(2297)   Pre Evacuate Collection Set: 0.2ms
[2024-05-30T13:47:16.189+0000][11575.608s][info][gc,phases   ] GC(2297)   Merge Heap Roots: 0.2ms
[2024-05-30T13:47:16.189+0000][11575.608s][info][gc,phases   ] GC(2297)   Evacuate Collection Set: 18.8ms
[2024-05-30T13:47:16.189+0000][11575.608s][info][gc,phases   ] GC(2297)   Post Evacuate Collection Set: 4.6ms
[2024-05-30T13:47:16.189+0000][11575.608s][info][gc,phases   ] GC(2297)   Other: 0.2ms
[2024-05-30T13:47:16.189+0000][11575.608s][info][gc,heap     ] GC(2297) Eden regions: 755->0(752)
[2024-05-30T13:47:16.189+0000][11575.608s][info][gc,heap     ] GC(2297) Survivor regions: 6->9(96)
[2024-05-30T13:47:16.189+0000][11575.608s][info][gc,heap     ] GC(2297) Old regions: 447->447
[2024-05-30T13:47:16.189+0000][11575.608s][info][gc,heap     ] GC(2297) Archive regions: 2->2
[2024-05-30T13:47:16.189+0000][11575.608s][info][gc,heap     ] GC(2297) Humongous regions: 5->5
[2024-05-30T13:47:16.189+0000][11575.608s][info][gc,metaspace] GC(2297) Metaspace: 433791K(440064K)->433791K(440064K) NonClass: 379786K(383232K)->379786K(383232K) Class: 54004K(56832K)->54004K(56832K)
[2024-05-30T13:47:16.189+0000][11575.608s][info][gc          ] GC(2297) Pause Young (Normal) (G1 Evacuation Pause) 9703M->3682M(12288M) 24.124ms
[2024-05-30T13:47:16.189+0000][11575.608s][info][gc,cpu      ] GC(2297) User=0.13s Sys=0.01s Real=0.03s
[2024-05-30T13:47:18.408+0000][11577.827s][info][gc,start    ] GC(2298) Pause Young (Normal) (G1 Evacuation Pause)
[2024-05-30T13:47:18.408+0000][11577.827s][info][gc,task     ] GC(2298) Using 6 workers of 6 for evacuation
[2024-05-30T13:47:18.482+0000][11577.901s][info][gc,phases   ] GC(2298)   Pre Evacuate Collection Set: 0.2ms
[2024-05-30T13:47:18.482+0000][11577.901s][info][gc,phases   ] GC(2298)   Merge Heap Roots: 0.4ms
[2024-05-30T13:47:18.482+0000][11577.901s][info][gc,phases   ] GC(2298)   Evacuate Collection Set: 57.5ms
[2024-05-30T13:47:18.482+0000][11577.901s][info][gc,phases   ] GC(2298)   Post Evacuate Collection Set: 15.8ms
[2024-05-30T13:47:18.482+0000][11577.901s][info][gc,phases   ] GC(2298)   Other: 0.2ms
[2024-05-30T13:47:18.482+0000][11577.901s][info][gc,heap     ] GC(2298) Eden regions: 752->0(745)
[2024-05-30T13:47:18.482+0000][11577.901s][info][gc,heap     ] GC(2298) Survivor regions: 9->13(96)
[2024-05-30T13:47:18.482+0000][11577.901s][info][gc,heap     ] GC(2298) Old regions: 447->447
[2024-05-30T13:47:18.482+0000][11577.901s][info][gc,heap     ] GC(2298) Archive regions: 2->2
[2024-05-30T13:47:18.482+0000][11577.901s][info][gc,heap     ] GC(2298) Humongous regions: 5->5
[2024-05-30T13:47:18.482+0000][11577.901s][info][gc,metaspace] GC(2298) Metaspace: 433791K(440064K)->433791K(440064K) NonClass: 379786K(383232K)->379786K(383232K) Class: 54004K(56832K)->54004K(56832K)
[2024-05-30T13:47:18.482+0000][11577.901s][info][gc          ] GC(2298) Pause Young (Normal) (G1 Evacuation Pause) 9698M->3715M(12288M) 74.109ms
[2024-05-30T13:47:18.482+0000][11577.901s][info][gc,cpu      ] GC(2298) User=0.43s Sys=0.00s Real=0.08s
[2024-05-30T13:47:20.719+0000][11580.138s][info][gc,start    ] GC(2299) Pause Young (Concurrent Start) (G1 Evacuation Pause)
[2024-05-30T13:47:20.719+0000][11580.138s][info][gc,task     ] GC(2299) Using 6 workers of 6 for evacuation
[2024-05-30T13:47:20.798+0000][11580.217s][info][gc,phases   ] GC(2299)   Pre Evacuate Collection Set: 0.5ms
[2024-05-30T13:47:20.798+0000][11580.217s][info][gc,phases   ] GC(2299)   Merge Heap Roots: 0.3ms
[2024-05-30T13:47:20.798+0000][11580.217s][info][gc,phases   ] GC(2299)   Evacuate Collection Set: 62.5ms
[2024-05-30T13:47:20.798+0000][11580.217s][info][gc,phases   ] GC(2299)   Post Evacuate Collection Set: 14.8ms
[2024-05-30T13:47:20.798+0000][11580.217s][info][gc,phases   ] GC(2299)   Other: 0.3ms
[2024-05-30T13:47:20.798+0000][11580.217s][info][gc,heap     ] GC(2299) Eden regions: 745->0(743)
[2024-05-30T13:47:20.798+0000][11580.217s][info][gc,heap     ] GC(2299) Survivor regions: 13->15(95)
[2024-05-30T13:47:20.798+0000][11580.217s][info][gc,heap     ] GC(2299) Old regions: 447->447
[2024-05-30T13:47:20.798+0000][11580.217s][info][gc,heap     ] GC(2299) Archive regions: 2->2
[2024-05-30T13:47:20.798+0000][11580.217s][info][gc,heap     ] GC(2299) Humongous regions: 5->5
[2024-05-30T13:47:20.798+0000][11580.217s][info][gc,metaspace] GC(2299) Metaspace: 433791K(440064K)->433791K(440064K) NonClass: 379786K(383232K)->379786K(383232K) Class: 54004K(56832K)->54004K(56832K)
[2024-05-30T13:47:20.798+0000][11580.217s][info][gc          ] GC(2299) Pause Young (Concurrent Start) (G1 Evacuation Pause) 9675M->3731M(12288M) 78.455ms
[2024-05-30T13:47:20.798+0000][11580.217s][info][gc,cpu      ] GC(2299) User=0.45s Sys=0.00s Real=0.08s
[2024-05-30T13:47:20.798+0000][11580.217s][info][gc          ] GC(2300) Concurrent Mark Cycle
[2024-05-30T13:47:20.798+0000][11580.217s][info][gc,marking  ] GC(2300) Concurrent Clear Claimed Marks
[2024-05-30T13:47:20.798+0000][11580.217s][info][gc,marking  ] GC(2300) Concurrent Clear Claimed Marks 0.424ms
[2024-05-30T13:47:20.798+0000][11580.217s][info][gc,marking  ] GC(2300) Concurrent Scan Root Regions
[2024-05-30T13:47:20.861+0000][11580.280s][info][gc,marking  ] GC(2300) Concurrent Scan Root Regions 62.464ms
[2024-05-30T13:47:20.861+0000][11580.280s][info][gc,marking  ] GC(2300) Concurrent Mark
[2024-05-30T13:47:20.861+0000][11580.280s][info][gc,marking  ] GC(2300) Concurrent Mark From Roots
[2024-05-30T13:47:20.861+0000][11580.280s][info][gc,task     ] GC(2300) Using 2 workers of 2 for marking
[2024-05-30T13:47:23.412+0000][11582.831s][info][gc,start    ] GC(2301) Pause Young (Normal) (G1 Evacuation Pause)
[2024-05-30T13:47:23.412+0000][11582.832s][info][gc,task     ] GC(2301) Using 6 workers of 6 for evacuation
[2024-05-30T13:47:23.529+0000][11582.948s][info][gc,phases   ] GC(2301)   Pre Evacuate Collection Set: 0.2ms
[2024-05-30T13:47:23.529+0000][11582.948s][info][gc,phases   ] GC(2301)   Merge Heap Roots: 0.4ms
[2024-05-30T13:47:23.529+0000][11582.948s][info][gc,phases   ] GC(2301)   Evacuate Collection Set: 96.1ms
[2024-05-30T13:47:23.529+0000][11582.948s][info][gc,phases   ] GC(2301)   Post Evacuate Collection Set: 19.6ms
[2024-05-30T13:47:23.529+0000][11582.948s][info][gc,phases   ] GC(2301)   Other: 0.2ms
[2024-05-30T13:47:23.529+0000][11582.948s][info][gc,heap     ] GC(2301) Eden regions: 743->0(734)
[2024-05-30T13:47:23.529+0000][11582.948s][info][gc,heap     ] GC(2301) Survivor regions: 15->20(95)
[2024-05-30T13:47:23.529+0000][11582.948s][info][gc,heap     ] GC(2301) Old regions: 447->447
[2024-05-30T13:47:23.529+0000][11582.948s][info][gc,heap     ] GC(2301) Archive regions: 2->2
[2024-05-30T13:47:23.529+0000][11582.948s][info][gc,heap     ] GC(2301) Humongous regions: 5->5
[2024-05-30T13:47:23.529+0000][11582.948s][info][gc,metaspace] GC(2301) Metaspace: 433801K(440064K)->433801K(440064K) NonClass: 379797K(383232K)->379797K(383232K) Class: 54004K(56832K)->54004K(56832K)
[2024-05-30T13:47:23.529+0000][11582.948s][info][gc          ] GC(2301) Pause Young (Normal) (G1 Evacuation Pause) 9675M->3777M(12288M) 116.567ms
[2024-05-30T13:47:23.529+0000][11582.948s][info][gc,cpu      ] GC(2301) User=0.67s Sys=0.00s Real=0.12s
[2024-05-30T13:47:25.005+0000][11584.425s][info][gc,marking  ] GC(2300) Concurrent Mark From Roots 4144.696ms
[2024-05-30T13:47:25.005+0000][11584.425s][info][gc,marking  ] GC(2300) Concurrent Preclean
[2024-05-30T13:47:25.007+0000][11584.427s][info][gc,marking  ] GC(2300) Concurrent Preclean 1.998ms
[2024-05-30T13:47:25.008+0000][11584.427s][info][gc,start    ] GC(2300) Pause Remark
[2024-05-30T13:47:25.032+0000][11584.451s][info][gc          ] GC(2300) Pause Remark 6917M->6917M(12288M) 24.449ms
[2024-05-30T13:47:25.032+0000][11584.452s][info][gc,cpu      ] GC(2300) User=0.10s Sys=0.00s Real=0.03s
[2024-05-30T13:47:25.032+0000][11584.452s][info][gc,marking  ] GC(2300) Concurrent Mark 4171.681ms
[2024-05-30T13:47:25.032+0000][11584.452s][info][gc,marking  ] GC(2300) Concurrent Rebuild Remembered Sets
[2024-05-30T13:47:26.178+0000][11585.598s][info][gc,start    ] GC(2302) Pause Young (Normal) (G1 Evacuation Pause)
[2024-05-30T13:47:26.179+0000][11585.598s][info][gc,task     ] GC(2302) Using 6 workers of 6 for evacuation
[2024-05-30T13:47:26.290+0000][11585.709s][info][gc,phases   ] GC(2302)   Pre Evacuate Collection Set: 0.2ms
[2024-05-30T13:47:26.290+0000][11585.710s][info][gc,phases   ] GC(2302)   Merge Heap Roots: 0.4ms
[2024-05-30T13:47:26.290+0000][11585.710s][info][gc,phases   ] GC(2302)   Evacuate Collection Set: 92.4ms
[2024-05-30T13:47:26.290+0000][11585.710s][info][gc,phases   ] GC(2302)   Post Evacuate Collection Set: 18.7ms
[2024-05-30T13:47:26.290+0000][11585.710s][info][gc,phases   ] GC(2302)   Other: 0.2ms
[2024-05-30T13:47:26.290+0000][11585.710s][info][gc,heap     ] GC(2302) Eden regions: 734->0(724)
[2024-05-30T13:47:26.290+0000][11585.710s][info][gc,heap     ] GC(2302) Survivor regions: 20->25(95)
[2024-05-30T13:47:26.290+0000][11585.710s][info][gc,heap     ] GC(2302) Old regions: 447->447
[2024-05-30T13:47:26.290+0000][11585.710s][info][gc,heap     ] GC(2302) Archive regions: 2->2
[2024-05-30T13:47:26.290+0000][11585.710s][info][gc,heap     ] GC(2302) Humongous regions: 5->5
[2024-05-30T13:47:26.290+0000][11585.710s][info][gc,metaspace] GC(2302) Metaspace: 433801K(440064K)->433801K(440064K) NonClass: 379797K(383232K)->379797K(383232K) Class: 54004K(56832K)->54004K(56832K)
[2024-05-30T13:47:26.290+0000][11585.710s][info][gc          ] GC(2302) Pause Young (Normal) (G1 Evacuation Pause) 9649M->3817M(12288M) 111.880ms
[2024-05-30T13:47:26.290+0000][11585.710s][info][gc,cpu      ] GC(2302) User=0.65s Sys=0.00s Real=0.11s
[2024-05-30T13:47:26.987+0000][11586.407s][info][gc,marking  ] GC(2300) Concurrent Rebuild Remembered Sets 1954.837ms
[2024-05-30T13:47:26.987+0000][11586.407s][info][gc,start    ] GC(2300) Pause Cleanup
[2024-05-30T13:47:26.988+0000][11586.407s][info][gc          ] GC(2300) Pause Cleanup 5513M->5513M(12288M) 0.512ms
[2024-05-30T13:47:26.988+0000][11586.407s][info][gc,cpu      ] GC(2300) User=0.00s Sys=0.00s Real=0.00s
[2024-05-30T13:47:26.988+0000][11586.407s][info][gc,marking  ] GC(2300) Concurrent Cleanup for Next Mark
[2024-05-30T13:47:27.005+0000][11586.424s][info][gc,marking  ] GC(2300) Concurrent Cleanup for Next Mark 16.632ms
[2024-05-30T13:47:27.005+0000][11586.424s][info][gc          ] GC(2300) Concurrent Mark Cycle 6207.068ms
[2024-05-30T13:47:29.143+0000][11588.562s][info][gc,start    ] GC(2303) Pause Young (Prepare Mixed) (G1 Evacuation Pause)
[2024-05-30T13:47:29.143+0000][11588.562s][info][gc,task     ] GC(2303) Using 6 workers of 6 for evacuation
[2024-05-30T13:47:29.179+0000][11588.598s][info][gc,phases   ] GC(2303)   Pre Evacuate Collection Set: 0.2ms
[2024-05-30T13:47:29.179+0000][11588.598s][info][gc,phases   ] GC(2303)   Merge Heap Roots: 0.4ms
[2024-05-30T13:47:29.179+0000][11588.598s][info][gc,phases   ] GC(2303)   Evacuate Collection Set: 31.3ms
[2024-05-30T13:47:29.179+0000][11588.598s][info][gc,phases   ] GC(2303)   Post Evacuate Collection Set: 4.2ms
[2024-05-30T13:47:29.179+0000][11588.598s][info][gc,phases   ] GC(2303)   Other: 0.2ms
[2024-05-30T13:47:29.179+0000][11588.598s][info][gc,heap     ] GC(2303) Eden regions: 724->0(64)
[2024-05-30T13:47:29.179+0000][11588.598s][info][gc,heap     ] GC(2303) Survivor regions: 25->12(94)
[2024-05-30T13:47:29.179+0000][11588.598s][info][gc,heap     ] GC(2303) Old regions: 447->447
[2024-05-30T13:47:29.179+0000][11588.598s][info][gc,heap     ] GC(2303) Archive regions: 2->2
[2024-05-30T13:47:29.179+0000][11588.598s][info][gc,heap     ] GC(2303) Humongous regions: 5->5
[2024-05-30T13:47:29.179+0000][11588.598s][info][gc,metaspace] GC(2303) Metaspace: 433802K(440064K)->433802K(440064K) NonClass: 379798K(383232K)->379798K(383232K) Class: 54004K(56832K)->54004K(56832K)
[2024-05-30T13:47:29.179+0000][11588.598s][info][gc          ] GC(2303) Pause Young (Prepare Mixed) (G1 Evacuation Pause) 9609M->3713M(12288M) 36.267ms
[2024-05-30T13:47:29.179+0000][11588.598s][info][gc,cpu      ] GC(2303) User=0.21s Sys=0.00s Real=0.04s
[2024-05-30T13:47:29.332+0000][11588.751s][info][gc,start    ] GC(2304) Pause Young (Mixed) (G1 Evacuation Pause)
[2024-05-30T13:47:29.332+0000][11588.751s][info][gc,task     ] GC(2304) Using 6 workers of 6 for evacuation
[2024-05-30T13:47:29.402+0000][11588.821s][info][gc,phases   ] GC(2304)   Pre Evacuate Collection Set: 0.2ms
[2024-05-30T13:47:29.402+0000][11588.821s][info][gc,phases   ] GC(2304)   Merge Heap Roots: 0.4ms
[2024-05-30T13:47:29.402+0000][11588.821s][info][gc,phases   ] GC(2304)   Evacuate Collection Set: 66.1ms
[2024-05-30T13:47:29.402+0000][11588.821s][info][gc,phases   ] GC(2304)   Post Evacuate Collection Set: 3.4ms
[2024-05-30T13:47:29.402+0000][11588.821s][info][gc,phases   ] GC(2304)   Other: 0.2ms
[2024-05-30T13:47:29.402+0000][11588.821s][info][gc,heap     ] GC(2304) Eden regions: 64->0(751)
[2024-05-30T13:47:29.402+0000][11588.821s][info][gc,heap     ] GC(2304) Survivor regions: 12->5(10)
[2024-05-30T13:47:29.402+0000][11588.821s][info][gc,heap     ] GC(2304) Old regions: 447->447
[2024-05-30T13:47:29.402+0000][11588.821s][info][gc,heap     ] GC(2304) Archive regions: 2->2
[2024-05-30T13:47:29.402+0000][11588.821s][info][gc,heap     ] GC(2304) Humongous regions: 5->5
[2024-05-30T13:47:29.402+0000][11588.821s][info][gc,metaspace] GC(2304) Metaspace: 433802K(440064K)->433802K(440064K) NonClass: 379798K(383232K)->379798K(383232K) Class: 54004K(56832K)->54004K(56832K)
[2024-05-30T13:47:29.402+0000][11588.821s][info][gc          ] GC(2304) Pause Young (Mixed) (G1 Evacuation Pause) 4225M->3659M(12288M) 70.301ms
[2024-05-30T13:47:29.402+0000][11588.821s][info][gc,cpu      ] GC(2304) User=0.42s Sys=0.00s Real=0.07s
[2024-05-30T13:47:31.504+0000][11590.923s][info][gc,start    ] GC(2305) Pause Young (Normal) (G1 Evacuation Pause)
[2024-05-30T13:47:31.504+0000][11590.923s][info][gc,task     ] GC(2305) Using 6 workers of 6 for evacuation
[2024-05-30T13:47:31.568+0000][11590.987s][info][gc,phases   ] GC(2305)   Pre Evacuate Collection Set: 0.2ms
[2024-05-30T13:47:31.568+0000][11590.987s][info][gc,phases   ] GC(2305)   Merge Heap Roots: 0.2ms
[2024-05-30T13:47:31.568+0000][11590.987s][info][gc,phases   ] GC(2305)   Evacuate Collection Set: 48.4ms
[2024-05-30T13:47:31.568+0000][11590.987s][info][gc,phases   ] GC(2305)   Post Evacuate Collection Set: 15.4ms
[2024-05-30T13:47:31.568+0000][11590.987s][info][gc,phases   ] GC(2305)   Other: 0.2ms
[2024-05-30T13:47:31.568+0000][11590.987s][info][gc,heap     ] GC(2305) Eden regions: 751->0(747)
[2024-05-30T13:47:31.568+0000][11590.987s][info][gc,heap     ] GC(2305) Survivor regions: 5->9(95)
[2024-05-30T13:47:31.568+0000][11590.987s][info][gc,heap     ] GC(2305) Old regions: 447->447
[2024-05-30T13:47:31.568+0000][11590.987s][info][gc,heap     ] GC(2305) Archive regions: 2->2
[2024-05-30T13:47:31.568+0000][11590.987s][info][gc,heap     ] GC(2305) Humongous regions: 5->5
[2024-05-30T13:47:31.568+0000][11590.987s][info][gc,metaspace] GC(2305) Metaspace: 433802K(440064K)->433802K(440064K) NonClass: 379798K(383232K)->379798K(383232K) Class: 54004K(56832K)->54004K(56832K)
[2024-05-30T13:47:31.568+0000][11590.987s][info][gc          ] GC(2305) Pause Young (Normal) (G1 Evacuation Pause) 9667M->3691M(12288M) 64.456ms
[2024-05-30T13:47:31.568+0000][11590.987s][info][gc,cpu      ] GC(2305) User=0.37s Sys=0.00s Real=0.06s
[2024-05-30T13:47:33.815+0000][11593.234s][info][gc,start    ] GC(2306) Pause Young (Normal) (G1 Evacuation Pause)
[2024-05-30T13:47:33.815+0000][11593.234s][info][gc,task     ] GC(2306) Using 6 workers of 6 for evacuation
[2024-05-30T13:47:33.889+0000][11593.308s][info][gc,phases   ] GC(2306)   Pre Evacuate Collection Set: 0.2ms
[2024-05-30T13:47:33.889+0000][11593.308s][info][gc,phases   ] GC(2306)   Merge Heap Roots: 0.2ms
[2024-05-30T13:47:33.889+0000][11593.308s][info][gc,phases   ] GC(2306)   Evacuate Collection Set: 58.7ms
[2024-05-30T13:47:33.889+0000][11593.308s][info][gc,phases   ] GC(2306)   Post Evacuate Collection Set: 14.7ms
[2024-05-30T13:47:33.889+0000][11593.308s][info][gc,phases   ] GC(2306)   Other: 0.2ms
[2024-05-30T13:47:33.889+0000][11593.308s][info][gc,heap     ] GC(2306) Eden regions: 747->0(742)
[2024-05-30T13:47:33.889+0000][11593.308s][info][gc,heap     ] GC(2306) Survivor regions: 9->14(95)
[2024-05-30T13:47:33.889+0000][11593.308s][info][gc,heap     ] GC(2306) Old regions: 447->447
[2024-05-30T13:47:33.889+0000][11593.308s][info][gc,heap     ] GC(2306) Archive regions: 2->2
[2024-05-30T13:47:33.889+0000][11593.308s][info][gc,heap     ] GC(2306) Humongous regions: 5->5
[2024-05-30T13:47:33.889+0000][11593.308s][info][gc,metaspace] GC(2306) Metaspace: 433803K(440064K)->433803K(440064K) NonClass: 379799K(383232K)->379799K(383232K) Class: 54004K(56832K)->54004K(56832K)
[2024-05-30T13:47:33.889+0000][11593.308s][info][gc          ] GC(2306) Pause Young (Normal) (G1 Evacuation Pause) 9667M->3730M(12288M) 74.039ms
[2024-05-30T13:47:33.889+0000][11593.308s][info][gc,cpu      ] GC(2306) User=0.43s Sys=0.00s Real=0.08s
[2024-05-30T13:47:36.332+0000][11595.751s][info][gc,start    ] GC(2307) Pause Young (Concurrent Start) (G1 Evacuation Pause)
[2024-05-30T13:47:36.332+0000][11595.751s][info][gc,task     ] GC(2307) Using 6 workers of 6 for evacuation
[2024-05-30T13:47:36.420+0000][11595.839s][info][gc,phases   ] GC(2307)   Pre Evacuate Collection Set: 0.6ms
[2024-05-30T13:47:36.420+0000][11595.839s][info][gc,phases   ] GC(2307)   Merge Heap Roots: 0.2ms
[2024-05-30T13:47:36.420+0000][11595.839s][info][gc,phases   ] GC(2307)   Evacuate Collection Set: 70.8ms
[2024-05-30T13:47:36.420+0000][11595.839s][info][gc,phases   ] GC(2307)   Post Evacuate Collection Set: 15.8ms
[2024-05-30T13:47:36.420+0000][11595.839s][info][gc,phases   ] GC(2307)   Other: 0.3ms
[2024-05-30T13:47:36.420+0000][11595.839s][info][gc,heap     ] GC(2307) Eden regions: 742->0(738)
[2024-05-30T13:47:36.420+0000][11595.839s][info][gc,heap     ] GC(2307) Survivor regions: 14->18(95)
[2024-05-30T13:47:36.420+0000][11595.839s][info][gc,heap     ] GC(2307) Old regions: 447->447
[2024-05-30T13:47:36.420+0000][11595.839s][info][gc,heap     ] GC(2307) Archive regions: 2->2
[2024-05-30T13:47:36.420+0000][11595.839s][info][gc,heap     ] GC(2307) Humongous regions: 5->5
[2024-05-30T13:47:36.420+0000][11595.839s][info][gc,metaspace] GC(2307) Metaspace: 433803K(440064K)->433803K(440064K) NonClass: 379799K(383232K)->379799K(383232K) Class: 54004K(56832K)->54004K(56832K)
[2024-05-30T13:47:36.420+0000][11595.839s][info][gc          ] GC(2307) Pause Young (Concurrent Start) (G1 Evacuation Pause) 9666M->3760M(12288M) 87.817ms
[2024-05-30T13:47:36.420+0000][11595.839s][info][gc,cpu      ] GC(2307) User=0.51s Sys=0.01s Real=0.09s
[2024-05-30T13:47:36.420+0000][11595.839s][info][gc          ] GC(2308) Concurrent Mark Cycle
[2024-05-30T13:47:36.420+0000][11595.839s][info][gc,marking  ] GC(2308) Concurrent Clear Claimed Marks
[2024-05-30T13:47:36.420+0000][11595.840s][info][gc,marking  ] GC(2308) Concurrent Clear Claimed Marks 0.412ms
[2024-05-30T13:47:36.420+0000][11595.840s][info][gc,marking  ] GC(2308) Concurrent Scan Root Regions
[2024-05-30T13:47:36.499+0000][11595.918s][info][gc,marking  ] GC(2308) Concurrent Scan Root Regions 78.640ms
[2024-05-30T13:47:36.499+0000][11595.918s][info][gc,marking  ] GC(2308) Concurrent Mark
[2024-05-30T13:47:36.499+0000][11595.918s][info][gc,marking  ] GC(2308) Concurrent Mark From Roots
[2024-05-30T13:47:36.499+0000][11595.918s][info][gc,task     ] GC(2308) Using 2 workers of 2 for marking
[2024-05-30T13:47:39.364+0000][11598.784s][info][gc,start    ] GC(2309) Pause Young (Normal) (G1 Evacuation Pause)
[2024-05-30T13:47:39.364+0000][11598.784s][info][gc,task     ] GC(2309) Using 6 workers of 6 for evacuation
[2024-05-30T13:47:39.473+0000][11598.892s][info][gc,phases   ] GC(2309)   Pre Evacuate Collection Set: 0.2ms
[2024-05-30T13:47:39.473+0000][11598.892s][info][gc,phases   ] GC(2309)   Merge Heap Roots: 0.3ms
[2024-05-30T13:47:39.473+0000][11598.892s][info][gc,phases   ] GC(2309)   Evacuate Collection Set: 89.2ms
[2024-05-30T13:47:39.473+0000][11598.892s][info][gc,phases   ] GC(2309)   Post Evacuate Collection Set: 18.4ms
[2024-05-30T13:47:39.473+0000][11598.892s][info][gc,phases   ] GC(2309)   Other: 0.2ms
[2024-05-30T13:47:39.473+0000][11598.892s][info][gc,heap     ] GC(2309) Eden regions: 738->0(730)
[2024-05-30T13:47:39.473+0000][11598.892s][info][gc,heap     ] GC(2309) Survivor regions: 18->22(95)
[2024-05-30T13:47:39.473+0000][11598.892s][info][gc,heap     ] GC(2309) Old regions: 447->447
[2024-05-30T13:47:39.473+0000][11598.892s][info][gc,heap     ] GC(2309) Archive regions: 2->2
[2024-05-30T13:47:39.473+0000][11598.892s][info][gc,heap     ] GC(2309) Humongous regions: 5->5
[2024-05-30T13:47:39.473+0000][11598.892s][info][gc,metaspace] GC(2309) Metaspace: 433803K(440064K)->433803K(440064K) NonClass: 379799K(383232K)->379799K(383232K) Class: 54004K(56832K)->54004K(56832K)
[2024-05-30T13:47:39.473+0000][11598.892s][info][gc          ] GC(2309) Pause Young (Normal) (G1 Evacuation Pause) 9664M->3791M(12288M) 108.307ms
[2024-05-30T13:47:39.473+0000][11598.892s][info][gc,cpu      ] GC(2309) User=0.63s Sys=0.00s Real=0.11s
[2024-05-30T13:47:40.038+0000][11599.457s][info][gc,marking  ] GC(2308) Concurrent Mark From Roots 3538.543ms
[2024-05-30T13:47:40.038+0000][11599.457s][info][gc,marking  ] GC(2308) Concurrent Preclean
[2024-05-30T13:47:40.040+0000][11599.459s][info][gc,marking  ] GC(2308) Concurrent Preclean 1.911ms
[2024-05-30T13:47:40.040+0000][11599.459s][info][gc,start    ] GC(2308) Pause Remark
[2024-05-30T13:47:40.064+0000][11599.483s][info][gc          ] GC(2308) Pause Remark 4919M->4919M(12288M) 24.283ms
[2024-05-30T13:47:40.064+0000][11599.483s][info][gc,cpu      ] GC(2308) User=0.11s Sys=0.00s Real=0.02s
[2024-05-30T13:47:40.064+0000][11599.484s][info][gc,marking  ] GC(2308) Concurrent Mark 3565.183ms
[2024-05-30T13:47:40.064+0000][11599.484s][info][gc,marking  ] GC(2308) Concurrent Rebuild Remembered Sets
[2024-05-30T13:47:41.668+0000][11601.087s][info][gc,start    ] GC(2310) Pause Young (Normal) (G1 Evacuation Pause)
[2024-05-30T13:47:41.668+0000][11601.087s][info][gc,task     ] GC(2310) Using 6 workers of 6 for evacuation
[2024-05-30T13:47:41.738+0000][11601.157s][info][gc,phases   ] GC(2310)   Pre Evacuate Collection Set: 0.2ms
[2024-05-30T13:47:41.738+0000][11601.157s][info][gc,phases   ] GC(2310)   Merge Heap Roots: 0.4ms
[2024-05-30T13:47:41.738+0000][11601.157s][info][gc,phases   ] GC(2310)   Evacuate Collection Set: 63.7ms
[2024-05-30T13:47:41.738+0000][11601.157s][info][gc,phases   ] GC(2310)   Post Evacuate Collection Set: 5.7ms
[2024-05-30T13:47:41.738+0000][11601.157s][info][gc,phases   ] GC(2310)   Other: 0.2ms
[2024-05-30T13:47:41.738+0000][11601.157s][info][gc,heap     ] GC(2310) Eden regions: 730->0(732)
[2024-05-30T13:47:41.738+0000][11601.157s][info][gc,heap     ] GC(2310) Survivor regions: 22->21(94)
[2024-05-30T13:47:41.738+0000][11601.157s][info][gc,heap     ] GC(2310) Old regions: 447->447
[2024-05-30T13:47:41.738+0000][11601.157s][info][gc,heap     ] GC(2310) Archive regions: 2->2
[2024-05-30T13:47:41.738+0000][11601.157s][info][gc,heap     ] GC(2310) Humongous regions: 5->5
[2024-05-30T13:47:41.738+0000][11601.157s][info][gc,metaspace] GC(2310) Metaspace: 433803K(440064K)->433803K(440064K) NonClass: 379799K(383232K)->379799K(383232K) Class: 54004K(56832K)->54004K(56832K)
[2024-05-30T13:47:41.738+0000][11601.157s][info][gc          ] GC(2310) Pause Young (Normal) (G1 Evacuation Pause) 9631M->3787M(12288M) 70.243ms
[2024-05-30T13:47:41.738+0000][11601.157s][info][gc,cpu      ] GC(2310) User=0.42s Sys=0.00s Real=0.08s
[2024-05-30T13:47:41.799+0000][11601.218s][info][gc,marking  ] GC(2308) Concurrent Rebuild Remembered Sets 1734.543ms
[2024-05-30T13:47:41.799+0000][11601.218s][info][gc,start    ] GC(2308) Pause Cleanup
[2024-05-30T13:47:41.800+0000][11601.219s][info][gc          ] GC(2308) Pause Cleanup 3915M->3915M(12288M) 0.547ms
[2024-05-30T13:47:41.800+0000][11601.219s][info][gc,cpu      ] GC(2308) User=0.00s Sys=0.00s Real=0.00s
[2024-05-30T13:47:41.800+0000][11601.219s][info][gc,marking  ] GC(2308) Concurrent Cleanup for Next Mark
[2024-05-30T13:47:41.817+0000][11601.236s][info][gc,marking  ] GC(2308) Concurrent Cleanup for Next Mark 16.841ms
[2024-05-30T13:47:41.817+0000][11601.236s][info][gc          ] GC(2308) Concurrent Mark Cycle 5396.579ms
[2024-05-30T13:47:43.983+0000][11603.402s][info][gc,start    ] GC(2311) Pause Young (Prepare Mixed) (G1 Evacuation Pause)
[2024-05-30T13:47:43.983+0000][11603.402s][info][gc,task     ] GC(2311) Using 6 workers of 6 for evacuation
[2024-05-30T13:47:44.100+0000][11603.520s][info][gc,phases   ] GC(2311)   Pre Evacuate Collection Set: 0.2ms
[2024-05-30T13:47:44.100+0000][11603.520s][info][gc,phases   ] GC(2311)   Merge Heap Roots: 0.4ms
[2024-05-30T13:47:44.100+0000][11603.520s][info][gc,phases   ] GC(2311)   Evacuate Collection Set: 98.4ms
[2024-05-30T13:47:44.100+0000][11603.520s][info][gc,phases   ] GC(2311)   Post Evacuate Collection Set: 18.1ms
[2024-05-30T13:47:44.100+0000][11603.520s][info][gc,phases   ] GC(2311)   Other: 0.2ms
[2024-05-30T13:47:44.100+0000][11603.520s][info][gc,heap     ] GC(2311) Eden regions: 732->0(51)
[2024-05-30T13:47:44.100+0000][11603.520s][info][gc,heap     ] GC(2311) Survivor regions: 21->25(95)
[2024-05-30T13:47:44.100+0000][11603.520s][info][gc,heap     ] GC(2311) Old regions: 447->447
[2024-05-30T13:47:44.100+0000][11603.520s][info][gc,heap     ] GC(2311) Archive regions: 2->2
[2024-05-30T13:47:44.100+0000][11603.520s][info][gc,heap     ] GC(2311) Humongous regions: 5->5
[2024-05-30T13:47:44.100+0000][11603.520s][info][gc,metaspace] GC(2311) Metaspace: 433816K(440064K)->433816K(440064K) NonClass: 379812K(383232K)->379812K(383232K) Class: 54004K(56832K)->54004K(56832K)
[2024-05-30T13:47:44.100+0000][11603.520s][info][gc          ] GC(2311) Pause Young (Prepare Mixed) (G1 Evacuation Pause) 9643M->3815M(12288M) 117.399ms
[2024-05-30T13:47:44.100+0000][11603.520s][info][gc,cpu      ] GC(2311) User=0.69s Sys=0.00s Real=0.12s
[2024-05-30T13:47:44.315+0000][11603.734s][info][gc,start    ] GC(2312) Pause Young (Mixed) (G1 Evacuation Pause)
[2024-05-30T13:47:44.315+0000][11603.734s][info][gc,task     ] GC(2312) Using 6 workers of 6 for evacuation
[2024-05-30T13:47:44.430+0000][11603.849s][info][gc,phases   ] GC(2312)   Pre Evacuate Collection Set: 0.2ms
[2024-05-30T13:47:44.430+0000][11603.849s][info][gc,phases   ] GC(2312)   Merge Heap Roots: 0.5ms
[2024-05-30T13:47:44.430+0000][11603.849s][info][gc,phases   ] GC(2312)   Evacuate Collection Set: 112.2ms
[2024-05-30T13:47:44.430+0000][11603.849s][info][gc,phases   ] GC(2312)   Post Evacuate Collection Set: 2.4ms
[2024-05-30T13:47:44.430+0000][11603.849s][info][gc,phases   ] GC(2312)   Other: 0.2ms
[2024-05-30T13:47:44.430+0000][11603.849s][info][gc,heap     ] GC(2312) Eden regions: 51->0(743)
[2024-05-30T13:47:44.430+0000][11603.849s][info][gc,heap     ] GC(2312) Survivor regions: 25->5(10)
[2024-05-30T13:47:44.430+0000][11603.849s][info][gc,heap     ] GC(2312) Old regions: 447->458
[2024-05-30T13:47:44.430+0000][11603.850s][info][gc,heap     ] GC(2312) Archive regions: 2->2
[2024-05-30T13:47:44.430+0000][11603.850s][info][gc,heap     ] GC(2312) Humongous regions: 5->5
[2024-05-30T13:47:44.430+0000][11603.850s][info][gc,metaspace] GC(2312) Metaspace: 433816K(440064K)->433816K(440064K) NonClass: 379812K(383232K)->379812K(383232K) Class: 54004K(56832K)->54004K(56832K)
[2024-05-30T13:47:44.430+0000][11603.850s][info][gc          ] GC(2312) Pause Young (Mixed) (G1 Evacuation Pause) 4223M->3747M(12288M) 115.439ms
[2024-05-30T13:47:44.430+0000][11603.850s][info][gc,cpu      ] GC(2312) User=0.69s Sys=0.00s Real=0.12s
[2024-05-30T13:47:46.449+0000][11605.868s][info][gc,start    ] GC(2313) Pause Young (Normal) (G1 Evacuation Pause)
[2024-05-30T13:47:46.449+0000][11605.868s][info][gc,task     ] GC(2313) Using 6 workers of 6 for evacuation
[2024-05-30T13:47:46.487+0000][11605.906s][info][gc,phases   ] GC(2313)   Pre Evacuate Collection Set: 0.2ms
[2024-05-30T13:47:46.487+0000][11605.906s][info][gc,phases   ] GC(2313)   Merge Heap Roots: 0.2ms
[2024-05-30T13:47:46.487+0000][11605.906s][info][gc,phases   ] GC(2313)   Evacuate Collection Set: 29.4ms
[2024-05-30T13:47:46.487+0000][11605.906s][info][gc,phases   ] GC(2313)   Post Evacuate Collection Set: 8.3ms
[2024-05-30T13:47:46.487+0000][11605.906s][info][gc,phases   ] GC(2313)   Other: 0.2ms
[2024-05-30T13:47:46.487+0000][11605.906s][info][gc,heap     ] GC(2313) Eden regions: 743->0(743)
[2024-05-30T13:47:46.487+0000][11605.906s][info][gc,heap     ] GC(2313) Survivor regions: 5->6(94)
[2024-05-30T13:47:46.487+0000][11605.906s][info][gc,heap     ] GC(2313) Old regions: 458->458
[2024-05-30T13:47:46.487+0000][11605.906s][info][gc,heap     ] GC(2313) Archive regions: 2->2
[2024-05-30T13:47:46.487+0000][11605.906s][info][gc,heap     ] GC(2313) Humongous regions: 5->5
[2024-05-30T13:47:46.487+0000][11605.906s][info][gc,metaspace] GC(2313) Metaspace: 433816K(440064K)->433816K(440064K) NonClass: 379812K(383232K)->379812K(383232K) Class: 54004K(56832K)->54004K(56832K)
[2024-05-30T13:47:46.487+0000][11605.906s][info][gc          ] GC(2313) Pause Young (Normal) (G1 Evacuation Pause) 9691M->3753M(12288M) 38.320ms
[2024-05-30T13:47:46.487+0000][11605.906s][info][gc,cpu      ] GC(2313) User=0.22s Sys=0.00s Real=0.03s
[2024-05-30T13:47:48.640+0000][11608.060s][info][gc,start    ] GC(2314) Pause Young (Normal) (G1 Evacuation Pause)
[2024-05-30T13:47:48.640+0000][11608.060s][info][gc,task     ] GC(2314) Using 6 workers of 6 for evacuation
[2024-05-30T13:47:48.661+0000][11608.080s][info][gc,phases   ] GC(2314)   Pre Evacuate Collection Set: 0.2ms
[2024-05-30T13:47:48.661+0000][11608.080s][info][gc,phases   ] GC(2314)   Merge Heap Roots: 0.2ms
[2024-05-30T13:47:48.661+0000][11608.080s][info][gc,phases   ] GC(2314)   Evacuate Collection Set: 18.2ms
[2024-05-30T13:47:48.661+0000][11608.080s][info][gc,phases   ] GC(2314)   Post Evacuate Collection Set: 1.8ms
[2024-05-30T13:47:48.661+0000][11608.080s][info][gc,phases   ] GC(2314)   Other: 0.3ms
[2024-05-30T13:47:48.661+0000][11608.080s][info][gc,heap     ] GC(2314) Eden regions: 743->0(744)
[2024-05-30T13:47:48.661+0000][11608.080s][info][gc,heap     ] GC(2314) Survivor regions: 6->7(94)
[2024-05-30T13:47:48.661+0000][11608.080s][info][gc,heap     ] GC(2314) Old regions: 458->458
[2024-05-30T13:47:48.661+0000][11608.080s][info][gc,heap     ] GC(2314) Archive regions: 2->2
[2024-05-30T13:47:48.661+0000][11608.080s][info][gc,heap     ] GC(2314) Humongous regions: 5->5
[2024-05-30T13:47:48.661+0000][11608.080s][info][gc,metaspace] GC(2314) Metaspace: 433816K(440064K)->433816K(440064K) NonClass: 379812K(383232K)->379812K(383232K) Class: 54004K(56832K)->54004K(56832K)
[2024-05-30T13:47:48.661+0000][11608.080s][info][gc          ] GC(2314) Pause Young (Normal) (G1 Evacuation Pause) 9697M->3763M(12288M) 20.575ms
[2024-05-30T13:47:48.661+0000][11608.080s][info][gc,cpu      ] GC(2314) User=0.12s Sys=0.01s Real=0.02s
[2024-05-30T13:47:53.934+0000][11613.354s][info][gc,start    ] GC(2315) Pause Young (Concurrent Start) (G1 Evacuation Pause)
[2024-05-30T13:47:53.934+0000][11613.354s][info][gc,task     ] GC(2315) Using 6 workers of 6 for evacuation
[2024-05-30T13:47:53.960+0000][11613.379s][info][gc,phases   ] GC(2315)   Pre Evacuate Collection Set: 0.6ms
[2024-05-30T13:47:53.960+0000][11613.379s][info][gc,phases   ] GC(2315)   Merge Heap Roots: 0.2ms
[2024-05-30T13:47:53.960+0000][11613.379s][info][gc,phases   ] GC(2315)   Evacuate Collection Set: 22.5ms
[2024-05-30T13:47:53.960+0000][11613.379s][info][gc,phases   ] GC(2315)   Post Evacuate Collection Set: 2.0ms
[2024-05-30T13:47:53.960+0000][11613.379s][info][gc,phases   ] GC(2315)   Other: 0.3ms
[2024-05-30T13:47:53.960+0000][11613.379s][info][gc,heap     ] GC(2315) Eden regions: 744->0(741)
[2024-05-30T13:47:53.960+0000][11613.379s][info][gc,heap     ] GC(2315) Survivor regions: 7->9(94)
[2024-05-30T13:47:53.960+0000][11613.379s][info][gc,heap     ] GC(2315) Old regions: 458->458
[2024-05-30T13:47:53.960+0000][11613.379s][info][gc,heap     ] GC(2315) Archive regions: 2->2
[2024-05-30T13:47:53.960+0000][11613.379s][info][gc,heap     ] GC(2315) Humongous regions: 5->5
[2024-05-30T13:47:53.960+0000][11613.379s][info][gc,metaspace] GC(2315) Metaspace: 433819K(440064K)->433819K(440064K) NonClass: 379815K(383232K)->379815K(383232K) Class: 54004K(56832K)->54004K(56832K)
[2024-05-30T13:47:53.960+0000][11613.379s][info][gc          ] GC(2315) Pause Young (Concurrent Start) (G1 Evacuation Pause) 9715M->3779M(12288M) 25.627ms
[2024-05-30T13:47:53.960+0000][11613.379s][info][gc,cpu      ] GC(2315) User=0.14s Sys=0.00s Real=0.03s
[2024-05-30T13:47:53.960+0000][11613.379s][info][gc          ] GC(2316) Concurrent Mark Cycle
[2024-05-30T13:47:53.960+0000][11613.379s][info][gc,marking  ] GC(2316) Concurrent Clear Claimed Marks
[2024-05-30T13:47:53.961+0000][11613.380s][info][gc,marking  ] GC(2316) Concurrent Clear Claimed Marks 0.416ms
[2024-05-30T13:47:53.961+0000][11613.380s][info][gc,marking  ] GC(2316) Concurrent Scan Root Regions
[2024-05-30T13:47:53.984+0000][11613.403s][info][gc,marking  ] GC(2316) Concurrent Scan Root Regions 23.170ms
[2024-05-30T13:47:53.984+0000][11613.403s][info][gc,marking  ] GC(2316) Concurrent Mark
[2024-05-30T13:47:53.984+0000][11613.403s][info][gc,marking  ] GC(2316) Concurrent Mark From Roots
[2024-05-30T13:47:53.984+0000][11613.403s][info][gc,task     ] GC(2316) Using 2 workers of 2 for marking
[2024-05-30T13:47:57.840+0000][11617.259s][info][gc,marking  ] GC(2316) Concurrent Mark From Roots 3855.750ms
[2024-05-30T13:47:57.840+0000][11617.259s][info][gc,marking  ] GC(2316) Concurrent Preclean
[2024-05-30T13:47:57.841+0000][11617.261s][info][gc,marking  ] GC(2316) Concurrent Preclean 1.868ms
[2024-05-30T13:47:57.842+0000][11617.261s][info][gc,start    ] GC(2316) Pause Remark
[2024-05-30T13:47:57.866+0000][11617.285s][info][gc          ] GC(2316) Pause Remark 7727M->7727M(12288M) 24.128ms
[2024-05-30T13:47:57.866+0000][11617.285s][info][gc,cpu      ] GC(2316) User=0.10s Sys=0.00s Real=0.02s
[2024-05-30T13:47:57.866+0000][11617.285s][info][gc,marking  ] GC(2316) Concurrent Mark 3882.154ms
[2024-05-30T13:47:57.866+0000][11617.285s][info][gc,marking  ] GC(2316) Concurrent Rebuild Remembered Sets
[2024-05-30T13:47:59.679+0000][11619.098s][info][gc,marking  ] GC(2316) Concurrent Rebuild Remembered Sets 1813.253ms
[2024-05-30T13:47:59.680+0000][11619.099s][info][gc,start    ] GC(2316) Pause Cleanup
[2024-05-30T13:47:59.680+0000][11619.099s][info][gc          ] GC(2316) Pause Cleanup 9663M->9663M(12288M) 0.603ms
[2024-05-30T13:47:59.680+0000][11619.099s][info][gc,cpu      ] GC(2316) User=0.01s Sys=0.00s Real=0.00s
[2024-05-30T13:47:59.680+0000][11619.099s][info][gc,marking  ] GC(2316) Concurrent Cleanup for Next Mark
[2024-05-30T13:47:59.708+0000][11619.128s][info][gc,marking  ] GC(2316) Concurrent Cleanup for Next Mark 28.203ms
[2024-05-30T13:47:59.708+0000][11619.128s][info][gc          ] GC(2316) Concurrent Mark Cycle 5748.366ms
[2024-05-30T13:47:59.719+0000][11619.138s][info][gc,start    ] GC(2317) Pause Young (Prepare Mixed) (G1 Evacuation Pause)
[2024-05-30T13:47:59.719+0000][11619.138s][info][gc,task     ] GC(2317) Using 6 workers of 6 for evacuation
[2024-05-30T13:47:59.746+0000][11619.166s][info][gc,phases   ] GC(2317)   Pre Evacuate Collection Set: 0.2ms
[2024-05-30T13:47:59.746+0000][11619.166s][info][gc,phases   ] GC(2317)   Merge Heap Roots: 0.3ms
[2024-05-30T13:47:59.746+0000][11619.166s][info][gc,phases   ] GC(2317)   Evacuate Collection Set: 24.8ms
[2024-05-30T13:47:59.746+0000][11619.166s][info][gc,phases   ] GC(2317)   Post Evacuate Collection Set: 1.8ms
[2024-05-30T13:47:59.746+0000][11619.166s][info][gc,phases   ] GC(2317)   Other: 0.2ms
[2024-05-30T13:47:59.746+0000][11619.166s][info][gc,heap     ] GC(2317) Eden regions: 741->0(65)
[2024-05-30T13:47:59.746+0000][11619.166s][info][gc,heap     ] GC(2317) Survivor regions: 9->11(94)
[2024-05-30T13:47:59.746+0000][11619.166s][info][gc,heap     ] GC(2317) Old regions: 458->458
[2024-05-30T13:47:59.746+0000][11619.166s][info][gc,heap     ] GC(2317) Archive regions: 2->2
[2024-05-30T13:47:59.746+0000][11619.166s][info][gc,heap     ] GC(2317) Humongous regions: 5->5
[2024-05-30T13:47:59.746+0000][11619.166s][info][gc,metaspace] GC(2317) Metaspace: 433819K(440064K)->433819K(440064K) NonClass: 379815K(383232K)->379815K(383232K) Class: 54004K(56832K)->54004K(56832K)
[2024-05-30T13:47:59.746+0000][11619.166s][info][gc          ] GC(2317) Pause Young (Prepare Mixed) (G1 Evacuation Pause) 9707M->3789M(12288M) 27.386ms
[2024-05-30T13:47:59.747+0000][11619.166s][info][gc,cpu      ] GC(2317) User=0.16s Sys=0.00s Real=0.02s
[2024-05-30T13:48:00.193+0000][11619.612s][info][gc,start    ] GC(2318) Pause Young (Mixed) (G1 Evacuation Pause)
[2024-05-30T13:48:00.193+0000][11619.612s][info][gc,task     ] GC(2318) Using 6 workers of 6 for evacuation
[2024-05-30T13:48:00.249+0000][11619.668s][info][gc,phases   ] GC(2318)   Pre Evacuate Collection Set: 0.2ms
[2024-05-30T13:48:00.249+0000][11619.668s][info][gc,phases   ] GC(2318)   Merge Heap Roots: 0.4ms
[2024-05-30T13:48:00.249+0000][11619.668s][info][gc,phases   ] GC(2318)   Evacuate Collection Set: 54.3ms
[2024-05-30T13:48:00.249+0000][11619.668s][info][gc,phases   ] GC(2318)   Post Evacuate Collection Set: 1.3ms
[2024-05-30T13:48:00.249+0000][11619.668s][info][gc,phases   ] GC(2318)   Other: 0.2ms
[2024-05-30T13:48:00.249+0000][11619.668s][info][gc,heap     ] GC(2318) Eden regions: 65->0(748)
[2024-05-30T13:48:00.249+0000][11619.668s][info][gc,heap     ] GC(2318) Survivor regions: 11->6(10)
[2024-05-30T13:48:00.249+0000][11619.668s][info][gc,heap     ] GC(2318) Old regions: 458->454
[2024-05-30T13:48:00.249+0000][11619.668s][info][gc,heap     ] GC(2318) Archive regions: 2->2
[2024-05-30T13:48:00.249+0000][11619.668s][info][gc,heap     ] GC(2318) Humongous regions: 5->5
[2024-05-30T13:48:00.249+0000][11619.668s][info][gc,metaspace] GC(2318) Metaspace: 433819K(440064K)->433819K(440064K) NonClass: 379815K(383232K)->379815K(383232K) Class: 54004K(56832K)->54004K(56832K)
[2024-05-30T13:48:00.249+0000][11619.668s][info][gc          ] GC(2318) Pause Young (Mixed) (G1 Evacuation Pause) 4309M->3717M(12288M) 56.314ms
[2024-05-30T13:48:00.249+0000][11619.668s][info][gc,cpu      ] GC(2318) User=0.34s Sys=0.00s Real=0.06s
[2024-05-30T13:48:05.282+0000][11624.701s][info][gc,start    ] GC(2319) Pause Young (Normal) (G1 Evacuation Pause)
[2024-05-30T13:48:05.282+0000][11624.701s][info][gc,task     ] GC(2319) Using 6 workers of 6 for evacuation
[2024-05-30T13:48:05.295+0000][11624.714s][info][gc,phases   ] GC(2319)   Pre Evacuate Collection Set: 0.2ms
[2024-05-30T13:48:05.295+0000][11624.714s][info][gc,phases   ] GC(2319)   Merge Heap Roots: 0.2ms
[2024-05-30T13:48:05.295+0000][11624.714s][info][gc,phases   ] GC(2319)   Evacuate Collection Set: 10.8ms
[2024-05-30T13:48:05.295+0000][11624.714s][info][gc,phases   ] GC(2319)   Post Evacuate Collection Set: 1.7ms
[2024-05-30T13:48:05.295+0000][11624.714s][info][gc,phases   ] GC(2319)   Other: 0.2ms
[2024-05-30T13:48:05.295+0000][11624.714s][info][gc,heap     ] GC(2319) Eden regions: 748->0(749)
[2024-05-30T13:48:05.295+0000][11624.714s][info][gc,heap     ] GC(2319) Survivor regions: 6->6(95)
[2024-05-30T13:48:05.295+0000][11624.714s][info][gc,heap     ] GC(2319) Old regions: 454->454
[2024-05-30T13:48:05.295+0000][11624.714s][info][gc,heap     ] GC(2319) Archive regions: 2->2
[2024-05-30T13:48:05.295+0000][11624.714s][info][gc,heap     ] GC(2319) Humongous regions: 5->5
[2024-05-30T13:48:05.295+0000][11624.714s][info][gc,metaspace] GC(2319) Metaspace: 433819K(440064K)->433819K(440064K) NonClass: 379815K(383232K)->379815K(383232K) Class: 54004K(56832K)->54004K(56832K)
[2024-05-30T13:48:05.295+0000][11624.714s][info][gc          ] GC(2319) Pause Young (Normal) (G1 Evacuation Pause) 9701M->3717M(12288M) 13.122ms
[2024-05-30T13:48:05.295+0000][11624.715s][info][gc,cpu      ] GC(2319) User=0.07s Sys=0.00s Real=0.01s
[2024-05-30T13:48:10.321+0000][11629.740s][info][gc,start    ] GC(2320) Pause Young (Normal) (G1 Evacuation Pause)
[2024-05-30T13:48:10.321+0000][11629.740s][info][gc,task     ] GC(2320) Using 6 workers of 6 for evacuation
[2024-05-30T13:48:10.338+0000][11629.757s][info][gc,phases   ] GC(2320)   Pre Evacuate Collection Set: 0.2ms
[2024-05-30T13:48:10.338+0000][11629.757s][info][gc,phases   ] GC(2320)   Merge Heap Roots: 0.2ms
[2024-05-30T13:48:10.338+0000][11629.757s][info][gc,phases   ] GC(2320)   Evacuate Collection Set: 14.6ms
[2024-05-30T13:48:10.338+0000][11629.757s][info][gc,phases   ] GC(2320)   Post Evacuate Collection Set: 1.7ms
[2024-05-30T13:48:10.338+0000][11629.757s][info][gc,phases   ] GC(2320)   Other: 0.2ms
[2024-05-30T13:48:10.338+0000][11629.757s][info][gc,heap     ] GC(2320) Eden regions: 749->0(747)
[2024-05-30T13:48:10.338+0000][11629.757s][info][gc,heap     ] GC(2320) Survivor regions: 6->8(95)
[2024-05-30T13:48:10.338+0000][11629.757s][info][gc,heap     ] GC(2320) Old regions: 454->454
[2024-05-30T13:48:10.338+0000][11629.757s][info][gc,heap     ] GC(2320) Archive regions: 2->2
[2024-05-30T13:48:10.338+0000][11629.757s][info][gc,heap     ] GC(2320) Humongous regions: 5->5
[2024-05-30T13:48:10.338+0000][11629.757s][info][gc,metaspace] GC(2320) Metaspace: 433819K(440064K)->433819K(440064K) NonClass: 379815K(383232K)->379815K(383232K) Class: 54004K(56832K)->54004K(56832K)
[2024-05-30T13:48:10.338+0000][11629.757s][info][gc          ] GC(2320) Pause Young (Normal) (G1 Evacuation Pause) 9709M->3733M(12288M) 16.961ms
[2024-05-30T13:48:10.338+0000][11629.757s][info][gc,cpu      ] GC(2320) User=0.10s Sys=0.00s Real=0.02s
[2024-05-30T13:48:15.461+0000][11634.880s][info][gc,start    ] GC(2321) Pause Young (Concurrent Start) (G1 Evacuation Pause)
[2024-05-30T13:48:15.461+0000][11634.880s][info][gc,task     ] GC(2321) Using 6 workers of 6 for evacuation
[2024-05-30T13:48:15.481+0000][11634.900s][info][gc,phases   ] GC(2321)   Pre Evacuate Collection Set: 0.5ms
[2024-05-30T13:48:15.481+0000][11634.900s][info][gc,phases   ] GC(2321)   Merge Heap Roots: 0.2ms
[2024-05-30T13:48:15.481+0000][11634.900s][info][gc,phases   ] GC(2321)   Evacuate Collection Set: 17.2ms
[2024-05-30T13:48:15.481+0000][11634.900s][info][gc,phases   ] GC(2321)   Post Evacuate Collection Set: 1.7ms
[2024-05-30T13:48:15.481+0000][11634.900s][info][gc,phases   ] GC(2321)   Other: 0.3ms
[2024-05-30T13:48:15.481+0000][11634.900s][info][gc,heap     ] GC(2321) Eden regions: 747->0(748)
[2024-05-30T13:48:15.481+0000][11634.900s][info][gc,heap     ] GC(2321) Survivor regions: 8->8(95)
[2024-05-30T13:48:15.481+0000][11634.900s][info][gc,heap     ] GC(2321) Old regions: 454->454
[2024-05-30T13:48:15.481+0000][11634.900s][info][gc,heap     ] GC(2321) Archive regions: 2->2
[2024-05-30T13:48:15.481+0000][11634.900s][info][gc,heap     ] GC(2321) Humongous regions: 5->5
[2024-05-30T13:48:15.481+0000][11634.900s][info][gc,metaspace] GC(2321) Metaspace: 433819K(440064K)->433819K(440064K) NonClass: 379815K(383232K)->379815K(383232K) Class: 54004K(56832K)->54004K(56832K)
[2024-05-30T13:48:15.481+0000][11634.900s][info][gc          ] GC(2321) Pause Young (Concurrent Start) (G1 Evacuation Pause) 9709M->3737M(12288M) 19.944ms
[2024-05-30T13:48:15.481+0000][11634.900s][info][gc,cpu      ] GC(2321) User=0.11s Sys=0.00s Real=0.02s
[2024-05-30T13:48:15.481+0000][11634.900s][info][gc          ] GC(2322) Concurrent Mark Cycle
[2024-05-30T13:48:15.481+0000][11634.900s][info][gc,marking  ] GC(2322) Concurrent Clear Claimed Marks
[2024-05-30T13:48:15.481+0000][11634.901s][info][gc,marking  ] GC(2322) Concurrent Clear Claimed Marks 0.362ms
[2024-05-30T13:48:15.481+0000][11634.901s][info][gc,marking  ] GC(2322) Concurrent Scan Root Regions
[2024-05-30T13:48:15.497+0000][11634.916s][info][gc,marking  ] GC(2322) Concurrent Scan Root Regions 15.881ms
[2024-05-30T13:48:15.497+0000][11634.917s][info][gc,marking  ] GC(2322) Concurrent Mark
[2024-05-30T13:48:15.497+0000][11634.917s][info][gc,marking  ] GC(2322) Concurrent Mark From Roots
[2024-05-30T13:48:15.497+0000][11634.917s][info][gc,task     ] GC(2322) Using 2 workers of 2 for marking
[2024-05-30T13:48:19.021+0000][11638.441s][info][gc,marking  ] GC(2322) Concurrent Mark From Roots 3524.158ms
[2024-05-30T13:48:19.021+0000][11638.441s][info][gc,marking  ] GC(2322) Concurrent Preclean
[2024-05-30T13:48:19.023+0000][11638.442s][info][gc,marking  ] GC(2322) Concurrent Preclean 1.286ms
[2024-05-30T13:48:19.023+0000][11638.442s][info][gc,start    ] GC(2322) Pause Remark
[2024-05-30T13:48:19.047+0000][11638.466s][info][gc          ] GC(2322) Pause Remark 7289M->7289M(12288M) 23.955ms
[2024-05-30T13:48:19.047+0000][11638.466s][info][gc,cpu      ] GC(2322) User=0.11s Sys=0.00s Real=0.02s
[2024-05-30T13:48:19.047+0000][11638.466s][info][gc,marking  ] GC(2322) Concurrent Mark 3549.804ms
[2024-05-30T13:48:19.047+0000][11638.466s][info][gc,marking  ] GC(2322) Concurrent Rebuild Remembered Sets
[2024-05-30T13:48:20.782+0000][11640.201s][info][gc,marking  ] GC(2322) Concurrent Rebuild Remembered Sets 1735.135ms
[2024-05-30T13:48:20.782+0000][11640.202s][info][gc,start    ] GC(2322) Pause Cleanup
[2024-05-30T13:48:20.783+0000][11640.202s][info][gc          ] GC(2322) Pause Cleanup 9101M->9101M(12288M) 0.590ms
[2024-05-30T13:48:20.783+0000][11640.202s][info][gc,cpu      ] GC(2322) User=0.00s Sys=0.00s Real=0.00s
[2024-05-30T13:48:20.783+0000][11640.202s][info][gc,marking  ] GC(2322) Concurrent Cleanup for Next Mark
[2024-05-30T13:48:20.812+0000][11640.231s][info][gc,marking  ] GC(2322) Concurrent Cleanup for Next Mark 28.362ms
[2024-05-30T13:48:20.812+0000][11640.231s][info][gc          ] GC(2322) Concurrent Mark Cycle 5330.653ms
[2024-05-30T13:48:21.298+0000][11640.717s][info][gc,start    ] GC(2323) Pause Young (Prepare Mixed) (G1 Evacuation Pause)
[2024-05-30T13:48:21.298+0000][11640.717s][info][gc,task     ] GC(2323) Using 6 workers of 6 for evacuation
[2024-05-30T13:48:21.319+0000][11640.739s][info][gc,phases   ] GC(2323)   Pre Evacuate Collection Set: 0.2ms
[2024-05-30T13:48:21.319+0000][11640.739s][info][gc,phases   ] GC(2323)   Merge Heap Roots: 0.3ms
[2024-05-30T13:48:21.319+0000][11640.739s][info][gc,phases   ] GC(2323)   Evacuate Collection Set: 18.8ms
[2024-05-30T13:48:21.319+0000][11640.739s][info][gc,phases   ] GC(2323)   Post Evacuate Collection Set: 1.8ms
[2024-05-30T13:48:21.319+0000][11640.739s][info][gc,phases   ] GC(2323)   Other: 0.2ms
[2024-05-30T13:48:21.319+0000][11640.739s][info][gc,heap     ] GC(2323) Eden regions: 748->0(65)
[2024-05-30T13:48:21.319+0000][11640.739s][info][gc,heap     ] GC(2323) Survivor regions: 8->11(95)
[2024-05-30T13:48:21.319+0000][11640.739s][info][gc,heap     ] GC(2323) Old regions: 454->454
[2024-05-30T13:48:21.319+0000][11640.739s][info][gc,heap     ] GC(2323) Archive regions: 2->2
[2024-05-30T13:48:21.319+0000][11640.739s][info][gc,heap     ] GC(2323) Humongous regions: 5->5
[2024-05-30T13:48:21.319+0000][11640.739s][info][gc,metaspace] GC(2323) Metaspace: 433819K(440064K)->433819K(440064K) NonClass: 379815K(383232K)->379815K(383232K) Class: 54004K(56832K)->54004K(56832K)
[2024-05-30T13:48:21.319+0000][11640.739s][info][gc          ] GC(2323) Pause Young (Prepare Mixed) (G1 Evacuation Pause) 9721M->3756M(12288M) 21.345ms
[2024-05-30T13:48:21.319+0000][11640.739s][info][gc,cpu      ] GC(2323) User=0.13s Sys=0.00s Real=0.02s
[2024-05-30T13:48:21.752+0000][11641.171s][info][gc,start    ] GC(2324) Pause Young (Mixed) (G1 Evacuation Pause)
[2024-05-30T13:48:21.752+0000][11641.171s][info][gc,task     ] GC(2324) Using 6 workers of 6 for evacuation
[2024-05-30T13:48:21.809+0000][11641.228s][info][gc,phases   ] GC(2324)   Pre Evacuate Collection Set: 0.2ms
[2024-05-30T13:48:21.809+0000][11641.228s][info][gc,phases   ] GC(2324)   Merge Heap Roots: 0.4ms
[2024-05-30T13:48:21.809+0000][11641.228s][info][gc,phases   ] GC(2324)   Evacuate Collection Set: 55.0ms
[2024-05-30T13:48:21.809+0000][11641.228s][info][gc,phases   ] GC(2324)   Post Evacuate Collection Set: 1.3ms
[2024-05-30T13:48:21.809+0000][11641.228s][info][gc,phases   ] GC(2324)   Other: 0.2ms
[2024-05-30T13:48:21.809+0000][11641.228s][info][gc,heap     ] GC(2324) Eden regions: 65->0(751)
[2024-05-30T13:48:21.809+0000][11641.228s][info][gc,heap     ] GC(2324) Survivor regions: 11->6(10)
[2024-05-30T13:48:21.809+0000][11641.228s][info][gc,heap     ] GC(2324) Old regions: 454->452
[2024-05-30T13:48:21.809+0000][11641.228s][info][gc,heap     ] GC(2324) Archive regions: 2->2
[2024-05-30T13:48:21.809+0000][11641.229s][info][gc,heap     ] GC(2324) Humongous regions: 5->5
[2024-05-30T13:48:21.809+0000][11641.229s][info][gc,metaspace] GC(2324) Metaspace: 433819K(440064K)->433819K(440064K) NonClass: 379815K(383232K)->379815K(383232K) Class: 54004K(56832K)->54004K(56832K)
[2024-05-30T13:48:21.809+0000][11641.229s][info][gc          ] GC(2324) Pause Young (Mixed) (G1 Evacuation Pause) 4276M->3700M(12288M) 57.071ms
[2024-05-30T13:48:21.809+0000][11641.229s][info][gc,cpu      ] GC(2324) User=0.34s Sys=0.00s Real=0.06s
[2024-05-30T13:48:26.667+0000][11646.086s][info][gc,start    ] GC(2325) Pause Young (Normal) (G1 Evacuation Pause)
[2024-05-30T13:48:26.667+0000][11646.086s][info][gc,task     ] GC(2325) Using 6 workers of 6 for evacuation
[2024-05-30T13:48:26.681+0000][11646.100s][info][gc,phases   ] GC(2325)   Pre Evacuate Collection Set: 0.2ms
[2024-05-30T13:48:26.681+0000][11646.100s][info][gc,phases   ] GC(2325)   Merge Heap Roots: 0.2ms
[2024-05-30T13:48:26.681+0000][11646.100s][info][gc,phases   ] GC(2325)   Evacuate Collection Set: 11.5ms
[2024-05-30T13:48:26.681+0000][11646.100s][info][gc,phases   ] GC(2325)   Post Evacuate Collection Set: 1.9ms
[2024-05-30T13:48:26.681+0000][11646.100s][info][gc,phases   ] GC(2325)   Other: 0.2ms
[2024-05-30T13:48:26.681+0000][11646.100s][info][gc,heap     ] GC(2325) Eden regions: 751->0(749)
[2024-05-30T13:48:26.681+0000][11646.100s][info][gc,heap     ] GC(2325) Survivor regions: 6->7(95)
[2024-05-30T13:48:26.681+0000][11646.100s][info][gc,heap     ] GC(2325) Old regions: 452->452
[2024-05-30T13:48:26.681+0000][11646.100s][info][gc,heap     ] GC(2325) Archive regions: 2->2
[2024-05-30T13:48:26.681+0000][11646.100s][info][gc,heap     ] GC(2325) Humongous regions: 5->5
[2024-05-30T13:48:26.681+0000][11646.100s][info][gc,metaspace] GC(2325) Metaspace: 433819K(440064K)->433819K(440064K) NonClass: 379815K(383232K)->379815K(383232K) Class: 54004K(56832K)->54004K(56832K)
[2024-05-30T13:48:26.681+0000][11646.101s][info][gc          ] GC(2325) Pause Young (Normal) (G1 Evacuation Pause) 9708M->3708M(12288M) 14.126ms
[2024-05-30T13:48:26.681+0000][11646.101s][info][gc,cpu      ] GC(2325) User=0.08s Sys=0.00s Real=0.02s
[2024-05-30T13:48:31.131+0000][11650.550s][info][gc,start    ] GC(2326) Pause Young (Normal) (G1 Evacuation Pause)
[2024-05-30T13:48:31.131+0000][11650.550s][info][gc,task     ] GC(2326) Using 6 workers of 6 for evacuation
[2024-05-30T13:48:31.146+0000][11650.565s][info][gc,phases   ] GC(2326)   Pre Evacuate Collection Set: 0.2ms
[2024-05-30T13:48:31.146+0000][11650.565s][info][gc,phases   ] GC(2326)   Merge Heap Roots: 0.2ms
[2024-05-30T13:48:31.146+0000][11650.565s][info][gc,phases   ] GC(2326)   Evacuate Collection Set: 12.4ms
[2024-05-30T13:48:31.146+0000][11650.565s][info][gc,phases   ] GC(2326)   Post Evacuate Collection Set: 1.8ms
[2024-05-30T13:48:31.146+0000][11650.565s][info][gc,phases   ] GC(2326)   Other: 0.2ms
[2024-05-30T13:48:31.146+0000][11650.565s][info][gc,heap     ] GC(2326) Eden regions: 749->0(750)
[2024-05-30T13:48:31.146+0000][11650.565s][info][gc,heap     ] GC(2326) Survivor regions: 7->7(95)
[2024-05-30T13:48:31.146+0000][11650.565s][info][gc,heap     ] GC(2326) Old regions: 452->452
[2024-05-30T13:48:31.146+0000][11650.565s][info][gc,heap     ] GC(2326) Archive regions: 2->2
[2024-05-30T13:48:31.146+0000][11650.565s][info][gc,heap     ] GC(2326) Humongous regions: 5->5
[2024-05-30T13:48:31.146+0000][11650.565s][info][gc,metaspace] GC(2326) Metaspace: 433819K(440064K)->433819K(440064K) NonClass: 379815K(383232K)->379815K(383232K) Class: 54004K(56832K)->54004K(56832K)
[2024-05-30T13:48:31.146+0000][11650.565s][info][gc          ] GC(2326) Pause Young (Normal) (G1 Evacuation Pause) 9700M->3705M(12288M) 14.828ms
[2024-05-30T13:48:31.146+0000][11650.565s][info][gc,cpu      ] GC(2326) User=0.08s Sys=0.00s Real=0.01s
[2024-05-30T13:48:36.294+0000][11655.713s][info][gc,start    ] GC(2327) Pause Young (Concurrent Start) (G1 Evacuation Pause)
[2024-05-30T13:48:36.294+0000][11655.713s][info][gc,task     ] GC(2327) Using 6 workers of 6 for evacuation
[2024-05-30T13:48:36.314+0000][11655.734s][info][gc,phases   ] GC(2327)   Pre Evacuate Collection Set: 0.6ms
[2024-05-30T13:48:36.314+0000][11655.734s][info][gc,phases   ] GC(2327)   Merge Heap Roots: 0.2ms
[2024-05-30T13:48:36.314+0000][11655.734s][info][gc,phases   ] GC(2327)   Evacuate Collection Set: 18.0ms
[2024-05-30T13:48:36.314+0000][11655.734s][info][gc,phases   ] GC(2327)   Post Evacuate Collection Set: 1.7ms
[2024-05-30T13:48:36.314+0000][11655.734s][info][gc,phases   ] GC(2327)   Other: 0.3ms
[2024-05-30T13:48:36.314+0000][11655.734s][info][gc,heap     ] GC(2327) Eden regions: 750->0(748)
[2024-05-30T13:48:36.314+0000][11655.734s][info][gc,heap     ] GC(2327) Survivor regions: 7->9(95)
[2024-05-30T13:48:36.314+0000][11655.734s][info][gc,heap     ] GC(2327) Old regions: 452->452
[2024-05-30T13:48:36.314+0000][11655.734s][info][gc,heap     ] GC(2327) Archive regions: 2->2
[2024-05-30T13:48:36.314+0000][11655.734s][info][gc,heap     ] GC(2327) Humongous regions: 5->5
[2024-05-30T13:48:36.314+0000][11655.734s][info][gc,metaspace] GC(2327) Metaspace: 433819K(440064K)->433819K(440064K) NonClass: 379815K(383232K)->379815K(383232K) Class: 54004K(56832K)->54004K(56832K)
[2024-05-30T13:48:36.314+0000][11655.734s][info][gc          ] GC(2327) Pause Young (Concurrent Start) (G1 Evacuation Pause) 9705M->3727M(12288M) 20.864ms
[2024-05-30T13:48:36.315+0000][11655.734s][info][gc,cpu      ] GC(2327) User=0.11s Sys=0.00s Real=0.02s
[2024-05-30T13:48:36.315+0000][11655.734s][info][gc          ] GC(2328) Concurrent Mark Cycle
[2024-05-30T13:48:36.315+0000][11655.734s][info][gc,marking  ] GC(2328) Concurrent Clear Claimed Marks
[2024-05-30T13:48:36.315+0000][11655.734s][info][gc,marking  ] GC(2328) Concurrent Clear Claimed Marks 0.379ms
[2024-05-30T13:48:36.315+0000][11655.734s][info][gc,marking  ] GC(2328) Concurrent Scan Root Regions
[2024-05-30T13:48:36.330+0000][11655.750s][info][gc,marking  ] GC(2328) Concurrent Scan Root Regions 15.401ms
[2024-05-30T13:48:36.330+0000][11655.750s][info][gc,marking  ] GC(2328) Concurrent Mark
[2024-05-30T13:48:36.330+0000][11655.750s][info][gc,marking  ] GC(2328) Concurrent Mark From Roots
[2024-05-30T13:48:36.330+0000][11655.750s][info][gc,task     ] GC(2328) Using 2 workers of 2 for marking
[2024-05-30T13:48:39.983+0000][11659.402s][info][gc,marking  ] GC(2328) Concurrent Mark From Roots 3652.479ms
[2024-05-30T13:48:39.983+0000][11659.402s][info][gc,marking  ] GC(2328) Concurrent Preclean
[2024-05-30T13:48:39.984+0000][11659.404s][info][gc,marking  ] GC(2328) Concurrent Preclean 1.431ms
[2024-05-30T13:48:39.985+0000][11659.404s][info][gc,start    ] GC(2328) Pause Remark
[2024-05-30T13:48:40.009+0000][11659.428s][info][gc          ] GC(2328) Pause Remark 7443M->7443M(12288M) 24.470ms
[2024-05-30T13:48:40.009+0000][11659.428s][info][gc,cpu      ] GC(2328) User=0.11s Sys=0.00s Real=0.03s
[2024-05-30T13:48:40.009+0000][11659.428s][info][gc,marking  ] GC(2328) Concurrent Mark 3678.752ms
[2024-05-30T13:48:40.009+0000][11659.428s][info][gc,marking  ] GC(2328) Concurrent Rebuild Remembered Sets
[2024-05-30T13:48:41.886+0000][11661.305s][info][gc,marking  ] GC(2328) Concurrent Rebuild Remembered Sets 1876.504ms
[2024-05-30T13:48:41.886+0000][11661.305s][info][gc,start    ] GC(2328) Pause Cleanup
[2024-05-30T13:48:41.886+0000][11661.306s][info][gc          ] GC(2328) Pause Cleanup 9431M->9431M(12288M) 0.562ms
[2024-05-30T13:48:41.887+0000][11661.306s][info][gc,cpu      ] GC(2328) User=0.00s Sys=0.00s Real=0.00s
[2024-05-30T13:48:41.887+0000][11661.306s][info][gc,marking  ] GC(2328) Concurrent Cleanup for Next Mark
[2024-05-30T13:48:41.904+0000][11661.323s][info][gc,marking  ] GC(2328) Concurrent Cleanup for Next Mark 17.060ms
[2024-05-30T13:48:41.904+0000][11661.323s][info][gc          ] GC(2328) Concurrent Mark Cycle 5589.172ms
[2024-05-30T13:48:42.141+0000][11661.560s][info][gc,start    ] GC(2329) Pause Young (Prepare Mixed) (G1 Evacuation Pause)
[2024-05-30T13:48:42.141+0000][11661.560s][info][gc,task     ] GC(2329) Using 6 workers of 6 for evacuation
[2024-05-30T13:48:42.162+0000][11661.581s][info][gc,phases   ] GC(2329)   Pre Evacuate Collection Set: 0.2ms
[2024-05-30T13:48:42.162+0000][11661.581s][info][gc,phases   ] GC(2329)   Merge Heap Roots: 0.3ms
[2024-05-30T13:48:42.162+0000][11661.581s][info][gc,phases   ] GC(2329)   Evacuate Collection Set: 18.4ms
[2024-05-30T13:48:42.162+0000][11661.581s][info][gc,phases   ] GC(2329)   Post Evacuate Collection Set: 1.8ms
[2024-05-30T13:48:42.162+0000][11661.581s][info][gc,phases   ] GC(2329)   Other: 0.2ms
[2024-05-30T13:48:42.162+0000][11661.581s][info][gc,heap     ] GC(2329) Eden regions: 748->0(65)
[2024-05-30T13:48:42.162+0000][11661.581s][info][gc,heap     ] GC(2329) Survivor regions: 9->11(95)
[2024-05-30T13:48:42.162+0000][11661.581s][info][gc,heap     ] GC(2329) Old regions: 452->452
[2024-05-30T13:48:42.162+0000][11661.581s][info][gc,heap     ] GC(2329) Archive regions: 2->2
[2024-05-30T13:48:42.162+0000][11661.581s][info][gc,heap     ] GC(2329) Humongous regions: 5->5
[2024-05-30T13:48:42.162+0000][11661.581s][info][gc,metaspace] GC(2329) Metaspace: 433819K(440064K)->433819K(440064K) NonClass: 379815K(383232K)->379815K(383232K) Class: 54004K(56832K)->54004K(56832K)
[2024-05-30T13:48:42.162+0000][11661.581s][info][gc          ] GC(2329) Pause Young (Prepare Mixed) (G1 Evacuation Pause) 9711M->3737M(12288M) 20.934ms
[2024-05-30T13:48:42.162+0000][11661.581s][info][gc,cpu      ] GC(2329) User=0.12s Sys=0.00s Real=0.02s
[2024-05-30T13:48:42.611+0000][11662.030s][info][gc,start    ] GC(2330) Pause Young (Mixed) (G1 Evacuation Pause)
[2024-05-30T13:48:42.611+0000][11662.030s][info][gc,task     ] GC(2330) Using 6 workers of 6 for evacuation
[2024-05-30T13:48:42.667+0000][11662.086s][info][gc,phases   ] GC(2330)   Pre Evacuate Collection Set: 0.2ms
[2024-05-30T13:48:42.667+0000][11662.086s][info][gc,phases   ] GC(2330)   Merge Heap Roots: 0.4ms
[2024-05-30T13:48:42.667+0000][11662.086s][info][gc,phases   ] GC(2330)   Evacuate Collection Set: 53.7ms
[2024-05-30T13:48:42.667+0000][11662.086s][info][gc,phases   ] GC(2330)   Post Evacuate Collection Set: 1.2ms
[2024-05-30T13:48:42.667+0000][11662.086s][info][gc,phases   ] GC(2330)   Other: 0.2ms
[2024-05-30T13:48:42.667+0000][11662.086s][info][gc,heap     ] GC(2330) Eden regions: 65->0(752)
[2024-05-30T13:48:42.667+0000][11662.086s][info][gc,heap     ] GC(2330) Survivor regions: 11->4(10)
[2024-05-30T13:48:42.667+0000][11662.086s][info][gc,heap     ] GC(2330) Old regions: 452->453
[2024-05-30T13:48:42.667+0000][11662.086s][info][gc,heap     ] GC(2330) Archive regions: 2->2
[2024-05-30T13:48:42.667+0000][11662.086s][info][gc,heap     ] GC(2330) Humongous regions: 5->5
[2024-05-30T13:48:42.667+0000][11662.086s][info][gc,metaspace] GC(2330) Metaspace: 433819K(440064K)->433819K(440064K) NonClass: 379815K(383232K)->379815K(383232K) Class: 54004K(56832K)->54004K(56832K)
[2024-05-30T13:48:42.667+0000][11662.086s][info][gc          ] GC(2330) Pause Young (Mixed) (G1 Evacuation Pause) 4257M->3698M(12288M) 55.718ms
[2024-05-30T13:48:42.667+0000][11662.086s][info][gc,cpu      ] GC(2330) User=0.33s Sys=0.00s Real=0.05s
[2024-05-30T13:48:47.685+0000][11667.104s][info][gc,start    ] GC(2331) Pause Young (Normal) (G1 Evacuation Pause)
[2024-05-30T13:48:47.685+0000][11667.104s][info][gc,task     ] GC(2331) Using 6 workers of 6 for evacuation
[2024-05-30T13:48:47.697+0000][11667.116s][info][gc,phases   ] GC(2331)   Pre Evacuate Collection Set: 0.2ms
[2024-05-30T13:48:47.697+0000][11667.116s][info][gc,phases   ] GC(2331)   Merge Heap Roots: 0.3ms
[2024-05-30T13:48:47.697+0000][11667.116s][info][gc,phases   ] GC(2331)   Evacuate Collection Set: 9.8ms
[2024-05-30T13:48:47.697+0000][11667.116s][info][gc,phases   ] GC(2331)   Post Evacuate Collection Set: 1.7ms
[2024-05-30T13:48:47.697+0000][11667.116s][info][gc,phases   ] GC(2331)   Other: 0.2ms
[2024-05-30T13:48:47.697+0000][11667.116s][info][gc,heap     ] GC(2331) Eden regions: 752->0(751)
[2024-05-30T13:48:47.697+0000][11667.116s][info][gc,heap     ] GC(2331) Survivor regions: 4->5(95)
[2024-05-30T13:48:47.697+0000][11667.116s][info][gc,heap     ] GC(2331) Old regions: 453->453
[2024-05-30T13:48:47.697+0000][11667.116s][info][gc,heap     ] GC(2331) Archive regions: 2->2
[2024-05-30T13:48:47.697+0000][11667.116s][info][gc,heap     ] GC(2331) Humongous regions: 5->5
[2024-05-30T13:48:47.697+0000][11667.116s][info][gc,metaspace] GC(2331) Metaspace: 433819K(440064K)->433819K(440064K) NonClass: 379815K(383232K)->379815K(383232K) Class: 54004K(56832K)->54004K(56832K)
[2024-05-30T13:48:47.697+0000][11667.116s][info][gc          ] GC(2331) Pause Young (Normal) (G1 Evacuation Pause) 9714M->3706M(12288M) 12.269ms
[2024-05-30T13:48:47.697+0000][11667.116s][info][gc,cpu      ] GC(2331) User=0.06s Sys=0.00s Real=0.02s
[2024-05-30T13:48:52.885+0000][11672.304s][info][gc,start    ] GC(2332) Pause Young (Normal) (G1 Evacuation Pause)
[2024-05-30T13:48:52.885+0000][11672.304s][info][gc,task     ] GC(2332) Using 6 workers of 6 for evacuation
[2024-05-30T13:48:52.900+0000][11672.319s][info][gc,phases   ] GC(2332)   Pre Evacuate Collection Set: 0.2ms
[2024-05-30T13:48:52.900+0000][11672.319s][info][gc,phases   ] GC(2332)   Merge Heap Roots: 0.2ms
[2024-05-30T13:48:52.900+0000][11672.319s][info][gc,phases   ] GC(2332)   Evacuate Collection Set: 13.2ms
[2024-05-30T13:48:52.900+0000][11672.319s][info][gc,phases   ] GC(2332)   Post Evacuate Collection Set: 1.9ms
[2024-05-30T13:48:52.900+0000][11672.320s][info][gc,phases   ] GC(2332)   Other: 0.2ms
[2024-05-30T13:48:52.900+0000][11672.320s][info][gc,heap     ] GC(2332) Eden regions: 751->0(746)
[2024-05-30T13:48:52.900+0000][11672.320s][info][gc,heap     ] GC(2332) Survivor regions: 5->9(95)
[2024-05-30T13:48:52.900+0000][11672.320s][info][gc,heap     ] GC(2332) Old regions: 453->453
[2024-05-30T13:48:52.900+0000][11672.320s][info][gc,heap     ] GC(2332) Archive regions: 2->2
[2024-05-30T13:48:52.900+0000][11672.320s][info][gc,heap     ] GC(2332) Humongous regions: 5->5
[2024-05-30T13:48:52.900+0000][11672.320s][info][gc,metaspace] GC(2332) Metaspace: 433820K(440064K)->433820K(440064K) NonClass: 379816K(383232K)->379816K(383232K) Class: 54004K(56832K)->54004K(56832K)
[2024-05-30T13:48:52.900+0000][11672.320s][info][gc          ] GC(2332) Pause Young (Normal) (G1 Evacuation Pause) 9714M->3733M(12288M) 15.798ms
[2024-05-30T13:48:52.900+0000][11672.320s][info][gc,cpu      ] GC(2332) User=0.09s Sys=0.01s Real=0.02s
[2024-05-30T13:48:57.865+0000][11677.284s][info][gc,start    ] GC(2333) Pause Young (Concurrent Start) (G1 Evacuation Pause)
[2024-05-30T13:48:57.865+0000][11677.285s][info][gc,task     ] GC(2333) Using 6 workers of 6 for evacuation
[2024-05-30T13:48:57.884+0000][11677.303s][info][gc,phases   ] GC(2333)   Pre Evacuate Collection Set: 0.6ms
[2024-05-30T13:48:57.884+0000][11677.303s][info][gc,phases   ] GC(2333)   Merge Heap Roots: 0.2ms
[2024-05-30T13:48:57.884+0000][11677.303s][info][gc,phases   ] GC(2333)   Evacuate Collection Set: 15.7ms
[2024-05-30T13:48:57.884+0000][11677.303s][info][gc,phases   ] GC(2333)   Post Evacuate Collection Set: 1.9ms
[2024-05-30T13:48:57.884+0000][11677.303s][info][gc,phases   ] GC(2333)   Other: 0.3ms
[2024-05-30T13:48:57.884+0000][11677.303s][info][gc,heap     ] GC(2333) Eden regions: 746->0(746)
[2024-05-30T13:48:57.884+0000][11677.303s][info][gc,heap     ] GC(2333) Survivor regions: 9->9(95)
[2024-05-30T13:48:57.884+0000][11677.303s][info][gc,heap     ] GC(2333) Old regions: 453->453
[2024-05-30T13:48:57.884+0000][11677.303s][info][gc,heap     ] GC(2333) Archive regions: 2->2
[2024-05-30T13:48:57.884+0000][11677.303s][info][gc,heap     ] GC(2333) Humongous regions: 5->5
[2024-05-30T13:48:57.884+0000][11677.303s][info][gc,metaspace] GC(2333) Metaspace: 433820K(440064K)->433820K(440064K) NonClass: 379816K(383232K)->379816K(383232K) Class: 54004K(56832K)->54004K(56832K)
[2024-05-30T13:48:57.884+0000][11677.303s][info][gc          ] GC(2333) Pause Young (Concurrent Start) (G1 Evacuation Pause) 9701M->3736M(12288M) 18.679ms
[2024-05-30T13:48:57.884+0000][11677.303s][info][gc,cpu      ] GC(2333) User=0.11s Sys=0.00s Real=0.02s
[2024-05-30T13:48:57.884+0000][11677.303s][info][gc          ] GC(2334) Concurrent Mark Cycle
[2024-05-30T13:48:57.884+0000][11677.303s][info][gc,marking  ] GC(2334) Concurrent Clear Claimed Marks
[2024-05-30T13:48:57.884+0000][11677.304s][info][gc,marking  ] GC(2334) Concurrent Clear Claimed Marks 0.411ms
[2024-05-30T13:48:57.884+0000][11677.304s][info][gc,marking  ] GC(2334) Concurrent Scan Root Regions
[2024-05-30T13:48:57.904+0000][11677.323s][info][gc,marking  ] GC(2334) Concurrent Scan Root Regions 19.613ms
[2024-05-30T13:48:57.904+0000][11677.323s][info][gc,marking  ] GC(2334) Concurrent Mark
[2024-05-30T13:48:57.904+0000][11677.323s][info][gc,marking  ] GC(2334) Concurrent Mark From Roots
[2024-05-30T13:48:57.904+0000][11677.323s][info][gc,task     ] GC(2334) Using 2 workers of 2 for marking
[2024-05-30T13:49:01.532+0000][11680.951s][info][gc,marking  ] GC(2334) Concurrent Mark From Roots 3627.797ms
[2024-05-30T13:49:01.532+0000][11680.951s][info][gc,marking  ] GC(2334) Concurrent Preclean
[2024-05-30T13:49:01.533+0000][11680.953s][info][gc,marking  ] GC(2334) Concurrent Preclean 1.480ms
[2024-05-30T13:49:01.534+0000][11680.953s][info][gc,start    ] GC(2334) Pause Remark
[2024-05-30T13:49:01.558+0000][11680.977s][info][gc          ] GC(2334) Pause Remark 8068M->8068M(12288M) 24.385ms
[2024-05-30T13:49:01.558+0000][11680.977s][info][gc,cpu      ] GC(2334) User=0.10s Sys=0.00s Real=0.03s
[2024-05-30T13:49:01.558+0000][11680.978s][info][gc,marking  ] GC(2334) Concurrent Mark 3654.232ms
[2024-05-30T13:49:01.558+0000][11680.978s][info][gc,marking  ] GC(2334) Concurrent Rebuild Remembered Sets
[2024-05-30T13:49:03.120+0000][11682.540s][info][gc,start    ] GC(2335) Pause Young (Normal) (G1 Evacuation Pause)
[2024-05-30T13:49:03.120+0000][11682.540s][info][gc,task     ] GC(2335) Using 6 workers of 6 for evacuation
[2024-05-30T13:49:03.140+0000][11682.559s][info][gc,phases   ] GC(2335)   Pre Evacuate Collection Set: 0.2ms
[2024-05-30T13:49:03.140+0000][11682.559s][info][gc,phases   ] GC(2335)   Merge Heap Roots: 0.3ms
[2024-05-30T13:49:03.140+0000][11682.559s][info][gc,phases   ] GC(2335)   Evacuate Collection Set: 17.1ms
[2024-05-30T13:49:03.140+0000][11682.559s][info][gc,phases   ] GC(2335)   Post Evacuate Collection Set: 1.8ms
[2024-05-30T13:49:03.140+0000][11682.559s][info][gc,phases   ] GC(2335)   Other: 0.2ms
[2024-05-30T13:49:03.140+0000][11682.559s][info][gc,heap     ] GC(2335) Eden regions: 746->0(745)
[2024-05-30T13:49:03.140+0000][11682.559s][info][gc,heap     ] GC(2335) Survivor regions: 9->10(95)
[2024-05-30T13:49:03.140+0000][11682.559s][info][gc,heap     ] GC(2335) Old regions: 453->453
[2024-05-30T13:49:03.140+0000][11682.559s][info][gc,heap     ] GC(2335) Archive regions: 2->2
[2024-05-30T13:49:03.140+0000][11682.559s][info][gc,heap     ] GC(2335) Humongous regions: 5->5
[2024-05-30T13:49:03.140+0000][11682.559s][info][gc,metaspace] GC(2335) Metaspace: 433820K(440064K)->433820K(440064K) NonClass: 379816K(383232K)->379816K(383232K) Class: 54004K(56832K)->54004K(56832K)
[2024-05-30T13:49:03.140+0000][11682.559s][info][gc          ] GC(2335) Pause Young (Normal) (G1 Evacuation Pause) 9704M->3740M(12288M) 19.647ms
[2024-05-30T13:49:03.140+0000][11682.559s][info][gc,cpu      ] GC(2335) User=0.11s Sys=0.01s Real=0.02s
[2024-05-30T13:49:03.386+0000][11682.806s][info][gc,marking  ] GC(2334) Concurrent Rebuild Remembered Sets 1827.915ms
[2024-05-30T13:49:03.386+0000][11682.806s][info][gc,start    ] GC(2334) Pause Cleanup
[2024-05-30T13:49:03.387+0000][11682.806s][info][gc          ] GC(2334) Pause Cleanup 4020M->4020M(12288M) 0.577ms
[2024-05-30T13:49:03.387+0000][11682.806s][info][gc,cpu      ] GC(2334) User=0.00s Sys=0.00s Real=0.00s
[2024-05-30T13:49:03.387+0000][11682.806s][info][gc,marking  ] GC(2334) Concurrent Cleanup for Next Mark
[2024-05-30T13:49:03.415+0000][11682.835s][info][gc,marking  ] GC(2334) Concurrent Cleanup for Next Mark 28.180ms
[2024-05-30T13:49:03.415+0000][11682.835s][info][gc          ] GC(2334) Concurrent Mark Cycle 5531.405ms
[2024-05-30T13:49:08.207+0000][11687.626s][info][gc,start    ] GC(2336) Pause Young (Prepare Mixed) (G1 Evacuation Pause)
[2024-05-30T13:49:08.207+0000][11687.626s][info][gc,task     ] GC(2336) Using 6 workers of 6 for evacuation
[2024-05-30T13:49:08.229+0000][11687.648s][info][gc,phases   ] GC(2336)   Pre Evacuate Collection Set: 0.2ms
[2024-05-30T13:49:08.229+0000][11687.648s][info][gc,phases   ] GC(2336)   Merge Heap Roots: 0.3ms
[2024-05-30T13:49:08.229+0000][11687.648s][info][gc,phases   ] GC(2336)   Evacuate Collection Set: 19.4ms
[2024-05-30T13:49:08.229+0000][11687.648s][info][gc,phases   ] GC(2336)   Post Evacuate Collection Set: 1.8ms
[2024-05-30T13:49:08.229+0000][11687.648s][info][gc,phases   ] GC(2336)   Other: 0.2ms
[2024-05-30T13:49:08.229+0000][11687.648s][info][gc,heap     ] GC(2336) Eden regions: 745->0(66)
[2024-05-30T13:49:08.229+0000][11687.648s][info][gc,heap     ] GC(2336) Survivor regions: 10->10(95)
[2024-05-30T13:49:08.229+0000][11687.648s][info][gc,heap     ] GC(2336) Old regions: 453->453
[2024-05-30T13:49:08.229+0000][11687.648s][info][gc,heap     ] GC(2336) Archive regions: 2->2
[2024-05-30T13:49:08.229+0000][11687.648s][info][gc,heap     ] GC(2336) Humongous regions: 5->5
[2024-05-30T13:49:08.229+0000][11687.648s][info][gc,metaspace] GC(2336) Metaspace: 433820K(440064K)->433820K(440064K) NonClass: 379816K(383232K)->379816K(383232K) Class: 54004K(56832K)->54004K(56832K)
[2024-05-30T13:49:08.229+0000][11687.648s][info][gc          ] GC(2336) Pause Young (Prepare Mixed) (G1 Evacuation Pause) 9700M->3743M(12288M) 21.944ms
[2024-05-30T13:49:08.229+0000][11687.648s][info][gc,cpu      ] GC(2336) User=0.13s Sys=0.00s Real=0.03s
[2024-05-30T13:49:08.675+0000][11688.094s][info][gc,start    ] GC(2337) Pause Young (Mixed) (G1 Evacuation Pause)
[2024-05-30T13:49:08.675+0000][11688.094s][info][gc,task     ] GC(2337) Using 6 workers of 6 for evacuation
[2024-05-30T13:49:08.732+0000][11688.151s][info][gc,phases   ] GC(2337)   Pre Evacuate Collection Set: 0.2ms
[2024-05-30T13:49:08.732+0000][11688.151s][info][gc,phases   ] GC(2337)   Merge Heap Roots: 0.4ms
[2024-05-30T13:49:08.732+0000][11688.151s][info][gc,phases   ] GC(2337)   Evacuate Collection Set: 55.3ms
[2024-05-30T13:49:08.732+0000][11688.151s][info][gc,phases   ] GC(2337)   Post Evacuate Collection Set: 1.3ms
[2024-05-30T13:49:08.732+0000][11688.151s][info][gc,phases   ] GC(2337)   Other: 0.2ms
[2024-05-30T13:49:08.732+0000][11688.151s][info][gc,heap     ] GC(2337) Eden regions: 66->0(751)
[2024-05-30T13:49:08.732+0000][11688.151s][info][gc,heap     ] GC(2337) Survivor regions: 10->6(10)
[2024-05-30T13:49:08.732+0000][11688.151s][info][gc,heap     ] GC(2337) Old regions: 453->452
[2024-05-30T13:49:08.732+0000][11688.151s][info][gc,heap     ] GC(2337) Archive regions: 2->2
[2024-05-30T13:49:08.732+0000][11688.151s][info][gc,heap     ] GC(2337) Humongous regions: 5->5
[2024-05-30T13:49:08.732+0000][11688.151s][info][gc,metaspace] GC(2337) Metaspace: 433820K(440064K)->433820K(440064K) NonClass: 379816K(383232K)->379816K(383232K) Class: 54004K(56832K)->54004K(56832K)
[2024-05-30T13:49:08.732+0000][11688.151s][info][gc          ] GC(2337) Pause Young (Mixed) (G1 Evacuation Pause) 4271M->3699M(12288M) 57.332ms
[2024-05-30T13:49:08.732+0000][11688.152s][info][gc,cpu      ] GC(2337) User=0.34s Sys=0.00s Real=0.06s
[2024-05-30T13:49:13.803+0000][11693.222s][info][gc,start    ] GC(2338) Pause Young (Normal) (G1 Evacuation Pause)
[2024-05-30T13:49:13.803+0000][11693.222s][info][gc,task     ] GC(2338) Using 6 workers of 6 for evacuation
[2024-05-30T13:49:13.816+0000][11693.235s][info][gc,phases   ] GC(2338)   Pre Evacuate Collection Set: 0.2ms
[2024-05-30T13:49:13.816+0000][11693.235s][info][gc,phases   ] GC(2338)   Merge Heap Roots: 0.2ms
[2024-05-30T13:49:13.816+0000][11693.235s][info][gc,phases   ] GC(2338)   Evacuate Collection Set: 10.5ms
[2024-05-30T13:49:13.816+0000][11693.235s][info][gc,phases   ] GC(2338)   Post Evacuate Collection Set: 1.8ms
[2024-05-30T13:49:13.816+0000][11693.235s][info][gc,phases   ] GC(2338)   Other: 0.2ms
[2024-05-30T13:49:13.816+0000][11693.235s][info][gc,heap     ] GC(2338) Eden regions: 751->0(751)
[2024-05-30T13:49:13.816+0000][11693.235s][info][gc,heap     ] GC(2338) Survivor regions: 6->6(95)
[2024-05-30T13:49:13.816+0000][11693.235s][info][gc,heap     ] GC(2338) Old regions: 452->452
[2024-05-30T13:49:13.816+0000][11693.235s][info][gc,heap     ] GC(2338) Archive regions: 2->2
[2024-05-30T13:49:13.816+0000][11693.235s][info][gc,heap     ] GC(2338) Humongous regions: 5->5
[2024-05-30T13:49:13.816+0000][11693.235s][info][gc,metaspace] GC(2338) Metaspace: 433820K(440064K)->433820K(440064K) NonClass: 379816K(383232K)->379816K(383232K) Class: 54004K(56832K)->54004K(56832K)
[2024-05-30T13:49:13.816+0000][11693.235s][info][gc          ] GC(2338) Pause Young (Normal) (G1 Evacuation Pause) 9707M->3704M(12288M) 12.951ms
[2024-05-30T13:49:13.816+0000][11693.235s][info][gc,cpu      ] GC(2338) User=0.07s Sys=0.00s Real=0.01s
[2024-05-30T13:49:18.961+0000][11698.381s][info][gc,start    ] GC(2339) Pause Young (Normal) (G1 Evacuation Pause)
[2024-05-30T13:49:18.961+0000][11698.381s][info][gc,task     ] GC(2339) Using 6 workers of 6 for evacuation
[2024-05-30T13:49:18.977+0000][11698.396s][info][gc,phases   ] GC(2339)   Pre Evacuate Collection Set: 0.2ms
[2024-05-30T13:49:18.977+0000][11698.396s][info][gc,phases   ] GC(2339)   Merge Heap Roots: 0.3ms
[2024-05-30T13:49:18.977+0000][11698.396s][info][gc,phases   ] GC(2339)   Evacuate Collection Set: 12.9ms
[2024-05-30T13:49:18.977+0000][11698.396s][info][gc,phases   ] GC(2339)   Post Evacuate Collection Set: 1.8ms
[2024-05-30T13:49:18.977+0000][11698.396s][info][gc,phases   ] GC(2339)   Other: 0.2ms
[2024-05-30T13:49:18.977+0000][11698.396s][info][gc,heap     ] GC(2339) Eden regions: 751->0(749)
[2024-05-30T13:49:18.977+0000][11698.396s][info][gc,heap     ] GC(2339) Survivor regions: 6->8(95)
[2024-05-30T13:49:18.977+0000][11698.396s][info][gc,heap     ] GC(2339) Old regions: 452->452
[2024-05-30T13:49:18.977+0000][11698.396s][info][gc,heap     ] GC(2339) Archive regions: 2->2
[2024-05-30T13:49:18.977+0000][11698.396s][info][gc,heap     ] GC(2339) Humongous regions: 5->5
[2024-05-30T13:49:18.977+0000][11698.396s][info][gc,metaspace] GC(2339) Metaspace: 433820K(440064K)->433820K(440064K) NonClass: 379816K(383232K)->379816K(383232K) Class: 54004K(56832K)->54004K(56832K)
[2024-05-30T13:49:18.977+0000][11698.396s][info][gc          ] GC(2339) Pause Young (Normal) (G1 Evacuation Pause) 9712M->3717M(12288M) 15.439ms
[2024-05-30T13:49:18.977+0000][11698.396s][info][gc,cpu      ] GC(2339) User=0.09s Sys=0.00s Real=0.02s
[2024-05-30T13:49:23.949+0000][11703.368s][info][gc,start    ] GC(2340) Pause Young (Concurrent Start) (G1 Evacuation Pause)
[2024-05-30T13:49:23.949+0000][11703.368s][info][gc,task     ] GC(2340) Using 6 workers of 6 for evacuation
[2024-05-30T13:49:23.968+0000][11703.387s][info][gc,phases   ] GC(2340)   Pre Evacuate Collection Set: 0.5ms
[2024-05-30T13:49:23.968+0000][11703.387s][info][gc,phases   ] GC(2340)   Merge Heap Roots: 0.2ms
[2024-05-30T13:49:23.968+0000][11703.387s][info][gc,phases   ] GC(2340)   Evacuate Collection Set: 15.8ms
[2024-05-30T13:49:23.968+0000][11703.387s][info][gc,phases   ] GC(2340)   Post Evacuate Collection Set: 1.9ms
[2024-05-30T13:49:23.968+0000][11703.387s][info][gc,phases   ] GC(2340)   Other: 0.3ms
[2024-05-30T13:49:23.968+0000][11703.387s][info][gc,heap     ] GC(2340) Eden regions: 749->0(749)
[2024-05-30T13:49:23.968+0000][11703.387s][info][gc,heap     ] GC(2340) Survivor regions: 8->8(95)
[2024-05-30T13:49:23.968+0000][11703.387s][info][gc,heap     ] GC(2340) Old regions: 452->452
[2024-05-30T13:49:23.968+0000][11703.387s][info][gc,heap     ] GC(2340) Archive regions: 2->2
[2024-05-30T13:49:23.968+0000][11703.387s][info][gc,heap     ] GC(2340) Humongous regions: 5->5
[2024-05-30T13:49:23.968+0000][11703.387s][info][gc,metaspace] GC(2340) Metaspace: 433820K(440064K)->433820K(440064K) NonClass: 379816K(383232K)->379816K(383232K) Class: 54004K(56832K)->54004K(56832K)
[2024-05-30T13:49:23.968+0000][11703.387s][info][gc          ] GC(2340) Pause Young (Concurrent Start) (G1 Evacuation Pause) 9709M->3721M(12288M) 18.837ms
[2024-05-30T13:49:23.968+0000][11703.387s][info][gc,cpu      ] GC(2340) User=0.11s Sys=0.00s Real=0.01s
[2024-05-30T13:49:23.968+0000][11703.387s][info][gc          ] GC(2341) Concurrent Mark Cycle
[2024-05-30T13:49:23.968+0000][11703.387s][info][gc,marking  ] GC(2341) Concurrent Clear Claimed Marks
[2024-05-30T13:49:23.968+0000][11703.388s][info][gc,marking  ] GC(2341) Concurrent Clear Claimed Marks 0.436ms
[2024-05-30T13:49:23.968+0000][11703.388s][info][gc,marking  ] GC(2341) Concurrent Scan Root Regions
[2024-05-30T13:49:23.986+0000][11703.405s][info][gc,marking  ] GC(2341) Concurrent Scan Root Regions 17.734ms
[2024-05-30T13:49:23.986+0000][11703.405s][info][gc,marking  ] GC(2341) Concurrent Mark
[2024-05-30T13:49:23.986+0000][11703.406s][info][gc,marking  ] GC(2341) Concurrent Mark From Roots
[2024-05-30T13:49:23.986+0000][11703.406s][info][gc,task     ] GC(2341) Using 2 workers of 2 for marking
[2024-05-30T13:49:27.709+0000][11707.128s][info][gc,marking  ] GC(2341) Concurrent Mark From Roots 3722.873ms
[2024-05-30T13:49:27.709+0000][11707.128s][info][gc,marking  ] GC(2341) Concurrent Preclean
[2024-05-30T13:49:27.711+0000][11707.130s][info][gc,marking  ] GC(2341) Concurrent Preclean 1.716ms
[2024-05-30T13:49:27.711+0000][11707.130s][info][gc,start    ] GC(2341) Pause Remark
[2024-05-30T13:49:27.735+0000][11707.154s][info][gc          ] GC(2341) Pause Remark 7549M->7549M(12288M) 24.090ms
[2024-05-30T13:49:27.735+0000][11707.155s][info][gc,cpu      ] GC(2341) User=0.11s Sys=0.00s Real=0.02s
[2024-05-30T13:49:27.735+0000][11707.155s][info][gc,marking  ] GC(2341) Concurrent Mark 3749.134ms
[2024-05-30T13:49:27.735+0000][11707.155s][info][gc,marking  ] GC(2341) Concurrent Rebuild Remembered Sets
[2024-05-30T13:49:29.613+0000][11709.032s][info][gc,marking  ] GC(2341) Concurrent Rebuild Remembered Sets 1877.454ms
[2024-05-30T13:49:29.613+0000][11709.032s][info][gc,start    ] GC(2341) Pause Cleanup
[2024-05-30T13:49:29.614+0000][11709.033s][info][gc          ] GC(2341) Pause Cleanup 9565M->9565M(12288M) 0.565ms
[2024-05-30T13:49:29.614+0000][11709.033s][info][gc,cpu      ] GC(2341) User=0.00s Sys=0.00s Real=0.00s
[2024-05-30T13:49:29.614+0000][11709.033s][info][gc,marking  ] GC(2341) Concurrent Cleanup for Next Mark
[2024-05-30T13:49:29.630+0000][11709.050s][info][gc,marking  ] GC(2341) Concurrent Cleanup for Next Mark 16.641ms
[2024-05-30T13:49:29.630+0000][11709.050s][info][gc          ] GC(2341) Concurrent Mark Cycle 5662.472ms
[2024-05-30T13:49:29.736+0000][11709.156s][info][gc,start    ] GC(2342) Pause Young (Prepare Mixed) (G1 Evacuation Pause)
[2024-05-30T13:49:29.736+0000][11709.156s][info][gc,task     ] GC(2342) Using 6 workers of 6 for evacuation
[2024-05-30T13:49:29.757+0000][11709.176s][info][gc,phases   ] GC(2342)   Pre Evacuate Collection Set: 0.2ms
[2024-05-30T13:49:29.757+0000][11709.176s][info][gc,phases   ] GC(2342)   Merge Heap Roots: 0.3ms
[2024-05-30T13:49:29.757+0000][11709.176s][info][gc,phases   ] GC(2342)   Evacuate Collection Set: 17.8ms
[2024-05-30T13:49:29.757+0000][11709.176s][info][gc,phases   ] GC(2342)   Post Evacuate Collection Set: 1.9ms
[2024-05-30T13:49:29.757+0000][11709.176s][info][gc,phases   ] GC(2342)   Other: 0.2ms
[2024-05-30T13:49:29.757+0000][11709.176s][info][gc,heap     ] GC(2342) Eden regions: 749->0(66)
[2024-05-30T13:49:29.757+0000][11709.176s][info][gc,heap     ] GC(2342) Survivor regions: 8->10(95)
[2024-05-30T13:49:29.757+0000][11709.176s][info][gc,heap     ] GC(2342) Old regions: 452->452
[2024-05-30T13:49:29.757+0000][11709.176s][info][gc,heap     ] GC(2342) Archive regions: 2->2
[2024-05-30T13:49:29.757+0000][11709.176s][info][gc,heap     ] GC(2342) Humongous regions: 5->5
[2024-05-30T13:49:29.757+0000][11709.176s][info][gc,metaspace] GC(2342) Metaspace: 433820K(440064K)->433820K(440064K) NonClass: 379816K(383232K)->379816K(383232K) Class: 54004K(56832K)->54004K(56832K)
[2024-05-30T13:49:29.757+0000][11709.176s][info][gc          ] GC(2342) Pause Young (Prepare Mixed) (G1 Evacuation Pause) 9713M->3733M(12288M) 20.496ms
[2024-05-30T13:49:29.757+0000][11709.176s][info][gc,cpu      ] GC(2342) User=0.12s Sys=0.00s Real=0.02s
[2024-05-30T13:49:30.188+0000][11709.607s][info][gc,start    ] GC(2343) Pause Young (Mixed) (G1 Evacuation Pause)
[2024-05-30T13:49:30.188+0000][11709.607s][info][gc,task     ] GC(2343) Using 6 workers of 6 for evacuation
[2024-05-30T13:49:30.241+0000][11709.661s][info][gc,phases   ] GC(2343)   Pre Evacuate Collection Set: 0.2ms
[2024-05-30T13:49:30.241+0000][11709.661s][info][gc,phases   ] GC(2343)   Merge Heap Roots: 0.4ms
[2024-05-30T13:49:30.241+0000][11709.661s][info][gc,phases   ] GC(2343)   Evacuate Collection Set: 51.3ms
[2024-05-30T13:49:30.241+0000][11709.661s][info][gc,phases   ] GC(2343)   Post Evacuate Collection Set: 1.2ms
[2024-05-30T13:49:30.241+0000][11709.661s][info][gc,phases   ] GC(2343)   Other: 0.2ms
[2024-05-30T13:49:30.241+0000][11709.661s][info][gc,heap     ] GC(2343) Eden regions: 66->0(752)
[2024-05-30T13:49:30.241+0000][11709.661s][info][gc,heap     ] GC(2343) Survivor regions: 10->6(10)
[2024-05-30T13:49:30.241+0000][11709.661s][info][gc,heap     ] GC(2343) Old regions: 452->451
[2024-05-30T13:49:30.241+0000][11709.661s][info][gc,heap     ] GC(2343) Archive regions: 2->2
[2024-05-30T13:49:30.241+0000][11709.661s][info][gc,heap     ] GC(2343) Humongous regions: 5->5
[2024-05-30T13:49:30.241+0000][11709.661s][info][gc,metaspace] GC(2343) Metaspace: 433820K(440064K)->433820K(440064K) NonClass: 379816K(383232K)->379816K(383232K) Class: 54004K(56832K)->54004K(56832K)
[2024-05-30T13:49:30.241+0000][11709.661s][info][gc          ] GC(2343) Pause Young (Mixed) (G1 Evacuation Pause) 4261M->3689M(12288M) 53.405ms
[2024-05-30T13:49:30.241+0000][11709.661s][info][gc,cpu      ] GC(2343) User=0.32s Sys=0.00s Real=0.06s
[2024-05-30T13:49:35.300+0000][11714.719s][info][gc,start    ] GC(2344) Pause Young (Normal) (G1 Evacuation Pause)
[2024-05-30T13:49:35.300+0000][11714.719s][info][gc,task     ] GC(2344) Using 6 workers of 6 for evacuation
[2024-05-30T13:49:35.314+0000][11714.733s][info][gc,phases   ] GC(2344)   Pre Evacuate Collection Set: 0.2ms
[2024-05-30T13:49:35.314+0000][11714.733s][info][gc,phases   ] GC(2344)   Merge Heap Roots: 0.3ms
[2024-05-30T13:49:35.314+0000][11714.733s][info][gc,phases   ] GC(2344)   Evacuate Collection Set: 11.4ms
[2024-05-30T13:49:35.314+0000][11714.733s][info][gc,phases   ] GC(2344)   Post Evacuate Collection Set: 1.9ms
[2024-05-30T13:49:35.314+0000][11714.733s][info][gc,phases   ] GC(2344)   Other: 0.2ms
[2024-05-30T13:49:35.314+0000][11714.733s][info][gc,heap     ] GC(2344) Eden regions: 752->0(752)
[2024-05-30T13:49:35.314+0000][11714.733s][info][gc,heap     ] GC(2344) Survivor regions: 6->6(95)
[2024-05-30T13:49:35.314+0000][11714.733s][info][gc,heap     ] GC(2344) Old regions: 451->451
[2024-05-30T13:49:35.314+0000][11714.733s][info][gc,heap     ] GC(2344) Archive regions: 2->2
[2024-05-30T13:49:35.314+0000][11714.733s][info][gc,heap     ] GC(2344) Humongous regions: 5->5
[2024-05-30T13:49:35.314+0000][11714.733s][info][gc,metaspace] GC(2344) Metaspace: 433820K(440064K)->433820K(440064K) NonClass: 379816K(383232K)->379816K(383232K) Class: 54004K(56832K)->54004K(56832K)
[2024-05-30T13:49:35.314+0000][11714.733s][info][gc          ] GC(2344) Pause Young (Normal) (G1 Evacuation Pause) 9705M->3691M(12288M) 14.038ms
[2024-05-30T13:49:35.314+0000][11714.733s][info][gc,cpu      ] GC(2344) User=0.08s Sys=0.00s Real=0.01s
[2024-05-30T13:49:40.494+0000][11719.913s][info][gc,start    ] GC(2345) Pause Young (Normal) (G1 Evacuation Pause)
[2024-05-30T13:49:40.494+0000][11719.913s][info][gc,task     ] GC(2345) Using 6 workers of 6 for evacuation
[2024-05-30T13:49:40.511+0000][11719.930s][info][gc,phases   ] GC(2345)   Pre Evacuate Collection Set: 0.2ms
[2024-05-30T13:49:40.511+0000][11719.930s][info][gc,phases   ] GC(2345)   Merge Heap Roots: 0.3ms
[2024-05-30T13:49:40.511+0000][11719.930s][info][gc,phases   ] GC(2345)   Evacuate Collection Set: 15.2ms
[2024-05-30T13:49:40.511+0000][11719.930s][info][gc,phases   ] GC(2345)   Post Evacuate Collection Set: 1.7ms
[2024-05-30T13:49:40.511+0000][11719.930s][info][gc,phases   ] GC(2345)   Other: 0.2ms
[2024-05-30T13:49:40.511+0000][11719.930s][info][gc,heap     ] GC(2345) Eden regions: 752->0(750)
[2024-05-30T13:49:40.511+0000][11719.930s][info][gc,heap     ] GC(2345) Survivor regions: 6->8(95)
[2024-05-30T13:49:40.511+0000][11719.930s][info][gc,heap     ] GC(2345) Old regions: 451->451
[2024-05-30T13:49:40.511+0000][11719.930s][info][gc,heap     ] GC(2345) Archive regions: 2->2
[2024-05-30T13:49:40.511+0000][11719.930s][info][gc,heap     ] GC(2345) Humongous regions: 5->5
[2024-05-30T13:49:40.511+0000][11719.930s][info][gc,metaspace] GC(2345) Metaspace: 433820K(440064K)->433820K(440064K) NonClass: 379816K(383232K)->379816K(383232K) Class: 54004K(56832K)->54004K(56832K)
[2024-05-30T13:49:40.511+0000][11719.930s][info][gc          ] GC(2345) Pause Young (Normal) (G1 Evacuation Pause) 9707M->3708M(12288M) 17.596ms
[2024-05-30T13:49:40.511+0000][11719.930s][info][gc,cpu      ] GC(2345) User=0.10s Sys=0.00s Real=0.02s
[2024-05-30T13:49:45.384+0000][11724.803s][info][gc,start    ] GC(2346) Pause Young (Concurrent Start) (G1 Evacuation Pause)
[2024-05-30T13:49:45.384+0000][11724.803s][info][gc,task     ] GC(2346) Using 6 workers of 6 for evacuation
[2024-05-30T13:49:45.405+0000][11724.825s][info][gc,phases   ] GC(2346)   Pre Evacuate Collection Set: 0.6ms
[2024-05-30T13:49:45.406+0000][11724.825s][info][gc,phases   ] GC(2346)   Merge Heap Roots: 0.2ms
[2024-05-30T13:49:45.406+0000][11724.825s][info][gc,phases   ] GC(2346)   Evacuate Collection Set: 18.9ms
[2024-05-30T13:49:45.406+0000][11724.825s][info][gc,phases   ] GC(2346)   Post Evacuate Collection Set: 1.8ms
[2024-05-30T13:49:45.406+0000][11724.825s][info][gc,phases   ] GC(2346)   Other: 0.3ms
[2024-05-30T13:49:45.406+0000][11724.825s][info][gc,heap     ] GC(2346) Eden regions: 750->0(749)
[2024-05-30T13:49:45.406+0000][11724.825s][info][gc,heap     ] GC(2346) Survivor regions: 8->9(95)
[2024-05-30T13:49:45.406+0000][11724.825s][info][gc,heap     ] GC(2346) Old regions: 451->451
[2024-05-30T13:49:45.406+0000][11724.825s][info][gc,heap     ] GC(2346) Archive regions: 2->2
[2024-05-30T13:49:45.406+0000][11724.825s][info][gc,heap     ] GC(2346) Humongous regions: 5->5
[2024-05-30T13:49:45.406+0000][11724.825s][info][gc,metaspace] GC(2346) Metaspace: 433820K(440064K)->433820K(440064K) NonClass: 379816K(383232K)->379816K(383232K) Class: 54004K(56832K)->54004K(56832K)
[2024-05-30T13:49:45.406+0000][11724.825s][info][gc          ] GC(2346) Pause Young (Concurrent Start) (G1 Evacuation Pause) 9708M->3714M(12288M) 21.848ms
[2024-05-30T13:49:45.406+0000][11724.825s][info][gc,cpu      ] GC(2346) User=0.13s Sys=0.00s Real=0.02s
[2024-05-30T13:49:45.406+0000][11724.825s][info][gc          ] GC(2347) Concurrent Mark Cycle
[2024-05-30T13:49:45.406+0000][11724.825s][info][gc,marking  ] GC(2347) Concurrent Clear Claimed Marks
[2024-05-30T13:49:45.406+0000][11724.825s][info][gc,marking  ] GC(2347) Concurrent Clear Claimed Marks 0.364ms
[2024-05-30T13:49:45.406+0000][11724.825s][info][gc,marking  ] GC(2347) Concurrent Scan Root Regions
[2024-05-30T13:49:45.421+0000][11724.841s][info][gc,marking  ] GC(2347) Concurrent Scan Root Regions 15.177ms
[2024-05-30T13:49:45.421+0000][11724.841s][info][gc,marking  ] GC(2347) Concurrent Mark
[2024-05-30T13:49:45.421+0000][11724.841s][info][gc,marking  ] GC(2347) Concurrent Mark From Roots
[2024-05-30T13:49:45.421+0000][11724.841s][info][gc,task     ] GC(2347) Using 2 workers of 2 for marking
[2024-05-30T13:49:49.176+0000][11728.595s][info][gc,marking  ] GC(2347) Concurrent Mark From Roots 3754.333ms
[2024-05-30T13:49:49.176+0000][11728.595s][info][gc,marking  ] GC(2347) Concurrent Preclean
[2024-05-30T13:49:49.177+0000][11728.596s][info][gc,marking  ] GC(2347) Concurrent Preclean 1.433ms
[2024-05-30T13:49:49.177+0000][11728.597s][info][gc,start    ] GC(2347) Pause Remark
[2024-05-30T13:49:49.201+0000][11728.621s][info][gc          ] GC(2347) Pause Remark 8082M->8082M(12288M) 23.951ms
[2024-05-30T13:49:49.201+0000][11728.621s][info][gc,cpu      ] GC(2347) User=0.11s Sys=0.00s Real=0.02s
[2024-05-30T13:49:49.201+0000][11728.621s][info][gc,marking  ] GC(2347) Concurrent Mark 3780.145ms
[2024-05-30T13:49:49.201+0000][11728.621s][info][gc,marking  ] GC(2347) Concurrent Rebuild Remembered Sets
[2024-05-30T13:49:50.668+0000][11730.088s][info][gc,start    ] GC(2348) Pause Young (Normal) (G1 Evacuation Pause)
[2024-05-30T13:49:50.668+0000][11730.088s][info][gc,task     ] GC(2348) Using 6 workers of 6 for evacuation
[2024-05-30T13:49:50.691+0000][11730.110s][info][gc,phases   ] GC(2348)   Pre Evacuate Collection Set: 0.2ms
[2024-05-30T13:49:50.691+0000][11730.110s][info][gc,phases   ] GC(2348)   Merge Heap Roots: 0.4ms
[2024-05-30T13:49:50.691+0000][11730.110s][info][gc,phases   ] GC(2348)   Evacuate Collection Set: 19.9ms
[2024-05-30T13:49:50.691+0000][11730.110s][info][gc,phases   ] GC(2348)   Post Evacuate Collection Set: 1.7ms
[2024-05-30T13:49:50.691+0000][11730.110s][info][gc,phases   ] GC(2348)   Other: 0.2ms
[2024-05-30T13:49:50.691+0000][11730.110s][info][gc,heap     ] GC(2348) Eden regions: 749->0(750)
[2024-05-30T13:49:50.691+0000][11730.110s][info][gc,heap     ] GC(2348) Survivor regions: 9->9(95)
[2024-05-30T13:49:50.691+0000][11730.110s][info][gc,heap     ] GC(2348) Old regions: 451->451
[2024-05-30T13:49:50.691+0000][11730.110s][info][gc,heap     ] GC(2348) Archive regions: 2->2
[2024-05-30T13:49:50.691+0000][11730.110s][info][gc,heap     ] GC(2348) Humongous regions: 5->5
[2024-05-30T13:49:50.691+0000][11730.110s][info][gc,metaspace] GC(2348) Metaspace: 433820K(440064K)->433820K(440064K) NonClass: 379816K(383232K)->379816K(383232K) Class: 54004K(56832K)->54004K(56832K)
[2024-05-30T13:49:50.691+0000][11730.110s][info][gc          ] GC(2348) Pause Young (Normal) (G1 Evacuation Pause) 9706M->3717M(12288M) 22.299ms
[2024-05-30T13:49:50.691+0000][11730.110s][info][gc,cpu      ] GC(2348) User=0.13s Sys=0.00s Real=0.02s
[2024-05-30T13:49:51.029+0000][11730.448s][info][gc,marking  ] GC(2347) Concurrent Rebuild Remembered Sets 1827.566ms
[2024-05-30T13:49:51.029+0000][11730.448s][info][gc,start    ] GC(2347) Pause Cleanup
[2024-05-30T13:49:51.030+0000][11730.449s][info][gc          ] GC(2347) Pause Cleanup 4093M->4093M(12288M) 0.635ms
[2024-05-30T13:49:51.030+0000][11730.449s][info][gc,cpu      ] GC(2347) User=0.00s Sys=0.00s Real=0.00s
[2024-05-30T13:49:51.030+0000][11730.449s][info][gc,marking  ] GC(2347) Concurrent Cleanup for Next Mark
[2024-05-30T13:49:51.059+0000][11730.478s][info][gc,marking  ] GC(2347) Concurrent Cleanup for Next Mark 28.807ms
[2024-05-30T13:49:51.059+0000][11730.478s][info][gc          ] GC(2347) Concurrent Mark Cycle 5653.162ms
[2024-05-30T13:49:55.839+0000][11735.258s][info][gc,start    ] GC(2349) Pause Young (Prepare Mixed) (G1 Evacuation Pause)
[2024-05-30T13:49:55.839+0000][11735.258s][info][gc,task     ] GC(2349) Using 6 workers of 6 for evacuation
[2024-05-30T13:49:55.863+0000][11735.282s][info][gc,phases   ] GC(2349)   Pre Evacuate Collection Set: 0.2ms
[2024-05-30T13:49:55.863+0000][11735.282s][info][gc,phases   ] GC(2349)   Merge Heap Roots: 0.3ms
[2024-05-30T13:49:55.863+0000][11735.282s][info][gc,phases   ] GC(2349)   Evacuate Collection Set: 22.0ms
[2024-05-30T13:49:55.863+0000][11735.282s][info][gc,phases   ] GC(2349)   Post Evacuate Collection Set: 1.8ms
[2024-05-30T13:49:55.863+0000][11735.282s][info][gc,phases   ] GC(2349)   Other: 0.2ms
[2024-05-30T13:49:55.863+0000][11735.282s][info][gc,heap     ] GC(2349) Eden regions: 750->0(63)
[2024-05-30T13:49:55.863+0000][11735.282s][info][gc,heap     ] GC(2349) Survivor regions: 9->13(95)
[2024-05-30T13:49:55.863+0000][11735.282s][info][gc,heap     ] GC(2349) Old regions: 451->451
[2024-05-30T13:49:55.863+0000][11735.282s][info][gc,heap     ] GC(2349) Archive regions: 2->2
[2024-05-30T13:49:55.863+0000][11735.282s][info][gc,heap     ] GC(2349) Humongous regions: 5->5
[2024-05-30T13:49:55.863+0000][11735.282s][info][gc,metaspace] GC(2349) Metaspace: 433821K(440064K)->433821K(440064K) NonClass: 379817K(383232K)->379817K(383232K) Class: 54004K(56832K)->54004K(56832K)
[2024-05-30T13:49:55.863+0000][11735.282s][info][gc          ] GC(2349) Pause Young (Prepare Mixed) (G1 Evacuation Pause) 9717M->3743M(12288M) 24.588ms
[2024-05-30T13:49:55.863+0000][11735.283s][info][gc,cpu      ] GC(2349) User=0.15s Sys=0.00s Real=0.02s
[2024-05-30T13:49:56.242+0000][11735.661s][info][gc,start    ] GC(2350) Pause Young (Mixed) (G1 Evacuation Pause)
[2024-05-30T13:49:56.242+0000][11735.661s][info][gc,task     ] GC(2350) Using 6 workers of 6 for evacuation
[2024-05-30T13:49:56.307+0000][11735.726s][info][gc,phases   ] GC(2350)   Pre Evacuate Collection Set: 0.2ms
[2024-05-30T13:49:56.307+0000][11735.726s][info][gc,phases   ] GC(2350)   Merge Heap Roots: 0.4ms
[2024-05-30T13:49:56.307+0000][11735.726s][info][gc,phases   ] GC(2350)   Evacuate Collection Set: 63.1ms
[2024-05-30T13:49:56.307+0000][11735.726s][info][gc,phases   ] GC(2350)   Post Evacuate Collection Set: 1.4ms
[2024-05-30T13:49:56.307+0000][11735.726s][info][gc,phases   ] GC(2350)   Other: 0.2ms
[2024-05-30T13:49:56.307+0000][11735.726s][info][gc,heap     ] GC(2350) Eden regions: 63->0(750)
[2024-05-30T13:49:56.307+0000][11735.726s][info][gc,heap     ] GC(2350) Survivor regions: 13->5(10)
[2024-05-30T13:49:56.307+0000][11735.726s][info][gc,heap     ] GC(2350) Old regions: 451->453
[2024-05-30T13:49:56.307+0000][11735.726s][info][gc,heap     ] GC(2350) Archive regions: 2->2
[2024-05-30T13:49:56.307+0000][11735.726s][info][gc,heap     ] GC(2350) Humongous regions: 5->5
[2024-05-30T13:49:56.307+0000][11735.726s][info][gc,metaspace] GC(2350) Metaspace: 433821K(440064K)->433821K(440064K) NonClass: 379817K(383232K)->379817K(383232K) Class: 54004K(56832K)->54004K(56832K)
[2024-05-30T13:49:56.307+0000][11735.726s][info][gc          ] GC(2350) Pause Young (Mixed) (G1 Evacuation Pause) 4247M->3701M(12288M) 65.260ms
[2024-05-30T13:49:56.307+0000][11735.727s][info][gc,cpu      ] GC(2350) User=0.39s Sys=0.00s Real=0.06s
[2024-05-30T13:50:01.104+0000][11740.523s][info][gc,start    ] GC(2351) Pause Young (Normal) (G1 Evacuation Pause)
[2024-05-30T13:50:01.104+0000][11740.523s][info][gc,task     ] GC(2351) Using 6 workers of 6 for evacuation
[2024-05-30T13:50:01.117+0000][11740.537s][info][gc,phases   ] GC(2351)   Pre Evacuate Collection Set: 0.2ms
[2024-05-30T13:50:01.117+0000][11740.537s][info][gc,phases   ] GC(2351)   Merge Heap Roots: 0.3ms
[2024-05-30T13:50:01.117+0000][11740.537s][info][gc,phases   ] GC(2351)   Evacuate Collection Set: 10.8ms
[2024-05-30T13:50:01.117+0000][11740.537s][info][gc,phases   ] GC(2351)   Post Evacuate Collection Set: 1.9ms
[2024-05-30T13:50:01.117+0000][11740.537s][info][gc,phases   ] GC(2351)   Other: 0.2ms
[2024-05-30T13:50:01.117+0000][11740.537s][info][gc,heap     ] GC(2351) Eden regions: 750->0(750)
[2024-05-30T13:50:01.117+0000][11740.537s][info][gc,heap     ] GC(2351) Survivor regions: 5->6(95)
[2024-05-30T13:50:01.117+0000][11740.537s][info][gc,heap     ] GC(2351) Old regions: 453->453
[2024-05-30T13:50:01.117+0000][11740.537s][info][gc,heap     ] GC(2351) Archive regions: 2->2
[2024-05-30T13:50:01.117+0000][11740.537s][info][gc,heap     ] GC(2351) Humongous regions: 5->5
[2024-05-30T13:50:01.117+0000][11740.537s][info][gc,metaspace] GC(2351) Metaspace: 433821K(440064K)->433821K(440064K) NonClass: 379817K(383232K)->379817K(383232K) Class: 54004K(56832K)->54004K(56832K)
[2024-05-30T13:50:01.117+0000][11740.537s][info][gc          ] GC(2351) Pause Young (Normal) (G1 Evacuation Pause) 9701M->3708M(12288M) 13.358ms
[2024-05-30T13:50:01.117+0000][11740.537s][info][gc,cpu      ] GC(2351) User=0.07s Sys=0.01s Real=0.02s
[2024-05-30T13:50:06.165+0000][11745.585s][info][gc,start    ] GC(2352) Pause Young (Normal) (G1 Evacuation Pause)
[2024-05-30T13:50:06.166+0000][11745.585s][info][gc,task     ] GC(2352) Using 6 workers of 6 for evacuation
[2024-05-30T13:50:06.181+0000][11745.600s][info][gc,phases   ] GC(2352)   Pre Evacuate Collection Set: 0.2ms
[2024-05-30T13:50:06.181+0000][11745.600s][info][gc,phases   ] GC(2352)   Merge Heap Roots: 0.2ms
[2024-05-30T13:50:06.181+0000][11745.600s][info][gc,phases   ] GC(2352)   Evacuate Collection Set: 12.7ms
[2024-05-30T13:50:06.181+0000][11745.600s][info][gc,phases   ] GC(2352)   Post Evacuate Collection Set: 1.8ms
[2024-05-30T13:50:06.181+0000][11745.600s][info][gc,phases   ] GC(2352)   Other: 0.2ms
[2024-05-30T13:50:06.181+0000][11745.600s][info][gc,heap     ] GC(2352) Eden regions: 750->0(750)
[2024-05-30T13:50:06.181+0000][11745.600s][info][gc,heap     ] GC(2352) Survivor regions: 6->6(95)
[2024-05-30T13:50:06.181+0000][11745.600s][info][gc,heap     ] GC(2352) Old regions: 453->453
[2024-05-30T13:50:06.181+0000][11745.600s][info][gc,heap     ] GC(2352) Archive regions: 2->2
[2024-05-30T13:50:06.181+0000][11745.600s][info][gc,heap     ] GC(2352) Humongous regions: 5->5
[2024-05-30T13:50:06.181+0000][11745.600s][info][gc,metaspace] GC(2352) Metaspace: 433821K(440064K)->433821K(440064K) NonClass: 379817K(383232K)->379817K(383232K) Class: 54004K(56832K)->54004K(56832K)
[2024-05-30T13:50:06.181+0000][11745.600s][info][gc          ] GC(2352) Pause Young (Normal) (G1 Evacuation Pause) 9708M->3709M(12288M) 15.157ms
[2024-05-30T13:50:06.181+0000][11745.600s][info][gc,cpu      ] GC(2352) User=0.09s Sys=0.00s Real=0.02s
[2024-05-30T13:50:11.346+0000][11750.766s][info][gc,start    ] GC(2353) Pause Young (Concurrent Start) (G1 Evacuation Pause)
[2024-05-30T13:50:11.346+0000][11750.766s][info][gc,task     ] GC(2353) Using 6 workers of 6 for evacuation
[2024-05-30T13:50:11.366+0000][11750.785s][info][gc,phases   ] GC(2353)   Pre Evacuate Collection Set: 0.6ms
[2024-05-30T13:50:11.366+0000][11750.785s][info][gc,phases   ] GC(2353)   Merge Heap Roots: 0.2ms
[2024-05-30T13:50:11.366+0000][11750.785s][info][gc,phases   ] GC(2353)   Evacuate Collection Set: 16.5ms
[2024-05-30T13:50:11.366+0000][11750.785s][info][gc,phases   ] GC(2353)   Post Evacuate Collection Set: 1.9ms
[2024-05-30T13:50:11.366+0000][11750.785s][info][gc,phases   ] GC(2353)   Other: 0.3ms
[2024-05-30T13:50:11.366+0000][11750.785s][info][gc,heap     ] GC(2353) Eden regions: 750->0(747)
[2024-05-30T13:50:11.366+0000][11750.785s][info][gc,heap     ] GC(2353) Survivor regions: 6->9(95)
[2024-05-30T13:50:11.366+0000][11750.785s][info][gc,heap     ] GC(2353) Old regions: 453->453
[2024-05-30T13:50:11.366+0000][11750.785s][info][gc,heap     ] GC(2353) Archive regions: 2->2
[2024-05-30T13:50:11.366+0000][11750.785s][info][gc,heap     ] GC(2353) Humongous regions: 5->5
[2024-05-30T13:50:11.366+0000][11750.785s][info][gc,metaspace] GC(2353) Metaspace: 433821K(440064K)->433821K(440064K) NonClass: 379817K(383232K)->379817K(383232K) Class: 54004K(56832K)->54004K(56832K)
[2024-05-30T13:50:11.366+0000][11750.785s][info][gc          ] GC(2353) Pause Young (Concurrent Start) (G1 Evacuation Pause) 9709M->3729M(12288M) 19.565ms
[2024-05-30T13:50:11.366+0000][11750.785s][info][gc,cpu      ] GC(2353) User=0.11s Sys=0.00s Real=0.02s
[2024-05-30T13:50:11.366+0000][11750.785s][info][gc          ] GC(2354) Concurrent Mark Cycle
[2024-05-30T13:50:11.366+0000][11750.785s][info][gc,marking  ] GC(2354) Concurrent Clear Claimed Marks
[2024-05-30T13:50:11.366+0000][11750.786s][info][gc,marking  ] GC(2354) Concurrent Clear Claimed Marks 0.362ms
[2024-05-30T13:50:11.366+0000][11750.786s][info][gc,marking  ] GC(2354) Concurrent Scan Root Regions
[2024-05-30T13:50:11.384+0000][11750.803s][info][gc,marking  ] GC(2354) Concurrent Scan Root Regions 17.329ms
[2024-05-30T13:50:11.384+0000][11750.803s][info][gc,marking  ] GC(2354) Concurrent Mark
[2024-05-30T13:50:11.384+0000][11750.803s][info][gc,marking  ] GC(2354) Concurrent Mark From Roots
[2024-05-30T13:50:11.384+0000][11750.803s][info][gc,task     ] GC(2354) Using 2 workers of 2 for marking
[2024-05-30T13:50:15.017+0000][11754.436s][info][gc,marking  ] GC(2354) Concurrent Mark From Roots 3633.331ms
[2024-05-30T13:50:15.017+0000][11754.436s][info][gc,marking  ] GC(2354) Concurrent Preclean
[2024-05-30T13:50:15.019+0000][11754.438s][info][gc,marking  ] GC(2354) Concurrent Preclean 1.790ms
[2024-05-30T13:50:15.019+0000][11754.438s][info][gc,start    ] GC(2354) Pause Remark
[2024-05-30T13:50:15.045+0000][11754.464s][info][gc          ] GC(2354) Pause Remark 7481M->7481M(12288M) 25.949ms
[2024-05-30T13:50:15.045+0000][11754.464s][info][gc,cpu      ] GC(2354) User=0.12s Sys=0.00s Real=0.02s
[2024-05-30T13:50:15.045+0000][11754.465s][info][gc,marking  ] GC(2354) Concurrent Mark 3661.505ms
[2024-05-30T13:50:15.045+0000][11754.465s][info][gc,marking  ] GC(2354) Concurrent Rebuild Remembered Sets
[2024-05-30T13:50:16.827+0000][11756.246s][info][gc,marking  ] GC(2354) Concurrent Rebuild Remembered Sets 1781.451ms
[2024-05-30T13:50:16.827+0000][11756.246s][info][gc,start    ] GC(2354) Pause Cleanup
[2024-05-30T13:50:16.828+0000][11756.247s][info][gc          ] GC(2354) Pause Cleanup 9337M->9337M(12288M) 0.514ms
[2024-05-30T13:50:16.828+0000][11756.247s][info][gc,cpu      ] GC(2354) User=0.00s Sys=0.00s Real=0.00s
[2024-05-30T13:50:16.828+0000][11756.247s][info][gc,marking  ] GC(2354) Concurrent Cleanup for Next Mark
[2024-05-30T13:50:16.845+0000][11756.264s][info][gc,marking  ] GC(2354) Concurrent Cleanup for Next Mark 16.841ms
[2024-05-30T13:50:16.845+0000][11756.264s][info][gc          ] GC(2354) Concurrent Mark Cycle 5478.495ms
[2024-05-30T13:50:17.154+0000][11756.574s][info][gc,start    ] GC(2355) Pause Young (Prepare Mixed) (G1 Evacuation Pause)
[2024-05-30T13:50:17.154+0000][11756.574s][info][gc,task     ] GC(2355) Using 6 workers of 6 for evacuation
[2024-05-30T13:50:17.176+0000][11756.595s][info][gc,phases   ] GC(2355)   Pre Evacuate Collection Set: 0.2ms
[2024-05-30T13:50:17.176+0000][11756.595s][info][gc,phases   ] GC(2355)   Merge Heap Roots: 0.4ms
[2024-05-30T13:50:17.176+0000][11756.595s][info][gc,phases   ] GC(2355)   Evacuate Collection Set: 19.4ms
[2024-05-30T13:50:17.176+0000][11756.595s][info][gc,phases   ] GC(2355)   Post Evacuate Collection Set: 1.8ms
[2024-05-30T13:50:17.176+0000][11756.595s][info][gc,phases   ] GC(2355)   Other: 0.2ms
[2024-05-30T13:50:17.176+0000][11756.595s][info][gc,heap     ] GC(2355) Eden regions: 747->0(67)
[2024-05-30T13:50:17.176+0000][11756.595s][info][gc,heap     ] GC(2355) Survivor regions: 9->9(95)
[2024-05-30T13:50:17.176+0000][11756.595s][info][gc,heap     ] GC(2355) Old regions: 453->453
[2024-05-30T13:50:17.176+0000][11756.595s][info][gc,heap     ] GC(2355) Archive regions: 2->2
[2024-05-30T13:50:17.176+0000][11756.596s][info][gc,heap     ] GC(2355) Humongous regions: 5->5
[2024-05-30T13:50:17.176+0000][11756.596s][info][gc,metaspace] GC(2355) Metaspace: 433821K(440064K)->433821K(440064K) NonClass: 379817K(383232K)->379817K(383232K) Class: 54004K(56832K)->54004K(56832K)
[2024-05-30T13:50:17.176+0000][11756.596s][info][gc          ] GC(2355) Pause Young (Prepare Mixed) (G1 Evacuation Pause) 9705M->3729M(12288M) 22.029ms
[2024-05-30T13:50:17.176+0000][11756.596s][info][gc,cpu      ] GC(2355) User=0.12s Sys=0.01s Real=0.03s
[2024-05-30T13:50:17.630+0000][11757.049s][info][gc,start    ] GC(2356) Pause Young (Mixed) (G1 Evacuation Pause)
[2024-05-30T13:50:17.630+0000][11757.049s][info][gc,task     ] GC(2356) Using 6 workers of 6 for evacuation
[2024-05-30T13:50:17.682+0000][11757.101s][info][gc,phases   ] GC(2356)   Pre Evacuate Collection Set: 0.2ms
[2024-05-30T13:50:17.682+0000][11757.101s][info][gc,phases   ] GC(2356)   Merge Heap Roots: 0.4ms
[2024-05-30T13:50:17.682+0000][11757.101s][info][gc,phases   ] GC(2356)   Evacuate Collection Set: 49.9ms
[2024-05-30T13:50:17.682+0000][11757.101s][info][gc,phases   ] GC(2356)   Post Evacuate Collection Set: 1.3ms
[2024-05-30T13:50:17.682+0000][11757.101s][info][gc,phases   ] GC(2356)   Other: 0.2ms
[2024-05-30T13:50:17.682+0000][11757.101s][info][gc,heap     ] GC(2356) Eden regions: 67->0(752)
[2024-05-30T13:50:17.682+0000][11757.101s][info][gc,heap     ] GC(2356) Survivor regions: 9->6(10)
[2024-05-30T13:50:17.682+0000][11757.101s][info][gc,heap     ] GC(2356) Old regions: 453->451
[2024-05-30T13:50:17.682+0000][11757.101s][info][gc,heap     ] GC(2356) Archive regions: 2->2
[2024-05-30T13:50:17.682+0000][11757.101s][info][gc,heap     ] GC(2356) Humongous regions: 5->5
[2024-05-30T13:50:17.682+0000][11757.101s][info][gc,metaspace] GC(2356) Metaspace: 433821K(440064K)->433821K(440064K) NonClass: 379817K(383232K)->379817K(383232K) Class: 54004K(56832K)->54004K(56832K)
[2024-05-30T13:50:17.682+0000][11757.101s][info][gc          ] GC(2356) Pause Young (Mixed) (G1 Evacuation Pause) 4265M->3691M(12288M) 52.007ms
[2024-05-30T13:50:17.682+0000][11757.101s][info][gc,cpu      ] GC(2356) User=0.31s Sys=0.00s Real=0.05s
[2024-05-30T13:50:22.702+0000][11762.121s][info][gc,start    ] GC(2357) Pause Young (Normal) (G1 Evacuation Pause)
[2024-05-30T13:50:22.702+0000][11762.121s][info][gc,task     ] GC(2357) Using 6 workers of 6 for evacuation
[2024-05-30T13:50:22.716+0000][11762.136s][info][gc,phases   ] GC(2357)   Pre Evacuate Collection Set: 0.2ms
[2024-05-30T13:50:22.716+0000][11762.136s][info][gc,phases   ] GC(2357)   Merge Heap Roots: 0.2ms
[2024-05-30T13:50:22.716+0000][11762.136s][info][gc,phases   ] GC(2357)   Evacuate Collection Set: 12.1ms
[2024-05-30T13:50:22.716+0000][11762.136s][info][gc,phases   ] GC(2357)   Post Evacuate Collection Set: 1.9ms
[2024-05-30T13:50:22.716+0000][11762.136s][info][gc,phases   ] GC(2357)   Other: 0.2ms
[2024-05-30T13:50:22.716+0000][11762.136s][info][gc,heap     ] GC(2357) Eden regions: 752->0(751)
[2024-05-30T13:50:22.716+0000][11762.136s][info][gc,heap     ] GC(2357) Survivor regions: 6->7(95)
[2024-05-30T13:50:22.716+0000][11762.136s][info][gc,heap     ] GC(2357) Old regions: 451->451
[2024-05-30T13:50:22.716+0000][11762.136s][info][gc,heap     ] GC(2357) Archive regions: 2->2
[2024-05-30T13:50:22.716+0000][11762.136s][info][gc,heap     ] GC(2357) Humongous regions: 5->5
[2024-05-30T13:50:22.716+0000][11762.136s][info][gc,metaspace] GC(2357) Metaspace: 433821K(440064K)->433821K(440064K) NonClass: 379817K(383232K)->379817K(383232K) Class: 54004K(56832K)->54004K(56832K)
[2024-05-30T13:50:22.716+0000][11762.136s][info][gc          ] GC(2357) Pause Young (Normal) (G1 Evacuation Pause) 9707M->3703M(12288M) 14.716ms
[2024-05-30T13:50:22.716+0000][11762.136s][info][gc,cpu      ] GC(2357) User=0.08s Sys=0.00s Real=0.02s
[2024-05-30T13:50:27.821+0000][11767.240s][info][gc,start    ] GC(2358) Pause Young (Normal) (G1 Evacuation Pause)
[2024-05-30T13:50:27.821+0000][11767.240s][info][gc,task     ] GC(2358) Using 6 workers of 6 for evacuation
[2024-05-30T13:50:27.837+0000][11767.257s][info][gc,phases   ] GC(2358)   Pre Evacuate Collection Set: 0.2ms
[2024-05-30T13:50:27.838+0000][11767.257s][info][gc,phases   ] GC(2358)   Merge Heap Roots: 0.2ms
[2024-05-30T13:50:27.838+0000][11767.257s][info][gc,phases   ] GC(2358)   Evacuate Collection Set: 14.6ms
[2024-05-30T13:50:27.838+0000][11767.257s][info][gc,phases   ] GC(2358)   Post Evacuate Collection Set: 1.9ms
[2024-05-30T13:50:27.838+0000][11767.257s][info][gc,phases   ] GC(2358)   Other: 0.2ms
[2024-05-30T13:50:27.838+0000][11767.257s][info][gc,heap     ] GC(2358) Eden regions: 751->0(749)
[2024-05-30T13:50:27.838+0000][11767.257s][info][gc,heap     ] GC(2358) Survivor regions: 7->9(95)
[2024-05-30T13:50:27.838+0000][11767.257s][info][gc,heap     ] GC(2358) Old regions: 451->451
[2024-05-30T13:50:27.838+0000][11767.257s][info][gc,heap     ] GC(2358) Archive regions: 2->2
[2024-05-30T13:50:27.838+0000][11767.257s][info][gc,heap     ] GC(2358) Humongous regions: 5->5
[2024-05-30T13:50:27.838+0000][11767.257s][info][gc,metaspace] GC(2358) Metaspace: 433821K(440064K)->433821K(440064K) NonClass: 379817K(383232K)->379817K(383232K) Class: 54004K(56832K)->54004K(56832K)
[2024-05-30T13:50:27.838+0000][11767.257s][info][gc          ] GC(2358) Pause Young (Normal) (G1 Evacuation Pause) 9711M->3721M(12288M) 17.049ms
[2024-05-30T13:50:27.838+0000][11767.257s][info][gc,cpu      ] GC(2358) User=0.10s Sys=0.00s Real=0.02s
[2024-05-30T13:50:32.798+0000][11772.217s][info][gc,start    ] GC(2359) Pause Young (Concurrent Start) (G1 Evacuation Pause)
[2024-05-30T13:50:32.798+0000][11772.217s][info][gc,task     ] GC(2359) Using 6 workers of 6 for evacuation
[2024-05-30T13:50:32.818+0000][11772.237s][info][gc,phases   ] GC(2359)   Pre Evacuate Collection Set: 0.6ms
[2024-05-30T13:50:32.818+0000][11772.237s][info][gc,phases   ] GC(2359)   Merge Heap Roots: 0.2ms
[2024-05-30T13:50:32.818+0000][11772.237s][info][gc,phases   ] GC(2359)   Evacuate Collection Set: 17.2ms
[2024-05-30T13:50:32.818+0000][11772.237s][info][gc,phases   ] GC(2359)   Post Evacuate Collection Set: 1.8ms
[2024-05-30T13:50:32.818+0000][11772.237s][info][gc,phases   ] GC(2359)   Other: 0.3ms
[2024-05-30T13:50:32.818+0000][11772.237s][info][gc,heap     ] GC(2359) Eden regions: 749->0(749)
[2024-05-30T13:50:32.818+0000][11772.237s][info][gc,heap     ] GC(2359) Survivor regions: 9->9(95)
[2024-05-30T13:50:32.818+0000][11772.237s][info][gc,heap     ] GC(2359) Old regions: 451->451
[2024-05-30T13:50:32.818+0000][11772.237s][info][gc,heap     ] GC(2359) Archive regions: 2->2
[2024-05-30T13:50:32.818+0000][11772.237s][info][gc,heap     ] GC(2359) Humongous regions: 5->5
[2024-05-30T13:50:32.818+0000][11772.237s][info][gc,metaspace] GC(2359) Metaspace: 433821K(440064K)->433821K(440064K) NonClass: 379817K(383232K)->379817K(383232K) Class: 54004K(56832K)->54004K(56832K)
[2024-05-30T13:50:32.818+0000][11772.237s][info][gc          ] GC(2359) Pause Young (Concurrent Start) (G1 Evacuation Pause) 9713M->3719M(12288M) 20.200ms
[2024-05-30T13:50:32.818+0000][11772.237s][info][gc,cpu      ] GC(2359) User=0.11s Sys=0.00s Real=0.02s
[2024-05-30T13:50:32.818+0000][11772.237s][info][gc          ] GC(2360) Concurrent Mark Cycle
[2024-05-30T13:50:32.818+0000][11772.237s][info][gc,marking  ] GC(2360) Concurrent Clear Claimed Marks
[2024-05-30T13:50:32.818+0000][11772.237s][info][gc,marking  ] GC(2360) Concurrent Clear Claimed Marks 0.382ms
[2024-05-30T13:50:32.818+0000][11772.237s][info][gc,marking  ] GC(2360) Concurrent Scan Root Regions
[2024-05-30T13:50:32.833+0000][11772.252s][info][gc,marking  ] GC(2360) Concurrent Scan Root Regions 14.847ms
[2024-05-30T13:50:32.833+0000][11772.252s][info][gc,marking  ] GC(2360) Concurrent Mark
[2024-05-30T13:50:32.833+0000][11772.252s][info][gc,marking  ] GC(2360) Concurrent Mark From Roots
[2024-05-30T13:50:32.833+0000][11772.252s][info][gc,task     ] GC(2360) Using 2 workers of 2 for marking
[2024-05-30T13:50:36.520+0000][11775.939s][info][gc,marking  ] GC(2360) Concurrent Mark From Roots 3687.000ms
[2024-05-30T13:50:36.520+0000][11775.939s][info][gc,marking  ] GC(2360) Concurrent Preclean
[2024-05-30T13:50:36.522+0000][11775.941s][info][gc,marking  ] GC(2360) Concurrent Preclean 1.637ms
[2024-05-30T13:50:36.522+0000][11775.941s][info][gc,start    ] GC(2360) Pause Remark
[2024-05-30T13:50:36.546+0000][11775.966s][info][gc          ] GC(2360) Pause Remark 7527M->7527M(12288M) 24.382ms
[2024-05-30T13:50:36.547+0000][11775.966s][info][gc,cpu      ] GC(2360) User=0.10s Sys=0.00s Real=0.02s
[2024-05-30T13:50:36.547+0000][11775.966s][info][gc,marking  ] GC(2360) Concurrent Mark 3713.492ms
[2024-05-30T13:50:36.547+0000][11775.966s][info][gc,marking  ] GC(2360) Concurrent Rebuild Remembered Sets
[2024-05-30T13:50:38.379+0000][11777.799s][info][gc,marking  ] GC(2360) Concurrent Rebuild Remembered Sets 1832.626ms
[2024-05-30T13:50:38.379+0000][11777.799s][info][gc,start    ] GC(2360) Pause Cleanup
[2024-05-30T13:50:38.380+0000][11777.799s][info][gc          ] GC(2360) Pause Cleanup 9487M->9487M(12288M) 0.507ms
[2024-05-30T13:50:38.380+0000][11777.799s][info][gc,cpu      ] GC(2360) User=0.01s Sys=0.00s Real=0.00s
[2024-05-30T13:50:38.380+0000][11777.799s][info][gc,marking  ] GC(2360) Concurrent Cleanup for Next Mark
[2024-05-30T13:50:38.397+0000][11777.816s][info][gc,marking  ] GC(2360) Concurrent Cleanup for Next Mark 17.065ms
[2024-05-30T13:50:38.397+0000][11777.816s][info][gc          ] GC(2360) Concurrent Mark Cycle 5579.396ms
[2024-05-30T13:50:38.583+0000][11778.003s][info][gc,start    ] GC(2361) Pause Young (Prepare Mixed) (G1 Evacuation Pause)
[2024-05-30T13:50:38.583+0000][11778.003s][info][gc,task     ] GC(2361) Using 6 workers of 6 for evacuation
[2024-05-30T13:50:38.606+0000][11778.025s][info][gc,phases   ] GC(2361)   Pre Evacuate Collection Set: 0.2ms
[2024-05-30T13:50:38.606+0000][11778.025s][info][gc,phases   ] GC(2361)   Merge Heap Roots: 0.3ms
[2024-05-30T13:50:38.606+0000][11778.025s][info][gc,phases   ] GC(2361)   Evacuate Collection Set: 19.9ms
[2024-05-30T13:50:38.606+0000][11778.025s][info][gc,phases   ] GC(2361)   Post Evacuate Collection Set: 1.8ms
[2024-05-30T13:50:38.606+0000][11778.025s][info][gc,phases   ] GC(2361)   Other: 0.2ms
[2024-05-30T13:50:38.606+0000][11778.025s][info][gc,heap     ] GC(2361) Eden regions: 749->0(66)
[2024-05-30T13:50:38.606+0000][11778.025s][info][gc,heap     ] GC(2361) Survivor regions: 9->10(95)
[2024-05-30T13:50:38.606+0000][11778.025s][info][gc,heap     ] GC(2361) Old regions: 451->451
[2024-05-30T13:50:38.606+0000][11778.025s][info][gc,heap     ] GC(2361) Archive regions: 2->2
[2024-05-30T13:50:38.606+0000][11778.025s][info][gc,heap     ] GC(2361) Humongous regions: 5->5
[2024-05-30T13:50:38.606+0000][11778.025s][info][gc,metaspace] GC(2361) Metaspace: 433826K(440064K)->433826K(440064K) NonClass: 379822K(383232K)->379822K(383232K) Class: 54004K(56832K)->54004K(56832K)
[2024-05-30T13:50:38.606+0000][11778.025s][info][gc          ] GC(2361) Pause Young (Prepare Mixed) (G1 Evacuation Pause) 9711M->3729M(12288M) 22.482ms
[2024-05-30T13:50:38.606+0000][11778.025s][info][gc,cpu      ] GC(2361) User=0.14s Sys=0.00s Real=0.02s
[2024-05-30T13:50:39.052+0000][11778.471s][info][gc,start    ] GC(2362) Pause Young (Mixed) (G1 Evacuation Pause)
[2024-05-30T13:50:39.052+0000][11778.471s][info][gc,task     ] GC(2362) Using 6 workers of 6 for evacuation
[2024-05-30T13:50:39.105+0000][11778.524s][info][gc,phases   ] GC(2362)   Pre Evacuate Collection Set: 0.2ms
[2024-05-30T13:50:39.105+0000][11778.524s][info][gc,phases   ] GC(2362)   Merge Heap Roots: 0.4ms
[2024-05-30T13:50:39.105+0000][11778.524s][info][gc,phases   ] GC(2362)   Evacuate Collection Set: 50.9ms
[2024-05-30T13:50:39.105+0000][11778.524s][info][gc,phases   ] GC(2362)   Post Evacuate Collection Set: 1.2ms
[2024-05-30T13:50:39.105+0000][11778.524s][info][gc,phases   ] GC(2362)   Other: 0.2ms
[2024-05-30T13:50:39.105+0000][11778.524s][info][gc,heap     ] GC(2362) Eden regions: 66->0(751)
[2024-05-30T13:50:39.105+0000][11778.524s][info][gc,heap     ] GC(2362) Survivor regions: 10->4(10)
[2024-05-30T13:50:39.105+0000][11778.524s][info][gc,heap     ] GC(2362) Old regions: 451->454
[2024-05-30T13:50:39.105+0000][11778.524s][info][gc,heap     ] GC(2362) Archive regions: 2->2
[2024-05-30T13:50:39.105+0000][11778.524s][info][gc,heap     ] GC(2362) Humongous regions: 5->5
[2024-05-30T13:50:39.105+0000][11778.524s][info][gc,metaspace] GC(2362) Metaspace: 433826K(440064K)->433826K(440064K) NonClass: 379822K(383232K)->379822K(383232K) Class: 54004K(56832K)->54004K(56832K)
[2024-05-30T13:50:39.105+0000][11778.524s][info][gc          ] GC(2362) Pause Young (Mixed) (G1 Evacuation Pause) 4257M->3703M(12288M) 52.987ms
[2024-05-30T13:50:39.105+0000][11778.524s][info][gc,cpu      ] GC(2362) User=0.31s Sys=0.00s Real=0.05s
[2024-05-30T13:50:43.810+0000][11783.229s][info][gc,start    ] GC(2363) Pause Young (Normal) (G1 Evacuation Pause)
[2024-05-30T13:50:43.810+0000][11783.229s][info][gc,task     ] GC(2363) Using 6 workers of 6 for evacuation
[2024-05-30T13:50:43.822+0000][11783.241s][info][gc,phases   ] GC(2363)   Pre Evacuate Collection Set: 0.2ms
[2024-05-30T13:50:43.822+0000][11783.241s][info][gc,phases   ] GC(2363)   Merge Heap Roots: 0.3ms
[2024-05-30T13:50:43.822+0000][11783.241s][info][gc,phases   ] GC(2363)   Evacuate Collection Set: 9.5ms
[2024-05-30T13:50:43.822+0000][11783.241s][info][gc,phases   ] GC(2363)   Post Evacuate Collection Set: 1.6ms
[2024-05-30T13:50:43.822+0000][11783.241s][info][gc,phases   ] GC(2363)   Other: 0.2ms
[2024-05-30T13:50:43.822+0000][11783.241s][info][gc,heap     ] GC(2363) Eden regions: 751->0(750)
[2024-05-30T13:50:43.822+0000][11783.241s][info][gc,heap     ] GC(2363) Survivor regions: 4->5(95)
[2024-05-30T13:50:43.822+0000][11783.241s][info][gc,heap     ] GC(2363) Old regions: 454->454
[2024-05-30T13:50:43.822+0000][11783.241s][info][gc,heap     ] GC(2363) Archive regions: 2->2
[2024-05-30T13:50:43.822+0000][11783.241s][info][gc,heap     ] GC(2363) Humongous regions: 5->5
[2024-05-30T13:50:43.822+0000][11783.241s][info][gc,metaspace] GC(2363) Metaspace: 433826K(440064K)->433826K(440064K) NonClass: 379822K(383232K)->379822K(383232K) Class: 54004K(56832K)->54004K(56832K)
[2024-05-30T13:50:43.822+0000][11783.241s][info][gc          ] GC(2363) Pause Young (Normal) (G1 Evacuation Pause) 9711M->3704M(12288M) 11.861ms
[2024-05-30T13:50:43.822+0000][11783.241s][info][gc,cpu      ] GC(2363) User=0.07s Sys=0.00s Real=0.01s
[2024-05-30T13:50:48.876+0000][11788.295s][info][gc,start    ] GC(2364) Pause Young (Normal) (G1 Evacuation Pause)
[2024-05-30T13:50:48.876+0000][11788.295s][info][gc,task     ] GC(2364) Using 6 workers of 6 for evacuation
[2024-05-30T13:50:48.890+0000][11788.309s][info][gc,phases   ] GC(2364)   Pre Evacuate Collection Set: 0.2ms
[2024-05-30T13:50:48.890+0000][11788.309s][info][gc,phases   ] GC(2364)   Merge Heap Roots: 0.3ms
[2024-05-30T13:50:48.890+0000][11788.309s][info][gc,phases   ] GC(2364)   Evacuate Collection Set: 11.9ms
[2024-05-30T13:50:48.890+0000][11788.309s][info][gc,phases   ] GC(2364)   Post Evacuate Collection Set: 1.7ms
[2024-05-30T13:50:48.890+0000][11788.309s][info][gc,phases   ] GC(2364)   Other: 0.2ms
[2024-05-30T13:50:48.890+0000][11788.310s][info][gc,heap     ] GC(2364) Eden regions: 750->0(748)
[2024-05-30T13:50:48.890+0000][11788.310s][info][gc,heap     ] GC(2364) Survivor regions: 5->7(95)
[2024-05-30T13:50:48.890+0000][11788.310s][info][gc,heap     ] GC(2364) Old regions: 454->454
[2024-05-30T13:50:48.890+0000][11788.310s][info][gc,heap     ] GC(2364) Archive regions: 2->2
[2024-05-30T13:50:48.890+0000][11788.310s][info][gc,heap     ] GC(2364) Humongous regions: 5->5
[2024-05-30T13:50:48.890+0000][11788.310s][info][gc,metaspace] GC(2364) Metaspace: 433826K(440064K)->433826K(440064K) NonClass: 379822K(383232K)->379822K(383232K) Class: 54004K(56832K)->54004K(56832K)
[2024-05-30T13:50:48.890+0000][11788.310s][info][gc          ] GC(2364) Pause Young (Normal) (G1 Evacuation Pause) 9704M->3722M(12288M) 14.322ms
[2024-05-30T13:50:48.890+0000][11788.310s][info][gc,cpu      ] GC(2364) User=0.08s Sys=0.00s Real=0.02s
[2024-05-30T13:50:53.851+0000][11793.270s][info][gc,start    ] GC(2365) Pause Young (Concurrent Start) (G1 Evacuation Pause)
[2024-05-30T13:50:53.851+0000][11793.270s][info][gc,task     ] GC(2365) Using 6 workers of 6 for evacuation
[2024-05-30T13:50:53.869+0000][11793.288s][info][gc,phases   ] GC(2365)   Pre Evacuate Collection Set: 0.6ms
[2024-05-30T13:50:53.869+0000][11793.288s][info][gc,phases   ] GC(2365)   Merge Heap Roots: 0.2ms
[2024-05-30T13:50:53.869+0000][11793.288s][info][gc,phases   ] GC(2365)   Evacuate Collection Set: 14.8ms
[2024-05-30T13:50:53.869+0000][11793.288s][info][gc,phases   ] GC(2365)   Post Evacuate Collection Set: 2.0ms
[2024-05-30T13:50:53.869+0000][11793.288s][info][gc,phases   ] GC(2365)   Other: 0.3ms
[2024-05-30T13:50:53.869+0000][11793.288s][info][gc,heap     ] GC(2365) Eden regions: 748->0(746)
[2024-05-30T13:50:53.869+0000][11793.288s][info][gc,heap     ] GC(2365) Survivor regions: 7->8(95)
[2024-05-30T13:50:53.869+0000][11793.288s][info][gc,heap     ] GC(2365) Old regions: 454->454
[2024-05-30T13:50:53.869+0000][11793.288s][info][gc,heap     ] GC(2365) Archive regions: 2->2
[2024-05-30T13:50:53.869+0000][11793.288s][info][gc,heap     ] GC(2365) Humongous regions: 5->5
[2024-05-30T13:50:53.869+0000][11793.288s][info][gc,metaspace] GC(2365) Metaspace: 433831K(440064K)->433831K(440064K) NonClass: 379827K(383232K)->379827K(383232K) Class: 54004K(56832K)->54004K(56832K)
[2024-05-30T13:50:53.869+0000][11793.288s][info][gc          ] GC(2365) Pause Young (Concurrent Start) (G1 Evacuation Pause) 9706M->3734M(12288M) 17.978ms
[2024-05-30T13:50:53.869+0000][11793.288s][info][gc,cpu      ] GC(2365) User=0.10s Sys=0.00s Real=0.02s
[2024-05-30T13:50:53.869+0000][11793.288s][info][gc          ] GC(2366) Concurrent Mark Cycle
[2024-05-30T13:50:53.869+0000][11793.289s][info][gc,marking  ] GC(2366) Concurrent Clear Claimed Marks
[2024-05-30T13:50:53.870+0000][11793.289s][info][gc,marking  ] GC(2366) Concurrent Clear Claimed Marks 0.365ms
[2024-05-30T13:50:53.870+0000][11793.289s][info][gc,marking  ] GC(2366) Concurrent Scan Root Regions
[2024-05-30T13:50:53.884+0000][11793.303s][info][gc,marking  ] GC(2366) Concurrent Scan Root Regions 14.487ms
[2024-05-30T13:50:53.884+0000][11793.303s][info][gc,marking  ] GC(2366) Concurrent Mark
[2024-05-30T13:50:53.884+0000][11793.303s][info][gc,marking  ] GC(2366) Concurrent Mark From Roots
[2024-05-30T13:50:53.884+0000][11793.303s][info][gc,task     ] GC(2366) Using 2 workers of 2 for marking
[2024-05-30T13:50:57.552+0000][11796.971s][info][gc,marking  ] GC(2366) Concurrent Mark From Roots 3667.500ms
[2024-05-30T13:50:57.552+0000][11796.971s][info][gc,marking  ] GC(2366) Concurrent Preclean
[2024-05-30T13:50:57.553+0000][11796.973s][info][gc,marking  ] GC(2366) Concurrent Preclean 1.736ms
[2024-05-30T13:50:57.554+0000][11796.973s][info][gc,start    ] GC(2366) Pause Remark
[2024-05-30T13:50:57.578+0000][11796.997s][info][gc          ] GC(2366) Pause Remark 7418M->7418M(12288M) 23.936ms
[2024-05-30T13:50:57.578+0000][11796.997s][info][gc,cpu      ] GC(2366) User=0.10s Sys=0.00s Real=0.03s
[2024-05-30T13:50:57.578+0000][11796.997s][info][gc,marking  ] GC(2366) Concurrent Mark 3693.520ms
[2024-05-30T13:50:57.578+0000][11796.997s][info][gc,marking  ] GC(2366) Concurrent Rebuild Remembered Sets
[2024-05-30T13:50:59.535+0000][11798.954s][info][gc,marking  ] GC(2366) Concurrent Rebuild Remembered Sets 1956.968ms
[2024-05-30T13:50:59.535+0000][11798.954s][info][gc,start    ] GC(2366) Pause Cleanup
[2024-05-30T13:50:59.535+0000][11798.955s][info][gc          ] GC(2366) Pause Cleanup 9598M->9598M(12288M) 0.565ms
[2024-05-30T13:50:59.535+0000][11798.955s][info][gc,cpu      ] GC(2366) User=0.00s Sys=0.00s Real=0.00s
[2024-05-30T13:50:59.536+0000][11798.955s][info][gc,marking  ] GC(2366) Concurrent Cleanup for Next Mark
[2024-05-30T13:50:59.552+0000][11798.972s][info][gc,marking  ] GC(2366) Concurrent Cleanup for Next Mark 16.937ms
[2024-05-30T13:50:59.553+0000][11798.972s][info][gc          ] GC(2366) Concurrent Mark Cycle 5683.298ms
[2024-05-30T13:50:59.622+0000][11799.042s][info][gc,start    ] GC(2367) Pause Young (Prepare Mixed) (G1 Evacuation Pause)
[2024-05-30T13:50:59.622+0000][11799.042s][info][gc,task     ] GC(2367) Using 6 workers of 6 for evacuation
[2024-05-30T13:50:59.642+0000][11799.061s][info][gc,phases   ] GC(2367)   Pre Evacuate Collection Set: 0.2ms
[2024-05-30T13:50:59.642+0000][11799.061s][info][gc,phases   ] GC(2367)   Merge Heap Roots: 0.3ms
[2024-05-30T13:50:59.642+0000][11799.061s][info][gc,phases   ] GC(2367)   Evacuate Collection Set: 16.8ms
[2024-05-30T13:50:59.642+0000][11799.061s][info][gc,phases   ] GC(2367)   Post Evacuate Collection Set: 1.8ms
[2024-05-30T13:50:59.642+0000][11799.061s][info][gc,phases   ] GC(2367)   Other: 0.2ms
[2024-05-30T13:50:59.642+0000][11799.061s][info][gc,heap     ] GC(2367) Eden regions: 746->0(68)
[2024-05-30T13:50:59.642+0000][11799.061s][info][gc,heap     ] GC(2367) Survivor regions: 8->8(95)
[2024-05-30T13:50:59.642+0000][11799.061s][info][gc,heap     ] GC(2367) Old regions: 454->454
[2024-05-30T13:50:59.642+0000][11799.061s][info][gc,heap     ] GC(2367) Archive regions: 2->2
[2024-05-30T13:50:59.642+0000][11799.061s][info][gc,heap     ] GC(2367) Humongous regions: 5->5
[2024-05-30T13:50:59.642+0000][11799.061s][info][gc,metaspace] GC(2367) Metaspace: 433831K(440064K)->433831K(440064K) NonClass: 379827K(383232K)->379827K(383232K) Class: 54004K(56832K)->54004K(56832K)
[2024-05-30T13:50:59.642+0000][11799.061s][info][gc          ] GC(2367) Pause Young (Prepare Mixed) (G1 Evacuation Pause) 9702M->3729M(12288M) 19.374ms
[2024-05-30T13:50:59.642+0000][11799.061s][info][gc,cpu      ] GC(2367) User=0.11s Sys=0.00s Real=0.02s
[2024-05-30T13:51:00.092+0000][11799.511s][info][gc,start    ] GC(2368) Pause Young (Mixed) (G1 Evacuation Pause)
[2024-05-30T13:51:00.092+0000][11799.511s][info][gc,task     ] GC(2368) Using 6 workers of 6 for evacuation
[2024-05-30T13:51:00.142+0000][11799.562s][info][gc,phases   ] GC(2368)   Pre Evacuate Collection Set: 0.2ms
[2024-05-30T13:51:00.142+0000][11799.562s][info][gc,phases   ] GC(2368)   Merge Heap Roots: 0.4ms
[2024-05-30T13:51:00.143+0000][11799.562s][info][gc,phases   ] GC(2368)   Evacuate Collection Set: 48.4ms
[2024-05-30T13:51:00.143+0000][11799.562s][info][gc,phases   ] GC(2368)   Post Evacuate Collection Set: 1.3ms
[2024-05-30T13:51:00.143+0000][11799.562s][info][gc,phases   ] GC(2368)   Other: 0.2ms
[2024-05-30T13:51:00.143+0000][11799.562s][info][gc,heap     ] GC(2368) Eden regions: 68->0(752)
[2024-05-30T13:51:00.143+0000][11799.562s][info][gc,heap     ] GC(2368) Survivor regions: 8->6(10)
[2024-05-30T13:51:00.143+0000][11799.562s][info][gc,heap     ] GC(2368) Old regions: 454->451
[2024-05-30T13:51:00.143+0000][11799.562s][info][gc,heap     ] GC(2368) Archive regions: 2->2
[2024-05-30T13:51:00.143+0000][11799.562s][info][gc,heap     ] GC(2368) Humongous regions: 5->5
[2024-05-30T13:51:00.143+0000][11799.562s][info][gc,metaspace] GC(2368) Metaspace: 433831K(440064K)->433831K(440064K) NonClass: 379827K(383232K)->379827K(383232K) Class: 54004K(56832K)->54004K(56832K)
[2024-05-30T13:51:00.143+0000][11799.562s][info][gc          ] GC(2368) Pause Young (Mixed) (G1 Evacuation Pause) 4273M->3694M(12288M) 50.492ms
[2024-05-30T13:51:00.143+0000][11799.562s][info][gc,cpu      ] GC(2368) User=0.30s Sys=0.00s Real=0.05s
[2024-05-30T13:51:05.339+0000][11804.758s][info][gc,start    ] GC(2369) Pause Young (Normal) (G1 Evacuation Pause)
[2024-05-30T13:51:05.339+0000][11804.758s][info][gc,task     ] GC(2369) Using 6 workers of 6 for evacuation
[2024-05-30T13:51:05.356+0000][11804.775s][info][gc,phases   ] GC(2369)   Pre Evacuate Collection Set: 0.2ms
[2024-05-30T13:51:05.356+0000][11804.775s][info][gc,phases   ] GC(2369)   Merge Heap Roots: 0.3ms
[2024-05-30T13:51:05.356+0000][11804.775s][info][gc,phases   ] GC(2369)   Evacuate Collection Set: 14.3ms
[2024-05-30T13:51:05.356+0000][11804.775s][info][gc,phases   ] GC(2369)   Post Evacuate Collection Set: 1.7ms
[2024-05-30T13:51:05.356+0000][11804.775s][info][gc,phases   ] GC(2369)   Other: 0.2ms
[2024-05-30T13:51:05.356+0000][11804.775s][info][gc,heap     ] GC(2369) Eden regions: 752->0(750)
[2024-05-30T13:51:05.356+0000][11804.775s][info][gc,heap     ] GC(2369) Survivor regions: 6->8(95)
[2024-05-30T13:51:05.356+0000][11804.775s][info][gc,heap     ] GC(2369) Old regions: 451->451
[2024-05-30T13:51:05.356+0000][11804.775s][info][gc,heap     ] GC(2369) Archive regions: 2->2
[2024-05-30T13:51:05.356+0000][11804.775s][info][gc,heap     ] GC(2369) Humongous regions: 5->5
[2024-05-30T13:51:05.356+0000][11804.775s][info][gc,metaspace] GC(2369) Metaspace: 433831K(440064K)->433831K(440064K) NonClass: 379827K(383232K)->379827K(383232K) Class: 54004K(56832K)->54004K(56832K)
[2024-05-30T13:51:05.356+0000][11804.775s][info][gc          ] GC(2369) Pause Young (Normal) (G1 Evacuation Pause) 9710M->3710M(12288M) 16.723ms
[2024-05-30T13:51:05.356+0000][11804.775s][info][gc,cpu      ] GC(2369) User=0.10s Sys=0.00s Real=0.01s
[2024-05-30T13:51:09.588+0000][11809.008s][info][gc,start    ] GC(2370) Pause Young (Normal) (G1 Evacuation Pause)
[2024-05-30T13:51:09.588+0000][11809.008s][info][gc,task     ] GC(2370) Using 6 workers of 6 for evacuation
[2024-05-30T13:51:09.607+0000][11809.026s][info][gc,phases   ] GC(2370)   Pre Evacuate Collection Set: 0.2ms
[2024-05-30T13:51:09.607+0000][11809.026s][info][gc,phases   ] GC(2370)   Merge Heap Roots: 0.2ms
[2024-05-30T13:51:09.607+0000][11809.026s][info][gc,phases   ] GC(2370)   Evacuate Collection Set: 15.8ms
[2024-05-30T13:51:09.607+0000][11809.026s][info][gc,phases   ] GC(2370)   Post Evacuate Collection Set: 1.8ms
[2024-05-30T13:51:09.607+0000][11809.026s][info][gc,phases   ] GC(2370)   Other: 0.2ms
[2024-05-30T13:51:09.607+0000][11809.026s][info][gc,heap     ] GC(2370) Eden regions: 750->0(749)
[2024-05-30T13:51:09.607+0000][11809.026s][info][gc,heap     ] GC(2370) Survivor regions: 8->9(95)
[2024-05-30T13:51:09.607+0000][11809.026s][info][gc,heap     ] GC(2370) Old regions: 451->451
[2024-05-30T13:51:09.607+0000][11809.026s][info][gc,heap     ] GC(2370) Archive regions: 2->2
[2024-05-30T13:51:09.607+0000][11809.026s][info][gc,heap     ] GC(2370) Humongous regions: 5->5
[2024-05-30T13:51:09.607+0000][11809.026s][info][gc,metaspace] GC(2370) Metaspace: 433831K(440064K)->433831K(440064K) NonClass: 379827K(383232K)->379827K(383232K) Class: 54004K(56832K)->54004K(56832K)
[2024-05-30T13:51:09.607+0000][11809.026s][info][gc          ] GC(2370) Pause Young (Normal) (G1 Evacuation Pause) 9710M->3720M(12288M) 18.337ms
[2024-05-30T13:51:09.607+0000][11809.026s][info][gc,cpu      ] GC(2370) User=0.11s Sys=0.01s Real=0.01s
[2024-05-30T13:51:14.751+0000][11814.170s][info][gc,start    ] GC(2371) Pause Young (Concurrent Start) (G1 Evacuation Pause)
[2024-05-30T13:51:14.751+0000][11814.170s][info][gc,task     ] GC(2371) Using 6 workers of 6 for evacuation
[2024-05-30T13:51:14.775+0000][11814.194s][info][gc,phases   ] GC(2371)   Pre Evacuate Collection Set: 0.5ms
[2024-05-30T13:51:14.775+0000][11814.194s][info][gc,phases   ] GC(2371)   Merge Heap Roots: 0.2ms
[2024-05-30T13:51:14.775+0000][11814.194s][info][gc,phases   ] GC(2371)   Evacuate Collection Set: 21.1ms
[2024-05-30T13:51:14.775+0000][11814.194s][info][gc,phases   ] GC(2371)   Post Evacuate Collection Set: 1.8ms
[2024-05-30T13:51:14.775+0000][11814.194s][info][gc,phases   ] GC(2371)   Other: 0.3ms
[2024-05-30T13:51:14.775+0000][11814.194s][info][gc,heap     ] GC(2371) Eden regions: 749->0(748)
[2024-05-30T13:51:14.775+0000][11814.194s][info][gc,heap     ] GC(2371) Survivor regions: 9->10(95)
[2024-05-30T13:51:14.775+0000][11814.194s][info][gc,heap     ] GC(2371) Old regions: 451->451
[2024-05-30T13:51:14.775+0000][11814.194s][info][gc,heap     ] GC(2371) Archive regions: 2->2
[2024-05-30T13:51:14.775+0000][11814.194s][info][gc,heap     ] GC(2371) Humongous regions: 5->5
[2024-05-30T13:51:14.775+0000][11814.194s][info][gc,metaspace] GC(2371) Metaspace: 433831K(440064K)->433831K(440064K) NonClass: 379827K(383232K)->379827K(383232K) Class: 54004K(56832K)->54004K(56832K)
[2024-05-30T13:51:14.775+0000][11814.194s][info][gc          ] GC(2371) Pause Young (Concurrent Start) (G1 Evacuation Pause) 9712M->3724M(12288M) 23.959ms
[2024-05-30T13:51:14.775+0000][11814.194s][info][gc,cpu      ] GC(2371) User=0.14s Sys=0.00s Real=0.02s
[2024-05-30T13:51:14.775+0000][11814.194s][info][gc          ] GC(2372) Concurrent Mark Cycle
[2024-05-30T13:51:14.775+0000][11814.194s][info][gc,marking  ] GC(2372) Concurrent Clear Claimed Marks
[2024-05-30T13:51:14.775+0000][11814.194s][info][gc,marking  ] GC(2372) Concurrent Clear Claimed Marks 0.361ms
[2024-05-30T13:51:14.775+0000][11814.194s][info][gc,marking  ] GC(2372) Concurrent Scan Root Regions
[2024-05-30T13:51:14.791+0000][11814.210s][info][gc,marking  ] GC(2372) Concurrent Scan Root Regions 15.756ms
[2024-05-30T13:51:14.791+0000][11814.210s][info][gc,marking  ] GC(2372) Concurrent Mark
[2024-05-30T13:51:14.791+0000][11814.210s][info][gc,marking  ] GC(2372) Concurrent Mark From Roots
[2024-05-30T13:51:14.791+0000][11814.210s][info][gc,task     ] GC(2372) Using 2 workers of 2 for marking
[2024-05-30T13:51:18.457+0000][11817.876s][info][gc,marking  ] GC(2372) Concurrent Mark From Roots 3665.653ms
[2024-05-30T13:51:18.457+0000][11817.876s][info][gc,marking  ] GC(2372) Concurrent Preclean
[2024-05-30T13:51:18.459+0000][11817.878s][info][gc,marking  ] GC(2372) Concurrent Preclean 1.801ms
[2024-05-30T13:51:18.459+0000][11817.878s][info][gc,start    ] GC(2372) Pause Remark
[2024-05-30T13:51:18.485+0000][11817.904s][info][gc          ] GC(2372) Pause Remark 7744M->7744M(12288M) 26.000ms
[2024-05-30T13:51:18.485+0000][11817.904s][info][gc,cpu      ] GC(2372) User=0.12s Sys=0.00s Real=0.02s
[2024-05-30T13:51:18.485+0000][11817.904s][info][gc,marking  ] GC(2372) Concurrent Mark 3693.923ms
[2024-05-30T13:51:18.485+0000][11817.904s][info][gc,marking  ] GC(2372) Concurrent Rebuild Remembered Sets
[2024-05-30T13:51:20.270+0000][11819.689s][info][gc,start    ] GC(2373) Pause Young (Normal) (G1 Evacuation Pause)
[2024-05-30T13:51:20.270+0000][11819.689s][info][gc,task     ] GC(2373) Using 6 workers of 6 for evacuation
[2024-05-30T13:51:20.294+0000][11819.713s][info][gc,phases   ] GC(2373)   Pre Evacuate Collection Set: 0.2ms
[2024-05-30T13:51:20.294+0000][11819.713s][info][gc,phases   ] GC(2373)   Merge Heap Roots: 0.3ms
[2024-05-30T13:51:20.294+0000][11819.713s][info][gc,phases   ] GC(2373)   Evacuate Collection Set: 21.4ms
[2024-05-30T13:51:20.294+0000][11819.713s][info][gc,phases   ] GC(2373)   Post Evacuate Collection Set: 1.8ms
[2024-05-30T13:51:20.294+0000][11819.713s][info][gc,phases   ] GC(2373)   Other: 0.2ms
[2024-05-30T13:51:20.294+0000][11819.713s][info][gc,heap     ] GC(2373) Eden regions: 748->0(751)
[2024-05-30T13:51:20.294+0000][11819.713s][info][gc,heap     ] GC(2373) Survivor regions: 10->8(95)
[2024-05-30T13:51:20.294+0000][11819.713s][info][gc,heap     ] GC(2373) Old regions: 451->451
[2024-05-30T13:51:20.294+0000][11819.713s][info][gc,heap     ] GC(2373) Archive regions: 2->2
[2024-05-30T13:51:20.294+0000][11819.713s][info][gc,heap     ] GC(2373) Humongous regions: 5->5
[2024-05-30T13:51:20.294+0000][11819.713s][info][gc,metaspace] GC(2373) Metaspace: 433831K(440064K)->433831K(440064K) NonClass: 379827K(383232K)->379827K(383232K) Class: 54004K(56832K)->54004K(56832K)
[2024-05-30T13:51:20.294+0000][11819.713s][info][gc          ] GC(2373) Pause Young (Normal) (G1 Evacuation Pause) 9708M->3711M(12288M) 23.972ms
[2024-05-30T13:51:20.294+0000][11819.713s][info][gc,cpu      ] GC(2373) User=0.14s Sys=0.00s Real=0.02s
[2024-05-30T13:51:20.330+0000][11819.749s][info][gc,marking  ] GC(2372) Concurrent Rebuild Remembered Sets 1844.583ms
[2024-05-30T13:51:20.330+0000][11819.749s][info][gc,start    ] GC(2372) Pause Cleanup
[2024-05-30T13:51:20.330+0000][11819.749s][info][gc          ] GC(2372) Pause Cleanup 3763M->3763M(12288M) 0.490ms
[2024-05-30T13:51:20.330+0000][11819.750s][info][gc,cpu      ] GC(2372) User=0.00s Sys=0.00s Real=0.00s
[2024-05-30T13:51:20.330+0000][11819.750s][info][gc,marking  ] GC(2372) Concurrent Cleanup for Next Mark
[2024-05-30T13:51:20.359+0000][11819.778s][info][gc,marking  ] GC(2372) Concurrent Cleanup for Next Mark 28.592ms
[2024-05-30T13:51:20.359+0000][11819.778s][info][gc          ] GC(2372) Concurrent Mark Cycle 5584.179ms
[2024-05-30T13:51:25.412+0000][11824.831s][info][gc,start    ] GC(2374) Pause Young (Prepare Mixed) (G1 Evacuation Pause)
[2024-05-30T13:51:25.412+0000][11824.831s][info][gc,task     ] GC(2374) Using 6 workers of 6 for evacuation
[2024-05-30T13:51:25.437+0000][11824.856s][info][gc,phases   ] GC(2374)   Pre Evacuate Collection Set: 0.2ms
[2024-05-30T13:51:25.437+0000][11824.856s][info][gc,phases   ] GC(2374)   Merge Heap Roots: 0.3ms
[2024-05-30T13:51:25.437+0000][11824.856s][info][gc,phases   ] GC(2374)   Evacuate Collection Set: 23.0ms
[2024-05-30T13:51:25.437+0000][11824.856s][info][gc,phases   ] GC(2374)   Post Evacuate Collection Set: 2.0ms
[2024-05-30T13:51:25.437+0000][11824.856s][info][gc,phases   ] GC(2374)   Other: 0.2ms
[2024-05-30T13:51:25.437+0000][11824.856s][info][gc,heap     ] GC(2374) Eden regions: 751->0(64)
[2024-05-30T13:51:25.437+0000][11824.856s][info][gc,heap     ] GC(2374) Survivor regions: 8->12(95)
[2024-05-30T13:51:25.437+0000][11824.856s][info][gc,heap     ] GC(2374) Old regions: 451->451
[2024-05-30T13:51:25.437+0000][11824.856s][info][gc,heap     ] GC(2374) Archive regions: 2->2
[2024-05-30T13:51:25.437+0000][11824.856s][info][gc,heap     ] GC(2374) Humongous regions: 5->5
[2024-05-30T13:51:25.437+0000][11824.856s][info][gc,metaspace] GC(2374) Metaspace: 433831K(440064K)->433831K(440064K) NonClass: 379827K(383232K)->379827K(383232K) Class: 54004K(56832K)->54004K(56832K)
[2024-05-30T13:51:25.437+0000][11824.856s][info][gc          ] GC(2374) Pause Young (Prepare Mixed) (G1 Evacuation Pause) 9719M->3740M(12288M) 25.618ms
[2024-05-30T13:51:25.437+0000][11824.856s][info][gc,cpu      ] GC(2374) User=0.15s Sys=0.00s Real=0.03s
[2024-05-30T13:51:25.859+0000][11825.278s][info][gc,start    ] GC(2375) Pause Young (Mixed) (G1 Evacuation Pause)
[2024-05-30T13:51:25.859+0000][11825.278s][info][gc,task     ] GC(2375) Using 6 workers of 6 for evacuation
[2024-05-30T13:51:25.925+0000][11825.345s][info][gc,phases   ] GC(2375)   Pre Evacuate Collection Set: 0.2ms
[2024-05-30T13:51:25.925+0000][11825.345s][info][gc,phases   ] GC(2375)   Merge Heap Roots: 0.4ms
[2024-05-30T13:51:25.925+0000][11825.345s][info][gc,phases   ] GC(2375)   Evacuate Collection Set: 64.4ms
[2024-05-30T13:51:25.925+0000][11825.345s][info][gc,phases   ] GC(2375)   Post Evacuate Collection Set: 1.4ms
[2024-05-30T13:51:25.925+0000][11825.345s][info][gc,phases   ] GC(2375)   Other: 0.2ms
[2024-05-30T13:51:25.925+0000][11825.345s][info][gc,heap     ] GC(2375) Eden regions: 64->0(749)
[2024-05-30T13:51:25.925+0000][11825.345s][info][gc,heap     ] GC(2375) Survivor regions: 12->5(10)
[2024-05-30T13:51:25.925+0000][11825.345s][info][gc,heap     ] GC(2375) Old regions: 451->455
[2024-05-30T13:51:25.925+0000][11825.345s][info][gc,heap     ] GC(2375) Archive regions: 2->2
[2024-05-30T13:51:25.925+0000][11825.345s][info][gc,heap     ] GC(2375) Humongous regions: 5->5
[2024-05-30T13:51:25.925+0000][11825.345s][info][gc,metaspace] GC(2375) Metaspace: 433831K(440064K)->433831K(440064K) NonClass: 379827K(383232K)->379827K(383232K) Class: 54004K(56832K)->54004K(56832K)
[2024-05-30T13:51:25.925+0000][11825.345s][info][gc          ] GC(2375) Pause Young (Mixed) (G1 Evacuation Pause) 4252M->3716M(12288M) 66.552ms
[2024-05-30T13:51:25.926+0000][11825.345s][info][gc,cpu      ] GC(2375) User=0.40s Sys=0.00s Real=0.06s
[2024-05-30T13:51:30.925+0000][11830.344s][info][gc,start    ] GC(2376) Pause Young (Normal) (G1 Evacuation Pause)
[2024-05-30T13:51:30.925+0000][11830.344s][info][gc,task     ] GC(2376) Using 6 workers of 6 for evacuation
[2024-05-30T13:51:30.936+0000][11830.355s][info][gc,phases   ] GC(2376)   Pre Evacuate Collection Set: 0.2ms
[2024-05-30T13:51:30.936+0000][11830.355s][info][gc,phases   ] GC(2376)   Merge Heap Roots: 0.2ms
[2024-05-30T13:51:30.936+0000][11830.355s][info][gc,phases   ] GC(2376)   Evacuate Collection Set: 9.2ms
[2024-05-30T13:51:30.936+0000][11830.355s][info][gc,phases   ] GC(2376)   Post Evacuate Collection Set: 1.8ms
[2024-05-30T13:51:30.936+0000][11830.355s][info][gc,phases   ] GC(2376)   Other: 0.2ms
[2024-05-30T13:51:30.936+0000][11830.355s][info][gc,heap     ] GC(2376) Eden regions: 749->0(749)
[2024-05-30T13:51:30.936+0000][11830.355s][info][gc,heap     ] GC(2376) Survivor regions: 5->5(95)
[2024-05-30T13:51:30.936+0000][11830.355s][info][gc,heap     ] GC(2376) Old regions: 455->455
[2024-05-30T13:51:30.936+0000][11830.355s][info][gc,heap     ] GC(2376) Archive regions: 2->2
[2024-05-30T13:51:30.936+0000][11830.355s][info][gc,heap     ] GC(2376) Humongous regions: 5->5
[2024-05-30T13:51:30.936+0000][11830.355s][info][gc,metaspace] GC(2376) Metaspace: 433831K(440064K)->433831K(440064K) NonClass: 379827K(383232K)->379827K(383232K) Class: 54004K(56832K)->54004K(56832K)
[2024-05-30T13:51:30.936+0000][11830.355s][info][gc          ] GC(2376) Pause Young (Normal) (G1 Evacuation Pause) 9708M->3715M(12288M) 11.611ms
[2024-05-30T13:51:30.936+0000][11830.355s][info][gc,cpu      ] GC(2376) User=0.06s Sys=0.00s Real=0.01s
[2024-05-30T13:51:36.003+0000][11835.422s][info][gc,start    ] GC(2377) Pause Young (Normal) (G1 Evacuation Pause)
[2024-05-30T13:51:36.003+0000][11835.422s][info][gc,task     ] GC(2377) Using 6 workers of 6 for evacuation
[2024-05-30T13:51:36.017+0000][11835.436s][info][gc,phases   ] GC(2377)   Pre Evacuate Collection Set: 0.2ms
[2024-05-30T13:51:36.017+0000][11835.436s][info][gc,phases   ] GC(2377)   Merge Heap Roots: 0.2ms
[2024-05-30T13:51:36.017+0000][11835.436s][info][gc,phases   ] GC(2377)   Evacuate Collection Set: 12.1ms
[2024-05-30T13:51:36.017+0000][11835.436s][info][gc,phases   ] GC(2377)   Post Evacuate Collection Set: 1.6ms
[2024-05-30T13:51:36.017+0000][11835.436s][info][gc,phases   ] GC(2377)   Other: 0.2ms
[2024-05-30T13:51:36.017+0000][11835.436s][info][gc,heap     ] GC(2377) Eden regions: 749->0(750)
[2024-05-30T13:51:36.017+0000][11835.436s][info][gc,heap     ] GC(2377) Survivor regions: 5->5(95)
[2024-05-30T13:51:36.017+0000][11835.436s][info][gc,heap     ] GC(2377) Old regions: 455->455
[2024-05-30T13:51:36.017+0000][11835.436s][info][gc,heap     ] GC(2377) Archive regions: 2->2
[2024-05-30T13:51:36.017+0000][11835.436s][info][gc,heap     ] GC(2377) Humongous regions: 5->5
[2024-05-30T13:51:36.017+0000][11835.436s][info][gc,metaspace] GC(2377) Metaspace: 433837K(440064K)->433837K(440064K) NonClass: 379833K(383232K)->379833K(383232K) Class: 54004K(56832K)->54004K(56832K)
[2024-05-30T13:51:36.017+0000][11835.436s][info][gc          ] GC(2377) Pause Young (Normal) (G1 Evacuation Pause) 9707M->3717M(12288M) 14.380ms
[2024-05-30T13:51:36.017+0000][11835.436s][info][gc,cpu      ] GC(2377) User=0.09s Sys=0.00s Real=0.02s
[2024-05-30T13:51:41.153+0000][11840.572s][info][gc,start    ] GC(2378) Pause Young (Concurrent Start) (G1 Evacuation Pause)
[2024-05-30T13:51:41.153+0000][11840.572s][info][gc,task     ] GC(2378) Using 6 workers of 6 for evacuation
[2024-05-30T13:51:41.170+0000][11840.589s][info][gc,phases   ] GC(2378)   Pre Evacuate Collection Set: 0.5ms
[2024-05-30T13:51:41.170+0000][11840.589s][info][gc,phases   ] GC(2378)   Merge Heap Roots: 0.2ms
[2024-05-30T13:51:41.170+0000][11840.589s][info][gc,phases   ] GC(2378)   Evacuate Collection Set: 14.6ms
[2024-05-30T13:51:41.170+0000][11840.589s][info][gc,phases   ] GC(2378)   Post Evacuate Collection Set: 1.7ms
[2024-05-30T13:51:41.170+0000][11840.589s][info][gc,phases   ] GC(2378)   Other: 0.3ms
[2024-05-30T13:51:41.170+0000][11840.589s][info][gc,heap     ] GC(2378) Eden regions: 750->0(747)
[2024-05-30T13:51:41.170+0000][11840.589s][info][gc,heap     ] GC(2378) Survivor regions: 5->8(95)
[2024-05-30T13:51:41.170+0000][11840.589s][info][gc,heap     ] GC(2378) Old regions: 455->455
[2024-05-30T13:51:41.170+0000][11840.589s][info][gc,heap     ] GC(2378) Archive regions: 2->2
[2024-05-30T13:51:41.170+0000][11840.589s][info][gc,heap     ] GC(2378) Humongous regions: 5->5
[2024-05-30T13:51:41.170+0000][11840.589s][info][gc,metaspace] GC(2378) Metaspace: 433837K(440064K)->433837K(440064K) NonClass: 379833K(383232K)->379833K(383232K) Class: 54004K(56832K)->54004K(56832K)
[2024-05-30T13:51:41.170+0000][11840.589s][info][gc          ] GC(2378) Pause Young (Concurrent Start) (G1 Evacuation Pause) 9717M->3738M(12288M) 17.376ms
[2024-05-30T13:51:41.170+0000][11840.590s][info][gc,cpu      ] GC(2378) User=0.09s Sys=0.01s Real=0.02s
[2024-05-30T13:51:41.170+0000][11840.590s][info][gc          ] GC(2379) Concurrent Mark Cycle
[2024-05-30T13:51:41.170+0000][11840.590s][info][gc,marking  ] GC(2379) Concurrent Clear Claimed Marks
[2024-05-30T13:51:41.171+0000][11840.590s][info][gc,marking  ] GC(2379) Concurrent Clear Claimed Marks 0.374ms
[2024-05-30T13:51:41.171+0000][11840.590s][info][gc,marking  ] GC(2379) Concurrent Scan Root Regions
[2024-05-30T13:51:41.183+0000][11840.602s][info][gc,marking  ] GC(2379) Concurrent Scan Root Regions 12.052ms
[2024-05-30T13:51:41.183+0000][11840.602s][info][gc,marking  ] GC(2379) Concurrent Mark
[2024-05-30T13:51:41.183+0000][11840.602s][info][gc,marking  ] GC(2379) Concurrent Mark From Roots
[2024-05-30T13:51:41.183+0000][11840.602s][info][gc,task     ] GC(2379) Using 2 workers of 2 for marking
[2024-05-30T13:51:44.842+0000][11844.261s][info][gc,marking  ] GC(2379) Concurrent Mark From Roots 3658.709ms
[2024-05-30T13:51:44.842+0000][11844.261s][info][gc,marking  ] GC(2379) Concurrent Preclean
[2024-05-30T13:51:44.843+0000][11844.262s][info][gc,marking  ] GC(2379) Concurrent Preclean 1.620ms
[2024-05-30T13:51:44.843+0000][11844.263s][info][gc,start    ] GC(2379) Pause Remark
[2024-05-30T13:51:44.868+0000][11844.287s][info][gc          ] GC(2379) Pause Remark 7402M->7401M(12288M) 24.276ms
[2024-05-30T13:51:44.868+0000][11844.287s][info][gc,cpu      ] GC(2379) User=0.11s Sys=0.00s Real=0.02s
[2024-05-30T13:51:44.868+0000][11844.287s][info][gc,marking  ] GC(2379) Concurrent Mark 3685.015ms
[2024-05-30T13:51:44.868+0000][11844.287s][info][gc,marking  ] GC(2379) Concurrent Rebuild Remembered Sets
[2024-05-30T13:51:46.699+0000][11846.118s][info][gc,marking  ] GC(2379) Concurrent Rebuild Remembered Sets 1830.728ms
[2024-05-30T13:51:46.699+0000][11846.118s][info][gc,start    ] GC(2379) Pause Cleanup
[2024-05-30T13:51:46.699+0000][11846.119s][info][gc          ] GC(2379) Pause Cleanup 9361M->9361M(12288M) 0.499ms
[2024-05-30T13:51:46.699+0000][11846.119s][info][gc,cpu      ] GC(2379) User=0.00s Sys=0.00s Real=0.00s
[2024-05-30T13:51:46.699+0000][11846.119s][info][gc,marking  ] GC(2379) Concurrent Cleanup for Next Mark
[2024-05-30T13:51:46.727+0000][11846.147s][info][gc,marking  ] GC(2379) Concurrent Cleanup for Next Mark 27.916ms
[2024-05-30T13:51:46.727+0000][11846.147s][info][gc          ] GC(2379) Concurrent Mark Cycle 5557.062ms
[2024-05-30T13:51:46.995+0000][11846.414s][info][gc,start    ] GC(2380) Pause Young (Prepare Mixed) (G1 Evacuation Pause)
[2024-05-30T13:51:46.995+0000][11846.414s][info][gc,task     ] GC(2380) Using 6 workers of 6 for evacuation
[2024-05-30T13:51:47.016+0000][11846.435s][info][gc,phases   ] GC(2380)   Pre Evacuate Collection Set: 0.2ms
[2024-05-30T13:51:47.016+0000][11846.435s][info][gc,phases   ] GC(2380)   Merge Heap Roots: 0.3ms
[2024-05-30T13:51:47.016+0000][11846.435s][info][gc,phases   ] GC(2380)   Evacuate Collection Set: 18.1ms
[2024-05-30T13:51:47.016+0000][11846.435s][info][gc,phases   ] GC(2380)   Post Evacuate Collection Set: 1.8ms
[2024-05-30T13:51:47.016+0000][11846.435s][info][gc,phases   ] GC(2380)   Other: 0.2ms
[2024-05-30T13:51:47.016+0000][11846.435s][info][gc,heap     ] GC(2380) Eden regions: 747->0(67)
[2024-05-30T13:51:47.016+0000][11846.435s][info][gc,heap     ] GC(2380) Survivor regions: 8->9(95)
[2024-05-30T13:51:47.016+0000][11846.435s][info][gc,heap     ] GC(2380) Old regions: 454->454
[2024-05-30T13:51:47.016+0000][11846.435s][info][gc,heap     ] GC(2380) Archive regions: 2->2
[2024-05-30T13:51:47.016+0000][11846.435s][info][gc,heap     ] GC(2380) Humongous regions: 5->5
[2024-05-30T13:51:47.016+0000][11846.435s][info][gc,metaspace] GC(2380) Metaspace: 433837K(440064K)->433837K(440064K) NonClass: 379833K(383232K)->379833K(383232K) Class: 54004K(56832K)->54004K(56832K)
[2024-05-30T13:51:47.016+0000][11846.435s][info][gc          ] GC(2380) Pause Young (Prepare Mixed) (G1 Evacuation Pause) 9713M->3745M(12288M) 20.605ms
[2024-05-30T13:51:47.016+0000][11846.435s][info][gc,cpu      ] GC(2380) User=0.12s Sys=0.00s Real=0.02s
[2024-05-30T13:51:47.484+0000][11846.903s][info][gc,start    ] GC(2381) Pause Young (Mixed) (G1 Evacuation Pause)
[2024-05-30T13:51:47.484+0000][11846.903s][info][gc,task     ] GC(2381) Using 6 workers of 6 for evacuation
[2024-05-30T13:51:47.536+0000][11846.955s][info][gc,phases   ] GC(2381)   Pre Evacuate Collection Set: 0.2ms
[2024-05-30T13:51:47.536+0000][11846.955s][info][gc,phases   ] GC(2381)   Merge Heap Roots: 0.4ms
[2024-05-30T13:51:47.536+0000][11846.955s][info][gc,phases   ] GC(2381)   Evacuate Collection Set: 50.0ms
[2024-05-30T13:51:47.536+0000][11846.955s][info][gc,phases   ] GC(2381)   Post Evacuate Collection Set: 1.3ms
[2024-05-30T13:51:47.536+0000][11846.955s][info][gc,phases   ] GC(2381)   Other: 0.2ms
[2024-05-30T13:51:47.536+0000][11846.955s][info][gc,heap     ] GC(2381) Eden regions: 67->0(750)
[2024-05-30T13:51:47.536+0000][11846.955s][info][gc,heap     ] GC(2381) Survivor regions: 9->6(10)
[2024-05-30T13:51:47.536+0000][11846.955s][info][gc,heap     ] GC(2381) Old regions: 454->454
[2024-05-30T13:51:47.536+0000][11846.955s][info][gc,heap     ] GC(2381) Archive regions: 2->2
[2024-05-30T13:51:47.536+0000][11846.955s][info][gc,heap     ] GC(2381) Humongous regions: 5->5
[2024-05-30T13:51:47.536+0000][11846.955s][info][gc,metaspace] GC(2381) Metaspace: 433837K(440064K)->433837K(440064K) NonClass: 379833K(383232K)->379833K(383232K) Class: 54004K(56832K)->54004K(56832K)
[2024-05-30T13:51:47.536+0000][11846.956s][info][gc          ] GC(2381) Pause Young (Mixed) (G1 Evacuation Pause) 4281M->3715M(12288M) 52.091ms
[2024-05-30T13:51:47.536+0000][11846.956s][info][gc,cpu      ] GC(2381) User=0.29s Sys=0.01s Real=0.06s
[2024-05-30T13:51:52.662+0000][11852.081s][info][gc,start    ] GC(2382) Pause Young (Normal) (G1 Evacuation Pause)
[2024-05-30T13:51:52.662+0000][11852.081s][info][gc,task     ] GC(2382) Using 6 workers of 6 for evacuation
[2024-05-30T13:51:52.677+0000][11852.096s][info][gc,phases   ] GC(2382)   Pre Evacuate Collection Set: 0.2ms
[2024-05-30T13:51:52.677+0000][11852.097s][info][gc,phases   ] GC(2382)   Merge Heap Roots: 0.2ms
[2024-05-30T13:51:52.677+0000][11852.097s][info][gc,phases   ] GC(2382)   Evacuate Collection Set: 12.8ms
[2024-05-30T13:51:52.677+0000][11852.097s][info][gc,phases   ] GC(2382)   Post Evacuate Collection Set: 2.0ms
[2024-05-30T13:51:52.677+0000][11852.097s][info][gc,phases   ] GC(2382)   Other: 0.2ms
[2024-05-30T13:51:52.677+0000][11852.097s][info][gc,heap     ] GC(2382) Eden regions: 750->0(747)
[2024-05-30T13:51:52.677+0000][11852.097s][info][gc,heap     ] GC(2382) Survivor regions: 6->8(95)
[2024-05-30T13:51:52.677+0000][11852.097s][info][gc,heap     ] GC(2382) Old regions: 454->454
[2024-05-30T13:51:52.677+0000][11852.097s][info][gc,heap     ] GC(2382) Archive regions: 2->2
[2024-05-30T13:51:52.677+0000][11852.097s][info][gc,heap     ] GC(2382) Humongous regions: 5->5
[2024-05-30T13:51:52.677+0000][11852.097s][info][gc,metaspace] GC(2382) Metaspace: 433837K(440064K)->433837K(440064K) NonClass: 379833K(383232K)->379833K(383232K) Class: 54004K(56832K)->54004K(56832K)
[2024-05-30T13:51:52.677+0000][11852.097s][info][gc          ] GC(2382) Pause Young (Normal) (G1 Evacuation Pause) 9715M->3736M(12288M) 15.422ms
[2024-05-30T13:51:52.677+0000][11852.097s][info][gc,cpu      ] GC(2382) User=0.09s Sys=0.00s Real=0.02s
[2024-05-30T13:51:57.755+0000][11857.174s][info][gc,start    ] GC(2383) Pause Young (Normal) (G1 Evacuation Pause)
[2024-05-30T13:51:57.755+0000][11857.174s][info][gc,task     ] GC(2383) Using 6 workers of 6 for evacuation
[2024-05-30T13:51:57.773+0000][11857.192s][info][gc,phases   ] GC(2383)   Pre Evacuate Collection Set: 0.2ms
[2024-05-30T13:51:57.773+0000][11857.192s][info][gc,phases   ] GC(2383)   Merge Heap Roots: 0.2ms
[2024-05-30T13:51:57.773+0000][11857.192s][info][gc,phases   ] GC(2383)   Evacuate Collection Set: 15.9ms
[2024-05-30T13:51:57.773+0000][11857.192s][info][gc,phases   ] GC(2383)   Post Evacuate Collection Set: 1.9ms
[2024-05-30T13:51:57.773+0000][11857.192s][info][gc,phases   ] GC(2383)   Other: 0.2ms
[2024-05-30T13:51:57.773+0000][11857.192s][info][gc,heap     ] GC(2383) Eden regions: 747->0(747)
[2024-05-30T13:51:57.773+0000][11857.192s][info][gc,heap     ] GC(2383) Survivor regions: 8->8(95)
[2024-05-30T13:51:57.773+0000][11857.192s][info][gc,heap     ] GC(2383) Old regions: 454->454
[2024-05-30T13:51:57.773+0000][11857.192s][info][gc,heap     ] GC(2383) Archive regions: 2->2
[2024-05-30T13:51:57.773+0000][11857.192s][info][gc,heap     ] GC(2383) Humongous regions: 5->5
[2024-05-30T13:51:57.773+0000][11857.192s][info][gc,metaspace] GC(2383) Metaspace: 433837K(440064K)->433837K(440064K) NonClass: 379833K(383232K)->379833K(383232K) Class: 54004K(56832K)->54004K(56832K)
[2024-05-30T13:51:57.773+0000][11857.192s][info][gc          ] GC(2383) Pause Young (Normal) (G1 Evacuation Pause) 9712M->3737M(12288M) 18.474ms
[2024-05-30T13:51:57.773+0000][11857.192s][info][gc,cpu      ] GC(2383) User=0.11s Sys=0.00s Real=0.02s
[2024-05-30T13:52:02.801+0000][11862.220s][info][gc,start    ] GC(2384) Pause Young (Concurrent Start) (G1 Evacuation Pause)
[2024-05-30T13:52:02.801+0000][11862.220s][info][gc,task     ] GC(2384) Using 6 workers of 6 for evacuation
[2024-05-30T13:52:02.820+0000][11862.239s][info][gc,phases   ] GC(2384)   Pre Evacuate Collection Set: 0.5ms
[2024-05-30T13:52:02.820+0000][11862.239s][info][gc,phases   ] GC(2384)   Merge Heap Roots: 0.2ms
[2024-05-30T13:52:02.820+0000][11862.239s][info][gc,phases   ] GC(2384)   Evacuate Collection Set: 16.5ms
[2024-05-30T13:52:02.820+0000][11862.239s][info][gc,phases   ] GC(2384)   Post Evacuate Collection Set: 1.7ms
[2024-05-30T13:52:02.820+0000][11862.239s][info][gc,phases   ] GC(2384)   Other: 0.3ms
[2024-05-30T13:52:02.820+0000][11862.239s][info][gc,heap     ] GC(2384) Eden regions: 747->0(746)
[2024-05-30T13:52:02.820+0000][11862.239s][info][gc,heap     ] GC(2384) Survivor regions: 8->9(95)
[2024-05-30T13:52:02.820+0000][11862.239s][info][gc,heap     ] GC(2384) Old regions: 454->454
[2024-05-30T13:52:02.820+0000][11862.239s][info][gc,heap     ] GC(2384) Archive regions: 2->2
[2024-05-30T13:52:02.820+0000][11862.239s][info][gc,heap     ] GC(2384) Humongous regions: 5->5
[2024-05-30T13:52:02.820+0000][11862.239s][info][gc,metaspace] GC(2384) Metaspace: 433837K(440064K)->433837K(440064K) NonClass: 379833K(383232K)->379833K(383232K) Class: 54004K(56832K)->54004K(56832K)
[2024-05-30T13:52:02.820+0000][11862.239s][info][gc          ] GC(2384) Pause Young (Concurrent Start) (G1 Evacuation Pause) 9713M->3745M(12288M) 19.385ms
[2024-05-30T13:52:02.820+0000][11862.239s][info][gc,cpu      ] GC(2384) User=0.11s Sys=0.00s Real=0.02s
[2024-05-30T13:52:02.820+0000][11862.239s][info][gc          ] GC(2385) Concurrent Mark Cycle
[2024-05-30T13:52:02.820+0000][11862.239s][info][gc,marking  ] GC(2385) Concurrent Clear Claimed Marks
[2024-05-30T13:52:02.821+0000][11862.240s][info][gc,marking  ] GC(2385) Concurrent Clear Claimed Marks 0.403ms
[2024-05-30T13:52:02.821+0000][11862.240s][info][gc,marking  ] GC(2385) Concurrent Scan Root Regions
[2024-05-30T13:52:02.850+0000][11862.269s][info][gc,marking  ] GC(2385) Concurrent Scan Root Regions 29.120ms
[2024-05-30T13:52:02.850+0000][11862.269s][info][gc,marking  ] GC(2385) Concurrent Mark
[2024-05-30T13:52:02.850+0000][11862.269s][info][gc,marking  ] GC(2385) Concurrent Mark From Roots
[2024-05-30T13:52:02.850+0000][11862.269s][info][gc,task     ] GC(2385) Using 2 workers of 2 for marking
[2024-05-30T13:52:05.831+0000][11865.250s][info][gc,start    ] GC(2386) Pause Young (Normal) (G1 Evacuation Pause)
[2024-05-30T13:52:05.831+0000][11865.250s][info][gc,task     ] GC(2386) Using 6 workers of 6 for evacuation
[2024-05-30T13:52:05.880+0000][11865.300s][info][gc,phases   ] GC(2386)   Pre Evacuate Collection Set: 0.2ms
[2024-05-30T13:52:05.880+0000][11865.300s][info][gc,phases   ] GC(2386)   Merge Heap Roots: 0.3ms
[2024-05-30T13:52:05.880+0000][11865.300s][info][gc,phases   ] GC(2386)   Evacuate Collection Set: 38.8ms
[2024-05-30T13:52:05.880+0000][11865.300s][info][gc,phases   ] GC(2386)   Post Evacuate Collection Set: 9.8ms
[2024-05-30T13:52:05.880+0000][11865.300s][info][gc,phases   ] GC(2386)   Other: 0.2ms
[2024-05-30T13:52:05.880+0000][11865.300s][info][gc,heap     ] GC(2386) Eden regions: 746->0(744)
[2024-05-30T13:52:05.880+0000][11865.300s][info][gc,heap     ] GC(2386) Survivor regions: 9->10(95)
[2024-05-30T13:52:05.880+0000][11865.300s][info][gc,heap     ] GC(2386) Old regions: 454->454
[2024-05-30T13:52:05.880+0000][11865.300s][info][gc,heap     ] GC(2386) Archive regions: 2->2
[2024-05-30T13:52:05.880+0000][11865.300s][info][gc,heap     ] GC(2386) Humongous regions: 5->5
[2024-05-30T13:52:05.880+0000][11865.300s][info][gc,metaspace] GC(2386) Metaspace: 433837K(440064K)->433837K(440064K) NonClass: 379833K(383232K)->379833K(383232K) Class: 54004K(56832K)->54004K(56832K)
[2024-05-30T13:52:05.880+0000][11865.300s][info][gc          ] GC(2386) Pause Young (Normal) (G1 Evacuation Pause) 9713M->3753M(12288M) 49.314ms
[2024-05-30T13:52:05.881+0000][11865.300s][info][gc,cpu      ] GC(2386) User=0.29s Sys=0.00s Real=0.05s
[2024-05-30T13:52:06.744+0000][11866.163s][info][gc,marking  ] GC(2385) Concurrent Mark From Roots 3894.313ms
[2024-05-30T13:52:06.744+0000][11866.163s][info][gc,marking  ] GC(2385) Concurrent Preclean
[2024-05-30T13:52:06.746+0000][11866.165s][info][gc,marking  ] GC(2385) Concurrent Preclean 1.759ms
[2024-05-30T13:52:06.746+0000][11866.165s][info][gc,start    ] GC(2385) Pause Remark
[2024-05-30T13:52:06.770+0000][11866.190s][info][gc          ] GC(2385) Pause Remark 5821M->5821M(12288M) 24.252ms
[2024-05-30T13:52:06.770+0000][11866.190s][info][gc,cpu      ] GC(2385) User=0.10s Sys=0.00s Real=0.03s
[2024-05-30T13:52:06.770+0000][11866.190s][info][gc,marking  ] GC(2385) Concurrent Mark 3920.788ms
[2024-05-30T13:52:06.770+0000][11866.190s][info][gc,marking  ] GC(2385) Concurrent Rebuild Remembered Sets
[2024-05-30T13:52:08.248+0000][11867.668s][info][gc,start    ] GC(2387) Pause Young (Normal) (G1 Evacuation Pause)
[2024-05-30T13:52:08.248+0000][11867.668s][info][gc,task     ] GC(2387) Using 6 workers of 6 for evacuation
[2024-05-30T13:52:08.325+0000][11867.744s][info][gc,phases   ] GC(2387)   Pre Evacuate Collection Set: 0.2ms
[2024-05-30T13:52:08.325+0000][11867.744s][info][gc,phases   ] GC(2387)   Merge Heap Roots: 0.3ms
[2024-05-30T13:52:08.325+0000][11867.744s][info][gc,phases   ] GC(2387)   Evacuate Collection Set: 61.1ms
[2024-05-30T13:52:08.325+0000][11867.744s][info][gc,phases   ] GC(2387)   Post Evacuate Collection Set: 15.1ms
[2024-05-30T13:52:08.325+0000][11867.744s][info][gc,phases   ] GC(2387)   Other: 0.2ms
[2024-05-30T13:52:08.325+0000][11867.744s][info][gc,heap     ] GC(2387) Eden regions: 744->0(739)
[2024-05-30T13:52:08.325+0000][11867.744s][info][gc,heap     ] GC(2387) Survivor regions: 10->14(95)
[2024-05-30T13:52:08.325+0000][11867.744s][info][gc,heap     ] GC(2387) Old regions: 454->454
[2024-05-30T13:52:08.325+0000][11867.744s][info][gc,heap     ] GC(2387) Archive regions: 2->2
[2024-05-30T13:52:08.325+0000][11867.744s][info][gc,heap     ] GC(2387) Humongous regions: 5->5
[2024-05-30T13:52:08.325+0000][11867.744s][info][gc,metaspace] GC(2387) Metaspace: 433837K(440064K)->433837K(440064K) NonClass: 379833K(383232K)->379833K(383232K) Class: 54004K(56832K)->54004K(56832K)
[2024-05-30T13:52:08.325+0000][11867.745s][info][gc          ] GC(2387) Pause Young (Normal) (G1 Evacuation Pause) 9705M->3785M(12288M) 76.896ms
[2024-05-30T13:52:08.325+0000][11867.745s][info][gc,cpu      ] GC(2387) User=0.45s Sys=0.00s Real=0.07s
[2024-05-30T13:52:08.760+0000][11868.180s][info][gc,marking  ] GC(2385) Concurrent Rebuild Remembered Sets 1989.939ms
[2024-05-30T13:52:08.761+0000][11868.180s][info][gc,start    ] GC(2385) Pause Cleanup
[2024-05-30T13:52:08.761+0000][11868.180s][info][gc          ] GC(2385) Pause Cleanup 4925M->4925M(12288M) 0.512ms
[2024-05-30T13:52:08.761+0000][11868.180s][info][gc,cpu      ] GC(2385) User=0.01s Sys=0.00s Real=0.00s
[2024-05-30T13:52:08.761+0000][11868.180s][info][gc,marking  ] GC(2385) Concurrent Cleanup for Next Mark
[2024-05-30T13:52:08.778+0000][11868.197s][info][gc,marking  ] GC(2385) Concurrent Cleanup for Next Mark 16.804ms
[2024-05-30T13:52:08.778+0000][11868.197s][info][gc          ] GC(2385) Concurrent Mark Cycle 5958.002ms
[2024-05-30T13:52:10.468+0000][11869.887s][info][gc,start    ] GC(2388) Pause Young (Prepare Mixed) (G1 Evacuation Pause)
[2024-05-30T13:52:10.468+0000][11869.887s][info][gc,task     ] GC(2388) Using 6 workers of 6 for evacuation
[2024-05-30T13:52:10.555+0000][11869.974s][info][gc,phases   ] GC(2388)   Pre Evacuate Collection Set: 0.2ms
[2024-05-30T13:52:10.555+0000][11869.974s][info][gc,phases   ] GC(2388)   Merge Heap Roots: 0.5ms
[2024-05-30T13:52:10.555+0000][11869.974s][info][gc,phases   ] GC(2388)   Evacuate Collection Set: 72.2ms
[2024-05-30T13:52:10.555+0000][11869.974s][info][gc,phases   ] GC(2388)   Post Evacuate Collection Set: 14.4ms
[2024-05-30T13:52:10.555+0000][11869.974s][info][gc,phases   ] GC(2388)   Other: 0.2ms
[2024-05-30T13:52:10.555+0000][11869.974s][info][gc,heap     ] GC(2388) Eden regions: 739->0(58)
[2024-05-30T13:52:10.555+0000][11869.974s][info][gc,heap     ] GC(2388) Survivor regions: 14->18(95)
[2024-05-30T13:52:10.555+0000][11869.974s][info][gc,heap     ] GC(2388) Old regions: 454->454
[2024-05-30T13:52:10.555+0000][11869.974s][info][gc,heap     ] GC(2388) Archive regions: 2->2
[2024-05-30T13:52:10.555+0000][11869.974s][info][gc,heap     ] GC(2388) Humongous regions: 5->5
[2024-05-30T13:52:10.555+0000][11869.974s][info][gc,metaspace] GC(2388) Metaspace: 433837K(440064K)->433837K(440064K) NonClass: 379833K(383232K)->379833K(383232K) Class: 54004K(56832K)->54004K(56832K)
[2024-05-30T13:52:10.555+0000][11869.974s][info][gc          ] GC(2388) Pause Young (Prepare Mixed) (G1 Evacuation Pause) 9697M->3816M(12288M) 87.473ms
[2024-05-30T13:52:10.555+0000][11869.974s][info][gc,cpu      ] GC(2388) User=0.51s Sys=0.00s Real=0.09s
[2024-05-30T13:52:10.709+0000][11870.128s][info][gc,start    ] GC(2389) Pause Young (Mixed) (G1 Evacuation Pause)
[2024-05-30T13:52:10.709+0000][11870.128s][info][gc,task     ] GC(2389) Using 6 workers of 6 for evacuation
[2024-05-30T13:52:10.814+0000][11870.233s][info][gc,phases   ] GC(2389)   Pre Evacuate Collection Set: 0.2ms
[2024-05-30T13:52:10.814+0000][11870.233s][info][gc,phases   ] GC(2389)   Merge Heap Roots: 0.5ms
[2024-05-30T13:52:10.814+0000][11870.233s][info][gc,phases   ] GC(2389)   Evacuate Collection Set: 101.5ms
[2024-05-30T13:52:10.814+0000][11870.233s][info][gc,phases   ] GC(2389)   Post Evacuate Collection Set: 2.5ms
[2024-05-30T13:52:10.814+0000][11870.233s][info][gc,phases   ] GC(2389)   Other: 0.2ms
[2024-05-30T13:52:10.814+0000][11870.233s][info][gc,heap     ] GC(2389) Eden regions: 58->0(736)
