[2025-01-07T21:02:37.685+0000][88628.051s][info][gc,phases   ] GC(3556)   Post Evacuate Collection Set: 1.9ms
[2025-01-07T21:02:37.685+0000][88628.051s][info][gc,phases   ] GC(3556)   Other: 0.2ms
[2025-01-07T21:02:37.685+0000][88628.051s][info][gc,heap     ] GC(3556) Eden regions: 66->0(913)
[2025-01-07T21:02:37.685+0000][88628.051s][info][gc,heap     ] GC(3556) Survivor regions: 10->6(10)
[2025-01-07T21:02:37.685+0000][88628.051s][info][gc,heap     ] GC(3556) Old regions: 241->242
[2025-01-07T21:02:37.685+0000][88628.051s][info][gc,heap     ] GC(3556) Archive regions: 2->2
[2025-01-07T21:02:37.685+0000][88628.051s][info][gc,heap     ] GC(3556) Humongous regions: 49->49
[2025-01-07T21:02:37.685+0000][88628.051s][info][gc,metaspace] GC(3556) Metaspace: 498929K(507200K)->498929K(507200K) NonClass: 438343K(442560K)->438343K(442560K) Class: 60586K(64640K)->60586K(64640K)
[2025-01-07T21:02:37.685+0000][88628.051s][info][gc          ] GC(3556) Pause Young (Mixed) (G1 Evacuation Pause) 2928M->2372M(12288M) 62.763ms
[2025-01-07T21:02:37.685+0000][88628.051s][info][gc,cpu      ] GC(3556) User=0.37s Sys=0.00s Real=0.06s
[2025-01-07T21:02:45.945+0000][88636.311s][info][gc,start    ] GC(3557) Pause Young (Normal) (G1 Evacuation Pause)
[2025-01-07T21:02:45.945+0000][88636.311s][info][gc,task     ] GC(3557) Using 6 workers of 6 for evacuation
[2025-01-07T21:02:45.973+0000][88636.339s][info][gc,phases   ] GC(3557)   Pre Evacuate Collection Set: 0.2ms
[2025-01-07T21:02:45.973+0000][88636.339s][info][gc,phases   ] GC(3557)   Merge Heap Roots: 0.4ms
[2025-01-07T21:02:45.973+0000][88636.339s][info][gc,phases   ] GC(3557)   Evacuate Collection Set: 24.2ms
[2025-01-07T21:02:45.973+0000][88636.339s][info][gc,phases   ] GC(3557)   Post Evacuate Collection Set: 2.7ms
[2025-01-07T21:02:45.973+0000][88636.339s][info][gc,phases   ] GC(3557)   Other: 0.2ms
[2025-01-07T21:02:45.973+0000][88636.339s][info][gc,heap     ] GC(3557) Eden regions: 913->0(912)
[2025-01-07T21:02:45.973+0000][88636.339s][info][gc,heap     ] GC(3557) Survivor regions: 6->7(115)
[2025-01-07T21:02:45.973+0000][88636.339s][info][gc,heap     ] GC(3557) Old regions: 242->242
[2025-01-07T21:02:45.973+0000][88636.339s][info][gc,heap     ] GC(3557) Archive regions: 2->2
[2025-01-07T21:02:45.973+0000][88636.339s][info][gc,heap     ] GC(3557) Humongous regions: 49->49
[2025-01-07T21:02:45.973+0000][88636.339s][info][gc,metaspace] GC(3557) Metaspace: 498929K(507200K)->498929K(507200K) NonClass: 438343K(442560K)->438343K(442560K) Class: 60586K(64640K)->60586K(64640K)
[2025-01-07T21:02:45.973+0000][88636.339s][info][gc          ] GC(3557) Pause Young (Normal) (G1 Evacuation Pause) 9676M->2384M(12288M) 27.828ms
[2025-01-07T21:02:45.973+0000][88636.339s][info][gc,cpu      ] GC(3557) User=0.16s Sys=0.00s Real=0.03s
[2025-01-07T21:02:52.157+0000][88642.523s][info][gc,start    ] GC(3558) Pause Young (Normal) (G1 Evacuation Pause)
[2025-01-07T21:02:52.157+0000][88642.523s][info][gc,task     ] GC(3558) Using 6 workers of 6 for evacuation
[2025-01-07T21:02:52.185+0000][88642.551s][info][gc,phases   ] GC(3558)   Pre Evacuate Collection Set: 0.2ms
[2025-01-07T21:02:52.185+0000][88642.551s][info][gc,phases   ] GC(3558)   Merge Heap Roots: 0.4ms
[2025-01-07T21:02:52.185+0000][88642.551s][info][gc,phases   ] GC(3558)   Evacuate Collection Set: 24.9ms
[2025-01-07T21:02:52.185+0000][88642.551s][info][gc,phases   ] GC(3558)   Post Evacuate Collection Set: 2.6ms
[2025-01-07T21:02:52.185+0000][88642.551s][info][gc,phases   ] GC(3558)   Other: 0.2ms
[2025-01-07T21:02:52.185+0000][88642.551s][info][gc,heap     ] GC(3558) Eden regions: 912->0(914)
[2025-01-07T21:02:52.185+0000][88642.551s][info][gc,heap     ] GC(3558) Survivor regions: 7->7(115)
[2025-01-07T21:02:52.185+0000][88642.551s][info][gc,heap     ] GC(3558) Old regions: 242->242
[2025-01-07T21:02:52.185+0000][88642.551s][info][gc,heap     ] GC(3558) Archive regions: 2->2
[2025-01-07T21:02:52.185+0000][88642.551s][info][gc,heap     ] GC(3558) Humongous regions: 49->49
[2025-01-07T21:02:52.185+0000][88642.551s][info][gc,metaspace] GC(3558) Metaspace: 498929K(507200K)->498929K(507200K) NonClass: 438343K(442560K)->438343K(442560K) Class: 60586K(64640K)->60586K(64640K)
[2025-01-07T21:02:52.185+0000][88642.551s][info][gc          ] GC(3558) Pause Young (Normal) (G1 Evacuation Pause) 9680M->2378M(12288M) 28.375ms
[2025-01-07T21:02:52.185+0000][88642.551s][info][gc,cpu      ] GC(3558) User=0.16s Sys=0.00s Real=0.03s
[2025-01-07T21:03:01.089+0000][88651.455s][info][gc,start    ] GC(3559) Pause Young (Concurrent Start) (G1 Evacuation Pause)
[2025-01-07T21:03:01.089+0000][88651.456s][info][gc,task     ] GC(3559) Using 6 workers of 6 for evacuation
[2025-01-07T21:03:01.128+0000][88651.494s][info][gc,phases   ] GC(3559)   Pre Evacuate Collection Set: 1.0ms
[2025-01-07T21:03:01.128+0000][88651.494s][info][gc,phases   ] GC(3559)   Merge Heap Roots: 0.5ms
[2025-01-07T21:03:01.128+0000][88651.494s][info][gc,phases   ] GC(3559)   Evacuate Collection Set: 32.7ms
[2025-01-07T21:03:01.128+0000][88651.494s][info][gc,phases   ] GC(3559)   Post Evacuate Collection Set: 4.3ms
[2025-01-07T21:03:01.128+0000][88651.494s][info][gc,phases   ] GC(3559)   Other: 0.3ms
[2025-01-07T21:03:01.128+0000][88651.494s][info][gc,heap     ] GC(3559) Eden regions: 914->0(911)
[2025-01-07T21:03:01.128+0000][88651.494s][info][gc,heap     ] GC(3559) Survivor regions: 7->10(116)
[2025-01-07T21:03:01.128+0000][88651.494s][info][gc,heap     ] GC(3559) Old regions: 242->242
[2025-01-07T21:03:01.128+0000][88651.494s][info][gc,heap     ] GC(3559) Archive regions: 2->2
[2025-01-07T21:03:01.128+0000][88651.494s][info][gc,heap     ] GC(3559) Humongous regions: 49->49
[2025-01-07T21:03:01.128+0000][88651.494s][info][gc,metaspace] GC(3559) Metaspace: 498929K(507200K)->498929K(507200K) NonClass: 438343K(442560K)->438343K(442560K) Class: 60586K(64640K)->60586K(64640K)
[2025-01-07T21:03:01.128+0000][88651.494s][info][gc          ] GC(3559) Pause Young (Concurrent Start) (G1 Evacuation Pause) 9690M->2407M(12288M) 38.886ms
[2025-01-07T21:03:01.128+0000][88651.494s][info][gc,cpu      ] GC(3559) User=0.22s Sys=0.00s Real=0.04s
[2025-01-07T21:03:01.128+0000][88651.494s][info][gc          ] GC(3560) Concurrent Mark Cycle
[2025-01-07T21:03:01.128+0000][88651.494s][info][gc,marking  ] GC(3560) Concurrent Clear Claimed Marks
[2025-01-07T21:03:01.129+0000][88651.495s][info][gc,marking  ] GC(3560) Concurrent Clear Claimed Marks 0.804ms
[2025-01-07T21:03:01.129+0000][88651.495s][info][gc,marking  ] GC(3560) Concurrent Scan Root Regions
[2025-01-07T21:03:01.157+0000][88651.523s][info][gc,marking  ] GC(3560) Concurrent Scan Root Regions 27.901ms
[2025-01-07T21:03:01.157+0000][88651.523s][info][gc,marking  ] GC(3560) Concurrent Mark
[2025-01-07T21:03:01.157+0000][88651.523s][info][gc,marking  ] GC(3560) Concurrent Mark From Roots
[2025-01-07T21:03:01.157+0000][88651.523s][info][gc,task     ] GC(3560) Using 2 workers of 2 for marking
[2025-01-07T21:03:01.918+0000][88652.284s][info][gc,marking  ] GC(3560) Concurrent Mark From Roots 760.827ms
[2025-01-07T21:03:01.918+0000][88652.284s][info][gc,marking  ] GC(3560) Concurrent Preclean
[2025-01-07T21:03:01.920+0000][88652.286s][info][gc,marking  ] GC(3560) Concurrent Preclean 1.893ms
[2025-01-07T21:03:01.920+0000][88652.286s][info][gc,start    ] GC(3560) Pause Remark
[2025-01-07T21:03:01.948+0000][88652.314s][info][gc          ] GC(3560) Pause Remark 3039M->3039M(12288M) 28.312ms
[2025-01-07T21:03:01.948+0000][88652.315s][info][gc,cpu      ] GC(3560) User=0.16s Sys=0.00s Real=0.03s
[2025-01-07T21:03:01.949+0000][88652.315s][info][gc,marking  ] GC(3560) Concurrent Mark 791.391ms
[2025-01-07T21:03:01.949+0000][88652.315s][info][gc,marking  ] GC(3560) Concurrent Rebuild Remembered Sets
[2025-01-07T21:03:02.479+0000][88652.845s][info][gc,marking  ] GC(3560) Concurrent Rebuild Remembered Sets 530.684ms
[2025-01-07T21:03:02.479+0000][88652.845s][info][gc,start    ] GC(3560) Pause Cleanup
[2025-01-07T21:03:02.480+0000][88652.846s][info][gc          ] GC(3560) Pause Cleanup 3591M->3591M(12288M) 0.524ms
[2025-01-07T21:03:02.480+0000][88652.846s][info][gc,cpu      ] GC(3560) User=0.00s Sys=0.00s Real=0.00s
[2025-01-07T21:03:02.480+0000][88652.846s][info][gc,marking  ] GC(3560) Concurrent Cleanup for Next Mark
[2025-01-07T21:03:02.496+0000][88652.863s][info][gc,marking  ] GC(3560) Concurrent Cleanup for Next Mark 16.439ms
[2025-01-07T21:03:02.497+0000][88652.863s][info][gc          ] GC(3560) Concurrent Mark Cycle 1368.197ms
[2025-01-07T21:03:10.310+0000][88660.676s][info][gc,start    ] GC(3561) Pause Young (Prepare Mixed) (G1 Evacuation Pause)
[2025-01-07T21:03:10.310+0000][88660.676s][info][gc,task     ] GC(3561) Using 6 workers of 6 for evacuation
[2025-01-07T21:03:10.346+0000][88660.712s][info][gc,phases   ] GC(3561)   Pre Evacuate Collection Set: 0.2ms
[2025-01-07T21:03:10.346+0000][88660.713s][info][gc,phases   ] GC(3561)   Merge Heap Roots: 0.7ms
[2025-01-07T21:03:10.346+0000][88660.713s][info][gc,phases   ] GC(3561)   Evacuate Collection Set: 31.7ms
[2025-01-07T21:03:10.346+0000][88660.713s][info][gc,phases   ] GC(3561)   Post Evacuate Collection Set: 3.9ms
[2025-01-07T21:03:10.346+0000][88660.713s][info][gc,phases   ] GC(3561)   Other: 0.2ms
[2025-01-07T21:03:10.346+0000][88660.713s][info][gc,heap     ] GC(3561) Eden regions: 911->0(65)
[2025-01-07T21:03:10.346+0000][88660.713s][info][gc,heap     ] GC(3561) Survivor regions: 10->11(116)
[2025-01-07T21:03:10.346+0000][88660.713s][info][gc,heap     ] GC(3561) Old regions: 242->242
[2025-01-07T21:03:10.346+0000][88660.713s][info][gc,heap     ] GC(3561) Archive regions: 2->2
[2025-01-07T21:03:10.346+0000][88660.713s][info][gc,heap     ] GC(3561) Humongous regions: 49->49
[2025-01-07T21:03:10.346+0000][88660.713s][info][gc,metaspace] GC(3561) Metaspace: 498929K(507200K)->498929K(507200K) NonClass: 438343K(442560K)->438343K(442560K) Class: 60586K(64640K)->60586K(64640K)
[2025-01-07T21:03:10.346+0000][88660.713s][info][gc          ] GC(3561) Pause Young (Prepare Mixed) (G1 Evacuation Pause) 9695M->2416M(12288M) 36.800ms
[2025-01-07T21:03:10.347+0000][88660.713s][info][gc,cpu      ] GC(3561) User=0.22s Sys=0.00s Real=0.03s
[2025-01-07T21:03:10.933+0000][88661.299s][info][gc,start    ] GC(3562) Pause Young (Mixed) (G1 Evacuation Pause)
[2025-01-07T21:03:10.933+0000][88661.299s][info][gc,task     ] GC(3562) Using 6 workers of 6 for evacuation
[2025-01-07T21:03:10.976+0000][88661.342s][info][gc,phases   ] GC(3562)   Pre Evacuate Collection Set: 0.2ms
[2025-01-07T21:03:10.976+0000][88661.342s][info][gc,phases   ] GC(3562)   Merge Heap Roots: 0.5ms
[2025-01-07T21:03:10.976+0000][88661.342s][info][gc,phases   ] GC(3562)   Evacuate Collection Set: 40.7ms
[2025-01-07T21:03:10.976+0000][88661.342s][info][gc,phases   ] GC(3562)   Post Evacuate Collection Set: 1.6ms
[2025-01-07T21:03:10.976+0000][88661.342s][info][gc,phases   ] GC(3562)   Other: 0.2ms
[2025-01-07T21:03:10.976+0000][88661.342s][info][gc,heap     ] GC(3562) Eden regions: 65->0(916)
[2025-01-07T21:03:10.976+0000][88661.342s][info][gc,heap     ] GC(3562) Survivor regions: 11->5(10)
[2025-01-07T21:03:10.976+0000][88661.342s][info][gc,heap     ] GC(3562) Old regions: 242->240
[2025-01-07T21:03:10.976+0000][88661.342s][info][gc,heap     ] GC(3562) Archive regions: 2->2
[2025-01-07T21:03:10.976+0000][88661.342s][info][gc,heap     ] GC(3562) Humongous regions: 49->49
[2025-01-07T21:03:10.976+0000][88661.342s][info][gc,metaspace] GC(3562) Metaspace: 498929K(507200K)->498929K(507200K) NonClass: 438343K(442560K)->438343K(442560K) Class: 60586K(64640K)->60586K(64640K)
[2025-01-07T21:03:10.976+0000][88661.342s][info][gc          ] GC(3562) Pause Young (Mixed) (G1 Evacuation Pause) 2936M->2355M(12288M) 43.158ms
[2025-01-07T21:03:10.976+0000][88661.342s][info][gc,cpu      ] GC(3562) User=0.25s Sys=0.00s Real=0.04s
[2025-01-07T21:03:16.775+0000][88667.141s][info][gc,start    ] GC(3563) Pause Young (Normal) (G1 Evacuation Pause)
[2025-01-07T21:03:16.775+0000][88667.141s][info][gc,task     ] GC(3563) Using 6 workers of 6 for evacuation
[2025-01-07T21:03:16.801+0000][88667.167s][info][gc,phases   ] GC(3563)   Pre Evacuate Collection Set: 0.2ms
[2025-01-07T21:03:16.801+0000][88667.167s][info][gc,phases   ] GC(3563)   Merge Heap Roots: 0.4ms
[2025-01-07T21:03:16.801+0000][88667.167s][info][gc,phases   ] GC(3563)   Evacuate Collection Set: 21.8ms
[2025-01-07T21:03:16.801+0000][88667.167s][info][gc,phases   ] GC(3563)   Post Evacuate Collection Set: 3.7ms
[2025-01-07T21:03:16.801+0000][88667.167s][info][gc,phases   ] GC(3563)   Other: 0.2ms
[2025-01-07T21:03:16.801+0000][88667.167s][info][gc,heap     ] GC(3563) Eden regions: 916->0(914)
[2025-01-07T21:03:16.801+0000][88667.167s][info][gc,heap     ] GC(3563) Survivor regions: 5->7(116)
[2025-01-07T21:03:16.801+0000][88667.167s][info][gc,heap     ] GC(3563) Old regions: 240->240
[2025-01-07T21:03:16.801+0000][88667.167s][info][gc,heap     ] GC(3563) Archive regions: 2->2
[2025-01-07T21:03:16.801+0000][88667.167s][info][gc,heap     ] GC(3563) Humongous regions: 49->49
[2025-01-07T21:03:16.801+0000][88667.167s][info][gc,metaspace] GC(3563) Metaspace: 498929K(507200K)->498929K(507200K) NonClass: 438343K(442560K)->438343K(442560K) Class: 60586K(64640K)->60586K(64640K)
[2025-01-07T21:03:16.801+0000][88667.167s][info][gc          ] GC(3563) Pause Young (Normal) (G1 Evacuation Pause) 9683M->2367M(12288M) 26.495ms
[2025-01-07T21:03:16.801+0000][88667.167s][info][gc,cpu      ] GC(3563) User=0.15s Sys=0.00s Real=0.02s
[2025-01-07T21:03:23.538+0000][88673.904s][info][gc,start    ] GC(3564) Pause Young (Normal) (G1 Evacuation Pause)
[2025-01-07T21:03:23.538+0000][88673.904s][info][gc,task     ] GC(3564) Using 6 workers of 6 for evacuation
[2025-01-07T21:03:23.565+0000][88673.931s][info][gc,phases   ] GC(3564)   Pre Evacuate Collection Set: 0.2ms
[2025-01-07T21:03:23.565+0000][88673.931s][info][gc,phases   ] GC(3564)   Merge Heap Roots: 0.4ms
[2025-01-07T21:03:23.565+0000][88673.931s][info][gc,phases   ] GC(3564)   Evacuate Collection Set: 24.0ms
[2025-01-07T21:03:23.565+0000][88673.931s][info][gc,phases   ] GC(3564)   Post Evacuate Collection Set: 2.4ms
[2025-01-07T21:03:23.565+0000][88673.931s][info][gc,phases   ] GC(3564)   Other: 0.2ms
[2025-01-07T21:03:23.565+0000][88673.931s][info][gc,heap     ] GC(3564) Eden regions: 914->0(914)
[2025-01-07T21:03:23.565+0000][88673.931s][info][gc,heap     ] GC(3564) Survivor regions: 7->7(116)
[2025-01-07T21:03:23.565+0000][88673.931s][info][gc,heap     ] GC(3564) Old regions: 240->240
[2025-01-07T21:03:23.565+0000][88673.931s][info][gc,heap     ] GC(3564) Archive regions: 2->2
[2025-01-07T21:03:23.565+0000][88673.931s][info][gc,heap     ] GC(3564) Humongous regions: 49->49
[2025-01-07T21:03:23.565+0000][88673.931s][info][gc,metaspace] GC(3564) Metaspace: 498929K(507200K)->498929K(507200K) NonClass: 438343K(442560K)->438343K(442560K) Class: 60586K(64640K)->60586K(64640K)
[2025-01-07T21:03:23.565+0000][88673.931s][info][gc          ] GC(3564) Pause Young (Normal) (G1 Evacuation Pause) 9679M->2370M(12288M) 27.275ms
[2025-01-07T21:03:23.565+0000][88673.931s][info][gc,cpu      ] GC(3564) User=0.16s Sys=0.01s Real=0.03s
[2025-01-07T21:03:34.320+0000][88684.686s][info][gc,start    ] GC(3565) Pause Young (Concurrent Start) (G1 Evacuation Pause)
[2025-01-07T21:03:34.320+0000][88684.686s][info][gc,task     ] GC(3565) Using 6 workers of 6 for evacuation
[2025-01-07T21:03:34.352+0000][88684.719s][info][gc,phases   ] GC(3565)   Pre Evacuate Collection Set: 1.0ms
[2025-01-07T21:03:34.352+0000][88684.719s][info][gc,phases   ] GC(3565)   Merge Heap Roots: 0.5ms
[2025-01-07T21:03:34.352+0000][88684.719s][info][gc,phases   ] GC(3565)   Evacuate Collection Set: 27.9ms
[2025-01-07T21:03:34.352+0000][88684.719s][info][gc,phases   ] GC(3565)   Post Evacuate Collection Set: 2.6ms
[2025-01-07T21:03:34.352+0000][88684.719s][info][gc,phases   ] GC(3565)   Other: 0.3ms
[2025-01-07T21:03:34.352+0000][88684.719s][info][gc,heap     ] GC(3565) Eden regions: 914->0(912)
[2025-01-07T21:03:34.352+0000][88684.719s][info][gc,heap     ] GC(3565) Survivor regions: 7->9(116)
[2025-01-07T21:03:34.352+0000][88684.719s][info][gc,heap     ] GC(3565) Old regions: 240->240
[2025-01-07T21:03:34.352+0000][88684.719s][info][gc,heap     ] GC(3565) Archive regions: 2->2
[2025-01-07T21:03:34.352+0000][88684.719s][info][gc,heap     ] GC(3565) Humongous regions: 49->49
[2025-01-07T21:03:34.353+0000][88684.719s][info][gc,metaspace] GC(3565) Metaspace: 498929K(507200K)->498929K(507200K) NonClass: 438343K(442560K)->438343K(442560K) Class: 60586K(64640K)->60586K(64640K)
[2025-01-07T21:03:34.353+0000][88684.719s][info][gc          ] GC(3565) Pause Young (Concurrent Start) (G1 Evacuation Pause) 9682M->2380M(12288M) 32.431ms
[2025-01-07T21:03:34.353+0000][88684.719s][info][gc,cpu      ] GC(3565) User=0.18s Sys=0.00s Real=0.04s
[2025-01-07T21:03:34.353+0000][88684.719s][info][gc          ] GC(3566) Concurrent Mark Cycle
[2025-01-07T21:03:34.353+0000][88684.719s][info][gc,marking  ] GC(3566) Concurrent Clear Claimed Marks
[2025-01-07T21:03:34.353+0000][88684.720s][info][gc,marking  ] GC(3566) Concurrent Clear Claimed Marks 0.828ms
[2025-01-07T21:03:34.353+0000][88684.720s][info][gc,marking  ] GC(3566) Concurrent Scan Root Regions
[2025-01-07T21:03:34.372+0000][88684.738s][info][gc,marking  ] GC(3566) Concurrent Scan Root Regions 18.834ms
[2025-01-07T21:03:34.372+0000][88684.738s][info][gc,marking  ] GC(3566) Concurrent Mark
[2025-01-07T21:03:34.372+0000][88684.738s][info][gc,marking  ] GC(3566) Concurrent Mark From Roots
[2025-01-07T21:03:34.372+0000][88684.738s][info][gc,task     ] GC(3566) Using 2 workers of 2 for marking
[2025-01-07T21:03:35.135+0000][88685.501s][info][gc,marking  ] GC(3566) Concurrent Mark From Roots 762.895ms
[2025-01-07T21:03:35.135+0000][88685.501s][info][gc,marking  ] GC(3566) Concurrent Preclean
[2025-01-07T21:03:35.137+0000][88685.503s][info][gc,marking  ] GC(3566) Concurrent Preclean 1.927ms
[2025-01-07T21:03:35.137+0000][88685.503s][info][gc,start    ] GC(3566) Pause Remark
[2025-01-07T21:03:35.163+0000][88685.529s][info][gc          ] GC(3566) Pause Remark 3000M->3000M(12288M) 25.857ms
[2025-01-07T21:03:35.163+0000][88685.529s][info][gc,cpu      ] GC(3566) User=0.15s Sys=0.00s Real=0.03s
[2025-01-07T21:03:35.163+0000][88685.529s][info][gc,marking  ] GC(3566) Concurrent Mark 791.044ms
[2025-01-07T21:03:35.163+0000][88685.529s][info][gc,marking  ] GC(3566) Concurrent Rebuild Remembered Sets
[2025-01-07T21:03:35.744+0000][88686.110s][info][gc,marking  ] GC(3566) Concurrent Rebuild Remembered Sets 580.812ms
[2025-01-07T21:03:35.744+0000][88686.111s][info][gc,start    ] GC(3566) Pause Cleanup
[2025-01-07T21:03:35.745+0000][88686.111s][info][gc          ] GC(3566) Pause Cleanup 3704M->3704M(12288M) 0.450ms
[2025-01-07T21:03:35.745+0000][88686.111s][info][gc,cpu      ] GC(3566) User=0.00s Sys=0.00s Real=0.00s
[2025-01-07T21:03:35.745+0000][88686.111s][info][gc,marking  ] GC(3566) Concurrent Cleanup for Next Mark
[2025-01-07T21:03:35.761+0000][88686.127s][info][gc,marking  ] GC(3566) Concurrent Cleanup for Next Mark 15.605ms
[2025-01-07T21:03:35.761+0000][88686.127s][info][gc          ] GC(3566) Concurrent Mark Cycle 1408.030ms
[2025-01-07T21:03:42.453+0000][88692.819s][info][gc,start    ] GC(3567) Pause Young (Prepare Mixed) (G1 Evacuation Pause)
[2025-01-07T21:03:42.453+0000][88692.819s][info][gc,task     ] GC(3567) Using 6 workers of 6 for evacuation
[2025-01-07T21:03:42.493+0000][88692.859s][info][gc,phases   ] GC(3567)   Pre Evacuate Collection Set: 0.2ms
[2025-01-07T21:03:42.493+0000][88692.859s][info][gc,phases   ] GC(3567)   Merge Heap Roots: 0.7ms
[2025-01-07T21:03:42.493+0000][88692.859s][info][gc,phases   ] GC(3567)   Evacuate Collection Set: 35.6ms
[2025-01-07T21:03:42.493+0000][88692.859s][info][gc,phases   ] GC(3567)   Post Evacuate Collection Set: 2.9ms
[2025-01-07T21:03:42.493+0000][88692.859s][info][gc,phases   ] GC(3567)   Other: 0.2ms
[2025-01-07T21:03:42.493+0000][88692.859s][info][gc,heap     ] GC(3567) Eden regions: 912->0(66)
[2025-01-07T21:03:42.493+0000][88692.859s][info][gc,heap     ] GC(3567) Survivor regions: 9->10(116)
[2025-01-07T21:03:42.493+0000][88692.859s][info][gc,heap     ] GC(3567) Old regions: 240->240
[2025-01-07T21:03:42.493+0000][88692.859s][info][gc,heap     ] GC(3567) Archive regions: 2->2
[2025-01-07T21:03:42.493+0000][88692.859s][info][gc,heap     ] GC(3567) Humongous regions: 49->49
[2025-01-07T21:03:42.493+0000][88692.859s][info][gc,metaspace] GC(3567) Metaspace: 498929K(507200K)->498929K(507200K) NonClass: 438343K(442560K)->438343K(442560K) Class: 60586K(64640K)->60586K(64640K)
[2025-01-07T21:03:42.493+0000][88692.859s][info][gc          ] GC(3567) Pause Young (Prepare Mixed) (G1 Evacuation Pause) 9676M->2389M(12288M) 39.755ms
[2025-01-07T21:03:42.493+0000][88692.859s][info][gc,cpu      ] GC(3567) User=0.24s Sys=0.00s Real=0.04s
[2025-01-07T21:03:42.771+0000][88693.137s][info][gc,start    ] GC(3568) Pause Young (Mixed) (G1 Evacuation Pause)
[2025-01-07T21:03:42.771+0000][88693.137s][info][gc,task     ] GC(3568) Using 6 workers of 6 for evacuation
[2025-01-07T21:03:42.834+0000][88693.200s][info][gc,phases   ] GC(3568)   Pre Evacuate Collection Set: 0.2ms
[2025-01-07T21:03:42.834+0000][88693.200s][info][gc,phases   ] GC(3568)   Merge Heap Roots: 0.6ms
[2025-01-07T21:03:42.834+0000][88693.200s][info][gc,phases   ] GC(3568)   Evacuate Collection Set: 59.6ms
[2025-01-07T21:03:42.834+0000][88693.200s][info][gc,phases   ] GC(3568)   Post Evacuate Collection Set: 1.8ms
[2025-01-07T21:03:42.834+0000][88693.200s][info][gc,phases   ] GC(3568)   Other: 0.2ms
[2025-01-07T21:03:42.834+0000][88693.200s][info][gc,heap     ] GC(3568) Eden regions: 66->0(915)
[2025-01-07T21:03:42.834+0000][88693.200s][info][gc,heap     ] GC(3568) Survivor regions: 10->6(10)
[2025-01-07T21:03:42.834+0000][88693.200s][info][gc,heap     ] GC(3568) Old regions: 240->239
[2025-01-07T21:03:42.834+0000][88693.200s][info][gc,heap     ] GC(3568) Archive regions: 2->2
[2025-01-07T21:03:42.834+0000][88693.200s][info][gc,heap     ] GC(3568) Humongous regions: 49->49
[2025-01-07T21:03:42.834+0000][88693.200s][info][gc,metaspace] GC(3568) Metaspace: 498929K(507200K)->498929K(507200K) NonClass: 438343K(442560K)->438343K(442560K) Class: 60586K(64640K)->60586K(64640K)
[2025-01-07T21:03:42.834+0000][88693.200s][info][gc          ] GC(3568) Pause Young (Mixed) (G1 Evacuation Pause) 2917M->2352M(12288M) 62.518ms
[2025-01-07T21:03:42.834+0000][88693.200s][info][gc,cpu      ] GC(3568) User=0.36s Sys=0.00s Real=0.06s
[2025-01-07T21:03:53.113+0000][88703.480s][info][gc,start    ] GC(3569) Pause Young (Normal) (G1 Evacuation Pause)
[2025-01-07T21:03:53.113+0000][88703.480s][info][gc,task     ] GC(3569) Using 6 workers of 6 for evacuation
[2025-01-07T21:03:53.141+0000][88703.507s][info][gc,phases   ] GC(3569)   Pre Evacuate Collection Set: 0.2ms
[2025-01-07T21:03:53.141+0000][88703.507s][info][gc,phases   ] GC(3569)   Merge Heap Roots: 0.5ms
[2025-01-07T21:03:53.141+0000][88703.507s][info][gc,phases   ] GC(3569)   Evacuate Collection Set: 24.0ms
[2025-01-07T21:03:53.141+0000][88703.507s][info][gc,phases   ] GC(3569)   Post Evacuate Collection Set: 2.5ms
[2025-01-07T21:03:53.141+0000][88703.507s][info][gc,phases   ] GC(3569)   Other: 0.2ms
[2025-01-07T21:03:53.141+0000][88703.507s][info][gc,heap     ] GC(3569) Eden regions: 915->0(914)
[2025-01-07T21:03:53.141+0000][88703.507s][info][gc,heap     ] GC(3569) Survivor regions: 6->7(116)
[2025-01-07T21:03:53.141+0000][88703.507s][info][gc,heap     ] GC(3569) Old regions: 239->239
[2025-01-07T21:03:53.141+0000][88703.507s][info][gc,heap     ] GC(3569) Archive regions: 2->2
[2025-01-07T21:03:53.141+0000][88703.507s][info][gc,heap     ] GC(3569) Humongous regions: 49->49
[2025-01-07T21:03:53.141+0000][88703.507s][info][gc,metaspace] GC(3569) Metaspace: 498929K(507200K)->498929K(507200K) NonClass: 438343K(442560K)->438343K(442560K) Class: 60586K(64640K)->60586K(64640K)
[2025-01-07T21:03:53.141+0000][88703.507s][info][gc          ] GC(3569) Pause Young (Normal) (G1 Evacuation Pause) 9672M->2356M(12288M) 27.471ms
[2025-01-07T21:03:53.141+0000][88703.507s][info][gc,cpu      ] GC(3569) User=0.16s Sys=0.00s Real=0.02s
[2025-01-07T21:04:03.802+0000][88714.168s][info][gc,start    ] GC(3570) Pause Young (Normal) (G1 Evacuation Pause)
[2025-01-07T21:04:03.802+0000][88714.168s][info][gc,task     ] GC(3570) Using 6 workers of 6 for evacuation
[2025-01-07T21:04:03.835+0000][88714.201s][info][gc,phases   ] GC(3570)   Pre Evacuate Collection Set: 0.2ms
[2025-01-07T21:04:03.835+0000][88714.201s][info][gc,phases   ] GC(3570)   Merge Heap Roots: 0.5ms
[2025-01-07T21:04:03.835+0000][88714.201s][info][gc,phases   ] GC(3570)   Evacuate Collection Set: 27.1ms
[2025-01-07T21:04:03.835+0000][88714.201s][info][gc,phases   ] GC(3570)   Post Evacuate Collection Set: 5.3ms
[2025-01-07T21:04:03.835+0000][88714.201s][info][gc,phases   ] GC(3570)   Other: 0.2ms
[2025-01-07T21:04:03.835+0000][88714.201s][info][gc,heap     ] GC(3570) Eden regions: 914->0(911)
[2025-01-07T21:04:03.835+0000][88714.201s][info][gc,heap     ] GC(3570) Survivor regions: 7->10(116)
[2025-01-07T21:04:03.835+0000][88714.201s][info][gc,heap     ] GC(3570) Old regions: 239->239
[2025-01-07T21:04:03.835+0000][88714.201s][info][gc,heap     ] GC(3570) Archive regions: 2->2
[2025-01-07T21:04:03.835+0000][88714.201s][info][gc,heap     ] GC(3570) Humongous regions: 49->49
[2025-01-07T21:04:03.835+0000][88714.201s][info][gc,metaspace] GC(3570) Metaspace: 498929K(507200K)->498929K(507200K) NonClass: 438343K(442560K)->438343K(442560K) Class: 60586K(64640K)->60586K(64640K)
[2025-01-07T21:04:03.835+0000][88714.201s][info][gc          ] GC(3570) Pause Young (Normal) (G1 Evacuation Pause) 9668M->2377M(12288M) 33.359ms
[2025-01-07T21:04:03.835+0000][88714.201s][info][gc,cpu      ] GC(3570) User=0.19s Sys=0.00s Real=0.03s
[2025-01-07T21:04:10.565+0000][88720.931s][info][gc,start    ] GC(3571) Pause Young (Concurrent Start) (G1 Evacuation Pause)
[2025-01-07T21:04:10.565+0000][88720.931s][info][gc,task     ] GC(3571) Using 6 workers of 6 for evacuation
[2025-01-07T21:04:10.599+0000][88720.965s][info][gc,phases   ] GC(3571)   Pre Evacuate Collection Set: 1.0ms
[2025-01-07T21:04:10.599+0000][88720.965s][info][gc,phases   ] GC(3571)   Merge Heap Roots: 0.5ms
[2025-01-07T21:04:10.599+0000][88720.965s][info][gc,phases   ] GC(3571)   Evacuate Collection Set: 29.0ms
[2025-01-07T21:04:10.599+0000][88720.965s][info][gc,phases   ] GC(3571)   Post Evacuate Collection Set: 3.8ms
[2025-01-07T21:04:10.599+0000][88720.965s][info][gc,phases   ] GC(3571)   Other: 0.3ms
[2025-01-07T21:04:10.599+0000][88720.965s][info][gc,heap     ] GC(3571) Eden regions: 911->0(911)
[2025-01-07T21:04:10.599+0000][88720.965s][info][gc,heap     ] GC(3571) Survivor regions: 10->10(116)
[2025-01-07T21:04:10.599+0000][88720.965s][info][gc,heap     ] GC(3571) Old regions: 239->239
[2025-01-07T21:04:10.599+0000][88720.965s][info][gc,heap     ] GC(3571) Archive regions: 2->2
[2025-01-07T21:04:10.599+0000][88720.965s][info][gc,heap     ] GC(3571) Humongous regions: 49->49
[2025-01-07T21:04:10.599+0000][88720.965s][info][gc,metaspace] GC(3571) Metaspace: 498929K(507200K)->498929K(507200K) NonClass: 438343K(442560K)->438343K(442560K) Class: 60586K(64640K)->60586K(64640K)
[2025-01-07T21:04:10.599+0000][88720.965s][info][gc          ] GC(3571) Pause Young (Concurrent Start) (G1 Evacuation Pause) 9665M->2382M(12288M) 34.556ms
[2025-01-07T21:04:10.599+0000][88720.966s][info][gc,cpu      ] GC(3571) User=0.20s Sys=0.00s Real=0.03s
[2025-01-07T21:04:10.599+0000][88720.966s][info][gc          ] GC(3572) Concurrent Mark Cycle
[2025-01-07T21:04:10.599+0000][88720.966s][info][gc,marking  ] GC(3572) Concurrent Clear Claimed Marks
[2025-01-07T21:04:10.600+0000][88720.966s][info][gc,marking  ] GC(3572) Concurrent Clear Claimed Marks 0.792ms
[2025-01-07T21:04:10.600+0000][88720.966s][info][gc,marking  ] GC(3572) Concurrent Scan Root Regions
[2025-01-07T21:04:10.640+0000][88721.006s][info][gc,marking  ] GC(3572) Concurrent Scan Root Regions 39.371ms
[2025-01-07T21:04:10.640+0000][88721.006s][info][gc,marking  ] GC(3572) Concurrent Mark
[2025-01-07T21:04:10.640+0000][88721.006s][info][gc,marking  ] GC(3572) Concurrent Mark From Roots
[2025-01-07T21:04:10.640+0000][88721.006s][info][gc,task     ] GC(3572) Using 2 workers of 2 for marking
[2025-01-07T21:04:11.578+0000][88721.944s][info][gc,marking  ] GC(3572) Concurrent Mark From Roots 937.841ms
[2025-01-07T21:04:11.578+0000][88721.944s][info][gc,marking  ] GC(3572) Concurrent Preclean
[2025-01-07T21:04:11.580+0000][88721.946s][info][gc,marking  ] GC(3572) Concurrent Preclean 2.533ms
[2025-01-07T21:04:11.580+0000][88721.946s][info][gc,start    ] GC(3572) Pause Remark
[2025-01-07T21:04:11.606+0000][88721.972s][info][gc          ] GC(3572) Pause Remark 3838M->3838M(12288M) 25.938ms
[2025-01-07T21:04:11.606+0000][88721.972s][info][gc,cpu      ] GC(3572) User=0.15s Sys=0.00s Real=0.03s
[2025-01-07T21:04:11.607+0000][88721.973s][info][gc,marking  ] GC(3572) Concurrent Mark 966.811ms
[2025-01-07T21:04:11.607+0000][88721.973s][info][gc,marking  ] GC(3572) Concurrent Rebuild Remembered Sets
[2025-01-07T21:04:12.178+0000][88722.544s][info][gc,marking  ] GC(3572) Concurrent Rebuild Remembered Sets 571.596ms
[2025-01-07T21:04:12.178+0000][88722.544s][info][gc,start    ] GC(3572) Pause Cleanup
[2025-01-07T21:04:12.179+0000][88722.545s][info][gc          ] GC(3572) Pause Cleanup 4530M->4530M(12288M) 0.428ms
[2025-01-07T21:04:12.179+0000][88722.545s][info][gc,cpu      ] GC(3572) User=0.00s Sys=0.00s Real=0.00s
[2025-01-07T21:04:12.179+0000][88722.545s][info][gc,marking  ] GC(3572) Concurrent Cleanup for Next Mark
[2025-01-07T21:04:12.195+0000][88722.561s][info][gc,marking  ] GC(3572) Concurrent Cleanup for Next Mark 15.854ms
[2025-01-07T21:04:12.195+0000][88722.561s][info][gc          ] GC(3572) Concurrent Mark Cycle 1595.317ms
[2025-01-07T21:04:15.960+0000][88726.326s][info][gc,start    ] GC(3573) Pause Young (Prepare Mixed) (G1 Evacuation Pause)
[2025-01-07T21:04:15.960+0000][88726.326s][info][gc,task     ] GC(3573) Using 6 workers of 6 for evacuation
[2025-01-07T21:04:15.995+0000][88726.361s][info][gc,phases   ] GC(3573)   Pre Evacuate Collection Set: 0.2ms
[2025-01-07T21:04:15.995+0000][88726.361s][info][gc,phases   ] GC(3573)   Merge Heap Roots: 0.7ms
[2025-01-07T21:04:15.995+0000][88726.361s][info][gc,phases   ] GC(3573)   Evacuate Collection Set: 31.2ms
[2025-01-07T21:04:15.995+0000][88726.361s][info][gc,phases   ] GC(3573)   Post Evacuate Collection Set: 2.6ms
[2025-01-07T21:04:15.995+0000][88726.361s][info][gc,phases   ] GC(3573)   Other: 0.2ms
[2025-01-07T21:04:15.995+0000][88726.361s][info][gc,heap     ] GC(3573) Eden regions: 911->0(66)
[2025-01-07T21:04:15.995+0000][88726.361s][info][gc,heap     ] GC(3573) Survivor regions: 10->10(116)
[2025-01-07T21:04:15.995+0000][88726.361s][info][gc,heap     ] GC(3573) Old regions: 239->239
[2025-01-07T21:04:15.995+0000][88726.361s][info][gc,heap     ] GC(3573) Archive regions: 2->2
[2025-01-07T21:04:15.995+0000][88726.361s][info][gc,heap     ] GC(3573) Humongous regions: 49->49
[2025-01-07T21:04:15.995+0000][88726.361s][info][gc,metaspace] GC(3573) Metaspace: 498929K(507200K)->498929K(507200K) NonClass: 438343K(442560K)->438343K(442560K) Class: 60586K(64640K)->60586K(64640K)
[2025-01-07T21:04:15.995+0000][88726.361s][info][gc          ] GC(3573) Pause Young (Prepare Mixed) (G1 Evacuation Pause) 9670M->2384M(12288M) 35.030ms
[2025-01-07T21:04:15.995+0000][88726.361s][info][gc,cpu      ] GC(3573) User=0.21s Sys=0.00s Real=0.04s
[2025-01-07T21:04:16.373+0000][88726.739s][info][gc,start    ] GC(3574) Pause Young (Mixed) (G1 Evacuation Pause)
[2025-01-07T21:04:16.373+0000][88726.739s][info][gc,task     ] GC(3574) Using 6 workers of 6 for evacuation
[2025-01-07T21:04:16.434+0000][88726.801s][info][gc,phases   ] GC(3574)   Pre Evacuate Collection Set: 0.2ms
[2025-01-07T21:04:16.434+0000][88726.801s][info][gc,phases   ] GC(3574)   Merge Heap Roots: 0.7ms
[2025-01-07T21:04:16.435+0000][88726.801s][info][gc,phases   ] GC(3574)   Evacuate Collection Set: 58.6ms
[2025-01-07T21:04:16.435+0000][88726.801s][info][gc,phases   ] GC(3574)   Post Evacuate Collection Set: 1.7ms
[2025-01-07T21:04:16.435+0000][88726.801s][info][gc,phases   ] GC(3574)   Other: 0.2ms
[2025-01-07T21:04:16.435+0000][88726.801s][info][gc,heap     ] GC(3574) Eden regions: 66->0(915)
[2025-01-07T21:04:16.435+0000][88726.801s][info][gc,heap     ] GC(3574) Survivor regions: 10->6(10)
[2025-01-07T21:04:16.435+0000][88726.801s][info][gc,heap     ] GC(3574) Old regions: 239->238
[2025-01-07T21:04:16.435+0000][88726.801s][info][gc,heap     ] GC(3574) Archive regions: 2->2
[2025-01-07T21:04:16.435+0000][88726.801s][info][gc,heap     ] GC(3574) Humongous regions: 49->49
[2025-01-07T21:04:16.435+0000][88726.801s][info][gc,metaspace] GC(3574) Metaspace: 498929K(507200K)->498929K(507200K) NonClass: 438343K(442560K)->438343K(442560K) Class: 60586K(64640K)->60586K(64640K)
[2025-01-07T21:04:16.435+0000][88726.801s][info][gc          ] GC(3574) Pause Young (Mixed) (G1 Evacuation Pause) 2912M->2343M(12288M) 61.470ms
[2025-01-07T21:04:16.435+0000][88726.801s][info][gc,cpu      ] GC(3574) User=0.35s Sys=0.00s Real=0.06s
[2025-01-07T21:04:25.426+0000][88735.792s][info][gc,start    ] GC(3575) Pause Young (Normal) (G1 Evacuation Pause)
[2025-01-07T21:04:25.426+0000][88735.792s][info][gc,task     ] GC(3575) Using 6 workers of 6 for evacuation
[2025-01-07T21:04:25.452+0000][88735.818s][info][gc,phases   ] GC(3575)   Pre Evacuate Collection Set: 0.2ms
[2025-01-07T21:04:25.452+0000][88735.818s][info][gc,phases   ] GC(3575)   Merge Heap Roots: 0.5ms
[2025-01-07T21:04:25.452+0000][88735.818s][info][gc,phases   ] GC(3575)   Evacuate Collection Set: 23.1ms
[2025-01-07T21:04:25.452+0000][88735.818s][info][gc,phases   ] GC(3575)   Post Evacuate Collection Set: 2.6ms
[2025-01-07T21:04:25.452+0000][88735.818s][info][gc,phases   ] GC(3575)   Other: 0.2ms
[2025-01-07T21:04:25.452+0000][88735.818s][info][gc,heap     ] GC(3575) Eden regions: 915->0(914)
[2025-01-07T21:04:25.452+0000][88735.818s][info][gc,heap     ] GC(3575) Survivor regions: 6->7(116)
[2025-01-07T21:04:25.452+0000][88735.818s][info][gc,heap     ] GC(3575) Old regions: 238->238
[2025-01-07T21:04:25.452+0000][88735.818s][info][gc,heap     ] GC(3575) Archive regions: 2->2
[2025-01-07T21:04:25.452+0000][88735.818s][info][gc,heap     ] GC(3575) Humongous regions: 49->49
[2025-01-07T21:04:25.452+0000][88735.818s][info][gc,metaspace] GC(3575) Metaspace: 498929K(507200K)->498929K(507200K) NonClass: 438343K(442560K)->438343K(442560K) Class: 60586K(64640K)->60586K(64640K)
[2025-01-07T21:04:25.452+0000][88735.818s][info][gc          ] GC(3575) Pause Young (Normal) (G1 Evacuation Pause) 9663M->2351M(12288M) 26.673ms
[2025-01-07T21:04:25.452+0000][88735.818s][info][gc,cpu      ] GC(3575) User=0.15s Sys=0.00s Real=0.03s
[2025-01-07T21:04:33.483+0000][88743.849s][info][gc,start    ] GC(3576) Pause Young (Normal) (G1 Evacuation Pause)
[2025-01-07T21:04:33.483+0000][88743.849s][info][gc,task     ] GC(3576) Using 6 workers of 6 for evacuation
[2025-01-07T21:04:33.518+0000][88743.885s][info][gc,phases   ] GC(3576)   Pre Evacuate Collection Set: 0.2ms
[2025-01-07T21:04:33.518+0000][88743.885s][info][gc,phases   ] GC(3576)   Merge Heap Roots: 0.4ms
[2025-01-07T21:04:33.518+0000][88743.885s][info][gc,phases   ] GC(3576)   Evacuate Collection Set: 31.8ms
[2025-01-07T21:04:33.518+0000][88743.885s][info][gc,phases   ] GC(3576)   Post Evacuate Collection Set: 2.9ms
[2025-01-07T21:04:33.518+0000][88743.885s][info][gc,phases   ] GC(3576)   Other: 0.2ms
[2025-01-07T21:04:33.518+0000][88743.885s][info][gc,heap     ] GC(3576) Eden regions: 914->0(912)
[2025-01-07T21:04:33.518+0000][88743.885s][info][gc,heap     ] GC(3576) Survivor regions: 7->9(116)
[2025-01-07T21:04:33.519+0000][88743.885s][info][gc,heap     ] GC(3576) Old regions: 238->238
[2025-01-07T21:04:33.519+0000][88743.885s][info][gc,heap     ] GC(3576) Archive regions: 2->2
[2025-01-07T21:04:33.519+0000][88743.885s][info][gc,heap     ] GC(3576) Humongous regions: 49->49
[2025-01-07T21:04:33.519+0000][88743.885s][info][gc,metaspace] GC(3576) Metaspace: 498929K(507200K)->498929K(507200K) NonClass: 438343K(442560K)->438343K(442560K) Class: 60586K(64640K)->60586K(64640K)
[2025-01-07T21:04:33.519+0000][88743.885s][info][gc          ] GC(3576) Pause Young (Normal) (G1 Evacuation Pause) 9663M->2370M(12288M) 35.621ms
[2025-01-07T21:04:33.519+0000][88743.885s][info][gc,cpu      ] GC(3576) User=0.21s Sys=0.00s Real=0.03s
[2025-01-07T21:04:42.338+0000][88752.704s][info][gc,start    ] GC(3577) Pause Young (Concurrent Start) (GCLocker Initiated GC)
[2025-01-07T21:04:42.338+0000][88752.704s][info][gc,task     ] GC(3577) Using 6 workers of 6 for evacuation
[2025-01-07T21:04:42.371+0000][88752.737s][info][gc,phases   ] GC(3577)   Pre Evacuate Collection Set: 1.0ms
[2025-01-07T21:04:42.371+0000][88752.737s][info][gc,phases   ] GC(3577)   Merge Heap Roots: 0.5ms
[2025-01-07T21:04:42.371+0000][88752.737s][info][gc,phases   ] GC(3577)   Evacuate Collection Set: 28.8ms
[2025-01-07T21:04:42.371+0000][88752.737s][info][gc,phases   ] GC(3577)   Post Evacuate Collection Set: 2.7ms
[2025-01-07T21:04:42.371+0000][88752.737s][info][gc,phases   ] GC(3577)   Other: 0.3ms
[2025-01-07T21:04:42.371+0000][88752.737s][info][gc,heap     ] GC(3577) Eden regions: 912->0(912)
[2025-01-07T21:04:42.371+0000][88752.737s][info][gc,heap     ] GC(3577) Survivor regions: 9->9(116)
[2025-01-07T21:04:42.371+0000][88752.737s][info][gc,heap     ] GC(3577) Old regions: 238->238
[2025-01-07T21:04:42.371+0000][88752.737s][info][gc,heap     ] GC(3577) Archive regions: 2->2
[2025-01-07T21:04:42.371+0000][88752.737s][info][gc,heap     ] GC(3577) Humongous regions: 49->49
[2025-01-07T21:04:42.371+0000][88752.737s][info][gc,metaspace] GC(3577) Metaspace: 498929K(507200K)->498929K(507200K) NonClass: 438343K(442560K)->438343K(442560K) Class: 60586K(64640K)->60586K(64640K)
[2025-01-07T21:04:42.371+0000][88752.737s][info][gc          ] GC(3577) Pause Young (Concurrent Start) (GCLocker Initiated GC) 9666M->2369M(12288M) 33.412ms
[2025-01-07T21:04:42.371+0000][88752.737s][info][gc,cpu      ] GC(3577) User=0.19s Sys=0.00s Real=0.04s
[2025-01-07T21:04:42.371+0000][88752.737s][info][gc          ] GC(3578) Concurrent Mark Cycle
[2025-01-07T21:04:42.371+0000][88752.737s][info][gc,marking  ] GC(3578) Concurrent Clear Claimed Marks
[2025-01-07T21:04:42.372+0000][88752.738s][info][gc,marking  ] GC(3578) Concurrent Clear Claimed Marks 0.804ms
[2025-01-07T21:04:42.372+0000][88752.738s][info][gc,marking  ] GC(3578) Concurrent Scan Root Regions
[2025-01-07T21:04:42.396+0000][88752.762s][info][gc,marking  ] GC(3578) Concurrent Scan Root Regions 23.659ms
[2025-01-07T21:04:42.396+0000][88752.762s][info][gc,marking  ] GC(3578) Concurrent Mark
[2025-01-07T21:04:42.396+0000][88752.762s][info][gc,marking  ] GC(3578) Concurrent Mark From Roots
[2025-01-07T21:04:42.396+0000][88752.762s][info][gc,task     ] GC(3578) Using 2 workers of 2 for marking
[2025-01-07T21:04:43.251+0000][88753.617s][info][gc,marking  ] GC(3578) Concurrent Mark From Roots 855.298ms
[2025-01-07T21:04:43.251+0000][88753.617s][info][gc,marking  ] GC(3578) Concurrent Preclean
[2025-01-07T21:04:43.253+0000][88753.619s][info][gc,marking  ] GC(3578) Concurrent Preclean 2.012ms
[2025-01-07T21:04:43.253+0000][88753.619s][info][gc,start    ] GC(3578) Pause Remark
[2025-01-07T21:04:43.279+0000][88753.645s][info][gc          ] GC(3578) Pause Remark 3153M->3153M(12288M) 25.847ms
[2025-01-07T21:04:43.279+0000][88753.645s][info][gc,cpu      ] GC(3578) User=0.15s Sys=0.00s Real=0.02s
[2025-01-07T21:04:43.279+0000][88753.645s][info][gc,marking  ] GC(3578) Concurrent Mark 883.500ms
[2025-01-07T21:04:43.279+0000][88753.645s][info][gc,marking  ] GC(3578) Concurrent Rebuild Remembered Sets
[2025-01-07T21:04:43.744+0000][88754.110s][info][gc,marking  ] GC(3578) Concurrent Rebuild Remembered Sets 464.792ms
[2025-01-07T21:04:43.744+0000][88754.110s][info][gc,start    ] GC(3578) Pause Cleanup
[2025-01-07T21:04:43.744+0000][88754.111s][info][gc          ] GC(3578) Pause Cleanup 3197M->3197M(12288M) 0.417ms
[2025-01-07T21:04:43.745+0000][88754.111s][info][gc,cpu      ] GC(3578) User=0.00s Sys=0.00s Real=0.00s
[2025-01-07T21:04:43.745+0000][88754.111s][info][gc,marking  ] GC(3578) Concurrent Cleanup for Next Mark
[2025-01-07T21:04:43.760+0000][88754.126s][info][gc,marking  ] GC(3578) Concurrent Cleanup for Next Mark 15.305ms
[2025-01-07T21:04:43.760+0000][88754.126s][info][gc          ] GC(3578) Concurrent Mark Cycle 1388.868ms
[2025-01-07T21:04:53.106+0000][88763.472s][info][gc,start    ] GC(3579) Pause Young (Prepare Mixed) (G1 Evacuation Pause)
[2025-01-07T21:04:53.106+0000][88763.472s][info][gc,task     ] GC(3579) Using 6 workers of 6 for evacuation
[2025-01-07T21:04:53.144+0000][88763.510s][info][gc,phases   ] GC(3579)   Pre Evacuate Collection Set: 0.2ms
[2025-01-07T21:04:53.144+0000][88763.510s][info][gc,phases   ] GC(3579)   Merge Heap Roots: 0.7ms
[2025-01-07T21:04:53.144+0000][88763.510s][info][gc,phases   ] GC(3579)   Evacuate Collection Set: 32.9ms
[2025-01-07T21:04:53.144+0000][88763.510s][info][gc,phases   ] GC(3579)   Post Evacuate Collection Set: 4.1ms
[2025-01-07T21:04:53.144+0000][88763.511s][info][gc,phases   ] GC(3579)   Other: 0.2ms
[2025-01-07T21:04:53.144+0000][88763.511s][info][gc,heap     ] GC(3579) Eden regions: 912->0(65)
[2025-01-07T21:04:53.144+0000][88763.511s][info][gc,heap     ] GC(3579) Survivor regions: 9->11(116)
[2025-01-07T21:04:53.144+0000][88763.511s][info][gc,heap     ] GC(3579) Old regions: 238->238
[2025-01-07T21:04:53.144+0000][88763.511s][info][gc,heap     ] GC(3579) Archive regions: 2->2
[2025-01-07T21:04:53.144+0000][88763.511s][info][gc,heap     ] GC(3579) Humongous regions: 49->49
[2025-01-07T21:04:53.144+0000][88763.511s][info][gc,metaspace] GC(3579) Metaspace: 498929K(507200K)->498929K(507200K) NonClass: 438343K(442560K)->438343K(442560K) Class: 60586K(64640K)->60586K(64640K)
[2025-01-07T21:04:53.144+0000][88763.511s][info][gc          ] GC(3579) Pause Young (Prepare Mixed) (G1 Evacuation Pause) 9665M->2385M(12288M) 38.209ms
[2025-01-07T21:04:53.145+0000][88763.511s][info][gc,cpu      ] GC(3579) User=0.22s Sys=0.00s Real=0.04s
[2025-01-07T21:04:53.509+0000][88763.875s][info][gc,start    ] GC(3580) Pause Young (Mixed) (G1 Evacuation Pause)
[2025-01-07T21:04:53.509+0000][88763.875s][info][gc,task     ] GC(3580) Using 6 workers of 6 for evacuation
[2025-01-07T21:04:53.575+0000][88763.942s][info][gc,phases   ] GC(3580)   Pre Evacuate Collection Set: 0.2ms
[2025-01-07T21:04:53.576+0000][88763.942s][info][gc,phases   ] GC(3580)   Merge Heap Roots: 0.7ms
[2025-01-07T21:04:53.576+0000][88763.942s][info][gc,phases   ] GC(3580)   Evacuate Collection Set: 63.3ms
[2025-01-07T21:04:53.576+0000][88763.942s][info][gc,phases   ] GC(3580)   Post Evacuate Collection Set: 1.8ms
[2025-01-07T21:04:53.576+0000][88763.942s][info][gc,phases   ] GC(3580)   Other: 0.2ms
[2025-01-07T21:04:53.576+0000][88763.942s][info][gc,heap     ] GC(3580) Eden regions: 65->0(916)
[2025-01-07T21:04:53.576+0000][88763.942s][info][gc,heap     ] GC(3580) Survivor regions: 11->5(10)
[2025-01-07T21:04:53.576+0000][88763.942s][info][gc,heap     ] GC(3580) Old regions: 238->239
[2025-01-07T21:04:53.576+0000][88763.942s][info][gc,heap     ] GC(3580) Archive regions: 2->2
[2025-01-07T21:04:53.576+0000][88763.942s][info][gc,heap     ] GC(3580) Humongous regions: 49->49
[2025-01-07T21:04:53.576+0000][88763.942s][info][gc,metaspace] GC(3580) Metaspace: 498929K(507200K)->498929K(507200K) NonClass: 438343K(442560K)->438343K(442560K) Class: 60586K(64640K)->60586K(64640K)
[2025-01-07T21:04:53.576+0000][88763.942s][info][gc          ] GC(3580) Pause Young (Mixed) (G1 Evacuation Pause) 2905M->2344M(12288M) 66.322ms
[2025-01-07T21:04:53.576+0000][88763.942s][info][gc,cpu      ] GC(3580) User=0.37s Sys=0.00s Real=0.07s
[2025-01-07T21:05:00.737+0000][88771.103s][info][gc,start    ] GC(3581) Pause Young (Normal) (G1 Evacuation Pause)
[2025-01-07T21:05:00.737+0000][88771.103s][info][gc,task     ] GC(3581) Using 6 workers of 6 for evacuation
[2025-01-07T21:05:00.766+0000][88771.132s][info][gc,phases   ] GC(3581)   Pre Evacuate Collection Set: 0.2ms
[2025-01-07T21:05:00.766+0000][88771.132s][info][gc,phases   ] GC(3581)   Merge Heap Roots: 0.5ms
[2025-01-07T21:05:00.766+0000][88771.132s][info][gc,phases   ] GC(3581)   Evacuate Collection Set: 23.5ms
[2025-01-07T21:05:00.766+0000][88771.132s][info][gc,phases   ] GC(3581)   Post Evacuate Collection Set: 4.3ms
[2025-01-07T21:05:00.766+0000][88771.132s][info][gc,phases   ] GC(3581)   Other: 0.2ms
[2025-01-07T21:05:00.766+0000][88771.132s][info][gc,heap     ] GC(3581) Eden regions: 916->0(914)
[2025-01-07T21:05:00.766+0000][88771.132s][info][gc,heap     ] GC(3581) Survivor regions: 5->7(116)
[2025-01-07T21:05:00.766+0000][88771.132s][info][gc,heap     ] GC(3581) Old regions: 239->239
[2025-01-07T21:05:00.766+0000][88771.132s][info][gc,heap     ] GC(3581) Archive regions: 2->2
[2025-01-07T21:05:00.766+0000][88771.132s][info][gc,heap     ] GC(3581) Humongous regions: 49->49
[2025-01-07T21:05:00.766+0000][88771.132s][info][gc,metaspace] GC(3581) Metaspace: 498929K(507200K)->498929K(507200K) NonClass: 438343K(442560K)->438343K(442560K) Class: 60586K(64640K)->60586K(64640K)
[2025-01-07T21:05:00.766+0000][88771.132s][info][gc          ] GC(3581) Pause Young (Normal) (G1 Evacuation Pause) 9672M->2354M(12288M) 28.757ms
[2025-01-07T21:05:00.766+0000][88771.132s][info][gc,cpu      ] GC(3581) User=0.16s Sys=0.00s Real=0.03s
[2025-01-07T21:05:05.648+0000][88776.014s][info][gc,start    ] GC(3582) Pause Young (Normal) (G1 Evacuation Pause)
[2025-01-07T21:05:05.648+0000][88776.014s][info][gc,task     ] GC(3582) Using 6 workers of 6 for evacuation
[2025-01-07T21:05:05.673+0000][88776.039s][info][gc,phases   ] GC(3582)   Pre Evacuate Collection Set: 0.2ms
[2025-01-07T21:05:05.673+0000][88776.039s][info][gc,phases   ] GC(3582)   Merge Heap Roots: 0.4ms
[2025-01-07T21:05:05.673+0000][88776.039s][info][gc,phases   ] GC(3582)   Evacuate Collection Set: 21.0ms
[2025-01-07T21:05:05.673+0000][88776.039s][info][gc,phases   ] GC(3582)   Post Evacuate Collection Set: 3.8ms
[2025-01-07T21:05:05.673+0000][88776.039s][info][gc,phases   ] GC(3582)   Other: 0.2ms
[2025-01-07T21:05:05.673+0000][88776.039s][info][gc,heap     ] GC(3582) Eden regions: 914->0(914)
[2025-01-07T21:05:05.673+0000][88776.039s][info][gc,heap     ] GC(3582) Survivor regions: 7->7(116)
[2025-01-07T21:05:05.673+0000][88776.039s][info][gc,heap     ] GC(3582) Old regions: 239->239
[2025-01-07T21:05:05.673+0000][88776.039s][info][gc,heap     ] GC(3582) Archive regions: 2->2
[2025-01-07T21:05:05.673+0000][88776.039s][info][gc,heap     ] GC(3582) Humongous regions: 49->49
[2025-01-07T21:05:05.673+0000][88776.039s][info][gc,metaspace] GC(3582) Metaspace: 498929K(507200K)->498929K(507200K) NonClass: 438343K(442560K)->438343K(442560K) Class: 60586K(64640K)->60586K(64640K)
[2025-01-07T21:05:05.673+0000][88776.039s][info][gc          ] GC(3582) Pause Young (Normal) (G1 Evacuation Pause) 9666M->2358M(12288M) 25.729ms
[2025-01-07T21:05:05.673+0000][88776.039s][info][gc,cpu      ] GC(3582) User=0.14s Sys=0.00s Real=0.03s
[2025-01-07T21:05:12.950+0000][88783.316s][info][gc,start    ] GC(3583) Pause Young (Concurrent Start) (G1 Evacuation Pause)
[2025-01-07T21:05:12.950+0000][88783.316s][info][gc,task     ] GC(3583) Using 6 workers of 6 for evacuation
[2025-01-07T21:05:12.980+0000][88783.346s][info][gc,phases   ] GC(3583)   Pre Evacuate Collection Set: 1.0ms
[2025-01-07T21:05:12.980+0000][88783.346s][info][gc,phases   ] GC(3583)   Merge Heap Roots: 0.4ms
[2025-01-07T21:05:12.980+0000][88783.346s][info][gc,phases   ] GC(3583)   Evacuate Collection Set: 25.3ms
[2025-01-07T21:05:12.980+0000][88783.346s][info][gc,phases   ] GC(3583)   Post Evacuate Collection Set: 2.5ms
[2025-01-07T21:05:12.980+0000][88783.346s][info][gc,phases   ] GC(3583)   Other: 0.3ms
[2025-01-07T21:05:12.980+0000][88783.346s][info][gc,heap     ] GC(3583) Eden regions: 914->0(913)
[2025-01-07T21:05:12.980+0000][88783.346s][info][gc,heap     ] GC(3583) Survivor regions: 7->8(116)
[2025-01-07T21:05:12.980+0000][88783.346s][info][gc,heap     ] GC(3583) Old regions: 239->239
[2025-01-07T21:05:12.980+0000][88783.346s][info][gc,heap     ] GC(3583) Archive regions: 2->2
[2025-01-07T21:05:12.980+0000][88783.346s][info][gc,heap     ] GC(3583) Humongous regions: 49->49
[2025-01-07T21:05:12.980+0000][88783.346s][info][gc,metaspace] GC(3583) Metaspace: 498929K(507200K)->498929K(507200K) NonClass: 438343K(442560K)->438343K(442560K) Class: 60586K(64640K)->60586K(64640K)
[2025-01-07T21:05:12.980+0000][88783.346s][info][gc          ] GC(3583) Pause Young (Concurrent Start) (G1 Evacuation Pause) 9670M->2367M(12288M) 29.544ms
[2025-01-07T21:05:12.980+0000][88783.346s][info][gc,cpu      ] GC(3583) User=0.17s Sys=0.00s Real=0.02s
[2025-01-07T21:05:12.980+0000][88783.346s][info][gc          ] GC(3584) Concurrent Mark Cycle
[2025-01-07T21:05:12.980+0000][88783.346s][info][gc,marking  ] GC(3584) Concurrent Clear Claimed Marks
[2025-01-07T21:05:12.981+0000][88783.347s][info][gc,marking  ] GC(3584) Concurrent Clear Claimed Marks 0.801ms
[2025-01-07T21:05:12.981+0000][88783.347s][info][gc,marking  ] GC(3584) Concurrent Scan Root Regions
[2025-01-07T21:05:13.002+0000][88783.368s][info][gc,marking  ] GC(3584) Concurrent Scan Root Regions 20.961ms
[2025-01-07T21:05:13.002+0000][88783.368s][info][gc,marking  ] GC(3584) Concurrent Mark
[2025-01-07T21:05:13.002+0000][88783.368s][info][gc,marking  ] GC(3584) Concurrent Mark From Roots
[2025-01-07T21:05:13.002+0000][88783.368s][info][gc,task     ] GC(3584) Using 2 workers of 2 for marking
[2025-01-07T21:05:13.791+0000][88784.157s][info][gc,marking  ] GC(3584) Concurrent Mark From Roots 789.294ms
[2025-01-07T21:05:13.791+0000][88784.157s][info][gc,marking  ] GC(3584) Concurrent Preclean
[2025-01-07T21:05:13.793+0000][88784.159s][info][gc,marking  ] GC(3584) Concurrent Preclean 2.084ms
[2025-01-07T21:05:13.793+0000][88784.159s][info][gc,start    ] GC(3584) Pause Remark
[2025-01-07T21:05:13.819+0000][88784.185s][info][gc          ] GC(3584) Pause Remark 3491M->3491M(12288M) 25.572ms
[2025-01-07T21:05:13.819+0000][88784.185s][info][gc,cpu      ] GC(3584) User=0.15s Sys=0.00s Real=0.02s
[2025-01-07T21:05:13.819+0000][88784.185s][info][gc,marking  ] GC(3584) Concurrent Mark 817.284ms
[2025-01-07T21:05:13.819+0000][88784.185s][info][gc,marking  ] GC(3584) Concurrent Rebuild Remembered Sets
[2025-01-07T21:05:14.375+0000][88784.741s][info][gc,marking  ] GC(3584) Concurrent Rebuild Remembered Sets 556.150ms
[2025-01-07T21:05:14.375+0000][88784.741s][info][gc,start    ] GC(3584) Pause Cleanup
[2025-01-07T21:05:14.376+0000][88784.742s][info][gc          ] GC(3584) Pause Cleanup 4319M->4319M(12288M) 0.435ms
[2025-01-07T21:05:14.376+0000][88784.742s][info][gc,cpu      ] GC(3584) User=0.00s Sys=0.00s Real=0.00s
[2025-01-07T21:05:14.376+0000][88784.742s][info][gc,marking  ] GC(3584) Concurrent Cleanup for Next Mark
[2025-01-07T21:05:14.393+0000][88784.759s][info][gc,marking  ] GC(3584) Concurrent Cleanup for Next Mark 16.754ms
[2025-01-07T21:05:14.393+0000][88784.759s][info][gc          ] GC(3584) Concurrent Mark Cycle 1412.827ms
[2025-01-07T21:05:18.151+0000][88788.517s][info][gc,start    ] GC(3585) Pause Young (Prepare Mixed) (G1 Evacuation Pause)
[2025-01-07T21:05:18.151+0000][88788.517s][info][gc,task     ] GC(3585) Using 6 workers of 6 for evacuation
[2025-01-07T21:05:18.180+0000][88788.547s][info][gc,phases   ] GC(3585)   Pre Evacuate Collection Set: 0.2ms
[2025-01-07T21:05:18.181+0000][88788.547s][info][gc,phases   ] GC(3585)   Merge Heap Roots: 0.6ms
[2025-01-07T21:05:18.181+0000][88788.547s][info][gc,phases   ] GC(3585)   Evacuate Collection Set: 26.4ms
[2025-01-07T21:05:18.181+0000][88788.547s][info][gc,phases   ] GC(3585)   Post Evacuate Collection Set: 2.5ms
[2025-01-07T21:05:18.181+0000][88788.547s][info][gc,phases   ] GC(3585)   Other: 0.2ms
[2025-01-07T21:05:18.181+0000][88788.547s][info][gc,heap     ] GC(3585) Eden regions: 913->0(68)
[2025-01-07T21:05:18.181+0000][88788.547s][info][gc,heap     ] GC(3585) Survivor regions: 8->8(116)
[2025-01-07T21:05:18.181+0000][88788.547s][info][gc,heap     ] GC(3585) Old regions: 239->239
[2025-01-07T21:05:18.181+0000][88788.547s][info][gc,heap     ] GC(3585) Archive regions: 2->2
[2025-01-07T21:05:18.181+0000][88788.547s][info][gc,heap     ] GC(3585) Humongous regions: 49->49
[2025-01-07T21:05:18.181+0000][88788.547s][info][gc,metaspace] GC(3585) Metaspace: 498929K(507200K)->498929K(507200K) NonClass: 438343K(442560K)->438343K(442560K) Class: 60586K(64640K)->60586K(64640K)
[2025-01-07T21:05:18.181+0000][88788.547s][info][gc          ] GC(3585) Pause Young (Prepare Mixed) (G1 Evacuation Pause) 9671M->2369M(12288M) 30.019ms
[2025-01-07T21:05:18.181+0000][88788.547s][info][gc,cpu      ] GC(3585) User=0.17s Sys=0.00s Real=0.02s
[2025-01-07T21:05:18.490+0000][88788.856s][info][gc,start    ] GC(3586) Pause Young (Mixed) (G1 Evacuation Pause)
[2025-01-07T21:05:18.490+0000][88788.857s][info][gc,task     ] GC(3586) Using 6 workers of 6 for evacuation
[2025-01-07T21:05:18.539+0000][88788.905s][info][gc,phases   ] GC(3586)   Pre Evacuate Collection Set: 0.2ms
[2025-01-07T21:05:18.539+0000][88788.905s][info][gc,phases   ] GC(3586)   Merge Heap Roots: 0.5ms
[2025-01-07T21:05:18.539+0000][88788.905s][info][gc,phases   ] GC(3586)   Evacuate Collection Set: 46.4ms
[2025-01-07T21:05:18.539+0000][88788.905s][info][gc,phases   ] GC(3586)   Post Evacuate Collection Set: 1.7ms
[2025-01-07T21:05:18.539+0000][88788.905s][info][gc,phases   ] GC(3586)   Other: 0.2ms
[2025-01-07T21:05:18.539+0000][88788.905s][info][gc,heap     ] GC(3586) Eden regions: 68->0(916)
[2025-01-07T21:05:18.539+0000][88788.905s][info][gc,heap     ] GC(3586) Survivor regions: 8->5(10)
[2025-01-07T21:05:18.539+0000][88788.905s][info][gc,heap     ] GC(3586) Old regions: 239->238
[2025-01-07T21:05:18.539+0000][88788.905s][info][gc,heap     ] GC(3586) Archive regions: 2->2
[2025-01-07T21:05:18.539+0000][88788.905s][info][gc,heap     ] GC(3586) Humongous regions: 49->49
[2025-01-07T21:05:18.539+0000][88788.905s][info][gc,metaspace] GC(3586) Metaspace: 498929K(507200K)->498929K(507200K) NonClass: 438343K(442560K)->438343K(442560K) Class: 60586K(64640K)->60586K(64640K)
[2025-01-07T21:05:18.539+0000][88788.905s][info][gc          ] GC(3586) Pause Young (Mixed) (G1 Evacuation Pause) 2913M->2340M(12288M) 49.009ms
[2025-01-07T21:05:18.539+0000][88788.906s][info][gc,cpu      ] GC(3586) User=0.29s Sys=0.00s Real=0.04s
[2025-01-07T21:05:28.315+0000][88798.681s][info][gc,start    ] GC(3587) Pause Young (Normal) (G1 Evacuation Pause)
[2025-01-07T21:05:28.315+0000][88798.681s][info][gc,task     ] GC(3587) Using 6 workers of 6 for evacuation
[2025-01-07T21:05:28.339+0000][88798.706s][info][gc,phases   ] GC(3587)   Pre Evacuate Collection Set: 0.2ms
[2025-01-07T21:05:28.339+0000][88798.706s][info][gc,phases   ] GC(3587)   Merge Heap Roots: 0.4ms
[2025-01-07T21:05:28.339+0000][88798.706s][info][gc,phases   ] GC(3587)   Evacuate Collection Set: 21.3ms
[2025-01-07T21:05:28.340+0000][88798.706s][info][gc,phases   ] GC(3587)   Post Evacuate Collection Set: 2.6ms
[2025-01-07T21:05:28.340+0000][88798.706s][info][gc,phases   ] GC(3587)   Other: 0.2ms
[2025-01-07T21:05:28.340+0000][88798.706s][info][gc,heap     ] GC(3587) Eden regions: 916->0(914)
[2025-01-07T21:05:28.340+0000][88798.706s][info][gc,heap     ] GC(3587) Survivor regions: 5->7(116)
[2025-01-07T21:05:28.340+0000][88798.706s][info][gc,heap     ] GC(3587) Old regions: 238->238
[2025-01-07T21:05:28.340+0000][88798.706s][info][gc,heap     ] GC(3587) Archive regions: 2->2
[2025-01-07T21:05:28.340+0000][88798.706s][info][gc,heap     ] GC(3587) Humongous regions: 49->49
[2025-01-07T21:05:28.340+0000][88798.706s][info][gc,metaspace] GC(3587) Metaspace: 498929K(507200K)->498929K(507200K) NonClass: 438343K(442560K)->438343K(442560K) Class: 60586K(64640K)->60586K(64640K)
[2025-01-07T21:05:28.340+0000][88798.706s][info][gc          ] GC(3587) Pause Young (Normal) (G1 Evacuation Pause) 9668M->2349M(12288M) 24.806ms
[2025-01-07T21:05:28.340+0000][88798.706s][info][gc,cpu      ] GC(3587) User=0.14s Sys=0.01s Real=0.02s
[2025-01-07T21:05:39.231+0000][88809.598s][info][gc,start    ] GC(3588) Pause Young (Normal) (G1 Evacuation Pause)
[2025-01-07T21:05:39.231+0000][88809.598s][info][gc,task     ] GC(3588) Using 6 workers of 6 for evacuation
[2025-01-07T21:05:39.260+0000][88809.627s][info][gc,phases   ] GC(3588)   Pre Evacuate Collection Set: 0.2ms
[2025-01-07T21:05:39.261+0000][88809.627s][info][gc,phases   ] GC(3588)   Merge Heap Roots: 0.4ms
[2025-01-07T21:05:39.261+0000][88809.627s][info][gc,phases   ] GC(3588)   Evacuate Collection Set: 25.7ms
[2025-01-07T21:05:39.261+0000][88809.627s][info][gc,phases   ] GC(3588)   Post Evacuate Collection Set: 2.6ms
[2025-01-07T21:05:39.261+0000][88809.627s][info][gc,phases   ] GC(3588)   Other: 0.2ms
[2025-01-07T21:05:39.261+0000][88809.627s][info][gc,heap     ] GC(3588) Eden regions: 914->0(913)
[2025-01-07T21:05:39.261+0000][88809.627s][info][gc,heap     ] GC(3588) Survivor regions: 7->8(116)
[2025-01-07T21:05:39.261+0000][88809.627s][info][gc,heap     ] GC(3588) Old regions: 238->238
[2025-01-07T21:05:39.261+0000][88809.627s][info][gc,heap     ] GC(3588) Archive regions: 2->2
[2025-01-07T21:05:39.261+0000][88809.627s][info][gc,heap     ] GC(3588) Humongous regions: 49->49
[2025-01-07T21:05:39.261+0000][88809.627s][info][gc,metaspace] GC(3588) Metaspace: 498929K(507200K)->498929K(507200K) NonClass: 438343K(442560K)->438343K(442560K) Class: 60586K(64640K)->60586K(64640K)
[2025-01-07T21:05:39.261+0000][88809.627s][info][gc          ] GC(3588) Pause Young (Normal) (G1 Evacuation Pause) 9661M->2364M(12288M) 29.194ms
[2025-01-07T21:05:39.261+0000][88809.627s][info][gc,cpu      ] GC(3588) User=0.17s Sys=0.00s Real=0.02s
[2025-01-07T21:05:47.463+0000][88817.829s][info][gc,start    ] GC(3589) Pause Young (Concurrent Start) (G1 Evacuation Pause)
[2025-01-07T21:05:47.463+0000][88817.829s][info][gc,task     ] GC(3589) Using 6 workers of 6 for evacuation
[2025-01-07T21:05:47.496+0000][88817.862s][info][gc,phases   ] GC(3589)   Pre Evacuate Collection Set: 1.0ms
[2025-01-07T21:05:47.496+0000][88817.862s][info][gc,phases   ] GC(3589)   Merge Heap Roots: 0.5ms
[2025-01-07T21:05:47.496+0000][88817.862s][info][gc,phases   ] GC(3589)   Evacuate Collection Set: 28.0ms
[2025-01-07T21:05:47.496+0000][88817.862s][info][gc,phases   ] GC(3589)   Post Evacuate Collection Set: 3.9ms
[2025-01-07T21:05:47.496+0000][88817.862s][info][gc,phases   ] GC(3589)   Other: 0.3ms
[2025-01-07T21:05:47.496+0000][88817.862s][info][gc,heap     ] GC(3589) Eden regions: 913->0(911)
[2025-01-07T21:05:47.496+0000][88817.862s][info][gc,heap     ] GC(3589) Survivor regions: 8->10(116)
[2025-01-07T21:05:47.496+0000][88817.862s][info][gc,heap     ] GC(3589) Old regions: 238->238
[2025-01-07T21:05:47.496+0000][88817.862s][info][gc,heap     ] GC(3589) Archive regions: 2->2
[2025-01-07T21:05:47.496+0000][88817.862s][info][gc,heap     ] GC(3589) Humongous regions: 49->49
[2025-01-07T21:05:47.496+0000][88817.862s][info][gc,metaspace] GC(3589) Metaspace: 498929K(507200K)->498929K(507200K) NonClass: 438343K(442560K)->438343K(442560K) Class: 60586K(64640K)->60586K(64640K)
[2025-01-07T21:05:47.496+0000][88817.862s][info][gc          ] GC(3589) Pause Young (Concurrent Start) (G1 Evacuation Pause) 9668M->2379M(12288M) 33.764ms
[2025-01-07T21:05:47.496+0000][88817.862s][info][gc,cpu      ] GC(3589) User=0.20s Sys=0.00s Real=0.03s
[2025-01-07T21:05:47.496+0000][88817.862s][info][gc          ] GC(3590) Concurrent Mark Cycle
[2025-01-07T21:05:47.496+0000][88817.862s][info][gc,marking  ] GC(3590) Concurrent Clear Claimed Marks
[2025-01-07T21:05:47.497+0000][88817.863s][info][gc,marking  ] GC(3590) Concurrent Clear Claimed Marks 0.808ms
[2025-01-07T21:05:47.497+0000][88817.863s][info][gc,marking  ] GC(3590) Concurrent Scan Root Regions
[2025-01-07T21:05:47.520+0000][88817.886s][info][gc,marking  ] GC(3590) Concurrent Scan Root Regions 22.870ms
[2025-01-07T21:05:47.520+0000][88817.886s][info][gc,marking  ] GC(3590) Concurrent Mark
[2025-01-07T21:05:47.520+0000][88817.886s][info][gc,marking  ] GC(3590) Concurrent Mark From Roots
[2025-01-07T21:05:47.520+0000][88817.886s][info][gc,task     ] GC(3590) Using 2 workers of 2 for marking
[2025-01-07T21:05:48.279+0000][88818.645s][info][gc,marking  ] GC(3590) Concurrent Mark From Roots 758.981ms
[2025-01-07T21:05:48.279+0000][88818.645s][info][gc,marking  ] GC(3590) Concurrent Preclean
[2025-01-07T21:05:48.281+0000][88818.647s][info][gc,marking  ] GC(3590) Concurrent Preclean 2.209ms
[2025-01-07T21:05:48.282+0000][88818.648s][info][gc,start    ] GC(3590) Pause Remark
[2025-01-07T21:05:48.307+0000][88818.673s][info][gc          ] GC(3590) Pause Remark 3067M->3067M(12288M) 25.687ms
[2025-01-07T21:05:48.307+0000][88818.673s][info][gc,cpu      ] GC(3590) User=0.15s Sys=0.00s Real=0.02s
[2025-01-07T21:05:48.307+0000][88818.674s][info][gc,marking  ] GC(3590) Concurrent Mark 787.317ms
[2025-01-07T21:05:48.307+0000][88818.674s][info][gc,marking  ] GC(3590) Concurrent Rebuild Remembered Sets
[2025-01-07T21:05:48.805+0000][88819.171s][info][gc,marking  ] GC(3590) Concurrent Rebuild Remembered Sets 497.521ms
[2025-01-07T21:05:48.805+0000][88819.171s][info][gc,start    ] GC(3590) Pause Cleanup
[2025-01-07T21:05:48.806+0000][88819.172s][info][gc          ] GC(3590) Pause Cleanup 3567M->3567M(12288M) 0.492ms
[2025-01-07T21:05:48.806+0000][88819.172s][info][gc,cpu      ] GC(3590) User=0.00s Sys=0.00s Real=0.00s
[2025-01-07T21:05:48.806+0000][88819.172s][info][gc,marking  ] GC(3590) Concurrent Cleanup for Next Mark
[2025-01-07T21:05:48.821+0000][88819.187s][info][gc,marking  ] GC(3590) Concurrent Cleanup for Next Mark 15.346ms
[2025-01-07T21:05:48.821+0000][88819.187s][info][gc          ] GC(3590) Concurrent Mark Cycle 1324.796ms
[2025-01-07T21:05:56.335+0000][88826.701s][info][gc,start    ] GC(3591) Pause Young (Prepare Mixed) (G1 Evacuation Pause)
[2025-01-07T21:05:56.335+0000][88826.701s][info][gc,task     ] GC(3591) Using 6 workers of 6 for evacuation
[2025-01-07T21:05:56.371+0000][88826.737s][info][gc,phases   ] GC(3591)   Pre Evacuate Collection Set: 0.2ms
[2025-01-07T21:05:56.371+0000][88826.737s][info][gc,phases   ] GC(3591)   Merge Heap Roots: 0.7ms
[2025-01-07T21:05:56.371+0000][88826.737s][info][gc,phases   ] GC(3591)   Evacuate Collection Set: 30.5ms
[2025-01-07T21:05:56.371+0000][88826.737s][info][gc,phases   ] GC(3591)   Post Evacuate Collection Set: 4.0ms
[2025-01-07T21:05:56.371+0000][88826.737s][info][gc,phases   ] GC(3591)   Other: 0.2ms
[2025-01-07T21:05:56.371+0000][88826.737s][info][gc,heap     ] GC(3591) Eden regions: 911->0(65)
[2025-01-07T21:05:56.371+0000][88826.737s][info][gc,heap     ] GC(3591) Survivor regions: 10->11(116)
[2025-01-07T21:05:56.371+0000][88826.737s][info][gc,heap     ] GC(3591) Old regions: 238->238
[2025-01-07T21:05:56.371+0000][88826.737s][info][gc,heap     ] GC(3591) Archive regions: 2->2
[2025-01-07T21:05:56.371+0000][88826.737s][info][gc,heap     ] GC(3591) Humongous regions: 49->49
[2025-01-07T21:05:56.371+0000][88826.737s][info][gc,metaspace] GC(3591) Metaspace: 498929K(507200K)->498929K(507200K) NonClass: 438343K(442560K)->438343K(442560K) Class: 60586K(64640K)->60586K(64640K)
[2025-01-07T21:05:56.371+0000][88826.737s][info][gc          ] GC(3591) Pause Young (Prepare Mixed) (G1 Evacuation Pause) 9667M->2387M(12288M) 35.679ms
[2025-01-07T21:05:56.371+0000][88826.737s][info][gc,cpu      ] GC(3591) User=0.21s Sys=0.00s Real=0.04s
[2025-01-07T21:05:56.752+0000][88827.118s][info][gc,start    ] GC(3592) Pause Young (Mixed) (G1 Evacuation Pause)
[2025-01-07T21:05:56.752+0000][88827.118s][info][gc,task     ] GC(3592) Using 6 workers of 6 for evacuation
[2025-01-07T21:05:56.803+0000][88827.170s][info][gc,phases   ] GC(3592)   Pre Evacuate Collection Set: 0.2ms
[2025-01-07T21:05:56.803+0000][88827.170s][info][gc,phases   ] GC(3592)   Merge Heap Roots: 0.5ms
[2025-01-07T21:05:56.803+0000][88827.170s][info][gc,phases   ] GC(3592)   Evacuate Collection Set: 48.5ms
[2025-01-07T21:05:56.803+0000][88827.170s][info][gc,phases   ] GC(3592)   Post Evacuate Collection Set: 1.8ms
[2025-01-07T21:05:56.803+0000][88827.170s][info][gc,phases   ] GC(3592)   Other: 0.2ms
[2025-01-07T21:05:56.803+0000][88827.170s][info][gc,heap     ] GC(3592) Eden regions: 65->0(915)
[2025-01-07T21:05:56.803+0000][88827.170s][info][gc,heap     ] GC(3592) Survivor regions: 11->6(10)
[2025-01-07T21:05:56.803+0000][88827.170s][info][gc,heap     ] GC(3592) Old regions: 238->237
[2025-01-07T21:05:56.803+0000][88827.170s][info][gc,heap     ] GC(3592) Archive regions: 2->2
[2025-01-07T21:05:56.803+0000][88827.170s][info][gc,heap     ] GC(3592) Humongous regions: 49->49
[2025-01-07T21:05:56.803+0000][88827.170s][info][gc,metaspace] GC(3592) Metaspace: 498929K(507200K)->498929K(507200K) NonClass: 438343K(442560K)->438343K(442560K) Class: 60586K(64640K)->60586K(64640K)
[2025-01-07T21:05:56.804+0000][88827.170s][info][gc          ] GC(3592) Pause Young (Mixed) (G1 Evacuation Pause) 2907M->2336M(12288M) 51.196ms
[2025-01-07T21:05:56.804+0000][88827.170s][info][gc,cpu      ] GC(3592) User=0.30s Sys=0.00s Real=0.05s
[2025-01-07T21:06:04.572+0000][88834.938s][info][gc,start    ] GC(3593) Pause Young (Normal) (G1 Evacuation Pause)
[2025-01-07T21:06:04.572+0000][88834.938s][info][gc,task     ] GC(3593) Using 6 workers of 6 for evacuation
[2025-01-07T21:06:04.596+0000][88834.963s][info][gc,phases   ] GC(3593)   Pre Evacuate Collection Set: 0.2ms
[2025-01-07T21:06:04.596+0000][88834.963s][info][gc,phases   ] GC(3593)   Merge Heap Roots: 0.4ms
[2025-01-07T21:06:04.596+0000][88834.963s][info][gc,phases   ] GC(3593)   Evacuate Collection Set: 19.9ms
[2025-01-07T21:06:04.596+0000][88834.963s][info][gc,phases   ] GC(3593)   Post Evacuate Collection Set: 3.8ms
[2025-01-07T21:06:04.596+0000][88834.963s][info][gc,phases   ] GC(3593)   Other: 0.2ms
[2025-01-07T21:06:04.596+0000][88834.963s][info][gc,heap     ] GC(3593) Eden regions: 915->0(915)
[2025-01-07T21:06:04.596+0000][88834.963s][info][gc,heap     ] GC(3593) Survivor regions: 6->6(116)
[2025-01-07T21:06:04.596+0000][88834.963s][info][gc,heap     ] GC(3593) Old regions: 237->237
[2025-01-07T21:06:04.596+0000][88834.963s][info][gc,heap     ] GC(3593) Archive regions: 2->2
[2025-01-07T21:06:04.596+0000][88834.963s][info][gc,heap     ] GC(3593) Humongous regions: 49->49
[2025-01-07T21:06:04.597+0000][88834.963s][info][gc,metaspace] GC(3593) Metaspace: 498929K(507200K)->498929K(507200K) NonClass: 438343K(442560K)->438343K(442560K) Class: 60586K(64640K)->60586K(64640K)
[2025-01-07T21:06:04.597+0000][88834.963s][info][gc          ] GC(3593) Pause Young (Normal) (G1 Evacuation Pause) 9656M->2338M(12288M) 24.611ms
[2025-01-07T21:06:04.597+0000][88834.963s][info][gc,cpu      ] GC(3593) User=0.14s Sys=0.00s Real=0.02s
[2025-01-07T21:06:10.594+0000][88840.960s][info][gc,start    ] GC(3594) Pause Young (Normal) (G1 Evacuation Pause)
[2025-01-07T21:06:10.594+0000][88840.960s][info][gc,task     ] GC(3594) Using 6 workers of 6 for evacuation
[2025-01-07T21:06:10.618+0000][88840.984s][info][gc,phases   ] GC(3594)   Pre Evacuate Collection Set: 0.2ms
[2025-01-07T21:06:10.618+0000][88840.985s][info][gc,phases   ] GC(3594)   Merge Heap Roots: 0.4ms
[2025-01-07T21:06:10.618+0000][88840.985s][info][gc,phases   ] GC(3594)   Evacuate Collection Set: 21.0ms
[2025-01-07T21:06:10.618+0000][88840.985s][info][gc,phases   ] GC(3594)   Post Evacuate Collection Set: 2.4ms
[2025-01-07T21:06:10.618+0000][88840.985s][info][gc,phases   ] GC(3594)   Other: 0.2ms
[2025-01-07T21:06:10.618+0000][88840.985s][info][gc,heap     ] GC(3594) Eden regions: 915->0(915)
[2025-01-07T21:06:10.618+0000][88840.985s][info][gc,heap     ] GC(3594) Survivor regions: 6->6(116)
[2025-01-07T21:06:10.618+0000][88840.985s][info][gc,heap     ] GC(3594) Old regions: 237->237
[2025-01-07T21:06:10.618+0000][88840.985s][info][gc,heap     ] GC(3594) Archive regions: 2->2
[2025-01-07T21:06:10.618+0000][88840.985s][info][gc,heap     ] GC(3594) Humongous regions: 49->49
[2025-01-07T21:06:10.618+0000][88840.985s][info][gc,metaspace] GC(3594) Metaspace: 498929K(507200K)->498929K(507200K) NonClass: 438343K(442560K)->438343K(442560K) Class: 60586K(64640K)->60586K(64640K)
[2025-01-07T21:06:10.618+0000][88840.985s][info][gc          ] GC(3594) Pause Young (Normal) (G1 Evacuation Pause) 9658M->2338M(12288M) 24.323ms
[2025-01-07T21:06:10.619+0000][88840.985s][info][gc,cpu      ] GC(3594) User=0.15s Sys=0.00s Real=0.02s
[2025-01-07T21:06:20.921+0000][88851.287s][info][gc,start    ] GC(3595) Pause Young (Concurrent Start) (G1 Evacuation Pause)
[2025-01-07T21:06:20.921+0000][88851.287s][info][gc,task     ] GC(3595) Using 6 workers of 6 for evacuation
[2025-01-07T21:06:20.952+0000][88851.318s][info][gc,phases   ] GC(3595)   Pre Evacuate Collection Set: 1.0ms
[2025-01-07T21:06:20.952+0000][88851.318s][info][gc,phases   ] GC(3595)   Merge Heap Roots: 0.5ms
[2025-01-07T21:06:20.952+0000][88851.318s][info][gc,phases   ] GC(3595)   Evacuate Collection Set: 27.3ms
[2025-01-07T21:06:20.952+0000][88851.318s][info][gc,phases   ] GC(3595)   Post Evacuate Collection Set: 2.7ms
[2025-01-07T21:06:20.952+0000][88851.318s][info][gc,phases   ] GC(3595)   Other: 0.3ms
[2025-01-07T21:06:20.952+0000][88851.318s][info][gc,heap     ] GC(3595) Eden regions: 915->0(913)
[2025-01-07T21:06:20.952+0000][88851.318s][info][gc,heap     ] GC(3595) Survivor regions: 6->8(116)
[2025-01-07T21:06:20.952+0000][88851.318s][info][gc,heap     ] GC(3595) Old regions: 237->237
[2025-01-07T21:06:20.952+0000][88851.318s][info][gc,heap     ] GC(3595) Archive regions: 2->2
[2025-01-07T21:06:20.952+0000][88851.319s][info][gc,heap     ] GC(3595) Humongous regions: 49->49
[2025-01-07T21:06:20.952+0000][88851.319s][info][gc,metaspace] GC(3595) Metaspace: 498929K(507200K)->498929K(507200K) NonClass: 438343K(442560K)->438343K(442560K) Class: 60586K(64640K)->60586K(64640K)
[2025-01-07T21:06:20.952+0000][88851.319s][info][gc          ] GC(3595) Pause Young (Concurrent Start) (G1 Evacuation Pause) 9658M->2354M(12288M) 31.826ms
[2025-01-07T21:06:20.952+0000][88851.319s][info][gc,cpu      ] GC(3595) User=0.19s Sys=0.00s Real=0.04s
[2025-01-07T21:06:20.953+0000][88851.319s][info][gc          ] GC(3596) Concurrent Mark Cycle
[2025-01-07T21:06:20.953+0000][88851.319s][info][gc,marking  ] GC(3596) Concurrent Clear Claimed Marks
[2025-01-07T21:06:20.953+0000][88851.319s][info][gc,marking  ] GC(3596) Concurrent Clear Claimed Marks 0.816ms
[2025-01-07T21:06:20.953+0000][88851.319s][info][gc,marking  ] GC(3596) Concurrent Scan Root Regions
[2025-01-07T21:06:20.972+0000][88851.338s][info][gc,marking  ] GC(3596) Concurrent Scan Root Regions 18.789ms
[2025-01-07T21:06:20.972+0000][88851.338s][info][gc,marking  ] GC(3596) Concurrent Mark
[2025-01-07T21:06:20.972+0000][88851.338s][info][gc,marking  ] GC(3596) Concurrent Mark From Roots
[2025-01-07T21:06:20.972+0000][88851.338s][info][gc,task     ] GC(3596) Using 2 workers of 2 for marking
[2025-01-07T21:06:21.897+0000][88852.263s][info][gc,marking  ] GC(3596) Concurrent Mark From Roots 924.586ms
[2025-01-07T21:06:21.897+0000][88852.263s][info][gc,marking  ] GC(3596) Concurrent Preclean
[2025-01-07T21:06:21.900+0000][88852.266s][info][gc,marking  ] GC(3596) Concurrent Preclean 2.901ms
[2025-01-07T21:06:21.900+0000][88852.266s][info][gc,start    ] GC(3596) Pause Remark
[2025-01-07T21:06:21.926+0000][88852.292s][info][gc          ] GC(3596) Pause Remark 3850M->3850M(12288M) 25.642ms
[2025-01-07T21:06:21.926+0000][88852.292s][info][gc,cpu      ] GC(3596) User=0.14s Sys=0.00s Real=0.03s
[2025-01-07T21:06:21.926+0000][88852.292s][info][gc,marking  ] GC(3596) Concurrent Mark 953.502ms
[2025-01-07T21:06:21.926+0000][88852.292s][info][gc,marking  ] GC(3596) Concurrent Rebuild Remembered Sets
[2025-01-07T21:06:22.388+0000][88852.754s][info][gc,marking  ] GC(3596) Concurrent Rebuild Remembered Sets 461.767ms
[2025-01-07T21:06:22.388+0000][88852.754s][info][gc,start    ] GC(3596) Pause Cleanup
[2025-01-07T21:06:22.388+0000][88852.754s][info][gc          ] GC(3596) Pause Cleanup 4514M->4514M(12288M) 0.437ms
[2025-01-07T21:06:22.388+0000][88852.754s][info][gc,cpu      ] GC(3596) User=0.00s Sys=0.00s Real=0.00s
[2025-01-07T21:06:22.388+0000][88852.754s][info][gc,marking  ] GC(3596) Concurrent Cleanup for Next Mark
[2025-01-07T21:06:22.404+0000][88852.770s][info][gc,marking  ] GC(3596) Concurrent Cleanup for Next Mark 15.358ms
[2025-01-07T21:06:22.404+0000][88852.770s][info][gc          ] GC(3596) Concurrent Mark Cycle 1451.064ms
[2025-01-07T21:06:29.905+0000][88860.271s][info][gc,start    ] GC(3597) Pause Young (Prepare Mixed) (G1 Evacuation Pause)
[2025-01-07T21:06:29.905+0000][88860.271s][info][gc,task     ] GC(3597) Using 6 workers of 6 for evacuation
[2025-01-07T21:06:29.940+0000][88860.306s][info][gc,phases   ] GC(3597)   Pre Evacuate Collection Set: 0.2ms
[2025-01-07T21:06:29.940+0000][88860.306s][info][gc,phases   ] GC(3597)   Merge Heap Roots: 0.7ms
[2025-01-07T21:06:29.940+0000][88860.306s][info][gc,phases   ] GC(3597)   Evacuate Collection Set: 31.2ms
[2025-01-07T21:06:29.940+0000][88860.306s][info][gc,phases   ] GC(3597)   Post Evacuate Collection Set: 2.6ms
[2025-01-07T21:06:29.940+0000][88860.306s][info][gc,phases   ] GC(3597)   Other: 0.2ms
[2025-01-07T21:06:29.940+0000][88860.306s][info][gc,heap     ] GC(3597) Eden regions: 913->0(67)
[2025-01-07T21:06:29.940+0000][88860.306s][info][gc,heap     ] GC(3597) Survivor regions: 8->9(116)
[2025-01-07T21:06:29.940+0000][88860.306s][info][gc,heap     ] GC(3597) Old regions: 237->237
[2025-01-07T21:06:29.940+0000][88860.306s][info][gc,heap     ] GC(3597) Archive regions: 2->2
[2025-01-07T21:06:29.940+0000][88860.306s][info][gc,heap     ] GC(3597) Humongous regions: 49->49
[2025-01-07T21:06:29.940+0000][88860.306s][info][gc,metaspace] GC(3597) Metaspace: 498929K(507200K)->498929K(507200K) NonClass: 438343K(442560K)->438343K(442560K) Class: 60586K(64640K)->60586K(64640K)
[2025-01-07T21:06:29.940+0000][88860.306s][info][gc          ] GC(3597) Pause Young (Prepare Mixed) (G1 Evacuation Pause) 9658M->2363M(12288M) 34.993ms
[2025-01-07T21:06:29.940+0000][88860.306s][info][gc,cpu      ] GC(3597) User=0.21s Sys=0.00s Real=0.03s
[2025-01-07T21:06:30.448+0000][88860.814s][info][gc,start    ] GC(3598) Pause Young (Mixed) (G1 Evacuation Pause)
[2025-01-07T21:06:30.448+0000][88860.815s][info][gc,task     ] GC(3598) Using 6 workers of 6 for evacuation
[2025-01-07T21:06:30.499+0000][88860.865s][info][gc,phases   ] GC(3598)   Pre Evacuate Collection Set: 0.2ms
[2025-01-07T21:06:30.499+0000][88860.865s][info][gc,phases   ] GC(3598)   Merge Heap Roots: 0.5ms
[2025-01-07T21:06:30.499+0000][88860.865s][info][gc,phases   ] GC(3598)   Evacuate Collection Set: 47.9ms
[2025-01-07T21:06:30.499+0000][88860.865s][info][gc,phases   ] GC(3598)   Post Evacuate Collection Set: 1.7ms
[2025-01-07T21:06:30.499+0000][88860.865s][info][gc,phases   ] GC(3598)   Other: 0.2ms
[2025-01-07T21:06:30.499+0000][88860.865s][info][gc,heap     ] GC(3598) Eden regions: 67->0(915)
[2025-01-07T21:06:30.499+0000][88860.865s][info][gc,heap     ] GC(3598) Survivor regions: 9->6(10)
[2025-01-07T21:06:30.499+0000][88860.865s][info][gc,heap     ] GC(3598) Old regions: 237->235
[2025-01-07T21:06:30.499+0000][88860.865s][info][gc,heap     ] GC(3598) Archive regions: 2->2
[2025-01-07T21:06:30.499+0000][88860.865s][info][gc,heap     ] GC(3598) Humongous regions: 49->49
[2025-01-07T21:06:30.499+0000][88860.865s][info][gc,metaspace] GC(3598) Metaspace: 498929K(507200K)->498929K(507200K) NonClass: 438343K(442560K)->438343K(442560K) Class: 60586K(64640K)->60586K(64640K)
[2025-01-07T21:06:30.499+0000][88860.865s][info][gc          ] GC(3598) Pause Young (Mixed) (G1 Evacuation Pause) 2899M->2323M(12288M) 50.567ms
[2025-01-07T21:06:30.499+0000][88860.865s][info][gc,cpu      ] GC(3598) User=0.30s Sys=0.00s Real=0.05s
[2025-01-07T21:06:36.201+0000][88866.567s][info][gc,start    ] GC(3599) Pause Young (Normal) (G1 Evacuation Pause)
[2025-01-07T21:06:36.201+0000][88866.567s][info][gc,task     ] GC(3599) Using 6 workers of 6 for evacuation
[2025-01-07T21:06:36.230+0000][88866.596s][info][gc,phases   ] GC(3599)   Pre Evacuate Collection Set: 0.2ms
[2025-01-07T21:06:36.230+0000][88866.596s][info][gc,phases   ] GC(3599)   Merge Heap Roots: 0.5ms
[2025-01-07T21:06:36.230+0000][88866.596s][info][gc,phases   ] GC(3599)   Evacuate Collection Set: 26.1ms
[2025-01-07T21:06:36.230+0000][88866.596s][info][gc,phases   ] GC(3599)   Post Evacuate Collection Set: 2.7ms
[2025-01-07T21:06:36.230+0000][88866.596s][info][gc,phases   ] GC(3599)   Other: 0.2ms
[2025-01-07T21:06:36.230+0000][88866.596s][info][gc,heap     ] GC(3599) Eden regions: 915->0(915)
[2025-01-07T21:06:36.230+0000][88866.596s][info][gc,heap     ] GC(3599) Survivor regions: 6->6(116)
[2025-01-07T21:06:36.230+0000][88866.596s][info][gc,heap     ] GC(3599) Old regions: 235->235
[2025-01-07T21:06:36.230+0000][88866.596s][info][gc,heap     ] GC(3599) Archive regions: 2->2
[2025-01-07T21:06:36.230+0000][88866.596s][info][gc,heap     ] GC(3599) Humongous regions: 49->49
[2025-01-07T21:06:36.230+0000][88866.596s][info][gc,metaspace] GC(3599) Metaspace: 498929K(507200K)->498929K(507200K) NonClass: 438343K(442560K)->438343K(442560K) Class: 60586K(64640K)->60586K(64640K)
[2025-01-07T21:06:36.230+0000][88866.596s][info][gc          ] GC(3599) Pause Young (Normal) (G1 Evacuation Pause) 9643M->2326M(12288M) 29.724ms
[2025-01-07T21:06:36.230+0000][88866.597s][info][gc,cpu      ] GC(3599) User=0.17s Sys=0.00s Real=0.04s
[2025-01-07T21:06:44.595+0000][88874.961s][info][gc,start    ] GC(3600) Pause Young (Normal) (G1 Evacuation Pause)
[2025-01-07T21:06:44.595+0000][88874.961s][info][gc,task     ] GC(3600) Using 6 workers of 6 for evacuation
[2025-01-07T21:06:44.630+0000][88874.996s][info][gc,phases   ] GC(3600)   Pre Evacuate Collection Set: 0.2ms
[2025-01-07T21:06:44.630+0000][88874.996s][info][gc,phases   ] GC(3600)   Merge Heap Roots: 0.4ms
[2025-01-07T21:06:44.630+0000][88874.996s][info][gc,phases   ] GC(3600)   Evacuate Collection Set: 29.5ms
[2025-01-07T21:06:44.630+0000][88874.996s][info][gc,phases   ] GC(3600)   Post Evacuate Collection Set: 4.4ms
[2025-01-07T21:06:44.630+0000][88874.996s][info][gc,phases   ] GC(3600)   Other: 0.2ms
[2025-01-07T21:06:44.630+0000][88874.996s][info][gc,heap     ] GC(3600) Eden regions: 915->0(913)
[2025-01-07T21:06:44.630+0000][88874.996s][info][gc,heap     ] GC(3600) Survivor regions: 6->8(116)
[2025-01-07T21:06:44.630+0000][88874.996s][info][gc,heap     ] GC(3600) Old regions: 235->235
[2025-01-07T21:06:44.630+0000][88874.996s][info][gc,heap     ] GC(3600) Archive regions: 2->2
[2025-01-07T21:06:44.630+0000][88874.996s][info][gc,heap     ] GC(3600) Humongous regions: 49->49
[2025-01-07T21:06:44.630+0000][88874.996s][info][gc,metaspace] GC(3600) Metaspace: 498929K(507200K)->498929K(507200K) NonClass: 438343K(442560K)->438343K(442560K) Class: 60586K(64640K)->60586K(64640K)
[2025-01-07T21:06:44.630+0000][88874.996s][info][gc          ] GC(3600) Pause Young (Normal) (G1 Evacuation Pause) 9646M->2342M(12288M) 34.869ms
[2025-01-07T21:06:44.630+0000][88874.996s][info][gc,cpu      ] GC(3600) User=0.21s Sys=0.00s Real=0.04s
[2025-01-07T21:06:52.015+0000][88882.381s][info][gc,start    ] GC(3601) Pause Young (Concurrent Start) (G1 Evacuation Pause)
[2025-01-07T21:06:52.015+0000][88882.381s][info][gc,task     ] GC(3601) Using 6 workers of 6 for evacuation
[2025-01-07T21:06:52.050+0000][88882.416s][info][gc,phases   ] GC(3601)   Pre Evacuate Collection Set: 0.9ms
[2025-01-07T21:06:52.050+0000][88882.416s][info][gc,phases   ] GC(3601)   Merge Heap Roots: 0.5ms
[2025-01-07T21:06:52.050+0000][88882.416s][info][gc,phases   ] GC(3601)   Evacuate Collection Set: 29.5ms
[2025-01-07T21:06:52.050+0000][88882.416s][info][gc,phases   ] GC(3601)   Post Evacuate Collection Set: 3.9ms
[2025-01-07T21:06:52.050+0000][88882.416s][info][gc,phases   ] GC(3601)   Other: 0.3ms
[2025-01-07T21:06:52.050+0000][88882.416s][info][gc,heap     ] GC(3601) Eden regions: 913->0(912)
[2025-01-07T21:06:52.050+0000][88882.416s][info][gc,heap     ] GC(3601) Survivor regions: 8->9(116)
[2025-01-07T21:06:52.050+0000][88882.416s][info][gc,heap     ] GC(3601) Old regions: 235->235
[2025-01-07T21:06:52.050+0000][88882.416s][info][gc,heap     ] GC(3601) Archive regions: 2->2
[2025-01-07T21:06:52.050+0000][88882.416s][info][gc,heap     ] GC(3601) Humongous regions: 49->49
[2025-01-07T21:06:52.050+0000][88882.416s][info][gc,metaspace] GC(3601) Metaspace: 498929K(507200K)->498929K(507200K) NonClass: 438343K(442560K)->438343K(442560K) Class: 60586K(64640K)->60586K(64640K)
[2025-01-07T21:06:52.050+0000][88882.416s][info][gc          ] GC(3601) Pause Young (Concurrent Start) (G1 Evacuation Pause) 9646M->2350M(12288M) 35.232ms
[2025-01-07T21:06:52.050+0000][88882.416s][info][gc,cpu      ] GC(3601) User=0.20s Sys=0.00s Real=0.04s
[2025-01-07T21:06:52.050+0000][88882.417s][info][gc          ] GC(3602) Concurrent Mark Cycle
[2025-01-07T21:06:52.050+0000][88882.417s][info][gc,marking  ] GC(3602) Concurrent Clear Claimed Marks
[2025-01-07T21:06:52.051+0000][88882.417s][info][gc,marking  ] GC(3602) Concurrent Clear Claimed Marks 0.816ms
[2025-01-07T21:06:52.051+0000][88882.417s][info][gc,marking  ] GC(3602) Concurrent Scan Root Regions
[2025-01-07T21:06:52.080+0000][88882.447s][info][gc,marking  ] GC(3602) Concurrent Scan Root Regions 29.176ms
[2025-01-07T21:06:52.080+0000][88882.447s][info][gc,marking  ] GC(3602) Concurrent Mark
[2025-01-07T21:06:52.080+0000][88882.447s][info][gc,marking  ] GC(3602) Concurrent Mark From Roots
[2025-01-07T21:06:52.081+0000][88882.447s][info][gc,task     ] GC(3602) Using 2 workers of 2 for marking
[2025-01-07T21:06:52.894+0000][88883.260s][info][gc,marking  ] GC(3602) Concurrent Mark From Roots 813.061ms
[2025-01-07T21:06:52.894+0000][88883.260s][info][gc,marking  ] GC(3602) Concurrent Preclean
[2025-01-07T21:06:52.896+0000][88883.262s][info][gc,marking  ] GC(3602) Concurrent Preclean 2.074ms
[2025-01-07T21:06:52.896+0000][88883.262s][info][gc,start    ] GC(3602) Pause Remark
[2025-01-07T21:06:52.921+0000][88883.288s][info][gc          ] GC(3602) Pause Remark 3178M->3178M(12288M) 25.607ms
[2025-01-07T21:06:52.922+0000][88883.288s][info][gc,cpu      ] GC(3602) User=0.15s Sys=0.00s Real=0.03s
[2025-01-07T21:06:52.922+0000][88883.288s][info][gc,marking  ] GC(3602) Concurrent Mark 841.132ms
[2025-01-07T21:06:52.922+0000][88883.288s][info][gc,marking  ] GC(3602) Concurrent Rebuild Remembered Sets
[2025-01-07T21:06:53.422+0000][88883.788s][info][gc,marking  ] GC(3602) Concurrent Rebuild Remembered Sets 500.014ms
[2025-01-07T21:06:53.422+0000][88883.788s][info][gc,start    ] GC(3602) Pause Cleanup
[2025-01-07T21:06:53.422+0000][88883.788s][info][gc          ] GC(3602) Pause Cleanup 3670M->3670M(12288M) 0.460ms
[2025-01-07T21:06:53.422+0000][88883.788s][info][gc,cpu      ] GC(3602) User=0.00s Sys=0.00s Real=0.00s
[2025-01-07T21:06:53.422+0000][88883.788s][info][gc,marking  ] GC(3602) Concurrent Cleanup for Next Mark
[2025-01-07T21:06:53.438+0000][88883.804s][info][gc,marking  ] GC(3602) Concurrent Cleanup for Next Mark 15.653ms
[2025-01-07T21:06:53.438+0000][88883.804s][info][gc          ] GC(3602) Concurrent Mark Cycle 1387.679ms
[2025-01-07T21:06:58.396+0000][88888.762s][info][gc,start    ] GC(3603) Pause Young (Prepare Mixed) (G1 Evacuation Pause)
[2025-01-07T21:06:58.396+0000][88888.762s][info][gc,task     ] GC(3603) Using 6 workers of 6 for evacuation
[2025-01-07T21:06:58.431+0000][88888.797s][info][gc,phases   ] GC(3603)   Pre Evacuate Collection Set: 0.2ms
[2025-01-07T21:06:58.431+0000][88888.797s][info][gc,phases   ] GC(3603)   Merge Heap Roots: 0.7ms
[2025-01-07T21:06:58.431+0000][88888.797s][info][gc,phases   ] GC(3603)   Evacuate Collection Set: 30.5ms
[2025-01-07T21:06:58.431+0000][88888.797s][info][gc,phases   ] GC(3603)   Post Evacuate Collection Set: 3.8ms
[2025-01-07T21:06:58.431+0000][88888.797s][info][gc,phases   ] GC(3603)   Other: 0.2ms
[2025-01-07T21:06:58.431+0000][88888.797s][info][gc,heap     ] GC(3603) Eden regions: 912->0(65)
[2025-01-07T21:06:58.431+0000][88888.797s][info][gc,heap     ] GC(3603) Survivor regions: 9->11(116)
[2025-01-07T21:06:58.431+0000][88888.797s][info][gc,heap     ] GC(3603) Old regions: 235->235
[2025-01-07T21:06:58.431+0000][88888.797s][info][gc,heap     ] GC(3603) Archive regions: 2->2
[2025-01-07T21:06:58.431+0000][88888.797s][info][gc,heap     ] GC(3603) Humongous regions: 49->49
[2025-01-07T21:06:58.431+0000][88888.797s][info][gc,metaspace] GC(3603) Metaspace: 498929K(507200K)->498929K(507200K) NonClass: 438343K(442560K)->438343K(442560K) Class: 60586K(64640K)->60586K(64640K)
[2025-01-07T21:06:58.431+0000][88888.797s][info][gc          ] GC(3603) Pause Young (Prepare Mixed) (G1 Evacuation Pause) 9646M->2363M(12288M) 35.528ms
[2025-01-07T21:06:58.431+0000][88888.797s][info][gc,cpu      ] GC(3603) User=0.21s Sys=0.00s Real=0.04s
[2025-01-07T21:06:58.798+0000][88889.164s][info][gc,start    ] GC(3604) Pause Young (Mixed) (G1 Evacuation Pause)
[2025-01-07T21:06:58.798+0000][88889.164s][info][gc,task     ] GC(3604) Using 6 workers of 6 for evacuation
[2025-01-07T21:06:58.867+0000][88889.233s][info][gc,phases   ] GC(3604)   Pre Evacuate Collection Set: 0.2ms
[2025-01-07T21:06:58.867+0000][88889.233s][info][gc,phases   ] GC(3604)   Merge Heap Roots: 0.7ms
[2025-01-07T21:06:58.867+0000][88889.233s][info][gc,phases   ] GC(3604)   Evacuate Collection Set: 65.7ms
[2025-01-07T21:06:58.867+0000][88889.233s][info][gc,phases   ] GC(3604)   Post Evacuate Collection Set: 2.0ms
[2025-01-07T21:06:58.867+0000][88889.233s][info][gc,phases   ] GC(3604)   Other: 0.2ms
[2025-01-07T21:06:58.867+0000][88889.233s][info][gc,heap     ] GC(3604) Eden regions: 65->0(916)
[2025-01-07T21:06:58.867+0000][88889.233s][info][gc,heap     ] GC(3604) Survivor regions: 11->5(10)
[2025-01-07T21:06:58.867+0000][88889.233s][info][gc,heap     ] GC(3604) Old regions: 235->235
[2025-01-07T21:06:58.867+0000][88889.233s][info][gc,heap     ] GC(3604) Archive regions: 2->2
[2025-01-07T21:06:58.867+0000][88889.233s][info][gc,heap     ] GC(3604) Humongous regions: 49->49
[2025-01-07T21:06:58.867+0000][88889.233s][info][gc,metaspace] GC(3604) Metaspace: 498929K(507200K)->498929K(507200K) NonClass: 438343K(442560K)->438343K(442560K) Class: 60586K(64640K)->60586K(64640K)
[2025-01-07T21:06:58.867+0000][88889.233s][info][gc          ] GC(3604) Pause Young (Mixed) (G1 Evacuation Pause) 2883M->2315M(12288M) 68.893ms
[2025-01-07T21:06:58.867+0000][88889.233s][info][gc,cpu      ] GC(3604) User=0.38s Sys=0.00s Real=0.07s
[2025-01-07T21:07:03.561+0000][88893.927s][info][gc,start    ] GC(3605) Pause Young (Normal) (G1 Evacuation Pause)
[2025-01-07T21:07:03.561+0000][88893.927s][info][gc,task     ] GC(3605) Using 6 workers of 6 for evacuation
[2025-01-07T21:07:03.584+0000][88893.950s][info][gc,phases   ] GC(3605)   Pre Evacuate Collection Set: 0.2ms
[2025-01-07T21:07:03.584+0000][88893.950s][info][gc,phases   ] GC(3605)   Merge Heap Roots: 0.4ms
[2025-01-07T21:07:03.584+0000][88893.950s][info][gc,phases   ] GC(3605)   Evacuate Collection Set: 19.8ms
[2025-01-07T21:07:03.584+0000][88893.950s][info][gc,phases   ] GC(3605)   Post Evacuate Collection Set: 2.4ms
[2025-01-07T21:07:03.584+0000][88893.950s][info][gc,phases   ] GC(3605)   Other: 0.2ms
[2025-01-07T21:07:03.584+0000][88893.950s][info][gc,heap     ] GC(3605) Eden regions: 916->0(915)
[2025-01-07T21:07:03.584+0000][88893.950s][info][gc,heap     ] GC(3605) Survivor regions: 5->6(116)
[2025-01-07T21:07:03.584+0000][88893.950s][info][gc,heap     ] GC(3605) Old regions: 235->235
[2025-01-07T21:07:03.584+0000][88893.950s][info][gc,heap     ] GC(3605) Archive regions: 2->2
[2025-01-07T21:07:03.584+0000][88893.950s][info][gc,heap     ] GC(3605) Humongous regions: 49->49
[2025-01-07T21:07:03.584+0000][88893.950s][info][gc,metaspace] GC(3605) Metaspace: 498929K(507200K)->498929K(507200K) NonClass: 438343K(442560K)->438343K(442560K) Class: 60586K(64640K)->60586K(64640K)
[2025-01-07T21:07:03.584+0000][88893.950s][info][gc          ] GC(3605) Pause Young (Normal) (G1 Evacuation Pause) 9643M->2322M(12288M) 23.128ms
[2025-01-07T21:07:03.584+0000][88893.950s][info][gc,cpu      ] GC(3605) User=0.13s Sys=0.00s Real=0.03s
[2025-01-07T21:07:08.500+0000][88898.866s][info][gc,start    ] GC(3606) Pause Young (Normal) (G1 Evacuation Pause)
[2025-01-07T21:07:08.500+0000][88898.866s][info][gc,task     ] GC(3606) Using 6 workers of 6 for evacuation
[2025-01-07T21:07:08.525+0000][88898.891s][info][gc,phases   ] GC(3606)   Pre Evacuate Collection Set: 0.2ms
[2025-01-07T21:07:08.525+0000][88898.891s][info][gc,phases   ] GC(3606)   Merge Heap Roots: 0.4ms
[2025-01-07T21:07:08.525+0000][88898.891s][info][gc,phases   ] GC(3606)   Evacuate Collection Set: 21.2ms
[2025-01-07T21:07:08.525+0000][88898.891s][info][gc,phases   ] GC(3606)   Post Evacuate Collection Set: 2.3ms
[2025-01-07T21:07:08.525+0000][88898.891s][info][gc,phases   ] GC(3606)   Other: 0.2ms
[2025-01-07T21:07:08.525+0000][88898.891s][info][gc,heap     ] GC(3606) Eden regions: 915->0(914)
[2025-01-07T21:07:08.525+0000][88898.891s][info][gc,heap     ] GC(3606) Survivor regions: 6->7(116)
[2025-01-07T21:07:08.525+0000][88898.891s][info][gc,heap     ] GC(3606) Old regions: 235->235
[2025-01-07T21:07:08.525+0000][88898.891s][info][gc,heap     ] GC(3606) Archive regions: 2->2
[2025-01-07T21:07:08.525+0000][88898.891s][info][gc,heap     ] GC(3606) Humongous regions: 49->49
[2025-01-07T21:07:08.525+0000][88898.891s][info][gc,metaspace] GC(3606) Metaspace: 498929K(507200K)->498929K(507200K) NonClass: 438343K(442560K)->438343K(442560K) Class: 60586K(64640K)->60586K(64640K)
[2025-01-07T21:07:08.525+0000][88898.891s][info][gc          ] GC(3606) Pause Young (Normal) (G1 Evacuation Pause) 9642M->2331M(12288M) 24.486ms
[2025-01-07T21:07:08.525+0000][88898.891s][info][gc,cpu      ] GC(3606) User=0.14s Sys=0.00s Real=0.03s
[2025-01-07T21:07:12.946+0000][88903.313s][info][gc,start    ] GC(3607) Pause Young (Concurrent Start) (G1 Evacuation Pause)
[2025-01-07T21:07:12.946+0000][88903.313s][info][gc,task     ] GC(3607) Using 6 workers of 6 for evacuation
[2025-01-07T21:07:12.973+0000][88903.339s][info][gc,phases   ] GC(3607)   Pre Evacuate Collection Set: 1.0ms
[2025-01-07T21:07:12.973+0000][88903.339s][info][gc,phases   ] GC(3607)   Merge Heap Roots: 0.4ms
[2025-01-07T21:07:12.973+0000][88903.339s][info][gc,phases   ] GC(3607)   Evacuate Collection Set: 22.5ms
[2025-01-07T21:07:12.973+0000][88903.339s][info][gc,phases   ] GC(3607)   Post Evacuate Collection Set: 2.4ms
[2025-01-07T21:07:12.973+0000][88903.339s][info][gc,phases   ] GC(3607)   Other: 0.3ms
[2025-01-07T21:07:12.973+0000][88903.339s][info][gc,heap     ] GC(3607) Eden regions: 914->0(914)
[2025-01-07T21:07:12.973+0000][88903.339s][info][gc,heap     ] GC(3607) Survivor regions: 7->7(116)
[2025-01-07T21:07:12.973+0000][88903.339s][info][gc,heap     ] GC(3607) Old regions: 235->235
[2025-01-07T21:07:12.973+0000][88903.339s][info][gc,heap     ] GC(3607) Archive regions: 2->2
[2025-01-07T21:07:12.973+0000][88903.339s][info][gc,heap     ] GC(3607) Humongous regions: 49->49
[2025-01-07T21:07:12.973+0000][88903.339s][info][gc,metaspace] GC(3607) Metaspace: 498929K(507200K)->498929K(507200K) NonClass: 438343K(442560K)->438343K(442560K) Class: 60586K(64640K)->60586K(64640K)
[2025-01-07T21:07:12.973+0000][88903.339s][info][gc          ] GC(3607) Pause Young (Concurrent Start) (G1 Evacuation Pause) 9643M->2330M(12288M) 26.677ms
[2025-01-07T21:07:12.973+0000][88903.339s][info][gc,cpu      ] GC(3607) User=0.15s Sys=0.00s Real=0.03s
[2025-01-07T21:07:12.973+0000][88903.339s][info][gc          ] GC(3608) Concurrent Mark Cycle
[2025-01-07T21:07:12.973+0000][88903.339s][info][gc,marking  ] GC(3608) Concurrent Clear Claimed Marks
[2025-01-07T21:07:12.974+0000][88903.340s][info][gc,marking  ] GC(3608) Concurrent Clear Claimed Marks 0.842ms
[2025-01-07T21:07:12.974+0000][88903.340s][info][gc,marking  ] GC(3608) Concurrent Scan Root Regions
[2025-01-07T21:07:12.996+0000][88903.362s][info][gc,marking  ] GC(3608) Concurrent Scan Root Regions 21.611ms
[2025-01-07T21:07:12.996+0000][88903.362s][info][gc,marking  ] GC(3608) Concurrent Mark
[2025-01-07T21:07:12.996+0000][88903.362s][info][gc,marking  ] GC(3608) Concurrent Mark From Roots
[2025-01-07T21:07:12.996+0000][88903.362s][info][gc,task     ] GC(3608) Using 2 workers of 2 for marking
[2025-01-07T21:07:13.764+0000][88904.130s][info][gc,marking  ] GC(3608) Concurrent Mark From Roots 767.869ms
[2025-01-07T21:07:13.764+0000][88904.130s][info][gc,marking  ] GC(3608) Concurrent Preclean
[2025-01-07T21:07:13.766+0000][88904.132s][info][gc,marking  ] GC(3608) Concurrent Preclean 2.243ms
[2025-01-07T21:07:13.766+0000][88904.132s][info][gc,start    ] GC(3608) Pause Remark
[2025-01-07T21:07:13.792+0000][88904.158s][info][gc          ] GC(3608) Pause Remark 3342M->3342M(12288M) 25.745ms
[2025-01-07T21:07:13.792+0000][88904.158s][info][gc,cpu      ] GC(3608) User=0.15s Sys=0.00s Real=0.03s
[2025-01-07T21:07:13.792+0000][88904.158s][info][gc,marking  ] GC(3608) Concurrent Mark 796.219ms
[2025-01-07T21:07:13.792+0000][88904.158s][info][gc,marking  ] GC(3608) Concurrent Rebuild Remembered Sets
[2025-01-07T21:07:14.326+0000][88904.692s][info][gc,marking  ] GC(3608) Concurrent Rebuild Remembered Sets 533.649ms
[2025-01-07T21:07:14.326+0000][88904.692s][info][gc,start    ] GC(3608) Pause Cleanup
[2025-01-07T21:07:14.326+0000][88904.692s][info][gc          ] GC(3608) Pause Cleanup 4058M->4058M(12288M) 0.417ms
[2025-01-07T21:07:14.326+0000][88904.692s][info][gc,cpu      ] GC(3608) User=0.00s Sys=0.00s Real=0.00s
[2025-01-07T21:07:14.326+0000][88904.692s][info][gc,marking  ] GC(3608) Concurrent Cleanup for Next Mark
[2025-01-07T21:07:14.343+0000][88904.709s][info][gc,marking  ] GC(3608) Concurrent Cleanup for Next Mark 16.520ms
[2025-01-07T21:07:14.343+0000][88904.709s][info][gc          ] GC(3608) Concurrent Mark Cycle 1369.700ms
[2025-01-07T21:07:17.740+0000][88908.106s][info][gc,start    ] GC(3609) Pause Young (Prepare Mixed) (G1 Evacuation Pause)
[2025-01-07T21:07:17.740+0000][88908.106s][info][gc,task     ] GC(3609) Using 6 workers of 6 for evacuation
[2025-01-07T21:07:17.769+0000][88908.135s][info][gc,phases   ] GC(3609)   Pre Evacuate Collection Set: 0.2ms
[2025-01-07T21:07:17.769+0000][88908.135s][info][gc,phases   ] GC(3609)   Merge Heap Roots: 0.6ms
[2025-01-07T21:07:17.769+0000][88908.135s][info][gc,phases   ] GC(3609)   Evacuate Collection Set: 25.4ms
[2025-01-07T21:07:17.769+0000][88908.135s][info][gc,phases   ] GC(3609)   Post Evacuate Collection Set: 2.5ms
[2025-01-07T21:07:17.769+0000][88908.135s][info][gc,phases   ] GC(3609)   Other: 0.2ms
[2025-01-07T21:07:17.769+0000][88908.135s][info][gc,heap     ] GC(3609) Eden regions: 914->0(68)
[2025-01-07T21:07:17.769+0000][88908.135s][info][gc,heap     ] GC(3609) Survivor regions: 7->8(116)
[2025-01-07T21:07:17.769+0000][88908.135s][info][gc,heap     ] GC(3609) Old regions: 235->235
[2025-01-07T21:07:17.769+0000][88908.135s][info][gc,heap     ] GC(3609) Archive regions: 2->2
[2025-01-07T21:07:17.769+0000][88908.135s][info][gc,heap     ] GC(3609) Humongous regions: 49->49
[2025-01-07T21:07:17.769+0000][88908.135s][info][gc,metaspace] GC(3609) Metaspace: 498929K(507200K)->498929K(507200K) NonClass: 438343K(442560K)->438343K(442560K) Class: 60586K(64640K)->60586K(64640K)
[2025-01-07T21:07:17.769+0000][88908.135s][info][gc          ] GC(3609) Pause Young (Prepare Mixed) (G1 Evacuation Pause) 9642M->2339M(12288M) 29.008ms
[2025-01-07T21:07:17.769+0000][88908.135s][info][gc,cpu      ] GC(3609) User=0.17s Sys=0.00s Real=0.03s
[2025-01-07T21:07:18.060+0000][88908.426s][info][gc,start    ] GC(3610) Pause Young (Mixed) (G1 Evacuation Pause)
[2025-01-07T21:07:18.060+0000][88908.426s][info][gc,task     ] GC(3610) Using 6 workers of 6 for evacuation
[2025-01-07T21:07:18.117+0000][88908.483s][info][gc,phases   ] GC(3610)   Pre Evacuate Collection Set: 0.2ms
[2025-01-07T21:07:18.117+0000][88908.483s][info][gc,phases   ] GC(3610)   Merge Heap Roots: 0.6ms
[2025-01-07T21:07:18.117+0000][88908.483s][info][gc,phases   ] GC(3610)   Evacuate Collection Set: 53.7ms
[2025-01-07T21:07:18.117+0000][88908.483s][info][gc,phases   ] GC(3610)   Post Evacuate Collection Set: 1.8ms
[2025-01-07T21:07:18.117+0000][88908.483s][info][gc,phases   ] GC(3610)   Other: 0.2ms
[2025-01-07T21:07:18.117+0000][88908.483s][info][gc,heap     ] GC(3610) Eden regions: 68->0(915)
[2025-01-07T21:07:18.117+0000][88908.483s][info][gc,heap     ] GC(3610) Survivor regions: 8->6(10)
[2025-01-07T21:07:18.117+0000][88908.483s][info][gc,heap     ] GC(3610) Old regions: 235->234
[2025-01-07T21:07:18.117+0000][88908.483s][info][gc,heap     ] GC(3610) Archive regions: 2->2
[2025-01-07T21:07:18.117+0000][88908.483s][info][gc,heap     ] GC(3610) Humongous regions: 49->49
[2025-01-07T21:07:18.117+0000][88908.483s][info][gc,metaspace] GC(3610) Metaspace: 498929K(507200K)->498929K(507200K) NonClass: 438343K(442560K)->438343K(442560K) Class: 60586K(64640K)->60586K(64640K)
[2025-01-07T21:07:18.117+0000][88908.483s][info][gc          ] GC(3610) Pause Young (Mixed) (G1 Evacuation Pause) 2883M->2308M(12288M) 56.477ms
[2025-01-07T21:07:18.117+0000][88908.483s][info][gc,cpu      ] GC(3610) User=0.32s Sys=0.00s Real=0.06s
[2025-01-07T21:07:24.627+0000][88914.993s][info][gc,start    ] GC(3611) Pause Young (Normal) (G1 Evacuation Pause)
[2025-01-07T21:07:24.627+0000][88914.993s][info][gc,task     ] GC(3611) Using 6 workers of 6 for evacuation
[2025-01-07T21:07:24.659+0000][88915.025s][info][gc,phases   ] GC(3611)   Pre Evacuate Collection Set: 0.2ms
[2025-01-07T21:07:24.659+0000][88915.025s][info][gc,phases   ] GC(3611)   Merge Heap Roots: 0.4ms
[2025-01-07T21:07:24.659+0000][88915.025s][info][gc,phases   ] GC(3611)   Evacuate Collection Set: 28.2ms
[2025-01-07T21:07:24.659+0000][88915.025s][info][gc,phases   ] GC(3611)   Post Evacuate Collection Set: 2.6ms
[2025-01-07T21:07:24.659+0000][88915.025s][info][gc,phases   ] GC(3611)   Other: 0.2ms
[2025-01-07T21:07:24.659+0000][88915.025s][info][gc,heap     ] GC(3611) Eden regions: 915->0(913)
[2025-01-07T21:07:24.659+0000][88915.025s][info][gc,heap     ] GC(3611) Survivor regions: 6->8(116)
[2025-01-07T21:07:24.659+0000][88915.025s][info][gc,heap     ] GC(3611) Old regions: 234->234
[2025-01-07T21:07:24.659+0000][88915.025s][info][gc,heap     ] GC(3611) Archive regions: 2->2
[2025-01-07T21:07:24.659+0000][88915.025s][info][gc,heap     ] GC(3611) Humongous regions: 49->49
[2025-01-07T21:07:24.659+0000][88915.025s][info][gc,metaspace] GC(3611) Metaspace: 498929K(507200K)->498929K(507200K) NonClass: 438343K(442560K)->438343K(442560K) Class: 60586K(64640K)->60586K(64640K)
[2025-01-07T21:07:24.659+0000][88915.025s][info][gc          ] GC(3611) Pause Young (Normal) (G1 Evacuation Pause) 9628M->2324M(12288M) 31.835ms
[2025-01-07T21:07:24.659+0000][88915.025s][info][gc,cpu      ] GC(3611) User=0.22s Sys=0.00s Real=0.03s
[2025-01-07T21:07:32.699+0000][88923.065s][info][gc,start    ] GC(3612) Pause Young (Normal) (G1 Evacuation Pause)
[2025-01-07T21:07:32.699+0000][88923.065s][info][gc,task     ] GC(3612) Using 6 workers of 6 for evacuation
[2025-01-07T21:07:32.732+0000][88923.098s][info][gc,phases   ] GC(3612)   Pre Evacuate Collection Set: 0.2ms
[2025-01-07T21:07:32.732+0000][88923.098s][info][gc,phases   ] GC(3612)   Merge Heap Roots: 0.4ms
[2025-01-07T21:07:32.732+0000][88923.098s][info][gc,phases   ] GC(3612)   Evacuate Collection Set: 29.5ms
[2025-01-07T21:07:32.732+0000][88923.098s][info][gc,phases   ] GC(3612)   Post Evacuate Collection Set: 2.6ms
[2025-01-07T21:07:32.732+0000][88923.098s][info][gc,phases   ] GC(3612)   Other: 0.2ms
[2025-01-07T21:07:32.732+0000][88923.098s][info][gc,heap     ] GC(3612) Eden regions: 913->0(913)
[2025-01-07T21:07:32.732+0000][88923.098s][info][gc,heap     ] GC(3612) Survivor regions: 8->8(116)
[2025-01-07T21:07:32.732+0000][88923.098s][info][gc,heap     ] GC(3612) Old regions: 234->234
[2025-01-07T21:07:32.732+0000][88923.098s][info][gc,heap     ] GC(3612) Archive regions: 2->2
[2025-01-07T21:07:32.732+0000][88923.098s][info][gc,heap     ] GC(3612) Humongous regions: 49->49
[2025-01-07T21:07:32.732+0000][88923.098s][info][gc,metaspace] GC(3612) Metaspace: 498929K(507200K)->498929K(507200K) NonClass: 438343K(442560K)->438343K(442560K) Class: 60586K(64640K)->60586K(64640K)
[2025-01-07T21:07:32.732+0000][88923.098s][info][gc          ] GC(3612) Pause Young (Normal) (G1 Evacuation Pause) 9628M->2328M(12288M) 33.040ms
[2025-01-07T21:07:32.732+0000][88923.098s][info][gc,cpu      ] GC(3612) User=0.19s Sys=0.01s Real=0.04s
[2025-01-07T21:07:40.863+0000][88931.229s][info][gc,start    ] GC(3613) Pause Young (Concurrent Start) (G1 Evacuation Pause)
[2025-01-07T21:07:40.863+0000][88931.229s][info][gc,task     ] GC(3613) Using 6 workers of 6 for evacuation
[2025-01-07T21:07:40.897+0000][88931.263s][info][gc,phases   ] GC(3613)   Pre Evacuate Collection Set: 1.0ms
[2025-01-07T21:07:40.897+0000][88931.263s][info][gc,phases   ] GC(3613)   Merge Heap Roots: 0.5ms
[2025-01-07T21:07:40.897+0000][88931.263s][info][gc,phases   ] GC(3613)   Evacuate Collection Set: 28.4ms
[2025-01-07T21:07:40.897+0000][88931.263s][info][gc,phases   ] GC(3613)   Post Evacuate Collection Set: 3.9ms
[2025-01-07T21:07:40.897+0000][88931.263s][info][gc,phases   ] GC(3613)   Other: 0.3ms
[2025-01-07T21:07:40.897+0000][88931.263s][info][gc,heap     ] GC(3613) Eden regions: 913->0(911)
[2025-01-07T21:07:40.897+0000][88931.263s][info][gc,heap     ] GC(3613) Survivor regions: 8->10(116)
[2025-01-07T21:07:40.897+0000][88931.263s][info][gc,heap     ] GC(3613) Old regions: 234->234
[2025-01-07T21:07:40.897+0000][88931.263s][info][gc,heap     ] GC(3613) Archive regions: 2->2
[2025-01-07T21:07:40.897+0000][88931.263s][info][gc,heap     ] GC(3613) Humongous regions: 49->49
[2025-01-07T21:07:40.897+0000][88931.263s][info][gc,metaspace] GC(3613) Metaspace: 498929K(507200K)->498929K(507200K) NonClass: 438343K(442560K)->438343K(442560K) Class: 60586K(64640K)->60586K(64640K)
[2025-01-07T21:07:40.897+0000][88931.263s][info][gc          ] GC(3613) Pause Young (Concurrent Start) (G1 Evacuation Pause) 9632M->2342M(12288M) 34.102ms
[2025-01-07T21:07:40.897+0000][88931.263s][info][gc,cpu      ] GC(3613) User=0.20s Sys=0.00s Real=0.03s
[2025-01-07T21:07:40.897+0000][88931.263s][info][gc          ] GC(3614) Concurrent Mark Cycle
[2025-01-07T21:07:40.897+0000][88931.263s][info][gc,marking  ] GC(3614) Concurrent Clear Claimed Marks
[2025-01-07T21:07:40.898+0000][88931.264s][info][gc,marking  ] GC(3614) Concurrent Clear Claimed Marks 0.840ms
[2025-01-07T21:07:40.898+0000][88931.264s][info][gc,marking  ] GC(3614) Concurrent Scan Root Regions
[2025-01-07T21:07:40.919+0000][88931.285s][info][gc,marking  ] GC(3614) Concurrent Scan Root Regions 21.369ms
[2025-01-07T21:07:40.919+0000][88931.285s][info][gc,marking  ] GC(3614) Concurrent Mark
[2025-01-07T21:07:40.919+0000][88931.285s][info][gc,marking  ] GC(3614) Concurrent Mark From Roots
[2025-01-07T21:07:40.919+0000][88931.285s][info][gc,task     ] GC(3614) Using 2 workers of 2 for marking
[2025-01-07T21:07:42.002+0000][88932.368s][info][gc,marking  ] GC(3614) Concurrent Mark From Roots 1082.563ms
[2025-01-07T21:07:42.002+0000][88932.368s][info][gc,marking  ] GC(3614) Concurrent Preclean
[2025-01-07T21:07:42.004+0000][88932.370s][info][gc,marking  ] GC(3614) Concurrent Preclean 2.038ms
[2025-01-07T21:07:42.004+0000][88932.370s][info][gc,start    ] GC(3614) Pause Remark
[2025-01-07T21:07:42.030+0000][88932.396s][info][gc          ] GC(3614) Pause Remark 4038M->4038M(12288M) 25.686ms
[2025-01-07T21:07:42.030+0000][88932.396s][info][gc,cpu      ] GC(3614) User=0.15s Sys=0.00s Real=0.03s
[2025-01-07T21:07:42.030+0000][88932.396s][info][gc,marking  ] GC(3614) Concurrent Mark 1110.625ms
[2025-01-07T21:07:42.030+0000][88932.396s][info][gc,marking  ] GC(3614) Concurrent Rebuild Remembered Sets
[2025-01-07T21:07:42.643+0000][88933.009s][info][gc,marking  ] GC(3614) Concurrent Rebuild Remembered Sets 613.075ms
[2025-01-07T21:07:42.643+0000][88933.009s][info][gc,start    ] GC(3614) Pause Cleanup
[2025-01-07T21:07:42.644+0000][88933.010s][info][gc          ] GC(3614) Pause Cleanup 4778M->4778M(12288M) 0.424ms
[2025-01-07T21:07:42.644+0000][88933.010s][info][gc,cpu      ] GC(3614) User=0.00s Sys=0.00s Real=0.00s
[2025-01-07T21:07:42.644+0000][88933.010s][info][gc,marking  ] GC(3614) Concurrent Cleanup for Next Mark
[2025-01-07T21:07:42.660+0000][88933.026s][info][gc,marking  ] GC(3614) Concurrent Cleanup for Next Mark 16.383ms
[2025-01-07T21:07:42.660+0000][88933.026s][info][gc          ] GC(3614) Concurrent Mark Cycle 1763.310ms
[2025-01-07T21:07:47.668+0000][88938.034s][info][gc,start    ] GC(3615) Pause Young (Prepare Mixed) (G1 Evacuation Pause)
[2025-01-07T21:07:47.668+0000][88938.034s][info][gc,task     ] GC(3615) Using 6 workers of 6 for evacuation
[2025-01-07T21:07:47.708+0000][88938.074s][info][gc,phases   ] GC(3615)   Pre Evacuate Collection Set: 0.2ms
[2025-01-07T21:07:47.708+0000][88938.074s][info][gc,phases   ] GC(3615)   Merge Heap Roots: 0.7ms
[2025-01-07T21:07:47.708+0000][88938.074s][info][gc,phases   ] GC(3615)   Evacuate Collection Set: 35.1ms
[2025-01-07T21:07:47.708+0000][88938.074s][info][gc,phases   ] GC(3615)   Post Evacuate Collection Set: 4.1ms
[2025-01-07T21:07:47.708+0000][88938.074s][info][gc,phases   ] GC(3615)   Other: 0.2ms
[2025-01-07T21:07:47.708+0000][88938.074s][info][gc,heap     ] GC(3615) Eden regions: 911->0(64)
[2025-01-07T21:07:47.708+0000][88938.074s][info][gc,heap     ] GC(3615) Survivor regions: 10->12(116)
[2025-01-07T21:07:47.708+0000][88938.074s][info][gc,heap     ] GC(3615) Old regions: 234->234
[2025-01-07T21:07:47.708+0000][88938.074s][info][gc,heap     ] GC(3615) Archive regions: 2->2
[2025-01-07T21:07:47.708+0000][88938.074s][info][gc,heap     ] GC(3615) Humongous regions: 49->49
[2025-01-07T21:07:47.708+0000][88938.074s][info][gc,metaspace] GC(3615) Metaspace: 498929K(507200K)->498929K(507200K) NonClass: 438343K(442560K)->438343K(442560K) Class: 60586K(64640K)->60586K(64640K)
[2025-01-07T21:07:47.708+0000][88938.075s][info][gc          ] GC(3615) Pause Young (Prepare Mixed) (G1 Evacuation Pause) 9630M->2357M(12288M) 40.377ms
[2025-01-07T21:07:47.708+0000][88938.075s][info][gc,cpu      ] GC(3615) User=0.24s Sys=0.00s Real=0.04s
[2025-01-07T21:07:48.242+0000][88938.609s][info][gc,start    ] GC(3616) Pause Young (Mixed) (G1 Evacuation Pause)
[2025-01-07T21:07:48.243+0000][88938.609s][info][gc,task     ] GC(3616) Using 6 workers of 6 for evacuation
[2025-01-07T21:07:48.313+0000][88938.679s][info][gc,phases   ] GC(3616)   Pre Evacuate Collection Set: 0.2ms
[2025-01-07T21:07:48.313+0000][88938.679s][info][gc,phases   ] GC(3616)   Merge Heap Roots: 0.7ms
[2025-01-07T21:07:48.313+0000][88938.679s][info][gc,phases   ] GC(3616)   Evacuate Collection Set: 67.8ms
[2025-01-07T21:07:48.313+0000][88938.679s][info][gc,phases   ] GC(3616)   Post Evacuate Collection Set: 2.0ms
[2025-01-07T21:07:48.313+0000][88938.679s][info][gc,phases   ] GC(3616)   Other: 0.2ms
[2025-01-07T21:07:48.313+0000][88938.679s][info][gc,heap     ] GC(3616) Eden regions: 64->0(917)
[2025-01-07T21:07:48.313+0000][88938.679s][info][gc,heap     ] GC(3616) Survivor regions: 12->4(10)
[2025-01-07T21:07:48.313+0000][88938.679s][info][gc,heap     ] GC(3616) Old regions: 234->237
[2025-01-07T21:07:48.313+0000][88938.679s][info][gc,heap     ] GC(3616) Archive regions: 2->2
[2025-01-07T21:07:48.313+0000][88938.679s][info][gc,heap     ] GC(3616) Humongous regions: 49->49
[2025-01-07T21:07:48.313+0000][88938.680s][info][gc,metaspace] GC(3616) Metaspace: 498929K(507200K)->498929K(507200K) NonClass: 438343K(442560K)->438343K(442560K) Class: 60586K(64640K)->60586K(64640K)
[2025-01-07T21:07:48.313+0000][88938.680s][info][gc          ] GC(3616) Pause Young (Mixed) (G1 Evacuation Pause) 2869M->2317M(12288M) 70.972ms
[2025-01-07T21:07:48.313+0000][88938.680s][info][gc,cpu      ] GC(3616) User=0.40s Sys=0.00s Real=0.07s
[2025-01-07T21:07:56.948+0000][88947.314s][info][gc,start    ] GC(3617) Pause Young (Normal) (G1 Evacuation Pause)
[2025-01-07T21:07:56.948+0000][88947.314s][info][gc,task     ] GC(3617) Using 6 workers of 6 for evacuation
[2025-01-07T21:07:56.971+0000][88947.337s][info][gc,phases   ] GC(3617)   Pre Evacuate Collection Set: 0.2ms
[2025-01-07T21:07:56.971+0000][88947.337s][info][gc,phases   ] GC(3617)   Merge Heap Roots: 0.4ms
[2025-01-07T21:07:56.971+0000][88947.337s][info][gc,phases   ] GC(3617)   Evacuate Collection Set: 18.3ms
[2025-01-07T21:07:56.971+0000][88947.337s][info][gc,phases   ] GC(3617)   Post Evacuate Collection Set: 3.9ms
[2025-01-07T21:07:56.971+0000][88947.337s][info][gc,phases   ] GC(3617)   Other: 0.2ms
[2025-01-07T21:07:56.971+0000][88947.337s][info][gc,heap     ] GC(3617) Eden regions: 917->0(915)
[2025-01-07T21:07:56.971+0000][88947.337s][info][gc,heap     ] GC(3617) Survivor regions: 4->6(116)
[2025-01-07T21:07:56.971+0000][88947.337s][info][gc,heap     ] GC(3617) Old regions: 237->237
[2025-01-07T21:07:56.971+0000][88947.337s][info][gc,heap     ] GC(3617) Archive regions: 2->2
[2025-01-07T21:07:56.971+0000][88947.337s][info][gc,heap     ] GC(3617) Humongous regions: 49->49
[2025-01-07T21:07:56.971+0000][88947.337s][info][gc,metaspace] GC(3617) Metaspace: 498929K(507200K)->498929K(507200K) NonClass: 438343K(442560K)->438343K(442560K) Class: 60586K(64640K)->60586K(64640K)
[2025-01-07T21:07:56.971+0000][88947.337s][info][gc          ] GC(3617) Pause Young (Normal) (G1 Evacuation Pause) 9653M->2332M(12288M) 23.060ms
[2025-01-07T21:07:56.971+0000][88947.337s][info][gc,cpu      ] GC(3617) User=0.13s Sys=0.00s Real=0.03s
[2025-01-07T21:08:02.087+0000][88952.453s][info][gc,start    ] GC(3618) Pause Young (Normal) (G1 Evacuation Pause)
[2025-01-07T21:08:02.087+0000][88952.453s][info][gc,task     ] GC(3618) Using 6 workers of 6 for evacuation
[2025-01-07T21:08:02.108+0000][88952.474s][info][gc,phases   ] GC(3618)   Pre Evacuate Collection Set: 0.2ms
[2025-01-07T21:08:02.108+0000][88952.474s][info][gc,phases   ] GC(3618)   Merge Heap Roots: 0.4ms
[2025-01-07T21:08:02.108+0000][88952.474s][info][gc,phases   ] GC(3618)   Evacuate Collection Set: 18.4ms
[2025-01-07T21:08:02.108+0000][88952.474s][info][gc,phases   ] GC(3618)   Post Evacuate Collection Set: 2.2ms
[2025-01-07T21:08:02.108+0000][88952.474s][info][gc,phases   ] GC(3618)   Other: 0.2ms
[2025-01-07T21:08:02.108+0000][88952.474s][info][gc,heap     ] GC(3618) Eden regions: 915->0(916)
[2025-01-07T21:08:02.108+0000][88952.474s][info][gc,heap     ] GC(3618) Survivor regions: 6->5(116)
[2025-01-07T21:08:02.108+0000][88952.474s][info][gc,heap     ] GC(3618) Old regions: 237->237
[2025-01-07T21:08:02.108+0000][88952.474s][info][gc,heap     ] GC(3618) Archive regions: 2->2
[2025-01-07T21:08:02.108+0000][88952.474s][info][gc,heap     ] GC(3618) Humongous regions: 49->49
[2025-01-07T21:08:02.108+0000][88952.474s][info][gc,metaspace] GC(3618) Metaspace: 498929K(507200K)->498929K(507200K) NonClass: 438343K(442560K)->438343K(442560K) Class: 60586K(64640K)->60586K(64640K)
[2025-01-07T21:08:02.108+0000][88952.474s][info][gc          ] GC(3618) Pause Young (Normal) (G1 Evacuation Pause) 9652M->2323M(12288M) 21.508ms
[2025-01-07T21:08:02.108+0000][88952.474s][info][gc,cpu      ] GC(3618) User=0.13s Sys=0.00s Real=0.02s
[2025-01-07T21:08:08.285+0000][88958.651s][info][gc,start    ] GC(3619) Pause Young (Concurrent Start) (G1 Evacuation Pause)
[2025-01-07T21:08:08.285+0000][88958.651s][info][gc,task     ] GC(3619) Using 6 workers of 6 for evacuation
[2025-01-07T21:08:08.312+0000][88958.678s][info][gc,phases   ] GC(3619)   Pre Evacuate Collection Set: 1.0ms
[2025-01-07T21:08:08.312+0000][88958.678s][info][gc,phases   ] GC(3619)   Merge Heap Roots: 0.4ms
[2025-01-07T21:08:08.312+0000][88958.678s][info][gc,phases   ] GC(3619)   Evacuate Collection Set: 22.9ms
[2025-01-07T21:08:08.312+0000][88958.678s][info][gc,phases   ] GC(3619)   Post Evacuate Collection Set: 2.5ms
[2025-01-07T21:08:08.312+0000][88958.678s][info][gc,phases   ] GC(3619)   Other: 0.3ms
[2025-01-07T21:08:08.312+0000][88958.678s][info][gc,heap     ] GC(3619) Eden regions: 916->0(914)
[2025-01-07T21:08:08.312+0000][88958.678s][info][gc,heap     ] GC(3619) Survivor regions: 5->7(116)
[2025-01-07T21:08:08.312+0000][88958.678s][info][gc,heap     ] GC(3619) Old regions: 237->237
[2025-01-07T21:08:08.312+0000][88958.678s][info][gc,heap     ] GC(3619) Archive regions: 2->2
[2025-01-07T21:08:08.312+0000][88958.678s][info][gc,heap     ] GC(3619) Humongous regions: 49->49
[2025-01-07T21:08:08.312+0000][88958.678s][info][gc,metaspace] GC(3619) Metaspace: 498929K(507200K)->498929K(507200K) NonClass: 438343K(442560K)->438343K(442560K) Class: 60586K(64640K)->60586K(64640K)
[2025-01-07T21:08:08.312+0000][88958.678s][info][gc          ] GC(3619) Pause Young (Concurrent Start) (G1 Evacuation Pause) 9651M->2343M(12288M) 27.238ms
[2025-01-07T21:08:08.312+0000][88958.678s][info][gc,cpu      ] GC(3619) User=0.16s Sys=0.00s Real=0.03s
[2025-01-07T21:08:08.312+0000][88958.678s][info][gc          ] GC(3620) Concurrent Mark Cycle
[2025-01-07T21:08:08.312+0000][88958.678s][info][gc,marking  ] GC(3620) Concurrent Clear Claimed Marks
[2025-01-07T21:08:08.313+0000][88958.679s][info][gc,marking  ] GC(3620) Concurrent Clear Claimed Marks 0.746ms
[2025-01-07T21:08:08.313+0000][88958.679s][info][gc,marking  ] GC(3620) Concurrent Scan Root Regions
[2025-01-07T21:08:08.334+0000][88958.700s][info][gc,marking  ] GC(3620) Concurrent Scan Root Regions 21.588ms
[2025-01-07T21:08:08.334+0000][88958.700s][info][gc,marking  ] GC(3620) Concurrent Mark
[2025-01-07T21:08:08.334+0000][88958.700s][info][gc,marking  ] GC(3620) Concurrent Mark From Roots
[2025-01-07T21:08:08.334+0000][88958.700s][info][gc,task     ] GC(3620) Using 2 workers of 2 for marking
[2025-01-07T21:08:09.331+0000][88959.697s][info][gc,marking  ] GC(3620) Concurrent Mark From Roots 996.234ms
[2025-01-07T21:08:09.331+0000][88959.697s][info][gc,marking  ] GC(3620) Concurrent Preclean
[2025-01-07T21:08:09.333+0000][88959.700s][info][gc,marking  ] GC(3620) Concurrent Preclean 2.846ms
[2025-01-07T21:08:09.334+0000][88959.700s][info][gc,start    ] GC(3620) Pause Remark
[2025-01-07T21:08:09.359+0000][88959.725s][info][gc          ] GC(3620) Pause Remark 3903M->3903M(12288M) 25.736ms
[2025-01-07T21:08:09.359+0000][88959.726s][info][gc,cpu      ] GC(3620) User=0.15s Sys=0.00s Real=0.02s
[2025-01-07T21:08:09.360+0000][88959.726s][info][gc,marking  ] GC(3620) Concurrent Mark 1025.204ms
[2025-01-07T21:08:09.360+0000][88959.726s][info][gc,marking  ] GC(3620) Concurrent Rebuild Remembered Sets
[2025-01-07T21:08:10.033+0000][88960.399s][info][gc,marking  ] GC(3620) Concurrent Rebuild Remembered Sets 673.261ms
[2025-01-07T21:08:10.033+0000][88960.399s][info][gc,start    ] GC(3620) Pause Cleanup
[2025-01-07T21:08:10.033+0000][88960.399s][info][gc          ] GC(3620) Pause Cleanup 4967M->4967M(12288M) 0.406ms
[2025-01-07T21:08:10.033+0000][88960.400s][info][gc,cpu      ] GC(3620) User=0.00s Sys=0.00s Real=0.00s
[2025-01-07T21:08:10.033+0000][88960.400s][info][gc,marking  ] GC(3620) Concurrent Cleanup for Next Mark
[2025-01-07T21:08:10.050+0000][88960.416s][info][gc,marking  ] GC(3620) Concurrent Cleanup for Next Mark 16.445ms
[2025-01-07T21:08:10.050+0000][88960.416s][info][gc          ] GC(3620) Concurrent Mark Cycle 1738.058ms
[2025-01-07T21:08:12.718+0000][88963.084s][info][gc,start    ] GC(3621) Pause Young (Prepare Mixed) (G1 Evacuation Pause)
[2025-01-07T21:08:12.718+0000][88963.084s][info][gc,task     ] GC(3621) Using 6 workers of 6 for evacuation
[2025-01-07T21:08:12.747+0000][88963.113s][info][gc,phases   ] GC(3621)   Pre Evacuate Collection Set: 0.2ms
[2025-01-07T21:08:12.747+0000][88963.113s][info][gc,phases   ] GC(3621)   Merge Heap Roots: 0.6ms
[2025-01-07T21:08:12.747+0000][88963.113s][info][gc,phases   ] GC(3621)   Evacuate Collection Set: 25.5ms
[2025-01-07T21:08:12.747+0000][88963.113s][info][gc,phases   ] GC(3621)   Post Evacuate Collection Set: 2.5ms
[2025-01-07T21:08:12.747+0000][88963.113s][info][gc,phases   ] GC(3621)   Other: 0.2ms
[2025-01-07T21:08:12.747+0000][88963.113s][info][gc,heap     ] GC(3621) Eden regions: 914->0(68)
[2025-01-07T21:08:12.747+0000][88963.113s][info][gc,heap     ] GC(3621) Survivor regions: 7->8(116)
[2025-01-07T21:08:12.747+0000][88963.113s][info][gc,heap     ] GC(3621) Old regions: 237->237
[2025-01-07T21:08:12.747+0000][88963.113s][info][gc,heap     ] GC(3621) Archive regions: 2->2
[2025-01-07T21:08:12.747+0000][88963.113s][info][gc,heap     ] GC(3621) Humongous regions: 49->49
[2025-01-07T21:08:12.747+0000][88963.113s][info][gc,metaspace] GC(3621) Metaspace: 498929K(507200K)->498929K(507200K) NonClass: 438343K(442560K)->438343K(442560K) Class: 60586K(64640K)->60586K(64640K)
[2025-01-07T21:08:12.747+0000][88963.113s][info][gc          ] GC(3621) Pause Young (Prepare Mixed) (G1 Evacuation Pause) 9655M->2351M(12288M) 29.122ms
[2025-01-07T21:08:12.747+0000][88963.114s][info][gc,cpu      ] GC(3621) User=0.17s Sys=0.00s Real=0.03s
[2025-01-07T21:08:13.130+0000][88963.496s][info][gc,start    ] GC(3622) Pause Young (Mixed) (G1 Evacuation Pause)
[2025-01-07T21:08:13.130+0000][88963.496s][info][gc,task     ] GC(3622) Using 6 workers of 6 for evacuation
[2025-01-07T21:08:13.182+0000][88963.548s][info][gc,phases   ] GC(3622)   Pre Evacuate Collection Set: 0.2ms
[2025-01-07T21:08:13.182+0000][88963.548s][info][gc,phases   ] GC(3622)   Merge Heap Roots: 0.6ms
[2025-01-07T21:08:13.182+0000][88963.548s][info][gc,phases   ] GC(3622)   Evacuate Collection Set: 49.6ms
[2025-01-07T21:08:13.182+0000][88963.548s][info][gc,phases   ] GC(3622)   Post Evacuate Collection Set: 1.6ms
[2025-01-07T21:08:13.182+0000][88963.548s][info][gc,phases   ] GC(3622)   Other: 0.2ms
[2025-01-07T21:08:13.182+0000][88963.548s][info][gc,heap     ] GC(3622) Eden regions: 68->0(916)
[2025-01-07T21:08:13.182+0000][88963.548s][info][gc,heap     ] GC(3622) Survivor regions: 8->5(10)
[2025-01-07T21:08:13.182+0000][88963.548s][info][gc,heap     ] GC(3622) Old regions: 237->236
[2025-01-07T21:08:13.182+0000][88963.548s][info][gc,heap     ] GC(3622) Archive regions: 2->2
[2025-01-07T21:08:13.182+0000][88963.548s][info][gc,heap     ] GC(3622) Humongous regions: 49->49
[2025-01-07T21:08:13.182+0000][88963.548s][info][gc,metaspace] GC(3622) Metaspace: 498929K(507200K)->498929K(507200K) NonClass: 438343K(442560K)->438343K(442560K) Class: 60586K(64640K)->60586K(64640K)
[2025-01-07T21:08:13.182+0000][88963.548s][info][gc          ] GC(3622) Pause Young (Mixed) (G1 Evacuation Pause) 2895M->2324M(12288M) 52.232ms
[2025-01-07T21:08:13.182+0000][88963.548s][info][gc,cpu      ] GC(3622) User=0.31s Sys=0.00s Real=0.05s
[2025-01-07T21:08:17.275+0000][88967.641s][info][gc,start    ] GC(3623) Pause Young (Normal) (G1 Evacuation Pause)
[2025-01-07T21:08:17.275+0000][88967.641s][info][gc,task     ] GC(3623) Using 6 workers of 6 for evacuation
[2025-01-07T21:08:17.297+0000][88967.663s][info][gc,phases   ] GC(3623)   Pre Evacuate Collection Set: 0.2ms
[2025-01-07T21:08:17.297+0000][88967.663s][info][gc,phases   ] GC(3623)   Merge Heap Roots: 0.4ms
[2025-01-07T21:08:17.297+0000][88967.663s][info][gc,phases   ] GC(3623)   Evacuate Collection Set: 18.7ms
[2025-01-07T21:08:17.297+0000][88967.663s][info][gc,phases   ] GC(3623)   Post Evacuate Collection Set: 2.4ms
[2025-01-07T21:08:17.297+0000][88967.663s][info][gc,phases   ] GC(3623)   Other: 0.2ms
[2025-01-07T21:08:17.297+0000][88967.663s][info][gc,heap     ] GC(3623) Eden regions: 916->0(915)
[2025-01-07T21:08:17.297+0000][88967.663s][info][gc,heap     ] GC(3623) Survivor regions: 5->6(116)
[2025-01-07T21:08:17.297+0000][88967.663s][info][gc,heap     ] GC(3623) Old regions: 236->236
[2025-01-07T21:08:17.297+0000][88967.663s][info][gc,heap     ] GC(3623) Archive regions: 2->2
[2025-01-07T21:08:17.297+0000][88967.663s][info][gc,heap     ] GC(3623) Humongous regions: 49->49
[2025-01-07T21:08:17.297+0000][88967.663s][info][gc,metaspace] GC(3623) Metaspace: 498931K(507200K)->498931K(507200K) NonClass: 438344K(442560K)->438344K(442560K) Class: 60586K(64640K)->60586K(64640K)
[2025-01-07T21:08:17.297+0000][88967.663s][info][gc          ] GC(3623) Pause Young (Normal) (G1 Evacuation Pause) 9652M->2329M(12288M) 21.943ms
[2025-01-07T21:08:17.297+0000][88967.663s][info][gc,cpu      ] GC(3623) User=0.13s Sys=0.00s Real=0.02s
[2025-01-07T21:08:23.299+0000][88973.665s][info][gc,start    ] GC(3624) Pause Young (Normal) (G1 Evacuation Pause)
[2025-01-07T21:08:23.299+0000][88973.665s][info][gc,task     ] GC(3624) Using 6 workers of 6 for evacuation
[2025-01-07T21:08:23.326+0000][88973.692s][info][gc,phases   ] GC(3624)   Pre Evacuate Collection Set: 0.2ms
[2025-01-07T21:08:23.326+0000][88973.692s][info][gc,phases   ] GC(3624)   Merge Heap Roots: 0.4ms
[2025-01-07T21:08:23.326+0000][88973.692s][info][gc,phases   ] GC(3624)   Evacuate Collection Set: 23.5ms
[2025-01-07T21:08:23.326+0000][88973.692s][info][gc,phases   ] GC(3624)   Post Evacuate Collection Set: 2.6ms
[2025-01-07T21:08:23.326+0000][88973.692s][info][gc,phases   ] GC(3624)   Other: 0.2ms
[2025-01-07T21:08:23.326+0000][88973.692s][info][gc,heap     ] GC(3624) Eden regions: 915->0(914)
[2025-01-07T21:08:23.326+0000][88973.692s][info][gc,heap     ] GC(3624) Survivor regions: 6->7(116)
[2025-01-07T21:08:23.326+0000][88973.692s][info][gc,heap     ] GC(3624) Old regions: 236->236
[2025-01-07T21:08:23.326+0000][88973.692s][info][gc,heap     ] GC(3624) Archive regions: 2->2
[2025-01-07T21:08:23.326+0000][88973.692s][info][gc,heap     ] GC(3624) Humongous regions: 49->49
[2025-01-07T21:08:23.326+0000][88973.692s][info][gc,metaspace] GC(3624) Metaspace: 498931K(507200K)->498931K(507200K) NonClass: 438344K(442560K)->438344K(442560K) Class: 60586K(64640K)->60586K(64640K)
[2025-01-07T21:08:23.326+0000][88973.692s][info][gc          ] GC(3624) Pause Young (Normal) (G1 Evacuation Pause) 9649M->2337M(12288M) 26.948ms
[2025-01-07T21:08:23.326+0000][88973.692s][info][gc,cpu      ] GC(3624) User=0.16s Sys=0.00s Real=0.03s
[2025-01-07T21:08:30.710+0000][88981.076s][info][gc,start    ] GC(3625) Pause Young (Concurrent Start) (G1 Evacuation Pause)
[2025-01-07T21:08:30.710+0000][88981.076s][info][gc,task     ] GC(3625) Using 6 workers of 6 for evacuation
[2025-01-07T21:08:30.738+0000][88981.105s][info][gc,phases   ] GC(3625)   Pre Evacuate Collection Set: 1.0ms
[2025-01-07T21:08:30.738+0000][88981.105s][info][gc,phases   ] GC(3625)   Merge Heap Roots: 0.4ms
[2025-01-07T21:08:30.738+0000][88981.105s][info][gc,phases   ] GC(3625)   Evacuate Collection Set: 24.5ms
[2025-01-07T21:08:30.738+0000][88981.105s][info][gc,phases   ] GC(3625)   Post Evacuate Collection Set: 2.5ms
[2025-01-07T21:08:30.738+0000][88981.105s][info][gc,phases   ] GC(3625)   Other: 0.3ms
[2025-01-07T21:08:30.738+0000][88981.105s][info][gc,heap     ] GC(3625) Eden regions: 914->0(913)
[2025-01-07T21:08:30.739+0000][88981.105s][info][gc,heap     ] GC(3625) Survivor regions: 7->8(116)
[2025-01-07T21:08:30.739+0000][88981.105s][info][gc,heap     ] GC(3625) Old regions: 236->236
[2025-01-07T21:08:30.739+0000][88981.105s][info][gc,heap     ] GC(3625) Archive regions: 2->2
[2025-01-07T21:08:30.739+0000][88981.105s][info][gc,heap     ] GC(3625) Humongous regions: 49->49
[2025-01-07T21:08:30.739+0000][88981.105s][info][gc,metaspace] GC(3625) Metaspace: 498931K(507200K)->498931K(507200K) NonClass: 438344K(442560K)->438344K(442560K) Class: 60586K(64640K)->60586K(64640K)
[2025-01-07T21:08:30.739+0000][88981.105s][info][gc          ] GC(3625) Pause Young (Concurrent Start) (G1 Evacuation Pause) 9649M->2348M(12288M) 28.869ms
[2025-01-07T21:08:30.739+0000][88981.105s][info][gc,cpu      ] GC(3625) User=0.16s Sys=0.00s Real=0.02s
[2025-01-07T21:08:30.739+0000][88981.105s][info][gc          ] GC(3626) Concurrent Mark Cycle
[2025-01-07T21:08:30.739+0000][88981.105s][info][gc,marking  ] GC(3626) Concurrent Clear Claimed Marks
[2025-01-07T21:08:30.739+0000][88981.106s][info][gc,marking  ] GC(3626) Concurrent Clear Claimed Marks 0.769ms
[2025-01-07T21:08:30.739+0000][88981.106s][info][gc,marking  ] GC(3626) Concurrent Scan Root Regions
[2025-01-07T21:08:30.757+0000][88981.123s][info][gc,marking  ] GC(3626) Concurrent Scan Root Regions 17.118ms
[2025-01-07T21:08:30.757+0000][88981.123s][info][gc,marking  ] GC(3626) Concurrent Mark
[2025-01-07T21:08:30.757+0000][88981.123s][info][gc,marking  ] GC(3626) Concurrent Mark From Roots
[2025-01-07T21:08:30.757+0000][88981.123s][info][gc,task     ] GC(3626) Using 2 workers of 2 for marking
[2025-01-07T21:08:31.532+0000][88981.898s][info][gc,marking  ] GC(3626) Concurrent Mark From Roots 775.597ms
[2025-01-07T21:08:31.532+0000][88981.898s][info][gc,marking  ] GC(3626) Concurrent Preclean
[2025-01-07T21:08:31.534+0000][88981.900s][info][gc,marking  ] GC(3626) Concurrent Preclean 2.025ms
[2025-01-07T21:08:31.534+0000][88981.900s][info][gc,start    ] GC(3626) Pause Remark
[2025-01-07T21:08:31.560+0000][88981.926s][info][gc          ] GC(3626) Pause Remark 2676M->2676M(12288M) 25.819ms
[2025-01-07T21:08:31.560+0000][88981.926s][info][gc,cpu      ] GC(3626) User=0.15s Sys=0.00s Real=0.02s
[2025-01-07T21:08:31.560+0000][88981.926s][info][gc,marking  ] GC(3626) Concurrent Mark 803.784ms
[2025-01-07T21:08:31.560+0000][88981.927s][info][gc,marking  ] GC(3626) Concurrent Rebuild Remembered Sets
[2025-01-07T21:08:32.035+0000][88982.402s][info][gc,marking  ] GC(3626) Concurrent Rebuild Remembered Sets 475.005ms
[2025-01-07T21:08:32.036+0000][88982.402s][info][gc,start    ] GC(3626) Pause Cleanup
[2025-01-07T21:08:32.036+0000][88982.402s][info][gc          ] GC(3626) Pause Cleanup 2705M->2705M(12288M) 0.382ms
[2025-01-07T21:08:32.036+0000][88982.402s][info][gc,cpu      ] GC(3626) User=0.00s Sys=0.00s Real=0.00s
[2025-01-07T21:08:32.036+0000][88982.402s][info][gc,marking  ] GC(3626) Concurrent Cleanup for Next Mark
[2025-01-07T21:08:32.051+0000][88982.418s][info][gc,marking  ] GC(3626) Concurrent Cleanup for Next Mark 15.372ms
[2025-01-07T21:08:32.051+0000][88982.418s][info][gc          ] GC(3626) Concurrent Mark Cycle 1312.844ms
[2025-01-07T21:08:42.007+0000][88992.373s][info][gc,start    ] GC(3627) Pause Young (Prepare Mixed) (G1 Evacuation Pause)
[2025-01-07T21:08:42.007+0000][88992.373s][info][gc,task     ] GC(3627) Using 6 workers of 6 for evacuation
[2025-01-07T21:08:42.044+0000][88992.410s][info][gc,phases   ] GC(3627)   Pre Evacuate Collection Set: 0.2ms
[2025-01-07T21:08:42.044+0000][88992.410s][info][gc,phases   ] GC(3627)   Merge Heap Roots: 0.6ms
[2025-01-07T21:08:42.044+0000][88992.410s][info][gc,phases   ] GC(3627)   Evacuate Collection Set: 30.3ms
[2025-01-07T21:08:42.044+0000][88992.410s][info][gc,phases   ] GC(3627)   Post Evacuate Collection Set: 5.4ms
[2025-01-07T21:08:42.044+0000][88992.410s][info][gc,phases   ] GC(3627)   Other: 0.2ms
[2025-01-07T21:08:42.044+0000][88992.410s][info][gc,heap     ] GC(3627) Eden regions: 913->0(65)
[2025-01-07T21:08:42.044+0000][88992.410s][info][gc,heap     ] GC(3627) Survivor regions: 8->11(116)
[2025-01-07T21:08:42.044+0000][88992.410s][info][gc,heap     ] GC(3627) Old regions: 236->236
[2025-01-07T21:08:42.044+0000][88992.410s][info][gc,heap     ] GC(3627) Archive regions: 2->2
[2025-01-07T21:08:42.044+0000][88992.410s][info][gc,heap     ] GC(3627) Humongous regions: 49->49
[2025-01-07T21:08:42.044+0000][88992.410s][info][gc,metaspace] GC(3627) Metaspace: 498931K(507200K)->498931K(507200K) NonClass: 438344K(442560K)->438344K(442560K) Class: 60586K(64640K)->60586K(64640K)
[2025-01-07T21:08:42.044+0000][88992.410s][info][gc          ] GC(3627) Pause Young (Prepare Mixed) (G1 Evacuation Pause) 9652M->2372M(12288M) 36.895ms
[2025-01-07T21:08:42.044+0000][88992.410s][info][gc,cpu      ] GC(3627) User=0.22s Sys=0.01s Real=0.04s
[2025-01-07T21:08:42.415+0000][88992.781s][info][gc,start    ] GC(3628) Pause Young (Mixed) (G1 Evacuation Pause)
[2025-01-07T21:08:42.415+0000][88992.781s][info][gc,task     ] GC(3628) Using 6 workers of 6 for evacuation
[2025-01-07T21:08:42.476+0000][88992.842s][info][gc,phases   ] GC(3628)   Pre Evacuate Collection Set: 0.2ms
[2025-01-07T21:08:42.476+0000][88992.842s][info][gc,phases   ] GC(3628)   Merge Heap Roots: 0.6ms
[2025-01-07T21:08:42.476+0000][88992.842s][info][gc,phases   ] GC(3628)   Evacuate Collection Set: 59.0ms
[2025-01-07T21:08:42.476+0000][88992.842s][info][gc,phases   ] GC(3628)   Post Evacuate Collection Set: 1.8ms
[2025-01-07T21:08:42.476+0000][88992.842s][info][gc,phases   ] GC(3628)   Other: 0.2ms
[2025-01-07T21:08:42.476+0000][88992.842s][info][gc,heap     ] GC(3628) Eden regions: 65->0(915)
[2025-01-07T21:08:42.476+0000][88992.842s][info][gc,heap     ] GC(3628) Survivor regions: 11->6(10)
[2025-01-07T21:08:42.476+0000][88992.842s][info][gc,heap     ] GC(3628) Old regions: 236->239
[2025-01-07T21:08:42.476+0000][88992.842s][info][gc,heap     ] GC(3628) Archive regions: 2->2
[2025-01-07T21:08:42.476+0000][88992.842s][info][gc,heap     ] GC(3628) Humongous regions: 49->49
[2025-01-07T21:08:42.476+0000][88992.842s][info][gc,metaspace] GC(3628) Metaspace: 498931K(507200K)->498931K(507200K) NonClass: 438344K(442560K)->438344K(442560K) Class: 60586K(64640K)->60586K(64640K)
[2025-01-07T21:08:42.476+0000][88992.842s][info][gc          ] GC(3628) Pause Young (Mixed) (G1 Evacuation Pause) 2892M->2352M(12288M) 61.788ms
[2025-01-07T21:08:42.476+0000][88992.842s][info][gc,cpu      ] GC(3628) User=0.36s Sys=0.00s Real=0.06s
[2025-01-07T21:08:49.164+0000][88999.530s][info][gc,start    ] GC(3629) Pause Young (Normal) (G1 Evacuation Pause)
[2025-01-07T21:08:49.164+0000][88999.530s][info][gc,task     ] GC(3629) Using 6 workers of 6 for evacuation
[2025-01-07T21:08:49.188+0000][88999.554s][info][gc,phases   ] GC(3629)   Pre Evacuate Collection Set: 0.2ms
[2025-01-07T21:08:49.188+0000][88999.554s][info][gc,phases   ] GC(3629)   Merge Heap Roots: 0.4ms
[2025-01-07T21:08:49.188+0000][88999.554s][info][gc,phases   ] GC(3629)   Evacuate Collection Set: 18.9ms
[2025-01-07T21:08:49.188+0000][88999.554s][info][gc,phases   ] GC(3629)   Post Evacuate Collection Set: 3.8ms
[2025-01-07T21:08:49.188+0000][88999.554s][info][gc,phases   ] GC(3629)   Other: 0.2ms
[2025-01-07T21:08:49.188+0000][88999.554s][info][gc,heap     ] GC(3629) Eden regions: 915->0(915)
[2025-01-07T21:08:49.188+0000][88999.554s][info][gc,heap     ] GC(3629) Survivor regions: 6->6(116)
[2025-01-07T21:08:49.188+0000][88999.554s][info][gc,heap     ] GC(3629) Old regions: 239->239
[2025-01-07T21:08:49.188+0000][88999.554s][info][gc,heap     ] GC(3629) Archive regions: 2->2
[2025-01-07T21:08:49.188+0000][88999.554s][info][gc,heap     ] GC(3629) Humongous regions: 49->49
[2025-01-07T21:08:49.188+0000][88999.554s][info][gc,metaspace] GC(3629) Metaspace: 498931K(507200K)->498931K(507200K) NonClass: 438344K(442560K)->438344K(442560K) Class: 60586K(64640K)->60586K(64640K)
[2025-01-07T21:08:49.188+0000][88999.554s][info][gc          ] GC(3629) Pause Young (Normal) (G1 Evacuation Pause) 9672M->2355M(12288M) 23.652ms
[2025-01-07T21:08:49.188+0000][88999.554s][info][gc,cpu      ] GC(3629) User=0.14s Sys=0.00s Real=0.02s
[2025-01-07T21:08:58.340+0000][89008.707s][info][gc,start    ] GC(3630) Pause Young (Normal) (G1 Evacuation Pause)
[2025-01-07T21:08:58.340+0000][89008.707s][info][gc,task     ] GC(3630) Using 6 workers of 6 for evacuation
[2025-01-07T21:08:58.366+0000][89008.732s][info][gc,phases   ] GC(3630)   Pre Evacuate Collection Set: 0.2ms
[2025-01-07T21:08:58.366+0000][89008.732s][info][gc,phases   ] GC(3630)   Merge Heap Roots: 0.4ms
[2025-01-07T21:08:58.366+0000][89008.732s][info][gc,phases   ] GC(3630)   Evacuate Collection Set: 22.5ms
[2025-01-07T21:08:58.366+0000][89008.732s][info][gc,phases   ] GC(3630)   Post Evacuate Collection Set: 2.5ms
[2025-01-07T21:08:58.366+0000][89008.732s][info][gc,phases   ] GC(3630)   Other: 0.2ms
[2025-01-07T21:08:58.366+0000][89008.732s][info][gc,heap     ] GC(3630) Eden regions: 915->0(914)
[2025-01-07T21:08:58.366+0000][89008.732s][info][gc,heap     ] GC(3630) Survivor regions: 6->7(116)
[2025-01-07T21:08:58.366+0000][89008.732s][info][gc,heap     ] GC(3630) Old regions: 239->239
[2025-01-07T21:08:58.366+0000][89008.732s][info][gc,heap     ] GC(3630) Archive regions: 2->2
[2025-01-07T21:08:58.366+0000][89008.732s][info][gc,heap     ] GC(3630) Humongous regions: 49->49
[2025-01-07T21:08:58.366+0000][89008.732s][info][gc,metaspace] GC(3630) Metaspace: 498931K(507200K)->498931K(507200K) NonClass: 438344K(442560K)->438344K(442560K) Class: 60586K(64640K)->60586K(64640K)
[2025-01-07T21:08:58.366+0000][89008.732s][info][gc          ] GC(3630) Pause Young (Normal) (G1 Evacuation Pause) 9675M->2360M(12288M) 25.935ms
[2025-01-07T21:08:58.366+0000][89008.732s][info][gc,cpu      ] GC(3630) User=0.15s Sys=0.00s Real=0.03s
[2025-01-07T21:09:09.225+0000][89019.591s][info][gc,start    ] GC(3631) Pause Young (Concurrent Start) (G1 Evacuation Pause)
[2025-01-07T21:09:09.225+0000][89019.591s][info][gc,task     ] GC(3631) Using 6 workers of 6 for evacuation
[2025-01-07T21:09:09.257+0000][89019.623s][info][gc,phases   ] GC(3631)   Pre Evacuate Collection Set: 1.0ms
[2025-01-07T21:09:09.257+0000][89019.623s][info][gc,phases   ] GC(3631)   Merge Heap Roots: 0.5ms
[2025-01-07T21:09:09.257+0000][89019.623s][info][gc,phases   ] GC(3631)   Evacuate Collection Set: 27.8ms
[2025-01-07T21:09:09.257+0000][89019.623s][info][gc,phases   ] GC(3631)   Post Evacuate Collection Set: 2.5ms
[2025-01-07T21:09:09.257+0000][89019.623s][info][gc,phases   ] GC(3631)   Other: 0.3ms
[2025-01-07T21:09:09.257+0000][89019.623s][info][gc,heap     ] GC(3631) Eden regions: 914->0(913)
[2025-01-07T21:09:09.257+0000][89019.623s][info][gc,heap     ] GC(3631) Survivor regions: 7->8(116)
[2025-01-07T21:09:09.257+0000][89019.623s][info][gc,heap     ] GC(3631) Old regions: 239->239
[2025-01-07T21:09:09.257+0000][89019.623s][info][gc,heap     ] GC(3631) Archive regions: 2->2
[2025-01-07T21:09:09.257+0000][89019.623s][info][gc,heap     ] GC(3631) Humongous regions: 49->49
[2025-01-07T21:09:09.257+0000][89019.623s][info][gc,metaspace] GC(3631) Metaspace: 498931K(507200K)->498931K(507200K) NonClass: 438344K(442560K)->438344K(442560K) Class: 60586K(64640K)->60586K(64640K)
[2025-01-07T21:09:09.257+0000][89019.623s][info][gc          ] GC(3631) Pause Young (Concurrent Start) (G1 Evacuation Pause) 9672M->2372M(12288M) 32.109ms
[2025-01-07T21:09:09.257+0000][89019.623s][info][gc,cpu      ] GC(3631) User=0.19s Sys=0.00s Real=0.03s
[2025-01-07T21:09:09.257+0000][89019.623s][info][gc          ] GC(3632) Concurrent Mark Cycle
[2025-01-07T21:09:09.257+0000][89019.623s][info][gc,marking  ] GC(3632) Concurrent Clear Claimed Marks
[2025-01-07T21:09:09.258+0000][89019.624s][info][gc,marking  ] GC(3632) Concurrent Clear Claimed Marks 0.821ms
[2025-01-07T21:09:09.258+0000][89019.624s][info][gc,marking  ] GC(3632) Concurrent Scan Root Regions
[2025-01-07T21:09:09.283+0000][89019.649s][info][gc,marking  ] GC(3632) Concurrent Scan Root Regions 25.617ms
[2025-01-07T21:09:09.283+0000][89019.649s][info][gc,marking  ] GC(3632) Concurrent Mark
[2025-01-07T21:09:09.283+0000][89019.649s][info][gc,marking  ] GC(3632) Concurrent Mark From Roots
[2025-01-07T21:09:09.283+0000][89019.649s][info][gc,task     ] GC(3632) Using 2 workers of 2 for marking
[2025-01-07T21:09:10.233+0000][89020.599s][info][gc,marking  ] GC(3632) Concurrent Mark From Roots 949.581ms
[2025-01-07T21:09:10.233+0000][89020.599s][info][gc,marking  ] GC(3632) Concurrent Preclean
[2025-01-07T21:09:10.235+0000][89020.601s][info][gc,marking  ] GC(3632) Concurrent Preclean 2.019ms
[2025-01-07T21:09:10.235+0000][89020.601s][info][gc,start    ] GC(3632) Pause Remark
[2025-01-07T21:09:10.261+0000][89020.627s][info][gc          ] GC(3632) Pause Remark 3384M->3384M(12288M) 25.688ms
[2025-01-07T21:09:10.261+0000][89020.627s][info][gc,cpu      ] GC(3632) User=0.14s Sys=0.00s Real=0.02s
[2025-01-07T21:09:10.261+0000][89020.627s][info][gc,marking  ] GC(3632) Concurrent Mark 977.688ms
[2025-01-07T21:09:10.261+0000][89020.627s][info][gc,marking  ] GC(3632) Concurrent Rebuild Remembered Sets
[2025-01-07T21:09:10.740+0000][89021.106s][info][gc,marking  ] GC(3632) Concurrent Rebuild Remembered Sets 479.026ms
[2025-01-07T21:09:10.740+0000][89021.106s][info][gc,start    ] GC(3632) Pause Cleanup
[2025-01-07T21:09:10.741+0000][89021.107s][info][gc          ] GC(3632) Pause Cleanup 3844M->3844M(12288M) 0.453ms
[2025-01-07T21:09:10.741+0000][89021.107s][info][gc,cpu      ] GC(3632) User=0.00s Sys=0.00s Real=0.00s
[2025-01-07T21:09:10.741+0000][89021.107s][info][gc,marking  ] GC(3632) Concurrent Cleanup for Next Mark
[2025-01-07T21:09:10.756+0000][89021.122s][info][gc,marking  ] GC(3632) Concurrent Cleanup for Next Mark 15.492ms
[2025-01-07T21:09:10.756+0000][89021.122s][info][gc          ] GC(3632) Concurrent Mark Cycle 1499.501ms
[2025-01-07T21:09:14.348+0000][89024.714s][info][gc,start    ] GC(3633) Pause Young (Prepare Mixed) (G1 Evacuation Pause)
[2025-01-07T21:09:14.348+0000][89024.714s][info][gc,task     ] GC(3633) Using 6 workers of 6 for evacuation
[2025-01-07T21:09:14.382+0000][89024.748s][info][gc,phases   ] GC(3633)   Pre Evacuate Collection Set: 0.2ms
[2025-01-07T21:09:14.382+0000][89024.748s][info][gc,phases   ] GC(3633)   Merge Heap Roots: 0.7ms
[2025-01-07T21:09:14.382+0000][89024.748s][info][gc,phases   ] GC(3633)   Evacuate Collection Set: 30.9ms
[2025-01-07T21:09:14.382+0000][89024.748s][info][gc,phases   ] GC(3633)   Post Evacuate Collection Set: 2.6ms
[2025-01-07T21:09:14.382+0000][89024.748s][info][gc,phases   ] GC(3633)   Other: 0.2ms
[2025-01-07T21:09:14.382+0000][89024.748s][info][gc,heap     ] GC(3633) Eden regions: 913->0(66)
[2025-01-07T21:09:14.382+0000][89024.748s][info][gc,heap     ] GC(3633) Survivor regions: 8->10(116)
[2025-01-07T21:09:14.382+0000][89024.748s][info][gc,heap     ] GC(3633) Old regions: 239->239
[2025-01-07T21:09:14.382+0000][89024.748s][info][gc,heap     ] GC(3633) Archive regions: 2->2
[2025-01-07T21:09:14.382+0000][89024.748s][info][gc,heap     ] GC(3633) Humongous regions: 49->49
[2025-01-07T21:09:14.382+0000][89024.748s][info][gc,metaspace] GC(3633) Metaspace: 498931K(507200K)->498931K(507200K) NonClass: 438344K(442560K)->438344K(442560K) Class: 60586K(64640K)->60586K(64640K)
[2025-01-07T21:09:14.382+0000][89024.748s][info][gc          ] GC(3633) Pause Young (Prepare Mixed) (G1 Evacuation Pause) 9676M->2383M(12288M) 34.588ms
[2025-01-07T21:09:14.382+0000][89024.748s][info][gc,cpu      ] GC(3633) User=0.20s Sys=0.00s Real=0.04s
[2025-01-07T21:09:14.742+0000][89025.108s][info][gc,start    ] GC(3634) Pause Young (Mixed) (G1 Evacuation Pause)
[2025-01-07T21:09:14.742+0000][89025.108s][info][gc,task     ] GC(3634) Using 6 workers of 6 for evacuation
[2025-01-07T21:09:14.794+0000][89025.160s][info][gc,phases   ] GC(3634)   Pre Evacuate Collection Set: 0.2ms
[2025-01-07T21:09:14.794+0000][89025.161s][info][gc,phases   ] GC(3634)   Merge Heap Roots: 0.4ms
[2025-01-07T21:09:14.794+0000][89025.161s][info][gc,phases   ] GC(3634)   Evacuate Collection Set: 50.1ms
[2025-01-07T21:09:14.794+0000][89025.161s][info][gc,phases   ] GC(3634)   Post Evacuate Collection Set: 1.8ms
[2025-01-07T21:09:14.794+0000][89025.161s][info][gc,phases   ] GC(3634)   Other: 0.2ms
[2025-01-07T21:09:14.794+0000][89025.161s][info][gc,heap     ] GC(3634) Eden regions: 66->0(916)
[2025-01-07T21:09:14.794+0000][89025.161s][info][gc,heap     ] GC(3634) Survivor regions: 10->5(10)
[2025-01-07T21:09:14.794+0000][89025.161s][info][gc,heap     ] GC(3634) Old regions: 239->237
[2025-01-07T21:09:14.794+0000][89025.161s][info][gc,heap     ] GC(3634) Archive regions: 2->2
[2025-01-07T21:09:14.794+0000][89025.161s][info][gc,heap     ] GC(3634) Humongous regions: 49->49
[2025-01-07T21:09:14.794+0000][89025.161s][info][gc,metaspace] GC(3634) Metaspace: 498931K(507200K)->498931K(507200K) NonClass: 438344K(442560K)->438344K(442560K) Class: 60586K(64640K)->60586K(64640K)
[2025-01-07T21:09:14.794+0000][89025.161s][info][gc          ] GC(3634) Pause Young (Mixed) (G1 Evacuation Pause) 2911M->2332M(12288M) 52.773ms
[2025-01-07T21:09:14.795+0000][89025.161s][info][gc,cpu      ] GC(3634) User=0.28s Sys=0.00s Real=0.05s
[2025-01-07T21:09:23.277+0000][89033.643s][info][gc,start    ] GC(3635) Pause Young (Normal) (G1 Evacuation Pause)
[2025-01-07T21:09:23.277+0000][89033.643s][info][gc,task     ] GC(3635) Using 6 workers of 6 for evacuation
[2025-01-07T21:09:23.305+0000][89033.671s][info][gc,phases   ] GC(3635)   Pre Evacuate Collection Set: 0.2ms
[2025-01-07T21:09:23.305+0000][89033.671s][info][gc,phases   ] GC(3635)   Merge Heap Roots: 0.4ms
[2025-01-07T21:09:23.305+0000][89033.671s][info][gc,phases   ] GC(3635)   Evacuate Collection Set: 24.3ms
[2025-01-07T21:09:23.305+0000][89033.671s][info][gc,phases   ] GC(3635)   Post Evacuate Collection Set: 2.6ms
[2025-01-07T21:09:23.305+0000][89033.671s][info][gc,phases   ] GC(3635)   Other: 0.2ms
[2025-01-07T21:09:23.305+0000][89033.671s][info][gc,heap     ] GC(3635) Eden regions: 916->0(915)
[2025-01-07T21:09:23.305+0000][89033.671s][info][gc,heap     ] GC(3635) Survivor regions: 5->6(116)
[2025-01-07T21:09:23.305+0000][89033.671s][info][gc,heap     ] GC(3635) Old regions: 237->237
[2025-01-07T21:09:23.305+0000][89033.671s][info][gc,heap     ] GC(3635) Archive regions: 2->2
[2025-01-07T21:09:23.305+0000][89033.671s][info][gc,heap     ] GC(3635) Humongous regions: 49->49
[2025-01-07T21:09:23.305+0000][89033.671s][info][gc,metaspace] GC(3635) Metaspace: 498931K(507200K)->498931K(507200K) NonClass: 438344K(442560K)->438344K(442560K) Class: 60586K(64640K)->60586K(64640K)
[2025-01-07T21:09:23.305+0000][89033.671s][info][gc          ] GC(3635) Pause Young (Normal) (G1 Evacuation Pause) 9660M->2340M(12288M) 27.841ms
[2025-01-07T21:09:23.305+0000][89033.671s][info][gc,cpu      ] GC(3635) User=0.16s Sys=0.00s Real=0.03s
[2025-01-07T21:09:31.588+0000][89041.955s][info][gc,start    ] GC(3636) Pause Young (Normal) (G1 Evacuation Pause)
[2025-01-07T21:09:31.588+0000][89041.955s][info][gc,task     ] GC(3636) Using 6 workers of 6 for evacuation
[2025-01-07T21:09:31.620+0000][89041.986s][info][gc,phases   ] GC(3636)   Pre Evacuate Collection Set: 0.2ms
[2025-01-07T21:09:31.620+0000][89041.986s][info][gc,phases   ] GC(3636)   Merge Heap Roots: 0.4ms
[2025-01-07T21:09:31.620+0000][89041.986s][info][gc,phases   ] GC(3636)   Evacuate Collection Set: 25.9ms
[2025-01-07T21:09:31.620+0000][89041.986s][info][gc,phases   ] GC(3636)   Post Evacuate Collection Set: 5.2ms
[2025-01-07T21:09:31.620+0000][89041.986s][info][gc,phases   ] GC(3636)   Other: 0.2ms
[2025-01-07T21:09:31.620+0000][89041.986s][info][gc,heap     ] GC(3636) Eden regions: 915->0(913)
[2025-01-07T21:09:31.620+0000][89041.986s][info][gc,heap     ] GC(3636) Survivor regions: 6->8(116)
[2025-01-07T21:09:31.620+0000][89041.986s][info][gc,heap     ] GC(3636) Old regions: 237->237
[2025-01-07T21:09:31.620+0000][89041.986s][info][gc,heap     ] GC(3636) Archive regions: 2->2
[2025-01-07T21:09:31.620+0000][89041.987s][info][gc,heap     ] GC(3636) Humongous regions: 49->49
[2025-01-07T21:09:31.620+0000][89041.987s][info][gc,metaspace] GC(3636) Metaspace: 498931K(507200K)->498931K(507200K) NonClass: 438344K(442560K)->438344K(442560K) Class: 60586K(64640K)->60586K(64640K)
[2025-01-07T21:09:31.620+0000][89041.987s][info][gc          ] GC(3636) Pause Young (Normal) (G1 Evacuation Pause) 9660M->2356M(12288M) 32.022ms
[2025-01-07T21:09:31.620+0000][89041.987s][info][gc,cpu      ] GC(3636) User=0.19s Sys=0.00s Real=0.03s
[2025-01-07T21:09:41.254+0000][89051.620s][info][gc,start    ] GC(3637) Pause Young (Concurrent Start) (G1 Evacuation Pause)
[2025-01-07T21:09:41.254+0000][89051.620s][info][gc,task     ] GC(3637) Using 6 workers of 6 for evacuation
[2025-01-07T21:09:41.290+0000][89051.656s][info][gc,phases   ] GC(3637)   Pre Evacuate Collection Set: 1.0ms
[2025-01-07T21:09:41.290+0000][89051.657s][info][gc,phases   ] GC(3637)   Merge Heap Roots: 0.5ms
[2025-01-07T21:09:41.290+0000][89051.657s][info][gc,phases   ] GC(3637)   Evacuate Collection Set: 32.4ms
[2025-01-07T21:09:41.290+0000][89051.657s][info][gc,phases   ] GC(3637)   Post Evacuate Collection Set: 2.6ms
[2025-01-07T21:09:41.290+0000][89051.657s][info][gc,phases   ] GC(3637)   Other: 0.3ms
[2025-01-07T21:09:41.290+0000][89051.657s][info][gc,heap     ] GC(3637) Eden regions: 913->0(910)
[2025-01-07T21:09:41.290+0000][89051.657s][info][gc,heap     ] GC(3637) Survivor regions: 8->11(116)
[2025-01-07T21:09:41.290+0000][89051.657s][info][gc,heap     ] GC(3637) Old regions: 237->237
[2025-01-07T21:09:41.290+0000][89051.657s][info][gc,heap     ] GC(3637) Archive regions: 2->2
[2025-01-07T21:09:41.290+0000][89051.657s][info][gc,heap     ] GC(3637) Humongous regions: 49->49
[2025-01-07T21:09:41.290+0000][89051.657s][info][gc,metaspace] GC(3637) Metaspace: 498931K(507200K)->498931K(507200K) NonClass: 438344K(442560K)->438344K(442560K) Class: 60586K(64640K)->60586K(64640K)
[2025-01-07T21:09:41.290+0000][89051.657s][info][gc          ] GC(3637) Pause Young (Concurrent Start) (G1 Evacuation Pause) 9660M->2380M(12288M) 36.822ms
[2025-01-07T21:09:41.291+0000][89051.657s][info][gc,cpu      ] GC(3637) User=0.21s Sys=0.00s Real=0.04s
[2025-01-07T21:09:41.291+0000][89051.657s][info][gc          ] GC(3638) Concurrent Mark Cycle
[2025-01-07T21:09:41.291+0000][89051.657s][info][gc,marking  ] GC(3638) Concurrent Clear Claimed Marks
[2025-01-07T21:09:41.291+0000][89051.657s][info][gc,marking  ] GC(3638) Concurrent Clear Claimed Marks 0.815ms
[2025-01-07T21:09:41.291+0000][89051.658s][info][gc,marking  ] GC(3638) Concurrent Scan Root Regions
[2025-01-07T21:09:41.322+0000][89051.688s][info][gc,marking  ] GC(3638) Concurrent Scan Root Regions 30.217ms
[2025-01-07T21:09:41.322+0000][89051.688s][info][gc,marking  ] GC(3638) Concurrent Mark
[2025-01-07T21:09:41.322+0000][89051.688s][info][gc,marking  ] GC(3638) Concurrent Mark From Roots
[2025-01-07T21:09:41.322+0000][89051.688s][info][gc,task     ] GC(3638) Using 2 workers of 2 for marking
[2025-01-07T21:09:42.200+0000][89052.566s][info][gc,marking  ] GC(3638) Concurrent Mark From Roots 878.073ms
[2025-01-07T21:09:42.200+0000][89052.566s][info][gc,marking  ] GC(3638) Concurrent Preclean
[2025-01-07T21:09:42.202+0000][89052.569s][info][gc,marking  ] GC(3638) Concurrent Preclean 2.686ms
[2025-01-07T21:09:42.203+0000][89052.569s][info][gc,start    ] GC(3638) Pause Remark
[2025-01-07T21:09:42.228+0000][89052.594s][info][gc          ] GC(3638) Pause Remark 3308M->3308M(12288M) 25.185ms
[2025-01-07T21:09:42.228+0000][89052.594s][info][gc,cpu      ] GC(3638) User=0.14s Sys=0.00s Real=0.02s
[2025-01-07T21:09:42.228+0000][89052.594s][info][gc,marking  ] GC(3638) Concurrent Mark 906.285ms
[2025-01-07T21:09:42.228+0000][89052.594s][info][gc,marking  ] GC(3638) Concurrent Rebuild Remembered Sets
[2025-01-07T21:09:42.876+0000][89053.242s][info][gc,marking  ] GC(3638) Concurrent Rebuild Remembered Sets 648.092ms
[2025-01-07T21:09:42.876+0000][89053.242s][info][gc,start    ] GC(3638) Pause Cleanup
[2025-01-07T21:09:42.877+0000][89053.243s][info][gc          ] GC(3638) Pause Cleanup 4072M->4072M(12288M) 0.454ms
[2025-01-07T21:09:42.877+0000][89053.243s][info][gc,cpu      ] GC(3638) User=0.00s Sys=0.00s Real=0.00s
[2025-01-07T21:09:42.877+0000][89053.243s][info][gc,marking  ] GC(3638) Concurrent Cleanup for Next Mark
[2025-01-07T21:09:42.893+0000][89053.259s][info][gc,marking  ] GC(3638) Concurrent Cleanup for Next Mark 16.425ms
[2025-01-07T21:09:42.893+0000][89053.259s][info][gc          ] GC(3638) Concurrent Mark Cycle 1602.671ms
[2025-01-07T21:09:48.969+0000][89059.335s][info][gc,start    ] GC(3639) Pause Young (Prepare Mixed) (G1 Evacuation Pause)
[2025-01-07T21:09:48.969+0000][89059.335s][info][gc,task     ] GC(3639) Using 6 workers of 6 for evacuation
[2025-01-07T21:09:49.007+0000][89059.373s][info][gc,phases   ] GC(3639)   Pre Evacuate Collection Set: 0.2ms
[2025-01-07T21:09:49.007+0000][89059.373s][info][gc,phases   ] GC(3639)   Merge Heap Roots: 0.7ms
[2025-01-07T21:09:49.007+0000][89059.374s][info][gc,phases   ] GC(3639)   Evacuate Collection Set: 33.2ms
[2025-01-07T21:09:49.007+0000][89059.374s][info][gc,phases   ] GC(3639)   Post Evacuate Collection Set: 4.1ms
[2025-01-07T21:09:49.007+0000][89059.374s][info][gc,phases   ] GC(3639)   Other: 0.2ms
[2025-01-07T21:09:49.007+0000][89059.374s][info][gc,heap     ] GC(3639) Eden regions: 910->0(65)
[2025-01-07T21:09:49.007+0000][89059.374s][info][gc,heap     ] GC(3639) Survivor regions: 11->11(116)
[2025-01-07T21:09:49.007+0000][89059.374s][info][gc,heap     ] GC(3639) Old regions: 237->237
[2025-01-07T21:09:49.007+0000][89059.374s][info][gc,heap     ] GC(3639) Archive regions: 2->2
[2025-01-07T21:09:49.007+0000][89059.374s][info][gc,heap     ] GC(3639) Humongous regions: 49->49
[2025-01-07T21:09:49.007+0000][89059.374s][info][gc,metaspace] GC(3639) Metaspace: 498931K(507200K)->498931K(507200K) NonClass: 438344K(442560K)->438344K(442560K) Class: 60586K(64640K)->60586K(64640K)
[2025-01-07T21:09:49.007+0000][89059.374s][info][gc          ] GC(3639) Pause Young (Prepare Mixed) (G1 Evacuation Pause) 9660M->2375M(12288M) 38.439ms
[2025-01-07T21:09:49.008+0000][89059.374s][info][gc,cpu      ] GC(3639) User=0.22s Sys=0.00s Real=0.04s
[2025-01-07T21:09:49.649+0000][89060.015s][info][gc,start    ] GC(3640) Pause Young (Mixed) (G1 Evacuation Pause)
[2025-01-07T21:09:49.649+0000][89060.015s][info][gc,task     ] GC(3640) Using 6 workers of 6 for evacuation
[2025-01-07T21:09:49.706+0000][89060.072s][info][gc,phases   ] GC(3640)   Pre Evacuate Collection Set: 0.2ms
[2025-01-07T21:09:49.706+0000][89060.072s][info][gc,phases   ] GC(3640)   Merge Heap Roots: 0.6ms
[2025-01-07T21:09:49.706+0000][89060.072s][info][gc,phases   ] GC(3640)   Evacuate Collection Set: 54.2ms
[2025-01-07T21:09:49.706+0000][89060.072s][info][gc,phases   ] GC(3640)   Post Evacuate Collection Set: 1.7ms
[2025-01-07T21:09:49.706+0000][89060.072s][info][gc,phases   ] GC(3640)   Other: 0.2ms
[2025-01-07T21:09:49.706+0000][89060.072s][info][gc,heap     ] GC(3640) Eden regions: 65->0(916)
[2025-01-07T21:09:49.706+0000][89060.072s][info][gc,heap     ] GC(3640) Survivor regions: 11->5(10)
[2025-01-07T21:09:49.706+0000][89060.072s][info][gc,heap     ] GC(3640) Old regions: 237->237
[2025-01-07T21:09:49.706+0000][89060.072s][info][gc,heap     ] GC(3640) Archive regions: 2->2
[2025-01-07T21:09:49.706+0000][89060.072s][info][gc,heap     ] GC(3640) Humongous regions: 49->49
[2025-01-07T21:09:49.706+0000][89060.072s][info][gc,metaspace] GC(3640) Metaspace: 498931K(507200K)->498931K(507200K) NonClass: 438344K(442560K)->438344K(442560K) Class: 60586K(64640K)->60586K(64640K)
[2025-01-07T21:09:49.706+0000][89060.072s][info][gc          ] GC(3640) Pause Young (Mixed) (G1 Evacuation Pause) 2895M->2328M(12288M) 56.918ms
[2025-01-07T21:09:49.706+0000][89060.072s][info][gc,cpu      ] GC(3640) User=0.34s Sys=0.00s Real=0.06s
[2025-01-07T21:09:58.547+0000][89068.913s][info][gc,start    ] GC(3641) Pause Young (Normal) (G1 Evacuation Pause)
[2025-01-07T21:09:58.547+0000][89068.913s][info][gc,task     ] GC(3641) Using 6 workers of 6 for evacuation
[2025-01-07T21:09:58.575+0000][89068.941s][info][gc,phases   ] GC(3641)   Pre Evacuate Collection Set: 0.2ms
[2025-01-07T21:09:58.575+0000][89068.941s][info][gc,phases   ] GC(3641)   Merge Heap Roots: 0.4ms
[2025-01-07T21:09:58.575+0000][89068.941s][info][gc,phases   ] GC(3641)   Evacuate Collection Set: 23.9ms
[2025-01-07T21:09:58.575+0000][89068.941s][info][gc,phases   ] GC(3641)   Post Evacuate Collection Set: 2.6ms
[2025-01-07T21:09:58.575+0000][89068.941s][info][gc,phases   ] GC(3641)   Other: 0.2ms
[2025-01-07T21:09:58.575+0000][89068.941s][info][gc,heap     ] GC(3641) Eden regions: 916->0(914)
[2025-01-07T21:09:58.575+0000][89068.941s][info][gc,heap     ] GC(3641) Survivor regions: 5->7(116)
[2025-01-07T21:09:58.575+0000][89068.941s][info][gc,heap     ] GC(3641) Old regions: 237->237
[2025-01-07T21:09:58.575+0000][89068.941s][info][gc,heap     ] GC(3641) Archive regions: 2->2
[2025-01-07T21:09:58.575+0000][89068.941s][info][gc,heap     ] GC(3641) Humongous regions: 49->49
[2025-01-07T21:09:58.575+0000][89068.941s][info][gc,metaspace] GC(3641) Metaspace: 498931K(507200K)->498931K(507200K) NonClass: 438344K(442560K)->438344K(442560K) Class: 60586K(64640K)->60586K(64640K)
[2025-01-07T21:09:58.575+0000][89068.941s][info][gc          ] GC(3641) Pause Young (Normal) (G1 Evacuation Pause) 9656M->2342M(12288M) 27.449ms
[2025-01-07T21:09:58.575+0000][89068.941s][info][gc,cpu      ] GC(3641) User=0.16s Sys=0.00s Real=0.03s
[2025-01-07T21:10:08.277+0000][89078.643s][info][gc,start    ] GC(3642) Pause Young (Normal) (G1 Evacuation Pause)
[2025-01-07T21:10:08.277+0000][89078.643s][info][gc,task     ] GC(3642) Using 6 workers of 6 for evacuation
[2025-01-07T21:10:08.313+0000][89078.679s][info][gc,phases   ] GC(3642)   Pre Evacuate Collection Set: 0.2ms
[2025-01-07T21:10:08.313+0000][89078.679s][info][gc,phases   ] GC(3642)   Merge Heap Roots: 0.5ms
[2025-01-07T21:10:08.313+0000][89078.679s][info][gc,phases   ] GC(3642)   Evacuate Collection Set: 32.8ms
[2025-01-07T21:10:08.313+0000][89078.679s][info][gc,phases   ] GC(3642)   Post Evacuate Collection Set: 2.7ms
[2025-01-07T21:10:08.313+0000][89078.679s][info][gc,phases   ] GC(3642)   Other: 0.2ms
[2025-01-07T21:10:08.313+0000][89078.679s][info][gc,heap     ] GC(3642) Eden regions: 914->0(912)
[2025-01-07T21:10:08.313+0000][89078.679s][info][gc,heap     ] GC(3642) Survivor regions: 7->9(116)
[2025-01-07T21:10:08.313+0000][89078.679s][info][gc,heap     ] GC(3642) Old regions: 237->237
[2025-01-07T21:10:08.313+0000][89078.679s][info][gc,heap     ] GC(3642) Archive regions: 2->2
[2025-01-07T21:10:08.313+0000][89078.679s][info][gc,heap     ] GC(3642) Humongous regions: 49->49
[2025-01-07T21:10:08.313+0000][89078.679s][info][gc,metaspace] GC(3642) Metaspace: 498931K(507200K)->498931K(507200K) NonClass: 438344K(442560K)->438344K(442560K) Class: 60586K(64640K)->60586K(64640K)
[2025-01-07T21:10:08.313+0000][89078.679s][info][gc          ] GC(3642) Pause Young (Normal) (G1 Evacuation Pause) 9654M->2358M(12288M) 36.478ms
[2025-01-07T21:10:08.313+0000][89078.679s][info][gc,cpu      ] GC(3642) User=0.21s Sys=0.00s Real=0.04s
[2025-01-07T21:10:17.854+0000][89088.220s][info][gc,start    ] GC(3643) Pause Young (Concurrent Start) (G1 Evacuation Pause)
[2025-01-07T21:10:17.854+0000][89088.220s][info][gc,task     ] GC(3643) Using 6 workers of 6 for evacuation
[2025-01-07T21:10:17.896+0000][89088.262s][info][gc,phases   ] GC(3643)   Pre Evacuate Collection Set: 0.9ms
[2025-01-07T21:10:17.896+0000][89088.262s][info][gc,phases   ] GC(3643)   Merge Heap Roots: 0.5ms
[2025-01-07T21:10:17.896+0000][89088.262s][info][gc,phases   ] GC(3643)   Evacuate Collection Set: 36.9ms
[2025-01-07T21:10:17.896+0000][89088.262s][info][gc,phases   ] GC(3643)   Post Evacuate Collection Set: 2.9ms
[2025-01-07T21:10:17.896+0000][89088.262s][info][gc,phases   ] GC(3643)   Other: 0.3ms
[2025-01-07T21:10:17.896+0000][89088.262s][info][gc,heap     ] GC(3643) Eden regions: 912->0(911)
[2025-01-07T21:10:17.896+0000][89088.262s][info][gc,heap     ] GC(3643) Survivor regions: 9->10(116)
[2025-01-07T21:10:17.896+0000][89088.262s][info][gc,heap     ] GC(3643) Old regions: 237->237
[2025-01-07T21:10:17.896+0000][89088.262s][info][gc,heap     ] GC(3643) Archive regions: 2->2
[2025-01-07T21:10:17.896+0000][89088.262s][info][gc,heap     ] GC(3643) Humongous regions: 49->49
[2025-01-07T21:10:17.896+0000][89088.262s][info][gc,metaspace] GC(3643) Metaspace: 498931K(507200K)->498931K(507200K) NonClass: 438344K(442560K)->438344K(442560K) Class: 60586K(64640K)->60586K(64640K)
[2025-01-07T21:10:17.896+0000][89088.262s][info][gc          ] GC(3643) Pause Young (Concurrent Start) (G1 Evacuation Pause) 9654M->2369M(12288M) 41.584ms
[2025-01-07T21:10:17.896+0000][89088.262s][info][gc,cpu      ] GC(3643) User=0.24s Sys=0.00s Real=0.04s
[2025-01-07T21:10:17.896+0000][89088.262s][info][gc          ] GC(3644) Concurrent Mark Cycle
[2025-01-07T21:10:17.896+0000][89088.262s][info][gc,marking  ] GC(3644) Concurrent Clear Claimed Marks
[2025-01-07T21:10:17.897+0000][89088.263s][info][gc,marking  ] GC(3644) Concurrent Clear Claimed Marks 0.829ms
[2025-01-07T21:10:17.897+0000][89088.263s][info][gc,marking  ] GC(3644) Concurrent Scan Root Regions
[2025-01-07T21:10:17.920+0000][89088.286s][info][gc,marking  ] GC(3644) Concurrent Scan Root Regions 22.733ms
[2025-01-07T21:10:17.920+0000][89088.286s][info][gc,marking  ] GC(3644) Concurrent Mark
[2025-01-07T21:10:17.920+0000][89088.286s][info][gc,marking  ] GC(3644) Concurrent Mark From Roots
[2025-01-07T21:10:17.920+0000][89088.286s][info][gc,task     ] GC(3644) Using 2 workers of 2 for marking
[2025-01-07T21:10:18.786+0000][89089.153s][info][gc,marking  ] GC(3644) Concurrent Mark From Roots 866.915ms
[2025-01-07T21:10:18.786+0000][89089.153s][info][gc,marking  ] GC(3644) Concurrent Preclean
[2025-01-07T21:10:18.789+0000][89089.155s][info][gc,marking  ] GC(3644) Concurrent Preclean 2.084ms
[2025-01-07T21:10:18.789+0000][89089.155s][info][gc,start    ] GC(3644) Pause Remark
[2025-01-07T21:10:18.816+0000][89089.182s][info][gc          ] GC(3644) Pause Remark 3297M->3297M(12288M) 27.643ms
[2025-01-07T21:10:18.816+0000][89089.183s][info][gc,cpu      ] GC(3644) User=0.15s Sys=0.01s Real=0.03s
[2025-01-07T21:10:18.817+0000][89089.183s][info][gc,marking  ] GC(3644) Concurrent Mark 896.968ms
[2025-01-07T21:10:18.817+0000][89089.183s][info][gc,marking  ] GC(3644) Concurrent Rebuild Remembered Sets
[2025-01-07T21:10:19.297+0000][89089.663s][info][gc,marking  ] GC(3644) Concurrent Rebuild Remembered Sets 480.036ms
[2025-01-07T21:10:19.297+0000][89089.663s][info][gc,start    ] GC(3644) Pause Cleanup
[2025-01-07T21:10:19.297+0000][89089.663s][info][gc          ] GC(3644) Pause Cleanup 3733M->3733M(12288M) 0.554ms
[2025-01-07T21:10:19.297+0000][89089.663s][info][gc,cpu      ] GC(3644) User=0.00s Sys=0.00s Real=0.00s
[2025-01-07T21:10:19.297+0000][89089.663s][info][gc,marking  ] GC(3644) Concurrent Cleanup for Next Mark
[2025-01-07T21:10:19.326+0000][89089.692s][info][gc,marking  ] GC(3644) Concurrent Cleanup for Next Mark 28.127ms
[2025-01-07T21:10:19.326+0000][89089.692s][info][gc          ] GC(3644) Concurrent Mark Cycle 1429.677ms
[2025-01-07T21:10:24.613+0000][89094.979s][info][gc,start    ] GC(3645) Pause Young (Prepare Mixed) (G1 Evacuation Pause)
[2025-01-07T21:10:24.613+0000][89094.979s][info][gc,task     ] GC(3645) Using 6 workers of 6 for evacuation
[2025-01-07T21:10:24.657+0000][89095.023s][info][gc,phases   ] GC(3645)   Pre Evacuate Collection Set: 0.2ms
[2025-01-07T21:10:24.657+0000][89095.023s][info][gc,phases   ] GC(3645)   Merge Heap Roots: 0.8ms
[2025-01-07T21:10:24.657+0000][89095.023s][info][gc,phases   ] GC(3645)   Evacuate Collection Set: 39.1ms
[2025-01-07T21:10:24.657+0000][89095.023s][info][gc,phases   ] GC(3645)   Post Evacuate Collection Set: 4.0ms
[2025-01-07T21:10:24.657+0000][89095.023s][info][gc,phases   ] GC(3645)   Other: 0.2ms
[2025-01-07T21:10:24.657+0000][89095.023s][info][gc,heap     ] GC(3645) Eden regions: 911->0(63)
[2025-01-07T21:10:24.657+0000][89095.023s][info][gc,heap     ] GC(3645) Survivor regions: 10->13(116)
[2025-01-07T21:10:24.657+0000][89095.023s][info][gc,heap     ] GC(3645) Old regions: 237->237
[2025-01-07T21:10:24.657+0000][89095.023s][info][gc,heap     ] GC(3645) Archive regions: 2->2
[2025-01-07T21:10:24.657+0000][89095.023s][info][gc,heap     ] GC(3645) Humongous regions: 49->49
[2025-01-07T21:10:24.657+0000][89095.023s][info][gc,metaspace] GC(3645) Metaspace: 498931K(507200K)->498931K(507200K) NonClass: 438344K(442560K)->438344K(442560K) Class: 60586K(64640K)->60586K(64640K)
[2025-01-07T21:10:24.657+0000][89095.023s][info][gc          ] GC(3645) Pause Young (Prepare Mixed) (G1 Evacuation Pause) 9657M->2395M(12288M) 44.335ms
[2025-01-07T21:10:24.657+0000][89095.023s][info][gc,cpu      ] GC(3645) User=0.26s Sys=0.00s Real=0.04s
[2025-01-07T21:10:25.210+0000][89095.576s][info][gc,start    ] GC(3646) Pause Young (Mixed) (G1 Evacuation Pause)
[2025-01-07T21:10:25.210+0000][89095.576s][info][gc,task     ] GC(3646) Using 6 workers of 6 for evacuation
[2025-01-07T21:10:25.279+0000][89095.645s][info][gc,phases   ] GC(3646)   Pre Evacuate Collection Set: 0.2ms
[2025-01-07T21:10:25.279+0000][89095.645s][info][gc,phases   ] GC(3646)   Merge Heap Roots: 0.8ms
[2025-01-07T21:10:25.279+0000][89095.645s][info][gc,phases   ] GC(3646)   Evacuate Collection Set: 66.1ms
[2025-01-07T21:10:25.279+0000][89095.645s][info][gc,phases   ] GC(3646)   Post Evacuate Collection Set: 1.7ms
[2025-01-07T21:10:25.279+0000][89095.645s][info][gc,phases   ] GC(3646)   Other: 0.2ms
[2025-01-07T21:10:25.279+0000][89095.645s][info][gc,heap     ] GC(3646) Eden regions: 63->0(917)
[2025-01-07T21:10:25.279+0000][89095.645s][info][gc,heap     ] GC(3646) Survivor regions: 13->4(10)
[2025-01-07T21:10:25.279+0000][89095.645s][info][gc,heap     ] GC(3646) Old regions: 237->239
[2025-01-07T21:10:25.279+0000][89095.645s][info][gc,heap     ] GC(3646) Archive regions: 2->2
[2025-01-07T21:10:25.279+0000][89095.645s][info][gc,heap     ] GC(3646) Humongous regions: 49->49
[2025-01-07T21:10:25.279+0000][89095.645s][info][gc,metaspace] GC(3646) Metaspace: 498931K(507200K)->498931K(507200K) NonClass: 438344K(442560K)->438344K(442560K) Class: 60586K(64640K)->60586K(64640K)
[2025-01-07T21:10:25.279+0000][89095.645s][info][gc          ] GC(3646) Pause Young (Mixed) (G1 Evacuation Pause) 2899M->2341M(12288M) 69.063ms
[2025-01-07T21:10:25.279+0000][89095.645s][info][gc,cpu      ] GC(3646) User=0.40s Sys=0.00s Real=0.06s
[2025-01-07T21:10:31.956+0000][89102.322s][info][gc,start    ] GC(3647) Pause Young (Normal) (G1 Evacuation Pause)
[2025-01-07T21:10:31.956+0000][89102.322s][info][gc,task     ] GC(3647) Using 6 workers of 6 for evacuation
[2025-01-07T21:10:31.978+0000][89102.344s][info][gc,phases   ] GC(3647)   Pre Evacuate Collection Set: 0.2ms
[2025-01-07T21:10:31.978+0000][89102.344s][info][gc,phases   ] GC(3647)   Merge Heap Roots: 0.4ms
[2025-01-07T21:10:31.978+0000][89102.344s][info][gc,phases   ] GC(3647)   Evacuate Collection Set: 17.2ms
[2025-01-07T21:10:31.978+0000][89102.344s][info][gc,phases   ] GC(3647)   Post Evacuate Collection Set: 3.9ms
[2025-01-07T21:10:31.978+0000][89102.344s][info][gc,phases   ] GC(3647)   Other: 0.2ms
[2025-01-07T21:10:31.978+0000][89102.344s][info][gc,heap     ] GC(3647) Eden regions: 917->0(916)
[2025-01-07T21:10:31.978+0000][89102.344s][info][gc,heap     ] GC(3647) Survivor regions: 4->5(116)
[2025-01-07T21:10:31.978+0000][89102.344s][info][gc,heap     ] GC(3647) Old regions: 239->239
[2025-01-07T21:10:31.978+0000][89102.344s][info][gc,heap     ] GC(3647) Archive regions: 2->2
[2025-01-07T21:10:31.978+0000][89102.344s][info][gc,heap     ] GC(3647) Humongous regions: 49->49
[2025-01-07T21:10:31.978+0000][89102.344s][info][gc,metaspace] GC(3647) Metaspace: 498931K(507200K)->498931K(507200K) NonClass: 438344K(442560K)->438344K(442560K) Class: 60586K(64640K)->60586K(64640K)
[2025-01-07T21:10:31.978+0000][89102.344s][info][gc          ] GC(3647) Pause Young (Normal) (G1 Evacuation Pause) 9677M->2349M(12288M) 21.983ms
[2025-01-07T21:10:31.978+0000][89102.344s][info][gc,cpu      ] GC(3647) User=0.13s Sys=0.00s Real=0.02s
[2025-01-07T21:10:39.633+0000][89109.999s][info][gc,start    ] GC(3648) Pause Young (Normal) (G1 Evacuation Pause)
[2025-01-07T21:10:39.633+0000][89109.999s][info][gc,task     ] GC(3648) Using 6 workers of 6 for evacuation
[2025-01-07T21:10:39.657+0000][89110.023s][info][gc,phases   ] GC(3648)   Pre Evacuate Collection Set: 0.2ms
[2025-01-07T21:10:39.657+0000][89110.023s][info][gc,phases   ] GC(3648)   Merge Heap Roots: 0.4ms
[2025-01-07T21:10:39.657+0000][89110.023s][info][gc,phases   ] GC(3648)   Evacuate Collection Set: 20.1ms
[2025-01-07T21:10:39.657+0000][89110.023s][info][gc,phases   ] GC(3648)   Post Evacuate Collection Set: 3.9ms
[2025-01-07T21:10:39.657+0000][89110.023s][info][gc,phases   ] GC(3648)   Other: 0.2ms
[2025-01-07T21:10:39.657+0000][89110.023s][info][gc,heap     ] GC(3648) Eden regions: 916->0(915)
[2025-01-07T21:10:39.657+0000][89110.023s][info][gc,heap     ] GC(3648) Survivor regions: 5->6(116)
[2025-01-07T21:10:39.657+0000][89110.023s][info][gc,heap     ] GC(3648) Old regions: 239->239
[2025-01-07T21:10:39.657+0000][89110.023s][info][gc,heap     ] GC(3648) Archive regions: 2->2
[2025-01-07T21:10:39.657+0000][89110.023s][info][gc,heap     ] GC(3648) Humongous regions: 49->49
[2025-01-07T21:10:39.657+0000][89110.023s][info][gc,metaspace] GC(3648) Metaspace: 498931K(507200K)->498931K(507200K) NonClass: 438344K(442560K)->438344K(442560K) Class: 60586K(64640K)->60586K(64640K)
[2025-01-07T21:10:39.657+0000][89110.024s][info][gc          ] GC(3648) Pause Young (Normal) (G1 Evacuation Pause) 9677M->2357M(12288M) 24.901ms
[2025-01-07T21:10:39.658+0000][89110.024s][info][gc,cpu      ] GC(3648) User=0.14s Sys=0.00s Real=0.02s
[2025-01-07T21:10:50.111+0000][89120.477s][info][gc,start    ] GC(3649) Pause Young (Concurrent Start) (G1 Evacuation Pause)
[2025-01-07T21:10:50.111+0000][89120.477s][info][gc,task     ] GC(3649) Using 6 workers of 6 for evacuation
[2025-01-07T21:10:50.141+0000][89120.507s][info][gc,phases   ] GC(3649)   Pre Evacuate Collection Set: 1.0ms
[2025-01-07T21:10:50.141+0000][89120.507s][info][gc,phases   ] GC(3649)   Merge Heap Roots: 0.4ms
[2025-01-07T21:10:50.141+0000][89120.507s][info][gc,phases   ] GC(3649)   Evacuate Collection Set: 25.8ms
[2025-01-07T21:10:50.141+0000][89120.507s][info][gc,phases   ] GC(3649)   Post Evacuate Collection Set: 2.5ms
[2025-01-07T21:10:50.141+0000][89120.507s][info][gc,phases   ] GC(3649)   Other: 0.3ms
[2025-01-07T21:10:50.141+0000][89120.507s][info][gc,heap     ] GC(3649) Eden regions: 915->0(913)
[2025-01-07T21:10:50.141+0000][89120.507s][info][gc,heap     ] GC(3649) Survivor regions: 6->8(116)
[2025-01-07T21:10:50.141+0000][89120.507s][info][gc,heap     ] GC(3649) Old regions: 239->239
[2025-01-07T21:10:50.141+0000][89120.507s][info][gc,heap     ] GC(3649) Archive regions: 2->2
[2025-01-07T21:10:50.141+0000][89120.507s][info][gc,heap     ] GC(3649) Humongous regions: 49->49
[2025-01-07T21:10:50.141+0000][89120.507s][info][gc,metaspace] GC(3649) Metaspace: 498931K(507200K)->498931K(507200K) NonClass: 438345K(442560K)->438345K(442560K) Class: 60586K(64640K)->60586K(64640K)
[2025-01-07T21:10:50.141+0000][89120.507s][info][gc          ] GC(3649) Pause Young (Concurrent Start) (G1 Evacuation Pause) 9677M->2367M(12288M) 30.127ms
[2025-01-07T21:10:50.141+0000][89120.507s][info][gc,cpu      ] GC(3649) User=0.18s Sys=0.00s Real=0.02s
[2025-01-07T21:10:50.141+0000][89120.507s][info][gc          ] GC(3650) Concurrent Mark Cycle
[2025-01-07T21:10:50.141+0000][89120.507s][info][gc,marking  ] GC(3650) Concurrent Clear Claimed Marks
[2025-01-07T21:10:50.142+0000][89120.508s][info][gc,marking  ] GC(3650) Concurrent Clear Claimed Marks 0.785ms
[2025-01-07T21:10:50.142+0000][89120.508s][info][gc,marking  ] GC(3650) Concurrent Scan Root Regions
[2025-01-07T21:10:50.161+0000][89120.527s][info][gc,marking  ] GC(3650) Concurrent Scan Root Regions 19.220ms
[2025-01-07T21:10:50.161+0000][89120.527s][info][gc,marking  ] GC(3650) Concurrent Mark
[2025-01-07T21:10:50.161+0000][89120.527s][info][gc,marking  ] GC(3650) Concurrent Mark From Roots
[2025-01-07T21:10:50.161+0000][89120.527s][info][gc,task     ] GC(3650) Using 2 workers of 2 for marking
[2025-01-07T21:10:51.034+0000][89121.400s][info][gc,marking  ] GC(3650) Concurrent Mark From Roots 873.005ms
[2025-01-07T21:10:51.034+0000][89121.400s][info][gc,marking  ] GC(3650) Concurrent Preclean
[2025-01-07T21:10:51.036+0000][89121.402s][info][gc,marking  ] GC(3650) Concurrent Preclean 2.066ms
[2025-01-07T21:10:51.036+0000][89121.402s][info][gc,start    ] GC(3650) Pause Remark
[2025-01-07T21:10:51.064+0000][89121.430s][info][gc          ] GC(3650) Pause Remark 3275M->3275M(12288M) 27.904ms
[2025-01-07T21:10:51.064+0000][89121.430s][info][gc,cpu      ] GC(3650) User=0.17s Sys=0.00s Real=0.03s
[2025-01-07T21:10:51.064+0000][89121.431s][info][gc,marking  ] GC(3650) Concurrent Mark 903.334ms
[2025-01-07T21:10:51.064+0000][89121.431s][info][gc,marking  ] GC(3650) Concurrent Rebuild Remembered Sets
[2025-01-07T21:10:51.691+0000][89122.057s][info][gc,marking  ] GC(3650) Concurrent Rebuild Remembered Sets 626.421ms
[2025-01-07T21:10:51.691+0000][89122.057s][info][gc,start    ] GC(3650) Pause Cleanup
[2025-01-07T21:10:51.692+0000][89122.058s][info][gc          ] GC(3650) Pause Cleanup 4047M->4047M(12288M) 0.435ms
[2025-01-07T21:10:51.692+0000][89122.058s][info][gc,cpu      ] GC(3650) User=0.00s Sys=0.00s Real=0.00s
[2025-01-07T21:10:51.692+0000][89122.058s][info][gc,marking  ] GC(3650) Concurrent Cleanup for Next Mark
[2025-01-07T21:10:51.708+0000][89122.074s][info][gc,marking  ] GC(3650) Concurrent Cleanup for Next Mark 16.395ms
[2025-01-07T21:10:51.708+0000][89122.074s][info][gc          ] GC(3650) Concurrent Mark Cycle 1567.110ms
[2025-01-07T21:11:02.052+0000][89132.418s][info][gc,start    ] GC(3651) Pause Young (Prepare Mixed) (G1 Evacuation Pause)
[2025-01-07T21:11:02.052+0000][89132.418s][info][gc,task     ] GC(3651) Using 6 workers of 6 for evacuation
[2025-01-07T21:11:02.087+0000][89132.453s][info][gc,phases   ] GC(3651)   Pre Evacuate Collection Set: 0.2ms
[2025-01-07T21:11:02.087+0000][89132.453s][info][gc,phases   ] GC(3651)   Merge Heap Roots: 0.7ms
[2025-01-07T21:11:02.087+0000][89132.453s][info][gc,phases   ] GC(3651)   Evacuate Collection Set: 31.4ms
[2025-01-07T21:11:02.087+0000][89132.453s][info][gc,phases   ] GC(3651)   Post Evacuate Collection Set: 2.8ms
[2025-01-07T21:11:02.087+0000][89132.453s][info][gc,phases   ] GC(3651)   Other: 0.2ms
[2025-01-07T21:11:02.087+0000][89132.453s][info][gc,heap     ] GC(3651) Eden regions: 913->0(66)
[2025-01-07T21:11:02.087+0000][89132.453s][info][gc,heap     ] GC(3651) Survivor regions: 8->10(116)
[2025-01-07T21:11:02.087+0000][89132.453s][info][gc,heap     ] GC(3651) Old regions: 239->239
[2025-01-07T21:11:02.087+0000][89132.453s][info][gc,heap     ] GC(3651) Archive regions: 2->2
[2025-01-07T21:11:02.087+0000][89132.453s][info][gc,heap     ] GC(3651) Humongous regions: 49->49
[2025-01-07T21:11:02.087+0000][89132.453s][info][gc,metaspace] GC(3651) Metaspace: 498932K(507200K)->498932K(507200K) NonClass: 438346K(442560K)->438346K(442560K) Class: 60586K(64640K)->60586K(64640K)
[2025-01-07T21:11:02.087+0000][89132.453s][info][gc          ] GC(3651) Pause Young (Prepare Mixed) (G1 Evacuation Pause) 9671M->2385M(12288M) 35.377ms
[2025-01-07T21:11:02.087+0000][89132.453s][info][gc,cpu      ] GC(3651) User=0.21s Sys=0.00s Real=0.03s
[2025-01-07T21:11:02.597+0000][89132.963s][info][gc,start    ] GC(3652) Pause Young (Mixed) (G1 Evacuation Pause)
[2025-01-07T21:11:02.597+0000][89132.963s][info][gc,task     ] GC(3652) Using 6 workers of 6 for evacuation
[2025-01-07T21:11:02.658+0000][89133.024s][info][gc,phases   ] GC(3652)   Pre Evacuate Collection Set: 0.2ms
[2025-01-07T21:11:02.658+0000][89133.024s][info][gc,phases   ] GC(3652)   Merge Heap Roots: 0.6ms
[2025-01-07T21:11:02.658+0000][89133.024s][info][gc,phases   ] GC(3652)   Evacuate Collection Set: 58.5ms
[2025-01-07T21:11:02.658+0000][89133.024s][info][gc,phases   ] GC(3652)   Post Evacuate Collection Set: 2.2ms
[2025-01-07T21:11:02.658+0000][89133.024s][info][gc,phases   ] GC(3652)   Other: 0.2ms
[2025-01-07T21:11:02.658+0000][89133.024s][info][gc,heap     ] GC(3652) Eden regions: 66->0(916)
[2025-01-07T21:11:02.658+0000][89133.024s][info][gc,heap     ] GC(3652) Survivor regions: 10->5(10)
[2025-01-07T21:11:02.658+0000][89133.024s][info][gc,heap     ] GC(3652) Old regions: 239->239
[2025-01-07T21:11:02.658+0000][89133.024s][info][gc,heap     ] GC(3652) Archive regions: 2->2
[2025-01-07T21:11:02.658+0000][89133.024s][info][gc,heap     ] GC(3652) Humongous regions: 49->49
[2025-01-07T21:11:02.658+0000][89133.024s][info][gc,metaspace] GC(3652) Metaspace: 498932K(507200K)->498932K(507200K) NonClass: 438346K(442560K)->438346K(442560K) Class: 60586K(64640K)->60586K(64640K)
[2025-01-07T21:11:02.658+0000][89133.024s][info][gc          ] GC(3652) Pause Young (Mixed) (G1 Evacuation Pause) 2913M->2342M(12288M) 61.736ms
[2025-01-07T21:11:02.658+0000][89133.024s][info][gc,cpu      ] GC(3652) User=0.34s Sys=0.00s Real=0.06s
[2025-01-07T21:11:11.877+0000][89142.243s][info][gc,start    ] GC(3653) Pause Young (Normal) (G1 Evacuation Pause)
[2025-01-07T21:11:11.877+0000][89142.243s][info][gc,task     ] GC(3653) Using 6 workers of 6 for evacuation
[2025-01-07T21:11:11.901+0000][89142.267s][info][gc,phases   ] GC(3653)   Pre Evacuate Collection Set: 0.2ms
[2025-01-07T21:11:11.901+0000][89142.267s][info][gc,phases   ] GC(3653)   Merge Heap Roots: 0.4ms
[2025-01-07T21:11:11.901+0000][89142.267s][info][gc,phases   ] GC(3653)   Evacuate Collection Set: 21.1ms
[2025-01-07T21:11:11.901+0000][89142.267s][info][gc,phases   ] GC(3653)   Post Evacuate Collection Set: 2.6ms
[2025-01-07T21:11:11.901+0000][89142.267s][info][gc,phases   ] GC(3653)   Other: 0.2ms
[2025-01-07T21:11:11.901+0000][89142.268s][info][gc,heap     ] GC(3653) Eden regions: 916->0(915)
[2025-01-07T21:11:11.901+0000][89142.268s][info][gc,heap     ] GC(3653) Survivor regions: 5->6(116)
[2025-01-07T21:11:11.901+0000][89142.268s][info][gc,heap     ] GC(3653) Old regions: 239->239
[2025-01-07T21:11:11.901+0000][89142.268s][info][gc,heap     ] GC(3653) Archive regions: 2->2
[2025-01-07T21:11:11.901+0000][89142.268s][info][gc,heap     ] GC(3653) Humongous regions: 49->49
[2025-01-07T21:11:11.901+0000][89142.268s][info][gc,metaspace] GC(3653) Metaspace: 498932K(507200K)->498932K(507200K) NonClass: 438346K(442560K)->438346K(442560K) Class: 60586K(64640K)->60586K(64640K)
[2025-01-07T21:11:11.901+0000][89142.268s][info][gc          ] GC(3653) Pause Young (Normal) (G1 Evacuation Pause) 9670M->2355M(12288M) 24.651ms
[2025-01-07T21:11:11.902+0000][89142.268s][info][gc,cpu      ] GC(3653) User=0.14s Sys=0.00s Real=0.03s
[2025-01-07T21:11:21.201+0000][89151.567s][info][gc,start    ] GC(3654) Pause Young (Normal) (G1 Evacuation Pause)
[2025-01-07T21:11:21.201+0000][89151.567s][info][gc,task     ] GC(3654) Using 6 workers of 6 for evacuation
[2025-01-07T21:11:21.231+0000][89151.597s][info][gc,phases   ] GC(3654)   Pre Evacuate Collection Set: 0.2ms
[2025-01-07T21:11:21.231+0000][89151.597s][info][gc,phases   ] GC(3654)   Merge Heap Roots: 0.4ms
[2025-01-07T21:11:21.231+0000][89151.597s][info][gc,phases   ] GC(3654)   Evacuate Collection Set: 25.4ms
[2025-01-07T21:11:21.231+0000][89151.597s][info][gc,phases   ] GC(3654)   Post Evacuate Collection Set: 3.9ms
[2025-01-07T21:11:21.231+0000][89151.597s][info][gc,phases   ] GC(3654)   Other: 0.2ms
[2025-01-07T21:11:21.231+0000][89151.597s][info][gc,heap     ] GC(3654) Eden regions: 915->0(909)
[2025-01-07T21:11:21.231+0000][89151.597s][info][gc,heap     ] GC(3654) Survivor regions: 6->11(116)
[2025-01-07T21:11:21.231+0000][89151.597s][info][gc,heap     ] GC(3654) Old regions: 239->239
[2025-01-07T21:11:21.231+0000][89151.597s][info][gc,heap     ] GC(3654) Archive regions: 2->2
[2025-01-07T21:11:21.231+0000][89151.597s][info][gc,heap     ] GC(3654) Humongous regions: 49->49
[2025-01-07T21:11:21.231+0000][89151.597s][info][gc,metaspace] GC(3654) Metaspace: 498932K(507200K)->498932K(507200K) NonClass: 438346K(442560K)->438346K(442560K) Class: 60586K(64640K)->60586K(64640K)
[2025-01-07T21:11:21.231+0000][89151.597s][info][gc          ] GC(3654) Pause Young (Normal) (G1 Evacuation Pause) 9675M->2392M(12288M) 30.291ms
[2025-01-07T21:11:21.231+0000][89151.597s][info][gc,cpu      ] GC(3654) User=0.17s Sys=0.00s Real=0.04s
[2025-01-07T21:11:27.124+0000][89157.490s][info][gc,start    ] GC(3655) Pause Young (Concurrent Start) (G1 Evacuation Pause)
[2025-01-07T21:11:27.124+0000][89157.490s][info][gc,task     ] GC(3655) Using 6 workers of 6 for evacuation
[2025-01-07T21:11:27.154+0000][89157.520s][info][gc,phases   ] GC(3655)   Pre Evacuate Collection Set: 1.0ms
[2025-01-07T21:11:27.154+0000][89157.521s][info][gc,phases   ] GC(3655)   Merge Heap Roots: 0.4ms
[2025-01-07T21:11:27.154+0000][89157.521s][info][gc,phases   ] GC(3655)   Evacuate Collection Set: 25.2ms
[2025-01-07T21:11:27.154+0000][89157.521s][info][gc,phases   ] GC(3655)   Post Evacuate Collection Set: 3.8ms
[2025-01-07T21:11:27.154+0000][89157.521s][info][gc,phases   ] GC(3655)   Other: 0.3ms
[2025-01-07T21:11:27.154+0000][89157.521s][info][gc,heap     ] GC(3655) Eden regions: 909->0(912)
[2025-01-07T21:11:27.154+0000][89157.521s][info][gc,heap     ] GC(3655) Survivor regions: 11->9(115)
[2025-01-07T21:11:27.154+0000][89157.521s][info][gc,heap     ] GC(3655) Old regions: 239->239
[2025-01-07T21:11:27.154+0000][89157.521s][info][gc,heap     ] GC(3655) Archive regions: 2->2
[2025-01-07T21:11:27.154+0000][89157.521s][info][gc,heap     ] GC(3655) Humongous regions: 49->49
[2025-01-07T21:11:27.154+0000][89157.521s][info][gc,metaspace] GC(3655) Metaspace: 498932K(507200K)->498932K(507200K) NonClass: 438346K(442560K)->438346K(442560K) Class: 60586K(64640K)->60586K(64640K)
[2025-01-07T21:11:27.154+0000][89157.521s][info][gc          ] GC(3655) Pause Young (Concurrent Start) (G1 Evacuation Pause) 9664M->2380M(12288M) 30.796ms
[2025-01-07T21:11:27.155+0000][89157.521s][info][gc,cpu      ] GC(3655) User=0.17s Sys=0.00s Real=0.03s
[2025-01-07T21:11:27.155+0000][89157.521s][info][gc          ] GC(3656) Concurrent Mark Cycle
[2025-01-07T21:11:27.155+0000][89157.521s][info][gc,marking  ] GC(3656) Concurrent Clear Claimed Marks
[2025-01-07T21:11:27.155+0000][89157.522s][info][gc,marking  ] GC(3656) Concurrent Clear Claimed Marks 0.806ms
[2025-01-07T21:11:27.155+0000][89157.522s][info][gc,marking  ] GC(3656) Concurrent Scan Root Regions
[2025-01-07T21:11:27.176+0000][89157.542s][info][gc,marking  ] GC(3656) Concurrent Scan Root Regions 20.715ms
[2025-01-07T21:11:27.176+0000][89157.542s][info][gc,marking  ] GC(3656) Concurrent Mark
[2025-01-07T21:11:27.176+0000][89157.542s][info][gc,marking  ] GC(3656) Concurrent Mark From Roots
[2025-01-07T21:11:27.176+0000][89157.542s][info][gc,task     ] GC(3656) Using 2 workers of 2 for marking
[2025-01-07T21:11:28.215+0000][89158.581s][info][gc,marking  ] GC(3656) Concurrent Mark From Roots 1038.447ms
[2025-01-07T21:11:28.215+0000][89158.581s][info][gc,marking  ] GC(3656) Concurrent Preclean
[2025-01-07T21:11:28.217+0000][89158.583s][info][gc,marking  ] GC(3656) Concurrent Preclean 2.051ms
[2025-01-07T21:11:28.217+0000][89158.583s][info][gc,start    ] GC(3656) Pause Remark
[2025-01-07T21:11:28.242+0000][89158.608s][info][gc          ] GC(3656) Pause Remark 4036M->4036M(12288M) 25.484ms
[2025-01-07T21:11:28.242+0000][89158.609s][info][gc,cpu      ] GC(3656) User=0.15s Sys=0.00s Real=0.03s
[2025-01-07T21:11:28.243+0000][89158.609s][info][gc,marking  ] GC(3656) Concurrent Mark 1066.371ms
[2025-01-07T21:11:28.243+0000][89158.609s][info][gc,marking  ] GC(3656) Concurrent Rebuild Remembered Sets
[2025-01-07T21:11:28.725+0000][89159.091s][info][gc,marking  ] GC(3656) Concurrent Rebuild Remembered Sets 482.610ms
[2025-01-07T21:11:28.725+0000][89159.091s][info][gc,start    ] GC(3656) Pause Cleanup
[2025-01-07T21:11:28.726+0000][89159.092s][info][gc          ] GC(3656) Pause Cleanup 4644M->4644M(12288M) 0.448ms
[2025-01-07T21:11:28.726+0000][89159.092s][info][gc,cpu      ] GC(3656) User=0.00s Sys=0.00s Real=0.00s
[2025-01-07T21:11:28.726+0000][89159.092s][info][gc,marking  ] GC(3656) Concurrent Cleanup for Next Mark
[2025-01-07T21:11:28.741+0000][89159.107s][info][gc,marking  ] GC(3656) Concurrent Cleanup for Next Mark 15.272ms
[2025-01-07T21:11:28.741+0000][89159.107s][info][gc          ] GC(3656) Concurrent Mark Cycle 1586.610ms
[2025-01-07T21:11:35.723+0000][89166.089s][info][gc,start    ] GC(3657) Pause Young (Prepare Mixed) (G1 Evacuation Pause)
[2025-01-07T21:11:35.723+0000][89166.089s][info][gc,task     ] GC(3657) Using 6 workers of 6 for evacuation
[2025-01-07T21:11:35.757+0000][89166.123s][info][gc,phases   ] GC(3657)   Pre Evacuate Collection Set: 0.2ms
[2025-01-07T21:11:35.757+0000][89166.123s][info][gc,phases   ] GC(3657)   Merge Heap Roots: 0.7ms
[2025-01-07T21:11:35.757+0000][89166.123s][info][gc,phases   ] GC(3657)   Evacuate Collection Set: 28.9ms
[2025-01-07T21:11:35.757+0000][89166.123s][info][gc,phases   ] GC(3657)   Post Evacuate Collection Set: 4.1ms
[2025-01-07T21:11:35.757+0000][89166.123s][info][gc,phases   ] GC(3657)   Other: 0.2ms
[2025-01-07T21:11:35.757+0000][89166.123s][info][gc,heap     ] GC(3657) Eden regions: 912->0(66)
[2025-01-07T21:11:35.757+0000][89166.123s][info][gc,heap     ] GC(3657) Survivor regions: 9->10(116)
[2025-01-07T21:11:35.757+0000][89166.123s][info][gc,heap     ] GC(3657) Old regions: 239->239
[2025-01-07T21:11:35.757+0000][89166.123s][info][gc,heap     ] GC(3657) Archive regions: 2->2
[2025-01-07T21:11:35.757+0000][89166.123s][info][gc,heap     ] GC(3657) Humongous regions: 49->49
[2025-01-07T21:11:35.757+0000][89166.123s][info][gc,metaspace] GC(3657) Metaspace: 498933K(507200K)->498933K(507200K) NonClass: 438347K(442560K)->438347K(442560K) Class: 60586K(64640K)->60586K(64640K)
[2025-01-07T21:11:35.757+0000][89166.123s][info][gc          ] GC(3657) Pause Young (Prepare Mixed) (G1 Evacuation Pause) 9676M->2390M(12288M) 34.151ms
[2025-01-07T21:11:35.757+0000][89166.123s][info][gc,cpu      ] GC(3657) User=0.20s Sys=0.00s Real=0.03s
[2025-01-07T21:11:36.276+0000][89166.642s][info][gc,start    ] GC(3658) Pause Young (Mixed) (G1 Evacuation Pause)
[2025-01-07T21:11:36.276+0000][89166.642s][info][gc,task     ] GC(3658) Using 6 workers of 6 for evacuation
[2025-01-07T21:11:36.343+0000][89166.709s][info][gc,phases   ] GC(3658)   Pre Evacuate Collection Set: 0.2ms
[2025-01-07T21:11:36.343+0000][89166.709s][info][gc,phases   ] GC(3658)   Merge Heap Roots: 0.7ms
[2025-01-07T21:11:36.343+0000][89166.709s][info][gc,phases   ] GC(3658)   Evacuate Collection Set: 64.0ms
[2025-01-07T21:11:36.343+0000][89166.709s][info][gc,phases   ] GC(3658)   Post Evacuate Collection Set: 2.0ms
[2025-01-07T21:11:36.343+0000][89166.709s][info][gc,phases   ] GC(3658)   Other: 0.2ms
[2025-01-07T21:11:36.343+0000][89166.709s][info][gc,heap     ] GC(3658) Eden regions: 66->0(914)
[2025-01-07T21:11:36.343+0000][89166.709s][info][gc,heap     ] GC(3658) Survivor regions: 10->5(10)
[2025-01-07T21:11:36.343+0000][89166.709s][info][gc,heap     ] GC(3658) Old regions: 239->241
[2025-01-07T21:11:36.343+0000][89166.709s][info][gc,heap     ] GC(3658) Archive regions: 2->2
[2025-01-07T21:11:36.343+0000][89166.709s][info][gc,heap     ] GC(3658) Humongous regions: 49->49
[2025-01-07T21:11:36.343+0000][89166.709s][info][gc,metaspace] GC(3658) Metaspace: 498933K(507200K)->498933K(507200K) NonClass: 438347K(442560K)->438347K(442560K) Class: 60586K(64640K)->60586K(64640K)
[2025-01-07T21:11:36.343+0000][89166.709s][info][gc          ] GC(3658) Pause Young (Mixed) (G1 Evacuation Pause) 2918M->2361M(12288M) 67.078ms
[2025-01-07T21:11:36.343+0000][89166.709s][info][gc,cpu      ] GC(3658) User=0.40s Sys=0.00s Real=0.07s
[2025-01-07T21:11:42.914+0000][89173.280s][info][gc,start    ] GC(3659) Pause Young (Normal) (G1 Evacuation Pause)
[2025-01-07T21:11:42.914+0000][89173.280s][info][gc,task     ] GC(3659) Using 6 workers of 6 for evacuation
[2025-01-07T21:11:42.939+0000][89173.305s][info][gc,phases   ] GC(3659)   Pre Evacuate Collection Set: 0.2ms
[2025-01-07T21:11:42.939+0000][89173.305s][info][gc,phases   ] GC(3659)   Merge Heap Roots: 0.4ms
[2025-01-07T21:11:42.939+0000][89173.305s][info][gc,phases   ] GC(3659)   Evacuate Collection Set: 21.0ms
[2025-01-07T21:11:42.939+0000][89173.305s][info][gc,phases   ] GC(3659)   Post Evacuate Collection Set: 2.5ms
[2025-01-07T21:11:42.939+0000][89173.305s][info][gc,phases   ] GC(3659)   Other: 0.2ms
[2025-01-07T21:11:42.939+0000][89173.305s][info][gc,heap     ] GC(3659) Eden regions: 914->0(912)
[2025-01-07T21:11:42.939+0000][89173.305s][info][gc,heap     ] GC(3659) Survivor regions: 5->7(115)
[2025-01-07T21:11:42.939+0000][89173.305s][info][gc,heap     ] GC(3659) Old regions: 241->241
[2025-01-07T21:11:42.939+0000][89173.305s][info][gc,heap     ] GC(3659) Archive regions: 2->2
[2025-01-07T21:11:42.939+0000][89173.305s][info][gc,heap     ] GC(3659) Humongous regions: 49->49
[2025-01-07T21:11:42.939+0000][89173.305s][info][gc,metaspace] GC(3659) Metaspace: 498933K(507200K)->498933K(507200K) NonClass: 438347K(442560K)->438347K(442560K) Class: 60586K(64640K)->60586K(64640K)
[2025-01-07T21:11:42.939+0000][89173.305s][info][gc          ] GC(3659) Pause Young (Normal) (G1 Evacuation Pause) 9673M->2370M(12288M) 24.486ms
[2025-01-07T21:11:42.939+0000][89173.305s][info][gc,cpu      ] GC(3659) User=0.14s Sys=0.00s Real=0.02s
[2025-01-07T21:11:48.399+0000][89178.765s][info][gc,start    ] GC(3660) Pause Young (Normal) (G1 Evacuation Pause)
[2025-01-07T21:11:48.399+0000][89178.765s][info][gc,task     ] GC(3660) Using 6 workers of 6 for evacuation
[2025-01-07T21:11:48.424+0000][89178.790s][info][gc,phases   ] GC(3660)   Pre Evacuate Collection Set: 0.2ms
[2025-01-07T21:11:48.424+0000][89178.790s][info][gc,phases   ] GC(3660)   Merge Heap Roots: 0.4ms
[2025-01-07T21:11:48.424+0000][89178.790s][info][gc,phases   ] GC(3660)   Evacuate Collection Set: 21.7ms
[2025-01-07T21:11:48.424+0000][89178.790s][info][gc,phases   ] GC(3660)   Post Evacuate Collection Set: 2.5ms
[2025-01-07T21:11:48.424+0000][89178.790s][info][gc,phases   ] GC(3660)   Other: 0.2ms
[2025-01-07T21:11:48.424+0000][89178.790s][info][gc,heap     ] GC(3660) Eden regions: 912->0(914)
[2025-01-07T21:11:48.424+0000][89178.790s][info][gc,heap     ] GC(3660) Survivor regions: 7->7(115)
[2025-01-07T21:11:48.424+0000][89178.790s][info][gc,heap     ] GC(3660) Old regions: 241->241
[2025-01-07T21:11:48.424+0000][89178.790s][info][gc,heap     ] GC(3660) Archive regions: 2->2
[2025-01-07T21:11:48.424+0000][89178.790s][info][gc,heap     ] GC(3660) Humongous regions: 49->49
[2025-01-07T21:11:48.424+0000][89178.790s][info][gc,metaspace] GC(3660) Metaspace: 498933K(507200K)->498933K(507200K) NonClass: 438347K(442560K)->438347K(442560K) Class: 60586K(64640K)->60586K(64640K)
[2025-01-07T21:11:48.424+0000][89178.790s][info][gc          ] GC(3660) Pause Young (Normal) (G1 Evacuation Pause) 9666M->2370M(12288M) 25.137ms
[2025-01-07T21:11:48.424+0000][89178.790s][info][gc,cpu      ] GC(3660) User=0.15s Sys=0.00s Real=0.03s
[2025-01-07T21:11:53.234+0000][89183.600s][info][gc,start    ] GC(3661) Pause Young (Concurrent Start) (G1 Evacuation Pause)
[2025-01-07T21:11:53.234+0000][89183.600s][info][gc,task     ] GC(3661) Using 6 workers of 6 for evacuation
[2025-01-07T21:11:53.259+0000][89183.625s][info][gc,phases   ] GC(3661)   Pre Evacuate Collection Set: 1.0ms
[2025-01-07T21:11:53.259+0000][89183.625s][info][gc,phases   ] GC(3661)   Merge Heap Roots: 0.4ms
[2025-01-07T21:11:53.259+0000][89183.625s][info][gc,phases   ] GC(3661)   Evacuate Collection Set: 21.0ms
[2025-01-07T21:11:53.259+0000][89183.625s][info][gc,phases   ] GC(3661)   Post Evacuate Collection Set: 2.3ms
[2025-01-07T21:11:53.259+0000][89183.625s][info][gc,phases   ] GC(3661)   Other: 0.3ms
[2025-01-07T21:11:53.259+0000][89183.625s][info][gc,heap     ] GC(3661) Eden regions: 914->0(914)
[2025-01-07T21:11:53.259+0000][89183.625s][info][gc,heap     ] GC(3661) Survivor regions: 7->7(116)
[2025-01-07T21:11:53.259+0000][89183.625s][info][gc,heap     ] GC(3661) Old regions: 241->241
[2025-01-07T21:11:53.259+0000][89183.625s][info][gc,heap     ] GC(3661) Archive regions: 2->2
[2025-01-07T21:11:53.259+0000][89183.625s][info][gc,heap     ] GC(3661) Humongous regions: 49->49
[2025-01-07T21:11:53.259+0000][89183.625s][info][gc,metaspace] GC(3661) Metaspace: 498933K(507200K)->498933K(507200K) NonClass: 438347K(442560K)->438347K(442560K) Class: 60586K(64640K)->60586K(64640K)
[2025-01-07T21:11:53.259+0000][89183.625s][info][gc          ] GC(3661) Pause Young (Concurrent Start) (G1 Evacuation Pause) 9682M->2373M(12288M) 25.067ms
[2025-01-07T21:11:53.259+0000][89183.625s][info][gc,cpu      ] GC(3661) User=0.14s Sys=0.00s Real=0.02s
[2025-01-07T21:11:53.259+0000][89183.626s][info][gc          ] GC(3662) Concurrent Mark Cycle
[2025-01-07T21:11:53.259+0000][89183.626s][info][gc,marking  ] GC(3662) Concurrent Clear Claimed Marks
[2025-01-07T21:11:53.260+0000][89183.626s][info][gc,marking  ] GC(3662) Concurrent Clear Claimed Marks 0.781ms
[2025-01-07T21:11:53.260+0000][89183.626s][info][gc,marking  ] GC(3662) Concurrent Scan Root Regions
[2025-01-07T21:11:53.280+0000][89183.646s][info][gc,marking  ] GC(3662) Concurrent Scan Root Regions 19.728ms
[2025-01-07T21:11:53.280+0000][89183.646s][info][gc,marking  ] GC(3662) Concurrent Mark
[2025-01-07T21:11:53.280+0000][89183.646s][info][gc,marking  ] GC(3662) Concurrent Mark From Roots
[2025-01-07T21:11:53.280+0000][89183.646s][info][gc,task     ] GC(3662) Using 2 workers of 2 for marking
[2025-01-07T21:11:54.348+0000][89184.714s][info][gc,marking  ] GC(3662) Concurrent Mark From Roots 1068.235ms
[2025-01-07T21:11:54.348+0000][89184.714s][info][gc,marking  ] GC(3662) Concurrent Preclean
[2025-01-07T21:11:54.351+0000][89184.717s][info][gc,marking  ] GC(3662) Concurrent Preclean 2.940ms
[2025-01-07T21:11:54.351+0000][89184.718s][info][gc,start    ] GC(3662) Pause Remark
[2025-01-07T21:11:54.377+0000][89184.743s][info][gc          ] GC(3662) Pause Remark 4033M->4033M(12288M) 25.562ms
[2025-01-07T21:11:54.377+0000][89184.743s][info][gc,cpu      ] GC(3662) User=0.15s Sys=0.00s Real=0.02s
[2025-01-07T21:11:54.377+0000][89184.743s][info][gc,marking  ] GC(3662) Concurrent Mark 1097.195ms
[2025-01-07T21:11:54.377+0000][89184.743s][info][gc,marking  ] GC(3662) Concurrent Rebuild Remembered Sets
[2025-01-07T21:11:54.995+0000][89185.361s][info][gc,marking  ] GC(3662) Concurrent Rebuild Remembered Sets 617.497ms
[2025-01-07T21:11:54.995+0000][89185.361s][info][gc,start    ] GC(3662) Pause Cleanup
[2025-01-07T21:11:54.995+0000][89185.361s][info][gc          ] GC(3662) Pause Cleanup 4777M->4777M(12288M) 0.489ms
[2025-01-07T21:11:54.995+0000][89185.361s][info][gc,cpu      ] GC(3662) User=0.00s Sys=0.00s Real=0.00s
[2025-01-07T21:11:54.995+0000][89185.362s][info][gc,marking  ] GC(3662) Concurrent Cleanup for Next Mark
[2025-01-07T21:11:55.011+0000][89185.377s][info][gc,marking  ] GC(3662) Concurrent Cleanup for Next Mark 15.382ms
[2025-01-07T21:11:55.011+0000][89185.377s][info][gc          ] GC(3662) Concurrent Mark Cycle 1751.457ms
[2025-01-07T21:12:02.525+0000][89192.891s][info][gc,start    ] GC(3663) Pause Young (Prepare Mixed) (G1 Evacuation Pause)
[2025-01-07T21:12:02.525+0000][89192.891s][info][gc,task     ] GC(3663) Using 6 workers of 6 for evacuation
[2025-01-07T21:12:02.556+0000][89192.923s][info][gc,phases   ] GC(3663)   Pre Evacuate Collection Set: 0.2ms
[2025-01-07T21:12:02.556+0000][89192.923s][info][gc,phases   ] GC(3663)   Merge Heap Roots: 0.7ms
[2025-01-07T21:12:02.556+0000][89192.923s][info][gc,phases   ] GC(3663)   Evacuate Collection Set: 27.5ms
[2025-01-07T21:12:02.556+0000][89192.923s][info][gc,phases   ] GC(3663)   Post Evacuate Collection Set: 2.7ms
[2025-01-07T21:12:02.556+0000][89192.923s][info][gc,phases   ] GC(3663)   Other: 0.2ms
[2025-01-07T21:12:02.556+0000][89192.923s][info][gc,heap     ] GC(3663) Eden regions: 914->0(67)
[2025-01-07T21:12:02.557+0000][89192.923s][info][gc,heap     ] GC(3663) Survivor regions: 7->9(116)
[2025-01-07T21:12:02.557+0000][89192.923s][info][gc,heap     ] GC(3663) Old regions: 241->241
[2025-01-07T21:12:02.557+0000][89192.923s][info][gc,heap     ] GC(3663) Archive regions: 2->2
[2025-01-07T21:12:02.557+0000][89192.923s][info][gc,heap     ] GC(3663) Humongous regions: 49->49
[2025-01-07T21:12:02.557+0000][89192.923s][info][gc,metaspace] GC(3663) Metaspace: 498933K(507200K)->498933K(507200K) NonClass: 438347K(442560K)->438347K(442560K) Class: 60586K(64640K)->60586K(64640K)
[2025-01-07T21:12:02.557+0000][89192.923s][info][gc          ] GC(3663) Pause Young (Prepare Mixed) (G1 Evacuation Pause) 9685M->2385M(12288M) 31.361ms
[2025-01-07T21:12:02.557+0000][89192.923s][info][gc,cpu      ] GC(3663) User=0.18s Sys=0.00s Real=0.03s
[2025-01-07T21:12:03.085+0000][89193.451s][info][gc,start    ] GC(3664) Pause Young (Mixed) (G1 Evacuation Pause)
[2025-01-07T21:12:03.085+0000][89193.451s][info][gc,task     ] GC(3664) Using 6 workers of 6 for evacuation
[2025-01-07T21:12:03.121+0000][89193.487s][info][gc,phases   ] GC(3664)   Pre Evacuate Collection Set: 0.2ms
[2025-01-07T21:12:03.121+0000][89193.487s][info][gc,phases   ] GC(3664)   Merge Heap Roots: 0.4ms
[2025-01-07T21:12:03.121+0000][89193.487s][info][gc,phases   ] GC(3664)   Evacuate Collection Set: 34.2ms
[2025-01-07T21:12:03.121+0000][89193.487s][info][gc,phases   ] GC(3664)   Post Evacuate Collection Set: 1.6ms
[2025-01-07T21:12:03.121+0000][89193.487s][info][gc,phases   ] GC(3664)   Other: 0.2ms
[2025-01-07T21:12:03.121+0000][89193.487s][info][gc,heap     ] GC(3664) Eden regions: 67->0(916)
[2025-01-07T21:12:03.121+0000][89193.487s][info][gc,heap     ] GC(3664) Survivor regions: 9->5(10)
[2025-01-07T21:12:03.121+0000][89193.487s][info][gc,heap     ] GC(3664) Old regions: 241->236
[2025-01-07T21:12:03.121+0000][89193.487s][info][gc,heap     ] GC(3664) Archive regions: 2->2
[2025-01-07T21:12:03.121+0000][89193.487s][info][gc,heap     ] GC(3664) Humongous regions: 49->49
[2025-01-07T21:12:03.121+0000][89193.487s][info][gc,metaspace] GC(3664) Metaspace: 498935K(507200K)->498935K(507200K) NonClass: 438348K(442560K)->438348K(442560K) Class: 60586K(64640K)->60586K(64640K)
[2025-01-07T21:12:03.121+0000][89193.487s][info][gc          ] GC(3664) Pause Young (Mixed) (G1 Evacuation Pause) 2921M->2322M(12288M) 36.575ms
[2025-01-07T21:12:03.121+0000][89193.487s][info][gc,cpu      ] GC(3664) User=0.22s Sys=0.00s Real=0.03s
[2025-01-07T21:12:07.744+0000][89198.110s][info][gc,start    ] GC(3665) Pause Young (Normal) (G1 Evacuation Pause)
[2025-01-07T21:12:07.744+0000][89198.110s][info][gc,task     ] GC(3665) Using 6 workers of 6 for evacuation
[2025-01-07T21:12:07.766+0000][89198.132s][info][gc,phases   ] GC(3665)   Pre Evacuate Collection Set: 0.2ms
[2025-01-07T21:12:07.766+0000][89198.132s][info][gc,phases   ] GC(3665)   Merge Heap Roots: 0.4ms
[2025-01-07T21:12:07.766+0000][89198.132s][info][gc,phases   ] GC(3665)   Evacuate Collection Set: 18.6ms
[2025-01-07T21:12:07.766+0000][89198.132s][info][gc,phases   ] GC(3665)   Post Evacuate Collection Set: 2.4ms
[2025-01-07T21:12:07.766+0000][89198.132s][info][gc,phases   ] GC(3665)   Other: 0.2ms
[2025-01-07T21:12:07.766+0000][89198.132s][info][gc,heap     ] GC(3665) Eden regions: 916->0(915)
[2025-01-07T21:12:07.766+0000][89198.132s][info][gc,heap     ] GC(3665) Survivor regions: 5->6(116)
[2025-01-07T21:12:07.766+0000][89198.132s][info][gc,heap     ] GC(3665) Old regions: 236->236
[2025-01-07T21:12:07.766+0000][89198.132s][info][gc,heap     ] GC(3665) Archive regions: 2->2
[2025-01-07T21:12:07.766+0000][89198.132s][info][gc,heap     ] GC(3665) Humongous regions: 49->49
[2025-01-07T21:12:07.766+0000][89198.132s][info][gc,metaspace] GC(3665) Metaspace: 498935K(507200K)->498935K(507200K) NonClass: 438348K(442560K)->438348K(442560K) Class: 60586K(64640K)->60586K(64640K)
[2025-01-07T21:12:07.766+0000][89198.132s][info][gc          ] GC(3665) Pause Young (Normal) (G1 Evacuation Pause) 9650M->2326M(12288M) 21.886ms
[2025-01-07T21:12:07.766+0000][89198.132s][info][gc,cpu      ] GC(3665) User=0.13s Sys=0.00s Real=0.02s
[2025-01-07T21:12:16.126+0000][89206.492s][info][gc,start    ] GC(3666) Pause Young (Normal) (G1 Evacuation Pause)
[2025-01-07T21:12:16.126+0000][89206.492s][info][gc,task     ] GC(3666) Using 6 workers of 6 for evacuation
[2025-01-07T21:12:16.158+0000][89206.524s][info][gc,phases   ] GC(3666)   Pre Evacuate Collection Set: 0.2ms
[2025-01-07T21:12:16.158+0000][89206.524s][info][gc,phases   ] GC(3666)   Merge Heap Roots: 0.4ms
[2025-01-07T21:12:16.158+0000][89206.524s][info][gc,phases   ] GC(3666)   Evacuate Collection Set: 26.5ms
[2025-01-07T21:12:16.158+0000][89206.524s][info][gc,phases   ] GC(3666)   Post Evacuate Collection Set: 4.4ms
[2025-01-07T21:12:16.158+0000][89206.524s][info][gc,phases   ] GC(3666)   Other: 0.2ms
[2025-01-07T21:12:16.158+0000][89206.524s][info][gc,heap     ] GC(3666) Eden regions: 915->0(914)
[2025-01-07T21:12:16.158+0000][89206.524s][info][gc,heap     ] GC(3666) Survivor regions: 6->7(116)
[2025-01-07T21:12:16.158+0000][89206.524s][info][gc,heap     ] GC(3666) Old regions: 236->236
[2025-01-07T21:12:16.158+0000][89206.524s][info][gc,heap     ] GC(3666) Archive regions: 2->2
[2025-01-07T21:12:16.158+0000][89206.524s][info][gc,heap     ] GC(3666) Humongous regions: 49->49
[2025-01-07T21:12:16.158+0000][89206.524s][info][gc,metaspace] GC(3666) Metaspace: 498935K(507200K)->498935K(507200K) NonClass: 438348K(442560K)->438348K(442560K) Class: 60586K(64640K)->60586K(64640K)
[2025-01-07T21:12:16.158+0000][89206.524s][info][gc          ] GC(3666) Pause Young (Normal) (G1 Evacuation Pause) 9646M->2338M(12288M) 31.867ms
[2025-01-07T21:12:16.158+0000][89206.524s][info][gc,cpu      ] GC(3666) User=0.18s Sys=0.00s Real=0.03s
[2025-01-07T21:12:27.149+0000][89217.515s][info][gc,start    ] GC(3667) Pause Young (Concurrent Start) (G1 Evacuation Pause)
[2025-01-07T21:12:27.149+0000][89217.515s][info][gc,task     ] GC(3667) Using 6 workers of 6 for evacuation
[2025-01-07T21:12:27.184+0000][89217.550s][info][gc,phases   ] GC(3667)   Pre Evacuate Collection Set: 1.0ms
[2025-01-07T21:12:27.184+0000][89217.550s][info][gc,phases   ] GC(3667)   Merge Heap Roots: 0.5ms
[2025-01-07T21:12:27.184+0000][89217.550s][info][gc,phases   ] GC(3667)   Evacuate Collection Set: 28.3ms
[2025-01-07T21:12:27.184+0000][89217.550s][info][gc,phases   ] GC(3667)   Post Evacuate Collection Set: 5.4ms
[2025-01-07T21:12:27.184+0000][89217.550s][info][gc,phases   ] GC(3667)   Other: 0.3ms
[2025-01-07T21:12:27.184+0000][89217.550s][info][gc,heap     ] GC(3667) Eden regions: 914->0(911)
[2025-01-07T21:12:27.184+0000][89217.550s][info][gc,heap     ] GC(3667) Survivor regions: 7->10(116)
[2025-01-07T21:12:27.184+0000][89217.550s][info][gc,heap     ] GC(3667) Old regions: 236->236
[2025-01-07T21:12:27.184+0000][89217.550s][info][gc,heap     ] GC(3667) Archive regions: 2->2
[2025-01-07T21:12:27.184+0000][89217.550s][info][gc,heap     ] GC(3667) Humongous regions: 49->49
[2025-01-07T21:12:27.184+0000][89217.550s][info][gc,metaspace] GC(3667) Metaspace: 498935K(507200K)->498935K(507200K) NonClass: 438348K(442560K)->438348K(442560K) Class: 60586K(64640K)->60586K(64640K)
[2025-01-07T21:12:27.184+0000][89217.550s][info][gc          ] GC(3667) Pause Young (Concurrent Start) (G1 Evacuation Pause) 9650M->2357M(12288M) 35.517ms
[2025-01-07T21:12:27.184+0000][89217.550s][info][gc,cpu      ] GC(3667) User=0.20s Sys=0.00s Real=0.04s
[2025-01-07T21:12:27.184+0000][89217.550s][info][gc          ] GC(3668) Concurrent Mark Cycle
[2025-01-07T21:12:27.184+0000][89217.550s][info][gc,marking  ] GC(3668) Concurrent Clear Claimed Marks
[2025-01-07T21:12:27.185+0000][89217.551s][info][gc,marking  ] GC(3668) Concurrent Clear Claimed Marks 0.836ms
[2025-01-07T21:12:27.185+0000][89217.551s][info][gc,marking  ] GC(3668) Concurrent Scan Root Regions
[2025-01-07T21:12:27.214+0000][89217.580s][info][gc,marking  ] GC(3668) Concurrent Scan Root Regions 29.024ms
[2025-01-07T21:12:27.214+0000][89217.580s][info][gc,marking  ] GC(3668) Concurrent Mark
[2025-01-07T21:12:27.214+0000][89217.580s][info][gc,marking  ] GC(3668) Concurrent Mark From Roots
[2025-01-07T21:12:27.214+0000][89217.580s][info][gc,task     ] GC(3668) Using 2 workers of 2 for marking
[2025-01-07T21:12:28.140+0000][89218.506s][info][gc,marking  ] GC(3668) Concurrent Mark From Roots 926.181ms
[2025-01-07T21:12:28.140+0000][89218.506s][info][gc,marking  ] GC(3668) Concurrent Preclean
[2025-01-07T21:12:28.142+0000][89218.509s][info][gc,marking  ] GC(3668) Concurrent Preclean 2.136ms
[2025-01-07T21:12:28.143+0000][89218.509s][info][gc,start    ] GC(3668) Pause Remark
[2025-01-07T21:12:28.168+0000][89218.534s][info][gc          ] GC(3668) Pause Remark 3139M->3139M(12288M) 25.290ms
[2025-01-07T21:12:28.168+0000][89218.534s][info][gc,cpu      ] GC(3668) User=0.15s Sys=0.00s Real=0.02s
[2025-01-07T21:12:28.168+0000][89218.534s][info][gc,marking  ] GC(3668) Concurrent Mark 953.954ms
[2025-01-07T21:12:28.168+0000][89218.534s][info][gc,marking  ] GC(3668) Concurrent Rebuild Remembered Sets
[2025-01-07T21:12:28.635+0000][89219.001s][info][gc,marking  ] GC(3668) Concurrent Rebuild Remembered Sets 466.900ms
[2025-01-07T21:12:28.635+0000][89219.001s][info][gc,start    ] GC(3668) Pause Cleanup
[2025-01-07T21:12:28.636+0000][89219.002s][info][gc          ] GC(3668) Pause Cleanup 3141M->3141M(12288M) 0.437ms
[2025-01-07T21:12:28.636+0000][89219.002s][info][gc,cpu      ] GC(3668) User=0.00s Sys=0.00s Real=0.00s
[2025-01-07T21:12:28.636+0000][89219.002s][info][gc,marking  ] GC(3668) Concurrent Cleanup for Next Mark
[2025-01-07T21:12:28.651+0000][89219.017s][info][gc,marking  ] GC(3668) Concurrent Cleanup for Next Mark 15.396ms
[2025-01-07T21:12:28.651+0000][89219.017s][info][gc          ] GC(3668) Concurrent Mark Cycle 1466.976ms
[2025-01-07T21:12:38.644+0000][89229.010s][info][gc,start    ] GC(3669) Pause Young (Prepare Mixed) (G1 Evacuation Pause)
[2025-01-07T21:12:38.644+0000][89229.010s][info][gc,task     ] GC(3669) Using 6 workers of 6 for evacuation
[2025-01-07T21:12:38.679+0000][89229.045s][info][gc,phases   ] GC(3669)   Pre Evacuate Collection Set: 0.2ms
[2025-01-07T21:12:38.679+0000][89229.045s][info][gc,phases   ] GC(3669)   Merge Heap Roots: 0.7ms
[2025-01-07T21:12:38.679+0000][89229.045s][info][gc,phases   ] GC(3669)   Evacuate Collection Set: 31.6ms
[2025-01-07T21:12:38.679+0000][89229.045s][info][gc,phases   ] GC(3669)   Post Evacuate Collection Set: 2.8ms
[2025-01-07T21:12:38.679+0000][89229.045s][info][gc,phases   ] GC(3669)   Other: 0.2ms
[2025-01-07T21:12:38.679+0000][89229.045s][info][gc,heap     ] GC(3669) Eden regions: 911->0(66)
[2025-01-07T21:12:38.679+0000][89229.045s][info][gc,heap     ] GC(3669) Survivor regions: 10->10(116)
[2025-01-07T21:12:38.679+0000][89229.045s][info][gc,heap     ] GC(3669) Old regions: 236->236
[2025-01-07T21:12:38.679+0000][89229.045s][info][gc,heap     ] GC(3669) Archive regions: 2->2
[2025-01-07T21:12:38.679+0000][89229.045s][info][gc,heap     ] GC(3669) Humongous regions: 49->49
[2025-01-07T21:12:38.679+0000][89229.045s][info][gc,metaspace] GC(3669) Metaspace: 498935K(507200K)->498935K(507200K) NonClass: 438348K(442560K)->438348K(442560K) Class: 60586K(64640K)->60586K(64640K)
[2025-01-07T21:12:38.679+0000][89229.045s][info][gc          ] GC(3669) Pause Young (Prepare Mixed) (G1 Evacuation Pause) 9645M->2358M(12288M) 35.564ms
[2025-01-07T21:12:38.679+0000][89229.045s][info][gc,cpu      ] GC(3669) User=0.21s Sys=0.00s Real=0.03s
[2025-01-07T21:12:39.309+0000][89229.675s][info][gc,start    ] GC(3670) Pause Young (Mixed) (G1 Evacuation Pause)
[2025-01-07T21:12:39.309+0000][89229.675s][info][gc,task     ] GC(3670) Using 6 workers of 6 for evacuation
[2025-01-07T21:12:39.371+0000][89229.737s][info][gc,phases   ] GC(3670)   Pre Evacuate Collection Set: 0.2ms
[2025-01-07T21:12:39.371+0000][89229.737s][info][gc,phases   ] GC(3670)   Merge Heap Roots: 0.7ms
[2025-01-07T21:12:39.371+0000][89229.737s][info][gc,phases   ] GC(3670)   Evacuate Collection Set: 58.9ms
[2025-01-07T21:12:39.371+0000][89229.737s][info][gc,phases   ] GC(3670)   Post Evacuate Collection Set: 1.8ms
[2025-01-07T21:12:39.371+0000][89229.737s][info][gc,phases   ] GC(3670)   Other: 0.2ms
[2025-01-07T21:12:39.371+0000][89229.737s][info][gc,heap     ] GC(3670) Eden regions: 66->0(915)
[2025-01-07T21:12:39.371+0000][89229.737s][info][gc,heap     ] GC(3670) Survivor regions: 10->6(10)
[2025-01-07T21:12:39.371+0000][89229.737s][info][gc,heap     ] GC(3670) Old regions: 236->235
[2025-01-07T21:12:39.371+0000][89229.737s][info][gc,heap     ] GC(3670) Archive regions: 2->2
[2025-01-07T21:12:39.371+0000][89229.737s][info][gc,heap     ] GC(3670) Humongous regions: 49->49
[2025-01-07T21:12:39.371+0000][89229.737s][info][gc,metaspace] GC(3670) Metaspace: 498935K(507200K)->498935K(507200K) NonClass: 438348K(442560K)->438348K(442560K) Class: 60586K(64640K)->60586K(64640K)
[2025-01-07T21:12:39.371+0000][89229.737s][info][gc          ] GC(3670) Pause Young (Mixed) (G1 Evacuation Pause) 2886M->2318M(12288M) 61.868ms
[2025-01-07T21:12:39.371+0000][89229.737s][info][gc,cpu      ] GC(3670) User=0.37s Sys=0.00s Real=0.07s
[2025-01-07T21:12:47.706+0000][89238.072s][info][gc,start    ] GC(3671) Pause Young (Normal) (G1 Evacuation Pause)
[2025-01-07T21:12:47.706+0000][89238.072s][info][gc,task     ] GC(3671) Using 6 workers of 6 for evacuation
[2025-01-07T21:12:47.730+0000][89238.097s][info][gc,phases   ] GC(3671)   Pre Evacuate Collection Set: 0.2ms
[2025-01-07T21:12:47.730+0000][89238.097s][info][gc,phases   ] GC(3671)   Merge Heap Roots: 0.5ms
[2025-01-07T21:12:47.730+0000][89238.097s][info][gc,phases   ] GC(3671)   Evacuate Collection Set: 21.5ms
[2025-01-07T21:12:47.730+0000][89238.097s][info][gc,phases   ] GC(3671)   Post Evacuate Collection Set: 2.5ms
[2025-01-07T21:12:47.730+0000][89238.097s][info][gc,phases   ] GC(3671)   Other: 0.2ms
[2025-01-07T21:12:47.730+0000][89238.097s][info][gc,heap     ] GC(3671) Eden regions: 915->0(915)
[2025-01-07T21:12:47.730+0000][89238.097s][info][gc,heap     ] GC(3671) Survivor regions: 6->6(116)
[2025-01-07T21:12:47.730+0000][89238.097s][info][gc,heap     ] GC(3671) Old regions: 235->235
[2025-01-07T21:12:47.730+0000][89238.097s][info][gc,heap     ] GC(3671) Archive regions: 2->2
[2025-01-07T21:12:47.731+0000][89238.097s][info][gc,heap     ] GC(3671) Humongous regions: 49->49
[2025-01-07T21:12:47.731+0000][89238.097s][info][gc,metaspace] GC(3671) Metaspace: 498935K(507200K)->498935K(507200K) NonClass: 438348K(442560K)->438348K(442560K) Class: 60586K(64640K)->60586K(64640K)
[2025-01-07T21:12:47.731+0000][89238.097s][info][gc          ] GC(3671) Pause Young (Normal) (G1 Evacuation Pause) 9638M->2317M(12288M) 24.927ms
[2025-01-07T21:12:47.731+0000][89238.097s][info][gc,cpu      ] GC(3671) User=0.14s Sys=0.00s Real=0.03s
[2025-01-07T21:12:53.422+0000][89243.788s][info][gc,start    ] GC(3672) Pause Young (Normal) (G1 Evacuation Pause)
[2025-01-07T21:12:53.422+0000][89243.788s][info][gc,task     ] GC(3672) Using 6 workers of 6 for evacuation
[2025-01-07T21:12:53.448+0000][89243.814s][info][gc,phases   ] GC(3672)   Pre Evacuate Collection Set: 0.2ms
[2025-01-07T21:12:53.448+0000][89243.814s][info][gc,phases   ] GC(3672)   Merge Heap Roots: 0.4ms
[2025-01-07T21:12:53.448+0000][89243.814s][info][gc,phases   ] GC(3672)   Evacuate Collection Set: 23.4ms
[2025-01-07T21:12:53.448+0000][89243.815s][info][gc,phases   ] GC(3672)   Post Evacuate Collection Set: 2.5ms
[2025-01-07T21:12:53.448+0000][89243.815s][info][gc,phases   ] GC(3672)   Other: 0.2ms
[2025-01-07T21:12:53.448+0000][89243.815s][info][gc,heap     ] GC(3672) Eden regions: 915->0(914)
[2025-01-07T21:12:53.448+0000][89243.815s][info][gc,heap     ] GC(3672) Survivor regions: 6->7(116)
[2025-01-07T21:12:53.448+0000][89243.815s][info][gc,heap     ] GC(3672) Old regions: 235->235
[2025-01-07T21:12:53.448+0000][89243.815s][info][gc,heap     ] GC(3672) Archive regions: 2->2
[2025-01-07T21:12:53.448+0000][89243.815s][info][gc,heap     ] GC(3672) Humongous regions: 49->49
[2025-01-07T21:12:53.448+0000][89243.815s][info][gc,metaspace] GC(3672) Metaspace: 498935K(507200K)->498935K(507200K) NonClass: 438348K(442560K)->438348K(442560K) Class: 60586K(64640K)->60586K(64640K)
[2025-01-07T21:12:53.448+0000][89243.815s][info][gc          ] GC(3672) Pause Young (Normal) (G1 Evacuation Pause) 9637M->2326M(12288M) 26.750ms
[2025-01-07T21:12:53.449+0000][89243.815s][info][gc,cpu      ] GC(3672) User=0.16s Sys=0.00s Real=0.02s
[2025-01-07T21:12:57.942+0000][89248.309s][info][gc,start    ] GC(3673) Pause Young (Concurrent Start) (G1 Evacuation Pause)
[2025-01-07T21:12:57.942+0000][89248.309s][info][gc,task     ] GC(3673) Using 6 workers of 6 for evacuation
[2025-01-07T21:12:57.971+0000][89248.337s][info][gc,phases   ] GC(3673)   Pre Evacuate Collection Set: 1.0ms
[2025-01-07T21:12:57.971+0000][89248.337s][info][gc,phases   ] GC(3673)   Merge Heap Roots: 0.5ms
[2025-01-07T21:12:57.971+0000][89248.337s][info][gc,phases   ] GC(3673)   Evacuate Collection Set: 24.7ms
[2025-01-07T21:12:57.971+0000][89248.337s][info][gc,phases   ] GC(3673)   Post Evacuate Collection Set: 2.4ms
[2025-01-07T21:12:57.971+0000][89248.337s][info][gc,phases   ] GC(3673)   Other: 0.3ms
[2025-01-07T21:12:57.971+0000][89248.337s][info][gc,heap     ] GC(3673) Eden regions: 914->0(913)
[2025-01-07T21:12:57.971+0000][89248.337s][info][gc,heap     ] GC(3673) Survivor regions: 7->8(116)
[2025-01-07T21:12:57.971+0000][89248.337s][info][gc,heap     ] GC(3673) Old regions: 235->235
[2025-01-07T21:12:57.971+0000][89248.337s][info][gc,heap     ] GC(3673) Archive regions: 2->2
[2025-01-07T21:12:57.971+0000][89248.337s][info][gc,heap     ] GC(3673) Humongous regions: 49->49
[2025-01-07T21:12:57.971+0000][89248.337s][info][gc,metaspace] GC(3673) Metaspace: 498935K(507200K)->498935K(507200K) NonClass: 438348K(442560K)->438348K(442560K) Class: 60586K(64640K)->60586K(64640K)
[2025-01-07T21:12:57.971+0000][89248.337s][info][gc          ] GC(3673) Pause Young (Concurrent Start) (G1 Evacuation Pause) 9638M->2330M(12288M) 28.906ms
[2025-01-07T21:12:57.971+0000][89248.337s][info][gc,cpu      ] GC(3673) User=0.17s Sys=0.00s Real=0.03s
[2025-01-07T21:12:57.971+0000][89248.338s][info][gc          ] GC(3674) Concurrent Mark Cycle
[2025-01-07T21:12:57.971+0000][89248.338s][info][gc,marking  ] GC(3674) Concurrent Clear Claimed Marks
[2025-01-07T21:12:57.972+0000][89248.338s][info][gc,marking  ] GC(3674) Concurrent Clear Claimed Marks 0.793ms
[2025-01-07T21:12:57.972+0000][89248.338s][info][gc,marking  ] GC(3674) Concurrent Scan Root Regions
[2025-01-07T21:12:57.994+0000][89248.360s][info][gc,marking  ] GC(3674) Concurrent Scan Root Regions 21.546ms
[2025-01-07T21:12:57.994+0000][89248.360s][info][gc,marking  ] GC(3674) Concurrent Mark
[2025-01-07T21:12:57.994+0000][89248.360s][info][gc,marking  ] GC(3674) Concurrent Mark From Roots
[2025-01-07T21:12:57.994+0000][89248.360s][info][gc,task     ] GC(3674) Using 2 workers of 2 for marking
[2025-01-07T21:12:58.817+0000][89249.183s][info][gc,marking  ] GC(3674) Concurrent Mark From Roots 822.922ms
[2025-01-07T21:12:58.817+0000][89249.183s][info][gc,marking  ] GC(3674) Concurrent Preclean
[2025-01-07T21:12:58.820+0000][89249.186s][info][gc,marking  ] GC(3674) Concurrent Preclean 2.923ms
[2025-01-07T21:12:58.820+0000][89249.186s][info][gc,start    ] GC(3674) Pause Remark
[2025-01-07T21:12:58.846+0000][89249.212s][info][gc          ] GC(3674) Pause Remark 3550M->3550M(12288M) 25.787ms
[2025-01-07T21:12:58.846+0000][89249.212s][info][gc,cpu      ] GC(3674) User=0.14s Sys=0.00s Real=0.03s
[2025-01-07T21:12:58.846+0000][89249.212s][info][gc,marking  ] GC(3674) Concurrent Mark 851.984ms
[2025-01-07T21:12:58.846+0000][89249.212s][info][gc,marking  ] GC(3674) Concurrent Rebuild Remembered Sets
[2025-01-07T21:12:59.387+0000][89249.753s][info][gc,marking  ] GC(3674) Concurrent Rebuild Remembered Sets 540.695ms
[2025-01-07T21:12:59.387+0000][89249.753s][info][gc,start    ] GC(3674) Pause Cleanup
[2025-01-07T21:12:59.387+0000][89249.753s][info][gc          ] GC(3674) Pause Cleanup 4358M->4358M(12288M) 0.446ms
[2025-01-07T21:12:59.387+0000][89249.753s][info][gc,cpu      ] GC(3674) User=0.00s Sys=0.00s Real=0.00s
[2025-01-07T21:12:59.387+0000][89249.753s][info][gc,marking  ] GC(3674) Concurrent Cleanup for Next Mark
[2025-01-07T21:12:59.404+0000][89249.770s][info][gc,marking  ] GC(3674) Concurrent Cleanup for Next Mark 16.347ms
[2025-01-07T21:12:59.404+0000][89249.770s][info][gc          ] GC(3674) Concurrent Mark Cycle 1432.267ms
[2025-01-07T21:13:03.131+0000][89253.497s][info][gc,start    ] GC(3675) Pause Young (Prepare Mixed) (G1 Evacuation Pause)
[2025-01-07T21:13:03.131+0000][89253.498s][info][gc,task     ] GC(3675) Using 6 workers of 6 for evacuation
[2025-01-07T21:13:03.162+0000][89253.528s][info][gc,phases   ] GC(3675)   Pre Evacuate Collection Set: 0.2ms
[2025-01-07T21:13:03.162+0000][89253.528s][info][gc,phases   ] GC(3675)   Merge Heap Roots: 0.6ms
[2025-01-07T21:13:03.162+0000][89253.528s][info][gc,phases   ] GC(3675)   Evacuate Collection Set: 27.3ms
[2025-01-07T21:13:03.162+0000][89253.528s][info][gc,phases   ] GC(3675)   Post Evacuate Collection Set: 2.5ms
[2025-01-07T21:13:03.162+0000][89253.528s][info][gc,phases   ] GC(3675)   Other: 0.2ms
[2025-01-07T21:13:03.162+0000][89253.528s][info][gc,heap     ] GC(3675) Eden regions: 913->0(67)
[2025-01-07T21:13:03.162+0000][89253.528s][info][gc,heap     ] GC(3675) Survivor regions: 8->9(116)
[2025-01-07T21:13:03.162+0000][89253.528s][info][gc,heap     ] GC(3675) Old regions: 235->235
[2025-01-07T21:13:03.162+0000][89253.528s][info][gc,heap     ] GC(3675) Archive regions: 2->2
[2025-01-07T21:13:03.162+0000][89253.528s][info][gc,heap     ] GC(3675) Humongous regions: 49->49
[2025-01-07T21:13:03.162+0000][89253.528s][info][gc,metaspace] GC(3675) Metaspace: 498935K(507200K)->498935K(507200K) NonClass: 438348K(442560K)->438348K(442560K) Class: 60586K(64640K)->60586K(64640K)
[2025-01-07T21:13:03.162+0000][89253.528s][info][gc          ] GC(3675) Pause Young (Prepare Mixed) (G1 Evacuation Pause) 9634M->2336M(12288M) 30.937ms
[2025-01-07T21:13:03.162+0000][89253.528s][info][gc,cpu      ] GC(3675) User=0.18s Sys=0.00s Real=0.03s
[2025-01-07T21:13:03.614+0000][89253.980s][info][gc,start    ] GC(3676) Pause Young (Mixed) (G1 Evacuation Pause)
[2025-01-07T21:13:03.614+0000][89253.980s][info][gc,task     ] GC(3676) Using 6 workers of 6 for evacuation
[2025-01-07T21:13:03.670+0000][89254.036s][info][gc,phases   ] GC(3676)   Pre Evacuate Collection Set: 0.2ms
[2025-01-07T21:13:03.670+0000][89254.036s][info][gc,phases   ] GC(3676)   Merge Heap Roots: 0.6ms
[2025-01-07T21:13:03.670+0000][89254.036s][info][gc,phases   ] GC(3676)   Evacuate Collection Set: 54.0ms
[2025-01-07T21:13:03.670+0000][89254.036s][info][gc,phases   ] GC(3676)   Post Evacuate Collection Set: 1.7ms
[2025-01-07T21:13:03.670+0000][89254.036s][info][gc,phases   ] GC(3676)   Other: 0.2ms
[2025-01-07T21:13:03.670+0000][89254.036s][info][gc,heap     ] GC(3676) Eden regions: 67->0(914)
[2025-01-07T21:13:03.670+0000][89254.036s][info][gc,heap     ] GC(3676) Survivor regions: 9->7(10)
[2025-01-07T21:13:03.670+0000][89254.036s][info][gc,heap     ] GC(3676) Old regions: 235->232
[2025-01-07T21:13:03.670+0000][89254.036s][info][gc,heap     ] GC(3676) Archive regions: 2->2
[2025-01-07T21:13:03.670+0000][89254.036s][info][gc,heap     ] GC(3676) Humongous regions: 49->49
[2025-01-07T21:13:03.670+0000][89254.036s][info][gc,metaspace] GC(3676) Metaspace: 498935K(507200K)->498935K(507200K) NonClass: 438348K(442560K)->438348K(442560K) Class: 60586K(64640K)->60586K(64640K)
[2025-01-07T21:13:03.670+0000][89254.036s][info][gc          ] GC(3676) Pause Young (Mixed) (G1 Evacuation Pause) 2872M->2305M(12288M) 56.745ms
[2025-01-07T21:13:03.670+0000][89254.037s][info][gc,cpu      ] GC(3676) User=0.34s Sys=0.00s Real=0.06s
[2025-01-07T21:13:08.006+0000][89258.372s][info][gc,start    ] GC(3677) Pause Young (Normal) (G1 Evacuation Pause)
[2025-01-07T21:13:08.006+0000][89258.372s][info][gc,task     ] GC(3677) Using 6 workers of 6 for evacuation
[2025-01-07T21:13:08.031+0000][89258.397s][info][gc,phases   ] GC(3677)   Pre Evacuate Collection Set: 0.2ms
[2025-01-07T21:13:08.031+0000][89258.397s][info][gc,phases   ] GC(3677)   Merge Heap Roots: 0.5ms
[2025-01-07T21:13:08.031+0000][89258.397s][info][gc,phases   ] GC(3677)   Evacuate Collection Set: 20.9ms
[2025-01-07T21:13:08.031+0000][89258.397s][info][gc,phases   ] GC(3677)   Post Evacuate Collection Set: 3.6ms
[2025-01-07T21:13:08.031+0000][89258.397s][info][gc,phases   ] GC(3677)   Other: 0.2ms
[2025-01-07T21:13:08.031+0000][89258.397s][info][gc,heap     ] GC(3677) Eden regions: 914->0(914)
[2025-01-07T21:13:08.031+0000][89258.397s][info][gc,heap     ] GC(3677) Survivor regions: 7->7(116)
[2025-01-07T21:13:08.031+0000][89258.397s][info][gc,heap     ] GC(3677) Old regions: 232->232
[2025-01-07T21:13:08.031+0000][89258.397s][info][gc,heap     ] GC(3677) Archive regions: 2->2
[2025-01-07T21:13:08.031+0000][89258.397s][info][gc,heap     ] GC(3677) Humongous regions: 49->49
[2025-01-07T21:13:08.031+0000][89258.397s][info][gc,metaspace] GC(3677) Metaspace: 498935K(507200K)->498935K(507200K) NonClass: 438348K(442560K)->438348K(442560K) Class: 60586K(64640K)->60586K(64640K)
[2025-01-07T21:13:08.031+0000][89258.397s][info][gc          ] GC(3677) Pause Young (Normal) (G1 Evacuation Pause) 9617M->2308M(12288M) 25.493ms
[2025-01-07T21:13:08.031+0000][89258.397s][info][gc,cpu      ] GC(3677) User=0.15s Sys=0.00s Real=0.03s
[2025-01-07T21:13:15.356+0000][89265.723s][info][gc,start    ] GC(3678) Pause Young (Normal) (G1 Evacuation Pause)
[2025-01-07T21:13:15.357+0000][89265.723s][info][gc,task     ] GC(3678) Using 6 workers of 6 for evacuation
[2025-01-07T21:13:15.385+0000][89265.751s][info][gc,phases   ] GC(3678)   Pre Evacuate Collection Set: 0.2ms
[2025-01-07T21:13:15.385+0000][89265.752s][info][gc,phases   ] GC(3678)   Merge Heap Roots: 0.4ms
[2025-01-07T21:13:15.385+0000][89265.752s][info][gc,phases   ] GC(3678)   Evacuate Collection Set: 24.1ms
[2025-01-07T21:13:15.385+0000][89265.752s][info][gc,phases   ] GC(3678)   Post Evacuate Collection Set: 4.0ms
[2025-01-07T21:13:15.385+0000][89265.752s][info][gc,phases   ] GC(3678)   Other: 0.2ms
[2025-01-07T21:13:15.385+0000][89265.752s][info][gc,heap     ] GC(3678) Eden regions: 914->0(913)
[2025-01-07T21:13:15.385+0000][89265.752s][info][gc,heap     ] GC(3678) Survivor regions: 7->8(116)
[2025-01-07T21:13:15.385+0000][89265.752s][info][gc,heap     ] GC(3678) Old regions: 232->232
[2025-01-07T21:13:15.385+0000][89265.752s][info][gc,heap     ] GC(3678) Archive regions: 2->2
[2025-01-07T21:13:15.385+0000][89265.752s][info][gc,heap     ] GC(3678) Humongous regions: 49->49
[2025-01-07T21:13:15.385+0000][89265.752s][info][gc,metaspace] GC(3678) Metaspace: 498936K(507200K)->498936K(507200K) NonClass: 438350K(442560K)->438350K(442560K) Class: 60586K(64640K)->60586K(64640K)
[2025-01-07T21:13:15.386+0000][89265.752s][info][gc          ] GC(3678) Pause Young (Normal) (G1 Evacuation Pause) 9620M->2316M(12288M) 29.054ms
[2025-01-07T21:13:15.386+0000][89265.752s][info][gc,cpu      ] GC(3678) User=0.17s Sys=0.00s Real=0.03s
[2025-01-07T21:13:23.393+0000][89273.759s][info][gc,start    ] GC(3679) Pause Young (Concurrent Start) (G1 Evacuation Pause)
[2025-01-07T21:13:23.393+0000][89273.759s][info][gc,task     ] GC(3679) Using 6 workers of 6 for evacuation
[2025-01-07T21:13:23.427+0000][89273.793s][info][gc,phases   ] GC(3679)   Pre Evacuate Collection Set: 1.0ms
[2025-01-07T21:13:23.427+0000][89273.793s][info][gc,phases   ] GC(3679)   Merge Heap Roots: 0.4ms
[2025-01-07T21:13:23.427+0000][89273.793s][info][gc,phases   ] GC(3679)   Evacuate Collection Set: 28.0ms
[2025-01-07T21:13:23.427+0000][89273.793s][info][gc,phases   ] GC(3679)   Post Evacuate Collection Set: 3.9ms
[2025-01-07T21:13:23.427+0000][89273.793s][info][gc,phases   ] GC(3679)   Other: 0.3ms
[2025-01-07T21:13:23.427+0000][89273.793s][info][gc,heap     ] GC(3679) Eden regions: 913->0(912)
[2025-01-07T21:13:23.427+0000][89273.793s][info][gc,heap     ] GC(3679) Survivor regions: 8->9(116)
[2025-01-07T21:13:23.427+0000][89273.793s][info][gc,heap     ] GC(3679) Old regions: 232->232
[2025-01-07T21:13:23.427+0000][89273.793s][info][gc,heap     ] GC(3679) Archive regions: 2->2
[2025-01-07T21:13:23.427+0000][89273.793s][info][gc,heap     ] GC(3679) Humongous regions: 49->49
[2025-01-07T21:13:23.427+0000][89273.793s][info][gc,metaspace] GC(3679) Metaspace: 498936K(507200K)->498936K(507200K) NonClass: 438350K(442560K)->438350K(442560K) Class: 60586K(64640K)->60586K(64640K)
[2025-01-07T21:13:23.427+0000][89273.793s][info][gc          ] GC(3679) Pause Young (Concurrent Start) (G1 Evacuation Pause) 9620M->2321M(12288M) 33.753ms
[2025-01-07T21:13:23.427+0000][89273.793s][info][gc,cpu      ] GC(3679) User=0.19s Sys=0.00s Real=0.03s
[2025-01-07T21:13:23.427+0000][89273.793s][info][gc          ] GC(3680) Concurrent Mark Cycle
[2025-01-07T21:13:23.427+0000][89273.793s][info][gc,marking  ] GC(3680) Concurrent Clear Claimed Marks
[2025-01-07T21:13:23.428+0000][89273.794s][info][gc,marking  ] GC(3680) Concurrent Clear Claimed Marks 0.812ms
[2025-01-07T21:13:23.428+0000][89273.794s][info][gc,marking  ] GC(3680) Concurrent Scan Root Regions
[2025-01-07T21:13:23.456+0000][89273.822s][info][gc,marking  ] GC(3680) Concurrent Scan Root Regions 27.961ms
[2025-01-07T21:13:23.456+0000][89273.822s][info][gc,marking  ] GC(3680) Concurrent Mark
[2025-01-07T21:13:23.456+0000][89273.822s][info][gc,marking  ] GC(3680) Concurrent Mark From Roots
[2025-01-07T21:13:23.456+0000][89273.822s][info][gc,task     ] GC(3680) Using 2 workers of 2 for marking
[2025-01-07T21:13:24.250+0000][89274.616s][info][gc,marking  ] GC(3680) Concurrent Mark From Roots 794.211ms
[2025-01-07T21:13:24.250+0000][89274.616s][info][gc,marking  ] GC(3680) Concurrent Preclean
[2025-01-07T21:13:24.252+0000][89274.618s][info][gc,marking  ] GC(3680) Concurrent Preclean 2.124ms
[2025-01-07T21:13:24.252+0000][89274.618s][info][gc,start    ] GC(3680) Pause Remark
[2025-01-07T21:13:24.278+0000][89274.644s][info][gc          ] GC(3680) Pause Remark 3093M->3093M(12288M) 26.002ms
[2025-01-07T21:13:24.278+0000][89274.644s][info][gc,cpu      ] GC(3680) User=0.15s Sys=0.00s Real=0.02s
[2025-01-07T21:13:24.278+0000][89274.645s][info][gc,marking  ] GC(3680) Concurrent Mark 822.715ms
[2025-01-07T21:13:24.278+0000][89274.645s][info][gc,marking  ] GC(3680) Concurrent Rebuild Remembered Sets
[2025-01-07T21:13:24.877+0000][89275.243s][info][gc,marking  ] GC(3680) Concurrent Rebuild Remembered Sets 598.616ms
[2025-01-07T21:13:24.877+0000][89275.243s][info][gc,start    ] GC(3680) Pause Cleanup
[2025-01-07T21:13:24.878+0000][89275.244s][info][gc          ] GC(3680) Pause Cleanup 3820M->3820M(12288M) 0.470ms
[2025-01-07T21:13:24.878+0000][89275.244s][info][gc,cpu      ] GC(3680) User=0.00s Sys=0.00s Real=0.00s
[2025-01-07T21:13:24.878+0000][89275.244s][info][gc,marking  ] GC(3680) Concurrent Cleanup for Next Mark
[2025-01-07T21:13:24.894+0000][89275.260s][info][gc,marking  ] GC(3680) Concurrent Cleanup for Next Mark 15.712ms
[2025-01-07T21:13:24.894+0000][89275.260s][info][gc          ] GC(3680) Concurrent Mark Cycle 1466.760ms
[2025-01-07T21:13:33.401+0000][89283.767s][info][gc,start    ] GC(3681) Pause Young (Prepare Mixed) (G1 Evacuation Pause)
[2025-01-07T21:13:33.401+0000][89283.767s][info][gc,task     ] GC(3681) Using 6 workers of 6 for evacuation
[2025-01-07T21:13:33.439+0000][89283.805s][info][gc,phases   ] GC(3681)   Pre Evacuate Collection Set: 0.2ms
[2025-01-07T21:13:33.439+0000][89283.805s][info][gc,phases   ] GC(3681)   Merge Heap Roots: 0.7ms
[2025-01-07T21:13:33.439+0000][89283.805s][info][gc,phases   ] GC(3681)   Evacuate Collection Set: 33.6ms
[2025-01-07T21:13:33.439+0000][89283.805s][info][gc,phases   ] GC(3681)   Post Evacuate Collection Set: 2.8ms
[2025-01-07T21:13:33.439+0000][89283.805s][info][gc,phases   ] GC(3681)   Other: 0.2ms
[2025-01-07T21:13:33.439+0000][89283.805s][info][gc,heap     ] GC(3681) Eden regions: 912->0(66)
[2025-01-07T21:13:33.439+0000][89283.805s][info][gc,heap     ] GC(3681) Survivor regions: 9->10(116)
[2025-01-07T21:13:33.439+0000][89283.805s][info][gc,heap     ] GC(3681) Old regions: 232->232
[2025-01-07T21:13:33.439+0000][89283.805s][info][gc,heap     ] GC(3681) Archive regions: 2->2
[2025-01-07T21:13:33.439+0000][89283.805s][info][gc,heap     ] GC(3681) Humongous regions: 49->49
[2025-01-07T21:13:33.439+0000][89283.805s][info][gc,metaspace] GC(3681) Metaspace: 498936K(507200K)->498936K(507200K) NonClass: 438350K(442560K)->438350K(442560K) Class: 60586K(64640K)->60586K(64640K)
[2025-01-07T21:13:33.439+0000][89283.805s][info][gc          ] GC(3681) Pause Young (Prepare Mixed) (G1 Evacuation Pause) 9617M->2332M(12288M) 37.608ms
[2025-01-07T21:13:33.439+0000][89283.805s][info][gc,cpu      ] GC(3681) User=0.21s Sys=0.01s Real=0.04s
[2025-01-07T21:13:33.971+0000][89284.337s][info][gc,start    ] GC(3682) Pause Young (Mixed) (G1 Evacuation Pause)
[2025-01-07T21:13:33.971+0000][89284.337s][info][gc,task     ] GC(3682) Using 6 workers of 6 for evacuation
[2025-01-07T21:13:34.032+0000][89284.398s][info][gc,phases   ] GC(3682)   Pre Evacuate Collection Set: 0.2ms
[2025-01-07T21:13:34.032+0000][89284.398s][info][gc,phases   ] GC(3682)   Merge Heap Roots: 0.7ms
[2025-01-07T21:13:34.032+0000][89284.398s][info][gc,phases   ] GC(3682)   Evacuate Collection Set: 57.7ms
[2025-01-07T21:13:34.032+0000][89284.398s][info][gc,phases   ] GC(3682)   Post Evacuate Collection Set: 1.8ms
[2025-01-07T21:13:34.032+0000][89284.398s][info][gc,phases   ] GC(3682)   Other: 0.2ms
[2025-01-07T21:13:34.032+0000][89284.398s][info][gc,heap     ] GC(3682) Eden regions: 66->0(916)
[2025-01-07T21:13:34.032+0000][89284.398s][info][gc,heap     ] GC(3682) Survivor regions: 10->5(10)
[2025-01-07T21:13:34.032+0000][89284.398s][info][gc,heap     ] GC(3682) Old regions: 232->233
[2025-01-07T21:13:34.032+0000][89284.398s][info][gc,heap     ] GC(3682) Archive regions: 2->2
[2025-01-07T21:13:34.032+0000][89284.398s][info][gc,heap     ] GC(3682) Humongous regions: 49->49
[2025-01-07T21:13:34.032+0000][89284.398s][info][gc,metaspace] GC(3682) Metaspace: 498936K(507200K)->498936K(507200K) NonClass: 438350K(442560K)->438350K(442560K) Class: 60586K(64640K)->60586K(64640K)
[2025-01-07T21:13:34.032+0000][89284.398s][info][gc          ] GC(3682) Pause Young (Mixed) (G1 Evacuation Pause) 2860M->2295M(12288M) 60.650ms
[2025-01-07T21:13:34.032+0000][89284.398s][info][gc,cpu      ] GC(3682) User=0.36s Sys=0.00s Real=0.06s
[2025-01-07T21:13:43.261+0000][89293.627s][info][gc,start    ] GC(3683) Pause Young (Normal) (G1 Evacuation Pause)
[2025-01-07T21:13:43.261+0000][89293.627s][info][gc,task     ] GC(3683) Using 6 workers of 6 for evacuation
[2025-01-07T21:13:43.285+0000][89293.651s][info][gc,phases   ] GC(3683)   Pre Evacuate Collection Set: 0.2ms
[2025-01-07T21:13:43.285+0000][89293.651s][info][gc,phases   ] GC(3683)   Merge Heap Roots: 0.4ms
[2025-01-07T21:13:43.285+0000][89293.651s][info][gc,phases   ] GC(3683)   Evacuate Collection Set: 21.3ms
[2025-01-07T21:13:43.285+0000][89293.651s][info][gc,phases   ] GC(3683)   Post Evacuate Collection Set: 2.6ms
[2025-01-07T21:13:43.285+0000][89293.651s][info][gc,phases   ] GC(3683)   Other: 0.2ms
[2025-01-07T21:13:43.285+0000][89293.651s][info][gc,heap     ] GC(3683) Eden regions: 916->0(915)
[2025-01-07T21:13:43.285+0000][89293.651s][info][gc,heap     ] GC(3683) Survivor regions: 5->6(116)
[2025-01-07T21:13:43.285+0000][89293.651s][info][gc,heap     ] GC(3683) Old regions: 233->233
[2025-01-07T21:13:43.285+0000][89293.651s][info][gc,heap     ] GC(3683) Archive regions: 2->2
[2025-01-07T21:13:43.285+0000][89293.651s][info][gc,heap     ] GC(3683) Humongous regions: 49->49
[2025-01-07T21:13:43.285+0000][89293.651s][info][gc,metaspace] GC(3683) Metaspace: 498936K(507200K)->498936K(507200K) NonClass: 438350K(442560K)->438350K(442560K) Class: 60586K(64640K)->60586K(64640K)
[2025-01-07T21:13:43.285+0000][89293.651s][info][gc          ] GC(3683) Pause Young (Normal) (G1 Evacuation Pause) 9623M->2302M(12288M) 24.802ms
[2025-01-07T21:13:43.285+0000][89293.651s][info][gc,cpu      ] GC(3683) User=0.14s Sys=0.00s Real=0.03s
[2025-01-07T21:13:51.580+0000][89301.946s][info][gc,start    ] GC(3684) Pause Young (Normal) (G1 Evacuation Pause)
[2025-01-07T21:13:51.580+0000][89301.946s][info][gc,task     ] GC(3684) Using 6 workers of 6 for evacuation
[2025-01-07T21:13:51.610+0000][89301.976s][info][gc,phases   ] GC(3684)   Pre Evacuate Collection Set: 0.2ms
[2025-01-07T21:13:51.610+0000][89301.976s][info][gc,phases   ] GC(3684)   Merge Heap Roots: 0.4ms
[2025-01-07T21:13:51.610+0000][89301.976s][info][gc,phases   ] GC(3684)   Evacuate Collection Set: 26.8ms
[2025-01-07T21:13:51.610+0000][89301.976s][info][gc,phases   ] GC(3684)   Post Evacuate Collection Set: 2.8ms
[2025-01-07T21:13:51.610+0000][89301.976s][info][gc,phases   ] GC(3684)   Other: 0.2ms
[2025-01-07T21:13:51.610+0000][89301.976s][info][gc,heap     ] GC(3684) Eden regions: 915->0(913)
[2025-01-07T21:13:51.610+0000][89301.976s][info][gc,heap     ] GC(3684) Survivor regions: 6->8(116)
[2025-01-07T21:13:51.610+0000][89301.976s][info][gc,heap     ] GC(3684) Old regions: 233->233
[2025-01-07T21:13:51.610+0000][89301.976s][info][gc,heap     ] GC(3684) Archive regions: 2->2
[2025-01-07T21:13:51.610+0000][89301.976s][info][gc,heap     ] GC(3684) Humongous regions: 49->49
[2025-01-07T21:13:51.610+0000][89301.976s][info][gc,metaspace] GC(3684) Metaspace: 498936K(507200K)->498936K(507200K) NonClass: 438350K(442560K)->438350K(442560K) Class: 60586K(64640K)->60586K(64640K)
[2025-01-07T21:13:51.610+0000][89301.976s][info][gc          ] GC(3684) Pause Young (Normal) (G1 Evacuation Pause) 9622M->2315M(12288M) 30.471ms
[2025-01-07T21:13:51.610+0000][89301.976s][info][gc,cpu      ] GC(3684) User=0.17s Sys=0.00s Real=0.04s
[2025-01-07T21:13:58.527+0000][89308.893s][info][gc,start    ] GC(3685) Pause Young (Concurrent Start) (G1 Evacuation Pause)
[2025-01-07T21:13:58.527+0000][89308.893s][info][gc,task     ] GC(3685) Using 6 workers of 6 for evacuation
[2025-01-07T21:13:58.557+0000][89308.923s][info][gc,phases   ] GC(3685)   Pre Evacuate Collection Set: 1.0ms
[2025-01-07T21:13:58.557+0000][89308.923s][info][gc,phases   ] GC(3685)   Merge Heap Roots: 0.5ms
[2025-01-07T21:13:58.557+0000][89308.923s][info][gc,phases   ] GC(3685)   Evacuate Collection Set: 26.4ms
[2025-01-07T21:13:58.557+0000][89308.923s][info][gc,phases   ] GC(3685)   Post Evacuate Collection Set: 2.4ms
[2025-01-07T21:13:58.557+0000][89308.923s][info][gc,phases   ] GC(3685)   Other: 0.3ms
[2025-01-07T21:13:58.557+0000][89308.923s][info][gc,heap     ] GC(3685) Eden regions: 913->0(912)
[2025-01-07T21:13:58.557+0000][89308.923s][info][gc,heap     ] GC(3685) Survivor regions: 8->9(116)
[2025-01-07T21:13:58.557+0000][89308.923s][info][gc,heap     ] GC(3685) Old regions: 233->233
[2025-01-07T21:13:58.557+0000][89308.923s][info][gc,heap     ] GC(3685) Archive regions: 2->2
[2025-01-07T21:13:58.557+0000][89308.923s][info][gc,heap     ] GC(3685) Humongous regions: 49->49
[2025-01-07T21:13:58.557+0000][89308.923s][info][gc,metaspace] GC(3685) Metaspace: 498936K(507200K)->498936K(507200K) NonClass: 438350K(442560K)->438350K(442560K) Class: 60586K(64640K)->60586K(64640K)
[2025-01-07T21:13:58.557+0000][89308.923s][info][gc          ] GC(3685) Pause Young (Concurrent Start) (G1 Evacuation Pause) 9619M->2324M(12288M) 30.547ms
[2025-01-07T21:13:58.557+0000][89308.924s][info][gc,cpu      ] GC(3685) User=0.17s Sys=0.00s Real=0.03s
[2025-01-07T21:13:58.557+0000][89308.924s][info][gc          ] GC(3686) Concurrent Mark Cycle
[2025-01-07T21:13:58.558+0000][89308.924s][info][gc,marking  ] GC(3686) Concurrent Clear Claimed Marks
[2025-01-07T21:13:58.558+0000][89308.924s][info][gc,marking  ] GC(3686) Concurrent Clear Claimed Marks 0.776ms
[2025-01-07T21:13:58.558+0000][89308.924s][info][gc,marking  ] GC(3686) Concurrent Scan Root Regions
[2025-01-07T21:13:58.577+0000][89308.943s][info][gc,marking  ] GC(3686) Concurrent Scan Root Regions 18.551ms
[2025-01-07T21:13:58.577+0000][89308.943s][info][gc,marking  ] GC(3686) Concurrent Mark
[2025-01-07T21:13:58.577+0000][89308.943s][info][gc,marking  ] GC(3686) Concurrent Mark From Roots
[2025-01-07T21:13:58.577+0000][89308.943s][info][gc,task     ] GC(3686) Using 2 workers of 2 for marking
[2025-01-07T21:13:59.372+0000][89309.738s][info][gc,marking  ] GC(3686) Concurrent Mark From Roots 795.092ms
[2025-01-07T21:13:59.372+0000][89309.738s][info][gc,marking  ] GC(3686) Concurrent Preclean
[2025-01-07T21:13:59.375+0000][89309.741s][info][gc,marking  ] GC(3686) Concurrent Preclean 2.705ms
[2025-01-07T21:13:59.375+0000][89309.741s][info][gc,start    ] GC(3686) Pause Remark
[2025-01-07T21:13:59.400+0000][89309.766s][info][gc          ] GC(3686) Pause Remark 2572M->2572M(12288M) 25.332ms
[2025-01-07T21:13:59.400+0000][89309.766s][info][gc,cpu      ] GC(3686) User=0.15s Sys=0.00s Real=0.02s
[2025-01-07T21:13:59.400+0000][89309.766s][info][gc,marking  ] GC(3686) Concurrent Mark 823.508ms
[2025-01-07T21:13:59.400+0000][89309.767s][info][gc,marking  ] GC(3686) Concurrent Rebuild Remembered Sets
[2025-01-07T21:13:59.909+0000][89310.275s][info][gc,marking  ] GC(3686) Concurrent Rebuild Remembered Sets 508.327ms
[2025-01-07T21:13:59.909+0000][89310.275s][info][gc,start    ] GC(3686) Pause Cleanup
[2025-01-07T21:13:59.909+0000][89310.275s][info][gc          ] GC(3686) Pause Cleanup 2796M->2796M(12288M) 0.415ms
[2025-01-07T21:13:59.909+0000][89310.275s][info][gc,cpu      ] GC(3686) User=0.00s Sys=0.00s Real=0.00s
[2025-01-07T21:13:59.909+0000][89310.276s][info][gc,marking  ] GC(3686) Concurrent Cleanup for Next Mark
[2025-01-07T21:13:59.925+0000][89310.291s][info][gc,marking  ] GC(3686) Concurrent Cleanup for Next Mark 15.430ms
[2025-01-07T21:13:59.925+0000][89310.291s][info][gc          ] GC(3686) Concurrent Mark Cycle 1367.422ms
[2025-01-07T21:14:08.049+0000][89318.415s][info][gc,start    ] GC(3687) Pause Young (Prepare Mixed) (G1 Evacuation Pause)
[2025-01-07T21:14:08.049+0000][89318.415s][info][gc,task     ] GC(3687) Using 6 workers of 6 for evacuation
[2025-01-07T21:14:08.088+0000][89318.454s][info][gc,phases   ] GC(3687)   Pre Evacuate Collection Set: 0.2ms
[2025-01-07T21:14:08.088+0000][89318.454s][info][gc,phases   ] GC(3687)   Merge Heap Roots: 0.7ms
[2025-01-07T21:14:08.088+0000][89318.454s][info][gc,phases   ] GC(3687)   Evacuate Collection Set: 32.1ms
[2025-01-07T21:14:08.088+0000][89318.454s][info][gc,phases   ] GC(3687)   Post Evacuate Collection Set: 5.4ms
[2025-01-07T21:14:08.088+0000][89318.454s][info][gc,phases   ] GC(3687)   Other: 0.2ms
[2025-01-07T21:14:08.088+0000][89318.454s][info][gc,heap     ] GC(3687) Eden regions: 912->0(64)
[2025-01-07T21:14:08.088+0000][89318.454s][info][gc,heap     ] GC(3687) Survivor regions: 9->12(116)
[2025-01-07T21:14:08.088+0000][89318.454s][info][gc,heap     ] GC(3687) Old regions: 233->233
[2025-01-07T21:14:08.088+0000][89318.454s][info][gc,heap     ] GC(3687) Archive regions: 2->2
[2025-01-07T21:14:08.088+0000][89318.454s][info][gc,heap     ] GC(3687) Humongous regions: 49->49
[2025-01-07T21:14:08.088+0000][89318.454s][info][gc,metaspace] GC(3687) Metaspace: 498936K(507200K)->498936K(507200K) NonClass: 438350K(442560K)->438350K(442560K) Class: 60586K(64640K)->60586K(64640K)
[2025-01-07T21:14:08.088+0000][89318.454s][info][gc          ] GC(3687) Pause Young (Prepare Mixed) (G1 Evacuation Pause) 9620M->2348M(12288M) 38.752ms
[2025-01-07T21:14:08.088+0000][89318.454s][info][gc,cpu      ] GC(3687) User=0.23s Sys=0.00s Real=0.04s
[2025-01-07T21:14:08.399+0000][89318.765s][info][gc,start    ] GC(3688) Pause Young (Mixed) (G1 Evacuation Pause)
[2025-01-07T21:14:08.399+0000][89318.765s][info][gc,task     ] GC(3688) Using 6 workers of 6 for evacuation
[2025-01-07T21:14:08.463+0000][89318.829s][info][gc,phases   ] GC(3688)   Pre Evacuate Collection Set: 0.2ms
[2025-01-07T21:14:08.463+0000][89318.829s][info][gc,phases   ] GC(3688)   Merge Heap Roots: 0.7ms
[2025-01-07T21:14:08.463+0000][89318.829s][info][gc,phases   ] GC(3688)   Evacuate Collection Set: 60.7ms
[2025-01-07T21:14:08.463+0000][89318.829s][info][gc,phases   ] GC(3688)   Post Evacuate Collection Set: 2.0ms
[2025-01-07T21:14:08.463+0000][89318.829s][info][gc,phases   ] GC(3688)   Other: 0.2ms
[2025-01-07T21:14:08.463+0000][89318.829s][info][gc,heap     ] GC(3688) Eden regions: 64->0(916)
[2025-01-07T21:14:08.463+0000][89318.829s][info][gc,heap     ] GC(3688) Survivor regions: 12->5(10)
[2025-01-07T21:14:08.463+0000][89318.829s][info][gc,heap     ] GC(3688) Old regions: 233->235
[2025-01-07T21:14:08.463+0000][89318.829s][info][gc,heap     ] GC(3688) Archive regions: 2->2
[2025-01-07T21:14:08.463+0000][89318.829s][info][gc,heap     ] GC(3688) Humongous regions: 49->49
[2025-01-07T21:14:08.463+0000][89318.829s][info][gc,metaspace] GC(3688) Metaspace: 498936K(507200K)->498936K(507200K) NonClass: 438350K(442560K)->438350K(442560K) Class: 60586K(64640K)->60586K(64640K)
[2025-01-07T21:14:08.463+0000][89318.829s][info][gc          ] GC(3688) Pause Young (Mixed) (G1 Evacuation Pause) 2860M->2313M(12288M) 63.859ms
[2025-01-07T21:14:08.463+0000][89318.829s][info][gc,cpu      ] GC(3688) User=0.37s Sys=0.00s Real=0.07s
[2025-01-07T21:14:12.263+0000][89322.630s][info][gc,start    ] GC(3689) Pause Young (Normal) (G1 Evacuation Pause)
[2025-01-07T21:14:12.263+0000][89322.630s][info][gc,task     ] GC(3689) Using 6 workers of 6 for evacuation
[2025-01-07T21:14:12.285+0000][89322.651s][info][gc,phases   ] GC(3689)   Pre Evacuate Collection Set: 0.2ms
[2025-01-07T21:14:12.285+0000][89322.651s][info][gc,phases   ] GC(3689)   Merge Heap Roots: 0.4ms
[2025-01-07T21:14:12.285+0000][89322.651s][info][gc,phases   ] GC(3689)   Evacuate Collection Set: 18.3ms
[2025-01-07T21:14:12.285+0000][89322.651s][info][gc,phases   ] GC(3689)   Post Evacuate Collection Set: 2.3ms
[2025-01-07T21:14:12.285+0000][89322.651s][info][gc,phases   ] GC(3689)   Other: 0.2ms
[2025-01-07T21:14:12.285+0000][89322.651s][info][gc,heap     ] GC(3689) Eden regions: 916->0(915)
[2025-01-07T21:14:12.285+0000][89322.651s][info][gc,heap     ] GC(3689) Survivor regions: 5->6(116)
[2025-01-07T21:14:12.285+0000][89322.651s][info][gc,heap     ] GC(3689) Old regions: 235->235
[2025-01-07T21:14:12.285+0000][89322.651s][info][gc,heap     ] GC(3689) Archive regions: 2->2
[2025-01-07T21:14:12.285+0000][89322.651s][info][gc,heap     ] GC(3689) Humongous regions: 49->49
[2025-01-07T21:14:12.285+0000][89322.651s][info][gc,metaspace] GC(3689) Metaspace: 498936K(507200K)->498936K(507200K) NonClass: 438350K(442560K)->438350K(442560K) Class: 60586K(64640K)->60586K(64640K)
[2025-01-07T21:14:12.285+0000][89322.651s][info][gc          ] GC(3689) Pause Young (Normal) (G1 Evacuation Pause) 9641M->2314M(12288M) 21.498ms
[2025-01-07T21:14:12.285+0000][89322.651s][info][gc,cpu      ] GC(3689) User=0.13s Sys=0.00s Real=0.02s
[2025-01-07T21:14:17.691+0000][89328.057s][info][gc,start    ] GC(3690) Pause Young (Normal) (G1 Evacuation Pause)
[2025-01-07T21:14:17.691+0000][89328.057s][info][gc,task     ] GC(3690) Using 6 workers of 6 for evacuation
[2025-01-07T21:14:17.716+0000][89328.082s][info][gc,phases   ] GC(3690)   Pre Evacuate Collection Set: 0.2ms
[2025-01-07T21:14:17.716+0000][89328.082s][info][gc,phases   ] GC(3690)   Merge Heap Roots: 0.4ms
[2025-01-07T21:14:17.716+0000][89328.082s][info][gc,phases   ] GC(3690)   Evacuate Collection Set: 19.9ms
[2025-01-07T21:14:17.716+0000][89328.082s][info][gc,phases   ] GC(3690)   Post Evacuate Collection Set: 3.8ms
[2025-01-07T21:14:17.716+0000][89328.082s][info][gc,phases   ] GC(3690)   Other: 0.2ms
[2025-01-07T21:14:17.716+0000][89328.082s][info][gc,heap     ] GC(3690) Eden regions: 915->0(914)
[2025-01-07T21:14:17.716+0000][89328.082s][info][gc,heap     ] GC(3690) Survivor regions: 6->7(116)
[2025-01-07T21:14:17.716+0000][89328.082s][info][gc,heap     ] GC(3690) Old regions: 235->235
[2025-01-07T21:14:17.716+0000][89328.082s][info][gc,heap     ] GC(3690) Archive regions: 2->2
[2025-01-07T21:14:17.716+0000][89328.082s][info][gc,heap     ] GC(3690) Humongous regions: 49->49
[2025-01-07T21:14:17.716+0000][89328.082s][info][gc,metaspace] GC(3690) Metaspace: 498936K(507200K)->498936K(507200K) NonClass: 438350K(442560K)->438350K(442560K) Class: 60586K(64640K)->60586K(64640K)
[2025-01-07T21:14:17.716+0000][89328.082s][info][gc          ] GC(3690) Pause Young (Normal) (G1 Evacuation Pause) 9634M->2327M(12288M) 24.614ms
[2025-01-07T21:14:17.716+0000][89328.082s][info][gc,cpu      ] GC(3690) User=0.15s Sys=0.00s Real=0.02s
[2025-01-07T21:14:25.435+0000][89335.801s][info][gc,start    ] GC(3691) Pause Young (Concurrent Start) (G1 Evacuation Pause)
[2025-01-07T21:14:25.435+0000][89335.801s][info][gc,task     ] GC(3691) Using 6 workers of 6 for evacuation
[2025-01-07T21:14:25.462+0000][89335.828s][info][gc,phases   ] GC(3691)   Pre Evacuate Collection Set: 1.0ms
[2025-01-07T21:14:25.462+0000][89335.828s][info][gc,phases   ] GC(3691)   Merge Heap Roots: 0.4ms
[2025-01-07T21:14:25.462+0000][89335.828s][info][gc,phases   ] GC(3691)   Evacuate Collection Set: 22.2ms
[2025-01-07T21:14:25.462+0000][89335.828s][info][gc,phases   ] GC(3691)   Post Evacuate Collection Set: 2.5ms
[2025-01-07T21:14:25.462+0000][89335.828s][info][gc,phases   ] GC(3691)   Other: 0.3ms
[2025-01-07T21:14:25.462+0000][89335.828s][info][gc,heap     ] GC(3691) Eden regions: 914->0(914)
[2025-01-07T21:14:25.462+0000][89335.828s][info][gc,heap     ] GC(3691) Survivor regions: 7->7(116)
[2025-01-07T21:14:25.462+0000][89335.828s][info][gc,heap     ] GC(3691) Old regions: 235->235
[2025-01-07T21:14:25.462+0000][89335.828s][info][gc,heap     ] GC(3691) Archive regions: 2->2
[2025-01-07T21:14:25.462+0000][89335.828s][info][gc,heap     ] GC(3691) Humongous regions: 49->49
[2025-01-07T21:14:25.462+0000][89335.828s][info][gc,metaspace] GC(3691) Metaspace: 498942K(507200K)->498942K(507200K) NonClass: 438355K(442560K)->438355K(442560K) Class: 60586K(64640K)->60586K(64640K)
[2025-01-07T21:14:25.462+0000][89335.828s][info][gc          ] GC(3691) Pause Young (Concurrent Start) (G1 Evacuation Pause) 9639M->2329M(12288M) 26.575ms
[2025-01-07T21:14:25.462+0000][89335.828s][info][gc,cpu      ] GC(3691) User=0.15s Sys=0.00s Real=0.03s
[2025-01-07T21:14:25.462+0000][89335.828s][info][gc          ] GC(3692) Concurrent Mark Cycle
[2025-01-07T21:14:25.462+0000][89335.828s][info][gc,marking  ] GC(3692) Concurrent Clear Claimed Marks
[2025-01-07T21:14:25.463+0000][89335.829s][info][gc,marking  ] GC(3692) Concurrent Clear Claimed Marks 0.806ms
[2025-01-07T21:14:25.463+0000][89335.829s][info][gc,marking  ] GC(3692) Concurrent Scan Root Regions
[2025-01-07T21:14:25.477+0000][89335.843s][info][gc,marking  ] GC(3692) Concurrent Scan Root Regions 14.661ms
[2025-01-07T21:14:25.477+0000][89335.843s][info][gc,marking  ] GC(3692) Concurrent Mark
[2025-01-07T21:14:25.477+0000][89335.843s][info][gc,marking  ] GC(3692) Concurrent Mark From Roots
[2025-01-07T21:14:25.477+0000][89335.843s][info][gc,task     ] GC(3692) Using 2 workers of 2 for marking
[2025-01-07T21:14:26.262+0000][89336.628s][info][gc,marking  ] GC(3692) Concurrent Mark From Roots 784.921ms
[2025-01-07T21:14:26.262+0000][89336.628s][info][gc,marking  ] GC(3692) Concurrent Preclean
[2025-01-07T21:14:26.265+0000][89336.631s][info][gc,marking  ] GC(3692) Concurrent Preclean 2.873ms
[2025-01-07T21:14:26.265+0000][89336.631s][info][gc,start    ] GC(3692) Pause Remark
[2025-01-07T21:14:26.291+0000][89336.657s][info][gc          ] GC(3692) Pause Remark 3025M->3025M(12288M) 25.742ms
[2025-01-07T21:14:26.291+0000][89336.657s][info][gc,cpu      ] GC(3692) User=0.14s Sys=0.01s Real=0.03s
[2025-01-07T21:14:26.291+0000][89336.657s][info][gc,marking  ] GC(3692) Concurrent Mark 813.947ms
[2025-01-07T21:14:26.291+0000][89336.657s][info][gc,marking  ] GC(3692) Concurrent Rebuild Remembered Sets
[2025-01-07T21:14:26.879+0000][89337.245s][info][gc,marking  ] GC(3692) Concurrent Rebuild Remembered Sets 587.556ms
[2025-01-07T21:14:26.879+0000][89337.245s][info][gc,start    ] GC(3692) Pause Cleanup
[2025-01-07T21:14:26.879+0000][89337.246s][info][gc          ] GC(3692) Pause Cleanup 3769M->3769M(12288M) 0.379ms
[2025-01-07T21:14:26.879+0000][89337.246s][info][gc,cpu      ] GC(3692) User=0.00s Sys=0.00s Real=0.00s
[2025-01-07T21:14:26.880+0000][89337.246s][info][gc,marking  ] GC(3692) Concurrent Cleanup for Next Mark
[2025-01-07T21:14:26.895+0000][89337.262s][info][gc,marking  ] GC(3692) Concurrent Cleanup for Next Mark 15.891ms
[2025-01-07T21:14:26.895+0000][89337.262s][info][gc          ] GC(3692) Concurrent Mark Cycle 1433.637ms
[2025-01-07T21:14:34.476+0000][89344.842s][info][gc,start    ] GC(3693) Pause Young (Prepare Mixed) (G1 Evacuation Pause)
[2025-01-07T21:14:34.476+0000][89344.842s][info][gc,task     ] GC(3693) Using 6 workers of 6 for evacuation
[2025-01-07T21:14:34.506+0000][89344.872s][info][gc,phases   ] GC(3693)   Pre Evacuate Collection Set: 0.2ms
[2025-01-07T21:14:34.506+0000][89344.872s][info][gc,phases   ] GC(3693)   Merge Heap Roots: 0.6ms
[2025-01-07T21:14:34.506+0000][89344.872s][info][gc,phases   ] GC(3693)   Evacuate Collection Set: 26.6ms
[2025-01-07T21:14:34.506+0000][89344.872s][info][gc,phases   ] GC(3693)   Post Evacuate Collection Set: 2.6ms
[2025-01-07T21:14:34.506+0000][89344.872s][info][gc,phases   ] GC(3693)   Other: 0.2ms
[2025-01-07T21:14:34.506+0000][89344.872s][info][gc,heap     ] GC(3693) Eden regions: 914->0(67)
[2025-01-07T21:14:34.506+0000][89344.872s][info][gc,heap     ] GC(3693) Survivor regions: 7->9(116)
[2025-01-07T21:14:34.506+0000][89344.872s][info][gc,heap     ] GC(3693) Old regions: 235->235
[2025-01-07T21:14:34.506+0000][89344.872s][info][gc,heap     ] GC(3693) Archive regions: 2->2
[2025-01-07T21:14:34.506+0000][89344.872s][info][gc,heap     ] GC(3693) Humongous regions: 49->49
[2025-01-07T21:14:34.506+0000][89344.872s][info][gc,metaspace] GC(3693) Metaspace: 498942K(507200K)->498942K(507200K) NonClass: 438355K(442560K)->438355K(442560K) Class: 60586K(64640K)->60586K(64640K)
[2025-01-07T21:14:34.506+0000][89344.872s][info][gc          ] GC(3693) Pause Young (Prepare Mixed) (G1 Evacuation Pause) 9641M->2344M(12288M) 30.248ms
[2025-01-07T21:14:34.506+0000][89344.872s][info][gc,cpu      ] GC(3693) User=0.17s Sys=0.00s Real=0.03s
[2025-01-07T21:14:35.119+0000][89345.485s][info][gc,start    ] GC(3694) Pause Young (Mixed) (G1 Evacuation Pause)
[2025-01-07T21:14:35.119+0000][89345.485s][info][gc,task     ] GC(3694) Using 6 workers of 6 for evacuation
[2025-01-07T21:14:35.172+0000][89345.538s][info][gc,phases   ] GC(3694)   Pre Evacuate Collection Set: 0.2ms
[2025-01-07T21:14:35.172+0000][89345.538s][info][gc,phases   ] GC(3694)   Merge Heap Roots: 0.6ms
[2025-01-07T21:14:35.172+0000][89345.538s][info][gc,phases   ] GC(3694)   Evacuate Collection Set: 50.2ms
[2025-01-07T21:14:35.172+0000][89345.538s][info][gc,phases   ] GC(3694)   Post Evacuate Collection Set: 1.7ms
[2025-01-07T21:14:35.172+0000][89345.538s][info][gc,phases   ] GC(3694)   Other: 0.2ms
[2025-01-07T21:14:35.172+0000][89345.538s][info][gc,heap     ] GC(3694) Eden regions: 67->0(915)
[2025-01-07T21:14:35.172+0000][89345.538s][info][gc,heap     ] GC(3694) Survivor regions: 9->6(10)
[2025-01-07T21:14:35.172+0000][89345.538s][info][gc,heap     ] GC(3694) Old regions: 235->235
[2025-01-07T21:14:35.172+0000][89345.538s][info][gc,heap     ] GC(3694) Archive regions: 2->2
[2025-01-07T21:14:35.172+0000][89345.538s][info][gc,heap     ] GC(3694) Humongous regions: 49->49
[2025-01-07T21:14:35.172+0000][89345.538s][info][gc,metaspace] GC(3694) Metaspace: 498942K(507200K)->498942K(507200K) NonClass: 438355K(442560K)->438355K(442560K) Class: 60586K(64640K)->60586K(64640K)
[2025-01-07T21:14:35.172+0000][89345.538s][info][gc          ] GC(3694) Pause Young (Mixed) (G1 Evacuation Pause) 2880M->2318M(12288M) 52.950ms
[2025-01-07T21:14:35.172+0000][89345.538s][info][gc,cpu      ] GC(3694) User=0.32s Sys=0.00s Real=0.06s
[2025-01-07T21:14:44.506+0000][89354.872s][info][gc,start    ] GC(3695) Pause Young (Normal) (G1 Evacuation Pause)
[2025-01-07T21:14:44.506+0000][89354.872s][info][gc,task     ] GC(3695) Using 6 workers of 6 for evacuation
[2025-01-07T21:14:44.532+0000][89354.898s][info][gc,phases   ] GC(3695)   Pre Evacuate Collection Set: 0.2ms
[2025-01-07T21:14:44.532+0000][89354.898s][info][gc,phases   ] GC(3695)   Merge Heap Roots: 0.4ms
[2025-01-07T21:14:44.532+0000][89354.898s][info][gc,phases   ] GC(3695)   Evacuate Collection Set: 22.0ms
[2025-01-07T21:14:44.532+0000][89354.898s][info][gc,phases   ] GC(3695)   Post Evacuate Collection Set: 2.6ms
[2025-01-07T21:14:44.532+0000][89354.898s][info][gc,phases   ] GC(3695)   Other: 0.2ms
[2025-01-07T21:14:44.532+0000][89354.898s][info][gc,heap     ] GC(3695) Eden regions: 915->0(914)
[2025-01-07T21:14:44.532+0000][89354.898s][info][gc,heap     ] GC(3695) Survivor regions: 6->7(116)
[2025-01-07T21:14:44.532+0000][89354.898s][info][gc,heap     ] GC(3695) Old regions: 235->235
[2025-01-07T21:14:44.532+0000][89354.898s][info][gc,heap     ] GC(3695) Archive regions: 2->2
[2025-01-07T21:14:44.532+0000][89354.898s][info][gc,heap     ] GC(3695) Humongous regions: 49->49
[2025-01-07T21:14:44.532+0000][89354.898s][info][gc,metaspace] GC(3695) Metaspace: 498942K(507200K)->498942K(507200K) NonClass: 438355K(442560K)->438355K(442560K) Class: 60586K(64640K)->60586K(64640K)
[2025-01-07T21:14:44.532+0000][89354.898s][info][gc          ] GC(3695) Pause Young (Normal) (G1 Evacuation Pause) 9638M->2326M(12288M) 25.456ms
[2025-01-07T21:14:44.532+0000][89354.898s][info][gc,cpu      ] GC(3695) User=0.14s Sys=0.00s Real=0.03s
[2025-01-07T21:14:53.406+0000][89363.772s][info][gc,start    ] GC(3696) Pause Young (Normal) (G1 Evacuation Pause)
[2025-01-07T21:14:53.406+0000][89363.772s][info][gc,task     ] GC(3696) Using 6 workers of 6 for evacuation
[2025-01-07T21:14:53.438+0000][89363.804s][info][gc,phases   ] GC(3696)   Pre Evacuate Collection Set: 0.2ms
[2025-01-07T21:14:53.438+0000][89363.804s][info][gc,phases   ] GC(3696)   Merge Heap Roots: 0.5ms
[2025-01-07T21:14:53.438+0000][89363.804s][info][gc,phases   ] GC(3696)   Evacuate Collection Set: 28.6ms
[2025-01-07T21:14:53.438+0000][89363.804s][info][gc,phases   ] GC(3696)   Post Evacuate Collection Set: 2.6ms
[2025-01-07T21:14:53.438+0000][89363.804s][info][gc,phases   ] GC(3696)   Other: 0.2ms
[2025-01-07T21:14:53.438+0000][89363.804s][info][gc,heap     ] GC(3696) Eden regions: 914->0(912)
[2025-01-07T21:14:53.438+0000][89363.804s][info][gc,heap     ] GC(3696) Survivor regions: 7->9(116)
[2025-01-07T21:14:53.438+0000][89363.804s][info][gc,heap     ] GC(3696) Old regions: 235->235
[2025-01-07T21:14:53.438+0000][89363.804s][info][gc,heap     ] GC(3696) Archive regions: 2->2
[2025-01-07T21:14:53.438+0000][89363.804s][info][gc,heap     ] GC(3696) Humongous regions: 49->49
[2025-01-07T21:14:53.438+0000][89363.804s][info][gc,metaspace] GC(3696) Metaspace: 498942K(507200K)->498942K(507200K) NonClass: 438355K(442560K)->438355K(442560K) Class: 60586K(64640K)->60586K(64640K)
[2025-01-07T21:14:53.438+0000][89363.804s][info][gc          ] GC(3696) Pause Young (Normal) (G1 Evacuation Pause) 9638M->2341M(12288M) 32.179ms
[2025-01-07T21:14:53.438+0000][89363.804s][info][gc,cpu      ] GC(3696) User=0.19s Sys=0.00s Real=0.03s
[2025-01-07T21:15:06.603+0000][89376.969s][info][gc,start    ] GC(3697) Pause Young (Concurrent Start) (G1 Evacuation Pause)
[2025-01-07T21:15:06.603+0000][89376.969s][info][gc,task     ] GC(3697) Using 6 workers of 6 for evacuation
[2025-01-07T21:15:06.644+0000][89377.010s][info][gc,phases   ] GC(3697)   Pre Evacuate Collection Set: 1.0ms
[2025-01-07T21:15:06.644+0000][89377.010s][info][gc,phases   ] GC(3697)   Merge Heap Roots: 0.5ms
[2025-01-07T21:15:06.644+0000][89377.010s][info][gc,phases   ] GC(3697)   Evacuate Collection Set: 33.2ms
[2025-01-07T21:15:06.644+0000][89377.010s][info][gc,phases   ] GC(3697)   Post Evacuate Collection Set: 6.1ms
[2025-01-07T21:15:06.644+0000][89377.010s][info][gc,phases   ] GC(3697)   Other: 0.3ms
[2025-01-07T21:15:06.644+0000][89377.010s][info][gc,heap     ] GC(3697) Eden regions: 912->0(909)
[2025-01-07T21:15:06.644+0000][89377.010s][info][gc,heap     ] GC(3697) Survivor regions: 9->12(116)
[2025-01-07T21:15:06.644+0000][89377.010s][info][gc,heap     ] GC(3697) Old regions: 235->235
[2025-01-07T21:15:06.644+0000][89377.010s][info][gc,heap     ] GC(3697) Archive regions: 2->2
[2025-01-07T21:15:06.644+0000][89377.010s][info][gc,heap     ] GC(3697) Humongous regions: 49->49
[2025-01-07T21:15:06.644+0000][89377.010s][info][gc,metaspace] GC(3697) Metaspace: 498942K(507200K)->498942K(507200K) NonClass: 438355K(442560K)->438355K(442560K) Class: 60586K(64640K)->60586K(64640K)
[2025-01-07T21:15:06.644+0000][89377.011s][info][gc          ] GC(3697) Pause Young (Concurrent Start) (G1 Evacuation Pause) 9637M->2368M(12288M) 41.082ms
[2025-01-07T21:15:06.644+0000][89377.011s][info][gc,cpu      ] GC(3697) User=0.24s Sys=0.00s Real=0.04s
[2025-01-07T21:15:06.644+0000][89377.011s][info][gc          ] GC(3698) Concurrent Mark Cycle
[2025-01-07T21:15:06.645+0000][89377.011s][info][gc,marking  ] GC(3698) Concurrent Clear Claimed Marks
[2025-01-07T21:15:06.645+0000][89377.011s][info][gc,marking  ] GC(3698) Concurrent Clear Claimed Marks 0.844ms
[2025-01-07T21:15:06.645+0000][89377.011s][info][gc,marking  ] GC(3698) Concurrent Scan Root Regions
[2025-01-07T21:15:06.677+0000][89377.043s][info][gc,marking  ] GC(3698) Concurrent Scan Root Regions 31.224ms
[2025-01-07T21:15:06.677+0000][89377.043s][info][gc,marking  ] GC(3698) Concurrent Mark
[2025-01-07T21:15:06.677+0000][89377.043s][info][gc,marking  ] GC(3698) Concurrent Mark From Roots
[2025-01-07T21:15:06.677+0000][89377.043s][info][gc,task     ] GC(3698) Using 2 workers of 2 for marking
[2025-01-07T21:15:07.395+0000][89377.761s][info][gc,marking  ] GC(3698) Concurrent Mark From Roots 718.733ms
[2025-01-07T21:15:07.395+0000][89377.762s][info][gc,marking  ] GC(3698) Concurrent Preclean
[2025-01-07T21:15:07.397+0000][89377.763s][info][gc,marking  ] GC(3698) Concurrent Preclean 1.966ms
[2025-01-07T21:15:07.397+0000][89377.764s][info][gc,start    ] GC(3698) Pause Remark
[2025-01-07T21:15:07.424+0000][89377.790s][info][gc          ] GC(3698) Pause Remark 2920M->2920M(12288M) 26.177ms
[2025-01-07T21:15:07.424+0000][89377.790s][info][gc,cpu      ] GC(3698) User=0.15s Sys=0.00s Real=0.03s
[2025-01-07T21:15:07.424+0000][89377.790s][info][gc,marking  ] GC(3698) Concurrent Mark 747.209ms
[2025-01-07T21:15:07.424+0000][89377.790s][info][gc,marking  ] GC(3698) Concurrent Rebuild Remembered Sets
[2025-01-07T21:15:07.912+0000][89378.279s][info][gc,marking  ] GC(3698) Concurrent Rebuild Remembered Sets 488.550ms
[2025-01-07T21:15:07.913+0000][89378.279s][info][gc,start    ] GC(3698) Pause Cleanup
[2025-01-07T21:15:07.913+0000][89378.279s][info][gc          ] GC(3698) Pause Cleanup 3333M->3333M(12288M) 0.430ms
[2025-01-07T21:15:07.913+0000][89378.279s][info][gc,cpu      ] GC(3698) User=0.00s Sys=0.00s Real=0.00s
[2025-01-07T21:15:07.913+0000][89378.279s][info][gc,marking  ] GC(3698) Concurrent Cleanup for Next Mark
[2025-01-07T21:15:07.929+0000][89378.295s][info][gc,marking  ] GC(3698) Concurrent Cleanup for Next Mark 16.195ms
[2025-01-07T21:15:07.929+0000][89378.295s][info][gc          ] GC(3698) Concurrent Mark Cycle 1284.851ms
[2025-01-07T21:15:13.256+0000][89383.622s][info][gc,start    ] GC(3699) Pause Young (Prepare Mixed) (G1 Evacuation Pause)
[2025-01-07T21:15:13.256+0000][89383.622s][info][gc,task     ] GC(3699) Using 6 workers of 6 for evacuation
[2025-01-07T21:15:13.295+0000][89383.661s][info][gc,phases   ] GC(3699)   Pre Evacuate Collection Set: 0.2ms
[2025-01-07T21:15:13.295+0000][89383.661s][info][gc,phases   ] GC(3699)   Merge Heap Roots: 0.7ms
[2025-01-07T21:15:13.295+0000][89383.661s][info][gc,phases   ] GC(3699)   Evacuate Collection Set: 34.1ms
[2025-01-07T21:15:13.295+0000][89383.661s][info][gc,phases   ] GC(3699)   Post Evacuate Collection Set: 3.8ms
[2025-01-07T21:15:13.295+0000][89383.661s][info][gc,phases   ] GC(3699)   Other: 0.2ms
[2025-01-07T21:15:13.295+0000][89383.661s][info][gc,heap     ] GC(3699) Eden regions: 909->0(63)
[2025-01-07T21:15:13.295+0000][89383.661s][info][gc,heap     ] GC(3699) Survivor regions: 12->13(116)
[2025-01-07T21:15:13.295+0000][89383.661s][info][gc,heap     ] GC(3699) Old regions: 235->235
[2025-01-07T21:15:13.295+0000][89383.661s][info][gc,heap     ] GC(3699) Archive regions: 2->2
[2025-01-07T21:15:13.295+0000][89383.661s][info][gc,heap     ] GC(3699) Humongous regions: 49->49
[2025-01-07T21:15:13.295+0000][89383.661s][info][gc,metaspace] GC(3699) Metaspace: 498942K(507200K)->498942K(507200K) NonClass: 438355K(442560K)->438355K(442560K) Class: 60586K(64640K)->60586K(64640K)
[2025-01-07T21:15:13.295+0000][89383.661s][info][gc          ] GC(3699) Pause Young (Prepare Mixed) (G1 Evacuation Pause) 9640M->2374M(12288M) 39.074ms
[2025-01-07T21:15:13.295+0000][89383.661s][info][gc,cpu      ] GC(3699) User=0.23s Sys=0.00s Real=0.04s
[2025-01-07T21:15:13.665+0000][89384.031s][info][gc,start    ] GC(3700) Pause Young (Mixed) (G1 Evacuation Pause)
[2025-01-07T21:15:13.665+0000][89384.031s][info][gc,task     ] GC(3700) Using 6 workers of 6 for evacuation
[2025-01-07T21:15:13.713+0000][89384.079s][info][gc,phases   ] GC(3700)   Pre Evacuate Collection Set: 0.2ms
[2025-01-07T21:15:13.713+0000][89384.079s][info][gc,phases   ] GC(3700)   Merge Heap Roots: 0.4ms
[2025-01-07T21:15:13.713+0000][89384.079s][info][gc,phases   ] GC(3700)   Evacuate Collection Set: 45.2ms
[2025-01-07T21:15:13.713+0000][89384.079s][info][gc,phases   ] GC(3700)   Post Evacuate Collection Set: 1.5ms
[2025-01-07T21:15:13.713+0000][89384.079s][info][gc,phases   ] GC(3700)   Other: 0.2ms
[2025-01-07T21:15:13.713+0000][89384.079s][info][gc,heap     ] GC(3700) Eden regions: 63->0(917)
[2025-01-07T21:15:13.713+0000][89384.079s][info][gc,heap     ] GC(3700) Survivor regions: 13->4(10)
[2025-01-07T21:15:13.713+0000][89384.079s][info][gc,heap     ] GC(3700) Old regions: 235->238
[2025-01-07T21:15:13.713+0000][89384.079s][info][gc,heap     ] GC(3700) Archive regions: 2->2
[2025-01-07T21:15:13.713+0000][89384.079s][info][gc,heap     ] GC(3700) Humongous regions: 49->49
[2025-01-07T21:15:13.713+0000][89384.079s][info][gc,metaspace] GC(3700) Metaspace: 498942K(507200K)->498942K(507200K) NonClass: 438355K(442560K)->438355K(442560K) Class: 60586K(64640K)->60586K(64640K)
[2025-01-07T21:15:13.713+0000][89384.079s][info][gc          ] GC(3700) Pause Young (Mixed) (G1 Evacuation Pause) 2878M->2326M(12288M) 47.631ms
[2025-01-07T21:15:13.713+0000][89384.079s][info][gc,cpu      ] GC(3700) User=0.28s Sys=0.00s Real=0.05s
[2025-01-07T21:15:21.324+0000][89391.690s][info][gc,start    ] GC(3701) Pause Young (Normal) (G1 Evacuation Pause)
[2025-01-07T21:15:21.324+0000][89391.690s][info][gc,task     ] GC(3701) Using 6 workers of 6 for evacuation
[2025-01-07T21:15:21.347+0000][89391.713s][info][gc,phases   ] GC(3701)   Pre Evacuate Collection Set: 0.2ms
[2025-01-07T21:15:21.347+0000][89391.713s][info][gc,phases   ] GC(3701)   Merge Heap Roots: 0.4ms
[2025-01-07T21:15:21.347+0000][89391.713s][info][gc,phases   ] GC(3701)   Evacuate Collection Set: 20.1ms
[2025-01-07T21:15:21.347+0000][89391.713s][info][gc,phases   ] GC(3701)   Post Evacuate Collection Set: 2.6ms
[2025-01-07T21:15:21.347+0000][89391.713s][info][gc,phases   ] GC(3701)   Other: 0.2ms
[2025-01-07T21:15:21.347+0000][89391.713s][info][gc,heap     ] GC(3701) Eden regions: 917->0(916)
[2025-01-07T21:15:21.347+0000][89391.713s][info][gc,heap     ] GC(3701) Survivor regions: 4->5(116)
[2025-01-07T21:15:21.347+0000][89391.713s][info][gc,heap     ] GC(3701) Old regions: 238->238
[2025-01-07T21:15:21.347+0000][89391.713s][info][gc,heap     ] GC(3701) Archive regions: 2->2
[2025-01-07T21:15:21.347+0000][89391.713s][info][gc,heap     ] GC(3701) Humongous regions: 49->49
[2025-01-07T21:15:21.347+0000][89391.713s][info][gc,metaspace] GC(3701) Metaspace: 498942K(507200K)->498942K(507200K) NonClass: 438355K(442560K)->438355K(442560K) Class: 60586K(64640K)->60586K(64640K)
[2025-01-07T21:15:21.347+0000][89391.713s][info][gc          ] GC(3701) Pause Young (Normal) (G1 Evacuation Pause) 9662M->2334M(12288M) 23.521ms
[2025-01-07T21:15:21.347+0000][89391.713s][info][gc,cpu      ] GC(3701) User=0.14s Sys=0.00s Real=0.02s
[2025-01-07T21:15:33.106+0000][89403.472s][info][gc,start    ] GC(3702) Pause Young (Normal) (G1 Evacuation Pause)
[2025-01-07T21:15:33.106+0000][89403.472s][info][gc,task     ] GC(3702) Using 6 workers of 6 for evacuation
[2025-01-07T21:15:33.132+0000][89403.498s][info][gc,phases   ] GC(3702)   Pre Evacuate Collection Set: 0.2ms
[2025-01-07T21:15:33.132+0000][89403.498s][info][gc,phases   ] GC(3702)   Merge Heap Roots: 0.4ms
[2025-01-07T21:15:33.132+0000][89403.498s][info][gc,phases   ] GC(3702)   Evacuate Collection Set: 22.7ms
[2025-01-07T21:15:33.132+0000][89403.498s][info][gc,phases   ] GC(3702)   Post Evacuate Collection Set: 2.7ms
[2025-01-07T21:15:33.132+0000][89403.499s][info][gc,phases   ] GC(3702)   Other: 0.2ms
[2025-01-07T21:15:33.132+0000][89403.499s][info][gc,heap     ] GC(3702) Eden regions: 916->0(914)
[2025-01-07T21:15:33.132+0000][89403.499s][info][gc,heap     ] GC(3702) Survivor regions: 5->7(116)
[2025-01-07T21:15:33.132+0000][89403.499s][info][gc,heap     ] GC(3702) Old regions: 238->238
[2025-01-07T21:15:33.132+0000][89403.499s][info][gc,heap     ] GC(3702) Archive regions: 2->2
[2025-01-07T21:15:33.132+0000][89403.499s][info][gc,heap     ] GC(3702) Humongous regions: 49->49
[2025-01-07T21:15:33.132+0000][89403.499s][info][gc,metaspace] GC(3702) Metaspace: 498942K(507200K)->498942K(507200K) NonClass: 438355K(442560K)->438355K(442560K) Class: 60586K(64640K)->60586K(64640K)
[2025-01-07T21:15:33.132+0000][89403.499s][info][gc          ] GC(3702) Pause Young (Normal) (G1 Evacuation Pause) 9662M->2345M(12288M) 26.374ms
[2025-01-07T21:15:33.132+0000][89403.499s][info][gc,cpu      ] GC(3702) User=0.15s Sys=0.00s Real=0.03s
[2025-01-07T21:15:41.558+0000][89411.924s][info][gc,start    ] GC(3703) Pause Young (Concurrent Start) (G1 Evacuation Pause)
[2025-01-07T21:15:41.558+0000][89411.924s][info][gc,task     ] GC(3703) Using 6 workers of 6 for evacuation
[2025-01-07T21:15:41.588+0000][89411.954s][info][gc,phases   ] GC(3703)   Pre Evacuate Collection Set: 1.0ms
[2025-01-07T21:15:41.588+0000][89411.954s][info][gc,phases   ] GC(3703)   Merge Heap Roots: 0.5ms
[2025-01-07T21:15:41.588+0000][89411.954s][info][gc,phases   ] GC(3703)   Evacuate Collection Set: 25.7ms
[2025-01-07T21:15:41.588+0000][89411.954s][info][gc,phases   ] GC(3703)   Post Evacuate Collection Set: 2.5ms
[2025-01-07T21:15:41.588+0000][89411.954s][info][gc,phases   ] GC(3703)   Other: 0.3ms
[2025-01-07T21:15:41.588+0000][89411.954s][info][gc,heap     ] GC(3703) Eden regions: 914->0(913)
[2025-01-07T21:15:41.588+0000][89411.954s][info][gc,heap     ] GC(3703) Survivor regions: 7->8(116)
[2025-01-07T21:15:41.588+0000][89411.954s][info][gc,heap     ] GC(3703) Old regions: 238->238
[2025-01-07T21:15:41.588+0000][89411.954s][info][gc,heap     ] GC(3703) Archive regions: 2->2
[2025-01-07T21:15:41.588+0000][89411.954s][info][gc,heap     ] GC(3703) Humongous regions: 49->49
[2025-01-07T21:15:41.588+0000][89411.954s][info][gc,metaspace] GC(3703) Metaspace: 498942K(507200K)->498942K(507200K) NonClass: 438355K(442560K)->438355K(442560K) Class: 60586K(64640K)->60586K(64640K)
[2025-01-07T21:15:41.588+0000][89411.954s][info][gc          ] GC(3703) Pause Young (Concurrent Start) (G1 Evacuation Pause) 9657M->2355M(12288M) 30.043ms
[2025-01-07T21:15:41.588+0000][89411.954s][info][gc,cpu      ] GC(3703) User=0.16s Sys=0.02s Real=0.03s
[2025-01-07T21:15:41.588+0000][89411.954s][info][gc          ] GC(3704) Concurrent Mark Cycle
[2025-01-07T21:15:41.588+0000][89411.954s][info][gc,marking  ] GC(3704) Concurrent Clear Claimed Marks
[2025-01-07T21:15:41.589+0000][89411.955s][info][gc,marking  ] GC(3704) Concurrent Clear Claimed Marks 0.798ms
[2025-01-07T21:15:41.589+0000][89411.955s][info][gc,marking  ] GC(3704) Concurrent Scan Root Regions
[2025-01-07T21:15:41.610+0000][89411.976s][info][gc,marking  ] GC(3704) Concurrent Scan Root Regions 20.510ms
[2025-01-07T21:15:41.610+0000][89411.976s][info][gc,marking  ] GC(3704) Concurrent Mark
[2025-01-07T21:15:41.610+0000][89411.976s][info][gc,marking  ] GC(3704) Concurrent Mark From Roots
[2025-01-07T21:15:41.610+0000][89411.976s][info][gc,task     ] GC(3704) Using 2 workers of 2 for marking
[2025-01-07T21:15:42.476+0000][89412.842s][info][gc,marking  ] GC(3704) Concurrent Mark From Roots 866.459ms
[2025-01-07T21:15:42.476+0000][89412.842s][info][gc,marking  ] GC(3704) Concurrent Preclean
[2025-01-07T21:15:42.479+0000][89412.845s][info][gc,marking  ] GC(3704) Concurrent Preclean 2.769ms
[2025-01-07T21:15:42.479+0000][89412.845s][info][gc,start    ] GC(3704) Pause Remark
[2025-01-07T21:15:42.505+0000][89412.871s][info][gc          ] GC(3704) Pause Remark 3207M->3207M(12288M) 25.335ms
[2025-01-07T21:15:42.505+0000][89412.871s][info][gc,cpu      ] GC(3704) User=0.15s Sys=0.01s Real=0.03s
[2025-01-07T21:15:42.505+0000][89412.871s][info][gc,marking  ] GC(3704) Concurrent Mark 895.003ms
[2025-01-07T21:15:42.505+0000][89412.871s][info][gc,marking  ] GC(3704) Concurrent Rebuild Remembered Sets
[2025-01-07T21:15:43.103+0000][89413.469s][info][gc,marking  ] GC(3704) Concurrent Rebuild Remembered Sets 598.569ms
[2025-01-07T21:15:43.103+0000][89413.470s][info][gc,start    ] GC(3704) Pause Cleanup
[2025-01-07T21:15:43.104+0000][89413.470s][info][gc          ] GC(3704) Pause Cleanup 4059M->4059M(12288M) 0.426ms
[2025-01-07T21:15:43.104+0000][89413.470s][info][gc,cpu      ] GC(3704) User=0.00s Sys=0.00s Real=0.00s
[2025-01-07T21:15:43.104+0000][89413.470s][info][gc,marking  ] GC(3704) Concurrent Cleanup for Next Mark
[2025-01-07T21:15:43.132+0000][89413.498s][info][gc,marking  ] GC(3704) Concurrent Cleanup for Next Mark 28.076ms
[2025-01-07T21:15:43.132+0000][89413.498s][info][gc          ] GC(3704) Concurrent Mark Cycle 1543.791ms
[2025-01-07T21:15:47.032+0000][89417.398s][info][gc,start    ] GC(3705) Pause Young (Prepare Mixed) (G1 Evacuation Pause)
[2025-01-07T21:15:47.032+0000][89417.398s][info][gc,task     ] GC(3705) Using 6 workers of 6 for evacuation
[2025-01-07T21:15:47.063+0000][89417.429s][info][gc,phases   ] GC(3705)   Pre Evacuate Collection Set: 0.2ms
[2025-01-07T21:15:47.063+0000][89417.429s][info][gc,phases   ] GC(3705)   Merge Heap Roots: 0.6ms
[2025-01-07T21:15:47.063+0000][89417.429s][info][gc,phases   ] GC(3705)   Evacuate Collection Set: 27.1ms
[2025-01-07T21:15:47.063+0000][89417.429s][info][gc,phases   ] GC(3705)   Post Evacuate Collection Set: 2.5ms
[2025-01-07T21:15:47.063+0000][89417.429s][info][gc,phases   ] GC(3705)   Other: 0.2ms
[2025-01-07T21:15:47.063+0000][89417.429s][info][gc,heap     ] GC(3705) Eden regions: 913->0(67)
[2025-01-07T21:15:47.063+0000][89417.429s][info][gc,heap     ] GC(3705) Survivor regions: 8->9(116)
[2025-01-07T21:15:47.063+0000][89417.429s][info][gc,heap     ] GC(3705) Old regions: 238->238
[2025-01-07T21:15:47.063+0000][89417.429s][info][gc,heap     ] GC(3705) Archive regions: 2->2
[2025-01-07T21:15:47.063+0000][89417.429s][info][gc,heap     ] GC(3705) Humongous regions: 49->49
[2025-01-07T21:15:47.063+0000][89417.429s][info][gc,metaspace] GC(3705) Metaspace: 498942K(507200K)->498942K(507200K) NonClass: 438355K(442560K)->438355K(442560K) Class: 60586K(64640K)->60586K(64640K)
[2025-01-07T21:15:47.063+0000][89417.429s][info][gc          ] GC(3705) Pause Young (Prepare Mixed) (G1 Evacuation Pause) 9659M->2364M(12288M) 30.753ms
[2025-01-07T21:15:47.063+0000][89417.429s][info][gc,cpu      ] GC(3705) User=0.18s Sys=0.00s Real=0.03s
[2025-01-07T21:15:47.427+0000][89417.793s][info][gc,start    ] GC(3706) Pause Young (Mixed) (G1 Evacuation Pause)
[2025-01-07T21:15:47.427+0000][89417.793s][info][gc,task     ] GC(3706) Using 6 workers of 6 for evacuation
[2025-01-07T21:15:47.486+0000][89417.852s][info][gc,phases   ] GC(3706)   Pre Evacuate Collection Set: 0.2ms
[2025-01-07T21:15:47.486+0000][89417.853s][info][gc,phases   ] GC(3706)   Merge Heap Roots: 0.7ms
[2025-01-07T21:15:47.486+0000][89417.853s][info][gc,phases   ] GC(3706)   Evacuate Collection Set: 56.6ms
[2025-01-07T21:15:47.486+0000][89417.853s][info][gc,phases   ] GC(3706)   Post Evacuate Collection Set: 1.8ms
[2025-01-07T21:15:47.486+0000][89417.853s][info][gc,phases   ] GC(3706)   Other: 0.2ms
[2025-01-07T21:15:47.486+0000][89417.853s][info][gc,heap     ] GC(3706) Eden regions: 67->0(916)
[2025-01-07T21:15:47.486+0000][89417.853s][info][gc,heap     ] GC(3706) Survivor regions: 9->5(10)
[2025-01-07T21:15:47.486+0000][89417.853s][info][gc,heap     ] GC(3706) Old regions: 238->237
[2025-01-07T21:15:47.486+0000][89417.853s][info][gc,heap     ] GC(3706) Archive regions: 2->2
[2025-01-07T21:15:47.486+0000][89417.853s][info][gc,heap     ] GC(3706) Humongous regions: 49->49
[2025-01-07T21:15:47.486+0000][89417.853s][info][gc,metaspace] GC(3706) Metaspace: 498942K(507200K)->498942K(507200K) NonClass: 438355K(442560K)->438355K(442560K) Class: 60586K(64640K)->60586K(64640K)
[2025-01-07T21:15:47.487+0000][89417.853s][info][gc          ] GC(3706) Pause Young (Mixed) (G1 Evacuation Pause) 2900M->2330M(12288M) 59.542ms
[2025-01-07T21:15:47.487+0000][89417.853s][info][gc,cpu      ] GC(3706) User=0.35s Sys=0.00s Real=0.06s
[2025-01-07T21:15:54.112+0000][89424.478s][info][gc,start    ] GC(3707) Pause Young (Normal) (G1 Evacuation Pause)
[2025-01-07T21:15:54.112+0000][89424.478s][info][gc,task     ] GC(3707) Using 6 workers of 6 for evacuation
[2025-01-07T21:15:54.136+0000][89424.502s][info][gc,phases   ] GC(3707)   Pre Evacuate Collection Set: 0.2ms
[2025-01-07T21:15:54.136+0000][89424.502s][info][gc,phases   ] GC(3707)   Merge Heap Roots: 0.4ms
[2025-01-07T21:15:54.136+0000][89424.502s][info][gc,phases   ] GC(3707)   Evacuate Collection Set: 18.8ms
[2025-01-07T21:15:54.136+0000][89424.502s][info][gc,phases   ] GC(3707)   Post Evacuate Collection Set: 3.7ms
[2025-01-07T21:15:54.136+0000][89424.502s][info][gc,phases   ] GC(3707)   Other: 0.2ms
[2025-01-07T21:15:54.136+0000][89424.502s][info][gc,heap     ] GC(3707) Eden regions: 916->0(915)
[2025-01-07T21:15:54.136+0000][89424.502s][info][gc,heap     ] GC(3707) Survivor regions: 5->6(116)
[2025-01-07T21:15:54.136+0000][89424.502s][info][gc,heap     ] GC(3707) Old regions: 237->237
[2025-01-07T21:15:54.136+0000][89424.502s][info][gc,heap     ] GC(3707) Archive regions: 2->2
[2025-01-07T21:15:54.136+0000][89424.502s][info][gc,heap     ] GC(3707) Humongous regions: 49->49
[2025-01-07T21:15:54.136+0000][89424.502s][info][gc,metaspace] GC(3707) Metaspace: 498942K(507200K)->498942K(507200K) NonClass: 438355K(442560K)->438355K(442560K) Class: 60586K(64640K)->60586K(64640K)
[2025-01-07T21:15:54.136+0000][89424.502s][info][gc          ] GC(3707) Pause Young (Normal) (G1 Evacuation Pause) 9658M->2338M(12288M) 23.413ms
[2025-01-07T21:15:54.136+0000][89424.502s][info][gc,cpu      ] GC(3707) User=0.14s Sys=0.00s Real=0.02s
[2025-01-07T21:16:01.248+0000][89431.614s][info][gc,start    ] GC(3708) Pause Young (Normal) (G1 Evacuation Pause)
[2025-01-07T21:16:01.248+0000][89431.614s][info][gc,task     ] GC(3708) Using 6 workers of 6 for evacuation
[2025-01-07T21:16:01.275+0000][89431.641s][info][gc,phases   ] GC(3708)   Pre Evacuate Collection Set: 0.2ms
[2025-01-07T21:16:01.275+0000][89431.641s][info][gc,phases   ] GC(3708)   Merge Heap Roots: 0.4ms
[2025-01-07T21:16:01.275+0000][89431.641s][info][gc,phases   ] GC(3708)   Evacuate Collection Set: 22.7ms
[2025-01-07T21:16:01.275+0000][89431.641s][info][gc,phases   ] GC(3708)   Post Evacuate Collection Set: 3.9ms
[2025-01-07T21:16:01.275+0000][89431.641s][info][gc,phases   ] GC(3708)   Other: 0.2ms
[2025-01-07T21:16:01.275+0000][89431.641s][info][gc,heap     ] GC(3708) Eden regions: 915->0(913)
[2025-01-07T21:16:01.275+0000][89431.641s][info][gc,heap     ] GC(3708) Survivor regions: 6->8(116)
[2025-01-07T21:16:01.275+0000][89431.641s][info][gc,heap     ] GC(3708) Old regions: 237->237
[2025-01-07T21:16:01.275+0000][89431.641s][info][gc,heap     ] GC(3708) Archive regions: 2->2
[2025-01-07T21:16:01.275+0000][89431.641s][info][gc,heap     ] GC(3708) Humongous regions: 49->49
[2025-01-07T21:16:01.275+0000][89431.641s][info][gc,metaspace] GC(3708) Metaspace: 498942K(507200K)->498942K(507200K) NonClass: 438355K(442560K)->438355K(442560K) Class: 60586K(64640K)->60586K(64640K)
[2025-01-07T21:16:01.275+0000][89431.641s][info][gc          ] GC(3708) Pause Young (Normal) (G1 Evacuation Pause) 9658M->2347M(12288M) 27.482ms
[2025-01-07T21:16:01.275+0000][89431.641s][info][gc,cpu      ] GC(3708) User=0.16s Sys=0.00s Real=0.03s
[2025-01-07T21:16:08.873+0000][89439.239s][info][gc,start    ] GC(3709) Pause Young (Concurrent Start) (G1 Evacuation Pause)
[2025-01-07T21:16:08.873+0000][89439.239s][info][gc,task     ] GC(3709) Using 6 workers of 6 for evacuation
[2025-01-07T21:16:08.904+0000][89439.270s][info][gc,phases   ] GC(3709)   Pre Evacuate Collection Set: 1.0ms
[2025-01-07T21:16:08.904+0000][89439.270s][info][gc,phases   ] GC(3709)   Merge Heap Roots: 0.4ms
[2025-01-07T21:16:08.904+0000][89439.270s][info][gc,phases   ] GC(3709)   Evacuate Collection Set: 25.1ms
[2025-01-07T21:16:08.904+0000][89439.270s][info][gc,phases   ] GC(3709)   Post Evacuate Collection Set: 3.8ms
[2025-01-07T21:16:08.904+0000][89439.270s][info][gc,phases   ] GC(3709)   Other: 0.3ms
[2025-01-07T21:16:08.904+0000][89439.270s][info][gc,heap     ] GC(3709) Eden regions: 913->0(913)
[2025-01-07T21:16:08.904+0000][89439.270s][info][gc,heap     ] GC(3709) Survivor regions: 8->8(116)
[2025-01-07T21:16:08.904+0000][89439.270s][info][gc,heap     ] GC(3709) Old regions: 237->237
[2025-01-07T21:16:08.904+0000][89439.270s][info][gc,heap     ] GC(3709) Archive regions: 2->2
[2025-01-07T21:16:08.904+0000][89439.270s][info][gc,heap     ] GC(3709) Humongous regions: 49->49
[2025-01-07T21:16:08.904+0000][89439.270s][info][gc,metaspace] GC(3709) Metaspace: 498942K(507200K)->498942K(507200K) NonClass: 438355K(442560K)->438355K(442560K) Class: 60586K(64640K)->60586K(64640K)
[2025-01-07T21:16:08.904+0000][89439.270s][info][gc          ] GC(3709) Pause Young (Concurrent Start) (G1 Evacuation Pause) 9651M->2354M(12288M) 30.800ms
[2025-01-07T21:16:08.904+0000][89439.270s][info][gc,cpu      ] GC(3709) User=0.18s Sys=0.00s Real=0.03s
[2025-01-07T21:16:08.904+0000][89439.270s][info][gc          ] GC(3710) Concurrent Mark Cycle
[2025-01-07T21:16:08.904+0000][89439.270s][info][gc,marking  ] GC(3710) Concurrent Clear Claimed Marks
[2025-01-07T21:16:08.905+0000][89439.271s][info][gc,marking  ] GC(3710) Concurrent Clear Claimed Marks 0.761ms
[2025-01-07T21:16:08.905+0000][89439.271s][info][gc,marking  ] GC(3710) Concurrent Scan Root Regions
[2025-01-07T21:16:08.923+0000][89439.289s][info][gc,marking  ] GC(3710) Concurrent Scan Root Regions 18.272ms
[2025-01-07T21:16:08.923+0000][89439.289s][info][gc,marking  ] GC(3710) Concurrent Mark
[2025-01-07T21:16:08.923+0000][89439.289s][info][gc,marking  ] GC(3710) Concurrent Mark From Roots
[2025-01-07T21:16:08.923+0000][89439.289s][info][gc,task     ] GC(3710) Using 2 workers of 2 for marking
[2025-01-07T21:16:09.771+0000][89440.137s][info][gc,marking  ] GC(3710) Concurrent Mark From Roots 847.268ms
[2025-01-07T21:16:09.771+0000][89440.137s][info][gc,marking  ] GC(3710) Concurrent Preclean
[2025-01-07T21:16:09.773+0000][89440.139s][info][gc,marking  ] GC(3710) Concurrent Preclean 2.614ms
[2025-01-07T21:16:09.773+0000][89440.139s][info][gc,start    ] GC(3710) Pause Remark
[2025-01-07T21:16:09.798+0000][89440.165s][info][gc          ] GC(3710) Pause Remark 3382M->3382M(12288M) 25.182ms
[2025-01-07T21:16:09.799+0000][89440.165s][info][gc,cpu      ] GC(3710) User=0.15s Sys=0.00s Real=0.02s
[2025-01-07T21:16:09.799+0000][89440.165s][info][gc,marking  ] GC(3710) Concurrent Mark 875.387ms
[2025-01-07T21:16:09.799+0000][89440.165s][info][gc,marking  ] GC(3710) Concurrent Rebuild Remembered Sets
[2025-01-07T21:16:10.279+0000][89440.646s][info][gc,marking  ] GC(3710) Concurrent Rebuild Remembered Sets 480.750ms
[2025-01-07T21:16:10.280+0000][89440.646s][info][gc,start    ] GC(3710) Pause Cleanup
[2025-01-07T21:16:10.280+0000][89440.646s][info][gc          ] GC(3710) Pause Cleanup 4042M->4042M(12288M) 0.415ms
[2025-01-07T21:16:10.280+0000][89440.646s][info][gc,cpu      ] GC(3710) User=0.00s Sys=0.00s Real=0.00s
[2025-01-07T21:16:10.280+0000][89440.646s][info][gc,marking  ] GC(3710) Concurrent Cleanup for Next Mark
[2025-01-07T21:16:10.308+0000][89440.674s][info][gc,marking  ] GC(3710) Concurrent Cleanup for Next Mark 27.869ms
[2025-01-07T21:16:10.308+0000][89440.674s][info][gc          ] GC(3710) Concurrent Mark Cycle 1403.818ms
[2025-01-07T21:16:19.076+0000][89449.442s][info][gc,start    ] GC(3711) Pause Young (Prepare Mixed) (G1 Evacuation Pause)
[2025-01-07T21:16:19.076+0000][89449.442s][info][gc,task     ] GC(3711) Using 6 workers of 6 for evacuation
[2025-01-07T21:16:19.110+0000][89449.476s][info][gc,phases   ] GC(3711)   Pre Evacuate Collection Set: 0.2ms
[2025-01-07T21:16:19.110+0000][89449.476s][info][gc,phases   ] GC(3711)   Merge Heap Roots: 0.7ms
[2025-01-07T21:16:19.110+0000][89449.476s][info][gc,phases   ] GC(3711)   Evacuate Collection Set: 30.3ms
[2025-01-07T21:16:19.110+0000][89449.476s][info][gc,phases   ] GC(3711)   Post Evacuate Collection Set: 2.9ms
[2025-01-07T21:16:19.110+0000][89449.476s][info][gc,phases   ] GC(3711)   Other: 0.2ms
[2025-01-07T21:16:19.110+0000][89449.476s][info][gc,heap     ] GC(3711) Eden regions: 913->0(66)
[2025-01-07T21:16:19.110+0000][89449.476s][info][gc,heap     ] GC(3711) Survivor regions: 8->10(116)
[2025-01-07T21:16:19.110+0000][89449.476s][info][gc,heap     ] GC(3711) Old regions: 237->237
[2025-01-07T21:16:19.110+0000][89449.476s][info][gc,heap     ] GC(3711) Archive regions: 2->2
[2025-01-07T21:16:19.110+0000][89449.476s][info][gc,heap     ] GC(3711) Humongous regions: 49->49
[2025-01-07T21:16:19.110+0000][89449.476s][info][gc,metaspace] GC(3711) Metaspace: 498942K(507200K)->498942K(507200K) NonClass: 438355K(442560K)->438355K(442560K) Class: 60586K(64640K)->60586K(64640K)
[2025-01-07T21:16:19.110+0000][89449.476s][info][gc          ] GC(3711) Pause Young (Prepare Mixed) (G1 Evacuation Pause) 9658M->2364M(12288M) 34.343ms
[2025-01-07T21:16:19.110+0000][89449.476s][info][gc,cpu      ] GC(3711) User=0.20s Sys=0.00s Real=0.04s
[2025-01-07T21:16:19.882+0000][89450.249s][info][gc,start    ] GC(3712) Pause Young (Mixed) (G1 Evacuation Pause)
[2025-01-07T21:16:19.883+0000][89450.249s][info][gc,task     ] GC(3712) Using 6 workers of 6 for evacuation
[2025-01-07T21:16:19.950+0000][89450.316s][info][gc,phases   ] GC(3712)   Pre Evacuate Collection Set: 0.2ms
[2025-01-07T21:16:19.950+0000][89450.316s][info][gc,phases   ] GC(3712)   Merge Heap Roots: 0.7ms
[2025-01-07T21:16:19.950+0000][89450.316s][info][gc,phases   ] GC(3712)   Evacuate Collection Set: 65.0ms
[2025-01-07T21:16:19.950+0000][89450.316s][info][gc,phases   ] GC(3712)   Post Evacuate Collection Set: 1.8ms
[2025-01-07T21:16:19.950+0000][89450.316s][info][gc,phases   ] GC(3712)   Other: 0.2ms
[2025-01-07T21:16:19.950+0000][89450.316s][info][gc,heap     ] GC(3712) Eden regions: 66->0(915)
[2025-01-07T21:16:19.950+0000][89450.316s][info][gc,heap     ] GC(3712) Survivor regions: 10->6(10)
[2025-01-07T21:16:19.950+0000][89450.316s][info][gc,heap     ] GC(3712) Old regions: 237->236
[2025-01-07T21:16:19.950+0000][89450.316s][info][gc,heap     ] GC(3712) Archive regions: 2->2
[2025-01-07T21:16:19.950+0000][89450.316s][info][gc,heap     ] GC(3712) Humongous regions: 49->49
[2025-01-07T21:16:19.950+0000][89450.316s][info][gc,metaspace] GC(3712) Metaspace: 498942K(507200K)->498942K(507200K) NonClass: 438355K(442560K)->438355K(442560K) Class: 60586K(64640K)->60586K(64640K)
[2025-01-07T21:16:19.950+0000][89450.317s][info][gc          ] GC(3712) Pause Young (Mixed) (G1 Evacuation Pause) 2892M->2328M(12288M) 67.935ms
[2025-01-07T21:16:19.950+0000][89450.317s][info][gc,cpu      ] GC(3712) User=0.38s Sys=0.00s Real=0.07s
[2025-01-07T21:16:27.474+0000][89457.840s][info][gc,start    ] GC(3713) Pause Young (Normal) (G1 Evacuation Pause)
[2025-01-07T21:16:27.474+0000][89457.840s][info][gc,task     ] GC(3713) Using 6 workers of 6 for evacuation
[2025-01-07T21:16:27.503+0000][89457.869s][info][gc,phases   ] GC(3713)   Pre Evacuate Collection Set: 0.2ms
[2025-01-07T21:16:27.503+0000][89457.869s][info][gc,phases   ] GC(3713)   Merge Heap Roots: 0.4ms
[2025-01-07T21:16:27.503+0000][89457.869s][info][gc,phases   ] GC(3713)   Evacuate Collection Set: 25.1ms
[2025-01-07T21:16:27.503+0000][89457.869s][info][gc,phases   ] GC(3713)   Post Evacuate Collection Set: 2.5ms
[2025-01-07T21:16:27.503+0000][89457.869s][info][gc,phases   ] GC(3713)   Other: 0.2ms
[2025-01-07T21:16:27.503+0000][89457.869s][info][gc,heap     ] GC(3713) Eden regions: 915->0(914)
[2025-01-07T21:16:27.503+0000][89457.869s][info][gc,heap     ] GC(3713) Survivor regions: 6->7(116)
[2025-01-07T21:16:27.503+0000][89457.869s][info][gc,heap     ] GC(3713) Old regions: 236->236
[2025-01-07T21:16:27.503+0000][89457.869s][info][gc,heap     ] GC(3713) Archive regions: 2->2
[2025-01-07T21:16:27.503+0000][89457.869s][info][gc,heap     ] GC(3713) Humongous regions: 49->49
[2025-01-07T21:16:27.503+0000][89457.869s][info][gc,metaspace] GC(3713) Metaspace: 498942K(507200K)->498942K(507200K) NonClass: 438355K(442560K)->438355K(442560K) Class: 60586K(64640K)->60586K(64640K)
[2025-01-07T21:16:27.503+0000][89457.869s][info][gc          ] GC(3713) Pause Young (Normal) (G1 Evacuation Pause) 9648M->2338M(12288M) 28.563ms
[2025-01-07T21:16:27.503+0000][89457.869s][info][gc,cpu      ] GC(3713) User=0.17s Sys=0.00s Real=0.03s
[2025-01-07T21:16:33.734+0000][89464.100s][info][gc,start    ] GC(3714) Pause Young (Normal) (G1 Evacuation Pause)
[2025-01-07T21:16:33.734+0000][89464.100s][info][gc,task     ] GC(3714) Using 6 workers of 6 for evacuation
[2025-01-07T21:16:33.765+0000][89464.131s][info][gc,phases   ] GC(3714)   Pre Evacuate Collection Set: 0.2ms
[2025-01-07T21:16:33.765+0000][89464.131s][info][gc,phases   ] GC(3714)   Merge Heap Roots: 0.5ms
[2025-01-07T21:16:33.765+0000][89464.131s][info][gc,phases   ] GC(3714)   Evacuate Collection Set: 28.0ms
[2025-01-07T21:16:33.765+0000][89464.131s][info][gc,phases   ] GC(3714)   Post Evacuate Collection Set: 2.7ms
[2025-01-07T21:16:33.765+0000][89464.131s][info][gc,phases   ] GC(3714)   Other: 0.2ms
[2025-01-07T21:16:33.765+0000][89464.131s][info][gc,heap     ] GC(3714) Eden regions: 914->0(913)
[2025-01-07T21:16:33.765+0000][89464.131s][info][gc,heap     ] GC(3714) Survivor regions: 7->8(116)
[2025-01-07T21:16:33.765+0000][89464.131s][info][gc,heap     ] GC(3714) Old regions: 236->236
[2025-01-07T21:16:33.765+0000][89464.131s][info][gc,heap     ] GC(3714) Archive regions: 2->2
[2025-01-07T21:16:33.765+0000][89464.131s][info][gc,heap     ] GC(3714) Humongous regions: 49->49
[2025-01-07T21:16:33.765+0000][89464.131s][info][gc,metaspace] GC(3714) Metaspace: 498942K(507200K)->498942K(507200K) NonClass: 438355K(442560K)->438355K(442560K) Class: 60586K(64640K)->60586K(64640K)
[2025-01-07T21:16:33.765+0000][89464.131s][info][gc          ] GC(3714) Pause Young (Normal) (G1 Evacuation Pause) 9650M->2348M(12288M) 31.643ms
[2025-01-07T21:16:33.765+0000][89464.131s][info][gc,cpu      ] GC(3714) User=0.19s Sys=0.00s Real=0.03s
[2025-01-07T21:16:39.421+0000][89469.787s][info][gc,start    ] GC(3715) Pause Young (Concurrent Start) (G1 Evacuation Pause)
[2025-01-07T21:16:39.421+0000][89469.787s][info][gc,task     ] GC(3715) Using 6 workers of 6 for evacuation
[2025-01-07T21:16:39.455+0000][89469.821s][info][gc,phases   ] GC(3715)   Pre Evacuate Collection Set: 1.0ms
[2025-01-07T21:16:39.455+0000][89469.822s][info][gc,phases   ] GC(3715)   Merge Heap Roots: 0.5ms
[2025-01-07T21:16:39.455+0000][89469.822s][info][gc,phases   ] GC(3715)   Evacuate Collection Set: 30.4ms
[2025-01-07T21:16:39.455+0000][89469.822s][info][gc,phases   ] GC(3715)   Post Evacuate Collection Set: 2.5ms
[2025-01-07T21:16:39.455+0000][89469.822s][info][gc,phases   ] GC(3715)   Other: 0.3ms
[2025-01-07T21:16:39.455+0000][89469.822s][info][gc,heap     ] GC(3715) Eden regions: 913->0(912)
[2025-01-07T21:16:39.455+0000][89469.822s][info][gc,heap     ] GC(3715) Survivor regions: 8->9(116)
[2025-01-07T21:16:39.455+0000][89469.822s][info][gc,heap     ] GC(3715) Old regions: 236->236
[2025-01-07T21:16:39.455+0000][89469.822s][info][gc,heap     ] GC(3715) Archive regions: 2->2
[2025-01-07T21:16:39.455+0000][89469.822s][info][gc,heap     ] GC(3715) Humongous regions: 49->49
[2025-01-07T21:16:39.455+0000][89469.822s][info][gc,metaspace] GC(3715) Metaspace: 498942K(507200K)->498942K(507200K) NonClass: 438355K(442560K)->438355K(442560K) Class: 60586K(64640K)->60586K(64640K)
[2025-01-07T21:16:39.455+0000][89469.822s][info][gc          ] GC(3715) Pause Young (Concurrent Start) (G1 Evacuation Pause) 9652M->2354M(12288M) 34.788ms
[2025-01-07T21:16:39.456+0000][89469.822s][info][gc,cpu      ] GC(3715) User=0.20s Sys=0.00s Real=0.04s
[2025-01-07T21:16:39.456+0000][89469.822s][info][gc          ] GC(3716) Concurrent Mark Cycle
[2025-01-07T21:16:39.456+0000][89469.822s][info][gc,marking  ] GC(3716) Concurrent Clear Claimed Marks
[2025-01-07T21:16:39.456+0000][89469.823s][info][gc,marking  ] GC(3716) Concurrent Clear Claimed Marks 0.830ms
[2025-01-07T21:16:39.456+0000][89469.823s][info][gc,marking  ] GC(3716) Concurrent Scan Root Regions
[2025-01-07T21:16:39.483+0000][89469.849s][info][gc,marking  ] GC(3716) Concurrent Scan Root Regions 26.290ms
[2025-01-07T21:16:39.483+0000][89469.849s][info][gc,marking  ] GC(3716) Concurrent Mark
[2025-01-07T21:16:39.483+0000][89469.849s][info][gc,marking  ] GC(3716) Concurrent Mark From Roots
[2025-01-07T21:16:39.483+0000][89469.849s][info][gc,task     ] GC(3716) Using 2 workers of 2 for marking
[2025-01-07T21:16:40.369+0000][89470.735s][info][gc,marking  ] GC(3716) Concurrent Mark From Roots 886.508ms
[2025-01-07T21:16:40.369+0000][89470.735s][info][gc,marking  ] GC(3716) Concurrent Preclean
[2025-01-07T21:16:40.372+0000][89470.738s][info][gc,marking  ] GC(3716) Concurrent Preclean 2.706ms
[2025-01-07T21:16:40.372+0000][89470.738s][info][gc,start    ] GC(3716) Pause Remark
[2025-01-07T21:16:40.398+0000][89470.764s][info][gc          ] GC(3716) Pause Remark 3550M->3550M(12288M) 25.982ms
[2025-01-07T21:16:40.398+0000][89470.764s][info][gc,cpu      ] GC(3716) User=0.15s Sys=0.00s Real=0.02s
[2025-01-07T21:16:40.398+0000][89470.764s][info][gc,marking  ] GC(3716) Concurrent Mark 915.557ms
[2025-01-07T21:16:40.398+0000][89470.764s][info][gc,marking  ] GC(3716) Concurrent Rebuild Remembered Sets
[2025-01-07T21:16:40.872+0000][89471.238s][info][gc,marking  ] GC(3716) Concurrent Rebuild Remembered Sets 473.793ms
[2025-01-07T21:16:40.872+0000][89471.238s][info][gc,start    ] GC(3716) Pause Cleanup
[2025-01-07T21:16:40.873+0000][89471.239s][info][gc          ] GC(3716) Pause Cleanup 4206M->4206M(12288M) 0.423ms
[2025-01-07T21:16:40.873+0000][89471.239s][info][gc,cpu      ] GC(3716) User=0.00s Sys=0.00s Real=0.00s
[2025-01-07T21:16:40.873+0000][89471.239s][info][gc,marking  ] GC(3716) Concurrent Cleanup for Next Mark
[2025-01-07T21:16:40.888+0000][89471.254s][info][gc,marking  ] GC(3716) Concurrent Cleanup for Next Mark 15.510ms
[2025-01-07T21:16:40.888+0000][89471.255s][info][gc          ] GC(3716) Concurrent Mark Cycle 1432.853ms
[2025-01-07T21:16:43.725+0000][89474.091s][info][gc,start    ] GC(3717) Pause Young (Prepare Mixed) (G1 Evacuation Pause)
[2025-01-07T21:16:43.725+0000][89474.091s][info][gc,task     ] GC(3717) Using 6 workers of 6 for evacuation
[2025-01-07T21:16:43.756+0000][89474.122s][info][gc,phases   ] GC(3717)   Pre Evacuate Collection Set: 0.2ms
[2025-01-07T21:16:43.756+0000][89474.122s][info][gc,phases   ] GC(3717)   Merge Heap Roots: 0.7ms
[2025-01-07T21:16:43.756+0000][89474.122s][info][gc,phases   ] GC(3717)   Evacuate Collection Set: 27.3ms
[2025-01-07T21:16:43.756+0000][89474.122s][info][gc,phases   ] GC(3717)   Post Evacuate Collection Set: 2.5ms
[2025-01-07T21:16:43.756+0000][89474.122s][info][gc,phases   ] GC(3717)   Other: 0.2ms
[2025-01-07T21:16:43.756+0000][89474.122s][info][gc,heap     ] GC(3717) Eden regions: 912->0(67)
[2025-01-07T21:16:43.756+0000][89474.122s][info][gc,heap     ] GC(3717) Survivor regions: 9->9(116)
[2025-01-07T21:16:43.756+0000][89474.122s][info][gc,heap     ] GC(3717) Old regions: 236->236
[2025-01-07T21:16:43.756+0000][89474.122s][info][gc,heap     ] GC(3717) Archive regions: 2->2
[2025-01-07T21:16:43.756+0000][89474.122s][info][gc,heap     ] GC(3717) Humongous regions: 49->49
[2025-01-07T21:16:43.756+0000][89474.122s][info][gc,metaspace] GC(3717) Metaspace: 498942K(507200K)->498942K(507200K) NonClass: 438355K(442560K)->438355K(442560K) Class: 60586K(64640K)->60586K(64640K)
[2025-01-07T21:16:43.756+0000][89474.122s][info][gc          ] GC(3717) Pause Young (Prepare Mixed) (G1 Evacuation Pause) 9650M->2352M(12288M) 30.875ms
[2025-01-07T21:16:43.756+0000][89474.122s][info][gc,cpu      ] GC(3717) User=0.18s Sys=0.00s Real=0.03s
[2025-01-07T21:16:44.016+0000][89474.382s][info][gc,start    ] GC(3718) Pause Young (Mixed) (G1 Evacuation Pause)
[2025-01-07T21:16:44.016+0000][89474.382s][info][gc,task     ] GC(3718) Using 6 workers of 6 for evacuation
[2025-01-07T21:16:44.082+0000][89474.448s][info][gc,phases   ] GC(3718)   Pre Evacuate Collection Set: 0.2ms
[2025-01-07T21:16:44.082+0000][89474.448s][info][gc,phases   ] GC(3718)   Merge Heap Roots: 0.8ms
[2025-01-07T21:16:44.082+0000][89474.448s][info][gc,phases   ] GC(3718)   Evacuate Collection Set: 62.9ms
[2025-01-07T21:16:44.082+0000][89474.448s][info][gc,phases   ] GC(3718)   Post Evacuate Collection Set: 2.0ms
[2025-01-07T21:16:44.082+0000][89474.448s][info][gc,phases   ] GC(3718)   Other: 0.2ms
[2025-01-07T21:16:44.082+0000][89474.448s][info][gc,heap     ] GC(3718) Eden regions: 67->0(916)
[2025-01-07T21:16:44.082+0000][89474.448s][info][gc,heap     ] GC(3718) Survivor regions: 9->5(10)
[2025-01-07T21:16:44.082+0000][89474.448s][info][gc,heap     ] GC(3718) Old regions: 236->236
[2025-01-07T21:16:44.082+0000][89474.448s][info][gc,heap     ] GC(3718) Archive regions: 2->2
[2025-01-07T21:16:44.082+0000][89474.448s][info][gc,heap     ] GC(3718) Humongous regions: 49->49
[2025-01-07T21:16:44.082+0000][89474.448s][info][gc,metaspace] GC(3718) Metaspace: 498942K(507200K)->498942K(507200K) NonClass: 438355K(442560K)->438355K(442560K) Class: 60586K(64640K)->60586K(64640K)
[2025-01-07T21:16:44.082+0000][89474.448s][info][gc          ] GC(3718) Pause Young (Mixed) (G1 Evacuation Pause) 2888M->2319M(12288M) 66.055ms
[2025-01-07T21:16:44.082+0000][89474.448s][info][gc,cpu      ] GC(3718) User=0.37s Sys=0.00s Real=0.07s
[2025-01-07T21:16:47.538+0000][89477.904s][info][gc,start    ] GC(3719) Pause Young (Normal) (G1 Evacuation Pause)
[2025-01-07T21:16:47.538+0000][89477.904s][info][gc,task     ] GC(3719) Using 6 workers of 6 for evacuation
[2025-01-07T21:16:47.559+0000][89477.926s][info][gc,phases   ] GC(3719)   Pre Evacuate Collection Set: 0.2ms
[2025-01-07T21:16:47.559+0000][89477.926s][info][gc,phases   ] GC(3719)   Merge Heap Roots: 0.4ms
[2025-01-07T21:16:47.560+0000][89477.926s][info][gc,phases   ] GC(3719)   Evacuate Collection Set: 17.4ms
[2025-01-07T21:16:47.560+0000][89477.926s][info][gc,phases   ] GC(3719)   Post Evacuate Collection Set: 3.7ms
[2025-01-07T21:16:47.560+0000][89477.926s][info][gc,phases   ] GC(3719)   Other: 0.2ms
[2025-01-07T21:16:47.560+0000][89477.926s][info][gc,heap     ] GC(3719) Eden regions: 916->0(915)
[2025-01-07T21:16:47.560+0000][89477.926s][info][gc,heap     ] GC(3719) Survivor regions: 5->6(116)
[2025-01-07T21:16:47.560+0000][89477.926s][info][gc,heap     ] GC(3719) Old regions: 236->236
[2025-01-07T21:16:47.560+0000][89477.926s][info][gc,heap     ] GC(3719) Archive regions: 2->2
[2025-01-07T21:16:47.560+0000][89477.926s][info][gc,heap     ] GC(3719) Humongous regions: 49->49
[2025-01-07T21:16:47.560+0000][89477.926s][info][gc,metaspace] GC(3719) Metaspace: 498942K(507200K)->498942K(507200K) NonClass: 438355K(442560K)->438355K(442560K) Class: 60586K(64640K)->60586K(64640K)
[2025-01-07T21:16:47.560+0000][89477.926s][info][gc          ] GC(3719) Pause Young (Normal) (G1 Evacuation Pause) 9647M->2326M(12288M) 21.919ms
[2025-01-07T21:16:47.560+0000][89477.926s][info][gc,cpu      ] GC(3719) User=0.13s Sys=0.00s Real=0.02s
[2025-01-07T21:16:53.097+0000][89483.463s][info][gc,start    ] GC(3720) Pause Young (Normal) (G1 Evacuation Pause)
[2025-01-07T21:16:53.097+0000][89483.463s][info][gc,task     ] GC(3720) Using 6 workers of 6 for evacuation
[2025-01-07T21:16:53.121+0000][89483.487s][info][gc,phases   ] GC(3720)   Pre Evacuate Collection Set: 0.2ms
[2025-01-07T21:16:53.121+0000][89483.487s][info][gc,phases   ] GC(3720)   Merge Heap Roots: 0.4ms
[2025-01-07T21:16:53.121+0000][89483.487s][info][gc,phases   ] GC(3720)   Evacuate Collection Set: 19.3ms
[2025-01-07T21:16:53.121+0000][89483.487s][info][gc,phases   ] GC(3720)   Post Evacuate Collection Set: 3.8ms
[2025-01-07T21:16:53.121+0000][89483.487s][info][gc,phases   ] GC(3720)   Other: 0.2ms
[2025-01-07T21:16:53.121+0000][89483.487s][info][gc,heap     ] GC(3720) Eden regions: 915->0(914)
[2025-01-07T21:16:53.121+0000][89483.487s][info][gc,heap     ] GC(3720) Survivor regions: 6->7(116)
[2025-01-07T21:16:53.121+0000][89483.487s][info][gc,heap     ] GC(3720) Old regions: 236->236
[2025-01-07T21:16:53.121+0000][89483.487s][info][gc,heap     ] GC(3720) Archive regions: 2->2
[2025-01-07T21:16:53.121+0000][89483.487s][info][gc,heap     ] GC(3720) Humongous regions: 49->49
[2025-01-07T21:16:53.121+0000][89483.487s][info][gc,metaspace] GC(3720) Metaspace: 498942K(507200K)->498942K(507200K) NonClass: 438355K(442560K)->438355K(442560K) Class: 60586K(64640K)->60586K(64640K)
[2025-01-07T21:16:53.121+0000][89483.487s][info][gc          ] GC(3720) Pause Young (Normal) (G1 Evacuation Pause) 9646M->2333M(12288M) 23.981ms
[2025-01-07T21:16:53.121+0000][89483.487s][info][gc,cpu      ] GC(3720) User=0.14s Sys=0.00s Real=0.02s
[2025-01-07T21:17:01.571+0000][89491.937s][info][gc,start    ] GC(3721) Pause Young (Concurrent Start) (G1 Evacuation Pause)
[2025-01-07T21:17:01.571+0000][89491.937s][info][gc,task     ] GC(3721) Using 6 workers of 6 for evacuation
[2025-01-07T21:17:01.601+0000][89491.967s][info][gc,phases   ] GC(3721)   Pre Evacuate Collection Set: 1.0ms
[2025-01-07T21:17:01.601+0000][89491.967s][info][gc,phases   ] GC(3721)   Merge Heap Roots: 0.5ms
[2025-01-07T21:17:01.601+0000][89491.967s][info][gc,phases   ] GC(3721)   Evacuate Collection Set: 26.1ms
[2025-01-07T21:17:01.601+0000][89491.967s][info][gc,phases   ] GC(3721)   Post Evacuate Collection Set: 2.5ms
[2025-01-07T21:17:01.601+0000][89491.967s][info][gc,phases   ] GC(3721)   Other: 0.3ms
[2025-01-07T21:17:01.601+0000][89491.967s][info][gc,heap     ] GC(3721) Eden regions: 914->0(913)
[2025-01-07T21:17:01.601+0000][89491.968s][info][gc,heap     ] GC(3721) Survivor regions: 7->8(116)
[2025-01-07T21:17:01.601+0000][89491.968s][info][gc,heap     ] GC(3721) Old regions: 236->236
[2025-01-07T21:17:01.601+0000][89491.968s][info][gc,heap     ] GC(3721) Archive regions: 2->2
[2025-01-07T21:17:01.601+0000][89491.968s][info][gc,heap     ] GC(3721) Humongous regions: 49->49
[2025-01-07T21:17:01.601+0000][89491.968s][info][gc,metaspace] GC(3721) Metaspace: 498942K(507200K)->498942K(507200K) NonClass: 438355K(442560K)->438355K(442560K) Class: 60586K(64640K)->60586K(64640K)
[2025-01-07T21:17:01.601+0000][89491.968s][info][gc          ] GC(3721) Pause Young (Concurrent Start) (G1 Evacuation Pause) 9645M->2344M(12288M) 30.506ms
[2025-01-07T21:17:01.602+0000][89491.968s][info][gc,cpu      ] GC(3721) User=0.18s Sys=0.00s Real=0.03s
[2025-01-07T21:17:01.602+0000][89491.968s][info][gc          ] GC(3722) Concurrent Mark Cycle
[2025-01-07T21:17:01.602+0000][89491.968s][info][gc,marking  ] GC(3722) Concurrent Clear Claimed Marks
[2025-01-07T21:17:01.602+0000][89491.969s][info][gc,marking  ] GC(3722) Concurrent Clear Claimed Marks 0.840ms
[2025-01-07T21:17:01.602+0000][89491.969s][info][gc,marking  ] GC(3722) Concurrent Scan Root Regions
[2025-01-07T21:17:01.625+0000][89491.992s][info][gc,marking  ] GC(3722) Concurrent Scan Root Regions 23.054ms
[2025-01-07T21:17:01.626+0000][89491.992s][info][gc,marking  ] GC(3722) Concurrent Mark
[2025-01-07T21:17:01.626+0000][89491.992s][info][gc,marking  ] GC(3722) Concurrent Mark From Roots
[2025-01-07T21:17:01.626+0000][89491.992s][info][gc,task     ] GC(3722) Using 2 workers of 2 for marking
[2025-01-07T21:17:02.448+0000][89492.814s][info][gc,marking  ] GC(3722) Concurrent Mark From Roots 822.306ms
[2025-01-07T21:17:02.448+0000][89492.814s][info][gc,marking  ] GC(3722) Concurrent Preclean
[2025-01-07T21:17:02.450+0000][89492.816s][info][gc,marking  ] GC(3722) Concurrent Preclean 2.146ms
[2025-01-07T21:17:02.450+0000][89492.816s][info][gc,start    ] GC(3722) Pause Remark
[2025-01-07T21:17:02.476+0000][89492.842s][info][gc          ] GC(3722) Pause Remark 3328M->3328M(12288M) 25.433ms
[2025-01-07T21:17:02.476+0000][89492.842s][info][gc,cpu      ] GC(3722) User=0.15s Sys=0.00s Real=0.02s
[2025-01-07T21:17:02.476+0000][89492.842s][info][gc,marking  ] GC(3722) Concurrent Mark 850.272ms
[2025-01-07T21:17:02.476+0000][89492.842s][info][gc,marking  ] GC(3722) Concurrent Rebuild Remembered Sets
[2025-01-07T21:17:02.988+0000][89493.354s][info][gc,marking  ] GC(3722) Concurrent Rebuild Remembered Sets 511.898ms
[2025-01-07T21:17:02.988+0000][89493.354s][info][gc,start    ] GC(3722) Pause Cleanup
[2025-01-07T21:17:02.988+0000][89493.354s][info][gc          ] GC(3722) Pause Cleanup 3602M->3602M(12288M) 0.405ms
[2025-01-07T21:17:02.988+0000][89493.354s][info][gc,cpu      ] GC(3722) User=0.00s Sys=0.00s Real=0.00s
[2025-01-07T21:17:02.988+0000][89493.354s][info][gc,marking  ] GC(3722) Concurrent Cleanup for Next Mark
[2025-01-07T21:17:03.004+0000][89493.370s][info][gc,marking  ] GC(3722) Concurrent Cleanup for Next Mark 15.392ms
[2025-01-07T21:17:03.004+0000][89493.370s][info][gc          ] GC(3722) Concurrent Mark Cycle 1402.239ms
[2025-01-07T21:17:11.282+0000][89501.648s][info][gc,start    ] GC(3723) Pause Young (Prepare Mixed) (G1 Evacuation Pause)
[2025-01-07T21:17:11.282+0000][89501.648s][info][gc,task     ] GC(3723) Using 6 workers of 6 for evacuation
[2025-01-07T21:17:11.316+0000][89501.682s][info][gc,phases   ] GC(3723)   Pre Evacuate Collection Set: 0.2ms
[2025-01-07T21:17:11.316+0000][89501.682s][info][gc,phases   ] GC(3723)   Merge Heap Roots: 0.7ms
[2025-01-07T21:17:11.316+0000][89501.682s][info][gc,phases   ] GC(3723)   Evacuate Collection Set: 28.9ms
[2025-01-07T21:17:11.316+0000][89501.682s][info][gc,phases   ] GC(3723)   Post Evacuate Collection Set: 4.0ms
[2025-01-07T21:17:11.316+0000][89501.682s][info][gc,phases   ] GC(3723)   Other: 0.2ms
[2025-01-07T21:17:11.316+0000][89501.682s][info][gc,heap     ] GC(3723) Eden regions: 913->0(66)
[2025-01-07T21:17:11.316+0000][89501.682s][info][gc,heap     ] GC(3723) Survivor regions: 8->10(116)
[2025-01-07T21:17:11.316+0000][89501.682s][info][gc,heap     ] GC(3723) Old regions: 236->236
[2025-01-07T21:17:11.316+0000][89501.682s][info][gc,heap     ] GC(3723) Archive regions: 2->2
[2025-01-07T21:17:11.316+0000][89501.682s][info][gc,heap     ] GC(3723) Humongous regions: 49->49
[2025-01-07T21:17:11.316+0000][89501.682s][info][gc,metaspace] GC(3723) Metaspace: 498942K(507200K)->498942K(507200K) NonClass: 438355K(442560K)->438355K(442560K) Class: 60586K(64640K)->60586K(64640K)
[2025-01-07T21:17:11.316+0000][89501.682s][info][gc          ] GC(3723) Pause Young (Prepare Mixed) (G1 Evacuation Pause) 9648M->2359M(12288M) 34.044ms
[2025-01-07T21:17:11.316+0000][89501.682s][info][gc,cpu      ] GC(3723) User=0.20s Sys=0.00s Real=0.03s
[2025-01-07T21:17:11.711+0000][89502.077s][info][gc,start    ] GC(3724) Pause Young (Mixed) (G1 Evacuation Pause)
[2025-01-07T21:17:11.711+0000][89502.077s][info][gc,task     ] GC(3724) Using 6 workers of 6 for evacuation
[2025-01-07T21:17:11.764+0000][89502.130s][info][gc,phases   ] GC(3724)   Pre Evacuate Collection Set: 0.2ms
[2025-01-07T21:17:11.764+0000][89502.130s][info][gc,phases   ] GC(3724)   Merge Heap Roots: 0.6ms
[2025-01-07T21:17:11.764+0000][89502.130s][info][gc,phases   ] GC(3724)   Evacuate Collection Set: 50.6ms
[2025-01-07T21:17:11.764+0000][89502.130s][info][gc,phases   ] GC(3724)   Post Evacuate Collection Set: 1.7ms
[2025-01-07T21:17:11.764+0000][89502.130s][info][gc,phases   ] GC(3724)   Other: 0.2ms
[2025-01-07T21:17:11.764+0000][89502.130s][info][gc,heap     ] GC(3724) Eden regions: 66->0(916)
[2025-01-07T21:17:11.764+0000][89502.130s][info][gc,heap     ] GC(3724) Survivor regions: 10->5(10)
[2025-01-07T21:17:11.764+0000][89502.130s][info][gc,heap     ] GC(3724) Old regions: 236->238
[2025-01-07T21:17:11.764+0000][89502.130s][info][gc,heap     ] GC(3724) Archive regions: 2->2
[2025-01-07T21:17:11.764+0000][89502.130s][info][gc,heap     ] GC(3724) Humongous regions: 49->49
[2025-01-07T21:17:11.764+0000][89502.130s][info][gc,metaspace] GC(3724) Metaspace: 498942K(507200K)->498942K(507200K) NonClass: 438355K(442560K)->438355K(442560K) Class: 60586K(64640K)->60586K(64640K)
[2025-01-07T21:17:11.764+0000][89502.130s][info][gc          ] GC(3724) Pause Young (Mixed) (G1 Evacuation Pause) 2887M->2330M(12288M) 53.272ms
[2025-01-07T21:17:11.764+0000][89502.130s][info][gc,cpu      ] GC(3724) User=0.31s Sys=0.00s Real=0.05s
[2025-01-07T21:17:18.978+0000][89509.344s][info][gc,start    ] GC(3725) Pause Young (Normal) (G1 Evacuation Pause)
[2025-01-07T21:17:18.978+0000][89509.344s][info][gc,task     ] GC(3725) Using 6 workers of 6 for evacuation
[2025-01-07T21:17:18.997+0000][89509.364s][info][gc,phases   ] GC(3725)   Pre Evacuate Collection Set: 0.2ms
[2025-01-07T21:17:18.997+0000][89509.364s][info][gc,phases   ] GC(3725)   Merge Heap Roots: 0.4ms
[2025-01-07T21:17:18.997+0000][89509.364s][info][gc,phases   ] GC(3725)   Evacuate Collection Set: 16.5ms
[2025-01-07T21:17:18.997+0000][89509.364s][info][gc,phases   ] GC(3725)   Post Evacuate Collection Set: 2.4ms
[2025-01-07T21:17:18.997+0000][89509.364s][info][gc,phases   ] GC(3725)   Other: 0.2ms
[2025-01-07T21:17:18.997+0000][89509.364s][info][gc,heap     ] GC(3725) Eden regions: 916->0(916)
[2025-01-07T21:17:18.998+0000][89509.364s][info][gc,heap     ] GC(3725) Survivor regions: 5->5(116)
[2025-01-07T21:17:18.998+0000][89509.364s][info][gc,heap     ] GC(3725) Old regions: 238->238
[2025-01-07T21:17:18.998+0000][89509.364s][info][gc,heap     ] GC(3725) Archive regions: 2->2
[2025-01-07T21:17:18.998+0000][89509.364s][info][gc,heap     ] GC(3725) Humongous regions: 49->49
[2025-01-07T21:17:18.998+0000][89509.364s][info][gc,metaspace] GC(3725) Metaspace: 498942K(507200K)->498942K(507200K) NonClass: 438355K(442560K)->438355K(442560K) Class: 60586K(64640K)->60586K(64640K)
[2025-01-07T21:17:18.998+0000][89509.364s][info][gc          ] GC(3725) Pause Young (Normal) (G1 Evacuation Pause) 9658M->2331M(12288M) 19.823ms
[2025-01-07T21:17:18.998+0000][89509.364s][info][gc,cpu      ] GC(3725) User=0.11s Sys=0.00s Real=0.02s
[2025-01-07T21:17:28.958+0000][89519.324s][info][gc,start    ] GC(3726) Pause Young (Normal) (G1 Evacuation Pause)
[2025-01-07T21:17:28.958+0000][89519.324s][info][gc,task     ] GC(3726) Using 6 workers of 6 for evacuation
[2025-01-07T21:17:28.982+0000][89519.348s][info][gc,phases   ] GC(3726)   Pre Evacuate Collection Set: 0.2ms
[2025-01-07T21:17:28.982+0000][89519.348s][info][gc,phases   ] GC(3726)   Merge Heap Roots: 0.4ms
[2025-01-07T21:17:28.982+0000][89519.348s][info][gc,phases   ] GC(3726)   Evacuate Collection Set: 20.6ms
[2025-01-07T21:17:28.982+0000][89519.348s][info][gc,phases   ] GC(3726)   Post Evacuate Collection Set: 2.7ms
[2025-01-07T21:17:28.982+0000][89519.348s][info][gc,phases   ] GC(3726)   Other: 0.2ms
[2025-01-07T21:17:28.982+0000][89519.348s][info][gc,heap     ] GC(3726) Eden regions: 916->0(915)
[2025-01-07T21:17:28.982+0000][89519.348s][info][gc,heap     ] GC(3726) Survivor regions: 5->6(116)
[2025-01-07T21:17:28.982+0000][89519.348s][info][gc,heap     ] GC(3726) Old regions: 238->238
[2025-01-07T21:17:28.982+0000][89519.348s][info][gc,heap     ] GC(3726) Archive regions: 2->2
[2025-01-07T21:17:28.982+0000][89519.348s][info][gc,heap     ] GC(3726) Humongous regions: 49->49
[2025-01-07T21:17:28.982+0000][89519.348s][info][gc,metaspace] GC(3726) Metaspace: 498942K(507200K)->498942K(507200K) NonClass: 438355K(442560K)->438355K(442560K) Class: 60586K(64640K)->60586K(64640K)
[2025-01-07T21:17:28.982+0000][89519.348s][info][gc          ] GC(3726) Pause Young (Normal) (G1 Evacuation Pause) 9659M->2341M(12288M) 24.103ms
[2025-01-07T21:17:28.982+0000][89519.349s][info][gc,cpu      ] GC(3726) User=0.14s Sys=0.00s Real=0.03s
[2025-01-07T21:17:37.037+0000][89527.403s][info][gc,start    ] GC(3727) Pause Young (Concurrent Start) (G1 Evacuation Pause)
[2025-01-07T21:17:37.037+0000][89527.403s][info][gc,task     ] GC(3727) Using 6 workers of 6 for evacuation
[2025-01-07T21:17:37.064+0000][89527.430s][info][gc,phases   ] GC(3727)   Pre Evacuate Collection Set: 1.0ms
[2025-01-07T21:17:37.064+0000][89527.430s][info][gc,phases   ] GC(3727)   Merge Heap Roots: 0.4ms
[2025-01-07T21:17:37.064+0000][89527.430s][info][gc,phases   ] GC(3727)   Evacuate Collection Set: 23.2ms
[2025-01-07T21:17:37.064+0000][89527.430s][info][gc,phases   ] GC(3727)   Post Evacuate Collection Set: 2.5ms
[2025-01-07T21:17:37.064+0000][89527.430s][info][gc,phases   ] GC(3727)   Other: 0.3ms
[2025-01-07T21:17:37.064+0000][89527.430s][info][gc,heap     ] GC(3727) Eden regions: 915->0(914)
[2025-01-07T21:17:37.064+0000][89527.430s][info][gc,heap     ] GC(3727) Survivor regions: 6->7(116)
[2025-01-07T21:17:37.064+0000][89527.430s][info][gc,heap     ] GC(3727) Old regions: 238->238
[2025-01-07T21:17:37.064+0000][89527.430s][info][gc,heap     ] GC(3727) Archive regions: 2->2
[2025-01-07T21:17:37.064+0000][89527.430s][info][gc,heap     ] GC(3727) Humongous regions: 49->49
[2025-01-07T21:17:37.064+0000][89527.430s][info][gc,metaspace] GC(3727) Metaspace: 498943K(507200K)->498943K(507200K) NonClass: 438355K(442560K)->438355K(442560K) Class: 60587K(64640K)->60587K(64640K)
[2025-01-07T21:17:37.064+0000][89527.430s][info][gc          ] GC(3727) Pause Young (Concurrent Start) (G1 Evacuation Pause) 9661M->2352M(12288M) 27.561ms
[2025-01-07T21:17:37.064+0000][89527.430s][info][gc,cpu      ] GC(3727) User=0.15s Sys=0.00s Real=0.03s
[2025-01-07T21:17:37.064+0000][89527.430s][info][gc          ] GC(3728) Concurrent Mark Cycle
[2025-01-07T21:17:37.064+0000][89527.430s][info][gc,marking  ] GC(3728) Concurrent Clear Claimed Marks
[2025-01-07T21:17:37.065+0000][89527.431s][info][gc,marking  ] GC(3728) Concurrent Clear Claimed Marks 0.792ms
[2025-01-07T21:17:37.065+0000][89527.431s][info][gc,marking  ] GC(3728) Concurrent Scan Root Regions
[2025-01-07T21:17:37.086+0000][89527.453s][info][gc,marking  ] GC(3728) Concurrent Scan Root Regions 21.378ms
[2025-01-07T21:17:37.087+0000][89527.453s][info][gc,marking  ] GC(3728) Concurrent Mark
[2025-01-07T21:17:37.087+0000][89527.453s][info][gc,marking  ] GC(3728) Concurrent Mark From Roots
[2025-01-07T21:17:37.087+0000][89527.453s][info][gc,task     ] GC(3728) Using 2 workers of 2 for marking
[2025-01-07T21:17:38.018+0000][89528.385s][info][gc,marking  ] GC(3728) Concurrent Mark From Roots 931.880ms
[2025-01-07T21:17:38.018+0000][89528.385s][info][gc,marking  ] GC(3728) Concurrent Preclean
[2025-01-07T21:17:38.021+0000][89528.387s][info][gc,marking  ] GC(3728) Concurrent Preclean 2.138ms
[2025-01-07T21:17:38.021+0000][89528.387s][info][gc,start    ] GC(3728) Pause Remark
[2025-01-07T21:17:38.046+0000][89528.412s][info][gc          ] GC(3728) Pause Remark 3608M->3608M(12288M) 25.461ms
[2025-01-07T21:17:38.046+0000][89528.412s][info][gc,cpu      ] GC(3728) User=0.15s Sys=0.00s Real=0.03s
[2025-01-07T21:17:38.046+0000][89528.412s][info][gc,marking  ] GC(3728) Concurrent Mark 959.827ms
[2025-01-07T21:17:38.046+0000][89528.412s][info][gc,marking  ] GC(3728) Concurrent Rebuild Remembered Sets
[2025-01-07T21:17:38.678+0000][89529.044s][info][gc,marking  ] GC(3728) Concurrent Rebuild Remembered Sets 631.778ms
[2025-01-07T21:17:38.678+0000][89529.044s][info][gc,start    ] GC(3728) Pause Cleanup
[2025-01-07T21:17:38.679+0000][89529.045s][info][gc          ] GC(3728) Pause Cleanup 4520M->4520M(12288M) 0.385ms
[2025-01-07T21:17:38.679+0000][89529.045s][info][gc,cpu      ] GC(3728) User=0.00s Sys=0.00s Real=0.00s
[2025-01-07T21:17:38.679+0000][89529.045s][info][gc,marking  ] GC(3728) Concurrent Cleanup for Next Mark
[2025-01-07T21:17:38.695+0000][89529.061s][info][gc,marking  ] GC(3728) Concurrent Cleanup for Next Mark 16.102ms
[2025-01-07T21:17:38.695+0000][89529.061s][info][gc          ] GC(3728) Concurrent Mark Cycle 1630.668ms
[2025-01-07T21:17:41.752+0000][89532.119s][info][gc,start    ] GC(3729) Pause Young (Prepare Mixed) (G1 Evacuation Pause)
[2025-01-07T21:17:41.752+0000][89532.119s][info][gc,task     ] GC(3729) Using 6 workers of 6 for evacuation
[2025-01-07T21:17:41.783+0000][89532.149s][info][gc,phases   ] GC(3729)   Pre Evacuate Collection Set: 0.2ms
[2025-01-07T21:17:41.783+0000][89532.149s][info][gc,phases   ] GC(3729)   Merge Heap Roots: 0.7ms
[2025-01-07T21:17:41.783+0000][89532.149s][info][gc,phases   ] GC(3729)   Evacuate Collection Set: 26.4ms
[2025-01-07T21:17:41.783+0000][89532.149s][info][gc,phases   ] GC(3729)   Post Evacuate Collection Set: 3.1ms
[2025-01-07T21:17:41.783+0000][89532.149s][info][gc,phases   ] GC(3729)   Other: 0.2ms
[2025-01-07T21:17:41.783+0000][89532.149s][info][gc,heap     ] GC(3729) Eden regions: 914->0(65)
[2025-01-07T21:17:41.783+0000][89532.149s][info][gc,heap     ] GC(3729) Survivor regions: 7->11(116)
[2025-01-07T21:17:41.783+0000][89532.149s][info][gc,heap     ] GC(3729) Old regions: 238->238
[2025-01-07T21:17:41.783+0000][89532.149s][info][gc,heap     ] GC(3729) Archive regions: 2->2
[2025-01-07T21:17:41.783+0000][89532.149s][info][gc,heap     ] GC(3729) Humongous regions: 49->49
[2025-01-07T21:17:41.783+0000][89532.149s][info][gc,metaspace] GC(3729) Metaspace: 498943K(507200K)->498943K(507200K) NonClass: 438355K(442560K)->438355K(442560K) Class: 60587K(64640K)->60587K(64640K)
[2025-01-07T21:17:41.783+0000][89532.149s][info][gc          ] GC(3729) Pause Young (Prepare Mixed) (G1 Evacuation Pause) 9664M->2379M(12288M) 30.662ms
[2025-01-07T21:17:41.783+0000][89532.149s][info][gc,cpu      ] GC(3729) User=0.18s Sys=0.00s Real=0.03s
[2025-01-07T21:17:42.017+0000][89532.383s][info][gc,start    ] GC(3730) Pause Young (Mixed) (G1 Evacuation Pause)
[2025-01-07T21:17:42.017+0000][89532.383s][info][gc,task     ] GC(3730) Using 6 workers of 6 for evacuation
[2025-01-07T21:17:42.067+0000][89532.434s][info][gc,phases   ] GC(3730)   Pre Evacuate Collection Set: 0.2ms
[2025-01-07T21:17:42.067+0000][89532.434s][info][gc,phases   ] GC(3730)   Merge Heap Roots: 0.7ms
[2025-01-07T21:17:42.067+0000][89532.434s][info][gc,phases   ] GC(3730)   Evacuate Collection Set: 47.2ms
[2025-01-07T21:17:42.067+0000][89532.434s][info][gc,phases   ] GC(3730)   Post Evacuate Collection Set: 2.2ms
[2025-01-07T21:17:42.067+0000][89532.434s][info][gc,phases   ] GC(3730)   Other: 0.2ms
[2025-01-07T21:17:42.067+0000][89532.434s][info][gc,heap     ] GC(3730) Eden regions: 65->0(919)
[2025-01-07T21:17:42.067+0000][89532.434s][info][gc,heap     ] GC(3730) Survivor regions: 11->2(10)
[2025-01-07T21:17:42.067+0000][89532.434s][info][gc,heap     ] GC(3730) Old regions: 238->241
[2025-01-07T21:17:42.067+0000][89532.434s][info][gc,heap     ] GC(3730) Archive regions: 2->2
[2025-01-07T21:17:42.067+0000][89532.434s][info][gc,heap     ] GC(3730) Humongous regions: 49->49
[2025-01-07T21:17:42.067+0000][89532.434s][info][gc,metaspace] GC(3730) Metaspace: 498943K(507200K)->498943K(507200K) NonClass: 438355K(442560K)->438355K(442560K) Class: 60587K(64640K)->60587K(64640K)
[2025-01-07T21:17:42.068+0000][89532.434s][info][gc          ] GC(3730) Pause Young (Mixed) (G1 Evacuation Pause) 2899M->2336M(12288M) 50.467ms
[2025-01-07T21:17:42.068+0000][89532.434s][info][gc,cpu      ] GC(3730) User=0.29s Sys=0.00s Real=0.05s
[2025-01-07T21:17:47.288+0000][89537.654s][info][gc,start    ] GC(3731) Pause Young (Normal) (G1 Evacuation Pause)
[2025-01-07T21:17:47.288+0000][89537.654s][info][gc,task     ] GC(3731) Using 6 workers of 6 for evacuation
[2025-01-07T21:17:47.305+0000][89537.671s][info][gc,phases   ] GC(3731)   Pre Evacuate Collection Set: 0.2ms
[2025-01-07T21:17:47.305+0000][89537.671s][info][gc,phases   ] GC(3731)   Merge Heap Roots: 0.3ms
[2025-01-07T21:17:47.305+0000][89537.671s][info][gc,phases   ] GC(3731)   Evacuate Collection Set: 13.2ms
[2025-01-07T21:17:47.305+0000][89537.671s][info][gc,phases   ] GC(3731)   Post Evacuate Collection Set: 3.7ms
[2025-01-07T21:17:47.305+0000][89537.671s][info][gc,phases   ] GC(3731)   Other: 0.2ms
[2025-01-07T21:17:47.305+0000][89537.671s][info][gc,heap     ] GC(3731) Eden regions: 919->0(917)
[2025-01-07T21:17:47.305+0000][89537.671s][info][gc,heap     ] GC(3731) Survivor regions: 2->4(116)
[2025-01-07T21:17:47.305+0000][89537.671s][info][gc,heap     ] GC(3731) Old regions: 241->241
[2025-01-07T21:17:47.305+0000][89537.671s][info][gc,heap     ] GC(3731) Archive regions: 2->2
[2025-01-07T21:17:47.305+0000][89537.671s][info][gc,heap     ] GC(3731) Humongous regions: 49->49
[2025-01-07T21:17:47.305+0000][89537.671s][info][gc,metaspace] GC(3731) Metaspace: 498943K(507200K)->498943K(507200K) NonClass: 438355K(442560K)->438355K(442560K) Class: 60587K(64640K)->60587K(64640K)
[2025-01-07T21:17:47.305+0000][89537.671s][info][gc          ] GC(3731) Pause Young (Normal) (G1 Evacuation Pause) 9688M->2352M(12288M) 17.647ms
[2025-01-07T21:17:47.305+0000][89537.671s][info][gc,cpu      ] GC(3731) User=0.09s Sys=0.01s Real=0.02s
[2025-01-07T21:17:58.189+0000][89548.555s][info][gc,start    ] GC(3732) Pause Young (Normal) (G1 Evacuation Pause)
[2025-01-07T21:17:58.189+0000][89548.555s][info][gc,task     ] GC(3732) Using 6 workers of 6 for evacuation
[2025-01-07T21:17:58.214+0000][89548.580s][info][gc,phases   ] GC(3732)   Pre Evacuate Collection Set: 0.2ms
[2025-01-07T21:17:58.214+0000][89548.580s][info][gc,phases   ] GC(3732)   Merge Heap Roots: 0.4ms
[2025-01-07T21:17:58.214+0000][89548.580s][info][gc,phases   ] GC(3732)   Evacuate Collection Set: 19.9ms
[2025-01-07T21:17:58.214+0000][89548.580s][info][gc,phases   ] GC(3732)   Post Evacuate Collection Set: 3.9ms
[2025-01-07T21:17:58.214+0000][89548.580s][info][gc,phases   ] GC(3732)   Other: 0.3ms
[2025-01-07T21:17:58.214+0000][89548.580s][info][gc,heap     ] GC(3732) Eden regions: 917->0(915)
[2025-01-07T21:17:58.214+0000][89548.580s][info][gc,heap     ] GC(3732) Survivor regions: 4->6(116)
[2025-01-07T21:17:58.214+0000][89548.580s][info][gc,heap     ] GC(3732) Old regions: 241->241
[2025-01-07T21:17:58.214+0000][89548.580s][info][gc,heap     ] GC(3732) Archive regions: 2->2
[2025-01-07T21:17:58.214+0000][89548.580s][info][gc,heap     ] GC(3732) Humongous regions: 49->49
[2025-01-07T21:17:58.214+0000][89548.580s][info][gc,metaspace] GC(3732) Metaspace: 498943K(507200K)->498943K(507200K) NonClass: 438355K(442560K)->438355K(442560K) Class: 60587K(64640K)->60587K(64640K)
[2025-01-07T21:17:58.214+0000][89548.580s][info][gc          ] GC(3732) Pause Young (Normal) (G1 Evacuation Pause) 9688M->2365M(12288M) 24.739ms
[2025-01-07T21:17:58.214+0000][89548.580s][info][gc,cpu      ] GC(3732) User=0.14s Sys=0.00s Real=0.03s
[2025-01-07T21:18:06.788+0000][89557.154s][info][gc,start    ] GC(3733) Pause Young (Concurrent Start) (G1 Evacuation Pause)
[2025-01-07T21:18:06.788+0000][89557.154s][info][gc,task     ] GC(3733) Using 6 workers of 6 for evacuation
[2025-01-07T21:18:06.818+0000][89557.184s][info][gc,phases   ] GC(3733)   Pre Evacuate Collection Set: 1.0ms
[2025-01-07T21:18:06.818+0000][89557.184s][info][gc,phases   ] GC(3733)   Merge Heap Roots: 0.5ms
[2025-01-07T21:18:06.818+0000][89557.184s][info][gc,phases   ] GC(3733)   Evacuate Collection Set: 25.3ms
[2025-01-07T21:18:06.818+0000][89557.184s][info][gc,phases   ] GC(3733)   Post Evacuate Collection Set: 2.6ms
[2025-01-07T21:18:06.818+0000][89557.184s][info][gc,phases   ] GC(3733)   Other: 0.3ms
[2025-01-07T21:18:06.818+0000][89557.184s][info][gc,heap     ] GC(3733) Eden regions: 915->0(914)
[2025-01-07T21:18:06.818+0000][89557.184s][info][gc,heap     ] GC(3733) Survivor regions: 6->7(116)
[2025-01-07T21:18:06.818+0000][89557.184s][info][gc,heap     ] GC(3733) Old regions: 241->241
[2025-01-07T21:18:06.818+0000][89557.184s][info][gc,heap     ] GC(3733) Archive regions: 2->2
[2025-01-07T21:18:06.818+0000][89557.184s][info][gc,heap     ] GC(3733) Humongous regions: 49->49
[2025-01-07T21:18:06.818+0000][89557.184s][info][gc,metaspace] GC(3733) Metaspace: 498943K(507200K)->498943K(507200K) NonClass: 438355K(442560K)->438355K(442560K) Class: 60587K(64640K)->60587K(64640K)
[2025-01-07T21:18:06.818+0000][89557.184s][info][gc          ] GC(3733) Pause Young (Concurrent Start) (G1 Evacuation Pause) 9685M->2375M(12288M) 29.754ms
[2025-01-07T21:18:06.818+0000][89557.184s][info][gc,cpu      ] GC(3733) User=0.16s Sys=0.00s Real=0.03s
[2025-01-07T21:18:06.818+0000][89557.184s][info][gc          ] GC(3734) Concurrent Mark Cycle
[2025-01-07T21:18:06.818+0000][89557.184s][info][gc,marking  ] GC(3734) Concurrent Clear Claimed Marks
[2025-01-07T21:18:06.818+0000][89557.185s][info][gc,marking  ] GC(3734) Concurrent Clear Claimed Marks 0.757ms
[2025-01-07T21:18:06.818+0000][89557.185s][info][gc,marking  ] GC(3734) Concurrent Scan Root Regions
[2025-01-07T21:18:06.836+0000][89557.203s][info][gc,marking  ] GC(3734) Concurrent Scan Root Regions 17.906ms
[2025-01-07T21:18:06.836+0000][89557.203s][info][gc,marking  ] GC(3734) Concurrent Mark
[2025-01-07T21:18:06.836+0000][89557.203s][info][gc,marking  ] GC(3734) Concurrent Mark From Roots
[2025-01-07T21:18:06.836+0000][89557.203s][info][gc,task     ] GC(3734) Using 2 workers of 2 for marking
[2025-01-07T21:18:07.601+0000][89557.967s][info][gc,marking  ] GC(3734) Concurrent Mark From Roots 764.783ms
[2025-01-07T21:18:07.601+0000][89557.967s][info][gc,marking  ] GC(3734) Concurrent Preclean
[2025-01-07T21:18:07.603+0000][89557.969s][info][gc,marking  ] GC(3734) Concurrent Preclean 1.977ms
[2025-01-07T21:18:07.603+0000][89557.969s][info][gc,start    ] GC(3734) Pause Remark
[2025-01-07T21:18:07.629+0000][89557.995s][info][gc          ] GC(3734) Pause Remark 2991M->2991M(12288M) 25.602ms
[2025-01-07T21:18:07.629+0000][89557.995s][info][gc,cpu      ] GC(3734) User=0.14s Sys=0.00s Real=0.02s
[2025-01-07T21:18:07.629+0000][89557.995s][info][gc,marking  ] GC(3734) Concurrent Mark 792.696ms
[2025-01-07T21:18:07.629+0000][89557.995s][info][gc,marking  ] GC(3734) Concurrent Rebuild Remembered Sets
[2025-01-07T21:18:08.096+0000][89558.462s][info][gc,marking  ] GC(3734) Concurrent Rebuild Remembered Sets 467.120ms
[2025-01-07T21:18:08.096+0000][89558.463s][info][gc,start    ] GC(3734) Pause Cleanup
[2025-01-07T21:18:08.097+0000][89558.463s][info][gc          ] GC(3734) Pause Cleanup 3331M->3331M(12288M) 0.449ms
[2025-01-07T21:18:08.097+0000][89558.463s][info][gc,cpu      ] GC(3734) User=0.00s Sys=0.00s Real=0.00s
[2025-01-07T21:18:08.097+0000][89558.463s][info][gc,marking  ] GC(3734) Concurrent Cleanup for Next Mark
[2025-01-07T21:18:08.112+0000][89558.478s][info][gc,marking  ] GC(3734) Concurrent Cleanup for Next Mark 15.426ms
[2025-01-07T21:18:08.112+0000][89558.479s][info][gc          ] GC(3734) Concurrent Mark Cycle 1294.734ms
[2025-01-07T21:18:17.178+0000][89567.544s][info][gc,start    ] GC(3735) Pause Young (Prepare Mixed) (G1 Evacuation Pause)
[2025-01-07T21:18:17.178+0000][89567.544s][info][gc,task     ] GC(3735) Using 6 workers of 6 for evacuation
[2025-01-07T21:18:17.213+0000][89567.579s][info][gc,phases   ] GC(3735)   Pre Evacuate Collection Set: 0.2ms
[2025-01-07T21:18:17.213+0000][89567.579s][info][gc,phases   ] GC(3735)   Merge Heap Roots: 0.6ms
[2025-01-07T21:18:17.213+0000][89567.579s][info][gc,phases   ] GC(3735)   Evacuate Collection Set: 31.3ms
[2025-01-07T21:18:17.213+0000][89567.579s][info][gc,phases   ] GC(3735)   Post Evacuate Collection Set: 2.6ms
[2025-01-07T21:18:17.213+0000][89567.579s][info][gc,phases   ] GC(3735)   Other: 0.2ms
[2025-01-07T21:18:17.213+0000][89567.579s][info][gc,heap     ] GC(3735) Eden regions: 914->0(67)
[2025-01-07T21:18:17.213+0000][89567.579s][info][gc,heap     ] GC(3735) Survivor regions: 7->9(116)
[2025-01-07T21:18:17.213+0000][89567.579s][info][gc,heap     ] GC(3735) Old regions: 241->241
[2025-01-07T21:18:17.213+0000][89567.579s][info][gc,heap     ] GC(3735) Archive regions: 2->2
[2025-01-07T21:18:17.213+0000][89567.579s][info][gc,heap     ] GC(3735) Humongous regions: 49->49
[2025-01-07T21:18:17.213+0000][89567.579s][info][gc,metaspace] GC(3735) Metaspace: 498943K(507200K)->498943K(507200K) NonClass: 438355K(442560K)->438355K(442560K) Class: 60587K(64640K)->60587K(64640K)
[2025-01-07T21:18:17.213+0000][89567.579s][info][gc          ] GC(3735) Pause Young (Prepare Mixed) (G1 Evacuation Pause) 9687M->2391M(12288M) 35.054ms
[2025-01-07T21:18:17.213+0000][89567.580s][info][gc,cpu      ] GC(3735) User=0.21s Sys=0.00s Real=0.04s
[2025-01-07T21:18:18.038+0000][89568.404s][info][gc,start    ] GC(3736) Pause Young (Mixed) (G1 Evacuation Pause)
[2025-01-07T21:18:18.038+0000][89568.404s][info][gc,task     ] GC(3736) Using 6 workers of 6 for evacuation
[2025-01-07T21:18:18.081+0000][89568.447s][info][gc,phases   ] GC(3736)   Pre Evacuate Collection Set: 0.2ms
[2025-01-07T21:18:18.081+0000][89568.447s][info][gc,phases   ] GC(3736)   Merge Heap Roots: 0.5ms
[2025-01-07T21:18:18.081+0000][89568.447s][info][gc,phases   ] GC(3736)   Evacuate Collection Set: 41.1ms
[2025-01-07T21:18:18.081+0000][89568.447s][info][gc,phases   ] GC(3736)   Post Evacuate Collection Set: 1.7ms
[2025-01-07T21:18:18.081+0000][89568.447s][info][gc,phases   ] GC(3736)   Other: 0.2ms
[2025-01-07T21:18:18.081+0000][89568.447s][info][gc,heap     ] GC(3736) Eden regions: 67->0(915)
[2025-01-07T21:18:18.081+0000][89568.447s][info][gc,heap     ] GC(3736) Survivor regions: 9->6(10)
[2025-01-07T21:18:18.081+0000][89568.447s][info][gc,heap     ] GC(3736) Old regions: 241->237
[2025-01-07T21:18:18.081+0000][89568.447s][info][gc,heap     ] GC(3736) Archive regions: 2->2
[2025-01-07T21:18:18.081+0000][89568.447s][info][gc,heap     ] GC(3736) Humongous regions: 49->49
[2025-01-07T21:18:18.081+0000][89568.447s][info][gc,metaspace] GC(3736) Metaspace: 498943K(507200K)->498943K(507200K) NonClass: 438355K(442560K)->438355K(442560K) Class: 60587K(64640K)->60587K(64640K)
[2025-01-07T21:18:18.081+0000][89568.447s][info][gc          ] GC(3736) Pause Young (Mixed) (G1 Evacuation Pause) 2927M->2334M(12288M) 43.686ms
[2025-01-07T21:18:18.081+0000][89568.447s][info][gc,cpu      ] GC(3736) User=0.25s Sys=0.00s Real=0.04s
[2025-01-07T21:18:23.664+0000][89574.030s][info][gc,start    ] GC(3737) Pause Young (Normal) (G1 Evacuation Pause)
[2025-01-07T21:18:23.664+0000][89574.030s][info][gc,task     ] GC(3737) Using 6 workers of 6 for evacuation
[2025-01-07T21:18:23.692+0000][89574.058s][info][gc,phases   ] GC(3737)   Pre Evacuate Collection Set: 0.2ms
[2025-01-07T21:18:23.692+0000][89574.058s][info][gc,phases   ] GC(3737)   Merge Heap Roots: 0.4ms
[2025-01-07T21:18:23.692+0000][89574.058s][info][gc,phases   ] GC(3737)   Evacuate Collection Set: 24.5ms
[2025-01-07T21:18:23.692+0000][89574.058s][info][gc,phases   ] GC(3737)   Post Evacuate Collection Set: 2.5ms
[2025-01-07T21:18:23.692+0000][89574.058s][info][gc,phases   ] GC(3737)   Other: 0.2ms
[2025-01-07T21:18:23.692+0000][89574.058s][info][gc,heap     ] GC(3737) Eden regions: 915->0(914)
[2025-01-07T21:18:23.692+0000][89574.058s][info][gc,heap     ] GC(3737) Survivor regions: 6->7(116)
[2025-01-07T21:18:23.692+0000][89574.058s][info][gc,heap     ] GC(3737) Old regions: 237->237
[2025-01-07T21:18:23.692+0000][89574.058s][info][gc,heap     ] GC(3737) Archive regions: 2->2
[2025-01-07T21:18:23.692+0000][89574.058s][info][gc,heap     ] GC(3737) Humongous regions: 49->49
[2025-01-07T21:18:23.692+0000][89574.058s][info][gc,metaspace] GC(3737) Metaspace: 498946K(507200K)->498946K(507200K) NonClass: 438359K(442560K)->438359K(442560K) Class: 60587K(64640K)->60587K(64640K)
[2025-01-07T21:18:23.692+0000][89574.058s][info][gc          ] GC(3737) Pause Young (Normal) (G1 Evacuation Pause) 9654M->2343M(12288M) 27.943ms
[2025-01-07T21:18:23.692+0000][89574.058s][info][gc,cpu      ] GC(3737) User=0.16s Sys=0.00s Real=0.03s
[2025-01-07T21:18:33.101+0000][89583.467s][info][gc,start    ] GC(3738) Pause Young (Normal) (G1 Evacuation Pause)
[2025-01-07T21:18:33.101+0000][89583.467s][info][gc,task     ] GC(3738) Using 6 workers of 6 for evacuation
[2025-01-07T21:18:33.134+0000][89583.500s][info][gc,phases   ] GC(3738)   Pre Evacuate Collection Set: 0.2ms
[2025-01-07T21:18:33.134+0000][89583.501s][info][gc,phases   ] GC(3738)   Merge Heap Roots: 0.4ms
[2025-01-07T21:18:33.134+0000][89583.501s][info][gc,phases   ] GC(3738)   Evacuate Collection Set: 29.4ms
[2025-01-07T21:18:33.134+0000][89583.501s][info][gc,phases   ] GC(3738)   Post Evacuate Collection Set: 2.8ms
[2025-01-07T21:18:33.134+0000][89583.501s][info][gc,phases   ] GC(3738)   Other: 0.2ms
[2025-01-07T21:18:33.134+0000][89583.501s][info][gc,heap     ] GC(3738) Eden regions: 914->0(913)
[2025-01-07T21:18:33.134+0000][89583.501s][info][gc,heap     ] GC(3738) Survivor regions: 7->8(116)
[2025-01-07T21:18:33.134+0000][89583.501s][info][gc,heap     ] GC(3738) Old regions: 237->237
[2025-01-07T21:18:33.134+0000][89583.501s][info][gc,heap     ] GC(3738) Archive regions: 2->2
[2025-01-07T21:18:33.134+0000][89583.501s][info][gc,heap     ] GC(3738) Humongous regions: 49->49
[2025-01-07T21:18:33.134+0000][89583.501s][info][gc,metaspace] GC(3738) Metaspace: 498946K(507200K)->498946K(507200K) NonClass: 438359K(442560K)->438359K(442560K) Class: 60587K(64640K)->60587K(64640K)
[2025-01-07T21:18:33.134+0000][89583.501s][info][gc          ] GC(3738) Pause Young (Normal) (G1 Evacuation Pause) 9655M->2352M(12288M) 33.144ms
[2025-01-07T21:18:33.135+0000][89583.501s][info][gc,cpu      ] GC(3738) User=0.20s Sys=0.00s Real=0.04s
[2025-01-07T21:18:43.812+0000][89594.178s][info][gc,start    ] GC(3739) Pause Young (Concurrent Start) (G1 Evacuation Pause)
[2025-01-07T21:18:43.812+0000][89594.178s][info][gc,task     ] GC(3739) Using 6 workers of 6 for evacuation
[2025-01-07T21:18:43.849+0000][89594.215s][info][gc,phases   ] GC(3739)   Pre Evacuate Collection Set: 1.0ms
[2025-01-07T21:18:43.849+0000][89594.215s][info][gc,phases   ] GC(3739)   Merge Heap Roots: 0.5ms
[2025-01-07T21:18:43.849+0000][89594.215s][info][gc,phases   ] GC(3739)   Evacuate Collection Set: 30.3ms
[2025-01-07T21:18:43.849+0000][89594.215s][info][gc,phases   ] GC(3739)   Post Evacuate Collection Set: 5.3ms
[2025-01-07T21:18:43.849+0000][89594.215s][info][gc,phases   ] GC(3739)   Other: 0.3ms
[2025-01-07T21:18:43.849+0000][89594.215s][info][gc,heap     ] GC(3739) Eden regions: 913->0(911)
[2025-01-07T21:18:43.849+0000][89594.215s][info][gc,heap     ] GC(3739) Survivor regions: 8->10(116)
[2025-01-07T21:18:43.849+0000][89594.215s][info][gc,heap     ] GC(3739) Old regions: 237->237
[2025-01-07T21:18:43.849+0000][89594.215s][info][gc,heap     ] GC(3739) Archive regions: 2->2
[2025-01-07T21:18:43.849+0000][89594.216s][info][gc,heap     ] GC(3739) Humongous regions: 49->49
[2025-01-07T21:18:43.849+0000][89594.216s][info][gc,metaspace] GC(3739) Metaspace: 498946K(507200K)->498946K(507200K) NonClass: 438359K(442560K)->438359K(442560K) Class: 60587K(64640K)->60587K(64640K)
[2025-01-07T21:18:43.849+0000][89594.216s][info][gc          ] GC(3739) Pause Young (Concurrent Start) (G1 Evacuation Pause) 9656M->2371M(12288M) 37.470ms
[2025-01-07T21:18:43.850+0000][89594.216s][info][gc,cpu      ] GC(3739) User=0.21s Sys=0.01s Real=0.04s
[2025-01-07T21:18:43.850+0000][89594.216s][info][gc          ] GC(3740) Concurrent Mark Cycle
[2025-01-07T21:18:43.850+0000][89594.216s][info][gc,marking  ] GC(3740) Concurrent Clear Claimed Marks
[2025-01-07T21:18:43.850+0000][89594.217s][info][gc,marking  ] GC(3740) Concurrent Clear Claimed Marks 0.855ms
[2025-01-07T21:18:43.850+0000][89594.217s][info][gc,marking  ] GC(3740) Concurrent Scan Root Regions
[2025-01-07T21:18:43.877+0000][89594.243s][info][gc,marking  ] GC(3740) Concurrent Scan Root Regions 26.914ms
[2025-01-07T21:18:43.877+0000][89594.243s][info][gc,marking  ] GC(3740) Concurrent Mark
[2025-01-07T21:18:43.877+0000][89594.243s][info][gc,marking  ] GC(3740) Concurrent Mark From Roots
[2025-01-07T21:18:43.877+0000][89594.244s][info][gc,task     ] GC(3740) Using 2 workers of 2 for marking
[2025-01-07T21:18:44.711+0000][89595.077s][info][gc,marking  ] GC(3740) Concurrent Mark From Roots 833.882ms
[2025-01-07T21:18:44.711+0000][89595.077s][info][gc,marking  ] GC(3740) Concurrent Preclean
[2025-01-07T21:18:44.713+0000][89595.079s][info][gc,marking  ] GC(3740) Concurrent Preclean 1.929ms
[2025-01-07T21:18:44.713+0000][89595.079s][info][gc,start    ] GC(3740) Pause Remark
[2025-01-07T21:18:44.739+0000][89595.105s][info][gc          ] GC(3740) Pause Remark 3123M->3123M(12288M) 25.620ms
[2025-01-07T21:18:44.739+0000][89595.105s][info][gc,cpu      ] GC(3740) User=0.15s Sys=0.01s Real=0.02s
[2025-01-07T21:18:44.739+0000][89595.105s][info][gc,marking  ] GC(3740) Concurrent Mark 861.726ms
[2025-01-07T21:18:44.739+0000][89595.105s][info][gc,marking  ] GC(3740) Concurrent Rebuild Remembered Sets
[2025-01-07T21:18:45.213+0000][89595.579s][info][gc,marking  ] GC(3740) Concurrent Rebuild Remembered Sets 474.209ms
[2025-01-07T21:18:45.214+0000][89595.580s][info][gc,start    ] GC(3740) Pause Cleanup
[2025-01-07T21:18:45.214+0000][89595.580s][info][gc          ] GC(3740) Pause Cleanup 3467M->3467M(12288M) 0.441ms
[2025-01-07T21:18:45.214+0000][89595.580s][info][gc,cpu      ] GC(3740) User=0.00s Sys=0.00s Real=0.00s
[2025-01-07T21:18:45.214+0000][89595.580s][info][gc,marking  ] GC(3740) Concurrent Cleanup for Next Mark
[2025-01-07T21:18:45.230+0000][89595.596s][info][gc,marking  ] GC(3740) Concurrent Cleanup for Next Mark 15.557ms
[2025-01-07T21:18:45.230+0000][89595.596s][info][gc          ] GC(3740) Concurrent Mark Cycle 1380.186ms
[2025-01-07T21:18:51.684+0000][89602.050s][info][gc,start    ] GC(3741) Pause Young (Prepare Mixed) (G1 Evacuation Pause)
[2025-01-07T21:18:51.684+0000][89602.050s][info][gc,task     ] GC(3741) Using 6 workers of 6 for evacuation
[2025-01-07T21:18:51.724+0000][89602.090s][info][gc,phases   ] GC(3741)   Pre Evacuate Collection Set: 0.2ms
[2025-01-07T21:18:51.724+0000][89602.090s][info][gc,phases   ] GC(3741)   Merge Heap Roots: 0.7ms
[2025-01-07T21:18:51.724+0000][89602.090s][info][gc,phases   ] GC(3741)   Evacuate Collection Set: 35.0ms
[2025-01-07T21:18:51.724+0000][89602.090s][info][gc,phases   ] GC(3741)   Post Evacuate Collection Set: 3.5ms
[2025-01-07T21:18:51.724+0000][89602.090s][info][gc,phases   ] GC(3741)   Other: 0.2ms
[2025-01-07T21:18:51.724+0000][89602.090s][info][gc,heap     ] GC(3741) Eden regions: 911->0(64)
[2025-01-07T21:18:51.724+0000][89602.090s][info][gc,heap     ] GC(3741) Survivor regions: 10->12(116)
[2025-01-07T21:18:51.724+0000][89602.090s][info][gc,heap     ] GC(3741) Old regions: 237->237
[2025-01-07T21:18:51.724+0000][89602.090s][info][gc,heap     ] GC(3741) Archive regions: 2->2
[2025-01-07T21:18:51.724+0000][89602.090s][info][gc,heap     ] GC(3741) Humongous regions: 49->49
[2025-01-07T21:18:51.724+0000][89602.090s][info][gc,metaspace] GC(3741) Metaspace: 498946K(507200K)->498946K(507200K) NonClass: 438359K(442560K)->438359K(442560K) Class: 60587K(64640K)->60587K(64640K)
[2025-01-07T21:18:51.724+0000][89602.090s][info][gc          ] GC(3741) Pause Young (Prepare Mixed) (G1 Evacuation Pause) 9659M->2388M(12288M) 39.701ms
[2025-01-07T21:18:51.724+0000][89602.090s][info][gc,cpu      ] GC(3741) User=0.23s Sys=0.00s Real=0.04s
[2025-01-07T21:18:52.292+0000][89602.658s][info][gc,start    ] GC(3742) Pause Young (Mixed) (G1 Evacuation Pause)
[2025-01-07T21:18:52.292+0000][89602.658s][info][gc,task     ] GC(3742) Using 6 workers of 6 for evacuation
[2025-01-07T21:18:52.357+0000][89602.723s][info][gc,phases   ] GC(3742)   Pre Evacuate Collection Set: 0.2ms
[2025-01-07T21:18:52.357+0000][89602.723s][info][gc,phases   ] GC(3742)   Merge Heap Roots: 0.6ms
[2025-01-07T21:18:52.357+0000][89602.723s][info][gc,phases   ] GC(3742)   Evacuate Collection Set: 61.5ms
[2025-01-07T21:18:52.357+0000][89602.723s][info][gc,phases   ] GC(3742)   Post Evacuate Collection Set: 2.5ms
[2025-01-07T21:18:52.357+0000][89602.723s][info][gc,phases   ] GC(3742)   Other: 0.2ms
[2025-01-07T21:18:52.357+0000][89602.723s][info][gc,heap     ] GC(3742) Eden regions: 64->0(918)
[2025-01-07T21:18:52.357+0000][89602.723s][info][gc,heap     ] GC(3742) Survivor regions: 12->3(10)
[2025-01-07T21:18:52.357+0000][89602.723s][info][gc,heap     ] GC(3742) Old regions: 237->240
[2025-01-07T21:18:52.357+0000][89602.723s][info][gc,heap     ] GC(3742) Archive regions: 2->2
[2025-01-07T21:18:52.357+0000][89602.723s][info][gc,heap     ] GC(3742) Humongous regions: 49->49
[2025-01-07T21:18:52.357+0000][89602.723s][info][gc,metaspace] GC(3742) Metaspace: 498946K(507200K)->498946K(507200K) NonClass: 438359K(442560K)->438359K(442560K) Class: 60587K(64640K)->60587K(64640K)
[2025-01-07T21:18:52.357+0000][89602.723s][info][gc          ] GC(3742) Pause Young (Mixed) (G1 Evacuation Pause) 2900M->2333M(12288M) 65.103ms
[2025-01-07T21:18:52.357+0000][89602.723s][info][gc,cpu      ] GC(3742) User=0.36s Sys=0.00s Real=0.06s
[2025-01-07T21:19:00.721+0000][89611.087s][info][gc,start    ] GC(3743) Pause Young (Normal) (G1 Evacuation Pause)
[2025-01-07T21:19:00.721+0000][89611.087s][info][gc,task     ] GC(3743) Using 6 workers of 6 for evacuation
[2025-01-07T21:19:00.745+0000][89611.111s][info][gc,phases   ] GC(3743)   Pre Evacuate Collection Set: 0.2ms
[2025-01-07T21:19:00.745+0000][89611.111s][info][gc,phases   ] GC(3743)   Merge Heap Roots: 0.4ms
[2025-01-07T21:19:00.745+0000][89611.111s][info][gc,phases   ] GC(3743)   Evacuate Collection Set: 21.2ms
[2025-01-07T21:19:00.745+0000][89611.111s][info][gc,phases   ] GC(3743)   Post Evacuate Collection Set: 2.5ms
[2025-01-07T21:19:00.745+0000][89611.111s][info][gc,phases   ] GC(3743)   Other: 0.2ms
[2025-01-07T21:19:00.745+0000][89611.111s][info][gc,heap     ] GC(3743) Eden regions: 918->0(915)
[2025-01-07T21:19:00.745+0000][89611.111s][info][gc,heap     ] GC(3743) Survivor regions: 3->6(116)
[2025-01-07T21:19:00.745+0000][89611.111s][info][gc,heap     ] GC(3743) Old regions: 240->240
[2025-01-07T21:19:00.745+0000][89611.111s][info][gc,heap     ] GC(3743) Archive regions: 2->2
[2025-01-07T21:19:00.745+0000][89611.111s][info][gc,heap     ] GC(3743) Humongous regions: 49->49
[2025-01-07T21:19:00.745+0000][89611.111s][info][gc,metaspace] GC(3743) Metaspace: 498946K(507200K)->498946K(507200K) NonClass: 438359K(442560K)->438359K(442560K) Class: 60587K(64640K)->60587K(64640K)
[2025-01-07T21:19:00.745+0000][89611.111s][info][gc          ] GC(3743) Pause Young (Normal) (G1 Evacuation Pause) 9677M->2358M(12288M) 24.525ms
[2025-01-07T21:19:00.745+0000][89611.111s][info][gc,cpu      ] GC(3743) User=0.14s Sys=0.00s Real=0.03s
[2025-01-07T21:19:13.374+0000][89623.740s][info][gc,start    ] GC(3744) Pause Young (Normal) (G1 Evacuation Pause)
[2025-01-07T21:19:13.374+0000][89623.740s][info][gc,task     ] GC(3744) Using 6 workers of 6 for evacuation
[2025-01-07T21:19:13.401+0000][89623.767s][info][gc,phases   ] GC(3744)   Pre Evacuate Collection Set: 0.2ms
[2025-01-07T21:19:13.401+0000][89623.767s][info][gc,phases   ] GC(3744)   Merge Heap Roots: 0.4ms
[2025-01-07T21:19:13.401+0000][89623.767s][info][gc,phases   ] GC(3744)   Evacuate Collection Set: 22.9ms
[2025-01-07T21:19:13.401+0000][89623.767s][info][gc,phases   ] GC(3744)   Post Evacuate Collection Set: 2.7ms
[2025-01-07T21:19:13.401+0000][89623.767s][info][gc,phases   ] GC(3744)   Other: 0.2ms
[2025-01-07T21:19:13.401+0000][89623.767s][info][gc,heap     ] GC(3744) Eden regions: 915->0(914)
[2025-01-07T21:19:13.401+0000][89623.767s][info][gc,heap     ] GC(3744) Survivor regions: 6->7(116)
[2025-01-07T21:19:13.401+0000][89623.767s][info][gc,heap     ] GC(3744) Old regions: 240->240
[2025-01-07T21:19:13.401+0000][89623.767s][info][gc,heap     ] GC(3744) Archive regions: 2->2
[2025-01-07T21:19:13.401+0000][89623.767s][info][gc,heap     ] GC(3744) Humongous regions: 49->49
[2025-01-07T21:19:13.401+0000][89623.767s][info][gc,metaspace] GC(3744) Metaspace: 498946K(507200K)->498946K(507200K) NonClass: 438359K(442560K)->438359K(442560K) Class: 60587K(64640K)->60587K(64640K)
[2025-01-07T21:19:13.401+0000][89623.767s][info][gc          ] GC(3744) Pause Young (Normal) (G1 Evacuation Pause) 9678M->2365M(12288M) 26.527ms
[2025-01-07T21:19:13.401+0000][89623.767s][info][gc,cpu      ] GC(3744) User=0.16s Sys=0.00s Real=0.02s
[2025-01-07T21:19:24.372+0000][89634.738s][info][gc,start    ] GC(3745) Pause Young (Concurrent Start) (G1 Evacuation Pause)
[2025-01-07T21:19:24.372+0000][89634.738s][info][gc,task     ] GC(3745) Using 6 workers of 6 for evacuation
[2025-01-07T21:19:24.406+0000][89634.772s][info][gc,phases   ] GC(3745)   Pre Evacuate Collection Set: 1.0ms
[2025-01-07T21:19:24.406+0000][89634.772s][info][gc,phases   ] GC(3745)   Merge Heap Roots: 0.5ms
[2025-01-07T21:19:24.406+0000][89634.772s][info][gc,phases   ] GC(3745)   Evacuate Collection Set: 29.3ms
[2025-01-07T21:19:24.406+0000][89634.772s][info][gc,phases   ] GC(3745)   Post Evacuate Collection Set: 2.7ms
[2025-01-07T21:19:24.406+0000][89634.772s][info][gc,phases   ] GC(3745)   Other: 0.3ms
[2025-01-07T21:19:24.406+0000][89634.772s][info][gc,heap     ] GC(3745) Eden regions: 914->0(912)
[2025-01-07T21:19:24.406+0000][89634.772s][info][gc,heap     ] GC(3745) Survivor regions: 7->9(116)
[2025-01-07T21:19:24.406+0000][89634.772s][info][gc,heap     ] GC(3745) Old regions: 240->240
[2025-01-07T21:19:24.406+0000][89634.772s][info][gc,heap     ] GC(3745) Archive regions: 2->2
[2025-01-07T21:19:24.406+0000][89634.772s][info][gc,heap     ] GC(3745) Humongous regions: 49->49
[2025-01-07T21:19:24.406+0000][89634.772s][info][gc,metaspace] GC(3745) Metaspace: 498946K(507200K)->498946K(507200K) NonClass: 438359K(442560K)->438359K(442560K) Class: 60587K(64640K)->60587K(64640K)
[2025-01-07T21:19:24.406+0000][89634.772s][info][gc          ] GC(3745) Pause Young (Concurrent Start) (G1 Evacuation Pause) 9677M->2382M(12288M) 33.892ms
[2025-01-07T21:19:24.406+0000][89634.772s][info][gc,cpu      ] GC(3745) User=0.19s Sys=0.00s Real=0.03s
[2025-01-07T21:19:24.406+0000][89634.772s][info][gc          ] GC(3746) Concurrent Mark Cycle
[2025-01-07T21:19:24.406+0000][89634.772s][info][gc,marking  ] GC(3746) Concurrent Clear Claimed Marks
[2025-01-07T21:19:24.407+0000][89634.773s][info][gc,marking  ] GC(3746) Concurrent Clear Claimed Marks 0.851ms
[2025-01-07T21:19:24.407+0000][89634.773s][info][gc,marking  ] GC(3746) Concurrent Scan Root Regions
[2025-01-07T21:19:24.431+0000][89634.797s][info][gc,marking  ] GC(3746) Concurrent Scan Root Regions 24.188ms
[2025-01-07T21:19:24.431+0000][89634.797s][info][gc,marking  ] GC(3746) Concurrent Mark
[2025-01-07T21:19:24.431+0000][89634.797s][info][gc,marking  ] GC(3746) Concurrent Mark From Roots
[2025-01-07T21:19:24.431+0000][89634.797s][info][gc,task     ] GC(3746) Using 2 workers of 2 for marking
[2025-01-07T21:19:25.361+0000][89635.727s][info][gc,marking  ] GC(3746) Concurrent Mark From Roots 929.426ms
[2025-01-07T21:19:25.361+0000][89635.727s][info][gc,marking  ] GC(3746) Concurrent Preclean
[2025-01-07T21:19:25.363+0000][89635.729s][info][gc,marking  ] GC(3746) Concurrent Preclean 1.902ms
[2025-01-07T21:19:25.363+0000][89635.729s][info][gc,start    ] GC(3746) Pause Remark
[2025-01-07T21:19:25.388+0000][89635.754s][info][gc          ] GC(3746) Pause Remark 3410M->3410M(12288M) 25.410ms
[2025-01-07T21:19:25.388+0000][89635.754s][info][gc,cpu      ] GC(3746) User=0.15s Sys=0.00s Real=0.02s
[2025-01-07T21:19:25.388+0000][89635.755s][info][gc,marking  ] GC(3746) Concurrent Mark 957.060ms
[2025-01-07T21:19:25.388+0000][89635.755s][info][gc,marking  ] GC(3746) Concurrent Rebuild Remembered Sets
[2025-01-07T21:19:25.877+0000][89636.243s][info][gc,marking  ] GC(3746) Concurrent Rebuild Remembered Sets 488.880ms
[2025-01-07T21:19:25.877+0000][89636.244s][info][gc,start    ] GC(3746) Pause Cleanup
[2025-01-07T21:19:25.878+0000][89636.244s][info][gc          ] GC(3746) Pause Cleanup 3814M->3814M(12288M) 0.420ms
[2025-01-07T21:19:25.878+0000][89636.244s][info][gc,cpu      ] GC(3746) User=0.00s Sys=0.00s Real=0.00s
[2025-01-07T21:19:25.878+0000][89636.244s][info][gc,marking  ] GC(3746) Concurrent Cleanup for Next Mark
[2025-01-07T21:19:25.893+0000][89636.259s][info][gc,marking  ] GC(3746) Concurrent Cleanup for Next Mark 15.363ms
[2025-01-07T21:19:25.893+0000][89636.259s][info][gc          ] GC(3746) Concurrent Mark Cycle 1487.136ms
[2025-01-07T21:19:30.067+0000][89640.433s][info][gc,start    ] GC(3747) Pause Young (Prepare Mixed) (G1 Evacuation Pause)
[2025-01-07T21:19:30.067+0000][89640.433s][info][gc,task     ] GC(3747) Using 6 workers of 6 for evacuation
[2025-01-07T21:19:30.099+0000][89640.465s][info][gc,phases   ] GC(3747)   Pre Evacuate Collection Set: 0.2ms
[2025-01-07T21:19:30.099+0000][89640.465s][info][gc,phases   ] GC(3747)   Merge Heap Roots: 0.7ms
[2025-01-07T21:19:30.099+0000][89640.465s][info][gc,phases   ] GC(3747)   Evacuate Collection Set: 28.8ms
[2025-01-07T21:19:30.099+0000][89640.465s][info][gc,phases   ] GC(3747)   Post Evacuate Collection Set: 2.6ms
[2025-01-07T21:19:30.099+0000][89640.465s][info][gc,phases   ] GC(3747)   Other: 0.2ms
[2025-01-07T21:19:30.099+0000][89640.465s][info][gc,heap     ] GC(3747) Eden regions: 912->0(67)
[2025-01-07T21:19:30.099+0000][89640.465s][info][gc,heap     ] GC(3747) Survivor regions: 9->9(116)
[2025-01-07T21:19:30.099+0000][89640.465s][info][gc,heap     ] GC(3747) Old regions: 240->240
[2025-01-07T21:19:30.099+0000][89640.465s][info][gc,heap     ] GC(3747) Archive regions: 2->2
[2025-01-07T21:19:30.099+0000][89640.465s][info][gc,heap     ] GC(3747) Humongous regions: 49->49
[2025-01-07T21:19:30.099+0000][89640.465s][info][gc,metaspace] GC(3747) Metaspace: 498946K(507200K)->498946K(507200K) NonClass: 438359K(442560K)->438359K(442560K) Class: 60587K(64640K)->60587K(64640K)
[2025-01-07T21:19:30.099+0000][89640.465s][info][gc          ] GC(3747) Pause Young (Prepare Mixed) (G1 Evacuation Pause) 9678M->2385M(12288M) 32.540ms
[2025-01-07T21:19:30.099+0000][89640.466s][info][gc,cpu      ] GC(3747) User=0.19s Sys=0.00s Real=0.03s
[2025-01-07T21:19:30.415+0000][89640.781s][info][gc,start    ] GC(3748) Pause Young (Mixed) (G1 Evacuation Pause)
[2025-01-07T21:19:30.415+0000][89640.781s][info][gc,task     ] GC(3748) Using 6 workers of 6 for evacuation
[2025-01-07T21:19:30.477+0000][89640.843s][info][gc,phases   ] GC(3748)   Pre Evacuate Collection Set: 0.2ms
[2025-01-07T21:19:30.477+0000][89640.843s][info][gc,phases   ] GC(3748)   Merge Heap Roots: 0.7ms
[2025-01-07T21:19:30.477+0000][89640.843s][info][gc,phases   ] GC(3748)   Evacuate Collection Set: 59.2ms
[2025-01-07T21:19:30.477+0000][89640.843s][info][gc,phases   ] GC(3748)   Post Evacuate Collection Set: 1.8ms
[2025-01-07T21:19:30.477+0000][89640.843s][info][gc,phases   ] GC(3748)   Other: 0.2ms
[2025-01-07T21:19:30.477+0000][89640.843s][info][gc,heap     ] GC(3748) Eden regions: 67->0(916)
[2025-01-07T21:19:30.477+0000][89640.843s][info][gc,heap     ] GC(3748) Survivor regions: 9->5(10)
[2025-01-07T21:19:30.477+0000][89640.843s][info][gc,heap     ] GC(3748) Old regions: 240->238
[2025-01-07T21:19:30.477+0000][89640.843s][info][gc,heap     ] GC(3748) Archive regions: 2->2
[2025-01-07T21:19:30.477+0000][89640.843s][info][gc,heap     ] GC(3748) Humongous regions: 49->49
[2025-01-07T21:19:30.477+0000][89640.843s][info][gc,metaspace] GC(3748) Metaspace: 498946K(507200K)->498946K(507200K) NonClass: 438359K(442560K)->438359K(442560K) Class: 60587K(64640K)->60587K(64640K)
[2025-01-07T21:19:30.477+0000][89640.843s][info][gc          ] GC(3748) Pause Young (Mixed) (G1 Evacuation Pause) 2921M->2340M(12288M) 62.108ms
[2025-01-07T21:19:30.477+0000][89640.843s][info][gc,cpu      ] GC(3748) User=0.36s Sys=0.00s Real=0.06s
[2025-01-07T21:19:39.435+0000][89649.801s][info][gc,start    ] GC(3749) Pause Young (Normal) (G1 Evacuation Pause)
[2025-01-07T21:19:39.435+0000][89649.801s][info][gc,task     ] GC(3749) Using 6 workers of 6 for evacuation
[2025-01-07T21:19:39.461+0000][89649.827s][info][gc,phases   ] GC(3749)   Pre Evacuate Collection Set: 0.2ms
[2025-01-07T21:19:39.461+0000][89649.827s][info][gc,phases   ] GC(3749)   Merge Heap Roots: 0.4ms
[2025-01-07T21:19:39.461+0000][89649.827s][info][gc,phases   ] GC(3749)   Evacuate Collection Set: 20.1ms
[2025-01-07T21:19:39.461+0000][89649.827s][info][gc,phases   ] GC(3749)   Post Evacuate Collection Set: 5.1ms
[2025-01-07T21:19:39.461+0000][89649.827s][info][gc,phases   ] GC(3749)   Other: 0.2ms
[2025-01-07T21:19:39.461+0000][89649.827s][info][gc,heap     ] GC(3749) Eden regions: 916->0(914)
[2025-01-07T21:19:39.461+0000][89649.827s][info][gc,heap     ] GC(3749) Survivor regions: 5->7(116)
[2025-01-07T21:19:39.461+0000][89649.827s][info][gc,heap     ] GC(3749) Old regions: 238->238
[2025-01-07T21:19:39.461+0000][89649.827s][info][gc,heap     ] GC(3749) Archive regions: 2->2
[2025-01-07T21:19:39.461+0000][89649.827s][info][gc,heap     ] GC(3749) Humongous regions: 49->49
[2025-01-07T21:19:39.461+0000][89649.827s][info][gc,metaspace] GC(3749) Metaspace: 498946K(507200K)->498946K(507200K) NonClass: 438359K(442560K)->438359K(442560K) Class: 60587K(64640K)->60587K(64640K)
[2025-01-07T21:19:39.461+0000][89649.827s][info][gc          ] GC(3749) Pause Young (Normal) (G1 Evacuation Pause) 9668M->2351M(12288M) 26.151ms
[2025-01-07T21:19:39.461+0000][89649.827s][info][gc,cpu      ] GC(3749) User=0.15s Sys=0.00s Real=0.02s
[2025-01-07T21:19:48.257+0000][89658.623s][info][gc,start    ] GC(3750) Pause Young (Normal) (G1 Evacuation Pause)
[2025-01-07T21:19:48.257+0000][89658.623s][info][gc,task     ] GC(3750) Using 6 workers of 6 for evacuation
[2025-01-07T21:19:48.285+0000][89658.651s][info][gc,phases   ] GC(3750)   Pre Evacuate Collection Set: 0.2ms
[2025-01-07T21:19:48.285+0000][89658.652s][info][gc,phases   ] GC(3750)   Merge Heap Roots: 0.4ms
[2025-01-07T21:19:48.285+0000][89658.652s][info][gc,phases   ] GC(3750)   Evacuate Collection Set: 23.5ms
[2025-01-07T21:19:48.285+0000][89658.652s][info][gc,phases   ] GC(3750)   Post Evacuate Collection Set: 3.8ms
[2025-01-07T21:19:48.285+0000][89658.652s][info][gc,phases   ] GC(3750)   Other: 0.2ms
[2025-01-07T21:19:48.285+0000][89658.652s][info][gc,heap     ] GC(3750) Eden regions: 914->0(913)
[2025-01-07T21:19:48.285+0000][89658.652s][info][gc,heap     ] GC(3750) Survivor regions: 7->8(116)
[2025-01-07T21:19:48.285+0000][89658.652s][info][gc,heap     ] GC(3750) Old regions: 238->238
[2025-01-07T21:19:48.285+0000][89658.652s][info][gc,heap     ] GC(3750) Archive regions: 2->2
[2025-01-07T21:19:48.285+0000][89658.652s][info][gc,heap     ] GC(3750) Humongous regions: 49->49
[2025-01-07T21:19:48.285+0000][89658.652s][info][gc,metaspace] GC(3750) Metaspace: 498946K(507200K)->498946K(507200K) NonClass: 438359K(442560K)->438359K(442560K) Class: 60587K(64640K)->60587K(64640K)
[2025-01-07T21:19:48.286+0000][89658.652s][info][gc          ] GC(3750) Pause Young (Normal) (G1 Evacuation Pause) 9663M->2357M(12288M) 28.289ms
[2025-01-07T21:19:48.286+0000][89658.652s][info][gc,cpu      ] GC(3750) User=0.16s Sys=0.00s Real=0.03s
[2025-01-07T21:19:57.549+0000][89667.915s][info][gc,start    ] GC(3751) Pause Young (Concurrent Start) (G1 Evacuation Pause)
[2025-01-07T21:19:57.549+0000][89667.915s][info][gc,task     ] GC(3751) Using 6 workers of 6 for evacuation
[2025-01-07T21:19:57.582+0000][89667.948s][info][gc,phases   ] GC(3751)   Pre Evacuate Collection Set: 1.0ms
[2025-01-07T21:19:57.582+0000][89667.948s][info][gc,phases   ] GC(3751)   Merge Heap Roots: 0.5ms
[2025-01-07T21:19:57.582+0000][89667.948s][info][gc,phases   ] GC(3751)   Evacuate Collection Set: 28.4ms
[2025-01-07T21:19:57.582+0000][89667.948s][info][gc,phases   ] GC(3751)   Post Evacuate Collection Set: 2.6ms
[2025-01-07T21:19:57.582+0000][89667.948s][info][gc,phases   ] GC(3751)   Other: 0.3ms
[2025-01-07T21:19:57.582+0000][89667.948s][info][gc,heap     ] GC(3751) Eden regions: 913->0(913)
[2025-01-07T21:19:57.582+0000][89667.948s][info][gc,heap     ] GC(3751) Survivor regions: 8->8(116)
[2025-01-07T21:19:57.582+0000][89667.948s][info][gc,heap     ] GC(3751) Old regions: 238->238
[2025-01-07T21:19:57.582+0000][89667.948s][info][gc,heap     ] GC(3751) Archive regions: 2->2
[2025-01-07T21:19:57.582+0000][89667.948s][info][gc,heap     ] GC(3751) Humongous regions: 49->49
[2025-01-07T21:19:57.582+0000][89667.948s][info][gc,metaspace] GC(3751) Metaspace: 498946K(507200K)->498946K(507200K) NonClass: 438359K(442560K)->438359K(442560K) Class: 60587K(64640K)->60587K(64640K)
[2025-01-07T21:19:57.582+0000][89667.948s][info][gc          ] GC(3751) Pause Young (Concurrent Start) (G1 Evacuation Pause) 9661M->2364M(12288M) 32.828ms
[2025-01-07T21:19:57.582+0000][89667.948s][info][gc,cpu      ] GC(3751) User=0.19s Sys=0.01s Real=0.04s
[2025-01-07T21:19:57.582+0000][89667.948s][info][gc          ] GC(3752) Concurrent Mark Cycle
[2025-01-07T21:19:57.582+0000][89667.948s][info][gc,marking  ] GC(3752) Concurrent Clear Claimed Marks
[2025-01-07T21:19:57.583+0000][89667.949s][info][gc,marking  ] GC(3752) Concurrent Clear Claimed Marks 0.820ms
[2025-01-07T21:19:57.583+0000][89667.949s][info][gc,marking  ] GC(3752) Concurrent Scan Root Regions
[2025-01-07T21:19:57.612+0000][89667.978s][info][gc,marking  ] GC(3752) Concurrent Scan Root Regions 28.618ms
[2025-01-07T21:19:57.612+0000][89667.978s][info][gc,marking  ] GC(3752) Concurrent Mark
[2025-01-07T21:19:57.612+0000][89667.978s][info][gc,marking  ] GC(3752) Concurrent Mark From Roots
[2025-01-07T21:19:57.612+0000][89667.978s][info][gc,task     ] GC(3752) Using 2 workers of 2 for marking
[2025-01-07T21:19:58.441+0000][89668.807s][info][gc,marking  ] GC(3752) Concurrent Mark From Roots 829.097ms
[2025-01-07T21:19:58.441+0000][89668.807s][info][gc,marking  ] GC(3752) Concurrent Preclean
[2025-01-07T21:19:58.443+0000][89668.809s][info][gc,marking  ] GC(3752) Concurrent Preclean 1.999ms
[2025-01-07T21:19:58.443+0000][89668.809s][info][gc,start    ] GC(3752) Pause Remark
[2025-01-07T21:19:58.468+0000][89668.834s][info][gc          ] GC(3752) Pause Remark 3124M->3124M(12288M) 25.493ms
[2025-01-07T21:19:58.468+0000][89668.834s][info][gc,cpu      ] GC(3752) User=0.15s Sys=0.00s Real=0.02s
[2025-01-07T21:19:58.468+0000][89668.835s][info][gc,marking  ] GC(3752) Concurrent Mark 856.911ms
[2025-01-07T21:19:58.468+0000][89668.835s][info][gc,marking  ] GC(3752) Concurrent Rebuild Remembered Sets
[2025-01-07T21:19:58.960+0000][89669.326s][info][gc,marking  ] GC(3752) Concurrent Rebuild Remembered Sets 491.086ms
[2025-01-07T21:19:58.960+0000][89669.326s][info][gc,start    ] GC(3752) Pause Cleanup
[2025-01-07T21:19:58.960+0000][89669.326s][info][gc          ] GC(3752) Pause Cleanup 3412M->3412M(12288M) 0.426ms
[2025-01-07T21:19:58.960+0000][89669.326s][info][gc,cpu      ] GC(3752) User=0.00s Sys=0.00s Real=0.00s
[2025-01-07T21:19:58.960+0000][89669.326s][info][gc,marking  ] GC(3752) Concurrent Cleanup for Next Mark
[2025-01-07T21:19:58.976+0000][89669.342s][info][gc,marking  ] GC(3752) Concurrent Cleanup for Next Mark 15.343ms
[2025-01-07T21:19:58.976+0000][89669.342s][info][gc          ] GC(3752) Concurrent Mark Cycle 1393.554ms
[2025-01-07T21:20:04.302+0000][89674.668s][info][gc,start    ] GC(3753) Pause Young (Prepare Mixed) (G1 Evacuation Pause)
[2025-01-07T21:20:04.302+0000][89674.668s][info][gc,task     ] GC(3753) Using 6 workers of 6 for evacuation
[2025-01-07T21:20:04.336+0000][89674.702s][info][gc,phases   ] GC(3753)   Pre Evacuate Collection Set: 0.2ms
[2025-01-07T21:20:04.336+0000][89674.702s][info][gc,phases   ] GC(3753)   Merge Heap Roots: 0.7ms
[2025-01-07T21:20:04.336+0000][89674.702s][info][gc,phases   ] GC(3753)   Evacuate Collection Set: 30.6ms
[2025-01-07T21:20:04.336+0000][89674.702s][info][gc,phases   ] GC(3753)   Post Evacuate Collection Set: 2.5ms
[2025-01-07T21:20:04.336+0000][89674.702s][info][gc,phases   ] GC(3753)   Other: 0.2ms
[2025-01-07T21:20:04.336+0000][89674.702s][info][gc,heap     ] GC(3753) Eden regions: 913->0(67)
[2025-01-07T21:20:04.336+0000][89674.702s][info][gc,heap     ] GC(3753) Survivor regions: 8->9(116)
[2025-01-07T21:20:04.336+0000][89674.702s][info][gc,heap     ] GC(3753) Old regions: 238->238
[2025-01-07T21:20:04.336+0000][89674.702s][info][gc,heap     ] GC(3753) Archive regions: 2->2
[2025-01-07T21:20:04.336+0000][89674.702s][info][gc,heap     ] GC(3753) Humongous regions: 49->49
[2025-01-07T21:20:04.336+0000][89674.702s][info][gc,metaspace] GC(3753) Metaspace: 498946K(507200K)->498946K(507200K) NonClass: 438359K(442560K)->438359K(442560K) Class: 60587K(64640K)->60587K(64640K)
[2025-01-07T21:20:04.336+0000][89674.702s][info][gc          ] GC(3753) Pause Young (Prepare Mixed) (G1 Evacuation Pause) 9668M->2369M(12288M) 34.330ms
[2025-01-07T21:20:04.336+0000][89674.702s][info][gc,cpu      ] GC(3753) User=0.20s Sys=0.00s Real=0.03s
[2025-01-07T21:20:04.697+0000][89675.063s][info][gc,start    ] GC(3754) Pause Young (Mixed) (G1 Evacuation Pause)
[2025-01-07T21:20:04.697+0000][89675.063s][info][gc,task     ] GC(3754) Using 6 workers of 6 for evacuation
[2025-01-07T21:20:04.769+0000][89675.135s][info][gc,phases   ] GC(3754)   Pre Evacuate Collection Set: 0.2ms
[2025-01-07T21:20:04.769+0000][89675.135s][info][gc,phases   ] GC(3754)   Merge Heap Roots: 0.8ms
[2025-01-07T21:20:04.769+0000][89675.135s][info][gc,phases   ] GC(3754)   Evacuate Collection Set: 68.9ms
[2025-01-07T21:20:04.769+0000][89675.135s][info][gc,phases   ] GC(3754)   Post Evacuate Collection Set: 2.1ms
[2025-01-07T21:20:04.769+0000][89675.135s][info][gc,phases   ] GC(3754)   Other: 0.2ms
[2025-01-07T21:20:04.769+0000][89675.135s][info][gc,heap     ] GC(3754) Eden regions: 67->0(915)
[2025-01-07T21:20:04.769+0000][89675.135s][info][gc,heap     ] GC(3754) Survivor regions: 9->6(10)
[2025-01-07T21:20:04.769+0000][89675.135s][info][gc,heap     ] GC(3754) Old regions: 238->237
[2025-01-07T21:20:04.769+0000][89675.135s][info][gc,heap     ] GC(3754) Archive regions: 2->2
[2025-01-07T21:20:04.769+0000][89675.135s][info][gc,heap     ] GC(3754) Humongous regions: 49->49
[2025-01-07T21:20:04.769+0000][89675.135s][info][gc,metaspace] GC(3754) Metaspace: 498946K(507200K)->498946K(507200K) NonClass: 438359K(442560K)->438359K(442560K) Class: 60587K(64640K)->60587K(64640K)
[2025-01-07T21:20:04.769+0000][89675.135s][info][gc          ] GC(3754) Pause Young (Mixed) (G1 Evacuation Pause) 2905M->2332M(12288M) 72.159ms
[2025-01-07T21:20:04.769+0000][89675.135s][info][gc,cpu      ] GC(3754) User=0.41s Sys=0.00s Real=0.07s
[2025-01-07T21:20:12.550+0000][89682.916s][info][gc,start    ] GC(3755) Pause Young (Normal) (G1 Evacuation Pause)
[2025-01-07T21:20:12.550+0000][89682.916s][info][gc,task     ] GC(3755) Using 6 workers of 6 for evacuation
[2025-01-07T21:20:12.578+0000][89682.944s][info][gc,phases   ] GC(3755)   Pre Evacuate Collection Set: 0.2ms
[2025-01-07T21:20:12.578+0000][89682.944s][info][gc,phases   ] GC(3755)   Merge Heap Roots: 0.5ms
[2025-01-07T21:20:12.578+0000][89682.944s][info][gc,phases   ] GC(3755)   Evacuate Collection Set: 25.0ms
[2025-01-07T21:20:12.578+0000][89682.944s][info][gc,phases   ] GC(3755)   Post Evacuate Collection Set: 2.6ms
[2025-01-07T21:20:12.578+0000][89682.944s][info][gc,phases   ] GC(3755)   Other: 0.2ms
[2025-01-07T21:20:12.578+0000][89682.944s][info][gc,heap     ] GC(3755) Eden regions: 915->0(914)
[2025-01-07T21:20:12.578+0000][89682.944s][info][gc,heap     ] GC(3755) Survivor regions: 6->7(116)
[2025-01-07T21:20:12.578+0000][89682.944s][info][gc,heap     ] GC(3755) Old regions: 237->237
[2025-01-07T21:20:12.578+0000][89682.944s][info][gc,heap     ] GC(3755) Archive regions: 2->2
[2025-01-07T21:20:12.578+0000][89682.944s][info][gc,heap     ] GC(3755) Humongous regions: 49->49
[2025-01-07T21:20:12.578+0000][89682.944s][info][gc,metaspace] GC(3755) Metaspace: 498946K(507200K)->498946K(507200K) NonClass: 438359K(442560K)->438359K(442560K) Class: 60587K(64640K)->60587K(64640K)
[2025-01-07T21:20:12.578+0000][89682.944s][info][gc          ] GC(3755) Pause Young (Normal) (G1 Evacuation Pause) 9652M->2343M(12288M) 28.511ms
[2025-01-07T21:20:12.578+0000][89682.944s][info][gc,cpu      ] GC(3755) User=0.17s Sys=0.00s Real=0.02s
[2025-01-07T21:20:23.021+0000][89693.387s][info][gc,start    ] GC(3756) Pause Young (Normal) (G1 Evacuation Pause)
[2025-01-07T21:20:23.021+0000][89693.387s][info][gc,task     ] GC(3756) Using 6 workers of 6 for evacuation
[2025-01-07T21:20:23.050+0000][89693.416s][info][gc,phases   ] GC(3756)   Pre Evacuate Collection Set: 0.2ms
[2025-01-07T21:20:23.050+0000][89693.416s][info][gc,phases   ] GC(3756)   Merge Heap Roots: 0.5ms
[2025-01-07T21:20:23.050+0000][89693.416s][info][gc,phases   ] GC(3756)   Evacuate Collection Set: 25.6ms
[2025-01-07T21:20:23.050+0000][89693.416s][info][gc,phases   ] GC(3756)   Post Evacuate Collection Set: 2.4ms
[2025-01-07T21:20:23.050+0000][89693.416s][info][gc,phases   ] GC(3756)   Other: 0.2ms
[2025-01-07T21:20:23.050+0000][89693.416s][info][gc,heap     ] GC(3756) Eden regions: 914->0(914)
[2025-01-07T21:20:23.050+0000][89693.416s][info][gc,heap     ] GC(3756) Survivor regions: 7->7(116)
[2025-01-07T21:20:23.050+0000][89693.416s][info][gc,heap     ] GC(3756) Old regions: 237->237
[2025-01-07T21:20:23.050+0000][89693.416s][info][gc,heap     ] GC(3756) Archive regions: 2->2
[2025-01-07T21:20:23.050+0000][89693.416s][info][gc,heap     ] GC(3756) Humongous regions: 49->49
[2025-01-07T21:20:23.050+0000][89693.416s][info][gc,metaspace] GC(3756) Metaspace: 498946K(507200K)->498946K(507200K) NonClass: 438359K(442560K)->438359K(442560K) Class: 60587K(64640K)->60587K(64640K)
[2025-01-07T21:20:23.050+0000][89693.416s][info][gc          ] GC(3756) Pause Young (Normal) (G1 Evacuation Pause) 9655M->2342M(12288M) 28.954ms
[2025-01-07T21:20:23.050+0000][89693.416s][info][gc,cpu      ] GC(3756) User=0.17s Sys=0.00s Real=0.04s
[2025-01-07T21:20:33.411+0000][89703.777s][info][gc,start    ] GC(3757) Pause Young (Concurrent Start) (G1 Evacuation Pause)
[2025-01-07T21:20:33.411+0000][89703.778s][info][gc,task     ] GC(3757) Using 6 workers of 6 for evacuation
[2025-01-07T21:20:33.449+0000][89703.815s][info][gc,phases   ] GC(3757)   Pre Evacuate Collection Set: 1.0ms
[2025-01-07T21:20:33.449+0000][89703.815s][info][gc,phases   ] GC(3757)   Merge Heap Roots: 0.5ms
[2025-01-07T21:20:33.449+0000][89703.815s][info][gc,phases   ] GC(3757)   Evacuate Collection Set: 30.2ms
[2025-01-07T21:20:33.449+0000][89703.815s][info][gc,phases   ] GC(3757)   Post Evacuate Collection Set: 5.3ms
[2025-01-07T21:20:33.449+0000][89703.815s][info][gc,phases   ] GC(3757)   Other: 0.3ms
[2025-01-07T21:20:33.449+0000][89703.815s][info][gc,heap     ] GC(3757) Eden regions: 914->0(910)
[2025-01-07T21:20:33.449+0000][89703.815s][info][gc,heap     ] GC(3757) Survivor regions: 7->11(116)
[2025-01-07T21:20:33.449+0000][89703.815s][info][gc,heap     ] GC(3757) Old regions: 237->237
[2025-01-07T21:20:33.449+0000][89703.815s][info][gc,heap     ] GC(3757) Archive regions: 2->2
[2025-01-07T21:20:33.449+0000][89703.815s][info][gc,heap     ] GC(3757) Humongous regions: 49->49
[2025-01-07T21:20:33.449+0000][89703.815s][info][gc,metaspace] GC(3757) Metaspace: 498946K(507200K)->498946K(507200K) NonClass: 438359K(442560K)->438359K(442560K) Class: 60587K(64640K)->60587K(64640K)
[2025-01-07T21:20:33.449+0000][89703.815s][info][gc          ] GC(3757) Pause Young (Concurrent Start) (G1 Evacuation Pause) 9654M->2374M(12288M) 37.387ms
[2025-01-07T21:20:33.449+0000][89703.815s][info][gc,cpu      ] GC(3757) User=0.21s Sys=0.00s Real=0.03s
[2025-01-07T21:20:33.449+0000][89703.815s][info][gc          ] GC(3758) Concurrent Mark Cycle
[2025-01-07T21:20:33.449+0000][89703.815s][info][gc,marking  ] GC(3758) Concurrent Clear Claimed Marks
[2025-01-07T21:20:33.450+0000][89703.816s][info][gc,marking  ] GC(3758) Concurrent Clear Claimed Marks 0.864ms
[2025-01-07T21:20:33.450+0000][89703.816s][info][gc,marking  ] GC(3758) Concurrent Scan Root Regions
[2025-01-07T21:20:33.478+0000][89703.844s][info][gc,marking  ] GC(3758) Concurrent Scan Root Regions 27.946ms
[2025-01-07T21:20:33.478+0000][89703.844s][info][gc,marking  ] GC(3758) Concurrent Mark
[2025-01-07T21:20:33.478+0000][89703.844s][info][gc,marking  ] GC(3758) Concurrent Mark From Roots
[2025-01-07T21:20:33.478+0000][89703.844s][info][gc,task     ] GC(3758) Using 2 workers of 2 for marking
[2025-01-07T21:20:34.277+0000][89704.643s][info][gc,marking  ] GC(3758) Concurrent Mark From Roots 799.538ms
[2025-01-07T21:20:34.277+0000][89704.643s][info][gc,marking  ] GC(3758) Concurrent Preclean
[2025-01-07T21:20:34.279+0000][89704.645s][info][gc,marking  ] GC(3758) Concurrent Preclean 1.987ms
[2025-01-07T21:20:34.279+0000][89704.646s][info][gc,start    ] GC(3758) Pause Remark
[2025-01-07T21:20:34.306+0000][89704.672s][info][gc          ] GC(3758) Pause Remark 3158M->3158M(12288M) 26.069ms
[2025-01-07T21:20:34.306+0000][89704.672s][info][gc,cpu      ] GC(3758) User=0.15s Sys=0.00s Real=0.03s
[2025-01-07T21:20:34.306+0000][89704.672s][info][gc,marking  ] GC(3758) Concurrent Mark 827.948ms
[2025-01-07T21:20:34.306+0000][89704.672s][info][gc,marking  ] GC(3758) Concurrent Rebuild Remembered Sets
[2025-01-07T21:20:34.815+0000][89705.181s][info][gc,marking  ] GC(3758) Concurrent Rebuild Remembered Sets 509.389ms
[2025-01-07T21:20:34.815+0000][89705.181s][info][gc,start    ] GC(3758) Pause Cleanup
[2025-01-07T21:20:34.816+0000][89705.182s][info][gc          ] GC(3758) Pause Cleanup 3618M->3618M(12288M) 0.410ms
[2025-01-07T21:20:34.816+0000][89705.182s][info][gc,cpu      ] GC(3758) User=0.00s Sys=0.00s Real=0.00s
[2025-01-07T21:20:34.816+0000][89705.182s][info][gc,marking  ] GC(3758) Concurrent Cleanup for Next Mark
[2025-01-07T21:20:34.831+0000][89705.197s][info][gc,marking  ] GC(3758) Concurrent Cleanup for Next Mark 15.356ms
[2025-01-07T21:20:34.831+0000][89705.197s][info][gc          ] GC(3758) Concurrent Mark Cycle 1382.309ms
[2025-01-07T21:20:42.178+0000][89712.544s][info][gc,start    ] GC(3759) Pause Young (Prepare Mixed) (G1 Evacuation Pause)
[2025-01-07T21:20:42.178+0000][89712.544s][info][gc,task     ] GC(3759) Using 6 workers of 6 for evacuation
[2025-01-07T21:20:42.217+0000][89712.583s][info][gc,phases   ] GC(3759)   Pre Evacuate Collection Set: 0.2ms
[2025-01-07T21:20:42.217+0000][89712.583s][info][gc,phases   ] GC(3759)   Merge Heap Roots: 0.7ms
[2025-01-07T21:20:42.217+0000][89712.583s][info][gc,phases   ] GC(3759)   Evacuate Collection Set: 33.5ms
[2025-01-07T21:20:42.217+0000][89712.583s][info][gc,phases   ] GC(3759)   Post Evacuate Collection Set: 4.1ms
[2025-01-07T21:20:42.217+0000][89712.583s][info][gc,phases   ] GC(3759)   Other: 0.2ms
[2025-01-07T21:20:42.217+0000][89712.583s][info][gc,heap     ] GC(3759) Eden regions: 910->0(64)
[2025-01-07T21:20:42.217+0000][89712.583s][info][gc,heap     ] GC(3759) Survivor regions: 11->12(116)
[2025-01-07T21:20:42.217+0000][89712.583s][info][gc,heap     ] GC(3759) Old regions: 237->237
[2025-01-07T21:20:42.217+0000][89712.583s][info][gc,heap     ] GC(3759) Archive regions: 2->2
[2025-01-07T21:20:42.217+0000][89712.583s][info][gc,heap     ] GC(3759) Humongous regions: 49->49
[2025-01-07T21:20:42.217+0000][89712.583s][info][gc,metaspace] GC(3759) Metaspace: 498946K(507200K)->498946K(507200K) NonClass: 438359K(442560K)->438359K(442560K) Class: 60587K(64640K)->60587K(64640K)
[2025-01-07T21:20:42.217+0000][89712.583s][info][gc          ] GC(3759) Pause Young (Prepare Mixed) (G1 Evacuation Pause) 9654M->2386M(12288M) 38.720ms
[2025-01-07T21:20:42.217+0000][89712.583s][info][gc,cpu      ] GC(3759) User=0.22s Sys=0.00s Real=0.04s
[2025-01-07T21:20:42.617+0000][89712.983s][info][gc,start    ] GC(3760) Pause Young (Mixed) (G1 Evacuation Pause)
[2025-01-07T21:20:42.617+0000][89712.983s][info][gc,task     ] GC(3760) Using 6 workers of 6 for evacuation
[2025-01-07T21:20:42.694+0000][89713.060s][info][gc,phases   ] GC(3760)   Pre Evacuate Collection Set: 0.2ms
[2025-01-07T21:20:42.694+0000][89713.060s][info][gc,phases   ] GC(3760)   Merge Heap Roots: 0.8ms
[2025-01-07T21:20:42.694+0000][89713.060s][info][gc,phases   ] GC(3760)   Evacuate Collection Set: 74.3ms
[2025-01-07T21:20:42.694+0000][89713.060s][info][gc,phases   ] GC(3760)   Post Evacuate Collection Set: 1.9ms
[2025-01-07T21:20:42.694+0000][89713.060s][info][gc,phases   ] GC(3760)   Other: 0.2ms
[2025-01-07T21:20:42.694+0000][89713.060s][info][gc,heap     ] GC(3760) Eden regions: 64->0(916)
[2025-01-07T21:20:42.694+0000][89713.060s][info][gc,heap     ] GC(3760) Survivor regions: 12->5(10)
[2025-01-07T21:20:42.694+0000][89713.060s][info][gc,heap     ] GC(3760) Old regions: 237->240
[2025-01-07T21:20:42.694+0000][89713.060s][info][gc,heap     ] GC(3760) Archive regions: 2->2
[2025-01-07T21:20:42.694+0000][89713.060s][info][gc,heap     ] GC(3760) Humongous regions: 49->49
[2025-01-07T21:20:42.694+0000][89713.060s][info][gc,metaspace] GC(3760) Metaspace: 498946K(507200K)->498946K(507200K) NonClass: 438359K(442560K)->438359K(442560K) Class: 60587K(64640K)->60587K(64640K)
[2025-01-07T21:20:42.694+0000][89713.060s][info][gc          ] GC(3760) Pause Young (Mixed) (G1 Evacuation Pause) 2898M->2349M(12288M) 77.507ms
[2025-01-07T21:20:42.694+0000][89713.061s][info][gc,cpu      ] GC(3760) User=0.43s Sys=0.00s Real=0.08s
[2025-01-07T21:20:51.057+0000][89721.423s][info][gc,start    ] GC(3761) Pause Young (Normal) (G1 Evacuation Pause)
[2025-01-07T21:20:51.057+0000][89721.423s][info][gc,task     ] GC(3761) Using 6 workers of 6 for evacuation
[2025-01-07T21:20:51.078+0000][89721.444s][info][gc,phases   ] GC(3761)   Pre Evacuate Collection Set: 0.2ms
[2025-01-07T21:20:51.078+0000][89721.444s][info][gc,phases   ] GC(3761)   Merge Heap Roots: 0.4ms
[2025-01-07T21:20:51.078+0000][89721.444s][info][gc,phases   ] GC(3761)   Evacuate Collection Set: 17.5ms
[2025-01-07T21:20:51.078+0000][89721.444s][info][gc,phases   ] GC(3761)   Post Evacuate Collection Set: 2.5ms
[2025-01-07T21:20:51.078+0000][89721.444s][info][gc,phases   ] GC(3761)   Other: 0.2ms
[2025-01-07T21:20:51.078+0000][89721.444s][info][gc,heap     ] GC(3761) Eden regions: 916->0(916)
[2025-01-07T21:20:51.078+0000][89721.444s][info][gc,heap     ] GC(3761) Survivor regions: 5->5(116)
[2025-01-07T21:20:51.078+0000][89721.444s][info][gc,heap     ] GC(3761) Old regions: 240->240
[2025-01-07T21:20:51.078+0000][89721.444s][info][gc,heap     ] GC(3761) Archive regions: 2->2
[2025-01-07T21:20:51.078+0000][89721.444s][info][gc,heap     ] GC(3761) Humongous regions: 49->49
[2025-01-07T21:20:51.078+0000][89721.444s][info][gc,metaspace] GC(3761) Metaspace: 498946K(507200K)->498946K(507200K) NonClass: 438359K(442560K)->438359K(442560K) Class: 60587K(64640K)->60587K(64640K)
[2025-01-07T21:20:51.078+0000][89721.444s][info][gc          ] GC(3761) Pause Young (Normal) (G1 Evacuation Pause) 9677M->2353M(12288M) 20.911ms
[2025-01-07T21:20:51.078+0000][89721.444s][info][gc,cpu      ] GC(3761) User=0.12s Sys=0.00s Real=0.02s
[2025-01-07T21:21:03.554+0000][89733.920s][info][gc,start    ] GC(3762) Pause Young (Normal) (G1 Evacuation Pause)
[2025-01-07T21:21:03.554+0000][89733.920s][info][gc,task     ] GC(3762) Using 6 workers of 6 for evacuation
[2025-01-07T21:21:03.581+0000][89733.947s][info][gc,phases   ] GC(3762)   Pre Evacuate Collection Set: 0.2ms
[2025-01-07T21:21:03.581+0000][89733.947s][info][gc,phases   ] GC(3762)   Merge Heap Roots: 0.4ms
[2025-01-07T21:21:03.581+0000][89733.947s][info][gc,phases   ] GC(3762)   Evacuate Collection Set: 22.8ms
[2025-01-07T21:21:03.581+0000][89733.947s][info][gc,phases   ] GC(3762)   Post Evacuate Collection Set: 2.6ms
[2025-01-07T21:21:03.581+0000][89733.947s][info][gc,phases   ] GC(3762)   Other: 0.2ms
[2025-01-07T21:21:03.581+0000][89733.947s][info][gc,heap     ] GC(3762) Eden regions: 916->0(914)
[2025-01-07T21:21:03.581+0000][89733.947s][info][gc,heap     ] GC(3762) Survivor regions: 5->7(116)
[2025-01-07T21:21:03.581+0000][89733.947s][info][gc,heap     ] GC(3762) Old regions: 240->240
[2025-01-07T21:21:03.581+0000][89733.947s][info][gc,heap     ] GC(3762) Archive regions: 2->2
[2025-01-07T21:21:03.581+0000][89733.947s][info][gc,heap     ] GC(3762) Humongous regions: 49->49
[2025-01-07T21:21:03.581+0000][89733.947s][info][gc,metaspace] GC(3762) Metaspace: 498946K(507200K)->498946K(507200K) NonClass: 438359K(442560K)->438359K(442560K) Class: 60587K(64640K)->60587K(64640K)
[2025-01-07T21:21:03.581+0000][89733.947s][info][gc          ] GC(3762) Pause Young (Normal) (G1 Evacuation Pause) 9681M->2365M(12288M) 26.391ms
[2025-01-07T21:21:03.581+0000][89733.947s][info][gc,cpu      ] GC(3762) User=0.15s Sys=0.00s Real=0.02s
[2025-01-07T21:21:13.582+0000][89743.948s][info][gc,start    ] GC(3763) Pause Young (Concurrent Start) (G1 Evacuation Pause)
[2025-01-07T21:21:13.582+0000][89743.948s][info][gc,task     ] GC(3763) Using 6 workers of 6 for evacuation
[2025-01-07T21:21:13.612+0000][89743.978s][info][gc,phases   ] GC(3763)   Pre Evacuate Collection Set: 1.0ms
[2025-01-07T21:21:13.612+0000][89743.978s][info][gc,phases   ] GC(3763)   Merge Heap Roots: 0.4ms
[2025-01-07T21:21:13.612+0000][89743.978s][info][gc,phases   ] GC(3763)   Evacuate Collection Set: 25.6ms
[2025-01-07T21:21:13.612+0000][89743.978s][info][gc,phases   ] GC(3763)   Post Evacuate Collection Set: 2.6ms
[2025-01-07T21:21:13.612+0000][89743.978s][info][gc,phases   ] GC(3763)   Other: 0.3ms
[2025-01-07T21:21:13.612+0000][89743.978s][info][gc,heap     ] GC(3763) Eden regions: 914->0(913)
[2025-01-07T21:21:13.612+0000][89743.978s][info][gc,heap     ] GC(3763) Survivor regions: 7->8(116)
[2025-01-07T21:21:13.612+0000][89743.978s][info][gc,heap     ] GC(3763) Old regions: 240->240
[2025-01-07T21:21:13.612+0000][89743.978s][info][gc,heap     ] GC(3763) Archive regions: 2->2
[2025-01-07T21:21:13.612+0000][89743.978s][info][gc,heap     ] GC(3763) Humongous regions: 49->49
[2025-01-07T21:21:13.612+0000][89743.978s][info][gc,metaspace] GC(3763) Metaspace: 498946K(507200K)->498946K(507200K) NonClass: 438359K(442560K)->438359K(442560K) Class: 60587K(64640K)->60587K(64640K)
[2025-01-07T21:21:13.612+0000][89743.978s][info][gc          ] GC(3763) Pause Young (Concurrent Start) (G1 Evacuation Pause) 9677M->2376M(12288M) 30.064ms
[2025-01-07T21:21:13.612+0000][89743.978s][info][gc,cpu      ] GC(3763) User=0.16s Sys=0.01s Real=0.03s
[2025-01-07T21:21:13.612+0000][89743.978s][info][gc          ] GC(3764) Concurrent Mark Cycle
[2025-01-07T21:21:13.612+0000][89743.978s][info][gc,marking  ] GC(3764) Concurrent Clear Claimed Marks
[2025-01-07T21:21:13.613+0000][89743.979s][info][gc,marking  ] GC(3764) Concurrent Clear Claimed Marks 0.796ms
[2025-01-07T21:21:13.613+0000][89743.979s][info][gc,marking  ] GC(3764) Concurrent Scan Root Regions
[2025-01-07T21:21:13.630+0000][89743.996s][info][gc,marking  ] GC(3764) Concurrent Scan Root Regions 17.332ms
[2025-01-07T21:21:13.630+0000][89743.996s][info][gc,marking  ] GC(3764) Concurrent Mark
[2025-01-07T21:21:13.630+0000][89743.996s][info][gc,marking  ] GC(3764) Concurrent Mark From Roots
[2025-01-07T21:21:13.630+0000][89743.996s][info][gc,task     ] GC(3764) Using 2 workers of 2 for marking
[2025-01-07T21:21:14.385+0000][89744.751s][info][gc,marking  ] GC(3764) Concurrent Mark From Roots 754.675ms
[2025-01-07T21:21:14.385+0000][89744.751s][info][gc,marking  ] GC(3764) Concurrent Preclean
[2025-01-07T21:21:14.387+0000][89744.753s][info][gc,marking  ] GC(3764) Concurrent Preclean 2.024ms
[2025-01-07T21:21:14.387+0000][89744.753s][info][gc,start    ] GC(3764) Pause Remark
[2025-01-07T21:21:14.412+0000][89744.778s][info][gc          ] GC(3764) Pause Remark 3048M->3048M(12288M) 25.016ms
[2025-01-07T21:21:14.412+0000][89744.778s][info][gc,cpu      ] GC(3764) User=0.14s Sys=0.00s Real=0.03s
[2025-01-07T21:21:14.412+0000][89744.778s][info][gc,marking  ] GC(3764) Concurrent Mark 782.017ms
[2025-01-07T21:21:14.412+0000][89744.778s][info][gc,marking  ] GC(3764) Concurrent Rebuild Remembered Sets
[2025-01-07T21:21:14.990+0000][89745.356s][info][gc,marking  ] GC(3764) Concurrent Rebuild Remembered Sets 577.688ms
[2025-01-07T21:21:14.990+0000][89745.356s][info][gc,start    ] GC(3764) Pause Cleanup
[2025-01-07T21:21:14.990+0000][89745.357s][info][gc          ] GC(3764) Pause Cleanup 3724M->3724M(12288M) 0.498ms
[2025-01-07T21:21:14.990+0000][89745.357s][info][gc,cpu      ] GC(3764) User=0.00s Sys=0.00s Real=0.00s
[2025-01-07T21:21:14.991+0000][89745.357s][info][gc,marking  ] GC(3764) Concurrent Cleanup for Next Mark
[2025-01-07T21:21:15.006+0000][89745.372s][info][gc,marking  ] GC(3764) Concurrent Cleanup for Next Mark 15.704ms
[2025-01-07T21:21:15.006+0000][89745.372s][info][gc          ] GC(3764) Concurrent Mark Cycle 1394.438ms
[2025-01-07T21:21:21.669+0000][89752.035s][info][gc,start    ] GC(3765) Pause Young (Prepare Mixed) (G1 Evacuation Pause)
[2025-01-07T21:21:21.669+0000][89752.035s][info][gc,task     ] GC(3765) Using 6 workers of 6 for evacuation
[2025-01-07T21:21:21.704+0000][89752.070s][info][gc,phases   ] GC(3765)   Pre Evacuate Collection Set: 0.2ms
[2025-01-07T21:21:21.704+0000][89752.070s][info][gc,phases   ] GC(3765)   Merge Heap Roots: 0.7ms
[2025-01-07T21:21:21.704+0000][89752.070s][info][gc,phases   ] GC(3765)   Evacuate Collection Set: 30.7ms
[2025-01-07T21:21:21.704+0000][89752.070s][info][gc,phases   ] GC(3765)   Post Evacuate Collection Set: 3.3ms
[2025-01-07T21:21:21.704+0000][89752.070s][info][gc,phases   ] GC(3765)   Other: 0.2ms
[2025-01-07T21:21:21.704+0000][89752.070s][info][gc,heap     ] GC(3765) Eden regions: 913->0(64)
[2025-01-07T21:21:21.704+0000][89752.070s][info][gc,heap     ] GC(3765) Survivor regions: 8->12(116)
[2025-01-07T21:21:21.704+0000][89752.070s][info][gc,heap     ] GC(3765) Old regions: 240->240
[2025-01-07T21:21:21.704+0000][89752.070s][info][gc,heap     ] GC(3765) Archive regions: 2->2
[2025-01-07T21:21:21.704+0000][89752.070s][info][gc,heap     ] GC(3765) Humongous regions: 49->49
[2025-01-07T21:21:21.704+0000][89752.070s][info][gc,metaspace] GC(3765) Metaspace: 498946K(507200K)->498946K(507200K) NonClass: 438359K(442560K)->438359K(442560K) Class: 60587K(64640K)->60587K(64640K)
[2025-01-07T21:21:21.704+0000][89752.070s][info][gc          ] GC(3765) Pause Young (Prepare Mixed) (G1 Evacuation Pause) 9680M->2410M(12288M) 35.154ms
[2025-01-07T21:21:21.704+0000][89752.070s][info][gc,cpu      ] GC(3765) User=0.21s Sys=0.00s Real=0.04s
[2025-01-07T21:21:22.172+0000][89752.538s][info][gc,start    ] GC(3766) Pause Young (Mixed) (G1 Evacuation Pause)
[2025-01-07T21:21:22.172+0000][89752.538s][info][gc,task     ] GC(3766) Using 6 workers of 6 for evacuation
[2025-01-07T21:21:22.216+0000][89752.583s][info][gc,phases   ] GC(3766)   Pre Evacuate Collection Set: 0.2ms
[2025-01-07T21:21:22.217+0000][89752.583s][info][gc,phases   ] GC(3766)   Merge Heap Roots: 0.5ms
[2025-01-07T21:21:22.217+0000][89752.583s][info][gc,phases   ] GC(3766)   Evacuate Collection Set: 41.7ms
[2025-01-07T21:21:22.217+0000][89752.583s][info][gc,phases   ] GC(3766)   Post Evacuate Collection Set: 2.1ms
[2025-01-07T21:21:22.217+0000][89752.583s][info][gc,phases   ] GC(3766)   Other: 0.2ms
[2025-01-07T21:21:22.217+0000][89752.583s][info][gc,heap     ] GC(3766) Eden regions: 64->0(918)
[2025-01-07T21:21:22.217+0000][89752.583s][info][gc,heap     ] GC(3766) Survivor regions: 12->3(10)
[2025-01-07T21:21:22.217+0000][89752.583s][info][gc,heap     ] GC(3766) Old regions: 240->240
[2025-01-07T21:21:22.217+0000][89752.583s][info][gc,heap     ] GC(3766) Archive regions: 2->2
[2025-01-07T21:21:22.217+0000][89752.583s][info][gc,heap     ] GC(3766) Humongous regions: 49->49
[2025-01-07T21:21:22.217+0000][89752.583s][info][gc,metaspace] GC(3766) Metaspace: 498946K(507200K)->498946K(507200K) NonClass: 438359K(442560K)->438359K(442560K) Class: 60587K(64640K)->60587K(64640K)
[2025-01-07T21:21:22.217+0000][89752.583s][info][gc          ] GC(3766) Pause Young (Mixed) (G1 Evacuation Pause) 2922M->2335M(12288M) 44.657ms
[2025-01-07T21:21:22.217+0000][89752.583s][info][gc,cpu      ] GC(3766) User=0.26s Sys=0.00s Real=0.04s
[2025-01-07T21:21:30.100+0000][89760.466s][info][gc,start    ] GC(3767) Pause Young (Normal) (G1 Evacuation Pause)
[2025-01-07T21:21:30.100+0000][89760.466s][info][gc,task     ] GC(3767) Using 6 workers of 6 for evacuation
[2025-01-07T21:21:30.121+0000][89760.487s][info][gc,phases   ] GC(3767)   Pre Evacuate Collection Set: 0.2ms
[2025-01-07T21:21:30.121+0000][89760.487s][info][gc,phases   ] GC(3767)   Merge Heap Roots: 0.4ms
[2025-01-07T21:21:30.121+0000][89760.487s][info][gc,phases   ] GC(3767)   Evacuate Collection Set: 16.4ms
[2025-01-07T21:21:30.121+0000][89760.487s][info][gc,phases   ] GC(3767)   Post Evacuate Collection Set: 3.7ms
[2025-01-07T21:21:30.121+0000][89760.487s][info][gc,phases   ] GC(3767)   Other: 0.2ms
[2025-01-07T21:21:30.121+0000][89760.487s][info][gc,heap     ] GC(3767) Eden regions: 918->0(916)
[2025-01-07T21:21:30.121+0000][89760.487s][info][gc,heap     ] GC(3767) Survivor regions: 3->5(116)
[2025-01-07T21:21:30.121+0000][89760.487s][info][gc,heap     ] GC(3767) Old regions: 240->240
[2025-01-07T21:21:30.121+0000][89760.487s][info][gc,heap     ] GC(3767) Archive regions: 2->2
[2025-01-07T21:21:30.121+0000][89760.487s][info][gc,heap     ] GC(3767) Humongous regions: 49->49
[2025-01-07T21:21:30.121+0000][89760.487s][info][gc,metaspace] GC(3767) Metaspace: 498946K(507200K)->498946K(507200K) NonClass: 438359K(442560K)->438359K(442560K) Class: 60587K(64640K)->60587K(64640K)
[2025-01-07T21:21:30.121+0000][89760.487s][info][gc          ] GC(3767) Pause Young (Normal) (G1 Evacuation Pause) 9679M->2351M(12288M) 21.023ms
[2025-01-07T21:21:30.121+0000][89760.487s][info][gc,cpu      ] GC(3767) User=0.12s Sys=0.00s Real=0.02s
[2025-01-07T21:21:38.709+0000][89769.075s][info][gc,start    ] GC(3768) Pause Young (Normal) (G1 Evacuation Pause)
[2025-01-07T21:21:38.709+0000][89769.075s][info][gc,task     ] GC(3768) Using 6 workers of 6 for evacuation
[2025-01-07T21:21:38.733+0000][89769.099s][info][gc,phases   ] GC(3768)   Pre Evacuate Collection Set: 0.2ms
[2025-01-07T21:21:38.733+0000][89769.099s][info][gc,phases   ] GC(3768)   Merge Heap Roots: 0.4ms
[2025-01-07T21:21:38.733+0000][89769.099s][info][gc,phases   ] GC(3768)   Evacuate Collection Set: 19.6ms
[2025-01-07T21:21:38.733+0000][89769.099s][info][gc,phases   ] GC(3768)   Post Evacuate Collection Set: 3.8ms
[2025-01-07T21:21:38.733+0000][89769.099s][info][gc,phases   ] GC(3768)   Other: 0.2ms
[2025-01-07T21:21:38.733+0000][89769.099s][info][gc,heap     ] GC(3768) Eden regions: 916->0(915)
[2025-01-07T21:21:38.733+0000][89769.099s][info][gc,heap     ] GC(3768) Survivor regions: 5->6(116)
[2025-01-07T21:21:38.733+0000][89769.099s][info][gc,heap     ] GC(3768) Old regions: 240->240
[2025-01-07T21:21:38.733+0000][89769.099s][info][gc,heap     ] GC(3768) Archive regions: 2->2
[2025-01-07T21:21:38.733+0000][89769.099s][info][gc,heap     ] GC(3768) Humongous regions: 49->49
[2025-01-07T21:21:38.733+0000][89769.099s][info][gc,metaspace] GC(3768) Metaspace: 498946K(507200K)->498946K(507200K) NonClass: 438359K(442560K)->438359K(442560K) Class: 60587K(64640K)->60587K(64640K)
[2025-01-07T21:21:38.733+0000][89769.099s][info][gc          ] GC(3768) Pause Young (Normal) (G1 Evacuation Pause) 9679M->2361M(12288M) 24.300ms
[2025-01-07T21:21:38.733+0000][89769.100s][info][gc,cpu      ] GC(3768) User=0.14s Sys=0.01s Real=0.03s
[2025-01-07T21:21:47.211+0000][89777.577s][info][gc,start    ] GC(3769) Pause Young (Concurrent Start) (G1 Evacuation Pause)
[2025-01-07T21:21:47.211+0000][89777.577s][info][gc,task     ] GC(3769) Using 6 workers of 6 for evacuation
[2025-01-07T21:21:47.241+0000][89777.607s][info][gc,phases   ] GC(3769)   Pre Evacuate Collection Set: 1.0ms
[2025-01-07T21:21:47.241+0000][89777.607s][info][gc,phases   ] GC(3769)   Merge Heap Roots: 0.4ms
[2025-01-07T21:21:47.241+0000][89777.607s][info][gc,phases   ] GC(3769)   Evacuate Collection Set: 25.3ms
[2025-01-07T21:21:47.241+0000][89777.607s][info][gc,phases   ] GC(3769)   Post Evacuate Collection Set: 2.5ms
[2025-01-07T21:21:47.241+0000][89777.607s][info][gc,phases   ] GC(3769)   Other: 0.3ms
[2025-01-07T21:21:47.241+0000][89777.607s][info][gc,heap     ] GC(3769) Eden regions: 915->0(913)
[2025-01-07T21:21:47.241+0000][89777.607s][info][gc,heap     ] GC(3769) Survivor regions: 6->8(116)
[2025-01-07T21:21:47.241+0000][89777.607s][info][gc,heap     ] GC(3769) Old regions: 240->240
[2025-01-07T21:21:47.241+0000][89777.607s][info][gc,heap     ] GC(3769) Archive regions: 2->2
[2025-01-07T21:21:47.241+0000][89777.607s][info][gc,heap     ] GC(3769) Humongous regions: 49->49
[2025-01-07T21:21:47.241+0000][89777.607s][info][gc,metaspace] GC(3769) Metaspace: 498946K(507200K)->498946K(507200K) NonClass: 438359K(442560K)->438359K(442560K) Class: 60587K(64640K)->60587K(64640K)
[2025-01-07T21:21:47.241+0000][89777.607s][info][gc          ] GC(3769) Pause Young (Concurrent Start) (G1 Evacuation Pause) 9681M->2371M(12288M) 29.619ms
[2025-01-07T21:21:47.241+0000][89777.607s][info][gc,cpu      ] GC(3769) User=0.16s Sys=0.00s Real=0.02s
[2025-01-07T21:21:47.241+0000][89777.607s][info][gc          ] GC(3770) Concurrent Mark Cycle
[2025-01-07T21:21:47.241+0000][89777.607s][info][gc,marking  ] GC(3770) Concurrent Clear Claimed Marks
[2025-01-07T21:21:47.242+0000][89777.608s][info][gc,marking  ] GC(3770) Concurrent Clear Claimed Marks 0.816ms
[2025-01-07T21:21:47.242+0000][89777.608s][info][gc,marking  ] GC(3770) Concurrent Scan Root Regions
[2025-01-07T21:21:47.265+0000][89777.631s][info][gc,marking  ] GC(3770) Concurrent Scan Root Regions 23.302ms
[2025-01-07T21:21:47.265+0000][89777.631s][info][gc,marking  ] GC(3770) Concurrent Mark
[2025-01-07T21:21:47.265+0000][89777.631s][info][gc,marking  ] GC(3770) Concurrent Mark From Roots
[2025-01-07T21:21:47.265+0000][89777.631s][info][gc,task     ] GC(3770) Using 2 workers of 2 for marking
[2025-01-07T21:21:48.143+0000][89778.509s][info][gc,marking  ] GC(3770) Concurrent Mark From Roots 877.470ms
[2025-01-07T21:21:48.143+0000][89778.509s][info][gc,marking  ] GC(3770) Concurrent Preclean
[2025-01-07T21:21:48.145+0000][89778.511s][info][gc,marking  ] GC(3770) Concurrent Preclean 2.014ms
[2025-01-07T21:21:48.145+0000][89778.511s][info][gc,start    ] GC(3770) Pause Remark
[2025-01-07T21:21:48.171+0000][89778.537s][info][gc          ] GC(3770) Pause Remark 3256M->3256M(12288M) 25.690ms
[2025-01-07T21:21:48.171+0000][89778.537s][info][gc,cpu      ] GC(3770) User=0.15s Sys=0.00s Real=0.03s
[2025-01-07T21:21:48.171+0000][89778.537s][info][gc,marking  ] GC(3770) Concurrent Mark 905.536ms
[2025-01-07T21:21:48.171+0000][89778.537s][info][gc,marking  ] GC(3770) Concurrent Rebuild Remembered Sets
[2025-01-07T21:21:48.736+0000][89779.102s][info][gc,marking  ] GC(3770) Concurrent Rebuild Remembered Sets 565.124ms
[2025-01-07T21:21:48.736+0000][89779.102s][info][gc,start    ] GC(3770) Pause Cleanup
[2025-01-07T21:21:48.737+0000][89779.103s][info][gc          ] GC(3770) Pause Cleanup 3887M->3887M(12288M) 0.482ms
[2025-01-07T21:21:48.737+0000][89779.103s][info][gc,cpu      ] GC(3770) User=0.00s Sys=0.00s Real=0.00s
[2025-01-07T21:21:48.737+0000][89779.103s][info][gc,marking  ] GC(3770) Concurrent Cleanup for Next Mark
[2025-01-07T21:21:48.753+0000][89779.119s][info][gc,marking  ] GC(3770) Concurrent Cleanup for Next Mark 16.029ms
[2025-01-07T21:21:48.753+0000][89779.119s][info][gc          ] GC(3770) Concurrent Mark Cycle 1511.744ms
[2025-01-07T21:21:53.195+0000][89783.561s][info][gc,start    ] GC(3771) Pause Young (Prepare Mixed) (G1 Evacuation Pause)
[2025-01-07T21:21:53.195+0000][89783.561s][info][gc,task     ] GC(3771) Using 6 workers of 6 for evacuation
[2025-01-07T21:21:53.227+0000][89783.593s][info][gc,phases   ] GC(3771)   Pre Evacuate Collection Set: 0.2ms
[2025-01-07T21:21:53.227+0000][89783.593s][info][gc,phases   ] GC(3771)   Merge Heap Roots: 0.6ms
[2025-01-07T21:21:53.227+0000][89783.593s][info][gc,phases   ] GC(3771)   Evacuate Collection Set: 28.3ms
[2025-01-07T21:21:53.227+0000][89783.593s][info][gc,phases   ] GC(3771)   Post Evacuate Collection Set: 2.4ms
[2025-01-07T21:21:53.227+0000][89783.593s][info][gc,phases   ] GC(3771)   Other: 0.2ms
[2025-01-07T21:21:53.227+0000][89783.593s][info][gc,heap     ] GC(3771) Eden regions: 913->0(68)
[2025-01-07T21:21:53.227+0000][89783.593s][info][gc,heap     ] GC(3771) Survivor regions: 8->8(116)
[2025-01-07T21:21:53.227+0000][89783.593s][info][gc,heap     ] GC(3771) Old regions: 240->240
[2025-01-07T21:21:53.227+0000][89783.593s][info][gc,heap     ] GC(3771) Archive regions: 2->2
[2025-01-07T21:21:53.227+0000][89783.593s][info][gc,heap     ] GC(3771) Humongous regions: 49->49
[2025-01-07T21:21:53.227+0000][89783.593s][info][gc,metaspace] GC(3771) Metaspace: 498946K(507200K)->498946K(507200K) NonClass: 438359K(442560K)->438359K(442560K) Class: 60587K(64640K)->60587K(64640K)
[2025-01-07T21:21:53.227+0000][89783.593s][info][gc          ] GC(3771) Pause Young (Prepare Mixed) (G1 Evacuation Pause) 9675M->2371M(12288M) 31.779ms
[2025-01-07T21:21:53.227+0000][89783.593s][info][gc,cpu      ] GC(3771) User=0.19s Sys=0.00s Real=0.03s
[2025-01-07T21:21:53.528+0000][89783.894s][info][gc,start    ] GC(3772) Pause Young (Mixed) (G1 Evacuation Pause)
[2025-01-07T21:21:53.528+0000][89783.894s][info][gc,task     ] GC(3772) Using 6 workers of 6 for evacuation
[2025-01-07T21:21:53.577+0000][89783.943s][info][gc,phases   ] GC(3772)   Pre Evacuate Collection Set: 0.2ms
[2025-01-07T21:21:53.577+0000][89783.943s][info][gc,phases   ] GC(3772)   Merge Heap Roots: 0.5ms
[2025-01-07T21:21:53.577+0000][89783.943s][info][gc,phases   ] GC(3772)   Evacuate Collection Set: 46.0ms
[2025-01-07T21:21:53.577+0000][89783.943s][info][gc,phases   ] GC(3772)   Post Evacuate Collection Set: 1.7ms
[2025-01-07T21:21:53.577+0000][89783.943s][info][gc,phases   ] GC(3772)   Other: 0.2ms
[2025-01-07T21:21:53.577+0000][89783.943s][info][gc,heap     ] GC(3772) Eden regions: 68->0(914)
[2025-01-07T21:21:53.577+0000][89783.943s][info][gc,heap     ] GC(3772) Survivor regions: 8->7(10)
[2025-01-07T21:21:53.577+0000][89783.943s][info][gc,heap     ] GC(3772) Old regions: 240->236
[2025-01-07T21:21:53.577+0000][89783.943s][info][gc,heap     ] GC(3772) Archive regions: 2->2
[2025-01-07T21:21:53.577+0000][89783.943s][info][gc,heap     ] GC(3772) Humongous regions: 49->49
[2025-01-07T21:21:53.577+0000][89783.943s][info][gc,metaspace] GC(3772) Metaspace: 498946K(507200K)->498946K(507200K) NonClass: 438359K(442560K)->438359K(442560K) Class: 60587K(64640K)->60587K(64640K)
[2025-01-07T21:21:53.577+0000][89783.943s][info][gc          ] GC(3772) Pause Young (Mixed) (G1 Evacuation Pause) 2915M->2335M(12288M) 48.716ms
[2025-01-07T21:21:53.577+0000][89783.943s][info][gc,cpu      ] GC(3772) User=0.28s Sys=0.00s Real=0.05s
[2025-01-07T21:22:00.207+0000][89790.574s][info][gc,start    ] GC(3773) Pause Young (Normal) (G1 Evacuation Pause)
[2025-01-07T21:22:00.207+0000][89790.574s][info][gc,task     ] GC(3773) Using 6 workers of 6 for evacuation
[2025-01-07T21:22:00.238+0000][89790.604s][info][gc,phases   ] GC(3773)   Pre Evacuate Collection Set: 0.2ms
[2025-01-07T21:22:00.238+0000][89790.604s][info][gc,phases   ] GC(3773)   Merge Heap Roots: 0.4ms
[2025-01-07T21:22:00.238+0000][89790.604s][info][gc,phases   ] GC(3773)   Evacuate Collection Set: 26.9ms
[2025-01-07T21:22:00.238+0000][89790.604s][info][gc,phases   ] GC(3773)   Post Evacuate Collection Set: 2.5ms
[2025-01-07T21:22:00.238+0000][89790.604s][info][gc,phases   ] GC(3773)   Other: 0.2ms
[2025-01-07T21:22:00.238+0000][89790.604s][info][gc,heap     ] GC(3773) Eden regions: 914->0(913)
[2025-01-07T21:22:00.238+0000][89790.604s][info][gc,heap     ] GC(3773) Survivor regions: 7->8(116)
[2025-01-07T21:22:00.238+0000][89790.604s][info][gc,heap     ] GC(3773) Old regions: 236->236
[2025-01-07T21:22:00.238+0000][89790.604s][info][gc,heap     ] GC(3773) Archive regions: 2->2
[2025-01-07T21:22:00.238+0000][89790.604s][info][gc,heap     ] GC(3773) Humongous regions: 49->49
[2025-01-07T21:22:00.238+0000][89790.604s][info][gc,metaspace] GC(3773) Metaspace: 498946K(507200K)->498946K(507200K) NonClass: 438359K(442560K)->438359K(442560K) Class: 60587K(64640K)->60587K(64640K)
[2025-01-07T21:22:00.238+0000][89790.604s][info][gc          ] GC(3773) Pause Young (Normal) (G1 Evacuation Pause) 9647M->2346M(12288M) 30.267ms
[2025-01-07T21:22:00.238+0000][89790.604s][info][gc,cpu      ] GC(3773) User=0.18s Sys=0.00s Real=0.03s
[2025-01-07T21:22:09.305+0000][89799.671s][info][gc,start    ] GC(3774) Pause Young (Normal) (G1 Evacuation Pause)
[2025-01-07T21:22:09.305+0000][89799.671s][info][gc,task     ] GC(3774) Using 6 workers of 6 for evacuation
[2025-01-07T21:22:09.338+0000][89799.704s][info][gc,phases   ] GC(3774)   Pre Evacuate Collection Set: 0.3ms
[2025-01-07T21:22:09.338+0000][89799.704s][info][gc,phases   ] GC(3774)   Merge Heap Roots: 0.5ms
[2025-01-07T21:22:09.338+0000][89799.704s][info][gc,phases   ] GC(3774)   Evacuate Collection Set: 29.2ms
[2025-01-07T21:22:09.338+0000][89799.704s][info][gc,phases   ] GC(3774)   Post Evacuate Collection Set: 2.9ms
[2025-01-07T21:22:09.338+0000][89799.704s][info][gc,phases   ] GC(3774)   Other: 0.2ms
[2025-01-07T21:22:09.338+0000][89799.704s][info][gc,heap     ] GC(3774) Eden regions: 913->0(912)
[2025-01-07T21:22:09.338+0000][89799.704s][info][gc,heap     ] GC(3774) Survivor regions: 8->9(116)
[2025-01-07T21:22:09.338+0000][89799.704s][info][gc,heap     ] GC(3774) Old regions: 236->236
[2025-01-07T21:22:09.338+0000][89799.704s][info][gc,heap     ] GC(3774) Archive regions: 2->2
[2025-01-07T21:22:09.338+0000][89799.704s][info][gc,heap     ] GC(3774) Humongous regions: 49->49
[2025-01-07T21:22:09.338+0000][89799.704s][info][gc,metaspace] GC(3774) Metaspace: 498946K(507200K)->498946K(507200K) NonClass: 438359K(442560K)->438359K(442560K) Class: 60587K(64640K)->60587K(64640K)
[2025-01-07T21:22:09.338+0000][89799.704s][info][gc          ] GC(3774) Pause Young (Normal) (G1 Evacuation Pause) 9650M->2355M(12288M) 33.098ms
[2025-01-07T21:22:09.338+0000][89799.704s][info][gc,cpu      ] GC(3774) User=0.19s Sys=0.00s Real=0.03s
[2025-01-07T21:22:17.524+0000][89807.890s][info][gc,start    ] GC(3775) Pause Young (Concurrent Start) (G1 Evacuation Pause)
[2025-01-07T21:22:17.524+0000][89807.890s][info][gc,task     ] GC(3775) Using 6 workers of 6 for evacuation
[2025-01-07T21:22:17.562+0000][89807.928s][info][gc,phases   ] GC(3775)   Pre Evacuate Collection Set: 1.0ms
[2025-01-07T21:22:17.562+0000][89807.928s][info][gc,phases   ] GC(3775)   Merge Heap Roots: 0.5ms
[2025-01-07T21:22:17.562+0000][89807.928s][info][gc,phases   ] GC(3775)   Evacuate Collection Set: 32.9ms
[2025-01-07T21:22:17.562+0000][89807.928s][info][gc,phases   ] GC(3775)   Post Evacuate Collection Set: 3.2ms
[2025-01-07T21:22:17.562+0000][89807.928s][info][gc,phases   ] GC(3775)   Other: 0.3ms
[2025-01-07T21:22:17.562+0000][89807.928s][info][gc,heap     ] GC(3775) Eden regions: 912->0(908)
[2025-01-07T21:22:17.562+0000][89807.928s][info][gc,heap     ] GC(3775) Survivor regions: 9->13(116)
[2025-01-07T21:22:17.562+0000][89807.928s][info][gc,heap     ] GC(3775) Old regions: 236->236
[2025-01-07T21:22:17.562+0000][89807.928s][info][gc,heap     ] GC(3775) Archive regions: 2->2
[2025-01-07T21:22:17.562+0000][89807.928s][info][gc,heap     ] GC(3775) Humongous regions: 49->49
[2025-01-07T21:22:17.562+0000][89807.928s][info][gc,metaspace] GC(3775) Metaspace: 498946K(507200K)->498946K(507200K) NonClass: 438359K(442560K)->438359K(442560K) Class: 60587K(64640K)->60587K(64640K)
[2025-01-07T21:22:17.562+0000][89807.928s][info][gc          ] GC(3775) Pause Young (Concurrent Start) (G1 Evacuation Pause) 9651M->2390M(12288M) 37.893ms
[2025-01-07T21:22:17.562+0000][89807.928s][info][gc,cpu      ] GC(3775) User=0.22s Sys=0.01s Real=0.04s
[2025-01-07T21:22:17.562+0000][89807.928s][info][gc          ] GC(3776) Concurrent Mark Cycle
[2025-01-07T21:22:17.562+0000][89807.928s][info][gc,marking  ] GC(3776) Concurrent Clear Claimed Marks
[2025-01-07T21:22:17.563+0000][89807.929s][info][gc,marking  ] GC(3776) Concurrent Clear Claimed Marks 0.807ms
[2025-01-07T21:22:17.563+0000][89807.929s][info][gc,marking  ] GC(3776) Concurrent Scan Root Regions
[2025-01-07T21:22:17.589+0000][89807.955s][info][gc,marking  ] GC(3776) Concurrent Scan Root Regions 26.225ms
[2025-01-07T21:22:17.589+0000][89807.955s][info][gc,marking  ] GC(3776) Concurrent Mark
[2025-01-07T21:22:17.589+0000][89807.955s][info][gc,marking  ] GC(3776) Concurrent Mark From Roots
[2025-01-07T21:22:17.589+0000][89807.955s][info][gc,task     ] GC(3776) Using 2 workers of 2 for marking
[2025-01-07T21:22:18.393+0000][89808.759s][info][gc,marking  ] GC(3776) Concurrent Mark From Roots 804.091ms
[2025-01-07T21:22:18.393+0000][89808.760s][info][gc,marking  ] GC(3776) Concurrent Preclean
[2025-01-07T21:22:18.396+0000][89808.762s][info][gc,marking  ] GC(3776) Concurrent Preclean 2.543ms
[2025-01-07T21:22:18.397+0000][89808.763s][info][gc,start    ] GC(3776) Pause Remark
[2025-01-07T21:22:18.422+0000][89808.788s][info][gc          ] GC(3776) Pause Remark 3166M->3166M(12288M) 25.523ms
[2025-01-07T21:22:18.422+0000][89808.788s][info][gc,cpu      ] GC(3776) User=0.14s Sys=0.00s Real=0.03s
[2025-01-07T21:22:18.423+0000][89808.789s][info][gc,marking  ] GC(3776) Concurrent Mark 833.237ms
[2025-01-07T21:22:18.423+0000][89808.789s][info][gc,marking  ] GC(3776) Concurrent Rebuild Remembered Sets
[2025-01-07T21:22:19.003+0000][89809.370s][info][gc,marking  ] GC(3776) Concurrent Rebuild Remembered Sets 580.931ms
[2025-01-07T21:22:19.004+0000][89809.370s][info][gc,start    ] GC(3776) Pause Cleanup
[2025-01-07T21:22:19.004+0000][89809.370s][info][gc          ] GC(3776) Pause Cleanup 3886M->3886M(12288M) 0.416ms
[2025-01-07T21:22:19.004+0000][89809.370s][info][gc,cpu      ] GC(3776) User=0.00s Sys=0.00s Real=0.00s
[2025-01-07T21:22:19.004+0000][89809.370s][info][gc,marking  ] GC(3776) Concurrent Cleanup for Next Mark
[2025-01-07T21:22:19.020+0000][89809.386s][info][gc,marking  ] GC(3776) Concurrent Cleanup for Next Mark 15.367ms
[2025-01-07T21:22:19.020+0000][89809.386s][info][gc          ] GC(3776) Concurrent Mark Cycle 1457.382ms
[2025-01-07T21:22:24.588+0000][89814.954s][info][gc,start    ] GC(3777) Pause Young (Prepare Mixed) (G1 Evacuation Pause)
[2025-01-07T21:22:24.588+0000][89814.954s][info][gc,task     ] GC(3777) Using 6 workers of 6 for evacuation
[2025-01-07T21:22:24.629+0000][89814.995s][info][gc,phases   ] GC(3777)   Pre Evacuate Collection Set: 0.2ms
[2025-01-07T21:22:24.629+0000][89814.995s][info][gc,phases   ] GC(3777)   Merge Heap Roots: 0.7ms
[2025-01-07T21:22:24.629+0000][89814.995s][info][gc,phases   ] GC(3777)   Evacuate Collection Set: 35.4ms
[2025-01-07T21:22:24.629+0000][89814.995s][info][gc,phases   ] GC(3777)   Post Evacuate Collection Set: 4.6ms
[2025-01-07T21:22:24.629+0000][89814.995s][info][gc,phases   ] GC(3777)   Other: 0.2ms
[2025-01-07T21:22:24.629+0000][89814.995s][info][gc,heap     ] GC(3777) Eden regions: 908->0(63)
[2025-01-07T21:22:24.629+0000][89814.995s][info][gc,heap     ] GC(3777) Survivor regions: 13->13(116)
[2025-01-07T21:22:24.629+0000][89814.995s][info][gc,heap     ] GC(3777) Old regions: 236->236
[2025-01-07T21:22:24.629+0000][89814.995s][info][gc,heap     ] GC(3777) Archive regions: 2->2
[2025-01-07T21:22:24.629+0000][89814.995s][info][gc,heap     ] GC(3777) Humongous regions: 49->49
[2025-01-07T21:22:24.629+0000][89814.995s][info][gc,metaspace] GC(3777) Metaspace: 498946K(507200K)->498946K(507200K) NonClass: 438359K(442560K)->438359K(442560K) Class: 60587K(64640K)->60587K(64640K)
[2025-01-07T21:22:24.629+0000][89814.995s][info][gc          ] GC(3777) Pause Young (Prepare Mixed) (G1 Evacuation Pause) 9654M->2384M(12288M) 41.212ms
[2025-01-07T21:22:24.629+0000][89814.995s][info][gc,cpu      ] GC(3777) User=0.24s Sys=0.00s Real=0.04s
[2025-01-07T21:22:25.086+0000][89815.452s][info][gc,start    ] GC(3778) Pause Young (Mixed) (G1 Evacuation Pause)
[2025-01-07T21:22:25.086+0000][89815.452s][info][gc,task     ] GC(3778) Using 6 workers of 6 for evacuation
[2025-01-07T21:22:25.155+0000][89815.521s][info][gc,phases   ] GC(3778)   Pre Evacuate Collection Set: 0.2ms
[2025-01-07T21:22:25.155+0000][89815.521s][info][gc,phases   ] GC(3778)   Merge Heap Roots: 0.7ms
[2025-01-07T21:22:25.155+0000][89815.521s][info][gc,phases   ] GC(3778)   Evacuate Collection Set: 66.3ms
[2025-01-07T21:22:25.155+0000][89815.521s][info][gc,phases   ] GC(3778)   Post Evacuate Collection Set: 1.7ms
[2025-01-07T21:22:25.155+0000][89815.521s][info][gc,phases   ] GC(3778)   Other: 0.2ms
[2025-01-07T21:22:25.155+0000][89815.521s][info][gc,heap     ] GC(3778) Eden regions: 63->0(917)
[2025-01-07T21:22:25.155+0000][89815.521s][info][gc,heap     ] GC(3778) Survivor regions: 13->4(10)
[2025-01-07T21:22:25.155+0000][89815.521s][info][gc,heap     ] GC(3778) Old regions: 236->239
[2025-01-07T21:22:25.155+0000][89815.521s][info][gc,heap     ] GC(3778) Archive regions: 2->2
[2025-01-07T21:22:25.155+0000][89815.521s][info][gc,heap     ] GC(3778) Humongous regions: 49->49
[2025-01-07T21:22:25.155+0000][89815.521s][info][gc,metaspace] GC(3778) Metaspace: 498946K(507200K)->498946K(507200K) NonClass: 438359K(442560K)->438359K(442560K) Class: 60587K(64640K)->60587K(64640K)
[2025-01-07T21:22:25.155+0000][89815.521s][info][gc          ] GC(3778) Pause Young (Mixed) (G1 Evacuation Pause) 2888M->2334M(12288M) 69.202ms
[2025-01-07T21:22:25.155+0000][89815.521s][info][gc,cpu      ] GC(3778) User=0.39s Sys=0.00s Real=0.07s
[2025-01-07T21:22:33.498+0000][89823.864s][info][gc,start    ] GC(3779) Pause Young (Normal) (G1 Evacuation Pause)
[2025-01-07T21:22:33.498+0000][89823.864s][info][gc,task     ] GC(3779) Using 6 workers of 6 for evacuation
[2025-01-07T21:22:33.524+0000][89823.890s][info][gc,phases   ] GC(3779)   Pre Evacuate Collection Set: 0.2ms
[2025-01-07T21:22:33.524+0000][89823.890s][info][gc,phases   ] GC(3779)   Merge Heap Roots: 0.4ms
[2025-01-07T21:22:33.524+0000][89823.890s][info][gc,phases   ] GC(3779)   Evacuate Collection Set: 20.8ms
[2025-01-07T21:22:33.524+0000][89823.890s][info][gc,phases   ] GC(3779)   Post Evacuate Collection Set: 3.8ms
[2025-01-07T21:22:33.524+0000][89823.890s][info][gc,phases   ] GC(3779)   Other: 0.2ms
[2025-01-07T21:22:33.524+0000][89823.890s][info][gc,heap     ] GC(3779) Eden regions: 917->0(915)
[2025-01-07T21:22:33.524+0000][89823.890s][info][gc,heap     ] GC(3779) Survivor regions: 4->6(116)
[2025-01-07T21:22:33.524+0000][89823.890s][info][gc,heap     ] GC(3779) Old regions: 239->239
[2025-01-07T21:22:33.524+0000][89823.890s][info][gc,heap     ] GC(3779) Archive regions: 2->2
[2025-01-07T21:22:33.524+0000][89823.890s][info][gc,heap     ] GC(3779) Humongous regions: 49->49
[2025-01-07T21:22:33.524+0000][89823.890s][info][gc,metaspace] GC(3779) Metaspace: 498946K(507200K)->498946K(507200K) NonClass: 438359K(442560K)->438359K(442560K) Class: 60587K(64640K)->60587K(64640K)
[2025-01-07T21:22:33.524+0000][89823.890s][info][gc          ] GC(3779) Pause Young (Normal) (G1 Evacuation Pause) 9670M->2352M(12288M) 25.456ms
[2025-01-07T21:22:33.524+0000][89823.890s][info][gc,cpu      ] GC(3779) User=0.14s Sys=0.00s Real=0.03s
[2025-01-07T21:22:45.440+0000][89835.806s][info][gc,start    ] GC(3780) Pause Young (Normal) (G1 Evacuation Pause)
[2025-01-07T21:22:45.440+0000][89835.806s][info][gc,task     ] GC(3780) Using 6 workers of 6 for evacuation
[2025-01-07T21:22:45.470+0000][89835.836s][info][gc,phases   ] GC(3780)   Pre Evacuate Collection Set: 0.2ms
[2025-01-07T21:22:45.470+0000][89835.836s][info][gc,phases   ] GC(3780)   Merge Heap Roots: 0.4ms
[2025-01-07T21:22:45.470+0000][89835.836s][info][gc,phases   ] GC(3780)   Evacuate Collection Set: 26.3ms
[2025-01-07T21:22:45.470+0000][89835.836s][info][gc,phases   ] GC(3780)   Post Evacuate Collection Set: 2.8ms
[2025-01-07T21:22:45.470+0000][89835.836s][info][gc,phases   ] GC(3780)   Other: 0.2ms
[2025-01-07T21:22:45.470+0000][89835.836s][info][gc,heap     ] GC(3780) Eden regions: 915->0(914)
[2025-01-07T21:22:45.470+0000][89835.836s][info][gc,heap     ] GC(3780) Survivor regions: 6->7(116)
[2025-01-07T21:22:45.470+0000][89835.836s][info][gc,heap     ] GC(3780) Old regions: 239->239
[2025-01-07T21:22:45.470+0000][89835.836s][info][gc,heap     ] GC(3780) Archive regions: 2->2
[2025-01-07T21:22:45.470+0000][89835.836s][info][gc,heap     ] GC(3780) Humongous regions: 49->49
[2025-01-07T21:22:45.470+0000][89835.836s][info][gc,metaspace] GC(3780) Metaspace: 498946K(507200K)->498946K(507200K) NonClass: 438359K(442560K)->438359K(442560K) Class: 60587K(64640K)->60587K(64640K)
[2025-01-07T21:22:45.470+0000][89835.836s][info][gc          ] GC(3780) Pause Young (Normal) (G1 Evacuation Pause) 9672M->2359M(12288M) 29.946ms
[2025-01-07T21:22:45.470+0000][89835.836s][info][gc,cpu      ] GC(3780) User=0.17s Sys=0.00s Real=0.04s
[2025-01-07T21:22:56.177+0000][89846.543s][info][gc,start    ] GC(3781) Pause Young (Concurrent Start) (G1 Evacuation Pause)
[2025-01-07T21:22:56.177+0000][89846.543s][info][gc,task     ] GC(3781) Using 6 workers of 6 for evacuation
[2025-01-07T21:22:56.209+0000][89846.575s][info][gc,phases   ] GC(3781)   Pre Evacuate Collection Set: 1.0ms
[2025-01-07T21:22:56.209+0000][89846.575s][info][gc,phases   ] GC(3781)   Merge Heap Roots: 0.5ms
[2025-01-07T21:22:56.209+0000][89846.575s][info][gc,phases   ] GC(3781)   Evacuate Collection Set: 27.8ms
[2025-01-07T21:22:56.209+0000][89846.575s][info][gc,phases   ] GC(3781)   Post Evacuate Collection Set: 2.6ms
[2025-01-07T21:22:56.209+0000][89846.575s][info][gc,phases   ] GC(3781)   Other: 0.3ms
[2025-01-07T21:22:56.209+0000][89846.575s][info][gc,heap     ] GC(3781) Eden regions: 914->0(913)
[2025-01-07T21:22:56.209+0000][89846.575s][info][gc,heap     ] GC(3781) Survivor regions: 7->8(116)
[2025-01-07T21:22:56.209+0000][89846.575s][info][gc,heap     ] GC(3781) Old regions: 239->239
[2025-01-07T21:22:56.209+0000][89846.575s][info][gc,heap     ] GC(3781) Archive regions: 2->2
[2025-01-07T21:22:56.209+0000][89846.575s][info][gc,heap     ] GC(3781) Humongous regions: 49->49
[2025-01-07T21:22:56.209+0000][89846.575s][info][gc,metaspace] GC(3781) Metaspace: 498946K(507200K)->498946K(507200K) NonClass: 438359K(442560K)->438359K(442560K) Class: 60587K(64640K)->60587K(64640K)
[2025-01-07T21:22:56.209+0000][89846.575s][info][gc          ] GC(3781) Pause Young (Concurrent Start) (G1 Evacuation Pause) 9671M->2366M(12288M) 32.146ms
[2025-01-07T21:22:56.209+0000][89846.575s][info][gc,cpu      ] GC(3781) User=0.19s Sys=0.00s Real=0.03s
[2025-01-07T21:22:56.209+0000][89846.575s][info][gc          ] GC(3782) Concurrent Mark Cycle
[2025-01-07T21:22:56.209+0000][89846.575s][info][gc,marking  ] GC(3782) Concurrent Clear Claimed Marks
[2025-01-07T21:22:56.210+0000][89846.576s][info][gc,marking  ] GC(3782) Concurrent Clear Claimed Marks 0.816ms
[2025-01-07T21:22:56.210+0000][89846.576s][info][gc,marking  ] GC(3782) Concurrent Scan Root Regions
[2025-01-07T21:22:56.235+0000][89846.602s][info][gc,marking  ] GC(3782) Concurrent Scan Root Regions 25.259ms
[2025-01-07T21:22:56.235+0000][89846.602s][info][gc,marking  ] GC(3782) Concurrent Mark
[2025-01-07T21:22:56.235+0000][89846.602s][info][gc,marking  ] GC(3782) Concurrent Mark From Roots
[2025-01-07T21:22:56.236+0000][89846.602s][info][gc,task     ] GC(3782) Using 2 workers of 2 for marking
[2025-01-07T21:22:57.080+0000][89847.446s][info][gc,marking  ] GC(3782) Concurrent Mark From Roots 844.610ms
[2025-01-07T21:22:57.080+0000][89847.446s][info][gc,marking  ] GC(3782) Concurrent Preclean
[2025-01-07T21:22:57.082+0000][89847.448s][info][gc,marking  ] GC(3782) Concurrent Preclean 1.981ms
[2025-01-07T21:22:57.082+0000][89847.448s][info][gc,start    ] GC(3782) Pause Remark
[2025-01-07T21:22:57.108+0000][89847.474s][info][gc          ] GC(3782) Pause Remark 3182M->3182M(12288M) 25.766ms
[2025-01-07T21:22:57.108+0000][89847.474s][info][gc,cpu      ] GC(3782) User=0.15s Sys=0.00s Real=0.02s
[2025-01-07T21:22:57.108+0000][89847.474s][info][gc,marking  ] GC(3782) Concurrent Mark 872.723ms
[2025-01-07T21:22:57.108+0000][89847.474s][info][gc,marking  ] GC(3782) Concurrent Rebuild Remembered Sets
[2025-01-07T21:22:57.704+0000][89848.070s][info][gc,marking  ] GC(3782) Concurrent Rebuild Remembered Sets 595.974ms
[2025-01-07T21:22:57.704+0000][89848.070s][info][gc,start    ] GC(3782) Pause Cleanup
[2025-01-07T21:22:57.705+0000][89848.071s][info][gc          ] GC(3782) Pause Cleanup 3910M->3910M(12288M) 0.435ms
[2025-01-07T21:22:57.705+0000][89848.071s][info][gc,cpu      ] GC(3782) User=0.00s Sys=0.00s Real=0.00s
[2025-01-07T21:22:57.705+0000][89848.071s][info][gc,marking  ] GC(3782) Concurrent Cleanup for Next Mark
[2025-01-07T21:22:57.721+0000][89848.087s][info][gc,marking  ] GC(3782) Concurrent Cleanup for Next Mark 15.769ms
[2025-01-07T21:22:57.721+0000][89848.087s][info][gc          ] GC(3782) Concurrent Mark Cycle 1511.393ms
[2025-01-07T21:23:03.395+0000][89853.761s][info][gc,start    ] GC(3783) Pause Young (Prepare Mixed) (G1 Evacuation Pause)
[2025-01-07T21:23:03.395+0000][89853.761s][info][gc,task     ] GC(3783) Using 6 workers of 6 for evacuation
[2025-01-07T21:23:03.433+0000][89853.799s][info][gc,phases   ] GC(3783)   Pre Evacuate Collection Set: 0.2ms
[2025-01-07T21:23:03.433+0000][89853.799s][info][gc,phases   ] GC(3783)   Merge Heap Roots: 0.7ms
[2025-01-07T21:23:03.433+0000][89853.799s][info][gc,phases   ] GC(3783)   Evacuate Collection Set: 33.8ms
[2025-01-07T21:23:03.433+0000][89853.799s][info][gc,phases   ] GC(3783)   Post Evacuate Collection Set: 2.7ms
[2025-01-07T21:23:03.433+0000][89853.799s][info][gc,phases   ] GC(3783)   Other: 0.2ms
[2025-01-07T21:23:03.433+0000][89853.799s][info][gc,heap     ] GC(3783) Eden regions: 913->0(66)
[2025-01-07T21:23:03.433+0000][89853.799s][info][gc,heap     ] GC(3783) Survivor regions: 8->10(116)
[2025-01-07T21:23:03.433+0000][89853.799s][info][gc,heap     ] GC(3783) Old regions: 239->239
[2025-01-07T21:23:03.433+0000][89853.799s][info][gc,heap     ] GC(3783) Archive regions: 2->2
[2025-01-07T21:23:03.433+0000][89853.799s][info][gc,heap     ] GC(3783) Humongous regions: 49->49
[2025-01-07T21:23:03.433+0000][89853.799s][info][gc,metaspace] GC(3783) Metaspace: 498946K(507200K)->498946K(507200K) NonClass: 438359K(442560K)->438359K(442560K) Class: 60587K(64640K)->60587K(64640K)
[2025-01-07T21:23:03.433+0000][89853.799s][info][gc          ] GC(3783) Pause Young (Prepare Mixed) (G1 Evacuation Pause) 9670M->2382M(12288M) 37.692ms
[2025-01-07T21:23:03.433+0000][89853.799s][info][gc,cpu      ] GC(3783) User=0.22s Sys=0.00s Real=0.04s
[2025-01-07T21:23:03.829+0000][89854.195s][info][gc,start    ] GC(3784) Pause Young (Mixed) (G1 Evacuation Pause)
[2025-01-07T21:23:03.829+0000][89854.195s][info][gc,task     ] GC(3784) Using 6 workers of 6 for evacuation
[2025-01-07T21:23:03.885+0000][89854.251s][info][gc,phases   ] GC(3784)   Pre Evacuate Collection Set: 0.2ms
[2025-01-07T21:23:03.885+0000][89854.251s][info][gc,phases   ] GC(3784)   Merge Heap Roots: 0.7ms
[2025-01-07T21:23:03.885+0000][89854.251s][info][gc,phases   ] GC(3784)   Evacuate Collection Set: 53.3ms
[2025-01-07T21:23:03.885+0000][89854.251s][info][gc,phases   ] GC(3784)   Post Evacuate Collection Set: 1.6ms
[2025-01-07T21:23:03.885+0000][89854.251s][info][gc,phases   ] GC(3784)   Other: 0.2ms
[2025-01-07T21:23:03.885+0000][89854.251s][info][gc,heap     ] GC(3784) Eden regions: 66->0(917)
[2025-01-07T21:23:03.885+0000][89854.251s][info][gc,heap     ] GC(3784) Survivor regions: 10->4(10)
[2025-01-07T21:23:03.885+0000][89854.251s][info][gc,heap     ] GC(3784) Old regions: 239->239
[2025-01-07T21:23:03.885+0000][89854.251s][info][gc,heap     ] GC(3784) Archive regions: 2->2
[2025-01-07T21:23:03.885+0000][89854.251s][info][gc,heap     ] GC(3784) Humongous regions: 49->49
[2025-01-07T21:23:03.885+0000][89854.251s][info][gc,metaspace] GC(3784) Metaspace: 498946K(507200K)->498946K(507200K) NonClass: 438359K(442560K)->438359K(442560K) Class: 60587K(64640K)->60587K(64640K)
[2025-01-07T21:23:03.885+0000][89854.251s][info][gc          ] GC(3784) Pause Young (Mixed) (G1 Evacuation Pause) 2910M->2334M(12288M) 56.089ms
[2025-01-07T21:23:03.885+0000][89854.252s][info][gc,cpu      ] GC(3784) User=0.32s Sys=0.00s Real=0.06s
[2025-01-07T21:23:10.609+0000][89860.975s][info][gc,start    ] GC(3785) Pause Young (Normal) (G1 Evacuation Pause)
[2025-01-07T21:23:10.609+0000][89860.975s][info][gc,task     ] GC(3785) Using 6 workers of 6 for evacuation
[2025-01-07T21:23:10.631+0000][89860.997s][info][gc,phases   ] GC(3785)   Pre Evacuate Collection Set: 0.2ms
[2025-01-07T21:23:10.631+0000][89860.997s][info][gc,phases   ] GC(3785)   Merge Heap Roots: 0.4ms
[2025-01-07T21:23:10.631+0000][89860.997s][info][gc,phases   ] GC(3785)   Evacuate Collection Set: 18.5ms
[2025-01-07T21:23:10.631+0000][89860.997s][info][gc,phases   ] GC(3785)   Post Evacuate Collection Set: 2.5ms
[2025-01-07T21:23:10.631+0000][89860.997s][info][gc,phases   ] GC(3785)   Other: 0.2ms
[2025-01-07T21:23:10.631+0000][89860.997s][info][gc,heap     ] GC(3785) Eden regions: 917->0(916)
[2025-01-07T21:23:10.631+0000][89860.997s][info][gc,heap     ] GC(3785) Survivor regions: 4->5(116)
[2025-01-07T21:23:10.631+0000][89860.997s][info][gc,heap     ] GC(3785) Old regions: 239->239
[2025-01-07T21:23:10.631+0000][89860.997s][info][gc,heap     ] GC(3785) Archive regions: 2->2
[2025-01-07T21:23:10.631+0000][89860.997s][info][gc,heap     ] GC(3785) Humongous regions: 49->49
[2025-01-07T21:23:10.631+0000][89860.997s][info][gc,metaspace] GC(3785) Metaspace: 498946K(507200K)->498946K(507200K) NonClass: 438359K(442560K)->438359K(442560K) Class: 60587K(64640K)->60587K(64640K)
[2025-01-07T21:23:10.631+0000][89860.997s][info][gc          ] GC(3785) Pause Young (Normal) (G1 Evacuation Pause) 9670M->2342M(12288M) 21.921ms
[2025-01-07T21:23:10.631+0000][89860.997s][info][gc,cpu      ] GC(3785) User=0.12s Sys=0.00s Real=0.03s
[2025-01-07T21:23:18.451+0000][89868.817s][info][gc,start    ] GC(3786) Pause Young (Normal) (G1 Evacuation Pause)
[2025-01-07T21:23:18.451+0000][89868.817s][info][gc,task     ] GC(3786) Using 6 workers of 6 for evacuation
[2025-01-07T21:23:18.478+0000][89868.844s][info][gc,phases   ] GC(3786)   Pre Evacuate Collection Set: 0.2ms
[2025-01-07T21:23:18.478+0000][89868.844s][info][gc,phases   ] GC(3786)   Merge Heap Roots: 0.4ms
[2025-01-07T21:23:18.478+0000][89868.844s][info][gc,phases   ] GC(3786)   Evacuate Collection Set: 20.9ms
[2025-01-07T21:23:18.478+0000][89868.844s][info][gc,phases   ] GC(3786)   Post Evacuate Collection Set: 5.2ms
[2025-01-07T21:23:18.478+0000][89868.844s][info][gc,phases   ] GC(3786)   Other: 0.2ms
[2025-01-07T21:23:18.478+0000][89868.844s][info][gc,heap     ] GC(3786) Eden regions: 916->0(914)
[2025-01-07T21:23:18.478+0000][89868.844s][info][gc,heap     ] GC(3786) Survivor regions: 5->7(116)
[2025-01-07T21:23:18.478+0000][89868.844s][info][gc,heap     ] GC(3786) Old regions: 239->239
[2025-01-07T21:23:18.478+0000][89868.844s][info][gc,heap     ] GC(3786) Archive regions: 2->2
[2025-01-07T21:23:18.478+0000][89868.844s][info][gc,heap     ] GC(3786) Humongous regions: 49->49
[2025-01-07T21:23:18.478+0000][89868.844s][info][gc,metaspace] GC(3786) Metaspace: 498946K(507200K)->498946K(507200K) NonClass: 438359K(442560K)->438359K(442560K) Class: 60587K(64640K)->60587K(64640K)
[2025-01-07T21:23:18.478+0000][89868.844s][info][gc          ] GC(3786) Pause Young (Normal) (G1 Evacuation Pause) 9670M->2361M(12288M) 27.006ms
[2025-01-07T21:23:18.478+0000][89868.844s][info][gc,cpu      ] GC(3786) User=0.16s Sys=0.00s Real=0.02s
[2025-01-07T21:23:28.221+0000][89878.587s][info][gc,start    ] GC(3787) Pause Young (Concurrent Start) (G1 Evacuation Pause)
[2025-01-07T21:23:28.221+0000][89878.587s][info][gc,task     ] GC(3787) Using 6 workers of 6 for evacuation
[2025-01-07T21:23:28.255+0000][89878.621s][info][gc,phases   ] GC(3787)   Pre Evacuate Collection Set: 1.0ms
[2025-01-07T21:23:28.255+0000][89878.621s][info][gc,phases   ] GC(3787)   Merge Heap Roots: 0.5ms
[2025-01-07T21:23:28.255+0000][89878.621s][info][gc,phases   ] GC(3787)   Evacuate Collection Set: 28.7ms
[2025-01-07T21:23:28.255+0000][89878.621s][info][gc,phases   ] GC(3787)   Post Evacuate Collection Set: 3.6ms
[2025-01-07T21:23:28.255+0000][89878.621s][info][gc,phases   ] GC(3787)   Other: 0.3ms
[2025-01-07T21:23:28.255+0000][89878.621s][info][gc,heap     ] GC(3787) Eden regions: 914->0(910)
[2025-01-07T21:23:28.255+0000][89878.621s][info][gc,heap     ] GC(3787) Survivor regions: 7->10(116)
[2025-01-07T21:23:28.255+0000][89878.621s][info][gc,heap     ] GC(3787) Old regions: 239->239
[2025-01-07T21:23:28.255+0000][89878.621s][info][gc,heap     ] GC(3787) Archive regions: 2->2
[2025-01-07T21:23:28.255+0000][89878.621s][info][gc,heap     ] GC(3787) Humongous regions: 49->49
[2025-01-07T21:23:28.255+0000][89878.621s][info][gc,metaspace] GC(3787) Metaspace: 498946K(507200K)->498946K(507200K) NonClass: 438359K(442560K)->438359K(442560K) Class: 60587K(64640K)->60587K(64640K)
[2025-01-07T21:23:28.255+0000][89878.621s][info][gc          ] GC(3787) Pause Young (Concurrent Start) (G1 Evacuation Pause) 9673M->2384M(12288M) 34.123ms
[2025-01-07T21:23:28.255+0000][89878.621s][info][gc,cpu      ] GC(3787) User=0.19s Sys=0.00s Real=0.04s
[2025-01-07T21:23:28.255+0000][89878.621s][info][gc          ] GC(3788) Concurrent Mark Cycle
[2025-01-07T21:23:28.255+0000][89878.621s][info][gc,marking  ] GC(3788) Concurrent Clear Claimed Marks
[2025-01-07T21:23:28.256+0000][89878.622s][info][gc,marking  ] GC(3788) Concurrent Clear Claimed Marks 0.824ms
[2025-01-07T21:23:28.256+0000][89878.622s][info][gc,marking  ] GC(3788) Concurrent Scan Root Regions
[2025-01-07T21:23:28.276+0000][89878.642s][info][gc,marking  ] GC(3788) Concurrent Scan Root Regions 19.913ms
[2025-01-07T21:23:28.276+0000][89878.642s][info][gc,marking  ] GC(3788) Concurrent Mark
[2025-01-07T21:23:28.276+0000][89878.642s][info][gc,marking  ] GC(3788) Concurrent Mark From Roots
[2025-01-07T21:23:28.276+0000][89878.642s][info][gc,task     ] GC(3788) Using 2 workers of 2 for marking
[2025-01-07T21:23:29.039+0000][89879.405s][info][gc,marking  ] GC(3788) Concurrent Mark From Roots 763.749ms
[2025-01-07T21:23:29.039+0000][89879.406s][info][gc,marking  ] GC(3788) Concurrent Preclean
[2025-01-07T21:23:29.042+0000][89879.408s][info][gc,marking  ] GC(3788) Concurrent Preclean 2.138ms
[2025-01-07T21:23:29.042+0000][89879.408s][info][gc,start    ] GC(3788) Pause Remark
[2025-01-07T21:23:29.070+0000][89879.436s][info][gc          ] GC(3788) Pause Remark 2544M->2544M(12288M) 28.072ms
[2025-01-07T21:23:29.070+0000][89879.436s][info][gc,cpu      ] GC(3788) User=0.16s Sys=0.00s Real=0.03s
[2025-01-07T21:23:29.070+0000][89879.436s][info][gc,marking  ] GC(3788) Concurrent Mark 794.293ms
[2025-01-07T21:23:29.070+0000][89879.436s][info][gc,marking  ] GC(3788) Concurrent Rebuild Remembered Sets
[2025-01-07T21:23:29.626+0000][89879.992s][info][gc,marking  ] GC(3788) Concurrent Rebuild Remembered Sets 555.851ms
[2025-01-07T21:23:29.626+0000][89879.992s][info][gc,start    ] GC(3788) Pause Cleanup
[2025-01-07T21:23:29.626+0000][89879.992s][info][gc          ] GC(3788) Pause Cleanup 2940M->2940M(12288M) 0.424ms
[2025-01-07T21:23:29.626+0000][89879.993s][info][gc,cpu      ] GC(3788) User=0.00s Sys=0.00s Real=0.00s
[2025-01-07T21:23:29.626+0000][89879.993s][info][gc,marking  ] GC(3788) Concurrent Cleanup for Next Mark
[2025-01-07T21:23:29.642+0000][89880.008s][info][gc,marking  ] GC(3788) Concurrent Cleanup for Next Mark 15.816ms
[2025-01-07T21:23:29.642+0000][89880.008s][info][gc          ] GC(3788) Concurrent Mark Cycle 1387.534ms
[2025-01-07T21:23:39.403+0000][89889.769s][info][gc,start    ] GC(3789) Pause Young (Prepare Mixed) (G1 Evacuation Pause)
[2025-01-07T21:23:39.403+0000][89889.769s][info][gc,task     ] GC(3789) Using 6 workers of 6 for evacuation
[2025-01-07T21:23:39.440+0000][89889.806s][info][gc,phases   ] GC(3789)   Pre Evacuate Collection Set: 0.2ms
[2025-01-07T21:23:39.440+0000][89889.806s][info][gc,phases   ] GC(3789)   Merge Heap Roots: 0.6ms
[2025-01-07T21:23:39.440+0000][89889.806s][info][gc,phases   ] GC(3789)   Evacuate Collection Set: 31.9ms
[2025-01-07T21:23:39.440+0000][89889.806s][info][gc,phases   ] GC(3789)   Post Evacuate Collection Set: 3.4ms
[2025-01-07T21:23:39.440+0000][89889.806s][info][gc,phases   ] GC(3789)   Other: 0.2ms
[2025-01-07T21:23:39.440+0000][89889.806s][info][gc,heap     ] GC(3789) Eden regions: 910->0(65)
[2025-01-07T21:23:39.440+0000][89889.806s][info][gc,heap     ] GC(3789) Survivor regions: 10->11(115)
[2025-01-07T21:23:39.440+0000][89889.806s][info][gc,heap     ] GC(3789) Old regions: 239->239
[2025-01-07T21:23:39.440+0000][89889.806s][info][gc,heap     ] GC(3789) Archive regions: 2->2
[2025-01-07T21:23:39.440+0000][89889.806s][info][gc,heap     ] GC(3789) Humongous regions: 49->49
[2025-01-07T21:23:39.440+0000][89889.806s][info][gc,metaspace] GC(3789) Metaspace: 498946K(507200K)->498946K(507200K) NonClass: 438359K(442560K)->438359K(442560K) Class: 60587K(64640K)->60587K(64640K)
[2025-01-07T21:23:39.440+0000][89889.806s][info][gc          ] GC(3789) Pause Young (Prepare Mixed) (G1 Evacuation Pause) 9664M->2388M(12288M) 36.473ms
[2025-01-07T21:23:39.440+0000][89889.806s][info][gc,cpu      ] GC(3789) User=0.22s Sys=0.00s Real=0.03s
[2025-01-07T21:23:39.799+0000][89890.165s][info][gc,start    ] GC(3790) Pause Young (Mixed) (G1 Evacuation Pause)
[2025-01-07T21:23:39.799+0000][89890.165s][info][gc,task     ] GC(3790) Using 6 workers of 6 for evacuation
[2025-01-07T21:23:39.848+0000][89890.214s][info][gc,phases   ] GC(3790)   Pre Evacuate Collection Set: 0.2ms
[2025-01-07T21:23:39.848+0000][89890.214s][info][gc,phases   ] GC(3790)   Merge Heap Roots: 0.5ms
[2025-01-07T21:23:39.848+0000][89890.214s][info][gc,phases   ] GC(3790)   Evacuate Collection Set: 46.6ms
[2025-01-07T21:23:39.848+0000][89890.214s][info][gc,phases   ] GC(3790)   Post Evacuate Collection Set: 1.6ms
[2025-01-07T21:23:39.848+0000][89890.214s][info][gc,phases   ] GC(3790)   Other: 0.2ms
[2025-01-07T21:23:39.848+0000][89890.214s][info][gc,heap     ] GC(3790) Eden regions: 65->0(914)
[2025-01-07T21:23:39.848+0000][89890.214s][info][gc,heap     ] GC(3790) Survivor regions: 11->5(10)
[2025-01-07T21:23:39.848+0000][89890.214s][info][gc,heap     ] GC(3790) Old regions: 239->240
[2025-01-07T21:23:39.848+0000][89890.214s][info][gc,heap     ] GC(3790) Archive regions: 2->2
[2025-01-07T21:23:39.848+0000][89890.214s][info][gc,heap     ] GC(3790) Humongous regions: 49->49
[2025-01-07T21:23:39.848+0000][89890.214s][info][gc,metaspace] GC(3790) Metaspace: 498946K(507200K)->498946K(507200K) NonClass: 438359K(442560K)->438359K(442560K) Class: 60587K(64640K)->60587K(64640K)
[2025-01-07T21:23:39.848+0000][89890.214s][info][gc          ] GC(3790) Pause Young (Mixed) (G1 Evacuation Pause) 2908M->2357M(12288M) 49.055ms
[2025-01-07T21:23:39.848+0000][89890.214s][info][gc,cpu      ] GC(3790) User=0.28s Sys=0.00s Real=0.05s
[2025-01-07T21:24:24.971+0000][89935.337s][info][gc,start    ] GC(3791) Pause Young (Normal) (G1 Evacuation Pause)
[2025-01-07T21:24:24.971+0000][89935.337s][info][gc,task     ] GC(3791) Using 6 workers of 6 for evacuation
[2025-01-07T21:24:24.991+0000][89935.357s][info][gc,phases   ] GC(3791)   Pre Evacuate Collection Set: 0.2ms
[2025-01-07T21:24:24.991+0000][89935.357s][info][gc,phases   ] GC(3791)   Merge Heap Roots: 0.4ms
[2025-01-07T21:24:24.991+0000][89935.357s][info][gc,phases   ] GC(3791)   Evacuate Collection Set: 16.4ms
[2025-01-07T21:24:24.991+0000][89935.357s][info][gc,phases   ] GC(3791)   Post Evacuate Collection Set: 2.4ms
[2025-01-07T21:24:24.991+0000][89935.357s][info][gc,phases   ] GC(3791)   Other: 0.2ms
[2025-01-07T21:24:24.991+0000][89935.357s][info][gc,heap     ] GC(3791) Eden regions: 914->0(917)
[2025-01-07T21:24:24.991+0000][89935.357s][info][gc,heap     ] GC(3791) Survivor regions: 5->4(115)
[2025-01-07T21:24:24.991+0000][89935.357s][info][gc,heap     ] GC(3791) Old regions: 240->240
[2025-01-07T21:24:24.991+0000][89935.357s][info][gc,heap     ] GC(3791) Archive regions: 2->2
[2025-01-07T21:24:24.991+0000][89935.357s][info][gc,heap     ] GC(3791) Humongous regions: 49->49
[2025-01-07T21:24:24.991+0000][89935.357s][info][gc,metaspace] GC(3791) Metaspace: 498946K(507200K)->498946K(507200K) NonClass: 438359K(442560K)->438359K(442560K) Class: 60587K(64640K)->60587K(64640K)
[2025-01-07T21:24:24.991+0000][89935.357s][info][gc          ] GC(3791) Pause Young (Normal) (G1 Evacuation Pause) 9669M->2348M(12288M) 19.749ms
[2025-01-07T21:24:24.991+0000][89935.357s][info][gc,cpu      ] GC(3791) User=0.11s Sys=0.01s Real=0.02s
[2025-01-07T22:10:37.559+0000][92707.925s][info][gc,start    ] GC(3792) Pause Young (Normal) (G1 Evacuation Pause)
[2025-01-07T22:10:37.559+0000][92707.925s][info][gc,task     ] GC(3792) Using 6 workers of 6 for evacuation
[2025-01-07T22:10:37.585+0000][92707.951s][info][gc,phases   ] GC(3792)   Pre Evacuate Collection Set: 0.2ms
[2025-01-07T22:10:37.585+0000][92707.951s][info][gc,phases   ] GC(3792)   Merge Heap Roots: 0.5ms
[2025-01-07T22:10:37.585+0000][92707.951s][info][gc,phases   ] GC(3792)   Evacuate Collection Set: 21.4ms
[2025-01-07T22:10:37.585+0000][92707.951s][info][gc,phases   ] GC(3792)   Post Evacuate Collection Set: 3.8ms
[2025-01-07T22:10:37.585+0000][92707.951s][info][gc,phases   ] GC(3792)   Other: 0.2ms
[2025-01-07T22:10:37.585+0000][92707.951s][info][gc,heap     ] GC(3792) Eden regions: 917->0(915)
[2025-01-07T22:10:37.585+0000][92707.951s][info][gc,heap     ] GC(3792) Survivor regions: 4->6(116)
[2025-01-07T22:10:37.585+0000][92707.951s][info][gc,heap     ] GC(3792) Old regions: 240->240
[2025-01-07T22:10:37.585+0000][92707.951s][info][gc,heap     ] GC(3792) Archive regions: 2->2
[2025-01-07T22:10:37.585+0000][92707.951s][info][gc,heap     ] GC(3792) Humongous regions: 49->49
[2025-01-07T22:10:37.585+0000][92707.951s][info][gc,metaspace] GC(3792) Metaspace: 498948K(507200K)->498948K(507200K) NonClass: 438361K(442560K)->438361K(442560K) Class: 60587K(64640K)->60587K(64640K)
[2025-01-07T22:10:37.585+0000][92707.951s][info][gc          ] GC(3792) Pause Young (Normal) (G1 Evacuation Pause) 9684M->2364M(12288M) 26.103ms
[2025-01-07T22:10:37.585+0000][92707.951s][info][gc,cpu      ] GC(3792) User=0.15s Sys=0.00s Real=0.03s
[2025-01-07T23:29:11.209+0000][97421.575s][info][gc,start    ] GC(3793) Pause Young (Concurrent Start) (G1 Evacuation Pause)
[2025-01-07T23:29:11.209+0000][97421.575s][info][gc,task     ] GC(3793) Using 6 workers of 6 for evacuation
[2025-01-07T23:29:11.243+0000][97421.609s][info][gc,phases   ] GC(3793)   Pre Evacuate Collection Set: 1.0ms
[2025-01-07T23:29:11.243+0000][97421.609s][info][gc,phases   ] GC(3793)   Merge Heap Roots: 0.5ms
[2025-01-07T23:29:11.243+0000][97421.609s][info][gc,phases   ] GC(3793)   Evacuate Collection Set: 27.3ms
[2025-01-07T23:29:11.243+0000][97421.609s][info][gc,phases   ] GC(3793)   Post Evacuate Collection Set: 5.2ms
[2025-01-07T23:29:11.243+0000][97421.609s][info][gc,phases   ] GC(3793)   Other: 0.3ms
[2025-01-07T23:29:11.243+0000][97421.609s][info][gc,heap     ] GC(3793) Eden regions: 915->0(912)
[2025-01-07T23:29:11.243+0000][97421.609s][info][gc,heap     ] GC(3793) Survivor regions: 6->9(116)
[2025-01-07T23:29:11.243+0000][97421.609s][info][gc,heap     ] GC(3793) Old regions: 240->240
[2025-01-07T23:29:11.243+0000][97421.609s][info][gc,heap     ] GC(3793) Archive regions: 2->2
[2025-01-07T23:29:11.243+0000][97421.609s][info][gc,heap     ] GC(3793) Humongous regions: 49->49
[2025-01-07T23:29:11.243+0000][97421.609s][info][gc,metaspace] GC(3793) Metaspace: 498990K(507264K)->498990K(507264K) NonClass: 438397K(442624K)->438397K(442624K) Class: 60593K(64640K)->60593K(64640K)
[2025-01-07T23:29:11.243+0000][97421.609s][info][gc          ] GC(3793) Pause Young (Concurrent Start) (G1 Evacuation Pause) 9684M->2385M(12288M) 34.377ms
[2025-01-07T23:29:11.243+0000][97421.609s][info][gc,cpu      ] GC(3793) User=0.20s Sys=0.00s Real=0.04s
[2025-01-07T23:29:11.243+0000][97421.609s][info][gc          ] GC(3794) Concurrent Mark Cycle
[2025-01-07T23:29:11.243+0000][97421.609s][info][gc,marking  ] GC(3794) Concurrent Clear Claimed Marks
[2025-01-07T23:29:11.244+0000][97421.610s][info][gc,marking  ] GC(3794) Concurrent Clear Claimed Marks 0.750ms
[2025-01-07T23:29:11.244+0000][97421.610s][info][gc,marking  ] GC(3794) Concurrent Scan Root Regions
[2025-01-07T23:29:11.266+0000][97421.632s][info][gc,marking  ] GC(3794) Concurrent Scan Root Regions 21.852ms
[2025-01-07T23:29:11.266+0000][97421.632s][info][gc,marking  ] GC(3794) Concurrent Mark
[2025-01-07T23:29:11.266+0000][97421.632s][info][gc,marking  ] GC(3794) Concurrent Mark From Roots
[2025-01-07T23:29:11.266+0000][97421.632s][info][gc,task     ] GC(3794) Using 2 workers of 2 for marking
[2025-01-07T23:29:11.938+0000][97422.304s][info][gc,marking  ] GC(3794) Concurrent Mark From Roots 672.205ms
[2025-01-07T23:29:11.938+0000][97422.304s][info][gc,marking  ] GC(3794) Concurrent Preclean
[2025-01-07T23:29:11.940+0000][97422.307s][info][gc,marking  ] GC(3794) Concurrent Preclean 2.316ms
[2025-01-07T23:29:11.941+0000][97422.307s][info][gc,start    ] GC(3794) Pause Remark
[2025-01-07T23:29:11.996+0000][97422.362s][info][gc          ] GC(3794) Pause Remark 2388M->2388M(12288M) 55.331ms
[2025-01-07T23:29:11.996+0000][97422.362s][info][gc,cpu      ] GC(3794) User=0.30s Sys=0.00s Real=0.06s
[2025-01-07T23:29:11.996+0000][97422.362s][info][gc,marking  ] GC(3794) Concurrent Mark 730.214ms
[2025-01-07T23:29:11.996+0000][97422.362s][info][gc,marking  ] GC(3794) Concurrent Rebuild Remembered Sets
[2025-01-07T23:29:12.448+0000][97422.814s][info][gc,marking  ] GC(3794) Concurrent Rebuild Remembered Sets 451.633ms
[2025-01-07T23:29:12.448+0000][97422.814s][info][gc,start    ] GC(3794) Pause Cleanup
[2025-01-07T23:29:12.448+0000][97422.814s][info][gc          ] GC(3794) Pause Cleanup 2409M->2409M(12288M) 0.506ms
[2025-01-07T23:29:12.448+0000][97422.814s][info][gc,cpu      ] GC(3794) User=0.00s Sys=0.00s Real=0.00s
[2025-01-07T23:29:12.448+0000][97422.815s][info][gc,marking  ] GC(3794) Concurrent Cleanup for Next Mark
[2025-01-07T23:29:12.464+0000][97422.830s][info][gc,marking  ] GC(3794) Concurrent Cleanup for Next Mark 15.331ms
[2025-01-07T23:29:12.464+0000][97422.830s][info][gc          ] GC(3794) Concurrent Mark Cycle 1220.627ms
[2025-01-07T23:56:21.468+0000][99051.834s][info][gc,start    ] GC(3795) Pause Young (Prepare Mixed) (G1 Evacuation Pause)
[2025-01-07T23:56:21.468+0000][99051.834s][info][gc,task     ] GC(3795) Using 6 workers of 6 for evacuation
[2025-01-07T23:56:21.519+0000][99051.885s][info][gc,phases   ] GC(3795)   Pre Evacuate Collection Set: 0.2ms
[2025-01-07T23:56:21.519+0000][99051.885s][info][gc,phases   ] GC(3795)   Merge Heap Roots: 0.7ms
[2025-01-07T23:56:21.519+0000][99051.885s][info][gc,phases   ] GC(3795)   Evacuate Collection Set: 46.5ms
[2025-01-07T23:56:21.519+0000][99051.885s][info][gc,phases   ] GC(3795)   Post Evacuate Collection Set: 3.6ms
[2025-01-07T23:56:21.519+0000][99051.885s][info][gc,phases   ] GC(3795)   Other: 0.2ms
[2025-01-07T23:56:21.519+0000][99051.885s][info][gc,heap     ] GC(3795) Eden regions: 912->0(62)
[2025-01-07T23:56:21.519+0000][99051.886s][info][gc,heap     ] GC(3795) Survivor regions: 9->14(116)
[2025-01-07T23:56:21.519+0000][99051.886s][info][gc,heap     ] GC(3795) Old regions: 240->240
[2025-01-07T23:56:21.519+0000][99051.886s][info][gc,heap     ] GC(3795) Archive regions: 2->2
[2025-01-07T23:56:21.519+0000][99051.886s][info][gc,heap     ] GC(3795) Humongous regions: 49->49
[2025-01-07T23:56:21.519+0000][99051.886s][info][gc,metaspace] GC(3795) Metaspace: 500292K(508800K)->500292K(508800K) NonClass: 439508K(443840K)->439508K(443840K) Class: 60784K(64960K)->60784K(64960K)
[2025-01-07T23:56:21.519+0000][99051.886s][info][gc          ] GC(3795) Pause Young (Prepare Mixed) (G1 Evacuation Pause) 9681M->2427M(12288M) 51.310ms
[2025-01-07T23:56:21.519+0000][99051.886s][info][gc,cpu      ] GC(3795) User=0.30s Sys=0.00s Real=0.05s
[2025-01-07T23:56:24.356+0000][99054.722s][info][gc,start    ] GC(3796) Pause Young (Mixed) (G1 Evacuation Pause)
[2025-01-07T23:56:24.356+0000][99054.722s][info][gc,task     ] GC(3796) Using 6 workers of 6 for evacuation
[2025-01-07T23:56:24.431+0000][99054.797s][info][gc,phases   ] GC(3796)   Pre Evacuate Collection Set: 0.2ms
[2025-01-07T23:56:24.431+0000][99054.797s][info][gc,phases   ] GC(3796)   Merge Heap Roots: 0.7ms
[2025-01-07T23:56:24.431+0000][99054.797s][info][gc,phases   ] GC(3796)   Evacuate Collection Set: 72.8ms
[2025-01-07T23:56:24.431+0000][99054.797s][info][gc,phases   ] GC(3796)   Post Evacuate Collection Set: 1.6ms
[2025-01-07T23:56:24.431+0000][99054.797s][info][gc,phases   ] GC(3796)   Other: 0.2ms
[2025-01-07T23:56:24.431+0000][99054.797s][info][gc,heap     ] GC(3796) Eden regions: 62->0(914)
[2025-01-07T23:56:24.431+0000][99054.797s][info][gc,heap     ] GC(3796) Survivor regions: 14->2(10)
[2025-01-07T23:56:24.431+0000][99054.797s][info][gc,heap     ] GC(3796) Old regions: 240->241
[2025-01-07T23:56:24.431+0000][99054.797s][info][gc,heap     ] GC(3796) Archive regions: 2->2
[2025-01-07T23:56:24.431+0000][99054.797s][info][gc,heap     ] GC(3796) Humongous regions: 49->49
[2025-01-07T23:56:24.431+0000][99054.797s][info][gc,metaspace] GC(3796) Metaspace: 500355K(508864K)->500355K(508864K) NonClass: 439560K(443904K)->439560K(443904K) Class: 60794K(64960K)->60794K(64960K)
[2025-01-07T23:56:24.431+0000][99054.797s][info][gc          ] GC(3796) Pause Young (Mixed) (G1 Evacuation Pause) 2923M->2340M(12288M) 75.615ms
[2025-01-07T23:56:24.431+0000][99054.798s][info][gc,cpu      ] GC(3796) User=0.44s Sys=0.00s Real=0.08s
[2025-01-07T23:57:56.845+0000][99147.211s][info][gc,start    ] GC(3797) Pause Young (Normal) (G1 Evacuation Pause)
[2025-01-07T23:57:56.845+0000][99147.212s][info][gc,task     ] GC(3797) Using 6 workers of 6 for evacuation
[2025-01-07T23:57:56.878+0000][99147.244s][info][gc,phases   ] GC(3797)   Pre Evacuate Collection Set: 0.2ms
[2025-01-07T23:57:56.878+0000][99147.244s][info][gc,phases   ] GC(3797)   Merge Heap Roots: 0.4ms
[2025-01-07T23:57:56.878+0000][99147.244s][info][gc,phases   ] GC(3797)   Evacuate Collection Set: 28.1ms
[2025-01-07T23:57:56.878+0000][99147.244s][info][gc,phases   ] GC(3797)   Post Evacuate Collection Set: 3.6ms
[2025-01-07T23:57:56.878+0000][99147.244s][info][gc,phases   ] GC(3797)   Other: 0.2ms
[2025-01-07T23:57:56.878+0000][99147.244s][info][gc,heap     ] GC(3797) Eden regions: 914->0(910)
[2025-01-07T23:57:56.878+0000][99147.244s][info][gc,heap     ] GC(3797) Survivor regions: 2->6(115)
[2025-01-07T23:57:56.878+0000][99147.244s][info][gc,heap     ] GC(3797) Old regions: 241->241
[2025-01-07T23:57:56.878+0000][99147.244s][info][gc,heap     ] GC(3797) Archive regions: 2->2
[2025-01-07T23:57:56.878+0000][99147.244s][info][gc,heap     ] GC(3797) Humongous regions: 49->49
[2025-01-07T23:57:56.878+0000][99147.244s][info][gc,metaspace] GC(3797) Metaspace: 501286K(509824K)->501286K(509824K) NonClass: 440363K(444672K)->440363K(444672K) Class: 60923K(65152K)->60923K(65152K)
[2025-01-07T23:57:56.878+0000][99147.244s][info][gc          ] GC(3797) Pause Young (Normal) (G1 Evacuation Pause) 9652M->2365M(12288M) 32.593ms
[2025-01-07T23:57:56.878+0000][99147.244s][info][gc,cpu      ] GC(3797) User=0.19s Sys=0.00s Real=0.03s
[2025-01-08T00:00:02.066+0000][99272.432s][info][gc,start    ] GC(3798) Pause Young (Concurrent Start) (G1 Humongous Allocation)
[2025-01-08T00:00:02.066+0000][99272.432s][info][gc,task     ] GC(3798) Using 6 workers of 6 for evacuation
[2025-01-08T00:00:02.165+0000][99272.531s][info][gc,phases   ] GC(3798)   Pre Evacuate Collection Set: 1.0ms
[2025-01-08T00:00:02.165+0000][99272.531s][info][gc,phases   ] GC(3798)   Merge Heap Roots: 0.4ms
[2025-01-08T00:00:02.165+0000][99272.531s][info][gc,phases   ] GC(3798)   Evacuate Collection Set: 94.2ms
[2025-01-08T00:00:02.165+0000][99272.531s][info][gc,phases   ] GC(3798)   Post Evacuate Collection Set: 2.7ms
[2025-01-08T00:00:02.165+0000][99272.531s][info][gc,phases   ] GC(3798)   Other: 0.3ms
[2025-01-08T00:00:02.165+0000][99272.531s][info][gc,heap     ] GC(3798) Eden regions: 488->0(880)
[2025-01-08T00:00:02.165+0000][99272.531s][info][gc,heap     ] GC(3798) Survivor regions: 6->22(115)
[2025-01-08T00:00:02.165+0000][99272.531s][info][gc,heap     ] GC(3798) Old regions: 241->241
[2025-01-08T00:00:02.165+0000][99272.531s][info][gc,heap     ] GC(3798) Archive regions: 2->2
[2025-01-08T00:00:02.165+0000][99272.531s][info][gc,heap     ] GC(3798) Humongous regions: 49->49
[2025-01-08T00:00:02.165+0000][99272.531s][info][gc,metaspace] GC(3798) Metaspace: 501296K(509888K)->501296K(509888K) NonClass: 440370K(444736K)->440370K(444736K) Class: 60925K(65152K)->60925K(65152K)
[2025-01-08T00:00:02.165+0000][99272.531s][info][gc          ] GC(3798) Pause Young (Concurrent Start) (G1 Humongous Allocation) 6265M->2499M(12288M) 98.684ms
[2025-01-08T00:00:02.165+0000][99272.531s][info][gc,cpu      ] GC(3798) User=0.58s Sys=0.00s Real=0.10s
[2025-01-08T00:00:02.165+0000][99272.531s][info][gc          ] GC(3799) Concurrent Mark Cycle
[2025-01-08T00:00:02.165+0000][99272.531s][info][gc,marking  ] GC(3799) Concurrent Clear Claimed Marks
[2025-01-08T00:00:02.166+0000][99272.532s][info][gc,marking  ] GC(3799) Concurrent Clear Claimed Marks 0.942ms
[2025-01-08T00:00:02.166+0000][99272.532s][info][gc,marking  ] GC(3799) Concurrent Scan Root Regions
[2025-01-08T00:00:02.222+0000][99272.588s][info][gc,marking  ] GC(3799) Concurrent Scan Root Regions 56.066ms
[2025-01-08T00:00:02.222+0000][99272.588s][info][gc,marking  ] GC(3799) Concurrent Mark
[2025-01-08T00:00:02.222+0000][99272.588s][info][gc,marking  ] GC(3799) Concurrent Mark From Roots
[2025-01-08T00:00:02.222+0000][99272.588s][info][gc,task     ] GC(3799) Using 2 workers of 2 for marking
[2025-01-08T00:00:02.891+0000][99273.257s][info][gc,marking  ] GC(3799) Concurrent Mark From Roots 669.286ms
[2025-01-08T00:00:02.891+0000][99273.257s][info][gc,marking  ] GC(3799) Concurrent Preclean
[2025-01-08T00:00:02.893+0000][99273.259s][info][gc,marking  ] GC(3799) Concurrent Preclean 2.103ms
[2025-01-08T00:00:02.893+0000][99273.260s][info][gc,start    ] GC(3799) Pause Remark
[2025-01-08T00:00:02.954+0000][99273.320s][info][gc          ] GC(3799) Pause Remark 2567M->2567M(12288M) 60.084ms
[2025-01-08T00:00:02.954+0000][99273.320s][info][gc,cpu      ] GC(3799) User=0.32s Sys=0.01s Real=0.06s
[2025-01-08T00:00:02.954+0000][99273.320s][info][gc,marking  ] GC(3799) Concurrent Mark 731.876ms
[2025-01-08T00:00:02.954+0000][99273.320s][info][gc,marking  ] GC(3799) Concurrent Rebuild Remembered Sets
[2025-01-08T00:00:03.389+0000][99273.755s][info][gc,marking  ] GC(3799) Concurrent Rebuild Remembered Sets 434.964ms
[2025-01-08T00:00:03.389+0000][99273.755s][info][gc,start    ] GC(3799) Pause Cleanup
[2025-01-08T00:00:03.389+0000][99273.755s][info][gc          ] GC(3799) Pause Cleanup 2599M->2599M(12288M) 0.475ms
[2025-01-08T00:00:03.389+0000][99273.755s][info][gc,cpu      ] GC(3799) User=0.00s Sys=0.00s Real=0.00s
[2025-01-08T00:00:03.389+0000][99273.756s][info][gc,marking  ] GC(3799) Concurrent Cleanup for Next Mark
[2025-01-08T00:00:03.405+0000][99273.771s][info][gc,marking  ] GC(3799) Concurrent Cleanup for Next Mark 15.649ms
[2025-01-08T00:00:03.405+0000][99273.771s][info][gc          ] GC(3799) Concurrent Mark Cycle 1240.365ms
[2025-01-08T00:07:14.178+0000][99704.544s][info][gc,start    ] GC(3800) Pause Young (Prepare Mixed) (G1 Evacuation Pause)
[2025-01-08T00:07:14.178+0000][99704.544s][info][gc,task     ] GC(3800) Using 6 workers of 6 for evacuation
[2025-01-08T00:07:14.268+0000][99704.634s][info][gc,phases   ] GC(3800)   Pre Evacuate Collection Set: 0.2ms
[2025-01-08T00:07:14.268+0000][99704.634s][info][gc,phases   ] GC(3800)   Merge Heap Roots: 0.7ms
[2025-01-08T00:07:14.268+0000][99704.634s][info][gc,phases   ] GC(3800)   Evacuate Collection Set: 84.8ms
[2025-01-08T00:07:14.268+0000][99704.634s][info][gc,phases   ] GC(3800)   Post Evacuate Collection Set: 3.3ms
[2025-01-08T00:07:14.268+0000][99704.634s][info][gc,phases   ] GC(3800)   Other: 0.2ms
[2025-01-08T00:07:14.268+0000][99704.634s][info][gc,heap     ] GC(3800) Eden regions: 880->0(47)
[2025-01-08T00:07:14.268+0000][99704.634s][info][gc,heap     ] GC(3800) Survivor regions: 22->29(113)
[2025-01-08T00:07:14.268+0000][99704.634s][info][gc,heap     ] GC(3800) Old regions: 241->241
[2025-01-08T00:07:14.268+0000][99704.634s][info][gc,heap     ] GC(3800) Archive regions: 2->2
[2025-01-08T00:07:14.268+0000][99704.634s][info][gc,heap     ] GC(3800) Humongous regions: 56->56
[2025-01-08T00:07:14.268+0000][99704.634s][info][gc,metaspace] GC(3800) Metaspace: 501265K(509888K)->501265K(509888K) NonClass: 440321K(444736K)->440321K(444736K) Class: 60943K(65152K)->60943K(65152K)
[2025-01-08T00:07:14.268+0000][99704.634s][info][gc          ] GC(3800) Pause Young (Prepare Mixed) (G1 Evacuation Pause) 9595M->2608M(12288M) 89.424ms
[2025-01-08T00:07:14.268+0000][99704.634s][info][gc,cpu      ] GC(3800) User=0.53s Sys=0.00s Real=0.09s
[2025-01-08T00:07:20.318+0000][99710.684s][info][gc,start    ] GC(3801) Pause Young (Mixed) (G1 Evacuation Pause)
[2025-01-08T00:07:20.318+0000][99710.684s][info][gc,task     ] GC(3801) Using 6 workers of 6 for evacuation
[2025-01-08T00:07:20.437+0000][99710.803s][info][gc,phases   ] GC(3801)   Pre Evacuate Collection Set: 0.2ms
[2025-01-08T00:07:20.437+0000][99710.803s][info][gc,phases   ] GC(3801)   Merge Heap Roots: 0.9ms
[2025-01-08T00:07:20.437+0000][99710.804s][info][gc,phases   ] GC(3801)   Evacuate Collection Set: 116.0ms
[2025-01-08T00:07:20.437+0000][99710.804s][info][gc,phases   ] GC(3801)   Post Evacuate Collection Set: 1.8ms
[2025-01-08T00:07:20.437+0000][99710.804s][info][gc,phases   ] GC(3801)   Other: 0.2ms
[2025-01-08T00:07:20.437+0000][99710.804s][info][gc,heap     ] GC(3801) Eden regions: 47->0(872)
[2025-01-08T00:07:20.437+0000][99710.804s][info][gc,heap     ] GC(3801) Survivor regions: 29->3(10)
[2025-01-08T00:07:20.437+0000][99710.804s][info][gc,heap     ] GC(3801) Old regions: 241->258
[2025-01-08T00:07:20.437+0000][99710.804s][info][gc,heap     ] GC(3801) Archive regions: 2->2
[2025-01-08T00:07:20.437+0000][99710.804s][info][gc,heap     ] GC(3801) Humongous regions: 57->57
[2025-01-08T00:07:20.437+0000][99710.804s][info][gc,metaspace] GC(3801) Metaspace: 501297K(509888K)->501297K(509888K) NonClass: 440348K(444736K)->440348K(444736K) Class: 60949K(65152K)->60949K(65152K)
[2025-01-08T00:07:20.438+0000][99710.804s][info][gc          ] GC(3801) Pause Young (Mixed) (G1 Evacuation Pause) 2992M->2545M(12288M) 119.260ms
[2025-01-08T00:07:20.438+0000][99710.804s][info][gc,cpu      ] GC(3801) User=0.71s Sys=0.00s Real=0.12s
[2025-01-08T00:11:52.270+0000][99982.636s][info][gc,start    ] GC(3802) Pause Young (Normal) (G1 Evacuation Pause)
[2025-01-08T00:11:52.270+0000][99982.636s][info][gc,task     ] GC(3802) Using 6 workers of 6 for evacuation
[2025-01-08T00:11:52.297+0000][99982.663s][info][gc,phases   ] GC(3802)   Pre Evacuate Collection Set: 0.2ms
[2025-01-08T00:11:52.297+0000][99982.663s][info][gc,phases   ] GC(3802)   Merge Heap Roots: 0.4ms
[2025-01-08T00:11:52.297+0000][99982.663s][info][gc,phases   ] GC(3802)   Evacuate Collection Set: 23.3ms
[2025-01-08T00:11:52.297+0000][99982.663s][info][gc,phases   ] GC(3802)   Post Evacuate Collection Set: 3.2ms
[2025-01-08T00:11:52.297+0000][99982.663s][info][gc,phases   ] GC(3802)   Other: 0.2ms
[2025-01-08T00:11:52.297+0000][99982.663s][info][gc,heap     ] GC(3802) Eden regions: 872->0(850)
[2025-01-08T00:11:52.297+0000][99982.663s][info][gc,heap     ] GC(3802) Survivor regions: 3->11(110)
[2025-01-08T00:11:52.297+0000][99982.663s][info][gc,heap     ] GC(3802) Old regions: 258->258
[2025-01-08T00:11:52.297+0000][99982.663s][info][gc,heap     ] GC(3802) Archive regions: 2->2
[2025-01-08T00:11:52.297+0000][99982.663s][info][gc,heap     ] GC(3802) Humongous regions: 70->70
[2025-01-08T00:11:52.297+0000][99982.663s][info][gc,metaspace] GC(3802) Metaspace: 504052K(512768K)->504052K(512768K) NonClass: 442686K(447104K)->442686K(447104K) Class: 61366K(65664K)->61366K(65664K)
[2025-01-08T00:11:52.297+0000][99982.663s][info][gc          ] GC(3802) Pause Young (Normal) (G1 Evacuation Pause) 9625M->2706M(12288M) 27.365ms
[2025-01-08T00:11:52.297+0000][99982.663s][info][gc,cpu      ] GC(3802) User=0.16s Sys=0.00s Real=0.02s
[2025-01-08T00:12:25.856+0000][100016.222s][info][gc,start    ] GC(3803) Pause Young (Concurrent Start) (G1 Humongous Allocation)
[2025-01-08T00:12:25.856+0000][100016.222s][info][gc,task     ] GC(3803) Using 6 workers of 6 for evacuation
[2025-01-08T00:12:25.879+0000][100016.245s][info][gc,phases   ] GC(3803)   Pre Evacuate Collection Set: 1.0ms
[2025-01-08T00:12:25.879+0000][100016.245s][info][gc,phases   ] GC(3803)   Merge Heap Roots: 0.3ms
[2025-01-08T00:12:25.879+0000][100016.245s][info][gc,phases   ] GC(3803)   Evacuate Collection Set: 19.4ms
[2025-01-08T00:12:25.879+0000][100016.245s][info][gc,phases   ] GC(3803)   Post Evacuate Collection Set: 1.9ms
[2025-01-08T00:12:25.879+0000][100016.245s][info][gc,phases   ] GC(3803)   Other: 0.3ms
[2025-01-08T00:12:25.879+0000][100016.245s][info][gc,heap     ] GC(3803) Eden regions: 131->0(855)
[2025-01-08T00:12:25.879+0000][100016.245s][info][gc,heap     ] GC(3803) Survivor regions: 11->11(108)
[2025-01-08T00:12:25.879+0000][100016.245s][info][gc,heap     ] GC(3803) Old regions: 258->258
[2025-01-08T00:12:25.879+0000][100016.245s][info][gc,heap     ] GC(3803) Archive regions: 2->2
[2025-01-08T00:12:25.879+0000][100016.245s][info][gc,heap     ] GC(3803) Humongous regions: 70->70
[2025-01-08T00:12:25.879+0000][100016.245s][info][gc,metaspace] GC(3803) Metaspace: 504363K(513088K)->504363K(513088K) NonClass: 442940K(447360K)->442940K(447360K) Class: 61422K(65728K)->61422K(65728K)
[2025-01-08T00:12:25.879+0000][100016.245s][info][gc          ] GC(3803) Pause Young (Concurrent Start) (G1 Humongous Allocation) 3749M->2708M(12288M) 22.952ms
[2025-01-08T00:12:25.879+0000][100016.245s][info][gc,cpu      ] GC(3803) User=0.12s Sys=0.00s Real=0.02s
[2025-01-08T00:12:25.879+0000][100016.245s][info][gc          ] GC(3804) Concurrent Mark Cycle
[2025-01-08T00:12:25.879+0000][100016.245s][info][gc,marking  ] GC(3804) Concurrent Clear Claimed Marks
[2025-01-08T00:12:25.880+0000][100016.246s][info][gc,marking  ] GC(3804) Concurrent Clear Claimed Marks 0.903ms
[2025-01-08T00:12:25.880+0000][100016.246s][info][gc,marking  ] GC(3804) Concurrent Scan Root Regions
[2025-01-08T00:12:25.895+0000][100016.261s][info][gc,marking  ] GC(3804) Concurrent Scan Root Regions 15.048ms
[2025-01-08T00:12:25.895+0000][100016.261s][info][gc,marking  ] GC(3804) Concurrent Mark
[2025-01-08T00:12:25.895+0000][100016.261s][info][gc,marking  ] GC(3804) Concurrent Mark From Roots
[2025-01-08T00:12:25.895+0000][100016.261s][info][gc,task     ] GC(3804) Using 2 workers of 2 for marking
[2025-01-08T00:12:26.582+0000][100016.948s][info][gc,marking  ] GC(3804) Concurrent Mark From Roots 686.996ms
[2025-01-08T00:12:26.582+0000][100016.948s][info][gc,marking  ] GC(3804) Concurrent Preclean
[2025-01-08T00:12:26.584+0000][100016.950s][info][gc,marking  ] GC(3804) Concurrent Preclean 2.154ms
[2025-01-08T00:12:26.584+0000][100016.951s][info][gc,start    ] GC(3804) Pause Remark
[2025-01-08T00:12:26.641+0000][100017.007s][info][gc          ] GC(3804) Pause Remark 2848M->2680M(12288M) 56.456ms
[2025-01-08T00:12:26.641+0000][100017.007s][info][gc,cpu      ] GC(3804) User=0.30s Sys=0.00s Real=0.05s
[2025-01-08T00:12:26.641+0000][100017.007s][info][gc,marking  ] GC(3804) Concurrent Mark 745.981ms
[2025-01-08T00:12:26.641+0000][100017.007s][info][gc,marking  ] GC(3804) Concurrent Rebuild Remembered Sets
[2025-01-08T00:12:27.084+0000][100017.450s][info][gc,marking  ] GC(3804) Concurrent Rebuild Remembered Sets 443.031ms
[2025-01-08T00:12:27.084+0000][100017.450s][info][gc,start    ] GC(3804) Pause Cleanup
[2025-01-08T00:12:27.085+0000][100017.451s][info][gc          ] GC(3804) Pause Cleanup 2724M->2724M(12288M) 0.493ms
[2025-01-08T00:12:27.085+0000][100017.451s][info][gc,cpu      ] GC(3804) User=0.00s Sys=0.00s Real=0.00s
[2025-01-08T00:12:27.085+0000][100017.451s][info][gc,marking  ] GC(3804) Concurrent Cleanup for Next Mark
[2025-01-08T00:12:27.100+0000][100017.466s][info][gc,marking  ] GC(3804) Concurrent Cleanup for Next Mark 15.401ms
[2025-01-08T00:12:27.100+0000][100017.466s][info][gc          ] GC(3804) Concurrent Mark Cycle 1221.221ms
[2025-01-08T00:15:37.994+0000][100208.360s][info][gc,start    ] GC(3805) Pause Young (Prepare Mixed) (G1 Evacuation Pause)
[2025-01-08T00:15:37.994+0000][100208.360s][info][gc,task     ] GC(3805) Using 6 workers of 6 for evacuation
[2025-01-08T00:15:38.026+0000][100208.392s][info][gc,phases   ] GC(3805)   Pre Evacuate Collection Set: 0.2ms
[2025-01-08T00:15:38.026+0000][100208.392s][info][gc,phases   ] GC(3805)   Merge Heap Roots: 0.4ms
[2025-01-08T00:15:38.026+0000][100208.392s][info][gc,phases   ] GC(3805)   Evacuate Collection Set: 28.2ms
[2025-01-08T00:15:38.026+0000][100208.392s][info][gc,phases   ] GC(3805)   Post Evacuate Collection Set: 3.1ms
[2025-01-08T00:15:38.026+0000][100208.392s][info][gc,phases   ] GC(3805)   Other: 0.2ms
[2025-01-08T00:15:38.026+0000][100208.392s][info][gc,heap     ] GC(3805) Eden regions: 855->0(63)
[2025-01-08T00:15:38.026+0000][100208.392s][info][gc,heap     ] GC(3805) Survivor regions: 11->13(109)
[2025-01-08T00:15:38.026+0000][100208.392s][info][gc,heap     ] GC(3805) Old regions: 258->258
[2025-01-08T00:15:38.026+0000][100208.392s][info][gc,heap     ] GC(3805) Archive regions: 2->2
[2025-01-08T00:15:38.026+0000][100208.392s][info][gc,heap     ] GC(3805) Humongous regions: 62->62
[2025-01-08T00:15:38.026+0000][100208.392s][info][gc,metaspace] GC(3805) Metaspace: 504476K(513216K)->504476K(513216K) NonClass: 443036K(447488K)->443036K(447488K) Class: 61439K(65728K)->61439K(65728K)
[2025-01-08T00:15:38.026+0000][100208.393s][info][gc          ] GC(3805) Pause Young (Prepare Mixed) (G1 Evacuation Pause) 9484M->2659M(12288M) 32.268ms
[2025-01-08T00:15:38.026+0000][100208.393s][info][gc,cpu      ] GC(3805) User=0.18s Sys=0.00s Real=0.03s
[2025-01-08T00:15:41.609+0000][100211.975s][info][gc,start    ] GC(3806) Pause Young (Mixed) (G1 Evacuation Pause)
[2025-01-08T00:15:41.609+0000][100211.975s][info][gc,task     ] GC(3806) Using 6 workers of 6 for evacuation
[2025-01-08T00:15:41.667+0000][100212.033s][info][gc,phases   ] GC(3806)   Pre Evacuate Collection Set: 0.2ms
[2025-01-08T00:15:41.667+0000][100212.033s][info][gc,phases   ] GC(3806)   Merge Heap Roots: 0.6ms
[2025-01-08T00:15:41.667+0000][100212.033s][info][gc,phases   ] GC(3806)   Evacuate Collection Set: 55.6ms
[2025-01-08T00:15:41.667+0000][100212.033s][info][gc,phases   ] GC(3806)   Post Evacuate Collection Set: 1.7ms
[2025-01-08T00:15:41.667+0000][100212.033s][info][gc,phases   ] GC(3806)   Other: 0.2ms
[2025-01-08T00:15:41.667+0000][100212.033s][info][gc,heap     ] GC(3806) Eden regions: 63->0(877)
[2025-01-08T00:15:41.667+0000][100212.033s][info][gc,heap     ] GC(3806) Survivor regions: 13->5(10)
[2025-01-08T00:15:41.667+0000][100212.033s][info][gc,heap     ] GC(3806) Old regions: 258->253
[2025-01-08T00:15:41.667+0000][100212.033s][info][gc,heap     ] GC(3806) Archive regions: 2->2
[2025-01-08T00:15:41.667+0000][100212.033s][info][gc,heap     ] GC(3806) Humongous regions: 63->63
[2025-01-08T00:15:41.667+0000][100212.033s][info][gc,metaspace] GC(3806) Metaspace: 504479K(513216K)->504479K(513216K) NonClass: 443038K(447488K)->443038K(447488K) Class: 61440K(65728K)->61440K(65728K)
[2025-01-08T00:15:41.667+0000][100212.033s][info][gc          ] GC(3806) Pause Young (Mixed) (G1 Evacuation Pause) 3171M->2566M(12288M) 58.400ms
[2025-01-08T00:15:41.667+0000][100212.033s][info][gc,cpu      ] GC(3806) User=0.34s Sys=0.00s Real=0.06s
[2025-01-08T00:17:08.927+0000][100299.293s][info][gc,start    ] GC(3807) Pause Young (Normal) (G1 Evacuation Pause)
[2025-01-08T00:17:08.927+0000][100299.293s][info][gc,task     ] GC(3807) Using 6 workers of 6 for evacuation
[2025-01-08T00:17:08.946+0000][100299.312s][info][gc,phases   ] GC(3807)   Pre Evacuate Collection Set: 0.2ms
[2025-01-08T00:17:08.946+0000][100299.312s][info][gc,phases   ] GC(3807)   Merge Heap Roots: 0.3ms
[2025-01-08T00:17:08.946+0000][100299.312s][info][gc,phases   ] GC(3807)   Evacuate Collection Set: 15.4ms
[2025-01-08T00:17:08.946+0000][100299.312s][info][gc,phases   ] GC(3807)   Post Evacuate Collection Set: 2.4ms
[2025-01-08T00:17:08.946+0000][100299.312s][info][gc,phases   ] GC(3807)   Other: 0.2ms
[2025-01-08T00:17:08.946+0000][100299.312s][info][gc,heap     ] GC(3807) Eden regions: 877->0(865)
[2025-01-08T00:17:08.946+0000][100299.312s][info][gc,heap     ] GC(3807) Survivor regions: 5->5(111)
[2025-01-08T00:17:08.946+0000][100299.312s][info][gc,heap     ] GC(3807) Old regions: 253->253
[2025-01-08T00:17:08.946+0000][100299.312s][info][gc,heap     ] GC(3807) Archive regions: 2->2
[2025-01-08T00:17:08.946+0000][100299.312s][info][gc,heap     ] GC(3807) Humongous regions: 79->79
[2025-01-08T00:17:08.946+0000][100299.312s][info][gc,metaspace] GC(3807) Metaspace: 504635K(513408K)->504635K(513408K) NonClass: 443174K(447616K)->443174K(447616K) Class: 61460K(65792K)->61460K(65792K)
[2025-01-08T00:17:08.946+0000][100299.312s][info][gc          ] GC(3807) Pause Young (Normal) (G1 Evacuation Pause) 9710M->2699M(12288M) 18.644ms
[2025-01-08T00:17:08.946+0000][100299.312s][info][gc,cpu      ] GC(3807) User=0.10s Sys=0.00s Real=0.02s
[2025-01-08T00:17:08.980+0000][100299.346s][info][gc,start    ] GC(3808) Pause Young (Concurrent Start) (G1 Humongous Allocation)
[2025-01-08T00:17:08.980+0000][100299.346s][info][gc,task     ] GC(3808) Using 6 workers of 6 for evacuation
[2025-01-08T00:17:08.996+0000][100299.362s][info][gc,phases   ] GC(3808)   Pre Evacuate Collection Set: 1.1ms
[2025-01-08T00:17:08.996+0000][100299.362s][info][gc,phases   ] GC(3808)   Merge Heap Roots: 0.2ms
[2025-01-08T00:17:08.996+0000][100299.362s][info][gc,phases   ] GC(3808)   Evacuate Collection Set: 12.4ms
[2025-01-08T00:17:08.996+0000][100299.362s][info][gc,phases   ] GC(3808)   Post Evacuate Collection Set: 1.3ms
[2025-01-08T00:17:08.996+0000][100299.362s][info][gc,phases   ] GC(3808)   Other: 0.3ms
[2025-01-08T00:17:08.996+0000][100299.362s][info][gc,heap     ] GC(3808) Eden regions: 8->0(868)
[2025-01-08T00:17:08.996+0000][100299.362s][info][gc,heap     ] GC(3808) Survivor regions: 5->6(109)
[2025-01-08T00:17:08.996+0000][100299.362s][info][gc,heap     ] GC(3808) Old regions: 253->253
[2025-01-08T00:17:08.996+0000][100299.362s][info][gc,heap     ] GC(3808) Archive regions: 2->2
[2025-01-08T00:17:08.996+0000][100299.362s][info][gc,heap     ] GC(3808) Humongous regions: 79->79
[2025-01-08T00:17:08.996+0000][100299.362s][info][gc,metaspace] GC(3808) Metaspace: 504635K(513408K)->504635K(513408K) NonClass: 443174K(447616K)->443174K(447616K) Class: 61460K(65792K)->61460K(65792K)
[2025-01-08T00:17:08.996+0000][100299.362s][info][gc          ] GC(3808) Pause Young (Concurrent Start) (G1 Humongous Allocation) 2763M->2702M(12288M) 15.324ms
[2025-01-08T00:17:08.996+0000][100299.362s][info][gc,cpu      ] GC(3808) User=0.08s Sys=0.00s Real=0.02s
[2025-01-08T00:17:08.996+0000][100299.362s][info][gc          ] GC(3809) Concurrent Mark Cycle
[2025-01-08T00:17:08.996+0000][100299.362s][info][gc,marking  ] GC(3809) Concurrent Clear Claimed Marks
[2025-01-08T00:17:08.997+0000][100299.363s][info][gc,marking  ] GC(3809) Concurrent Clear Claimed Marks 0.851ms
[2025-01-08T00:17:08.997+0000][100299.363s][info][gc,marking  ] GC(3809) Concurrent Scan Root Regions
[2025-01-08T00:17:09.011+0000][100299.377s][info][gc,marking  ] GC(3809) Concurrent Scan Root Regions 14.118ms
[2025-01-08T00:17:09.011+0000][100299.377s][info][gc,marking  ] GC(3809) Concurrent Mark
[2025-01-08T00:17:09.011+0000][100299.377s][info][gc,marking  ] GC(3809) Concurrent Mark From Roots
[2025-01-08T00:17:09.011+0000][100299.377s][info][gc,task     ] GC(3809) Using 2 workers of 2 for marking
[2025-01-08T00:17:09.717+0000][100300.083s][info][gc,marking  ] GC(3809) Concurrent Mark From Roots 706.602ms
[2025-01-08T00:17:09.717+0000][100300.084s][info][gc,marking  ] GC(3809) Concurrent Preclean
[2025-01-08T00:17:09.719+0000][100300.085s][info][gc,marking  ] GC(3809) Concurrent Preclean 1.752ms
[2025-01-08T00:17:09.719+0000][100300.085s][info][gc,start    ] GC(3809) Pause Remark
[2025-01-08T00:17:09.774+0000][100300.140s][info][gc          ] GC(3809) Pause Remark 2788M->2548M(12288M) 54.361ms
[2025-01-08T00:17:09.774+0000][100300.140s][info][gc,cpu      ] GC(3809) User=0.29s Sys=0.00s Real=0.06s
[2025-01-08T00:17:09.774+0000][100300.140s][info][gc,marking  ] GC(3809) Concurrent Mark 763.083ms
[2025-01-08T00:17:09.774+0000][100300.140s][info][gc,marking  ] GC(3809) Concurrent Rebuild Remembered Sets
[2025-01-08T00:17:10.219+0000][100300.585s][info][gc,marking  ] GC(3809) Concurrent Rebuild Remembered Sets 444.712ms
[2025-01-08T00:17:10.219+0000][100300.585s][info][gc,start    ] GC(3809) Pause Cleanup
[2025-01-08T00:17:10.219+0000][100300.585s][info][gc          ] GC(3809) Pause Cleanup 2550M->2550M(12288M) 0.489ms
[2025-01-08T00:17:10.219+0000][100300.585s][info][gc,cpu      ] GC(3809) User=0.00s Sys=0.00s Real=0.00s
[2025-01-08T00:17:10.219+0000][100300.585s][info][gc,marking  ] GC(3809) Concurrent Cleanup for Next Mark
[2025-01-08T00:17:10.235+0000][100300.601s][info][gc,marking  ] GC(3809) Concurrent Cleanup for Next Mark 15.373ms
[2025-01-08T00:17:10.235+0000][100300.601s][info][gc          ] GC(3809) Concurrent Mark Cycle 1239.018ms
[2025-01-08T00:20:00.166+0000][100470.533s][info][gc,start    ] GC(3810) Pause Young (Prepare Mixed) (G1 Evacuation Pause)
[2025-01-08T00:20:00.166+0000][100470.533s][info][gc,task     ] GC(3810) Using 6 workers of 6 for evacuation
[2025-01-08T00:20:00.187+0000][100470.554s][info][gc,phases   ] GC(3810)   Pre Evacuate Collection Set: 0.2ms
[2025-01-08T00:20:00.187+0000][100470.554s][info][gc,phases   ] GC(3810)   Merge Heap Roots: 0.4ms
[2025-01-08T00:20:00.187+0000][100470.554s][info][gc,phases   ] GC(3810)   Evacuate Collection Set: 17.7ms
[2025-01-08T00:20:00.187+0000][100470.554s][info][gc,phases   ] GC(3810)   Post Evacuate Collection Set: 2.5ms
[2025-01-08T00:20:00.187+0000][100470.554s][info][gc,phases   ] GC(3810)   Other: 0.2ms
[2025-01-08T00:20:00.187+0000][100470.554s][info][gc,heap     ] GC(3810) Eden regions: 868->0(70)
[2025-01-08T00:20:00.187+0000][100470.554s][info][gc,heap     ] GC(3810) Survivor regions: 6->6(110)
[2025-01-08T00:20:00.187+0000][100470.554s][info][gc,heap     ] GC(3810) Old regions: 253->253
[2025-01-08T00:20:00.187+0000][100470.554s][info][gc,heap     ] GC(3810) Archive regions: 2->2
[2025-01-08T00:20:00.187+0000][100470.554s][info][gc,heap     ] GC(3810) Humongous regions: 69->68
[2025-01-08T00:20:00.187+0000][100470.554s][info][gc,metaspace] GC(3810) Metaspace: 505225K(513984K)->505225K(513984K) NonClass: 443686K(448128K)->443686K(448128K) Class: 61538K(65856K)->61538K(65856K)
[2025-01-08T00:20:00.188+0000][100470.554s][info][gc          ] GC(3810) Pause Young (Prepare Mixed) (G1 Evacuation Pause) 9566M->2616M(12288M) 21.094ms
[2025-01-08T00:20:00.188+0000][100470.554s][info][gc,cpu      ] GC(3810) User=0.13s Sys=0.00s Real=0.02s
[2025-01-08T00:20:08.265+0000][100478.631s][info][gc,start    ] GC(3811) Pause Young (Mixed) (GCLocker Initiated GC)
[2025-01-08T00:20:08.265+0000][100478.631s][info][gc,task     ] GC(3811) Using 6 workers of 6 for evacuation
[2025-01-08T00:20:08.306+0000][100478.672s][info][gc,phases   ] GC(3811)   Pre Evacuate Collection Set: 0.2ms
[2025-01-08T00:20:08.306+0000][100478.673s][info][gc,phases   ] GC(3811)   Merge Heap Roots: 0.4ms
[2025-01-08T00:20:08.306+0000][100478.673s][info][gc,phases   ] GC(3811)   Evacuate Collection Set: 38.9ms
[2025-01-08T00:20:08.306+0000][100478.673s][info][gc,phases   ] GC(3811)   Post Evacuate Collection Set: 1.9ms
[2025-01-08T00:20:08.306+0000][100478.673s][info][gc,phases   ] GC(3811)   Other: 0.2ms
[2025-01-08T00:20:08.306+0000][100478.673s][info][gc,heap     ] GC(3811) Eden regions: 71->0(877)
[2025-01-08T00:20:08.306+0000][100478.673s][info][gc,heap     ] GC(3811) Survivor regions: 6->6(10)
[2025-01-08T00:20:08.306+0000][100478.673s][info][gc,heap     ] GC(3811) Old regions: 253->247
[2025-01-08T00:20:08.306+0000][100478.673s][info][gc,heap     ] GC(3811) Archive regions: 2->2
[2025-01-08T00:20:08.306+0000][100478.673s][info][gc,heap     ] GC(3811) Humongous regions: 76->76
[2025-01-08T00:20:08.306+0000][100478.673s][info][gc,metaspace] GC(3811) Metaspace: 505249K(514048K)->505249K(514048K) NonClass: 443706K(448128K)->443706K(448128K) Class: 61542K(65920K)->61542K(65920K)
[2025-01-08T00:20:08.306+0000][100478.673s][info][gc          ] GC(3811) Pause Young (Mixed) (GCLocker Initiated GC) 3241M->2630M(12288M) 41.685ms
[2025-01-08T00:20:08.307+0000][100478.673s][info][gc,cpu      ] GC(3811) User=0.24s Sys=0.00s Real=0.04s
[2025-01-08T00:23:23.822+0000][100674.188s][info][gc,start    ] GC(3812) Pause Young (Normal) (G1 Evacuation Pause)
[2025-01-08T00:23:23.822+0000][100674.188s][info][gc,task     ] GC(3812) Using 6 workers of 6 for evacuation
[2025-01-08T00:23:23.851+0000][100674.218s][info][gc,phases   ] GC(3812)   Pre Evacuate Collection Set: 0.2ms
[2025-01-08T00:23:23.851+0000][100674.218s][info][gc,phases   ] GC(3812)   Merge Heap Roots: 0.3ms
[2025-01-08T00:23:23.851+0000][100674.218s][info][gc,phases   ] GC(3812)   Evacuate Collection Set: 25.3ms
[2025-01-08T00:23:23.851+0000][100674.218s][info][gc,phases   ] GC(3812)   Post Evacuate Collection Set: 3.5ms
[2025-01-08T00:23:23.851+0000][100674.218s][info][gc,phases   ] GC(3812)   Other: 0.2ms
[2025-01-08T00:23:23.851+0000][100674.218s][info][gc,heap     ] GC(3812) Eden regions: 877->0(865)
[2025-01-08T00:23:23.851+0000][100674.218s][info][gc,heap     ] GC(3812) Survivor regions: 6->8(111)
[2025-01-08T00:23:23.851+0000][100674.218s][info][gc,heap     ] GC(3812) Old regions: 247->247
[2025-01-08T00:23:23.851+0000][100674.218s][info][gc,heap     ] GC(3812) Archive regions: 2->2
[2025-01-08T00:23:23.851+0000][100674.218s][info][gc,heap     ] GC(3812) Humongous regions: 87->87
[2025-01-08T00:23:23.851+0000][100674.218s][info][gc,metaspace] GC(3812) Metaspace: 505360K(514176K)->505360K(514176K) NonClass: 443796K(448256K)->443796K(448256K) Class: 61564K(65920K)->61564K(65920K)
[2025-01-08T00:23:23.852+0000][100674.218s][info][gc          ] GC(3812) Pause Young (Normal) (G1 Evacuation Pause) 9734M->2734M(12288M) 29.663ms
[2025-01-08T00:23:23.852+0000][100674.218s][info][gc,cpu      ] GC(3812) User=0.18s Sys=0.00s Real=0.03s
[2025-01-08T00:24:17.520+0000][100727.887s][info][gc,start    ] GC(3813) Pause Young (Normal) (G1 Evacuation Pause)
[2025-01-08T00:24:17.520+0000][100727.887s][info][gc,task     ] GC(3813) Using 6 workers of 6 for evacuation
[2025-01-08T00:24:17.557+0000][100727.924s][info][gc,phases   ] GC(3813)   Pre Evacuate Collection Set: 0.2ms
[2025-01-08T00:24:17.558+0000][100727.924s][info][gc,phases   ] GC(3813)   Merge Heap Roots: 0.4ms
[2025-01-08T00:24:17.558+0000][100727.924s][info][gc,phases   ] GC(3813)   Evacuate Collection Set: 32.6ms
[2025-01-08T00:24:17.558+0000][100727.924s][info][gc,phases   ] GC(3813)   Post Evacuate Collection Set: 3.7ms
[2025-01-08T00:24:17.558+0000][100727.924s][info][gc,phases   ] GC(3813)   Other: 0.2ms
[2025-01-08T00:24:17.558+0000][100727.924s][info][gc,heap     ] GC(3813) Eden regions: 865->0(863)
[2025-01-08T00:24:17.558+0000][100727.924s][info][gc,heap     ] GC(3813) Survivor regions: 8->10(110)
[2025-01-08T00:24:17.558+0000][100727.924s][info][gc,heap     ] GC(3813) Old regions: 247->247
[2025-01-08T00:24:17.558+0000][100727.924s][info][gc,heap     ] GC(3813) Archive regions: 2->2
[2025-01-08T00:24:17.558+0000][100727.924s][info][gc,heap     ] GC(3813) Humongous regions: 87->87
[2025-01-08T00:24:17.558+0000][100727.924s][info][gc,metaspace] GC(3813) Metaspace: 505429K(514240K)->505429K(514240K) NonClass: 443855K(448320K)->443855K(448320K) Class: 61574K(65920K)->61574K(65920K)
[2025-01-08T00:24:17.558+0000][100727.924s][info][gc          ] GC(3813) Pause Young (Normal) (G1 Evacuation Pause) 9654M->2749M(12288M) 37.141ms
[2025-01-08T00:24:17.558+0000][100727.924s][info][gc,cpu      ] GC(3813) User=0.22s Sys=0.00s Real=0.04s
[2025-01-08T00:25:01.102+0000][100771.468s][info][gc,start    ] GC(3814) Pause Young (Concurrent Start) (G1 Evacuation Pause)
[2025-01-08T00:25:01.102+0000][100771.468s][info][gc,task     ] GC(3814) Using 6 workers of 6 for evacuation
[2025-01-08T00:25:01.144+0000][100771.510s][info][gc,phases   ] GC(3814)   Pre Evacuate Collection Set: 1.0ms
[2025-01-08T00:25:01.144+0000][100771.510s][info][gc,phases   ] GC(3814)   Merge Heap Roots: 0.4ms
[2025-01-08T00:25:01.144+0000][100771.510s][info][gc,phases   ] GC(3814)   Evacuate Collection Set: 37.8ms
[2025-01-08T00:25:01.144+0000][100771.510s][info][gc,phases   ] GC(3814)   Post Evacuate Collection Set: 2.6ms
[2025-01-08T00:25:01.144+0000][100771.510s][info][gc,phases   ] GC(3814)   Other: 0.3ms
[2025-01-08T00:25:01.144+0000][100771.510s][info][gc,heap     ] GC(3814) Eden regions: 863->0(862)
[2025-01-08T00:25:01.144+0000][100771.510s][info][gc,heap     ] GC(3814) Survivor regions: 10->12(110)
[2025-01-08T00:25:01.144+0000][100771.510s][info][gc,heap     ] GC(3814) Old regions: 247->247
[2025-01-08T00:25:01.144+0000][100771.510s][info][gc,heap     ] GC(3814) Archive regions: 2->2
[2025-01-08T00:25:01.144+0000][100771.510s][info][gc,heap     ] GC(3814) Humongous regions: 87->87
[2025-01-08T00:25:01.144+0000][100771.510s][info][gc,metaspace] GC(3814) Metaspace: 505538K(514432K)->505538K(514432K) NonClass: 443955K(448448K)->443955K(448448K) Class: 61582K(65984K)->61582K(65984K)
[2025-01-08T00:25:01.144+0000][100771.511s][info][gc          ] GC(3814) Pause Young (Concurrent Start) (G1 Evacuation Pause) 9653M->2763M(12288M) 42.325ms
[2025-01-08T00:25:01.144+0000][100771.511s][info][gc,cpu      ] GC(3814) User=0.24s Sys=0.00s Real=0.04s
[2025-01-08T00:25:01.144+0000][100771.511s][info][gc          ] GC(3815) Concurrent Mark Cycle
[2025-01-08T00:25:01.145+0000][100771.511s][info][gc,marking  ] GC(3815) Concurrent Clear Claimed Marks
[2025-01-08T00:25:01.146+0000][100771.512s][info][gc,marking  ] GC(3815) Concurrent Clear Claimed Marks 0.987ms
[2025-01-08T00:25:01.146+0000][100771.512s][info][gc,marking  ] GC(3815) Concurrent Scan Root Regions
[2025-01-08T00:25:01.171+0000][100771.537s][info][gc,marking  ] GC(3815) Concurrent Scan Root Regions 25.578ms
[2025-01-08T00:25:01.171+0000][100771.537s][info][gc,marking  ] GC(3815) Concurrent Mark
[2025-01-08T00:25:01.171+0000][100771.537s][info][gc,marking  ] GC(3815) Concurrent Mark From Roots
[2025-01-08T00:25:01.171+0000][100771.537s][info][gc,task     ] GC(3815) Using 2 workers of 2 for marking
[2025-01-08T00:25:01.869+0000][100772.235s][info][gc,marking  ] GC(3815) Concurrent Mark From Roots 698.174ms
[2025-01-08T00:25:01.869+0000][100772.235s][info][gc,marking  ] GC(3815) Concurrent Preclean
[2025-01-08T00:25:01.871+0000][100772.237s][info][gc,marking  ] GC(3815) Concurrent Preclean 1.717ms
[2025-01-08T00:25:01.871+0000][100772.237s][info][gc,start    ] GC(3815) Pause Remark
[2025-01-08T00:25:01.926+0000][100772.292s][info][gc          ] GC(3815) Pause Remark 2914M->2610M(12288M) 54.438ms
[2025-01-08T00:25:01.926+0000][100772.292s][info][gc,cpu      ] GC(3815) User=0.29s Sys=0.01s Real=0.05s
[2025-01-08T00:25:01.926+0000][100772.292s][info][gc,marking  ] GC(3815) Concurrent Mark 754.665ms
[2025-01-08T00:25:01.926+0000][100772.292s][info][gc,marking  ] GC(3815) Concurrent Rebuild Remembered Sets
[2025-01-08T00:25:02.387+0000][100772.753s][info][gc,marking  ] GC(3815) Concurrent Rebuild Remembered Sets 461.514ms
[2025-01-08T00:25:02.387+0000][100772.754s][info][gc,start    ] GC(3815) Pause Cleanup
[2025-01-08T00:25:02.388+0000][100772.754s][info][gc          ] GC(3815) Pause Cleanup 2625M->2625M(12288M) 0.426ms
[2025-01-08T00:25:02.388+0000][100772.754s][info][gc,cpu      ] GC(3815) User=0.00s Sys=0.00s Real=0.00s
[2025-01-08T00:25:02.388+0000][100772.754s][info][gc,marking  ] GC(3815) Concurrent Cleanup for Next Mark
[2025-01-08T00:25:02.403+0000][100772.769s][info][gc,marking  ] GC(3815) Concurrent Cleanup for Next Mark 15.364ms
[2025-01-08T00:25:02.403+0000][100772.769s][info][gc          ] GC(3815) Concurrent Mark Cycle 1258.861ms
[2025-01-08T00:25:18.990+0000][100789.356s][info][gc,start    ] GC(3816) Pause Young (Prepare Mixed) (G1 Evacuation Pause)
[2025-01-08T00:25:18.990+0000][100789.356s][info][gc,task     ] GC(3816) Using 6 workers of 6 for evacuation
[2025-01-08T00:25:19.033+0000][100789.399s][info][gc,phases   ] GC(3816)   Pre Evacuate Collection Set: 0.2ms
[2025-01-08T00:25:19.033+0000][100789.399s][info][gc,phases   ] GC(3816)   Merge Heap Roots: 0.6ms
[2025-01-08T00:25:19.033+0000][100789.399s][info][gc,phases   ] GC(3816)   Evacuate Collection Set: 39.1ms
[2025-01-08T00:25:19.033+0000][100789.399s][info][gc,phases   ] GC(3816)   Post Evacuate Collection Set: 2.5ms
[2025-01-08T00:25:19.033+0000][100789.399s][info][gc,phases   ] GC(3816)   Other: 0.2ms
[2025-01-08T00:25:19.033+0000][100789.399s][info][gc,heap     ] GC(3816) Eden regions: 862->0(64)
[2025-01-08T00:25:19.033+0000][100789.399s][info][gc,heap     ] GC(3816) Survivor regions: 12->12(110)
[2025-01-08T00:25:19.033+0000][100789.399s][info][gc,heap     ] GC(3816) Old regions: 247->247
[2025-01-08T00:25:19.033+0000][100789.399s][info][gc,heap     ] GC(3816) Archive regions: 2->2
[2025-01-08T00:25:19.033+0000][100789.399s][info][gc,heap     ] GC(3816) Humongous regions: 49->49
[2025-01-08T00:25:19.033+0000][100789.399s][info][gc,metaspace] GC(3816) Metaspace: 505554K(514432K)->505554K(514432K) NonClass: 443971K(448448K)->443971K(448448K) Class: 61582K(65984K)->61582K(65984K)
[2025-01-08T00:25:19.033+0000][100789.399s][info][gc          ] GC(3816) Pause Young (Prepare Mixed) (G1 Evacuation Pause) 9355M->2465M(12288M) 42.658ms
[2025-01-08T00:25:19.033+0000][100789.399s][info][gc,cpu      ] GC(3816) User=0.26s Sys=0.00s Real=0.04s
[2025-01-08T00:25:19.749+0000][100790.115s][info][gc,start    ] GC(3817) Pause Young (Mixed) (G1 Evacuation Pause)
[2025-01-08T00:25:19.749+0000][100790.115s][info][gc,task     ] GC(3817) Using 6 workers of 6 for evacuation
[2025-01-08T00:25:19.832+0000][100790.198s][info][gc,phases   ] GC(3817)   Pre Evacuate Collection Set: 0.2ms
[2025-01-08T00:25:19.832+0000][100790.198s][info][gc,phases   ] GC(3817)   Merge Heap Roots: 0.6ms
[2025-01-08T00:25:19.832+0000][100790.198s][info][gc,phases   ] GC(3817)   Evacuate Collection Set: 79.8ms
[2025-01-08T00:25:19.832+0000][100790.198s][info][gc,phases   ] GC(3817)   Post Evacuate Collection Set: 2.3ms
[2025-01-08T00:25:19.832+0000][100790.198s][info][gc,phases   ] GC(3817)   Other: 0.2ms
[2025-01-08T00:25:19.832+0000][100790.198s][info][gc,heap     ] GC(3817) Eden regions: 64->0(907)
[2025-01-08T00:25:19.832+0000][100790.198s][info][gc,heap     ] GC(3817) Survivor regions: 12->6(10)
[2025-01-08T00:25:19.832+0000][100790.198s][info][gc,heap     ] GC(3817) Old regions: 247->247
[2025-01-08T00:25:19.832+0000][100790.198s][info][gc,heap     ] GC(3817) Archive regions: 2->2
[2025-01-08T00:25:19.832+0000][100790.198s][info][gc,heap     ] GC(3817) Humongous regions: 49->49
[2025-01-08T00:25:19.832+0000][100790.198s][info][gc,metaspace] GC(3817) Metaspace: 505554K(514432K)->505554K(514432K) NonClass: 443971K(448448K)->443971K(448448K) Class: 61582K(65984K)->61582K(65984K)
[2025-01-08T00:25:19.832+0000][100790.198s][info][gc          ] GC(3817) Pause Young (Mixed) (G1 Evacuation Pause) 2977M->2413M(12288M) 83.230ms
[2025-01-08T00:25:19.832+0000][100790.198s][info][gc,cpu      ] GC(3817) User=0.47s Sys=0.00s Real=0.09s
[2025-01-08T00:25:29.703+0000][100800.069s][info][gc,start    ] GC(3818) Pause Young (Normal) (GCLocker Initiated GC)
[2025-01-08T00:25:29.703+0000][100800.069s][info][gc,task     ] GC(3818) Using 6 workers of 6 for evacuation
[2025-01-08T00:25:29.726+0000][100800.092s][info][gc,phases   ] GC(3818)   Pre Evacuate Collection Set: 0.2ms
[2025-01-08T00:25:29.726+0000][100800.092s][info][gc,phases   ] GC(3818)   Merge Heap Roots: 0.3ms
[2025-01-08T00:25:29.726+0000][100800.092s][info][gc,phases   ] GC(3818)   Evacuate Collection Set: 19.6ms
[2025-01-08T00:25:29.726+0000][100800.092s][info][gc,phases   ] GC(3818)   Post Evacuate Collection Set: 2.2ms
[2025-01-08T00:25:29.726+0000][100800.092s][info][gc,phases   ] GC(3818)   Other: 0.2ms
[2025-01-08T00:25:29.726+0000][100800.092s][info][gc,heap     ] GC(3818) Eden regions: 907->0(908)
[2025-01-08T00:25:29.726+0000][100800.092s][info][gc,heap     ] GC(3818) Survivor regions: 6->6(115)
[2025-01-08T00:25:29.726+0000][100800.092s][info][gc,heap     ] GC(3818) Old regions: 247->247
[2025-01-08T00:25:29.726+0000][100800.092s][info][gc,heap     ] GC(3818) Archive regions: 2->2
[2025-01-08T00:25:29.726+0000][100800.092s][info][gc,heap     ] GC(3818) Humongous regions: 49->49
[2025-01-08T00:25:29.726+0000][100800.092s][info][gc,metaspace] GC(3818) Metaspace: 505574K(514432K)->505574K(514432K) NonClass: 443989K(448448K)->443989K(448448K) Class: 61584K(65984K)->61584K(65984K)
[2025-01-08T00:25:29.726+0000][100800.092s][info][gc          ] GC(3818) Pause Young (Normal) (GCLocker Initiated GC) 9669M->2417M(12288M) 22.664ms
[2025-01-08T00:25:29.726+0000][100800.092s][info][gc,cpu      ] GC(3818) User=0.13s Sys=0.00s Real=0.02s
[2025-01-08T00:25:48.569+0000][100818.935s][info][gc,start    ] GC(3819) Pause Young (Normal) (G1 Evacuation Pause)
[2025-01-08T00:25:48.569+0000][100818.935s][info][gc,task     ] GC(3819) Using 6 workers of 6 for evacuation
[2025-01-08T00:25:48.598+0000][100818.964s][info][gc,phases   ] GC(3819)   Pre Evacuate Collection Set: 0.2ms
[2025-01-08T00:25:48.598+0000][100818.964s][info][gc,phases   ] GC(3819)   Merge Heap Roots: 0.4ms
[2025-01-08T00:25:48.598+0000][100818.964s][info][gc,phases   ] GC(3819)   Evacuate Collection Set: 25.0ms
[2025-01-08T00:25:48.598+0000][100818.964s][info][gc,phases   ] GC(3819)   Post Evacuate Collection Set: 2.7ms
[2025-01-08T00:25:48.598+0000][100818.964s][info][gc,phases   ] GC(3819)   Other: 0.2ms
[2025-01-08T00:25:48.598+0000][100818.964s][info][gc,heap     ] GC(3819) Eden regions: 908->0(907)
[2025-01-08T00:25:48.598+0000][100818.964s][info][gc,heap     ] GC(3819) Survivor regions: 6->8(115)
[2025-01-08T00:25:48.598+0000][100818.964s][info][gc,heap     ] GC(3819) Old regions: 247->247
[2025-01-08T00:25:48.598+0000][100818.964s][info][gc,heap     ] GC(3819) Archive regions: 2->2
[2025-01-08T00:25:48.598+0000][100818.964s][info][gc,heap     ] GC(3819) Humongous regions: 49->49
[2025-01-08T00:25:48.598+0000][100818.964s][info][gc,metaspace] GC(3819) Metaspace: 505599K(514496K)->505599K(514496K) NonClass: 444013K(448512K)->444013K(448512K) Class: 61585K(65984K)->61585K(65984K)
[2025-01-08T00:25:48.598+0000][100818.964s][info][gc          ] GC(3819) Pause Young (Normal) (G1 Evacuation Pause) 9681M->2429M(12288M) 28.548ms
[2025-01-08T00:25:48.598+0000][100818.964s][info][gc,cpu      ] GC(3819) User=0.17s Sys=0.00s Real=0.03s
[2025-01-08T00:26:04.157+0000][100834.523s][info][gc,start    ] GC(3820) Pause Young (Concurrent Start) (G1 Evacuation Pause)
[2025-01-08T00:26:04.157+0000][100834.523s][info][gc,task     ] GC(3820) Using 6 workers of 6 for evacuation
[2025-01-08T00:26:04.191+0000][100834.557s][info][gc,phases   ] GC(3820)   Pre Evacuate Collection Set: 1.1ms
[2025-01-08T00:26:04.191+0000][100834.557s][info][gc,phases   ] GC(3820)   Merge Heap Roots: 0.4ms
[2025-01-08T00:26:04.191+0000][100834.557s][info][gc,phases   ] GC(3820)   Evacuate Collection Set: 30.4ms
[2025-01-08T00:26:04.191+0000][100834.557s][info][gc,phases   ] GC(3820)   Post Evacuate Collection Set: 2.5ms
[2025-01-08T00:26:04.191+0000][100834.557s][info][gc,phases   ] GC(3820)   Other: 0.3ms
[2025-01-08T00:26:04.191+0000][100834.557s][info][gc,heap     ] GC(3820) Eden regions: 907->0(905)
[2025-01-08T00:26:04.191+0000][100834.557s][info][gc,heap     ] GC(3820) Survivor regions: 8->10(115)
[2025-01-08T00:26:04.191+0000][100834.557s][info][gc,heap     ] GC(3820) Old regions: 247->247
[2025-01-08T00:26:04.191+0000][100834.557s][info][gc,heap     ] GC(3820) Archive regions: 2->2
[2025-01-08T00:26:04.191+0000][100834.557s][info][gc,heap     ] GC(3820) Humongous regions: 49->49
[2025-01-08T00:26:04.191+0000][100834.557s][info][gc,metaspace] GC(3820) Metaspace: 505624K(514496K)->505624K(514496K) NonClass: 444038K(448512K)->444038K(448512K) Class: 61586K(65984K)->61586K(65984K)
[2025-01-08T00:26:04.191+0000][100834.557s][info][gc          ] GC(3820) Pause Young (Concurrent Start) (G1 Evacuation Pause) 9685M->2444M(12288M) 34.764ms
[2025-01-08T00:26:04.191+0000][100834.557s][info][gc,cpu      ] GC(3820) User=0.20s Sys=0.00s Real=0.04s
[2025-01-08T00:26:04.191+0000][100834.557s][info][gc          ] GC(3821) Concurrent Mark Cycle
[2025-01-08T00:26:04.191+0000][100834.558s][info][gc,marking  ] GC(3821) Concurrent Clear Claimed Marks
[2025-01-08T00:26:04.192+0000][100834.558s][info][gc,marking  ] GC(3821) Concurrent Clear Claimed Marks 0.838ms
[2025-01-08T00:26:04.192+0000][100834.558s][info][gc,marking  ] GC(3821) Concurrent Scan Root Regions
[2025-01-08T00:26:04.210+0000][100834.576s][info][gc,marking  ] GC(3821) Concurrent Scan Root Regions 18.064ms
[2025-01-08T00:26:04.210+0000][100834.576s][info][gc,marking  ] GC(3821) Concurrent Mark
[2025-01-08T00:26:04.210+0000][100834.576s][info][gc,marking  ] GC(3821) Concurrent Mark From Roots
[2025-01-08T00:26:04.210+0000][100834.576s][info][gc,task     ] GC(3821) Using 2 workers of 2 for marking
[2025-01-08T00:26:04.949+0000][100835.315s][info][gc,marking  ] GC(3821) Concurrent Mark From Roots 738.610ms
[2025-01-08T00:26:04.949+0000][100835.315s][info][gc,marking  ] GC(3821) Concurrent Preclean
[2025-01-08T00:26:04.951+0000][100835.317s][info][gc,marking  ] GC(3821) Concurrent Preclean 1.804ms
[2025-01-08T00:26:04.951+0000][100835.317s][info][gc,start    ] GC(3821) Pause Remark
[2025-01-08T00:26:05.006+0000][100835.372s][info][gc          ] GC(3821) Pause Remark 2690M->2690M(12288M) 55.278ms
[2025-01-08T00:26:05.006+0000][100835.372s][info][gc,cpu      ] GC(3821) User=0.30s Sys=0.00s Real=0.05s
[2025-01-08T00:26:05.006+0000][100835.373s][info][gc,marking  ] GC(3821) Concurrent Mark 796.140ms
[2025-01-08T00:26:05.007+0000][100835.373s][info][gc,marking  ] GC(3821) Concurrent Rebuild Remembered Sets
[2025-01-08T00:26:05.461+0000][100835.827s][info][gc,marking  ] GC(3821) Concurrent Rebuild Remembered Sets 454.565ms
[2025-01-08T00:26:05.461+0000][100835.827s][info][gc,start    ] GC(3821) Pause Cleanup
[2025-01-08T00:26:05.462+0000][100835.828s][info][gc          ] GC(3821) Pause Cleanup 2783M->2783M(12288M) 0.433ms
[2025-01-08T00:26:05.462+0000][100835.828s][info][gc,cpu      ] GC(3821) User=0.00s Sys=0.00s Real=0.01s
[2025-01-08T00:26:05.462+0000][100835.828s][info][gc,marking  ] GC(3821) Concurrent Cleanup for Next Mark
[2025-01-08T00:26:05.477+0000][100835.843s][info][gc,marking  ] GC(3821) Concurrent Cleanup for Next Mark 15.319ms
[2025-01-08T00:26:05.477+0000][100835.843s][info][gc          ] GC(3821) Concurrent Mark Cycle 1285.748ms
[2025-01-08T00:26:16.187+0000][100846.553s][info][gc,start    ] GC(3822) Pause Young (Prepare Mixed) (G1 Evacuation Pause)
[2025-01-08T00:26:16.187+0000][100846.553s][info][gc,task     ] GC(3822) Using 6 workers of 6 for evacuation
[2025-01-08T00:26:16.224+0000][100846.590s][info][gc,phases   ] GC(3822)   Pre Evacuate Collection Set: 0.2ms
[2025-01-08T00:26:16.224+0000][100846.590s][info][gc,phases   ] GC(3822)   Merge Heap Roots: 0.5ms
[2025-01-08T00:26:16.224+0000][100846.590s][info][gc,phases   ] GC(3822)   Evacuate Collection Set: 32.5ms
[2025-01-08T00:26:16.224+0000][100846.590s][info][gc,phases   ] GC(3822)   Post Evacuate Collection Set: 4.0ms
[2025-01-08T00:26:16.224+0000][100846.590s][info][gc,phases   ] GC(3822)   Other: 0.2ms
[2025-01-08T00:26:16.224+0000][100846.590s][info][gc,heap     ] GC(3822) Eden regions: 905->0(64)
[2025-01-08T00:26:16.224+0000][100846.590s][info][gc,heap     ] GC(3822) Survivor regions: 10->12(115)
[2025-01-08T00:26:16.224+0000][100846.590s][info][gc,heap     ] GC(3822) Old regions: 247->247
[2025-01-08T00:26:16.224+0000][100846.590s][info][gc,heap     ] GC(3822) Archive regions: 2->2
[2025-01-08T00:26:16.224+0000][100846.590s][info][gc,heap     ] GC(3822) Humongous regions: 49->49
[2025-01-08T00:26:16.224+0000][100846.590s][info][gc,metaspace] GC(3822) Metaspace: 505648K(514496K)->505648K(514496K) NonClass: 444061K(448512K)->444061K(448512K) Class: 61586K(65984K)->61586K(65984K)
[2025-01-08T00:26:16.224+0000][100846.590s][info][gc          ] GC(3822) Pause Young (Prepare Mixed) (G1 Evacuation Pause) 9684M->2463M(12288M) 37.384ms
[2025-01-08T00:26:16.224+0000][100846.590s][info][gc,cpu      ] GC(3822) User=0.22s Sys=0.00s Real=0.04s
[2025-01-08T00:26:16.871+0000][100847.237s][info][gc,start    ] GC(3823) Pause Young (Mixed) (G1 Evacuation Pause)
[2025-01-08T00:26:16.871+0000][100847.237s][info][gc,task     ] GC(3823) Using 6 workers of 6 for evacuation
[2025-01-08T00:26:16.935+0000][100847.301s][info][gc,phases   ] GC(3823)   Pre Evacuate Collection Set: 0.2ms
[2025-01-08T00:26:16.935+0000][100847.301s][info][gc,phases   ] GC(3823)   Merge Heap Roots: 0.5ms
[2025-01-08T00:26:16.935+0000][100847.301s][info][gc,phases   ] GC(3823)   Evacuate Collection Set: 61.5ms
[2025-01-08T00:26:16.935+0000][100847.301s][info][gc,phases   ] GC(3823)   Post Evacuate Collection Set: 1.7ms
[2025-01-08T00:26:16.935+0000][100847.301s][info][gc,phases   ] GC(3823)   Other: 0.2ms
[2025-01-08T00:26:16.935+0000][100847.301s][info][gc,heap     ] GC(3823) Eden regions: 64->0(909)
[2025-01-08T00:26:16.935+0000][100847.301s][info][gc,heap     ] GC(3823) Survivor regions: 12->4(10)
[2025-01-08T00:26:16.935+0000][100847.301s][info][gc,heap     ] GC(3823) Old regions: 247->248
[2025-01-08T00:26:16.935+0000][100847.301s][info][gc,heap     ] GC(3823) Archive regions: 2->2
[2025-01-08T00:26:16.935+0000][100847.301s][info][gc,heap     ] GC(3823) Humongous regions: 49->49
[2025-01-08T00:26:16.935+0000][100847.301s][info][gc,metaspace] GC(3823) Metaspace: 505648K(514496K)->505648K(514496K) NonClass: 444061K(448512K)->444061K(448512K) Class: 61586K(65984K)->61586K(65984K)
[2025-01-08T00:26:16.935+0000][100847.301s][info][gc          ] GC(3823) Pause Young (Mixed) (G1 Evacuation Pause) 2975M->2405M(12288M) 64.108ms
[2025-01-08T00:26:16.935+0000][100847.301s][info][gc,cpu      ] GC(3823) User=0.37s Sys=0.00s Real=0.06s
[2025-01-08T00:26:28.298+0000][100858.664s][info][gc,start    ] GC(3824) Pause Young (Normal) (G1 Evacuation Pause)
[2025-01-08T00:26:28.298+0000][100858.664s][info][gc,task     ] GC(3824) Using 6 workers of 6 for evacuation
[2025-01-08T00:26:28.315+0000][100858.681s][info][gc,phases   ] GC(3824)   Pre Evacuate Collection Set: 0.2ms
[2025-01-08T00:26:28.315+0000][100858.681s][info][gc,phases   ] GC(3824)   Merge Heap Roots: 0.3ms
[2025-01-08T00:26:28.315+0000][100858.681s][info][gc,phases   ] GC(3824)   Evacuate Collection Set: 14.0ms
[2025-01-08T00:26:28.315+0000][100858.681s][info][gc,phases   ] GC(3824)   Post Evacuate Collection Set: 2.3ms
[2025-01-08T00:26:28.315+0000][100858.681s][info][gc,phases   ] GC(3824)   Other: 0.2ms
[2025-01-08T00:26:28.315+0000][100858.681s][info][gc,heap     ] GC(3824) Eden regions: 909->0(909)
[2025-01-08T00:26:28.315+0000][100858.681s][info][gc,heap     ] GC(3824) Survivor regions: 4->5(115)
[2025-01-08T00:26:28.315+0000][100858.681s][info][gc,heap     ] GC(3824) Old regions: 248->248
[2025-01-08T00:26:28.315+0000][100858.681s][info][gc,heap     ] GC(3824) Archive regions: 2->2
[2025-01-08T00:26:28.315+0000][100858.681s][info][gc,heap     ] GC(3824) Humongous regions: 49->49
[2025-01-08T00:26:28.315+0000][100858.681s][info][gc,metaspace] GC(3824) Metaspace: 505709K(514560K)->505709K(514560K) NonClass: 444121K(448576K)->444121K(448576K) Class: 61588K(65984K)->61588K(65984K)
[2025-01-08T00:26:28.315+0000][100858.681s][info][gc          ] GC(3824) Pause Young (Normal) (G1 Evacuation Pause) 9677M->2409M(12288M) 17.148ms
[2025-01-08T00:26:28.315+0000][100858.681s][info][gc,cpu      ] GC(3824) User=0.10s Sys=0.00s Real=0.02s
[2025-01-08T00:26:38.932+0000][100869.298s][info][gc,start    ] GC(3825) Pause Young (Normal) (G1 Evacuation Pause)
[2025-01-08T00:26:38.932+0000][100869.298s][info][gc,task     ] GC(3825) Using 6 workers of 6 for evacuation
[2025-01-08T00:26:38.952+0000][100869.318s][info][gc,phases   ] GC(3825)   Pre Evacuate Collection Set: 0.2ms
[2025-01-08T00:26:38.952+0000][100869.318s][info][gc,phases   ] GC(3825)   Merge Heap Roots: 0.3ms
[2025-01-08T00:26:38.952+0000][100869.318s][info][gc,phases   ] GC(3825)   Evacuate Collection Set: 16.6ms
[2025-01-08T00:26:38.952+0000][100869.318s][info][gc,phases   ] GC(3825)   Post Evacuate Collection Set: 2.4ms
[2025-01-08T00:26:38.952+0000][100869.318s][info][gc,phases   ] GC(3825)   Other: 0.2ms
[2025-01-08T00:26:38.952+0000][100869.318s][info][gc,heap     ] GC(3825) Eden regions: 909->0(908)
[2025-01-08T00:26:38.952+0000][100869.318s][info][gc,heap     ] GC(3825) Survivor regions: 5->6(115)
[2025-01-08T00:26:38.952+0000][100869.318s][info][gc,heap     ] GC(3825) Old regions: 248->248
[2025-01-08T00:26:38.952+0000][100869.318s][info][gc,heap     ] GC(3825) Archive regions: 2->2
[2025-01-08T00:26:38.952+0000][100869.318s][info][gc,heap     ] GC(3825) Humongous regions: 49->49
[2025-01-08T00:26:38.952+0000][100869.318s][info][gc,metaspace] GC(3825) Metaspace: 505732K(514624K)->505732K(514624K) NonClass: 444141K(448640K)->444141K(448640K) Class: 61591K(65984K)->61591K(65984K)
[2025-01-08T00:26:38.952+0000][100869.318s][info][gc          ] GC(3825) Pause Young (Normal) (G1 Evacuation Pause) 9681M->2423M(12288M) 19.763ms
[2025-01-08T00:26:38.952+0000][100869.318s][info][gc,cpu      ] GC(3825) User=0.11s Sys=0.00s Real=0.02s
[2025-01-08T00:26:51.814+0000][100882.180s][info][gc,start    ] GC(3826) Pause Young (Concurrent Start) (G1 Evacuation Pause)
[2025-01-08T00:26:51.814+0000][100882.180s][info][gc,task     ] GC(3826) Using 6 workers of 6 for evacuation
[2025-01-08T00:26:51.844+0000][100882.210s][info][gc,phases   ] GC(3826)   Pre Evacuate Collection Set: 1.1ms
[2025-01-08T00:26:51.844+0000][100882.210s][info][gc,phases   ] GC(3826)   Merge Heap Roots: 0.4ms
[2025-01-08T00:26:51.844+0000][100882.210s][info][gc,phases   ] GC(3826)   Evacuate Collection Set: 25.3ms
[2025-01-08T00:26:51.844+0000][100882.210s][info][gc,phases   ] GC(3826)   Post Evacuate Collection Set: 2.5ms
[2025-01-08T00:26:51.844+0000][100882.210s][info][gc,phases   ] GC(3826)   Other: 0.3ms
[2025-01-08T00:26:51.844+0000][100882.210s][info][gc,heap     ] GC(3826) Eden regions: 908->0(906)
[2025-01-08T00:26:51.844+0000][100882.210s][info][gc,heap     ] GC(3826) Survivor regions: 6->8(115)
[2025-01-08T00:26:51.844+0000][100882.210s][info][gc,heap     ] GC(3826) Old regions: 248->248
[2025-01-08T00:26:51.844+0000][100882.210s][info][gc,heap     ] GC(3826) Archive regions: 2->2
[2025-01-08T00:26:51.844+0000][100882.210s][info][gc,heap     ] GC(3826) Humongous regions: 49->49
[2025-01-08T00:26:51.844+0000][100882.210s][info][gc,metaspace] GC(3826) Metaspace: 505744K(514624K)->505744K(514624K) NonClass: 444152K(448640K)->444152K(448640K) Class: 61591K(65984K)->61591K(65984K)
[2025-01-08T00:26:51.844+0000][100882.210s][info][gc          ] GC(3826) Pause Young (Concurrent Start) (G1 Evacuation Pause) 9687M->2438M(12288M) 29.620ms
[2025-01-08T00:26:51.844+0000][100882.210s][info][gc,cpu      ] GC(3826) User=0.17s Sys=0.00s Real=0.03s
[2025-01-08T00:26:51.844+0000][100882.210s][info][gc          ] GC(3827) Concurrent Mark Cycle
[2025-01-08T00:26:51.844+0000][100882.210s][info][gc,marking  ] GC(3827) Concurrent Clear Claimed Marks
[2025-01-08T00:26:51.845+0000][100882.211s][info][gc,marking  ] GC(3827) Concurrent Clear Claimed Marks 0.885ms
[2025-01-08T00:26:51.845+0000][100882.211s][info][gc,marking  ] GC(3827) Concurrent Scan Root Regions
[2025-01-08T00:26:51.867+0000][100882.233s][info][gc,marking  ] GC(3827) Concurrent Scan Root Regions 22.153ms
[2025-01-08T00:26:51.867+0000][100882.233s][info][gc,marking  ] GC(3827) Concurrent Mark
[2025-01-08T00:26:51.867+0000][100882.233s][info][gc,marking  ] GC(3827) Concurrent Mark From Roots
[2025-01-08T00:26:51.867+0000][100882.233s][info][gc,task     ] GC(3827) Using 2 workers of 2 for marking
[2025-01-08T00:26:52.794+0000][100883.160s][info][gc,marking  ] GC(3827) Concurrent Mark From Roots 926.903ms
[2025-01-08T00:26:52.794+0000][100883.160s][info][gc,marking  ] GC(3827) Concurrent Preclean
[2025-01-08T00:26:52.796+0000][100883.162s][info][gc,marking  ] GC(3827) Concurrent Preclean 1.985ms
[2025-01-08T00:26:52.796+0000][100883.162s][info][gc,start    ] GC(3827) Pause Remark
[2025-01-08T00:26:52.822+0000][100883.188s][info][gc          ] GC(3827) Pause Remark 3215M->3215M(12288M) 25.886ms
[2025-01-08T00:26:52.822+0000][100883.188s][info][gc,cpu      ] GC(3827) User=0.15s Sys=0.00s Real=0.03s
[2025-01-08T00:26:52.822+0000][100883.188s][info][gc,marking  ] GC(3827) Concurrent Mark 955.177ms
[2025-01-08T00:26:52.822+0000][100883.188s][info][gc,marking  ] GC(3827) Concurrent Rebuild Remembered Sets
[2025-01-08T00:26:53.272+0000][100883.639s][info][gc,marking  ] GC(3827) Concurrent Rebuild Remembered Sets 450.379ms
[2025-01-08T00:26:53.273+0000][100883.639s][info][gc,start    ] GC(3827) Pause Cleanup
[2025-01-08T00:26:53.273+0000][100883.639s][info][gc          ] GC(3827) Pause Cleanup 3566M->3566M(12288M) 0.408ms
[2025-01-08T00:26:53.273+0000][100883.639s][info][gc,cpu      ] GC(3827) User=0.00s Sys=0.00s Real=0.00s
[2025-01-08T00:26:53.273+0000][100883.639s][info][gc,marking  ] GC(3827) Concurrent Cleanup for Next Mark
[2025-01-08T00:26:53.301+0000][100883.667s][info][gc,marking  ] GC(3827) Concurrent Cleanup for Next Mark 27.980ms
[2025-01-08T00:26:53.301+0000][100883.667s][info][gc          ] GC(3827) Concurrent Mark Cycle 1457.373ms
[2025-01-08T00:27:02.188+0000][100892.554s][info][gc,start    ] GC(3828) Pause Young (Prepare Mixed) (G1 Evacuation Pause)
[2025-01-08T00:27:02.188+0000][100892.554s][info][gc,task     ] GC(3828) Using 6 workers of 6 for evacuation
[2025-01-08T00:27:02.217+0000][100892.583s][info][gc,phases   ] GC(3828)   Pre Evacuate Collection Set: 0.2ms
[2025-01-08T00:27:02.217+0000][100892.583s][info][gc,phases   ] GC(3828)   Merge Heap Roots: 0.5ms
[2025-01-08T00:27:02.217+0000][100892.583s][info][gc,phases   ] GC(3828)   Evacuate Collection Set: 26.0ms
[2025-01-08T00:27:02.217+0000][100892.583s][info][gc,phases   ] GC(3828)   Post Evacuate Collection Set: 2.5ms
[2025-01-08T00:27:02.217+0000][100892.583s][info][gc,phases   ] GC(3828)   Other: 0.2ms
[2025-01-08T00:27:02.217+0000][100892.584s][info][gc,heap     ] GC(3828) Eden regions: 906->0(67)
[2025-01-08T00:27:02.217+0000][100892.584s][info][gc,heap     ] GC(3828) Survivor regions: 8->9(115)
[2025-01-08T00:27:02.217+0000][100892.584s][info][gc,heap     ] GC(3828) Old regions: 248->248
[2025-01-08T00:27:02.217+0000][100892.584s][info][gc,heap     ] GC(3828) Archive regions: 2->2
[2025-01-08T00:27:02.217+0000][100892.584s][info][gc,heap     ] GC(3828) Humongous regions: 49->49
[2025-01-08T00:27:02.217+0000][100892.584s][info][gc,metaspace] GC(3828) Metaspace: 505767K(514624K)->505767K(514624K) NonClass: 444173K(448640K)->444173K(448640K) Class: 61593K(65984K)->61593K(65984K)
[2025-01-08T00:27:02.217+0000][100892.584s][info][gc          ] GC(3828) Pause Young (Prepare Mixed) (G1 Evacuation Pause) 9686M->2445M(12288M) 29.554ms
[2025-01-08T00:27:02.218+0000][100892.584s][info][gc,cpu      ] GC(3828) User=0.17s Sys=0.00s Real=0.03s
[2025-01-08T00:27:02.588+0000][100892.954s][info][gc,start    ] GC(3829) Pause Young (Mixed) (G1 Evacuation Pause)
[2025-01-08T00:27:02.588+0000][100892.954s][info][gc,task     ] GC(3829) Using 6 workers of 6 for evacuation
[2025-01-08T00:27:02.641+0000][100893.007s][info][gc,phases   ] GC(3829)   Pre Evacuate Collection Set: 0.2ms
[2025-01-08T00:27:02.641+0000][100893.007s][info][gc,phases   ] GC(3829)   Merge Heap Roots: 0.4ms
[2025-01-08T00:27:02.641+0000][100893.007s][info][gc,phases   ] GC(3829)   Evacuate Collection Set: 50.7ms
[2025-01-08T00:27:02.641+0000][100893.007s][info][gc,phases   ] GC(3829)   Post Evacuate Collection Set: 1.7ms
[2025-01-08T00:27:02.641+0000][100893.007s][info][gc,phases   ] GC(3829)   Other: 0.2ms
[2025-01-08T00:27:02.641+0000][100893.007s][info][gc,heap     ] GC(3829) Eden regions: 67->0(911)
[2025-01-08T00:27:02.641+0000][100893.007s][info][gc,heap     ] GC(3829) Survivor regions: 9->6(10)
[2025-01-08T00:27:02.641+0000][100893.007s][info][gc,heap     ] GC(3829) Old regions: 248->245
[2025-01-08T00:27:02.641+0000][100893.007s][info][gc,heap     ] GC(3829) Archive regions: 2->2
[2025-01-08T00:27:02.641+0000][100893.007s][info][gc,heap     ] GC(3829) Humongous regions: 49->49
[2025-01-08T00:27:02.641+0000][100893.007s][info][gc,metaspace] GC(3829) Metaspace: 505767K(514624K)->505767K(514624K) NonClass: 444173K(448640K)->444173K(448640K) Class: 61593K(65984K)->61593K(65984K)
[2025-01-08T00:27:02.641+0000][100893.007s][info][gc          ] GC(3829) Pause Young (Mixed) (G1 Evacuation Pause) 2981M->2402M(12288M) 53.164ms
[2025-01-08T00:27:02.641+0000][100893.007s][info][gc,cpu      ] GC(3829) User=0.32s Sys=0.00s Real=0.05s
[2025-01-08T00:27:13.895+0000][100904.262s][info][gc,start    ] GC(3830) Pause Young (Normal) (G1 Evacuation Pause)
[2025-01-08T00:27:13.895+0000][100904.262s][info][gc,task     ] GC(3830) Using 6 workers of 6 for evacuation
[2025-01-08T00:27:13.922+0000][100904.288s][info][gc,phases   ] GC(3830)   Pre Evacuate Collection Set: 0.2ms
[2025-01-08T00:27:13.922+0000][100904.288s][info][gc,phases   ] GC(3830)   Merge Heap Roots: 0.4ms
[2025-01-08T00:27:13.922+0000][100904.288s][info][gc,phases   ] GC(3830)   Evacuate Collection Set: 23.0ms
[2025-01-08T00:27:13.922+0000][100904.288s][info][gc,phases   ] GC(3830)   Post Evacuate Collection Set: 2.5ms
[2025-01-08T00:27:13.922+0000][100904.288s][info][gc,phases   ] GC(3830)   Other: 0.2ms
[2025-01-08T00:27:13.922+0000][100904.288s][info][gc,heap     ] GC(3830) Eden regions: 911->0(911)
[2025-01-08T00:27:13.922+0000][100904.288s][info][gc,heap     ] GC(3830) Survivor regions: 6->7(115)
[2025-01-08T00:27:13.922+0000][100904.288s][info][gc,heap     ] GC(3830) Old regions: 245->245
[2025-01-08T00:27:13.922+0000][100904.288s][info][gc,heap     ] GC(3830) Archive regions: 2->2
[2025-01-08T00:27:13.922+0000][100904.288s][info][gc,heap     ] GC(3830) Humongous regions: 49->49
[2025-01-08T00:27:13.922+0000][100904.288s][info][gc,metaspace] GC(3830) Metaspace: 505785K(514624K)->505785K(514624K) NonClass: 444191K(448640K)->444191K(448640K) Class: 61593K(65984K)->61593K(65984K)
[2025-01-08T00:27:13.922+0000][100904.288s][info][gc          ] GC(3830) Pause Young (Normal) (G1 Evacuation Pause) 9690M->2410M(12288M) 26.423ms
[2025-01-08T00:27:13.922+0000][100904.288s][info][gc,cpu      ] GC(3830) User=0.15s Sys=0.00s Real=0.03s
[2025-01-08T00:27:27.910+0000][100918.277s][info][gc,start    ] GC(3831) Pause Young (Normal) (G1 Evacuation Pause)
[2025-01-08T00:27:27.910+0000][100918.277s][info][gc,task     ] GC(3831) Using 6 workers of 6 for evacuation
[2025-01-08T00:27:27.944+0000][100918.310s][info][gc,phases   ] GC(3831)   Pre Evacuate Collection Set: 0.2ms
[2025-01-08T00:27:27.944+0000][100918.310s][info][gc,phases   ] GC(3831)   Merge Heap Roots: 0.4ms
[2025-01-08T00:27:27.944+0000][100918.310s][info][gc,phases   ] GC(3831)   Evacuate Collection Set: 29.0ms
[2025-01-08T00:27:27.944+0000][100918.310s][info][gc,phases   ] GC(3831)   Post Evacuate Collection Set: 3.9ms
[2025-01-08T00:27:27.944+0000][100918.310s][info][gc,phases   ] GC(3831)   Other: 0.2ms
[2025-01-08T00:27:27.944+0000][100918.310s][info][gc,heap     ] GC(3831) Eden regions: 911->0(906)
[2025-01-08T00:27:27.944+0000][100918.310s][info][gc,heap     ] GC(3831) Survivor regions: 7->10(115)
[2025-01-08T00:27:27.944+0000][100918.310s][info][gc,heap     ] GC(3831) Old regions: 245->245
[2025-01-08T00:27:27.944+0000][100918.310s][info][gc,heap     ] GC(3831) Archive regions: 2->2
[2025-01-08T00:27:27.944+0000][100918.310s][info][gc,heap     ] GC(3831) Humongous regions: 49->49
[2025-01-08T00:27:27.944+0000][100918.310s][info][gc,metaspace] GC(3831) Metaspace: 505807K(514688K)->505807K(514688K) NonClass: 444213K(448704K)->444213K(448704K) Class: 61593K(65984K)->61593K(65984K)
[2025-01-08T00:27:27.944+0000][100918.310s][info][gc          ] GC(3831) Pause Young (Normal) (G1 Evacuation Pause) 9698M->2437M(12288M) 33.817ms
[2025-01-08T00:27:27.944+0000][100918.310s][info][gc,cpu      ] GC(3831) User=0.20s Sys=0.00s Real=0.03s
[2025-01-08T00:27:34.515+0000][100924.881s][info][gc,start    ] GC(3832) Pause Young (Concurrent Start) (G1 Evacuation Pause)
[2025-01-08T00:27:34.515+0000][100924.881s][info][gc,task     ] GC(3832) Using 6 workers of 6 for evacuation
[2025-01-08T00:27:34.553+0000][100924.920s][info][gc,phases   ] GC(3832)   Pre Evacuate Collection Set: 1.0ms
[2025-01-08T00:27:34.554+0000][100924.920s][info][gc,phases   ] GC(3832)   Merge Heap Roots: 0.4ms
[2025-01-08T00:27:34.554+0000][100924.920s][info][gc,phases   ] GC(3832)   Evacuate Collection Set: 33.8ms
[2025-01-08T00:27:34.554+0000][100924.920s][info][gc,phases   ] GC(3832)   Post Evacuate Collection Set: 2.8ms
[2025-01-08T00:27:34.554+0000][100924.920s][info][gc,phases   ] GC(3832)   Other: 0.3ms
[2025-01-08T00:27:34.554+0000][100924.920s][info][gc,heap     ] GC(3832) Eden regions: 906->0(906)
[2025-01-08T00:27:34.554+0000][100924.920s][info][gc,heap     ] GC(3832) Survivor regions: 10->10(115)
[2025-01-08T00:27:34.554+0000][100924.920s][info][gc,heap     ] GC(3832) Old regions: 245->245
[2025-01-08T00:27:34.554+0000][100924.920s][info][gc,heap     ] GC(3832) Archive regions: 2->2
[2025-01-08T00:27:34.554+0000][100924.920s][info][gc,heap     ] GC(3832) Humongous regions: 49->49
[2025-01-08T00:27:34.554+0000][100924.920s][info][gc,metaspace] GC(3832) Metaspace: 505827K(514688K)->505827K(514688K) NonClass: 444233K(448704K)->444233K(448704K) Class: 61593K(65984K)->61593K(65984K)
[2025-01-08T00:27:34.554+0000][100924.920s][info][gc          ] GC(3832) Pause Young (Concurrent Start) (G1 Evacuation Pause) 9685M->2437M(12288M) 38.329ms
[2025-01-08T00:27:34.554+0000][100924.920s][info][gc,cpu      ] GC(3832) User=0.22s Sys=0.00s Real=0.04s
[2025-01-08T00:27:34.554+0000][100924.920s][info][gc          ] GC(3833) Concurrent Mark Cycle
[2025-01-08T00:27:34.554+0000][100924.920s][info][gc,marking  ] GC(3833) Concurrent Clear Claimed Marks
[2025-01-08T00:27:34.555+0000][100924.921s][info][gc,marking  ] GC(3833) Concurrent Clear Claimed Marks 0.916ms
[2025-01-08T00:27:34.555+0000][100924.921s][info][gc,marking  ] GC(3833) Concurrent Scan Root Regions
[2025-01-08T00:27:34.582+0000][100924.948s][info][gc,marking  ] GC(3833) Concurrent Scan Root Regions 27.389ms
[2025-01-08T00:27:34.582+0000][100924.948s][info][gc,marking  ] GC(3833) Concurrent Mark
[2025-01-08T00:27:34.582+0000][100924.948s][info][gc,marking  ] GC(3833) Concurrent Mark From Roots
[2025-01-08T00:27:34.582+0000][100924.948s][info][gc,task     ] GC(3833) Using 2 workers of 2 for marking
[2025-01-08T00:27:35.447+0000][100925.813s][info][gc,marking  ] GC(3833) Concurrent Mark From Roots 865.173ms
[2025-01-08T00:27:35.447+0000][100925.813s][info][gc,marking  ] GC(3833) Concurrent Preclean
[2025-01-08T00:27:35.449+0000][100925.815s][info][gc,marking  ] GC(3833) Concurrent Preclean 1.705ms
[2025-01-08T00:27:35.449+0000][100925.815s][info][gc,start    ] GC(3833) Pause Remark
[2025-01-08T00:27:35.477+0000][100925.843s][info][gc          ] GC(3833) Pause Remark 3089M->3089M(12288M) 27.474ms
[2025-01-08T00:27:35.477+0000][100925.843s][info][gc,cpu      ] GC(3833) User=0.15s Sys=0.00s Real=0.03s
[2025-01-08T00:27:35.477+0000][100925.843s][info][gc,marking  ] GC(3833) Concurrent Mark 894.686ms
[2025-01-08T00:27:35.477+0000][100925.843s][info][gc,marking  ] GC(3833) Concurrent Rebuild Remembered Sets
[2025-01-08T00:27:35.938+0000][100926.304s][info][gc,marking  ] GC(3833) Concurrent Rebuild Remembered Sets 461.017ms
[2025-01-08T00:27:35.938+0000][100926.304s][info][gc,start    ] GC(3833) Pause Cleanup
[2025-01-08T00:27:35.938+0000][100926.304s][info][gc          ] GC(3833) Pause Cleanup 3189M->3189M(12288M) 0.441ms
[2025-01-08T00:27:35.938+0000][100926.305s][info][gc,cpu      ] GC(3833) User=0.00s Sys=0.00s Real=0.00s
[2025-01-08T00:27:35.938+0000][100926.305s][info][gc,marking  ] GC(3833) Concurrent Cleanup for Next Mark
[2025-01-08T00:27:35.968+0000][100926.334s][info][gc,marking  ] GC(3833) Concurrent Cleanup for Next Mark 29.111ms
[2025-01-08T00:27:35.968+0000][100926.334s][info][gc          ] GC(3833) Concurrent Mark Cycle 1413.974ms
[2025-01-08T00:27:46.471+0000][100936.837s][info][gc,start    ] GC(3834) Pause Young (Prepare Mixed) (G1 Evacuation Pause)
[2025-01-08T00:27:46.471+0000][100936.837s][info][gc,task     ] GC(3834) Using 6 workers of 6 for evacuation
[2025-01-08T00:27:46.510+0000][100936.876s][info][gc,phases   ] GC(3834)   Pre Evacuate Collection Set: 0.2ms
[2025-01-08T00:27:46.510+0000][100936.876s][info][gc,phases   ] GC(3834)   Merge Heap Roots: 0.5ms
[2025-01-08T00:27:46.510+0000][100936.876s][info][gc,phases   ] GC(3834)   Evacuate Collection Set: 34.4ms
[2025-01-08T00:27:46.510+0000][100936.876s][info][gc,phases   ] GC(3834)   Post Evacuate Collection Set: 4.2ms
[2025-01-08T00:27:46.510+0000][100936.876s][info][gc,phases   ] GC(3834)   Other: 0.2ms
[2025-01-08T00:27:46.510+0000][100936.876s][info][gc,heap     ] GC(3834) Eden regions: 906->0(65)
[2025-01-08T00:27:46.510+0000][100936.876s][info][gc,heap     ] GC(3834) Survivor regions: 10->11(115)
[2025-01-08T00:27:46.510+0000][100936.876s][info][gc,heap     ] GC(3834) Old regions: 245->245
[2025-01-08T00:27:46.510+0000][100936.876s][info][gc,heap     ] GC(3834) Archive regions: 2->2
[2025-01-08T00:27:46.510+0000][100936.876s][info][gc,heap     ] GC(3834) Humongous regions: 49->49
[2025-01-08T00:27:46.510+0000][100936.876s][info][gc,metaspace] GC(3834) Metaspace: 505926K(514752K)->505926K(514752K) NonClass: 444329K(448768K)->444329K(448768K) Class: 61597K(65984K)->61597K(65984K)
[2025-01-08T00:27:46.510+0000][100936.876s][info][gc          ] GC(3834) Pause Young (Prepare Mixed) (G1 Evacuation Pause) 9685M->2446M(12288M) 39.593ms
[2025-01-08T00:27:46.510+0000][100936.877s][info][gc,cpu      ] GC(3834) User=0.24s Sys=0.00s Real=0.04s
[2025-01-08T00:27:48.107+0000][100938.473s][info][gc,start    ] GC(3835) Pause Young (Mixed) (G1 Evacuation Pause)
[2025-01-08T00:27:48.107+0000][100938.473s][info][gc,task     ] GC(3835) Using 6 workers of 6 for evacuation
[2025-01-08T00:27:48.172+0000][100938.538s][info][gc,phases   ] GC(3835)   Pre Evacuate Collection Set: 0.2ms
[2025-01-08T00:27:48.172+0000][100938.538s][info][gc,phases   ] GC(3835)   Merge Heap Roots: 0.5ms
[2025-01-08T00:27:48.172+0000][100938.538s][info][gc,phases   ] GC(3835)   Evacuate Collection Set: 61.4ms
[2025-01-08T00:27:48.172+0000][100938.538s][info][gc,phases   ] GC(3835)   Post Evacuate Collection Set: 2.1ms
[2025-01-08T00:27:48.172+0000][100938.538s][info][gc,phases   ] GC(3835)   Other: 0.2ms
[2025-01-08T00:27:48.172+0000][100938.538s][info][gc,heap     ] GC(3835) Eden regions: 65->0(906)
[2025-01-08T00:27:48.172+0000][100938.538s][info][gc,heap     ] GC(3835) Survivor regions: 11->7(10)
[2025-01-08T00:27:48.172+0000][100938.538s][info][gc,heap     ] GC(3835) Old regions: 245->247
[2025-01-08T00:27:48.172+0000][100938.538s][info][gc,heap     ] GC(3835) Archive regions: 2->2
[2025-01-08T00:27:48.172+0000][100938.538s][info][gc,heap     ] GC(3835) Humongous regions: 49->49
[2025-01-08T00:27:48.172+0000][100938.538s][info][gc,metaspace] GC(3835) Metaspace: 505928K(514752K)->505928K(514752K) NonClass: 444330K(448768K)->444330K(448768K) Class: 61597K(65984K)->61597K(65984K)
[2025-01-08T00:27:48.172+0000][100938.538s][info][gc          ] GC(3835) Pause Young (Mixed) (G1 Evacuation Pause) 2966M->2420M(12288M) 64.512ms
[2025-01-08T00:27:48.172+0000][100938.538s][info][gc,cpu      ] GC(3835) User=0.38s Sys=0.00s Real=0.07s
[2025-01-08T00:27:52.493+0000][100942.859s][info][gc,start    ] GC(3836) Pause Young (Normal) (G1 Evacuation Pause)
[2025-01-08T00:27:52.493+0000][100942.859s][info][gc,task     ] GC(3836) Using 6 workers of 6 for evacuation
[2025-01-08T00:27:52.518+0000][100942.884s][info][gc,phases   ] GC(3836)   Pre Evacuate Collection Set: 0.2ms
[2025-01-08T00:27:52.518+0000][100942.884s][info][gc,phases   ] GC(3836)   Merge Heap Roots: 0.4ms
[2025-01-08T00:27:52.518+0000][100942.884s][info][gc,phases   ] GC(3836)   Evacuate Collection Set: 20.5ms
[2025-01-08T00:27:52.518+0000][100942.884s][info][gc,phases   ] GC(3836)   Post Evacuate Collection Set: 3.8ms
[2025-01-08T00:27:52.518+0000][100942.884s][info][gc,phases   ] GC(3836)   Other: 0.2ms
[2025-01-08T00:27:52.518+0000][100942.884s][info][gc,heap     ] GC(3836) Eden regions: 906->0(908)
[2025-01-08T00:27:52.518+0000][100942.884s][info][gc,heap     ] GC(3836) Survivor regions: 7->7(115)
[2025-01-08T00:27:52.518+0000][100942.884s][info][gc,heap     ] GC(3836) Old regions: 247->247
[2025-01-08T00:27:52.518+0000][100942.884s][info][gc,heap     ] GC(3836) Archive regions: 2->2
[2025-01-08T00:27:52.518+0000][100942.884s][info][gc,heap     ] GC(3836) Humongous regions: 49->49
[2025-01-08T00:27:52.518+0000][100942.884s][info][gc,metaspace] GC(3836) Metaspace: 505955K(514816K)->505955K(514816K) NonClass: 444358K(448832K)->444358K(448832K) Class: 61597K(65984K)->61597K(65984K)
[2025-01-08T00:27:52.518+0000][100942.884s][info][gc          ] GC(3836) Pause Young (Normal) (G1 Evacuation Pause) 9668M->2426M(12288M) 25.162ms
[2025-01-08T00:27:52.518+0000][100942.884s][info][gc,cpu      ] GC(3836) User=0.14s Sys=0.00s Real=0.02s
[2025-01-08T00:27:58.168+0000][100948.535s][info][gc,start    ] GC(3837) Pause Young (Normal) (G1 Evacuation Pause)
[2025-01-08T00:27:58.168+0000][100948.535s][info][gc,task     ] GC(3837) Using 6 workers of 6 for evacuation
[2025-01-08T00:27:58.193+0000][100948.559s][info][gc,phases   ] GC(3837)   Pre Evacuate Collection Set: 0.2ms
[2025-01-08T00:27:58.193+0000][100948.560s][info][gc,phases   ] GC(3837)   Merge Heap Roots: 0.3ms
[2025-01-08T00:27:58.193+0000][100948.560s][info][gc,phases   ] GC(3837)   Evacuate Collection Set: 21.7ms
[2025-01-08T00:27:58.193+0000][100948.560s][info][gc,phases   ] GC(3837)   Post Evacuate Collection Set: 2.5ms
[2025-01-08T00:27:58.193+0000][100948.560s][info][gc,phases   ] GC(3837)   Other: 0.2ms
[2025-01-08T00:27:58.193+0000][100948.560s][info][gc,heap     ] GC(3837) Eden regions: 908->0(908)
[2025-01-08T00:27:58.193+0000][100948.560s][info][gc,heap     ] GC(3837) Survivor regions: 7->7(115)
[2025-01-08T00:27:58.193+0000][100948.560s][info][gc,heap     ] GC(3837) Old regions: 247->247
[2025-01-08T00:27:58.193+0000][100948.560s][info][gc,heap     ] GC(3837) Archive regions: 2->2
[2025-01-08T00:27:58.193+0000][100948.560s][info][gc,heap     ] GC(3837) Humongous regions: 49->49
[2025-01-08T00:27:58.193+0000][100948.560s][info][gc,metaspace] GC(3837) Metaspace: 505967K(514816K)->505967K(514816K) NonClass: 444369K(448832K)->444369K(448832K) Class: 61597K(65984K)->61597K(65984K)
[2025-01-08T00:27:58.194+0000][100948.560s][info][gc          ] GC(3837) Pause Young (Normal) (G1 Evacuation Pause) 9690M->2424M(12288M) 25.089ms
[2025-01-08T00:27:58.194+0000][100948.560s][info][gc,cpu      ] GC(3837) User=0.14s Sys=0.00s Real=0.03s
[2025-01-08T00:28:09.190+0000][100959.556s][info][gc,start    ] GC(3838) Pause Young (Concurrent Start) (G1 Evacuation Pause)
[2025-01-08T00:28:09.190+0000][100959.556s][info][gc,task     ] GC(3838) Using 6 workers of 6 for evacuation
[2025-01-08T00:28:09.224+0000][100959.590s][info][gc,phases   ] GC(3838)   Pre Evacuate Collection Set: 1.1ms
[2025-01-08T00:28:09.224+0000][100959.590s][info][gc,phases   ] GC(3838)   Merge Heap Roots: 0.4ms
[2025-01-08T00:28:09.224+0000][100959.590s][info][gc,phases   ] GC(3838)   Evacuate Collection Set: 29.3ms
[2025-01-08T00:28:09.224+0000][100959.590s][info][gc,phases   ] GC(3838)   Post Evacuate Collection Set: 2.7ms
[2025-01-08T00:28:09.224+0000][100959.590s][info][gc,phases   ] GC(3838)   Other: 0.3ms
[2025-01-08T00:28:09.224+0000][100959.590s][info][gc,heap     ] GC(3838) Eden regions: 908->0(905)
[2025-01-08T00:28:09.224+0000][100959.590s][info][gc,heap     ] GC(3838) Survivor regions: 7->9(115)
[2025-01-08T00:28:09.224+0000][100959.590s][info][gc,heap     ] GC(3838) Old regions: 247->247
[2025-01-08T00:28:09.224+0000][100959.590s][info][gc,heap     ] GC(3838) Archive regions: 2->2
[2025-01-08T00:28:09.224+0000][100959.590s][info][gc,heap     ] GC(3838) Humongous regions: 49->49
[2025-01-08T00:28:09.224+0000][100959.590s][info][gc,metaspace] GC(3838) Metaspace: 505987K(514816K)->505987K(514816K) NonClass: 444388K(448832K)->444388K(448832K) Class: 61598K(65984K)->61598K(65984K)
[2025-01-08T00:28:09.224+0000][100959.590s][info][gc          ] GC(3838) Pause Young (Concurrent Start) (G1 Evacuation Pause) 9688M->2442M(12288M) 33.855ms
[2025-01-08T00:28:09.224+0000][100959.590s][info][gc,cpu      ] GC(3838) User=0.19s Sys=0.00s Real=0.03s
[2025-01-08T00:28:09.224+0000][100959.590s][info][gc          ] GC(3839) Concurrent Mark Cycle
[2025-01-08T00:28:09.224+0000][100959.590s][info][gc,marking  ] GC(3839) Concurrent Clear Claimed Marks
[2025-01-08T00:28:09.225+0000][100959.591s][info][gc,marking  ] GC(3839) Concurrent Clear Claimed Marks 0.906ms
[2025-01-08T00:28:09.225+0000][100959.591s][info][gc,marking  ] GC(3839) Concurrent Scan Root Regions
[2025-01-08T00:28:09.265+0000][100959.631s][info][gc,marking  ] GC(3839) Concurrent Scan Root Regions 40.275ms
[2025-01-08T00:28:09.265+0000][100959.631s][info][gc,marking  ] GC(3839) Concurrent Mark
[2025-01-08T00:28:09.265+0000][100959.631s][info][gc,marking  ] GC(3839) Concurrent Mark From Roots
[2025-01-08T00:28:09.265+0000][100959.631s][info][gc,task     ] GC(3839) Using 2 workers of 2 for marking
[2025-01-08T00:28:10.384+0000][100960.750s][info][gc,marking  ] GC(3839) Concurrent Mark From Roots 1118.615ms
[2025-01-08T00:28:10.384+0000][100960.750s][info][gc,marking  ] GC(3839) Concurrent Preclean
[2025-01-08T00:28:10.386+0000][100960.752s][info][gc,marking  ] GC(3839) Concurrent Preclean 2.031ms
[2025-01-08T00:28:10.386+0000][100960.752s][info][gc,start    ] GC(3839) Pause Remark
[2025-01-08T00:28:10.411+0000][100960.778s][info][gc          ] GC(3839) Pause Remark 3862M->3862M(12288M) 25.298ms
[2025-01-08T00:28:10.412+0000][100960.778s][info][gc,cpu      ] GC(3839) User=0.15s Sys=0.00s Real=0.03s
[2025-01-08T00:28:10.412+0000][100960.778s][info][gc,marking  ] GC(3839) Concurrent Mark 1146.289ms
[2025-01-08T00:28:10.412+0000][100960.778s][info][gc,marking  ] GC(3839) Concurrent Rebuild Remembered Sets
[2025-01-08T00:28:10.911+0000][100961.277s][info][gc,marking  ] GC(3839) Concurrent Rebuild Remembered Sets 499.235ms
[2025-01-08T00:28:10.911+0000][100961.277s][info][gc,start    ] GC(3839) Pause Cleanup
[2025-01-08T00:28:10.912+0000][100961.278s][info][gc          ] GC(3839) Pause Cleanup 4334M->4334M(12288M) 0.394ms
[2025-01-08T00:28:10.912+0000][100961.278s][info][gc,cpu      ] GC(3839) User=0.00s Sys=0.00s Real=0.00s
[2025-01-08T00:28:10.912+0000][100961.278s][info][gc,marking  ] GC(3839) Concurrent Cleanup for Next Mark
[2025-01-08T00:28:10.927+0000][100961.293s][info][gc,marking  ] GC(3839) Concurrent Cleanup for Next Mark 15.420ms
[2025-01-08T00:28:10.927+0000][100961.293s][info][gc          ] GC(3839) Concurrent Mark Cycle 1703.031ms
[2025-01-08T00:28:14.876+0000][100965.242s][info][gc,start    ] GC(3840) Pause Young (Prepare Mixed) (G1 Evacuation Pause)
[2025-01-08T00:28:14.876+0000][100965.242s][info][gc,task     ] GC(3840) Using 6 workers of 6 for evacuation
[2025-01-08T00:28:14.907+0000][100965.273s][info][gc,phases   ] GC(3840)   Pre Evacuate Collection Set: 0.2ms
[2025-01-08T00:28:14.907+0000][100965.273s][info][gc,phases   ] GC(3840)   Merge Heap Roots: 0.6ms
[2025-01-08T00:28:14.907+0000][100965.273s][info][gc,phases   ] GC(3840)   Evacuate Collection Set: 27.9ms
[2025-01-08T00:28:14.907+0000][100965.273s][info][gc,phases   ] GC(3840)   Post Evacuate Collection Set: 2.4ms
[2025-01-08T00:28:14.907+0000][100965.273s][info][gc,phases   ] GC(3840)   Other: 0.2ms
[2025-01-08T00:28:14.907+0000][100965.273s][info][gc,heap     ] GC(3840) Eden regions: 905->0(68)
[2025-01-08T00:28:14.907+0000][100965.273s][info][gc,heap     ] GC(3840) Survivor regions: 9->8(115)
[2025-01-08T00:28:14.907+0000][100965.273s][info][gc,heap     ] GC(3840) Old regions: 247->247
[2025-01-08T00:28:14.907+0000][100965.273s][info][gc,heap     ] GC(3840) Archive regions: 2->2
[2025-01-08T00:28:14.907+0000][100965.273s][info][gc,heap     ] GC(3840) Humongous regions: 49->49
[2025-01-08T00:28:14.907+0000][100965.273s][info][gc,metaspace] GC(3840) Metaspace: 505988K(514816K)->505988K(514816K) NonClass: 444389K(448832K)->444389K(448832K) Class: 61598K(65984K)->61598K(65984K)
[2025-01-08T00:28:14.907+0000][100965.273s][info][gc          ] GC(3840) Pause Young (Prepare Mixed) (G1 Evacuation Pause) 9682M->2434M(12288M) 31.355ms
[2025-01-08T00:28:14.907+0000][100965.273s][info][gc,cpu      ] GC(3840) User=0.19s Sys=0.00s Real=0.03s
[2025-01-08T00:28:15.179+0000][100965.545s][info][gc,start    ] GC(3841) Pause Young (Mixed) (G1 Evacuation Pause)
[2025-01-08T00:28:15.179+0000][100965.545s][info][gc,task     ] GC(3841) Using 6 workers of 6 for evacuation
[2025-01-08T00:28:15.237+0000][100965.603s][info][gc,phases   ] GC(3841)   Pre Evacuate Collection Set: 0.2ms
[2025-01-08T00:28:15.237+0000][100965.603s][info][gc,phases   ] GC(3841)   Merge Heap Roots: 0.5ms
[2025-01-08T00:28:15.237+0000][100965.603s][info][gc,phases   ] GC(3841)   Evacuate Collection Set: 55.3ms
[2025-01-08T00:28:15.237+0000][100965.603s][info][gc,phases   ] GC(3841)   Post Evacuate Collection Set: 2.0ms
[2025-01-08T00:28:15.237+0000][100965.603s][info][gc,phases   ] GC(3841)   Other: 0.2ms
[2025-01-08T00:28:15.237+0000][100965.603s][info][gc,heap     ] GC(3841) Eden regions: 68->0(909)
[2025-01-08T00:28:15.237+0000][100965.603s][info][gc,heap     ] GC(3841) Survivor regions: 8->8(10)
[2025-01-08T00:28:15.237+0000][100965.603s][info][gc,heap     ] GC(3841) Old regions: 247->245
[2025-01-08T00:28:15.237+0000][100965.603s][info][gc,heap     ] GC(3841) Archive regions: 2->2
[2025-01-08T00:28:15.237+0000][100965.603s][info][gc,heap     ] GC(3841) Humongous regions: 49->49
[2025-01-08T00:28:15.237+0000][100965.603s][info][gc,metaspace] GC(3841) Metaspace: 505989K(514816K)->505989K(514816K) NonClass: 444390K(448832K)->444390K(448832K) Class: 61598K(65984K)->61598K(65984K)
[2025-01-08T00:28:15.237+0000][100965.603s][info][gc          ] GC(3841) Pause Young (Mixed) (G1 Evacuation Pause) 2978M->2412M(12288M) 58.288ms
[2025-01-08T00:28:15.237+0000][100965.603s][info][gc,cpu      ] GC(3841) User=0.33s Sys=0.00s Real=0.06s
[2025-01-08T00:28:19.798+0000][100970.164s][info][gc,start    ] GC(3842) Pause Young (Normal) (G1 Evacuation Pause)
[2025-01-08T00:28:19.798+0000][100970.164s][info][gc,task     ] GC(3842) Using 6 workers of 6 for evacuation
[2025-01-08T00:28:19.824+0000][100970.190s][info][gc,phases   ] GC(3842)   Pre Evacuate Collection Set: 0.2ms
[2025-01-08T00:28:19.824+0000][100970.190s][info][gc,phases   ] GC(3842)   Merge Heap Roots: 0.4ms
[2025-01-08T00:28:19.824+0000][100970.190s][info][gc,phases   ] GC(3842)   Evacuate Collection Set: 23.4ms
[2025-01-08T00:28:19.824+0000][100970.190s][info][gc,phases   ] GC(3842)   Post Evacuate Collection Set: 2.3ms
[2025-01-08T00:28:19.824+0000][100970.191s][info][gc,phases   ] GC(3842)   Other: 0.2ms
[2025-01-08T00:28:19.824+0000][100970.191s][info][gc,heap     ] GC(3842) Eden regions: 909->0(911)
[2025-01-08T00:28:19.824+0000][100970.191s][info][gc,heap     ] GC(3842) Survivor regions: 8->8(115)
[2025-01-08T00:28:19.824+0000][100970.191s][info][gc,heap     ] GC(3842) Old regions: 245->245
[2025-01-08T00:28:19.824+0000][100970.191s][info][gc,heap     ] GC(3842) Archive regions: 2->2
[2025-01-08T00:28:19.824+0000][100970.191s][info][gc,heap     ] GC(3842) Humongous regions: 49->49
[2025-01-08T00:28:19.824+0000][100970.191s][info][gc,metaspace] GC(3842) Metaspace: 505990K(514816K)->505990K(514816K) NonClass: 444391K(448832K)->444391K(448832K) Class: 61598K(65984K)->61598K(65984K)
[2025-01-08T00:28:19.824+0000][100970.191s][info][gc          ] GC(3842) Pause Young (Normal) (G1 Evacuation Pause) 9684M->2418M(12288M) 26.603ms
[2025-01-08T00:28:19.825+0000][100970.191s][info][gc,cpu      ] GC(3842) User=0.15s Sys=0.00s Real=0.03s
[2025-01-08T00:28:24.872+0000][100975.238s][info][gc,start    ] GC(3843) Pause Young (Normal) (G1 Evacuation Pause)
[2025-01-08T00:28:24.872+0000][100975.238s][info][gc,task     ] GC(3843) Using 6 workers of 6 for evacuation
[2025-01-08T00:28:24.902+0000][100975.268s][info][gc,phases   ] GC(3843)   Pre Evacuate Collection Set: 0.2ms
[2025-01-08T00:28:24.902+0000][100975.268s][info][gc,phases   ] GC(3843)   Merge Heap Roots: 0.4ms
[2025-01-08T00:28:24.902+0000][100975.268s][info][gc,phases   ] GC(3843)   Evacuate Collection Set: 27.0ms
[2025-01-08T00:28:24.902+0000][100975.268s][info][gc,phases   ] GC(3843)   Post Evacuate Collection Set: 2.4ms
[2025-01-08T00:28:24.902+0000][100975.268s][info][gc,phases   ] GC(3843)   Other: 0.2ms
[2025-01-08T00:28:24.902+0000][100975.268s][info][gc,heap     ] GC(3843) Eden regions: 911->0(909)
[2025-01-08T00:28:24.902+0000][100975.268s][info][gc,heap     ] GC(3843) Survivor regions: 8->10(115)
[2025-01-08T00:28:24.902+0000][100975.268s][info][gc,heap     ] GC(3843) Old regions: 245->245
[2025-01-08T00:28:24.902+0000][100975.268s][info][gc,heap     ] GC(3843) Archive regions: 2->2
[2025-01-08T00:28:24.902+0000][100975.268s][info][gc,heap     ] GC(3843) Humongous regions: 49->49
[2025-01-08T00:28:24.902+0000][100975.268s][info][gc,metaspace] GC(3843) Metaspace: 505991K(514816K)->505991K(514816K) NonClass: 444392K(448832K)->444392K(448832K) Class: 61598K(65984K)->61598K(65984K)
[2025-01-08T00:28:24.902+0000][100975.268s][info][gc          ] GC(3843) Pause Young (Normal) (G1 Evacuation Pause) 9706M->2430M(12288M) 30.266ms
[2025-01-08T00:28:24.902+0000][100975.268s][info][gc,cpu      ] GC(3843) User=0.18s Sys=0.00s Real=0.03s
[2025-01-08T00:28:29.923+0000][100980.290s][info][gc,start    ] GC(3844) Pause Young (Concurrent Start) (G1 Evacuation Pause)
[2025-01-08T00:28:29.923+0000][100980.290s][info][gc,task     ] GC(3844) Using 6 workers of 6 for evacuation
[2025-01-08T00:28:29.957+0000][100980.323s][info][gc,phases   ] GC(3844)   Pre Evacuate Collection Set: 1.1ms
[2025-01-08T00:28:29.957+0000][100980.323s][info][gc,phases   ] GC(3844)   Merge Heap Roots: 0.4ms
[2025-01-08T00:28:29.957+0000][100980.323s][info][gc,phases   ] GC(3844)   Evacuate Collection Set: 29.4ms
[2025-01-08T00:28:29.957+0000][100980.323s][info][gc,phases   ] GC(3844)   Post Evacuate Collection Set: 2.5ms
[2025-01-08T00:28:29.957+0000][100980.323s][info][gc,phases   ] GC(3844)   Other: 0.3ms
[2025-01-08T00:28:29.957+0000][100980.323s][info][gc,heap     ] GC(3844) Eden regions: 909->0(910)
[2025-01-08T00:28:29.957+0000][100980.323s][info][gc,heap     ] GC(3844) Survivor regions: 10->10(115)
[2025-01-08T00:28:29.957+0000][100980.323s][info][gc,heap     ] GC(3844) Old regions: 245->245
[2025-01-08T00:28:29.957+0000][100980.323s][info][gc,heap     ] GC(3844) Archive regions: 2->2
[2025-01-08T00:28:29.957+0000][100980.323s][info][gc,heap     ] GC(3844) Humongous regions: 49->49
[2025-01-08T00:28:29.957+0000][100980.323s][info][gc,metaspace] GC(3844) Metaspace: 505991K(514816K)->505991K(514816K) NonClass: 444392K(448832K)->444392K(448832K) Class: 61598K(65984K)->61598K(65984K)
[2025-01-08T00:28:29.957+0000][100980.323s][info][gc          ] GC(3844) Pause Young (Concurrent Start) (G1 Evacuation Pause) 9702M->2436M(12288M) 33.666ms
[2025-01-08T00:28:29.957+0000][100980.323s][info][gc,cpu      ] GC(3844) User=0.20s Sys=0.00s Real=0.03s
[2025-01-08T00:28:29.957+0000][100980.323s][info][gc          ] GC(3845) Concurrent Mark Cycle
[2025-01-08T00:28:29.957+0000][100980.323s][info][gc,marking  ] GC(3845) Concurrent Clear Claimed Marks
[2025-01-08T00:28:29.958+0000][100980.324s][info][gc,marking  ] GC(3845) Concurrent Clear Claimed Marks 0.939ms
[2025-01-08T00:28:29.958+0000][100980.324s][info][gc,marking  ] GC(3845) Concurrent Scan Root Regions
[2025-01-08T00:28:29.992+0000][100980.358s][info][gc,marking  ] GC(3845) Concurrent Scan Root Regions 33.770ms
[2025-01-08T00:28:29.992+0000][100980.358s][info][gc,marking  ] GC(3845) Concurrent Mark
[2025-01-08T00:28:29.992+0000][100980.358s][info][gc,marking  ] GC(3845) Concurrent Mark From Roots
[2025-01-08T00:28:29.992+0000][100980.358s][info][gc,task     ] GC(3845) Using 2 workers of 2 for marking
[2025-01-08T00:28:31.586+0000][100981.952s][info][gc,marking  ] GC(3845) Concurrent Mark From Roots 1593.724ms
[2025-01-08T00:28:31.586+0000][100981.952s][info][gc,marking  ] GC(3845) Concurrent Preclean
[2025-01-08T00:28:31.588+0000][100981.954s][info][gc,marking  ] GC(3845) Concurrent Preclean 2.503ms
[2025-01-08T00:28:31.588+0000][100981.955s][info][gc,start    ] GC(3845) Pause Remark
[2025-01-08T00:28:31.620+0000][100981.986s][info][gc          ] GC(3845) Pause Remark 4808M->4808M(12288M) 31.346ms
[2025-01-08T00:28:31.620+0000][100981.986s][info][gc,cpu      ] GC(3845) User=0.15s Sys=0.01s Real=0.03s
[2025-01-08T00:28:31.622+0000][100981.988s][info][gc,marking  ] GC(3845) Concurrent Mark 1630.332ms
[2025-01-08T00:28:31.622+0000][100981.988s][info][gc,marking  ] GC(3845) Concurrent Rebuild Remembered Sets
[2025-01-08T00:28:32.259+0000][100982.625s][info][gc,marking  ] GC(3845) Concurrent Rebuild Remembered Sets 636.992ms
[2025-01-08T00:28:32.260+0000][100982.626s][info][gc,start    ] GC(3845) Pause Cleanup
[2025-01-08T00:28:32.260+0000][100982.626s][info][gc          ] GC(3845) Pause Cleanup 5792M->5792M(12288M) 0.370ms
[2025-01-08T00:28:32.260+0000][100982.626s][info][gc,cpu      ] GC(3845) User=0.00s Sys=0.00s Real=0.00s
[2025-01-08T00:28:32.260+0000][100982.626s][info][gc,marking  ] GC(3845) Concurrent Cleanup for Next Mark
[2025-01-08T00:28:32.276+0000][100982.642s][info][gc,marking  ] GC(3845) Concurrent Cleanup for Next Mark 15.645ms
[2025-01-08T00:28:32.276+0000][100982.642s][info][gc          ] GC(3845) Concurrent Mark Cycle 2318.483ms
[2025-01-08T00:28:34.374+0000][100984.740s][info][gc,start    ] GC(3846) Pause Young (Prepare Mixed) (G1 Evacuation Pause)
[2025-01-08T00:28:34.374+0000][100984.740s][info][gc,task     ] GC(3846) Using 6 workers of 6 for evacuation
[2025-01-08T00:28:34.416+0000][100984.782s][info][gc,phases   ] GC(3846)   Pre Evacuate Collection Set: 0.2ms
[2025-01-08T00:28:34.416+0000][100984.782s][info][gc,phases   ] GC(3846)   Merge Heap Roots: 0.7ms
[2025-01-08T00:28:34.416+0000][100984.782s][info][gc,phases   ] GC(3846)   Evacuate Collection Set: 38.3ms
[2025-01-08T00:28:34.416+0000][100984.782s][info][gc,phases   ] GC(3846)   Post Evacuate Collection Set: 2.6ms
[2025-01-08T00:28:34.416+0000][100984.782s][info][gc,phases   ] GC(3846)   Other: 0.2ms
[2025-01-08T00:28:34.416+0000][100984.782s][info][gc,heap     ] GC(3846) Eden regions: 910->0(65)
[2025-01-08T00:28:34.416+0000][100984.782s][info][gc,heap     ] GC(3846) Survivor regions: 10->11(115)
[2025-01-08T00:28:34.416+0000][100984.782s][info][gc,heap     ] GC(3846) Old regions: 245->245
[2025-01-08T00:28:34.416+0000][100984.782s][info][gc,heap     ] GC(3846) Archive regions: 2->2
[2025-01-08T00:28:34.416+0000][100984.782s][info][gc,heap     ] GC(3846) Humongous regions: 49->49
[2025-01-08T00:28:34.416+0000][100984.782s][info][gc,metaspace] GC(3846) Metaspace: 505993K(514816K)->505993K(514816K) NonClass: 444394K(448832K)->444394K(448832K) Class: 61598K(65984K)->61598K(65984K)
[2025-01-08T00:28:34.416+0000][100984.782s][info][gc          ] GC(3846) Pause Young (Prepare Mixed) (G1 Evacuation Pause) 9716M->2438M(12288M) 42.122ms
[2025-01-08T00:28:34.416+0000][100984.782s][info][gc,cpu      ] GC(3846) User=0.24s Sys=0.01s Real=0.04s
[2025-01-08T00:28:34.646+0000][100985.013s][info][gc,start    ] GC(3847) Pause Young (Mixed) (G1 Evacuation Pause)
[2025-01-08T00:28:34.647+0000][100985.013s][info][gc,task     ] GC(3847) Using 6 workers of 6 for evacuation
[2025-01-08T00:28:34.710+0000][100985.076s][info][gc,phases   ] GC(3847)   Pre Evacuate Collection Set: 0.2ms
[2025-01-08T00:28:34.710+0000][100985.076s][info][gc,phases   ] GC(3847)   Merge Heap Roots: 0.5ms
[2025-01-08T00:28:34.710+0000][100985.076s][info][gc,phases   ] GC(3847)   Evacuate Collection Set: 60.8ms
[2025-01-08T00:28:34.710+0000][100985.076s][info][gc,phases   ] GC(3847)   Post Evacuate Collection Set: 1.6ms
[2025-01-08T00:28:34.710+0000][100985.076s][info][gc,phases   ] GC(3847)   Other: 0.2ms
[2025-01-08T00:28:34.710+0000][100985.076s][info][gc,heap     ] GC(3847) Eden regions: 65->0(912)
[2025-01-08T00:28:34.710+0000][100985.076s][info][gc,heap     ] GC(3847) Survivor regions: 11->6(10)
[2025-01-08T00:28:34.710+0000][100985.076s][info][gc,heap     ] GC(3847) Old regions: 245->247
[2025-01-08T00:28:34.710+0000][100985.076s][info][gc,heap     ] GC(3847) Archive regions: 2->2
[2025-01-08T00:28:34.710+0000][100985.076s][info][gc,heap     ] GC(3847) Humongous regions: 49->49
[2025-01-08T00:28:34.710+0000][100985.076s][info][gc,metaspace] GC(3847) Metaspace: 505993K(514816K)->505993K(514816K) NonClass: 444394K(448832K)->444394K(448832K) Class: 61598K(65984K)->61598K(65984K)
[2025-01-08T00:28:34.710+0000][100985.076s][info][gc          ] GC(3847) Pause Young (Mixed) (G1 Evacuation Pause) 2958M->2419M(12288M) 63.271ms
[2025-01-08T00:28:34.710+0000][100985.076s][info][gc,cpu      ] GC(3847) User=0.37s Sys=0.00s Real=0.07s
[2025-01-08T00:28:38.208+0000][100988.574s][info][gc,start    ] GC(3848) Pause Young (Normal) (G1 Evacuation Pause)
[2025-01-08T00:28:38.208+0000][100988.574s][info][gc,task     ] GC(3848) Using 6 workers of 6 for evacuation
[2025-01-08T00:28:38.228+0000][100988.594s][info][gc,phases   ] GC(3848)   Pre Evacuate Collection Set: 0.2ms
[2025-01-08T00:28:38.228+0000][100988.594s][info][gc,phases   ] GC(3848)   Merge Heap Roots: 0.4ms
[2025-01-08T00:28:38.228+0000][100988.594s][info][gc,phases   ] GC(3848)   Evacuate Collection Set: 17.0ms
[2025-01-08T00:28:38.228+0000][100988.594s][info][gc,phases   ] GC(3848)   Post Evacuate Collection Set: 2.3ms
[2025-01-08T00:28:38.228+0000][100988.594s][info][gc,phases   ] GC(3848)   Other: 0.2ms
[2025-01-08T00:28:38.228+0000][100988.594s][info][gc,heap     ] GC(3848) Eden regions: 912->0(913)
[2025-01-08T00:28:38.228+0000][100988.594s][info][gc,heap     ] GC(3848) Survivor regions: 6->5(115)
[2025-01-08T00:28:38.228+0000][100988.594s][info][gc,heap     ] GC(3848) Old regions: 247->247
[2025-01-08T00:28:38.228+0000][100988.594s][info][gc,heap     ] GC(3848) Archive regions: 2->2
[2025-01-08T00:28:38.228+0000][100988.594s][info][gc,heap     ] GC(3848) Humongous regions: 49->49
[2025-01-08T00:28:38.228+0000][100988.594s][info][gc,metaspace] GC(3848) Metaspace: 505993K(514816K)->505993K(514816K) NonClass: 444394K(448832K)->444394K(448832K) Class: 61598K(65984K)->61598K(65984K)
[2025-01-08T00:28:38.228+0000][100988.594s][info][gc          ] GC(3848) Pause Young (Normal) (G1 Evacuation Pause) 9715M->2413M(12288M) 20.148ms
[2025-01-08T00:28:38.228+0000][100988.594s][info][gc,cpu      ] GC(3848) User=0.11s Sys=0.01s Real=0.02s
[2025-01-08T00:28:43.648+0000][100994.014s][info][gc,start    ] GC(3849) Pause Young (Normal) (G1 Evacuation Pause)
[2025-01-08T00:28:43.648+0000][100994.014s][info][gc,task     ] GC(3849) Using 6 workers of 6 for evacuation
[2025-01-08T00:28:43.674+0000][100994.040s][info][gc,phases   ] GC(3849)   Pre Evacuate Collection Set: 0.2ms
[2025-01-08T00:28:43.674+0000][100994.040s][info][gc,phases   ] GC(3849)   Merge Heap Roots: 0.4ms
[2025-01-08T00:28:43.674+0000][100994.040s][info][gc,phases   ] GC(3849)   Evacuate Collection Set: 20.4ms
[2025-01-08T00:28:43.674+0000][100994.040s][info][gc,phases   ] GC(3849)   Post Evacuate Collection Set: 5.1ms
[2025-01-08T00:28:43.674+0000][100994.040s][info][gc,phases   ] GC(3849)   Other: 0.2ms
[2025-01-08T00:28:43.674+0000][100994.040s][info][gc,heap     ] GC(3849) Eden regions: 913->0(910)
[2025-01-08T00:28:43.674+0000][100994.040s][info][gc,heap     ] GC(3849) Survivor regions: 5->8(115)
[2025-01-08T00:28:43.674+0000][100994.040s][info][gc,heap     ] GC(3849) Old regions: 247->247
[2025-01-08T00:28:43.674+0000][100994.040s][info][gc,heap     ] GC(3849) Archive regions: 2->2
[2025-01-08T00:28:43.674+0000][100994.040s][info][gc,heap     ] GC(3849) Humongous regions: 49->49
[2025-01-08T00:28:43.674+0000][100994.040s][info][gc,metaspace] GC(3849) Metaspace: 505995K(514816K)->505995K(514816K) NonClass: 444396K(448832K)->444396K(448832K) Class: 61598K(65984K)->61598K(65984K)
[2025-01-08T00:28:43.674+0000][100994.040s][info][gc          ] GC(3849) Pause Young (Normal) (G1 Evacuation Pause) 9717M->2432M(12288M) 26.360ms
[2025-01-08T00:28:43.674+0000][100994.040s][info][gc,cpu      ] GC(3849) User=0.15s Sys=0.00s Real=0.03s
[2025-01-08T00:28:52.519+0000][101002.885s][info][gc,start    ] GC(3850) Pause Young (Concurrent Start) (G1 Evacuation Pause)
[2025-01-08T00:28:52.519+0000][101002.885s][info][gc,task     ] GC(3850) Using 6 workers of 6 for evacuation
[2025-01-08T00:28:52.550+0000][101002.916s][info][gc,phases   ] GC(3850)   Pre Evacuate Collection Set: 1.1ms
[2025-01-08T00:28:52.550+0000][101002.916s][info][gc,phases   ] GC(3850)   Merge Heap Roots: 0.4ms
[2025-01-08T00:28:52.550+0000][101002.916s][info][gc,phases   ] GC(3850)   Evacuate Collection Set: 26.6ms
[2025-01-08T00:28:52.550+0000][101002.916s][info][gc,phases   ] GC(3850)   Post Evacuate Collection Set: 2.6ms
[2025-01-08T00:28:52.550+0000][101002.916s][info][gc,phases   ] GC(3850)   Other: 0.3ms
[2025-01-08T00:28:52.550+0000][101002.916s][info][gc,heap     ] GC(3850) Eden regions: 910->0(908)
[2025-01-08T00:28:52.550+0000][101002.916s][info][gc,heap     ] GC(3850) Survivor regions: 8->9(115)
[2025-01-08T00:28:52.550+0000][101002.916s][info][gc,heap     ] GC(3850) Old regions: 247->247
[2025-01-08T00:28:52.550+0000][101002.916s][info][gc,heap     ] GC(3850) Archive regions: 2->2
[2025-01-08T00:28:52.550+0000][101002.916s][info][gc,heap     ] GC(3850) Humongous regions: 49->49
[2025-01-08T00:28:52.550+0000][101002.916s][info][gc,metaspace] GC(3850) Metaspace: 506002K(514880K)->506002K(514880K) NonClass: 444403K(448896K)->444403K(448896K) Class: 61599K(65984K)->61599K(65984K)
[2025-01-08T00:28:52.550+0000][101002.916s][info][gc          ] GC(3850) Pause Young (Concurrent Start) (G1 Evacuation Pause) 9712M->2439M(12288M) 30.991ms
[2025-01-08T00:28:52.550+0000][101002.916s][info][gc,cpu      ] GC(3850) User=0.17s Sys=0.00s Real=0.04s
[2025-01-08T00:28:52.550+0000][101002.916s][info][gc          ] GC(3851) Concurrent Mark Cycle
[2025-01-08T00:28:52.550+0000][101002.916s][info][gc,marking  ] GC(3851) Concurrent Clear Claimed Marks
[2025-01-08T00:28:52.551+0000][101002.917s][info][gc,marking  ] GC(3851) Concurrent Clear Claimed Marks 0.916ms
[2025-01-08T00:28:52.551+0000][101002.917s][info][gc,marking  ] GC(3851) Concurrent Scan Root Regions
[2025-01-08T00:28:52.573+0000][101002.940s][info][gc,marking  ] GC(3851) Concurrent Scan Root Regions 22.349ms
[2025-01-08T00:28:52.574+0000][101002.940s][info][gc,marking  ] GC(3851) Concurrent Mark
[2025-01-08T00:28:52.574+0000][101002.940s][info][gc,marking  ] GC(3851) Concurrent Mark From Roots
[2025-01-08T00:28:52.574+0000][101002.940s][info][gc,task     ] GC(3851) Using 2 workers of 2 for marking
[2025-01-08T00:28:53.339+0000][101003.705s][info][gc,marking  ] GC(3851) Concurrent Mark From Roots 765.343ms
[2025-01-08T00:28:53.339+0000][101003.705s][info][gc,marking  ] GC(3851) Concurrent Preclean
[2025-01-08T00:28:53.341+0000][101003.707s][info][gc,marking  ] GC(3851) Concurrent Preclean 1.902ms
[2025-01-08T00:28:53.341+0000][101003.707s][info][gc,start    ] GC(3851) Pause Remark
[2025-01-08T00:28:53.366+0000][101003.733s][info][gc          ] GC(3851) Pause Remark 3159M->3159M(12288M) 25.503ms
[2025-01-08T00:28:53.366+0000][101003.733s][info][gc,cpu      ] GC(3851) User=0.14s Sys=0.00s Real=0.03s
[2025-01-08T00:28:53.367+0000][101003.733s][info][gc,marking  ] GC(3851) Concurrent Mark 793.100ms
[2025-01-08T00:28:53.367+0000][101003.733s][info][gc,marking  ] GC(3851) Concurrent Rebuild Remembered Sets
[2025-01-08T00:28:53.840+0000][101004.206s][info][gc,marking  ] GC(3851) Concurrent Rebuild Remembered Sets 472.993ms
[2025-01-08T00:28:53.840+0000][101004.206s][info][gc,start    ] GC(3851) Pause Cleanup
[2025-01-08T00:28:53.840+0000][101004.206s][info][gc          ] GC(3851) Pause Cleanup 3592M->3592M(12288M) 0.375ms
[2025-01-08T00:28:53.840+0000][101004.206s][info][gc,cpu      ] GC(3851) User=0.00s Sys=0.00s Real=0.00s
[2025-01-08T00:28:53.840+0000][101004.206s][info][gc,marking  ] GC(3851) Concurrent Cleanup for Next Mark
[2025-01-08T00:28:53.856+0000][101004.222s][info][gc,marking  ] GC(3851) Concurrent Cleanup for Next Mark 16.022ms
[2025-01-08T00:28:53.856+0000][101004.222s][info][gc          ] GC(3851) Concurrent Mark Cycle 1306.160ms
[2025-01-08T00:28:58.286+0000][101008.652s][info][gc,start    ] GC(3852) Pause Young (Prepare Mixed) (G1 Evacuation Pause)
[2025-01-08T00:28:58.286+0000][101008.652s][info][gc,task     ] GC(3852) Using 6 workers of 6 for evacuation
[2025-01-08T00:28:58.321+0000][101008.687s][info][gc,phases   ] GC(3852)   Pre Evacuate Collection Set: 0.2ms
[2025-01-08T00:28:58.321+0000][101008.687s][info][gc,phases   ] GC(3852)   Merge Heap Roots: 0.5ms
[2025-01-08T00:28:58.321+0000][101008.687s][info][gc,phases   ] GC(3852)   Evacuate Collection Set: 29.9ms
[2025-01-08T00:28:58.321+0000][101008.687s][info][gc,phases   ] GC(3852)   Post Evacuate Collection Set: 3.9ms
[2025-01-08T00:28:58.321+0000][101008.687s][info][gc,phases   ] GC(3852)   Other: 0.2ms
[2025-01-08T00:28:58.321+0000][101008.687s][info][gc,heap     ] GC(3852) Eden regions: 908->0(66)
[2025-01-08T00:28:58.321+0000][101008.687s][info][gc,heap     ] GC(3852) Survivor regions: 9->10(115)
[2025-01-08T00:28:58.321+0000][101008.687s][info][gc,heap     ] GC(3852) Old regions: 247->247
[2025-01-08T00:28:58.321+0000][101008.687s][info][gc,heap     ] GC(3852) Archive regions: 2->2
[2025-01-08T00:28:58.321+0000][101008.687s][info][gc,heap     ] GC(3852) Humongous regions: 49->49
[2025-01-08T00:28:58.321+0000][101008.687s][info][gc,metaspace] GC(3852) Metaspace: 506005K(514880K)->506005K(514880K) NonClass: 444406K(448896K)->444406K(448896K) Class: 61599K(65984K)->61599K(65984K)
[2025-01-08T00:28:58.321+0000][101008.687s][info][gc          ] GC(3852) Pause Young (Prepare Mixed) (G1 Evacuation Pause) 9703M->2454M(12288M) 34.815ms
[2025-01-08T00:28:58.321+0000][101008.687s][info][gc,cpu      ] GC(3852) User=0.20s Sys=0.00s Real=0.03s
[2025-01-08T00:28:58.634+0000][101009.000s][info][gc,start    ] GC(3853) Pause Young (Mixed) (G1 Evacuation Pause)
[2025-01-08T00:28:58.634+0000][101009.000s][info][gc,task     ] GC(3853) Using 6 workers of 6 for evacuation
[2025-01-08T00:28:58.691+0000][101009.057s][info][gc,phases   ] GC(3853)   Pre Evacuate Collection Set: 0.2ms
[2025-01-08T00:28:58.691+0000][101009.057s][info][gc,phases   ] GC(3853)   Merge Heap Roots: 0.5ms
[2025-01-08T00:28:58.691+0000][101009.057s][info][gc,phases   ] GC(3853)   Evacuate Collection Set: 54.8ms
[2025-01-08T00:28:58.691+0000][101009.057s][info][gc,phases   ] GC(3853)   Post Evacuate Collection Set: 1.7ms
[2025-01-08T00:28:58.691+0000][101009.057s][info][gc,phases   ] GC(3853)   Other: 0.2ms
[2025-01-08T00:28:58.691+0000][101009.057s][info][gc,heap     ] GC(3853) Eden regions: 66->0(910)
[2025-01-08T00:28:58.691+0000][101009.057s][info][gc,heap     ] GC(3853) Survivor regions: 10->4(10)
[2025-01-08T00:28:58.691+0000][101009.057s][info][gc,heap     ] GC(3853) Old regions: 247->249
[2025-01-08T00:28:58.691+0000][101009.057s][info][gc,heap     ] GC(3853) Archive regions: 2->2
[2025-01-08T00:28:58.691+0000][101009.057s][info][gc,heap     ] GC(3853) Humongous regions: 49->49
[2025-01-08T00:28:58.691+0000][101009.057s][info][gc,metaspace] GC(3853) Metaspace: 506005K(514880K)->506005K(514880K) NonClass: 444406K(448896K)->444406K(448896K) Class: 61599K(65984K)->61599K(65984K)
[2025-01-08T00:28:58.691+0000][101009.057s][info][gc          ] GC(3853) Pause Young (Mixed) (G1 Evacuation Pause) 2982M->2412M(12288M) 57.323ms
[2025-01-08T00:28:58.691+0000][101009.057s][info][gc,cpu      ] GC(3853) User=0.33s Sys=0.01s Real=0.06s
[2025-01-08T00:29:06.934+0000][101017.300s][info][gc,start    ] GC(3854) Pause Young (Normal) (G1 Evacuation Pause)
[2025-01-08T00:29:06.934+0000][101017.300s][info][gc,task     ] GC(3854) Using 6 workers of 6 for evacuation
[2025-01-08T00:29:06.958+0000][101017.324s][info][gc,phases   ] GC(3854)   Pre Evacuate Collection Set: 0.2ms
[2025-01-08T00:29:06.958+0000][101017.324s][info][gc,phases   ] GC(3854)   Merge Heap Roots: 0.4ms
[2025-01-08T00:29:06.958+0000][101017.324s][info][gc,phases   ] GC(3854)   Evacuate Collection Set: 20.7ms
[2025-01-08T00:29:06.958+0000][101017.324s][info][gc,phases   ] GC(3854)   Post Evacuate Collection Set: 2.7ms
[2025-01-08T00:29:06.958+0000][101017.324s][info][gc,phases   ] GC(3854)   Other: 0.2ms
[2025-01-08T00:29:06.958+0000][101017.324s][info][gc,heap     ] GC(3854) Eden regions: 910->0(907)
[2025-01-08T00:29:06.958+0000][101017.324s][info][gc,heap     ] GC(3854) Survivor regions: 4->6(115)
[2025-01-08T00:29:06.958+0000][101017.324s][info][gc,heap     ] GC(3854) Old regions: 249->249
[2025-01-08T00:29:06.958+0000][101017.324s][info][gc,heap     ] GC(3854) Archive regions: 2->2
[2025-01-08T00:29:06.958+0000][101017.324s][info][gc,heap     ] GC(3854) Humongous regions: 49->49
[2025-01-08T00:29:06.958+0000][101017.324s][info][gc,metaspace] GC(3854) Metaspace: 506006K(514880K)->506006K(514880K) NonClass: 444407K(448896K)->444407K(448896K) Class: 61599K(65984K)->61599K(65984K)
[2025-01-08T00:29:06.958+0000][101017.324s][info][gc          ] GC(3854) Pause Young (Normal) (G1 Evacuation Pause) 9692M->2426M(12288M) 24.306ms
[2025-01-08T00:29:06.958+0000][101017.324s][info][gc,cpu      ] GC(3854) User=0.14s Sys=0.00s Real=0.02s
[2025-01-08T00:29:14.823+0000][101025.189s][info][gc,start    ] GC(3855) Pause Young (Normal) (G1 Evacuation Pause)
[2025-01-08T00:29:14.823+0000][101025.189s][info][gc,task     ] GC(3855) Using 6 workers of 6 for evacuation
[2025-01-08T00:29:14.846+0000][101025.212s][info][gc,phases   ] GC(3855)   Pre Evacuate Collection Set: 0.2ms
[2025-01-08T00:29:14.846+0000][101025.212s][info][gc,phases   ] GC(3855)   Merge Heap Roots: 0.4ms
[2025-01-08T00:29:14.846+0000][101025.212s][info][gc,phases   ] GC(3855)   Evacuate Collection Set: 20.2ms
[2025-01-08T00:29:14.846+0000][101025.212s][info][gc,phases   ] GC(3855)   Post Evacuate Collection Set: 2.4ms
[2025-01-08T00:29:14.846+0000][101025.212s][info][gc,phases   ] GC(3855)   Other: 0.2ms
[2025-01-08T00:29:14.846+0000][101025.212s][info][gc,heap     ] GC(3855) Eden regions: 907->0(910)
[2025-01-08T00:29:14.846+0000][101025.212s][info][gc,heap     ] GC(3855) Survivor regions: 6->5(115)
[2025-01-08T00:29:14.846+0000][101025.212s][info][gc,heap     ] GC(3855) Old regions: 249->249
[2025-01-08T00:29:14.846+0000][101025.212s][info][gc,heap     ] GC(3855) Archive regions: 2->2
[2025-01-08T00:29:14.846+0000][101025.212s][info][gc,heap     ] GC(3855) Humongous regions: 49->49
[2025-01-08T00:29:14.846+0000][101025.212s][info][gc,metaspace] GC(3855) Metaspace: 506009K(514880K)->506009K(514880K) NonClass: 444410K(448896K)->444410K(448896K) Class: 61599K(65984K)->61599K(65984K)
[2025-01-08T00:29:14.846+0000][101025.213s][info][gc          ] GC(3855) Pause Young (Normal) (G1 Evacuation Pause) 9682M->2418M(12288M) 23.489ms
[2025-01-08T00:29:14.846+0000][101025.213s][info][gc,cpu      ] GC(3855) User=0.14s Sys=0.00s Real=0.02s
[2025-01-08T00:29:22.109+0000][101032.475s][info][gc,start    ] GC(3856) Pause Young (Concurrent Start) (G1 Evacuation Pause)
[2025-01-08T00:29:22.109+0000][101032.475s][info][gc,task     ] GC(3856) Using 6 workers of 6 for evacuation
[2025-01-08T00:29:22.141+0000][101032.507s][info][gc,phases   ] GC(3856)   Pre Evacuate Collection Set: 1.1ms
[2025-01-08T00:29:22.141+0000][101032.507s][info][gc,phases   ] GC(3856)   Merge Heap Roots: 0.4ms
[2025-01-08T00:29:22.141+0000][101032.507s][info][gc,phases   ] GC(3856)   Evacuate Collection Set: 27.7ms
[2025-01-08T00:29:22.141+0000][101032.507s][info][gc,phases   ] GC(3856)   Post Evacuate Collection Set: 2.5ms
[2025-01-08T00:29:22.141+0000][101032.507s][info][gc,phases   ] GC(3856)   Other: 0.3ms
[2025-01-08T00:29:22.141+0000][101032.507s][info][gc,heap     ] GC(3856) Eden regions: 910->0(907)
[2025-01-08T00:29:22.141+0000][101032.507s][info][gc,heap     ] GC(3856) Survivor regions: 5->8(115)
[2025-01-08T00:29:22.141+0000][101032.507s][info][gc,heap     ] GC(3856) Old regions: 249->249
[2025-01-08T00:29:22.141+0000][101032.507s][info][gc,heap     ] GC(3856) Archive regions: 2->2
[2025-01-08T00:29:22.141+0000][101032.507s][info][gc,heap     ] GC(3856) Humongous regions: 49->49
[2025-01-08T00:29:22.141+0000][101032.507s][info][gc,metaspace] GC(3856) Metaspace: 506009K(514880K)->506009K(514880K) NonClass: 444410K(448896K)->444410K(448896K) Class: 61599K(65984K)->61599K(65984K)
[2025-01-08T00:29:22.141+0000][101032.507s][info][gc          ] GC(3856) Pause Young (Concurrent Start) (G1 Evacuation Pause) 9698M->2443M(12288M) 32.042ms
[2025-01-08T00:29:22.141+0000][101032.507s][info][gc,cpu      ] GC(3856) User=0.18s Sys=0.00s Real=0.03s
[2025-01-08T00:29:22.141+0000][101032.507s][info][gc          ] GC(3857) Concurrent Mark Cycle
[2025-01-08T00:29:22.141+0000][101032.507s][info][gc,marking  ] GC(3857) Concurrent Clear Claimed Marks
[2025-01-08T00:29:22.142+0000][101032.508s][info][gc,marking  ] GC(3857) Concurrent Clear Claimed Marks 0.932ms
[2025-01-08T00:29:22.142+0000][101032.508s][info][gc,marking  ] GC(3857) Concurrent Scan Root Regions
[2025-01-08T00:29:22.169+0000][101032.535s][info][gc,marking  ] GC(3857) Concurrent Scan Root Regions 26.635ms
[2025-01-08T00:29:22.169+0000][101032.535s][info][gc,marking  ] GC(3857) Concurrent Mark
[2025-01-08T00:29:22.169+0000][101032.535s][info][gc,marking  ] GC(3857) Concurrent Mark From Roots
[2025-01-08T00:29:22.169+0000][101032.535s][info][gc,task     ] GC(3857) Using 2 workers of 2 for marking
[2025-01-08T00:29:23.077+0000][101033.443s][info][gc,marking  ] GC(3857) Concurrent Mark From Roots 907.800ms
[2025-01-08T00:29:23.077+0000][101033.443s][info][gc,marking  ] GC(3857) Concurrent Preclean
[2025-01-08T00:29:23.079+0000][101033.445s][info][gc,marking  ] GC(3857) Concurrent Preclean 1.775ms
[2025-01-08T00:29:23.079+0000][101033.445s][info][gc,start    ] GC(3857) Pause Remark
[2025-01-08T00:29:23.104+0000][101033.471s][info][gc          ] GC(3857) Pause Remark 3467M->3467M(12288M) 25.663ms
[2025-01-08T00:29:23.104+0000][101033.471s][info][gc,cpu      ] GC(3857) User=0.15s Sys=0.00s Real=0.03s
[2025-01-08T00:29:23.105+0000][101033.471s][info][gc,marking  ] GC(3857) Concurrent Mark 935.621ms
[2025-01-08T00:29:23.105+0000][101033.471s][info][gc,marking  ] GC(3857) Concurrent Rebuild Remembered Sets
[2025-01-08T00:29:23.560+0000][101033.926s][info][gc,marking  ] GC(3857) Concurrent Rebuild Remembered Sets 455.747ms
[2025-01-08T00:29:23.560+0000][101033.927s][info][gc,start    ] GC(3857) Pause Cleanup
[2025-01-08T00:29:23.561+0000][101033.927s][info][gc          ] GC(3857) Pause Cleanup 3795M->3795M(12288M) 0.362ms
[2025-01-08T00:29:23.561+0000][101033.927s][info][gc,cpu      ] GC(3857) User=0.00s Sys=0.00s Real=0.00s
[2025-01-08T00:29:23.561+0000][101033.927s][info][gc,marking  ] GC(3857) Concurrent Cleanup for Next Mark
[2025-01-08T00:29:23.576+0000][101033.942s][info][gc,marking  ] GC(3857) Concurrent Cleanup for Next Mark 15.305ms
[2025-01-08T00:29:23.576+0000][101033.942s][info][gc          ] GC(3857) Concurrent Mark Cycle 1435.041ms
[2025-01-08T00:29:29.176+0000][101039.542s][info][gc,start    ] GC(3858) Pause Young (Prepare Mixed) (G1 Evacuation Pause)
[2025-01-08T00:29:29.176+0000][101039.542s][info][gc,task     ] GC(3858) Using 6 workers of 6 for evacuation
[2025-01-08T00:29:29.208+0000][101039.574s][info][gc,phases   ] GC(3858)   Pre Evacuate Collection Set: 0.2ms
[2025-01-08T00:29:29.208+0000][101039.574s][info][gc,phases   ] GC(3858)   Merge Heap Roots: 0.6ms
[2025-01-08T00:29:29.208+0000][101039.574s][info][gc,phases   ] GC(3858)   Evacuate Collection Set: 28.3ms
[2025-01-08T00:29:29.208+0000][101039.574s][info][gc,phases   ] GC(3858)   Post Evacuate Collection Set: 2.5ms
[2025-01-08T00:29:29.208+0000][101039.574s][info][gc,phases   ] GC(3858)   Other: 0.2ms
[2025-01-08T00:29:29.208+0000][101039.574s][info][gc,heap     ] GC(3858) Eden regions: 907->0(68)
[2025-01-08T00:29:29.208+0000][101039.574s][info][gc,heap     ] GC(3858) Survivor regions: 8->8(115)
[2025-01-08T00:29:29.208+0000][101039.574s][info][gc,heap     ] GC(3858) Old regions: 249->249
[2025-01-08T00:29:29.208+0000][101039.574s][info][gc,heap     ] GC(3858) Archive regions: 2->2
[2025-01-08T00:29:29.208+0000][101039.574s][info][gc,heap     ] GC(3858) Humongous regions: 49->49
[2025-01-08T00:29:29.208+0000][101039.574s][info][gc,metaspace] GC(3858) Metaspace: 506012K(514880K)->506012K(514880K) NonClass: 444413K(448896K)->444413K(448896K) Class: 61599K(65984K)->61599K(65984K)
[2025-01-08T00:29:29.208+0000][101039.574s][info][gc          ] GC(3858) Pause Young (Prepare Mixed) (G1 Evacuation Pause) 9699M->2446M(12288M) 31.821ms
[2025-01-08T00:29:29.208+0000][101039.574s][info][gc,cpu      ] GC(3858) User=0.18s Sys=0.01s Real=0.03s
[2025-01-08T00:29:30.045+0000][101040.411s][info][gc,start    ] GC(3859) Pause Young (Mixed) (G1 Evacuation Pause)
[2025-01-08T00:29:30.045+0000][101040.411s][info][gc,task     ] GC(3859) Using 6 workers of 6 for evacuation
[2025-01-08T00:29:30.122+0000][101040.488s][info][gc,phases   ] GC(3859)   Pre Evacuate Collection Set: 0.2ms
[2025-01-08T00:29:30.122+0000][101040.488s][info][gc,phases   ] GC(3859)   Merge Heap Roots: 0.9ms
[2025-01-08T00:29:30.122+0000][101040.488s][info][gc,phases   ] GC(3859)   Evacuate Collection Set: 72.5ms
[2025-01-08T00:29:30.122+0000][101040.488s][info][gc,phases   ] GC(3859)   Post Evacuate Collection Set: 2.5ms
[2025-01-08T00:29:30.122+0000][101040.488s][info][gc,phases   ] GC(3859)   Other: 0.2ms
[2025-01-08T00:29:30.122+0000][101040.488s][info][gc,heap     ] GC(3859) Eden regions: 68->0(910)
[2025-01-08T00:29:30.122+0000][101040.488s][info][gc,heap     ] GC(3859) Survivor regions: 8->6(10)
[2025-01-08T00:29:30.122+0000][101040.488s][info][gc,heap     ] GC(3859) Old regions: 249->248
[2025-01-08T00:29:30.122+0000][101040.488s][info][gc,heap     ] GC(3859) Archive regions: 2->2
[2025-01-08T00:29:30.122+0000][101040.488s][info][gc,heap     ] GC(3859) Humongous regions: 49->49
[2025-01-08T00:29:30.122+0000][101040.488s][info][gc,metaspace] GC(3859) Metaspace: 506012K(514880K)->506012K(514880K) NonClass: 444413K(448896K)->444413K(448896K) Class: 61599K(65984K)->61599K(65984K)
[2025-01-08T00:29:30.122+0000][101040.488s][info][gc          ] GC(3859) Pause Young (Mixed) (G1 Evacuation Pause) 2990M->2423M(12288M) 76.336ms
[2025-01-08T00:29:30.122+0000][101040.488s][info][gc,cpu      ] GC(3859) User=0.42s Sys=0.00s Real=0.08s
[2025-01-08T00:29:36.813+0000][101047.179s][info][gc,start    ] GC(3860) Pause Young (Normal) (G1 Evacuation Pause)
[2025-01-08T00:29:36.813+0000][101047.180s][info][gc,task     ] GC(3860) Using 6 workers of 6 for evacuation
[2025-01-08T00:29:36.845+0000][101047.211s][info][gc,phases   ] GC(3860)   Pre Evacuate Collection Set: 0.2ms
[2025-01-08T00:29:36.845+0000][101047.211s][info][gc,phases   ] GC(3860)   Merge Heap Roots: 0.4ms
[2025-01-08T00:29:36.845+0000][101047.211s][info][gc,phases   ] GC(3860)   Evacuate Collection Set: 25.5ms
[2025-01-08T00:29:36.845+0000][101047.211s][info][gc,phases   ] GC(3860)   Post Evacuate Collection Set: 5.1ms
[2025-01-08T00:29:36.845+0000][101047.211s][info][gc,phases   ] GC(3860)   Other: 0.2ms
[2025-01-08T00:29:36.845+0000][101047.211s][info][gc,heap     ] GC(3860) Eden regions: 910->0(905)
[2025-01-08T00:29:36.845+0000][101047.211s][info][gc,heap     ] GC(3860) Survivor regions: 6->9(115)
[2025-01-08T00:29:36.845+0000][101047.211s][info][gc,heap     ] GC(3860) Old regions: 248->248
[2025-01-08T00:29:36.845+0000][101047.211s][info][gc,heap     ] GC(3860) Archive regions: 2->2
[2025-01-08T00:29:36.845+0000][101047.211s][info][gc,heap     ] GC(3860) Humongous regions: 49->49
[2025-01-08T00:29:36.845+0000][101047.211s][info][gc,metaspace] GC(3860) Metaspace: 506023K(514880K)->506023K(514880K) NonClass: 444421K(448896K)->444421K(448896K) Class: 61601K(65984K)->61601K(65984K)
[2025-01-08T00:29:36.845+0000][101047.211s][info][gc          ] GC(3860) Pause Young (Normal) (G1 Evacuation Pause) 9703M->2441M(12288M) 31.577ms
[2025-01-08T00:29:36.845+0000][101047.211s][info][gc,cpu      ] GC(3860) User=0.18s Sys=0.00s Real=0.03s
[2025-01-08T00:29:43.091+0000][101053.457s][info][gc,start    ] GC(3861) Pause Young (Normal) (G1 Evacuation Pause)
[2025-01-08T00:29:43.091+0000][101053.457s][info][gc,task     ] GC(3861) Using 6 workers of 6 for evacuation
[2025-01-08T00:29:43.123+0000][101053.489s][info][gc,phases   ] GC(3861)   Pre Evacuate Collection Set: 0.2ms
[2025-01-08T00:29:43.123+0000][101053.489s][info][gc,phases   ] GC(3861)   Merge Heap Roots: 0.4ms
[2025-01-08T00:29:43.123+0000][101053.489s][info][gc,phases   ] GC(3861)   Evacuate Collection Set: 28.5ms
[2025-01-08T00:29:43.123+0000][101053.489s][info][gc,phases   ] GC(3861)   Post Evacuate Collection Set: 2.5ms
[2025-01-08T00:29:43.123+0000][101053.489s][info][gc,phases   ] GC(3861)   Other: 0.2ms
[2025-01-08T00:29:43.123+0000][101053.489s][info][gc,heap     ] GC(3861) Eden regions: 905->0(908)
[2025-01-08T00:29:43.123+0000][101053.489s][info][gc,heap     ] GC(3861) Survivor regions: 9->8(115)
[2025-01-08T00:29:43.123+0000][101053.489s][info][gc,heap     ] GC(3861) Old regions: 248->248
[2025-01-08T00:29:43.123+0000][101053.489s][info][gc,heap     ] GC(3861) Archive regions: 2->2
[2025-01-08T00:29:43.123+0000][101053.489s][info][gc,heap     ] GC(3861) Humongous regions: 49->49
[2025-01-08T00:29:43.123+0000][101053.489s][info][gc,metaspace] GC(3861) Metaspace: 506028K(514880K)->506028K(514880K) NonClass: 444425K(448896K)->444425K(448896K) Class: 61602K(65984K)->61602K(65984K)
[2025-01-08T00:29:43.123+0000][101053.489s][info][gc          ] GC(3861) Pause Young (Normal) (G1 Evacuation Pause) 9681M->2439M(12288M) 31.864ms
[2025-01-08T00:29:43.123+0000][101053.489s][info][gc,cpu      ] GC(3861) User=0.18s Sys=0.00s Real=0.03s
[2025-01-08T00:29:51.241+0000][101061.607s][info][gc,start    ] GC(3862) Pause Young (Concurrent Start) (G1 Evacuation Pause)
[2025-01-08T00:29:51.241+0000][101061.607s][info][gc,task     ] GC(3862) Using 6 workers of 6 for evacuation
[2025-01-08T00:29:51.280+0000][101061.646s][info][gc,phases   ] GC(3862)   Pre Evacuate Collection Set: 1.1ms
[2025-01-08T00:29:51.280+0000][101061.646s][info][gc,phases   ] GC(3862)   Merge Heap Roots: 0.5ms
[2025-01-08T00:29:51.280+0000][101061.646s][info][gc,phases   ] GC(3862)   Evacuate Collection Set: 33.6ms
[2025-01-08T00:29:51.280+0000][101061.646s][info][gc,phases   ] GC(3862)   Post Evacuate Collection Set: 3.9ms
[2025-01-08T00:29:51.280+0000][101061.646s][info][gc,phases   ] GC(3862)   Other: 0.3ms
[2025-01-08T00:29:51.280+0000][101061.646s][info][gc,heap     ] GC(3862) Eden regions: 908->0(904)
[2025-01-08T00:29:51.280+0000][101061.646s][info][gc,heap     ] GC(3862) Survivor regions: 8->11(115)
[2025-01-08T00:29:51.280+0000][101061.646s][info][gc,heap     ] GC(3862) Old regions: 248->248
[2025-01-08T00:29:51.280+0000][101061.646s][info][gc,heap     ] GC(3862) Archive regions: 2->2
[2025-01-08T00:29:51.280+0000][101061.646s][info][gc,heap     ] GC(3862) Humongous regions: 49->49
[2025-01-08T00:29:51.280+0000][101061.646s][info][gc,metaspace] GC(3862) Metaspace: 506028K(514880K)->506028K(514880K) NonClass: 444426K(448896K)->444426K(448896K) Class: 61602K(65984K)->61602K(65984K)
[2025-01-08T00:29:51.280+0000][101061.646s][info][gc          ] GC(3862) Pause Young (Concurrent Start) (G1 Evacuation Pause) 9703M->2457M(12288M) 39.441ms
[2025-01-08T00:29:51.280+0000][101061.646s][info][gc,cpu      ] GC(3862) User=0.22s Sys=0.00s Real=0.04s
[2025-01-08T00:29:51.280+0000][101061.646s][info][gc          ] GC(3863) Concurrent Mark Cycle
[2025-01-08T00:29:51.280+0000][101061.646s][info][gc,marking  ] GC(3863) Concurrent Clear Claimed Marks
[2025-01-08T00:29:51.281+0000][101061.647s][info][gc,marking  ] GC(3863) Concurrent Clear Claimed Marks 0.898ms
[2025-01-08T00:29:51.281+0000][101061.647s][info][gc,marking  ] GC(3863) Concurrent Scan Root Regions
[2025-01-08T00:29:51.310+0000][101061.676s][info][gc,marking  ] GC(3863) Concurrent Scan Root Regions 28.630ms
[2025-01-08T00:29:51.310+0000][101061.676s][info][gc,marking  ] GC(3863) Concurrent Mark
[2025-01-08T00:29:51.310+0000][101061.676s][info][gc,marking  ] GC(3863) Concurrent Mark From Roots
[2025-01-08T00:29:51.310+0000][101061.676s][info][gc,task     ] GC(3863) Using 2 workers of 2 for marking
[2025-01-08T00:29:52.259+0000][101062.625s][info][gc,marking  ] GC(3863) Concurrent Mark From Roots 949.225ms
[2025-01-08T00:29:52.259+0000][101062.625s][info][gc,marking  ] GC(3863) Concurrent Preclean
[2025-01-08T00:29:52.262+0000][101062.628s][info][gc,marking  ] GC(3863) Concurrent Preclean 2.683ms
[2025-01-08T00:29:52.262+0000][101062.628s][info][gc,start    ] GC(3863) Pause Remark
[2025-01-08T00:29:52.290+0000][101062.657s][info][gc          ] GC(3863) Pause Remark 3489M->3489M(12288M) 28.699ms
[2025-01-08T00:29:52.290+0000][101062.657s][info][gc,cpu      ] GC(3863) User=0.16s Sys=0.01s Real=0.03s
[2025-01-08T00:29:52.291+0000][101062.657s][info][gc,marking  ] GC(3863) Concurrent Mark 980.978ms
[2025-01-08T00:29:52.291+0000][101062.657s][info][gc,marking  ] GC(3863) Concurrent Rebuild Remembered Sets
[2025-01-08T00:29:52.898+0000][101063.264s][info][gc,marking  ] GC(3863) Concurrent Rebuild Remembered Sets 606.880ms
[2025-01-08T00:29:52.898+0000][101063.264s][info][gc,start    ] GC(3863) Pause Cleanup
[2025-01-08T00:29:52.898+0000][101063.264s][info][gc          ] GC(3863) Pause Cleanup 3981M->3981M(12288M) 0.441ms
[2025-01-08T00:29:52.898+0000][101063.264s][info][gc,cpu      ] GC(3863) User=0.00s Sys=0.00s Real=0.00s
[2025-01-08T00:29:52.898+0000][101063.264s][info][gc,marking  ] GC(3863) Concurrent Cleanup for Next Mark
[2025-01-08T00:29:52.914+0000][101063.280s][info][gc,marking  ] GC(3863) Concurrent Cleanup for Next Mark 15.385ms
[2025-01-08T00:29:52.914+0000][101063.280s][info][gc          ] GC(3863) Concurrent Mark Cycle 1633.596ms
[2025-01-08T00:30:00.340+0000][101070.706s][info][gc,start    ] GC(3864) Pause Young (Prepare Mixed) (G1 Evacuation Pause)
[2025-01-08T00:30:00.340+0000][101070.706s][info][gc,task     ] GC(3864) Using 6 workers of 6 for evacuation
[2025-01-08T00:30:00.380+0000][101070.747s][info][gc,phases   ] GC(3864)   Pre Evacuate Collection Set: 0.2ms
[2025-01-08T00:30:00.381+0000][101070.747s][info][gc,phases   ] GC(3864)   Merge Heap Roots: 0.6ms
[2025-01-08T00:30:00.381+0000][101070.747s][info][gc,phases   ] GC(3864)   Evacuate Collection Set: 36.9ms
[2025-01-08T00:30:00.381+0000][101070.747s][info][gc,phases   ] GC(3864)   Post Evacuate Collection Set: 2.7ms
[2025-01-08T00:30:00.381+0000][101070.747s][info][gc,phases   ] GC(3864)   Other: 0.2ms
[2025-01-08T00:30:00.381+0000][101070.747s][info][gc,heap     ] GC(3864) Eden regions: 904->0(64)
[2025-01-08T00:30:00.381+0000][101070.747s][info][gc,heap     ] GC(3864) Survivor regions: 11->12(115)
[2025-01-08T00:30:00.381+0000][101070.747s][info][gc,heap     ] GC(3864) Old regions: 248->248
[2025-01-08T00:30:00.381+0000][101070.747s][info][gc,heap     ] GC(3864) Archive regions: 2->2
[2025-01-08T00:30:00.381+0000][101070.747s][info][gc,heap     ] GC(3864) Humongous regions: 49->49
[2025-01-08T00:30:00.381+0000][101070.747s][info][gc,metaspace] GC(3864) Metaspace: 506033K(514880K)->506033K(514880K) NonClass: 444429K(448896K)->444429K(448896K) Class: 61603K(65984K)->61603K(65984K)
[2025-01-08T00:30:00.381+0000][101070.747s][info][gc          ] GC(3864) Pause Young (Prepare Mixed) (G1 Evacuation Pause) 9689M->2466M(12288M) 40.822ms
[2025-01-08T00:30:00.381+0000][101070.747s][info][gc,cpu      ] GC(3864) User=0.24s Sys=0.00s Real=0.04s
[2025-01-08T00:30:00.667+0000][101071.033s][info][gc,start    ] GC(3865) Pause Young (Mixed) (G1 Evacuation Pause)
[2025-01-08T00:30:00.667+0000][101071.033s][info][gc,task     ] GC(3865) Using 6 workers of 6 for evacuation
[2025-01-08T00:30:00.714+0000][101071.080s][info][gc,phases   ] GC(3865)   Pre Evacuate Collection Set: 0.2ms
[2025-01-08T00:30:00.714+0000][101071.081s][info][gc,phases   ] GC(3865)   Merge Heap Roots: 0.4ms
[2025-01-08T00:30:00.714+0000][101071.081s][info][gc,phases   ] GC(3865)   Evacuate Collection Set: 44.9ms
[2025-01-08T00:30:00.714+0000][101071.081s][info][gc,phases   ] GC(3865)   Post Evacuate Collection Set: 1.6ms
[2025-01-08T00:30:00.714+0000][101071.081s][info][gc,phases   ] GC(3865)   Other: 0.2ms
[2025-01-08T00:30:00.714+0000][101071.081s][info][gc,heap     ] GC(3865) Eden regions: 64->0(911)
[2025-01-08T00:30:00.714+0000][101071.081s][info][gc,heap     ] GC(3865) Survivor regions: 12->6(10)
[2025-01-08T00:30:00.714+0000][101071.081s][info][gc,heap     ] GC(3865) Old regions: 248->245
[2025-01-08T00:30:00.714+0000][101071.081s][info][gc,heap     ] GC(3865) Archive regions: 2->2
[2025-01-08T00:30:00.714+0000][101071.081s][info][gc,heap     ] GC(3865) Humongous regions: 49->49
[2025-01-08T00:30:00.714+0000][101071.081s][info][gc,metaspace] GC(3865) Metaspace: 506035K(514880K)->506035K(514880K) NonClass: 444431K(448896K)->444431K(448896K) Class: 61603K(65984K)->61603K(65984K)
[2025-01-08T00:30:00.714+0000][101071.081s][info][gc          ] GC(3865) Pause Young (Mixed) (G1 Evacuation Pause) 2978M->2405M(12288M) 47.288ms
[2025-01-08T00:30:00.715+0000][101071.081s][info][gc,cpu      ] GC(3865) User=0.27s Sys=0.00s Real=0.05s
[2025-01-08T00:30:06.470+0000][101076.836s][info][gc,start    ] GC(3866) Pause Young (Normal) (G1 Evacuation Pause)
[2025-01-08T00:30:06.470+0000][101076.836s][info][gc,task     ] GC(3866) Using 6 workers of 6 for evacuation
[2025-01-08T00:30:06.497+0000][101076.863s][info][gc,phases   ] GC(3866)   Pre Evacuate Collection Set: 0.2ms
[2025-01-08T00:30:06.497+0000][101076.863s][info][gc,phases   ] GC(3866)   Merge Heap Roots: 0.4ms
[2025-01-08T00:30:06.497+0000][101076.863s][info][gc,phases   ] GC(3866)   Evacuate Collection Set: 24.0ms
[2025-01-08T00:30:06.497+0000][101076.863s][info][gc,phases   ] GC(3866)   Post Evacuate Collection Set: 2.4ms
[2025-01-08T00:30:06.497+0000][101076.863s][info][gc,phases   ] GC(3866)   Other: 0.2ms
[2025-01-08T00:30:06.497+0000][101076.863s][info][gc,heap     ] GC(3866) Eden regions: 911->0(909)
[2025-01-08T00:30:06.497+0000][101076.863s][info][gc,heap     ] GC(3866) Survivor regions: 6->8(115)
[2025-01-08T00:30:06.497+0000][101076.863s][info][gc,heap     ] GC(3866) Old regions: 245->245
[2025-01-08T00:30:06.497+0000][101076.863s][info][gc,heap     ] GC(3866) Archive regions: 2->2
[2025-01-08T00:30:06.497+0000][101076.863s][info][gc,heap     ] GC(3866) Humongous regions: 49->49
[2025-01-08T00:30:06.497+0000][101076.863s][info][gc,metaspace] GC(3866) Metaspace: 506037K(514880K)->506037K(514880K) NonClass: 444433K(448896K)->444433K(448896K) Class: 61603K(65984K)->61603K(65984K)
[2025-01-08T00:30:06.497+0000][101076.864s][info][gc          ] GC(3866) Pause Young (Normal) (G1 Evacuation Pause) 9693M->2415M(12288M) 27.311ms
[2025-01-08T00:30:06.497+0000][101076.864s][info][gc,cpu      ] GC(3866) User=0.16s Sys=0.00s Real=0.02s
[2025-01-08T00:30:10.951+0000][101081.317s][info][gc,start    ] GC(3867) Pause Young (Normal) (G1 Evacuation Pause)
[2025-01-08T00:30:10.951+0000][101081.317s][info][gc,task     ] GC(3867) Using 6 workers of 6 for evacuation
[2025-01-08T00:30:10.977+0000][101081.343s][info][gc,phases   ] GC(3867)   Pre Evacuate Collection Set: 0.2ms
[2025-01-08T00:30:10.977+0000][101081.343s][info][gc,phases   ] GC(3867)   Merge Heap Roots: 0.4ms
[2025-01-08T00:30:10.977+0000][101081.343s][info][gc,phases   ] GC(3867)   Evacuate Collection Set: 22.9ms
[2025-01-08T00:30:10.977+0000][101081.343s][info][gc,phases   ] GC(3867)   Post Evacuate Collection Set: 2.3ms
[2025-01-08T00:30:10.977+0000][101081.343s][info][gc,phases   ] GC(3867)   Other: 0.2ms
[2025-01-08T00:30:10.977+0000][101081.343s][info][gc,heap     ] GC(3867) Eden regions: 909->0(911)
[2025-01-08T00:30:10.977+0000][101081.343s][info][gc,heap     ] GC(3867) Survivor regions: 8->8(115)
[2025-01-08T00:30:10.977+0000][101081.343s][info][gc,heap     ] GC(3867) Old regions: 245->245
[2025-01-08T00:30:10.977+0000][101081.343s][info][gc,heap     ] GC(3867) Archive regions: 2->2
[2025-01-08T00:30:10.977+0000][101081.343s][info][gc,heap     ] GC(3867) Humongous regions: 49->49
[2025-01-08T00:30:10.977+0000][101081.343s][info][gc,metaspace] GC(3867) Metaspace: 506037K(514880K)->506037K(514880K) NonClass: 444434K(448896K)->444434K(448896K) Class: 61603K(65984K)->61603K(65984K)
[2025-01-08T00:30:10.977+0000][101081.343s][info][gc          ] GC(3867) Pause Young (Normal) (G1 Evacuation Pause) 9687M->2415M(12288M) 26.085ms
[2025-01-08T00:30:10.977+0000][101081.343s][info][gc,cpu      ] GC(3867) User=0.16s Sys=0.00s Real=0.02s
[2025-01-08T00:30:17.625+0000][101087.991s][info][gc,start    ] GC(3868) Pause Young (Concurrent Start) (G1 Evacuation Pause)
[2025-01-08T00:30:17.625+0000][101087.991s][info][gc,task     ] GC(3868) Using 6 workers of 6 for evacuation
[2025-01-08T00:30:17.657+0000][101088.023s][info][gc,phases   ] GC(3868)   Pre Evacuate Collection Set: 1.0ms
[2025-01-08T00:30:17.657+0000][101088.023s][info][gc,phases   ] GC(3868)   Merge Heap Roots: 0.4ms
[2025-01-08T00:30:17.657+0000][101088.023s][info][gc,phases   ] GC(3868)   Evacuate Collection Set: 27.2ms
[2025-01-08T00:30:17.657+0000][101088.023s][info][gc,phases   ] GC(3868)   Post Evacuate Collection Set: 2.5ms
[2025-01-08T00:30:17.657+0000][101088.023s][info][gc,phases   ] GC(3868)   Other: 0.3ms
[2025-01-08T00:30:17.657+0000][101088.023s][info][gc,heap     ] GC(3868) Eden regions: 911->0(910)
[2025-01-08T00:30:17.657+0000][101088.023s][info][gc,heap     ] GC(3868) Survivor regions: 8->9(115)
[2025-01-08T00:30:17.657+0000][101088.023s][info][gc,heap     ] GC(3868) Old regions: 245->245
[2025-01-08T00:30:17.657+0000][101088.023s][info][gc,heap     ] GC(3868) Archive regions: 2->2
[2025-01-08T00:30:17.657+0000][101088.023s][info][gc,heap     ] GC(3868) Humongous regions: 49->49
[2025-01-08T00:30:17.657+0000][101088.023s][info][gc,metaspace] GC(3868) Metaspace: 506039K(514880K)->506039K(514880K) NonClass: 444435K(448896K)->444435K(448896K) Class: 61603K(65984K)->61603K(65984K)
[2025-01-08T00:30:17.657+0000][101088.023s][info][gc          ] GC(3868) Pause Young (Concurrent Start) (G1 Evacuation Pause) 9703M->2423M(12288M) 31.616ms
[2025-01-08T00:30:17.657+0000][101088.023s][info][gc,cpu      ] GC(3868) User=0.18s Sys=0.00s Real=0.03s
[2025-01-08T00:30:17.657+0000][101088.023s][info][gc          ] GC(3869) Concurrent Mark Cycle
[2025-01-08T00:30:17.657+0000][101088.023s][info][gc,marking  ] GC(3869) Concurrent Clear Claimed Marks
[2025-01-08T00:30:17.658+0000][101088.024s][info][gc,marking  ] GC(3869) Concurrent Clear Claimed Marks 0.919ms
[2025-01-08T00:30:17.658+0000][101088.024s][info][gc,marking  ] GC(3869) Concurrent Scan Root Regions
[2025-01-08T00:30:17.678+0000][101088.044s][info][gc,marking  ] GC(3869) Concurrent Scan Root Regions 20.447ms
[2025-01-08T00:30:17.678+0000][101088.044s][info][gc,marking  ] GC(3869) Concurrent Mark
[2025-01-08T00:30:17.678+0000][101088.044s][info][gc,marking  ] GC(3869) Concurrent Mark From Roots
[2025-01-08T00:30:17.678+0000][101088.044s][info][gc,task     ] GC(3869) Using 2 workers of 2 for marking
[2025-01-08T00:30:18.687+0000][101089.053s][info][gc,marking  ] GC(3869) Concurrent Mark From Roots 1008.807ms
[2025-01-08T00:30:18.687+0000][101089.053s][info][gc,marking  ] GC(3869) Concurrent Preclean
[2025-01-08T00:30:18.689+0000][101089.055s][info][gc,marking  ] GC(3869) Concurrent Preclean 1.793ms
[2025-01-08T00:30:18.689+0000][101089.055s][info][gc,start    ] GC(3869) Pause Remark
[2025-01-08T00:30:18.715+0000][101089.081s][info][gc          ] GC(3869) Pause Remark 3759M->3759M(12288M) 25.669ms
[2025-01-08T00:30:18.715+0000][101089.081s][info][gc,cpu      ] GC(3869) User=0.14s Sys=0.00s Real=0.03s
[2025-01-08T00:30:18.715+0000][101089.081s][info][gc,marking  ] GC(3869) Concurrent Mark 1036.614ms
[2025-01-08T00:30:18.715+0000][101089.081s][info][gc,marking  ] GC(3869) Concurrent Rebuild Remembered Sets
[2025-01-08T00:30:19.321+0000][101089.687s][info][gc,marking  ] GC(3869) Concurrent Rebuild Remembered Sets 606.084ms
[2025-01-08T00:30:19.321+0000][101089.687s][info][gc,start    ] GC(3869) Pause Cleanup
[2025-01-08T00:30:19.322+0000][101089.688s][info][gc          ] GC(3869) Pause Cleanup 4475M->4475M(12288M) 0.448ms
[2025-01-08T00:30:19.322+0000][101089.688s][info][gc,cpu      ] GC(3869) User=0.00s Sys=0.00s Real=0.01s
[2025-01-08T00:30:19.322+0000][101089.688s][info][gc,marking  ] GC(3869) Concurrent Cleanup for Next Mark
[2025-01-08T00:30:19.338+0000][101089.704s][info][gc,marking  ] GC(3869) Concurrent Cleanup for Next Mark 15.671ms
[2025-01-08T00:30:19.338+0000][101089.704s][info][gc          ] GC(3869) Concurrent Mark Cycle 1680.747ms
[2025-01-08T00:30:25.867+0000][101096.233s][info][gc,start    ] GC(3870) Pause Young (Prepare Mixed) (G1 Evacuation Pause)
[2025-01-08T00:30:25.867+0000][101096.233s][info][gc,task     ] GC(3870) Using 6 workers of 6 for evacuation
[2025-01-08T00:30:25.903+0000][101096.269s][info][gc,phases   ] GC(3870)   Pre Evacuate Collection Set: 0.2ms
[2025-01-08T00:30:25.903+0000][101096.269s][info][gc,phases   ] GC(3870)   Merge Heap Roots: 0.7ms
[2025-01-08T00:30:25.903+0000][101096.269s][info][gc,phases   ] GC(3870)   Evacuate Collection Set: 31.1ms
[2025-01-08T00:30:25.903+0000][101096.269s][info][gc,phases   ] GC(3870)   Post Evacuate Collection Set: 4.2ms
[2025-01-08T00:30:25.903+0000][101096.269s][info][gc,phases   ] GC(3870)   Other: 0.2ms
[2025-01-08T00:30:25.903+0000][101096.269s][info][gc,heap     ] GC(3870) Eden regions: 910->0(65)
[2025-01-08T00:30:25.903+0000][101096.269s][info][gc,heap     ] GC(3870) Survivor regions: 9->11(115)
[2025-01-08T00:30:25.903+0000][101096.269s][info][gc,heap     ] GC(3870) Old regions: 245->245
[2025-01-08T00:30:25.903+0000][101096.269s][info][gc,heap     ] GC(3870) Archive regions: 2->2
[2025-01-08T00:30:25.903+0000][101096.269s][info][gc,heap     ] GC(3870) Humongous regions: 49->49
[2025-01-08T00:30:25.903+0000][101096.269s][info][gc,metaspace] GC(3870) Metaspace: 506048K(514880K)->506048K(514880K) NonClass: 444444K(448896K)->444444K(448896K) Class: 61603K(65984K)->61603K(65984K)
[2025-01-08T00:30:25.903+0000][101096.269s][info][gc          ] GC(3870) Pause Young (Prepare Mixed) (G1 Evacuation Pause) 9703M->2441M(12288M) 36.490ms
[2025-01-08T00:30:25.903+0000][101096.269s][info][gc,cpu      ] GC(3870) User=0.22s Sys=0.00s Real=0.04s
[2025-01-08T00:30:27.267+0000][101097.633s][info][gc,start    ] GC(3871) Pause Young (Mixed) (G1 Evacuation Pause)
[2025-01-08T00:30:27.267+0000][101097.633s][info][gc,task     ] GC(3871) Using 6 workers of 6 for evacuation
[2025-01-08T00:30:27.322+0000][101097.688s][info][gc,phases   ] GC(3871)   Pre Evacuate Collection Set: 0.2ms
[2025-01-08T00:30:27.322+0000][101097.688s][info][gc,phases   ] GC(3871)   Merge Heap Roots: 0.5ms
[2025-01-08T00:30:27.322+0000][101097.688s][info][gc,phases   ] GC(3871)   Evacuate Collection Set: 52.5ms
[2025-01-08T00:30:27.322+0000][101097.688s][info][gc,phases   ] GC(3871)   Post Evacuate Collection Set: 1.7ms
[2025-01-08T00:30:27.322+0000][101097.688s][info][gc,phases   ] GC(3871)   Other: 0.2ms
[2025-01-08T00:30:27.322+0000][101097.688s][info][gc,heap     ] GC(3871) Eden regions: 65->0(911)
[2025-01-08T00:30:27.322+0000][101097.688s][info][gc,heap     ] GC(3871) Survivor regions: 11->6(10)
[2025-01-08T00:30:27.322+0000][101097.688s][info][gc,heap     ] GC(3871) Old regions: 245->245
[2025-01-08T00:30:27.322+0000][101097.688s][info][gc,heap     ] GC(3871) Archive regions: 2->2
[2025-01-08T00:30:27.322+0000][101097.688s][info][gc,heap     ] GC(3871) Humongous regions: 49->49
[2025-01-08T00:30:27.322+0000][101097.688s][info][gc,metaspace] GC(3871) Metaspace: 506048K(514880K)->506048K(514880K) NonClass: 444444K(448896K)->444444K(448896K) Class: 61603K(65984K)->61603K(65984K)
[2025-01-08T00:30:27.322+0000][101097.689s][info][gc          ] GC(3871) Pause Young (Mixed) (G1 Evacuation Pause) 2961M->2404M(12288M) 55.181ms
[2025-01-08T00:30:27.322+0000][101097.689s][info][gc,cpu      ] GC(3871) User=0.32s Sys=0.00s Real=0.06s
[2025-01-08T00:30:37.172+0000][101107.538s][info][gc,start    ] GC(3872) Pause Young (Normal) (G1 Evacuation Pause)
[2025-01-08T00:30:37.172+0000][101107.538s][info][gc,task     ] GC(3872) Using 6 workers of 6 for evacuation
[2025-01-08T00:30:37.201+0000][101107.567s][info][gc,phases   ] GC(3872)   Pre Evacuate Collection Set: 0.2ms
[2025-01-08T00:30:37.201+0000][101107.567s][info][gc,phases   ] GC(3872)   Merge Heap Roots: 0.4ms
[2025-01-08T00:30:37.201+0000][101107.567s][info][gc,phases   ] GC(3872)   Evacuate Collection Set: 24.0ms
[2025-01-08T00:30:37.201+0000][101107.567s][info][gc,phases   ] GC(3872)   Post Evacuate Collection Set: 4.0ms
[2025-01-08T00:30:37.201+0000][101107.567s][info][gc,phases   ] GC(3872)   Other: 0.2ms
[2025-01-08T00:30:37.201+0000][101107.567s][info][gc,heap     ] GC(3872) Eden regions: 911->0(908)
[2025-01-08T00:30:37.201+0000][101107.567s][info][gc,heap     ] GC(3872) Survivor regions: 6->8(115)
[2025-01-08T00:30:37.201+0000][101107.567s][info][gc,heap     ] GC(3872) Old regions: 245->245
[2025-01-08T00:30:37.201+0000][101107.567s][info][gc,heap     ] GC(3872) Archive regions: 2->2
[2025-01-08T00:30:37.201+0000][101107.567s][info][gc,heap     ] GC(3872) Humongous regions: 49->49
[2025-01-08T00:30:37.201+0000][101107.567s][info][gc,metaspace] GC(3872) Metaspace: 506049K(514880K)->506049K(514880K) NonClass: 444445K(448896K)->444445K(448896K) Class: 61603K(65984K)->61603K(65984K)
[2025-01-08T00:30:37.201+0000][101107.567s][info][gc          ] GC(3872) Pause Young (Normal) (G1 Evacuation Pause) 9692M->2417M(12288M) 28.850ms
[2025-01-08T00:30:37.201+0000][101107.567s][info][gc,cpu      ] GC(3872) User=0.17s Sys=0.00s Real=0.02s
[2025-01-08T00:30:44.318+0000][101114.684s][info][gc,start    ] GC(3873) Pause Young (Normal) (G1 Evacuation Pause)
[2025-01-08T00:30:44.318+0000][101114.684s][info][gc,task     ] GC(3873) Using 6 workers of 6 for evacuation
[2025-01-08T00:30:44.348+0000][101114.714s][info][gc,phases   ] GC(3873)   Pre Evacuate Collection Set: 0.2ms
[2025-01-08T00:30:44.348+0000][101114.714s][info][gc,phases   ] GC(3873)   Merge Heap Roots: 0.4ms
[2025-01-08T00:30:44.348+0000][101114.714s][info][gc,phases   ] GC(3873)   Evacuate Collection Set: 25.3ms
[2025-01-08T00:30:44.348+0000][101114.714s][info][gc,phases   ] GC(3873)   Post Evacuate Collection Set: 3.8ms
[2025-01-08T00:30:44.348+0000][101114.714s][info][gc,phases   ] GC(3873)   Other: 0.2ms
[2025-01-08T00:30:44.348+0000][101114.714s][info][gc,heap     ] GC(3873) Eden regions: 908->0(908)
[2025-01-08T00:30:44.348+0000][101114.714s][info][gc,heap     ] GC(3873) Survivor regions: 8->9(115)
[2025-01-08T00:30:44.348+0000][101114.714s][info][gc,heap     ] GC(3873) Old regions: 245->245
[2025-01-08T00:30:44.348+0000][101114.714s][info][gc,heap     ] GC(3873) Archive regions: 2->2
[2025-01-08T00:30:44.348+0000][101114.714s][info][gc,heap     ] GC(3873) Humongous regions: 49->49
[2025-01-08T00:30:44.348+0000][101114.714s][info][gc,metaspace] GC(3873) Metaspace: 506050K(514880K)->506050K(514880K) NonClass: 444446K(448896K)->444446K(448896K) Class: 61603K(65984K)->61603K(65984K)
[2025-01-08T00:30:44.348+0000][101114.714s][info][gc          ] GC(3873) Pause Young (Normal) (G1 Evacuation Pause) 9681M->2428M(12288M) 29.945ms
[2025-01-08T00:30:44.348+0000][101114.714s][info][gc,cpu      ] GC(3873) User=0.17s Sys=0.00s Real=0.03s
[2025-01-08T00:30:48.550+0000][101118.916s][info][gc,start    ] GC(3874) Pause Young (Concurrent Start) (G1 Evacuation Pause)
[2025-01-08T00:30:48.550+0000][101118.916s][info][gc,task     ] GC(3874) Using 6 workers of 6 for evacuation
[2025-01-08T00:30:48.585+0000][101118.951s][info][gc,phases   ] GC(3874)   Pre Evacuate Collection Set: 1.1ms
[2025-01-08T00:30:48.585+0000][101118.951s][info][gc,phases   ] GC(3874)   Merge Heap Roots: 0.5ms
[2025-01-08T00:30:48.585+0000][101118.951s][info][gc,phases   ] GC(3874)   Evacuate Collection Set: 30.6ms
[2025-01-08T00:30:48.585+0000][101118.951s][info][gc,phases   ] GC(3874)   Post Evacuate Collection Set: 2.7ms
[2025-01-08T00:30:48.585+0000][101118.951s][info][gc,phases   ] GC(3874)   Other: 0.3ms
[2025-01-08T00:30:48.585+0000][101118.951s][info][gc,heap     ] GC(3874) Eden regions: 908->0(909)
[2025-01-08T00:30:48.585+0000][101118.951s][info][gc,heap     ] GC(3874) Survivor regions: 9->9(115)
[2025-01-08T00:30:48.585+0000][101118.951s][info][gc,heap     ] GC(3874) Old regions: 245->245
[2025-01-08T00:30:48.585+0000][101118.951s][info][gc,heap     ] GC(3874) Archive regions: 2->2
[2025-01-08T00:30:48.585+0000][101118.951s][info][gc,heap     ] GC(3874) Humongous regions: 49->49
[2025-01-08T00:30:48.585+0000][101118.951s][info][gc,metaspace] GC(3874) Metaspace: 506053K(514880K)->506053K(514880K) NonClass: 444449K(448896K)->444449K(448896K) Class: 61603K(65984K)->61603K(65984K)
[2025-01-08T00:30:48.585+0000][101118.951s][info][gc          ] GC(3874) Pause Young (Concurrent Start) (G1 Evacuation Pause) 9692M->2428M(12288M) 35.178ms
[2025-01-08T00:30:48.585+0000][101118.951s][info][gc,cpu      ] GC(3874) User=0.20s Sys=0.00s Real=0.03s
[2025-01-08T00:30:48.585+0000][101118.951s][info][gc          ] GC(3875) Concurrent Mark Cycle
[2025-01-08T00:30:48.585+0000][101118.951s][info][gc,marking  ] GC(3875) Concurrent Clear Claimed Marks
[2025-01-08T00:30:48.586+0000][101118.952s][info][gc,marking  ] GC(3875) Concurrent Clear Claimed Marks 0.920ms
[2025-01-08T00:30:48.586+0000][101118.952s][info][gc,marking  ] GC(3875) Concurrent Scan Root Regions
[2025-01-08T00:30:48.611+0000][101118.977s][info][gc,marking  ] GC(3875) Concurrent Scan Root Regions 25.559ms
[2025-01-08T00:30:48.611+0000][101118.977s][info][gc,marking  ] GC(3875) Concurrent Mark
[2025-01-08T00:30:48.611+0000][101118.977s][info][gc,marking  ] GC(3875) Concurrent Mark From Roots
[2025-01-08T00:30:48.611+0000][101118.978s][info][gc,task     ] GC(3875) Using 2 workers of 2 for marking
[2025-01-08T00:30:49.988+0000][101120.354s][info][gc,marking  ] GC(3875) Concurrent Mark From Roots 1376.462ms
[2025-01-08T00:30:49.988+0000][101120.354s][info][gc,marking  ] GC(3875) Concurrent Preclean
[2025-01-08T00:30:49.991+0000][101120.357s][info][gc,marking  ] GC(3875) Concurrent Preclean 2.641ms
[2025-01-08T00:30:49.991+0000][101120.357s][info][gc,start    ] GC(3875) Pause Remark
[2025-01-08T00:30:50.017+0000][101120.383s][info][gc          ] GC(3875) Pause Remark 4912M->4912M(12288M) 26.115ms
[2025-01-08T00:30:50.017+0000][101120.383s][info][gc,cpu      ] GC(3875) User=0.15s Sys=0.00s Real=0.02s
[2025-01-08T00:30:50.017+0000][101120.383s][info][gc,marking  ] GC(3875) Concurrent Mark 1405.605ms
[2025-01-08T00:30:50.017+0000][101120.383s][info][gc,marking  ] GC(3875) Concurrent Rebuild Remembered Sets
[2025-01-08T00:30:50.608+0000][101120.974s][info][gc,marking  ] GC(3875) Concurrent Rebuild Remembered Sets 590.504ms
[2025-01-08T00:30:50.608+0000][101120.974s][info][gc,start    ] GC(3875) Pause Cleanup
[2025-01-08T00:30:50.608+0000][101120.974s][info][gc          ] GC(3875) Pause Cleanup 5640M->5640M(12288M) 0.401ms
[2025-01-08T00:30:50.608+0000][101120.974s][info][gc,cpu      ] GC(3875) User=0.00s Sys=0.00s Real=0.00s
[2025-01-08T00:30:50.608+0000][101120.974s][info][gc,marking  ] GC(3875) Concurrent Cleanup for Next Mark
[2025-01-08T00:30:50.635+0000][101121.001s][info][gc,marking  ] GC(3875) Concurrent Cleanup for Next Mark 26.824ms
[2025-01-08T00:30:50.635+0000][101121.001s][info][gc          ] GC(3875) Concurrent Mark Cycle 2050.212ms
[2025-01-08T00:30:53.131+0000][101123.497s][info][gc,start    ] GC(3876) Pause Young (Prepare Mixed) (G1 Evacuation Pause)
[2025-01-08T00:30:53.131+0000][101123.497s][info][gc,task     ] GC(3876) Using 6 workers of 6 for evacuation
[2025-01-08T00:30:53.165+0000][101123.531s][info][gc,phases   ] GC(3876)   Pre Evacuate Collection Set: 0.2ms
[2025-01-08T00:30:53.165+0000][101123.531s][info][gc,phases   ] GC(3876)   Merge Heap Roots: 0.7ms
[2025-01-08T00:30:53.165+0000][101123.531s][info][gc,phases   ] GC(3876)   Evacuate Collection Set: 30.0ms
[2025-01-08T00:30:53.165+0000][101123.531s][info][gc,phases   ] GC(3876)   Post Evacuate Collection Set: 2.6ms
[2025-01-08T00:30:53.165+0000][101123.531s][info][gc,phases   ] GC(3876)   Other: 0.2ms
[2025-01-08T00:30:53.165+0000][101123.531s][info][gc,heap     ] GC(3876) Eden regions: 909->0(66)
[2025-01-08T00:30:53.165+0000][101123.531s][info][gc,heap     ] GC(3876) Survivor regions: 9->10(115)
[2025-01-08T00:30:53.165+0000][101123.531s][info][gc,heap     ] GC(3876) Old regions: 245->245
[2025-01-08T00:30:53.165+0000][101123.531s][info][gc,heap     ] GC(3876) Archive regions: 2->2
[2025-01-08T00:30:53.165+0000][101123.531s][info][gc,heap     ] GC(3876) Humongous regions: 49->49
[2025-01-08T00:30:53.165+0000][101123.531s][info][gc,metaspace] GC(3876) Metaspace: 506053K(514880K)->506053K(514880K) NonClass: 444449K(448896K)->444449K(448896K) Class: 61603K(65984K)->61603K(65984K)
[2025-01-08T00:30:53.165+0000][101123.531s][info][gc          ] GC(3876) Pause Young (Prepare Mixed) (G1 Evacuation Pause) 9700M->2436M(12288M) 33.723ms
[2025-01-08T00:30:53.165+0000][101123.531s][info][gc,cpu      ] GC(3876) User=0.19s Sys=0.00s Real=0.03s
[2025-01-08T00:30:53.503+0000][101123.869s][info][gc,start    ] GC(3877) Pause Young (Mixed) (G1 Evacuation Pause)
[2025-01-08T00:30:53.503+0000][101123.869s][info][gc,task     ] GC(3877) Using 6 workers of 6 for evacuation
[2025-01-08T00:30:53.554+0000][101123.920s][info][gc,phases   ] GC(3877)   Pre Evacuate Collection Set: 0.2ms
[2025-01-08T00:30:53.554+0000][101123.920s][info][gc,phases   ] GC(3877)   Merge Heap Roots: 0.5ms
[2025-01-08T00:30:53.554+0000][101123.920s][info][gc,phases   ] GC(3877)   Evacuate Collection Set: 48.5ms
[2025-01-08T00:30:53.554+0000][101123.920s][info][gc,phases   ] GC(3877)   Post Evacuate Collection Set: 1.6ms
[2025-01-08T00:30:53.554+0000][101123.920s][info][gc,phases   ] GC(3877)   Other: 0.2ms
[2025-01-08T00:30:53.554+0000][101123.920s][info][gc,heap     ] GC(3877) Eden regions: 66->0(914)
[2025-01-08T00:30:53.554+0000][101123.920s][info][gc,heap     ] GC(3877) Survivor regions: 10->6(10)
[2025-01-08T00:30:53.554+0000][101123.920s][info][gc,heap     ] GC(3877) Old regions: 245->245
[2025-01-08T00:30:53.554+0000][101123.920s][info][gc,heap     ] GC(3877) Archive regions: 2->2
[2025-01-08T00:30:53.554+0000][101123.920s][info][gc,heap     ] GC(3877) Humongous regions: 49->49
[2025-01-08T00:30:53.554+0000][101123.920s][info][gc,metaspace] GC(3877) Metaspace: 506053K(514880K)->506053K(514880K) NonClass: 444449K(448896K)->444449K(448896K) Class: 61603K(65984K)->61603K(65984K)
[2025-01-08T00:30:53.554+0000][101123.920s][info][gc          ] GC(3877) Pause Young (Mixed) (G1 Evacuation Pause) 2964M->2397M(12288M) 51.036ms
[2025-01-08T00:30:53.554+0000][101123.920s][info][gc,cpu      ] GC(3877) User=0.30s Sys=0.00s Real=0.05s
[2025-01-08T00:31:01.800+0000][101132.166s][info][gc,start    ] GC(3878) Pause Young (Normal) (G1 Evacuation Pause)
[2025-01-08T00:31:01.800+0000][101132.166s][info][gc,task     ] GC(3878) Using 6 workers of 6 for evacuation
[2025-01-08T00:31:01.830+0000][101132.196s][info][gc,phases   ] GC(3878)   Pre Evacuate Collection Set: 0.2ms
[2025-01-08T00:31:01.830+0000][101132.196s][info][gc,phases   ] GC(3878)   Merge Heap Roots: 0.5ms
[2025-01-08T00:31:01.830+0000][101132.196s][info][gc,phases   ] GC(3878)   Evacuate Collection Set: 26.7ms
[2025-01-08T00:31:01.830+0000][101132.196s][info][gc,phases   ] GC(3878)   Post Evacuate Collection Set: 2.7ms
[2025-01-08T00:31:01.830+0000][101132.196s][info][gc,phases   ] GC(3878)   Other: 0.2ms
[2025-01-08T00:31:01.830+0000][101132.196s][info][gc,heap     ] GC(3878) Eden regions: 914->0(913)
[2025-01-08T00:31:01.830+0000][101132.196s][info][gc,heap     ] GC(3878) Survivor regions: 6->7(115)
[2025-01-08T00:31:01.830+0000][101132.196s][info][gc,heap     ] GC(3878) Old regions: 245->245
[2025-01-08T00:31:01.830+0000][101132.196s][info][gc,heap     ] GC(3878) Archive regions: 2->2
[2025-01-08T00:31:01.830+0000][101132.196s][info][gc,heap     ] GC(3878) Humongous regions: 49->49
[2025-01-08T00:31:01.830+0000][101132.196s][info][gc,metaspace] GC(3878) Metaspace: 506054K(514880K)->506054K(514880K) NonClass: 444450K(448896K)->444450K(448896K) Class: 61603K(65984K)->61603K(65984K)
[2025-01-08T00:31:01.830+0000][101132.196s][info][gc          ] GC(3878) Pause Young (Normal) (G1 Evacuation Pause) 9709M->2406M(12288M) 30.403ms
[2025-01-08T00:31:01.830+0000][101132.196s][info][gc,cpu      ] GC(3878) User=0.18s Sys=0.00s Real=0.04s
[2025-01-08T00:31:09.853+0000][101140.219s][info][gc,start    ] GC(3879) Pause Young (Normal) (G1 Evacuation Pause)
[2025-01-08T00:31:09.853+0000][101140.219s][info][gc,task     ] GC(3879) Using 6 workers of 6 for evacuation
[2025-01-08T00:31:09.883+0000][101140.249s][info][gc,phases   ] GC(3879)   Pre Evacuate Collection Set: 0.2ms
[2025-01-08T00:31:09.883+0000][101140.249s][info][gc,phases   ] GC(3879)   Merge Heap Roots: 0.5ms
[2025-01-08T00:31:09.883+0000][101140.249s][info][gc,phases   ] GC(3879)   Evacuate Collection Set: 26.8ms
[2025-01-08T00:31:09.883+0000][101140.249s][info][gc,phases   ] GC(3879)   Post Evacuate Collection Set: 2.4ms
[2025-01-08T00:31:09.883+0000][101140.249s][info][gc,phases   ] GC(3879)   Other: 0.2ms
[2025-01-08T00:31:09.883+0000][101140.249s][info][gc,heap     ] GC(3879) Eden regions: 913->0(911)
[2025-01-08T00:31:09.883+0000][101140.249s][info][gc,heap     ] GC(3879) Survivor regions: 7->8(115)
[2025-01-08T00:31:09.883+0000][101140.249s][info][gc,heap     ] GC(3879) Old regions: 245->245
[2025-01-08T00:31:09.883+0000][101140.249s][info][gc,heap     ] GC(3879) Archive regions: 2->2
[2025-01-08T00:31:09.883+0000][101140.249s][info][gc,heap     ] GC(3879) Humongous regions: 49->49
[2025-01-08T00:31:09.883+0000][101140.249s][info][gc,metaspace] GC(3879) Metaspace: 506054K(514880K)->506054K(514880K) NonClass: 444450K(448896K)->444450K(448896K) Class: 61603K(65984K)->61603K(65984K)
[2025-01-08T00:31:09.883+0000][101140.249s][info][gc          ] GC(3879) Pause Young (Normal) (G1 Evacuation Pause) 9710M->2419M(12288M) 30.226ms
[2025-01-08T00:31:09.883+0000][101140.249s][info][gc,cpu      ] GC(3879) User=0.17s Sys=0.00s Real=0.03s
[2025-01-08T00:31:19.196+0000][101149.562s][info][gc,start    ] GC(3880) Pause Young (Concurrent Start) (G1 Evacuation Pause)
[2025-01-08T00:31:19.196+0000][101149.562s][info][gc,task     ] GC(3880) Using 6 workers of 6 for evacuation
[2025-01-08T00:31:19.238+0000][101149.604s][info][gc,phases   ] GC(3880)   Pre Evacuate Collection Set: 1.0ms
[2025-01-08T00:31:19.238+0000][101149.604s][info][gc,phases   ] GC(3880)   Merge Heap Roots: 0.5ms
[2025-01-08T00:31:19.238+0000][101149.604s][info][gc,phases   ] GC(3880)   Evacuate Collection Set: 37.7ms
[2025-01-08T00:31:19.238+0000][101149.604s][info][gc,phases   ] GC(3880)   Post Evacuate Collection Set: 2.9ms
[2025-01-08T00:31:19.238+0000][101149.605s][info][gc,phases   ] GC(3880)   Other: 0.3ms
[2025-01-08T00:31:19.238+0000][101149.605s][info][gc,heap     ] GC(3880) Eden regions: 911->0(907)
[2025-01-08T00:31:19.238+0000][101149.605s][info][gc,heap     ] GC(3880) Survivor regions: 8->11(115)
[2025-01-08T00:31:19.238+0000][101149.605s][info][gc,heap     ] GC(3880) Old regions: 245->245
[2025-01-08T00:31:19.238+0000][101149.605s][info][gc,heap     ] GC(3880) Archive regions: 2->2
[2025-01-08T00:31:19.238+0000][101149.605s][info][gc,heap     ] GC(3880) Humongous regions: 49->49
[2025-01-08T00:31:19.238+0000][101149.605s][info][gc,metaspace] GC(3880) Metaspace: 506054K(514880K)->506054K(514880K) NonClass: 444450K(448896K)->444450K(448896K) Class: 61603K(65984K)->61603K(65984K)
[2025-01-08T00:31:19.238+0000][101149.605s][info][gc          ] GC(3880) Pause Young (Concurrent Start) (G1 Evacuation Pause) 9707M->2437M(12288M) 42.541ms
[2025-01-08T00:31:19.239+0000][101149.605s][info][gc,cpu      ] GC(3880) User=0.25s Sys=0.00s Real=0.04s
[2025-01-08T00:31:19.239+0000][101149.605s][info][gc          ] GC(3881) Concurrent Mark Cycle
[2025-01-08T00:31:19.239+0000][101149.605s][info][gc,marking  ] GC(3881) Concurrent Clear Claimed Marks
[2025-01-08T00:31:19.239+0000][101149.606s][info][gc,marking  ] GC(3881) Concurrent Clear Claimed Marks 0.928ms
[2025-01-08T00:31:19.240+0000][101149.606s][info][gc,marking  ] GC(3881) Concurrent Scan Root Regions
[2025-01-08T00:31:19.272+0000][101149.638s][info][gc,marking  ] GC(3881) Concurrent Scan Root Regions 32.603ms
[2025-01-08T00:31:19.272+0000][101149.638s][info][gc,marking  ] GC(3881) Concurrent Mark
[2025-01-08T00:31:19.272+0000][101149.638s][info][gc,marking  ] GC(3881) Concurrent Mark From Roots
[2025-01-08T00:31:19.272+0000][101149.638s][info][gc,task     ] GC(3881) Using 2 workers of 2 for marking
[2025-01-08T00:31:20.294+0000][101150.660s][info][gc,marking  ] GC(3881) Concurrent Mark From Roots 1021.914ms
[2025-01-08T00:31:20.294+0000][101150.660s][info][gc,marking  ] GC(3881) Concurrent Preclean
[2025-01-08T00:31:20.296+0000][101150.662s][info][gc,marking  ] GC(3881) Concurrent Preclean 2.067ms
[2025-01-08T00:31:20.296+0000][101150.662s][info][gc,start    ] GC(3881) Pause Remark
[2025-01-08T00:31:20.322+0000][101150.688s][info][gc          ] GC(3881) Pause Remark 3837M->3837M(12288M) 25.705ms
[2025-01-08T00:31:20.322+0000][101150.688s][info][gc,cpu      ] GC(3881) User=0.15s Sys=0.00s Real=0.03s
[2025-01-08T00:31:20.322+0000][101150.688s][info][gc,marking  ] GC(3881) Concurrent Mark 1050.070ms
[2025-01-08T00:31:20.322+0000][101150.688s][info][gc,marking  ] GC(3881) Concurrent Rebuild Remembered Sets
[2025-01-08T00:31:20.818+0000][101151.184s][info][gc,marking  ] GC(3881) Concurrent Rebuild Remembered Sets 495.470ms
[2025-01-08T00:31:20.818+0000][101151.184s][info][gc,start    ] GC(3881) Pause Cleanup
[2025-01-08T00:31:20.818+0000][101151.184s][info][gc          ] GC(3881) Pause Cleanup 4362M->4362M(12288M) 0.404ms
[2025-01-08T00:31:20.818+0000][101151.184s][info][gc,cpu      ] GC(3881) User=0.00s Sys=0.00s Real=0.00s
[2025-01-08T00:31:20.818+0000][101151.185s][info][gc,marking  ] GC(3881) Concurrent Cleanup for Next Mark
[2025-01-08T00:31:20.834+0000][101151.200s][info][gc,marking  ] GC(3881) Concurrent Cleanup for Next Mark 15.894ms
[2025-01-08T00:31:20.834+0000][101151.200s][info][gc          ] GC(3881) Concurrent Mark Cycle 1595.823ms
[2025-01-08T00:31:24.860+0000][101155.226s][info][gc,start    ] GC(3882) Pause Young (Prepare Mixed) (G1 Evacuation Pause)
[2025-01-08T00:31:24.860+0000][101155.226s][info][gc,task     ] GC(3882) Using 6 workers of 6 for evacuation
[2025-01-08T00:31:24.899+0000][101155.265s][info][gc,phases   ] GC(3882)   Pre Evacuate Collection Set: 0.2ms
[2025-01-08T00:31:24.899+0000][101155.265s][info][gc,phases   ] GC(3882)   Merge Heap Roots: 0.7ms
[2025-01-08T00:31:24.899+0000][101155.265s][info][gc,phases   ] GC(3882)   Evacuate Collection Set: 33.1ms
[2025-01-08T00:31:24.899+0000][101155.265s][info][gc,phases   ] GC(3882)   Post Evacuate Collection Set: 5.3ms
[2025-01-08T00:31:24.899+0000][101155.265s][info][gc,phases   ] GC(3882)   Other: 0.2ms
[2025-01-08T00:31:24.899+0000][101155.265s][info][gc,heap     ] GC(3882) Eden regions: 907->0(64)
[2025-01-08T00:31:24.899+0000][101155.265s][info][gc,heap     ] GC(3882) Survivor regions: 11->12(115)
[2025-01-08T00:31:24.899+0000][101155.265s][info][gc,heap     ] GC(3882) Old regions: 245->245
[2025-01-08T00:31:24.899+0000][101155.265s][info][gc,heap     ] GC(3882) Archive regions: 2->2
[2025-01-08T00:31:24.899+0000][101155.265s][info][gc,heap     ] GC(3882) Humongous regions: 49->49
[2025-01-08T00:31:24.899+0000][101155.265s][info][gc,metaspace] GC(3882) Metaspace: 506054K(514880K)->506054K(514880K) NonClass: 444450K(448896K)->444450K(448896K) Class: 61603K(65984K)->61603K(65984K)
[2025-01-08T00:31:24.899+0000][101155.265s][info][gc          ] GC(3882) Pause Young (Prepare Mixed) (G1 Evacuation Pause) 9693M->2451M(12288M) 39.615ms
[2025-01-08T00:31:24.899+0000][101155.265s][info][gc,cpu      ] GC(3882) User=0.24s Sys=0.00s Real=0.04s
[2025-01-08T00:31:25.217+0000][101155.583s][info][gc,start    ] GC(3883) Pause Young (Mixed) (G1 Evacuation Pause)
[2025-01-08T00:31:25.217+0000][101155.583s][info][gc,task     ] GC(3883) Using 6 workers of 6 for evacuation
[2025-01-08T00:31:25.279+0000][101155.645s][info][gc,phases   ] GC(3883)   Pre Evacuate Collection Set: 0.2ms
[2025-01-08T00:31:25.279+0000][101155.645s][info][gc,phases   ] GC(3883)   Merge Heap Roots: 0.6ms
[2025-01-08T00:31:25.279+0000][101155.645s][info][gc,phases   ] GC(3883)   Evacuate Collection Set: 59.5ms
[2025-01-08T00:31:25.279+0000][101155.645s][info][gc,phases   ] GC(3883)   Post Evacuate Collection Set: 1.8ms
[2025-01-08T00:31:25.279+0000][101155.645s][info][gc,phases   ] GC(3883)   Other: 0.2ms
[2025-01-08T00:31:25.279+0000][101155.645s][info][gc,heap     ] GC(3883) Eden regions: 64->0(909)
[2025-01-08T00:31:25.279+0000][101155.645s][info][gc,heap     ] GC(3883) Survivor regions: 12->4(10)
[2025-01-08T00:31:25.279+0000][101155.645s][info][gc,heap     ] GC(3883) Old regions: 245->249
[2025-01-08T00:31:25.279+0000][101155.645s][info][gc,heap     ] GC(3883) Archive regions: 2->2
[2025-01-08T00:31:25.279+0000][101155.645s][info][gc,heap     ] GC(3883) Humongous regions: 49->49
[2025-01-08T00:31:25.279+0000][101155.645s][info][gc,metaspace] GC(3883) Metaspace: 506054K(514880K)->506054K(514880K) NonClass: 444450K(448896K)->444450K(448896K) Class: 61603K(65984K)->61603K(65984K)
[2025-01-08T00:31:25.279+0000][101155.645s][info][gc          ] GC(3883) Pause Young (Mixed) (G1 Evacuation Pause) 2963M->2415M(12288M) 62.417ms
[2025-01-08T00:31:25.279+0000][101155.646s][info][gc,cpu      ] GC(3883) User=0.36s Sys=0.00s Real=0.06s
[2025-01-08T00:31:31.856+0000][101162.222s][info][gc,start    ] GC(3884) Pause Young (Normal) (G1 Evacuation Pause)
[2025-01-08T00:31:31.856+0000][101162.222s][info][gc,task     ] GC(3884) Using 6 workers of 6 for evacuation
[2025-01-08T00:31:31.877+0000][101162.243s][info][gc,phases   ] GC(3884)   Pre Evacuate Collection Set: 0.2ms
[2025-01-08T00:31:31.877+0000][101162.243s][info][gc,phases   ] GC(3884)   Merge Heap Roots: 0.4ms
[2025-01-08T00:31:31.877+0000][101162.243s][info][gc,phases   ] GC(3884)   Evacuate Collection Set: 17.4ms
[2025-01-08T00:31:31.877+0000][101162.243s][info][gc,phases   ] GC(3884)   Post Evacuate Collection Set: 2.4ms
[2025-01-08T00:31:31.877+0000][101162.243s][info][gc,phases   ] GC(3884)   Other: 0.2ms
[2025-01-08T00:31:31.877+0000][101162.243s][info][gc,heap     ] GC(3884) Eden regions: 909->0(909)
[2025-01-08T00:31:31.877+0000][101162.243s][info][gc,heap     ] GC(3884) Survivor regions: 4->5(115)
[2025-01-08T00:31:31.877+0000][101162.243s][info][gc,heap     ] GC(3884) Old regions: 249->249
[2025-01-08T00:31:31.877+0000][101162.243s][info][gc,heap     ] GC(3884) Archive regions: 2->2
[2025-01-08T00:31:31.877+0000][101162.243s][info][gc,heap     ] GC(3884) Humongous regions: 49->49
[2025-01-08T00:31:31.877+0000][101162.243s][info][gc,metaspace] GC(3884) Metaspace: 506054K(514880K)->506054K(514880K) NonClass: 444450K(448896K)->444450K(448896K) Class: 61603K(65984K)->61603K(65984K)
[2025-01-08T00:31:31.877+0000][101162.243s][info][gc          ] GC(3884) Pause Young (Normal) (G1 Evacuation Pause) 9687M->2423M(12288M) 20.700ms
[2025-01-08T00:31:31.877+0000][101162.243s][info][gc,cpu      ] GC(3884) User=0.12s Sys=0.00s Real=0.02s
[2025-01-08T00:31:39.246+0000][101169.612s][info][gc,start    ] GC(3885) Pause Young (Normal) (G1 Evacuation Pause)
[2025-01-08T00:31:39.246+0000][101169.613s][info][gc,task     ] GC(3885) Using 6 workers of 6 for evacuation
[2025-01-08T00:31:39.270+0000][101169.636s][info][gc,phases   ] GC(3885)   Pre Evacuate Collection Set: 0.2ms
[2025-01-08T00:31:39.270+0000][101169.636s][info][gc,phases   ] GC(3885)   Merge Heap Roots: 0.4ms
[2025-01-08T00:31:39.270+0000][101169.636s][info][gc,phases   ] GC(3885)   Evacuate Collection Set: 19.1ms
[2025-01-08T00:31:39.270+0000][101169.636s][info][gc,phases   ] GC(3885)   Post Evacuate Collection Set: 3.9ms
[2025-01-08T00:31:39.270+0000][101169.636s][info][gc,phases   ] GC(3885)   Other: 0.2ms
[2025-01-08T00:31:39.270+0000][101169.636s][info][gc,heap     ] GC(3885) Eden regions: 909->0(907)
[2025-01-08T00:31:39.270+0000][101169.636s][info][gc,heap     ] GC(3885) Survivor regions: 5->7(115)
[2025-01-08T00:31:39.270+0000][101169.636s][info][gc,heap     ] GC(3885) Old regions: 249->249
[2025-01-08T00:31:39.270+0000][101169.636s][info][gc,heap     ] GC(3885) Archive regions: 2->2
[2025-01-08T00:31:39.270+0000][101169.636s][info][gc,heap     ] GC(3885) Humongous regions: 49->49
[2025-01-08T00:31:39.270+0000][101169.636s][info][gc,metaspace] GC(3885) Metaspace: 506054K(514880K)->506054K(514880K) NonClass: 444450K(448896K)->444450K(448896K) Class: 61603K(65984K)->61603K(65984K)
[2025-01-08T00:31:39.270+0000][101169.636s][info][gc          ] GC(3885) Pause Young (Normal) (G1 Evacuation Pause) 9695M->2434M(12288M) 23.794ms
[2025-01-08T00:31:39.270+0000][101169.636s][info][gc,cpu      ] GC(3885) User=0.14s Sys=0.00s Real=0.03s
[2025-01-08T00:31:44.849+0000][101175.215s][info][gc,start    ] GC(3886) Pause Young (Concurrent Start) (G1 Evacuation Pause)
[2025-01-08T00:31:44.849+0000][101175.215s][info][gc,task     ] GC(3886) Using 6 workers of 6 for evacuation
[2025-01-08T00:31:44.872+0000][101175.239s][info][gc,phases   ] GC(3886)   Pre Evacuate Collection Set: 1.1ms
[2025-01-08T00:31:44.873+0000][101175.239s][info][gc,phases   ] GC(3886)   Merge Heap Roots: 0.4ms
[2025-01-08T00:31:44.873+0000][101175.239s][info][gc,phases   ] GC(3886)   Evacuate Collection Set: 20.0ms
[2025-01-08T00:31:44.873+0000][101175.239s][info][gc,phases   ] GC(3886)   Post Evacuate Collection Set: 2.2ms
[2025-01-08T00:31:44.873+0000][101175.239s][info][gc,phases   ] GC(3886)   Other: 0.3ms
[2025-01-08T00:31:44.873+0000][101175.239s][info][gc,heap     ] GC(3886) Eden regions: 907->0(909)
[2025-01-08T00:31:44.873+0000][101175.239s][info][gc,heap     ] GC(3886) Survivor regions: 7->6(115)
[2025-01-08T00:31:44.873+0000][101175.239s][info][gc,heap     ] GC(3886) Old regions: 249->249
[2025-01-08T00:31:44.873+0000][101175.239s][info][gc,heap     ] GC(3886) Archive regions: 2->2
[2025-01-08T00:31:44.873+0000][101175.239s][info][gc,heap     ] GC(3886) Humongous regions: 49->49
[2025-01-08T00:31:44.873+0000][101175.239s][info][gc,metaspace] GC(3886) Metaspace: 506054K(514880K)->506054K(514880K) NonClass: 444450K(448896K)->444450K(448896K) Class: 61603K(65984K)->61603K(65984K)
[2025-01-08T00:31:44.873+0000][101175.239s][info][gc          ] GC(3886) Pause Young (Concurrent Start) (G1 Evacuation Pause) 9690M->2425M(12288M) 24.045ms
[2025-01-08T00:31:44.873+0000][101175.239s][info][gc,cpu      ] GC(3886) User=0.14s Sys=0.00s Real=0.03s
[2025-01-08T00:31:44.873+0000][101175.239s][info][gc          ] GC(3887) Concurrent Mark Cycle
[2025-01-08T00:31:44.873+0000][101175.239s][info][gc,marking  ] GC(3887) Concurrent Clear Claimed Marks
[2025-01-08T00:31:44.874+0000][101175.240s][info][gc,marking  ] GC(3887) Concurrent Clear Claimed Marks 0.887ms
[2025-01-08T00:31:44.874+0000][101175.240s][info][gc,marking  ] GC(3887) Concurrent Scan Root Regions
[2025-01-08T00:31:44.892+0000][101175.259s][info][gc,marking  ] GC(3887) Concurrent Scan Root Regions 18.787ms
[2025-01-08T00:31:44.892+0000][101175.259s][info][gc,marking  ] GC(3887) Concurrent Mark
[2025-01-08T00:31:44.892+0000][101175.259s][info][gc,marking  ] GC(3887) Concurrent Mark From Roots
[2025-01-08T00:31:44.892+0000][101175.259s][info][gc,task     ] GC(3887) Using 2 workers of 2 for marking
[2025-01-08T00:31:46.193+0000][101176.559s][info][gc,marking  ] GC(3887) Concurrent Mark From Roots 1300.266ms
[2025-01-08T00:31:46.193+0000][101176.559s][info][gc,marking  ] GC(3887) Concurrent Preclean
[2025-01-08T00:31:46.195+0000][101176.561s][info][gc,marking  ] GC(3887) Concurrent Preclean 2.628ms
[2025-01-08T00:31:46.196+0000][101176.562s][info][gc,start    ] GC(3887) Pause Remark
[2025-01-08T00:31:46.222+0000][101176.588s][info][gc          ] GC(3887) Pause Remark 4573M->4573M(12288M) 26.249ms
[2025-01-08T00:31:46.222+0000][101176.588s][info][gc,cpu      ] GC(3887) User=0.15s Sys=0.00s Real=0.03s
[2025-01-08T00:31:46.224+0000][101176.590s][info][gc,marking  ] GC(3887) Concurrent Mark 1331.265ms
[2025-01-08T00:31:46.224+0000][101176.590s][info][gc,marking  ] GC(3887) Concurrent Rebuild Remembered Sets
[2025-01-08T00:31:46.884+0000][101177.250s][info][gc,marking  ] GC(3887) Concurrent Rebuild Remembered Sets 660.042ms
[2025-01-08T00:31:46.884+0000][101177.250s][info][gc,start    ] GC(3887) Pause Cleanup
[2025-01-08T00:31:46.884+0000][101177.250s][info][gc          ] GC(3887) Pause Cleanup 5449M->5449M(12288M) 0.379ms
[2025-01-08T00:31:46.884+0000][101177.250s][info][gc,cpu      ] GC(3887) User=0.00s Sys=0.00s Real=0.00s
[2025-01-08T00:31:46.884+0000][101177.250s][info][gc,marking  ] GC(3887) Concurrent Cleanup for Next Mark
[2025-01-08T00:31:46.901+0000][101177.267s][info][gc,marking  ] GC(3887) Concurrent Cleanup for Next Mark 16.369ms
[2025-01-08T00:31:46.901+0000][101177.267s][info][gc          ] GC(3887) Concurrent Mark Cycle 2028.133ms
[2025-01-08T00:31:49.613+0000][101179.979s][info][gc,start    ] GC(3888) Pause Young (Prepare Mixed) (G1 Evacuation Pause)
[2025-01-08T00:31:49.613+0000][101179.979s][info][gc,task     ] GC(3888) Using 6 workers of 6 for evacuation
[2025-01-08T00:31:49.640+0000][101180.006s][info][gc,phases   ] GC(3888)   Pre Evacuate Collection Set: 0.2ms
[2025-01-08T00:31:49.640+0000][101180.006s][info][gc,phases   ] GC(3888)   Merge Heap Roots: 0.7ms
[2025-01-08T00:31:49.640+0000][101180.006s][info][gc,phases   ] GC(3888)   Evacuate Collection Set: 23.2ms
[2025-01-08T00:31:49.640+0000][101180.006s][info][gc,phases   ] GC(3888)   Post Evacuate Collection Set: 2.5ms
[2025-01-08T00:31:49.640+0000][101180.006s][info][gc,phases   ] GC(3888)   Other: 0.2ms
[2025-01-08T00:31:49.640+0000][101180.006s][info][gc,heap     ] GC(3888) Eden regions: 909->0(68)
[2025-01-08T00:31:49.640+0000][101180.006s][info][gc,heap     ] GC(3888) Survivor regions: 6->8(115)
[2025-01-08T00:31:49.640+0000][101180.006s][info][gc,heap     ] GC(3888) Old regions: 249->249
[2025-01-08T00:31:49.640+0000][101180.006s][info][gc,heap     ] GC(3888) Archive regions: 2->2
[2025-01-08T00:31:49.640+0000][101180.006s][info][gc,heap     ] GC(3888) Humongous regions: 49->49
[2025-01-08T00:31:49.640+0000][101180.006s][info][gc,metaspace] GC(3888) Metaspace: 506054K(514880K)->506054K(514880K) NonClass: 444450K(448896K)->444450K(448896K) Class: 61603K(65984K)->61603K(65984K)
[2025-01-08T00:31:49.640+0000][101180.006s][info][gc          ] GC(3888) Pause Young (Prepare Mixed) (G1 Evacuation Pause) 9697M->2441M(12288M) 26.874ms
[2025-01-08T00:31:49.640+0000][101180.006s][info][gc,cpu      ] GC(3888) User=0.15s Sys=0.00s Real=0.02s
[2025-01-08T00:31:49.985+0000][101180.351s][info][gc,start    ] GC(3889) Pause Young (Mixed) (G1 Evacuation Pause)
[2025-01-08T00:31:49.985+0000][101180.351s][info][gc,task     ] GC(3889) Using 6 workers of 6 for evacuation
[2025-01-08T00:31:50.038+0000][101180.404s][info][gc,phases   ] GC(3889)   Pre Evacuate Collection Set: 0.2ms
[2025-01-08T00:31:50.038+0000][101180.404s][info][gc,phases   ] GC(3889)   Merge Heap Roots: 0.5ms
[2025-01-08T00:31:50.038+0000][101180.404s][info][gc,phases   ] GC(3889)   Evacuate Collection Set: 49.8ms
[2025-01-08T00:31:50.038+0000][101180.404s][info][gc,phases   ] GC(3889)   Post Evacuate Collection Set: 1.6ms
[2025-01-08T00:31:50.038+0000][101180.404s][info][gc,phases   ] GC(3889)   Other: 0.2ms
[2025-01-08T00:31:50.038+0000][101180.404s][info][gc,heap     ] GC(3889) Eden regions: 68->0(913)
[2025-01-08T00:31:50.038+0000][101180.404s][info][gc,heap     ] GC(3889) Survivor regions: 8->5(10)
[2025-01-08T00:31:50.038+0000][101180.404s][info][gc,heap     ] GC(3889) Old regions: 249->247
[2025-01-08T00:31:50.038+0000][101180.404s][info][gc,heap     ] GC(3889) Archive regions: 2->2
[2025-01-08T00:31:50.038+0000][101180.404s][info][gc,heap     ] GC(3889) Humongous regions: 49->49
[2025-01-08T00:31:50.038+0000][101180.404s][info][gc,metaspace] GC(3889) Metaspace: 506054K(514880K)->506054K(514880K) NonClass: 444450K(448896K)->444450K(448896K) Class: 61603K(65984K)->61603K(65984K)
[2025-01-08T00:31:50.038+0000][101180.404s][info][gc          ] GC(3889) Pause Young (Mixed) (G1 Evacuation Pause) 2985M->2410M(12288M) 52.437ms
[2025-01-08T00:31:50.038+0000][101180.404s][info][gc,cpu      ] GC(3889) User=0.31s Sys=0.00s Real=0.05s
[2025-01-08T00:31:54.725+0000][101185.091s][info][gc,start    ] GC(3890) Pause Young (Normal) (G1 Evacuation Pause)
[2025-01-08T00:31:54.725+0000][101185.091s][info][gc,task     ] GC(3890) Using 6 workers of 6 for evacuation
[2025-01-08T00:31:54.747+0000][101185.113s][info][gc,phases   ] GC(3890)   Pre Evacuate Collection Set: 0.2ms
[2025-01-08T00:31:54.747+0000][101185.113s][info][gc,phases   ] GC(3890)   Merge Heap Roots: 0.4ms
[2025-01-08T00:31:54.747+0000][101185.113s][info][gc,phases   ] GC(3890)   Evacuate Collection Set: 18.7ms
[2025-01-08T00:31:54.747+0000][101185.113s][info][gc,phases   ] GC(3890)   Post Evacuate Collection Set: 2.4ms
[2025-01-08T00:31:54.747+0000][101185.113s][info][gc,phases   ] GC(3890)   Other: 0.2ms
[2025-01-08T00:31:54.747+0000][101185.113s][info][gc,heap     ] GC(3890) Eden regions: 913->0(912)
[2025-01-08T00:31:54.747+0000][101185.113s][info][gc,heap     ] GC(3890) Survivor regions: 5->6(115)
[2025-01-08T00:31:54.747+0000][101185.113s][info][gc,heap     ] GC(3890) Old regions: 247->247
[2025-01-08T00:31:54.747+0000][101185.113s][info][gc,heap     ] GC(3890) Archive regions: 2->2
[2025-01-08T00:31:54.747+0000][101185.113s][info][gc,heap     ] GC(3890) Humongous regions: 49->49
[2025-01-08T00:31:54.747+0000][101185.113s][info][gc,metaspace] GC(3890) Metaspace: 506054K(514880K)->506054K(514880K) NonClass: 444450K(448896K)->444450K(448896K) Class: 61603K(65984K)->61603K(65984K)
[2025-01-08T00:31:54.747+0000][101185.113s][info][gc          ] GC(3890) Pause Young (Normal) (G1 Evacuation Pause) 9714M->2416M(12288M) 22.007ms
[2025-01-08T00:31:54.747+0000][101185.113s][info][gc,cpu      ] GC(3890) User=0.12s Sys=0.00s Real=0.02s
[2025-01-08T00:31:59.099+0000][101189.465s][info][gc,start    ] GC(3891) Pause Young (Normal) (G1 Evacuation Pause)
[2025-01-08T00:31:59.099+0000][101189.465s][info][gc,task     ] GC(3891) Using 6 workers of 6 for evacuation
[2025-01-08T00:31:59.126+0000][101189.492s][info][gc,phases   ] GC(3891)   Pre Evacuate Collection Set: 0.2ms
[2025-01-08T00:31:59.126+0000][101189.492s][info][gc,phases   ] GC(3891)   Merge Heap Roots: 0.4ms
[2025-01-08T00:31:59.126+0000][101189.492s][info][gc,phases   ] GC(3891)   Evacuate Collection Set: 24.2ms
[2025-01-08T00:31:59.126+0000][101189.492s][info][gc,phases   ] GC(3891)   Post Evacuate Collection Set: 2.3ms
[2025-01-08T00:31:59.126+0000][101189.492s][info][gc,phases   ] GC(3891)   Other: 0.2ms
[2025-01-08T00:31:59.126+0000][101189.492s][info][gc,heap     ] GC(3891) Eden regions: 912->0(910)
[2025-01-08T00:31:59.126+0000][101189.492s][info][gc,heap     ] GC(3891) Survivor regions: 6->8(115)
[2025-01-08T00:31:59.126+0000][101189.492s][info][gc,heap     ] GC(3891) Old regions: 247->247
[2025-01-08T00:31:59.126+0000][101189.492s][info][gc,heap     ] GC(3891) Archive regions: 2->2
[2025-01-08T00:31:59.126+0000][101189.492s][info][gc,heap     ] GC(3891) Humongous regions: 49->49
[2025-01-08T00:31:59.126+0000][101189.492s][info][gc,metaspace] GC(3891) Metaspace: 506054K(514880K)->506054K(514880K) NonClass: 444450K(448896K)->444450K(448896K) Class: 61603K(65984K)->61603K(65984K)
[2025-01-08T00:31:59.126+0000][101189.492s][info][gc          ] GC(3891) Pause Young (Normal) (G1 Evacuation Pause) 9712M->2433M(12288M) 27.462ms
[2025-01-08T00:31:59.126+0000][101189.492s][info][gc,cpu      ] GC(3891) User=0.16s Sys=0.00s Real=0.03s
[2025-01-08T00:32:04.184+0000][101194.550s][info][gc,start    ] GC(3892) Pause Young (Concurrent Start) (G1 Evacuation Pause)
[2025-01-08T00:32:04.184+0000][101194.550s][info][gc,task     ] GC(3892) Using 6 workers of 6 for evacuation
[2025-01-08T00:32:04.214+0000][101194.580s][info][gc,phases   ] GC(3892)   Pre Evacuate Collection Set: 1.1ms
[2025-01-08T00:32:04.214+0000][101194.580s][info][gc,phases   ] GC(3892)   Merge Heap Roots: 0.4ms
[2025-01-08T00:32:04.214+0000][101194.580s][info][gc,phases   ] GC(3892)   Evacuate Collection Set: 26.2ms
[2025-01-08T00:32:04.214+0000][101194.580s][info][gc,phases   ] GC(3892)   Post Evacuate Collection Set: 2.5ms
[2025-01-08T00:32:04.214+0000][101194.580s][info][gc,phases   ] GC(3892)   Other: 0.3ms
[2025-01-08T00:32:04.214+0000][101194.580s][info][gc,heap     ] GC(3892) Eden regions: 910->0(911)
[2025-01-08T00:32:04.214+0000][101194.580s][info][gc,heap     ] GC(3892) Survivor regions: 8->8(115)
[2025-01-08T00:32:04.214+0000][101194.580s][info][gc,heap     ] GC(3892) Old regions: 247->247
[2025-01-08T00:32:04.214+0000][101194.580s][info][gc,heap     ] GC(3892) Archive regions: 2->2
[2025-01-08T00:32:04.214+0000][101194.580s][info][gc,heap     ] GC(3892) Humongous regions: 49->49
[2025-01-08T00:32:04.214+0000][101194.580s][info][gc,metaspace] GC(3892) Metaspace: 506058K(514880K)->506058K(514880K) NonClass: 444454K(448896K)->444454K(448896K) Class: 61603K(65984K)->61603K(65984K)
[2025-01-08T00:32:04.214+0000][101194.580s][info][gc          ] GC(3892) Pause Young (Concurrent Start) (G1 Evacuation Pause) 9713M->2436M(12288M) 30.661ms
[2025-01-08T00:32:04.214+0000][101194.580s][info][gc,cpu      ] GC(3892) User=0.18s Sys=0.00s Real=0.03s
[2025-01-08T00:32:04.214+0000][101194.580s][info][gc          ] GC(3893) Concurrent Mark Cycle
[2025-01-08T00:32:04.214+0000][101194.581s][info][gc,marking  ] GC(3893) Concurrent Clear Claimed Marks
[2025-01-08T00:32:04.215+0000][101194.581s][info][gc,marking  ] GC(3893) Concurrent Clear Claimed Marks 0.881ms
[2025-01-08T00:32:04.215+0000][101194.581s][info][gc,marking  ] GC(3893) Concurrent Scan Root Regions
[2025-01-08T00:32:04.248+0000][101194.614s][info][gc,marking  ] GC(3893) Concurrent Scan Root Regions 32.342ms
[2025-01-08T00:32:04.248+0000][101194.614s][info][gc,marking  ] GC(3893) Concurrent Mark
[2025-01-08T00:32:04.248+0000][101194.614s][info][gc,marking  ] GC(3893) Concurrent Mark From Roots
[2025-01-08T00:32:04.248+0000][101194.614s][info][gc,task     ] GC(3893) Using 2 workers of 2 for marking
[2025-01-08T00:32:05.188+0000][101195.554s][info][gc,marking  ] GC(3893) Concurrent Mark From Roots 940.318ms
[2025-01-08T00:32:05.188+0000][101195.554s][info][gc,marking  ] GC(3893) Concurrent Preclean
[2025-01-08T00:32:05.190+0000][101195.556s][info][gc,marking  ] GC(3893) Concurrent Preclean 1.823ms
[2025-01-08T00:32:05.190+0000][101195.556s][info][gc,start    ] GC(3893) Pause Remark
[2025-01-08T00:32:05.216+0000][101195.582s][info][gc          ] GC(3893) Pause Remark 3496M->3496M(12288M) 25.818ms
[2025-01-08T00:32:05.216+0000][101195.582s][info][gc,cpu      ] GC(3893) User=0.15s Sys=0.00s Real=0.02s
[2025-01-08T00:32:05.216+0000][101195.582s][info][gc,marking  ] GC(3893) Concurrent Mark 968.290ms
[2025-01-08T00:32:05.216+0000][101195.582s][info][gc,marking  ] GC(3893) Concurrent Rebuild Remembered Sets
[2025-01-08T00:32:05.686+0000][101196.052s][info][gc,marking  ] GC(3893) Concurrent Rebuild Remembered Sets 469.742ms
[2025-01-08T00:32:05.686+0000][101196.052s][info][gc,start    ] GC(3893) Pause Cleanup
[2025-01-08T00:32:05.686+0000][101196.052s][info][gc          ] GC(3893) Pause Cleanup 3840M->3840M(12288M) 0.368ms
[2025-01-08T00:32:05.686+0000][101196.052s][info][gc,cpu      ] GC(3893) User=0.01s Sys=0.00s Real=0.00s
[2025-01-08T00:32:05.686+0000][101196.052s][info][gc,marking  ] GC(3893) Concurrent Cleanup for Next Mark
[2025-01-08T00:32:05.702+0000][101196.068s][info][gc,marking  ] GC(3893) Concurrent Cleanup for Next Mark 15.440ms
[2025-01-08T00:32:05.702+0000][101196.068s][info][gc          ] GC(3893) Concurrent Mark Cycle 1487.459ms
[2025-01-08T00:32:09.137+0000][101199.503s][info][gc,start    ] GC(3894) Pause Young (Prepare Mixed) (G1 Evacuation Pause)
[2025-01-08T00:32:09.137+0000][101199.503s][info][gc,task     ] GC(3894) Using 6 workers of 6 for evacuation
[2025-01-08T00:32:09.168+0000][101199.534s][info][gc,phases   ] GC(3894)   Pre Evacuate Collection Set: 0.2ms
[2025-01-08T00:32:09.168+0000][101199.534s][info][gc,phases   ] GC(3894)   Merge Heap Roots: 0.7ms
[2025-01-08T00:32:09.168+0000][101199.535s][info][gc,phases   ] GC(3894)   Evacuate Collection Set: 27.9ms
[2025-01-08T00:32:09.168+0000][101199.535s][info][gc,phases   ] GC(3894)   Post Evacuate Collection Set: 2.5ms
[2025-01-08T00:32:09.168+0000][101199.535s][info][gc,phases   ] GC(3894)   Other: 0.2ms
[2025-01-08T00:32:09.168+0000][101199.535s][info][gc,heap     ] GC(3894) Eden regions: 911->0(68)
[2025-01-08T00:32:09.168+0000][101199.535s][info][gc,heap     ] GC(3894) Survivor regions: 8->8(115)
[2025-01-08T00:32:09.168+0000][101199.535s][info][gc,heap     ] GC(3894) Old regions: 247->247
[2025-01-08T00:32:09.168+0000][101199.535s][info][gc,heap     ] GC(3894) Archive regions: 2->2
[2025-01-08T00:32:09.168+0000][101199.535s][info][gc,heap     ] GC(3894) Humongous regions: 49->49
[2025-01-08T00:32:09.168+0000][101199.535s][info][gc,metaspace] GC(3894) Metaspace: 506058K(514880K)->506058K(514880K) NonClass: 444454K(448896K)->444454K(448896K) Class: 61603K(65984K)->61603K(65984K)
[2025-01-08T00:32:09.168+0000][101199.535s][info][gc          ] GC(3894) Pause Young (Prepare Mixed) (G1 Evacuation Pause) 9724M->2438M(12288M) 31.556ms
[2025-01-08T00:32:09.169+0000][101199.535s][info][gc,cpu      ] GC(3894) User=0.19s Sys=0.00s Real=0.03s
[2025-01-08T00:32:09.472+0000][101199.838s][info][gc,start    ] GC(3895) Pause Young (Mixed) (G1 Evacuation Pause)
[2025-01-08T00:32:09.472+0000][101199.838s][info][gc,task     ] GC(3895) Using 6 workers of 6 for evacuation
[2025-01-08T00:32:09.533+0000][101199.899s][info][gc,phases   ] GC(3895)   Pre Evacuate Collection Set: 0.2ms
[2025-01-08T00:32:09.533+0000][101199.899s][info][gc,phases   ] GC(3895)   Merge Heap Roots: 0.6ms
[2025-01-08T00:32:09.533+0000][101199.899s][info][gc,phases   ] GC(3895)   Evacuate Collection Set: 58.2ms
[2025-01-08T00:32:09.533+0000][101199.899s][info][gc,phases   ] GC(3895)   Post Evacuate Collection Set: 1.8ms
[2025-01-08T00:32:09.533+0000][101199.899s][info][gc,phases   ] GC(3895)   Other: 0.2ms
[2025-01-08T00:32:09.533+0000][101199.899s][info][gc,heap     ] GC(3895) Eden regions: 68->0(913)
[2025-01-08T00:32:09.533+0000][101199.899s][info][gc,heap     ] GC(3895) Survivor regions: 8->6(10)
[2025-01-08T00:32:09.533+0000][101199.899s][info][gc,heap     ] GC(3895) Old regions: 247->246
[2025-01-08T00:32:09.533+0000][101199.899s][info][gc,heap     ] GC(3895) Archive regions: 2->2
[2025-01-08T00:32:09.533+0000][101199.899s][info][gc,heap     ] GC(3895) Humongous regions: 49->49
[2025-01-08T00:32:09.533+0000][101199.899s][info][gc,metaspace] GC(3895) Metaspace: 506058K(514880K)->506058K(514880K) NonClass: 444454K(448896K)->444454K(448896K) Class: 61603K(65984K)->61603K(65984K)
[2025-01-08T00:32:09.533+0000][101199.899s][info][gc          ] GC(3895) Pause Young (Mixed) (G1 Evacuation Pause) 2982M->2413M(12288M) 61.132ms
[2025-01-08T00:32:09.533+0000][101199.899s][info][gc,cpu      ] GC(3895) User=0.36s Sys=0.00s Real=0.06s
[2025-01-08T00:32:19.109+0000][101209.475s][info][gc,start    ] GC(3896) Pause Young (Normal) (G1 Evacuation Pause)
[2025-01-08T00:32:19.109+0000][101209.475s][info][gc,task     ] GC(3896) Using 6 workers of 6 for evacuation
[2025-01-08T00:32:19.142+0000][101209.508s][info][gc,phases   ] GC(3896)   Pre Evacuate Collection Set: 0.2ms
[2025-01-08T00:32:19.142+0000][101209.508s][info][gc,phases   ] GC(3896)   Merge Heap Roots: 0.5ms
[2025-01-08T00:32:19.142+0000][101209.508s][info][gc,phases   ] GC(3896)   Evacuate Collection Set: 27.8ms
[2025-01-08T00:32:19.142+0000][101209.508s][info][gc,phases   ] GC(3896)   Post Evacuate Collection Set: 4.6ms
[2025-01-08T00:32:19.142+0000][101209.508s][info][gc,phases   ] GC(3896)   Other: 0.2ms
[2025-01-08T00:32:19.142+0000][101209.508s][info][gc,heap     ] GC(3896) Eden regions: 913->0(905)
[2025-01-08T00:32:19.142+0000][101209.508s][info][gc,heap     ] GC(3896) Survivor regions: 6->10(115)
[2025-01-08T00:32:19.142+0000][101209.508s][info][gc,heap     ] GC(3896) Old regions: 246->246
[2025-01-08T00:32:19.142+0000][101209.508s][info][gc,heap     ] GC(3896) Archive regions: 2->2
[2025-01-08T00:32:19.142+0000][101209.508s][info][gc,heap     ] GC(3896) Humongous regions: 49->49
[2025-01-08T00:32:19.142+0000][101209.508s][info][gc,metaspace] GC(3896) Metaspace: 506061K(514880K)->506061K(514880K) NonClass: 444457K(448896K)->444457K(448896K) Class: 61603K(65984K)->61603K(65984K)
[2025-01-08T00:32:19.142+0000][101209.508s][info][gc          ] GC(3896) Pause Young (Normal) (G1 Evacuation Pause) 9717M->2441M(12288M) 33.398ms
[2025-01-08T00:32:19.142+0000][101209.508s][info][gc,cpu      ] GC(3896) User=0.19s Sys=0.00s Real=0.04s
[2025-01-08T00:32:25.872+0000][101216.238s][info][gc,start    ] GC(3897) Pause Young (Normal) (G1 Evacuation Pause)
[2025-01-08T00:32:25.872+0000][101216.238s][info][gc,task     ] GC(3897) Using 6 workers of 6 for evacuation
[2025-01-08T00:32:25.899+0000][101216.265s][info][gc,phases   ] GC(3897)   Pre Evacuate Collection Set: 0.2ms
[2025-01-08T00:32:25.899+0000][101216.265s][info][gc,phases   ] GC(3897)   Merge Heap Roots: 0.4ms
[2025-01-08T00:32:25.899+0000][101216.265s][info][gc,phases   ] GC(3897)   Evacuate Collection Set: 23.7ms
[2025-01-08T00:32:25.899+0000][101216.265s][info][gc,phases   ] GC(3897)   Post Evacuate Collection Set: 3.1ms
[2025-01-08T00:32:25.899+0000][101216.265s][info][gc,phases   ] GC(3897)   Other: 0.2ms
[2025-01-08T00:32:25.899+0000][101216.265s][info][gc,heap     ] GC(3897) Eden regions: 905->0(909)
[2025-01-08T00:32:25.899+0000][101216.266s][info][gc,heap     ] GC(3897) Survivor regions: 10->7(115)
[2025-01-08T00:32:25.899+0000][101216.266s][info][gc,heap     ] GC(3897) Old regions: 246->246
[2025-01-08T00:32:25.899+0000][101216.266s][info][gc,heap     ] GC(3897) Archive regions: 2->2
[2025-01-08T00:32:25.899+0000][101216.266s][info][gc,heap     ] GC(3897) Humongous regions: 49->49
[2025-01-08T00:32:25.899+0000][101216.266s][info][gc,metaspace] GC(3897) Metaspace: 506061K(514880K)->506061K(514880K) NonClass: 444457K(448896K)->444457K(448896K) Class: 61603K(65984K)->61603K(65984K)
[2025-01-08T00:32:25.899+0000][101216.266s][info][gc          ] GC(3897) Pause Young (Normal) (G1 Evacuation Pause) 9681M->2421M(12288M) 27.768ms
[2025-01-08T00:32:25.899+0000][101216.266s][info][gc,cpu      ] GC(3897) User=0.16s Sys=0.00s Real=0.02s
[2025-01-08T00:32:33.475+0000][101223.841s][info][gc,start    ] GC(3898) Pause Young (Concurrent Start) (G1 Evacuation Pause)
[2025-01-08T00:32:33.475+0000][101223.841s][info][gc,task     ] GC(3898) Using 6 workers of 6 for evacuation
[2025-01-08T00:32:33.509+0000][101223.876s][info][gc,phases   ] GC(3898)   Pre Evacuate Collection Set: 1.1ms
[2025-01-08T00:32:33.510+0000][101223.876s][info][gc,phases   ] GC(3898)   Merge Heap Roots: 0.5ms
[2025-01-08T00:32:33.510+0000][101223.876s][info][gc,phases   ] GC(3898)   Evacuate Collection Set: 28.6ms
[2025-01-08T00:32:33.510+0000][101223.876s][info][gc,phases   ] GC(3898)   Post Evacuate Collection Set: 3.8ms
[2025-01-08T00:32:33.510+0000][101223.876s][info][gc,phases   ] GC(3898)   Other: 0.3ms
[2025-01-08T00:32:33.510+0000][101223.876s][info][gc,heap     ] GC(3898) Eden regions: 909->0(908)
[2025-01-08T00:32:33.510+0000][101223.876s][info][gc,heap     ] GC(3898) Survivor regions: 7->9(115)
[2025-01-08T00:32:33.510+0000][101223.876s][info][gc,heap     ] GC(3898) Old regions: 246->246
[2025-01-08T00:32:33.510+0000][101223.876s][info][gc,heap     ] GC(3898) Archive regions: 2->2
[2025-01-08T00:32:33.510+0000][101223.876s][info][gc,heap     ] GC(3898) Humongous regions: 49->49
[2025-01-08T00:32:33.510+0000][101223.876s][info][gc,metaspace] GC(3898) Metaspace: 506061K(514880K)->506061K(514880K) NonClass: 444457K(448896K)->444457K(448896K) Class: 61603K(65984K)->61603K(65984K)
[2025-01-08T00:32:33.510+0000][101223.876s][info][gc          ] GC(3898) Pause Young (Concurrent Start) (G1 Evacuation Pause) 9693M->2435M(12288M) 34.329ms
[2025-01-08T00:32:33.510+0000][101223.876s][info][gc,cpu      ] GC(3898) User=0.19s Sys=0.00s Real=0.04s
[2025-01-08T00:32:33.510+0000][101223.876s][info][gc          ] GC(3899) Concurrent Mark Cycle
[2025-01-08T00:32:33.510+0000][101223.876s][info][gc,marking  ] GC(3899) Concurrent Clear Claimed Marks
[2025-01-08T00:32:33.511+0000][101223.877s][info][gc,marking  ] GC(3899) Concurrent Clear Claimed Marks 0.865ms
[2025-01-08T00:32:33.511+0000][101223.877s][info][gc,marking  ] GC(3899) Concurrent Scan Root Regions
[2025-01-08T00:32:33.540+0000][101223.906s][info][gc,marking  ] GC(3899) Concurrent Scan Root Regions 28.986ms
[2025-01-08T00:32:33.540+0000][101223.906s][info][gc,marking  ] GC(3899) Concurrent Mark
[2025-01-08T00:32:33.540+0000][101223.906s][info][gc,marking  ] GC(3899) Concurrent Mark From Roots
[2025-01-08T00:32:33.540+0000][101223.906s][info][gc,task     ] GC(3899) Using 2 workers of 2 for marking
[2025-01-08T00:32:34.518+0000][101224.884s][info][gc,marking  ] GC(3899) Concurrent Mark From Roots 978.213ms
[2025-01-08T00:32:34.518+0000][101224.884s][info][gc,marking  ] GC(3899) Concurrent Preclean
[2025-01-08T00:32:34.520+0000][101224.886s][info][gc,marking  ] GC(3899) Concurrent Preclean 2.351ms
[2025-01-08T00:32:34.520+0000][101224.886s][info][gc,start    ] GC(3899) Pause Remark
[2025-01-08T00:32:34.546+0000][101224.912s][info][gc          ] GC(3899) Pause Remark 3607M->3607M(12288M) 25.982ms
[2025-01-08T00:32:34.546+0000][101224.913s][info][gc,cpu      ] GC(3899) User=0.14s Sys=0.00s Real=0.03s
[2025-01-08T00:32:34.547+0000][101224.913s][info][gc,marking  ] GC(3899) Concurrent Mark 1006.913ms
[2025-01-08T00:32:34.547+0000][101224.913s][info][gc,marking  ] GC(3899) Concurrent Rebuild Remembered Sets
[2025-01-08T00:32:35.123+0000][101225.489s][info][gc,marking  ] GC(3899) Concurrent Rebuild Remembered Sets 576.644ms
[2025-01-08T00:32:35.123+0000][101225.489s][info][gc,start    ] GC(3899) Pause Cleanup
[2025-01-08T00:32:35.124+0000][101225.490s][info][gc          ] GC(3899) Pause Cleanup 4167M->4167M(12288M) 0.354ms
[2025-01-08T00:32:35.124+0000][101225.490s][info][gc,cpu      ] GC(3899) User=0.00s Sys=0.00s Real=0.00s
[2025-01-08T00:32:35.124+0000][101225.490s][info][gc,marking  ] GC(3899) Concurrent Cleanup for Next Mark
[2025-01-08T00:32:35.139+0000][101225.505s][info][gc,marking  ] GC(3899) Concurrent Cleanup for Next Mark 15.349ms
[2025-01-08T00:32:35.139+0000][101225.505s][info][gc          ] GC(3899) Concurrent Mark Cycle 1629.498ms
[2025-01-08T00:32:42.373+0000][101232.739s][info][gc,start    ] GC(3900) Pause Young (Prepare Mixed) (G1 Evacuation Pause)
[2025-01-08T00:32:42.373+0000][101232.739s][info][gc,task     ] GC(3900) Using 6 workers of 6 for evacuation
[2025-01-08T00:32:42.411+0000][101232.777s][info][gc,phases   ] GC(3900)   Pre Evacuate Collection Set: 0.2ms
[2025-01-08T00:32:42.411+0000][101232.777s][info][gc,phases   ] GC(3900)   Merge Heap Roots: 0.7ms
[2025-01-08T00:32:42.411+0000][101232.777s][info][gc,phases   ] GC(3900)   Evacuate Collection Set: 34.0ms
[2025-01-08T00:32:42.411+0000][101232.777s][info][gc,phases   ] GC(3900)   Post Evacuate Collection Set: 2.8ms
[2025-01-08T00:32:42.411+0000][101232.777s][info][gc,phases   ] GC(3900)   Other: 0.2ms
[2025-01-08T00:32:42.411+0000][101232.777s][info][gc,heap     ] GC(3900) Eden regions: 908->0(66)
[2025-01-08T00:32:42.411+0000][101232.777s][info][gc,heap     ] GC(3900) Survivor regions: 9->10(115)
[2025-01-08T00:32:42.411+0000][101232.777s][info][gc,heap     ] GC(3900) Old regions: 246->246
[2025-01-08T00:32:42.411+0000][101232.777s][info][gc,heap     ] GC(3900) Archive regions: 2->2
[2025-01-08T00:32:42.411+0000][101232.777s][info][gc,heap     ] GC(3900) Humongous regions: 49->49
[2025-01-08T00:32:42.411+0000][101232.777s][info][gc,metaspace] GC(3900) Metaspace: 506066K(514880K)->506066K(514880K) NonClass: 444461K(448896K)->444461K(448896K) Class: 61605K(65984K)->61605K(65984K)
[2025-01-08T00:32:42.411+0000][101232.777s][info][gc          ] GC(3900) Pause Young (Prepare Mixed) (G1 Evacuation Pause) 9699M->2440M(12288M) 38.025ms
[2025-01-08T00:32:42.411+0000][101232.777s][info][gc,cpu      ] GC(3900) User=0.22s Sys=0.00s Real=0.04s
[2025-01-08T00:32:42.894+0000][101233.260s][info][gc,start    ] GC(3901) Pause Young (Mixed) (G1 Evacuation Pause)
[2025-01-08T00:32:42.894+0000][101233.260s][info][gc,task     ] GC(3901) Using 6 workers of 6 for evacuation
[2025-01-08T00:32:42.955+0000][101233.321s][info][gc,phases   ] GC(3901)   Pre Evacuate Collection Set: 0.2ms
[2025-01-08T00:32:42.955+0000][101233.321s][info][gc,phases   ] GC(3901)   Merge Heap Roots: 0.6ms
[2025-01-08T00:32:42.955+0000][101233.321s][info][gc,phases   ] GC(3901)   Evacuate Collection Set: 57.9ms
[2025-01-08T00:32:42.955+0000][101233.321s][info][gc,phases   ] GC(3901)   Post Evacuate Collection Set: 1.9ms
[2025-01-08T00:32:42.955+0000][101233.321s][info][gc,phases   ] GC(3901)   Other: 0.2ms
[2025-01-08T00:32:42.955+0000][101233.321s][info][gc,heap     ] GC(3901) Eden regions: 66->0(910)
[2025-01-08T00:32:42.955+0000][101233.321s][info][gc,heap     ] GC(3901) Survivor regions: 10->5(10)
[2025-01-08T00:32:42.955+0000][101233.321s][info][gc,heap     ] GC(3901) Old regions: 246->248
[2025-01-08T00:32:42.955+0000][101233.321s][info][gc,heap     ] GC(3901) Archive regions: 2->2
[2025-01-08T00:32:42.955+0000][101233.321s][info][gc,heap     ] GC(3901) Humongous regions: 49->49
[2025-01-08T00:32:42.955+0000][101233.321s][info][gc,metaspace] GC(3901) Metaspace: 506066K(514880K)->506066K(514880K) NonClass: 444461K(448896K)->444461K(448896K) Class: 61605K(65984K)->61605K(65984K)
[2025-01-08T00:32:42.955+0000][101233.321s][info][gc          ] GC(3901) Pause Young (Mixed) (G1 Evacuation Pause) 2968M->2417M(12288M) 60.863ms
[2025-01-08T00:32:42.955+0000][101233.321s][info][gc,cpu      ] GC(3901) User=0.35s Sys=0.00s Real=0.06s
[2025-01-08T00:32:51.667+0000][101242.033s][info][gc,start    ] GC(3902) Pause Young (Normal) (G1 Evacuation Pause)
[2025-01-08T00:32:51.667+0000][101242.033s][info][gc,task     ] GC(3902) Using 6 workers of 6 for evacuation
[2025-01-08T00:32:51.694+0000][101242.060s][info][gc,phases   ] GC(3902)   Pre Evacuate Collection Set: 0.2ms
[2025-01-08T00:32:51.694+0000][101242.060s][info][gc,phases   ] GC(3902)   Merge Heap Roots: 0.4ms
[2025-01-08T00:32:51.694+0000][101242.060s][info][gc,phases   ] GC(3902)   Evacuate Collection Set: 23.2ms
[2025-01-08T00:32:51.694+0000][101242.060s][info][gc,phases   ] GC(3902)   Post Evacuate Collection Set: 2.5ms
[2025-01-08T00:32:51.694+0000][101242.060s][info][gc,phases   ] GC(3902)   Other: 0.2ms
[2025-01-08T00:32:51.694+0000][101242.060s][info][gc,heap     ] GC(3902) Eden regions: 910->0(909)
[2025-01-08T00:32:51.694+0000][101242.060s][info][gc,heap     ] GC(3902) Survivor regions: 5->6(115)
[2025-01-08T00:32:51.694+0000][101242.060s][info][gc,heap     ] GC(3902) Old regions: 248->248
[2025-01-08T00:32:51.694+0000][101242.060s][info][gc,heap     ] GC(3902) Archive regions: 2->2
[2025-01-08T00:32:51.694+0000][101242.060s][info][gc,heap     ] GC(3902) Humongous regions: 49->49
[2025-01-08T00:32:51.694+0000][101242.060s][info][gc,metaspace] GC(3902) Metaspace: 506072K(514944K)->506072K(514944K) NonClass: 444466K(448960K)->444466K(448960K) Class: 61605K(65984K)->61605K(65984K)
[2025-01-08T00:32:51.694+0000][101242.060s][info][gc          ] GC(3902) Pause Young (Normal) (G1 Evacuation Pause) 9697M->2424M(12288M) 26.650ms
[2025-01-08T00:32:51.694+0000][101242.060s][info][gc,cpu      ] GC(3902) User=0.15s Sys=0.01s Real=0.03s
[2025-01-08T00:32:58.419+0000][101248.785s][info][gc,start    ] GC(3903) Pause Young (Normal) (G1 Evacuation Pause)
[2025-01-08T00:32:58.419+0000][101248.785s][info][gc,task     ] GC(3903) Using 6 workers of 6 for evacuation
[2025-01-08T00:32:58.448+0000][101248.814s][info][gc,phases   ] GC(3903)   Pre Evacuate Collection Set: 0.2ms
[2025-01-08T00:32:58.448+0000][101248.814s][info][gc,phases   ] GC(3903)   Merge Heap Roots: 0.4ms
[2025-01-08T00:32:58.448+0000][101248.814s][info][gc,phases   ] GC(3903)   Evacuate Collection Set: 25.4ms
[2025-01-08T00:32:58.448+0000][101248.814s][info][gc,phases   ] GC(3903)   Post Evacuate Collection Set: 2.5ms
[2025-01-08T00:32:58.448+0000][101248.814s][info][gc,phases   ] GC(3903)   Other: 0.2ms
[2025-01-08T00:32:58.448+0000][101248.814s][info][gc,heap     ] GC(3903) Eden regions: 909->0(907)
[2025-01-08T00:32:58.448+0000][101248.814s][info][gc,heap     ] GC(3903) Survivor regions: 6->7(115)
[2025-01-08T00:32:58.448+0000][101248.814s][info][gc,heap     ] GC(3903) Old regions: 248->248
[2025-01-08T00:32:58.448+0000][101248.814s][info][gc,heap     ] GC(3903) Archive regions: 2->2
[2025-01-08T00:32:58.448+0000][101248.814s][info][gc,heap     ] GC(3903) Humongous regions: 49->49
[2025-01-08T00:32:58.448+0000][101248.814s][info][gc,metaspace] GC(3903) Metaspace: 506072K(514944K)->506072K(514944K) NonClass: 444466K(448960K)->444466K(448960K) Class: 61605K(65984K)->61605K(65984K)
[2025-01-08T00:32:58.448+0000][101248.814s][info][gc          ] GC(3903) Pause Young (Normal) (G1 Evacuation Pause) 9696M->2434M(12288M) 28.869ms
[2025-01-08T00:32:58.448+0000][101248.814s][info][gc,cpu      ] GC(3903) User=0.17s Sys=0.00s Real=0.03s
[2025-01-08T00:33:03.538+0000][101253.904s][info][gc,start    ] GC(3904) Pause Young (Concurrent Start) (G1 Evacuation Pause)
[2025-01-08T00:33:03.538+0000][101253.904s][info][gc,task     ] GC(3904) Using 6 workers of 6 for evacuation
[2025-01-08T00:33:03.570+0000][101253.936s][info][gc,phases   ] GC(3904)   Pre Evacuate Collection Set: 1.1ms
[2025-01-08T00:33:03.570+0000][101253.936s][info][gc,phases   ] GC(3904)   Merge Heap Roots: 0.5ms
[2025-01-08T00:33:03.570+0000][101253.936s][info][gc,phases   ] GC(3904)   Evacuate Collection Set: 27.6ms
[2025-01-08T00:33:03.570+0000][101253.936s][info][gc,phases   ] GC(3904)   Post Evacuate Collection Set: 2.3ms
[2025-01-08T00:33:03.570+0000][101253.936s][info][gc,phases   ] GC(3904)   Other: 0.3ms
[2025-01-08T00:33:03.570+0000][101253.936s][info][gc,heap     ] GC(3904) Eden regions: 907->0(908)
[2025-01-08T00:33:03.570+0000][101253.936s][info][gc,heap     ] GC(3904) Survivor regions: 7->8(115)
[2025-01-08T00:33:03.570+0000][101253.936s][info][gc,heap     ] GC(3904) Old regions: 248->248
[2025-01-08T00:33:03.570+0000][101253.936s][info][gc,heap     ] GC(3904) Archive regions: 2->2
[2025-01-08T00:33:03.570+0000][101253.936s][info][gc,heap     ] GC(3904) Humongous regions: 49->49
[2025-01-08T00:33:03.570+0000][101253.936s][info][gc,metaspace] GC(3904) Metaspace: 506072K(514944K)->506072K(514944K) NonClass: 444466K(448960K)->444466K(448960K) Class: 61605K(65984K)->61605K(65984K)
[2025-01-08T00:33:03.570+0000][101253.936s][info][gc          ] GC(3904) Pause Young (Concurrent Start) (G1 Evacuation Pause) 9690M->2443M(12288M) 31.861ms
[2025-01-08T00:33:03.570+0000][101253.936s][info][gc,cpu      ] GC(3904) User=0.18s Sys=0.00s Real=0.04s
[2025-01-08T00:33:03.570+0000][101253.936s][info][gc          ] GC(3905) Concurrent Mark Cycle
[2025-01-08T00:33:03.570+0000][101253.936s][info][gc,marking  ] GC(3905) Concurrent Clear Claimed Marks
[2025-01-08T00:33:03.571+0000][101253.937s][info][gc,marking  ] GC(3905) Concurrent Clear Claimed Marks 0.857ms
[2025-01-08T00:33:03.571+0000][101253.937s][info][gc,marking  ] GC(3905) Concurrent Scan Root Regions
[2025-01-08T00:33:03.599+0000][101253.965s][info][gc,marking  ] GC(3905) Concurrent Scan Root Regions 27.887ms
[2025-01-08T00:33:03.599+0000][101253.965s][info][gc,marking  ] GC(3905) Concurrent Mark
[2025-01-08T00:33:03.599+0000][101253.965s][info][gc,marking  ] GC(3905) Concurrent Mark From Roots
[2025-01-08T00:33:03.599+0000][101253.965s][info][gc,task     ] GC(3905) Using 2 workers of 2 for marking
[2025-01-08T00:33:04.807+0000][101255.173s][info][gc,marking  ] GC(3905) Concurrent Mark From Roots 1208.240ms
[2025-01-08T00:33:04.807+0000][101255.173s][info][gc,marking  ] GC(3905) Concurrent Preclean
[2025-01-08T00:33:04.809+0000][101255.175s][info][gc,marking  ] GC(3905) Concurrent Preclean 1.780ms
[2025-01-08T00:33:04.809+0000][101255.175s][info][gc,start    ] GC(3905) Pause Remark
[2025-01-08T00:33:04.835+0000][101255.201s][info][gc          ] GC(3905) Pause Remark 4135M->4135M(12288M) 25.919ms
[2025-01-08T00:33:04.835+0000][101255.201s][info][gc,cpu      ] GC(3905) User=0.15s Sys=0.00s Real=0.03s
[2025-01-08T00:33:04.835+0000][101255.201s][info][gc,marking  ] GC(3905) Concurrent Mark 1236.284ms
[2025-01-08T00:33:04.835+0000][101255.201s][info][gc,marking  ] GC(3905) Concurrent Rebuild Remembered Sets
[2025-01-08T00:33:05.335+0000][101255.701s][info][gc,marking  ] GC(3905) Concurrent Rebuild Remembered Sets 499.859ms
[2025-01-08T00:33:05.335+0000][101255.701s][info][gc,start    ] GC(3905) Pause Cleanup
[2025-01-08T00:33:05.336+0000][101255.702s][info][gc          ] GC(3905) Pause Cleanup 4547M->4547M(12288M) 0.406ms
[2025-01-08T00:33:05.336+0000][101255.702s][info][gc,cpu      ] GC(3905) User=0.00s Sys=0.00s Real=0.00s
[2025-01-08T00:33:05.336+0000][101255.702s][info][gc,marking  ] GC(3905) Concurrent Cleanup for Next Mark
[2025-01-08T00:33:05.351+0000][101255.717s][info][gc,marking  ] GC(3905) Concurrent Cleanup for Next Mark 15.388ms
[2025-01-08T00:33:05.351+0000][101255.717s][info][gc          ] GC(3905) Concurrent Mark Cycle 1781.042ms
[2025-01-08T00:33:08.676+0000][101259.043s][info][gc,start    ] GC(3906) Pause Young (Prepare Mixed) (G1 Evacuation Pause)
[2025-01-08T00:33:08.676+0000][101259.043s][info][gc,task     ] GC(3906) Using 6 workers of 6 for evacuation
[2025-01-08T00:33:08.708+0000][101259.074s][info][gc,phases   ] GC(3906)   Pre Evacuate Collection Set: 0.2ms
[2025-01-08T00:33:08.708+0000][101259.074s][info][gc,phases   ] GC(3906)   Merge Heap Roots: 0.7ms
[2025-01-08T00:33:08.708+0000][101259.074s][info][gc,phases   ] GC(3906)   Evacuate Collection Set: 28.2ms
[2025-01-08T00:33:08.708+0000][101259.074s][info][gc,phases   ] GC(3906)   Post Evacuate Collection Set: 2.5ms
[2025-01-08T00:33:08.708+0000][101259.074s][info][gc,phases   ] GC(3906)   Other: 0.2ms
[2025-01-08T00:33:08.708+0000][101259.074s][info][gc,heap     ] GC(3906) Eden regions: 908->0(68)
[2025-01-08T00:33:08.708+0000][101259.074s][info][gc,heap     ] GC(3906) Survivor regions: 8->8(115)
[2025-01-08T00:33:08.708+0000][101259.074s][info][gc,heap     ] GC(3906) Old regions: 248->248
[2025-01-08T00:33:08.708+0000][101259.074s][info][gc,heap     ] GC(3906) Archive regions: 2->2
[2025-01-08T00:33:08.708+0000][101259.074s][info][gc,heap     ] GC(3906) Humongous regions: 49->49
[2025-01-08T00:33:08.708+0000][101259.074s][info][gc,metaspace] GC(3906) Metaspace: 506072K(514944K)->506072K(514944K) NonClass: 444466K(448960K)->444466K(448960K) Class: 61605K(65984K)->61605K(65984K)
[2025-01-08T00:33:08.708+0000][101259.074s][info][gc          ] GC(3906) Pause Young (Prepare Mixed) (G1 Evacuation Pause) 9707M->2442M(12288M) 31.902ms
[2025-01-08T00:33:08.708+0000][101259.074s][info][gc,cpu      ] GC(3906) User=0.18s Sys=0.00s Real=0.03s
[2025-01-08T00:33:09.012+0000][101259.378s][info][gc,start    ] GC(3907) Pause Young (Mixed) (G1 Evacuation Pause)
[2025-01-08T00:33:09.012+0000][101259.378s][info][gc,task     ] GC(3907) Using 6 workers of 6 for evacuation
[2025-01-08T00:33:09.056+0000][101259.422s][info][gc,phases   ] GC(3907)   Pre Evacuate Collection Set: 0.2ms
[2025-01-08T00:33:09.056+0000][101259.422s][info][gc,phases   ] GC(3907)   Merge Heap Roots: 0.4ms
[2025-01-08T00:33:09.056+0000][101259.422s][info][gc,phases   ] GC(3907)   Evacuate Collection Set: 41.8ms
[2025-01-08T00:33:09.056+0000][101259.422s][info][gc,phases   ] GC(3907)   Post Evacuate Collection Set: 1.6ms
[2025-01-08T00:33:09.056+0000][101259.422s][info][gc,phases   ] GC(3907)   Other: 0.2ms
[2025-01-08T00:33:09.056+0000][101259.422s][info][gc,heap     ] GC(3907) Eden regions: 68->0(912)
[2025-01-08T00:33:09.056+0000][101259.422s][info][gc,heap     ] GC(3907) Survivor regions: 8->6(10)
[2025-01-08T00:33:09.056+0000][101259.422s][info][gc,heap     ] GC(3907) Old regions: 248->246
[2025-01-08T00:33:09.056+0000][101259.422s][info][gc,heap     ] GC(3907) Archive regions: 2->2
[2025-01-08T00:33:09.056+0000][101259.422s][info][gc,heap     ] GC(3907) Humongous regions: 49->49
[2025-01-08T00:33:09.056+0000][101259.422s][info][gc,metaspace] GC(3907) Metaspace: 506072K(514944K)->506072K(514944K) NonClass: 444466K(448960K)->444466K(448960K) Class: 61605K(65984K)->61605K(65984K)
[2025-01-08T00:33:09.056+0000][101259.422s][info][gc          ] GC(3907) Pause Young (Mixed) (G1 Evacuation Pause) 2986M->2407M(12288M) 44.276ms
[2025-01-08T00:33:09.056+0000][101259.422s][info][gc,cpu      ] GC(3907) User=0.26s Sys=0.00s Real=0.04s
[2025-01-08T00:33:13.278+0000][101263.644s][info][gc,start    ] GC(3908) Pause Young (Normal) (G1 Evacuation Pause)
[2025-01-08T00:33:13.278+0000][101263.644s][info][gc,task     ] GC(3908) Using 6 workers of 6 for evacuation
[2025-01-08T00:33:13.309+0000][101263.675s][info][gc,phases   ] GC(3908)   Pre Evacuate Collection Set: 0.2ms
[2025-01-08T00:33:13.309+0000][101263.675s][info][gc,phases   ] GC(3908)   Merge Heap Roots: 0.4ms
[2025-01-08T00:33:13.309+0000][101263.675s][info][gc,phases   ] GC(3908)   Evacuate Collection Set: 26.1ms
[2025-01-08T00:33:13.309+0000][101263.675s][info][gc,phases   ] GC(3908)   Post Evacuate Collection Set: 4.2ms
[2025-01-08T00:33:13.309+0000][101263.675s][info][gc,phases   ] GC(3908)   Other: 0.2ms
[2025-01-08T00:33:13.309+0000][101263.675s][info][gc,heap     ] GC(3908) Eden regions: 912->0(910)
[2025-01-08T00:33:13.309+0000][101263.675s][info][gc,heap     ] GC(3908) Survivor regions: 6->8(115)
[2025-01-08T00:33:13.309+0000][101263.675s][info][gc,heap     ] GC(3908) Old regions: 246->246
[2025-01-08T00:33:13.309+0000][101263.675s][info][gc,heap     ] GC(3908) Archive regions: 2->2
[2025-01-08T00:33:13.309+0000][101263.675s][info][gc,heap     ] GC(3908) Humongous regions: 49->49
[2025-01-08T00:33:13.309+0000][101263.675s][info][gc,metaspace] GC(3908) Metaspace: 506072K(514944K)->506072K(514944K) NonClass: 444466K(448960K)->444466K(448960K) Class: 61605K(65984K)->61605K(65984K)
[2025-01-08T00:33:13.309+0000][101263.675s][info][gc          ] GC(3908) Pause Young (Normal) (G1 Evacuation Pause) 9703M->2416M(12288M) 31.196ms
[2025-01-08T00:33:13.309+0000][101263.675s][info][gc,cpu      ] GC(3908) User=0.18s Sys=0.00s Real=0.03s
[2025-01-08T00:33:17.778+0000][101268.144s][info][gc,start    ] GC(3909) Pause Young (Normal) (G1 Evacuation Pause)
[2025-01-08T00:33:17.778+0000][101268.144s][info][gc,task     ] GC(3909) Using 6 workers of 6 for evacuation
[2025-01-08T00:33:17.806+0000][101268.172s][info][gc,phases   ] GC(3909)   Pre Evacuate Collection Set: 0.2ms
[2025-01-08T00:33:17.806+0000][101268.172s][info][gc,phases   ] GC(3909)   Merge Heap Roots: 0.4ms
[2025-01-08T00:33:17.806+0000][101268.172s][info][gc,phases   ] GC(3909)   Evacuate Collection Set: 24.0ms
[2025-01-08T00:33:17.806+0000][101268.172s][info][gc,phases   ] GC(3909)   Post Evacuate Collection Set: 3.7ms
[2025-01-08T00:33:17.806+0000][101268.172s][info][gc,phases   ] GC(3909)   Other: 0.2ms
[2025-01-08T00:33:17.806+0000][101268.172s][info][gc,heap     ] GC(3909) Eden regions: 910->0(909)
[2025-01-08T00:33:17.806+0000][101268.172s][info][gc,heap     ] GC(3909) Survivor regions: 8->8(115)
[2025-01-08T00:33:17.806+0000][101268.172s][info][gc,heap     ] GC(3909) Old regions: 246->246
[2025-01-08T00:33:17.806+0000][101268.172s][info][gc,heap     ] GC(3909) Archive regions: 2->2
[2025-01-08T00:33:17.806+0000][101268.172s][info][gc,heap     ] GC(3909) Humongous regions: 49->49
[2025-01-08T00:33:17.806+0000][101268.172s][info][gc,metaspace] GC(3909) Metaspace: 506072K(514944K)->506072K(514944K) NonClass: 444466K(448960K)->444466K(448960K) Class: 61605K(65984K)->61605K(65984K)
[2025-01-08T00:33:17.806+0000][101268.172s][info][gc          ] GC(3909) Pause Young (Normal) (G1 Evacuation Pause) 9696M->2421M(12288M) 28.609ms
[2025-01-08T00:33:17.806+0000][101268.172s][info][gc,cpu      ] GC(3909) User=0.17s Sys=0.00s Real=0.03s
[2025-01-08T00:33:22.016+0000][101272.382s][info][gc,start    ] GC(3910) Pause Young (Concurrent Start) (G1 Evacuation Pause)
[2025-01-08T00:33:22.016+0000][101272.382s][info][gc,task     ] GC(3910) Using 6 workers of 6 for evacuation
[2025-01-08T00:33:22.047+0000][101272.413s][info][gc,phases   ] GC(3910)   Pre Evacuate Collection Set: 1.0ms
[2025-01-08T00:33:22.047+0000][101272.413s][info][gc,phases   ] GC(3910)   Merge Heap Roots: 0.4ms
[2025-01-08T00:33:22.047+0000][101272.413s][info][gc,phases   ] GC(3910)   Evacuate Collection Set: 27.2ms
[2025-01-08T00:33:22.047+0000][101272.413s][info][gc,phases   ] GC(3910)   Post Evacuate Collection Set: 2.4ms
[2025-01-08T00:33:22.047+0000][101272.413s][info][gc,phases   ] GC(3910)   Other: 0.3ms
[2025-01-08T00:33:22.047+0000][101272.413s][info][gc,heap     ] GC(3910) Eden regions: 909->0(911)
[2025-01-08T00:33:22.047+0000][101272.413s][info][gc,heap     ] GC(3910) Survivor regions: 8->8(115)
[2025-01-08T00:33:22.047+0000][101272.413s][info][gc,heap     ] GC(3910) Old regions: 246->246
[2025-01-08T00:33:22.047+0000][101272.413s][info][gc,heap     ] GC(3910) Archive regions: 2->2
[2025-01-08T00:33:22.047+0000][101272.413s][info][gc,heap     ] GC(3910) Humongous regions: 49->49
[2025-01-08T00:33:22.047+0000][101272.413s][info][gc,metaspace] GC(3910) Metaspace: 506072K(514944K)->506072K(514944K) NonClass: 444467K(448960K)->444467K(448960K) Class: 61605K(65984K)->61605K(65984K)
[2025-01-08T00:33:22.047+0000][101272.413s][info][gc          ] GC(3910) Pause Young (Concurrent Start) (G1 Evacuation Pause) 9693M->2423M(12288M) 31.477ms
[2025-01-08T00:33:22.047+0000][101272.413s][info][gc,cpu      ] GC(3910) User=0.18s Sys=0.00s Real=0.03s
[2025-01-08T00:33:22.047+0000][101272.413s][info][gc          ] GC(3911) Concurrent Mark Cycle
[2025-01-08T00:33:22.047+0000][101272.413s][info][gc,marking  ] GC(3911) Concurrent Clear Claimed Marks
[2025-01-08T00:33:22.048+0000][101272.414s][info][gc,marking  ] GC(3911) Concurrent Clear Claimed Marks 0.855ms
[2025-01-08T00:33:22.048+0000][101272.414s][info][gc,marking  ] GC(3911) Concurrent Scan Root Regions
[2025-01-08T00:33:22.084+0000][101272.450s][info][gc,marking  ] GC(3911) Concurrent Scan Root Regions 36.380ms
[2025-01-08T00:33:22.084+0000][101272.451s][info][gc,marking  ] GC(3911) Concurrent Mark
[2025-01-08T00:33:22.084+0000][101272.451s][info][gc,marking  ] GC(3911) Concurrent Mark From Roots
[2025-01-08T00:33:22.084+0000][101272.451s][info][gc,task     ] GC(3911) Using 2 workers of 2 for marking
[2025-01-08T00:33:23.169+0000][101273.535s][info][gc,marking  ] GC(3911) Concurrent Mark From Roots 1084.814ms
[2025-01-08T00:33:23.169+0000][101273.535s][info][gc,marking  ] GC(3911) Concurrent Preclean
[2025-01-08T00:33:23.171+0000][101273.537s][info][gc,marking  ] GC(3911) Concurrent Preclean 1.643ms
[2025-01-08T00:33:23.171+0000][101273.537s][info][gc,start    ] GC(3911) Pause Remark
[2025-01-08T00:33:23.197+0000][101273.563s][info][gc          ] GC(3911) Pause Remark 3963M->3963M(12288M) 25.991ms
[2025-01-08T00:33:23.197+0000][101273.563s][info][gc,cpu      ] GC(3911) User=0.15s Sys=0.00s Real=0.02s
[2025-01-08T00:33:23.197+0000][101273.563s][info][gc,marking  ] GC(3911) Concurrent Mark 1112.761ms
[2025-01-08T00:33:23.197+0000][101273.563s][info][gc,marking  ] GC(3911) Concurrent Rebuild Remembered Sets
[2025-01-08T00:33:23.668+0000][101274.034s][info][gc,marking  ] GC(3911) Concurrent Rebuild Remembered Sets 470.591ms
[2025-01-08T00:33:23.668+0000][101274.034s][info][gc,start    ] GC(3911) Pause Cleanup
[2025-01-08T00:33:23.668+0000][101274.034s][info][gc          ] GC(3911) Pause Cleanup 4079M->4079M(12288M) 0.387ms
[2025-01-08T00:33:23.668+0000][101274.034s][info][gc,cpu      ] GC(3911) User=0.01s Sys=0.00s Real=0.00s
[2025-01-08T00:33:23.668+0000][101274.034s][info][gc,marking  ] GC(3911) Concurrent Cleanup for Next Mark
[2025-01-08T00:33:23.684+0000][101274.050s][info][gc,marking  ] GC(3911) Concurrent Cleanup for Next Mark 15.362ms
[2025-01-08T00:33:23.684+0000][101274.050s][info][gc          ] GC(3911) Concurrent Mark Cycle 1636.686ms
[2025-01-08T00:33:30.844+0000][101281.210s][info][gc,start    ] GC(3912) Pause Young (Prepare Mixed) (G1 Evacuation Pause)
[2025-01-08T00:33:30.844+0000][101281.210s][info][gc,task     ] GC(3912) Using 6 workers of 6 for evacuation
[2025-01-08T00:33:30.881+0000][101281.247s][info][gc,phases   ] GC(3912)   Pre Evacuate Collection Set: 0.2ms
[2025-01-08T00:33:30.881+0000][101281.247s][info][gc,phases   ] GC(3912)   Merge Heap Roots: 0.7ms
[2025-01-08T00:33:30.881+0000][101281.247s][info][gc,phases   ] GC(3912)   Evacuate Collection Set: 32.0ms
[2025-01-08T00:33:30.881+0000][101281.247s][info][gc,phases   ] GC(3912)   Post Evacuate Collection Set: 4.1ms
[2025-01-08T00:33:30.881+0000][101281.247s][info][gc,phases   ] GC(3912)   Other: 0.2ms
[2025-01-08T00:33:30.881+0000][101281.247s][info][gc,heap     ] GC(3912) Eden regions: 911->0(66)
[2025-01-08T00:33:30.881+0000][101281.247s][info][gc,heap     ] GC(3912) Survivor regions: 8->10(115)
[2025-01-08T00:33:30.881+0000][101281.247s][info][gc,heap     ] GC(3912) Old regions: 246->246
[2025-01-08T00:33:30.881+0000][101281.247s][info][gc,heap     ] GC(3912) Archive regions: 2->2
[2025-01-08T00:33:30.881+0000][101281.247s][info][gc,heap     ] GC(3912) Humongous regions: 49->49
[2025-01-08T00:33:30.881+0000][101281.247s][info][gc,metaspace] GC(3912) Metaspace: 506072K(514944K)->506072K(514944K) NonClass: 444467K(448960K)->444467K(448960K) Class: 61605K(65984K)->61605K(65984K)
[2025-01-08T00:33:30.881+0000][101281.247s][info][gc          ] GC(3912) Pause Young (Prepare Mixed) (G1 Evacuation Pause) 9711M->2439M(12288M) 37.225ms
[2025-01-08T00:33:30.881+0000][101281.247s][info][gc,cpu      ] GC(3912) User=0.22s Sys=0.00s Real=0.03s
[2025-01-08T00:33:31.193+0000][101281.559s][info][gc,start    ] GC(3913) Pause Young (Mixed) (G1 Evacuation Pause)
[2025-01-08T00:33:31.193+0000][101281.559s][info][gc,task     ] GC(3913) Using 6 workers of 6 for evacuation
[2025-01-08T00:33:31.251+0000][101281.617s][info][gc,phases   ] GC(3913)   Pre Evacuate Collection Set: 0.2ms
[2025-01-08T00:33:31.251+0000][101281.617s][info][gc,phases   ] GC(3913)   Merge Heap Roots: 0.7ms
[2025-01-08T00:33:31.251+0000][101281.617s][info][gc,phases   ] GC(3913)   Evacuate Collection Set: 55.3ms
[2025-01-08T00:33:31.251+0000][101281.617s][info][gc,phases   ] GC(3913)   Post Evacuate Collection Set: 2.0ms
[2025-01-08T00:33:31.251+0000][101281.617s][info][gc,phases   ] GC(3913)   Other: 0.2ms
[2025-01-08T00:33:31.251+0000][101281.617s][info][gc,heap     ] GC(3913) Eden regions: 66->0(912)
[2025-01-08T00:33:31.251+0000][101281.617s][info][gc,heap     ] GC(3913) Survivor regions: 10->5(10)
[2025-01-08T00:33:31.251+0000][101281.617s][info][gc,heap     ] GC(3913) Old regions: 246->246
[2025-01-08T00:33:31.251+0000][101281.617s][info][gc,heap     ] GC(3913) Archive regions: 2->2
[2025-01-08T00:33:31.251+0000][101281.617s][info][gc,heap     ] GC(3913) Humongous regions: 49->49
[2025-01-08T00:33:31.251+0000][101281.617s][info][gc,metaspace] GC(3913) Metaspace: 506072K(514944K)->506072K(514944K) NonClass: 444467K(448960K)->444467K(448960K) Class: 61605K(65984K)->61605K(65984K)
[2025-01-08T00:33:31.251+0000][101281.617s][info][gc          ] GC(3913) Pause Young (Mixed) (G1 Evacuation Pause) 2967M->2403M(12288M) 58.383ms
[2025-01-08T00:33:31.251+0000][101281.617s][info][gc,cpu      ] GC(3913) User=0.34s Sys=0.00s Real=0.06s
[2025-01-08T00:33:39.001+0000][101289.367s][info][gc,start    ] GC(3914) Pause Young (Normal) (G1 Evacuation Pause)
[2025-01-08T00:33:39.001+0000][101289.367s][info][gc,task     ] GC(3914) Using 6 workers of 6 for evacuation
[2025-01-08T00:33:39.022+0000][101289.388s][info][gc,phases   ] GC(3914)   Pre Evacuate Collection Set: 0.2ms
[2025-01-08T00:33:39.022+0000][101289.388s][info][gc,phases   ] GC(3914)   Merge Heap Roots: 0.4ms
[2025-01-08T00:33:39.022+0000][101289.388s][info][gc,phases   ] GC(3914)   Evacuate Collection Set: 18.3ms
[2025-01-08T00:33:39.022+0000][101289.388s][info][gc,phases   ] GC(3914)   Post Evacuate Collection Set: 2.4ms
[2025-01-08T00:33:39.022+0000][101289.388s][info][gc,phases   ] GC(3914)   Other: 0.2ms
[2025-01-08T00:33:39.022+0000][101289.388s][info][gc,heap     ] GC(3914) Eden regions: 912->0(912)
[2025-01-08T00:33:39.022+0000][101289.388s][info][gc,heap     ] GC(3914) Survivor regions: 5->5(115)
[2025-01-08T00:33:39.022+0000][101289.388s][info][gc,heap     ] GC(3914) Old regions: 246->246
[2025-01-08T00:33:39.022+0000][101289.388s][info][gc,heap     ] GC(3914) Archive regions: 2->2
[2025-01-08T00:33:39.022+0000][101289.388s][info][gc,heap     ] GC(3914) Humongous regions: 49->49
[2025-01-08T00:33:39.022+0000][101289.388s][info][gc,metaspace] GC(3914) Metaspace: 506072K(514944K)->506072K(514944K) NonClass: 444467K(448960K)->444467K(448960K) Class: 61605K(65984K)->61605K(65984K)
[2025-01-08T00:33:39.022+0000][101289.388s][info][gc          ] GC(3914) Pause Young (Normal) (G1 Evacuation Pause) 9699M->2401M(12288M) 21.631ms
[2025-01-08T00:33:39.022+0000][101289.388s][info][gc,cpu      ] GC(3914) User=0.12s Sys=0.00s Real=0.03s
[2025-01-08T00:33:46.588+0000][101296.955s][info][gc,start    ] GC(3915) Pause Young (Normal) (G1 Evacuation Pause)
[2025-01-08T00:33:46.588+0000][101296.955s][info][gc,task     ] GC(3915) Using 6 workers of 6 for evacuation
[2025-01-08T00:33:46.615+0000][101296.981s][info][gc,phases   ] GC(3915)   Pre Evacuate Collection Set: 0.2ms
[2025-01-08T00:33:46.615+0000][101296.981s][info][gc,phases   ] GC(3915)   Merge Heap Roots: 0.4ms
[2025-01-08T00:33:46.615+0000][101296.981s][info][gc,phases   ] GC(3915)   Evacuate Collection Set: 23.2ms
[2025-01-08T00:33:46.615+0000][101296.981s][info][gc,phases   ] GC(3915)   Post Evacuate Collection Set: 2.5ms
[2025-01-08T00:33:46.615+0000][101296.981s][info][gc,phases   ] GC(3915)   Other: 0.2ms
[2025-01-08T00:33:46.615+0000][101296.981s][info][gc,heap     ] GC(3915) Eden regions: 912->0(910)
[2025-01-08T00:33:46.615+0000][101296.981s][info][gc,heap     ] GC(3915) Survivor regions: 5->7(115)
[2025-01-08T00:33:46.615+0000][101296.981s][info][gc,heap     ] GC(3915) Old regions: 246->246
[2025-01-08T00:33:46.615+0000][101296.981s][info][gc,heap     ] GC(3915) Archive regions: 2->2
[2025-01-08T00:33:46.615+0000][101296.981s][info][gc,heap     ] GC(3915) Humongous regions: 49->49
[2025-01-08T00:33:46.615+0000][101296.981s][info][gc,metaspace] GC(3915) Metaspace: 506072K(514944K)->506072K(514944K) NonClass: 444467K(448960K)->444467K(448960K) Class: 61605K(65984K)->61605K(65984K)
[2025-01-08T00:33:46.615+0000][101296.981s][info][gc          ] GC(3915) Pause Young (Normal) (G1 Evacuation Pause) 9697M->2416M(12288M) 26.610ms
[2025-01-08T00:33:46.615+0000][101296.981s][info][gc,cpu      ] GC(3915) User=0.16s Sys=0.00s Real=0.03s
[2025-01-08T00:33:51.158+0000][101301.524s][info][gc,start    ] GC(3916) Pause Young (Concurrent Start) (G1 Evacuation Pause)
[2025-01-08T00:33:51.158+0000][101301.524s][info][gc,task     ] GC(3916) Using 6 workers of 6 for evacuation
[2025-01-08T00:33:51.191+0000][101301.557s][info][gc,phases   ] GC(3916)   Pre Evacuate Collection Set: 1.1ms
[2025-01-08T00:33:51.191+0000][101301.557s][info][gc,phases   ] GC(3916)   Merge Heap Roots: 0.4ms
[2025-01-08T00:33:51.191+0000][101301.557s][info][gc,phases   ] GC(3916)   Evacuate Collection Set: 28.1ms
[2025-01-08T00:33:51.191+0000][101301.557s][info][gc,phases   ] GC(3916)   Post Evacuate Collection Set: 2.5ms
[2025-01-08T00:33:51.191+0000][101301.557s][info][gc,phases   ] GC(3916)   Other: 0.3ms
[2025-01-08T00:33:51.191+0000][101301.557s][info][gc,heap     ] GC(3916) Eden regions: 910->0(908)
[2025-01-08T00:33:51.191+0000][101301.557s][info][gc,heap     ] GC(3916) Survivor regions: 7->9(115)
[2025-01-08T00:33:51.191+0000][101301.557s][info][gc,heap     ] GC(3916) Old regions: 246->246
[2025-01-08T00:33:51.191+0000][101301.557s][info][gc,heap     ] GC(3916) Archive regions: 2->2
[2025-01-08T00:33:51.191+0000][101301.557s][info][gc,heap     ] GC(3916) Humongous regions: 49->49
[2025-01-08T00:33:51.191+0000][101301.557s][info][gc,metaspace] GC(3916) Metaspace: 506072K(514944K)->506072K(514944K) NonClass: 444467K(448960K)->444467K(448960K) Class: 61605K(65984K)->61605K(65984K)
[2025-01-08T00:33:51.191+0000][101301.557s][info][gc          ] GC(3916) Pause Young (Concurrent Start) (G1 Evacuation Pause) 9696M->2428M(12288M) 32.456ms
[2025-01-08T00:33:51.191+0000][101301.557s][info][gc,cpu      ] GC(3916) User=0.18s Sys=0.00s Real=0.04s
[2025-01-08T00:33:51.191+0000][101301.557s][info][gc          ] GC(3917) Concurrent Mark Cycle
[2025-01-08T00:33:51.191+0000][101301.557s][info][gc,marking  ] GC(3917) Concurrent Clear Claimed Marks
[2025-01-08T00:33:51.192+0000][101301.558s][info][gc,marking  ] GC(3917) Concurrent Clear Claimed Marks 0.922ms
[2025-01-08T00:33:51.192+0000][101301.558s][info][gc,marking  ] GC(3917) Concurrent Scan Root Regions
[2025-01-08T00:33:51.247+0000][101301.613s][info][gc,marking  ] GC(3917) Concurrent Scan Root Regions 55.492ms
[2025-01-08T00:33:51.247+0000][101301.613s][info][gc,marking  ] GC(3917) Concurrent Mark
[2025-01-08T00:33:51.247+0000][101301.613s][info][gc,marking  ] GC(3917) Concurrent Mark From Roots
[2025-01-08T00:33:51.247+0000][101301.613s][info][gc,task     ] GC(3917) Using 2 workers of 2 for marking
[2025-01-08T00:33:52.655+0000][101303.021s][info][gc,marking  ] GC(3917) Concurrent Mark From Roots 1408.040ms
[2025-01-08T00:33:52.655+0000][101303.022s][info][gc,marking  ] GC(3917) Concurrent Preclean
[2025-01-08T00:33:52.657+0000][101303.023s][info][gc,marking  ] GC(3917) Concurrent Preclean 1.870ms
[2025-01-08T00:33:52.657+0000][101303.024s][info][gc,start    ] GC(3917) Pause Remark
[2025-01-08T00:33:52.684+0000][101303.050s][info][gc          ] GC(3917) Pause Remark 4856M->4856M(12288M) 26.128ms
[2025-01-08T00:33:52.684+0000][101303.050s][info][gc,cpu      ] GC(3917) User=0.15s Sys=0.00s Real=0.03s
[2025-01-08T00:33:52.684+0000][101303.050s][info][gc,marking  ] GC(3917) Concurrent Mark 1436.415ms
[2025-01-08T00:33:52.684+0000][101303.050s][info][gc,marking  ] GC(3917) Concurrent Rebuild Remembered Sets
[2025-01-08T00:33:53.436+0000][101303.802s][info][gc,marking  ] GC(3917) Concurrent Rebuild Remembered Sets 752.598ms
[2025-01-08T00:33:53.436+0000][101303.803s][info][gc,start    ] GC(3917) Pause Cleanup
[2025-01-08T00:33:53.437+0000][101303.803s][info][gc          ] GC(3917) Pause Cleanup 6012M->6012M(12288M) 0.418ms
[2025-01-08T00:33:53.437+0000][101303.803s][info][gc,cpu      ] GC(3917) User=0.00s Sys=0.00s Real=0.00s
[2025-01-08T00:33:53.437+0000][101303.803s][info][gc,marking  ] GC(3917) Concurrent Cleanup for Next Mark
[2025-01-08T00:33:53.453+0000][101303.819s][info][gc,marking  ] GC(3917) Concurrent Cleanup for Next Mark 15.817ms
[2025-01-08T00:33:53.453+0000][101303.819s][info][gc          ] GC(3917) Concurrent Mark Cycle 2262.090ms
[2025-01-08T00:33:55.436+0000][101305.802s][info][gc,start    ] GC(3918) Pause Young (Prepare Mixed) (G1 Evacuation Pause)
[2025-01-08T00:33:55.436+0000][101305.802s][info][gc,task     ] GC(3918) Using 6 workers of 6 for evacuation
[2025-01-08T00:33:55.468+0000][101305.834s][info][gc,phases   ] GC(3918)   Pre Evacuate Collection Set: 0.2ms
[2025-01-08T00:33:55.468+0000][101305.834s][info][gc,phases   ] GC(3918)   Merge Heap Roots: 0.7ms
[2025-01-08T00:33:55.468+0000][101305.834s][info][gc,phases   ] GC(3918)   Evacuate Collection Set: 28.1ms
[2025-01-08T00:33:55.468+0000][101305.834s][info][gc,phases   ] GC(3918)   Post Evacuate Collection Set: 2.6ms
[2025-01-08T00:33:55.468+0000][101305.834s][info][gc,phases   ] GC(3918)   Other: 0.2ms
[2025-01-08T00:33:55.468+0000][101305.834s][info][gc,heap     ] GC(3918) Eden regions: 908->0(67)
[2025-01-08T00:33:55.468+0000][101305.834s][info][gc,heap     ] GC(3918) Survivor regions: 9->9(115)
[2025-01-08T00:33:55.468+0000][101305.834s][info][gc,heap     ] GC(3918) Old regions: 246->246
[2025-01-08T00:33:55.468+0000][101305.834s][info][gc,heap     ] GC(3918) Archive regions: 2->2
[2025-01-08T00:33:55.468+0000][101305.834s][info][gc,heap     ] GC(3918) Humongous regions: 49->49
[2025-01-08T00:33:55.468+0000][101305.834s][info][gc,metaspace] GC(3918) Metaspace: 506075K(514944K)->506075K(514944K) NonClass: 444469K(448960K)->444469K(448960K) Class: 61605K(65984K)->61605K(65984K)
[2025-01-08T00:33:55.468+0000][101305.834s][info][gc          ] GC(3918) Pause Young (Prepare Mixed) (G1 Evacuation Pause) 9692M->2431M(12288M) 31.878ms
[2025-01-08T00:33:55.468+0000][101305.834s][info][gc,cpu      ] GC(3918) User=0.19s Sys=0.00s Real=0.03s
[2025-01-08T00:33:55.798+0000][101306.164s][info][gc,start    ] GC(3919) Pause Young (Mixed) (G1 Evacuation Pause)
[2025-01-08T00:33:55.798+0000][101306.164s][info][gc,task     ] GC(3919) Using 6 workers of 6 for evacuation
[2025-01-08T00:33:55.854+0000][101306.220s][info][gc,phases   ] GC(3919)   Pre Evacuate Collection Set: 0.2ms
[2025-01-08T00:33:55.854+0000][101306.220s][info][gc,phases   ] GC(3919)   Merge Heap Roots: 0.7ms
[2025-01-08T00:33:55.854+0000][101306.220s][info][gc,phases   ] GC(3919)   Evacuate Collection Set: 53.0ms
[2025-01-08T00:33:55.854+0000][101306.220s][info][gc,phases   ] GC(3919)   Post Evacuate Collection Set: 1.6ms
[2025-01-08T00:33:55.854+0000][101306.220s][info][gc,phases   ] GC(3919)   Other: 0.2ms
[2025-01-08T00:33:55.854+0000][101306.220s][info][gc,heap     ] GC(3919) Eden regions: 67->0(913)
[2025-01-08T00:33:55.854+0000][101306.220s][info][gc,heap     ] GC(3919) Survivor regions: 9->5(10)
[2025-01-08T00:33:55.854+0000][101306.220s][info][gc,heap     ] GC(3919) Old regions: 246->245
[2025-01-08T00:33:55.854+0000][101306.220s][info][gc,heap     ] GC(3919) Archive regions: 2->2
[2025-01-08T00:33:55.854+0000][101306.220s][info][gc,heap     ] GC(3919) Humongous regions: 49->49
[2025-01-08T00:33:55.854+0000][101306.220s][info][gc,metaspace] GC(3919) Metaspace: 506075K(514944K)->506075K(514944K) NonClass: 444469K(448960K)->444469K(448960K) Class: 61605K(65984K)->61605K(65984K)
[2025-01-08T00:33:55.854+0000][101306.220s][info][gc          ] GC(3919) Pause Young (Mixed) (G1 Evacuation Pause) 2967M->2395M(12288M) 55.692ms
[2025-01-08T00:33:55.854+0000][101306.220s][info][gc,cpu      ] GC(3919) User=0.33s Sys=0.00s Real=0.06s
[2025-01-08T00:34:00.973+0000][101311.339s][info][gc,start    ] GC(3920) Pause Young (Normal) (G1 Evacuation Pause)
[2025-01-08T00:34:00.973+0000][101311.339s][info][gc,task     ] GC(3920) Using 6 workers of 6 for evacuation
[2025-01-08T00:34:00.994+0000][101311.361s][info][gc,phases   ] GC(3920)   Pre Evacuate Collection Set: 0.2ms
[2025-01-08T00:34:00.995+0000][101311.361s][info][gc,phases   ] GC(3920)   Merge Heap Roots: 0.4ms
[2025-01-08T00:34:00.995+0000][101311.361s][info][gc,phases   ] GC(3920)   Evacuate Collection Set: 18.5ms
[2025-01-08T00:34:00.995+0000][101311.361s][info][gc,phases   ] GC(3920)   Post Evacuate Collection Set: 2.5ms
[2025-01-08T00:34:00.995+0000][101311.361s][info][gc,phases   ] GC(3920)   Other: 0.2ms
[2025-01-08T00:34:00.995+0000][101311.361s][info][gc,heap     ] GC(3920) Eden regions: 913->0(914)
[2025-01-08T00:34:00.995+0000][101311.361s][info][gc,heap     ] GC(3920) Survivor regions: 5->6(115)
[2025-01-08T00:34:00.995+0000][101311.361s][info][gc,heap     ] GC(3920) Old regions: 245->245
[2025-01-08T00:34:00.995+0000][101311.361s][info][gc,heap     ] GC(3920) Archive regions: 2->2
[2025-01-08T00:34:00.995+0000][101311.361s][info][gc,heap     ] GC(3920) Humongous regions: 49->49
[2025-01-08T00:34:00.995+0000][101311.361s][info][gc,metaspace] GC(3920) Metaspace: 506075K(514944K)->506075K(514944K) NonClass: 444469K(448960K)->444469K(448960K) Class: 61605K(65984K)->61605K(65984K)
[2025-01-08T00:34:00.995+0000][101311.361s][info][gc          ] GC(3920) Pause Young (Normal) (G1 Evacuation Pause) 9699M->2396M(12288M) 21.888ms
[2025-01-08T00:34:00.995+0000][101311.361s][info][gc,cpu      ] GC(3920) User=0.12s Sys=0.00s Real=0.02s
[2025-01-08T00:34:05.155+0000][101315.521s][info][gc,start    ] GC(3921) Pause Young (Normal) (G1 Evacuation Pause)
[2025-01-08T00:34:05.155+0000][101315.521s][info][gc,task     ] GC(3921) Using 6 workers of 6 for evacuation
[2025-01-08T00:34:05.179+0000][101315.545s][info][gc,phases   ] GC(3921)   Pre Evacuate Collection Set: 0.2ms
[2025-01-08T00:34:05.179+0000][101315.545s][info][gc,phases   ] GC(3921)   Merge Heap Roots: 0.4ms
[2025-01-08T00:34:05.179+0000][101315.545s][info][gc,phases   ] GC(3921)   Evacuate Collection Set: 20.5ms
[2025-01-08T00:34:05.179+0000][101315.545s][info][gc,phases   ] GC(3921)   Post Evacuate Collection Set: 2.4ms
[2025-01-08T00:34:05.179+0000][101315.545s][info][gc,phases   ] GC(3921)   Other: 0.2ms
[2025-01-08T00:34:05.179+0000][101315.545s][info][gc,heap     ] GC(3921) Eden regions: 914->0(912)
[2025-01-08T00:34:05.179+0000][101315.545s][info][gc,heap     ] GC(3921) Survivor regions: 6->7(115)
[2025-01-08T00:34:05.179+0000][101315.545s][info][gc,heap     ] GC(3921) Old regions: 245->245
[2025-01-08T00:34:05.179+0000][101315.545s][info][gc,heap     ] GC(3921) Archive regions: 2->2
[2025-01-08T00:34:05.179+0000][101315.545s][info][gc,heap     ] GC(3921) Humongous regions: 49->49
[2025-01-08T00:34:05.179+0000][101315.545s][info][gc,metaspace] GC(3921) Metaspace: 506075K(514944K)->506075K(514944K) NonClass: 444469K(448960K)->444469K(448960K) Class: 61605K(65984K)->61605K(65984K)
[2025-01-08T00:34:05.179+0000][101315.545s][info][gc          ] GC(3921) Pause Young (Normal) (G1 Evacuation Pause) 9708M->2405M(12288M) 23.765ms
[2025-01-08T00:34:05.179+0000][101315.545s][info][gc,cpu      ] GC(3921) User=0.13s Sys=0.00s Real=0.02s
[2025-01-08T00:34:09.352+0000][101319.718s][info][gc,start    ] GC(3922) Pause Young (Concurrent Start) (G1 Evacuation Pause)
[2025-01-08T00:34:09.352+0000][101319.718s][info][gc,task     ] GC(3922) Using 6 workers of 6 for evacuation
[2025-01-08T00:34:09.387+0000][101319.753s][info][gc,phases   ] GC(3922)   Pre Evacuate Collection Set: 1.1ms
[2025-01-08T00:34:09.387+0000][101319.753s][info][gc,phases   ] GC(3922)   Merge Heap Roots: 0.4ms
[2025-01-08T00:34:09.387+0000][101319.753s][info][gc,phases   ] GC(3922)   Evacuate Collection Set: 29.2ms
[2025-01-08T00:34:09.387+0000][101319.753s][info][gc,phases   ] GC(3922)   Post Evacuate Collection Set: 4.6ms
[2025-01-08T00:34:09.387+0000][101319.753s][info][gc,phases   ] GC(3922)   Other: 0.3ms
[2025-01-08T00:34:09.387+0000][101319.753s][info][gc,heap     ] GC(3922) Eden regions: 912->0(906)
[2025-01-08T00:34:09.387+0000][101319.753s][info][gc,heap     ] GC(3922) Survivor regions: 7->11(115)
[2025-01-08T00:34:09.387+0000][101319.753s][info][gc,heap     ] GC(3922) Old regions: 245->245
[2025-01-08T00:34:09.387+0000][101319.753s][info][gc,heap     ] GC(3922) Archive regions: 2->2
[2025-01-08T00:34:09.387+0000][101319.753s][info][gc,heap     ] GC(3922) Humongous regions: 49->49
[2025-01-08T00:34:09.387+0000][101319.753s][info][gc,metaspace] GC(3922) Metaspace: 506075K(514944K)->506075K(514944K) NonClass: 444470K(448960K)->444470K(448960K) Class: 61605K(65984K)->61605K(65984K)
[2025-01-08T00:34:09.387+0000][101319.754s][info][gc          ] GC(3922) Pause Young (Concurrent Start) (G1 Evacuation Pause) 9701M->2440M(12288M) 35.722ms
[2025-01-08T00:34:09.387+0000][101319.754s][info][gc,cpu      ] GC(3922) User=0.19s Sys=0.01s Real=0.03s
[2025-01-08T00:34:09.387+0000][101319.754s][info][gc          ] GC(3923) Concurrent Mark Cycle
[2025-01-08T00:34:09.388+0000][101319.754s][info][gc,marking  ] GC(3923) Concurrent Clear Claimed Marks
[2025-01-08T00:34:09.388+0000][101319.755s][info][gc,marking  ] GC(3923) Concurrent Clear Claimed Marks 0.921ms
[2025-01-08T00:34:09.388+0000][101319.755s][info][gc,marking  ] GC(3923) Concurrent Scan Root Regions
[2025-01-08T00:34:09.413+0000][101319.779s][info][gc,marking  ] GC(3923) Concurrent Scan Root Regions 24.808ms
[2025-01-08T00:34:09.413+0000][101319.779s][info][gc,marking  ] GC(3923) Concurrent Mark
[2025-01-08T00:34:09.413+0000][101319.779s][info][gc,marking  ] GC(3923) Concurrent Mark From Roots
[2025-01-08T00:34:09.413+0000][101319.779s][info][gc,task     ] GC(3923) Using 2 workers of 2 for marking
[2025-01-08T00:34:10.566+0000][101320.932s][info][gc,marking  ] GC(3923) Concurrent Mark From Roots 1152.420ms
[2025-01-08T00:34:10.566+0000][101320.932s][info][gc,marking  ] GC(3923) Concurrent Preclean
[2025-01-08T00:34:10.568+0000][101320.934s][info][gc,marking  ] GC(3923) Concurrent Preclean 2.407ms
[2025-01-08T00:34:10.568+0000][101320.934s][info][gc,start    ] GC(3923) Pause Remark
[2025-01-08T00:34:10.594+0000][101320.960s][info][gc          ] GC(3923) Pause Remark 4214M->4214M(12288M) 25.610ms
[2025-01-08T00:34:10.594+0000][101320.960s][info][gc,cpu      ] GC(3923) User=0.15s Sys=0.00s Real=0.03s
[2025-01-08T00:34:10.594+0000][101320.960s][info][gc,marking  ] GC(3923) Concurrent Mark 1180.814ms
[2025-01-08T00:34:10.594+0000][101320.960s][info][gc,marking  ] GC(3923) Concurrent Rebuild Remembered Sets
[2025-01-08T00:34:11.160+0000][101321.526s][info][gc,marking  ] GC(3923) Concurrent Rebuild Remembered Sets 565.598ms
[2025-01-08T00:34:11.160+0000][101321.526s][info][gc,start    ] GC(3923) Pause Cleanup
[2025-01-08T00:34:11.160+0000][101321.526s][info][gc          ] GC(3923) Pause Cleanup 4980M->4980M(12288M) 0.367ms
[2025-01-08T00:34:11.160+0000][101321.526s][info][gc,cpu      ] GC(3923) User=0.00s Sys=0.00s Real=0.00s
[2025-01-08T00:34:11.160+0000][101321.526s][info][gc,marking  ] GC(3923) Concurrent Cleanup for Next Mark
[2025-01-08T00:34:11.176+0000][101321.542s][info][gc,marking  ] GC(3923) Concurrent Cleanup for Next Mark 15.729ms
[2025-01-08T00:34:11.176+0000][101321.542s][info][gc          ] GC(3923) Concurrent Mark Cycle 1788.664ms
[2025-01-08T00:34:13.740+0000][101324.106s][info][gc,start    ] GC(3924) Pause Young (Prepare Mixed) (G1 Evacuation Pause)
[2025-01-08T00:34:13.740+0000][101324.106s][info][gc,task     ] GC(3924) Using 6 workers of 6 for evacuation
[2025-01-08T00:34:13.769+0000][101324.135s][info][gc,phases   ] GC(3924)   Pre Evacuate Collection Set: 0.2ms
[2025-01-08T00:34:13.769+0000][101324.135s][info][gc,phases   ] GC(3924)   Merge Heap Roots: 0.6ms
[2025-01-08T00:34:13.769+0000][101324.135s][info][gc,phases   ] GC(3924)   Evacuate Collection Set: 24.2ms
[2025-01-08T00:34:13.769+0000][101324.135s][info][gc,phases   ] GC(3924)   Post Evacuate Collection Set: 3.1ms
[2025-01-08T00:34:13.769+0000][101324.135s][info][gc,phases   ] GC(3924)   Other: 0.2ms
[2025-01-08T00:34:13.769+0000][101324.135s][info][gc,heap     ] GC(3924) Eden regions: 906->0(68)
[2025-01-08T00:34:13.769+0000][101324.135s][info][gc,heap     ] GC(3924) Survivor regions: 11->8(115)
[2025-01-08T00:34:13.769+0000][101324.135s][info][gc,heap     ] GC(3924) Old regions: 245->245
[2025-01-08T00:34:13.769+0000][101324.135s][info][gc,heap     ] GC(3924) Archive regions: 2->2
[2025-01-08T00:34:13.769+0000][101324.135s][info][gc,heap     ] GC(3924) Humongous regions: 49->49
[2025-01-08T00:34:13.769+0000][101324.135s][info][gc,metaspace] GC(3924) Metaspace: 506075K(514944K)->506075K(514944K) NonClass: 444470K(448960K)->444470K(448960K) Class: 61605K(65984K)->61605K(65984K)
[2025-01-08T00:34:13.769+0000][101324.135s][info][gc          ] GC(3924) Pause Young (Prepare Mixed) (G1 Evacuation Pause) 9688M->2418M(12288M) 28.461ms
[2025-01-08T00:34:13.769+0000][101324.135s][info][gc,cpu      ] GC(3924) User=0.16s Sys=0.01s Real=0.03s
[2025-01-08T00:34:14.153+0000][101324.519s][info][gc,start    ] GC(3925) Pause Young (Mixed) (G1 Evacuation Pause)
[2025-01-08T00:34:14.153+0000][101324.519s][info][gc,task     ] GC(3925) Using 6 workers of 6 for evacuation
[2025-01-08T00:34:14.197+0000][101324.563s][info][gc,phases   ] GC(3925)   Pre Evacuate Collection Set: 0.2ms
[2025-01-08T00:34:14.197+0000][101324.563s][info][gc,phases   ] GC(3925)   Merge Heap Roots: 0.5ms
[2025-01-08T00:34:14.197+0000][101324.563s][info][gc,phases   ] GC(3925)   Evacuate Collection Set: 42.0ms
[2025-01-08T00:34:14.197+0000][101324.563s][info][gc,phases   ] GC(3925)   Post Evacuate Collection Set: 1.6ms
[2025-01-08T00:34:14.197+0000][101324.563s][info][gc,phases   ] GC(3925)   Other: 0.2ms
[2025-01-08T00:34:14.197+0000][101324.563s][info][gc,heap     ] GC(3925) Eden regions: 68->0(914)
[2025-01-08T00:34:14.197+0000][101324.563s][info][gc,heap     ] GC(3925) Survivor regions: 8->6(10)
[2025-01-08T00:34:14.197+0000][101324.563s][info][gc,heap     ] GC(3925) Old regions: 245->244
[2025-01-08T00:34:14.197+0000][101324.563s][info][gc,heap     ] GC(3925) Archive regions: 2->2
[2025-01-08T00:34:14.197+0000][101324.563s][info][gc,heap     ] GC(3925) Humongous regions: 49->49
[2025-01-08T00:34:14.197+0000][101324.563s][info][gc,metaspace] GC(3925) Metaspace: 506075K(514944K)->506075K(514944K) NonClass: 444470K(448960K)->444470K(448960K) Class: 61605K(65984K)->61605K(65984K)
[2025-01-08T00:34:14.197+0000][101324.563s][info][gc          ] GC(3925) Pause Young (Mixed) (G1 Evacuation Pause) 2962M->2392M(12288M) 44.502ms
[2025-01-08T00:34:14.197+0000][101324.563s][info][gc,cpu      ] GC(3925) User=0.26s Sys=0.00s Real=0.04s
[2025-01-08T00:34:18.146+0000][101328.512s][info][gc,start    ] GC(3926) Pause Young (Normal) (G1 Evacuation Pause)
[2025-01-08T00:34:18.146+0000][101328.512s][info][gc,task     ] GC(3926) Using 6 workers of 6 for evacuation
[2025-01-08T00:34:18.174+0000][101328.540s][info][gc,phases   ] GC(3926)   Pre Evacuate Collection Set: 0.2ms
[2025-01-08T00:34:18.174+0000][101328.540s][info][gc,phases   ] GC(3926)   Merge Heap Roots: 0.4ms
[2025-01-08T00:34:18.174+0000][101328.540s][info][gc,phases   ] GC(3926)   Evacuate Collection Set: 24.9ms
[2025-01-08T00:34:18.174+0000][101328.540s][info][gc,phases   ] GC(3926)   Post Evacuate Collection Set: 2.6ms
[2025-01-08T00:34:18.174+0000][101328.540s][info][gc,phases   ] GC(3926)   Other: 0.2ms
[2025-01-08T00:34:18.174+0000][101328.540s][info][gc,heap     ] GC(3926) Eden regions: 914->0(913)
[2025-01-08T00:34:18.174+0000][101328.540s][info][gc,heap     ] GC(3926) Survivor regions: 6->7(115)
[2025-01-08T00:34:18.174+0000][101328.540s][info][gc,heap     ] GC(3926) Old regions: 244->244
[2025-01-08T00:34:18.174+0000][101328.540s][info][gc,heap     ] GC(3926) Archive regions: 2->2
[2025-01-08T00:34:18.174+0000][101328.540s][info][gc,heap     ] GC(3926) Humongous regions: 49->49
[2025-01-08T00:34:18.174+0000][101328.540s][info][gc,metaspace] GC(3926) Metaspace: 506075K(514944K)->506075K(514944K) NonClass: 444470K(448960K)->444470K(448960K) Class: 61605K(65984K)->61605K(65984K)
[2025-01-08T00:34:18.174+0000][101328.540s][info][gc          ] GC(3926) Pause Young (Normal) (G1 Evacuation Pause) 9704M->2404M(12288M) 28.411ms
[2025-01-08T00:34:18.174+0000][101328.540s][info][gc,cpu      ] GC(3926) User=0.17s Sys=0.00s Real=0.03s
[2025-01-08T00:34:24.244+0000][101334.610s][info][gc,start    ] GC(3927) Pause Young (Normal) (G1 Evacuation Pause)
[2025-01-08T00:34:24.244+0000][101334.610s][info][gc,task     ] GC(3927) Using 6 workers of 6 for evacuation
[2025-01-08T00:34:24.273+0000][101334.639s][info][gc,phases   ] GC(3927)   Pre Evacuate Collection Set: 0.2ms
[2025-01-08T00:34:24.273+0000][101334.639s][info][gc,phases   ] GC(3927)   Merge Heap Roots: 0.4ms
[2025-01-08T00:34:24.273+0000][101334.639s][info][gc,phases   ] GC(3927)   Evacuate Collection Set: 23.8ms
[2025-01-08T00:34:24.273+0000][101334.639s][info][gc,phases   ] GC(3927)   Post Evacuate Collection Set: 3.9ms
[2025-01-08T00:34:24.273+0000][101334.639s][info][gc,phases   ] GC(3927)   Other: 0.2ms
[2025-01-08T00:34:24.273+0000][101334.639s][info][gc,heap     ] GC(3927) Eden regions: 913->0(912)
[2025-01-08T00:34:24.273+0000][101334.639s][info][gc,heap     ] GC(3927) Survivor regions: 7->8(115)
[2025-01-08T00:34:24.273+0000][101334.639s][info][gc,heap     ] GC(3927) Old regions: 244->244
[2025-01-08T00:34:24.273+0000][101334.639s][info][gc,heap     ] GC(3927) Archive regions: 2->2
[2025-01-08T00:34:24.273+0000][101334.639s][info][gc,heap     ] GC(3927) Humongous regions: 49->49
[2025-01-08T00:34:24.273+0000][101334.639s][info][gc,metaspace] GC(3927) Metaspace: 506075K(514944K)->506075K(514944K) NonClass: 444470K(448960K)->444470K(448960K) Class: 61605K(65984K)->61605K(65984K)
[2025-01-08T00:34:24.273+0000][101334.639s][info][gc          ] GC(3927) Pause Young (Normal) (G1 Evacuation Pause) 9708M->2412M(12288M) 28.587ms
[2025-01-08T00:34:24.273+0000][101334.639s][info][gc,cpu      ] GC(3927) User=0.17s Sys=0.00s Real=0.03s
[2025-01-08T00:34:29.349+0000][101339.715s][info][gc,start    ] GC(3928) Pause Young (Concurrent Start) (G1 Evacuation Pause)
[2025-01-08T00:34:29.349+0000][101339.715s][info][gc,task     ] GC(3928) Using 6 workers of 6 for evacuation
[2025-01-08T00:34:29.379+0000][101339.745s][info][gc,phases   ] GC(3928)   Pre Evacuate Collection Set: 1.1ms
[2025-01-08T00:34:29.379+0000][101339.745s][info][gc,phases   ] GC(3928)   Merge Heap Roots: 0.5ms
[2025-01-08T00:34:29.379+0000][101339.745s][info][gc,phases   ] GC(3928)   Evacuate Collection Set: 25.0ms
[2025-01-08T00:34:29.379+0000][101339.745s][info][gc,phases   ] GC(3928)   Post Evacuate Collection Set: 2.5ms
[2025-01-08T00:34:29.379+0000][101339.745s][info][gc,phases   ] GC(3928)   Other: 0.3ms
[2025-01-08T00:34:29.379+0000][101339.745s][info][gc,heap     ] GC(3928) Eden regions: 912->0(912)
[2025-01-08T00:34:29.379+0000][101339.745s][info][gc,heap     ] GC(3928) Survivor regions: 8->8(115)
[2025-01-08T00:34:29.379+0000][101339.745s][info][gc,heap     ] GC(3928) Old regions: 244->244
[2025-01-08T00:34:29.379+0000][101339.745s][info][gc,heap     ] GC(3928) Archive regions: 2->2
[2025-01-08T00:34:29.379+0000][101339.745s][info][gc,heap     ] GC(3928) Humongous regions: 49->49
[2025-01-08T00:34:29.379+0000][101339.745s][info][gc,metaspace] GC(3928) Metaspace: 506075K(514944K)->506075K(514944K) NonClass: 444470K(448960K)->444470K(448960K) Class: 61605K(65984K)->61605K(65984K)
[2025-01-08T00:34:29.379+0000][101339.745s][info][gc          ] GC(3928) Pause Young (Concurrent Start) (G1 Evacuation Pause) 9708M->2411M(12288M) 29.510ms
[2025-01-08T00:34:29.379+0000][101339.745s][info][gc,cpu      ] GC(3928) User=0.16s Sys=0.01s Real=0.03s
[2025-01-08T00:34:29.379+0000][101339.745s][info][gc          ] GC(3929) Concurrent Mark Cycle
[2025-01-08T00:34:29.379+0000][101339.745s][info][gc,marking  ] GC(3929) Concurrent Clear Claimed Marks
[2025-01-08T00:34:29.380+0000][101339.746s][info][gc,marking  ] GC(3929) Concurrent Clear Claimed Marks 0.905ms
[2025-01-08T00:34:29.380+0000][101339.746s][info][gc,marking  ] GC(3929) Concurrent Scan Root Regions
[2025-01-08T00:34:29.403+0000][101339.769s][info][gc,marking  ] GC(3929) Concurrent Scan Root Regions 22.829ms
[2025-01-08T00:34:29.403+0000][101339.769s][info][gc,marking  ] GC(3929) Concurrent Mark
[2025-01-08T00:34:29.403+0000][101339.769s][info][gc,marking  ] GC(3929) Concurrent Mark From Roots
[2025-01-08T00:34:29.403+0000][101339.769s][info][gc,task     ] GC(3929) Using 2 workers of 2 for marking
[2025-01-08T00:34:30.500+0000][101340.866s][info][gc,marking  ] GC(3929) Concurrent Mark From Roots 1097.503ms
[2025-01-08T00:34:30.500+0000][101340.866s][info][gc,marking  ] GC(3929) Concurrent Preclean
[2025-01-08T00:34:30.503+0000][101340.869s][info][gc,marking  ] GC(3929) Concurrent Preclean 2.395ms
[2025-01-08T00:34:30.503+0000][101340.869s][info][gc,start    ] GC(3929) Pause Remark
[2025-01-08T00:34:30.529+0000][101340.895s][info][gc          ] GC(3929) Pause Remark 3827M->3827M(12288M) 26.100ms
[2025-01-08T00:34:30.529+0000][101340.895s][info][gc,cpu      ] GC(3929) User=0.14s Sys=0.00s Real=0.02s
[2025-01-08T00:34:30.529+0000][101340.895s][info][gc,marking  ] GC(3929) Concurrent Mark 1126.462ms
[2025-01-08T00:34:30.529+0000][101340.895s][info][gc,marking  ] GC(3929) Concurrent Rebuild Remembered Sets
[2025-01-08T00:34:31.293+0000][101341.659s][info][gc,marking  ] GC(3929) Concurrent Rebuild Remembered Sets 763.411ms
[2025-01-08T00:34:31.293+0000][101341.659s][info][gc,start    ] GC(3929) Pause Cleanup
[2025-01-08T00:34:31.293+0000][101341.659s][info][gc          ] GC(3929) Pause Cleanup 4915M->4915M(12288M) 0.353ms
[2025-01-08T00:34:31.293+0000][101341.659s][info][gc,cpu      ] GC(3929) User=0.00s Sys=0.00s Real=0.00s
[2025-01-08T00:34:31.293+0000][101341.659s][info][gc,marking  ] GC(3929) Concurrent Cleanup for Next Mark
[2025-01-08T00:34:31.321+0000][101341.687s][info][gc,marking  ] GC(3929) Concurrent Cleanup for Next Mark 28.294ms
[2025-01-08T00:34:31.321+0000][101341.688s][info][gc          ] GC(3929) Concurrent Mark Cycle 1942.647ms
[2025-01-08T00:34:35.833+0000][101346.199s][info][gc,start    ] GC(3930) Pause Young (Prepare Mixed) (G1 Evacuation Pause)
[2025-01-08T00:34:35.833+0000][101346.199s][info][gc,task     ] GC(3930) Using 6 workers of 6 for evacuation
[2025-01-08T00:34:35.867+0000][101346.233s][info][gc,phases   ] GC(3930)   Pre Evacuate Collection Set: 0.2ms
[2025-01-08T00:34:35.867+0000][101346.233s][info][gc,phases   ] GC(3930)   Merge Heap Roots: 0.7ms
[2025-01-08T00:34:35.867+0000][101346.233s][info][gc,phases   ] GC(3930)   Evacuate Collection Set: 29.9ms
[2025-01-08T00:34:35.867+0000][101346.233s][info][gc,phases   ] GC(3930)   Post Evacuate Collection Set: 2.8ms
[2025-01-08T00:34:35.867+0000][101346.233s][info][gc,phases   ] GC(3930)   Other: 0.2ms
[2025-01-08T00:34:35.867+0000][101346.233s][info][gc,heap     ] GC(3930) Eden regions: 912->0(66)
[2025-01-08T00:34:35.867+0000][101346.233s][info][gc,heap     ] GC(3930) Survivor regions: 8->10(115)
[2025-01-08T00:34:35.867+0000][101346.233s][info][gc,heap     ] GC(3930) Old regions: 244->244
[2025-01-08T00:34:35.867+0000][101346.233s][info][gc,heap     ] GC(3930) Archive regions: 2->2
[2025-01-08T00:34:35.867+0000][101346.233s][info][gc,heap     ] GC(3930) Humongous regions: 49->49
[2025-01-08T00:34:35.867+0000][101346.233s][info][gc,metaspace] GC(3930) Metaspace: 506075K(514944K)->506075K(514944K) NonClass: 444470K(448960K)->444470K(448960K) Class: 61605K(65984K)->61605K(65984K)
[2025-01-08T00:34:35.867+0000][101346.233s][info][gc          ] GC(3930) Pause Young (Prepare Mixed) (G1 Evacuation Pause) 9707M->2426M(12288M) 33.939ms
[2025-01-08T00:34:35.867+0000][101346.233s][info][gc,cpu      ] GC(3930) User=0.20s Sys=0.00s Real=0.03s
[2025-01-08T00:34:36.151+0000][101346.517s][info][gc,start    ] GC(3931) Pause Young (Mixed) (G1 Evacuation Pause)
[2025-01-08T00:34:36.151+0000][101346.517s][info][gc,task     ] GC(3931) Using 6 workers of 6 for evacuation
[2025-01-08T00:34:36.206+0000][101346.572s][info][gc,phases   ] GC(3931)   Pre Evacuate Collection Set: 0.2ms
[2025-01-08T00:34:36.206+0000][101346.572s][info][gc,phases   ] GC(3931)   Merge Heap Roots: 0.5ms
[2025-01-08T00:34:36.206+0000][101346.572s][info][gc,phases   ] GC(3931)   Evacuate Collection Set: 51.8ms
[2025-01-08T00:34:36.206+0000][101346.572s][info][gc,phases   ] GC(3931)   Post Evacuate Collection Set: 1.9ms
[2025-01-08T00:34:36.206+0000][101346.572s][info][gc,phases   ] GC(3931)   Other: 0.2ms
[2025-01-08T00:34:36.206+0000][101346.572s][info][gc,heap     ] GC(3931) Eden regions: 66->0(913)
[2025-01-08T00:34:36.206+0000][101346.572s][info][gc,heap     ] GC(3931) Survivor regions: 10->6(10)
[2025-01-08T00:34:36.206+0000][101346.572s][info][gc,heap     ] GC(3931) Old regions: 244->245
[2025-01-08T00:34:36.206+0000][101346.572s][info][gc,heap     ] GC(3931) Archive regions: 2->2
[2025-01-08T00:34:36.206+0000][101346.572s][info][gc,heap     ] GC(3931) Humongous regions: 49->49
[2025-01-08T00:34:36.206+0000][101346.572s][info][gc,metaspace] GC(3931) Metaspace: 506075K(514944K)->506075K(514944K) NonClass: 444470K(448960K)->444470K(448960K) Class: 61605K(65984K)->61605K(65984K)
[2025-01-08T00:34:36.206+0000][101346.572s][info][gc          ] GC(3931) Pause Young (Mixed) (G1 Evacuation Pause) 2954M->2406M(12288M) 54.714ms
[2025-01-08T00:34:36.206+0000][101346.572s][info][gc,cpu      ] GC(3931) User=0.32s Sys=0.00s Real=0.05s
[2025-01-08T00:34:42.967+0000][101353.333s][info][gc,start    ] GC(3932) Pause Young (Normal) (G1 Evacuation Pause)
[2025-01-08T00:34:42.967+0000][101353.333s][info][gc,task     ] GC(3932) Using 6 workers of 6 for evacuation
[2025-01-08T00:34:42.991+0000][101353.358s][info][gc,phases   ] GC(3932)   Pre Evacuate Collection Set: 0.2ms
[2025-01-08T00:34:42.991+0000][101353.358s][info][gc,phases   ] GC(3932)   Merge Heap Roots: 0.4ms
[2025-01-08T00:34:42.991+0000][101353.358s][info][gc,phases   ] GC(3932)   Evacuate Collection Set: 21.4ms
[2025-01-08T00:34:42.991+0000][101353.358s][info][gc,phases   ] GC(3932)   Post Evacuate Collection Set: 2.5ms
[2025-01-08T00:34:42.991+0000][101353.358s][info][gc,phases   ] GC(3932)   Other: 0.2ms
[2025-01-08T00:34:42.991+0000][101353.358s][info][gc,heap     ] GC(3932) Eden regions: 913->0(913)
[2025-01-08T00:34:42.991+0000][101353.358s][info][gc,heap     ] GC(3932) Survivor regions: 6->7(115)
[2025-01-08T00:34:42.991+0000][101353.358s][info][gc,heap     ] GC(3932) Old regions: 245->245
[2025-01-08T00:34:42.992+0000][101353.358s][info][gc,heap     ] GC(3932) Archive regions: 2->2
[2025-01-08T00:34:42.992+0000][101353.358s][info][gc,heap     ] GC(3932) Humongous regions: 49->49
[2025-01-08T00:34:42.992+0000][101353.358s][info][gc,metaspace] GC(3932) Metaspace: 506077K(514944K)->506077K(514944K) NonClass: 444472K(448960K)->444472K(448960K) Class: 61605K(65984K)->61605K(65984K)
[2025-01-08T00:34:42.992+0000][101353.358s][info][gc          ] GC(3932) Pause Young (Normal) (G1 Evacuation Pause) 9710M->2411M(12288M) 24.829ms
[2025-01-08T00:34:42.992+0000][101353.358s][info][gc,cpu      ] GC(3932) User=0.14s Sys=0.00s Real=0.03s
[2025-01-08T00:34:52.426+0000][101362.793s][info][gc,start    ] GC(3933) Pause Young (Normal) (G1 Evacuation Pause)
[2025-01-08T00:34:52.427+0000][101362.793s][info][gc,task     ] GC(3933) Using 6 workers of 6 for evacuation
[2025-01-08T00:34:52.462+0000][101362.828s][info][gc,phases   ] GC(3933)   Pre Evacuate Collection Set: 0.2ms
[2025-01-08T00:34:52.462+0000][101362.829s][info][gc,phases   ] GC(3933)   Merge Heap Roots: 0.5ms
[2025-01-08T00:34:52.462+0000][101362.829s][info][gc,phases   ] GC(3933)   Evacuate Collection Set: 32.3ms
[2025-01-08T00:34:52.462+0000][101362.829s][info][gc,phases   ] GC(3933)   Post Evacuate Collection Set: 2.8ms
[2025-01-08T00:34:52.462+0000][101362.829s][info][gc,phases   ] GC(3933)   Other: 0.2ms
[2025-01-08T00:34:52.462+0000][101362.829s][info][gc,heap     ] GC(3933) Eden regions: 913->0(908)
[2025-01-08T00:34:52.462+0000][101362.829s][info][gc,heap     ] GC(3933) Survivor regions: 7->10(115)
[2025-01-08T00:34:52.462+0000][101362.829s][info][gc,heap     ] GC(3933) Old regions: 245->245
[2025-01-08T00:34:52.462+0000][101362.829s][info][gc,heap     ] GC(3933) Archive regions: 2->2
[2025-01-08T00:34:52.462+0000][101362.829s][info][gc,heap     ] GC(3933) Humongous regions: 49->49
[2025-01-08T00:34:52.462+0000][101362.829s][info][gc,metaspace] GC(3933) Metaspace: 506120K(514944K)->506120K(514944K) NonClass: 444514K(448960K)->444514K(448960K) Class: 61605K(65984K)->61605K(65984K)
[2025-01-08T00:34:52.462+0000][101362.829s][info][gc          ] GC(3933) Pause Young (Normal) (G1 Evacuation Pause) 9715M->2433M(12288M) 36.002ms
[2025-01-08T00:34:52.463+0000][101362.829s][info][gc,cpu      ] GC(3933) User=0.21s Sys=0.00s Real=0.04s
[2025-01-08T00:35:00.885+0000][101371.251s][info][gc,start    ] GC(3934) Pause Young (Concurrent Start) (G1 Evacuation Pause)
[2025-01-08T00:35:00.885+0000][101371.251s][info][gc,task     ] GC(3934) Using 6 workers of 6 for evacuation
[2025-01-08T00:35:00.922+0000][101371.288s][info][gc,phases   ] GC(3934)   Pre Evacuate Collection Set: 1.1ms
[2025-01-08T00:35:00.922+0000][101371.288s][info][gc,phases   ] GC(3934)   Merge Heap Roots: 0.5ms
[2025-01-08T00:35:00.922+0000][101371.288s][info][gc,phases   ] GC(3934)   Evacuate Collection Set: 31.8ms
[2025-01-08T00:35:00.922+0000][101371.288s][info][gc,phases   ] GC(3934)   Post Evacuate Collection Set: 2.7ms
[2025-01-08T00:35:00.922+0000][101371.288s][info][gc,phases   ] GC(3934)   Other: 0.3ms
[2025-01-08T00:35:00.922+0000][101371.288s][info][gc,heap     ] GC(3934) Eden regions: 908->0(908)
[2025-01-08T00:35:00.922+0000][101371.288s][info][gc,heap     ] GC(3934) Survivor regions: 10->10(115)
[2025-01-08T00:35:00.922+0000][101371.288s][info][gc,heap     ] GC(3934) Old regions: 245->245
[2025-01-08T00:35:00.922+0000][101371.288s][info][gc,heap     ] GC(3934) Archive regions: 2->2
[2025-01-08T00:35:00.922+0000][101371.288s][info][gc,heap     ] GC(3934) Humongous regions: 49->49
[2025-01-08T00:35:00.922+0000][101371.288s][info][gc,metaspace] GC(3934) Metaspace: 506122K(514944K)->506122K(514944K) NonClass: 444516K(448960K)->444516K(448960K) Class: 61605K(65984K)->61605K(65984K)
[2025-01-08T00:35:00.922+0000][101371.288s][info][gc          ] GC(3934) Pause Young (Concurrent Start) (G1 Evacuation Pause) 9697M->2437M(12288M) 36.469ms
[2025-01-08T00:35:00.922+0000][101371.288s][info][gc,cpu      ] GC(3934) User=0.21s Sys=0.00s Real=0.04s
[2025-01-08T00:35:00.922+0000][101371.288s][info][gc          ] GC(3935) Concurrent Mark Cycle
[2025-01-08T00:35:00.922+0000][101371.288s][info][gc,marking  ] GC(3935) Concurrent Clear Claimed Marks
[2025-01-08T00:35:00.923+0000][101371.289s][info][gc,marking  ] GC(3935) Concurrent Clear Claimed Marks 0.956ms
[2025-01-08T00:35:00.923+0000][101371.289s][info][gc,marking  ] GC(3935) Concurrent Scan Root Regions
[2025-01-08T00:35:00.954+0000][101371.320s][info][gc,marking  ] GC(3935) Concurrent Scan Root Regions 31.396ms
[2025-01-08T00:35:00.954+0000][101371.320s][info][gc,marking  ] GC(3935) Concurrent Mark
[2025-01-08T00:35:00.954+0000][101371.320s][info][gc,marking  ] GC(3935) Concurrent Mark From Roots
[2025-01-08T00:35:00.954+0000][101371.320s][info][gc,task     ] GC(3935) Using 2 workers of 2 for marking
[2025-01-08T00:35:02.234+0000][101372.600s][info][gc,marking  ] GC(3935) Concurrent Mark From Roots 1279.586ms
[2025-01-08T00:35:02.234+0000][101372.600s][info][gc,marking  ] GC(3935) Concurrent Preclean
[2025-01-08T00:35:02.236+0000][101372.602s][info][gc,marking  ] GC(3935) Concurrent Preclean 2.249ms
[2025-01-08T00:35:02.236+0000][101372.602s][info][gc,start    ] GC(3935) Pause Remark
[2025-01-08T00:35:02.262+0000][101372.628s][info][gc          ] GC(3935) Pause Remark 4369M->4369M(12288M) 25.811ms
[2025-01-08T00:35:02.262+0000][101372.628s][info][gc,cpu      ] GC(3935) User=0.14s Sys=0.00s Real=0.03s
[2025-01-08T00:35:02.262+0000][101372.628s][info][gc,marking  ] GC(3935) Concurrent Mark 1308.008ms
[2025-01-08T00:35:02.262+0000][101372.628s][info][gc,marking  ] GC(3935) Concurrent Rebuild Remembered Sets
[2025-01-08T00:35:02.836+0000][101373.203s][info][gc,marking  ] GC(3935) Concurrent Rebuild Remembered Sets 574.136ms
[2025-01-08T00:35:02.837+0000][101373.203s][info][gc,start    ] GC(3935) Pause Cleanup
[2025-01-08T00:35:02.837+0000][101373.203s][info][gc          ] GC(3935) Pause Cleanup 5057M->5057M(12288M) 0.352ms
[2025-01-08T00:35:02.837+0000][101373.203s][info][gc,cpu      ] GC(3935) User=0.00s Sys=0.00s Real=0.00s
[2025-01-08T00:35:02.837+0000][101373.203s][info][gc,marking  ] GC(3935) Concurrent Cleanup for Next Mark
[2025-01-08T00:35:02.854+0000][101373.220s][info][gc,marking  ] GC(3935) Concurrent Cleanup for Next Mark 16.675ms
[2025-01-08T00:35:02.854+0000][101373.220s][info][gc          ] GC(3935) Concurrent Mark Cycle 1931.944ms
[2025-01-08T00:35:05.943+0000][101376.309s][info][gc,start    ] GC(3936) Pause Young (Prepare Mixed) (G1 Evacuation Pause)
[2025-01-08T00:35:05.943+0000][101376.309s][info][gc,task     ] GC(3936) Using 6 workers of 6 for evacuation
[2025-01-08T00:35:05.988+0000][101376.354s][info][gc,phases   ] GC(3936)   Pre Evacuate Collection Set: 0.2ms
[2025-01-08T00:35:05.988+0000][101376.354s][info][gc,phases   ] GC(3936)   Merge Heap Roots: 0.8ms
[2025-01-08T00:35:05.988+0000][101376.354s][info][gc,phases   ] GC(3936)   Evacuate Collection Set: 37.7ms
[2025-01-08T00:35:05.988+0000][101376.354s][info][gc,phases   ] GC(3936)   Post Evacuate Collection Set: 5.9ms
[2025-01-08T00:35:05.988+0000][101376.354s][info][gc,phases   ] GC(3936)   Other: 0.2ms
[2025-01-08T00:35:05.988+0000][101376.354s][info][gc,heap     ] GC(3936) Eden regions: 908->0(63)
[2025-01-08T00:35:05.988+0000][101376.354s][info][gc,heap     ] GC(3936) Survivor regions: 10->13(115)
[2025-01-08T00:35:05.988+0000][101376.354s][info][gc,heap     ] GC(3936) Old regions: 245->245
[2025-01-08T00:35:05.988+0000][101376.354s][info][gc,heap     ] GC(3936) Archive regions: 2->2
[2025-01-08T00:35:05.988+0000][101376.354s][info][gc,heap     ] GC(3936) Humongous regions: 49->49
[2025-01-08T00:35:05.988+0000][101376.354s][info][gc,metaspace] GC(3936) Metaspace: 506131K(514944K)->506131K(514944K) NonClass: 444526K(448960K)->444526K(448960K) Class: 61605K(65984K)->61605K(65984K)
[2025-01-08T00:35:05.988+0000][101376.354s][info][gc          ] GC(3936) Pause Young (Prepare Mixed) (G1 Evacuation Pause) 9701M->2457M(12288M) 44.929ms
[2025-01-08T00:35:05.988+0000][101376.354s][info][gc,cpu      ] GC(3936) User=0.26s Sys=0.00s Real=0.04s
[2025-01-08T00:35:06.260+0000][101376.626s][info][gc,start    ] GC(3937) Pause Young (Mixed) (G1 Evacuation Pause)
[2025-01-08T00:35:06.260+0000][101376.627s][info][gc,task     ] GC(3937) Using 6 workers of 6 for evacuation
[2025-01-08T00:35:06.324+0000][101376.690s][info][gc,phases   ] GC(3937)   Pre Evacuate Collection Set: 0.2ms
[2025-01-08T00:35:06.324+0000][101376.690s][info][gc,phases   ] GC(3937)   Merge Heap Roots: 0.6ms
[2025-01-08T00:35:06.324+0000][101376.691s][info][gc,phases   ] GC(3937)   Evacuate Collection Set: 61.3ms
[2025-01-08T00:35:06.324+0000][101376.691s][info][gc,phases   ] GC(3937)   Post Evacuate Collection Set: 1.7ms
[2025-01-08T00:35:06.324+0000][101376.691s][info][gc,phases   ] GC(3937)   Other: 0.2ms
[2025-01-08T00:35:06.324+0000][101376.691s][info][gc,heap     ] GC(3937) Eden regions: 63->0(908)
[2025-01-08T00:35:06.324+0000][101376.691s][info][gc,heap     ] GC(3937) Survivor regions: 13->4(10)
[2025-01-08T00:35:06.324+0000][101376.691s][info][gc,heap     ] GC(3937) Old regions: 245->250
[2025-01-08T00:35:06.324+0000][101376.691s][info][gc,heap     ] GC(3937) Archive regions: 2->2
[2025-01-08T00:35:06.324+0000][101376.691s][info][gc,heap     ] GC(3937) Humongous regions: 49->49
[2025-01-08T00:35:06.324+0000][101376.691s][info][gc,metaspace] GC(3937) Metaspace: 506131K(514944K)->506131K(514944K) NonClass: 444526K(448960K)->444526K(448960K) Class: 61605K(65984K)->61605K(65984K)
[2025-01-08T00:35:06.324+0000][101376.691s][info][gc          ] GC(3937) Pause Young (Mixed) (G1 Evacuation Pause) 2961M->2423M(12288M) 64.105ms
[2025-01-08T00:35:06.325+0000][101376.691s][info][gc,cpu      ] GC(3937) User=0.37s Sys=0.00s Real=0.07s
[2025-01-08T00:35:12.312+0000][101382.678s][info][gc,start    ] GC(3938) Pause Young (Normal) (G1 Evacuation Pause)
[2025-01-08T00:35:12.312+0000][101382.678s][info][gc,task     ] GC(3938) Using 6 workers of 6 for evacuation
[2025-01-08T00:35:12.333+0000][101382.699s][info][gc,phases   ] GC(3938)   Pre Evacuate Collection Set: 0.2ms
[2025-01-08T00:35:12.333+0000][101382.699s][info][gc,phases   ] GC(3938)   Merge Heap Roots: 0.4ms
[2025-01-08T00:35:12.333+0000][101382.699s][info][gc,phases   ] GC(3938)   Evacuate Collection Set: 18.4ms
[2025-01-08T00:35:12.333+0000][101382.699s][info][gc,phases   ] GC(3938)   Post Evacuate Collection Set: 2.5ms
[2025-01-08T00:35:12.333+0000][101382.699s][info][gc,phases   ] GC(3938)   Other: 0.2ms
[2025-01-08T00:35:12.333+0000][101382.699s][info][gc,heap     ] GC(3938) Eden regions: 908->0(908)
[2025-01-08T00:35:12.333+0000][101382.699s][info][gc,heap     ] GC(3938) Survivor regions: 4->5(114)
[2025-01-08T00:35:12.333+0000][101382.699s][info][gc,heap     ] GC(3938) Old regions: 250->250
[2025-01-08T00:35:12.333+0000][101382.699s][info][gc,heap     ] GC(3938) Archive regions: 2->2
[2025-01-08T00:35:12.333+0000][101382.699s][info][gc,heap     ] GC(3938) Humongous regions: 49->49
[2025-01-08T00:35:12.333+0000][101382.699s][info][gc,metaspace] GC(3938) Metaspace: 506131K(514944K)->506131K(514944K) NonClass: 444526K(448960K)->444526K(448960K) Class: 61605K(65984K)->61605K(65984K)
[2025-01-08T00:35:12.333+0000][101382.699s][info][gc          ] GC(3938) Pause Young (Normal) (G1 Evacuation Pause) 9687M->2430M(12288M) 21.664ms
[2025-01-08T00:35:12.333+0000][101382.700s][info][gc,cpu      ] GC(3938) User=0.12s Sys=0.00s Real=0.02s
[2025-01-08T00:35:17.245+0000][101387.611s][info][gc,start    ] GC(3939) Pause Young (Normal) (G1 Evacuation Pause)
[2025-01-08T00:35:17.245+0000][101387.611s][info][gc,task     ] GC(3939) Using 6 workers of 6 for evacuation
[2025-01-08T00:35:17.268+0000][101387.635s][info][gc,phases   ] GC(3939)   Pre Evacuate Collection Set: 0.2ms
[2025-01-08T00:35:17.268+0000][101387.635s][info][gc,phases   ] GC(3939)   Merge Heap Roots: 0.4ms
[2025-01-08T00:35:17.268+0000][101387.635s][info][gc,phases   ] GC(3939)   Evacuate Collection Set: 18.7ms
[2025-01-08T00:35:17.268+0000][101387.635s][info][gc,phases   ] GC(3939)   Post Evacuate Collection Set: 3.8ms
[2025-01-08T00:35:17.268+0000][101387.635s][info][gc,phases   ] GC(3939)   Other: 0.2ms
[2025-01-08T00:35:17.268+0000][101387.635s][info][gc,heap     ] GC(3939) Eden regions: 908->0(907)
[2025-01-08T00:35:17.268+0000][101387.635s][info][gc,heap     ] GC(3939) Survivor regions: 5->6(115)
[2025-01-08T00:35:17.268+0000][101387.635s][info][gc,heap     ] GC(3939) Old regions: 250->250
[2025-01-08T00:35:17.268+0000][101387.635s][info][gc,heap     ] GC(3939) Archive regions: 2->2
[2025-01-08T00:35:17.269+0000][101387.635s][info][gc,heap     ] GC(3939) Humongous regions: 49->49
[2025-01-08T00:35:17.269+0000][101387.635s][info][gc,metaspace] GC(3939) Metaspace: 506133K(514944K)->506133K(514944K) NonClass: 444528K(448960K)->444528K(448960K) Class: 61605K(65984K)->61605K(65984K)
[2025-01-08T00:35:17.269+0000][101387.635s][info][gc          ] GC(3939) Pause Young (Normal) (G1 Evacuation Pause) 9694M->2439M(12288M) 23.395ms
[2025-01-08T00:35:17.269+0000][101387.635s][info][gc,cpu      ] GC(3939) User=0.13s Sys=0.00s Real=0.02s
[2025-01-08T00:35:24.577+0000][101394.943s][info][gc,start    ] GC(3940) Pause Young (Concurrent Start) (G1 Evacuation Pause)
[2025-01-08T00:35:24.577+0000][101394.943s][info][gc,task     ] GC(3940) Using 6 workers of 6 for evacuation
[2025-01-08T00:35:24.604+0000][101394.970s][info][gc,phases   ] GC(3940)   Pre Evacuate Collection Set: 1.1ms
[2025-01-08T00:35:24.604+0000][101394.970s][info][gc,phases   ] GC(3940)   Merge Heap Roots: 0.4ms
[2025-01-08T00:35:24.604+0000][101394.970s][info][gc,phases   ] GC(3940)   Evacuate Collection Set: 22.8ms
[2025-01-08T00:35:24.604+0000][101394.970s][info][gc,phases   ] GC(3940)   Post Evacuate Collection Set: 2.5ms
[2025-01-08T00:35:24.604+0000][101394.970s][info][gc,phases   ] GC(3940)   Other: 0.3ms
[2025-01-08T00:35:24.604+0000][101394.970s][info][gc,heap     ] GC(3940) Eden regions: 907->0(910)
[2025-01-08T00:35:24.604+0000][101394.970s][info][gc,heap     ] GC(3940) Survivor regions: 6->5(115)
[2025-01-08T00:35:24.604+0000][101394.970s][info][gc,heap     ] GC(3940) Old regions: 250->250
[2025-01-08T00:35:24.604+0000][101394.970s][info][gc,heap     ] GC(3940) Archive regions: 2->2
[2025-01-08T00:35:24.604+0000][101394.970s][info][gc,heap     ] GC(3940) Humongous regions: 49->49
[2025-01-08T00:35:24.604+0000][101394.970s][info][gc,metaspace] GC(3940) Metaspace: 506133K(514944K)->506133K(514944K) NonClass: 444528K(448960K)->444528K(448960K) Class: 61605K(65984K)->61605K(65984K)
[2025-01-08T00:35:24.604+0000][101394.970s][info][gc          ] GC(3940) Pause Young (Concurrent Start) (G1 Evacuation Pause) 9695M->2431M(12288M) 27.188ms
[2025-01-08T00:35:24.604+0000][101394.970s][info][gc,cpu      ] GC(3940) User=0.15s Sys=0.00s Real=0.03s
[2025-01-08T00:35:24.604+0000][101394.970s][info][gc          ] GC(3941) Concurrent Mark Cycle
[2025-01-08T00:35:24.604+0000][101394.970s][info][gc,marking  ] GC(3941) Concurrent Clear Claimed Marks
[2025-01-08T00:35:24.605+0000][101394.971s][info][gc,marking  ] GC(3941) Concurrent Clear Claimed Marks 0.906ms
[2025-01-08T00:35:24.605+0000][101394.971s][info][gc,marking  ] GC(3941) Concurrent Scan Root Regions
[2025-01-08T00:35:24.624+0000][101394.990s][info][gc,marking  ] GC(3941) Concurrent Scan Root Regions 18.326ms
[2025-01-08T00:35:24.624+0000][101394.990s][info][gc,marking  ] GC(3941) Concurrent Mark
[2025-01-08T00:35:24.624+0000][101394.990s][info][gc,marking  ] GC(3941) Concurrent Mark From Roots
[2025-01-08T00:35:24.624+0000][101394.990s][info][gc,task     ] GC(3941) Using 2 workers of 2 for marking
[2025-01-08T00:35:25.729+0000][101396.095s][info][gc,marking  ] GC(3941) Concurrent Mark From Roots 1105.173ms
[2025-01-08T00:35:25.729+0000][101396.095s][info][gc,marking  ] GC(3941) Concurrent Preclean
[2025-01-08T00:35:25.731+0000][101396.097s][info][gc,marking  ] GC(3941) Concurrent Preclean 2.210ms
[2025-01-08T00:35:25.731+0000][101396.097s][info][gc,start    ] GC(3941) Pause Remark
[2025-01-08T00:35:25.757+0000][101396.123s][info][gc          ] GC(3941) Pause Remark 3919M->3919M(12288M) 25.797ms
[2025-01-08T00:35:25.757+0000][101396.123s][info][gc,cpu      ] GC(3941) User=0.15s Sys=0.00s Real=0.02s
[2025-01-08T00:35:25.757+0000][101396.123s][info][gc,marking  ] GC(3941) Concurrent Mark 1133.508ms
[2025-01-08T00:35:25.757+0000][101396.123s][info][gc,marking  ] GC(3941) Concurrent Rebuild Remembered Sets
[2025-01-08T00:35:26.254+0000][101396.620s][info][gc,marking  ] GC(3941) Concurrent Rebuild Remembered Sets 497.096ms
[2025-01-08T00:35:26.254+0000][101396.620s][info][gc,start    ] GC(3941) Pause Cleanup
[2025-01-08T00:35:26.255+0000][101396.621s][info][gc          ] GC(3941) Pause Cleanup 4299M->4299M(12288M) 0.360ms
[2025-01-08T00:35:26.255+0000][101396.621s][info][gc,cpu      ] GC(3941) User=0.00s Sys=0.00s Real=0.00s
[2025-01-08T00:35:26.255+0000][101396.621s][info][gc,marking  ] GC(3941) Concurrent Cleanup for Next Mark
[2025-01-08T00:35:26.270+0000][101396.636s][info][gc,marking  ] GC(3941) Concurrent Cleanup for Next Mark 15.416ms
[2025-01-08T00:35:26.270+0000][101396.636s][info][gc          ] GC(3941) Concurrent Mark Cycle 1665.969ms
[2025-01-08T00:35:30.005+0000][101400.371s][info][gc,start    ] GC(3942) Pause Young (Prepare Mixed) (G1 Evacuation Pause)
[2025-01-08T00:35:30.005+0000][101400.371s][info][gc,task     ] GC(3942) Using 6 workers of 6 for evacuation
[2025-01-08T00:35:30.034+0000][101400.401s][info][gc,phases   ] GC(3942)   Pre Evacuate Collection Set: 0.2ms
[2025-01-08T00:35:30.034+0000][101400.401s][info][gc,phases   ] GC(3942)   Merge Heap Roots: 0.7ms
[2025-01-08T00:35:30.034+0000][101400.401s][info][gc,phases   ] GC(3942)   Evacuate Collection Set: 25.7ms
[2025-01-08T00:35:30.034+0000][101400.401s][info][gc,phases   ] GC(3942)   Post Evacuate Collection Set: 2.6ms
[2025-01-08T00:35:30.034+0000][101400.401s][info][gc,phases   ] GC(3942)   Other: 0.2ms
[2025-01-08T00:35:30.035+0000][101400.401s][info][gc,heap     ] GC(3942) Eden regions: 910->0(68)
[2025-01-08T00:35:30.035+0000][101400.401s][info][gc,heap     ] GC(3942) Survivor regions: 5->8(115)
[2025-01-08T00:35:30.035+0000][101400.401s][info][gc,heap     ] GC(3942) Old regions: 250->250
[2025-01-08T00:35:30.035+0000][101400.401s][info][gc,heap     ] GC(3942) Archive regions: 2->2
[2025-01-08T00:35:30.035+0000][101400.401s][info][gc,heap     ] GC(3942) Humongous regions: 49->49
[2025-01-08T00:35:30.035+0000][101400.401s][info][gc,metaspace] GC(3942) Metaspace: 506133K(514944K)->506133K(514944K) NonClass: 444528K(448960K)->444528K(448960K) Class: 61605K(65984K)->61605K(65984K)
[2025-01-08T00:35:30.035+0000][101400.401s][info][gc          ] GC(3942) Pause Young (Prepare Mixed) (G1 Evacuation Pause) 9711M->2451M(12288M) 29.449ms
[2025-01-08T00:35:30.035+0000][101400.401s][info][gc,cpu      ] GC(3942) User=0.17s Sys=0.00s Real=0.03s
[2025-01-08T00:35:30.322+0000][101400.688s][info][gc,start    ] GC(3943) Pause Young (Mixed) (G1 Evacuation Pause)
[2025-01-08T00:35:30.322+0000][101400.688s][info][gc,task     ] GC(3943) Using 6 workers of 6 for evacuation
[2025-01-08T00:35:30.384+0000][101400.750s][info][gc,phases   ] GC(3943)   Pre Evacuate Collection Set: 0.2ms
[2025-01-08T00:35:30.384+0000][101400.751s][info][gc,phases   ] GC(3943)   Merge Heap Roots: 0.7ms
[2025-01-08T00:35:30.384+0000][101400.751s][info][gc,phases   ] GC(3943)   Evacuate Collection Set: 59.5ms
[2025-01-08T00:35:30.384+0000][101400.751s][info][gc,phases   ] GC(3943)   Post Evacuate Collection Set: 2.1ms
[2025-01-08T00:35:30.384+0000][101400.751s][info][gc,phases   ] GC(3943)   Other: 0.2ms
[2025-01-08T00:35:30.384+0000][101400.751s][info][gc,heap     ] GC(3943) Eden regions: 68->0(909)
[2025-01-08T00:35:30.384+0000][101400.751s][info][gc,heap     ] GC(3943) Survivor regions: 8->6(10)
[2025-01-08T00:35:30.384+0000][101400.751s][info][gc,heap     ] GC(3943) Old regions: 250->249
[2025-01-08T00:35:30.384+0000][101400.751s][info][gc,heap     ] GC(3943) Archive regions: 2->2
[2025-01-08T00:35:30.384+0000][101400.751s][info][gc,heap     ] GC(3943) Humongous regions: 49->49
[2025-01-08T00:35:30.384+0000][101400.751s][info][gc,metaspace] GC(3943) Metaspace: 506133K(514944K)->506133K(514944K) NonClass: 444528K(448960K)->444528K(448960K) Class: 61605K(65984K)->61605K(65984K)
[2025-01-08T00:35:30.384+0000][101400.751s][info][gc          ] GC(3943) Pause Young (Mixed) (G1 Evacuation Pause) 2995M->2432M(12288M) 62.780ms
[2025-01-08T00:35:30.385+0000][101400.751s][info][gc,cpu      ] GC(3943) User=0.36s Sys=0.00s Real=0.06s
[2025-01-08T00:35:35.244+0000][101405.610s][info][gc,start    ] GC(3944) Pause Young (Normal) (G1 Evacuation Pause)
[2025-01-08T00:35:35.244+0000][101405.610s][info][gc,task     ] GC(3944) Using 6 workers of 6 for evacuation
[2025-01-08T00:35:35.268+0000][101405.634s][info][gc,phases   ] GC(3944)   Pre Evacuate Collection Set: 0.2ms
[2025-01-08T00:35:35.268+0000][101405.634s][info][gc,phases   ] GC(3944)   Merge Heap Roots: 0.4ms
[2025-01-08T00:35:35.268+0000][101405.634s][info][gc,phases   ] GC(3944)   Evacuate Collection Set: 20.0ms
[2025-01-08T00:35:35.268+0000][101405.634s][info][gc,phases   ] GC(3944)   Post Evacuate Collection Set: 2.5ms
[2025-01-08T00:35:35.268+0000][101405.634s][info][gc,phases   ] GC(3944)   Other: 0.2ms
[2025-01-08T00:35:35.268+0000][101405.634s][info][gc,heap     ] GC(3944) Eden regions: 909->0(910)
[2025-01-08T00:35:35.268+0000][101405.634s][info][gc,heap     ] GC(3944) Survivor regions: 6->6(115)
[2025-01-08T00:35:35.268+0000][101405.634s][info][gc,heap     ] GC(3944) Old regions: 249->249
[2025-01-08T00:35:35.268+0000][101405.634s][info][gc,heap     ] GC(3944) Archive regions: 2->2
[2025-01-08T00:35:35.268+0000][101405.634s][info][gc,heap     ] GC(3944) Humongous regions: 49->49
[2025-01-08T00:35:35.268+0000][101405.634s][info][gc,metaspace] GC(3944) Metaspace: 506133K(514944K)->506133K(514944K) NonClass: 444528K(448960K)->444528K(448960K) Class: 61605K(65984K)->61605K(65984K)
[2025-01-08T00:35:35.268+0000][101405.634s][info][gc          ] GC(3944) Pause Young (Normal) (G1 Evacuation Pause) 9704M->2435M(12288M) 23.407ms
[2025-01-08T00:35:35.268+0000][101405.634s][info][gc,cpu      ] GC(3944) User=0.13s Sys=0.00s Real=0.02s
[2025-01-08T00:35:41.438+0000][101411.804s][info][gc,start    ] GC(3945) Pause Young (Normal) (G1 Evacuation Pause)
[2025-01-08T00:35:41.438+0000][101411.805s][info][gc,task     ] GC(3945) Using 6 workers of 6 for evacuation
[2025-01-08T00:35:41.464+0000][101411.830s][info][gc,phases   ] GC(3945)   Pre Evacuate Collection Set: 0.2ms
[2025-01-08T00:35:41.464+0000][101411.830s][info][gc,phases   ] GC(3945)   Merge Heap Roots: 0.4ms
[2025-01-08T00:35:41.464+0000][101411.830s][info][gc,phases   ] GC(3945)   Evacuate Collection Set: 22.5ms
[2025-01-08T00:35:41.464+0000][101411.830s][info][gc,phases   ] GC(3945)   Post Evacuate Collection Set: 2.5ms
[2025-01-08T00:35:41.464+0000][101411.830s][info][gc,phases   ] GC(3945)   Other: 0.2ms
[2025-01-08T00:35:41.464+0000][101411.830s][info][gc,heap     ] GC(3945) Eden regions: 910->0(910)
[2025-01-08T00:35:41.464+0000][101411.830s][info][gc,heap     ] GC(3945) Survivor regions: 6->7(115)
[2025-01-08T00:35:41.464+0000][101411.830s][info][gc,heap     ] GC(3945) Old regions: 249->249
[2025-01-08T00:35:41.464+0000][101411.830s][info][gc,heap     ] GC(3945) Archive regions: 2->2
[2025-01-08T00:35:41.464+0000][101411.830s][info][gc,heap     ] GC(3945) Humongous regions: 49->49
[2025-01-08T00:35:41.464+0000][101411.830s][info][gc,metaspace] GC(3945) Metaspace: 506133K(514944K)->506133K(514944K) NonClass: 444528K(448960K)->444528K(448960K) Class: 61605K(65984K)->61605K(65984K)
[2025-01-08T00:35:41.464+0000][101411.831s][info][gc          ] GC(3945) Pause Young (Normal) (G1 Evacuation Pause) 9715M->2443M(12288M) 26.012ms
[2025-01-08T00:35:41.464+0000][101411.831s][info][gc,cpu      ] GC(3945) User=0.15s Sys=0.00s Real=0.03s
[2025-01-08T00:35:48.542+0000][101418.908s][info][gc,start    ] GC(3946) Pause Young (Concurrent Start) (G1 Evacuation Pause)
[2025-01-08T00:35:48.542+0000][101418.908s][info][gc,task     ] GC(3946) Using 6 workers of 6 for evacuation
[2025-01-08T00:35:48.572+0000][101418.938s][info][gc,phases   ] GC(3946)   Pre Evacuate Collection Set: 1.1ms
[2025-01-08T00:35:48.572+0000][101418.938s][info][gc,phases   ] GC(3946)   Merge Heap Roots: 0.5ms
[2025-01-08T00:35:48.572+0000][101418.938s][info][gc,phases   ] GC(3946)   Evacuate Collection Set: 26.0ms
[2025-01-08T00:35:48.572+0000][101418.938s][info][gc,phases   ] GC(3946)   Post Evacuate Collection Set: 2.5ms
[2025-01-08T00:35:48.572+0000][101418.938s][info][gc,phases   ] GC(3946)   Other: 0.3ms
[2025-01-08T00:35:48.572+0000][101418.938s][info][gc,heap     ] GC(3946) Eden regions: 910->0(909)
[2025-01-08T00:35:48.572+0000][101418.938s][info][gc,heap     ] GC(3946) Survivor regions: 7->8(115)
[2025-01-08T00:35:48.572+0000][101418.938s][info][gc,heap     ] GC(3946) Old regions: 249->249
[2025-01-08T00:35:48.572+0000][101418.938s][info][gc,heap     ] GC(3946) Archive regions: 2->2
[2025-01-08T00:35:48.572+0000][101418.938s][info][gc,heap     ] GC(3946) Humongous regions: 49->49
[2025-01-08T00:35:48.572+0000][101418.938s][info][gc,metaspace] GC(3946) Metaspace: 506133K(514944K)->506133K(514944K) NonClass: 444528K(448960K)->444528K(448960K) Class: 61605K(65984K)->61605K(65984K)
[2025-01-08T00:35:48.572+0000][101418.938s][info][gc          ] GC(3946) Pause Young (Concurrent Start) (G1 Evacuation Pause) 9723M->2452M(12288M) 30.476ms
[2025-01-08T00:35:48.572+0000][101418.938s][info][gc,cpu      ] GC(3946) User=0.17s Sys=0.00s Real=0.03s
[2025-01-08T00:35:48.572+0000][101418.938s][info][gc          ] GC(3947) Concurrent Mark Cycle
[2025-01-08T00:35:48.572+0000][101418.938s][info][gc,marking  ] GC(3947) Concurrent Clear Claimed Marks
[2025-01-08T00:35:48.573+0000][101418.939s][info][gc,marking  ] GC(3947) Concurrent Clear Claimed Marks 0.966ms
[2025-01-08T00:35:48.573+0000][101418.939s][info][gc,marking  ] GC(3947) Concurrent Scan Root Regions
[2025-01-08T00:35:48.597+0000][101418.963s][info][gc,marking  ] GC(3947) Concurrent Scan Root Regions 23.187ms
[2025-01-08T00:35:48.597+0000][101418.963s][info][gc,marking  ] GC(3947) Concurrent Mark
[2025-01-08T00:35:48.597+0000][101418.963s][info][gc,marking  ] GC(3947) Concurrent Mark From Roots
[2025-01-08T00:35:48.597+0000][101418.963s][info][gc,task     ] GC(3947) Using 2 workers of 2 for marking
[2025-01-08T00:35:49.689+0000][101420.055s][info][gc,marking  ] GC(3947) Concurrent Mark From Roots 1092.240ms
[2025-01-08T00:35:49.689+0000][101420.055s][info][gc,marking  ] GC(3947) Concurrent Preclean
[2025-01-08T00:35:49.691+0000][101420.057s][info][gc,marking  ] GC(3947) Concurrent Preclean 2.032ms
[2025-01-08T00:35:49.691+0000][101420.057s][info][gc,start    ] GC(3947) Pause Remark
[2025-01-08T00:35:49.718+0000][101420.084s][info][gc          ] GC(3947) Pause Remark 3908M->3908M(12288M) 26.868ms
[2025-01-08T00:35:49.718+0000][101420.084s][info][gc,cpu      ] GC(3947) User=0.16s Sys=0.00s Real=0.02s
[2025-01-08T00:35:49.718+0000][101420.084s][info][gc,marking  ] GC(3947) Concurrent Mark 1121.565ms
[2025-01-08T00:35:49.718+0000][101420.084s][info][gc,marking  ] GC(3947) Concurrent Rebuild Remembered Sets
[2025-01-08T00:35:50.200+0000][101420.566s][info][gc,marking  ] GC(3947) Concurrent Rebuild Remembered Sets 482.121ms
[2025-01-08T00:35:50.200+0000][101420.567s][info][gc,start    ] GC(3947) Pause Cleanup
[2025-01-08T00:35:50.201+0000][101420.567s][info][gc          ] GC(3947) Pause Cleanup 4232M->4232M(12288M) 0.424ms
[2025-01-08T00:35:50.201+0000][101420.567s][info][gc,cpu      ] GC(3947) User=0.00s Sys=0.00s Real=0.00s
[2025-01-08T00:35:50.201+0000][101420.567s][info][gc,marking  ] GC(3947) Concurrent Cleanup for Next Mark
[2025-01-08T00:35:50.216+0000][101420.582s][info][gc,marking  ] GC(3947) Concurrent Cleanup for Next Mark 15.360ms
[2025-01-08T00:35:50.216+0000][101420.582s][info][gc          ] GC(3947) Concurrent Mark Cycle 1644.035ms
[2025-01-08T00:35:56.092+0000][101426.458s][info][gc,start    ] GC(3948) Pause Young (Prepare Mixed) (G1 Evacuation Pause)
[2025-01-08T00:35:56.092+0000][101426.458s][info][gc,task     ] GC(3948) Using 6 workers of 6 for evacuation
[2025-01-08T00:35:56.126+0000][101426.492s][info][gc,phases   ] GC(3948)   Pre Evacuate Collection Set: 0.2ms
[2025-01-08T00:35:56.126+0000][101426.492s][info][gc,phases   ] GC(3948)   Merge Heap Roots: 0.7ms
[2025-01-08T00:35:56.126+0000][101426.492s][info][gc,phases   ] GC(3948)   Evacuate Collection Set: 28.4ms
[2025-01-08T00:35:56.126+0000][101426.492s][info][gc,phases   ] GC(3948)   Post Evacuate Collection Set: 4.1ms
[2025-01-08T00:35:56.126+0000][101426.492s][info][gc,phases   ] GC(3948)   Other: 0.2ms
[2025-01-08T00:35:56.126+0000][101426.492s][info][gc,heap     ] GC(3948) Eden regions: 909->0(66)
[2025-01-08T00:35:56.126+0000][101426.492s][info][gc,heap     ] GC(3948) Survivor regions: 8->10(115)
[2025-01-08T00:35:56.126+0000][101426.492s][info][gc,heap     ] GC(3948) Old regions: 249->249
[2025-01-08T00:35:56.126+0000][101426.492s][info][gc,heap     ] GC(3948) Archive regions: 2->2
[2025-01-08T00:35:56.126+0000][101426.492s][info][gc,heap     ] GC(3948) Humongous regions: 49->49
[2025-01-08T00:35:56.126+0000][101426.492s][info][gc,metaspace] GC(3948) Metaspace: 506133K(514944K)->506133K(514944K) NonClass: 444528K(448960K)->444528K(448960K) Class: 61605K(65984K)->61605K(65984K)
[2025-01-08T00:35:56.126+0000][101426.492s][info][gc          ] GC(3948) Pause Young (Prepare Mixed) (G1 Evacuation Pause) 9724M->2466M(12288M) 33.639ms
[2025-01-08T00:35:56.126+0000][101426.492s][info][gc,cpu      ] GC(3948) User=0.20s Sys=0.00s Real=0.03s
[2025-01-08T00:35:56.828+0000][101427.195s][info][gc,start    ] GC(3949) Pause Young (Mixed) (G1 Evacuation Pause)
[2025-01-08T00:35:56.828+0000][101427.195s][info][gc,task     ] GC(3949) Using 6 workers of 6 for evacuation
[2025-01-08T00:35:56.868+0000][101427.234s][info][gc,phases   ] GC(3949)   Pre Evacuate Collection Set: 0.2ms
[2025-01-08T00:35:56.868+0000][101427.234s][info][gc,phases   ] GC(3949)   Merge Heap Roots: 0.4ms
[2025-01-08T00:35:56.868+0000][101427.234s][info][gc,phases   ] GC(3949)   Evacuate Collection Set: 37.2ms
[2025-01-08T00:35:56.868+0000][101427.234s][info][gc,phases   ] GC(3949)   Post Evacuate Collection Set: 1.5ms
[2025-01-08T00:35:56.868+0000][101427.234s][info][gc,phases   ] GC(3949)   Other: 0.2ms
[2025-01-08T00:35:56.868+0000][101427.234s][info][gc,heap     ] GC(3949) Eden regions: 66->0(911)
[2025-01-08T00:35:56.868+0000][101427.234s][info][gc,heap     ] GC(3949) Survivor regions: 10->5(10)
[2025-01-08T00:35:56.868+0000][101427.234s][info][gc,heap     ] GC(3949) Old regions: 249->248
[2025-01-08T00:35:56.868+0000][101427.234s][info][gc,heap     ] GC(3949) Archive regions: 2->2
[2025-01-08T00:35:56.868+0000][101427.234s][info][gc,heap     ] GC(3949) Humongous regions: 49->49
[2025-01-08T00:35:56.868+0000][101427.234s][info][gc,metaspace] GC(3949) Metaspace: 506133K(514944K)->506133K(514944K) NonClass: 444528K(448960K)->444528K(448960K) Class: 61605K(65984K)->61605K(65984K)
[2025-01-08T00:35:56.868+0000][101427.234s][info][gc          ] GC(3949) Pause Young (Mixed) (G1 Evacuation Pause) 2994M->2412M(12288M) 39.594ms
[2025-01-08T00:35:56.868+0000][101427.234s][info][gc,cpu      ] GC(3949) User=0.23s Sys=0.00s Real=0.04s
[2025-01-08T00:36:03.793+0000][101434.160s][info][gc,start    ] GC(3950) Pause Young (Normal) (G1 Evacuation Pause)
[2025-01-08T00:36:03.793+0000][101434.160s][info][gc,task     ] GC(3950) Using 6 workers of 6 for evacuation
[2025-01-08T00:36:03.818+0000][101434.184s][info][gc,phases   ] GC(3950)   Pre Evacuate Collection Set: 0.2ms
[2025-01-08T00:36:03.818+0000][101434.184s][info][gc,phases   ] GC(3950)   Merge Heap Roots: 0.4ms
[2025-01-08T00:36:03.818+0000][101434.184s][info][gc,phases   ] GC(3950)   Evacuate Collection Set: 19.5ms
[2025-01-08T00:36:03.818+0000][101434.184s][info][gc,phases   ] GC(3950)   Post Evacuate Collection Set: 3.8ms
[2025-01-08T00:36:03.818+0000][101434.184s][info][gc,phases   ] GC(3950)   Other: 0.2ms
[2025-01-08T00:36:03.818+0000][101434.184s][info][gc,heap     ] GC(3950) Eden regions: 911->0(911)
[2025-01-08T00:36:03.818+0000][101434.184s][info][gc,heap     ] GC(3950) Survivor regions: 5->6(115)
[2025-01-08T00:36:03.818+0000][101434.184s][info][gc,heap     ] GC(3950) Old regions: 248->248
[2025-01-08T00:36:03.818+0000][101434.184s][info][gc,heap     ] GC(3950) Archive regions: 2->2
[2025-01-08T00:36:03.818+0000][101434.184s][info][gc,heap     ] GC(3950) Humongous regions: 49->49
[2025-01-08T00:36:03.818+0000][101434.184s][info][gc,metaspace] GC(3950) Metaspace: 506133K(514944K)->506133K(514944K) NonClass: 444528K(448960K)->444528K(448960K) Class: 61605K(65984K)->61605K(65984K)
[2025-01-08T00:36:03.818+0000][101434.184s][info][gc          ] GC(3950) Pause Young (Normal) (G1 Evacuation Pause) 9700M->2425M(12288M) 24.249ms
[2025-01-08T00:36:03.818+0000][101434.184s][info][gc,cpu      ] GC(3950) User=0.14s Sys=0.00s Real=0.02s
[2025-01-08T00:36:10.408+0000][101440.774s][info][gc,start    ] GC(3951) Pause Young (Normal) (G1 Evacuation Pause)
[2025-01-08T00:36:10.408+0000][101440.774s][info][gc,task     ] GC(3951) Using 6 workers of 6 for evacuation
[2025-01-08T00:36:10.435+0000][101440.801s][info][gc,phases   ] GC(3951)   Pre Evacuate Collection Set: 0.2ms
[2025-01-08T00:36:10.435+0000][101440.801s][info][gc,phases   ] GC(3951)   Merge Heap Roots: 0.4ms
[2025-01-08T00:36:10.435+0000][101440.801s][info][gc,phases   ] GC(3951)   Evacuate Collection Set: 22.8ms
[2025-01-08T00:36:10.435+0000][101440.801s][info][gc,phases   ] GC(3951)   Post Evacuate Collection Set: 3.9ms
[2025-01-08T00:36:10.435+0000][101440.801s][info][gc,phases   ] GC(3951)   Other: 0.2ms
[2025-01-08T00:36:10.435+0000][101440.801s][info][gc,heap     ] GC(3951) Eden regions: 911->0(908)
[2025-01-08T00:36:10.435+0000][101440.801s][info][gc,heap     ] GC(3951) Survivor regions: 6->8(115)
[2025-01-08T00:36:10.435+0000][101440.801s][info][gc,heap     ] GC(3951) Old regions: 248->248
[2025-01-08T00:36:10.435+0000][101440.801s][info][gc,heap     ] GC(3951) Archive regions: 2->2
[2025-01-08T00:36:10.435+0000][101440.801s][info][gc,heap     ] GC(3951) Humongous regions: 49->49
[2025-01-08T00:36:10.435+0000][101440.801s][info][gc,metaspace] GC(3951) Metaspace: 506135K(514944K)->506135K(514944K) NonClass: 444529K(448960K)->444529K(448960K) Class: 61605K(65984K)->61605K(65984K)
[2025-01-08T00:36:10.435+0000][101440.801s][info][gc          ] GC(3951) Pause Young (Normal) (G1 Evacuation Pause) 9713M->2437M(12288M) 27.598ms
[2025-01-08T00:36:10.435+0000][101440.801s][info][gc,cpu      ] GC(3951) User=0.16s Sys=0.00s Real=0.03s
[2025-01-08T00:36:18.222+0000][101448.588s][info][gc,start    ] GC(3952) Pause Young (Concurrent Start) (G1 Evacuation Pause)
[2025-01-08T00:36:18.222+0000][101448.588s][info][gc,task     ] GC(3952) Using 6 workers of 6 for evacuation
[2025-01-08T00:36:18.253+0000][101448.619s][info][gc,phases   ] GC(3952)   Pre Evacuate Collection Set: 1.1ms
[2025-01-08T00:36:18.253+0000][101448.620s][info][gc,phases   ] GC(3952)   Merge Heap Roots: 0.5ms
[2025-01-08T00:36:18.253+0000][101448.620s][info][gc,phases   ] GC(3952)   Evacuate Collection Set: 26.6ms
[2025-01-08T00:36:18.253+0000][101448.620s][info][gc,phases   ] GC(3952)   Post Evacuate Collection Set: 2.7ms
[2025-01-08T00:36:18.253+0000][101448.620s][info][gc,phases   ] GC(3952)   Other: 0.3ms
[2025-01-08T00:36:18.253+0000][101448.620s][info][gc,heap     ] GC(3952) Eden regions: 908->0(908)
[2025-01-08T00:36:18.253+0000][101448.620s][info][gc,heap     ] GC(3952) Survivor regions: 8->8(115)
[2025-01-08T00:36:18.253+0000][101448.620s][info][gc,heap     ] GC(3952) Old regions: 248->248
[2025-01-08T00:36:18.253+0000][101448.620s][info][gc,heap     ] GC(3952) Archive regions: 2->2
[2025-01-08T00:36:18.253+0000][101448.620s][info][gc,heap     ] GC(3952) Humongous regions: 49->49
[2025-01-08T00:36:18.254+0000][101448.620s][info][gc,metaspace] GC(3952) Metaspace: 506135K(514944K)->506135K(514944K) NonClass: 444529K(448960K)->444529K(448960K) Class: 61605K(65984K)->61605K(65984K)
[2025-01-08T00:36:18.254+0000][101448.620s][info][gc          ] GC(3952) Pause Young (Concurrent Start) (G1 Evacuation Pause) 9701M->2441M(12288M) 31.241ms
[2025-01-08T00:36:18.254+0000][101448.620s][info][gc,cpu      ] GC(3952) User=0.17s Sys=0.00s Real=0.03s
[2025-01-08T00:36:18.254+0000][101448.620s][info][gc          ] GC(3953) Concurrent Mark Cycle
[2025-01-08T00:36:18.254+0000][101448.620s][info][gc,marking  ] GC(3953) Concurrent Clear Claimed Marks
[2025-01-08T00:36:18.255+0000][101448.621s][info][gc,marking  ] GC(3953) Concurrent Clear Claimed Marks 0.897ms
[2025-01-08T00:36:18.255+0000][101448.621s][info][gc,marking  ] GC(3953) Concurrent Scan Root Regions
[2025-01-08T00:36:18.274+0000][101448.640s][info][gc,marking  ] GC(3953) Concurrent Scan Root Regions 19.407ms
[2025-01-08T00:36:18.274+0000][101448.640s][info][gc,marking  ] GC(3953) Concurrent Mark
[2025-01-08T00:36:18.274+0000][101448.640s][info][gc,marking  ] GC(3953) Concurrent Mark From Roots
[2025-01-08T00:36:18.274+0000][101448.640s][info][gc,task     ] GC(3953) Using 2 workers of 2 for marking
[2025-01-08T00:36:19.274+0000][101449.640s][info][gc,marking  ] GC(3953) Concurrent Mark From Roots 1000.160ms
[2025-01-08T00:36:19.274+0000][101449.640s][info][gc,marking  ] GC(3953) Concurrent Preclean
[2025-01-08T00:36:19.277+0000][101449.643s][info][gc,marking  ] GC(3953) Concurrent Preclean 2.669ms
[2025-01-08T00:36:19.277+0000][101449.643s][info][gc,start    ] GC(3953) Pause Remark
[2025-01-08T00:36:19.304+0000][101449.670s][info][gc          ] GC(3953) Pause Remark 3678M->3678M(12288M) 27.250ms
[2025-01-08T00:36:19.304+0000][101449.670s][info][gc,cpu      ] GC(3953) User=0.15s Sys=0.00s Real=0.03s
[2025-01-08T00:36:19.304+0000][101449.671s][info][gc,marking  ] GC(3953) Concurrent Mark 1030.462ms
[2025-01-08T00:36:19.304+0000][101449.671s][info][gc,marking  ] GC(3953) Concurrent Rebuild Remembered Sets
[2025-01-08T00:36:19.924+0000][101450.290s][info][gc,marking  ] GC(3953) Concurrent Rebuild Remembered Sets 619.326ms
[2025-01-08T00:36:19.924+0000][101450.290s][info][gc,start    ] GC(3953) Pause Cleanup
[2025-01-08T00:36:19.924+0000][101450.291s][info][gc          ] GC(3953) Pause Cleanup 4373M->4373M(12288M) 0.453ms
[2025-01-08T00:36:19.924+0000][101450.291s][info][gc,cpu      ] GC(3953) User=0.00s Sys=0.00s Real=0.00s
[2025-01-08T00:36:19.925+0000][101450.291s][info][gc,marking  ] GC(3953) Concurrent Cleanup for Next Mark
[2025-01-08T00:36:19.941+0000][101450.307s][info][gc,marking  ] GC(3953) Concurrent Cleanup for Next Mark 16.200ms
[2025-01-08T00:36:19.941+0000][101450.307s][info][gc          ] GC(3953) Concurrent Mark Cycle 1687.187ms
[2025-01-08T00:36:24.733+0000][101455.099s][info][gc,start    ] GC(3954) Pause Young (Prepare Mixed) (G1 Evacuation Pause)
[2025-01-08T00:36:24.733+0000][101455.099s][info][gc,task     ] GC(3954) Using 6 workers of 6 for evacuation
[2025-01-08T00:36:24.765+0000][101455.131s][info][gc,phases   ] GC(3954)   Pre Evacuate Collection Set: 0.2ms
[2025-01-08T00:36:24.765+0000][101455.131s][info][gc,phases   ] GC(3954)   Merge Heap Roots: 0.7ms
[2025-01-08T00:36:24.765+0000][101455.131s][info][gc,phases   ] GC(3954)   Evacuate Collection Set: 28.2ms
[2025-01-08T00:36:24.765+0000][101455.131s][info][gc,phases   ] GC(3954)   Post Evacuate Collection Set: 2.5ms
[2025-01-08T00:36:24.765+0000][101455.131s][info][gc,phases   ] GC(3954)   Other: 0.2ms
[2025-01-08T00:36:24.765+0000][101455.131s][info][gc,heap     ] GC(3954) Eden regions: 908->0(68)
[2025-01-08T00:36:24.765+0000][101455.131s][info][gc,heap     ] GC(3954) Survivor regions: 8->8(115)
[2025-01-08T00:36:24.765+0000][101455.131s][info][gc,heap     ] GC(3954) Old regions: 248->248
[2025-01-08T00:36:24.765+0000][101455.131s][info][gc,heap     ] GC(3954) Archive regions: 2->2
[2025-01-08T00:36:24.765+0000][101455.131s][info][gc,heap     ] GC(3954) Humongous regions: 49->49
[2025-01-08T00:36:24.765+0000][101455.131s][info][gc,metaspace] GC(3954) Metaspace: 506138K(514944K)->506138K(514944K) NonClass: 444532K(448960K)->444532K(448960K) Class: 61605K(65984K)->61605K(65984K)
[2025-01-08T00:36:24.765+0000][101455.131s][info][gc          ] GC(3954) Pause Young (Prepare Mixed) (G1 Evacuation Pause) 9705M->2441M(12288M) 31.933ms
[2025-01-08T00:36:24.765+0000][101455.131s][info][gc,cpu      ] GC(3954) User=0.18s Sys=0.00s Real=0.03s
[2025-01-08T00:36:25.113+0000][101455.479s][info][gc,start    ] GC(3955) Pause Young (Mixed) (G1 Evacuation Pause)
[2025-01-08T00:36:25.113+0000][101455.479s][info][gc,task     ] GC(3955) Using 6 workers of 6 for evacuation
[2025-01-08T00:36:25.165+0000][101455.531s][info][gc,phases   ] GC(3955)   Pre Evacuate Collection Set: 0.2ms
[2025-01-08T00:36:25.165+0000][101455.531s][info][gc,phases   ] GC(3955)   Merge Heap Roots: 0.5ms
[2025-01-08T00:36:25.165+0000][101455.531s][info][gc,phases   ] GC(3955)   Evacuate Collection Set: 48.8ms
[2025-01-08T00:36:25.165+0000][101455.531s][info][gc,phases   ] GC(3955)   Post Evacuate Collection Set: 1.7ms
[2025-01-08T00:36:25.165+0000][101455.531s][info][gc,phases   ] GC(3955)   Other: 0.2ms
[2025-01-08T00:36:25.165+0000][101455.531s][info][gc,heap     ] GC(3955) Eden regions: 68->0(909)
[2025-01-08T00:36:25.165+0000][101455.531s][info][gc,heap     ] GC(3955) Survivor regions: 8->7(10)
[2025-01-08T00:36:25.165+0000][101455.531s][info][gc,heap     ] GC(3955) Old regions: 248->247
[2025-01-08T00:36:25.165+0000][101455.531s][info][gc,heap     ] GC(3955) Archive regions: 2->2
[2025-01-08T00:36:25.165+0000][101455.531s][info][gc,heap     ] GC(3955) Humongous regions: 49->49
[2025-01-08T00:36:25.165+0000][101455.531s][info][gc,metaspace] GC(3955) Metaspace: 506138K(514944K)->506138K(514944K) NonClass: 444532K(448960K)->444532K(448960K) Class: 61605K(65984K)->61605K(65984K)
[2025-01-08T00:36:25.165+0000][101455.531s][info][gc          ] GC(3955) Pause Young (Mixed) (G1 Evacuation Pause) 2985M->2425M(12288M) 51.541ms
[2025-01-08T00:36:25.165+0000][101455.531s][info][gc,cpu      ] GC(3955) User=0.30s Sys=0.00s Real=0.05s
[2025-01-08T00:36:36.394+0000][101466.760s][info][gc,start    ] GC(3956) Pause Young (Normal) (G1 Evacuation Pause)
[2025-01-08T00:36:36.394+0000][101466.760s][info][gc,task     ] GC(3956) Using 6 workers of 6 for evacuation
[2025-01-08T00:36:36.427+0000][101466.793s][info][gc,phases   ] GC(3956)   Pre Evacuate Collection Set: 0.2ms
[2025-01-08T00:36:36.427+0000][101466.793s][info][gc,phases   ] GC(3956)   Merge Heap Roots: 0.5ms
[2025-01-08T00:36:36.427+0000][101466.793s][info][gc,phases   ] GC(3956)   Evacuate Collection Set: 29.1ms
[2025-01-08T00:36:36.427+0000][101466.793s][info][gc,phases   ] GC(3956)   Post Evacuate Collection Set: 2.7ms
[2025-01-08T00:36:36.427+0000][101466.793s][info][gc,phases   ] GC(3956)   Other: 0.2ms
[2025-01-08T00:36:36.427+0000][101466.793s][info][gc,heap     ] GC(3956) Eden regions: 909->0(907)
[2025-01-08T00:36:36.427+0000][101466.793s][info][gc,heap     ] GC(3956) Survivor regions: 7->8(115)
[2025-01-08T00:36:36.427+0000][101466.793s][info][gc,heap     ] GC(3956) Old regions: 247->247
[2025-01-08T00:36:36.427+0000][101466.793s][info][gc,heap     ] GC(3956) Archive regions: 2->2
[2025-01-08T00:36:36.427+0000][101466.793s][info][gc,heap     ] GC(3956) Humongous regions: 49->49
[2025-01-08T00:36:36.427+0000][101466.793s][info][gc,metaspace] GC(3956) Metaspace: 506138K(514944K)->506138K(514944K) NonClass: 444532K(448960K)->444532K(448960K) Class: 61605K(65984K)->61605K(65984K)
[2025-01-08T00:36:36.427+0000][101466.793s][info][gc          ] GC(3956) Pause Young (Normal) (G1 Evacuation Pause) 9697M->2438M(12288M) 32.694ms
[2025-01-08T00:36:36.427+0000][101466.793s][info][gc,cpu      ] GC(3956) User=0.19s Sys=0.00s Real=0.03s
[2025-01-08T00:36:46.066+0000][101476.432s][info][gc,start    ] GC(3957) Pause Young (Normal) (G1 Evacuation Pause)
[2025-01-08T00:36:46.066+0000][101476.432s][info][gc,task     ] GC(3957) Using 6 workers of 6 for evacuation
[2025-01-08T00:36:46.104+0000][101476.470s][info][gc,phases   ] GC(3957)   Pre Evacuate Collection Set: 0.2ms
[2025-01-08T00:36:46.104+0000][101476.470s][info][gc,phases   ] GC(3957)   Merge Heap Roots: 0.5ms
[2025-01-08T00:36:46.104+0000][101476.470s][info][gc,phases   ] GC(3957)   Evacuate Collection Set: 34.8ms
[2025-01-08T00:36:46.104+0000][101476.470s][info][gc,phases   ] GC(3957)   Post Evacuate Collection Set: 2.7ms
[2025-01-08T00:36:46.104+0000][101476.470s][info][gc,phases   ] GC(3957)   Other: 0.2ms
[2025-01-08T00:36:46.104+0000][101476.470s][info][gc,heap     ] GC(3957) Eden regions: 907->0(905)
[2025-01-08T00:36:46.104+0000][101476.470s][info][gc,heap     ] GC(3957) Survivor regions: 8->10(115)
[2025-01-08T00:36:46.104+0000][101476.470s][info][gc,heap     ] GC(3957) Old regions: 247->247
[2025-01-08T00:36:46.104+0000][101476.470s][info][gc,heap     ] GC(3957) Archive regions: 2->2
[2025-01-08T00:36:46.104+0000][101476.470s][info][gc,heap     ] GC(3957) Humongous regions: 49->49
[2025-01-08T00:36:46.104+0000][101476.470s][info][gc,metaspace] GC(3957) Metaspace: 506138K(514944K)->506138K(514944K) NonClass: 444532K(448960K)->444532K(448960K) Class: 61605K(65984K)->61605K(65984K)
[2025-01-08T00:36:46.104+0000][101476.470s][info][gc          ] GC(3957) Pause Young (Normal) (G1 Evacuation Pause) 9694M->2449M(12288M) 38.579ms
[2025-01-08T00:36:46.104+0000][101476.470s][info][gc,cpu      ] GC(3957) User=0.22s Sys=0.00s Real=0.04s
[2025-01-08T00:36:53.872+0000][101484.238s][info][gc,start    ] GC(3958) Pause Young (Concurrent Start) (G1 Evacuation Pause)
[2025-01-08T00:36:53.872+0000][101484.238s][info][gc,task     ] GC(3958) Using 6 workers of 6 for evacuation
[2025-01-08T00:36:53.914+0000][101484.280s][info][gc,phases   ] GC(3958)   Pre Evacuate Collection Set: 1.1ms
[2025-01-08T00:36:53.914+0000][101484.280s][info][gc,phases   ] GC(3958)   Merge Heap Roots: 0.6ms
[2025-01-08T00:36:53.914+0000][101484.280s][info][gc,phases   ] GC(3958)   Evacuate Collection Set: 36.6ms
[2025-01-08T00:36:53.914+0000][101484.280s][info][gc,phases   ] GC(3958)   Post Evacuate Collection Set: 3.9ms
[2025-01-08T00:36:53.914+0000][101484.280s][info][gc,phases   ] GC(3958)   Other: 0.3ms
[2025-01-08T00:36:53.914+0000][101484.280s][info][gc,heap     ] GC(3958) Eden regions: 905->0(905)
[2025-01-08T00:36:53.914+0000][101484.280s][info][gc,heap     ] GC(3958) Survivor regions: 10->11(115)
[2025-01-08T00:36:53.914+0000][101484.280s][info][gc,heap     ] GC(3958) Old regions: 247->247
[2025-01-08T00:36:53.914+0000][101484.280s][info][gc,heap     ] GC(3958) Archive regions: 2->2
[2025-01-08T00:36:53.914+0000][101484.280s][info][gc,heap     ] GC(3958) Humongous regions: 49->49
[2025-01-08T00:36:53.914+0000][101484.280s][info][gc,metaspace] GC(3958) Metaspace: 506138K(514944K)->506138K(514944K) NonClass: 444532K(448960K)->444532K(448960K) Class: 61605K(65984K)->61605K(65984K)
[2025-01-08T00:36:53.914+0000][101484.280s][info][gc          ] GC(3958) Pause Young (Concurrent Start) (G1 Evacuation Pause) 9689M->2460M(12288M) 42.553ms
[2025-01-08T00:36:53.914+0000][101484.280s][info][gc,cpu      ] GC(3958) User=0.25s Sys=0.00s Real=0.04s
[2025-01-08T00:36:53.914+0000][101484.281s][info][gc          ] GC(3959) Concurrent Mark Cycle
[2025-01-08T00:36:53.914+0000][101484.281s][info][gc,marking  ] GC(3959) Concurrent Clear Claimed Marks
[2025-01-08T00:36:53.915+0000][101484.281s][info][gc,marking  ] GC(3959) Concurrent Clear Claimed Marks 0.894ms
[2025-01-08T00:36:53.915+0000][101484.281s][info][gc,marking  ] GC(3959) Concurrent Scan Root Regions
[2025-01-08T00:36:53.943+0000][101484.309s][info][gc,marking  ] GC(3959) Concurrent Scan Root Regions 27.846ms
[2025-01-08T00:36:53.943+0000][101484.309s][info][gc,marking  ] GC(3959) Concurrent Mark
[2025-01-08T00:36:53.943+0000][101484.309s][info][gc,marking  ] GC(3959) Concurrent Mark From Roots
[2025-01-08T00:36:53.943+0000][101484.309s][info][gc,task     ] GC(3959) Using 2 workers of 2 for marking
[2025-01-08T00:36:54.824+0000][101485.190s][info][gc,marking  ] GC(3959) Concurrent Mark From Roots 881.059ms
[2025-01-08T00:36:54.824+0000][101485.190s][info][gc,marking  ] GC(3959) Concurrent Preclean
[2025-01-08T00:36:54.826+0000][101485.192s][info][gc,marking  ] GC(3959) Concurrent Preclean 1.934ms
[2025-01-08T00:36:54.826+0000][101485.192s][info][gc,start    ] GC(3959) Pause Remark
[2025-01-08T00:36:54.852+0000][101485.219s][info][gc          ] GC(3959) Pause Remark 3282M->3282M(12288M) 26.021ms
[2025-01-08T00:36:54.852+0000][101485.219s][info][gc,cpu      ] GC(3959) User=0.14s Sys=0.00s Real=0.03s
[2025-01-08T00:36:54.853+0000][101485.219s][info][gc,marking  ] GC(3959) Concurrent Mark 909.353ms
[2025-01-08T00:36:54.853+0000][101485.219s][info][gc,marking  ] GC(3959) Concurrent Rebuild Remembered Sets
[2025-01-08T00:36:55.517+0000][101485.883s][info][gc,marking  ] GC(3959) Concurrent Rebuild Remembered Sets 664.705ms
[2025-01-08T00:36:55.518+0000][101485.884s][info][gc,start    ] GC(3959) Pause Cleanup
[2025-01-08T00:36:55.518+0000][101485.884s][info][gc          ] GC(3959) Pause Cleanup 4332M->4332M(12288M) 0.417ms
[2025-01-08T00:36:55.518+0000][101485.884s][info][gc,cpu      ] GC(3959) User=0.00s Sys=0.00s Real=0.00s
[2025-01-08T00:36:55.518+0000][101485.884s][info][gc,marking  ] GC(3959) Concurrent Cleanup for Next Mark
[2025-01-08T00:36:55.534+0000][101485.900s][info][gc,marking  ] GC(3959) Concurrent Cleanup for Next Mark 15.803ms
[2025-01-08T00:36:55.534+0000][101485.900s][info][gc          ] GC(3959) Concurrent Mark Cycle 1619.546ms
[2025-01-08T00:37:00.874+0000][101491.240s][info][gc,start    ] GC(3960) Pause Young (Prepare Mixed) (G1 Evacuation Pause)
[2025-01-08T00:37:00.874+0000][101491.240s][info][gc,task     ] GC(3960) Using 6 workers of 6 for evacuation
[2025-01-08T00:37:00.915+0000][101491.281s][info][gc,phases   ] GC(3960)   Pre Evacuate Collection Set: 0.2ms
[2025-01-08T00:37:00.915+0000][101491.281s][info][gc,phases   ] GC(3960)   Merge Heap Roots: 0.8ms
[2025-01-08T00:37:00.915+0000][101491.281s][info][gc,phases   ] GC(3960)   Evacuate Collection Set: 35.9ms
[2025-01-08T00:37:00.915+0000][101491.281s][info][gc,phases   ] GC(3960)   Post Evacuate Collection Set: 4.2ms
[2025-01-08T00:37:00.915+0000][101491.281s][info][gc,phases   ] GC(3960)   Other: 0.2ms
[2025-01-08T00:37:00.915+0000][101491.281s][info][gc,heap     ] GC(3960) Eden regions: 905->0(64)
[2025-01-08T00:37:00.915+0000][101491.281s][info][gc,heap     ] GC(3960) Survivor regions: 11->12(115)
[2025-01-08T00:37:00.915+0000][101491.281s][info][gc,heap     ] GC(3960) Old regions: 247->247
[2025-01-08T00:37:00.915+0000][101491.281s][info][gc,heap     ] GC(3960) Archive regions: 2->2
[2025-01-08T00:37:00.915+0000][101491.281s][info][gc,heap     ] GC(3960) Humongous regions: 49->49
[2025-01-08T00:37:00.915+0000][101491.281s][info][gc,metaspace] GC(3960) Metaspace: 506138K(514944K)->506138K(514944K) NonClass: 444532K(448960K)->444532K(448960K) Class: 61605K(65984K)->61605K(65984K)
[2025-01-08T00:37:00.915+0000][101491.281s][info][gc          ] GC(3960) Pause Young (Prepare Mixed) (G1 Evacuation Pause) 9700M->2469M(12288M) 41.380ms
[2025-01-08T00:37:00.915+0000][101491.281s][info][gc,cpu      ] GC(3960) User=0.25s Sys=0.00s Real=0.04s
[2025-01-08T00:37:01.230+0000][101491.596s][info][gc,start    ] GC(3961) Pause Young (Mixed) (G1 Evacuation Pause)
[2025-01-08T00:37:01.230+0000][101491.596s][info][gc,task     ] GC(3961) Using 6 workers of 6 for evacuation
[2025-01-08T00:37:01.299+0000][101491.665s][info][gc,phases   ] GC(3961)   Pre Evacuate Collection Set: 0.2ms
[2025-01-08T00:37:01.299+0000][101491.665s][info][gc,phases   ] GC(3961)   Merge Heap Roots: 0.7ms
[2025-01-08T00:37:01.299+0000][101491.665s][info][gc,phases   ] GC(3961)   Evacuate Collection Set: 66.3ms
[2025-01-08T00:37:01.299+0000][101491.665s][info][gc,phases   ] GC(3961)   Post Evacuate Collection Set: 1.7ms
[2025-01-08T00:37:01.299+0000][101491.665s][info][gc,phases   ] GC(3961)   Other: 0.2ms
[2025-01-08T00:37:01.299+0000][101491.665s][info][gc,heap     ] GC(3961) Eden regions: 64->0(906)
[2025-01-08T00:37:01.299+0000][101491.665s][info][gc,heap     ] GC(3961) Survivor regions: 12->6(10)
[2025-01-08T00:37:01.299+0000][101491.665s][info][gc,heap     ] GC(3961) Old regions: 247->250
[2025-01-08T00:37:01.299+0000][101491.665s][info][gc,heap     ] GC(3961) Archive regions: 2->2
[2025-01-08T00:37:01.299+0000][101491.665s][info][gc,heap     ] GC(3961) Humongous regions: 49->49
[2025-01-08T00:37:01.299+0000][101491.665s][info][gc,metaspace] GC(3961) Metaspace: 506138K(514944K)->506138K(514944K) NonClass: 444532K(448960K)->444532K(448960K) Class: 61605K(65984K)->61605K(65984K)
[2025-01-08T00:37:01.299+0000][101491.665s][info][gc          ] GC(3961) Pause Young (Mixed) (G1 Evacuation Pause) 2981M->2437M(12288M) 69.187ms
[2025-01-08T00:37:01.299+0000][101491.665s][info][gc,cpu      ] GC(3961) User=0.41s Sys=0.00s Real=0.06s
[2025-01-08T00:37:06.487+0000][101496.853s][info][gc,start    ] GC(3962) Pause Young (Normal) (G1 Evacuation Pause)
[2025-01-08T00:37:06.487+0000][101496.853s][info][gc,task     ] GC(3962) Using 6 workers of 6 for evacuation
[2025-01-08T00:37:06.513+0000][101496.879s][info][gc,phases   ] GC(3962)   Pre Evacuate Collection Set: 0.2ms
[2025-01-08T00:37:06.513+0000][101496.879s][info][gc,phases   ] GC(3962)   Merge Heap Roots: 0.4ms
[2025-01-08T00:37:06.513+0000][101496.879s][info][gc,phases   ] GC(3962)   Evacuate Collection Set: 21.3ms
[2025-01-08T00:37:06.513+0000][101496.879s][info][gc,phases   ] GC(3962)   Post Evacuate Collection Set: 3.7ms
[2025-01-08T00:37:06.513+0000][101496.879s][info][gc,phases   ] GC(3962)   Other: 0.2ms
[2025-01-08T00:37:06.513+0000][101496.879s][info][gc,heap     ] GC(3962) Eden regions: 906->0(905)
[2025-01-08T00:37:06.513+0000][101496.879s][info][gc,heap     ] GC(3962) Survivor regions: 6->7(114)
[2025-01-08T00:37:06.513+0000][101496.879s][info][gc,heap     ] GC(3962) Old regions: 250->250
[2025-01-08T00:37:06.513+0000][101496.879s][info][gc,heap     ] GC(3962) Archive regions: 2->2
[2025-01-08T00:37:06.513+0000][101496.879s][info][gc,heap     ] GC(3962) Humongous regions: 49->49
[2025-01-08T00:37:06.513+0000][101496.879s][info][gc,metaspace] GC(3962) Metaspace: 506138K(514944K)->506138K(514944K) NonClass: 444532K(448960K)->444532K(448960K) Class: 61605K(65984K)->61605K(65984K)
[2025-01-08T00:37:06.513+0000][101496.879s][info][gc          ] GC(3962) Pause Young (Normal) (G1 Evacuation Pause) 9685M->2442M(12288M) 25.910ms
[2025-01-08T00:37:06.513+0000][101496.879s][info][gc,cpu      ] GC(3962) User=0.14s Sys=0.01s Real=0.03s
[2025-01-08T00:37:11.309+0000][101501.675s][info][gc,start    ] GC(3963) Pause Young (Normal) (G1 Evacuation Pause)
[2025-01-08T00:37:11.309+0000][101501.675s][info][gc,task     ] GC(3963) Using 6 workers of 6 for evacuation
[2025-01-08T00:37:11.332+0000][101501.698s][info][gc,phases   ] GC(3963)   Pre Evacuate Collection Set: 0.2ms
[2025-01-08T00:37:11.332+0000][101501.698s][info][gc,phases   ] GC(3963)   Merge Heap Roots: 0.4ms
[2025-01-08T00:37:11.332+0000][101501.698s][info][gc,phases   ] GC(3963)   Evacuate Collection Set: 20.3ms
[2025-01-08T00:37:11.332+0000][101501.698s][info][gc,phases   ] GC(3963)   Post Evacuate Collection Set: 2.3ms
[2025-01-08T00:37:11.332+0000][101501.698s][info][gc,phases   ] GC(3963)   Other: 0.2ms
[2025-01-08T00:37:11.332+0000][101501.698s][info][gc,heap     ] GC(3963) Eden regions: 905->0(908)
[2025-01-08T00:37:11.332+0000][101501.698s][info][gc,heap     ] GC(3963) Survivor regions: 7->6(114)
[2025-01-08T00:37:11.332+0000][101501.698s][info][gc,heap     ] GC(3963) Old regions: 250->250
[2025-01-08T00:37:11.332+0000][101501.698s][info][gc,heap     ] GC(3963) Archive regions: 2->2
[2025-01-08T00:37:11.332+0000][101501.698s][info][gc,heap     ] GC(3963) Humongous regions: 49->49
[2025-01-08T00:37:11.332+0000][101501.698s][info][gc,metaspace] GC(3963) Metaspace: 506139K(514944K)->506139K(514944K) NonClass: 444533K(448960K)->444533K(448960K) Class: 61605K(65984K)->61605K(65984K)
[2025-01-08T00:37:11.332+0000][101501.698s][info][gc          ] GC(3963) Pause Young (Normal) (G1 Evacuation Pause) 9682M->2439M(12288M) 23.456ms
[2025-01-08T00:37:11.332+0000][101501.698s][info][gc,cpu      ] GC(3963) User=0.14s Sys=0.00s Real=0.03s
[2025-01-08T00:37:21.452+0000][101511.819s][info][gc,start    ] GC(3964) Pause Young (Concurrent Start) (G1 Evacuation Pause)
[2025-01-08T00:37:21.453+0000][101511.819s][info][gc,task     ] GC(3964) Using 6 workers of 6 for evacuation
[2025-01-08T00:37:21.484+0000][101511.850s][info][gc,phases   ] GC(3964)   Pre Evacuate Collection Set: 1.1ms
[2025-01-08T00:37:21.484+0000][101511.850s][info][gc,phases   ] GC(3964)   Merge Heap Roots: 0.5ms
[2025-01-08T00:37:21.484+0000][101511.850s][info][gc,phases   ] GC(3964)   Evacuate Collection Set: 27.0ms
[2025-01-08T00:37:21.484+0000][101511.850s][info][gc,phases   ] GC(3964)   Post Evacuate Collection Set: 2.7ms
[2025-01-08T00:37:21.484+0000][101511.850s][info][gc,phases   ] GC(3964)   Other: 0.3ms
[2025-01-08T00:37:21.484+0000][101511.850s][info][gc,heap     ] GC(3964) Eden regions: 908->0(906)
[2025-01-08T00:37:21.484+0000][101511.850s][info][gc,heap     ] GC(3964) Survivor regions: 6->8(115)
[2025-01-08T00:37:21.484+0000][101511.850s][info][gc,heap     ] GC(3964) Old regions: 250->250
[2025-01-08T00:37:21.484+0000][101511.850s][info][gc,heap     ] GC(3964) Archive regions: 2->2
[2025-01-08T00:37:21.484+0000][101511.850s][info][gc,heap     ] GC(3964) Humongous regions: 49->49
[2025-01-08T00:37:21.484+0000][101511.850s][info][gc,metaspace] GC(3964) Metaspace: 506139K(514944K)->506139K(514944K) NonClass: 444533K(448960K)->444533K(448960K) Class: 61605K(65984K)->61605K(65984K)
[2025-01-08T00:37:21.484+0000][101511.850s][info][gc          ] GC(3964) Pause Young (Concurrent Start) (G1 Evacuation Pause) 9703M->2451M(12288M) 31.688ms
[2025-01-08T00:37:21.484+0000][101511.850s][info][gc,cpu      ] GC(3964) User=0.17s Sys=0.01s Real=0.03s
[2025-01-08T00:37:21.484+0000][101511.850s][info][gc          ] GC(3965) Concurrent Mark Cycle
[2025-01-08T00:37:21.484+0000][101511.850s][info][gc,marking  ] GC(3965) Concurrent Clear Claimed Marks
[2025-01-08T00:37:21.485+0000][101511.851s][info][gc,marking  ] GC(3965) Concurrent Clear Claimed Marks 0.915ms
[2025-01-08T00:37:21.485+0000][101511.851s][info][gc,marking  ] GC(3965) Concurrent Scan Root Regions
[2025-01-08T00:37:21.503+0000][101511.869s][info][gc,marking  ] GC(3965) Concurrent Scan Root Regions 18.164ms
[2025-01-08T00:37:21.503+0000][101511.870s][info][gc,marking  ] GC(3965) Concurrent Mark
[2025-01-08T00:37:21.503+0000][101511.870s][info][gc,marking  ] GC(3965) Concurrent Mark From Roots
[2025-01-08T00:37:21.503+0000][101511.870s][info][gc,task     ] GC(3965) Using 2 workers of 2 for marking
[2025-01-08T00:37:22.444+0000][101512.811s][info][gc,marking  ] GC(3965) Concurrent Mark From Roots 940.991ms
[2025-01-08T00:37:22.444+0000][101512.811s][info][gc,marking  ] GC(3965) Concurrent Preclean
[2025-01-08T00:37:22.446+0000][101512.812s][info][gc,marking  ] GC(3965) Concurrent Preclean 1.924ms
[2025-01-08T00:37:22.446+0000][101512.813s][info][gc,start    ] GC(3965) Pause Remark
[2025-01-08T00:37:22.473+0000][101512.839s][info][gc          ] GC(3965) Pause Remark 3103M->3103M(12288M) 26.189ms
[2025-01-08T00:37:22.473+0000][101512.839s][info][gc,cpu      ] GC(3965) User=0.15s Sys=0.00s Real=0.03s
[2025-01-08T00:37:22.473+0000][101512.839s][info][gc,marking  ] GC(3965) Concurrent Mark 969.445ms
[2025-01-08T00:37:22.473+0000][101512.839s][info][gc,marking  ] GC(3965) Concurrent Rebuild Remembered Sets
[2025-01-08T00:37:22.983+0000][101513.349s][info][gc,marking  ] GC(3965) Concurrent Rebuild Remembered Sets 510.353ms
[2025-01-08T00:37:22.983+0000][101513.349s][info][gc,start    ] GC(3965) Pause Cleanup
[2025-01-08T00:37:22.984+0000][101513.350s][info][gc          ] GC(3965) Pause Cleanup 3451M->3451M(12288M) 0.412ms
[2025-01-08T00:37:22.984+0000][101513.350s][info][gc,cpu      ] GC(3965) User=0.00s Sys=0.00s Real=0.00s
[2025-01-08T00:37:22.984+0000][101513.350s][info][gc,marking  ] GC(3965) Concurrent Cleanup for Next Mark
[2025-01-08T00:37:22.999+0000][101513.365s][info][gc,marking  ] GC(3965) Concurrent Cleanup for Next Mark 15.501ms
[2025-01-08T00:37:22.999+0000][101513.366s][info][gc          ] GC(3965) Concurrent Mark Cycle 1515.172ms
[2025-01-08T00:37:30.108+0000][101520.474s][info][gc,start    ] GC(3966) Pause Young (Prepare Mixed) (G1 Evacuation Pause)
[2025-01-08T00:37:30.108+0000][101520.474s][info][gc,task     ] GC(3966) Using 6 workers of 6 for evacuation
[2025-01-08T00:37:30.142+0000][101520.508s][info][gc,phases   ] GC(3966)   Pre Evacuate Collection Set: 0.2ms
[2025-01-08T00:37:30.142+0000][101520.508s][info][gc,phases   ] GC(3966)   Merge Heap Roots: 0.7ms
[2025-01-08T00:37:30.142+0000][101520.508s][info][gc,phases   ] GC(3966)   Evacuate Collection Set: 30.3ms
[2025-01-08T00:37:30.142+0000][101520.508s][info][gc,phases   ] GC(3966)   Post Evacuate Collection Set: 2.6ms
[2025-01-08T00:37:30.142+0000][101520.508s][info][gc,phases   ] GC(3966)   Other: 0.2ms
[2025-01-08T00:37:30.142+0000][101520.508s][info][gc,heap     ] GC(3966) Eden regions: 906->0(67)
[2025-01-08T00:37:30.142+0000][101520.508s][info][gc,heap     ] GC(3966) Survivor regions: 8->9(115)
[2025-01-08T00:37:30.142+0000][101520.508s][info][gc,heap     ] GC(3966) Old regions: 250->250
[2025-01-08T00:37:30.142+0000][101520.508s][info][gc,heap     ] GC(3966) Archive regions: 2->2
[2025-01-08T00:37:30.142+0000][101520.508s][info][gc,heap     ] GC(3966) Humongous regions: 49->49
[2025-01-08T00:37:30.142+0000][101520.508s][info][gc,metaspace] GC(3966) Metaspace: 506139K(514944K)->506139K(514944K) NonClass: 444533K(448960K)->444533K(448960K) Class: 61605K(65984K)->61605K(65984K)
[2025-01-08T00:37:30.142+0000][101520.508s][info][gc          ] GC(3966) Pause Young (Prepare Mixed) (G1 Evacuation Pause) 9699M->2463M(12288M) 34.135ms
[2025-01-08T00:37:30.142+0000][101520.508s][info][gc,cpu      ] GC(3966) User=0.19s Sys=0.00s Real=0.04s
[2025-01-08T00:37:30.591+0000][101520.957s][info][gc,start    ] GC(3967) Pause Young (Mixed) (G1 Evacuation Pause)
[2025-01-08T00:37:30.591+0000][101520.957s][info][gc,task     ] GC(3967) Using 6 workers of 6 for evacuation
[2025-01-08T00:37:30.646+0000][101521.012s][info][gc,phases   ] GC(3967)   Pre Evacuate Collection Set: 0.2ms
[2025-01-08T00:37:30.646+0000][101521.012s][info][gc,phases   ] GC(3967)   Merge Heap Roots: 0.6ms
[2025-01-08T00:37:30.646+0000][101521.012s][info][gc,phases   ] GC(3967)   Evacuate Collection Set: 51.6ms
[2025-01-08T00:37:30.646+0000][101521.012s][info][gc,phases   ] GC(3967)   Post Evacuate Collection Set: 1.9ms
[2025-01-08T00:37:30.646+0000][101521.012s][info][gc,phases   ] GC(3967)   Other: 0.2ms
[2025-01-08T00:37:30.646+0000][101521.012s][info][gc,heap     ] GC(3967) Eden regions: 67->0(909)
[2025-01-08T00:37:30.646+0000][101521.012s][info][gc,heap     ] GC(3967) Survivor regions: 9->5(10)
[2025-01-08T00:37:30.646+0000][101521.012s][info][gc,heap     ] GC(3967) Old regions: 250->250
[2025-01-08T00:37:30.646+0000][101521.012s][info][gc,heap     ] GC(3967) Archive regions: 2->2
[2025-01-08T00:37:30.646+0000][101521.012s][info][gc,heap     ] GC(3967) Humongous regions: 49->49
[2025-01-08T00:37:30.646+0000][101521.012s][info][gc,metaspace] GC(3967) Metaspace: 506139K(514944K)->506139K(514944K) NonClass: 444533K(448960K)->444533K(448960K) Class: 61605K(65984K)->61605K(65984K)
[2025-01-08T00:37:30.646+0000][101521.012s][info][gc          ] GC(3967) Pause Young (Mixed) (G1 Evacuation Pause) 2999M->2437M(12288M) 54.539ms
[2025-01-08T00:37:30.646+0000][101521.012s][info][gc,cpu      ] GC(3967) User=0.32s Sys=0.00s Real=0.05s
[2025-01-08T00:37:37.770+0000][101528.136s][info][gc,start    ] GC(3968) Pause Young (Normal) (G1 Evacuation Pause)
[2025-01-08T00:37:37.770+0000][101528.136s][info][gc,task     ] GC(3968) Using 6 workers of 6 for evacuation
[2025-01-08T00:37:37.794+0000][101528.160s][info][gc,phases   ] GC(3968)   Pre Evacuate Collection Set: 0.2ms
[2025-01-08T00:37:37.794+0000][101528.160s][info][gc,phases   ] GC(3968)   Merge Heap Roots: 0.5ms
[2025-01-08T00:37:37.794+0000][101528.160s][info][gc,phases   ] GC(3968)   Evacuate Collection Set: 21.0ms
[2025-01-08T00:37:37.794+0000][101528.160s][info][gc,phases   ] GC(3968)   Post Evacuate Collection Set: 2.5ms
[2025-01-08T00:37:37.794+0000][101528.160s][info][gc,phases   ] GC(3968)   Other: 0.2ms
[2025-01-08T00:37:37.794+0000][101528.160s][info][gc,heap     ] GC(3968) Eden regions: 909->0(908)
[2025-01-08T00:37:37.794+0000][101528.160s][info][gc,heap     ] GC(3968) Survivor regions: 5->6(115)
[2025-01-08T00:37:37.794+0000][101528.160s][info][gc,heap     ] GC(3968) Old regions: 250->250
[2025-01-08T00:37:37.794+0000][101528.160s][info][gc,heap     ] GC(3968) Archive regions: 2->2
[2025-01-08T00:37:37.794+0000][101528.160s][info][gc,heap     ] GC(3968) Humongous regions: 49->49
[2025-01-08T00:37:37.794+0000][101528.160s][info][gc,metaspace] GC(3968) Metaspace: 506139K(514944K)->506139K(514944K) NonClass: 444533K(448960K)->444533K(448960K) Class: 61605K(65984K)->61605K(65984K)
[2025-01-08T00:37:37.794+0000][101528.160s][info][gc          ] GC(3968) Pause Young (Normal) (G1 Evacuation Pause) 9709M->2444M(12288M) 24.425ms
[2025-01-08T00:37:37.794+0000][101528.160s][info][gc,cpu      ] GC(3968) User=0.15s Sys=0.00s Real=0.02s
[2025-01-08T00:37:43.794+0000][101534.160s][info][gc,start    ] GC(3969) Pause Young (Normal) (G1 Evacuation Pause)
[2025-01-08T00:37:43.794+0000][101534.160s][info][gc,task     ] GC(3969) Using 6 workers of 6 for evacuation
[2025-01-08T00:37:43.819+0000][101534.185s][info][gc,phases   ] GC(3969)   Pre Evacuate Collection Set: 0.2ms
[2025-01-08T00:37:43.819+0000][101534.185s][info][gc,phases   ] GC(3969)   Merge Heap Roots: 0.4ms
[2025-01-08T00:37:43.819+0000][101534.185s][info][gc,phases   ] GC(3969)   Evacuate Collection Set: 21.9ms
[2025-01-08T00:37:43.819+0000][101534.185s][info][gc,phases   ] GC(3969)   Post Evacuate Collection Set: 2.4ms
[2025-01-08T00:37:43.819+0000][101534.185s][info][gc,phases   ] GC(3969)   Other: 0.2ms
[2025-01-08T00:37:43.819+0000][101534.185s][info][gc,heap     ] GC(3969) Eden regions: 908->0(909)
[2025-01-08T00:37:43.819+0000][101534.185s][info][gc,heap     ] GC(3969) Survivor regions: 6->7(115)
[2025-01-08T00:37:43.819+0000][101534.185s][info][gc,heap     ] GC(3969) Old regions: 250->250
[2025-01-08T00:37:43.819+0000][101534.185s][info][gc,heap     ] GC(3969) Archive regions: 2->2
[2025-01-08T00:37:43.819+0000][101534.185s][info][gc,heap     ] GC(3969) Humongous regions: 49->49
[2025-01-08T00:37:43.819+0000][101534.185s][info][gc,metaspace] GC(3969) Metaspace: 506139K(514944K)->506139K(514944K) NonClass: 444533K(448960K)->444533K(448960K) Class: 61605K(65984K)->61605K(65984K)
[2025-01-08T00:37:43.819+0000][101534.185s][info][gc          ] GC(3969) Pause Young (Normal) (G1 Evacuation Pause) 9708M->2453M(12288M) 25.298ms
[2025-01-08T00:37:43.819+0000][101534.185s][info][gc,cpu      ] GC(3969) User=0.14s Sys=0.00s Real=0.02s
[2025-01-08T00:37:52.537+0000][101542.903s][info][gc,start    ] GC(3970) Pause Young (Concurrent Start) (G1 Evacuation Pause)
[2025-01-08T00:37:52.537+0000][101542.903s][info][gc,task     ] GC(3970) Using 6 workers of 6 for evacuation
[2025-01-08T00:37:52.573+0000][101542.939s][info][gc,phases   ] GC(3970)   Pre Evacuate Collection Set: 1.1ms
[2025-01-08T00:37:52.573+0000][101542.939s][info][gc,phases   ] GC(3970)   Merge Heap Roots: 0.5ms
[2025-01-08T00:37:52.573+0000][101542.939s][info][gc,phases   ] GC(3970)   Evacuate Collection Set: 29.6ms
[2025-01-08T00:37:52.573+0000][101542.939s][info][gc,phases   ] GC(3970)   Post Evacuate Collection Set: 5.3ms
[2025-01-08T00:37:52.573+0000][101542.939s][info][gc,phases   ] GC(3970)   Other: 0.3ms
[2025-01-08T00:37:52.573+0000][101542.939s][info][gc,heap     ] GC(3970) Eden regions: 909->0(902)
[2025-01-08T00:37:52.573+0000][101542.939s][info][gc,heap     ] GC(3970) Survivor regions: 7->11(115)
[2025-01-08T00:37:52.573+0000][101542.939s][info][gc,heap     ] GC(3970) Old regions: 250->250
[2025-01-08T00:37:52.573+0000][101542.939s][info][gc,heap     ] GC(3970) Archive regions: 2->2
[2025-01-08T00:37:52.573+0000][101542.939s][info][gc,heap     ] GC(3970) Humongous regions: 49->49
[2025-01-08T00:37:52.573+0000][101542.939s][info][gc,metaspace] GC(3970) Metaspace: 506140K(514944K)->506140K(514944K) NonClass: 444535K(448960K)->444535K(448960K) Class: 61605K(65984K)->61605K(65984K)
[2025-01-08T00:37:52.573+0000][101542.939s][info][gc          ] GC(3970) Pause Young (Concurrent Start) (G1 Evacuation Pause) 9725M->2478M(12288M) 36.825ms
[2025-01-08T00:37:52.573+0000][101542.939s][info][gc,cpu      ] GC(3970) User=0.21s Sys=0.00s Real=0.04s
[2025-01-08T00:37:52.573+0000][101542.940s][info][gc          ] GC(3971) Concurrent Mark Cycle
[2025-01-08T00:37:52.573+0000][101542.940s][info][gc,marking  ] GC(3971) Concurrent Clear Claimed Marks
[2025-01-08T00:37:52.574+0000][101542.941s][info][gc,marking  ] GC(3971) Concurrent Clear Claimed Marks 0.948ms
[2025-01-08T00:37:52.574+0000][101542.941s][info][gc,marking  ] GC(3971) Concurrent Scan Root Regions
[2025-01-08T00:37:52.600+0000][101542.966s][info][gc,marking  ] GC(3971) Concurrent Scan Root Regions 25.758ms
[2025-01-08T00:37:52.600+0000][101542.966s][info][gc,marking  ] GC(3971) Concurrent Mark
[2025-01-08T00:37:52.600+0000][101542.966s][info][gc,marking  ] GC(3971) Concurrent Mark From Roots
[2025-01-08T00:37:52.600+0000][101542.966s][info][gc,task     ] GC(3971) Using 2 workers of 2 for marking
[2025-01-08T00:37:53.422+0000][101543.789s][info][gc,marking  ] GC(3971) Concurrent Mark From Roots 822.208ms
[2025-01-08T00:37:53.422+0000][101543.789s][info][gc,marking  ] GC(3971) Concurrent Preclean
[2025-01-08T00:37:53.424+0000][101543.791s][info][gc,marking  ] GC(3971) Concurrent Preclean 1.941ms
[2025-01-08T00:37:53.425+0000][101543.791s][info][gc,start    ] GC(3971) Pause Remark
[2025-01-08T00:37:53.451+0000][101543.817s][info][gc          ] GC(3971) Pause Remark 3226M->3226M(12288M) 26.657ms
[2025-01-08T00:37:53.451+0000][101543.817s][info][gc,cpu      ] GC(3971) User=0.15s Sys=0.01s Real=0.03s
[2025-01-08T00:37:53.451+0000][101543.817s][info][gc,marking  ] GC(3971) Concurrent Mark 851.154ms
[2025-01-08T00:37:53.451+0000][101543.818s][info][gc,marking  ] GC(3971) Concurrent Rebuild Remembered Sets
[2025-01-08T00:37:53.960+0000][101544.326s][info][gc,marking  ] GC(3971) Concurrent Rebuild Remembered Sets 508.642ms
[2025-01-08T00:37:53.960+0000][101544.326s][info][gc,start    ] GC(3971) Pause Cleanup
[2025-01-08T00:37:53.961+0000][101544.327s][info][gc          ] GC(3971) Pause Cleanup 3431M->3431M(12288M) 0.413ms
[2025-01-08T00:37:53.961+0000][101544.327s][info][gc,cpu      ] GC(3971) User=0.00s Sys=0.00s Real=0.00s
[2025-01-08T00:37:53.961+0000][101544.327s][info][gc,marking  ] GC(3971) Concurrent Cleanup for Next Mark
[2025-01-08T00:37:53.977+0000][101544.343s][info][gc,marking  ] GC(3971) Concurrent Cleanup for Next Mark 15.986ms
[2025-01-08T00:37:53.977+0000][101544.343s][info][gc          ] GC(3971) Concurrent Mark Cycle 1403.352ms
[2025-01-08T00:38:00.817+0000][101551.183s][info][gc,start    ] GC(3972) Pause Young (Prepare Mixed) (G1 Evacuation Pause)
[2025-01-08T00:38:00.817+0000][101551.183s][info][gc,task     ] GC(3972) Using 6 workers of 6 for evacuation
[2025-01-08T00:38:00.855+0000][101551.221s][info][gc,phases   ] GC(3972)   Pre Evacuate Collection Set: 0.2ms
[2025-01-08T00:38:00.855+0000][101551.221s][info][gc,phases   ] GC(3972)   Merge Heap Roots: 0.7ms
[2025-01-08T00:38:00.855+0000][101551.221s][info][gc,phases   ] GC(3972)   Evacuate Collection Set: 33.2ms
[2025-01-08T00:38:00.855+0000][101551.221s][info][gc,phases   ] GC(3972)   Post Evacuate Collection Set: 4.0ms
[2025-01-08T00:38:00.855+0000][101551.221s][info][gc,phases   ] GC(3972)   Other: 0.3ms
[2025-01-08T00:38:00.855+0000][101551.221s][info][gc,heap     ] GC(3972) Eden regions: 902->0(65)
[2025-01-08T00:38:00.855+0000][101551.221s][info][gc,heap     ] GC(3972) Survivor regions: 11->11(115)
[2025-01-08T00:38:00.855+0000][101551.221s][info][gc,heap     ] GC(3972) Old regions: 250->250
[2025-01-08T00:38:00.855+0000][101551.221s][info][gc,heap     ] GC(3972) Archive regions: 2->2
[2025-01-08T00:38:00.855+0000][101551.221s][info][gc,heap     ] GC(3972) Humongous regions: 49->49
[2025-01-08T00:38:00.855+0000][101551.221s][info][gc,metaspace] GC(3972) Metaspace: 506140K(514944K)->506140K(514944K) NonClass: 444535K(448960K)->444535K(448960K) Class: 61605K(65984K)->61605K(65984K)
[2025-01-08T00:38:00.855+0000][101551.222s][info][gc          ] GC(3972) Pause Young (Prepare Mixed) (G1 Evacuation Pause) 9694M->2479M(12288M) 38.428ms
[2025-01-08T00:38:00.855+0000][101551.222s][info][gc,cpu      ] GC(3972) User=0.23s Sys=0.00s Real=0.04s
[2025-01-08T00:38:01.197+0000][101551.563s][info][gc,start    ] GC(3973) Pause Young (Mixed) (G1 Evacuation Pause)
[2025-01-08T00:38:01.197+0000][101551.563s][info][gc,task     ] GC(3973) Using 6 workers of 6 for evacuation
[2025-01-08T00:38:01.261+0000][101551.627s][info][gc,phases   ] GC(3973)   Pre Evacuate Collection Set: 0.2ms
[2025-01-08T00:38:01.261+0000][101551.627s][info][gc,phases   ] GC(3973)   Merge Heap Roots: 0.7ms
[2025-01-08T00:38:01.261+0000][101551.627s][info][gc,phases   ] GC(3973)   Evacuate Collection Set: 61.3ms
[2025-01-08T00:38:01.261+0000][101551.627s][info][gc,phases   ] GC(3973)   Post Evacuate Collection Set: 1.8ms
[2025-01-08T00:38:01.261+0000][101551.627s][info][gc,phases   ] GC(3973)   Other: 0.2ms
[2025-01-08T00:38:01.261+0000][101551.627s][info][gc,heap     ] GC(3973) Eden regions: 65->0(905)
[2025-01-08T00:38:01.261+0000][101551.627s][info][gc,heap     ] GC(3973) Survivor regions: 11->6(10)
[2025-01-08T00:38:01.261+0000][101551.627s][info][gc,heap     ] GC(3973) Old regions: 250->251
[2025-01-08T00:38:01.261+0000][101551.627s][info][gc,heap     ] GC(3973) Archive regions: 2->2
[2025-01-08T00:38:01.261+0000][101551.627s][info][gc,heap     ] GC(3973) Humongous regions: 49->49
[2025-01-08T00:38:01.261+0000][101551.627s][info][gc,metaspace] GC(3973) Metaspace: 506140K(514944K)->506140K(514944K) NonClass: 444535K(448960K)->444535K(448960K) Class: 61605K(65984K)->61605K(65984K)
[2025-01-08T00:38:01.261+0000][101551.627s][info][gc          ] GC(3973) Pause Young (Mixed) (G1 Evacuation Pause) 2999M->2445M(12288M) 64.232ms
[2025-01-08T00:38:01.261+0000][101551.627s][info][gc,cpu      ] GC(3973) User=0.38s Sys=0.00s Real=0.06s
[2025-01-08T00:38:08.392+0000][101558.758s][info][gc,start    ] GC(3974) Pause Young (Normal) (G1 Evacuation Pause)
[2025-01-08T00:38:08.392+0000][101558.758s][info][gc,task     ] GC(3974) Using 6 workers of 6 for evacuation
[2025-01-08T00:38:08.419+0000][101558.785s][info][gc,phases   ] GC(3974)   Pre Evacuate Collection Set: 0.2ms
[2025-01-08T00:38:08.419+0000][101558.785s][info][gc,phases   ] GC(3974)   Merge Heap Roots: 0.5ms
[2025-01-08T00:38:08.419+0000][101558.785s][info][gc,phases   ] GC(3974)   Evacuate Collection Set: 23.9ms
[2025-01-08T00:38:08.419+0000][101558.785s][info][gc,phases   ] GC(3974)   Post Evacuate Collection Set: 2.5ms
[2025-01-08T00:38:08.419+0000][101558.785s][info][gc,phases   ] GC(3974)   Other: 0.2ms
[2025-01-08T00:38:08.419+0000][101558.785s][info][gc,heap     ] GC(3974) Eden regions: 905->0(906)
[2025-01-08T00:38:08.419+0000][101558.785s][info][gc,heap     ] GC(3974) Survivor regions: 6->6(114)
[2025-01-08T00:38:08.419+0000][101558.785s][info][gc,heap     ] GC(3974) Old regions: 251->251
[2025-01-08T00:38:08.419+0000][101558.785s][info][gc,heap     ] GC(3974) Archive regions: 2->2
[2025-01-08T00:38:08.419+0000][101558.785s][info][gc,heap     ] GC(3974) Humongous regions: 49->49
[2025-01-08T00:38:08.419+0000][101558.785s][info][gc,metaspace] GC(3974) Metaspace: 506140K(514944K)->506140K(514944K) NonClass: 444535K(448960K)->444535K(448960K) Class: 61605K(65984K)->61605K(65984K)
[2025-01-08T00:38:08.419+0000][101558.785s][info][gc          ] GC(3974) Pause Young (Normal) (G1 Evacuation Pause) 9685M->2448M(12288M) 27.400ms
[2025-01-08T00:38:08.419+0000][101558.785s][info][gc,cpu      ] GC(3974) User=0.16s Sys=0.00s Real=0.02s
[2025-01-08T00:38:18.752+0000][101569.118s][info][gc,start    ] GC(3975) Pause Young (Normal) (G1 Evacuation Pause)
[2025-01-08T00:38:18.752+0000][101569.118s][info][gc,task     ] GC(3975) Using 6 workers of 6 for evacuation
[2025-01-08T00:38:18.783+0000][101569.149s][info][gc,phases   ] GC(3975)   Pre Evacuate Collection Set: 0.2ms
[2025-01-08T00:38:18.783+0000][101569.150s][info][gc,phases   ] GC(3975)   Merge Heap Roots: 0.4ms
[2025-01-08T00:38:18.783+0000][101569.150s][info][gc,phases   ] GC(3975)   Evacuate Collection Set: 28.3ms
[2025-01-08T00:38:18.783+0000][101569.150s][info][gc,phases   ] GC(3975)   Post Evacuate Collection Set: 2.6ms
[2025-01-08T00:38:18.783+0000][101569.150s][info][gc,phases   ] GC(3975)   Other: 0.2ms
[2025-01-08T00:38:18.783+0000][101569.150s][info][gc,heap     ] GC(3975) Eden regions: 906->0(904)
[2025-01-08T00:38:18.783+0000][101569.150s][info][gc,heap     ] GC(3975) Survivor regions: 6->8(114)
[2025-01-08T00:38:18.783+0000][101569.150s][info][gc,heap     ] GC(3975) Old regions: 251->251
[2025-01-08T00:38:18.783+0000][101569.150s][info][gc,heap     ] GC(3975) Archive regions: 2->2
[2025-01-08T00:38:18.783+0000][101569.150s][info][gc,heap     ] GC(3975) Humongous regions: 49->49
[2025-01-08T00:38:18.783+0000][101569.150s][info][gc,metaspace] GC(3975) Metaspace: 506141K(514944K)->506141K(514944K) NonClass: 444535K(448960K)->444535K(448960K) Class: 61605K(65984K)->61605K(65984K)
[2025-01-08T00:38:18.783+0000][101569.150s][info][gc          ] GC(3975) Pause Young (Normal) (G1 Evacuation Pause) 9696M->2460M(12288M) 31.822ms
[2025-01-08T00:38:18.784+0000][101569.150s][info][gc,cpu      ] GC(3975) User=0.19s Sys=0.00s Real=0.03s
[2025-01-08T00:38:24.621+0000][101574.987s][info][gc,start    ] GC(3976) Pause Young (Concurrent Start) (G1 Evacuation Pause)
[2025-01-08T00:38:24.621+0000][101574.987s][info][gc,task     ] GC(3976) Using 6 workers of 6 for evacuation
[2025-01-08T00:38:24.657+0000][101575.023s][info][gc,phases   ] GC(3976)   Pre Evacuate Collection Set: 1.1ms
[2025-01-08T00:38:24.657+0000][101575.023s][info][gc,phases   ] GC(3976)   Merge Heap Roots: 0.5ms
[2025-01-08T00:38:24.657+0000][101575.023s][info][gc,phases   ] GC(3976)   Evacuate Collection Set: 31.5ms
[2025-01-08T00:38:24.657+0000][101575.023s][info][gc,phases   ] GC(3976)   Post Evacuate Collection Set: 2.4ms
[2025-01-08T00:38:24.657+0000][101575.023s][info][gc,phases   ] GC(3976)   Other: 0.3ms
[2025-01-08T00:38:24.657+0000][101575.023s][info][gc,heap     ] GC(3976) Eden regions: 904->0(903)
[2025-01-08T00:38:24.657+0000][101575.023s][info][gc,heap     ] GC(3976) Survivor regions: 8->9(114)
[2025-01-08T00:38:24.657+0000][101575.023s][info][gc,heap     ] GC(3976) Old regions: 251->251
[2025-01-08T00:38:24.657+0000][101575.023s][info][gc,heap     ] GC(3976) Archive regions: 2->2
[2025-01-08T00:38:24.657+0000][101575.023s][info][gc,heap     ] GC(3976) Humongous regions: 49->49
[2025-01-08T00:38:24.657+0000][101575.023s][info][gc,metaspace] GC(3976) Metaspace: 506141K(514944K)->506141K(514944K) NonClass: 444535K(448960K)->444535K(448960K) Class: 61605K(65984K)->61605K(65984K)
[2025-01-08T00:38:24.657+0000][101575.023s][info][gc          ] GC(3976) Pause Young (Concurrent Start) (G1 Evacuation Pause) 9692M->2472M(12288M) 35.935ms
[2025-01-08T00:38:24.657+0000][101575.023s][info][gc,cpu      ] GC(3976) User=0.20s Sys=0.00s Real=0.04s
[2025-01-08T00:38:24.657+0000][101575.023s][info][gc          ] GC(3977) Concurrent Mark Cycle
[2025-01-08T00:38:24.657+0000][101575.023s][info][gc,marking  ] GC(3977) Concurrent Clear Claimed Marks
[2025-01-08T00:38:24.658+0000][101575.024s][info][gc,marking  ] GC(3977) Concurrent Clear Claimed Marks 0.966ms
[2025-01-08T00:38:24.658+0000][101575.024s][info][gc,marking  ] GC(3977) Concurrent Scan Root Regions
[2025-01-08T00:38:24.689+0000][101575.055s][info][gc,marking  ] GC(3977) Concurrent Scan Root Regions 31.445ms
[2025-01-08T00:38:24.689+0000][101575.055s][info][gc,marking  ] GC(3977) Concurrent Mark
[2025-01-08T00:38:24.689+0000][101575.055s][info][gc,marking  ] GC(3977) Concurrent Mark From Roots
[2025-01-08T00:38:24.689+0000][101575.055s][info][gc,task     ] GC(3977) Using 2 workers of 2 for marking
[2025-01-08T00:38:25.657+0000][101576.024s][info][gc,marking  ] GC(3977) Concurrent Mark From Roots 968.132ms
[2025-01-08T00:38:25.657+0000][101576.024s][info][gc,marking  ] GC(3977) Concurrent Preclean
[2025-01-08T00:38:25.659+0000][101576.025s][info][gc,marking  ] GC(3977) Concurrent Preclean 1.783ms
[2025-01-08T00:38:25.659+0000][101576.025s][info][gc,start    ] GC(3977) Pause Remark
[2025-01-08T00:38:25.686+0000][101576.052s][info][gc          ] GC(3977) Pause Remark 3340M->3340M(12288M) 26.304ms
[2025-01-08T00:38:25.686+0000][101576.052s][info][gc,cpu      ] GC(3977) User=0.15s Sys=0.00s Real=0.03s
[2025-01-08T00:38:25.686+0000][101576.052s][info][gc,marking  ] GC(3977) Concurrent Mark 996.581ms
[2025-01-08T00:38:25.686+0000][101576.052s][info][gc,marking  ] GC(3977) Concurrent Rebuild Remembered Sets
[2025-01-08T00:38:26.167+0000][101576.533s][info][gc,marking  ] GC(3977) Concurrent Rebuild Remembered Sets 481.155ms
[2025-01-08T00:38:26.167+0000][101576.533s][info][gc,start    ] GC(3977) Pause Cleanup
[2025-01-08T00:38:26.168+0000][101576.534s][info][gc          ] GC(3977) Pause Cleanup 3341M->3341M(12288M) 0.378ms
[2025-01-08T00:38:26.168+0000][101576.534s][info][gc,cpu      ] GC(3977) User=0.00s Sys=0.00s Real=0.00s
[2025-01-08T00:38:26.168+0000][101576.534s][info][gc,marking  ] GC(3977) Concurrent Cleanup for Next Mark
[2025-01-08T00:38:26.183+0000][101576.549s][info][gc,marking  ] GC(3977) Concurrent Cleanup for Next Mark 15.469ms
[2025-01-08T00:38:26.183+0000][101576.549s][info][gc          ] GC(3977) Concurrent Mark Cycle 1526.471ms
[2025-01-08T00:38:32.842+0000][101583.208s][info][gc,start    ] GC(3978) Pause Young (Prepare Mixed) (G1 Evacuation Pause)
[2025-01-08T00:38:32.842+0000][101583.208s][info][gc,task     ] GC(3978) Using 6 workers of 6 for evacuation
[2025-01-08T00:38:32.880+0000][101583.246s][info][gc,phases   ] GC(3978)   Pre Evacuate Collection Set: 0.2ms
[2025-01-08T00:38:32.880+0000][101583.246s][info][gc,phases   ] GC(3978)   Merge Heap Roots: 0.7ms
[2025-01-08T00:38:32.880+0000][101583.246s][info][gc,phases   ] GC(3978)   Evacuate Collection Set: 34.1ms
[2025-01-08T00:38:32.880+0000][101583.246s][info][gc,phases   ] GC(3978)   Post Evacuate Collection Set: 2.7ms
[2025-01-08T00:38:32.880+0000][101583.246s][info][gc,phases   ] GC(3978)   Other: 0.2ms
[2025-01-08T00:38:32.880+0000][101583.246s][info][gc,heap     ] GC(3978) Eden regions: 903->0(66)
[2025-01-08T00:38:32.880+0000][101583.246s][info][gc,heap     ] GC(3978) Survivor regions: 9->10(114)
[2025-01-08T00:38:32.880+0000][101583.246s][info][gc,heap     ] GC(3978) Old regions: 251->251
[2025-01-08T00:38:32.880+0000][101583.246s][info][gc,heap     ] GC(3978) Archive regions: 2->2
[2025-01-08T00:38:32.880+0000][101583.246s][info][gc,heap     ] GC(3978) Humongous regions: 49->49
[2025-01-08T00:38:32.880+0000][101583.246s][info][gc,metaspace] GC(3978) Metaspace: 506141K(514944K)->506141K(514944K) NonClass: 444535K(448960K)->444535K(448960K) Class: 61605K(65984K)->61605K(65984K)
[2025-01-08T00:38:32.880+0000][101583.246s][info][gc          ] GC(3978) Pause Young (Prepare Mixed) (G1 Evacuation Pause) 9696M->2477M(12288M) 37.920ms
[2025-01-08T00:38:32.880+0000][101583.246s][info][gc,cpu      ] GC(3978) User=0.22s Sys=0.00s Real=0.03s
[2025-01-08T00:38:33.213+0000][101583.579s][info][gc,start    ] GC(3979) Pause Young (Mixed) (G1 Evacuation Pause)
[2025-01-08T00:38:33.213+0000][101583.579s][info][gc,task     ] GC(3979) Using 6 workers of 6 for evacuation
[2025-01-08T00:38:33.280+0000][101583.647s][info][gc,phases   ] GC(3979)   Pre Evacuate Collection Set: 0.2ms
[2025-01-08T00:38:33.280+0000][101583.647s][info][gc,phases   ] GC(3979)   Merge Heap Roots: 0.7ms
[2025-01-08T00:38:33.280+0000][101583.647s][info][gc,phases   ] GC(3979)   Evacuate Collection Set: 64.3ms
[2025-01-08T00:38:33.280+0000][101583.647s][info][gc,phases   ] GC(3979)   Post Evacuate Collection Set: 1.8ms
[2025-01-08T00:38:33.280+0000][101583.647s][info][gc,phases   ] GC(3979)   Other: 0.2ms
[2025-01-08T00:38:33.280+0000][101583.647s][info][gc,heap     ] GC(3979) Eden regions: 66->0(906)
[2025-01-08T00:38:33.280+0000][101583.647s][info][gc,heap     ] GC(3979) Survivor regions: 10->5(10)
[2025-01-08T00:38:33.280+0000][101583.647s][info][gc,heap     ] GC(3979) Old regions: 251->253
[2025-01-08T00:38:33.280+0000][101583.647s][info][gc,heap     ] GC(3979) Archive regions: 2->2
[2025-01-08T00:38:33.281+0000][101583.647s][info][gc,heap     ] GC(3979) Humongous regions: 49->49
[2025-01-08T00:38:33.281+0000][101583.647s][info][gc,metaspace] GC(3979) Metaspace: 506141K(514944K)->506141K(514944K) NonClass: 444535K(448960K)->444535K(448960K) Class: 61605K(65984K)->61605K(65984K)
[2025-01-08T00:38:33.281+0000][101583.647s][info][gc          ] GC(3979) Pause Young (Mixed) (G1 Evacuation Pause) 3005M->2453M(12288M) 67.284ms
[2025-01-08T00:38:33.281+0000][101583.647s][info][gc,cpu      ] GC(3979) User=0.38s Sys=0.01s Real=0.06s
[2025-01-08T00:38:40.716+0000][101591.082s][info][gc,start    ] GC(3980) Pause Young (Normal) (G1 Evacuation Pause)
[2025-01-08T00:38:40.716+0000][101591.082s][info][gc,task     ] GC(3980) Using 6 workers of 6 for evacuation
[2025-01-08T00:38:40.741+0000][101591.107s][info][gc,phases   ] GC(3980)   Pre Evacuate Collection Set: 0.2ms
[2025-01-08T00:38:40.741+0000][101591.107s][info][gc,phases   ] GC(3980)   Merge Heap Roots: 0.4ms
[2025-01-08T00:38:40.741+0000][101591.107s][info][gc,phases   ] GC(3980)   Evacuate Collection Set: 20.8ms
[2025-01-08T00:38:40.741+0000][101591.107s][info][gc,phases   ] GC(3980)   Post Evacuate Collection Set: 3.8ms
[2025-01-08T00:38:40.741+0000][101591.107s][info][gc,phases   ] GC(3980)   Other: 0.2ms
[2025-01-08T00:38:40.741+0000][101591.107s][info][gc,heap     ] GC(3980) Eden regions: 906->0(905)
[2025-01-08T00:38:40.741+0000][101591.107s][info][gc,heap     ] GC(3980) Survivor regions: 5->6(114)
[2025-01-08T00:38:40.741+0000][101591.107s][info][gc,heap     ] GC(3980) Old regions: 253->253
[2025-01-08T00:38:40.741+0000][101591.107s][info][gc,heap     ] GC(3980) Archive regions: 2->2
[2025-01-08T00:38:40.741+0000][101591.107s][info][gc,heap     ] GC(3980) Humongous regions: 49->49
[2025-01-08T00:38:40.741+0000][101591.107s][info][gc,metaspace] GC(3980) Metaspace: 506141K(514944K)->506141K(514944K) NonClass: 444535K(448960K)->444535K(448960K) Class: 61605K(65984K)->61605K(65984K)
[2025-01-08T00:38:40.741+0000][101591.107s][info][gc          ] GC(3980) Pause Young (Normal) (G1 Evacuation Pause) 9701M->2459M(12288M) 25.538ms
[2025-01-08T00:38:40.741+0000][101591.107s][info][gc,cpu      ] GC(3980) User=0.15s Sys=0.00s Real=0.02s
[2025-01-08T00:38:48.147+0000][101598.513s][info][gc,start    ] GC(3981) Pause Young (Normal) (G1 Evacuation Pause)
[2025-01-08T00:38:48.147+0000][101598.513s][info][gc,task     ] GC(3981) Using 6 workers of 6 for evacuation
[2025-01-08T00:38:48.176+0000][101598.542s][info][gc,phases   ] GC(3981)   Pre Evacuate Collection Set: 0.2ms
[2025-01-08T00:38:48.176+0000][101598.542s][info][gc,phases   ] GC(3981)   Merge Heap Roots: 0.4ms
[2025-01-08T00:38:48.176+0000][101598.542s][info][gc,phases   ] GC(3981)   Evacuate Collection Set: 24.6ms
[2025-01-08T00:38:48.176+0000][101598.542s][info][gc,phases   ] GC(3981)   Post Evacuate Collection Set: 3.9ms
[2025-01-08T00:38:48.176+0000][101598.542s][info][gc,phases   ] GC(3981)   Other: 0.2ms
[2025-01-08T00:38:48.176+0000][101598.542s][info][gc,heap     ] GC(3981) Eden regions: 905->0(901)
[2025-01-08T00:38:48.176+0000][101598.542s][info][gc,heap     ] GC(3981) Survivor regions: 6->8(114)
[2025-01-08T00:38:48.176+0000][101598.542s][info][gc,heap     ] GC(3981) Old regions: 253->253
[2025-01-08T00:38:48.176+0000][101598.542s][info][gc,heap     ] GC(3981) Archive regions: 2->2
[2025-01-08T00:38:48.176+0000][101598.542s][info][gc,heap     ] GC(3981) Humongous regions: 49->49
[2025-01-08T00:38:48.176+0000][101598.542s][info][gc,metaspace] GC(3981) Metaspace: 506141K(514944K)->506141K(514944K) NonClass: 444535K(448960K)->444535K(448960K) Class: 61605K(65984K)->61605K(65984K)
[2025-01-08T00:38:48.176+0000][101598.542s][info][gc          ] GC(3981) Pause Young (Normal) (G1 Evacuation Pause) 9699M->2475M(12288M) 29.374ms
[2025-01-08T00:38:48.176+0000][101598.542s][info][gc,cpu      ] GC(3981) User=0.17s Sys=0.00s Real=0.03s
[2025-01-08T00:38:56.871+0000][101607.237s][info][gc,start    ] GC(3982) Pause Young (Concurrent Start) (G1 Evacuation Pause)
[2025-01-08T00:38:56.871+0000][101607.237s][info][gc,task     ] GC(3982) Using 6 workers of 6 for evacuation
[2025-01-08T00:38:56.903+0000][101607.269s][info][gc,phases   ] GC(3982)   Pre Evacuate Collection Set: 1.1ms
[2025-01-08T00:38:56.903+0000][101607.269s][info][gc,phases   ] GC(3982)   Merge Heap Roots: 0.5ms
[2025-01-08T00:38:56.903+0000][101607.269s][info][gc,phases   ] GC(3982)   Evacuate Collection Set: 26.4ms
[2025-01-08T00:38:56.903+0000][101607.269s][info][gc,phases   ] GC(3982)   Post Evacuate Collection Set: 3.9ms
[2025-01-08T00:38:56.903+0000][101607.269s][info][gc,phases   ] GC(3982)   Other: 0.3ms
[2025-01-08T00:38:56.903+0000][101607.269s][info][gc,heap     ] GC(3982) Eden regions: 901->0(901)
[2025-01-08T00:38:56.903+0000][101607.269s][info][gc,heap     ] GC(3982) Survivor regions: 8->8(114)
[2025-01-08T00:38:56.903+0000][101607.269s][info][gc,heap     ] GC(3982) Old regions: 253->253
[2025-01-08T00:38:56.903+0000][101607.269s][info][gc,heap     ] GC(3982) Archive regions: 2->2
[2025-01-08T00:38:56.903+0000][101607.269s][info][gc,heap     ] GC(3982) Humongous regions: 49->49
[2025-01-08T00:38:56.903+0000][101607.269s][info][gc,metaspace] GC(3982) Metaspace: 506141K(514944K)->506141K(514944K) NonClass: 444536K(448960K)->444536K(448960K) Class: 61605K(65984K)->61605K(65984K)
[2025-01-08T00:38:56.903+0000][101607.269s][info][gc          ] GC(3982) Pause Young (Concurrent Start) (G1 Evacuation Pause) 9683M->2479M(12288M) 32.141ms
[2025-01-08T00:38:56.903+0000][101607.270s][info][gc,cpu      ] GC(3982) User=0.18s Sys=0.00s Real=0.03s
[2025-01-08T00:38:56.903+0000][101607.270s][info][gc          ] GC(3983) Concurrent Mark Cycle
[2025-01-08T00:38:56.903+0000][101607.270s][info][gc,marking  ] GC(3983) Concurrent Clear Claimed Marks
[2025-01-08T00:38:56.904+0000][101607.270s][info][gc,marking  ] GC(3983) Concurrent Clear Claimed Marks 0.860ms
[2025-01-08T00:38:56.904+0000][101607.270s][info][gc,marking  ] GC(3983) Concurrent Scan Root Regions
[2025-01-08T00:38:56.927+0000][101607.293s][info][gc,marking  ] GC(3983) Concurrent Scan Root Regions 22.871ms
[2025-01-08T00:38:56.927+0000][101607.293s][info][gc,marking  ] GC(3983) Concurrent Mark
[2025-01-08T00:38:56.927+0000][101607.293s][info][gc,marking  ] GC(3983) Concurrent Mark From Roots
[2025-01-08T00:38:56.927+0000][101607.293s][info][gc,task     ] GC(3983) Using 2 workers of 2 for marking
[2025-01-08T00:38:57.901+0000][101608.267s][info][gc,marking  ] GC(3983) Concurrent Mark From Roots 973.628ms
[2025-01-08T00:38:57.901+0000][101608.267s][info][gc,marking  ] GC(3983) Concurrent Preclean
[2025-01-08T00:38:57.903+0000][101608.269s][info][gc,marking  ] GC(3983) Concurrent Preclean 1.976ms
[2025-01-08T00:38:57.903+0000][101608.269s][info][gc,start    ] GC(3983) Pause Remark
[2025-01-08T00:38:57.929+0000][101608.295s][info][gc          ] GC(3983) Pause Remark 3639M->3639M(12288M) 25.723ms
[2025-01-08T00:38:57.929+0000][101608.295s][info][gc,cpu      ] GC(3983) User=0.14s Sys=0.01s Real=0.02s
[2025-01-08T00:38:57.929+0000][101608.295s][info][gc,marking  ] GC(3983) Concurrent Mark 1001.713ms
[2025-01-08T00:38:57.929+0000][101608.295s][info][gc,marking  ] GC(3983) Concurrent Rebuild Remembered Sets
[2025-01-08T00:38:58.546+0000][101608.913s][info][gc,marking  ] GC(3983) Concurrent Rebuild Remembered Sets 617.443ms
[2025-01-08T00:38:58.547+0000][101608.913s][info][gc,start    ] GC(3983) Pause Cleanup
[2025-01-08T00:38:58.547+0000][101608.913s][info][gc          ] GC(3983) Pause Cleanup 4531M->4531M(12288M) 0.426ms
[2025-01-08T00:38:58.547+0000][101608.913s][info][gc,cpu      ] GC(3983) User=0.00s Sys=0.00s Real=0.00s
[2025-01-08T00:38:58.547+0000][101608.913s][info][gc,marking  ] GC(3983) Concurrent Cleanup for Next Mark
[2025-01-08T00:38:58.563+0000][101608.929s][info][gc,marking  ] GC(3983) Concurrent Cleanup for Next Mark 15.413ms
[2025-01-08T00:38:58.563+0000][101608.929s][info][gc          ] GC(3983) Concurrent Mark Cycle 1659.177ms
[2025-01-08T00:39:01.779+0000][101612.145s][info][gc,start    ] GC(3984) Pause Young (Prepare Mixed) (G1 Evacuation Pause)
[2025-01-08T00:39:01.779+0000][101612.146s][info][gc,task     ] GC(3984) Using 6 workers of 6 for evacuation
[2025-01-08T00:39:01.811+0000][101612.177s][info][gc,phases   ] GC(3984)   Pre Evacuate Collection Set: 0.2ms
[2025-01-08T00:39:01.811+0000][101612.177s][info][gc,phases   ] GC(3984)   Merge Heap Roots: 0.7ms
[2025-01-08T00:39:01.811+0000][101612.177s][info][gc,phases   ] GC(3984)   Evacuate Collection Set: 27.8ms
[2025-01-08T00:39:01.811+0000][101612.177s][info][gc,phases   ] GC(3984)   Post Evacuate Collection Set: 2.6ms
[2025-01-08T00:39:01.811+0000][101612.177s][info][gc,phases   ] GC(3984)   Other: 0.2ms
[2025-01-08T00:39:01.811+0000][101612.177s][info][gc,heap     ] GC(3984) Eden regions: 901->0(67)
[2025-01-08T00:39:01.811+0000][101612.177s][info][gc,heap     ] GC(3984) Survivor regions: 8->9(114)
[2025-01-08T00:39:01.811+0000][101612.177s][info][gc,heap     ] GC(3984) Old regions: 253->253
[2025-01-08T00:39:01.811+0000][101612.177s][info][gc,heap     ] GC(3984) Archive regions: 2->2
[2025-01-08T00:39:01.811+0000][101612.177s][info][gc,heap     ] GC(3984) Humongous regions: 49->49
[2025-01-08T00:39:01.811+0000][101612.177s][info][gc,metaspace] GC(3984) Metaspace: 506143K(514944K)->506143K(514944K) NonClass: 444537K(448960K)->444537K(448960K) Class: 61606K(65984K)->61606K(65984K)
[2025-01-08T00:39:01.811+0000][101612.177s][info][gc          ] GC(3984) Pause Young (Prepare Mixed) (G1 Evacuation Pause) 9687M->2482M(12288M) 31.610ms
[2025-01-08T00:39:01.811+0000][101612.177s][info][gc,cpu      ] GC(3984) User=0.19s Sys=0.00s Real=0.04s
[2025-01-08T00:39:02.191+0000][101612.557s][info][gc,start    ] GC(3985) Pause Young (Mixed) (G1 Evacuation Pause)
[2025-01-08T00:39:02.191+0000][101612.557s][info][gc,task     ] GC(3985) Using 6 workers of 6 for evacuation
[2025-01-08T00:39:02.231+0000][101612.597s][info][gc,phases   ] GC(3985)   Pre Evacuate Collection Set: 0.2ms
[2025-01-08T00:39:02.231+0000][101612.597s][info][gc,phases   ] GC(3985)   Merge Heap Roots: 0.4ms
[2025-01-08T00:39:02.231+0000][101612.597s][info][gc,phases   ] GC(3985)   Evacuate Collection Set: 37.9ms
[2025-01-08T00:39:02.231+0000][101612.597s][info][gc,phases   ] GC(3985)   Post Evacuate Collection Set: 1.6ms
[2025-01-08T00:39:02.231+0000][101612.597s][info][gc,phases   ] GC(3985)   Other: 0.2ms
[2025-01-08T00:39:02.231+0000][101612.597s][info][gc,heap     ] GC(3985) Eden regions: 67->0(909)
[2025-01-08T00:39:02.231+0000][101612.597s][info][gc,heap     ] GC(3985) Survivor regions: 9->6(10)
[2025-01-08T00:39:02.231+0000][101612.597s][info][gc,heap     ] GC(3985) Old regions: 253->250
[2025-01-08T00:39:02.231+0000][101612.597s][info][gc,heap     ] GC(3985) Archive regions: 2->2
[2025-01-08T00:39:02.231+0000][101612.597s][info][gc,heap     ] GC(3985) Humongous regions: 49->49
[2025-01-08T00:39:02.231+0000][101612.597s][info][gc,metaspace] GC(3985) Metaspace: 506143K(514944K)->506143K(514944K) NonClass: 444537K(448960K)->444537K(448960K) Class: 61606K(65984K)->61606K(65984K)
[2025-01-08T00:39:02.231+0000][101612.597s][info][gc          ] GC(3985) Pause Young (Mixed) (G1 Evacuation Pause) 3018M->2433M(12288M) 40.363ms
[2025-01-08T00:39:02.231+0000][101612.597s][info][gc,cpu      ] GC(3985) User=0.23s Sys=0.00s Real=0.04s
[2025-01-08T00:39:09.322+0000][101619.688s][info][gc,start    ] GC(3986) Pause Young (Normal) (G1 Evacuation Pause)
[2025-01-08T00:39:09.322+0000][101619.688s][info][gc,task     ] GC(3986) Using 6 workers of 6 for evacuation
[2025-01-08T00:39:09.348+0000][101619.714s][info][gc,phases   ] GC(3986)   Pre Evacuate Collection Set: 0.2ms
[2025-01-08T00:39:09.348+0000][101619.714s][info][gc,phases   ] GC(3986)   Merge Heap Roots: 0.5ms
[2025-01-08T00:39:09.348+0000][101619.714s][info][gc,phases   ] GC(3986)   Evacuate Collection Set: 22.1ms
[2025-01-08T00:39:09.348+0000][101619.714s][info][gc,phases   ] GC(3986)   Post Evacuate Collection Set: 2.6ms
[2025-01-08T00:39:09.348+0000][101619.714s][info][gc,phases   ] GC(3986)   Other: 0.2ms
[2025-01-08T00:39:09.348+0000][101619.714s][info][gc,heap     ] GC(3986) Eden regions: 909->0(909)
[2025-01-08T00:39:09.348+0000][101619.714s][info][gc,heap     ] GC(3986) Survivor regions: 6->6(115)
[2025-01-08T00:39:09.348+0000][101619.714s][info][gc,heap     ] GC(3986) Old regions: 250->250
[2025-01-08T00:39:09.348+0000][101619.714s][info][gc,heap     ] GC(3986) Archive regions: 2->2
[2025-01-08T00:39:09.348+0000][101619.714s][info][gc,heap     ] GC(3986) Humongous regions: 49->49
[2025-01-08T00:39:09.348+0000][101619.714s][info][gc,metaspace] GC(3986) Metaspace: 506143K(514944K)->506143K(514944K) NonClass: 444537K(448960K)->444537K(448960K) Class: 61606K(65984K)->61606K(65984K)
[2025-01-08T00:39:09.348+0000][101619.714s][info][gc          ] GC(3986) Pause Young (Normal) (G1 Evacuation Pause) 9705M->2439M(12288M) 25.719ms
[2025-01-08T00:39:09.348+0000][101619.714s][info][gc,cpu      ] GC(3986) User=0.15s Sys=0.00s Real=0.02s
[2025-01-08T00:39:17.642+0000][101628.008s][info][gc,start    ] GC(3987) Pause Young (Normal) (G1 Evacuation Pause)
[2025-01-08T00:39:17.642+0000][101628.008s][info][gc,task     ] GC(3987) Using 6 workers of 6 for evacuation
[2025-01-08T00:39:17.670+0000][101628.036s][info][gc,phases   ] GC(3987)   Pre Evacuate Collection Set: 0.2ms
[2025-01-08T00:39:17.670+0000][101628.036s][info][gc,phases   ] GC(3987)   Merge Heap Roots: 0.5ms
[2025-01-08T00:39:17.670+0000][101628.036s][info][gc,phases   ] GC(3987)   Evacuate Collection Set: 24.8ms
[2025-01-08T00:39:17.670+0000][101628.036s][info][gc,phases   ] GC(3987)   Post Evacuate Collection Set: 2.6ms
[2025-01-08T00:39:17.670+0000][101628.036s][info][gc,phases   ] GC(3987)   Other: 0.2ms
[2025-01-08T00:39:17.670+0000][101628.036s][info][gc,heap     ] GC(3987) Eden regions: 909->0(906)
[2025-01-08T00:39:17.670+0000][101628.036s][info][gc,heap     ] GC(3987) Survivor regions: 6->8(115)
[2025-01-08T00:39:17.670+0000][101628.036s][info][gc,heap     ] GC(3987) Old regions: 250->250
[2025-01-08T00:39:17.670+0000][101628.036s][info][gc,heap     ] GC(3987) Archive regions: 2->2
[2025-01-08T00:39:17.670+0000][101628.036s][info][gc,heap     ] GC(3987) Humongous regions: 49->49
[2025-01-08T00:39:17.670+0000][101628.036s][info][gc,metaspace] GC(3987) Metaspace: 506143K(514944K)->506143K(514944K) NonClass: 444537K(448960K)->444537K(448960K) Class: 61606K(65984K)->61606K(65984K)
[2025-01-08T00:39:17.670+0000][101628.036s][info][gc          ] GC(3987) Pause Young (Normal) (G1 Evacuation Pause) 9711M->2453M(12288M) 28.366ms
[2025-01-08T00:39:17.670+0000][101628.036s][info][gc,cpu      ] GC(3987) User=0.16s Sys=0.00s Real=0.03s
[2025-01-08T00:39:24.026+0000][101634.392s][info][gc,start    ] GC(3988) Pause Young (Concurrent Start) (G1 Evacuation Pause)
[2025-01-08T00:39:24.026+0000][101634.392s][info][gc,task     ] GC(3988) Using 6 workers of 6 for evacuation
[2025-01-08T00:39:24.058+0000][101634.425s][info][gc,phases   ] GC(3988)   Pre Evacuate Collection Set: 1.1ms
[2025-01-08T00:39:24.058+0000][101634.425s][info][gc,phases   ] GC(3988)   Merge Heap Roots: 0.5ms
[2025-01-08T00:39:24.058+0000][101634.425s][info][gc,phases   ] GC(3988)   Evacuate Collection Set: 28.3ms
[2025-01-08T00:39:24.058+0000][101634.425s][info][gc,phases   ] GC(3988)   Post Evacuate Collection Set: 2.5ms
[2025-01-08T00:39:24.059+0000][101634.425s][info][gc,phases   ] GC(3988)   Other: 0.3ms
[2025-01-08T00:39:24.059+0000][101634.425s][info][gc,heap     ] GC(3988) Eden regions: 906->0(906)
[2025-01-08T00:39:24.059+0000][101634.425s][info][gc,heap     ] GC(3988) Survivor regions: 8->9(115)
[2025-01-08T00:39:24.059+0000][101634.425s][info][gc,heap     ] GC(3988) Old regions: 250->250
[2025-01-08T00:39:24.059+0000][101634.425s][info][gc,heap     ] GC(3988) Archive regions: 2->2
[2025-01-08T00:39:24.059+0000][101634.425s][info][gc,heap     ] GC(3988) Humongous regions: 49->49
[2025-01-08T00:39:24.059+0000][101634.425s][info][gc,metaspace] GC(3988) Metaspace: 506143K(514944K)->506143K(514944K) NonClass: 444537K(448960K)->444537K(448960K) Class: 61606K(65984K)->61606K(65984K)
[2025-01-08T00:39:24.059+0000][101634.425s][info][gc          ] GC(3988) Pause Young (Concurrent Start) (G1 Evacuation Pause) 9701M->2463M(12288M) 32.661ms
[2025-01-08T00:39:24.059+0000][101634.425s][info][gc,cpu      ] GC(3988) User=0.19s Sys=0.00s Real=0.03s
[2025-01-08T00:39:24.059+0000][101634.425s][info][gc          ] GC(3989) Concurrent Mark Cycle
[2025-01-08T00:39:24.059+0000][101634.425s][info][gc,marking  ] GC(3989) Concurrent Clear Claimed Marks
[2025-01-08T00:39:24.060+0000][101634.426s][info][gc,marking  ] GC(3989) Concurrent Clear Claimed Marks 0.903ms
[2025-01-08T00:39:24.060+0000][101634.426s][info][gc,marking  ] GC(3989) Concurrent Scan Root Regions
[2025-01-08T00:39:24.087+0000][101634.453s][info][gc,marking  ] GC(3989) Concurrent Scan Root Regions 27.495ms
[2025-01-08T00:39:24.087+0000][101634.453s][info][gc,marking  ] GC(3989) Concurrent Mark
[2025-01-08T00:39:24.087+0000][101634.453s][info][gc,marking  ] GC(3989) Concurrent Mark From Roots
[2025-01-08T00:39:24.087+0000][101634.453s][info][gc,task     ] GC(3989) Using 2 workers of 2 for marking
[2025-01-08T00:39:25.097+0000][101635.463s][info][gc,marking  ] GC(3989) Concurrent Mark From Roots 1010.030ms
[2025-01-08T00:39:25.097+0000][101635.463s][info][gc,marking  ] GC(3989) Concurrent Preclean
[2025-01-08T00:39:25.099+0000][101635.465s][info][gc,marking  ] GC(3989) Concurrent Preclean 2.161ms
[2025-01-08T00:39:25.099+0000][101635.466s][info][gc,start    ] GC(3989) Pause Remark
[2025-01-08T00:39:25.126+0000][101635.492s][info][gc          ] GC(3989) Pause Remark 3711M->3711M(12288M) 26.548ms
[2025-01-08T00:39:25.126+0000][101635.492s][info][gc,cpu      ] GC(3989) User=0.15s Sys=0.00s Real=0.03s
[2025-01-08T00:39:25.126+0000][101635.493s][info][gc,marking  ] GC(3989) Concurrent Mark 1039.323ms
[2025-01-08T00:39:25.126+0000][101635.493s][info][gc,marking  ] GC(3989) Concurrent Rebuild Remembered Sets
[2025-01-08T00:39:25.750+0000][101636.116s][info][gc,marking  ] GC(3989) Concurrent Rebuild Remembered Sets 623.841ms
[2025-01-08T00:39:25.750+0000][101636.117s][info][gc,start    ] GC(3989) Pause Cleanup
[2025-01-08T00:39:25.751+0000][101636.117s][info][gc          ] GC(3989) Pause Cleanup 4359M->4359M(12288M) 0.416ms
[2025-01-08T00:39:25.751+0000][101636.117s][info][gc,cpu      ] GC(3989) User=0.00s Sys=0.00s Real=0.00s
[2025-01-08T00:39:25.751+0000][101636.117s][info][gc,marking  ] GC(3989) Concurrent Cleanup for Next Mark
[2025-01-08T00:39:25.766+0000][101636.133s][info][gc,marking  ] GC(3989) Concurrent Cleanup for Next Mark 15.482ms
[2025-01-08T00:39:25.766+0000][101636.133s][info][gc          ] GC(3989) Concurrent Mark Cycle 1707.861ms
[2025-01-08T00:39:31.117+0000][101641.483s][info][gc,start    ] GC(3990) Pause Young (Prepare Mixed) (G1 Evacuation Pause)
[2025-01-08T00:39:31.117+0000][101641.483s][info][gc,task     ] GC(3990) Using 6 workers of 6 for evacuation
[2025-01-08T00:39:31.153+0000][101641.519s][info][gc,phases   ] GC(3990)   Pre Evacuate Collection Set: 0.2ms
[2025-01-08T00:39:31.153+0000][101641.519s][info][gc,phases   ] GC(3990)   Merge Heap Roots: 0.8ms
[2025-01-08T00:39:31.153+0000][101641.519s][info][gc,phases   ] GC(3990)   Evacuate Collection Set: 32.8ms
[2025-01-08T00:39:31.153+0000][101641.519s][info][gc,phases   ] GC(3990)   Post Evacuate Collection Set: 2.7ms
[2025-01-08T00:39:31.153+0000][101641.519s][info][gc,phases   ] GC(3990)   Other: 0.2ms
[2025-01-08T00:39:31.153+0000][101641.519s][info][gc,heap     ] GC(3990) Eden regions: 906->0(65)
[2025-01-08T00:39:31.153+0000][101641.519s][info][gc,heap     ] GC(3990) Survivor regions: 9->11(115)
[2025-01-08T00:39:31.153+0000][101641.519s][info][gc,heap     ] GC(3990) Old regions: 250->250
[2025-01-08T00:39:31.153+0000][101641.519s][info][gc,heap     ] GC(3990) Archive regions: 2->2
[2025-01-08T00:39:31.153+0000][101641.519s][info][gc,heap     ] GC(3990) Humongous regions: 49->49
[2025-01-08T00:39:31.153+0000][101641.519s][info][gc,metaspace] GC(3990) Metaspace: 506144K(514944K)->506144K(514944K) NonClass: 444538K(448960K)->444538K(448960K) Class: 61606K(65984K)->61606K(65984K)
[2025-01-08T00:39:31.153+0000][101641.519s][info][gc          ] GC(3990) Pause Young (Prepare Mixed) (G1 Evacuation Pause) 9711M->2474M(12288M) 36.714ms
[2025-01-08T00:39:31.153+0000][101641.519s][info][gc,cpu      ] GC(3990) User=0.22s Sys=0.00s Real=0.04s
[2025-01-08T00:39:31.510+0000][101641.876s][info][gc,start    ] GC(3991) Pause Young (Mixed) (G1 Evacuation Pause)
[2025-01-08T00:39:31.510+0000][101641.876s][info][gc,task     ] GC(3991) Using 6 workers of 6 for evacuation
[2025-01-08T00:39:31.571+0000][101641.937s][info][gc,phases   ] GC(3991)   Pre Evacuate Collection Set: 0.2ms
[2025-01-08T00:39:31.571+0000][101641.937s][info][gc,phases   ] GC(3991)   Merge Heap Roots: 0.7ms
[2025-01-08T00:39:31.571+0000][101641.937s][info][gc,phases   ] GC(3991)   Evacuate Collection Set: 57.5ms
[2025-01-08T00:39:31.571+0000][101641.937s][info][gc,phases   ] GC(3991)   Post Evacuate Collection Set: 1.8ms
[2025-01-08T00:39:31.571+0000][101641.937s][info][gc,phases   ] GC(3991)   Other: 0.2ms
[2025-01-08T00:39:31.571+0000][101641.937s][info][gc,heap     ] GC(3991) Eden regions: 65->0(908)
[2025-01-08T00:39:31.571+0000][101641.937s][info][gc,heap     ] GC(3991) Survivor regions: 11->5(10)
[2025-01-08T00:39:31.571+0000][101641.937s][info][gc,heap     ] GC(3991) Old regions: 250->251
[2025-01-08T00:39:31.571+0000][101641.937s][info][gc,heap     ] GC(3991) Archive regions: 2->2
[2025-01-08T00:39:31.571+0000][101641.937s][info][gc,heap     ] GC(3991) Humongous regions: 49->49
[2025-01-08T00:39:31.571+0000][101641.937s][info][gc,metaspace] GC(3991) Metaspace: 506144K(514944K)->506144K(514944K) NonClass: 444538K(448960K)->444538K(448960K) Class: 61606K(65984K)->61606K(65984K)
[2025-01-08T00:39:31.571+0000][101641.937s][info][gc          ] GC(3991) Pause Young (Mixed) (G1 Evacuation Pause) 2994M->2440M(12288M) 60.474ms
[2025-01-08T00:39:31.571+0000][101641.937s][info][gc,cpu      ] GC(3991) User=0.36s Sys=0.00s Real=0.06s
[2025-01-08T00:39:38.596+0000][101648.962s][info][gc,start    ] GC(3992) Pause Young (Normal) (G1 Evacuation Pause)
[2025-01-08T00:39:38.596+0000][101648.962s][info][gc,task     ] GC(3992) Using 6 workers of 6 for evacuation
[2025-01-08T00:39:38.619+0000][101648.985s][info][gc,phases   ] GC(3992)   Pre Evacuate Collection Set: 0.2ms
[2025-01-08T00:39:38.619+0000][101648.985s][info][gc,phases   ] GC(3992)   Merge Heap Roots: 0.4ms
[2025-01-08T00:39:38.619+0000][101648.985s][info][gc,phases   ] GC(3992)   Evacuate Collection Set: 18.8ms
[2025-01-08T00:39:38.619+0000][101648.985s][info][gc,phases   ] GC(3992)   Post Evacuate Collection Set: 3.7ms
[2025-01-08T00:39:38.619+0000][101648.985s][info][gc,phases   ] GC(3992)   Other: 0.2ms
[2025-01-08T00:39:38.619+0000][101648.985s][info][gc,heap     ] GC(3992) Eden regions: 908->0(907)
[2025-01-08T00:39:38.619+0000][101648.985s][info][gc,heap     ] GC(3992) Survivor regions: 5->6(115)
[2025-01-08T00:39:38.619+0000][101648.985s][info][gc,heap     ] GC(3992) Old regions: 251->251
[2025-01-08T00:39:38.619+0000][101648.985s][info][gc,heap     ] GC(3992) Archive regions: 2->2
[2025-01-08T00:39:38.619+0000][101648.985s][info][gc,heap     ] GC(3992) Humongous regions: 49->49
[2025-01-08T00:39:38.619+0000][101648.985s][info][gc,metaspace] GC(3992) Metaspace: 506144K(514944K)->506144K(514944K) NonClass: 444538K(448960K)->444538K(448960K) Class: 61606K(65984K)->61606K(65984K)
[2025-01-08T00:39:38.619+0000][101648.985s][info][gc          ] GC(3992) Pause Young (Normal) (G1 Evacuation Pause) 9704M->2444M(12288M) 23.436ms
[2025-01-08T00:39:38.619+0000][101648.985s][info][gc,cpu      ] GC(3992) User=0.14s Sys=0.00s Real=0.02s
[2025-01-08T00:39:47.898+0000][101658.264s][info][gc,start    ] GC(3993) Pause Young (Normal) (G1 Evacuation Pause)
[2025-01-08T00:39:47.898+0000][101658.264s][info][gc,task     ] GC(3993) Using 6 workers of 6 for evacuation
[2025-01-08T00:39:47.927+0000][101658.293s][info][gc,phases   ] GC(3993)   Pre Evacuate Collection Set: 0.2ms
[2025-01-08T00:39:47.927+0000][101658.293s][info][gc,phases   ] GC(3993)   Merge Heap Roots: 0.4ms
[2025-01-08T00:39:47.927+0000][101658.293s][info][gc,phases   ] GC(3993)   Evacuate Collection Set: 24.0ms
[2025-01-08T00:39:47.927+0000][101658.293s][info][gc,phases   ] GC(3993)   Post Evacuate Collection Set: 4.0ms
[2025-01-08T00:39:47.927+0000][101658.293s][info][gc,phases   ] GC(3993)   Other: 0.2ms
[2025-01-08T00:39:47.927+0000][101658.293s][info][gc,heap     ] GC(3993) Eden regions: 907->0(905)
[2025-01-08T00:39:47.927+0000][101658.293s][info][gc,heap     ] GC(3993) Survivor regions: 6->7(115)
[2025-01-08T00:39:47.927+0000][101658.293s][info][gc,heap     ] GC(3993) Old regions: 251->251
[2025-01-08T00:39:47.927+0000][101658.293s][info][gc,heap     ] GC(3993) Archive regions: 2->2
[2025-01-08T00:39:47.927+0000][101658.293s][info][gc,heap     ] GC(3993) Humongous regions: 49->49
[2025-01-08T00:39:47.927+0000][101658.293s][info][gc,metaspace] GC(3993) Metaspace: 506144K(514944K)->506144K(514944K) NonClass: 444538K(448960K)->444538K(448960K) Class: 61606K(65984K)->61606K(65984K)
[2025-01-08T00:39:47.927+0000][101658.293s][info][gc          ] GC(3993) Pause Young (Normal) (G1 Evacuation Pause) 9700M->2456M(12288M) 28.920ms
[2025-01-08T00:39:47.927+0000][101658.293s][info][gc,cpu      ] GC(3993) User=0.17s Sys=0.00s Real=0.03s
[2025-01-08T00:39:54.923+0000][101665.289s][info][gc,start    ] GC(3994) Pause Young (Concurrent Start) (G1 Evacuation Pause)
[2025-01-08T00:39:54.923+0000][101665.289s][info][gc,task     ] GC(3994) Using 6 workers of 6 for evacuation
[2025-01-08T00:39:54.955+0000][101665.321s][info][gc,phases   ] GC(3994)   Pre Evacuate Collection Set: 1.0ms
[2025-01-08T00:39:54.955+0000][101665.321s][info][gc,phases   ] GC(3994)   Merge Heap Roots: 0.4ms
[2025-01-08T00:39:54.955+0000][101665.321s][info][gc,phases   ] GC(3994)   Evacuate Collection Set: 26.5ms
[2025-01-08T00:39:54.955+0000][101665.321s][info][gc,phases   ] GC(3994)   Post Evacuate Collection Set: 3.8ms
[2025-01-08T00:39:54.955+0000][101665.322s][info][gc,phases   ] GC(3994)   Other: 0.3ms
[2025-01-08T00:39:54.955+0000][101665.322s][info][gc,heap     ] GC(3994) Eden regions: 905->0(904)
[2025-01-08T00:39:54.955+0000][101665.322s][info][gc,heap     ] GC(3994) Survivor regions: 7->8(114)
[2025-01-08T00:39:54.955+0000][101665.322s][info][gc,heap     ] GC(3994) Old regions: 251->251
[2025-01-08T00:39:54.955+0000][101665.322s][info][gc,heap     ] GC(3994) Archive regions: 2->2
[2025-01-08T00:39:54.955+0000][101665.322s][info][gc,heap     ] GC(3994) Humongous regions: 49->49
[2025-01-08T00:39:54.955+0000][101665.322s][info][gc,metaspace] GC(3994) Metaspace: 506144K(514944K)->506144K(514944K) NonClass: 444538K(448960K)->444538K(448960K) Class: 61606K(65984K)->61606K(65984K)
[2025-01-08T00:39:54.955+0000][101665.322s][info][gc          ] GC(3994) Pause Young (Concurrent Start) (G1 Evacuation Pause) 9696M->2462M(12288M) 32.185ms
[2025-01-08T00:39:54.955+0000][101665.322s][info][gc,cpu      ] GC(3994) User=0.18s Sys=0.00s Real=0.03s
[2025-01-08T00:39:54.956+0000][101665.322s][info][gc          ] GC(3995) Concurrent Mark Cycle
[2025-01-08T00:39:54.956+0000][101665.322s][info][gc,marking  ] GC(3995) Concurrent Clear Claimed Marks
[2025-01-08T00:39:54.956+0000][101665.323s][info][gc,marking  ] GC(3995) Concurrent Clear Claimed Marks 0.915ms
[2025-01-08T00:39:54.956+0000][101665.323s][info][gc,marking  ] GC(3995) Concurrent Scan Root Regions
[2025-01-08T00:39:54.986+0000][101665.352s][info][gc,marking  ] GC(3995) Concurrent Scan Root Regions 29.262ms
[2025-01-08T00:39:54.986+0000][101665.352s][info][gc,marking  ] GC(3995) Concurrent Mark
[2025-01-08T00:39:54.986+0000][101665.352s][info][gc,marking  ] GC(3995) Concurrent Mark From Roots
[2025-01-08T00:39:54.986+0000][101665.352s][info][gc,task     ] GC(3995) Using 2 workers of 2 for marking
[2025-01-08T00:39:55.988+0000][101666.354s][info][gc,marking  ] GC(3995) Concurrent Mark From Roots 1001.765ms
[2025-01-08T00:39:55.988+0000][101666.354s][info][gc,marking  ] GC(3995) Concurrent Preclean
[2025-01-08T00:39:55.990+0000][101666.356s][info][gc,marking  ] GC(3995) Concurrent Preclean 2.442ms
[2025-01-08T00:39:55.990+0000][101666.356s][info][gc,start    ] GC(3995) Pause Remark
[2025-01-08T00:39:56.016+0000][101666.382s][info][gc          ] GC(3995) Pause Remark 3686M->3686M(12288M) 25.977ms
[2025-01-08T00:39:56.016+0000][101666.382s][info][gc,cpu      ] GC(3995) User=0.14s Sys=0.00s Real=0.02s
[2025-01-08T00:39:56.016+0000][101666.382s][info][gc,marking  ] GC(3995) Concurrent Mark 1030.519ms
[2025-01-08T00:39:56.016+0000][101666.382s][info][gc,marking  ] GC(3995) Concurrent Rebuild Remembered Sets
[2025-01-08T00:39:56.505+0000][101666.871s][info][gc,marking  ] GC(3995) Concurrent Rebuild Remembered Sets 488.921ms
[2025-01-08T00:39:56.505+0000][101666.872s][info][gc,start    ] GC(3995) Pause Cleanup
[2025-01-08T00:39:56.506+0000][101666.872s][info][gc          ] GC(3995) Pause Cleanup 4042M->4042M(12288M) 0.410ms
[2025-01-08T00:39:56.506+0000][101666.872s][info][gc,cpu      ] GC(3995) User=0.00s Sys=0.00s Real=0.00s
[2025-01-08T00:39:56.506+0000][101666.872s][info][gc,marking  ] GC(3995) Concurrent Cleanup for Next Mark
[2025-01-08T00:39:56.521+0000][101666.887s][info][gc,marking  ] GC(3995) Concurrent Cleanup for Next Mark 15.353ms
[2025-01-08T00:39:56.521+0000][101666.887s][info][gc          ] GC(3995) Concurrent Mark Cycle 1565.797ms
[2025-01-08T00:40:01.214+0000][101671.580s][info][gc,start    ] GC(3996) Pause Young (Prepare Mixed) (G1 Evacuation Pause)
[2025-01-08T00:40:01.214+0000][101671.580s][info][gc,task     ] GC(3996) Using 6 workers of 6 for evacuation
[2025-01-08T00:40:01.250+0000][101671.616s][info][gc,phases   ] GC(3996)   Pre Evacuate Collection Set: 0.2ms
[2025-01-08T00:40:01.250+0000][101671.616s][info][gc,phases   ] GC(3996)   Merge Heap Roots: 0.7ms
[2025-01-08T00:40:01.250+0000][101671.616s][info][gc,phases   ] GC(3996)   Evacuate Collection Set: 32.1ms
[2025-01-08T00:40:01.250+0000][101671.616s][info][gc,phases   ] GC(3996)   Post Evacuate Collection Set: 2.5ms
[2025-01-08T00:40:01.250+0000][101671.616s][info][gc,phases   ] GC(3996)   Other: 0.2ms
[2025-01-08T00:40:01.250+0000][101671.616s][info][gc,heap     ] GC(3996) Eden regions: 904->0(67)
[2025-01-08T00:40:01.250+0000][101671.616s][info][gc,heap     ] GC(3996) Survivor regions: 8->9(114)
[2025-01-08T00:40:01.250+0000][101671.616s][info][gc,heap     ] GC(3996) Old regions: 251->251
[2025-01-08T00:40:01.250+0000][101671.616s][info][gc,heap     ] GC(3996) Archive regions: 2->2
[2025-01-08T00:40:01.250+0000][101671.616s][info][gc,heap     ] GC(3996) Humongous regions: 49->49
[2025-01-08T00:40:01.250+0000][101671.616s][info][gc,metaspace] GC(3996) Metaspace: 506151K(515008K)->506151K(515008K) NonClass: 444545K(449024K)->444545K(449024K) Class: 61606K(65984K)->61606K(65984K)
[2025-01-08T00:40:01.250+0000][101671.616s][info][gc          ] GC(3996) Pause Young (Prepare Mixed) (G1 Evacuation Pause) 9694M->2472M(12288M) 35.788ms
[2025-01-08T00:40:01.250+0000][101671.616s][info][gc,cpu      ] GC(3996) User=0.21s Sys=0.00s Real=0.04s
[2025-01-08T00:40:01.522+0000][101671.888s][info][gc,start    ] GC(3997) Pause Young (Mixed) (G1 Evacuation Pause)
[2025-01-08T00:40:01.522+0000][101671.888s][info][gc,task     ] GC(3997) Using 6 workers of 6 for evacuation
[2025-01-08T00:40:01.588+0000][101671.954s][info][gc,phases   ] GC(3997)   Pre Evacuate Collection Set: 0.2ms
[2025-01-08T00:40:01.588+0000][101671.954s][info][gc,phases   ] GC(3997)   Merge Heap Roots: 0.7ms
[2025-01-08T00:40:01.588+0000][101671.954s][info][gc,phases   ] GC(3997)   Evacuate Collection Set: 63.0ms
[2025-01-08T00:40:01.588+0000][101671.954s][info][gc,phases   ] GC(3997)   Post Evacuate Collection Set: 1.7ms
[2025-01-08T00:40:01.588+0000][101671.954s][info][gc,phases   ] GC(3997)   Other: 0.2ms
[2025-01-08T00:40:01.588+0000][101671.954s][info][gc,heap     ] GC(3997) Eden regions: 67->0(908)
[2025-01-08T00:40:01.588+0000][101671.954s][info][gc,heap     ] GC(3997) Survivor regions: 9->5(10)
[2025-01-08T00:40:01.588+0000][101671.954s][info][gc,heap     ] GC(3997) Old regions: 251->251
[2025-01-08T00:40:01.588+0000][101671.954s][info][gc,heap     ] GC(3997) Archive regions: 2->2
[2025-01-08T00:40:01.588+0000][101671.954s][info][gc,heap     ] GC(3997) Humongous regions: 49->49
[2025-01-08T00:40:01.588+0000][101671.954s][info][gc,metaspace] GC(3997) Metaspace: 506151K(515008K)->506151K(515008K) NonClass: 444545K(449024K)->444545K(449024K) Class: 61606K(65984K)->61606K(65984K)
[2025-01-08T00:40:01.588+0000][101671.954s][info][gc          ] GC(3997) Pause Young (Mixed) (G1 Evacuation Pause) 3008M->2437M(12288M) 65.855ms
[2025-01-08T00:40:01.588+0000][101671.954s][info][gc,cpu      ] GC(3997) User=0.38s Sys=0.00s Real=0.06s
[2025-01-08T00:40:06.535+0000][101676.901s][info][gc,start    ] GC(3998) Pause Young (Normal) (G1 Evacuation Pause)
[2025-01-08T00:40:06.535+0000][101676.901s][info][gc,task     ] GC(3998) Using 6 workers of 6 for evacuation
[2025-01-08T00:40:06.559+0000][101676.925s][info][gc,phases   ] GC(3998)   Pre Evacuate Collection Set: 0.2ms
[2025-01-08T00:40:06.559+0000][101676.925s][info][gc,phases   ] GC(3998)   Merge Heap Roots: 0.4ms
[2025-01-08T00:40:06.559+0000][101676.925s][info][gc,phases   ] GC(3998)   Evacuate Collection Set: 21.3ms
[2025-01-08T00:40:06.559+0000][101676.925s][info][gc,phases   ] GC(3998)   Post Evacuate Collection Set: 2.4ms
[2025-01-08T00:40:06.559+0000][101676.925s][info][gc,phases   ] GC(3998)   Other: 0.2ms
[2025-01-08T00:40:06.559+0000][101676.925s][info][gc,heap     ] GC(3998) Eden regions: 908->0(907)
[2025-01-08T00:40:06.559+0000][101676.925s][info][gc,heap     ] GC(3998) Survivor regions: 5->6(115)
[2025-01-08T00:40:06.559+0000][101676.925s][info][gc,heap     ] GC(3998) Old regions: 251->251
[2025-01-08T00:40:06.559+0000][101676.925s][info][gc,heap     ] GC(3998) Archive regions: 2->2
[2025-01-08T00:40:06.559+0000][101676.925s][info][gc,heap     ] GC(3998) Humongous regions: 49->49
[2025-01-08T00:40:06.559+0000][101676.925s][info][gc,metaspace] GC(3998) Metaspace: 506151K(515008K)->506151K(515008K) NonClass: 444545K(449024K)->444545K(449024K) Class: 61606K(65984K)->61606K(65984K)
[2025-01-08T00:40:06.559+0000][101676.925s][info][gc          ] GC(3998) Pause Young (Normal) (G1 Evacuation Pause) 9701M->2447M(12288M) 24.554ms
[2025-01-08T00:40:06.559+0000][101676.925s][info][gc,cpu      ] GC(3998) User=0.14s Sys=0.00s Real=0.02s
[2025-01-08T00:40:14.312+0000][101684.678s][info][gc,start    ] GC(3999) Pause Young (Normal) (G1 Evacuation Pause)
[2025-01-08T00:40:14.312+0000][101684.678s][info][gc,task     ] GC(3999) Using 6 workers of 6 for evacuation
[2025-01-08T00:40:14.337+0000][101684.703s][info][gc,phases   ] GC(3999)   Pre Evacuate Collection Set: 0.2ms
[2025-01-08T00:40:14.337+0000][101684.703s][info][gc,phases   ] GC(3999)   Merge Heap Roots: 0.4ms
[2025-01-08T00:40:14.337+0000][101684.703s][info][gc,phases   ] GC(3999)   Evacuate Collection Set: 21.8ms
[2025-01-08T00:40:14.337+0000][101684.703s][info][gc,phases   ] GC(3999)   Post Evacuate Collection Set: 2.5ms
[2025-01-08T00:40:14.337+0000][101684.703s][info][gc,phases   ] GC(3999)   Other: 0.2ms
[2025-01-08T00:40:14.337+0000][101684.704s][info][gc,heap     ] GC(3999) Eden regions: 907->0(908)
[2025-01-08T00:40:14.337+0000][101684.704s][info][gc,heap     ] GC(3999) Survivor regions: 6->7(115)
[2025-01-08T00:40:14.337+0000][101684.704s][info][gc,heap     ] GC(3999) Old regions: 251->251
[2025-01-08T00:40:14.337+0000][101684.704s][info][gc,heap     ] GC(3999) Archive regions: 2->2
[2025-01-08T00:40:14.337+0000][101684.704s][info][gc,heap     ] GC(3999) Humongous regions: 49->49
[2025-01-08T00:40:14.337+0000][101684.704s][info][gc,metaspace] GC(3999) Metaspace: 506151K(515008K)->506151K(515008K) NonClass: 444545K(449024K)->444545K(449024K) Class: 61606K(65984K)->61606K(65984K)
[2025-01-08T00:40:14.337+0000][101684.704s][info][gc          ] GC(3999) Pause Young (Normal) (G1 Evacuation Pause) 9703M->2448M(12288M) 25.190ms
[2025-01-08T00:40:14.338+0000][101684.704s][info][gc,cpu      ] GC(3999) User=0.14s Sys=0.00s Real=0.02s
[2025-01-08T00:40:23.203+0000][101693.569s][info][gc,start    ] GC(4000) Pause Young (Concurrent Start) (G1 Evacuation Pause)
[2025-01-08T00:40:23.203+0000][101693.569s][info][gc,task     ] GC(4000) Using 6 workers of 6 for evacuation
[2025-01-08T00:40:23.234+0000][101693.600s][info][gc,phases   ] GC(4000)   Pre Evacuate Collection Set: 1.1ms
[2025-01-08T00:40:23.234+0000][101693.601s][info][gc,phases   ] GC(4000)   Merge Heap Roots: 0.5ms
[2025-01-08T00:40:23.234+0000][101693.601s][info][gc,phases   ] GC(4000)   Evacuate Collection Set: 26.8ms
[2025-01-08T00:40:23.234+0000][101693.601s][info][gc,phases   ] GC(4000)   Post Evacuate Collection Set: 2.6ms
[2025-01-08T00:40:23.234+0000][101693.601s][info][gc,phases   ] GC(4000)   Other: 0.3ms
[2025-01-08T00:40:23.234+0000][101693.601s][info][gc,heap     ] GC(4000) Eden regions: 908->0(906)
[2025-01-08T00:40:23.234+0000][101693.601s][info][gc,heap     ] GC(4000) Survivor regions: 7->8(115)
[2025-01-08T00:40:23.234+0000][101693.601s][info][gc,heap     ] GC(4000) Old regions: 251->251
[2025-01-08T00:40:23.234+0000][101693.601s][info][gc,heap     ] GC(4000) Archive regions: 2->2
[2025-01-08T00:40:23.234+0000][101693.601s][info][gc,heap     ] GC(4000) Humongous regions: 49->49
[2025-01-08T00:40:23.234+0000][101693.601s][info][gc,metaspace] GC(4000) Metaspace: 506151K(515008K)->506151K(515008K) NonClass: 444545K(449024K)->444545K(449024K) Class: 61606K(65984K)->61606K(65984K)
[2025-01-08T00:40:23.234+0000][101693.601s][info][gc          ] GC(4000) Pause Young (Concurrent Start) (G1 Evacuation Pause) 9712M->2459M(12288M) 31.315ms
[2025-01-08T00:40:23.235+0000][101693.601s][info][gc,cpu      ] GC(4000) User=0.18s Sys=0.00s Real=0.03s
[2025-01-08T00:40:23.235+0000][101693.601s][info][gc          ] GC(4001) Concurrent Mark Cycle
[2025-01-08T00:40:23.235+0000][101693.601s][info][gc,marking  ] GC(4001) Concurrent Clear Claimed Marks
[2025-01-08T00:40:23.235+0000][101693.602s][info][gc,marking  ] GC(4001) Concurrent Clear Claimed Marks 0.865ms
[2025-01-08T00:40:23.235+0000][101693.602s][info][gc,marking  ] GC(4001) Concurrent Scan Root Regions
[2025-01-08T00:40:23.254+0000][101693.620s][info][gc,marking  ] GC(4001) Concurrent Scan Root Regions 18.615ms
[2025-01-08T00:40:23.254+0000][101693.620s][info][gc,marking  ] GC(4001) Concurrent Mark
[2025-01-08T00:40:23.254+0000][101693.620s][info][gc,marking  ] GC(4001) Concurrent Mark From Roots
[2025-01-08T00:40:23.254+0000][101693.620s][info][gc,task     ] GC(4001) Using 2 workers of 2 for marking
[2025-01-08T00:40:24.174+0000][101694.540s][info][gc,marking  ] GC(4001) Concurrent Mark From Roots 919.701ms
[2025-01-08T00:40:24.174+0000][101694.540s][info][gc,marking  ] GC(4001) Concurrent Preclean
[2025-01-08T00:40:24.176+0000][101694.542s][info][gc,marking  ] GC(4001) Concurrent Preclean 2.228ms
[2025-01-08T00:40:24.176+0000][101694.542s][info][gc,start    ] GC(4001) Pause Remark
[2025-01-08T00:40:24.202+0000][101694.569s][info][gc          ] GC(4001) Pause Remark 3419M->3419M(12288M) 26.118ms
[2025-01-08T00:40:24.203+0000][101694.569s][info][gc,cpu      ] GC(4001) User=0.15s Sys=0.00s Real=0.03s
[2025-01-08T00:40:24.203+0000][101694.569s][info][gc,marking  ] GC(4001) Concurrent Mark 948.516ms
[2025-01-08T00:40:24.203+0000][101694.569s][info][gc,marking  ] GC(4001) Concurrent Rebuild Remembered Sets
[2025-01-08T00:40:24.940+0000][101695.306s][info][gc,marking  ] GC(4001) Concurrent Rebuild Remembered Sets 737.611ms
[2025-01-08T00:40:24.940+0000][101695.307s][info][gc,start    ] GC(4001) Pause Cleanup
[2025-01-08T00:40:24.941+0000][101695.307s][info][gc          ] GC(4001) Pause Cleanup 4435M->4435M(12288M) 0.424ms
[2025-01-08T00:40:24.941+0000][101695.307s][info][gc,cpu      ] GC(4001) User=0.00s Sys=0.00s Real=0.00s
[2025-01-08T00:40:24.941+0000][101695.307s][info][gc,marking  ] GC(4001) Concurrent Cleanup for Next Mark
[2025-01-08T00:40:24.963+0000][101695.329s][info][gc,marking  ] GC(4001) Concurrent Cleanup for Next Mark 22.356ms
[2025-01-08T00:40:24.963+0000][101695.330s][info][gc          ] GC(4001) Concurrent Mark Cycle 1728.836ms
[2025-01-08T00:40:28.710+0000][101699.076s][info][gc,start    ] GC(4002) Pause Young (Prepare Mixed) (G1 Evacuation Pause)
[2025-01-08T00:40:28.710+0000][101699.076s][info][gc,task     ] GC(4002) Using 6 workers of 6 for evacuation
[2025-01-08T00:40:28.742+0000][101699.108s][info][gc,phases   ] GC(4002)   Pre Evacuate Collection Set: 0.2ms
[2025-01-08T00:40:28.742+0000][101699.108s][info][gc,phases   ] GC(4002)   Merge Heap Roots: 0.7ms
[2025-01-08T00:40:28.742+0000][101699.108s][info][gc,phases   ] GC(4002)   Evacuate Collection Set: 28.3ms
[2025-01-08T00:40:28.742+0000][101699.108s][info][gc,phases   ] GC(4002)   Post Evacuate Collection Set: 2.5ms
[2025-01-08T00:40:28.742+0000][101699.108s][info][gc,phases   ] GC(4002)   Other: 0.2ms
[2025-01-08T00:40:28.742+0000][101699.108s][info][gc,heap     ] GC(4002) Eden regions: 906->0(68)
[2025-01-08T00:40:28.742+0000][101699.108s][info][gc,heap     ] GC(4002) Survivor regions: 8->8(115)
[2025-01-08T00:40:28.742+0000][101699.108s][info][gc,heap     ] GC(4002) Old regions: 251->251
[2025-01-08T00:40:28.742+0000][101699.108s][info][gc,heap     ] GC(4002) Archive regions: 2->2
[2025-01-08T00:40:28.742+0000][101699.108s][info][gc,heap     ] GC(4002) Humongous regions: 49->49
[2025-01-08T00:40:28.742+0000][101699.108s][info][gc,metaspace] GC(4002) Metaspace: 506151K(515008K)->506151K(515008K) NonClass: 444545K(449024K)->444545K(449024K) Class: 61606K(65984K)->61606K(65984K)
[2025-01-08T00:40:28.742+0000][101699.108s][info][gc          ] GC(4002) Pause Young (Prepare Mixed) (G1 Evacuation Pause) 9707M->2463M(12288M) 31.970ms
[2025-01-08T00:40:28.742+0000][101699.108s][info][gc,cpu      ] GC(4002) User=0.19s Sys=0.00s Real=0.03s
[2025-01-08T00:40:29.100+0000][101699.466s][info][gc,start    ] GC(4003) Pause Young (Mixed) (G1 Evacuation Pause)
[2025-01-08T00:40:29.100+0000][101699.466s][info][gc,task     ] GC(4003) Using 6 workers of 6 for evacuation
[2025-01-08T00:40:29.159+0000][101699.525s][info][gc,phases   ] GC(4003)   Pre Evacuate Collection Set: 0.2ms
[2025-01-08T00:40:29.159+0000][101699.525s][info][gc,phases   ] GC(4003)   Merge Heap Roots: 0.7ms
[2025-01-08T00:40:29.159+0000][101699.525s][info][gc,phases   ] GC(4003)   Evacuate Collection Set: 55.6ms
[2025-01-08T00:40:29.159+0000][101699.525s][info][gc,phases   ] GC(4003)   Post Evacuate Collection Set: 1.7ms
[2025-01-08T00:40:29.159+0000][101699.525s][info][gc,phases   ] GC(4003)   Other: 0.2ms
[2025-01-08T00:40:29.159+0000][101699.525s][info][gc,heap     ] GC(4003) Eden regions: 68->0(911)
[2025-01-08T00:40:29.159+0000][101699.525s][info][gc,heap     ] GC(4003) Survivor regions: 8->6(10)
[2025-01-08T00:40:29.159+0000][101699.525s][info][gc,heap     ] GC(4003) Old regions: 251->249
[2025-01-08T00:40:29.159+0000][101699.525s][info][gc,heap     ] GC(4003) Archive regions: 2->2
[2025-01-08T00:40:29.159+0000][101699.525s][info][gc,heap     ] GC(4003) Humongous regions: 49->49
[2025-01-08T00:40:29.159+0000][101699.525s][info][gc,metaspace] GC(4003) Metaspace: 506151K(515008K)->506151K(515008K) NonClass: 444545K(449024K)->444545K(449024K) Class: 61606K(65984K)->61606K(65984K)
[2025-01-08T00:40:29.159+0000][101699.525s][info][gc          ] GC(4003) Pause Young (Mixed) (G1 Evacuation Pause) 3007M->2432M(12288M) 58.409ms
[2025-01-08T00:40:29.159+0000][101699.525s][info][gc,cpu      ] GC(4003) User=0.34s Sys=0.00s Real=0.06s
[2025-01-08T00:40:33.749+0000][101704.115s][info][gc,start    ] GC(4004) Pause Young (Normal) (G1 Evacuation Pause)
[2025-01-08T00:40:33.749+0000][101704.115s][info][gc,task     ] GC(4004) Using 6 workers of 6 for evacuation
[2025-01-08T00:40:33.776+0000][101704.142s][info][gc,phases   ] GC(4004)   Pre Evacuate Collection Set: 0.2ms
[2025-01-08T00:40:33.776+0000][101704.142s][info][gc,phases   ] GC(4004)   Merge Heap Roots: 0.5ms
[2025-01-08T00:40:33.776+0000][101704.142s][info][gc,phases   ] GC(4004)   Evacuate Collection Set: 22.8ms
[2025-01-08T00:40:33.776+0000][101704.142s][info][gc,phases   ] GC(4004)   Post Evacuate Collection Set: 3.9ms
[2025-01-08T00:40:33.776+0000][101704.142s][info][gc,phases   ] GC(4004)   Other: 0.2ms
[2025-01-08T00:40:33.776+0000][101704.142s][info][gc,heap     ] GC(4004) Eden regions: 911->0(911)
[2025-01-08T00:40:33.776+0000][101704.142s][info][gc,heap     ] GC(4004) Survivor regions: 6->7(115)
[2025-01-08T00:40:33.776+0000][101704.142s][info][gc,heap     ] GC(4004) Old regions: 249->249
[2025-01-08T00:40:33.776+0000][101704.142s][info][gc,heap     ] GC(4004) Archive regions: 2->2
[2025-01-08T00:40:33.776+0000][101704.142s][info][gc,heap     ] GC(4004) Humongous regions: 49->49
[2025-01-08T00:40:33.776+0000][101704.142s][info][gc,metaspace] GC(4004) Metaspace: 506151K(515008K)->506151K(515008K) NonClass: 444545K(449024K)->444545K(449024K) Class: 61606K(65984K)->61606K(65984K)
[2025-01-08T00:40:33.776+0000][101704.142s][info][gc          ] GC(4004) Pause Young (Normal) (G1 Evacuation Pause) 9720M->2442M(12288M) 27.573ms
[2025-01-08T00:40:33.776+0000][101704.142s][info][gc,cpu      ] GC(4004) User=0.16s Sys=0.00s Real=0.03s
[2025-01-08T00:40:42.366+0000][101712.732s][info][gc,start    ] GC(4005) Pause Young (Normal) (G1 Evacuation Pause)
[2025-01-08T00:40:42.366+0000][101712.732s][info][gc,task     ] GC(4005) Using 6 workers of 6 for evacuation
[2025-01-08T00:40:42.397+0000][101712.763s][info][gc,phases   ] GC(4005)   Pre Evacuate Collection Set: 0.2ms
[2025-01-08T00:40:42.397+0000][101712.763s][info][gc,phases   ] GC(4005)   Merge Heap Roots: 0.5ms
[2025-01-08T00:40:42.397+0000][101712.763s][info][gc,phases   ] GC(4005)   Evacuate Collection Set: 26.6ms
[2025-01-08T00:40:42.397+0000][101712.763s][info][gc,phases   ] GC(4005)   Post Evacuate Collection Set: 3.9ms
[2025-01-08T00:40:42.397+0000][101712.763s][info][gc,phases   ] GC(4005)   Other: 0.2ms
[2025-01-08T00:40:42.397+0000][101712.763s][info][gc,heap     ] GC(4005) Eden regions: 911->0(908)
[2025-01-08T00:40:42.397+0000][101712.763s][info][gc,heap     ] GC(4005) Survivor regions: 7->8(115)
[2025-01-08T00:40:42.397+0000][101712.763s][info][gc,heap     ] GC(4005) Old regions: 249->249
[2025-01-08T00:40:42.397+0000][101712.763s][info][gc,heap     ] GC(4005) Archive regions: 2->2
[2025-01-08T00:40:42.397+0000][101712.763s][info][gc,heap     ] GC(4005) Humongous regions: 49->49
[2025-01-08T00:40:42.397+0000][101712.763s][info][gc,metaspace] GC(4005) Metaspace: 506155K(515008K)->506155K(515008K) NonClass: 444548K(449024K)->444548K(449024K) Class: 61606K(65984K)->61606K(65984K)
[2025-01-08T00:40:42.397+0000][101712.763s][info][gc          ] GC(4005) Pause Young (Normal) (G1 Evacuation Pause) 9730M->2453M(12288M) 31.415ms
[2025-01-08T00:40:42.397+0000][101712.763s][info][gc,cpu      ] GC(4005) User=0.18s Sys=0.00s Real=0.03s
[2025-01-08T00:40:49.919+0000][101720.285s][info][gc,start    ] GC(4006) Pause Young (Concurrent Start) (G1 Evacuation Pause)
[2025-01-08T00:40:49.919+0000][101720.285s][info][gc,task     ] GC(4006) Using 6 workers of 6 for evacuation
[2025-01-08T00:40:49.957+0000][101720.323s][info][gc,phases   ] GC(4006)   Pre Evacuate Collection Set: 1.1ms
[2025-01-08T00:40:49.957+0000][101720.323s][info][gc,phases   ] GC(4006)   Merge Heap Roots: 0.5ms
[2025-01-08T00:40:49.957+0000][101720.323s][info][gc,phases   ] GC(4006)   Evacuate Collection Set: 32.3ms
[2025-01-08T00:40:49.957+0000][101720.323s][info][gc,phases   ] GC(4006)   Post Evacuate Collection Set: 4.0ms
[2025-01-08T00:40:49.957+0000][101720.323s][info][gc,phases   ] GC(4006)   Other: 0.3ms
[2025-01-08T00:40:49.957+0000][101720.323s][info][gc,heap     ] GC(4006) Eden regions: 908->0(906)
[2025-01-08T00:40:49.957+0000][101720.323s][info][gc,heap     ] GC(4006) Survivor regions: 8->10(115)
[2025-01-08T00:40:49.957+0000][101720.323s][info][gc,heap     ] GC(4006) Old regions: 249->249
[2025-01-08T00:40:49.957+0000][101720.323s][info][gc,heap     ] GC(4006) Archive regions: 2->2
[2025-01-08T00:40:49.957+0000][101720.323s][info][gc,heap     ] GC(4006) Humongous regions: 49->49
[2025-01-08T00:40:49.957+0000][101720.323s][info][gc,metaspace] GC(4006) Metaspace: 506155K(515008K)->506155K(515008K) NonClass: 444548K(449024K)->444548K(449024K) Class: 61606K(65984K)->61606K(65984K)
[2025-01-08T00:40:49.957+0000][101720.323s][info][gc          ] GC(4006) Pause Young (Concurrent Start) (G1 Evacuation Pause) 9717M->2463M(12288M) 38.252ms
[2025-01-08T00:40:49.957+0000][101720.323s][info][gc,cpu      ] GC(4006) User=0.22s Sys=0.00s Real=0.04s
[2025-01-08T00:40:49.957+0000][101720.323s][info][gc          ] GC(4007) Concurrent Mark Cycle
[2025-01-08T00:40:49.957+0000][101720.323s][info][gc,marking  ] GC(4007) Concurrent Clear Claimed Marks
[2025-01-08T00:40:49.958+0000][101720.324s][info][gc,marking  ] GC(4007) Concurrent Clear Claimed Marks 1.004ms
[2025-01-08T00:40:49.958+0000][101720.324s][info][gc,marking  ] GC(4007) Concurrent Scan Root Regions
[2025-01-08T00:40:49.982+0000][101720.348s][info][gc,marking  ] GC(4007) Concurrent Scan Root Regions 24.306ms
[2025-01-08T00:40:49.982+0000][101720.348s][info][gc,marking  ] GC(4007) Concurrent Mark
[2025-01-08T00:40:49.982+0000][101720.348s][info][gc,marking  ] GC(4007) Concurrent Mark From Roots
[2025-01-08T00:40:49.982+0000][101720.348s][info][gc,task     ] GC(4007) Using 2 workers of 2 for marking
[2025-01-08T00:40:50.807+0000][101721.173s][info][gc,marking  ] GC(4007) Concurrent Mark From Roots 824.933ms
[2025-01-08T00:40:50.807+0000][101721.173s][info][gc,marking  ] GC(4007) Concurrent Preclean
[2025-01-08T00:40:50.809+0000][101721.175s][info][gc,marking  ] GC(4007) Concurrent Preclean 1.974ms
[2025-01-08T00:40:50.809+0000][101721.175s][info][gc,start    ] GC(4007) Pause Remark
[2025-01-08T00:40:50.835+0000][101721.201s][info][gc          ] GC(4007) Pause Remark 3246M->3246M(12288M) 25.842ms
[2025-01-08T00:40:50.835+0000][101721.201s][info][gc,cpu      ] GC(4007) User=0.14s Sys=0.00s Real=0.03s
[2025-01-08T00:40:50.835+0000][101721.201s][info][gc,marking  ] GC(4007) Concurrent Mark 853.101ms
[2025-01-08T00:40:50.835+0000][101721.202s][info][gc,marking  ] GC(4007) Concurrent Rebuild Remembered Sets
[2025-01-08T00:40:51.498+0000][101721.865s][info][gc,marking  ] GC(4007) Concurrent Rebuild Remembered Sets 662.985ms
[2025-01-08T00:40:51.499+0000][101721.865s][info][gc,start    ] GC(4007) Pause Cleanup
[2025-01-08T00:40:51.499+0000][101721.865s][info][gc          ] GC(4007) Pause Cleanup 4131M->4131M(12288M) 0.421ms
[2025-01-08T00:40:51.499+0000][101721.865s][info][gc,cpu      ] GC(4007) User=0.01s Sys=0.00s Real=0.00s
[2025-01-08T00:40:51.499+0000][101721.865s][info][gc,marking  ] GC(4007) Concurrent Cleanup for Next Mark
[2025-01-08T00:40:51.515+0000][101721.881s][info][gc,marking  ] GC(4007) Concurrent Cleanup for Next Mark 15.899ms
[2025-01-08T00:40:51.515+0000][101721.881s][info][gc          ] GC(4007) Concurrent Mark Cycle 1558.146ms
[2025-01-08T00:40:55.825+0000][101726.191s][info][gc,start    ] GC(4008) Pause Young (Prepare Mixed) (G1 Evacuation Pause)
[2025-01-08T00:40:55.825+0000][101726.191s][info][gc,task     ] GC(4008) Using 6 workers of 6 for evacuation
[2025-01-08T00:40:55.860+0000][101726.226s][info][gc,phases   ] GC(4008)   Pre Evacuate Collection Set: 0.2ms
[2025-01-08T00:40:55.860+0000][101726.226s][info][gc,phases   ] GC(4008)   Merge Heap Roots: 0.8ms
[2025-01-08T00:40:55.860+0000][101726.226s][info][gc,phases   ] GC(4008)   Evacuate Collection Set: 31.3ms
[2025-01-08T00:40:55.860+0000][101726.226s][info][gc,phases   ] GC(4008)   Post Evacuate Collection Set: 2.5ms
[2025-01-08T00:40:55.860+0000][101726.226s][info][gc,phases   ] GC(4008)   Other: 0.2ms
[2025-01-08T00:40:55.860+0000][101726.226s][info][gc,heap     ] GC(4008) Eden regions: 906->0(67)
[2025-01-08T00:40:55.860+0000][101726.226s][info][gc,heap     ] GC(4008) Survivor regions: 10->9(115)
[2025-01-08T00:40:55.860+0000][101726.226s][info][gc,heap     ] GC(4008) Old regions: 249->249
[2025-01-08T00:40:55.860+0000][101726.226s][info][gc,heap     ] GC(4008) Archive regions: 2->2
[2025-01-08T00:40:55.860+0000][101726.226s][info][gc,heap     ] GC(4008) Humongous regions: 49->49
[2025-01-08T00:40:55.860+0000][101726.226s][info][gc,metaspace] GC(4008) Metaspace: 506155K(515008K)->506155K(515008K) NonClass: 444548K(449024K)->444548K(449024K) Class: 61606K(65984K)->61606K(65984K)
[2025-01-08T00:40:55.860+0000][101726.226s][info][gc          ] GC(4008) Pause Young (Prepare Mixed) (G1 Evacuation Pause) 9711M->2461M(12288M) 35.027ms
[2025-01-08T00:40:55.860+0000][101726.226s][info][gc,cpu      ] GC(4008) User=0.20s Sys=0.02s Real=0.03s
[2025-01-08T00:40:56.199+0000][101726.565s][info][gc,start    ] GC(4009) Pause Young (Mixed) (G1 Evacuation Pause)
[2025-01-08T00:40:56.199+0000][101726.565s][info][gc,task     ] GC(4009) Using 6 workers of 6 for evacuation
[2025-01-08T00:40:56.260+0000][101726.626s][info][gc,phases   ] GC(4009)   Pre Evacuate Collection Set: 0.2ms
[2025-01-08T00:40:56.260+0000][101726.626s][info][gc,phases   ] GC(4009)   Merge Heap Roots: 0.6ms
[2025-01-08T00:40:56.260+0000][101726.626s][info][gc,phases   ] GC(4009)   Evacuate Collection Set: 58.6ms
[2025-01-08T00:40:56.260+0000][101726.626s][info][gc,phases   ] GC(4009)   Post Evacuate Collection Set: 1.7ms
[2025-01-08T00:40:56.260+0000][101726.626s][info][gc,phases   ] GC(4009)   Other: 0.2ms
[2025-01-08T00:40:56.260+0000][101726.626s][info][gc,heap     ] GC(4009) Eden regions: 67->0(910)
[2025-01-08T00:40:56.260+0000][101726.626s][info][gc,heap     ] GC(4009) Survivor regions: 9->6(10)
[2025-01-08T00:40:56.260+0000][101726.626s][info][gc,heap     ] GC(4009) Old regions: 249->249
[2025-01-08T00:40:56.260+0000][101726.626s][info][gc,heap     ] GC(4009) Archive regions: 2->2
[2025-01-08T00:40:56.260+0000][101726.626s][info][gc,heap     ] GC(4009) Humongous regions: 49->49
[2025-01-08T00:40:56.260+0000][101726.626s][info][gc,metaspace] GC(4009) Metaspace: 506155K(515008K)->506155K(515008K) NonClass: 444548K(449024K)->444548K(449024K) Class: 61606K(65984K)->61606K(65984K)
[2025-01-08T00:40:56.260+0000][101726.626s][info][gc          ] GC(4009) Pause Young (Mixed) (G1 Evacuation Pause) 2997M->2428M(12288M) 61.298ms
[2025-01-08T00:40:56.260+0000][101726.626s][info][gc,cpu      ] GC(4009) User=0.36s Sys=0.00s Real=0.06s
[2025-01-08T00:41:00.413+0000][101730.779s][info][gc,start    ] GC(4010) Pause Young (Normal) (G1 Evacuation Pause)
[2025-01-08T00:41:00.413+0000][101730.779s][info][gc,task     ] GC(4010) Using 6 workers of 6 for evacuation
[2025-01-08T00:41:00.438+0000][101730.804s][info][gc,phases   ] GC(4010)   Pre Evacuate Collection Set: 0.2ms
[2025-01-08T00:41:00.438+0000][101730.804s][info][gc,phases   ] GC(4010)   Merge Heap Roots: 0.5ms
[2025-01-08T00:41:00.438+0000][101730.804s][info][gc,phases   ] GC(4010)   Evacuate Collection Set: 21.8ms
[2025-01-08T00:41:00.438+0000][101730.804s][info][gc,phases   ] GC(4010)   Post Evacuate Collection Set: 2.4ms
[2025-01-08T00:41:00.438+0000][101730.804s][info][gc,phases   ] GC(4010)   Other: 0.2ms
[2025-01-08T00:41:00.438+0000][101730.804s][info][gc,heap     ] GC(4010) Eden regions: 910->0(912)
[2025-01-08T00:41:00.438+0000][101730.804s][info][gc,heap     ] GC(4010) Survivor regions: 6->6(115)
[2025-01-08T00:41:00.438+0000][101730.804s][info][gc,heap     ] GC(4010) Old regions: 249->249
[2025-01-08T00:41:00.438+0000][101730.804s][info][gc,heap     ] GC(4010) Archive regions: 2->2
[2025-01-08T00:41:00.438+0000][101730.804s][info][gc,heap     ] GC(4010) Humongous regions: 49->49
[2025-01-08T00:41:00.438+0000][101730.804s][info][gc,metaspace] GC(4010) Metaspace: 506155K(515008K)->506155K(515008K) NonClass: 444548K(449024K)->444548K(449024K) Class: 61606K(65984K)->61606K(65984K)
[2025-01-08T00:41:00.438+0000][101730.804s][info][gc          ] GC(4010) Pause Young (Normal) (G1 Evacuation Pause) 9708M->2430M(12288M) 25.189ms
[2025-01-08T00:41:00.438+0000][101730.804s][info][gc,cpu      ] GC(4010) User=0.14s Sys=0.00s Real=0.02s
[2025-01-08T00:41:13.010+0000][101743.376s][info][gc,start    ] GC(4011) Pause Young (Normal) (G1 Evacuation Pause)
[2025-01-08T00:41:13.010+0000][101743.376s][info][gc,task     ] GC(4011) Using 6 workers of 6 for evacuation
[2025-01-08T00:41:13.041+0000][101743.407s][info][gc,phases   ] GC(4011)   Pre Evacuate Collection Set: 0.2ms
[2025-01-08T00:41:13.041+0000][101743.407s][info][gc,phases   ] GC(4011)   Merge Heap Roots: 0.5ms
[2025-01-08T00:41:13.041+0000][101743.407s][info][gc,phases   ] GC(4011)   Evacuate Collection Set: 27.6ms
[2025-01-08T00:41:13.041+0000][101743.407s][info][gc,phases   ] GC(4011)   Post Evacuate Collection Set: 2.8ms
[2025-01-08T00:41:13.041+0000][101743.407s][info][gc,phases   ] GC(4011)   Other: 0.2ms
[2025-01-08T00:41:13.041+0000][101743.407s][info][gc,heap     ] GC(4011) Eden regions: 912->0(908)
[2025-01-08T00:41:13.041+0000][101743.407s][info][gc,heap     ] GC(4011) Survivor regions: 6->8(115)
[2025-01-08T00:41:13.041+0000][101743.407s][info][gc,heap     ] GC(4011) Old regions: 249->249
[2025-01-08T00:41:13.041+0000][101743.407s][info][gc,heap     ] GC(4011) Archive regions: 2->2
[2025-01-08T00:41:13.041+0000][101743.407s][info][gc,heap     ] GC(4011) Humongous regions: 49->49
[2025-01-08T00:41:13.041+0000][101743.407s][info][gc,metaspace] GC(4011) Metaspace: 506155K(515008K)->506155K(515008K) NonClass: 444548K(449024K)->444548K(449024K) Class: 61606K(65984K)->61606K(65984K)
[2025-01-08T00:41:13.041+0000][101743.407s][info][gc          ] GC(4011) Pause Young (Normal) (G1 Evacuation Pause) 9726M->2443M(12288M) 31.286ms
[2025-01-08T00:41:13.041+0000][101743.407s][info][gc,cpu      ] GC(4011) User=0.18s Sys=0.00s Real=0.02s
[2025-01-08T00:41:22.082+0000][101752.448s][info][gc,start    ] GC(4012) Pause Young (Concurrent Start) (G1 Evacuation Pause)
[2025-01-08T00:41:22.082+0000][101752.448s][info][gc,task     ] GC(4012) Using 6 workers of 6 for evacuation
[2025-01-08T00:41:22.118+0000][101752.484s][info][gc,phases   ] GC(4012)   Pre Evacuate Collection Set: 1.1ms
[2025-01-08T00:41:22.118+0000][101752.484s][info][gc,phases   ] GC(4012)   Merge Heap Roots: 0.5ms
[2025-01-08T00:41:22.118+0000][101752.484s][info][gc,phases   ] GC(4012)   Evacuate Collection Set: 31.6ms
[2025-01-08T00:41:22.118+0000][101752.484s][info][gc,phases   ] GC(4012)   Post Evacuate Collection Set: 2.5ms
[2025-01-08T00:41:22.118+0000][101752.484s][info][gc,phases   ] GC(4012)   Other: 0.3ms
[2025-01-08T00:41:22.118+0000][101752.484s][info][gc,heap     ] GC(4012) Eden regions: 908->0(907)
[2025-01-08T00:41:22.118+0000][101752.484s][info][gc,heap     ] GC(4012) Survivor regions: 8->9(115)
[2025-01-08T00:41:22.118+0000][101752.484s][info][gc,heap     ] GC(4012) Old regions: 249->249
[2025-01-08T00:41:22.118+0000][101752.484s][info][gc,heap     ] GC(4012) Archive regions: 2->2
[2025-01-08T00:41:22.118+0000][101752.484s][info][gc,heap     ] GC(4012) Humongous regions: 49->49
[2025-01-08T00:41:22.118+0000][101752.484s][info][gc,metaspace] GC(4012) Metaspace: 506155K(515008K)->506155K(515008K) NonClass: 444548K(449024K)->444548K(449024K) Class: 61606K(65984K)->61606K(65984K)
[2025-01-08T00:41:22.118+0000][101752.484s][info][gc          ] GC(4012) Pause Young (Concurrent Start) (G1 Evacuation Pause) 9707M->2455M(12288M) 36.044ms
[2025-01-08T00:41:22.118+0000][101752.484s][info][gc,cpu      ] GC(4012) User=0.21s Sys=0.00s Real=0.03s
[2025-01-08T00:41:22.118+0000][101752.484s][info][gc          ] GC(4013) Concurrent Mark Cycle
[2025-01-08T00:41:22.118+0000][101752.484s][info][gc,marking  ] GC(4013) Concurrent Clear Claimed Marks
[2025-01-08T00:41:22.119+0000][101752.485s][info][gc,marking  ] GC(4013) Concurrent Clear Claimed Marks 0.886ms
[2025-01-08T00:41:22.119+0000][101752.485s][info][gc,marking  ] GC(4013) Concurrent Scan Root Regions
[2025-01-08T00:41:22.148+0000][101752.514s][info][gc,marking  ] GC(4013) Concurrent Scan Root Regions 28.709ms
[2025-01-08T00:41:22.148+0000][101752.514s][info][gc,marking  ] GC(4013) Concurrent Mark
[2025-01-08T00:41:22.148+0000][101752.514s][info][gc,marking  ] GC(4013) Concurrent Mark From Roots
[2025-01-08T00:41:22.148+0000][101752.514s][info][gc,task     ] GC(4013) Using 2 workers of 2 for marking
[2025-01-08T00:41:23.054+0000][101753.420s][info][gc,marking  ] GC(4013) Concurrent Mark From Roots 906.608ms
[2025-01-08T00:41:23.054+0000][101753.420s][info][gc,marking  ] GC(4013) Concurrent Preclean
[2025-01-08T00:41:23.056+0000][101753.422s][info][gc,marking  ] GC(4013) Concurrent Preclean 1.920ms
[2025-01-08T00:41:23.056+0000][101753.422s][info][gc,start    ] GC(4013) Pause Remark
[2025-01-08T00:41:23.083+0000][101753.449s][info][gc          ] GC(4013) Pause Remark 3347M->3347M(12288M) 26.304ms
[2025-01-08T00:41:23.083+0000][101753.449s][info][gc,cpu      ] GC(4013) User=0.15s Sys=0.00s Real=0.03s
[2025-01-08T00:41:23.083+0000][101753.449s][info][gc,marking  ] GC(4013) Concurrent Mark 935.166ms
[2025-01-08T00:41:23.083+0000][101753.449s][info][gc,marking  ] GC(4013) Concurrent Rebuild Remembered Sets
[2025-01-08T00:41:23.567+0000][101753.933s][info][gc,marking  ] GC(4013) Concurrent Rebuild Remembered Sets 483.932ms
[2025-01-08T00:41:23.567+0000][101753.933s][info][gc,start    ] GC(4013) Pause Cleanup
[2025-01-08T00:41:23.567+0000][101753.933s][info][gc          ] GC(4013) Pause Cleanup 3695M->3695M(12288M) 0.385ms
[2025-01-08T00:41:23.567+0000][101753.933s][info][gc,cpu      ] GC(4013) User=0.00s Sys=0.00s Real=0.00s
[2025-01-08T00:41:23.567+0000][101753.933s][info][gc,marking  ] GC(4013) Concurrent Cleanup for Next Mark
[2025-01-08T00:41:23.583+0000][101753.949s][info][gc,marking  ] GC(4013) Concurrent Cleanup for Next Mark 15.346ms
[2025-01-08T00:41:23.583+0000][101753.949s][info][gc          ] GC(4013) Concurrent Mark Cycle 1464.833ms
[2025-01-08T00:41:28.128+0000][101758.494s][info][gc,start    ] GC(4014) Pause Young (Prepare Mixed) (G1 Evacuation Pause)
[2025-01-08T00:41:28.128+0000][101758.494s][info][gc,task     ] GC(4014) Using 6 workers of 6 for evacuation
[2025-01-08T00:41:28.170+0000][101758.536s][info][gc,phases   ] GC(4014)   Pre Evacuate Collection Set: 0.2ms
[2025-01-08T00:41:28.170+0000][101758.536s][info][gc,phases   ] GC(4014)   Merge Heap Roots: 0.7ms
[2025-01-08T00:41:28.170+0000][101758.536s][info][gc,phases   ] GC(4014)   Evacuate Collection Set: 36.8ms
[2025-01-08T00:41:28.170+0000][101758.536s][info][gc,phases   ] GC(4014)   Post Evacuate Collection Set: 3.9ms
[2025-01-08T00:41:28.170+0000][101758.536s][info][gc,phases   ] GC(4014)   Other: 0.2ms
[2025-01-08T00:41:28.170+0000][101758.536s][info][gc,heap     ] GC(4014) Eden regions: 907->0(64)
[2025-01-08T00:41:28.170+0000][101758.536s][info][gc,heap     ] GC(4014) Survivor regions: 9->12(115)
[2025-01-08T00:41:28.170+0000][101758.536s][info][gc,heap     ] GC(4014) Old regions: 249->249
[2025-01-08T00:41:28.170+0000][101758.536s][info][gc,heap     ] GC(4014) Archive regions: 2->2
[2025-01-08T00:41:28.170+0000][101758.536s][info][gc,heap     ] GC(4014) Humongous regions: 49->49
[2025-01-08T00:41:28.170+0000][101758.536s][info][gc,metaspace] GC(4014) Metaspace: 506155K(515008K)->506155K(515008K) NonClass: 444548K(449024K)->444548K(449024K) Class: 61606K(65984K)->61606K(65984K)
[2025-01-08T00:41:28.170+0000][101758.536s][info][gc          ] GC(4014) Pause Young (Prepare Mixed) (G1 Evacuation Pause) 9711M->2475M(12288M) 41.904ms
[2025-01-08T00:41:28.170+0000][101758.536s][info][gc,cpu      ] GC(4014) User=0.25s Sys=0.00s Real=0.05s
[2025-01-08T00:41:28.457+0000][101758.823s][info][gc,start    ] GC(4015) Pause Young (Mixed) (G1 Evacuation Pause)
[2025-01-08T00:41:28.457+0000][101758.823s][info][gc,task     ] GC(4015) Using 6 workers of 6 for evacuation
[2025-01-08T00:41:28.520+0000][101758.886s][info][gc,phases   ] GC(4015)   Pre Evacuate Collection Set: 0.2ms
[2025-01-08T00:41:28.520+0000][101758.886s][info][gc,phases   ] GC(4015)   Merge Heap Roots: 0.6ms
[2025-01-08T00:41:28.520+0000][101758.886s][info][gc,phases   ] GC(4015)   Evacuate Collection Set: 60.2ms
[2025-01-08T00:41:28.520+0000][101758.886s][info][gc,phases   ] GC(4015)   Post Evacuate Collection Set: 1.8ms
[2025-01-08T00:41:28.520+0000][101758.886s][info][gc,phases   ] GC(4015)   Other: 0.2ms
[2025-01-08T00:41:28.520+0000][101758.886s][info][gc,heap     ] GC(4015) Eden regions: 64->0(906)
[2025-01-08T00:41:28.520+0000][101758.886s][info][gc,heap     ] GC(4015) Survivor regions: 12->5(10)
[2025-01-08T00:41:28.520+0000][101758.886s][info][gc,heap     ] GC(4015) Old regions: 249->252
[2025-01-08T00:41:28.520+0000][101758.886s][info][gc,heap     ] GC(4015) Archive regions: 2->2
[2025-01-08T00:41:28.520+0000][101758.886s][info][gc,heap     ] GC(4015) Humongous regions: 49->49
[2025-01-08T00:41:28.520+0000][101758.886s][info][gc,metaspace] GC(4015) Metaspace: 506155K(515008K)->506155K(515008K) NonClass: 444548K(449024K)->444548K(449024K) Class: 61606K(65984K)->61606K(65984K)
[2025-01-08T00:41:28.520+0000][101758.886s][info][gc          ] GC(4015) Pause Young (Mixed) (G1 Evacuation Pause) 2987M->2445M(12288M) 63.167ms
[2025-01-08T00:41:28.520+0000][101758.886s][info][gc,cpu      ] GC(4015) User=0.37s Sys=0.00s Real=0.06s
[2025-01-08T00:41:36.012+0000][101766.378s][info][gc,start    ] GC(4016) Pause Young (Normal) (G1 Evacuation Pause)
[2025-01-08T00:41:36.012+0000][101766.378s][info][gc,task     ] GC(4016) Using 6 workers of 6 for evacuation
[2025-01-08T00:41:36.037+0000][101766.403s][info][gc,phases   ] GC(4016)   Pre Evacuate Collection Set: 0.2ms
[2025-01-08T00:41:36.037+0000][101766.403s][info][gc,phases   ] GC(4016)   Merge Heap Roots: 0.4ms
[2025-01-08T00:41:36.037+0000][101766.403s][info][gc,phases   ] GC(4016)   Evacuate Collection Set: 20.0ms
[2025-01-08T00:41:36.037+0000][101766.403s][info][gc,phases   ] GC(4016)   Post Evacuate Collection Set: 3.7ms
[2025-01-08T00:41:36.037+0000][101766.403s][info][gc,phases   ] GC(4016)   Other: 0.2ms
[2025-01-08T00:41:36.037+0000][101766.403s][info][gc,heap     ] GC(4016) Eden regions: 906->0(906)
[2025-01-08T00:41:36.037+0000][101766.403s][info][gc,heap     ] GC(4016) Survivor regions: 5->5(114)
[2025-01-08T00:41:36.037+0000][101766.403s][info][gc,heap     ] GC(4016) Old regions: 252->252
[2025-01-08T00:41:36.037+0000][101766.403s][info][gc,heap     ] GC(4016) Archive regions: 2->2
[2025-01-08T00:41:36.037+0000][101766.403s][info][gc,heap     ] GC(4016) Humongous regions: 49->49
[2025-01-08T00:41:36.037+0000][101766.403s][info][gc,metaspace] GC(4016) Metaspace: 506155K(515008K)->506155K(515008K) NonClass: 444548K(449024K)->444548K(449024K) Class: 61606K(65984K)->61606K(65984K)
[2025-01-08T00:41:36.037+0000][101766.403s][info][gc          ] GC(4016) Pause Young (Normal) (G1 Evacuation Pause) 9693M->2443M(12288M) 24.557ms
[2025-01-08T00:41:36.037+0000][101766.403s][info][gc,cpu      ] GC(4016) User=0.14s Sys=0.00s Real=0.02s
[2025-01-08T00:41:41.447+0000][101771.813s][info][gc,start    ] GC(4017) Pause Young (Normal) (G1 Evacuation Pause)
[2025-01-08T00:41:41.447+0000][101771.813s][info][gc,task     ] GC(4017) Using 6 workers of 6 for evacuation
[2025-01-08T00:41:41.471+0000][101771.838s][info][gc,phases   ] GC(4017)   Pre Evacuate Collection Set: 0.2ms
[2025-01-08T00:41:41.471+0000][101771.838s][info][gc,phases   ] GC(4017)   Merge Heap Roots: 0.4ms
[2025-01-08T00:41:41.471+0000][101771.838s][info][gc,phases   ] GC(4017)   Evacuate Collection Set: 20.0ms
[2025-01-08T00:41:41.472+0000][101771.838s][info][gc,phases   ] GC(4017)   Post Evacuate Collection Set: 3.7ms
[2025-01-08T00:41:41.472+0000][101771.838s][info][gc,phases   ] GC(4017)   Other: 0.2ms
[2025-01-08T00:41:41.472+0000][101771.838s][info][gc,heap     ] GC(4017) Eden regions: 906->0(905)
[2025-01-08T00:41:41.472+0000][101771.838s][info][gc,heap     ] GC(4017) Survivor regions: 5->6(114)
[2025-01-08T00:41:41.472+0000][101771.838s][info][gc,heap     ] GC(4017) Old regions: 252->252
[2025-01-08T00:41:41.472+0000][101771.838s][info][gc,heap     ] GC(4017) Archive regions: 2->2
[2025-01-08T00:41:41.472+0000][101771.838s][info][gc,heap     ] GC(4017) Humongous regions: 49->49
[2025-01-08T00:41:41.472+0000][101771.838s][info][gc,metaspace] GC(4017) Metaspace: 506155K(515008K)->506155K(515008K) NonClass: 444548K(449024K)->444548K(449024K) Class: 61606K(65984K)->61606K(65984K)
[2025-01-08T00:41:41.472+0000][101771.838s][info][gc          ] GC(4017) Pause Young (Normal) (G1 Evacuation Pause) 9691M->2454M(12288M) 24.508ms
[2025-01-08T00:41:41.472+0000][101771.838s][info][gc,cpu      ] GC(4017) User=0.14s Sys=0.00s Real=0.03s
[2025-01-08T00:41:46.482+0000][101776.848s][info][gc,start    ] GC(4018) Pause Young (Concurrent Start) (G1 Evacuation Pause)
[2025-01-08T00:41:46.482+0000][101776.848s][info][gc,task     ] GC(4018) Using 6 workers of 6 for evacuation
[2025-01-08T00:41:46.511+0000][101776.877s][info][gc,phases   ] GC(4018)   Pre Evacuate Collection Set: 1.0ms
[2025-01-08T00:41:46.511+0000][101776.877s][info][gc,phases   ] GC(4018)   Merge Heap Roots: 0.4ms
[2025-01-08T00:41:46.511+0000][101776.877s][info][gc,phases   ] GC(4018)   Evacuate Collection Set: 24.3ms
[2025-01-08T00:41:46.511+0000][101776.877s][info][gc,phases   ] GC(4018)   Post Evacuate Collection Set: 2.4ms
[2025-01-08T00:41:46.511+0000][101776.877s][info][gc,phases   ] GC(4018)   Other: 0.3ms
[2025-01-08T00:41:46.511+0000][101776.877s][info][gc,heap     ] GC(4018) Eden regions: 905->0(904)
[2025-01-08T00:41:46.511+0000][101776.877s][info][gc,heap     ] GC(4018) Survivor regions: 6->7(114)
[2025-01-08T00:41:46.511+0000][101776.877s][info][gc,heap     ] GC(4018) Old regions: 252->252
[2025-01-08T00:41:46.511+0000][101776.877s][info][gc,heap     ] GC(4018) Archive regions: 2->2
[2025-01-08T00:41:46.511+0000][101776.877s][info][gc,heap     ] GC(4018) Humongous regions: 49->49
[2025-01-08T00:41:46.511+0000][101776.877s][info][gc,metaspace] GC(4018) Metaspace: 506155K(515008K)->506155K(515008K) NonClass: 444548K(449024K)->444548K(449024K) Class: 61606K(65984K)->61606K(65984K)
[2025-01-08T00:41:46.511+0000][101776.877s][info][gc          ] GC(4018) Pause Young (Concurrent Start) (G1 Evacuation Pause) 9694M->2459M(12288M) 28.551ms
[2025-01-08T00:41:46.511+0000][101776.877s][info][gc,cpu      ] GC(4018) User=0.16s Sys=0.00s Real=0.03s
[2025-01-08T00:41:46.511+0000][101776.877s][info][gc          ] GC(4019) Concurrent Mark Cycle
[2025-01-08T00:41:46.511+0000][101776.877s][info][gc,marking  ] GC(4019) Concurrent Clear Claimed Marks
[2025-01-08T00:41:46.512+0000][101776.878s][info][gc,marking  ] GC(4019) Concurrent Clear Claimed Marks 0.796ms
[2025-01-08T00:41:46.512+0000][101776.878s][info][gc,marking  ] GC(4019) Concurrent Scan Root Regions
[2025-01-08T00:41:46.528+0000][101776.894s][info][gc,marking  ] GC(4019) Concurrent Scan Root Regions 16.668ms
[2025-01-08T00:41:46.528+0000][101776.894s][info][gc,marking  ] GC(4019) Concurrent Mark
[2025-01-08T00:41:46.528+0000][101776.894s][info][gc,marking  ] GC(4019) Concurrent Mark From Roots
[2025-01-08T00:41:46.528+0000][101776.894s][info][gc,task     ] GC(4019) Using 2 workers of 2 for marking
[2025-01-08T00:41:47.332+0000][101777.698s][info][gc,marking  ] GC(4019) Concurrent Mark From Roots 803.490ms
[2025-01-08T00:41:47.332+0000][101777.698s][info][gc,marking  ] GC(4019) Concurrent Preclean
[2025-01-08T00:41:47.334+0000][101777.700s][info][gc,marking  ] GC(4019) Concurrent Preclean 2.053ms
[2025-01-08T00:41:47.334+0000][101777.700s][info][gc,start    ] GC(4019) Pause Remark
[2025-01-08T00:41:47.360+0000][101777.726s][info][gc          ] GC(4019) Pause Remark 2569M->2569M(12288M) 26.048ms
[2025-01-08T00:41:47.360+0000][101777.726s][info][gc,cpu      ] GC(4019) User=0.15s Sys=0.00s Real=0.02s
[2025-01-08T00:41:47.360+0000][101777.726s][info][gc,marking  ] GC(4019) Concurrent Mark 831.914ms
[2025-01-08T00:41:47.360+0000][101777.726s][info][gc,marking  ] GC(4019) Concurrent Rebuild Remembered Sets
[2025-01-08T00:41:47.855+0000][101778.221s][info][gc,marking  ] GC(4019) Concurrent Rebuild Remembered Sets 494.612ms
[2025-01-08T00:41:47.855+0000][101778.221s][info][gc,start    ] GC(4019) Pause Cleanup
[2025-01-08T00:41:47.855+0000][101778.221s][info][gc          ] GC(4019) Pause Cleanup 2643M->2643M(12288M) 0.369ms
[2025-01-08T00:41:47.855+0000][101778.221s][info][gc,cpu      ] GC(4019) User=0.00s Sys=0.00s Real=0.00s
[2025-01-08T00:41:47.855+0000][101778.221s][info][gc,marking  ] GC(4019) Concurrent Cleanup for Next Mark
[2025-01-08T00:41:47.871+0000][101778.237s][info][gc,marking  ] GC(4019) Concurrent Cleanup for Next Mark 15.459ms
[2025-01-08T00:41:47.871+0000][101778.237s][info][gc          ] GC(4019) Concurrent Mark Cycle 1360.158ms
[2025-01-08T00:41:53.992+0000][101784.358s][info][gc,start    ] GC(4020) Pause Young (Prepare Mixed) (G1 Evacuation Pause)
[2025-01-08T00:41:53.992+0000][101784.358s][info][gc,task     ] GC(4020) Using 6 workers of 6 for evacuation
[2025-01-08T00:41:54.025+0000][101784.391s][info][gc,phases   ] GC(4020)   Pre Evacuate Collection Set: 0.2ms
[2025-01-08T00:41:54.025+0000][101784.391s][info][gc,phases   ] GC(4020)   Merge Heap Roots: 0.6ms
[2025-01-08T00:41:54.025+0000][101784.391s][info][gc,phases   ] GC(4020)   Evacuate Collection Set: 30.2ms
[2025-01-08T00:41:54.025+0000][101784.391s][info][gc,phases   ] GC(4020)   Post Evacuate Collection Set: 2.6ms
[2025-01-08T00:41:54.025+0000][101784.392s][info][gc,phases   ] GC(4020)   Other: 0.2ms
[2025-01-08T00:41:54.025+0000][101784.392s][info][gc,heap     ] GC(4020) Eden regions: 904->0(67)
[2025-01-08T00:41:54.025+0000][101784.392s][info][gc,heap     ] GC(4020) Survivor regions: 7->9(114)
[2025-01-08T00:41:54.025+0000][101784.392s][info][gc,heap     ] GC(4020) Old regions: 252->252
[2025-01-08T00:41:54.025+0000][101784.392s][info][gc,heap     ] GC(4020) Archive regions: 2->2
[2025-01-08T00:41:54.025+0000][101784.392s][info][gc,heap     ] GC(4020) Humongous regions: 49->49
[2025-01-08T00:41:54.025+0000][101784.392s][info][gc,metaspace] GC(4020) Metaspace: 506155K(515008K)->506155K(515008K) NonClass: 444548K(449024K)->444548K(449024K) Class: 61606K(65984K)->61606K(65984K)
[2025-01-08T00:41:54.025+0000][101784.392s][info][gc          ] GC(4020) Pause Young (Prepare Mixed) (G1 Evacuation Pause) 9691M->2476M(12288M) 33.889ms
[2025-01-08T00:41:54.026+0000][101784.392s][info][gc,cpu      ] GC(4020) User=0.20s Sys=0.00s Real=0.03s
[2025-01-08T00:41:54.260+0000][101784.626s][info][gc,start    ] GC(4021) Pause Young (Mixed) (G1 Evacuation Pause)
[2025-01-08T00:41:54.260+0000][101784.626s][info][gc,task     ] GC(4021) Using 6 workers of 6 for evacuation
[2025-01-08T00:41:54.315+0000][101784.681s][info][gc,phases   ] GC(4021)   Pre Evacuate Collection Set: 0.2ms
[2025-01-08T00:41:54.315+0000][101784.681s][info][gc,phases   ] GC(4021)   Merge Heap Roots: 0.6ms
[2025-01-08T00:41:54.315+0000][101784.681s][info][gc,phases   ] GC(4021)   Evacuate Collection Set: 52.6ms
[2025-01-08T00:41:54.315+0000][101784.681s][info][gc,phases   ] GC(4021)   Post Evacuate Collection Set: 1.8ms
[2025-01-08T00:41:54.315+0000][101784.681s][info][gc,phases   ] GC(4021)   Other: 0.2ms
[2025-01-08T00:41:54.315+0000][101784.681s][info][gc,heap     ] GC(4021) Eden regions: 67->0(906)
[2025-01-08T00:41:54.315+0000][101784.681s][info][gc,heap     ] GC(4021) Survivor regions: 9->6(10)
[2025-01-08T00:41:54.315+0000][101784.681s][info][gc,heap     ] GC(4021) Old regions: 252->251
[2025-01-08T00:41:54.315+0000][101784.681s][info][gc,heap     ] GC(4021) Archive regions: 2->2
[2025-01-08T00:41:54.315+0000][101784.681s][info][gc,heap     ] GC(4021) Humongous regions: 49->49
[2025-01-08T00:41:54.315+0000][101784.681s][info][gc,metaspace] GC(4021) Metaspace: 506155K(515008K)->506155K(515008K) NonClass: 444548K(449024K)->444548K(449024K) Class: 61606K(65984K)->61606K(65984K)
[2025-01-08T00:41:54.315+0000][101784.681s][info][gc          ] GC(4021) Pause Young (Mixed) (G1 Evacuation Pause) 3012M->2452M(12288M) 55.469ms
[2025-01-08T00:41:54.315+0000][101784.681s][info][gc,cpu      ] GC(4021) User=0.33s Sys=0.00s Real=0.06s
[2025-01-08T00:42:01.000+0000][101791.366s][info][gc,start    ] GC(4022) Pause Young (Normal) (G1 Evacuation Pause)
[2025-01-08T00:42:01.000+0000][101791.366s][info][gc,task     ] GC(4022) Using 6 workers of 6 for evacuation
[2025-01-08T00:42:01.025+0000][101791.391s][info][gc,phases   ] GC(4022)   Pre Evacuate Collection Set: 0.2ms
[2025-01-08T00:42:01.025+0000][101791.391s][info][gc,phases   ] GC(4022)   Merge Heap Roots: 0.4ms
[2025-01-08T00:42:01.025+0000][101791.391s][info][gc,phases   ] GC(4022)   Evacuate Collection Set: 21.8ms
[2025-01-08T00:42:01.025+0000][101791.391s][info][gc,phases   ] GC(4022)   Post Evacuate Collection Set: 2.4ms
[2025-01-08T00:42:01.025+0000][101791.391s][info][gc,phases   ] GC(4022)   Other: 0.2ms
[2025-01-08T00:42:01.025+0000][101791.391s][info][gc,heap     ] GC(4022) Eden regions: 906->0(906)
[2025-01-08T00:42:01.025+0000][101791.391s][info][gc,heap     ] GC(4022) Survivor regions: 6->6(114)
[2025-01-08T00:42:01.025+0000][101791.391s][info][gc,heap     ] GC(4022) Old regions: 251->251
[2025-01-08T00:42:01.025+0000][101791.391s][info][gc,heap     ] GC(4022) Archive regions: 2->2
[2025-01-08T00:42:01.025+0000][101791.391s][info][gc,heap     ] GC(4022) Humongous regions: 49->49
[2025-01-08T00:42:01.025+0000][101791.391s][info][gc,metaspace] GC(4022) Metaspace: 506157K(515008K)->506157K(515008K) NonClass: 444551K(449024K)->444551K(449024K) Class: 61606K(65984K)->61606K(65984K)
[2025-01-08T00:42:01.025+0000][101791.391s][info][gc          ] GC(4022) Pause Young (Normal) (G1 Evacuation Pause) 9700M->2452M(12288M) 25.197ms
[2025-01-08T00:42:01.025+0000][101791.391s][info][gc,cpu      ] GC(4022) User=0.14s Sys=0.00s Real=0.03s
[2025-01-08T00:42:08.006+0000][101798.372s][info][gc,start    ] GC(4023) Pause Young (Normal) (G1 Evacuation Pause)
[2025-01-08T00:42:08.006+0000][101798.372s][info][gc,task     ] GC(4023) Using 6 workers of 6 for evacuation
[2025-01-08T00:42:08.033+0000][101798.399s][info][gc,phases   ] GC(4023)   Pre Evacuate Collection Set: 0.2ms
[2025-01-08T00:42:08.033+0000][101798.399s][info][gc,phases   ] GC(4023)   Merge Heap Roots: 0.4ms
[2025-01-08T00:42:08.033+0000][101798.399s][info][gc,phases   ] GC(4023)   Evacuate Collection Set: 23.3ms
[2025-01-08T00:42:08.033+0000][101798.399s][info][gc,phases   ] GC(4023)   Post Evacuate Collection Set: 2.5ms
[2025-01-08T00:42:08.033+0000][101798.399s][info][gc,phases   ] GC(4023)   Other: 0.2ms
[2025-01-08T00:42:08.033+0000][101798.399s][info][gc,heap     ] GC(4023) Eden regions: 906->0(905)
[2025-01-08T00:42:08.033+0000][101798.399s][info][gc,heap     ] GC(4023) Survivor regions: 6->7(114)
[2025-01-08T00:42:08.033+0000][101798.399s][info][gc,heap     ] GC(4023) Old regions: 251->251
[2025-01-08T00:42:08.033+0000][101798.399s][info][gc,heap     ] GC(4023) Archive regions: 2->2
[2025-01-08T00:42:08.033+0000][101798.399s][info][gc,heap     ] GC(4023) Humongous regions: 49->49
[2025-01-08T00:42:08.033+0000][101798.399s][info][gc,metaspace] GC(4023) Metaspace: 506158K(515008K)->506158K(515008K) NonClass: 444551K(449024K)->444551K(449024K) Class: 61606K(65984K)->61606K(65984K)
[2025-01-08T00:42:08.033+0000][101798.399s][info][gc          ] GC(4023) Pause Young (Normal) (G1 Evacuation Pause) 9700M->2459M(12288M) 26.761ms
[2025-01-08T00:42:08.033+0000][101798.399s][info][gc,cpu      ] GC(4023) User=0.15s Sys=0.00s Real=0.03s
[2025-01-08T00:42:14.528+0000][101804.894s][info][gc,start    ] GC(4024) Pause Young (Concurrent Start) (G1 Evacuation Pause)
[2025-01-08T00:42:14.528+0000][101804.894s][info][gc,task     ] GC(4024) Using 6 workers of 6 for evacuation
[2025-01-08T00:42:14.559+0000][101804.925s][info][gc,phases   ] GC(4024)   Pre Evacuate Collection Set: 1.1ms
[2025-01-08T00:42:14.559+0000][101804.925s][info][gc,phases   ] GC(4024)   Merge Heap Roots: 0.5ms
[2025-01-08T00:42:14.559+0000][101804.925s][info][gc,phases   ] GC(4024)   Evacuate Collection Set: 27.2ms
[2025-01-08T00:42:14.559+0000][101804.925s][info][gc,phases   ] GC(4024)   Post Evacuate Collection Set: 2.5ms
[2025-01-08T00:42:14.559+0000][101804.925s][info][gc,phases   ] GC(4024)   Other: 0.3ms
[2025-01-08T00:42:14.559+0000][101804.925s][info][gc,heap     ] GC(4024) Eden regions: 905->0(905)
[2025-01-08T00:42:14.559+0000][101804.925s][info][gc,heap     ] GC(4024) Survivor regions: 7->9(114)
[2025-01-08T00:42:14.559+0000][101804.925s][info][gc,heap     ] GC(4024) Old regions: 251->251
[2025-01-08T00:42:14.559+0000][101804.925s][info][gc,heap     ] GC(4024) Archive regions: 2->2
[2025-01-08T00:42:14.559+0000][101804.925s][info][gc,heap     ] GC(4024) Humongous regions: 49->49
[2025-01-08T00:42:14.559+0000][101804.925s][info][gc,metaspace] GC(4024) Metaspace: 506159K(515008K)->506159K(515008K) NonClass: 444552K(449024K)->444552K(449024K) Class: 61606K(65984K)->61606K(65984K)
[2025-01-08T00:42:14.559+0000][101804.925s][info][gc          ] GC(4024) Pause Young (Concurrent Start) (G1 Evacuation Pause) 9699M->2469M(12288M) 31.586ms
[2025-01-08T00:42:14.559+0000][101804.925s][info][gc,cpu      ] GC(4024) User=0.18s Sys=0.00s Real=0.03s
[2025-01-08T00:42:14.559+0000][101804.925s][info][gc          ] GC(4025) Concurrent Mark Cycle
[2025-01-08T00:42:14.559+0000][101804.925s][info][gc,marking  ] GC(4025) Concurrent Clear Claimed Marks
[2025-01-08T00:42:14.560+0000][101804.926s][info][gc,marking  ] GC(4025) Concurrent Clear Claimed Marks 0.905ms
[2025-01-08T00:42:14.560+0000][101804.926s][info][gc,marking  ] GC(4025) Concurrent Scan Root Regions
[2025-01-08T00:42:14.579+0000][101804.946s][info][gc,marking  ] GC(4025) Concurrent Scan Root Regions 19.159ms
[2025-01-08T00:42:14.579+0000][101804.946s][info][gc,marking  ] GC(4025) Concurrent Mark
[2025-01-08T00:42:14.579+0000][101804.946s][info][gc,marking  ] GC(4025) Concurrent Mark From Roots
[2025-01-08T00:42:14.579+0000][101804.946s][info][gc,task     ] GC(4025) Using 2 workers of 2 for marking
[2025-01-08T00:42:15.709+0000][101806.075s][info][gc,marking  ] GC(4025) Concurrent Mark From Roots 1129.045ms
[2025-01-08T00:42:15.709+0000][101806.075s][info][gc,marking  ] GC(4025) Concurrent Preclean
[2025-01-08T00:42:15.711+0000][101806.077s][info][gc,marking  ] GC(4025) Concurrent Preclean 2.706ms
[2025-01-08T00:42:15.711+0000][101806.078s][info][gc,start    ] GC(4025) Pause Remark
[2025-01-08T00:42:15.738+0000][101806.104s][info][gc          ] GC(4025) Pause Remark 3933M->3933M(12288M) 26.154ms
[2025-01-08T00:42:15.738+0000][101806.104s][info][gc,cpu      ] GC(4025) User=0.15s Sys=0.00s Real=0.02s
[2025-01-08T00:42:15.738+0000][101806.104s][info][gc,marking  ] GC(4025) Concurrent Mark 1158.271ms
[2025-01-08T00:42:15.738+0000][101806.104s][info][gc,marking  ] GC(4025) Concurrent Rebuild Remembered Sets
[2025-01-08T00:42:16.447+0000][101806.813s][info][gc,marking  ] GC(4025) Concurrent Rebuild Remembered Sets 709.305ms
[2025-01-08T00:42:16.447+0000][101806.813s][info][gc,start    ] GC(4025) Pause Cleanup
[2025-01-08T00:42:16.448+0000][101806.814s][info][gc          ] GC(4025) Pause Cleanup 4977M->4977M(12288M) 0.443ms
[2025-01-08T00:42:16.448+0000][101806.814s][info][gc,cpu      ] GC(4025) User=0.00s Sys=0.00s Real=0.00s
[2025-01-08T00:42:16.448+0000][101806.814s][info][gc,marking  ] GC(4025) Concurrent Cleanup for Next Mark
[2025-01-08T00:42:16.470+0000][101806.836s][info][gc,marking  ] GC(4025) Concurrent Cleanup for Next Mark 21.713ms
[2025-01-08T00:42:16.470+0000][101806.836s][info][gc          ] GC(4025) Concurrent Mark Cycle 1910.238ms
[2025-01-08T00:42:21.077+0000][101811.443s][info][gc,start    ] GC(4026) Pause Young (Prepare Mixed) (G1 Evacuation Pause)
[2025-01-08T00:42:21.077+0000][101811.443s][info][gc,task     ] GC(4026) Using 6 workers of 6 for evacuation
[2025-01-08T00:42:21.114+0000][101811.480s][info][gc,phases   ] GC(4026)   Pre Evacuate Collection Set: 0.2ms
[2025-01-08T00:42:21.114+0000][101811.481s][info][gc,phases   ] GC(4026)   Merge Heap Roots: 0.7ms
[2025-01-08T00:42:21.114+0000][101811.481s][info][gc,phases   ] GC(4026)   Evacuate Collection Set: 31.9ms
[2025-01-08T00:42:21.114+0000][101811.481s][info][gc,phases   ] GC(4026)   Post Evacuate Collection Set: 4.1ms
[2025-01-08T00:42:21.114+0000][101811.481s][info][gc,phases   ] GC(4026)   Other: 0.2ms
[2025-01-08T00:42:21.114+0000][101811.481s][info][gc,heap     ] GC(4026) Eden regions: 905->0(66)
[2025-01-08T00:42:21.114+0000][101811.481s][info][gc,heap     ] GC(4026) Survivor regions: 9->10(115)
[2025-01-08T00:42:21.114+0000][101811.481s][info][gc,heap     ] GC(4026) Old regions: 251->251
[2025-01-08T00:42:21.114+0000][101811.481s][info][gc,heap     ] GC(4026) Archive regions: 2->2
[2025-01-08T00:42:21.114+0000][101811.481s][info][gc,heap     ] GC(4026) Humongous regions: 49->49
[2025-01-08T00:42:21.114+0000][101811.481s][info][gc,metaspace] GC(4026) Metaspace: 506159K(515008K)->506159K(515008K) NonClass: 444552K(449024K)->444552K(449024K) Class: 61606K(65984K)->61606K(65984K)
[2025-01-08T00:42:21.115+0000][101811.481s][info][gc          ] GC(4026) Pause Young (Prepare Mixed) (G1 Evacuation Pause) 9709M->2484M(12288M) 37.162ms
[2025-01-08T00:42:21.115+0000][101811.481s][info][gc,cpu      ] GC(4026) User=0.22s Sys=0.00s Real=0.04s
[2025-01-08T00:42:21.475+0000][101811.842s][info][gc,start    ] GC(4027) Pause Young (Mixed) (G1 Evacuation Pause)
[2025-01-08T00:42:21.475+0000][101811.842s][info][gc,task     ] GC(4027) Using 6 workers of 6 for evacuation
[2025-01-08T00:42:21.518+0000][101811.884s][info][gc,phases   ] GC(4027)   Pre Evacuate Collection Set: 0.2ms
[2025-01-08T00:42:21.518+0000][101811.884s][info][gc,phases   ] GC(4027)   Merge Heap Roots: 0.4ms
[2025-01-08T00:42:21.518+0000][101811.884s][info][gc,phases   ] GC(4027)   Evacuate Collection Set: 40.3ms
[2025-01-08T00:42:21.518+0000][101811.884s][info][gc,phases   ] GC(4027)   Post Evacuate Collection Set: 1.6ms
[2025-01-08T00:42:21.518+0000][101811.884s][info][gc,phases   ] GC(4027)   Other: 0.2ms
[2025-01-08T00:42:21.518+0000][101811.884s][info][gc,heap     ] GC(4027) Eden regions: 66->0(910)
[2025-01-08T00:42:21.518+0000][101811.884s][info][gc,heap     ] GC(4027) Survivor regions: 10->5(10)
[2025-01-08T00:42:21.518+0000][101811.884s][info][gc,heap     ] GC(4027) Old regions: 251->249
[2025-01-08T00:42:21.518+0000][101811.884s][info][gc,heap     ] GC(4027) Archive regions: 2->2
[2025-01-08T00:42:21.518+0000][101811.884s][info][gc,heap     ] GC(4027) Humongous regions: 49->49
[2025-01-08T00:42:21.518+0000][101811.884s][info][gc,metaspace] GC(4027) Metaspace: 506160K(515008K)->506160K(515008K) NonClass: 444553K(449024K)->444553K(449024K) Class: 61606K(65984K)->61606K(65984K)
[2025-01-08T00:42:21.518+0000][101811.884s][info][gc          ] GC(4027) Pause Young (Mixed) (G1 Evacuation Pause) 3012M->2427M(12288M) 42.733ms
[2025-01-08T00:42:21.518+0000][101811.884s][info][gc,cpu      ] GC(4027) User=0.25s Sys=0.00s Real=0.04s
[2025-01-08T00:42:28.075+0000][101818.441s][info][gc,start    ] GC(4028) Pause Young (Normal) (G1 Evacuation Pause)
[2025-01-08T00:42:28.075+0000][101818.441s][info][gc,task     ] GC(4028) Using 6 workers of 6 for evacuation
[2025-01-08T00:42:28.106+0000][101818.472s][info][gc,phases   ] GC(4028)   Pre Evacuate Collection Set: 0.2ms
[2025-01-08T00:42:28.106+0000][101818.472s][info][gc,phases   ] GC(4028)   Merge Heap Roots: 0.4ms
[2025-01-08T00:42:28.106+0000][101818.472s][info][gc,phases   ] GC(4028)   Evacuate Collection Set: 26.7ms
[2025-01-08T00:42:28.106+0000][101818.472s][info][gc,phases   ] GC(4028)   Post Evacuate Collection Set: 3.9ms
[2025-01-08T00:42:28.106+0000][101818.472s][info][gc,phases   ] GC(4028)   Other: 0.2ms
[2025-01-08T00:42:28.106+0000][101818.472s][info][gc,heap     ] GC(4028) Eden regions: 910->0(905)
[2025-01-08T00:42:28.106+0000][101818.472s][info][gc,heap     ] GC(4028) Survivor regions: 5->8(115)
[2025-01-08T00:42:28.106+0000][101818.472s][info][gc,heap     ] GC(4028) Old regions: 249->249
[2025-01-08T00:42:28.106+0000][101818.472s][info][gc,heap     ] GC(4028) Archive regions: 2->2
[2025-01-08T00:42:28.106+0000][101818.472s][info][gc,heap     ] GC(4028) Humongous regions: 49->49
[2025-01-08T00:42:28.106+0000][101818.472s][info][gc,metaspace] GC(4028) Metaspace: 506160K(515008K)->506160K(515008K) NonClass: 444553K(449024K)->444553K(449024K) Class: 61606K(65984K)->61606K(65984K)
[2025-01-08T00:42:28.106+0000][101818.472s][info][gc          ] GC(4028) Pause Young (Normal) (G1 Evacuation Pause) 9707M->2450M(12288M) 31.495ms
[2025-01-08T00:42:28.106+0000][101818.472s][info][gc,cpu      ] GC(4028) User=0.19s Sys=0.00s Real=0.03s
[2025-01-08T00:42:39.201+0000][101829.567s][info][gc,start    ] GC(4029) Pause Young (Normal) (G1 Evacuation Pause)
[2025-01-08T00:42:39.201+0000][101829.567s][info][gc,task     ] GC(4029) Using 6 workers of 6 for evacuation
[2025-01-08T00:42:39.237+0000][101829.603s][info][gc,phases   ] GC(4029)   Pre Evacuate Collection Set: 0.2ms
[2025-01-08T00:42:39.237+0000][101829.603s][info][gc,phases   ] GC(4029)   Merge Heap Roots: 0.5ms
[2025-01-08T00:42:39.237+0000][101829.603s][info][gc,phases   ] GC(4029)   Evacuate Collection Set: 30.6ms
[2025-01-08T00:42:39.237+0000][101829.603s][info][gc,phases   ] GC(4029)   Post Evacuate Collection Set: 4.1ms
[2025-01-08T00:42:39.237+0000][101829.603s][info][gc,phases   ] GC(4029)   Other: 0.2ms
[2025-01-08T00:42:39.237+0000][101829.603s][info][gc,heap     ] GC(4029) Eden regions: 905->0(903)
[2025-01-08T00:42:39.237+0000][101829.603s][info][gc,heap     ] GC(4029) Survivor regions: 8->9(115)
[2025-01-08T00:42:39.237+0000][101829.603s][info][gc,heap     ] GC(4029) Old regions: 249->249
[2025-01-08T00:42:39.237+0000][101829.603s][info][gc,heap     ] GC(4029) Archive regions: 2->2
[2025-01-08T00:42:39.237+0000][101829.603s][info][gc,heap     ] GC(4029) Humongous regions: 49->49
[2025-01-08T00:42:39.237+0000][101829.603s][info][gc,metaspace] GC(4029) Metaspace: 506160K(515008K)->506160K(515008K) NonClass: 444553K(449024K)->444553K(449024K) Class: 61606K(65984K)->61606K(65984K)
[2025-01-08T00:42:39.237+0000][101829.603s][info][gc          ] GC(4029) Pause Young (Normal) (G1 Evacuation Pause) 9690M->2459M(12288M) 35.698ms
[2025-01-08T00:42:39.237+0000][101829.603s][info][gc,cpu      ] GC(4029) User=0.21s Sys=0.00s Real=0.04s
[2025-01-08T00:42:47.787+0000][101838.153s][info][gc,start    ] GC(4030) Pause Young (Concurrent Start) (G1 Evacuation Pause)
[2025-01-08T00:42:47.787+0000][101838.153s][info][gc,task     ] GC(4030) Using 6 workers of 6 for evacuation
[2025-01-08T00:42:47.822+0000][101838.188s][info][gc,phases   ] GC(4030)   Pre Evacuate Collection Set: 1.0ms
[2025-01-08T00:42:47.822+0000][101838.188s][info][gc,phases   ] GC(4030)   Merge Heap Roots: 0.5ms
[2025-01-08T00:42:47.822+0000][101838.188s][info][gc,phases   ] GC(4030)   Evacuate Collection Set: 31.4ms
[2025-01-08T00:42:47.822+0000][101838.188s][info][gc,phases   ] GC(4030)   Post Evacuate Collection Set: 2.6ms
[2025-01-08T00:42:47.822+0000][101838.188s][info][gc,phases   ] GC(4030)   Other: 0.3ms
[2025-01-08T00:42:47.822+0000][101838.188s][info][gc,heap     ] GC(4030) Eden regions: 903->0(902)
[2025-01-08T00:42:47.822+0000][101838.189s][info][gc,heap     ] GC(4030) Survivor regions: 9->10(114)
[2025-01-08T00:42:47.822+0000][101838.189s][info][gc,heap     ] GC(4030) Old regions: 249->249
[2025-01-08T00:42:47.822+0000][101838.189s][info][gc,heap     ] GC(4030) Archive regions: 2->2
[2025-01-08T00:42:47.822+0000][101838.189s][info][gc,heap     ] GC(4030) Humongous regions: 49->49
[2025-01-08T00:42:47.822+0000][101838.189s][info][gc,metaspace] GC(4030) Metaspace: 506160K(515008K)->506160K(515008K) NonClass: 444553K(449024K)->444553K(449024K) Class: 61606K(65984K)->61606K(65984K)
[2025-01-08T00:42:47.822+0000][101838.189s][info][gc          ] GC(4030) Pause Young (Concurrent Start) (G1 Evacuation Pause) 9683M->2462M(12288M) 35.862ms
[2025-01-08T00:42:47.823+0000][101838.189s][info][gc,cpu      ] GC(4030) User=0.21s Sys=0.00s Real=0.04s
[2025-01-08T00:42:47.823+0000][101838.189s][info][gc          ] GC(4031) Concurrent Mark Cycle
[2025-01-08T00:42:47.823+0000][101838.189s][info][gc,marking  ] GC(4031) Concurrent Clear Claimed Marks
[2025-01-08T00:42:47.823+0000][101838.190s][info][gc,marking  ] GC(4031) Concurrent Clear Claimed Marks 0.878ms
[2025-01-08T00:42:47.823+0000][101838.190s][info][gc,marking  ] GC(4031) Concurrent Scan Root Regions
[2025-01-08T00:42:47.849+0000][101838.215s][info][gc,marking  ] GC(4031) Concurrent Scan Root Regions 25.218ms
[2025-01-08T00:42:47.849+0000][101838.215s][info][gc,marking  ] GC(4031) Concurrent Mark
[2025-01-08T00:42:47.849+0000][101838.215s][info][gc,marking  ] GC(4031) Concurrent Mark From Roots
[2025-01-08T00:42:47.849+0000][101838.215s][info][gc,task     ] GC(4031) Using 2 workers of 2 for marking
[2025-01-08T00:42:49.063+0000][101839.429s][info][gc,marking  ] GC(4031) Concurrent Mark From Roots 1214.033ms
[2025-01-08T00:42:49.063+0000][101839.429s][info][gc,marking  ] GC(4031) Concurrent Preclean
[2025-01-08T00:42:49.065+0000][101839.431s][info][gc,marking  ] GC(4031) Concurrent Preclean 1.950ms
[2025-01-08T00:42:49.065+0000][101839.431s][info][gc,start    ] GC(4031) Pause Remark
[2025-01-08T00:42:49.091+0000][101839.457s][info][gc          ] GC(4031) Pause Remark 4374M->4374M(12288M) 25.954ms
[2025-01-08T00:42:49.091+0000][101839.457s][info][gc,cpu      ] GC(4031) User=0.15s Sys=0.00s Real=0.03s
[2025-01-08T00:42:49.091+0000][101839.457s][info][gc,marking  ] GC(4031) Concurrent Mark 1242.343ms
[2025-01-08T00:42:49.091+0000][101839.457s][info][gc,marking  ] GC(4031) Concurrent Rebuild Remembered Sets
[2025-01-08T00:42:49.884+0000][101840.250s][info][gc,marking  ] GC(4031) Concurrent Rebuild Remembered Sets 792.579ms
[2025-01-08T00:42:49.884+0000][101840.250s][info][gc,start    ] GC(4031) Pause Cleanup
[2025-01-08T00:42:49.884+0000][101840.250s][info][gc          ] GC(4031) Pause Cleanup 5570M->5570M(12288M) 0.409ms
[2025-01-08T00:42:49.884+0000][101840.250s][info][gc,cpu      ] GC(4031) User=0.01s Sys=0.00s Real=0.00s
[2025-01-08T00:42:49.884+0000][101840.250s][info][gc,marking  ] GC(4031) Concurrent Cleanup for Next Mark
[2025-01-08T00:42:49.900+0000][101840.266s][info][gc,marking  ] GC(4031) Concurrent Cleanup for Next Mark 16.071ms
[2025-01-08T00:42:49.900+0000][101840.267s][info][gc          ] GC(4031) Concurrent Mark Cycle 2077.900ms
[2025-01-08T00:42:53.664+0000][101844.031s][info][gc,start    ] GC(4032) Pause Young (Prepare Mixed) (G1 Evacuation Pause)
[2025-01-08T00:42:53.665+0000][101844.031s][info][gc,task     ] GC(4032) Using 6 workers of 6 for evacuation
[2025-01-08T00:42:53.702+0000][101844.068s][info][gc,phases   ] GC(4032)   Pre Evacuate Collection Set: 0.2ms
[2025-01-08T00:42:53.702+0000][101844.069s][info][gc,phases   ] GC(4032)   Merge Heap Roots: 0.8ms
[2025-01-08T00:42:53.702+0000][101844.069s][info][gc,phases   ] GC(4032)   Evacuate Collection Set: 33.9ms
[2025-01-08T00:42:53.702+0000][101844.069s][info][gc,phases   ] GC(4032)   Post Evacuate Collection Set: 2.8ms
[2025-01-08T00:42:53.702+0000][101844.069s][info][gc,phases   ] GC(4032)   Other: 0.2ms
[2025-01-08T00:42:53.702+0000][101844.069s][info][gc,heap     ] GC(4032) Eden regions: 902->0(65)
[2025-01-08T00:42:53.702+0000][101844.069s][info][gc,heap     ] GC(4032) Survivor regions: 10->11(114)
[2025-01-08T00:42:53.702+0000][101844.069s][info][gc,heap     ] GC(4032) Old regions: 249->249
[2025-01-08T00:42:53.702+0000][101844.069s][info][gc,heap     ] GC(4032) Archive regions: 2->2
[2025-01-08T00:42:53.702+0000][101844.069s][info][gc,heap     ] GC(4032) Humongous regions: 49->49
[2025-01-08T00:42:53.702+0000][101844.069s][info][gc,metaspace] GC(4032) Metaspace: 506160K(515008K)->506160K(515008K) NonClass: 444553K(449024K)->444553K(449024K) Class: 61606K(65984K)->61606K(65984K)
[2025-01-08T00:42:53.702+0000][101844.069s][info][gc          ] GC(4032) Pause Young (Prepare Mixed) (G1 Evacuation Pause) 9678M->2474M(12288M) 38.029ms
[2025-01-08T00:42:53.703+0000][101844.069s][info][gc,cpu      ] GC(4032) User=0.22s Sys=0.00s Real=0.04s
[2025-01-08T00:42:54.121+0000][101844.487s][info][gc,start    ] GC(4033) Pause Young (Mixed) (G1 Evacuation Pause)
[2025-01-08T00:42:54.121+0000][101844.487s][info][gc,task     ] GC(4033) Using 6 workers of 6 for evacuation
[2025-01-08T00:42:54.174+0000][101844.540s][info][gc,phases   ] GC(4033)   Pre Evacuate Collection Set: 0.2ms
[2025-01-08T00:42:54.174+0000][101844.540s][info][gc,phases   ] GC(4033)   Merge Heap Roots: 0.5ms
[2025-01-08T00:42:54.174+0000][101844.540s][info][gc,phases   ] GC(4033)   Evacuate Collection Set: 50.6ms
[2025-01-08T00:42:54.174+0000][101844.540s][info][gc,phases   ] GC(4033)   Post Evacuate Collection Set: 1.7ms
[2025-01-08T00:42:54.174+0000][101844.540s][info][gc,phases   ] GC(4033)   Other: 0.2ms
[2025-01-08T00:42:54.174+0000][101844.540s][info][gc,heap     ] GC(4033) Eden regions: 65->0(906)
[2025-01-08T00:42:54.174+0000][101844.540s][info][gc,heap     ] GC(4033) Survivor regions: 11->6(10)
[2025-01-08T00:42:54.174+0000][101844.540s][info][gc,heap     ] GC(4033) Old regions: 249->251
[2025-01-08T00:42:54.174+0000][101844.540s][info][gc,heap     ] GC(4033) Archive regions: 2->2
[2025-01-08T00:42:54.174+0000][101844.540s][info][gc,heap     ] GC(4033) Humongous regions: 49->49
[2025-01-08T00:42:54.174+0000][101844.540s][info][gc,metaspace] GC(4033) Metaspace: 506160K(515008K)->506160K(515008K) NonClass: 444553K(449024K)->444553K(449024K) Class: 61606K(65984K)->61606K(65984K)
[2025-01-08T00:42:54.174+0000][101844.540s][info][gc          ] GC(4033) Pause Young (Mixed) (G1 Evacuation Pause) 2994M->2444M(12288M) 53.268ms
[2025-01-08T00:42:54.174+0000][101844.540s][info][gc,cpu      ] GC(4033) User=0.31s Sys=0.00s Real=0.06s
[2025-01-08T00:43:00.621+0000][101850.987s][info][gc,start    ] GC(4034) Pause Young (Normal) (G1 Evacuation Pause)
[2025-01-08T00:43:00.621+0000][101850.987s][info][gc,task     ] GC(4034) Using 6 workers of 6 for evacuation
[2025-01-08T00:43:00.649+0000][101851.015s][info][gc,phases   ] GC(4034)   Pre Evacuate Collection Set: 0.2ms
[2025-01-08T00:43:00.649+0000][101851.015s][info][gc,phases   ] GC(4034)   Merge Heap Roots: 0.4ms
[2025-01-08T00:43:00.649+0000][101851.015s][info][gc,phases   ] GC(4034)   Evacuate Collection Set: 24.4ms
[2025-01-08T00:43:00.649+0000][101851.015s][info][gc,phases   ] GC(4034)   Post Evacuate Collection Set: 2.5ms
[2025-01-08T00:43:00.649+0000][101851.015s][info][gc,phases   ] GC(4034)   Other: 0.2ms
[2025-01-08T00:43:00.649+0000][101851.015s][info][gc,heap     ] GC(4034) Eden regions: 906->0(904)
[2025-01-08T00:43:00.649+0000][101851.015s][info][gc,heap     ] GC(4034) Survivor regions: 6->7(114)
[2025-01-08T00:43:00.649+0000][101851.015s][info][gc,heap     ] GC(4034) Old regions: 251->251
[2025-01-08T00:43:00.649+0000][101851.015s][info][gc,heap     ] GC(4034) Archive regions: 2->2
[2025-01-08T00:43:00.649+0000][101851.015s][info][gc,heap     ] GC(4034) Humongous regions: 49->49
[2025-01-08T00:43:00.649+0000][101851.015s][info][gc,metaspace] GC(4034) Metaspace: 506160K(515008K)->506160K(515008K) NonClass: 444553K(449024K)->444553K(449024K) Class: 61606K(65984K)->61606K(65984K)
[2025-01-08T00:43:00.649+0000][101851.015s][info][gc          ] GC(4034) Pause Young (Normal) (G1 Evacuation Pause) 9692M->2454M(12288M) 27.867ms
[2025-01-08T00:43:00.649+0000][101851.015s][info][gc,cpu      ] GC(4034) User=0.16s Sys=0.00s Real=0.03s
[2025-01-08T00:43:04.756+0000][101855.122s][info][gc,start    ] GC(4035) Pause Young (Normal) (G1 Evacuation Pause)
[2025-01-08T00:43:04.756+0000][101855.122s][info][gc,task     ] GC(4035) Using 6 workers of 6 for evacuation
[2025-01-08T00:43:04.783+0000][101855.149s][info][gc,phases   ] GC(4035)   Pre Evacuate Collection Set: 0.2ms
[2025-01-08T00:43:04.783+0000][101855.149s][info][gc,phases   ] GC(4035)   Merge Heap Roots: 0.4ms
[2025-01-08T00:43:04.783+0000][101855.149s][info][gc,phases   ] GC(4035)   Evacuate Collection Set: 23.8ms
[2025-01-08T00:43:04.783+0000][101855.149s][info][gc,phases   ] GC(4035)   Post Evacuate Collection Set: 2.4ms
[2025-01-08T00:43:04.783+0000][101855.149s][info][gc,phases   ] GC(4035)   Other: 0.2ms
[2025-01-08T00:43:04.783+0000][101855.149s][info][gc,heap     ] GC(4035) Eden regions: 904->0(906)
[2025-01-08T00:43:04.783+0000][101855.149s][info][gc,heap     ] GC(4035) Survivor regions: 7->7(114)
[2025-01-08T00:43:04.783+0000][101855.149s][info][gc,heap     ] GC(4035) Old regions: 251->251
[2025-01-08T00:43:04.783+0000][101855.149s][info][gc,heap     ] GC(4035) Archive regions: 2->2
[2025-01-08T00:43:04.783+0000][101855.149s][info][gc,heap     ] GC(4035) Humongous regions: 49->49
[2025-01-08T00:43:04.783+0000][101855.149s][info][gc,metaspace] GC(4035) Metaspace: 506161K(515008K)->506161K(515008K) NonClass: 444555K(449024K)->444555K(449024K) Class: 61606K(65984K)->61606K(65984K)
[2025-01-08T00:43:04.783+0000][101855.149s][info][gc          ] GC(4035) Pause Young (Normal) (G1 Evacuation Pause) 9686M->2449M(12288M) 27.083ms
[2025-01-08T00:43:04.783+0000][101855.149s][info][gc,cpu      ] GC(4035) User=0.16s Sys=0.00s Real=0.03s
[2025-01-08T00:43:09.879+0000][101860.245s][info][gc,start    ] GC(4036) Pause Young (Concurrent Start) (G1 Evacuation Pause)
[2025-01-08T00:43:09.879+0000][101860.245s][info][gc,task     ] GC(4036) Using 6 workers of 6 for evacuation
[2025-01-08T00:43:09.911+0000][101860.278s][info][gc,phases   ] GC(4036)   Pre Evacuate Collection Set: 1.0ms
[2025-01-08T00:43:09.911+0000][101860.278s][info][gc,phases   ] GC(4036)   Merge Heap Roots: 0.4ms
[2025-01-08T00:43:09.911+0000][101860.278s][info][gc,phases   ] GC(4036)   Evacuate Collection Set: 27.9ms
[2025-01-08T00:43:09.911+0000][101860.278s][info][gc,phases   ] GC(4036)   Post Evacuate Collection Set: 2.5ms
[2025-01-08T00:43:09.911+0000][101860.278s][info][gc,phases   ] GC(4036)   Other: 0.3ms
[2025-01-08T00:43:09.911+0000][101860.278s][info][gc,heap     ] GC(4036) Eden regions: 906->0(904)
[2025-01-08T00:43:09.911+0000][101860.278s][info][gc,heap     ] GC(4036) Survivor regions: 7->8(115)
[2025-01-08T00:43:09.912+0000][101860.278s][info][gc,heap     ] GC(4036) Old regions: 251->251
[2025-01-08T00:43:09.912+0000][101860.278s][info][gc,heap     ] GC(4036) Archive regions: 2->2
[2025-01-08T00:43:09.912+0000][101860.278s][info][gc,heap     ] GC(4036) Humongous regions: 49->49
[2025-01-08T00:43:09.912+0000][101860.278s][info][gc,metaspace] GC(4036) Metaspace: 506161K(515008K)->506161K(515008K) NonClass: 444555K(449024K)->444555K(449024K) Class: 61606K(65984K)->61606K(65984K)
[2025-01-08T00:43:09.912+0000][101860.278s][info][gc          ] GC(4036) Pause Young (Concurrent Start) (G1 Evacuation Pause) 9697M->2463M(12288M) 32.282ms
[2025-01-08T00:43:09.912+0000][101860.278s][info][gc,cpu      ] GC(4036) User=0.18s Sys=0.00s Real=0.04s
[2025-01-08T00:43:09.912+0000][101860.278s][info][gc          ] GC(4037) Concurrent Mark Cycle
[2025-01-08T00:43:09.912+0000][101860.278s][info][gc,marking  ] GC(4037) Concurrent Clear Claimed Marks
[2025-01-08T00:43:09.913+0000][101860.279s][info][gc,marking  ] GC(4037) Concurrent Clear Claimed Marks 0.896ms
[2025-01-08T00:43:09.913+0000][101860.279s][info][gc,marking  ] GC(4037) Concurrent Scan Root Regions
[2025-01-08T00:43:09.944+0000][101860.310s][info][gc,marking  ] GC(4037) Concurrent Scan Root Regions 31.433ms
[2025-01-08T00:43:09.944+0000][101860.310s][info][gc,marking  ] GC(4037) Concurrent Mark
[2025-01-08T00:43:09.944+0000][101860.310s][info][gc,marking  ] GC(4037) Concurrent Mark From Roots
[2025-01-08T00:43:09.944+0000][101860.310s][info][gc,task     ] GC(4037) Using 2 workers of 2 for marking
[2025-01-08T00:43:11.104+0000][101861.470s][info][gc,marking  ] GC(4037) Concurrent Mark From Roots 1160.216ms
[2025-01-08T00:43:11.104+0000][101861.470s][info][gc,marking  ] GC(4037) Concurrent Preclean
[2025-01-08T00:43:11.106+0000][101861.472s][info][gc,marking  ] GC(4037) Concurrent Preclean 1.859ms
[2025-01-08T00:43:11.106+0000][101861.472s][info][gc,start    ] GC(4037) Pause Remark
[2025-01-08T00:43:11.132+0000][101861.498s][info][gc          ] GC(4037) Pause Remark 3843M->3843M(12288M) 25.896ms
[2025-01-08T00:43:11.132+0000][101861.498s][info][gc,cpu      ] GC(4037) User=0.15s Sys=0.00s Real=0.03s
[2025-01-08T00:43:11.132+0000][101861.498s][info][gc,marking  ] GC(4037) Concurrent Mark 1188.330ms
[2025-01-08T00:43:11.132+0000][101861.498s][info][gc,marking  ] GC(4037) Concurrent Rebuild Remembered Sets
[2025-01-08T00:43:11.629+0000][101861.995s][info][gc,marking  ] GC(4037) Concurrent Rebuild Remembered Sets 496.151ms
[2025-01-08T00:43:11.629+0000][101861.995s][info][gc,start    ] GC(4037) Pause Cleanup
[2025-01-08T00:43:11.629+0000][101861.995s][info][gc          ] GC(4037) Pause Cleanup 3843M->3843M(12288M) 0.409ms
[2025-01-08T00:43:11.629+0000][101861.995s][info][gc,cpu      ] GC(4037) User=0.00s Sys=0.00s Real=0.00s
[2025-01-08T00:43:11.629+0000][101861.995s][info][gc,marking  ] GC(4037) Concurrent Cleanup for Next Mark
[2025-01-08T00:43:11.645+0000][101862.011s][info][gc,marking  ] GC(4037) Concurrent Cleanup for Next Mark 15.349ms
[2025-01-08T00:43:11.645+0000][101862.011s][info][gc          ] GC(4037) Concurrent Mark Cycle 1732.952ms
[2025-01-08T00:43:16.162+0000][101866.529s][info][gc,start    ] GC(4038) Pause Young (Prepare Mixed) (G1 Evacuation Pause)
[2025-01-08T00:43:16.162+0000][101866.529s][info][gc,task     ] GC(4038) Using 6 workers of 6 for evacuation
[2025-01-08T00:43:16.199+0000][101866.565s][info][gc,phases   ] GC(4038)   Pre Evacuate Collection Set: 0.2ms
[2025-01-08T00:43:16.199+0000][101866.565s][info][gc,phases   ] GC(4038)   Merge Heap Roots: 0.7ms
[2025-01-08T00:43:16.199+0000][101866.565s][info][gc,phases   ] GC(4038)   Evacuate Collection Set: 30.8ms
[2025-01-08T00:43:16.199+0000][101866.565s][info][gc,phases   ] GC(4038)   Post Evacuate Collection Set: 4.2ms
[2025-01-08T00:43:16.199+0000][101866.565s][info][gc,phases   ] GC(4038)   Other: 0.2ms
[2025-01-08T00:43:16.199+0000][101866.565s][info][gc,heap     ] GC(4038) Eden regions: 904->0(65)
[2025-01-08T00:43:16.199+0000][101866.565s][info][gc,heap     ] GC(4038) Survivor regions: 8->11(114)
[2025-01-08T00:43:16.199+0000][101866.565s][info][gc,heap     ] GC(4038) Old regions: 251->251
[2025-01-08T00:43:16.199+0000][101866.565s][info][gc,heap     ] GC(4038) Archive regions: 2->2
[2025-01-08T00:43:16.199+0000][101866.565s][info][gc,heap     ] GC(4038) Humongous regions: 49->49
[2025-01-08T00:43:16.199+0000][101866.565s][info][gc,metaspace] GC(4038) Metaspace: 506161K(515008K)->506161K(515008K) NonClass: 444555K(449024K)->444555K(449024K) Class: 61606K(65984K)->61606K(65984K)
[2025-01-08T00:43:16.199+0000][101866.565s][info][gc          ] GC(4038) Pause Young (Prepare Mixed) (G1 Evacuation Pause) 9695M->2483M(12288M) 36.165ms
[2025-01-08T00:43:16.199+0000][101866.565s][info][gc,cpu      ] GC(4038) User=0.21s Sys=0.00s Real=0.03s
[2025-01-08T00:43:16.505+0000][101866.871s][info][gc,start    ] GC(4039) Pause Young (Mixed) (G1 Evacuation Pause)
[2025-01-08T00:43:16.505+0000][101866.871s][info][gc,task     ] GC(4039) Using 6 workers of 6 for evacuation
[2025-01-08T00:43:16.562+0000][101866.928s][info][gc,phases   ] GC(4039)   Pre Evacuate Collection Set: 0.2ms
[2025-01-08T00:43:16.562+0000][101866.928s][info][gc,phases   ] GC(4039)   Merge Heap Roots: 0.6ms
[2025-01-08T00:43:16.562+0000][101866.928s][info][gc,phases   ] GC(4039)   Evacuate Collection Set: 54.1ms
[2025-01-08T00:43:16.562+0000][101866.928s][info][gc,phases   ] GC(4039)   Post Evacuate Collection Set: 1.8ms
[2025-01-08T00:43:16.562+0000][101866.928s][info][gc,phases   ] GC(4039)   Other: 0.2ms
[2025-01-08T00:43:16.562+0000][101866.928s][info][gc,heap     ] GC(4039) Eden regions: 65->0(904)
[2025-01-08T00:43:16.562+0000][101866.928s][info][gc,heap     ] GC(4039) Survivor regions: 11->6(10)
[2025-01-08T00:43:16.562+0000][101866.928s][info][gc,heap     ] GC(4039) Old regions: 251->252
[2025-01-08T00:43:16.562+0000][101866.928s][info][gc,heap     ] GC(4039) Archive regions: 2->2
[2025-01-08T00:43:16.562+0000][101866.928s][info][gc,heap     ] GC(4039) Humongous regions: 49->49
[2025-01-08T00:43:16.562+0000][101866.928s][info][gc,metaspace] GC(4039) Metaspace: 506161K(515008K)->506161K(515008K) NonClass: 444555K(449024K)->444555K(449024K) Class: 61606K(65984K)->61606K(65984K)
[2025-01-08T00:43:16.562+0000][101866.928s][info][gc          ] GC(4039) Pause Young (Mixed) (G1 Evacuation Pause) 3003M->2451M(12288M) 56.931ms
[2025-01-08T00:43:16.562+0000][101866.928s][info][gc,cpu      ] GC(4039) User=0.33s Sys=0.00s Real=0.06s
[2025-01-08T00:43:23.627+0000][101873.993s][info][gc,start    ] GC(4040) Pause Young (Normal) (G1 Evacuation Pause)
[2025-01-08T00:43:23.627+0000][101873.993s][info][gc,task     ] GC(4040) Using 6 workers of 6 for evacuation
[2025-01-08T00:43:23.651+0000][101874.017s][info][gc,phases   ] GC(4040)   Pre Evacuate Collection Set: 0.2ms
[2025-01-08T00:43:23.651+0000][101874.017s][info][gc,phases   ] GC(4040)   Merge Heap Roots: 0.4ms
[2025-01-08T00:43:23.651+0000][101874.017s][info][gc,phases   ] GC(4040)   Evacuate Collection Set: 19.6ms
[2025-01-08T00:43:23.651+0000][101874.017s][info][gc,phases   ] GC(4040)   Post Evacuate Collection Set: 3.9ms
[2025-01-08T00:43:23.651+0000][101874.017s][info][gc,phases   ] GC(4040)   Other: 0.2ms
[2025-01-08T00:43:23.651+0000][101874.017s][info][gc,heap     ] GC(4040) Eden regions: 904->0(906)
[2025-01-08T00:43:23.651+0000][101874.017s][info][gc,heap     ] GC(4040) Survivor regions: 6->6(114)
[2025-01-08T00:43:23.651+0000][101874.017s][info][gc,heap     ] GC(4040) Old regions: 252->252
[2025-01-08T00:43:23.651+0000][101874.017s][info][gc,heap     ] GC(4040) Archive regions: 2->2
[2025-01-08T00:43:23.651+0000][101874.017s][info][gc,heap     ] GC(4040) Humongous regions: 49->49
[2025-01-08T00:43:23.651+0000][101874.017s][info][gc,metaspace] GC(4040) Metaspace: 506161K(515008K)->506161K(515008K) NonClass: 444555K(449024K)->444555K(449024K) Class: 61606K(65984K)->61606K(65984K)
[2025-01-08T00:43:23.651+0000][101874.017s][info][gc          ] GC(4040) Pause Young (Normal) (G1 Evacuation Pause) 9683M->2450M(12288M) 24.342ms
[2025-01-08T00:43:23.651+0000][101874.017s][info][gc,cpu      ] GC(4040) User=0.14s Sys=0.00s Real=0.03s
[2025-01-08T00:43:31.427+0000][101881.793s][info][gc,start    ] GC(4041) Pause Young (Normal) (G1 Evacuation Pause)
[2025-01-08T00:43:31.427+0000][101881.793s][info][gc,task     ] GC(4041) Using 6 workers of 6 for evacuation
[2025-01-08T00:43:31.456+0000][101881.822s][info][gc,phases   ] GC(4041)   Pre Evacuate Collection Set: 0.2ms
[2025-01-08T00:43:31.456+0000][101881.822s][info][gc,phases   ] GC(4041)   Merge Heap Roots: 0.4ms
[2025-01-08T00:43:31.456+0000][101881.822s][info][gc,phases   ] GC(4041)   Evacuate Collection Set: 24.1ms
[2025-01-08T00:43:31.456+0000][101881.822s][info][gc,phases   ] GC(4041)   Post Evacuate Collection Set: 3.9ms
[2025-01-08T00:43:31.456+0000][101881.822s][info][gc,phases   ] GC(4041)   Other: 0.2ms
[2025-01-08T00:43:31.456+0000][101881.822s][info][gc,heap     ] GC(4041) Eden regions: 906->0(903)
[2025-01-08T00:43:31.456+0000][101881.822s][info][gc,heap     ] GC(4041) Survivor regions: 6->8(114)
[2025-01-08T00:43:31.456+0000][101881.822s][info][gc,heap     ] GC(4041) Old regions: 252->252
[2025-01-08T00:43:31.456+0000][101881.822s][info][gc,heap     ] GC(4041) Archive regions: 2->2
[2025-01-08T00:43:31.456+0000][101881.822s][info][gc,heap     ] GC(4041) Humongous regions: 49->49
[2025-01-08T00:43:31.456+0000][101881.822s][info][gc,metaspace] GC(4041) Metaspace: 506161K(515008K)->506161K(515008K) NonClass: 444555K(449024K)->444555K(449024K) Class: 61606K(65984K)->61606K(65984K)
[2025-01-08T00:43:31.456+0000][101881.822s][info][gc          ] GC(4041) Pause Young (Normal) (G1 Evacuation Pause) 9698M->2465M(12288M) 28.938ms
[2025-01-08T00:43:31.456+0000][101881.822s][info][gc,cpu      ] GC(4041) User=0.17s Sys=0.00s Real=0.03s
[2025-01-08T00:43:36.636+0000][101887.002s][info][gc,start    ] GC(4042) Pause Young (Concurrent Start) (G1 Evacuation Pause)
[2025-01-08T00:43:36.636+0000][101887.002s][info][gc,task     ] GC(4042) Using 6 workers of 6 for evacuation
[2025-01-08T00:43:36.665+0000][101887.031s][info][gc,phases   ] GC(4042)   Pre Evacuate Collection Set: 1.1ms
[2025-01-08T00:43:36.665+0000][101887.031s][info][gc,phases   ] GC(4042)   Merge Heap Roots: 0.4ms
[2025-01-08T00:43:36.665+0000][101887.031s][info][gc,phases   ] GC(4042)   Evacuate Collection Set: 24.4ms
[2025-01-08T00:43:36.665+0000][101887.031s][info][gc,phases   ] GC(4042)   Post Evacuate Collection Set: 2.4ms
[2025-01-08T00:43:36.665+0000][101887.031s][info][gc,phases   ] GC(4042)   Other: 0.3ms
[2025-01-08T00:43:36.665+0000][101887.031s][info][gc,heap     ] GC(4042) Eden regions: 903->0(904)
[2025-01-08T00:43:36.665+0000][101887.031s][info][gc,heap     ] GC(4042) Survivor regions: 8->7(114)
[2025-01-08T00:43:36.665+0000][101887.031s][info][gc,heap     ] GC(4042) Old regions: 252->252
[2025-01-08T00:43:36.665+0000][101887.031s][info][gc,heap     ] GC(4042) Archive regions: 2->2
[2025-01-08T00:43:36.665+0000][101887.031s][info][gc,heap     ] GC(4042) Humongous regions: 49->49
[2025-01-08T00:43:36.665+0000][101887.031s][info][gc,metaspace] GC(4042) Metaspace: 506161K(515008K)->506161K(515008K) NonClass: 444555K(449024K)->444555K(449024K) Class: 61606K(65984K)->61606K(65984K)
[2025-01-08T00:43:36.665+0000][101887.031s][info][gc          ] GC(4042) Pause Young (Concurrent Start) (G1 Evacuation Pause) 9689M->2464M(12288M) 28.629ms
[2025-01-08T00:43:36.665+0000][101887.031s][info][gc,cpu      ] GC(4042) User=0.16s Sys=0.00s Real=0.03s
[2025-01-08T00:43:36.665+0000][101887.031s][info][gc          ] GC(4043) Concurrent Mark Cycle
[2025-01-08T00:43:36.665+0000][101887.031s][info][gc,marking  ] GC(4043) Concurrent Clear Claimed Marks
[2025-01-08T00:43:36.666+0000][101887.032s][info][gc,marking  ] GC(4043) Concurrent Clear Claimed Marks 0.867ms
[2025-01-08T00:43:36.666+0000][101887.032s][info][gc,marking  ] GC(4043) Concurrent Scan Root Regions
[2025-01-08T00:43:36.686+0000][101887.052s][info][gc,marking  ] GC(4043) Concurrent Scan Root Regions 19.682ms
[2025-01-08T00:43:36.686+0000][101887.052s][info][gc,marking  ] GC(4043) Concurrent Mark
[2025-01-08T00:43:36.686+0000][101887.052s][info][gc,marking  ] GC(4043) Concurrent Mark From Roots
[2025-01-08T00:43:36.686+0000][101887.052s][info][gc,task     ] GC(4043) Using 2 workers of 2 for marking
[2025-01-08T00:43:37.846+0000][101888.213s][info][gc,marking  ] GC(4043) Concurrent Mark From Roots 1160.930ms
[2025-01-08T00:43:37.846+0000][101888.213s][info][gc,marking  ] GC(4043) Concurrent Preclean
[2025-01-08T00:43:37.848+0000][101888.215s][info][gc,marking  ] GC(4043) Concurrent Preclean 1.994ms
[2025-01-08T00:43:37.849+0000][101888.215s][info][gc,start    ] GC(4043) Pause Remark
[2025-01-08T00:43:37.877+0000][101888.243s][info][gc          ] GC(4043) Pause Remark 4284M->4284M(12288M) 27.941ms
[2025-01-08T00:43:37.877+0000][101888.243s][info][gc,cpu      ] GC(4043) User=0.16s Sys=0.00s Real=0.03s
[2025-01-08T00:43:37.877+0000][101888.243s][info][gc,marking  ] GC(4043) Concurrent Mark 1191.259ms
[2025-01-08T00:43:37.877+0000][101888.243s][info][gc,marking  ] GC(4043) Concurrent Rebuild Remembered Sets
[2025-01-08T00:43:38.421+0000][101888.787s][info][gc,marking  ] GC(4043) Concurrent Rebuild Remembered Sets 544.500ms
[2025-01-08T00:43:38.421+0000][101888.788s][info][gc,start    ] GC(4043) Pause Cleanup
[2025-01-08T00:43:38.422+0000][101888.788s][info][gc          ] GC(4043) Pause Cleanup 4740M->4740M(12288M) 0.394ms
[2025-01-08T00:43:38.422+0000][101888.788s][info][gc,cpu      ] GC(4043) User=0.00s Sys=0.00s Real=0.00s
[2025-01-08T00:43:38.422+0000][101888.788s][info][gc,marking  ] GC(4043) Concurrent Cleanup for Next Mark
[2025-01-08T00:43:38.437+0000][101888.803s][info][gc,marking  ] GC(4043) Concurrent Cleanup for Next Mark 15.341ms
[2025-01-08T00:43:38.437+0000][101888.803s][info][gc          ] GC(4043) Concurrent Mark Cycle 1772.447ms
[2025-01-08T00:43:41.913+0000][101892.280s][info][gc,start    ] GC(4044) Pause Young (Prepare Mixed) (G1 Evacuation Pause)
[2025-01-08T00:43:41.913+0000][101892.280s][info][gc,task     ] GC(4044) Using 6 workers of 6 for evacuation
[2025-01-08T00:43:41.944+0000][101892.310s][info][gc,phases   ] GC(4044)   Pre Evacuate Collection Set: 0.2ms
[2025-01-08T00:43:41.944+0000][101892.310s][info][gc,phases   ] GC(4044)   Merge Heap Roots: 0.7ms
[2025-01-08T00:43:41.944+0000][101892.310s][info][gc,phases   ] GC(4044)   Evacuate Collection Set: 27.0ms
[2025-01-08T00:43:41.944+0000][101892.310s][info][gc,phases   ] GC(4044)   Post Evacuate Collection Set: 2.5ms
[2025-01-08T00:43:41.944+0000][101892.310s][info][gc,phases   ] GC(4044)   Other: 0.2ms
[2025-01-08T00:43:41.944+0000][101892.310s][info][gc,heap     ] GC(4044) Eden regions: 904->0(68)
[2025-01-08T00:43:41.944+0000][101892.310s][info][gc,heap     ] GC(4044) Survivor regions: 7->8(114)
[2025-01-08T00:43:41.944+0000][101892.310s][info][gc,heap     ] GC(4044) Old regions: 252->252
[2025-01-08T00:43:41.944+0000][101892.310s][info][gc,heap     ] GC(4044) Archive regions: 2->2
[2025-01-08T00:43:41.944+0000][101892.310s][info][gc,heap     ] GC(4044) Humongous regions: 49->49
[2025-01-08T00:43:41.944+0000][101892.310s][info][gc,metaspace] GC(4044) Metaspace: 506161K(515008K)->506161K(515008K) NonClass: 444555K(449024K)->444555K(449024K) Class: 61606K(65984K)->61606K(65984K)
[2025-01-08T00:43:41.944+0000][101892.310s][info][gc          ] GC(4044) Pause Young (Prepare Mixed) (G1 Evacuation Pause) 9696M->2472M(12288M) 30.704ms
[2025-01-08T00:43:41.944+0000][101892.310s][info][gc,cpu      ] GC(4044) User=0.17s Sys=0.01s Real=0.03s
[2025-01-08T00:43:42.280+0000][101892.646s][info][gc,start    ] GC(4045) Pause Young (Mixed) (G1 Evacuation Pause)
[2025-01-08T00:43:42.280+0000][101892.646s][info][gc,task     ] GC(4045) Using 6 workers of 6 for evacuation
[2025-01-08T00:43:42.344+0000][101892.710s][info][gc,phases   ] GC(4045)   Pre Evacuate Collection Set: 0.2ms
[2025-01-08T00:43:42.344+0000][101892.710s][info][gc,phases   ] GC(4045)   Merge Heap Roots: 0.7ms
[2025-01-08T00:43:42.344+0000][101892.710s][info][gc,phases   ] GC(4045)   Evacuate Collection Set: 61.6ms
[2025-01-08T00:43:42.344+0000][101892.710s][info][gc,phases   ] GC(4045)   Post Evacuate Collection Set: 1.9ms
[2025-01-08T00:43:42.344+0000][101892.710s][info][gc,phases   ] GC(4045)   Other: 0.2ms
[2025-01-08T00:43:42.344+0000][101892.710s][info][gc,heap     ] GC(4045) Eden regions: 68->0(908)
[2025-01-08T00:43:42.344+0000][101892.710s][info][gc,heap     ] GC(4045) Survivor regions: 8->6(10)
[2025-01-08T00:43:42.344+0000][101892.710s][info][gc,heap     ] GC(4045) Old regions: 252->251
[2025-01-08T00:43:42.344+0000][101892.710s][info][gc,heap     ] GC(4045) Archive regions: 2->2
[2025-01-08T00:43:42.344+0000][101892.710s][info][gc,heap     ] GC(4045) Humongous regions: 49->49
[2025-01-08T00:43:42.344+0000][101892.710s][info][gc,metaspace] GC(4045) Metaspace: 506161K(515008K)->506161K(515008K) NonClass: 444555K(449024K)->444555K(449024K) Class: 61606K(65984K)->61606K(65984K)
[2025-01-08T00:43:42.344+0000][101892.710s][info][gc          ] GC(4045) Pause Young (Mixed) (G1 Evacuation Pause) 3016M->2449M(12288M) 64.682ms
[2025-01-08T00:43:42.344+0000][101892.710s][info][gc,cpu      ] GC(4045) User=0.38s Sys=0.00s Real=0.07s
[2025-01-08T00:43:49.331+0000][101899.697s][info][gc,start    ] GC(4046) Pause Young (Normal) (G1 Evacuation Pause)
[2025-01-08T00:43:49.331+0000][101899.697s][info][gc,task     ] GC(4046) Using 6 workers of 6 for evacuation
[2025-01-08T00:43:49.362+0000][101899.728s][info][gc,phases   ] GC(4046)   Pre Evacuate Collection Set: 0.2ms
[2025-01-08T00:43:49.362+0000][101899.728s][info][gc,phases   ] GC(4046)   Merge Heap Roots: 0.5ms
[2025-01-08T00:43:49.362+0000][101899.728s][info][gc,phases   ] GC(4046)   Evacuate Collection Set: 27.7ms
[2025-01-08T00:43:49.362+0000][101899.728s][info][gc,phases   ] GC(4046)   Post Evacuate Collection Set: 2.8ms
[2025-01-08T00:43:49.362+0000][101899.728s][info][gc,phases   ] GC(4046)   Other: 0.2ms
[2025-01-08T00:43:49.362+0000][101899.728s][info][gc,heap     ] GC(4046) Eden regions: 908->0(905)
[2025-01-08T00:43:49.362+0000][101899.728s][info][gc,heap     ] GC(4046) Survivor regions: 6->8(115)
[2025-01-08T00:43:49.362+0000][101899.728s][info][gc,heap     ] GC(4046) Old regions: 251->251
[2025-01-08T00:43:49.362+0000][101899.728s][info][gc,heap     ] GC(4046) Archive regions: 2->2
[2025-01-08T00:43:49.362+0000][101899.728s][info][gc,heap     ] GC(4046) Humongous regions: 49->49
[2025-01-08T00:43:49.362+0000][101899.728s][info][gc,metaspace] GC(4046) Metaspace: 506161K(515008K)->506161K(515008K) NonClass: 444555K(449024K)->444555K(449024K) Class: 61606K(65984K)->61606K(65984K)
[2025-01-08T00:43:49.362+0000][101899.728s][info][gc          ] GC(4046) Pause Young (Normal) (G1 Evacuation Pause) 9713M->2460M(12288M) 31.461ms
[2025-01-08T00:43:49.362+0000][101899.728s][info][gc,cpu      ] GC(4046) User=0.18s Sys=0.00s Real=0.03s
[2025-01-08T00:43:57.857+0000][101908.223s][info][gc,start    ] GC(4047) Pause Young (Normal) (G1 Evacuation Pause)
[2025-01-08T00:43:57.857+0000][101908.223s][info][gc,task     ] GC(4047) Using 6 workers of 6 for evacuation
[2025-01-08T00:43:57.886+0000][101908.252s][info][gc,phases   ] GC(4047)   Pre Evacuate Collection Set: 0.2ms
[2025-01-08T00:43:57.886+0000][101908.252s][info][gc,phases   ] GC(4047)   Merge Heap Roots: 0.5ms
[2025-01-08T00:43:57.886+0000][101908.252s][info][gc,phases   ] GC(4047)   Evacuate Collection Set: 25.8ms
[2025-01-08T00:43:57.886+0000][101908.252s][info][gc,phases   ] GC(4047)   Post Evacuate Collection Set: 2.7ms
[2025-01-08T00:43:57.886+0000][101908.252s][info][gc,phases   ] GC(4047)   Other: 0.2ms
[2025-01-08T00:43:57.886+0000][101908.252s][info][gc,heap     ] GC(4047) Eden regions: 905->0(905)
[2025-01-08T00:43:57.886+0000][101908.252s][info][gc,heap     ] GC(4047) Survivor regions: 8->8(115)
[2025-01-08T00:43:57.886+0000][101908.252s][info][gc,heap     ] GC(4047) Old regions: 251->251
[2025-01-08T00:43:57.886+0000][101908.252s][info][gc,heap     ] GC(4047) Archive regions: 2->2
[2025-01-08T00:43:57.886+0000][101908.252s][info][gc,heap     ] GC(4047) Humongous regions: 49->49
[2025-01-08T00:43:57.886+0000][101908.253s][info][gc,metaspace] GC(4047) Metaspace: 506161K(515008K)->506161K(515008K) NonClass: 444555K(449024K)->444555K(449024K) Class: 61606K(65984K)->61606K(65984K)
[2025-01-08T00:43:57.886+0000][101908.253s][info][gc          ] GC(4047) Pause Young (Normal) (G1 Evacuation Pause) 9700M->2462M(12288M) 29.430ms
[2025-01-08T00:43:57.886+0000][101908.253s][info][gc,cpu      ] GC(4047) User=0.17s Sys=0.00s Real=0.03s
[2025-01-08T00:44:03.596+0000][101913.962s][info][gc,start    ] GC(4048) Pause Young (Concurrent Start) (G1 Evacuation Pause)
[2025-01-08T00:44:03.596+0000][101913.962s][info][gc,task     ] GC(4048) Using 6 workers of 6 for evacuation
[2025-01-08T00:44:03.628+0000][101913.994s][info][gc,phases   ] GC(4048)   Pre Evacuate Collection Set: 1.1ms
[2025-01-08T00:44:03.628+0000][101913.994s][info][gc,phases   ] GC(4048)   Merge Heap Roots: 0.5ms
[2025-01-08T00:44:03.628+0000][101913.994s][info][gc,phases   ] GC(4048)   Evacuate Collection Set: 28.0ms
[2025-01-08T00:44:03.628+0000][101913.994s][info][gc,phases   ] GC(4048)   Post Evacuate Collection Set: 2.5ms
[2025-01-08T00:44:03.628+0000][101913.994s][info][gc,phases   ] GC(4048)   Other: 0.3ms
[2025-01-08T00:44:03.628+0000][101913.994s][info][gc,heap     ] GC(4048) Eden regions: 905->0(906)
[2025-01-08T00:44:03.628+0000][101913.994s][info][gc,heap     ] GC(4048) Survivor regions: 8->9(115)
[2025-01-08T00:44:03.628+0000][101913.994s][info][gc,heap     ] GC(4048) Old regions: 251->251
[2025-01-08T00:44:03.628+0000][101913.994s][info][gc,heap     ] GC(4048) Archive regions: 2->2
[2025-01-08T00:44:03.628+0000][101913.994s][info][gc,heap     ] GC(4048) Humongous regions: 49->49
[2025-01-08T00:44:03.628+0000][101913.994s][info][gc,metaspace] GC(4048) Metaspace: 506161K(515008K)->506161K(515008K) NonClass: 444555K(449024K)->444555K(449024K) Class: 61606K(65984K)->61606K(65984K)
[2025-01-08T00:44:03.628+0000][101913.994s][info][gc          ] GC(4048) Pause Young (Concurrent Start) (G1 Evacuation Pause) 9702M->2469M(12288M) 32.462ms
[2025-01-08T00:44:03.628+0000][101913.995s][info][gc,cpu      ] GC(4048) User=0.19s Sys=0.00s Real=0.03s
[2025-01-08T00:44:03.628+0000][101913.995s][info][gc          ] GC(4049) Concurrent Mark Cycle
[2025-01-08T00:44:03.628+0000][101913.995s][info][gc,marking  ] GC(4049) Concurrent Clear Claimed Marks
[2025-01-08T00:44:03.629+0000][101913.995s][info][gc,marking  ] GC(4049) Concurrent Clear Claimed Marks 0.880ms
[2025-01-08T00:44:03.629+0000][101913.995s][info][gc,marking  ] GC(4049) Concurrent Scan Root Regions
[2025-01-08T00:44:03.654+0000][101914.020s][info][gc,marking  ] GC(4049) Concurrent Scan Root Regions 24.663ms
[2025-01-08T00:44:03.654+0000][101914.020s][info][gc,marking  ] GC(4049) Concurrent Mark
[2025-01-08T00:44:03.654+0000][101914.020s][info][gc,marking  ] GC(4049) Concurrent Mark From Roots
[2025-01-08T00:44:03.654+0000][101914.020s][info][gc,task     ] GC(4049) Using 2 workers of 2 for marking
[2025-01-08T00:44:04.896+0000][101915.263s][info][gc,marking  ] GC(4049) Concurrent Mark From Roots 1242.354ms
[2025-01-08T00:44:04.896+0000][101915.263s][info][gc,marking  ] GC(4049) Concurrent Preclean
[2025-01-08T00:44:04.899+0000][101915.265s][info][gc,marking  ] GC(4049) Concurrent Preclean 2.644ms
[2025-01-08T00:44:04.899+0000][101915.265s][info][gc,start    ] GC(4049) Pause Remark
[2025-01-08T00:44:04.925+0000][101915.292s][info][gc          ] GC(4049) Pause Remark 4085M->4085M(12288M) 26.159ms
[2025-01-08T00:44:04.926+0000][101915.292s][info][gc,cpu      ] GC(4049) User=0.15s Sys=0.00s Real=0.03s
[2025-01-08T00:44:04.926+0000][101915.292s][info][gc,marking  ] GC(4049) Concurrent Mark 1271.574ms
[2025-01-08T00:44:04.926+0000][101915.292s][info][gc,marking  ] GC(4049) Concurrent Rebuild Remembered Sets
[2025-01-08T00:44:05.485+0000][101915.851s][info][gc,marking  ] GC(4049) Concurrent Rebuild Remembered Sets 559.227ms
[2025-01-08T00:44:05.485+0000][101915.851s][info][gc,start    ] GC(4049) Pause Cleanup
[2025-01-08T00:44:05.485+0000][101915.852s][info][gc          ] GC(4049) Pause Cleanup 4397M->4397M(12288M) 0.439ms
[2025-01-08T00:44:05.486+0000][101915.852s][info][gc,cpu      ] GC(4049) User=0.00s Sys=0.00s Real=0.00s
[2025-01-08T00:44:05.486+0000][101915.852s][info][gc,marking  ] GC(4049) Concurrent Cleanup for Next Mark
[2025-01-08T00:44:05.501+0000][101915.867s][info][gc,marking  ] GC(4049) Concurrent Cleanup for Next Mark 15.492ms
[2025-01-08T00:44:05.501+0000][101915.867s][info][gc          ] GC(4049) Concurrent Mark Cycle 1872.714ms
[2025-01-08T00:44:10.314+0000][101920.681s][info][gc,start    ] GC(4050) Pause Young (Prepare Mixed) (G1 Evacuation Pause)
[2025-01-08T00:44:10.315+0000][101920.681s][info][gc,task     ] GC(4050) Using 6 workers of 6 for evacuation
[2025-01-08T00:44:10.352+0000][101920.718s][info][gc,phases   ] GC(4050)   Pre Evacuate Collection Set: 0.2ms
[2025-01-08T00:44:10.352+0000][101920.718s][info][gc,phases   ] GC(4050)   Merge Heap Roots: 0.7ms
[2025-01-08T00:44:10.352+0000][101920.718s][info][gc,phases   ] GC(4050)   Evacuate Collection Set: 32.7ms
[2025-01-08T00:44:10.352+0000][101920.718s][info][gc,phases   ] GC(4050)   Post Evacuate Collection Set: 4.0ms
[2025-01-08T00:44:10.352+0000][101920.718s][info][gc,phases   ] GC(4050)   Other: 0.2ms
[2025-01-08T00:44:10.352+0000][101920.718s][info][gc,heap     ] GC(4050) Eden regions: 906->0(65)
[2025-01-08T00:44:10.352+0000][101920.718s][info][gc,heap     ] GC(4050) Survivor regions: 9->11(115)
[2025-01-08T00:44:10.352+0000][101920.718s][info][gc,heap     ] GC(4050) Old regions: 251->251
[2025-01-08T00:44:10.352+0000][101920.718s][info][gc,heap     ] GC(4050) Archive regions: 2->2
[2025-01-08T00:44:10.352+0000][101920.718s][info][gc,heap     ] GC(4050) Humongous regions: 49->49
[2025-01-08T00:44:10.352+0000][101920.718s][info][gc,metaspace] GC(4050) Metaspace: 506161K(515008K)->506161K(515008K) NonClass: 444555K(449024K)->444555K(449024K) Class: 61606K(65984K)->61606K(65984K)
[2025-01-08T00:44:10.352+0000][101920.718s][info][gc          ] GC(4050) Pause Young (Prepare Mixed) (G1 Evacuation Pause) 9717M->2487M(12288M) 37.918ms
[2025-01-08T00:44:10.352+0000][101920.719s][info][gc,cpu      ] GC(4050) User=0.23s Sys=0.00s Real=0.04s
[2025-01-08T00:44:10.608+0000][101920.974s][info][gc,start    ] GC(4051) Pause Young (Mixed) (G1 Evacuation Pause)
[2025-01-08T00:44:10.608+0000][101920.975s][info][gc,task     ] GC(4051) Using 6 workers of 6 for evacuation
[2025-01-08T00:44:10.667+0000][101921.033s][info][gc,phases   ] GC(4051)   Pre Evacuate Collection Set: 0.2ms
[2025-01-08T00:44:10.667+0000][101921.033s][info][gc,phases   ] GC(4051)   Merge Heap Roots: 0.6ms
[2025-01-08T00:44:10.667+0000][101921.033s][info][gc,phases   ] GC(4051)   Evacuate Collection Set: 56.1ms
[2025-01-08T00:44:10.667+0000][101921.033s][info][gc,phases   ] GC(4051)   Post Evacuate Collection Set: 1.8ms
[2025-01-08T00:44:10.667+0000][101921.033s][info][gc,phases   ] GC(4051)   Other: 0.2ms
[2025-01-08T00:44:10.667+0000][101921.033s][info][gc,heap     ] GC(4051) Eden regions: 65->0(907)
[2025-01-08T00:44:10.667+0000][101921.033s][info][gc,heap     ] GC(4051) Survivor regions: 11->5(10)
[2025-01-08T00:44:10.667+0000][101921.033s][info][gc,heap     ] GC(4051) Old regions: 251->252
[2025-01-08T00:44:10.667+0000][101921.033s][info][gc,heap     ] GC(4051) Archive regions: 2->2
[2025-01-08T00:44:10.667+0000][101921.033s][info][gc,heap     ] GC(4051) Humongous regions: 49->49
[2025-01-08T00:44:10.667+0000][101921.033s][info][gc,metaspace] GC(4051) Metaspace: 506161K(515008K)->506161K(515008K) NonClass: 444555K(449024K)->444555K(449024K) Class: 61606K(65984K)->61606K(65984K)
[2025-01-08T00:44:10.667+0000][101921.033s][info][gc          ] GC(4051) Pause Young (Mixed) (G1 Evacuation Pause) 3007M->2446M(12288M) 58.916ms
[2025-01-08T00:44:10.667+0000][101921.033s][info][gc,cpu      ] GC(4051) User=0.34s Sys=0.00s Real=0.06s
[2025-01-08T00:44:19.467+0000][101929.833s][info][gc,start    ] GC(4052) Pause Young (Normal) (G1 Evacuation Pause)
[2025-01-08T00:44:19.467+0000][101929.833s][info][gc,task     ] GC(4052) Using 6 workers of 6 for evacuation
[2025-01-08T00:44:19.495+0000][101929.861s][info][gc,phases   ] GC(4052)   Pre Evacuate Collection Set: 0.2ms
[2025-01-08T00:44:19.495+0000][101929.861s][info][gc,phases   ] GC(4052)   Merge Heap Roots: 0.4ms
[2025-01-08T00:44:19.495+0000][101929.861s][info][gc,phases   ] GC(4052)   Evacuate Collection Set: 22.8ms
[2025-01-08T00:44:19.495+0000][101929.861s][info][gc,phases   ] GC(4052)   Post Evacuate Collection Set: 4.0ms
[2025-01-08T00:44:19.495+0000][101929.861s][info][gc,phases   ] GC(4052)   Other: 0.2ms
[2025-01-08T00:44:19.495+0000][101929.861s][info][gc,heap     ] GC(4052) Eden regions: 907->0(904)
[2025-01-08T00:44:19.495+0000][101929.861s][info][gc,heap     ] GC(4052) Survivor regions: 5->7(114)
[2025-01-08T00:44:19.495+0000][101929.861s][info][gc,heap     ] GC(4052) Old regions: 252->252
[2025-01-08T00:44:19.495+0000][101929.861s][info][gc,heap     ] GC(4052) Archive regions: 2->2
[2025-01-08T00:44:19.495+0000][101929.861s][info][gc,heap     ] GC(4052) Humongous regions: 49->49
[2025-01-08T00:44:19.495+0000][101929.861s][info][gc,metaspace] GC(4052) Metaspace: 506161K(515008K)->506161K(515008K) NonClass: 444555K(449024K)->444555K(449024K) Class: 61606K(65984K)->61606K(65984K)
[2025-01-08T00:44:19.495+0000][101929.861s][info][gc          ] GC(4052) Pause Young (Normal) (G1 Evacuation Pause) 9702M->2456M(12288M) 27.721ms
[2025-01-08T00:44:19.495+0000][101929.861s][info][gc,cpu      ] GC(4052) User=0.16s Sys=0.00s Real=0.03s
[2025-01-08T00:44:28.121+0000][101938.487s][info][gc,start    ] GC(4053) Pause Young (Normal) (G1 Evacuation Pause)
[2025-01-08T00:44:28.121+0000][101938.487s][info][gc,task     ] GC(4053) Using 6 workers of 6 for evacuation
[2025-01-08T00:44:28.153+0000][101938.519s][info][gc,phases   ] GC(4053)   Pre Evacuate Collection Set: 0.2ms
[2025-01-08T00:44:28.153+0000][101938.519s][info][gc,phases   ] GC(4053)   Merge Heap Roots: 0.5ms
[2025-01-08T00:44:28.153+0000][101938.519s][info][gc,phases   ] GC(4053)   Evacuate Collection Set: 27.4ms
[2025-01-08T00:44:28.153+0000][101938.519s][info][gc,phases   ] GC(4053)   Post Evacuate Collection Set: 3.9ms
[2025-01-08T00:44:28.153+0000][101938.519s][info][gc,phases   ] GC(4053)   Other: 0.2ms
[2025-01-08T00:44:28.153+0000][101938.519s][info][gc,heap     ] GC(4053) Eden regions: 904->0(902)
[2025-01-08T00:44:28.153+0000][101938.519s][info][gc,heap     ] GC(4053) Survivor regions: 7->8(114)
[2025-01-08T00:44:28.153+0000][101938.519s][info][gc,heap     ] GC(4053) Old regions: 252->252
[2025-01-08T00:44:28.153+0000][101938.519s][info][gc,heap     ] GC(4053) Archive regions: 2->2
[2025-01-08T00:44:28.153+0000][101938.519s][info][gc,heap     ] GC(4053) Humongous regions: 49->49
[2025-01-08T00:44:28.153+0000][101938.519s][info][gc,metaspace] GC(4053) Metaspace: 506161K(515008K)->506161K(515008K) NonClass: 444555K(449024K)->444555K(449024K) Class: 61606K(65984K)->61606K(65984K)
[2025-01-08T00:44:28.153+0000][101938.519s][info][gc          ] GC(4053) Pause Young (Normal) (G1 Evacuation Pause) 9688M->2471M(12288M) 32.220ms
[2025-01-08T00:44:28.153+0000][101938.519s][info][gc,cpu      ] GC(4053) User=0.19s Sys=0.01s Real=0.04s
[2025-01-08T00:44:34.379+0000][101944.745s][info][gc,start    ] GC(4054) Pause Young (Concurrent Start) (G1 Evacuation Pause)
[2025-01-08T00:44:34.379+0000][101944.745s][info][gc,task     ] GC(4054) Using 6 workers of 6 for evacuation
[2025-01-08T00:44:34.413+0000][101944.779s][info][gc,phases   ] GC(4054)   Pre Evacuate Collection Set: 1.1ms
[2025-01-08T00:44:34.413+0000][101944.779s][info][gc,phases   ] GC(4054)   Merge Heap Roots: 0.5ms
[2025-01-08T00:44:34.413+0000][101944.779s][info][gc,phases   ] GC(4054)   Evacuate Collection Set: 29.7ms
[2025-01-08T00:44:34.413+0000][101944.779s][info][gc,phases   ] GC(4054)   Post Evacuate Collection Set: 2.5ms
[2025-01-08T00:44:34.413+0000][101944.779s][info][gc,phases   ] GC(4054)   Other: 0.3ms
[2025-01-08T00:44:34.413+0000][101944.779s][info][gc,heap     ] GC(4054) Eden regions: 902->0(904)
[2025-01-08T00:44:34.413+0000][101944.779s][info][gc,heap     ] GC(4054) Survivor regions: 8->8(114)
[2025-01-08T00:44:34.413+0000][101944.779s][info][gc,heap     ] GC(4054) Old regions: 252->252
[2025-01-08T00:44:34.413+0000][101944.779s][info][gc,heap     ] GC(4054) Archive regions: 2->2
[2025-01-08T00:44:34.413+0000][101944.779s][info][gc,heap     ] GC(4054) Humongous regions: 49->49
[2025-01-08T00:44:34.413+0000][101944.779s][info][gc,metaspace] GC(4054) Metaspace: 506161K(515008K)->506161K(515008K) NonClass: 444555K(449024K)->444555K(449024K) Class: 61606K(65984K)->61606K(65984K)
[2025-01-08T00:44:34.413+0000][101944.779s][info][gc          ] GC(4054) Pause Young (Concurrent Start) (G1 Evacuation Pause) 9687M->2471M(12288M) 34.072ms
[2025-01-08T00:44:34.413+0000][101944.780s][info][gc,cpu      ] GC(4054) User=0.19s Sys=0.00s Real=0.04s
[2025-01-08T00:44:34.414+0000][101944.780s][info][gc          ] GC(4055) Concurrent Mark Cycle
[2025-01-08T00:44:34.414+0000][101944.780s][info][gc,marking  ] GC(4055) Concurrent Clear Claimed Marks
[2025-01-08T00:44:34.414+0000][101944.781s][info][gc,marking  ] GC(4055) Concurrent Clear Claimed Marks 0.914ms
[2025-01-08T00:44:34.414+0000][101944.781s][info][gc,marking  ] GC(4055) Concurrent Scan Root Regions
[2025-01-08T00:44:34.441+0000][101944.807s][info][gc,marking  ] GC(4055) Concurrent Scan Root Regions 26.732ms
[2025-01-08T00:44:34.441+0000][101944.807s][info][gc,marking  ] GC(4055) Concurrent Mark
[2025-01-08T00:44:34.441+0000][101944.807s][info][gc,marking  ] GC(4055) Concurrent Mark From Roots
[2025-01-08T00:44:34.441+0000][101944.807s][info][gc,task     ] GC(4055) Using 2 workers of 2 for marking
[2025-01-08T00:44:35.316+0000][101945.682s][info][gc,marking  ] GC(4055) Concurrent Mark From Roots 874.992ms
[2025-01-08T00:44:35.316+0000][101945.682s][info][gc,marking  ] GC(4055) Concurrent Preclean
[2025-01-08T00:44:35.319+0000][101945.685s][info][gc,marking  ] GC(4055) Concurrent Preclean 2.771ms
[2025-01-08T00:44:35.319+0000][101945.685s][info][gc,start    ] GC(4055) Pause Remark
[2025-01-08T00:44:35.345+0000][101945.711s][info][gc          ] GC(4055) Pause Remark 3215M->3215M(12288M) 26.169ms
[2025-01-08T00:44:35.345+0000][101945.712s][info][gc,cpu      ] GC(4055) User=0.15s Sys=0.00s Real=0.03s
[2025-01-08T00:44:35.346+0000][101945.712s][info][gc,marking  ] GC(4055) Concurrent Mark 904.367ms
[2025-01-08T00:44:35.346+0000][101945.712s][info][gc,marking  ] GC(4055) Concurrent Rebuild Remembered Sets
[2025-01-08T00:44:35.841+0000][101946.207s][info][gc,marking  ] GC(4055) Concurrent Rebuild Remembered Sets 494.985ms
[2025-01-08T00:44:35.841+0000][101946.207s][info][gc,start    ] GC(4055) Pause Cleanup
[2025-01-08T00:44:35.841+0000][101946.207s][info][gc          ] GC(4055) Pause Cleanup 3591M->3591M(12288M) 0.396ms
[2025-01-08T00:44:35.841+0000][101946.207s][info][gc,cpu      ] GC(4055) User=0.00s Sys=0.00s Real=0.00s
[2025-01-08T00:44:35.841+0000][101946.207s][info][gc,marking  ] GC(4055) Concurrent Cleanup for Next Mark
[2025-01-08T00:44:35.857+0000][101946.223s][info][gc,marking  ] GC(4055) Concurrent Cleanup for Next Mark 15.769ms
[2025-01-08T00:44:35.857+0000][101946.223s][info][gc          ] GC(4055) Concurrent Mark Cycle 1443.588ms
[2025-01-08T00:44:40.697+0000][101951.063s][info][gc,start    ] GC(4056) Pause Young (Prepare Mixed) (G1 Evacuation Pause)
[2025-01-08T00:44:40.697+0000][101951.063s][info][gc,task     ] GC(4056) Using 6 workers of 6 for evacuation
[2025-01-08T00:44:40.738+0000][101951.104s][info][gc,phases   ] GC(4056)   Pre Evacuate Collection Set: 0.2ms
[2025-01-08T00:44:40.738+0000][101951.104s][info][gc,phases   ] GC(4056)   Merge Heap Roots: 0.7ms
[2025-01-08T00:44:40.738+0000][101951.104s][info][gc,phases   ] GC(4056)   Evacuate Collection Set: 37.3ms
[2025-01-08T00:44:40.738+0000][101951.104s][info][gc,phases   ] GC(4056)   Post Evacuate Collection Set: 2.6ms
[2025-01-08T00:44:40.738+0000][101951.104s][info][gc,phases   ] GC(4056)   Other: 0.2ms
[2025-01-08T00:44:40.738+0000][101951.104s][info][gc,heap     ] GC(4056) Eden regions: 904->0(65)
[2025-01-08T00:44:40.738+0000][101951.105s][info][gc,heap     ] GC(4056) Survivor regions: 8->11(114)
[2025-01-08T00:44:40.738+0000][101951.105s][info][gc,heap     ] GC(4056) Old regions: 252->252
[2025-01-08T00:44:40.738+0000][101951.105s][info][gc,heap     ] GC(4056) Archive regions: 2->2
[2025-01-08T00:44:40.738+0000][101951.105s][info][gc,heap     ] GC(4056) Humongous regions: 49->49
[2025-01-08T00:44:40.738+0000][101951.105s][info][gc,metaspace] GC(4056) Metaspace: 506161K(515008K)->506161K(515008K) NonClass: 444555K(449024K)->444555K(449024K) Class: 61606K(65984K)->61606K(65984K)
[2025-01-08T00:44:40.738+0000][101951.105s][info][gc          ] GC(4056) Pause Young (Prepare Mixed) (G1 Evacuation Pause) 9703M->2491M(12288M) 41.123ms
[2025-01-08T00:44:40.738+0000][101951.105s][info][gc,cpu      ] GC(4056) User=0.25s Sys=0.00s Real=0.04s
[2025-01-08T00:44:41.138+0000][101951.505s][info][gc,start    ] GC(4057) Pause Young (Mixed) (G1 Evacuation Pause)
[2025-01-08T00:44:41.139+0000][101951.505s][info][gc,task     ] GC(4057) Using 6 workers of 6 for evacuation
[2025-01-08T00:44:41.200+0000][101951.566s][info][gc,phases   ] GC(4057)   Pre Evacuate Collection Set: 0.2ms
[2025-01-08T00:44:41.200+0000][101951.566s][info][gc,phases   ] GC(4057)   Merge Heap Roots: 0.6ms
[2025-01-08T00:44:41.200+0000][101951.566s][info][gc,phases   ] GC(4057)   Evacuate Collection Set: 59.0ms
[2025-01-08T00:44:41.200+0000][101951.566s][info][gc,phases   ] GC(4057)   Post Evacuate Collection Set: 1.6ms
[2025-01-08T00:44:41.200+0000][101951.566s][info][gc,phases   ] GC(4057)   Other: 0.2ms
[2025-01-08T00:44:41.200+0000][101951.566s][info][gc,heap     ] GC(4057) Eden regions: 65->0(904)
[2025-01-08T00:44:41.200+0000][101951.566s][info][gc,heap     ] GC(4057) Survivor regions: 11->5(10)
[2025-01-08T00:44:41.200+0000][101951.566s][info][gc,heap     ] GC(4057) Old regions: 252->254
[2025-01-08T00:44:41.200+0000][101951.566s][info][gc,heap     ] GC(4057) Archive regions: 2->2
[2025-01-08T00:44:41.200+0000][101951.566s][info][gc,heap     ] GC(4057) Humongous regions: 49->49
[2025-01-08T00:44:41.200+0000][101951.566s][info][gc,metaspace] GC(4057) Metaspace: 506161K(515008K)->506161K(515008K) NonClass: 444555K(449024K)->444555K(449024K) Class: 61606K(65984K)->61606K(65984K)
[2025-01-08T00:44:41.200+0000][101951.566s][info][gc          ] GC(4057) Pause Young (Mixed) (G1 Evacuation Pause) 3011M->2464M(12288M) 61.638ms
[2025-01-08T00:44:41.200+0000][101951.566s][info][gc,cpu      ] GC(4057) User=0.36s Sys=0.00s Real=0.06s
[2025-01-08T00:44:49.024+0000][101959.390s][info][gc,start    ] GC(4058) Pause Young (Normal) (G1 Evacuation Pause)
[2025-01-08T00:44:49.024+0000][101959.391s][info][gc,task     ] GC(4058) Using 6 workers of 6 for evacuation
[2025-01-08T00:44:49.048+0000][101959.414s][info][gc,phases   ] GC(4058)   Pre Evacuate Collection Set: 0.2ms
[2025-01-08T00:44:49.048+0000][101959.414s][info][gc,phases   ] GC(4058)   Merge Heap Roots: 0.4ms
[2025-01-08T00:44:49.048+0000][101959.414s][info][gc,phases   ] GC(4058)   Evacuate Collection Set: 20.2ms
[2025-01-08T00:44:49.048+0000][101959.414s][info][gc,phases   ] GC(4058)   Post Evacuate Collection Set: 2.5ms
[2025-01-08T00:44:49.048+0000][101959.414s][info][gc,phases   ] GC(4058)   Other: 0.2ms
[2025-01-08T00:44:49.048+0000][101959.414s][info][gc,heap     ] GC(4058) Eden regions: 904->0(904)
[2025-01-08T00:44:49.048+0000][101959.414s][info][gc,heap     ] GC(4058) Survivor regions: 5->5(114)
[2025-01-08T00:44:49.048+0000][101959.414s][info][gc,heap     ] GC(4058) Old regions: 254->254
[2025-01-08T00:44:49.048+0000][101959.414s][info][gc,heap     ] GC(4058) Archive regions: 2->2
[2025-01-08T00:44:49.048+0000][101959.414s][info][gc,heap     ] GC(4058) Humongous regions: 49->49
[2025-01-08T00:44:49.048+0000][101959.414s][info][gc,metaspace] GC(4058) Metaspace: 506161K(515008K)->506161K(515008K) NonClass: 444555K(449024K)->444555K(449024K) Class: 61606K(65984K)->61606K(65984K)
[2025-01-08T00:44:49.048+0000][101959.414s][info][gc          ] GC(4058) Pause Young (Normal) (G1 Evacuation Pause) 9696M->2464M(12288M) 23.594ms
[2025-01-08T00:44:49.048+0000][101959.414s][info][gc,cpu      ] GC(4058) User=0.13s Sys=0.00s Real=0.02s
[2025-01-08T00:44:57.542+0000][101967.908s][info][gc,start    ] GC(4059) Pause Young (Normal) (G1 Evacuation Pause)
[2025-01-08T00:44:57.542+0000][101967.908s][info][gc,task     ] GC(4059) Using 6 workers of 6 for evacuation
[2025-01-08T00:44:57.569+0000][101967.935s][info][gc,phases   ] GC(4059)   Pre Evacuate Collection Set: 0.2ms
[2025-01-08T00:44:57.569+0000][101967.935s][info][gc,phases   ] GC(4059)   Merge Heap Roots: 0.4ms
[2025-01-08T00:44:57.569+0000][101967.935s][info][gc,phases   ] GC(4059)   Evacuate Collection Set: 24.0ms
[2025-01-08T00:44:57.569+0000][101967.935s][info][gc,phases   ] GC(4059)   Post Evacuate Collection Set: 2.5ms
[2025-01-08T00:44:57.569+0000][101967.935s][info][gc,phases   ] GC(4059)   Other: 0.2ms
[2025-01-08T00:44:57.569+0000][101967.935s][info][gc,heap     ] GC(4059) Eden regions: 904->0(903)
[2025-01-08T00:44:57.569+0000][101967.935s][info][gc,heap     ] GC(4059) Survivor regions: 5->6(114)
[2025-01-08T00:44:57.569+0000][101967.936s][info][gc,heap     ] GC(4059) Old regions: 254->254
[2025-01-08T00:44:57.569+0000][101967.936s][info][gc,heap     ] GC(4059) Archive regions: 2->2
[2025-01-08T00:44:57.569+0000][101967.936s][info][gc,heap     ] GC(4059) Humongous regions: 49->49
[2025-01-08T00:44:57.569+0000][101967.936s][info][gc,metaspace] GC(4059) Metaspace: 506161K(515008K)->506161K(515008K) NonClass: 444555K(449024K)->444555K(449024K) Class: 61606K(65984K)->61606K(65984K)
[2025-01-08T00:44:57.569+0000][101967.936s][info][gc          ] GC(4059) Pause Young (Normal) (G1 Evacuation Pause) 9696M->2477M(12288M) 27.516ms
[2025-01-08T00:44:57.570+0000][101967.936s][info][gc,cpu      ] GC(4059) User=0.16s Sys=0.00s Real=0.03s
[2025-01-08T00:45:03.383+0000][101973.750s][info][gc,start    ] GC(4060) Pause Young (Concurrent Start) (G1 Evacuation Pause)
[2025-01-08T00:45:03.384+0000][101973.750s][info][gc,task     ] GC(4060) Using 6 workers of 6 for evacuation
[2025-01-08T00:45:03.418+0000][101973.784s][info][gc,phases   ] GC(4060)   Pre Evacuate Collection Set: 1.2ms
[2025-01-08T00:45:03.418+0000][101973.784s][info][gc,phases   ] GC(4060)   Merge Heap Roots: 0.5ms
[2025-01-08T00:45:03.418+0000][101973.784s][info][gc,phases   ] GC(4060)   Evacuate Collection Set: 30.1ms
[2025-01-08T00:45:03.418+0000][101973.784s][info][gc,phases   ] GC(4060)   Post Evacuate Collection Set: 2.5ms
[2025-01-08T00:45:03.418+0000][101973.784s][info][gc,phases   ] GC(4060)   Other: 0.3ms
[2025-01-08T00:45:03.418+0000][101973.784s][info][gc,heap     ] GC(4060) Eden regions: 903->0(903)
[2025-01-08T00:45:03.418+0000][101973.784s][info][gc,heap     ] GC(4060) Survivor regions: 6->7(114)
[2025-01-08T00:45:03.418+0000][101973.784s][info][gc,heap     ] GC(4060) Old regions: 254->254
[2025-01-08T00:45:03.418+0000][101973.784s][info][gc,heap     ] GC(4060) Archive regions: 2->2
[2025-01-08T00:45:03.418+0000][101973.784s][info][gc,heap     ] GC(4060) Humongous regions: 49->49
[2025-01-08T00:45:03.418+0000][101973.784s][info][gc,metaspace] GC(4060) Metaspace: 506164K(515008K)->506164K(515008K) NonClass: 444557K(449024K)->444557K(449024K) Class: 61606K(65984K)->61606K(65984K)
[2025-01-08T00:45:03.418+0000][101973.784s][info][gc          ] GC(4060) Pause Young (Concurrent Start) (G1 Evacuation Pause) 9701M->2484M(12288M) 34.574ms
[2025-01-08T00:45:03.418+0000][101973.784s][info][gc,cpu      ] GC(4060) User=0.20s Sys=0.00s Real=0.03s
[2025-01-08T00:45:03.418+0000][101973.784s][info][gc          ] GC(4061) Concurrent Mark Cycle
[2025-01-08T00:45:03.418+0000][101973.784s][info][gc,marking  ] GC(4061) Concurrent Clear Claimed Marks
[2025-01-08T00:45:03.419+0000][101973.785s][info][gc,marking  ] GC(4061) Concurrent Clear Claimed Marks 0.934ms
[2025-01-08T00:45:03.419+0000][101973.785s][info][gc,marking  ] GC(4061) Concurrent Scan Root Regions
[2025-01-08T00:45:03.441+0000][101973.807s][info][gc,marking  ] GC(4061) Concurrent Scan Root Regions 21.473ms
[2025-01-08T00:45:03.441+0000][101973.807s][info][gc,marking  ] GC(4061) Concurrent Mark
[2025-01-08T00:45:03.441+0000][101973.807s][info][gc,marking  ] GC(4061) Concurrent Mark From Roots
[2025-01-08T00:45:03.441+0000][101973.807s][info][gc,task     ] GC(4061) Using 2 workers of 2 for marking
[2025-01-08T00:45:04.569+0000][101974.935s][info][gc,marking  ] GC(4061) Concurrent Mark From Roots 1128.173ms
[2025-01-08T00:45:04.569+0000][101974.935s][info][gc,marking  ] GC(4061) Concurrent Preclean
[2025-01-08T00:45:04.571+0000][101974.937s][info][gc,marking  ] GC(4061) Concurrent Preclean 2.166ms
[2025-01-08T00:45:04.571+0000][101974.937s][info][gc,start    ] GC(4061) Pause Remark
[2025-01-08T00:45:04.598+0000][101974.964s][info][gc          ] GC(4061) Pause Remark 4032M->4032M(12288M) 26.358ms
[2025-01-08T00:45:04.598+0000][101974.964s][info][gc,cpu      ] GC(4061) User=0.15s Sys=0.01s Real=0.02s
[2025-01-08T00:45:04.598+0000][101974.964s][info][gc,marking  ] GC(4061) Concurrent Mark 1157.059ms
[2025-01-08T00:45:04.598+0000][101974.964s][info][gc,marking  ] GC(4061) Concurrent Rebuild Remembered Sets
[2025-01-08T00:45:05.207+0000][101975.573s][info][gc,marking  ] GC(4061) Concurrent Rebuild Remembered Sets 609.600ms
[2025-01-08T00:45:05.207+0000][101975.574s][info][gc,start    ] GC(4061) Pause Cleanup
[2025-01-08T00:45:05.208+0000][101975.574s][info][gc          ] GC(4061) Pause Cleanup 4684M->4684M(12288M) 0.457ms
[2025-01-08T00:45:05.208+0000][101975.574s][info][gc,cpu      ] GC(4061) User=0.00s Sys=0.00s Real=0.00s
[2025-01-08T00:45:05.208+0000][101975.574s][info][gc,marking  ] GC(4061) Concurrent Cleanup for Next Mark
[2025-01-08T00:45:05.224+0000][101975.590s][info][gc,marking  ] GC(4061) Concurrent Cleanup for Next Mark 15.959ms
[2025-01-08T00:45:05.224+0000][101975.590s][info][gc          ] GC(4061) Concurrent Mark Cycle 1805.915ms
[2025-01-08T00:45:10.306+0000][101980.672s][info][gc,start    ] GC(4062) Pause Young (Prepare Mixed) (G1 Evacuation Pause)
[2025-01-08T00:45:10.306+0000][101980.672s][info][gc,task     ] GC(4062) Using 6 workers of 6 for evacuation
[2025-01-08T00:45:10.346+0000][101980.712s][info][gc,phases   ] GC(4062)   Pre Evacuate Collection Set: 0.2ms
[2025-01-08T00:45:10.346+0000][101980.712s][info][gc,phases   ] GC(4062)   Merge Heap Roots: 0.7ms
[2025-01-08T00:45:10.346+0000][101980.712s][info][gc,phases   ] GC(4062)   Evacuate Collection Set: 34.3ms
[2025-01-08T00:45:10.346+0000][101980.712s][info][gc,phases   ] GC(4062)   Post Evacuate Collection Set: 4.1ms
[2025-01-08T00:45:10.346+0000][101980.712s][info][gc,phases   ] GC(4062)   Other: 0.2ms
[2025-01-08T00:45:10.346+0000][101980.712s][info][gc,heap     ] GC(4062) Eden regions: 903->0(66)
[2025-01-08T00:45:10.346+0000][101980.712s][info][gc,heap     ] GC(4062) Survivor regions: 7->10(114)
[2025-01-08T00:45:10.346+0000][101980.712s][info][gc,heap     ] GC(4062) Old regions: 254->254
[2025-01-08T00:45:10.346+0000][101980.712s][info][gc,heap     ] GC(4062) Archive regions: 2->2
[2025-01-08T00:45:10.346+0000][101980.712s][info][gc,heap     ] GC(4062) Humongous regions: 49->49
[2025-01-08T00:45:10.346+0000][101980.712s][info][gc,metaspace] GC(4062) Metaspace: 506164K(515008K)->506164K(515008K) NonClass: 444558K(449024K)->444558K(449024K) Class: 61606K(65984K)->61606K(65984K)
[2025-01-08T00:45:10.346+0000][101980.712s][info][gc          ] GC(4062) Pause Young (Prepare Mixed) (G1 Evacuation Pause) 9708M->2504M(12288M) 39.628ms
[2025-01-08T00:45:10.346+0000][101980.712s][info][gc,cpu      ] GC(4062) User=0.23s Sys=0.01s Real=0.04s
[2025-01-08T00:45:10.591+0000][101980.957s][info][gc,start    ] GC(4063) Pause Young (Mixed) (G1 Evacuation Pause)
[2025-01-08T00:45:10.591+0000][101980.957s][info][gc,task     ] GC(4063) Using 6 workers of 6 for evacuation
[2025-01-08T00:45:10.643+0000][101981.009s][info][gc,phases   ] GC(4063)   Pre Evacuate Collection Set: 0.2ms
[2025-01-08T00:45:10.643+0000][101981.009s][info][gc,phases   ] GC(4063)   Merge Heap Roots: 0.5ms
[2025-01-08T00:45:10.643+0000][101981.009s][info][gc,phases   ] GC(4063)   Evacuate Collection Set: 48.4ms
[2025-01-08T00:45:10.643+0000][101981.009s][info][gc,phases   ] GC(4063)   Post Evacuate Collection Set: 2.4ms
[2025-01-08T00:45:10.643+0000][101981.009s][info][gc,phases   ] GC(4063)   Other: 0.2ms
[2025-01-08T00:45:10.643+0000][101981.009s][info][gc,heap     ] GC(4063) Eden regions: 66->0(899)
[2025-01-08T00:45:10.643+0000][101981.009s][info][gc,heap     ] GC(4063) Survivor regions: 10->8(10)
[2025-01-08T00:45:10.643+0000][101981.009s][info][gc,heap     ] GC(4063) Old regions: 254->252
[2025-01-08T00:45:10.643+0000][101981.009s][info][gc,heap     ] GC(4063) Archive regions: 2->2
[2025-01-08T00:45:10.643+0000][101981.009s][info][gc,heap     ] GC(4063) Humongous regions: 49->49
[2025-01-08T00:45:10.643+0000][101981.009s][info][gc,metaspace] GC(4063) Metaspace: 506164K(515008K)->506164K(515008K) NonClass: 444558K(449024K)->444558K(449024K) Class: 61606K(65984K)->61606K(65984K)
[2025-01-08T00:45:10.643+0000][101981.009s][info][gc          ] GC(4063) Pause Young (Mixed) (G1 Evacuation Pause) 3032M->2472M(12288M) 51.796ms
[2025-01-08T00:45:10.643+0000][101981.009s][info][gc,cpu      ] GC(4063) User=0.30s Sys=0.00s Real=0.05s
[2025-01-08T00:45:15.694+0000][101986.060s][info][gc,start    ] GC(4064) Pause Young (Normal) (G1 Evacuation Pause)
[2025-01-08T00:45:15.694+0000][101986.060s][info][gc,task     ] GC(4064) Using 6 workers of 6 for evacuation
[2025-01-08T00:45:15.715+0000][101986.081s][info][gc,phases   ] GC(4064)   Pre Evacuate Collection Set: 0.2ms
[2025-01-08T00:45:15.715+0000][101986.081s][info][gc,phases   ] GC(4064)   Merge Heap Roots: 0.4ms
[2025-01-08T00:45:15.715+0000][101986.081s][info][gc,phases   ] GC(4064)   Evacuate Collection Set: 17.1ms
[2025-01-08T00:45:15.715+0000][101986.081s][info][gc,phases   ] GC(4064)   Post Evacuate Collection Set: 3.1ms
[2025-01-08T00:45:15.715+0000][101986.081s][info][gc,phases   ] GC(4064)   Other: 0.2ms
[2025-01-08T00:45:15.715+0000][101986.081s][info][gc,heap     ] GC(4064) Eden regions: 899->0(903)
[2025-01-08T00:45:15.715+0000][101986.081s][info][gc,heap     ] GC(4064) Survivor regions: 8->5(114)
[2025-01-08T00:45:15.715+0000][101986.081s][info][gc,heap     ] GC(4064) Old regions: 252->252
[2025-01-08T00:45:15.715+0000][101986.081s][info][gc,heap     ] GC(4064) Archive regions: 2->2
[2025-01-08T00:45:15.715+0000][101986.081s][info][gc,heap     ] GC(4064) Humongous regions: 49->49
[2025-01-08T00:45:15.715+0000][101986.081s][info][gc,metaspace] GC(4064) Metaspace: 506166K(515008K)->506166K(515008K) NonClass: 444559K(449024K)->444559K(449024K) Class: 61606K(65984K)->61606K(65984K)
[2025-01-08T00:45:15.715+0000][101986.081s][info][gc          ] GC(4064) Pause Young (Normal) (G1 Evacuation Pause) 9664M->2449M(12288M) 21.087ms
[2025-01-08T00:45:15.715+0000][101986.081s][info][gc,cpu      ] GC(4064) User=0.12s Sys=0.00s Real=0.02s
[2025-01-08T00:45:19.641+0000][101990.007s][info][gc,start    ] GC(4065) Pause Young (Normal) (G1 Evacuation Pause)
[2025-01-08T00:45:19.641+0000][101990.007s][info][gc,task     ] GC(4065) Using 6 workers of 6 for evacuation
[2025-01-08T00:45:19.662+0000][101990.028s][info][gc,phases   ] GC(4065)   Pre Evacuate Collection Set: 0.2ms
[2025-01-08T00:45:19.662+0000][101990.028s][info][gc,phases   ] GC(4065)   Merge Heap Roots: 0.4ms
[2025-01-08T00:45:19.662+0000][101990.028s][info][gc,phases   ] GC(4065)   Evacuate Collection Set: 17.7ms
[2025-01-08T00:45:19.662+0000][101990.028s][info][gc,phases   ] GC(4065)   Post Evacuate Collection Set: 2.4ms
[2025-01-08T00:45:19.662+0000][101990.028s][info][gc,phases   ] GC(4065)   Other: 0.2ms
[2025-01-08T00:45:19.662+0000][101990.028s][info][gc,heap     ] GC(4065) Eden regions: 903->0(905)
[2025-01-08T00:45:19.662+0000][101990.028s][info][gc,heap     ] GC(4065) Survivor regions: 5->6(114)
[2025-01-08T00:45:19.662+0000][101990.028s][info][gc,heap     ] GC(4065) Old regions: 252->252
[2025-01-08T00:45:19.662+0000][101990.028s][info][gc,heap     ] GC(4065) Archive regions: 2->2
[2025-01-08T00:45:19.662+0000][101990.028s][info][gc,heap     ] GC(4065) Humongous regions: 49->49
[2025-01-08T00:45:19.662+0000][101990.028s][info][gc,metaspace] GC(4065) Metaspace: 506166K(515008K)->506166K(515008K) NonClass: 444559K(449024K)->444559K(449024K) Class: 61606K(65984K)->61606K(65984K)
[2025-01-08T00:45:19.662+0000][101990.028s][info][gc          ] GC(4065) Pause Young (Normal) (G1 Evacuation Pause) 9673M->2451M(12288M) 20.958ms
[2025-01-08T00:45:19.662+0000][101990.028s][info][gc,cpu      ] GC(4065) User=0.12s Sys=0.00s Real=0.03s
[2025-01-08T00:45:25.943+0000][101996.309s][info][gc,start    ] GC(4066) Pause Young (Concurrent Start) (G1 Evacuation Pause)
[2025-01-08T00:45:25.943+0000][101996.309s][info][gc,task     ] GC(4066) Using 6 workers of 6 for evacuation
[2025-01-08T00:45:25.970+0000][101996.337s][info][gc,phases   ] GC(4066)   Pre Evacuate Collection Set: 1.1ms
[2025-01-08T00:45:25.970+0000][101996.337s][info][gc,phases   ] GC(4066)   Merge Heap Roots: 0.4ms
[2025-01-08T00:45:25.970+0000][101996.337s][info][gc,phases   ] GC(4066)   Evacuate Collection Set: 21.9ms
[2025-01-08T00:45:25.970+0000][101996.337s][info][gc,phases   ] GC(4066)   Post Evacuate Collection Set: 3.9ms
[2025-01-08T00:45:25.970+0000][101996.337s][info][gc,phases   ] GC(4066)   Other: 0.3ms
[2025-01-08T00:45:25.971+0000][101996.337s][info][gc,heap     ] GC(4066) Eden regions: 905->0(904)
[2025-01-08T00:45:25.971+0000][101996.337s][info][gc,heap     ] GC(4066) Survivor regions: 6->7(114)
[2025-01-08T00:45:25.971+0000][101996.337s][info][gc,heap     ] GC(4066) Old regions: 252->252
[2025-01-08T00:45:25.971+0000][101996.337s][info][gc,heap     ] GC(4066) Archive regions: 2->2
[2025-01-08T00:45:25.971+0000][101996.337s][info][gc,heap     ] GC(4066) Humongous regions: 49->49
[2025-01-08T00:45:25.971+0000][101996.337s][info][gc,metaspace] GC(4066) Metaspace: 506166K(515008K)->506166K(515008K) NonClass: 444559K(449024K)->444559K(449024K) Class: 61606K(65984K)->61606K(65984K)
[2025-01-08T00:45:25.971+0000][101996.337s][info][gc          ] GC(4066) Pause Young (Concurrent Start) (G1 Evacuation Pause) 9691M->2463M(12288M) 27.763ms
[2025-01-08T00:45:25.971+0000][101996.337s][info][gc,cpu      ] GC(4066) User=0.16s Sys=0.00s Real=0.03s
[2025-01-08T00:45:25.971+0000][101996.337s][info][gc          ] GC(4067) Concurrent Mark Cycle
[2025-01-08T00:45:25.971+0000][101996.337s][info][gc,marking  ] GC(4067) Concurrent Clear Claimed Marks
[2025-01-08T00:45:25.972+0000][101996.338s][info][gc,marking  ] GC(4067) Concurrent Clear Claimed Marks 0.883ms
[2025-01-08T00:45:25.972+0000][101996.338s][info][gc,marking  ] GC(4067) Concurrent Scan Root Regions
[2025-01-08T00:45:25.987+0000][101996.353s][info][gc,marking  ] GC(4067) Concurrent Scan Root Regions 14.966ms
[2025-01-08T00:45:25.987+0000][101996.353s][info][gc,marking  ] GC(4067) Concurrent Mark
[2025-01-08T00:45:25.987+0000][101996.353s][info][gc,marking  ] GC(4067) Concurrent Mark From Roots
[2025-01-08T00:45:25.987+0000][101996.353s][info][gc,task     ] GC(4067) Using 2 workers of 2 for marking
[2025-01-08T00:45:26.791+0000][101997.157s][info][gc,marking  ] GC(4067) Concurrent Mark From Roots 804.078ms
[2025-01-08T00:45:26.791+0000][101997.157s][info][gc,marking  ] GC(4067) Concurrent Preclean
[2025-01-08T00:45:26.793+0000][101997.159s][info][gc,marking  ] GC(4067) Concurrent Preclean 2.081ms
[2025-01-08T00:45:26.793+0000][101997.159s][info][gc,start    ] GC(4067) Pause Remark
[2025-01-08T00:45:26.819+0000][101997.185s][info][gc          ] GC(4067) Pause Remark 3059M->3059M(12288M) 25.968ms
[2025-01-08T00:45:26.819+0000][101997.185s][info][gc,cpu      ] GC(4067) User=0.15s Sys=0.01s Real=0.02s
[2025-01-08T00:45:26.819+0000][101997.185s][info][gc,marking  ] GC(4067) Concurrent Mark 832.456ms
[2025-01-08T00:45:26.819+0000][101997.185s][info][gc,marking  ] GC(4067) Concurrent Rebuild Remembered Sets
[2025-01-08T00:45:27.506+0000][101997.872s][info][gc,marking  ] GC(4067) Concurrent Rebuild Remembered Sets 686.668ms
[2025-01-08T00:45:27.506+0000][101997.872s][info][gc,start    ] GC(4067) Pause Cleanup
[2025-01-08T00:45:27.506+0000][101997.872s][info][gc          ] GC(4067) Pause Cleanup 4035M->4035M(12288M) 0.443ms
[2025-01-08T00:45:27.506+0000][101997.872s][info][gc,cpu      ] GC(4067) User=0.00s Sys=0.00s Real=0.00s
[2025-01-08T00:45:27.506+0000][101997.873s][info][gc,marking  ] GC(4067) Concurrent Cleanup for Next Mark
[2025-01-08T00:45:27.522+0000][101997.888s][info][gc,marking  ] GC(4067) Concurrent Cleanup for Next Mark 15.918ms
[2025-01-08T00:45:27.522+0000][101997.889s][info][gc          ] GC(4067) Concurrent Mark Cycle 1551.769ms
[2025-01-08T00:45:34.805+0000][102005.171s][info][gc,start    ] GC(4068) Pause Young (Prepare Mixed) (G1 Evacuation Pause)
[2025-01-08T00:45:34.805+0000][102005.171s][info][gc,task     ] GC(4068) Using 6 workers of 6 for evacuation
[2025-01-08T00:45:34.834+0000][102005.200s][info][gc,phases   ] GC(4068)   Pre Evacuate Collection Set: 0.2ms
[2025-01-08T00:45:34.834+0000][102005.200s][info][gc,phases   ] GC(4068)   Merge Heap Roots: 0.7ms
[2025-01-08T00:45:34.834+0000][102005.200s][info][gc,phases   ] GC(4068)   Evacuate Collection Set: 25.9ms
[2025-01-08T00:45:34.834+0000][102005.200s][info][gc,phases   ] GC(4068)   Post Evacuate Collection Set: 2.4ms
[2025-01-08T00:45:34.834+0000][102005.200s][info][gc,phases   ] GC(4068)   Other: 0.2ms
[2025-01-08T00:45:34.834+0000][102005.200s][info][gc,heap     ] GC(4068) Eden regions: 904->0(69)
[2025-01-08T00:45:34.834+0000][102005.200s][info][gc,heap     ] GC(4068) Survivor regions: 7->7(114)
[2025-01-08T00:45:34.834+0000][102005.200s][info][gc,heap     ] GC(4068) Old regions: 252->252
[2025-01-08T00:45:34.834+0000][102005.200s][info][gc,heap     ] GC(4068) Archive regions: 2->2
[2025-01-08T00:45:34.834+0000][102005.200s][info][gc,heap     ] GC(4068) Humongous regions: 49->49
[2025-01-08T00:45:34.834+0000][102005.200s][info][gc,metaspace] GC(4068) Metaspace: 506166K(515008K)->506166K(515008K) NonClass: 444559K(449024K)->444559K(449024K) Class: 61606K(65984K)->61606K(65984K)
[2025-01-08T00:45:34.834+0000][102005.200s][info][gc          ] GC(4068) Pause Young (Prepare Mixed) (G1 Evacuation Pause) 9695M->2459M(12288M) 29.513ms
[2025-01-08T00:45:34.834+0000][102005.200s][info][gc,cpu      ] GC(4068) User=0.17s Sys=0.00s Real=0.03s
[2025-01-08T00:45:35.530+0000][102005.896s][info][gc,start    ] GC(4069) Pause Young (Mixed) (G1 Evacuation Pause)
[2025-01-08T00:45:35.530+0000][102005.896s][info][gc,task     ] GC(4069) Using 6 workers of 6 for evacuation
[2025-01-08T00:45:35.575+0000][102005.941s][info][gc,phases   ] GC(4069)   Pre Evacuate Collection Set: 0.2ms
[2025-01-08T00:45:35.575+0000][102005.941s][info][gc,phases   ] GC(4069)   Merge Heap Roots: 0.5ms
[2025-01-08T00:45:35.575+0000][102005.941s][info][gc,phases   ] GC(4069)   Evacuate Collection Set: 42.5ms
[2025-01-08T00:45:35.575+0000][102005.941s][info][gc,phases   ] GC(4069)   Post Evacuate Collection Set: 1.5ms
[2025-01-08T00:45:35.575+0000][102005.941s][info][gc,phases   ] GC(4069)   Other: 0.2ms
[2025-01-08T00:45:35.575+0000][102005.941s][info][gc,heap     ] GC(4069) Eden regions: 69->0(911)
[2025-01-08T00:45:35.575+0000][102005.941s][info][gc,heap     ] GC(4069) Survivor regions: 7->5(10)
[2025-01-08T00:45:35.575+0000][102005.941s][info][gc,heap     ] GC(4069) Old regions: 252->249
[2025-01-08T00:45:35.575+0000][102005.941s][info][gc,heap     ] GC(4069) Archive regions: 2->2
[2025-01-08T00:45:35.575+0000][102005.941s][info][gc,heap     ] GC(4069) Humongous regions: 49->49
[2025-01-08T00:45:35.575+0000][102005.941s][info][gc,metaspace] GC(4069) Metaspace: 506166K(515008K)->506166K(515008K) NonClass: 444559K(449024K)->444559K(449024K) Class: 61606K(65984K)->61606K(65984K)
[2025-01-08T00:45:35.575+0000][102005.941s][info][gc          ] GC(4069) Pause Young (Mixed) (G1 Evacuation Pause) 3011M->2424M(12288M) 45.030ms
[2025-01-08T00:45:35.575+0000][102005.941s][info][gc,cpu      ] GC(4069) User=0.26s Sys=0.01s Real=0.04s
[2025-01-08T00:45:44.893+0000][102015.259s][info][gc,start    ] GC(4070) Pause Young (Normal) (G1 Evacuation Pause)
[2025-01-08T00:45:44.893+0000][102015.260s][info][gc,task     ] GC(4070) Using 6 workers of 6 for evacuation
[2025-01-08T00:45:44.923+0000][102015.289s][info][gc,phases   ] GC(4070)   Pre Evacuate Collection Set: 0.2ms
[2025-01-08T00:45:44.923+0000][102015.289s][info][gc,phases   ] GC(4070)   Merge Heap Roots: 0.5ms
[2025-01-08T00:45:44.923+0000][102015.289s][info][gc,phases   ] GC(4070)   Evacuate Collection Set: 26.1ms
[2025-01-08T00:45:44.923+0000][102015.289s][info][gc,phases   ] GC(4070)   Post Evacuate Collection Set: 2.5ms
[2025-01-08T00:45:44.923+0000][102015.289s][info][gc,phases   ] GC(4070)   Other: 0.2ms
[2025-01-08T00:45:44.923+0000][102015.289s][info][gc,heap     ] GC(4070) Eden regions: 911->0(907)
[2025-01-08T00:45:44.923+0000][102015.289s][info][gc,heap     ] GC(4070) Survivor regions: 5->8(115)
[2025-01-08T00:45:44.923+0000][102015.289s][info][gc,heap     ] GC(4070) Old regions: 249->249
[2025-01-08T00:45:44.923+0000][102015.289s][info][gc,heap     ] GC(4070) Archive regions: 2->2
[2025-01-08T00:45:44.923+0000][102015.289s][info][gc,heap     ] GC(4070) Humongous regions: 49->49
[2025-01-08T00:45:44.923+0000][102015.289s][info][gc,metaspace] GC(4070) Metaspace: 506166K(515008K)->506166K(515008K) NonClass: 444559K(449024K)->444559K(449024K) Class: 61606K(65984K)->61606K(65984K)
[2025-01-08T00:45:44.923+0000][102015.289s][info][gc          ] GC(4070) Pause Young (Normal) (G1 Evacuation Pause) 9712M->2445M(12288M) 29.549ms
[2025-01-08T00:45:44.923+0000][102015.289s][info][gc,cpu      ] GC(4070) User=0.17s Sys=0.01s Real=0.03s
[2025-01-08T00:45:51.935+0000][102022.301s][info][gc,start    ] GC(4071) Pause Young (Normal) (G1 Evacuation Pause)
[2025-01-08T00:45:51.935+0000][102022.301s][info][gc,task     ] GC(4071) Using 6 workers of 6 for evacuation
[2025-01-08T00:45:51.970+0000][102022.336s][info][gc,phases   ] GC(4071)   Pre Evacuate Collection Set: 0.2ms
[2025-01-08T00:45:51.970+0000][102022.336s][info][gc,phases   ] GC(4071)   Merge Heap Roots: 0.5ms
[2025-01-08T00:45:51.970+0000][102022.336s][info][gc,phases   ] GC(4071)   Evacuate Collection Set: 31.6ms
[2025-01-08T00:45:51.970+0000][102022.336s][info][gc,phases   ] GC(4071)   Post Evacuate Collection Set: 2.8ms
[2025-01-08T00:45:51.970+0000][102022.336s][info][gc,phases   ] GC(4071)   Other: 0.2ms
[2025-01-08T00:45:51.970+0000][102022.336s][info][gc,heap     ] GC(4071) Eden regions: 907->0(908)
[2025-01-08T00:45:51.970+0000][102022.336s][info][gc,heap     ] GC(4071) Survivor regions: 8->9(115)
[2025-01-08T00:45:51.970+0000][102022.336s][info][gc,heap     ] GC(4071) Old regions: 249->249
[2025-01-08T00:45:51.970+0000][102022.336s][info][gc,heap     ] GC(4071) Archive regions: 2->2
[2025-01-08T00:45:51.970+0000][102022.336s][info][gc,heap     ] GC(4071) Humongous regions: 49->49
[2025-01-08T00:45:51.970+0000][102022.336s][info][gc,metaspace] GC(4071) Metaspace: 506166K(515008K)->506166K(515008K) NonClass: 444559K(449024K)->444559K(449024K) Class: 61606K(65984K)->61606K(65984K)
[2025-01-08T00:45:51.970+0000][102022.336s][info][gc          ] GC(4071) Pause Young (Normal) (G1 Evacuation Pause) 9701M->2456M(12288M) 35.357ms
[2025-01-08T00:45:51.970+0000][102022.336s][info][gc,cpu      ] GC(4071) User=0.20s Sys=0.00s Real=0.04s
[2025-01-08T00:46:00.784+0000][102031.150s][info][gc,start    ] GC(4072) Pause Young (Concurrent Start) (G1 Evacuation Pause)
[2025-01-08T00:46:00.784+0000][102031.150s][info][gc,task     ] GC(4072) Using 6 workers of 6 for evacuation
[2025-01-08T00:46:00.824+0000][102031.190s][info][gc,phases   ] GC(4072)   Pre Evacuate Collection Set: 1.1ms
[2025-01-08T00:46:00.824+0000][102031.190s][info][gc,phases   ] GC(4072)   Merge Heap Roots: 0.5ms
[2025-01-08T00:46:00.824+0000][102031.190s][info][gc,phases   ] GC(4072)   Evacuate Collection Set: 33.7ms
[2025-01-08T00:46:00.824+0000][102031.190s][info][gc,phases   ] GC(4072)   Post Evacuate Collection Set: 3.9ms
[2025-01-08T00:46:00.824+0000][102031.190s][info][gc,phases   ] GC(4072)   Other: 0.3ms
[2025-01-08T00:46:00.824+0000][102031.190s][info][gc,heap     ] GC(4072) Eden regions: 908->0(904)
[2025-01-08T00:46:00.824+0000][102031.190s][info][gc,heap     ] GC(4072) Survivor regions: 9->11(115)
[2025-01-08T00:46:00.824+0000][102031.190s][info][gc,heap     ] GC(4072) Old regions: 249->249
[2025-01-08T00:46:00.824+0000][102031.190s][info][gc,heap     ] GC(4072) Archive regions: 2->2
[2025-01-08T00:46:00.824+0000][102031.190s][info][gc,heap     ] GC(4072) Humongous regions: 49->49
[2025-01-08T00:46:00.824+0000][102031.190s][info][gc,metaspace] GC(4072) Metaspace: 506166K(515008K)->506166K(515008K) NonClass: 444559K(449024K)->444559K(449024K) Class: 61606K(65984K)->61606K(65984K)
[2025-01-08T00:46:00.824+0000][102031.190s][info][gc          ] GC(4072) Pause Young (Concurrent Start) (G1 Evacuation Pause) 9720M->2472M(12288M) 39.652ms
[2025-01-08T00:46:00.824+0000][102031.190s][info][gc,cpu      ] GC(4072) User=0.22s Sys=0.01s Real=0.04s
[2025-01-08T00:46:00.824+0000][102031.190s][info][gc          ] GC(4073) Concurrent Mark Cycle
[2025-01-08T00:46:00.824+0000][102031.190s][info][gc,marking  ] GC(4073) Concurrent Clear Claimed Marks
[2025-01-08T00:46:00.825+0000][102031.191s][info][gc,marking  ] GC(4073) Concurrent Clear Claimed Marks 0.904ms
[2025-01-08T00:46:00.825+0000][102031.191s][info][gc,marking  ] GC(4073) Concurrent Scan Root Regions
[2025-01-08T00:46:00.855+0000][102031.221s][info][gc,marking  ] GC(4073) Concurrent Scan Root Regions 29.966ms
[2025-01-08T00:46:00.855+0000][102031.221s][info][gc,marking  ] GC(4073) Concurrent Mark
[2025-01-08T00:46:00.855+0000][102031.221s][info][gc,marking  ] GC(4073) Concurrent Mark From Roots
[2025-01-08T00:46:00.855+0000][102031.221s][info][gc,task     ] GC(4073) Using 2 workers of 2 for marking
[2025-01-08T00:46:02.093+0000][102032.459s][info][gc,marking  ] GC(4073) Concurrent Mark From Roots 1238.249ms
[2025-01-08T00:46:02.093+0000][102032.459s][info][gc,marking  ] GC(4073) Concurrent Preclean
[2025-01-08T00:46:02.095+0000][102032.461s][info][gc,marking  ] GC(4073) Concurrent Preclean 1.978ms
[2025-01-08T00:46:02.095+0000][102032.461s][info][gc,start    ] GC(4073) Pause Remark
[2025-01-08T00:46:02.121+0000][102032.488s][info][gc          ] GC(4073) Pause Remark 4112M->4112M(12288M) 26.363ms
[2025-01-08T00:46:02.122+0000][102032.488s][info][gc,cpu      ] GC(4073) User=0.15s Sys=0.01s Real=0.03s
[2025-01-08T00:46:02.122+0000][102032.488s][info][gc,marking  ] GC(4073) Concurrent Mark 1266.966ms
[2025-01-08T00:46:02.122+0000][102032.488s][info][gc,marking  ] GC(4073) Concurrent Rebuild Remembered Sets
[2025-01-08T00:46:02.681+0000][102033.047s][info][gc,marking  ] GC(4073) Concurrent Rebuild Remembered Sets 559.333ms
[2025-01-08T00:46:02.681+0000][102033.047s][info][gc,start    ] GC(4073) Pause Cleanup
[2025-01-08T00:46:02.682+0000][102033.048s][info][gc          ] GC(4073) Pause Cleanup 4840M->4840M(12288M) 0.448ms
[2025-01-08T00:46:02.682+0000][102033.048s][info][gc,cpu      ] GC(4073) User=0.00s Sys=0.00s Real=0.01s
[2025-01-08T00:46:02.682+0000][102033.048s][info][gc,marking  ] GC(4073) Concurrent Cleanup for Next Mark
[2025-01-08T00:46:02.697+0000][102033.063s][info][gc,marking  ] GC(4073) Concurrent Cleanup for Next Mark 15.360ms
[2025-01-08T00:46:02.697+0000][102033.063s][info][gc          ] GC(4073) Concurrent Mark Cycle 1873.407ms
[2025-01-08T00:46:06.059+0000][102036.426s][info][gc,start    ] GC(4074) Pause Young (Prepare Mixed) (G1 Evacuation Pause)
[2025-01-08T00:46:06.059+0000][102036.426s][info][gc,task     ] GC(4074) Using 6 workers of 6 for evacuation
[2025-01-08T00:46:06.105+0000][102036.471s][info][gc,phases   ] GC(4074)   Pre Evacuate Collection Set: 0.2ms
[2025-01-08T00:46:06.105+0000][102036.471s][info][gc,phases   ] GC(4074)   Merge Heap Roots: 0.8ms
[2025-01-08T00:46:06.105+0000][102036.471s][info][gc,phases   ] GC(4074)   Evacuate Collection Set: 40.2ms
[2025-01-08T00:46:06.105+0000][102036.471s][info][gc,phases   ] GC(4074)   Post Evacuate Collection Set: 4.3ms
[2025-01-08T00:46:06.105+0000][102036.471s][info][gc,phases   ] GC(4074)   Other: 0.2ms
[2025-01-08T00:46:06.105+0000][102036.471s][info][gc,heap     ] GC(4074) Eden regions: 904->0(63)
[2025-01-08T00:46:06.105+0000][102036.471s][info][gc,heap     ] GC(4074) Survivor regions: 11->13(115)
[2025-01-08T00:46:06.105+0000][102036.471s][info][gc,heap     ] GC(4074) Old regions: 249->249
[2025-01-08T00:46:06.105+0000][102036.471s][info][gc,heap     ] GC(4074) Archive regions: 2->2
[2025-01-08T00:46:06.105+0000][102036.471s][info][gc,heap     ] GC(4074) Humongous regions: 49->49
[2025-01-08T00:46:06.105+0000][102036.471s][info][gc,metaspace] GC(4074) Metaspace: 506166K(515008K)->506166K(515008K) NonClass: 444559K(449024K)->444559K(449024K) Class: 61606K(65984K)->61606K(65984K)
[2025-01-08T00:46:06.105+0000][102036.471s][info][gc          ] GC(4074) Pause Young (Prepare Mixed) (G1 Evacuation Pause) 9704M->2485M(12288M) 45.866ms
[2025-01-08T00:46:06.105+0000][102036.471s][info][gc,cpu      ] GC(4074) User=0.27s Sys=0.00s Real=0.05s
[2025-01-08T00:46:06.478+0000][102036.844s][info][gc,start    ] GC(4075) Pause Young (Mixed) (G1 Evacuation Pause)
[2025-01-08T00:46:06.478+0000][102036.844s][info][gc,task     ] GC(4075) Using 6 workers of 6 for evacuation
[2025-01-08T00:46:06.544+0000][102036.910s][info][gc,phases   ] GC(4075)   Pre Evacuate Collection Set: 0.2ms
[2025-01-08T00:46:06.544+0000][102036.910s][info][gc,phases   ] GC(4075)   Merge Heap Roots: 0.8ms
[2025-01-08T00:46:06.544+0000][102036.910s][info][gc,phases   ] GC(4075)   Evacuate Collection Set: 62.6ms
[2025-01-08T00:46:06.544+0000][102036.910s][info][gc,phases   ] GC(4075)   Post Evacuate Collection Set: 1.7ms
[2025-01-08T00:46:06.544+0000][102036.910s][info][gc,phases   ] GC(4075)   Other: 0.2ms
[2025-01-08T00:46:06.544+0000][102036.910s][info][gc,heap     ] GC(4075) Eden regions: 63->0(907)
[2025-01-08T00:46:06.544+0000][102036.910s][info][gc,heap     ] GC(4075) Survivor regions: 13->4(10)
[2025-01-08T00:46:06.544+0000][102036.910s][info][gc,heap     ] GC(4075) Old regions: 249->253
[2025-01-08T00:46:06.544+0000][102036.910s][info][gc,heap     ] GC(4075) Archive regions: 2->2
[2025-01-08T00:46:06.544+0000][102036.910s][info][gc,heap     ] GC(4075) Humongous regions: 49->49
[2025-01-08T00:46:06.544+0000][102036.910s][info][gc,metaspace] GC(4075) Metaspace: 506166K(515008K)->506166K(515008K) NonClass: 444559K(449024K)->444559K(449024K) Class: 61606K(65984K)->61606K(65984K)
[2025-01-08T00:46:06.544+0000][102036.910s][info][gc          ] GC(4075) Pause Young (Mixed) (G1 Evacuation Pause) 2989M->2443M(12288M) 65.548ms
[2025-01-08T00:46:06.544+0000][102036.910s][info][gc,cpu      ] GC(4075) User=0.38s Sys=0.00s Real=0.07s
[2025-01-08T00:46:14.072+0000][102044.438s][info][gc,start    ] GC(4076) Pause Young (Normal) (G1 Evacuation Pause)
[2025-01-08T00:46:14.072+0000][102044.438s][info][gc,task     ] GC(4076) Using 6 workers of 6 for evacuation
[2025-01-08T00:46:14.092+0000][102044.458s][info][gc,phases   ] GC(4076)   Pre Evacuate Collection Set: 0.2ms
[2025-01-08T00:46:14.092+0000][102044.458s][info][gc,phases   ] GC(4076)   Merge Heap Roots: 0.4ms
[2025-01-08T00:46:14.092+0000][102044.458s][info][gc,phases   ] GC(4076)   Evacuate Collection Set: 16.8ms
[2025-01-08T00:46:14.092+0000][102044.458s][info][gc,phases   ] GC(4076)   Post Evacuate Collection Set: 2.5ms
[2025-01-08T00:46:14.092+0000][102044.458s][info][gc,phases   ] GC(4076)   Other: 0.2ms
[2025-01-08T00:46:14.092+0000][102044.458s][info][gc,heap     ] GC(4076) Eden regions: 907->0(908)
[2025-01-08T00:46:14.092+0000][102044.458s][info][gc,heap     ] GC(4076) Survivor regions: 4->4(114)
[2025-01-08T00:46:14.092+0000][102044.458s][info][gc,heap     ] GC(4076) Old regions: 253->253
[2025-01-08T00:46:14.092+0000][102044.458s][info][gc,heap     ] GC(4076) Archive regions: 2->2
[2025-01-08T00:46:14.092+0000][102044.458s][info][gc,heap     ] GC(4076) Humongous regions: 49->49
[2025-01-08T00:46:14.092+0000][102044.458s][info][gc,metaspace] GC(4076) Metaspace: 506166K(515008K)->506166K(515008K) NonClass: 444559K(449024K)->444559K(449024K) Class: 61606K(65984K)->61606K(65984K)
[2025-01-08T00:46:14.092+0000][102044.458s][info][gc          ] GC(4076) Pause Young (Normal) (G1 Evacuation Pause) 9699M->2448M(12288M) 20.092ms
[2025-01-08T00:46:14.092+0000][102044.458s][info][gc,cpu      ] GC(4076) User=0.11s Sys=0.00s Real=0.02s
[2025-01-08T00:46:19.519+0000][102049.885s][info][gc,start    ] GC(4077) Pause Young (Normal) (G1 Evacuation Pause)
[2025-01-08T00:46:19.519+0000][102049.885s][info][gc,task     ] GC(4077) Using 6 workers of 6 for evacuation
[2025-01-08T00:46:19.543+0000][102049.909s][info][gc,phases   ] GC(4077)   Pre Evacuate Collection Set: 0.2ms
[2025-01-08T00:46:19.543+0000][102049.909s][info][gc,phases   ] GC(4077)   Merge Heap Roots: 0.4ms
[2025-01-08T00:46:19.543+0000][102049.909s][info][gc,phases   ] GC(4077)   Evacuate Collection Set: 19.1ms
[2025-01-08T00:46:19.543+0000][102049.909s][info][gc,phases   ] GC(4077)   Post Evacuate Collection Set: 3.8ms
[2025-01-08T00:46:19.543+0000][102049.909s][info][gc,phases   ] GC(4077)   Other: 0.2ms
[2025-01-08T00:46:19.543+0000][102049.909s][info][gc,heap     ] GC(4077) Eden regions: 908->0(904)
[2025-01-08T00:46:19.543+0000][102049.909s][info][gc,heap     ] GC(4077) Survivor regions: 4->7(114)
[2025-01-08T00:46:19.543+0000][102049.909s][info][gc,heap     ] GC(4077) Old regions: 253->253
[2025-01-08T00:46:19.543+0000][102049.909s][info][gc,heap     ] GC(4077) Archive regions: 2->2
[2025-01-08T00:46:19.543+0000][102049.909s][info][gc,heap     ] GC(4077) Humongous regions: 49->49
[2025-01-08T00:46:19.543+0000][102049.909s][info][gc,metaspace] GC(4077) Metaspace: 506166K(515008K)->506166K(515008K) NonClass: 444559K(449024K)->444559K(449024K) Class: 61606K(65984K)->61606K(65984K)
[2025-01-08T00:46:19.543+0000][102049.909s][info][gc          ] GC(4077) Pause Young (Normal) (G1 Evacuation Pause) 9712M->2465M(12288M) 23.741ms
[2025-01-08T00:46:19.543+0000][102049.909s][info][gc,cpu      ] GC(4077) User=0.14s Sys=0.00s Real=0.03s
[2025-01-08T00:46:27.872+0000][102058.238s][info][gc,start    ] GC(4078) Pause Young (Concurrent Start) (G1 Evacuation Pause)
[2025-01-08T00:46:27.872+0000][102058.238s][info][gc,task     ] GC(4078) Using 6 workers of 6 for evacuation
[2025-01-08T00:46:27.901+0000][102058.267s][info][gc,phases   ] GC(4078)   Pre Evacuate Collection Set: 1.1ms
[2025-01-08T00:46:27.901+0000][102058.267s][info][gc,phases   ] GC(4078)   Merge Heap Roots: 0.4ms
[2025-01-08T00:46:27.901+0000][102058.267s][info][gc,phases   ] GC(4078)   Evacuate Collection Set: 24.7ms
[2025-01-08T00:46:27.901+0000][102058.267s][info][gc,phases   ] GC(4078)   Post Evacuate Collection Set: 2.5ms
[2025-01-08T00:46:27.901+0000][102058.267s][info][gc,phases   ] GC(4078)   Other: 0.3ms
[2025-01-08T00:46:27.901+0000][102058.267s][info][gc,heap     ] GC(4078) Eden regions: 904->0(904)
[2025-01-08T00:46:27.901+0000][102058.267s][info][gc,heap     ] GC(4078) Survivor regions: 7->7(114)
[2025-01-08T00:46:27.901+0000][102058.267s][info][gc,heap     ] GC(4078) Old regions: 253->253
[2025-01-08T00:46:27.901+0000][102058.267s][info][gc,heap     ] GC(4078) Archive regions: 2->2
[2025-01-08T00:46:27.901+0000][102058.267s][info][gc,heap     ] GC(4078) Humongous regions: 49->49
[2025-01-08T00:46:27.901+0000][102058.267s][info][gc,metaspace] GC(4078) Metaspace: 506166K(515008K)->506166K(515008K) NonClass: 444559K(449024K)->444559K(449024K) Class: 61606K(65984K)->61606K(65984K)
[2025-01-08T00:46:27.901+0000][102058.267s][info][gc          ] GC(4078) Pause Young (Concurrent Start) (G1 Evacuation Pause) 9697M->2467M(12288M) 29.151ms
[2025-01-08T00:46:27.901+0000][102058.267s][info][gc,cpu      ] GC(4078) User=0.16s Sys=0.00s Real=0.02s
[2025-01-08T00:46:27.901+0000][102058.267s][info][gc          ] GC(4079) Concurrent Mark Cycle
[2025-01-08T00:46:27.901+0000][102058.267s][info][gc,marking  ] GC(4079) Concurrent Clear Claimed Marks
[2025-01-08T00:46:27.902+0000][102058.268s][info][gc,marking  ] GC(4079) Concurrent Clear Claimed Marks 0.886ms
[2025-01-08T00:46:27.902+0000][102058.268s][info][gc,marking  ] GC(4079) Concurrent Scan Root Regions
[2025-01-08T00:46:27.919+0000][102058.285s][info][gc,marking  ] GC(4079) Concurrent Scan Root Regions 17.336ms
[2025-01-08T00:46:27.919+0000][102058.285s][info][gc,marking  ] GC(4079) Concurrent Mark
[2025-01-08T00:46:27.919+0000][102058.285s][info][gc,marking  ] GC(4079) Concurrent Mark From Roots
[2025-01-08T00:46:27.919+0000][102058.285s][info][gc,task     ] GC(4079) Using 2 workers of 2 for marking
[2025-01-08T00:46:28.855+0000][102059.221s][info][gc,marking  ] GC(4079) Concurrent Mark From Roots 935.928ms
[2025-01-08T00:46:28.855+0000][102059.221s][info][gc,marking  ] GC(4079) Concurrent Preclean
[2025-01-08T00:46:28.857+0000][102059.223s][info][gc,marking  ] GC(4079) Concurrent Preclean 2.056ms
[2025-01-08T00:46:28.857+0000][102059.223s][info][gc,start    ] GC(4079) Pause Remark
[2025-01-08T00:46:28.883+0000][102059.249s][info][gc          ] GC(4079) Pause Remark 3359M->3359M(12288M) 26.018ms
[2025-01-08T00:46:28.883+0000][102059.249s][info][gc,cpu      ] GC(4079) User=0.15s Sys=0.00s Real=0.03s
[2025-01-08T00:46:28.884+0000][102059.250s][info][gc,marking  ] GC(4079) Concurrent Mark 964.572ms
[2025-01-08T00:46:28.884+0000][102059.250s][info][gc,marking  ] GC(4079) Concurrent Rebuild Remembered Sets
[2025-01-08T00:46:29.433+0000][102059.799s][info][gc,marking  ] GC(4079) Concurrent Rebuild Remembered Sets 549.493ms
[2025-01-08T00:46:29.433+0000][102059.799s][info][gc,start    ] GC(4079) Pause Cleanup
[2025-01-08T00:46:29.434+0000][102059.800s][info][gc          ] GC(4079) Pause Cleanup 3803M->3803M(12288M) 0.433ms
[2025-01-08T00:46:29.434+0000][102059.800s][info][gc,cpu      ] GC(4079) User=0.00s Sys=0.00s Real=0.00s
[2025-01-08T00:46:29.434+0000][102059.800s][info][gc,marking  ] GC(4079) Concurrent Cleanup for Next Mark
[2025-01-08T00:46:29.449+0000][102059.815s][info][gc,marking  ] GC(4079) Concurrent Cleanup for Next Mark 15.429ms
[2025-01-08T00:46:29.449+0000][102059.815s][info][gc          ] GC(4079) Concurrent Mark Cycle 1548.559ms
[2025-01-08T00:46:36.074+0000][102066.440s][info][gc,start    ] GC(4080) Pause Young (Prepare Mixed) (G1 Evacuation Pause)
[2025-01-08T00:46:36.074+0000][102066.440s][info][gc,task     ] GC(4080) Using 6 workers of 6 for evacuation
[2025-01-08T00:46:36.107+0000][102066.474s][info][gc,phases   ] GC(4080)   Pre Evacuate Collection Set: 0.2ms
[2025-01-08T00:46:36.107+0000][102066.474s][info][gc,phases   ] GC(4080)   Merge Heap Roots: 0.6ms
[2025-01-08T00:46:36.107+0000][102066.474s][info][gc,phases   ] GC(4080)   Evacuate Collection Set: 29.6ms
[2025-01-08T00:46:36.107+0000][102066.474s][info][gc,phases   ] GC(4080)   Post Evacuate Collection Set: 2.6ms
[2025-01-08T00:46:36.107+0000][102066.474s][info][gc,phases   ] GC(4080)   Other: 0.2ms
[2025-01-08T00:46:36.107+0000][102066.474s][info][gc,heap     ] GC(4080) Eden regions: 904->0(68)
[2025-01-08T00:46:36.107+0000][102066.474s][info][gc,heap     ] GC(4080) Survivor regions: 7->8(114)
[2025-01-08T00:46:36.107+0000][102066.474s][info][gc,heap     ] GC(4080) Old regions: 253->253
[2025-01-08T00:46:36.107+0000][102066.474s][info][gc,heap     ] GC(4080) Archive regions: 2->2
[2025-01-08T00:46:36.107+0000][102066.474s][info][gc,heap     ] GC(4080) Humongous regions: 49->49
[2025-01-08T00:46:36.107+0000][102066.474s][info][gc,metaspace] GC(4080) Metaspace: 506167K(515008K)->506167K(515008K) NonClass: 444561K(449024K)->444561K(449024K) Class: 61606K(65984K)->61606K(65984K)
[2025-01-08T00:46:36.108+0000][102066.474s][info][gc          ] GC(4080) Pause Young (Prepare Mixed) (G1 Evacuation Pause) 9699M->2479M(12288M) 33.322ms
[2025-01-08T00:46:36.108+0000][102066.474s][info][gc,cpu      ] GC(4080) User=0.19s Sys=0.00s Real=0.03s
[2025-01-08T00:46:36.708+0000][102067.074s][info][gc,start    ] GC(4081) Pause Young (Mixed) (G1 Evacuation Pause)
[2025-01-08T00:46:36.708+0000][102067.074s][info][gc,task     ] GC(4081) Using 6 workers of 6 for evacuation
[2025-01-08T00:46:36.762+0000][102067.128s][info][gc,phases   ] GC(4081)   Pre Evacuate Collection Set: 0.2ms
[2025-01-08T00:46:36.762+0000][102067.128s][info][gc,phases   ] GC(4081)   Merge Heap Roots: 0.6ms
[2025-01-08T00:46:36.762+0000][102067.128s][info][gc,phases   ] GC(4081)   Evacuate Collection Set: 51.6ms
[2025-01-08T00:46:36.762+0000][102067.128s][info][gc,phases   ] GC(4081)   Post Evacuate Collection Set: 1.7ms
[2025-01-08T00:46:36.762+0000][102067.128s][info][gc,phases   ] GC(4081)   Other: 0.2ms
[2025-01-08T00:46:36.762+0000][102067.128s][info][gc,heap     ] GC(4081) Eden regions: 68->0(905)
[2025-01-08T00:46:36.762+0000][102067.128s][info][gc,heap     ] GC(4081) Survivor regions: 8->6(10)
[2025-01-08T00:46:36.762+0000][102067.128s][info][gc,heap     ] GC(4081) Old regions: 253->252
[2025-01-08T00:46:36.762+0000][102067.128s][info][gc,heap     ] GC(4081) Archive regions: 2->2
[2025-01-08T00:46:36.762+0000][102067.128s][info][gc,heap     ] GC(4081) Humongous regions: 49->49
[2025-01-08T00:46:36.762+0000][102067.128s][info][gc,metaspace] GC(4081) Metaspace: 506167K(515008K)->506167K(515008K) NonClass: 444561K(449024K)->444561K(449024K) Class: 61606K(65984K)->61606K(65984K)
[2025-01-08T00:46:36.762+0000][102067.128s][info][gc          ] GC(4081) Pause Young (Mixed) (G1 Evacuation Pause) 3023M->2462M(12288M) 54.330ms
[2025-01-08T00:46:36.762+0000][102067.128s][info][gc,cpu      ] GC(4081) User=0.31s Sys=0.00s Real=0.06s
[2025-01-08T00:46:45.827+0000][102076.193s][info][gc,start    ] GC(4082) Pause Young (Normal) (G1 Evacuation Pause)
[2025-01-08T00:46:45.827+0000][102076.193s][info][gc,task     ] GC(4082) Using 6 workers of 6 for evacuation
[2025-01-08T00:46:45.856+0000][102076.222s][info][gc,phases   ] GC(4082)   Pre Evacuate Collection Set: 0.2ms
[2025-01-08T00:46:45.856+0000][102076.222s][info][gc,phases   ] GC(4082)   Merge Heap Roots: 0.4ms
[2025-01-08T00:46:45.856+0000][102076.222s][info][gc,phases   ] GC(4082)   Evacuate Collection Set: 25.6ms
[2025-01-08T00:46:45.856+0000][102076.222s][info][gc,phases   ] GC(4082)   Post Evacuate Collection Set: 2.6ms
[2025-01-08T00:46:45.856+0000][102076.222s][info][gc,phases   ] GC(4082)   Other: 0.2ms
[2025-01-08T00:46:45.856+0000][102076.222s][info][gc,heap     ] GC(4082) Eden regions: 905->0(904)
[2025-01-08T00:46:45.856+0000][102076.222s][info][gc,heap     ] GC(4082) Survivor regions: 6->7(114)
[2025-01-08T00:46:45.856+0000][102076.222s][info][gc,heap     ] GC(4082) Old regions: 252->252
[2025-01-08T00:46:45.856+0000][102076.222s][info][gc,heap     ] GC(4082) Archive regions: 2->2
[2025-01-08T00:46:45.856+0000][102076.222s][info][gc,heap     ] GC(4082) Humongous regions: 49->49
[2025-01-08T00:46:45.856+0000][102076.222s][info][gc,metaspace] GC(4082) Metaspace: 506167K(515008K)->506167K(515008K) NonClass: 444561K(449024K)->444561K(449024K) Class: 61606K(65984K)->61606K(65984K)
[2025-01-08T00:46:45.856+0000][102076.222s][info][gc          ] GC(4082) Pause Young (Normal) (G1 Evacuation Pause) 9702M->2466M(12288M) 29.170ms
[2025-01-08T00:46:45.856+0000][102076.222s][info][gc,cpu      ] GC(4082) User=0.17s Sys=0.00s Real=0.03s
[2025-01-08T00:46:52.444+0000][102082.810s][info][gc,start    ] GC(4083) Pause Young (Normal) (G1 Evacuation Pause)
[2025-01-08T00:46:52.444+0000][102082.810s][info][gc,task     ] GC(4083) Using 6 workers of 6 for evacuation
[2025-01-08T00:46:52.474+0000][102082.841s][info][gc,phases   ] GC(4083)   Pre Evacuate Collection Set: 0.2ms
[2025-01-08T00:46:52.474+0000][102082.841s][info][gc,phases   ] GC(4083)   Merge Heap Roots: 0.4ms
[2025-01-08T00:46:52.474+0000][102082.841s][info][gc,phases   ] GC(4083)   Evacuate Collection Set: 26.8ms
[2025-01-08T00:46:52.474+0000][102082.841s][info][gc,phases   ] GC(4083)   Post Evacuate Collection Set: 2.6ms
[2025-01-08T00:46:52.475+0000][102082.841s][info][gc,phases   ] GC(4083)   Other: 0.2ms
[2025-01-08T00:46:52.475+0000][102082.841s][info][gc,heap     ] GC(4083) Eden regions: 904->0(905)
[2025-01-08T00:46:52.475+0000][102082.841s][info][gc,heap     ] GC(4083) Survivor regions: 7->7(114)
[2025-01-08T00:46:52.475+0000][102082.841s][info][gc,heap     ] GC(4083) Old regions: 252->252
[2025-01-08T00:46:52.475+0000][102082.841s][info][gc,heap     ] GC(4083) Archive regions: 2->2
[2025-01-08T00:46:52.475+0000][102082.841s][info][gc,heap     ] GC(4083) Humongous regions: 49->49
[2025-01-08T00:46:52.475+0000][102082.841s][info][gc,metaspace] GC(4083) Metaspace: 506167K(515008K)->506167K(515008K) NonClass: 444561K(449024K)->444561K(449024K) Class: 61606K(65984K)->61606K(65984K)
[2025-01-08T00:46:52.475+0000][102082.841s][info][gc          ] GC(4083) Pause Young (Normal) (G1 Evacuation Pause) 9698M->2470M(12288M) 30.279ms
[2025-01-08T00:46:52.475+0000][102082.841s][info][gc,cpu      ] GC(4083) User=0.17s Sys=0.00s Real=0.03s
[2025-01-08T00:46:58.759+0000][102089.125s][info][gc,start    ] GC(4084) Pause Young (Concurrent Start) (G1 Evacuation Pause)
[2025-01-08T00:46:58.759+0000][102089.125s][info][gc,task     ] GC(4084) Using 6 workers of 6 for evacuation
[2025-01-08T00:46:58.795+0000][102089.161s][info][gc,phases   ] GC(4084)   Pre Evacuate Collection Set: 1.1ms
[2025-01-08T00:46:58.795+0000][102089.161s][info][gc,phases   ] GC(4084)   Merge Heap Roots: 0.5ms
[2025-01-08T00:46:58.795+0000][102089.161s][info][gc,phases   ] GC(4084)   Evacuate Collection Set: 31.2ms
[2025-01-08T00:46:58.795+0000][102089.161s][info][gc,phases   ] GC(4084)   Post Evacuate Collection Set: 2.5ms
[2025-01-08T00:46:58.795+0000][102089.161s][info][gc,phases   ] GC(4084)   Other: 0.3ms
[2025-01-08T00:46:58.795+0000][102089.161s][info][gc,heap     ] GC(4084) Eden regions: 905->0(902)
[2025-01-08T00:46:58.795+0000][102089.161s][info][gc,heap     ] GC(4084) Survivor regions: 7->9(114)
[2025-01-08T00:46:58.795+0000][102089.161s][info][gc,heap     ] GC(4084) Old regions: 252->252
[2025-01-08T00:46:58.795+0000][102089.161s][info][gc,heap     ] GC(4084) Archive regions: 2->2
[2025-01-08T00:46:58.795+0000][102089.161s][info][gc,heap     ] GC(4084) Humongous regions: 49->49
[2025-01-08T00:46:58.795+0000][102089.161s][info][gc,metaspace] GC(4084) Metaspace: 506167K(515008K)->506167K(515008K) NonClass: 444561K(449024K)->444561K(449024K) Class: 61606K(65984K)->61606K(65984K)
[2025-01-08T00:46:58.795+0000][102089.161s][info][gc          ] GC(4084) Pause Young (Concurrent Start) (G1 Evacuation Pause) 9710M->2480M(12288M) 35.673ms
[2025-01-08T00:46:58.795+0000][102089.161s][info][gc,cpu      ] GC(4084) User=0.21s Sys=0.00s Real=0.04s
[2025-01-08T00:46:58.795+0000][102089.161s][info][gc          ] GC(4085) Concurrent Mark Cycle
[2025-01-08T00:46:58.795+0000][102089.161s][info][gc,marking  ] GC(4085) Concurrent Clear Claimed Marks
[2025-01-08T00:46:58.796+0000][102089.162s][info][gc,marking  ] GC(4085) Concurrent Clear Claimed Marks 0.870ms
[2025-01-08T00:46:58.796+0000][102089.162s][info][gc,marking  ] GC(4085) Concurrent Scan Root Regions
[2025-01-08T00:46:58.818+0000][102089.184s][info][gc,marking  ] GC(4085) Concurrent Scan Root Regions 22.061ms
[2025-01-08T00:46:58.818+0000][102089.184s][info][gc,marking  ] GC(4085) Concurrent Mark
[2025-01-08T00:46:58.818+0000][102089.184s][info][gc,marking  ] GC(4085) Concurrent Mark From Roots
[2025-01-08T00:46:58.818+0000][102089.184s][info][gc,task     ] GC(4085) Using 2 workers of 2 for marking
[2025-01-08T00:46:59.632+0000][102089.998s][info][gc,marking  ] GC(4085) Concurrent Mark From Roots 814.465ms
[2025-01-08T00:46:59.632+0000][102089.999s][info][gc,marking  ] GC(4085) Concurrent Preclean
[2025-01-08T00:46:59.634+0000][102090.000s][info][gc,marking  ] GC(4085) Concurrent Preclean 1.894ms
[2025-01-08T00:46:59.634+0000][102090.001s][info][gc,start    ] GC(4085) Pause Remark
[2025-01-08T00:46:59.661+0000][102090.027s][info][gc          ] GC(4085) Pause Remark 3236M->3236M(12288M) 26.149ms
[2025-01-08T00:46:59.661+0000][102090.027s][info][gc,cpu      ] GC(4085) User=0.15s Sys=0.00s Real=0.02s
[2025-01-08T00:46:59.661+0000][102090.027s][info][gc,marking  ] GC(4085) Concurrent Mark 842.854ms
[2025-01-08T00:46:59.661+0000][102090.027s][info][gc,marking  ] GC(4085) Concurrent Rebuild Remembered Sets
[2025-01-08T00:47:00.325+0000][102090.691s][info][gc,marking  ] GC(4085) Concurrent Rebuild Remembered Sets 663.971ms
[2025-01-08T00:47:00.325+0000][102090.691s][info][gc,start    ] GC(4085) Pause Cleanup
[2025-01-08T00:47:00.326+0000][102090.692s][info][gc          ] GC(4085) Pause Cleanup 4132M->4132M(12288M) 0.509ms
[2025-01-08T00:47:00.326+0000][102090.692s][info][gc,cpu      ] GC(4085) User=0.00s Sys=0.00s Real=0.00s
[2025-01-08T00:47:00.326+0000][102090.692s][info][gc,marking  ] GC(4085) Concurrent Cleanup for Next Mark
[2025-01-08T00:47:00.348+0000][102090.715s][info][gc,marking  ] GC(4085) Concurrent Cleanup for Next Mark 22.773ms
[2025-01-08T00:47:00.348+0000][102090.715s][info][gc          ] GC(4085) Concurrent Mark Cycle 1553.571ms
[2025-01-08T00:47:04.515+0000][102094.881s][info][gc,start    ] GC(4086) Pause Young (Prepare Mixed) (G1 Evacuation Pause)
[2025-01-08T00:47:04.515+0000][102094.881s][info][gc,task     ] GC(4086) Using 6 workers of 6 for evacuation
[2025-01-08T00:47:04.551+0000][102094.918s][info][gc,phases   ] GC(4086)   Pre Evacuate Collection Set: 0.2ms
[2025-01-08T00:47:04.552+0000][102094.918s][info][gc,phases   ] GC(4086)   Merge Heap Roots: 0.7ms
[2025-01-08T00:47:04.552+0000][102094.918s][info][gc,phases   ] GC(4086)   Evacuate Collection Set: 29.9ms
[2025-01-08T00:47:04.552+0000][102094.918s][info][gc,phases   ] GC(4086)   Post Evacuate Collection Set: 5.3ms
[2025-01-08T00:47:04.552+0000][102094.918s][info][gc,phases   ] GC(4086)   Other: 0.2ms
[2025-01-08T00:47:04.552+0000][102094.918s][info][gc,heap     ] GC(4086) Eden regions: 902->0(66)
[2025-01-08T00:47:04.552+0000][102094.918s][info][gc,heap     ] GC(4086) Survivor regions: 9->10(114)
[2025-01-08T00:47:04.552+0000][102094.918s][info][gc,heap     ] GC(4086) Old regions: 252->252
[2025-01-08T00:47:04.552+0000][102094.918s][info][gc,heap     ] GC(4086) Archive regions: 2->2
[2025-01-08T00:47:04.552+0000][102094.918s][info][gc,heap     ] GC(4086) Humongous regions: 49->49
[2025-01-08T00:47:04.552+0000][102094.918s][info][gc,metaspace] GC(4086) Metaspace: 506167K(515008K)->506167K(515008K) NonClass: 444561K(449024K)->444561K(449024K) Class: 61606K(65984K)->61606K(65984K)
[2025-01-08T00:47:04.552+0000][102094.918s][info][gc          ] GC(4086) Pause Young (Prepare Mixed) (G1 Evacuation Pause) 9696M->2490M(12288M) 36.362ms
[2025-01-08T00:47:04.552+0000][102094.918s][info][gc,cpu      ] GC(4086) User=0.21s Sys=0.00s Real=0.04s
[2025-01-08T00:47:05.167+0000][102095.534s][info][gc,start    ] GC(4087) Pause Young (Mixed) (G1 Evacuation Pause)
[2025-01-08T00:47:05.167+0000][102095.534s][info][gc,task     ] GC(4087) Using 6 workers of 6 for evacuation
[2025-01-08T00:47:05.229+0000][102095.595s][info][gc,phases   ] GC(4087)   Pre Evacuate Collection Set: 0.2ms
[2025-01-08T00:47:05.229+0000][102095.595s][info][gc,phases   ] GC(4087)   Merge Heap Roots: 0.7ms
[2025-01-08T00:47:05.229+0000][102095.595s][info][gc,phases   ] GC(4087)   Evacuate Collection Set: 58.6ms
[2025-01-08T00:47:05.229+0000][102095.595s][info][gc,phases   ] GC(4087)   Post Evacuate Collection Set: 1.5ms
[2025-01-08T00:47:05.229+0000][102095.595s][info][gc,phases   ] GC(4087)   Other: 0.2ms
[2025-01-08T00:47:05.229+0000][102095.595s][info][gc,heap     ] GC(4087) Eden regions: 66->0(909)
[2025-01-08T00:47:05.229+0000][102095.595s][info][gc,heap     ] GC(4087) Survivor regions: 10->3(10)
[2025-01-08T00:47:05.229+0000][102095.595s][info][gc,heap     ] GC(4087) Old regions: 252->252
[2025-01-08T00:47:05.229+0000][102095.595s][info][gc,heap     ] GC(4087) Archive regions: 2->2
[2025-01-08T00:47:05.229+0000][102095.595s][info][gc,heap     ] GC(4087) Humongous regions: 49->49
[2025-01-08T00:47:05.229+0000][102095.595s][info][gc,metaspace] GC(4087) Metaspace: 506167K(515008K)->506167K(515008K) NonClass: 444561K(449024K)->444561K(449024K) Class: 61606K(65984K)->61606K(65984K)
[2025-01-08T00:47:05.229+0000][102095.595s][info][gc          ] GC(4087) Pause Young (Mixed) (G1 Evacuation Pause) 3018M->2434M(12288M) 61.243ms
[2025-01-08T00:47:05.229+0000][102095.595s][info][gc,cpu      ] GC(4087) User=0.36s Sys=0.00s Real=0.06s
[2025-01-08T00:47:11.466+0000][102101.832s][info][gc,start    ] GC(4088) Pause Young (Normal) (G1 Evacuation Pause)
[2025-01-08T00:47:11.466+0000][102101.832s][info][gc,task     ] GC(4088) Using 6 workers of 6 for evacuation
[2025-01-08T00:47:11.489+0000][102101.855s][info][gc,phases   ] GC(4088)   Pre Evacuate Collection Set: 0.2ms
[2025-01-08T00:47:11.489+0000][102101.855s][info][gc,phases   ] GC(4088)   Merge Heap Roots: 0.4ms
[2025-01-08T00:47:11.489+0000][102101.855s][info][gc,phases   ] GC(4088)   Evacuate Collection Set: 18.5ms
[2025-01-08T00:47:11.489+0000][102101.855s][info][gc,phases   ] GC(4088)   Post Evacuate Collection Set: 3.8ms
[2025-01-08T00:47:11.489+0000][102101.855s][info][gc,phases   ] GC(4088)   Other: 0.2ms
[2025-01-08T00:47:11.489+0000][102101.855s][info][gc,heap     ] GC(4088) Eden regions: 909->0(907)
[2025-01-08T00:47:11.489+0000][102101.855s][info][gc,heap     ] GC(4088) Survivor regions: 3->5(114)
[2025-01-08T00:47:11.489+0000][102101.855s][info][gc,heap     ] GC(4088) Old regions: 252->252
[2025-01-08T00:47:11.489+0000][102101.855s][info][gc,heap     ] GC(4088) Archive regions: 2->2
[2025-01-08T00:47:11.489+0000][102101.855s][info][gc,heap     ] GC(4088) Humongous regions: 49->49
[2025-01-08T00:47:11.489+0000][102101.855s][info][gc,metaspace] GC(4088) Metaspace: 506167K(515008K)->506167K(515008K) NonClass: 444561K(449024K)->444561K(449024K) Class: 61606K(65984K)->61606K(65984K)
[2025-01-08T00:47:11.489+0000][102101.855s][info][gc          ] GC(4088) Pause Young (Normal) (G1 Evacuation Pause) 9706M->2453M(12288M) 23.209ms
[2025-01-08T00:47:11.489+0000][102101.855s][info][gc,cpu      ] GC(4088) User=0.13s Sys=0.00s Real=0.02s
[2025-01-08T00:47:18.769+0000][102109.135s][info][gc,start    ] GC(4089) Pause Young (Normal) (G1 Evacuation Pause)
[2025-01-08T00:47:18.769+0000][102109.136s][info][gc,task     ] GC(4089) Using 6 workers of 6 for evacuation
[2025-01-08T00:47:18.796+0000][102109.162s][info][gc,phases   ] GC(4089)   Pre Evacuate Collection Set: 0.2ms
[2025-01-08T00:47:18.796+0000][102109.162s][info][gc,phases   ] GC(4089)   Merge Heap Roots: 0.4ms
[2025-01-08T00:47:18.796+0000][102109.162s][info][gc,phases   ] GC(4089)   Evacuate Collection Set: 23.4ms
[2025-01-08T00:47:18.796+0000][102109.162s][info][gc,phases   ] GC(4089)   Post Evacuate Collection Set: 2.5ms
[2025-01-08T00:47:18.796+0000][102109.162s][info][gc,phases   ] GC(4089)   Other: 0.2ms
[2025-01-08T00:47:18.796+0000][102109.162s][info][gc,heap     ] GC(4089) Eden regions: 907->0(906)
[2025-01-08T00:47:18.796+0000][102109.162s][info][gc,heap     ] GC(4089) Survivor regions: 5->6(114)
[2025-01-08T00:47:18.796+0000][102109.162s][info][gc,heap     ] GC(4089) Old regions: 252->252
[2025-01-08T00:47:18.796+0000][102109.162s][info][gc,heap     ] GC(4089) Archive regions: 2->2
[2025-01-08T00:47:18.796+0000][102109.162s][info][gc,heap     ] GC(4089) Humongous regions: 49->49
[2025-01-08T00:47:18.796+0000][102109.162s][info][gc,metaspace] GC(4089) Metaspace: 506167K(515008K)->506167K(515008K) NonClass: 444561K(449024K)->444561K(449024K) Class: 61606K(65984K)->61606K(65984K)
[2025-01-08T00:47:18.796+0000][102109.162s][info][gc          ] GC(4089) Pause Young (Normal) (G1 Evacuation Pause) 9709M->2461M(12288M) 26.747ms
[2025-01-08T00:47:18.796+0000][102109.162s][info][gc,cpu      ] GC(4089) User=0.14s Sys=0.01s Real=0.03s
[2025-01-08T00:47:26.709+0000][102117.075s][info][gc,start    ] GC(4090) Pause Young (Concurrent Start) (G1 Evacuation Pause)
[2025-01-08T00:47:26.709+0000][102117.075s][info][gc,task     ] GC(4090) Using 6 workers of 6 for evacuation
[2025-01-08T00:47:26.740+0000][102117.107s][info][gc,phases   ] GC(4090)   Pre Evacuate Collection Set: 1.1ms
[2025-01-08T00:47:26.741+0000][102117.107s][info][gc,phases   ] GC(4090)   Merge Heap Roots: 0.5ms
[2025-01-08T00:47:26.741+0000][102117.107s][info][gc,phases   ] GC(4090)   Evacuate Collection Set: 27.2ms
[2025-01-08T00:47:26.741+0000][102117.107s][info][gc,phases   ] GC(4090)   Post Evacuate Collection Set: 2.5ms
[2025-01-08T00:47:26.741+0000][102117.107s][info][gc,phases   ] GC(4090)   Other: 0.3ms
[2025-01-08T00:47:26.741+0000][102117.107s][info][gc,heap     ] GC(4090) Eden regions: 906->0(904)
[2025-01-08T00:47:26.741+0000][102117.107s][info][gc,heap     ] GC(4090) Survivor regions: 6->7(114)
[2025-01-08T00:47:26.741+0000][102117.107s][info][gc,heap     ] GC(4090) Old regions: 252->252
[2025-01-08T00:47:26.741+0000][102117.107s][info][gc,heap     ] GC(4090) Archive regions: 2->2
[2025-01-08T00:47:26.741+0000][102117.107s][info][gc,heap     ] GC(4090) Humongous regions: 49->49
[2025-01-08T00:47:26.741+0000][102117.107s][info][gc,metaspace] GC(4090) Metaspace: 506167K(515008K)->506167K(515008K) NonClass: 444561K(449024K)->444561K(449024K) Class: 61606K(65984K)->61606K(65984K)
[2025-01-08T00:47:26.741+0000][102117.107s][info][gc          ] GC(4090) Pause Young (Concurrent Start) (G1 Evacuation Pause) 9709M->2468M(12288M) 31.731ms
[2025-01-08T00:47:26.741+0000][102117.107s][info][gc,cpu      ] GC(4090) User=0.18s Sys=0.00s Real=0.03s
[2025-01-08T00:47:26.741+0000][102117.107s][info][gc          ] GC(4091) Concurrent Mark Cycle
[2025-01-08T00:47:26.741+0000][102117.107s][info][gc,marking  ] GC(4091) Concurrent Clear Claimed Marks
[2025-01-08T00:47:26.742+0000][102117.108s][info][gc,marking  ] GC(4091) Concurrent Clear Claimed Marks 0.873ms
[2025-01-08T00:47:26.742+0000][102117.108s][info][gc,marking  ] GC(4091) Concurrent Scan Root Regions
[2025-01-08T00:47:26.763+0000][102117.130s][info][gc,marking  ] GC(4091) Concurrent Scan Root Regions 21.813ms
[2025-01-08T00:47:26.763+0000][102117.130s][info][gc,marking  ] GC(4091) Concurrent Mark
[2025-01-08T00:47:26.763+0000][102117.130s][info][gc,marking  ] GC(4091) Concurrent Mark From Roots
[2025-01-08T00:47:26.763+0000][102117.130s][info][gc,task     ] GC(4091) Using 2 workers of 2 for marking
[2025-01-08T00:47:27.901+0000][102118.267s][info][gc,marking  ] GC(4091) Concurrent Mark From Roots 1137.760ms
[2025-01-08T00:47:27.901+0000][102118.267s][info][gc,marking  ] GC(4091) Concurrent Preclean
[2025-01-08T00:47:27.903+0000][102118.269s][info][gc,marking  ] GC(4091) Concurrent Preclean 2.107ms
[2025-01-08T00:47:27.903+0000][102118.270s][info][gc,start    ] GC(4091) Pause Remark
[2025-01-08T00:47:27.930+0000][102118.296s][info][gc          ] GC(4091) Pause Remark 3820M->3820M(12288M) 26.053ms
[2025-01-08T00:47:27.930+0000][102118.296s][info][gc,cpu      ] GC(4091) User=0.15s Sys=0.00s Real=0.03s
[2025-01-08T00:47:27.930+0000][102118.296s][info][gc,marking  ] GC(4091) Concurrent Mark 1166.310ms
[2025-01-08T00:47:27.930+0000][102118.296s][info][gc,marking  ] GC(4091) Concurrent Rebuild Remembered Sets
[2025-01-08T00:47:28.526+0000][102118.892s][info][gc,marking  ] GC(4091) Concurrent Rebuild Remembered Sets 595.970ms
[2025-01-08T00:47:28.526+0000][102118.892s][info][gc,start    ] GC(4091) Pause Cleanup
[2025-01-08T00:47:28.526+0000][102118.892s][info][gc          ] GC(4091) Pause Cleanup 4212M->4212M(12288M) 0.399ms
[2025-01-08T00:47:28.526+0000][102118.892s][info][gc,cpu      ] GC(4091) User=0.00s Sys=0.00s Real=0.00s
[2025-01-08T00:47:28.526+0000][102118.892s][info][gc,marking  ] GC(4091) Concurrent Cleanup for Next Mark
[2025-01-08T00:47:28.542+0000][102118.908s][info][gc,marking  ] GC(4091) Concurrent Cleanup for Next Mark 15.357ms
[2025-01-08T00:47:28.542+0000][102118.908s][info][gc          ] GC(4091) Concurrent Mark Cycle 1801.133ms
[2025-01-08T00:47:34.038+0000][102124.404s][info][gc,start    ] GC(4092) Pause Young (Prepare Mixed) (G1 Evacuation Pause)
[2025-01-08T00:47:34.038+0000][102124.404s][info][gc,task     ] GC(4092) Using 6 workers of 6 for evacuation
[2025-01-08T00:47:34.071+0000][102124.437s][info][gc,phases   ] GC(4092)   Pre Evacuate Collection Set: 0.2ms
[2025-01-08T00:47:34.071+0000][102124.437s][info][gc,phases   ] GC(4092)   Merge Heap Roots: 0.7ms
[2025-01-08T00:47:34.071+0000][102124.437s][info][gc,phases   ] GC(4092)   Evacuate Collection Set: 29.4ms
[2025-01-08T00:47:34.071+0000][102124.437s][info][gc,phases   ] GC(4092)   Post Evacuate Collection Set: 2.7ms
[2025-01-08T00:47:34.071+0000][102124.437s][info][gc,phases   ] GC(4092)   Other: 0.2ms
[2025-01-08T00:47:34.071+0000][102124.437s][info][gc,heap     ] GC(4092) Eden regions: 904->0(68)
[2025-01-08T00:47:34.071+0000][102124.437s][info][gc,heap     ] GC(4092) Survivor regions: 7->8(114)
[2025-01-08T00:47:34.071+0000][102124.437s][info][gc,heap     ] GC(4092) Old regions: 252->252
[2025-01-08T00:47:34.071+0000][102124.437s][info][gc,heap     ] GC(4092) Archive regions: 2->2
[2025-01-08T00:47:34.071+0000][102124.437s][info][gc,heap     ] GC(4092) Humongous regions: 49->49
[2025-01-08T00:47:34.071+0000][102124.437s][info][gc,metaspace] GC(4092) Metaspace: 506167K(515008K)->506167K(515008K) NonClass: 444561K(449024K)->444561K(449024K) Class: 61606K(65984K)->61606K(65984K)
[2025-01-08T00:47:34.071+0000][102124.437s][info][gc          ] GC(4092) Pause Young (Prepare Mixed) (G1 Evacuation Pause) 9700M->2473M(12288M) 33.295ms
[2025-01-08T00:47:34.071+0000][102124.437s][info][gc,cpu      ] GC(4092) User=0.19s Sys=0.00s Real=0.04s
[2025-01-08T00:47:34.380+0000][102124.746s][info][gc,start    ] GC(4093) Pause Young (Mixed) (G1 Evacuation Pause)
[2025-01-08T00:47:34.380+0000][102124.746s][info][gc,task     ] GC(4093) Using 6 workers of 6 for evacuation
[2025-01-08T00:47:34.441+0000][102124.807s][info][gc,phases   ] GC(4093)   Pre Evacuate Collection Set: 0.2ms
[2025-01-08T00:47:34.441+0000][102124.807s][info][gc,phases   ] GC(4093)   Merge Heap Roots: 0.8ms
[2025-01-08T00:47:34.441+0000][102124.807s][info][gc,phases   ] GC(4093)   Evacuate Collection Set: 58.1ms
[2025-01-08T00:47:34.441+0000][102124.807s][info][gc,phases   ] GC(4093)   Post Evacuate Collection Set: 1.8ms
[2025-01-08T00:47:34.441+0000][102124.807s][info][gc,phases   ] GC(4093)   Other: 0.2ms
[2025-01-08T00:47:34.441+0000][102124.807s][info][gc,heap     ] GC(4093) Eden regions: 68->0(907)
[2025-01-08T00:47:34.441+0000][102124.807s][info][gc,heap     ] GC(4093) Survivor regions: 8->6(10)
[2025-01-08T00:47:34.441+0000][102124.807s][info][gc,heap     ] GC(4093) Old regions: 252->251
[2025-01-08T00:47:34.441+0000][102124.807s][info][gc,heap     ] GC(4093) Archive regions: 2->2
[2025-01-08T00:47:34.441+0000][102124.807s][info][gc,heap     ] GC(4093) Humongous regions: 49->49
[2025-01-08T00:47:34.441+0000][102124.807s][info][gc,metaspace] GC(4093) Metaspace: 506167K(515008K)->506167K(515008K) NonClass: 444561K(449024K)->444561K(449024K) Class: 61606K(65984K)->61606K(65984K)
[2025-01-08T00:47:34.441+0000][102124.807s][info][gc          ] GC(4093) Pause Young (Mixed) (G1 Evacuation Pause) 3017M->2452M(12288M) 61.222ms
[2025-01-08T00:47:34.441+0000][102124.807s][info][gc,cpu      ] GC(4093) User=0.36s Sys=0.00s Real=0.06s
[2025-01-08T00:47:41.255+0000][102131.622s][info][gc,start    ] GC(4094) Pause Young (Normal) (G1 Evacuation Pause)
[2025-01-08T00:47:41.256+0000][102131.622s][info][gc,task     ] GC(4094) Using 6 workers of 6 for evacuation
[2025-01-08T00:47:41.282+0000][102131.648s][info][gc,phases   ] GC(4094)   Pre Evacuate Collection Set: 0.2ms
[2025-01-08T00:47:41.282+0000][102131.648s][info][gc,phases   ] GC(4094)   Merge Heap Roots: 0.5ms
[2025-01-08T00:47:41.282+0000][102131.648s][info][gc,phases   ] GC(4094)   Evacuate Collection Set: 23.4ms
[2025-01-08T00:47:41.282+0000][102131.648s][info][gc,phases   ] GC(4094)   Post Evacuate Collection Set: 2.5ms
[2025-01-08T00:47:41.282+0000][102131.648s][info][gc,phases   ] GC(4094)   Other: 0.2ms
[2025-01-08T00:47:41.282+0000][102131.648s][info][gc,heap     ] GC(4094) Eden regions: 907->0(908)
[2025-01-08T00:47:41.282+0000][102131.648s][info][gc,heap     ] GC(4094) Survivor regions: 6->6(115)
[2025-01-08T00:47:41.282+0000][102131.648s][info][gc,heap     ] GC(4094) Old regions: 251->251
[2025-01-08T00:47:41.282+0000][102131.648s][info][gc,heap     ] GC(4094) Archive regions: 2->2
[2025-01-08T00:47:41.282+0000][102131.648s][info][gc,heap     ] GC(4094) Humongous regions: 49->49
[2025-01-08T00:47:41.282+0000][102131.648s][info][gc,metaspace] GC(4094) Metaspace: 506167K(515008K)->506167K(515008K) NonClass: 444561K(449024K)->444561K(449024K) Class: 61606K(65984K)->61606K(65984K)
[2025-01-08T00:47:41.282+0000][102131.648s][info][gc          ] GC(4094) Pause Young (Normal) (G1 Evacuation Pause) 9708M->2451M(12288M) 26.906ms
[2025-01-08T00:47:41.282+0000][102131.649s][info][gc,cpu      ] GC(4094) User=0.16s Sys=0.00s Real=0.03s
[2025-01-08T00:47:50.172+0000][102140.538s][info][gc,start    ] GC(4095) Pause Young (Normal) (G1 Evacuation Pause)
[2025-01-08T00:47:50.172+0000][102140.538s][info][gc,task     ] GC(4095) Using 6 workers of 6 for evacuation
[2025-01-08T00:47:50.203+0000][102140.569s][info][gc,phases   ] GC(4095)   Pre Evacuate Collection Set: 0.2ms
[2025-01-08T00:47:50.203+0000][102140.569s][info][gc,phases   ] GC(4095)   Merge Heap Roots: 0.5ms
[2025-01-08T00:47:50.203+0000][102140.569s][info][gc,phases   ] GC(4095)   Evacuate Collection Set: 27.4ms
[2025-01-08T00:47:50.203+0000][102140.569s][info][gc,phases   ] GC(4095)   Post Evacuate Collection Set: 3.3ms
[2025-01-08T00:47:50.203+0000][102140.569s][info][gc,phases   ] GC(4095)   Other: 0.2ms
[2025-01-08T00:47:50.203+0000][102140.569s][info][gc,heap     ] GC(4095) Eden regions: 908->0(901)
[2025-01-08T00:47:50.203+0000][102140.569s][info][gc,heap     ] GC(4095) Survivor regions: 6->10(115)
[2025-01-08T00:47:50.203+0000][102140.569s][info][gc,heap     ] GC(4095) Old regions: 251->251
[2025-01-08T00:47:50.203+0000][102140.569s][info][gc,heap     ] GC(4095) Archive regions: 2->2
[2025-01-08T00:47:50.203+0000][102140.569s][info][gc,heap     ] GC(4095) Humongous regions: 49->49
[2025-01-08T00:47:50.203+0000][102140.569s][info][gc,metaspace] GC(4095) Metaspace: 506167K(515008K)->506167K(515008K) NonClass: 444561K(449024K)->444561K(449024K) Class: 61606K(65984K)->61606K(65984K)
[2025-01-08T00:47:50.203+0000][102140.569s][info][gc          ] GC(4095) Pause Young (Normal) (G1 Evacuation Pause) 9715M->2479M(12288M) 31.585ms
[2025-01-08T00:47:50.203+0000][102140.569s][info][gc,cpu      ] GC(4095) User=0.18s Sys=0.00s Real=0.03s
[2025-01-08T00:47:57.201+0000][102147.567s][info][gc,start    ] GC(4096) Pause Young (Concurrent Start) (G1 Evacuation Pause)
[2025-01-08T00:47:57.201+0000][102147.567s][info][gc,task     ] GC(4096) Using 6 workers of 6 for evacuation
[2025-01-08T00:47:57.238+0000][102147.604s][info][gc,phases   ] GC(4096)   Pre Evacuate Collection Set: 1.1ms
[2025-01-08T00:47:57.238+0000][102147.604s][info][gc,phases   ] GC(4096)   Merge Heap Roots: 0.5ms
[2025-01-08T00:47:57.238+0000][102147.604s][info][gc,phases   ] GC(4096)   Evacuate Collection Set: 30.4ms
[2025-01-08T00:47:57.238+0000][102147.604s][info][gc,phases   ] GC(4096)   Post Evacuate Collection Set: 4.5ms
[2025-01-08T00:47:57.238+0000][102147.604s][info][gc,phases   ] GC(4096)   Other: 0.3ms
[2025-01-08T00:47:57.238+0000][102147.604s][info][gc,heap     ] GC(4096) Eden regions: 901->0(902)
[2025-01-08T00:47:57.238+0000][102147.604s][info][gc,heap     ] GC(4096) Survivor regions: 10->9(114)
[2025-01-08T00:47:57.238+0000][102147.604s][info][gc,heap     ] GC(4096) Old regions: 251->251
[2025-01-08T00:47:57.238+0000][102147.604s][info][gc,heap     ] GC(4096) Archive regions: 2->2
[2025-01-08T00:47:57.238+0000][102147.604s][info][gc,heap     ] GC(4096) Humongous regions: 49->49
[2025-01-08T00:47:57.238+0000][102147.604s][info][gc,metaspace] GC(4096) Metaspace: 506167K(515008K)->506167K(515008K) NonClass: 444561K(449024K)->444561K(449024K) Class: 61606K(65984K)->61606K(65984K)
[2025-01-08T00:47:57.238+0000][102147.604s][info][gc          ] GC(4096) Pause Young (Concurrent Start) (G1 Evacuation Pause) 9687M->2476M(12288M) 36.895ms
[2025-01-08T00:47:57.238+0000][102147.604s][info][gc,cpu      ] GC(4096) User=0.20s Sys=0.01s Real=0.04s
[2025-01-08T00:47:57.238+0000][102147.604s][info][gc          ] GC(4097) Concurrent Mark Cycle
[2025-01-08T00:47:57.238+0000][102147.604s][info][gc,marking  ] GC(4097) Concurrent Clear Claimed Marks
[2025-01-08T00:47:57.239+0000][102147.605s][info][gc,marking  ] GC(4097) Concurrent Clear Claimed Marks 0.901ms
[2025-01-08T00:47:57.239+0000][102147.605s][info][gc,marking  ] GC(4097) Concurrent Scan Root Regions
[2025-01-08T00:47:57.272+0000][102147.639s][info][gc,marking  ] GC(4097) Concurrent Scan Root Regions 33.695ms
[2025-01-08T00:47:57.272+0000][102147.639s][info][gc,marking  ] GC(4097) Concurrent Mark
[2025-01-08T00:47:57.272+0000][102147.639s][info][gc,marking  ] GC(4097) Concurrent Mark From Roots
[2025-01-08T00:47:57.272+0000][102147.639s][info][gc,task     ] GC(4097) Using 2 workers of 2 for marking
[2025-01-08T00:47:58.346+0000][102148.712s][info][gc,marking  ] GC(4097) Concurrent Mark From Roots 1073.507ms
[2025-01-08T00:47:58.346+0000][102148.712s][info][gc,marking  ] GC(4097) Concurrent Preclean
[2025-01-08T00:47:58.348+0000][102148.714s][info][gc,marking  ] GC(4097) Concurrent Preclean 1.990ms
[2025-01-08T00:47:58.348+0000][102148.714s][info][gc,start    ] GC(4097) Pause Remark
[2025-01-08T00:47:58.375+0000][102148.741s][info][gc          ] GC(4097) Pause Remark 3772M->3772M(12288M) 26.671ms
[2025-01-08T00:47:58.375+0000][102148.741s][info][gc,cpu      ] GC(4097) User=0.15s Sys=0.00s Real=0.03s
[2025-01-08T00:47:58.375+0000][102148.741s][info][gc,marking  ] GC(4097) Concurrent Mark 1102.533ms
[2025-01-08T00:47:58.375+0000][102148.741s][info][gc,marking  ] GC(4097) Concurrent Rebuild Remembered Sets
[2025-01-08T00:47:58.952+0000][102149.318s][info][gc,marking  ] GC(4097) Concurrent Rebuild Remembered Sets 577.182ms
[2025-01-08T00:47:58.952+0000][102149.318s][info][gc,start    ] GC(4097) Pause Cleanup
[2025-01-08T00:47:58.953+0000][102149.319s][info][gc          ] GC(4097) Pause Cleanup 4388M->4388M(12288M) 0.480ms
[2025-01-08T00:47:58.953+0000][102149.319s][info][gc,cpu      ] GC(4097) User=0.00s Sys=0.00s Real=0.00s
[2025-01-08T00:47:58.953+0000][102149.319s][info][gc,marking  ] GC(4097) Concurrent Cleanup for Next Mark
[2025-01-08T00:47:58.969+0000][102149.335s][info][gc,marking  ] GC(4097) Concurrent Cleanup for Next Mark 15.900ms
[2025-01-08T00:47:58.969+0000][102149.335s][info][gc          ] GC(4097) Concurrent Mark Cycle 1731.078ms
[2025-01-08T00:48:04.351+0000][102154.717s][info][gc,start    ] GC(4098) Pause Young (Prepare Mixed) (G1 Evacuation Pause)
[2025-01-08T00:48:04.351+0000][102154.717s][info][gc,task     ] GC(4098) Using 6 workers of 6 for evacuation
[2025-01-08T00:48:04.390+0000][102154.757s][info][gc,phases   ] GC(4098)   Pre Evacuate Collection Set: 0.2ms
[2025-01-08T00:48:04.390+0000][102154.757s][info][gc,phases   ] GC(4098)   Merge Heap Roots: 0.8ms
[2025-01-08T00:48:04.390+0000][102154.757s][info][gc,phases   ] GC(4098)   Evacuate Collection Set: 35.8ms
[2025-01-08T00:48:04.390+0000][102154.757s][info][gc,phases   ] GC(4098)   Post Evacuate Collection Set: 2.7ms
[2025-01-08T00:48:04.390+0000][102154.757s][info][gc,phases   ] GC(4098)   Other: 0.2ms
[2025-01-08T00:48:04.390+0000][102154.757s][info][gc,heap     ] GC(4098) Eden regions: 902->0(66)
[2025-01-08T00:48:04.390+0000][102154.757s][info][gc,heap     ] GC(4098) Survivor regions: 9->10(114)
[2025-01-08T00:48:04.391+0000][102154.757s][info][gc,heap     ] GC(4098) Old regions: 251->251
[2025-01-08T00:48:04.391+0000][102154.757s][info][gc,heap     ] GC(4098) Archive regions: 2->2
[2025-01-08T00:48:04.391+0000][102154.757s][info][gc,heap     ] GC(4098) Humongous regions: 49->49
[2025-01-08T00:48:04.391+0000][102154.757s][info][gc,metaspace] GC(4098) Metaspace: 506167K(515008K)->506167K(515008K) NonClass: 444561K(449024K)->444561K(449024K) Class: 61606K(65984K)->61606K(65984K)
[2025-01-08T00:48:04.391+0000][102154.757s][info][gc          ] GC(4098) Pause Young (Prepare Mixed) (G1 Evacuation Pause) 9692M->2485M(12288M) 39.780ms
[2025-01-08T00:48:04.391+0000][102154.757s][info][gc,cpu      ] GC(4098) User=0.23s Sys=0.00s Real=0.04s
[2025-01-08T00:48:04.961+0000][102155.327s][info][gc,start    ] GC(4099) Pause Young (Mixed) (G1 Evacuation Pause)
[2025-01-08T00:48:04.961+0000][102155.327s][info][gc,task     ] GC(4099) Using 6 workers of 6 for evacuation
[2025-01-08T00:48:05.006+0000][102155.372s][info][gc,phases   ] GC(4099)   Pre Evacuate Collection Set: 0.2ms
[2025-01-08T00:48:05.006+0000][102155.372s][info][gc,phases   ] GC(4099)   Merge Heap Roots: 0.5ms
[2025-01-08T00:48:05.006+0000][102155.372s][info][gc,phases   ] GC(4099)   Evacuate Collection Set: 42.8ms
[2025-01-08T00:48:05.006+0000][102155.372s][info][gc,phases   ] GC(4099)   Post Evacuate Collection Set: 1.4ms
[2025-01-08T00:48:05.006+0000][102155.372s][info][gc,phases   ] GC(4099)   Other: 0.2ms
[2025-01-08T00:48:05.006+0000][102155.372s][info][gc,heap     ] GC(4099) Eden regions: 66->0(911)
[2025-01-08T00:48:05.006+0000][102155.372s][info][gc,heap     ] GC(4099) Survivor regions: 10->3(10)
[2025-01-08T00:48:05.006+0000][102155.372s][info][gc,heap     ] GC(4099) Old regions: 251->249
[2025-01-08T00:48:05.006+0000][102155.372s][info][gc,heap     ] GC(4099) Archive regions: 2->2
[2025-01-08T00:48:05.006+0000][102155.372s][info][gc,heap     ] GC(4099) Humongous regions: 49->49
[2025-01-08T00:48:05.006+0000][102155.372s][info][gc,metaspace] GC(4099) Metaspace: 506167K(515008K)->506167K(515008K) NonClass: 444561K(449024K)->444561K(449024K) Class: 61606K(65984K)->61606K(65984K)
[2025-01-08T00:48:05.006+0000][102155.372s][info][gc          ] GC(4099) Pause Young (Mixed) (G1 Evacuation Pause) 3013M->2406M(12288M) 45.116ms
[2025-01-08T00:48:05.006+0000][102155.372s][info][gc,cpu      ] GC(4099) User=0.26s Sys=0.00s Real=0.05s
[2025-01-08T00:48:10.270+0000][102160.636s][info][gc,start    ] GC(4100) Pause Young (Normal) (G1 Evacuation Pause)
[2025-01-08T00:48:10.270+0000][102160.636s][info][gc,task     ] GC(4100) Using 6 workers of 6 for evacuation
[2025-01-08T00:48:10.294+0000][102160.660s][info][gc,phases   ] GC(4100)   Pre Evacuate Collection Set: 0.2ms
[2025-01-08T00:48:10.294+0000][102160.661s][info][gc,phases   ] GC(4100)   Merge Heap Roots: 0.4ms
[2025-01-08T00:48:10.294+0000][102160.661s][info][gc,phases   ] GC(4100)   Evacuate Collection Set: 19.7ms
[2025-01-08T00:48:10.294+0000][102160.661s][info][gc,phases   ] GC(4100)   Post Evacuate Collection Set: 3.8ms
[2025-01-08T00:48:10.294+0000][102160.661s][info][gc,phases   ] GC(4100)   Other: 0.2ms
[2025-01-08T00:48:10.294+0000][102160.661s][info][gc,heap     ] GC(4100) Eden regions: 911->0(908)
[2025-01-08T00:48:10.294+0000][102160.661s][info][gc,heap     ] GC(4100) Survivor regions: 3->6(115)
[2025-01-08T00:48:10.294+0000][102160.661s][info][gc,heap     ] GC(4100) Old regions: 249->249
[2025-01-08T00:48:10.294+0000][102160.661s][info][gc,heap     ] GC(4100) Archive regions: 2->2
[2025-01-08T00:48:10.294+0000][102160.661s][info][gc,heap     ] GC(4100) Humongous regions: 49->49
[2025-01-08T00:48:10.294+0000][102160.661s][info][gc,metaspace] GC(4100) Metaspace: 506168K(515008K)->506168K(515008K) NonClass: 444561K(449024K)->444561K(449024K) Class: 61606K(65984K)->61606K(65984K)
[2025-01-08T00:48:10.294+0000][102160.661s][info][gc          ] GC(4100) Pause Young (Normal) (G1 Evacuation Pause) 9694M->2425M(12288M) 24.384ms
[2025-01-08T00:48:10.295+0000][102160.661s][info][gc,cpu      ] GC(4100) User=0.15s Sys=0.00s Real=0.02s
[2025-01-08T00:48:15.337+0000][102165.703s][info][gc,start    ] GC(4101) Pause Young (Normal) (G1 Evacuation Pause)
[2025-01-08T00:48:15.337+0000][102165.703s][info][gc,task     ] GC(4101) Using 6 workers of 6 for evacuation
[2025-01-08T00:48:15.362+0000][102165.728s][info][gc,phases   ] GC(4101)   Pre Evacuate Collection Set: 0.2ms
[2025-01-08T00:48:15.362+0000][102165.728s][info][gc,phases   ] GC(4101)   Merge Heap Roots: 0.4ms
[2025-01-08T00:48:15.362+0000][102165.728s][info][gc,phases   ] GC(4101)   Evacuate Collection Set: 22.2ms
[2025-01-08T00:48:15.362+0000][102165.728s][info][gc,phases   ] GC(4101)   Post Evacuate Collection Set: 2.5ms
[2025-01-08T00:48:15.362+0000][102165.729s][info][gc,phases   ] GC(4101)   Other: 0.2ms
[2025-01-08T00:48:15.362+0000][102165.729s][info][gc,heap     ] GC(4101) Eden regions: 908->0(908)
[2025-01-08T00:48:15.362+0000][102165.729s][info][gc,heap     ] GC(4101) Survivor regions: 6->6(115)
[2025-01-08T00:48:15.362+0000][102165.729s][info][gc,heap     ] GC(4101) Old regions: 249->249
[2025-01-08T00:48:15.362+0000][102165.729s][info][gc,heap     ] GC(4101) Archive regions: 2->2
[2025-01-08T00:48:15.362+0000][102165.729s][info][gc,heap     ] GC(4101) Humongous regions: 49->49
[2025-01-08T00:48:15.362+0000][102165.729s][info][gc,metaspace] GC(4101) Metaspace: 506169K(515008K)->506169K(515008K) NonClass: 444563K(449024K)->444563K(449024K) Class: 61606K(65984K)->61606K(65984K)
[2025-01-08T00:48:15.362+0000][102165.729s][info][gc          ] GC(4101) Pause Young (Normal) (G1 Evacuation Pause) 9689M->2430M(12288M) 25.604ms
[2025-01-08T00:48:15.363+0000][102165.729s][info][gc,cpu      ] GC(4101) User=0.15s Sys=0.00s Real=0.03s
[2025-01-08T00:48:21.127+0000][102171.493s][info][gc,start    ] GC(4102) Pause Young (Concurrent Start) (G1 Evacuation Pause)
[2025-01-08T00:48:21.127+0000][102171.493s][info][gc,task     ] GC(4102) Using 6 workers of 6 for evacuation
[2025-01-08T00:48:21.157+0000][102171.524s][info][gc,phases   ] GC(4102)   Pre Evacuate Collection Set: 1.1ms
[2025-01-08T00:48:21.158+0000][102171.524s][info][gc,phases   ] GC(4102)   Merge Heap Roots: 0.4ms
[2025-01-08T00:48:21.158+0000][102171.524s][info][gc,phases   ] GC(4102)   Evacuate Collection Set: 26.6ms
[2025-01-08T00:48:21.158+0000][102171.524s][info][gc,phases   ] GC(4102)   Post Evacuate Collection Set: 2.4ms
[2025-01-08T00:48:21.158+0000][102171.524s][info][gc,phases   ] GC(4102)   Other: 0.3ms
[2025-01-08T00:48:21.158+0000][102171.524s][info][gc,heap     ] GC(4102) Eden regions: 908->0(908)
[2025-01-08T00:48:21.158+0000][102171.524s][info][gc,heap     ] GC(4102) Survivor regions: 6->7(115)
[2025-01-08T00:48:21.158+0000][102171.524s][info][gc,heap     ] GC(4102) Old regions: 249->249
[2025-01-08T00:48:21.158+0000][102171.524s][info][gc,heap     ] GC(4102) Archive regions: 2->2
[2025-01-08T00:48:21.158+0000][102171.524s][info][gc,heap     ] GC(4102) Humongous regions: 49->49
[2025-01-08T00:48:21.158+0000][102171.524s][info][gc,metaspace] GC(4102) Metaspace: 506169K(515008K)->506169K(515008K) NonClass: 444563K(449024K)->444563K(449024K) Class: 61606K(65984K)->61606K(65984K)
[2025-01-08T00:48:21.158+0000][102171.524s][info][gc          ] GC(4102) Pause Young (Concurrent Start) (G1 Evacuation Pause) 9694M->2439M(12288M) 30.953ms
[2025-01-08T00:48:21.158+0000][102171.524s][info][gc,cpu      ] GC(4102) User=0.18s Sys=0.00s Real=0.03s
[2025-01-08T00:48:21.158+0000][102171.524s][info][gc          ] GC(4103) Concurrent Mark Cycle
[2025-01-08T00:48:21.158+0000][102171.524s][info][gc,marking  ] GC(4103) Concurrent Clear Claimed Marks
[2025-01-08T00:48:21.159+0000][102171.525s][info][gc,marking  ] GC(4103) Concurrent Clear Claimed Marks 0.964ms
[2025-01-08T00:48:21.159+0000][102171.525s][info][gc,marking  ] GC(4103) Concurrent Scan Root Regions
[2025-01-08T00:48:21.189+0000][102171.555s][info][gc,marking  ] GC(4103) Concurrent Scan Root Regions 30.673ms
[2025-01-08T00:48:21.189+0000][102171.556s][info][gc,marking  ] GC(4103) Concurrent Mark
[2025-01-08T00:48:21.189+0000][102171.556s][info][gc,marking  ] GC(4103) Concurrent Mark From Roots
[2025-01-08T00:48:21.189+0000][102171.556s][info][gc,task     ] GC(4103) Using 2 workers of 2 for marking
[2025-01-08T00:48:22.407+0000][102172.773s][info][gc,marking  ] GC(4103) Concurrent Mark From Roots 1217.704ms
[2025-01-08T00:48:22.407+0000][102172.773s][info][gc,marking  ] GC(4103) Concurrent Preclean
[2025-01-08T00:48:22.409+0000][102172.775s][info][gc,marking  ] GC(4103) Concurrent Preclean 1.967ms
[2025-01-08T00:48:22.409+0000][102172.775s][info][gc,start    ] GC(4103) Pause Remark
[2025-01-08T00:48:22.436+0000][102172.802s][info][gc          ] GC(4103) Pause Remark 4166M->4166M(12288M) 26.583ms
[2025-01-08T00:48:22.436+0000][102172.802s][info][gc,cpu      ] GC(4103) User=0.15s Sys=0.00s Real=0.03s
[2025-01-08T00:48:22.436+0000][102172.802s][info][gc,marking  ] GC(4103) Concurrent Mark 1246.615ms
[2025-01-08T00:48:22.436+0000][102172.802s][info][gc,marking  ] GC(4103) Concurrent Rebuild Remembered Sets
[2025-01-08T00:48:23.012+0000][102173.379s][info][gc,marking  ] GC(4103) Concurrent Rebuild Remembered Sets 576.444ms
[2025-01-08T00:48:23.013+0000][102173.379s][info][gc,start    ] GC(4103) Pause Cleanup
[2025-01-08T00:48:23.013+0000][102173.379s][info][gc          ] GC(4103) Pause Cleanup 4671M->4671M(12288M) 0.445ms
[2025-01-08T00:48:23.013+0000][102173.379s][info][gc,cpu      ] GC(4103) User=0.00s Sys=0.00s Real=0.00s
[2025-01-08T00:48:23.013+0000][102173.379s][info][gc,marking  ] GC(4103) Concurrent Cleanup for Next Mark
[2025-01-08T00:48:23.029+0000][102173.395s][info][gc,marking  ] GC(4103) Concurrent Cleanup for Next Mark 15.456ms
[2025-01-08T00:48:23.029+0000][102173.395s][info][gc          ] GC(4103) Concurrent Mark Cycle 1871.009ms
[2025-01-08T00:48:28.125+0000][102178.491s][info][gc,start    ] GC(4104) Pause Young (Prepare Mixed) (G1 Evacuation Pause)
[2025-01-08T00:48:28.125+0000][102178.491s][info][gc,task     ] GC(4104) Using 6 workers of 6 for evacuation
[2025-01-08T00:48:28.156+0000][102178.522s][info][gc,phases   ] GC(4104)   Pre Evacuate Collection Set: 0.2ms
[2025-01-08T00:48:28.156+0000][102178.522s][info][gc,phases   ] GC(4104)   Merge Heap Roots: 0.7ms
[2025-01-08T00:48:28.156+0000][102178.522s][info][gc,phases   ] GC(4104)   Evacuate Collection Set: 27.5ms
[2025-01-08T00:48:28.156+0000][102178.522s][info][gc,phases   ] GC(4104)   Post Evacuate Collection Set: 2.7ms
[2025-01-08T00:48:28.156+0000][102178.522s][info][gc,phases   ] GC(4104)   Other: 0.2ms
[2025-01-08T00:48:28.156+0000][102178.522s][info][gc,heap     ] GC(4104) Eden regions: 908->0(68)
[2025-01-08T00:48:28.156+0000][102178.522s][info][gc,heap     ] GC(4104) Survivor regions: 7->8(115)
[2025-01-08T00:48:28.156+0000][102178.522s][info][gc,heap     ] GC(4104) Old regions: 249->249
[2025-01-08T00:48:28.156+0000][102178.522s][info][gc,heap     ] GC(4104) Archive regions: 2->2
[2025-01-08T00:48:28.156+0000][102178.522s][info][gc,heap     ] GC(4104) Humongous regions: 49->49
[2025-01-08T00:48:28.156+0000][102178.522s][info][gc,metaspace] GC(4104) Metaspace: 506169K(515008K)->506169K(515008K) NonClass: 444563K(449024K)->444563K(449024K) Class: 61606K(65984K)->61606K(65984K)
[2025-01-08T00:48:28.156+0000][102178.522s][info][gc          ] GC(4104) Pause Young (Prepare Mixed) (G1 Evacuation Pause) 9703M->2443M(12288M) 31.442ms
[2025-01-08T00:48:28.156+0000][102178.522s][info][gc,cpu      ] GC(4104) User=0.18s Sys=0.00s Real=0.03s
[2025-01-08T00:48:28.595+0000][102178.961s][info][gc,start    ] GC(4105) Pause Young (Mixed) (G1 Evacuation Pause)
[2025-01-08T00:48:28.595+0000][102178.961s][info][gc,task     ] GC(4105) Using 6 workers of 6 for evacuation
[2025-01-08T00:48:28.640+0000][102179.006s][info][gc,phases   ] GC(4105)   Pre Evacuate Collection Set: 0.2ms
[2025-01-08T00:48:28.640+0000][102179.006s][info][gc,phases   ] GC(4105)   Merge Heap Roots: 0.5ms
[2025-01-08T00:48:28.640+0000][102179.006s][info][gc,phases   ] GC(4105)   Evacuate Collection Set: 42.7ms
[2025-01-08T00:48:28.640+0000][102179.006s][info][gc,phases   ] GC(4105)   Post Evacuate Collection Set: 1.6ms
[2025-01-08T00:48:28.640+0000][102179.006s][info][gc,phases   ] GC(4105)   Other: 0.2ms
[2025-01-08T00:48:28.640+0000][102179.006s][info][gc,heap     ] GC(4105) Eden regions: 68->0(913)
[2025-01-08T00:48:28.640+0000][102179.006s][info][gc,heap     ] GC(4105) Survivor regions: 8->5(10)
[2025-01-08T00:48:28.640+0000][102179.006s][info][gc,heap     ] GC(4105) Old regions: 249->247
[2025-01-08T00:48:28.640+0000][102179.006s][info][gc,heap     ] GC(4105) Archive regions: 2->2
[2025-01-08T00:48:28.640+0000][102179.006s][info][gc,heap     ] GC(4105) Humongous regions: 49->49
[2025-01-08T00:48:28.640+0000][102179.006s][info][gc,metaspace] GC(4105) Metaspace: 506169K(515008K)->506169K(515008K) NonClass: 444563K(449024K)->444563K(449024K) Class: 61606K(65984K)->61606K(65984K)
[2025-01-08T00:48:28.640+0000][102179.006s][info][gc          ] GC(4105) Pause Young (Mixed) (G1 Evacuation Pause) 2987M->2408M(12288M) 45.179ms
[2025-01-08T00:48:28.640+0000][102179.006s][info][gc,cpu      ] GC(4105) User=0.26s Sys=0.01s Real=0.04s
[2025-01-08T00:48:39.172+0000][102189.538s][info][gc,start    ] GC(4106) Pause Young (Normal) (G1 Evacuation Pause)
[2025-01-08T00:48:39.172+0000][102189.538s][info][gc,task     ] GC(4106) Using 6 workers of 6 for evacuation
[2025-01-08T00:48:39.200+0000][102189.566s][info][gc,phases   ] GC(4106)   Pre Evacuate Collection Set: 0.2ms
[2025-01-08T00:48:39.200+0000][102189.566s][info][gc,phases   ] GC(4106)   Merge Heap Roots: 0.4ms
[2025-01-08T00:48:39.200+0000][102189.566s][info][gc,phases   ] GC(4106)   Evacuate Collection Set: 24.3ms
[2025-01-08T00:48:39.200+0000][102189.566s][info][gc,phases   ] GC(4106)   Post Evacuate Collection Set: 2.6ms
[2025-01-08T00:48:39.200+0000][102189.566s][info][gc,phases   ] GC(4106)   Other: 0.2ms
[2025-01-08T00:48:39.200+0000][102189.566s][info][gc,heap     ] GC(4106) Eden regions: 913->0(910)
[2025-01-08T00:48:39.200+0000][102189.566s][info][gc,heap     ] GC(4106) Survivor regions: 5->7(115)
[2025-01-08T00:48:39.200+0000][102189.566s][info][gc,heap     ] GC(4106) Old regions: 247->247
[2025-01-08T00:48:39.200+0000][102189.566s][info][gc,heap     ] GC(4106) Archive regions: 2->2
[2025-01-08T00:48:39.200+0000][102189.566s][info][gc,heap     ] GC(4106) Humongous regions: 49->49
[2025-01-08T00:48:39.200+0000][102189.566s][info][gc,metaspace] GC(4106) Metaspace: 506169K(515008K)->506169K(515008K) NonClass: 444563K(449024K)->444563K(449024K) Class: 61606K(65984K)->61606K(65984K)
[2025-01-08T00:48:39.200+0000][102189.566s][info][gc          ] GC(4106) Pause Young (Normal) (G1 Evacuation Pause) 9712M->2423M(12288M) 27.820ms
[2025-01-08T00:48:39.200+0000][102189.566s][info][gc,cpu      ] GC(4106) User=0.16s Sys=0.00s Real=0.02s
[2025-01-08T00:48:46.227+0000][102196.593s][info][gc,start    ] GC(4107) Pause Young (Normal) (GCLocker Initiated GC)
[2025-01-08T00:48:46.227+0000][102196.593s][info][gc,task     ] GC(4107) Using 6 workers of 6 for evacuation
[2025-01-08T00:48:46.256+0000][102196.622s][info][gc,phases   ] GC(4107)   Pre Evacuate Collection Set: 0.2ms
[2025-01-08T00:48:46.256+0000][102196.622s][info][gc,phases   ] GC(4107)   Merge Heap Roots: 0.4ms
[2025-01-08T00:48:46.256+0000][102196.622s][info][gc,phases   ] GC(4107)   Evacuate Collection Set: 25.7ms
[2025-01-08T00:48:46.256+0000][102196.622s][info][gc,phases   ] GC(4107)   Post Evacuate Collection Set: 2.5ms
[2025-01-08T00:48:46.256+0000][102196.622s][info][gc,phases   ] GC(4107)   Other: 0.2ms
[2025-01-08T00:48:46.256+0000][102196.622s][info][gc,heap     ] GC(4107) Eden regions: 911->0(907)
[2025-01-08T00:48:46.256+0000][102196.622s][info][gc,heap     ] GC(4107) Survivor regions: 7->9(115)
[2025-01-08T00:48:46.256+0000][102196.622s][info][gc,heap     ] GC(4107) Old regions: 247->247
[2025-01-08T00:48:46.256+0000][102196.622s][info][gc,heap     ] GC(4107) Archive regions: 2->2
[2025-01-08T00:48:46.256+0000][102196.622s][info][gc,heap     ] GC(4107) Humongous regions: 49->49
[2025-01-08T00:48:46.256+0000][102196.622s][info][gc,metaspace] GC(4107) Metaspace: 506169K(515008K)->506169K(515008K) NonClass: 444563K(449024K)->444563K(449024K) Class: 61606K(65984K)->61606K(65984K)
[2025-01-08T00:48:46.256+0000][102196.622s][info][gc          ] GC(4107) Pause Young (Normal) (GCLocker Initiated GC) 9707M->2436M(12288M) 29.067ms
[2025-01-08T00:48:46.256+0000][102196.622s][info][gc,cpu      ] GC(4107) User=0.16s Sys=0.01s Real=0.03s
[2025-01-08T00:48:53.065+0000][102203.431s][info][gc,start    ] GC(4108) Pause Young (Concurrent Start) (G1 Evacuation Pause)
[2025-01-08T00:48:53.065+0000][102203.431s][info][gc,task     ] GC(4108) Using 6 workers of 6 for evacuation
[2025-01-08T00:48:53.102+0000][102203.468s][info][gc,phases   ] GC(4108)   Pre Evacuate Collection Set: 1.1ms
[2025-01-08T00:48:53.102+0000][102203.468s][info][gc,phases   ] GC(4108)   Merge Heap Roots: 0.5ms
[2025-01-08T00:48:53.102+0000][102203.468s][info][gc,phases   ] GC(4108)   Evacuate Collection Set: 30.5ms
[2025-01-08T00:48:53.102+0000][102203.468s][info][gc,phases   ] GC(4108)   Post Evacuate Collection Set: 5.2ms
[2025-01-08T00:48:53.102+0000][102203.468s][info][gc,phases   ] GC(4108)   Other: 0.3ms
[2025-01-08T00:48:53.102+0000][102203.468s][info][gc,heap     ] GC(4108) Eden regions: 907->0(906)
[2025-01-08T00:48:53.102+0000][102203.468s][info][gc,heap     ] GC(4108) Survivor regions: 9->10(115)
[2025-01-08T00:48:53.102+0000][102203.468s][info][gc,heap     ] GC(4108) Old regions: 247->247
[2025-01-08T00:48:53.102+0000][102203.468s][info][gc,heap     ] GC(4108) Archive regions: 2->2
[2025-01-08T00:48:53.102+0000][102203.468s][info][gc,heap     ] GC(4108) Humongous regions: 49->49
[2025-01-08T00:48:53.102+0000][102203.468s][info][gc,metaspace] GC(4108) Metaspace: 506169K(515008K)->506169K(515008K) NonClass: 444563K(449024K)->444563K(449024K) Class: 61606K(65984K)->61606K(65984K)
[2025-01-08T00:48:53.102+0000][102203.468s][info][gc          ] GC(4108) Pause Young (Concurrent Start) (G1 Evacuation Pause) 9692M->2447M(12288M) 37.700ms
[2025-01-08T00:48:53.102+0000][102203.468s][info][gc,cpu      ] GC(4108) User=0.21s Sys=0.00s Real=0.04s
[2025-01-08T00:48:53.102+0000][102203.468s][info][gc          ] GC(4109) Concurrent Mark Cycle
[2025-01-08T00:48:53.102+0000][102203.468s][info][gc,marking  ] GC(4109) Concurrent Clear Claimed Marks
[2025-01-08T00:48:53.103+0000][102203.469s][info][gc,marking  ] GC(4109) Concurrent Clear Claimed Marks 0.843ms
[2025-01-08T00:48:53.103+0000][102203.469s][info][gc,marking  ] GC(4109) Concurrent Scan Root Regions
[2025-01-08T00:48:53.127+0000][102203.493s][info][gc,marking  ] GC(4109) Concurrent Scan Root Regions 23.603ms
[2025-01-08T00:48:53.127+0000][102203.493s][info][gc,marking  ] GC(4109) Concurrent Mark
[2025-01-08T00:48:53.127+0000][102203.493s][info][gc,marking  ] GC(4109) Concurrent Mark From Roots
[2025-01-08T00:48:53.127+0000][102203.493s][info][gc,task     ] GC(4109) Using 2 workers of 2 for marking
[2025-01-08T00:48:53.939+0000][102204.306s][info][gc,marking  ] GC(4109) Concurrent Mark From Roots 812.544ms
[2025-01-08T00:48:53.939+0000][102204.306s][info][gc,marking  ] GC(4109) Concurrent Preclean
[2025-01-08T00:48:53.942+0000][102204.308s][info][gc,marking  ] GC(4109) Concurrent Preclean 2.113ms
[2025-01-08T00:48:53.942+0000][102204.308s][info][gc,start    ] GC(4109) Pause Remark
[2025-01-08T00:48:53.968+0000][102204.334s][info][gc          ] GC(4109) Pause Remark 3119M->3119M(12288M) 26.241ms
[2025-01-08T00:48:53.968+0000][102204.334s][info][gc,cpu      ] GC(4109) User=0.15s Sys=0.00s Real=0.02s
[2025-01-08T00:48:53.968+0000][102204.334s][info][gc,marking  ] GC(4109) Concurrent Mark 841.361ms
[2025-01-08T00:48:53.968+0000][102204.334s][info][gc,marking  ] GC(4109) Concurrent Rebuild Remembered Sets
[2025-01-08T00:48:54.706+0000][102205.072s][info][gc,marking  ] GC(4109) Concurrent Rebuild Remembered Sets 737.321ms
[2025-01-08T00:48:54.706+0000][102205.072s][info][gc,start    ] GC(4109) Pause Cleanup
[2025-01-08T00:48:54.706+0000][102205.072s][info][gc          ] GC(4109) Pause Cleanup 4235M->4235M(12288M) 0.435ms
[2025-01-08T00:48:54.706+0000][102205.072s][info][gc,cpu      ] GC(4109) User=0.00s Sys=0.00s Real=0.00s
[2025-01-08T00:48:54.706+0000][102205.072s][info][gc,marking  ] GC(4109) Concurrent Cleanup for Next Mark
[2025-01-08T00:48:54.722+0000][102205.088s][info][gc,marking  ] GC(4109) Concurrent Cleanup for Next Mark 15.773ms
[2025-01-08T00:48:54.722+0000][102205.088s][info][gc          ] GC(4109) Concurrent Mark Cycle 1619.832ms
[2025-01-08T00:48:59.097+0000][102209.463s][info][gc,start    ] GC(4110) Pause Young (Prepare Mixed) (G1 Evacuation Pause)
[2025-01-08T00:48:59.097+0000][102209.463s][info][gc,task     ] GC(4110) Using 6 workers of 6 for evacuation
[2025-01-08T00:48:59.131+0000][102209.497s][info][gc,phases   ] GC(4110)   Pre Evacuate Collection Set: 0.2ms
[2025-01-08T00:48:59.131+0000][102209.497s][info][gc,phases   ] GC(4110)   Merge Heap Roots: 0.7ms
[2025-01-08T00:48:59.131+0000][102209.497s][info][gc,phases   ] GC(4110)   Evacuate Collection Set: 29.9ms
[2025-01-08T00:48:59.131+0000][102209.497s][info][gc,phases   ] GC(4110)   Post Evacuate Collection Set: 2.6ms
[2025-01-08T00:48:59.131+0000][102209.497s][info][gc,phases   ] GC(4110)   Other: 0.2ms
[2025-01-08T00:48:59.131+0000][102209.497s][info][gc,heap     ] GC(4110) Eden regions: 906->0(66)
[2025-01-08T00:48:59.131+0000][102209.497s][info][gc,heap     ] GC(4110) Survivor regions: 10->10(115)
[2025-01-08T00:48:59.131+0000][102209.497s][info][gc,heap     ] GC(4110) Old regions: 247->247
[2025-01-08T00:48:59.131+0000][102209.497s][info][gc,heap     ] GC(4110) Archive regions: 2->2
[2025-01-08T00:48:59.131+0000][102209.497s][info][gc,heap     ] GC(4110) Humongous regions: 49->49
[2025-01-08T00:48:59.131+0000][102209.497s][info][gc,metaspace] GC(4110) Metaspace: 506169K(515008K)->506169K(515008K) NonClass: 444563K(449024K)->444563K(449024K) Class: 61606K(65984K)->61606K(65984K)
[2025-01-08T00:48:59.131+0000][102209.497s][info][gc          ] GC(4110) Pause Young (Prepare Mixed) (G1 Evacuation Pause) 9695M->2446M(12288M) 33.695ms
[2025-01-08T00:48:59.131+0000][102209.497s][info][gc,cpu      ] GC(4110) User=0.20s Sys=0.00s Real=0.04s
[2025-01-08T00:49:00.220+0000][102210.586s][info][gc,start    ] GC(4111) Pause Young (Mixed) (G1 Evacuation Pause)
[2025-01-08T00:49:00.220+0000][102210.586s][info][gc,task     ] GC(4111) Using 6 workers of 6 for evacuation
[2025-01-08T00:49:00.280+0000][102210.646s][info][gc,phases   ] GC(4111)   Pre Evacuate Collection Set: 0.2ms
[2025-01-08T00:49:00.280+0000][102210.646s][info][gc,phases   ] GC(4111)   Merge Heap Roots: 0.6ms
[2025-01-08T00:49:00.280+0000][102210.646s][info][gc,phases   ] GC(4111)   Evacuate Collection Set: 56.9ms
[2025-01-08T00:49:00.280+0000][102210.646s][info][gc,phases   ] GC(4111)   Post Evacuate Collection Set: 2.5ms
[2025-01-08T00:49:00.280+0000][102210.646s][info][gc,phases   ] GC(4111)   Other: 0.2ms
[2025-01-08T00:49:00.280+0000][102210.646s][info][gc,heap     ] GC(4111) Eden regions: 66->0(904)
[2025-01-08T00:49:00.280+0000][102210.646s][info][gc,heap     ] GC(4111) Survivor regions: 10->9(10)
[2025-01-08T00:49:00.280+0000][102210.646s][info][gc,heap     ] GC(4111) Old regions: 247->247
[2025-01-08T00:49:00.280+0000][102210.646s][info][gc,heap     ] GC(4111) Archive regions: 2->2
[2025-01-08T00:49:00.280+0000][102210.646s][info][gc,heap     ] GC(4111) Humongous regions: 49->49
[2025-01-08T00:49:00.280+0000][102210.646s][info][gc,metaspace] GC(4111) Metaspace: 506169K(515008K)->506169K(515008K) NonClass: 444563K(449024K)->444563K(449024K) Class: 61606K(65984K)->61606K(65984K)
[2025-01-08T00:49:00.280+0000][102210.646s][info][gc          ] GC(4111) Pause Young (Mixed) (G1 Evacuation Pause) 2974M->2438M(12288M) 60.506ms
[2025-01-08T00:49:00.280+0000][102210.646s][info][gc,cpu      ] GC(4111) User=0.35s Sys=0.00s Real=0.06s
[2025-01-08T00:49:05.969+0000][102216.335s][info][gc,start    ] GC(4112) Pause Young (Normal) (G1 Evacuation Pause)
[2025-01-08T00:49:05.969+0000][102216.335s][info][gc,task     ] GC(4112) Using 6 workers of 6 for evacuation
[2025-01-08T00:49:05.995+0000][102216.361s][info][gc,phases   ] GC(4112)   Pre Evacuate Collection Set: 0.2ms
[2025-01-08T00:49:05.995+0000][102216.362s][info][gc,phases   ] GC(4112)   Merge Heap Roots: 0.4ms
[2025-01-08T00:49:05.995+0000][102216.362s][info][gc,phases   ] GC(4112)   Evacuate Collection Set: 22.3ms
[2025-01-08T00:49:05.995+0000][102216.362s][info][gc,phases   ] GC(4112)   Post Evacuate Collection Set: 3.1ms
[2025-01-08T00:49:05.995+0000][102216.362s][info][gc,phases   ] GC(4112)   Other: 0.2ms
[2025-01-08T00:49:05.995+0000][102216.362s][info][gc,heap     ] GC(4112) Eden regions: 904->0(906)
[2025-01-08T00:49:05.995+0000][102216.362s][info][gc,heap     ] GC(4112) Survivor regions: 9->8(115)
[2025-01-08T00:49:05.995+0000][102216.362s][info][gc,heap     ] GC(4112) Old regions: 247->247
[2025-01-08T00:49:05.995+0000][102216.362s][info][gc,heap     ] GC(4112) Archive regions: 2->2
[2025-01-08T00:49:05.995+0000][102216.362s][info][gc,heap     ] GC(4112) Humongous regions: 49->49
[2025-01-08T00:49:05.995+0000][102216.362s][info][gc,metaspace] GC(4112) Metaspace: 506169K(515008K)->506169K(515008K) NonClass: 444563K(449024K)->444563K(449024K) Class: 61606K(65984K)->61606K(65984K)
[2025-01-08T00:49:05.996+0000][102216.362s][info][gc          ] GC(4112) Pause Young (Normal) (G1 Evacuation Pause) 9670M->2425M(12288M) 26.304ms
[2025-01-08T00:49:05.996+0000][102216.362s][info][gc,cpu      ] GC(4112) User=0.15s Sys=0.00s Real=0.03s
[2025-01-08T00:49:10.294+0000][102220.660s][info][gc,start    ] GC(4113) Pause Young (Normal) (G1 Evacuation Pause)
[2025-01-08T00:49:10.294+0000][102220.660s][info][gc,task     ] GC(4113) Using 6 workers of 6 for evacuation
[2025-01-08T00:49:10.321+0000][102220.687s][info][gc,phases   ] GC(4113)   Pre Evacuate Collection Set: 0.2ms
[2025-01-08T00:49:10.321+0000][102220.687s][info][gc,phases   ] GC(4113)   Merge Heap Roots: 0.4ms
[2025-01-08T00:49:10.321+0000][102220.687s][info][gc,phases   ] GC(4113)   Evacuate Collection Set: 23.8ms
[2025-01-08T00:49:10.321+0000][102220.687s][info][gc,phases   ] GC(4113)   Post Evacuate Collection Set: 2.3ms
[2025-01-08T00:49:10.321+0000][102220.687s][info][gc,phases   ] GC(4113)   Other: 0.2ms
[2025-01-08T00:49:10.321+0000][102220.687s][info][gc,heap     ] GC(4113) Eden regions: 906->0(908)
[2025-01-08T00:49:10.321+0000][102220.687s][info][gc,heap     ] GC(4113) Survivor regions: 8->8(115)
[2025-01-08T00:49:10.321+0000][102220.687s][info][gc,heap     ] GC(4113) Old regions: 247->247
[2025-01-08T00:49:10.321+0000][102220.687s][info][gc,heap     ] GC(4113) Archive regions: 2->2
[2025-01-08T00:49:10.321+0000][102220.687s][info][gc,heap     ] GC(4113) Humongous regions: 49->49
[2025-01-08T00:49:10.321+0000][102220.687s][info][gc,metaspace] GC(4113) Metaspace: 506169K(515008K)->506169K(515008K) NonClass: 444563K(449024K)->444563K(449024K) Class: 61606K(65984K)->61606K(65984K)
[2025-01-08T00:49:10.321+0000][102220.687s][info][gc          ] GC(4113) Pause Young (Normal) (G1 Evacuation Pause) 9673M->2428M(12288M) 27.013ms
[2025-01-08T00:49:10.321+0000][102220.687s][info][gc,cpu      ] GC(4113) User=0.16s Sys=0.00s Real=0.02s
[2025-01-08T00:49:17.811+0000][102228.177s][info][gc,start    ] GC(4114) Pause Young (Concurrent Start) (G1 Evacuation Pause)
[2025-01-08T00:49:17.811+0000][102228.177s][info][gc,task     ] GC(4114) Using 6 workers of 6 for evacuation
[2025-01-08T00:49:17.844+0000][102228.211s][info][gc,phases   ] GC(4114)   Pre Evacuate Collection Set: 1.1ms
[2025-01-08T00:49:17.845+0000][102228.211s][info][gc,phases   ] GC(4114)   Merge Heap Roots: 0.5ms
[2025-01-08T00:49:17.845+0000][102228.211s][info][gc,phases   ] GC(4114)   Evacuate Collection Set: 28.9ms
[2025-01-08T00:49:17.845+0000][102228.211s][info][gc,phases   ] GC(4114)   Post Evacuate Collection Set: 2.5ms
[2025-01-08T00:49:17.845+0000][102228.211s][info][gc,phases   ] GC(4114)   Other: 0.3ms
[2025-01-08T00:49:17.845+0000][102228.211s][info][gc,heap     ] GC(4114) Eden regions: 908->0(906)
[2025-01-08T00:49:17.845+0000][102228.211s][info][gc,heap     ] GC(4114) Survivor regions: 8->10(115)
[2025-01-08T00:49:17.845+0000][102228.211s][info][gc,heap     ] GC(4114) Old regions: 247->247
[2025-01-08T00:49:17.845+0000][102228.211s][info][gc,heap     ] GC(4114) Archive regions: 2->2
[2025-01-08T00:49:17.845+0000][102228.211s][info][gc,heap     ] GC(4114) Humongous regions: 49->49
[2025-01-08T00:49:17.845+0000][102228.211s][info][gc,metaspace] GC(4114) Metaspace: 506169K(515008K)->506169K(515008K) NonClass: 444563K(449024K)->444563K(449024K) Class: 61606K(65984K)->61606K(65984K)
[2025-01-08T00:49:17.845+0000][102228.211s][info][gc          ] GC(4114) Pause Young (Concurrent Start) (G1 Evacuation Pause) 9692M->2440M(12288M) 33.344ms
[2025-01-08T00:49:17.845+0000][102228.211s][info][gc,cpu      ] GC(4114) User=0.19s Sys=0.00s Real=0.03s
[2025-01-08T00:49:17.845+0000][102228.211s][info][gc          ] GC(4115) Concurrent Mark Cycle
[2025-01-08T00:49:17.845+0000][102228.211s][info][gc,marking  ] GC(4115) Concurrent Clear Claimed Marks
[2025-01-08T00:49:17.846+0000][102228.212s][info][gc,marking  ] GC(4115) Concurrent Clear Claimed Marks 0.949ms
[2025-01-08T00:49:17.846+0000][102228.212s][info][gc,marking  ] GC(4115) Concurrent Scan Root Regions
[2025-01-08T00:49:17.868+0000][102228.235s][info][gc,marking  ] GC(4115) Concurrent Scan Root Regions 22.722ms
[2025-01-08T00:49:17.868+0000][102228.235s][info][gc,marking  ] GC(4115) Concurrent Mark
[2025-01-08T00:49:17.868+0000][102228.235s][info][gc,marking  ] GC(4115) Concurrent Mark From Roots
[2025-01-08T00:49:17.868+0000][102228.235s][info][gc,task     ] GC(4115) Using 2 workers of 2 for marking
[2025-01-08T00:49:18.887+0000][102229.253s][info][gc,marking  ] GC(4115) Concurrent Mark From Roots 1018.048ms
[2025-01-08T00:49:18.887+0000][102229.253s][info][gc,marking  ] GC(4115) Concurrent Preclean
[2025-01-08T00:49:18.889+0000][102229.255s][info][gc,marking  ] GC(4115) Concurrent Preclean 2.540ms
[2025-01-08T00:49:18.889+0000][102229.255s][info][gc,start    ] GC(4115) Pause Remark
[2025-01-08T00:49:18.915+0000][102229.281s][info][gc          ] GC(4115) Pause Remark 3468M->3468M(12288M) 25.940ms
[2025-01-08T00:49:18.915+0000][102229.281s][info][gc,cpu      ] GC(4115) User=0.14s Sys=0.00s Real=0.03s
[2025-01-08T00:49:18.915+0000][102229.281s][info][gc,marking  ] GC(4115) Concurrent Mark 1046.848ms
[2025-01-08T00:49:18.915+0000][102229.281s][info][gc,marking  ] GC(4115) Concurrent Rebuild Remembered Sets
[2025-01-08T00:49:19.609+0000][102229.975s][info][gc,marking  ] GC(4115) Concurrent Rebuild Remembered Sets 693.369ms
[2025-01-08T00:49:19.609+0000][102229.975s][info][gc,start    ] GC(4115) Pause Cleanup
[2025-01-08T00:49:19.609+0000][102229.975s][info][gc          ] GC(4115) Pause Cleanup 4464M->4464M(12288M) 0.417ms
[2025-01-08T00:49:19.609+0000][102229.975s][info][gc,cpu      ] GC(4115) User=0.00s Sys=0.00s Real=0.00s
[2025-01-08T00:49:19.609+0000][102229.975s][info][gc,marking  ] GC(4115) Concurrent Cleanup for Next Mark
[2025-01-08T00:49:19.626+0000][102229.992s][info][gc,marking  ] GC(4115) Concurrent Cleanup for Next Mark 16.174ms
[2025-01-08T00:49:19.626+0000][102229.992s][info][gc          ] GC(4115) Concurrent Mark Cycle 1780.938ms
[2025-01-08T00:49:24.102+0000][102234.468s][info][gc,start    ] GC(4116) Pause Young (Prepare Mixed) (G1 Evacuation Pause)
[2025-01-08T00:49:24.102+0000][102234.468s][info][gc,task     ] GC(4116) Using 6 workers of 6 for evacuation
[2025-01-08T00:49:24.136+0000][102234.502s][info][gc,phases   ] GC(4116)   Pre Evacuate Collection Set: 0.2ms
[2025-01-08T00:49:24.136+0000][102234.502s][info][gc,phases   ] GC(4116)   Merge Heap Roots: 0.7ms
[2025-01-08T00:49:24.136+0000][102234.502s][info][gc,phases   ] GC(4116)   Evacuate Collection Set: 30.7ms
[2025-01-08T00:49:24.136+0000][102234.502s][info][gc,phases   ] GC(4116)   Post Evacuate Collection Set: 2.7ms
[2025-01-08T00:49:24.136+0000][102234.502s][info][gc,phases   ] GC(4116)   Other: 0.2ms
[2025-01-08T00:49:24.136+0000][102234.502s][info][gc,heap     ] GC(4116) Eden regions: 906->0(65)
[2025-01-08T00:49:24.136+0000][102234.502s][info][gc,heap     ] GC(4116) Survivor regions: 10->11(115)
[2025-01-08T00:49:24.136+0000][102234.502s][info][gc,heap     ] GC(4116) Old regions: 247->247
[2025-01-08T00:49:24.136+0000][102234.502s][info][gc,heap     ] GC(4116) Archive regions: 2->2
[2025-01-08T00:49:24.136+0000][102234.502s][info][gc,heap     ] GC(4116) Humongous regions: 49->49
[2025-01-08T00:49:24.136+0000][102234.502s][info][gc,metaspace] GC(4116) Metaspace: 506169K(515008K)->506169K(515008K) NonClass: 444563K(449024K)->444563K(449024K) Class: 61606K(65984K)->61606K(65984K)
[2025-01-08T00:49:24.136+0000][102234.502s][info][gc          ] GC(4116) Pause Young (Prepare Mixed) (G1 Evacuation Pause) 9688M->2449M(12288M) 34.580ms
[2025-01-08T00:49:24.136+0000][102234.502s][info][gc,cpu      ] GC(4116) User=0.19s Sys=0.01s Real=0.03s
[2025-01-08T00:49:24.459+0000][102234.825s][info][gc,start    ] GC(4117) Pause Young (Mixed) (G1 Evacuation Pause)
[2025-01-08T00:49:24.459+0000][102234.825s][info][gc,task     ] GC(4117) Using 6 workers of 6 for evacuation
[2025-01-08T00:49:24.519+0000][102234.885s][info][gc,phases   ] GC(4117)   Pre Evacuate Collection Set: 0.2ms
[2025-01-08T00:49:24.519+0000][102234.885s][info][gc,phases   ] GC(4117)   Merge Heap Roots: 0.7ms
[2025-01-08T00:49:24.519+0000][102234.885s][info][gc,phases   ] GC(4117)   Evacuate Collection Set: 58.0ms
[2025-01-08T00:49:24.519+0000][102234.885s][info][gc,phases   ] GC(4117)   Post Evacuate Collection Set: 1.7ms
[2025-01-08T00:49:24.519+0000][102234.885s][info][gc,phases   ] GC(4117)   Other: 0.2ms
[2025-01-08T00:49:24.519+0000][102234.885s][info][gc,heap     ] GC(4117) Eden regions: 65->0(912)
[2025-01-08T00:49:24.519+0000][102234.885s][info][gc,heap     ] GC(4117) Survivor regions: 11->6(10)
[2025-01-08T00:49:24.519+0000][102234.885s][info][gc,heap     ] GC(4117) Old regions: 247->247
[2025-01-08T00:49:24.519+0000][102234.885s][info][gc,heap     ] GC(4117) Archive regions: 2->2
[2025-01-08T00:49:24.519+0000][102234.885s][info][gc,heap     ] GC(4117) Humongous regions: 49->49
[2025-01-08T00:49:24.519+0000][102234.885s][info][gc,metaspace] GC(4117) Metaspace: 506169K(515008K)->506169K(515008K) NonClass: 444563K(449024K)->444563K(449024K) Class: 61606K(65984K)->61606K(65984K)
[2025-01-08T00:49:24.519+0000][102234.885s][info][gc          ] GC(4117) Pause Young (Mixed) (G1 Evacuation Pause) 2969M->2419M(12288M) 60.803ms
[2025-01-08T00:49:24.519+0000][102234.886s][info][gc,cpu      ] GC(4117) User=0.36s Sys=0.00s Real=0.06s
[2025-01-08T00:49:29.914+0000][102240.280s][info][gc,start    ] GC(4118) Pause Young (Normal) (G1 Evacuation Pause)
[2025-01-08T00:49:29.914+0000][102240.280s][info][gc,task     ] GC(4118) Using 6 workers of 6 for evacuation
[2025-01-08T00:49:29.944+0000][102240.310s][info][gc,phases   ] GC(4118)   Pre Evacuate Collection Set: 0.2ms
[2025-01-08T00:49:29.944+0000][102240.310s][info][gc,phases   ] GC(4118)   Merge Heap Roots: 0.5ms
[2025-01-08T00:49:29.944+0000][102240.310s][info][gc,phases   ] GC(4118)   Evacuate Collection Set: 27.1ms
[2025-01-08T00:49:29.944+0000][102240.310s][info][gc,phases   ] GC(4118)   Post Evacuate Collection Set: 2.4ms
[2025-01-08T00:49:29.944+0000][102240.310s][info][gc,phases   ] GC(4118)   Other: 0.2ms
[2025-01-08T00:49:29.944+0000][102240.310s][info][gc,heap     ] GC(4118) Eden regions: 912->0(909)
[2025-01-08T00:49:29.944+0000][102240.310s][info][gc,heap     ] GC(4118) Survivor regions: 6->8(115)
[2025-01-08T00:49:29.944+0000][102240.310s][info][gc,heap     ] GC(4118) Old regions: 247->247
[2025-01-08T00:49:29.944+0000][102240.310s][info][gc,heap     ] GC(4118) Archive regions: 2->2
[2025-01-08T00:49:29.944+0000][102240.310s][info][gc,heap     ] GC(4118) Humongous regions: 49->49
[2025-01-08T00:49:29.944+0000][102240.310s][info][gc,metaspace] GC(4118) Metaspace: 506169K(515008K)->506169K(515008K) NonClass: 444563K(449024K)->444563K(449024K) Class: 61606K(65984K)->61606K(65984K)
[2025-01-08T00:49:29.944+0000][102240.310s][info][gc          ] GC(4118) Pause Young (Normal) (G1 Evacuation Pause) 9715M->2432M(12288M) 30.506ms
[2025-01-08T00:49:29.944+0000][102240.310s][info][gc,cpu      ] GC(4118) User=0.18s Sys=0.00s Real=0.03s
[2025-01-08T00:49:37.076+0000][102247.442s][info][gc,start    ] GC(4119) Pause Young (Normal) (G1 Evacuation Pause)
[2025-01-08T00:49:37.076+0000][102247.442s][info][gc,task     ] GC(4119) Using 6 workers of 6 for evacuation
[2025-01-08T00:49:37.106+0000][102247.472s][info][gc,phases   ] GC(4119)   Pre Evacuate Collection Set: 0.2ms
[2025-01-08T00:49:37.106+0000][102247.472s][info][gc,phases   ] GC(4119)   Merge Heap Roots: 0.4ms
[2025-01-08T00:49:37.106+0000][102247.472s][info][gc,phases   ] GC(4119)   Evacuate Collection Set: 26.5ms
[2025-01-08T00:49:37.106+0000][102247.472s][info][gc,phases   ] GC(4119)   Post Evacuate Collection Set: 2.6ms
[2025-01-08T00:49:37.106+0000][102247.472s][info][gc,phases   ] GC(4119)   Other: 0.2ms
[2025-01-08T00:49:37.106+0000][102247.472s][info][gc,heap     ] GC(4119) Eden regions: 909->0(907)
[2025-01-08T00:49:37.106+0000][102247.472s][info][gc,heap     ] GC(4119) Survivor regions: 8->9(115)
[2025-01-08T00:49:37.106+0000][102247.472s][info][gc,heap     ] GC(4119) Old regions: 247->247
[2025-01-08T00:49:37.106+0000][102247.472s][info][gc,heap     ] GC(4119) Archive regions: 2->2
[2025-01-08T00:49:37.106+0000][102247.472s][info][gc,heap     ] GC(4119) Humongous regions: 49->49
[2025-01-08T00:49:37.106+0000][102247.472s][info][gc,metaspace] GC(4119) Metaspace: 506169K(515008K)->506169K(515008K) NonClass: 444563K(449024K)->444563K(449024K) Class: 61606K(65984K)->61606K(65984K)
[2025-01-08T00:49:37.106+0000][102247.472s][info][gc          ] GC(4119) Pause Young (Normal) (G1 Evacuation Pause) 9704M->2443M(12288M) 30.041ms
[2025-01-08T00:49:37.106+0000][102247.472s][info][gc,cpu      ] GC(4119) User=0.18s Sys=0.00s Real=0.03s
[2025-01-08T00:49:43.231+0000][102253.597s][info][gc,start    ] GC(4120) Pause Young (Concurrent Start) (G1 Evacuation Pause)
[2025-01-08T00:49:43.231+0000][102253.597s][info][gc,task     ] GC(4120) Using 6 workers of 6 for evacuation
[2025-01-08T00:49:43.272+0000][102253.638s][info][gc,phases   ] GC(4120)   Pre Evacuate Collection Set: 1.1ms
[2025-01-08T00:49:43.272+0000][102253.638s][info][gc,phases   ] GC(4120)   Merge Heap Roots: 0.5ms
[2025-01-08T00:49:43.272+0000][102253.638s][info][gc,phases   ] GC(4120)   Evacuate Collection Set: 36.5ms
[2025-01-08T00:49:43.272+0000][102253.638s][info][gc,phases   ] GC(4120)   Post Evacuate Collection Set: 2.8ms
[2025-01-08T00:49:43.272+0000][102253.638s][info][gc,phases   ] GC(4120)   Other: 0.3ms
[2025-01-08T00:49:43.272+0000][102253.638s][info][gc,heap     ] GC(4120) Eden regions: 907->0(905)
[2025-01-08T00:49:43.272+0000][102253.638s][info][gc,heap     ] GC(4120) Survivor regions: 9->11(115)
[2025-01-08T00:49:43.272+0000][102253.638s][info][gc,heap     ] GC(4120) Old regions: 247->247
[2025-01-08T00:49:43.272+0000][102253.638s][info][gc,heap     ] GC(4120) Archive regions: 2->2
[2025-01-08T00:49:43.272+0000][102253.638s][info][gc,heap     ] GC(4120) Humongous regions: 49->49
[2025-01-08T00:49:43.272+0000][102253.638s][info][gc,metaspace] GC(4120) Metaspace: 506169K(515008K)->506169K(515008K) NonClass: 444563K(449024K)->444563K(449024K) Class: 61606K(65984K)->61606K(65984K)
[2025-01-08T00:49:43.272+0000][102253.638s][info][gc          ] GC(4120) Pause Young (Concurrent Start) (G1 Evacuation Pause) 9699M->2462M(12288M) 41.197ms
[2025-01-08T00:49:43.272+0000][102253.638s][info][gc,cpu      ] GC(4120) User=0.23s Sys=0.01s Real=0.04s
[2025-01-08T00:49:43.272+0000][102253.638s][info][gc          ] GC(4121) Concurrent Mark Cycle
[2025-01-08T00:49:43.272+0000][102253.638s][info][gc,marking  ] GC(4121) Concurrent Clear Claimed Marks
[2025-01-08T00:49:43.273+0000][102253.639s][info][gc,marking  ] GC(4121) Concurrent Clear Claimed Marks 0.897ms
[2025-01-08T00:49:43.273+0000][102253.639s][info][gc,marking  ] GC(4121) Concurrent Scan Root Regions
[2025-01-08T00:49:43.304+0000][102253.670s][info][gc,marking  ] GC(4121) Concurrent Scan Root Regions 31.156ms
[2025-01-08T00:49:43.304+0000][102253.670s][info][gc,marking  ] GC(4121) Concurrent Mark
[2025-01-08T00:49:43.304+0000][102253.670s][info][gc,marking  ] GC(4121) Concurrent Mark From Roots
[2025-01-08T00:49:43.304+0000][102253.670s][info][gc,task     ] GC(4121) Using 2 workers of 2 for marking
[2025-01-08T00:49:44.313+0000][102254.679s][info][gc,marking  ] GC(4121) Concurrent Mark From Roots 1009.137ms
[2025-01-08T00:49:44.313+0000][102254.679s][info][gc,marking  ] GC(4121) Concurrent Preclean
[2025-01-08T00:49:44.315+0000][102254.681s][info][gc,marking  ] GC(4121) Concurrent Preclean 2.026ms
[2025-01-08T00:49:44.315+0000][102254.682s][info][gc,start    ] GC(4121) Pause Remark
[2025-01-08T00:49:44.344+0000][102254.711s][info][gc          ] GC(4121) Pause Remark 3582M->3582M(12288M) 29.033ms
[2025-01-08T00:49:44.345+0000][102254.711s][info][gc,cpu      ] GC(4121) User=0.16s Sys=0.00s Real=0.03s
[2025-01-08T00:49:44.345+0000][102254.711s][info][gc,marking  ] GC(4121) Concurrent Mark 1040.546ms
[2025-01-08T00:49:44.345+0000][102254.711s][info][gc,marking  ] GC(4121) Concurrent Rebuild Remembered Sets
[2025-01-08T00:49:44.858+0000][102255.224s][info][gc,marking  ] GC(4121) Concurrent Rebuild Remembered Sets 513.035ms
[2025-01-08T00:49:44.858+0000][102255.224s][info][gc,start    ] GC(4121) Pause Cleanup
[2025-01-08T00:49:44.858+0000][102255.224s][info][gc          ] GC(4121) Pause Cleanup 3866M->3866M(12288M) 0.408ms
[2025-01-08T00:49:44.858+0000][102255.224s][info][gc,cpu      ] GC(4121) User=0.01s Sys=0.00s Real=0.00s
[2025-01-08T00:49:44.858+0000][102255.224s][info][gc,marking  ] GC(4121) Concurrent Cleanup for Next Mark
[2025-01-08T00:49:44.874+0000][102255.240s][info][gc,marking  ] GC(4121) Concurrent Cleanup for Next Mark 15.756ms
[2025-01-08T00:49:44.874+0000][102255.240s][info][gc          ] GC(4121) Concurrent Mark Cycle 1602.245ms
[2025-01-08T00:49:49.405+0000][102259.771s][info][gc,start    ] GC(4122) Pause Young (Prepare Mixed) (G1 Evacuation Pause)
[2025-01-08T00:49:49.405+0000][102259.771s][info][gc,task     ] GC(4122) Using 6 workers of 6 for evacuation
[2025-01-08T00:49:49.449+0000][102259.815s][info][gc,phases   ] GC(4122)   Pre Evacuate Collection Set: 0.2ms
[2025-01-08T00:49:49.449+0000][102259.815s][info][gc,phases   ] GC(4122)   Merge Heap Roots: 0.8ms
[2025-01-08T00:49:49.449+0000][102259.815s][info][gc,phases   ] GC(4122)   Evacuate Collection Set: 36.6ms
[2025-01-08T00:49:49.449+0000][102259.815s][info][gc,phases   ] GC(4122)   Post Evacuate Collection Set: 5.9ms
[2025-01-08T00:49:49.449+0000][102259.815s][info][gc,phases   ] GC(4122)   Other: 0.2ms
[2025-01-08T00:49:49.449+0000][102259.815s][info][gc,heap     ] GC(4122) Eden regions: 905->0(63)
[2025-01-08T00:49:49.449+0000][102259.815s][info][gc,heap     ] GC(4122) Survivor regions: 11->13(115)
[2025-01-08T00:49:49.449+0000][102259.815s][info][gc,heap     ] GC(4122) Old regions: 247->247
[2025-01-08T00:49:49.449+0000][102259.815s][info][gc,heap     ] GC(4122) Archive regions: 2->2
[2025-01-08T00:49:49.449+0000][102259.815s][info][gc,heap     ] GC(4122) Humongous regions: 49->49
[2025-01-08T00:49:49.449+0000][102259.815s][info][gc,metaspace] GC(4122) Metaspace: 506169K(515008K)->506169K(515008K) NonClass: 444563K(449024K)->444563K(449024K) Class: 61606K(65984K)->61606K(65984K)
[2025-01-08T00:49:49.449+0000][102259.815s][info][gc          ] GC(4122) Pause Young (Prepare Mixed) (G1 Evacuation Pause) 9702M->2478M(12288M) 43.735ms
[2025-01-08T00:49:49.449+0000][102259.815s][info][gc,cpu      ] GC(4122) User=0.26s Sys=0.00s Real=0.04s
[2025-01-08T00:49:50.000+0000][102260.366s][info][gc,start    ] GC(4123) Pause Young (Mixed) (G1 Evacuation Pause)
[2025-01-08T00:49:50.000+0000][102260.366s][info][gc,task     ] GC(4123) Using 6 workers of 6 for evacuation
[2025-01-08T00:49:50.064+0000][102260.430s][info][gc,phases   ] GC(4123)   Pre Evacuate Collection Set: 0.2ms
[2025-01-08T00:49:50.064+0000][102260.430s][info][gc,phases   ] GC(4123)   Merge Heap Roots: 0.7ms
[2025-01-08T00:49:50.064+0000][102260.430s][info][gc,phases   ] GC(4123)   Evacuate Collection Set: 61.5ms
[2025-01-08T00:49:50.064+0000][102260.430s][info][gc,phases   ] GC(4123)   Post Evacuate Collection Set: 1.8ms
[2025-01-08T00:49:50.064+0000][102260.430s][info][gc,phases   ] GC(4123)   Other: 0.2ms
[2025-01-08T00:49:50.064+0000][102260.430s][info][gc,heap     ] GC(4123) Eden regions: 63->0(907)
[2025-01-08T00:49:50.064+0000][102260.430s][info][gc,heap     ] GC(4123) Survivor regions: 13->4(10)
[2025-01-08T00:49:50.064+0000][102260.430s][info][gc,heap     ] GC(4123) Old regions: 247->251
[2025-01-08T00:49:50.064+0000][102260.430s][info][gc,heap     ] GC(4123) Archive regions: 2->2
[2025-01-08T00:49:50.064+0000][102260.430s][info][gc,heap     ] GC(4123) Humongous regions: 49->49
[2025-01-08T00:49:50.064+0000][102260.430s][info][gc,metaspace] GC(4123) Metaspace: 506169K(515008K)->506169K(515008K) NonClass: 444563K(449024K)->444563K(449024K) Class: 61606K(65984K)->61606K(65984K)
[2025-01-08T00:49:50.064+0000][102260.430s][info][gc          ] GC(4123) Pause Young (Mixed) (G1 Evacuation Pause) 2982M->2430M(12288M) 64.422ms
[2025-01-08T00:49:50.064+0000][102260.430s][info][gc,cpu      ] GC(4123) User=0.37s Sys=0.00s Real=0.07s
[2025-01-08T00:49:57.065+0000][102267.431s][info][gc,start    ] GC(4124) Pause Young (Normal) (G1 Evacuation Pause)
[2025-01-08T00:49:57.065+0000][102267.431s][info][gc,task     ] GC(4124) Using 6 workers of 6 for evacuation
[2025-01-08T00:49:57.087+0000][102267.454s][info][gc,phases   ] GC(4124)   Pre Evacuate Collection Set: 0.2ms
[2025-01-08T00:49:57.087+0000][102267.454s][info][gc,phases   ] GC(4124)   Merge Heap Roots: 0.4ms
[2025-01-08T00:49:57.087+0000][102267.454s][info][gc,phases   ] GC(4124)   Evacuate Collection Set: 19.0ms
[2025-01-08T00:49:57.087+0000][102267.454s][info][gc,phases   ] GC(4124)   Post Evacuate Collection Set: 2.4ms
[2025-01-08T00:49:57.088+0000][102267.454s][info][gc,phases   ] GC(4124)   Other: 0.3ms
[2025-01-08T00:49:57.088+0000][102267.454s][info][gc,heap     ] GC(4124) Eden regions: 907->0(906)
[2025-01-08T00:49:57.088+0000][102267.454s][info][gc,heap     ] GC(4124) Survivor regions: 4->5(114)
[2025-01-08T00:49:57.088+0000][102267.454s][info][gc,heap     ] GC(4124) Old regions: 251->251
[2025-01-08T00:49:57.088+0000][102267.454s][info][gc,heap     ] GC(4124) Archive regions: 2->2
[2025-01-08T00:49:57.088+0000][102267.454s][info][gc,heap     ] GC(4124) Humongous regions: 49->49
[2025-01-08T00:49:57.088+0000][102267.454s][info][gc,metaspace] GC(4124) Metaspace: 506169K(515008K)->506169K(515008K) NonClass: 444563K(449024K)->444563K(449024K) Class: 61606K(65984K)->61606K(65984K)
[2025-01-08T00:49:57.088+0000][102267.454s][info][gc          ] GC(4124) Pause Young (Normal) (G1 Evacuation Pause) 9686M->2440M(12288M) 22.292ms
[2025-01-08T00:49:57.088+0000][102267.454s][info][gc,cpu      ] GC(4124) User=0.12s Sys=0.00s Real=0.02s
[2025-01-08T00:50:02.439+0000][102272.805s][info][gc,start    ] GC(4125) Pause Young (Normal) (G1 Evacuation Pause)
[2025-01-08T00:50:02.439+0000][102272.805s][info][gc,task     ] GC(4125) Using 6 workers of 6 for evacuation
[2025-01-08T00:50:02.466+0000][102272.832s][info][gc,phases   ] GC(4125)   Pre Evacuate Collection Set: 0.2ms
[2025-01-08T00:50:02.466+0000][102272.832s][info][gc,phases   ] GC(4125)   Merge Heap Roots: 0.4ms
[2025-01-08T00:50:02.466+0000][102272.832s][info][gc,phases   ] GC(4125)   Evacuate Collection Set: 22.3ms
[2025-01-08T00:50:02.466+0000][102272.832s][info][gc,phases   ] GC(4125)   Post Evacuate Collection Set: 4.2ms
[2025-01-08T00:50:02.466+0000][102272.832s][info][gc,phases   ] GC(4125)   Other: 0.2ms
[2025-01-08T00:50:02.466+0000][102272.832s][info][gc,heap     ] GC(4125) Eden regions: 906->0(906)
[2025-01-08T00:50:02.466+0000][102272.832s][info][gc,heap     ] GC(4125) Survivor regions: 5->6(114)
[2025-01-08T00:50:02.466+0000][102272.832s][info][gc,heap     ] GC(4125) Old regions: 251->251
[2025-01-08T00:50:02.466+0000][102272.832s][info][gc,heap     ] GC(4125) Archive regions: 2->2
[2025-01-08T00:50:02.466+0000][102272.832s][info][gc,heap     ] GC(4125) Humongous regions: 49->49
[2025-01-08T00:50:02.466+0000][102272.832s][info][gc,metaspace] GC(4125) Metaspace: 506172K(515008K)->506172K(515008K) NonClass: 444566K(449024K)->444566K(449024K) Class: 61606K(65984K)->61606K(65984K)
[2025-01-08T00:50:02.466+0000][102272.832s][info][gc          ] GC(4125) Pause Young (Normal) (G1 Evacuation Pause) 9688M->2448M(12288M) 27.402ms
[2025-01-08T00:50:02.466+0000][102272.832s][info][gc,cpu      ] GC(4125) User=0.16s Sys=0.00s Real=0.03s
[2025-01-08T00:50:07.672+0000][102278.038s][info][gc,start    ] GC(4126) Pause Young (Concurrent Start) (G1 Evacuation Pause)
[2025-01-08T00:50:07.672+0000][102278.038s][info][gc,task     ] GC(4126) Using 6 workers of 6 for evacuation
[2025-01-08T00:50:07.703+0000][102278.070s][info][gc,phases   ] GC(4126)   Pre Evacuate Collection Set: 1.1ms
[2025-01-08T00:50:07.704+0000][102278.070s][info][gc,phases   ] GC(4126)   Merge Heap Roots: 0.5ms
[2025-01-08T00:50:07.704+0000][102278.070s][info][gc,phases   ] GC(4126)   Evacuate Collection Set: 27.3ms
[2025-01-08T00:50:07.704+0000][102278.070s][info][gc,phases   ] GC(4126)   Post Evacuate Collection Set: 2.5ms
[2025-01-08T00:50:07.704+0000][102278.070s][info][gc,phases   ] GC(4126)   Other: 0.3ms
[2025-01-08T00:50:07.704+0000][102278.070s][info][gc,heap     ] GC(4126) Eden regions: 906->0(904)
[2025-01-08T00:50:07.704+0000][102278.070s][info][gc,heap     ] GC(4126) Survivor regions: 6->8(114)
[2025-01-08T00:50:07.704+0000][102278.070s][info][gc,heap     ] GC(4126) Old regions: 251->251
[2025-01-08T00:50:07.704+0000][102278.070s][info][gc,heap     ] GC(4126) Archive regions: 2->2
[2025-01-08T00:50:07.704+0000][102278.070s][info][gc,heap     ] GC(4126) Humongous regions: 49->49
[2025-01-08T00:50:07.704+0000][102278.070s][info][gc,metaspace] GC(4126) Metaspace: 506172K(515008K)->506172K(515008K) NonClass: 444566K(449024K)->444566K(449024K) Class: 61606K(65984K)->61606K(65984K)
[2025-01-08T00:50:07.704+0000][102278.070s][info][gc          ] GC(4126) Pause Young (Concurrent Start) (G1 Evacuation Pause) 9696M->2458M(12288M) 31.750ms
[2025-01-08T00:50:07.704+0000][102278.070s][info][gc,cpu      ] GC(4126) User=0.18s Sys=0.00s Real=0.03s
[2025-01-08T00:50:07.704+0000][102278.070s][info][gc          ] GC(4127) Concurrent Mark Cycle
[2025-01-08T00:50:07.704+0000][102278.070s][info][gc,marking  ] GC(4127) Concurrent Clear Claimed Marks
[2025-01-08T00:50:07.705+0000][102278.071s][info][gc,marking  ] GC(4127) Concurrent Clear Claimed Marks 0.939ms
[2025-01-08T00:50:07.705+0000][102278.071s][info][gc,marking  ] GC(4127) Concurrent Scan Root Regions
[2025-01-08T00:50:07.725+0000][102278.092s][info][gc,marking  ] GC(4127) Concurrent Scan Root Regions 20.810ms
[2025-01-08T00:50:07.726+0000][102278.092s][info][gc,marking  ] GC(4127) Concurrent Mark
[2025-01-08T00:50:07.726+0000][102278.092s][info][gc,marking  ] GC(4127) Concurrent Mark From Roots
[2025-01-08T00:50:07.726+0000][102278.092s][info][gc,task     ] GC(4127) Using 2 workers of 2 for marking
[2025-01-08T00:50:08.564+0000][102278.930s][info][gc,marking  ] GC(4127) Concurrent Mark From Roots 838.144ms
[2025-01-08T00:50:08.564+0000][102278.930s][info][gc,marking  ] GC(4127) Concurrent Preclean
[2025-01-08T00:50:08.566+0000][102278.932s][info][gc,marking  ] GC(4127) Concurrent Preclean 2.022ms
[2025-01-08T00:50:08.566+0000][102278.932s][info][gc,start    ] GC(4127) Pause Remark
[2025-01-08T00:50:08.592+0000][102278.959s][info][gc          ] GC(4127) Pause Remark 3146M->3146M(12288M) 26.622ms
[2025-01-08T00:50:08.593+0000][102278.959s][info][gc,cpu      ] GC(4127) User=0.15s Sys=0.00s Real=0.03s
[2025-01-08T00:50:08.593+0000][102278.959s][info][gc,marking  ] GC(4127) Concurrent Mark 867.145ms
[2025-01-08T00:50:08.593+0000][102278.959s][info][gc,marking  ] GC(4127) Concurrent Rebuild Remembered Sets
[2025-01-08T00:50:09.202+0000][102279.568s][info][gc,marking  ] GC(4127) Concurrent Rebuild Remembered Sets 609.375ms
[2025-01-08T00:50:09.202+0000][102279.568s][info][gc,start    ] GC(4127) Pause Cleanup
[2025-01-08T00:50:09.203+0000][102279.569s][info][gc          ] GC(4127) Pause Cleanup 3850M->3850M(12288M) 0.391ms
[2025-01-08T00:50:09.203+0000][102279.569s][info][gc,cpu      ] GC(4127) User=0.00s Sys=0.00s Real=0.00s
[2025-01-08T00:50:09.203+0000][102279.569s][info][gc,marking  ] GC(4127) Concurrent Cleanup for Next Mark
[2025-01-08T00:50:09.220+0000][102279.586s][info][gc,marking  ] GC(4127) Concurrent Cleanup for Next Mark 16.831ms
[2025-01-08T00:50:09.220+0000][102279.586s][info][gc          ] GC(4127) Concurrent Mark Cycle 1516.055ms
[2025-01-08T00:50:15.583+0000][102285.949s][info][gc,start    ] GC(4128) Pause Young (Prepare Mixed) (G1 Evacuation Pause)
[2025-01-08T00:50:15.583+0000][102285.949s][info][gc,task     ] GC(4128) Using 6 workers of 6 for evacuation
[2025-01-08T00:50:15.623+0000][102285.989s][info][gc,phases   ] GC(4128)   Pre Evacuate Collection Set: 0.2ms
[2025-01-08T00:50:15.623+0000][102285.989s][info][gc,phases   ] GC(4128)   Merge Heap Roots: 0.7ms
[2025-01-08T00:50:15.623+0000][102285.989s][info][gc,phases   ] GC(4128)   Evacuate Collection Set: 36.3ms
[2025-01-08T00:50:15.623+0000][102285.989s][info][gc,phases   ] GC(4128)   Post Evacuate Collection Set: 3.0ms
[2025-01-08T00:50:15.623+0000][102285.989s][info][gc,phases   ] GC(4128)   Other: 0.2ms
[2025-01-08T00:50:15.623+0000][102285.989s][info][gc,heap     ] GC(4128) Eden regions: 904->0(67)
[2025-01-08T00:50:15.623+0000][102285.990s][info][gc,heap     ] GC(4128) Survivor regions: 8->9(114)
[2025-01-08T00:50:15.623+0000][102285.990s][info][gc,heap     ] GC(4128) Old regions: 251->251
[2025-01-08T00:50:15.623+0000][102285.990s][info][gc,heap     ] GC(4128) Archive regions: 2->2
[2025-01-08T00:50:15.623+0000][102285.990s][info][gc,heap     ] GC(4128) Humongous regions: 49->49
[2025-01-08T00:50:15.623+0000][102285.990s][info][gc,metaspace] GC(4128) Metaspace: 506172K(515008K)->506172K(515008K) NonClass: 444566K(449024K)->444566K(449024K) Class: 61606K(65984K)->61606K(65984K)
[2025-01-08T00:50:15.623+0000][102285.990s][info][gc          ] GC(4128) Pause Young (Prepare Mixed) (G1 Evacuation Pause) 9690M->2470M(12288M) 40.503ms
[2025-01-08T00:50:15.623+0000][102285.990s][info][gc,cpu      ] GC(4128) User=0.23s Sys=0.00s Real=0.04s
[2025-01-08T00:50:16.066+0000][102286.432s][info][gc,start    ] GC(4129) Pause Young (Mixed) (G1 Evacuation Pause)
[2025-01-08T00:50:16.066+0000][102286.432s][info][gc,task     ] GC(4129) Using 6 workers of 6 for evacuation
[2025-01-08T00:50:16.126+0000][102286.492s][info][gc,phases   ] GC(4129)   Pre Evacuate Collection Set: 0.2ms
[2025-01-08T00:50:16.126+0000][102286.492s][info][gc,phases   ] GC(4129)   Merge Heap Roots: 0.7ms
[2025-01-08T00:50:16.126+0000][102286.492s][info][gc,phases   ] GC(4129)   Evacuate Collection Set: 56.8ms
[2025-01-08T00:50:16.126+0000][102286.492s][info][gc,phases   ] GC(4129)   Post Evacuate Collection Set: 1.7ms
[2025-01-08T00:50:16.126+0000][102286.492s][info][gc,phases   ] GC(4129)   Other: 0.2ms
[2025-01-08T00:50:16.126+0000][102286.492s][info][gc,heap     ] GC(4129) Eden regions: 67->0(906)
[2025-01-08T00:50:16.126+0000][102286.492s][info][gc,heap     ] GC(4129) Survivor regions: 9->5(10)
[2025-01-08T00:50:16.126+0000][102286.492s][info][gc,heap     ] GC(4129) Old regions: 251->251
[2025-01-08T00:50:16.126+0000][102286.492s][info][gc,heap     ] GC(4129) Archive regions: 2->2
[2025-01-08T00:50:16.126+0000][102286.492s][info][gc,heap     ] GC(4129) Humongous regions: 49->49
[2025-01-08T00:50:16.126+0000][102286.492s][info][gc,metaspace] GC(4129) Metaspace: 506172K(515008K)->506172K(515008K) NonClass: 444566K(449024K)->444566K(449024K) Class: 61606K(65984K)->61606K(65984K)
[2025-01-08T00:50:16.126+0000][102286.492s][info][gc          ] GC(4129) Pause Young (Mixed) (G1 Evacuation Pause) 3006M->2437M(12288M) 59.593ms
[2025-01-08T00:50:16.126+0000][102286.492s][info][gc,cpu      ] GC(4129) User=0.34s Sys=0.00s Real=0.06s
[2025-01-08T00:50:24.060+0000][102294.426s][info][gc,start    ] GC(4130) Pause Young (Normal) (G1 Evacuation Pause)
[2025-01-08T00:50:24.060+0000][102294.426s][info][gc,task     ] GC(4130) Using 6 workers of 6 for evacuation
[2025-01-08T00:50:24.087+0000][102294.453s][info][gc,phases   ] GC(4130)   Pre Evacuate Collection Set: 0.2ms
[2025-01-08T00:50:24.087+0000][102294.453s][info][gc,phases   ] GC(4130)   Merge Heap Roots: 0.4ms
[2025-01-08T00:50:24.087+0000][102294.453s][info][gc,phases   ] GC(4130)   Evacuate Collection Set: 23.8ms
[2025-01-08T00:50:24.087+0000][102294.453s][info][gc,phases   ] GC(4130)   Post Evacuate Collection Set: 2.5ms
[2025-01-08T00:50:24.087+0000][102294.453s][info][gc,phases   ] GC(4130)   Other: 0.2ms
[2025-01-08T00:50:24.087+0000][102294.453s][info][gc,heap     ] GC(4130) Eden regions: 906->0(907)
[2025-01-08T00:50:24.087+0000][102294.453s][info][gc,heap     ] GC(4130) Survivor regions: 5->6(114)
[2025-01-08T00:50:24.087+0000][102294.453s][info][gc,heap     ] GC(4130) Old regions: 251->251
[2025-01-08T00:50:24.087+0000][102294.453s][info][gc,heap     ] GC(4130) Archive regions: 2->2
[2025-01-08T00:50:24.087+0000][102294.453s][info][gc,heap     ] GC(4130) Humongous regions: 49->49
[2025-01-08T00:50:24.087+0000][102294.453s][info][gc,metaspace] GC(4130) Metaspace: 506172K(515008K)->506172K(515008K) NonClass: 444566K(449024K)->444566K(449024K) Class: 61606K(65984K)->61606K(65984K)
[2025-01-08T00:50:24.087+0000][102294.453s][info][gc          ] GC(4130) Pause Young (Normal) (G1 Evacuation Pause) 9685M->2446M(12288M) 27.274ms
[2025-01-08T00:50:24.087+0000][102294.453s][info][gc,cpu      ] GC(4130) User=0.16s Sys=0.00s Real=0.03s
[2025-01-08T00:50:29.992+0000][102300.358s][info][gc,start    ] GC(4131) Pause Young (Normal) (G1 Evacuation Pause)
[2025-01-08T00:50:29.992+0000][102300.358s][info][gc,task     ] GC(4131) Using 6 workers of 6 for evacuation
[2025-01-08T00:50:30.021+0000][102300.387s][info][gc,phases   ] GC(4131)   Pre Evacuate Collection Set: 0.2ms
[2025-01-08T00:50:30.021+0000][102300.387s][info][gc,phases   ] GC(4131)   Merge Heap Roots: 0.4ms
[2025-01-08T00:50:30.021+0000][102300.387s][info][gc,phases   ] GC(4131)   Evacuate Collection Set: 25.1ms
[2025-01-08T00:50:30.021+0000][102300.387s][info][gc,phases   ] GC(4131)   Post Evacuate Collection Set: 2.6ms
[2025-01-08T00:50:30.021+0000][102300.387s][info][gc,phases   ] GC(4131)   Other: 0.2ms
[2025-01-08T00:50:30.021+0000][102300.387s][info][gc,heap     ] GC(4131) Eden regions: 907->0(906)
[2025-01-08T00:50:30.021+0000][102300.387s][info][gc,heap     ] GC(4131) Survivor regions: 6->7(115)
[2025-01-08T00:50:30.021+0000][102300.387s][info][gc,heap     ] GC(4131) Old regions: 251->251
[2025-01-08T00:50:30.021+0000][102300.387s][info][gc,heap     ] GC(4131) Archive regions: 2->2
[2025-01-08T00:50:30.021+0000][102300.387s][info][gc,heap     ] GC(4131) Humongous regions: 49->49
[2025-01-08T00:50:30.021+0000][102300.387s][info][gc,metaspace] GC(4131) Metaspace: 506172K(515008K)->506172K(515008K) NonClass: 444566K(449024K)->444566K(449024K) Class: 61606K(65984K)->61606K(65984K)
[2025-01-08T00:50:30.021+0000][102300.387s][info][gc          ] GC(4131) Pause Young (Normal) (G1 Evacuation Pause) 9702M->2452M(12288M) 28.659ms
[2025-01-08T00:50:30.021+0000][102300.387s][info][gc,cpu      ] GC(4131) User=0.17s Sys=0.00s Real=0.02s
[2025-01-08T00:50:36.537+0000][102306.903s][info][gc,start    ] GC(4132) Pause Young (Concurrent Start) (G1 Evacuation Pause)
[2025-01-08T00:50:36.537+0000][102306.903s][info][gc,task     ] GC(4132) Using 6 workers of 6 for evacuation
[2025-01-08T00:50:36.571+0000][102306.937s][info][gc,phases   ] GC(4132)   Pre Evacuate Collection Set: 1.1ms
[2025-01-08T00:50:36.571+0000][102306.937s][info][gc,phases   ] GC(4132)   Merge Heap Roots: 0.5ms
[2025-01-08T00:50:36.571+0000][102306.937s][info][gc,phases   ] GC(4132)   Evacuate Collection Set: 29.8ms
[2025-01-08T00:50:36.571+0000][102306.937s][info][gc,phases   ] GC(4132)   Post Evacuate Collection Set: 2.6ms
[2025-01-08T00:50:36.571+0000][102306.937s][info][gc,phases   ] GC(4132)   Other: 0.3ms
[2025-01-08T00:50:36.571+0000][102306.937s][info][gc,heap     ] GC(4132) Eden regions: 906->0(903)
[2025-01-08T00:50:36.571+0000][102306.937s][info][gc,heap     ] GC(4132) Survivor regions: 7->9(115)
[2025-01-08T00:50:36.571+0000][102306.937s][info][gc,heap     ] GC(4132) Old regions: 251->251
[2025-01-08T00:50:36.571+0000][102306.937s][info][gc,heap     ] GC(4132) Archive regions: 2->2
[2025-01-08T00:50:36.571+0000][102306.937s][info][gc,heap     ] GC(4132) Humongous regions: 49->49
[2025-01-08T00:50:36.571+0000][102306.937s][info][gc,metaspace] GC(4132) Metaspace: 506172K(515008K)->506172K(515008K) NonClass: 444566K(449024K)->444566K(449024K) Class: 61606K(65984K)->61606K(65984K)
[2025-01-08T00:50:36.571+0000][102306.937s][info][gc          ] GC(4132) Pause Young (Concurrent Start) (G1 Evacuation Pause) 9700M->2467M(12288M) 34.322ms
[2025-01-08T00:50:36.571+0000][102306.937s][info][gc,cpu      ] GC(4132) User=0.19s Sys=0.00s Real=0.04s
[2025-01-08T00:50:36.571+0000][102306.937s][info][gc          ] GC(4133) Concurrent Mark Cycle
[2025-01-08T00:50:36.571+0000][102306.937s][info][gc,marking  ] GC(4133) Concurrent Clear Claimed Marks
[2025-01-08T00:50:36.572+0000][102306.938s][info][gc,marking  ] GC(4133) Concurrent Clear Claimed Marks 0.917ms
[2025-01-08T00:50:36.572+0000][102306.938s][info][gc,marking  ] GC(4133) Concurrent Scan Root Regions
[2025-01-08T00:50:36.596+0000][102306.962s][info][gc,marking  ] GC(4133) Concurrent Scan Root Regions 23.542ms
[2025-01-08T00:50:36.596+0000][102306.962s][info][gc,marking  ] GC(4133) Concurrent Mark
[2025-01-08T00:50:36.596+0000][102306.962s][info][gc,marking  ] GC(4133) Concurrent Mark From Roots
[2025-01-08T00:50:36.596+0000][102306.962s][info][gc,task     ] GC(4133) Using 2 workers of 2 for marking
[2025-01-08T00:50:37.831+0000][102308.197s][info][gc,marking  ] GC(4133) Concurrent Mark From Roots 1235.758ms
[2025-01-08T00:50:37.831+0000][102308.198s][info][gc,marking  ] GC(4133) Concurrent Preclean
[2025-01-08T00:50:37.833+0000][102308.199s][info][gc,marking  ] GC(4133) Concurrent Preclean 1.922ms
[2025-01-08T00:50:37.834+0000][102308.200s][info][gc,start    ] GC(4133) Pause Remark
[2025-01-08T00:50:37.860+0000][102308.226s][info][gc          ] GC(4133) Pause Remark 4183M->4183M(12288M) 26.135ms
[2025-01-08T00:50:37.860+0000][102308.226s][info][gc,cpu      ] GC(4133) User=0.15s Sys=0.00s Real=0.02s
[2025-01-08T00:50:37.860+0000][102308.226s][info][gc,marking  ] GC(4133) Concurrent Mark 1264.206ms
[2025-01-08T00:50:37.860+0000][102308.226s][info][gc,marking  ] GC(4133) Concurrent Rebuild Remembered Sets
[2025-01-08T00:50:38.428+0000][102308.795s][info][gc,marking  ] GC(4133) Concurrent Rebuild Remembered Sets 568.563ms
[2025-01-08T00:50:38.429+0000][102308.795s][info][gc,start    ] GC(4133) Pause Cleanup
[2025-01-08T00:50:38.429+0000][102308.795s][info][gc          ] GC(4133) Pause Cleanup 4715M->4715M(12288M) 0.365ms
[2025-01-08T00:50:38.429+0000][102308.795s][info][gc,cpu      ] GC(4133) User=0.00s Sys=0.00s Real=0.00s
[2025-01-08T00:50:38.429+0000][102308.795s][info][gc,marking  ] GC(4133) Concurrent Cleanup for Next Mark
[2025-01-08T00:50:38.445+0000][102308.811s][info][gc,marking  ] GC(4133) Concurrent Cleanup for Next Mark 15.759ms
[2025-01-08T00:50:38.445+0000][102308.811s][info][gc          ] GC(4133) Concurrent Mark Cycle 1873.913ms
[2025-01-08T00:50:42.003+0000][102312.369s][info][gc,start    ] GC(4134) Pause Young (Prepare Mixed) (G1 Evacuation Pause)
[2025-01-08T00:50:42.003+0000][102312.369s][info][gc,task     ] GC(4134) Using 6 workers of 6 for evacuation
[2025-01-08T00:50:42.044+0000][102312.410s][info][gc,phases   ] GC(4134)   Pre Evacuate Collection Set: 0.2ms
[2025-01-08T00:50:42.044+0000][102312.411s][info][gc,phases   ] GC(4134)   Merge Heap Roots: 0.8ms
[2025-01-08T00:50:42.044+0000][102312.411s][info][gc,phases   ] GC(4134)   Evacuate Collection Set: 34.3ms
[2025-01-08T00:50:42.044+0000][102312.411s][info][gc,phases   ] GC(4134)   Post Evacuate Collection Set: 6.0ms
[2025-01-08T00:50:42.044+0000][102312.411s][info][gc,phases   ] GC(4134)   Other: 0.2ms
[2025-01-08T00:50:42.044+0000][102312.411s][info][gc,heap     ] GC(4134) Eden regions: 903->0(65)
[2025-01-08T00:50:42.044+0000][102312.411s][info][gc,heap     ] GC(4134) Survivor regions: 9->11(114)
[2025-01-08T00:50:42.044+0000][102312.411s][info][gc,heap     ] GC(4134) Old regions: 251->251
[2025-01-08T00:50:42.044+0000][102312.411s][info][gc,heap     ] GC(4134) Archive regions: 2->2
[2025-01-08T00:50:42.044+0000][102312.411s][info][gc,heap     ] GC(4134) Humongous regions: 49->49
[2025-01-08T00:50:42.044+0000][102312.411s][info][gc,metaspace] GC(4134) Metaspace: 506172K(515008K)->506172K(515008K) NonClass: 444566K(449024K)->444566K(449024K) Class: 61606K(65984K)->61606K(65984K)
[2025-01-08T00:50:42.044+0000][102312.411s][info][gc          ] GC(4134) Pause Young (Prepare Mixed) (G1 Evacuation Pause) 9691M->2482M(12288M) 41.684ms
[2025-01-08T00:50:42.045+0000][102312.411s][info][gc,cpu      ] GC(4134) User=0.24s Sys=0.00s Real=0.04s
[2025-01-08T00:50:42.296+0000][102312.662s][info][gc,start    ] GC(4135) Pause Young (Mixed) (G1 Evacuation Pause)
[2025-01-08T00:50:42.296+0000][102312.662s][info][gc,task     ] GC(4135) Using 6 workers of 6 for evacuation
[2025-01-08T00:50:42.371+0000][102312.737s][info][gc,phases   ] GC(4135)   Pre Evacuate Collection Set: 0.2ms
[2025-01-08T00:50:42.371+0000][102312.737s][info][gc,phases   ] GC(4135)   Merge Heap Roots: 0.9ms
[2025-01-08T00:50:42.371+0000][102312.737s][info][gc,phases   ] GC(4135)   Evacuate Collection Set: 71.8ms
[2025-01-08T00:50:42.371+0000][102312.737s][info][gc,phases   ] GC(4135)   Post Evacuate Collection Set: 1.9ms
[2025-01-08T00:50:42.371+0000][102312.737s][info][gc,phases   ] GC(4135)   Other: 0.2ms
[2025-01-08T00:50:42.371+0000][102312.737s][info][gc,heap     ] GC(4135) Eden regions: 65->0(906)
[2025-01-08T00:50:42.371+0000][102312.737s][info][gc,heap     ] GC(4135) Survivor regions: 11->3(10)
[2025-01-08T00:50:42.371+0000][102312.737s][info][gc,heap     ] GC(4135) Old regions: 251->255
[2025-01-08T00:50:42.371+0000][102312.737s][info][gc,heap     ] GC(4135) Archive regions: 2->2
[2025-01-08T00:50:42.371+0000][102312.737s][info][gc,heap     ] GC(4135) Humongous regions: 49->49
[2025-01-08T00:50:42.371+0000][102312.737s][info][gc,metaspace] GC(4135) Metaspace: 506172K(515008K)->506172K(515008K) NonClass: 444566K(449024K)->444566K(449024K) Class: 61606K(65984K)->61606K(65984K)
[2025-01-08T00:50:42.371+0000][102312.737s][info][gc          ] GC(4135) Pause Young (Mixed) (G1 Evacuation Pause) 3002M->2449M(12288M) 75.094ms
[2025-01-08T00:50:42.371+0000][102312.737s][info][gc,cpu      ] GC(4135) User=0.42s Sys=0.01s Real=0.08s
[2025-01-08T00:50:49.380+0000][102319.746s][info][gc,start    ] GC(4136) Pause Young (Normal) (G1 Evacuation Pause)
[2025-01-08T00:50:49.380+0000][102319.746s][info][gc,task     ] GC(4136) Using 6 workers of 6 for evacuation
[2025-01-08T00:50:49.400+0000][102319.766s][info][gc,phases   ] GC(4136)   Pre Evacuate Collection Set: 0.2ms
[2025-01-08T00:50:49.400+0000][102319.766s][info][gc,phases   ] GC(4136)   Merge Heap Roots: 0.4ms
[2025-01-08T00:50:49.400+0000][102319.766s][info][gc,phases   ] GC(4136)   Evacuate Collection Set: 17.2ms
[2025-01-08T00:50:49.400+0000][102319.766s][info][gc,phases   ] GC(4136)   Post Evacuate Collection Set: 2.5ms
[2025-01-08T00:50:49.400+0000][102319.766s][info][gc,phases   ] GC(4136)   Other: 0.2ms
[2025-01-08T00:50:49.400+0000][102319.766s][info][gc,heap     ] GC(4136) Eden regions: 906->0(905)
[2025-01-08T00:50:49.400+0000][102319.766s][info][gc,heap     ] GC(4136) Survivor regions: 3->4(114)
[2025-01-08T00:50:49.400+0000][102319.766s][info][gc,heap     ] GC(4136) Old regions: 255->255
[2025-01-08T00:50:49.400+0000][102319.766s][info][gc,heap     ] GC(4136) Archive regions: 2->2
[2025-01-08T00:50:49.400+0000][102319.766s][info][gc,heap     ] GC(4136) Humongous regions: 49->49
[2025-01-08T00:50:49.400+0000][102319.766s][info][gc,metaspace] GC(4136) Metaspace: 506178K(515008K)->506178K(515008K) NonClass: 444572K(449024K)->444572K(449024K) Class: 61606K(65984K)->61606K(65984K)
[2025-01-08T00:50:49.400+0000][102319.766s][info][gc          ] GC(4136) Pause Young (Normal) (G1 Evacuation Pause) 9697M->2463M(12288M) 20.554ms
[2025-01-08T00:50:49.400+0000][102319.766s][info][gc,cpu      ] GC(4136) User=0.11s Sys=0.00s Real=0.02s
[2025-01-08T00:50:56.774+0000][102327.140s][info][gc,start    ] GC(4137) Pause Young (Normal) (G1 Evacuation Pause)
[2025-01-08T00:50:56.774+0000][102327.141s][info][gc,task     ] GC(4137) Using 6 workers of 6 for evacuation
[2025-01-08T00:50:56.798+0000][102327.164s][info][gc,phases   ] GC(4137)   Pre Evacuate Collection Set: 0.2ms
[2025-01-08T00:50:56.798+0000][102327.164s][info][gc,phases   ] GC(4137)   Merge Heap Roots: 0.4ms
[2025-01-08T00:50:56.798+0000][102327.164s][info][gc,phases   ] GC(4137)   Evacuate Collection Set: 18.7ms
[2025-01-08T00:50:56.798+0000][102327.164s][info][gc,phases   ] GC(4137)   Post Evacuate Collection Set: 3.9ms
[2025-01-08T00:50:56.798+0000][102327.164s][info][gc,phases   ] GC(4137)   Other: 0.2ms
[2025-01-08T00:50:56.798+0000][102327.164s][info][gc,heap     ] GC(4137) Eden regions: 905->0(902)
[2025-01-08T00:50:56.798+0000][102327.164s][info][gc,heap     ] GC(4137) Survivor regions: 4->6(114)
[2025-01-08T00:50:56.798+0000][102327.164s][info][gc,heap     ] GC(4137) Old regions: 255->255
[2025-01-08T00:50:56.798+0000][102327.164s][info][gc,heap     ] GC(4137) Archive regions: 2->2
[2025-01-08T00:50:56.798+0000][102327.164s][info][gc,heap     ] GC(4137) Humongous regions: 49->49
[2025-01-08T00:50:56.798+0000][102327.164s][info][gc,metaspace] GC(4137) Metaspace: 506178K(515008K)->506178K(515008K) NonClass: 444572K(449024K)->444572K(449024K) Class: 61606K(65984K)->61606K(65984K)
[2025-01-08T00:50:56.798+0000][102327.164s][info][gc          ] GC(4137) Pause Young (Normal) (G1 Evacuation Pause) 9703M->2475M(12288M) 23.526ms
[2025-01-08T00:50:56.798+0000][102327.164s][info][gc,cpu      ] GC(4137) User=0.14s Sys=0.00s Real=0.02s
[2025-01-08T00:51:05.660+0000][102336.026s][info][gc,start    ] GC(4138) Pause Young (Concurrent Start) (G1 Evacuation Pause)
[2025-01-08T00:51:05.660+0000][102336.026s][info][gc,task     ] GC(4138) Using 6 workers of 6 for evacuation
[2025-01-08T00:51:05.689+0000][102336.055s][info][gc,phases   ] GC(4138)   Pre Evacuate Collection Set: 1.1ms
[2025-01-08T00:51:05.689+0000][102336.055s][info][gc,phases   ] GC(4138)   Merge Heap Roots: 0.5ms
[2025-01-08T00:51:05.689+0000][102336.055s][info][gc,phases   ] GC(4138)   Evacuate Collection Set: 24.1ms
[2025-01-08T00:51:05.689+0000][102336.055s][info][gc,phases   ] GC(4138)   Post Evacuate Collection Set: 2.6ms
[2025-01-08T00:51:05.689+0000][102336.055s][info][gc,phases   ] GC(4138)   Other: 0.3ms
[2025-01-08T00:51:05.689+0000][102336.055s][info][gc,heap     ] GC(4138) Eden regions: 902->0(901)
[2025-01-08T00:51:05.689+0000][102336.055s][info][gc,heap     ] GC(4138) Survivor regions: 6->7(114)
[2025-01-08T00:51:05.689+0000][102336.055s][info][gc,heap     ] GC(4138) Old regions: 255->255
[2025-01-08T00:51:05.689+0000][102336.055s][info][gc,heap     ] GC(4138) Archive regions: 2->2
[2025-01-08T00:51:05.689+0000][102336.055s][info][gc,heap     ] GC(4138) Humongous regions: 49->49
[2025-01-08T00:51:05.689+0000][102336.055s][info][gc,metaspace] GC(4138) Metaspace: 506178K(515008K)->506178K(515008K) NonClass: 444572K(449024K)->444572K(449024K) Class: 61606K(65984K)->61606K(65984K)
[2025-01-08T00:51:05.689+0000][102336.055s][info][gc          ] GC(4138) Pause Young (Concurrent Start) (G1 Evacuation Pause) 9691M->2482M(12288M) 28.586ms
[2025-01-08T00:51:05.689+0000][102336.055s][info][gc,cpu      ] GC(4138) User=0.15s Sys=0.01s Real=0.03s
[2025-01-08T00:51:05.689+0000][102336.055s][info][gc          ] GC(4139) Concurrent Mark Cycle
[2025-01-08T00:51:05.689+0000][102336.055s][info][gc,marking  ] GC(4139) Concurrent Clear Claimed Marks
[2025-01-08T00:51:05.690+0000][102336.056s][info][gc,marking  ] GC(4139) Concurrent Clear Claimed Marks 0.864ms
[2025-01-08T00:51:05.690+0000][102336.056s][info][gc,marking  ] GC(4139) Concurrent Scan Root Regions
[2025-01-08T00:51:05.714+0000][102336.080s][info][gc,marking  ] GC(4139) Concurrent Scan Root Regions 24.090ms
[2025-01-08T00:51:05.714+0000][102336.080s][info][gc,marking  ] GC(4139) Concurrent Mark
[2025-01-08T00:51:05.714+0000][102336.080s][info][gc,marking  ] GC(4139) Concurrent Mark From Roots
[2025-01-08T00:51:05.714+0000][102336.080s][info][gc,task     ] GC(4139) Using 2 workers of 2 for marking
[2025-01-08T00:51:06.703+0000][102337.069s][info][gc,marking  ] GC(4139) Concurrent Mark From Roots 989.398ms
[2025-01-08T00:51:06.703+0000][102337.069s][info][gc,marking  ] GC(4139) Concurrent Preclean
[2025-01-08T00:51:06.705+0000][102337.071s][info][gc,marking  ] GC(4139) Concurrent Preclean 1.822ms
[2025-01-08T00:51:06.705+0000][102337.071s][info][gc,start    ] GC(4139) Pause Remark
[2025-01-08T00:51:06.731+0000][102337.097s][info][gc          ] GC(4139) Pause Remark 3606M->3606M(12288M) 26.109ms
[2025-01-08T00:51:06.731+0000][102337.097s][info][gc,cpu      ] GC(4139) User=0.14s Sys=0.01s Real=0.03s
[2025-01-08T00:51:06.731+0000][102337.098s][info][gc,marking  ] GC(4139) Concurrent Mark 1017.655ms
[2025-01-08T00:51:06.731+0000][102337.098s][info][gc,marking  ] GC(4139) Concurrent Rebuild Remembered Sets
[2025-01-08T00:51:07.516+0000][102337.882s][info][gc,marking  ] GC(4139) Concurrent Rebuild Remembered Sets 784.231ms
[2025-01-08T00:51:07.517+0000][102337.883s][info][gc,start    ] GC(4139) Pause Cleanup
[2025-01-08T00:51:07.517+0000][102337.883s][info][gc          ] GC(4139) Pause Cleanup 4826M->4826M(12288M) 0.476ms
[2025-01-08T00:51:07.517+0000][102337.883s][info][gc,cpu      ] GC(4139) User=0.00s Sys=0.00s Real=0.00s
[2025-01-08T00:51:07.517+0000][102337.883s][info][gc,marking  ] GC(4139) Concurrent Cleanup for Next Mark
[2025-01-08T00:51:07.534+0000][102337.900s][info][gc,marking  ] GC(4139) Concurrent Cleanup for Next Mark 16.408ms
[2025-01-08T00:51:07.534+0000][102337.900s][info][gc          ] GC(4139) Concurrent Mark Cycle 1844.833ms
[2025-01-08T00:51:13.193+0000][102343.559s][info][gc,start    ] GC(4140) Pause Young (Prepare Mixed) (G1 Evacuation Pause)
[2025-01-08T00:51:13.193+0000][102343.559s][info][gc,task     ] GC(4140) Using 6 workers of 6 for evacuation
[2025-01-08T00:51:13.225+0000][102343.591s][info][gc,phases   ] GC(4140)   Pre Evacuate Collection Set: 0.2ms
[2025-01-08T00:51:13.225+0000][102343.591s][info][gc,phases   ] GC(4140)   Merge Heap Roots: 0.7ms
[2025-01-08T00:51:13.225+0000][102343.591s][info][gc,phases   ] GC(4140)   Evacuate Collection Set: 28.4ms
[2025-01-08T00:51:13.225+0000][102343.591s][info][gc,phases   ] GC(4140)   Post Evacuate Collection Set: 2.8ms
[2025-01-08T00:51:13.225+0000][102343.591s][info][gc,phases   ] GC(4140)   Other: 0.2ms
[2025-01-08T00:51:13.225+0000][102343.591s][info][gc,heap     ] GC(4140) Eden regions: 901->0(67)
[2025-01-08T00:51:13.225+0000][102343.591s][info][gc,heap     ] GC(4140) Survivor regions: 7->9(114)
[2025-01-08T00:51:13.225+0000][102343.591s][info][gc,heap     ] GC(4140) Old regions: 255->255
[2025-01-08T00:51:13.225+0000][102343.591s][info][gc,heap     ] GC(4140) Archive regions: 2->2
[2025-01-08T00:51:13.225+0000][102343.591s][info][gc,heap     ] GC(4140) Humongous regions: 49->49
[2025-01-08T00:51:13.225+0000][102343.591s][info][gc,metaspace] GC(4140) Metaspace: 506178K(515008K)->506178K(515008K) NonClass: 444572K(449024K)->444572K(449024K) Class: 61606K(65984K)->61606K(65984K)
[2025-01-08T00:51:13.225+0000][102343.591s][info][gc          ] GC(4140) Pause Young (Prepare Mixed) (G1 Evacuation Pause) 9690M->2496M(12288M) 32.340ms
[2025-01-08T00:51:13.225+0000][102343.591s][info][gc,cpu      ] GC(4140) User=0.18s Sys=0.00s Real=0.03s
[2025-01-08T00:51:13.697+0000][102344.063s][info][gc,start    ] GC(4141) Pause Young (Mixed) (G1 Evacuation Pause)
[2025-01-08T00:51:13.697+0000][102344.063s][info][gc,task     ] GC(4141) Using 6 workers of 6 for evacuation
[2025-01-08T00:51:13.736+0000][102344.102s][info][gc,phases   ] GC(4141)   Pre Evacuate Collection Set: 0.2ms
[2025-01-08T00:51:13.736+0000][102344.102s][info][gc,phases   ] GC(4141)   Merge Heap Roots: 0.5ms
[2025-01-08T00:51:13.736+0000][102344.102s][info][gc,phases   ] GC(4141)   Evacuate Collection Set: 36.6ms
[2025-01-08T00:51:13.736+0000][102344.102s][info][gc,phases   ] GC(4141)   Post Evacuate Collection Set: 1.6ms
[2025-01-08T00:51:13.736+0000][102344.102s][info][gc,phases   ] GC(4141)   Other: 0.2ms
[2025-01-08T00:51:13.736+0000][102344.102s][info][gc,heap     ] GC(4141) Eden regions: 67->0(905)
[2025-01-08T00:51:13.736+0000][102344.102s][info][gc,heap     ] GC(4141) Survivor regions: 9->6(10)
[2025-01-08T00:51:13.736+0000][102344.102s][info][gc,heap     ] GC(4141) Old regions: 255->252
[2025-01-08T00:51:13.736+0000][102344.102s][info][gc,heap     ] GC(4141) Archive regions: 2->2
[2025-01-08T00:51:13.736+0000][102344.102s][info][gc,heap     ] GC(4141) Humongous regions: 49->49
[2025-01-08T00:51:13.736+0000][102344.102s][info][gc,metaspace] GC(4141) Metaspace: 506178K(515008K)->506178K(515008K) NonClass: 444572K(449024K)->444572K(449024K) Class: 61606K(65984K)->61606K(65984K)
[2025-01-08T00:51:13.736+0000][102344.102s][info][gc          ] GC(4141) Pause Young (Mixed) (G1 Evacuation Pause) 3032M->2451M(12288M) 39.152ms
[2025-01-08T00:51:13.736+0000][102344.102s][info][gc,cpu      ] GC(4141) User=0.22s Sys=0.00s Real=0.04s
[2025-01-08T00:51:21.015+0000][102351.381s][info][gc,start    ] GC(4142) Pause Young (Normal) (G1 Evacuation Pause)
[2025-01-08T00:51:21.015+0000][102351.381s][info][gc,task     ] GC(4142) Using 6 workers of 6 for evacuation
[2025-01-08T00:51:21.040+0000][102351.406s][info][gc,phases   ] GC(4142)   Pre Evacuate Collection Set: 0.2ms
[2025-01-08T00:51:21.040+0000][102351.406s][info][gc,phases   ] GC(4142)   Merge Heap Roots: 0.4ms
[2025-01-08T00:51:21.040+0000][102351.406s][info][gc,phases   ] GC(4142)   Evacuate Collection Set: 21.5ms
[2025-01-08T00:51:21.040+0000][102351.406s][info][gc,phases   ] GC(4142)   Post Evacuate Collection Set: 2.5ms
[2025-01-08T00:51:21.040+0000][102351.406s][info][gc,phases   ] GC(4142)   Other: 0.2ms
[2025-01-08T00:51:21.040+0000][102351.406s][info][gc,heap     ] GC(4142) Eden regions: 905->0(904)
[2025-01-08T00:51:21.040+0000][102351.406s][info][gc,heap     ] GC(4142) Survivor regions: 6->7(114)
[2025-01-08T00:51:21.040+0000][102351.406s][info][gc,heap     ] GC(4142) Old regions: 252->252
[2025-01-08T00:51:21.040+0000][102351.406s][info][gc,heap     ] GC(4142) Archive regions: 2->2
[2025-01-08T00:51:21.040+0000][102351.406s][info][gc,heap     ] GC(4142) Humongous regions: 49->49
[2025-01-08T00:51:21.040+0000][102351.406s][info][gc,metaspace] GC(4142) Metaspace: 506178K(515008K)->506178K(515008K) NonClass: 444572K(449024K)->444572K(449024K) Class: 61606K(65984K)->61606K(65984K)
[2025-01-08T00:51:21.040+0000][102351.406s][info][gc          ] GC(4142) Pause Young (Normal) (G1 Evacuation Pause) 9691M->2457M(12288M) 24.880ms
[2025-01-08T00:51:21.040+0000][102351.406s][info][gc,cpu      ] GC(4142) User=0.14s Sys=0.00s Real=0.02s
[2025-01-08T00:51:28.118+0000][102358.485s][info][gc,start    ] GC(4143) Pause Young (Normal) (G1 Evacuation Pause)
[2025-01-08T00:51:28.119+0000][102358.485s][info][gc,task     ] GC(4143) Using 6 workers of 6 for evacuation
[2025-01-08T00:51:28.146+0000][102358.512s][info][gc,phases   ] GC(4143)   Pre Evacuate Collection Set: 0.2ms
[2025-01-08T00:51:28.146+0000][102358.512s][info][gc,phases   ] GC(4143)   Merge Heap Roots: 0.4ms
[2025-01-08T00:51:28.146+0000][102358.512s][info][gc,phases   ] GC(4143)   Evacuate Collection Set: 24.0ms
[2025-01-08T00:51:28.146+0000][102358.512s][info][gc,phases   ] GC(4143)   Post Evacuate Collection Set: 2.5ms
[2025-01-08T00:51:28.146+0000][102358.512s][info][gc,phases   ] GC(4143)   Other: 0.2ms
[2025-01-08T00:51:28.146+0000][102358.512s][info][gc,heap     ] GC(4143) Eden regions: 904->0(903)
[2025-01-08T00:51:28.146+0000][102358.512s][info][gc,heap     ] GC(4143) Survivor regions: 7->8(114)
[2025-01-08T00:51:28.146+0000][102358.512s][info][gc,heap     ] GC(4143) Old regions: 252->252
[2025-01-08T00:51:28.146+0000][102358.512s][info][gc,heap     ] GC(4143) Archive regions: 2->2
[2025-01-08T00:51:28.146+0000][102358.512s][info][gc,heap     ] GC(4143) Humongous regions: 49->49
[2025-01-08T00:51:28.146+0000][102358.512s][info][gc,metaspace] GC(4143) Metaspace: 506178K(515008K)->506178K(515008K) NonClass: 444572K(449024K)->444572K(449024K) Class: 61606K(65984K)->61606K(65984K)
[2025-01-08T00:51:28.146+0000][102358.512s][info][gc          ] GC(4143) Pause Young (Normal) (G1 Evacuation Pause) 9689M->2467M(12288M) 27.418ms
[2025-01-08T00:51:28.146+0000][102358.512s][info][gc,cpu      ] GC(4143) User=0.16s Sys=0.00s Real=0.03s
[2025-01-08T00:51:36.730+0000][102367.096s][info][gc,start    ] GC(4144) Pause Young (Concurrent Start) (G1 Evacuation Pause)
[2025-01-08T00:51:36.730+0000][102367.096s][info][gc,task     ] GC(4144) Using 6 workers of 6 for evacuation
[2025-01-08T00:51:36.765+0000][102367.131s][info][gc,phases   ] GC(4144)   Pre Evacuate Collection Set: 1.1ms
[2025-01-08T00:51:36.765+0000][102367.131s][info][gc,phases   ] GC(4144)   Merge Heap Roots: 0.5ms
[2025-01-08T00:51:36.765+0000][102367.131s][info][gc,phases   ] GC(4144)   Evacuate Collection Set: 27.7ms
[2025-01-08T00:51:36.765+0000][102367.131s][info][gc,phases   ] GC(4144)   Post Evacuate Collection Set: 5.1ms
[2025-01-08T00:51:36.765+0000][102367.131s][info][gc,phases   ] GC(4144)   Other: 0.3ms
[2025-01-08T00:51:36.765+0000][102367.131s][info][gc,heap     ] GC(4144) Eden regions: 903->0(900)
[2025-01-08T00:51:36.765+0000][102367.131s][info][gc,heap     ] GC(4144) Survivor regions: 8->10(114)
[2025-01-08T00:51:36.765+0000][102367.131s][info][gc,heap     ] GC(4144) Old regions: 252->252
[2025-01-08T00:51:36.765+0000][102367.131s][info][gc,heap     ] GC(4144) Archive regions: 2->2
[2025-01-08T00:51:36.765+0000][102367.131s][info][gc,heap     ] GC(4144) Humongous regions: 49->49
[2025-01-08T00:51:36.765+0000][102367.131s][info][gc,metaspace] GC(4144) Metaspace: 506178K(515008K)->506178K(515008K) NonClass: 444572K(449024K)->444572K(449024K) Class: 61606K(65984K)->61606K(65984K)
[2025-01-08T00:51:36.765+0000][102367.131s][info][gc          ] GC(4144) Pause Young (Concurrent Start) (G1 Evacuation Pause) 9691M->2487M(12288M) 34.791ms
[2025-01-08T00:51:36.765+0000][102367.131s][info][gc,cpu      ] GC(4144) User=0.20s Sys=0.01s Real=0.03s
[2025-01-08T00:51:36.765+0000][102367.131s][info][gc          ] GC(4145) Concurrent Mark Cycle
[2025-01-08T00:51:36.765+0000][102367.131s][info][gc,marking  ] GC(4145) Concurrent Clear Claimed Marks
[2025-01-08T00:51:36.766+0000][102367.132s][info][gc,marking  ] GC(4145) Concurrent Clear Claimed Marks 0.879ms
[2025-01-08T00:51:36.766+0000][102367.132s][info][gc,marking  ] GC(4145) Concurrent Scan Root Regions
[2025-01-08T00:51:36.787+0000][102367.153s][info][gc,marking  ] GC(4145) Concurrent Scan Root Regions 21.241ms
[2025-01-08T00:51:36.787+0000][102367.153s][info][gc,marking  ] GC(4145) Concurrent Mark
[2025-01-08T00:51:36.787+0000][102367.153s][info][gc,marking  ] GC(4145) Concurrent Mark From Roots
[2025-01-08T00:51:36.787+0000][102367.153s][info][gc,task     ] GC(4145) Using 2 workers of 2 for marking
[2025-01-08T00:51:37.793+0000][102368.159s][info][gc,marking  ] GC(4145) Concurrent Mark From Roots 1005.500ms
[2025-01-08T00:51:37.793+0000][102368.159s][info][gc,marking  ] GC(4145) Concurrent Preclean
[2025-01-08T00:51:37.795+0000][102368.161s][info][gc,marking  ] GC(4145) Concurrent Preclean 1.811ms
[2025-01-08T00:51:37.795+0000][102368.161s][info][gc,start    ] GC(4145) Pause Remark
[2025-01-08T00:51:37.821+0000][102368.187s][info][gc          ] GC(4145) Pause Remark 3563M->3563M(12288M) 25.938ms
[2025-01-08T00:51:37.821+0000][102368.187s][info][gc,cpu      ] GC(4145) User=0.14s Sys=0.00s Real=0.02s
[2025-01-08T00:51:37.821+0000][102368.187s][info][gc,marking  ] GC(4145) Concurrent Mark 1033.554ms
[2025-01-08T00:51:37.821+0000][102368.187s][info][gc,marking  ] GC(4145) Concurrent Rebuild Remembered Sets
[2025-01-08T00:51:38.327+0000][102368.693s][info][gc,marking  ] GC(4145) Concurrent Rebuild Remembered Sets 505.950ms
[2025-01-08T00:51:38.327+0000][102368.693s][info][gc,start    ] GC(4145) Pause Cleanup
[2025-01-08T00:51:38.327+0000][102368.693s][info][gc          ] GC(4145) Pause Cleanup 3643M->3643M(12288M) 0.420ms
[2025-01-08T00:51:38.327+0000][102368.693s][info][gc,cpu      ] GC(4145) User=0.00s Sys=0.00s Real=0.00s
[2025-01-08T00:51:38.327+0000][102368.694s][info][gc,marking  ] GC(4145) Concurrent Cleanup for Next Mark
[2025-01-08T00:51:38.343+0000][102368.709s][info][gc,marking  ] GC(4145) Concurrent Cleanup for Next Mark 15.403ms
[2025-01-08T00:51:38.343+0000][102368.709s][info][gc          ] GC(4145) Concurrent Mark Cycle 1577.823ms
[2025-01-08T00:51:46.758+0000][102377.124s][info][gc,start    ] GC(4146) Pause Young (Prepare Mixed) (G1 Evacuation Pause)
[2025-01-08T00:51:46.758+0000][102377.124s][info][gc,task     ] GC(4146) Using 6 workers of 6 for evacuation
[2025-01-08T00:51:46.798+0000][102377.164s][info][gc,phases   ] GC(4146)   Pre Evacuate Collection Set: 0.2ms
[2025-01-08T00:51:46.798+0000][102377.164s][info][gc,phases   ] GC(4146)   Merge Heap Roots: 0.8ms
[2025-01-08T00:51:46.798+0000][102377.164s][info][gc,phases   ] GC(4146)   Evacuate Collection Set: 34.8ms
[2025-01-08T00:51:46.798+0000][102377.164s][info][gc,phases   ] GC(4146)   Post Evacuate Collection Set: 4.2ms
[2025-01-08T00:51:46.798+0000][102377.164s][info][gc,phases   ] GC(4146)   Other: 0.2ms
[2025-01-08T00:51:46.798+0000][102377.164s][info][gc,heap     ] GC(4146) Eden regions: 900->0(64)
[2025-01-08T00:51:46.798+0000][102377.164s][info][gc,heap     ] GC(4146) Survivor regions: 10->12(114)
[2025-01-08T00:51:46.798+0000][102377.164s][info][gc,heap     ] GC(4146) Old regions: 252->252
[2025-01-08T00:51:46.798+0000][102377.164s][info][gc,heap     ] GC(4146) Archive regions: 2->2
[2025-01-08T00:51:46.798+0000][102377.164s][info][gc,heap     ] GC(4146) Humongous regions: 49->49
[2025-01-08T00:51:46.798+0000][102377.164s][info][gc,metaspace] GC(4146) Metaspace: 506178K(515008K)->506178K(515008K) NonClass: 444572K(449024K)->444572K(449024K) Class: 61606K(65984K)->61606K(65984K)
[2025-01-08T00:51:46.798+0000][102377.164s][info][gc          ] GC(4146) Pause Young (Prepare Mixed) (G1 Evacuation Pause) 9687M->2497M(12288M) 40.272ms
[2025-01-08T00:51:46.798+0000][102377.164s][info][gc,cpu      ] GC(4146) User=0.23s Sys=0.00s Real=0.04s
[2025-01-08T00:51:47.479+0000][102377.846s][info][gc,start    ] GC(4147) Pause Young (Mixed) (G1 Evacuation Pause)
[2025-01-08T00:51:47.480+0000][102377.846s][info][gc,task     ] GC(4147) Using 6 workers of 6 for evacuation
[2025-01-08T00:51:47.532+0000][102377.898s][info][gc,phases   ] GC(4147)   Pre Evacuate Collection Set: 0.2ms
[2025-01-08T00:51:47.532+0000][102377.898s][info][gc,phases   ] GC(4147)   Merge Heap Roots: 0.6ms
[2025-01-08T00:51:47.532+0000][102377.898s][info][gc,phases   ] GC(4147)   Evacuate Collection Set: 50.0ms
[2025-01-08T00:51:47.532+0000][102377.898s][info][gc,phases   ] GC(4147)   Post Evacuate Collection Set: 1.5ms
[2025-01-08T00:51:47.532+0000][102377.898s][info][gc,phases   ] GC(4147)   Other: 0.2ms
[2025-01-08T00:51:47.532+0000][102377.898s][info][gc,heap     ] GC(4147) Eden regions: 64->0(902)
[2025-01-08T00:51:47.532+0000][102377.898s][info][gc,heap     ] GC(4147) Survivor regions: 12->5(10)
[2025-01-08T00:51:47.532+0000][102377.898s][info][gc,heap     ] GC(4147) Old regions: 252->254
[2025-01-08T00:51:47.532+0000][102377.898s][info][gc,heap     ] GC(4147) Archive regions: 2->2
[2025-01-08T00:51:47.532+0000][102377.898s][info][gc,heap     ] GC(4147) Humongous regions: 49->49
[2025-01-08T00:51:47.532+0000][102377.898s][info][gc,metaspace] GC(4147) Metaspace: 506178K(515008K)->506178K(515008K) NonClass: 444572K(449024K)->444572K(449024K) Class: 61606K(65984K)->61606K(65984K)
[2025-01-08T00:51:47.532+0000][102377.898s][info][gc          ] GC(4147) Pause Young (Mixed) (G1 Evacuation Pause) 3009M->2461M(12288M) 52.546ms
[2025-01-08T00:51:47.532+0000][102377.898s][info][gc,cpu      ] GC(4147) User=0.31s Sys=0.00s Real=0.06s
[2025-01-08T00:51:54.464+0000][102384.830s][info][gc,start    ] GC(4148) Pause Young (Normal) (G1 Evacuation Pause)
[2025-01-08T00:51:54.464+0000][102384.830s][info][gc,task     ] GC(4148) Using 6 workers of 6 for evacuation
[2025-01-08T00:51:54.488+0000][102384.854s][info][gc,phases   ] GC(4148)   Pre Evacuate Collection Set: 0.2ms
[2025-01-08T00:51:54.488+0000][102384.854s][info][gc,phases   ] GC(4148)   Merge Heap Roots: 0.4ms
[2025-01-08T00:51:54.488+0000][102384.854s][info][gc,phases   ] GC(4148)   Evacuate Collection Set: 21.3ms
[2025-01-08T00:51:54.488+0000][102384.854s][info][gc,phases   ] GC(4148)   Post Evacuate Collection Set: 2.5ms
[2025-01-08T00:51:54.488+0000][102384.854s][info][gc,phases   ] GC(4148)   Other: 0.2ms
[2025-01-08T00:51:54.488+0000][102384.854s][info][gc,heap     ] GC(4148) Eden regions: 902->0(903)
[2025-01-08T00:51:54.488+0000][102384.854s][info][gc,heap     ] GC(4148) Survivor regions: 5->6(114)
[2025-01-08T00:51:54.488+0000][102384.854s][info][gc,heap     ] GC(4148) Old regions: 254->254
[2025-01-08T00:51:54.488+0000][102384.854s][info][gc,heap     ] GC(4148) Archive regions: 2->2
[2025-01-08T00:51:54.488+0000][102384.854s][info][gc,heap     ] GC(4148) Humongous regions: 49->49
[2025-01-08T00:51:54.488+0000][102384.854s][info][gc,metaspace] GC(4148) Metaspace: 506178K(515008K)->506178K(515008K) NonClass: 444572K(449024K)->444572K(449024K) Class: 61606K(65984K)->61606K(65984K)
[2025-01-08T00:51:54.488+0000][102384.854s][info][gc          ] GC(4148) Pause Young (Normal) (G1 Evacuation Pause) 9677M->2467M(12288M) 24.670ms
[2025-01-08T00:51:54.488+0000][102384.854s][info][gc,cpu      ] GC(4148) User=0.14s Sys=0.00s Real=0.02s
[2025-01-08T00:52:04.138+0000][102394.504s][info][gc,start    ] GC(4149) Pause Young (Normal) (G1 Evacuation Pause)
[2025-01-08T00:52:04.138+0000][102394.504s][info][gc,task     ] GC(4149) Using 6 workers of 6 for evacuation
[2025-01-08T00:52:04.173+0000][102394.539s][info][gc,phases   ] GC(4149)   Pre Evacuate Collection Set: 0.2ms
[2025-01-08T00:52:04.173+0000][102394.539s][info][gc,phases   ] GC(4149)   Merge Heap Roots: 0.5ms
[2025-01-08T00:52:04.173+0000][102394.539s][info][gc,phases   ] GC(4149)   Evacuate Collection Set: 31.5ms
[2025-01-08T00:52:04.173+0000][102394.539s][info][gc,phases   ] GC(4149)   Post Evacuate Collection Set: 2.6ms
[2025-01-08T00:52:04.173+0000][102394.539s][info][gc,phases   ] GC(4149)   Other: 0.2ms
[2025-01-08T00:52:04.173+0000][102394.539s][info][gc,heap     ] GC(4149) Eden regions: 903->0(901)
[2025-01-08T00:52:04.173+0000][102394.539s][info][gc,heap     ] GC(4149) Survivor regions: 6->8(114)
[2025-01-08T00:52:04.173+0000][102394.539s][info][gc,heap     ] GC(4149) Old regions: 254->254
[2025-01-08T00:52:04.173+0000][102394.539s][info][gc,heap     ] GC(4149) Archive regions: 2->2
[2025-01-08T00:52:04.173+0000][102394.539s][info][gc,heap     ] GC(4149) Humongous regions: 49->49
[2025-01-08T00:52:04.173+0000][102394.539s][info][gc,metaspace] GC(4149) Metaspace: 506178K(515008K)->506178K(515008K) NonClass: 444572K(449024K)->444572K(449024K) Class: 61606K(65984K)->61606K(65984K)
[2025-01-08T00:52:04.173+0000][102394.539s][info][gc          ] GC(4149) Pause Young (Normal) (G1 Evacuation Pause) 9691M->2483M(12288M) 34.992ms
[2025-01-08T00:52:04.173+0000][102394.539s][info][gc,cpu      ] GC(4149) User=0.20s Sys=0.00s Real=0.04s
[2025-01-08T00:52:13.616+0000][102403.982s][info][gc,start    ] GC(4150) Pause Young (Concurrent Start) (G1 Evacuation Pause)
[2025-01-08T00:52:13.616+0000][102403.982s][info][gc,task     ] GC(4150) Using 6 workers of 6 for evacuation
[2025-01-08T00:52:13.651+0000][102404.017s][info][gc,phases   ] GC(4150)   Pre Evacuate Collection Set: 1.1ms
[2025-01-08T00:52:13.651+0000][102404.017s][info][gc,phases   ] GC(4150)   Merge Heap Roots: 0.5ms
[2025-01-08T00:52:13.651+0000][102404.017s][info][gc,phases   ] GC(4150)   Evacuate Collection Set: 30.2ms
[2025-01-08T00:52:13.651+0000][102404.017s][info][gc,phases   ] GC(4150)   Post Evacuate Collection Set: 2.7ms
[2025-01-08T00:52:13.651+0000][102404.017s][info][gc,phases   ] GC(4150)   Other: 0.3ms
[2025-01-08T00:52:13.651+0000][102404.017s][info][gc,heap     ] GC(4150) Eden regions: 901->0(900)
[2025-01-08T00:52:13.651+0000][102404.017s][info][gc,heap     ] GC(4150) Survivor regions: 8->9(114)
[2025-01-08T00:52:13.651+0000][102404.017s][info][gc,heap     ] GC(4150) Old regions: 254->254
[2025-01-08T00:52:13.651+0000][102404.017s][info][gc,heap     ] GC(4150) Archive regions: 2->2
[2025-01-08T00:52:13.651+0000][102404.017s][info][gc,heap     ] GC(4150) Humongous regions: 49->49
[2025-01-08T00:52:13.651+0000][102404.017s][info][gc,metaspace] GC(4150) Metaspace: 506178K(515008K)->506178K(515008K) NonClass: 444572K(449024K)->444572K(449024K) Class: 61606K(65984K)->61606K(65984K)
[2025-01-08T00:52:13.651+0000][102404.017s][info][gc          ] GC(4150) Pause Young (Concurrent Start) (G1 Evacuation Pause) 9691M->2489M(12288M) 34.911ms
[2025-01-08T00:52:13.651+0000][102404.017s][info][gc,cpu      ] GC(4150) User=0.19s Sys=0.01s Real=0.04s
[2025-01-08T00:52:13.651+0000][102404.017s][info][gc          ] GC(4151) Concurrent Mark Cycle
[2025-01-08T00:52:13.651+0000][102404.017s][info][gc,marking  ] GC(4151) Concurrent Clear Claimed Marks
[2025-01-08T00:52:13.652+0000][102404.018s][info][gc,marking  ] GC(4151) Concurrent Clear Claimed Marks 0.893ms
[2025-01-08T00:52:13.652+0000][102404.018s][info][gc,marking  ] GC(4151) Concurrent Scan Root Regions
[2025-01-08T00:52:13.675+0000][102404.041s][info][gc,marking  ] GC(4151) Concurrent Scan Root Regions 22.941ms
[2025-01-08T00:52:13.675+0000][102404.041s][info][gc,marking  ] GC(4151) Concurrent Mark
[2025-01-08T00:52:13.675+0000][102404.041s][info][gc,marking  ] GC(4151) Concurrent Mark From Roots
[2025-01-08T00:52:13.675+0000][102404.041s][info][gc,task     ] GC(4151) Using 2 workers of 2 for marking
[2025-01-08T00:52:14.504+0000][102404.870s][info][gc,marking  ] GC(4151) Concurrent Mark From Roots 829.116ms
[2025-01-08T00:52:14.504+0000][102404.870s][info][gc,marking  ] GC(4151) Concurrent Preclean
[2025-01-08T00:52:14.506+0000][102404.872s][info][gc,marking  ] GC(4151) Concurrent Preclean 1.866ms
[2025-01-08T00:52:14.506+0000][102404.872s][info][gc,start    ] GC(4151) Pause Remark
[2025-01-08T00:52:14.532+0000][102404.898s][info][gc          ] GC(4151) Pause Remark 3209M->3209M(12288M) 26.346ms
[2025-01-08T00:52:14.532+0000][102404.898s][info][gc,cpu      ] GC(4151) User=0.15s Sys=0.00s Real=0.03s
[2025-01-08T00:52:14.532+0000][102404.898s][info][gc,marking  ] GC(4151) Concurrent Mark 857.686ms
[2025-01-08T00:52:14.532+0000][102404.898s][info][gc,marking  ] GC(4151) Concurrent Rebuild Remembered Sets
[2025-01-08T00:52:15.124+0000][102405.490s][info][gc,marking  ] GC(4151) Concurrent Rebuild Remembered Sets 591.597ms
[2025-01-08T00:52:15.124+0000][102405.490s][info][gc,start    ] GC(4151) Pause Cleanup
[2025-01-08T00:52:15.125+0000][102405.491s][info][gc          ] GC(4151) Pause Cleanup 3877M->3877M(12288M) 0.406ms
[2025-01-08T00:52:15.125+0000][102405.491s][info][gc,cpu      ] GC(4151) User=0.00s Sys=0.00s Real=0.00s
[2025-01-08T00:52:15.125+0000][102405.491s][info][gc,marking  ] GC(4151) Concurrent Cleanup for Next Mark
[2025-01-08T00:52:15.153+0000][102405.519s][info][gc,marking  ] GC(4151) Concurrent Cleanup for Next Mark 28.201ms
[2025-01-08T00:52:15.153+0000][102405.519s][info][gc          ] GC(4151) Concurrent Mark Cycle 1502.188ms
[2025-01-08T00:52:22.144+0000][102412.510s][info][gc,start    ] GC(4152) Pause Young (Prepare Mixed) (G1 Evacuation Pause)
[2025-01-08T00:52:22.144+0000][102412.510s][info][gc,task     ] GC(4152) Using 6 workers of 6 for evacuation
[2025-01-08T00:52:22.182+0000][102412.548s][info][gc,phases   ] GC(4152)   Pre Evacuate Collection Set: 0.2ms
[2025-01-08T00:52:22.182+0000][102412.548s][info][gc,phases   ] GC(4152)   Merge Heap Roots: 0.7ms
[2025-01-08T00:52:22.182+0000][102412.548s][info][gc,phases   ] GC(4152)   Evacuate Collection Set: 34.9ms
[2025-01-08T00:52:22.182+0000][102412.548s][info][gc,phases   ] GC(4152)   Post Evacuate Collection Set: 2.6ms
[2025-01-08T00:52:22.182+0000][102412.548s][info][gc,phases   ] GC(4152)   Other: 0.2ms
[2025-01-08T00:52:22.182+0000][102412.548s][info][gc,heap     ] GC(4152) Eden regions: 900->0(66)
[2025-01-08T00:52:22.182+0000][102412.548s][info][gc,heap     ] GC(4152) Survivor regions: 9->10(114)
[2025-01-08T00:52:22.182+0000][102412.548s][info][gc,heap     ] GC(4152) Old regions: 254->254
[2025-01-08T00:52:22.182+0000][102412.548s][info][gc,heap     ] GC(4152) Archive regions: 2->2
[2025-01-08T00:52:22.182+0000][102412.548s][info][gc,heap     ] GC(4152) Humongous regions: 49->49
[2025-01-08T00:52:22.182+0000][102412.548s][info][gc,metaspace] GC(4152) Metaspace: 506178K(515008K)->506178K(515008K) NonClass: 444572K(449024K)->444572K(449024K) Class: 61606K(65984K)->61606K(65984K)
[2025-01-08T00:52:22.182+0000][102412.548s][info][gc          ] GC(4152) Pause Young (Prepare Mixed) (G1 Evacuation Pause) 9689M->2503M(12288M) 38.656ms
[2025-01-08T00:52:22.182+0000][102412.548s][info][gc,cpu      ] GC(4152) User=0.22s Sys=0.00s Real=0.04s
[2025-01-08T00:52:22.559+0000][102412.925s][info][gc,start    ] GC(4153) Pause Young (Mixed) (G1 Evacuation Pause)
[2025-01-08T00:52:22.559+0000][102412.925s][info][gc,task     ] GC(4153) Using 6 workers of 6 for evacuation
[2025-01-08T00:52:22.626+0000][102412.992s][info][gc,phases   ] GC(4153)   Pre Evacuate Collection Set: 0.2ms
[2025-01-08T00:52:22.626+0000][102412.992s][info][gc,phases   ] GC(4153)   Merge Heap Roots: 0.9ms
[2025-01-08T00:52:22.626+0000][102412.992s][info][gc,phases   ] GC(4153)   Evacuate Collection Set: 64.3ms
[2025-01-08T00:52:22.626+0000][102412.992s][info][gc,phases   ] GC(4153)   Post Evacuate Collection Set: 1.6ms
[2025-01-08T00:52:22.626+0000][102412.992s][info][gc,phases   ] GC(4153)   Other: 0.2ms
[2025-01-08T00:52:22.626+0000][102412.992s][info][gc,heap     ] GC(4153) Eden regions: 66->0(902)
[2025-01-08T00:52:22.626+0000][102412.992s][info][gc,heap     ] GC(4153) Survivor regions: 10->6(10)
[2025-01-08T00:52:22.626+0000][102412.992s][info][gc,heap     ] GC(4153) Old regions: 254->254
[2025-01-08T00:52:22.626+0000][102412.992s][info][gc,heap     ] GC(4153) Archive regions: 2->2
[2025-01-08T00:52:22.626+0000][102412.992s][info][gc,heap     ] GC(4153) Humongous regions: 49->49
[2025-01-08T00:52:22.626+0000][102412.992s][info][gc,metaspace] GC(4153) Metaspace: 506178K(515008K)->506178K(515008K) NonClass: 444572K(449024K)->444572K(449024K) Class: 61606K(65984K)->61606K(65984K)
[2025-01-08T00:52:22.626+0000][102412.992s][info][gc          ] GC(4153) Pause Young (Mixed) (G1 Evacuation Pause) 3031M->2470M(12288M) 67.252ms
[2025-01-08T00:52:22.626+0000][102412.992s][info][gc,cpu      ] GC(4153) User=0.39s Sys=0.00s Real=0.07s
[2025-01-08T00:52:29.844+0000][102420.210s][info][gc,start    ] GC(4154) Pause Young (Normal) (G1 Evacuation Pause)
[2025-01-08T00:52:29.844+0000][102420.210s][info][gc,task     ] GC(4154) Using 6 workers of 6 for evacuation
[2025-01-08T00:52:29.870+0000][102420.236s][info][gc,phases   ] GC(4154)   Pre Evacuate Collection Set: 0.2ms
[2025-01-08T00:52:29.870+0000][102420.236s][info][gc,phases   ] GC(4154)   Merge Heap Roots: 0.4ms
[2025-01-08T00:52:29.870+0000][102420.236s][info][gc,phases   ] GC(4154)   Evacuate Collection Set: 21.6ms
[2025-01-08T00:52:29.870+0000][102420.236s][info][gc,phases   ] GC(4154)   Post Evacuate Collection Set: 3.9ms
[2025-01-08T00:52:29.870+0000][102420.236s][info][gc,phases   ] GC(4154)   Other: 0.2ms
[2025-01-08T00:52:29.870+0000][102420.236s][info][gc,heap     ] GC(4154) Eden regions: 902->0(901)
[2025-01-08T00:52:29.870+0000][102420.236s][info][gc,heap     ] GC(4154) Survivor regions: 6->7(114)
[2025-01-08T00:52:29.870+0000][102420.236s][info][gc,heap     ] GC(4154) Old regions: 254->254
[2025-01-08T00:52:29.870+0000][102420.236s][info][gc,heap     ] GC(4154) Archive regions: 2->2
[2025-01-08T00:52:29.870+0000][102420.236s][info][gc,heap     ] GC(4154) Humongous regions: 49->49
[2025-01-08T00:52:29.870+0000][102420.236s][info][gc,metaspace] GC(4154) Metaspace: 506180K(515008K)->506180K(515008K) NonClass: 444574K(449024K)->444574K(449024K) Class: 61606K(65984K)->61606K(65984K)
[2025-01-08T00:52:29.870+0000][102420.236s][info][gc          ] GC(4154) Pause Young (Normal) (G1 Evacuation Pause) 9686M->2475M(12288M) 26.390ms
[2025-01-08T00:52:29.870+0000][102420.236s][info][gc,cpu      ] GC(4154) User=0.16s Sys=0.00s Real=0.03s
[2025-01-08T00:52:37.232+0000][102427.598s][info][gc,start    ] GC(4155) Pause Young (Normal) (G1 Evacuation Pause)
[2025-01-08T00:52:37.232+0000][102427.598s][info][gc,task     ] GC(4155) Using 6 workers of 6 for evacuation
[2025-01-08T00:52:37.262+0000][102427.628s][info][gc,phases   ] GC(4155)   Pre Evacuate Collection Set: 0.2ms
[2025-01-08T00:52:37.262+0000][102427.628s][info][gc,phases   ] GC(4155)   Merge Heap Roots: 0.4ms
[2025-01-08T00:52:37.262+0000][102427.628s][info][gc,phases   ] GC(4155)   Evacuate Collection Set: 24.9ms
[2025-01-08T00:52:37.262+0000][102427.628s][info][gc,phases   ] GC(4155)   Post Evacuate Collection Set: 3.9ms
[2025-01-08T00:52:37.262+0000][102427.628s][info][gc,phases   ] GC(4155)   Other: 0.2ms
[2025-01-08T00:52:37.262+0000][102427.628s][info][gc,heap     ] GC(4155) Eden regions: 901->0(900)
[2025-01-08T00:52:37.262+0000][102427.628s][info][gc,heap     ] GC(4155) Survivor regions: 7->8(114)
[2025-01-08T00:52:37.262+0000][102427.628s][info][gc,heap     ] GC(4155) Old regions: 254->254
[2025-01-08T00:52:37.262+0000][102427.628s][info][gc,heap     ] GC(4155) Archive regions: 2->2
[2025-01-08T00:52:37.262+0000][102427.628s][info][gc,heap     ] GC(4155) Humongous regions: 49->49
[2025-01-08T00:52:37.262+0000][102427.628s][info][gc,metaspace] GC(4155) Metaspace: 506182K(515008K)->506182K(515008K) NonClass: 444575K(449024K)->444575K(449024K) Class: 61606K(65984K)->61606K(65984K)
[2025-01-08T00:52:37.262+0000][102427.628s][info][gc          ] GC(4155) Pause Young (Normal) (G1 Evacuation Pause) 9683M->2488M(12288M) 29.747ms
[2025-01-08T00:52:37.262+0000][102427.628s][info][gc,cpu      ] GC(4155) User=0.18s Sys=0.00s Real=0.03s
[2025-01-08T00:52:42.602+0000][102432.968s][info][gc,start    ] GC(4156) Pause Young (Concurrent Start) (G1 Evacuation Pause)
[2025-01-08T00:52:42.602+0000][102432.968s][info][gc,task     ] GC(4156) Using 6 workers of 6 for evacuation
[2025-01-08T00:52:42.635+0000][102433.001s][info][gc,phases   ] GC(4156)   Pre Evacuate Collection Set: 1.1ms
[2025-01-08T00:52:42.635+0000][102433.001s][info][gc,phases   ] GC(4156)   Merge Heap Roots: 0.5ms
[2025-01-08T00:52:42.635+0000][102433.001s][info][gc,phases   ] GC(4156)   Evacuate Collection Set: 27.4ms
[2025-01-08T00:52:42.635+0000][102433.001s][info][gc,phases   ] GC(4156)   Post Evacuate Collection Set: 3.8ms
[2025-01-08T00:52:42.635+0000][102433.001s][info][gc,phases   ] GC(4156)   Other: 0.3ms
[2025-01-08T00:52:42.635+0000][102433.001s][info][gc,heap     ] GC(4156) Eden regions: 900->0(900)
[2025-01-08T00:52:42.635+0000][102433.001s][info][gc,heap     ] GC(4156) Survivor regions: 8->9(114)
[2025-01-08T00:52:42.635+0000][102433.001s][info][gc,heap     ] GC(4156) Old regions: 254->254
[2025-01-08T00:52:42.635+0000][102433.001s][info][gc,heap     ] GC(4156) Archive regions: 2->2
[2025-01-08T00:52:42.635+0000][102433.001s][info][gc,heap     ] GC(4156) Humongous regions: 49->49
[2025-01-08T00:52:42.635+0000][102433.001s][info][gc,metaspace] GC(4156) Metaspace: 506182K(515008K)->506182K(515008K) NonClass: 444575K(449024K)->444575K(449024K) Class: 61606K(65984K)->61606K(65984K)
[2025-01-08T00:52:42.635+0000][102433.001s][info][gc          ] GC(4156) Pause Young (Concurrent Start) (G1 Evacuation Pause) 9688M->2497M(12288M) 33.119ms
[2025-01-08T00:52:42.635+0000][102433.001s][info][gc,cpu      ] GC(4156) User=0.19s Sys=0.00s Real=0.03s
[2025-01-08T00:52:42.635+0000][102433.001s][info][gc          ] GC(4157) Concurrent Mark Cycle
[2025-01-08T00:52:42.635+0000][102433.001s][info][gc,marking  ] GC(4157) Concurrent Clear Claimed Marks
[2025-01-08T00:52:42.636+0000][102433.002s][info][gc,marking  ] GC(4157) Concurrent Clear Claimed Marks 0.953ms
[2025-01-08T00:52:42.636+0000][102433.002s][info][gc,marking  ] GC(4157) Concurrent Scan Root Regions
[2025-01-08T00:52:42.663+0000][102433.029s][info][gc,marking  ] GC(4157) Concurrent Scan Root Regions 27.288ms
[2025-01-08T00:52:42.663+0000][102433.029s][info][gc,marking  ] GC(4157) Concurrent Mark
[2025-01-08T00:52:42.663+0000][102433.029s][info][gc,marking  ] GC(4157) Concurrent Mark From Roots
[2025-01-08T00:52:42.663+0000][102433.029s][info][gc,task     ] GC(4157) Using 2 workers of 2 for marking
[2025-01-08T00:52:43.735+0000][102434.101s][info][gc,marking  ] GC(4157) Concurrent Mark From Roots 1071.713ms
[2025-01-08T00:52:43.735+0000][102434.101s][info][gc,marking  ] GC(4157) Concurrent Preclean
[2025-01-08T00:52:43.737+0000][102434.103s][info][gc,marking  ] GC(4157) Concurrent Preclean 1.976ms
[2025-01-08T00:52:43.737+0000][102434.103s][info][gc,start    ] GC(4157) Pause Remark
[2025-01-08T00:52:43.763+0000][102434.129s][info][gc          ] GC(4157) Pause Remark 4037M->4037M(12288M) 25.896ms
[2025-01-08T00:52:43.763+0000][102434.129s][info][gc,cpu      ] GC(4157) User=0.15s Sys=0.00s Real=0.03s
[2025-01-08T00:52:43.763+0000][102434.129s][info][gc,marking  ] GC(4157) Concurrent Mark 1099.916ms
[2025-01-08T00:52:43.763+0000][102434.129s][info][gc,marking  ] GC(4157) Concurrent Rebuild Remembered Sets
[2025-01-08T00:52:44.274+0000][102434.641s][info][gc,marking  ] GC(4157) Concurrent Rebuild Remembered Sets 511.232ms
[2025-01-08T00:52:44.275+0000][102434.641s][info][gc,start    ] GC(4157) Pause Cleanup
[2025-01-08T00:52:44.275+0000][102434.641s][info][gc          ] GC(4157) Pause Cleanup 4473M->4473M(12288M) 0.412ms
[2025-01-08T00:52:44.275+0000][102434.641s][info][gc,cpu      ] GC(4157) User=0.00s Sys=0.00s Real=0.00s
[2025-01-08T00:52:44.275+0000][102434.641s][info][gc,marking  ] GC(4157) Concurrent Cleanup for Next Mark
[2025-01-08T00:52:44.291+0000][102434.657s][info][gc,marking  ] GC(4157) Concurrent Cleanup for Next Mark 15.467ms
[2025-01-08T00:52:44.291+0000][102434.657s][info][gc          ] GC(4157) Concurrent Mark Cycle 1655.722ms
[2025-01-08T00:52:48.607+0000][102438.973s][info][gc,start    ] GC(4158) Pause Young (Prepare Mixed) (G1 Evacuation Pause)
[2025-01-08T00:52:48.607+0000][102438.973s][info][gc,task     ] GC(4158) Using 6 workers of 6 for evacuation
[2025-01-08T00:52:48.638+0000][102439.004s][info][gc,phases   ] GC(4158)   Pre Evacuate Collection Set: 0.2ms
[2025-01-08T00:52:48.638+0000][102439.004s][info][gc,phases   ] GC(4158)   Merge Heap Roots: 0.7ms
[2025-01-08T00:52:48.638+0000][102439.004s][info][gc,phases   ] GC(4158)   Evacuate Collection Set: 27.7ms
[2025-01-08T00:52:48.638+0000][102439.004s][info][gc,phases   ] GC(4158)   Post Evacuate Collection Set: 2.5ms
[2025-01-08T00:52:48.638+0000][102439.004s][info][gc,phases   ] GC(4158)   Other: 0.2ms
[2025-01-08T00:52:48.638+0000][102439.004s][info][gc,heap     ] GC(4158) Eden regions: 900->0(67)
[2025-01-08T00:52:48.638+0000][102439.004s][info][gc,heap     ] GC(4158) Survivor regions: 9->9(114)
[2025-01-08T00:52:48.638+0000][102439.004s][info][gc,heap     ] GC(4158) Old regions: 254->254
[2025-01-08T00:52:48.638+0000][102439.004s][info][gc,heap     ] GC(4158) Archive regions: 2->2
[2025-01-08T00:52:48.638+0000][102439.004s][info][gc,heap     ] GC(4158) Humongous regions: 49->49
[2025-01-08T00:52:48.638+0000][102439.004s][info][gc,metaspace] GC(4158) Metaspace: 506182K(515008K)->506182K(515008K) NonClass: 444575K(449024K)->444575K(449024K) Class: 61606K(65984K)->61606K(65984K)
[2025-01-08T00:52:48.638+0000][102439.004s][info][gc          ] GC(4158) Pause Young (Prepare Mixed) (G1 Evacuation Pause) 9697M->2495M(12288M) 31.448ms
[2025-01-08T00:52:48.638+0000][102439.004s][info][gc,cpu      ] GC(4158) User=0.18s Sys=0.00s Real=0.03s
[2025-01-08T00:52:49.126+0000][102439.492s][info][gc,start    ] GC(4159) Pause Young (Mixed) (G1 Evacuation Pause)
[2025-01-08T00:52:49.126+0000][102439.492s][info][gc,task     ] GC(4159) Using 6 workers of 6 for evacuation
[2025-01-08T00:52:49.185+0000][102439.551s][info][gc,phases   ] GC(4159)   Pre Evacuate Collection Set: 0.2ms
[2025-01-08T00:52:49.185+0000][102439.551s][info][gc,phases   ] GC(4159)   Merge Heap Roots: 0.6ms
[2025-01-08T00:52:49.185+0000][102439.551s][info][gc,phases   ] GC(4159)   Evacuate Collection Set: 56.1ms
[2025-01-08T00:52:49.185+0000][102439.551s][info][gc,phases   ] GC(4159)   Post Evacuate Collection Set: 1.9ms
[2025-01-08T00:52:49.185+0000][102439.551s][info][gc,phases   ] GC(4159)   Other: 0.2ms
[2025-01-08T00:52:49.185+0000][102439.551s][info][gc,heap     ] GC(4159) Eden regions: 67->0(904)
[2025-01-08T00:52:49.185+0000][102439.551s][info][gc,heap     ] GC(4159) Survivor regions: 9->6(10)
[2025-01-08T00:52:49.185+0000][102439.551s][info][gc,heap     ] GC(4159) Old regions: 254->253
[2025-01-08T00:52:49.185+0000][102439.551s][info][gc,heap     ] GC(4159) Archive regions: 2->2
[2025-01-08T00:52:49.185+0000][102439.551s][info][gc,heap     ] GC(4159) Humongous regions: 49->49
[2025-01-08T00:52:49.185+0000][102439.551s][info][gc,metaspace] GC(4159) Metaspace: 506182K(515008K)->506182K(515008K) NonClass: 444575K(449024K)->444575K(449024K) Class: 61606K(65984K)->61606K(65984K)
[2025-01-08T00:52:49.185+0000][102439.551s][info][gc          ] GC(4159) Pause Young (Mixed) (G1 Evacuation Pause) 3031M->2469M(12288M) 59.037ms
[2025-01-08T00:52:49.185+0000][102439.551s][info][gc,cpu      ] GC(4159) User=0.34s Sys=0.00s Real=0.06s
[2025-01-08T00:52:57.289+0000][102447.655s][info][gc,start    ] GC(4160) Pause Young (Normal) (G1 Evacuation Pause)
[2025-01-08T00:52:57.289+0000][102447.655s][info][gc,task     ] GC(4160) Using 6 workers of 6 for evacuation
[2025-01-08T00:52:57.319+0000][102447.685s][info][gc,phases   ] GC(4160)   Pre Evacuate Collection Set: 0.2ms
[2025-01-08T00:52:57.319+0000][102447.685s][info][gc,phases   ] GC(4160)   Merge Heap Roots: 0.5ms
[2025-01-08T00:52:57.319+0000][102447.685s][info][gc,phases   ] GC(4160)   Evacuate Collection Set: 26.8ms
[2025-01-08T00:52:57.319+0000][102447.685s][info][gc,phases   ] GC(4160)   Post Evacuate Collection Set: 2.5ms
[2025-01-08T00:52:57.319+0000][102447.685s][info][gc,phases   ] GC(4160)   Other: 0.2ms
[2025-01-08T00:52:57.319+0000][102447.685s][info][gc,heap     ] GC(4160) Eden regions: 904->0(901)
[2025-01-08T00:52:57.319+0000][102447.685s][info][gc,heap     ] GC(4160) Survivor regions: 6->8(114)
[2025-01-08T00:52:57.319+0000][102447.685s][info][gc,heap     ] GC(4160) Old regions: 253->253
[2025-01-08T00:52:57.319+0000][102447.685s][info][gc,heap     ] GC(4160) Archive regions: 2->2
[2025-01-08T00:52:57.319+0000][102447.685s][info][gc,heap     ] GC(4160) Humongous regions: 49->49
[2025-01-08T00:52:57.319+0000][102447.685s][info][gc,metaspace] GC(4160) Metaspace: 506195K(515008K)->506195K(515008K) NonClass: 444588K(449024K)->444588K(449024K) Class: 61606K(65984K)->61606K(65984K)
[2025-01-08T00:52:57.319+0000][102447.685s][info][gc          ] GC(4160) Pause Young (Normal) (G1 Evacuation Pause) 9701M->2483M(12288M) 30.206ms
[2025-01-08T00:52:57.319+0000][102447.685s][info][gc,cpu      ] GC(4160) User=0.18s Sys=0.00s Real=0.03s
[2025-01-08T00:53:05.849+0000][102456.215s][info][gc,start    ] GC(4161) Pause Young (Normal) (G1 Evacuation Pause)
[2025-01-08T00:53:05.849+0000][102456.215s][info][gc,task     ] GC(4161) Using 6 workers of 6 for evacuation
[2025-01-08T00:53:05.880+0000][102456.246s][info][gc,phases   ] GC(4161)   Pre Evacuate Collection Set: 0.2ms
[2025-01-08T00:53:05.880+0000][102456.246s][info][gc,phases   ] GC(4161)   Merge Heap Roots: 0.5ms
[2025-01-08T00:53:05.880+0000][102456.246s][info][gc,phases   ] GC(4161)   Evacuate Collection Set: 27.9ms
[2025-01-08T00:53:05.880+0000][102456.246s][info][gc,phases   ] GC(4161)   Post Evacuate Collection Set: 2.5ms
[2025-01-08T00:53:05.880+0000][102456.246s][info][gc,phases   ] GC(4161)   Other: 0.2ms
[2025-01-08T00:53:05.880+0000][102456.246s][info][gc,heap     ] GC(4161) Eden regions: 901->0(901)
[2025-01-08T00:53:05.880+0000][102456.246s][info][gc,heap     ] GC(4161) Survivor regions: 8->8(114)
[2025-01-08T00:53:05.880+0000][102456.246s][info][gc,heap     ] GC(4161) Old regions: 253->253
[2025-01-08T00:53:05.880+0000][102456.246s][info][gc,heap     ] GC(4161) Archive regions: 2->2
[2025-01-08T00:53:05.880+0000][102456.246s][info][gc,heap     ] GC(4161) Humongous regions: 49->49
[2025-01-08T00:53:05.880+0000][102456.246s][info][gc,metaspace] GC(4161) Metaspace: 506195K(515008K)->506195K(515008K) NonClass: 444588K(449024K)->444588K(449024K) Class: 61606K(65984K)->61606K(65984K)
[2025-01-08T00:53:05.880+0000][102456.246s][info][gc          ] GC(4161) Pause Young (Normal) (G1 Evacuation Pause) 9691M->2485M(12288M) 31.345ms
[2025-01-08T00:53:05.880+0000][102456.246s][info][gc,cpu      ] GC(4161) User=0.19s Sys=0.00s Real=0.03s
[2025-01-08T00:53:13.304+0000][102463.670s][info][gc,start    ] GC(4162) Pause Young (Concurrent Start) (G1 Evacuation Pause)
[2025-01-08T00:53:13.304+0000][102463.670s][info][gc,task     ] GC(4162) Using 6 workers of 6 for evacuation
[2025-01-08T00:53:13.342+0000][102463.708s][info][gc,phases   ] GC(4162)   Pre Evacuate Collection Set: 1.1ms
[2025-01-08T00:53:13.342+0000][102463.708s][info][gc,phases   ] GC(4162)   Merge Heap Roots: 0.5ms
[2025-01-08T00:53:13.342+0000][102463.708s][info][gc,phases   ] GC(4162)   Evacuate Collection Set: 34.0ms
[2025-01-08T00:53:13.342+0000][102463.708s][info][gc,phases   ] GC(4162)   Post Evacuate Collection Set: 2.6ms
[2025-01-08T00:53:13.342+0000][102463.708s][info][gc,phases   ] GC(4162)   Other: 0.3ms
[2025-01-08T00:53:13.342+0000][102463.708s][info][gc,heap     ] GC(4162) Eden regions: 901->0(900)
[2025-01-08T00:53:13.342+0000][102463.708s][info][gc,heap     ] GC(4162) Survivor regions: 8->10(114)
[2025-01-08T00:53:13.342+0000][102463.708s][info][gc,heap     ] GC(4162) Old regions: 253->253
[2025-01-08T00:53:13.342+0000][102463.708s][info][gc,heap     ] GC(4162) Archive regions: 2->2
[2025-01-08T00:53:13.342+0000][102463.708s][info][gc,heap     ] GC(4162) Humongous regions: 49->49
[2025-01-08T00:53:13.342+0000][102463.708s][info][gc,metaspace] GC(4162) Metaspace: 506195K(515008K)->506195K(515008K) NonClass: 444588K(449024K)->444588K(449024K) Class: 61606K(65984K)->61606K(65984K)
[2025-01-08T00:53:13.342+0000][102463.708s][info][gc          ] GC(4162) Pause Young (Concurrent Start) (G1 Evacuation Pause) 9693M->2502M(12288M) 38.606ms
[2025-01-08T00:53:13.342+0000][102463.708s][info][gc,cpu      ] GC(4162) User=0.22s Sys=0.00s Real=0.04s
[2025-01-08T00:53:13.342+0000][102463.709s][info][gc          ] GC(4163) Concurrent Mark Cycle
[2025-01-08T00:53:13.342+0000][102463.709s][info][gc,marking  ] GC(4163) Concurrent Clear Claimed Marks
[2025-01-08T00:53:13.343+0000][102463.709s][info][gc,marking  ] GC(4163) Concurrent Clear Claimed Marks 0.875ms
[2025-01-08T00:53:13.343+0000][102463.709s][info][gc,marking  ] GC(4163) Concurrent Scan Root Regions
[2025-01-08T00:53:13.374+0000][102463.740s][info][gc,marking  ] GC(4163) Concurrent Scan Root Regions 31.018ms
[2025-01-08T00:53:13.374+0000][102463.740s][info][gc,marking  ] GC(4163) Concurrent Mark
[2025-01-08T00:53:13.374+0000][102463.740s][info][gc,marking  ] GC(4163) Concurrent Mark From Roots
[2025-01-08T00:53:13.374+0000][102463.741s][info][gc,task     ] GC(4163) Using 2 workers of 2 for marking
[2025-01-08T00:53:14.183+0000][102464.549s][info][gc,marking  ] GC(4163) Concurrent Mark From Roots 808.332ms
[2025-01-08T00:53:14.183+0000][102464.549s][info][gc,marking  ] GC(4163) Concurrent Preclean
[2025-01-08T00:53:14.185+0000][102464.551s][info][gc,marking  ] GC(4163) Concurrent Preclean 2.544ms
[2025-01-08T00:53:14.185+0000][102464.552s][info][gc,start    ] GC(4163) Pause Remark
[2025-01-08T00:53:14.212+0000][102464.578s][info][gc          ] GC(4163) Pause Remark 3142M->3142M(12288M) 26.059ms
[2025-01-08T00:53:14.212+0000][102464.578s][info][gc,cpu      ] GC(4163) User=0.14s Sys=0.00s Real=0.03s
[2025-01-08T00:53:14.212+0000][102464.578s][info][gc,marking  ] GC(4163) Concurrent Mark 837.306ms
[2025-01-08T00:53:14.212+0000][102464.578s][info][gc,marking  ] GC(4163) Concurrent Rebuild Remembered Sets
[2025-01-08T00:53:14.710+0000][102465.077s][info][gc,marking  ] GC(4163) Concurrent Rebuild Remembered Sets 498.753ms
[2025-01-08T00:53:14.711+0000][102465.077s][info][gc,start    ] GC(4163) Pause Cleanup
[2025-01-08T00:53:14.711+0000][102465.077s][info][gc          ] GC(4163) Pause Cleanup 3502M->3502M(12288M) 0.405ms
[2025-01-08T00:53:14.711+0000][102465.077s][info][gc,cpu      ] GC(4163) User=0.00s Sys=0.00s Real=0.00s
[2025-01-08T00:53:14.711+0000][102465.077s][info][gc,marking  ] GC(4163) Concurrent Cleanup for Next Mark
[2025-01-08T00:53:14.727+0000][102465.093s][info][gc,marking  ] GC(4163) Concurrent Cleanup for Next Mark 15.412ms
[2025-01-08T00:53:14.727+0000][102465.093s][info][gc          ] GC(4163) Concurrent Mark Cycle 1384.162ms
[2025-01-08T00:53:21.308+0000][102471.675s][info][gc,start    ] GC(4164) Pause Young (Prepare Mixed) (G1 Evacuation Pause)
[2025-01-08T00:53:21.308+0000][102471.675s][info][gc,task     ] GC(4164) Using 6 workers of 6 for evacuation
[2025-01-08T00:53:21.347+0000][102471.713s][info][gc,phases   ] GC(4164)   Pre Evacuate Collection Set: 0.2ms
[2025-01-08T00:53:21.347+0000][102471.713s][info][gc,phases   ] GC(4164)   Merge Heap Roots: 0.7ms
[2025-01-08T00:53:21.347+0000][102471.713s][info][gc,phases   ] GC(4164)   Evacuate Collection Set: 35.2ms
[2025-01-08T00:53:21.347+0000][102471.713s][info][gc,phases   ] GC(4164)   Post Evacuate Collection Set: 2.5ms
[2025-01-08T00:53:21.347+0000][102471.713s][info][gc,phases   ] GC(4164)   Other: 0.2ms
[2025-01-08T00:53:21.347+0000][102471.713s][info][gc,heap     ] GC(4164) Eden regions: 900->0(65)
[2025-01-08T00:53:21.347+0000][102471.713s][info][gc,heap     ] GC(4164) Survivor regions: 10->11(114)
[2025-01-08T00:53:21.347+0000][102471.714s][info][gc,heap     ] GC(4164) Old regions: 253->253
[2025-01-08T00:53:21.347+0000][102471.714s][info][gc,heap     ] GC(4164) Archive regions: 2->2
[2025-01-08T00:53:21.347+0000][102471.714s][info][gc,heap     ] GC(4164) Humongous regions: 49->49
[2025-01-08T00:53:21.347+0000][102471.714s][info][gc,metaspace] GC(4164) Metaspace: 506195K(515008K)->506195K(515008K) NonClass: 444588K(449024K)->444588K(449024K) Class: 61606K(65984K)->61606K(65984K)
[2025-01-08T00:53:21.347+0000][102471.714s][info][gc          ] GC(4164) Pause Young (Prepare Mixed) (G1 Evacuation Pause) 9702M->2504M(12288M) 38.998ms
[2025-01-08T00:53:21.347+0000][102471.714s][info][gc,cpu      ] GC(4164) User=0.23s Sys=0.00s Real=0.04s
[2025-01-08T00:53:21.792+0000][102472.158s][info][gc,start    ] GC(4165) Pause Young (Mixed) (G1 Evacuation Pause)
[2025-01-08T00:53:21.792+0000][102472.158s][info][gc,task     ] GC(4165) Using 6 workers of 6 for evacuation
[2025-01-08T00:53:21.860+0000][102472.226s][info][gc,phases   ] GC(4165)   Pre Evacuate Collection Set: 0.2ms
[2025-01-08T00:53:21.860+0000][102472.226s][info][gc,phases   ] GC(4165)   Merge Heap Roots: 0.8ms
[2025-01-08T00:53:21.860+0000][102472.226s][info][gc,phases   ] GC(4165)   Evacuate Collection Set: 64.5ms
[2025-01-08T00:53:21.860+0000][102472.226s][info][gc,phases   ] GC(4165)   Post Evacuate Collection Set: 1.6ms
[2025-01-08T00:53:21.860+0000][102472.226s][info][gc,phases   ] GC(4165)   Other: 0.2ms
[2025-01-08T00:53:21.860+0000][102472.226s][info][gc,heap     ] GC(4165) Eden regions: 65->0(904)
[2025-01-08T00:53:21.860+0000][102472.226s][info][gc,heap     ] GC(4165) Survivor regions: 11->5(10)
[2025-01-08T00:53:21.860+0000][102472.226s][info][gc,heap     ] GC(4165) Old regions: 253->254
[2025-01-08T00:53:21.860+0000][102472.226s][info][gc,heap     ] GC(4165) Archive regions: 2->2
[2025-01-08T00:53:21.860+0000][102472.226s][info][gc,heap     ] GC(4165) Humongous regions: 49->49
[2025-01-08T00:53:21.860+0000][102472.226s][info][gc,metaspace] GC(4165) Metaspace: 506195K(515008K)->506195K(515008K) NonClass: 444588K(449024K)->444588K(449024K) Class: 61606K(65984K)->61606K(65984K)
[2025-01-08T00:53:21.860+0000][102472.226s][info][gc          ] GC(4165) Pause Young (Mixed) (G1 Evacuation Pause) 3024M->2466M(12288M) 67.367ms
[2025-01-08T00:53:21.860+0000][102472.226s][info][gc,cpu      ] GC(4165) User=0.40s Sys=0.00s Real=0.06s
[2025-01-08T00:53:27.993+0000][102478.359s][info][gc,start    ] GC(4166) Pause Young (Normal) (G1 Evacuation Pause)
[2025-01-08T00:53:27.993+0000][102478.359s][info][gc,task     ] GC(4166) Using 6 workers of 6 for evacuation
[2025-01-08T00:53:28.022+0000][102478.388s][info][gc,phases   ] GC(4166)   Pre Evacuate Collection Set: 0.2ms
[2025-01-08T00:53:28.022+0000][102478.388s][info][gc,phases   ] GC(4166)   Merge Heap Roots: 0.4ms
[2025-01-08T00:53:28.022+0000][102478.388s][info][gc,phases   ] GC(4166)   Evacuate Collection Set: 22.5ms
[2025-01-08T00:53:28.022+0000][102478.388s][info][gc,phases   ] GC(4166)   Post Evacuate Collection Set: 5.1ms
[2025-01-08T00:53:28.022+0000][102478.388s][info][gc,phases   ] GC(4166)   Other: 0.2ms
[2025-01-08T00:53:28.022+0000][102478.388s][info][gc,heap     ] GC(4166) Eden regions: 904->0(901)
[2025-01-08T00:53:28.022+0000][102478.388s][info][gc,heap     ] GC(4166) Survivor regions: 5->7(114)
[2025-01-08T00:53:28.022+0000][102478.388s][info][gc,heap     ] GC(4166) Old regions: 254->254
[2025-01-08T00:53:28.022+0000][102478.388s][info][gc,heap     ] GC(4166) Archive regions: 2->2
[2025-01-08T00:53:28.022+0000][102478.388s][info][gc,heap     ] GC(4166) Humongous regions: 49->49
[2025-01-08T00:53:28.022+0000][102478.388s][info][gc,metaspace] GC(4166) Metaspace: 506195K(515008K)->506195K(515008K) NonClass: 444588K(449024K)->444588K(449024K) Class: 61606K(65984K)->61606K(65984K)
[2025-01-08T00:53:28.022+0000][102478.388s][info][gc          ] GC(4166) Pause Young (Normal) (G1 Evacuation Pause) 9698M->2482M(12288M) 28.517ms
[2025-01-08T00:53:28.022+0000][102478.388s][info][gc,cpu      ] GC(4166) User=0.16s Sys=0.00s Real=0.03s
[2025-01-08T00:53:36.884+0000][102487.251s][info][gc,start    ] GC(4167) Pause Young (Normal) (G1 Evacuation Pause)
[2025-01-08T00:53:36.884+0000][102487.251s][info][gc,task     ] GC(4167) Using 6 workers of 6 for evacuation
[2025-01-08T00:53:36.915+0000][102487.281s][info][gc,phases   ] GC(4167)   Pre Evacuate Collection Set: 0.2ms
[2025-01-08T00:53:36.915+0000][102487.281s][info][gc,phases   ] GC(4167)   Merge Heap Roots: 0.4ms
[2025-01-08T00:53:36.915+0000][102487.281s][info][gc,phases   ] GC(4167)   Evacuate Collection Set: 27.3ms
[2025-01-08T00:53:36.915+0000][102487.281s][info][gc,phases   ] GC(4167)   Post Evacuate Collection Set: 2.5ms
[2025-01-08T00:53:36.915+0000][102487.281s][info][gc,phases   ] GC(4167)   Other: 0.2ms
[2025-01-08T00:53:36.915+0000][102487.281s][info][gc,heap     ] GC(4167) Eden regions: 901->0(900)
[2025-01-08T00:53:36.915+0000][102487.281s][info][gc,heap     ] GC(4167) Survivor regions: 7->8(114)
[2025-01-08T00:53:36.915+0000][102487.281s][info][gc,heap     ] GC(4167) Old regions: 254->254
[2025-01-08T00:53:36.915+0000][102487.281s][info][gc,heap     ] GC(4167) Archive regions: 2->2
[2025-01-08T00:53:36.915+0000][102487.281s][info][gc,heap     ] GC(4167) Humongous regions: 49->49
[2025-01-08T00:53:36.915+0000][102487.281s][info][gc,metaspace] GC(4167) Metaspace: 506195K(515008K)->506195K(515008K) NonClass: 444588K(449024K)->444588K(449024K) Class: 61606K(65984K)->61606K(65984K)
[2025-01-08T00:53:36.915+0000][102487.281s][info][gc          ] GC(4167) Pause Young (Normal) (G1 Evacuation Pause) 9690M->2487M(12288M) 30.608ms
[2025-01-08T00:53:36.915+0000][102487.281s][info][gc,cpu      ] GC(4167) User=0.18s Sys=0.00s Real=0.03s
[2025-01-08T00:53:42.583+0000][102492.949s][info][gc,start    ] GC(4168) Pause Young (Concurrent Start) (G1 Evacuation Pause)
[2025-01-08T00:53:42.583+0000][102492.949s][info][gc,task     ] GC(4168) Using 6 workers of 6 for evacuation
[2025-01-08T00:53:42.616+0000][102492.982s][info][gc,phases   ] GC(4168)   Pre Evacuate Collection Set: 1.1ms
[2025-01-08T00:53:42.616+0000][102492.982s][info][gc,phases   ] GC(4168)   Merge Heap Roots: 0.4ms
[2025-01-08T00:53:42.616+0000][102492.982s][info][gc,phases   ] GC(4168)   Evacuate Collection Set: 27.4ms
[2025-01-08T00:53:42.616+0000][102492.982s][info][gc,phases   ] GC(4168)   Post Evacuate Collection Set: 3.8ms
[2025-01-08T00:53:42.616+0000][102492.982s][info][gc,phases   ] GC(4168)   Other: 0.3ms
[2025-01-08T00:53:42.616+0000][102492.982s][info][gc,heap     ] GC(4168) Eden regions: 900->0(902)
[2025-01-08T00:53:42.616+0000][102492.982s][info][gc,heap     ] GC(4168) Survivor regions: 8->8(114)
[2025-01-08T00:53:42.616+0000][102492.982s][info][gc,heap     ] GC(4168) Old regions: 254->254
[2025-01-08T00:53:42.616+0000][102492.982s][info][gc,heap     ] GC(4168) Archive regions: 2->2
[2025-01-08T00:53:42.616+0000][102492.982s][info][gc,heap     ] GC(4168) Humongous regions: 49->49
[2025-01-08T00:53:42.616+0000][102492.982s][info][gc,metaspace] GC(4168) Metaspace: 506195K(515008K)->506195K(515008K) NonClass: 444589K(449024K)->444589K(449024K) Class: 61606K(65984K)->61606K(65984K)
[2025-01-08T00:53:42.616+0000][102492.982s][info][gc          ] GC(4168) Pause Young (Concurrent Start) (G1 Evacuation Pause) 9687M->2493M(12288M) 33.025ms
[2025-01-08T00:53:42.616+0000][102492.982s][info][gc,cpu      ] GC(4168) User=0.19s Sys=0.00s Real=0.03s
[2025-01-08T00:53:42.616+0000][102492.982s][info][gc          ] GC(4169) Concurrent Mark Cycle
[2025-01-08T00:53:42.616+0000][102492.982s][info][gc,marking  ] GC(4169) Concurrent Clear Claimed Marks
[2025-01-08T00:53:42.617+0000][102492.983s][info][gc,marking  ] GC(4169) Concurrent Clear Claimed Marks 0.832ms
[2025-01-08T00:53:42.617+0000][102492.983s][info][gc,marking  ] GC(4169) Concurrent Scan Root Regions
[2025-01-08T00:53:42.644+0000][102493.010s][info][gc,marking  ] GC(4169) Concurrent Scan Root Regions 27.570ms
[2025-01-08T00:53:42.644+0000][102493.010s][info][gc,marking  ] GC(4169) Concurrent Mark
[2025-01-08T00:53:42.644+0000][102493.010s][info][gc,marking  ] GC(4169) Concurrent Mark From Roots
[2025-01-08T00:53:42.644+0000][102493.010s][info][gc,task     ] GC(4169) Using 2 workers of 2 for marking
[2025-01-08T00:53:43.576+0000][102493.943s][info][gc,marking  ] GC(4169) Concurrent Mark From Roots 932.091ms
[2025-01-08T00:53:43.576+0000][102493.943s][info][gc,marking  ] GC(4169) Concurrent Preclean
[2025-01-08T00:53:43.579+0000][102493.945s][info][gc,marking  ] GC(4169) Concurrent Preclean 2.657ms
[2025-01-08T00:53:43.579+0000][102493.945s][info][gc,start    ] GC(4169) Pause Remark
[2025-01-08T00:53:43.605+0000][102493.971s][info][gc          ] GC(4169) Pause Remark 3113M->3113M(12288M) 25.726ms
[2025-01-08T00:53:43.605+0000][102493.971s][info][gc,cpu      ] GC(4169) User=0.15s Sys=0.00s Real=0.03s
[2025-01-08T00:53:43.605+0000][102493.971s][info][gc,marking  ] GC(4169) Concurrent Mark 960.812ms
[2025-01-08T00:53:43.605+0000][102493.971s][info][gc,marking  ] GC(4169) Concurrent Rebuild Remembered Sets
[2025-01-08T00:53:44.103+0000][102494.470s][info][gc,marking  ] GC(4169) Concurrent Rebuild Remembered Sets 498.285ms
[2025-01-08T00:53:44.104+0000][102494.470s][info][gc,start    ] GC(4169) Pause Cleanup
[2025-01-08T00:53:44.104+0000][102494.470s][info][gc          ] GC(4169) Pause Cleanup 3133M->3133M(12288M) 0.382ms
[2025-01-08T00:53:44.104+0000][102494.470s][info][gc,cpu      ] GC(4169) User=0.00s Sys=0.00s Real=0.00s
[2025-01-08T00:53:44.104+0000][102494.470s][info][gc,marking  ] GC(4169) Concurrent Cleanup for Next Mark
[2025-01-08T00:53:44.119+0000][102494.486s][info][gc,marking  ] GC(4169) Concurrent Cleanup for Next Mark 15.408ms
[2025-01-08T00:53:44.120+0000][102494.486s][info][gc          ] GC(4169) Concurrent Mark Cycle 1503.663ms
[2025-01-08T00:53:50.718+0000][102501.084s][info][gc,start    ] GC(4170) Pause Young (Prepare Mixed) (G1 Evacuation Pause)
[2025-01-08T00:53:50.718+0000][102501.084s][info][gc,task     ] GC(4170) Using 6 workers of 6 for evacuation
[2025-01-08T00:53:50.752+0000][102501.118s][info][gc,phases   ] GC(4170)   Pre Evacuate Collection Set: 0.2ms
[2025-01-08T00:53:50.752+0000][102501.118s][info][gc,phases   ] GC(4170)   Merge Heap Roots: 0.7ms
[2025-01-08T00:53:50.752+0000][102501.118s][info][gc,phases   ] GC(4170)   Evacuate Collection Set: 30.3ms
[2025-01-08T00:53:50.752+0000][102501.118s][info][gc,phases   ] GC(4170)   Post Evacuate Collection Set: 2.6ms
[2025-01-08T00:53:50.752+0000][102501.118s][info][gc,phases   ] GC(4170)   Other: 0.2ms
[2025-01-08T00:53:50.752+0000][102501.118s][info][gc,heap     ] GC(4170) Eden regions: 902->0(68)
[2025-01-08T00:53:50.752+0000][102501.118s][info][gc,heap     ] GC(4170) Survivor regions: 8->8(114)
[2025-01-08T00:53:50.752+0000][102501.118s][info][gc,heap     ] GC(4170) Old regions: 254->254
[2025-01-08T00:53:50.752+0000][102501.118s][info][gc,heap     ] GC(4170) Archive regions: 2->2
[2025-01-08T00:53:50.752+0000][102501.118s][info][gc,heap     ] GC(4170) Humongous regions: 49->49
[2025-01-08T00:53:50.752+0000][102501.118s][info][gc,metaspace] GC(4170) Metaspace: 506195K(515008K)->506195K(515008K) NonClass: 444589K(449024K)->444589K(449024K) Class: 61606K(65984K)->61606K(65984K)
[2025-01-08T00:53:50.752+0000][102501.118s][info][gc          ] GC(4170) Pause Young (Prepare Mixed) (G1 Evacuation Pause) 9709M->2493M(12288M) 34.193ms
[2025-01-08T00:53:50.752+0000][102501.118s][info][gc,cpu      ] GC(4170) User=0.20s Sys=0.00s Real=0.04s
[2025-01-08T00:53:51.178+0000][102501.544s][info][gc,start    ] GC(4171) Pause Young (Mixed) (G1 Evacuation Pause)
[2025-01-08T00:53:51.178+0000][102501.544s][info][gc,task     ] GC(4171) Using 6 workers of 6 for evacuation
[2025-01-08T00:53:51.242+0000][102501.608s][info][gc,phases   ] GC(4171)   Pre Evacuate Collection Set: 0.2ms
[2025-01-08T00:53:51.242+0000][102501.608s][info][gc,phases   ] GC(4171)   Merge Heap Roots: 0.8ms
[2025-01-08T00:53:51.242+0000][102501.608s][info][gc,phases   ] GC(4171)   Evacuate Collection Set: 61.0ms
[2025-01-08T00:53:51.242+0000][102501.608s][info][gc,phases   ] GC(4171)   Post Evacuate Collection Set: 1.9ms
[2025-01-08T00:53:51.242+0000][102501.608s][info][gc,phases   ] GC(4171)   Other: 0.2ms
[2025-01-08T00:53:51.242+0000][102501.608s][info][gc,heap     ] GC(4171) Eden regions: 68->0(905)
[2025-01-08T00:53:51.242+0000][102501.608s][info][gc,heap     ] GC(4171) Survivor regions: 8->6(10)
[2025-01-08T00:53:51.242+0000][102501.608s][info][gc,heap     ] GC(4171) Old regions: 254->253
[2025-01-08T00:53:51.242+0000][102501.608s][info][gc,heap     ] GC(4171) Archive regions: 2->2
[2025-01-08T00:53:51.242+0000][102501.608s][info][gc,heap     ] GC(4171) Humongous regions: 49->49
[2025-01-08T00:53:51.242+0000][102501.608s][info][gc,metaspace] GC(4171) Metaspace: 506195K(515008K)->506195K(515008K) NonClass: 444589K(449024K)->444589K(449024K) Class: 61606K(65984K)->61606K(65984K)
[2025-01-08T00:53:51.242+0000][102501.608s][info][gc          ] GC(4171) Pause Young (Mixed) (G1 Evacuation Pause) 3037M->2463M(12288M) 64.071ms
[2025-01-08T00:53:51.242+0000][102501.608s][info][gc,cpu      ] GC(4171) User=0.38s Sys=0.00s Real=0.07s
[2025-01-08T00:53:59.257+0000][102509.623s][info][gc,start    ] GC(4172) Pause Young (Normal) (G1 Evacuation Pause)
[2025-01-08T00:53:59.257+0000][102509.623s][info][gc,task     ] GC(4172) Using 6 workers of 6 for evacuation
[2025-01-08T00:53:59.285+0000][102509.651s][info][gc,phases   ] GC(4172)   Pre Evacuate Collection Set: 0.2ms
[2025-01-08T00:53:59.285+0000][102509.651s][info][gc,phases   ] GC(4172)   Merge Heap Roots: 0.5ms
[2025-01-08T00:53:59.285+0000][102509.651s][info][gc,phases   ] GC(4172)   Evacuate Collection Set: 24.4ms
[2025-01-08T00:53:59.285+0000][102509.651s][info][gc,phases   ] GC(4172)   Post Evacuate Collection Set: 2.5ms
[2025-01-08T00:53:59.285+0000][102509.651s][info][gc,phases   ] GC(4172)   Other: 0.2ms
[2025-01-08T00:53:59.285+0000][102509.651s][info][gc,heap     ] GC(4172) Eden regions: 905->0(904)
[2025-01-08T00:53:59.285+0000][102509.651s][info][gc,heap     ] GC(4172) Survivor regions: 6->7(114)
[2025-01-08T00:53:59.285+0000][102509.651s][info][gc,heap     ] GC(4172) Old regions: 253->253
[2025-01-08T00:53:59.285+0000][102509.651s][info][gc,heap     ] GC(4172) Archive regions: 2->2
[2025-01-08T00:53:59.285+0000][102509.651s][info][gc,heap     ] GC(4172) Humongous regions: 49->49
[2025-01-08T00:53:59.285+0000][102509.651s][info][gc,metaspace] GC(4172) Metaspace: 506195K(515008K)->506195K(515008K) NonClass: 444589K(449024K)->444589K(449024K) Class: 61606K(65984K)->61606K(65984K)
[2025-01-08T00:53:59.285+0000][102509.651s][info][gc          ] GC(4172) Pause Young (Normal) (G1 Evacuation Pause) 9703M->2470M(12288M) 27.948ms
[2025-01-08T00:53:59.285+0000][102509.651s][info][gc,cpu      ] GC(4172) User=0.16s Sys=0.00s Real=0.03s
[2025-01-08T00:54:07.226+0000][102517.592s][info][gc,start    ] GC(4173) Pause Young (Normal) (G1 Evacuation Pause)
[2025-01-08T00:54:07.226+0000][102517.592s][info][gc,task     ] GC(4173) Using 6 workers of 6 for evacuation
[2025-01-08T00:54:07.256+0000][102517.622s][info][gc,phases   ] GC(4173)   Pre Evacuate Collection Set: 0.2ms
[2025-01-08T00:54:07.256+0000][102517.622s][info][gc,phases   ] GC(4173)   Merge Heap Roots: 0.4ms
[2025-01-08T00:54:07.256+0000][102517.622s][info][gc,phases   ] GC(4173)   Evacuate Collection Set: 27.1ms
[2025-01-08T00:54:07.256+0000][102517.622s][info][gc,phases   ] GC(4173)   Post Evacuate Collection Set: 2.5ms
[2025-01-08T00:54:07.256+0000][102517.622s][info][gc,phases   ] GC(4173)   Other: 0.2ms
[2025-01-08T00:54:07.256+0000][102517.622s][info][gc,heap     ] GC(4173) Eden regions: 904->0(903)
[2025-01-08T00:54:07.256+0000][102517.622s][info][gc,heap     ] GC(4173) Survivor regions: 7->8(114)
[2025-01-08T00:54:07.256+0000][102517.622s][info][gc,heap     ] GC(4173) Old regions: 253->253
[2025-01-08T00:54:07.256+0000][102517.622s][info][gc,heap     ] GC(4173) Archive regions: 2->2
[2025-01-08T00:54:07.256+0000][102517.622s][info][gc,heap     ] GC(4173) Humongous regions: 49->49
[2025-01-08T00:54:07.256+0000][102517.622s][info][gc,metaspace] GC(4173) Metaspace: 506198K(515008K)->506198K(515008K) NonClass: 444591K(449024K)->444591K(449024K) Class: 61606K(65984K)->61606K(65984K)
[2025-01-08T00:54:07.256+0000][102517.622s][info][gc          ] GC(4173) Pause Young (Normal) (G1 Evacuation Pause) 9702M->2478M(12288M) 30.580ms
[2025-01-08T00:54:07.256+0000][102517.622s][info][gc,cpu      ] GC(4173) User=0.18s Sys=0.00s Real=0.03s
[2025-01-08T00:54:16.121+0000][102526.487s][info][gc,start    ] GC(4174) Pause Young (Concurrent Start) (G1 Evacuation Pause)
[2025-01-08T00:54:16.121+0000][102526.487s][info][gc,task     ] GC(4174) Using 6 workers of 6 for evacuation
[2025-01-08T00:54:16.157+0000][102526.523s][info][gc,phases   ] GC(4174)   Pre Evacuate Collection Set: 1.1ms
[2025-01-08T00:54:16.157+0000][102526.523s][info][gc,phases   ] GC(4174)   Merge Heap Roots: 0.5ms
[2025-01-08T00:54:16.157+0000][102526.523s][info][gc,phases   ] GC(4174)   Evacuate Collection Set: 31.4ms
[2025-01-08T00:54:16.157+0000][102526.523s][info][gc,phases   ] GC(4174)   Post Evacuate Collection Set: 2.7ms
[2025-01-08T00:54:16.157+0000][102526.523s][info][gc,phases   ] GC(4174)   Other: 0.3ms
[2025-01-08T00:54:16.157+0000][102526.523s][info][gc,heap     ] GC(4174) Eden regions: 903->0(901)
[2025-01-08T00:54:16.157+0000][102526.523s][info][gc,heap     ] GC(4174) Survivor regions: 8->10(114)
[2025-01-08T00:54:16.157+0000][102526.523s][info][gc,heap     ] GC(4174) Old regions: 253->253
[2025-01-08T00:54:16.157+0000][102526.523s][info][gc,heap     ] GC(4174) Archive regions: 2->2
[2025-01-08T00:54:16.157+0000][102526.523s][info][gc,heap     ] GC(4174) Humongous regions: 49->49
[2025-01-08T00:54:16.157+0000][102526.523s][info][gc,metaspace] GC(4174) Metaspace: 506198K(515008K)->506198K(515008K) NonClass: 444591K(449024K)->444591K(449024K) Class: 61606K(65984K)->61606K(65984K)
[2025-01-08T00:54:16.157+0000][102526.523s][info][gc          ] GC(4174) Pause Young (Concurrent Start) (G1 Evacuation Pause) 9702M->2493M(12288M) 35.986ms
[2025-01-08T00:54:16.157+0000][102526.523s][info][gc,cpu      ] GC(4174) User=0.21s Sys=0.00s Real=0.04s
[2025-01-08T00:54:16.157+0000][102526.523s][info][gc          ] GC(4175) Concurrent Mark Cycle
[2025-01-08T00:54:16.157+0000][102526.523s][info][gc,marking  ] GC(4175) Concurrent Clear Claimed Marks
[2025-01-08T00:54:16.158+0000][102526.524s][info][gc,marking  ] GC(4175) Concurrent Clear Claimed Marks 0.909ms
[2025-01-08T00:54:16.158+0000][102526.524s][info][gc,marking  ] GC(4175) Concurrent Scan Root Regions
[2025-01-08T00:54:16.185+0000][102526.551s][info][gc,marking  ] GC(4175) Concurrent Scan Root Regions 27.323ms
[2025-01-08T00:54:16.185+0000][102526.551s][info][gc,marking  ] GC(4175) Concurrent Mark
[2025-01-08T00:54:16.185+0000][102526.551s][info][gc,marking  ] GC(4175) Concurrent Mark From Roots
[2025-01-08T00:54:16.185+0000][102526.551s][info][gc,task     ] GC(4175) Using 2 workers of 2 for marking
[2025-01-08T00:54:17.059+0000][102527.425s][info][gc,marking  ] GC(4175) Concurrent Mark From Roots 873.551ms
[2025-01-08T00:54:17.059+0000][102527.425s][info][gc,marking  ] GC(4175) Concurrent Preclean
[2025-01-08T00:54:17.061+0000][102527.427s][info][gc,marking  ] GC(4175) Concurrent Preclean 1.994ms
[2025-01-08T00:54:17.061+0000][102527.427s][info][gc,start    ] GC(4175) Pause Remark
[2025-01-08T00:54:17.087+0000][102527.454s][info][gc          ] GC(4175) Pause Remark 3389M->3389M(12288M) 26.422ms
[2025-01-08T00:54:17.088+0000][102527.454s][info][gc,cpu      ] GC(4175) User=0.15s Sys=0.00s Real=0.03s
[2025-01-08T00:54:17.088+0000][102527.454s][info][gc,marking  ] GC(4175) Concurrent Mark 902.344ms
[2025-01-08T00:54:17.088+0000][102527.454s][info][gc,marking  ] GC(4175) Concurrent Rebuild Remembered Sets
[2025-01-08T00:54:17.602+0000][102527.968s][info][gc,marking  ] GC(4175) Concurrent Rebuild Remembered Sets 514.066ms
[2025-01-08T00:54:17.602+0000][102527.968s][info][gc,start    ] GC(4175) Pause Cleanup
[2025-01-08T00:54:17.602+0000][102527.968s][info][gc          ] GC(4175) Pause Cleanup 3821M->3821M(12288M) 0.468ms
[2025-01-08T00:54:17.602+0000][102527.969s][info][gc,cpu      ] GC(4175) User=0.00s Sys=0.00s Real=0.00s
[2025-01-08T00:54:17.602+0000][102527.969s][info][gc,marking  ] GC(4175) Concurrent Cleanup for Next Mark
[2025-01-08T00:54:17.618+0000][102527.984s][info][gc,marking  ] GC(4175) Concurrent Cleanup for Next Mark 15.500ms
[2025-01-08T00:54:17.618+0000][102527.984s][info][gc          ] GC(4175) Concurrent Mark Cycle 1461.011ms
[2025-01-08T00:54:24.415+0000][102534.781s][info][gc,start    ] GC(4176) Pause Young (Prepare Mixed) (G1 Evacuation Pause)
[2025-01-08T00:54:24.415+0000][102534.781s][info][gc,task     ] GC(4176) Using 6 workers of 6 for evacuation
[2025-01-08T00:54:24.462+0000][102534.828s][info][gc,phases   ] GC(4176)   Pre Evacuate Collection Set: 0.2ms
[2025-01-08T00:54:24.462+0000][102534.828s][info][gc,phases   ] GC(4176)   Merge Heap Roots: 0.8ms
[2025-01-08T00:54:24.462+0000][102534.828s][info][gc,phases   ] GC(4176)   Evacuate Collection Set: 39.6ms
[2025-01-08T00:54:24.462+0000][102534.828s][info][gc,phases   ] GC(4176)   Post Evacuate Collection Set: 5.8ms
[2025-01-08T00:54:24.462+0000][102534.828s][info][gc,phases   ] GC(4176)   Other: 0.2ms
[2025-01-08T00:54:24.462+0000][102534.828s][info][gc,heap     ] GC(4176) Eden regions: 901->0(64)
[2025-01-08T00:54:24.462+0000][102534.828s][info][gc,heap     ] GC(4176) Survivor regions: 10->12(114)
[2025-01-08T00:54:24.462+0000][102534.828s][info][gc,heap     ] GC(4176) Old regions: 253->253
[2025-01-08T00:54:24.462+0000][102534.828s][info][gc,heap     ] GC(4176) Archive regions: 2->2
[2025-01-08T00:54:24.462+0000][102534.828s][info][gc,heap     ] GC(4176) Humongous regions: 49->49
[2025-01-08T00:54:24.462+0000][102534.828s][info][gc,metaspace] GC(4176) Metaspace: 506198K(515008K)->506198K(515008K) NonClass: 444591K(449024K)->444591K(449024K) Class: 61606K(65984K)->61606K(65984K)
[2025-01-08T00:54:24.462+0000][102534.828s][info][gc          ] GC(4176) Pause Young (Prepare Mixed) (G1 Evacuation Pause) 9701M->2512M(12288M) 46.663ms
[2025-01-08T00:54:24.462+0000][102534.828s][info][gc,cpu      ] GC(4176) User=0.28s Sys=0.00s Real=0.05s
[2025-01-08T00:54:25.244+0000][102535.610s][info][gc,start    ] GC(4177) Pause Young (Mixed) (G1 Evacuation Pause)
[2025-01-08T00:54:25.244+0000][102535.610s][info][gc,task     ] GC(4177) Using 6 workers of 6 for evacuation
[2025-01-08T00:54:25.296+0000][102535.662s][info][gc,phases   ] GC(4177)   Pre Evacuate Collection Set: 0.2ms
[2025-01-08T00:54:25.296+0000][102535.662s][info][gc,phases   ] GC(4177)   Merge Heap Roots: 0.5ms
[2025-01-08T00:54:25.296+0000][102535.662s][info][gc,phases   ] GC(4177)   Evacuate Collection Set: 49.5ms
[2025-01-08T00:54:25.296+0000][102535.662s][info][gc,phases   ] GC(4177)   Post Evacuate Collection Set: 1.8ms
[2025-01-08T00:54:25.296+0000][102535.662s][info][gc,phases   ] GC(4177)   Other: 0.2ms
[2025-01-08T00:54:25.296+0000][102535.662s][info][gc,heap     ] GC(4177) Eden regions: 64->0(905)
[2025-01-08T00:54:25.296+0000][102535.662s][info][gc,heap     ] GC(4177) Survivor regions: 12->4(10)
[2025-01-08T00:54:25.296+0000][102535.662s][info][gc,heap     ] GC(4177) Old regions: 253->253
[2025-01-08T00:54:25.296+0000][102535.662s][info][gc,heap     ] GC(4177) Archive regions: 2->2
[2025-01-08T00:54:25.296+0000][102535.662s][info][gc,heap     ] GC(4177) Humongous regions: 49->49
[2025-01-08T00:54:25.296+0000][102535.662s][info][gc,metaspace] GC(4177) Metaspace: 506198K(515008K)->506198K(515008K) NonClass: 444591K(449024K)->444591K(449024K) Class: 61606K(65984K)->61606K(65984K)
[2025-01-08T00:54:25.296+0000][102535.662s][info][gc          ] GC(4177) Pause Young (Mixed) (G1 Evacuation Pause) 3024M->2446M(12288M) 52.211ms
[2025-01-08T00:54:25.296+0000][102535.662s][info][gc,cpu      ] GC(4177) User=0.31s Sys=0.00s Real=0.05s
[2025-01-08T00:54:33.163+0000][102543.529s][info][gc,start    ] GC(4178) Pause Young (Normal) (G1 Evacuation Pause)
[2025-01-08T00:54:33.163+0000][102543.529s][info][gc,task     ] GC(4178) Using 6 workers of 6 for evacuation
[2025-01-08T00:54:33.187+0000][102543.554s][info][gc,phases   ] GC(4178)   Pre Evacuate Collection Set: 0.2ms
[2025-01-08T00:54:33.187+0000][102543.554s][info][gc,phases   ] GC(4178)   Merge Heap Roots: 0.4ms
[2025-01-08T00:54:33.187+0000][102543.554s][info][gc,phases   ] GC(4178)   Evacuate Collection Set: 19.4ms
[2025-01-08T00:54:33.187+0000][102543.554s][info][gc,phases   ] GC(4178)   Post Evacuate Collection Set: 4.1ms
[2025-01-08T00:54:33.187+0000][102543.554s][info][gc,phases   ] GC(4178)   Other: 0.2ms
[2025-01-08T00:54:33.187+0000][102543.554s][info][gc,heap     ] GC(4178) Eden regions: 905->0(905)
[2025-01-08T00:54:33.187+0000][102543.554s][info][gc,heap     ] GC(4178) Survivor regions: 4->5(114)
[2025-01-08T00:54:33.187+0000][102543.554s][info][gc,heap     ] GC(4178) Old regions: 253->253
[2025-01-08T00:54:33.187+0000][102543.554s][info][gc,heap     ] GC(4178) Archive regions: 2->2
[2025-01-08T00:54:33.187+0000][102543.554s][info][gc,heap     ] GC(4178) Humongous regions: 49->49
[2025-01-08T00:54:33.187+0000][102543.554s][info][gc,metaspace] GC(4178) Metaspace: 506198K(515008K)->506198K(515008K) NonClass: 444591K(449024K)->444591K(449024K) Class: 61606K(65984K)->61606K(65984K)
[2025-01-08T00:54:33.187+0000][102543.554s][info][gc          ] GC(4178) Pause Young (Normal) (G1 Evacuation Pause) 9686M->2460M(12288M) 24.406ms
[2025-01-08T00:54:33.188+0000][102543.554s][info][gc,cpu      ] GC(4178) User=0.14s Sys=0.00s Real=0.02s
[2025-01-08T00:54:40.526+0000][102550.892s][info][gc,start    ] GC(4179) Pause Young (Normal) (G1 Evacuation Pause)
[2025-01-08T00:54:40.526+0000][102550.892s][info][gc,task     ] GC(4179) Using 6 workers of 6 for evacuation
[2025-01-08T00:54:40.549+0000][102550.915s][info][gc,phases   ] GC(4179)   Pre Evacuate Collection Set: 0.2ms
[2025-01-08T00:54:40.549+0000][102550.915s][info][gc,phases   ] GC(4179)   Merge Heap Roots: 0.4ms
[2025-01-08T00:54:40.549+0000][102550.915s][info][gc,phases   ] GC(4179)   Evacuate Collection Set: 19.4ms
[2025-01-08T00:54:40.549+0000][102550.915s][info][gc,phases   ] GC(4179)   Post Evacuate Collection Set: 2.5ms
[2025-01-08T00:54:40.549+0000][102550.915s][info][gc,phases   ] GC(4179)   Other: 0.2ms
[2025-01-08T00:54:40.549+0000][102550.915s][info][gc,heap     ] GC(4179) Eden regions: 905->0(904)
[2025-01-08T00:54:40.549+0000][102550.915s][info][gc,heap     ] GC(4179) Survivor regions: 5->6(114)
[2025-01-08T00:54:40.549+0000][102550.915s][info][gc,heap     ] GC(4179) Old regions: 253->253
[2025-01-08T00:54:40.549+0000][102550.915s][info][gc,heap     ] GC(4179) Archive regions: 2->2
[2025-01-08T00:54:40.549+0000][102550.915s][info][gc,heap     ] GC(4179) Humongous regions: 49->49
[2025-01-08T00:54:40.549+0000][102550.915s][info][gc,metaspace] GC(4179) Metaspace: 506198K(515008K)->506198K(515008K) NonClass: 444591K(449024K)->444591K(449024K) Class: 61606K(65984K)->61606K(65984K)
[2025-01-08T00:54:40.549+0000][102550.915s][info][gc          ] GC(4179) Pause Young (Normal) (G1 Evacuation Pause) 9700M->2461M(12288M) 22.769ms
[2025-01-08T00:54:40.549+0000][102550.915s][info][gc,cpu      ] GC(4179) User=0.13s Sys=0.00s Real=0.02s
[2025-01-08T00:54:47.529+0000][102557.895s][info][gc,start    ] GC(4180) Pause Young (Concurrent Start) (G1 Evacuation Pause)
[2025-01-08T00:54:47.529+0000][102557.895s][info][gc,task     ] GC(4180) Using 6 workers of 6 for evacuation
[2025-01-08T00:54:47.556+0000][102557.922s][info][gc,phases   ] GC(4180)   Pre Evacuate Collection Set: 1.1ms
[2025-01-08T00:54:47.556+0000][102557.922s][info][gc,phases   ] GC(4180)   Merge Heap Roots: 0.4ms
[2025-01-08T00:54:47.556+0000][102557.922s][info][gc,phases   ] GC(4180)   Evacuate Collection Set: 22.6ms
[2025-01-08T00:54:47.556+0000][102557.922s][info][gc,phases   ] GC(4180)   Post Evacuate Collection Set: 2.5ms
[2025-01-08T00:54:47.556+0000][102557.922s][info][gc,phases   ] GC(4180)   Other: 0.3ms
[2025-01-08T00:54:47.556+0000][102557.922s][info][gc,heap     ] GC(4180) Eden regions: 904->0(904)
[2025-01-08T00:54:47.556+0000][102557.922s][info][gc,heap     ] GC(4180) Survivor regions: 6->7(114)
[2025-01-08T00:54:47.556+0000][102557.922s][info][gc,heap     ] GC(4180) Old regions: 253->253
[2025-01-08T00:54:47.556+0000][102557.922s][info][gc,heap     ] GC(4180) Archive regions: 2->2
[2025-01-08T00:54:47.556+0000][102557.922s][info][gc,heap     ] GC(4180) Humongous regions: 49->49
[2025-01-08T00:54:47.556+0000][102557.922s][info][gc,metaspace] GC(4180) Metaspace: 506198K(515008K)->506198K(515008K) NonClass: 444591K(449024K)->444591K(449024K) Class: 61606K(65984K)->61606K(65984K)
[2025-01-08T00:54:47.556+0000][102557.922s][info][gc          ] GC(4180) Pause Young (Concurrent Start) (G1 Evacuation Pause) 9693M->2469M(12288M) 27.047ms
[2025-01-08T00:54:47.556+0000][102557.922s][info][gc,cpu      ] GC(4180) User=0.15s Sys=0.00s Real=0.03s
[2025-01-08T00:54:47.556+0000][102557.922s][info][gc          ] GC(4181) Concurrent Mark Cycle
[2025-01-08T00:54:47.556+0000][102557.922s][info][gc,marking  ] GC(4181) Concurrent Clear Claimed Marks
[2025-01-08T00:54:47.557+0000][102557.923s][info][gc,marking  ] GC(4181) Concurrent Clear Claimed Marks 0.865ms
[2025-01-08T00:54:47.557+0000][102557.923s][info][gc,marking  ] GC(4181) Concurrent Scan Root Regions
[2025-01-08T00:54:47.574+0000][102557.940s][info][gc,marking  ] GC(4181) Concurrent Scan Root Regions 16.882ms
[2025-01-08T00:54:47.574+0000][102557.940s][info][gc,marking  ] GC(4181) Concurrent Mark
[2025-01-08T00:54:47.574+0000][102557.940s][info][gc,marking  ] GC(4181) Concurrent Mark From Roots
[2025-01-08T00:54:47.574+0000][102557.940s][info][gc,task     ] GC(4181) Using 2 workers of 2 for marking
[2025-01-08T00:54:48.619+0000][102558.985s][info][gc,marking  ] GC(4181) Concurrent Mark From Roots 1045.472ms
[2025-01-08T00:54:48.619+0000][102558.985s][info][gc,marking  ] GC(4181) Concurrent Preclean
[2025-01-08T00:54:48.621+0000][102558.987s][info][gc,marking  ] GC(4181) Concurrent Preclean 1.944ms
[2025-01-08T00:54:48.621+0000][102558.987s][info][gc,start    ] GC(4181) Pause Remark
[2025-01-08T00:54:48.647+0000][102559.013s][info][gc          ] GC(4181) Pause Remark 3769M->3769M(12288M) 25.680ms
[2025-01-08T00:54:48.647+0000][102559.013s][info][gc,cpu      ] GC(4181) User=0.14s Sys=0.00s Real=0.03s
[2025-01-08T00:54:48.647+0000][102559.013s][info][gc,marking  ] GC(4181) Concurrent Mark 1073.408ms
[2025-01-08T00:54:48.647+0000][102559.013s][info][gc,marking  ] GC(4181) Concurrent Rebuild Remembered Sets
[2025-01-08T00:54:49.223+0000][102559.589s][info][gc,marking  ] GC(4181) Concurrent Rebuild Remembered Sets 575.895ms
[2025-01-08T00:54:49.223+0000][102559.589s][info][gc,start    ] GC(4181) Pause Cleanup
[2025-01-08T00:54:49.223+0000][102559.590s][info][gc          ] GC(4181) Pause Cleanup 4137M->4137M(12288M) 0.444ms
[2025-01-08T00:54:49.224+0000][102559.590s][info][gc,cpu      ] GC(4181) User=0.00s Sys=0.00s Real=0.00s
[2025-01-08T00:54:49.224+0000][102559.590s][info][gc,marking  ] GC(4181) Concurrent Cleanup for Next Mark
[2025-01-08T00:54:49.240+0000][102559.606s][info][gc,marking  ] GC(4181) Concurrent Cleanup for Next Mark 16.475ms
[2025-01-08T00:54:49.240+0000][102559.606s][info][gc          ] GC(4181) Concurrent Mark Cycle 1684.367ms
[2025-01-08T00:54:54.682+0000][102565.048s][info][gc,start    ] GC(4182) Pause Young (Prepare Mixed) (G1 Evacuation Pause)
[2025-01-08T00:54:54.682+0000][102565.048s][info][gc,task     ] GC(4182) Using 6 workers of 6 for evacuation
[2025-01-08T00:54:54.713+0000][102565.079s][info][gc,phases   ] GC(4182)   Pre Evacuate Collection Set: 0.2ms
[2025-01-08T00:54:54.713+0000][102565.079s][info][gc,phases   ] GC(4182)   Merge Heap Roots: 0.7ms
[2025-01-08T00:54:54.713+0000][102565.079s][info][gc,phases   ] GC(4182)   Evacuate Collection Set: 27.1ms
[2025-01-08T00:54:54.713+0000][102565.079s][info][gc,phases   ] GC(4182)   Post Evacuate Collection Set: 2.8ms
[2025-01-08T00:54:54.713+0000][102565.079s][info][gc,phases   ] GC(4182)   Other: 0.2ms
[2025-01-08T00:54:54.713+0000][102565.079s][info][gc,heap     ] GC(4182) Eden regions: 904->0(68)
[2025-01-08T00:54:54.713+0000][102565.079s][info][gc,heap     ] GC(4182) Survivor regions: 7->8(114)
[2025-01-08T00:54:54.713+0000][102565.079s][info][gc,heap     ] GC(4182) Old regions: 253->253
[2025-01-08T00:54:54.713+0000][102565.079s][info][gc,heap     ] GC(4182) Archive regions: 2->2
[2025-01-08T00:54:54.713+0000][102565.079s][info][gc,heap     ] GC(4182) Humongous regions: 49->49
[2025-01-08T00:54:54.713+0000][102565.079s][info][gc,metaspace] GC(4182) Metaspace: 506198K(515008K)->506198K(515008K) NonClass: 444591K(449024K)->444591K(449024K) Class: 61606K(65984K)->61606K(65984K)
[2025-01-08T00:54:54.713+0000][102565.079s][info][gc          ] GC(4182) Pause Young (Prepare Mixed) (G1 Evacuation Pause) 9701M->2481M(12288M) 31.053ms
[2025-01-08T00:54:54.713+0000][102565.079s][info][gc,cpu      ] GC(4182) User=0.18s Sys=0.00s Real=0.03s
[2025-01-08T00:54:55.084+0000][102565.450s][info][gc,start    ] GC(4183) Pause Young (Mixed) (G1 Evacuation Pause)
[2025-01-08T00:54:55.084+0000][102565.451s][info][gc,task     ] GC(4183) Using 6 workers of 6 for evacuation
[2025-01-08T00:54:55.134+0000][102565.500s][info][gc,phases   ] GC(4183)   Pre Evacuate Collection Set: 0.2ms
[2025-01-08T00:54:55.134+0000][102565.500s][info][gc,phases   ] GC(4183)   Merge Heap Roots: 0.5ms
[2025-01-08T00:54:55.134+0000][102565.500s][info][gc,phases   ] GC(4183)   Evacuate Collection Set: 46.9ms
[2025-01-08T00:54:55.134+0000][102565.500s][info][gc,phases   ] GC(4183)   Post Evacuate Collection Set: 1.6ms
[2025-01-08T00:54:55.134+0000][102565.500s][info][gc,phases   ] GC(4183)   Other: 0.2ms
[2025-01-08T00:54:55.134+0000][102565.500s][info][gc,heap     ] GC(4183) Eden regions: 68->0(905)
[2025-01-08T00:54:55.134+0000][102565.500s][info][gc,heap     ] GC(4183) Survivor regions: 8->7(10)
[2025-01-08T00:54:55.134+0000][102565.500s][info][gc,heap     ] GC(4183) Old regions: 253->251
[2025-01-08T00:54:55.134+0000][102565.500s][info][gc,heap     ] GC(4183) Archive regions: 2->2
[2025-01-08T00:54:55.134+0000][102565.500s][info][gc,heap     ] GC(4183) Humongous regions: 49->49
[2025-01-08T00:54:55.134+0000][102565.500s][info][gc,metaspace] GC(4183) Metaspace: 506198K(515008K)->506198K(515008K) NonClass: 444591K(449024K)->444591K(449024K) Class: 61606K(65984K)->61606K(65984K)
[2025-01-08T00:54:55.134+0000][102565.500s][info][gc          ] GC(4183) Pause Young (Mixed) (G1 Evacuation Pause) 3025M->2451M(12288M) 49.474ms
[2025-01-08T00:54:55.134+0000][102565.500s][info][gc,cpu      ] GC(4183) User=0.29s Sys=0.00s Real=0.05s
[2025-01-08T00:55:02.986+0000][102573.352s][info][gc,start    ] GC(4184) Pause Young (Normal) (G1 Evacuation Pause)
[2025-01-08T00:55:02.986+0000][102573.352s][info][gc,task     ] GC(4184) Using 6 workers of 6 for evacuation
[2025-01-08T00:55:03.015+0000][102573.381s][info][gc,phases   ] GC(4184)   Pre Evacuate Collection Set: 0.2ms
[2025-01-08T00:55:03.015+0000][102573.381s][info][gc,phases   ] GC(4184)   Merge Heap Roots: 0.5ms
[2025-01-08T00:55:03.015+0000][102573.381s][info][gc,phases   ] GC(4184)   Evacuate Collection Set: 25.8ms
[2025-01-08T00:55:03.015+0000][102573.381s][info][gc,phases   ] GC(4184)   Post Evacuate Collection Set: 2.8ms
[2025-01-08T00:55:03.015+0000][102573.381s][info][gc,phases   ] GC(4184)   Other: 0.2ms
[2025-01-08T00:55:03.015+0000][102573.381s][info][gc,heap     ] GC(4184) Eden regions: 905->0(907)
[2025-01-08T00:55:03.015+0000][102573.381s][info][gc,heap     ] GC(4184) Survivor regions: 7->7(114)
[2025-01-08T00:55:03.015+0000][102573.381s][info][gc,heap     ] GC(4184) Old regions: 251->251
[2025-01-08T00:55:03.015+0000][102573.381s][info][gc,heap     ] GC(4184) Archive regions: 2->2
[2025-01-08T00:55:03.015+0000][102573.381s][info][gc,heap     ] GC(4184) Humongous regions: 49->49
[2025-01-08T00:55:03.015+0000][102573.381s][info][gc,metaspace] GC(4184) Metaspace: 506198K(515008K)->506198K(515008K) NonClass: 444591K(449024K)->444591K(449024K) Class: 61606K(65984K)->61606K(65984K)
[2025-01-08T00:55:03.015+0000][102573.381s][info][gc          ] GC(4184) Pause Young (Normal) (G1 Evacuation Pause) 9691M->2451M(12288M) 29.547ms
[2025-01-08T00:55:03.015+0000][102573.381s][info][gc,cpu      ] GC(4184) User=0.18s Sys=0.00s Real=0.03s
[2025-01-08T00:55:10.758+0000][102581.125s][info][gc,start    ] GC(4185) Pause Young (Normal) (G1 Evacuation Pause)
[2025-01-08T00:55:10.758+0000][102581.125s][info][gc,task     ] GC(4185) Using 6 workers of 6 for evacuation
[2025-01-08T00:55:10.792+0000][102581.159s][info][gc,phases   ] GC(4185)   Pre Evacuate Collection Set: 0.2ms
[2025-01-08T00:55:10.793+0000][102581.159s][info][gc,phases   ] GC(4185)   Merge Heap Roots: 0.4ms
[2025-01-08T00:55:10.793+0000][102581.159s][info][gc,phases   ] GC(4185)   Evacuate Collection Set: 30.5ms
[2025-01-08T00:55:10.793+0000][102581.159s][info][gc,phases   ] GC(4185)   Post Evacuate Collection Set: 2.8ms
[2025-01-08T00:55:10.793+0000][102581.159s][info][gc,phases   ] GC(4185)   Other: 0.2ms
[2025-01-08T00:55:10.793+0000][102581.159s][info][gc,heap     ] GC(4185) Eden regions: 907->0(905)
[2025-01-08T00:55:10.793+0000][102581.159s][info][gc,heap     ] GC(4185) Survivor regions: 7->8(115)
[2025-01-08T00:55:10.793+0000][102581.159s][info][gc,heap     ] GC(4185) Old regions: 251->251
[2025-01-08T00:55:10.793+0000][102581.159s][info][gc,heap     ] GC(4185) Archive regions: 2->2
[2025-01-08T00:55:10.793+0000][102581.159s][info][gc,heap     ] GC(4185) Humongous regions: 49->49
[2025-01-08T00:55:10.793+0000][102581.159s][info][gc,metaspace] GC(4185) Metaspace: 506198K(515008K)->506198K(515008K) NonClass: 444591K(449024K)->444591K(449024K) Class: 61606K(65984K)->61606K(65984K)
[2025-01-08T00:55:10.793+0000][102581.159s][info][gc          ] GC(4185) Pause Young (Normal) (G1 Evacuation Pause) 9707M->2466M(12288M) 34.140ms
[2025-01-08T00:55:10.793+0000][102581.159s][info][gc,cpu      ] GC(4185) User=0.20s Sys=0.00s Real=0.04s
[2025-01-08T00:55:19.044+0000][102589.410s][info][gc,start    ] GC(4186) Pause Young (Concurrent Start) (G1 Evacuation Pause)
[2025-01-08T00:55:19.044+0000][102589.410s][info][gc,task     ] GC(4186) Using 6 workers of 6 for evacuation
[2025-01-08T00:55:19.085+0000][102589.451s][info][gc,phases   ] GC(4186)   Pre Evacuate Collection Set: 1.1ms
[2025-01-08T00:55:19.085+0000][102589.451s][info][gc,phases   ] GC(4186)   Merge Heap Roots: 0.5ms
[2025-01-08T00:55:19.085+0000][102589.451s][info][gc,phases   ] GC(4186)   Evacuate Collection Set: 33.7ms
[2025-01-08T00:55:19.085+0000][102589.451s][info][gc,phases   ] GC(4186)   Post Evacuate Collection Set: 5.2ms
[2025-01-08T00:55:19.085+0000][102589.451s][info][gc,phases   ] GC(4186)   Other: 0.3ms
[2025-01-08T00:55:19.085+0000][102589.451s][info][gc,heap     ] GC(4186) Eden regions: 905->0(900)
[2025-01-08T00:55:19.085+0000][102589.451s][info][gc,heap     ] GC(4186) Survivor regions: 8->11(115)
[2025-01-08T00:55:19.085+0000][102589.451s][info][gc,heap     ] GC(4186) Old regions: 251->251
[2025-01-08T00:55:19.085+0000][102589.451s][info][gc,heap     ] GC(4186) Archive regions: 2->2
[2025-01-08T00:55:19.085+0000][102589.451s][info][gc,heap     ] GC(4186) Humongous regions: 49->49
[2025-01-08T00:55:19.085+0000][102589.451s][info][gc,metaspace] GC(4186) Metaspace: 506198K(515008K)->506198K(515008K) NonClass: 444591K(449024K)->444591K(449024K) Class: 61606K(65984K)->61606K(65984K)
[2025-01-08T00:55:19.085+0000][102589.451s][info][gc          ] GC(4186) Pause Young (Concurrent Start) (G1 Evacuation Pause) 9706M->2483M(12288M) 40.864ms
[2025-01-08T00:55:19.085+0000][102589.451s][info][gc,cpu      ] GC(4186) User=0.23s Sys=0.00s Real=0.04s
[2025-01-08T00:55:19.085+0000][102589.451s][info][gc          ] GC(4187) Concurrent Mark Cycle
[2025-01-08T00:55:19.085+0000][102589.451s][info][gc,marking  ] GC(4187) Concurrent Clear Claimed Marks
[2025-01-08T00:55:19.086+0000][102589.452s][info][gc,marking  ] GC(4187) Concurrent Clear Claimed Marks 0.952ms
[2025-01-08T00:55:19.086+0000][102589.452s][info][gc,marking  ] GC(4187) Concurrent Scan Root Regions
[2025-01-08T00:55:19.115+0000][102589.481s][info][gc,marking  ] GC(4187) Concurrent Scan Root Regions 28.705ms
[2025-01-08T00:55:19.115+0000][102589.481s][info][gc,marking  ] GC(4187) Concurrent Mark
[2025-01-08T00:55:19.115+0000][102589.481s][info][gc,marking  ] GC(4187) Concurrent Mark From Roots
[2025-01-08T00:55:19.115+0000][102589.481s][info][gc,task     ] GC(4187) Using 2 workers of 2 for marking
[2025-01-08T00:55:20.110+0000][102590.476s][info][gc,marking  ] GC(4187) Concurrent Mark From Roots 994.739ms
[2025-01-08T00:55:20.110+0000][102590.476s][info][gc,marking  ] GC(4187) Concurrent Preclean
[2025-01-08T00:55:20.112+0000][102590.478s][info][gc,marking  ] GC(4187) Concurrent Preclean 1.926ms
[2025-01-08T00:55:20.112+0000][102590.478s][info][gc,start    ] GC(4187) Pause Remark
[2025-01-08T00:55:20.138+0000][102590.504s][info][gc          ] GC(4187) Pause Remark 3577M->3577M(12288M) 25.757ms
[2025-01-08T00:55:20.138+0000][102590.504s][info][gc,cpu      ] GC(4187) User=0.15s Sys=0.00s Real=0.02s
[2025-01-08T00:55:20.138+0000][102590.504s][info][gc,marking  ] GC(4187) Concurrent Mark 1022.722ms
[2025-01-08T00:55:20.138+0000][102590.504s][info][gc,marking  ] GC(4187) Concurrent Rebuild Remembered Sets
[2025-01-08T00:55:20.645+0000][102591.011s][info][gc,marking  ] GC(4187) Concurrent Rebuild Remembered Sets 506.863ms
[2025-01-08T00:55:20.645+0000][102591.011s][info][gc,start    ] GC(4187) Pause Cleanup
[2025-01-08T00:55:20.645+0000][102591.011s][info][gc          ] GC(4187) Pause Cleanup 3643M->3643M(12288M) 0.414ms
[2025-01-08T00:55:20.645+0000][102591.011s][info][gc,cpu      ] GC(4187) User=0.00s Sys=0.00s Real=0.00s
[2025-01-08T00:55:20.645+0000][102591.011s][info][gc,marking  ] GC(4187) Concurrent Cleanup for Next Mark
[2025-01-08T00:55:20.661+0000][102591.027s][info][gc,marking  ] GC(4187) Concurrent Cleanup for Next Mark 15.387ms
[2025-01-08T00:55:20.661+0000][102591.027s][info][gc          ] GC(4187) Concurrent Mark Cycle 1575.482ms
[2025-01-08T00:55:27.553+0000][102597.919s][info][gc,start    ] GC(4188) Pause Young (Prepare Mixed) (G1 Evacuation Pause)
[2025-01-08T00:55:27.553+0000][102597.919s][info][gc,task     ] GC(4188) Using 6 workers of 6 for evacuation
[2025-01-08T00:55:27.593+0000][102597.959s][info][gc,phases   ] GC(4188)   Pre Evacuate Collection Set: 0.2ms
[2025-01-08T00:55:27.593+0000][102597.959s][info][gc,phases   ] GC(4188)   Merge Heap Roots: 0.7ms
[2025-01-08T00:55:27.593+0000][102597.959s][info][gc,phases   ] GC(4188)   Evacuate Collection Set: 34.9ms
[2025-01-08T00:55:27.593+0000][102597.959s][info][gc,phases   ] GC(4188)   Post Evacuate Collection Set: 4.1ms
[2025-01-08T00:55:27.593+0000][102597.959s][info][gc,phases   ] GC(4188)   Other: 0.2ms
[2025-01-08T00:55:27.593+0000][102597.959s][info][gc,heap     ] GC(4188) Eden regions: 900->0(64)
[2025-01-08T00:55:27.593+0000][102597.959s][info][gc,heap     ] GC(4188) Survivor regions: 11->12(114)
[2025-01-08T00:55:27.593+0000][102597.959s][info][gc,heap     ] GC(4188) Old regions: 251->251
[2025-01-08T00:55:27.593+0000][102597.959s][info][gc,heap     ] GC(4188) Archive regions: 2->2
[2025-01-08T00:55:27.593+0000][102597.959s][info][gc,heap     ] GC(4188) Humongous regions: 49->49
[2025-01-08T00:55:27.593+0000][102597.959s][info][gc,metaspace] GC(4188) Metaspace: 506198K(515008K)->506198K(515008K) NonClass: 444591K(449024K)->444591K(449024K) Class: 61606K(65984K)->61606K(65984K)
[2025-01-08T00:55:27.593+0000][102597.959s][info][gc          ] GC(4188) Pause Young (Prepare Mixed) (G1 Evacuation Pause) 9683M->2497M(12288M) 40.265ms
[2025-01-08T00:55:27.593+0000][102597.959s][info][gc,cpu      ] GC(4188) User=0.24s Sys=0.00s Real=0.04s
[2025-01-08T00:55:28.023+0000][102598.389s][info][gc,start    ] GC(4189) Pause Young (Mixed) (G1 Evacuation Pause)
[2025-01-08T00:55:28.023+0000][102598.389s][info][gc,task     ] GC(4189) Using 6 workers of 6 for evacuation
[2025-01-08T00:55:28.088+0000][102598.454s][info][gc,phases   ] GC(4189)   Pre Evacuate Collection Set: 0.2ms
[2025-01-08T00:55:28.088+0000][102598.454s][info][gc,phases   ] GC(4189)   Merge Heap Roots: 0.7ms
[2025-01-08T00:55:28.088+0000][102598.454s][info][gc,phases   ] GC(4189)   Evacuate Collection Set: 62.9ms
[2025-01-08T00:55:28.088+0000][102598.454s][info][gc,phases   ] GC(4189)   Post Evacuate Collection Set: 1.6ms
[2025-01-08T00:55:28.088+0000][102598.454s][info][gc,phases   ] GC(4189)   Other: 0.2ms
[2025-01-08T00:55:28.088+0000][102598.454s][info][gc,heap     ] GC(4189) Eden regions: 64->0(903)
[2025-01-08T00:55:28.088+0000][102598.454s][info][gc,heap     ] GC(4189) Survivor regions: 12->5(10)
[2025-01-08T00:55:28.088+0000][102598.454s][info][gc,heap     ] GC(4189) Old regions: 251->253
[2025-01-08T00:55:28.088+0000][102598.454s][info][gc,heap     ] GC(4189) Archive regions: 2->2
[2025-01-08T00:55:28.088+0000][102598.454s][info][gc,heap     ] GC(4189) Humongous regions: 49->49
[2025-01-08T00:55:28.088+0000][102598.454s][info][gc,metaspace] GC(4189) Metaspace: 506198K(515008K)->506198K(515008K) NonClass: 444591K(449024K)->444591K(449024K) Class: 61606K(65984K)->61606K(65984K)
[2025-01-08T00:55:28.088+0000][102598.455s][info][gc          ] GC(4189) Pause Young (Mixed) (G1 Evacuation Pause) 3009M->2459M(12288M) 65.657ms
[2025-01-08T00:55:28.088+0000][102598.455s][info][gc,cpu      ] GC(4189) User=0.38s Sys=0.00s Real=0.06s
[2025-01-08T00:55:35.942+0000][102606.308s][info][gc,start    ] GC(4190) Pause Young (Normal) (G1 Evacuation Pause)
[2025-01-08T00:55:35.942+0000][102606.308s][info][gc,task     ] GC(4190) Using 6 workers of 6 for evacuation
[2025-01-08T00:55:35.964+0000][102606.330s][info][gc,phases   ] GC(4190)   Pre Evacuate Collection Set: 0.2ms
[2025-01-08T00:55:35.964+0000][102606.330s][info][gc,phases   ] GC(4190)   Merge Heap Roots: 0.4ms
[2025-01-08T00:55:35.964+0000][102606.330s][info][gc,phases   ] GC(4190)   Evacuate Collection Set: 18.3ms
[2025-01-08T00:55:35.964+0000][102606.330s][info][gc,phases   ] GC(4190)   Post Evacuate Collection Set: 2.4ms
[2025-01-08T00:55:35.964+0000][102606.330s][info][gc,phases   ] GC(4190)   Other: 0.2ms
[2025-01-08T00:55:35.964+0000][102606.330s][info][gc,heap     ] GC(4190) Eden regions: 903->0(906)
[2025-01-08T00:55:35.964+0000][102606.330s][info][gc,heap     ] GC(4190) Survivor regions: 5->4(114)
[2025-01-08T00:55:35.964+0000][102606.330s][info][gc,heap     ] GC(4190) Old regions: 253->253
[2025-01-08T00:55:35.964+0000][102606.330s][info][gc,heap     ] GC(4190) Archive regions: 2->2
[2025-01-08T00:55:35.964+0000][102606.330s][info][gc,heap     ] GC(4190) Humongous regions: 49->49
[2025-01-08T00:55:35.964+0000][102606.330s][info][gc,metaspace] GC(4190) Metaspace: 506199K(515008K)->506199K(515008K) NonClass: 444592K(449024K)->444592K(449024K) Class: 61607K(65984K)->61607K(65984K)
[2025-01-08T00:55:35.964+0000][102606.330s][info][gc          ] GC(4190) Pause Young (Normal) (G1 Evacuation Pause) 9683M->2451M(12288M) 21.518ms
[2025-01-08T00:55:35.964+0000][102606.330s][info][gc,cpu      ] GC(4190) User=0.13s Sys=0.00s Real=0.02s
[2025-01-08T00:55:43.373+0000][102613.740s][info][gc,start    ] GC(4191) Pause Young (Normal) (GCLocker Initiated GC)
[2025-01-08T00:55:43.374+0000][102613.740s][info][gc,task     ] GC(4191) Using 6 workers of 6 for evacuation
[2025-01-08T00:55:43.399+0000][102613.766s][info][gc,phases   ] GC(4191)   Pre Evacuate Collection Set: 0.2ms
[2025-01-08T00:55:43.399+0000][102613.766s][info][gc,phases   ] GC(4191)   Merge Heap Roots: 0.4ms
[2025-01-08T00:55:43.399+0000][102613.766s][info][gc,phases   ] GC(4191)   Evacuate Collection Set: 22.6ms
[2025-01-08T00:55:43.399+0000][102613.766s][info][gc,phases   ] GC(4191)   Post Evacuate Collection Set: 2.5ms
[2025-01-08T00:55:43.399+0000][102613.766s][info][gc,phases   ] GC(4191)   Other: 0.2ms
[2025-01-08T00:55:43.399+0000][102613.766s][info][gc,heap     ] GC(4191) Eden regions: 906->0(903)
[2025-01-08T00:55:43.399+0000][102613.766s][info][gc,heap     ] GC(4191) Survivor regions: 4->7(114)
[2025-01-08T00:55:43.399+0000][102613.766s][info][gc,heap     ] GC(4191) Old regions: 253->253
[2025-01-08T00:55:43.399+0000][102613.766s][info][gc,heap     ] GC(4191) Archive regions: 2->2
[2025-01-08T00:55:43.400+0000][102613.766s][info][gc,heap     ] GC(4191) Humongous regions: 49->49
[2025-01-08T00:55:43.400+0000][102613.766s][info][gc,metaspace] GC(4191) Metaspace: 506199K(515008K)->506199K(515008K) NonClass: 444592K(449024K)->444592K(449024K) Class: 61607K(65984K)->61607K(65984K)
[2025-01-08T00:55:43.400+0000][102613.766s][info][gc          ] GC(4191) Pause Young (Normal) (GCLocker Initiated GC) 9699M->2472M(12288M) 26.054ms
[2025-01-08T00:55:43.400+0000][102613.766s][info][gc,cpu      ] GC(4191) User=0.15s Sys=0.00s Real=0.02s
[2025-01-08T00:55:51.991+0000][102622.357s][info][gc,start    ] GC(4192) Pause Young (Concurrent Start) (G1 Evacuation Pause)
[2025-01-08T00:55:51.991+0000][102622.357s][info][gc,task     ] GC(4192) Using 6 workers of 6 for evacuation
[2025-01-08T00:55:52.026+0000][102622.392s][info][gc,phases   ] GC(4192)   Pre Evacuate Collection Set: 1.1ms
[2025-01-08T00:55:52.026+0000][102622.392s][info][gc,phases   ] GC(4192)   Merge Heap Roots: 0.5ms
[2025-01-08T00:55:52.026+0000][102622.392s][info][gc,phases   ] GC(4192)   Evacuate Collection Set: 30.0ms
[2025-01-08T00:55:52.026+0000][102622.392s][info][gc,phases   ] GC(4192)   Post Evacuate Collection Set: 2.8ms
[2025-01-08T00:55:52.026+0000][102622.392s][info][gc,phases   ] GC(4192)   Other: 0.3ms
[2025-01-08T00:55:52.026+0000][102622.392s][info][gc,heap     ] GC(4192) Eden regions: 903->0(901)
[2025-01-08T00:55:52.026+0000][102622.392s][info][gc,heap     ] GC(4192) Survivor regions: 7->8(114)
[2025-01-08T00:55:52.026+0000][102622.392s][info][gc,heap     ] GC(4192) Old regions: 253->253
[2025-01-08T00:55:52.026+0000][102622.392s][info][gc,heap     ] GC(4192) Archive regions: 2->2
[2025-01-08T00:55:52.026+0000][102622.392s][info][gc,heap     ] GC(4192) Humongous regions: 49->49
[2025-01-08T00:55:52.026+0000][102622.392s][info][gc,metaspace] GC(4192) Metaspace: 506200K(515008K)->506200K(515008K) NonClass: 444593K(449024K)->444593K(449024K) Class: 61607K(65984K)->61607K(65984K)
[2025-01-08T00:55:52.026+0000][102622.392s][info][gc          ] GC(4192) Pause Young (Concurrent Start) (G1 Evacuation Pause) 9696M->2483M(12288M) 34.757ms
[2025-01-08T00:55:52.026+0000][102622.392s][info][gc,cpu      ] GC(4192) User=0.20s Sys=0.00s Real=0.03s
[2025-01-08T00:55:52.026+0000][102622.392s][info][gc          ] GC(4193) Concurrent Mark Cycle
[2025-01-08T00:55:52.026+0000][102622.392s][info][gc,marking  ] GC(4193) Concurrent Clear Claimed Marks
[2025-01-08T00:55:52.027+0000][102622.393s][info][gc,marking  ] GC(4193) Concurrent Clear Claimed Marks 0.886ms
[2025-01-08T00:55:52.027+0000][102622.393s][info][gc,marking  ] GC(4193) Concurrent Scan Root Regions
[2025-01-08T00:55:52.052+0000][102622.418s][info][gc,marking  ] GC(4193) Concurrent Scan Root Regions 24.517ms
[2025-01-08T00:55:52.052+0000][102622.418s][info][gc,marking  ] GC(4193) Concurrent Mark
[2025-01-08T00:55:52.052+0000][102622.418s][info][gc,marking  ] GC(4193) Concurrent Mark From Roots
[2025-01-08T00:55:52.052+0000][102622.418s][info][gc,task     ] GC(4193) Using 2 workers of 2 for marking
[2025-01-08T00:55:52.955+0000][102623.321s][info][gc,marking  ] GC(4193) Concurrent Mark From Roots 903.649ms
[2025-01-08T00:55:52.955+0000][102623.321s][info][gc,marking  ] GC(4193) Concurrent Preclean
[2025-01-08T00:55:52.957+0000][102623.323s][info][gc,marking  ] GC(4193) Concurrent Preclean 1.983ms
[2025-01-08T00:55:52.957+0000][102623.324s][info][gc,start    ] GC(4193) Pause Remark
[2025-01-08T00:55:52.986+0000][102623.352s][info][gc          ] GC(4193) Pause Remark 3005M->3005M(12288M) 28.561ms
[2025-01-08T00:55:52.986+0000][102623.352s][info][gc,cpu      ] GC(4193) User=0.17s Sys=0.00s Real=0.03s
[2025-01-08T00:55:52.986+0000][102623.352s][info][gc,marking  ] GC(4193) Concurrent Mark 934.585ms
[2025-01-08T00:55:52.986+0000][102623.352s][info][gc,marking  ] GC(4193) Concurrent Rebuild Remembered Sets
[2025-01-08T00:55:53.487+0000][102623.853s][info][gc,marking  ] GC(4193) Concurrent Rebuild Remembered Sets 500.660ms
[2025-01-08T00:55:53.487+0000][102623.853s][info][gc,start    ] GC(4193) Pause Cleanup
[2025-01-08T00:55:53.487+0000][102623.854s][info][gc          ] GC(4193) Pause Cleanup 3087M->3087M(12288M) 0.435ms
[2025-01-08T00:55:53.488+0000][102623.854s][info][gc,cpu      ] GC(4193) User=0.00s Sys=0.00s Real=0.00s
[2025-01-08T00:55:53.488+0000][102623.854s][info][gc,marking  ] GC(4193) Concurrent Cleanup for Next Mark
[2025-01-08T00:55:53.503+0000][102623.869s][info][gc,marking  ] GC(4193) Concurrent Cleanup for Next Mark 15.522ms
[2025-01-08T00:55:53.503+0000][102623.869s][info][gc          ] GC(4193) Concurrent Mark Cycle 1477.005ms
[2025-01-08T00:56:00.331+0000][102630.697s][info][gc,start    ] GC(4194) Pause Young (Prepare Mixed) (G1 Evacuation Pause)
[2025-01-08T00:56:00.331+0000][102630.697s][info][gc,task     ] GC(4194) Using 6 workers of 6 for evacuation
[2025-01-08T00:56:00.367+0000][102630.733s][info][gc,phases   ] GC(4194)   Pre Evacuate Collection Set: 0.2ms
[2025-01-08T00:56:00.367+0000][102630.733s][info][gc,phases   ] GC(4194)   Merge Heap Roots: 0.7ms
[2025-01-08T00:56:00.367+0000][102630.733s][info][gc,phases   ] GC(4194)   Evacuate Collection Set: 32.4ms
[2025-01-08T00:56:00.367+0000][102630.733s][info][gc,phases   ] GC(4194)   Post Evacuate Collection Set: 2.7ms
[2025-01-08T00:56:00.367+0000][102630.733s][info][gc,phases   ] GC(4194)   Other: 0.2ms
[2025-01-08T00:56:00.367+0000][102630.733s][info][gc,heap     ] GC(4194) Eden regions: 901->0(65)
[2025-01-08T00:56:00.367+0000][102630.733s][info][gc,heap     ] GC(4194) Survivor regions: 8->11(114)
[2025-01-08T00:56:00.367+0000][102630.733s][info][gc,heap     ] GC(4194) Old regions: 253->253
[2025-01-08T00:56:00.367+0000][102630.733s][info][gc,heap     ] GC(4194) Archive regions: 2->2
[2025-01-08T00:56:00.367+0000][102630.733s][info][gc,heap     ] GC(4194) Humongous regions: 49->49
[2025-01-08T00:56:00.367+0000][102630.733s][info][gc,metaspace] GC(4194) Metaspace: 506200K(515008K)->506200K(515008K) NonClass: 444593K(449024K)->444593K(449024K) Class: 61607K(65984K)->61607K(65984K)
[2025-01-08T00:56:00.367+0000][102630.733s][info][gc          ] GC(4194) Pause Young (Prepare Mixed) (G1 Evacuation Pause) 9691M->2501M(12288M) 36.317ms
[2025-01-08T00:56:00.367+0000][102630.733s][info][gc,cpu      ] GC(4194) User=0.22s Sys=0.00s Real=0.03s
[2025-01-08T00:56:00.793+0000][102631.159s][info][gc,start    ] GC(4195) Pause Young (Mixed) (G1 Evacuation Pause)
[2025-01-08T00:56:00.793+0000][102631.160s][info][gc,task     ] GC(4195) Using 6 workers of 6 for evacuation
[2025-01-08T00:56:00.857+0000][102631.223s][info][gc,phases   ] GC(4195)   Pre Evacuate Collection Set: 0.2ms
[2025-01-08T00:56:00.857+0000][102631.223s][info][gc,phases   ] GC(4195)   Merge Heap Roots: 0.7ms
[2025-01-08T00:56:00.857+0000][102631.223s][info][gc,phases   ] GC(4195)   Evacuate Collection Set: 61.0ms
[2025-01-08T00:56:00.857+0000][102631.223s][info][gc,phases   ] GC(4195)   Post Evacuate Collection Set: 1.7ms
[2025-01-08T00:56:00.857+0000][102631.223s][info][gc,phases   ] GC(4195)   Other: 0.2ms
[2025-01-08T00:56:00.857+0000][102631.223s][info][gc,heap     ] GC(4195) Eden regions: 65->0(903)
[2025-01-08T00:56:00.857+0000][102631.223s][info][gc,heap     ] GC(4195) Survivor regions: 11->6(10)
[2025-01-08T00:56:00.857+0000][102631.223s][info][gc,heap     ] GC(4195) Old regions: 253->253
[2025-01-08T00:56:00.857+0000][102631.223s][info][gc,heap     ] GC(4195) Archive regions: 2->2
[2025-01-08T00:56:00.857+0000][102631.223s][info][gc,heap     ] GC(4195) Humongous regions: 49->49
[2025-01-08T00:56:00.857+0000][102631.223s][info][gc,metaspace] GC(4195) Metaspace: 506200K(515008K)->506200K(515008K) NonClass: 444593K(449024K)->444593K(449024K) Class: 61607K(65984K)->61607K(65984K)
[2025-01-08T00:56:00.857+0000][102631.223s][info][gc          ] GC(4195) Pause Young (Mixed) (G1 Evacuation Pause) 3021M->2459M(12288M) 63.900ms
[2025-01-08T00:56:00.857+0000][102631.223s][info][gc,cpu      ] GC(4195) User=0.36s Sys=0.00s Real=0.06s
[2025-01-08T00:56:07.828+0000][102638.194s][info][gc,start    ] GC(4196) Pause Young (Normal) (G1 Evacuation Pause)
[2025-01-08T00:56:07.828+0000][102638.194s][info][gc,task     ] GC(4196) Using 6 workers of 6 for evacuation
[2025-01-08T00:56:07.856+0000][102638.222s][info][gc,phases   ] GC(4196)   Pre Evacuate Collection Set: 0.2ms
[2025-01-08T00:56:07.856+0000][102638.222s][info][gc,phases   ] GC(4196)   Merge Heap Roots: 0.5ms
[2025-01-08T00:56:07.856+0000][102638.222s][info][gc,phases   ] GC(4196)   Evacuate Collection Set: 24.2ms
[2025-01-08T00:56:07.856+0000][102638.222s][info][gc,phases   ] GC(4196)   Post Evacuate Collection Set: 2.6ms
[2025-01-08T00:56:07.856+0000][102638.222s][info][gc,phases   ] GC(4196)   Other: 0.2ms
[2025-01-08T00:56:07.856+0000][102638.222s][info][gc,heap     ] GC(4196) Eden regions: 903->0(904)
[2025-01-08T00:56:07.856+0000][102638.222s][info][gc,heap     ] GC(4196) Survivor regions: 6->6(114)
[2025-01-08T00:56:07.856+0000][102638.222s][info][gc,heap     ] GC(4196) Old regions: 253->253
[2025-01-08T00:56:07.856+0000][102638.222s][info][gc,heap     ] GC(4196) Archive regions: 2->2
[2025-01-08T00:56:07.856+0000][102638.222s][info][gc,heap     ] GC(4196) Humongous regions: 49->49
[2025-01-08T00:56:07.856+0000][102638.222s][info][gc,metaspace] GC(4196) Metaspace: 506201K(515008K)->506201K(515008K) NonClass: 444594K(449024K)->444594K(449024K) Class: 61607K(65984K)->61607K(65984K)
[2025-01-08T00:56:07.856+0000][102638.222s][info][gc          ] GC(4196) Pause Young (Normal) (G1 Evacuation Pause) 9683M->2463M(12288M) 27.726ms
[2025-01-08T00:56:07.856+0000][102638.222s][info][gc,cpu      ] GC(4196) User=0.16s Sys=0.01s Real=0.03s
[2025-01-08T00:56:16.394+0000][102646.760s][info][gc,start    ] GC(4197) Pause Young (Normal) (G1 Evacuation Pause)
[2025-01-08T00:56:16.394+0000][102646.760s][info][gc,task     ] GC(4197) Using 6 workers of 6 for evacuation
[2025-01-08T00:56:16.427+0000][102646.793s][info][gc,phases   ] GC(4197)   Pre Evacuate Collection Set: 0.2ms
[2025-01-08T00:56:16.427+0000][102646.793s][info][gc,phases   ] GC(4197)   Merge Heap Roots: 0.5ms
[2025-01-08T00:56:16.427+0000][102646.793s][info][gc,phases   ] GC(4197)   Evacuate Collection Set: 26.9ms
[2025-01-08T00:56:16.427+0000][102646.793s][info][gc,phases   ] GC(4197)   Post Evacuate Collection Set: 5.3ms
[2025-01-08T00:56:16.427+0000][102646.793s][info][gc,phases   ] GC(4197)   Other: 0.2ms
[2025-01-08T00:56:16.427+0000][102646.793s][info][gc,heap     ] GC(4197) Eden regions: 904->0(900)
[2025-01-08T00:56:16.427+0000][102646.793s][info][gc,heap     ] GC(4197) Survivor regions: 6->9(114)
[2025-01-08T00:56:16.427+0000][102646.793s][info][gc,heap     ] GC(4197) Old regions: 253->253
[2025-01-08T00:56:16.427+0000][102646.793s][info][gc,heap     ] GC(4197) Archive regions: 2->2
[2025-01-08T00:56:16.427+0000][102646.793s][info][gc,heap     ] GC(4197) Humongous regions: 49->49
[2025-01-08T00:56:16.427+0000][102646.793s][info][gc,metaspace] GC(4197) Metaspace: 506201K(515008K)->506201K(515008K) NonClass: 444594K(449024K)->444594K(449024K) Class: 61607K(65984K)->61607K(65984K)
[2025-01-08T00:56:16.427+0000][102646.793s][info][gc          ] GC(4197) Pause Young (Normal) (G1 Evacuation Pause) 9695M->2485M(12288M) 33.152ms
[2025-01-08T00:56:16.427+0000][102646.793s][info][gc,cpu      ] GC(4197) User=0.19s Sys=0.00s Real=0.03s
[2025-01-08T00:56:24.221+0000][102654.587s][info][gc,start    ] GC(4198) Pause Young (Concurrent Start) (G1 Evacuation Pause)
[2025-01-08T00:56:24.221+0000][102654.587s][info][gc,task     ] GC(4198) Using 6 workers of 6 for evacuation
[2025-01-08T00:56:24.258+0000][102654.624s][info][gc,phases   ] GC(4198)   Pre Evacuate Collection Set: 1.1ms
[2025-01-08T00:56:24.258+0000][102654.624s][info][gc,phases   ] GC(4198)   Merge Heap Roots: 0.5ms
[2025-01-08T00:56:24.258+0000][102654.624s][info][gc,phases   ] GC(4198)   Evacuate Collection Set: 31.0ms
[2025-01-08T00:56:24.258+0000][102654.624s][info][gc,phases   ] GC(4198)   Post Evacuate Collection Set: 3.8ms
[2025-01-08T00:56:24.258+0000][102654.624s][info][gc,phases   ] GC(4198)   Other: 0.3ms
[2025-01-08T00:56:24.258+0000][102654.624s][info][gc,heap     ] GC(4198) Eden regions: 900->0(900)
[2025-01-08T00:56:24.258+0000][102654.624s][info][gc,heap     ] GC(4198) Survivor regions: 9->10(114)
[2025-01-08T00:56:24.258+0000][102654.624s][info][gc,heap     ] GC(4198) Old regions: 253->253
[2025-01-08T00:56:24.258+0000][102654.624s][info][gc,heap     ] GC(4198) Archive regions: 2->2
[2025-01-08T00:56:24.258+0000][102654.624s][info][gc,heap     ] GC(4198) Humongous regions: 49->49
[2025-01-08T00:56:24.258+0000][102654.624s][info][gc,metaspace] GC(4198) Metaspace: 506201K(515008K)->506201K(515008K) NonClass: 444594K(449024K)->444594K(449024K) Class: 61607K(65984K)->61607K(65984K)
[2025-01-08T00:56:24.258+0000][102654.624s][info][gc          ] GC(4198) Pause Young (Concurrent Start) (G1 Evacuation Pause) 9685M->2492M(12288M) 36.864ms
[2025-01-08T00:56:24.258+0000][102654.624s][info][gc,cpu      ] GC(4198) User=0.21s Sys=0.00s Real=0.04s
[2025-01-08T00:56:24.258+0000][102654.624s][info][gc          ] GC(4199) Concurrent Mark Cycle
[2025-01-08T00:56:24.258+0000][102654.624s][info][gc,marking  ] GC(4199) Concurrent Clear Claimed Marks
[2025-01-08T00:56:24.259+0000][102654.625s][info][gc,marking  ] GC(4199) Concurrent Clear Claimed Marks 0.902ms
[2025-01-08T00:56:24.259+0000][102654.625s][info][gc,marking  ] GC(4199) Concurrent Scan Root Regions
[2025-01-08T00:56:24.291+0000][102654.657s][info][gc,marking  ] GC(4199) Concurrent Scan Root Regions 31.373ms
[2025-01-08T00:56:24.291+0000][102654.657s][info][gc,marking  ] GC(4199) Concurrent Mark
[2025-01-08T00:56:24.291+0000][102654.657s][info][gc,marking  ] GC(4199) Concurrent Mark From Roots
[2025-01-08T00:56:24.291+0000][102654.657s][info][gc,task     ] GC(4199) Using 2 workers of 2 for marking
[2025-01-08T00:56:25.286+0000][102655.652s][info][gc,marking  ] GC(4199) Concurrent Mark From Roots 995.003ms
[2025-01-08T00:56:25.286+0000][102655.652s][info][gc,marking  ] GC(4199) Concurrent Preclean
[2025-01-08T00:56:25.288+0000][102655.654s][info][gc,marking  ] GC(4199) Concurrent Preclean 2.395ms
[2025-01-08T00:56:25.288+0000][102655.654s][info][gc,start    ] GC(4199) Pause Remark
[2025-01-08T00:56:25.314+0000][102655.680s][info][gc          ] GC(4199) Pause Remark 3676M->3676M(12288M) 25.962ms
[2025-01-08T00:56:25.314+0000][102655.680s][info][gc,cpu      ] GC(4199) User=0.15s Sys=0.00s Real=0.03s
[2025-01-08T00:56:25.314+0000][102655.680s][info][gc,marking  ] GC(4199) Concurrent Mark 1023.798ms
[2025-01-08T00:56:25.314+0000][102655.680s][info][gc,marking  ] GC(4199) Concurrent Rebuild Remembered Sets
[2025-01-08T00:56:25.905+0000][102656.271s][info][gc,marking  ] GC(4199) Concurrent Rebuild Remembered Sets 590.696ms
[2025-01-08T00:56:25.905+0000][102656.271s][info][gc,start    ] GC(4199) Pause Cleanup
[2025-01-08T00:56:25.906+0000][102656.272s][info][gc          ] GC(4199) Pause Cleanup 4528M->4528M(12288M) 0.417ms
[2025-01-08T00:56:25.906+0000][102656.272s][info][gc,cpu      ] GC(4199) User=0.01s Sys=0.00s Real=0.00s
[2025-01-08T00:56:25.906+0000][102656.272s][info][gc,marking  ] GC(4199) Concurrent Cleanup for Next Mark
[2025-01-08T00:56:25.921+0000][102656.287s][info][gc,marking  ] GC(4199) Concurrent Cleanup for Next Mark 15.450ms
[2025-01-08T00:56:25.921+0000][102656.287s][info][gc          ] GC(4199) Concurrent Mark Cycle 1663.033ms
[2025-01-08T00:56:31.444+0000][102661.811s][info][gc,start    ] GC(4200) Pause Young (Prepare Mixed) (G1 Evacuation Pause)
[2025-01-08T00:56:31.445+0000][102661.811s][info][gc,task     ] GC(4200) Using 6 workers of 6 for evacuation
[2025-01-08T00:56:31.488+0000][102661.854s][info][gc,phases   ] GC(4200)   Pre Evacuate Collection Set: 0.2ms
[2025-01-08T00:56:31.488+0000][102661.854s][info][gc,phases   ] GC(4200)   Merge Heap Roots: 0.8ms
[2025-01-08T00:56:31.488+0000][102661.854s][info][gc,phases   ] GC(4200)   Evacuate Collection Set: 38.9ms
[2025-01-08T00:56:31.488+0000][102661.854s][info][gc,phases   ] GC(4200)   Post Evacuate Collection Set: 2.9ms
[2025-01-08T00:56:31.488+0000][102661.854s][info][gc,phases   ] GC(4200)   Other: 0.2ms
[2025-01-08T00:56:31.488+0000][102661.854s][info][gc,heap     ] GC(4200) Eden regions: 900->0(66)
[2025-01-08T00:56:31.488+0000][102661.854s][info][gc,heap     ] GC(4200) Survivor regions: 10->10(114)
[2025-01-08T00:56:31.488+0000][102661.854s][info][gc,heap     ] GC(4200) Old regions: 253->253
[2025-01-08T00:56:31.488+0000][102661.854s][info][gc,heap     ] GC(4200) Archive regions: 2->2
[2025-01-08T00:56:31.488+0000][102661.854s][info][gc,heap     ] GC(4200) Humongous regions: 49->49
[2025-01-08T00:56:31.488+0000][102661.854s][info][gc,metaspace] GC(4200) Metaspace: 506202K(515008K)->506202K(515008K) NonClass: 444594K(449024K)->444594K(449024K) Class: 61607K(65984K)->61607K(65984K)
[2025-01-08T00:56:31.488+0000][102661.854s][info][gc          ] GC(4200) Pause Young (Prepare Mixed) (G1 Evacuation Pause) 9692M->2495M(12288M) 43.192ms
[2025-01-08T00:56:31.488+0000][102661.854s][info][gc,cpu      ] GC(4200) User=0.25s Sys=0.00s Real=0.04s
[2025-01-08T00:56:32.764+0000][102663.130s][info][gc,start    ] GC(4201) Pause Young (Mixed) (G1 Evacuation Pause)
[2025-01-08T00:56:32.764+0000][102663.130s][info][gc,task     ] GC(4201) Using 6 workers of 6 for evacuation
[2025-01-08T00:56:32.831+0000][102663.197s][info][gc,phases   ] GC(4201)   Pre Evacuate Collection Set: 0.2ms
[2025-01-08T00:56:32.831+0000][102663.197s][info][gc,phases   ] GC(4201)   Merge Heap Roots: 0.7ms
[2025-01-08T00:56:32.831+0000][102663.197s][info][gc,phases   ] GC(4201)   Evacuate Collection Set: 64.2ms
[2025-01-08T00:56:32.831+0000][102663.197s][info][gc,phases   ] GC(4201)   Post Evacuate Collection Set: 1.8ms
[2025-01-08T00:56:32.831+0000][102663.197s][info][gc,phases   ] GC(4201)   Other: 0.2ms
[2025-01-08T00:56:32.831+0000][102663.197s][info][gc,heap     ] GC(4201) Eden regions: 66->0(904)
[2025-01-08T00:56:32.831+0000][102663.197s][info][gc,heap     ] GC(4201) Survivor regions: 10->5(10)
[2025-01-08T00:56:32.831+0000][102663.197s][info][gc,heap     ] GC(4201) Old regions: 253->254
[2025-01-08T00:56:32.831+0000][102663.197s][info][gc,heap     ] GC(4201) Archive regions: 2->2
[2025-01-08T00:56:32.831+0000][102663.197s][info][gc,heap     ] GC(4201) Humongous regions: 49->49
[2025-01-08T00:56:32.831+0000][102663.197s][info][gc,metaspace] GC(4201) Metaspace: 506202K(515008K)->506202K(515008K) NonClass: 444594K(449024K)->444594K(449024K) Class: 61607K(65984K)->61607K(65984K)
[2025-01-08T00:56:32.831+0000][102663.197s][info][gc          ] GC(4201) Pause Young (Mixed) (G1 Evacuation Pause) 3023M->2469M(12288M) 67.222ms
[2025-01-08T00:56:32.831+0000][102663.198s][info][gc,cpu      ] GC(4201) User=0.39s Sys=0.00s Real=0.07s
[2025-01-08T00:56:40.216+0000][102670.582s][info][gc,start    ] GC(4202) Pause Young (Normal) (G1 Evacuation Pause)
[2025-01-08T00:56:40.216+0000][102670.582s][info][gc,task     ] GC(4202) Using 6 workers of 6 for evacuation
[2025-01-08T00:56:40.248+0000][102670.615s][info][gc,phases   ] GC(4202)   Pre Evacuate Collection Set: 0.2ms
[2025-01-08T00:56:40.249+0000][102670.615s][info][gc,phases   ] GC(4202)   Merge Heap Roots: 0.5ms
[2025-01-08T00:56:40.249+0000][102670.615s][info][gc,phases   ] GC(4202)   Evacuate Collection Set: 29.0ms
[2025-01-08T00:56:40.249+0000][102670.615s][info][gc,phases   ] GC(4202)   Post Evacuate Collection Set: 2.9ms
[2025-01-08T00:56:40.249+0000][102670.615s][info][gc,phases   ] GC(4202)   Other: 0.2ms
[2025-01-08T00:56:40.249+0000][102670.615s][info][gc,heap     ] GC(4202) Eden regions: 904->0(902)
[2025-01-08T00:56:40.249+0000][102670.615s][info][gc,heap     ] GC(4202) Survivor regions: 5->7(114)
[2025-01-08T00:56:40.249+0000][102670.615s][info][gc,heap     ] GC(4202) Old regions: 254->254
[2025-01-08T00:56:40.249+0000][102670.615s][info][gc,heap     ] GC(4202) Archive regions: 2->2
[2025-01-08T00:56:40.249+0000][102670.615s][info][gc,heap     ] GC(4202) Humongous regions: 49->49
[2025-01-08T00:56:40.249+0000][102670.615s][info][gc,metaspace] GC(4202) Metaspace: 506202K(515008K)->506202K(515008K) NonClass: 444594K(449024K)->444594K(449024K) Class: 61607K(65984K)->61607K(65984K)
[2025-01-08T00:56:40.249+0000][102670.615s][info][gc          ] GC(4202) Pause Young (Normal) (G1 Evacuation Pause) 9701M->2485M(12288M) 32.883ms
[2025-01-08T00:56:40.249+0000][102670.615s][info][gc,cpu      ] GC(4202) User=0.19s Sys=0.00s Real=0.03s
[2025-01-08T00:56:48.259+0000][102678.625s][info][gc,start    ] GC(4203) Pause Young (Normal) (G1 Evacuation Pause)
[2025-01-08T00:56:48.259+0000][102678.625s][info][gc,task     ] GC(4203) Using 6 workers of 6 for evacuation
[2025-01-08T00:56:48.293+0000][102678.659s][info][gc,phases   ] GC(4203)   Pre Evacuate Collection Set: 0.2ms
[2025-01-08T00:56:48.293+0000][102678.659s][info][gc,phases   ] GC(4203)   Merge Heap Roots: 0.5ms
[2025-01-08T00:56:48.293+0000][102678.659s][info][gc,phases   ] GC(4203)   Evacuate Collection Set: 30.9ms
[2025-01-08T00:56:48.293+0000][102678.659s][info][gc,phases   ] GC(4203)   Post Evacuate Collection Set: 2.5ms
[2025-01-08T00:56:48.293+0000][102678.659s][info][gc,phases   ] GC(4203)   Other: 0.2ms
[2025-01-08T00:56:48.293+0000][102678.659s][info][gc,heap     ] GC(4203) Eden regions: 902->0(897)
[2025-01-08T00:56:48.293+0000][102678.659s][info][gc,heap     ] GC(4203) Survivor regions: 7->10(114)
[2025-01-08T00:56:48.293+0000][102678.659s][info][gc,heap     ] GC(4203) Old regions: 254->254
[2025-01-08T00:56:48.293+0000][102678.659s][info][gc,heap     ] GC(4203) Archive regions: 2->2
[2025-01-08T00:56:48.293+0000][102678.659s][info][gc,heap     ] GC(4203) Humongous regions: 49->49
[2025-01-08T00:56:48.293+0000][102678.659s][info][gc,metaspace] GC(4203) Metaspace: 506202K(515008K)->506202K(515008K) NonClass: 444594K(449024K)->444594K(449024K) Class: 61607K(65984K)->61607K(65984K)
[2025-01-08T00:56:48.293+0000][102678.659s][info][gc          ] GC(4203) Pause Young (Normal) (G1 Evacuation Pause) 9701M->2503M(12288M) 34.372ms
[2025-01-08T00:56:48.293+0000][102678.659s][info][gc,cpu      ] GC(4203) User=0.20s Sys=0.00s Real=0.04s
[2025-01-08T00:56:54.287+0000][102684.653s][info][gc,start    ] GC(4204) Pause Young (Concurrent Start) (G1 Evacuation Pause)
[2025-01-08T00:56:54.287+0000][102684.653s][info][gc,task     ] GC(4204) Using 6 workers of 6 for evacuation
[2025-01-08T00:56:54.325+0000][102684.691s][info][gc,phases   ] GC(4204)   Pre Evacuate Collection Set: 1.1ms
[2025-01-08T00:56:54.325+0000][102684.691s][info][gc,phases   ] GC(4204)   Merge Heap Roots: 0.5ms
[2025-01-08T00:56:54.325+0000][102684.691s][info][gc,phases   ] GC(4204)   Evacuate Collection Set: 33.1ms
[2025-01-08T00:56:54.325+0000][102684.691s][info][gc,phases   ] GC(4204)   Post Evacuate Collection Set: 2.4ms
[2025-01-08T00:56:54.325+0000][102684.691s][info][gc,phases   ] GC(4204)   Other: 0.3ms
[2025-01-08T00:56:54.325+0000][102684.691s][info][gc,heap     ] GC(4204) Eden regions: 897->0(898)
[2025-01-08T00:56:54.325+0000][102684.691s][info][gc,heap     ] GC(4204) Survivor regions: 10->10(114)
[2025-01-08T00:56:54.325+0000][102684.691s][info][gc,heap     ] GC(4204) Old regions: 254->254
[2025-01-08T00:56:54.325+0000][102684.691s][info][gc,heap     ] GC(4204) Archive regions: 2->2
[2025-01-08T00:56:54.325+0000][102684.691s][info][gc,heap     ] GC(4204) Humongous regions: 49->49
[2025-01-08T00:56:54.325+0000][102684.691s][info][gc,metaspace] GC(4204) Metaspace: 506202K(515008K)->506202K(515008K) NonClass: 444594K(449024K)->444594K(449024K) Class: 61607K(65984K)->61607K(65984K)
[2025-01-08T00:56:54.325+0000][102684.691s][info][gc          ] GC(4204) Pause Young (Concurrent Start) (G1 Evacuation Pause) 9679M->2505M(12288M) 37.423ms
[2025-01-08T00:56:54.325+0000][102684.691s][info][gc,cpu      ] GC(4204) User=0.22s Sys=0.00s Real=0.04s
[2025-01-08T00:56:54.325+0000][102684.691s][info][gc          ] GC(4205) Concurrent Mark Cycle
[2025-01-08T00:56:54.325+0000][102684.691s][info][gc,marking  ] GC(4205) Concurrent Clear Claimed Marks
[2025-01-08T00:56:54.326+0000][102684.692s][info][gc,marking  ] GC(4205) Concurrent Clear Claimed Marks 0.899ms
[2025-01-08T00:56:54.326+0000][102684.692s][info][gc,marking  ] GC(4205) Concurrent Scan Root Regions
[2025-01-08T00:56:54.362+0000][102684.728s][info][gc,marking  ] GC(4205) Concurrent Scan Root Regions 36.471ms
[2025-01-08T00:56:54.362+0000][102684.728s][info][gc,marking  ] GC(4205) Concurrent Mark
[2025-01-08T00:56:54.362+0000][102684.728s][info][gc,marking  ] GC(4205) Concurrent Mark From Roots
[2025-01-08T00:56:54.362+0000][102684.728s][info][gc,task     ] GC(4205) Using 2 workers of 2 for marking
[2025-01-08T00:56:55.413+0000][102685.779s][info][gc,marking  ] GC(4205) Concurrent Mark From Roots 1050.414ms
[2025-01-08T00:56:55.413+0000][102685.779s][info][gc,marking  ] GC(4205) Concurrent Preclean
[2025-01-08T00:56:55.415+0000][102685.781s][info][gc,marking  ] GC(4205) Concurrent Preclean 2.682ms
[2025-01-08T00:56:55.415+0000][102685.782s][info][gc,start    ] GC(4205) Pause Remark
[2025-01-08T00:56:55.442+0000][102685.808s][info][gc          ] GC(4205) Pause Remark 3729M->3729M(12288M) 26.218ms
[2025-01-08T00:56:55.442+0000][102685.808s][info][gc,cpu      ] GC(4205) User=0.15s Sys=0.00s Real=0.03s
[2025-01-08T00:56:55.442+0000][102685.808s][info][gc,marking  ] GC(4205) Concurrent Mark 1079.714ms
[2025-01-08T00:56:55.442+0000][102685.808s][info][gc,marking  ] GC(4205) Concurrent Rebuild Remembered Sets
[2025-01-08T00:56:56.110+0000][102686.476s][info][gc,marking  ] GC(4205) Concurrent Rebuild Remembered Sets 668.365ms
[2025-01-08T00:56:56.110+0000][102686.476s][info][gc,start    ] GC(4205) Pause Cleanup
[2025-01-08T00:56:56.111+0000][102686.477s][info][gc          ] GC(4205) Pause Cleanup 4637M->4637M(12288M) 0.471ms
[2025-01-08T00:56:56.111+0000][102686.477s][info][gc,cpu      ] GC(4205) User=0.00s Sys=0.00s Real=0.00s
[2025-01-08T00:56:56.111+0000][102686.477s][info][gc,marking  ] GC(4205) Concurrent Cleanup for Next Mark
[2025-01-08T00:56:56.139+0000][102686.505s][info][gc,marking  ] GC(4205) Concurrent Cleanup for Next Mark 28.288ms
[2025-01-08T00:56:56.139+0000][102686.505s][info][gc          ] GC(4205) Concurrent Mark Cycle 1814.595ms
[2025-01-08T00:57:00.881+0000][102691.247s][info][gc,start    ] GC(4206) Pause Young (Prepare Mixed) (G1 Evacuation Pause)
[2025-01-08T00:57:00.881+0000][102691.248s][info][gc,task     ] GC(4206) Using 6 workers of 6 for evacuation
[2025-01-08T00:57:00.921+0000][102691.287s][info][gc,phases   ] GC(4206)   Pre Evacuate Collection Set: 0.2ms
[2025-01-08T00:57:00.921+0000][102691.287s][info][gc,phases   ] GC(4206)   Merge Heap Roots: 0.8ms
[2025-01-08T00:57:00.921+0000][102691.287s][info][gc,phases   ] GC(4206)   Evacuate Collection Set: 35.4ms
[2025-01-08T00:57:00.921+0000][102691.287s][info][gc,phases   ] GC(4206)   Post Evacuate Collection Set: 2.6ms
[2025-01-08T00:57:00.921+0000][102691.287s][info][gc,phases   ] GC(4206)   Other: 0.3ms
[2025-01-08T00:57:00.921+0000][102691.287s][info][gc,heap     ] GC(4206) Eden regions: 898->0(65)
[2025-01-08T00:57:00.921+0000][102691.287s][info][gc,heap     ] GC(4206) Survivor regions: 10->11(114)
[2025-01-08T00:57:00.921+0000][102691.287s][info][gc,heap     ] GC(4206) Old regions: 254->254
[2025-01-08T00:57:00.921+0000][102691.287s][info][gc,heap     ] GC(4206) Archive regions: 2->2
[2025-01-08T00:57:00.921+0000][102691.287s][info][gc,heap     ] GC(4206) Humongous regions: 49->49
[2025-01-08T00:57:00.921+0000][102691.287s][info][gc,metaspace] GC(4206) Metaspace: 506204K(515008K)->506204K(515008K) NonClass: 444596K(449024K)->444596K(449024K) Class: 61607K(65984K)->61607K(65984K)
[2025-01-08T00:57:00.921+0000][102691.287s][info][gc          ] GC(4206) Pause Young (Prepare Mixed) (G1 Evacuation Pause) 9689M->2512M(12288M) 39.318ms
[2025-01-08T00:57:00.921+0000][102691.287s][info][gc,cpu      ] GC(4206) User=0.23s Sys=0.00s Real=0.04s
[2025-01-08T00:57:01.226+0000][102691.592s][info][gc,start    ] GC(4207) Pause Young (Mixed) (G1 Evacuation Pause)
[2025-01-08T00:57:01.226+0000][102691.592s][info][gc,task     ] GC(4207) Using 6 workers of 6 for evacuation
[2025-01-08T00:57:01.275+0000][102691.641s][info][gc,phases   ] GC(4207)   Pre Evacuate Collection Set: 0.2ms
[2025-01-08T00:57:01.275+0000][102691.641s][info][gc,phases   ] GC(4207)   Merge Heap Roots: 0.5ms
[2025-01-08T00:57:01.275+0000][102691.641s][info][gc,phases   ] GC(4207)   Evacuate Collection Set: 45.9ms
[2025-01-08T00:57:01.275+0000][102691.641s][info][gc,phases   ] GC(4207)   Post Evacuate Collection Set: 1.7ms
[2025-01-08T00:57:01.275+0000][102691.641s][info][gc,phases   ] GC(4207)   Other: 0.2ms
[2025-01-08T00:57:01.275+0000][102691.641s][info][gc,heap     ] GC(4207) Eden regions: 65->0(903)
[2025-01-08T00:57:01.275+0000][102691.641s][info][gc,heap     ] GC(4207) Survivor regions: 11->6(10)
[2025-01-08T00:57:01.275+0000][102691.641s][info][gc,heap     ] GC(4207) Old regions: 254->253
[2025-01-08T00:57:01.275+0000][102691.641s][info][gc,heap     ] GC(4207) Archive regions: 2->2
[2025-01-08T00:57:01.275+0000][102691.641s][info][gc,heap     ] GC(4207) Humongous regions: 49->49
[2025-01-08T00:57:01.275+0000][102691.641s][info][gc,metaspace] GC(4207) Metaspace: 506204K(515008K)->506204K(515008K) NonClass: 444596K(449024K)->444596K(449024K) Class: 61607K(65984K)->61607K(65984K)
[2025-01-08T00:57:01.275+0000][102691.641s][info][gc          ] GC(4207) Pause Young (Mixed) (G1 Evacuation Pause) 3032M->2464M(12288M) 48.571ms
[2025-01-08T00:57:01.275+0000][102691.641s][info][gc,cpu      ] GC(4207) User=0.28s Sys=0.00s Real=0.05s
[2025-01-08T00:57:08.999+0000][102699.365s][info][gc,start    ] GC(4208) Pause Young (Normal) (G1 Evacuation Pause)
[2025-01-08T00:57:08.999+0000][102699.366s][info][gc,task     ] GC(4208) Using 6 workers of 6 for evacuation
[2025-01-08T00:57:09.030+0000][102699.396s][info][gc,phases   ] GC(4208)   Pre Evacuate Collection Set: 0.2ms
[2025-01-08T00:57:09.030+0000][102699.396s][info][gc,phases   ] GC(4208)   Merge Heap Roots: 0.4ms
[2025-01-08T00:57:09.030+0000][102699.396s][info][gc,phases   ] GC(4208)   Evacuate Collection Set: 24.1ms
[2025-01-08T00:57:09.030+0000][102699.396s][info][gc,phases   ] GC(4208)   Post Evacuate Collection Set: 5.3ms
[2025-01-08T00:57:09.030+0000][102699.396s][info][gc,phases   ] GC(4208)   Other: 0.2ms
[2025-01-08T00:57:09.030+0000][102699.396s][info][gc,heap     ] GC(4208) Eden regions: 903->0(899)
[2025-01-08T00:57:09.030+0000][102699.396s][info][gc,heap     ] GC(4208) Survivor regions: 6->8(114)
[2025-01-08T00:57:09.030+0000][102699.396s][info][gc,heap     ] GC(4208) Old regions: 253->253
[2025-01-08T00:57:09.030+0000][102699.396s][info][gc,heap     ] GC(4208) Archive regions: 2->2
[2025-01-08T00:57:09.030+0000][102699.396s][info][gc,heap     ] GC(4208) Humongous regions: 49->49
[2025-01-08T00:57:09.030+0000][102699.396s][info][gc,metaspace] GC(4208) Metaspace: 506204K(515008K)->506204K(515008K) NonClass: 444596K(449024K)->444596K(449024K) Class: 61607K(65984K)->61607K(65984K)
[2025-01-08T00:57:09.030+0000][102699.396s][info][gc          ] GC(4208) Pause Young (Normal) (G1 Evacuation Pause) 9688M->2479M(12288M) 30.227ms
[2025-01-08T00:57:09.030+0000][102699.396s][info][gc,cpu      ] GC(4208) User=0.18s Sys=0.00s Real=0.04s
[2025-01-08T00:57:14.044+0000][102704.410s][info][gc,start    ] GC(4209) Pause Young (Normal) (G1 Evacuation Pause)
[2025-01-08T00:57:14.044+0000][102704.410s][info][gc,task     ] GC(4209) Using 6 workers of 6 for evacuation
[2025-01-08T00:57:14.071+0000][102704.437s][info][gc,phases   ] GC(4209)   Pre Evacuate Collection Set: 0.2ms
[2025-01-08T00:57:14.071+0000][102704.437s][info][gc,phases   ] GC(4209)   Merge Heap Roots: 0.4ms
[2025-01-08T00:57:14.071+0000][102704.437s][info][gc,phases   ] GC(4209)   Evacuate Collection Set: 23.3ms
[2025-01-08T00:57:14.071+0000][102704.437s][info][gc,phases   ] GC(4209)   Post Evacuate Collection Set: 2.5ms
[2025-01-08T00:57:14.071+0000][102704.437s][info][gc,phases   ] GC(4209)   Other: 0.2ms
[2025-01-08T00:57:14.071+0000][102704.437s][info][gc,heap     ] GC(4209) Eden regions: 899->0(901)
[2025-01-08T00:57:14.071+0000][102704.437s][info][gc,heap     ] GC(4209) Survivor regions: 8->8(114)
[2025-01-08T00:57:14.071+0000][102704.437s][info][gc,heap     ] GC(4209) Old regions: 253->253
[2025-01-08T00:57:14.071+0000][102704.437s][info][gc,heap     ] GC(4209) Archive regions: 2->2
[2025-01-08T00:57:14.071+0000][102704.437s][info][gc,heap     ] GC(4209) Humongous regions: 49->49
[2025-01-08T00:57:14.071+0000][102704.437s][info][gc,metaspace] GC(4209) Metaspace: 506204K(515008K)->506204K(515008K) NonClass: 444596K(449024K)->444596K(449024K) Class: 61607K(65984K)->61607K(65984K)
[2025-01-08T00:57:14.071+0000][102704.437s][info][gc          ] GC(4209) Pause Young (Normal) (G1 Evacuation Pause) 9671M->2477M(12288M) 26.714ms
[2025-01-08T00:57:14.071+0000][102704.437s][info][gc,cpu      ] GC(4209) User=0.15s Sys=0.00s Real=0.03s
[2025-01-08T00:57:20.479+0000][102710.846s][info][gc,start    ] GC(4210) Pause Young (Concurrent Start) (G1 Evacuation Pause)
[2025-01-08T00:57:20.480+0000][102710.846s][info][gc,task     ] GC(4210) Using 6 workers of 6 for evacuation
[2025-01-08T00:57:20.511+0000][102710.877s][info][gc,phases   ] GC(4210)   Pre Evacuate Collection Set: 1.1ms
[2025-01-08T00:57:20.511+0000][102710.877s][info][gc,phases   ] GC(4210)   Merge Heap Roots: 0.4ms
[2025-01-08T00:57:20.511+0000][102710.877s][info][gc,phases   ] GC(4210)   Evacuate Collection Set: 25.8ms
[2025-01-08T00:57:20.511+0000][102710.877s][info][gc,phases   ] GC(4210)   Post Evacuate Collection Set: 3.9ms
[2025-01-08T00:57:20.511+0000][102710.877s][info][gc,phases   ] GC(4210)   Other: 0.3ms
[2025-01-08T00:57:20.511+0000][102710.877s][info][gc,heap     ] GC(4210) Eden regions: 901->0(900)
[2025-01-08T00:57:20.511+0000][102710.877s][info][gc,heap     ] GC(4210) Survivor regions: 8->9(114)
[2025-01-08T00:57:20.511+0000][102710.877s][info][gc,heap     ] GC(4210) Old regions: 253->253
[2025-01-08T00:57:20.511+0000][102710.877s][info][gc,heap     ] GC(4210) Archive regions: 2->2
[2025-01-08T00:57:20.511+0000][102710.877s][info][gc,heap     ] GC(4210) Humongous regions: 49->49
[2025-01-08T00:57:20.511+0000][102710.877s][info][gc,metaspace] GC(4210) Metaspace: 506204K(515008K)->506204K(515008K) NonClass: 444596K(449024K)->444596K(449024K) Class: 61607K(65984K)->61607K(65984K)
[2025-01-08T00:57:20.511+0000][102710.877s][info][gc          ] GC(4210) Pause Young (Concurrent Start) (G1 Evacuation Pause) 9685M->2487M(12288M) 31.570ms
[2025-01-08T00:57:20.511+0000][102710.877s][info][gc,cpu      ] GC(4210) User=0.18s Sys=0.00s Real=0.04s
[2025-01-08T00:57:20.511+0000][102710.877s][info][gc          ] GC(4211) Concurrent Mark Cycle
[2025-01-08T00:57:20.511+0000][102710.877s][info][gc,marking  ] GC(4211) Concurrent Clear Claimed Marks
[2025-01-08T00:57:20.512+0000][102710.878s][info][gc,marking  ] GC(4211) Concurrent Clear Claimed Marks 0.888ms
[2025-01-08T00:57:20.512+0000][102710.878s][info][gc,marking  ] GC(4211) Concurrent Scan Root Regions
[2025-01-08T00:57:20.533+0000][102710.899s][info][gc,marking  ] GC(4211) Concurrent Scan Root Regions 20.845ms
[2025-01-08T00:57:20.533+0000][102710.899s][info][gc,marking  ] GC(4211) Concurrent Mark
[2025-01-08T00:57:20.533+0000][102710.899s][info][gc,marking  ] GC(4211) Concurrent Mark From Roots
[2025-01-08T00:57:20.533+0000][102710.899s][info][gc,task     ] GC(4211) Using 2 workers of 2 for marking
[2025-01-08T00:57:21.620+0000][102711.986s][info][gc,marking  ] GC(4211) Concurrent Mark From Roots 1086.764ms
[2025-01-08T00:57:21.620+0000][102711.986s][info][gc,marking  ] GC(4211) Concurrent Preclean
[2025-01-08T00:57:21.622+0000][102711.988s][info][gc,marking  ] GC(4211) Concurrent Preclean 2.435ms
[2025-01-08T00:57:21.622+0000][102711.988s][info][gc,start    ] GC(4211) Pause Remark
[2025-01-08T00:57:21.648+0000][102712.014s][info][gc          ] GC(4211) Pause Remark 3883M->3883M(12288M) 25.868ms
[2025-01-08T00:57:21.648+0000][102712.014s][info][gc,cpu      ] GC(4211) User=0.15s Sys=0.00s Real=0.02s
[2025-01-08T00:57:21.648+0000][102712.014s][info][gc,marking  ] GC(4211) Concurrent Mark 1115.429ms
[2025-01-08T00:57:21.648+0000][102712.014s][info][gc,marking  ] GC(4211) Concurrent Rebuild Remembered Sets
[2025-01-08T00:57:22.456+0000][102712.823s][info][gc,marking  ] GC(4211) Concurrent Rebuild Remembered Sets 808.101ms
[2025-01-08T00:57:22.457+0000][102712.823s][info][gc,start    ] GC(4211) Pause Cleanup
[2025-01-08T00:57:22.457+0000][102712.823s][info][gc          ] GC(4211) Pause Cleanup 5175M->5175M(12288M) 0.453ms
[2025-01-08T00:57:22.457+0000][102712.823s][info][gc,cpu      ] GC(4211) User=0.00s Sys=0.00s Real=0.00s
[2025-01-08T00:57:22.457+0000][102712.823s][info][gc,marking  ] GC(4211) Concurrent Cleanup for Next Mark
[2025-01-08T00:57:22.474+0000][102712.840s][info][gc,marking  ] GC(4211) Concurrent Cleanup for Next Mark 16.332ms
[2025-01-08T00:57:22.474+0000][102712.840s][info][gc          ] GC(4211) Concurrent Mark Cycle 1962.428ms
[2025-01-08T00:57:27.161+0000][102717.527s][info][gc,start    ] GC(4212) Pause Young (Prepare Mixed) (G1 Evacuation Pause)
[2025-01-08T00:57:27.161+0000][102717.527s][info][gc,task     ] GC(4212) Using 6 workers of 6 for evacuation
[2025-01-08T00:57:27.195+0000][102717.561s][info][gc,phases   ] GC(4212)   Pre Evacuate Collection Set: 0.2ms
[2025-01-08T00:57:27.195+0000][102717.561s][info][gc,phases   ] GC(4212)   Merge Heap Roots: 0.7ms
[2025-01-08T00:57:27.195+0000][102717.561s][info][gc,phases   ] GC(4212)   Evacuate Collection Set: 30.4ms
[2025-01-08T00:57:27.195+0000][102717.561s][info][gc,phases   ] GC(4212)   Post Evacuate Collection Set: 2.7ms
[2025-01-08T00:57:27.195+0000][102717.561s][info][gc,phases   ] GC(4212)   Other: 0.2ms
[2025-01-08T00:57:27.195+0000][102717.561s][info][gc,heap     ] GC(4212) Eden regions: 900->0(66)
[2025-01-08T00:57:27.195+0000][102717.561s][info][gc,heap     ] GC(4212) Survivor regions: 9->10(114)
[2025-01-08T00:57:27.195+0000][102717.561s][info][gc,heap     ] GC(4212) Old regions: 253->253
[2025-01-08T00:57:27.195+0000][102717.561s][info][gc,heap     ] GC(4212) Archive regions: 2->2
[2025-01-08T00:57:27.195+0000][102717.561s][info][gc,heap     ] GC(4212) Humongous regions: 49->49
[2025-01-08T00:57:27.195+0000][102717.561s][info][gc,metaspace] GC(4212) Metaspace: 506204K(515008K)->506204K(515008K) NonClass: 444596K(449024K)->444596K(449024K) Class: 61607K(65984K)->61607K(65984K)
[2025-01-08T00:57:27.195+0000][102717.561s][info][gc          ] GC(4212) Pause Young (Prepare Mixed) (G1 Evacuation Pause) 9687M->2499M(12288M) 34.264ms
[2025-01-08T00:57:27.195+0000][102717.561s][info][gc,cpu      ] GC(4212) User=0.20s Sys=0.00s Real=0.04s
[2025-01-08T00:57:27.916+0000][102718.282s][info][gc,start    ] GC(4213) Pause Young (Mixed) (G1 Evacuation Pause)
[2025-01-08T00:57:27.916+0000][102718.283s][info][gc,task     ] GC(4213) Using 6 workers of 6 for evacuation
[2025-01-08T00:57:27.975+0000][102718.341s][info][gc,phases   ] GC(4213)   Pre Evacuate Collection Set: 0.2ms
[2025-01-08T00:57:27.975+0000][102718.341s][info][gc,phases   ] GC(4213)   Merge Heap Roots: 0.6ms
[2025-01-08T00:57:27.975+0000][102718.341s][info][gc,phases   ] GC(4213)   Evacuate Collection Set: 56.2ms
[2025-01-08T00:57:27.975+0000][102718.341s][info][gc,phases   ] GC(4213)   Post Evacuate Collection Set: 1.7ms
[2025-01-08T00:57:27.975+0000][102718.341s][info][gc,phases   ] GC(4213)   Other: 0.2ms
[2025-01-08T00:57:27.975+0000][102718.341s][info][gc,heap     ] GC(4213) Eden regions: 66->0(903)
[2025-01-08T00:57:27.975+0000][102718.341s][info][gc,heap     ] GC(4213) Survivor regions: 10->6(10)
[2025-01-08T00:57:27.975+0000][102718.341s][info][gc,heap     ] GC(4213) Old regions: 253->253
[2025-01-08T00:57:27.975+0000][102718.341s][info][gc,heap     ] GC(4213) Archive regions: 2->2
[2025-01-08T00:57:27.975+0000][102718.341s][info][gc,heap     ] GC(4213) Humongous regions: 49->49
[2025-01-08T00:57:27.975+0000][102718.341s][info][gc,metaspace] GC(4213) Metaspace: 506204K(515008K)->506204K(515008K) NonClass: 444596K(449024K)->444596K(449024K) Class: 61607K(65984K)->61607K(65984K)
[2025-01-08T00:57:27.975+0000][102718.341s][info][gc          ] GC(4213) Pause Young (Mixed) (G1 Evacuation Pause) 3027M->2462M(12288M) 58.934ms
[2025-01-08T00:57:27.975+0000][102718.341s][info][gc,cpu      ] GC(4213) User=0.34s Sys=0.00s Real=0.06s
[2025-01-08T00:57:37.454+0000][102727.820s][info][gc,start    ] GC(4214) Pause Young (Normal) (G1 Evacuation Pause)
[2025-01-08T00:57:37.454+0000][102727.820s][info][gc,task     ] GC(4214) Using 6 workers of 6 for evacuation
[2025-01-08T00:57:37.487+0000][102727.853s][info][gc,phases   ] GC(4214)   Pre Evacuate Collection Set: 0.2ms
[2025-01-08T00:57:37.487+0000][102727.853s][info][gc,phases   ] GC(4214)   Merge Heap Roots: 0.4ms
[2025-01-08T00:57:37.487+0000][102727.853s][info][gc,phases   ] GC(4214)   Evacuate Collection Set: 28.9ms
[2025-01-08T00:57:37.487+0000][102727.853s][info][gc,phases   ] GC(4214)   Post Evacuate Collection Set: 2.8ms
[2025-01-08T00:57:37.487+0000][102727.853s][info][gc,phases   ] GC(4214)   Other: 0.2ms
[2025-01-08T00:57:37.487+0000][102727.853s][info][gc,heap     ] GC(4214) Eden regions: 903->0(900)
[2025-01-08T00:57:37.487+0000][102727.853s][info][gc,heap     ] GC(4214) Survivor regions: 6->8(114)
[2025-01-08T00:57:37.487+0000][102727.853s][info][gc,heap     ] GC(4214) Old regions: 253->253
[2025-01-08T00:57:37.487+0000][102727.853s][info][gc,heap     ] GC(4214) Archive regions: 2->2
[2025-01-08T00:57:37.487+0000][102727.853s][info][gc,heap     ] GC(4214) Humongous regions: 49->49
[2025-01-08T00:57:37.487+0000][102727.853s][info][gc,metaspace] GC(4214) Metaspace: 506204K(515008K)->506204K(515008K) NonClass: 444596K(449024K)->444596K(449024K) Class: 61607K(65984K)->61607K(65984K)
[2025-01-08T00:57:37.487+0000][102727.853s][info][gc          ] GC(4214) Pause Young (Normal) (G1 Evacuation Pause) 9686M->2478M(12288M) 32.665ms
[2025-01-08T00:57:37.487+0000][102727.853s][info][gc,cpu      ] GC(4214) User=0.19s Sys=0.00s Real=0.03s
[2025-01-08T00:57:45.328+0000][102735.694s][info][gc,start    ] GC(4215) Pause Young (Normal) (G1 Evacuation Pause)
[2025-01-08T00:57:45.328+0000][102735.694s][info][gc,task     ] GC(4215) Using 6 workers of 6 for evacuation
[2025-01-08T00:57:45.359+0000][102735.725s][info][gc,phases   ] GC(4215)   Pre Evacuate Collection Set: 0.2ms
[2025-01-08T00:57:45.359+0000][102735.725s][info][gc,phases   ] GC(4215)   Merge Heap Roots: 0.4ms
[2025-01-08T00:57:45.359+0000][102735.725s][info][gc,phases   ] GC(4215)   Evacuate Collection Set: 27.6ms
[2025-01-08T00:57:45.359+0000][102735.725s][info][gc,phases   ] GC(4215)   Post Evacuate Collection Set: 2.5ms
[2025-01-08T00:57:45.359+0000][102735.725s][info][gc,phases   ] GC(4215)   Other: 0.2ms
[2025-01-08T00:57:45.359+0000][102735.725s][info][gc,heap     ] GC(4215) Eden regions: 900->0(899)
[2025-01-08T00:57:45.359+0000][102735.725s][info][gc,heap     ] GC(4215) Survivor regions: 8->9(114)
[2025-01-08T00:57:45.359+0000][102735.725s][info][gc,heap     ] GC(4215) Old regions: 253->253
[2025-01-08T00:57:45.359+0000][102735.725s][info][gc,heap     ] GC(4215) Archive regions: 2->2
[2025-01-08T00:57:45.359+0000][102735.725s][info][gc,heap     ] GC(4215) Humongous regions: 49->49
[2025-01-08T00:57:45.359+0000][102735.725s][info][gc,metaspace] GC(4215) Metaspace: 506204K(515008K)->506204K(515008K) NonClass: 444596K(449024K)->444596K(449024K) Class: 61607K(65984K)->61607K(65984K)
[2025-01-08T00:57:45.359+0000][102735.725s][info][gc          ] GC(4215) Pause Young (Normal) (G1 Evacuation Pause) 9678M->2485M(12288M) 31.046ms
[2025-01-08T00:57:45.359+0000][102735.725s][info][gc,cpu      ] GC(4215) User=0.18s Sys=0.00s Real=0.03s
[2025-01-08T00:57:52.558+0000][102742.924s][info][gc,start    ] GC(4216) Pause Young (Concurrent Start) (G1 Evacuation Pause)
[2025-01-08T00:57:52.558+0000][102742.924s][info][gc,task     ] GC(4216) Using 6 workers of 6 for evacuation
[2025-01-08T00:57:52.595+0000][102742.961s][info][gc,phases   ] GC(4216)   Pre Evacuate Collection Set: 1.1ms
[2025-01-08T00:57:52.595+0000][102742.961s][info][gc,phases   ] GC(4216)   Merge Heap Roots: 0.5ms
[2025-01-08T00:57:52.595+0000][102742.961s][info][gc,phases   ] GC(4216)   Evacuate Collection Set: 32.8ms
[2025-01-08T00:57:52.595+0000][102742.961s][info][gc,phases   ] GC(4216)   Post Evacuate Collection Set: 2.6ms
[2025-01-08T00:57:52.595+0000][102742.961s][info][gc,phases   ] GC(4216)   Other: 0.3ms
[2025-01-08T00:57:52.595+0000][102742.961s][info][gc,heap     ] GC(4216) Eden regions: 899->0(899)
[2025-01-08T00:57:52.595+0000][102742.961s][info][gc,heap     ] GC(4216) Survivor regions: 9->10(114)
[2025-01-08T00:57:52.595+0000][102742.961s][info][gc,heap     ] GC(4216) Old regions: 253->253
[2025-01-08T00:57:52.595+0000][102742.961s][info][gc,heap     ] GC(4216) Archive regions: 2->2
[2025-01-08T00:57:52.595+0000][102742.961s][info][gc,heap     ] GC(4216) Humongous regions: 49->49
[2025-01-08T00:57:52.595+0000][102742.961s][info][gc,metaspace] GC(4216) Metaspace: 506204K(515008K)->506204K(515008K) NonClass: 444596K(449024K)->444596K(449024K) Class: 61607K(65984K)->61607K(65984K)
[2025-01-08T00:57:52.595+0000][102742.961s][info][gc          ] GC(4216) Pause Young (Concurrent Start) (G1 Evacuation Pause) 9677M->2499M(12288M) 37.377ms
[2025-01-08T00:57:52.595+0000][102742.961s][info][gc,cpu      ] GC(4216) User=0.22s Sys=0.00s Real=0.04s
[2025-01-08T00:57:52.595+0000][102742.961s][info][gc          ] GC(4217) Concurrent Mark Cycle
[2025-01-08T00:57:52.595+0000][102742.961s][info][gc,marking  ] GC(4217) Concurrent Clear Claimed Marks
[2025-01-08T00:57:52.596+0000][102742.962s][info][gc,marking  ] GC(4217) Concurrent Clear Claimed Marks 0.910ms
[2025-01-08T00:57:52.596+0000][102742.962s][info][gc,marking  ] GC(4217) Concurrent Scan Root Regions
[2025-01-08T00:57:52.622+0000][102742.988s][info][gc,marking  ] GC(4217) Concurrent Scan Root Regions 25.341ms
[2025-01-08T00:57:52.622+0000][102742.988s][info][gc,marking  ] GC(4217) Concurrent Mark
[2025-01-08T00:57:52.622+0000][102742.988s][info][gc,marking  ] GC(4217) Concurrent Mark From Roots
[2025-01-08T00:57:52.622+0000][102742.988s][info][gc,task     ] GC(4217) Using 2 workers of 2 for marking
[2025-01-08T00:57:53.548+0000][102743.914s][info][gc,marking  ] GC(4217) Concurrent Mark From Roots 925.938ms
[2025-01-08T00:57:53.548+0000][102743.914s][info][gc,marking  ] GC(4217) Concurrent Preclean
[2025-01-08T00:57:53.550+0000][102743.916s][info][gc,marking  ] GC(4217) Concurrent Preclean 2.593ms
[2025-01-08T00:57:53.550+0000][102743.916s][info][gc,start    ] GC(4217) Pause Remark
[2025-01-08T00:57:53.579+0000][102743.945s][info][gc          ] GC(4217) Pause Remark 3315M->3315M(12288M) 28.630ms
[2025-01-08T00:57:53.579+0000][102743.945s][info][gc,cpu      ] GC(4217) User=0.16s Sys=0.00s Real=0.02s
[2025-01-08T00:57:53.579+0000][102743.945s][info][gc,marking  ] GC(4217) Concurrent Mark 957.502ms
[2025-01-08T00:57:53.579+0000][102743.945s][info][gc,marking  ] GC(4217) Concurrent Rebuild Remembered Sets
[2025-01-08T00:57:54.168+0000][102744.534s][info][gc,marking  ] GC(4217) Concurrent Rebuild Remembered Sets 588.406ms
[2025-01-08T00:57:54.168+0000][102744.534s][info][gc,start    ] GC(4217) Pause Cleanup
[2025-01-08T00:57:54.168+0000][102744.534s][info][gc          ] GC(4217) Pause Cleanup 3971M->3971M(12288M) 0.458ms
[2025-01-08T00:57:54.168+0000][102744.534s][info][gc,cpu      ] GC(4217) User=0.01s Sys=0.00s Real=0.00s
[2025-01-08T00:57:54.168+0000][102744.534s][info][gc,marking  ] GC(4217) Concurrent Cleanup for Next Mark
[2025-01-08T00:57:54.185+0000][102744.551s][info][gc,marking  ] GC(4217) Concurrent Cleanup for Next Mark 16.555ms
[2025-01-08T00:57:54.185+0000][102744.551s][info][gc          ] GC(4217) Concurrent Mark Cycle 1589.584ms
[2025-01-08T00:57:58.948+0000][102749.314s][info][gc,start    ] GC(4218) Pause Young (Prepare Mixed) (G1 Evacuation Pause)
[2025-01-08T00:57:58.948+0000][102749.314s][info][gc,task     ] GC(4218) Using 6 workers of 6 for evacuation
[2025-01-08T00:57:58.987+0000][102749.353s][info][gc,phases   ] GC(4218)   Pre Evacuate Collection Set: 0.2ms
[2025-01-08T00:57:58.987+0000][102749.353s][info][gc,phases   ] GC(4218)   Merge Heap Roots: 0.7ms
[2025-01-08T00:57:58.987+0000][102749.353s][info][gc,phases   ] GC(4218)   Evacuate Collection Set: 34.0ms
[2025-01-08T00:57:58.987+0000][102749.353s][info][gc,phases   ] GC(4218)   Post Evacuate Collection Set: 3.9ms
[2025-01-08T00:57:58.987+0000][102749.353s][info][gc,phases   ] GC(4218)   Other: 0.2ms
[2025-01-08T00:57:58.987+0000][102749.353s][info][gc,heap     ] GC(4218) Eden regions: 899->0(65)
[2025-01-08T00:57:58.987+0000][102749.353s][info][gc,heap     ] GC(4218) Survivor regions: 10->11(114)
[2025-01-08T00:57:58.987+0000][102749.353s][info][gc,heap     ] GC(4218) Old regions: 253->253
[2025-01-08T00:57:58.987+0000][102749.353s][info][gc,heap     ] GC(4218) Archive regions: 2->2
[2025-01-08T00:57:58.987+0000][102749.353s][info][gc,heap     ] GC(4218) Humongous regions: 49->49
[2025-01-08T00:57:58.987+0000][102749.353s][info][gc,metaspace] GC(4218) Metaspace: 506204K(515008K)->506204K(515008K) NonClass: 444597K(449024K)->444597K(449024K) Class: 61607K(65984K)->61607K(65984K)
[2025-01-08T00:57:58.987+0000][102749.353s][info][gc          ] GC(4218) Pause Young (Prepare Mixed) (G1 Evacuation Pause) 9691M->2508M(12288M) 39.077ms
[2025-01-08T00:57:58.987+0000][102749.353s][info][gc,cpu      ] GC(4218) User=0.23s Sys=0.00s Real=0.04s
[2025-01-08T00:57:59.664+0000][102750.030s][info][gc,start    ] GC(4219) Pause Young (Mixed) (G1 Evacuation Pause)
[2025-01-08T00:57:59.664+0000][102750.030s][info][gc,task     ] GC(4219) Using 6 workers of 6 for evacuation
[2025-01-08T00:57:59.728+0000][102750.094s][info][gc,phases   ] GC(4219)   Pre Evacuate Collection Set: 0.2ms
[2025-01-08T00:57:59.728+0000][102750.094s][info][gc,phases   ] GC(4219)   Merge Heap Roots: 0.7ms
[2025-01-08T00:57:59.728+0000][102750.094s][info][gc,phases   ] GC(4219)   Evacuate Collection Set: 61.4ms
[2025-01-08T00:57:59.728+0000][102750.094s][info][gc,phases   ] GC(4219)   Post Evacuate Collection Set: 1.7ms
[2025-01-08T00:57:59.728+0000][102750.094s][info][gc,phases   ] GC(4219)   Other: 0.2ms
[2025-01-08T00:57:59.728+0000][102750.094s][info][gc,heap     ] GC(4219) Eden regions: 65->0(903)
[2025-01-08T00:57:59.728+0000][102750.094s][info][gc,heap     ] GC(4219) Survivor regions: 11->4(10)
[2025-01-08T00:57:59.728+0000][102750.094s][info][gc,heap     ] GC(4219) Old regions: 253->255
[2025-01-08T00:57:59.728+0000][102750.094s][info][gc,heap     ] GC(4219) Archive regions: 2->2
[2025-01-08T00:57:59.728+0000][102750.094s][info][gc,heap     ] GC(4219) Humongous regions: 49->49
[2025-01-08T00:57:59.728+0000][102750.094s][info][gc,metaspace] GC(4219) Metaspace: 506204K(515008K)->506204K(515008K) NonClass: 444597K(449024K)->444597K(449024K) Class: 61607K(65984K)->61607K(65984K)
[2025-01-08T00:57:59.728+0000][102750.094s][info][gc          ] GC(4219) Pause Young (Mixed) (G1 Evacuation Pause) 3028M->2458M(12288M) 64.242ms
[2025-01-08T00:57:59.728+0000][102750.094s][info][gc,cpu      ] GC(4219) User=0.37s Sys=0.00s Real=0.06s
[2025-01-08T00:58:05.837+0000][102756.203s][info][gc,start    ] GC(4220) Pause Young (Normal) (G1 Evacuation Pause)
[2025-01-08T00:58:05.837+0000][102756.203s][info][gc,task     ] GC(4220) Using 6 workers of 6 for evacuation
[2025-01-08T00:58:05.857+0000][102756.223s][info][gc,phases   ] GC(4220)   Pre Evacuate Collection Set: 0.2ms
[2025-01-08T00:58:05.857+0000][102756.223s][info][gc,phases   ] GC(4220)   Merge Heap Roots: 0.4ms
[2025-01-08T00:58:05.857+0000][102756.223s][info][gc,phases   ] GC(4220)   Evacuate Collection Set: 15.9ms
[2025-01-08T00:58:05.857+0000][102756.223s][info][gc,phases   ] GC(4220)   Post Evacuate Collection Set: 3.7ms
[2025-01-08T00:58:05.857+0000][102756.223s][info][gc,phases   ] GC(4220)   Other: 0.2ms
[2025-01-08T00:58:05.857+0000][102756.223s][info][gc,heap     ] GC(4220) Eden regions: 903->0(904)
[2025-01-08T00:58:05.857+0000][102756.223s][info][gc,heap     ] GC(4220) Survivor regions: 4->4(114)
[2025-01-08T00:58:05.857+0000][102756.223s][info][gc,heap     ] GC(4220) Old regions: 255->255
[2025-01-08T00:58:05.857+0000][102756.223s][info][gc,heap     ] GC(4220) Archive regions: 2->2
[2025-01-08T00:58:05.857+0000][102756.223s][info][gc,heap     ] GC(4220) Humongous regions: 49->49
[2025-01-08T00:58:05.857+0000][102756.223s][info][gc,metaspace] GC(4220) Metaspace: 506204K(515008K)->506204K(515008K) NonClass: 444597K(449024K)->444597K(449024K) Class: 61607K(65984K)->61607K(65984K)
[2025-01-08T00:58:05.857+0000][102756.223s][info][gc          ] GC(4220) Pause Young (Normal) (G1 Evacuation Pause) 9682M->2458M(12288M) 20.458ms
[2025-01-08T00:58:05.857+0000][102756.223s][info][gc,cpu      ] GC(4220) User=0.12s Sys=0.00s Real=0.02s
[2025-01-08T00:58:09.815+0000][102760.181s][info][gc,start    ] GC(4221) Pause Young (Normal) (G1 Evacuation Pause)
[2025-01-08T00:58:09.815+0000][102760.181s][info][gc,task     ] GC(4221) Using 6 workers of 6 for evacuation
[2025-01-08T00:58:09.839+0000][102760.205s][info][gc,phases   ] GC(4221)   Pre Evacuate Collection Set: 0.2ms
[2025-01-08T00:58:09.839+0000][102760.205s][info][gc,phases   ] GC(4221)   Merge Heap Roots: 0.4ms
[2025-01-08T00:58:09.839+0000][102760.205s][info][gc,phases   ] GC(4221)   Evacuate Collection Set: 20.4ms
[2025-01-08T00:58:09.839+0000][102760.205s][info][gc,phases   ] GC(4221)   Post Evacuate Collection Set: 2.4ms
[2025-01-08T00:58:09.839+0000][102760.205s][info][gc,phases   ] GC(4221)   Other: 0.2ms
[2025-01-08T00:58:09.839+0000][102760.205s][info][gc,heap     ] GC(4221) Eden regions: 904->0(900)
[2025-01-08T00:58:09.839+0000][102760.205s][info][gc,heap     ] GC(4221) Survivor regions: 4->7(114)
[2025-01-08T00:58:09.839+0000][102760.205s][info][gc,heap     ] GC(4221) Old regions: 255->255
[2025-01-08T00:58:09.839+0000][102760.205s][info][gc,heap     ] GC(4221) Archive regions: 2->2
[2025-01-08T00:58:09.839+0000][102760.205s][info][gc,heap     ] GC(4221) Humongous regions: 49->49
[2025-01-08T00:58:09.839+0000][102760.205s][info][gc,metaspace] GC(4221) Metaspace: 506204K(515008K)->506204K(515008K) NonClass: 444597K(449024K)->444597K(449024K) Class: 61607K(65984K)->61607K(65984K)
[2025-01-08T00:58:09.839+0000][102760.205s][info][gc          ] GC(4221) Pause Young (Normal) (G1 Evacuation Pause) 9690M->2480M(12288M) 23.663ms
[2025-01-08T00:58:09.839+0000][102760.205s][info][gc,cpu      ] GC(4221) User=0.14s Sys=0.00s Real=0.02s
[2025-01-08T00:58:15.257+0000][102765.623s][info][gc,start    ] GC(4222) Pause Young (Concurrent Start) (G1 Evacuation Pause)
[2025-01-08T00:58:15.257+0000][102765.623s][info][gc,task     ] GC(4222) Using 6 workers of 6 for evacuation
[2025-01-08T00:58:15.285+0000][102765.651s][info][gc,phases   ] GC(4222)   Pre Evacuate Collection Set: 1.1ms
[2025-01-08T00:58:15.285+0000][102765.651s][info][gc,phases   ] GC(4222)   Merge Heap Roots: 0.4ms
[2025-01-08T00:58:15.285+0000][102765.651s][info][gc,phases   ] GC(4222)   Evacuate Collection Set: 22.0ms
[2025-01-08T00:58:15.285+0000][102765.651s][info][gc,phases   ] GC(4222)   Post Evacuate Collection Set: 3.9ms
[2025-01-08T00:58:15.285+0000][102765.651s][info][gc,phases   ] GC(4222)   Other: 0.3ms
[2025-01-08T00:58:15.285+0000][102765.651s][info][gc,heap     ] GC(4222) Eden regions: 900->0(898)
[2025-01-08T00:58:15.285+0000][102765.651s][info][gc,heap     ] GC(4222) Survivor regions: 7->8(114)
[2025-01-08T00:58:15.285+0000][102765.651s][info][gc,heap     ] GC(4222) Old regions: 255->255
[2025-01-08T00:58:15.285+0000][102765.651s][info][gc,heap     ] GC(4222) Archive regions: 2->2
[2025-01-08T00:58:15.285+0000][102765.651s][info][gc,heap     ] GC(4222) Humongous regions: 49->49
[2025-01-08T00:58:15.285+0000][102765.651s][info][gc,metaspace] GC(4222) Metaspace: 506204K(515008K)->506204K(515008K) NonClass: 444597K(449024K)->444597K(449024K) Class: 61607K(65984K)->61607K(65984K)
[2025-01-08T00:58:15.285+0000][102765.651s][info][gc          ] GC(4222) Pause Young (Concurrent Start) (G1 Evacuation Pause) 9680M->2488M(12288M) 27.777ms
[2025-01-08T00:58:15.285+0000][102765.651s][info][gc,cpu      ] GC(4222) User=0.14s Sys=0.01s Real=0.03s
[2025-01-08T00:58:15.285+0000][102765.651s][info][gc          ] GC(4223) Concurrent Mark Cycle
[2025-01-08T00:58:15.285+0000][102765.651s][info][gc,marking  ] GC(4223) Concurrent Clear Claimed Marks
[2025-01-08T00:58:15.286+0000][102765.652s][info][gc,marking  ] GC(4223) Concurrent Clear Claimed Marks 0.907ms
[2025-01-08T00:58:15.286+0000][102765.652s][info][gc,marking  ] GC(4223) Concurrent Scan Root Regions
[2025-01-08T00:58:15.311+0000][102765.677s][info][gc,marking  ] GC(4223) Concurrent Scan Root Regions 25.181ms
[2025-01-08T00:58:15.311+0000][102765.677s][info][gc,marking  ] GC(4223) Concurrent Mark
[2025-01-08T00:58:15.311+0000][102765.677s][info][gc,marking  ] GC(4223) Concurrent Mark From Roots
[2025-01-08T00:58:15.311+0000][102765.677s][info][gc,task     ] GC(4223) Using 2 workers of 2 for marking
[2025-01-08T00:58:16.328+0000][102766.695s][info][gc,marking  ] GC(4223) Concurrent Mark From Roots 1017.235ms
[2025-01-08T00:58:16.329+0000][102766.695s][info][gc,marking  ] GC(4223) Concurrent Preclean
[2025-01-08T00:58:16.331+0000][102766.697s][info][gc,marking  ] GC(4223) Concurrent Preclean 2.114ms
[2025-01-08T00:58:16.331+0000][102766.697s][info][gc,start    ] GC(4223) Pause Remark
[2025-01-08T00:58:16.357+0000][102766.723s][info][gc          ] GC(4223) Pause Remark 3536M->3536M(12288M) 25.734ms
[2025-01-08T00:58:16.357+0000][102766.723s][info][gc,cpu      ] GC(4223) User=0.15s Sys=0.00s Real=0.02s
[2025-01-08T00:58:16.357+0000][102766.723s][info][gc,marking  ] GC(4223) Concurrent Mark 1045.502ms
[2025-01-08T00:58:16.357+0000][102766.723s][info][gc,marking  ] GC(4223) Concurrent Rebuild Remembered Sets
[2025-01-08T00:58:17.009+0000][102767.375s][info][gc,marking  ] GC(4223) Concurrent Rebuild Remembered Sets 651.847ms
[2025-01-08T00:58:17.009+0000][102767.375s][info][gc,start    ] GC(4223) Pause Cleanup
[2025-01-08T00:58:17.009+0000][102767.375s][info][gc          ] GC(4223) Pause Cleanup 4444M->4444M(12288M) 0.411ms
[2025-01-08T00:58:17.009+0000][102767.375s][info][gc,cpu      ] GC(4223) User=0.01s Sys=0.00s Real=0.00s
[2025-01-08T00:58:17.009+0000][102767.375s][info][gc,marking  ] GC(4223) Concurrent Cleanup for Next Mark
[2025-01-08T00:58:17.025+0000][102767.391s][info][gc,marking  ] GC(4223) Concurrent Cleanup for Next Mark 15.943ms
[2025-01-08T00:58:17.025+0000][102767.391s][info][gc          ] GC(4223) Concurrent Mark Cycle 1740.209ms
[2025-01-08T00:58:21.114+0000][102771.480s][info][gc,start    ] GC(4224) Pause Young (Prepare Mixed) (G1 Evacuation Pause)
[2025-01-08T00:58:21.114+0000][102771.480s][info][gc,task     ] GC(4224) Using 6 workers of 6 for evacuation
[2025-01-08T00:58:21.141+0000][102771.507s][info][gc,phases   ] GC(4224)   Pre Evacuate Collection Set: 0.2ms
[2025-01-08T00:58:21.141+0000][102771.507s][info][gc,phases   ] GC(4224)   Merge Heap Roots: 0.6ms
[2025-01-08T00:58:21.141+0000][102771.507s][info][gc,phases   ] GC(4224)   Evacuate Collection Set: 23.5ms
[2025-01-08T00:58:21.141+0000][102771.507s][info][gc,phases   ] GC(4224)   Post Evacuate Collection Set: 2.6ms
[2025-01-08T00:58:21.141+0000][102771.507s][info][gc,phases   ] GC(4224)   Other: 0.2ms
[2025-01-08T00:58:21.141+0000][102771.507s][info][gc,heap     ] GC(4224) Eden regions: 898->0(68)
[2025-01-08T00:58:21.141+0000][102771.507s][info][gc,heap     ] GC(4224) Survivor regions: 8->8(114)
[2025-01-08T00:58:21.141+0000][102771.507s][info][gc,heap     ] GC(4224) Old regions: 255->255
[2025-01-08T00:58:21.141+0000][102771.507s][info][gc,heap     ] GC(4224) Archive regions: 2->2
[2025-01-08T00:58:21.141+0000][102771.507s][info][gc,heap     ] GC(4224) Humongous regions: 49->49
[2025-01-08T00:58:21.141+0000][102771.507s][info][gc,metaspace] GC(4224) Metaspace: 506204K(515008K)->506204K(515008K) NonClass: 444597K(449024K)->444597K(449024K) Class: 61607K(65984K)->61607K(65984K)
[2025-01-08T00:58:21.141+0000][102771.507s][info][gc          ] GC(4224) Pause Young (Prepare Mixed) (G1 Evacuation Pause) 9672M->2489M(12288M) 27.202ms
[2025-01-08T00:58:21.141+0000][102771.507s][info][gc,cpu      ] GC(4224) User=0.16s Sys=0.00s Real=0.02s
[2025-01-08T00:58:21.428+0000][102771.794s][info][gc,start    ] GC(4225) Pause Young (Mixed) (G1 Evacuation Pause)
[2025-01-08T00:58:21.428+0000][102771.794s][info][gc,task     ] GC(4225) Using 6 workers of 6 for evacuation
[2025-01-08T00:58:21.485+0000][102771.851s][info][gc,phases   ] GC(4225)   Pre Evacuate Collection Set: 0.2ms
[2025-01-08T00:58:21.485+0000][102771.851s][info][gc,phases   ] GC(4225)   Merge Heap Roots: 0.7ms
[2025-01-08T00:58:21.485+0000][102771.851s][info][gc,phases   ] GC(4225)   Evacuate Collection Set: 54.9ms
[2025-01-08T00:58:21.485+0000][102771.851s][info][gc,phases   ] GC(4225)   Post Evacuate Collection Set: 1.9ms
[2025-01-08T00:58:21.485+0000][102771.852s][info][gc,phases   ] GC(4225)   Other: 0.2ms
[2025-01-08T00:58:21.485+0000][102771.852s][info][gc,heap     ] GC(4225) Eden regions: 68->0(905)
[2025-01-08T00:58:21.485+0000][102771.852s][info][gc,heap     ] GC(4225) Survivor regions: 8->6(10)
[2025-01-08T00:58:21.485+0000][102771.852s][info][gc,heap     ] GC(4225) Old regions: 255->253
[2025-01-08T00:58:21.485+0000][102771.852s][info][gc,heap     ] GC(4225) Archive regions: 2->2
[2025-01-08T00:58:21.485+0000][102771.852s][info][gc,heap     ] GC(4225) Humongous regions: 49->49
[2025-01-08T00:58:21.485+0000][102771.852s][info][gc,metaspace] GC(4225) Metaspace: 506204K(515008K)->506204K(515008K) NonClass: 444597K(449024K)->444597K(449024K) Class: 61607K(65984K)->61607K(65984K)
[2025-01-08T00:58:21.485+0000][102771.852s][info][gc          ] GC(4225) Pause Young (Mixed) (G1 Evacuation Pause) 3033M->2459M(12288M) 57.939ms
[2025-01-08T00:58:21.486+0000][102771.852s][info][gc,cpu      ] GC(4225) User=0.33s Sys=0.00s Real=0.06s
[2025-01-08T00:58:27.036+0000][102777.402s][info][gc,start    ] GC(4226) Pause Young (Normal) (G1 Evacuation Pause)
[2025-01-08T00:58:27.036+0000][102777.402s][info][gc,task     ] GC(4226) Using 6 workers of 6 for evacuation
[2025-01-08T00:58:27.061+0000][102777.427s][info][gc,phases   ] GC(4226)   Pre Evacuate Collection Set: 0.2ms
[2025-01-08T00:58:27.061+0000][102777.427s][info][gc,phases   ] GC(4226)   Merge Heap Roots: 0.4ms
[2025-01-08T00:58:27.061+0000][102777.427s][info][gc,phases   ] GC(4226)   Evacuate Collection Set: 21.2ms
[2025-01-08T00:58:27.061+0000][102777.427s][info][gc,phases   ] GC(4226)   Post Evacuate Collection Set: 2.5ms
[2025-01-08T00:58:27.061+0000][102777.427s][info][gc,phases   ] GC(4226)   Other: 0.2ms
[2025-01-08T00:58:27.061+0000][102777.427s][info][gc,heap     ] GC(4226) Eden regions: 905->0(903)
[2025-01-08T00:58:27.061+0000][102777.427s][info][gc,heap     ] GC(4226) Survivor regions: 6->7(114)
[2025-01-08T00:58:27.061+0000][102777.427s][info][gc,heap     ] GC(4226) Old regions: 253->253
[2025-01-08T00:58:27.061+0000][102777.427s][info][gc,heap     ] GC(4226) Archive regions: 2->2
[2025-01-08T00:58:27.061+0000][102777.427s][info][gc,heap     ] GC(4226) Humongous regions: 49->49
[2025-01-08T00:58:27.061+0000][102777.427s][info][gc,metaspace] GC(4226) Metaspace: 506204K(515008K)->506204K(515008K) NonClass: 444597K(449024K)->444597K(449024K) Class: 61607K(65984K)->61607K(65984K)
[2025-01-08T00:58:27.061+0000][102777.427s][info][gc          ] GC(4226) Pause Young (Normal) (G1 Evacuation Pause) 9699M->2467M(12288M) 24.607ms
[2025-01-08T00:58:27.061+0000][102777.427s][info][gc,cpu      ] GC(4226) User=0.14s Sys=0.00s Real=0.02s
[2025-01-08T00:58:33.438+0000][102783.804s][info][gc,start    ] GC(4227) Pause Young (Normal) (G1 Evacuation Pause)
[2025-01-08T00:58:33.438+0000][102783.804s][info][gc,task     ] GC(4227) Using 6 workers of 6 for evacuation
[2025-01-08T00:58:33.469+0000][102783.835s][info][gc,phases   ] GC(4227)   Pre Evacuate Collection Set: 0.2ms
[2025-01-08T00:58:33.469+0000][102783.835s][info][gc,phases   ] GC(4227)   Merge Heap Roots: 0.4ms
[2025-01-08T00:58:33.469+0000][102783.835s][info][gc,phases   ] GC(4227)   Evacuate Collection Set: 27.9ms
[2025-01-08T00:58:33.469+0000][102783.835s][info][gc,phases   ] GC(4227)   Post Evacuate Collection Set: 2.6ms
[2025-01-08T00:58:33.469+0000][102783.835s][info][gc,phases   ] GC(4227)   Other: 0.2ms
[2025-01-08T00:58:33.469+0000][102783.836s][info][gc,heap     ] GC(4227) Eden regions: 903->0(903)
[2025-01-08T00:58:33.469+0000][102783.836s][info][gc,heap     ] GC(4227) Survivor regions: 7->8(114)
[2025-01-08T00:58:33.469+0000][102783.836s][info][gc,heap     ] GC(4227) Old regions: 253->253
[2025-01-08T00:58:33.469+0000][102783.836s][info][gc,heap     ] GC(4227) Archive regions: 2->2
[2025-01-08T00:58:33.469+0000][102783.836s][info][gc,heap     ] GC(4227) Humongous regions: 49->49
[2025-01-08T00:58:33.469+0000][102783.836s][info][gc,metaspace] GC(4227) Metaspace: 506204K(515008K)->506204K(515008K) NonClass: 444597K(449024K)->444597K(449024K) Class: 61607K(65984K)->61607K(65984K)
[2025-01-08T00:58:33.469+0000][102783.836s][info][gc          ] GC(4227) Pause Young (Normal) (G1 Evacuation Pause) 9691M->2481M(12288M) 31.462ms
[2025-01-08T00:58:33.470+0000][102783.836s][info][gc,cpu      ] GC(4227) User=0.18s Sys=0.01s Real=0.04s
[2025-01-08T00:58:41.211+0000][102791.578s][info][gc,start    ] GC(4228) Pause Young (Concurrent Start) (G1 Evacuation Pause)
[2025-01-08T00:58:41.212+0000][102791.578s][info][gc,task     ] GC(4228) Using 6 workers of 6 for evacuation
[2025-01-08T00:58:41.241+0000][102791.607s][info][gc,phases   ] GC(4228)   Pre Evacuate Collection Set: 1.1ms
[2025-01-08T00:58:41.241+0000][102791.607s][info][gc,phases   ] GC(4228)   Merge Heap Roots: 0.4ms
[2025-01-08T00:58:41.241+0000][102791.607s][info][gc,phases   ] GC(4228)   Evacuate Collection Set: 24.7ms
[2025-01-08T00:58:41.241+0000][102791.607s][info][gc,phases   ] GC(4228)   Post Evacuate Collection Set: 2.6ms
[2025-01-08T00:58:41.241+0000][102791.607s][info][gc,phases   ] GC(4228)   Other: 0.3ms
[2025-01-08T00:58:41.241+0000][102791.607s][info][gc,heap     ] GC(4228) Eden regions: 903->0(903)
[2025-01-08T00:58:41.241+0000][102791.607s][info][gc,heap     ] GC(4228) Survivor regions: 8->8(114)
[2025-01-08T00:58:41.241+0000][102791.607s][info][gc,heap     ] GC(4228) Old regions: 253->253
[2025-01-08T00:58:41.241+0000][102791.607s][info][gc,heap     ] GC(4228) Archive regions: 2->2
[2025-01-08T00:58:41.241+0000][102791.607s][info][gc,heap     ] GC(4228) Humongous regions: 49->49
[2025-01-08T00:58:41.241+0000][102791.607s][info][gc,metaspace] GC(4228) Metaspace: 506204K(515008K)->506204K(515008K) NonClass: 444597K(449024K)->444597K(449024K) Class: 61607K(65984K)->61607K(65984K)
[2025-01-08T00:58:41.241+0000][102791.607s][info][gc          ] GC(4228) Pause Young (Concurrent Start) (G1 Evacuation Pause) 9705M->2479M(12288M) 29.265ms
[2025-01-08T00:58:41.241+0000][102791.607s][info][gc,cpu      ] GC(4228) User=0.17s Sys=0.00s Real=0.02s
[2025-01-08T00:58:41.241+0000][102791.607s][info][gc          ] GC(4229) Concurrent Mark Cycle
[2025-01-08T00:58:41.241+0000][102791.607s][info][gc,marking  ] GC(4229) Concurrent Clear Claimed Marks
[2025-01-08T00:58:41.242+0000][102791.608s][info][gc,marking  ] GC(4229) Concurrent Clear Claimed Marks 0.869ms
[2025-01-08T00:58:41.242+0000][102791.608s][info][gc,marking  ] GC(4229) Concurrent Scan Root Regions
[2025-01-08T00:58:41.259+0000][102791.625s][info][gc,marking  ] GC(4229) Concurrent Scan Root Regions 17.063ms
[2025-01-08T00:58:41.259+0000][102791.625s][info][gc,marking  ] GC(4229) Concurrent Mark
[2025-01-08T00:58:41.259+0000][102791.625s][info][gc,marking  ] GC(4229) Concurrent Mark From Roots
[2025-01-08T00:58:41.259+0000][102791.625s][info][gc,task     ] GC(4229) Using 2 workers of 2 for marking
[2025-01-08T00:58:42.102+0000][102792.468s][info][gc,marking  ] GC(4229) Concurrent Mark From Roots 842.955ms
[2025-01-08T00:58:42.102+0000][102792.468s][info][gc,marking  ] GC(4229) Concurrent Preclean
[2025-01-08T00:58:42.104+0000][102792.471s][info][gc,marking  ] GC(4229) Concurrent Preclean 2.607ms
[2025-01-08T00:58:42.105+0000][102792.471s][info][gc,start    ] GC(4229) Pause Remark
[2025-01-08T00:58:42.130+0000][102792.496s][info][gc          ] GC(4229) Pause Remark 3143M->3143M(12288M) 25.610ms
[2025-01-08T00:58:42.130+0000][102792.496s][info][gc,cpu      ] GC(4229) User=0.15s Sys=0.00s Real=0.03s
[2025-01-08T00:58:42.130+0000][102792.497s][info][gc,marking  ] GC(4229) Concurrent Mark 871.568ms
[2025-01-08T00:58:42.130+0000][102792.497s][info][gc,marking  ] GC(4229) Concurrent Rebuild Remembered Sets
[2025-01-08T00:58:42.764+0000][102793.130s][info][gc,marking  ] GC(4229) Concurrent Rebuild Remembered Sets 633.435ms
[2025-01-08T00:58:42.764+0000][102793.130s][info][gc,start    ] GC(4229) Pause Cleanup
[2025-01-08T00:58:42.764+0000][102793.130s][info][gc          ] GC(4229) Pause Cleanup 3935M->3935M(12288M) 0.388ms
[2025-01-08T00:58:42.764+0000][102793.131s][info][gc,cpu      ] GC(4229) User=0.00s Sys=0.00s Real=0.00s
[2025-01-08T00:58:42.764+0000][102793.131s][info][gc,marking  ] GC(4229) Concurrent Cleanup for Next Mark
[2025-01-08T00:58:42.781+0000][102793.147s][info][gc,marking  ] GC(4229) Concurrent Cleanup for Next Mark 16.528ms
[2025-01-08T00:58:42.782+0000][102793.148s][info][gc          ] GC(4229) Concurrent Mark Cycle 1541.172ms
[2025-01-08T00:58:47.230+0000][102797.596s][info][gc,start    ] GC(4230) Pause Young (Prepare Mixed) (G1 Evacuation Pause)
[2025-01-08T00:58:47.230+0000][102797.596s][info][gc,task     ] GC(4230) Using 6 workers of 6 for evacuation
[2025-01-08T00:58:47.261+0000][102797.627s][info][gc,phases   ] GC(4230)   Pre Evacuate Collection Set: 0.2ms
[2025-01-08T00:58:47.261+0000][102797.627s][info][gc,phases   ] GC(4230)   Merge Heap Roots: 0.7ms
[2025-01-08T00:58:47.261+0000][102797.627s][info][gc,phases   ] GC(4230)   Evacuate Collection Set: 27.0ms
[2025-01-08T00:58:47.261+0000][102797.627s][info][gc,phases   ] GC(4230)   Post Evacuate Collection Set: 2.6ms
[2025-01-08T00:58:47.261+0000][102797.627s][info][gc,phases   ] GC(4230)   Other: 0.2ms
[2025-01-08T00:58:47.261+0000][102797.627s][info][gc,heap     ] GC(4230) Eden regions: 903->0(67)
[2025-01-08T00:58:47.261+0000][102797.627s][info][gc,heap     ] GC(4230) Survivor regions: 8->9(114)
[2025-01-08T00:58:47.261+0000][102797.627s][info][gc,heap     ] GC(4230) Old regions: 253->253
[2025-01-08T00:58:47.261+0000][102797.627s][info][gc,heap     ] GC(4230) Archive regions: 2->2
[2025-01-08T00:58:47.261+0000][102797.627s][info][gc,heap     ] GC(4230) Humongous regions: 49->49
[2025-01-08T00:58:47.261+0000][102797.627s][info][gc,metaspace] GC(4230) Metaspace: 506204K(515008K)->506204K(515008K) NonClass: 444597K(449024K)->444597K(449024K) Class: 61607K(65984K)->61607K(65984K)
[2025-01-08T00:58:47.261+0000][102797.627s][info][gc          ] GC(4230) Pause Young (Prepare Mixed) (G1 Evacuation Pause) 9703M->2485M(12288M) 30.724ms
[2025-01-08T00:58:47.261+0000][102797.627s][info][gc,cpu      ] GC(4230) User=0.18s Sys=0.00s Real=0.02s
[2025-01-08T00:58:47.961+0000][102798.327s][info][gc,start    ] GC(4231) Pause Young (Mixed) (G1 Evacuation Pause)
[2025-01-08T00:58:47.961+0000][102798.327s][info][gc,task     ] GC(4231) Using 6 workers of 6 for evacuation
[2025-01-08T00:58:48.020+0000][102798.386s][info][gc,phases   ] GC(4231)   Pre Evacuate Collection Set: 0.2ms
[2025-01-08T00:58:48.020+0000][102798.386s][info][gc,phases   ] GC(4231)   Merge Heap Roots: 0.6ms
[2025-01-08T00:58:48.020+0000][102798.386s][info][gc,phases   ] GC(4231)   Evacuate Collection Set: 56.0ms
[2025-01-08T00:58:48.020+0000][102798.386s][info][gc,phases   ] GC(4231)   Post Evacuate Collection Set: 1.9ms
[2025-01-08T00:58:48.020+0000][102798.386s][info][gc,phases   ] GC(4231)   Other: 0.2ms
[2025-01-08T00:58:48.020+0000][102798.386s][info][gc,heap     ] GC(4231) Eden regions: 67->0(905)
[2025-01-08T00:58:48.020+0000][102798.386s][info][gc,heap     ] GC(4231) Survivor regions: 9->6(10)
[2025-01-08T00:58:48.020+0000][102798.386s][info][gc,heap     ] GC(4231) Old regions: 253->253
[2025-01-08T00:58:48.020+0000][102798.386s][info][gc,heap     ] GC(4231) Archive regions: 2->2
[2025-01-08T00:58:48.020+0000][102798.386s][info][gc,heap     ] GC(4231) Humongous regions: 49->49
[2025-01-08T00:58:48.020+0000][102798.386s][info][gc,metaspace] GC(4231) Metaspace: 506207K(515008K)->506207K(515008K) NonClass: 444600K(449024K)->444600K(449024K) Class: 61607K(65984K)->61607K(65984K)
[2025-01-08T00:58:48.020+0000][102798.386s][info][gc          ] GC(4231) Pause Young (Mixed) (G1 Evacuation Pause) 3021M->2463M(12288M) 58.996ms
[2025-01-08T00:58:48.020+0000][102798.386s][info][gc,cpu      ] GC(4231) User=0.34s Sys=0.00s Real=0.06s
[2025-01-08T00:58:54.375+0000][102804.741s][info][gc,start    ] GC(4232) Pause Young (Normal) (G1 Evacuation Pause)
[2025-01-08T00:58:54.375+0000][102804.741s][info][gc,task     ] GC(4232) Using 6 workers of 6 for evacuation
[2025-01-08T00:58:54.403+0000][102804.769s][info][gc,phases   ] GC(4232)   Pre Evacuate Collection Set: 0.2ms
[2025-01-08T00:58:54.403+0000][102804.769s][info][gc,phases   ] GC(4232)   Merge Heap Roots: 0.5ms
[2025-01-08T00:58:54.403+0000][102804.769s][info][gc,phases   ] GC(4232)   Evacuate Collection Set: 23.7ms
[2025-01-08T00:58:54.403+0000][102804.769s][info][gc,phases   ] GC(4232)   Post Evacuate Collection Set: 3.9ms
[2025-01-08T00:58:54.403+0000][102804.769s][info][gc,phases   ] GC(4232)   Other: 0.2ms
[2025-01-08T00:58:54.403+0000][102804.769s][info][gc,heap     ] GC(4232) Eden regions: 905->0(903)
[2025-01-08T00:58:54.403+0000][102804.769s][info][gc,heap     ] GC(4232) Survivor regions: 6->8(114)
[2025-01-08T00:58:54.403+0000][102804.769s][info][gc,heap     ] GC(4232) Old regions: 253->253
[2025-01-08T00:58:54.403+0000][102804.769s][info][gc,heap     ] GC(4232) Archive regions: 2->2
[2025-01-08T00:58:54.403+0000][102804.769s][info][gc,heap     ] GC(4232) Humongous regions: 49->49
[2025-01-08T00:58:54.403+0000][102804.769s][info][gc,metaspace] GC(4232) Metaspace: 506207K(515008K)->506207K(515008K) NonClass: 444600K(449024K)->444600K(449024K) Class: 61607K(65984K)->61607K(65984K)
[2025-01-08T00:58:54.403+0000][102804.769s][info][gc          ] GC(4232) Pause Young (Normal) (G1 Evacuation Pause) 9703M->2476M(12288M) 28.491ms
[2025-01-08T00:58:54.403+0000][102804.769s][info][gc,cpu      ] GC(4232) User=0.16s Sys=0.00s Real=0.03s
[2025-01-08T00:59:00.412+0000][102810.778s][info][gc,start    ] GC(4233) Pause Young (Normal) (G1 Evacuation Pause)
[2025-01-08T00:59:00.412+0000][102810.778s][info][gc,task     ] GC(4233) Using 6 workers of 6 for evacuation
[2025-01-08T00:59:00.443+0000][102810.809s][info][gc,phases   ] GC(4233)   Pre Evacuate Collection Set: 0.2ms
[2025-01-08T00:59:00.443+0000][102810.809s][info][gc,phases   ] GC(4233)   Merge Heap Roots: 0.4ms
[2025-01-08T00:59:00.443+0000][102810.809s][info][gc,phases   ] GC(4233)   Evacuate Collection Set: 26.9ms
[2025-01-08T00:59:00.443+0000][102810.809s][info][gc,phases   ] GC(4233)   Post Evacuate Collection Set: 3.9ms
[2025-01-08T00:59:00.443+0000][102810.809s][info][gc,phases   ] GC(4233)   Other: 0.2ms
[2025-01-08T00:59:00.443+0000][102810.809s][info][gc,heap     ] GC(4233) Eden regions: 903->0(901)
[2025-01-08T00:59:00.443+0000][102810.809s][info][gc,heap     ] GC(4233) Survivor regions: 8->9(114)
[2025-01-08T00:59:00.443+0000][102810.809s][info][gc,heap     ] GC(4233) Old regions: 253->253
[2025-01-08T00:59:00.443+0000][102810.809s][info][gc,heap     ] GC(4233) Archive regions: 2->2
[2025-01-08T00:59:00.443+0000][102810.809s][info][gc,heap     ] GC(4233) Humongous regions: 49->49
[2025-01-08T00:59:00.443+0000][102810.809s][info][gc,metaspace] GC(4233) Metaspace: 506209K(515008K)->506209K(515008K) NonClass: 444601K(449024K)->444601K(449024K) Class: 61607K(65984K)->61607K(65984K)
[2025-01-08T00:59:00.443+0000][102810.809s][info][gc          ] GC(4233) Pause Young (Normal) (G1 Evacuation Pause) 9700M->2489M(12288M) 31.732ms
[2025-01-08T00:59:00.443+0000][102810.809s][info][gc,cpu      ] GC(4233) User=0.18s Sys=0.00s Real=0.03s
[2025-01-08T00:59:10.139+0000][102820.505s][info][gc,start    ] GC(4234) Pause Young (Concurrent Start) (G1 Evacuation Pause)
[2025-01-08T00:59:10.139+0000][102820.505s][info][gc,task     ] GC(4234) Using 6 workers of 6 for evacuation
[2025-01-08T00:59:10.179+0000][102820.545s][info][gc,phases   ] GC(4234)   Pre Evacuate Collection Set: 1.1ms
[2025-01-08T00:59:10.179+0000][102820.545s][info][gc,phases   ] GC(4234)   Merge Heap Roots: 0.5ms
[2025-01-08T00:59:10.179+0000][102820.545s][info][gc,phases   ] GC(4234)   Evacuate Collection Set: 33.8ms
[2025-01-08T00:59:10.179+0000][102820.545s][info][gc,phases   ] GC(4234)   Post Evacuate Collection Set: 4.1ms
[2025-01-08T00:59:10.179+0000][102820.545s][info][gc,phases   ] GC(4234)   Other: 0.3ms
[2025-01-08T00:59:10.179+0000][102820.545s][info][gc,heap     ] GC(4234) Eden regions: 901->0(897)
[2025-01-08T00:59:10.179+0000][102820.545s][info][gc,heap     ] GC(4234) Survivor regions: 9->11(114)
[2025-01-08T00:59:10.179+0000][102820.545s][info][gc,heap     ] GC(4234) Old regions: 253->253
[2025-01-08T00:59:10.179+0000][102820.545s][info][gc,heap     ] GC(4234) Archive regions: 2->2
[2025-01-08T00:59:10.179+0000][102820.545s][info][gc,heap     ] GC(4234) Humongous regions: 49->49
[2025-01-08T00:59:10.179+0000][102820.545s][info][gc,metaspace] GC(4234) Metaspace: 506209K(515008K)->506209K(515008K) NonClass: 444601K(449024K)->444601K(449024K) Class: 61607K(65984K)->61607K(65984K)
[2025-01-08T00:59:10.179+0000][102820.545s][info][gc          ] GC(4234) Pause Young (Concurrent Start) (G1 Evacuation Pause) 9697M->2504M(12288M) 39.832ms
[2025-01-08T00:59:10.179+0000][102820.545s][info][gc,cpu      ] GC(4234) User=0.22s Sys=0.00s Real=0.04s
[2025-01-08T00:59:10.179+0000][102820.545s][info][gc          ] GC(4235) Concurrent Mark Cycle
[2025-01-08T00:59:10.179+0000][102820.545s][info][gc,marking  ] GC(4235) Concurrent Clear Claimed Marks
[2025-01-08T00:59:10.180+0000][102820.546s][info][gc,marking  ] GC(4235) Concurrent Clear Claimed Marks 0.920ms
[2025-01-08T00:59:10.180+0000][102820.546s][info][gc,marking  ] GC(4235) Concurrent Scan Root Regions
[2025-01-08T00:59:10.213+0000][102820.579s][info][gc,marking  ] GC(4235) Concurrent Scan Root Regions 33.104ms
[2025-01-08T00:59:10.213+0000][102820.579s][info][gc,marking  ] GC(4235) Concurrent Mark
[2025-01-08T00:59:10.213+0000][102820.579s][info][gc,marking  ] GC(4235) Concurrent Mark From Roots
[2025-01-08T00:59:10.213+0000][102820.579s][info][gc,task     ] GC(4235) Using 2 workers of 2 for marking
[2025-01-08T00:59:11.135+0000][102821.501s][info][gc,marking  ] GC(4235) Concurrent Mark From Roots 921.325ms
[2025-01-08T00:59:11.135+0000][102821.501s][info][gc,marking  ] GC(4235) Concurrent Preclean
[2025-01-08T00:59:11.137+0000][102821.503s][info][gc,marking  ] GC(4235) Concurrent Preclean 2.383ms
[2025-01-08T00:59:11.137+0000][102821.503s][info][gc,start    ] GC(4235) Pause Remark
[2025-01-08T00:59:11.164+0000][102821.530s][info][gc          ] GC(4235) Pause Remark 3440M->3440M(12288M) 26.436ms
[2025-01-08T00:59:11.164+0000][102821.530s][info][gc,cpu      ] GC(4235) User=0.15s Sys=0.00s Real=0.03s
[2025-01-08T00:59:11.164+0000][102821.530s][info][gc,marking  ] GC(4235) Concurrent Mark 950.488ms
[2025-01-08T00:59:11.164+0000][102821.530s][info][gc,marking  ] GC(4235) Concurrent Rebuild Remembered Sets
[2025-01-08T00:59:11.650+0000][102822.016s][info][gc,marking  ] GC(4235) Concurrent Rebuild Remembered Sets 485.864ms
[2025-01-08T00:59:11.650+0000][102822.016s][info][gc,start    ] GC(4235) Pause Cleanup
[2025-01-08T00:59:11.650+0000][102822.016s][info][gc          ] GC(4235) Pause Cleanup 3784M->3784M(12288M) 0.434ms
[2025-01-08T00:59:11.650+0000][102822.016s][info][gc,cpu      ] GC(4235) User=0.00s Sys=0.00s Real=0.00s
[2025-01-08T00:59:11.650+0000][102822.017s][info][gc,marking  ] GC(4235) Concurrent Cleanup for Next Mark
[2025-01-08T00:59:11.666+0000][102822.032s][info][gc,marking  ] GC(4235) Concurrent Cleanup for Next Mark 15.551ms
[2025-01-08T00:59:11.666+0000][102822.032s][info][gc          ] GC(4235) Concurrent Mark Cycle 1486.810ms
[2025-01-08T00:59:16.836+0000][102827.202s][info][gc,start    ] GC(4236) Pause Young (Prepare Mixed) (G1 Evacuation Pause)
[2025-01-08T00:59:16.836+0000][102827.202s][info][gc,task     ] GC(4236) Using 6 workers of 6 for evacuation
[2025-01-08T00:59:16.871+0000][102827.237s][info][gc,phases   ] GC(4236)   Pre Evacuate Collection Set: 0.2ms
[2025-01-08T00:59:16.871+0000][102827.237s][info][gc,phases   ] GC(4236)   Merge Heap Roots: 0.7ms
[2025-01-08T00:59:16.871+0000][102827.237s][info][gc,phases   ] GC(4236)   Evacuate Collection Set: 31.9ms
[2025-01-08T00:59:16.871+0000][102827.237s][info][gc,phases   ] GC(4236)   Post Evacuate Collection Set: 2.6ms
[2025-01-08T00:59:16.871+0000][102827.237s][info][gc,phases   ] GC(4236)   Other: 0.2ms
[2025-01-08T00:59:16.871+0000][102827.237s][info][gc,heap     ] GC(4236) Eden regions: 897->0(66)
[2025-01-08T00:59:16.871+0000][102827.237s][info][gc,heap     ] GC(4236) Survivor regions: 11->10(114)
[2025-01-08T00:59:16.871+0000][102827.237s][info][gc,heap     ] GC(4236) Old regions: 253->253
[2025-01-08T00:59:16.871+0000][102827.237s][info][gc,heap     ] GC(4236) Archive regions: 2->2
[2025-01-08T00:59:16.871+0000][102827.237s][info][gc,heap     ] GC(4236) Humongous regions: 49->49
[2025-01-08T00:59:16.871+0000][102827.237s][info][gc,metaspace] GC(4236) Metaspace: 506209K(515008K)->506209K(515008K) NonClass: 444601K(449024K)->444601K(449024K) Class: 61607K(65984K)->61607K(65984K)
[2025-01-08T00:59:16.871+0000][102827.237s][info][gc          ] GC(4236) Pause Young (Prepare Mixed) (G1 Evacuation Pause) 9680M->2497M(12288M) 35.698ms
[2025-01-08T00:59:16.871+0000][102827.238s][info][gc,cpu      ] GC(4236) User=0.21s Sys=0.00s Real=0.04s
[2025-01-08T00:59:17.606+0000][102827.972s][info][gc,start    ] GC(4237) Pause Young (Mixed) (G1 Evacuation Pause)
[2025-01-08T00:59:17.606+0000][102827.972s][info][gc,task     ] GC(4237) Using 6 workers of 6 for evacuation
[2025-01-08T00:59:17.658+0000][102828.024s][info][gc,phases   ] GC(4237)   Pre Evacuate Collection Set: 0.2ms
[2025-01-08T00:59:17.658+0000][102828.024s][info][gc,phases   ] GC(4237)   Merge Heap Roots: 0.5ms
[2025-01-08T00:59:17.658+0000][102828.024s][info][gc,phases   ] GC(4237)   Evacuate Collection Set: 49.8ms
[2025-01-08T00:59:17.658+0000][102828.024s][info][gc,phases   ] GC(4237)   Post Evacuate Collection Set: 1.5ms
[2025-01-08T00:59:17.658+0000][102828.024s][info][gc,phases   ] GC(4237)   Other: 0.2ms
[2025-01-08T00:59:17.658+0000][102828.024s][info][gc,heap     ] GC(4237) Eden regions: 66->0(904)
[2025-01-08T00:59:17.658+0000][102828.024s][info][gc,heap     ] GC(4237) Survivor regions: 10->5(10)
[2025-01-08T00:59:17.658+0000][102828.024s][info][gc,heap     ] GC(4237) Old regions: 253->254
[2025-01-08T00:59:17.658+0000][102828.024s][info][gc,heap     ] GC(4237) Archive regions: 2->2
[2025-01-08T00:59:17.658+0000][102828.024s][info][gc,heap     ] GC(4237) Humongous regions: 49->49
[2025-01-08T00:59:17.658+0000][102828.024s][info][gc,metaspace] GC(4237) Metaspace: 506209K(515008K)->506209K(515008K) NonClass: 444601K(449024K)->444601K(449024K) Class: 61607K(65984K)->61607K(65984K)
[2025-01-08T00:59:17.658+0000][102828.024s][info][gc          ] GC(4237) Pause Young (Mixed) (G1 Evacuation Pause) 3025M->2469M(12288M) 52.229ms
[2025-01-08T00:59:17.658+0000][102828.024s][info][gc,cpu      ] GC(4237) User=0.31s Sys=0.00s Real=0.05s
[2025-01-08T00:59:23.182+0000][102833.548s][info][gc,start    ] GC(4238) Pause Young (Normal) (G1 Evacuation Pause)
[2025-01-08T00:59:23.182+0000][102833.548s][info][gc,task     ] GC(4238) Using 6 workers of 6 for evacuation
[2025-01-08T00:59:23.205+0000][102833.571s][info][gc,phases   ] GC(4238)   Pre Evacuate Collection Set: 0.2ms
[2025-01-08T00:59:23.205+0000][102833.571s][info][gc,phases   ] GC(4238)   Merge Heap Roots: 0.4ms
[2025-01-08T00:59:23.205+0000][102833.571s][info][gc,phases   ] GC(4238)   Evacuate Collection Set: 20.2ms
[2025-01-08T00:59:23.205+0000][102833.571s][info][gc,phases   ] GC(4238)   Post Evacuate Collection Set: 2.4ms
[2025-01-08T00:59:23.205+0000][102833.571s][info][gc,phases   ] GC(4238)   Other: 0.2ms
[2025-01-08T00:59:23.205+0000][102833.571s][info][gc,heap     ] GC(4238) Eden regions: 904->0(905)
[2025-01-08T00:59:23.205+0000][102833.571s][info][gc,heap     ] GC(4238) Survivor regions: 5->6(114)
[2025-01-08T00:59:23.205+0000][102833.571s][info][gc,heap     ] GC(4238) Old regions: 254->254
[2025-01-08T00:59:23.205+0000][102833.571s][info][gc,heap     ] GC(4238) Archive regions: 2->2
[2025-01-08T00:59:23.205+0000][102833.571s][info][gc,heap     ] GC(4238) Humongous regions: 49->49
[2025-01-08T00:59:23.205+0000][102833.571s][info][gc,metaspace] GC(4238) Metaspace: 506209K(515008K)->506209K(515008K) NonClass: 444601K(449024K)->444601K(449024K) Class: 61607K(65984K)->61607K(65984K)
[2025-01-08T00:59:23.205+0000][102833.571s][info][gc          ] GC(4238) Pause Young (Normal) (G1 Evacuation Pause) 9701M->2471M(12288M) 23.479ms
[2025-01-08T00:59:23.205+0000][102833.571s][info][gc,cpu      ] GC(4238) User=0.14s Sys=0.00s Real=0.02s
[2025-01-08T00:59:30.723+0000][102841.089s][info][gc,start    ] GC(4239) Pause Young (Normal) (G1 Evacuation Pause)
[2025-01-08T00:59:30.723+0000][102841.089s][info][gc,task     ] GC(4239) Using 6 workers of 6 for evacuation
[2025-01-08T00:59:30.748+0000][102841.114s][info][gc,phases   ] GC(4239)   Pre Evacuate Collection Set: 0.2ms
[2025-01-08T00:59:30.748+0000][102841.114s][info][gc,phases   ] GC(4239)   Merge Heap Roots: 0.4ms
[2025-01-08T00:59:30.748+0000][102841.114s][info][gc,phases   ] GC(4239)   Evacuate Collection Set: 22.1ms
[2025-01-08T00:59:30.748+0000][102841.114s][info][gc,phases   ] GC(4239)   Post Evacuate Collection Set: 2.5ms
[2025-01-08T00:59:30.748+0000][102841.114s][info][gc,phases   ] GC(4239)   Other: 0.2ms
[2025-01-08T00:59:30.748+0000][102841.114s][info][gc,heap     ] GC(4239) Eden regions: 905->0(905)
[2025-01-08T00:59:30.748+0000][102841.114s][info][gc,heap     ] GC(4239) Survivor regions: 6->6(114)
[2025-01-08T00:59:30.748+0000][102841.114s][info][gc,heap     ] GC(4239) Old regions: 254->254
[2025-01-08T00:59:30.748+0000][102841.114s][info][gc,heap     ] GC(4239) Archive regions: 2->2
[2025-01-08T00:59:30.748+0000][102841.114s][info][gc,heap     ] GC(4239) Humongous regions: 49->49
[2025-01-08T00:59:30.748+0000][102841.114s][info][gc,metaspace] GC(4239) Metaspace: 506209K(515008K)->506209K(515008K) NonClass: 444601K(449024K)->444601K(449024K) Class: 61607K(65984K)->61607K(65984K)
[2025-01-08T00:59:30.748+0000][102841.114s][info][gc          ] GC(4239) Pause Young (Normal) (G1 Evacuation Pause) 9711M->2477M(12288M) 25.480ms
[2025-01-08T00:59:30.748+0000][102841.114s][info][gc,cpu      ] GC(4239) User=0.15s Sys=0.00s Real=0.02s
[2025-01-08T00:59:37.425+0000][102847.791s][info][gc,start    ] GC(4240) Pause Young (Concurrent Start) (G1 Evacuation Pause)
[2025-01-08T00:59:37.425+0000][102847.791s][info][gc,task     ] GC(4240) Using 6 workers of 6 for evacuation
[2025-01-08T00:59:37.484+0000][102847.850s][info][gc,phases   ] GC(4240)   Pre Evacuate Collection Set: 1.4ms
[2025-01-08T00:59:37.484+0000][102847.850s][info][gc,phases   ] GC(4240)   Merge Heap Roots: 0.8ms
[2025-01-08T00:59:37.484+0000][102847.850s][info][gc,phases   ] GC(4240)   Evacuate Collection Set: 51.0ms
[2025-01-08T00:59:37.484+0000][102847.850s][info][gc,phases   ] GC(4240)   Post Evacuate Collection Set: 6.2ms
[2025-01-08T00:59:37.484+0000][102847.851s][info][gc,phases   ] GC(4240)   Other: 0.4ms
[2025-01-08T00:59:37.484+0000][102847.851s][info][gc,heap     ] GC(4240) Eden regions: 905->0(904)
[2025-01-08T00:59:37.484+0000][102847.851s][info][gc,heap     ] GC(4240) Survivor regions: 6->7(114)
[2025-01-08T00:59:37.484+0000][102847.851s][info][gc,heap     ] GC(4240) Old regions: 254->254
[2025-01-08T00:59:37.484+0000][102847.851s][info][gc,heap     ] GC(4240) Archive regions: 2->2
[2025-01-08T00:59:37.484+0000][102847.851s][info][gc,heap     ] GC(4240) Humongous regions: 49->49
[2025-01-08T00:59:37.484+0000][102847.851s][info][gc,metaspace] GC(4240) Metaspace: 506211K(515008K)->506211K(515008K) NonClass: 444602K(449024K)->444602K(449024K) Class: 61608K(65984K)->61608K(65984K)
[2025-01-08T00:59:37.484+0000][102847.851s][info][gc          ] GC(4240) Pause Young (Concurrent Start) (G1 Evacuation Pause) 9717M->2485M(12288M) 59.741ms
[2025-01-08T00:59:37.485+0000][102847.851s][info][gc,cpu      ] GC(4240) User=0.20s Sys=0.00s Real=0.06s
[2025-01-08T00:59:37.485+0000][102847.851s][info][gc          ] GC(4241) Concurrent Mark Cycle
[2025-01-08T00:59:37.485+0000][102847.851s][info][gc,marking  ] GC(4241) Concurrent Clear Claimed Marks
[2025-01-08T00:59:37.486+0000][102847.852s][info][gc,marking  ] GC(4241) Concurrent Clear Claimed Marks 0.941ms
[2025-01-08T00:59:37.486+0000][102847.852s][info][gc,marking  ] GC(4241) Concurrent Scan Root Regions
[2025-01-08T00:59:37.514+0000][102847.880s][info][gc,marking  ] GC(4241) Concurrent Scan Root Regions 28.741ms
[2025-01-08T00:59:37.514+0000][102847.880s][info][gc,marking  ] GC(4241) Concurrent Mark
[2025-01-08T00:59:37.514+0000][102847.880s][info][gc,marking  ] GC(4241) Concurrent Mark From Roots
[2025-01-08T00:59:37.514+0000][102847.880s][info][gc,task     ] GC(4241) Using 2 workers of 2 for marking
[2025-01-08T00:59:38.601+0000][102848.967s][info][gc,marking  ] GC(4241) Concurrent Mark From Roots 1086.610ms
[2025-01-08T00:59:38.601+0000][102848.967s][info][gc,marking  ] GC(4241) Concurrent Preclean
[2025-01-08T00:59:38.603+0000][102848.969s][info][gc,marking  ] GC(4241) Concurrent Preclean 2.010ms
[2025-01-08T00:59:38.603+0000][102848.969s][info][gc,start    ] GC(4241) Pause Remark
[2025-01-08T00:59:38.629+0000][102848.995s][info][gc          ] GC(4241) Pause Remark 2934M->2934M(12288M) 26.031ms
[2025-01-08T00:59:38.629+0000][102848.995s][info][gc,cpu      ] GC(4241) User=0.15s Sys=0.00s Real=0.02s
[2025-01-08T00:59:38.629+0000][102848.995s][info][gc,marking  ] GC(4241) Concurrent Mark 1114.978ms
[2025-01-08T00:59:38.629+0000][102848.995s][info][gc,marking  ] GC(4241) Concurrent Rebuild Remembered Sets
[2025-01-08T00:59:39.323+0000][102849.689s][info][gc,marking  ] GC(4241) Concurrent Rebuild Remembered Sets 693.227ms
[2025-01-08T00:59:39.323+0000][102849.689s][info][gc,start    ] GC(4241) Pause Cleanup
[2025-01-08T00:59:39.323+0000][102849.689s][info][gc          ] GC(4241) Pause Cleanup 3709M->3709M(12288M) 0.383ms
[2025-01-08T00:59:39.323+0000][102849.689s][info][gc,cpu      ] GC(4241) User=0.00s Sys=0.00s Real=0.00s
[2025-01-08T00:59:39.323+0000][102849.689s][info][gc,marking  ] GC(4241) Concurrent Cleanup for Next Mark
[2025-01-08T00:59:39.350+0000][102849.716s][info][gc,marking  ] GC(4241) Concurrent Cleanup for Next Mark 27.043ms
[2025-01-08T00:59:39.350+0000][102849.716s][info][gc          ] GC(4241) Concurrent Mark Cycle 1865.735ms
[2025-01-08T00:59:44.231+0000][102854.597s][info][gc,start    ] GC(4242) Pause Young (Prepare Mixed) (G1 Evacuation Pause)
[2025-01-08T00:59:44.231+0000][102854.597s][info][gc,task     ] GC(4242) Using 6 workers of 6 for evacuation
[2025-01-08T00:59:44.281+0000][102854.647s][info][gc,phases   ] GC(4242)   Pre Evacuate Collection Set: 0.3ms
[2025-01-08T00:59:44.281+0000][102854.647s][info][gc,phases   ] GC(4242)   Merge Heap Roots: 1.0ms
[2025-01-08T00:59:44.281+0000][102854.647s][info][gc,phases   ] GC(4242)   Evacuate Collection Set: 44.7ms
[2025-01-08T00:59:44.281+0000][102854.647s][info][gc,phases   ] GC(4242)   Post Evacuate Collection Set: 3.8ms
[2025-01-08T00:59:44.281+0000][102854.647s][info][gc,phases   ] GC(4242)   Other: 0.2ms
[2025-01-08T00:59:44.281+0000][102854.647s][info][gc,heap     ] GC(4242) Eden regions: 904->0(66)
[2025-01-08T00:59:44.281+0000][102854.647s][info][gc,heap     ] GC(4242) Survivor regions: 7->10(114)
[2025-01-08T00:59:44.281+0000][102854.647s][info][gc,heap     ] GC(4242) Old regions: 254->254
[2025-01-08T00:59:44.281+0000][102854.647s][info][gc,heap     ] GC(4242) Archive regions: 2->2
[2025-01-08T00:59:44.281+0000][102854.647s][info][gc,heap     ] GC(4242) Humongous regions: 49->49
[2025-01-08T00:59:44.281+0000][102854.647s][info][gc,metaspace] GC(4242) Metaspace: 506211K(515008K)->506211K(515008K) NonClass: 444603K(449024K)->444603K(449024K) Class: 61608K(65984K)->61608K(65984K)
[2025-01-08T00:59:44.281+0000][102854.647s][info][gc          ] GC(4242) Pause Young (Prepare Mixed) (G1 Evacuation Pause) 9717M->2502M(12288M) 50.145ms
[2025-01-08T00:59:44.281+0000][102854.647s][info][gc,cpu      ] GC(4242) User=0.24s Sys=0.00s Real=0.04s
[2025-01-08T00:59:44.788+0000][102855.154s][info][gc,start    ] GC(4243) Pause Young (Mixed) (G1 Evacuation Pause)
[2025-01-08T00:59:44.788+0000][102855.154s][info][gc,task     ] GC(4243) Using 6 workers of 6 for evacuation
[2025-01-08T00:59:44.847+0000][102855.213s][info][gc,phases   ] GC(4243)   Pre Evacuate Collection Set: 0.2ms
[2025-01-08T00:59:44.847+0000][102855.213s][info][gc,phases   ] GC(4243)   Merge Heap Roots: 0.6ms
[2025-01-08T00:59:44.847+0000][102855.213s][info][gc,phases   ] GC(4243)   Evacuate Collection Set: 56.5ms
[2025-01-08T00:59:44.847+0000][102855.213s][info][gc,phases   ] GC(4243)   Post Evacuate Collection Set: 1.7ms
[2025-01-08T00:59:44.847+0000][102855.213s][info][gc,phases   ] GC(4243)   Other: 0.2ms
[2025-01-08T00:59:44.847+0000][102855.213s][info][gc,heap     ] GC(4243) Eden regions: 66->0(906)
[2025-01-08T00:59:44.847+0000][102855.213s][info][gc,heap     ] GC(4243) Survivor regions: 10->5(10)
[2025-01-08T00:59:44.847+0000][102855.213s][info][gc,heap     ] GC(4243) Old regions: 254->255
[2025-01-08T00:59:44.847+0000][102855.213s][info][gc,heap     ] GC(4243) Archive regions: 2->2
[2025-01-08T00:59:44.847+0000][102855.213s][info][gc,heap     ] GC(4243) Humongous regions: 49->49
[2025-01-08T00:59:44.847+0000][102855.213s][info][gc,metaspace] GC(4243) Metaspace: 506211K(515008K)->506211K(515008K) NonClass: 444603K(449024K)->444603K(449024K) Class: 61608K(65984K)->61608K(65984K)
[2025-01-08T00:59:44.847+0000][102855.213s][info][gc          ] GC(4243) Pause Young (Mixed) (G1 Evacuation Pause) 3030M->2470M(12288M) 59.264ms
[2025-01-08T00:59:44.847+0000][102855.213s][info][gc,cpu      ] GC(4243) User=0.35s Sys=0.00s Real=0.06s
[2025-01-08T00:59:48.930+0000][102859.296s][info][gc,start    ] GC(4244) Pause Young (Normal) (G1 Evacuation Pause)
[2025-01-08T00:59:48.930+0000][102859.296s][info][gc,task     ] GC(4244) Using 6 workers of 6 for evacuation
[2025-01-08T00:59:48.959+0000][102859.325s][info][gc,phases   ] GC(4244)   Pre Evacuate Collection Set: 0.2ms
[2025-01-08T00:59:48.959+0000][102859.325s][info][gc,phases   ] GC(4244)   Merge Heap Roots: 0.4ms
[2025-01-08T00:59:48.959+0000][102859.325s][info][gc,phases   ] GC(4244)   Evacuate Collection Set: 23.0ms
[2025-01-08T00:59:48.959+0000][102859.325s][info][gc,phases   ] GC(4244)   Post Evacuate Collection Set: 5.6ms
[2025-01-08T00:59:48.959+0000][102859.325s][info][gc,phases   ] GC(4244)   Other: 0.2ms
[2025-01-08T00:59:48.959+0000][102859.325s][info][gc,heap     ] GC(4244) Eden regions: 906->0(902)
[2025-01-08T00:59:48.959+0000][102859.325s][info][gc,heap     ] GC(4244) Survivor regions: 5->7(114)
[2025-01-08T00:59:48.959+0000][102859.325s][info][gc,heap     ] GC(4244) Old regions: 255->255
[2025-01-08T00:59:48.959+0000][102859.325s][info][gc,heap     ] GC(4244) Archive regions: 2->2
[2025-01-08T00:59:48.959+0000][102859.325s][info][gc,heap     ] GC(4244) Humongous regions: 49->49
[2025-01-08T00:59:48.959+0000][102859.325s][info][gc,metaspace] GC(4244) Metaspace: 506211K(515008K)->506211K(515008K) NonClass: 444603K(449024K)->444603K(449024K) Class: 61608K(65984K)->61608K(65984K)
[2025-01-08T00:59:48.959+0000][102859.325s][info][gc          ] GC(4244) Pause Young (Normal) (G1 Evacuation Pause) 9718M->2487M(12288M) 29.537ms
[2025-01-08T00:59:48.959+0000][102859.325s][info][gc,cpu      ] GC(4244) User=0.17s Sys=0.00s Real=0.02s
[2025-01-08T00:59:57.681+0000][102868.048s][info][gc,start    ] GC(4245) Pause Young (Normal) (G1 Evacuation Pause)
[2025-01-08T00:59:57.681+0000][102868.048s][info][gc,task     ] GC(4245) Using 6 workers of 6 for evacuation
[2025-01-08T00:59:57.715+0000][102868.081s][info][gc,phases   ] GC(4245)   Pre Evacuate Collection Set: 0.2ms
[2025-01-08T00:59:57.715+0000][102868.081s][info][gc,phases   ] GC(4245)   Merge Heap Roots: 0.4ms
[2025-01-08T00:59:57.715+0000][102868.081s][info][gc,phases   ] GC(4245)   Evacuate Collection Set: 30.4ms
[2025-01-08T00:59:57.715+0000][102868.081s][info][gc,phases   ] GC(4245)   Post Evacuate Collection Set: 2.6ms
[2025-01-08T00:59:57.715+0000][102868.081s][info][gc,phases   ] GC(4245)   Other: 0.2ms
[2025-01-08T00:59:57.715+0000][102868.081s][info][gc,heap     ] GC(4245) Eden regions: 902->0(899)
[2025-01-08T00:59:57.715+0000][102868.081s][info][gc,heap     ] GC(4245) Survivor regions: 7->8(114)
[2025-01-08T00:59:57.715+0000][102868.081s][info][gc,heap     ] GC(4245) Old regions: 255->255
[2025-01-08T00:59:57.715+0000][102868.081s][info][gc,heap     ] GC(4245) Archive regions: 2->2
[2025-01-08T00:59:57.715+0000][102868.081s][info][gc,heap     ] GC(4245) Humongous regions: 49->49
[2025-01-08T00:59:57.715+0000][102868.081s][info][gc,metaspace] GC(4245) Metaspace: 506211K(515008K)->506211K(515008K) NonClass: 444603K(449024K)->444603K(449024K) Class: 61608K(65984K)->61608K(65984K)
[2025-01-08T00:59:57.715+0000][102868.081s][info][gc          ] GC(4245) Pause Young (Normal) (G1 Evacuation Pause) 9703M->2502M(12288M) 33.855ms
[2025-01-08T00:59:57.715+0000][102868.081s][info][gc,cpu      ] GC(4245) User=0.19s Sys=0.00s Real=0.03s
[2025-01-08T01:00:02.998+0000][102873.364s][info][gc,start    ] GC(4246) Pause Young (Concurrent Start) (G1 Evacuation Pause)
[2025-01-08T01:00:02.998+0000][102873.364s][info][gc,task     ] GC(4246) Using 6 workers of 6 for evacuation
[2025-01-08T01:00:03.034+0000][102873.401s][info][gc,phases   ] GC(4246)   Pre Evacuate Collection Set: 1.1ms
[2025-01-08T01:00:03.035+0000][102873.401s][info][gc,phases   ] GC(4246)   Merge Heap Roots: 0.5ms
[2025-01-08T01:00:03.035+0000][102873.401s][info][gc,phases   ] GC(4246)   Evacuate Collection Set: 31.9ms
[2025-01-08T01:00:03.035+0000][102873.401s][info][gc,phases   ] GC(4246)   Post Evacuate Collection Set: 2.5ms
[2025-01-08T01:00:03.035+0000][102873.401s][info][gc,phases   ] GC(4246)   Other: 0.3ms
[2025-01-08T01:00:03.035+0000][102873.401s][info][gc,heap     ] GC(4246) Eden regions: 899->0(895)
[2025-01-08T01:00:03.035+0000][102873.401s][info][gc,heap     ] GC(4246) Survivor regions: 8->11(114)
[2025-01-08T01:00:03.035+0000][102873.401s][info][gc,heap     ] GC(4246) Old regions: 255->255
[2025-01-08T01:00:03.035+0000][102873.401s][info][gc,heap     ] GC(4246) Archive regions: 2->2
[2025-01-08T01:00:03.035+0000][102873.401s][info][gc,heap     ] GC(4246) Humongous regions: 49->49
[2025-01-08T01:00:03.035+0000][102873.401s][info][gc,metaspace] GC(4246) Metaspace: 506212K(515008K)->506212K(515008K) NonClass: 444604K(449024K)->444604K(449024K) Class: 61608K(65984K)->61608K(65984K)
[2025-01-08T01:00:03.035+0000][102873.401s][info][gc          ] GC(4246) Pause Young (Concurrent Start) (G1 Evacuation Pause) 9694M->2521M(12288M) 36.276ms
[2025-01-08T01:00:03.035+0000][102873.401s][info][gc,cpu      ] GC(4246) User=0.20s Sys=0.00s Real=0.04s
[2025-01-08T01:00:03.035+0000][102873.401s][info][gc          ] GC(4247) Concurrent Mark Cycle
[2025-01-08T01:00:03.035+0000][102873.401s][info][gc,marking  ] GC(4247) Concurrent Clear Claimed Marks
[2025-01-08T01:00:03.036+0000][102873.402s][info][gc,marking  ] GC(4247) Concurrent Clear Claimed Marks 0.935ms
[2025-01-08T01:00:03.036+0000][102873.402s][info][gc,marking  ] GC(4247) Concurrent Scan Root Regions
[2025-01-08T01:00:03.068+0000][102873.435s][info][gc,marking  ] GC(4247) Concurrent Scan Root Regions 32.778ms
[2025-01-08T01:00:03.068+0000][102873.435s][info][gc,marking  ] GC(4247) Concurrent Mark
[2025-01-08T01:00:03.068+0000][102873.435s][info][gc,marking  ] GC(4247) Concurrent Mark From Roots
[2025-01-08T01:00:03.068+0000][102873.435s][info][gc,task     ] GC(4247) Using 2 workers of 2 for marking
[2025-01-08T01:00:04.046+0000][102874.412s][info][gc,marking  ] GC(4247) Concurrent Mark From Roots 977.730ms
[2025-01-08T01:00:04.046+0000][102874.412s][info][gc,marking  ] GC(4247) Concurrent Preclean
[2025-01-08T01:00:04.048+0000][102874.415s][info][gc,marking  ] GC(4247) Concurrent Preclean 2.189ms
[2025-01-08T01:00:04.049+0000][102874.415s][info][gc,start    ] GC(4247) Pause Remark
[2025-01-08T01:00:04.077+0000][102874.443s][info][gc          ] GC(4247) Pause Remark 3741M->3741M(12288M) 28.241ms
[2025-01-08T01:00:04.077+0000][102874.443s][info][gc,cpu      ] GC(4247) User=0.16s Sys=0.00s Real=0.03s
[2025-01-08T01:00:04.077+0000][102874.443s][info][gc,marking  ] GC(4247) Concurrent Mark 1008.714ms
[2025-01-08T01:00:04.077+0000][102874.443s][info][gc,marking  ] GC(4247) Concurrent Rebuild Remembered Sets
[2025-01-08T01:00:04.765+0000][102875.131s][info][gc,marking  ] GC(4247) Concurrent Rebuild Remembered Sets 687.503ms
[2025-01-08T01:00:04.765+0000][102875.131s][info][gc,start    ] GC(4247) Pause Cleanup
[2025-01-08T01:00:04.765+0000][102875.131s][info][gc          ] GC(4247) Pause Cleanup 4722M->4722M(12288M) 0.450ms
[2025-01-08T01:00:04.765+0000][102875.131s][info][gc,cpu      ] GC(4247) User=0.00s Sys=0.00s Real=0.00s
[2025-01-08T01:00:04.765+0000][102875.132s][info][gc,marking  ] GC(4247) Concurrent Cleanup for Next Mark
[2025-01-08T01:00:04.781+0000][102875.148s][info][gc,marking  ] GC(4247) Concurrent Cleanup for Next Mark 15.941ms
[2025-01-08T01:00:04.782+0000][102875.148s][info][gc          ] GC(4247) Concurrent Mark Cycle 1746.844ms
[2025-01-08T01:00:09.120+0000][102879.486s][info][gc,start    ] GC(4248) Pause Young (Prepare Mixed) (G1 Evacuation Pause)
[2025-01-08T01:00:09.120+0000][102879.486s][info][gc,task     ] GC(4248) Using 6 workers of 6 for evacuation
[2025-01-08T01:00:09.159+0000][102879.525s][info][gc,phases   ] GC(4248)   Pre Evacuate Collection Set: 0.2ms
[2025-01-08T01:00:09.159+0000][102879.525s][info][gc,phases   ] GC(4248)   Merge Heap Roots: 0.7ms
[2025-01-08T01:00:09.159+0000][102879.525s][info][gc,phases   ] GC(4248)   Evacuate Collection Set: 34.0ms
[2025-01-08T01:00:09.159+0000][102879.525s][info][gc,phases   ] GC(4248)   Post Evacuate Collection Set: 4.1ms
[2025-01-08T01:00:09.159+0000][102879.525s][info][gc,phases   ] GC(4248)   Other: 0.2ms
[2025-01-08T01:00:09.159+0000][102879.525s][info][gc,heap     ] GC(4248) Eden regions: 895->0(65)
[2025-01-08T01:00:09.159+0000][102879.525s][info][gc,heap     ] GC(4248) Survivor regions: 11->11(114)
[2025-01-08T01:00:09.159+0000][102879.525s][info][gc,heap     ] GC(4248) Old regions: 255->255
[2025-01-08T01:00:09.159+0000][102879.525s][info][gc,heap     ] GC(4248) Archive regions: 2->2
[2025-01-08T01:00:09.159+0000][102879.525s][info][gc,heap     ] GC(4248) Humongous regions: 49->49
[2025-01-08T01:00:09.159+0000][102879.525s][info][gc,metaspace] GC(4248) Metaspace: 506212K(515008K)->506212K(515008K) NonClass: 444604K(449024K)->444604K(449024K) Class: 61608K(65984K)->61608K(65984K)
[2025-01-08T01:00:09.159+0000][102879.525s][info][gc          ] GC(4248) Pause Young (Prepare Mixed) (G1 Evacuation Pause) 9681M->2525M(12288M) 39.230ms
[2025-01-08T01:00:09.159+0000][102879.526s][info][gc,cpu      ] GC(4248) User=0.23s Sys=0.00s Real=0.04s
[2025-01-08T01:00:09.482+0000][102879.848s][info][gc,start    ] GC(4249) Pause Young (Mixed) (G1 Evacuation Pause)
[2025-01-08T01:00:09.482+0000][102879.848s][info][gc,task     ] GC(4249) Using 6 workers of 6 for evacuation
[2025-01-08T01:00:09.525+0000][102879.891s][info][gc,phases   ] GC(4249)   Pre Evacuate Collection Set: 0.2ms
[2025-01-08T01:00:09.525+0000][102879.891s][info][gc,phases   ] GC(4249)   Merge Heap Roots: 0.5ms
[2025-01-08T01:00:09.525+0000][102879.891s][info][gc,phases   ] GC(4249)   Evacuate Collection Set: 41.3ms
[2025-01-08T01:00:09.525+0000][102879.891s][info][gc,phases   ] GC(4249)   Post Evacuate Collection Set: 1.5ms
[2025-01-08T01:00:09.525+0000][102879.891s][info][gc,phases   ] GC(4249)   Other: 0.2ms
[2025-01-08T01:00:09.525+0000][102879.891s][info][gc,heap     ] GC(4249) Eden regions: 65->0(901)
[2025-01-08T01:00:09.525+0000][102879.891s][info][gc,heap     ] GC(4249) Survivor regions: 11->5(10)
[2025-01-08T01:00:09.525+0000][102879.891s][info][gc,heap     ] GC(4249) Old regions: 255->255
[2025-01-08T01:00:09.525+0000][102879.891s][info][gc,heap     ] GC(4249) Archive regions: 2->2
[2025-01-08T01:00:09.525+0000][102879.891s][info][gc,heap     ] GC(4249) Humongous regions: 49->49
[2025-01-08T01:00:09.525+0000][102879.891s][info][gc,metaspace] GC(4249) Metaspace: 506212K(515008K)->506212K(515008K) NonClass: 444604K(449024K)->444604K(449024K) Class: 61608K(65984K)->61608K(65984K)
[2025-01-08T01:00:09.525+0000][102879.891s][info][gc          ] GC(4249) Pause Young (Mixed) (G1 Evacuation Pause) 3045M->2466M(12288M) 43.741ms
[2025-01-08T01:00:09.525+0000][102879.891s][info][gc,cpu      ] GC(4249) User=0.25s Sys=0.00s Real=0.04s
[2025-01-08T01:00:16.448+0000][102886.814s][info][gc,start    ] GC(4250) Pause Young (Normal) (G1 Evacuation Pause)
[2025-01-08T01:00:16.448+0000][102886.814s][info][gc,task     ] GC(4250) Using 6 workers of 6 for evacuation
[2025-01-08T01:00:16.472+0000][102886.838s][info][gc,phases   ] GC(4250)   Pre Evacuate Collection Set: 0.2ms
[2025-01-08T01:00:16.472+0000][102886.838s][info][gc,phases   ] GC(4250)   Merge Heap Roots: 0.4ms
[2025-01-08T01:00:16.472+0000][102886.838s][info][gc,phases   ] GC(4250)   Evacuate Collection Set: 20.9ms
[2025-01-08T01:00:16.472+0000][102886.838s][info][gc,phases   ] GC(4250)   Post Evacuate Collection Set: 2.5ms
[2025-01-08T01:00:16.472+0000][102886.838s][info][gc,phases   ] GC(4250)   Other: 0.2ms
[2025-01-08T01:00:16.472+0000][102886.838s][info][gc,heap     ] GC(4250) Eden regions: 901->0(900)
[2025-01-08T01:00:16.472+0000][102886.838s][info][gc,heap     ] GC(4250) Survivor regions: 5->6(114)
[2025-01-08T01:00:16.472+0000][102886.838s][info][gc,heap     ] GC(4250) Old regions: 255->255
[2025-01-08T01:00:16.472+0000][102886.838s][info][gc,heap     ] GC(4250) Archive regions: 2->2
[2025-01-08T01:00:16.472+0000][102886.838s][info][gc,heap     ] GC(4250) Humongous regions: 49->49
[2025-01-08T01:00:16.472+0000][102886.838s][info][gc,metaspace] GC(4250) Metaspace: 506212K(515008K)->506212K(515008K) NonClass: 444604K(449024K)->444604K(449024K) Class: 61608K(65984K)->61608K(65984K)
[2025-01-08T01:00:16.472+0000][102886.838s][info][gc          ] GC(4250) Pause Young (Normal) (G1 Evacuation Pause) 9674M->2474M(12288M) 24.161ms
[2025-01-08T01:00:16.472+0000][102886.838s][info][gc,cpu      ] GC(4250) User=0.14s Sys=0.01s Real=0.03s
[2025-01-08T01:00:24.254+0000][102894.620s][info][gc,start    ] GC(4251) Pause Young (Normal) (G1 Evacuation Pause)
[2025-01-08T01:00:24.254+0000][102894.620s][info][gc,task     ] GC(4251) Using 6 workers of 6 for evacuation
[2025-01-08T01:00:24.281+0000][102894.647s][info][gc,phases   ] GC(4251)   Pre Evacuate Collection Set: 0.2ms
[2025-01-08T01:00:24.281+0000][102894.647s][info][gc,phases   ] GC(4251)   Merge Heap Roots: 0.4ms
[2025-01-08T01:00:24.281+0000][102894.647s][info][gc,phases   ] GC(4251)   Evacuate Collection Set: 24.2ms
[2025-01-08T01:00:24.281+0000][102894.647s][info][gc,phases   ] GC(4251)   Post Evacuate Collection Set: 2.4ms
[2025-01-08T01:00:24.281+0000][102894.647s][info][gc,phases   ] GC(4251)   Other: 0.2ms
[2025-01-08T01:00:24.281+0000][102894.647s][info][gc,heap     ] GC(4251) Eden regions: 900->0(900)
[2025-01-08T01:00:24.281+0000][102894.647s][info][gc,heap     ] GC(4251) Survivor regions: 6->7(114)
[2025-01-08T01:00:24.281+0000][102894.647s][info][gc,heap     ] GC(4251) Old regions: 255->255
[2025-01-08T01:00:24.281+0000][102894.647s][info][gc,heap     ] GC(4251) Archive regions: 2->2
[2025-01-08T01:00:24.281+0000][102894.647s][info][gc,heap     ] GC(4251) Humongous regions: 49->49
[2025-01-08T01:00:24.281+0000][102894.647s][info][gc,metaspace] GC(4251) Metaspace: 506212K(515008K)->506212K(515008K) NonClass: 444604K(449024K)->444604K(449024K) Class: 61608K(65984K)->61608K(65984K)
[2025-01-08T01:00:24.281+0000][102894.647s][info][gc          ] GC(4251) Pause Young (Normal) (G1 Evacuation Pause) 9674M->2487M(12288M) 27.569ms
[2025-01-08T01:00:24.281+0000][102894.648s][info][gc,cpu      ] GC(4251) User=0.16s Sys=0.01s Real=0.02s
[2025-01-08T01:00:28.361+0000][102898.727s][info][gc,start    ] GC(4252) Pause Young (Concurrent Start) (G1 Evacuation Pause)
[2025-01-08T01:00:28.361+0000][102898.727s][info][gc,task     ] GC(4252) Using 6 workers of 6 for evacuation
[2025-01-08T01:00:28.392+0000][102898.759s][info][gc,phases   ] GC(4252)   Pre Evacuate Collection Set: 1.1ms
[2025-01-08T01:00:28.393+0000][102898.759s][info][gc,phases   ] GC(4252)   Merge Heap Roots: 0.5ms
[2025-01-08T01:00:28.393+0000][102898.759s][info][gc,phases   ] GC(4252)   Evacuate Collection Set: 27.4ms
[2025-01-08T01:00:28.393+0000][102898.759s][info][gc,phases   ] GC(4252)   Post Evacuate Collection Set: 2.4ms
[2025-01-08T01:00:28.393+0000][102898.759s][info][gc,phases   ] GC(4252)   Other: 0.3ms
[2025-01-08T01:00:28.393+0000][102898.759s][info][gc,heap     ] GC(4252) Eden regions: 900->0(898)
[2025-01-08T01:00:28.393+0000][102898.759s][info][gc,heap     ] GC(4252) Survivor regions: 7->8(114)
[2025-01-08T01:00:28.393+0000][102898.759s][info][gc,heap     ] GC(4252) Old regions: 255->255
[2025-01-08T01:00:28.393+0000][102898.759s][info][gc,heap     ] GC(4252) Archive regions: 2->2
[2025-01-08T01:00:28.393+0000][102898.759s][info][gc,heap     ] GC(4252) Humongous regions: 49->49
[2025-01-08T01:00:28.393+0000][102898.759s][info][gc,metaspace] GC(4252) Metaspace: 506212K(515008K)->506212K(515008K) NonClass: 444604K(449024K)->444604K(449024K) Class: 61608K(65984K)->61608K(65984K)
[2025-01-08T01:00:28.393+0000][102898.759s][info][gc          ] GC(4252) Pause Young (Concurrent Start) (G1 Evacuation Pause) 9687M->2496M(12288M) 31.745ms
[2025-01-08T01:00:28.393+0000][102898.759s][info][gc,cpu      ] GC(4252) User=0.18s Sys=0.00s Real=0.04s
[2025-01-08T01:00:28.393+0000][102898.759s][info][gc          ] GC(4253) Concurrent Mark Cycle
[2025-01-08T01:00:28.393+0000][102898.759s][info][gc,marking  ] GC(4253) Concurrent Clear Claimed Marks
[2025-01-08T01:00:28.394+0000][102898.760s][info][gc,marking  ] GC(4253) Concurrent Clear Claimed Marks 0.924ms
[2025-01-08T01:00:28.394+0000][102898.760s][info][gc,marking  ] GC(4253) Concurrent Scan Root Regions
[2025-01-08T01:00:28.425+0000][102898.791s][info][gc,marking  ] GC(4253) Concurrent Scan Root Regions 30.849ms
[2025-01-08T01:00:28.425+0000][102898.791s][info][gc,marking  ] GC(4253) Concurrent Mark
[2025-01-08T01:00:28.425+0000][102898.791s][info][gc,marking  ] GC(4253) Concurrent Mark From Roots
[2025-01-08T01:00:28.425+0000][102898.791s][info][gc,task     ] GC(4253) Using 2 workers of 2 for marking
[2025-01-08T01:00:29.460+0000][102899.827s][info][gc,marking  ] GC(4253) Concurrent Mark From Roots 1035.872ms
[2025-01-08T01:00:29.460+0000][102899.827s][info][gc,marking  ] GC(4253) Concurrent Preclean
[2025-01-08T01:00:29.463+0000][102899.829s][info][gc,marking  ] GC(4253) Concurrent Preclean 2.488ms
[2025-01-08T01:00:29.463+0000][102899.829s][info][gc,start    ] GC(4253) Pause Remark
[2025-01-08T01:00:29.489+0000][102899.855s][info][gc          ] GC(4253) Pause Remark 4096M->4096M(12288M) 26.083ms
[2025-01-08T01:00:29.489+0000][102899.855s][info][gc,cpu      ] GC(4253) User=0.15s Sys=0.00s Real=0.02s
[2025-01-08T01:00:29.489+0000][102899.855s][info][gc,marking  ] GC(4253) Concurrent Mark 1064.796ms
[2025-01-08T01:00:29.489+0000][102899.855s][info][gc,marking  ] GC(4253) Concurrent Rebuild Remembered Sets
[2025-01-08T01:00:30.009+0000][102900.375s][info][gc,marking  ] GC(4253) Concurrent Rebuild Remembered Sets 519.700ms
[2025-01-08T01:00:30.009+0000][102900.375s][info][gc,start    ] GC(4253) Pause Cleanup
[2025-01-08T01:00:30.010+0000][102900.376s][info][gc          ] GC(4253) Pause Cleanup 4692M->4692M(12288M) 0.467ms
[2025-01-08T01:00:30.010+0000][102900.376s][info][gc,cpu      ] GC(4253) User=0.00s Sys=0.00s Real=0.01s
[2025-01-08T01:00:30.010+0000][102900.376s][info][gc,marking  ] GC(4253) Concurrent Cleanup for Next Mark
[2025-01-08T01:00:30.038+0000][102900.404s][info][gc,marking  ] GC(4253) Concurrent Cleanup for Next Mark 28.470ms
[2025-01-08T01:00:30.038+0000][102900.404s][info][gc          ] GC(4253) Concurrent Mark Cycle 1645.646ms
[2025-01-08T01:00:35.409+0000][102905.775s][info][gc,start    ] GC(4254) Pause Young (Prepare Mixed) (G1 Evacuation Pause)
[2025-01-08T01:00:35.409+0000][102905.775s][info][gc,task     ] GC(4254) Using 6 workers of 6 for evacuation
[2025-01-08T01:00:35.452+0000][102905.818s][info][gc,phases   ] GC(4254)   Pre Evacuate Collection Set: 0.4ms
[2025-01-08T01:00:35.452+0000][102905.818s][info][gc,phases   ] GC(4254)   Merge Heap Roots: 1.7ms
[2025-01-08T01:00:35.452+0000][102905.818s][info][gc,phases   ] GC(4254)   Evacuate Collection Set: 38.0ms
[2025-01-08T01:00:35.452+0000][102905.818s][info][gc,phases   ] GC(4254)   Post Evacuate Collection Set: 2.6ms
[2025-01-08T01:00:35.452+0000][102905.818s][info][gc,phases   ] GC(4254)   Other: 0.2ms
[2025-01-08T01:00:35.452+0000][102905.818s][info][gc,heap     ] GC(4254) Eden regions: 898->0(69)
[2025-01-08T01:00:35.452+0000][102905.818s][info][gc,heap     ] GC(4254) Survivor regions: 8->7(114)
[2025-01-08T01:00:35.452+0000][102905.818s][info][gc,heap     ] GC(4254) Old regions: 255->255
[2025-01-08T01:00:35.452+0000][102905.818s][info][gc,heap     ] GC(4254) Archive regions: 2->2
[2025-01-08T01:00:35.452+0000][102905.818s][info][gc,heap     ] GC(4254) Humongous regions: 49->49
[2025-01-08T01:00:35.452+0000][102905.818s][info][gc,metaspace] GC(4254) Metaspace: 506212K(515008K)->506212K(515008K) NonClass: 444604K(449024K)->444604K(449024K) Class: 61608K(65984K)->61608K(65984K)
[2025-01-08T01:00:35.452+0000][102905.818s][info][gc          ] GC(4254) Pause Young (Prepare Mixed) (G1 Evacuation Pause) 9680M->2485M(12288M) 42.981ms
[2025-01-08T01:00:35.452+0000][102905.818s][info][gc,cpu      ] GC(4254) User=0.18s Sys=0.00s Real=0.05s
[2025-01-08T01:00:35.991+0000][102906.357s][info][gc,start    ] GC(4255) Pause Young (Mixed) (G1 Evacuation Pause)
[2025-01-08T01:00:35.991+0000][102906.357s][info][gc,task     ] GC(4255) Using 6 workers of 6 for evacuation
[2025-01-08T01:00:36.041+0000][102906.407s][info][gc,phases   ] GC(4255)   Pre Evacuate Collection Set: 0.2ms
[2025-01-08T01:00:36.041+0000][102906.407s][info][gc,phases   ] GC(4255)   Merge Heap Roots: 0.6ms
[2025-01-08T01:00:36.041+0000][102906.407s][info][gc,phases   ] GC(4255)   Evacuate Collection Set: 47.1ms
[2025-01-08T01:00:36.041+0000][102906.407s][info][gc,phases   ] GC(4255)   Post Evacuate Collection Set: 1.6ms
[2025-01-08T01:00:36.041+0000][102906.407s][info][gc,phases   ] GC(4255)   Other: 0.2ms
[2025-01-08T01:00:36.041+0000][102906.407s][info][gc,heap     ] GC(4255) Eden regions: 69->0(903)
[2025-01-08T01:00:36.041+0000][102906.407s][info][gc,heap     ] GC(4255) Survivor regions: 7->7(10)
[2025-01-08T01:00:36.041+0000][102906.407s][info][gc,heap     ] GC(4255) Old regions: 255->252
[2025-01-08T01:00:36.041+0000][102906.407s][info][gc,heap     ] GC(4255) Archive regions: 2->2
[2025-01-08T01:00:36.041+0000][102906.407s][info][gc,heap     ] GC(4255) Humongous regions: 49->49
[2025-01-08T01:00:36.041+0000][102906.407s][info][gc,metaspace] GC(4255) Metaspace: 506212K(515008K)->506212K(515008K) NonClass: 444604K(449024K)->444604K(449024K) Class: 61608K(65984K)->61608K(65984K)
[2025-01-08T01:00:36.041+0000][102906.407s][info][gc          ] GC(4255) Pause Young (Mixed) (G1 Evacuation Pause) 3037M->2463M(12288M) 49.731ms
[2025-01-08T01:00:36.041+0000][102906.407s][info][gc,cpu      ] GC(4255) User=0.29s Sys=0.00s Real=0.04s
[2025-01-08T01:00:43.574+0000][102913.940s][info][gc,start    ] GC(4256) Pause Young (Normal) (G1 Evacuation Pause)
[2025-01-08T01:00:43.574+0000][102913.940s][info][gc,task     ] GC(4256) Using 6 workers of 6 for evacuation
[2025-01-08T01:00:43.612+0000][102913.978s][info][gc,phases   ] GC(4256)   Pre Evacuate Collection Set: 0.3ms
[2025-01-08T01:00:43.612+0000][102913.978s][info][gc,phases   ] GC(4256)   Merge Heap Roots: 0.6ms
[2025-01-08T01:00:43.612+0000][102913.978s][info][gc,phases   ] GC(4256)   Evacuate Collection Set: 32.6ms
[2025-01-08T01:00:43.612+0000][102913.978s][info][gc,phases   ] GC(4256)   Post Evacuate Collection Set: 4.9ms
[2025-01-08T01:00:43.612+0000][102913.978s][info][gc,phases   ] GC(4256)   Other: 0.2ms
[2025-01-08T01:00:43.612+0000][102913.978s][info][gc,heap     ] GC(4256) Eden regions: 903->0(902)
[2025-01-08T01:00:43.612+0000][102913.978s][info][gc,heap     ] GC(4256) Survivor regions: 7->9(114)
[2025-01-08T01:00:43.612+0000][102913.978s][info][gc,heap     ] GC(4256) Old regions: 252->252
[2025-01-08T01:00:43.612+0000][102913.978s][info][gc,heap     ] GC(4256) Archive regions: 2->2
[2025-01-08T01:00:43.612+0000][102913.978s][info][gc,heap     ] GC(4256) Humongous regions: 49->49
[2025-01-08T01:00:43.612+0000][102913.978s][info][gc,metaspace] GC(4256) Metaspace: 506212K(515008K)->506212K(515008K) NonClass: 444604K(449024K)->444604K(449024K) Class: 61608K(65984K)->61608K(65984K)
[2025-01-08T01:00:43.612+0000][102913.978s][info][gc          ] GC(4256) Pause Young (Normal) (G1 Evacuation Pause) 9687M->2481M(12288M) 38.556ms
[2025-01-08T01:00:43.612+0000][102913.978s][info][gc,cpu      ] GC(4256) User=0.21s Sys=0.00s Real=0.04s
[2025-01-08T01:00:48.995+0000][102919.361s][info][gc,start    ] GC(4257) Pause Young (Normal) (G1 Evacuation Pause)
[2025-01-08T01:00:48.995+0000][102919.361s][info][gc,task     ] GC(4257) Using 6 workers of 6 for evacuation
[2025-01-08T01:00:49.028+0000][102919.394s][info][gc,phases   ] GC(4257)   Pre Evacuate Collection Set: 0.2ms
[2025-01-08T01:00:49.028+0000][102919.394s][info][gc,phases   ] GC(4257)   Merge Heap Roots: 0.4ms
[2025-01-08T01:00:49.028+0000][102919.394s][info][gc,phases   ] GC(4257)   Evacuate Collection Set: 27.9ms
[2025-01-08T01:00:49.028+0000][102919.394s][info][gc,phases   ] GC(4257)   Post Evacuate Collection Set: 3.8ms
[2025-01-08T01:00:49.028+0000][102919.394s][info][gc,phases   ] GC(4257)   Other: 0.2ms
[2025-01-08T01:00:49.028+0000][102919.394s][info][gc,heap     ] GC(4257) Eden regions: 902->0(901)
[2025-01-08T01:00:49.028+0000][102919.394s][info][gc,heap     ] GC(4257) Survivor regions: 9->10(114)
[2025-01-08T01:00:49.028+0000][102919.394s][info][gc,heap     ] GC(4257) Old regions: 252->252
[2025-01-08T01:00:49.028+0000][102919.394s][info][gc,heap     ] GC(4257) Archive regions: 2->2
[2025-01-08T01:00:49.028+0000][102919.394s][info][gc,heap     ] GC(4257) Humongous regions: 49->49
[2025-01-08T01:00:49.028+0000][102919.394s][info][gc,metaspace] GC(4257) Metaspace: 506212K(515008K)->506212K(515008K) NonClass: 444604K(449024K)->444604K(449024K) Class: 61608K(65984K)->61608K(65984K)
[2025-01-08T01:00:49.028+0000][102919.394s][info][gc          ] GC(4257) Pause Young (Normal) (G1 Evacuation Pause) 9697M->2489M(12288M) 32.588ms
[2025-01-08T01:00:49.028+0000][102919.394s][info][gc,cpu      ] GC(4257) User=0.19s Sys=0.00s Real=0.03s
[2025-01-08T01:00:53.233+0000][102923.600s][info][gc,start    ] GC(4258) Pause Young (Concurrent Start) (G1 Evacuation Pause)
[2025-01-08T01:00:53.233+0000][102923.600s][info][gc,task     ] GC(4258) Using 6 workers of 6 for evacuation
[2025-01-08T01:00:53.267+0000][102923.633s][info][gc,phases   ] GC(4258)   Pre Evacuate Collection Set: 1.1ms
[2025-01-08T01:00:53.267+0000][102923.633s][info][gc,phases   ] GC(4258)   Merge Heap Roots: 0.4ms
[2025-01-08T01:00:53.267+0000][102923.633s][info][gc,phases   ] GC(4258)   Evacuate Collection Set: 29.4ms
[2025-01-08T01:00:53.267+0000][102923.633s][info][gc,phases   ] GC(4258)   Post Evacuate Collection Set: 2.5ms
[2025-01-08T01:00:53.267+0000][102923.633s][info][gc,phases   ] GC(4258)   Other: 0.3ms
[2025-01-08T01:00:53.267+0000][102923.633s][info][gc,heap     ] GC(4258) Eden regions: 901->0(903)
[2025-01-08T01:00:53.267+0000][102923.633s][info][gc,heap     ] GC(4258) Survivor regions: 10->10(114)
[2025-01-08T01:00:53.267+0000][102923.633s][info][gc,heap     ] GC(4258) Old regions: 252->252
[2025-01-08T01:00:53.267+0000][102923.633s][info][gc,heap     ] GC(4258) Archive regions: 2->2
[2025-01-08T01:00:53.267+0000][102923.633s][info][gc,heap     ] GC(4258) Humongous regions: 49->49
[2025-01-08T01:00:53.267+0000][102923.633s][info][gc,metaspace] GC(4258) Metaspace: 506212K(515008K)->506212K(515008K) NonClass: 444604K(449024K)->444604K(449024K) Class: 61608K(65984K)->61608K(65984K)
[2025-01-08T01:00:53.267+0000][102923.633s][info][gc          ] GC(4258) Pause Young (Concurrent Start) (G1 Evacuation Pause) 9697M->2487M(12288M) 33.772ms
[2025-01-08T01:00:53.267+0000][102923.633s][info][gc,cpu      ] GC(4258) User=0.19s Sys=0.00s Real=0.03s
[2025-01-08T01:00:53.267+0000][102923.633s][info][gc          ] GC(4259) Concurrent Mark Cycle
[2025-01-08T01:00:53.267+0000][102923.633s][info][gc,marking  ] GC(4259) Concurrent Clear Claimed Marks
[2025-01-08T01:00:53.268+0000][102923.634s][info][gc,marking  ] GC(4259) Concurrent Clear Claimed Marks 0.924ms
[2025-01-08T01:00:53.268+0000][102923.634s][info][gc,marking  ] GC(4259) Concurrent Scan Root Regions
[2025-01-08T01:00:53.297+0000][102923.663s][info][gc,marking  ] GC(4259) Concurrent Scan Root Regions 29.065ms
[2025-01-08T01:00:53.297+0000][102923.663s][info][gc,marking  ] GC(4259) Concurrent Mark
[2025-01-08T01:00:53.297+0000][102923.663s][info][gc,marking  ] GC(4259) Concurrent Mark From Roots
[2025-01-08T01:00:53.297+0000][102923.663s][info][gc,task     ] GC(4259) Using 2 workers of 2 for marking
[2025-01-08T01:00:54.281+0000][102924.647s][info][gc,marking  ] GC(4259) Concurrent Mark From Roots 983.629ms
[2025-01-08T01:00:54.281+0000][102924.647s][info][gc,marking  ] GC(4259) Concurrent Preclean
[2025-01-08T01:00:54.283+0000][102924.649s][info][gc,marking  ] GC(4259) Concurrent Preclean 1.881ms
[2025-01-08T01:00:54.283+0000][102924.649s][info][gc,start    ] GC(4259) Pause Remark
[2025-01-08T01:00:54.309+0000][102924.675s][info][gc          ] GC(4259) Pause Remark 3963M->3963M(12288M) 26.015ms
[2025-01-08T01:00:54.309+0000][102924.675s][info][gc,cpu      ] GC(4259) User=0.15s Sys=0.00s Real=0.02s
[2025-01-08T01:00:54.309+0000][102924.675s][info][gc,marking  ] GC(4259) Concurrent Mark 1011.937ms
[2025-01-08T01:00:54.309+0000][102924.675s][info][gc,marking  ] GC(4259) Concurrent Rebuild Remembered Sets
[2025-01-08T01:00:54.893+0000][102925.259s][info][gc,marking  ] GC(4259) Concurrent Rebuild Remembered Sets 583.184ms
[2025-01-08T01:00:54.893+0000][102925.259s][info][gc,start    ] GC(4259) Pause Cleanup
[2025-01-08T01:00:54.893+0000][102925.259s][info][gc          ] GC(4259) Pause Cleanup 4463M->4463M(12288M) 0.408ms
[2025-01-08T01:00:54.893+0000][102925.259s][info][gc,cpu      ] GC(4259) User=0.00s Sys=0.00s Real=0.00s
[2025-01-08T01:00:54.893+0000][102925.259s][info][gc,marking  ] GC(4259) Concurrent Cleanup for Next Mark
[2025-01-08T01:00:54.909+0000][102925.276s][info][gc,marking  ] GC(4259) Concurrent Cleanup for Next Mark 16.293ms
[2025-01-08T01:00:54.910+0000][102925.276s][info][gc          ] GC(4259) Concurrent Mark Cycle 1642.204ms
[2025-01-08T01:01:00.839+0000][102931.205s][info][gc,start    ] GC(4260) Pause Young (Prepare Mixed) (G1 Evacuation Pause)
[2025-01-08T01:01:00.839+0000][102931.205s][info][gc,task     ] GC(4260) Using 6 workers of 6 for evacuation
[2025-01-08T01:01:00.877+0000][102931.243s][info][gc,phases   ] GC(4260)   Pre Evacuate Collection Set: 0.2ms
[2025-01-08T01:01:00.877+0000][102931.243s][info][gc,phases   ] GC(4260)   Merge Heap Roots: 0.7ms
[2025-01-08T01:01:00.877+0000][102931.243s][info][gc,phases   ] GC(4260)   Evacuate Collection Set: 33.0ms
[2025-01-08T01:01:00.877+0000][102931.243s][info][gc,phases   ] GC(4260)   Post Evacuate Collection Set: 4.1ms
[2025-01-08T01:01:00.877+0000][102931.243s][info][gc,phases   ] GC(4260)   Other: 0.2ms
[2025-01-08T01:01:00.877+0000][102931.243s][info][gc,heap     ] GC(4260) Eden regions: 903->0(64)
[2025-01-08T01:01:00.877+0000][102931.243s][info][gc,heap     ] GC(4260) Survivor regions: 10->12(115)
[2025-01-08T01:01:00.877+0000][102931.243s][info][gc,heap     ] GC(4260) Old regions: 252->252
[2025-01-08T01:01:00.877+0000][102931.243s][info][gc,heap     ] GC(4260) Archive regions: 2->2
[2025-01-08T01:01:00.877+0000][102931.243s][info][gc,heap     ] GC(4260) Humongous regions: 49->49
[2025-01-08T01:01:00.877+0000][102931.243s][info][gc,metaspace] GC(4260) Metaspace: 506212K(515008K)->506212K(515008K) NonClass: 444604K(449024K)->444604K(449024K) Class: 61608K(65984K)->61608K(65984K)
[2025-01-08T01:01:00.877+0000][102931.243s][info][gc          ] GC(4260) Pause Young (Prepare Mixed) (G1 Evacuation Pause) 9711M->2504M(12288M) 38.321ms
[2025-01-08T01:01:00.877+0000][102931.243s][info][gc,cpu      ] GC(4260) User=0.22s Sys=0.01s Real=0.04s
[2025-01-08T01:01:01.124+0000][102931.490s][info][gc,start    ] GC(4261) Pause Young (Mixed) (G1 Evacuation Pause)
[2025-01-08T01:01:01.124+0000][102931.490s][info][gc,task     ] GC(4261) Using 6 workers of 6 for evacuation
[2025-01-08T01:01:01.192+0000][102931.558s][info][gc,phases   ] GC(4261)   Pre Evacuate Collection Set: 0.2ms
[2025-01-08T01:01:01.192+0000][102931.558s][info][gc,phases   ] GC(4261)   Merge Heap Roots: 0.7ms
[2025-01-08T01:01:01.192+0000][102931.558s][info][gc,phases   ] GC(4261)   Evacuate Collection Set: 64.9ms
[2025-01-08T01:01:01.192+0000][102931.558s][info][gc,phases   ] GC(4261)   Post Evacuate Collection Set: 1.8ms
[2025-01-08T01:01:01.192+0000][102931.558s][info][gc,phases   ] GC(4261)   Other: 0.2ms
[2025-01-08T01:01:01.192+0000][102931.558s][info][gc,heap     ] GC(4261) Eden regions: 64->0(904)
[2025-01-08T01:01:01.192+0000][102931.558s][info][gc,heap     ] GC(4261) Survivor regions: 12->6(10)
[2025-01-08T01:01:01.192+0000][102931.558s][info][gc,heap     ] GC(4261) Old regions: 252->254
[2025-01-08T01:01:01.192+0000][102931.558s][info][gc,heap     ] GC(4261) Archive regions: 2->2
[2025-01-08T01:01:01.192+0000][102931.558s][info][gc,heap     ] GC(4261) Humongous regions: 49->49
[2025-01-08T01:01:01.192+0000][102931.558s][info][gc,metaspace] GC(4261) Metaspace: 506212K(515008K)->506212K(515008K) NonClass: 444604K(449024K)->444604K(449024K) Class: 61608K(65984K)->61608K(65984K)
[2025-01-08T01:01:01.192+0000][102931.558s][info][gc          ] GC(4261) Pause Young (Mixed) (G1 Evacuation Pause) 3016M->2466M(12288M) 67.942ms
[2025-01-08T01:01:01.192+0000][102931.558s][info][gc,cpu      ] GC(4261) User=0.40s Sys=0.00s Real=0.07s
[2025-01-08T01:01:06.825+0000][102937.191s][info][gc,start    ] GC(4262) Pause Young (Normal) (G1 Evacuation Pause)
[2025-01-08T01:01:06.825+0000][102937.191s][info][gc,task     ] GC(4262) Using 6 workers of 6 for evacuation
[2025-01-08T01:01:06.848+0000][102937.214s][info][gc,phases   ] GC(4262)   Pre Evacuate Collection Set: 0.2ms
[2025-01-08T01:01:06.848+0000][102937.214s][info][gc,phases   ] GC(4262)   Merge Heap Roots: 0.4ms
[2025-01-08T01:01:06.848+0000][102937.214s][info][gc,phases   ] GC(4262)   Evacuate Collection Set: 20.3ms
[2025-01-08T01:01:06.848+0000][102937.214s][info][gc,phases   ] GC(4262)   Post Evacuate Collection Set: 2.4ms
[2025-01-08T01:01:06.848+0000][102937.214s][info][gc,phases   ] GC(4262)   Other: 0.2ms
[2025-01-08T01:01:06.848+0000][102937.214s][info][gc,heap     ] GC(4262) Eden regions: 904->0(904)
[2025-01-08T01:01:06.848+0000][102937.214s][info][gc,heap     ] GC(4262) Survivor regions: 6->6(114)
[2025-01-08T01:01:06.848+0000][102937.214s][info][gc,heap     ] GC(4262) Old regions: 254->254
[2025-01-08T01:01:06.848+0000][102937.214s][info][gc,heap     ] GC(4262) Archive regions: 2->2
[2025-01-08T01:01:06.848+0000][102937.214s][info][gc,heap     ] GC(4262) Humongous regions: 49->49
[2025-01-08T01:01:06.848+0000][102937.214s][info][gc,metaspace] GC(4262) Metaspace: 506212K(515008K)->506212K(515008K) NonClass: 444604K(449024K)->444604K(449024K) Class: 61608K(65984K)->61608K(65984K)
[2025-01-08T01:01:06.848+0000][102937.214s][info][gc          ] GC(4262) Pause Young (Normal) (G1 Evacuation Pause) 9698M->2468M(12288M) 23.612ms
[2025-01-08T01:01:06.848+0000][102937.214s][info][gc,cpu      ] GC(4262) User=0.13s Sys=0.00s Real=0.02s
[2025-01-08T01:01:12.507+0000][102942.873s][info][gc,start    ] GC(4263) Pause Young (Normal) (G1 Evacuation Pause)
[2025-01-08T01:01:12.507+0000][102942.873s][info][gc,task     ] GC(4263) Using 6 workers of 6 for evacuation
[2025-01-08T01:01:12.534+0000][102942.900s][info][gc,phases   ] GC(4263)   Pre Evacuate Collection Set: 0.2ms
[2025-01-08T01:01:12.534+0000][102942.900s][info][gc,phases   ] GC(4263)   Merge Heap Roots: 0.4ms
[2025-01-08T01:01:12.534+0000][102942.900s][info][gc,phases   ] GC(4263)   Evacuate Collection Set: 23.7ms
[2025-01-08T01:01:12.534+0000][102942.900s][info][gc,phases   ] GC(4263)   Post Evacuate Collection Set: 2.4ms
[2025-01-08T01:01:12.534+0000][102942.900s][info][gc,phases   ] GC(4263)   Other: 0.2ms
[2025-01-08T01:01:12.534+0000][102942.900s][info][gc,heap     ] GC(4263) Eden regions: 904->0(904)
[2025-01-08T01:01:12.534+0000][102942.900s][info][gc,heap     ] GC(4263) Survivor regions: 6->7(114)
[2025-01-08T01:01:12.534+0000][102942.900s][info][gc,heap     ] GC(4263) Old regions: 254->254
[2025-01-08T01:01:12.534+0000][102942.900s][info][gc,heap     ] GC(4263) Archive regions: 2->2
[2025-01-08T01:01:12.534+0000][102942.900s][info][gc,heap     ] GC(4263) Humongous regions: 49->49
[2025-01-08T01:01:12.534+0000][102942.900s][info][gc,metaspace] GC(4263) Metaspace: 506212K(515008K)->506212K(515008K) NonClass: 444604K(449024K)->444604K(449024K) Class: 61608K(65984K)->61608K(65984K)
[2025-01-08T01:01:12.534+0000][102942.900s][info][gc          ] GC(4263) Pause Young (Normal) (G1 Evacuation Pause) 9700M->2479M(12288M) 27.077ms
[2025-01-08T01:01:12.534+0000][102942.900s][info][gc,cpu      ] GC(4263) User=0.16s Sys=0.00s Real=0.03s
[2025-01-08T01:01:20.130+0000][102950.496s][info][gc,start    ] GC(4264) Pause Young (Concurrent Start) (G1 Evacuation Pause)
[2025-01-08T01:01:20.130+0000][102950.496s][info][gc,task     ] GC(4264) Using 6 workers of 6 for evacuation
[2025-01-08T01:01:20.162+0000][102950.528s][info][gc,phases   ] GC(4264)   Pre Evacuate Collection Set: 1.1ms
[2025-01-08T01:01:20.162+0000][102950.528s][info][gc,phases   ] GC(4264)   Merge Heap Roots: 0.5ms
[2025-01-08T01:01:20.162+0000][102950.528s][info][gc,phases   ] GC(4264)   Evacuate Collection Set: 27.3ms
[2025-01-08T01:01:20.162+0000][102950.528s][info][gc,phases   ] GC(4264)   Post Evacuate Collection Set: 2.5ms
[2025-01-08T01:01:20.162+0000][102950.528s][info][gc,phases   ] GC(4264)   Other: 0.3ms
[2025-01-08T01:01:20.162+0000][102950.528s][info][gc,heap     ] GC(4264) Eden regions: 904->0(902)
[2025-01-08T01:01:20.162+0000][102950.528s][info][gc,heap     ] GC(4264) Survivor regions: 7->9(114)
[2025-01-08T01:01:20.162+0000][102950.528s][info][gc,heap     ] GC(4264) Old regions: 254->254
[2025-01-08T01:01:20.162+0000][102950.528s][info][gc,heap     ] GC(4264) Archive regions: 2->2
[2025-01-08T01:01:20.162+0000][102950.528s][info][gc,heap     ] GC(4264) Humongous regions: 49->49
[2025-01-08T01:01:20.162+0000][102950.528s][info][gc,metaspace] GC(4264) Metaspace: 506212K(515008K)->506212K(515008K) NonClass: 444604K(449024K)->444604K(449024K) Class: 61608K(65984K)->61608K(65984K)
[2025-01-08T01:01:20.162+0000][102950.528s][info][gc          ] GC(4264) Pause Young (Concurrent Start) (G1 Evacuation Pause) 9711M->2488M(12288M) 31.726ms
[2025-01-08T01:01:20.162+0000][102950.528s][info][gc,cpu      ] GC(4264) User=0.18s Sys=0.00s Real=0.03s
[2025-01-08T01:01:20.162+0000][102950.528s][info][gc          ] GC(4265) Concurrent Mark Cycle
[2025-01-08T01:01:20.162+0000][102950.528s][info][gc,marking  ] GC(4265) Concurrent Clear Claimed Marks
[2025-01-08T01:01:20.163+0000][102950.529s][info][gc,marking  ] GC(4265) Concurrent Clear Claimed Marks 0.841ms
[2025-01-08T01:01:20.163+0000][102950.529s][info][gc,marking  ] GC(4265) Concurrent Scan Root Regions
[2025-01-08T01:01:20.181+0000][102950.547s][info][gc,marking  ] GC(4265) Concurrent Scan Root Regions 18.324ms
[2025-01-08T01:01:20.181+0000][102950.547s][info][gc,marking  ] GC(4265) Concurrent Mark
[2025-01-08T01:01:20.181+0000][102950.547s][info][gc,marking  ] GC(4265) Concurrent Mark From Roots
[2025-01-08T01:01:20.181+0000][102950.547s][info][gc,task     ] GC(4265) Using 2 workers of 2 for marking
[2025-01-08T01:01:21.087+0000][102951.453s][info][gc,marking  ] GC(4265) Concurrent Mark From Roots 906.015ms
[2025-01-08T01:01:21.087+0000][102951.453s][info][gc,marking  ] GC(4265) Concurrent Preclean
[2025-01-08T01:01:21.089+0000][102951.455s][info][gc,marking  ] GC(4265) Concurrent Preclean 2.401ms
[2025-01-08T01:01:21.090+0000][102951.456s][info][gc,start    ] GC(4265) Pause Remark
[2025-01-08T01:01:21.115+0000][102951.481s][info][gc          ] GC(4265) Pause Remark 3364M->3364M(12288M) 25.784ms
[2025-01-08T01:01:21.115+0000][102951.482s][info][gc,cpu      ] GC(4265) User=0.14s Sys=0.00s Real=0.02s
[2025-01-08T01:01:21.116+0000][102951.482s][info][gc,marking  ] GC(4265) Concurrent Mark 934.807ms
[2025-01-08T01:01:21.116+0000][102951.482s][info][gc,marking  ] GC(4265) Concurrent Rebuild Remembered Sets
[2025-01-08T01:01:21.869+0000][102952.235s][info][gc,marking  ] GC(4265) Concurrent Rebuild Remembered Sets 753.248ms
[2025-01-08T01:01:21.869+0000][102952.235s][info][gc,start    ] GC(4265) Pause Cleanup
[2025-01-08T01:01:21.870+0000][102952.236s][info][gc          ] GC(4265) Pause Cleanup 4448M->4448M(12288M) 0.440ms
[2025-01-08T01:01:21.870+0000][102952.236s][info][gc,cpu      ] GC(4265) User=0.00s Sys=0.00s Real=0.01s
[2025-01-08T01:01:21.870+0000][102952.236s][info][gc,marking  ] GC(4265) Concurrent Cleanup for Next Mark
[2025-01-08T01:01:21.886+0000][102952.252s][info][gc,marking  ] GC(4265) Concurrent Cleanup for Next Mark 16.297ms
[2025-01-08T01:01:21.886+0000][102952.252s][info][gc          ] GC(4265) Concurrent Mark Cycle 1724.433ms
[2025-01-08T01:01:28.053+0000][102958.420s][info][gc,start    ] GC(4266) Pause Young (Prepare Mixed) (G1 Evacuation Pause)
[2025-01-08T01:01:28.054+0000][102958.420s][info][gc,task     ] GC(4266) Using 6 workers of 6 for evacuation
[2025-01-08T01:01:28.091+0000][102958.457s][info][gc,phases   ] GC(4266)   Pre Evacuate Collection Set: 0.2ms
[2025-01-08T01:01:28.091+0000][102958.457s][info][gc,phases   ] GC(4266)   Merge Heap Roots: 0.7ms
[2025-01-08T01:01:28.091+0000][102958.457s][info][gc,phases   ] GC(4266)   Evacuate Collection Set: 33.5ms
[2025-01-08T01:01:28.091+0000][102958.457s][info][gc,phases   ] GC(4266)   Post Evacuate Collection Set: 2.7ms
[2025-01-08T01:01:28.091+0000][102958.457s][info][gc,phases   ] GC(4266)   Other: 0.2ms
[2025-01-08T01:01:28.091+0000][102958.457s][info][gc,heap     ] GC(4266) Eden regions: 902->0(66)
[2025-01-08T01:01:28.091+0000][102958.457s][info][gc,heap     ] GC(4266) Survivor regions: 9->10(114)
[2025-01-08T01:01:28.091+0000][102958.457s][info][gc,heap     ] GC(4266) Old regions: 254->254
[2025-01-08T01:01:28.091+0000][102958.457s][info][gc,heap     ] GC(4266) Archive regions: 2->2
[2025-01-08T01:01:28.091+0000][102958.457s][info][gc,heap     ] GC(4266) Humongous regions: 49->49
[2025-01-08T01:01:28.091+0000][102958.457s][info][gc,metaspace] GC(4266) Metaspace: 506212K(515008K)->506212K(515008K) NonClass: 444604K(449024K)->444604K(449024K) Class: 61608K(65984K)->61608K(65984K)
[2025-01-08T01:01:28.091+0000][102958.457s][info][gc          ] GC(4266) Pause Young (Prepare Mixed) (G1 Evacuation Pause) 9704M->2503M(12288M) 37.466ms
[2025-01-08T01:01:28.091+0000][102958.457s][info][gc,cpu      ] GC(4266) User=0.21s Sys=0.00s Real=0.04s
[2025-01-08T01:01:28.427+0000][102958.793s][info][gc,start    ] GC(4267) Pause Young (Mixed) (G1 Evacuation Pause)
[2025-01-08T01:01:28.427+0000][102958.793s][info][gc,task     ] GC(4267) Using 6 workers of 6 for evacuation
[2025-01-08T01:01:28.489+0000][102958.855s][info][gc,phases   ] GC(4267)   Pre Evacuate Collection Set: 0.2ms
[2025-01-08T01:01:28.489+0000][102958.855s][info][gc,phases   ] GC(4267)   Merge Heap Roots: 0.7ms
[2025-01-08T01:01:28.489+0000][102958.855s][info][gc,phases   ] GC(4267)   Evacuate Collection Set: 59.5ms
[2025-01-08T01:01:28.489+0000][102958.856s][info][gc,phases   ] GC(4267)   Post Evacuate Collection Set: 1.8ms
[2025-01-08T01:01:28.489+0000][102958.856s][info][gc,phases   ] GC(4267)   Other: 0.2ms
[2025-01-08T01:01:28.489+0000][102958.856s][info][gc,heap     ] GC(4267) Eden regions: 66->0(901)
[2025-01-08T01:01:28.489+0000][102958.856s][info][gc,heap     ] GC(4267) Survivor regions: 10->7(10)
[2025-01-08T01:01:28.489+0000][102958.856s][info][gc,heap     ] GC(4267) Old regions: 254->255
[2025-01-08T01:01:28.489+0000][102958.856s][info][gc,heap     ] GC(4267) Archive regions: 2->2
[2025-01-08T01:01:28.489+0000][102958.856s][info][gc,heap     ] GC(4267) Humongous regions: 49->49
[2025-01-08T01:01:28.489+0000][102958.856s][info][gc,metaspace] GC(4267) Metaspace: 506212K(515008K)->506212K(515008K) NonClass: 444604K(449024K)->444604K(449024K) Class: 61608K(65984K)->61608K(65984K)
[2025-01-08T01:01:28.489+0000][102958.856s][info][gc          ] GC(4267) Pause Young (Mixed) (G1 Evacuation Pause) 3031M->2488M(12288M) 62.352ms
[2025-01-08T01:01:28.490+0000][102958.856s][info][gc,cpu      ] GC(4267) User=0.37s Sys=0.00s Real=0.07s
[2025-01-08T01:01:36.330+0000][102966.696s][info][gc,start    ] GC(4268) Pause Young (Normal) (G1 Evacuation Pause)
[2025-01-08T01:01:36.330+0000][102966.696s][info][gc,task     ] GC(4268) Using 6 workers of 6 for evacuation
[2025-01-08T01:01:36.363+0000][102966.729s][info][gc,phases   ] GC(4268)   Pre Evacuate Collection Set: 0.2ms
[2025-01-08T01:01:36.363+0000][102966.729s][info][gc,phases   ] GC(4268)   Merge Heap Roots: 0.6ms
[2025-01-08T01:01:36.363+0000][102966.729s][info][gc,phases   ] GC(4268)   Evacuate Collection Set: 29.0ms
[2025-01-08T01:01:36.363+0000][102966.729s][info][gc,phases   ] GC(4268)   Post Evacuate Collection Set: 2.8ms
[2025-01-08T01:01:36.363+0000][102966.729s][info][gc,phases   ] GC(4268)   Other: 0.2ms
[2025-01-08T01:01:36.363+0000][102966.729s][info][gc,heap     ] GC(4268) Eden regions: 901->0(899)
[2025-01-08T01:01:36.363+0000][102966.729s][info][gc,heap     ] GC(4268) Survivor regions: 7->8(114)
[2025-01-08T01:01:36.363+0000][102966.729s][info][gc,heap     ] GC(4268) Old regions: 255->255
[2025-01-08T01:01:36.363+0000][102966.729s][info][gc,heap     ] GC(4268) Archive regions: 2->2
[2025-01-08T01:01:36.363+0000][102966.729s][info][gc,heap     ] GC(4268) Humongous regions: 49->49
[2025-01-08T01:01:36.363+0000][102966.729s][info][gc,metaspace] GC(4268) Metaspace: 506212K(515008K)->506212K(515008K) NonClass: 444604K(449024K)->444604K(449024K) Class: 61608K(65984K)->61608K(65984K)
[2025-01-08T01:01:36.363+0000][102966.729s][info][gc          ] GC(4268) Pause Young (Normal) (G1 Evacuation Pause) 9696M->2495M(12288M) 32.918ms
[2025-01-08T01:01:36.363+0000][102966.729s][info][gc,cpu      ] GC(4268) User=0.19s Sys=0.00s Real=0.03s
[2025-01-08T01:01:43.618+0000][102973.984s][info][gc,start    ] GC(4269) Pause Young (Normal) (G1 Evacuation Pause)
[2025-01-08T01:01:43.618+0000][102973.984s][info][gc,task     ] GC(4269) Using 6 workers of 6 for evacuation
[2025-01-08T01:01:43.653+0000][102974.019s][info][gc,phases   ] GC(4269)   Pre Evacuate Collection Set: 0.3ms
[2025-01-08T01:01:43.653+0000][102974.019s][info][gc,phases   ] GC(4269)   Merge Heap Roots: 0.5ms
[2025-01-08T01:01:43.653+0000][102974.019s][info][gc,phases   ] GC(4269)   Evacuate Collection Set: 28.6ms
[2025-01-08T01:01:43.653+0000][102974.019s][info][gc,phases   ] GC(4269)   Post Evacuate Collection Set: 5.7ms
[2025-01-08T01:01:43.653+0000][102974.019s][info][gc,phases   ] GC(4269)   Other: 0.3ms
[2025-01-08T01:01:43.653+0000][102974.019s][info][gc,heap     ] GC(4269) Eden regions: 899->0(899)
[2025-01-08T01:01:43.653+0000][102974.019s][info][gc,heap     ] GC(4269) Survivor regions: 8->9(114)
[2025-01-08T01:01:43.653+0000][102974.019s][info][gc,heap     ] GC(4269) Old regions: 255->255
[2025-01-08T01:01:43.653+0000][102974.019s][info][gc,heap     ] GC(4269) Archive regions: 2->2
[2025-01-08T01:01:43.653+0000][102974.019s][info][gc,heap     ] GC(4269) Humongous regions: 49->49
[2025-01-08T01:01:43.653+0000][102974.019s][info][gc,metaspace] GC(4269) Metaspace: 506212K(515008K)->506212K(515008K) NonClass: 444604K(449024K)->444604K(449024K) Class: 61608K(65984K)->61608K(65984K)
[2025-01-08T01:01:43.653+0000][102974.019s][info][gc          ] GC(4269) Pause Young (Normal) (G1 Evacuation Pause) 9687M->2507M(12288M) 35.392ms
[2025-01-08T01:01:43.653+0000][102974.020s][info][gc,cpu      ] GC(4269) User=0.21s Sys=0.00s Real=0.04s
[2025-01-08T01:01:50.641+0000][102981.007s][info][gc,start    ] GC(4270) Pause Young (Concurrent Start) (G1 Evacuation Pause)
[2025-01-08T01:01:50.641+0000][102981.007s][info][gc,task     ] GC(4270) Using 6 workers of 6 for evacuation
[2025-01-08T01:01:50.676+0000][102981.042s][info][gc,phases   ] GC(4270)   Pre Evacuate Collection Set: 1.2ms
[2025-01-08T01:01:50.676+0000][102981.042s][info][gc,phases   ] GC(4270)   Merge Heap Roots: 0.6ms
[2025-01-08T01:01:50.676+0000][102981.042s][info][gc,phases   ] GC(4270)   Evacuate Collection Set: 30.1ms
[2025-01-08T01:01:50.676+0000][102981.042s][info][gc,phases   ] GC(4270)   Post Evacuate Collection Set: 2.5ms
[2025-01-08T01:01:50.676+0000][102981.042s][info][gc,phases   ] GC(4270)   Other: 0.3ms
[2025-01-08T01:01:50.676+0000][102981.042s][info][gc,heap     ] GC(4270) Eden regions: 899->0(900)
[2025-01-08T01:01:50.676+0000][102981.042s][info][gc,heap     ] GC(4270) Survivor regions: 9->8(114)
[2025-01-08T01:01:50.676+0000][102981.042s][info][gc,heap     ] GC(4270) Old regions: 255->255
[2025-01-08T01:01:50.676+0000][102981.042s][info][gc,heap     ] GC(4270) Archive regions: 2->2
[2025-01-08T01:01:50.676+0000][102981.042s][info][gc,heap     ] GC(4270) Humongous regions: 49->49
[2025-01-08T01:01:50.676+0000][102981.042s][info][gc,metaspace] GC(4270) Metaspace: 506212K(515008K)->506212K(515008K) NonClass: 444604K(449024K)->444604K(449024K) Class: 61608K(65984K)->61608K(65984K)
[2025-01-08T01:01:50.676+0000][102981.042s][info][gc          ] GC(4270) Pause Young (Concurrent Start) (G1 Evacuation Pause) 9699M->2499M(12288M) 34.902ms
[2025-01-08T01:01:50.676+0000][102981.042s][info][gc,cpu      ] GC(4270) User=0.18s Sys=0.01s Real=0.04s
[2025-01-08T01:01:50.676+0000][102981.042s][info][gc          ] GC(4271) Concurrent Mark Cycle
[2025-01-08T01:01:50.676+0000][102981.042s][info][gc,marking  ] GC(4271) Concurrent Clear Claimed Marks
[2025-01-08T01:01:50.677+0000][102981.043s][info][gc,marking  ] GC(4271) Concurrent Clear Claimed Marks 0.935ms
[2025-01-08T01:01:50.677+0000][102981.043s][info][gc,marking  ] GC(4271) Concurrent Scan Root Regions
[2025-01-08T01:01:50.702+0000][102981.068s][info][gc,marking  ] GC(4271) Concurrent Scan Root Regions 24.738ms
[2025-01-08T01:01:50.702+0000][102981.068s][info][gc,marking  ] GC(4271) Concurrent Mark
[2025-01-08T01:01:50.702+0000][102981.068s][info][gc,marking  ] GC(4271) Concurrent Mark From Roots
[2025-01-08T01:01:50.702+0000][102981.068s][info][gc,task     ] GC(4271) Using 2 workers of 2 for marking
[2025-01-08T01:01:51.959+0000][102982.325s][info][gc,marking  ] GC(4271) Concurrent Mark From Roots 1257.082ms
[2025-01-08T01:01:51.959+0000][102982.325s][info][gc,marking  ] GC(4271) Concurrent Preclean
[2025-01-08T01:01:51.962+0000][102982.328s][info][gc,marking  ] GC(4271) Concurrent Preclean 2.465ms
[2025-01-08T01:01:51.962+0000][102982.328s][info][gc,start    ] GC(4271) Pause Remark
[2025-01-08T01:01:51.988+0000][102982.354s][info][gc          ] GC(4271) Pause Remark 3487M->3487M(12288M) 26.049ms
[2025-01-08T01:01:51.988+0000][102982.354s][info][gc,cpu      ] GC(4271) User=0.15s Sys=0.00s Real=0.02s
[2025-01-08T01:01:51.988+0000][102982.354s][info][gc,marking  ] GC(4271) Concurrent Mark 1285.949ms
[2025-01-08T01:01:51.988+0000][102982.354s][info][gc,marking  ] GC(4271) Concurrent Rebuild Remembered Sets
[2025-01-08T01:01:52.838+0000][102983.204s][info][gc,marking  ] GC(4271) Concurrent Rebuild Remembered Sets 850.091ms
[2025-01-08T01:01:52.842+0000][102983.209s][info][gc,start    ] GC(4271) Pause Cleanup
[2025-01-08T01:01:52.843+0000][102983.209s][info][gc          ] GC(4271) Pause Cleanup 4329M->4329M(12288M) 0.453ms
[2025-01-08T01:01:52.843+0000][102983.209s][info][gc,cpu      ] GC(4271) User=0.00s Sys=0.00s Real=0.00s
[2025-01-08T01:01:52.843+0000][102983.209s][info][gc,marking  ] GC(4271) Concurrent Cleanup for Next Mark
[2025-01-08T01:01:52.861+0000][102983.227s][info][gc,marking  ] GC(4271) Concurrent Cleanup for Next Mark 17.591ms
[2025-01-08T01:01:52.861+0000][102983.227s][info][gc          ] GC(4271) Concurrent Mark Cycle 2184.378ms
[2025-01-08T01:01:57.721+0000][102988.087s][info][gc,start    ] GC(4272) Pause Young (Prepare Mixed) (G1 Evacuation Pause)
[2025-01-08T01:01:57.721+0000][102988.087s][info][gc,task     ] GC(4272) Using 6 workers of 6 for evacuation
[2025-01-08T01:01:57.756+0000][102988.122s][info][gc,phases   ] GC(4272)   Pre Evacuate Collection Set: 0.2ms
[2025-01-08T01:01:57.756+0000][102988.122s][info][gc,phases   ] GC(4272)   Merge Heap Roots: 0.7ms
[2025-01-08T01:01:57.756+0000][102988.122s][info][gc,phases   ] GC(4272)   Evacuate Collection Set: 29.9ms
[2025-01-08T01:01:57.756+0000][102988.122s][info][gc,phases   ] GC(4272)   Post Evacuate Collection Set: 4.1ms
[2025-01-08T01:01:57.756+0000][102988.122s][info][gc,phases   ] GC(4272)   Other: 0.2ms
[2025-01-08T01:01:57.756+0000][102988.122s][info][gc,heap     ] GC(4272) Eden regions: 900->0(66)
[2025-01-08T01:01:57.756+0000][102988.122s][info][gc,heap     ] GC(4272) Survivor regions: 8->10(114)
[2025-01-08T01:01:57.756+0000][102988.122s][info][gc,heap     ] GC(4272) Old regions: 255->255
[2025-01-08T01:01:57.756+0000][102988.122s][info][gc,heap     ] GC(4272) Archive regions: 2->2
[2025-01-08T01:01:57.756+0000][102988.122s][info][gc,heap     ] GC(4272) Humongous regions: 49->49
[2025-01-08T01:01:57.756+0000][102988.122s][info][gc,metaspace] GC(4272) Metaspace: 506213K(515008K)->506213K(515008K) NonClass: 444604K(449024K)->444604K(449024K) Class: 61608K(65984K)->61608K(65984K)
[2025-01-08T01:01:57.756+0000][102988.122s][info][gc          ] GC(4272) Pause Young (Prepare Mixed) (G1 Evacuation Pause) 9699M->2511M(12288M) 35.230ms
[2025-01-08T01:01:57.756+0000][102988.122s][info][gc,cpu      ] GC(4272) User=0.21s Sys=0.00s Real=0.04s
[2025-01-08T01:01:58.127+0000][102988.493s][info][gc,start    ] GC(4273) Pause Young (Mixed) (G1 Evacuation Pause)
[2025-01-08T01:01:58.127+0000][102988.493s][info][gc,task     ] GC(4273) Using 6 workers of 6 for evacuation
[2025-01-08T01:01:58.190+0000][102988.556s][info][gc,phases   ] GC(4273)   Pre Evacuate Collection Set: 0.2ms
[2025-01-08T01:01:58.190+0000][102988.556s][info][gc,phases   ] GC(4273)   Merge Heap Roots: 0.6ms
[2025-01-08T01:01:58.190+0000][102988.556s][info][gc,phases   ] GC(4273)   Evacuate Collection Set: 60.0ms
[2025-01-08T01:01:58.190+0000][102988.556s][info][gc,phases   ] GC(4273)   Post Evacuate Collection Set: 1.7ms
[2025-01-08T01:01:58.190+0000][102988.556s][info][gc,phases   ] GC(4273)   Other: 0.2ms
[2025-01-08T01:01:58.190+0000][102988.556s][info][gc,heap     ] GC(4273) Eden regions: 66->0(900)
[2025-01-08T01:01:58.190+0000][102988.556s][info][gc,heap     ] GC(4273) Survivor regions: 10->7(10)
[2025-01-08T01:01:58.190+0000][102988.556s][info][gc,heap     ] GC(4273) Old regions: 255->255
[2025-01-08T01:01:58.190+0000][102988.556s][info][gc,heap     ] GC(4273) Archive regions: 2->2
[2025-01-08T01:01:58.190+0000][102988.556s][info][gc,heap     ] GC(4273) Humongous regions: 49->49
[2025-01-08T01:01:58.190+0000][102988.556s][info][gc,metaspace] GC(4273) Metaspace: 506213K(515008K)->506213K(515008K) NonClass: 444604K(449024K)->444604K(449024K) Class: 61608K(65984K)->61608K(65984K)
[2025-01-08T01:01:58.190+0000][102988.556s][info][gc          ] GC(4273) Pause Young (Mixed) (G1 Evacuation Pause) 3039M->2484M(12288M) 62.758ms
[2025-01-08T01:01:58.190+0000][102988.556s][info][gc,cpu      ] GC(4273) User=0.36s Sys=0.01s Real=0.07s
[2025-01-08T01:02:05.195+0000][102995.561s][info][gc,start    ] GC(4274) Pause Young (Normal) (G1 Evacuation Pause)
[2025-01-08T01:02:05.195+0000][102995.561s][info][gc,task     ] GC(4274) Using 6 workers of 6 for evacuation
[2025-01-08T01:02:05.222+0000][102995.588s][info][gc,phases   ] GC(4274)   Pre Evacuate Collection Set: 0.2ms
[2025-01-08T01:02:05.222+0000][102995.588s][info][gc,phases   ] GC(4274)   Merge Heap Roots: 0.5ms
[2025-01-08T01:02:05.222+0000][102995.588s][info][gc,phases   ] GC(4274)   Evacuate Collection Set: 23.5ms
[2025-01-08T01:02:05.222+0000][102995.588s][info][gc,phases   ] GC(4274)   Post Evacuate Collection Set: 2.5ms
[2025-01-08T01:02:05.222+0000][102995.588s][info][gc,phases   ] GC(4274)   Other: 0.2ms
[2025-01-08T01:02:05.222+0000][102995.588s][info][gc,heap     ] GC(4274) Eden regions: 900->0(904)
[2025-01-08T01:02:05.222+0000][102995.588s][info][gc,heap     ] GC(4274) Survivor regions: 7->5(114)
[2025-01-08T01:02:05.222+0000][102995.588s][info][gc,heap     ] GC(4274) Old regions: 255->255
[2025-01-08T01:02:05.222+0000][102995.588s][info][gc,heap     ] GC(4274) Archive regions: 2->2
[2025-01-08T01:02:05.222+0000][102995.588s][info][gc,heap     ] GC(4274) Humongous regions: 49->49
[2025-01-08T01:02:05.222+0000][102995.588s][info][gc,metaspace] GC(4274) Metaspace: 506213K(515008K)->506213K(515008K) NonClass: 444604K(449024K)->444604K(449024K) Class: 61608K(65984K)->61608K(65984K)
[2025-01-08T01:02:05.222+0000][102995.588s][info][gc          ] GC(4274) Pause Young (Normal) (G1 Evacuation Pause) 9684M->2471M(12288M) 27.070ms
[2025-01-08T01:02:05.222+0000][102995.588s][info][gc,cpu      ] GC(4274) User=0.16s Sys=0.00s Real=0.03s
[2025-01-08T01:02:15.433+0000][103005.799s][info][gc,start    ] GC(4275) Pause Young (Normal) (G1 Evacuation Pause)
[2025-01-08T01:02:15.433+0000][103005.799s][info][gc,task     ] GC(4275) Using 6 workers of 6 for evacuation
[2025-01-08T01:02:15.465+0000][103005.831s][info][gc,phases   ] GC(4275)   Pre Evacuate Collection Set: 0.2ms
[2025-01-08T01:02:15.465+0000][103005.831s][info][gc,phases   ] GC(4275)   Merge Heap Roots: 0.5ms
[2025-01-08T01:02:15.465+0000][103005.831s][info][gc,phases   ] GC(4275)   Evacuate Collection Set: 27.9ms
[2025-01-08T01:02:15.465+0000][103005.831s][info][gc,phases   ] GC(4275)   Post Evacuate Collection Set: 2.8ms
[2025-01-08T01:02:15.465+0000][103005.831s][info][gc,phases   ] GC(4275)   Other: 0.2ms
[2025-01-08T01:02:15.465+0000][103005.831s][info][gc,heap     ] GC(4275) Eden regions: 904->0(901)
[2025-01-08T01:02:15.465+0000][103005.831s][info][gc,heap     ] GC(4275) Survivor regions: 5->8(114)
[2025-01-08T01:02:15.465+0000][103005.831s][info][gc,heap     ] GC(4275) Old regions: 255->255
[2025-01-08T01:02:15.465+0000][103005.831s][info][gc,heap     ] GC(4275) Archive regions: 2->2
[2025-01-08T01:02:15.465+0000][103005.831s][info][gc,heap     ] GC(4275) Humongous regions: 49->49
[2025-01-08T01:02:15.465+0000][103005.831s][info][gc,metaspace] GC(4275) Metaspace: 506213K(515008K)->506213K(515008K) NonClass: 444604K(449024K)->444604K(449024K) Class: 61608K(65984K)->61608K(65984K)
[2025-01-08T01:02:15.465+0000][103005.831s][info][gc          ] GC(4275) Pause Young (Normal) (G1 Evacuation Pause) 9703M->2491M(12288M) 31.719ms
[2025-01-08T01:02:15.465+0000][103005.831s][info][gc,cpu      ] GC(4275) User=0.19s Sys=0.00s Real=0.03s
[2025-01-08T01:02:26.360+0000][103016.726s][info][gc,start    ] GC(4276) Pause Young (Concurrent Start) (G1 Evacuation Pause)
[2025-01-08T01:02:26.360+0000][103016.726s][info][gc,task     ] GC(4276) Using 6 workers of 6 for evacuation
[2025-01-08T01:02:26.396+0000][103016.762s][info][gc,phases   ] GC(4276)   Pre Evacuate Collection Set: 1.1ms
[2025-01-08T01:02:26.396+0000][103016.762s][info][gc,phases   ] GC(4276)   Merge Heap Roots: 0.5ms
[2025-01-08T01:02:26.396+0000][103016.762s][info][gc,phases   ] GC(4276)   Evacuate Collection Set: 31.9ms
[2025-01-08T01:02:26.396+0000][103016.762s][info][gc,phases   ] GC(4276)   Post Evacuate Collection Set: 2.6ms
[2025-01-08T01:02:26.396+0000][103016.762s][info][gc,phases   ] GC(4276)   Other: 0.3ms
[2025-01-08T01:02:26.396+0000][103016.762s][info][gc,heap     ] GC(4276) Eden regions: 901->0(900)
[2025-01-08T01:02:26.396+0000][103016.762s][info][gc,heap     ] GC(4276) Survivor regions: 8->9(114)
[2025-01-08T01:02:26.396+0000][103016.762s][info][gc,heap     ] GC(4276) Old regions: 255->255
[2025-01-08T01:02:26.396+0000][103016.762s][info][gc,heap     ] GC(4276) Archive regions: 2->2
[2025-01-08T01:02:26.396+0000][103016.762s][info][gc,heap     ] GC(4276) Humongous regions: 49->49
[2025-01-08T01:02:26.396+0000][103016.762s][info][gc,metaspace] GC(4276) Metaspace: 506213K(515008K)->506213K(515008K) NonClass: 444604K(449024K)->444604K(449024K) Class: 61608K(65984K)->61608K(65984K)
[2025-01-08T01:02:26.396+0000][103016.762s][info][gc          ] GC(4276) Pause Young (Concurrent Start) (G1 Evacuation Pause) 9699M->2501M(12288M) 36.553ms
[2025-01-08T01:02:26.396+0000][103016.762s][info][gc,cpu      ] GC(4276) User=0.19s Sys=0.02s Real=0.04s
[2025-01-08T01:02:26.396+0000][103016.762s][info][gc          ] GC(4277) Concurrent Mark Cycle
[2025-01-08T01:02:26.396+0000][103016.762s][info][gc,marking  ] GC(4277) Concurrent Clear Claimed Marks
[2025-01-08T01:02:26.397+0000][103016.763s][info][gc,marking  ] GC(4277) Concurrent Clear Claimed Marks 0.885ms
[2025-01-08T01:02:26.397+0000][103016.763s][info][gc,marking  ] GC(4277) Concurrent Scan Root Regions
[2025-01-08T01:02:26.426+0000][103016.792s][info][gc,marking  ] GC(4277) Concurrent Scan Root Regions 28.471ms
[2025-01-08T01:02:26.426+0000][103016.792s][info][gc,marking  ] GC(4277) Concurrent Mark
[2025-01-08T01:02:26.426+0000][103016.792s][info][gc,marking  ] GC(4277) Concurrent Mark From Roots
[2025-01-08T01:02:26.426+0000][103016.792s][info][gc,task     ] GC(4277) Using 2 workers of 2 for marking
[2025-01-08T01:02:27.379+0000][103017.746s][info][gc,marking  ] GC(4277) Concurrent Mark From Roots 953.615ms
[2025-01-08T01:02:27.379+0000][103017.746s][info][gc,marking  ] GC(4277) Concurrent Preclean
[2025-01-08T01:02:27.382+0000][103017.748s][info][gc,marking  ] GC(4277) Concurrent Preclean 2.841ms
[2025-01-08T01:02:27.383+0000][103017.749s][info][gc,start    ] GC(4277) Pause Remark
[2025-01-08T01:02:27.409+0000][103017.775s][info][gc          ] GC(4277) Pause Remark 3509M->3509M(12288M) 26.526ms
[2025-01-08T01:02:27.409+0000][103017.775s][info][gc,cpu      ] GC(4277) User=0.16s Sys=0.00s Real=0.02s
[2025-01-08T01:02:27.409+0000][103017.775s][info][gc,marking  ] GC(4277) Concurrent Mark 983.484ms
[2025-01-08T01:02:27.409+0000][103017.775s][info][gc,marking  ] GC(4277) Concurrent Rebuild Remembered Sets
[2025-01-08T01:02:28.028+0000][103018.394s][info][gc,marking  ] GC(4277) Concurrent Rebuild Remembered Sets 618.354ms
[2025-01-08T01:02:28.028+0000][103018.394s][info][gc,start    ] GC(4277) Pause Cleanup
[2025-01-08T01:02:28.028+0000][103018.394s][info][gc          ] GC(4277) Pause Cleanup 4193M->4193M(12288M) 0.398ms
[2025-01-08T01:02:28.028+0000][103018.394s][info][gc,cpu      ] GC(4277) User=0.00s Sys=0.00s Real=0.00s
[2025-01-08T01:02:28.028+0000][103018.394s][info][gc,marking  ] GC(4277) Concurrent Cleanup for Next Mark
[2025-01-08T01:02:28.045+0000][103018.411s][info][gc,marking  ] GC(4277) Concurrent Cleanup for Next Mark 16.231ms
[2025-01-08T01:02:28.045+0000][103018.411s][info][gc          ] GC(4277) Concurrent Mark Cycle 1648.266ms
[2025-01-08T01:02:33.804+0000][103024.170s][info][gc,start    ] GC(4278) Pause Young (Prepare Mixed) (G1 Evacuation Pause)
[2025-01-08T01:02:33.804+0000][103024.170s][info][gc,task     ] GC(4278) Using 6 workers of 6 for evacuation
[2025-01-08T01:02:33.842+0000][103024.208s][info][gc,phases   ] GC(4278)   Pre Evacuate Collection Set: 0.2ms
[2025-01-08T01:02:33.842+0000][103024.208s][info][gc,phases   ] GC(4278)   Merge Heap Roots: 0.7ms
[2025-01-08T01:02:33.842+0000][103024.208s][info][gc,phases   ] GC(4278)   Evacuate Collection Set: 33.2ms
[2025-01-08T01:02:33.842+0000][103024.208s][info][gc,phases   ] GC(4278)   Post Evacuate Collection Set: 4.0ms
[2025-01-08T01:02:33.842+0000][103024.208s][info][gc,phases   ] GC(4278)   Other: 0.2ms
[2025-01-08T01:02:33.842+0000][103024.208s][info][gc,heap     ] GC(4278) Eden regions: 900->0(66)
[2025-01-08T01:02:33.842+0000][103024.208s][info][gc,heap     ] GC(4278) Survivor regions: 9->10(114)
[2025-01-08T01:02:33.842+0000][103024.208s][info][gc,heap     ] GC(4278) Old regions: 255->255
[2025-01-08T01:02:33.842+0000][103024.208s][info][gc,heap     ] GC(4278) Archive regions: 2->2
[2025-01-08T01:02:33.842+0000][103024.208s][info][gc,heap     ] GC(4278) Humongous regions: 49->49
[2025-01-08T01:02:33.842+0000][103024.208s][info][gc,metaspace] GC(4278) Metaspace: 506214K(515008K)->506214K(515008K) NonClass: 444606K(449024K)->444606K(449024K) Class: 61608K(65984K)->61608K(65984K)
[2025-01-08T01:02:33.842+0000][103024.208s][info][gc          ] GC(4278) Pause Young (Prepare Mixed) (G1 Evacuation Pause) 9701M->2514M(12288M) 38.378ms
[2025-01-08T01:02:33.842+0000][103024.208s][info][gc,cpu      ] GC(4278) User=0.23s Sys=0.00s Real=0.04s
[2025-01-08T01:02:34.184+0000][103024.550s][info][gc,start    ] GC(4279) Pause Young (Mixed) (G1 Evacuation Pause)
[2025-01-08T01:02:34.184+0000][103024.550s][info][gc,task     ] GC(4279) Using 6 workers of 6 for evacuation
[2025-01-08T01:02:34.255+0000][103024.621s][info][gc,phases   ] GC(4279)   Pre Evacuate Collection Set: 0.2ms
[2025-01-08T01:02:34.255+0000][103024.621s][info][gc,phases   ] GC(4279)   Merge Heap Roots: 0.8ms
[2025-01-08T01:02:34.255+0000][103024.621s][info][gc,phases   ] GC(4279)   Evacuate Collection Set: 67.9ms
[2025-01-08T01:02:34.255+0000][103024.621s][info][gc,phases   ] GC(4279)   Post Evacuate Collection Set: 1.8ms
[2025-01-08T01:02:34.255+0000][103024.621s][info][gc,phases   ] GC(4279)   Other: 0.2ms
[2025-01-08T01:02:34.255+0000][103024.621s][info][gc,heap     ] GC(4279) Eden regions: 66->0(903)
[2025-01-08T01:02:34.255+0000][103024.621s][info][gc,heap     ] GC(4279) Survivor regions: 10->6(10)
[2025-01-08T01:02:34.255+0000][103024.621s][info][gc,heap     ] GC(4279) Old regions: 255->256
[2025-01-08T01:02:34.255+0000][103024.621s][info][gc,heap     ] GC(4279) Archive regions: 2->2
[2025-01-08T01:02:34.255+0000][103024.621s][info][gc,heap     ] GC(4279) Humongous regions: 49->49
[2025-01-08T01:02:34.255+0000][103024.621s][info][gc,metaspace] GC(4279) Metaspace: 506214K(515008K)->506214K(515008K) NonClass: 444606K(449024K)->444606K(449024K) Class: 61608K(65984K)->61608K(65984K)
[2025-01-08T01:02:34.255+0000][103024.621s][info][gc          ] GC(4279) Pause Young (Mixed) (G1 Evacuation Pause) 3042M->2488M(12288M) 70.895ms
[2025-01-08T01:02:34.255+0000][103024.621s][info][gc,cpu      ] GC(4279) User=0.42s Sys=0.00s Real=0.07s
[2025-01-08T01:02:42.021+0000][103032.387s][info][gc,start    ] GC(4280) Pause Young (Normal) (G1 Evacuation Pause)
[2025-01-08T01:02:42.021+0000][103032.387s][info][gc,task     ] GC(4280) Using 6 workers of 6 for evacuation
[2025-01-08T01:02:42.050+0000][103032.416s][info][gc,phases   ] GC(4280)   Pre Evacuate Collection Set: 0.3ms
[2025-01-08T01:02:42.050+0000][103032.416s][info][gc,phases   ] GC(4280)   Merge Heap Roots: 0.5ms
[2025-01-08T01:02:42.050+0000][103032.416s][info][gc,phases   ] GC(4280)   Evacuate Collection Set: 23.7ms
[2025-01-08T01:02:42.050+0000][103032.416s][info][gc,phases   ] GC(4280)   Post Evacuate Collection Set: 3.9ms
[2025-01-08T01:02:42.050+0000][103032.416s][info][gc,phases   ] GC(4280)   Other: 0.2ms
[2025-01-08T01:02:42.050+0000][103032.416s][info][gc,heap     ] GC(4280) Eden regions: 903->0(901)
[2025-01-08T01:02:42.050+0000][103032.416s][info][gc,heap     ] GC(4280) Survivor regions: 6->7(114)
[2025-01-08T01:02:42.050+0000][103032.416s][info][gc,heap     ] GC(4280) Old regions: 256->256
[2025-01-08T01:02:42.050+0000][103032.416s][info][gc,heap     ] GC(4280) Archive regions: 2->2
[2025-01-08T01:02:42.050+0000][103032.416s][info][gc,heap     ] GC(4280) Humongous regions: 49->49
[2025-01-08T01:02:42.050+0000][103032.416s][info][gc,metaspace] GC(4280) Metaspace: 506214K(515008K)->506214K(515008K) NonClass: 444606K(449024K)->444606K(449024K) Class: 61608K(65984K)->61608K(65984K)
[2025-01-08T01:02:42.050+0000][103032.416s][info][gc          ] GC(4280) Pause Young (Normal) (G1 Evacuation Pause) 9712M->2497M(12288M) 28.656ms
[2025-01-08T01:02:42.050+0000][103032.416s][info][gc,cpu      ] GC(4280) User=0.16s Sys=0.01s Real=0.04s
[2025-01-08T01:02:49.292+0000][103039.658s][info][gc,start    ] GC(4281) Pause Young (Normal) (G1 Evacuation Pause)
[2025-01-08T01:02:49.292+0000][103039.658s][info][gc,task     ] GC(4281) Using 6 workers of 6 for evacuation
[2025-01-08T01:02:49.328+0000][103039.694s][info][gc,phases   ] GC(4281)   Pre Evacuate Collection Set: 0.2ms
[2025-01-08T01:02:49.328+0000][103039.694s][info][gc,phases   ] GC(4281)   Merge Heap Roots: 0.6ms
[2025-01-08T01:02:49.328+0000][103039.694s][info][gc,phases   ] GC(4281)   Evacuate Collection Set: 30.2ms
[2025-01-08T01:02:49.328+0000][103039.694s][info][gc,phases   ] GC(4281)   Post Evacuate Collection Set: 4.6ms
[2025-01-08T01:02:49.328+0000][103039.694s][info][gc,phases   ] GC(4281)   Other: 0.2ms
[2025-01-08T01:02:49.328+0000][103039.694s][info][gc,heap     ] GC(4281) Eden regions: 901->0(898)
[2025-01-08T01:02:49.328+0000][103039.694s][info][gc,heap     ] GC(4281) Survivor regions: 7->8(114)
[2025-01-08T01:02:49.328+0000][103039.694s][info][gc,heap     ] GC(4281) Old regions: 256->256
[2025-01-08T01:02:49.328+0000][103039.694s][info][gc,heap     ] GC(4281) Archive regions: 2->2
[2025-01-08T01:02:49.328+0000][103039.694s][info][gc,heap     ] GC(4281) Humongous regions: 49->49
[2025-01-08T01:02:49.328+0000][103039.694s][info][gc,metaspace] GC(4281) Metaspace: 506214K(515008K)->506214K(515008K) NonClass: 444606K(449024K)->444606K(449024K) Class: 61608K(65984K)->61608K(65984K)
[2025-01-08T01:02:49.328+0000][103039.694s][info][gc          ] GC(4281) Pause Young (Normal) (G1 Evacuation Pause) 9705M->2508M(12288M) 35.939ms
[2025-01-08T01:02:49.328+0000][103039.694s][info][gc,cpu      ] GC(4281) User=0.19s Sys=0.00s Real=0.03s
[2025-01-08T01:02:54.896+0000][103045.262s][info][gc,start    ] GC(4282) Pause Young (Concurrent Start) (G1 Evacuation Pause)
[2025-01-08T01:02:54.896+0000][103045.262s][info][gc,task     ] GC(4282) Using 6 workers of 6 for evacuation
[2025-01-08T01:02:54.932+0000][103045.298s][info][gc,phases   ] GC(4282)   Pre Evacuate Collection Set: 1.1ms
[2025-01-08T01:02:54.932+0000][103045.298s][info][gc,phases   ] GC(4282)   Merge Heap Roots: 0.5ms
[2025-01-08T01:02:54.932+0000][103045.298s][info][gc,phases   ] GC(4282)   Evacuate Collection Set: 31.0ms
[2025-01-08T01:02:54.932+0000][103045.298s][info][gc,phases   ] GC(4282)   Post Evacuate Collection Set: 2.8ms
[2025-01-08T01:02:54.932+0000][103045.298s][info][gc,phases   ] GC(4282)   Other: 0.3ms
[2025-01-08T01:02:54.932+0000][103045.298s][info][gc,heap     ] GC(4282) Eden regions: 898->0(900)
[2025-01-08T01:02:54.932+0000][103045.298s][info][gc,heap     ] GC(4282) Survivor regions: 8->8(114)
[2025-01-08T01:02:54.932+0000][103045.298s][info][gc,heap     ] GC(4282) Old regions: 256->256
[2025-01-08T01:02:54.932+0000][103045.298s][info][gc,heap     ] GC(4282) Archive regions: 2->2
[2025-01-08T01:02:54.932+0000][103045.298s][info][gc,heap     ] GC(4282) Humongous regions: 49->49
[2025-01-08T01:02:54.932+0000][103045.298s][info][gc,metaspace] GC(4282) Metaspace: 506214K(515008K)->506214K(515008K) NonClass: 444606K(449024K)->444606K(449024K) Class: 61608K(65984K)->61608K(65984K)
[2025-01-08T01:02:54.932+0000][103045.298s][info][gc          ] GC(4282) Pause Young (Concurrent Start) (G1 Evacuation Pause) 9692M->2503M(12288M) 35.738ms
[2025-01-08T01:02:54.932+0000][103045.298s][info][gc,cpu      ] GC(4282) User=0.20s Sys=0.00s Real=0.04s
[2025-01-08T01:02:54.932+0000][103045.298s][info][gc          ] GC(4283) Concurrent Mark Cycle
[2025-01-08T01:02:54.932+0000][103045.298s][info][gc,marking  ] GC(4283) Concurrent Clear Claimed Marks
[2025-01-08T01:02:54.933+0000][103045.299s][info][gc,marking  ] GC(4283) Concurrent Clear Claimed Marks 0.931ms
[2025-01-08T01:02:54.933+0000][103045.299s][info][gc,marking  ] GC(4283) Concurrent Scan Root Regions
[2025-01-08T01:02:54.960+0000][103045.326s][info][gc,marking  ] GC(4283) Concurrent Scan Root Regions 26.992ms
[2025-01-08T01:02:54.960+0000][103045.326s][info][gc,marking  ] GC(4283) Concurrent Mark
[2025-01-08T01:02:54.960+0000][103045.326s][info][gc,marking  ] GC(4283) Concurrent Mark From Roots
[2025-01-08T01:02:54.960+0000][103045.326s][info][gc,task     ] GC(4283) Using 2 workers of 2 for marking
[2025-01-08T01:02:56.119+0000][103046.485s][info][gc,marking  ] GC(4283) Concurrent Mark From Roots 1158.754ms
[2025-01-08T01:02:56.119+0000][103046.485s][info][gc,marking  ] GC(4283) Concurrent Preclean
[2025-01-08T01:02:56.121+0000][103046.487s][info][gc,marking  ] GC(4283) Concurrent Preclean 1.969ms
[2025-01-08T01:02:56.121+0000][103046.487s][info][gc,start    ] GC(4283) Pause Remark
[2025-01-08T01:02:56.147+0000][103046.513s][info][gc          ] GC(4283) Pause Remark 4095M->4095M(12288M) 26.093ms
[2025-01-08T01:02:56.147+0000][103046.513s][info][gc,cpu      ] GC(4283) User=0.15s Sys=0.00s Real=0.03s
[2025-01-08T01:02:56.147+0000][103046.513s][info][gc,marking  ] GC(4283) Concurrent Mark 1187.157ms
[2025-01-08T01:02:56.147+0000][103046.513s][info][gc,marking  ] GC(4283) Concurrent Rebuild Remembered Sets
[2025-01-08T01:02:56.659+0000][103047.025s][info][gc,marking  ] GC(4283) Concurrent Rebuild Remembered Sets 512.370ms
[2025-01-08T01:02:56.659+0000][103047.026s][info][gc,start    ] GC(4283) Pause Cleanup
[2025-01-08T01:02:56.660+0000][103047.026s][info][gc          ] GC(4283) Pause Cleanup 4723M->4723M(12288M) 0.469ms
[2025-01-08T01:02:56.660+0000][103047.026s][info][gc,cpu      ] GC(4283) User=0.01s Sys=0.00s Real=0.00s
[2025-01-08T01:02:56.660+0000][103047.026s][info][gc,marking  ] GC(4283) Concurrent Cleanup for Next Mark
[2025-01-08T01:02:56.676+0000][103047.042s][info][gc,marking  ] GC(4283) Concurrent Cleanup for Next Mark 15.464ms
[2025-01-08T01:02:56.676+0000][103047.042s][info][gc          ] GC(4283) Concurrent Mark Cycle 1743.816ms
[2025-01-08T01:02:59.774+0000][103050.140s][info][gc,start    ] GC(4284) Pause Young (Prepare Mixed) (G1 Evacuation Pause)
[2025-01-08T01:02:59.774+0000][103050.141s][info][gc,task     ] GC(4284) Using 6 workers of 6 for evacuation
[2025-01-08T01:02:59.808+0000][103050.174s][info][gc,phases   ] GC(4284)   Pre Evacuate Collection Set: 0.2ms
[2025-01-08T01:02:59.808+0000][103050.174s][info][gc,phases   ] GC(4284)   Merge Heap Roots: 0.7ms
[2025-01-08T01:02:59.808+0000][103050.174s][info][gc,phases   ] GC(4284)   Evacuate Collection Set: 29.9ms
[2025-01-08T01:02:59.808+0000][103050.174s][info][gc,phases   ] GC(4284)   Post Evacuate Collection Set: 2.8ms
[2025-01-08T01:02:59.808+0000][103050.174s][info][gc,phases   ] GC(4284)   Other: 0.2ms
[2025-01-08T01:02:59.808+0000][103050.174s][info][gc,heap     ] GC(4284) Eden regions: 900->0(68)
[2025-01-08T01:02:59.808+0000][103050.174s][info][gc,heap     ] GC(4284) Survivor regions: 8->8(114)
[2025-01-08T01:02:59.808+0000][103050.174s][info][gc,heap     ] GC(4284) Old regions: 256->256
[2025-01-08T01:02:59.808+0000][103050.174s][info][gc,heap     ] GC(4284) Archive regions: 2->2
[2025-01-08T01:02:59.808+0000][103050.174s][info][gc,heap     ] GC(4284) Humongous regions: 49->49
[2025-01-08T01:02:59.808+0000][103050.174s][info][gc,metaspace] GC(4284) Metaspace: 506214K(515008K)->506214K(515008K) NonClass: 444606K(449024K)->444606K(449024K) Class: 61608K(65984K)->61608K(65984K)
[2025-01-08T01:02:59.808+0000][103050.174s][info][gc          ] GC(4284) Pause Young (Prepare Mixed) (G1 Evacuation Pause) 9703M->2504M(12288M) 33.929ms
[2025-01-08T01:02:59.808+0000][103050.174s][info][gc,cpu      ] GC(4284) User=0.20s Sys=0.00s Real=0.03s
[2025-01-08T01:03:00.114+0000][103050.480s][info][gc,start    ] GC(4285) Pause Young (Mixed) (G1 Evacuation Pause)
[2025-01-08T01:03:00.114+0000][103050.480s][info][gc,task     ] GC(4285) Using 6 workers of 6 for evacuation
[2025-01-08T01:03:00.154+0000][103050.520s][info][gc,phases   ] GC(4285)   Pre Evacuate Collection Set: 0.2ms
[2025-01-08T01:03:00.154+0000][103050.520s][info][gc,phases   ] GC(4285)   Merge Heap Roots: 0.4ms
[2025-01-08T01:03:00.154+0000][103050.520s][info][gc,phases   ] GC(4285)   Evacuate Collection Set: 37.5ms
[2025-01-08T01:03:00.154+0000][103050.520s][info][gc,phases   ] GC(4285)   Post Evacuate Collection Set: 1.8ms
[2025-01-08T01:03:00.154+0000][103050.520s][info][gc,phases   ] GC(4285)   Other: 0.2ms
[2025-01-08T01:03:00.154+0000][103050.520s][info][gc,heap     ] GC(4285) Eden regions: 68->0(908)
[2025-01-08T01:03:00.154+0000][103050.520s][info][gc,heap     ] GC(4285) Survivor regions: 8->6(10)
[2025-01-08T01:03:00.154+0000][103050.520s][info][gc,heap     ] GC(4285) Old regions: 256->251
[2025-01-08T01:03:00.154+0000][103050.520s][info][gc,heap     ] GC(4285) Archive regions: 2->2
[2025-01-08T01:03:00.154+0000][103050.520s][info][gc,heap     ] GC(4285) Humongous regions: 49->49
[2025-01-08T01:03:00.154+0000][103050.520s][info][gc,metaspace] GC(4285) Metaspace: 506214K(515008K)->506214K(515008K) NonClass: 444606K(449024K)->444606K(449024K) Class: 61608K(65984K)->61608K(65984K)
[2025-01-08T01:03:00.154+0000][103050.520s][info][gc          ] GC(4285) Pause Young (Mixed) (G1 Evacuation Pause) 3048M->2444M(12288M) 40.282ms
[2025-01-08T01:03:00.154+0000][103050.520s][info][gc,cpu      ] GC(4285) User=0.23s Sys=0.00s Real=0.04s
[2025-01-08T01:03:04.684+0000][103055.050s][info][gc,start    ] GC(4286) Pause Young (Normal) (G1 Evacuation Pause)
[2025-01-08T01:03:04.684+0000][103055.050s][info][gc,task     ] GC(4286) Using 6 workers of 6 for evacuation
[2025-01-08T01:03:04.710+0000][103055.076s][info][gc,phases   ] GC(4286)   Pre Evacuate Collection Set: 0.2ms
[2025-01-08T01:03:04.710+0000][103055.076s][info][gc,phases   ] GC(4286)   Merge Heap Roots: 0.5ms
[2025-01-08T01:03:04.710+0000][103055.076s][info][gc,phases   ] GC(4286)   Evacuate Collection Set: 23.0ms
[2025-01-08T01:03:04.710+0000][103055.076s][info][gc,phases   ] GC(4286)   Post Evacuate Collection Set: 2.4ms
[2025-01-08T01:03:04.710+0000][103055.076s][info][gc,phases   ] GC(4286)   Other: 0.2ms
[2025-01-08T01:03:04.710+0000][103055.076s][info][gc,heap     ] GC(4286) Eden regions: 908->0(910)
[2025-01-08T01:03:04.710+0000][103055.076s][info][gc,heap     ] GC(4286) Survivor regions: 6->6(115)
[2025-01-08T01:03:04.710+0000][103055.076s][info][gc,heap     ] GC(4286) Old regions: 251->251
[2025-01-08T01:03:04.710+0000][103055.076s][info][gc,heap     ] GC(4286) Archive regions: 2->2
[2025-01-08T01:03:04.710+0000][103055.076s][info][gc,heap     ] GC(4286) Humongous regions: 49->49
[2025-01-08T01:03:04.710+0000][103055.076s][info][gc,metaspace] GC(4286) Metaspace: 506214K(515008K)->506214K(515008K) NonClass: 444606K(449024K)->444606K(449024K) Class: 61608K(65984K)->61608K(65984K)
[2025-01-08T01:03:04.710+0000][103055.076s][info][gc          ] GC(4286) Pause Young (Normal) (G1 Evacuation Pause) 9708M->2448M(12288M) 26.382ms
[2025-01-08T01:03:04.710+0000][103055.076s][info][gc,cpu      ] GC(4286) User=0.15s Sys=0.00s Real=0.03s
[2025-01-08T01:03:09.572+0000][103059.938s][info][gc,start    ] GC(4287) Pause Young (Normal) (G1 Evacuation Pause)
[2025-01-08T01:03:09.572+0000][103059.938s][info][gc,task     ] GC(4287) Using 6 workers of 6 for evacuation
[2025-01-08T01:03:09.600+0000][103059.967s][info][gc,phases   ] GC(4287)   Pre Evacuate Collection Set: 0.2ms
[2025-01-08T01:03:09.601+0000][103059.967s][info][gc,phases   ] GC(4287)   Merge Heap Roots: 0.4ms
[2025-01-08T01:03:09.601+0000][103059.967s][info][gc,phases   ] GC(4287)   Evacuate Collection Set: 25.4ms
[2025-01-08T01:03:09.601+0000][103059.967s][info][gc,phases   ] GC(4287)   Post Evacuate Collection Set: 2.4ms
[2025-01-08T01:03:09.601+0000][103059.967s][info][gc,phases   ] GC(4287)   Other: 0.2ms
[2025-01-08T01:03:09.601+0000][103059.967s][info][gc,heap     ] GC(4287) Eden regions: 910->0(907)
[2025-01-08T01:03:09.601+0000][103059.967s][info][gc,heap     ] GC(4287) Survivor regions: 6->8(115)
[2025-01-08T01:03:09.601+0000][103059.967s][info][gc,heap     ] GC(4287) Old regions: 251->251
[2025-01-08T01:03:09.601+0000][103059.967s][info][gc,heap     ] GC(4287) Archive regions: 2->2
[2025-01-08T01:03:09.601+0000][103059.967s][info][gc,heap     ] GC(4287) Humongous regions: 49->49
[2025-01-08T01:03:09.601+0000][103059.967s][info][gc,metaspace] GC(4287) Metaspace: 506214K(515008K)->506214K(515008K) NonClass: 444606K(449024K)->444606K(449024K) Class: 61608K(65984K)->61608K(65984K)
[2025-01-08T01:03:09.601+0000][103059.967s][info][gc          ] GC(4287) Pause Young (Normal) (G1 Evacuation Pause) 9728M->2459M(12288M) 28.799ms
[2025-01-08T01:03:09.601+0000][103059.967s][info][gc,cpu      ] GC(4287) User=0.16s Sys=0.00s Real=0.02s
[2025-01-08T01:03:15.064+0000][103065.430s][info][gc,start    ] GC(4288) Pause Young (Concurrent Start) (G1 Evacuation Pause)
[2025-01-08T01:03:15.064+0000][103065.431s][info][gc,task     ] GC(4288) Using 6 workers of 6 for evacuation
[2025-01-08T01:03:15.097+0000][103065.463s][info][gc,phases   ] GC(4288)   Pre Evacuate Collection Set: 1.1ms
[2025-01-08T01:03:15.097+0000][103065.463s][info][gc,phases   ] GC(4288)   Merge Heap Roots: 0.5ms
[2025-01-08T01:03:15.097+0000][103065.463s][info][gc,phases   ] GC(4288)   Evacuate Collection Set: 27.7ms
[2025-01-08T01:03:15.097+0000][103065.463s][info][gc,phases   ] GC(4288)   Post Evacuate Collection Set: 2.6ms
[2025-01-08T01:03:15.097+0000][103065.463s][info][gc,phases   ] GC(4288)   Other: 0.3ms
[2025-01-08T01:03:15.097+0000][103065.463s][info][gc,heap     ] GC(4288) Eden regions: 907->0(908)
[2025-01-08T01:03:15.097+0000][103065.463s][info][gc,heap     ] GC(4288) Survivor regions: 8->8(115)
[2025-01-08T01:03:15.097+0000][103065.463s][info][gc,heap     ] GC(4288) Old regions: 251->251
[2025-01-08T01:03:15.097+0000][103065.463s][info][gc,heap     ] GC(4288) Archive regions: 2->2
[2025-01-08T01:03:15.097+0000][103065.463s][info][gc,heap     ] GC(4288) Humongous regions: 49->49
[2025-01-08T01:03:15.097+0000][103065.463s][info][gc,metaspace] GC(4288) Metaspace: 506214K(515008K)->506214K(515008K) NonClass: 444606K(449024K)->444606K(449024K) Class: 61608K(65984K)->61608K(65984K)
[2025-01-08T01:03:15.097+0000][103065.463s][info][gc          ] GC(4288) Pause Young (Concurrent Start) (G1 Evacuation Pause) 9715M->2461M(12288M) 32.295ms
[2025-01-08T01:03:15.097+0000][103065.463s][info][gc,cpu      ] GC(4288) User=0.18s Sys=0.00s Real=0.03s
[2025-01-08T01:03:15.097+0000][103065.463s][info][gc          ] GC(4289) Concurrent Mark Cycle
[2025-01-08T01:03:15.097+0000][103065.463s][info][gc,marking  ] GC(4289) Concurrent Clear Claimed Marks
[2025-01-08T01:03:15.098+0000][103065.464s][info][gc,marking  ] GC(4289) Concurrent Clear Claimed Marks 0.996ms
[2025-01-08T01:03:15.098+0000][103065.464s][info][gc,marking  ] GC(4289) Concurrent Scan Root Regions
[2025-01-08T01:03:15.127+0000][103065.493s][info][gc,marking  ] GC(4289) Concurrent Scan Root Regions 29.172ms
[2025-01-08T01:03:15.127+0000][103065.493s][info][gc,marking  ] GC(4289) Concurrent Mark
[2025-01-08T01:03:15.127+0000][103065.493s][info][gc,marking  ] GC(4289) Concurrent Mark From Roots
[2025-01-08T01:03:15.127+0000][103065.493s][info][gc,task     ] GC(4289) Using 2 workers of 2 for marking
[2025-01-08T01:03:16.161+0000][103066.527s][info][gc,marking  ] GC(4289) Concurrent Mark From Roots 1034.197ms
[2025-01-08T01:03:16.161+0000][103066.527s][info][gc,marking  ] GC(4289) Concurrent Preclean
[2025-01-08T01:03:16.164+0000][103066.530s][info][gc,marking  ] GC(4289) Concurrent Preclean 2.944ms
[2025-01-08T01:03:16.164+0000][103066.530s][info][gc,start    ] GC(4289) Pause Remark
[2025-01-08T01:03:16.191+0000][103066.557s][info][gc          ] GC(4289) Pause Remark 3673M->3673M(12288M) 26.693ms
[2025-01-08T01:03:16.191+0000][103066.557s][info][gc,cpu      ] GC(4289) User=0.15s Sys=0.00s Real=0.03s
[2025-01-08T01:03:16.191+0000][103066.557s][info][gc,marking  ] GC(4289) Concurrent Mark 1064.244ms
[2025-01-08T01:03:16.191+0000][103066.557s][info][gc,marking  ] GC(4289) Concurrent Rebuild Remembered Sets
[2025-01-08T01:03:16.942+0000][103067.308s][info][gc,marking  ] GC(4289) Concurrent Rebuild Remembered Sets 750.274ms
[2025-01-08T01:03:16.942+0000][103067.308s][info][gc,start    ] GC(4289) Pause Cleanup
[2025-01-08T01:03:16.942+0000][103067.308s][info][gc          ] GC(4289) Pause Cleanup 4661M->4661M(12288M) 0.451ms
[2025-01-08T01:03:16.942+0000][103067.308s][info][gc,cpu      ] GC(4289) User=0.00s Sys=0.00s Real=0.00s
[2025-01-08T01:03:16.942+0000][103067.308s][info][gc,marking  ] GC(4289) Concurrent Cleanup for Next Mark
[2025-01-08T01:03:16.959+0000][103067.325s][info][gc,marking  ] GC(4289) Concurrent Cleanup for Next Mark 16.429ms
[2025-01-08T01:03:16.959+0000][103067.325s][info][gc          ] GC(4289) Concurrent Mark Cycle 1862.012ms
[2025-01-08T01:03:20.500+0000][103070.866s][info][gc,start    ] GC(4290) Pause Young (Prepare Mixed) (G1 Evacuation Pause)
[2025-01-08T01:03:20.500+0000][103070.866s][info][gc,task     ] GC(4290) Using 6 workers of 6 for evacuation
[2025-01-08T01:03:20.532+0000][103070.898s][info][gc,phases   ] GC(4290)   Pre Evacuate Collection Set: 0.2ms
[2025-01-08T01:03:20.532+0000][103070.898s][info][gc,phases   ] GC(4290)   Merge Heap Roots: 0.7ms
[2025-01-08T01:03:20.532+0000][103070.898s][info][gc,phases   ] GC(4290)   Evacuate Collection Set: 28.8ms
[2025-01-08T01:03:20.532+0000][103070.898s][info][gc,phases   ] GC(4290)   Post Evacuate Collection Set: 2.6ms
[2025-01-08T01:03:20.532+0000][103070.898s][info][gc,phases   ] GC(4290)   Other: 0.2ms
[2025-01-08T01:03:20.532+0000][103070.898s][info][gc,heap     ] GC(4290) Eden regions: 908->0(68)
[2025-01-08T01:03:20.532+0000][103070.898s][info][gc,heap     ] GC(4290) Survivor regions: 8->8(115)
[2025-01-08T01:03:20.532+0000][103070.898s][info][gc,heap     ] GC(4290) Old regions: 251->251
[2025-01-08T01:03:20.532+0000][103070.898s][info][gc,heap     ] GC(4290) Archive regions: 2->2
[2025-01-08T01:03:20.532+0000][103070.898s][info][gc,heap     ] GC(4290) Humongous regions: 49->49
[2025-01-08T01:03:20.532+0000][103070.898s][info][gc,metaspace] GC(4290) Metaspace: 506214K(515008K)->506214K(515008K) NonClass: 444606K(449024K)->444606K(449024K) Class: 61608K(65984K)->61608K(65984K)
[2025-01-08T01:03:20.532+0000][103070.898s][info][gc          ] GC(4290) Pause Young (Prepare Mixed) (G1 Evacuation Pause) 9725M->2463M(12288M) 32.577ms
[2025-01-08T01:03:20.532+0000][103070.898s][info][gc,cpu      ] GC(4290) User=0.19s Sys=0.00s Real=0.04s
[2025-01-08T01:03:21.074+0000][103071.440s][info][gc,start    ] GC(4291) Pause Young (Mixed) (G1 Evacuation Pause)
[2025-01-08T01:03:21.074+0000][103071.440s][info][gc,task     ] GC(4291) Using 6 workers of 6 for evacuation
[2025-01-08T01:03:21.131+0000][103071.497s][info][gc,phases   ] GC(4291)   Pre Evacuate Collection Set: 0.2ms
[2025-01-08T01:03:21.131+0000][103071.497s][info][gc,phases   ] GC(4291)   Merge Heap Roots: 0.6ms
[2025-01-08T01:03:21.131+0000][103071.497s][info][gc,phases   ] GC(4291)   Evacuate Collection Set: 54.4ms
[2025-01-08T01:03:21.131+0000][103071.497s][info][gc,phases   ] GC(4291)   Post Evacuate Collection Set: 1.8ms
[2025-01-08T01:03:21.131+0000][103071.497s][info][gc,phases   ] GC(4291)   Other: 0.2ms
[2025-01-08T01:03:21.131+0000][103071.498s][info][gc,heap     ] GC(4291) Eden regions: 68->0(911)
[2025-01-08T01:03:21.131+0000][103071.498s][info][gc,heap     ] GC(4291) Survivor regions: 8->7(10)
[2025-01-08T01:03:21.131+0000][103071.498s][info][gc,heap     ] GC(4291) Old regions: 251->248
[2025-01-08T01:03:21.131+0000][103071.498s][info][gc,heap     ] GC(4291) Archive regions: 2->2
[2025-01-08T01:03:21.131+0000][103071.498s][info][gc,heap     ] GC(4291) Humongous regions: 49->49
[2025-01-08T01:03:21.131+0000][103071.498s][info][gc,metaspace] GC(4291) Metaspace: 506214K(515008K)->506214K(515008K) NonClass: 444606K(449024K)->444606K(449024K) Class: 61608K(65984K)->61608K(65984K)
[2025-01-08T01:03:21.131+0000][103071.498s][info][gc          ] GC(4291) Pause Young (Mixed) (G1 Evacuation Pause) 3007M->2431M(12288M) 57.232ms
[2025-01-08T01:03:21.131+0000][103071.498s][info][gc,cpu      ] GC(4291) User=0.34s Sys=0.00s Real=0.06s
[2025-01-08T01:03:28.917+0000][103079.283s][info][gc,start    ] GC(4292) Pause Young (Normal) (G1 Evacuation Pause)
[2025-01-08T01:03:28.917+0000][103079.283s][info][gc,task     ] GC(4292) Using 6 workers of 6 for evacuation
[2025-01-08T01:03:28.946+0000][103079.312s][info][gc,phases   ] GC(4292)   Pre Evacuate Collection Set: 0.2ms
[2025-01-08T01:03:28.946+0000][103079.312s][info][gc,phases   ] GC(4292)   Merge Heap Roots: 0.5ms
[2025-01-08T01:03:28.946+0000][103079.312s][info][gc,phases   ] GC(4292)   Evacuate Collection Set: 25.6ms
[2025-01-08T01:03:28.946+0000][103079.312s][info][gc,phases   ] GC(4292)   Post Evacuate Collection Set: 2.6ms
[2025-01-08T01:03:28.946+0000][103079.312s][info][gc,phases   ] GC(4292)   Other: 0.2ms
[2025-01-08T01:03:28.946+0000][103079.312s][info][gc,heap     ] GC(4292) Eden regions: 911->0(910)
[2025-01-08T01:03:28.946+0000][103079.312s][info][gc,heap     ] GC(4292) Survivor regions: 7->7(115)
[2025-01-08T01:03:28.946+0000][103079.312s][info][gc,heap     ] GC(4292) Old regions: 248->248
[2025-01-08T01:03:28.946+0000][103079.312s][info][gc,heap     ] GC(4292) Archive regions: 2->2
[2025-01-08T01:03:28.946+0000][103079.312s][info][gc,heap     ] GC(4292) Humongous regions: 49->49
[2025-01-08T01:03:28.946+0000][103079.312s][info][gc,metaspace] GC(4292) Metaspace: 506214K(515008K)->506214K(515008K) NonClass: 444606K(449024K)->444606K(449024K) Class: 61608K(65984K)->61608K(65984K)
[2025-01-08T01:03:28.946+0000][103079.312s][info][gc          ] GC(4292) Pause Young (Normal) (G1 Evacuation Pause) 9719M->2433M(12288M) 29.223ms
[2025-01-08T01:03:28.946+0000][103079.312s][info][gc,cpu      ] GC(4292) User=0.17s Sys=0.00s Real=0.03s
[2025-01-08T01:03:35.798+0000][103086.164s][info][gc,start    ] GC(4293) Pause Young (Normal) (G1 Evacuation Pause)
[2025-01-08T01:03:35.798+0000][103086.164s][info][gc,task     ] GC(4293) Using 6 workers of 6 for evacuation
[2025-01-08T01:03:35.829+0000][103086.195s][info][gc,phases   ] GC(4293)   Pre Evacuate Collection Set: 0.2ms
[2025-01-08T01:03:35.829+0000][103086.195s][info][gc,phases   ] GC(4293)   Merge Heap Roots: 0.5ms
[2025-01-08T01:03:35.829+0000][103086.195s][info][gc,phases   ] GC(4293)   Evacuate Collection Set: 25.3ms
[2025-01-08T01:03:35.829+0000][103086.195s][info][gc,phases   ] GC(4293)   Post Evacuate Collection Set: 5.0ms
[2025-01-08T01:03:35.829+0000][103086.195s][info][gc,phases   ] GC(4293)   Other: 0.2ms
[2025-01-08T01:03:35.829+0000][103086.195s][info][gc,heap     ] GC(4293) Eden regions: 910->0(910)
[2025-01-08T01:03:35.829+0000][103086.195s][info][gc,heap     ] GC(4293) Survivor regions: 7->8(115)
[2025-01-08T01:03:35.829+0000][103086.195s][info][gc,heap     ] GC(4293) Old regions: 248->248
[2025-01-08T01:03:35.829+0000][103086.195s][info][gc,heap     ] GC(4293) Archive regions: 2->2
[2025-01-08T01:03:35.829+0000][103086.195s][info][gc,heap     ] GC(4293) Humongous regions: 49->49
[2025-01-08T01:03:35.829+0000][103086.195s][info][gc,metaspace] GC(4293) Metaspace: 506214K(515008K)->506214K(515008K) NonClass: 444606K(449024K)->444606K(449024K) Class: 61608K(65984K)->61608K(65984K)
[2025-01-08T01:03:35.829+0000][103086.195s][info][gc          ] GC(4293) Pause Young (Normal) (G1 Evacuation Pause) 9713M->2438M(12288M) 31.274ms
[2025-01-08T01:03:35.829+0000][103086.196s][info][gc,cpu      ] GC(4293) User=0.19s Sys=0.00s Real=0.03s
[2025-01-08T01:03:43.328+0000][103093.694s][info][gc,start    ] GC(4294) Pause Young (Concurrent Start) (G1 Evacuation Pause)
[2025-01-08T01:03:43.328+0000][103093.694s][info][gc,task     ] GC(4294) Using 6 workers of 6 for evacuation
[2025-01-08T01:03:43.365+0000][103093.731s][info][gc,phases   ] GC(4294)   Pre Evacuate Collection Set: 1.1ms
[2025-01-08T01:03:43.365+0000][103093.731s][info][gc,phases   ] GC(4294)   Merge Heap Roots: 0.5ms
[2025-01-08T01:03:43.365+0000][103093.731s][info][gc,phases   ] GC(4294)   Evacuate Collection Set: 32.8ms
[2025-01-08T01:03:43.365+0000][103093.731s][info][gc,phases   ] GC(4294)   Post Evacuate Collection Set: 2.7ms
[2025-01-08T01:03:43.365+0000][103093.731s][info][gc,phases   ] GC(4294)   Other: 0.3ms
[2025-01-08T01:03:43.365+0000][103093.731s][info][gc,heap     ] GC(4294) Eden regions: 910->0(906)
[2025-01-08T01:03:43.365+0000][103093.731s][info][gc,heap     ] GC(4294) Survivor regions: 8->10(115)
[2025-01-08T01:03:43.365+0000][103093.731s][info][gc,heap     ] GC(4294) Old regions: 248->248
[2025-01-08T01:03:43.365+0000][103093.731s][info][gc,heap     ] GC(4294) Archive regions: 2->2
[2025-01-08T01:03:43.365+0000][103093.731s][info][gc,heap     ] GC(4294) Humongous regions: 49->49
[2025-01-08T01:03:43.365+0000][103093.731s][info][gc,metaspace] GC(4294) Metaspace: 506214K(515008K)->506214K(515008K) NonClass: 444606K(449024K)->444606K(449024K) Class: 61608K(65984K)->61608K(65984K)
[2025-01-08T01:03:43.365+0000][103093.731s][info][gc          ] GC(4294) Pause Young (Concurrent Start) (G1 Evacuation Pause) 9718M->2458M(12288M) 37.471ms
[2025-01-08T01:03:43.365+0000][103093.731s][info][gc,cpu      ] GC(4294) User=0.21s Sys=0.00s Real=0.04s
[2025-01-08T01:03:43.365+0000][103093.731s][info][gc          ] GC(4295) Concurrent Mark Cycle
[2025-01-08T01:03:43.365+0000][103093.731s][info][gc,marking  ] GC(4295) Concurrent Clear Claimed Marks
[2025-01-08T01:03:43.366+0000][103093.732s][info][gc,marking  ] GC(4295) Concurrent Clear Claimed Marks 0.985ms
[2025-01-08T01:03:43.366+0000][103093.732s][info][gc,marking  ] GC(4295) Concurrent Scan Root Regions
[2025-01-08T01:03:43.397+0000][103093.763s][info][gc,marking  ] GC(4295) Concurrent Scan Root Regions 31.050ms
[2025-01-08T01:03:43.397+0000][103093.764s][info][gc,marking  ] GC(4295) Concurrent Mark
[2025-01-08T01:03:43.397+0000][103093.764s][info][gc,marking  ] GC(4295) Concurrent Mark From Roots
[2025-01-08T01:03:43.397+0000][103093.764s][info][gc,task     ] GC(4295) Using 2 workers of 2 for marking
[2025-01-08T01:03:44.420+0000][103094.786s][info][gc,marking  ] GC(4295) Concurrent Mark From Roots 1022.617ms
[2025-01-08T01:03:44.420+0000][103094.786s][info][gc,marking  ] GC(4295) Concurrent Preclean
[2025-01-08T01:03:44.422+0000][103094.788s][info][gc,marking  ] GC(4295) Concurrent Preclean 2.025ms
[2025-01-08T01:03:44.422+0000][103094.788s][info][gc,start    ] GC(4295) Pause Remark
[2025-01-08T01:03:44.449+0000][103094.815s][info][gc          ] GC(4295) Pause Remark 3554M->3554M(12288M) 26.871ms
[2025-01-08T01:03:44.449+0000][103094.815s][info][gc,cpu      ] GC(4295) User=0.15s Sys=0.00s Real=0.02s
[2025-01-08T01:03:44.449+0000][103094.815s][info][gc,marking  ] GC(4295) Concurrent Mark 1051.886ms
[2025-01-08T01:03:44.449+0000][103094.815s][info][gc,marking  ] GC(4295) Concurrent Rebuild Remembered Sets
[2025-01-08T01:03:44.979+0000][103095.345s][info][gc,marking  ] GC(4295) Concurrent Rebuild Remembered Sets 529.410ms
[2025-01-08T01:03:44.979+0000][103095.345s][info][gc,start    ] GC(4295) Pause Cleanup
[2025-01-08T01:03:44.979+0000][103095.345s][info][gc          ] GC(4295) Pause Cleanup 3694M->3694M(12288M) 0.427ms
[2025-01-08T01:03:44.979+0000][103095.345s][info][gc,cpu      ] GC(4295) User=0.00s Sys=0.00s Real=0.00s
[2025-01-08T01:03:44.979+0000][103095.346s][info][gc,marking  ] GC(4295) Concurrent Cleanup for Next Mark
[2025-01-08T01:03:44.995+0000][103095.361s][info][gc,marking  ] GC(4295) Concurrent Cleanup for Next Mark 15.909ms
[2025-01-08T01:03:44.995+0000][103095.361s][info][gc          ] GC(4295) Concurrent Mark Cycle 1630.097ms
[2025-01-08T01:03:51.052+0000][103101.418s][info][gc,start    ] GC(4296) Pause Young (Prepare Mixed) (G1 Evacuation Pause)
[2025-01-08T01:03:51.052+0000][103101.418s][info][gc,task     ] GC(4296) Using 6 workers of 6 for evacuation
[2025-01-08T01:03:51.090+0000][103101.456s][info][gc,phases   ] GC(4296)   Pre Evacuate Collection Set: 0.2ms
[2025-01-08T01:03:51.090+0000][103101.457s][info][gc,phases   ] GC(4296)   Merge Heap Roots: 0.7ms
[2025-01-08T01:03:51.090+0000][103101.457s][info][gc,phases   ] GC(4296)   Evacuate Collection Set: 33.4ms
[2025-01-08T01:03:51.090+0000][103101.457s][info][gc,phases   ] GC(4296)   Post Evacuate Collection Set: 4.0ms
[2025-01-08T01:03:51.090+0000][103101.457s][info][gc,phases   ] GC(4296)   Other: 0.2ms
[2025-01-08T01:03:51.090+0000][103101.457s][info][gc,heap     ] GC(4296) Eden regions: 906->0(66)
[2025-01-08T01:03:51.090+0000][103101.457s][info][gc,heap     ] GC(4296) Survivor regions: 10->10(115)
[2025-01-08T01:03:51.090+0000][103101.457s][info][gc,heap     ] GC(4296) Old regions: 248->248
[2025-01-08T01:03:51.090+0000][103101.457s][info][gc,heap     ] GC(4296) Archive regions: 2->2
[2025-01-08T01:03:51.090+0000][103101.457s][info][gc,heap     ] GC(4296) Humongous regions: 49->49
[2025-01-08T01:03:51.090+0000][103101.457s][info][gc,metaspace] GC(4296) Metaspace: 506214K(515008K)->506214K(515008K) NonClass: 444606K(449024K)->444606K(449024K) Class: 61608K(65984K)->61608K(65984K)
[2025-01-08T01:03:51.090+0000][103101.457s][info][gc          ] GC(4296) Pause Young (Prepare Mixed) (G1 Evacuation Pause) 9706M->2461M(12288M) 38.617ms
[2025-01-08T01:03:51.091+0000][103101.457s][info][gc,cpu      ] GC(4296) User=0.22s Sys=0.00s Real=0.04s
[2025-01-08T01:03:51.489+0000][103101.855s][info][gc,start    ] GC(4297) Pause Young (Mixed) (G1 Evacuation Pause)
[2025-01-08T01:03:51.489+0000][103101.855s][info][gc,task     ] GC(4297) Using 6 workers of 6 for evacuation
[2025-01-08T01:03:51.557+0000][103101.923s][info][gc,phases   ] GC(4297)   Pre Evacuate Collection Set: 0.2ms
[2025-01-08T01:03:51.557+0000][103101.923s][info][gc,phases   ] GC(4297)   Merge Heap Roots: 0.7ms
[2025-01-08T01:03:51.557+0000][103101.923s][info][gc,phases   ] GC(4297)   Evacuate Collection Set: 64.8ms
[2025-01-08T01:03:51.557+0000][103101.923s][info][gc,phases   ] GC(4297)   Post Evacuate Collection Set: 2.0ms
[2025-01-08T01:03:51.557+0000][103101.923s][info][gc,phases   ] GC(4297)   Other: 0.2ms
[2025-01-08T01:03:51.557+0000][103101.923s][info][gc,heap     ] GC(4297) Eden regions: 66->0(910)
[2025-01-08T01:03:51.557+0000][103101.923s][info][gc,heap     ] GC(4297) Survivor regions: 10->5(10)
[2025-01-08T01:03:51.557+0000][103101.923s][info][gc,heap     ] GC(4297) Old regions: 248->249
[2025-01-08T01:03:51.557+0000][103101.923s][info][gc,heap     ] GC(4297) Archive regions: 2->2
[2025-01-08T01:03:51.557+0000][103101.923s][info][gc,heap     ] GC(4297) Humongous regions: 49->49
[2025-01-08T01:03:51.557+0000][103101.923s][info][gc,metaspace] GC(4297) Metaspace: 506214K(515008K)->506214K(515008K) NonClass: 444606K(449024K)->444606K(449024K) Class: 61608K(65984K)->61608K(65984K)
[2025-01-08T01:03:51.557+0000][103101.923s][info][gc          ] GC(4297) Pause Young (Mixed) (G1 Evacuation Pause) 2989M->2422M(12288M) 67.886ms
[2025-01-08T01:03:51.557+0000][103101.923s][info][gc,cpu      ] GC(4297) User=0.38s Sys=0.00s Real=0.07s
[2025-01-08T01:03:59.406+0000][103109.772s][info][gc,start    ] GC(4298) Pause Young (Normal) (G1 Evacuation Pause)
[2025-01-08T01:03:59.406+0000][103109.772s][info][gc,task     ] GC(4298) Using 6 workers of 6 for evacuation
[2025-01-08T01:03:59.431+0000][103109.797s][info][gc,phases   ] GC(4298)   Pre Evacuate Collection Set: 0.2ms
[2025-01-08T01:03:59.431+0000][103109.797s][info][gc,phases   ] GC(4298)   Merge Heap Roots: 0.4ms
[2025-01-08T01:03:59.431+0000][103109.797s][info][gc,phases   ] GC(4298)   Evacuate Collection Set: 21.0ms
[2025-01-08T01:03:59.431+0000][103109.797s][info][gc,phases   ] GC(4298)   Post Evacuate Collection Set: 2.5ms
[2025-01-08T01:03:59.431+0000][103109.797s][info][gc,phases   ] GC(4298)   Other: 0.2ms
[2025-01-08T01:03:59.431+0000][103109.797s][info][gc,heap     ] GC(4298) Eden regions: 910->0(909)
[2025-01-08T01:03:59.431+0000][103109.797s][info][gc,heap     ] GC(4298) Survivor regions: 5->6(115)
[2025-01-08T01:03:59.431+0000][103109.797s][info][gc,heap     ] GC(4298) Old regions: 249->249
[2025-01-08T01:03:59.431+0000][103109.797s][info][gc,heap     ] GC(4298) Archive regions: 2->2
[2025-01-08T01:03:59.431+0000][103109.797s][info][gc,heap     ] GC(4298) Humongous regions: 49->49
[2025-01-08T01:03:59.431+0000][103109.797s][info][gc,metaspace] GC(4298) Metaspace: 506214K(515008K)->506214K(515008K) NonClass: 444606K(449024K)->444606K(449024K) Class: 61608K(65984K)->61608K(65984K)
[2025-01-08T01:03:59.431+0000][103109.797s][info][gc          ] GC(4298) Pause Young (Normal) (G1 Evacuation Pause) 9702M->2431M(12288M) 24.487ms
[2025-01-08T01:03:59.431+0000][103109.797s][info][gc,cpu      ] GC(4298) User=0.14s Sys=0.00s Real=0.03s
[2025-01-08T01:04:07.616+0000][103117.982s][info][gc,start    ] GC(4299) Pause Young (Normal) (G1 Evacuation Pause)
[2025-01-08T01:04:07.616+0000][103117.982s][info][gc,task     ] GC(4299) Using 6 workers of 6 for evacuation
[2025-01-08T01:04:07.649+0000][103118.015s][info][gc,phases   ] GC(4299)   Pre Evacuate Collection Set: 0.2ms
[2025-01-08T01:04:07.649+0000][103118.015s][info][gc,phases   ] GC(4299)   Merge Heap Roots: 0.5ms
[2025-01-08T01:04:07.649+0000][103118.015s][info][gc,phases   ] GC(4299)   Evacuate Collection Set: 29.5ms
[2025-01-08T01:04:07.649+0000][103118.015s][info][gc,phases   ] GC(4299)   Post Evacuate Collection Set: 2.5ms
[2025-01-08T01:04:07.649+0000][103118.015s][info][gc,phases   ] GC(4299)   Other: 0.2ms
[2025-01-08T01:04:07.649+0000][103118.015s][info][gc,heap     ] GC(4299) Eden regions: 909->0(905)
[2025-01-08T01:04:07.649+0000][103118.015s][info][gc,heap     ] GC(4299) Survivor regions: 6->8(115)
[2025-01-08T01:04:07.649+0000][103118.015s][info][gc,heap     ] GC(4299) Old regions: 249->249
[2025-01-08T01:04:07.649+0000][103118.015s][info][gc,heap     ] GC(4299) Archive regions: 2->2
[2025-01-08T01:04:07.649+0000][103118.015s][info][gc,heap     ] GC(4299) Humongous regions: 49->49
[2025-01-08T01:04:07.649+0000][103118.015s][info][gc,metaspace] GC(4299) Metaspace: 506214K(515008K)->506214K(515008K) NonClass: 444606K(449024K)->444606K(449024K) Class: 61608K(65984K)->61608K(65984K)
[2025-01-08T01:04:07.649+0000][103118.015s][info][gc          ] GC(4299) Pause Young (Normal) (G1 Evacuation Pause) 9703M->2452M(12288M) 33.023ms
[2025-01-08T01:04:07.649+0000][103118.015s][info][gc,cpu      ] GC(4299) User=0.20s Sys=0.00s Real=0.03s
[2025-01-08T01:04:15.934+0000][103126.300s][info][gc,start    ] GC(4300) Pause Young (Concurrent Start) (G1 Evacuation Pause)
[2025-01-08T01:04:15.934+0000][103126.300s][info][gc,task     ] GC(4300) Using 6 workers of 6 for evacuation
[2025-01-08T01:04:15.970+0000][103126.336s][info][gc,phases   ] GC(4300)   Pre Evacuate Collection Set: 1.0ms
[2025-01-08T01:04:15.970+0000][103126.336s][info][gc,phases   ] GC(4300)   Merge Heap Roots: 0.5ms
[2025-01-08T01:04:15.970+0000][103126.336s][info][gc,phases   ] GC(4300)   Evacuate Collection Set: 31.8ms
[2025-01-08T01:04:15.970+0000][103126.336s][info][gc,phases   ] GC(4300)   Post Evacuate Collection Set: 2.6ms
[2025-01-08T01:04:15.970+0000][103126.336s][info][gc,phases   ] GC(4300)   Other: 0.3ms
[2025-01-08T01:04:15.970+0000][103126.336s][info][gc,heap     ] GC(4300) Eden regions: 905->0(905)
[2025-01-08T01:04:15.970+0000][103126.336s][info][gc,heap     ] GC(4300) Survivor regions: 8->9(115)
[2025-01-08T01:04:15.970+0000][103126.336s][info][gc,heap     ] GC(4300) Old regions: 249->249
[2025-01-08T01:04:15.970+0000][103126.336s][info][gc,heap     ] GC(4300) Archive regions: 2->2
[2025-01-08T01:04:15.970+0000][103126.336s][info][gc,heap     ] GC(4300) Humongous regions: 49->49
[2025-01-08T01:04:15.970+0000][103126.336s][info][gc,metaspace] GC(4300) Metaspace: 506214K(515008K)->506214K(515008K) NonClass: 444606K(449024K)->444606K(449024K) Class: 61608K(65984K)->61608K(65984K)
[2025-01-08T01:04:15.970+0000][103126.336s][info][gc          ] GC(4300) Pause Young (Concurrent Start) (G1 Evacuation Pause) 9692M->2459M(12288M) 36.317ms
[2025-01-08T01:04:15.970+0000][103126.336s][info][gc,cpu      ] GC(4300) User=0.21s Sys=0.00s Real=0.04s
[2025-01-08T01:04:15.970+0000][103126.336s][info][gc          ] GC(4301) Concurrent Mark Cycle
[2025-01-08T01:04:15.970+0000][103126.336s][info][gc,marking  ] GC(4301) Concurrent Clear Claimed Marks
[2025-01-08T01:04:15.971+0000][103126.337s][info][gc,marking  ] GC(4301) Concurrent Clear Claimed Marks 0.832ms
[2025-01-08T01:04:15.971+0000][103126.337s][info][gc,marking  ] GC(4301) Concurrent Scan Root Regions
[2025-01-08T01:04:16.001+0000][103126.367s][info][gc,marking  ] GC(4301) Concurrent Scan Root Regions 29.855ms
[2025-01-08T01:04:16.001+0000][103126.367s][info][gc,marking  ] GC(4301) Concurrent Mark
[2025-01-08T01:04:16.001+0000][103126.367s][info][gc,marking  ] GC(4301) Concurrent Mark From Roots
[2025-01-08T01:04:16.001+0000][103126.367s][info][gc,task     ] GC(4301) Using 2 workers of 2 for marking
[2025-01-08T01:04:17.183+0000][103127.549s][info][gc,marking  ] GC(4301) Concurrent Mark From Roots 1181.722ms
[2025-01-08T01:04:17.183+0000][103127.549s][info][gc,marking  ] GC(4301) Concurrent Preclean
[2025-01-08T01:04:17.185+0000][103127.551s][info][gc,marking  ] GC(4301) Concurrent Preclean 1.969ms
[2025-01-08T01:04:17.185+0000][103127.551s][info][gc,start    ] GC(4301) Pause Remark
[2025-01-08T01:04:17.211+0000][103127.577s][info][gc          ] GC(4301) Pause Remark 4075M->4075M(12288M) 26.195ms
[2025-01-08T01:04:17.211+0000][103127.577s][info][gc,cpu      ] GC(4301) User=0.16s Sys=0.00s Real=0.03s
[2025-01-08T01:04:17.211+0000][103127.578s][info][gc,marking  ] GC(4301) Concurrent Mark 1210.297ms
[2025-01-08T01:04:17.211+0000][103127.578s][info][gc,marking  ] GC(4301) Concurrent Rebuild Remembered Sets
[2025-01-08T01:04:17.735+0000][103128.101s][info][gc,marking  ] GC(4301) Concurrent Rebuild Remembered Sets 523.540ms
[2025-01-08T01:04:17.735+0000][103128.101s][info][gc,start    ] GC(4301) Pause Cleanup
[2025-01-08T01:04:17.736+0000][103128.102s][info][gc          ] GC(4301) Pause Cleanup 4515M->4515M(12288M) 0.390ms
[2025-01-08T01:04:17.736+0000][103128.102s][info][gc,cpu      ] GC(4301) User=0.01s Sys=0.00s Real=0.00s
[2025-01-08T01:04:17.736+0000][103128.102s][info][gc,marking  ] GC(4301) Concurrent Cleanup for Next Mark
[2025-01-08T01:04:17.751+0000][103128.117s][info][gc,marking  ] GC(4301) Concurrent Cleanup for Next Mark 15.304ms
[2025-01-08T01:04:17.751+0000][103128.117s][info][gc          ] GC(4301) Concurrent Mark Cycle 1780.612ms
[2025-01-08T01:04:22.380+0000][103132.746s][info][gc,start    ] GC(4302) Pause Young (Prepare Mixed) (G1 Evacuation Pause)
[2025-01-08T01:04:22.380+0000][103132.746s][info][gc,task     ] GC(4302) Using 6 workers of 6 for evacuation
[2025-01-08T01:04:22.421+0000][103132.787s][info][gc,phases   ] GC(4302)   Pre Evacuate Collection Set: 0.2ms
[2025-01-08T01:04:22.421+0000][103132.787s][info][gc,phases   ] GC(4302)   Merge Heap Roots: 0.8ms
[2025-01-08T01:04:22.421+0000][103132.787s][info][gc,phases   ] GC(4302)   Evacuate Collection Set: 37.5ms
[2025-01-08T01:04:22.421+0000][103132.787s][info][gc,phases   ] GC(4302)   Post Evacuate Collection Set: 2.7ms
[2025-01-08T01:04:22.421+0000][103132.787s][info][gc,phases   ] GC(4302)   Other: 0.2ms
[2025-01-08T01:04:22.421+0000][103132.787s][info][gc,heap     ] GC(4302) Eden regions: 905->0(64)
[2025-01-08T01:04:22.421+0000][103132.787s][info][gc,heap     ] GC(4302) Survivor regions: 9->12(115)
[2025-01-08T01:04:22.421+0000][103132.787s][info][gc,heap     ] GC(4302) Old regions: 249->249
[2025-01-08T01:04:22.421+0000][103132.787s][info][gc,heap     ] GC(4302) Archive regions: 2->2
[2025-01-08T01:04:22.421+0000][103132.787s][info][gc,heap     ] GC(4302) Humongous regions: 49->49
[2025-01-08T01:04:22.421+0000][103132.787s][info][gc,metaspace] GC(4302) Metaspace: 506214K(515008K)->506214K(515008K) NonClass: 444606K(449024K)->444606K(449024K) Class: 61608K(65984K)->61608K(65984K)
[2025-01-08T01:04:22.421+0000][103132.787s][info][gc          ] GC(4302) Pause Young (Prepare Mixed) (G1 Evacuation Pause) 9699M->2480M(12288M) 41.446ms
[2025-01-08T01:04:22.421+0000][103132.787s][info][gc,cpu      ] GC(4302) User=0.25s Sys=0.00s Real=0.04s
[2025-01-08T01:04:23.111+0000][103133.477s][info][gc,start    ] GC(4303) Pause Young (Mixed) (G1 Evacuation Pause)
[2025-01-08T01:04:23.111+0000][103133.477s][info][gc,task     ] GC(4303) Using 6 workers of 6 for evacuation
[2025-01-08T01:04:23.174+0000][103133.540s][info][gc,phases   ] GC(4303)   Pre Evacuate Collection Set: 0.2ms
[2025-01-08T01:04:23.174+0000][103133.540s][info][gc,phases   ] GC(4303)   Merge Heap Roots: 0.7ms
[2025-01-08T01:04:23.174+0000][103133.540s][info][gc,phases   ] GC(4303)   Evacuate Collection Set: 60.4ms
[2025-01-08T01:04:23.174+0000][103133.540s][info][gc,phases   ] GC(4303)   Post Evacuate Collection Set: 1.5ms
[2025-01-08T01:04:23.174+0000][103133.540s][info][gc,phases   ] GC(4303)   Other: 0.2ms
[2025-01-08T01:04:23.174+0000][103133.540s][info][gc,heap     ] GC(4303) Eden regions: 64->0(908)
[2025-01-08T01:04:23.174+0000][103133.540s][info][gc,heap     ] GC(4303) Survivor regions: 12->2(10)
[2025-01-08T01:04:23.174+0000][103133.540s][info][gc,heap     ] GC(4303) Old regions: 249->253
[2025-01-08T01:04:23.174+0000][103133.540s][info][gc,heap     ] GC(4303) Archive regions: 2->2
[2025-01-08T01:04:23.174+0000][103133.540s][info][gc,heap     ] GC(4303) Humongous regions: 49->49
[2025-01-08T01:04:23.174+0000][103133.540s][info][gc,metaspace] GC(4303) Metaspace: 506214K(515008K)->506214K(515008K) NonClass: 444606K(449024K)->444606K(449024K) Class: 61608K(65984K)->61608K(65984K)
[2025-01-08T01:04:23.174+0000][103133.540s][info][gc          ] GC(4303) Pause Young (Mixed) (G1 Evacuation Pause) 2992M->2437M(12288M) 63.066ms
[2025-01-08T01:04:23.174+0000][103133.540s][info][gc,cpu      ] GC(4303) User=0.37s Sys=0.00s Real=0.06s
[2025-01-08T01:04:28.847+0000][103139.213s][info][gc,start    ] GC(4304) Pause Young (Normal) (GCLocker Initiated GC)
[2025-01-08T01:04:28.847+0000][103139.213s][info][gc,task     ] GC(4304) Using 6 workers of 6 for evacuation
[2025-01-08T01:04:28.869+0000][103139.235s][info][gc,phases   ] GC(4304)   Pre Evacuate Collection Set: 0.2ms
[2025-01-08T01:04:28.869+0000][103139.235s][info][gc,phases   ] GC(4304)   Merge Heap Roots: 0.4ms
[2025-01-08T01:04:28.869+0000][103139.235s][info][gc,phases   ] GC(4304)   Evacuate Collection Set: 16.2ms
[2025-01-08T01:04:28.869+0000][103139.235s][info][gc,phases   ] GC(4304)   Post Evacuate Collection Set: 5.1ms
[2025-01-08T01:04:28.869+0000][103139.235s][info][gc,phases   ] GC(4304)   Other: 0.2ms
[2025-01-08T01:04:28.869+0000][103139.235s][info][gc,heap     ] GC(4304) Eden regions: 908->0(904)
[2025-01-08T01:04:28.869+0000][103139.235s][info][gc,heap     ] GC(4304) Survivor regions: 2->5(114)
[2025-01-08T01:04:28.869+0000][103139.235s][info][gc,heap     ] GC(4304) Old regions: 253->253
[2025-01-08T01:04:28.869+0000][103139.235s][info][gc,heap     ] GC(4304) Archive regions: 2->2
[2025-01-08T01:04:28.869+0000][103139.235s][info][gc,heap     ] GC(4304) Humongous regions: 49->49
[2025-01-08T01:04:28.869+0000][103139.235s][info][gc,metaspace] GC(4304) Metaspace: 506214K(515008K)->506214K(515008K) NonClass: 444606K(449024K)->444606K(449024K) Class: 61608K(65984K)->61608K(65984K)
[2025-01-08T01:04:28.869+0000][103139.235s][info][gc          ] GC(4304) Pause Young (Normal) (GCLocker Initiated GC) 9701M->2462M(12288M) 22.126ms
[2025-01-08T01:04:28.869+0000][103139.235s][info][gc,cpu      ] GC(4304) User=0.12s Sys=0.00s Real=0.02s
[2025-01-08T01:04:37.412+0000][103147.778s][info][gc,start    ] GC(4305) Pause Young (Normal) (G1 Evacuation Pause)
[2025-01-08T01:04:37.412+0000][103147.778s][info][gc,task     ] GC(4305) Using 6 workers of 6 for evacuation
[2025-01-08T01:04:37.437+0000][103147.803s][info][gc,phases   ] GC(4305)   Pre Evacuate Collection Set: 0.2ms
[2025-01-08T01:04:37.437+0000][103147.803s][info][gc,phases   ] GC(4305)   Merge Heap Roots: 0.4ms
[2025-01-08T01:04:37.437+0000][103147.803s][info][gc,phases   ] GC(4305)   Evacuate Collection Set: 21.5ms
[2025-01-08T01:04:37.437+0000][103147.803s][info][gc,phases   ] GC(4305)   Post Evacuate Collection Set: 2.8ms
[2025-01-08T01:04:37.437+0000][103147.803s][info][gc,phases   ] GC(4305)   Other: 0.2ms
[2025-01-08T01:04:37.437+0000][103147.803s][info][gc,heap     ] GC(4305) Eden regions: 904->0(901)
[2025-01-08T01:04:37.437+0000][103147.803s][info][gc,heap     ] GC(4305) Survivor regions: 5->7(114)
[2025-01-08T01:04:37.437+0000][103147.803s][info][gc,heap     ] GC(4305) Old regions: 253->253
[2025-01-08T01:04:37.437+0000][103147.803s][info][gc,heap     ] GC(4305) Archive regions: 2->2
[2025-01-08T01:04:37.437+0000][103147.803s][info][gc,heap     ] GC(4305) Humongous regions: 49->49
[2025-01-08T01:04:37.437+0000][103147.803s][info][gc,metaspace] GC(4305) Metaspace: 506214K(515008K)->506214K(515008K) NonClass: 444606K(449024K)->444606K(449024K) Class: 61608K(65984K)->61608K(65984K)
[2025-01-08T01:04:37.437+0000][103147.803s][info][gc          ] GC(4305) Pause Young (Normal) (G1 Evacuation Pause) 9694M->2476M(12288M) 25.153ms
[2025-01-08T01:04:37.437+0000][103147.803s][info][gc,cpu      ] GC(4305) User=0.14s Sys=0.00s Real=0.02s
[2025-01-08T01:04:43.383+0000][103153.749s][info][gc,start    ] GC(4306) Pause Young (Concurrent Start) (G1 Evacuation Pause)
[2025-01-08T01:04:43.383+0000][103153.750s][info][gc,task     ] GC(4306) Using 6 workers of 6 for evacuation
[2025-01-08T01:04:43.420+0000][103153.786s][info][gc,phases   ] GC(4306)   Pre Evacuate Collection Set: 1.1ms
[2025-01-08T01:04:43.420+0000][103153.786s][info][gc,phases   ] GC(4306)   Merge Heap Roots: 0.4ms
[2025-01-08T01:04:43.420+0000][103153.786s][info][gc,phases   ] GC(4306)   Evacuate Collection Set: 30.9ms
[2025-01-08T01:04:43.420+0000][103153.786s][info][gc,phases   ] GC(4306)   Post Evacuate Collection Set: 3.9ms
[2025-01-08T01:04:43.420+0000][103153.786s][info][gc,phases   ] GC(4306)   Other: 0.3ms
[2025-01-08T01:04:43.420+0000][103153.786s][info][gc,heap     ] GC(4306) Eden regions: 901->0(898)
[2025-01-08T01:04:43.420+0000][103153.786s][info][gc,heap     ] GC(4306) Survivor regions: 7->10(114)
[2025-01-08T01:04:43.420+0000][103153.786s][info][gc,heap     ] GC(4306) Old regions: 253->253
[2025-01-08T01:04:43.420+0000][103153.786s][info][gc,heap     ] GC(4306) Archive regions: 2->2
[2025-01-08T01:04:43.420+0000][103153.786s][info][gc,heap     ] GC(4306) Humongous regions: 49->49
[2025-01-08T01:04:43.420+0000][103153.786s][info][gc,metaspace] GC(4306) Metaspace: 506214K(515008K)->506214K(515008K) NonClass: 444606K(449024K)->444606K(449024K) Class: 61608K(65984K)->61608K(65984K)
[2025-01-08T01:04:43.420+0000][103153.786s][info][gc          ] GC(4306) Pause Young (Concurrent Start) (G1 Evacuation Pause) 9684M->2498M(12288M) 36.709ms
[2025-01-08T01:04:43.420+0000][103153.786s][info][gc,cpu      ] GC(4306) User=0.21s Sys=0.00s Real=0.03s
[2025-01-08T01:04:43.420+0000][103153.786s][info][gc          ] GC(4307) Concurrent Mark Cycle
[2025-01-08T01:04:43.420+0000][103153.786s][info][gc,marking  ] GC(4307) Concurrent Clear Claimed Marks
[2025-01-08T01:04:43.421+0000][103153.787s][info][gc,marking  ] GC(4307) Concurrent Clear Claimed Marks 0.897ms
[2025-01-08T01:04:43.421+0000][103153.787s][info][gc,marking  ] GC(4307) Concurrent Scan Root Regions
[2025-01-08T01:04:43.447+0000][103153.813s][info][gc,marking  ] GC(4307) Concurrent Scan Root Regions 25.466ms
[2025-01-08T01:04:43.447+0000][103153.813s][info][gc,marking  ] GC(4307) Concurrent Mark
[2025-01-08T01:04:43.447+0000][103153.813s][info][gc,marking  ] GC(4307) Concurrent Mark From Roots
[2025-01-08T01:04:43.447+0000][103153.813s][info][gc,task     ] GC(4307) Using 2 workers of 2 for marking
[2025-01-08T01:04:44.381+0000][103154.747s][info][gc,marking  ] GC(4307) Concurrent Mark From Roots 933.930ms
[2025-01-08T01:04:44.381+0000][103154.747s][info][gc,marking  ] GC(4307) Concurrent Preclean
[2025-01-08T01:04:44.383+0000][103154.749s][info][gc,marking  ] GC(4307) Concurrent Preclean 1.994ms
[2025-01-08T01:04:44.383+0000][103154.749s][info][gc,start    ] GC(4307) Pause Remark
[2025-01-08T01:04:44.409+0000][103154.775s][info][gc          ] GC(4307) Pause Remark 3414M->3414M(12288M) 26.458ms
[2025-01-08T01:04:44.409+0000][103154.775s][info][gc,cpu      ] GC(4307) User=0.15s Sys=0.00s Real=0.02s
[2025-01-08T01:04:44.409+0000][103154.775s][info][gc,marking  ] GC(4307) Concurrent Mark 962.701ms
[2025-01-08T01:04:44.409+0000][103154.775s][info][gc,marking  ] GC(4307) Concurrent Rebuild Remembered Sets
[2025-01-08T01:04:44.935+0000][103155.301s][info][gc,marking  ] GC(4307) Concurrent Rebuild Remembered Sets 525.405ms
[2025-01-08T01:04:44.936+0000][103155.302s][info][gc,start    ] GC(4307) Pause Cleanup
[2025-01-08T01:04:44.937+0000][103155.303s][info][gc          ] GC(4307) Pause Cleanup 3626M->3626M(12288M) 0.452ms
[2025-01-08T01:04:44.937+0000][103155.303s][info][gc,cpu      ] GC(4307) User=0.00s Sys=0.00s Real=0.00s
[2025-01-08T01:04:44.937+0000][103155.303s][info][gc,marking  ] GC(4307) Concurrent Cleanup for Next Mark
[2025-01-08T01:04:44.953+0000][103155.319s][info][gc,marking  ] GC(4307) Concurrent Cleanup for Next Mark 15.862ms
[2025-01-08T01:04:44.953+0000][103155.319s][info][gc          ] GC(4307) Concurrent Mark Cycle 1532.401ms
[2025-01-08T01:04:51.387+0000][103161.753s][info][gc,start    ] GC(4308) Pause Young (Prepare Mixed) (G1 Evacuation Pause)
[2025-01-08T01:04:51.387+0000][103161.753s][info][gc,task     ] GC(4308) Using 6 workers of 6 for evacuation
[2025-01-08T01:04:51.419+0000][103161.786s][info][gc,phases   ] GC(4308)   Pre Evacuate Collection Set: 0.2ms
[2025-01-08T01:04:51.420+0000][103161.786s][info][gc,phases   ] GC(4308)   Merge Heap Roots: 0.6ms
[2025-01-08T01:04:51.420+0000][103161.786s][info][gc,phases   ] GC(4308)   Evacuate Collection Set: 29.3ms
[2025-01-08T01:04:51.420+0000][103161.786s][info][gc,phases   ] GC(4308)   Post Evacuate Collection Set: 2.6ms
[2025-01-08T01:04:51.420+0000][103161.786s][info][gc,phases   ] GC(4308)   Other: 0.2ms
[2025-01-08T01:04:51.420+0000][103161.786s][info][gc,heap     ] GC(4308) Eden regions: 898->0(66)
[2025-01-08T01:04:51.420+0000][103161.786s][info][gc,heap     ] GC(4308) Survivor regions: 10->10(114)
[2025-01-08T01:04:51.420+0000][103161.786s][info][gc,heap     ] GC(4308) Old regions: 253->253
[2025-01-08T01:04:51.420+0000][103161.786s][info][gc,heap     ] GC(4308) Archive regions: 2->2
[2025-01-08T01:04:51.420+0000][103161.786s][info][gc,heap     ] GC(4308) Humongous regions: 49->49
[2025-01-08T01:04:51.420+0000][103161.786s][info][gc,metaspace] GC(4308) Metaspace: 506214K(515008K)->506214K(515008K) NonClass: 444606K(449024K)->444606K(449024K) Class: 61608K(65984K)->61608K(65984K)
[2025-01-08T01:04:51.420+0000][103161.786s][info][gc          ] GC(4308) Pause Young (Prepare Mixed) (G1 Evacuation Pause) 9682M->2496M(12288M) 33.040ms
[2025-01-08T01:04:51.420+0000][103161.786s][info][gc,cpu      ] GC(4308) User=0.19s Sys=0.00s Real=0.03s
[2025-01-08T01:04:51.882+0000][103162.249s][info][gc,start    ] GC(4309) Pause Young (Mixed) (G1 Evacuation Pause)
[2025-01-08T01:04:51.882+0000][103162.249s][info][gc,task     ] GC(4309) Using 6 workers of 6 for evacuation
[2025-01-08T01:04:51.938+0000][103162.304s][info][gc,phases   ] GC(4309)   Pre Evacuate Collection Set: 0.2ms
[2025-01-08T01:04:51.938+0000][103162.304s][info][gc,phases   ] GC(4309)   Merge Heap Roots: 0.6ms
[2025-01-08T01:04:51.938+0000][103162.304s][info][gc,phases   ] GC(4309)   Evacuate Collection Set: 53.2ms
[2025-01-08T01:04:51.938+0000][103162.304s][info][gc,phases   ] GC(4309)   Post Evacuate Collection Set: 1.6ms
[2025-01-08T01:04:51.938+0000][103162.304s][info][gc,phases   ] GC(4309)   Other: 0.2ms
[2025-01-08T01:04:51.938+0000][103162.304s][info][gc,heap     ] GC(4309) Eden regions: 66->0(901)
[2025-01-08T01:04:51.938+0000][103162.304s][info][gc,heap     ] GC(4309) Survivor regions: 10->5(10)
[2025-01-08T01:04:51.938+0000][103162.304s][info][gc,heap     ] GC(4309) Old regions: 253->254
[2025-01-08T01:04:51.938+0000][103162.304s][info][gc,heap     ] GC(4309) Archive regions: 2->2
[2025-01-08T01:04:51.938+0000][103162.304s][info][gc,heap     ] GC(4309) Humongous regions: 49->49
[2025-01-08T01:04:51.938+0000][103162.304s][info][gc,metaspace] GC(4309) Metaspace: 506214K(515008K)->506214K(515008K) NonClass: 444606K(449024K)->444606K(449024K) Class: 61608K(65984K)->61608K(65984K)
[2025-01-08T01:04:51.938+0000][103162.304s][info][gc          ] GC(4309) Pause Young (Mixed) (G1 Evacuation Pause) 3024M->2460M(12288M) 55.884ms
[2025-01-08T01:04:51.938+0000][103162.304s][info][gc,cpu      ] GC(4309) User=0.33s Sys=0.00s Real=0.05s
[2025-01-08T01:04:57.455+0000][103167.822s][info][gc,start    ] GC(4310) Pause Young (Normal) (G1 Evacuation Pause)
[2025-01-08T01:04:57.455+0000][103167.822s][info][gc,task     ] GC(4310) Using 6 workers of 6 for evacuation
[2025-01-08T01:04:57.478+0000][103167.844s][info][gc,phases   ] GC(4310)   Pre Evacuate Collection Set: 0.2ms
[2025-01-08T01:04:57.478+0000][103167.844s][info][gc,phases   ] GC(4310)   Merge Heap Roots: 0.4ms
[2025-01-08T01:04:57.478+0000][103167.844s][info][gc,phases   ] GC(4310)   Evacuate Collection Set: 19.0ms
[2025-01-08T01:04:57.478+0000][103167.844s][info][gc,phases   ] GC(4310)   Post Evacuate Collection Set: 2.7ms
[2025-01-08T01:04:57.478+0000][103167.844s][info][gc,phases   ] GC(4310)   Other: 0.3ms
[2025-01-08T01:04:57.478+0000][103167.844s][info][gc,heap     ] GC(4310) Eden regions: 901->0(901)
[2025-01-08T01:04:57.478+0000][103167.844s][info][gc,heap     ] GC(4310) Survivor regions: 5->6(114)
[2025-01-08T01:04:57.478+0000][103167.844s][info][gc,heap     ] GC(4310) Old regions: 254->254
[2025-01-08T01:04:57.478+0000][103167.844s][info][gc,heap     ] GC(4310) Archive regions: 2->2
[2025-01-08T01:04:57.478+0000][103167.844s][info][gc,heap     ] GC(4310) Humongous regions: 49->49
[2025-01-08T01:04:57.478+0000][103167.844s][info][gc,metaspace] GC(4310) Metaspace: 506214K(515008K)->506214K(515008K) NonClass: 444606K(449024K)->444606K(449024K) Class: 61608K(65984K)->61608K(65984K)
[2025-01-08T01:04:57.478+0000][103167.844s][info][gc          ] GC(4310) Pause Young (Normal) (G1 Evacuation Pause) 9668M->2466M(12288M) 22.605ms
[2025-01-08T01:04:57.478+0000][103167.844s][info][gc,cpu      ] GC(4310) User=0.13s Sys=0.00s Real=0.02s
[2025-01-08T01:05:02.418+0000][103172.784s][info][gc,start    ] GC(4311) Pause Young (Normal) (G1 Evacuation Pause)
[2025-01-08T01:05:02.418+0000][103172.784s][info][gc,task     ] GC(4311) Using 6 workers of 6 for evacuation
[2025-01-08T01:05:02.439+0000][103172.805s][info][gc,phases   ] GC(4311)   Pre Evacuate Collection Set: 0.2ms
[2025-01-08T01:05:02.439+0000][103172.805s][info][gc,phases   ] GC(4311)   Merge Heap Roots: 0.4ms
[2025-01-08T01:05:02.439+0000][103172.805s][info][gc,phases   ] GC(4311)   Evacuate Collection Set: 17.0ms
[2025-01-08T01:05:02.439+0000][103172.805s][info][gc,phases   ] GC(4311)   Post Evacuate Collection Set: 2.4ms
[2025-01-08T01:05:02.439+0000][103172.805s][info][gc,phases   ] GC(4311)   Other: 0.2ms
[2025-01-08T01:05:02.439+0000][103172.805s][info][gc,heap     ] GC(4311) Eden regions: 901->0(904)
[2025-01-08T01:05:02.439+0000][103172.805s][info][gc,heap     ] GC(4311) Survivor regions: 6->5(114)
[2025-01-08T01:05:02.439+0000][103172.805s][info][gc,heap     ] GC(4311) Old regions: 254->254
[2025-01-08T01:05:02.439+0000][103172.805s][info][gc,heap     ] GC(4311) Archive regions: 2->2
[2025-01-08T01:05:02.439+0000][103172.805s][info][gc,heap     ] GC(4311) Humongous regions: 49->49
[2025-01-08T01:05:02.439+0000][103172.805s][info][gc,metaspace] GC(4311) Metaspace: 506214K(515008K)->506214K(515008K) NonClass: 444606K(449024K)->444606K(449024K) Class: 61608K(65984K)->61608K(65984K)
[2025-01-08T01:05:02.439+0000][103172.805s][info][gc          ] GC(4311) Pause Young (Normal) (G1 Evacuation Pause) 9674M->2466M(12288M) 20.384ms
[2025-01-08T01:05:02.439+0000][103172.805s][info][gc,cpu      ] GC(4311) User=0.12s Sys=0.00s Real=0.02s
[2025-01-08T01:05:06.598+0000][103176.965s][info][gc,start    ] GC(4312) Pause Young (Concurrent Start) (G1 Evacuation Pause)
[2025-01-08T01:05:06.598+0000][103176.965s][info][gc,task     ] GC(4312) Using 6 workers of 6 for evacuation
[2025-01-08T01:05:06.627+0000][103176.993s][info][gc,phases   ] GC(4312)   Pre Evacuate Collection Set: 1.1ms
[2025-01-08T01:05:06.627+0000][103176.993s][info][gc,phases   ] GC(4312)   Merge Heap Roots: 0.4ms
[2025-01-08T01:05:06.627+0000][103176.993s][info][gc,phases   ] GC(4312)   Evacuate Collection Set: 24.1ms
[2025-01-08T01:05:06.627+0000][103176.993s][info][gc,phases   ] GC(4312)   Post Evacuate Collection Set: 2.5ms
[2025-01-08T01:05:06.627+0000][103176.993s][info][gc,phases   ] GC(4312)   Other: 0.3ms
[2025-01-08T01:05:06.627+0000][103176.993s][info][gc,heap     ] GC(4312) Eden regions: 904->0(900)
[2025-01-08T01:05:06.627+0000][103176.993s][info][gc,heap     ] GC(4312) Survivor regions: 5->8(114)
[2025-01-08T01:05:06.627+0000][103176.993s][info][gc,heap     ] GC(4312) Old regions: 254->254
[2025-01-08T01:05:06.627+0000][103176.993s][info][gc,heap     ] GC(4312) Archive regions: 2->2
[2025-01-08T01:05:06.627+0000][103176.993s][info][gc,heap     ] GC(4312) Humongous regions: 49->49
[2025-01-08T01:05:06.627+0000][103176.993s][info][gc,metaspace] GC(4312) Metaspace: 506214K(515008K)->506214K(515008K) NonClass: 444606K(449024K)->444606K(449024K) Class: 61608K(65984K)->61608K(65984K)
[2025-01-08T01:05:06.627+0000][103176.993s][info][gc          ] GC(4312) Pause Young (Concurrent Start) (G1 Evacuation Pause) 9698M->2483M(12288M) 28.452ms
[2025-01-08T01:05:06.627+0000][103176.993s][info][gc,cpu      ] GC(4312) User=0.16s Sys=0.00s Real=0.03s
[2025-01-08T01:05:06.627+0000][103176.993s][info][gc          ] GC(4313) Concurrent Mark Cycle
[2025-01-08T01:05:06.627+0000][103176.993s][info][gc,marking  ] GC(4313) Concurrent Clear Claimed Marks
[2025-01-08T01:05:06.628+0000][103176.994s][info][gc,marking  ] GC(4313) Concurrent Clear Claimed Marks 0.884ms
[2025-01-08T01:05:06.628+0000][103176.994s][info][gc,marking  ] GC(4313) Concurrent Scan Root Regions
[2025-01-08T01:05:06.649+0000][103177.015s][info][gc,marking  ] GC(4313) Concurrent Scan Root Regions 21.257ms
[2025-01-08T01:05:06.649+0000][103177.015s][info][gc,marking  ] GC(4313) Concurrent Mark
[2025-01-08T01:05:06.649+0000][103177.015s][info][gc,marking  ] GC(4313) Concurrent Mark From Roots
[2025-01-08T01:05:06.649+0000][103177.015s][info][gc,task     ] GC(4313) Using 2 workers of 2 for marking
[2025-01-08T01:05:07.832+0000][103178.198s][info][gc,marking  ] GC(4313) Concurrent Mark From Roots 1182.436ms
[2025-01-08T01:05:07.832+0000][103178.198s][info][gc,marking  ] GC(4313) Concurrent Preclean
[2025-01-08T01:05:07.834+0000][103178.200s][info][gc,marking  ] GC(4313) Concurrent Preclean 2.551ms
[2025-01-08T01:05:07.834+0000][103178.200s][info][gc,start    ] GC(4313) Pause Remark
[2025-01-08T01:05:07.860+0000][103178.226s][info][gc          ] GC(4313) Pause Remark 3987M->3987M(12288M) 25.660ms
[2025-01-08T01:05:07.860+0000][103178.226s][info][gc,cpu      ] GC(4313) User=0.15s Sys=0.01s Real=0.02s
[2025-01-08T01:05:07.860+0000][103178.226s][info][gc,marking  ] GC(4313) Concurrent Mark 1210.977ms
[2025-01-08T01:05:07.860+0000][103178.226s][info][gc,marking  ] GC(4313) Concurrent Rebuild Remembered Sets
[2025-01-08T01:05:08.366+0000][103178.732s][info][gc,marking  ] GC(4313) Concurrent Rebuild Remembered Sets 506.143ms
[2025-01-08T01:05:08.366+0000][103178.733s][info][gc,start    ] GC(4313) Pause Cleanup
[2025-01-08T01:05:08.367+0000][103178.733s][info][gc          ] GC(4313) Pause Cleanup 4323M->4323M(12288M) 0.402ms
[2025-01-08T01:05:08.367+0000][103178.733s][info][gc,cpu      ] GC(4313) User=0.00s Sys=0.00s Real=0.00s
[2025-01-08T01:05:08.367+0000][103178.733s][info][gc,marking  ] GC(4313) Concurrent Cleanup for Next Mark
[2025-01-08T01:05:08.382+0000][103178.748s][info][gc,marking  ] GC(4313) Concurrent Cleanup for Next Mark 15.324ms
[2025-01-08T01:05:08.382+0000][103178.748s][info][gc          ] GC(4313) Concurrent Mark Cycle 1755.402ms
[2025-01-08T01:05:12.863+0000][103183.229s][info][gc,start    ] GC(4314) Pause Young (Prepare Mixed) (G1 Evacuation Pause)
[2025-01-08T01:05:12.863+0000][103183.229s][info][gc,task     ] GC(4314) Using 6 workers of 6 for evacuation
[2025-01-08T01:05:12.892+0000][103183.258s][info][gc,phases   ] GC(4314)   Pre Evacuate Collection Set: 0.2ms
[2025-01-08T01:05:12.892+0000][103183.258s][info][gc,phases   ] GC(4314)   Merge Heap Roots: 0.6ms
[2025-01-08T01:05:12.892+0000][103183.258s][info][gc,phases   ] GC(4314)   Evacuate Collection Set: 24.9ms
[2025-01-08T01:05:12.892+0000][103183.258s][info][gc,phases   ] GC(4314)   Post Evacuate Collection Set: 2.7ms
[2025-01-08T01:05:12.892+0000][103183.258s][info][gc,phases   ] GC(4314)   Other: 0.2ms
[2025-01-08T01:05:12.892+0000][103183.258s][info][gc,heap     ] GC(4314) Eden regions: 900->0(69)
[2025-01-08T01:05:12.892+0000][103183.258s][info][gc,heap     ] GC(4314) Survivor regions: 8->7(114)
[2025-01-08T01:05:12.892+0000][103183.258s][info][gc,heap     ] GC(4314) Old regions: 254->254
[2025-01-08T01:05:12.892+0000][103183.258s][info][gc,heap     ] GC(4314) Archive regions: 2->2
[2025-01-08T01:05:12.892+0000][103183.258s][info][gc,heap     ] GC(4314) Humongous regions: 49->49
[2025-01-08T01:05:12.892+0000][103183.258s][info][gc,metaspace] GC(4314) Metaspace: 506214K(515008K)->506214K(515008K) NonClass: 444606K(449024K)->444606K(449024K) Class: 61608K(65984K)->61608K(65984K)
[2025-01-08T01:05:12.892+0000][103183.258s][info][gc          ] GC(4314) Pause Young (Prepare Mixed) (G1 Evacuation Pause) 9683M->2481M(12288M) 28.606ms
[2025-01-08T01:05:12.892+0000][103183.258s][info][gc,cpu      ] GC(4314) User=0.17s Sys=0.00s Real=0.03s
[2025-01-08T01:05:13.235+0000][103183.601s][info][gc,start    ] GC(4315) Pause Young (Mixed) (G1 Evacuation Pause)
[2025-01-08T01:05:13.235+0000][103183.602s][info][gc,task     ] GC(4315) Using 6 workers of 6 for evacuation
[2025-01-08T01:05:13.302+0000][103183.668s][info][gc,phases   ] GC(4315)   Pre Evacuate Collection Set: 0.2ms
[2025-01-08T01:05:13.302+0000][103183.668s][info][gc,phases   ] GC(4315)   Merge Heap Roots: 0.6ms
[2025-01-08T01:05:13.302+0000][103183.668s][info][gc,phases   ] GC(4315)   Evacuate Collection Set: 63.6ms
[2025-01-08T01:05:13.302+0000][103183.668s][info][gc,phases   ] GC(4315)   Post Evacuate Collection Set: 2.0ms
[2025-01-08T01:05:13.302+0000][103183.668s][info][gc,phases   ] GC(4315)   Other: 0.2ms
[2025-01-08T01:05:13.302+0000][103183.668s][info][gc,heap     ] GC(4315) Eden regions: 69->0(905)
[2025-01-08T01:05:13.302+0000][103183.668s][info][gc,heap     ] GC(4315) Survivor regions: 7->7(10)
[2025-01-08T01:05:13.302+0000][103183.668s][info][gc,heap     ] GC(4315) Old regions: 254->252
[2025-01-08T01:05:13.302+0000][103183.668s][info][gc,heap     ] GC(4315) Archive regions: 2->2
[2025-01-08T01:05:13.302+0000][103183.668s][info][gc,heap     ] GC(4315) Humongous regions: 49->49
[2025-01-08T01:05:13.302+0000][103183.668s][info][gc,metaspace] GC(4315) Metaspace: 506214K(515008K)->506214K(515008K) NonClass: 444606K(449024K)->444606K(449024K) Class: 61608K(65984K)->61608K(65984K)
[2025-01-08T01:05:13.302+0000][103183.668s][info][gc          ] GC(4315) Pause Young (Mixed) (G1 Evacuation Pause) 3033M->2460M(12288M) 66.678ms
[2025-01-08T01:05:13.302+0000][103183.668s][info][gc,cpu      ] GC(4315) User=0.39s Sys=0.00s Real=0.07s
[2025-01-08T01:05:21.050+0000][103191.416s][info][gc,start    ] GC(4316) Pause Young (Normal) (G1 Evacuation Pause)
[2025-01-08T01:05:21.050+0000][103191.416s][info][gc,task     ] GC(4316) Using 6 workers of 6 for evacuation
[2025-01-08T01:05:21.081+0000][103191.447s][info][gc,phases   ] GC(4316)   Pre Evacuate Collection Set: 0.2ms
[2025-01-08T01:05:21.081+0000][103191.447s][info][gc,phases   ] GC(4316)   Merge Heap Roots: 0.5ms
[2025-01-08T01:05:21.081+0000][103191.447s][info][gc,phases   ] GC(4316)   Evacuate Collection Set: 26.4ms
[2025-01-08T01:05:21.081+0000][103191.447s][info][gc,phases   ] GC(4316)   Post Evacuate Collection Set: 3.9ms
[2025-01-08T01:05:21.081+0000][103191.447s][info][gc,phases   ] GC(4316)   Other: 0.2ms
[2025-01-08T01:05:21.081+0000][103191.447s][info][gc,heap     ] GC(4316) Eden regions: 905->0(903)
[2025-01-08T01:05:21.081+0000][103191.447s][info][gc,heap     ] GC(4316) Survivor regions: 7->8(114)
[2025-01-08T01:05:21.081+0000][103191.447s][info][gc,heap     ] GC(4316) Old regions: 252->252
[2025-01-08T01:05:21.081+0000][103191.447s][info][gc,heap     ] GC(4316) Archive regions: 2->2
[2025-01-08T01:05:21.081+0000][103191.447s][info][gc,heap     ] GC(4316) Humongous regions: 49->49
[2025-01-08T01:05:21.081+0000][103191.447s][info][gc,metaspace] GC(4316) Metaspace: 506214K(515008K)->506214K(515008K) NonClass: 444606K(449024K)->444606K(449024K) Class: 61608K(65984K)->61608K(65984K)
[2025-01-08T01:05:21.081+0000][103191.447s][info][gc          ] GC(4316) Pause Young (Normal) (G1 Evacuation Pause) 9700M->2472M(12288M) 31.257ms
[2025-01-08T01:05:21.081+0000][103191.447s][info][gc,cpu      ] GC(4316) User=0.18s Sys=0.00s Real=0.02s
[2025-01-08T01:05:30.104+0000][103200.470s][info][gc,start    ] GC(4317) Pause Young (Normal) (G1 Evacuation Pause)
[2025-01-08T01:05:30.104+0000][103200.470s][info][gc,task     ] GC(4317) Using 6 workers of 6 for evacuation
[2025-01-08T01:05:30.138+0000][103200.504s][info][gc,phases   ] GC(4317)   Pre Evacuate Collection Set: 0.2ms
[2025-01-08T01:05:30.138+0000][103200.504s][info][gc,phases   ] GC(4317)   Merge Heap Roots: 0.4ms
[2025-01-08T01:05:30.138+0000][103200.504s][info][gc,phases   ] GC(4317)   Evacuate Collection Set: 29.8ms
[2025-01-08T01:05:30.138+0000][103200.504s][info][gc,phases   ] GC(4317)   Post Evacuate Collection Set: 3.9ms
[2025-01-08T01:05:30.138+0000][103200.504s][info][gc,phases   ] GC(4317)   Other: 0.2ms
[2025-01-08T01:05:30.138+0000][103200.504s][info][gc,heap     ] GC(4317) Eden regions: 903->0(900)
[2025-01-08T01:05:30.138+0000][103200.504s][info][gc,heap     ] GC(4317) Survivor regions: 8->10(114)
[2025-01-08T01:05:30.138+0000][103200.504s][info][gc,heap     ] GC(4317) Old regions: 252->252
[2025-01-08T01:05:30.138+0000][103200.504s][info][gc,heap     ] GC(4317) Archive regions: 2->2
[2025-01-08T01:05:30.138+0000][103200.504s][info][gc,heap     ] GC(4317) Humongous regions: 49->49
[2025-01-08T01:05:30.138+0000][103200.504s][info][gc,metaspace] GC(4317) Metaspace: 506214K(515008K)->506214K(515008K) NonClass: 444606K(449024K)->444606K(449024K) Class: 61608K(65984K)->61608K(65984K)
[2025-01-08T01:05:30.138+0000][103200.504s][info][gc          ] GC(4317) Pause Young (Normal) (G1 Evacuation Pause) 9696M->2484M(12288M) 34.708ms
[2025-01-08T01:05:30.138+0000][103200.504s][info][gc,cpu      ] GC(4317) User=0.20s Sys=0.00s Real=0.03s
[2025-01-08T01:05:37.165+0000][103207.531s][info][gc,start    ] GC(4318) Pause Young (Concurrent Start) (G1 Evacuation Pause)
[2025-01-08T01:05:37.165+0000][103207.531s][info][gc,task     ] GC(4318) Using 6 workers of 6 for evacuation
[2025-01-08T01:05:37.204+0000][103207.570s][info][gc,phases   ] GC(4318)   Pre Evacuate Collection Set: 1.1ms
[2025-01-08T01:05:37.204+0000][103207.570s][info][gc,phases   ] GC(4318)   Merge Heap Roots: 0.5ms
[2025-01-08T01:05:37.204+0000][103207.570s][info][gc,phases   ] GC(4318)   Evacuate Collection Set: 33.0ms
[2025-01-08T01:05:37.204+0000][103207.570s][info][gc,phases   ] GC(4318)   Post Evacuate Collection Set: 3.9ms
[2025-01-08T01:05:37.204+0000][103207.570s][info][gc,phases   ] GC(4318)   Other: 0.3ms
[2025-01-08T01:05:37.204+0000][103207.570s][info][gc,heap     ] GC(4318) Eden regions: 900->0(898)
[2025-01-08T01:05:37.204+0000][103207.570s][info][gc,heap     ] GC(4318) Survivor regions: 10->11(114)
[2025-01-08T01:05:37.204+0000][103207.570s][info][gc,heap     ] GC(4318) Old regions: 252->252
[2025-01-08T01:05:37.204+0000][103207.570s][info][gc,heap     ] GC(4318) Archive regions: 2->2
[2025-01-08T01:05:37.204+0000][103207.570s][info][gc,heap     ] GC(4318) Humongous regions: 49->49
[2025-01-08T01:05:37.204+0000][103207.570s][info][gc,metaspace] GC(4318) Metaspace: 506214K(515008K)->506214K(515008K) NonClass: 444606K(449024K)->444606K(449024K) Class: 61608K(65984K)->61608K(65984K)
[2025-01-08T01:05:37.204+0000][103207.570s][info][gc          ] GC(4318) Pause Young (Concurrent Start) (G1 Evacuation Pause) 9684M->2492M(12288M) 38.853ms
[2025-01-08T01:05:37.204+0000][103207.570s][info][gc,cpu      ] GC(4318) User=0.22s Sys=0.00s Real=0.04s
[2025-01-08T01:05:37.204+0000][103207.570s][info][gc          ] GC(4319) Concurrent Mark Cycle
[2025-01-08T01:05:37.204+0000][103207.570s][info][gc,marking  ] GC(4319) Concurrent Clear Claimed Marks
[2025-01-08T01:05:37.205+0000][103207.571s][info][gc,marking  ] GC(4319) Concurrent Clear Claimed Marks 0.916ms
[2025-01-08T01:05:37.205+0000][103207.571s][info][gc,marking  ] GC(4319) Concurrent Scan Root Regions
[2025-01-08T01:05:37.238+0000][103207.604s][info][gc,marking  ] GC(4319) Concurrent Scan Root Regions 33.414ms
[2025-01-08T01:05:37.238+0000][103207.604s][info][gc,marking  ] GC(4319) Concurrent Mark
[2025-01-08T01:05:37.238+0000][103207.604s][info][gc,marking  ] GC(4319) Concurrent Mark From Roots
[2025-01-08T01:05:37.238+0000][103207.604s][info][gc,task     ] GC(4319) Using 2 workers of 2 for marking
[2025-01-08T01:05:38.284+0000][103208.650s][info][gc,marking  ] GC(4319) Concurrent Mark From Roots 1045.899ms
[2025-01-08T01:05:38.284+0000][103208.650s][info][gc,marking  ] GC(4319) Concurrent Preclean
[2025-01-08T01:05:38.286+0000][103208.652s][info][gc,marking  ] GC(4319) Concurrent Preclean 1.882ms
[2025-01-08T01:05:38.286+0000][103208.652s][info][gc,start    ] GC(4319) Pause Remark
[2025-01-08T01:05:38.312+0000][103208.678s][info][gc          ] GC(4319) Pause Remark 3732M->3732M(12288M) 26.035ms
[2025-01-08T01:05:38.312+0000][103208.678s][info][gc,cpu      ] GC(4319) User=0.15s Sys=0.00s Real=0.03s
[2025-01-08T01:05:38.312+0000][103208.678s][info][gc,marking  ] GC(4319) Concurrent Mark 1074.144ms
[2025-01-08T01:05:38.312+0000][103208.678s][info][gc,marking  ] GC(4319) Concurrent Rebuild Remembered Sets
[2025-01-08T01:05:38.862+0000][103209.228s][info][gc,marking  ] GC(4319) Concurrent Rebuild Remembered Sets 549.794ms
[2025-01-08T01:05:38.862+0000][103209.228s][info][gc,start    ] GC(4319) Pause Cleanup
[2025-01-08T01:05:38.863+0000][103209.229s][info][gc          ] GC(4319) Pause Cleanup 4241M->4241M(12288M) 0.412ms
[2025-01-08T01:05:38.863+0000][103209.229s][info][gc,cpu      ] GC(4319) User=0.00s Sys=0.00s Real=0.00s
[2025-01-08T01:05:38.863+0000][103209.229s][info][gc,marking  ] GC(4319) Concurrent Cleanup for Next Mark
[2025-01-08T01:05:38.879+0000][103209.245s][info][gc,marking  ] GC(4319) Concurrent Cleanup for Next Mark 16.488ms
[2025-01-08T01:05:38.879+0000][103209.245s][info][gc          ] GC(4319) Concurrent Mark Cycle 1675.594ms
[2025-01-08T01:05:45.566+0000][103215.932s][info][gc,start    ] GC(4320) Pause Young (Prepare Mixed) (G1 Evacuation Pause)
[2025-01-08T01:05:45.566+0000][103215.932s][info][gc,task     ] GC(4320) Using 6 workers of 6 for evacuation
[2025-01-08T01:05:45.606+0000][103215.972s][info][gc,phases   ] GC(4320)   Pre Evacuate Collection Set: 0.2ms
[2025-01-08T01:05:45.606+0000][103215.972s][info][gc,phases   ] GC(4320)   Merge Heap Roots: 0.7ms
[2025-01-08T01:05:45.606+0000][103215.972s][info][gc,phases   ] GC(4320)   Evacuate Collection Set: 36.3ms
[2025-01-08T01:05:45.606+0000][103215.972s][info][gc,phases   ] GC(4320)   Post Evacuate Collection Set: 2.8ms
[2025-01-08T01:05:45.606+0000][103215.972s][info][gc,phases   ] GC(4320)   Other: 0.2ms
[2025-01-08T01:05:45.606+0000][103215.972s][info][gc,heap     ] GC(4320) Eden regions: 898->0(65)
[2025-01-08T01:05:45.606+0000][103215.972s][info][gc,heap     ] GC(4320) Survivor regions: 11->11(114)
[2025-01-08T01:05:45.606+0000][103215.972s][info][gc,heap     ] GC(4320) Old regions: 252->252
[2025-01-08T01:05:45.606+0000][103215.972s][info][gc,heap     ] GC(4320) Archive regions: 2->2
[2025-01-08T01:05:45.606+0000][103215.972s][info][gc,heap     ] GC(4320) Humongous regions: 49->49
[2025-01-08T01:05:45.606+0000][103215.972s][info][gc,metaspace] GC(4320) Metaspace: 506214K(515008K)->506214K(515008K) NonClass: 444606K(449024K)->444606K(449024K) Class: 61608K(65984K)->61608K(65984K)
[2025-01-08T01:05:45.606+0000][103215.972s][info][gc          ] GC(4320) Pause Young (Prepare Mixed) (G1 Evacuation Pause) 9676M->2498M(12288M) 40.315ms
[2025-01-08T01:05:45.606+0000][103215.972s][info][gc,cpu      ] GC(4320) User=0.24s Sys=0.00s Real=0.04s
[2025-01-08T01:05:46.114+0000][103216.480s][info][gc,start    ] GC(4321) Pause Young (Mixed) (G1 Evacuation Pause)
[2025-01-08T01:05:46.114+0000][103216.480s][info][gc,task     ] GC(4321) Using 6 workers of 6 for evacuation
[2025-01-08T01:05:46.184+0000][103216.550s][info][gc,phases   ] GC(4321)   Pre Evacuate Collection Set: 0.2ms
[2025-01-08T01:05:46.184+0000][103216.550s][info][gc,phases   ] GC(4321)   Merge Heap Roots: 0.8ms
[2025-01-08T01:05:46.184+0000][103216.550s][info][gc,phases   ] GC(4321)   Evacuate Collection Set: 67.1ms
[2025-01-08T01:05:46.184+0000][103216.550s][info][gc,phases   ] GC(4321)   Post Evacuate Collection Set: 1.9ms
[2025-01-08T01:05:46.184+0000][103216.550s][info][gc,phases   ] GC(4321)   Other: 0.2ms
[2025-01-08T01:05:46.184+0000][103216.550s][info][gc,heap     ] GC(4321) Eden regions: 65->0(902)
[2025-01-08T01:05:46.184+0000][103216.550s][info][gc,heap     ] GC(4321) Survivor regions: 11->5(10)
[2025-01-08T01:05:46.184+0000][103216.550s][info][gc,heap     ] GC(4321) Old regions: 252->255
[2025-01-08T01:05:46.184+0000][103216.550s][info][gc,heap     ] GC(4321) Archive regions: 2->2
[2025-01-08T01:05:46.184+0000][103216.550s][info][gc,heap     ] GC(4321) Humongous regions: 49->49
[2025-01-08T01:05:46.184+0000][103216.550s][info][gc,metaspace] GC(4321) Metaspace: 506214K(515008K)->506214K(515008K) NonClass: 444606K(449024K)->444606K(449024K) Class: 61608K(65984K)->61608K(65984K)
[2025-01-08T01:05:46.184+0000][103216.550s][info][gc          ] GC(4321) Pause Young (Mixed) (G1 Evacuation Pause) 3018M->2473M(12288M) 70.155ms
[2025-01-08T01:05:46.184+0000][103216.550s][info][gc,cpu      ] GC(4321) User=0.42s Sys=0.00s Real=0.07s
[2025-01-08T01:05:53.995+0000][103224.361s][info][gc,start    ] GC(4322) Pause Young (Normal) (G1 Evacuation Pause)
[2025-01-08T01:05:53.995+0000][103224.361s][info][gc,task     ] GC(4322) Using 6 workers of 6 for evacuation
[2025-01-08T01:05:54.021+0000][103224.387s][info][gc,phases   ] GC(4322)   Pre Evacuate Collection Set: 0.2ms
[2025-01-08T01:05:54.021+0000][103224.387s][info][gc,phases   ] GC(4322)   Merge Heap Roots: 0.4ms
[2025-01-08T01:05:54.021+0000][103224.387s][info][gc,phases   ] GC(4322)   Evacuate Collection Set: 22.5ms
[2025-01-08T01:05:54.021+0000][103224.387s][info][gc,phases   ] GC(4322)   Post Evacuate Collection Set: 2.4ms
[2025-01-08T01:05:54.021+0000][103224.387s][info][gc,phases   ] GC(4322)   Other: 0.2ms
[2025-01-08T01:05:54.021+0000][103224.387s][info][gc,heap     ] GC(4322) Eden regions: 902->0(903)
[2025-01-08T01:05:54.021+0000][103224.387s][info][gc,heap     ] GC(4322) Survivor regions: 5->6(114)
[2025-01-08T01:05:54.021+0000][103224.387s][info][gc,heap     ] GC(4322) Old regions: 255->255
[2025-01-08T01:05:54.021+0000][103224.387s][info][gc,heap     ] GC(4322) Archive regions: 2->2
[2025-01-08T01:05:54.021+0000][103224.387s][info][gc,heap     ] GC(4322) Humongous regions: 49->49
[2025-01-08T01:05:54.021+0000][103224.387s][info][gc,metaspace] GC(4322) Metaspace: 506214K(515008K)->506214K(515008K) NonClass: 444606K(449024K)->444606K(449024K) Class: 61608K(65984K)->61608K(65984K)
[2025-01-08T01:05:54.021+0000][103224.387s][info][gc          ] GC(4322) Pause Young (Normal) (G1 Evacuation Pause) 9689M->2481M(12288M) 25.848ms
[2025-01-08T01:05:54.021+0000][103224.387s][info][gc,cpu      ] GC(4322) User=0.15s Sys=0.00s Real=0.02s
[2025-01-08T01:06:01.105+0000][103231.471s][info][gc,start    ] GC(4323) Pause Young (Normal) (G1 Evacuation Pause)
[2025-01-08T01:06:01.105+0000][103231.471s][info][gc,task     ] GC(4323) Using 6 workers of 6 for evacuation
[2025-01-08T01:06:01.134+0000][103231.500s][info][gc,phases   ] GC(4323)   Pre Evacuate Collection Set: 0.2ms
[2025-01-08T01:06:01.134+0000][103231.500s][info][gc,phases   ] GC(4323)   Merge Heap Roots: 0.5ms
[2025-01-08T01:06:01.134+0000][103231.500s][info][gc,phases   ] GC(4323)   Evacuate Collection Set: 25.5ms
[2025-01-08T01:06:01.134+0000][103231.500s][info][gc,phases   ] GC(4323)   Post Evacuate Collection Set: 2.6ms
[2025-01-08T01:06:01.134+0000][103231.500s][info][gc,phases   ] GC(4323)   Other: 0.2ms
[2025-01-08T01:06:01.134+0000][103231.500s][info][gc,heap     ] GC(4323) Eden regions: 903->0(901)
[2025-01-08T01:06:01.134+0000][103231.500s][info][gc,heap     ] GC(4323) Survivor regions: 6->8(114)
[2025-01-08T01:06:01.134+0000][103231.500s][info][gc,heap     ] GC(4323) Old regions: 255->255
[2025-01-08T01:06:01.134+0000][103231.500s][info][gc,heap     ] GC(4323) Archive regions: 2->2
[2025-01-08T01:06:01.134+0000][103231.500s][info][gc,heap     ] GC(4323) Humongous regions: 49->49
[2025-01-08T01:06:01.134+0000][103231.500s][info][gc,metaspace] GC(4323) Metaspace: 506214K(515008K)->506214K(515008K) NonClass: 444606K(449024K)->444606K(449024K) Class: 61608K(65984K)->61608K(65984K)
[2025-01-08T01:06:01.134+0000][103231.500s][info][gc          ] GC(4323) Pause Young (Normal) (G1 Evacuation Pause) 9705M->2492M(12288M) 29.094ms
[2025-01-08T01:06:01.134+0000][103231.500s][info][gc,cpu      ] GC(4323) User=0.17s Sys=0.00s Real=0.03s
[2025-01-08T01:06:09.285+0000][103239.651s][info][gc,start    ] GC(4324) Pause Young (Concurrent Start) (G1 Evacuation Pause)
[2025-01-08T01:06:09.285+0000][103239.651s][info][gc,task     ] GC(4324) Using 6 workers of 6 for evacuation
[2025-01-08T01:06:09.322+0000][103239.688s][info][gc,phases   ] GC(4324)   Pre Evacuate Collection Set: 1.1ms
[2025-01-08T01:06:09.322+0000][103239.688s][info][gc,phases   ] GC(4324)   Merge Heap Roots: 0.5ms
[2025-01-08T01:06:09.322+0000][103239.688s][info][gc,phases   ] GC(4324)   Evacuate Collection Set: 29.2ms
[2025-01-08T01:06:09.322+0000][103239.688s][info][gc,phases   ] GC(4324)   Post Evacuate Collection Set: 6.4ms
[2025-01-08T01:06:09.322+0000][103239.688s][info][gc,phases   ] GC(4324)   Other: 0.3ms
[2025-01-08T01:06:09.322+0000][103239.688s][info][gc,heap     ] GC(4324) Eden regions: 901->0(900)
[2025-01-08T01:06:09.322+0000][103239.688s][info][gc,heap     ] GC(4324) Survivor regions: 8->9(114)
[2025-01-08T01:06:09.322+0000][103239.688s][info][gc,heap     ] GC(4324) Old regions: 255->255
[2025-01-08T01:06:09.322+0000][103239.688s][info][gc,heap     ] GC(4324) Archive regions: 2->2
[2025-01-08T01:06:09.322+0000][103239.688s][info][gc,heap     ] GC(4324) Humongous regions: 49->49
[2025-01-08T01:06:09.322+0000][103239.688s][info][gc,metaspace] GC(4324) Metaspace: 506214K(515008K)->506214K(515008K) NonClass: 444606K(449024K)->444606K(449024K) Class: 61608K(65984K)->61608K(65984K)
[2025-01-08T01:06:09.322+0000][103239.688s][info][gc          ] GC(4324) Pause Young (Concurrent Start) (G1 Evacuation Pause) 9700M->2500M(12288M) 37.465ms
[2025-01-08T01:06:09.322+0000][103239.688s][info][gc,cpu      ] GC(4324) User=0.19s Sys=0.00s Real=0.04s
[2025-01-08T01:06:09.322+0000][103239.688s][info][gc          ] GC(4325) Concurrent Mark Cycle
[2025-01-08T01:06:09.322+0000][103239.688s][info][gc,marking  ] GC(4325) Concurrent Clear Claimed Marks
[2025-01-08T01:06:09.323+0000][103239.689s][info][gc,marking  ] GC(4325) Concurrent Clear Claimed Marks 0.905ms
[2025-01-08T01:06:09.323+0000][103239.689s][info][gc,marking  ] GC(4325) Concurrent Scan Root Regions
[2025-01-08T01:06:09.349+0000][103239.715s][info][gc,marking  ] GC(4325) Concurrent Scan Root Regions 25.842ms
[2025-01-08T01:06:09.349+0000][103239.715s][info][gc,marking  ] GC(4325) Concurrent Mark
[2025-01-08T01:06:09.349+0000][103239.715s][info][gc,marking  ] GC(4325) Concurrent Mark From Roots
[2025-01-08T01:06:09.349+0000][103239.715s][info][gc,task     ] GC(4325) Using 2 workers of 2 for marking
[2025-01-08T01:06:10.391+0000][103240.757s][info][gc,marking  ] GC(4325) Concurrent Mark From Roots 1041.856ms
[2025-01-08T01:06:10.391+0000][103240.757s][info][gc,marking  ] GC(4325) Concurrent Preclean
[2025-01-08T01:06:10.393+0000][103240.759s][info][gc,marking  ] GC(4325) Concurrent Preclean 1.763ms
[2025-01-08T01:06:10.393+0000][103240.759s][info][gc,start    ] GC(4325) Pause Remark
[2025-01-08T01:06:10.419+0000][103240.785s][info][gc          ] GC(4325) Pause Remark 3660M->3660M(12288M) 25.809ms
[2025-01-08T01:06:10.419+0000][103240.785s][info][gc,cpu      ] GC(4325) User=0.14s Sys=0.01s Real=0.02s
[2025-01-08T01:06:10.419+0000][103240.785s][info][gc,marking  ] GC(4325) Concurrent Mark 1069.765ms
[2025-01-08T01:06:10.419+0000][103240.785s][info][gc,marking  ] GC(4325) Concurrent Rebuild Remembered Sets
[2025-01-08T01:06:10.952+0000][103241.319s][info][gc,marking  ] GC(4325) Concurrent Rebuild Remembered Sets 533.521ms
[2025-01-08T01:06:10.953+0000][103241.319s][info][gc,start    ] GC(4325) Pause Cleanup
[2025-01-08T01:06:10.953+0000][103241.319s][info][gc          ] GC(4325) Pause Cleanup 4228M->4228M(12288M) 0.444ms
[2025-01-08T01:06:10.953+0000][103241.319s][info][gc,cpu      ] GC(4325) User=0.00s Sys=0.00s Real=0.00s
[2025-01-08T01:06:10.953+0000][103241.319s][info][gc,marking  ] GC(4325) Concurrent Cleanup for Next Mark
[2025-01-08T01:06:10.969+0000][103241.335s][info][gc,marking  ] GC(4325) Concurrent Cleanup for Next Mark 15.431ms
[2025-01-08T01:06:10.969+0000][103241.335s][info][gc          ] GC(4325) Concurrent Mark Cycle 1646.326ms
[2025-01-08T01:06:15.973+0000][103246.339s][info][gc,start    ] GC(4326) Pause Young (Prepare Mixed) (G1 Evacuation Pause)
[2025-01-08T01:06:15.973+0000][103246.339s][info][gc,task     ] GC(4326) Using 6 workers of 6 for evacuation
[2025-01-08T01:06:16.010+0000][103246.376s][info][gc,phases   ] GC(4326)   Pre Evacuate Collection Set: 0.2ms
[2025-01-08T01:06:16.010+0000][103246.376s][info][gc,phases   ] GC(4326)   Merge Heap Roots: 0.7ms
[2025-01-08T01:06:16.010+0000][103246.376s][info][gc,phases   ] GC(4326)   Evacuate Collection Set: 30.8ms
[2025-01-08T01:06:16.010+0000][103246.376s][info][gc,phases   ] GC(4326)   Post Evacuate Collection Set: 5.3ms
[2025-01-08T01:06:16.010+0000][103246.376s][info][gc,phases   ] GC(4326)   Other: 0.2ms
[2025-01-08T01:06:16.010+0000][103246.376s][info][gc,heap     ] GC(4326) Eden regions: 900->0(64)
[2025-01-08T01:06:16.010+0000][103246.376s][info][gc,heap     ] GC(4326) Survivor regions: 9->12(114)
[2025-01-08T01:06:16.010+0000][103246.376s][info][gc,heap     ] GC(4326) Old regions: 255->255
[2025-01-08T01:06:16.010+0000][103246.376s][info][gc,heap     ] GC(4326) Archive regions: 2->2
[2025-01-08T01:06:16.010+0000][103246.376s][info][gc,heap     ] GC(4326) Humongous regions: 49->49
[2025-01-08T01:06:16.010+0000][103246.376s][info][gc,metaspace] GC(4326) Metaspace: 506214K(515008K)->506214K(515008K) NonClass: 444606K(449024K)->444606K(449024K) Class: 61608K(65984K)->61608K(65984K)
[2025-01-08T01:06:16.010+0000][103246.376s][info][gc          ] GC(4326) Pause Young (Prepare Mixed) (G1 Evacuation Pause) 9700M->2523M(12288M) 37.292ms
[2025-01-08T01:06:16.010+0000][103246.376s][info][gc,cpu      ] GC(4326) User=0.22s Sys=0.00s Real=0.04s
[2025-01-08T01:06:16.422+0000][103246.788s][info][gc,start    ] GC(4327) Pause Young (Mixed) (G1 Evacuation Pause)
[2025-01-08T01:06:16.422+0000][103246.788s][info][gc,task     ] GC(4327) Using 6 workers of 6 for evacuation
[2025-01-08T01:06:16.464+0000][103246.830s][info][gc,phases   ] GC(4327)   Pre Evacuate Collection Set: 0.2ms
[2025-01-08T01:06:16.464+0000][103246.830s][info][gc,phases   ] GC(4327)   Merge Heap Roots: 0.4ms
[2025-01-08T01:06:16.464+0000][103246.830s][info][gc,phases   ] GC(4327)   Evacuate Collection Set: 39.1ms
[2025-01-08T01:06:16.464+0000][103246.830s][info][gc,phases   ] GC(4327)   Post Evacuate Collection Set: 1.7ms
[2025-01-08T01:06:16.464+0000][103246.830s][info][gc,phases   ] GC(4327)   Other: 0.2ms
[2025-01-08T01:06:16.464+0000][103246.830s][info][gc,heap     ] GC(4327) Eden regions: 64->0(902)
[2025-01-08T01:06:16.464+0000][103246.830s][info][gc,heap     ] GC(4327) Survivor regions: 12->5(10)
[2025-01-08T01:06:16.464+0000][103246.830s][info][gc,heap     ] GC(4327) Old regions: 255->255
[2025-01-08T01:06:16.464+0000][103246.830s][info][gc,heap     ] GC(4327) Archive regions: 2->2
[2025-01-08T01:06:16.464+0000][103246.830s][info][gc,heap     ] GC(4327) Humongous regions: 49->49
[2025-01-08T01:06:16.464+0000][103246.830s][info][gc,metaspace] GC(4327) Metaspace: 506214K(515008K)->506214K(515008K) NonClass: 444606K(449024K)->444606K(449024K) Class: 61608K(65984K)->61608K(65984K)
[2025-01-08T01:06:16.464+0000][103246.830s][info][gc          ] GC(4327) Pause Young (Mixed) (G1 Evacuation Pause) 3035M->2468M(12288M) 41.643ms
[2025-01-08T01:06:16.464+0000][103246.830s][info][gc,cpu      ] GC(4327) User=0.24s Sys=0.00s Real=0.04s
[2025-01-08T01:06:24.110+0000][103254.476s][info][gc,start    ] GC(4328) Pause Young (Normal) (G1 Evacuation Pause)
[2025-01-08T01:06:24.110+0000][103254.476s][info][gc,task     ] GC(4328) Using 6 workers of 6 for evacuation
[2025-01-08T01:06:24.131+0000][103254.497s][info][gc,phases   ] GC(4328)   Pre Evacuate Collection Set: 0.2ms
[2025-01-08T01:06:24.131+0000][103254.497s][info][gc,phases   ] GC(4328)   Merge Heap Roots: 0.4ms
[2025-01-08T01:06:24.131+0000][103254.497s][info][gc,phases   ] GC(4328)   Evacuate Collection Set: 17.0ms
[2025-01-08T01:06:24.131+0000][103254.497s][info][gc,phases   ] GC(4328)   Post Evacuate Collection Set: 2.5ms
[2025-01-08T01:06:24.131+0000][103254.497s][info][gc,phases   ] GC(4328)   Other: 0.2ms
[2025-01-08T01:06:24.131+0000][103254.497s][info][gc,heap     ] GC(4328) Eden regions: 902->0(903)
[2025-01-08T01:06:24.131+0000][103254.497s][info][gc,heap     ] GC(4328) Survivor regions: 5->5(114)
[2025-01-08T01:06:24.131+0000][103254.497s][info][gc,heap     ] GC(4328) Old regions: 255->255
[2025-01-08T01:06:24.131+0000][103254.497s][info][gc,heap     ] GC(4328) Archive regions: 2->2
[2025-01-08T01:06:24.131+0000][103254.497s][info][gc,heap     ] GC(4328) Humongous regions: 49->49
[2025-01-08T01:06:24.131+0000][103254.497s][info][gc,metaspace] GC(4328) Metaspace: 506214K(515008K)->506214K(515008K) NonClass: 444606K(449024K)->444606K(449024K) Class: 61608K(65984K)->61608K(65984K)
[2025-01-08T01:06:24.131+0000][103254.497s][info][gc          ] GC(4328) Pause Young (Normal) (G1 Evacuation Pause) 9684M->2472M(12288M) 20.320ms
[2025-01-08T01:06:24.131+0000][103254.497s][info][gc,cpu      ] GC(4328) User=0.12s Sys=0.00s Real=0.02s
[2025-01-08T01:06:32.383+0000][103262.749s][info][gc,start    ] GC(4329) Pause Young (Normal) (G1 Evacuation Pause)
[2025-01-08T01:06:32.383+0000][103262.749s][info][gc,task     ] GC(4329) Using 6 workers of 6 for evacuation
[2025-01-08T01:06:32.406+0000][103262.772s][info][gc,phases   ] GC(4329)   Pre Evacuate Collection Set: 0.2ms
[2025-01-08T01:06:32.406+0000][103262.772s][info][gc,phases   ] GC(4329)   Merge Heap Roots: 0.4ms
[2025-01-08T01:06:32.406+0000][103262.772s][info][gc,phases   ] GC(4329)   Evacuate Collection Set: 18.7ms
[2025-01-08T01:06:32.406+0000][103262.772s][info][gc,phases   ] GC(4329)   Post Evacuate Collection Set: 3.9ms
[2025-01-08T01:06:32.406+0000][103262.772s][info][gc,phases   ] GC(4329)   Other: 0.2ms
[2025-01-08T01:06:32.406+0000][103262.772s][info][gc,heap     ] GC(4329) Eden regions: 903->0(902)
[2025-01-08T01:06:32.406+0000][103262.772s][info][gc,heap     ] GC(4329) Survivor regions: 5->6(114)
[2025-01-08T01:06:32.406+0000][103262.772s][info][gc,heap     ] GC(4329) Old regions: 255->255
[2025-01-08T01:06:32.406+0000][103262.772s][info][gc,heap     ] GC(4329) Archive regions: 2->2
[2025-01-08T01:06:32.406+0000][103262.772s][info][gc,heap     ] GC(4329) Humongous regions: 49->49
[2025-01-08T01:06:32.406+0000][103262.772s][info][gc,metaspace] GC(4329) Metaspace: 506214K(515008K)->506214K(515008K) NonClass: 444606K(449024K)->444606K(449024K) Class: 61608K(65984K)->61608K(65984K)
[2025-01-08T01:06:32.406+0000][103262.772s][info][gc          ] GC(4329) Pause Young (Normal) (G1 Evacuation Pause) 9696M->2482M(12288M) 23.513ms
[2025-01-08T01:06:32.406+0000][103262.772s][info][gc,cpu      ] GC(4329) User=0.13s Sys=0.01s Real=0.02s
[2025-01-08T01:06:40.455+0000][103270.821s][info][gc,start    ] GC(4330) Pause Young (Concurrent Start) (G1 Evacuation Pause)
[2025-01-08T01:06:40.455+0000][103270.821s][info][gc,task     ] GC(4330) Using 6 workers of 6 for evacuation
[2025-01-08T01:06:40.482+0000][103270.849s][info][gc,phases   ] GC(4330)   Pre Evacuate Collection Set: 1.1ms
[2025-01-08T01:06:40.482+0000][103270.849s][info][gc,phases   ] GC(4330)   Merge Heap Roots: 0.4ms
[2025-01-08T01:06:40.482+0000][103270.849s][info][gc,phases   ] GC(4330)   Evacuate Collection Set: 23.2ms
[2025-01-08T01:06:40.482+0000][103270.849s][info][gc,phases   ] GC(4330)   Post Evacuate Collection Set: 2.5ms
[2025-01-08T01:06:40.482+0000][103270.849s][info][gc,phases   ] GC(4330)   Other: 0.3ms
[2025-01-08T01:06:40.482+0000][103270.849s][info][gc,heap     ] GC(4330) Eden regions: 902->0(900)
[2025-01-08T01:06:40.482+0000][103270.849s][info][gc,heap     ] GC(4330) Survivor regions: 6->8(114)
[2025-01-08T01:06:40.483+0000][103270.849s][info][gc,heap     ] GC(4330) Old regions: 255->255
[2025-01-08T01:06:40.483+0000][103270.849s][info][gc,heap     ] GC(4330) Archive regions: 2->2
[2025-01-08T01:06:40.483+0000][103270.849s][info][gc,heap     ] GC(4330) Humongous regions: 49->49
[2025-01-08T01:06:40.483+0000][103270.849s][info][gc,metaspace] GC(4330) Metaspace: 506214K(515008K)->506214K(515008K) NonClass: 444606K(449024K)->444606K(449024K) Class: 61608K(65984K)->61608K(65984K)
[2025-01-08T01:06:40.483+0000][103270.849s][info][gc          ] GC(4330) Pause Young (Concurrent Start) (G1 Evacuation Pause) 9698M->2491M(12288M) 27.569ms
[2025-01-08T01:06:40.483+0000][103270.849s][info][gc,cpu      ] GC(4330) User=0.16s Sys=0.00s Real=0.03s
[2025-01-08T01:06:40.483+0000][103270.849s][info][gc          ] GC(4331) Concurrent Mark Cycle
[2025-01-08T01:06:40.483+0000][103270.849s][info][gc,marking  ] GC(4331) Concurrent Clear Claimed Marks
[2025-01-08T01:06:40.484+0000][103270.850s][info][gc,marking  ] GC(4331) Concurrent Clear Claimed Marks 0.868ms
[2025-01-08T01:06:40.484+0000][103270.850s][info][gc,marking  ] GC(4331) Concurrent Scan Root Regions
[2025-01-08T01:06:40.499+0000][103270.865s][info][gc,marking  ] GC(4331) Concurrent Scan Root Regions 15.811ms
[2025-01-08T01:06:40.499+0000][103270.865s][info][gc,marking  ] GC(4331) Concurrent Mark
[2025-01-08T01:06:40.499+0000][103270.865s][info][gc,marking  ] GC(4331) Concurrent Mark From Roots
[2025-01-08T01:06:40.499+0000][103270.865s][info][gc,task     ] GC(4331) Using 2 workers of 2 for marking
[2025-01-08T01:06:41.354+0000][103271.721s][info][gc,marking  ] GC(4331) Concurrent Mark From Roots 855.060ms
[2025-01-08T01:06:41.354+0000][103271.721s][info][gc,marking  ] GC(4331) Concurrent Preclean
[2025-01-08T01:06:41.356+0000][103271.722s][info][gc,marking  ] GC(4331) Concurrent Preclean 1.894ms
[2025-01-08T01:06:41.356+0000][103271.723s][info][gc,start    ] GC(4331) Pause Remark
[2025-01-08T01:06:41.383+0000][103271.749s][info][gc          ] GC(4331) Pause Remark 3095M->3095M(12288M) 26.083ms
[2025-01-08T01:06:41.383+0000][103271.749s][info][gc,cpu      ] GC(4331) User=0.15s Sys=0.00s Real=0.03s
[2025-01-08T01:06:41.383+0000][103271.749s][info][gc,marking  ] GC(4331) Concurrent Mark 883.385ms
[2025-01-08T01:06:41.383+0000][103271.749s][info][gc,marking  ] GC(4331) Concurrent Rebuild Remembered Sets
[2025-01-08T01:06:41.924+0000][103272.290s][info][gc,marking  ] GC(4331) Concurrent Rebuild Remembered Sets 541.060ms
[2025-01-08T01:06:41.924+0000][103272.290s][info][gc,start    ] GC(4331) Pause Cleanup
[2025-01-08T01:06:41.924+0000][103272.290s][info][gc          ] GC(4331) Pause Cleanup 3547M->3547M(12288M) 0.405ms
[2025-01-08T01:06:41.924+0000][103272.291s][info][gc,cpu      ] GC(4331) User=0.00s Sys=0.00s Real=0.00s
[2025-01-08T01:06:41.924+0000][103272.291s][info][gc,marking  ] GC(4331) Concurrent Cleanup for Next Mark
[2025-01-08T01:06:41.941+0000][103272.307s][info][gc,marking  ] GC(4331) Concurrent Cleanup for Next Mark 16.028ms
[2025-01-08T01:06:41.941+0000][103272.307s][info][gc          ] GC(4331) Concurrent Mark Cycle 1457.967ms
[2025-01-08T01:06:47.600+0000][103277.966s][info][gc,start    ] GC(4332) Pause Young (Prepare Mixed) (G1 Evacuation Pause)
[2025-01-08T01:06:47.600+0000][103277.966s][info][gc,task     ] GC(4332) Using 6 workers of 6 for evacuation
[2025-01-08T01:06:47.629+0000][103277.995s][info][gc,phases   ] GC(4332)   Pre Evacuate Collection Set: 0.2ms
[2025-01-08T01:06:47.629+0000][103277.995s][info][gc,phases   ] GC(4332)   Merge Heap Roots: 0.6ms
[2025-01-08T01:06:47.629+0000][103277.995s][info][gc,phases   ] GC(4332)   Evacuate Collection Set: 25.5ms
[2025-01-08T01:06:47.629+0000][103277.995s][info][gc,phases   ] GC(4332)   Post Evacuate Collection Set: 2.5ms
[2025-01-08T01:06:47.629+0000][103277.995s][info][gc,phases   ] GC(4332)   Other: 0.2ms
[2025-01-08T01:06:47.629+0000][103277.995s][info][gc,heap     ] GC(4332) Eden regions: 900->0(68)
[2025-01-08T01:06:47.629+0000][103277.995s][info][gc,heap     ] GC(4332) Survivor regions: 8->8(114)
[2025-01-08T01:06:47.629+0000][103277.995s][info][gc,heap     ] GC(4332) Old regions: 255->255
[2025-01-08T01:06:47.629+0000][103277.995s][info][gc,heap     ] GC(4332) Archive regions: 2->2
[2025-01-08T01:06:47.629+0000][103277.995s][info][gc,heap     ] GC(4332) Humongous regions: 49->49
[2025-01-08T01:06:47.629+0000][103277.995s][info][gc,metaspace] GC(4332) Metaspace: 506214K(515008K)->506214K(515008K) NonClass: 444606K(449024K)->444606K(449024K) Class: 61608K(65984K)->61608K(65984K)
[2025-01-08T01:06:47.629+0000][103277.995s][info][gc          ] GC(4332) Pause Young (Prepare Mixed) (G1 Evacuation Pause) 9691M->2498M(12288M) 29.156ms
[2025-01-08T01:06:47.629+0000][103277.995s][info][gc,cpu      ] GC(4332) User=0.17s Sys=0.00s Real=0.03s
[2025-01-08T01:06:48.072+0000][103278.438s][info][gc,start    ] GC(4333) Pause Young (Mixed) (G1 Evacuation Pause)
[2025-01-08T01:06:48.072+0000][103278.438s][info][gc,task     ] GC(4333) Using 6 workers of 6 for evacuation
[2025-01-08T01:06:48.127+0000][103278.493s][info][gc,phases   ] GC(4333)   Pre Evacuate Collection Set: 0.2ms
[2025-01-08T01:06:48.127+0000][103278.493s][info][gc,phases   ] GC(4333)   Merge Heap Roots: 0.6ms
[2025-01-08T01:06:48.127+0000][103278.493s][info][gc,phases   ] GC(4333)   Evacuate Collection Set: 51.7ms
[2025-01-08T01:06:48.127+0000][103278.493s][info][gc,phases   ] GC(4333)   Post Evacuate Collection Set: 1.8ms
[2025-01-08T01:06:48.127+0000][103278.493s][info][gc,phases   ] GC(4333)   Other: 0.2ms
[2025-01-08T01:06:48.127+0000][103278.493s][info][gc,heap     ] GC(4333) Eden regions: 68->0(904)
[2025-01-08T01:06:48.127+0000][103278.493s][info][gc,heap     ] GC(4333) Survivor regions: 8->6(10)
[2025-01-08T01:06:48.127+0000][103278.493s][info][gc,heap     ] GC(4333) Old regions: 255->253
[2025-01-08T01:06:48.127+0000][103278.493s][info][gc,heap     ] GC(4333) Archive regions: 2->2
[2025-01-08T01:06:48.127+0000][103278.493s][info][gc,heap     ] GC(4333) Humongous regions: 49->49
[2025-01-08T01:06:48.127+0000][103278.493s][info][gc,metaspace] GC(4333) Metaspace: 506214K(515008K)->506214K(515008K) NonClass: 444606K(449024K)->444606K(449024K) Class: 61608K(65984K)->61608K(65984K)
[2025-01-08T01:06:48.127+0000][103278.493s][info][gc          ] GC(4333) Pause Young (Mixed) (G1 Evacuation Pause) 3042M->2465M(12288M) 54.538ms
[2025-01-08T01:06:48.127+0000][103278.493s][info][gc,cpu      ] GC(4333) User=0.32s Sys=0.00s Real=0.05s
[2025-01-08T01:06:54.479+0000][103284.846s][info][gc,start    ] GC(4334) Pause Young (Normal) (G1 Evacuation Pause)
[2025-01-08T01:06:54.479+0000][103284.846s][info][gc,task     ] GC(4334) Using 6 workers of 6 for evacuation
[2025-01-08T01:06:54.508+0000][103284.874s][info][gc,phases   ] GC(4334)   Pre Evacuate Collection Set: 0.2ms
[2025-01-08T01:06:54.508+0000][103284.874s][info][gc,phases   ] GC(4334)   Merge Heap Roots: 0.4ms
[2025-01-08T01:06:54.508+0000][103284.874s][info][gc,phases   ] GC(4334)   Evacuate Collection Set: 25.1ms
[2025-01-08T01:06:54.508+0000][103284.874s][info][gc,phases   ] GC(4334)   Post Evacuate Collection Set: 2.5ms
[2025-01-08T01:06:54.508+0000][103284.874s][info][gc,phases   ] GC(4334)   Other: 0.2ms
[2025-01-08T01:06:54.508+0000][103284.874s][info][gc,heap     ] GC(4334) Eden regions: 904->0(905)
[2025-01-08T01:06:54.508+0000][103284.874s][info][gc,heap     ] GC(4334) Survivor regions: 6->7(114)
[2025-01-08T01:06:54.508+0000][103284.874s][info][gc,heap     ] GC(4334) Old regions: 253->253
[2025-01-08T01:06:54.508+0000][103284.874s][info][gc,heap     ] GC(4334) Archive regions: 2->2
[2025-01-08T01:06:54.508+0000][103284.874s][info][gc,heap     ] GC(4334) Humongous regions: 49->49
[2025-01-08T01:06:54.508+0000][103284.874s][info][gc,metaspace] GC(4334) Metaspace: 506214K(515008K)->506214K(515008K) NonClass: 444606K(449024K)->444606K(449024K) Class: 61608K(65984K)->61608K(65984K)
[2025-01-08T01:06:54.508+0000][103284.874s][info][gc          ] GC(4334) Pause Young (Normal) (G1 Evacuation Pause) 9697M->2474M(12288M) 28.449ms
[2025-01-08T01:06:54.508+0000][103284.874s][info][gc,cpu      ] GC(4334) User=0.17s Sys=0.00s Real=0.03s
[2025-01-08T01:07:01.208+0000][103291.574s][info][gc,start    ] GC(4335) Pause Young (Normal) (G1 Evacuation Pause)
[2025-01-08T01:07:01.208+0000][103291.574s][info][gc,task     ] GC(4335) Using 6 workers of 6 for evacuation
[2025-01-08T01:07:01.244+0000][103291.610s][info][gc,phases   ] GC(4335)   Pre Evacuate Collection Set: 0.2ms
[2025-01-08T01:07:01.244+0000][103291.610s][info][gc,phases   ] GC(4335)   Merge Heap Roots: 0.5ms
[2025-01-08T01:07:01.244+0000][103291.610s][info][gc,phases   ] GC(4335)   Evacuate Collection Set: 33.1ms
[2025-01-08T01:07:01.244+0000][103291.610s][info][gc,phases   ] GC(4335)   Post Evacuate Collection Set: 2.5ms
[2025-01-08T01:07:01.244+0000][103291.610s][info][gc,phases   ] GC(4335)   Other: 0.2ms
[2025-01-08T01:07:01.244+0000][103291.610s][info][gc,heap     ] GC(4335) Eden regions: 905->0(900)
[2025-01-08T01:07:01.244+0000][103291.610s][info][gc,heap     ] GC(4335) Survivor regions: 7->10(114)
[2025-01-08T01:07:01.244+0000][103291.610s][info][gc,heap     ] GC(4335) Old regions: 253->253
[2025-01-08T01:07:01.244+0000][103291.610s][info][gc,heap     ] GC(4335) Archive regions: 2->2
[2025-01-08T01:07:01.244+0000][103291.610s][info][gc,heap     ] GC(4335) Humongous regions: 49->49
[2025-01-08T01:07:01.244+0000][103291.610s][info][gc,metaspace] GC(4335) Metaspace: 506214K(515008K)->506214K(515008K) NonClass: 444606K(449024K)->444606K(449024K) Class: 61608K(65984K)->61608K(65984K)
[2025-01-08T01:07:01.244+0000][103291.610s][info][gc          ] GC(4335) Pause Young (Normal) (G1 Evacuation Pause) 9714M->2498M(12288M) 36.527ms
[2025-01-08T01:07:01.244+0000][103291.610s][info][gc,cpu      ] GC(4335) User=0.21s Sys=0.01s Real=0.04s
[2025-01-08T01:07:12.478+0000][103302.844s][info][gc,start    ] GC(4336) Pause Young (Concurrent Start) (G1 Evacuation Pause)
[2025-01-08T01:07:12.478+0000][103302.844s][info][gc,task     ] GC(4336) Using 6 workers of 6 for evacuation
[2025-01-08T01:07:12.519+0000][103302.885s][info][gc,phases   ] GC(4336)   Pre Evacuate Collection Set: 1.1ms
[2025-01-08T01:07:12.519+0000][103302.885s][info][gc,phases   ] GC(4336)   Merge Heap Roots: 0.5ms
[2025-01-08T01:07:12.519+0000][103302.885s][info][gc,phases   ] GC(4336)   Evacuate Collection Set: 34.2ms
[2025-01-08T01:07:12.519+0000][103302.885s][info][gc,phases   ] GC(4336)   Post Evacuate Collection Set: 5.5ms
[2025-01-08T01:07:12.519+0000][103302.885s][info][gc,phases   ] GC(4336)   Other: 0.3ms
[2025-01-08T01:07:12.519+0000][103302.885s][info][gc,heap     ] GC(4336) Eden regions: 900->0(896)
[2025-01-08T01:07:12.519+0000][103302.885s][info][gc,heap     ] GC(4336) Survivor regions: 10->12(114)
[2025-01-08T01:07:12.519+0000][103302.885s][info][gc,heap     ] GC(4336) Old regions: 253->253
[2025-01-08T01:07:12.519+0000][103302.885s][info][gc,heap     ] GC(4336) Archive regions: 2->2
[2025-01-08T01:07:12.519+0000][103302.885s][info][gc,heap     ] GC(4336) Humongous regions: 49->49
[2025-01-08T01:07:12.519+0000][103302.885s][info][gc,metaspace] GC(4336) Metaspace: 506214K(515008K)->506214K(515008K) NonClass: 444606K(449024K)->444606K(449024K) Class: 61608K(65984K)->61608K(65984K)
[2025-01-08T01:07:12.519+0000][103302.885s][info][gc          ] GC(4336) Pause Young (Concurrent Start) (G1 Evacuation Pause) 9698M->2514M(12288M) 41.607ms
[2025-01-08T01:07:12.519+0000][103302.885s][info][gc,cpu      ] GC(4336) User=0.24s Sys=0.00s Real=0.04s
[2025-01-08T01:07:12.519+0000][103302.886s][info][gc          ] GC(4337) Concurrent Mark Cycle
[2025-01-08T01:07:12.519+0000][103302.886s][info][gc,marking  ] GC(4337) Concurrent Clear Claimed Marks
[2025-01-08T01:07:12.520+0000][103302.886s][info][gc,marking  ] GC(4337) Concurrent Clear Claimed Marks 0.903ms
[2025-01-08T01:07:12.520+0000][103302.886s][info][gc,marking  ] GC(4337) Concurrent Scan Root Regions
[2025-01-08T01:07:12.549+0000][103302.915s][info][gc,marking  ] GC(4337) Concurrent Scan Root Regions 28.785ms
[2025-01-08T01:07:12.549+0000][103302.915s][info][gc,marking  ] GC(4337) Concurrent Mark
[2025-01-08T01:07:12.549+0000][103302.915s][info][gc,marking  ] GC(4337) Concurrent Mark From Roots
[2025-01-08T01:07:12.549+0000][103302.915s][info][gc,task     ] GC(4337) Using 2 workers of 2 for marking
[2025-01-08T01:07:13.547+0000][103303.913s][info][gc,marking  ] GC(4337) Concurrent Mark From Roots 998.044ms
[2025-01-08T01:07:13.547+0000][103303.913s][info][gc,marking  ] GC(4337) Concurrent Preclean
[2025-01-08T01:07:13.549+0000][103303.915s][info][gc,marking  ] GC(4337) Concurrent Preclean 1.899ms
[2025-01-08T01:07:13.549+0000][103303.915s][info][gc,start    ] GC(4337) Pause Remark
[2025-01-08T01:07:13.576+0000][103303.942s][info][gc          ] GC(4337) Pause Remark 3386M->3386M(12288M) 26.434ms
[2025-01-08T01:07:13.576+0000][103303.942s][info][gc,cpu      ] GC(4337) User=0.15s Sys=0.00s Real=0.03s
[2025-01-08T01:07:13.576+0000][103303.942s][info][gc,marking  ] GC(4337) Concurrent Mark 1026.751ms
[2025-01-08T01:07:13.576+0000][103303.942s][info][gc,marking  ] GC(4337) Concurrent Rebuild Remembered Sets
[2025-01-08T01:07:14.156+0000][103304.522s][info][gc,marking  ] GC(4337) Concurrent Rebuild Remembered Sets 579.692ms
[2025-01-08T01:07:14.156+0000][103304.522s][info][gc,start    ] GC(4337) Pause Cleanup
[2025-01-08T01:07:14.156+0000][103304.522s][info][gc          ] GC(4337) Pause Cleanup 3870M->3870M(12288M) 0.405ms
[2025-01-08T01:07:14.156+0000][103304.522s][info][gc,cpu      ] GC(4337) User=0.00s Sys=0.00s Real=0.00s
[2025-01-08T01:07:14.156+0000][103304.522s][info][gc,marking  ] GC(4337) Concurrent Cleanup for Next Mark
[2025-01-08T01:07:14.172+0000][103304.538s][info][gc,marking  ] GC(4337) Concurrent Cleanup for Next Mark 15.382ms
[2025-01-08T01:07:14.172+0000][103304.538s][info][gc          ] GC(4337) Concurrent Mark Cycle 1652.310ms
[2025-01-08T01:07:19.511+0000][103309.877s][info][gc,start    ] GC(4338) Pause Young (Prepare Mixed) (G1 Evacuation Pause)
[2025-01-08T01:07:19.511+0000][103309.877s][info][gc,task     ] GC(4338) Using 6 workers of 6 for evacuation
[2025-01-08T01:07:19.550+0000][103309.917s][info][gc,phases   ] GC(4338)   Pre Evacuate Collection Set: 0.2ms
[2025-01-08T01:07:19.550+0000][103309.917s][info][gc,phases   ] GC(4338)   Merge Heap Roots: 0.7ms
[2025-01-08T01:07:19.550+0000][103309.917s][info][gc,phases   ] GC(4338)   Evacuate Collection Set: 35.9ms
[2025-01-08T01:07:19.550+0000][103309.917s][info][gc,phases   ] GC(4338)   Post Evacuate Collection Set: 2.7ms
[2025-01-08T01:07:19.550+0000][103309.917s][info][gc,phases   ] GC(4338)   Other: 0.2ms
[2025-01-08T01:07:19.550+0000][103309.917s][info][gc,heap     ] GC(4338) Eden regions: 896->0(64)
[2025-01-08T01:07:19.550+0000][103309.917s][info][gc,heap     ] GC(4338) Survivor regions: 12->12(114)
[2025-01-08T01:07:19.550+0000][103309.917s][info][gc,heap     ] GC(4338) Old regions: 253->253
[2025-01-08T01:07:19.551+0000][103309.917s][info][gc,heap     ] GC(4338) Archive regions: 2->2
[2025-01-08T01:07:19.551+0000][103309.917s][info][gc,heap     ] GC(4338) Humongous regions: 49->49
[2025-01-08T01:07:19.551+0000][103309.917s][info][gc,metaspace] GC(4338) Metaspace: 506214K(515008K)->506214K(515008K) NonClass: 444606K(449024K)->444606K(449024K) Class: 61608K(65984K)->61608K(65984K)
[2025-01-08T01:07:19.551+0000][103309.917s][info][gc          ] GC(4338) Pause Young (Prepare Mixed) (G1 Evacuation Pause) 9682M->2514M(12288M) 39.786ms
[2025-01-08T01:07:19.551+0000][103309.917s][info][gc,cpu      ] GC(4338) User=0.24s Sys=0.00s Real=0.04s
[2025-01-08T01:07:19.978+0000][103310.344s][info][gc,start    ] GC(4339) Pause Young (Mixed) (G1 Evacuation Pause)
[2025-01-08T01:07:19.978+0000][103310.344s][info][gc,task     ] GC(4339) Using 6 workers of 6 for evacuation
[2025-01-08T01:07:20.055+0000][103310.421s][info][gc,phases   ] GC(4339)   Pre Evacuate Collection Set: 0.2ms
[2025-01-08T01:07:20.055+0000][103310.421s][info][gc,phases   ] GC(4339)   Merge Heap Roots: 0.7ms
[2025-01-08T01:07:20.055+0000][103310.421s][info][gc,phases   ] GC(4339)   Evacuate Collection Set: 74.1ms
[2025-01-08T01:07:20.055+0000][103310.421s][info][gc,phases   ] GC(4339)   Post Evacuate Collection Set: 1.9ms
[2025-01-08T01:07:20.055+0000][103310.421s][info][gc,phases   ] GC(4339)   Other: 0.2ms
[2025-01-08T01:07:20.055+0000][103310.421s][info][gc,heap     ] GC(4339) Eden regions: 64->0(902)
[2025-01-08T01:07:20.055+0000][103310.421s][info][gc,heap     ] GC(4339) Survivor regions: 12->5(10)
[2025-01-08T01:07:20.055+0000][103310.421s][info][gc,heap     ] GC(4339) Old regions: 253->255
[2025-01-08T01:07:20.055+0000][103310.421s][info][gc,heap     ] GC(4339) Archive regions: 2->2
[2025-01-08T01:07:20.055+0000][103310.421s][info][gc,heap     ] GC(4339) Humongous regions: 49->49
[2025-01-08T01:07:20.055+0000][103310.421s][info][gc,metaspace] GC(4339) Metaspace: 506214K(515008K)->506214K(515008K) NonClass: 444606K(449024K)->444606K(449024K) Class: 61608K(65984K)->61608K(65984K)
[2025-01-08T01:07:20.055+0000][103310.421s][info][gc          ] GC(4339) Pause Young (Mixed) (G1 Evacuation Pause) 3026M->2472M(12288M) 77.269ms
[2025-01-08T01:07:20.055+0000][103310.421s][info][gc,cpu      ] GC(4339) User=0.42s Sys=0.00s Real=0.08s
[2025-01-08T01:07:27.317+0000][103317.683s][info][gc,start    ] GC(4340) Pause Young (Normal) (GCLocker Initiated GC)
[2025-01-08T01:07:27.317+0000][103317.683s][info][gc,task     ] GC(4340) Using 6 workers of 6 for evacuation
[2025-01-08T01:07:27.344+0000][103317.710s][info][gc,phases   ] GC(4340)   Pre Evacuate Collection Set: 0.2ms
[2025-01-08T01:07:27.344+0000][103317.710s][info][gc,phases   ] GC(4340)   Merge Heap Roots: 0.5ms
[2025-01-08T01:07:27.344+0000][103317.710s][info][gc,phases   ] GC(4340)   Evacuate Collection Set: 22.0ms
[2025-01-08T01:07:27.344+0000][103317.710s][info][gc,phases   ] GC(4340)   Post Evacuate Collection Set: 3.8ms
[2025-01-08T01:07:27.344+0000][103317.710s][info][gc,phases   ] GC(4340)   Other: 0.2ms
[2025-01-08T01:07:27.344+0000][103317.710s][info][gc,heap     ] GC(4340) Eden regions: 903->0(900)
[2025-01-08T01:07:27.344+0000][103317.710s][info][gc,heap     ] GC(4340) Survivor regions: 5->7(114)
[2025-01-08T01:07:27.344+0000][103317.710s][info][gc,heap     ] GC(4340) Old regions: 255->255
[2025-01-08T01:07:27.344+0000][103317.710s][info][gc,heap     ] GC(4340) Archive regions: 2->2
[2025-01-08T01:07:27.344+0000][103317.710s][info][gc,heap     ] GC(4340) Humongous regions: 49->49
[2025-01-08T01:07:27.344+0000][103317.710s][info][gc,metaspace] GC(4340) Metaspace: 506214K(515008K)->506214K(515008K) NonClass: 444606K(449024K)->444606K(449024K) Class: 61608K(65984K)->61608K(65984K)
[2025-01-08T01:07:27.344+0000][103317.710s][info][gc          ] GC(4340) Pause Young (Normal) (GCLocker Initiated GC) 9692M->2481M(12288M) 26.719ms
[2025-01-08T01:07:27.344+0000][103317.710s][info][gc,cpu      ] GC(4340) User=0.16s Sys=0.00s Real=0.03s
[2025-01-08T01:07:35.967+0000][103326.333s][info][gc,start    ] GC(4341) Pause Young (Normal) (GCLocker Initiated GC)
[2025-01-08T01:07:35.967+0000][103326.333s][info][gc,task     ] GC(4341) Using 6 workers of 6 for evacuation
[2025-01-08T01:07:36.000+0000][103326.366s][info][gc,phases   ] GC(4341)   Pre Evacuate Collection Set: 0.2ms
[2025-01-08T01:07:36.000+0000][103326.366s][info][gc,phases   ] GC(4341)   Merge Heap Roots: 0.4ms
[2025-01-08T01:07:36.000+0000][103326.366s][info][gc,phases   ] GC(4341)   Evacuate Collection Set: 29.1ms
[2025-01-08T01:07:36.000+0000][103326.366s][info][gc,phases   ] GC(4341)   Post Evacuate Collection Set: 2.9ms
[2025-01-08T01:07:36.000+0000][103326.366s][info][gc,phases   ] GC(4341)   Other: 0.2ms
[2025-01-08T01:07:36.000+0000][103326.366s][info][gc,heap     ] GC(4341) Eden regions: 900->0(900)
[2025-01-08T01:07:36.000+0000][103326.366s][info][gc,heap     ] GC(4341) Survivor regions: 7->7(114)
[2025-01-08T01:07:36.000+0000][103326.366s][info][gc,heap     ] GC(4341) Old regions: 255->255
[2025-01-08T01:07:36.000+0000][103326.366s][info][gc,heap     ] GC(4341) Archive regions: 2->2
[2025-01-08T01:07:36.000+0000][103326.366s][info][gc,heap     ] GC(4341) Humongous regions: 49->49
[2025-01-08T01:07:36.000+0000][103326.366s][info][gc,metaspace] GC(4341) Metaspace: 506214K(515008K)->506214K(515008K) NonClass: 444606K(449024K)->444606K(449024K) Class: 61608K(65984K)->61608K(65984K)
[2025-01-08T01:07:36.000+0000][103326.366s][info][gc          ] GC(4341) Pause Young (Normal) (GCLocker Initiated GC) 9681M->2487M(12288M) 32.877ms
[2025-01-08T01:07:36.000+0000][103326.366s][info][gc,cpu      ] GC(4341) User=0.19s Sys=0.01s Real=0.03s
[2025-01-08T01:07:43.308+0000][103333.674s][info][gc,start    ] GC(4342) Pause Young (Concurrent Start) (G1 Evacuation Pause)
[2025-01-08T01:07:43.308+0000][103333.674s][info][gc,task     ] GC(4342) Using 6 workers of 6 for evacuation
[2025-01-08T01:07:43.344+0000][103333.710s][info][gc,phases   ] GC(4342)   Pre Evacuate Collection Set: 1.1ms
[2025-01-08T01:07:43.344+0000][103333.710s][info][gc,phases   ] GC(4342)   Merge Heap Roots: 0.4ms
[2025-01-08T01:07:43.344+0000][103333.710s][info][gc,phases   ] GC(4342)   Evacuate Collection Set: 32.2ms
[2025-01-08T01:07:43.344+0000][103333.710s][info][gc,phases   ] GC(4342)   Post Evacuate Collection Set: 2.5ms
[2025-01-08T01:07:43.344+0000][103333.710s][info][gc,phases   ] GC(4342)   Other: 0.3ms
[2025-01-08T01:07:43.344+0000][103333.710s][info][gc,heap     ] GC(4342) Eden regions: 900->0(897)
[2025-01-08T01:07:43.344+0000][103333.710s][info][gc,heap     ] GC(4342) Survivor regions: 7->10(114)
[2025-01-08T01:07:43.344+0000][103333.710s][info][gc,heap     ] GC(4342) Old regions: 255->255
[2025-01-08T01:07:43.344+0000][103333.710s][info][gc,heap     ] GC(4342) Archive regions: 2->2
[2025-01-08T01:07:43.344+0000][103333.710s][info][gc,heap     ] GC(4342) Humongous regions: 49->49
[2025-01-08T01:07:43.344+0000][103333.710s][info][gc,metaspace] GC(4342) Metaspace: 506214K(515008K)->506214K(515008K) NonClass: 444606K(449024K)->444606K(449024K) Class: 61608K(65984K)->61608K(65984K)
[2025-01-08T01:07:43.344+0000][103333.710s][info][gc          ] GC(4342) Pause Young (Concurrent Start) (G1 Evacuation Pause) 9687M->2507M(12288M) 36.578ms
[2025-01-08T01:07:43.344+0000][103333.710s][info][gc,cpu      ] GC(4342) User=0.21s Sys=0.00s Real=0.04s
[2025-01-08T01:07:43.344+0000][103333.710s][info][gc          ] GC(4343) Concurrent Mark Cycle
[2025-01-08T01:07:43.344+0000][103333.710s][info][gc,marking  ] GC(4343) Concurrent Clear Claimed Marks
[2025-01-08T01:07:43.345+0000][103333.711s][info][gc,marking  ] GC(4343) Concurrent Clear Claimed Marks 0.900ms
[2025-01-08T01:07:43.345+0000][103333.711s][info][gc,marking  ] GC(4343) Concurrent Scan Root Regions
[2025-01-08T01:07:43.375+0000][103333.741s][info][gc,marking  ] GC(4343) Concurrent Scan Root Regions 30.018ms
[2025-01-08T01:07:43.375+0000][103333.741s][info][gc,marking  ] GC(4343) Concurrent Mark
[2025-01-08T01:07:43.375+0000][103333.741s][info][gc,marking  ] GC(4343) Concurrent Mark From Roots
[2025-01-08T01:07:43.375+0000][103333.741s][info][gc,task     ] GC(4343) Using 2 workers of 2 for marking
[2025-01-08T01:07:44.269+0000][103334.635s][info][gc,marking  ] GC(4343) Concurrent Mark From Roots 893.371ms
[2025-01-08T01:07:44.269+0000][103334.635s][info][gc,marking  ] GC(4343) Concurrent Preclean
[2025-01-08T01:07:44.270+0000][103334.637s][info][gc,marking  ] GC(4343) Concurrent Preclean 1.739ms
[2025-01-08T01:07:44.271+0000][103334.637s][info][gc,start    ] GC(4343) Pause Remark
[2025-01-08T01:07:44.296+0000][103334.662s][info][gc          ] GC(4343) Pause Remark 3371M->3371M(12288M) 25.652ms
[2025-01-08T01:07:44.296+0000][103334.662s][info][gc,cpu      ] GC(4343) User=0.15s Sys=0.00s Real=0.02s
[2025-01-08T01:07:44.296+0000][103334.662s][info][gc,marking  ] GC(4343) Concurrent Mark 921.087ms
[2025-01-08T01:07:44.296+0000][103334.662s][info][gc,marking  ] GC(4343) Concurrent Rebuild Remembered Sets
[2025-01-08T01:07:44.805+0000][103335.172s][info][gc,marking  ] GC(4343) Concurrent Rebuild Remembered Sets 509.053ms
[2025-01-08T01:07:44.806+0000][103335.172s][info][gc,start    ] GC(4343) Pause Cleanup
[2025-01-08T01:07:44.806+0000][103335.172s][info][gc          ] GC(4343) Pause Cleanup 3371M->3371M(12288M) 0.412ms
[2025-01-08T01:07:44.806+0000][103335.172s][info][gc,cpu      ] GC(4343) User=0.00s Sys=0.00s Real=0.00s
[2025-01-08T01:07:44.806+0000][103335.172s][info][gc,marking  ] GC(4343) Concurrent Cleanup for Next Mark
[2025-01-08T01:07:44.821+0000][103335.188s][info][gc,marking  ] GC(4343) Concurrent Cleanup for Next Mark 15.338ms
[2025-01-08T01:07:44.821+0000][103335.188s][info][gc          ] GC(4343) Concurrent Mark Cycle 1477.235ms
[2025-01-08T01:07:49.919+0000][103340.285s][info][gc,start    ] GC(4344) Pause Young (Prepare Mixed) (G1 Evacuation Pause)
[2025-01-08T01:07:49.919+0000][103340.285s][info][gc,task     ] GC(4344) Using 6 workers of 6 for evacuation
[2025-01-08T01:07:49.952+0000][103340.318s][info][gc,phases   ] GC(4344)   Pre Evacuate Collection Set: 0.2ms
[2025-01-08T01:07:49.952+0000][103340.318s][info][gc,phases   ] GC(4344)   Merge Heap Roots: 0.7ms
[2025-01-08T01:07:49.952+0000][103340.318s][info][gc,phases   ] GC(4344)   Evacuate Collection Set: 29.9ms
[2025-01-08T01:07:49.952+0000][103340.318s][info][gc,phases   ] GC(4344)   Post Evacuate Collection Set: 2.6ms
[2025-01-08T01:07:49.952+0000][103340.318s][info][gc,phases   ] GC(4344)   Other: 0.2ms
[2025-01-08T01:07:49.952+0000][103340.318s][info][gc,heap     ] GC(4344) Eden regions: 897->0(66)
[2025-01-08T01:07:49.952+0000][103340.318s][info][gc,heap     ] GC(4344) Survivor regions: 10->10(114)
[2025-01-08T01:07:49.952+0000][103340.318s][info][gc,heap     ] GC(4344) Old regions: 255->255
[2025-01-08T01:07:49.952+0000][103340.318s][info][gc,heap     ] GC(4344) Archive regions: 2->2
[2025-01-08T01:07:49.952+0000][103340.318s][info][gc,heap     ] GC(4344) Humongous regions: 49->49
[2025-01-08T01:07:49.952+0000][103340.318s][info][gc,metaspace] GC(4344) Metaspace: 506214K(515008K)->506214K(515008K) NonClass: 444606K(449024K)->444606K(449024K) Class: 61608K(65984K)->61608K(65984K)
[2025-01-08T01:07:49.952+0000][103340.318s][info][gc          ] GC(4344) Pause Young (Prepare Mixed) (G1 Evacuation Pause) 9683M->2506M(12288M) 33.664ms
[2025-01-08T01:07:49.952+0000][103340.318s][info][gc,cpu      ] GC(4344) User=0.18s Sys=0.01s Real=0.04s
[2025-01-08T01:07:50.328+0000][103340.694s][info][gc,start    ] GC(4345) Pause Young (Mixed) (G1 Evacuation Pause)
[2025-01-08T01:07:50.328+0000][103340.694s][info][gc,task     ] GC(4345) Using 6 workers of 6 for evacuation
[2025-01-08T01:07:50.392+0000][103340.758s][info][gc,phases   ] GC(4345)   Pre Evacuate Collection Set: 0.2ms
[2025-01-08T01:07:50.392+0000][103340.758s][info][gc,phases   ] GC(4345)   Merge Heap Roots: 0.7ms
[2025-01-08T01:07:50.392+0000][103340.758s][info][gc,phases   ] GC(4345)   Evacuate Collection Set: 61.2ms
[2025-01-08T01:07:50.392+0000][103340.758s][info][gc,phases   ] GC(4345)   Post Evacuate Collection Set: 1.7ms
[2025-01-08T01:07:50.392+0000][103340.758s][info][gc,phases   ] GC(4345)   Other: 0.2ms
[2025-01-08T01:07:50.392+0000][103340.758s][info][gc,heap     ] GC(4345) Eden regions: 66->0(902)
[2025-01-08T01:07:50.392+0000][103340.758s][info][gc,heap     ] GC(4345) Survivor regions: 10->5(10)
[2025-01-08T01:07:50.392+0000][103340.758s][info][gc,heap     ] GC(4345) Old regions: 255->255
[2025-01-08T01:07:50.392+0000][103340.758s][info][gc,heap     ] GC(4345) Archive regions: 2->2
[2025-01-08T01:07:50.392+0000][103340.758s][info][gc,heap     ] GC(4345) Humongous regions: 49->49
[2025-01-08T01:07:50.392+0000][103340.758s][info][gc,metaspace] GC(4345) Metaspace: 506214K(515008K)->506214K(515008K) NonClass: 444606K(449024K)->444606K(449024K) Class: 61608K(65984K)->61608K(65984K)
[2025-01-08T01:07:50.392+0000][103340.758s][info][gc          ] GC(4345) Pause Young (Mixed) (G1 Evacuation Pause) 3034M->2474M(12288M) 63.956ms
[2025-01-08T01:07:50.392+0000][103340.758s][info][gc,cpu      ] GC(4345) User=0.38s Sys=0.00s Real=0.07s
[2025-01-08T01:07:56.360+0000][103346.726s][info][gc,start    ] GC(4346) Pause Young (Normal) (G1 Evacuation Pause)
[2025-01-08T01:07:56.360+0000][103346.726s][info][gc,task     ] GC(4346) Using 6 workers of 6 for evacuation
[2025-01-08T01:07:56.383+0000][103346.749s][info][gc,phases   ] GC(4346)   Pre Evacuate Collection Set: 0.2ms
[2025-01-08T01:07:56.383+0000][103346.749s][info][gc,phases   ] GC(4346)   Merge Heap Roots: 0.4ms
[2025-01-08T01:07:56.383+0000][103346.749s][info][gc,phases   ] GC(4346)   Evacuate Collection Set: 19.2ms
[2025-01-08T01:07:56.383+0000][103346.749s][info][gc,phases   ] GC(4346)   Post Evacuate Collection Set: 2.4ms
[2025-01-08T01:07:56.383+0000][103346.749s][info][gc,phases   ] GC(4346)   Other: 0.2ms
[2025-01-08T01:07:56.383+0000][103346.749s][info][gc,heap     ] GC(4346) Eden regions: 902->0(902)
[2025-01-08T01:07:56.383+0000][103346.749s][info][gc,heap     ] GC(4346) Survivor regions: 5->6(114)
[2025-01-08T01:07:56.383+0000][103346.749s][info][gc,heap     ] GC(4346) Old regions: 255->255
[2025-01-08T01:07:56.383+0000][103346.749s][info][gc,heap     ] GC(4346) Archive regions: 2->2
[2025-01-08T01:07:56.383+0000][103346.749s][info][gc,heap     ] GC(4346) Humongous regions: 49->49
[2025-01-08T01:07:56.383+0000][103346.749s][info][gc,metaspace] GC(4346) Metaspace: 506214K(515008K)->506214K(515008K) NonClass: 444606K(449024K)->444606K(449024K) Class: 61608K(65984K)->61608K(65984K)
[2025-01-08T01:07:56.383+0000][103346.749s][info][gc          ] GC(4346) Pause Young (Normal) (G1 Evacuation Pause) 9690M->2478M(12288M) 22.600ms
[2025-01-08T01:07:56.383+0000][103346.749s][info][gc,cpu      ] GC(4346) User=0.13s Sys=0.00s Real=0.03s
[2025-01-08T01:08:01.284+0000][103351.651s][info][gc,start    ] GC(4347) Pause Young (Normal) (G1 Evacuation Pause)
[2025-01-08T01:08:01.284+0000][103351.651s][info][gc,task     ] GC(4347) Using 6 workers of 6 for evacuation
[2025-01-08T01:08:01.309+0000][103351.675s][info][gc,phases   ] GC(4347)   Pre Evacuate Collection Set: 0.2ms
[2025-01-08T01:08:01.309+0000][103351.675s][info][gc,phases   ] GC(4347)   Merge Heap Roots: 0.4ms
[2025-01-08T01:08:01.309+0000][103351.675s][info][gc,phases   ] GC(4347)   Evacuate Collection Set: 21.2ms
[2025-01-08T01:08:01.309+0000][103351.675s][info][gc,phases   ] GC(4347)   Post Evacuate Collection Set: 2.4ms
[2025-01-08T01:08:01.309+0000][103351.675s][info][gc,phases   ] GC(4347)   Other: 0.2ms
[2025-01-08T01:08:01.309+0000][103351.675s][info][gc,heap     ] GC(4347) Eden regions: 902->0(902)
[2025-01-08T01:08:01.309+0000][103351.675s][info][gc,heap     ] GC(4347) Survivor regions: 6->7(114)
[2025-01-08T01:08:01.309+0000][103351.675s][info][gc,heap     ] GC(4347) Old regions: 255->255
[2025-01-08T01:08:01.309+0000][103351.675s][info][gc,heap     ] GC(4347) Archive regions: 2->2
[2025-01-08T01:08:01.309+0000][103351.675s][info][gc,heap     ] GC(4347) Humongous regions: 49->49
[2025-01-08T01:08:01.309+0000][103351.675s][info][gc,metaspace] GC(4347) Metaspace: 506214K(515008K)->506214K(515008K) NonClass: 444606K(449024K)->444606K(449024K) Class: 61608K(65984K)->61608K(65984K)
[2025-01-08T01:08:01.309+0000][103351.675s][info][gc          ] GC(4347) Pause Young (Normal) (G1 Evacuation Pause) 9694M->2487M(12288M) 24.510ms
[2025-01-08T01:08:01.309+0000][103351.675s][info][gc,cpu      ] GC(4347) User=0.14s Sys=0.00s Real=0.02s
[2025-01-08T01:08:05.507+0000][103355.873s][info][gc,start    ] GC(4348) Pause Young (Concurrent Start) (G1 Evacuation Pause)
[2025-01-08T01:08:05.507+0000][103355.873s][info][gc,task     ] GC(4348) Using 6 workers of 6 for evacuation
[2025-01-08T01:08:05.534+0000][103355.900s][info][gc,phases   ] GC(4348)   Pre Evacuate Collection Set: 1.1ms
[2025-01-08T01:08:05.534+0000][103355.900s][info][gc,phases   ] GC(4348)   Merge Heap Roots: 0.4ms
[2025-01-08T01:08:05.534+0000][103355.900s][info][gc,phases   ] GC(4348)   Evacuate Collection Set: 21.8ms
[2025-01-08T01:08:05.534+0000][103355.900s][info][gc,phases   ] GC(4348)   Post Evacuate Collection Set: 3.6ms
[2025-01-08T01:08:05.534+0000][103355.900s][info][gc,phases   ] GC(4348)   Other: 0.3ms
[2025-01-08T01:08:05.534+0000][103355.900s][info][gc,heap     ] GC(4348) Eden regions: 902->0(904)
[2025-01-08T01:08:05.534+0000][103355.900s][info][gc,heap     ] GC(4348) Survivor regions: 7->6(114)
[2025-01-08T01:08:05.534+0000][103355.900s][info][gc,heap     ] GC(4348) Old regions: 255->255
[2025-01-08T01:08:05.534+0000][103355.900s][info][gc,heap     ] GC(4348) Archive regions: 2->2
[2025-01-08T01:08:05.534+0000][103355.900s][info][gc,heap     ] GC(4348) Humongous regions: 49->49
[2025-01-08T01:08:05.534+0000][103355.900s][info][gc,metaspace] GC(4348) Metaspace: 506214K(515008K)->506214K(515008K) NonClass: 444606K(449024K)->444606K(449024K) Class: 61608K(65984K)->61608K(65984K)
[2025-01-08T01:08:05.534+0000][103355.900s][info][gc          ] GC(4348) Pause Young (Concurrent Start) (G1 Evacuation Pause) 9703M->2483M(12288M) 27.276ms
[2025-01-08T01:08:05.534+0000][103355.900s][info][gc,cpu      ] GC(4348) User=0.15s Sys=0.00s Real=0.03s
[2025-01-08T01:08:05.534+0000][103355.900s][info][gc          ] GC(4349) Concurrent Mark Cycle
[2025-01-08T01:08:05.534+0000][103355.900s][info][gc,marking  ] GC(4349) Concurrent Clear Claimed Marks
[2025-01-08T01:08:05.535+0000][103355.901s][info][gc,marking  ] GC(4349) Concurrent Clear Claimed Marks 0.909ms
[2025-01-08T01:08:05.535+0000][103355.901s][info][gc,marking  ] GC(4349) Concurrent Scan Root Regions
[2025-01-08T01:08:05.551+0000][103355.917s][info][gc,marking  ] GC(4349) Concurrent Scan Root Regions 16.106ms
[2025-01-08T01:08:05.551+0000][103355.917s][info][gc,marking  ] GC(4349) Concurrent Mark
[2025-01-08T01:08:05.551+0000][103355.917s][info][gc,marking  ] GC(4349) Concurrent Mark From Roots
[2025-01-08T01:08:05.551+0000][103355.917s][info][gc,task     ] GC(4349) Using 2 workers of 2 for marking
[2025-01-08T01:08:06.592+0000][103356.958s][info][gc,marking  ] GC(4349) Concurrent Mark From Roots 1040.237ms
[2025-01-08T01:08:06.592+0000][103356.958s][info][gc,marking  ] GC(4349) Concurrent Preclean
[2025-01-08T01:08:06.594+0000][103356.960s][info][gc,marking  ] GC(4349) Concurrent Preclean 2.341ms
[2025-01-08T01:08:06.594+0000][103356.960s][info][gc,start    ] GC(4349) Pause Remark
[2025-01-08T01:08:06.620+0000][103356.986s][info][gc          ] GC(4349) Pause Remark 4147M->4147M(12288M) 26.124ms
[2025-01-08T01:08:06.620+0000][103356.986s][info][gc,cpu      ] GC(4349) User=0.15s Sys=0.00s Real=0.02s
[2025-01-08T01:08:06.620+0000][103356.986s][info][gc,marking  ] GC(4349) Concurrent Mark 1069.060ms
[2025-01-08T01:08:06.620+0000][103356.987s][info][gc,marking  ] GC(4349) Concurrent Rebuild Remembered Sets
[2025-01-08T01:08:07.218+0000][103357.584s][info][gc,marking  ] GC(4349) Concurrent Rebuild Remembered Sets 597.434ms
[2025-01-08T01:08:07.218+0000][103357.584s][info][gc,start    ] GC(4349) Pause Cleanup
[2025-01-08T01:08:07.218+0000][103357.585s][info][gc          ] GC(4349) Pause Cleanup 4875M->4875M(12288M) 0.433ms
[2025-01-08T01:08:07.219+0000][103357.585s][info][gc,cpu      ] GC(4349) User=0.00s Sys=0.00s Real=0.00s
[2025-01-08T01:08:07.219+0000][103357.585s][info][gc,marking  ] GC(4349) Concurrent Cleanup for Next Mark
[2025-01-08T01:08:07.235+0000][103357.601s][info][gc,marking  ] GC(4349) Concurrent Cleanup for Next Mark 16.184ms
[2025-01-08T01:08:07.235+0000][103357.601s][info][gc          ] GC(4349) Concurrent Mark Cycle 1700.667ms
[2025-01-08T01:08:12.129+0000][103362.495s][info][gc,start    ] GC(4350) Pause Young (Prepare Mixed) (G1 Evacuation Pause)
[2025-01-08T01:08:12.129+0000][103362.495s][info][gc,task     ] GC(4350) Using 6 workers of 6 for evacuation
[2025-01-08T01:08:12.161+0000][103362.527s][info][gc,phases   ] GC(4350)   Pre Evacuate Collection Set: 0.2ms
[2025-01-08T01:08:12.161+0000][103362.527s][info][gc,phases   ] GC(4350)   Merge Heap Roots: 0.7ms
[2025-01-08T01:08:12.161+0000][103362.527s][info][gc,phases   ] GC(4350)   Evacuate Collection Set: 26.6ms
[2025-01-08T01:08:12.161+0000][103362.527s][info][gc,phases   ] GC(4350)   Post Evacuate Collection Set: 4.1ms
[2025-01-08T01:08:12.161+0000][103362.527s][info][gc,phases   ] GC(4350)   Other: 0.2ms
[2025-01-08T01:08:12.161+0000][103362.527s][info][gc,heap     ] GC(4350) Eden regions: 904->0(67)
[2025-01-08T01:08:12.161+0000][103362.527s][info][gc,heap     ] GC(4350) Survivor regions: 6->9(114)
[2025-01-08T01:08:12.161+0000][103362.527s][info][gc,heap     ] GC(4350) Old regions: 255->255
[2025-01-08T01:08:12.161+0000][103362.527s][info][gc,heap     ] GC(4350) Archive regions: 2->2
[2025-01-08T01:08:12.161+0000][103362.527s][info][gc,heap     ] GC(4350) Humongous regions: 49->49
[2025-01-08T01:08:12.161+0000][103362.527s][info][gc,metaspace] GC(4350) Metaspace: 506215K(515008K)->506215K(515008K) NonClass: 444607K(449024K)->444607K(449024K) Class: 61608K(65984K)->61608K(65984K)
[2025-01-08T01:08:12.161+0000][103362.527s][info][gc          ] GC(4350) Pause Young (Prepare Mixed) (G1 Evacuation Pause) 9715M->2502M(12288M) 31.874ms
[2025-01-08T01:08:12.161+0000][103362.527s][info][gc,cpu      ] GC(4350) User=0.18s Sys=0.00s Real=0.03s
[2025-01-08T01:08:12.609+0000][103362.975s][info][gc,start    ] GC(4351) Pause Young (Mixed) (G1 Evacuation Pause)
[2025-01-08T01:08:12.609+0000][103362.975s][info][gc,task     ] GC(4351) Using 6 workers of 6 for evacuation
[2025-01-08T01:08:12.668+0000][103363.034s][info][gc,phases   ] GC(4351)   Pre Evacuate Collection Set: 0.2ms
[2025-01-08T01:08:12.668+0000][103363.034s][info][gc,phases   ] GC(4351)   Merge Heap Roots: 0.7ms
[2025-01-08T01:08:12.668+0000][103363.034s][info][gc,phases   ] GC(4351)   Evacuate Collection Set: 55.8ms
[2025-01-08T01:08:12.668+0000][103363.034s][info][gc,phases   ] GC(4351)   Post Evacuate Collection Set: 1.7ms
[2025-01-08T01:08:12.668+0000][103363.034s][info][gc,phases   ] GC(4351)   Other: 0.2ms
[2025-01-08T01:08:12.668+0000][103363.034s][info][gc,heap     ] GC(4351) Eden regions: 67->0(904)
[2025-01-08T01:08:12.668+0000][103363.034s][info][gc,heap     ] GC(4351) Survivor regions: 9->6(10)
[2025-01-08T01:08:12.668+0000][103363.034s][info][gc,heap     ] GC(4351) Old regions: 255->254
[2025-01-08T01:08:12.668+0000][103363.034s][info][gc,heap     ] GC(4351) Archive regions: 2->2
[2025-01-08T01:08:12.668+0000][103363.034s][info][gc,heap     ] GC(4351) Humongous regions: 49->49
[2025-01-08T01:08:12.668+0000][103363.034s][info][gc,metaspace] GC(4351) Metaspace: 506215K(515008K)->506215K(515008K) NonClass: 444607K(449024K)->444607K(449024K) Class: 61608K(65984K)->61608K(65984K)
[2025-01-08T01:08:12.668+0000][103363.034s][info][gc          ] GC(4351) Pause Young (Mixed) (G1 Evacuation Pause) 3038M->2472M(12288M) 58.725ms
[2025-01-08T01:08:12.668+0000][103363.034s][info][gc,cpu      ] GC(4351) User=0.34s Sys=0.00s Real=0.06s
[2025-01-08T01:08:21.254+0000][103371.620s][info][gc,start    ] GC(4352) Pause Young (Normal) (G1 Evacuation Pause)
[2025-01-08T01:08:21.254+0000][103371.620s][info][gc,task     ] GC(4352) Using 6 workers of 6 for evacuation
[2025-01-08T01:08:21.287+0000][103371.653s][info][gc,phases   ] GC(4352)   Pre Evacuate Collection Set: 0.2ms
[2025-01-08T01:08:21.287+0000][103371.653s][info][gc,phases   ] GC(4352)   Merge Heap Roots: 0.4ms
[2025-01-08T01:08:21.287+0000][103371.653s][info][gc,phases   ] GC(4352)   Evacuate Collection Set: 27.4ms
[2025-01-08T01:08:21.287+0000][103371.653s][info][gc,phases   ] GC(4352)   Post Evacuate Collection Set: 4.1ms
[2025-01-08T01:08:21.287+0000][103371.653s][info][gc,phases   ] GC(4352)   Other: 0.2ms
[2025-01-08T01:08:21.287+0000][103371.653s][info][gc,heap     ] GC(4352) Eden regions: 904->0(901)
[2025-01-08T01:08:21.287+0000][103371.653s][info][gc,heap     ] GC(4352) Survivor regions: 6->8(114)
[2025-01-08T01:08:21.287+0000][103371.653s][info][gc,heap     ] GC(4352) Old regions: 254->254
[2025-01-08T01:08:21.287+0000][103371.653s][info][gc,heap     ] GC(4352) Archive regions: 2->2
[2025-01-08T01:08:21.287+0000][103371.653s][info][gc,heap     ] GC(4352) Humongous regions: 49->49
[2025-01-08T01:08:21.287+0000][103371.653s][info][gc,metaspace] GC(4352) Metaspace: 506215K(515008K)->506215K(515008K) NonClass: 444607K(449024K)->444607K(449024K) Class: 61608K(65984K)->61608K(65984K)
[2025-01-08T01:08:21.287+0000][103371.653s][info][gc          ] GC(4352) Pause Young (Normal) (G1 Evacuation Pause) 9704M->2487M(12288M) 32.405ms
[2025-01-08T01:08:21.287+0000][103371.653s][info][gc,cpu      ] GC(4352) User=0.19s Sys=0.00s Real=0.03s
[2025-01-08T01:08:29.094+0000][103379.460s][info][gc,start    ] GC(4353) Pause Young (Normal) (G1 Evacuation Pause)
[2025-01-08T01:08:29.094+0000][103379.460s][info][gc,task     ] GC(4353) Using 6 workers of 6 for evacuation
[2025-01-08T01:08:29.123+0000][103379.489s][info][gc,phases   ] GC(4353)   Pre Evacuate Collection Set: 0.2ms
[2025-01-08T01:08:29.123+0000][103379.489s][info][gc,phases   ] GC(4353)   Merge Heap Roots: 0.4ms
[2025-01-08T01:08:29.123+0000][103379.489s][info][gc,phases   ] GC(4353)   Evacuate Collection Set: 25.8ms
[2025-01-08T01:08:29.123+0000][103379.489s][info][gc,phases   ] GC(4353)   Post Evacuate Collection Set: 2.5ms
[2025-01-08T01:08:29.123+0000][103379.489s][info][gc,phases   ] GC(4353)   Other: 0.2ms
[2025-01-08T01:08:29.123+0000][103379.489s][info][gc,heap     ] GC(4353) Eden regions: 901->0(902)
[2025-01-08T01:08:29.123+0000][103379.489s][info][gc,heap     ] GC(4353) Survivor regions: 8->7(114)
[2025-01-08T01:08:29.123+0000][103379.489s][info][gc,heap     ] GC(4353) Old regions: 254->254
[2025-01-08T01:08:29.123+0000][103379.489s][info][gc,heap     ] GC(4353) Archive regions: 2->2
[2025-01-08T01:08:29.123+0000][103379.489s][info][gc,heap     ] GC(4353) Humongous regions: 49->49
[2025-01-08T01:08:29.123+0000][103379.489s][info][gc,metaspace] GC(4353) Metaspace: 506215K(515008K)->506215K(515008K) NonClass: 444607K(449024K)->444607K(449024K) Class: 61608K(65984K)->61608K(65984K)
[2025-01-08T01:08:29.123+0000][103379.489s][info][gc          ] GC(4353) Pause Young (Normal) (G1 Evacuation Pause) 9695M->2483M(12288M) 29.228ms
[2025-01-08T01:08:29.123+0000][103379.489s][info][gc,cpu      ] GC(4353) User=0.17s Sys=0.00s Real=0.03s
[2025-01-08T01:08:37.760+0000][103388.127s][info][gc,start    ] GC(4354) Pause Young (Concurrent Start) (G1 Evacuation Pause)
[2025-01-08T01:08:37.761+0000][103388.127s][info][gc,task     ] GC(4354) Using 6 workers of 6 for evacuation
[2025-01-08T01:08:37.796+0000][103388.162s][info][gc,phases   ] GC(4354)   Pre Evacuate Collection Set: 1.1ms
[2025-01-08T01:08:37.796+0000][103388.162s][info][gc,phases   ] GC(4354)   Merge Heap Roots: 0.5ms
[2025-01-08T01:08:37.796+0000][103388.162s][info][gc,phases   ] GC(4354)   Evacuate Collection Set: 30.6ms
[2025-01-08T01:08:37.796+0000][103388.162s][info][gc,phases   ] GC(4354)   Post Evacuate Collection Set: 2.6ms
[2025-01-08T01:08:37.796+0000][103388.162s][info][gc,phases   ] GC(4354)   Other: 0.3ms
[2025-01-08T01:08:37.796+0000][103388.162s][info][gc,heap     ] GC(4354) Eden regions: 902->0(901)
[2025-01-08T01:08:37.796+0000][103388.162s][info][gc,heap     ] GC(4354) Survivor regions: 7->8(114)
[2025-01-08T01:08:37.796+0000][103388.162s][info][gc,heap     ] GC(4354) Old regions: 254->254
[2025-01-08T01:08:37.796+0000][103388.162s][info][gc,heap     ] GC(4354) Archive regions: 2->2
[2025-01-08T01:08:37.796+0000][103388.162s][info][gc,heap     ] GC(4354) Humongous regions: 49->49
[2025-01-08T01:08:37.796+0000][103388.162s][info][gc,metaspace] GC(4354) Metaspace: 506216K(515008K)->506216K(515008K) NonClass: 444608K(449024K)->444608K(449024K) Class: 61608K(65984K)->61608K(65984K)
[2025-01-08T01:08:37.796+0000][103388.162s][info][gc          ] GC(4354) Pause Young (Concurrent Start) (G1 Evacuation Pause) 9699M->2492M(12288M) 35.179ms
[2025-01-08T01:08:37.796+0000][103388.162s][info][gc,cpu      ] GC(4354) User=0.20s Sys=0.00s Real=0.04s
[2025-01-08T01:08:37.796+0000][103388.162s][info][gc          ] GC(4355) Concurrent Mark Cycle
[2025-01-08T01:08:37.796+0000][103388.162s][info][gc,marking  ] GC(4355) Concurrent Clear Claimed Marks
[2025-01-08T01:08:37.797+0000][103388.163s][info][gc,marking  ] GC(4355) Concurrent Clear Claimed Marks 0.865ms
[2025-01-08T01:08:37.797+0000][103388.163s][info][gc,marking  ] GC(4355) Concurrent Scan Root Regions
[2025-01-08T01:08:37.818+0000][103388.184s][info][gc,marking  ] GC(4355) Concurrent Scan Root Regions 21.677ms
[2025-01-08T01:08:37.818+0000][103388.184s][info][gc,marking  ] GC(4355) Concurrent Mark
[2025-01-08T01:08:37.818+0000][103388.184s][info][gc,marking  ] GC(4355) Concurrent Mark From Roots
[2025-01-08T01:08:37.818+0000][103388.184s][info][gc,task     ] GC(4355) Using 2 workers of 2 for marking
[2025-01-08T01:08:38.641+0000][103389.007s][info][gc,marking  ] GC(4355) Concurrent Mark From Roots 822.762ms
[2025-01-08T01:08:38.641+0000][103389.007s][info][gc,marking  ] GC(4355) Concurrent Preclean
[2025-01-08T01:08:38.643+0000][103389.009s][info][gc,marking  ] GC(4355) Concurrent Preclean 1.874ms
[2025-01-08T01:08:38.643+0000][103389.009s][info][gc,start    ] GC(4355) Pause Remark
[2025-01-08T01:08:38.669+0000][103389.035s][info][gc          ] GC(4355) Pause Remark 3168M->3168M(12288M) 25.593ms
[2025-01-08T01:08:38.669+0000][103389.035s][info][gc,cpu      ] GC(4355) User=0.15s Sys=0.00s Real=0.02s
[2025-01-08T01:08:38.669+0000][103389.035s][info][gc,marking  ] GC(4355) Concurrent Mark 850.558ms
[2025-01-08T01:08:38.669+0000][103389.035s][info][gc,marking  ] GC(4355) Concurrent Rebuild Remembered Sets
[2025-01-08T01:08:39.286+0000][103389.652s][info][gc,marking  ] GC(4355) Concurrent Rebuild Remembered Sets 616.563ms
[2025-01-08T01:08:39.286+0000][103389.652s][info][gc,start    ] GC(4355) Pause Cleanup
[2025-01-08T01:08:39.286+0000][103389.652s][info][gc          ] GC(4355) Pause Cleanup 3976M->3976M(12288M) 0.386ms
[2025-01-08T01:08:39.286+0000][103389.652s][info][gc,cpu      ] GC(4355) User=0.00s Sys=0.00s Real=0.00s
[2025-01-08T01:08:39.286+0000][103389.652s][info][gc,marking  ] GC(4355) Concurrent Cleanup for Next Mark
[2025-01-08T01:08:39.303+0000][103389.669s][info][gc,marking  ] GC(4355) Concurrent Cleanup for Next Mark 16.780ms
[2025-01-08T01:08:39.303+0000][103389.669s][info][gc          ] GC(4355) Concurrent Mark Cycle 1507.254ms
[2025-01-08T01:08:45.713+0000][103396.080s][info][gc,start    ] GC(4356) Pause Young (Prepare Mixed) (G1 Evacuation Pause)
[2025-01-08T01:08:45.714+0000][103396.080s][info][gc,task     ] GC(4356) Using 6 workers of 6 for evacuation
[2025-01-08T01:08:45.752+0000][103396.118s][info][gc,phases   ] GC(4356)   Pre Evacuate Collection Set: 0.2ms
[2025-01-08T01:08:45.752+0000][103396.118s][info][gc,phases   ] GC(4356)   Merge Heap Roots: 0.7ms
[2025-01-08T01:08:45.752+0000][103396.118s][info][gc,phases   ] GC(4356)   Evacuate Collection Set: 34.6ms
[2025-01-08T01:08:45.752+0000][103396.118s][info][gc,phases   ] GC(4356)   Post Evacuate Collection Set: 2.7ms
[2025-01-08T01:08:45.752+0000][103396.118s][info][gc,phases   ] GC(4356)   Other: 0.2ms
[2025-01-08T01:08:45.752+0000][103396.118s][info][gc,heap     ] GC(4356) Eden regions: 901->0(66)
[2025-01-08T01:08:45.752+0000][103396.118s][info][gc,heap     ] GC(4356) Survivor regions: 8->10(114)
[2025-01-08T01:08:45.752+0000][103396.118s][info][gc,heap     ] GC(4356) Old regions: 254->254
[2025-01-08T01:08:45.752+0000][103396.118s][info][gc,heap     ] GC(4356) Archive regions: 2->2
[2025-01-08T01:08:45.752+0000][103396.118s][info][gc,heap     ] GC(4356) Humongous regions: 49->49
[2025-01-08T01:08:45.752+0000][103396.118s][info][gc,metaspace] GC(4356) Metaspace: 506216K(515008K)->506216K(515008K) NonClass: 444608K(449024K)->444608K(449024K) Class: 61608K(65984K)->61608K(65984K)
[2025-01-08T01:08:45.752+0000][103396.118s][info][gc          ] GC(4356) Pause Young (Prepare Mixed) (G1 Evacuation Pause) 9700M->2506M(12288M) 38.505ms
[2025-01-08T01:08:45.752+0000][103396.118s][info][gc,cpu      ] GC(4356) User=0.23s Sys=0.01s Real=0.04s
[2025-01-08T01:08:46.128+0000][103396.495s][info][gc,start    ] GC(4357) Pause Young (Mixed) (G1 Evacuation Pause)
[2025-01-08T01:08:46.129+0000][103396.495s][info][gc,task     ] GC(4357) Using 6 workers of 6 for evacuation
[2025-01-08T01:08:46.200+0000][103396.566s][info][gc,phases   ] GC(4357)   Pre Evacuate Collection Set: 0.2ms
[2025-01-08T01:08:46.200+0000][103396.566s][info][gc,phases   ] GC(4357)   Merge Heap Roots: 0.8ms
[2025-01-08T01:08:46.200+0000][103396.566s][info][gc,phases   ] GC(4357)   Evacuate Collection Set: 68.1ms
[2025-01-08T01:08:46.200+0000][103396.566s][info][gc,phases   ] GC(4357)   Post Evacuate Collection Set: 1.9ms
[2025-01-08T01:08:46.200+0000][103396.566s][info][gc,phases   ] GC(4357)   Other: 0.2ms
[2025-01-08T01:08:46.200+0000][103396.566s][info][gc,heap     ] GC(4357) Eden regions: 66->0(902)
[2025-01-08T01:08:46.200+0000][103396.566s][info][gc,heap     ] GC(4357) Survivor regions: 10->6(10)
[2025-01-08T01:08:46.200+0000][103396.566s][info][gc,heap     ] GC(4357) Old regions: 254->255
[2025-01-08T01:08:46.200+0000][103396.566s][info][gc,heap     ] GC(4357) Archive regions: 2->2
[2025-01-08T01:08:46.200+0000][103396.566s][info][gc,heap     ] GC(4357) Humongous regions: 49->49
[2025-01-08T01:08:46.200+0000][103396.566s][info][gc,metaspace] GC(4357) Metaspace: 506216K(515008K)->506216K(515008K) NonClass: 444608K(449024K)->444608K(449024K) Class: 61608K(65984K)->61608K(65984K)
[2025-01-08T01:08:46.200+0000][103396.566s][info][gc          ] GC(4357) Pause Young (Mixed) (G1 Evacuation Pause) 3034M->2484M(12288M) 71.199ms
[2025-01-08T01:08:46.200+0000][103396.566s][info][gc,cpu      ] GC(4357) User=0.41s Sys=0.00s Real=0.07s
[2025-01-08T01:08:55.017+0000][103405.383s][info][gc,start    ] GC(4358) Pause Young (Normal) (G1 Evacuation Pause)
[2025-01-08T01:08:55.017+0000][103405.383s][info][gc,task     ] GC(4358) Using 6 workers of 6 for evacuation
[2025-01-08T01:08:55.047+0000][103405.413s][info][gc,phases   ] GC(4358)   Pre Evacuate Collection Set: 0.2ms
[2025-01-08T01:08:55.047+0000][103405.413s][info][gc,phases   ] GC(4358)   Merge Heap Roots: 0.4ms
[2025-01-08T01:08:55.047+0000][103405.413s][info][gc,phases   ] GC(4358)   Evacuate Collection Set: 26.5ms
[2025-01-08T01:08:55.047+0000][103405.413s][info][gc,phases   ] GC(4358)   Post Evacuate Collection Set: 2.6ms
[2025-01-08T01:08:55.047+0000][103405.413s][info][gc,phases   ] GC(4358)   Other: 0.2ms
[2025-01-08T01:08:55.047+0000][103405.413s][info][gc,heap     ] GC(4358) Eden regions: 902->0(902)
[2025-01-08T01:08:55.047+0000][103405.413s][info][gc,heap     ] GC(4358) Survivor regions: 6->7(114)
[2025-01-08T01:08:55.047+0000][103405.413s][info][gc,heap     ] GC(4358) Old regions: 255->255
[2025-01-08T01:08:55.047+0000][103405.413s][info][gc,heap     ] GC(4358) Archive regions: 2->2
[2025-01-08T01:08:55.047+0000][103405.413s][info][gc,heap     ] GC(4358) Humongous regions: 49->49
[2025-01-08T01:08:55.047+0000][103405.413s][info][gc,metaspace] GC(4358) Metaspace: 506216K(515008K)->506216K(515008K) NonClass: 444608K(449024K)->444608K(449024K) Class: 61608K(65984K)->61608K(65984K)
[2025-01-08T01:08:55.047+0000][103405.413s][info][gc          ] GC(4358) Pause Young (Normal) (G1 Evacuation Pause) 9700M->2487M(12288M) 30.072ms
[2025-01-08T01:08:55.047+0000][103405.413s][info][gc,cpu      ] GC(4358) User=0.17s Sys=0.01s Real=0.03s
[2025-01-08T01:09:03.365+0000][103413.731s][info][gc,start    ] GC(4359) Pause Young (Normal) (G1 Evacuation Pause)
[2025-01-08T01:09:03.365+0000][103413.731s][info][gc,task     ] GC(4359) Using 6 workers of 6 for evacuation
[2025-01-08T01:09:03.395+0000][103413.761s][info][gc,phases   ] GC(4359)   Pre Evacuate Collection Set: 0.2ms
[2025-01-08T01:09:03.395+0000][103413.761s][info][gc,phases   ] GC(4359)   Merge Heap Roots: 0.5ms
[2025-01-08T01:09:03.395+0000][103413.761s][info][gc,phases   ] GC(4359)   Evacuate Collection Set: 25.2ms
[2025-01-08T01:09:03.395+0000][103413.761s][info][gc,phases   ] GC(4359)   Post Evacuate Collection Set: 3.8ms
[2025-01-08T01:09:03.395+0000][103413.761s][info][gc,phases   ] GC(4359)   Other: 0.2ms
[2025-01-08T01:09:03.395+0000][103413.761s][info][gc,heap     ] GC(4359) Eden regions: 902->0(900)
[2025-01-08T01:09:03.395+0000][103413.761s][info][gc,heap     ] GC(4359) Survivor regions: 7->8(114)
[2025-01-08T01:09:03.395+0000][103413.761s][info][gc,heap     ] GC(4359) Old regions: 255->255
[2025-01-08T01:09:03.395+0000][103413.761s][info][gc,heap     ] GC(4359) Archive regions: 2->2
[2025-01-08T01:09:03.395+0000][103413.761s][info][gc,heap     ] GC(4359) Humongous regions: 49->49
[2025-01-08T01:09:03.395+0000][103413.761s][info][gc,metaspace] GC(4359) Metaspace: 506216K(515008K)->506216K(515008K) NonClass: 444608K(449024K)->444608K(449024K) Class: 61608K(65984K)->61608K(65984K)
[2025-01-08T01:09:03.395+0000][103413.761s][info][gc          ] GC(4359) Pause Young (Normal) (G1 Evacuation Pause) 9703M->2494M(12288M) 29.968ms
[2025-01-08T01:09:03.395+0000][103413.761s][info][gc,cpu      ] GC(4359) User=0.18s Sys=0.00s Real=0.03s
[2025-01-08T01:09:09.618+0000][103419.984s][info][gc,start    ] GC(4360) Pause Young (Concurrent Start) (G1 Evacuation Pause)
[2025-01-08T01:09:09.618+0000][103419.984s][info][gc,task     ] GC(4360) Using 6 workers of 6 for evacuation
[2025-01-08T01:09:09.652+0000][103420.018s][info][gc,phases   ] GC(4360)   Pre Evacuate Collection Set: 1.1ms
[2025-01-08T01:09:09.652+0000][103420.018s][info][gc,phases   ] GC(4360)   Merge Heap Roots: 0.5ms
[2025-01-08T01:09:09.652+0000][103420.018s][info][gc,phases   ] GC(4360)   Evacuate Collection Set: 28.2ms
[2025-01-08T01:09:09.652+0000][103420.018s][info][gc,phases   ] GC(4360)   Post Evacuate Collection Set: 3.8ms
[2025-01-08T01:09:09.652+0000][103420.018s][info][gc,phases   ] GC(4360)   Other: 0.3ms
[2025-01-08T01:09:09.652+0000][103420.018s][info][gc,heap     ] GC(4360) Eden regions: 900->0(899)
[2025-01-08T01:09:09.652+0000][103420.018s][info][gc,heap     ] GC(4360) Survivor regions: 8->9(114)
[2025-01-08T01:09:09.652+0000][103420.018s][info][gc,heap     ] GC(4360) Old regions: 255->255
[2025-01-08T01:09:09.652+0000][103420.018s][info][gc,heap     ] GC(4360) Archive regions: 2->2
[2025-01-08T01:09:09.652+0000][103420.018s][info][gc,heap     ] GC(4360) Humongous regions: 49->49
[2025-01-08T01:09:09.652+0000][103420.018s][info][gc,metaspace] GC(4360) Metaspace: 506216K(515008K)->506216K(515008K) NonClass: 444608K(449024K)->444608K(449024K) Class: 61608K(65984K)->61608K(65984K)
[2025-01-08T01:09:09.652+0000][103420.018s][info][gc          ] GC(4360) Pause Young (Concurrent Start) (G1 Evacuation Pause) 9694M->2503M(12288M) 33.993ms
[2025-01-08T01:09:09.652+0000][103420.018s][info][gc,cpu      ] GC(4360) User=0.19s Sys=0.00s Real=0.04s
[2025-01-08T01:09:09.652+0000][103420.018s][info][gc          ] GC(4361) Concurrent Mark Cycle
[2025-01-08T01:09:09.652+0000][103420.018s][info][gc,marking  ] GC(4361) Concurrent Clear Claimed Marks
[2025-01-08T01:09:09.653+0000][103420.019s][info][gc,marking  ] GC(4361) Concurrent Clear Claimed Marks 0.894ms
[2025-01-08T01:09:09.653+0000][103420.019s][info][gc,marking  ] GC(4361) Concurrent Scan Root Regions
[2025-01-08T01:09:09.678+0000][103420.044s][info][gc,marking  ] GC(4361) Concurrent Scan Root Regions 25.342ms
[2025-01-08T01:09:09.678+0000][103420.044s][info][gc,marking  ] GC(4361) Concurrent Mark
[2025-01-08T01:09:09.678+0000][103420.044s][info][gc,marking  ] GC(4361) Concurrent Mark From Roots
[2025-01-08T01:09:09.678+0000][103420.044s][info][gc,task     ] GC(4361) Using 2 workers of 2 for marking
[2025-01-08T01:09:10.771+0000][103421.137s][info][gc,marking  ] GC(4361) Concurrent Mark From Roots 1092.808ms
[2025-01-08T01:09:10.771+0000][103421.137s][info][gc,marking  ] GC(4361) Concurrent Preclean
[2025-01-08T01:09:10.773+0000][103421.139s][info][gc,marking  ] GC(4361) Concurrent Preclean 1.749ms
[2025-01-08T01:09:10.773+0000][103421.139s][info][gc,start    ] GC(4361) Pause Remark
[2025-01-08T01:09:10.799+0000][103421.165s][info][gc          ] GC(4361) Pause Remark 3903M->3903M(12288M) 26.479ms
[2025-01-08T01:09:10.799+0000][103421.166s][info][gc,cpu      ] GC(4361) User=0.15s Sys=0.00s Real=0.02s
[2025-01-08T01:09:10.800+0000][103421.166s][info][gc,marking  ] GC(4361) Concurrent Mark 1121.396ms
[2025-01-08T01:09:10.800+0000][103421.166s][info][gc,marking  ] GC(4361) Concurrent Rebuild Remembered Sets
[2025-01-08T01:09:11.337+0000][103421.703s][info][gc,marking  ] GC(4361) Concurrent Rebuild Remembered Sets 537.673ms
[2025-01-08T01:09:11.337+0000][103421.704s][info][gc,start    ] GC(4361) Pause Cleanup
[2025-01-08T01:09:11.338+0000][103421.704s][info][gc          ] GC(4361) Pause Cleanup 4391M->4391M(12288M) 0.462ms
[2025-01-08T01:09:11.338+0000][103421.704s][info][gc,cpu      ] GC(4361) User=0.00s Sys=0.00s Real=0.00s
[2025-01-08T01:09:11.338+0000][103421.704s][info][gc,marking  ] GC(4361) Concurrent Cleanup for Next Mark
[2025-01-08T01:09:11.354+0000][103421.720s][info][gc,marking  ] GC(4361) Concurrent Cleanup for Next Mark 15.596ms
[2025-01-08T01:09:11.354+0000][103421.720s][info][gc          ] GC(4361) Concurrent Mark Cycle 1701.792ms
[2025-01-08T01:09:16.263+0000][103426.629s][info][gc,start    ] GC(4362) Pause Young (Prepare Mixed) (G1 Evacuation Pause)
[2025-01-08T01:09:16.263+0000][103426.629s][info][gc,task     ] GC(4362) Using 6 workers of 6 for evacuation
[2025-01-08T01:09:16.307+0000][103426.673s][info][gc,phases   ] GC(4362)   Pre Evacuate Collection Set: 0.2ms
[2025-01-08T01:09:16.307+0000][103426.673s][info][gc,phases   ] GC(4362)   Merge Heap Roots: 1.0ms
[2025-01-08T01:09:16.307+0000][103426.673s][info][gc,phases   ] GC(4362)   Evacuate Collection Set: 38.6ms
[2025-01-08T01:09:16.307+0000][103426.673s][info][gc,phases   ] GC(4362)   Post Evacuate Collection Set: 4.4ms
[2025-01-08T01:09:16.307+0000][103426.673s][info][gc,phases   ] GC(4362)   Other: 0.3ms
[2025-01-08T01:09:16.307+0000][103426.673s][info][gc,heap     ] GC(4362) Eden regions: 899->0(65)
[2025-01-08T01:09:16.307+0000][103426.673s][info][gc,heap     ] GC(4362) Survivor regions: 9->11(114)
[2025-01-08T01:09:16.307+0000][103426.673s][info][gc,heap     ] GC(4362) Old regions: 255->255
[2025-01-08T01:09:16.307+0000][103426.673s][info][gc,heap     ] GC(4362) Archive regions: 2->2
[2025-01-08T01:09:16.307+0000][103426.673s][info][gc,heap     ] GC(4362) Humongous regions: 49->49
[2025-01-08T01:09:16.307+0000][103426.673s][info][gc,metaspace] GC(4362) Metaspace: 506216K(515008K)->506216K(515008K) NonClass: 444608K(449024K)->444608K(449024K) Class: 61608K(65984K)->61608K(65984K)
[2025-01-08T01:09:16.307+0000][103426.673s][info][gc          ] GC(4362) Pause Young (Prepare Mixed) (G1 Evacuation Pause) 9695M->2521M(12288M) 44.495ms
[2025-01-08T01:09:16.307+0000][103426.674s][info][gc,cpu      ] GC(4362) User=0.26s Sys=0.00s Real=0.04s
[2025-01-08T01:09:16.596+0000][103426.962s][info][gc,start    ] GC(4363) Pause Young (Mixed) (G1 Evacuation Pause)
[2025-01-08T01:09:16.596+0000][103426.962s][info][gc,task     ] GC(4363) Using 6 workers of 6 for evacuation
[2025-01-08T01:09:16.640+0000][103427.006s][info][gc,phases   ] GC(4363)   Pre Evacuate Collection Set: 0.2ms
[2025-01-08T01:09:16.640+0000][103427.006s][info][gc,phases   ] GC(4363)   Merge Heap Roots: 0.5ms
[2025-01-08T01:09:16.640+0000][103427.006s][info][gc,phases   ] GC(4363)   Evacuate Collection Set: 41.8ms
[2025-01-08T01:09:16.640+0000][103427.006s][info][gc,phases   ] GC(4363)   Post Evacuate Collection Set: 1.5ms
[2025-01-08T01:09:16.640+0000][103427.006s][info][gc,phases   ] GC(4363)   Other: 0.2ms
[2025-01-08T01:09:16.640+0000][103427.006s][info][gc,heap     ] GC(4363) Eden regions: 65->0(905)
[2025-01-08T01:09:16.640+0000][103427.006s][info][gc,heap     ] GC(4363) Survivor regions: 11->4(10)
[2025-01-08T01:09:16.640+0000][103427.006s][info][gc,heap     ] GC(4363) Old regions: 255->253
[2025-01-08T01:09:16.640+0000][103427.006s][info][gc,heap     ] GC(4363) Archive regions: 2->2
[2025-01-08T01:09:16.640+0000][103427.006s][info][gc,heap     ] GC(4363) Humongous regions: 49->49
[2025-01-08T01:09:16.640+0000][103427.006s][info][gc,metaspace] GC(4363) Metaspace: 506216K(515008K)->506216K(515008K) NonClass: 444608K(449024K)->444608K(449024K) Class: 61608K(65984K)->61608K(65984K)
[2025-01-08T01:09:16.640+0000][103427.006s][info][gc          ] GC(4363) Pause Young (Mixed) (G1 Evacuation Pause) 3041M->2447M(12288M) 44.255ms
[2025-01-08T01:09:16.640+0000][103427.006s][info][gc,cpu      ] GC(4363) User=0.26s Sys=0.00s Real=0.04s
[2025-01-08T01:09:24.008+0000][103434.374s][info][gc,start    ] GC(4364) Pause Young (Normal) (G1 Evacuation Pause)
[2025-01-08T01:09:24.008+0000][103434.374s][info][gc,task     ] GC(4364) Using 6 workers of 6 for evacuation
[2025-01-08T01:09:24.027+0000][103434.394s][info][gc,phases   ] GC(4364)   Pre Evacuate Collection Set: 0.2ms
[2025-01-08T01:09:24.027+0000][103434.394s][info][gc,phases   ] GC(4364)   Merge Heap Roots: 0.4ms
[2025-01-08T01:09:24.027+0000][103434.394s][info][gc,phases   ] GC(4364)   Evacuate Collection Set: 16.4ms
[2025-01-08T01:09:24.027+0000][103434.394s][info][gc,phases   ] GC(4364)   Post Evacuate Collection Set: 2.5ms
[2025-01-08T01:09:24.028+0000][103434.394s][info][gc,phases   ] GC(4364)   Other: 0.2ms
[2025-01-08T01:09:24.028+0000][103434.394s][info][gc,heap     ] GC(4364) Eden regions: 905->0(907)
[2025-01-08T01:09:24.028+0000][103434.394s][info][gc,heap     ] GC(4364) Survivor regions: 4->4(114)
[2025-01-08T01:09:24.028+0000][103434.394s][info][gc,heap     ] GC(4364) Old regions: 253->253
[2025-01-08T01:09:24.028+0000][103434.394s][info][gc,heap     ] GC(4364) Archive regions: 2->2
[2025-01-08T01:09:24.028+0000][103434.394s][info][gc,heap     ] GC(4364) Humongous regions: 49->49
[2025-01-08T01:09:24.028+0000][103434.394s][info][gc,metaspace] GC(4364) Metaspace: 506216K(515008K)->506216K(515008K) NonClass: 444608K(449024K)->444608K(449024K) Class: 61608K(65984K)->61608K(65984K)
[2025-01-08T01:09:24.028+0000][103434.394s][info][gc          ] GC(4364) Pause Young (Normal) (G1 Evacuation Pause) 9687M->2450M(12288M) 19.741ms
[2025-01-08T01:09:24.028+0000][103434.394s][info][gc,cpu      ] GC(4364) User=0.11s Sys=0.01s Real=0.02s
[2025-01-08T01:09:35.645+0000][103446.011s][info][gc,start    ] GC(4365) Pause Young (Normal) (G1 Evacuation Pause)
[2025-01-08T01:09:35.645+0000][103446.011s][info][gc,task     ] GC(4365) Using 6 workers of 6 for evacuation
[2025-01-08T01:09:35.668+0000][103446.034s][info][gc,phases   ] GC(4365)   Pre Evacuate Collection Set: 0.2ms
[2025-01-08T01:09:35.668+0000][103446.034s][info][gc,phases   ] GC(4365)   Merge Heap Roots: 0.4ms
[2025-01-08T01:09:35.668+0000][103446.034s][info][gc,phases   ] GC(4365)   Evacuate Collection Set: 19.8ms
[2025-01-08T01:09:35.668+0000][103446.034s][info][gc,phases   ] GC(4365)   Post Evacuate Collection Set: 2.5ms
[2025-01-08T01:09:35.668+0000][103446.034s][info][gc,phases   ] GC(4365)   Other: 0.2ms
[2025-01-08T01:09:35.668+0000][103446.034s][info][gc,heap     ] GC(4365) Eden regions: 907->0(907)
[2025-01-08T01:09:35.668+0000][103446.034s][info][gc,heap     ] GC(4365) Survivor regions: 4->5(114)
[2025-01-08T01:09:35.668+0000][103446.034s][info][gc,heap     ] GC(4365) Old regions: 253->253
[2025-01-08T01:09:35.668+0000][103446.034s][info][gc,heap     ] GC(4365) Archive regions: 2->2
[2025-01-08T01:09:35.668+0000][103446.034s][info][gc,heap     ] GC(4365) Humongous regions: 49->49
[2025-01-08T01:09:35.668+0000][103446.034s][info][gc,metaspace] GC(4365) Metaspace: 506216K(515008K)->506216K(515008K) NonClass: 444608K(449024K)->444608K(449024K) Class: 61608K(65984K)->61608K(65984K)
[2025-01-08T01:09:35.668+0000][103446.034s][info][gc          ] GC(4365) Pause Young (Normal) (G1 Evacuation Pause) 9706M->2451M(12288M) 23.179ms
[2025-01-08T01:09:35.668+0000][103446.034s][info][gc,cpu      ] GC(4365) User=0.14s Sys=0.00s Real=0.02s
[2025-01-08T01:09:44.820+0000][103455.187s][info][gc,start    ] GC(4366) Pause Young (Concurrent Start) (G1 Evacuation Pause)
[2025-01-08T01:09:44.821+0000][103455.187s][info][gc,task     ] GC(4366) Using 6 workers of 6 for evacuation
[2025-01-08T01:09:44.852+0000][103455.218s][info][gc,phases   ] GC(4366)   Pre Evacuate Collection Set: 1.1ms
[2025-01-08T01:09:44.852+0000][103455.219s][info][gc,phases   ] GC(4366)   Merge Heap Roots: 0.4ms
[2025-01-08T01:09:44.852+0000][103455.219s][info][gc,phases   ] GC(4366)   Evacuate Collection Set: 27.5ms
[2025-01-08T01:09:44.852+0000][103455.219s][info][gc,phases   ] GC(4366)   Post Evacuate Collection Set: 2.6ms
[2025-01-08T01:09:44.852+0000][103455.219s][info][gc,phases   ] GC(4366)   Other: 0.3ms
[2025-01-08T01:09:44.852+0000][103455.219s][info][gc,heap     ] GC(4366) Eden regions: 907->0(905)
[2025-01-08T01:09:44.852+0000][103455.219s][info][gc,heap     ] GC(4366) Survivor regions: 5->7(114)
[2025-01-08T01:09:44.852+0000][103455.219s][info][gc,heap     ] GC(4366) Old regions: 253->253
[2025-01-08T01:09:44.852+0000][103455.219s][info][gc,heap     ] GC(4366) Archive regions: 2->2
[2025-01-08T01:09:44.852+0000][103455.219s][info][gc,heap     ] GC(4366) Humongous regions: 49->49
[2025-01-08T01:09:44.852+0000][103455.219s][info][gc,metaspace] GC(4366) Metaspace: 506216K(515008K)->506216K(515008K) NonClass: 444608K(449024K)->444608K(449024K) Class: 61608K(65984K)->61608K(65984K)
[2025-01-08T01:09:44.853+0000][103455.219s][info][gc          ] GC(4366) Pause Young (Concurrent Start) (G1 Evacuation Pause) 9707M->2472M(12288M) 32.025ms
[2025-01-08T01:09:44.853+0000][103455.219s][info][gc,cpu      ] GC(4366) User=0.18s Sys=0.00s Real=0.04s
[2025-01-08T01:09:44.853+0000][103455.219s][info][gc          ] GC(4367) Concurrent Mark Cycle
[2025-01-08T01:09:44.853+0000][103455.219s][info][gc,marking  ] GC(4367) Concurrent Clear Claimed Marks
[2025-01-08T01:09:44.854+0000][103455.220s][info][gc,marking  ] GC(4367) Concurrent Clear Claimed Marks 0.946ms
[2025-01-08T01:09:44.854+0000][103455.220s][info][gc,marking  ] GC(4367) Concurrent Scan Root Regions
[2025-01-08T01:09:44.871+0000][103455.237s][info][gc,marking  ] GC(4367) Concurrent Scan Root Regions 17.617ms
[2025-01-08T01:09:44.871+0000][103455.237s][info][gc,marking  ] GC(4367) Concurrent Mark
[2025-01-08T01:09:44.871+0000][103455.237s][info][gc,marking  ] GC(4367) Concurrent Mark From Roots
[2025-01-08T01:09:44.871+0000][103455.237s][info][gc,task     ] GC(4367) Using 2 workers of 2 for marking
[2025-01-08T01:09:45.938+0000][103456.305s][info][gc,marking  ] GC(4367) Concurrent Mark From Roots 1067.248ms
[2025-01-08T01:09:45.939+0000][103456.305s][info][gc,marking  ] GC(4367) Concurrent Preclean
[2025-01-08T01:09:45.940+0000][103456.306s][info][gc,marking  ] GC(4367) Concurrent Preclean 1.755ms
[2025-01-08T01:09:45.940+0000][103456.307s][info][gc,start    ] GC(4367) Pause Remark
[2025-01-08T01:09:45.967+0000][103456.333s][info][gc          ] GC(4367) Pause Remark 4032M->4032M(12288M) 26.268ms
[2025-01-08T01:09:45.967+0000][103456.333s][info][gc,cpu      ] GC(4367) User=0.15s Sys=0.00s Real=0.03s
[2025-01-08T01:09:45.967+0000][103456.333s][info][gc,marking  ] GC(4367) Concurrent Mark 1095.675ms
[2025-01-08T01:09:45.967+0000][103456.333s][info][gc,marking  ] GC(4367) Concurrent Rebuild Remembered Sets
[2025-01-08T01:09:46.785+0000][103457.151s][info][gc,marking  ] GC(4367) Concurrent Rebuild Remembered Sets 817.931ms
[2025-01-08T01:09:46.785+0000][103457.151s][info][gc,start    ] GC(4367) Pause Cleanup
[2025-01-08T01:09:46.786+0000][103457.152s][info][gc          ] GC(4367) Pause Cleanup 5328M->5328M(12288M) 0.485ms
[2025-01-08T01:09:46.786+0000][103457.152s][info][gc,cpu      ] GC(4367) User=0.00s Sys=0.00s Real=0.00s
[2025-01-08T01:09:46.786+0000][103457.152s][info][gc,marking  ] GC(4367) Concurrent Cleanup for Next Mark
[2025-01-08T01:09:46.802+0000][103457.168s][info][gc,marking  ] GC(4367) Concurrent Cleanup for Next Mark 16.669ms
[2025-01-08T01:09:46.802+0000][103457.168s][info][gc          ] GC(4367) Concurrent Mark Cycle 1949.792ms
[2025-01-08T01:09:49.389+0000][103459.755s][info][gc,start    ] GC(4368) Pause Young (Prepare Mixed) (G1 Evacuation Pause)
[2025-01-08T01:09:49.389+0000][103459.755s][info][gc,task     ] GC(4368) Using 6 workers of 6 for evacuation
[2025-01-08T01:09:49.421+0000][103459.787s][info][gc,phases   ] GC(4368)   Pre Evacuate Collection Set: 0.2ms
[2025-01-08T01:09:49.421+0000][103459.787s][info][gc,phases   ] GC(4368)   Merge Heap Roots: 0.7ms
[2025-01-08T01:09:49.421+0000][103459.787s][info][gc,phases   ] GC(4368)   Evacuate Collection Set: 28.3ms
[2025-01-08T01:09:49.421+0000][103459.787s][info][gc,phases   ] GC(4368)   Post Evacuate Collection Set: 2.7ms
[2025-01-08T01:09:49.421+0000][103459.787s][info][gc,phases   ] GC(4368)   Other: 0.2ms
[2025-01-08T01:09:49.421+0000][103459.787s][info][gc,heap     ] GC(4368) Eden regions: 905->0(67)
[2025-01-08T01:09:49.421+0000][103459.787s][info][gc,heap     ] GC(4368) Survivor regions: 7->9(114)
[2025-01-08T01:09:49.421+0000][103459.787s][info][gc,heap     ] GC(4368) Old regions: 253->253
[2025-01-08T01:09:49.421+0000][103459.787s][info][gc,heap     ] GC(4368) Archive regions: 2->2
[2025-01-08T01:09:49.421+0000][103459.787s][info][gc,heap     ] GC(4368) Humongous regions: 49->49
[2025-01-08T01:09:49.421+0000][103459.787s][info][gc,metaspace] GC(4368) Metaspace: 506216K(515008K)->506216K(515008K) NonClass: 444608K(449024K)->444608K(449024K) Class: 61608K(65984K)->61608K(65984K)
[2025-01-08T01:09:49.421+0000][103459.787s][info][gc          ] GC(4368) Pause Young (Prepare Mixed) (G1 Evacuation Pause) 9712M->2485M(12288M) 32.120ms
[2025-01-08T01:09:49.421+0000][103459.787s][info][gc,cpu      ] GC(4368) User=0.19s Sys=0.00s Real=0.03s
[2025-01-08T01:09:49.643+0000][103460.009s][info][gc,start    ] GC(4369) Pause Young (Mixed) (G1 Evacuation Pause)
[2025-01-08T01:09:49.643+0000][103460.009s][info][gc,task     ] GC(4369) Using 6 workers of 6 for evacuation
[2025-01-08T01:09:49.695+0000][103460.061s][info][gc,phases   ] GC(4369)   Pre Evacuate Collection Set: 0.2ms
[2025-01-08T01:09:49.695+0000][103460.061s][info][gc,phases   ] GC(4369)   Merge Heap Roots: 0.5ms
[2025-01-08T01:09:49.695+0000][103460.061s][info][gc,phases   ] GC(4369)   Evacuate Collection Set: 49.2ms
[2025-01-08T01:09:49.695+0000][103460.061s][info][gc,phases   ] GC(4369)   Post Evacuate Collection Set: 1.6ms
[2025-01-08T01:09:49.695+0000][103460.061s][info][gc,phases   ] GC(4369)   Other: 0.2ms
[2025-01-08T01:09:49.695+0000][103460.061s][info][gc,heap     ] GC(4369) Eden regions: 67->0(906)
[2025-01-08T01:09:49.695+0000][103460.061s][info][gc,heap     ] GC(4369) Survivor regions: 9->6(10)
[2025-01-08T01:09:49.695+0000][103460.061s][info][gc,heap     ] GC(4369) Old regions: 253->252
[2025-01-08T01:09:49.695+0000][103460.061s][info][gc,heap     ] GC(4369) Archive regions: 2->2
[2025-01-08T01:09:49.695+0000][103460.061s][info][gc,heap     ] GC(4369) Humongous regions: 49->49
[2025-01-08T01:09:49.695+0000][103460.061s][info][gc,metaspace] GC(4369) Metaspace: 506216K(515008K)->506216K(515008K) NonClass: 444608K(449024K)->444608K(449024K) Class: 61608K(65984K)->61608K(65984K)
[2025-01-08T01:09:49.695+0000][103460.061s][info][gc          ] GC(4369) Pause Young (Mixed) (G1 Evacuation Pause) 3021M->2453M(12288M) 51.760ms
[2025-01-08T01:09:49.695+0000][103460.061s][info][gc,cpu      ] GC(4369) User=0.31s Sys=0.00s Real=0.05s
[2025-01-08T01:09:53.702+0000][103464.068s][info][gc,start    ] GC(4370) Pause Young (Normal) (G1 Evacuation Pause)
[2025-01-08T01:09:53.702+0000][103464.068s][info][gc,task     ] GC(4370) Using 6 workers of 6 for evacuation
[2025-01-08T01:09:53.721+0000][103464.087s][info][gc,phases   ] GC(4370)   Pre Evacuate Collection Set: 0.2ms
[2025-01-08T01:09:53.721+0000][103464.087s][info][gc,phases   ] GC(4370)   Merge Heap Roots: 0.4ms
[2025-01-08T01:09:53.721+0000][103464.087s][info][gc,phases   ] GC(4370)   Evacuate Collection Set: 16.0ms
[2025-01-08T01:09:53.721+0000][103464.087s][info][gc,phases   ] GC(4370)   Post Evacuate Collection Set: 2.2ms
[2025-01-08T01:09:53.721+0000][103464.087s][info][gc,phases   ] GC(4370)   Other: 0.2ms
[2025-01-08T01:09:53.721+0000][103464.087s][info][gc,heap     ] GC(4370) Eden regions: 906->0(909)
[2025-01-08T01:09:53.721+0000][103464.087s][info][gc,heap     ] GC(4370) Survivor regions: 6->5(114)
[2025-01-08T01:09:53.721+0000][103464.087s][info][gc,heap     ] GC(4370) Old regions: 252->252
[2025-01-08T01:09:53.721+0000][103464.087s][info][gc,heap     ] GC(4370) Archive regions: 2->2
[2025-01-08T01:09:53.721+0000][103464.087s][info][gc,heap     ] GC(4370) Humongous regions: 49->49
[2025-01-08T01:09:53.721+0000][103464.087s][info][gc,metaspace] GC(4370) Metaspace: 506216K(515008K)->506216K(515008K) NonClass: 444608K(449024K)->444608K(449024K) Class: 61608K(65984K)->61608K(65984K)
[2025-01-08T01:09:53.721+0000][103464.087s][info][gc          ] GC(4370) Pause Young (Normal) (G1 Evacuation Pause) 9701M->2449M(12288M) 19.195ms
[2025-01-08T01:09:53.721+0000][103464.087s][info][gc,cpu      ] GC(4370) User=0.11s Sys=0.00s Real=0.01s
[2025-01-08T01:09:57.805+0000][103468.171s][info][gc,start    ] GC(4371) Pause Young (Normal) (G1 Evacuation Pause)
[2025-01-08T01:09:57.805+0000][103468.171s][info][gc,task     ] GC(4371) Using 6 workers of 6 for evacuation
[2025-01-08T01:09:57.829+0000][103468.195s][info][gc,phases   ] GC(4371)   Pre Evacuate Collection Set: 0.2ms
[2025-01-08T01:09:57.829+0000][103468.195s][info][gc,phases   ] GC(4371)   Merge Heap Roots: 0.4ms
[2025-01-08T01:09:57.829+0000][103468.195s][info][gc,phases   ] GC(4371)   Evacuate Collection Set: 18.5ms
[2025-01-08T01:09:57.829+0000][103468.195s][info][gc,phases   ] GC(4371)   Post Evacuate Collection Set: 5.0ms
[2025-01-08T01:09:57.829+0000][103468.195s][info][gc,phases   ] GC(4371)   Other: 0.2ms
[2025-01-08T01:09:57.829+0000][103468.195s][info][gc,heap     ] GC(4371) Eden regions: 909->0(906)
[2025-01-08T01:09:57.829+0000][103468.195s][info][gc,heap     ] GC(4371) Survivor regions: 5->7(115)
[2025-01-08T01:09:57.829+0000][103468.195s][info][gc,heap     ] GC(4371) Old regions: 252->252
[2025-01-08T01:09:57.829+0000][103468.195s][info][gc,heap     ] GC(4371) Archive regions: 2->2
[2025-01-08T01:09:57.829+0000][103468.195s][info][gc,heap     ] GC(4371) Humongous regions: 49->49
[2025-01-08T01:09:57.829+0000][103468.195s][info][gc,metaspace] GC(4371) Metaspace: 506216K(515008K)->506216K(515008K) NonClass: 444608K(449024K)->444608K(449024K) Class: 61608K(65984K)->61608K(65984K)
[2025-01-08T01:09:57.829+0000][103468.195s][info][gc          ] GC(4371) Pause Young (Normal) (G1 Evacuation Pause) 9721M->2466M(12288M) 24.376ms
[2025-01-08T01:09:57.829+0000][103468.195s][info][gc,cpu      ] GC(4371) User=0.14s Sys=0.00s Real=0.02s
[2025-01-08T01:10:02.916+0000][103473.282s][info][gc,start    ] GC(4372) Pause Young (Concurrent Start) (G1 Evacuation Pause)
[2025-01-08T01:10:02.916+0000][103473.282s][info][gc,task     ] GC(4372) Using 6 workers of 6 for evacuation
[2025-01-08T01:10:02.946+0000][103473.312s][info][gc,phases   ] GC(4372)   Pre Evacuate Collection Set: 1.0ms
[2025-01-08T01:10:02.946+0000][103473.312s][info][gc,phases   ] GC(4372)   Merge Heap Roots: 0.5ms
[2025-01-08T01:10:02.946+0000][103473.312s][info][gc,phases   ] GC(4372)   Evacuate Collection Set: 25.9ms
[2025-01-08T01:10:02.946+0000][103473.312s][info][gc,phases   ] GC(4372)   Post Evacuate Collection Set: 2.6ms
[2025-01-08T01:10:02.946+0000][103473.312s][info][gc,phases   ] GC(4372)   Other: 0.3ms
[2025-01-08T01:10:02.946+0000][103473.312s][info][gc,heap     ] GC(4372) Eden regions: 906->0(907)
[2025-01-08T01:10:02.946+0000][103473.312s][info][gc,heap     ] GC(4372) Survivor regions: 7->7(115)
[2025-01-08T01:10:02.946+0000][103473.312s][info][gc,heap     ] GC(4372) Old regions: 252->252
[2025-01-08T01:10:02.946+0000][103473.312s][info][gc,heap     ] GC(4372) Archive regions: 2->2
[2025-01-08T01:10:02.946+0000][103473.312s][info][gc,heap     ] GC(4372) Humongous regions: 49->49
[2025-01-08T01:10:02.946+0000][103473.312s][info][gc,metaspace] GC(4372) Metaspace: 506216K(515008K)->506216K(515008K) NonClass: 444608K(449024K)->444608K(449024K) Class: 61608K(65984K)->61608K(65984K)
[2025-01-08T01:10:02.946+0000][103473.312s][info][gc          ] GC(4372) Pause Young (Concurrent Start) (G1 Evacuation Pause) 9714M->2461M(12288M) 30.467ms
[2025-01-08T01:10:02.946+0000][103473.312s][info][gc,cpu      ] GC(4372) User=0.18s Sys=0.00s Real=0.03s
[2025-01-08T01:10:02.946+0000][103473.313s][info][gc          ] GC(4373) Concurrent Mark Cycle
[2025-01-08T01:10:02.946+0000][103473.313s][info][gc,marking  ] GC(4373) Concurrent Clear Claimed Marks
[2025-01-08T01:10:02.947+0000][103473.313s][info][gc,marking  ] GC(4373) Concurrent Clear Claimed Marks 0.925ms
[2025-01-08T01:10:02.947+0000][103473.313s][info][gc,marking  ] GC(4373) Concurrent Scan Root Regions
[2025-01-08T01:10:02.970+0000][103473.336s][info][gc,marking  ] GC(4373) Concurrent Scan Root Regions 22.994ms
[2025-01-08T01:10:02.970+0000][103473.337s][info][gc,marking  ] GC(4373) Concurrent Mark
[2025-01-08T01:10:02.970+0000][103473.337s][info][gc,marking  ] GC(4373) Concurrent Mark From Roots
[2025-01-08T01:10:02.970+0000][103473.337s][info][gc,task     ] GC(4373) Using 2 workers of 2 for marking
[2025-01-08T01:10:04.227+0000][103474.593s][info][gc,marking  ] GC(4373) Concurrent Mark From Roots 1256.215ms
[2025-01-08T01:10:04.227+0000][103474.593s][info][gc,marking  ] GC(4373) Concurrent Preclean
[2025-01-08T01:10:04.229+0000][103474.595s][info][gc,marking  ] GC(4373) Concurrent Preclean 2.366ms
[2025-01-08T01:10:04.229+0000][103474.595s][info][gc,start    ] GC(4373) Pause Remark
[2025-01-08T01:10:04.255+0000][103474.621s][info][gc          ] GC(4373) Pause Remark 4434M->4434M(12288M) 25.983ms
[2025-01-08T01:10:04.255+0000][103474.621s][info][gc,cpu      ] GC(4373) User=0.15s Sys=0.00s Real=0.03s
[2025-01-08T01:10:04.257+0000][103474.624s][info][gc,marking  ] GC(4373) Concurrent Mark 1287.047ms
[2025-01-08T01:10:04.257+0000][103474.624s][info][gc,marking  ] GC(4373) Concurrent Rebuild Remembered Sets
[2025-01-08T01:10:04.996+0000][103475.362s][info][gc,marking  ] GC(4373) Concurrent Rebuild Remembered Sets 738.533ms
[2025-01-08T01:10:04.996+0000][103475.362s][info][gc,start    ] GC(4373) Pause Cleanup
[2025-01-08T01:10:04.997+0000][103475.363s][info][gc          ] GC(4373) Pause Cleanup 5605M->5605M(12288M) 0.421ms
[2025-01-08T01:10:04.997+0000][103475.363s][info][gc,cpu      ] GC(4373) User=0.00s Sys=0.00s Real=0.00s
[2025-01-08T01:10:04.997+0000][103475.363s][info][gc,marking  ] GC(4373) Concurrent Cleanup for Next Mark
[2025-01-08T01:10:05.012+0000][103475.378s][info][gc,marking  ] GC(4373) Concurrent Cleanup for Next Mark 15.588ms
[2025-01-08T01:10:05.012+0000][103475.378s][info][gc          ] GC(4373) Concurrent Mark Cycle 2065.920ms
[2025-01-08T01:10:07.499+0000][103477.865s][info][gc,start    ] GC(4374) Pause Young (Prepare Mixed) (G1 Evacuation Pause)
[2025-01-08T01:10:07.499+0000][103477.865s][info][gc,task     ] GC(4374) Using 6 workers of 6 for evacuation
[2025-01-08T01:10:07.530+0000][103477.896s][info][gc,phases   ] GC(4374)   Pre Evacuate Collection Set: 0.2ms
[2025-01-08T01:10:07.530+0000][103477.896s][info][gc,phases   ] GC(4374)   Merge Heap Roots: 0.7ms
[2025-01-08T01:10:07.530+0000][103477.896s][info][gc,phases   ] GC(4374)   Evacuate Collection Set: 27.4ms
[2025-01-08T01:10:07.530+0000][103477.896s][info][gc,phases   ] GC(4374)   Post Evacuate Collection Set: 2.6ms
[2025-01-08T01:10:07.530+0000][103477.896s][info][gc,phases   ] GC(4374)   Other: 0.2ms
[2025-01-08T01:10:07.530+0000][103477.896s][info][gc,heap     ] GC(4374) Eden regions: 907->0(68)
[2025-01-08T01:10:07.530+0000][103477.896s][info][gc,heap     ] GC(4374) Survivor regions: 7->8(115)
[2025-01-08T01:10:07.530+0000][103477.896s][info][gc,heap     ] GC(4374) Old regions: 252->252
[2025-01-08T01:10:07.530+0000][103477.896s][info][gc,heap     ] GC(4374) Archive regions: 2->2
[2025-01-08T01:10:07.530+0000][103477.896s][info][gc,heap     ] GC(4374) Humongous regions: 49->49
[2025-01-08T01:10:07.530+0000][103477.896s][info][gc,metaspace] GC(4374) Metaspace: 506216K(515008K)->506216K(515008K) NonClass: 444608K(449024K)->444608K(449024K) Class: 61608K(65984K)->61608K(65984K)
[2025-01-08T01:10:07.530+0000][103477.896s][info][gc          ] GC(4374) Pause Young (Prepare Mixed) (G1 Evacuation Pause) 9717M->2475M(12288M) 31.095ms
[2025-01-08T01:10:07.530+0000][103477.896s][info][gc,cpu      ] GC(4374) User=0.18s Sys=0.00s Real=0.04s
[2025-01-08T01:10:07.818+0000][103478.184s][info][gc,start    ] GC(4375) Pause Young (Mixed) (G1 Evacuation Pause)
[2025-01-08T01:10:07.818+0000][103478.184s][info][gc,task     ] GC(4375) Using 6 workers of 6 for evacuation
[2025-01-08T01:10:07.879+0000][103478.245s][info][gc,phases   ] GC(4375)   Pre Evacuate Collection Set: 0.2ms
[2025-01-08T01:10:07.879+0000][103478.245s][info][gc,phases   ] GC(4375)   Merge Heap Roots: 0.7ms
[2025-01-08T01:10:07.879+0000][103478.245s][info][gc,phases   ] GC(4375)   Evacuate Collection Set: 58.8ms
[2025-01-08T01:10:07.879+0000][103478.245s][info][gc,phases   ] GC(4375)   Post Evacuate Collection Set: 1.6ms
[2025-01-08T01:10:07.879+0000][103478.245s][info][gc,phases   ] GC(4375)   Other: 0.2ms
[2025-01-08T01:10:07.879+0000][103478.245s][info][gc,heap     ] GC(4375) Eden regions: 68->0(909)
[2025-01-08T01:10:07.879+0000][103478.245s][info][gc,heap     ] GC(4375) Survivor regions: 8->5(10)
[2025-01-08T01:10:07.879+0000][103478.245s][info][gc,heap     ] GC(4375) Old regions: 252->251
[2025-01-08T01:10:07.879+0000][103478.245s][info][gc,heap     ] GC(4375) Archive regions: 2->2
[2025-01-08T01:10:07.879+0000][103478.245s][info][gc,heap     ] GC(4375) Humongous regions: 49->49
[2025-01-08T01:10:07.879+0000][103478.245s][info][gc,metaspace] GC(4375) Metaspace: 506216K(515008K)->506216K(515008K) NonClass: 444608K(449024K)->444608K(449024K) Class: 61608K(65984K)->61608K(65984K)
[2025-01-08T01:10:07.879+0000][103478.245s][info][gc          ] GC(4375) Pause Young (Mixed) (G1 Evacuation Pause) 3019M->2436M(12288M) 61.637ms
[2025-01-08T01:10:07.879+0000][103478.246s][info][gc,cpu      ] GC(4375) User=0.36s Sys=0.00s Real=0.06s
[2025-01-08T01:10:15.141+0000][103485.507s][info][gc,start    ] GC(4376) Pause Young (Normal) (G1 Evacuation Pause)
[2025-01-08T01:10:15.141+0000][103485.507s][info][gc,task     ] GC(4376) Using 6 workers of 6 for evacuation
[2025-01-08T01:10:15.168+0000][103485.534s][info][gc,phases   ] GC(4376)   Pre Evacuate Collection Set: 0.2ms
[2025-01-08T01:10:15.168+0000][103485.534s][info][gc,phases   ] GC(4376)   Merge Heap Roots: 0.4ms
[2025-01-08T01:10:15.168+0000][103485.534s][info][gc,phases   ] GC(4376)   Evacuate Collection Set: 22.4ms
[2025-01-08T01:10:15.168+0000][103485.534s][info][gc,phases   ] GC(4376)   Post Evacuate Collection Set: 3.8ms
[2025-01-08T01:10:15.168+0000][103485.534s][info][gc,phases   ] GC(4376)   Other: 0.2ms
[2025-01-08T01:10:15.168+0000][103485.534s][info][gc,heap     ] GC(4376) Eden regions: 909->0(908)
[2025-01-08T01:10:15.168+0000][103485.534s][info][gc,heap     ] GC(4376) Survivor regions: 5->7(115)
[2025-01-08T01:10:15.168+0000][103485.534s][info][gc,heap     ] GC(4376) Old regions: 251->251
[2025-01-08T01:10:15.168+0000][103485.534s][info][gc,heap     ] GC(4376) Archive regions: 2->2
[2025-01-08T01:10:15.168+0000][103485.534s][info][gc,heap     ] GC(4376) Humongous regions: 49->49
[2025-01-08T01:10:15.168+0000][103485.534s][info][gc,metaspace] GC(4376) Metaspace: 506216K(515008K)->506216K(515008K) NonClass: 444608K(449024K)->444608K(449024K) Class: 61608K(65984K)->61608K(65984K)
[2025-01-08T01:10:15.168+0000][103485.534s][info][gc          ] GC(4376) Pause Young (Normal) (G1 Evacuation Pause) 9708M->2451M(12288M) 27.192ms
[2025-01-08T01:10:15.168+0000][103485.535s][info][gc,cpu      ] GC(4376) User=0.15s Sys=0.01s Real=0.03s
[2025-01-08T01:10:21.174+0000][103491.540s][info][gc,start    ] GC(4377) Pause Young (Normal) (G1 Evacuation Pause)
[2025-01-08T01:10:21.174+0000][103491.540s][info][gc,task     ] GC(4377) Using 6 workers of 6 for evacuation
[2025-01-08T01:10:21.202+0000][103491.568s][info][gc,phases   ] GC(4377)   Pre Evacuate Collection Set: 0.2ms
[2025-01-08T01:10:21.202+0000][103491.568s][info][gc,phases   ] GC(4377)   Merge Heap Roots: 0.4ms
[2025-01-08T01:10:21.202+0000][103491.568s][info][gc,phases   ] GC(4377)   Evacuate Collection Set: 25.2ms
[2025-01-08T01:10:21.202+0000][103491.568s][info][gc,phases   ] GC(4377)   Post Evacuate Collection Set: 2.5ms
[2025-01-08T01:10:21.202+0000][103491.568s][info][gc,phases   ] GC(4377)   Other: 0.2ms
[2025-01-08T01:10:21.202+0000][103491.568s][info][gc,heap     ] GC(4377) Eden regions: 908->0(907)
[2025-01-08T01:10:21.202+0000][103491.568s][info][gc,heap     ] GC(4377) Survivor regions: 7->7(115)
[2025-01-08T01:10:21.202+0000][103491.568s][info][gc,heap     ] GC(4377) Old regions: 251->251
[2025-01-08T01:10:21.202+0000][103491.568s][info][gc,heap     ] GC(4377) Archive regions: 2->2
[2025-01-08T01:10:21.202+0000][103491.568s][info][gc,heap     ] GC(4377) Humongous regions: 49->49
[2025-01-08T01:10:21.202+0000][103491.568s][info][gc,metaspace] GC(4377) Metaspace: 506216K(515008K)->506216K(515008K) NonClass: 444608K(449024K)->444608K(449024K) Class: 61608K(65984K)->61608K(65984K)
[2025-01-08T01:10:21.202+0000][103491.568s][info][gc          ] GC(4377) Pause Young (Normal) (G1 Evacuation Pause) 9715M->2455M(12288M) 28.588ms
[2025-01-08T01:10:21.202+0000][103491.568s][info][gc,cpu      ] GC(4377) User=0.17s Sys=0.00s Real=0.03s
[2025-01-08T01:10:27.406+0000][103497.772s][info][gc,start    ] GC(4378) Pause Young (Concurrent Start) (G1 Evacuation Pause)
[2025-01-08T01:10:27.406+0000][103497.772s][info][gc,task     ] GC(4378) Using 6 workers of 6 for evacuation
[2025-01-08T01:10:27.437+0000][103497.803s][info][gc,phases   ] GC(4378)   Pre Evacuate Collection Set: 1.1ms
[2025-01-08T01:10:27.437+0000][103497.803s][info][gc,phases   ] GC(4378)   Merge Heap Roots: 0.5ms
[2025-01-08T01:10:27.437+0000][103497.803s][info][gc,phases   ] GC(4378)   Evacuate Collection Set: 26.8ms
[2025-01-08T01:10:27.437+0000][103497.803s][info][gc,phases   ] GC(4378)   Post Evacuate Collection Set: 2.5ms
[2025-01-08T01:10:27.437+0000][103497.803s][info][gc,phases   ] GC(4378)   Other: 0.3ms
[2025-01-08T01:10:27.437+0000][103497.803s][info][gc,heap     ] GC(4378) Eden regions: 907->0(906)
[2025-01-08T01:10:27.437+0000][103497.804s][info][gc,heap     ] GC(4378) Survivor regions: 7->8(115)
[2025-01-08T01:10:27.437+0000][103497.804s][info][gc,heap     ] GC(4378) Old regions: 251->251
[2025-01-08T01:10:27.437+0000][103497.804s][info][gc,heap     ] GC(4378) Archive regions: 2->2
[2025-01-08T01:10:27.437+0000][103497.804s][info][gc,heap     ] GC(4378) Humongous regions: 49->49
[2025-01-08T01:10:27.437+0000][103497.804s][info][gc,metaspace] GC(4378) Metaspace: 506216K(515008K)->506216K(515008K) NonClass: 444608K(449024K)->444608K(449024K) Class: 61608K(65984K)->61608K(65984K)
[2025-01-08T01:10:27.437+0000][103497.804s][info][gc          ] GC(4378) Pause Young (Concurrent Start) (G1 Evacuation Pause) 9711M->2461M(12288M) 31.214ms
[2025-01-08T01:10:27.438+0000][103497.804s][info][gc,cpu      ] GC(4378) User=0.18s Sys=0.00s Real=0.03s
[2025-01-08T01:10:27.438+0000][103497.804s][info][gc          ] GC(4379) Concurrent Mark Cycle
[2025-01-08T01:10:27.438+0000][103497.804s][info][gc,marking  ] GC(4379) Concurrent Clear Claimed Marks
[2025-01-08T01:10:27.438+0000][103497.805s][info][gc,marking  ] GC(4379) Concurrent Clear Claimed Marks 0.886ms
[2025-01-08T01:10:27.438+0000][103497.805s][info][gc,marking  ] GC(4379) Concurrent Scan Root Regions
[2025-01-08T01:10:27.458+0000][103497.824s][info][gc,marking  ] GC(4379) Concurrent Scan Root Regions 19.916ms
[2025-01-08T01:10:27.458+0000][103497.825s][info][gc,marking  ] GC(4379) Concurrent Mark
[2025-01-08T01:10:27.458+0000][103497.825s][info][gc,marking  ] GC(4379) Concurrent Mark From Roots
[2025-01-08T01:10:27.458+0000][103497.825s][info][gc,task     ] GC(4379) Using 2 workers of 2 for marking
[2025-01-08T01:10:28.451+0000][103498.818s][info][gc,marking  ] GC(4379) Concurrent Mark From Roots 993.033ms
[2025-01-08T01:10:28.451+0000][103498.818s][info][gc,marking  ] GC(4379) Concurrent Preclean
[2025-01-08T01:10:28.454+0000][103498.820s][info][gc,marking  ] GC(4379) Concurrent Preclean 2.237ms
[2025-01-08T01:10:28.454+0000][103498.820s][info][gc,start    ] GC(4379) Pause Remark
[2025-01-08T01:10:28.480+0000][103498.846s][info][gc          ] GC(4379) Pause Remark 3542M->3542M(12288M) 26.019ms
[2025-01-08T01:10:28.480+0000][103498.846s][info][gc,cpu      ] GC(4379) User=0.15s Sys=0.00s Real=0.02s
[2025-01-08T01:10:28.480+0000][103498.846s][info][gc,marking  ] GC(4379) Concurrent Mark 1021.637ms
[2025-01-08T01:10:28.480+0000][103498.846s][info][gc,marking  ] GC(4379) Concurrent Rebuild Remembered Sets
[2025-01-08T01:10:29.090+0000][103499.456s][info][gc,marking  ] GC(4379) Concurrent Rebuild Remembered Sets 609.856ms
[2025-01-08T01:10:29.090+0000][103499.456s][info][gc,start    ] GC(4379) Pause Cleanup
[2025-01-08T01:10:29.090+0000][103499.457s][info][gc          ] GC(4379) Pause Cleanup 4045M->4045M(12288M) 0.436ms
[2025-01-08T01:10:29.091+0000][103499.457s][info][gc,cpu      ] GC(4379) User=0.00s Sys=0.00s Real=0.00s
[2025-01-08T01:10:29.091+0000][103499.457s][info][gc,marking  ] GC(4379) Concurrent Cleanup for Next Mark
[2025-01-08T01:10:29.106+0000][103499.472s][info][gc,marking  ] GC(4379) Concurrent Cleanup for Next Mark 15.452ms
[2025-01-08T01:10:29.106+0000][103499.472s][info][gc          ] GC(4379) Concurrent Mark Cycle 1668.539ms
[2025-01-08T01:10:33.636+0000][103504.003s][info][gc,start    ] GC(4380) Pause Young (Prepare Mixed) (G1 Evacuation Pause)
[2025-01-08T01:10:33.636+0000][103504.003s][info][gc,task     ] GC(4380) Using 6 workers of 6 for evacuation
[2025-01-08T01:10:33.671+0000][103504.037s][info][gc,phases   ] GC(4380)   Pre Evacuate Collection Set: 0.2ms
[2025-01-08T01:10:33.671+0000][103504.037s][info][gc,phases   ] GC(4380)   Merge Heap Roots: 0.7ms
[2025-01-08T01:10:33.671+0000][103504.037s][info][gc,phases   ] GC(4380)   Evacuate Collection Set: 30.7ms
[2025-01-08T01:10:33.671+0000][103504.037s][info][gc,phases   ] GC(4380)   Post Evacuate Collection Set: 2.6ms
[2025-01-08T01:10:33.671+0000][103504.037s][info][gc,phases   ] GC(4380)   Other: 0.2ms
[2025-01-08T01:10:33.671+0000][103504.037s][info][gc,heap     ] GC(4380) Eden regions: 906->0(67)
[2025-01-08T01:10:33.671+0000][103504.037s][info][gc,heap     ] GC(4380) Survivor regions: 8->9(115)
[2025-01-08T01:10:33.671+0000][103504.037s][info][gc,heap     ] GC(4380) Old regions: 251->251
[2025-01-08T01:10:33.671+0000][103504.037s][info][gc,heap     ] GC(4380) Archive regions: 2->2
[2025-01-08T01:10:33.671+0000][103504.037s][info][gc,heap     ] GC(4380) Humongous regions: 49->49
[2025-01-08T01:10:33.671+0000][103504.037s][info][gc,metaspace] GC(4380) Metaspace: 506216K(515008K)->506216K(515008K) NonClass: 444608K(449024K)->444608K(449024K) Class: 61608K(65984K)->61608K(65984K)
[2025-01-08T01:10:33.671+0000][103504.037s][info][gc          ] GC(4380) Pause Young (Prepare Mixed) (G1 Evacuation Pause) 9709M->2471M(12288M) 34.424ms
[2025-01-08T01:10:33.671+0000][103504.037s][info][gc,cpu      ] GC(4380) User=0.20s Sys=0.00s Real=0.04s
[2025-01-08T01:10:34.159+0000][103504.525s][info][gc,start    ] GC(4381) Pause Young (Mixed) (G1 Evacuation Pause)
[2025-01-08T01:10:34.159+0000][103504.525s][info][gc,task     ] GC(4381) Using 6 workers of 6 for evacuation
[2025-01-08T01:10:34.236+0000][103504.603s][info][gc,phases   ] GC(4381)   Pre Evacuate Collection Set: 0.2ms
[2025-01-08T01:10:34.237+0000][103504.603s][info][gc,phases   ] GC(4381)   Merge Heap Roots: 0.8ms
[2025-01-08T01:10:34.237+0000][103504.603s][info][gc,phases   ] GC(4381)   Evacuate Collection Set: 73.9ms
[2025-01-08T01:10:34.237+0000][103504.603s][info][gc,phases   ] GC(4381)   Post Evacuate Collection Set: 2.1ms
[2025-01-08T01:10:34.237+0000][103504.603s][info][gc,phases   ] GC(4381)   Other: 0.2ms
[2025-01-08T01:10:34.237+0000][103504.603s][info][gc,heap     ] GC(4381) Eden regions: 67->0(910)
[2025-01-08T01:10:34.237+0000][103504.603s][info][gc,heap     ] GC(4381) Survivor regions: 9->5(10)
[2025-01-08T01:10:34.237+0000][103504.603s][info][gc,heap     ] GC(4381) Old regions: 251->251
[2025-01-08T01:10:34.237+0000][103504.603s][info][gc,heap     ] GC(4381) Archive regions: 2->2
[2025-01-08T01:10:34.237+0000][103504.603s][info][gc,heap     ] GC(4381) Humongous regions: 49->49
[2025-01-08T01:10:34.237+0000][103504.603s][info][gc,metaspace] GC(4381) Metaspace: 506216K(515008K)->506216K(515008K) NonClass: 444608K(449024K)->444608K(449024K) Class: 61608K(65984K)->61608K(65984K)
[2025-01-08T01:10:34.237+0000][103504.603s][info][gc          ] GC(4381) Pause Young (Mixed) (G1 Evacuation Pause) 3007M->2442M(12288M) 77.269ms
[2025-01-08T01:10:34.237+0000][103504.603s][info][gc,cpu      ] GC(4381) User=0.44s Sys=0.00s Real=0.08s
[2025-01-08T01:10:40.381+0000][103510.747s][info][gc,start    ] GC(4382) Pause Young (Normal) (G1 Evacuation Pause)
[2025-01-08T01:10:40.381+0000][103510.747s][info][gc,task     ] GC(4382) Using 6 workers of 6 for evacuation
[2025-01-08T01:10:40.407+0000][103510.773s][info][gc,phases   ] GC(4382)   Pre Evacuate Collection Set: 0.2ms
[2025-01-08T01:10:40.407+0000][103510.773s][info][gc,phases   ] GC(4382)   Merge Heap Roots: 0.4ms
[2025-01-08T01:10:40.407+0000][103510.773s][info][gc,phases   ] GC(4382)   Evacuate Collection Set: 23.4ms
[2025-01-08T01:10:40.407+0000][103510.773s][info][gc,phases   ] GC(4382)   Post Evacuate Collection Set: 2.5ms
[2025-01-08T01:10:40.407+0000][103510.773s][info][gc,phases   ] GC(4382)   Other: 0.2ms
[2025-01-08T01:10:40.407+0000][103510.773s][info][gc,heap     ] GC(4382) Eden regions: 910->0(907)
[2025-01-08T01:10:40.407+0000][103510.773s][info][gc,heap     ] GC(4382) Survivor regions: 5->7(115)
[2025-01-08T01:10:40.407+0000][103510.773s][info][gc,heap     ] GC(4382) Old regions: 251->251
[2025-01-08T01:10:40.407+0000][103510.773s][info][gc,heap     ] GC(4382) Archive regions: 2->2
[2025-01-08T01:10:40.407+0000][103510.773s][info][gc,heap     ] GC(4382) Humongous regions: 49->49
[2025-01-08T01:10:40.407+0000][103510.773s][info][gc,metaspace] GC(4382) Metaspace: 506216K(515008K)->506216K(515008K) NonClass: 444608K(449024K)->444608K(449024K) Class: 61608K(65984K)->61608K(65984K)
[2025-01-08T01:10:40.407+0000][103510.773s][info][gc          ] GC(4382) Pause Young (Normal) (G1 Evacuation Pause) 9722M->2452M(12288M) 26.874ms
[2025-01-08T01:10:40.407+0000][103510.774s][info][gc,cpu      ] GC(4382) User=0.16s Sys=0.00s Real=0.03s
[2025-01-08T01:10:47.792+0000][103518.159s][info][gc,start    ] GC(4383) Pause Young (Normal) (G1 Evacuation Pause)
[2025-01-08T01:10:47.793+0000][103518.159s][info][gc,task     ] GC(4383) Using 6 workers of 6 for evacuation
[2025-01-08T01:10:47.820+0000][103518.186s][info][gc,phases   ] GC(4383)   Pre Evacuate Collection Set: 0.2ms
[2025-01-08T01:10:47.820+0000][103518.186s][info][gc,phases   ] GC(4383)   Merge Heap Roots: 0.4ms
[2025-01-08T01:10:47.820+0000][103518.186s][info][gc,phases   ] GC(4383)   Evacuate Collection Set: 23.8ms
[2025-01-08T01:10:47.820+0000][103518.186s][info][gc,phases   ] GC(4383)   Post Evacuate Collection Set: 2.5ms
[2025-01-08T01:10:47.820+0000][103518.186s][info][gc,phases   ] GC(4383)   Other: 0.2ms
[2025-01-08T01:10:47.820+0000][103518.186s][info][gc,heap     ] GC(4383) Eden regions: 907->0(907)
[2025-01-08T01:10:47.820+0000][103518.186s][info][gc,heap     ] GC(4383) Survivor regions: 7->7(115)
[2025-01-08T01:10:47.820+0000][103518.186s][info][gc,heap     ] GC(4383) Old regions: 251->251
[2025-01-08T01:10:47.820+0000][103518.186s][info][gc,heap     ] GC(4383) Archive regions: 2->2
[2025-01-08T01:10:47.820+0000][103518.186s][info][gc,heap     ] GC(4383) Humongous regions: 49->49
[2025-01-08T01:10:47.820+0000][103518.186s][info][gc,metaspace] GC(4383) Metaspace: 506216K(515008K)->506216K(515008K) NonClass: 444608K(449024K)->444608K(449024K) Class: 61608K(65984K)->61608K(65984K)
[2025-01-08T01:10:47.820+0000][103518.186s][info][gc          ] GC(4383) Pause Young (Normal) (G1 Evacuation Pause) 9708M->2458M(12288M) 27.224ms
[2025-01-08T01:10:47.820+0000][103518.186s][info][gc,cpu      ] GC(4383) User=0.16s Sys=0.00s Real=0.02s
[2025-01-08T01:10:55.190+0000][103525.556s][info][gc,start    ] GC(4384) Pause Young (Concurrent Start) (G1 Evacuation Pause)
[2025-01-08T01:10:55.190+0000][103525.556s][info][gc,task     ] GC(4384) Using 6 workers of 6 for evacuation
[2025-01-08T01:10:55.228+0000][103525.594s][info][gc,phases   ] GC(4384)   Pre Evacuate Collection Set: 1.1ms
[2025-01-08T01:10:55.228+0000][103525.594s][info][gc,phases   ] GC(4384)   Merge Heap Roots: 0.5ms
[2025-01-08T01:10:55.228+0000][103525.594s][info][gc,phases   ] GC(4384)   Evacuate Collection Set: 31.1ms
[2025-01-08T01:10:55.228+0000][103525.594s][info][gc,phases   ] GC(4384)   Post Evacuate Collection Set: 5.2ms
[2025-01-08T01:10:55.228+0000][103525.594s][info][gc,phases   ] GC(4384)   Other: 0.3ms
[2025-01-08T01:10:55.228+0000][103525.594s][info][gc,heap     ] GC(4384) Eden regions: 907->0(902)
[2025-01-08T01:10:55.228+0000][103525.594s][info][gc,heap     ] GC(4384) Survivor regions: 7->11(115)
[2025-01-08T01:10:55.228+0000][103525.594s][info][gc,heap     ] GC(4384) Old regions: 251->251
[2025-01-08T01:10:55.228+0000][103525.594s][info][gc,heap     ] GC(4384) Archive regions: 2->2
[2025-01-08T01:10:55.228+0000][103525.594s][info][gc,heap     ] GC(4384) Humongous regions: 49->49
[2025-01-08T01:10:55.228+0000][103525.594s][info][gc,metaspace] GC(4384) Metaspace: 506216K(515008K)->506216K(515008K) NonClass: 444608K(449024K)->444608K(449024K) Class: 61608K(65984K)->61608K(65984K)
[2025-01-08T01:10:55.228+0000][103525.594s][info][gc          ] GC(4384) Pause Young (Concurrent Start) (G1 Evacuation Pause) 9714M->2484M(12288M) 38.295ms
[2025-01-08T01:10:55.228+0000][103525.594s][info][gc,cpu      ] GC(4384) User=0.22s Sys=0.00s Real=0.03s
[2025-01-08T01:10:55.228+0000][103525.594s][info][gc          ] GC(4385) Concurrent Mark Cycle
[2025-01-08T01:10:55.228+0000][103525.594s][info][gc,marking  ] GC(4385) Concurrent Clear Claimed Marks
[2025-01-08T01:10:55.229+0000][103525.595s][info][gc,marking  ] GC(4385) Concurrent Clear Claimed Marks 0.930ms
[2025-01-08T01:10:55.229+0000][103525.595s][info][gc,marking  ] GC(4385) Concurrent Scan Root Regions
[2025-01-08T01:10:55.259+0000][103525.625s][info][gc,marking  ] GC(4385) Concurrent Scan Root Regions 30.268ms
[2025-01-08T01:10:55.259+0000][103525.625s][info][gc,marking  ] GC(4385) Concurrent Mark
[2025-01-08T01:10:55.259+0000][103525.625s][info][gc,marking  ] GC(4385) Concurrent Mark From Roots
[2025-01-08T01:10:55.259+0000][103525.625s][info][gc,task     ] GC(4385) Using 2 workers of 2 for marking
[2025-01-08T01:10:56.278+0000][103526.644s][info][gc,marking  ] GC(4385) Concurrent Mark From Roots 1018.567ms
[2025-01-08T01:10:56.278+0000][103526.644s][info][gc,marking  ] GC(4385) Concurrent Preclean
[2025-01-08T01:10:56.280+0000][103526.646s][info][gc,marking  ] GC(4385) Concurrent Preclean 1.826ms
[2025-01-08T01:10:56.280+0000][103526.646s][info][gc,start    ] GC(4385) Pause Remark
[2025-01-08T01:10:56.308+0000][103526.675s][info][gc          ] GC(4385) Pause Remark 3632M->3632M(12288M) 28.523ms
[2025-01-08T01:10:56.308+0000][103526.675s][info][gc,cpu      ] GC(4385) User=0.15s Sys=0.00s Real=0.03s
[2025-01-08T01:10:56.309+0000][103526.675s][info][gc,marking  ] GC(4385) Concurrent Mark 1049.263ms
[2025-01-08T01:10:56.309+0000][103526.675s][info][gc,marking  ] GC(4385) Concurrent Rebuild Remembered Sets
[2025-01-08T01:10:56.837+0000][103527.204s][info][gc,marking  ] GC(4385) Concurrent Rebuild Remembered Sets 528.851ms
[2025-01-08T01:10:56.838+0000][103527.204s][info][gc,start    ] GC(4385) Pause Cleanup
[2025-01-08T01:10:56.838+0000][103527.204s][info][gc          ] GC(4385) Pause Cleanup 4160M->4160M(12288M) 0.414ms
[2025-01-08T01:10:56.838+0000][103527.204s][info][gc,cpu      ] GC(4385) User=0.00s Sys=0.00s Real=0.00s
[2025-01-08T01:10:56.838+0000][103527.204s][info][gc,marking  ] GC(4385) Concurrent Cleanup for Next Mark
[2025-01-08T01:10:56.866+0000][103527.232s][info][gc,marking  ] GC(4385) Concurrent Cleanup for Next Mark 28.149ms
[2025-01-08T01:10:56.866+0000][103527.232s][info][gc          ] GC(4385) Concurrent Mark Cycle 1638.374ms
[2025-01-08T01:11:03.026+0000][103533.392s][info][gc,start    ] GC(4386) Pause Young (Prepare Mixed) (G1 Evacuation Pause)
[2025-01-08T01:11:03.026+0000][103533.392s][info][gc,task     ] GC(4386) Using 6 workers of 6 for evacuation
[2025-01-08T01:11:03.061+0000][103533.427s][info][gc,phases   ] GC(4386)   Pre Evacuate Collection Set: 0.2ms
[2025-01-08T01:11:03.061+0000][103533.427s][info][gc,phases   ] GC(4386)   Merge Heap Roots: 0.7ms
[2025-01-08T01:11:03.061+0000][103533.427s][info][gc,phases   ] GC(4386)   Evacuate Collection Set: 31.0ms
[2025-01-08T01:11:03.061+0000][103533.427s][info][gc,phases   ] GC(4386)   Post Evacuate Collection Set: 2.6ms
[2025-01-08T01:11:03.061+0000][103533.427s][info][gc,phases   ] GC(4386)   Other: 0.2ms
[2025-01-08T01:11:03.061+0000][103533.427s][info][gc,heap     ] GC(4386) Eden regions: 902->0(66)
[2025-01-08T01:11:03.061+0000][103533.427s][info][gc,heap     ] GC(4386) Survivor regions: 11->10(115)
[2025-01-08T01:11:03.061+0000][103533.427s][info][gc,heap     ] GC(4386) Old regions: 251->251
[2025-01-08T01:11:03.061+0000][103533.427s][info][gc,heap     ] GC(4386) Archive regions: 2->2
[2025-01-08T01:11:03.061+0000][103533.427s][info][gc,heap     ] GC(4386) Humongous regions: 49->49
[2025-01-08T01:11:03.061+0000][103533.427s][info][gc,metaspace] GC(4386) Metaspace: 506216K(515008K)->506216K(515008K) NonClass: 444608K(449024K)->444608K(449024K) Class: 61608K(65984K)->61608K(65984K)
[2025-01-08T01:11:03.061+0000][103533.427s][info][gc          ] GC(4386) Pause Young (Prepare Mixed) (G1 Evacuation Pause) 9700M->2476M(12288M) 34.845ms
[2025-01-08T01:11:03.061+0000][103533.427s][info][gc,cpu      ] GC(4386) User=0.21s Sys=0.00s Real=0.03s
[2025-01-08T01:11:03.427+0000][103533.793s][info][gc,start    ] GC(4387) Pause Young (Mixed) (G1 Evacuation Pause)
[2025-01-08T01:11:03.427+0000][103533.793s][info][gc,task     ] GC(4387) Using 6 workers of 6 for evacuation
[2025-01-08T01:11:03.489+0000][103533.855s][info][gc,phases   ] GC(4387)   Pre Evacuate Collection Set: 0.2ms
[2025-01-08T01:11:03.489+0000][103533.855s][info][gc,phases   ] GC(4387)   Merge Heap Roots: 0.6ms
[2025-01-08T01:11:03.489+0000][103533.855s][info][gc,phases   ] GC(4387)   Evacuate Collection Set: 59.1ms
[2025-01-08T01:11:03.489+0000][103533.855s][info][gc,phases   ] GC(4387)   Post Evacuate Collection Set: 1.7ms
[2025-01-08T01:11:03.489+0000][103533.855s][info][gc,phases   ] GC(4387)   Other: 0.2ms
[2025-01-08T01:11:03.489+0000][103533.855s][info][gc,heap     ] GC(4387) Eden regions: 66->0(907)
[2025-01-08T01:11:03.489+0000][103533.855s][info][gc,heap     ] GC(4387) Survivor regions: 10->7(10)
[2025-01-08T01:11:03.489+0000][103533.855s][info][gc,heap     ] GC(4387) Old regions: 251->250
[2025-01-08T01:11:03.489+0000][103533.855s][info][gc,heap     ] GC(4387) Archive regions: 2->2
[2025-01-08T01:11:03.489+0000][103533.855s][info][gc,heap     ] GC(4387) Humongous regions: 49->49
[2025-01-08T01:11:03.489+0000][103533.855s][info][gc,metaspace] GC(4387) Metaspace: 506216K(515008K)->506216K(515008K) NonClass: 444608K(449024K)->444608K(449024K) Class: 61608K(65984K)->61608K(65984K)
[2025-01-08T01:11:03.489+0000][103533.855s][info][gc          ] GC(4387) Pause Young (Mixed) (G1 Evacuation Pause) 3004M->2448M(12288M) 61.900ms
[2025-01-08T01:11:03.489+0000][103533.855s][info][gc,cpu      ] GC(4387) User=0.36s Sys=0.00s Real=0.06s
[2025-01-08T01:11:10.030+0000][103540.397s][info][gc,start    ] GC(4388) Pause Young (Normal) (G1 Evacuation Pause)
[2025-01-08T01:11:10.031+0000][103540.397s][info][gc,task     ] GC(4388) Using 6 workers of 6 for evacuation
[2025-01-08T01:11:10.061+0000][103540.427s][info][gc,phases   ] GC(4388)   Pre Evacuate Collection Set: 0.2ms
[2025-01-08T01:11:10.061+0000][103540.427s][info][gc,phases   ] GC(4388)   Merge Heap Roots: 0.5ms
[2025-01-08T01:11:10.061+0000][103540.427s][info][gc,phases   ] GC(4388)   Evacuate Collection Set: 25.7ms
[2025-01-08T01:11:10.061+0000][103540.427s][info][gc,phases   ] GC(4388)   Post Evacuate Collection Set: 3.9ms
[2025-01-08T01:11:10.061+0000][103540.427s][info][gc,phases   ] GC(4388)   Other: 0.2ms
[2025-01-08T01:11:10.061+0000][103540.427s][info][gc,heap     ] GC(4388) Eden regions: 907->0(905)
[2025-01-08T01:11:10.061+0000][103540.427s][info][gc,heap     ] GC(4388) Survivor regions: 7->8(115)
[2025-01-08T01:11:10.061+0000][103540.427s][info][gc,heap     ] GC(4388) Old regions: 250->250
[2025-01-08T01:11:10.061+0000][103540.427s][info][gc,heap     ] GC(4388) Archive regions: 2->2
[2025-01-08T01:11:10.061+0000][103540.427s][info][gc,heap     ] GC(4388) Humongous regions: 49->49
[2025-01-08T01:11:10.061+0000][103540.427s][info][gc,metaspace] GC(4388) Metaspace: 506216K(515008K)->506216K(515008K) NonClass: 444608K(449024K)->444608K(449024K) Class: 61608K(65984K)->61608K(65984K)
[2025-01-08T01:11:10.061+0000][103540.427s][info][gc          ] GC(4388) Pause Young (Normal) (G1 Evacuation Pause) 9704M->2455M(12288M) 30.538ms
[2025-01-08T01:11:10.061+0000][103540.427s][info][gc,cpu      ] GC(4388) User=0.18s Sys=0.00s Real=0.02s
[2025-01-08T01:11:15.957+0000][103546.323s][info][gc,start    ] GC(4389) Pause Young (Normal) (G1 Evacuation Pause)
[2025-01-08T01:11:15.957+0000][103546.323s][info][gc,task     ] GC(4389) Using 6 workers of 6 for evacuation
[2025-01-08T01:11:15.986+0000][103546.353s][info][gc,phases   ] GC(4389)   Pre Evacuate Collection Set: 0.2ms
[2025-01-08T01:11:15.986+0000][103546.353s][info][gc,phases   ] GC(4389)   Merge Heap Roots: 0.5ms
[2025-01-08T01:11:15.986+0000][103546.353s][info][gc,phases   ] GC(4389)   Evacuate Collection Set: 25.9ms
[2025-01-08T01:11:15.986+0000][103546.353s][info][gc,phases   ] GC(4389)   Post Evacuate Collection Set: 2.5ms
[2025-01-08T01:11:15.986+0000][103546.353s][info][gc,phases   ] GC(4389)   Other: 0.2ms
[2025-01-08T01:11:15.986+0000][103546.353s][info][gc,heap     ] GC(4389) Eden regions: 905->0(905)
[2025-01-08T01:11:15.986+0000][103546.353s][info][gc,heap     ] GC(4389) Survivor regions: 8->8(115)
[2025-01-08T01:11:15.986+0000][103546.353s][info][gc,heap     ] GC(4389) Old regions: 250->250
[2025-01-08T01:11:15.986+0000][103546.353s][info][gc,heap     ] GC(4389) Archive regions: 2->2
[2025-01-08T01:11:15.986+0000][103546.353s][info][gc,heap     ] GC(4389) Humongous regions: 49->49
[2025-01-08T01:11:15.986+0000][103546.353s][info][gc,metaspace] GC(4389) Metaspace: 506216K(515008K)->506216K(515008K) NonClass: 444608K(449024K)->444608K(449024K) Class: 61608K(65984K)->61608K(65984K)
[2025-01-08T01:11:15.987+0000][103546.353s][info][gc          ] GC(4389) Pause Young (Normal) (G1 Evacuation Pause) 9695M->2455M(12288M) 29.358ms
[2025-01-08T01:11:15.987+0000][103546.353s][info][gc,cpu      ] GC(4389) User=0.17s Sys=0.00s Real=0.03s
[2025-01-08T01:11:23.627+0000][103553.994s][info][gc,start    ] GC(4390) Pause Young (Concurrent Start) (G1 Evacuation Pause)
[2025-01-08T01:11:23.627+0000][103553.994s][info][gc,task     ] GC(4390) Using 6 workers of 6 for evacuation
[2025-01-08T01:11:23.661+0000][103554.027s][info][gc,phases   ] GC(4390)   Pre Evacuate Collection Set: 1.1ms
[2025-01-08T01:11:23.661+0000][103554.027s][info][gc,phases   ] GC(4390)   Merge Heap Roots: 0.5ms
[2025-01-08T01:11:23.661+0000][103554.027s][info][gc,phases   ] GC(4390)   Evacuate Collection Set: 28.8ms
[2025-01-08T01:11:23.661+0000][103554.027s][info][gc,phases   ] GC(4390)   Post Evacuate Collection Set: 2.6ms
[2025-01-08T01:11:23.661+0000][103554.027s][info][gc,phases   ] GC(4390)   Other: 0.3ms
[2025-01-08T01:11:23.661+0000][103554.027s][info][gc,heap     ] GC(4390) Eden regions: 905->0(906)
[2025-01-08T01:11:23.661+0000][103554.027s][info][gc,heap     ] GC(4390) Survivor regions: 8->9(115)
[2025-01-08T01:11:23.661+0000][103554.027s][info][gc,heap     ] GC(4390) Old regions: 250->250
[2025-01-08T01:11:23.661+0000][103554.027s][info][gc,heap     ] GC(4390) Archive regions: 2->2
[2025-01-08T01:11:23.661+0000][103554.027s][info][gc,heap     ] GC(4390) Humongous regions: 49->49
[2025-01-08T01:11:23.661+0000][103554.027s][info][gc,metaspace] GC(4390) Metaspace: 506216K(515008K)->506216K(515008K) NonClass: 444608K(449024K)->444608K(449024K) Class: 61608K(65984K)->61608K(65984K)
[2025-01-08T01:11:23.661+0000][103554.027s][info][gc          ] GC(4390) Pause Young (Concurrent Start) (G1 Evacuation Pause) 9695M->2463M(12288M) 33.292ms
[2025-01-08T01:11:23.661+0000][103554.027s][info][gc,cpu      ] GC(4390) User=0.19s Sys=0.00s Real=0.03s
[2025-01-08T01:11:23.661+0000][103554.027s][info][gc          ] GC(4391) Concurrent Mark Cycle
[2025-01-08T01:11:23.661+0000][103554.027s][info][gc,marking  ] GC(4391) Concurrent Clear Claimed Marks
[2025-01-08T01:11:23.662+0000][103554.028s][info][gc,marking  ] GC(4391) Concurrent Clear Claimed Marks 0.949ms
[2025-01-08T01:11:23.662+0000][103554.028s][info][gc,marking  ] GC(4391) Concurrent Scan Root Regions
[2025-01-08T01:11:23.686+0000][103554.052s][info][gc,marking  ] GC(4391) Concurrent Scan Root Regions 24.157ms
[2025-01-08T01:11:23.686+0000][103554.052s][info][gc,marking  ] GC(4391) Concurrent Mark
[2025-01-08T01:11:23.686+0000][103554.052s][info][gc,marking  ] GC(4391) Concurrent Mark From Roots
[2025-01-08T01:11:23.686+0000][103554.052s][info][gc,task     ] GC(4391) Using 2 workers of 2 for marking
[2025-01-08T01:11:24.707+0000][103555.073s][info][gc,marking  ] GC(4391) Concurrent Mark From Roots 1020.964ms
[2025-01-08T01:11:24.707+0000][103555.073s][info][gc,marking  ] GC(4391) Concurrent Preclean
[2025-01-08T01:11:24.709+0000][103555.075s][info][gc,marking  ] GC(4391) Concurrent Preclean 1.856ms
[2025-01-08T01:11:24.709+0000][103555.075s][info][gc,start    ] GC(4391) Pause Remark
[2025-01-08T01:11:24.735+0000][103555.101s][info][gc          ] GC(4391) Pause Remark 3623M->3623M(12288M) 26.274ms
[2025-01-08T01:11:24.735+0000][103555.101s][info][gc,cpu      ] GC(4391) User=0.15s Sys=0.00s Real=0.03s
[2025-01-08T01:11:24.735+0000][103555.102s][info][gc,marking  ] GC(4391) Concurrent Mark 1049.416ms
[2025-01-08T01:11:24.735+0000][103555.102s][info][gc,marking  ] GC(4391) Concurrent Rebuild Remembered Sets
[2025-01-08T01:11:25.422+0000][103555.788s][info][gc,marking  ] GC(4391) Concurrent Rebuild Remembered Sets 686.884ms
[2025-01-08T01:11:25.422+0000][103555.789s][info][gc,start    ] GC(4391) Pause Cleanup
[2025-01-08T01:11:25.423+0000][103555.789s][info][gc          ] GC(4391) Pause Cleanup 4611M->4611M(12288M) 0.383ms
[2025-01-08T01:11:25.423+0000][103555.789s][info][gc,cpu      ] GC(4391) User=0.00s Sys=0.00s Real=0.00s
[2025-01-08T01:11:25.423+0000][103555.789s][info][gc,marking  ] GC(4391) Concurrent Cleanup for Next Mark
[2025-01-08T01:11:25.439+0000][103555.805s][info][gc,marking  ] GC(4391) Concurrent Cleanup for Next Mark 16.279ms
[2025-01-08T01:11:25.439+0000][103555.805s][info][gc          ] GC(4391) Concurrent Mark Cycle 1778.421ms
[2025-01-08T01:11:30.883+0000][103561.249s][info][gc,start    ] GC(4392) Pause Young (Prepare Mixed) (G1 Evacuation Pause)
[2025-01-08T01:11:30.883+0000][103561.249s][info][gc,task     ] GC(4392) Using 6 workers of 6 for evacuation
[2025-01-08T01:11:30.919+0000][103561.285s][info][gc,phases   ] GC(4392)   Pre Evacuate Collection Set: 0.2ms
[2025-01-08T01:11:30.919+0000][103561.285s][info][gc,phases   ] GC(4392)   Merge Heap Roots: 0.7ms
[2025-01-08T01:11:30.919+0000][103561.285s][info][gc,phases   ] GC(4392)   Evacuate Collection Set: 31.7ms
[2025-01-08T01:11:30.919+0000][103561.285s][info][gc,phases   ] GC(4392)   Post Evacuate Collection Set: 2.8ms
[2025-01-08T01:11:30.919+0000][103561.285s][info][gc,phases   ] GC(4392)   Other: 0.2ms
[2025-01-08T01:11:30.919+0000][103561.285s][info][gc,heap     ] GC(4392) Eden regions: 906->0(67)
[2025-01-08T01:11:30.919+0000][103561.285s][info][gc,heap     ] GC(4392) Survivor regions: 9->9(115)
[2025-01-08T01:11:30.919+0000][103561.285s][info][gc,heap     ] GC(4392) Old regions: 250->250
[2025-01-08T01:11:30.919+0000][103561.285s][info][gc,heap     ] GC(4392) Archive regions: 2->2
[2025-01-08T01:11:30.919+0000][103561.285s][info][gc,heap     ] GC(4392) Humongous regions: 49->49
[2025-01-08T01:11:30.919+0000][103561.285s][info][gc,metaspace] GC(4392) Metaspace: 506216K(515008K)->506216K(515008K) NonClass: 444608K(449024K)->444608K(449024K) Class: 61608K(65984K)->61608K(65984K)
[2025-01-08T01:11:30.919+0000][103561.285s][info][gc          ] GC(4392) Pause Young (Prepare Mixed) (G1 Evacuation Pause) 9711M->2468M(12288M) 35.640ms
[2025-01-08T01:11:30.919+0000][103561.285s][info][gc,cpu      ] GC(4392) User=0.20s Sys=0.00s Real=0.03s
[2025-01-08T01:11:31.291+0000][103561.658s][info][gc,start    ] GC(4393) Pause Young (Mixed) (G1 Evacuation Pause)
[2025-01-08T01:11:31.291+0000][103561.658s][info][gc,task     ] GC(4393) Using 6 workers of 6 for evacuation
[2025-01-08T01:11:31.352+0000][103561.718s][info][gc,phases   ] GC(4393)   Pre Evacuate Collection Set: 0.2ms
[2025-01-08T01:11:31.352+0000][103561.718s][info][gc,phases   ] GC(4393)   Merge Heap Roots: 0.7ms
[2025-01-08T01:11:31.352+0000][103561.718s][info][gc,phases   ] GC(4393)   Evacuate Collection Set: 57.8ms
[2025-01-08T01:11:31.352+0000][103561.718s][info][gc,phases   ] GC(4393)   Post Evacuate Collection Set: 1.6ms
[2025-01-08T01:11:31.352+0000][103561.718s][info][gc,phases   ] GC(4393)   Other: 0.2ms
[2025-01-08T01:11:31.352+0000][103561.718s][info][gc,heap     ] GC(4393) Eden regions: 67->0(908)
[2025-01-08T01:11:31.352+0000][103561.718s][info][gc,heap     ] GC(4393) Survivor regions: 9->7(10)
[2025-01-08T01:11:31.352+0000][103561.718s][info][gc,heap     ] GC(4393) Old regions: 250->250
[2025-01-08T01:11:31.352+0000][103561.718s][info][gc,heap     ] GC(4393) Archive regions: 2->2
[2025-01-08T01:11:31.352+0000][103561.718s][info][gc,heap     ] GC(4393) Humongous regions: 49->49
[2025-01-08T01:11:31.352+0000][103561.718s][info][gc,metaspace] GC(4393) Metaspace: 506216K(515008K)->506216K(515008K) NonClass: 444608K(449024K)->444608K(449024K) Class: 61608K(65984K)->61608K(65984K)
[2025-01-08T01:11:31.352+0000][103561.718s][info][gc          ] GC(4393) Pause Young (Mixed) (G1 Evacuation Pause) 3004M->2445M(12288M) 60.594ms
[2025-01-08T01:11:31.352+0000][103561.718s][info][gc,cpu      ] GC(4393) User=0.36s Sys=0.00s Real=0.06s
[2025-01-08T01:11:38.012+0000][103568.378s][info][gc,start    ] GC(4394) Pause Young (Normal) (G1 Evacuation Pause)
[2025-01-08T01:11:38.012+0000][103568.378s][info][gc,task     ] GC(4394) Using 6 workers of 6 for evacuation
[2025-01-08T01:11:38.041+0000][103568.407s][info][gc,phases   ] GC(4394)   Pre Evacuate Collection Set: 0.2ms
[2025-01-08T01:11:38.041+0000][103568.407s][info][gc,phases   ] GC(4394)   Merge Heap Roots: 0.5ms
[2025-01-08T01:11:38.041+0000][103568.407s][info][gc,phases   ] GC(4394)   Evacuate Collection Set: 25.8ms
[2025-01-08T01:11:38.041+0000][103568.407s][info][gc,phases   ] GC(4394)   Post Evacuate Collection Set: 2.4ms
[2025-01-08T01:11:38.041+0000][103568.407s][info][gc,phases   ] GC(4394)   Other: 0.2ms
[2025-01-08T01:11:38.041+0000][103568.408s][info][gc,heap     ] GC(4394) Eden regions: 908->0(908)
[2025-01-08T01:11:38.041+0000][103568.408s][info][gc,heap     ] GC(4394) Survivor regions: 7->7(115)
[2025-01-08T01:11:38.041+0000][103568.408s][info][gc,heap     ] GC(4394) Old regions: 250->250
[2025-01-08T01:11:38.041+0000][103568.408s][info][gc,heap     ] GC(4394) Archive regions: 2->2
[2025-01-08T01:11:38.041+0000][103568.408s][info][gc,heap     ] GC(4394) Humongous regions: 49->49
[2025-01-08T01:11:38.041+0000][103568.408s][info][gc,metaspace] GC(4394) Metaspace: 506216K(515008K)->506216K(515008K) NonClass: 444608K(449024K)->444608K(449024K) Class: 61608K(65984K)->61608K(65984K)
[2025-01-08T01:11:38.041+0000][103568.408s][info][gc          ] GC(4394) Pause Young (Normal) (G1 Evacuation Pause) 9709M->2448M(12288M) 29.225ms
[2025-01-08T01:11:38.042+0000][103568.408s][info][gc,cpu      ] GC(4394) User=0.17s Sys=0.00s Real=0.03s
[2025-01-08T01:11:43.494+0000][103573.860s][info][gc,start    ] GC(4395) Pause Young (Normal) (G1 Evacuation Pause)
[2025-01-08T01:11:43.494+0000][103573.860s][info][gc,task     ] GC(4395) Using 6 workers of 6 for evacuation
[2025-01-08T01:11:43.524+0000][103573.890s][info][gc,phases   ] GC(4395)   Pre Evacuate Collection Set: 0.2ms
[2025-01-08T01:11:43.524+0000][103573.890s][info][gc,phases   ] GC(4395)   Merge Heap Roots: 0.5ms
[2025-01-08T01:11:43.524+0000][103573.890s][info][gc,phases   ] GC(4395)   Evacuate Collection Set: 26.1ms
[2025-01-08T01:11:43.524+0000][103573.890s][info][gc,phases   ] GC(4395)   Post Evacuate Collection Set: 2.4ms
[2025-01-08T01:11:43.524+0000][103573.890s][info][gc,phases   ] GC(4395)   Other: 0.2ms
[2025-01-08T01:11:43.524+0000][103573.890s][info][gc,heap     ] GC(4395) Eden regions: 908->0(909)
[2025-01-08T01:11:43.524+0000][103573.890s][info][gc,heap     ] GC(4395) Survivor regions: 7->8(115)
[2025-01-08T01:11:43.524+0000][103573.890s][info][gc,heap     ] GC(4395) Old regions: 250->250
[2025-01-08T01:11:43.524+0000][103573.890s][info][gc,heap     ] GC(4395) Archive regions: 2->2
[2025-01-08T01:11:43.524+0000][103573.890s][info][gc,heap     ] GC(4395) Humongous regions: 49->49
[2025-01-08T01:11:43.524+0000][103573.890s][info][gc,metaspace] GC(4395) Metaspace: 506216K(515008K)->506216K(515008K) NonClass: 444608K(449024K)->444608K(449024K) Class: 61608K(65984K)->61608K(65984K)
[2025-01-08T01:11:43.524+0000][103573.890s][info][gc          ] GC(4395) Pause Young (Normal) (G1 Evacuation Pause) 9712M->2454M(12288M) 29.506ms
[2025-01-08T01:11:43.524+0000][103573.890s][info][gc,cpu      ] GC(4395) User=0.17s Sys=0.00s Real=0.03s
[2025-01-08T01:11:50.142+0000][103580.508s][info][gc,start    ] GC(4396) Pause Young (Concurrent Start) (G1 Evacuation Pause)
[2025-01-08T01:11:50.142+0000][103580.508s][info][gc,task     ] GC(4396) Using 6 workers of 6 for evacuation
[2025-01-08T01:11:50.179+0000][103580.545s][info][gc,phases   ] GC(4396)   Pre Evacuate Collection Set: 1.1ms
[2025-01-08T01:11:50.179+0000][103580.545s][info][gc,phases   ] GC(4396)   Merge Heap Roots: 0.5ms
[2025-01-08T01:11:50.179+0000][103580.545s][info][gc,phases   ] GC(4396)   Evacuate Collection Set: 29.9ms
[2025-01-08T01:11:50.179+0000][103580.545s][info][gc,phases   ] GC(4396)   Post Evacuate Collection Set: 5.2ms
[2025-01-08T01:11:50.179+0000][103580.545s][info][gc,phases   ] GC(4396)   Other: 0.3ms
[2025-01-08T01:11:50.179+0000][103580.545s][info][gc,heap     ] GC(4396) Eden regions: 909->0(905)
[2025-01-08T01:11:50.179+0000][103580.545s][info][gc,heap     ] GC(4396) Survivor regions: 8->10(115)
[2025-01-08T01:11:50.179+0000][103580.545s][info][gc,heap     ] GC(4396) Old regions: 250->250
[2025-01-08T01:11:50.179+0000][103580.545s][info][gc,heap     ] GC(4396) Archive regions: 2->2
[2025-01-08T01:11:50.179+0000][103580.545s][info][gc,heap     ] GC(4396) Humongous regions: 49->49
[2025-01-08T01:11:50.179+0000][103580.545s][info][gc,metaspace] GC(4396) Metaspace: 506216K(515008K)->506216K(515008K) NonClass: 444608K(449024K)->444608K(449024K) Class: 61608K(65984K)->61608K(65984K)
[2025-01-08T01:11:50.179+0000][103580.545s][info][gc          ] GC(4396) Pause Young (Concurrent Start) (G1 Evacuation Pause) 9726M->2472M(12288M) 37.094ms
[2025-01-08T01:11:50.179+0000][103580.545s][info][gc,cpu      ] GC(4396) User=0.22s Sys=0.00s Real=0.03s
[2025-01-08T01:11:50.179+0000][103580.545s][info][gc          ] GC(4397) Concurrent Mark Cycle
[2025-01-08T01:11:50.179+0000][103580.545s][info][gc,marking  ] GC(4397) Concurrent Clear Claimed Marks
[2025-01-08T01:11:50.180+0000][103580.546s][info][gc,marking  ] GC(4397) Concurrent Clear Claimed Marks 0.896ms
[2025-01-08T01:11:50.180+0000][103580.546s][info][gc,marking  ] GC(4397) Concurrent Scan Root Regions
[2025-01-08T01:11:50.202+0000][103580.569s][info][gc,marking  ] GC(4397) Concurrent Scan Root Regions 22.480ms
[2025-01-08T01:11:50.202+0000][103580.569s][info][gc,marking  ] GC(4397) Concurrent Mark
[2025-01-08T01:11:50.202+0000][103580.569s][info][gc,marking  ] GC(4397) Concurrent Mark From Roots
[2025-01-08T01:11:50.202+0000][103580.569s][info][gc,task     ] GC(4397) Using 2 workers of 2 for marking
[2025-01-08T01:11:51.032+0000][103581.398s][info][gc,marking  ] GC(4397) Concurrent Mark From Roots 829.871ms
[2025-01-08T01:11:51.032+0000][103581.398s][info][gc,marking  ] GC(4397) Concurrent Preclean
[2025-01-08T01:11:51.034+0000][103581.400s][info][gc,marking  ] GC(4397) Concurrent Preclean 1.851ms
[2025-01-08T01:11:51.034+0000][103581.400s][info][gc,start    ] GC(4397) Pause Remark
[2025-01-08T01:11:51.060+0000][103581.426s][info][gc          ] GC(4397) Pause Remark 3184M->3184M(12288M) 26.028ms
[2025-01-08T01:11:51.060+0000][103581.427s][info][gc,cpu      ] GC(4397) User=0.15s Sys=0.00s Real=0.02s
[2025-01-08T01:11:51.061+0000][103581.427s][info][gc,marking  ] GC(4397) Concurrent Mark 858.111ms
[2025-01-08T01:11:51.061+0000][103581.427s][info][gc,marking  ] GC(4397) Concurrent Rebuild Remembered Sets
[2025-01-08T01:11:51.712+0000][103582.078s][info][gc,marking  ] GC(4397) Concurrent Rebuild Remembered Sets 651.707ms
[2025-01-08T01:11:51.712+0000][103582.079s][info][gc,start    ] GC(4397) Pause Cleanup
[2025-01-08T01:11:51.713+0000][103582.079s][info][gc          ] GC(4397) Pause Cleanup 3992M->3992M(12288M) 0.447ms
[2025-01-08T01:11:51.713+0000][103582.079s][info][gc,cpu      ] GC(4397) User=0.00s Sys=0.00s Real=0.00s
[2025-01-08T01:11:51.713+0000][103582.079s][info][gc,marking  ] GC(4397) Concurrent Cleanup for Next Mark
[2025-01-08T01:11:51.728+0000][103582.094s][info][gc,marking  ] GC(4397) Concurrent Cleanup for Next Mark 15.392ms
[2025-01-08T01:11:51.728+0000][103582.095s][info][gc          ] GC(4397) Concurrent Mark Cycle 1549.421ms
[2025-01-08T01:11:55.369+0000][103585.735s][info][gc,start    ] GC(4398) Pause Young (Prepare Mixed) (G1 Evacuation Pause)
[2025-01-08T01:11:55.369+0000][103585.735s][info][gc,task     ] GC(4398) Using 6 workers of 6 for evacuation
[2025-01-08T01:11:55.408+0000][103585.774s][info][gc,phases   ] GC(4398)   Pre Evacuate Collection Set: 0.2ms
[2025-01-08T01:11:55.408+0000][103585.774s][info][gc,phases   ] GC(4398)   Merge Heap Roots: 0.7ms
[2025-01-08T01:11:55.408+0000][103585.774s][info][gc,phases   ] GC(4398)   Evacuate Collection Set: 35.6ms
[2025-01-08T01:11:55.408+0000][103585.774s][info][gc,phases   ] GC(4398)   Post Evacuate Collection Set: 2.5ms
[2025-01-08T01:11:55.408+0000][103585.774s][info][gc,phases   ] GC(4398)   Other: 0.2ms
[2025-01-08T01:11:55.408+0000][103585.774s][info][gc,heap     ] GC(4398) Eden regions: 905->0(65)
[2025-01-08T01:11:55.408+0000][103585.774s][info][gc,heap     ] GC(4398) Survivor regions: 10->11(115)
[2025-01-08T01:11:55.408+0000][103585.774s][info][gc,heap     ] GC(4398) Old regions: 250->250
[2025-01-08T01:11:55.408+0000][103585.774s][info][gc,heap     ] GC(4398) Archive regions: 2->2
[2025-01-08T01:11:55.408+0000][103585.774s][info][gc,heap     ] GC(4398) Humongous regions: 49->49
[2025-01-08T01:11:55.408+0000][103585.774s][info][gc,metaspace] GC(4398) Metaspace: 506216K(515008K)->506216K(515008K) NonClass: 444608K(449024K)->444608K(449024K) Class: 61608K(65984K)->61608K(65984K)
[2025-01-08T01:11:55.408+0000][103585.774s][info][gc          ] GC(4398) Pause Young (Prepare Mixed) (G1 Evacuation Pause) 9712M->2483M(12288M) 39.297ms
[2025-01-08T01:11:55.408+0000][103585.774s][info][gc,cpu      ] GC(4398) User=0.23s Sys=0.00s Real=0.04s
[2025-01-08T01:11:55.696+0000][103586.062s][info][gc,start    ] GC(4399) Pause Young (Mixed) (G1 Evacuation Pause)
[2025-01-08T01:11:55.696+0000][103586.062s][info][gc,task     ] GC(4399) Using 6 workers of 6 for evacuation
[2025-01-08T01:11:55.739+0000][103586.105s][info][gc,phases   ] GC(4399)   Pre Evacuate Collection Set: 0.2ms
[2025-01-08T01:11:55.739+0000][103586.105s][info][gc,phases   ] GC(4399)   Merge Heap Roots: 0.4ms
[2025-01-08T01:11:55.739+0000][103586.105s][info][gc,phases   ] GC(4399)   Evacuate Collection Set: 40.8ms
[2025-01-08T01:11:55.739+0000][103586.105s][info][gc,phases   ] GC(4399)   Post Evacuate Collection Set: 1.6ms
[2025-01-08T01:11:55.739+0000][103586.105s][info][gc,phases   ] GC(4399)   Other: 0.2ms
[2025-01-08T01:11:55.739+0000][103586.105s][info][gc,heap     ] GC(4399) Eden regions: 65->0(909)
[2025-01-08T01:11:55.739+0000][103586.105s][info][gc,heap     ] GC(4399) Survivor regions: 11->5(10)
[2025-01-08T01:11:55.739+0000][103586.105s][info][gc,heap     ] GC(4399) Old regions: 250->249
[2025-01-08T01:11:55.739+0000][103586.105s][info][gc,heap     ] GC(4399) Archive regions: 2->2
[2025-01-08T01:11:55.739+0000][103586.105s][info][gc,heap     ] GC(4399) Humongous regions: 49->49
[2025-01-08T01:11:55.739+0000][103586.105s][info][gc,metaspace] GC(4399) Metaspace: 506216K(515008K)->506216K(515008K) NonClass: 444608K(449024K)->444608K(449024K) Class: 61608K(65984K)->61608K(65984K)
[2025-01-08T01:11:55.739+0000][103586.105s][info][gc          ] GC(4399) Pause Young (Mixed) (G1 Evacuation Pause) 3003M->2427M(12288M) 43.208ms
[2025-01-08T01:11:55.739+0000][103586.105s][info][gc,cpu      ] GC(4399) User=0.26s Sys=0.00s Real=0.04s
[2025-01-08T01:12:00.258+0000][103590.624s][info][gc,start    ] GC(4400) Pause Young (Normal) (G1 Evacuation Pause)
[2025-01-08T01:12:00.258+0000][103590.624s][info][gc,task     ] GC(4400) Using 6 workers of 6 for evacuation
[2025-01-08T01:12:00.283+0000][103590.649s][info][gc,phases   ] GC(4400)   Pre Evacuate Collection Set: 0.2ms
[2025-01-08T01:12:00.283+0000][103590.649s][info][gc,phases   ] GC(4400)   Merge Heap Roots: 0.4ms
[2025-01-08T01:12:00.283+0000][103590.649s][info][gc,phases   ] GC(4400)   Evacuate Collection Set: 20.4ms
[2025-01-08T01:12:00.283+0000][103590.649s][info][gc,phases   ] GC(4400)   Post Evacuate Collection Set: 3.7ms
[2025-01-08T01:12:00.283+0000][103590.649s][info][gc,phases   ] GC(4400)   Other: 0.2ms
[2025-01-08T01:12:00.283+0000][103590.649s][info][gc,heap     ] GC(4400) Eden regions: 909->0(909)
[2025-01-08T01:12:00.283+0000][103590.649s][info][gc,heap     ] GC(4400) Survivor regions: 5->6(115)
[2025-01-08T01:12:00.283+0000][103590.649s][info][gc,heap     ] GC(4400) Old regions: 249->249
[2025-01-08T01:12:00.283+0000][103590.649s][info][gc,heap     ] GC(4400) Archive regions: 2->2
[2025-01-08T01:12:00.283+0000][103590.649s][info][gc,heap     ] GC(4400) Humongous regions: 49->49
[2025-01-08T01:12:00.283+0000][103590.649s][info][gc,metaspace] GC(4400) Metaspace: 506216K(515008K)->506216K(515008K) NonClass: 444608K(449024K)->444608K(449024K) Class: 61608K(65984K)->61608K(65984K)
[2025-01-08T01:12:00.283+0000][103590.649s][info][gc          ] GC(4400) Pause Young (Normal) (G1 Evacuation Pause) 9699M->2435M(12288M) 25.052ms
[2025-01-08T01:12:00.283+0000][103590.649s][info][gc,cpu      ] GC(4400) User=0.14s Sys=0.00s Real=0.03s
[2025-01-08T01:12:05.222+0000][103595.588s][info][gc,start    ] GC(4401) Pause Young (Normal) (G1 Evacuation Pause)
[2025-01-08T01:12:05.222+0000][103595.588s][info][gc,task     ] GC(4401) Using 6 workers of 6 for evacuation
[2025-01-08T01:12:05.245+0000][103595.611s][info][gc,phases   ] GC(4401)   Pre Evacuate Collection Set: 0.2ms
[2025-01-08T01:12:05.245+0000][103595.611s][info][gc,phases   ] GC(4401)   Merge Heap Roots: 0.4ms
[2025-01-08T01:12:05.245+0000][103595.611s][info][gc,phases   ] GC(4401)   Evacuate Collection Set: 20.3ms
[2025-01-08T01:12:05.245+0000][103595.611s][info][gc,phases   ] GC(4401)   Post Evacuate Collection Set: 2.4ms
[2025-01-08T01:12:05.245+0000][103595.611s][info][gc,phases   ] GC(4401)   Other: 0.2ms
[2025-01-08T01:12:05.245+0000][103595.611s][info][gc,heap     ] GC(4401) Eden regions: 909->0(911)
[2025-01-08T01:12:05.245+0000][103595.611s][info][gc,heap     ] GC(4401) Survivor regions: 6->6(115)
[2025-01-08T01:12:05.245+0000][103595.611s][info][gc,heap     ] GC(4401) Old regions: 249->249
[2025-01-08T01:12:05.245+0000][103595.611s][info][gc,heap     ] GC(4401) Archive regions: 2->2
[2025-01-08T01:12:05.245+0000][103595.611s][info][gc,heap     ] GC(4401) Humongous regions: 49->49
[2025-01-08T01:12:05.245+0000][103595.611s][info][gc,metaspace] GC(4401) Metaspace: 506216K(515008K)->506216K(515008K) NonClass: 444608K(449024K)->444608K(449024K) Class: 61608K(65984K)->61608K(65984K)
[2025-01-08T01:12:05.245+0000][103595.611s][info][gc          ] GC(4401) Pause Young (Normal) (G1 Evacuation Pause) 9707M->2433M(12288M) 23.566ms
[2025-01-08T01:12:05.245+0000][103595.611s][info][gc,cpu      ] GC(4401) User=0.14s Sys=0.00s Real=0.02s
[2025-01-08T01:12:11.398+0000][103601.764s][info][gc,start    ] GC(4402) Pause Young (Concurrent Start) (G1 Evacuation Pause)
[2025-01-08T01:12:11.398+0000][103601.764s][info][gc,task     ] GC(4402) Using 6 workers of 6 for evacuation
[2025-01-08T01:12:11.427+0000][103601.793s][info][gc,phases   ] GC(4402)   Pre Evacuate Collection Set: 1.1ms
[2025-01-08T01:12:11.427+0000][103601.794s][info][gc,phases   ] GC(4402)   Merge Heap Roots: 0.5ms
[2025-01-08T01:12:11.427+0000][103601.794s][info][gc,phases   ] GC(4402)   Evacuate Collection Set: 25.5ms
[2025-01-08T01:12:11.427+0000][103601.794s][info][gc,phases   ] GC(4402)   Post Evacuate Collection Set: 2.5ms
[2025-01-08T01:12:11.427+0000][103601.794s][info][gc,phases   ] GC(4402)   Other: 0.3ms
[2025-01-08T01:12:11.427+0000][103601.794s][info][gc,heap     ] GC(4402) Eden regions: 911->0(909)
[2025-01-08T01:12:11.427+0000][103601.794s][info][gc,heap     ] GC(4402) Survivor regions: 6->7(115)
[2025-01-08T01:12:11.427+0000][103601.794s][info][gc,heap     ] GC(4402) Old regions: 249->249
[2025-01-08T01:12:11.427+0000][103601.794s][info][gc,heap     ] GC(4402) Archive regions: 2->2
[2025-01-08T01:12:11.427+0000][103601.794s][info][gc,heap     ] GC(4402) Humongous regions: 49->49
[2025-01-08T01:12:11.427+0000][103601.794s][info][gc,metaspace] GC(4402) Metaspace: 506216K(515008K)->506216K(515008K) NonClass: 444608K(449024K)->444608K(449024K) Class: 61608K(65984K)->61608K(65984K)
[2025-01-08T01:12:11.428+0000][103601.794s][info][gc          ] GC(4402) Pause Young (Concurrent Start) (G1 Evacuation Pause) 9721M->2443M(12288M) 29.944ms
[2025-01-08T01:12:11.428+0000][103601.794s][info][gc,cpu      ] GC(4402) User=0.17s Sys=0.00s Real=0.03s
[2025-01-08T01:12:11.428+0000][103601.794s][info][gc          ] GC(4403) Concurrent Mark Cycle
[2025-01-08T01:12:11.428+0000][103601.794s][info][gc,marking  ] GC(4403) Concurrent Clear Claimed Marks
[2025-01-08T01:12:11.429+0000][103601.795s][info][gc,marking  ] GC(4403) Concurrent Clear Claimed Marks 0.955ms
[2025-01-08T01:12:11.429+0000][103601.795s][info][gc,marking  ] GC(4403) Concurrent Scan Root Regions
[2025-01-08T01:12:11.448+0000][103601.814s][info][gc,marking  ] GC(4403) Concurrent Scan Root Regions 19.720ms
[2025-01-08T01:12:11.448+0000][103601.814s][info][gc,marking  ] GC(4403) Concurrent Mark
[2025-01-08T01:12:11.448+0000][103601.814s][info][gc,marking  ] GC(4403) Concurrent Mark From Roots
[2025-01-08T01:12:11.448+0000][103601.814s][info][gc,task     ] GC(4403) Using 2 workers of 2 for marking
[2025-01-08T01:12:12.513+0000][103602.879s][info][gc,marking  ] GC(4403) Concurrent Mark From Roots 1064.508ms
[2025-01-08T01:12:12.513+0000][103602.879s][info][gc,marking  ] GC(4403) Concurrent Preclean
[2025-01-08T01:12:12.515+0000][103602.881s][info][gc,marking  ] GC(4403) Concurrent Preclean 1.957ms
[2025-01-08T01:12:12.515+0000][103602.881s][info][gc,start    ] GC(4403) Pause Remark
[2025-01-08T01:12:12.541+0000][103602.907s][info][gc          ] GC(4403) Pause Remark 3871M->3871M(12288M) 26.182ms
[2025-01-08T01:12:12.541+0000][103602.907s][info][gc,cpu      ] GC(4403) User=0.15s Sys=0.00s Real=0.02s
[2025-01-08T01:12:12.541+0000][103602.907s][info][gc,marking  ] GC(4403) Concurrent Mark 1093.016ms
[2025-01-08T01:12:12.541+0000][103602.907s][info][gc,marking  ] GC(4403) Concurrent Rebuild Remembered Sets
[2025-01-08T01:12:13.240+0000][103603.606s][info][gc,marking  ] GC(4403) Concurrent Rebuild Remembered Sets 698.214ms
[2025-01-08T01:12:13.240+0000][103603.606s][info][gc,start    ] GC(4403) Pause Cleanup
[2025-01-08T01:12:13.240+0000][103603.606s][info][gc          ] GC(4403) Pause Cleanup 4723M->4723M(12288M) 0.439ms
[2025-01-08T01:12:13.240+0000][103603.606s][info][gc,cpu      ] GC(4403) User=0.00s Sys=0.00s Real=0.00s
[2025-01-08T01:12:13.240+0000][103603.606s][info][gc,marking  ] GC(4403) Concurrent Cleanup for Next Mark
[2025-01-08T01:12:13.257+0000][103603.623s][info][gc,marking  ] GC(4403) Concurrent Cleanup for Next Mark 16.910ms
[2025-01-08T01:12:13.257+0000][103603.623s][info][gc          ] GC(4403) Concurrent Mark Cycle 1829.693ms
[2025-01-08T01:12:17.262+0000][103607.628s][info][gc,start    ] GC(4404) Pause Young (Prepare Mixed) (G1 Evacuation Pause)
[2025-01-08T01:12:17.262+0000][103607.628s][info][gc,task     ] GC(4404) Using 6 workers of 6 for evacuation
[2025-01-08T01:12:17.294+0000][103607.660s][info][gc,phases   ] GC(4404)   Pre Evacuate Collection Set: 0.2ms
[2025-01-08T01:12:17.294+0000][103607.660s][info][gc,phases   ] GC(4404)   Merge Heap Roots: 0.7ms
[2025-01-08T01:12:17.294+0000][103607.660s][info][gc,phases   ] GC(4404)   Evacuate Collection Set: 28.6ms
[2025-01-08T01:12:17.294+0000][103607.660s][info][gc,phases   ] GC(4404)   Post Evacuate Collection Set: 2.5ms
[2025-01-08T01:12:17.294+0000][103607.660s][info][gc,phases   ] GC(4404)   Other: 0.2ms
[2025-01-08T01:12:17.294+0000][103607.660s][info][gc,heap     ] GC(4404) Eden regions: 909->0(67)
[2025-01-08T01:12:17.294+0000][103607.660s][info][gc,heap     ] GC(4404) Survivor regions: 7->9(115)
[2025-01-08T01:12:17.294+0000][103607.660s][info][gc,heap     ] GC(4404) Old regions: 249->249
[2025-01-08T01:12:17.294+0000][103607.660s][info][gc,heap     ] GC(4404) Archive regions: 2->2
[2025-01-08T01:12:17.294+0000][103607.660s][info][gc,heap     ] GC(4404) Humongous regions: 49->49
[2025-01-08T01:12:17.294+0000][103607.660s][info][gc,metaspace] GC(4404) Metaspace: 506216K(515008K)->506216K(515008K) NonClass: 444608K(449024K)->444608K(449024K) Class: 61608K(65984K)->61608K(65984K)
[2025-01-08T01:12:17.294+0000][103607.660s][info][gc          ] GC(4404) Pause Young (Prepare Mixed) (G1 Evacuation Pause) 9715M->2453M(12288M) 32.379ms
[2025-01-08T01:12:17.294+0000][103607.660s][info][gc,cpu      ] GC(4404) User=0.19s Sys=0.00s Real=0.03s
[2025-01-08T01:12:17.896+0000][103608.262s][info][gc,start    ] GC(4405) Pause Young (Mixed) (G1 Evacuation Pause)
[2025-01-08T01:12:17.896+0000][103608.262s][info][gc,task     ] GC(4405) Using 6 workers of 6 for evacuation
[2025-01-08T01:12:17.942+0000][103608.308s][info][gc,phases   ] GC(4405)   Pre Evacuate Collection Set: 0.2ms
[2025-01-08T01:12:17.942+0000][103608.308s][info][gc,phases   ] GC(4405)   Merge Heap Roots: 0.5ms
[2025-01-08T01:12:17.942+0000][103608.308s][info][gc,phases   ] GC(4405)   Evacuate Collection Set: 43.2ms
[2025-01-08T01:12:17.942+0000][103608.308s][info][gc,phases   ] GC(4405)   Post Evacuate Collection Set: 1.7ms
[2025-01-08T01:12:17.942+0000][103608.308s][info][gc,phases   ] GC(4405)   Other: 0.2ms
[2025-01-08T01:12:17.942+0000][103608.308s][info][gc,heap     ] GC(4405) Eden regions: 67->0(912)
[2025-01-08T01:12:17.942+0000][103608.308s][info][gc,heap     ] GC(4405) Survivor regions: 9->6(10)
[2025-01-08T01:12:17.942+0000][103608.308s][info][gc,heap     ] GC(4405) Old regions: 249->247
[2025-01-08T01:12:17.942+0000][103608.308s][info][gc,heap     ] GC(4405) Archive regions: 2->2
[2025-01-08T01:12:17.942+0000][103608.308s][info][gc,heap     ] GC(4405) Humongous regions: 49->49
[2025-01-08T01:12:17.942+0000][103608.308s][info][gc,metaspace] GC(4405) Metaspace: 506216K(515008K)->506216K(515008K) NonClass: 444608K(449024K)->444608K(449024K) Class: 61608K(65984K)->61608K(65984K)
[2025-01-08T01:12:17.942+0000][103608.308s][info][gc          ] GC(4405) Pause Young (Mixed) (G1 Evacuation Pause) 2989M->2417M(12288M) 45.774ms
[2025-01-08T01:12:17.942+0000][103608.308s][info][gc,cpu      ] GC(4405) User=0.26s Sys=0.00s Real=0.05s
[2025-01-08T01:12:26.550+0000][103616.916s][info][gc,start    ] GC(4406) Pause Young (Normal) (G1 Evacuation Pause)
[2025-01-08T01:12:26.550+0000][103616.916s][info][gc,task     ] GC(4406) Using 6 workers of 6 for evacuation
[2025-01-08T01:12:26.580+0000][103616.946s][info][gc,phases   ] GC(4406)   Pre Evacuate Collection Set: 0.2ms
[2025-01-08T01:12:26.580+0000][103616.946s][info][gc,phases   ] GC(4406)   Merge Heap Roots: 0.5ms
[2025-01-08T01:12:26.580+0000][103616.946s][info][gc,phases   ] GC(4406)   Evacuate Collection Set: 26.2ms
[2025-01-08T01:12:26.580+0000][103616.946s][info][gc,phases   ] GC(4406)   Post Evacuate Collection Set: 2.6ms
[2025-01-08T01:12:26.580+0000][103616.946s][info][gc,phases   ] GC(4406)   Other: 0.2ms
[2025-01-08T01:12:26.580+0000][103616.946s][info][gc,heap     ] GC(4406) Eden regions: 912->0(911)
[2025-01-08T01:12:26.580+0000][103616.946s][info][gc,heap     ] GC(4406) Survivor regions: 6->7(115)
[2025-01-08T01:12:26.580+0000][103616.946s][info][gc,heap     ] GC(4406) Old regions: 247->247
[2025-01-08T01:12:26.580+0000][103616.946s][info][gc,heap     ] GC(4406) Archive regions: 2->2
[2025-01-08T01:12:26.580+0000][103616.946s][info][gc,heap     ] GC(4406) Humongous regions: 49->49
[2025-01-08T01:12:26.580+0000][103616.946s][info][gc,metaspace] GC(4406) Metaspace: 506216K(515008K)->506216K(515008K) NonClass: 444608K(449024K)->444608K(449024K) Class: 61608K(65984K)->61608K(65984K)
[2025-01-08T01:12:26.580+0000][103616.946s][info][gc          ] GC(4406) Pause Young (Normal) (G1 Evacuation Pause) 9713M->2428M(12288M) 29.812ms
[2025-01-08T01:12:26.580+0000][103616.946s][info][gc,cpu      ] GC(4406) User=0.17s Sys=0.00s Real=0.02s
[2025-01-08T01:12:34.125+0000][103624.491s][info][gc,start    ] GC(4407) Pause Young (Normal) (G1 Evacuation Pause)
[2025-01-08T01:12:34.125+0000][103624.491s][info][gc,task     ] GC(4407) Using 6 workers of 6 for evacuation
[2025-01-08T01:12:34.160+0000][103624.526s][info][gc,phases   ] GC(4407)   Pre Evacuate Collection Set: 0.2ms
[2025-01-08T01:12:34.160+0000][103624.526s][info][gc,phases   ] GC(4407)   Merge Heap Roots: 0.5ms
[2025-01-08T01:12:34.160+0000][103624.526s][info][gc,phases   ] GC(4407)   Evacuate Collection Set: 30.8ms
[2025-01-08T01:12:34.160+0000][103624.526s][info][gc,phases   ] GC(4407)   Post Evacuate Collection Set: 2.9ms
[2025-01-08T01:12:34.160+0000][103624.526s][info][gc,phases   ] GC(4407)   Other: 0.2ms
[2025-01-08T01:12:34.160+0000][103624.526s][info][gc,heap     ] GC(4407) Eden regions: 911->0(910)
[2025-01-08T01:12:34.160+0000][103624.526s][info][gc,heap     ] GC(4407) Survivor regions: 7->9(115)
[2025-01-08T01:12:34.160+0000][103624.526s][info][gc,heap     ] GC(4407) Old regions: 247->247
[2025-01-08T01:12:34.160+0000][103624.526s][info][gc,heap     ] GC(4407) Archive regions: 2->2
[2025-01-08T01:12:34.160+0000][103624.526s][info][gc,heap     ] GC(4407) Humongous regions: 49->49
[2025-01-08T01:12:34.160+0000][103624.526s][info][gc,metaspace] GC(4407) Metaspace: 506216K(515008K)->506216K(515008K) NonClass: 444608K(449024K)->444608K(449024K) Class: 61608K(65984K)->61608K(65984K)
[2025-01-08T01:12:34.160+0000][103624.526s][info][gc          ] GC(4407) Pause Young (Normal) (G1 Evacuation Pause) 9716M->2444M(12288M) 34.662ms
[2025-01-08T01:12:34.160+0000][103624.526s][info][gc,cpu      ] GC(4407) User=0.20s Sys=0.00s Real=0.03s
[2025-01-08T01:12:42.008+0000][103632.375s][info][gc,start    ] GC(4408) Pause Young (Concurrent Start) (G1 Evacuation Pause)
[2025-01-08T01:12:42.009+0000][103632.375s][info][gc,task     ] GC(4408) Using 6 workers of 6 for evacuation
[2025-01-08T01:12:42.044+0000][103632.411s][info][gc,phases   ] GC(4408)   Pre Evacuate Collection Set: 1.1ms
[2025-01-08T01:12:42.044+0000][103632.411s][info][gc,phases   ] GC(4408)   Merge Heap Roots: 0.5ms
[2025-01-08T01:12:42.044+0000][103632.411s][info][gc,phases   ] GC(4408)   Evacuate Collection Set: 30.1ms
[2025-01-08T01:12:42.044+0000][103632.411s][info][gc,phases   ] GC(4408)   Post Evacuate Collection Set: 4.0ms
[2025-01-08T01:12:42.044+0000][103632.411s][info][gc,phases   ] GC(4408)   Other: 0.3ms
[2025-01-08T01:12:42.045+0000][103632.411s][info][gc,heap     ] GC(4408) Eden regions: 910->0(907)
[2025-01-08T01:12:42.045+0000][103632.411s][info][gc,heap     ] GC(4408) Survivor regions: 9->11(115)
[2025-01-08T01:12:42.045+0000][103632.411s][info][gc,heap     ] GC(4408) Old regions: 247->247
[2025-01-08T01:12:42.045+0000][103632.411s][info][gc,heap     ] GC(4408) Archive regions: 2->2
[2025-01-08T01:12:42.045+0000][103632.411s][info][gc,heap     ] GC(4408) Humongous regions: 49->49
[2025-01-08T01:12:42.045+0000][103632.411s][info][gc,metaspace] GC(4408) Metaspace: 506216K(515008K)->506216K(515008K) NonClass: 444608K(449024K)->444608K(449024K) Class: 61608K(65984K)->61608K(65984K)
[2025-01-08T01:12:42.045+0000][103632.411s][info][gc          ] GC(4408) Pause Young (Concurrent Start) (G1 Evacuation Pause) 9724M->2455M(12288M) 36.086ms
[2025-01-08T01:12:42.045+0000][103632.411s][info][gc,cpu      ] GC(4408) User=0.20s Sys=0.00s Real=0.04s
[2025-01-08T01:12:42.045+0000][103632.411s][info][gc          ] GC(4409) Concurrent Mark Cycle
[2025-01-08T01:12:42.045+0000][103632.411s][info][gc,marking  ] GC(4409) Concurrent Clear Claimed Marks
[2025-01-08T01:12:42.046+0000][103632.412s][info][gc,marking  ] GC(4409) Concurrent Clear Claimed Marks 0.950ms
[2025-01-08T01:12:42.046+0000][103632.412s][info][gc,marking  ] GC(4409) Concurrent Scan Root Regions
[2025-01-08T01:12:42.069+0000][103632.435s][info][gc,marking  ] GC(4409) Concurrent Scan Root Regions 23.487ms
[2025-01-08T01:12:42.069+0000][103632.435s][info][gc,marking  ] GC(4409) Concurrent Mark
[2025-01-08T01:12:42.069+0000][103632.435s][info][gc,marking  ] GC(4409) Concurrent Mark From Roots
[2025-01-08T01:12:42.069+0000][103632.435s][info][gc,task     ] GC(4409) Using 2 workers of 2 for marking
[2025-01-08T01:12:43.101+0000][103633.467s][info][gc,marking  ] GC(4409) Concurrent Mark From Roots 1031.597ms
[2025-01-08T01:12:43.101+0000][103633.467s][info][gc,marking  ] GC(4409) Concurrent Preclean
[2025-01-08T01:12:43.103+0000][103633.470s][info][gc,marking  ] GC(4409) Concurrent Preclean 2.626ms
[2025-01-08T01:12:43.104+0000][103633.470s][info][gc,start    ] GC(4409) Pause Remark
[2025-01-08T01:12:43.130+0000][103633.496s][info][gc          ] GC(4409) Pause Remark 3783M->3783M(12288M) 26.508ms
[2025-01-08T01:12:43.130+0000][103633.496s][info][gc,cpu      ] GC(4409) User=0.15s Sys=0.00s Real=0.03s
[2025-01-08T01:12:43.130+0000][103633.496s][info][gc,marking  ] GC(4409) Concurrent Mark 1061.135ms
[2025-01-08T01:12:43.130+0000][103633.496s][info][gc,marking  ] GC(4409) Concurrent Rebuild Remembered Sets
[2025-01-08T01:12:43.754+0000][103634.120s][info][gc,marking  ] GC(4409) Concurrent Rebuild Remembered Sets 623.684ms
[2025-01-08T01:12:43.754+0000][103634.120s][info][gc,start    ] GC(4409) Pause Cleanup
[2025-01-08T01:12:43.755+0000][103634.121s][info][gc          ] GC(4409) Pause Cleanup 4747M->4747M(12288M) 0.439ms
[2025-01-08T01:12:43.755+0000][103634.121s][info][gc,cpu      ] GC(4409) User=0.00s Sys=0.00s Real=0.00s
[2025-01-08T01:12:43.755+0000][103634.121s][info][gc,marking  ] GC(4409) Concurrent Cleanup for Next Mark
[2025-01-08T01:12:43.783+0000][103634.149s][info][gc,marking  ] GC(4409) Concurrent Cleanup for Next Mark 28.158ms
[2025-01-08T01:12:43.783+0000][103634.149s][info][gc          ] GC(4409) Concurrent Mark Cycle 1738.221ms
[2025-01-08T01:12:48.006+0000][103638.372s][info][gc,start    ] GC(4410) Pause Young (Prepare Mixed) (G1 Evacuation Pause)
[2025-01-08T01:12:48.006+0000][103638.372s][info][gc,task     ] GC(4410) Using 6 workers of 6 for evacuation
[2025-01-08T01:12:48.044+0000][103638.410s][info][gc,phases   ] GC(4410)   Pre Evacuate Collection Set: 0.2ms
[2025-01-08T01:12:48.044+0000][103638.410s][info][gc,phases   ] GC(4410)   Merge Heap Roots: 0.7ms
[2025-01-08T01:12:48.044+0000][103638.410s][info][gc,phases   ] GC(4410)   Evacuate Collection Set: 33.0ms
[2025-01-08T01:12:48.044+0000][103638.410s][info][gc,phases   ] GC(4410)   Post Evacuate Collection Set: 4.0ms
[2025-01-08T01:12:48.044+0000][103638.410s][info][gc,phases   ] GC(4410)   Other: 0.2ms
[2025-01-08T01:12:48.044+0000][103638.410s][info][gc,heap     ] GC(4410) Eden regions: 907->0(64)
[2025-01-08T01:12:48.044+0000][103638.410s][info][gc,heap     ] GC(4410) Survivor regions: 11->12(115)
[2025-01-08T01:12:48.044+0000][103638.410s][info][gc,heap     ] GC(4410) Old regions: 247->247
[2025-01-08T01:12:48.044+0000][103638.410s][info][gc,heap     ] GC(4410) Archive regions: 2->2
[2025-01-08T01:12:48.044+0000][103638.410s][info][gc,heap     ] GC(4410) Humongous regions: 49->49
[2025-01-08T01:12:48.044+0000][103638.410s][info][gc,metaspace] GC(4410) Metaspace: 506216K(515008K)->506216K(515008K) NonClass: 444608K(449024K)->444608K(449024K) Class: 61608K(65984K)->61608K(65984K)
[2025-01-08T01:12:48.044+0000][103638.411s][info][gc          ] GC(4410) Pause Young (Prepare Mixed) (G1 Evacuation Pause) 9711M->2466M(12288M) 38.304ms
[2025-01-08T01:12:48.044+0000][103638.411s][info][gc,cpu      ] GC(4410) User=0.23s Sys=0.00s Real=0.04s
[2025-01-08T01:12:48.310+0000][103638.676s][info][gc,start    ] GC(4411) Pause Young (Mixed) (G1 Evacuation Pause)
[2025-01-08T01:12:48.310+0000][103638.676s][info][gc,task     ] GC(4411) Using 6 workers of 6 for evacuation
[2025-01-08T01:12:48.391+0000][103638.757s][info][gc,phases   ] GC(4411)   Pre Evacuate Collection Set: 0.2ms
[2025-01-08T01:12:48.391+0000][103638.757s][info][gc,phases   ] GC(4411)   Merge Heap Roots: 0.7ms
[2025-01-08T01:12:48.391+0000][103638.757s][info][gc,phases   ] GC(4411)   Evacuate Collection Set: 77.0ms
[2025-01-08T01:12:48.391+0000][103638.757s][info][gc,phases   ] GC(4411)   Post Evacuate Collection Set: 2.4ms
[2025-01-08T01:12:48.391+0000][103638.757s][info][gc,phases   ] GC(4411)   Other: 0.2ms
[2025-01-08T01:12:48.391+0000][103638.757s][info][gc,heap     ] GC(4411) Eden regions: 64->0(907)
[2025-01-08T01:12:48.391+0000][103638.757s][info][gc,heap     ] GC(4411) Survivor regions: 12->6(10)
[2025-01-08T01:12:48.391+0000][103638.757s][info][gc,heap     ] GC(4411) Old regions: 247->250
[2025-01-08T01:12:48.391+0000][103638.757s][info][gc,heap     ] GC(4411) Archive regions: 2->2
[2025-01-08T01:12:48.391+0000][103638.757s][info][gc,heap     ] GC(4411) Humongous regions: 49->49
[2025-01-08T01:12:48.391+0000][103638.757s][info][gc,metaspace] GC(4411) Metaspace: 506216K(515008K)->506216K(515008K) NonClass: 444608K(449024K)->444608K(449024K) Class: 61608K(65984K)->61608K(65984K)
[2025-01-08T01:12:48.391+0000][103638.757s][info][gc          ] GC(4411) Pause Young (Mixed) (G1 Evacuation Pause) 2978M->2433M(12288M) 80.632ms
[2025-01-08T01:12:48.391+0000][103638.757s][info][gc,cpu      ] GC(4411) User=0.44s Sys=0.00s Real=0.08s
[2025-01-08T01:12:54.072+0000][103644.438s][info][gc,start    ] GC(4412) Pause Young (Normal) (G1 Evacuation Pause)
[2025-01-08T01:12:54.072+0000][103644.438s][info][gc,task     ] GC(4412) Using 6 workers of 6 for evacuation
[2025-01-08T01:12:54.096+0000][103644.462s][info][gc,phases   ] GC(4412)   Pre Evacuate Collection Set: 0.2ms
[2025-01-08T01:12:54.096+0000][103644.462s][info][gc,phases   ] GC(4412)   Merge Heap Roots: 0.4ms
[2025-01-08T01:12:54.096+0000][103644.463s][info][gc,phases   ] GC(4412)   Evacuate Collection Set: 20.9ms
[2025-01-08T01:12:54.096+0000][103644.463s][info][gc,phases   ] GC(4412)   Post Evacuate Collection Set: 2.5ms
[2025-01-08T01:12:54.096+0000][103644.463s][info][gc,phases   ] GC(4412)   Other: 0.2ms
[2025-01-08T01:12:54.096+0000][103644.463s][info][gc,heap     ] GC(4412) Eden regions: 907->0(909)
[2025-01-08T01:12:54.096+0000][103644.463s][info][gc,heap     ] GC(4412) Survivor regions: 6->6(115)
[2025-01-08T01:12:54.096+0000][103644.463s][info][gc,heap     ] GC(4412) Old regions: 250->250
[2025-01-08T01:12:54.096+0000][103644.463s][info][gc,heap     ] GC(4412) Archive regions: 2->2
[2025-01-08T01:12:54.096+0000][103644.463s][info][gc,heap     ] GC(4412) Humongous regions: 49->49
[2025-01-08T01:12:54.096+0000][103644.463s][info][gc,metaspace] GC(4412) Metaspace: 506216K(515008K)->506216K(515008K) NonClass: 444608K(449024K)->444608K(449024K) Class: 61608K(65984K)->61608K(65984K)
[2025-01-08T01:12:54.096+0000][103644.463s][info][gc          ] GC(4412) Pause Young (Normal) (G1 Evacuation Pause) 9689M->2434M(12288M) 24.321ms
[2025-01-08T01:12:54.097+0000][103644.463s][info][gc,cpu      ] GC(4412) User=0.14s Sys=0.00s Real=0.02s
[2025-01-08T01:13:02.936+0000][103653.302s][info][gc,start    ] GC(4413) Pause Young (Normal) (G1 Evacuation Pause)
[2025-01-08T01:13:02.936+0000][103653.302s][info][gc,task     ] GC(4413) Using 6 workers of 6 for evacuation
[2025-01-08T01:13:02.967+0000][103653.333s][info][gc,phases   ] GC(4413)   Pre Evacuate Collection Set: 0.2ms
[2025-01-08T01:13:02.967+0000][103653.333s][info][gc,phases   ] GC(4413)   Merge Heap Roots: 0.4ms
[2025-01-08T01:13:02.967+0000][103653.333s][info][gc,phases   ] GC(4413)   Evacuate Collection Set: 26.4ms
[2025-01-08T01:13:02.967+0000][103653.333s][info][gc,phases   ] GC(4413)   Post Evacuate Collection Set: 3.9ms
[2025-01-08T01:13:02.967+0000][103653.333s][info][gc,phases   ] GC(4413)   Other: 0.2ms
[2025-01-08T01:13:02.967+0000][103653.333s][info][gc,heap     ] GC(4413) Eden regions: 909->0(905)
[2025-01-08T01:13:02.967+0000][103653.333s][info][gc,heap     ] GC(4413) Survivor regions: 6->8(115)
[2025-01-08T01:13:02.967+0000][103653.333s][info][gc,heap     ] GC(4413) Old regions: 250->250
[2025-01-08T01:13:02.967+0000][103653.333s][info][gc,heap     ] GC(4413) Archive regions: 2->2
[2025-01-08T01:13:02.967+0000][103653.333s][info][gc,heap     ] GC(4413) Humongous regions: 49->49
[2025-01-08T01:13:02.967+0000][103653.333s][info][gc,metaspace] GC(4413) Metaspace: 506216K(515008K)->506216K(515008K) NonClass: 444608K(449024K)->444608K(449024K) Class: 61608K(65984K)->61608K(65984K)
[2025-01-08T01:13:02.967+0000][103653.333s][info][gc          ] GC(4413) Pause Young (Normal) (G1 Evacuation Pause) 9706M->2450M(12288M) 31.355ms
[2025-01-08T01:13:02.967+0000][103653.333s][info][gc,cpu      ] GC(4413) User=0.18s Sys=0.00s Real=0.03s
[2025-01-08T01:13:09.691+0000][103660.057s][info][gc,start    ] GC(4414) Pause Young (Concurrent Start) (G1 Evacuation Pause)
[2025-01-08T01:13:09.691+0000][103660.057s][info][gc,task     ] GC(4414) Using 6 workers of 6 for evacuation
[2025-01-08T01:13:09.727+0000][103660.093s][info][gc,phases   ] GC(4414)   Pre Evacuate Collection Set: 1.1ms
[2025-01-08T01:13:09.727+0000][103660.093s][info][gc,phases   ] GC(4414)   Merge Heap Roots: 0.5ms
[2025-01-08T01:13:09.727+0000][103660.093s][info][gc,phases   ] GC(4414)   Evacuate Collection Set: 31.2ms
[2025-01-08T01:13:09.727+0000][103660.093s][info][gc,phases   ] GC(4414)   Post Evacuate Collection Set: 2.5ms
[2025-01-08T01:13:09.727+0000][103660.093s][info][gc,phases   ] GC(4414)   Other: 0.3ms
[2025-01-08T01:13:09.727+0000][103660.093s][info][gc,heap     ] GC(4414) Eden regions: 905->0(904)
[2025-01-08T01:13:09.727+0000][103660.093s][info][gc,heap     ] GC(4414) Survivor regions: 8->9(115)
[2025-01-08T01:13:09.727+0000][103660.093s][info][gc,heap     ] GC(4414) Old regions: 250->250
[2025-01-08T01:13:09.727+0000][103660.093s][info][gc,heap     ] GC(4414) Archive regions: 2->2
[2025-01-08T01:13:09.727+0000][103660.093s][info][gc,heap     ] GC(4414) Humongous regions: 49->49
[2025-01-08T01:13:09.727+0000][103660.093s][info][gc,metaspace] GC(4414) Metaspace: 506216K(515008K)->506216K(515008K) NonClass: 444608K(449024K)->444608K(449024K) Class: 61608K(65984K)->61608K(65984K)
[2025-01-08T01:13:09.727+0000][103660.093s][info][gc          ] GC(4414) Pause Young (Concurrent Start) (G1 Evacuation Pause) 9690M->2461M(12288M) 35.584ms
[2025-01-08T01:13:09.727+0000][103660.093s][info][gc,cpu      ] GC(4414) User=0.20s Sys=0.00s Real=0.03s
[2025-01-08T01:13:09.727+0000][103660.093s][info][gc          ] GC(4415) Concurrent Mark Cycle
[2025-01-08T01:13:09.727+0000][103660.093s][info][gc,marking  ] GC(4415) Concurrent Clear Claimed Marks
[2025-01-08T01:13:09.728+0000][103660.094s][info][gc,marking  ] GC(4415) Concurrent Clear Claimed Marks 0.906ms
[2025-01-08T01:13:09.728+0000][103660.094s][info][gc,marking  ] GC(4415) Concurrent Scan Root Regions
[2025-01-08T01:13:09.758+0000][103660.124s][info][gc,marking  ] GC(4415) Concurrent Scan Root Regions 29.997ms
[2025-01-08T01:13:09.758+0000][103660.124s][info][gc,marking  ] GC(4415) Concurrent Mark
[2025-01-08T01:13:09.758+0000][103660.124s][info][gc,marking  ] GC(4415) Concurrent Mark From Roots
[2025-01-08T01:13:09.758+0000][103660.124s][info][gc,task     ] GC(4415) Using 2 workers of 2 for marking
[2025-01-08T01:13:10.790+0000][103661.156s][info][gc,marking  ] GC(4415) Concurrent Mark From Roots 1032.289ms
[2025-01-08T01:13:10.790+0000][103661.156s][info][gc,marking  ] GC(4415) Concurrent Preclean
[2025-01-08T01:13:10.792+0000][103661.158s][info][gc,marking  ] GC(4415) Concurrent Preclean 1.798ms
[2025-01-08T01:13:10.792+0000][103661.158s][info][gc,start    ] GC(4415) Pause Remark
[2025-01-08T01:13:10.818+0000][103661.185s][info][gc          ] GC(4415) Pause Remark 3657M->3657M(12288M) 26.251ms
[2025-01-08T01:13:10.819+0000][103661.185s][info][gc,cpu      ] GC(4415) User=0.15s Sys=0.00s Real=0.02s
[2025-01-08T01:13:10.819+0000][103661.185s][info][gc,marking  ] GC(4415) Concurrent Mark 1060.698ms
[2025-01-08T01:13:10.819+0000][103661.185s][info][gc,marking  ] GC(4415) Concurrent Rebuild Remembered Sets
[2025-01-08T01:13:11.363+0000][103661.729s][info][gc,marking  ] GC(4415) Concurrent Rebuild Remembered Sets 544.687ms
[2025-01-08T01:13:11.363+0000][103661.730s][info][gc,start    ] GC(4415) Pause Cleanup
[2025-01-08T01:13:11.364+0000][103661.730s][info][gc          ] GC(4415) Pause Cleanup 4041M->4041M(12288M) 0.415ms
[2025-01-08T01:13:11.364+0000][103661.730s][info][gc,cpu      ] GC(4415) User=0.00s Sys=0.00s Real=0.00s
[2025-01-08T01:13:11.364+0000][103661.730s][info][gc,marking  ] GC(4415) Concurrent Cleanup for Next Mark
[2025-01-08T01:13:11.379+0000][103661.745s][info][gc,marking  ] GC(4415) Concurrent Cleanup for Next Mark 15.341ms
[2025-01-08T01:13:11.379+0000][103661.745s][info][gc          ] GC(4415) Concurrent Mark Cycle 1652.450ms
[2025-01-08T01:13:16.281+0000][103666.647s][info][gc,start    ] GC(4416) Pause Young (Prepare Mixed) (G1 Evacuation Pause)
[2025-01-08T01:13:16.281+0000][103666.647s][info][gc,task     ] GC(4416) Using 6 workers of 6 for evacuation
[2025-01-08T01:13:16.316+0000][103666.682s][info][gc,phases   ] GC(4416)   Pre Evacuate Collection Set: 0.2ms
[2025-01-08T01:13:16.316+0000][103666.682s][info][gc,phases   ] GC(4416)   Merge Heap Roots: 0.7ms
[2025-01-08T01:13:16.316+0000][103666.682s][info][gc,phases   ] GC(4416)   Evacuate Collection Set: 31.5ms
[2025-01-08T01:13:16.316+0000][103666.682s][info][gc,phases   ] GC(4416)   Post Evacuate Collection Set: 2.7ms
[2025-01-08T01:13:16.316+0000][103666.682s][info][gc,phases   ] GC(4416)   Other: 0.2ms
[2025-01-08T01:13:16.316+0000][103666.682s][info][gc,heap     ] GC(4416) Eden regions: 904->0(66)
[2025-01-08T01:13:16.316+0000][103666.682s][info][gc,heap     ] GC(4416) Survivor regions: 9->10(115)
[2025-01-08T01:13:16.316+0000][103666.682s][info][gc,heap     ] GC(4416) Old regions: 250->250
[2025-01-08T01:13:16.316+0000][103666.682s][info][gc,heap     ] GC(4416) Archive regions: 2->2
[2025-01-08T01:13:16.316+0000][103666.682s][info][gc,heap     ] GC(4416) Humongous regions: 49->49
[2025-01-08T01:13:16.316+0000][103666.682s][info][gc,metaspace] GC(4416) Metaspace: 506216K(515008K)->506216K(515008K) NonClass: 444608K(449024K)->444608K(449024K) Class: 61608K(65984K)->61608K(65984K)
[2025-01-08T01:13:16.316+0000][103666.682s][info][gc          ] GC(4416) Pause Young (Prepare Mixed) (G1 Evacuation Pause) 9693M->2467M(12288M) 35.332ms
[2025-01-08T01:13:16.316+0000][103666.682s][info][gc,cpu      ] GC(4416) User=0.21s Sys=0.00s Real=0.04s
[2025-01-08T01:13:16.700+0000][103667.066s][info][gc,start    ] GC(4417) Pause Young (Mixed) (G1 Evacuation Pause)
[2025-01-08T01:13:16.700+0000][103667.066s][info][gc,task     ] GC(4417) Using 6 workers of 6 for evacuation
[2025-01-08T01:13:16.760+0000][103667.126s][info][gc,phases   ] GC(4417)   Pre Evacuate Collection Set: 0.2ms
[2025-01-08T01:13:16.760+0000][103667.126s][info][gc,phases   ] GC(4417)   Merge Heap Roots: 0.7ms
[2025-01-08T01:13:16.760+0000][103667.126s][info][gc,phases   ] GC(4417)   Evacuate Collection Set: 57.3ms
[2025-01-08T01:13:16.760+0000][103667.126s][info][gc,phases   ] GC(4417)   Post Evacuate Collection Set: 1.6ms
[2025-01-08T01:13:16.760+0000][103667.126s][info][gc,phases   ] GC(4417)   Other: 0.2ms
[2025-01-08T01:13:16.760+0000][103667.126s][info][gc,heap     ] GC(4417) Eden regions: 66->0(909)
[2025-01-08T01:13:16.760+0000][103667.126s][info][gc,heap     ] GC(4417) Survivor regions: 10->4(10)
[2025-01-08T01:13:16.760+0000][103667.126s][info][gc,heap     ] GC(4417) Old regions: 250->250
[2025-01-08T01:13:16.760+0000][103667.126s][info][gc,heap     ] GC(4417) Archive regions: 2->2
[2025-01-08T01:13:16.760+0000][103667.126s][info][gc,heap     ] GC(4417) Humongous regions: 49->49
[2025-01-08T01:13:16.760+0000][103667.126s][info][gc,metaspace] GC(4417) Metaspace: 506216K(515008K)->506216K(515008K) NonClass: 444608K(449024K)->444608K(449024K) Class: 61608K(65984K)->61608K(65984K)
[2025-01-08T01:13:16.760+0000][103667.126s][info][gc          ] GC(4417) Pause Young (Mixed) (G1 Evacuation Pause) 2995M->2426M(12288M) 60.036ms
[2025-01-08T01:13:16.760+0000][103667.126s][info][gc,cpu      ] GC(4417) User=0.36s Sys=0.00s Real=0.06s
[2025-01-08T01:13:22.514+0000][103672.881s][info][gc,start    ] GC(4418) Pause Young (Normal) (G1 Evacuation Pause)
[2025-01-08T01:13:22.514+0000][103672.881s][info][gc,task     ] GC(4418) Using 6 workers of 6 for evacuation
[2025-01-08T01:13:22.541+0000][103672.908s][info][gc,phases   ] GC(4418)   Pre Evacuate Collection Set: 0.2ms
[2025-01-08T01:13:22.541+0000][103672.908s][info][gc,phases   ] GC(4418)   Merge Heap Roots: 0.4ms
[2025-01-08T01:13:22.541+0000][103672.908s][info][gc,phases   ] GC(4418)   Evacuate Collection Set: 23.6ms
[2025-01-08T01:13:22.542+0000][103672.908s][info][gc,phases   ] GC(4418)   Post Evacuate Collection Set: 2.5ms
[2025-01-08T01:13:22.542+0000][103672.908s][info][gc,phases   ] GC(4418)   Other: 0.2ms
[2025-01-08T01:13:22.542+0000][103672.908s][info][gc,heap     ] GC(4418) Eden regions: 909->0(907)
[2025-01-08T01:13:22.542+0000][103672.908s][info][gc,heap     ] GC(4418) Survivor regions: 4->7(115)
[2025-01-08T01:13:22.542+0000][103672.908s][info][gc,heap     ] GC(4418) Old regions: 250->250
[2025-01-08T01:13:22.542+0000][103672.908s][info][gc,heap     ] GC(4418) Archive regions: 2->2
[2025-01-08T01:13:22.542+0000][103672.908s][info][gc,heap     ] GC(4418) Humongous regions: 49->49
[2025-01-08T01:13:22.542+0000][103672.908s][info][gc,metaspace] GC(4418) Metaspace: 506216K(515008K)->506216K(515008K) NonClass: 444608K(449024K)->444608K(449024K) Class: 61608K(65984K)->61608K(65984K)
[2025-01-08T01:13:22.542+0000][103672.908s][info][gc          ] GC(4418) Pause Young (Normal) (G1 Evacuation Pause) 9698M->2443M(12288M) 27.115ms
[2025-01-08T01:13:22.542+0000][103672.908s][info][gc,cpu      ] GC(4418) User=0.16s Sys=0.00s Real=0.03s
[2025-01-08T01:13:28.879+0000][103679.245s][info][gc,start    ] GC(4419) Pause Young (Normal) (GCLocker Initiated GC)
[2025-01-08T01:13:28.879+0000][103679.245s][info][gc,task     ] GC(4419) Using 6 workers of 6 for evacuation
[2025-01-08T01:13:28.906+0000][103679.272s][info][gc,phases   ] GC(4419)   Pre Evacuate Collection Set: 0.2ms
[2025-01-08T01:13:28.906+0000][103679.272s][info][gc,phases   ] GC(4419)   Merge Heap Roots: 0.4ms
[2025-01-08T01:13:28.906+0000][103679.272s][info][gc,phases   ] GC(4419)   Evacuate Collection Set: 23.2ms
[2025-01-08T01:13:28.906+0000][103679.272s][info][gc,phases   ] GC(4419)   Post Evacuate Collection Set: 2.6ms
[2025-01-08T01:13:28.906+0000][103679.272s][info][gc,phases   ] GC(4419)   Other: 0.2ms
[2025-01-08T01:13:28.906+0000][103679.272s][info][gc,heap     ] GC(4419) Eden regions: 907->0(907)
[2025-01-08T01:13:28.906+0000][103679.272s][info][gc,heap     ] GC(4419) Survivor regions: 7->7(115)
[2025-01-08T01:13:28.906+0000][103679.272s][info][gc,heap     ] GC(4419) Old regions: 250->250
[2025-01-08T01:13:28.906+0000][103679.272s][info][gc,heap     ] GC(4419) Archive regions: 2->2
[2025-01-08T01:13:28.906+0000][103679.272s][info][gc,heap     ] GC(4419) Humongous regions: 49->49
[2025-01-08T01:13:28.906+0000][103679.272s][info][gc,metaspace] GC(4419) Metaspace: 506216K(515008K)->506216K(515008K) NonClass: 444608K(449024K)->444608K(449024K) Class: 61608K(65984K)->61608K(65984K)
[2025-01-08T01:13:28.906+0000][103679.272s][info][gc          ] GC(4419) Pause Young (Normal) (GCLocker Initiated GC) 9699M->2444M(12288M) 26.681ms
[2025-01-08T01:13:28.906+0000][103679.272s][info][gc,cpu      ] GC(4419) User=0.15s Sys=0.00s Real=0.03s
[2025-01-08T01:13:33.455+0000][103683.822s][info][gc,start    ] GC(4420) Pause Young (Concurrent Start) (G1 Evacuation Pause)
[2025-01-08T01:13:33.455+0000][103683.822s][info][gc,task     ] GC(4420) Using 6 workers of 6 for evacuation
[2025-01-08T01:13:33.487+0000][103683.854s][info][gc,phases   ] GC(4420)   Pre Evacuate Collection Set: 1.1ms
[2025-01-08T01:13:33.488+0000][103683.854s][info][gc,phases   ] GC(4420)   Merge Heap Roots: 0.5ms
[2025-01-08T01:13:33.488+0000][103683.854s][info][gc,phases   ] GC(4420)   Evacuate Collection Set: 27.7ms
[2025-01-08T01:13:33.488+0000][103683.854s][info][gc,phases   ] GC(4420)   Post Evacuate Collection Set: 2.5ms
[2025-01-08T01:13:33.488+0000][103683.854s][info][gc,phases   ] GC(4420)   Other: 0.3ms
[2025-01-08T01:13:33.488+0000][103683.854s][info][gc,heap     ] GC(4420) Eden regions: 907->0(906)
[2025-01-08T01:13:33.488+0000][103683.854s][info][gc,heap     ] GC(4420) Survivor regions: 7->9(115)
[2025-01-08T01:13:33.488+0000][103683.854s][info][gc,heap     ] GC(4420) Old regions: 250->250
[2025-01-08T01:13:33.488+0000][103683.854s][info][gc,heap     ] GC(4420) Archive regions: 2->2
[2025-01-08T01:13:33.488+0000][103683.854s][info][gc,heap     ] GC(4420) Humongous regions: 49->49
[2025-01-08T01:13:33.488+0000][103683.854s][info][gc,metaspace] GC(4420) Metaspace: 506216K(515008K)->506216K(515008K) NonClass: 444608K(449024K)->444608K(449024K) Class: 61608K(65984K)->61608K(65984K)
[2025-01-08T01:13:33.488+0000][103683.854s][info][gc          ] GC(4420) Pause Young (Concurrent Start) (G1 Evacuation Pause) 9700M->2460M(12288M) 32.169ms
[2025-01-08T01:13:33.488+0000][103683.854s][info][gc,cpu      ] GC(4420) User=0.19s Sys=0.00s Real=0.03s
[2025-01-08T01:13:33.488+0000][103683.854s][info][gc          ] GC(4421) Concurrent Mark Cycle
[2025-01-08T01:13:33.488+0000][103683.854s][info][gc,marking  ] GC(4421) Concurrent Clear Claimed Marks
[2025-01-08T01:13:33.489+0000][103683.855s][info][gc,marking  ] GC(4421) Concurrent Clear Claimed Marks 0.937ms
[2025-01-08T01:13:33.489+0000][103683.855s][info][gc,marking  ] GC(4421) Concurrent Scan Root Regions
[2025-01-08T01:13:33.518+0000][103683.884s][info][gc,marking  ] GC(4421) Concurrent Scan Root Regions 29.075ms
[2025-01-08T01:13:33.518+0000][103683.884s][info][gc,marking  ] GC(4421) Concurrent Mark
[2025-01-08T01:13:33.518+0000][103683.884s][info][gc,marking  ] GC(4421) Concurrent Mark From Roots
[2025-01-08T01:13:33.518+0000][103683.884s][info][gc,task     ] GC(4421) Using 2 workers of 2 for marking
[2025-01-08T01:13:34.932+0000][103685.298s][info][gc,marking  ] GC(4421) Concurrent Mark From Roots 1413.946ms
[2025-01-08T01:13:34.932+0000][103685.298s][info][gc,marking  ] GC(4421) Concurrent Preclean
[2025-01-08T01:13:34.934+0000][103685.300s][info][gc,marking  ] GC(4421) Concurrent Preclean 2.584ms
[2025-01-08T01:13:34.935+0000][103685.301s][info][gc,start    ] GC(4421) Pause Remark
[2025-01-08T01:13:34.961+0000][103685.328s][info][gc          ] GC(4421) Pause Remark 4785M->4785M(12288M) 26.907ms
[2025-01-08T01:13:34.962+0000][103685.328s][info][gc,cpu      ] GC(4421) User=0.15s Sys=0.00s Real=0.03s
[2025-01-08T01:13:34.962+0000][103685.328s][info][gc,marking  ] GC(4421) Concurrent Mark 1443.904ms
[2025-01-08T01:13:34.962+0000][103685.328s][info][gc,marking  ] GC(4421) Concurrent Rebuild Remembered Sets
[2025-01-08T01:13:35.603+0000][103685.969s][info][gc,marking  ] GC(4421) Concurrent Rebuild Remembered Sets 641.244ms
[2025-01-08T01:13:35.603+0000][103685.969s][info][gc,start    ] GC(4421) Pause Cleanup
[2025-01-08T01:13:35.603+0000][103685.970s][info][gc          ] GC(4421) Pause Cleanup 5804M->5804M(12288M) 0.390ms
[2025-01-08T01:13:35.604+0000][103685.970s][info][gc,cpu      ] GC(4421) User=0.00s Sys=0.00s Real=0.00s
[2025-01-08T01:13:35.604+0000][103685.970s][info][gc,marking  ] GC(4421) Concurrent Cleanup for Next Mark
[2025-01-08T01:13:35.619+0000][103685.986s][info][gc,marking  ] GC(4421) Concurrent Cleanup for Next Mark 15.870ms
[2025-01-08T01:13:35.620+0000][103685.986s][info][gc          ] GC(4421) Concurrent Mark Cycle 2131.856ms
[2025-01-08T01:13:37.812+0000][103688.178s][info][gc,start    ] GC(4422) Pause Young (Prepare Mixed) (G1 Evacuation Pause)
[2025-01-08T01:13:37.812+0000][103688.178s][info][gc,task     ] GC(4422) Using 6 workers of 6 for evacuation
[2025-01-08T01:13:37.846+0000][103688.212s][info][gc,phases   ] GC(4422)   Pre Evacuate Collection Set: 0.2ms
[2025-01-08T01:13:37.846+0000][103688.212s][info][gc,phases   ] GC(4422)   Merge Heap Roots: 0.7ms
[2025-01-08T01:13:37.846+0000][103688.212s][info][gc,phases   ] GC(4422)   Evacuate Collection Set: 27.8ms
[2025-01-08T01:13:37.846+0000][103688.212s][info][gc,phases   ] GC(4422)   Post Evacuate Collection Set: 5.4ms
[2025-01-08T01:13:37.846+0000][103688.212s][info][gc,phases   ] GC(4422)   Other: 0.2ms
[2025-01-08T01:13:37.846+0000][103688.212s][info][gc,heap     ] GC(4422) Eden regions: 906->0(66)
[2025-01-08T01:13:37.846+0000][103688.212s][info][gc,heap     ] GC(4422) Survivor regions: 9->10(115)
[2025-01-08T01:13:37.846+0000][103688.212s][info][gc,heap     ] GC(4422) Old regions: 250->250
[2025-01-08T01:13:37.846+0000][103688.212s][info][gc,heap     ] GC(4422) Archive regions: 2->2
[2025-01-08T01:13:37.846+0000][103688.212s][info][gc,heap     ] GC(4422) Humongous regions: 49->49
[2025-01-08T01:13:37.846+0000][103688.212s][info][gc,metaspace] GC(4422) Metaspace: 506216K(515008K)->506216K(515008K) NonClass: 444608K(449024K)->444608K(449024K) Class: 61608K(65984K)->61608K(65984K)
[2025-01-08T01:13:37.846+0000][103688.212s][info][gc          ] GC(4422) Pause Young (Prepare Mixed) (G1 Evacuation Pause) 9708M->2470M(12288M) 34.401ms
[2025-01-08T01:13:37.846+0000][103688.212s][info][gc,cpu      ] GC(4422) User=0.19s Sys=0.01s Real=0.03s
[2025-01-08T01:13:38.238+0000][103688.604s][info][gc,start    ] GC(4423) Pause Young (Mixed) (G1 Evacuation Pause)
[2025-01-08T01:13:38.238+0000][103688.604s][info][gc,task     ] GC(4423) Using 6 workers of 6 for evacuation
[2025-01-08T01:13:38.297+0000][103688.663s][info][gc,phases   ] GC(4423)   Pre Evacuate Collection Set: 0.2ms
[2025-01-08T01:13:38.297+0000][103688.663s][info][gc,phases   ] GC(4423)   Merge Heap Roots: 0.7ms
[2025-01-08T01:13:38.297+0000][103688.663s][info][gc,phases   ] GC(4423)   Evacuate Collection Set: 57.1ms
[2025-01-08T01:13:38.297+0000][103688.663s][info][gc,phases   ] GC(4423)   Post Evacuate Collection Set: 1.6ms
[2025-01-08T01:13:38.297+0000][103688.663s][info][gc,phases   ] GC(4423)   Other: 0.2ms
[2025-01-08T01:13:38.297+0000][103688.664s][info][gc,heap     ] GC(4423) Eden regions: 66->0(909)
[2025-01-08T01:13:38.297+0000][103688.664s][info][gc,heap     ] GC(4423) Survivor regions: 10->4(10)
[2025-01-08T01:13:38.297+0000][103688.664s][info][gc,heap     ] GC(4423) Old regions: 250->251
[2025-01-08T01:13:38.297+0000][103688.664s][info][gc,heap     ] GC(4423) Archive regions: 2->2
[2025-01-08T01:13:38.297+0000][103688.664s][info][gc,heap     ] GC(4423) Humongous regions: 49->49
[2025-01-08T01:13:38.297+0000][103688.664s][info][gc,metaspace] GC(4423) Metaspace: 506216K(515008K)->506216K(515008K) NonClass: 444608K(449024K)->444608K(449024K) Class: 61608K(65984K)->61608K(65984K)
[2025-01-08T01:13:38.297+0000][103688.664s][info][gc          ] GC(4423) Pause Young (Mixed) (G1 Evacuation Pause) 2998M->2436M(12288M) 59.778ms
[2025-01-08T01:13:38.298+0000][103688.664s][info][gc,cpu      ] GC(4423) User=0.35s Sys=0.00s Real=0.06s
[2025-01-08T01:13:45.204+0000][103695.570s][info][gc,start    ] GC(4424) Pause Young (Normal) (G1 Evacuation Pause)
[2025-01-08T01:13:45.204+0000][103695.570s][info][gc,task     ] GC(4424) Using 6 workers of 6 for evacuation
[2025-01-08T01:13:45.228+0000][103695.594s][info][gc,phases   ] GC(4424)   Pre Evacuate Collection Set: 0.2ms
[2025-01-08T01:13:45.228+0000][103695.594s][info][gc,phases   ] GC(4424)   Merge Heap Roots: 0.4ms
[2025-01-08T01:13:45.228+0000][103695.594s][info][gc,phases   ] GC(4424)   Evacuate Collection Set: 20.4ms
[2025-01-08T01:13:45.228+0000][103695.594s][info][gc,phases   ] GC(4424)   Post Evacuate Collection Set: 2.6ms
[2025-01-08T01:13:45.228+0000][103695.594s][info][gc,phases   ] GC(4424)   Other: 0.2ms
[2025-01-08T01:13:45.228+0000][103695.594s][info][gc,heap     ] GC(4424) Eden regions: 909->0(907)
[2025-01-08T01:13:45.228+0000][103695.594s][info][gc,heap     ] GC(4424) Survivor regions: 4->6(115)
[2025-01-08T01:13:45.228+0000][103695.594s][info][gc,heap     ] GC(4424) Old regions: 251->251
[2025-01-08T01:13:45.228+0000][103695.594s][info][gc,heap     ] GC(4424) Archive regions: 2->2
[2025-01-08T01:13:45.228+0000][103695.594s][info][gc,heap     ] GC(4424) Humongous regions: 49->49
[2025-01-08T01:13:45.228+0000][103695.594s][info][gc,metaspace] GC(4424) Metaspace: 506216K(515008K)->506216K(515008K) NonClass: 444608K(449024K)->444608K(449024K) Class: 61608K(65984K)->61608K(65984K)
[2025-01-08T01:13:45.228+0000][103695.594s][info][gc          ] GC(4424) Pause Young (Normal) (G1 Evacuation Pause) 9708M->2449M(12288M) 23.865ms
[2025-01-08T01:13:45.228+0000][103695.594s][info][gc,cpu      ] GC(4424) User=0.13s Sys=0.00s Real=0.02s
[2025-01-08T01:13:52.042+0000][103702.408s][info][gc,start    ] GC(4425) Pause Young (Normal) (G1 Evacuation Pause)
[2025-01-08T01:13:52.042+0000][103702.408s][info][gc,task     ] GC(4425) Using 6 workers of 6 for evacuation
[2025-01-08T01:13:52.069+0000][103702.435s][info][gc,phases   ] GC(4425)   Pre Evacuate Collection Set: 0.2ms
[2025-01-08T01:13:52.069+0000][103702.435s][info][gc,phases   ] GC(4425)   Merge Heap Roots: 0.4ms
[2025-01-08T01:13:52.069+0000][103702.435s][info][gc,phases   ] GC(4425)   Evacuate Collection Set: 22.4ms
[2025-01-08T01:13:52.069+0000][103702.435s][info][gc,phases   ] GC(4425)   Post Evacuate Collection Set: 3.9ms
[2025-01-08T01:13:52.069+0000][103702.435s][info][gc,phases   ] GC(4425)   Other: 0.2ms
[2025-01-08T01:13:52.069+0000][103702.435s][info][gc,heap     ] GC(4425) Eden regions: 907->0(905)
[2025-01-08T01:13:52.069+0000][103702.435s][info][gc,heap     ] GC(4425) Survivor regions: 6->7(115)
[2025-01-08T01:13:52.069+0000][103702.435s][info][gc,heap     ] GC(4425) Old regions: 251->251
[2025-01-08T01:13:52.069+0000][103702.435s][info][gc,heap     ] GC(4425) Archive regions: 2->2
[2025-01-08T01:13:52.069+0000][103702.435s][info][gc,heap     ] GC(4425) Humongous regions: 49->49
[2025-01-08T01:13:52.069+0000][103702.435s][info][gc,metaspace] GC(4425) Metaspace: 506216K(515008K)->506216K(515008K) NonClass: 444608K(449024K)->444608K(449024K) Class: 61608K(65984K)->61608K(65984K)
[2025-01-08T01:13:52.069+0000][103702.435s][info][gc          ] GC(4425) Pause Young (Normal) (G1 Evacuation Pause) 9705M->2460M(12288M) 27.263ms
[2025-01-08T01:13:52.069+0000][103702.435s][info][gc,cpu      ] GC(4425) User=0.16s Sys=0.00s Real=0.02s
[2025-01-08T01:13:59.965+0000][103710.331s][info][gc,start    ] GC(4426) Pause Young (Concurrent Start) (G1 Evacuation Pause)
[2025-01-08T01:13:59.965+0000][103710.331s][info][gc,task     ] GC(4426) Using 6 workers of 6 for evacuation
[2025-01-08T01:14:00.000+0000][103710.366s][info][gc,phases   ] GC(4426)   Pre Evacuate Collection Set: 1.1ms
[2025-01-08T01:14:00.000+0000][103710.366s][info][gc,phases   ] GC(4426)   Merge Heap Roots: 0.5ms
[2025-01-08T01:14:00.000+0000][103710.366s][info][gc,phases   ] GC(4426)   Evacuate Collection Set: 30.2ms
[2025-01-08T01:14:00.000+0000][103710.366s][info][gc,phases   ] GC(4426)   Post Evacuate Collection Set: 2.8ms
[2025-01-08T01:14:00.000+0000][103710.366s][info][gc,phases   ] GC(4426)   Other: 0.3ms
[2025-01-08T01:14:00.000+0000][103710.366s][info][gc,heap     ] GC(4426) Eden regions: 905->0(903)
[2025-01-08T01:14:00.000+0000][103710.366s][info][gc,heap     ] GC(4426) Survivor regions: 7->8(114)
[2025-01-08T01:14:00.000+0000][103710.366s][info][gc,heap     ] GC(4426) Old regions: 251->251
[2025-01-08T01:14:00.000+0000][103710.366s][info][gc,heap     ] GC(4426) Archive regions: 2->2
[2025-01-08T01:14:00.000+0000][103710.366s][info][gc,heap     ] GC(4426) Humongous regions: 49->49
[2025-01-08T01:14:00.000+0000][103710.366s][info][gc,metaspace] GC(4426) Metaspace: 506216K(515008K)->506216K(515008K) NonClass: 444608K(449024K)->444608K(449024K) Class: 61608K(65984K)->61608K(65984K)
[2025-01-08T01:14:00.000+0000][103710.366s][info][gc          ] GC(4426) Pause Young (Concurrent Start) (G1 Evacuation Pause) 9700M->2466M(12288M) 34.924ms
[2025-01-08T01:14:00.000+0000][103710.366s][info][gc,cpu      ] GC(4426) User=0.19s Sys=0.01s Real=0.03s
[2025-01-08T01:14:00.000+0000][103710.366s][info][gc          ] GC(4427) Concurrent Mark Cycle
[2025-01-08T01:14:00.000+0000][103710.366s][info][gc,marking  ] GC(4427) Concurrent Clear Claimed Marks
[2025-01-08T01:14:00.001+0000][103710.367s][info][gc,marking  ] GC(4427) Concurrent Clear Claimed Marks 0.987ms
[2025-01-08T01:14:00.001+0000][103710.367s][info][gc,marking  ] GC(4427) Concurrent Scan Root Regions
[2025-01-08T01:14:00.031+0000][103710.397s][info][gc,marking  ] GC(4427) Concurrent Scan Root Regions 29.973ms
[2025-01-08T01:14:00.031+0000][103710.397s][info][gc,marking  ] GC(4427) Concurrent Mark
[2025-01-08T01:14:00.031+0000][103710.397s][info][gc,marking  ] GC(4427) Concurrent Mark From Roots
[2025-01-08T01:14:00.031+0000][103710.397s][info][gc,task     ] GC(4427) Using 2 workers of 2 for marking
[2025-01-08T01:14:01.256+0000][103711.622s][info][gc,marking  ] GC(4427) Concurrent Mark From Roots 1224.600ms
[2025-01-08T01:14:01.256+0000][103711.622s][info][gc,marking  ] GC(4427) Concurrent Preclean
[2025-01-08T01:14:01.258+0000][103711.624s][info][gc,marking  ] GC(4427) Concurrent Preclean 2.510ms
[2025-01-08T01:14:01.258+0000][103711.625s][info][gc,start    ] GC(4427) Pause Remark
[2025-01-08T01:14:01.286+0000][103711.652s][info][gc          ] GC(4427) Pause Remark 4098M->4098M(12288M) 27.414ms
[2025-01-08T01:14:01.286+0000][103711.652s][info][gc,cpu      ] GC(4427) User=0.15s Sys=0.00s Real=0.03s
[2025-01-08T01:14:01.287+0000][103711.653s][info][gc,marking  ] GC(4427) Concurrent Mark 1256.372ms
[2025-01-08T01:14:01.287+0000][103711.654s][info][gc,marking  ] GC(4427) Concurrent Rebuild Remembered Sets
[2025-01-08T01:14:01.993+0000][103712.359s][info][gc,marking  ] GC(4427) Concurrent Rebuild Remembered Sets 705.191ms
[2025-01-08T01:14:01.993+0000][103712.359s][info][gc,start    ] GC(4427) Pause Cleanup
[2025-01-08T01:14:01.993+0000][103712.359s][info][gc          ] GC(4427) Pause Cleanup 5226M->5226M(12288M) 0.419ms
[2025-01-08T01:14:01.993+0000][103712.359s][info][gc,cpu      ] GC(4427) User=0.01s Sys=0.00s Real=0.00s
[2025-01-08T01:14:01.993+0000][103712.359s][info][gc,marking  ] GC(4427) Concurrent Cleanup for Next Mark
[2025-01-08T01:14:02.009+0000][103712.375s][info][gc,marking  ] GC(4427) Concurrent Cleanup for Next Mark 15.374ms
[2025-01-08T01:14:02.009+0000][103712.375s][info][gc          ] GC(4427) Concurrent Mark Cycle 2008.771ms
[2025-01-08T01:14:04.755+0000][103715.121s][info][gc,start    ] GC(4428) Pause Young (Prepare Mixed) (G1 Evacuation Pause)
[2025-01-08T01:14:04.755+0000][103715.121s][info][gc,task     ] GC(4428) Using 6 workers of 6 for evacuation
[2025-01-08T01:14:04.785+0000][103715.151s][info][gc,phases   ] GC(4428)   Pre Evacuate Collection Set: 0.2ms
[2025-01-08T01:14:04.785+0000][103715.151s][info][gc,phases   ] GC(4428)   Merge Heap Roots: 0.7ms
[2025-01-08T01:14:04.785+0000][103715.151s][info][gc,phases   ] GC(4428)   Evacuate Collection Set: 26.3ms
[2025-01-08T01:14:04.785+0000][103715.151s][info][gc,phases   ] GC(4428)   Post Evacuate Collection Set: 2.6ms
[2025-01-08T01:14:04.785+0000][103715.151s][info][gc,phases   ] GC(4428)   Other: 0.2ms
[2025-01-08T01:14:04.785+0000][103715.151s][info][gc,heap     ] GC(4428) Eden regions: 903->0(68)
[2025-01-08T01:14:04.785+0000][103715.151s][info][gc,heap     ] GC(4428) Survivor regions: 8->8(114)
[2025-01-08T01:14:04.785+0000][103715.151s][info][gc,heap     ] GC(4428) Old regions: 251->251
[2025-01-08T01:14:04.785+0000][103715.151s][info][gc,heap     ] GC(4428) Archive regions: 2->2
[2025-01-08T01:14:04.785+0000][103715.151s][info][gc,heap     ] GC(4428) Humongous regions: 49->49
[2025-01-08T01:14:04.785+0000][103715.151s][info][gc,metaspace] GC(4428) Metaspace: 506216K(515008K)->506216K(515008K) NonClass: 444608K(449024K)->444608K(449024K) Class: 61608K(65984K)->61608K(65984K)
[2025-01-08T01:14:04.785+0000][103715.151s][info][gc          ] GC(4428) Pause Young (Prepare Mixed) (G1 Evacuation Pause) 9690M->2468M(12288M) 30.049ms
[2025-01-08T01:14:04.785+0000][103715.151s][info][gc,cpu      ] GC(4428) User=0.17s Sys=0.00s Real=0.03s
[2025-01-08T01:14:05.411+0000][103715.777s][info][gc,start    ] GC(4429) Pause Young (Mixed) (G1 Evacuation Pause)
[2025-01-08T01:14:05.411+0000][103715.777s][info][gc,task     ] GC(4429) Using 6 workers of 6 for evacuation
[2025-01-08T01:14:05.464+0000][103715.831s][info][gc,phases   ] GC(4429)   Pre Evacuate Collection Set: 0.2ms
[2025-01-08T01:14:05.464+0000][103715.831s][info][gc,phases   ] GC(4429)   Merge Heap Roots: 0.6ms
[2025-01-08T01:14:05.464+0000][103715.831s][info][gc,phases   ] GC(4429)   Evacuate Collection Set: 50.6ms
[2025-01-08T01:14:05.464+0000][103715.831s][info][gc,phases   ] GC(4429)   Post Evacuate Collection Set: 1.7ms
[2025-01-08T01:14:05.464+0000][103715.831s][info][gc,phases   ] GC(4429)   Other: 0.2ms
[2025-01-08T01:14:05.465+0000][103715.831s][info][gc,heap     ] GC(4429) Eden regions: 68->0(908)
[2025-01-08T01:14:05.465+0000][103715.831s][info][gc,heap     ] GC(4429) Survivor regions: 8->6(10)
[2025-01-08T01:14:05.465+0000][103715.831s][info][gc,heap     ] GC(4429) Old regions: 251->250
[2025-01-08T01:14:05.465+0000][103715.831s][info][gc,heap     ] GC(4429) Archive regions: 2->2
[2025-01-08T01:14:05.465+0000][103715.831s][info][gc,heap     ] GC(4429) Humongous regions: 49->49
[2025-01-08T01:14:05.465+0000][103715.831s][info][gc,metaspace] GC(4429) Metaspace: 506216K(515008K)->506216K(515008K) NonClass: 444608K(449024K)->444608K(449024K) Class: 61608K(65984K)->61608K(65984K)
[2025-01-08T01:14:05.465+0000][103715.831s][info][gc          ] GC(4429) Pause Young (Mixed) (G1 Evacuation Pause) 3012M->2437M(12288M) 53.321ms
[2025-01-08T01:14:05.465+0000][103715.831s][info][gc,cpu      ] GC(4429) User=0.31s Sys=0.00s Real=0.05s
[2025-01-08T01:26:32.700+0000][104463.066s][info][gc,start    ] GC(4430) Pause Young (Normal) (G1 Evacuation Pause)
[2025-01-08T01:26:32.700+0000][104463.066s][info][gc,task     ] GC(4430) Using 6 workers of 6 for evacuation
[2025-01-08T01:26:32.724+0000][104463.091s][info][gc,phases   ] GC(4430)   Pre Evacuate Collection Set: 0.2ms
[2025-01-08T01:26:32.724+0000][104463.091s][info][gc,phases   ] GC(4430)   Merge Heap Roots: 0.5ms
[2025-01-08T01:26:32.724+0000][104463.091s][info][gc,phases   ] GC(4430)   Evacuate Collection Set: 21.2ms
[2025-01-08T01:26:32.724+0000][104463.091s][info][gc,phases   ] GC(4430)   Post Evacuate Collection Set: 2.6ms
[2025-01-08T01:26:32.725+0000][104463.091s][info][gc,phases   ] GC(4430)   Other: 0.2ms
[2025-01-08T01:26:32.725+0000][104463.091s][info][gc,heap     ] GC(4430) Eden regions: 908->0(911)
[2025-01-08T01:26:32.725+0000][104463.091s][info][gc,heap     ] GC(4430) Survivor regions: 6->5(115)
[2025-01-08T01:26:32.725+0000][104463.091s][info][gc,heap     ] GC(4430) Old regions: 250->250
[2025-01-08T01:26:32.725+0000][104463.091s][info][gc,heap     ] GC(4430) Archive regions: 2->2
[2025-01-08T01:26:32.725+0000][104463.091s][info][gc,heap     ] GC(4430) Humongous regions: 49->49
[2025-01-08T01:26:32.725+0000][104463.091s][info][gc,metaspace] GC(4430) Metaspace: 506220K(515008K)->506220K(515008K) NonClass: 444612K(449024K)->444612K(449024K) Class: 61608K(65984K)->61608K(65984K)
[2025-01-08T01:26:32.725+0000][104463.091s][info][gc          ] GC(4430) Pause Young (Normal) (G1 Evacuation Pause) 9701M->2431M(12288M) 24.778ms
[2025-01-08T01:26:32.725+0000][104463.091s][info][gc,cpu      ] GC(4430) User=0.15s Sys=0.00s Real=0.03s
[2025-01-08T02:39:10.177+0000][108820.543s][info][gc,start    ] GC(4431) Pause Young (Normal) (G1 Evacuation Pause)
[2025-01-08T02:39:10.178+0000][108820.544s][info][gc,task     ] GC(4431) Using 6 workers of 6 for evacuation
[2025-01-08T02:39:10.209+0000][108820.575s][info][gc,phases   ] GC(4431)   Pre Evacuate Collection Set: 0.2ms
[2025-01-08T02:39:10.209+0000][108820.575s][info][gc,phases   ] GC(4431)   Merge Heap Roots: 0.5ms
[2025-01-08T02:39:10.209+0000][108820.575s][info][gc,phases   ] GC(4431)   Evacuate Collection Set: 25.4ms
[2025-01-08T02:39:10.209+0000][108820.575s][info][gc,phases   ] GC(4431)   Post Evacuate Collection Set: 4.7ms
[2025-01-08T02:39:10.209+0000][108820.575s][info][gc,phases   ] GC(4431)   Other: 2.0ms
[2025-01-08T02:39:10.209+0000][108820.576s][info][gc,heap     ] GC(4431) Eden regions: 911->0(907)
[2025-01-08T02:39:10.209+0000][108820.576s][info][gc,heap     ] GC(4431) Survivor regions: 5->8(115)
[2025-01-08T02:39:10.209+0000][108820.576s][info][gc,heap     ] GC(4431) Old regions: 250->250
[2025-01-08T02:39:10.209+0000][108820.576s][info][gc,heap     ] GC(4431) Archive regions: 2->2
[2025-01-08T02:39:10.209+0000][108820.576s][info][gc,heap     ] GC(4431) Humongous regions: 49->49
[2025-01-08T02:39:10.209+0000][108820.576s][info][gc,metaspace] GC(4431) Metaspace: 506234K(515072K)->506234K(515072K) NonClass: 444625K(449088K)->444625K(449088K) Class: 61609K(65984K)->61609K(65984K)
[2025-01-08T02:39:10.210+0000][108820.576s][info][gc          ] GC(4431) Pause Young (Normal) (G1 Evacuation Pause) 9719M->2454M(12288M) 32.941ms
[2025-01-08T02:39:10.210+0000][108820.576s][info][gc,cpu      ] GC(4431) User=0.18s Sys=0.00s Real=0.04s
[2025-01-08T03:29:42.344+0000][111852.710s][info][gc,start    ] GC(4432) Pause Young (Concurrent Start) (G1 Evacuation Pause)
[2025-01-08T03:29:42.344+0000][111852.710s][info][gc,task     ] GC(4432) Using 6 workers of 6 for evacuation
[2025-01-08T03:29:42.380+0000][111852.746s][info][gc,phases   ] GC(4432)   Pre Evacuate Collection Set: 1.1ms
[2025-01-08T03:29:42.380+0000][111852.746s][info][gc,phases   ] GC(4432)   Merge Heap Roots: 0.5ms
[2025-01-08T03:29:42.380+0000][111852.746s][info][gc,phases   ] GC(4432)   Evacuate Collection Set: 29.7ms
[2025-01-08T03:29:42.380+0000][111852.746s][info][gc,phases   ] GC(4432)   Post Evacuate Collection Set: 4.3ms
[2025-01-08T03:29:42.380+0000][111852.746s][info][gc,phases   ] GC(4432)   Other: 0.3ms
[2025-01-08T03:29:42.380+0000][111852.746s][info][gc,heap     ] GC(4432) Eden regions: 907->0(906)
[2025-01-08T03:29:42.380+0000][111852.746s][info][gc,heap     ] GC(4432) Survivor regions: 8->9(115)
[2025-01-08T03:29:42.380+0000][111852.746s][info][gc,heap     ] GC(4432) Old regions: 250->250
[2025-01-08T03:29:42.380+0000][111852.746s][info][gc,heap     ] GC(4432) Archive regions: 2->2
[2025-01-08T03:29:42.380+0000][111852.746s][info][gc,heap     ] GC(4432) Humongous regions: 49->49
[2025-01-08T03:29:42.380+0000][111852.746s][info][gc,metaspace] GC(4432) Metaspace: 506237K(515072K)->506237K(515072K) NonClass: 444628K(449088K)->444628K(449088K) Class: 61609K(65984K)->61609K(65984K)
[2025-01-08T03:29:42.380+0000][111852.746s][info][gc          ] GC(4432) Pause Young (Concurrent Start) (G1 Evacuation Pause) 9710M->2463M(12288M) 36.036ms
[2025-01-08T03:29:42.380+0000][111852.746s][info][gc,cpu      ] GC(4432) User=0.21s Sys=0.00s Real=0.03s
[2025-01-08T03:29:42.380+0000][111852.746s][info][gc          ] GC(4433) Concurrent Mark Cycle
[2025-01-08T03:29:42.380+0000][111852.746s][info][gc,marking  ] GC(4433) Concurrent Clear Claimed Marks
[2025-01-08T03:29:42.381+0000][111852.747s][info][gc,marking  ] GC(4433) Concurrent Clear Claimed Marks 1.598ms
[2025-01-08T03:29:42.381+0000][111852.747s][info][gc,marking  ] GC(4433) Concurrent Scan Root Regions
[2025-01-08T03:29:42.405+0000][111852.772s][info][gc,marking  ] GC(4433) Concurrent Scan Root Regions 24.105ms
[2025-01-08T03:29:42.405+0000][111852.772s][info][gc,marking  ] GC(4433) Concurrent Mark
[2025-01-08T03:29:42.405+0000][111852.772s][info][gc,marking  ] GC(4433) Concurrent Mark From Roots
[2025-01-08T03:29:42.405+0000][111852.772s][info][gc,task     ] GC(4433) Using 2 workers of 2 for marking
[2025-01-08T03:29:43.110+0000][111853.476s][info][gc,marking  ] GC(4433) Concurrent Mark From Roots 704.023ms
[2025-01-08T03:29:43.110+0000][111853.476s][info][gc,marking  ] GC(4433) Concurrent Preclean
[2025-01-08T03:29:43.113+0000][111853.479s][info][gc,marking  ] GC(4433) Concurrent Preclean 3.119ms
[2025-01-08T03:29:43.113+0000][111853.479s][info][gc,start    ] GC(4433) Pause Remark
[2025-01-08T03:29:43.171+0000][111853.537s][info][gc          ] GC(4433) Pause Remark 2486M->2486M(12288M) 58.176ms
[2025-01-08T03:29:43.171+0000][111853.537s][info][gc,cpu      ] GC(4433) User=0.31s Sys=0.00s Real=0.06s
[2025-01-08T03:29:43.171+0000][111853.537s][info][gc,marking  ] GC(4433) Concurrent Mark 765.703ms
[2025-01-08T03:29:43.171+0000][111853.537s][info][gc,marking  ] GC(4433) Concurrent Rebuild Remembered Sets
[2025-01-08T03:29:43.628+0000][111853.994s][info][gc,marking  ] GC(4433) Concurrent Rebuild Remembered Sets 456.728ms
[2025-01-08T03:29:43.628+0000][111853.994s][info][gc,start    ] GC(4433) Pause Cleanup
[2025-01-08T03:29:43.629+0000][111853.995s][info][gc          ] GC(4433) Pause Cleanup 2487M->2487M(12288M) 0.445ms
[2025-01-08T03:29:43.629+0000][111853.995s][info][gc,cpu      ] GC(4433) User=0.00s Sys=0.00s Real=0.00s
[2025-01-08T03:29:43.629+0000][111853.995s][info][gc,marking  ] GC(4433) Concurrent Cleanup for Next Mark
[2025-01-08T03:29:43.644+0000][111854.010s][info][gc,marking  ] GC(4433) Concurrent Cleanup for Next Mark 15.604ms
[2025-01-08T03:29:43.644+0000][111854.010s][info][gc          ] GC(4433) Concurrent Mark Cycle 1264.537ms
[2025-01-08T04:51:30.177+0000][116760.543s][info][gc,start    ] GC(4434) Pause Young (Prepare Mixed) (G1 Evacuation Pause)
[2025-01-08T04:51:30.177+0000][116760.543s][info][gc,task     ] GC(4434) Using 6 workers of 6 for evacuation
[2025-01-08T04:51:30.212+0000][116760.578s][info][gc,phases   ] GC(4434)   Pre Evacuate Collection Set: 0.2ms
[2025-01-08T04:51:30.212+0000][116760.578s][info][gc,phases   ] GC(4434)   Merge Heap Roots: 0.7ms
[2025-01-08T04:51:30.212+0000][116760.578s][info][gc,phases   ] GC(4434)   Evacuate Collection Set: 28.6ms
[2025-01-08T04:51:30.212+0000][116760.578s][info][gc,phases   ] GC(4434)   Post Evacuate Collection Set: 5.2ms
[2025-01-08T04:51:30.212+0000][116760.578s][info][gc,phases   ] GC(4434)   Other: 0.2ms
[2025-01-08T04:51:30.212+0000][116760.578s][info][gc,heap     ] GC(4434) Eden regions: 906->0(66)
[2025-01-08T04:51:30.212+0000][116760.578s][info][gc,heap     ] GC(4434) Survivor regions: 9->10(115)
[2025-01-08T04:51:30.212+0000][116760.578s][info][gc,heap     ] GC(4434) Old regions: 250->250
[2025-01-08T04:51:30.212+0000][116760.578s][info][gc,heap     ] GC(4434) Archive regions: 2->2
[2025-01-08T04:51:30.212+0000][116760.578s][info][gc,heap     ] GC(4434) Humongous regions: 49->49
[2025-01-08T04:51:30.212+0000][116760.578s][info][gc,metaspace] GC(4434) Metaspace: 505712K(515072K)->505712K(515072K) NonClass: 444209K(449088K)->444209K(449088K) Class: 61502K(65984K)->61502K(65984K)
[2025-01-08T04:51:30.212+0000][116760.578s][info][gc          ] GC(4434) Pause Young (Prepare Mixed) (G1 Evacuation Pause) 9711M->2468M(12288M) 35.111ms
[2025-01-08T04:51:30.212+0000][116760.578s][info][gc,cpu      ] GC(4434) User=0.21s Sys=0.00s Real=0.04s
[2025-01-08T04:58:00.013+0000][117150.379s][info][gc,start    ] GC(4435) Pause Young (Mixed) (G1 Evacuation Pause)
[2025-01-08T04:58:00.013+0000][117150.379s][info][gc,task     ] GC(4435) Using 6 workers of 6 for evacuation
[2025-01-08T04:58:00.076+0000][117150.442s][info][gc,phases   ] GC(4435)   Pre Evacuate Collection Set: 0.2ms
[2025-01-08T04:58:00.076+0000][117150.442s][info][gc,phases   ] GC(4435)   Merge Heap Roots: 0.8ms
[2025-01-08T04:58:00.076+0000][117150.442s][info][gc,phases   ] GC(4435)   Evacuate Collection Set: 59.9ms
[2025-01-08T04:58:00.076+0000][117150.442s][info][gc,phases   ] GC(4435)   Post Evacuate Collection Set: 1.9ms
[2025-01-08T04:58:00.076+0000][117150.442s][info][gc,phases   ] GC(4435)   Other: 0.2ms
[2025-01-08T04:58:00.076+0000][117150.442s][info][gc,heap     ] GC(4435) Eden regions: 66->0(913)
[2025-01-08T04:58:00.076+0000][117150.442s][info][gc,heap     ] GC(4435) Survivor regions: 10->4(10)
[2025-01-08T04:58:00.076+0000][117150.442s][info][gc,heap     ] GC(4435) Old regions: 250->247
[2025-01-08T04:58:00.076+0000][117150.442s][info][gc,heap     ] GC(4435) Archive regions: 2->2
[2025-01-08T04:58:00.076+0000][117150.442s][info][gc,heap     ] GC(4435) Humongous regions: 49->49
[2025-01-08T04:58:00.076+0000][117150.442s][info][gc,metaspace] GC(4435) Metaspace: 505712K(515072K)->505712K(515072K) NonClass: 444209K(449088K)->444209K(449088K) Class: 61502K(65984K)->61502K(65984K)
[2025-01-08T04:58:00.076+0000][117150.442s][info][gc          ] GC(4435) Pause Young (Mixed) (G1 Evacuation Pause) 2996M->2395M(12288M) 63.061ms
[2025-01-08T04:58:00.076+0000][117150.442s][info][gc,cpu      ] GC(4435) User=0.37s Sys=0.00s Real=0.06s
[2025-01-08T06:14:43.356+0000][121753.723s][info][gc,start    ] GC(4436) Pause Young (Normal) (G1 Evacuation Pause)
[2025-01-08T06:14:43.357+0000][121753.723s][info][gc,task     ] GC(4436) Using 6 workers of 6 for evacuation
[2025-01-08T06:14:43.374+0000][121753.740s][info][gc,phases   ] GC(4436)   Pre Evacuate Collection Set: 0.2ms
[2025-01-08T06:14:43.374+0000][121753.740s][info][gc,phases   ] GC(4436)   Merge Heap Roots: 0.3ms
[2025-01-08T06:14:43.374+0000][121753.740s][info][gc,phases   ] GC(4436)   Evacuate Collection Set: 11.6ms
[2025-01-08T06:14:43.374+0000][121753.740s][info][gc,phases   ] GC(4436)   Post Evacuate Collection Set: 5.1ms
[2025-01-08T06:14:43.374+0000][121753.740s][info][gc,phases   ] GC(4436)   Other: 0.3ms
[2025-01-08T06:14:43.374+0000][121753.740s][info][gc,heap     ] GC(4436) Eden regions: 913->0(911)
[2025-01-08T06:14:43.374+0000][121753.740s][info][gc,heap     ] GC(4436) Survivor regions: 4->5(115)
[2025-01-08T06:14:43.374+0000][121753.740s][info][gc,heap     ] GC(4436) Old regions: 247->247
[2025-01-08T06:14:43.374+0000][121753.740s][info][gc,heap     ] GC(4436) Archive regions: 2->2
[2025-01-08T06:14:43.374+0000][121753.740s][info][gc,heap     ] GC(4436) Humongous regions: 49->49
[2025-01-08T06:14:43.374+0000][121753.740s][info][gc,metaspace] GC(4436) Metaspace: 505717K(515072K)->505717K(515072K) NonClass: 444215K(449088K)->444215K(449088K) Class: 61502K(65984K)->61502K(65984K)
[2025-01-08T06:14:43.374+0000][121753.740s][info][gc          ] GC(4436) Pause Young (Normal) (G1 Evacuation Pause) 9699M->2407M(12288M) 17.454ms
[2025-01-08T06:14:43.374+0000][121753.740s][info][gc,cpu      ] GC(4436) User=0.10s Sys=0.00s Real=0.02s
[2025-01-08T07:37:00.097+0000][126690.463s][info][gc,start    ] GC(4437) Pause Young (Normal) (G1 Evacuation Pause)
[2025-01-08T07:37:00.097+0000][126690.463s][info][gc,task     ] GC(4437) Using 6 workers of 6 for evacuation
[2025-01-08T07:37:00.112+0000][126690.478s][info][gc,phases   ] GC(4437)   Pre Evacuate Collection Set: 0.2ms
[2025-01-08T07:37:00.112+0000][126690.478s][info][gc,phases   ] GC(4437)   Merge Heap Roots: 0.3ms
[2025-01-08T07:37:00.112+0000][126690.478s][info][gc,phases   ] GC(4437)   Evacuate Collection Set: 8.8ms
[2025-01-08T07:37:00.112+0000][126690.478s][info][gc,phases   ] GC(4437)   Post Evacuate Collection Set: 5.4ms
[2025-01-08T07:37:00.112+0000][126690.478s][info][gc,phases   ] GC(4437)   Other: 0.2ms
[2025-01-08T07:37:00.112+0000][126690.478s][info][gc,heap     ] GC(4437) Eden regions: 911->0(910)
[2025-01-08T07:37:00.112+0000][126690.478s][info][gc,heap     ] GC(4437) Survivor regions: 5->6(115)
[2025-01-08T07:37:00.112+0000][126690.478s][info][gc,heap     ] GC(4437) Old regions: 247->247
[2025-01-08T07:37:00.112+0000][126690.478s][info][gc,heap     ] GC(4437) Archive regions: 2->2
[2025-01-08T07:37:00.112+0000][126690.478s][info][gc,heap     ] GC(4437) Humongous regions: 49->49
[2025-01-08T07:37:00.112+0000][126690.478s][info][gc,metaspace] GC(4437) Metaspace: 505787K(515072K)->505787K(515072K) NonClass: 444284K(449088K)->444284K(449088K) Class: 61502K(65984K)->61502K(65984K)
[2025-01-08T07:37:00.112+0000][126690.478s][info][gc          ] GC(4437) Pause Young (Normal) (G1 Evacuation Pause) 9695M->2408M(12288M) 14.918ms
[2025-01-08T07:37:00.112+0000][126690.478s][info][gc,cpu      ] GC(4437) User=0.09s Sys=0.00s Real=0.02s
[2025-01-08T08:58:00.145+0000][131550.511s][info][gc,start    ] GC(4438) Pause Young (Concurrent Start) (G1 Evacuation Pause)
[2025-01-08T08:58:00.145+0000][131550.511s][info][gc,task     ] GC(4438) Using 6 workers of 6 for evacuation
[2025-01-08T08:58:00.164+0000][131550.530s][info][gc,phases   ] GC(4438)   Pre Evacuate Collection Set: 1.1ms
[2025-01-08T08:58:00.164+0000][131550.530s][info][gc,phases   ] GC(4438)   Merge Heap Roots: 0.3ms
[2025-01-08T08:58:00.164+0000][131550.530s][info][gc,phases   ] GC(4438)   Evacuate Collection Set: 11.5ms
[2025-01-08T08:58:00.164+0000][131550.530s][info][gc,phases   ] GC(4438)   Post Evacuate Collection Set: 5.8ms
[2025-01-08T08:58:00.164+0000][131550.530s][info][gc,phases   ] GC(4438)   Other: 0.3ms
[2025-01-08T08:58:00.164+0000][131550.530s][info][gc,heap     ] GC(4438) Eden regions: 910->0(910)
[2025-01-08T08:58:00.164+0000][131550.530s][info][gc,heap     ] GC(4438) Survivor regions: 6->6(115)
[2025-01-08T08:58:00.164+0000][131550.530s][info][gc,heap     ] GC(4438) Old regions: 247->247
[2025-01-08T08:58:00.164+0000][131550.530s][info][gc,heap     ] GC(4438) Archive regions: 2->2
[2025-01-08T08:58:00.164+0000][131550.530s][info][gc,heap     ] GC(4438) Humongous regions: 49->49
[2025-01-08T08:58:00.164+0000][131550.530s][info][gc,metaspace] GC(4438) Metaspace: 505792K(515072K)->505792K(515072K) NonClass: 444289K(449088K)->444289K(449088K) Class: 61502K(65984K)->61502K(65984K)
[2025-01-08T08:58:00.164+0000][131550.530s][info][gc          ] GC(4438) Pause Young (Concurrent Start) (G1 Evacuation Pause) 9688M->2409M(12288M) 19.008ms
[2025-01-08T08:58:00.164+0000][131550.530s][info][gc,cpu      ] GC(4438) User=0.11s Sys=0.00s Real=0.02s
[2025-01-08T08:58:00.164+0000][131550.530s][info][gc          ] GC(4439) Concurrent Mark Cycle
[2025-01-08T08:58:00.164+0000][131550.530s][info][gc,marking  ] GC(4439) Concurrent Clear Claimed Marks
[2025-01-08T08:58:00.165+0000][131550.531s][info][gc,marking  ] GC(4439) Concurrent Clear Claimed Marks 0.767ms
[2025-01-08T08:58:00.165+0000][131550.531s][info][gc,marking  ] GC(4439) Concurrent Scan Root Regions
[2025-01-08T08:58:00.175+0000][131550.541s][info][gc,marking  ] GC(4439) Concurrent Scan Root Regions 10.580ms
[2025-01-08T08:58:00.175+0000][131550.541s][info][gc,marking  ] GC(4439) Concurrent Mark
[2025-01-08T08:58:00.175+0000][131550.541s][info][gc,marking  ] GC(4439) Concurrent Mark From Roots
[2025-01-08T08:58:00.175+0000][131550.541s][info][gc,task     ] GC(4439) Using 2 workers of 2 for marking
[2025-01-08T08:58:00.884+0000][131551.250s][info][gc,marking  ] GC(4439) Concurrent Mark From Roots 708.606ms
[2025-01-08T08:58:00.884+0000][131551.250s][info][gc,marking  ] GC(4439) Concurrent Preclean
[2025-01-08T08:58:00.886+0000][131551.252s][info][gc,marking  ] GC(4439) Concurrent Preclean 2.368ms
[2025-01-08T08:58:00.886+0000][131551.253s][info][gc,start    ] GC(4439) Pause Remark
[2025-01-08T08:58:00.946+0000][131551.312s][info][gc          ] GC(4439) Pause Remark 2430M->2430M(12288M) 59.436ms
[2025-01-08T08:58:00.946+0000][131551.312s][info][gc,cpu      ] GC(4439) User=0.32s Sys=0.00s Real=0.06s
[2025-01-08T08:58:00.946+0000][131551.312s][info][gc,marking  ] GC(4439) Concurrent Mark 770.762ms
[2025-01-08T08:58:00.946+0000][131551.312s][info][gc,marking  ] GC(4439) Concurrent Rebuild Remembered Sets
[2025-01-08T08:58:01.407+0000][131551.773s][info][gc,marking  ] GC(4439) Concurrent Rebuild Remembered Sets 460.522ms
[2025-01-08T08:58:01.407+0000][131551.773s][info][gc,start    ] GC(4439) Pause Cleanup
[2025-01-08T08:58:01.407+0000][131551.773s][info][gc          ] GC(4439) Pause Cleanup 2430M->2430M(12288M) 0.425ms
[2025-01-08T08:58:01.407+0000][131551.773s][info][gc,cpu      ] GC(4439) User=0.00s Sys=0.00s Real=0.00s
[2025-01-08T08:58:01.407+0000][131551.773s][info][gc,marking  ] GC(4439) Concurrent Cleanup for Next Mark
[2025-01-08T08:58:01.423+0000][131551.790s][info][gc,marking  ] GC(4439) Concurrent Cleanup for Next Mark 16.159ms
[2025-01-08T08:58:01.423+0000][131551.790s][info][gc          ] GC(4439) Concurrent Mark Cycle 1259.558ms
[2025-01-08T10:16:00.042+0000][136230.408s][info][gc,start    ] GC(4440) Pause Young (Prepare Mixed) (G1 Evacuation Pause)
[2025-01-08T10:16:00.042+0000][136230.408s][info][gc,task     ] GC(4440) Using 6 workers of 6 for evacuation
[2025-01-08T10:16:00.061+0000][136230.427s][info][gc,phases   ] GC(4440)   Pre Evacuate Collection Set: 0.2ms
[2025-01-08T10:16:00.061+0000][136230.427s][info][gc,phases   ] GC(4440)   Merge Heap Roots: 0.3ms
[2025-01-08T10:16:00.061+0000][136230.427s][info][gc,phases   ] GC(4440)   Evacuate Collection Set: 13.1ms
[2025-01-08T10:16:00.061+0000][136230.427s][info][gc,phases   ] GC(4440)   Post Evacuate Collection Set: 5.1ms
[2025-01-08T10:16:00.061+0000][136230.427s][info][gc,phases   ] GC(4440)   Other: 0.2ms
[2025-01-08T10:16:00.061+0000][136230.427s][info][gc,heap     ] GC(4440) Eden regions: 910->0(70)
[2025-01-08T10:16:00.061+0000][136230.427s][info][gc,heap     ] GC(4440) Survivor regions: 6->6(115)
[2025-01-08T10:16:00.061+0000][136230.427s][info][gc,heap     ] GC(4440) Old regions: 247->247
[2025-01-08T10:16:00.061+0000][136230.427s][info][gc,heap     ] GC(4440) Archive regions: 2->2
[2025-01-08T10:16:00.061+0000][136230.427s][info][gc,heap     ] GC(4440) Humongous regions: 49->49
[2025-01-08T10:16:00.061+0000][136230.427s][info][gc,metaspace] GC(4440) Metaspace: 505273K(515072K)->505273K(515072K) NonClass: 443855K(449088K)->443855K(449088K) Class: 61418K(65984K)->61418K(65984K)
[2025-01-08T10:16:00.061+0000][136230.427s][info][gc          ] GC(4440) Pause Young (Prepare Mixed) (G1 Evacuation Pause) 9689M->2411M(12288M) 18.957ms
[2025-01-08T10:16:00.061+0000][136230.427s][info][gc,cpu      ] GC(4440) User=0.11s Sys=0.00s Real=0.01s
[2025-01-08T10:22:43.398+0000][136633.764s][info][gc,start    ] GC(4441) Pause Young (Mixed) (G1 Evacuation Pause)
[2025-01-08T10:22:43.398+0000][136633.764s][info][gc,task     ] GC(4441) Using 6 workers of 6 for evacuation
[2025-01-08T10:22:43.443+0000][136633.809s][info][gc,phases   ] GC(4441)   Pre Evacuate Collection Set: 0.2ms
[2025-01-08T10:22:43.443+0000][136633.809s][info][gc,phases   ] GC(4441)   Merge Heap Roots: 0.4ms
[2025-01-08T10:22:43.443+0000][136633.809s][info][gc,phases   ] GC(4441)   Evacuate Collection Set: 42.1ms
[2025-01-08T10:22:43.443+0000][136633.809s][info][gc,phases   ] GC(4441)   Post Evacuate Collection Set: 2.0ms
[2025-01-08T10:22:43.443+0000][136633.809s][info][gc,phases   ] GC(4441)   Other: 0.2ms
[2025-01-08T10:22:43.443+0000][136633.809s][info][gc,heap     ] GC(4441) Eden regions: 70->0(917)
[2025-01-08T10:22:43.443+0000][136633.809s][info][gc,heap     ] GC(4441) Survivor regions: 6->4(10)
[2025-01-08T10:22:43.443+0000][136633.809s][info][gc,heap     ] GC(4441) Old regions: 247->240
[2025-01-08T10:22:43.443+0000][136633.809s][info][gc,heap     ] GC(4441) Archive regions: 2->2
[2025-01-08T10:22:43.443+0000][136633.809s][info][gc,heap     ] GC(4441) Humongous regions: 49->49
[2025-01-08T10:22:43.443+0000][136633.809s][info][gc,metaspace] GC(4441) Metaspace: 505273K(515072K)->505273K(515072K) NonClass: 443855K(449088K)->443855K(449088K) Class: 61418K(65984K)->61418K(65984K)
[2025-01-08T10:22:43.443+0000][136633.809s][info][gc          ] GC(4441) Pause Young (Mixed) (G1 Evacuation Pause) 2971M->2346M(12288M) 44.996ms
[2025-01-08T10:22:43.443+0000][136633.809s][info][gc,cpu      ] GC(4441) User=0.26s Sys=0.00s Real=0.05s
[2025-01-08T11:44:00.121+0000][141510.487s][info][gc,start    ] GC(4442) Pause Young (Normal) (G1 Evacuation Pause)
[2025-01-08T11:44:00.121+0000][141510.487s][info][gc,task     ] GC(4442) Using 6 workers of 6 for evacuation
[2025-01-08T11:44:00.137+0000][141510.503s][info][gc,phases   ] GC(4442)   Pre Evacuate Collection Set: 0.2ms
[2025-01-08T11:44:00.137+0000][141510.503s][info][gc,phases   ] GC(4442)   Merge Heap Roots: 0.3ms
[2025-01-08T11:44:00.137+0000][141510.503s][info][gc,phases   ] GC(4442)   Evacuate Collection Set: 9.6ms
[2025-01-08T11:44:00.137+0000][141510.503s][info][gc,phases   ] GC(4442)   Post Evacuate Collection Set: 5.3ms
[2025-01-08T11:44:00.137+0000][141510.503s][info][gc,phases   ] GC(4442)   Other: 0.2ms
[2025-01-08T11:44:00.137+0000][141510.503s][info][gc,heap     ] GC(4442) Eden regions: 917->0(915)
[2025-01-08T11:44:00.137+0000][141510.503s][info][gc,heap     ] GC(4442) Survivor regions: 4->6(116)
[2025-01-08T11:44:00.137+0000][141510.503s][info][gc,heap     ] GC(4442) Old regions: 240->240
[2025-01-08T11:44:00.137+0000][141510.503s][info][gc,heap     ] GC(4442) Archive regions: 2->2
[2025-01-08T11:44:00.137+0000][141510.503s][info][gc,heap     ] GC(4442) Humongous regions: 49->49
[2025-01-08T11:44:00.137+0000][141510.503s][info][gc,metaspace] GC(4442) Metaspace: 505299K(515072K)->505299K(515072K) NonClass: 443881K(449088K)->443881K(449088K) Class: 61418K(65984K)->61418K(65984K)
[2025-01-08T11:44:00.137+0000][141510.503s][info][gc          ] GC(4442) Pause Young (Normal) (G1 Evacuation Pause) 9682M->2359M(12288M) 15.775ms
[2025-01-08T11:44:00.137+0000][141510.503s][info][gc,cpu      ] GC(4442) User=0.09s Sys=0.00s Real=0.02s
[2025-01-08T13:00:06.252+0000][146076.618s][info][gc,start    ] GC(4443) Pause Young (Normal) (G1 Evacuation Pause)
[2025-01-08T13:00:06.252+0000][146076.618s][info][gc,task     ] GC(4443) Using 6 workers of 6 for evacuation
[2025-01-08T13:00:06.271+0000][146076.637s][info][gc,phases   ] GC(4443)   Pre Evacuate Collection Set: 0.2ms
[2025-01-08T13:00:06.271+0000][146076.637s][info][gc,phases   ] GC(4443)   Merge Heap Roots: 0.3ms
[2025-01-08T13:00:06.271+0000][146076.637s][info][gc,phases   ] GC(4443)   Evacuate Collection Set: 13.6ms
[2025-01-08T13:00:06.271+0000][146076.637s][info][gc,phases   ] GC(4443)   Post Evacuate Collection Set: 5.2ms
[2025-01-08T13:00:06.271+0000][146076.637s][info][gc,phases   ] GC(4443)   Other: 0.2ms
[2025-01-08T13:00:06.271+0000][146076.637s][info][gc,heap     ] GC(4443) Eden regions: 915->0(915)
[2025-01-08T13:00:06.271+0000][146076.637s][info][gc,heap     ] GC(4443) Survivor regions: 6->6(116)
[2025-01-08T13:00:06.271+0000][146076.637s][info][gc,heap     ] GC(4443) Old regions: 240->240
[2025-01-08T13:00:06.271+0000][146076.637s][info][gc,heap     ] GC(4443) Archive regions: 2->2
[2025-01-08T13:00:06.271+0000][146076.637s][info][gc,heap     ] GC(4443) Humongous regions: 49->49
[2025-01-08T13:00:06.271+0000][146076.637s][info][gc,metaspace] GC(4443) Metaspace: 505370K(515072K)->505370K(515072K) NonClass: 443942K(449088K)->443942K(449088K) Class: 61427K(65984K)->61427K(65984K)
[2025-01-08T13:00:06.271+0000][146076.638s][info][gc          ] GC(4443) Pause Young (Normal) (G1 Evacuation Pause) 9679M->2362M(12288M) 19.569ms
[2025-01-08T13:00:06.271+0000][146076.638s][info][gc,cpu      ] GC(4443) User=0.11s Sys=0.00s Real=0.02s
[2025-01-08T14:22:10.553+0000][151000.919s][info][gc,start    ] GC(4444) Pause Young (Concurrent Start) (G1 Evacuation Pause)
[2025-01-08T14:22:10.553+0000][151000.919s][info][gc,task     ] GC(4444) Using 6 workers of 6 for evacuation
[2025-01-08T14:22:10.571+0000][151000.938s][info][gc,phases   ] GC(4444)   Pre Evacuate Collection Set: 1.1ms
[2025-01-08T14:22:10.571+0000][151000.938s][info][gc,phases   ] GC(4444)   Merge Heap Roots: 0.3ms
[2025-01-08T14:22:10.571+0000][151000.938s][info][gc,phases   ] GC(4444)   Evacuate Collection Set: 12.0ms
[2025-01-08T14:22:10.571+0000][151000.938s][info][gc,phases   ] GC(4444)   Post Evacuate Collection Set: 5.3ms
[2025-01-08T14:22:10.572+0000][151000.938s][info][gc,phases   ] GC(4444)   Other: 0.3ms
[2025-01-08T14:22:10.572+0000][151000.938s][info][gc,heap     ] GC(4444) Eden regions: 915->0(915)
[2025-01-08T14:22:10.572+0000][151000.938s][info][gc,heap     ] GC(4444) Survivor regions: 6->6(116)
[2025-01-08T14:22:10.572+0000][151000.938s][info][gc,heap     ] GC(4444) Old regions: 240->240
[2025-01-08T14:22:10.572+0000][151000.938s][info][gc,heap     ] GC(4444) Archive regions: 2->2
[2025-01-08T14:22:10.572+0000][151000.938s][info][gc,heap     ] GC(4444) Humongous regions: 49->49
[2025-01-08T14:22:10.572+0000][151000.938s][info][gc,metaspace] GC(4444) Metaspace: 505379K(515072K)->505379K(515072K) NonClass: 443950K(449088K)->443950K(449088K) Class: 61429K(65984K)->61429K(65984K)
[2025-01-08T14:22:10.572+0000][151000.938s][info][gc          ] GC(4444) Pause Young (Concurrent Start) (G1 Evacuation Pause) 9682M->2365M(12288M) 18.999ms
[2025-01-08T14:22:10.572+0000][151000.938s][info][gc,cpu      ] GC(4444) User=0.10s Sys=0.00s Real=0.02s
[2025-01-08T14:22:10.572+0000][151000.938s][info][gc          ] GC(4445) Concurrent Mark Cycle
[2025-01-08T14:22:10.572+0000][151000.938s][info][gc,marking  ] GC(4445) Concurrent Clear Claimed Marks
[2025-01-08T14:22:10.572+0000][151000.939s][info][gc,marking  ] GC(4445) Concurrent Clear Claimed Marks 0.781ms
[2025-01-08T14:22:10.572+0000][151000.939s][info][gc,marking  ] GC(4445) Concurrent Scan Root Regions
[2025-01-08T14:22:10.582+0000][151000.948s][info][gc,marking  ] GC(4445) Concurrent Scan Root Regions 9.690ms
[2025-01-08T14:22:10.582+0000][151000.948s][info][gc,marking  ] GC(4445) Concurrent Mark
[2025-01-08T14:22:10.582+0000][151000.948s][info][gc,marking  ] GC(4445) Concurrent Mark From Roots
[2025-01-08T14:22:10.582+0000][151000.948s][info][gc,task     ] GC(4445) Using 2 workers of 2 for marking
[2025-01-08T14:22:11.268+0000][151001.634s][info][gc,marking  ] GC(4445) Concurrent Mark From Roots 685.638ms
[2025-01-08T14:22:11.268+0000][151001.634s][info][gc,marking  ] GC(4445) Concurrent Preclean
[2025-01-08T14:22:11.270+0000][151001.636s][info][gc,marking  ] GC(4445) Concurrent Preclean 2.396ms
[2025-01-08T14:22:11.270+0000][151001.636s][info][gc,start    ] GC(4445) Pause Remark
[2025-01-08T14:22:11.296+0000][151001.662s][info][gc          ] GC(4445) Pause Remark 2385M->2385M(12288M) 25.751ms
[2025-01-08T14:22:11.296+0000][151001.662s][info][gc,cpu      ] GC(4445) User=0.15s Sys=0.00s Real=0.02s
[2025-01-08T14:22:11.296+0000][151001.662s][info][gc,marking  ] GC(4445) Concurrent Mark 714.117ms
[2025-01-08T14:22:11.296+0000][151001.662s][info][gc,marking  ] GC(4445) Concurrent Rebuild Remembered Sets
[2025-01-08T14:22:11.754+0000][151002.120s][info][gc,marking  ] GC(4445) Concurrent Rebuild Remembered Sets 457.446ms
[2025-01-08T14:22:11.754+0000][151002.120s][info][gc,start    ] GC(4445) Pause Cleanup
[2025-01-08T14:22:11.754+0000][151002.120s][info][gc          ] GC(4445) Pause Cleanup 2386M->2386M(12288M) 0.452ms
[2025-01-08T14:22:11.754+0000][151002.120s][info][gc,cpu      ] GC(4445) User=0.00s Sys=0.00s Real=0.00s
[2025-01-08T14:22:11.754+0000][151002.121s][info][gc,marking  ] GC(4445) Concurrent Cleanup for Next Mark
[2025-01-08T14:22:11.770+0000][151002.136s][info][gc,marking  ] GC(4445) Concurrent Cleanup for Next Mark 15.334ms
[2025-01-08T14:22:11.770+0000][151002.136s][info][gc          ] GC(4445) Concurrent Mark Cycle 1198.154ms
[2025-01-08T15:42:44.172+0000][155834.538s][info][gc,start    ] GC(4446) Pause Young (Prepare Mixed) (G1 Evacuation Pause)
[2025-01-08T15:42:44.172+0000][155834.538s][info][gc,task     ] GC(4446) Using 6 workers of 6 for evacuation
[2025-01-08T15:42:44.193+0000][155834.560s][info][gc,phases   ] GC(4446)   Pre Evacuate Collection Set: 0.2ms
[2025-01-08T15:42:44.193+0000][155834.560s][info][gc,phases   ] GC(4446)   Merge Heap Roots: 0.3ms
[2025-01-08T15:42:44.193+0000][155834.560s][info][gc,phases   ] GC(4446)   Evacuate Collection Set: 15.1ms
[2025-01-08T15:42:44.193+0000][155834.560s][info][gc,phases   ] GC(4446)   Post Evacuate Collection Set: 5.8ms
[2025-01-08T15:42:44.193+0000][155834.560s][info][gc,phases   ] GC(4446)   Other: 0.2ms
[2025-01-08T15:42:44.193+0000][155834.560s][info][gc,heap     ] GC(4446) Eden regions: 915->0(70)
[2025-01-08T15:42:44.194+0000][155834.560s][info][gc,heap     ] GC(4446) Survivor regions: 6->6(116)
[2025-01-08T15:42:44.194+0000][155834.560s][info][gc,heap     ] GC(4446) Old regions: 240->240
[2025-01-08T15:42:44.194+0000][155834.560s][info][gc,heap     ] GC(4446) Archive regions: 2->2
[2025-01-08T15:42:44.194+0000][155834.560s][info][gc,heap     ] GC(4446) Humongous regions: 49->49
[2025-01-08T15:42:44.194+0000][155834.560s][info][gc,metaspace] GC(4446) Metaspace: 505514K(515072K)->505514K(515072K) NonClass: 444085K(449088K)->444085K(449088K) Class: 61429K(65984K)->61429K(65984K)
[2025-01-08T15:42:44.194+0000][155834.560s][info][gc          ] GC(4446) Pause Young (Prepare Mixed) (G1 Evacuation Pause) 9685M->2365M(12288M) 21.776ms
[2025-01-08T15:42:44.194+0000][155834.560s][info][gc,cpu      ] GC(4446) User=0.13s Sys=0.00s Real=0.02s
[2025-01-08T15:50:00.112+0000][156270.479s][info][gc,start    ] GC(4447) Pause Young (Mixed) (G1 Evacuation Pause)
[2025-01-08T15:50:00.112+0000][156270.479s][info][gc,task     ] GC(4447) Using 6 workers of 6 for evacuation
[2025-01-08T15:50:00.160+0000][156270.526s][info][gc,phases   ] GC(4447)   Pre Evacuate Collection Set: 0.2ms
[2025-01-08T15:50:00.160+0000][156270.526s][info][gc,phases   ] GC(4447)   Merge Heap Roots: 0.5ms
[2025-01-08T15:50:00.160+0000][156270.526s][info][gc,phases   ] GC(4447)   Evacuate Collection Set: 44.6ms
[2025-01-08T15:50:00.160+0000][156270.526s][info][gc,phases   ] GC(4447)   Post Evacuate Collection Set: 2.1ms
[2025-01-08T15:50:00.160+0000][156270.526s][info][gc,phases   ] GC(4447)   Other: 0.2ms
[2025-01-08T15:50:00.160+0000][156270.526s][info][gc,heap     ] GC(4447) Eden regions: 70->0(917)
[2025-01-08T15:50:00.160+0000][156270.526s][info][gc,heap     ] GC(4447) Survivor regions: 6->4(10)
[2025-01-08T15:50:00.160+0000][156270.526s][info][gc,heap     ] GC(4447) Old regions: 240->235
[2025-01-08T15:50:00.160+0000][156270.526s][info][gc,heap     ] GC(4447) Archive regions: 2->2
[2025-01-08T15:50:00.160+0000][156270.526s][info][gc,heap     ] GC(4447) Humongous regions: 49->49
[2025-01-08T15:50:00.160+0000][156270.526s][info][gc,metaspace] GC(4447) Metaspace: 505515K(515072K)->505515K(515072K) NonClass: 444085K(449088K)->444085K(449088K) Class: 61429K(65984K)->61429K(65984K)
[2025-01-08T15:50:00.160+0000][156270.526s][info][gc          ] GC(4447) Pause Young (Mixed) (G1 Evacuation Pause) 2925M->2306M(12288M) 47.727ms
[2025-01-08T15:50:00.160+0000][156270.526s][info][gc,cpu      ] GC(4447) User=0.27s Sys=0.00s Real=0.04s
[2025-01-08T16:50:24.458+0000][159894.824s][info][gc,start    ] GC(4448) Pause Young (Normal) (G1 Evacuation Pause)
[2025-01-08T16:50:24.458+0000][159894.824s][info][gc,task     ] GC(4448) Using 6 workers of 6 for evacuation
[2025-01-08T16:50:24.496+0000][159894.862s][info][gc,phases   ] GC(4448)   Pre Evacuate Collection Set: 0.2ms
[2025-01-08T16:50:24.496+0000][159894.862s][info][gc,phases   ] GC(4448)   Merge Heap Roots: 0.5ms
[2025-01-08T16:50:24.496+0000][159894.862s][info][gc,phases   ] GC(4448)   Evacuate Collection Set: 32.1ms
[2025-01-08T16:50:24.496+0000][159894.862s][info][gc,phases   ] GC(4448)   Post Evacuate Collection Set: 5.5ms
[2025-01-08T16:50:24.496+0000][159894.862s][info][gc,phases   ] GC(4448)   Other: 0.2ms
[2025-01-08T16:50:24.496+0000][159894.862s][info][gc,heap     ] GC(4448) Eden regions: 917->0(911)
[2025-01-08T16:50:24.496+0000][159894.862s][info][gc,heap     ] GC(4448) Survivor regions: 4->10(116)
[2025-01-08T16:50:24.496+0000][159894.862s][info][gc,heap     ] GC(4448) Old regions: 235->235
[2025-01-08T16:50:24.496+0000][159894.862s][info][gc,heap     ] GC(4448) Archive regions: 2->2
[2025-01-08T16:50:24.496+0000][159894.862s][info][gc,heap     ] GC(4448) Humongous regions: 49->49
[2025-01-08T16:50:24.496+0000][159894.862s][info][gc,metaspace] GC(4448) Metaspace: 505734K(515072K)->505734K(515072K) NonClass: 444266K(449088K)->444266K(449088K) Class: 61468K(65984K)->61468K(65984K)
[2025-01-08T16:50:24.496+0000][159894.862s][info][gc          ] GC(4448) Pause Young (Normal) (G1 Evacuation Pause) 9642M->2352M(12288M) 38.642ms
[2025-01-08T16:50:24.496+0000][159894.862s][info][gc,cpu      ] GC(4448) User=0.22s Sys=0.00s Real=0.04s
[2025-01-08T16:51:10.763+0000][159941.129s][info][gc,start    ] GC(4449) Pause Young (Normal) (G1 Evacuation Pause)
[2025-01-08T16:51:10.763+0000][159941.129s][info][gc,task     ] GC(4449) Using 6 workers of 6 for evacuation
[2025-01-08T16:51:10.811+0000][159941.178s][info][gc,phases   ] GC(4449)   Pre Evacuate Collection Set: 0.2ms
[2025-01-08T16:51:10.811+0000][159941.178s][info][gc,phases   ] GC(4449)   Merge Heap Roots: 0.5ms
[2025-01-08T16:51:10.811+0000][159941.178s][info][gc,phases   ] GC(4449)   Evacuate Collection Set: 43.5ms
[2025-01-08T16:51:10.811+0000][159941.178s][info][gc,phases   ] GC(4449)   Post Evacuate Collection Set: 4.0ms
[2025-01-08T16:51:10.811+0000][159941.178s][info][gc,phases   ] GC(4449)   Other: 0.2ms
[2025-01-08T16:51:10.811+0000][159941.178s][info][gc,heap     ] GC(4449) Eden regions: 911->0(911)
[2025-01-08T16:51:10.811+0000][159941.178s][info][gc,heap     ] GC(4449) Survivor regions: 10->10(116)
[2025-01-08T16:51:10.811+0000][159941.178s][info][gc,heap     ] GC(4449) Old regions: 235->235
[2025-01-08T16:51:10.811+0000][159941.178s][info][gc,heap     ] GC(4449) Archive regions: 2->2
[2025-01-08T16:51:10.811+0000][159941.178s][info][gc,heap     ] GC(4449) Humongous regions: 49->49
[2025-01-08T16:51:10.811+0000][159941.178s][info][gc,metaspace] GC(4449) Metaspace: 505742K(515072K)->505742K(515072K) NonClass: 444274K(449088K)->444274K(449088K) Class: 61468K(65984K)->61468K(65984K)
[2025-01-08T16:51:10.812+0000][159941.178s][info][gc          ] GC(4449) Pause Young (Normal) (G1 Evacuation Pause) 9640M->2353M(12288M) 48.563ms
[2025-01-08T16:51:10.812+0000][159941.178s][info][gc,cpu      ] GC(4449) User=0.28s Sys=0.01s Real=0.05s
[2025-01-08T16:51:13.059+0000][159943.425s][info][gc,start    ] GC(4450) Pause Young (Concurrent Start) (G1 Humongous Allocation)
[2025-01-08T16:51:13.059+0000][159943.425s][info][gc,task     ] GC(4450) Using 6 workers of 6 for evacuation
[2025-01-08T16:51:13.099+0000][159943.465s][info][gc,phases   ] GC(4450)   Pre Evacuate Collection Set: 1.0ms
[2025-01-08T16:51:13.099+0000][159943.465s][info][gc,phases   ] GC(4450)   Merge Heap Roots: 0.5ms
[2025-01-08T16:51:13.099+0000][159943.465s][info][gc,phases   ] GC(4450)   Evacuate Collection Set: 36.7ms
[2025-01-08T16:51:13.099+0000][159943.465s][info][gc,phases   ] GC(4450)   Post Evacuate Collection Set: 1.8ms
[2025-01-08T16:51:13.099+0000][159943.465s][info][gc,phases   ] GC(4450)   Other: 0.3ms
[2025-01-08T16:51:13.099+0000][159943.465s][info][gc,heap     ] GC(4450) Eden regions: 85->0(883)
[2025-01-08T16:51:13.099+0000][159943.465s][info][gc,heap     ] GC(4450) Survivor regions: 10->12(116)
[2025-01-08T16:51:13.099+0000][159943.465s][info][gc,heap     ] GC(4450) Old regions: 235->235
[2025-01-08T16:51:13.099+0000][159943.465s][info][gc,heap     ] GC(4450) Archive regions: 2->2
[2025-01-08T16:51:13.099+0000][159943.465s][info][gc,heap     ] GC(4450) Humongous regions: 49->49
[2025-01-08T16:51:13.099+0000][159943.465s][info][gc,metaspace] GC(4450) Metaspace: 505774K(515072K)->505774K(515072K) NonClass: 444301K(449088K)->444301K(449088K) Class: 61472K(65984K)->61472K(65984K)
[2025-01-08T16:51:13.099+0000][159943.465s][info][gc          ] GC(4450) Pause Young (Concurrent Start) (G1 Humongous Allocation) 3031M->2370M(12288M) 40.225ms
[2025-01-08T16:51:13.099+0000][159943.465s][info][gc,cpu      ] GC(4450) User=0.23s Sys=0.00s Real=0.04s
[2025-01-08T16:51:13.099+0000][159943.465s][info][gc          ] GC(4451) Concurrent Mark Cycle
[2025-01-08T16:51:13.099+0000][159943.465s][info][gc,marking  ] GC(4451) Concurrent Clear Claimed Marks
[2025-01-08T16:51:13.100+0000][159943.466s][info][gc,marking  ] GC(4451) Concurrent Clear Claimed Marks 0.795ms
[2025-01-08T16:51:13.100+0000][159943.466s][info][gc,marking  ] GC(4451) Concurrent Scan Root Regions
[2025-01-08T16:51:13.134+0000][159943.500s][info][gc,marking  ] GC(4451) Concurrent Scan Root Regions 34.327ms
[2025-01-08T16:51:13.134+0000][159943.500s][info][gc,marking  ] GC(4451) Concurrent Mark
[2025-01-08T16:51:13.134+0000][159943.500s][info][gc,marking  ] GC(4451) Concurrent Mark From Roots
[2025-01-08T16:51:13.134+0000][159943.500s][info][gc,task     ] GC(4451) Using 2 workers of 2 for marking
[2025-01-08T16:51:13.789+0000][159944.155s][info][gc,marking  ] GC(4451) Concurrent Mark From Roots 654.632ms
[2025-01-08T16:51:13.789+0000][159944.155s][info][gc,marking  ] GC(4451) Concurrent Preclean
[2025-01-08T16:51:13.791+0000][159944.157s][info][gc,marking  ] GC(4451) Concurrent Preclean 2.290ms
[2025-01-08T16:51:13.791+0000][159944.158s][info][gc,start    ] GC(4451) Pause Remark
[2025-01-08T16:51:13.817+0000][159944.184s][info][gc          ] GC(4451) Pause Remark 2602M->2602M(12288M) 25.995ms
[2025-01-08T16:51:13.818+0000][159944.184s][info][gc,cpu      ] GC(4451) User=0.14s Sys=0.01s Real=0.02s
[2025-01-08T16:51:13.818+0000][159944.184s][info][gc,marking  ] GC(4451) Concurrent Mark 683.233ms
[2025-01-08T16:51:13.818+0000][159944.184s][info][gc,marking  ] GC(4451) Concurrent Rebuild Remembered Sets
[2025-01-08T16:51:14.257+0000][159944.623s][info][gc,marking  ] GC(4451) Concurrent Rebuild Remembered Sets 439.539ms
[2025-01-08T16:51:14.257+0000][159944.623s][info][gc,start    ] GC(4451) Pause Cleanup
[2025-01-08T16:51:14.258+0000][159944.624s][info][gc          ] GC(4451) Pause Cleanup 2750M->2750M(12288M) 0.490ms
[2025-01-08T16:51:14.258+0000][159944.624s][info][gc,cpu      ] GC(4451) User=0.00s Sys=0.00s Real=0.00s
[2025-01-08T16:51:14.258+0000][159944.624s][info][gc,marking  ] GC(4451) Concurrent Cleanup for Next Mark
[2025-01-08T16:51:14.273+0000][159944.639s][info][gc,marking  ] GC(4451) Concurrent Cleanup for Next Mark 15.383ms
[2025-01-08T16:51:14.273+0000][159944.639s][info][gc          ] GC(4451) Concurrent Mark Cycle 1174.157ms
[2025-01-08T16:51:29.303+0000][159959.669s][info][gc,start    ] GC(4452) Pause Young (Prepare Mixed) (G1 Evacuation Pause)
[2025-01-08T16:51:29.303+0000][159959.669s][info][gc,task     ] GC(4452) Using 6 workers of 6 for evacuation
[2025-01-08T16:51:29.356+0000][159959.722s][info][gc,phases   ] GC(4452)   Pre Evacuate Collection Set: 0.3ms
[2025-01-08T16:51:29.356+0000][159959.722s][info][gc,phases   ] GC(4452)   Merge Heap Roots: 1.0ms
[2025-01-08T16:51:29.356+0000][159959.722s][info][gc,phases   ] GC(4452)   Evacuate Collection Set: 48.5ms
[2025-01-08T16:51:29.356+0000][159959.722s][info][gc,phases   ] GC(4452)   Post Evacuate Collection Set: 3.0ms
[2025-01-08T16:51:29.356+0000][159959.722s][info][gc,phases   ] GC(4452)   Other: 0.3ms
[2025-01-08T16:51:29.356+0000][159959.722s][info][gc,heap     ] GC(4452) Eden regions: 883->0(62)
[2025-01-08T16:51:29.356+0000][159959.722s][info][gc,heap     ] GC(4452) Survivor regions: 12->14(112)
[2025-01-08T16:51:29.356+0000][159959.722s][info][gc,heap     ] GC(4452) Old regions: 235->235
[2025-01-08T16:51:29.356+0000][159959.722s][info][gc,heap     ] GC(4452) Archive regions: 2->2
[2025-01-08T16:51:29.356+0000][159959.722s][info][gc,heap     ] GC(4452) Humongous regions: 65->65
[2025-01-08T16:51:29.356+0000][159959.722s][info][gc,metaspace] GC(4452) Metaspace: 505931K(515072K)->505931K(515072K) NonClass: 444424K(449088K)->444424K(449088K) Class: 61506K(65984K)->61506K(65984K)
[2025-01-08T16:51:29.356+0000][159959.722s][info][gc          ] GC(4452) Pause Young (Prepare Mixed) (G1 Evacuation Pause) 9562M->2517M(12288M) 53.081ms
[2025-01-08T16:51:29.356+0000][159959.722s][info][gc,cpu      ] GC(4452) User=0.31s Sys=0.01s Real=0.05s
[2025-01-08T16:51:29.690+0000][159960.056s][info][gc,start    ] GC(4453) Pause Young (Mixed) (G1 Evacuation Pause)
[2025-01-08T16:51:29.690+0000][159960.056s][info][gc,task     ] GC(4453) Using 6 workers of 6 for evacuation
[2025-01-08T16:51:29.769+0000][159960.135s][info][gc,phases   ] GC(4453)   Pre Evacuate Collection Set: 0.2ms
[2025-01-08T16:51:29.769+0000][159960.135s][info][gc,phases   ] GC(4453)   Merge Heap Roots: 0.8ms
[2025-01-08T16:51:29.769+0000][159960.135s][info][gc,phases   ] GC(4453)   Evacuate Collection Set: 76.2ms
[2025-01-08T16:51:29.769+0000][159960.135s][info][gc,phases   ] GC(4453)   Post Evacuate Collection Set: 1.8ms
[2025-01-08T16:51:29.769+0000][159960.135s][info][gc,phases   ] GC(4453)   Other: 0.2ms
[2025-01-08T16:51:29.769+0000][159960.135s][info][gc,heap     ] GC(4453) Eden regions: 62->0(880)
[2025-01-08T16:51:29.769+0000][159960.135s][info][gc,heap     ] GC(4453) Survivor regions: 14->5(10)
[2025-01-08T16:51:29.769+0000][159960.135s][info][gc,heap     ] GC(4453) Old regions: 235->237
[2025-01-08T16:51:29.769+0000][159960.135s][info][gc,heap     ] GC(4453) Archive regions: 2->2
[2025-01-08T16:51:29.769+0000][159960.135s][info][gc,heap     ] GC(4453) Humongous regions: 65->65
[2025-01-08T16:51:29.769+0000][159960.135s][info][gc,metaspace] GC(4453) Metaspace: 505931K(515072K)->505931K(515072K) NonClass: 444424K(449088K)->444424K(449088K) Class: 61506K(65984K)->61506K(65984K)
[2025-01-08T16:51:29.769+0000][159960.135s][info][gc          ] GC(4453) Pause Young (Mixed) (G1 Evacuation Pause) 3013M->2460M(12288M) 79.216ms
[2025-01-08T16:51:29.769+0000][159960.135s][info][gc,cpu      ] GC(4453) User=0.46s Sys=0.00s Real=0.07s
[2025-01-08T16:51:53.691+0000][159984.057s][info][gc,start    ] GC(4454) Pause Young (Normal) (GCLocker Initiated GC)
[2025-01-08T16:51:53.691+0000][159984.057s][info][gc,task     ] GC(4454) Using 6 workers of 6 for evacuation
[2025-01-08T16:51:53.720+0000][159984.086s][info][gc,phases   ] GC(4454)   Pre Evacuate Collection Set: 0.2ms
[2025-01-08T16:51:53.720+0000][159984.086s][info][gc,phases   ] GC(4454)   Merge Heap Roots: 0.4ms
[2025-01-08T16:51:53.720+0000][159984.086s][info][gc,phases   ] GC(4454)   Evacuate Collection Set: 25.1ms
[2025-01-08T16:51:53.720+0000][159984.086s][info][gc,phases   ] GC(4454)   Post Evacuate Collection Set: 2.8ms
[2025-01-08T16:51:53.720+0000][159984.086s][info][gc,phases   ] GC(4454)   Other: 0.2ms
[2025-01-08T16:51:53.720+0000][159984.086s][info][gc,heap     ] GC(4454) Eden regions: 881->0(871)
[2025-01-08T16:51:53.720+0000][159984.086s][info][gc,heap     ] GC(4454) Survivor regions: 5->7(111)
[2025-01-08T16:51:53.720+0000][159984.086s][info][gc,heap     ] GC(4454) Old regions: 237->237
[2025-01-08T16:51:53.720+0000][159984.086s][info][gc,heap     ] GC(4454) Archive regions: 2->2
[2025-01-08T16:51:53.720+0000][159984.086s][info][gc,heap     ] GC(4454) Humongous regions: 77->77
[2025-01-08T16:51:53.720+0000][159984.086s][info][gc,metaspace] GC(4454) Metaspace: 505971K(515072K)->505971K(515072K) NonClass: 444455K(449088K)->444455K(449088K) Class: 61516K(65984K)->61516K(65984K)
[2025-01-08T16:51:53.720+0000][159984.086s][info][gc          ] GC(4454) Pause Young (Normal) (GCLocker Initiated GC) 9600M->2570M(12288M) 28.754ms
[2025-01-08T16:51:53.720+0000][159984.086s][info][gc,cpu      ] GC(4454) User=0.16s Sys=0.00s Real=0.02s
[2025-01-08T16:52:15.171+0000][160005.537s][info][gc,start    ] GC(4455) Pause Young (Concurrent Start) (G1 Humongous Allocation)
[2025-01-08T16:52:15.171+0000][160005.537s][info][gc,task     ] GC(4455) Using 6 workers of 6 for evacuation
[2025-01-08T16:52:15.206+0000][160005.572s][info][gc,phases   ] GC(4455)   Pre Evacuate Collection Set: 1.0ms
[2025-01-08T16:52:15.206+0000][160005.572s][info][gc,phases   ] GC(4455)   Merge Heap Roots: 0.5ms
[2025-01-08T16:52:15.206+0000][160005.572s][info][gc,phases   ] GC(4455)   Evacuate Collection Set: 30.6ms
[2025-01-08T16:52:15.206+0000][160005.572s][info][gc,phases   ] GC(4455)   Post Evacuate Collection Set: 2.7ms
[2025-01-08T16:52:15.206+0000][160005.572s][info][gc,phases   ] GC(4455)   Other: 0.3ms
[2025-01-08T16:52:15.206+0000][160005.572s][info][gc,heap     ] GC(4455) Eden regions: 795->0(873)
[2025-01-08T16:52:15.206+0000][160005.572s][info][gc,heap     ] GC(4455) Survivor regions: 7->9(110)
[2025-01-08T16:52:15.206+0000][160005.572s][info][gc,heap     ] GC(4455) Old regions: 237->237
[2025-01-08T16:52:15.206+0000][160005.572s][info][gc,heap     ] GC(4455) Archive regions: 2->2
[2025-01-08T16:52:15.206+0000][160005.572s][info][gc,heap     ] GC(4455) Humongous regions: 77->77
[2025-01-08T16:52:15.206+0000][160005.572s][info][gc,metaspace] GC(4455) Metaspace: 505992K(515072K)->505992K(515072K) NonClass: 444473K(449088K)->444473K(449088K) Class: 61519K(65984K)->61519K(65984K)
[2025-01-08T16:52:15.206+0000][160005.572s][info][gc          ] GC(4455) Pause Young (Concurrent Start) (G1 Humongous Allocation) 8929M->2587M(12288M) 35.218ms
[2025-01-08T16:52:15.206+0000][160005.572s][info][gc,cpu      ] GC(4455) User=0.20s Sys=0.00s Real=0.03s
[2025-01-08T16:52:15.206+0000][160005.572s][info][gc          ] GC(4456) Concurrent Mark Cycle
[2025-01-08T16:52:15.206+0000][160005.572s][info][gc,marking  ] GC(4456) Concurrent Clear Claimed Marks
[2025-01-08T16:52:15.207+0000][160005.573s][info][gc,marking  ] GC(4456) Concurrent Clear Claimed Marks 0.859ms
[2025-01-08T16:52:15.207+0000][160005.573s][info][gc,marking  ] GC(4456) Concurrent Scan Root Regions
[2025-01-08T16:52:15.236+0000][160005.602s][info][gc,marking  ] GC(4456) Concurrent Scan Root Regions 29.283ms
[2025-01-08T16:52:15.236+0000][160005.602s][info][gc,marking  ] GC(4456) Concurrent Mark
[2025-01-08T16:52:15.236+0000][160005.602s][info][gc,marking  ] GC(4456) Concurrent Mark From Roots
[2025-01-08T16:52:15.236+0000][160005.602s][info][gc,task     ] GC(4456) Using 2 workers of 2 for marking
[2025-01-08T16:52:15.973+0000][160006.339s][info][gc,marking  ] GC(4456) Concurrent Mark From Roots 736.233ms
[2025-01-08T16:52:15.973+0000][160006.339s][info][gc,marking  ] GC(4456) Concurrent Preclean
[2025-01-08T16:52:15.975+0000][160006.341s][info][gc,marking  ] GC(4456) Concurrent Preclean 2.301ms
[2025-01-08T16:52:15.975+0000][160006.341s][info][gc,start    ] GC(4456) Pause Remark
[2025-01-08T16:52:16.030+0000][160006.396s][info][gc          ] GC(4456) Pause Remark 2930M->2706M(12288M) 54.705ms
[2025-01-08T16:52:16.030+0000][160006.396s][info][gc,cpu      ] GC(4456) User=0.29s Sys=0.01s Real=0.06s
[2025-01-08T16:52:16.030+0000][160006.396s][info][gc,marking  ] GC(4456) Concurrent Mark 793.679ms
[2025-01-08T16:52:16.030+0000][160006.396s][info][gc,marking  ] GC(4456) Concurrent Rebuild Remembered Sets
[2025-01-08T16:52:16.484+0000][160006.850s][info][gc,marking  ] GC(4456) Concurrent Rebuild Remembered Sets 454.185ms
[2025-01-08T16:52:16.484+0000][160006.851s][info][gc,start    ] GC(4456) Pause Cleanup
[2025-01-08T16:52:16.485+0000][160006.851s][info][gc          ] GC(4456) Pause Cleanup 2795M->2795M(12288M) 0.403ms
[2025-01-08T16:52:16.485+0000][160006.851s][info][gc,cpu      ] GC(4456) User=0.00s Sys=0.00s Real=0.00s
[2025-01-08T16:52:16.485+0000][160006.851s][info][gc,marking  ] GC(4456) Concurrent Cleanup for Next Mark
[2025-01-08T16:52:16.511+0000][160006.877s][info][gc,marking  ] GC(4456) Concurrent Cleanup for Next Mark 26.467ms
[2025-01-08T16:52:16.511+0000][160006.878s][info][gc          ] GC(4456) Concurrent Mark Cycle 1305.270ms
[2025-01-08T16:52:28.582+0000][160018.948s][info][gc,start    ] GC(4457) Pause Young (Prepare Mixed) (G1 Evacuation Pause)
[2025-01-08T16:52:28.582+0000][160018.948s][info][gc,task     ] GC(4457) Using 6 workers of 6 for evacuation
[2025-01-08T16:52:28.616+0000][160018.982s][info][gc,phases   ] GC(4457)   Pre Evacuate Collection Set: 0.2ms
[2025-01-08T16:52:28.616+0000][160018.982s][info][gc,phases   ] GC(4457)   Merge Heap Roots: 0.7ms
[2025-01-08T16:52:28.616+0000][160018.982s][info][gc,phases   ] GC(4457)   Evacuate Collection Set: 31.2ms
[2025-01-08T16:52:28.616+0000][160018.982s][info][gc,phases   ] GC(4457)   Post Evacuate Collection Set: 2.6ms
[2025-01-08T16:52:28.616+0000][160018.982s][info][gc,phases   ] GC(4457)   Other: 0.2ms
[2025-01-08T16:52:28.616+0000][160018.982s][info][gc,heap     ] GC(4457) Eden regions: 873->0(66)
[2025-01-08T16:52:28.616+0000][160018.982s][info][gc,heap     ] GC(4457) Survivor regions: 9->10(111)
[2025-01-08T16:52:28.616+0000][160018.982s][info][gc,heap     ] GC(4457) Old regions: 237->237
[2025-01-08T16:52:28.616+0000][160018.982s][info][gc,heap     ] GC(4457) Archive regions: 2->2
[2025-01-08T16:52:28.616+0000][160018.982s][info][gc,heap     ] GC(4457) Humongous regions: 53->53
[2025-01-08T16:52:28.616+0000][160018.982s][info][gc,metaspace] GC(4457) Metaspace: 505949K(515072K)->505949K(515072K) NonClass: 444436K(449088K)->444436K(449088K) Class: 61512K(65984K)->61512K(65984K)
[2025-01-08T16:52:28.616+0000][160018.983s][info][gc          ] GC(4457) Pause Young (Prepare Mixed) (G1 Evacuation Pause) 9379M->2402M(12288M) 34.906ms
[2025-01-08T16:52:28.616+0000][160018.983s][info][gc,cpu      ] GC(4457) User=0.20s Sys=0.00s Real=0.03s
[2025-01-08T16:52:29.025+0000][160019.391s][info][gc,start    ] GC(4458) Pause Young (Mixed) (G1 Evacuation Pause)
[2025-01-08T16:52:29.025+0000][160019.391s][info][gc,task     ] GC(4458) Using 6 workers of 6 for evacuation
[2025-01-08T16:52:29.097+0000][160019.463s][info][gc,phases   ] GC(4458)   Pre Evacuate Collection Set: 0.2ms
[2025-01-08T16:52:29.097+0000][160019.463s][info][gc,phases   ] GC(4458)   Merge Heap Roots: 0.7ms
[2025-01-08T16:52:29.097+0000][160019.463s][info][gc,phases   ] GC(4458)   Evacuate Collection Set: 68.5ms
[2025-01-08T16:52:29.097+0000][160019.463s][info][gc,phases   ] GC(4458)   Post Evacuate Collection Set: 2.0ms
[2025-01-08T16:52:29.097+0000][160019.463s][info][gc,phases   ] GC(4458)   Other: 0.2ms
[2025-01-08T16:52:29.097+0000][160019.463s][info][gc,heap     ] GC(4458) Eden regions: 66->0(905)
[2025-01-08T16:52:29.097+0000][160019.463s][info][gc,heap     ] GC(4458) Survivor regions: 10->6(10)
[2025-01-08T16:52:29.097+0000][160019.463s][info][gc,heap     ] GC(4458) Old regions: 237->236
[2025-01-08T16:52:29.097+0000][160019.463s][info][gc,heap     ] GC(4458) Archive regions: 2->2
[2025-01-08T16:52:29.097+0000][160019.463s][info][gc,heap     ] GC(4458) Humongous regions: 53->53
[2025-01-08T16:52:29.097+0000][160019.463s][info][gc,metaspace] GC(4458) Metaspace: 505949K(515072K)->505949K(515072K) NonClass: 444436K(449088K)->444436K(449088K) Class: 61512K(65984K)->61512K(65984K)
[2025-01-08T16:52:29.097+0000][160019.463s][info][gc          ] GC(4458) Pause Young (Mixed) (G1 Evacuation Pause) 2930M->2354M(12288M) 71.628ms
[2025-01-08T16:52:29.097+0000][160019.463s][info][gc,cpu      ] GC(4458) User=0.38s Sys=0.00s Real=0.07s
[2025-01-08T16:52:42.065+0000][160032.432s][info][gc,start    ] GC(4459) Pause Young (Normal) (G1 Evacuation Pause)
[2025-01-08T16:52:42.066+0000][160032.432s][info][gc,task     ] GC(4459) Using 6 workers of 6 for evacuation
[2025-01-08T16:52:42.091+0000][160032.457s][info][gc,phases   ] GC(4459)   Pre Evacuate Collection Set: 0.2ms
[2025-01-08T16:52:42.091+0000][160032.457s][info][gc,phases   ] GC(4459)   Merge Heap Roots: 0.3ms
[2025-01-08T16:52:42.091+0000][160032.457s][info][gc,phases   ] GC(4459)   Evacuate Collection Set: 22.1ms
[2025-01-08T16:52:42.091+0000][160032.457s][info][gc,phases   ] GC(4459)   Post Evacuate Collection Set: 2.6ms
[2025-01-08T16:52:42.091+0000][160032.457s][info][gc,phases   ] GC(4459)   Other: 0.3ms
[2025-01-08T16:52:42.091+0000][160032.457s][info][gc,heap     ] GC(4459) Eden regions: 905->0(903)
[2025-01-08T16:52:42.091+0000][160032.457s][info][gc,heap     ] GC(4459) Survivor regions: 6->7(114)
[2025-01-08T16:52:42.091+0000][160032.457s][info][gc,heap     ] GC(4459) Old regions: 236->236
[2025-01-08T16:52:42.091+0000][160032.457s][info][gc,heap     ] GC(4459) Archive regions: 2->2
[2025-01-08T16:52:42.091+0000][160032.457s][info][gc,heap     ] GC(4459) Humongous regions: 57->57
[2025-01-08T16:52:42.091+0000][160032.457s][info][gc,metaspace] GC(4459) Metaspace: 505956K(515072K)->505956K(515072K) NonClass: 444442K(449088K)->444442K(449088K) Class: 61513K(65984K)->61513K(65984K)
[2025-01-08T16:52:42.091+0000][160032.457s][info][gc          ] GC(4459) Pause Young (Normal) (G1 Evacuation Pause) 9626M->2393M(12288M) 25.580ms
[2025-01-08T16:52:42.091+0000][160032.457s][info][gc,cpu      ] GC(4459) User=0.14s Sys=0.00s Real=0.03s
[2025-01-08T16:52:54.459+0000][160044.825s][info][gc,start    ] GC(4460) Pause Young (Concurrent Start) (G1 Humongous Allocation)
[2025-01-08T16:52:54.459+0000][160044.825s][info][gc,task     ] GC(4460) Using 6 workers of 6 for evacuation
[2025-01-08T16:52:54.485+0000][160044.851s][info][gc,phases   ] GC(4460)   Pre Evacuate Collection Set: 1.0ms
[2025-01-08T16:52:54.485+0000][160044.851s][info][gc,phases   ] GC(4460)   Merge Heap Roots: 0.3ms
[2025-01-08T16:52:54.485+0000][160044.851s][info][gc,phases   ] GC(4460)   Evacuate Collection Set: 22.3ms
[2025-01-08T16:52:54.485+0000][160044.851s][info][gc,phases   ] GC(4460)   Post Evacuate Collection Set: 2.2ms
[2025-01-08T16:52:54.485+0000][160044.851s][info][gc,phases   ] GC(4460)   Other: 0.3ms
[2025-01-08T16:52:54.485+0000][160044.852s][info][gc,heap     ] GC(4460) Eden regions: 613->0(905)
[2025-01-08T16:52:54.485+0000][160044.852s][info][gc,heap     ] GC(4460) Survivor regions: 7->7(114)
[2025-01-08T16:52:54.485+0000][160044.852s][info][gc,heap     ] GC(4460) Old regions: 236->236
[2025-01-08T16:52:54.485+0000][160044.852s][info][gc,heap     ] GC(4460) Archive regions: 2->2
[2025-01-08T16:52:54.485+0000][160044.852s][info][gc,heap     ] GC(4460) Humongous regions: 57->57
[2025-01-08T16:52:54.485+0000][160044.852s][info][gc,metaspace] GC(4460) Metaspace: 505960K(515072K)->505960K(515072K) NonClass: 444445K(449088K)->444445K(449088K) Class: 61514K(65984K)->61514K(65984K)
[2025-01-08T16:52:54.485+0000][160044.852s][info][gc          ] GC(4460) Pause Young (Concurrent Start) (G1 Humongous Allocation) 7297M->2400M(12288M) 26.266ms
[2025-01-08T16:52:54.486+0000][160044.852s][info][gc,cpu      ] GC(4460) User=0.15s Sys=0.00s Real=0.03s
[2025-01-08T16:52:54.486+0000][160044.852s][info][gc          ] GC(4461) Concurrent Mark Cycle
[2025-01-08T16:52:54.486+0000][160044.852s][info][gc,marking  ] GC(4461) Concurrent Clear Claimed Marks
[2025-01-08T16:52:54.487+0000][160044.853s][info][gc,marking  ] GC(4461) Concurrent Clear Claimed Marks 0.979ms
[2025-01-08T16:52:54.487+0000][160044.853s][info][gc,marking  ] GC(4461) Concurrent Scan Root Regions
[2025-01-08T16:52:54.502+0000][160044.868s][info][gc,marking  ] GC(4461) Concurrent Scan Root Regions 15.752ms
[2025-01-08T16:52:54.502+0000][160044.868s][info][gc,marking  ] GC(4461) Concurrent Mark
[2025-01-08T16:52:54.502+0000][160044.868s][info][gc,marking  ] GC(4461) Concurrent Mark From Roots
[2025-01-08T16:52:54.502+0000][160044.868s][info][gc,task     ] GC(4461) Using 2 workers of 2 for marking
[2025-01-08T16:52:55.211+0000][160045.577s][info][gc,marking  ] GC(4461) Concurrent Mark From Roots 708.905ms
[2025-01-08T16:52:55.211+0000][160045.577s][info][gc,marking  ] GC(4461) Concurrent Preclean
[2025-01-08T16:52:55.214+0000][160045.580s][info][gc,marking  ] GC(4461) Concurrent Preclean 2.259ms
[2025-01-08T16:52:55.214+0000][160045.580s][info][gc,start    ] GC(4461) Pause Remark
[2025-01-08T16:52:55.269+0000][160045.635s][info][gc          ] GC(4461) Pause Remark 2657M->2593M(12288M) 55.206ms
[2025-01-08T16:52:55.269+0000][160045.635s][info][gc,cpu      ] GC(4461) User=0.30s Sys=0.00s Real=0.05s
[2025-01-08T16:52:55.269+0000][160045.635s][info][gc,marking  ] GC(4461) Concurrent Mark 766.719ms
[2025-01-08T16:52:55.269+0000][160045.635s][info][gc,marking  ] GC(4461) Concurrent Rebuild Remembered Sets
[2025-01-08T16:52:55.714+0000][160046.080s][info][gc,marking  ] GC(4461) Concurrent Rebuild Remembered Sets 444.983ms
[2025-01-08T16:52:55.714+0000][160046.080s][info][gc,start    ] GC(4461) Pause Cleanup
[2025-01-08T16:52:55.715+0000][160046.081s][info][gc          ] GC(4461) Pause Cleanup 2624M->2624M(12288M) 0.478ms
[2025-01-08T16:52:55.715+0000][160046.081s][info][gc,cpu      ] GC(4461) User=0.00s Sys=0.00s Real=0.00s
[2025-01-08T16:52:55.715+0000][160046.081s][info][gc,marking  ] GC(4461) Concurrent Cleanup for Next Mark
[2025-01-08T16:52:55.730+0000][160046.096s][info][gc,marking  ] GC(4461) Concurrent Cleanup for Next Mark 15.446ms
[2025-01-08T16:52:55.730+0000][160046.096s][info][gc          ] GC(4461) Concurrent Mark Cycle 1244.756ms
[2025-01-08T16:53:12.866+0000][160063.232s][info][gc,start    ] GC(4462) Pause Young (Prepare Mixed) (G1 Evacuation Pause)
[2025-01-08T16:53:12.866+0000][160063.232s][info][gc,task     ] GC(4462) Using 6 workers of 6 for evacuation
[2025-01-08T16:53:12.903+0000][160063.269s][info][gc,phases   ] GC(4462)   Pre Evacuate Collection Set: 0.2ms
[2025-01-08T16:53:12.903+0000][160063.269s][info][gc,phases   ] GC(4462)   Merge Heap Roots: 0.5ms
[2025-01-08T16:53:12.903+0000][160063.269s][info][gc,phases   ] GC(4462)   Evacuate Collection Set: 31.9ms
[2025-01-08T16:53:12.903+0000][160063.269s][info][gc,phases   ] GC(4462)   Post Evacuate Collection Set: 4.1ms
[2025-01-08T16:53:12.903+0000][160063.269s][info][gc,phases   ] GC(4462)   Other: 0.2ms
[2025-01-08T16:53:12.903+0000][160063.269s][info][gc,heap     ] GC(4462) Eden regions: 905->0(65)
[2025-01-08T16:53:12.903+0000][160063.269s][info][gc,heap     ] GC(4462) Survivor regions: 7->11(114)
[2025-01-08T16:53:12.903+0000][160063.269s][info][gc,heap     ] GC(4462) Old regions: 236->236
[2025-01-08T16:53:12.903+0000][160063.269s][info][gc,heap     ] GC(4462) Archive regions: 2->2
[2025-01-08T16:53:12.903+0000][160063.269s][info][gc,heap     ] GC(4462) Humongous regions: 53->53
[2025-01-08T16:53:12.903+0000][160063.269s][info][gc,metaspace] GC(4462) Metaspace: 505980K(515072K)->505980K(515072K) NonClass: 444461K(449088K)->444461K(449088K) Class: 61519K(65984K)->61519K(65984K)
[2025-01-08T16:53:12.903+0000][160063.269s][info][gc          ] GC(4462) Pause Young (Prepare Mixed) (G1 Evacuation Pause) 9608M->2396M(12288M) 36.964ms
[2025-01-08T16:53:12.903+0000][160063.269s][info][gc,cpu      ] GC(4462) User=0.22s Sys=0.00s Real=0.04s
[2025-01-08T16:53:14.890+0000][160065.256s][info][gc,start    ] GC(4463) Pause Young (Mixed) (G1 Evacuation Pause)
[2025-01-08T16:53:14.890+0000][160065.256s][info][gc,task     ] GC(4463) Using 6 workers of 6 for evacuation
[2025-01-08T16:53:14.932+0000][160065.298s][info][gc,phases   ] GC(4463)   Pre Evacuate Collection Set: 0.2ms
[2025-01-08T16:53:14.932+0000][160065.298s][info][gc,phases   ] GC(4463)   Merge Heap Roots: 0.3ms
[2025-01-08T16:53:14.932+0000][160065.298s][info][gc,phases   ] GC(4463)   Evacuate Collection Set: 39.6ms
[2025-01-08T16:53:14.932+0000][160065.298s][info][gc,phases   ] GC(4463)   Post Evacuate Collection Set: 1.6ms
[2025-01-08T16:53:14.932+0000][160065.298s][info][gc,phases   ] GC(4463)   Other: 0.2ms
[2025-01-08T16:53:14.932+0000][160065.298s][info][gc,heap     ] GC(4463) Eden regions: 65->0(912)
[2025-01-08T16:53:14.932+0000][160065.298s][info][gc,heap     ] GC(4463) Survivor regions: 11->2(10)
[2025-01-08T16:53:14.932+0000][160065.298s][info][gc,heap     ] GC(4463) Old regions: 236->238
[2025-01-08T16:53:14.932+0000][160065.298s][info][gc,heap     ] GC(4463) Archive regions: 2->2
[2025-01-08T16:53:14.932+0000][160065.298s][info][gc,heap     ] GC(4463) Humongous regions: 53->53
[2025-01-08T16:53:14.932+0000][160065.298s][info][gc,metaspace] GC(4463) Metaspace: 505980K(515072K)->505980K(515072K) NonClass: 444461K(449088K)->444461K(449088K) Class: 61519K(65984K)->61519K(65984K)
[2025-01-08T16:53:14.932+0000][160065.298s][info][gc          ] GC(4463) Pause Young (Mixed) (G1 Evacuation Pause) 2916M->2343M(12288M) 41.979ms
[2025-01-08T16:53:14.932+0000][160065.298s][info][gc,cpu      ] GC(4463) User=0.24s Sys=0.00s Real=0.04s
[2025-01-08T16:53:23.921+0000][160074.287s][info][gc,start    ] GC(4464) Pause Young (Normal) (G1 Evacuation Pause)
[2025-01-08T16:53:23.921+0000][160074.287s][info][gc,task     ] GC(4464) Using 6 workers of 6 for evacuation
[2025-01-08T16:53:23.937+0000][160074.303s][info][gc,phases   ] GC(4464)   Pre Evacuate Collection Set: 0.2ms
[2025-01-08T16:53:23.937+0000][160074.303s][info][gc,phases   ] GC(4464)   Merge Heap Roots: 0.3ms
[2025-01-08T16:53:23.937+0000][160074.303s][info][gc,phases   ] GC(4464)   Evacuate Collection Set: 13.0ms
[2025-01-08T16:53:23.937+0000][160074.303s][info][gc,phases   ] GC(4464)   Post Evacuate Collection Set: 2.6ms
[2025-01-08T16:53:23.937+0000][160074.303s][info][gc,phases   ] GC(4464)   Other: 0.2ms
[2025-01-08T16:53:23.937+0000][160074.303s][info][gc,heap     ] GC(4464) Eden regions: 912->0(913)
[2025-01-08T16:53:23.937+0000][160074.303s][info][gc,heap     ] GC(4464) Survivor regions: 2->3(115)
[2025-01-08T16:53:23.937+0000][160074.303s][info][gc,heap     ] GC(4464) Old regions: 238->238
[2025-01-08T16:53:23.937+0000][160074.303s][info][gc,heap     ] GC(4464) Archive regions: 2->2
[2025-01-08T16:53:23.937+0000][160074.303s][info][gc,heap     ] GC(4464) Humongous regions: 53->53
[2025-01-08T16:53:23.937+0000][160074.303s][info][gc,metaspace] GC(4464) Metaspace: 505984K(515072K)->505984K(515072K) NonClass: 444463K(449088K)->444463K(449088K) Class: 61520K(65984K)->61520K(65984K)
[2025-01-08T16:53:23.937+0000][160074.303s][info][gc          ] GC(4464) Pause Young (Normal) (G1 Evacuation Pause) 9639M->2353M(12288M) 16.385ms
[2025-01-08T16:53:23.937+0000][160074.304s][info][gc,cpu      ] GC(4464) User=0.09s Sys=0.00s Real=0.02s
[2025-01-08T16:53:38.087+0000][160088.453s][info][gc,start    ] GC(4465) Pause Young (Normal) (G1 Evacuation Pause)
[2025-01-08T16:53:38.087+0000][160088.453s][info][gc,task     ] GC(4465) Using 6 workers of 6 for evacuation
[2025-01-08T16:53:38.104+0000][160088.470s][info][gc,phases   ] GC(4465)   Pre Evacuate Collection Set: 0.2ms
[2025-01-08T16:53:38.104+0000][160088.470s][info][gc,phases   ] GC(4465)   Merge Heap Roots: 0.3ms
[2025-01-08T16:53:38.104+0000][160088.470s][info][gc,phases   ] GC(4465)   Evacuate Collection Set: 14.0ms
[2025-01-08T16:53:38.104+0000][160088.470s][info][gc,phases   ] GC(4465)   Post Evacuate Collection Set: 2.5ms
[2025-01-08T16:53:38.104+0000][160088.470s][info][gc,phases   ] GC(4465)   Other: 0.2ms
[2025-01-08T16:53:38.104+0000][160088.470s][info][gc,heap     ] GC(4465) Eden regions: 913->0(913)
[2025-01-08T16:53:38.104+0000][160088.470s][info][gc,heap     ] GC(4465) Survivor regions: 3->4(115)
[2025-01-08T16:53:38.104+0000][160088.470s][info][gc,heap     ] GC(4465) Old regions: 238->238
[2025-01-08T16:53:38.104+0000][160088.470s][info][gc,heap     ] GC(4465) Archive regions: 2->2
[2025-01-08T16:53:38.104+0000][160088.470s][info][gc,heap     ] GC(4465) Humongous regions: 53->53
[2025-01-08T16:53:38.104+0000][160088.470s][info][gc,metaspace] GC(4465) Metaspace: 505995K(515072K)->505995K(515072K) NonClass: 444473K(449088K)->444473K(449088K) Class: 61521K(65984K)->61521K(65984K)
[2025-01-08T16:53:38.104+0000][160088.470s][info][gc          ] GC(4465) Pause Young (Normal) (G1 Evacuation Pause) 9657M->2362M(12288M) 17.324ms
[2025-01-08T16:53:38.104+0000][160088.470s][info][gc,cpu      ] GC(4465) User=0.09s Sys=0.00s Real=0.02s
[2025-01-08T16:53:46.022+0000][160096.388s][info][gc,start    ] GC(4466) Pause Young (Concurrent Start) (G1 Evacuation Pause)
[2025-01-08T16:53:46.022+0000][160096.388s][info][gc,task     ] GC(4466) Using 6 workers of 6 for evacuation
[2025-01-08T16:53:46.043+0000][160096.409s][info][gc,phases   ] GC(4466)   Pre Evacuate Collection Set: 1.1ms
[2025-01-08T16:53:46.043+0000][160096.409s][info][gc,phases   ] GC(4466)   Merge Heap Roots: 0.3ms
[2025-01-08T16:53:46.043+0000][160096.409s][info][gc,phases   ] GC(4466)   Evacuate Collection Set: 16.9ms
[2025-01-08T16:53:46.043+0000][160096.409s][info][gc,phases   ] GC(4466)   Post Evacuate Collection Set: 2.5ms
[2025-01-08T16:53:46.043+0000][160096.409s][info][gc,phases   ] GC(4466)   Other: 0.3ms
[2025-01-08T16:53:46.043+0000][160096.409s][info][gc,heap     ] GC(4466) Eden regions: 913->0(913)
[2025-01-08T16:53:46.043+0000][160096.409s][info][gc,heap     ] GC(4466) Survivor regions: 4->6(115)
[2025-01-08T16:53:46.043+0000][160096.409s][info][gc,heap     ] GC(4466) Old regions: 238->238
[2025-01-08T16:53:46.043+0000][160096.409s][info][gc,heap     ] GC(4466) Archive regions: 2->2
[2025-01-08T16:53:46.043+0000][160096.409s][info][gc,heap     ] GC(4466) Humongous regions: 53->53
[2025-01-08T16:53:46.043+0000][160096.409s][info][gc,metaspace] GC(4466) Metaspace: 505998K(515072K)->505998K(515072K) NonClass: 444477K(449088K)->444477K(449088K) Class: 61521K(65984K)->61521K(65984K)
[2025-01-08T16:53:46.043+0000][160096.409s][info][gc          ] GC(4466) Pause Young (Concurrent Start) (G1 Evacuation Pause) 9666M->2371M(12288M) 21.304ms
[2025-01-08T16:53:46.043+0000][160096.410s][info][gc,cpu      ] GC(4466) User=0.12s Sys=0.00s Real=0.02s
[2025-01-08T16:53:46.043+0000][160096.410s][info][gc          ] GC(4467) Concurrent Mark Cycle
[2025-01-08T16:53:46.043+0000][160096.410s][info][gc,marking  ] GC(4467) Concurrent Clear Claimed Marks
[2025-01-08T16:53:46.044+0000][160096.410s][info][gc,marking  ] GC(4467) Concurrent Clear Claimed Marks 0.752ms
[2025-01-08T16:53:46.044+0000][160096.410s][info][gc,marking  ] GC(4467) Concurrent Scan Root Regions
[2025-01-08T16:53:46.058+0000][160096.424s][info][gc,marking  ] GC(4467) Concurrent Scan Root Regions 13.986ms
[2025-01-08T16:53:46.058+0000][160096.424s][info][gc,marking  ] GC(4467) Concurrent Mark
[2025-01-08T16:53:46.058+0000][160096.424s][info][gc,marking  ] GC(4467) Concurrent Mark From Roots
[2025-01-08T16:53:46.058+0000][160096.424s][info][gc,task     ] GC(4467) Using 2 workers of 2 for marking
[2025-01-08T16:53:46.754+0000][160097.120s][info][gc,marking  ] GC(4467) Concurrent Mark From Roots 695.864ms
[2025-01-08T16:53:46.754+0000][160097.120s][info][gc,marking  ] GC(4467) Concurrent Preclean
[2025-01-08T16:53:46.756+0000][160097.123s][info][gc,marking  ] GC(4467) Concurrent Preclean 2.264ms
[2025-01-08T16:53:46.757+0000][160097.123s][info][gc,start    ] GC(4467) Pause Remark
[2025-01-08T16:53:46.783+0000][160097.149s][info][gc          ] GC(4467) Pause Remark 2959M->2927M(12288M) 25.991ms
[2025-01-08T16:53:46.783+0000][160097.149s][info][gc,cpu      ] GC(4467) User=0.15s Sys=0.00s Real=0.03s
[2025-01-08T16:53:46.783+0000][160097.149s][info][gc,marking  ] GC(4467) Concurrent Mark 724.425ms
[2025-01-08T16:53:46.783+0000][160097.149s][info][gc,marking  ] GC(4467) Concurrent Rebuild Remembered Sets
[2025-01-08T16:53:47.251+0000][160097.617s][info][gc,marking  ] GC(4467) Concurrent Rebuild Remembered Sets 468.565ms
[2025-01-08T16:53:47.251+0000][160097.618s][info][gc,start    ] GC(4467) Pause Cleanup
[2025-01-08T16:53:47.252+0000][160097.618s][info][gc          ] GC(4467) Pause Cleanup 3339M->3339M(12288M) 0.408ms
[2025-01-08T16:53:47.252+0000][160097.618s][info][gc,cpu      ] GC(4467) User=0.00s Sys=0.00s Real=0.00s
[2025-01-08T16:53:47.252+0000][160097.618s][info][gc,marking  ] GC(4467) Concurrent Cleanup for Next Mark
[2025-01-08T16:53:47.267+0000][160097.633s][info][gc,marking  ] GC(4467) Concurrent Cleanup for Next Mark 15.345ms
[2025-01-08T16:53:47.267+0000][160097.633s][info][gc          ] GC(4467) Concurrent Mark Cycle 1223.856ms
[2025-01-08T16:54:00.394+0000][160110.760s][info][gc,start    ] GC(4468) Pause Young (Prepare Mixed) (G1 Evacuation Pause)
[2025-01-08T16:54:00.394+0000][160110.760s][info][gc,task     ] GC(4468) Using 6 workers of 6 for evacuation
[2025-01-08T16:54:00.420+0000][160110.786s][info][gc,phases   ] GC(4468)   Pre Evacuate Collection Set: 0.2ms
[2025-01-08T16:54:00.420+0000][160110.786s][info][gc,phases   ] GC(4468)   Merge Heap Roots: 0.5ms
[2025-01-08T16:54:00.420+0000][160110.786s][info][gc,phases   ] GC(4468)   Evacuate Collection Set: 23.1ms
[2025-01-08T16:54:00.420+0000][160110.786s][info][gc,phases   ] GC(4468)   Post Evacuate Collection Set: 2.6ms
[2025-01-08T16:54:00.420+0000][160110.786s][info][gc,phases   ] GC(4468)   Other: 0.2ms
[2025-01-08T16:54:00.420+0000][160110.786s][info][gc,heap     ] GC(4468) Eden regions: 913->0(69)
[2025-01-08T16:54:00.420+0000][160110.786s][info][gc,heap     ] GC(4468) Survivor regions: 6->7(115)
[2025-01-08T16:54:00.420+0000][160110.786s][info][gc,heap     ] GC(4468) Old regions: 238->238
[2025-01-08T16:54:00.420+0000][160110.786s][info][gc,heap     ] GC(4468) Archive regions: 2->2
[2025-01-08T16:54:00.420+0000][160110.786s][info][gc,heap     ] GC(4468) Humongous regions: 49->49
[2025-01-08T16:54:00.420+0000][160110.786s][info][gc,metaspace] GC(4468) Metaspace: 506066K(515072K)->506066K(515072K) NonClass: 444531K(449088K)->444531K(449088K) Class: 61534K(65984K)->61534K(65984K)
[2025-01-08T16:54:00.420+0000][160110.786s][info][gc          ] GC(4468) Pause Young (Prepare Mixed) (G1 Evacuation Pause) 9643M->2351M(12288M) 26.578ms
[2025-01-08T16:54:00.420+0000][160110.786s][info][gc,cpu      ] GC(4468) User=0.15s Sys=0.00s Real=0.02s
[2025-01-08T16:54:00.883+0000][160111.250s][info][gc,start    ] GC(4469) Pause Young (Mixed) (G1 Evacuation Pause)
[2025-01-08T16:54:00.884+0000][160111.250s][info][gc,task     ] GC(4469) Using 6 workers of 6 for evacuation
[2025-01-08T16:54:00.940+0000][160111.306s][info][gc,phases   ] GC(4469)   Pre Evacuate Collection Set: 0.2ms
[2025-01-08T16:54:00.940+0000][160111.306s][info][gc,phases   ] GC(4469)   Merge Heap Roots: 0.5ms
[2025-01-08T16:54:00.940+0000][160111.306s][info][gc,phases   ] GC(4469)   Evacuate Collection Set: 53.5ms
[2025-01-08T16:54:00.940+0000][160111.306s][info][gc,phases   ] GC(4469)   Post Evacuate Collection Set: 1.8ms
[2025-01-08T16:54:00.940+0000][160111.306s][info][gc,phases   ] GC(4469)   Other: 0.2ms
[2025-01-08T16:54:00.940+0000][160111.306s][info][gc,heap     ] GC(4469) Eden regions: 69->0(915)
[2025-01-08T16:54:00.940+0000][160111.306s][info][gc,heap     ] GC(4469) Survivor regions: 7->6(10)
[2025-01-08T16:54:00.940+0000][160111.306s][info][gc,heap     ] GC(4469) Old regions: 238->234
[2025-01-08T16:54:00.940+0000][160111.306s][info][gc,heap     ] GC(4469) Archive regions: 2->2
[2025-01-08T16:54:00.940+0000][160111.306s][info][gc,heap     ] GC(4469) Humongous regions: 49->49
[2025-01-08T16:54:00.940+0000][160111.306s][info][gc,metaspace] GC(4469) Metaspace: 506067K(515072K)->506067K(515072K) NonClass: 444532K(449088K)->444532K(449088K) Class: 61534K(65984K)->61534K(65984K)
[2025-01-08T16:54:00.940+0000][160111.306s][info][gc          ] GC(4469) Pause Young (Mixed) (G1 Evacuation Pause) 2903M->2313M(12288M) 56.294ms
[2025-01-08T16:54:00.940+0000][160111.306s][info][gc,cpu      ] GC(4469) User=0.32s Sys=0.00s Real=0.05s
[2025-01-08T16:54:08.279+0000][160118.645s][info][gc,start    ] GC(4470) Pause Young (Normal) (G1 Evacuation Pause)
[2025-01-08T16:54:08.279+0000][160118.645s][info][gc,task     ] GC(4470) Using 6 workers of 6 for evacuation
[2025-01-08T16:54:08.299+0000][160118.665s][info][gc,phases   ] GC(4470)   Pre Evacuate Collection Set: 0.2ms
[2025-01-08T16:54:08.299+0000][160118.665s][info][gc,phases   ] GC(4470)   Merge Heap Roots: 0.3ms
[2025-01-08T16:54:08.299+0000][160118.665s][info][gc,phases   ] GC(4470)   Evacuate Collection Set: 16.7ms
[2025-01-08T16:54:08.299+0000][160118.665s][info][gc,phases   ] GC(4470)   Post Evacuate Collection Set: 2.4ms
[2025-01-08T16:54:08.299+0000][160118.665s][info][gc,phases   ] GC(4470)   Other: 0.2ms
[2025-01-08T16:54:08.299+0000][160118.665s][info][gc,heap     ] GC(4470) Eden regions: 915->0(915)
[2025-01-08T16:54:08.299+0000][160118.665s][info][gc,heap     ] GC(4470) Survivor regions: 6->6(116)
[2025-01-08T16:54:08.299+0000][160118.665s][info][gc,heap     ] GC(4470) Old regions: 234->234
[2025-01-08T16:54:08.299+0000][160118.665s][info][gc,heap     ] GC(4470) Archive regions: 2->2
[2025-01-08T16:54:08.299+0000][160118.665s][info][gc,heap     ] GC(4470) Humongous regions: 49->49
[2025-01-08T16:54:08.299+0000][160118.665s][info][gc,metaspace] GC(4470) Metaspace: 506072K(515072K)->506072K(515072K) NonClass: 444536K(449088K)->444536K(449088K) Class: 61535K(65984K)->61535K(65984K)
[2025-01-08T16:54:08.299+0000][160118.665s][info][gc          ] GC(4470) Pause Young (Normal) (G1 Evacuation Pause) 9633M->2312M(12288M) 19.980ms
[2025-01-08T16:54:08.299+0000][160118.665s][info][gc,cpu      ] GC(4470) User=0.11s Sys=0.00s Real=0.02s
[2025-01-08T16:54:16.817+0000][160127.183s][info][gc,start    ] GC(4471) Pause Young (Normal) (G1 Evacuation Pause)
[2025-01-08T16:54:16.817+0000][160127.184s][info][gc,task     ] GC(4471) Using 6 workers of 6 for evacuation
[2025-01-08T16:54:16.840+0000][160127.206s][info][gc,phases   ] GC(4471)   Pre Evacuate Collection Set: 0.2ms
[2025-01-08T16:54:16.840+0000][160127.206s][info][gc,phases   ] GC(4471)   Merge Heap Roots: 0.3ms
[2025-01-08T16:54:16.840+0000][160127.206s][info][gc,phases   ] GC(4471)   Evacuate Collection Set: 19.6ms
[2025-01-08T16:54:16.840+0000][160127.206s][info][gc,phases   ] GC(4471)   Post Evacuate Collection Set: 2.5ms
[2025-01-08T16:54:16.840+0000][160127.206s][info][gc,phases   ] GC(4471)   Other: 0.2ms
[2025-01-08T16:54:16.840+0000][160127.206s][info][gc,heap     ] GC(4471) Eden regions: 915->0(914)
[2025-01-08T16:54:16.840+0000][160127.206s][info][gc,heap     ] GC(4471) Survivor regions: 6->7(116)
[2025-01-08T16:54:16.840+0000][160127.206s][info][gc,heap     ] GC(4471) Old regions: 234->234
[2025-01-08T16:54:16.840+0000][160127.206s][info][gc,heap     ] GC(4471) Archive regions: 2->2
[2025-01-08T16:54:16.840+0000][160127.206s][info][gc,heap     ] GC(4471) Humongous regions: 49->49
[2025-01-08T16:54:16.840+0000][160127.206s][info][gc,metaspace] GC(4471) Metaspace: 506074K(515072K)->506074K(515072K) NonClass: 444538K(449088K)->444538K(449088K) Class: 61536K(65984K)->61536K(65984K)
[2025-01-08T16:54:16.840+0000][160127.206s][info][gc          ] GC(4471) Pause Young (Normal) (G1 Evacuation Pause) 9632M->2323M(12288M) 22.946ms
[2025-01-08T16:54:16.840+0000][160127.206s][info][gc,cpu      ] GC(4471) User=0.13s Sys=0.01s Real=0.02s
[2025-01-08T16:54:29.198+0000][160139.565s][info][gc,start    ] GC(4472) Pause Young (Concurrent Start) (G1 Evacuation Pause)
[2025-01-08T16:54:29.198+0000][160139.565s][info][gc,task     ] GC(4472) Using 6 workers of 6 for evacuation
[2025-01-08T16:54:29.227+0000][160139.594s][info][gc,phases   ] GC(4472)   Pre Evacuate Collection Set: 1.1ms
[2025-01-08T16:54:29.228+0000][160139.594s][info][gc,phases   ] GC(4472)   Merge Heap Roots: 0.3ms
[2025-01-08T16:54:29.228+0000][160139.594s][info][gc,phases   ] GC(4472)   Evacuate Collection Set: 24.6ms
[2025-01-08T16:54:29.228+0000][160139.594s][info][gc,phases   ] GC(4472)   Post Evacuate Collection Set: 2.7ms
[2025-01-08T16:54:29.228+0000][160139.594s][info][gc,phases   ] GC(4472)   Other: 0.3ms
[2025-01-08T16:54:29.228+0000][160139.594s][info][gc,heap     ] GC(4472) Eden regions: 914->0(912)
[2025-01-08T16:54:29.228+0000][160139.594s][info][gc,heap     ] GC(4472) Survivor regions: 7->9(116)
[2025-01-08T16:54:29.228+0000][160139.594s][info][gc,heap     ] GC(4472) Old regions: 234->234
[2025-01-08T16:54:29.228+0000][160139.594s][info][gc,heap     ] GC(4472) Archive regions: 2->2
[2025-01-08T16:54:29.228+0000][160139.594s][info][gc,heap     ] GC(4472) Humongous regions: 49->49
[2025-01-08T16:54:29.228+0000][160139.594s][info][gc,metaspace] GC(4472) Metaspace: 506075K(515072K)->506075K(515072K) NonClass: 444538K(449088K)->444538K(449088K) Class: 61536K(65984K)->61536K(65984K)
[2025-01-08T16:54:29.228+0000][160139.594s][info][gc          ] GC(4472) Pause Young (Concurrent Start) (G1 Evacuation Pause) 9635M->2336M(12288M) 29.134ms
[2025-01-08T16:54:29.228+0000][160139.594s][info][gc,cpu      ] GC(4472) User=0.16s Sys=0.01s Real=0.03s
[2025-01-08T16:54:29.228+0000][160139.594s][info][gc          ] GC(4473) Concurrent Mark Cycle
[2025-01-08T16:54:29.228+0000][160139.594s][info][gc,marking  ] GC(4473) Concurrent Clear Claimed Marks
[2025-01-08T16:54:29.229+0000][160139.595s][info][gc,marking  ] GC(4473) Concurrent Clear Claimed Marks 0.838ms
[2025-01-08T16:54:29.229+0000][160139.595s][info][gc,marking  ] GC(4473) Concurrent Scan Root Regions
[2025-01-08T16:54:29.251+0000][160139.617s][info][gc,marking  ] GC(4473) Concurrent Scan Root Regions 22.087ms
[2025-01-08T16:54:29.251+0000][160139.617s][info][gc,marking  ] GC(4473) Concurrent Mark
[2025-01-08T16:54:29.251+0000][160139.617s][info][gc,marking  ] GC(4473) Concurrent Mark From Roots
[2025-01-08T16:54:29.251+0000][160139.617s][info][gc,task     ] GC(4473) Using 2 workers of 2 for marking
[2025-01-08T16:54:30.091+0000][160140.457s][info][gc,marking  ] GC(4473) Concurrent Mark From Roots 840.537ms
[2025-01-08T16:54:30.091+0000][160140.457s][info][gc,marking  ] GC(4473) Concurrent Preclean
[2025-01-08T16:54:30.094+0000][160140.460s][info][gc,marking  ] GC(4473) Concurrent Preclean 2.442ms
[2025-01-08T16:54:30.094+0000][160140.460s][info][gc,start    ] GC(4473) Pause Remark
[2025-01-08T16:54:30.120+0000][160140.486s][info][gc          ] GC(4473) Pause Remark 3152M->3152M(12288M) 26.213ms
[2025-01-08T16:54:30.120+0000][160140.486s][info][gc,cpu      ] GC(4473) User=0.15s Sys=0.00s Real=0.02s
[2025-01-08T16:54:30.120+0000][160140.486s][info][gc,marking  ] GC(4473) Concurrent Mark 869.532ms
[2025-01-08T16:54:30.120+0000][160140.486s][info][gc,marking  ] GC(4473) Concurrent Rebuild Remembered Sets
[2025-01-08T16:54:30.586+0000][160140.952s][info][gc,marking  ] GC(4473) Concurrent Rebuild Remembered Sets 465.741ms
[2025-01-08T16:54:30.586+0000][160140.952s][info][gc,start    ] GC(4473) Pause Cleanup
[2025-01-08T16:54:30.587+0000][160140.953s][info][gc          ] GC(4473) Pause Cleanup 3204M->3204M(12288M) 0.460ms
[2025-01-08T16:54:30.587+0000][160140.953s][info][gc,cpu      ] GC(4473) User=0.00s Sys=0.00s Real=0.00s
[2025-01-08T16:54:30.587+0000][160140.953s][info][gc,marking  ] GC(4473) Concurrent Cleanup for Next Mark
[2025-01-08T16:54:30.602+0000][160140.968s][info][gc,marking  ] GC(4473) Concurrent Cleanup for Next Mark 15.632ms
[2025-01-08T16:54:30.602+0000][160140.968s][info][gc          ] GC(4473) Concurrent Mark Cycle 1374.664ms
[2025-01-08T16:54:38.600+0000][160148.967s][info][gc,start    ] GC(4474) Pause Young (Prepare Mixed) (G1 Evacuation Pause)
[2025-01-08T16:54:38.600+0000][160148.967s][info][gc,task     ] GC(4474) Using 6 workers of 6 for evacuation
[2025-01-08T16:54:38.634+0000][160149.000s][info][gc,phases   ] GC(4474)   Pre Evacuate Collection Set: 0.2ms
[2025-01-08T16:54:38.634+0000][160149.000s][info][gc,phases   ] GC(4474)   Merge Heap Roots: 0.5ms
[2025-01-08T16:54:38.634+0000][160149.000s][info][gc,phases   ] GC(4474)   Evacuate Collection Set: 28.1ms
[2025-01-08T16:54:38.634+0000][160149.000s][info][gc,phases   ] GC(4474)   Post Evacuate Collection Set: 4.5ms
[2025-01-08T16:54:38.634+0000][160149.000s][info][gc,phases   ] GC(4474)   Other: 0.2ms
[2025-01-08T16:54:38.634+0000][160149.000s][info][gc,heap     ] GC(4474) Eden regions: 912->0(65)
[2025-01-08T16:54:38.634+0000][160149.000s][info][gc,heap     ] GC(4474) Survivor regions: 9->11(116)
[2025-01-08T16:54:38.634+0000][160149.000s][info][gc,heap     ] GC(4474) Old regions: 234->234
[2025-01-08T16:54:38.634+0000][160149.000s][info][gc,heap     ] GC(4474) Archive regions: 2->2
[2025-01-08T16:54:38.634+0000][160149.000s][info][gc,heap     ] GC(4474) Humongous regions: 49->49
[2025-01-08T16:54:38.634+0000][160149.000s][info][gc,metaspace] GC(4474) Metaspace: 506075K(515072K)->506075K(515072K) NonClass: 444538K(449088K)->444538K(449088K) Class: 61536K(65984K)->61536K(65984K)
[2025-01-08T16:54:38.634+0000][160149.000s][info][gc          ] GC(4474) Pause Young (Prepare Mixed) (G1 Evacuation Pause) 9632M->2352M(12288M) 33.622ms
[2025-01-08T16:54:38.634+0000][160149.000s][info][gc,cpu      ] GC(4474) User=0.20s Sys=0.01s Real=0.04s
[2025-01-08T16:54:39.046+0000][160149.412s][info][gc,start    ] GC(4475) Pause Young (Mixed) (G1 Evacuation Pause)
[2025-01-08T16:54:39.046+0000][160149.412s][info][gc,task     ] GC(4475) Using 6 workers of 6 for evacuation
[2025-01-08T16:54:39.123+0000][160149.490s][info][gc,phases   ] GC(4475)   Pre Evacuate Collection Set: 0.2ms
[2025-01-08T16:54:39.123+0000][160149.490s][info][gc,phases   ] GC(4475)   Merge Heap Roots: 0.8ms
[2025-01-08T16:54:39.123+0000][160149.490s][info][gc,phases   ] GC(4475)   Evacuate Collection Set: 74.4ms
[2025-01-08T16:54:39.123+0000][160149.490s][info][gc,phases   ] GC(4475)   Post Evacuate Collection Set: 2.3ms
[2025-01-08T16:54:39.123+0000][160149.490s][info][gc,phases   ] GC(4475)   Other: 0.2ms
[2025-01-08T16:54:39.123+0000][160149.490s][info][gc,heap     ] GC(4475) Eden regions: 65->0(915)
[2025-01-08T16:54:39.123+0000][160149.490s][info][gc,heap     ] GC(4475) Survivor regions: 11->6(10)
[2025-01-08T16:54:39.123+0000][160149.490s][info][gc,heap     ] GC(4475) Old regions: 234->233
[2025-01-08T16:54:39.123+0000][160149.490s][info][gc,heap     ] GC(4475) Archive regions: 2->2
[2025-01-08T16:54:39.124+0000][160149.490s][info][gc,heap     ] GC(4475) Humongous regions: 49->49
[2025-01-08T16:54:39.124+0000][160149.490s][info][gc,metaspace] GC(4475) Metaspace: 506075K(515072K)->506075K(515072K) NonClass: 444538K(449088K)->444538K(449088K) Class: 61536K(65984K)->61536K(65984K)
[2025-01-08T16:54:39.124+0000][160149.490s][info][gc          ] GC(4475) Pause Young (Mixed) (G1 Evacuation Pause) 2872M->2302M(12288M) 77.986ms
[2025-01-08T16:54:39.124+0000][160149.490s][info][gc,cpu      ] GC(4475) User=0.46s Sys=0.00s Real=0.08s
[2025-01-08T16:54:53.627+0000][160163.993s][info][gc,start    ] GC(4476) Pause Young (Normal) (G1 Evacuation Pause)
[2025-01-08T16:54:53.627+0000][160163.993s][info][gc,task     ] GC(4476) Using 6 workers of 6 for evacuation
[2025-01-08T16:54:53.654+0000][160164.020s][info][gc,phases   ] GC(4476)   Pre Evacuate Collection Set: 0.2ms
[2025-01-08T16:54:53.654+0000][160164.020s][info][gc,phases   ] GC(4476)   Merge Heap Roots: 0.4ms
[2025-01-08T16:54:53.654+0000][160164.020s][info][gc,phases   ] GC(4476)   Evacuate Collection Set: 22.0ms
[2025-01-08T16:54:53.654+0000][160164.020s][info][gc,phases   ] GC(4476)   Post Evacuate Collection Set: 4.2ms
[2025-01-08T16:54:53.654+0000][160164.020s][info][gc,phases   ] GC(4476)   Other: 0.2ms
[2025-01-08T16:54:53.654+0000][160164.020s][info][gc,heap     ] GC(4476) Eden regions: 915->0(913)
[2025-01-08T16:54:53.654+0000][160164.020s][info][gc,heap     ] GC(4476) Survivor regions: 6->8(116)
[2025-01-08T16:54:53.654+0000][160164.020s][info][gc,heap     ] GC(4476) Old regions: 233->233
[2025-01-08T16:54:53.654+0000][160164.020s][info][gc,heap     ] GC(4476) Archive regions: 2->2
[2025-01-08T16:54:53.654+0000][160164.020s][info][gc,heap     ] GC(4476) Humongous regions: 49->49
[2025-01-08T16:54:53.654+0000][160164.020s][info][gc,metaspace] GC(4476) Metaspace: 506085K(515072K)->506085K(515072K) NonClass: 444547K(449088K)->444547K(449088K) Class: 61538K(65984K)->61538K(65984K)
[2025-01-08T16:54:53.654+0000][160164.020s][info][gc          ] GC(4476) Pause Young (Normal) (G1 Evacuation Pause) 9622M->2322M(12288M) 27.081ms
[2025-01-08T16:54:53.654+0000][160164.020s][info][gc,cpu      ] GC(4476) User=0.15s Sys=0.00s Real=0.03s
[2025-01-08T16:55:01.058+0000][160171.424s][info][gc,start    ] GC(4477) Pause Young (Normal) (G1 Evacuation Pause)
[2025-01-08T16:55:01.058+0000][160171.424s][info][gc,task     ] GC(4477) Using 6 workers of 6 for evacuation
[2025-01-08T16:55:01.086+0000][160171.452s][info][gc,phases   ] GC(4477)   Pre Evacuate Collection Set: 0.2ms
[2025-01-08T16:55:01.086+0000][160171.452s][info][gc,phases   ] GC(4477)   Merge Heap Roots: 0.4ms
[2025-01-08T16:55:01.086+0000][160171.452s][info][gc,phases   ] GC(4477)   Evacuate Collection Set: 23.6ms
[2025-01-08T16:55:01.086+0000][160171.452s][info][gc,phases   ] GC(4477)   Post Evacuate Collection Set: 4.2ms
[2025-01-08T16:55:01.086+0000][160171.452s][info][gc,phases   ] GC(4477)   Other: 0.2ms
[2025-01-08T16:55:01.086+0000][160171.452s][info][gc,heap     ] GC(4477) Eden regions: 913->0(912)
[2025-01-08T16:55:01.086+0000][160171.453s][info][gc,heap     ] GC(4477) Survivor regions: 8->9(116)
[2025-01-08T16:55:01.086+0000][160171.453s][info][gc,heap     ] GC(4477) Old regions: 233->233
[2025-01-08T16:55:01.086+0000][160171.453s][info][gc,heap     ] GC(4477) Archive regions: 2->2
[2025-01-08T16:55:01.086+0000][160171.453s][info][gc,heap     ] GC(4477) Humongous regions: 49->49
[2025-01-08T16:55:01.086+0000][160171.453s][info][gc,metaspace] GC(4477) Metaspace: 506107K(515072K)->506107K(515072K) NonClass: 444566K(449088K)->444566K(449088K) Class: 61541K(65984K)->61541K(65984K)
[2025-01-08T16:55:01.086+0000][160171.453s][info][gc          ] GC(4477) Pause Young (Normal) (G1 Evacuation Pause) 9626M->2331M(12288M) 28.626ms
[2025-01-08T16:55:01.086+0000][160171.453s][info][gc,cpu      ] GC(4477) User=0.16s Sys=0.00s Real=0.03s
[2025-01-08T16:55:06.911+0000][160177.277s][info][gc,start    ] GC(4478) Pause Young (Concurrent Start) (G1 Evacuation Pause)
[2025-01-08T16:55:06.911+0000][160177.277s][info][gc,task     ] GC(4478) Using 6 workers of 6 for evacuation
[2025-01-08T16:55:06.944+0000][160177.310s][info][gc,phases   ] GC(4478)   Pre Evacuate Collection Set: 1.1ms
[2025-01-08T16:55:06.944+0000][160177.310s][info][gc,phases   ] GC(4478)   Merge Heap Roots: 0.4ms
[2025-01-08T16:55:06.944+0000][160177.311s][info][gc,phases   ] GC(4478)   Evacuate Collection Set: 28.8ms
[2025-01-08T16:55:06.944+0000][160177.311s][info][gc,phases   ] GC(4478)   Post Evacuate Collection Set: 2.5ms
[2025-01-08T16:55:06.944+0000][160177.311s][info][gc,phases   ] GC(4478)   Other: 0.3ms
[2025-01-08T16:55:06.944+0000][160177.311s][info][gc,heap     ] GC(4478) Eden regions: 912->0(911)
[2025-01-08T16:55:06.944+0000][160177.311s][info][gc,heap     ] GC(4478) Survivor regions: 9->10(116)
[2025-01-08T16:55:06.944+0000][160177.311s][info][gc,heap     ] GC(4478) Old regions: 233->233
[2025-01-08T16:55:06.944+0000][160177.311s][info][gc,heap     ] GC(4478) Archive regions: 2->2
[2025-01-08T16:55:06.944+0000][160177.311s][info][gc,heap     ] GC(4478) Humongous regions: 49->49
[2025-01-08T16:55:06.944+0000][160177.311s][info][gc,metaspace] GC(4478) Metaspace: 506107K(515072K)->506107K(515072K) NonClass: 444566K(449088K)->444566K(449088K) Class: 61541K(65984K)->61541K(65984K)
[2025-01-08T16:55:06.944+0000][160177.311s][info][gc          ] GC(4478) Pause Young (Concurrent Start) (G1 Evacuation Pause) 9627M->2340M(12288M) 33.160ms
[2025-01-08T16:55:06.945+0000][160177.311s][info][gc,cpu      ] GC(4478) User=0.19s Sys=0.00s Real=0.03s
[2025-01-08T16:55:06.945+0000][160177.311s][info][gc          ] GC(4479) Concurrent Mark Cycle
[2025-01-08T16:55:06.945+0000][160177.311s][info][gc,marking  ] GC(4479) Concurrent Clear Claimed Marks
[2025-01-08T16:55:06.946+0000][160177.312s][info][gc,marking  ] GC(4479) Concurrent Clear Claimed Marks 0.991ms
[2025-01-08T16:55:06.946+0000][160177.312s][info][gc,marking  ] GC(4479) Concurrent Scan Root Regions
[2025-01-08T16:55:06.979+0000][160177.345s][info][gc,marking  ] GC(4479) Concurrent Scan Root Regions 33.532ms
[2025-01-08T16:55:06.979+0000][160177.345s][info][gc,marking  ] GC(4479) Concurrent Mark
[2025-01-08T16:55:06.979+0000][160177.345s][info][gc,marking  ] GC(4479) Concurrent Mark From Roots
[2025-01-08T16:55:06.979+0000][160177.345s][info][gc,task     ] GC(4479) Using 2 workers of 2 for marking
[2025-01-08T16:55:07.778+0000][160178.144s][info][gc,marking  ] GC(4479) Concurrent Mark From Roots 798.783ms
[2025-01-08T16:55:07.778+0000][160178.144s][info][gc,marking  ] GC(4479) Concurrent Preclean
[2025-01-08T16:55:07.781+0000][160178.148s][info][gc,marking  ] GC(4479) Concurrent Preclean 3.406ms
[2025-01-08T16:55:07.782+0000][160178.148s][info][gc,start    ] GC(4479) Pause Remark
[2025-01-08T16:55:07.808+0000][160178.174s][info][gc          ] GC(4479) Pause Remark 2980M->2980M(12288M) 26.772ms
[2025-01-08T16:55:07.808+0000][160178.175s][info][gc,cpu      ] GC(4479) User=0.15s Sys=0.00s Real=0.02s
[2025-01-08T16:55:07.809+0000][160178.175s][info][gc,marking  ] GC(4479) Concurrent Mark 829.370ms
[2025-01-08T16:55:07.809+0000][160178.175s][info][gc,marking  ] GC(4479) Concurrent Rebuild Remembered Sets
[2025-01-08T16:55:08.254+0000][160178.620s][info][gc,marking  ] GC(4479) Concurrent Rebuild Remembered Sets 444.948ms
[2025-01-08T16:55:08.254+0000][160178.620s][info][gc,start    ] GC(4479) Pause Cleanup
[2025-01-08T16:55:08.254+0000][160178.620s][info][gc          ] GC(4479) Pause Cleanup 3280M->3280M(12288M) 0.409ms
[2025-01-08T16:55:08.254+0000][160178.620s][info][gc,cpu      ] GC(4479) User=0.00s Sys=0.00s Real=0.00s
[2025-01-08T16:55:08.254+0000][160178.620s][info][gc,marking  ] GC(4479) Concurrent Cleanup for Next Mark
[2025-01-08T16:55:08.270+0000][160178.636s][info][gc,marking  ] GC(4479) Concurrent Cleanup for Next Mark 15.506ms
[2025-01-08T16:55:08.270+0000][160178.636s][info][gc          ] GC(4479) Concurrent Mark Cycle 1325.188ms
[2025-01-08T16:55:16.329+0000][160186.695s][info][gc,start    ] GC(4480) Pause Young (Prepare Mixed) (G1 Evacuation Pause)
[2025-01-08T16:55:16.329+0000][160186.695s][info][gc,task     ] GC(4480) Using 6 workers of 6 for evacuation
[2025-01-08T16:55:16.362+0000][160186.728s][info][gc,phases   ] GC(4480)   Pre Evacuate Collection Set: 0.2ms
[2025-01-08T16:55:16.362+0000][160186.728s][info][gc,phases   ] GC(4480)   Merge Heap Roots: 0.5ms
[2025-01-08T16:55:16.362+0000][160186.728s][info][gc,phases   ] GC(4480)   Evacuate Collection Set: 29.5ms
[2025-01-08T16:55:16.362+0000][160186.728s][info][gc,phases   ] GC(4480)   Post Evacuate Collection Set: 2.5ms
[2025-01-08T16:55:16.362+0000][160186.728s][info][gc,phases   ] GC(4480)   Other: 0.2ms
[2025-01-08T16:55:16.362+0000][160186.728s][info][gc,heap     ] GC(4480) Eden regions: 911->0(66)
[2025-01-08T16:55:16.362+0000][160186.728s][info][gc,heap     ] GC(4480) Survivor regions: 10->10(116)
[2025-01-08T16:55:16.362+0000][160186.728s][info][gc,heap     ] GC(4480) Old regions: 233->233
[2025-01-08T16:55:16.362+0000][160186.728s][info][gc,heap     ] GC(4480) Archive regions: 2->2
[2025-01-08T16:55:16.362+0000][160186.728s][info][gc,heap     ] GC(4480) Humongous regions: 49->49
[2025-01-08T16:55:16.362+0000][160186.728s][info][gc,metaspace] GC(4480) Metaspace: 506115K(515072K)->506115K(515072K) NonClass: 444573K(449088K)->444573K(449088K) Class: 61541K(65984K)->61541K(65984K)
[2025-01-08T16:55:16.362+0000][160186.728s][info][gc          ] GC(4480) Pause Young (Prepare Mixed) (G1 Evacuation Pause) 9628M->2340M(12288M) 33.123ms
[2025-01-08T16:55:16.362+0000][160186.728s][info][gc,cpu      ] GC(4480) User=0.19s Sys=0.00s Real=0.04s
[2025-01-08T16:55:16.983+0000][160187.349s][info][gc,start    ] GC(4481) Pause Young (Mixed) (G1 Evacuation Pause)
[2025-01-08T16:55:16.983+0000][160187.349s][info][gc,task     ] GC(4481) Using 6 workers of 6 for evacuation
[2025-01-08T16:55:17.039+0000][160187.405s][info][gc,phases   ] GC(4481)   Pre Evacuate Collection Set: 0.2ms
[2025-01-08T16:55:17.039+0000][160187.405s][info][gc,phases   ] GC(4481)   Merge Heap Roots: 0.5ms
[2025-01-08T16:55:17.039+0000][160187.405s][info][gc,phases   ] GC(4481)   Evacuate Collection Set: 53.7ms
[2025-01-08T16:55:17.039+0000][160187.405s][info][gc,phases   ] GC(4481)   Post Evacuate Collection Set: 1.7ms
[2025-01-08T16:55:17.039+0000][160187.405s][info][gc,phases   ] GC(4481)   Other: 0.2ms
[2025-01-08T16:55:17.039+0000][160187.405s][info][gc,heap     ] GC(4481) Eden regions: 66->0(914)
[2025-01-08T16:55:17.039+0000][160187.405s][info][gc,heap     ] GC(4481) Survivor regions: 10->7(10)
[2025-01-08T16:55:17.039+0000][160187.405s][info][gc,heap     ] GC(4481) Old regions: 233->234
[2025-01-08T16:55:17.039+0000][160187.405s][info][gc,heap     ] GC(4481) Archive regions: 2->2
[2025-01-08T16:55:17.039+0000][160187.405s][info][gc,heap     ] GC(4481) Humongous regions: 49->49
[2025-01-08T16:55:17.039+0000][160187.405s][info][gc,metaspace] GC(4481) Metaspace: 506115K(515072K)->506115K(515072K) NonClass: 444573K(449088K)->444573K(449088K) Class: 61541K(65984K)->61541K(65984K)
[2025-01-08T16:55:17.039+0000][160187.405s][info][gc          ] GC(4481) Pause Young (Mixed) (G1 Evacuation Pause) 2868M->2314M(12288M) 56.281ms
[2025-01-08T16:55:17.039+0000][160187.405s][info][gc,cpu      ] GC(4481) User=0.32s Sys=0.00s Real=0.05s
[2025-01-08T16:55:23.970+0000][160194.336s][info][gc,start    ] GC(4482) Pause Young (Normal) (G1 Evacuation Pause)
[2025-01-08T16:55:23.970+0000][160194.336s][info][gc,task     ] GC(4482) Using 6 workers of 6 for evacuation
[2025-01-08T16:55:23.994+0000][160194.360s][info][gc,phases   ] GC(4482)   Pre Evacuate Collection Set: 0.2ms
[2025-01-08T16:55:23.994+0000][160194.360s][info][gc,phases   ] GC(4482)   Merge Heap Roots: 0.4ms
[2025-01-08T16:55:23.994+0000][160194.360s][info][gc,phases   ] GC(4482)   Evacuate Collection Set: 20.7ms
[2025-01-08T16:55:23.994+0000][160194.360s][info][gc,phases   ] GC(4482)   Post Evacuate Collection Set: 2.5ms
[2025-01-08T16:55:23.994+0000][160194.360s][info][gc,phases   ] GC(4482)   Other: 0.2ms
[2025-01-08T16:55:23.994+0000][160194.360s][info][gc,heap     ] GC(4482) Eden regions: 914->0(914)
[2025-01-08T16:55:23.994+0000][160194.360s][info][gc,heap     ] GC(4482) Survivor regions: 7->7(116)
[2025-01-08T16:55:23.994+0000][160194.360s][info][gc,heap     ] GC(4482) Old regions: 234->234
[2025-01-08T16:55:23.994+0000][160194.360s][info][gc,heap     ] GC(4482) Archive regions: 2->2
[2025-01-08T16:55:23.994+0000][160194.360s][info][gc,heap     ] GC(4482) Humongous regions: 49->49
[2025-01-08T16:55:23.994+0000][160194.360s][info][gc,metaspace] GC(4482) Metaspace: 506121K(515072K)->506121K(515072K) NonClass: 444578K(449088K)->444578K(449088K) Class: 61542K(65984K)->61542K(65984K)
[2025-01-08T16:55:23.994+0000][160194.360s][info][gc          ] GC(4482) Pause Young (Normal) (G1 Evacuation Pause) 9626M->2315M(12288M) 24.099ms
[2025-01-08T16:55:23.994+0000][160194.360s][info][gc,cpu      ] GC(4482) User=0.14s Sys=0.00s Real=0.02s
[2025-01-08T16:55:34.588+0000][160204.954s][info][gc,start    ] GC(4483) Pause Young (Normal) (G1 Evacuation Pause)
[2025-01-08T16:55:34.588+0000][160204.954s][info][gc,task     ] GC(4483) Using 6 workers of 6 for evacuation
[2025-01-08T16:55:34.616+0000][160204.982s][info][gc,phases   ] GC(4483)   Pre Evacuate Collection Set: 0.2ms
[2025-01-08T16:55:34.616+0000][160204.982s][info][gc,phases   ] GC(4483)   Merge Heap Roots: 0.4ms
[2025-01-08T16:55:34.616+0000][160204.982s][info][gc,phases   ] GC(4483)   Evacuate Collection Set: 24.7ms
[2025-01-08T16:55:34.616+0000][160204.982s][info][gc,phases   ] GC(4483)   Post Evacuate Collection Set: 2.6ms
[2025-01-08T16:55:34.616+0000][160204.982s][info][gc,phases   ] GC(4483)   Other: 0.2ms
[2025-01-08T16:55:34.616+0000][160204.982s][info][gc,heap     ] GC(4483) Eden regions: 914->0(913)
[2025-01-08T16:55:34.616+0000][160204.982s][info][gc,heap     ] GC(4483) Survivor regions: 7->8(116)
[2025-01-08T16:55:34.616+0000][160204.982s][info][gc,heap     ] GC(4483) Old regions: 234->234
[2025-01-08T16:55:34.616+0000][160204.982s][info][gc,heap     ] GC(4483) Archive regions: 2->2
[2025-01-08T16:55:34.616+0000][160204.982s][info][gc,heap     ] GC(4483) Humongous regions: 49->49
[2025-01-08T16:55:34.616+0000][160204.982s][info][gc,metaspace] GC(4483) Metaspace: 506129K(515072K)->506129K(515072K) NonClass: 444585K(449088K)->444585K(449088K) Class: 61544K(65984K)->61544K(65984K)
[2025-01-08T16:55:34.616+0000][160204.982s][info][gc          ] GC(4483) Pause Young (Normal) (G1 Evacuation Pause) 9627M->2327M(12288M) 28.243ms
[2025-01-08T16:55:34.616+0000][160204.982s][info][gc,cpu      ] GC(4483) User=0.15s Sys=0.01s Real=0.03s
[2025-01-08T16:55:42.630+0000][160212.996s][info][gc,start    ] GC(4484) Pause Young (Concurrent Start) (G1 Evacuation Pause)
[2025-01-08T16:55:42.630+0000][160212.996s][info][gc,task     ] GC(4484) Using 6 workers of 6 for evacuation
[2025-01-08T16:55:42.662+0000][160213.028s][info][gc,phases   ] GC(4484)   Pre Evacuate Collection Set: 1.0ms
[2025-01-08T16:55:42.662+0000][160213.028s][info][gc,phases   ] GC(4484)   Merge Heap Roots: 0.4ms
[2025-01-08T16:55:42.662+0000][160213.028s][info][gc,phases   ] GC(4484)   Evacuate Collection Set: 27.3ms
[2025-01-08T16:55:42.662+0000][160213.028s][info][gc,phases   ] GC(4484)   Post Evacuate Collection Set: 2.6ms
[2025-01-08T16:55:42.662+0000][160213.028s][info][gc,phases   ] GC(4484)   Other: 0.3ms
[2025-01-08T16:55:42.662+0000][160213.028s][info][gc,heap     ] GC(4484) Eden regions: 913->0(911)
[2025-01-08T16:55:42.662+0000][160213.028s][info][gc,heap     ] GC(4484) Survivor regions: 8->10(116)
[2025-01-08T16:55:42.662+0000][160213.028s][info][gc,heap     ] GC(4484) Old regions: 234->234
[2025-01-08T16:55:42.662+0000][160213.028s][info][gc,heap     ] GC(4484) Archive regions: 2->2
[2025-01-08T16:55:42.662+0000][160213.028s][info][gc,heap     ] GC(4484) Humongous regions: 49->49
[2025-01-08T16:55:42.662+0000][160213.028s][info][gc,metaspace] GC(4484) Metaspace: 506130K(515072K)->506130K(515072K) NonClass: 444585K(449088K)->444585K(449088K) Class: 61544K(65984K)->61544K(65984K)
[2025-01-08T16:55:42.662+0000][160213.028s][info][gc          ] GC(4484) Pause Young (Concurrent Start) (G1 Evacuation Pause) 9631M->2339M(12288M) 31.827ms
[2025-01-08T16:55:42.662+0000][160213.028s][info][gc,cpu      ] GC(4484) User=0.18s Sys=0.00s Real=0.03s
[2025-01-08T16:55:42.662+0000][160213.028s][info][gc          ] GC(4485) Concurrent Mark Cycle
[2025-01-08T16:55:42.662+0000][160213.028s][info][gc,marking  ] GC(4485) Concurrent Clear Claimed Marks
[2025-01-08T16:55:42.663+0000][160213.029s][info][gc,marking  ] GC(4485) Concurrent Clear Claimed Marks 0.889ms
[2025-01-08T16:55:42.663+0000][160213.029s][info][gc,marking  ] GC(4485) Concurrent Scan Root Regions
[2025-01-08T16:55:42.683+0000][160213.049s][info][gc,marking  ] GC(4485) Concurrent Scan Root Regions 20.069ms
[2025-01-08T16:55:42.683+0000][160213.049s][info][gc,marking  ] GC(4485) Concurrent Mark
[2025-01-08T16:55:42.683+0000][160213.049s][info][gc,marking  ] GC(4485) Concurrent Mark From Roots
[2025-01-08T16:55:42.683+0000][160213.049s][info][gc,task     ] GC(4485) Using 2 workers of 2 for marking
[2025-01-08T16:55:43.616+0000][160213.982s][info][gc,marking  ] GC(4485) Concurrent Mark From Roots 932.667ms
[2025-01-08T16:55:43.616+0000][160213.982s][info][gc,marking  ] GC(4485) Concurrent Preclean
[2025-01-08T16:55:43.618+0000][160213.984s][info][gc,marking  ] GC(4485) Concurrent Preclean 2.423ms
[2025-01-08T16:55:43.618+0000][160213.984s][info][gc,start    ] GC(4485) Pause Remark
[2025-01-08T16:55:43.644+0000][160214.011s][info][gc          ] GC(4485) Pause Remark 3363M->3363M(12288M) 26.100ms
[2025-01-08T16:55:43.645+0000][160214.011s][info][gc,cpu      ] GC(4485) User=0.15s Sys=0.00s Real=0.03s
[2025-01-08T16:55:43.645+0000][160214.011s][info][gc,marking  ] GC(4485) Concurrent Mark 961.487ms
[2025-01-08T16:55:43.645+0000][160214.011s][info][gc,marking  ] GC(4485) Concurrent Rebuild Remembered Sets
[2025-01-08T16:55:44.114+0000][160214.480s][info][gc,marking  ] GC(4485) Concurrent Rebuild Remembered Sets 469.654ms
[2025-01-08T16:55:44.114+0000][160214.481s][info][gc,start    ] GC(4485) Pause Cleanup
[2025-01-08T16:55:44.115+0000][160214.481s][info][gc          ] GC(4485) Pause Cleanup 3471M->3471M(12288M) 0.376ms
[2025-01-08T16:55:44.115+0000][160214.481s][info][gc,cpu      ] GC(4485) User=0.01s Sys=0.00s Real=0.00s
[2025-01-08T16:55:44.115+0000][160214.481s][info][gc,marking  ] GC(4485) Concurrent Cleanup for Next Mark
[2025-01-08T16:55:44.130+0000][160214.496s][info][gc,marking  ] GC(4485) Concurrent Cleanup for Next Mark 15.407ms
[2025-01-08T16:55:44.130+0000][160214.496s][info][gc          ] GC(4485) Concurrent Mark Cycle 1468.244ms
[2025-01-08T16:55:49.285+0000][160219.652s][info][gc,start    ] GC(4486) Pause Young (Prepare Mixed) (G1 Evacuation Pause)
[2025-01-08T16:55:49.286+0000][160219.652s][info][gc,task     ] GC(4486) Using 6 workers of 6 for evacuation
[2025-01-08T16:55:49.324+0000][160219.690s][info][gc,phases   ] GC(4486)   Pre Evacuate Collection Set: 0.2ms
[2025-01-08T16:55:49.324+0000][160219.690s][info][gc,phases   ] GC(4486)   Merge Heap Roots: 0.6ms
[2025-01-08T16:55:49.324+0000][160219.690s][info][gc,phases   ] GC(4486)   Evacuate Collection Set: 31.8ms
[2025-01-08T16:55:49.324+0000][160219.690s][info][gc,phases   ] GC(4486)   Post Evacuate Collection Set: 5.5ms
[2025-01-08T16:55:49.324+0000][160219.690s][info][gc,phases   ] GC(4486)   Other: 0.2ms
[2025-01-08T16:55:49.324+0000][160219.690s][info][gc,heap     ] GC(4486) Eden regions: 911->0(64)
[2025-01-08T16:55:49.324+0000][160219.690s][info][gc,heap     ] GC(4486) Survivor regions: 10->12(116)
[2025-01-08T16:55:49.324+0000][160219.690s][info][gc,heap     ] GC(4486) Old regions: 234->234
[2025-01-08T16:55:49.324+0000][160219.690s][info][gc,heap     ] GC(4486) Archive regions: 2->2
[2025-01-08T16:55:49.324+0000][160219.690s][info][gc,heap     ] GC(4486) Humongous regions: 49->49
[2025-01-08T16:55:49.324+0000][160219.690s][info][gc,metaspace] GC(4486) Metaspace: 506131K(515072K)->506131K(515072K) NonClass: 444587K(449088K)->444587K(449088K) Class: 61544K(65984K)->61544K(65984K)
[2025-01-08T16:55:49.324+0000][160219.690s][info][gc          ] GC(4486) Pause Young (Prepare Mixed) (G1 Evacuation Pause) 9627M->2359M(12288M) 38.403ms
[2025-01-08T16:55:49.324+0000][160219.690s][info][gc,cpu      ] GC(4486) User=0.23s Sys=0.00s Real=0.04s
[2025-01-08T16:55:49.987+0000][160220.353s][info][gc,start    ] GC(4487) Pause Young (Mixed) (G1 Evacuation Pause)
[2025-01-08T16:55:49.987+0000][160220.353s][info][gc,task     ] GC(4487) Using 6 workers of 6 for evacuation
[2025-01-08T16:55:50.048+0000][160220.414s][info][gc,phases   ] GC(4487)   Pre Evacuate Collection Set: 0.2ms
[2025-01-08T16:55:50.048+0000][160220.414s][info][gc,phases   ] GC(4487)   Merge Heap Roots: 0.6ms
[2025-01-08T16:55:50.048+0000][160220.414s][info][gc,phases   ] GC(4487)   Evacuate Collection Set: 58.4ms
[2025-01-08T16:55:50.048+0000][160220.414s][info][gc,phases   ] GC(4487)   Post Evacuate Collection Set: 1.8ms
[2025-01-08T16:55:50.048+0000][160220.414s][info][gc,phases   ] GC(4487)   Other: 0.2ms
[2025-01-08T16:55:50.048+0000][160220.414s][info][gc,heap     ] GC(4487) Eden regions: 64->0(917)
[2025-01-08T16:55:50.048+0000][160220.414s][info][gc,heap     ] GC(4487) Survivor regions: 12->4(10)
[2025-01-08T16:55:50.048+0000][160220.414s][info][gc,heap     ] GC(4487) Old regions: 234->237
[2025-01-08T16:55:50.048+0000][160220.414s][info][gc,heap     ] GC(4487) Archive regions: 2->2
[2025-01-08T16:55:50.048+0000][160220.414s][info][gc,heap     ] GC(4487) Humongous regions: 49->49
[2025-01-08T16:55:50.048+0000][160220.414s][info][gc,metaspace] GC(4487) Metaspace: 506131K(515072K)->506131K(515072K) NonClass: 444587K(449088K)->444587K(449088K) Class: 61544K(65984K)->61544K(65984K)
[2025-01-08T16:55:50.048+0000][160220.414s][info][gc          ] GC(4487) Pause Young (Mixed) (G1 Evacuation Pause) 2871M->2319M(12288M) 61.254ms
[2025-01-08T16:55:50.048+0000][160220.414s][info][gc,cpu      ] GC(4487) User=0.36s Sys=0.01s Real=0.06s
[2025-01-08T16:55:59.965+0000][160230.331s][info][gc,start    ] GC(4488) Pause Young (Normal) (G1 Evacuation Pause)
[2025-01-08T16:55:59.965+0000][160230.331s][info][gc,task     ] GC(4488) Using 6 workers of 6 for evacuation
[2025-01-08T16:55:59.989+0000][160230.355s][info][gc,phases   ] GC(4488)   Pre Evacuate Collection Set: 0.2ms
[2025-01-08T16:55:59.989+0000][160230.355s][info][gc,phases   ] GC(4488)   Merge Heap Roots: 0.4ms
[2025-01-08T16:55:59.989+0000][160230.355s][info][gc,phases   ] GC(4488)   Evacuate Collection Set: 19.4ms
[2025-01-08T16:55:59.989+0000][160230.355s][info][gc,phases   ] GC(4488)   Post Evacuate Collection Set: 4.0ms
[2025-01-08T16:55:59.989+0000][160230.355s][info][gc,phases   ] GC(4488)   Other: 0.2ms
[2025-01-08T16:55:59.989+0000][160230.355s][info][gc,heap     ] GC(4488) Eden regions: 917->0(915)
[2025-01-08T16:55:59.989+0000][160230.355s][info][gc,heap     ] GC(4488) Survivor regions: 4->6(116)
[2025-01-08T16:55:59.989+0000][160230.355s][info][gc,heap     ] GC(4488) Old regions: 237->237
[2025-01-08T16:55:59.989+0000][160230.355s][info][gc,heap     ] GC(4488) Archive regions: 2->2
[2025-01-08T16:55:59.989+0000][160230.355s][info][gc,heap     ] GC(4488) Humongous regions: 49->49
[2025-01-08T16:55:59.989+0000][160230.355s][info][gc,metaspace] GC(4488) Metaspace: 506133K(515072K)->506133K(515072K) NonClass: 444588K(449088K)->444588K(449088K) Class: 61544K(65984K)->61544K(65984K)
[2025-01-08T16:55:59.989+0000][160230.355s][info][gc          ] GC(4488) Pause Young (Normal) (G1 Evacuation Pause) 9655M->2335M(12288M) 24.297ms
[2025-01-08T16:55:59.989+0000][160230.355s][info][gc,cpu      ] GC(4488) User=0.14s Sys=0.00s Real=0.02s
[2025-01-08T16:56:07.021+0000][160237.388s][info][gc,start    ] GC(4489) Pause Young (Normal) (G1 Evacuation Pause)
[2025-01-08T16:56:07.021+0000][160237.388s][info][gc,task     ] GC(4489) Using 6 workers of 6 for evacuation
[2025-01-08T16:56:07.047+0000][160237.414s][info][gc,phases   ] GC(4489)   Pre Evacuate Collection Set: 0.2ms
[2025-01-08T16:56:07.047+0000][160237.414s][info][gc,phases   ] GC(4489)   Merge Heap Roots: 0.4ms
[2025-01-08T16:56:07.047+0000][160237.414s][info][gc,phases   ] GC(4489)   Evacuate Collection Set: 22.7ms
[2025-01-08T16:56:07.047+0000][160237.414s][info][gc,phases   ] GC(4489)   Post Evacuate Collection Set: 2.5ms
[2025-01-08T16:56:07.047+0000][160237.414s][info][gc,phases   ] GC(4489)   Other: 0.2ms
[2025-01-08T16:56:07.047+0000][160237.414s][info][gc,heap     ] GC(4489) Eden regions: 915->0(914)
[2025-01-08T16:56:07.047+0000][160237.414s][info][gc,heap     ] GC(4489) Survivor regions: 6->7(116)
[2025-01-08T16:56:07.047+0000][160237.414s][info][gc,heap     ] GC(4489) Old regions: 237->237
[2025-01-08T16:56:07.047+0000][160237.414s][info][gc,heap     ] GC(4489) Archive regions: 2->2
[2025-01-08T16:56:07.047+0000][160237.414s][info][gc,heap     ] GC(4489) Humongous regions: 49->49
[2025-01-08T16:56:07.047+0000][160237.414s][info][gc,metaspace] GC(4489) Metaspace: 506143K(515072K)->506143K(515072K) NonClass: 444598K(449088K)->444598K(449088K) Class: 61544K(65984K)->61544K(65984K)
[2025-01-08T16:56:07.048+0000][160237.414s][info][gc          ] GC(4489) Pause Young (Normal) (G1 Evacuation Pause) 9655M->2341M(12288M) 26.054ms
[2025-01-08T16:56:07.048+0000][160237.414s][info][gc,cpu      ] GC(4489) User=0.15s Sys=0.01s Real=0.02s
[2025-01-08T16:56:15.187+0000][160245.553s][info][gc,start    ] GC(4490) Pause Young (Concurrent Start) (G1 Evacuation Pause)
[2025-01-08T16:56:15.187+0000][160245.553s][info][gc,task     ] GC(4490) Using 6 workers of 6 for evacuation
[2025-01-08T16:56:15.218+0000][160245.584s][info][gc,phases   ] GC(4490)   Pre Evacuate Collection Set: 1.1ms
[2025-01-08T16:56:15.218+0000][160245.584s][info][gc,phases   ] GC(4490)   Merge Heap Roots: 0.4ms
[2025-01-08T16:56:15.218+0000][160245.584s][info][gc,phases   ] GC(4490)   Evacuate Collection Set: 26.5ms
[2025-01-08T16:56:15.218+0000][160245.584s][info][gc,phases   ] GC(4490)   Post Evacuate Collection Set: 2.6ms
[2025-01-08T16:56:15.218+0000][160245.584s][info][gc,phases   ] GC(4490)   Other: 0.3ms
[2025-01-08T16:56:15.218+0000][160245.584s][info][gc,heap     ] GC(4490) Eden regions: 914->0(913)
[2025-01-08T16:56:15.218+0000][160245.584s][info][gc,heap     ] GC(4490) Survivor regions: 7->8(116)
[2025-01-08T16:56:15.218+0000][160245.584s][info][gc,heap     ] GC(4490) Old regions: 237->237
[2025-01-08T16:56:15.218+0000][160245.584s][info][gc,heap     ] GC(4490) Archive regions: 2->2
[2025-01-08T16:56:15.218+0000][160245.584s][info][gc,heap     ] GC(4490) Humongous regions: 49->49
[2025-01-08T16:56:15.218+0000][160245.584s][info][gc,metaspace] GC(4490) Metaspace: 506143K(515072K)->506143K(515072K) NonClass: 444598K(449088K)->444598K(449088K) Class: 61544K(65984K)->61544K(65984K)
[2025-01-08T16:56:15.218+0000][160245.584s][info][gc          ] GC(4490) Pause Young (Concurrent Start) (G1 Evacuation Pause) 9653M->2350M(12288M) 30.963ms
[2025-01-08T16:56:15.218+0000][160245.584s][info][gc,cpu      ] GC(4490) User=0.18s Sys=0.00s Real=0.03s
[2025-01-08T16:56:15.218+0000][160245.584s][info][gc          ] GC(4491) Concurrent Mark Cycle
[2025-01-08T16:56:15.218+0000][160245.585s][info][gc,marking  ] GC(4491) Concurrent Clear Claimed Marks
[2025-01-08T16:56:15.219+0000][160245.585s][info][gc,marking  ] GC(4491) Concurrent Clear Claimed Marks 0.890ms
[2025-01-08T16:56:15.219+0000][160245.585s][info][gc,marking  ] GC(4491) Concurrent Scan Root Regions
[2025-01-08T16:56:15.244+0000][160245.610s][info][gc,marking  ] GC(4491) Concurrent Scan Root Regions 24.868ms
[2025-01-08T16:56:15.244+0000][160245.610s][info][gc,marking  ] GC(4491) Concurrent Mark
[2025-01-08T16:56:15.244+0000][160245.610s][info][gc,marking  ] GC(4491) Concurrent Mark From Roots
[2025-01-08T16:56:15.244+0000][160245.610s][info][gc,task     ] GC(4491) Using 2 workers of 2 for marking
[2025-01-08T16:56:16.197+0000][160246.563s][info][gc,marking  ] GC(4491) Concurrent Mark From Roots 952.539ms
[2025-01-08T16:56:16.197+0000][160246.563s][info][gc,marking  ] GC(4491) Concurrent Preclean
[2025-01-08T16:56:16.200+0000][160246.566s][info][gc,marking  ] GC(4491) Concurrent Preclean 3.483ms
[2025-01-08T16:56:16.200+0000][160246.567s][info][gc,start    ] GC(4491) Pause Remark
[2025-01-08T16:56:16.226+0000][160246.593s][info][gc          ] GC(4491) Pause Remark 3758M->3758M(12288M) 26.025ms
[2025-01-08T16:56:16.227+0000][160246.593s][info][gc,cpu      ] GC(4491) User=0.14s Sys=0.00s Real=0.03s
[2025-01-08T16:56:16.227+0000][160246.593s][info][gc,marking  ] GC(4491) Concurrent Mark 982.418ms
[2025-01-08T16:56:16.227+0000][160246.593s][info][gc,marking  ] GC(4491) Concurrent Rebuild Remembered Sets
[2025-01-08T16:56:16.722+0000][160247.088s][info][gc,marking  ] GC(4491) Concurrent Rebuild Remembered Sets 495.325ms
[2025-01-08T16:56:16.722+0000][160247.088s][info][gc,start    ] GC(4491) Pause Cleanup
[2025-01-08T16:56:16.723+0000][160247.089s][info][gc          ] GC(4491) Pause Cleanup 4354M->4354M(12288M) 0.403ms
[2025-01-08T16:56:16.723+0000][160247.089s][info][gc,cpu      ] GC(4491) User=0.00s Sys=0.00s Real=0.00s
[2025-01-08T16:56:16.723+0000][160247.089s][info][gc,marking  ] GC(4491) Concurrent Cleanup for Next Mark
[2025-01-08T16:56:16.738+0000][160247.104s][info][gc,marking  ] GC(4491) Concurrent Cleanup for Next Mark 15.359ms
[2025-01-08T16:56:16.738+0000][160247.104s][info][gc          ] GC(4491) Concurrent Mark Cycle 1519.629ms
[2025-01-08T16:56:21.822+0000][160252.188s][info][gc,start    ] GC(4492) Pause Young (Prepare Mixed) (G1 Evacuation Pause)
[2025-01-08T16:56:21.822+0000][160252.188s][info][gc,task     ] GC(4492) Using 6 workers of 6 for evacuation
[2025-01-08T16:56:21.853+0000][160252.219s][info][gc,phases   ] GC(4492)   Pre Evacuate Collection Set: 0.2ms
[2025-01-08T16:56:21.853+0000][160252.219s][info][gc,phases   ] GC(4492)   Merge Heap Roots: 0.6ms
[2025-01-08T16:56:21.853+0000][160252.219s][info][gc,phases   ] GC(4492)   Evacuate Collection Set: 27.6ms
[2025-01-08T16:56:21.853+0000][160252.219s][info][gc,phases   ] GC(4492)   Post Evacuate Collection Set: 2.5ms
[2025-01-08T16:56:21.853+0000][160252.219s][info][gc,phases   ] GC(4492)   Other: 0.2ms
[2025-01-08T16:56:21.853+0000][160252.219s][info][gc,heap     ] GC(4492) Eden regions: 913->0(68)
[2025-01-08T16:56:21.853+0000][160252.219s][info][gc,heap     ] GC(4492) Survivor regions: 8->8(116)
[2025-01-08T16:56:21.853+0000][160252.219s][info][gc,heap     ] GC(4492) Old regions: 237->237
[2025-01-08T16:56:21.853+0000][160252.219s][info][gc,heap     ] GC(4492) Archive regions: 2->2
[2025-01-08T16:56:21.853+0000][160252.219s][info][gc,heap     ] GC(4492) Humongous regions: 49->49
[2025-01-08T16:56:21.853+0000][160252.219s][info][gc,metaspace] GC(4492) Metaspace: 506144K(515072K)->506144K(515072K) NonClass: 444599K(449088K)->444599K(449088K) Class: 61544K(65984K)->61544K(65984K)
[2025-01-08T16:56:21.853+0000][160252.219s][info][gc          ] GC(4492) Pause Young (Prepare Mixed) (G1 Evacuation Pause) 9654M->2351M(12288M) 31.231ms
[2025-01-08T16:56:21.853+0000][160252.219s][info][gc,cpu      ] GC(4492) User=0.18s Sys=0.00s Real=0.03s
[2025-01-08T16:56:22.426+0000][160252.792s][info][gc,start    ] GC(4493) Pause Young (Mixed) (G1 Evacuation Pause)
[2025-01-08T16:56:22.426+0000][160252.792s][info][gc,task     ] GC(4493) Using 6 workers of 6 for evacuation
[2025-01-08T16:56:22.481+0000][160252.847s][info][gc,phases   ] GC(4493)   Pre Evacuate Collection Set: 0.2ms
[2025-01-08T16:56:22.481+0000][160252.847s][info][gc,phases   ] GC(4493)   Merge Heap Roots: 0.5ms
[2025-01-08T16:56:22.481+0000][160252.847s][info][gc,phases   ] GC(4493)   Evacuate Collection Set: 51.8ms
[2025-01-08T16:56:22.481+0000][160252.847s][info][gc,phases   ] GC(4493)   Post Evacuate Collection Set: 1.9ms
[2025-01-08T16:56:22.481+0000][160252.847s][info][gc,phases   ] GC(4493)   Other: 0.2ms
[2025-01-08T16:56:22.481+0000][160252.847s][info][gc,heap     ] GC(4493) Eden regions: 68->0(915)
[2025-01-08T16:56:22.481+0000][160252.847s][info][gc,heap     ] GC(4493) Survivor regions: 8->6(10)
[2025-01-08T16:56:22.481+0000][160252.847s][info][gc,heap     ] GC(4493) Old regions: 237->235
[2025-01-08T16:56:22.481+0000][160252.847s][info][gc,heap     ] GC(4493) Archive regions: 2->2
[2025-01-08T16:56:22.481+0000][160252.847s][info][gc,heap     ] GC(4493) Humongous regions: 49->49
[2025-01-08T16:56:22.481+0000][160252.847s][info][gc,metaspace] GC(4493) Metaspace: 506144K(515072K)->506144K(515072K) NonClass: 444599K(449088K)->444599K(449088K) Class: 61544K(65984K)->61544K(65984K)
[2025-01-08T16:56:22.481+0000][160252.847s][info][gc          ] GC(4493) Pause Young (Mixed) (G1 Evacuation Pause) 2895M->2321M(12288M) 54.659ms
[2025-01-08T16:56:22.481+0000][160252.847s][info][gc,cpu      ] GC(4493) User=0.31s Sys=0.00s Real=0.05s
[2025-01-08T16:56:29.077+0000][160259.443s][info][gc,start    ] GC(4494) Pause Young (Normal) (G1 Evacuation Pause)
[2025-01-08T16:56:29.077+0000][160259.443s][info][gc,task     ] GC(4494) Using 6 workers of 6 for evacuation
[2025-01-08T16:56:29.105+0000][160259.471s][info][gc,phases   ] GC(4494)   Pre Evacuate Collection Set: 0.2ms
[2025-01-08T16:56:29.105+0000][160259.471s][info][gc,phases   ] GC(4494)   Merge Heap Roots: 0.5ms
[2025-01-08T16:56:29.105+0000][160259.471s][info][gc,phases   ] GC(4494)   Evacuate Collection Set: 24.6ms
[2025-01-08T16:56:29.105+0000][160259.471s][info][gc,phases   ] GC(4494)   Post Evacuate Collection Set: 2.4ms
[2025-01-08T16:56:29.105+0000][160259.471s][info][gc,phases   ] GC(4494)   Other: 0.2ms
[2025-01-08T16:56:29.105+0000][160259.471s][info][gc,heap     ] GC(4494) Eden regions: 915->0(914)
[2025-01-08T16:56:29.105+0000][160259.471s][info][gc,heap     ] GC(4494) Survivor regions: 6->7(116)
[2025-01-08T16:56:29.105+0000][160259.471s][info][gc,heap     ] GC(4494) Old regions: 235->235
[2025-01-08T16:56:29.105+0000][160259.471s][info][gc,heap     ] GC(4494) Archive regions: 2->2
[2025-01-08T16:56:29.105+0000][160259.471s][info][gc,heap     ] GC(4494) Humongous regions: 49->49
[2025-01-08T16:56:29.105+0000][160259.471s][info][gc,metaspace] GC(4494) Metaspace: 506144K(515072K)->506144K(515072K) NonClass: 444600K(449088K)->444600K(449088K) Class: 61544K(65984K)->61544K(65984K)
[2025-01-08T16:56:29.105+0000][160259.471s][info][gc          ] GC(4494) Pause Young (Normal) (G1 Evacuation Pause) 9641M->2329M(12288M) 27.921ms
[2025-01-08T16:56:29.105+0000][160259.471s][info][gc,cpu      ] GC(4494) User=0.16s Sys=0.00s Real=0.03s
[2025-01-08T16:56:38.297+0000][160268.663s][info][gc,start    ] GC(4495) Pause Young (Normal) (G1 Evacuation Pause)
[2025-01-08T16:56:38.297+0000][160268.663s][info][gc,task     ] GC(4495) Using 6 workers of 6 for evacuation
[2025-01-08T16:56:38.327+0000][160268.693s][info][gc,phases   ] GC(4495)   Pre Evacuate Collection Set: 0.2ms
[2025-01-08T16:56:38.327+0000][160268.693s][info][gc,phases   ] GC(4495)   Merge Heap Roots: 0.4ms
[2025-01-08T16:56:38.327+0000][160268.693s][info][gc,phases   ] GC(4495)   Evacuate Collection Set: 26.4ms
[2025-01-08T16:56:38.327+0000][160268.693s][info][gc,phases   ] GC(4495)   Post Evacuate Collection Set: 2.6ms
[2025-01-08T16:56:38.327+0000][160268.693s][info][gc,phases   ] GC(4495)   Other: 0.2ms
[2025-01-08T16:56:38.327+0000][160268.693s][info][gc,heap     ] GC(4495) Eden regions: 914->0(913)
[2025-01-08T16:56:38.327+0000][160268.693s][info][gc,heap     ] GC(4495) Survivor regions: 7->8(116)
[2025-01-08T16:56:38.327+0000][160268.693s][info][gc,heap     ] GC(4495) Old regions: 235->235
[2025-01-08T16:56:38.327+0000][160268.693s][info][gc,heap     ] GC(4495) Archive regions: 2->2
[2025-01-08T16:56:38.327+0000][160268.693s][info][gc,heap     ] GC(4495) Humongous regions: 49->49
[2025-01-08T16:56:38.327+0000][160268.693s][info][gc,metaspace] GC(4495) Metaspace: 506144K(515072K)->506144K(515072K) NonClass: 444600K(449088K)->444600K(449088K) Class: 61544K(65984K)->61544K(65984K)
[2025-01-08T16:56:38.327+0000][160268.693s][info][gc          ] GC(4495) Pause Young (Normal) (G1 Evacuation Pause) 9641M->2334M(12288M) 29.927ms
[2025-01-08T16:56:38.327+0000][160268.693s][info][gc,cpu      ] GC(4495) User=0.17s Sys=0.00s Real=0.03s
[2025-01-08T16:56:45.591+0000][160275.957s][info][gc,start    ] GC(4496) Pause Young (Concurrent Start) (G1 Evacuation Pause)
[2025-01-08T16:56:45.591+0000][160275.957s][info][gc,task     ] GC(4496) Using 6 workers of 6 for evacuation
[2025-01-08T16:56:45.628+0000][160275.994s][info][gc,phases   ] GC(4496)   Pre Evacuate Collection Set: 1.0ms
[2025-01-08T16:56:45.628+0000][160275.994s][info][gc,phases   ] GC(4496)   Merge Heap Roots: 0.4ms
[2025-01-08T16:56:45.628+0000][160275.994s][info][gc,phases   ] GC(4496)   Evacuate Collection Set: 30.5ms
[2025-01-08T16:56:45.628+0000][160275.994s][info][gc,phases   ] GC(4496)   Post Evacuate Collection Set: 5.2ms
[2025-01-08T16:56:45.628+0000][160275.994s][info][gc,phases   ] GC(4496)   Other: 0.3ms
[2025-01-08T16:56:45.628+0000][160275.994s][info][gc,heap     ] GC(4496) Eden regions: 913->0(910)
[2025-01-08T16:56:45.628+0000][160275.994s][info][gc,heap     ] GC(4496) Survivor regions: 8->11(116)
[2025-01-08T16:56:45.628+0000][160275.994s][info][gc,heap     ] GC(4496) Old regions: 235->235
[2025-01-08T16:56:45.628+0000][160275.994s][info][gc,heap     ] GC(4496) Archive regions: 2->2
[2025-01-08T16:56:45.628+0000][160275.994s][info][gc,heap     ] GC(4496) Humongous regions: 49->49
[2025-01-08T16:56:45.628+0000][160275.995s][info][gc,metaspace] GC(4496) Metaspace: 506146K(515072K)->506146K(515072K) NonClass: 444601K(449088K)->444601K(449088K) Class: 61545K(65984K)->61545K(65984K)
[2025-01-08T16:56:45.628+0000][160275.995s][info][gc          ] GC(4496) Pause Young (Concurrent Start) (G1 Evacuation Pause) 9638M->2357M(12288M) 37.501ms
[2025-01-08T16:56:45.628+0000][160275.995s][info][gc,cpu      ] GC(4496) User=0.21s Sys=0.00s Real=0.03s
[2025-01-08T16:56:45.628+0000][160275.995s][info][gc          ] GC(4497) Concurrent Mark Cycle
[2025-01-08T16:56:45.629+0000][160275.995s][info][gc,marking  ] GC(4497) Concurrent Clear Claimed Marks
[2025-01-08T16:56:45.629+0000][160275.995s][info][gc,marking  ] GC(4497) Concurrent Clear Claimed Marks 0.830ms
[2025-01-08T16:56:45.629+0000][160275.995s][info][gc,marking  ] GC(4497) Concurrent Scan Root Regions
[2025-01-08T16:56:45.654+0000][160276.020s][info][gc,marking  ] GC(4497) Concurrent Scan Root Regions 25.001ms
[2025-01-08T16:56:45.654+0000][160276.020s][info][gc,marking  ] GC(4497) Concurrent Mark
[2025-01-08T16:56:45.654+0000][160276.020s][info][gc,marking  ] GC(4497) Concurrent Mark From Roots
[2025-01-08T16:56:45.654+0000][160276.020s][info][gc,task     ] GC(4497) Using 2 workers of 2 for marking
[2025-01-08T16:56:46.604+0000][160276.970s][info][gc,marking  ] GC(4497) Concurrent Mark From Roots 949.610ms
[2025-01-08T16:56:46.604+0000][160276.970s][info][gc,marking  ] GC(4497) Concurrent Preclean
[2025-01-08T16:56:46.607+0000][160276.973s][info][gc,marking  ] GC(4497) Concurrent Preclean 2.906ms
[2025-01-08T16:56:46.607+0000][160276.973s][info][gc,start    ] GC(4497) Pause Remark
[2025-01-08T16:56:46.633+0000][160276.999s][info][gc          ] GC(4497) Pause Remark 3589M->3589M(12288M) 25.967ms
[2025-01-08T16:56:46.633+0000][160276.999s][info][gc,cpu      ] GC(4497) User=0.15s Sys=0.00s Real=0.03s
[2025-01-08T16:56:46.633+0000][160276.999s][info][gc,marking  ] GC(4497) Concurrent Mark 978.801ms
[2025-01-08T16:56:46.633+0000][160276.999s][info][gc,marking  ] GC(4497) Concurrent Rebuild Remembered Sets
[2025-01-08T16:56:47.094+0000][160277.460s][info][gc,marking  ] GC(4497) Concurrent Rebuild Remembered Sets 460.298ms
[2025-01-08T16:56:47.094+0000][160277.460s][info][gc,start    ] GC(4497) Pause Cleanup
[2025-01-08T16:56:47.094+0000][160277.460s][info][gc          ] GC(4497) Pause Cleanup 3861M->3861M(12288M) 0.363ms
[2025-01-08T16:56:47.094+0000][160277.460s][info][gc,cpu      ] GC(4497) User=0.00s Sys=0.00s Real=0.00s
[2025-01-08T16:56:47.094+0000][160277.460s][info][gc,marking  ] GC(4497) Concurrent Cleanup for Next Mark
[2025-01-08T16:56:47.110+0000][160277.476s][info][gc,marking  ] GC(4497) Concurrent Cleanup for Next Mark 15.523ms
[2025-01-08T16:56:47.110+0000][160277.476s][info][gc          ] GC(4497) Concurrent Mark Cycle 1481.172ms
[2025-01-08T16:56:53.773+0000][160284.139s][info][gc,start    ] GC(4498) Pause Young (Prepare Mixed) (G1 Evacuation Pause)
[2025-01-08T16:56:53.773+0000][160284.139s][info][gc,task     ] GC(4498) Using 6 workers of 6 for evacuation
[2025-01-08T16:56:53.814+0000][160284.180s][info][gc,phases   ] GC(4498)   Pre Evacuate Collection Set: 0.2ms
[2025-01-08T16:56:53.814+0000][160284.180s][info][gc,phases   ] GC(4498)   Merge Heap Roots: 0.7ms
[2025-01-08T16:56:53.814+0000][160284.180s][info][gc,phases   ] GC(4498)   Evacuate Collection Set: 35.5ms
[2025-01-08T16:56:53.814+0000][160284.180s][info][gc,phases   ] GC(4498)   Post Evacuate Collection Set: 4.2ms
[2025-01-08T16:56:53.814+0000][160284.180s][info][gc,phases   ] GC(4498)   Other: 0.2ms
[2025-01-08T16:56:53.814+0000][160284.180s][info][gc,heap     ] GC(4498) Eden regions: 910->0(64)
[2025-01-08T16:56:53.814+0000][160284.180s][info][gc,heap     ] GC(4498) Survivor regions: 11->12(116)
[2025-01-08T16:56:53.814+0000][160284.180s][info][gc,heap     ] GC(4498) Old regions: 235->235
[2025-01-08T16:56:53.814+0000][160284.180s][info][gc,heap     ] GC(4498) Archive regions: 2->2
[2025-01-08T16:56:53.814+0000][160284.180s][info][gc,heap     ] GC(4498) Humongous regions: 53->53
[2025-01-08T16:56:53.814+0000][160284.180s][info][gc,metaspace] GC(4498) Metaspace: 506151K(515072K)->506151K(515072K) NonClass: 444605K(449088K)->444605K(449088K) Class: 61545K(65984K)->61545K(65984K)
[2025-01-08T16:56:53.814+0000][160284.180s][info][gc          ] GC(4498) Pause Young (Prepare Mixed) (G1 Evacuation Pause) 9669M->2397M(12288M) 40.842ms
[2025-01-08T16:56:53.814+0000][160284.180s][info][gc,cpu      ] GC(4498) User=0.24s Sys=0.00s Real=0.04s
[2025-01-08T16:56:54.276+0000][160284.642s][info][gc,start    ] GC(4499) Pause Young (Mixed) (G1 Evacuation Pause)
[2025-01-08T16:56:54.276+0000][160284.642s][info][gc,task     ] GC(4499) Using 6 workers of 6 for evacuation
[2025-01-08T16:56:54.350+0000][160284.716s][info][gc,phases   ] GC(4499)   Pre Evacuate Collection Set: 0.2ms
[2025-01-08T16:56:54.350+0000][160284.716s][info][gc,phases   ] GC(4499)   Merge Heap Roots: 0.6ms
[2025-01-08T16:56:54.350+0000][160284.716s][info][gc,phases   ] GC(4499)   Evacuate Collection Set: 70.6ms
[2025-01-08T16:56:54.350+0000][160284.716s][info][gc,phases   ] GC(4499)   Post Evacuate Collection Set: 2.1ms
[2025-01-08T16:56:54.350+0000][160284.716s][info][gc,phases   ] GC(4499)   Other: 0.2ms
[2025-01-08T16:56:54.350+0000][160284.716s][info][gc,heap     ] GC(4499) Eden regions: 64->0(916)
[2025-01-08T16:56:54.350+0000][160284.716s][info][gc,heap     ] GC(4499) Survivor regions: 12->5(10)
[2025-01-08T16:56:54.350+0000][160284.716s][info][gc,heap     ] GC(4499) Old regions: 235->237
[2025-01-08T16:56:54.350+0000][160284.716s][info][gc,heap     ] GC(4499) Archive regions: 2->2
[2025-01-08T16:56:54.350+0000][160284.716s][info][gc,heap     ] GC(4499) Humongous regions: 53->53
[2025-01-08T16:56:54.350+0000][160284.716s][info][gc,metaspace] GC(4499) Metaspace: 506151K(515072K)->506151K(515072K) NonClass: 444605K(449088K)->444605K(449088K) Class: 61545K(65984K)->61545K(65984K)
[2025-01-08T16:56:54.350+0000][160284.716s][info][gc          ] GC(4499) Pause Young (Mixed) (G1 Evacuation Pause) 2909M->2357M(12288M) 73.819ms
[2025-01-08T16:56:54.350+0000][160284.716s][info][gc,cpu      ] GC(4499) User=0.40s Sys=0.01s Real=0.08s
[2025-01-08T16:57:05.410+0000][160295.776s][info][gc,start    ] GC(4500) Pause Young (Normal) (G1 Evacuation Pause)
[2025-01-08T16:57:05.410+0000][160295.776s][info][gc,task     ] GC(4500) Using 6 workers of 6 for evacuation
[2025-01-08T16:57:05.438+0000][160295.804s][info][gc,phases   ] GC(4500)   Pre Evacuate Collection Set: 0.2ms
[2025-01-08T16:57:05.438+0000][160295.804s][info][gc,phases   ] GC(4500)   Merge Heap Roots: 0.4ms
[2025-01-08T16:57:05.438+0000][160295.804s][info][gc,phases   ] GC(4500)   Evacuate Collection Set: 24.3ms
[2025-01-08T16:57:05.438+0000][160295.804s][info][gc,phases   ] GC(4500)   Post Evacuate Collection Set: 2.7ms
[2025-01-08T16:57:05.438+0000][160295.804s][info][gc,phases   ] GC(4500)   Other: 0.2ms
[2025-01-08T16:57:05.438+0000][160295.804s][info][gc,heap     ] GC(4500) Eden regions: 916->0(914)
[2025-01-08T16:57:05.438+0000][160295.804s][info][gc,heap     ] GC(4500) Survivor regions: 5->7(116)
[2025-01-08T16:57:05.438+0000][160295.804s][info][gc,heap     ] GC(4500) Old regions: 237->237
[2025-01-08T16:57:05.438+0000][160295.804s][info][gc,heap     ] GC(4500) Archive regions: 2->2
[2025-01-08T16:57:05.438+0000][160295.804s][info][gc,heap     ] GC(4500) Humongous regions: 53->53
[2025-01-08T16:57:05.438+0000][160295.804s][info][gc,metaspace] GC(4500) Metaspace: 506151K(515072K)->506151K(515072K) NonClass: 444605K(449088K)->444605K(449088K) Class: 61545K(65984K)->61545K(65984K)
[2025-01-08T16:57:05.438+0000][160295.804s][info][gc          ] GC(4500) Pause Young (Normal) (G1 Evacuation Pause) 9685M->2371M(12288M) 27.873ms
[2025-01-08T16:57:05.438+0000][160295.804s][info][gc,cpu      ] GC(4500) User=0.16s Sys=0.00s Real=0.02s
[2025-01-08T16:57:12.221+0000][160302.587s][info][gc,start    ] GC(4501) Pause Young (Normal) (G1 Evacuation Pause)
[2025-01-08T16:57:12.221+0000][160302.587s][info][gc,task     ] GC(4501) Using 6 workers of 6 for evacuation
[2025-01-08T16:57:12.249+0000][160302.615s][info][gc,phases   ] GC(4501)   Pre Evacuate Collection Set: 0.2ms
[2025-01-08T16:57:12.249+0000][160302.615s][info][gc,phases   ] GC(4501)   Merge Heap Roots: 0.4ms
[2025-01-08T16:57:12.249+0000][160302.615s][info][gc,phases   ] GC(4501)   Evacuate Collection Set: 24.9ms
[2025-01-08T16:57:12.249+0000][160302.615s][info][gc,phases   ] GC(4501)   Post Evacuate Collection Set: 2.5ms
[2025-01-08T16:57:12.249+0000][160302.615s][info][gc,phases   ] GC(4501)   Other: 0.2ms
[2025-01-08T16:57:12.249+0000][160302.615s][info][gc,heap     ] GC(4501) Eden regions: 914->0(913)
[2025-01-08T16:57:12.249+0000][160302.615s][info][gc,heap     ] GC(4501) Survivor regions: 7->8(116)
[2025-01-08T16:57:12.249+0000][160302.615s][info][gc,heap     ] GC(4501) Old regions: 237->237
[2025-01-08T16:57:12.249+0000][160302.615s][info][gc,heap     ] GC(4501) Archive regions: 2->2
[2025-01-08T16:57:12.249+0000][160302.615s][info][gc,heap     ] GC(4501) Humongous regions: 53->53
[2025-01-08T16:57:12.249+0000][160302.615s][info][gc,metaspace] GC(4501) Metaspace: 506151K(515072K)->506151K(515072K) NonClass: 444605K(449088K)->444605K(449088K) Class: 61545K(65984K)->61545K(65984K)
[2025-01-08T16:57:12.249+0000][160302.615s][info][gc          ] GC(4501) Pause Young (Normal) (G1 Evacuation Pause) 9683M->2380M(12288M) 28.326ms
[2025-01-08T16:57:12.249+0000][160302.615s][info][gc,cpu      ] GC(4501) User=0.16s Sys=0.00s Real=0.03s
[2025-01-08T16:57:17.425+0000][160307.791s][info][gc,start    ] GC(4502) Pause Young (Concurrent Start) (G1 Evacuation Pause)
[2025-01-08T16:57:17.425+0000][160307.791s][info][gc,task     ] GC(4502) Using 6 workers of 6 for evacuation
[2025-01-08T16:57:17.456+0000][160307.823s][info][gc,phases   ] GC(4502)   Pre Evacuate Collection Set: 1.2ms
[2025-01-08T16:57:17.457+0000][160307.823s][info][gc,phases   ] GC(4502)   Merge Heap Roots: 0.4ms
[2025-01-08T16:57:17.457+0000][160307.823s][info][gc,phases   ] GC(4502)   Evacuate Collection Set: 27.1ms
[2025-01-08T16:57:17.457+0000][160307.823s][info][gc,phases   ] GC(4502)   Post Evacuate Collection Set: 2.6ms
[2025-01-08T16:57:17.457+0000][160307.823s][info][gc,phases   ] GC(4502)   Other: 0.3ms
[2025-01-08T16:57:17.457+0000][160307.823s][info][gc,heap     ] GC(4502) Eden regions: 913->0(912)
[2025-01-08T16:57:17.457+0000][160307.823s][info][gc,heap     ] GC(4502) Survivor regions: 8->9(116)
[2025-01-08T16:57:17.457+0000][160307.823s][info][gc,heap     ] GC(4502) Old regions: 237->237
[2025-01-08T16:57:17.457+0000][160307.823s][info][gc,heap     ] GC(4502) Archive regions: 2->2
[2025-01-08T16:57:17.457+0000][160307.823s][info][gc,heap     ] GC(4502) Humongous regions: 53->53
[2025-01-08T16:57:17.457+0000][160307.823s][info][gc,metaspace] GC(4502) Metaspace: 506152K(515072K)->506152K(515072K) NonClass: 444606K(449088K)->444606K(449088K) Class: 61545K(65984K)->61545K(65984K)
[2025-01-08T16:57:17.457+0000][160307.823s][info][gc          ] GC(4502) Pause Young (Concurrent Start) (G1 Evacuation Pause) 9684M->2388M(12288M) 31.682ms
[2025-01-08T16:57:17.457+0000][160307.823s][info][gc,cpu      ] GC(4502) User=0.17s Sys=0.00s Real=0.03s
[2025-01-08T16:57:17.457+0000][160307.823s][info][gc          ] GC(4503) Concurrent Mark Cycle
[2025-01-08T16:57:17.457+0000][160307.823s][info][gc,marking  ] GC(4503) Concurrent Clear Claimed Marks
[2025-01-08T16:57:17.458+0000][160307.824s][info][gc,marking  ] GC(4503) Concurrent Clear Claimed Marks 0.955ms
[2025-01-08T16:57:17.458+0000][160307.824s][info][gc,marking  ] GC(4503) Concurrent Scan Root Regions
[2025-01-08T16:57:17.483+0000][160307.849s][info][gc,marking  ] GC(4503) Concurrent Scan Root Regions 25.198ms
[2025-01-08T16:57:17.483+0000][160307.849s][info][gc,marking  ] GC(4503) Concurrent Mark
[2025-01-08T16:57:17.483+0000][160307.849s][info][gc,marking  ] GC(4503) Concurrent Mark From Roots
[2025-01-08T16:57:17.483+0000][160307.849s][info][gc,task     ] GC(4503) Using 2 workers of 2 for marking
[2025-01-08T16:57:18.418+0000][160308.784s][info][gc,marking  ] GC(4503) Concurrent Mark From Roots 935.190ms
[2025-01-08T16:57:18.418+0000][160308.784s][info][gc,marking  ] GC(4503) Concurrent Preclean
[2025-01-08T16:57:18.421+0000][160308.787s][info][gc,marking  ] GC(4503) Concurrent Preclean 2.648ms
[2025-01-08T16:57:18.421+0000][160308.787s][info][gc,start    ] GC(4503) Pause Remark
[2025-01-08T16:57:18.448+0000][160308.814s][info][gc          ] GC(4503) Pause Remark 3380M->3348M(12288M) 26.987ms
[2025-01-08T16:57:18.448+0000][160308.814s][info][gc,cpu      ] GC(4503) User=0.15s Sys=0.00s Real=0.03s
[2025-01-08T16:57:18.448+0000][160308.814s][info][gc,marking  ] GC(4503) Concurrent Mark 965.188ms
[2025-01-08T16:57:18.448+0000][160308.814s][info][gc,marking  ] GC(4503) Concurrent Rebuild Remembered Sets
[2025-01-08T16:57:19.100+0000][160309.466s][info][gc,marking  ] GC(4503) Concurrent Rebuild Remembered Sets 651.391ms
[2025-01-08T16:57:19.100+0000][160309.466s][info][gc,start    ] GC(4503) Pause Cleanup
[2025-01-08T16:57:19.100+0000][160309.466s][info][gc          ] GC(4503) Pause Cleanup 4112M->4112M(12288M) 0.483ms
[2025-01-08T16:57:19.100+0000][160309.466s][info][gc,cpu      ] GC(4503) User=0.00s Sys=0.00s Real=0.00s
[2025-01-08T16:57:19.100+0000][160309.466s][info][gc,marking  ] GC(4503) Concurrent Cleanup for Next Mark
[2025-01-08T16:57:19.117+0000][160309.483s][info][gc,marking  ] GC(4503) Concurrent Cleanup for Next Mark 16.385ms
[2025-01-08T16:57:19.117+0000][160309.483s][info][gc          ] GC(4503) Concurrent Mark Cycle 1660.075ms
[2025-01-08T16:57:26.763+0000][160317.130s][info][gc,start    ] GC(4504) Pause Young (Prepare Mixed) (G1 Evacuation Pause)
[2025-01-08T16:57:26.763+0000][160317.130s][info][gc,task     ] GC(4504) Using 6 workers of 6 for evacuation
[2025-01-08T16:57:26.803+0000][160317.169s][info][gc,phases   ] GC(4504)   Pre Evacuate Collection Set: 0.2ms
[2025-01-08T16:57:26.803+0000][160317.169s][info][gc,phases   ] GC(4504)   Merge Heap Roots: 0.7ms
[2025-01-08T16:57:26.803+0000][160317.169s][info][gc,phases   ] GC(4504)   Evacuate Collection Set: 35.5ms
[2025-01-08T16:57:26.803+0000][160317.169s][info][gc,phases   ] GC(4504)   Post Evacuate Collection Set: 3.0ms
[2025-01-08T16:57:26.803+0000][160317.169s][info][gc,phases   ] GC(4504)   Other: 0.2ms
[2025-01-08T16:57:26.803+0000][160317.169s][info][gc,heap     ] GC(4504) Eden regions: 912->0(65)
[2025-01-08T16:57:26.803+0000][160317.169s][info][gc,heap     ] GC(4504) Survivor regions: 9->11(116)
[2025-01-08T16:57:26.803+0000][160317.169s][info][gc,heap     ] GC(4504) Old regions: 237->237
[2025-01-08T16:57:26.803+0000][160317.169s][info][gc,heap     ] GC(4504) Archive regions: 2->2
[2025-01-08T16:57:26.803+0000][160317.169s][info][gc,heap     ] GC(4504) Humongous regions: 49->49
[2025-01-08T16:57:26.803+0000][160317.169s][info][gc,metaspace] GC(4504) Metaspace: 506164K(515072K)->506164K(515072K) NonClass: 444616K(449088K)->444616K(449088K) Class: 61547K(65984K)->61547K(65984K)
[2025-01-08T16:57:26.803+0000][160317.169s][info][gc          ] GC(4504) Pause Young (Prepare Mixed) (G1 Evacuation Pause) 9652M->2372M(12288M) 39.770ms
[2025-01-08T16:57:26.803+0000][160317.169s][info][gc,cpu      ] GC(4504) User=0.23s Sys=0.00s Real=0.04s
[2025-01-08T16:57:27.242+0000][160317.608s][info][gc,start    ] GC(4505) Pause Young (Mixed) (G1 Evacuation Pause)
[2025-01-08T16:57:27.242+0000][160317.608s][info][gc,task     ] GC(4505) Using 6 workers of 6 for evacuation
[2025-01-08T16:57:27.280+0000][160317.646s][info][gc,phases   ] GC(4505)   Pre Evacuate Collection Set: 0.2ms
[2025-01-08T16:57:27.280+0000][160317.646s][info][gc,phases   ] GC(4505)   Merge Heap Roots: 0.4ms
[2025-01-08T16:57:27.280+0000][160317.646s][info][gc,phases   ] GC(4505)   Evacuate Collection Set: 35.9ms
[2025-01-08T16:57:27.280+0000][160317.646s][info][gc,phases   ] GC(4505)   Post Evacuate Collection Set: 1.6ms
[2025-01-08T16:57:27.280+0000][160317.646s][info][gc,phases   ] GC(4505)   Other: 0.2ms
[2025-01-08T16:57:27.280+0000][160317.646s][info][gc,heap     ] GC(4505) Eden regions: 65->0(916)
[2025-01-08T16:57:27.280+0000][160317.646s][info][gc,heap     ] GC(4505) Survivor regions: 11->5(10)
[2025-01-08T16:57:27.280+0000][160317.646s][info][gc,heap     ] GC(4505) Old regions: 237->235
[2025-01-08T16:57:27.280+0000][160317.646s][info][gc,heap     ] GC(4505) Archive regions: 2->2
[2025-01-08T16:57:27.280+0000][160317.646s][info][gc,heap     ] GC(4505) Humongous regions: 49->49
[2025-01-08T16:57:27.280+0000][160317.646s][info][gc,metaspace] GC(4505) Metaspace: 506166K(515072K)->506166K(515072K) NonClass: 444618K(449088K)->444618K(449088K) Class: 61547K(65984K)->61547K(65984K)
[2025-01-08T16:57:27.280+0000][160317.646s][info][gc          ] GC(4505) Pause Young (Mixed) (G1 Evacuation Pause) 2892M->2314M(12288M) 38.284ms
[2025-01-08T16:57:27.280+0000][160317.646s][info][gc,cpu      ] GC(4505) User=0.22s Sys=0.00s Real=0.03s
[2025-01-08T16:57:33.252+0000][160323.618s][info][gc,start    ] GC(4506) Pause Young (Normal) (G1 Evacuation Pause)
[2025-01-08T16:57:33.252+0000][160323.618s][info][gc,task     ] GC(4506) Using 6 workers of 6 for evacuation
[2025-01-08T16:57:33.278+0000][160323.644s][info][gc,phases   ] GC(4506)   Pre Evacuate Collection Set: 0.2ms
[2025-01-08T16:57:33.278+0000][160323.644s][info][gc,phases   ] GC(4506)   Merge Heap Roots: 0.4ms
[2025-01-08T16:57:33.278+0000][160323.644s][info][gc,phases   ] GC(4506)   Evacuate Collection Set: 20.7ms
[2025-01-08T16:57:33.278+0000][160323.644s][info][gc,phases   ] GC(4506)   Post Evacuate Collection Set: 4.6ms
[2025-01-08T16:57:33.278+0000][160323.644s][info][gc,phases   ] GC(4506)   Other: 0.2ms
[2025-01-08T16:57:33.278+0000][160323.644s][info][gc,heap     ] GC(4506) Eden regions: 916->0(915)
[2025-01-08T16:57:33.278+0000][160323.644s][info][gc,heap     ] GC(4506) Survivor regions: 5->6(116)
[2025-01-08T16:57:33.278+0000][160323.644s][info][gc,heap     ] GC(4506) Old regions: 235->235
[2025-01-08T16:57:33.278+0000][160323.644s][info][gc,heap     ] GC(4506) Archive regions: 2->2
[2025-01-08T16:57:33.278+0000][160323.644s][info][gc,heap     ] GC(4506) Humongous regions: 49->49
[2025-01-08T16:57:33.278+0000][160323.644s][info][gc,metaspace] GC(4506) Metaspace: 506166K(515072K)->506166K(515072K) NonClass: 444618K(449088K)->444618K(449088K) Class: 61547K(65984K)->61547K(65984K)
[2025-01-08T16:57:33.278+0000][160323.644s][info][gc          ] GC(4506) Pause Young (Normal) (G1 Evacuation Pause) 9642M->2321M(12288M) 26.278ms
[2025-01-08T16:57:33.278+0000][160323.644s][info][gc,cpu      ] GC(4506) User=0.15s Sys=0.00s Real=0.02s
[2025-01-08T16:57:40.773+0000][160331.139s][info][gc,start    ] GC(4507) Pause Young (Normal) (G1 Evacuation Pause)
[2025-01-08T16:57:40.773+0000][160331.139s][info][gc,task     ] GC(4507) Using 6 workers of 6 for evacuation
[2025-01-08T16:57:40.802+0000][160331.168s][info][gc,phases   ] GC(4507)   Pre Evacuate Collection Set: 0.2ms
[2025-01-08T16:57:40.802+0000][160331.168s][info][gc,phases   ] GC(4507)   Merge Heap Roots: 0.4ms
[2025-01-08T16:57:40.802+0000][160331.168s][info][gc,phases   ] GC(4507)   Evacuate Collection Set: 24.3ms
[2025-01-08T16:57:40.802+0000][160331.168s][info][gc,phases   ] GC(4507)   Post Evacuate Collection Set: 4.4ms
[2025-01-08T16:57:40.802+0000][160331.168s][info][gc,phases   ] GC(4507)   Other: 0.2ms
[2025-01-08T16:57:40.802+0000][160331.168s][info][gc,heap     ] GC(4507) Eden regions: 915->0(913)
[2025-01-08T16:57:40.802+0000][160331.168s][info][gc,heap     ] GC(4507) Survivor regions: 6->8(116)
[2025-01-08T16:57:40.802+0000][160331.168s][info][gc,heap     ] GC(4507) Old regions: 235->235
[2025-01-08T16:57:40.802+0000][160331.168s][info][gc,heap     ] GC(4507) Archive regions: 2->2
[2025-01-08T16:57:40.802+0000][160331.168s][info][gc,heap     ] GC(4507) Humongous regions: 49->49
[2025-01-08T16:57:40.802+0000][160331.169s][info][gc,metaspace] GC(4507) Metaspace: 506170K(515072K)->506170K(515072K) NonClass: 444622K(449088K)->444622K(449088K) Class: 61548K(65984K)->61548K(65984K)
[2025-01-08T16:57:40.802+0000][160331.169s][info][gc          ] GC(4507) Pause Young (Normal) (G1 Evacuation Pause) 9641M->2332M(12288M) 29.699ms
[2025-01-08T16:57:40.802+0000][160331.169s][info][gc,cpu      ] GC(4507) User=0.17s Sys=0.00s Real=0.03s
[2025-01-08T16:57:47.555+0000][160337.921s][info][gc,start    ] GC(4508) Pause Young (Concurrent Start) (G1 Evacuation Pause)
[2025-01-08T16:57:47.555+0000][160337.921s][info][gc,task     ] GC(4508) Using 6 workers of 6 for evacuation
[2025-01-08T16:57:47.588+0000][160337.954s][info][gc,phases   ] GC(4508)   Pre Evacuate Collection Set: 1.1ms
[2025-01-08T16:57:47.588+0000][160337.954s][info][gc,phases   ] GC(4508)   Merge Heap Roots: 0.4ms
[2025-01-08T16:57:47.588+0000][160337.954s][info][gc,phases   ] GC(4508)   Evacuate Collection Set: 27.5ms
[2025-01-08T16:57:47.588+0000][160337.954s][info][gc,phases   ] GC(4508)   Post Evacuate Collection Set: 4.3ms
[2025-01-08T16:57:47.588+0000][160337.954s][info][gc,phases   ] GC(4508)   Other: 0.3ms
[2025-01-08T16:57:47.588+0000][160337.954s][info][gc,heap     ] GC(4508) Eden regions: 913->0(912)
[2025-01-08T16:57:47.588+0000][160337.954s][info][gc,heap     ] GC(4508) Survivor regions: 8->9(116)
[2025-01-08T16:57:47.588+0000][160337.954s][info][gc,heap     ] GC(4508) Old regions: 235->235
[2025-01-08T16:57:47.588+0000][160337.954s][info][gc,heap     ] GC(4508) Archive regions: 2->2
[2025-01-08T16:57:47.588+0000][160337.954s][info][gc,heap     ] GC(4508) Humongous regions: 49->49
[2025-01-08T16:57:47.588+0000][160337.954s][info][gc,metaspace] GC(4508) Metaspace: 506170K(515072K)->506170K(515072K) NonClass: 444622K(449088K)->444622K(449088K) Class: 61548K(65984K)->61548K(65984K)
[2025-01-08T16:57:47.588+0000][160337.954s][info][gc          ] GC(4508) Pause Young (Concurrent Start) (G1 Evacuation Pause) 9636M->2342M(12288M) 33.701ms
[2025-01-08T16:57:47.588+0000][160337.954s][info][gc,cpu      ] GC(4508) User=0.19s Sys=0.00s Real=0.03s
[2025-01-08T16:57:47.588+0000][160337.954s][info][gc          ] GC(4509) Concurrent Mark Cycle
[2025-01-08T16:57:47.588+0000][160337.954s][info][gc,marking  ] GC(4509) Concurrent Clear Claimed Marks
[2025-01-08T16:57:47.589+0000][160337.955s][info][gc,marking  ] GC(4509) Concurrent Clear Claimed Marks 0.924ms
[2025-01-08T16:57:47.589+0000][160337.955s][info][gc,marking  ] GC(4509) Concurrent Scan Root Regions
[2025-01-08T16:57:47.610+0000][160337.976s][info][gc,marking  ] GC(4509) Concurrent Scan Root Regions 20.661ms
[2025-01-08T16:57:47.610+0000][160337.976s][info][gc,marking  ] GC(4509) Concurrent Mark
[2025-01-08T16:57:47.610+0000][160337.976s][info][gc,marking  ] GC(4509) Concurrent Mark From Roots
[2025-01-08T16:57:47.610+0000][160337.976s][info][gc,task     ] GC(4509) Using 2 workers of 2 for marking
[2025-01-08T16:57:48.459+0000][160338.825s][info][gc,marking  ] GC(4509) Concurrent Mark From Roots 848.559ms
[2025-01-08T16:57:48.459+0000][160338.825s][info][gc,marking  ] GC(4509) Concurrent Preclean
[2025-01-08T16:57:48.461+0000][160338.827s][info][gc,marking  ] GC(4509) Concurrent Preclean 2.655ms
[2025-01-08T16:57:48.461+0000][160338.827s][info][gc,start    ] GC(4509) Pause Remark
[2025-01-08T16:57:48.490+0000][160338.856s][info][gc          ] GC(4509) Pause Remark 3038M->3038M(12288M) 28.814ms
[2025-01-08T16:57:48.490+0000][160338.856s][info][gc,cpu      ] GC(4509) User=0.17s Sys=0.00s Real=0.04s
[2025-01-08T16:57:48.490+0000][160338.857s][info][gc,marking  ] GC(4509) Concurrent Mark 880.404ms
[2025-01-08T16:57:48.490+0000][160338.857s][info][gc,marking  ] GC(4509) Concurrent Rebuild Remembered Sets
[2025-01-08T16:57:49.084+0000][160339.450s][info][gc,marking  ] GC(4509) Concurrent Rebuild Remembered Sets 593.479ms
[2025-01-08T16:57:49.084+0000][160339.450s][info][gc,start    ] GC(4509) Pause Cleanup
[2025-01-08T16:57:49.085+0000][160339.451s][info][gc          ] GC(4509) Pause Cleanup 3546M->3546M(12288M) 0.437ms
[2025-01-08T16:57:49.085+0000][160339.451s][info][gc,cpu      ] GC(4509) User=0.00s Sys=0.00s Real=0.00s
[2025-01-08T16:57:49.085+0000][160339.451s][info][gc,marking  ] GC(4509) Concurrent Cleanup for Next Mark
[2025-01-08T16:57:49.100+0000][160339.466s][info][gc,marking  ] GC(4509) Concurrent Cleanup for Next Mark 15.753ms
[2025-01-08T16:57:49.100+0000][160339.467s][info][gc          ] GC(4509) Concurrent Mark Cycle 1512.114ms
[2025-01-08T16:57:55.555+0000][160345.921s][info][gc,start    ] GC(4510) Pause Young (Prepare Mixed) (G1 Evacuation Pause)
[2025-01-08T16:57:55.555+0000][160345.921s][info][gc,task     ] GC(4510) Using 6 workers of 6 for evacuation
[2025-01-08T16:57:55.589+0000][160345.955s][info][gc,phases   ] GC(4510)   Pre Evacuate Collection Set: 0.2ms
[2025-01-08T16:57:55.589+0000][160345.955s][info][gc,phases   ] GC(4510)   Merge Heap Roots: 0.7ms
[2025-01-08T16:57:55.589+0000][160345.955s][info][gc,phases   ] GC(4510)   Evacuate Collection Set: 30.5ms
[2025-01-08T16:57:55.589+0000][160345.955s][info][gc,phases   ] GC(4510)   Post Evacuate Collection Set: 2.8ms
[2025-01-08T16:57:55.589+0000][160345.955s][info][gc,phases   ] GC(4510)   Other: 0.2ms
[2025-01-08T16:57:55.589+0000][160345.955s][info][gc,heap     ] GC(4510) Eden regions: 912->0(66)
[2025-01-08T16:57:55.589+0000][160345.955s][info][gc,heap     ] GC(4510) Survivor regions: 9->10(116)
[2025-01-08T16:57:55.589+0000][160345.955s][info][gc,heap     ] GC(4510) Old regions: 235->235
[2025-01-08T16:57:55.589+0000][160345.955s][info][gc,heap     ] GC(4510) Archive regions: 2->2
[2025-01-08T16:57:55.589+0000][160345.955s][info][gc,heap     ] GC(4510) Humongous regions: 49->49
[2025-01-08T16:57:55.589+0000][160345.955s][info][gc,metaspace] GC(4510) Metaspace: 506185K(515072K)->506185K(515072K) NonClass: 444637K(449088K)->444637K(449088K) Class: 61548K(65984K)->61548K(65984K)
[2025-01-08T16:57:55.589+0000][160345.955s][info][gc          ] GC(4510) Pause Young (Prepare Mixed) (G1 Evacuation Pause) 9638M->2348M(12288M) 34.543ms
[2025-01-08T16:57:55.589+0000][160345.955s][info][gc,cpu      ] GC(4510) User=0.21s Sys=0.00s Real=0.03s
[2025-01-08T16:57:56.300+0000][160346.666s][info][gc,start    ] GC(4511) Pause Young (Mixed) (G1 Evacuation Pause)
[2025-01-08T16:57:56.300+0000][160346.666s][info][gc,task     ] GC(4511) Using 6 workers of 6 for evacuation
[2025-01-08T16:57:56.350+0000][160346.716s][info][gc,phases   ] GC(4511)   Pre Evacuate Collection Set: 0.2ms
[2025-01-08T16:57:56.350+0000][160346.716s][info][gc,phases   ] GC(4511)   Merge Heap Roots: 0.5ms
[2025-01-08T16:57:56.350+0000][160346.716s][info][gc,phases   ] GC(4511)   Evacuate Collection Set: 47.3ms
[2025-01-08T16:57:56.350+0000][160346.716s][info][gc,phases   ] GC(4511)   Post Evacuate Collection Set: 1.8ms
[2025-01-08T16:57:56.350+0000][160346.716s][info][gc,phases   ] GC(4511)   Other: 0.2ms
[2025-01-08T16:57:56.350+0000][160346.716s][info][gc,heap     ] GC(4511) Eden regions: 66->0(916)
[2025-01-08T16:57:56.350+0000][160346.716s][info][gc,heap     ] GC(4511) Survivor regions: 10->5(10)
[2025-01-08T16:57:56.350+0000][160346.716s][info][gc,heap     ] GC(4511) Old regions: 235->234
[2025-01-08T16:57:56.350+0000][160346.716s][info][gc,heap     ] GC(4511) Archive regions: 2->2
[2025-01-08T16:57:56.350+0000][160346.716s][info][gc,heap     ] GC(4511) Humongous regions: 49->49
[2025-01-08T16:57:56.350+0000][160346.716s][info][gc,metaspace] GC(4511) Metaspace: 506185K(515072K)->506185K(515072K) NonClass: 444637K(449088K)->444637K(449088K) Class: 61548K(65984K)->61548K(65984K)
[2025-01-08T16:57:56.350+0000][160346.716s][info][gc          ] GC(4511) Pause Young (Mixed) (G1 Evacuation Pause) 2876M->2302M(12288M) 50.041ms
[2025-01-08T16:57:56.350+0000][160346.716s][info][gc,cpu      ] GC(4511) User=0.28s Sys=0.00s Real=0.06s
[2025-01-08T16:58:04.631+0000][160354.998s][info][gc,start    ] GC(4512) Pause Young (Normal) (G1 Evacuation Pause)
[2025-01-08T16:58:04.631+0000][160354.998s][info][gc,task     ] GC(4512) Using 6 workers of 6 for evacuation
[2025-01-08T16:58:04.655+0000][160355.021s][info][gc,phases   ] GC(4512)   Pre Evacuate Collection Set: 0.2ms
[2025-01-08T16:58:04.655+0000][160355.021s][info][gc,phases   ] GC(4512)   Merge Heap Roots: 0.4ms
[2025-01-08T16:58:04.655+0000][160355.021s][info][gc,phases   ] GC(4512)   Evacuate Collection Set: 20.5ms
[2025-01-08T16:58:04.655+0000][160355.021s][info][gc,phases   ] GC(4512)   Post Evacuate Collection Set: 2.5ms
[2025-01-08T16:58:04.655+0000][160355.021s][info][gc,phases   ] GC(4512)   Other: 0.2ms
[2025-01-08T16:58:04.655+0000][160355.021s][info][gc,heap     ] GC(4512) Eden regions: 916->0(915)
[2025-01-08T16:58:04.655+0000][160355.021s][info][gc,heap     ] GC(4512) Survivor regions: 5->6(116)
[2025-01-08T16:58:04.655+0000][160355.021s][info][gc,heap     ] GC(4512) Old regions: 234->234
[2025-01-08T16:58:04.655+0000][160355.021s][info][gc,heap     ] GC(4512) Archive regions: 2->2
[2025-01-08T16:58:04.655+0000][160355.021s][info][gc,heap     ] GC(4512) Humongous regions: 49->49
[2025-01-08T16:58:04.655+0000][160355.021s][info][gc,metaspace] GC(4512) Metaspace: 506186K(515072K)->506186K(515072K) NonClass: 444638K(449088K)->444638K(449088K) Class: 61548K(65984K)->61548K(65984K)
[2025-01-08T16:58:04.655+0000][160355.021s][info][gc          ] GC(4512) Pause Young (Normal) (G1 Evacuation Pause) 9630M->2310M(12288M) 23.834ms
[2025-01-08T16:58:04.655+0000][160355.021s][info][gc,cpu      ] GC(4512) User=0.14s Sys=0.00s Real=0.02s
[2025-01-08T16:58:12.349+0000][160362.715s][info][gc,start    ] GC(4513) Pause Young (Normal) (G1 Evacuation Pause)
[2025-01-08T16:58:12.349+0000][160362.715s][info][gc,task     ] GC(4513) Using 6 workers of 6 for evacuation
[2025-01-08T16:58:12.378+0000][160362.744s][info][gc,phases   ] GC(4513)   Pre Evacuate Collection Set: 0.2ms
[2025-01-08T16:58:12.378+0000][160362.744s][info][gc,phases   ] GC(4513)   Merge Heap Roots: 0.4ms
[2025-01-08T16:58:12.378+0000][160362.744s][info][gc,phases   ] GC(4513)   Evacuate Collection Set: 25.9ms
[2025-01-08T16:58:12.378+0000][160362.744s][info][gc,phases   ] GC(4513)   Post Evacuate Collection Set: 2.7ms
[2025-01-08T16:58:12.378+0000][160362.744s][info][gc,phases   ] GC(4513)   Other: 0.2ms
[2025-01-08T16:58:12.378+0000][160362.744s][info][gc,heap     ] GC(4513) Eden regions: 915->0(914)
[2025-01-08T16:58:12.378+0000][160362.744s][info][gc,heap     ] GC(4513) Survivor regions: 6->7(116)
[2025-01-08T16:58:12.378+0000][160362.744s][info][gc,heap     ] GC(4513) Old regions: 234->234
[2025-01-08T16:58:12.378+0000][160362.744s][info][gc,heap     ] GC(4513) Archive regions: 2->2
[2025-01-08T16:58:12.378+0000][160362.744s][info][gc,heap     ] GC(4513) Humongous regions: 49->49
[2025-01-08T16:58:12.378+0000][160362.744s][info][gc,metaspace] GC(4513) Metaspace: 506188K(515072K)->506188K(515072K) NonClass: 444640K(449088K)->444640K(449088K) Class: 61548K(65984K)->61548K(65984K)
[2025-01-08T16:58:12.378+0000][160362.744s][info][gc          ] GC(4513) Pause Young (Normal) (G1 Evacuation Pause) 9630M->2319M(12288M) 29.571ms
[2025-01-08T16:58:12.378+0000][160362.745s][info][gc,cpu      ] GC(4513) User=0.18s Sys=0.00s Real=0.03s
[2025-01-08T16:58:16.797+0000][160367.163s][info][gc,start    ] GC(4514) Pause Young (Concurrent Start) (G1 Evacuation Pause)
[2025-01-08T16:58:16.797+0000][160367.163s][info][gc,task     ] GC(4514) Using 6 workers of 6 for evacuation
[2025-01-08T16:58:16.825+0000][160367.191s][info][gc,phases   ] GC(4514)   Pre Evacuate Collection Set: 1.1ms
[2025-01-08T16:58:16.825+0000][160367.192s][info][gc,phases   ] GC(4514)   Merge Heap Roots: 0.4ms
[2025-01-08T16:58:16.825+0000][160367.192s][info][gc,phases   ] GC(4514)   Evacuate Collection Set: 24.3ms
[2025-01-08T16:58:16.825+0000][160367.192s][info][gc,phases   ] GC(4514)   Post Evacuate Collection Set: 2.5ms
[2025-01-08T16:58:16.825+0000][160367.192s][info][gc,phases   ] GC(4514)   Other: 0.3ms
[2025-01-08T16:58:16.825+0000][160367.192s][info][gc,heap     ] GC(4514) Eden regions: 914->0(913)
[2025-01-08T16:58:16.825+0000][160367.192s][info][gc,heap     ] GC(4514) Survivor regions: 7->8(116)
[2025-01-08T16:58:16.825+0000][160367.192s][info][gc,heap     ] GC(4514) Old regions: 234->234
[2025-01-08T16:58:16.825+0000][160367.192s][info][gc,heap     ] GC(4514) Archive regions: 2->2
[2025-01-08T16:58:16.825+0000][160367.192s][info][gc,heap     ] GC(4514) Humongous regions: 49->49
[2025-01-08T16:58:16.825+0000][160367.192s][info][gc,metaspace] GC(4514) Metaspace: 506206K(515072K)->506206K(515072K) NonClass: 444657K(449088K)->444657K(449088K) Class: 61548K(65984K)->61548K(65984K)
[2025-01-08T16:58:16.826+0000][160367.192s][info][gc          ] GC(4514) Pause Young (Concurrent Start) (G1 Evacuation Pause) 9631M->2327M(12288M) 28.647ms
[2025-01-08T16:58:16.826+0000][160367.192s][info][gc,cpu      ] GC(4514) User=0.16s Sys=0.00s Real=0.03s
[2025-01-08T16:58:16.826+0000][160367.192s][info][gc          ] GC(4515) Concurrent Mark Cycle
[2025-01-08T16:58:16.826+0000][160367.192s][info][gc,marking  ] GC(4515) Concurrent Clear Claimed Marks
[2025-01-08T16:58:16.826+0000][160367.193s][info][gc,marking  ] GC(4515) Concurrent Clear Claimed Marks 0.809ms
[2025-01-08T16:58:16.826+0000][160367.193s][info][gc,marking  ] GC(4515) Concurrent Scan Root Regions
[2025-01-08T16:58:16.849+0000][160367.215s][info][gc,marking  ] GC(4515) Concurrent Scan Root Regions 22.788ms
[2025-01-08T16:58:16.849+0000][160367.215s][info][gc,marking  ] GC(4515) Concurrent Mark
[2025-01-08T16:58:16.849+0000][160367.215s][info][gc,marking  ] GC(4515) Concurrent Mark From Roots
[2025-01-08T16:58:16.849+0000][160367.215s][info][gc,task     ] GC(4515) Using 2 workers of 2 for marking
[2025-01-08T16:58:17.666+0000][160368.032s][info][gc,marking  ] GC(4515) Concurrent Mark From Roots 816.331ms
[2025-01-08T16:58:17.666+0000][160368.032s][info][gc,marking  ] GC(4515) Concurrent Preclean
[2025-01-08T16:58:17.668+0000][160368.034s][info][gc,marking  ] GC(4515) Concurrent Preclean 2.626ms
[2025-01-08T16:58:17.668+0000][160368.035s][info][gc,start    ] GC(4515) Pause Remark
[2025-01-08T16:58:17.694+0000][160368.061s][info][gc          ] GC(4515) Pause Remark 3168M->3168M(12288M) 26.038ms
[2025-01-08T16:58:17.695+0000][160368.061s][info][gc,cpu      ] GC(4515) User=0.15s Sys=0.00s Real=0.03s
[2025-01-08T16:58:17.695+0000][160368.061s][info][gc,marking  ] GC(4515) Concurrent Mark 845.406ms
[2025-01-08T16:58:17.695+0000][160368.061s][info][gc,marking  ] GC(4515) Concurrent Rebuild Remembered Sets
[2025-01-08T16:58:18.237+0000][160368.604s][info][gc,marking  ] GC(4515) Concurrent Rebuild Remembered Sets 542.790ms
[2025-01-08T16:58:18.238+0000][160368.604s][info][gc,start    ] GC(4515) Pause Cleanup
[2025-01-08T16:58:18.238+0000][160368.604s][info][gc          ] GC(4515) Pause Cleanup 3695M->3695M(12288M) 0.382ms
[2025-01-08T16:58:18.238+0000][160368.604s][info][gc,cpu      ] GC(4515) User=0.00s Sys=0.00s Real=0.00s
[2025-01-08T16:58:18.238+0000][160368.604s][info][gc,marking  ] GC(4515) Concurrent Cleanup for Next Mark
[2025-01-08T16:58:18.253+0000][160368.619s][info][gc,marking  ] GC(4515) Concurrent Cleanup for Next Mark 15.347ms
[2025-01-08T16:58:18.253+0000][160368.620s][info][gc          ] GC(4515) Concurrent Mark Cycle 1427.839ms
[2025-01-08T16:58:27.454+0000][160377.820s][info][gc,start    ] GC(4516) Pause Young (Prepare Mixed) (G1 Evacuation Pause)
[2025-01-08T16:58:27.454+0000][160377.820s][info][gc,task     ] GC(4516) Using 6 workers of 6 for evacuation
[2025-01-08T16:58:27.490+0000][160377.856s][info][gc,phases   ] GC(4516)   Pre Evacuate Collection Set: 0.2ms
[2025-01-08T16:58:27.490+0000][160377.856s][info][gc,phases   ] GC(4516)   Merge Heap Roots: 0.6ms
[2025-01-08T16:58:27.490+0000][160377.856s][info][gc,phases   ] GC(4516)   Evacuate Collection Set: 31.5ms
[2025-01-08T16:58:27.490+0000][160377.856s][info][gc,phases   ] GC(4516)   Post Evacuate Collection Set: 2.8ms
[2025-01-08T16:58:27.490+0000][160377.856s][info][gc,phases   ] GC(4516)   Other: 0.2ms
[2025-01-08T16:58:27.490+0000][160377.856s][info][gc,heap     ] GC(4516) Eden regions: 913->0(66)
[2025-01-08T16:58:27.490+0000][160377.856s][info][gc,heap     ] GC(4516) Survivor regions: 8->10(116)
[2025-01-08T16:58:27.490+0000][160377.856s][info][gc,heap     ] GC(4516) Old regions: 234->234
[2025-01-08T16:58:27.490+0000][160377.856s][info][gc,heap     ] GC(4516) Archive regions: 2->2
[2025-01-08T16:58:27.490+0000][160377.856s][info][gc,heap     ] GC(4516) Humongous regions: 49->49
[2025-01-08T16:58:27.490+0000][160377.856s][info][gc,metaspace] GC(4516) Metaspace: 506206K(515072K)->506206K(515072K) NonClass: 444657K(449088K)->444657K(449088K) Class: 61548K(65984K)->61548K(65984K)
[2025-01-08T16:58:27.490+0000][160377.856s][info][gc          ] GC(4516) Pause Young (Prepare Mixed) (G1 Evacuation Pause) 9631M->2339M(12288M) 35.412ms
[2025-01-08T16:58:27.490+0000][160377.856s][info][gc,cpu      ] GC(4516) User=0.20s Sys=0.00s Real=0.04s
[2025-01-08T16:58:27.866+0000][160378.232s][info][gc,start    ] GC(4517) Pause Young (Mixed) (GCLocker Initiated GC)
[2025-01-08T16:58:27.866+0000][160378.232s][info][gc,task     ] GC(4517) Using 6 workers of 6 for evacuation
[2025-01-08T16:58:27.928+0000][160378.294s][info][gc,phases   ] GC(4517)   Pre Evacuate Collection Set: 0.2ms
[2025-01-08T16:58:27.928+0000][160378.294s][info][gc,phases   ] GC(4517)   Merge Heap Roots: 0.5ms
[2025-01-08T16:58:27.928+0000][160378.294s][info][gc,phases   ] GC(4517)   Evacuate Collection Set: 59.1ms
[2025-01-08T16:58:27.928+0000][160378.294s][info][gc,phases   ] GC(4517)   Post Evacuate Collection Set: 2.0ms
[2025-01-08T16:58:27.928+0000][160378.294s][info][gc,phases   ] GC(4517)   Other: 0.2ms
[2025-01-08T16:58:27.928+0000][160378.294s][info][gc,heap     ] GC(4517) Eden regions: 66->0(914)
[2025-01-08T16:58:27.928+0000][160378.294s][info][gc,heap     ] GC(4517) Survivor regions: 10->7(10)
[2025-01-08T16:58:27.928+0000][160378.294s][info][gc,heap     ] GC(4517) Old regions: 234->233
[2025-01-08T16:58:27.928+0000][160378.294s][info][gc,heap     ] GC(4517) Archive regions: 2->2
[2025-01-08T16:58:27.928+0000][160378.294s][info][gc,heap     ] GC(4517) Humongous regions: 49->49
[2025-01-08T16:58:27.928+0000][160378.294s][info][gc,metaspace] GC(4517) Metaspace: 506206K(515072K)->506206K(515072K) NonClass: 444657K(449088K)->444657K(449088K) Class: 61548K(65984K)->61548K(65984K)
[2025-01-08T16:58:27.928+0000][160378.294s][info][gc          ] GC(4517) Pause Young (Mixed) (GCLocker Initiated GC) 2867M->2314M(12288M) 62.072ms
[2025-01-08T16:58:27.928+0000][160378.294s][info][gc,cpu      ] GC(4517) User=0.36s Sys=0.01s Real=0.06s
[2025-01-08T16:58:35.655+0000][160386.021s][info][gc,start    ] GC(4518) Pause Young (Normal) (G1 Evacuation Pause)
[2025-01-08T16:58:35.655+0000][160386.021s][info][gc,task     ] GC(4518) Using 6 workers of 6 for evacuation
[2025-01-08T16:58:35.688+0000][160386.054s][info][gc,phases   ] GC(4518)   Pre Evacuate Collection Set: 0.2ms
[2025-01-08T16:58:35.688+0000][160386.054s][info][gc,phases   ] GC(4518)   Merge Heap Roots: 0.5ms
[2025-01-08T16:58:35.688+0000][160386.054s][info][gc,phases   ] GC(4518)   Evacuate Collection Set: 26.2ms
[2025-01-08T16:58:35.688+0000][160386.054s][info][gc,phases   ] GC(4518)   Post Evacuate Collection Set: 5.5ms
[2025-01-08T16:58:35.688+0000][160386.054s][info][gc,phases   ] GC(4518)   Other: 0.2ms
[2025-01-08T16:58:35.688+0000][160386.054s][info][gc,heap     ] GC(4518) Eden regions: 914->0(912)
[2025-01-08T16:58:35.688+0000][160386.054s][info][gc,heap     ] GC(4518) Survivor regions: 7->9(116)
[2025-01-08T16:58:35.688+0000][160386.054s][info][gc,heap     ] GC(4518) Old regions: 233->233
[2025-01-08T16:58:35.688+0000][160386.054s][info][gc,heap     ] GC(4518) Archive regions: 2->2
[2025-01-08T16:58:35.688+0000][160386.054s][info][gc,heap     ] GC(4518) Humongous regions: 49->49
[2025-01-08T16:58:35.688+0000][160386.054s][info][gc,metaspace] GC(4518) Metaspace: 506206K(515072K)->506206K(515072K) NonClass: 444657K(449088K)->444657K(449088K) Class: 61548K(65984K)->61548K(65984K)
[2025-01-08T16:58:35.688+0000][160386.054s][info][gc          ] GC(4518) Pause Young (Normal) (G1 Evacuation Pause) 9626M->2331M(12288M) 32.630ms
[2025-01-08T16:58:35.688+0000][160386.054s][info][gc,cpu      ] GC(4518) User=0.19s Sys=0.01s Real=0.03s
[2025-01-08T16:58:44.888+0000][160395.254s][info][gc,start    ] GC(4519) Pause Young (Normal) (G1 Evacuation Pause)
[2025-01-08T16:58:44.888+0000][160395.254s][info][gc,task     ] GC(4519) Using 6 workers of 6 for evacuation
[2025-01-08T16:58:44.923+0000][160395.289s][info][gc,phases   ] GC(4519)   Pre Evacuate Collection Set: 0.2ms
[2025-01-08T16:58:44.923+0000][160395.289s][info][gc,phases   ] GC(4519)   Merge Heap Roots: 0.4ms
[2025-01-08T16:58:44.923+0000][160395.289s][info][gc,phases   ] GC(4519)   Evacuate Collection Set: 30.0ms
[2025-01-08T16:58:44.923+0000][160395.289s][info][gc,phases   ] GC(4519)   Post Evacuate Collection Set: 4.0ms
[2025-01-08T16:58:44.923+0000][160395.289s][info][gc,phases   ] GC(4519)   Other: 0.2ms
[2025-01-08T16:58:44.923+0000][160395.289s][info][gc,heap     ] GC(4519) Eden regions: 912->0(911)
[2025-01-08T16:58:44.923+0000][160395.289s][info][gc,heap     ] GC(4519) Survivor regions: 9->10(116)
[2025-01-08T16:58:44.923+0000][160395.289s][info][gc,heap     ] GC(4519) Old regions: 233->233
[2025-01-08T16:58:44.923+0000][160395.289s][info][gc,heap     ] GC(4519) Archive regions: 2->2
[2025-01-08T16:58:44.923+0000][160395.289s][info][gc,heap     ] GC(4519) Humongous regions: 49->49
[2025-01-08T16:58:44.923+0000][160395.289s][info][gc,metaspace] GC(4519) Metaspace: 506206K(515072K)->506206K(515072K) NonClass: 444657K(449088K)->444657K(449088K) Class: 61548K(65984K)->61548K(65984K)
[2025-01-08T16:58:44.923+0000][160395.289s][info][gc          ] GC(4519) Pause Young (Normal) (G1 Evacuation Pause) 9627M->2333M(12288M) 34.857ms
[2025-01-08T16:58:44.923+0000][160395.289s][info][gc,cpu      ] GC(4519) User=0.20s Sys=0.00s Real=0.04s
[2025-01-08T16:58:50.949+0000][160401.315s][info][gc,start    ] GC(4520) Pause Young (Concurrent Start) (G1 Evacuation Pause)
[2025-01-08T16:58:50.949+0000][160401.315s][info][gc,task     ] GC(4520) Using 6 workers of 6 for evacuation
[2025-01-08T16:58:50.984+0000][160401.350s][info][gc,phases   ] GC(4520)   Pre Evacuate Collection Set: 1.1ms
[2025-01-08T16:58:50.984+0000][160401.350s][info][gc,phases   ] GC(4520)   Merge Heap Roots: 0.5ms
[2025-01-08T16:58:50.984+0000][160401.350s][info][gc,phases   ] GC(4520)   Evacuate Collection Set: 30.3ms
[2025-01-08T16:58:50.984+0000][160401.350s][info][gc,phases   ] GC(4520)   Post Evacuate Collection Set: 2.5ms
[2025-01-08T16:58:50.984+0000][160401.350s][info][gc,phases   ] GC(4520)   Other: 0.3ms
[2025-01-08T16:58:50.984+0000][160401.350s][info][gc,heap     ] GC(4520) Eden regions: 911->0(911)
[2025-01-08T16:58:50.984+0000][160401.350s][info][gc,heap     ] GC(4520) Survivor regions: 10->10(116)
[2025-01-08T16:58:50.984+0000][160401.350s][info][gc,heap     ] GC(4520) Old regions: 233->233
[2025-01-08T16:58:50.984+0000][160401.350s][info][gc,heap     ] GC(4520) Archive regions: 2->2
[2025-01-08T16:58:50.984+0000][160401.350s][info][gc,heap     ] GC(4520) Humongous regions: 49->49
[2025-01-08T16:58:50.984+0000][160401.350s][info][gc,metaspace] GC(4520) Metaspace: 506206K(515072K)->506206K(515072K) NonClass: 444657K(449088K)->444657K(449088K) Class: 61548K(65984K)->61548K(65984K)
[2025-01-08T16:58:50.984+0000][160401.350s][info][gc          ] GC(4520) Pause Young (Concurrent Start) (G1 Evacuation Pause) 9621M->2336M(12288M) 34.802ms
[2025-01-08T16:58:50.984+0000][160401.350s][info][gc,cpu      ] GC(4520) User=0.20s Sys=0.00s Real=0.04s
[2025-01-08T16:58:50.984+0000][160401.350s][info][gc          ] GC(4521) Concurrent Mark Cycle
[2025-01-08T16:58:50.984+0000][160401.350s][info][gc,marking  ] GC(4521) Concurrent Clear Claimed Marks
[2025-01-08T16:58:50.985+0000][160401.351s][info][gc,marking  ] GC(4521) Concurrent Clear Claimed Marks 0.933ms
[2025-01-08T16:58:50.985+0000][160401.351s][info][gc,marking  ] GC(4521) Concurrent Scan Root Regions
[2025-01-08T16:58:51.013+0000][160401.379s][info][gc,marking  ] GC(4521) Concurrent Scan Root Regions 27.594ms
[2025-01-08T16:58:51.013+0000][160401.379s][info][gc,marking  ] GC(4521) Concurrent Mark
[2025-01-08T16:58:51.013+0000][160401.379s][info][gc,marking  ] GC(4521) Concurrent Mark From Roots
[2025-01-08T16:58:51.013+0000][160401.379s][info][gc,task     ] GC(4521) Using 2 workers of 2 for marking
[2025-01-08T16:58:51.871+0000][160402.237s][info][gc,marking  ] GC(4521) Concurrent Mark From Roots 858.283ms
[2025-01-08T16:58:51.871+0000][160402.237s][info][gc,marking  ] GC(4521) Concurrent Preclean
[2025-01-08T16:58:51.875+0000][160402.241s][info][gc,marking  ] GC(4521) Concurrent Preclean 3.587ms
[2025-01-08T16:58:51.875+0000][160402.241s][info][gc,start    ] GC(4521) Pause Remark
[2025-01-08T16:58:51.901+0000][160402.267s][info][gc          ] GC(4521) Pause Remark 3196M->3196M(12288M) 25.844ms
[2025-01-08T16:58:51.901+0000][160402.267s][info][gc,cpu      ] GC(4521) User=0.15s Sys=0.00s Real=0.02s
[2025-01-08T16:58:51.901+0000][160402.267s][info][gc,marking  ] GC(4521) Concurrent Mark 888.061ms
[2025-01-08T16:58:51.901+0000][160402.267s][info][gc,marking  ] GC(4521) Concurrent Rebuild Remembered Sets
[2025-01-08T16:58:52.491+0000][160402.857s][info][gc,marking  ] GC(4521) Concurrent Rebuild Remembered Sets 590.261ms
[2025-01-08T16:58:52.491+0000][160402.857s][info][gc,start    ] GC(4521) Pause Cleanup
[2025-01-08T16:58:52.492+0000][160402.858s][info][gc          ] GC(4521) Pause Cleanup 3788M->3788M(12288M) 0.421ms
[2025-01-08T16:58:52.492+0000][160402.858s][info][gc,cpu      ] GC(4521) User=0.01s Sys=0.00s Real=0.00s
[2025-01-08T16:58:52.492+0000][160402.858s][info][gc,marking  ] GC(4521) Concurrent Cleanup for Next Mark
[2025-01-08T16:58:52.507+0000][160402.873s][info][gc,marking  ] GC(4521) Concurrent Cleanup for Next Mark 15.608ms
[2025-01-08T16:58:52.507+0000][160402.873s][info][gc          ] GC(4521) Concurrent Mark Cycle 1523.277ms
[2025-01-08T16:58:58.453+0000][160408.819s][info][gc,start    ] GC(4522) Pause Young (Prepare Mixed) (G1 Evacuation Pause)
[2025-01-08T16:58:58.453+0000][160408.819s][info][gc,task     ] GC(4522) Using 6 workers of 6 for evacuation
[2025-01-08T16:58:58.490+0000][160408.856s][info][gc,phases   ] GC(4522)   Pre Evacuate Collection Set: 0.2ms
[2025-01-08T16:58:58.490+0000][160408.856s][info][gc,phases   ] GC(4522)   Merge Heap Roots: 0.7ms
[2025-01-08T16:58:58.490+0000][160408.856s][info][gc,phases   ] GC(4522)   Evacuate Collection Set: 33.2ms
[2025-01-08T16:58:58.490+0000][160408.856s][info][gc,phases   ] GC(4522)   Post Evacuate Collection Set: 2.8ms
[2025-01-08T16:58:58.490+0000][160408.856s][info][gc,phases   ] GC(4522)   Other: 0.2ms
[2025-01-08T16:58:58.490+0000][160408.856s][info][gc,heap     ] GC(4522) Eden regions: 911->0(65)
[2025-01-08T16:58:58.490+0000][160408.856s][info][gc,heap     ] GC(4522) Survivor regions: 10->11(116)
[2025-01-08T16:58:58.490+0000][160408.856s][info][gc,heap     ] GC(4522) Old regions: 233->233
[2025-01-08T16:58:58.490+0000][160408.856s][info][gc,heap     ] GC(4522) Archive regions: 2->2
[2025-01-08T16:58:58.490+0000][160408.856s][info][gc,heap     ] GC(4522) Humongous regions: 49->49
[2025-01-08T16:58:58.490+0000][160408.856s][info][gc,metaspace] GC(4522) Metaspace: 506216K(515072K)->506216K(515072K) NonClass: 444666K(449088K)->444666K(449088K) Class: 61549K(65984K)->61549K(65984K)
[2025-01-08T16:58:58.490+0000][160408.856s][info][gc          ] GC(4522) Pause Young (Prepare Mixed) (G1 Evacuation Pause) 9624M->2344M(12288M) 37.203ms
[2025-01-08T16:58:58.490+0000][160408.856s][info][gc,cpu      ] GC(4522) User=0.22s Sys=0.00s Real=0.04s
[2025-01-08T16:58:59.084+0000][160409.450s][info][gc,start    ] GC(4523) Pause Young (Mixed) (G1 Evacuation Pause)
[2025-01-08T16:58:59.084+0000][160409.450s][info][gc,task     ] GC(4523) Using 6 workers of 6 for evacuation
[2025-01-08T16:58:59.156+0000][160409.522s][info][gc,phases   ] GC(4523)   Pre Evacuate Collection Set: 0.2ms
[2025-01-08T16:58:59.156+0000][160409.522s][info][gc,phases   ] GC(4523)   Merge Heap Roots: 0.6ms
[2025-01-08T16:58:59.156+0000][160409.522s][info][gc,phases   ] GC(4523)   Evacuate Collection Set: 69.0ms
[2025-01-08T16:58:59.156+0000][160409.522s][info][gc,phases   ] GC(4523)   Post Evacuate Collection Set: 2.0ms
[2025-01-08T16:58:59.156+0000][160409.522s][info][gc,phases   ] GC(4523)   Other: 0.2ms
[2025-01-08T16:58:59.156+0000][160409.522s][info][gc,heap     ] GC(4523) Eden regions: 65->0(916)
[2025-01-08T16:58:59.156+0000][160409.522s][info][gc,heap     ] GC(4523) Survivor regions: 11->5(10)
[2025-01-08T16:58:59.156+0000][160409.522s][info][gc,heap     ] GC(4523) Old regions: 233->235
[2025-01-08T16:58:59.156+0000][160409.522s][info][gc,heap     ] GC(4523) Archive regions: 2->2
[2025-01-08T16:58:59.156+0000][160409.522s][info][gc,heap     ] GC(4523) Humongous regions: 49->49
[2025-01-08T16:58:59.156+0000][160409.522s][info][gc,metaspace] GC(4523) Metaspace: 506216K(515072K)->506216K(515072K) NonClass: 444666K(449088K)->444666K(449088K) Class: 61549K(65984K)->61549K(65984K)
[2025-01-08T16:58:59.156+0000][160409.522s][info][gc          ] GC(4523) Pause Young (Mixed) (G1 Evacuation Pause) 2864M->2312M(12288M) 72.069ms
[2025-01-08T16:58:59.156+0000][160409.522s][info][gc,cpu      ] GC(4523) User=0.38s Sys=0.00s Real=0.07s
[2025-01-08T16:59:08.167+0000][160418.534s][info][gc,start    ] GC(4524) Pause Young (Normal) (G1 Evacuation Pause)
[2025-01-08T16:59:08.167+0000][160418.534s][info][gc,task     ] GC(4524) Using 6 workers of 6 for evacuation
[2025-01-08T16:59:08.192+0000][160418.558s][info][gc,phases   ] GC(4524)   Pre Evacuate Collection Set: 0.2ms
[2025-01-08T16:59:08.192+0000][160418.558s][info][gc,phases   ] GC(4524)   Merge Heap Roots: 0.4ms
[2025-01-08T16:59:08.192+0000][160418.558s][info][gc,phases   ] GC(4524)   Evacuate Collection Set: 21.0ms
[2025-01-08T16:59:08.192+0000][160418.558s][info][gc,phases   ] GC(4524)   Post Evacuate Collection Set: 2.5ms
[2025-01-08T16:59:08.192+0000][160418.558s][info][gc,phases   ] GC(4524)   Other: 0.2ms
[2025-01-08T16:59:08.192+0000][160418.558s][info][gc,heap     ] GC(4524) Eden regions: 916->0(915)
[2025-01-08T16:59:08.192+0000][160418.558s][info][gc,heap     ] GC(4524) Survivor regions: 5->6(116)
[2025-01-08T16:59:08.192+0000][160418.558s][info][gc,heap     ] GC(4524) Old regions: 235->235
[2025-01-08T16:59:08.192+0000][160418.558s][info][gc,heap     ] GC(4524) Archive regions: 2->2
[2025-01-08T16:59:08.192+0000][160418.558s][info][gc,heap     ] GC(4524) Humongous regions: 49->49
[2025-01-08T16:59:08.192+0000][160418.558s][info][gc,metaspace] GC(4524) Metaspace: 506217K(515072K)->506217K(515072K) NonClass: 444667K(449088K)->444667K(449088K) Class: 61549K(65984K)->61549K(65984K)
[2025-01-08T16:59:08.192+0000][160418.558s][info][gc          ] GC(4524) Pause Young (Normal) (G1 Evacuation Pause) 9640M->2319M(12288M) 24.482ms
[2025-01-08T16:59:08.192+0000][160418.558s][info][gc,cpu      ] GC(4524) User=0.14s Sys=0.00s Real=0.03s
[2025-01-08T16:59:15.210+0000][160425.576s][info][gc,start    ] GC(4525) Pause Young (Normal) (G1 Evacuation Pause)
[2025-01-08T16:59:15.210+0000][160425.576s][info][gc,task     ] GC(4525) Using 6 workers of 6 for evacuation
[2025-01-08T16:59:15.236+0000][160425.602s][info][gc,phases   ] GC(4525)   Pre Evacuate Collection Set: 0.2ms
[2025-01-08T16:59:15.236+0000][160425.602s][info][gc,phases   ] GC(4525)   Merge Heap Roots: 0.4ms
[2025-01-08T16:59:15.236+0000][160425.602s][info][gc,phases   ] GC(4525)   Evacuate Collection Set: 22.6ms
[2025-01-08T16:59:15.236+0000][160425.602s][info][gc,phases   ] GC(4525)   Post Evacuate Collection Set: 2.5ms
[2025-01-08T16:59:15.236+0000][160425.602s][info][gc,phases   ] GC(4525)   Other: 0.2ms
[2025-01-08T16:59:15.236+0000][160425.602s][info][gc,heap     ] GC(4525) Eden regions: 915->0(914)
[2025-01-08T16:59:15.236+0000][160425.602s][info][gc,heap     ] GC(4525) Survivor regions: 6->7(116)
[2025-01-08T16:59:15.236+0000][160425.602s][info][gc,heap     ] GC(4525) Old regions: 235->235
[2025-01-08T16:59:15.236+0000][160425.602s][info][gc,heap     ] GC(4525) Archive regions: 2->2
[2025-01-08T16:59:15.236+0000][160425.602s][info][gc,heap     ] GC(4525) Humongous regions: 49->49
[2025-01-08T16:59:15.236+0000][160425.602s][info][gc,metaspace] GC(4525) Metaspace: 506219K(515072K)->506219K(515072K) NonClass: 444669K(449088K)->444669K(449088K) Class: 61549K(65984K)->61549K(65984K)
[2025-01-08T16:59:15.236+0000][160425.602s][info][gc          ] GC(4525) Pause Young (Normal) (G1 Evacuation Pause) 9639M->2328M(12288M) 25.968ms
[2025-01-08T16:59:15.236+0000][160425.602s][info][gc,cpu      ] GC(4525) User=0.15s Sys=0.00s Real=0.02s
[2025-01-08T16:59:22.047+0000][160432.413s][info][gc,start    ] GC(4526) Pause Young (Concurrent Start) (G1 Evacuation Pause)
[2025-01-08T16:59:22.047+0000][160432.413s][info][gc,task     ] GC(4526) Using 6 workers of 6 for evacuation
[2025-01-08T16:59:22.081+0000][160432.447s][info][gc,phases   ] GC(4526)   Pre Evacuate Collection Set: 1.1ms
[2025-01-08T16:59:22.081+0000][160432.447s][info][gc,phases   ] GC(4526)   Merge Heap Roots: 0.4ms
[2025-01-08T16:59:22.081+0000][160432.447s][info][gc,phases   ] GC(4526)   Evacuate Collection Set: 28.3ms
[2025-01-08T16:59:22.081+0000][160432.447s][info][gc,phases   ] GC(4526)   Post Evacuate Collection Set: 3.9ms
[2025-01-08T16:59:22.081+0000][160432.447s][info][gc,phases   ] GC(4526)   Other: 0.3ms
[2025-01-08T16:59:22.081+0000][160432.447s][info][gc,heap     ] GC(4526) Eden regions: 914->0(912)
[2025-01-08T16:59:22.081+0000][160432.447s][info][gc,heap     ] GC(4526) Survivor regions: 7->9(116)
[2025-01-08T16:59:22.081+0000][160432.447s][info][gc,heap     ] GC(4526) Old regions: 235->235
[2025-01-08T16:59:22.081+0000][160432.447s][info][gc,heap     ] GC(4526) Archive regions: 2->2
[2025-01-08T16:59:22.081+0000][160432.447s][info][gc,heap     ] GC(4526) Humongous regions: 49->49
[2025-01-08T16:59:22.081+0000][160432.447s][info][gc,metaspace] GC(4526) Metaspace: 506219K(515072K)->506219K(515072K) NonClass: 444669K(449088K)->444669K(449088K) Class: 61549K(65984K)->61549K(65984K)
[2025-01-08T16:59:22.081+0000][160432.447s][info][gc          ] GC(4526) Pause Young (Concurrent Start) (G1 Evacuation Pause) 9640M->2347M(12288M) 34.084ms
[2025-01-08T16:59:22.081+0000][160432.447s][info][gc,cpu      ] GC(4526) User=0.19s Sys=0.00s Real=0.03s
[2025-01-08T16:59:22.081+0000][160432.447s][info][gc          ] GC(4527) Concurrent Mark Cycle
[2025-01-08T16:59:22.081+0000][160432.447s][info][gc,marking  ] GC(4527) Concurrent Clear Claimed Marks
[2025-01-08T16:59:22.082+0000][160432.448s][info][gc,marking  ] GC(4527) Concurrent Clear Claimed Marks 0.908ms
[2025-01-08T16:59:22.082+0000][160432.448s][info][gc,marking  ] GC(4527) Concurrent Scan Root Regions
[2025-01-08T16:59:22.111+0000][160432.478s][info][gc,marking  ] GC(4527) Concurrent Scan Root Regions 29.221ms
[2025-01-08T16:59:22.111+0000][160432.478s][info][gc,marking  ] GC(4527) Concurrent Mark
[2025-01-08T16:59:22.111+0000][160432.478s][info][gc,marking  ] GC(4527) Concurrent Mark From Roots
[2025-01-08T16:59:22.111+0000][160432.478s][info][gc,task     ] GC(4527) Using 2 workers of 2 for marking
[2025-01-08T16:59:22.888+0000][160433.254s][info][gc,marking  ] GC(4527) Concurrent Mark From Roots 776.850ms
[2025-01-08T16:59:22.888+0000][160433.254s][info][gc,marking  ] GC(4527) Concurrent Preclean
[2025-01-08T16:59:22.891+0000][160433.258s][info][gc,marking  ] GC(4527) Concurrent Preclean 3.114ms
[2025-01-08T16:59:22.892+0000][160433.258s][info][gc,start    ] GC(4527) Pause Remark
[2025-01-08T16:59:22.918+0000][160433.284s][info][gc          ] GC(4527) Pause Remark 3459M->3459M(12288M) 26.493ms
[2025-01-08T16:59:22.918+0000][160433.284s][info][gc,cpu      ] GC(4527) User=0.15s Sys=0.00s Real=0.02s
[2025-01-08T16:59:22.918+0000][160433.284s][info][gc,marking  ] GC(4527) Concurrent Mark 806.811ms
[2025-01-08T16:59:22.918+0000][160433.284s][info][gc,marking  ] GC(4527) Concurrent Rebuild Remembered Sets
[2025-01-08T16:59:23.382+0000][160433.748s][info][gc,marking  ] GC(4527) Concurrent Rebuild Remembered Sets 463.996ms
[2025-01-08T16:59:23.382+0000][160433.749s][info][gc,start    ] GC(4527) Pause Cleanup
[2025-01-08T16:59:23.383+0000][160433.749s][info][gc          ] GC(4527) Pause Cleanup 3951M->3951M(12288M) 0.380ms
[2025-01-08T16:59:23.383+0000][160433.749s][info][gc,cpu      ] GC(4527) User=0.00s Sys=0.00s Real=0.00s
[2025-01-08T16:59:23.383+0000][160433.749s][info][gc,marking  ] GC(4527) Concurrent Cleanup for Next Mark
[2025-01-08T16:59:23.398+0000][160433.764s][info][gc,marking  ] GC(4527) Concurrent Cleanup for Next Mark 15.456ms
[2025-01-08T16:59:23.398+0000][160433.765s][info][gc          ] GC(4527) Concurrent Mark Cycle 1317.190ms
[2025-01-08T16:59:27.657+0000][160438.023s][info][gc,start    ] GC(4528) Pause Young (Prepare Mixed) (G1 Evacuation Pause)
[2025-01-08T16:59:27.657+0000][160438.023s][info][gc,task     ] GC(4528) Using 6 workers of 6 for evacuation
[2025-01-08T16:59:27.691+0000][160438.057s][info][gc,phases   ] GC(4528)   Pre Evacuate Collection Set: 0.2ms
[2025-01-08T16:59:27.691+0000][160438.057s][info][gc,phases   ] GC(4528)   Merge Heap Roots: 0.6ms
[2025-01-08T16:59:27.691+0000][160438.057s][info][gc,phases   ] GC(4528)   Evacuate Collection Set: 29.3ms
[2025-01-08T16:59:27.691+0000][160438.057s][info][gc,phases   ] GC(4528)   Post Evacuate Collection Set: 3.9ms
[2025-01-08T16:59:27.691+0000][160438.057s][info][gc,phases   ] GC(4528)   Other: 0.2ms
[2025-01-08T16:59:27.691+0000][160438.057s][info][gc,heap     ] GC(4528) Eden regions: 912->0(66)
[2025-01-08T16:59:27.691+0000][160438.057s][info][gc,heap     ] GC(4528) Survivor regions: 9->10(116)
[2025-01-08T16:59:27.691+0000][160438.057s][info][gc,heap     ] GC(4528) Old regions: 235->235
[2025-01-08T16:59:27.691+0000][160438.057s][info][gc,heap     ] GC(4528) Archive regions: 2->2
[2025-01-08T16:59:27.691+0000][160438.057s][info][gc,heap     ] GC(4528) Humongous regions: 49->49
[2025-01-08T16:59:27.691+0000][160438.057s][info][gc,metaspace] GC(4528) Metaspace: 506219K(515072K)->506219K(515072K) NonClass: 444669K(449088K)->444669K(449088K) Class: 61549K(65984K)->61549K(65984K)
[2025-01-08T16:59:27.691+0000][160438.057s][info][gc          ] GC(4528) Pause Young (Prepare Mixed) (G1 Evacuation Pause) 9643M->2347M(12288M) 34.364ms
[2025-01-08T16:59:27.691+0000][160438.057s][info][gc,cpu      ] GC(4528) User=0.21s Sys=0.00s Real=0.04s
[2025-01-08T16:59:28.082+0000][160438.448s][info][gc,start    ] GC(4529) Pause Young (Mixed) (G1 Evacuation Pause)
[2025-01-08T16:59:28.082+0000][160438.448s][info][gc,task     ] GC(4529) Using 6 workers of 6 for evacuation
[2025-01-08T16:59:28.149+0000][160438.515s][info][gc,phases   ] GC(4529)   Pre Evacuate Collection Set: 0.2ms
[2025-01-08T16:59:28.149+0000][160438.515s][info][gc,phases   ] GC(4529)   Merge Heap Roots: 0.8ms
[2025-01-08T16:59:28.149+0000][160438.515s][info][gc,phases   ] GC(4529)   Evacuate Collection Set: 63.9ms
[2025-01-08T16:59:28.149+0000][160438.515s][info][gc,phases   ] GC(4529)   Post Evacuate Collection Set: 2.2ms
[2025-01-08T16:59:28.149+0000][160438.516s][info][gc,phases   ] GC(4529)   Other: 0.2ms
[2025-01-08T16:59:28.149+0000][160438.516s][info][gc,heap     ] GC(4529) Eden regions: 66->0(917)
[2025-01-08T16:59:28.149+0000][160438.516s][info][gc,heap     ] GC(4529) Survivor regions: 10->4(10)
[2025-01-08T16:59:28.149+0000][160438.516s][info][gc,heap     ] GC(4529) Old regions: 235->235
[2025-01-08T16:59:28.149+0000][160438.516s][info][gc,heap     ] GC(4529) Archive regions: 2->2
[2025-01-08T16:59:28.149+0000][160438.516s][info][gc,heap     ] GC(4529) Humongous regions: 49->49
[2025-01-08T16:59:28.149+0000][160438.516s][info][gc,metaspace] GC(4529) Metaspace: 506219K(515072K)->506219K(515072K) NonClass: 444669K(449088K)->444669K(449088K) Class: 61549K(65984K)->61549K(65984K)
[2025-01-08T16:59:28.149+0000][160438.516s][info][gc          ] GC(4529) Pause Young (Mixed) (G1 Evacuation Pause) 2875M->2304M(12288M) 67.321ms
[2025-01-08T16:59:28.150+0000][160438.516s][info][gc,cpu      ] GC(4529) User=0.39s Sys=0.00s Real=0.07s
[2025-01-08T16:59:36.754+0000][160447.120s][info][gc,start    ] GC(4530) Pause Young (Normal) (G1 Evacuation Pause)
[2025-01-08T16:59:36.754+0000][160447.120s][info][gc,task     ] GC(4530) Using 6 workers of 6 for evacuation
[2025-01-08T16:59:36.778+0000][160447.144s][info][gc,phases   ] GC(4530)   Pre Evacuate Collection Set: 0.2ms
[2025-01-08T16:59:36.778+0000][160447.144s][info][gc,phases   ] GC(4530)   Merge Heap Roots: 0.4ms
[2025-01-08T16:59:36.778+0000][160447.144s][info][gc,phases   ] GC(4530)   Evacuate Collection Set: 19.2ms
[2025-01-08T16:59:36.778+0000][160447.144s][info][gc,phases   ] GC(4530)   Post Evacuate Collection Set: 3.9ms
[2025-01-08T16:59:36.778+0000][160447.144s][info][gc,phases   ] GC(4530)   Other: 0.2ms
[2025-01-08T16:59:36.778+0000][160447.144s][info][gc,heap     ] GC(4530) Eden regions: 917->0(916)
[2025-01-08T16:59:36.778+0000][160447.144s][info][gc,heap     ] GC(4530) Survivor regions: 4->5(116)
[2025-01-08T16:59:36.778+0000][160447.144s][info][gc,heap     ] GC(4530) Old regions: 235->235
[2025-01-08T16:59:36.778+0000][160447.144s][info][gc,heap     ] GC(4530) Archive regions: 2->2
[2025-01-08T16:59:36.778+0000][160447.144s][info][gc,heap     ] GC(4530) Humongous regions: 49->49
[2025-01-08T16:59:36.778+0000][160447.144s][info][gc,metaspace] GC(4530) Metaspace: 506219K(515072K)->506219K(515072K) NonClass: 444669K(449088K)->444669K(449088K) Class: 61549K(65984K)->61549K(65984K)
[2025-01-08T16:59:36.778+0000][160447.144s][info][gc          ] GC(4530) Pause Young (Normal) (G1 Evacuation Pause) 9640M->2313M(12288M) 24.015ms
[2025-01-08T16:59:36.778+0000][160447.144s][info][gc,cpu      ] GC(4530) User=0.14s Sys=0.00s Real=0.02s
[2025-01-08T16:59:50.115+0000][160460.481s][info][gc,start    ] GC(4531) Pause Young (Normal) (G1 Evacuation Pause)
[2025-01-08T16:59:50.115+0000][160460.481s][info][gc,task     ] GC(4531) Using 6 workers of 6 for evacuation
[2025-01-08T16:59:50.146+0000][160460.512s][info][gc,phases   ] GC(4531)   Pre Evacuate Collection Set: 0.2ms
[2025-01-08T16:59:50.146+0000][160460.512s][info][gc,phases   ] GC(4531)   Merge Heap Roots: 0.4ms
[2025-01-08T16:59:50.146+0000][160460.512s][info][gc,phases   ] GC(4531)   Evacuate Collection Set: 27.3ms
[2025-01-08T16:59:50.146+0000][160460.512s][info][gc,phases   ] GC(4531)   Post Evacuate Collection Set: 2.6ms
[2025-01-08T16:59:50.146+0000][160460.512s][info][gc,phases   ] GC(4531)   Other: 0.2ms
[2025-01-08T16:59:50.146+0000][160460.512s][info][gc,heap     ] GC(4531) Eden regions: 916->0(914)
[2025-01-08T16:59:50.146+0000][160460.512s][info][gc,heap     ] GC(4531) Survivor regions: 5->7(116)
[2025-01-08T16:59:50.146+0000][160460.512s][info][gc,heap     ] GC(4531) Old regions: 235->235
[2025-01-08T16:59:50.146+0000][160460.512s][info][gc,heap     ] GC(4531) Archive regions: 2->2
[2025-01-08T16:59:50.146+0000][160460.512s][info][gc,heap     ] GC(4531) Humongous regions: 49->49
[2025-01-08T16:59:50.146+0000][160460.512s][info][gc,metaspace] GC(4531) Metaspace: 506222K(515072K)->506222K(515072K) NonClass: 444671K(449088K)->444671K(449088K) Class: 61550K(65984K)->61550K(65984K)
[2025-01-08T16:59:50.146+0000][160460.512s][info][gc          ] GC(4531) Pause Young (Normal) (G1 Evacuation Pause) 9641M->2326M(12288M) 30.794ms
[2025-01-08T16:59:50.146+0000][160460.512s][info][gc,cpu      ] GC(4531) User=0.18s Sys=0.00s Real=0.03s
[2025-01-08T16:59:58.551+0000][160468.917s][info][gc,start    ] GC(4532) Pause Young (Concurrent Start) (G1 Evacuation Pause)
[2025-01-08T16:59:58.551+0000][160468.917s][info][gc,task     ] GC(4532) Using 6 workers of 6 for evacuation
[2025-01-08T16:59:58.581+0000][160468.947s][info][gc,phases   ] GC(4532)   Pre Evacuate Collection Set: 1.1ms
[2025-01-08T16:59:58.581+0000][160468.947s][info][gc,phases   ] GC(4532)   Merge Heap Roots: 0.4ms
[2025-01-08T16:59:58.581+0000][160468.947s][info][gc,phases   ] GC(4532)   Evacuate Collection Set: 26.4ms
[2025-01-08T16:59:58.581+0000][160468.947s][info][gc,phases   ] GC(4532)   Post Evacuate Collection Set: 2.6ms
[2025-01-08T16:59:58.581+0000][160468.947s][info][gc,phases   ] GC(4532)   Other: 0.3ms
[2025-01-08T16:59:58.581+0000][160468.947s][info][gc,heap     ] GC(4532) Eden regions: 914->0(913)
[2025-01-08T16:59:58.581+0000][160468.947s][info][gc,heap     ] GC(4532) Survivor regions: 7->8(116)
[2025-01-08T16:59:58.581+0000][160468.947s][info][gc,heap     ] GC(4532) Old regions: 235->235
[2025-01-08T16:59:58.581+0000][160468.947s][info][gc,heap     ] GC(4532) Archive regions: 2->2
[2025-01-08T16:59:58.581+0000][160468.947s][info][gc,heap     ] GC(4532) Humongous regions: 49->49
[2025-01-08T16:59:58.581+0000][160468.947s][info][gc,metaspace] GC(4532) Metaspace: 506223K(515072K)->506223K(515072K) NonClass: 444673K(449088K)->444673K(449088K) Class: 61550K(65984K)->61550K(65984K)
[2025-01-08T16:59:58.581+0000][160468.948s][info][gc          ] GC(4532) Pause Young (Concurrent Start) (G1 Evacuation Pause) 9638M->2335M(12288M) 30.796ms
[2025-01-08T16:59:58.581+0000][160468.948s][info][gc,cpu      ] GC(4532) User=0.18s Sys=0.00s Real=0.03s
[2025-01-08T16:59:58.582+0000][160468.948s][info][gc          ] GC(4533) Concurrent Mark Cycle
[2025-01-08T16:59:58.582+0000][160468.948s][info][gc,marking  ] GC(4533) Concurrent Clear Claimed Marks
[2025-01-08T16:59:58.582+0000][160468.949s][info][gc,marking  ] GC(4533) Concurrent Clear Claimed Marks 0.876ms
[2025-01-08T16:59:58.582+0000][160468.949s][info][gc,marking  ] GC(4533) Concurrent Scan Root Regions
[2025-01-08T16:59:58.601+0000][160468.967s][info][gc,marking  ] GC(4533) Concurrent Scan Root Regions 18.732ms
[2025-01-08T16:59:58.601+0000][160468.967s][info][gc,marking  ] GC(4533) Concurrent Mark
[2025-01-08T16:59:58.601+0000][160468.967s][info][gc,marking  ] GC(4533) Concurrent Mark From Roots
[2025-01-08T16:59:58.601+0000][160468.967s][info][gc,task     ] GC(4533) Using 2 workers of 2 for marking
[2025-01-08T16:59:59.293+0000][160469.660s][info][gc,marking  ] GC(4533) Concurrent Mark From Roots 692.199ms
[2025-01-08T16:59:59.293+0000][160469.660s][info][gc,marking  ] GC(4533) Concurrent Preclean
[2025-01-08T16:59:59.296+0000][160469.662s][info][gc,marking  ] GC(4533) Concurrent Preclean 2.749ms
[2025-01-08T16:59:59.296+0000][160469.662s][info][gc,start    ] GC(4533) Pause Remark
[2025-01-08T16:59:59.324+0000][160469.691s][info][gc          ] GC(4533) Pause Remark 2947M->2947M(12288M) 28.052ms
[2025-01-08T16:59:59.324+0000][160469.691s][info][gc,cpu      ] GC(4533) User=0.16s Sys=0.01s Real=0.03s
[2025-01-08T16:59:59.325+0000][160469.691s][info][gc,marking  ] GC(4533) Concurrent Mark 723.410ms
[2025-01-08T16:59:59.325+0000][160469.691s][info][gc,marking  ] GC(4533) Concurrent Rebuild Remembered Sets
[2025-01-08T16:59:59.859+0000][160470.225s][info][gc,marking  ] GC(4533) Concurrent Rebuild Remembered Sets 534.264ms
[2025-01-08T16:59:59.859+0000][160470.225s][info][gc,start    ] GC(4533) Pause Cleanup
[2025-01-08T16:59:59.860+0000][160470.226s][info][gc          ] GC(4533) Pause Cleanup 3611M->3611M(12288M) 0.458ms
[2025-01-08T16:59:59.860+0000][160470.226s][info][gc,cpu      ] GC(4533) User=0.00s Sys=0.00s Real=0.00s
[2025-01-08T16:59:59.860+0000][160470.226s][info][gc,marking  ] GC(4533) Concurrent Cleanup for Next Mark
[2025-01-08T16:59:59.876+0000][160470.242s][info][gc,marking  ] GC(4533) Concurrent Cleanup for Next Mark 16.201ms
[2025-01-08T16:59:59.876+0000][160470.242s][info][gc          ] GC(4533) Concurrent Mark Cycle 1294.388ms
[2025-01-08T17:00:06.609+0000][160476.975s][info][gc,start    ] GC(4534) Pause Young (Prepare Mixed) (G1 Evacuation Pause)
[2025-01-08T17:00:06.609+0000][160476.976s][info][gc,task     ] GC(4534) Using 6 workers of 6 for evacuation
[2025-01-08T17:00:06.648+0000][160477.014s][info][gc,phases   ] GC(4534)   Pre Evacuate Collection Set: 0.2ms
[2025-01-08T17:00:06.648+0000][160477.014s][info][gc,phases   ] GC(4534)   Merge Heap Roots: 0.7ms
[2025-01-08T17:00:06.648+0000][160477.014s][info][gc,phases   ] GC(4534)   Evacuate Collection Set: 34.8ms
[2025-01-08T17:00:06.648+0000][160477.014s][info][gc,phases   ] GC(4534)   Post Evacuate Collection Set: 2.6ms
[2025-01-08T17:00:06.648+0000][160477.014s][info][gc,phases   ] GC(4534)   Other: 0.2ms
[2025-01-08T17:00:06.648+0000][160477.014s][info][gc,heap     ] GC(4534) Eden regions: 913->0(65)
[2025-01-08T17:00:06.648+0000][160477.014s][info][gc,heap     ] GC(4534) Survivor regions: 8->11(116)
[2025-01-08T17:00:06.648+0000][160477.014s][info][gc,heap     ] GC(4534) Old regions: 235->235
[2025-01-08T17:00:06.648+0000][160477.014s][info][gc,heap     ] GC(4534) Archive regions: 2->2
[2025-01-08T17:00:06.648+0000][160477.014s][info][gc,heap     ] GC(4534) Humongous regions: 49->49
[2025-01-08T17:00:06.648+0000][160477.014s][info][gc,metaspace] GC(4534) Metaspace: 506254K(515072K)->506254K(515072K) NonClass: 444698K(449088K)->444698K(449088K) Class: 61555K(65984K)->61555K(65984K)
[2025-01-08T17:00:06.648+0000][160477.014s][info][gc          ] GC(4534) Pause Young (Prepare Mixed) (G1 Evacuation Pause) 9639M->2355M(12288M) 38.502ms
[2025-01-08T17:00:06.648+0000][160477.014s][info][gc,cpu      ] GC(4534) User=0.23s Sys=0.00s Real=0.04s
[2025-01-08T17:00:07.212+0000][160477.578s][info][gc,start    ] GC(4535) Pause Young (Mixed) (G1 Evacuation Pause)
[2025-01-08T17:00:07.212+0000][160477.578s][info][gc,task     ] GC(4535) Using 6 workers of 6 for evacuation
[2025-01-08T17:00:07.257+0000][160477.623s][info][gc,phases   ] GC(4535)   Pre Evacuate Collection Set: 0.2ms
[2025-01-08T17:00:07.257+0000][160477.623s][info][gc,phases   ] GC(4535)   Merge Heap Roots: 0.4ms
[2025-01-08T17:00:07.257+0000][160477.623s][info][gc,phases   ] GC(4535)   Evacuate Collection Set: 42.6ms
[2025-01-08T17:00:07.257+0000][160477.623s][info][gc,phases   ] GC(4535)   Post Evacuate Collection Set: 1.7ms
[2025-01-08T17:00:07.257+0000][160477.623s][info][gc,phases   ] GC(4535)   Other: 0.2ms
[2025-01-08T17:00:07.257+0000][160477.623s][info][gc,heap     ] GC(4535) Eden regions: 65->0(915)
[2025-01-08T17:00:07.257+0000][160477.623s][info][gc,heap     ] GC(4535) Survivor regions: 11->6(10)
[2025-01-08T17:00:07.257+0000][160477.623s][info][gc,heap     ] GC(4535) Old regions: 235->234
[2025-01-08T17:00:07.257+0000][160477.623s][info][gc,heap     ] GC(4535) Archive regions: 2->2
[2025-01-08T17:00:07.257+0000][160477.623s][info][gc,heap     ] GC(4535) Humongous regions: 49->49
[2025-01-08T17:00:07.257+0000][160477.623s][info][gc,metaspace] GC(4535) Metaspace: 506254K(515072K)->506254K(515072K) NonClass: 444698K(449088K)->444698K(449088K) Class: 61555K(65984K)->61555K(65984K)
[2025-01-08T17:00:07.257+0000][160477.623s][info][gc          ] GC(4535) Pause Young (Mixed) (G1 Evacuation Pause) 2875M->2311M(12288M) 45.243ms
[2025-01-08T17:00:07.257+0000][160477.623s][info][gc,cpu      ] GC(4535) User=0.26s Sys=0.00s Real=0.04s
[2025-01-08T17:00:14.827+0000][160485.193s][info][gc,start    ] GC(4536) Pause Young (Normal) (G1 Evacuation Pause)
[2025-01-08T17:00:14.827+0000][160485.193s][info][gc,task     ] GC(4536) Using 6 workers of 6 for evacuation
[2025-01-08T17:00:14.851+0000][160485.217s][info][gc,phases   ] GC(4536)   Pre Evacuate Collection Set: 0.2ms
[2025-01-08T17:00:14.851+0000][160485.217s][info][gc,phases   ] GC(4536)   Merge Heap Roots: 0.4ms
[2025-01-08T17:00:14.851+0000][160485.217s][info][gc,phases   ] GC(4536)   Evacuate Collection Set: 21.1ms
[2025-01-08T17:00:14.851+0000][160485.217s][info][gc,phases   ] GC(4536)   Post Evacuate Collection Set: 2.5ms
[2025-01-08T17:00:14.851+0000][160485.217s][info][gc,phases   ] GC(4536)   Other: 0.2ms
[2025-01-08T17:00:14.851+0000][160485.217s][info][gc,heap     ] GC(4536) Eden regions: 915->0(914)
[2025-01-08T17:00:14.851+0000][160485.217s][info][gc,heap     ] GC(4536) Survivor regions: 6->7(116)
[2025-01-08T17:00:14.851+0000][160485.217s][info][gc,heap     ] GC(4536) Old regions: 234->234
[2025-01-08T17:00:14.851+0000][160485.217s][info][gc,heap     ] GC(4536) Archive regions: 2->2
[2025-01-08T17:00:14.851+0000][160485.217s][info][gc,heap     ] GC(4536) Humongous regions: 49->49
[2025-01-08T17:00:14.851+0000][160485.217s][info][gc,metaspace] GC(4536) Metaspace: 506255K(515072K)->506255K(515072K) NonClass: 444700K(449088K)->444700K(449088K) Class: 61555K(65984K)->61555K(65984K)
[2025-01-08T17:00:14.851+0000][160485.217s][info][gc          ] GC(4536) Pause Young (Normal) (G1 Evacuation Pause) 9631M->2316M(12288M) 24.364ms
[2025-01-08T17:00:14.851+0000][160485.217s][info][gc,cpu      ] GC(4536) User=0.14s Sys=0.00s Real=0.03s
[2025-01-08T17:00:22.202+0000][160492.568s][info][gc,start    ] GC(4537) Pause Young (Normal) (G1 Evacuation Pause)
[2025-01-08T17:00:22.202+0000][160492.568s][info][gc,task     ] GC(4537) Using 6 workers of 6 for evacuation
[2025-01-08T17:00:22.231+0000][160492.597s][info][gc,phases   ] GC(4537)   Pre Evacuate Collection Set: 0.2ms
[2025-01-08T17:00:22.231+0000][160492.597s][info][gc,phases   ] GC(4537)   Merge Heap Roots: 0.4ms
[2025-01-08T17:00:22.231+0000][160492.597s][info][gc,phases   ] GC(4537)   Evacuate Collection Set: 23.2ms
[2025-01-08T17:00:22.231+0000][160492.597s][info][gc,phases   ] GC(4537)   Post Evacuate Collection Set: 5.1ms
[2025-01-08T17:00:22.231+0000][160492.597s][info][gc,phases   ] GC(4537)   Other: 0.2ms
[2025-01-08T17:00:22.231+0000][160492.597s][info][gc,heap     ] GC(4537) Eden regions: 914->0(912)
[2025-01-08T17:00:22.231+0000][160492.597s][info][gc,heap     ] GC(4537) Survivor regions: 7->9(116)
[2025-01-08T17:00:22.231+0000][160492.597s][info][gc,heap     ] GC(4537) Old regions: 234->234
[2025-01-08T17:00:22.231+0000][160492.597s][info][gc,heap     ] GC(4537) Archive regions: 2->2
[2025-01-08T17:00:22.231+0000][160492.597s][info][gc,heap     ] GC(4537) Humongous regions: 49->49
[2025-01-08T17:00:22.231+0000][160492.597s][info][gc,metaspace] GC(4537) Metaspace: 506255K(515072K)->506255K(515072K) NonClass: 444700K(449088K)->444700K(449088K) Class: 61555K(65984K)->61555K(65984K)
[2025-01-08T17:00:22.231+0000][160492.597s][info][gc          ] GC(4537) Pause Young (Normal) (G1 Evacuation Pause) 9628M->2336M(12288M) 29.242ms
[2025-01-08T17:00:22.231+0000][160492.597s][info][gc,cpu      ] GC(4537) User=0.17s Sys=0.00s Real=0.03s
[2025-01-08T17:00:29.299+0000][160499.665s][info][gc,start    ] GC(4538) Pause Young (Concurrent Start) (G1 Evacuation Pause)
[2025-01-08T17:00:29.299+0000][160499.665s][info][gc,task     ] GC(4538) Using 6 workers of 6 for evacuation
[2025-01-08T17:00:29.330+0000][160499.696s][info][gc,phases   ] GC(4538)   Pre Evacuate Collection Set: 1.1ms
[2025-01-08T17:00:29.330+0000][160499.696s][info][gc,phases   ] GC(4538)   Merge Heap Roots: 0.5ms
[2025-01-08T17:00:29.330+0000][160499.696s][info][gc,phases   ] GC(4538)   Evacuate Collection Set: 26.6ms
[2025-01-08T17:00:29.330+0000][160499.696s][info][gc,phases   ] GC(4538)   Post Evacuate Collection Set: 2.6ms
[2025-01-08T17:00:29.330+0000][160499.696s][info][gc,phases   ] GC(4538)   Other: 0.3ms
[2025-01-08T17:00:29.330+0000][160499.696s][info][gc,heap     ] GC(4538) Eden regions: 912->0(912)
[2025-01-08T17:00:29.330+0000][160499.696s][info][gc,heap     ] GC(4538) Survivor regions: 9->9(116)
[2025-01-08T17:00:29.330+0000][160499.696s][info][gc,heap     ] GC(4538) Old regions: 234->234
[2025-01-08T17:00:29.330+0000][160499.696s][info][gc,heap     ] GC(4538) Archive regions: 2->2
[2025-01-08T17:00:29.330+0000][160499.696s][info][gc,heap     ] GC(4538) Humongous regions: 49->49
[2025-01-08T17:00:29.330+0000][160499.696s][info][gc,metaspace] GC(4538) Metaspace: 506255K(515072K)->506255K(515072K) NonClass: 444700K(449088K)->444700K(449088K) Class: 61555K(65984K)->61555K(65984K)
[2025-01-08T17:00:29.330+0000][160499.697s][info][gc          ] GC(4538) Pause Young (Concurrent Start) (G1 Evacuation Pause) 9632M->2334M(12288M) 31.105ms
[2025-01-08T17:00:29.330+0000][160499.697s][info][gc,cpu      ] GC(4538) User=0.18s Sys=0.00s Real=0.04s
[2025-01-08T17:00:29.330+0000][160499.697s][info][gc          ] GC(4539) Concurrent Mark Cycle
[2025-01-08T17:00:29.331+0000][160499.697s][info][gc,marking  ] GC(4539) Concurrent Clear Claimed Marks
[2025-01-08T17:00:29.331+0000][160499.697s][info][gc,marking  ] GC(4539) Concurrent Clear Claimed Marks 0.830ms
[2025-01-08T17:00:29.331+0000][160499.697s][info][gc,marking  ] GC(4539) Concurrent Scan Root Regions
[2025-01-08T17:00:29.352+0000][160499.718s][info][gc,marking  ] GC(4539) Concurrent Scan Root Regions 20.532ms
[2025-01-08T17:00:29.352+0000][160499.718s][info][gc,marking  ] GC(4539) Concurrent Mark
[2025-01-08T17:00:29.352+0000][160499.718s][info][gc,marking  ] GC(4539) Concurrent Mark From Roots
[2025-01-08T17:00:29.352+0000][160499.718s][info][gc,task     ] GC(4539) Using 2 workers of 2 for marking
[2025-01-08T17:00:30.192+0000][160500.558s][info][gc,marking  ] GC(4539) Concurrent Mark From Roots 840.479ms
[2025-01-08T17:00:30.192+0000][160500.559s][info][gc,marking  ] GC(4539) Concurrent Preclean
[2025-01-08T17:00:30.195+0000][160500.561s][info][gc,marking  ] GC(4539) Concurrent Preclean 2.936ms
[2025-01-08T17:00:30.195+0000][160500.562s][info][gc,start    ] GC(4539) Pause Remark
[2025-01-08T17:00:30.221+0000][160500.587s][info][gc          ] GC(4539) Pause Remark 3331M->3331M(12288M) 25.417ms
[2025-01-08T17:00:30.221+0000][160500.587s][info][gc,cpu      ] GC(4539) User=0.14s Sys=0.00s Real=0.02s
[2025-01-08T17:00:30.221+0000][160500.587s][info][gc,marking  ] GC(4539) Concurrent Mark 869.156ms
[2025-01-08T17:00:30.221+0000][160500.587s][info][gc,marking  ] GC(4539) Concurrent Rebuild Remembered Sets
[2025-01-08T17:00:30.732+0000][160501.098s][info][gc,marking  ] GC(4539) Concurrent Rebuild Remembered Sets 510.843ms
[2025-01-08T17:00:30.732+0000][160501.098s][info][gc,start    ] GC(4539) Pause Cleanup
[2025-01-08T17:00:30.733+0000][160501.099s][info][gc          ] GC(4539) Pause Cleanup 3874M->3874M(12288M) 0.448ms
[2025-01-08T17:00:30.733+0000][160501.099s][info][gc,cpu      ] GC(4539) User=0.00s Sys=0.00s Real=0.00s
[2025-01-08T17:00:30.733+0000][160501.099s][info][gc,marking  ] GC(4539) Concurrent Cleanup for Next Mark
[2025-01-08T17:00:30.749+0000][160501.115s][info][gc,marking  ] GC(4539) Concurrent Cleanup for Next Mark 16.309ms
[2025-01-08T17:00:30.749+0000][160501.115s][info][gc          ] GC(4539) Concurrent Mark Cycle 1418.504ms
[2025-01-08T17:00:37.952+0000][160508.318s][info][gc,start    ] GC(4540) Pause Young (Prepare Mixed) (G1 Evacuation Pause)
[2025-01-08T17:00:37.952+0000][160508.318s][info][gc,task     ] GC(4540) Using 6 workers of 6 for evacuation
[2025-01-08T17:00:37.987+0000][160508.354s][info][gc,phases   ] GC(4540)   Pre Evacuate Collection Set: 0.2ms
[2025-01-08T17:00:37.987+0000][160508.354s][info][gc,phases   ] GC(4540)   Merge Heap Roots: 0.6ms
[2025-01-08T17:00:37.987+0000][160508.354s][info][gc,phases   ] GC(4540)   Evacuate Collection Set: 30.1ms
[2025-01-08T17:00:37.987+0000][160508.354s][info][gc,phases   ] GC(4540)   Post Evacuate Collection Set: 4.2ms
[2025-01-08T17:00:37.987+0000][160508.354s][info][gc,phases   ] GC(4540)   Other: 0.2ms
[2025-01-08T17:00:37.987+0000][160508.354s][info][gc,heap     ] GC(4540) Eden regions: 912->0(65)
[2025-01-08T17:00:37.987+0000][160508.354s][info][gc,heap     ] GC(4540) Survivor regions: 9->11(116)
[2025-01-08T17:00:37.987+0000][160508.354s][info][gc,heap     ] GC(4540) Old regions: 234->234
[2025-01-08T17:00:37.987+0000][160508.354s][info][gc,heap     ] GC(4540) Archive regions: 2->2
[2025-01-08T17:00:37.987+0000][160508.354s][info][gc,heap     ] GC(4540) Humongous regions: 49->49
[2025-01-08T17:00:37.987+0000][160508.354s][info][gc,metaspace] GC(4540) Metaspace: 506255K(515072K)->506255K(515072K) NonClass: 444700K(449088K)->444700K(449088K) Class: 61555K(65984K)->61555K(65984K)
[2025-01-08T17:00:37.988+0000][160508.354s][info][gc          ] GC(4540) Pause Young (Prepare Mixed) (G1 Evacuation Pause) 9630M->2348M(12288M) 35.390ms
[2025-01-08T17:00:37.988+0000][160508.354s][info][gc,cpu      ] GC(4540) User=0.20s Sys=0.00s Real=0.03s
[2025-01-08T17:00:39.015+0000][160509.381s][info][gc,start    ] GC(4541) Pause Young (Mixed) (G1 Evacuation Pause)
[2025-01-08T17:00:39.015+0000][160509.381s][info][gc,task     ] GC(4541) Using 6 workers of 6 for evacuation
[2025-01-08T17:00:39.075+0000][160509.441s][info][gc,phases   ] GC(4541)   Pre Evacuate Collection Set: 0.2ms
[2025-01-08T17:00:39.075+0000][160509.441s][info][gc,phases   ] GC(4541)   Merge Heap Roots: 0.6ms
[2025-01-08T17:00:39.075+0000][160509.441s][info][gc,phases   ] GC(4541)   Evacuate Collection Set: 57.2ms
[2025-01-08T17:00:39.075+0000][160509.441s][info][gc,phases   ] GC(4541)   Post Evacuate Collection Set: 2.0ms
[2025-01-08T17:00:39.075+0000][160509.441s][info][gc,phases   ] GC(4541)   Other: 0.2ms
[2025-01-08T17:00:39.075+0000][160509.441s][info][gc,heap     ] GC(4541) Eden regions: 65->0(916)
[2025-01-08T17:00:39.075+0000][160509.441s][info][gc,heap     ] GC(4541) Survivor regions: 11->5(10)
[2025-01-08T17:00:39.075+0000][160509.441s][info][gc,heap     ] GC(4541) Old regions: 234->234
[2025-01-08T17:00:39.075+0000][160509.441s][info][gc,heap     ] GC(4541) Archive regions: 2->2
[2025-01-08T17:00:39.075+0000][160509.441s][info][gc,heap     ] GC(4541) Humongous regions: 49->49
[2025-01-08T17:00:39.075+0000][160509.441s][info][gc,metaspace] GC(4541) Metaspace: 506255K(515072K)->506255K(515072K) NonClass: 444700K(449088K)->444700K(449088K) Class: 61555K(65984K)->61555K(65984K)
[2025-01-08T17:00:39.075+0000][160509.441s][info][gc          ] GC(4541) Pause Young (Mixed) (G1 Evacuation Pause) 2868M->2308M(12288M) 60.127ms
[2025-01-08T17:00:39.075+0000][160509.441s][info][gc,cpu      ] GC(4541) User=0.34s Sys=0.00s Real=0.06s
[2025-01-08T17:00:46.630+0000][160516.997s][info][gc,start    ] GC(4542) Pause Young (Normal) (G1 Evacuation Pause)
[2025-01-08T17:00:46.631+0000][160516.997s][info][gc,task     ] GC(4542) Using 6 workers of 6 for evacuation
[2025-01-08T17:00:46.653+0000][160517.019s][info][gc,phases   ] GC(4542)   Pre Evacuate Collection Set: 0.2ms
[2025-01-08T17:00:46.653+0000][160517.019s][info][gc,phases   ] GC(4542)   Merge Heap Roots: 0.4ms
[2025-01-08T17:00:46.653+0000][160517.019s][info][gc,phases   ] GC(4542)   Evacuate Collection Set: 19.4ms
[2025-01-08T17:00:46.653+0000][160517.019s][info][gc,phases   ] GC(4542)   Post Evacuate Collection Set: 2.4ms
[2025-01-08T17:00:46.653+0000][160517.019s][info][gc,phases   ] GC(4542)   Other: 0.2ms
[2025-01-08T17:00:46.653+0000][160517.019s][info][gc,heap     ] GC(4542) Eden regions: 916->0(915)
[2025-01-08T17:00:46.653+0000][160517.019s][info][gc,heap     ] GC(4542) Survivor regions: 5->6(116)
[2025-01-08T17:00:46.653+0000][160517.019s][info][gc,heap     ] GC(4542) Old regions: 234->234
[2025-01-08T17:00:46.653+0000][160517.019s][info][gc,heap     ] GC(4542) Archive regions: 2->2
[2025-01-08T17:00:46.653+0000][160517.019s][info][gc,heap     ] GC(4542) Humongous regions: 49->49
[2025-01-08T17:00:46.653+0000][160517.019s][info][gc,metaspace] GC(4542) Metaspace: 506258K(515072K)->506258K(515072K) NonClass: 444703K(449088K)->444703K(449088K) Class: 61555K(65984K)->61555K(65984K)
[2025-01-08T17:00:46.653+0000][160517.019s][info][gc          ] GC(4542) Pause Young (Normal) (G1 Evacuation Pause) 9636M->2312M(12288M) 22.675ms
[2025-01-08T17:00:46.653+0000][160517.019s][info][gc,cpu      ] GC(4542) User=0.13s Sys=0.00s Real=0.02s
[2025-01-08T17:00:55.074+0000][160525.440s][info][gc,start    ] GC(4543) Pause Young (Normal) (G1 Evacuation Pause)
[2025-01-08T17:00:55.074+0000][160525.440s][info][gc,task     ] GC(4543) Using 6 workers of 6 for evacuation
[2025-01-08T17:00:55.101+0000][160525.467s][info][gc,phases   ] GC(4543)   Pre Evacuate Collection Set: 0.2ms
[2025-01-08T17:00:55.101+0000][160525.467s][info][gc,phases   ] GC(4543)   Merge Heap Roots: 0.4ms
[2025-01-08T17:00:55.101+0000][160525.467s][info][gc,phases   ] GC(4543)   Evacuate Collection Set: 23.6ms
[2025-01-08T17:00:55.101+0000][160525.467s][info][gc,phases   ] GC(4543)   Post Evacuate Collection Set: 2.6ms
[2025-01-08T17:00:55.101+0000][160525.467s][info][gc,phases   ] GC(4543)   Other: 0.2ms
[2025-01-08T17:00:55.101+0000][160525.467s][info][gc,heap     ] GC(4543) Eden regions: 915->0(914)
[2025-01-08T17:00:55.101+0000][160525.467s][info][gc,heap     ] GC(4543) Survivor regions: 6->7(116)
[2025-01-08T17:00:55.101+0000][160525.467s][info][gc,heap     ] GC(4543) Old regions: 234->234
[2025-01-08T17:00:55.101+0000][160525.467s][info][gc,heap     ] GC(4543) Archive regions: 2->2
[2025-01-08T17:00:55.101+0000][160525.467s][info][gc,heap     ] GC(4543) Humongous regions: 49->49
[2025-01-08T17:00:55.101+0000][160525.467s][info][gc,metaspace] GC(4543) Metaspace: 506258K(515072K)->506258K(515072K) NonClass: 444703K(449088K)->444703K(449088K) Class: 61555K(65984K)->61555K(65984K)
[2025-01-08T17:00:55.101+0000][160525.467s][info][gc          ] GC(4543) Pause Young (Normal) (G1 Evacuation Pause) 9632M->2323M(12288M) 27.116ms
[2025-01-08T17:00:55.101+0000][160525.467s][info][gc,cpu      ] GC(4543) User=0.15s Sys=0.00s Real=0.02s
[2025-01-08T17:01:02.903+0000][160533.269s][info][gc,start    ] GC(4544) Pause Young (Concurrent Start) (G1 Evacuation Pause)
[2025-01-08T17:01:02.903+0000][160533.269s][info][gc,task     ] GC(4544) Using 6 workers of 6 for evacuation
[2025-01-08T17:01:02.935+0000][160533.301s][info][gc,phases   ] GC(4544)   Pre Evacuate Collection Set: 1.1ms
[2025-01-08T17:01:02.935+0000][160533.301s][info][gc,phases   ] GC(4544)   Merge Heap Roots: 0.4ms
[2025-01-08T17:01:02.935+0000][160533.301s][info][gc,phases   ] GC(4544)   Evacuate Collection Set: 27.6ms
[2025-01-08T17:01:02.935+0000][160533.301s][info][gc,phases   ] GC(4544)   Post Evacuate Collection Set: 2.6ms
[2025-01-08T17:01:02.935+0000][160533.301s][info][gc,phases   ] GC(4544)   Other: 0.3ms
[2025-01-08T17:01:02.935+0000][160533.301s][info][gc,heap     ] GC(4544) Eden regions: 914->0(912)
[2025-01-08T17:01:02.935+0000][160533.301s][info][gc,heap     ] GC(4544) Survivor regions: 7->9(116)
[2025-01-08T17:01:02.935+0000][160533.301s][info][gc,heap     ] GC(4544) Old regions: 234->234
[2025-01-08T17:01:02.935+0000][160533.301s][info][gc,heap     ] GC(4544) Archive regions: 2->2
[2025-01-08T17:01:02.935+0000][160533.301s][info][gc,heap     ] GC(4544) Humongous regions: 49->49
[2025-01-08T17:01:02.935+0000][160533.301s][info][gc,metaspace] GC(4544) Metaspace: 506258K(515072K)->506258K(515072K) NonClass: 444703K(449088K)->444703K(449088K) Class: 61555K(65984K)->61555K(65984K)
[2025-01-08T17:01:02.935+0000][160533.301s][info][gc          ] GC(4544) Pause Young (Concurrent Start) (G1 Evacuation Pause) 9635M->2337M(12288M) 32.101ms
[2025-01-08T17:01:02.935+0000][160533.301s][info][gc,cpu      ] GC(4544) User=0.18s Sys=0.00s Real=0.03s
[2025-01-08T17:01:02.935+0000][160533.302s][info][gc          ] GC(4545) Concurrent Mark Cycle
[2025-01-08T17:01:02.935+0000][160533.302s][info][gc,marking  ] GC(4545) Concurrent Clear Claimed Marks
[2025-01-08T17:01:02.936+0000][160533.303s][info][gc,marking  ] GC(4545) Concurrent Clear Claimed Marks 0.944ms
[2025-01-08T17:01:02.936+0000][160533.303s][info][gc,marking  ] GC(4545) Concurrent Scan Root Regions
[2025-01-08T17:01:02.963+0000][160533.329s][info][gc,marking  ] GC(4545) Concurrent Scan Root Regions 26.585ms
[2025-01-08T17:01:02.963+0000][160533.329s][info][gc,marking  ] GC(4545) Concurrent Mark
[2025-01-08T17:01:02.963+0000][160533.329s][info][gc,marking  ] GC(4545) Concurrent Mark From Roots
[2025-01-08T17:01:02.963+0000][160533.329s][info][gc,task     ] GC(4545) Using 2 workers of 2 for marking
[2025-01-08T17:01:03.907+0000][160534.273s][info][gc,marking  ] GC(4545) Concurrent Mark From Roots 943.682ms
[2025-01-08T17:01:03.907+0000][160534.273s][info][gc,marking  ] GC(4545) Concurrent Preclean
[2025-01-08T17:01:03.910+0000][160534.276s][info][gc,marking  ] GC(4545) Concurrent Preclean 3.103ms
[2025-01-08T17:01:03.910+0000][160534.276s][info][gc,start    ] GC(4545) Pause Remark
[2025-01-08T17:01:03.937+0000][160534.303s][info][gc          ] GC(4545) Pause Remark 3689M->3689M(12288M) 26.562ms
[2025-01-08T17:01:03.937+0000][160534.303s][info][gc,cpu      ] GC(4545) User=0.16s Sys=0.00s Real=0.02s
[2025-01-08T17:01:03.937+0000][160534.303s][info][gc,marking  ] GC(4545) Concurrent Mark 974.057ms
[2025-01-08T17:01:03.937+0000][160534.303s][info][gc,marking  ] GC(4545) Concurrent Rebuild Remembered Sets
[2025-01-08T17:01:04.527+0000][160534.893s][info][gc,marking  ] GC(4545) Concurrent Rebuild Remembered Sets 590.067ms
[2025-01-08T17:01:04.527+0000][160534.893s][info][gc,start    ] GC(4545) Pause Cleanup
[2025-01-08T17:01:04.528+0000][160534.894s][info][gc          ] GC(4545) Pause Cleanup 4553M->4553M(12288M) 0.431ms
[2025-01-08T17:01:04.528+0000][160534.894s][info][gc,cpu      ] GC(4545) User=0.00s Sys=0.00s Real=0.00s
[2025-01-08T17:01:04.528+0000][160534.894s][info][gc,marking  ] GC(4545) Concurrent Cleanup for Next Mark
[2025-01-08T17:01:04.544+0000][160534.910s][info][gc,marking  ] GC(4545) Concurrent Cleanup for Next Mark 15.759ms
[2025-01-08T17:01:04.544+0000][160534.910s][info][gc          ] GC(4545) Concurrent Mark Cycle 1608.288ms
[2025-01-08T17:01:10.619+0000][160540.985s][info][gc,start    ] GC(4546) Pause Young (Prepare Mixed) (G1 Evacuation Pause)
[2025-01-08T17:01:10.619+0000][160540.985s][info][gc,task     ] GC(4546) Using 6 workers of 6 for evacuation
[2025-01-08T17:01:10.656+0000][160541.022s][info][gc,phases   ] GC(4546)   Pre Evacuate Collection Set: 0.2ms
[2025-01-08T17:01:10.656+0000][160541.022s][info][gc,phases   ] GC(4546)   Merge Heap Roots: 0.7ms
[2025-01-08T17:01:10.656+0000][160541.022s][info][gc,phases   ] GC(4546)   Evacuate Collection Set: 31.7ms
[2025-01-08T17:01:10.656+0000][160541.022s][info][gc,phases   ] GC(4546)   Post Evacuate Collection Set: 4.2ms
[2025-01-08T17:01:10.656+0000][160541.022s][info][gc,phases   ] GC(4546)   Other: 0.2ms
[2025-01-08T17:01:10.656+0000][160541.022s][info][gc,heap     ] GC(4546) Eden regions: 912->0(65)
[2025-01-08T17:01:10.656+0000][160541.022s][info][gc,heap     ] GC(4546) Survivor regions: 9->11(116)
[2025-01-08T17:01:10.656+0000][160541.022s][info][gc,heap     ] GC(4546) Old regions: 234->234
[2025-01-08T17:01:10.656+0000][160541.022s][info][gc,heap     ] GC(4546) Archive regions: 2->2
[2025-01-08T17:01:10.656+0000][160541.022s][info][gc,heap     ] GC(4546) Humongous regions: 49->49
[2025-01-08T17:01:10.656+0000][160541.022s][info][gc,metaspace] GC(4546) Metaspace: 506259K(515072K)->506259K(515072K) NonClass: 444704K(449088K)->444704K(449088K) Class: 61555K(65984K)->61555K(65984K)
[2025-01-08T17:01:10.656+0000][160541.022s][info][gc          ] GC(4546) Pause Young (Prepare Mixed) (G1 Evacuation Pause) 9633M->2353M(12288M) 37.118ms
[2025-01-08T17:01:10.656+0000][160541.022s][info][gc,cpu      ] GC(4546) User=0.22s Sys=0.00s Real=0.04s
[2025-01-08T17:01:11.288+0000][160541.654s][info][gc,start    ] GC(4547) Pause Young (Mixed) (G1 Evacuation Pause)
[2025-01-08T17:01:11.288+0000][160541.654s][info][gc,task     ] GC(4547) Using 6 workers of 6 for evacuation
[2025-01-08T17:01:11.355+0000][160541.721s][info][gc,phases   ] GC(4547)   Pre Evacuate Collection Set: 0.2ms
[2025-01-08T17:01:11.355+0000][160541.721s][info][gc,phases   ] GC(4547)   Merge Heap Roots: 0.8ms
[2025-01-08T17:01:11.355+0000][160541.721s][info][gc,phases   ] GC(4547)   Evacuate Collection Set: 64.2ms
[2025-01-08T17:01:11.355+0000][160541.721s][info][gc,phases   ] GC(4547)   Post Evacuate Collection Set: 1.8ms
[2025-01-08T17:01:11.355+0000][160541.721s][info][gc,phases   ] GC(4547)   Other: 0.2ms
[2025-01-08T17:01:11.355+0000][160541.721s][info][gc,heap     ] GC(4547) Eden regions: 65->0(915)
[2025-01-08T17:01:11.355+0000][160541.721s][info][gc,heap     ] GC(4547) Survivor regions: 11->6(10)
[2025-01-08T17:01:11.355+0000][160541.721s][info][gc,heap     ] GC(4547) Old regions: 234->235
[2025-01-08T17:01:11.355+0000][160541.721s][info][gc,heap     ] GC(4547) Archive regions: 2->2
[2025-01-08T17:01:11.355+0000][160541.721s][info][gc,heap     ] GC(4547) Humongous regions: 49->49
[2025-01-08T17:01:11.355+0000][160541.721s][info][gc,metaspace] GC(4547) Metaspace: 506259K(515072K)->506259K(515072K) NonClass: 444704K(449088K)->444704K(449088K) Class: 61555K(65984K)->61555K(65984K)
[2025-01-08T17:01:11.355+0000][160541.721s][info][gc          ] GC(4547) Pause Young (Mixed) (G1 Evacuation Pause) 2873M->2319M(12288M) 67.306ms
[2025-01-08T17:01:11.355+0000][160541.721s][info][gc,cpu      ] GC(4547) User=0.39s Sys=0.00s Real=0.07s
[2025-01-08T17:01:19.164+0000][160549.530s][info][gc,start    ] GC(4548) Pause Young (Normal) (G1 Evacuation Pause)
[2025-01-08T17:01:19.164+0000][160549.530s][info][gc,task     ] GC(4548) Using 6 workers of 6 for evacuation
[2025-01-08T17:01:19.192+0000][160549.558s][info][gc,phases   ] GC(4548)   Pre Evacuate Collection Set: 0.2ms
[2025-01-08T17:01:19.192+0000][160549.558s][info][gc,phases   ] GC(4548)   Merge Heap Roots: 0.4ms
[2025-01-08T17:01:19.192+0000][160549.558s][info][gc,phases   ] GC(4548)   Evacuate Collection Set: 23.4ms
[2025-01-08T17:01:19.192+0000][160549.558s][info][gc,phases   ] GC(4548)   Post Evacuate Collection Set: 4.0ms
[2025-01-08T17:01:19.192+0000][160549.558s][info][gc,phases   ] GC(4548)   Other: 0.2ms
[2025-01-08T17:01:19.192+0000][160549.558s][info][gc,heap     ] GC(4548) Eden regions: 915->0(914)
[2025-01-08T17:01:19.192+0000][160549.558s][info][gc,heap     ] GC(4548) Survivor regions: 6->7(116)
[2025-01-08T17:01:19.192+0000][160549.558s][info][gc,heap     ] GC(4548) Old regions: 235->235
[2025-01-08T17:01:19.192+0000][160549.558s][info][gc,heap     ] GC(4548) Archive regions: 2->2
[2025-01-08T17:01:19.192+0000][160549.558s][info][gc,heap     ] GC(4548) Humongous regions: 49->49
[2025-01-08T17:01:19.192+0000][160549.558s][info][gc,metaspace] GC(4548) Metaspace: 506259K(515072K)->506259K(515072K) NonClass: 444704K(449088K)->444704K(449088K) Class: 61555K(65984K)->61555K(65984K)
[2025-01-08T17:01:19.192+0000][160549.558s][info][gc          ] GC(4548) Pause Young (Normal) (G1 Evacuation Pause) 9639M->2327M(12288M) 28.385ms
[2025-01-08T17:01:19.192+0000][160549.558s][info][gc,cpu      ] GC(4548) User=0.16s Sys=0.00s Real=0.03s
[2025-01-08T17:01:26.698+0000][160557.064s][info][gc,start    ] GC(4549) Pause Young (Normal) (G1 Evacuation Pause)
[2025-01-08T17:01:26.698+0000][160557.064s][info][gc,task     ] GC(4549) Using 6 workers of 6 for evacuation
[2025-01-08T17:01:26.728+0000][160557.094s][info][gc,phases   ] GC(4549)   Pre Evacuate Collection Set: 0.2ms
[2025-01-08T17:01:26.728+0000][160557.094s][info][gc,phases   ] GC(4549)   Merge Heap Roots: 0.4ms
[2025-01-08T17:01:26.728+0000][160557.094s][info][gc,phases   ] GC(4549)   Evacuate Collection Set: 26.0ms
[2025-01-08T17:01:26.728+0000][160557.094s][info][gc,phases   ] GC(4549)   Post Evacuate Collection Set: 2.6ms
[2025-01-08T17:01:26.728+0000][160557.094s][info][gc,phases   ] GC(4549)   Other: 0.2ms
[2025-01-08T17:01:26.728+0000][160557.094s][info][gc,heap     ] GC(4549) Eden regions: 914->0(913)
[2025-01-08T17:01:26.728+0000][160557.094s][info][gc,heap     ] GC(4549) Survivor regions: 7->8(116)
[2025-01-08T17:01:26.728+0000][160557.094s][info][gc,heap     ] GC(4549) Old regions: 235->235
[2025-01-08T17:01:26.728+0000][160557.094s][info][gc,heap     ] GC(4549) Archive regions: 2->2
[2025-01-08T17:01:26.728+0000][160557.094s][info][gc,heap     ] GC(4549) Humongous regions: 49->49
[2025-01-08T17:01:26.728+0000][160557.094s][info][gc,metaspace] GC(4549) Metaspace: 506260K(515072K)->506260K(515072K) NonClass: 444705K(449088K)->444705K(449088K) Class: 61555K(65984K)->61555K(65984K)
[2025-01-08T17:01:26.728+0000][160557.094s][info][gc          ] GC(4549) Pause Young (Normal) (G1 Evacuation Pause) 9639M->2334M(12288M) 29.568ms
[2025-01-08T17:01:26.728+0000][160557.094s][info][gc,cpu      ] GC(4549) User=0.16s Sys=0.01s Real=0.03s
[2025-01-08T17:01:34.003+0000][160564.369s][info][gc,start    ] GC(4550) Pause Young (Concurrent Start) (G1 Evacuation Pause)
[2025-01-08T17:01:34.003+0000][160564.369s][info][gc,task     ] GC(4550) Using 6 workers of 6 for evacuation
[2025-01-08T17:01:34.036+0000][160564.402s][info][gc,phases   ] GC(4550)   Pre Evacuate Collection Set: 1.0ms
[2025-01-08T17:01:34.036+0000][160564.402s][info][gc,phases   ] GC(4550)   Merge Heap Roots: 0.5ms
[2025-01-08T17:01:34.036+0000][160564.402s][info][gc,phases   ] GC(4550)   Evacuate Collection Set: 27.3ms
[2025-01-08T17:01:34.036+0000][160564.402s][info][gc,phases   ] GC(4550)   Post Evacuate Collection Set: 3.9ms
[2025-01-08T17:01:34.036+0000][160564.402s][info][gc,phases   ] GC(4550)   Other: 0.3ms
[2025-01-08T17:01:34.036+0000][160564.402s][info][gc,heap     ] GC(4550) Eden regions: 913->0(911)
[2025-01-08T17:01:34.036+0000][160564.402s][info][gc,heap     ] GC(4550) Survivor regions: 8->10(116)
[2025-01-08T17:01:34.036+0000][160564.402s][info][gc,heap     ] GC(4550) Old regions: 235->235
[2025-01-08T17:01:34.036+0000][160564.402s][info][gc,heap     ] GC(4550) Archive regions: 2->2
[2025-01-08T17:01:34.036+0000][160564.402s][info][gc,heap     ] GC(4550) Humongous regions: 49->49
[2025-01-08T17:01:34.036+0000][160564.402s][info][gc,metaspace] GC(4550) Metaspace: 506260K(515072K)->506260K(515072K) NonClass: 444705K(449088K)->444705K(449088K) Class: 61555K(65984K)->61555K(65984K)
[2025-01-08T17:01:34.036+0000][160564.402s][info][gc          ] GC(4550) Pause Young (Concurrent Start) (G1 Evacuation Pause) 9638M->2348M(12288M) 33.055ms
[2025-01-08T17:01:34.036+0000][160564.402s][info][gc,cpu      ] GC(4550) User=0.19s Sys=0.00s Real=0.03s
[2025-01-08T17:01:34.036+0000][160564.402s][info][gc          ] GC(4551) Concurrent Mark Cycle
[2025-01-08T17:01:34.036+0000][160564.402s][info][gc,marking  ] GC(4551) Concurrent Clear Claimed Marks
[2025-01-08T17:01:34.037+0000][160564.403s][info][gc,marking  ] GC(4551) Concurrent Clear Claimed Marks 0.886ms
[2025-01-08T17:01:34.037+0000][160564.403s][info][gc,marking  ] GC(4551) Concurrent Scan Root Regions
[2025-01-08T17:01:34.061+0000][160564.427s][info][gc,marking  ] GC(4551) Concurrent Scan Root Regions 23.890ms
[2025-01-08T17:01:34.061+0000][160564.427s][info][gc,marking  ] GC(4551) Concurrent Mark
[2025-01-08T17:01:34.061+0000][160564.427s][info][gc,marking  ] GC(4551) Concurrent Mark From Roots
[2025-01-08T17:01:34.061+0000][160564.427s][info][gc,task     ] GC(4551) Using 2 workers of 2 for marking
[2025-01-08T17:01:34.861+0000][160565.227s][info][gc,marking  ] GC(4551) Concurrent Mark From Roots 800.437ms
[2025-01-08T17:01:34.861+0000][160565.227s][info][gc,marking  ] GC(4551) Concurrent Preclean
[2025-01-08T17:01:34.864+0000][160565.230s][info][gc,marking  ] GC(4551) Concurrent Preclean 2.411ms
[2025-01-08T17:01:34.864+0000][160565.230s][info][gc,start    ] GC(4551) Pause Remark
[2025-01-08T17:01:34.891+0000][160565.257s][info][gc          ] GC(4551) Pause Remark 3048M->3048M(12288M) 26.886ms
[2025-01-08T17:01:34.891+0000][160565.257s][info][gc,cpu      ] GC(4551) User=0.15s Sys=0.00s Real=0.03s
[2025-01-08T17:01:34.891+0000][160565.257s][info][gc,marking  ] GC(4551) Concurrent Mark 830.073ms
[2025-01-08T17:01:34.891+0000][160565.257s][info][gc,marking  ] GC(4551) Concurrent Rebuild Remembered Sets
[2025-01-08T17:01:35.412+0000][160565.778s][info][gc,marking  ] GC(4551) Concurrent Rebuild Remembered Sets 521.362ms
[2025-01-08T17:01:35.412+0000][160565.778s][info][gc,start    ] GC(4551) Pause Cleanup
[2025-01-08T17:01:35.413+0000][160565.779s][info][gc          ] GC(4551) Pause Cleanup 3480M->3480M(12288M) 0.423ms
[2025-01-08T17:01:35.413+0000][160565.779s][info][gc,cpu      ] GC(4551) User=0.00s Sys=0.00s Real=0.00s
[2025-01-08T17:01:35.413+0000][160565.779s][info][gc,marking  ] GC(4551) Concurrent Cleanup for Next Mark
[2025-01-08T17:01:35.428+0000][160565.794s][info][gc,marking  ] GC(4551) Concurrent Cleanup for Next Mark 15.512ms
[2025-01-08T17:01:35.428+0000][160565.794s][info][gc          ] GC(4551) Concurrent Mark Cycle 1392.542ms
[2025-01-08T17:01:40.067+0000][160570.433s][info][gc,start    ] GC(4552) Pause Young (Prepare Mixed) (G1 Evacuation Pause)
[2025-01-08T17:01:40.067+0000][160570.433s][info][gc,task     ] GC(4552) Using 6 workers of 6 for evacuation
[2025-01-08T17:01:40.103+0000][160570.469s][info][gc,phases   ] GC(4552)   Pre Evacuate Collection Set: 0.2ms
[2025-01-08T17:01:40.103+0000][160570.469s][info][gc,phases   ] GC(4552)   Merge Heap Roots: 0.7ms
[2025-01-08T17:01:40.103+0000][160570.469s][info][gc,phases   ] GC(4552)   Evacuate Collection Set: 32.0ms
[2025-01-08T17:01:40.103+0000][160570.469s][info][gc,phases   ] GC(4552)   Post Evacuate Collection Set: 2.7ms
[2025-01-08T17:01:40.103+0000][160570.469s][info][gc,phases   ] GC(4552)   Other: 0.2ms
[2025-01-08T17:01:40.103+0000][160570.469s][info][gc,heap     ] GC(4552) Eden regions: 911->0(65)
[2025-01-08T17:01:40.103+0000][160570.469s][info][gc,heap     ] GC(4552) Survivor regions: 10->11(116)
[2025-01-08T17:01:40.103+0000][160570.469s][info][gc,heap     ] GC(4552) Old regions: 235->235
[2025-01-08T17:01:40.103+0000][160570.469s][info][gc,heap     ] GC(4552) Archive regions: 2->2
[2025-01-08T17:01:40.103+0000][160570.469s][info][gc,heap     ] GC(4552) Humongous regions: 49->49
[2025-01-08T17:01:40.103+0000][160570.469s][info][gc,metaspace] GC(4552) Metaspace: 506261K(515072K)->506261K(515072K) NonClass: 444705K(449088K)->444705K(449088K) Class: 61555K(65984K)->61555K(65984K)
[2025-01-08T17:01:40.103+0000][160570.469s][info][gc          ] GC(4552) Pause Young (Prepare Mixed) (G1 Evacuation Pause) 9636M->2356M(12288M) 35.895ms
[2025-01-08T17:01:40.103+0000][160570.469s][info][gc,cpu      ] GC(4552) User=0.21s Sys=0.00s Real=0.04s
[2025-01-08T17:01:40.416+0000][160570.782s][info][gc,start    ] GC(4553) Pause Young (Mixed) (G1 Evacuation Pause)
[2025-01-08T17:01:40.416+0000][160570.782s][info][gc,task     ] GC(4553) Using 6 workers of 6 for evacuation
[2025-01-08T17:01:40.481+0000][160570.847s][info][gc,phases   ] GC(4553)   Pre Evacuate Collection Set: 0.2ms
[2025-01-08T17:01:40.481+0000][160570.847s][info][gc,phases   ] GC(4553)   Merge Heap Roots: 0.7ms
[2025-01-08T17:01:40.481+0000][160570.847s][info][gc,phases   ] GC(4553)   Evacuate Collection Set: 62.7ms
[2025-01-08T17:01:40.481+0000][160570.847s][info][gc,phases   ] GC(4553)   Post Evacuate Collection Set: 1.9ms
[2025-01-08T17:01:40.481+0000][160570.847s][info][gc,phases   ] GC(4553)   Other: 0.2ms
[2025-01-08T17:01:40.481+0000][160570.847s][info][gc,heap     ] GC(4553) Eden regions: 65->0(916)
[2025-01-08T17:01:40.481+0000][160570.847s][info][gc,heap     ] GC(4553) Survivor regions: 11->5(10)
[2025-01-08T17:01:40.481+0000][160570.847s][info][gc,heap     ] GC(4553) Old regions: 235->236
[2025-01-08T17:01:40.481+0000][160570.847s][info][gc,heap     ] GC(4553) Archive regions: 2->2
[2025-01-08T17:01:40.481+0000][160570.847s][info][gc,heap     ] GC(4553) Humongous regions: 49->49
[2025-01-08T17:01:40.481+0000][160570.847s][info][gc,metaspace] GC(4553) Metaspace: 506261K(515072K)->506261K(515072K) NonClass: 444705K(449088K)->444705K(449088K) Class: 61555K(65984K)->61555K(65984K)
[2025-01-08T17:01:40.481+0000][160570.847s][info][gc          ] GC(4553) Pause Young (Mixed) (G1 Evacuation Pause) 2876M->2318M(12288M) 65.672ms
[2025-01-08T17:01:40.481+0000][160570.847s][info][gc,cpu      ] GC(4553) User=0.35s Sys=0.00s Real=0.06s
[2025-01-08T17:01:48.784+0000][160579.151s][info][gc,start    ] GC(4554) Pause Young (Normal) (G1 Evacuation Pause)
[2025-01-08T17:01:48.785+0000][160579.151s][info][gc,task     ] GC(4554) Using 6 workers of 6 for evacuation
[2025-01-08T17:01:48.812+0000][160579.178s][info][gc,phases   ] GC(4554)   Pre Evacuate Collection Set: 0.2ms
[2025-01-08T17:01:48.812+0000][160579.178s][info][gc,phases   ] GC(4554)   Merge Heap Roots: 0.4ms
[2025-01-08T17:01:48.812+0000][160579.178s][info][gc,phases   ] GC(4554)   Evacuate Collection Set: 23.6ms
[2025-01-08T17:01:48.812+0000][160579.178s][info][gc,phases   ] GC(4554)   Post Evacuate Collection Set: 2.9ms
[2025-01-08T17:01:48.812+0000][160579.178s][info][gc,phases   ] GC(4554)   Other: 0.2ms
[2025-01-08T17:01:48.812+0000][160579.178s][info][gc,heap     ] GC(4554) Eden regions: 916->0(914)
[2025-01-08T17:01:48.812+0000][160579.178s][info][gc,heap     ] GC(4554) Survivor regions: 5->7(116)
[2025-01-08T17:01:48.812+0000][160579.178s][info][gc,heap     ] GC(4554) Old regions: 236->236
[2025-01-08T17:01:48.812+0000][160579.178s][info][gc,heap     ] GC(4554) Archive regions: 2->2
[2025-01-08T17:01:48.812+0000][160579.178s][info][gc,heap     ] GC(4554) Humongous regions: 49->49
[2025-01-08T17:01:48.812+0000][160579.178s][info][gc,metaspace] GC(4554) Metaspace: 506271K(515072K)->506271K(515072K) NonClass: 444715K(449088K)->444715K(449088K) Class: 61555K(65984K)->61555K(65984K)
[2025-01-08T17:01:48.812+0000][160579.178s][info][gc          ] GC(4554) Pause Young (Normal) (G1 Evacuation Pause) 9646M->2330M(12288M) 27.450ms
[2025-01-08T17:01:48.812+0000][160579.178s][info][gc,cpu      ] GC(4554) User=0.15s Sys=0.00s Real=0.03s
[2025-01-08T17:01:59.555+0000][160589.921s][info][gc,start    ] GC(4555) Pause Young (Normal) (G1 Evacuation Pause)
[2025-01-08T17:01:59.555+0000][160589.921s][info][gc,task     ] GC(4555) Using 6 workers of 6 for evacuation
[2025-01-08T17:01:59.585+0000][160589.951s][info][gc,phases   ] GC(4555)   Pre Evacuate Collection Set: 0.2ms
[2025-01-08T17:01:59.585+0000][160589.951s][info][gc,phases   ] GC(4555)   Merge Heap Roots: 0.4ms
[2025-01-08T17:01:59.585+0000][160589.951s][info][gc,phases   ] GC(4555)   Evacuate Collection Set: 26.5ms
[2025-01-08T17:01:59.585+0000][160589.951s][info][gc,phases   ] GC(4555)   Post Evacuate Collection Set: 2.6ms
[2025-01-08T17:01:59.585+0000][160589.951s][info][gc,phases   ] GC(4555)   Other: 0.2ms
[2025-01-08T17:01:59.585+0000][160589.951s][info][gc,heap     ] GC(4555) Eden regions: 914->0(913)
[2025-01-08T17:01:59.585+0000][160589.951s][info][gc,heap     ] GC(4555) Survivor regions: 7->8(116)
[2025-01-08T17:01:59.585+0000][160589.951s][info][gc,heap     ] GC(4555) Old regions: 236->236
[2025-01-08T17:01:59.585+0000][160589.951s][info][gc,heap     ] GC(4555) Archive regions: 2->2
[2025-01-08T17:01:59.585+0000][160589.951s][info][gc,heap     ] GC(4555) Humongous regions: 49->49
[2025-01-08T17:01:59.585+0000][160589.951s][info][gc,metaspace] GC(4555) Metaspace: 506271K(515072K)->506271K(515072K) NonClass: 444715K(449088K)->444715K(449088K) Class: 61555K(65984K)->61555K(65984K)
[2025-01-08T17:01:59.585+0000][160589.951s][info][gc          ] GC(4555) Pause Young (Normal) (G1 Evacuation Pause) 9642M->2342M(12288M) 29.977ms
[2025-01-08T17:01:59.585+0000][160589.951s][info][gc,cpu      ] GC(4555) User=0.17s Sys=0.00s Real=0.03s
[2025-01-08T17:02:06.807+0000][160597.173s][info][gc,start    ] GC(4556) Pause Young (Concurrent Start) (G1 Evacuation Pause)
[2025-01-08T17:02:06.807+0000][160597.173s][info][gc,task     ] GC(4556) Using 6 workers of 6 for evacuation
[2025-01-08T17:02:06.842+0000][160597.208s][info][gc,phases   ] GC(4556)   Pre Evacuate Collection Set: 1.0ms
[2025-01-08T17:02:06.842+0000][160597.208s][info][gc,phases   ] GC(4556)   Merge Heap Roots: 0.5ms
[2025-01-08T17:02:06.842+0000][160597.208s][info][gc,phases   ] GC(4556)   Evacuate Collection Set: 29.1ms
[2025-01-08T17:02:06.842+0000][160597.208s][info][gc,phases   ] GC(4556)   Post Evacuate Collection Set: 4.0ms
[2025-01-08T17:02:06.842+0000][160597.208s][info][gc,phases   ] GC(4556)   Other: 0.3ms
[2025-01-08T17:02:06.842+0000][160597.208s][info][gc,heap     ] GC(4556) Eden regions: 913->0(911)
[2025-01-08T17:02:06.842+0000][160597.208s][info][gc,heap     ] GC(4556) Survivor regions: 8->10(116)
[2025-01-08T17:02:06.842+0000][160597.208s][info][gc,heap     ] GC(4556) Old regions: 236->236
[2025-01-08T17:02:06.842+0000][160597.208s][info][gc,heap     ] GC(4556) Archive regions: 2->2
[2025-01-08T17:02:06.842+0000][160597.208s][info][gc,heap     ] GC(4556) Humongous regions: 49->49
[2025-01-08T17:02:06.842+0000][160597.208s][info][gc,metaspace] GC(4556) Metaspace: 506271K(515072K)->506271K(515072K) NonClass: 444715K(449088K)->444715K(449088K) Class: 61555K(65984K)->61555K(65984K)
[2025-01-08T17:02:06.842+0000][160597.208s][info][gc          ] GC(4556) Pause Young (Concurrent Start) (G1 Evacuation Pause) 9646M->2357M(12288M) 34.982ms
[2025-01-08T17:02:06.842+0000][160597.208s][info][gc,cpu      ] GC(4556) User=0.20s Sys=0.00s Real=0.04s
[2025-01-08T17:02:06.842+0000][160597.208s][info][gc          ] GC(4557) Concurrent Mark Cycle
[2025-01-08T17:02:06.842+0000][160597.208s][info][gc,marking  ] GC(4557) Concurrent Clear Claimed Marks
[2025-01-08T17:02:06.843+0000][160597.209s][info][gc,marking  ] GC(4557) Concurrent Clear Claimed Marks 0.853ms
[2025-01-08T17:02:06.843+0000][160597.209s][info][gc,marking  ] GC(4557) Concurrent Scan Root Regions
[2025-01-08T17:02:06.872+0000][160597.238s][info][gc,marking  ] GC(4557) Concurrent Scan Root Regions 28.483ms
[2025-01-08T17:02:06.872+0000][160597.238s][info][gc,marking  ] GC(4557) Concurrent Mark
[2025-01-08T17:02:06.872+0000][160597.238s][info][gc,marking  ] GC(4557) Concurrent Mark From Roots
[2025-01-08T17:02:06.872+0000][160597.238s][info][gc,task     ] GC(4557) Using 2 workers of 2 for marking
[2025-01-08T17:02:07.865+0000][160598.231s][info][gc,marking  ] GC(4557) Concurrent Mark From Roots 993.092ms
[2025-01-08T17:02:07.865+0000][160598.231s][info][gc,marking  ] GC(4557) Concurrent Preclean
[2025-01-08T17:02:07.868+0000][160598.234s][info][gc,marking  ] GC(4557) Concurrent Preclean 3.106ms
[2025-01-08T17:02:07.868+0000][160598.234s][info][gc,start    ] GC(4557) Pause Remark
[2025-01-08T17:02:07.894+0000][160598.260s][info][gc          ] GC(4557) Pause Remark 3749M->3749M(12288M) 26.087ms
[2025-01-08T17:02:07.894+0000][160598.260s][info][gc,cpu      ] GC(4557) User=0.15s Sys=0.00s Real=0.03s
[2025-01-08T17:02:07.894+0000][160598.260s][info][gc,marking  ] GC(4557) Concurrent Mark 1022.604ms
[2025-01-08T17:02:07.894+0000][160598.260s][info][gc,marking  ] GC(4557) Concurrent Rebuild Remembered Sets
[2025-01-08T17:02:08.403+0000][160598.769s][info][gc,marking  ] GC(4557) Concurrent Rebuild Remembered Sets 508.915ms
[2025-01-08T17:02:08.403+0000][160598.769s][info][gc,start    ] GC(4557) Pause Cleanup
[2025-01-08T17:02:08.404+0000][160598.770s][info][gc          ] GC(4557) Pause Cleanup 4373M->4373M(12288M) 0.419ms
[2025-01-08T17:02:08.404+0000][160598.770s][info][gc,cpu      ] GC(4557) User=0.00s Sys=0.00s Real=0.00s
[2025-01-08T17:02:08.404+0000][160598.770s][info][gc,marking  ] GC(4557) Concurrent Cleanup for Next Mark
[2025-01-08T17:02:08.420+0000][160598.786s][info][gc,marking  ] GC(4557) Concurrent Cleanup for Next Mark 16.075ms
[2025-01-08T17:02:08.420+0000][160598.786s][info][gc          ] GC(4557) Concurrent Mark Cycle 1577.782ms
[2025-01-08T17:02:12.182+0000][160602.548s][info][gc,start    ] GC(4558) Pause Young (Prepare Mixed) (G1 Evacuation Pause)
[2025-01-08T17:02:12.182+0000][160602.548s][info][gc,task     ] GC(4558) Using 6 workers of 6 for evacuation
[2025-01-08T17:02:12.218+0000][160602.584s][info][gc,phases   ] GC(4558)   Pre Evacuate Collection Set: 0.2ms
[2025-01-08T17:02:12.218+0000][160602.584s][info][gc,phases   ] GC(4558)   Merge Heap Roots: 0.7ms
[2025-01-08T17:02:12.218+0000][160602.584s][info][gc,phases   ] GC(4558)   Evacuate Collection Set: 31.0ms
[2025-01-08T17:02:12.218+0000][160602.584s][info][gc,phases   ] GC(4558)   Post Evacuate Collection Set: 3.9ms
[2025-01-08T17:02:12.218+0000][160602.584s][info][gc,phases   ] GC(4558)   Other: 0.2ms
[2025-01-08T17:02:12.218+0000][160602.584s][info][gc,heap     ] GC(4558) Eden regions: 911->0(65)
[2025-01-08T17:02:12.218+0000][160602.584s][info][gc,heap     ] GC(4558) Survivor regions: 10->11(116)
[2025-01-08T17:02:12.218+0000][160602.584s][info][gc,heap     ] GC(4558) Old regions: 236->236
[2025-01-08T17:02:12.218+0000][160602.584s][info][gc,heap     ] GC(4558) Archive regions: 2->2
[2025-01-08T17:02:12.218+0000][160602.585s][info][gc,heap     ] GC(4558) Humongous regions: 49->49
[2025-01-08T17:02:12.218+0000][160602.585s][info][gc,metaspace] GC(4558) Metaspace: 506271K(515072K)->506271K(515072K) NonClass: 444715K(449088K)->444715K(449088K) Class: 61555K(65984K)->61555K(65984K)
[2025-01-08T17:02:12.218+0000][160602.585s][info][gc          ] GC(4558) Pause Young (Prepare Mixed) (G1 Evacuation Pause) 9645M->2365M(12288M) 36.105ms
[2025-01-08T17:02:12.218+0000][160602.585s][info][gc,cpu      ] GC(4558) User=0.21s Sys=0.00s Real=0.03s
[2025-01-08T17:02:12.755+0000][160603.121s][info][gc,start    ] GC(4559) Pause Young (Mixed) (G1 Evacuation Pause)
[2025-01-08T17:02:12.755+0000][160603.121s][info][gc,task     ] GC(4559) Using 6 workers of 6 for evacuation
[2025-01-08T17:02:12.816+0000][160603.182s][info][gc,phases   ] GC(4559)   Pre Evacuate Collection Set: 0.2ms
[2025-01-08T17:02:12.816+0000][160603.182s][info][gc,phases   ] GC(4559)   Merge Heap Roots: 0.6ms
[2025-01-08T17:02:12.816+0000][160603.182s][info][gc,phases   ] GC(4559)   Evacuate Collection Set: 57.7ms
[2025-01-08T17:02:12.816+0000][160603.182s][info][gc,phases   ] GC(4559)   Post Evacuate Collection Set: 1.9ms
[2025-01-08T17:02:12.816+0000][160603.182s][info][gc,phases   ] GC(4559)   Other: 0.2ms
[2025-01-08T17:02:12.816+0000][160603.182s][info][gc,heap     ] GC(4559) Eden regions: 65->0(915)
[2025-01-08T17:02:12.816+0000][160603.182s][info][gc,heap     ] GC(4559) Survivor regions: 11->6(10)
[2025-01-08T17:02:12.816+0000][160603.182s][info][gc,heap     ] GC(4559) Old regions: 236->236
[2025-01-08T17:02:12.816+0000][160603.182s][info][gc,heap     ] GC(4559) Archive regions: 2->2
[2025-01-08T17:02:12.816+0000][160603.182s][info][gc,heap     ] GC(4559) Humongous regions: 49->49
[2025-01-08T17:02:12.816+0000][160603.182s][info][gc,metaspace] GC(4559) Metaspace: 506271K(515072K)->506271K(515072K) NonClass: 444715K(449088K)->444715K(449088K) Class: 61555K(65984K)->61555K(65984K)
[2025-01-08T17:02:12.816+0000][160603.182s][info][gc          ] GC(4559) Pause Young (Mixed) (G1 Evacuation Pause) 2885M->2332M(12288M) 60.624ms
[2025-01-08T17:02:12.816+0000][160603.182s][info][gc,cpu      ] GC(4559) User=0.36s Sys=0.00s Real=0.06s
[2025-01-08T17:02:17.731+0000][160608.097s][info][gc,start    ] GC(4560) Pause Young (Normal) (G1 Evacuation Pause)
[2025-01-08T17:02:17.731+0000][160608.097s][info][gc,task     ] GC(4560) Using 6 workers of 6 for evacuation
[2025-01-08T17:02:17.754+0000][160608.120s][info][gc,phases   ] GC(4560)   Pre Evacuate Collection Set: 0.2ms
[2025-01-08T17:02:17.754+0000][160608.120s][info][gc,phases   ] GC(4560)   Merge Heap Roots: 0.4ms
[2025-01-08T17:02:17.754+0000][160608.120s][info][gc,phases   ] GC(4560)   Evacuate Collection Set: 20.2ms
[2025-01-08T17:02:17.754+0000][160608.120s][info][gc,phases   ] GC(4560)   Post Evacuate Collection Set: 2.4ms
[2025-01-08T17:02:17.754+0000][160608.120s][info][gc,phases   ] GC(4560)   Other: 0.2ms
[2025-01-08T17:02:17.754+0000][160608.120s][info][gc,heap     ] GC(4560) Eden regions: 915->0(915)
[2025-01-08T17:02:17.754+0000][160608.120s][info][gc,heap     ] GC(4560) Survivor regions: 6->6(116)
[2025-01-08T17:02:17.754+0000][160608.120s][info][gc,heap     ] GC(4560) Old regions: 236->236
[2025-01-08T17:02:17.754+0000][160608.120s][info][gc,heap     ] GC(4560) Archive regions: 2->2
[2025-01-08T17:02:17.754+0000][160608.120s][info][gc,heap     ] GC(4560) Humongous regions: 49->49
[2025-01-08T17:02:17.754+0000][160608.120s][info][gc,metaspace] GC(4560) Metaspace: 506271K(515072K)->506271K(515072K) NonClass: 444715K(449088K)->444715K(449088K) Class: 61555K(65984K)->61555K(65984K)
[2025-01-08T17:02:17.754+0000][160608.120s][info][gc          ] GC(4560) Pause Young (Normal) (G1 Evacuation Pause) 9652M->2325M(12288M) 23.459ms
[2025-01-08T17:02:17.754+0000][160608.120s][info][gc,cpu      ] GC(4560) User=0.14s Sys=0.00s Real=0.02s
[2025-01-08T17:02:24.502+0000][160614.868s][info][gc,start    ] GC(4561) Pause Young (Normal) (G1 Evacuation Pause)
[2025-01-08T17:02:24.502+0000][160614.868s][info][gc,task     ] GC(4561) Using 6 workers of 6 for evacuation
[2025-01-08T17:02:24.528+0000][160614.895s][info][gc,phases   ] GC(4561)   Pre Evacuate Collection Set: 0.2ms
[2025-01-08T17:02:24.529+0000][160614.895s][info][gc,phases   ] GC(4561)   Merge Heap Roots: 0.4ms
[2025-01-08T17:02:24.529+0000][160614.895s][info][gc,phases   ] GC(4561)   Evacuate Collection Set: 22.2ms
[2025-01-08T17:02:24.529+0000][160614.895s][info][gc,phases   ] GC(4561)   Post Evacuate Collection Set: 3.9ms
[2025-01-08T17:02:24.529+0000][160614.895s][info][gc,phases   ] GC(4561)   Other: 0.2ms
[2025-01-08T17:02:24.529+0000][160614.895s][info][gc,heap     ] GC(4561) Eden regions: 915->0(914)
[2025-01-08T17:02:24.529+0000][160614.895s][info][gc,heap     ] GC(4561) Survivor regions: 6->7(116)
[2025-01-08T17:02:24.529+0000][160614.895s][info][gc,heap     ] GC(4561) Old regions: 236->236
[2025-01-08T17:02:24.529+0000][160614.895s][info][gc,heap     ] GC(4561) Archive regions: 2->2
[2025-01-08T17:02:24.529+0000][160614.895s][info][gc,heap     ] GC(4561) Humongous regions: 49->49
[2025-01-08T17:02:24.529+0000][160614.895s][info][gc,metaspace] GC(4561) Metaspace: 506271K(515072K)->506271K(515072K) NonClass: 444715K(449088K)->444715K(449088K) Class: 61555K(65984K)->61555K(65984K)
[2025-01-08T17:02:24.529+0000][160614.895s][info][gc          ] GC(4561) Pause Young (Normal) (G1 Evacuation Pause) 9645M->2338M(12288M) 27.059ms
[2025-01-08T17:02:24.529+0000][160614.895s][info][gc,cpu      ] GC(4561) User=0.15s Sys=0.00s Real=0.02s
[2025-01-08T17:02:29.806+0000][160620.172s][info][gc,start    ] GC(4562) Pause Young (Concurrent Start) (G1 Evacuation Pause)
[2025-01-08T17:02:29.806+0000][160620.172s][info][gc,task     ] GC(4562) Using 6 workers of 6 for evacuation
[2025-01-08T17:02:29.835+0000][160620.201s][info][gc,phases   ] GC(4562)   Pre Evacuate Collection Set: 1.0ms
[2025-01-08T17:02:29.835+0000][160620.201s][info][gc,phases   ] GC(4562)   Merge Heap Roots: 0.4ms
[2025-01-08T17:02:29.835+0000][160620.201s][info][gc,phases   ] GC(4562)   Evacuate Collection Set: 24.5ms
[2025-01-08T17:02:29.835+0000][160620.201s][info][gc,phases   ] GC(4562)   Post Evacuate Collection Set: 2.5ms
[2025-01-08T17:02:29.835+0000][160620.201s][info][gc,phases   ] GC(4562)   Other: 0.3ms
[2025-01-08T17:02:29.835+0000][160620.201s][info][gc,heap     ] GC(4562) Eden regions: 914->0(914)
[2025-01-08T17:02:29.835+0000][160620.201s][info][gc,heap     ] GC(4562) Survivor regions: 7->7(116)
[2025-01-08T17:02:29.835+0000][160620.201s][info][gc,heap     ] GC(4562) Old regions: 236->236
[2025-01-08T17:02:29.835+0000][160620.201s][info][gc,heap     ] GC(4562) Archive regions: 2->2
[2025-01-08T17:02:29.835+0000][160620.201s][info][gc,heap     ] GC(4562) Humongous regions: 49->49
[2025-01-08T17:02:29.835+0000][160620.201s][info][gc,metaspace] GC(4562) Metaspace: 506271K(515072K)->506271K(515072K) NonClass: 444715K(449088K)->444715K(449088K) Class: 61555K(65984K)->61555K(65984K)
[2025-01-08T17:02:29.835+0000][160620.201s][info][gc          ] GC(4562) Pause Young (Concurrent Start) (G1 Evacuation Pause) 9650M->2340M(12288M) 28.824ms
[2025-01-08T17:02:29.835+0000][160620.201s][info][gc,cpu      ] GC(4562) User=0.16s Sys=0.00s Real=0.03s
[2025-01-08T17:02:29.835+0000][160620.201s][info][gc          ] GC(4563) Concurrent Mark Cycle
[2025-01-08T17:02:29.835+0000][160620.201s][info][gc,marking  ] GC(4563) Concurrent Clear Claimed Marks
[2025-01-08T17:02:29.836+0000][160620.202s][info][gc,marking  ] GC(4563) Concurrent Clear Claimed Marks 0.807ms
[2025-01-08T17:02:29.836+0000][160620.202s][info][gc,marking  ] GC(4563) Concurrent Scan Root Regions
[2025-01-08T17:02:29.860+0000][160620.226s][info][gc,marking  ] GC(4563) Concurrent Scan Root Regions 23.572ms
[2025-01-08T17:02:29.860+0000][160620.226s][info][gc,marking  ] GC(4563) Concurrent Mark
[2025-01-08T17:02:29.860+0000][160620.226s][info][gc,marking  ] GC(4563) Concurrent Mark From Roots
[2025-01-08T17:02:29.860+0000][160620.226s][info][gc,task     ] GC(4563) Using 2 workers of 2 for marking
[2025-01-08T17:02:30.684+0000][160621.050s][info][gc,marking  ] GC(4563) Concurrent Mark From Roots 823.979ms
[2025-01-08T17:02:30.684+0000][160621.050s][info][gc,marking  ] GC(4563) Concurrent Preclean
[2025-01-08T17:02:30.686+0000][160621.052s][info][gc,marking  ] GC(4563) Concurrent Preclean 2.542ms
[2025-01-08T17:02:30.686+0000][160621.052s][info][gc,start    ] GC(4563) Pause Remark
[2025-01-08T17:02:30.712+0000][160621.078s][info][gc          ] GC(4563) Pause Remark 3120M->3120M(12288M) 26.067ms
[2025-01-08T17:02:30.712+0000][160621.079s][info][gc,cpu      ] GC(4563) User=0.15s Sys=0.00s Real=0.03s
[2025-01-08T17:02:30.713+0000][160621.079s][info][gc,marking  ] GC(4563) Concurrent Mark 852.994ms
[2025-01-08T17:02:30.713+0000][160621.079s][info][gc,marking  ] GC(4563) Concurrent Rebuild Remembered Sets
[2025-01-08T17:02:31.324+0000][160621.690s][info][gc,marking  ] GC(4563) Concurrent Rebuild Remembered Sets 610.979ms
[2025-01-08T17:02:31.324+0000][160621.690s][info][gc,start    ] GC(4563) Pause Cleanup
[2025-01-08T17:02:31.324+0000][160621.690s][info][gc          ] GC(4563) Pause Cleanup 3768M->3768M(12288M) 0.398ms
[2025-01-08T17:02:31.324+0000][160621.690s][info][gc,cpu      ] GC(4563) User=0.01s Sys=0.00s Real=0.00s
[2025-01-08T17:02:31.324+0000][160621.690s][info][gc,marking  ] GC(4563) Concurrent Cleanup for Next Mark
[2025-01-08T17:02:31.340+0000][160621.706s][info][gc,marking  ] GC(4563) Concurrent Cleanup for Next Mark 15.417ms
[2025-01-08T17:02:31.340+0000][160621.706s][info][gc          ] GC(4563) Concurrent Mark Cycle 1504.551ms
[2025-01-08T17:02:37.348+0000][160627.714s][info][gc,start    ] GC(4564) Pause Young (Prepare Mixed) (G1 Evacuation Pause)
[2025-01-08T17:02:37.348+0000][160627.714s][info][gc,task     ] GC(4564) Using 6 workers of 6 for evacuation
[2025-01-08T17:02:37.381+0000][160627.747s][info][gc,phases   ] GC(4564)   Pre Evacuate Collection Set: 0.2ms
[2025-01-08T17:02:37.381+0000][160627.747s][info][gc,phases   ] GC(4564)   Merge Heap Roots: 0.7ms
[2025-01-08T17:02:37.381+0000][160627.747s][info][gc,phases   ] GC(4564)   Evacuate Collection Set: 28.6ms
[2025-01-08T17:02:37.381+0000][160627.747s][info][gc,phases   ] GC(4564)   Post Evacuate Collection Set: 2.6ms
[2025-01-08T17:02:37.381+0000][160627.747s][info][gc,phases   ] GC(4564)   Other: 0.2ms
[2025-01-08T17:02:37.381+0000][160627.747s][info][gc,heap     ] GC(4564) Eden regions: 914->0(68)
[2025-01-08T17:02:37.381+0000][160627.747s][info][gc,heap     ] GC(4564) Survivor regions: 7->8(116)
[2025-01-08T17:02:37.381+0000][160627.747s][info][gc,heap     ] GC(4564) Old regions: 236->236
[2025-01-08T17:02:37.381+0000][160627.747s][info][gc,heap     ] GC(4564) Archive regions: 2->2
[2025-01-08T17:02:37.381+0000][160627.747s][info][gc,heap     ] GC(4564) Humongous regions: 49->49
[2025-01-08T17:02:37.381+0000][160627.747s][info][gc,metaspace] GC(4564) Metaspace: 506271K(515072K)->506271K(515072K) NonClass: 444715K(449088K)->444715K(449088K) Class: 61555K(65984K)->61555K(65984K)
[2025-01-08T17:02:37.381+0000][160627.747s][info][gc          ] GC(4564) Pause Young (Prepare Mixed) (G1 Evacuation Pause) 9652M->2347M(12288M) 32.372ms
[2025-01-08T17:02:37.381+0000][160627.747s][info][gc,cpu      ] GC(4564) User=0.19s Sys=0.00s Real=0.03s
[2025-01-08T17:02:38.001+0000][160628.367s][info][gc,start    ] GC(4565) Pause Young (Mixed) (G1 Evacuation Pause)
[2025-01-08T17:02:38.001+0000][160628.367s][info][gc,task     ] GC(4565) Using 6 workers of 6 for evacuation
[2025-01-08T17:02:38.074+0000][160628.440s][info][gc,phases   ] GC(4565)   Pre Evacuate Collection Set: 0.2ms
[2025-01-08T17:02:38.074+0000][160628.440s][info][gc,phases   ] GC(4565)   Merge Heap Roots: 1.1ms
[2025-01-08T17:02:38.074+0000][160628.440s][info][gc,phases   ] GC(4565)   Evacuate Collection Set: 68.6ms
[2025-01-08T17:02:38.074+0000][160628.440s][info][gc,phases   ] GC(4565)   Post Evacuate Collection Set: 2.3ms
[2025-01-08T17:02:38.074+0000][160628.440s][info][gc,phases   ] GC(4565)   Other: 0.2ms
[2025-01-08T17:02:38.074+0000][160628.440s][info][gc,heap     ] GC(4565) Eden regions: 68->0(915)
[2025-01-08T17:02:38.074+0000][160628.440s][info][gc,heap     ] GC(4565) Survivor regions: 8->6(10)
[2025-01-08T17:02:38.074+0000][160628.440s][info][gc,heap     ] GC(4565) Old regions: 236->235
[2025-01-08T17:02:38.074+0000][160628.440s][info][gc,heap     ] GC(4565) Archive regions: 2->2
[2025-01-08T17:02:38.074+0000][160628.440s][info][gc,heap     ] GC(4565) Humongous regions: 49->49
[2025-01-08T17:02:38.074+0000][160628.440s][info][gc,metaspace] GC(4565) Metaspace: 506271K(515072K)->506271K(515072K) NonClass: 444715K(449088K)->444715K(449088K) Class: 61555K(65984K)->61555K(65984K)
[2025-01-08T17:02:38.074+0000][160628.440s][info][gc          ] GC(4565) Pause Young (Mixed) (G1 Evacuation Pause) 2891M->2322M(12288M) 72.488ms
[2025-01-08T17:02:38.074+0000][160628.440s][info][gc,cpu      ] GC(4565) User=0.41s Sys=0.00s Real=0.08s
[2025-01-08T17:02:45.213+0000][160635.579s][info][gc,start    ] GC(4566) Pause Young (Normal) (G1 Evacuation Pause)
[2025-01-08T17:02:45.213+0000][160635.579s][info][gc,task     ] GC(4566) Using 6 workers of 6 for evacuation
[2025-01-08T17:02:45.239+0000][160635.605s][info][gc,phases   ] GC(4566)   Pre Evacuate Collection Set: 0.2ms
[2025-01-08T17:02:45.239+0000][160635.605s][info][gc,phases   ] GC(4566)   Merge Heap Roots: 0.5ms
[2025-01-08T17:02:45.239+0000][160635.605s][info][gc,phases   ] GC(4566)   Evacuate Collection Set: 22.6ms
[2025-01-08T17:02:45.239+0000][160635.605s][info][gc,phases   ] GC(4566)   Post Evacuate Collection Set: 2.4ms
[2025-01-08T17:02:45.239+0000][160635.605s][info][gc,phases   ] GC(4566)   Other: 0.2ms
[2025-01-08T17:02:45.239+0000][160635.605s][info][gc,heap     ] GC(4566) Eden regions: 915->0(915)
[2025-01-08T17:02:45.239+0000][160635.605s][info][gc,heap     ] GC(4566) Survivor regions: 6->6(116)
[2025-01-08T17:02:45.239+0000][160635.605s][info][gc,heap     ] GC(4566) Old regions: 235->235
[2025-01-08T17:02:45.239+0000][160635.605s][info][gc,heap     ] GC(4566) Archive regions: 2->2
[2025-01-08T17:02:45.239+0000][160635.605s][info][gc,heap     ] GC(4566) Humongous regions: 49->49
[2025-01-08T17:02:45.239+0000][160635.605s][info][gc,metaspace] GC(4566) Metaspace: 506271K(515072K)->506271K(515072K) NonClass: 444715K(449088K)->444715K(449088K) Class: 61555K(65984K)->61555K(65984K)
[2025-01-08T17:02:45.239+0000][160635.605s][info][gc          ] GC(4566) Pause Young (Normal) (G1 Evacuation Pause) 9642M->2316M(12288M) 25.995ms
[2025-01-08T17:02:45.239+0000][160635.605s][info][gc,cpu      ] GC(4566) User=0.15s Sys=0.00s Real=0.02s
[2025-01-08T17:02:54.713+0000][160645.079s][info][gc,start    ] GC(4567) Pause Young (Normal) (G1 Evacuation Pause)
[2025-01-08T17:02:54.713+0000][160645.079s][info][gc,task     ] GC(4567) Using 6 workers of 6 for evacuation
[2025-01-08T17:02:54.743+0000][160645.109s][info][gc,phases   ] GC(4567)   Pre Evacuate Collection Set: 0.2ms
[2025-01-08T17:02:54.743+0000][160645.109s][info][gc,phases   ] GC(4567)   Merge Heap Roots: 0.5ms
[2025-01-08T17:02:54.743+0000][160645.109s][info][gc,phases   ] GC(4567)   Evacuate Collection Set: 27.1ms
[2025-01-08T17:02:54.743+0000][160645.109s][info][gc,phases   ] GC(4567)   Post Evacuate Collection Set: 2.7ms
[2025-01-08T17:02:54.743+0000][160645.109s][info][gc,phases   ] GC(4567)   Other: 0.2ms
[2025-01-08T17:02:54.743+0000][160645.109s][info][gc,heap     ] GC(4567) Eden regions: 915->0(912)
[2025-01-08T17:02:54.743+0000][160645.109s][info][gc,heap     ] GC(4567) Survivor regions: 6->9(116)
[2025-01-08T17:02:54.743+0000][160645.109s][info][gc,heap     ] GC(4567) Old regions: 235->235
[2025-01-08T17:02:54.743+0000][160645.109s][info][gc,heap     ] GC(4567) Archive regions: 2->2
[2025-01-08T17:02:54.743+0000][160645.109s][info][gc,heap     ] GC(4567) Humongous regions: 49->49
[2025-01-08T17:02:54.743+0000][160645.109s][info][gc,metaspace] GC(4567) Metaspace: 506274K(515072K)->506274K(515072K) NonClass: 444718K(449088K)->444718K(449088K) Class: 61556K(65984K)->61556K(65984K)
[2025-01-08T17:02:54.743+0000][160645.109s][info][gc          ] GC(4567) Pause Young (Normal) (G1 Evacuation Pause) 9636M->2340M(12288M) 30.776ms
[2025-01-08T17:02:54.743+0000][160645.109s][info][gc,cpu      ] GC(4567) User=0.18s Sys=0.00s Real=0.03s
[2025-01-08T17:03:02.737+0000][160653.104s][info][gc,start    ] GC(4568) Pause Young (Concurrent Start) (G1 Evacuation Pause)
[2025-01-08T17:03:02.738+0000][160653.104s][info][gc,task     ] GC(4568) Using 6 workers of 6 for evacuation
[2025-01-08T17:03:02.772+0000][160653.138s][info][gc,phases   ] GC(4568)   Pre Evacuate Collection Set: 1.1ms
[2025-01-08T17:03:02.772+0000][160653.138s][info][gc,phases   ] GC(4568)   Merge Heap Roots: 0.5ms
[2025-01-08T17:03:02.772+0000][160653.138s][info][gc,phases   ] GC(4568)   Evacuate Collection Set: 28.9ms
[2025-01-08T17:03:02.772+0000][160653.138s][info][gc,phases   ] GC(4568)   Post Evacuate Collection Set: 4.0ms
[2025-01-08T17:03:02.772+0000][160653.138s][info][gc,phases   ] GC(4568)   Other: 0.3ms
[2025-01-08T17:03:02.772+0000][160653.138s][info][gc,heap     ] GC(4568) Eden regions: 912->0(911)
[2025-01-08T17:03:02.772+0000][160653.138s][info][gc,heap     ] GC(4568) Survivor regions: 9->10(116)
[2025-01-08T17:03:02.772+0000][160653.138s][info][gc,heap     ] GC(4568) Old regions: 235->235
[2025-01-08T17:03:02.772+0000][160653.138s][info][gc,heap     ] GC(4568) Archive regions: 2->2
[2025-01-08T17:03:02.772+0000][160653.138s][info][gc,heap     ] GC(4568) Humongous regions: 49->49
[2025-01-08T17:03:02.772+0000][160653.138s][info][gc,metaspace] GC(4568) Metaspace: 506275K(515072K)->506275K(515072K) NonClass: 444718K(449088K)->444718K(449088K) Class: 61556K(65984K)->61556K(65984K)
[2025-01-08T17:03:02.772+0000][160653.138s][info][gc          ] GC(4568) Pause Young (Concurrent Start) (G1 Evacuation Pause) 9636M->2351M(12288M) 34.770ms
[2025-01-08T17:03:02.772+0000][160653.138s][info][gc,cpu      ] GC(4568) User=0.20s Sys=0.00s Real=0.04s
[2025-01-08T17:03:02.772+0000][160653.138s][info][gc          ] GC(4569) Concurrent Mark Cycle
[2025-01-08T17:03:02.772+0000][160653.138s][info][gc,marking  ] GC(4569) Concurrent Clear Claimed Marks
[2025-01-08T17:03:02.773+0000][160653.139s][info][gc,marking  ] GC(4569) Concurrent Clear Claimed Marks 0.869ms
[2025-01-08T17:03:02.773+0000][160653.139s][info][gc,marking  ] GC(4569) Concurrent Scan Root Regions
[2025-01-08T17:03:02.802+0000][160653.169s][info][gc,marking  ] GC(4569) Concurrent Scan Root Regions 29.207ms
[2025-01-08T17:03:02.802+0000][160653.169s][info][gc,marking  ] GC(4569) Concurrent Mark
[2025-01-08T17:03:02.802+0000][160653.169s][info][gc,marking  ] GC(4569) Concurrent Mark From Roots
[2025-01-08T17:03:02.803+0000][160653.169s][info][gc,task     ] GC(4569) Using 2 workers of 2 for marking
[2025-01-08T17:03:03.560+0000][160653.926s][info][gc,marking  ] GC(4569) Concurrent Mark From Roots 757.420ms
[2025-01-08T17:03:03.560+0000][160653.926s][info][gc,marking  ] GC(4569) Concurrent Preclean
[2025-01-08T17:03:03.563+0000][160653.929s][info][gc,marking  ] GC(4569) Concurrent Preclean 2.576ms
[2025-01-08T17:03:03.563+0000][160653.929s][info][gc,start    ] GC(4569) Pause Remark
[2025-01-08T17:03:03.589+0000][160653.955s][info][gc          ] GC(4569) Pause Remark 2819M->2819M(12288M) 25.952ms
[2025-01-08T17:03:03.589+0000][160653.955s][info][gc,cpu      ] GC(4569) User=0.15s Sys=0.00s Real=0.02s
[2025-01-08T17:03:03.589+0000][160653.955s][info][gc,marking  ] GC(4569) Concurrent Mark 786.403ms
[2025-01-08T17:03:03.589+0000][160653.955s][info][gc,marking  ] GC(4569) Concurrent Rebuild Remembered Sets
[2025-01-08T17:03:04.081+0000][160654.447s][info][gc,marking  ] GC(4569) Concurrent Rebuild Remembered Sets 492.258ms
[2025-01-08T17:03:04.081+0000][160654.447s][info][gc,start    ] GC(4569) Pause Cleanup
[2025-01-08T17:03:04.082+0000][160654.448s][info][gc          ] GC(4569) Pause Cleanup 3123M->3123M(12288M) 0.469ms
[2025-01-08T17:03:04.082+0000][160654.448s][info][gc,cpu      ] GC(4569) User=0.00s Sys=0.00s Real=0.01s
[2025-01-08T17:03:04.082+0000][160654.448s][info][gc,marking  ] GC(4569) Concurrent Cleanup for Next Mark
[2025-01-08T17:03:04.097+0000][160654.463s][info][gc,marking  ] GC(4569) Concurrent Cleanup for Next Mark 15.257ms
[2025-01-08T17:03:04.097+0000][160654.463s][info][gc          ] GC(4569) Concurrent Mark Cycle 1324.844ms
[2025-01-08T17:03:11.164+0000][160661.530s][info][gc,start    ] GC(4570) Pause Young (Prepare Mixed) (G1 Evacuation Pause)
[2025-01-08T17:03:11.164+0000][160661.530s][info][gc,task     ] GC(4570) Using 6 workers of 6 for evacuation
[2025-01-08T17:03:11.201+0000][160661.567s][info][gc,phases   ] GC(4570)   Pre Evacuate Collection Set: 0.2ms
[2025-01-08T17:03:11.201+0000][160661.567s][info][gc,phases   ] GC(4570)   Merge Heap Roots: 0.7ms
[2025-01-08T17:03:11.201+0000][160661.567s][info][gc,phases   ] GC(4570)   Evacuate Collection Set: 31.9ms
[2025-01-08T17:03:11.201+0000][160661.567s][info][gc,phases   ] GC(4570)   Post Evacuate Collection Set: 4.0ms
[2025-01-08T17:03:11.201+0000][160661.567s][info][gc,phases   ] GC(4570)   Other: 0.2ms
[2025-01-08T17:03:11.201+0000][160661.567s][info][gc,heap     ] GC(4570) Eden regions: 911->0(64)
[2025-01-08T17:03:11.201+0000][160661.567s][info][gc,heap     ] GC(4570) Survivor regions: 10->12(116)
[2025-01-08T17:03:11.201+0000][160661.567s][info][gc,heap     ] GC(4570) Old regions: 235->235
[2025-01-08T17:03:11.201+0000][160661.567s][info][gc,heap     ] GC(4570) Archive regions: 2->2
[2025-01-08T17:03:11.201+0000][160661.567s][info][gc,heap     ] GC(4570) Humongous regions: 49->49
[2025-01-08T17:03:11.201+0000][160661.567s][info][gc,metaspace] GC(4570) Metaspace: 506275K(515072K)->506275K(515072K) NonClass: 444718K(449088K)->444718K(449088K) Class: 61556K(65984K)->61556K(65984K)
[2025-01-08T17:03:11.201+0000][160661.567s][info][gc          ] GC(4570) Pause Young (Prepare Mixed) (G1 Evacuation Pause) 9639M->2365M(12288M) 37.081ms
[2025-01-08T17:03:11.201+0000][160661.567s][info][gc,cpu      ] GC(4570) User=0.21s Sys=0.00s Real=0.03s
[2025-01-08T17:03:11.519+0000][160661.885s][info][gc,start    ] GC(4571) Pause Young (Mixed) (G1 Evacuation Pause)
[2025-01-08T17:03:11.519+0000][160661.885s][info][gc,task     ] GC(4571) Using 6 workers of 6 for evacuation
[2025-01-08T17:03:11.564+0000][160661.930s][info][gc,phases   ] GC(4571)   Pre Evacuate Collection Set: 0.2ms
[2025-01-08T17:03:11.564+0000][160661.930s][info][gc,phases   ] GC(4571)   Merge Heap Roots: 0.5ms
[2025-01-08T17:03:11.564+0000][160661.930s][info][gc,phases   ] GC(4571)   Evacuate Collection Set: 41.9ms
[2025-01-08T17:03:11.564+0000][160661.930s][info][gc,phases   ] GC(4571)   Post Evacuate Collection Set: 1.6ms
[2025-01-08T17:03:11.564+0000][160661.930s][info][gc,phases   ] GC(4571)   Other: 0.2ms
[2025-01-08T17:03:11.564+0000][160661.930s][info][gc,heap     ] GC(4571) Eden regions: 64->0(916)
[2025-01-08T17:03:11.564+0000][160661.930s][info][gc,heap     ] GC(4571) Survivor regions: 12->5(10)
[2025-01-08T17:03:11.564+0000][160661.930s][info][gc,heap     ] GC(4571) Old regions: 235->234
[2025-01-08T17:03:11.564+0000][160661.930s][info][gc,heap     ] GC(4571) Archive regions: 2->2
[2025-01-08T17:03:11.564+0000][160661.930s][info][gc,heap     ] GC(4571) Humongous regions: 49->49
[2025-01-08T17:03:11.564+0000][160661.930s][info][gc,metaspace] GC(4571) Metaspace: 506276K(515072K)->506276K(515072K) NonClass: 444720K(449088K)->444720K(449088K) Class: 61556K(65984K)->61556K(65984K)
[2025-01-08T17:03:11.564+0000][160661.930s][info][gc          ] GC(4571) Pause Young (Mixed) (G1 Evacuation Pause) 2877M->2304M(12288M) 44.358ms
[2025-01-08T17:03:11.564+0000][160661.930s][info][gc,cpu      ] GC(4571) User=0.26s Sys=0.00s Real=0.05s
[2025-01-08T17:03:18.866+0000][160669.233s][info][gc,start    ] GC(4572) Pause Young (Normal) (G1 Evacuation Pause)
[2025-01-08T17:03:18.867+0000][160669.233s][info][gc,task     ] GC(4572) Using 6 workers of 6 for evacuation
[2025-01-08T17:03:18.890+0000][160669.256s][info][gc,phases   ] GC(4572)   Pre Evacuate Collection Set: 0.2ms
[2025-01-08T17:03:18.890+0000][160669.256s][info][gc,phases   ] GC(4572)   Merge Heap Roots: 0.4ms
[2025-01-08T17:03:18.890+0000][160669.256s][info][gc,phases   ] GC(4572)   Evacuate Collection Set: 20.1ms
[2025-01-08T17:03:18.890+0000][160669.256s][info][gc,phases   ] GC(4572)   Post Evacuate Collection Set: 2.5ms
[2025-01-08T17:03:18.890+0000][160669.256s][info][gc,phases   ] GC(4572)   Other: 0.2ms
[2025-01-08T17:03:18.890+0000][160669.256s][info][gc,heap     ] GC(4572) Eden regions: 916->0(915)
[2025-01-08T17:03:18.890+0000][160669.256s][info][gc,heap     ] GC(4572) Survivor regions: 5->6(116)
[2025-01-08T17:03:18.890+0000][160669.256s][info][gc,heap     ] GC(4572) Old regions: 234->234
[2025-01-08T17:03:18.890+0000][160669.256s][info][gc,heap     ] GC(4572) Archive regions: 2->2
[2025-01-08T17:03:18.890+0000][160669.256s][info][gc,heap     ] GC(4572) Humongous regions: 49->49
[2025-01-08T17:03:18.890+0000][160669.256s][info][gc,metaspace] GC(4572) Metaspace: 506276K(515072K)->506276K(515072K) NonClass: 444720K(449088K)->444720K(449088K) Class: 61556K(65984K)->61556K(65984K)
[2025-01-08T17:03:18.890+0000][160669.256s][info][gc          ] GC(4572) Pause Young (Normal) (G1 Evacuation Pause) 9632M->2314M(12288M) 23.511ms
[2025-01-08T17:03:18.890+0000][160669.256s][info][gc,cpu      ] GC(4572) User=0.13s Sys=0.00s Real=0.03s
[2025-01-08T17:03:25.011+0000][160675.377s][info][gc,start    ] GC(4573) Pause Young (Normal) (G1 Evacuation Pause)
[2025-01-08T17:03:25.011+0000][160675.377s][info][gc,task     ] GC(4573) Using 6 workers of 6 for evacuation
[2025-01-08T17:03:25.040+0000][160675.406s][info][gc,phases   ] GC(4573)   Pre Evacuate Collection Set: 0.2ms
[2025-01-08T17:03:25.040+0000][160675.406s][info][gc,phases   ] GC(4573)   Merge Heap Roots: 0.4ms
[2025-01-08T17:03:25.040+0000][160675.406s][info][gc,phases   ] GC(4573)   Evacuate Collection Set: 24.8ms
[2025-01-08T17:03:25.040+0000][160675.406s][info][gc,phases   ] GC(4573)   Post Evacuate Collection Set: 3.7ms
[2025-01-08T17:03:25.040+0000][160675.407s][info][gc,phases   ] GC(4573)   Other: 0.2ms
[2025-01-08T17:03:25.040+0000][160675.407s][info][gc,heap     ] GC(4573) Eden regions: 915->0(912)
[2025-01-08T17:03:25.040+0000][160675.407s][info][gc,heap     ] GC(4573) Survivor regions: 6->9(116)
[2025-01-08T17:03:25.040+0000][160675.407s][info][gc,heap     ] GC(4573) Old regions: 234->234
[2025-01-08T17:03:25.040+0000][160675.407s][info][gc,heap     ] GC(4573) Archive regions: 2->2
[2025-01-08T17:03:25.040+0000][160675.407s][info][gc,heap     ] GC(4573) Humongous regions: 49->49
[2025-01-08T17:03:25.040+0000][160675.407s][info][gc,metaspace] GC(4573) Metaspace: 506276K(515072K)->506276K(515072K) NonClass: 444720K(449088K)->444720K(449088K) Class: 61556K(65984K)->61556K(65984K)
[2025-01-08T17:03:25.040+0000][160675.407s][info][gc          ] GC(4573) Pause Young (Normal) (G1 Evacuation Pause) 9634M->2334M(12288M) 29.431ms
[2025-01-08T17:03:25.041+0000][160675.407s][info][gc,cpu      ] GC(4573) User=0.17s Sys=0.00s Real=0.02s
[2025-01-08T17:03:30.870+0000][160681.236s][info][gc,start    ] GC(4574) Pause Young (Concurrent Start) (G1 Evacuation Pause)
[2025-01-08T17:03:30.870+0000][160681.236s][info][gc,task     ] GC(4574) Using 6 workers of 6 for evacuation
[2025-01-08T17:03:30.901+0000][160681.267s][info][gc,phases   ] GC(4574)   Pre Evacuate Collection Set: 1.1ms
[2025-01-08T17:03:30.901+0000][160681.267s][info][gc,phases   ] GC(4574)   Merge Heap Roots: 0.4ms
[2025-01-08T17:03:30.901+0000][160681.267s][info][gc,phases   ] GC(4574)   Evacuate Collection Set: 26.5ms
[2025-01-08T17:03:30.901+0000][160681.267s][info][gc,phases   ] GC(4574)   Post Evacuate Collection Set: 2.5ms
[2025-01-08T17:03:30.901+0000][160681.267s][info][gc,phases   ] GC(4574)   Other: 0.3ms
[2025-01-08T17:03:30.901+0000][160681.267s][info][gc,heap     ] GC(4574) Eden regions: 912->0(913)
[2025-01-08T17:03:30.901+0000][160681.267s][info][gc,heap     ] GC(4574) Survivor regions: 9->8(116)
[2025-01-08T17:03:30.901+0000][160681.267s][info][gc,heap     ] GC(4574) Old regions: 234->234
[2025-01-08T17:03:30.901+0000][160681.267s][info][gc,heap     ] GC(4574) Archive regions: 2->2
[2025-01-08T17:03:30.901+0000][160681.267s][info][gc,heap     ] GC(4574) Humongous regions: 49->49
[2025-01-08T17:03:30.901+0000][160681.267s][info][gc,metaspace] GC(4574) Metaspace: 506277K(515072K)->506277K(515072K) NonClass: 444720K(449088K)->444720K(449088K) Class: 61556K(65984K)->61556K(65984K)
[2025-01-08T17:03:30.901+0000][160681.267s][info][gc          ] GC(4574) Pause Young (Concurrent Start) (G1 Evacuation Pause) 9630M->2333M(12288M) 30.947ms
[2025-01-08T17:03:30.901+0000][160681.267s][info][gc,cpu      ] GC(4574) User=0.17s Sys=0.00s Real=0.02s
[2025-01-08T17:03:30.901+0000][160681.267s][info][gc          ] GC(4575) Concurrent Mark Cycle
[2025-01-08T17:03:30.901+0000][160681.267s][info][gc,marking  ] GC(4575) Concurrent Clear Claimed Marks
[2025-01-08T17:03:30.902+0000][160681.268s][info][gc,marking  ] GC(4575) Concurrent Clear Claimed Marks 1.006ms
[2025-01-08T17:03:30.902+0000][160681.268s][info][gc,marking  ] GC(4575) Concurrent Scan Root Regions
[2025-01-08T17:03:30.926+0000][160681.292s][info][gc,marking  ] GC(4575) Concurrent Scan Root Regions 23.338ms
[2025-01-08T17:03:30.926+0000][160681.292s][info][gc,marking  ] GC(4575) Concurrent Mark
[2025-01-08T17:03:30.926+0000][160681.292s][info][gc,marking  ] GC(4575) Concurrent Mark From Roots
[2025-01-08T17:03:30.926+0000][160681.292s][info][gc,task     ] GC(4575) Using 2 workers of 2 for marking
[2025-01-08T17:03:31.752+0000][160682.118s][info][gc,marking  ] GC(4575) Concurrent Mark From Roots 825.977ms
[2025-01-08T17:03:31.752+0000][160682.118s][info][gc,marking  ] GC(4575) Concurrent Preclean
[2025-01-08T17:03:31.754+0000][160682.120s][info][gc,marking  ] GC(4575) Concurrent Preclean 2.626ms
[2025-01-08T17:03:31.754+0000][160682.121s][info][gc,start    ] GC(4575) Pause Remark
[2025-01-08T17:03:31.781+0000][160682.147s][info][gc          ] GC(4575) Pause Remark 3161M->3161M(12288M) 26.408ms
[2025-01-08T17:03:31.781+0000][160682.147s][info][gc,cpu      ] GC(4575) User=0.15s Sys=0.00s Real=0.02s
[2025-01-08T17:03:31.781+0000][160682.147s][info][gc,marking  ] GC(4575) Concurrent Mark 855.371ms
[2025-01-08T17:03:31.781+0000][160682.147s][info][gc,marking  ] GC(4575) Concurrent Rebuild Remembered Sets
[2025-01-08T17:03:32.250+0000][160682.616s][info][gc,marking  ] GC(4575) Concurrent Rebuild Remembered Sets 468.959ms
[2025-01-08T17:03:32.250+0000][160682.616s][info][gc,start    ] GC(4575) Pause Cleanup
[2025-01-08T17:03:32.251+0000][160682.617s][info][gc          ] GC(4575) Pause Cleanup 3377M->3377M(12288M) 0.433ms
[2025-01-08T17:03:32.251+0000][160682.617s][info][gc,cpu      ] GC(4575) User=0.01s Sys=0.00s Real=0.00s
[2025-01-08T17:03:32.251+0000][160682.617s][info][gc,marking  ] GC(4575) Concurrent Cleanup for Next Mark
[2025-01-08T17:03:32.266+0000][160682.632s][info][gc,marking  ] GC(4575) Concurrent Cleanup for Next Mark 15.274ms
[2025-01-08T17:03:32.266+0000][160682.632s][info][gc          ] GC(4575) Concurrent Mark Cycle 1364.803ms
[2025-01-08T17:03:39.985+0000][160690.351s][info][gc,start    ] GC(4576) Pause Young (Prepare Mixed) (G1 Evacuation Pause)
[2025-01-08T17:03:39.985+0000][160690.351s][info][gc,task     ] GC(4576) Using 6 workers of 6 for evacuation
[2025-01-08T17:03:40.019+0000][160690.385s][info][gc,phases   ] GC(4576)   Pre Evacuate Collection Set: 0.2ms
[2025-01-08T17:03:40.019+0000][160690.385s][info][gc,phases   ] GC(4576)   Merge Heap Roots: 0.7ms
[2025-01-08T17:03:40.019+0000][160690.385s][info][gc,phases   ] GC(4576)   Evacuate Collection Set: 29.7ms
[2025-01-08T17:03:40.019+0000][160690.385s][info][gc,phases   ] GC(4576)   Post Evacuate Collection Set: 2.7ms
[2025-01-08T17:03:40.019+0000][160690.385s][info][gc,phases   ] GC(4576)   Other: 0.2ms
[2025-01-08T17:03:40.019+0000][160690.385s][info][gc,heap     ] GC(4576) Eden regions: 913->0(66)
[2025-01-08T17:03:40.019+0000][160690.385s][info][gc,heap     ] GC(4576) Survivor regions: 8->10(116)
[2025-01-08T17:03:40.019+0000][160690.385s][info][gc,heap     ] GC(4576) Old regions: 234->234
[2025-01-08T17:03:40.019+0000][160690.385s][info][gc,heap     ] GC(4576) Archive regions: 2->2
[2025-01-08T17:03:40.019+0000][160690.385s][info][gc,heap     ] GC(4576) Humongous regions: 49->49
[2025-01-08T17:03:40.019+0000][160690.385s][info][gc,metaspace] GC(4576) Metaspace: 506277K(515072K)->506277K(515072K) NonClass: 444721K(449088K)->444721K(449088K) Class: 61556K(65984K)->61556K(65984K)
[2025-01-08T17:03:40.019+0000][160690.385s][info][gc          ] GC(4576) Pause Young (Prepare Mixed) (G1 Evacuation Pause) 9637M->2343M(12288M) 33.640ms
[2025-01-08T17:03:40.019+0000][160690.385s][info][gc,cpu      ] GC(4576) User=0.20s Sys=0.00s Real=0.03s
[2025-01-08T17:03:41.993+0000][160692.359s][info][gc,start    ] GC(4577) Pause Young (Mixed) (G1 Evacuation Pause)
[2025-01-08T17:03:41.993+0000][160692.359s][info][gc,task     ] GC(4577) Using 6 workers of 6 for evacuation
[2025-01-08T17:03:42.051+0000][160692.417s][info][gc,phases   ] GC(4577)   Pre Evacuate Collection Set: 0.2ms
[2025-01-08T17:03:42.051+0000][160692.417s][info][gc,phases   ] GC(4577)   Merge Heap Roots: 0.6ms
[2025-01-08T17:03:42.051+0000][160692.417s][info][gc,phases   ] GC(4577)   Evacuate Collection Set: 54.9ms
[2025-01-08T17:03:42.051+0000][160692.417s][info][gc,phases   ] GC(4577)   Post Evacuate Collection Set: 1.9ms
[2025-01-08T17:03:42.051+0000][160692.417s][info][gc,phases   ] GC(4577)   Other: 0.2ms
[2025-01-08T17:03:42.051+0000][160692.417s][info][gc,heap     ] GC(4577) Eden regions: 66->0(914)
[2025-01-08T17:03:42.051+0000][160692.417s][info][gc,heap     ] GC(4577) Survivor regions: 10->7(10)
[2025-01-08T17:03:42.051+0000][160692.417s][info][gc,heap     ] GC(4577) Old regions: 234->233
[2025-01-08T17:03:42.051+0000][160692.417s][info][gc,heap     ] GC(4577) Archive regions: 2->2
[2025-01-08T17:03:42.051+0000][160692.417s][info][gc,heap     ] GC(4577) Humongous regions: 49->49
[2025-01-08T17:03:42.051+0000][160692.417s][info][gc,metaspace] GC(4577) Metaspace: 506277K(515072K)->506277K(515072K) NonClass: 444721K(449088K)->444721K(449088K) Class: 61556K(65984K)->61556K(65984K)
[2025-01-08T17:03:42.051+0000][160692.417s][info][gc          ] GC(4577) Pause Young (Mixed) (G1 Evacuation Pause) 2871M->2309M(12288M) 57.831ms
[2025-01-08T17:03:42.051+0000][160692.417s][info][gc,cpu      ] GC(4577) User=0.33s Sys=0.00s Real=0.06s
[2025-01-08T17:03:48.935+0000][160699.301s][info][gc,start    ] GC(4578) Pause Young (Normal) (G1 Evacuation Pause)
[2025-01-08T17:03:48.935+0000][160699.301s][info][gc,task     ] GC(4578) Using 6 workers of 6 for evacuation
[2025-01-08T17:03:48.962+0000][160699.328s][info][gc,phases   ] GC(4578)   Pre Evacuate Collection Set: 0.2ms
[2025-01-08T17:03:48.962+0000][160699.328s][info][gc,phases   ] GC(4578)   Merge Heap Roots: 0.5ms
[2025-01-08T17:03:48.962+0000][160699.328s][info][gc,phases   ] GC(4578)   Evacuate Collection Set: 24.0ms
[2025-01-08T17:03:48.962+0000][160699.328s][info][gc,phases   ] GC(4578)   Post Evacuate Collection Set: 2.7ms
[2025-01-08T17:03:48.962+0000][160699.328s][info][gc,phases   ] GC(4578)   Other: 0.2ms
[2025-01-08T17:03:48.962+0000][160699.328s][info][gc,heap     ] GC(4578) Eden regions: 914->0(914)
[2025-01-08T17:03:48.962+0000][160699.328s][info][gc,heap     ] GC(4578) Survivor regions: 7->7(116)
[2025-01-08T17:03:48.962+0000][160699.328s][info][gc,heap     ] GC(4578) Old regions: 233->233
[2025-01-08T17:03:48.962+0000][160699.328s][info][gc,heap     ] GC(4578) Archive regions: 2->2
[2025-01-08T17:03:48.962+0000][160699.328s][info][gc,heap     ] GC(4578) Humongous regions: 49->49
[2025-01-08T17:03:48.962+0000][160699.328s][info][gc,metaspace] GC(4578) Metaspace: 506277K(515072K)->506277K(515072K) NonClass: 444721K(449088K)->444721K(449088K) Class: 61556K(65984K)->61556K(65984K)
[2025-01-08T17:03:48.962+0000][160699.328s][info][gc          ] GC(4578) Pause Young (Normal) (G1 Evacuation Pause) 9621M->2312M(12288M) 27.577ms
[2025-01-08T17:03:48.962+0000][160699.328s][info][gc,cpu      ] GC(4578) User=0.16s Sys=0.00s Real=0.03s
[2025-01-08T17:03:53.983+0000][160704.350s][info][gc,start    ] GC(4579) Pause Young (Normal) (G1 Evacuation Pause)
[2025-01-08T17:03:53.983+0000][160704.350s][info][gc,task     ] GC(4579) Using 6 workers of 6 for evacuation
[2025-01-08T17:03:54.011+0000][160704.377s][info][gc,phases   ] GC(4579)   Pre Evacuate Collection Set: 0.2ms
[2025-01-08T17:03:54.011+0000][160704.377s][info][gc,phases   ] GC(4579)   Merge Heap Roots: 0.4ms
[2025-01-08T17:03:54.011+0000][160704.377s][info][gc,phases   ] GC(4579)   Evacuate Collection Set: 24.0ms
[2025-01-08T17:03:54.011+0000][160704.377s][info][gc,phases   ] GC(4579)   Post Evacuate Collection Set: 2.5ms
[2025-01-08T17:03:54.011+0000][160704.377s][info][gc,phases   ] GC(4579)   Other: 0.2ms
[2025-01-08T17:03:54.011+0000][160704.377s][info][gc,heap     ] GC(4579) Eden regions: 914->0(913)
[2025-01-08T17:03:54.011+0000][160704.377s][info][gc,heap     ] GC(4579) Survivor regions: 7->8(116)
[2025-01-08T17:03:54.011+0000][160704.377s][info][gc,heap     ] GC(4579) Old regions: 233->233
[2025-01-08T17:03:54.011+0000][160704.377s][info][gc,heap     ] GC(4579) Archive regions: 2->2
[2025-01-08T17:03:54.011+0000][160704.377s][info][gc,heap     ] GC(4579) Humongous regions: 49->49
[2025-01-08T17:03:54.011+0000][160704.377s][info][gc,metaspace] GC(4579) Metaspace: 506277K(515072K)->506277K(515072K) NonClass: 444721K(449088K)->444721K(449088K) Class: 61556K(65984K)->61556K(65984K)
[2025-01-08T17:03:54.011+0000][160704.377s][info][gc          ] GC(4579) Pause Young (Normal) (G1 Evacuation Pause) 9624M->2318M(12288M) 27.511ms
[2025-01-08T17:03:54.011+0000][160704.377s][info][gc,cpu      ] GC(4579) User=0.16s Sys=0.00s Real=0.03s
[2025-01-08T17:03:59.197+0000][160709.563s][info][gc,start    ] GC(4580) Pause Young (Concurrent Start) (G1 Evacuation Pause)
[2025-01-08T17:03:59.197+0000][160709.563s][info][gc,task     ] GC(4580) Using 6 workers of 6 for evacuation
[2025-01-08T17:03:59.228+0000][160709.594s][info][gc,phases   ] GC(4580)   Pre Evacuate Collection Set: 1.1ms
[2025-01-08T17:03:59.228+0000][160709.594s][info][gc,phases   ] GC(4580)   Merge Heap Roots: 0.5ms
[2025-01-08T17:03:59.228+0000][160709.594s][info][gc,phases   ] GC(4580)   Evacuate Collection Set: 26.4ms
[2025-01-08T17:03:59.228+0000][160709.594s][info][gc,phases   ] GC(4580)   Post Evacuate Collection Set: 2.4ms
[2025-01-08T17:03:59.228+0000][160709.594s][info][gc,phases   ] GC(4580)   Other: 0.3ms
[2025-01-08T17:03:59.228+0000][160709.594s][info][gc,heap     ] GC(4580) Eden regions: 913->0(912)
[2025-01-08T17:03:59.228+0000][160709.594s][info][gc,heap     ] GC(4580) Survivor regions: 8->9(116)
[2025-01-08T17:03:59.228+0000][160709.594s][info][gc,heap     ] GC(4580) Old regions: 233->233
[2025-01-08T17:03:59.228+0000][160709.594s][info][gc,heap     ] GC(4580) Archive regions: 2->2
[2025-01-08T17:03:59.228+0000][160709.594s][info][gc,heap     ] GC(4580) Humongous regions: 49->49
[2025-01-08T17:03:59.228+0000][160709.594s][info][gc,metaspace] GC(4580) Metaspace: 506277K(515072K)->506277K(515072K) NonClass: 444721K(449088K)->444721K(449088K) Class: 61556K(65984K)->61556K(65984K)
[2025-01-08T17:03:59.228+0000][160709.594s][info][gc          ] GC(4580) Pause Young (Concurrent Start) (G1 Evacuation Pause) 9622M->2325M(12288M) 30.766ms
[2025-01-08T17:03:59.228+0000][160709.594s][info][gc,cpu      ] GC(4580) User=0.17s Sys=0.01s Real=0.03s
[2025-01-08T17:03:59.228+0000][160709.594s][info][gc          ] GC(4581) Concurrent Mark Cycle
[2025-01-08T17:03:59.228+0000][160709.594s][info][gc,marking  ] GC(4581) Concurrent Clear Claimed Marks
[2025-01-08T17:03:59.229+0000][160709.595s][info][gc,marking  ] GC(4581) Concurrent Clear Claimed Marks 0.866ms
[2025-01-08T17:03:59.229+0000][160709.595s][info][gc,marking  ] GC(4581) Concurrent Scan Root Regions
[2025-01-08T17:03:59.251+0000][160709.617s][info][gc,marking  ] GC(4581) Concurrent Scan Root Regions 22.406ms
[2025-01-08T17:03:59.251+0000][160709.617s][info][gc,marking  ] GC(4581) Concurrent Mark
[2025-01-08T17:03:59.251+0000][160709.617s][info][gc,marking  ] GC(4581) Concurrent Mark From Roots
[2025-01-08T17:03:59.251+0000][160709.617s][info][gc,task     ] GC(4581) Using 2 workers of 2 for marking
[2025-01-08T17:04:00.184+0000][160710.550s][info][gc,marking  ] GC(4581) Concurrent Mark From Roots 932.210ms
[2025-01-08T17:04:00.184+0000][160710.550s][info][gc,marking  ] GC(4581) Concurrent Preclean
[2025-01-08T17:04:00.187+0000][160710.553s][info][gc,marking  ] GC(4581) Concurrent Preclean 3.611ms
[2025-01-08T17:04:00.187+0000][160710.553s][info][gc,start    ] GC(4581) Pause Remark
[2025-01-08T17:04:00.214+0000][160710.580s][info][gc          ] GC(4581) Pause Remark 3700M->3700M(12288M) 26.439ms
[2025-01-08T17:04:00.214+0000][160710.580s][info][gc,cpu      ] GC(4581) User=0.14s Sys=0.00s Real=0.03s
[2025-01-08T17:04:00.214+0000][160710.580s][info][gc,marking  ] GC(4581) Concurrent Mark 962.623ms
[2025-01-08T17:04:00.214+0000][160710.580s][info][gc,marking  ] GC(4581) Concurrent Rebuild Remembered Sets
[2025-01-08T17:04:00.739+0000][160711.105s][info][gc,marking  ] GC(4581) Concurrent Rebuild Remembered Sets 525.030ms
[2025-01-08T17:04:00.739+0000][160711.105s][info][gc,start    ] GC(4581) Pause Cleanup
[2025-01-08T17:04:00.740+0000][160711.106s][info][gc          ] GC(4581) Pause Cleanup 4469M->4469M(12288M) 0.434ms
[2025-01-08T17:04:00.740+0000][160711.106s][info][gc,cpu      ] GC(4581) User=0.01s Sys=0.00s Real=0.00s
[2025-01-08T17:04:00.740+0000][160711.106s][info][gc,marking  ] GC(4581) Concurrent Cleanup for Next Mark
[2025-01-08T17:04:00.755+0000][160711.122s][info][gc,marking  ] GC(4581) Concurrent Cleanup for Next Mark 15.792ms
[2025-01-08T17:04:00.756+0000][160711.122s][info][gc          ] GC(4581) Concurrent Mark Cycle 1527.592ms
[2025-01-08T17:04:05.806+0000][160716.172s][info][gc,start    ] GC(4582) Pause Young (Prepare Mixed) (G1 Evacuation Pause)
[2025-01-08T17:04:05.806+0000][160716.172s][info][gc,task     ] GC(4582) Using 6 workers of 6 for evacuation
[2025-01-08T17:04:05.842+0000][160716.208s][info][gc,phases   ] GC(4582)   Pre Evacuate Collection Set: 0.2ms
[2025-01-08T17:04:05.842+0000][160716.208s][info][gc,phases   ] GC(4582)   Merge Heap Roots: 0.7ms
[2025-01-08T17:04:05.842+0000][160716.208s][info][gc,phases   ] GC(4582)   Evacuate Collection Set: 29.6ms
[2025-01-08T17:04:05.842+0000][160716.208s][info][gc,phases   ] GC(4582)   Post Evacuate Collection Set: 5.2ms
[2025-01-08T17:04:05.842+0000][160716.208s][info][gc,phases   ] GC(4582)   Other: 0.2ms
[2025-01-08T17:04:05.842+0000][160716.208s][info][gc,heap     ] GC(4582) Eden regions: 912->0(65)
[2025-01-08T17:04:05.842+0000][160716.208s][info][gc,heap     ] GC(4582) Survivor regions: 9->11(116)
[2025-01-08T17:04:05.842+0000][160716.208s][info][gc,heap     ] GC(4582) Old regions: 233->233
[2025-01-08T17:04:05.842+0000][160716.208s][info][gc,heap     ] GC(4582) Archive regions: 2->2
[2025-01-08T17:04:05.842+0000][160716.208s][info][gc,heap     ] GC(4582) Humongous regions: 49->49
[2025-01-08T17:04:05.842+0000][160716.208s][info][gc,metaspace] GC(4582) Metaspace: 506278K(515072K)->506278K(515072K) NonClass: 444722K(449088K)->444722K(449088K) Class: 61556K(65984K)->61556K(65984K)
[2025-01-08T17:04:05.842+0000][160716.208s][info][gc          ] GC(4582) Pause Young (Prepare Mixed) (G1 Evacuation Pause) 9621M->2347M(12288M) 35.986ms
[2025-01-08T17:04:05.842+0000][160716.208s][info][gc,cpu      ] GC(4582) User=0.21s Sys=0.00s Real=0.04s
[2025-01-08T17:04:06.465+0000][160716.831s][info][gc,start    ] GC(4583) Pause Young (Mixed) (G1 Evacuation Pause)
[2025-01-08T17:04:06.465+0000][160716.831s][info][gc,task     ] GC(4583) Using 6 workers of 6 for evacuation
[2025-01-08T17:04:06.524+0000][160716.890s][info][gc,phases   ] GC(4583)   Pre Evacuate Collection Set: 0.2ms
[2025-01-08T17:04:06.524+0000][160716.890s][info][gc,phases   ] GC(4583)   Merge Heap Roots: 0.6ms
[2025-01-08T17:04:06.524+0000][160716.890s][info][gc,phases   ] GC(4583)   Evacuate Collection Set: 56.8ms
[2025-01-08T17:04:06.524+0000][160716.890s][info][gc,phases   ] GC(4583)   Post Evacuate Collection Set: 1.7ms
[2025-01-08T17:04:06.524+0000][160716.890s][info][gc,phases   ] GC(4583)   Other: 0.2ms
[2025-01-08T17:04:06.524+0000][160716.890s][info][gc,heap     ] GC(4583) Eden regions: 65->0(916)
[2025-01-08T17:04:06.524+0000][160716.890s][info][gc,heap     ] GC(4583) Survivor regions: 11->5(10)
[2025-01-08T17:04:06.524+0000][160716.890s][info][gc,heap     ] GC(4583) Old regions: 233->234
[2025-01-08T17:04:06.524+0000][160716.890s][info][gc,heap     ] GC(4583) Archive regions: 2->2
[2025-01-08T17:04:06.524+0000][160716.890s][info][gc,heap     ] GC(4583) Humongous regions: 49->49
[2025-01-08T17:04:06.524+0000][160716.890s][info][gc,metaspace] GC(4583) Metaspace: 506278K(515072K)->506278K(515072K) NonClass: 444722K(449088K)->444722K(449088K) Class: 61556K(65984K)->61556K(65984K)
[2025-01-08T17:04:06.524+0000][160716.890s][info][gc          ] GC(4583) Pause Young (Mixed) (G1 Evacuation Pause) 2867M->2302M(12288M) 59.596ms
[2025-01-08T17:04:06.524+0000][160716.891s][info][gc,cpu      ] GC(4583) User=0.35s Sys=0.00s Real=0.06s
[2025-01-08T17:04:12.924+0000][160723.290s][info][gc,start    ] GC(4584) Pause Young (Normal) (G1 Evacuation Pause)
[2025-01-08T17:04:12.924+0000][160723.290s][info][gc,task     ] GC(4584) Using 6 workers of 6 for evacuation
[2025-01-08T17:04:12.948+0000][160723.314s][info][gc,phases   ] GC(4584)   Pre Evacuate Collection Set: 0.2ms
[2025-01-08T17:04:12.948+0000][160723.314s][info][gc,phases   ] GC(4584)   Merge Heap Roots: 0.4ms
[2025-01-08T17:04:12.948+0000][160723.314s][info][gc,phases   ] GC(4584)   Evacuate Collection Set: 19.9ms
[2025-01-08T17:04:12.948+0000][160723.314s][info][gc,phases   ] GC(4584)   Post Evacuate Collection Set: 3.9ms
[2025-01-08T17:04:12.948+0000][160723.314s][info][gc,phases   ] GC(4584)   Other: 0.2ms
[2025-01-08T17:04:12.948+0000][160723.314s][info][gc,heap     ] GC(4584) Eden regions: 916->0(914)
[2025-01-08T17:04:12.948+0000][160723.314s][info][gc,heap     ] GC(4584) Survivor regions: 5->7(116)
[2025-01-08T17:04:12.948+0000][160723.314s][info][gc,heap     ] GC(4584) Old regions: 234->234
[2025-01-08T17:04:12.948+0000][160723.314s][info][gc,heap     ] GC(4584) Archive regions: 2->2
[2025-01-08T17:04:12.948+0000][160723.314s][info][gc,heap     ] GC(4584) Humongous regions: 49->49
[2025-01-08T17:04:12.948+0000][160723.314s][info][gc,metaspace] GC(4584) Metaspace: 506278K(515072K)->506278K(515072K) NonClass: 444722K(449088K)->444722K(449088K) Class: 61556K(65984K)->61556K(65984K)
[2025-01-08T17:04:12.948+0000][160723.314s][info][gc          ] GC(4584) Pause Young (Normal) (G1 Evacuation Pause) 9630M->2318M(12288M) 24.694ms
[2025-01-08T17:04:12.948+0000][160723.314s][info][gc,cpu      ] GC(4584) User=0.15s Sys=0.00s Real=0.02s
[2025-01-08T17:04:24.869+0000][160735.235s][info][gc,start    ] GC(4585) Pause Young (Normal) (G1 Evacuation Pause)
[2025-01-08T17:04:24.869+0000][160735.235s][info][gc,task     ] GC(4585) Using 6 workers of 6 for evacuation
[2025-01-08T17:04:24.899+0000][160735.265s][info][gc,phases   ] GC(4585)   Pre Evacuate Collection Set: 0.2ms
[2025-01-08T17:04:24.899+0000][160735.265s][info][gc,phases   ] GC(4585)   Merge Heap Roots: 0.4ms
[2025-01-08T17:04:24.899+0000][160735.265s][info][gc,phases   ] GC(4585)   Evacuate Collection Set: 26.2ms
[2025-01-08T17:04:24.899+0000][160735.265s][info][gc,phases   ] GC(4585)   Post Evacuate Collection Set: 2.8ms
[2025-01-08T17:04:24.899+0000][160735.265s][info][gc,phases   ] GC(4585)   Other: 0.2ms
[2025-01-08T17:04:24.899+0000][160735.265s][info][gc,heap     ] GC(4585) Eden regions: 914->0(913)
[2025-01-08T17:04:24.899+0000][160735.265s][info][gc,heap     ] GC(4585) Survivor regions: 7->8(116)
[2025-01-08T17:04:24.899+0000][160735.265s][info][gc,heap     ] GC(4585) Old regions: 234->234
[2025-01-08T17:04:24.899+0000][160735.265s][info][gc,heap     ] GC(4585) Archive regions: 2->2
[2025-01-08T17:04:24.899+0000][160735.265s][info][gc,heap     ] GC(4585) Humongous regions: 49->49
[2025-01-08T17:04:24.899+0000][160735.265s][info][gc,metaspace] GC(4585) Metaspace: 506281K(515072K)->506281K(515072K) NonClass: 444724K(449088K)->444724K(449088K) Class: 61556K(65984K)->61556K(65984K)
[2025-01-08T17:04:24.899+0000][160735.265s][info][gc          ] GC(4585) Pause Young (Normal) (G1 Evacuation Pause) 9630M->2329M(12288M) 29.948ms
[2025-01-08T17:04:24.899+0000][160735.265s][info][gc,cpu      ] GC(4585) User=0.18s Sys=0.00s Real=0.03s
[2025-01-08T17:04:32.323+0000][160742.689s][info][gc,start    ] GC(4586) Pause Young (Concurrent Start) (G1 Evacuation Pause)
[2025-01-08T17:04:32.323+0000][160742.689s][info][gc,task     ] GC(4586) Using 6 workers of 6 for evacuation
[2025-01-08T17:04:32.353+0000][160742.719s][info][gc,phases   ] GC(4586)   Pre Evacuate Collection Set: 1.1ms
[2025-01-08T17:04:32.353+0000][160742.719s][info][gc,phases   ] GC(4586)   Merge Heap Roots: 0.4ms
[2025-01-08T17:04:32.353+0000][160742.719s][info][gc,phases   ] GC(4586)   Evacuate Collection Set: 25.2ms
[2025-01-08T17:04:32.353+0000][160742.719s][info][gc,phases   ] GC(4586)   Post Evacuate Collection Set: 2.5ms
[2025-01-08T17:04:32.353+0000][160742.719s][info][gc,phases   ] GC(4586)   Other: 0.3ms
[2025-01-08T17:04:32.353+0000][160742.719s][info][gc,heap     ] GC(4586) Eden regions: 913->0(913)
[2025-01-08T17:04:32.353+0000][160742.719s][info][gc,heap     ] GC(4586) Survivor regions: 8->8(116)
[2025-01-08T17:04:32.353+0000][160742.719s][info][gc,heap     ] GC(4586) Old regions: 234->234
[2025-01-08T17:04:32.353+0000][160742.719s][info][gc,heap     ] GC(4586) Archive regions: 2->2
[2025-01-08T17:04:32.353+0000][160742.719s][info][gc,heap     ] GC(4586) Humongous regions: 49->49
[2025-01-08T17:04:32.353+0000][160742.719s][info][gc,metaspace] GC(4586) Metaspace: 506283K(515072K)->506283K(515072K) NonClass: 444726K(449088K)->444726K(449088K) Class: 61556K(65984K)->61556K(65984K)
[2025-01-08T17:04:32.353+0000][160742.719s][info][gc          ] GC(4586) Pause Young (Concurrent Start) (G1 Evacuation Pause) 9633M->2328M(12288M) 29.704ms
[2025-01-08T17:04:32.353+0000][160742.719s][info][gc,cpu      ] GC(4586) User=0.17s Sys=0.00s Real=0.03s
[2025-01-08T17:04:32.353+0000][160742.719s][info][gc          ] GC(4587) Concurrent Mark Cycle
[2025-01-08T17:04:32.353+0000][160742.719s][info][gc,marking  ] GC(4587) Concurrent Clear Claimed Marks
[2025-01-08T17:04:32.354+0000][160742.720s][info][gc,marking  ] GC(4587) Concurrent Clear Claimed Marks 0.895ms
[2025-01-08T17:04:32.354+0000][160742.720s][info][gc,marking  ] GC(4587) Concurrent Scan Root Regions
[2025-01-08T17:04:32.375+0000][160742.741s][info][gc,marking  ] GC(4587) Concurrent Scan Root Regions 21.368ms
[2025-01-08T17:04:32.375+0000][160742.741s][info][gc,marking  ] GC(4587) Concurrent Mark
[2025-01-08T17:04:32.375+0000][160742.741s][info][gc,marking  ] GC(4587) Concurrent Mark From Roots
[2025-01-08T17:04:32.375+0000][160742.741s][info][gc,task     ] GC(4587) Using 2 workers of 2 for marking
[2025-01-08T17:04:33.194+0000][160743.560s][info][gc,marking  ] GC(4587) Concurrent Mark From Roots 818.539ms
[2025-01-08T17:04:33.194+0000][160743.560s][info][gc,marking  ] GC(4587) Concurrent Preclean
[2025-01-08T17:04:33.196+0000][160743.563s][info][gc,marking  ] GC(4587) Concurrent Preclean 2.607ms
[2025-01-08T17:04:33.197+0000][160743.563s][info][gc,start    ] GC(4587) Pause Remark
[2025-01-08T17:04:33.223+0000][160743.590s][info][gc          ] GC(4587) Pause Remark 3048M->3048M(12288M) 26.847ms
[2025-01-08T17:04:33.223+0000][160743.590s][info][gc,cpu      ] GC(4587) User=0.15s Sys=0.01s Real=0.03s
[2025-01-08T17:04:33.224+0000][160743.590s][info][gc,marking  ] GC(4587) Concurrent Mark 848.342ms
[2025-01-08T17:04:33.224+0000][160743.590s][info][gc,marking  ] GC(4587) Concurrent Rebuild Remembered Sets
[2025-01-08T17:04:33.803+0000][160744.169s][info][gc,marking  ] GC(4587) Concurrent Rebuild Remembered Sets 579.369ms
[2025-01-08T17:04:33.803+0000][160744.169s][info][gc,start    ] GC(4587) Pause Cleanup
[2025-01-08T17:04:33.804+0000][160744.170s][info][gc          ] GC(4587) Pause Cleanup 3556M->3556M(12288M) 0.426ms
[2025-01-08T17:04:33.804+0000][160744.170s][info][gc,cpu      ] GC(4587) User=0.00s Sys=0.00s Real=0.00s
[2025-01-08T17:04:33.804+0000][160744.170s][info][gc,marking  ] GC(4587) Concurrent Cleanup for Next Mark
[2025-01-08T17:04:33.820+0000][160744.186s][info][gc,marking  ] GC(4587) Concurrent Cleanup for Next Mark 16.056ms
[2025-01-08T17:04:33.820+0000][160744.186s][info][gc          ] GC(4587) Concurrent Mark Cycle 1466.843ms
[2025-01-08T17:04:38.692+0000][160749.058s][info][gc,start    ] GC(4588) Pause Young (Prepare Mixed) (G1 Evacuation Pause)
[2025-01-08T17:04:38.692+0000][160749.058s][info][gc,task     ] GC(4588) Using 6 workers of 6 for evacuation
[2025-01-08T17:04:38.724+0000][160749.090s][info][gc,phases   ] GC(4588)   Pre Evacuate Collection Set: 0.2ms
[2025-01-08T17:04:38.724+0000][160749.090s][info][gc,phases   ] GC(4588)   Merge Heap Roots: 0.6ms
[2025-01-08T17:04:38.724+0000][160749.090s][info][gc,phases   ] GC(4588)   Evacuate Collection Set: 27.9ms
[2025-01-08T17:04:38.724+0000][160749.090s][info][gc,phases   ] GC(4588)   Post Evacuate Collection Set: 2.7ms
[2025-01-08T17:04:38.724+0000][160749.090s][info][gc,phases   ] GC(4588)   Other: 0.2ms
[2025-01-08T17:04:38.724+0000][160749.090s][info][gc,heap     ] GC(4588) Eden regions: 913->0(67)
[2025-01-08T17:04:38.724+0000][160749.090s][info][gc,heap     ] GC(4588) Survivor regions: 8->9(116)
[2025-01-08T17:04:38.724+0000][160749.090s][info][gc,heap     ] GC(4588) Old regions: 234->234
[2025-01-08T17:04:38.724+0000][160749.090s][info][gc,heap     ] GC(4588) Archive regions: 2->2
[2025-01-08T17:04:38.724+0000][160749.090s][info][gc,heap     ] GC(4588) Humongous regions: 49->49
[2025-01-08T17:04:38.724+0000][160749.090s][info][gc,metaspace] GC(4588) Metaspace: 506283K(515072K)->506283K(515072K) NonClass: 444726K(449088K)->444726K(449088K) Class: 61556K(65984K)->61556K(65984K)
[2025-01-08T17:04:38.724+0000][160749.090s][info][gc          ] GC(4588) Pause Young (Prepare Mixed) (G1 Evacuation Pause) 9632M->2337M(12288M) 31.740ms
[2025-01-08T17:04:38.724+0000][160749.090s][info][gc,cpu      ] GC(4588) User=0.19s Sys=0.00s Real=0.03s
[2025-01-08T17:04:39.038+0000][160749.404s][info][gc,start    ] GC(4589) Pause Young (Mixed) (G1 Evacuation Pause)
[2025-01-08T17:04:39.038+0000][160749.404s][info][gc,task     ] GC(4589) Using 6 workers of 6 for evacuation
[2025-01-08T17:04:39.108+0000][160749.474s][info][gc,phases   ] GC(4589)   Pre Evacuate Collection Set: 0.2ms
[2025-01-08T17:04:39.108+0000][160749.475s][info][gc,phases   ] GC(4589)   Merge Heap Roots: 0.8ms
[2025-01-08T17:04:39.108+0000][160749.475s][info][gc,phases   ] GC(4589)   Evacuate Collection Set: 67.0ms
[2025-01-08T17:04:39.108+0000][160749.475s][info][gc,phases   ] GC(4589)   Post Evacuate Collection Set: 1.9ms
[2025-01-08T17:04:39.108+0000][160749.475s][info][gc,phases   ] GC(4589)   Other: 0.2ms
[2025-01-08T17:04:39.108+0000][160749.475s][info][gc,heap     ] GC(4589) Eden regions: 67->0(915)
[2025-01-08T17:04:39.108+0000][160749.475s][info][gc,heap     ] GC(4589) Survivor regions: 9->6(10)
[2025-01-08T17:04:39.108+0000][160749.475s][info][gc,heap     ] GC(4589) Old regions: 234->235
[2025-01-08T17:04:39.108+0000][160749.475s][info][gc,heap     ] GC(4589) Archive regions: 2->2
[2025-01-08T17:04:39.108+0000][160749.475s][info][gc,heap     ] GC(4589) Humongous regions: 49->49
[2025-01-08T17:04:39.108+0000][160749.475s][info][gc,metaspace] GC(4589) Metaspace: 506283K(515072K)->506283K(515072K) NonClass: 444726K(449088K)->444726K(449088K) Class: 61556K(65984K)->61556K(65984K)
[2025-01-08T17:04:39.108+0000][160749.475s][info][gc          ] GC(4589) Pause Young (Mixed) (G1 Evacuation Pause) 2873M->2313M(12288M) 70.156ms
[2025-01-08T17:04:39.109+0000][160749.475s][info][gc,cpu      ] GC(4589) User=0.42s Sys=0.00s Real=0.07s
[2025-01-08T17:04:46.073+0000][160756.439s][info][gc,start    ] GC(4590) Pause Young (Normal) (G1 Evacuation Pause)
[2025-01-08T17:04:46.073+0000][160756.439s][info][gc,task     ] GC(4590) Using 6 workers of 6 for evacuation
[2025-01-08T17:04:46.098+0000][160756.464s][info][gc,phases   ] GC(4590)   Pre Evacuate Collection Set: 0.2ms
[2025-01-08T17:04:46.098+0000][160756.464s][info][gc,phases   ] GC(4590)   Merge Heap Roots: 0.4ms
[2025-01-08T17:04:46.098+0000][160756.464s][info][gc,phases   ] GC(4590)   Evacuate Collection Set: 21.8ms
[2025-01-08T17:04:46.098+0000][160756.464s][info][gc,phases   ] GC(4590)   Post Evacuate Collection Set: 2.5ms
[2025-01-08T17:04:46.098+0000][160756.464s][info][gc,phases   ] GC(4590)   Other: 0.2ms
[2025-01-08T17:04:46.098+0000][160756.464s][info][gc,heap     ] GC(4590) Eden regions: 915->0(915)
[2025-01-08T17:04:46.098+0000][160756.464s][info][gc,heap     ] GC(4590) Survivor regions: 6->6(116)
[2025-01-08T17:04:46.098+0000][160756.464s][info][gc,heap     ] GC(4590) Old regions: 235->235
[2025-01-08T17:04:46.098+0000][160756.464s][info][gc,heap     ] GC(4590) Archive regions: 2->2
[2025-01-08T17:04:46.098+0000][160756.464s][info][gc,heap     ] GC(4590) Humongous regions: 49->49
[2025-01-08T17:04:46.098+0000][160756.464s][info][gc,metaspace] GC(4590) Metaspace: 506283K(515072K)->506283K(515072K) NonClass: 444726K(449088K)->444726K(449088K) Class: 61556K(65984K)->61556K(65984K)
[2025-01-08T17:04:46.098+0000][160756.464s][info][gc          ] GC(4590) Pause Young (Normal) (G1 Evacuation Pause) 9633M->2319M(12288M) 25.131ms
[2025-01-08T17:04:46.098+0000][160756.464s][info][gc,cpu      ] GC(4590) User=0.15s Sys=0.00s Real=0.02s
[2025-01-08T17:04:52.522+0000][160762.888s][info][gc,start    ] GC(4591) Pause Young (Normal) (G1 Evacuation Pause)
[2025-01-08T17:04:52.522+0000][160762.888s][info][gc,task     ] GC(4591) Using 6 workers of 6 for evacuation
[2025-01-08T17:04:52.548+0000][160762.914s][info][gc,phases   ] GC(4591)   Pre Evacuate Collection Set: 0.2ms
[2025-01-08T17:04:52.548+0000][160762.914s][info][gc,phases   ] GC(4591)   Merge Heap Roots: 0.4ms
[2025-01-08T17:04:52.548+0000][160762.914s][info][gc,phases   ] GC(4591)   Evacuate Collection Set: 21.3ms
[2025-01-08T17:04:52.548+0000][160762.914s][info][gc,phases   ] GC(4591)   Post Evacuate Collection Set: 3.9ms
[2025-01-08T17:04:52.548+0000][160762.914s][info][gc,phases   ] GC(4591)   Other: 0.2ms
[2025-01-08T17:04:52.548+0000][160762.914s][info][gc,heap     ] GC(4591) Eden regions: 915->0(914)
[2025-01-08T17:04:52.548+0000][160762.914s][info][gc,heap     ] GC(4591) Survivor regions: 6->7(116)
[2025-01-08T17:04:52.548+0000][160762.914s][info][gc,heap     ] GC(4591) Old regions: 235->235
[2025-01-08T17:04:52.548+0000][160762.914s][info][gc,heap     ] GC(4591) Archive regions: 2->2
[2025-01-08T17:04:52.548+0000][160762.914s][info][gc,heap     ] GC(4591) Humongous regions: 49->49
[2025-01-08T17:04:52.548+0000][160762.914s][info][gc,metaspace] GC(4591) Metaspace: 506284K(515072K)->506284K(515072K) NonClass: 444727K(449088K)->444727K(449088K) Class: 61556K(65984K)->61556K(65984K)
[2025-01-08T17:04:52.548+0000][160762.914s][info][gc          ] GC(4591) Pause Young (Normal) (G1 Evacuation Pause) 9639M->2327M(12288M) 26.143ms
[2025-01-08T17:04:52.548+0000][160762.914s][info][gc,cpu      ] GC(4591) User=0.15s Sys=0.00s Real=0.02s
[2025-01-08T17:05:02.147+0000][160772.514s][info][gc,start    ] GC(4592) Pause Young (Concurrent Start) (G1 Evacuation Pause)
[2025-01-08T17:05:02.147+0000][160772.514s][info][gc,task     ] GC(4592) Using 6 workers of 6 for evacuation
[2025-01-08T17:05:02.184+0000][160772.550s][info][gc,phases   ] GC(4592)   Pre Evacuate Collection Set: 1.0ms
[2025-01-08T17:05:02.184+0000][160772.550s][info][gc,phases   ] GC(4592)   Merge Heap Roots: 0.5ms
[2025-01-08T17:05:02.184+0000][160772.550s][info][gc,phases   ] GC(4592)   Evacuate Collection Set: 30.4ms
[2025-01-08T17:05:02.184+0000][160772.550s][info][gc,phases   ] GC(4592)   Post Evacuate Collection Set: 4.3ms
[2025-01-08T17:05:02.184+0000][160772.550s][info][gc,phases   ] GC(4592)   Other: 0.3ms
[2025-01-08T17:05:02.184+0000][160772.550s][info][gc,heap     ] GC(4592) Eden regions: 914->0(912)
[2025-01-08T17:05:02.184+0000][160772.550s][info][gc,heap     ] GC(4592) Survivor regions: 7->9(116)
[2025-01-08T17:05:02.184+0000][160772.550s][info][gc,heap     ] GC(4592) Old regions: 235->235
[2025-01-08T17:05:02.184+0000][160772.550s][info][gc,heap     ] GC(4592) Archive regions: 2->2
[2025-01-08T17:05:02.184+0000][160772.550s][info][gc,heap     ] GC(4592) Humongous regions: 49->49
[2025-01-08T17:05:02.184+0000][160772.550s][info][gc,metaspace] GC(4592) Metaspace: 506284K(515072K)->506284K(515072K) NonClass: 444727K(449088K)->444727K(449088K) Class: 61556K(65984K)->61556K(65984K)
[2025-01-08T17:05:02.184+0000][160772.550s][info][gc          ] GC(4592) Pause Young (Concurrent Start) (G1 Evacuation Pause) 9639M->2340M(12288M) 36.607ms
[2025-01-08T17:05:02.184+0000][160772.550s][info][gc,cpu      ] GC(4592) User=0.21s Sys=0.00s Real=0.04s
[2025-01-08T17:05:02.184+0000][160772.550s][info][gc          ] GC(4593) Concurrent Mark Cycle
[2025-01-08T17:05:02.184+0000][160772.550s][info][gc,marking  ] GC(4593) Concurrent Clear Claimed Marks
[2025-01-08T17:05:02.185+0000][160772.551s][info][gc,marking  ] GC(4593) Concurrent Clear Claimed Marks 0.782ms
[2025-01-08T17:05:02.185+0000][160772.551s][info][gc,marking  ] GC(4593) Concurrent Scan Root Regions
[2025-01-08T17:05:02.207+0000][160772.574s][info][gc,marking  ] GC(4593) Concurrent Scan Root Regions 22.436ms
[2025-01-08T17:05:02.207+0000][160772.574s][info][gc,marking  ] GC(4593) Concurrent Mark
[2025-01-08T17:05:02.207+0000][160772.574s][info][gc,marking  ] GC(4593) Concurrent Mark From Roots
[2025-01-08T17:05:02.207+0000][160772.574s][info][gc,task     ] GC(4593) Using 2 workers of 2 for marking
[2025-01-08T17:05:03.042+0000][160773.408s][info][gc,marking  ] GC(4593) Concurrent Mark From Roots 834.644ms
[2025-01-08T17:05:03.042+0000][160773.408s][info][gc,marking  ] GC(4593) Concurrent Preclean
[2025-01-08T17:05:03.045+0000][160773.411s][info][gc,marking  ] GC(4593) Concurrent Preclean 3.233ms
[2025-01-08T17:05:03.046+0000][160773.412s][info][gc,start    ] GC(4593) Pause Remark
[2025-01-08T17:05:03.074+0000][160773.440s][info][gc          ] GC(4593) Pause Remark 3184M->3184M(12288M) 28.402ms
[2025-01-08T17:05:03.074+0000][160773.440s][info][gc,cpu      ] GC(4593) User=0.16s Sys=0.00s Real=0.03s
[2025-01-08T17:05:03.074+0000][160773.440s][info][gc,marking  ] GC(4593) Concurrent Mark 866.711ms
[2025-01-08T17:05:03.074+0000][160773.440s][info][gc,marking  ] GC(4593) Concurrent Rebuild Remembered Sets
[2025-01-08T17:05:03.680+0000][160774.046s][info][gc,marking  ] GC(4593) Concurrent Rebuild Remembered Sets 605.992ms
[2025-01-08T17:05:03.680+0000][160774.046s][info][gc,start    ] GC(4593) Pause Cleanup
[2025-01-08T17:05:03.681+0000][160774.047s][info][gc          ] GC(4593) Pause Cleanup 3812M->3812M(12288M) 0.415ms
[2025-01-08T17:05:03.681+0000][160774.047s][info][gc,cpu      ] GC(4593) User=0.00s Sys=0.00s Real=0.00s
[2025-01-08T17:05:03.681+0000][160774.047s][info][gc,marking  ] GC(4593) Concurrent Cleanup for Next Mark
[2025-01-08T17:05:03.700+0000][160774.066s][info][gc,marking  ] GC(4593) Concurrent Cleanup for Next Mark 18.840ms
[2025-01-08T17:05:03.700+0000][160774.066s][info][gc          ] GC(4593) Concurrent Mark Cycle 1515.615ms
[2025-01-08T17:05:08.881+0000][160779.247s][info][gc,start    ] GC(4594) Pause Young (Prepare Mixed) (G1 Evacuation Pause)
[2025-01-08T17:05:08.881+0000][160779.248s][info][gc,task     ] GC(4594) Using 6 workers of 6 for evacuation
[2025-01-08T17:05:08.918+0000][160779.285s][info][gc,phases   ] GC(4594)   Pre Evacuate Collection Set: 0.2ms
[2025-01-08T17:05:08.919+0000][160779.285s][info][gc,phases   ] GC(4594)   Merge Heap Roots: 0.7ms
[2025-01-08T17:05:08.919+0000][160779.285s][info][gc,phases   ] GC(4594)   Evacuate Collection Set: 32.1ms
[2025-01-08T17:05:08.919+0000][160779.285s][info][gc,phases   ] GC(4594)   Post Evacuate Collection Set: 3.9ms
[2025-01-08T17:05:08.919+0000][160779.285s][info][gc,phases   ] GC(4594)   Other: 0.2ms
[2025-01-08T17:05:08.919+0000][160779.285s][info][gc,heap     ] GC(4594) Eden regions: 912->0(65)
[2025-01-08T17:05:08.919+0000][160779.285s][info][gc,heap     ] GC(4594) Survivor regions: 9->11(116)
[2025-01-08T17:05:08.919+0000][160779.285s][info][gc,heap     ] GC(4594) Old regions: 235->235
[2025-01-08T17:05:08.919+0000][160779.285s][info][gc,heap     ] GC(4594) Archive regions: 2->2
[2025-01-08T17:05:08.919+0000][160779.285s][info][gc,heap     ] GC(4594) Humongous regions: 49->49
[2025-01-08T17:05:08.919+0000][160779.285s][info][gc,metaspace] GC(4594) Metaspace: 506284K(515072K)->506284K(515072K) NonClass: 444727K(449088K)->444727K(449088K) Class: 61556K(65984K)->61556K(65984K)
[2025-01-08T17:05:08.919+0000][160779.285s][info][gc          ] GC(4594) Pause Young (Prepare Mixed) (G1 Evacuation Pause) 9636M->2355M(12288M) 37.200ms
[2025-01-08T17:05:08.919+0000][160779.285s][info][gc,cpu      ] GC(4594) User=0.21s Sys=0.00s Real=0.04s
[2025-01-08T17:05:09.269+0000][160779.635s][info][gc,start    ] GC(4595) Pause Young (Mixed) (G1 Evacuation Pause)
[2025-01-08T17:05:09.269+0000][160779.635s][info][gc,task     ] GC(4595) Using 6 workers of 6 for evacuation
[2025-01-08T17:05:09.329+0000][160779.695s][info][gc,phases   ] GC(4595)   Pre Evacuate Collection Set: 0.2ms
[2025-01-08T17:05:09.329+0000][160779.695s][info][gc,phases   ] GC(4595)   Merge Heap Roots: 0.6ms
[2025-01-08T17:05:09.329+0000][160779.695s][info][gc,phases   ] GC(4595)   Evacuate Collection Set: 57.7ms
[2025-01-08T17:05:09.329+0000][160779.695s][info][gc,phases   ] GC(4595)   Post Evacuate Collection Set: 1.6ms
[2025-01-08T17:05:09.329+0000][160779.695s][info][gc,phases   ] GC(4595)   Other: 0.2ms
[2025-01-08T17:05:09.329+0000][160779.695s][info][gc,heap     ] GC(4595) Eden regions: 65->0(917)
[2025-01-08T17:05:09.329+0000][160779.695s][info][gc,heap     ] GC(4595) Survivor regions: 11->4(10)
[2025-01-08T17:05:09.329+0000][160779.695s][info][gc,heap     ] GC(4595) Old regions: 235->236
[2025-01-08T17:05:09.329+0000][160779.695s][info][gc,heap     ] GC(4595) Archive regions: 2->2
[2025-01-08T17:05:09.329+0000][160779.695s][info][gc,heap     ] GC(4595) Humongous regions: 49->49
[2025-01-08T17:05:09.329+0000][160779.695s][info][gc,metaspace] GC(4595) Metaspace: 506284K(515072K)->506284K(515072K) NonClass: 444727K(449088K)->444727K(449088K) Class: 61556K(65984K)->61556K(65984K)
[2025-01-08T17:05:09.329+0000][160779.695s][info][gc          ] GC(4595) Pause Young (Mixed) (G1 Evacuation Pause) 2875M->2315M(12288M) 60.417ms
[2025-01-08T17:05:09.329+0000][160779.695s][info][gc,cpu      ] GC(4595) User=0.35s Sys=0.00s Real=0.06s
[2025-01-08T17:05:17.793+0000][160788.159s][info][gc,start    ] GC(4596) Pause Young (Normal) (G1 Evacuation Pause)
[2025-01-08T17:05:17.793+0000][160788.159s][info][gc,task     ] GC(4596) Using 6 workers of 6 for evacuation
[2025-01-08T17:05:17.816+0000][160788.182s][info][gc,phases   ] GC(4596)   Pre Evacuate Collection Set: 0.2ms
[2025-01-08T17:05:17.816+0000][160788.182s][info][gc,phases   ] GC(4596)   Merge Heap Roots: 0.4ms
[2025-01-08T17:05:17.816+0000][160788.182s][info][gc,phases   ] GC(4596)   Evacuate Collection Set: 19.0ms
[2025-01-08T17:05:17.816+0000][160788.182s][info][gc,phases   ] GC(4596)   Post Evacuate Collection Set: 2.5ms
[2025-01-08T17:05:17.816+0000][160788.182s][info][gc,phases   ] GC(4596)   Other: 0.2ms
[2025-01-08T17:05:17.816+0000][160788.182s][info][gc,heap     ] GC(4596) Eden regions: 917->0(916)
[2025-01-08T17:05:17.816+0000][160788.182s][info][gc,heap     ] GC(4596) Survivor regions: 4->5(116)
[2025-01-08T17:05:17.816+0000][160788.182s][info][gc,heap     ] GC(4596) Old regions: 236->236
[2025-01-08T17:05:17.816+0000][160788.182s][info][gc,heap     ] GC(4596) Archive regions: 2->2
[2025-01-08T17:05:17.816+0000][160788.182s][info][gc,heap     ] GC(4596) Humongous regions: 49->49
[2025-01-08T17:05:17.816+0000][160788.182s][info][gc,metaspace] GC(4596) Metaspace: 506284K(515072K)->506284K(515072K) NonClass: 444727K(449088K)->444727K(449088K) Class: 61556K(65984K)->61556K(65984K)
[2025-01-08T17:05:17.816+0000][160788.182s][info][gc          ] GC(4596) Pause Young (Normal) (G1 Evacuation Pause) 9651M->2322M(12288M) 22.370ms
[2025-01-08T17:05:17.816+0000][160788.182s][info][gc,cpu      ] GC(4596) User=0.13s Sys=0.01s Real=0.02s
[2025-01-08T17:05:25.839+0000][160796.206s][info][gc,start    ] GC(4597) Pause Young (Normal) (G1 Evacuation Pause)
[2025-01-08T17:05:25.839+0000][160796.206s][info][gc,task     ] GC(4597) Using 6 workers of 6 for evacuation
[2025-01-08T17:05:25.863+0000][160796.229s][info][gc,phases   ] GC(4597)   Pre Evacuate Collection Set: 0.2ms
[2025-01-08T17:05:25.863+0000][160796.229s][info][gc,phases   ] GC(4597)   Merge Heap Roots: 0.4ms
[2025-01-08T17:05:25.863+0000][160796.229s][info][gc,phases   ] GC(4597)   Evacuate Collection Set: 20.0ms
[2025-01-08T17:05:25.863+0000][160796.229s][info][gc,phases   ] GC(4597)   Post Evacuate Collection Set: 2.4ms
[2025-01-08T17:05:25.863+0000][160796.229s][info][gc,phases   ] GC(4597)   Other: 0.2ms
[2025-01-08T17:05:25.863+0000][160796.229s][info][gc,heap     ] GC(4597) Eden regions: 916->0(916)
[2025-01-08T17:05:25.863+0000][160796.229s][info][gc,heap     ] GC(4597) Survivor regions: 5->5(116)
[2025-01-08T17:05:25.863+0000][160796.229s][info][gc,heap     ] GC(4597) Old regions: 236->236
[2025-01-08T17:05:25.863+0000][160796.229s][info][gc,heap     ] GC(4597) Archive regions: 2->2
[2025-01-08T17:05:25.863+0000][160796.229s][info][gc,heap     ] GC(4597) Humongous regions: 49->49
[2025-01-08T17:05:25.863+0000][160796.229s][info][gc,metaspace] GC(4597) Metaspace: 506284K(515072K)->506284K(515072K) NonClass: 444727K(449088K)->444727K(449088K) Class: 61556K(65984K)->61556K(65984K)
[2025-01-08T17:05:25.863+0000][160796.229s][info][gc          ] GC(4597) Pause Young (Normal) (G1 Evacuation Pause) 9650M->2319M(12288M) 23.366ms
[2025-01-08T17:05:25.863+0000][160796.229s][info][gc,cpu      ] GC(4597) User=0.14s Sys=0.00s Real=0.03s
[2025-01-08T17:05:29.982+0000][160800.348s][info][gc,start    ] GC(4598) Pause Young (Concurrent Start) (G1 Evacuation Pause)
[2025-01-08T17:05:29.982+0000][160800.348s][info][gc,task     ] GC(4598) Using 6 workers of 6 for evacuation
[2025-01-08T17:05:30.011+0000][160800.377s][info][gc,phases   ] GC(4598)   Pre Evacuate Collection Set: 1.1ms
[2025-01-08T17:05:30.011+0000][160800.377s][info][gc,phases   ] GC(4598)   Merge Heap Roots: 0.4ms
[2025-01-08T17:05:30.011+0000][160800.377s][info][gc,phases   ] GC(4598)   Evacuate Collection Set: 24.7ms
[2025-01-08T17:05:30.011+0000][160800.377s][info][gc,phases   ] GC(4598)   Post Evacuate Collection Set: 2.4ms
[2025-01-08T17:05:30.011+0000][160800.377s][info][gc,phases   ] GC(4598)   Other: 0.3ms
[2025-01-08T17:05:30.011+0000][160800.377s][info][gc,heap     ] GC(4598) Eden regions: 916->0(914)
[2025-01-08T17:05:30.011+0000][160800.377s][info][gc,heap     ] GC(4598) Survivor regions: 5->7(116)
[2025-01-08T17:05:30.011+0000][160800.377s][info][gc,heap     ] GC(4598) Old regions: 236->236
[2025-01-08T17:05:30.011+0000][160800.377s][info][gc,heap     ] GC(4598) Archive regions: 2->2
[2025-01-08T17:05:30.011+0000][160800.377s][info][gc,heap     ] GC(4598) Humongous regions: 49->49
[2025-01-08T17:05:30.011+0000][160800.377s][info][gc,metaspace] GC(4598) Metaspace: 506284K(515072K)->506284K(515072K) NonClass: 444727K(449088K)->444727K(449088K) Class: 61556K(65984K)->61556K(65984K)
[2025-01-08T17:05:30.011+0000][160800.377s][info][gc          ] GC(4598) Pause Young (Concurrent Start) (G1 Evacuation Pause) 9647M->2341M(12288M) 28.943ms
[2025-01-08T17:05:30.011+0000][160800.377s][info][gc,cpu      ] GC(4598) User=0.17s Sys=0.00s Real=0.03s
[2025-01-08T17:05:30.011+0000][160800.377s][info][gc          ] GC(4599) Concurrent Mark Cycle
[2025-01-08T17:05:30.011+0000][160800.377s][info][gc,marking  ] GC(4599) Concurrent Clear Claimed Marks
[2025-01-08T17:05:30.012+0000][160800.378s][info][gc,marking  ] GC(4599) Concurrent Clear Claimed Marks 0.887ms
[2025-01-08T17:05:30.012+0000][160800.378s][info][gc,marking  ] GC(4599) Concurrent Scan Root Regions
[2025-01-08T17:05:30.036+0000][160800.402s][info][gc,marking  ] GC(4599) Concurrent Scan Root Regions 23.676ms
[2025-01-08T17:05:30.036+0000][160800.402s][info][gc,marking  ] GC(4599) Concurrent Mark
[2025-01-08T17:05:30.036+0000][160800.402s][info][gc,marking  ] GC(4599) Concurrent Mark From Roots
[2025-01-08T17:05:30.036+0000][160800.402s][info][gc,task     ] GC(4599) Using 2 workers of 2 for marking
[2025-01-08T17:05:30.955+0000][160801.321s][info][gc,marking  ] GC(4599) Concurrent Mark From Roots 919.188ms
[2025-01-08T17:05:30.955+0000][160801.321s][info][gc,marking  ] GC(4599) Concurrent Preclean
[2025-01-08T17:05:30.958+0000][160801.324s][info][gc,marking  ] GC(4599) Concurrent Preclean 2.819ms
[2025-01-08T17:05:30.958+0000][160801.324s][info][gc,start    ] GC(4599) Pause Remark
[2025-01-08T17:05:30.984+0000][160801.350s][info][gc          ] GC(4599) Pause Remark 3697M->3697M(12288M) 26.029ms
[2025-01-08T17:05:30.984+0000][160801.350s][info][gc,cpu      ] GC(4599) User=0.15s Sys=0.00s Real=0.03s
[2025-01-08T17:05:30.985+0000][160801.351s][info][gc,marking  ] GC(4599) Concurrent Mark 948.828ms
[2025-01-08T17:05:30.985+0000][160801.351s][info][gc,marking  ] GC(4599) Concurrent Rebuild Remembered Sets
[2025-01-08T17:05:31.506+0000][160801.872s][info][gc,marking  ] GC(4599) Concurrent Rebuild Remembered Sets 521.325ms
[2025-01-08T17:05:31.506+0000][160801.872s][info][gc,start    ] GC(4599) Pause Cleanup
[2025-01-08T17:05:31.507+0000][160801.873s][info][gc          ] GC(4599) Pause Cleanup 3965M->3965M(12288M) 0.416ms
[2025-01-08T17:05:31.507+0000][160801.873s][info][gc,cpu      ] GC(4599) User=0.00s Sys=0.00s Real=0.00s
[2025-01-08T17:05:31.507+0000][160801.873s][info][gc,marking  ] GC(4599) Concurrent Cleanup for Next Mark
[2025-01-08T17:05:31.522+0000][160801.888s][info][gc,marking  ] GC(4599) Concurrent Cleanup for Next Mark 15.674ms
[2025-01-08T17:05:31.522+0000][160801.888s][info][gc          ] GC(4599) Concurrent Mark Cycle 1511.211ms
[2025-01-08T17:05:38.431+0000][160808.797s][info][gc,start    ] GC(4600) Pause Young (Prepare Mixed) (G1 Evacuation Pause)
[2025-01-08T17:05:38.431+0000][160808.797s][info][gc,task     ] GC(4600) Using 6 workers of 6 for evacuation
[2025-01-08T17:05:38.462+0000][160808.828s][info][gc,phases   ] GC(4600)   Pre Evacuate Collection Set: 0.2ms
[2025-01-08T17:05:38.462+0000][160808.828s][info][gc,phases   ] GC(4600)   Merge Heap Roots: 0.6ms
[2025-01-08T17:05:38.462+0000][160808.828s][info][gc,phases   ] GC(4600)   Evacuate Collection Set: 27.2ms
[2025-01-08T17:05:38.462+0000][160808.828s][info][gc,phases   ] GC(4600)   Post Evacuate Collection Set: 2.7ms
[2025-01-08T17:05:38.462+0000][160808.828s][info][gc,phases   ] GC(4600)   Other: 0.2ms
[2025-01-08T17:05:38.462+0000][160808.828s][info][gc,heap     ] GC(4600) Eden regions: 914->0(68)
[2025-01-08T17:05:38.462+0000][160808.828s][info][gc,heap     ] GC(4600) Survivor regions: 7->8(116)
[2025-01-08T17:05:38.462+0000][160808.828s][info][gc,heap     ] GC(4600) Old regions: 236->236
[2025-01-08T17:05:38.462+0000][160808.828s][info][gc,heap     ] GC(4600) Archive regions: 2->2
[2025-01-08T17:05:38.462+0000][160808.828s][info][gc,heap     ] GC(4600) Humongous regions: 49->49
[2025-01-08T17:05:38.462+0000][160808.828s][info][gc,metaspace] GC(4600) Metaspace: 506284K(515072K)->506284K(515072K) NonClass: 444727K(449088K)->444727K(449088K) Class: 61556K(65984K)->61556K(65984K)
[2025-01-08T17:05:38.462+0000][160808.828s][info][gc          ] GC(4600) Pause Young (Prepare Mixed) (G1 Evacuation Pause) 9653M->2345M(12288M) 31.099ms
[2025-01-08T17:05:38.462+0000][160808.829s][info][gc,cpu      ] GC(4600) User=0.18s Sys=0.00s Real=0.03s
[2025-01-08T17:05:38.895+0000][160809.261s][info][gc,start    ] GC(4601) Pause Young (Mixed) (G1 Evacuation Pause)
[2025-01-08T17:05:38.895+0000][160809.261s][info][gc,task     ] GC(4601) Using 6 workers of 6 for evacuation
[2025-01-08T17:05:38.968+0000][160809.334s][info][gc,phases   ] GC(4601)   Pre Evacuate Collection Set: 0.2ms
[2025-01-08T17:05:38.968+0000][160809.334s][info][gc,phases   ] GC(4601)   Merge Heap Roots: 0.8ms
[2025-01-08T17:05:38.968+0000][160809.334s][info][gc,phases   ] GC(4601)   Evacuate Collection Set: 69.7ms
[2025-01-08T17:05:38.968+0000][160809.334s][info][gc,phases   ] GC(4601)   Post Evacuate Collection Set: 2.4ms
[2025-01-08T17:05:38.968+0000][160809.334s][info][gc,phases   ] GC(4601)   Other: 0.2ms
[2025-01-08T17:05:38.968+0000][160809.334s][info][gc,heap     ] GC(4601) Eden regions: 68->0(916)
[2025-01-08T17:05:38.968+0000][160809.334s][info][gc,heap     ] GC(4601) Survivor regions: 8->5(10)
[2025-01-08T17:05:38.968+0000][160809.334s][info][gc,heap     ] GC(4601) Old regions: 236->235
[2025-01-08T17:05:38.968+0000][160809.334s][info][gc,heap     ] GC(4601) Archive regions: 2->2
[2025-01-08T17:05:38.968+0000][160809.334s][info][gc,heap     ] GC(4601) Humongous regions: 49->49
[2025-01-08T17:05:38.968+0000][160809.334s][info][gc,metaspace] GC(4601) Metaspace: 506284K(515072K)->506284K(515072K) NonClass: 444727K(449088K)->444727K(449088K) Class: 61556K(65984K)->61556K(65984K)
[2025-01-08T17:05:38.968+0000][160809.334s][info][gc          ] GC(4601) Pause Young (Mixed) (G1 Evacuation Pause) 2889M->2313M(12288M) 73.359ms
[2025-01-08T17:05:38.968+0000][160809.334s][info][gc,cpu      ] GC(4601) User=0.41s Sys=0.00s Real=0.07s
[2025-01-08T17:05:48.881+0000][160819.247s][info][gc,start    ] GC(4602) Pause Young (Normal) (G1 Evacuation Pause)
[2025-01-08T17:05:48.881+0000][160819.247s][info][gc,task     ] GC(4602) Using 6 workers of 6 for evacuation
[2025-01-08T17:05:48.912+0000][160819.278s][info][gc,phases   ] GC(4602)   Pre Evacuate Collection Set: 0.2ms
[2025-01-08T17:05:48.912+0000][160819.278s][info][gc,phases   ] GC(4602)   Merge Heap Roots: 0.5ms
[2025-01-08T17:05:48.912+0000][160819.278s][info][gc,phases   ] GC(4602)   Evacuate Collection Set: 26.2ms
[2025-01-08T17:05:48.912+0000][160819.278s][info][gc,phases   ] GC(4602)   Post Evacuate Collection Set: 4.3ms
[2025-01-08T17:05:48.912+0000][160819.278s][info][gc,phases   ] GC(4602)   Other: 0.2ms
[2025-01-08T17:05:48.912+0000][160819.278s][info][gc,heap     ] GC(4602) Eden regions: 916->0(914)
[2025-01-08T17:05:48.912+0000][160819.278s][info][gc,heap     ] GC(4602) Survivor regions: 5->7(116)
[2025-01-08T17:05:48.912+0000][160819.278s][info][gc,heap     ] GC(4602) Old regions: 235->235
[2025-01-08T17:05:48.912+0000][160819.278s][info][gc,heap     ] GC(4602) Archive regions: 2->2
[2025-01-08T17:05:48.912+0000][160819.278s][info][gc,heap     ] GC(4602) Humongous regions: 49->49
[2025-01-08T17:05:48.912+0000][160819.278s][info][gc,metaspace] GC(4602) Metaspace: 506284K(515072K)->506284K(515072K) NonClass: 444727K(449088K)->444727K(449088K) Class: 61556K(65984K)->61556K(65984K)
[2025-01-08T17:05:48.912+0000][160819.278s][info][gc          ] GC(4602) Pause Young (Normal) (G1 Evacuation Pause) 9641M->2330M(12288M) 31.453ms
[2025-01-08T17:05:48.912+0000][160819.278s][info][gc,cpu      ] GC(4602) User=0.19s Sys=0.00s Real=0.04s
[2025-01-08T17:05:53.956+0000][160824.322s][info][gc,start    ] GC(4603) Pause Young (Normal) (G1 Evacuation Pause)
[2025-01-08T17:05:53.956+0000][160824.322s][info][gc,task     ] GC(4603) Using 6 workers of 6 for evacuation
[2025-01-08T17:05:53.986+0000][160824.353s][info][gc,phases   ] GC(4603)   Pre Evacuate Collection Set: 0.2ms
[2025-01-08T17:05:53.986+0000][160824.353s][info][gc,phases   ] GC(4603)   Merge Heap Roots: 0.4ms
[2025-01-08T17:05:53.986+0000][160824.353s][info][gc,phases   ] GC(4603)   Evacuate Collection Set: 25.9ms
[2025-01-08T17:05:53.986+0000][160824.353s][info][gc,phases   ] GC(4603)   Post Evacuate Collection Set: 4.1ms
[2025-01-08T17:05:53.986+0000][160824.353s][info][gc,phases   ] GC(4603)   Other: 0.2ms
[2025-01-08T17:05:53.986+0000][160824.353s][info][gc,heap     ] GC(4603) Eden regions: 914->0(914)
[2025-01-08T17:05:53.986+0000][160824.353s][info][gc,heap     ] GC(4603) Survivor regions: 7->7(116)
[2025-01-08T17:05:53.986+0000][160824.353s][info][gc,heap     ] GC(4603) Old regions: 235->235
[2025-01-08T17:05:53.986+0000][160824.353s][info][gc,heap     ] GC(4603) Archive regions: 2->2
[2025-01-08T17:05:53.986+0000][160824.353s][info][gc,heap     ] GC(4603) Humongous regions: 49->49
[2025-01-08T17:05:53.986+0000][160824.353s][info][gc,metaspace] GC(4603) Metaspace: 506284K(515072K)->506284K(515072K) NonClass: 444727K(449088K)->444727K(449088K) Class: 61556K(65984K)->61556K(65984K)
[2025-01-08T17:05:53.987+0000][160824.353s][info][gc          ] GC(4603) Pause Young (Normal) (G1 Evacuation Pause) 9642M->2330M(12288M) 30.931ms
[2025-01-08T17:05:53.987+0000][160824.353s][info][gc,cpu      ] GC(4603) User=0.19s Sys=0.00s Real=0.03s
[2025-01-08T17:06:02.863+0000][160833.230s][info][gc,start    ] GC(4604) Pause Young (Concurrent Start) (G1 Evacuation Pause)
[2025-01-08T17:06:02.863+0000][160833.230s][info][gc,task     ] GC(4604) Using 6 workers of 6 for evacuation
[2025-01-08T17:06:02.899+0000][160833.265s][info][gc,phases   ] GC(4604)   Pre Evacuate Collection Set: 1.0ms
[2025-01-08T17:06:02.899+0000][160833.265s][info][gc,phases   ] GC(4604)   Merge Heap Roots: 0.5ms
[2025-01-08T17:06:02.899+0000][160833.265s][info][gc,phases   ] GC(4604)   Evacuate Collection Set: 29.9ms
[2025-01-08T17:06:02.899+0000][160833.265s][info][gc,phases   ] GC(4604)   Post Evacuate Collection Set: 3.9ms
[2025-01-08T17:06:02.899+0000][160833.265s][info][gc,phases   ] GC(4604)   Other: 0.3ms
[2025-01-08T17:06:02.899+0000][160833.265s][info][gc,heap     ] GC(4604) Eden regions: 914->0(911)
[2025-01-08T17:06:02.899+0000][160833.265s][info][gc,heap     ] GC(4604) Survivor regions: 7->10(116)
[2025-01-08T17:06:02.899+0000][160833.265s][info][gc,heap     ] GC(4604) Old regions: 235->235
[2025-01-08T17:06:02.899+0000][160833.265s][info][gc,heap     ] GC(4604) Archive regions: 2->2
[2025-01-08T17:06:02.899+0000][160833.265s][info][gc,heap     ] GC(4604) Humongous regions: 49->49
[2025-01-08T17:06:02.899+0000][160833.265s][info][gc,metaspace] GC(4604) Metaspace: 506284K(515072K)->506284K(515072K) NonClass: 444727K(449088K)->444727K(449088K) Class: 61556K(65984K)->61556K(65984K)
[2025-01-08T17:06:02.899+0000][160833.265s][info][gc          ] GC(4604) Pause Young (Concurrent Start) (G1 Evacuation Pause) 9642M->2348M(12288M) 35.736ms
[2025-01-08T17:06:02.899+0000][160833.265s][info][gc,cpu      ] GC(4604) User=0.21s Sys=0.00s Real=0.03s
[2025-01-08T17:06:02.899+0000][160833.265s][info][gc          ] GC(4605) Concurrent Mark Cycle
[2025-01-08T17:06:02.899+0000][160833.265s][info][gc,marking  ] GC(4605) Concurrent Clear Claimed Marks
[2025-01-08T17:06:02.900+0000][160833.266s][info][gc,marking  ] GC(4605) Concurrent Clear Claimed Marks 0.846ms
[2025-01-08T17:06:02.900+0000][160833.266s][info][gc,marking  ] GC(4605) Concurrent Scan Root Regions
[2025-01-08T17:06:02.925+0000][160833.291s][info][gc,marking  ] GC(4605) Concurrent Scan Root Regions 25.122ms
[2025-01-08T17:06:02.925+0000][160833.291s][info][gc,marking  ] GC(4605) Concurrent Mark
[2025-01-08T17:06:02.925+0000][160833.291s][info][gc,marking  ] GC(4605) Concurrent Mark From Roots
[2025-01-08T17:06:02.925+0000][160833.291s][info][gc,task     ] GC(4605) Using 2 workers of 2 for marking
[2025-01-08T17:06:03.760+0000][160834.126s][info][gc,marking  ] GC(4605) Concurrent Mark From Roots 835.036ms
[2025-01-08T17:06:03.760+0000][160834.126s][info][gc,marking  ] GC(4605) Concurrent Preclean
[2025-01-08T17:06:03.763+0000][160834.129s][info][gc,marking  ] GC(4605) Concurrent Preclean 2.796ms
[2025-01-08T17:06:03.763+0000][160834.129s][info][gc,start    ] GC(4605) Pause Remark
[2025-01-08T17:06:03.790+0000][160834.156s][info][gc          ] GC(4605) Pause Remark 3153M->3153M(12288M) 26.337ms
[2025-01-08T17:06:03.790+0000][160834.156s][info][gc,cpu      ] GC(4605) User=0.15s Sys=0.00s Real=0.03s
[2025-01-08T17:06:03.790+0000][160834.156s][info][gc,marking  ] GC(4605) Concurrent Mark 864.546ms
[2025-01-08T17:06:03.790+0000][160834.156s][info][gc,marking  ] GC(4605) Concurrent Rebuild Remembered Sets
[2025-01-08T17:06:04.323+0000][160834.689s][info][gc,marking  ] GC(4605) Concurrent Rebuild Remembered Sets 532.691ms
[2025-01-08T17:06:04.323+0000][160834.689s][info][gc,start    ] GC(4605) Pause Cleanup
[2025-01-08T17:06:04.323+0000][160834.689s][info][gc          ] GC(4605) Pause Cleanup 3496M->3496M(12288M) 0.434ms
[2025-01-08T17:06:04.323+0000][160834.689s][info][gc,cpu      ] GC(4605) User=0.00s Sys=0.00s Real=0.00s
[2025-01-08T17:06:04.323+0000][160834.689s][info][gc,marking  ] GC(4605) Concurrent Cleanup for Next Mark
[2025-01-08T17:06:04.339+0000][160834.705s][info][gc,marking  ] GC(4605) Concurrent Cleanup for Next Mark 15.344ms
[2025-01-08T17:06:04.339+0000][160834.705s][info][gc          ] GC(4605) Concurrent Mark Cycle 1439.371ms
[2025-01-08T17:06:08.461+0000][160838.827s][info][gc,start    ] GC(4606) Pause Young (Prepare Mixed) (G1 Evacuation Pause)
[2025-01-08T17:06:08.461+0000][160838.827s][info][gc,task     ] GC(4606) Using 6 workers of 6 for evacuation
[2025-01-08T17:06:08.495+0000][160838.861s][info][gc,phases   ] GC(4606)   Pre Evacuate Collection Set: 0.2ms
[2025-01-08T17:06:08.495+0000][160838.861s][info][gc,phases   ] GC(4606)   Merge Heap Roots: 0.7ms
[2025-01-08T17:06:08.495+0000][160838.861s][info][gc,phases   ] GC(4606)   Evacuate Collection Set: 29.8ms
[2025-01-08T17:06:08.495+0000][160838.861s][info][gc,phases   ] GC(4606)   Post Evacuate Collection Set: 2.5ms
[2025-01-08T17:06:08.495+0000][160838.861s][info][gc,phases   ] GC(4606)   Other: 0.3ms
[2025-01-08T17:06:08.495+0000][160838.861s][info][gc,heap     ] GC(4606) Eden regions: 911->0(67)
[2025-01-08T17:06:08.495+0000][160838.861s][info][gc,heap     ] GC(4606) Survivor regions: 10->9(116)
[2025-01-08T17:06:08.495+0000][160838.861s][info][gc,heap     ] GC(4606) Old regions: 235->235
[2025-01-08T17:06:08.495+0000][160838.861s][info][gc,heap     ] GC(4606) Archive regions: 2->2
[2025-01-08T17:06:08.495+0000][160838.861s][info][gc,heap     ] GC(4606) Humongous regions: 49->49
[2025-01-08T17:06:08.495+0000][160838.861s][info][gc,metaspace] GC(4606) Metaspace: 506285K(515072K)->506285K(515072K) NonClass: 444728K(449088K)->444728K(449088K) Class: 61556K(65984K)->61556K(65984K)
[2025-01-08T17:06:08.495+0000][160838.861s][info][gc          ] GC(4606) Pause Young (Prepare Mixed) (G1 Evacuation Pause) 9636M->2346M(12288M) 33.567ms
[2025-01-08T17:06:08.495+0000][160838.861s][info][gc,cpu      ] GC(4606) User=0.20s Sys=0.00s Real=0.04s
[2025-01-08T17:06:08.916+0000][160839.283s][info][gc,start    ] GC(4607) Pause Young (Mixed) (G1 Evacuation Pause)
[2025-01-08T17:06:08.916+0000][160839.283s][info][gc,task     ] GC(4607) Using 6 workers of 6 for evacuation
[2025-01-08T17:06:08.962+0000][160839.328s][info][gc,phases   ] GC(4607)   Pre Evacuate Collection Set: 0.2ms
[2025-01-08T17:06:08.962+0000][160839.328s][info][gc,phases   ] GC(4607)   Merge Heap Roots: 0.5ms
[2025-01-08T17:06:08.962+0000][160839.328s][info][gc,phases   ] GC(4607)   Evacuate Collection Set: 42.9ms
[2025-01-08T17:06:08.962+0000][160839.328s][info][gc,phases   ] GC(4607)   Post Evacuate Collection Set: 1.8ms
[2025-01-08T17:06:08.962+0000][160839.328s][info][gc,phases   ] GC(4607)   Other: 0.2ms
[2025-01-08T17:06:08.962+0000][160839.328s][info][gc,heap     ] GC(4607) Eden regions: 67->0(915)
[2025-01-08T17:06:08.962+0000][160839.328s][info][gc,heap     ] GC(4607) Survivor regions: 9->6(10)
[2025-01-08T17:06:08.962+0000][160839.328s][info][gc,heap     ] GC(4607) Old regions: 235->232
[2025-01-08T17:06:08.962+0000][160839.328s][info][gc,heap     ] GC(4607) Archive regions: 2->2
[2025-01-08T17:06:08.962+0000][160839.328s][info][gc,heap     ] GC(4607) Humongous regions: 49->49
[2025-01-08T17:06:08.962+0000][160839.328s][info][gc,metaspace] GC(4607) Metaspace: 506285K(515072K)->506285K(515072K) NonClass: 444728K(449088K)->444728K(449088K) Class: 61556K(65984K)->61556K(65984K)
[2025-01-08T17:06:08.962+0000][160839.328s][info][gc          ] GC(4607) Pause Young (Mixed) (G1 Evacuation Pause) 2882M->2300M(12288M) 45.528ms
[2025-01-08T17:06:08.962+0000][160839.328s][info][gc,cpu      ] GC(4607) User=0.26s Sys=0.00s Real=0.05s
[2025-01-08T17:06:20.476+0000][160850.842s][info][gc,start    ] GC(4608) Pause Young (Normal) (G1 Evacuation Pause)
[2025-01-08T17:06:20.476+0000][160850.842s][info][gc,task     ] GC(4608) Using 6 workers of 6 for evacuation
[2025-01-08T17:06:20.505+0000][160850.871s][info][gc,phases   ] GC(4608)   Pre Evacuate Collection Set: 0.2ms
[2025-01-08T17:06:20.505+0000][160850.871s][info][gc,phases   ] GC(4608)   Merge Heap Roots: 0.5ms
[2025-01-08T17:06:20.505+0000][160850.871s][info][gc,phases   ] GC(4608)   Evacuate Collection Set: 25.2ms
[2025-01-08T17:06:20.505+0000][160850.871s][info][gc,phases   ] GC(4608)   Post Evacuate Collection Set: 2.8ms
[2025-01-08T17:06:20.505+0000][160850.871s][info][gc,phases   ] GC(4608)   Other: 0.2ms
[2025-01-08T17:06:20.505+0000][160850.871s][info][gc,heap     ] GC(4608) Eden regions: 915->0(914)
[2025-01-08T17:06:20.505+0000][160850.871s][info][gc,heap     ] GC(4608) Survivor regions: 6->7(116)
[2025-01-08T17:06:20.505+0000][160850.871s][info][gc,heap     ] GC(4608) Old regions: 232->232
[2025-01-08T17:06:20.505+0000][160850.871s][info][gc,heap     ] GC(4608) Archive regions: 2->2
[2025-01-08T17:06:20.505+0000][160850.871s][info][gc,heap     ] GC(4608) Humongous regions: 49->49
[2025-01-08T17:06:20.505+0000][160850.871s][info][gc,metaspace] GC(4608) Metaspace: 506286K(515072K)->506286K(515072K) NonClass: 444729K(449088K)->444729K(449088K) Class: 61557K(65984K)->61557K(65984K)
[2025-01-08T17:06:20.505+0000][160850.872s][info][gc          ] GC(4608) Pause Young (Normal) (G1 Evacuation Pause) 9620M->2304M(12288M) 29.044ms
[2025-01-08T17:06:20.505+0000][160850.872s][info][gc,cpu      ] GC(4608) User=0.17s Sys=0.00s Real=0.03s
[2025-01-08T17:06:31.356+0000][160861.723s][info][gc,start    ] GC(4609) Pause Young (Normal) (G1 Evacuation Pause)
[2025-01-08T17:06:31.357+0000][160861.723s][info][gc,task     ] GC(4609) Using 6 workers of 6 for evacuation
[2025-01-08T17:06:31.387+0000][160861.754s][info][gc,phases   ] GC(4609)   Pre Evacuate Collection Set: 0.2ms
[2025-01-08T17:06:31.388+0000][160861.754s][info][gc,phases   ] GC(4609)   Merge Heap Roots: 0.5ms
[2025-01-08T17:06:31.388+0000][160861.754s][info][gc,phases   ] GC(4609)   Evacuate Collection Set: 27.5ms
[2025-01-08T17:06:31.388+0000][160861.754s][info][gc,phases   ] GC(4609)   Post Evacuate Collection Set: 2.6ms
[2025-01-08T17:06:31.388+0000][160861.754s][info][gc,phases   ] GC(4609)   Other: 0.2ms
[2025-01-08T17:06:31.388+0000][160861.754s][info][gc,heap     ] GC(4609) Eden regions: 914->0(913)
[2025-01-08T17:06:31.388+0000][160861.754s][info][gc,heap     ] GC(4609) Survivor regions: 7->8(116)
[2025-01-08T17:06:31.388+0000][160861.754s][info][gc,heap     ] GC(4609) Old regions: 232->232
[2025-01-08T17:06:31.388+0000][160861.754s][info][gc,heap     ] GC(4609) Archive regions: 2->2
[2025-01-08T17:06:31.388+0000][160861.754s][info][gc,heap     ] GC(4609) Humongous regions: 49->49
[2025-01-08T17:06:31.388+0000][160861.754s][info][gc,metaspace] GC(4609) Metaspace: 506286K(515072K)->506286K(515072K) NonClass: 444729K(449088K)->444729K(449088K) Class: 61557K(65984K)->61557K(65984K)
[2025-01-08T17:06:31.388+0000][160861.754s][info][gc          ] GC(4609) Pause Young (Normal) (G1 Evacuation Pause) 9616M->2318M(12288M) 31.122ms
[2025-01-08T17:06:31.388+0000][160861.754s][info][gc,cpu      ] GC(4609) User=0.18s Sys=0.00s Real=0.03s
[2025-01-08T17:06:44.809+0000][160875.175s][info][gc,start    ] GC(4610) Pause Young (Concurrent Start) (G1 Evacuation Pause)
[2025-01-08T17:06:44.809+0000][160875.175s][info][gc,task     ] GC(4610) Using 6 workers of 6 for evacuation
[2025-01-08T17:06:44.847+0000][160875.213s][info][gc,phases   ] GC(4610)   Pre Evacuate Collection Set: 1.1ms
[2025-01-08T17:06:44.847+0000][160875.213s][info][gc,phases   ] GC(4610)   Merge Heap Roots: 0.5ms
[2025-01-08T17:06:44.847+0000][160875.213s][info][gc,phases   ] GC(4610)   Evacuate Collection Set: 33.2ms
[2025-01-08T17:06:44.847+0000][160875.213s][info][gc,phases   ] GC(4610)   Post Evacuate Collection Set: 3.4ms
[2025-01-08T17:06:44.847+0000][160875.213s][info][gc,phases   ] GC(4610)   Other: 0.3ms
[2025-01-08T17:06:44.847+0000][160875.213s][info][gc,heap     ] GC(4610) Eden regions: 913->0(910)
[2025-01-08T17:06:44.847+0000][160875.213s][info][gc,heap     ] GC(4610) Survivor regions: 8->11(116)
[2025-01-08T17:06:44.847+0000][160875.213s][info][gc,heap     ] GC(4610) Old regions: 232->232
[2025-01-08T17:06:44.847+0000][160875.213s][info][gc,heap     ] GC(4610) Archive regions: 2->2
[2025-01-08T17:06:44.847+0000][160875.213s][info][gc,heap     ] GC(4610) Humongous regions: 49->49
[2025-01-08T17:06:44.847+0000][160875.213s][info][gc,metaspace] GC(4610) Metaspace: 506286K(515072K)->506286K(515072K) NonClass: 444729K(449088K)->444729K(449088K) Class: 61557K(65984K)->61557K(65984K)
[2025-01-08T17:06:44.847+0000][160875.213s][info][gc          ] GC(4610) Pause Young (Concurrent Start) (G1 Evacuation Pause) 9622M->2341M(12288M) 38.486ms
[2025-01-08T17:06:44.847+0000][160875.213s][info][gc,cpu      ] GC(4610) User=0.22s Sys=0.00s Real=0.04s
[2025-01-08T17:06:44.847+0000][160875.213s][info][gc          ] GC(4611) Concurrent Mark Cycle
[2025-01-08T17:06:44.847+0000][160875.213s][info][gc,marking  ] GC(4611) Concurrent Clear Claimed Marks
[2025-01-08T17:06:44.848+0000][160875.214s][info][gc,marking  ] GC(4611) Concurrent Clear Claimed Marks 0.931ms
[2025-01-08T17:06:44.848+0000][160875.214s][info][gc,marking  ] GC(4611) Concurrent Scan Root Regions
[2025-01-08T17:06:44.880+0000][160875.246s][info][gc,marking  ] GC(4611) Concurrent Scan Root Regions 31.326ms
[2025-01-08T17:06:44.880+0000][160875.246s][info][gc,marking  ] GC(4611) Concurrent Mark
[2025-01-08T17:06:44.880+0000][160875.246s][info][gc,marking  ] GC(4611) Concurrent Mark From Roots
[2025-01-08T17:06:44.880+0000][160875.246s][info][gc,task     ] GC(4611) Using 2 workers of 2 for marking
[2025-01-08T17:06:45.715+0000][160876.081s][info][gc,marking  ] GC(4611) Concurrent Mark From Roots 835.776ms
[2025-01-08T17:06:45.715+0000][160876.082s][info][gc,marking  ] GC(4611) Concurrent Preclean
[2025-01-08T17:06:45.719+0000][160876.085s][info][gc,marking  ] GC(4611) Concurrent Preclean 3.107ms
[2025-01-08T17:06:45.719+0000][160876.085s][info][gc,start    ] GC(4611) Pause Remark
[2025-01-08T17:06:45.745+0000][160876.111s][info][gc          ] GC(4611) Pause Remark 3429M->3429M(12288M) 26.059ms
[2025-01-08T17:06:45.745+0000][160876.111s][info][gc,cpu      ] GC(4611) User=0.15s Sys=0.00s Real=0.03s
[2025-01-08T17:06:45.745+0000][160876.111s][info][gc,marking  ] GC(4611) Concurrent Mark 865.304ms
[2025-01-08T17:06:45.745+0000][160876.111s][info][gc,marking  ] GC(4611) Concurrent Rebuild Remembered Sets
[2025-01-08T17:06:46.333+0000][160876.699s][info][gc,marking  ] GC(4611) Concurrent Rebuild Remembered Sets 587.985ms
[2025-01-08T17:06:46.333+0000][160876.699s][info][gc,start    ] GC(4611) Pause Cleanup
[2025-01-08T17:06:46.334+0000][160876.700s][info][gc          ] GC(4611) Pause Cleanup 4282M->4282M(12288M) 0.458ms
[2025-01-08T17:06:46.334+0000][160876.700s][info][gc,cpu      ] GC(4611) User=0.00s Sys=0.00s Real=0.00s
[2025-01-08T17:06:46.334+0000][160876.700s][info][gc,marking  ] GC(4611) Concurrent Cleanup for Next Mark
[2025-01-08T17:06:46.362+0000][160876.728s][info][gc,marking  ] GC(4611) Concurrent Cleanup for Next Mark 27.973ms
[2025-01-08T17:06:46.362+0000][160876.728s][info][gc          ] GC(4611) Concurrent Mark Cycle 1514.480ms
[2025-01-08T17:06:50.068+0000][160880.434s][info][gc,start    ] GC(4612) Pause Young (Prepare Mixed) (G1 Evacuation Pause)
[2025-01-08T17:06:50.068+0000][160880.434s][info][gc,task     ] GC(4612) Using 6 workers of 6 for evacuation
[2025-01-08T17:06:50.106+0000][160880.472s][info][gc,phases   ] GC(4612)   Pre Evacuate Collection Set: 0.2ms
[2025-01-08T17:06:50.106+0000][160880.472s][info][gc,phases   ] GC(4612)   Merge Heap Roots: 0.7ms
[2025-01-08T17:06:50.106+0000][160880.472s][info][gc,phases   ] GC(4612)   Evacuate Collection Set: 32.4ms
[2025-01-08T17:06:50.106+0000][160880.472s][info][gc,phases   ] GC(4612)   Post Evacuate Collection Set: 4.7ms
[2025-01-08T17:06:50.106+0000][160880.472s][info][gc,phases   ] GC(4612)   Other: 0.2ms
[2025-01-08T17:06:50.106+0000][160880.472s][info][gc,heap     ] GC(4612) Eden regions: 910->0(64)
[2025-01-08T17:06:50.106+0000][160880.472s][info][gc,heap     ] GC(4612) Survivor regions: 11->12(116)
[2025-01-08T17:06:50.106+0000][160880.472s][info][gc,heap     ] GC(4612) Old regions: 232->232
[2025-01-08T17:06:50.106+0000][160880.472s][info][gc,heap     ] GC(4612) Archive regions: 2->2
[2025-01-08T17:06:50.106+0000][160880.472s][info][gc,heap     ] GC(4612) Humongous regions: 49->49
[2025-01-08T17:06:50.106+0000][160880.472s][info][gc,metaspace] GC(4612) Metaspace: 506286K(515072K)->506286K(515072K) NonClass: 444729K(449088K)->444729K(449088K) Class: 61557K(65984K)->61557K(65984K)
[2025-01-08T17:06:50.106+0000][160880.472s][info][gc          ] GC(4612) Pause Young (Prepare Mixed) (G1 Evacuation Pause) 9621M->2350M(12288M) 38.280ms
[2025-01-08T17:06:50.106+0000][160880.472s][info][gc,cpu      ] GC(4612) User=0.22s Sys=0.00s Real=0.04s
[2025-01-08T17:06:50.972+0000][160881.338s][info][gc,start    ] GC(4613) Pause Young (Mixed) (G1 Evacuation Pause)
[2025-01-08T17:06:50.972+0000][160881.338s][info][gc,task     ] GC(4613) Using 6 workers of 6 for evacuation
[2025-01-08T17:06:51.032+0000][160881.398s][info][gc,phases   ] GC(4613)   Pre Evacuate Collection Set: 0.2ms
[2025-01-08T17:06:51.032+0000][160881.398s][info][gc,phases   ] GC(4613)   Merge Heap Roots: 0.6ms
[2025-01-08T17:06:51.032+0000][160881.398s][info][gc,phases   ] GC(4613)   Evacuate Collection Set: 57.4ms
[2025-01-08T17:06:51.032+0000][160881.398s][info][gc,phases   ] GC(4613)   Post Evacuate Collection Set: 1.9ms
[2025-01-08T17:06:51.032+0000][160881.398s][info][gc,phases   ] GC(4613)   Other: 0.2ms
[2025-01-08T17:06:51.032+0000][160881.398s][info][gc,heap     ] GC(4613) Eden regions: 64->0(916)
[2025-01-08T17:06:51.032+0000][160881.398s][info][gc,heap     ] GC(4613) Survivor regions: 12->5(10)
[2025-01-08T17:06:51.032+0000][160881.398s][info][gc,heap     ] GC(4613) Old regions: 232->234
[2025-01-08T17:06:51.032+0000][160881.398s][info][gc,heap     ] GC(4613) Archive regions: 2->2
[2025-01-08T17:06:51.032+0000][160881.398s][info][gc,heap     ] GC(4613) Humongous regions: 49->49
[2025-01-08T17:06:51.032+0000][160881.398s][info][gc,metaspace] GC(4613) Metaspace: 506290K(515072K)->506290K(515072K) NonClass: 444732K(449088K)->444732K(449088K) Class: 61558K(65984K)->61558K(65984K)
[2025-01-08T17:06:51.032+0000][160881.398s][info][gc          ] GC(4613) Pause Young (Mixed) (G1 Evacuation Pause) 2862M->2301M(12288M) 60.321ms
[2025-01-08T17:06:51.032+0000][160881.398s][info][gc,cpu      ] GC(4613) User=0.35s Sys=0.00s Real=0.06s
[2025-01-08T17:07:02.434+0000][160892.800s][info][gc,start    ] GC(4614) Pause Young (Normal) (G1 Evacuation Pause)
[2025-01-08T17:07:02.434+0000][160892.800s][info][gc,task     ] GC(4614) Using 6 workers of 6 for evacuation
[2025-01-08T17:07:02.463+0000][160892.829s][info][gc,phases   ] GC(4614)   Pre Evacuate Collection Set: 0.3ms
[2025-01-08T17:07:02.463+0000][160892.829s][info][gc,phases   ] GC(4614)   Merge Heap Roots: 0.5ms
[2025-01-08T17:07:02.463+0000][160892.829s][info][gc,phases   ] GC(4614)   Evacuate Collection Set: 23.6ms
[2025-01-08T17:07:02.463+0000][160892.829s][info][gc,phases   ] GC(4614)   Post Evacuate Collection Set: 4.1ms
[2025-01-08T17:07:02.463+0000][160892.829s][info][gc,phases   ] GC(4614)   Other: 0.2ms
[2025-01-08T17:07:02.463+0000][160892.829s][info][gc,heap     ] GC(4614) Eden regions: 916->0(914)
[2025-01-08T17:07:02.463+0000][160892.829s][info][gc,heap     ] GC(4614) Survivor regions: 5->7(116)
[2025-01-08T17:07:02.463+0000][160892.829s][info][gc,heap     ] GC(4614) Old regions: 234->234
[2025-01-08T17:07:02.463+0000][160892.829s][info][gc,heap     ] GC(4614) Archive regions: 2->2
[2025-01-08T17:07:02.463+0000][160892.829s][info][gc,heap     ] GC(4614) Humongous regions: 49->49
[2025-01-08T17:07:02.463+0000][160892.829s][info][gc,metaspace] GC(4614) Metaspace: 506291K(515072K)->506291K(515072K) NonClass: 444733K(449088K)->444733K(449088K) Class: 61558K(65984K)->61558K(65984K)
[2025-01-08T17:07:02.463+0000][160892.829s][info][gc          ] GC(4614) Pause Young (Normal) (G1 Evacuation Pause) 9629M->2318M(12288M) 28.685ms
[2025-01-08T17:07:02.463+0000][160892.829s][info][gc,cpu      ] GC(4614) User=0.17s Sys=0.00s Real=0.03s
[2025-01-08T17:07:09.022+0000][160899.388s][info][gc,start    ] GC(4615) Pause Young (Normal) (G1 Evacuation Pause)
[2025-01-08T17:07:09.022+0000][160899.388s][info][gc,task     ] GC(4615) Using 6 workers of 6 for evacuation
[2025-01-08T17:07:09.049+0000][160899.415s][info][gc,phases   ] GC(4615)   Pre Evacuate Collection Set: 0.2ms
[2025-01-08T17:07:09.049+0000][160899.415s][info][gc,phases   ] GC(4615)   Merge Heap Roots: 0.4ms
[2025-01-08T17:07:09.049+0000][160899.415s][info][gc,phases   ] GC(4615)   Evacuate Collection Set: 23.8ms
[2025-01-08T17:07:09.049+0000][160899.415s][info][gc,phases   ] GC(4615)   Post Evacuate Collection Set: 2.4ms
[2025-01-08T17:07:09.049+0000][160899.416s][info][gc,phases   ] GC(4615)   Other: 0.2ms
[2025-01-08T17:07:09.049+0000][160899.416s][info][gc,heap     ] GC(4615) Eden regions: 914->0(913)
[2025-01-08T17:07:09.049+0000][160899.416s][info][gc,heap     ] GC(4615) Survivor regions: 7->8(116)
[2025-01-08T17:07:09.049+0000][160899.416s][info][gc,heap     ] GC(4615) Old regions: 234->234
[2025-01-08T17:07:09.049+0000][160899.416s][info][gc,heap     ] GC(4615) Archive regions: 2->2
[2025-01-08T17:07:09.049+0000][160899.416s][info][gc,heap     ] GC(4615) Humongous regions: 49->49
[2025-01-08T17:07:09.049+0000][160899.416s][info][gc,metaspace] GC(4615) Metaspace: 506291K(515072K)->506291K(515072K) NonClass: 444733K(449088K)->444733K(449088K) Class: 61558K(65984K)->61558K(65984K)
[2025-01-08T17:07:09.050+0000][160899.416s][info][gc          ] GC(4615) Pause Young (Normal) (G1 Evacuation Pause) 9630M->2322M(12288M) 27.186ms
[2025-01-08T17:07:09.050+0000][160899.416s][info][gc,cpu      ] GC(4615) User=0.16s Sys=0.00s Real=0.03s
[2025-01-08T17:07:17.084+0000][160907.450s][info][gc,start    ] GC(4616) Pause Young (Concurrent Start) (G1 Evacuation Pause)
[2025-01-08T17:07:17.084+0000][160907.450s][info][gc,task     ] GC(4616) Using 6 workers of 6 for evacuation
[2025-01-08T17:07:17.116+0000][160907.482s][info][gc,phases   ] GC(4616)   Pre Evacuate Collection Set: 1.1ms
[2025-01-08T17:07:17.116+0000][160907.482s][info][gc,phases   ] GC(4616)   Merge Heap Roots: 0.5ms
[2025-01-08T17:07:17.116+0000][160907.482s][info][gc,phases   ] GC(4616)   Evacuate Collection Set: 27.6ms
[2025-01-08T17:07:17.116+0000][160907.482s][info][gc,phases   ] GC(4616)   Post Evacuate Collection Set: 2.6ms
[2025-01-08T17:07:17.116+0000][160907.482s][info][gc,phases   ] GC(4616)   Other: 0.3ms
[2025-01-08T17:07:17.116+0000][160907.482s][info][gc,heap     ] GC(4616) Eden regions: 913->0(912)
[2025-01-08T17:07:17.116+0000][160907.482s][info][gc,heap     ] GC(4616) Survivor regions: 8->9(116)
[2025-01-08T17:07:17.116+0000][160907.482s][info][gc,heap     ] GC(4616) Old regions: 234->234
[2025-01-08T17:07:17.116+0000][160907.482s][info][gc,heap     ] GC(4616) Archive regions: 2->2
[2025-01-08T17:07:17.116+0000][160907.482s][info][gc,heap     ] GC(4616) Humongous regions: 49->49
[2025-01-08T17:07:17.116+0000][160907.483s][info][gc,metaspace] GC(4616) Metaspace: 506291K(515072K)->506291K(515072K) NonClass: 444733K(449088K)->444733K(449088K) Class: 61558K(65984K)->61558K(65984K)
[2025-01-08T17:07:17.116+0000][160907.483s][info][gc          ] GC(4616) Pause Young (Concurrent Start) (G1 Evacuation Pause) 9626M->2332M(12288M) 32.213ms
[2025-01-08T17:07:17.116+0000][160907.483s][info][gc,cpu      ] GC(4616) User=0.18s Sys=0.00s Real=0.03s
[2025-01-08T17:07:17.117+0000][160907.483s][info][gc          ] GC(4617) Concurrent Mark Cycle
[2025-01-08T17:07:17.117+0000][160907.483s][info][gc,marking  ] GC(4617) Concurrent Clear Claimed Marks
[2025-01-08T17:07:17.117+0000][160907.484s][info][gc,marking  ] GC(4617) Concurrent Clear Claimed Marks 0.876ms
[2025-01-08T17:07:17.117+0000][160907.484s][info][gc,marking  ] GC(4617) Concurrent Scan Root Regions
[2025-01-08T17:07:17.143+0000][160907.509s][info][gc,marking  ] GC(4617) Concurrent Scan Root Regions 25.601ms
[2025-01-08T17:07:17.143+0000][160907.509s][info][gc,marking  ] GC(4617) Concurrent Mark
[2025-01-08T17:07:17.143+0000][160907.509s][info][gc,marking  ] GC(4617) Concurrent Mark From Roots
[2025-01-08T17:07:17.143+0000][160907.509s][info][gc,task     ] GC(4617) Using 2 workers of 2 for marking
[2025-01-08T17:07:17.947+0000][160908.313s][info][gc,marking  ] GC(4617) Concurrent Mark From Roots 803.556ms
[2025-01-08T17:07:17.947+0000][160908.313s][info][gc,marking  ] GC(4617) Concurrent Preclean
[2025-01-08T17:07:17.950+0000][160908.316s][info][gc,marking  ] GC(4617) Concurrent Preclean 3.536ms
[2025-01-08T17:07:17.950+0000][160908.316s][info][gc,start    ] GC(4617) Pause Remark
[2025-01-08T17:07:17.977+0000][160908.343s][info][gc          ] GC(4617) Pause Remark 2828M->2828M(12288M) 26.481ms
[2025-01-08T17:07:17.977+0000][160908.343s][info][gc,cpu      ] GC(4617) User=0.15s Sys=0.00s Real=0.02s
[2025-01-08T17:07:17.977+0000][160908.343s][info][gc,marking  ] GC(4617) Concurrent Mark 833.966ms
[2025-01-08T17:07:17.977+0000][160908.343s][info][gc,marking  ] GC(4617) Concurrent Rebuild Remembered Sets
[2025-01-08T17:07:18.490+0000][160908.856s][info][gc,marking  ] GC(4617) Concurrent Rebuild Remembered Sets 513.002ms
[2025-01-08T17:07:18.490+0000][160908.856s][info][gc,start    ] GC(4617) Pause Cleanup
[2025-01-08T17:07:18.491+0000][160908.857s][info][gc          ] GC(4617) Pause Cleanup 3196M->3196M(12288M) 0.430ms
[2025-01-08T17:07:18.491+0000][160908.857s][info][gc,cpu      ] GC(4617) User=0.00s Sys=0.00s Real=0.00s
[2025-01-08T17:07:18.491+0000][160908.857s][info][gc,marking  ] GC(4617) Concurrent Cleanup for Next Mark
[2025-01-08T17:07:18.507+0000][160908.873s][info][gc,marking  ] GC(4617) Concurrent Cleanup for Next Mark 15.828ms
[2025-01-08T17:07:18.507+0000][160908.873s][info][gc          ] GC(4617) Concurrent Mark Cycle 1390.174ms
[2025-01-08T17:07:24.420+0000][160914.786s][info][gc,start    ] GC(4618) Pause Young (Prepare Mixed) (G1 Evacuation Pause)
[2025-01-08T17:07:24.420+0000][160914.786s][info][gc,task     ] GC(4618) Using 6 workers of 6 for evacuation
[2025-01-08T17:07:24.453+0000][160914.819s][info][gc,phases   ] GC(4618)   Pre Evacuate Collection Set: 0.2ms
[2025-01-08T17:07:24.453+0000][160914.819s][info][gc,phases   ] GC(4618)   Merge Heap Roots: 0.7ms
[2025-01-08T17:07:24.453+0000][160914.819s][info][gc,phases   ] GC(4618)   Evacuate Collection Set: 30.0ms
[2025-01-08T17:07:24.453+0000][160914.819s][info][gc,phases   ] GC(4618)   Post Evacuate Collection Set: 2.6ms
[2025-01-08T17:07:24.453+0000][160914.819s][info][gc,phases   ] GC(4618)   Other: 0.2ms
[2025-01-08T17:07:24.453+0000][160914.819s][info][gc,heap     ] GC(4618) Eden regions: 912->0(66)
[2025-01-08T17:07:24.453+0000][160914.819s][info][gc,heap     ] GC(4618) Survivor regions: 9->10(116)
[2025-01-08T17:07:24.453+0000][160914.819s][info][gc,heap     ] GC(4618) Old regions: 234->234
[2025-01-08T17:07:24.453+0000][160914.819s][info][gc,heap     ] GC(4618) Archive regions: 2->2
[2025-01-08T17:07:24.453+0000][160914.819s][info][gc,heap     ] GC(4618) Humongous regions: 49->49
[2025-01-08T17:07:24.453+0000][160914.819s][info][gc,metaspace] GC(4618) Metaspace: 506291K(515072K)->506291K(515072K) NonClass: 444733K(449088K)->444733K(449088K) Class: 61558K(65984K)->61558K(65984K)
[2025-01-08T17:07:24.453+0000][160914.819s][info][gc          ] GC(4618) Pause Young (Prepare Mixed) (G1 Evacuation Pause) 9628M->2339M(12288M) 33.835ms
[2025-01-08T17:07:24.453+0000][160914.820s][info][gc,cpu      ] GC(4618) User=0.19s Sys=0.00s Real=0.04s
[2025-01-08T17:07:24.872+0000][160915.238s][info][gc,start    ] GC(4619) Pause Young (Mixed) (G1 Evacuation Pause)
[2025-01-08T17:07:24.872+0000][160915.238s][info][gc,task     ] GC(4619) Using 6 workers of 6 for evacuation
[2025-01-08T17:07:24.939+0000][160915.305s][info][gc,phases   ] GC(4619)   Pre Evacuate Collection Set: 0.2ms
[2025-01-08T17:07:24.939+0000][160915.305s][info][gc,phases   ] GC(4619)   Merge Heap Roots: 0.7ms
[2025-01-08T17:07:24.939+0000][160915.305s][info][gc,phases   ] GC(4619)   Evacuate Collection Set: 64.5ms
[2025-01-08T17:07:24.939+0000][160915.305s][info][gc,phases   ] GC(4619)   Post Evacuate Collection Set: 2.0ms
[2025-01-08T17:07:24.939+0000][160915.305s][info][gc,phases   ] GC(4619)   Other: 0.2ms
[2025-01-08T17:07:24.939+0000][160915.305s][info][gc,heap     ] GC(4619) Eden regions: 66->0(915)
[2025-01-08T17:07:24.939+0000][160915.305s][info][gc,heap     ] GC(4619) Survivor regions: 10->6(10)
[2025-01-08T17:07:24.939+0000][160915.305s][info][gc,heap     ] GC(4619) Old regions: 234->233
[2025-01-08T17:07:24.939+0000][160915.305s][info][gc,heap     ] GC(4619) Archive regions: 2->2
[2025-01-08T17:07:24.939+0000][160915.305s][info][gc,heap     ] GC(4619) Humongous regions: 49->49
[2025-01-08T17:07:24.939+0000][160915.305s][info][gc,metaspace] GC(4619) Metaspace: 506291K(515072K)->506291K(515072K) NonClass: 444733K(449088K)->444733K(449088K) Class: 61558K(65984K)->61558K(65984K)
[2025-01-08T17:07:24.939+0000][160915.305s][info][gc          ] GC(4619) Pause Young (Mixed) (G1 Evacuation Pause) 2867M->2301M(12288M) 67.722ms
[2025-01-08T17:07:24.939+0000][160915.306s][info][gc,cpu      ] GC(4619) User=0.38s Sys=0.00s Real=0.06s
[2025-01-08T17:07:30.593+0000][160920.959s][info][gc,start    ] GC(4620) Pause Young (Normal) (G1 Evacuation Pause)
[2025-01-08T17:07:30.593+0000][160920.959s][info][gc,task     ] GC(4620) Using 6 workers of 6 for evacuation
[2025-01-08T17:07:30.618+0000][160920.984s][info][gc,phases   ] GC(4620)   Pre Evacuate Collection Set: 0.2ms
[2025-01-08T17:07:30.618+0000][160920.984s][info][gc,phases   ] GC(4620)   Merge Heap Roots: 0.4ms
[2025-01-08T17:07:30.618+0000][160920.984s][info][gc,phases   ] GC(4620)   Evacuate Collection Set: 21.5ms
[2025-01-08T17:07:30.618+0000][160920.984s][info][gc,phases   ] GC(4620)   Post Evacuate Collection Set: 2.5ms
[2025-01-08T17:07:30.618+0000][160920.984s][info][gc,phases   ] GC(4620)   Other: 0.3ms
[2025-01-08T17:07:30.618+0000][160920.984s][info][gc,heap     ] GC(4620) Eden regions: 915->0(914)
[2025-01-08T17:07:30.618+0000][160920.984s][info][gc,heap     ] GC(4620) Survivor regions: 6->7(116)
[2025-01-08T17:07:30.618+0000][160920.984s][info][gc,heap     ] GC(4620) Old regions: 233->233
[2025-01-08T17:07:30.618+0000][160920.984s][info][gc,heap     ] GC(4620) Archive regions: 2->2
[2025-01-08T17:07:30.618+0000][160920.984s][info][gc,heap     ] GC(4620) Humongous regions: 49->49
[2025-01-08T17:07:30.618+0000][160920.984s][info][gc,metaspace] GC(4620) Metaspace: 506291K(515072K)->506291K(515072K) NonClass: 444733K(449088K)->444733K(449088K) Class: 61558K(65984K)->61558K(65984K)
[2025-01-08T17:07:30.618+0000][160920.984s][info][gc          ] GC(4620) Pause Young (Normal) (G1 Evacuation Pause) 9621M->2304M(12288M) 24.942ms
[2025-01-08T17:07:30.618+0000][160920.984s][info][gc,cpu      ] GC(4620) User=0.14s Sys=0.00s Real=0.02s
[2025-01-08T17:07:38.740+0000][160929.106s][info][gc,start    ] GC(4621) Pause Young (Normal) (G1 Evacuation Pause)
[2025-01-08T17:07:38.740+0000][160929.106s][info][gc,task     ] GC(4621) Using 6 workers of 6 for evacuation
[2025-01-08T17:07:38.771+0000][160929.137s][info][gc,phases   ] GC(4621)   Pre Evacuate Collection Set: 0.2ms
[2025-01-08T17:07:38.771+0000][160929.137s][info][gc,phases   ] GC(4621)   Merge Heap Roots: 0.4ms
[2025-01-08T17:07:38.771+0000][160929.137s][info][gc,phases   ] GC(4621)   Evacuate Collection Set: 25.7ms
[2025-01-08T17:07:38.771+0000][160929.137s][info][gc,phases   ] GC(4621)   Post Evacuate Collection Set: 4.0ms
[2025-01-08T17:07:38.771+0000][160929.137s][info][gc,phases   ] GC(4621)   Other: 0.2ms
[2025-01-08T17:07:38.771+0000][160929.137s][info][gc,heap     ] GC(4621) Eden regions: 914->0(912)
[2025-01-08T17:07:38.771+0000][160929.137s][info][gc,heap     ] GC(4621) Survivor regions: 7->9(116)
[2025-01-08T17:07:38.771+0000][160929.137s][info][gc,heap     ] GC(4621) Old regions: 233->233
[2025-01-08T17:07:38.771+0000][160929.137s][info][gc,heap     ] GC(4621) Archive regions: 2->2
[2025-01-08T17:07:38.771+0000][160929.137s][info][gc,heap     ] GC(4621) Humongous regions: 49->49
[2025-01-08T17:07:38.771+0000][160929.137s][info][gc,metaspace] GC(4621) Metaspace: 506296K(515072K)->506296K(515072K) NonClass: 444738K(449088K)->444738K(449088K) Class: 61558K(65984K)->61558K(65984K)
[2025-01-08T17:07:38.771+0000][160929.137s][info][gc          ] GC(4621) Pause Young (Normal) (G1 Evacuation Pause) 9616M->2325M(12288M) 30.614ms
[2025-01-08T17:07:38.771+0000][160929.137s][info][gc,cpu      ] GC(4621) User=0.18s Sys=0.00s Real=0.04s
[2025-01-08T17:07:49.587+0000][160939.953s][info][gc,start    ] GC(4622) Pause Young (Concurrent Start) (G1 Evacuation Pause)
[2025-01-08T17:07:49.587+0000][160939.953s][info][gc,task     ] GC(4622) Using 6 workers of 6 for evacuation
[2025-01-08T17:07:49.622+0000][160939.988s][info][gc,phases   ] GC(4622)   Pre Evacuate Collection Set: 1.1ms
[2025-01-08T17:07:49.622+0000][160939.988s][info][gc,phases   ] GC(4622)   Merge Heap Roots: 0.5ms
[2025-01-08T17:07:49.622+0000][160939.988s][info][gc,phases   ] GC(4622)   Evacuate Collection Set: 29.2ms
[2025-01-08T17:07:49.622+0000][160939.988s][info][gc,phases   ] GC(4622)   Post Evacuate Collection Set: 4.1ms
[2025-01-08T17:07:49.622+0000][160939.988s][info][gc,phases   ] GC(4622)   Other: 0.3ms
[2025-01-08T17:07:49.622+0000][160939.988s][info][gc,heap     ] GC(4622) Eden regions: 912->0(910)
[2025-01-08T17:07:49.622+0000][160939.988s][info][gc,heap     ] GC(4622) Survivor regions: 9->11(116)
[2025-01-08T17:07:49.622+0000][160939.988s][info][gc,heap     ] GC(4622) Old regions: 233->233
[2025-01-08T17:07:49.622+0000][160939.988s][info][gc,heap     ] GC(4622) Archive regions: 2->2
[2025-01-08T17:07:49.622+0000][160939.988s][info][gc,heap     ] GC(4622) Humongous regions: 49->49
[2025-01-08T17:07:49.622+0000][160939.988s][info][gc,metaspace] GC(4622) Metaspace: 506296K(515072K)->506296K(515072K) NonClass: 444738K(449088K)->444738K(449088K) Class: 61558K(65984K)->61558K(65984K)
[2025-01-08T17:07:49.622+0000][160939.988s][info][gc          ] GC(4622) Pause Young (Concurrent Start) (G1 Evacuation Pause) 9621M->2337M(12288M) 35.260ms
[2025-01-08T17:07:49.622+0000][160939.988s][info][gc,cpu      ] GC(4622) User=0.20s Sys=0.00s Real=0.04s
[2025-01-08T17:07:49.622+0000][160939.988s][info][gc          ] GC(4623) Concurrent Mark Cycle
[2025-01-08T17:07:49.622+0000][160939.988s][info][gc,marking  ] GC(4623) Concurrent Clear Claimed Marks
[2025-01-08T17:07:49.623+0000][160939.989s][info][gc,marking  ] GC(4623) Concurrent Clear Claimed Marks 0.870ms
[2025-01-08T17:07:49.623+0000][160939.989s][info][gc,marking  ] GC(4623) Concurrent Scan Root Regions
[2025-01-08T17:07:49.643+0000][160940.009s][info][gc,marking  ] GC(4623) Concurrent Scan Root Regions 20.183ms
[2025-01-08T17:07:49.643+0000][160940.009s][info][gc,marking  ] GC(4623) Concurrent Mark
[2025-01-08T17:07:49.643+0000][160940.009s][info][gc,marking  ] GC(4623) Concurrent Mark From Roots
[2025-01-08T17:07:49.643+0000][160940.009s][info][gc,task     ] GC(4623) Using 2 workers of 2 for marking
[2025-01-08T17:07:50.430+0000][160940.796s][info][gc,marking  ] GC(4623) Concurrent Mark From Roots 787.196ms
[2025-01-08T17:07:50.430+0000][160940.796s][info][gc,marking  ] GC(4623) Concurrent Preclean
[2025-01-08T17:07:50.433+0000][160940.799s][info][gc,marking  ] GC(4623) Concurrent Preclean 2.530ms
[2025-01-08T17:07:50.433+0000][160940.799s][info][gc,start    ] GC(4623) Pause Remark
[2025-01-08T17:07:50.460+0000][160940.826s][info][gc          ] GC(4623) Pause Remark 2933M->2933M(12288M) 26.667ms
[2025-01-08T17:07:50.460+0000][160940.826s][info][gc,cpu      ] GC(4623) User=0.15s Sys=0.01s Real=0.02s
[2025-01-08T17:07:50.460+0000][160940.826s][info][gc,marking  ] GC(4623) Concurrent Mark 816.729ms
[2025-01-08T17:07:50.460+0000][160940.826s][info][gc,marking  ] GC(4623) Concurrent Rebuild Remembered Sets
[2025-01-08T17:07:50.971+0000][160941.337s][info][gc,marking  ] GC(4623) Concurrent Rebuild Remembered Sets 511.112ms
[2025-01-08T17:07:50.971+0000][160941.337s][info][gc,start    ] GC(4623) Pause Cleanup
[2025-01-08T17:07:50.972+0000][160941.338s][info][gc          ] GC(4623) Pause Cleanup 3265M->3265M(12288M) 0.420ms
[2025-01-08T17:07:50.972+0000][160941.338s][info][gc,cpu      ] GC(4623) User=0.00s Sys=0.00s Real=0.00s
[2025-01-08T17:07:50.972+0000][160941.338s][info][gc,marking  ] GC(4623) Concurrent Cleanup for Next Mark
[2025-01-08T17:07:50.987+0000][160941.353s][info][gc,marking  ] GC(4623) Concurrent Cleanup for Next Mark 15.665ms
[2025-01-08T17:07:50.987+0000][160941.353s][info][gc          ] GC(4623) Concurrent Mark Cycle 1365.369ms
[2025-01-08T17:07:59.356+0000][160949.723s][info][gc,start    ] GC(4624) Pause Young (Prepare Mixed) (G1 Evacuation Pause)
[2025-01-08T17:07:59.357+0000][160949.723s][info][gc,task     ] GC(4624) Using 6 workers of 6 for evacuation
[2025-01-08T17:07:59.394+0000][160949.760s][info][gc,phases   ] GC(4624)   Pre Evacuate Collection Set: 0.2ms
[2025-01-08T17:07:59.394+0000][160949.761s][info][gc,phases   ] GC(4624)   Merge Heap Roots: 0.7ms
[2025-01-08T17:07:59.394+0000][160949.761s][info][gc,phases   ] GC(4624)   Evacuate Collection Set: 32.7ms
[2025-01-08T17:07:59.394+0000][160949.761s][info][gc,phases   ] GC(4624)   Post Evacuate Collection Set: 4.1ms
[2025-01-08T17:07:59.394+0000][160949.761s][info][gc,phases   ] GC(4624)   Other: 0.2ms
[2025-01-08T17:07:59.394+0000][160949.761s][info][gc,heap     ] GC(4624) Eden regions: 910->0(64)
[2025-01-08T17:07:59.394+0000][160949.761s][info][gc,heap     ] GC(4624) Survivor regions: 11->12(116)
[2025-01-08T17:07:59.394+0000][160949.761s][info][gc,heap     ] GC(4624) Old regions: 233->233
[2025-01-08T17:07:59.394+0000][160949.761s][info][gc,heap     ] GC(4624) Archive regions: 2->2
[2025-01-08T17:07:59.394+0000][160949.761s][info][gc,heap     ] GC(4624) Humongous regions: 49->49
[2025-01-08T17:07:59.394+0000][160949.761s][info][gc,metaspace] GC(4624) Metaspace: 506296K(515072K)->506296K(515072K) NonClass: 444738K(449088K)->444738K(449088K) Class: 61558K(65984K)->61558K(65984K)
[2025-01-08T17:07:59.395+0000][160949.761s][info][gc          ] GC(4624) Pause Young (Prepare Mixed) (G1 Evacuation Pause) 9617M->2347M(12288M) 38.009ms
[2025-01-08T17:07:59.395+0000][160949.761s][info][gc,cpu      ] GC(4624) User=0.23s Sys=0.00s Real=0.04s
[2025-01-08T17:07:59.974+0000][160950.340s][info][gc,start    ] GC(4625) Pause Young (Mixed) (G1 Evacuation Pause)
[2025-01-08T17:07:59.974+0000][160950.340s][info][gc,task     ] GC(4625) Using 6 workers of 6 for evacuation
[2025-01-08T17:08:00.040+0000][160950.406s][info][gc,phases   ] GC(4625)   Pre Evacuate Collection Set: 0.2ms
[2025-01-08T17:08:00.040+0000][160950.406s][info][gc,phases   ] GC(4625)   Merge Heap Roots: 0.6ms
[2025-01-08T17:08:00.040+0000][160950.406s][info][gc,phases   ] GC(4625)   Evacuate Collection Set: 63.4ms
[2025-01-08T17:08:00.040+0000][160950.406s][info][gc,phases   ] GC(4625)   Post Evacuate Collection Set: 1.7ms
[2025-01-08T17:08:00.040+0000][160950.406s][info][gc,phases   ] GC(4625)   Other: 0.2ms
[2025-01-08T17:08:00.040+0000][160950.406s][info][gc,heap     ] GC(4625) Eden regions: 64->0(917)
[2025-01-08T17:08:00.040+0000][160950.406s][info][gc,heap     ] GC(4625) Survivor regions: 12->4(10)
[2025-01-08T17:08:00.040+0000][160950.406s][info][gc,heap     ] GC(4625) Old regions: 233->235
[2025-01-08T17:08:00.040+0000][160950.406s][info][gc,heap     ] GC(4625) Archive regions: 2->2
[2025-01-08T17:08:00.040+0000][160950.406s][info][gc,heap     ] GC(4625) Humongous regions: 49->49
[2025-01-08T17:08:00.040+0000][160950.406s][info][gc,metaspace] GC(4625) Metaspace: 506296K(515072K)->506296K(515072K) NonClass: 444738K(449088K)->444738K(449088K) Class: 61558K(65984K)->61558K(65984K)
[2025-01-08T17:08:00.040+0000][160950.406s][info][gc          ] GC(4625) Pause Young (Mixed) (G1 Evacuation Pause) 2859M->2307M(12288M) 66.146ms
[2025-01-08T17:08:00.040+0000][160950.406s][info][gc,cpu      ] GC(4625) User=0.39s Sys=0.00s Real=0.06s
[2025-01-08T17:08:06.104+0000][160956.470s][info][gc,start    ] GC(4626) Pause Young (Normal) (G1 Evacuation Pause)
[2025-01-08T17:08:06.104+0000][160956.470s][info][gc,task     ] GC(4626) Using 6 workers of 6 for evacuation
[2025-01-08T17:08:06.128+0000][160956.494s][info][gc,phases   ] GC(4626)   Pre Evacuate Collection Set: 0.2ms
[2025-01-08T17:08:06.128+0000][160956.494s][info][gc,phases   ] GC(4626)   Merge Heap Roots: 0.4ms
[2025-01-08T17:08:06.128+0000][160956.494s][info][gc,phases   ] GC(4626)   Evacuate Collection Set: 20.4ms
[2025-01-08T17:08:06.128+0000][160956.494s][info][gc,phases   ] GC(4626)   Post Evacuate Collection Set: 2.6ms
[2025-01-08T17:08:06.128+0000][160956.494s][info][gc,phases   ] GC(4626)   Other: 0.2ms
[2025-01-08T17:08:06.128+0000][160956.494s][info][gc,heap     ] GC(4626) Eden regions: 917->0(915)
[2025-01-08T17:08:06.128+0000][160956.494s][info][gc,heap     ] GC(4626) Survivor regions: 4->6(116)
[2025-01-08T17:08:06.128+0000][160956.494s][info][gc,heap     ] GC(4626) Old regions: 235->235
[2025-01-08T17:08:06.128+0000][160956.494s][info][gc,heap     ] GC(4626) Archive regions: 2->2
[2025-01-08T17:08:06.128+0000][160956.494s][info][gc,heap     ] GC(4626) Humongous regions: 49->49
[2025-01-08T17:08:06.128+0000][160956.494s][info][gc,metaspace] GC(4626) Metaspace: 506296K(515072K)->506296K(515072K) NonClass: 444738K(449088K)->444738K(449088K) Class: 61558K(65984K)->61558K(65984K)
[2025-01-08T17:08:06.128+0000][160956.494s][info][gc          ] GC(4626) Pause Young (Normal) (G1 Evacuation Pause) 9643M->2317M(12288M) 23.948ms
[2025-01-08T17:08:06.128+0000][160956.494s][info][gc,cpu      ] GC(4626) User=0.12s Sys=0.01s Real=0.02s
[2025-01-08T17:08:11.403+0000][160961.769s][info][gc,start    ] GC(4627) Pause Young (Normal) (G1 Evacuation Pause)
[2025-01-08T17:08:11.403+0000][160961.769s][info][gc,task     ] GC(4627) Using 6 workers of 6 for evacuation
[2025-01-08T17:08:11.425+0000][160961.791s][info][gc,phases   ] GC(4627)   Pre Evacuate Collection Set: 0.2ms
[2025-01-08T17:08:11.425+0000][160961.791s][info][gc,phases   ] GC(4627)   Merge Heap Roots: 0.4ms
[2025-01-08T17:08:11.425+0000][160961.791s][info][gc,phases   ] GC(4627)   Evacuate Collection Set: 18.5ms
[2025-01-08T17:08:11.425+0000][160961.791s][info][gc,phases   ] GC(4627)   Post Evacuate Collection Set: 2.4ms
[2025-01-08T17:08:11.425+0000][160961.791s][info][gc,phases   ] GC(4627)   Other: 0.2ms
[2025-01-08T17:08:11.425+0000][160961.791s][info][gc,heap     ] GC(4627) Eden regions: 915->0(915)
[2025-01-08T17:08:11.425+0000][160961.791s][info][gc,heap     ] GC(4627) Survivor regions: 6->6(116)
[2025-01-08T17:08:11.425+0000][160961.791s][info][gc,heap     ] GC(4627) Old regions: 235->235
[2025-01-08T17:08:11.425+0000][160961.791s][info][gc,heap     ] GC(4627) Archive regions: 2->2
[2025-01-08T17:08:11.425+0000][160961.791s][info][gc,heap     ] GC(4627) Humongous regions: 49->49
[2025-01-08T17:08:11.425+0000][160961.791s][info][gc,metaspace] GC(4627) Metaspace: 506297K(515072K)->506297K(515072K) NonClass: 444739K(449088K)->444739K(449088K) Class: 61558K(65984K)->61558K(65984K)
[2025-01-08T17:08:11.425+0000][160961.791s][info][gc          ] GC(4627) Pause Young (Normal) (G1 Evacuation Pause) 9637M->2317M(12288M) 21.874ms
[2025-01-08T17:08:11.425+0000][160961.791s][info][gc,cpu      ] GC(4627) User=0.13s Sys=0.00s Real=0.02s
[2025-01-08T17:08:15.520+0000][160965.886s][info][gc,start    ] GC(4628) Pause Young (Concurrent Start) (G1 Evacuation Pause)
[2025-01-08T17:08:15.520+0000][160965.886s][info][gc,task     ] GC(4628) Using 6 workers of 6 for evacuation
[2025-01-08T17:08:15.544+0000][160965.910s][info][gc,phases   ] GC(4628)   Pre Evacuate Collection Set: 1.1ms
[2025-01-08T17:08:15.544+0000][160965.910s][info][gc,phases   ] GC(4628)   Merge Heap Roots: 0.5ms
[2025-01-08T17:08:15.544+0000][160965.910s][info][gc,phases   ] GC(4628)   Evacuate Collection Set: 20.4ms
[2025-01-08T17:08:15.544+0000][160965.910s][info][gc,phases   ] GC(4628)   Post Evacuate Collection Set: 2.4ms
[2025-01-08T17:08:15.544+0000][160965.910s][info][gc,phases   ] GC(4628)   Other: 0.3ms
[2025-01-08T17:08:15.544+0000][160965.910s][info][gc,heap     ] GC(4628) Eden regions: 915->0(916)
[2025-01-08T17:08:15.544+0000][160965.910s][info][gc,heap     ] GC(4628) Survivor regions: 6->5(116)
[2025-01-08T17:08:15.544+0000][160965.910s][info][gc,heap     ] GC(4628) Old regions: 235->235
[2025-01-08T17:08:15.544+0000][160965.910s][info][gc,heap     ] GC(4628) Archive regions: 2->2
[2025-01-08T17:08:15.544+0000][160965.910s][info][gc,heap     ] GC(4628) Humongous regions: 49->49
[2025-01-08T17:08:15.544+0000][160965.910s][info][gc,metaspace] GC(4628) Metaspace: 506304K(515072K)->506304K(515072K) NonClass: 444746K(449088K)->444746K(449088K) Class: 61558K(65984K)->61558K(65984K)
[2025-01-08T17:08:15.544+0000][160965.911s][info][gc          ] GC(4628) Pause Young (Concurrent Start) (G1 Evacuation Pause) 9637M->2310M(12288M) 24.655ms
[2025-01-08T17:08:15.544+0000][160965.911s][info][gc,cpu      ] GC(4628) User=0.15s Sys=0.00s Real=0.03s
[2025-01-08T17:08:15.544+0000][160965.911s][info][gc          ] GC(4629) Concurrent Mark Cycle
[2025-01-08T17:08:15.545+0000][160965.911s][info][gc,marking  ] GC(4629) Concurrent Clear Claimed Marks
[2025-01-08T17:08:15.545+0000][160965.912s][info][gc,marking  ] GC(4629) Concurrent Clear Claimed Marks 0.957ms
[2025-01-08T17:08:15.546+0000][160965.912s][info][gc,marking  ] GC(4629) Concurrent Scan Root Regions
[2025-01-08T17:08:15.568+0000][160965.934s][info][gc,marking  ] GC(4629) Concurrent Scan Root Regions 22.202ms
[2025-01-08T17:08:15.568+0000][160965.934s][info][gc,marking  ] GC(4629) Concurrent Mark
[2025-01-08T17:08:15.568+0000][160965.934s][info][gc,marking  ] GC(4629) Concurrent Mark From Roots
[2025-01-08T17:08:15.568+0000][160965.934s][info][gc,task     ] GC(4629) Using 2 workers of 2 for marking
[2025-01-08T17:08:16.434+0000][160966.800s][info][gc,marking  ] GC(4629) Concurrent Mark From Roots 865.707ms
[2025-01-08T17:08:16.434+0000][160966.800s][info][gc,marking  ] GC(4629) Concurrent Preclean
[2025-01-08T17:08:16.436+0000][160966.802s][info][gc,marking  ] GC(4629) Concurrent Preclean 2.765ms
[2025-01-08T17:08:16.436+0000][160966.803s][info][gc,start    ] GC(4629) Pause Remark
[2025-01-08T17:08:16.464+0000][160966.830s][info][gc          ] GC(4629) Pause Remark 3158M->3158M(12288M) 27.184ms
[2025-01-08T17:08:16.464+0000][160966.830s][info][gc,cpu      ] GC(4629) User=0.16s Sys=0.00s Real=0.03s
[2025-01-08T17:08:16.464+0000][160966.830s][info][gc,marking  ] GC(4629) Concurrent Mark 896.045ms
[2025-01-08T17:08:16.464+0000][160966.830s][info][gc,marking  ] GC(4629) Concurrent Rebuild Remembered Sets
[2025-01-08T17:08:16.958+0000][160967.324s][info][gc,marking  ] GC(4629) Concurrent Rebuild Remembered Sets 494.162ms
[2025-01-08T17:08:16.958+0000][160967.324s][info][gc,start    ] GC(4629) Pause Cleanup
[2025-01-08T17:08:16.959+0000][160967.325s][info][gc          ] GC(4629) Pause Cleanup 3518M->3518M(12288M) 0.428ms
[2025-01-08T17:08:16.959+0000][160967.325s][info][gc,cpu      ] GC(4629) User=0.00s Sys=0.00s Real=0.00s
[2025-01-08T17:08:16.959+0000][160967.325s][info][gc,marking  ] GC(4629) Concurrent Cleanup for Next Mark
[2025-01-08T17:08:16.975+0000][160967.341s][info][gc,marking  ] GC(4629) Concurrent Cleanup for Next Mark 16.213ms
[2025-01-08T17:08:16.975+0000][160967.341s][info][gc          ] GC(4629) Concurrent Mark Cycle 1430.465ms
[2025-01-08T17:08:21.032+0000][160971.398s][info][gc,start    ] GC(4630) Pause Young (Prepare Mixed) (G1 Evacuation Pause)
[2025-01-08T17:08:21.032+0000][160971.398s][info][gc,task     ] GC(4630) Using 6 workers of 6 for evacuation
[2025-01-08T17:08:21.060+0000][160971.426s][info][gc,phases   ] GC(4630)   Pre Evacuate Collection Set: 0.2ms
[2025-01-08T17:08:21.060+0000][160971.426s][info][gc,phases   ] GC(4630)   Merge Heap Roots: 0.6ms
[2025-01-08T17:08:21.060+0000][160971.426s][info][gc,phases   ] GC(4630)   Evacuate Collection Set: 24.6ms
[2025-01-08T17:08:21.060+0000][160971.426s][info][gc,phases   ] GC(4630)   Post Evacuate Collection Set: 2.6ms
[2025-01-08T17:08:21.060+0000][160971.426s][info][gc,phases   ] GC(4630)   Other: 0.2ms
[2025-01-08T17:08:21.060+0000][160971.426s][info][gc,heap     ] GC(4630) Eden regions: 916->0(69)
[2025-01-08T17:08:21.060+0000][160971.426s][info][gc,heap     ] GC(4630) Survivor regions: 5->7(116)
[2025-01-08T17:08:21.060+0000][160971.426s][info][gc,heap     ] GC(4630) Old regions: 235->235
[2025-01-08T17:08:21.060+0000][160971.426s][info][gc,heap     ] GC(4630) Archive regions: 2->2
[2025-01-08T17:08:21.060+0000][160971.426s][info][gc,heap     ] GC(4630) Humongous regions: 49->49
[2025-01-08T17:08:21.060+0000][160971.426s][info][gc,metaspace] GC(4630) Metaspace: 506304K(515072K)->506304K(515072K) NonClass: 444746K(449088K)->444746K(449088K) Class: 61558K(65984K)->61558K(65984K)
[2025-01-08T17:08:21.060+0000][160971.426s][info][gc          ] GC(4630) Pause Young (Prepare Mixed) (G1 Evacuation Pause) 9638M->2326M(12288M) 28.238ms
[2025-01-08T17:08:21.060+0000][160971.426s][info][gc,cpu      ] GC(4630) User=0.17s Sys=0.00s Real=0.02s
[2025-01-08T17:08:21.608+0000][160971.974s][info][gc,start    ] GC(4631) Pause Young (Mixed) (G1 Evacuation Pause)
[2025-01-08T17:08:21.608+0000][160971.974s][info][gc,task     ] GC(4631) Using 6 workers of 6 for evacuation
[2025-01-08T17:08:21.676+0000][160972.042s][info][gc,phases   ] GC(4631)   Pre Evacuate Collection Set: 0.2ms
[2025-01-08T17:08:21.676+0000][160972.042s][info][gc,phases   ] GC(4631)   Merge Heap Roots: 0.7ms
[2025-01-08T17:08:21.676+0000][160972.042s][info][gc,phases   ] GC(4631)   Evacuate Collection Set: 63.9ms
[2025-01-08T17:08:21.676+0000][160972.042s][info][gc,phases   ] GC(4631)   Post Evacuate Collection Set: 2.4ms
[2025-01-08T17:08:21.676+0000][160972.042s][info][gc,phases   ] GC(4631)   Other: 0.2ms
[2025-01-08T17:08:21.676+0000][160972.042s][info][gc,heap     ] GC(4631) Eden regions: 69->0(916)
[2025-01-08T17:08:21.676+0000][160972.042s][info][gc,heap     ] GC(4631) Survivor regions: 7->5(10)
[2025-01-08T17:08:21.676+0000][160972.042s][info][gc,heap     ] GC(4631) Old regions: 235->233
[2025-01-08T17:08:21.676+0000][160972.042s][info][gc,heap     ] GC(4631) Archive regions: 2->2
[2025-01-08T17:08:21.676+0000][160972.042s][info][gc,heap     ] GC(4631) Humongous regions: 49->49
[2025-01-08T17:08:21.676+0000][160972.042s][info][gc,metaspace] GC(4631) Metaspace: 506304K(515072K)->506304K(515072K) NonClass: 444746K(449088K)->444746K(449088K) Class: 61558K(65984K)->61558K(65984K)
[2025-01-08T17:08:21.676+0000][160972.042s][info][gc          ] GC(4631) Pause Young (Mixed) (G1 Evacuation Pause) 2878M->2300M(12288M) 67.429ms
[2025-01-08T17:08:21.676+0000][160972.042s][info][gc,cpu      ] GC(4631) User=0.37s Sys=0.00s Real=0.07s
[2025-01-08T17:08:26.754+0000][160977.120s][info][gc,start    ] GC(4632) Pause Young (Normal) (G1 Evacuation Pause)
[2025-01-08T17:08:26.754+0000][160977.120s][info][gc,task     ] GC(4632) Using 6 workers of 6 for evacuation
[2025-01-08T17:08:26.779+0000][160977.145s][info][gc,phases   ] GC(4632)   Pre Evacuate Collection Set: 0.2ms
[2025-01-08T17:08:26.779+0000][160977.146s][info][gc,phases   ] GC(4632)   Merge Heap Roots: 0.4ms
[2025-01-08T17:08:26.779+0000][160977.146s][info][gc,phases   ] GC(4632)   Evacuate Collection Set: 22.0ms
[2025-01-08T17:08:26.779+0000][160977.146s][info][gc,phases   ] GC(4632)   Post Evacuate Collection Set: 2.5ms
[2025-01-08T17:08:26.779+0000][160977.146s][info][gc,phases   ] GC(4632)   Other: 0.2ms
[2025-01-08T17:08:26.779+0000][160977.146s][info][gc,heap     ] GC(4632) Eden regions: 916->0(915)
[2025-01-08T17:08:26.779+0000][160977.146s][info][gc,heap     ] GC(4632) Survivor regions: 5->6(116)
[2025-01-08T17:08:26.779+0000][160977.146s][info][gc,heap     ] GC(4632) Old regions: 233->233
[2025-01-08T17:08:26.779+0000][160977.146s][info][gc,heap     ] GC(4632) Archive regions: 2->2
[2025-01-08T17:08:26.779+0000][160977.146s][info][gc,heap     ] GC(4632) Humongous regions: 49->49
[2025-01-08T17:08:26.779+0000][160977.146s][info][gc,metaspace] GC(4632) Metaspace: 506304K(515072K)->506304K(515072K) NonClass: 444746K(449088K)->444746K(449088K) Class: 61558K(65984K)->61558K(65984K)
[2025-01-08T17:08:26.780+0000][160977.146s][info][gc          ] GC(4632) Pause Young (Normal) (G1 Evacuation Pause) 9628M->2304M(12288M) 25.421ms
[2025-01-08T17:08:26.780+0000][160977.146s][info][gc,cpu      ] GC(4632) User=0.14s Sys=0.00s Real=0.02s
[2025-01-08T17:08:31.590+0000][160981.956s][info][gc,start    ] GC(4633) Pause Young (Normal) (G1 Evacuation Pause)
[2025-01-08T17:08:31.590+0000][160981.956s][info][gc,task     ] GC(4633) Using 6 workers of 6 for evacuation
[2025-01-08T17:08:31.615+0000][160981.981s][info][gc,phases   ] GC(4633)   Pre Evacuate Collection Set: 0.2ms
[2025-01-08T17:08:31.615+0000][160981.981s][info][gc,phases   ] GC(4633)   Merge Heap Roots: 0.4ms
[2025-01-08T17:08:31.615+0000][160981.981s][info][gc,phases   ] GC(4633)   Evacuate Collection Set: 21.9ms
[2025-01-08T17:08:31.615+0000][160981.981s][info][gc,phases   ] GC(4633)   Post Evacuate Collection Set: 2.5ms
[2025-01-08T17:08:31.615+0000][160981.981s][info][gc,phases   ] GC(4633)   Other: 0.2ms
[2025-01-08T17:08:31.615+0000][160981.981s][info][gc,heap     ] GC(4633) Eden regions: 915->0(914)
[2025-01-08T17:08:31.615+0000][160981.981s][info][gc,heap     ] GC(4633) Survivor regions: 6->7(116)
[2025-01-08T17:08:31.615+0000][160981.981s][info][gc,heap     ] GC(4633) Old regions: 233->233
[2025-01-08T17:08:31.615+0000][160981.981s][info][gc,heap     ] GC(4633) Archive regions: 2->2
[2025-01-08T17:08:31.615+0000][160981.981s][info][gc,heap     ] GC(4633) Humongous regions: 49->49
[2025-01-08T17:08:31.615+0000][160981.981s][info][gc,metaspace] GC(4633) Metaspace: 506304K(515072K)->506304K(515072K) NonClass: 444746K(449088K)->444746K(449088K) Class: 61558K(65984K)->61558K(65984K)
[2025-01-08T17:08:31.615+0000][160981.981s][info][gc          ] GC(4633) Pause Young (Normal) (G1 Evacuation Pause) 9624M->2309M(12288M) 25.294ms
[2025-01-08T17:08:31.615+0000][160981.981s][info][gc,cpu      ] GC(4633) User=0.15s Sys=0.00s Real=0.02s
[2025-01-08T17:08:36.085+0000][160986.451s][info][gc,start    ] GC(4634) Pause Young (Concurrent Start) (G1 Evacuation Pause)
[2025-01-08T17:08:36.085+0000][160986.451s][info][gc,task     ] GC(4634) Using 6 workers of 6 for evacuation
[2025-01-08T17:08:36.116+0000][160986.482s][info][gc,phases   ] GC(4634)   Pre Evacuate Collection Set: 1.1ms
[2025-01-08T17:08:36.116+0000][160986.482s][info][gc,phases   ] GC(4634)   Merge Heap Roots: 0.4ms
[2025-01-08T17:08:36.116+0000][160986.482s][info][gc,phases   ] GC(4634)   Evacuate Collection Set: 24.5ms
[2025-01-08T17:08:36.116+0000][160986.482s][info][gc,phases   ] GC(4634)   Post Evacuate Collection Set: 5.2ms
[2025-01-08T17:08:36.116+0000][160986.482s][info][gc,phases   ] GC(4634)   Other: 0.3ms
[2025-01-08T17:08:36.116+0000][160986.482s][info][gc,heap     ] GC(4634) Eden regions: 914->0(912)
[2025-01-08T17:08:36.116+0000][160986.482s][info][gc,heap     ] GC(4634) Survivor regions: 7->9(116)
[2025-01-08T17:08:36.116+0000][160986.482s][info][gc,heap     ] GC(4634) Old regions: 233->233
[2025-01-08T17:08:36.116+0000][160986.482s][info][gc,heap     ] GC(4634) Archive regions: 2->2
[2025-01-08T17:08:36.116+0000][160986.482s][info][gc,heap     ] GC(4634) Humongous regions: 49->49
[2025-01-08T17:08:36.116+0000][160986.482s][info][gc,metaspace] GC(4634) Metaspace: 506304K(515072K)->506304K(515072K) NonClass: 444746K(449088K)->444746K(449088K) Class: 61558K(65984K)->61558K(65984K)
[2025-01-08T17:08:36.116+0000][160986.482s][info][gc          ] GC(4634) Pause Young (Concurrent Start) (G1 Evacuation Pause) 9621M->2325M(12288M) 31.617ms
[2025-01-08T17:08:36.116+0000][160986.482s][info][gc,cpu      ] GC(4634) User=0.18s Sys=0.00s Real=0.03s
[2025-01-08T17:08:36.116+0000][160986.483s][info][gc          ] GC(4635) Concurrent Mark Cycle
[2025-01-08T17:08:36.116+0000][160986.483s][info][gc,marking  ] GC(4635) Concurrent Clear Claimed Marks
[2025-01-08T17:08:36.117+0000][160986.483s][info][gc,marking  ] GC(4635) Concurrent Clear Claimed Marks 0.921ms
[2025-01-08T17:08:36.117+0000][160986.483s][info][gc,marking  ] GC(4635) Concurrent Scan Root Regions
[2025-01-08T17:08:36.138+0000][160986.504s][info][gc,marking  ] GC(4635) Concurrent Scan Root Regions 20.217ms
[2025-01-08T17:08:36.138+0000][160986.504s][info][gc,marking  ] GC(4635) Concurrent Mark
[2025-01-08T17:08:36.138+0000][160986.504s][info][gc,marking  ] GC(4635) Concurrent Mark From Roots
[2025-01-08T17:08:36.138+0000][160986.504s][info][gc,task     ] GC(4635) Using 2 workers of 2 for marking
[2025-01-08T17:08:37.092+0000][160987.458s][info][gc,marking  ] GC(4635) Concurrent Mark From Roots 954.267ms
[2025-01-08T17:08:37.092+0000][160987.458s][info][gc,marking  ] GC(4635) Concurrent Preclean
[2025-01-08T17:08:37.095+0000][160987.461s][info][gc,marking  ] GC(4635) Concurrent Preclean 2.873ms
[2025-01-08T17:08:37.095+0000][160987.461s][info][gc,start    ] GC(4635) Pause Remark
[2025-01-08T17:08:37.122+0000][160987.488s][info][gc          ] GC(4635) Pause Remark 3389M->3389M(12288M) 26.884ms
[2025-01-08T17:08:37.122+0000][160987.488s][info][gc,cpu      ] GC(4635) User=0.15s Sys=0.00s Real=0.03s
[2025-01-08T17:08:37.122+0000][160987.488s][info][gc,marking  ] GC(4635) Concurrent Mark 984.455ms
[2025-01-08T17:08:37.122+0000][160987.488s][info][gc,marking  ] GC(4635) Concurrent Rebuild Remembered Sets
[2025-01-08T17:08:37.705+0000][160988.071s][info][gc,marking  ] GC(4635) Concurrent Rebuild Remembered Sets 583.182ms
[2025-01-08T17:08:37.705+0000][160988.072s][info][gc,start    ] GC(4635) Pause Cleanup
[2025-01-08T17:08:37.706+0000][160988.072s][info][gc          ] GC(4635) Pause Cleanup 4233M->4233M(12288M) 0.422ms
[2025-01-08T17:08:37.706+0000][160988.072s][info][gc,cpu      ] GC(4635) User=0.00s Sys=0.00s Real=0.00s
[2025-01-08T17:08:37.706+0000][160988.072s][info][gc,marking  ] GC(4635) Concurrent Cleanup for Next Mark
[2025-01-08T17:08:37.721+0000][160988.088s][info][gc,marking  ] GC(4635) Concurrent Cleanup for Next Mark 15.438ms
[2025-01-08T17:08:37.721+0000][160988.088s][info][gc          ] GC(4635) Concurrent Mark Cycle 1605.078ms
[2025-01-08T17:08:43.037+0000][160993.403s][info][gc,start    ] GC(4636) Pause Young (Prepare Mixed) (G1 Evacuation Pause)
[2025-01-08T17:08:43.037+0000][160993.403s][info][gc,task     ] GC(4636) Using 6 workers of 6 for evacuation
[2025-01-08T17:08:43.074+0000][160993.440s][info][gc,phases   ] GC(4636)   Pre Evacuate Collection Set: 0.2ms
[2025-01-08T17:08:43.074+0000][160993.440s][info][gc,phases   ] GC(4636)   Merge Heap Roots: 0.7ms
[2025-01-08T17:08:43.074+0000][160993.440s][info][gc,phases   ] GC(4636)   Evacuate Collection Set: 32.5ms
[2025-01-08T17:08:43.074+0000][160993.440s][info][gc,phases   ] GC(4636)   Post Evacuate Collection Set: 2.8ms
[2025-01-08T17:08:43.074+0000][160993.440s][info][gc,phases   ] GC(4636)   Other: 0.3ms
[2025-01-08T17:08:43.074+0000][160993.440s][info][gc,heap     ] GC(4636) Eden regions: 912->0(67)
[2025-01-08T17:08:43.074+0000][160993.440s][info][gc,heap     ] GC(4636) Survivor regions: 9->9(116)
[2025-01-08T17:08:43.074+0000][160993.440s][info][gc,heap     ] GC(4636) Old regions: 233->233
[2025-01-08T17:08:43.074+0000][160993.440s][info][gc,heap     ] GC(4636) Archive regions: 2->2
[2025-01-08T17:08:43.074+0000][160993.440s][info][gc,heap     ] GC(4636) Humongous regions: 49->49
[2025-01-08T17:08:43.074+0000][160993.440s][info][gc,metaspace] GC(4636) Metaspace: 506304K(515072K)->506304K(515072K) NonClass: 444746K(449088K)->444746K(449088K) Class: 61558K(65984K)->61558K(65984K)
[2025-01-08T17:08:43.074+0000][160993.440s][info][gc          ] GC(4636) Pause Young (Prepare Mixed) (G1 Evacuation Pause) 9621M->2332M(12288M) 36.548ms
[2025-01-08T17:08:43.074+0000][160993.440s][info][gc,cpu      ] GC(4636) User=0.21s Sys=0.00s Real=0.04s
[2025-01-08T17:08:43.549+0000][160993.915s][info][gc,start    ] GC(4637) Pause Young (Mixed) (G1 Evacuation Pause)
[2025-01-08T17:08:43.549+0000][160993.915s][info][gc,task     ] GC(4637) Using 6 workers of 6 for evacuation
[2025-01-08T17:08:43.608+0000][160993.974s][info][gc,phases   ] GC(4637)   Pre Evacuate Collection Set: 0.2ms
[2025-01-08T17:08:43.608+0000][160993.974s][info][gc,phases   ] GC(4637)   Merge Heap Roots: 0.6ms
[2025-01-08T17:08:43.608+0000][160993.974s][info][gc,phases   ] GC(4637)   Evacuate Collection Set: 56.2ms
[2025-01-08T17:08:43.608+0000][160993.974s][info][gc,phases   ] GC(4637)   Post Evacuate Collection Set: 2.0ms
[2025-01-08T17:08:43.608+0000][160993.974s][info][gc,phases   ] GC(4637)   Other: 0.2ms
[2025-01-08T17:08:43.608+0000][160993.974s][info][gc,heap     ] GC(4637) Eden regions: 67->0(916)
[2025-01-08T17:08:43.608+0000][160993.974s][info][gc,heap     ] GC(4637) Survivor regions: 9->5(10)
[2025-01-08T17:08:43.608+0000][160993.974s][info][gc,heap     ] GC(4637) Old regions: 233->234
[2025-01-08T17:08:43.608+0000][160993.974s][info][gc,heap     ] GC(4637) Archive regions: 2->2
[2025-01-08T17:08:43.608+0000][160993.974s][info][gc,heap     ] GC(4637) Humongous regions: 49->49
[2025-01-08T17:08:43.608+0000][160993.974s][info][gc,metaspace] GC(4637) Metaspace: 506304K(515072K)->506304K(515072K) NonClass: 444746K(449088K)->444746K(449088K) Class: 61558K(65984K)->61558K(65984K)
[2025-01-08T17:08:43.608+0000][160993.974s][info][gc          ] GC(4637) Pause Young (Mixed) (G1 Evacuation Pause) 2868M->2302M(12288M) 59.263ms
[2025-01-08T17:08:43.608+0000][160993.974s][info][gc,cpu      ] GC(4637) User=0.34s Sys=0.00s Real=0.06s
[2025-01-08T17:08:51.684+0000][161002.050s][info][gc,start    ] GC(4638) Pause Young (Normal) (G1 Evacuation Pause)
[2025-01-08T17:08:51.684+0000][161002.050s][info][gc,task     ] GC(4638) Using 6 workers of 6 for evacuation
[2025-01-08T17:08:51.714+0000][161002.080s][info][gc,phases   ] GC(4638)   Pre Evacuate Collection Set: 0.2ms
[2025-01-08T17:08:51.714+0000][161002.080s][info][gc,phases   ] GC(4638)   Merge Heap Roots: 0.4ms
[2025-01-08T17:08:51.714+0000][161002.080s][info][gc,phases   ] GC(4638)   Evacuate Collection Set: 25.7ms
[2025-01-08T17:08:51.714+0000][161002.080s][info][gc,phases   ] GC(4638)   Post Evacuate Collection Set: 3.9ms
[2025-01-08T17:08:51.714+0000][161002.080s][info][gc,phases   ] GC(4638)   Other: 0.2ms
[2025-01-08T17:08:51.714+0000][161002.080s][info][gc,heap     ] GC(4638) Eden regions: 916->0(913)
[2025-01-08T17:08:51.714+0000][161002.080s][info][gc,heap     ] GC(4638) Survivor regions: 5->8(116)
[2025-01-08T17:08:51.714+0000][161002.080s][info][gc,heap     ] GC(4638) Old regions: 234->234
[2025-01-08T17:08:51.714+0000][161002.080s][info][gc,heap     ] GC(4638) Archive regions: 2->2
[2025-01-08T17:08:51.714+0000][161002.080s][info][gc,heap     ] GC(4638) Humongous regions: 49->49
[2025-01-08T17:08:51.714+0000][161002.080s][info][gc,metaspace] GC(4638) Metaspace: 506304K(515072K)->506304K(515072K) NonClass: 444746K(449088K)->444746K(449088K) Class: 61558K(65984K)->61558K(65984K)
[2025-01-08T17:08:51.714+0000][161002.080s][info][gc          ] GC(4638) Pause Young (Normal) (G1 Evacuation Pause) 9630M->2322M(12288M) 30.605ms
[2025-01-08T17:08:51.714+0000][161002.080s][info][gc,cpu      ] GC(4638) User=0.18s Sys=0.00s Real=0.03s
[2025-01-08T17:08:59.637+0000][161010.003s][info][gc,start    ] GC(4639) Pause Young (Normal) (G1 Evacuation Pause)
[2025-01-08T17:08:59.637+0000][161010.003s][info][gc,task     ] GC(4639) Using 6 workers of 6 for evacuation
[2025-01-08T17:08:59.668+0000][161010.034s][info][gc,phases   ] GC(4639)   Pre Evacuate Collection Set: 0.2ms
[2025-01-08T17:08:59.668+0000][161010.034s][info][gc,phases   ] GC(4639)   Merge Heap Roots: 0.4ms
[2025-01-08T17:08:59.668+0000][161010.034s][info][gc,phases   ] GC(4639)   Evacuate Collection Set: 27.3ms
[2025-01-08T17:08:59.668+0000][161010.034s][info][gc,phases   ] GC(4639)   Post Evacuate Collection Set: 2.7ms
[2025-01-08T17:08:59.668+0000][161010.034s][info][gc,phases   ] GC(4639)   Other: 0.2ms
[2025-01-08T17:08:59.668+0000][161010.034s][info][gc,heap     ] GC(4639) Eden regions: 913->0(912)
[2025-01-08T17:08:59.668+0000][161010.034s][info][gc,heap     ] GC(4639) Survivor regions: 8->9(116)
[2025-01-08T17:08:59.668+0000][161010.034s][info][gc,heap     ] GC(4639) Old regions: 234->234
[2025-01-08T17:08:59.668+0000][161010.034s][info][gc,heap     ] GC(4639) Archive regions: 2->2
[2025-01-08T17:08:59.668+0000][161010.034s][info][gc,heap     ] GC(4639) Humongous regions: 49->49
[2025-01-08T17:08:59.668+0000][161010.034s][info][gc,metaspace] GC(4639) Metaspace: 506308K(515072K)->506308K(515072K) NonClass: 444749K(449088K)->444749K(449088K) Class: 61559K(65984K)->61559K(65984K)
[2025-01-08T17:08:59.668+0000][161010.034s][info][gc          ] GC(4639) Pause Young (Normal) (G1 Evacuation Pause) 9626M->2329M(12288M) 30.914ms
[2025-01-08T17:08:59.668+0000][161010.034s][info][gc,cpu      ] GC(4639) User=0.18s Sys=0.00s Real=0.03s
[2025-01-08T17:09:06.057+0000][161016.423s][info][gc,start    ] GC(4640) Pause Young (Concurrent Start) (G1 Evacuation Pause)
[2025-01-08T17:09:06.057+0000][161016.423s][info][gc,task     ] GC(4640) Using 6 workers of 6 for evacuation
[2025-01-08T17:09:06.090+0000][161016.456s][info][gc,phases   ] GC(4640)   Pre Evacuate Collection Set: 1.1ms
[2025-01-08T17:09:06.090+0000][161016.457s][info][gc,phases   ] GC(4640)   Merge Heap Roots: 0.5ms
[2025-01-08T17:09:06.090+0000][161016.457s][info][gc,phases   ] GC(4640)   Evacuate Collection Set: 28.7ms
[2025-01-08T17:09:06.090+0000][161016.457s][info][gc,phases   ] GC(4640)   Post Evacuate Collection Set: 2.6ms
[2025-01-08T17:09:06.090+0000][161016.457s][info][gc,phases   ] GC(4640)   Other: 0.3ms
[2025-01-08T17:09:06.090+0000][161016.457s][info][gc,heap     ] GC(4640) Eden regions: 912->0(912)
[2025-01-08T17:09:06.090+0000][161016.457s][info][gc,heap     ] GC(4640) Survivor regions: 9->9(116)
[2025-01-08T17:09:06.090+0000][161016.457s][info][gc,heap     ] GC(4640) Old regions: 234->234
[2025-01-08T17:09:06.090+0000][161016.457s][info][gc,heap     ] GC(4640) Archive regions: 2->2
[2025-01-08T17:09:06.090+0000][161016.457s][info][gc,heap     ] GC(4640) Humongous regions: 49->49
[2025-01-08T17:09:06.090+0000][161016.457s][info][gc,metaspace] GC(4640) Metaspace: 506310K(515072K)->506310K(515072K) NonClass: 444751K(449088K)->444751K(449088K) Class: 61559K(65984K)->61559K(65984K)
[2025-01-08T17:09:06.091+0000][161016.457s][info][gc          ] GC(4640) Pause Young (Concurrent Start) (G1 Evacuation Pause) 9625M->2333M(12288M) 33.194ms
[2025-01-08T17:09:06.091+0000][161016.457s][info][gc,cpu      ] GC(4640) User=0.19s Sys=0.00s Real=0.04s
[2025-01-08T17:09:06.091+0000][161016.457s][info][gc          ] GC(4641) Concurrent Mark Cycle
[2025-01-08T17:09:06.091+0000][161016.457s][info][gc,marking  ] GC(4641) Concurrent Clear Claimed Marks
[2025-01-08T17:09:06.091+0000][161016.458s][info][gc,marking  ] GC(4641) Concurrent Clear Claimed Marks 0.865ms
[2025-01-08T17:09:06.091+0000][161016.458s][info][gc,marking  ] GC(4641) Concurrent Scan Root Regions
[2025-01-08T17:09:06.114+0000][161016.480s][info][gc,marking  ] GC(4641) Concurrent Scan Root Regions 22.255ms
[2025-01-08T17:09:06.114+0000][161016.480s][info][gc,marking  ] GC(4641) Concurrent Mark
[2025-01-08T17:09:06.114+0000][161016.480s][info][gc,marking  ] GC(4641) Concurrent Mark From Roots
[2025-01-08T17:09:06.114+0000][161016.480s][info][gc,task     ] GC(4641) Using 2 workers of 2 for marking
[2025-01-08T17:09:06.987+0000][161017.353s][info][gc,marking  ] GC(4641) Concurrent Mark From Roots 872.974ms
[2025-01-08T17:09:06.987+0000][161017.353s][info][gc,marking  ] GC(4641) Concurrent Preclean
[2025-01-08T17:09:06.990+0000][161017.357s][info][gc,marking  ] GC(4641) Concurrent Preclean 3.623ms
[2025-01-08T17:09:06.991+0000][161017.357s][info][gc,start    ] GC(4641) Pause Remark
[2025-01-08T17:09:07.017+0000][161017.383s][info][gc          ] GC(4641) Pause Remark 3318M->3318M(12288M) 26.176ms
[2025-01-08T17:09:07.017+0000][161017.383s][info][gc,cpu      ] GC(4641) User=0.15s Sys=0.00s Real=0.02s
[2025-01-08T17:09:07.017+0000][161017.383s][info][gc,marking  ] GC(4641) Concurrent Mark 903.375ms
[2025-01-08T17:09:07.017+0000][161017.383s][info][gc,marking  ] GC(4641) Concurrent Rebuild Remembered Sets
[2025-01-08T17:09:07.576+0000][161017.942s][info][gc,marking  ] GC(4641) Concurrent Rebuild Remembered Sets 558.476ms
[2025-01-08T17:09:07.576+0000][161017.942s][info][gc,start    ] GC(4641) Pause Cleanup
[2025-01-08T17:09:07.576+0000][161017.942s][info][gc          ] GC(4641) Pause Cleanup 3874M->3874M(12288M) 0.422ms
[2025-01-08T17:09:07.576+0000][161017.942s][info][gc,cpu      ] GC(4641) User=0.00s Sys=0.00s Real=0.00s
[2025-01-08T17:09:07.576+0000][161017.942s][info][gc,marking  ] GC(4641) Concurrent Cleanup for Next Mark
[2025-01-08T17:09:07.592+0000][161017.958s][info][gc,marking  ] GC(4641) Concurrent Cleanup for Next Mark 15.371ms
[2025-01-08T17:09:07.592+0000][161017.958s][info][gc          ] GC(4641) Concurrent Mark Cycle 1501.106ms
[2025-01-08T17:09:14.511+0000][161024.877s][info][gc,start    ] GC(4642) Pause Young (Prepare Mixed) (G1 Evacuation Pause)
[2025-01-08T17:09:14.511+0000][161024.877s][info][gc,task     ] GC(4642) Using 6 workers of 6 for evacuation
[2025-01-08T17:09:14.548+0000][161024.914s][info][gc,phases   ] GC(4642)   Pre Evacuate Collection Set: 0.2ms
[2025-01-08T17:09:14.548+0000][161024.914s][info][gc,phases   ] GC(4642)   Merge Heap Roots: 0.7ms
[2025-01-08T17:09:14.548+0000][161024.914s][info][gc,phases   ] GC(4642)   Evacuate Collection Set: 33.3ms
[2025-01-08T17:09:14.548+0000][161024.914s][info][gc,phases   ] GC(4642)   Post Evacuate Collection Set: 2.9ms
[2025-01-08T17:09:14.548+0000][161024.914s][info][gc,phases   ] GC(4642)   Other: 0.2ms
[2025-01-08T17:09:14.548+0000][161024.914s][info][gc,heap     ] GC(4642) Eden regions: 912->0(65)
[2025-01-08T17:09:14.548+0000][161024.914s][info][gc,heap     ] GC(4642) Survivor regions: 9->11(116)
[2025-01-08T17:09:14.548+0000][161024.914s][info][gc,heap     ] GC(4642) Old regions: 234->234
[2025-01-08T17:09:14.548+0000][161024.914s][info][gc,heap     ] GC(4642) Archive regions: 2->2
[2025-01-08T17:09:14.548+0000][161024.914s][info][gc,heap     ] GC(4642) Humongous regions: 49->49
[2025-01-08T17:09:14.548+0000][161024.914s][info][gc,metaspace] GC(4642) Metaspace: 506310K(515072K)->506310K(515072K) NonClass: 444751K(449088K)->444751K(449088K) Class: 61559K(65984K)->61559K(65984K)
[2025-01-08T17:09:14.548+0000][161024.914s][info][gc          ] GC(4642) Pause Young (Prepare Mixed) (G1 Evacuation Pause) 9629M->2348M(12288M) 37.352ms
[2025-01-08T17:09:14.548+0000][161024.914s][info][gc,cpu      ] GC(4642) User=0.22s Sys=0.00s Real=0.03s
[2025-01-08T17:09:14.897+0000][161025.263s][info][gc,start    ] GC(4643) Pause Young (Mixed) (G1 Evacuation Pause)
[2025-01-08T17:09:14.897+0000][161025.263s][info][gc,task     ] GC(4643) Using 6 workers of 6 for evacuation
[2025-01-08T17:09:14.941+0000][161025.307s][info][gc,phases   ] GC(4643)   Pre Evacuate Collection Set: 0.2ms
[2025-01-08T17:09:14.941+0000][161025.307s][info][gc,phases   ] GC(4643)   Merge Heap Roots: 0.4ms
[2025-01-08T17:09:14.941+0000][161025.307s][info][gc,phases   ] GC(4643)   Evacuate Collection Set: 42.0ms
[2025-01-08T17:09:14.941+0000][161025.307s][info][gc,phases   ] GC(4643)   Post Evacuate Collection Set: 1.6ms
[2025-01-08T17:09:14.941+0000][161025.307s][info][gc,phases   ] GC(4643)   Other: 0.2ms
[2025-01-08T17:09:14.941+0000][161025.307s][info][gc,heap     ] GC(4643) Eden regions: 65->0(915)
[2025-01-08T17:09:14.941+0000][161025.307s][info][gc,heap     ] GC(4643) Survivor regions: 11->6(10)
[2025-01-08T17:09:14.941+0000][161025.307s][info][gc,heap     ] GC(4643) Old regions: 234->233
[2025-01-08T17:09:14.941+0000][161025.307s][info][gc,heap     ] GC(4643) Archive regions: 2->2
[2025-01-08T17:09:14.941+0000][161025.307s][info][gc,heap     ] GC(4643) Humongous regions: 49->49
[2025-01-08T17:09:14.941+0000][161025.307s][info][gc,metaspace] GC(4643) Metaspace: 506310K(515072K)->506310K(515072K) NonClass: 444751K(449088K)->444751K(449088K) Class: 61559K(65984K)->61559K(65984K)
[2025-01-08T17:09:14.941+0000][161025.307s][info][gc          ] GC(4643) Pause Young (Mixed) (G1 Evacuation Pause) 2868M->2304M(12288M) 44.441ms
[2025-01-08T17:09:14.941+0000][161025.307s][info][gc,cpu      ] GC(4643) User=0.27s Sys=0.00s Real=0.04s
[2025-01-08T17:09:21.727+0000][161032.093s][info][gc,start    ] GC(4644) Pause Young (Normal) (G1 Evacuation Pause)
[2025-01-08T17:09:21.727+0000][161032.093s][info][gc,task     ] GC(4644) Using 6 workers of 6 for evacuation
[2025-01-08T17:09:21.753+0000][161032.119s][info][gc,phases   ] GC(4644)   Pre Evacuate Collection Set: 0.2ms
[2025-01-08T17:09:21.753+0000][161032.119s][info][gc,phases   ] GC(4644)   Merge Heap Roots: 0.4ms
[2025-01-08T17:09:21.753+0000][161032.119s][info][gc,phases   ] GC(4644)   Evacuate Collection Set: 21.9ms
[2025-01-08T17:09:21.753+0000][161032.119s][info][gc,phases   ] GC(4644)   Post Evacuate Collection Set: 2.5ms
[2025-01-08T17:09:21.753+0000][161032.119s][info][gc,phases   ] GC(4644)   Other: 0.2ms
[2025-01-08T17:09:21.753+0000][161032.119s][info][gc,heap     ] GC(4644) Eden regions: 915->0(915)
[2025-01-08T17:09:21.753+0000][161032.119s][info][gc,heap     ] GC(4644) Survivor regions: 6->6(116)
[2025-01-08T17:09:21.753+0000][161032.119s][info][gc,heap     ] GC(4644) Old regions: 233->233
[2025-01-08T17:09:21.753+0000][161032.119s][info][gc,heap     ] GC(4644) Archive regions: 2->2
[2025-01-08T17:09:21.753+0000][161032.119s][info][gc,heap     ] GC(4644) Humongous regions: 49->49
[2025-01-08T17:09:21.753+0000][161032.119s][info][gc,metaspace] GC(4644) Metaspace: 506310K(515072K)->506310K(515072K) NonClass: 444751K(449088K)->444751K(449088K) Class: 61559K(65984K)->61559K(65984K)
[2025-01-08T17:09:21.753+0000][161032.119s][info][gc          ] GC(4644) Pause Young (Normal) (G1 Evacuation Pause) 9624M->2307M(12288M) 25.304ms
[2025-01-08T17:09:21.753+0000][161032.119s][info][gc,cpu      ] GC(4644) User=0.15s Sys=0.00s Real=0.03s
[2025-01-08T17:09:30.970+0000][161041.336s][info][gc,start    ] GC(4645) Pause Young (Normal) (G1 Evacuation Pause)
[2025-01-08T17:09:30.970+0000][161041.336s][info][gc,task     ] GC(4645) Using 6 workers of 6 for evacuation
[2025-01-08T17:09:31.003+0000][161041.369s][info][gc,phases   ] GC(4645)   Pre Evacuate Collection Set: 0.2ms
[2025-01-08T17:09:31.003+0000][161041.369s][info][gc,phases   ] GC(4645)   Merge Heap Roots: 0.4ms
[2025-01-08T17:09:31.003+0000][161041.369s][info][gc,phases   ] GC(4645)   Evacuate Collection Set: 26.3ms
[2025-01-08T17:09:31.003+0000][161041.369s][info][gc,phases   ] GC(4645)   Post Evacuate Collection Set: 5.5ms
[2025-01-08T17:09:31.003+0000][161041.369s][info][gc,phases   ] GC(4645)   Other: 0.3ms
[2025-01-08T17:09:31.003+0000][161041.369s][info][gc,heap     ] GC(4645) Eden regions: 915->0(911)
[2025-01-08T17:09:31.003+0000][161041.369s][info][gc,heap     ] GC(4645) Survivor regions: 6->10(116)
[2025-01-08T17:09:31.003+0000][161041.369s][info][gc,heap     ] GC(4645) Old regions: 233->233
[2025-01-08T17:09:31.003+0000][161041.369s][info][gc,heap     ] GC(4645) Archive regions: 2->2
[2025-01-08T17:09:31.003+0000][161041.369s][info][gc,heap     ] GC(4645) Humongous regions: 49->49
[2025-01-08T17:09:31.003+0000][161041.369s][info][gc,metaspace] GC(4645) Metaspace: 506311K(515072K)->506311K(515072K) NonClass: 444752K(449088K)->444752K(449088K) Class: 61559K(65984K)->61559K(65984K)
[2025-01-08T17:09:31.003+0000][161041.369s][info][gc          ] GC(4645) Pause Young (Normal) (G1 Evacuation Pause) 9627M->2332M(12288M) 32.726ms
[2025-01-08T17:09:31.003+0000][161041.369s][info][gc,cpu      ] GC(4645) User=0.19s Sys=0.00s Real=0.03s
[2025-01-08T17:09:40.102+0000][161050.468s][info][gc,start    ] GC(4646) Pause Young (Concurrent Start) (G1 Evacuation Pause)
[2025-01-08T17:09:40.102+0000][161050.468s][info][gc,task     ] GC(4646) Using 6 workers of 6 for evacuation
[2025-01-08T17:09:40.139+0000][161050.505s][info][gc,phases   ] GC(4646)   Pre Evacuate Collection Set: 1.1ms
[2025-01-08T17:09:40.139+0000][161050.505s][info][gc,phases   ] GC(4646)   Merge Heap Roots: 0.5ms
[2025-01-08T17:09:40.139+0000][161050.505s][info][gc,phases   ] GC(4646)   Evacuate Collection Set: 32.5ms
[2025-01-08T17:09:40.139+0000][161050.505s][info][gc,phases   ] GC(4646)   Post Evacuate Collection Set: 2.7ms
[2025-01-08T17:09:40.139+0000][161050.505s][info][gc,phases   ] GC(4646)   Other: 0.3ms
[2025-01-08T17:09:40.139+0000][161050.505s][info][gc,heap     ] GC(4646) Eden regions: 911->0(911)
[2025-01-08T17:09:40.139+0000][161050.505s][info][gc,heap     ] GC(4646) Survivor regions: 10->10(116)
[2025-01-08T17:09:40.139+0000][161050.505s][info][gc,heap     ] GC(4646) Old regions: 233->233
[2025-01-08T17:09:40.139+0000][161050.505s][info][gc,heap     ] GC(4646) Archive regions: 2->2
[2025-01-08T17:09:40.139+0000][161050.505s][info][gc,heap     ] GC(4646) Humongous regions: 49->49
[2025-01-08T17:09:40.139+0000][161050.505s][info][gc,metaspace] GC(4646) Metaspace: 506314K(515072K)->506314K(515072K) NonClass: 444755K(449088K)->444755K(449088K) Class: 61559K(65984K)->61559K(65984K)
[2025-01-08T17:09:40.139+0000][161050.505s][info][gc          ] GC(4646) Pause Young (Concurrent Start) (G1 Evacuation Pause) 9620M->2333M(12288M) 37.210ms
[2025-01-08T17:09:40.139+0000][161050.505s][info][gc,cpu      ] GC(4646) User=0.22s Sys=0.00s Real=0.03s
[2025-01-08T17:09:40.139+0000][161050.505s][info][gc          ] GC(4647) Concurrent Mark Cycle
[2025-01-08T17:09:40.139+0000][161050.505s][info][gc,marking  ] GC(4647) Concurrent Clear Claimed Marks
[2025-01-08T17:09:40.140+0000][161050.506s][info][gc,marking  ] GC(4647) Concurrent Clear Claimed Marks 0.989ms
[2025-01-08T17:09:40.140+0000][161050.506s][info][gc,marking  ] GC(4647) Concurrent Scan Root Regions
[2025-01-08T17:09:40.166+0000][161050.532s][info][gc,marking  ] GC(4647) Concurrent Scan Root Regions 25.964ms
[2025-01-08T17:09:40.166+0000][161050.532s][info][gc,marking  ] GC(4647) Concurrent Mark
[2025-01-08T17:09:40.166+0000][161050.532s][info][gc,marking  ] GC(4647) Concurrent Mark From Roots
[2025-01-08T17:09:40.166+0000][161050.532s][info][gc,task     ] GC(4647) Using 2 workers of 2 for marking
[2025-01-08T17:09:40.933+0000][161051.300s][info][gc,marking  ] GC(4647) Concurrent Mark From Roots 767.175ms
[2025-01-08T17:09:40.933+0000][161051.300s][info][gc,marking  ] GC(4647) Concurrent Preclean
[2025-01-08T17:09:40.936+0000][161051.302s][info][gc,marking  ] GC(4647) Concurrent Preclean 2.822ms
[2025-01-08T17:09:40.937+0000][161051.303s][info][gc,start    ] GC(4647) Pause Remark
[2025-01-08T17:09:40.963+0000][161051.329s][info][gc          ] GC(4647) Pause Remark 2909M->2909M(12288M) 26.791ms
[2025-01-08T17:09:40.963+0000][161051.329s][info][gc,cpu      ] GC(4647) User=0.16s Sys=0.00s Real=0.03s
[2025-01-08T17:09:40.963+0000][161051.330s][info][gc,marking  ] GC(4647) Concurrent Mark 797.262ms
[2025-01-08T17:09:40.964+0000][161051.330s][info][gc,marking  ] GC(4647) Concurrent Rebuild Remembered Sets
[2025-01-08T17:09:41.507+0000][161051.873s][info][gc,marking  ] GC(4647) Concurrent Rebuild Remembered Sets 543.689ms
[2025-01-08T17:09:41.507+0000][161051.874s][info][gc,start    ] GC(4647) Pause Cleanup
[2025-01-08T17:09:41.508+0000][161051.874s][info][gc          ] GC(4647) Pause Cleanup 3593M->3593M(12288M) 0.424ms
[2025-01-08T17:09:41.508+0000][161051.874s][info][gc,cpu      ] GC(4647) User=0.00s Sys=0.00s Real=0.00s
[2025-01-08T17:09:41.508+0000][161051.874s][info][gc,marking  ] GC(4647) Concurrent Cleanup for Next Mark
[2025-01-08T17:09:41.536+0000][161051.902s][info][gc,marking  ] GC(4647) Concurrent Cleanup for Next Mark 28.125ms
[2025-01-08T17:09:41.536+0000][161051.902s][info][gc          ] GC(4647) Concurrent Mark Cycle 1396.955ms
[2025-01-08T17:09:50.757+0000][161061.123s][info][gc,start    ] GC(4648) Pause Young (Prepare Mixed) (G1 Evacuation Pause)
[2025-01-08T17:09:50.757+0000][161061.123s][info][gc,task     ] GC(4648) Using 6 workers of 6 for evacuation
[2025-01-08T17:09:50.804+0000][161061.170s][info][gc,phases   ] GC(4648)   Pre Evacuate Collection Set: 0.3ms
[2025-01-08T17:09:50.804+0000][161061.170s][info][gc,phases   ] GC(4648)   Merge Heap Roots: 0.7ms
[2025-01-08T17:09:50.804+0000][161061.170s][info][gc,phases   ] GC(4648)   Evacuate Collection Set: 40.9ms
[2025-01-08T17:09:50.804+0000][161061.170s][info][gc,phases   ] GC(4648)   Post Evacuate Collection Set: 4.7ms
[2025-01-08T17:09:50.804+0000][161061.170s][info][gc,phases   ] GC(4648)   Other: 0.2ms
[2025-01-08T17:09:50.804+0000][161061.170s][info][gc,heap     ] GC(4648) Eden regions: 911->0(64)
[2025-01-08T17:09:50.804+0000][161061.170s][info][gc,heap     ] GC(4648) Survivor regions: 10->12(116)
[2025-01-08T17:09:50.804+0000][161061.170s][info][gc,heap     ] GC(4648) Old regions: 233->233
[2025-01-08T17:09:50.804+0000][161061.170s][info][gc,heap     ] GC(4648) Archive regions: 2->2
[2025-01-08T17:09:50.804+0000][161061.170s][info][gc,heap     ] GC(4648) Humongous regions: 49->49
[2025-01-08T17:09:50.804+0000][161061.170s][info][gc,metaspace] GC(4648) Metaspace: 506317K(515072K)->506317K(515072K) NonClass: 444757K(449088K)->444757K(449088K) Class: 61559K(65984K)->61559K(65984K)
[2025-01-08T17:09:50.804+0000][161061.170s][info][gc          ] GC(4648) Pause Young (Prepare Mixed) (G1 Evacuation Pause) 9621M->2354M(12288M) 46.956ms
[2025-01-08T17:09:50.804+0000][161061.170s][info][gc,cpu      ] GC(4648) User=0.28s Sys=0.00s Real=0.05s
[2025-01-08T17:09:51.200+0000][161061.566s][info][gc,start    ] GC(4649) Pause Young (Mixed) (G1 Evacuation Pause)
[2025-01-08T17:09:51.200+0000][161061.566s][info][gc,task     ] GC(4649) Using 6 workers of 6 for evacuation
[2025-01-08T17:09:51.272+0000][161061.638s][info][gc,phases   ] GC(4649)   Pre Evacuate Collection Set: 0.2ms
[2025-01-08T17:09:51.272+0000][161061.638s][info][gc,phases   ] GC(4649)   Merge Heap Roots: 0.8ms
[2025-01-08T17:09:51.272+0000][161061.638s][info][gc,phases   ] GC(4649)   Evacuate Collection Set: 68.3ms
[2025-01-08T17:09:51.272+0000][161061.638s][info][gc,phases   ] GC(4649)   Post Evacuate Collection Set: 2.1ms
[2025-01-08T17:09:51.272+0000][161061.638s][info][gc,phases   ] GC(4649)   Other: 0.2ms
[2025-01-08T17:09:51.272+0000][161061.638s][info][gc,heap     ] GC(4649) Eden regions: 64->0(916)
[2025-01-08T17:09:51.272+0000][161061.638s][info][gc,heap     ] GC(4649) Survivor regions: 12->5(10)
[2025-01-08T17:09:51.272+0000][161061.638s][info][gc,heap     ] GC(4649) Old regions: 233->235
[2025-01-08T17:09:51.272+0000][161061.638s][info][gc,heap     ] GC(4649) Archive regions: 2->2
[2025-01-08T17:09:51.272+0000][161061.638s][info][gc,heap     ] GC(4649) Humongous regions: 49->49
[2025-01-08T17:09:51.272+0000][161061.638s][info][gc,metaspace] GC(4649) Metaspace: 506317K(515072K)->506317K(515072K) NonClass: 444757K(449088K)->444757K(449088K) Class: 61559K(65984K)->61559K(65984K)
[2025-01-08T17:09:51.272+0000][161061.638s][info][gc          ] GC(4649) Pause Young (Mixed) (G1 Evacuation Pause) 2866M->2313M(12288M) 71.617ms
[2025-01-08T17:09:51.272+0000][161061.638s][info][gc,cpu      ] GC(4649) User=0.42s Sys=0.00s Real=0.08s
[2025-01-08T17:09:57.869+0000][161068.235s][info][gc,start    ] GC(4650) Pause Young (Normal) (G1 Evacuation Pause)
[2025-01-08T17:09:57.869+0000][161068.235s][info][gc,task     ] GC(4650) Using 6 workers of 6 for evacuation
[2025-01-08T17:09:57.892+0000][161068.258s][info][gc,phases   ] GC(4650)   Pre Evacuate Collection Set: 0.2ms
[2025-01-08T17:09:57.892+0000][161068.258s][info][gc,phases   ] GC(4650)   Merge Heap Roots: 0.4ms
[2025-01-08T17:09:57.892+0000][161068.258s][info][gc,phases   ] GC(4650)   Evacuate Collection Set: 20.1ms
[2025-01-08T17:09:57.892+0000][161068.258s][info][gc,phases   ] GC(4650)   Post Evacuate Collection Set: 2.5ms
[2025-01-08T17:09:57.892+0000][161068.258s][info][gc,phases   ] GC(4650)   Other: 0.2ms
[2025-01-08T17:09:57.892+0000][161068.258s][info][gc,heap     ] GC(4650) Eden regions: 916->0(915)
[2025-01-08T17:09:57.892+0000][161068.258s][info][gc,heap     ] GC(4650) Survivor regions: 5->6(116)
[2025-01-08T17:09:57.892+0000][161068.258s][info][gc,heap     ] GC(4650) Old regions: 235->235
[2025-01-08T17:09:57.892+0000][161068.258s][info][gc,heap     ] GC(4650) Archive regions: 2->2
[2025-01-08T17:09:57.892+0000][161068.258s][info][gc,heap     ] GC(4650) Humongous regions: 49->49
[2025-01-08T17:09:57.892+0000][161068.258s][info][gc,metaspace] GC(4650) Metaspace: 506317K(515072K)->506317K(515072K) NonClass: 444757K(449088K)->444757K(449088K) Class: 61559K(65984K)->61559K(65984K)
[2025-01-08T17:09:57.892+0000][161068.258s][info][gc          ] GC(4650) Pause Young (Normal) (G1 Evacuation Pause) 9641M->2319M(12288M) 23.430ms
[2025-01-08T17:09:57.892+0000][161068.258s][info][gc,cpu      ] GC(4650) User=0.13s Sys=0.00s Real=0.03s
[2025-01-08T17:10:02.455+0000][161072.821s][info][gc,start    ] GC(4651) Pause Young (Normal) (G1 Evacuation Pause)
[2025-01-08T17:10:02.455+0000][161072.821s][info][gc,task     ] GC(4651) Using 6 workers of 6 for evacuation
[2025-01-08T17:10:02.480+0000][161072.846s][info][gc,phases   ] GC(4651)   Pre Evacuate Collection Set: 0.2ms
[2025-01-08T17:10:02.480+0000][161072.846s][info][gc,phases   ] GC(4651)   Merge Heap Roots: 0.4ms
[2025-01-08T17:10:02.480+0000][161072.846s][info][gc,phases   ] GC(4651)   Evacuate Collection Set: 21.9ms
[2025-01-08T17:10:02.480+0000][161072.846s][info][gc,phases   ] GC(4651)   Post Evacuate Collection Set: 2.4ms
[2025-01-08T17:10:02.480+0000][161072.846s][info][gc,phases   ] GC(4651)   Other: 0.3ms
[2025-01-08T17:10:02.480+0000][161072.846s][info][gc,heap     ] GC(4651) Eden regions: 915->0(915)
[2025-01-08T17:10:02.480+0000][161072.846s][info][gc,heap     ] GC(4651) Survivor regions: 6->6(116)
[2025-01-08T17:10:02.480+0000][161072.846s][info][gc,heap     ] GC(4651) Old regions: 235->235
[2025-01-08T17:10:02.480+0000][161072.846s][info][gc,heap     ] GC(4651) Archive regions: 2->2
[2025-01-08T17:10:02.480+0000][161072.846s][info][gc,heap     ] GC(4651) Humongous regions: 49->49
[2025-01-08T17:10:02.480+0000][161072.846s][info][gc,metaspace] GC(4651) Metaspace: 506325K(515072K)->506325K(515072K) NonClass: 444765K(449088K)->444765K(449088K) Class: 61559K(65984K)->61559K(65984K)
[2025-01-08T17:10:02.480+0000][161072.846s][info][gc          ] GC(4651) Pause Young (Normal) (G1 Evacuation Pause) 9639M->2326M(12288M) 25.306ms
[2025-01-08T17:10:02.480+0000][161072.846s][info][gc,cpu      ] GC(4651) User=0.14s Sys=0.00s Real=0.02s
[2025-01-08T17:10:09.183+0000][161079.549s][info][gc,start    ] GC(4652) Pause Young (Concurrent Start) (G1 Evacuation Pause)
[2025-01-08T17:10:09.183+0000][161079.549s][info][gc,task     ] GC(4652) Using 6 workers of 6 for evacuation
[2025-01-08T17:10:09.214+0000][161079.581s][info][gc,phases   ] GC(4652)   Pre Evacuate Collection Set: 1.2ms
[2025-01-08T17:10:09.214+0000][161079.581s][info][gc,phases   ] GC(4652)   Merge Heap Roots: 0.5ms
[2025-01-08T17:10:09.214+0000][161079.581s][info][gc,phases   ] GC(4652)   Evacuate Collection Set: 27.1ms
[2025-01-08T17:10:09.214+0000][161079.581s][info][gc,phases   ] GC(4652)   Post Evacuate Collection Set: 2.7ms
[2025-01-08T17:10:09.214+0000][161079.581s][info][gc,phases   ] GC(4652)   Other: 0.3ms
[2025-01-08T17:10:09.214+0000][161079.581s][info][gc,heap     ] GC(4652) Eden regions: 915->0(913)
[2025-01-08T17:10:09.214+0000][161079.581s][info][gc,heap     ] GC(4652) Survivor regions: 6->8(116)
[2025-01-08T17:10:09.214+0000][161079.581s][info][gc,heap     ] GC(4652) Old regions: 235->235
[2025-01-08T17:10:09.214+0000][161079.581s][info][gc,heap     ] GC(4652) Archive regions: 2->2
[2025-01-08T17:10:09.214+0000][161079.581s][info][gc,heap     ] GC(4652) Humongous regions: 49->49
[2025-01-08T17:10:09.214+0000][161079.581s][info][gc,metaspace] GC(4652) Metaspace: 506325K(515072K)->506325K(515072K) NonClass: 444765K(449088K)->444765K(449088K) Class: 61559K(65984K)->61559K(65984K)
[2025-01-08T17:10:09.215+0000][161079.581s][info][gc          ] GC(4652) Pause Young (Concurrent Start) (G1 Evacuation Pause) 9646M->2338M(12288M) 31.806ms
[2025-01-08T17:10:09.215+0000][161079.581s][info][gc,cpu      ] GC(4652) User=0.18s Sys=0.00s Real=0.03s
[2025-01-08T17:10:09.215+0000][161079.581s][info][gc          ] GC(4653) Concurrent Mark Cycle
[2025-01-08T17:10:09.215+0000][161079.581s][info][gc,marking  ] GC(4653) Concurrent Clear Claimed Marks
[2025-01-08T17:10:09.216+0000][161079.582s][info][gc,marking  ] GC(4653) Concurrent Clear Claimed Marks 0.899ms
[2025-01-08T17:10:09.216+0000][161079.582s][info][gc,marking  ] GC(4653) Concurrent Scan Root Regions
[2025-01-08T17:10:09.235+0000][161079.601s][info][gc,marking  ] GC(4653) Concurrent Scan Root Regions 19.071ms
[2025-01-08T17:10:09.235+0000][161079.601s][info][gc,marking  ] GC(4653) Concurrent Mark
[2025-01-08T17:10:09.235+0000][161079.601s][info][gc,marking  ] GC(4653) Concurrent Mark From Roots
[2025-01-08T17:10:09.235+0000][161079.601s][info][gc,task     ] GC(4653) Using 2 workers of 2 for marking
[2025-01-08T17:10:10.130+0000][161080.496s][info][gc,marking  ] GC(4653) Concurrent Mark From Roots 895.364ms
[2025-01-08T17:10:10.130+0000][161080.496s][info][gc,marking  ] GC(4653) Concurrent Preclean
[2025-01-08T17:10:10.133+0000][161080.499s][info][gc,marking  ] GC(4653) Concurrent Preclean 2.979ms
[2025-01-08T17:10:10.133+0000][161080.499s][info][gc,start    ] GC(4653) Pause Remark
[2025-01-08T17:10:10.160+0000][161080.527s][info][gc          ] GC(4653) Pause Remark 2914M->2914M(12288M) 27.251ms
[2025-01-08T17:10:10.161+0000][161080.527s][info][gc,cpu      ] GC(4653) User=0.15s Sys=0.00s Real=0.02s
[2025-01-08T17:10:10.161+0000][161080.527s][info][gc,marking  ] GC(4653) Concurrent Mark 925.978ms
[2025-01-08T17:10:10.161+0000][161080.527s][info][gc,marking  ] GC(4653) Concurrent Rebuild Remembered Sets
[2025-01-08T17:10:10.665+0000][161081.031s][info][gc,marking  ] GC(4653) Concurrent Rebuild Remembered Sets 503.926ms
[2025-01-08T17:10:10.665+0000][161081.031s][info][gc,start    ] GC(4653) Pause Cleanup
[2025-01-08T17:10:10.665+0000][161081.031s][info][gc          ] GC(4653) Pause Cleanup 3054M->3054M(12288M) 0.450ms
[2025-01-08T17:10:10.665+0000][161081.031s][info][gc,cpu      ] GC(4653) User=0.00s Sys=0.00s Real=0.00s
[2025-01-08T17:10:10.665+0000][161081.031s][info][gc,marking  ] GC(4653) Concurrent Cleanup for Next Mark
[2025-01-08T17:10:10.681+0000][161081.047s][info][gc,marking  ] GC(4653) Concurrent Cleanup for Next Mark 15.492ms
[2025-01-08T17:10:10.681+0000][161081.047s][info][gc          ] GC(4653) Concurrent Mark Cycle 1466.244ms
[2025-01-08T17:10:19.292+0000][161089.658s][info][gc,start    ] GC(4654) Pause Young (Prepare Mixed) (G1 Evacuation Pause)
[2025-01-08T17:10:19.292+0000][161089.658s][info][gc,task     ] GC(4654) Using 6 workers of 6 for evacuation
[2025-01-08T17:10:19.331+0000][161089.697s][info][gc,phases   ] GC(4654)   Pre Evacuate Collection Set: 0.2ms
[2025-01-08T17:10:19.331+0000][161089.697s][info][gc,phases   ] GC(4654)   Merge Heap Roots: 0.9ms
[2025-01-08T17:10:19.331+0000][161089.697s][info][gc,phases   ] GC(4654)   Evacuate Collection Set: 34.3ms
[2025-01-08T17:10:19.331+0000][161089.697s][info][gc,phases   ] GC(4654)   Post Evacuate Collection Set: 3.0ms
[2025-01-08T17:10:19.331+0000][161089.697s][info][gc,phases   ] GC(4654)   Other: 0.2ms
[2025-01-08T17:10:19.331+0000][161089.697s][info][gc,heap     ] GC(4654) Eden regions: 913->0(67)
[2025-01-08T17:10:19.331+0000][161089.697s][info][gc,heap     ] GC(4654) Survivor regions: 8->9(116)
[2025-01-08T17:10:19.331+0000][161089.697s][info][gc,heap     ] GC(4654) Old regions: 235->235
[2025-01-08T17:10:19.331+0000][161089.697s][info][gc,heap     ] GC(4654) Archive regions: 2->2
[2025-01-08T17:10:19.331+0000][161089.697s][info][gc,heap     ] GC(4654) Humongous regions: 49->49
[2025-01-08T17:10:19.331+0000][161089.697s][info][gc,metaspace] GC(4654) Metaspace: 506326K(515072K)->506326K(515072K) NonClass: 444767K(449088K)->444767K(449088K) Class: 61559K(65984K)->61559K(65984K)
[2025-01-08T17:10:19.331+0000][161089.697s][info][gc          ] GC(4654) Pause Young (Prepare Mixed) (G1 Evacuation Pause) 9642M->2350M(12288M) 38.703ms
[2025-01-08T17:10:19.331+0000][161089.697s][info][gc,cpu      ] GC(4654) User=0.22s Sys=0.00s Real=0.04s
[2025-01-08T17:10:20.744+0000][161091.110s][info][gc,start    ] GC(4655) Pause Young (Mixed) (G1 Evacuation Pause)
[2025-01-08T17:10:20.744+0000][161091.110s][info][gc,task     ] GC(4655) Using 6 workers of 6 for evacuation
[2025-01-08T17:10:20.804+0000][161091.171s][info][gc,phases   ] GC(4655)   Pre Evacuate Collection Set: 0.2ms
[2025-01-08T17:10:20.805+0000][161091.171s][info][gc,phases   ] GC(4655)   Merge Heap Roots: 0.7ms
[2025-01-08T17:10:20.805+0000][161091.171s][info][gc,phases   ] GC(4655)   Evacuate Collection Set: 57.5ms
[2025-01-08T17:10:20.805+0000][161091.171s][info][gc,phases   ] GC(4655)   Post Evacuate Collection Set: 1.8ms
[2025-01-08T17:10:20.805+0000][161091.171s][info][gc,phases   ] GC(4655)   Other: 0.2ms
[2025-01-08T17:10:20.805+0000][161091.171s][info][gc,heap     ] GC(4655) Eden regions: 67->0(915)
[2025-01-08T17:10:20.805+0000][161091.171s][info][gc,heap     ] GC(4655) Survivor regions: 9->6(10)
[2025-01-08T17:10:20.805+0000][161091.171s][info][gc,heap     ] GC(4655) Old regions: 235->235
[2025-01-08T17:10:20.805+0000][161091.171s][info][gc,heap     ] GC(4655) Archive regions: 2->2
[2025-01-08T17:10:20.805+0000][161091.171s][info][gc,heap     ] GC(4655) Humongous regions: 49->49
[2025-01-08T17:10:20.805+0000][161091.171s][info][gc,metaspace] GC(4655) Metaspace: 506326K(515072K)->506326K(515072K) NonClass: 444767K(449088K)->444767K(449088K) Class: 61559K(65984K)->61559K(65984K)
[2025-01-08T17:10:20.805+0000][161091.171s][info][gc          ] GC(4655) Pause Young (Mixed) (G1 Evacuation Pause) 2886M->2318M(12288M) 60.457ms
[2025-01-08T17:10:20.805+0000][161091.171s][info][gc,cpu      ] GC(4655) User=0.35s Sys=0.00s Real=0.06s
[2025-01-08T17:10:27.678+0000][161098.044s][info][gc,start    ] GC(4656) Pause Young (Normal) (G1 Evacuation Pause)
[2025-01-08T17:10:27.678+0000][161098.044s][info][gc,task     ] GC(4656) Using 6 workers of 6 for evacuation
[2025-01-08T17:10:27.706+0000][161098.072s][info][gc,phases   ] GC(4656)   Pre Evacuate Collection Set: 0.2ms
[2025-01-08T17:10:27.706+0000][161098.072s][info][gc,phases   ] GC(4656)   Merge Heap Roots: 0.5ms
[2025-01-08T17:10:27.706+0000][161098.072s][info][gc,phases   ] GC(4656)   Evacuate Collection Set: 22.0ms
[2025-01-08T17:10:27.706+0000][161098.072s][info][gc,phases   ] GC(4656)   Post Evacuate Collection Set: 5.3ms
[2025-01-08T17:10:27.706+0000][161098.072s][info][gc,phases   ] GC(4656)   Other: 0.2ms
[2025-01-08T17:10:27.706+0000][161098.072s][info][gc,heap     ] GC(4656) Eden regions: 915->0(913)
[2025-01-08T17:10:27.706+0000][161098.072s][info][gc,heap     ] GC(4656) Survivor regions: 6->8(116)
[2025-01-08T17:10:27.706+0000][161098.072s][info][gc,heap     ] GC(4656) Old regions: 235->235
[2025-01-08T17:10:27.706+0000][161098.072s][info][gc,heap     ] GC(4656) Archive regions: 2->2
[2025-01-08T17:10:27.706+0000][161098.072s][info][gc,heap     ] GC(4656) Humongous regions: 49->49
[2025-01-08T17:10:27.706+0000][161098.072s][info][gc,metaspace] GC(4656) Metaspace: 506326K(515072K)->506326K(515072K) NonClass: 444767K(449088K)->444767K(449088K) Class: 61559K(65984K)->61559K(65984K)
[2025-01-08T17:10:27.706+0000][161098.072s][info][gc          ] GC(4656) Pause Young (Normal) (G1 Evacuation Pause) 9638M->2333M(12288M) 28.227ms
[2025-01-08T17:10:27.706+0000][161098.072s][info][gc,cpu      ] GC(4656) User=0.17s Sys=0.00s Real=0.03s
[2025-01-08T17:10:33.847+0000][161104.213s][info][gc,start    ] GC(4657) Pause Young (Normal) (G1 Evacuation Pause)
[2025-01-08T17:10:33.847+0000][161104.213s][info][gc,task     ] GC(4657) Using 6 workers of 6 for evacuation
[2025-01-08T17:10:33.876+0000][161104.242s][info][gc,phases   ] GC(4657)   Pre Evacuate Collection Set: 0.2ms
[2025-01-08T17:10:33.876+0000][161104.242s][info][gc,phases   ] GC(4657)   Merge Heap Roots: 0.4ms
[2025-01-08T17:10:33.876+0000][161104.242s][info][gc,phases   ] GC(4657)   Evacuate Collection Set: 25.6ms
[2025-01-08T17:10:33.876+0000][161104.242s][info][gc,phases   ] GC(4657)   Post Evacuate Collection Set: 2.6ms
[2025-01-08T17:10:33.876+0000][161104.242s][info][gc,phases   ] GC(4657)   Other: 0.2ms
[2025-01-08T17:10:33.876+0000][161104.242s][info][gc,heap     ] GC(4657) Eden regions: 913->0(913)
[2025-01-08T17:10:33.876+0000][161104.242s][info][gc,heap     ] GC(4657) Survivor regions: 8->8(116)
[2025-01-08T17:10:33.876+0000][161104.242s][info][gc,heap     ] GC(4657) Old regions: 235->235
[2025-01-08T17:10:33.876+0000][161104.242s][info][gc,heap     ] GC(4657) Archive regions: 2->2
[2025-01-08T17:10:33.876+0000][161104.242s][info][gc,heap     ] GC(4657) Humongous regions: 49->49
[2025-01-08T17:10:33.876+0000][161104.242s][info][gc,metaspace] GC(4657) Metaspace: 506332K(515136K)->506332K(515136K) NonClass: 444773K(449152K)->444773K(449152K) Class: 61559K(65984K)->61559K(65984K)
[2025-01-08T17:10:33.876+0000][161104.242s][info][gc          ] GC(4657) Pause Young (Normal) (G1 Evacuation Pause) 9637M->2337M(12288M) 29.088ms
[2025-01-08T17:10:33.876+0000][161104.242s][info][gc,cpu      ] GC(4657) User=0.16s Sys=0.01s Real=0.03s
[2025-01-08T17:10:40.486+0000][161110.852s][info][gc,start    ] GC(4658) Pause Young (Concurrent Start) (G1 Evacuation Pause)
[2025-01-08T17:10:40.486+0000][161110.852s][info][gc,task     ] GC(4658) Using 6 workers of 6 for evacuation
[2025-01-08T17:10:40.518+0000][161110.884s][info][gc,phases   ] GC(4658)   Pre Evacuate Collection Set: 1.1ms
[2025-01-08T17:10:40.518+0000][161110.884s][info][gc,phases   ] GC(4658)   Merge Heap Roots: 0.5ms
[2025-01-08T17:10:40.518+0000][161110.884s][info][gc,phases   ] GC(4658)   Evacuate Collection Set: 26.5ms
[2025-01-08T17:10:40.518+0000][161110.884s][info][gc,phases   ] GC(4658)   Post Evacuate Collection Set: 4.0ms
[2025-01-08T17:10:40.518+0000][161110.884s][info][gc,phases   ] GC(4658)   Other: 0.3ms
[2025-01-08T17:10:40.518+0000][161110.884s][info][gc,heap     ] GC(4658) Eden regions: 913->0(912)
[2025-01-08T17:10:40.518+0000][161110.884s][info][gc,heap     ] GC(4658) Survivor regions: 8->9(116)
[2025-01-08T17:10:40.518+0000][161110.885s][info][gc,heap     ] GC(4658) Old regions: 235->235
[2025-01-08T17:10:40.518+0000][161110.885s][info][gc,heap     ] GC(4658) Archive regions: 2->2
[2025-01-08T17:10:40.518+0000][161110.885s][info][gc,heap     ] GC(4658) Humongous regions: 49->49
[2025-01-08T17:10:40.518+0000][161110.885s][info][gc,metaspace] GC(4658) Metaspace: 506332K(515136K)->506332K(515136K) NonClass: 444773K(449152K)->444773K(449152K) Class: 61559K(65984K)->61559K(65984K)
[2025-01-08T17:10:40.518+0000][161110.885s][info][gc          ] GC(4658) Pause Young (Concurrent Start) (G1 Evacuation Pause) 9641M->2346M(12288M) 32.484ms
[2025-01-08T17:10:40.518+0000][161110.885s][info][gc,cpu      ] GC(4658) User=0.18s Sys=0.00s Real=0.03s
[2025-01-08T17:10:40.519+0000][161110.885s][info][gc          ] GC(4659) Concurrent Mark Cycle
[2025-01-08T17:10:40.519+0000][161110.885s][info][gc,marking  ] GC(4659) Concurrent Clear Claimed Marks
[2025-01-08T17:10:40.519+0000][161110.886s][info][gc,marking  ] GC(4659) Concurrent Clear Claimed Marks 0.908ms
[2025-01-08T17:10:40.519+0000][161110.886s][info][gc,marking  ] GC(4659) Concurrent Scan Root Regions
[2025-01-08T17:10:40.546+0000][161110.912s][info][gc,marking  ] GC(4659) Concurrent Scan Root Regions 26.545ms
[2025-01-08T17:10:40.546+0000][161110.912s][info][gc,marking  ] GC(4659) Concurrent Mark
[2025-01-08T17:10:40.546+0000][161110.912s][info][gc,marking  ] GC(4659) Concurrent Mark From Roots
[2025-01-08T17:10:40.546+0000][161110.912s][info][gc,task     ] GC(4659) Using 2 workers of 2 for marking
[2025-01-08T17:10:41.364+0000][161111.731s][info][gc,marking  ] GC(4659) Concurrent Mark From Roots 818.387ms
[2025-01-08T17:10:41.364+0000][161111.731s][info][gc,marking  ] GC(4659) Concurrent Preclean
[2025-01-08T17:10:41.367+0000][161111.733s][info][gc,marking  ] GC(4659) Concurrent Preclean 2.759ms
[2025-01-08T17:10:41.367+0000][161111.733s][info][gc,start    ] GC(4659) Pause Remark
[2025-01-08T17:10:41.394+0000][161111.761s][info][gc          ] GC(4659) Pause Remark 3058M->3058M(12288M) 27.096ms
[2025-01-08T17:10:41.395+0000][161111.761s][info][gc,cpu      ] GC(4659) User=0.14s Sys=0.01s Real=0.03s
[2025-01-08T17:10:41.395+0000][161111.761s][info][gc,marking  ] GC(4659) Concurrent Mark 848.597ms
[2025-01-08T17:10:41.395+0000][161111.761s][info][gc,marking  ] GC(4659) Concurrent Rebuild Remembered Sets
[2025-01-08T17:10:41.962+0000][161112.328s][info][gc,marking  ] GC(4659) Concurrent Rebuild Remembered Sets 566.954ms
[2025-01-08T17:10:41.962+0000][161112.328s][info][gc,start    ] GC(4659) Pause Cleanup
[2025-01-08T17:10:41.962+0000][161112.328s][info][gc          ] GC(4659) Pause Cleanup 3634M->3634M(12288M) 0.438ms
[2025-01-08T17:10:41.962+0000][161112.328s][info][gc,cpu      ] GC(4659) User=0.00s Sys=0.00s Real=0.00s
[2025-01-08T17:10:41.962+0000][161112.328s][info][gc,marking  ] GC(4659) Concurrent Cleanup for Next Mark
[2025-01-08T17:10:41.979+0000][161112.345s][info][gc,marking  ] GC(4659) Concurrent Cleanup for Next Mark 16.141ms
[2025-01-08T17:10:41.979+0000][161112.345s][info][gc          ] GC(4659) Concurrent Mark Cycle 1460.062ms
[2025-01-08T17:10:47.895+0000][161118.261s][info][gc,start    ] GC(4660) Pause Young (Prepare Mixed) (G1 Evacuation Pause)
[2025-01-08T17:10:47.895+0000][161118.261s][info][gc,task     ] GC(4660) Using 6 workers of 6 for evacuation
[2025-01-08T17:10:47.930+0000][161118.296s][info][gc,phases   ] GC(4660)   Pre Evacuate Collection Set: 0.2ms
[2025-01-08T17:10:47.930+0000][161118.296s][info][gc,phases   ] GC(4660)   Merge Heap Roots: 0.7ms
[2025-01-08T17:10:47.930+0000][161118.296s][info][gc,phases   ] GC(4660)   Evacuate Collection Set: 31.2ms
[2025-01-08T17:10:47.930+0000][161118.296s][info][gc,phases   ] GC(4660)   Post Evacuate Collection Set: 2.6ms
[2025-01-08T17:10:47.930+0000][161118.296s][info][gc,phases   ] GC(4660)   Other: 0.2ms
[2025-01-08T17:10:47.930+0000][161118.296s][info][gc,heap     ] GC(4660) Eden regions: 912->0(66)
[2025-01-08T17:10:47.930+0000][161118.296s][info][gc,heap     ] GC(4660) Survivor regions: 9->10(116)
[2025-01-08T17:10:47.930+0000][161118.296s][info][gc,heap     ] GC(4660) Old regions: 235->235
[2025-01-08T17:10:47.930+0000][161118.296s][info][gc,heap     ] GC(4660) Archive regions: 2->2
[2025-01-08T17:10:47.930+0000][161118.296s][info][gc,heap     ] GC(4660) Humongous regions: 49->49
[2025-01-08T17:10:47.930+0000][161118.296s][info][gc,metaspace] GC(4660) Metaspace: 506332K(515136K)->506332K(515136K) NonClass: 444773K(449152K)->444773K(449152K) Class: 61559K(65984K)->61559K(65984K)
[2025-01-08T17:10:47.930+0000][161118.296s][info][gc          ] GC(4660) Pause Young (Prepare Mixed) (G1 Evacuation Pause) 9642M->2356M(12288M) 35.051ms
[2025-01-08T17:10:47.930+0000][161118.296s][info][gc,cpu      ] GC(4660) User=0.21s Sys=0.00s Real=0.04s
[2025-01-08T17:10:48.419+0000][161118.785s][info][gc,start    ] GC(4661) Pause Young (Mixed) (G1 Evacuation Pause)
[2025-01-08T17:10:48.419+0000][161118.785s][info][gc,task     ] GC(4661) Using 6 workers of 6 for evacuation
[2025-01-08T17:10:48.481+0000][161118.847s][info][gc,phases   ] GC(4661)   Pre Evacuate Collection Set: 0.2ms
[2025-01-08T17:10:48.481+0000][161118.847s][info][gc,phases   ] GC(4661)   Merge Heap Roots: 0.7ms
[2025-01-08T17:10:48.481+0000][161118.847s][info][gc,phases   ] GC(4661)   Evacuate Collection Set: 59.7ms
[2025-01-08T17:10:48.481+0000][161118.847s][info][gc,phases   ] GC(4661)   Post Evacuate Collection Set: 1.7ms
[2025-01-08T17:10:48.481+0000][161118.847s][info][gc,phases   ] GC(4661)   Other: 0.2ms
[2025-01-08T17:10:48.481+0000][161118.847s][info][gc,heap     ] GC(4661) Eden regions: 66->0(916)
[2025-01-08T17:10:48.481+0000][161118.847s][info][gc,heap     ] GC(4661) Survivor regions: 10->5(10)
[2025-01-08T17:10:48.481+0000][161118.847s][info][gc,heap     ] GC(4661) Old regions: 235->236
[2025-01-08T17:10:48.481+0000][161118.847s][info][gc,heap     ] GC(4661) Archive regions: 2->2
[2025-01-08T17:10:48.481+0000][161118.847s][info][gc,heap     ] GC(4661) Humongous regions: 49->49
[2025-01-08T17:10:48.481+0000][161118.847s][info][gc,metaspace] GC(4661) Metaspace: 506332K(515136K)->506332K(515136K) NonClass: 444773K(449152K)->444773K(449152K) Class: 61559K(65984K)->61559K(65984K)
[2025-01-08T17:10:48.481+0000][161118.847s][info][gc          ] GC(4661) Pause Young (Mixed) (G1 Evacuation Pause) 2884M->2317M(12288M) 62.525ms
[2025-01-08T17:10:48.481+0000][161118.847s][info][gc,cpu      ] GC(4661) User=0.37s Sys=0.00s Real=0.06s
[2025-01-08T17:10:54.218+0000][161124.585s][info][gc,start    ] GC(4662) Pause Young (Normal) (G1 Evacuation Pause)
[2025-01-08T17:10:54.219+0000][161124.585s][info][gc,task     ] GC(4662) Using 6 workers of 6 for evacuation
[2025-01-08T17:10:54.240+0000][161124.606s][info][gc,phases   ] GC(4662)   Pre Evacuate Collection Set: 0.2ms
[2025-01-08T17:10:54.240+0000][161124.606s][info][gc,phases   ] GC(4662)   Merge Heap Roots: 0.4ms
[2025-01-08T17:10:54.240+0000][161124.606s][info][gc,phases   ] GC(4662)   Evacuate Collection Set: 18.6ms
[2025-01-08T17:10:54.240+0000][161124.606s][info][gc,phases   ] GC(4662)   Post Evacuate Collection Set: 2.4ms
[2025-01-08T17:10:54.240+0000][161124.606s][info][gc,phases   ] GC(4662)   Other: 0.2ms
[2025-01-08T17:10:54.240+0000][161124.606s][info][gc,heap     ] GC(4662) Eden regions: 916->0(915)
[2025-01-08T17:10:54.240+0000][161124.606s][info][gc,heap     ] GC(4662) Survivor regions: 5->6(116)
[2025-01-08T17:10:54.240+0000][161124.606s][info][gc,heap     ] GC(4662) Old regions: 236->236
[2025-01-08T17:10:54.240+0000][161124.606s][info][gc,heap     ] GC(4662) Archive regions: 2->2
[2025-01-08T17:10:54.240+0000][161124.606s][info][gc,heap     ] GC(4662) Humongous regions: 49->49
[2025-01-08T17:10:54.240+0000][161124.606s][info][gc,metaspace] GC(4662) Metaspace: 506333K(515136K)->506333K(515136K) NonClass: 444773K(449152K)->444773K(449152K) Class: 61559K(65984K)->61559K(65984K)
[2025-01-08T17:10:54.240+0000][161124.606s][info][gc          ] GC(4662) Pause Young (Normal) (G1 Evacuation Pause) 9645M->2328M(12288M) 21.866ms
[2025-01-08T17:10:54.240+0000][161124.606s][info][gc,cpu      ] GC(4662) User=0.13s Sys=0.00s Real=0.02s
[2025-01-08T17:10:59.401+0000][161129.767s][info][gc,start    ] GC(4663) Pause Young (Normal) (G1 Evacuation Pause)
[2025-01-08T17:10:59.401+0000][161129.767s][info][gc,task     ] GC(4663) Using 6 workers of 6 for evacuation
[2025-01-08T17:10:59.424+0000][161129.790s][info][gc,phases   ] GC(4663)   Pre Evacuate Collection Set: 0.2ms
[2025-01-08T17:10:59.424+0000][161129.790s][info][gc,phases   ] GC(4663)   Merge Heap Roots: 0.4ms
[2025-01-08T17:10:59.424+0000][161129.790s][info][gc,phases   ] GC(4663)   Evacuate Collection Set: 19.9ms
[2025-01-08T17:10:59.424+0000][161129.790s][info][gc,phases   ] GC(4663)   Post Evacuate Collection Set: 2.4ms
[2025-01-08T17:10:59.424+0000][161129.790s][info][gc,phases   ] GC(4663)   Other: 0.2ms
[2025-01-08T17:10:59.424+0000][161129.790s][info][gc,heap     ] GC(4663) Eden regions: 915->0(914)
[2025-01-08T17:10:59.424+0000][161129.790s][info][gc,heap     ] GC(4663) Survivor regions: 6->7(116)
[2025-01-08T17:10:59.424+0000][161129.790s][info][gc,heap     ] GC(4663) Old regions: 236->236
[2025-01-08T17:10:59.424+0000][161129.790s][info][gc,heap     ] GC(4663) Archive regions: 2->2
[2025-01-08T17:10:59.424+0000][161129.790s][info][gc,heap     ] GC(4663) Humongous regions: 49->49
[2025-01-08T17:10:59.424+0000][161129.790s][info][gc,metaspace] GC(4663) Metaspace: 506333K(515136K)->506333K(515136K) NonClass: 444773K(449152K)->444773K(449152K) Class: 61559K(65984K)->61559K(65984K)
[2025-01-08T17:10:59.424+0000][161129.790s][info][gc          ] GC(4663) Pause Young (Normal) (G1 Evacuation Pause) 9648M->2331M(12288M) 23.347ms
[2025-01-08T17:10:59.424+0000][161129.790s][info][gc,cpu      ] GC(4663) User=0.13s Sys=0.01s Real=0.03s
[2025-01-08T17:11:04.103+0000][161134.469s][info][gc,start    ] GC(4664) Pause Young (Concurrent Start) (G1 Evacuation Pause)
[2025-01-08T17:11:04.103+0000][161134.469s][info][gc,task     ] GC(4664) Using 6 workers of 6 for evacuation
[2025-01-08T17:11:04.132+0000][161134.498s][info][gc,phases   ] GC(4664)   Pre Evacuate Collection Set: 1.1ms
[2025-01-08T17:11:04.132+0000][161134.499s][info][gc,phases   ] GC(4664)   Merge Heap Roots: 0.5ms
[2025-01-08T17:11:04.132+0000][161134.499s][info][gc,phases   ] GC(4664)   Evacuate Collection Set: 25.5ms
[2025-01-08T17:11:04.132+0000][161134.499s][info][gc,phases   ] GC(4664)   Post Evacuate Collection Set: 2.5ms
[2025-01-08T17:11:04.132+0000][161134.499s][info][gc,phases   ] GC(4664)   Other: 0.3ms
[2025-01-08T17:11:04.132+0000][161134.499s][info][gc,heap     ] GC(4664) Eden regions: 914->0(914)
[2025-01-08T17:11:04.132+0000][161134.499s][info][gc,heap     ] GC(4664) Survivor regions: 7->7(116)
[2025-01-08T17:11:04.132+0000][161134.499s][info][gc,heap     ] GC(4664) Old regions: 236->236
[2025-01-08T17:11:04.132+0000][161134.499s][info][gc,heap     ] GC(4664) Archive regions: 2->2
[2025-01-08T17:11:04.132+0000][161134.499s][info][gc,heap     ] GC(4664) Humongous regions: 49->49
[2025-01-08T17:11:04.132+0000][161134.499s][info][gc,metaspace] GC(4664) Metaspace: 506333K(515136K)->506333K(515136K) NonClass: 444773K(449152K)->444773K(449152K) Class: 61559K(65984K)->61559K(65984K)
[2025-01-08T17:11:04.133+0000][161134.499s][info][gc          ] GC(4664) Pause Young (Concurrent Start) (G1 Evacuation Pause) 9643M->2339M(12288M) 29.931ms
[2025-01-08T17:11:04.133+0000][161134.499s][info][gc,cpu      ] GC(4664) User=0.17s Sys=0.00s Real=0.03s
[2025-01-08T17:11:04.133+0000][161134.499s][info][gc          ] GC(4665) Concurrent Mark Cycle
[2025-01-08T17:11:04.133+0000][161134.499s][info][gc,marking  ] GC(4665) Concurrent Clear Claimed Marks
[2025-01-08T17:11:04.134+0000][161134.500s][info][gc,marking  ] GC(4665) Concurrent Clear Claimed Marks 0.995ms
[2025-01-08T17:11:04.134+0000][161134.500s][info][gc,marking  ] GC(4665) Concurrent Scan Root Regions
[2025-01-08T17:11:04.155+0000][161134.521s][info][gc,marking  ] GC(4665) Concurrent Scan Root Regions 21.247ms
[2025-01-08T17:11:04.155+0000][161134.521s][info][gc,marking  ] GC(4665) Concurrent Mark
[2025-01-08T17:11:04.155+0000][161134.521s][info][gc,marking  ] GC(4665) Concurrent Mark From Roots
[2025-01-08T17:11:04.155+0000][161134.521s][info][gc,task     ] GC(4665) Using 2 workers of 2 for marking
[2025-01-08T17:11:04.929+0000][161135.295s][info][gc,marking  ] GC(4665) Concurrent Mark From Roots 773.749ms
[2025-01-08T17:11:04.929+0000][161135.295s][info][gc,marking  ] GC(4665) Concurrent Preclean
[2025-01-08T17:11:04.932+0000][161135.298s][info][gc,marking  ] GC(4665) Concurrent Preclean 2.823ms
[2025-01-08T17:11:04.932+0000][161135.298s][info][gc,start    ] GC(4665) Pause Remark
[2025-01-08T17:11:04.959+0000][161135.325s][info][gc          ] GC(4665) Pause Remark 3404M->3404M(12288M) 26.841ms
[2025-01-08T17:11:04.959+0000][161135.325s][info][gc,cpu      ] GC(4665) User=0.15s Sys=0.00s Real=0.02s
[2025-01-08T17:11:04.959+0000][161135.325s][info][gc,marking  ] GC(4665) Concurrent Mark 803.805ms
[2025-01-08T17:11:04.959+0000][161135.325s][info][gc,marking  ] GC(4665) Concurrent Rebuild Remembered Sets
[2025-01-08T17:11:05.542+0000][161135.908s][info][gc,marking  ] GC(4665) Concurrent Rebuild Remembered Sets 583.107ms
[2025-01-08T17:11:05.542+0000][161135.908s][info][gc,start    ] GC(4665) Pause Cleanup
[2025-01-08T17:11:05.542+0000][161135.909s][info][gc          ] GC(4665) Pause Cleanup 4183M->4183M(12288M) 0.432ms
[2025-01-08T17:11:05.542+0000][161135.909s][info][gc,cpu      ] GC(4665) User=0.00s Sys=0.00s Real=0.00s
[2025-01-08T17:11:05.543+0000][161135.909s][info][gc,marking  ] GC(4665) Concurrent Cleanup for Next Mark
